 OPOSMSR

 Timestamp is 5d429ee0 (Thu Aug  1 17:12:16 2019)

 Preferred load address is 0000000180000000

 Start         Length     Name                   Class
 0001:00000000 000000c0H .text$di                CODE
 0001:000000c0 00020860H .text$mn                CODE
 0001:00020920 00000020H .text$mn$00             CODE
 0001:00020940 00000400H .text$x                 CODE
 0001:00020d40 000000c0H .text$yd                CODE
 0002:00000000 00000620H .idata$5                DATA
 0002:00000620 00000010H .00cfg                  DATA
 0002:00000630 00000008H .CRT$XCA                DATA
 0002:00000638 00000008H .CRT$XCL                DATA
 0002:00000640 00000020H .CRT$XCU                DATA
 0002:00000660 00000008H .CRT$XCZ                DATA
 0002:00000668 00000008H .CRT$XIA                DATA
 0002:00000670 00000020H .CRT$XIC                DATA
 0002:00000690 00000008H .CRT$XIZ                DATA
 0002:00000698 00000008H .CRT$XLA                DATA
 0002:000006a0 00000008H .CRT$XLZ                DATA
 0002:000006a8 00000008H .CRT$XPA                DATA
 0002:000006b0 00000010H .CRT$XPX                DATA
 0002:000006c0 00000008H .CRT$XPXA               DATA
 0002:000006c8 00000008H .CRT$XPZ                DATA
 0002:000006d0 00000008H .CRT$XTA                DATA
 0002:000006d8 00000008H .CRT$XTZ                DATA
 0002:000006e0 00000000H .gfids$y                DATA
 0002:000006e0 0000a478H .rdata                  DATA
 0002:0000ab58 00000028H .rdata$T                DATA
 0002:0000ab80 00000274H .rdata$r                DATA
 0002:0000adf4 00000404H .rdata$zzzdbg           DATA
 0002:0000b1f8 00000008H .rtc$IAA                DATA
 0002:0000b200 00000008H .rtc$IZZ                DATA
 0002:0000b208 00000008H .rtc$TAA                DATA
 0002:0000b210 00000008H .rtc$TZZ                DATA
 0002:0000b218 00000004H .tls                    DATA
 0002:0000b21c 00000004H .tls$                   DATA
 0002:0000b220 00000008H .tls$ZZZ                DATA
 0002:0000b228 00001638H .xdata                  DATA
 0002:0000c860 00000150H .xdata$x                DATA
 0002:0000c9b0 00000008H ATL$__a                 DATA
 0002:0000c9b8 00000008H ATL$__z                 DATA
 0002:0000c9c0 000000a4H .edata                  DATA
 0002:0000ca64 00000078H .idata$2                DATA
 0002:0000cadc 00000014H .idata$3                DATA
 0002:0000caf0 00000620H .idata$4                DATA
 0002:0000d110 00000c24H .idata$6                DATA
 0003:00000000 00000d98H .data                   DATA
 0003:00000d98 000000c8H .data$r                 DATA
 0003:00000e60 0000140cH .bss                    DATA
 0004:00000000 00001f20H .pdata                  DATA
 0005:00000000 00000094H _RDATA                  DATA
 0006:00000000 00000220H .rsrc$01                DATA
 0006:00000220 00005b08H .rsrc$02                DATA

  Address         Publics by Value              Rva+Base               Lib:Object

 0000:00000000       __hybrid_code_map_count    0000000000000000     <absolute>
 0000:00000000       __guard_fids_count         0000000000000000     <absolute>
 0000:00000000       __hybrid_code_map          0000000000000000     <absolute>
 0000:00000000       __guard_iat_count          0000000000000000     <absolute>
 0000:00000000       __guard_longjmp_table      0000000000000000     <absolute>
 0000:00000000       __volatile_metadata        0000000000000000     <absolute>
 0000:00000000       __guard_iat_table          0000000000000000     <absolute>
 0000:00000000       __guard_longjmp_count      0000000000000000     <absolute>
 0000:00000000       __enclave_config           0000000000000000     <absolute>
 0000:00000000       ___safe_se_handler_count   0000000000000000     <absolute>
 0000:00000000       __AbsoluteZero             0000000000000000     <absolute>
 0000:00000000       ___safe_se_handler_table   0000000000000000     <absolute>
 0000:00000000       __guard_fids_table         0000000000000000     <absolute>
 0000:00000000       __hybrid_auxiliary_iat     0000000000000000     <absolute>
 0000:00000000       __dynamic_value_reloc_table 0000000000000000     <absolute>
 0000:00000100       __guard_flags              0000000000000100     <absolute>
 0000:00000000       __ImageBase                0000000180000000     <linker-defined>
 0001:000000c0       ?DupWide@_CW@@AEAAXXZ      00000001800010c0 f   CWString.obj
 0001:000000e8       ?cw_dup@@YAXPEBDAEAHAEAPEA_W1@Z 00000001800010e8 f   CWString.obj
 0001:00000194       ?cw_memcpy@@YAHPEA_WPEBDH@Z 0000000180001194 f   CWString.obj
 0001:000001e0       ?cw_strcpy@@YAHPEA_WPEBD@Z 00000001800011e0 f   CWString.obj
 0001:000001f4       ??0CAtlComModule@ATL@@QEAA@XZ 00000001800011f4 f i OposVariant.obj
 0001:00000274       ??0CAtlWinModule@ATL@@QEAA@XZ 0000000180001274 f i OposVariant.obj
 0001:000002e0       ??0OposDispParms@@QEAA@PEAVOposVariant@@H@Z 00000001800012e0 f   OposVariant.obj
 0001:00000388       ??1OposDispParms@@QEAA@XZ  0000000180001388 f   OposVariant.obj
 0001:000003a0       ??_Estringdispid@CComTypeInfoHolder@ATL@@QEAAPEAXI@Z 00000001800013a0 f i OposVariant.obj
 0001:00000444       ?AtlWinModuleTerm@ATL@@YAJPEAU_ATL_WIN_MODULE70@1@PEAUHINSTANCE__@@@Z 0000000180001444 f i OposVariant.obj
 0001:000004f4       ?ChangeBSTR@OposVariant@@QEAAXPEAPEA_WAEAJ@Z 00000001800014f4 f   OposVariant.obj
 0001:00000554       ?ChangeLONG@OposVariant@@QEAAXPEAJAEAJ@Z 0000000180001554 f   OposVariant.obj
 0001:000005b0       ?GetLONG@OposVariant@@QEAAJXZ 00000001800015b0 f   OposVariant.obj
 0001:000005d4       ?SetBSTR@OposVariant@@QEAAXPEA_WAEAJ@Z 00000001800015d4 f   OposVariant.obj
 0001:00000614       ?SetBSTR_Copy@OposVariant@@QEAAXPEA_WAEAJ@Z 0000000180001614 f   OposVariant.obj
 0001:00000684       ?SetBSTR_InOutPtr@OposVariant@@QEAA_NPEAPEA_WAEAJ@Z 0000000180001684 f   OposVariant.obj
 0001:000006d4       ?SetBSTR_OutPtr@OposVariant@@QEAA_NPEAPEA_WAEAJ@Z 00000001800016d4 f   OposVariant.obj
 0001:000006f0       ?SetDispatch_Ptr@OposVariant@@QEAAXPEAUIDispatch@@AEAJ@Z 00000001800016f0 f   OposVariant.obj
 0001:00000748       ?SetLONG@OposVariant@@QEAAXJ@Z 0000000180001748 f   OposVariant.obj
 0001:00000778       ?SetLONG_Ptr@OposVariant@@QEAAXPEAJAEAJ@Z 0000000180001778 f   OposVariant.obj
 0001:000007c4       ?SetString@OposVariant@@QEAAXPEB_WAEAJ@Z 00000001800017c4 f   OposVariant.obj
 0001:00000828       ?SetVARIANT@OposVariant@@QEAAXAEAUtagVARIANT@@GAEAJ@Z 0000000180001828 f   OposVariant.obj
 0001:00000898       ?SetVARIANT_BOOL@OposVariant@@QEAAXF@Z 0000000180001898 f   OposVariant.obj
 0001:000008d0       ?Term@CAtlComModule@ATL@@QEAAXXZ 00000001800018d0 f i OposVariant.obj
 0001:00000940       ?_AtlInitializeCriticalSectionEx@ATL@@YAHPEAU_RTL_CRITICAL_SECTION@@KK@Z 0000000180001940 f i OposVariant.obj
 0001:00000948       ?_AtlRaiseException@ATL@@YAXKK@Z 0000000180001948 f i OposVariant.obj
 0001:00000958       ?AddRef@?$CComObjectCached@VCComClassFactory@ATL@@@ATL@@UEAAKXZ 0000000180001958 f i MSR.obj
 0001:00000984       ?Release@?$CComObjectCached@VCComClassFactory@ATL@@@ATL@@UEAAKXZ 0000000180001984 f i MSR.obj
 0001:000009c4       ?QueryInterface@?$CComObjectCached@VCComClassFactory@ATL@@@ATL@@UEAAJAEBU_GUID@@PEAPEAX@Z 00000001800019c4 f i MSR.obj
 0001:000009d8       ??_G?$CComObjectCached@VCComClassFactory@ATL@@@ATL@@UEAAPEAXI@Z 00000001800019d8 f i MSR.obj
 0001:000009d8       ??_E?$CComObjectCached@VCComClassFactory@ATL@@@ATL@@UEAAPEAXI@Z 00000001800019d8 f i MSR.obj
 0001:00000a30       ?AddRef@?$CComAggObject@VCOPOSMSR@@@ATL@@UEAAKXZ 0000000180001a30 f i MSR.obj
 0001:00000a3c       ?Release@?$CComAggObject@VCOPOSMSR@@@ATL@@UEAAKXZ 0000000180001a3c f i MSR.obj
 0001:00000a90       ?QueryInterface@?$CComAggObject@VCOPOSMSR@@@ATL@@UEAAJAEBU_GUID@@PEAPEAX@Z 0000000180001a90 f i MSR.obj
 0001:00000af0       ?AddRef@?$CComContainedObject@VCOPOSMSR@@@ATL@@UEAAKXZ 0000000180001af0 f i MSR.obj
 0001:00000b00       ?Release@?$CComContainedObject@VCOPOSMSR@@@ATL@@UEAAKXZ 0000000180001b00 f i MSR.obj
 0001:00000b10       ?QueryInterface@?$CComContainedObject@VCOPOSMSR@@@ATL@@UEAAJAEBU_GUID@@PEAPEAX@Z 0000000180001b10 f i MSR.obj
 0001:00000b20       ??_E?$CComAggObject@VCOPOSMSR@@@ATL@@UEAAPEAXI@Z 0000000180001b20 f i MSR.obj
 0001:00000b20       ??_G?$CComAggObject@VCOPOSMSR@@@ATL@@UEAAPEAXI@Z 0000000180001b20 f i MSR.obj
 0001:00000b78       ?AddRef@?$CComObject@VCOPOSMSR@@@ATL@@UEAAKXZ 0000000180001b78 f i MSR.obj
 0001:00000b88       ?Release@?$CComObject@VCOPOSMSR@@@ATL@@UEAAKXZ 0000000180001b88 f i MSR.obj
 0001:00000be0       ?QueryInterface@?$CComObject@VCOPOSMSR@@@ATL@@UEAAJAEBU_GUID@@PEAPEAX@Z 0000000180001be0 f i MSR.obj
 0001:00000bf4       ?Lock@CAtlModule@ATL@@UEAAJXZ 0000000180001bf4 f i MSR.obj
 0001:00000c04       ?Unlock@CAtlModule@ATL@@UEAAJXZ 0000000180001c04 f i MSR.obj
 0001:00000c10       ?GetLockCount@CAtlModule@ATL@@UEAAJXZ 0000000180001c10 f i MSR.obj
 0001:00000c14       ?GetGITPtr@CAtlModule@ATL@@UEAAJPEAPEAUIGlobalInterfaceTable@@@Z 0000000180001c14 f i MSR.obj
 0001:00000c84       ?AddCommonRGSReplacements@?$CAtlModuleT@VCComModule@ATL@@@ATL@@UEAAJPEAUIRegistrarBase@@@Z 0000000180001c84 f i MSR.obj
 0001:00000c9c       ?UpdateRegistryFromResourceD@CComModule@ATL@@UEAAJPEB_WHPEAU_ATL_REGMAP_ENTRY@2@@Z 0000000180001c9c f i MSR.obj
 0001:00000c9c       ?UpdateRegistryFromResourceD@CComModule@ATL@@UEAAJIHPEAU_ATL_REGMAP_ENTRY@2@@Z 0000000180001c9c f i MSR.obj
 0001:00000ca4       ?UpdateRegistryFromResource@CComModule@ATL@@UEAAJPEB_WHPEAU_ATL_REGMAP_ENTRY@2@@Z 0000000180001ca4 f i MSR.obj
 0001:00000cac       ?OnDrawAdvanced@CComControlBase@ATL@@UEAAJAEAUATL_DRAWINFO@@@Z 0000000180001cac f i MSR.obj
 0001:00000dcc       ?UpdateRegistryFromResource@CComModule@ATL@@UEAAJIHPEAU_ATL_REGMAP_ENTRY@2@@Z 0000000180001dcc f i MSR.obj
 0001:00000dd4       ??_ECComModule@ATL@@UEAAPEAXI@Z 0000000180001dd4 f i MSR.obj
 0001:00000dd4       ??_GCComModule@ATL@@UEAAPEAXI@Z 0000000180001dd4 f i MSR.obj
 0001:00000e54       ?Next@?$CComEnumImpl@UIEnumConnections@@$1?_GUID_b196b287_bab4_101a_b69c_00aa00341d07@@3U__s_GUID@@BUtagCONNECTDATA@@V?$_Copy@UtagCONNECTDATA@@@ATL@@@ATL@@UEAAJKPEAUtagCONNECTDATA@@PEAK@Z 0000000180001e54 f i MSR.obj
 0001:00000f28       ?Skip@?$CComEnumImpl@UIEnumConnections@@$1?_GUID_b196b287_bab4_101a_b69c_00aa00341d07@@3U__s_GUID@@BUtagCONNECTDATA@@V?$_Copy@UtagCONNECTDATA@@@ATL@@@ATL@@UEAAJK@Z 0000000180001f28 f i MSR.obj
 0001:00000f54       ?Reset@?$CComEnumImpl@UIEnumConnections@@$1?_GUID_b196b287_bab4_101a_b69c_00aa00341d07@@3U__s_GUID@@BUtagCONNECTDATA@@V?$_Copy@UtagCONNECTDATA@@@ATL@@@ATL@@UEAAJXZ 0000000180001f54 f i MSR.obj
 0001:00000f54       ?Reset@?$CComEnumImpl@UIEnumConnectionPoints@@$1?_GUID_b196b285_bab4_101a_b69c_00aa00341d07@@3U__s_GUID@@BPEAUIConnectionPoint@@V?$_CopyInterface@UIConnectionPoint@@@ATL@@@ATL@@UEAAJXZ 0000000180001f54 f i MSR.obj
 0001:00000f60       ?Clone@?$CComEnumImpl@UIEnumConnections@@$1?_GUID_b196b287_bab4_101a_b69c_00aa00341d07@@3U__s_GUID@@BUtagCONNECTDATA@@V?$_Copy@UtagCONNECTDATA@@@ATL@@@ATL@@UEAAJPEAPEAUIEnumConnections@@@Z 0000000180001f60 f i MSR.obj
 0001:0000108c       ?AddRef@?$CComObject@V?$CComEnum@UIEnumConnectionPoints@@$1?_GUID_b196b285_bab4_101a_b69c_00aa00341d07@@3U__s_GUID@@BPEAUIConnectionPoint@@V?$_CopyInterface@UIConnectionPoint@@@ATL@@VCComSingleThreadModel@6@@ATL@@@ATL@@UEAAKXZ 000000018000208c f i MSR.obj
 0001:0000108c       ?AddRef@?$CComObject@V?$CComEnum@UIEnumConnections@@$1?_GUID_b196b287_bab4_101a_b69c_00aa00341d07@@3U__s_GUID@@BUtagCONNECTDATA@@V?$_Copy@UtagCONNECTDATA@@@ATL@@VCComSingleThreadModel@6@@ATL@@@ATL@@UEAAKXZ 000000018000208c f i MSR.obj
 0001:00001098       ?Release@?$CComObject@V?$CComEnum@UIEnumConnections@@$1?_GUID_b196b287_bab4_101a_b69c_00aa00341d07@@3U__s_GUID@@BUtagCONNECTDATA@@V?$_Copy@UtagCONNECTDATA@@@ATL@@VCComSingleThreadModel@6@@ATL@@@ATL@@UEAAKXZ 0000000180002098 f i MSR.obj
 0001:00001098       ?Release@?$CComObject@V?$CComEnum@UIEnumConnectionPoints@@$1?_GUID_b196b285_bab4_101a_b69c_00aa00341d07@@3U__s_GUID@@BPEAUIConnectionPoint@@V?$_CopyInterface@UIConnectionPoint@@@ATL@@VCComSingleThreadModel@6@@ATL@@@ATL@@UEAAKXZ 0000000180002098 f i MSR.obj
 0001:000010ec       ?QueryInterface@?$CComObject@V?$CComEnum@UIEnumConnections@@$1?_GUID_b196b287_bab4_101a_b69c_00aa00341d07@@3U__s_GUID@@BUtagCONNECTDATA@@V?$_Copy@UtagCONNECTDATA@@@ATL@@VCComSingleThreadModel@6@@ATL@@@ATL@@UEAAJAEBU_GUID@@PEAPEAX@Z 00000001800020ec f i MSR.obj
 0001:00001100       ??_G?$CComObject@V?$CComEnum@UIEnumConnections@@$1?_GUID_b196b287_bab4_101a_b69c_00aa00341d07@@3U__s_GUID@@BUtagCONNECTDATA@@V?$_Copy@UtagCONNECTDATA@@@ATL@@VCComSingleThreadModel@6@@ATL@@@ATL@@UEAAPEAXI@Z 0000000180002100 f i MSR.obj
 0001:00001100       ??_E?$CComObject@V?$CComEnum@UIEnumConnections@@$1?_GUID_b196b287_bab4_101a_b69c_00aa00341d07@@3U__s_GUID@@BUtagCONNECTDATA@@V?$_Copy@UtagCONNECTDATA@@@ATL@@VCComSingleThreadModel@6@@ATL@@@ATL@@UEAAPEAXI@Z 0000000180002100 f i MSR.obj
 0001:00001158       ?InitFromData@?$IOleObjectImpl@VCOPOSMSR@@@ATL@@UEAAJPEAUIDataObject@@HK@Z 0000000180002158 f i MSR.obj
 0001:00001158       ?SetColorScheme@?$IOleObjectImpl@VCOPOSMSR@@@ATL@@UEAAJPEAUtagLOGPALETTE@@@Z 0000000180002158 f i MSR.obj
 0001:00001158       ?QueryInterface@CRegObject@ATL@@UEAAJAEBU_GUID@@PEAPEAX@Z 0000000180002158 f i MSR.obj
 0001:00001158       ?ContextSensitiveHelp@?$IOleInPlaceObjectWindowlessImpl@VCOPOSMSR@@@ATL@@UEAAJH@Z 0000000180002158 f i MSR.obj
 0001:00001158       ?Unfreeze@?$IViewObjectExImpl@VCOPOSMSR@@@ATL@@UEAAJK@Z 0000000180002158 f i MSR.obj
 0001:00001158       ?GetRect@?$IViewObjectExImpl@VCOPOSMSR@@@ATL@@UEAAJKPEAU_RECTL@@@Z 0000000180002158 f i MSR.obj
 0001:00001158       ?SetData@?$IDataObjectImpl@VCOPOSMSR@@@ATL@@UEAAJPEAUtagFORMATETC@@PEAUtagSTGMEDIUM@@H@Z 0000000180002158 f i MSR.obj
 0001:00001158       ?EnumFormatEtc@?$IDataObjectImpl@VCOPOSMSR@@@ATL@@UEAAJKPEAPEAUIEnumFORMATETC@@@Z 0000000180002158 f i MSR.obj
 0001:00001158       ?GetClipboardData@?$IOleObjectImpl@VCOPOSMSR@@@ATL@@UEAAJKPEAPEAUIDataObject@@@Z 0000000180002158 f i MSR.obj
 0001:00001158       ?GetControlInfo@?$IOleControlImpl@VCOPOSMSR@@@ATL@@UEAAJPEAUtagCONTROLINFO@@@Z 0000000180002158 f i MSR.obj
 0001:00001158       ?GetDropTarget@?$IOleInPlaceObjectWindowlessImpl@VCOPOSMSR@@@ATL@@UEAAJPEAPEAUIDropTarget@@@Z 0000000180002158 f i MSR.obj
 0001:00001158       ?SOOutputCompleteDummy@COPOSMSR@@MEAAJJ@Z 0000000180002158 f i MSR.obj
 0001:00001158       ?GetCanonicalFormatEtc@?$IDataObjectImpl@VCOPOSMSR@@@ATL@@UEAAJPEAUtagFORMATETC@@0@Z 0000000180002158 f i MSR.obj
 0001:00001158       ?Freeze@?$IViewObjectExImpl@VCOPOSMSR@@@ATL@@UEAAJKJPEAXPEAK@Z 0000000180002158 f i MSR.obj
 0001:00001158       ?GetDataHere@?$IDataObjectImpl@VCOPOSMSR@@@ATL@@UEAAJPEAUtagFORMATETC@@PEAUtagSTGMEDIUM@@@Z 0000000180002158 f i MSR.obj
 0001:00001158       ?OnMnemonic@?$IOleControlImpl@VCOPOSMSR@@@ATL@@UEAAJPEAUtagMSG@@@Z 0000000180002158 f i MSR.obj
 0001:00001158       ?ReactivateAndUndo@?$IOleInPlaceObjectWindowlessImpl@VCOPOSMSR@@@ATL@@UEAAJXZ 0000000180002158 f i MSR.obj
 0001:00001158       ?GetColorSet@?$IViewObjectExImpl@VCOPOSMSR@@@ATL@@UEAAJKJPEAXPEAUtagDVTARGETDEVICE@@PEAUHDC__@@PEAPEAUtagLOGPALETTE@@@Z 0000000180002158 f i MSR.obj
 0001:00001158       ?GetMoniker@?$IOleObjectImpl@VCOPOSMSR@@@ATL@@UEAAJKKPEAPEAUIMoniker@@@Z 0000000180002158 f i MSR.obj
 0001:00001158       ?ContextSensitiveHelp@?$IOleInPlaceActiveObjectImpl@VCOPOSMSR@@@ATL@@UEAAJH@Z 0000000180002158 f i MSR.obj
 0001:00001158       ?SetMoniker@?$IOleObjectImpl@VCOPOSMSR@@@ATL@@UEAAJKPEAUIMoniker@@@Z 0000000180002158 f i MSR.obj
 0001:00001158       ?QueryGetData@?$IDataObjectImpl@VCOPOSMSR@@@ATL@@UEAAJPEAUtagFORMATETC@@@Z 0000000180002158 f i MSR.obj
 0001:00001160       ?FAccessAllowed@?$IObjectSafetyImpl@VCOPOSMSR@@$02@ATL@@MEAAHXZ 0000000180002160 f i MSR.obj
 0001:00001160       _get_startup_argv_mode     0000000180002160 f i LIBCMT:argv_mode.obj
 0001:00001160       ?AddRef@CRegObject@ATL@@UEAAKXZ 0000000180002160 f i MSR.obj
 0001:00001168       ?ResizeBorder@?$IOleInPlaceActiveObjectImpl@VCOPOSMSR@@@ATL@@UEAAJPEBUtagRECT@@PEAUIOleInPlaceUIWindow@@H@Z 0000000180002168 f i MSR.obj
 0001:00001168       ?Update@?$IOleObjectImpl@VCOPOSMSR@@@ATL@@UEAAJXZ 0000000180002168 f i MSR.obj
 0001:00001168       ?OnFrameWindowActivate@?$IOleInPlaceActiveObjectImpl@VCOPOSMSR@@@ATL@@UEAAJH@Z 0000000180002168 f i MSR.obj
 0001:00001168       ?EnableModeless@?$IOleInPlaceActiveObjectImpl@VCOPOSMSR@@@ATL@@UEAAJH@Z 0000000180002168 f i MSR.obj
 0001:00001168       ?GetCategoryMap@CComObjectRootBase@ATL@@SAPEBU_ATL_CATMAP_ENTRY@2@XZ 0000000180002168 f i MSR.obj
 0001:00001168       ?SaveCompleted@?$IPersistStorageImpl@VCOPOSMSR@@@ATL@@UEAAJPEAUIStorage@@@Z 0000000180002168 f i MSR.obj
 0001:00001168       ?HandsOffStorage@?$IPersistStorageImpl@VCOPOSMSR@@@ATL@@UEAAJXZ 0000000180002168 f i MSR.obj
 0001:00001168       ?GetObjectDescription@?$CComCoClass@VCOPOSMSR@@$1?CLSID_OPOSMSR@@3U_GUID@@B@ATL@@SAPEB_WXZ 0000000180002168 f i MSR.obj
 0001:00001168       ?IsUpToDate@?$IOleObjectImpl@VCOPOSMSR@@@ATL@@UEAAJXZ 0000000180002168 f i MSR.obj
 0001:00001168       ?SetHostNames@?$IOleObjectImpl@VCOPOSMSR@@@ATL@@UEAAJPEB_W0@Z 0000000180002168 f i MSR.obj
 0001:00001168       ?Release@CRegObject@ATL@@UEAAKXZ 0000000180002168 f i MSR.obj
 0001:00001168       ?OnAmbientPropertyChange@?$IOleControlImpl@VCOPOSMSR@@@ATL@@UEAAJJ@Z 0000000180002168 f i MSR.obj
 0001:0000116c       ?AddReplacement@CRegObject@ATL@@UEAAJPEB_W0@Z 000000018000216c f i MSR.obj
 0001:0000119c       ?ClearReplacements@CRegObject@ATL@@UEAAJXZ 000000018000219c f i MSR.obj
 0001:000011a8       ??_ECRegObject@ATL@@UEAAPEAXI@Z 00000001800021a8 f i MSR.obj
 0001:000011a8       ??_GCRegObject@ATL@@UEAAPEAXI@Z 00000001800021a8 f i MSR.obj
 0001:00001228       ??_E?$CComObject@VCOPOSMSR@@@ATL@@W7EAAPEAXI@Z 0000000180002228 f i MSR.obj
 0001:00001234       ??_E?$CComObject@VCOPOSMSR@@@ATL@@WHA@EAAPEAXI@Z 0000000180002234 f i MSR.obj
 0001:00001240       ?QueryInterface@?$CComObject@VCOPOSMSR@@@ATL@@WLI@EAAJAEBU_GUID@@PEAPEAX@Z 0000000180002240 f i MSR.obj
 0001:0000124c       ?AddRef@?$CComObject@VCOPOSMSR@@@ATL@@WLI@EAAKXZ 000000018000224c f i MSR.obj
 0001:00001258       ?Release@?$CComObject@VCOPOSMSR@@@ATL@@WLI@EAAKXZ 0000000180002258 f i MSR.obj
 0001:00001264       ?QueryInterface@?$CComObject@VCOPOSMSR@@@ATL@@WMA@EAAJAEBU_GUID@@PEAPEAX@Z 0000000180002264 f i MSR.obj
 0001:00001270       ?AddRef@?$CComObject@VCOPOSMSR@@@ATL@@WMA@EAAKXZ 0000000180002270 f i MSR.obj
 0001:0000127c       ?Release@?$CComObject@VCOPOSMSR@@@ATL@@WMA@EAAKXZ 000000018000227c f i MSR.obj
 0001:00001288       ?QueryInterface@?$CComObject@VCOPOSMSR@@@ATL@@WMI@EAAJAEBU_GUID@@PEAPEAX@Z 0000000180002288 f i MSR.obj
 0001:00001294       ?AddRef@?$CComObject@VCOPOSMSR@@@ATL@@WMI@EAAKXZ 0000000180002294 f i MSR.obj
 0001:000012a0       ?Release@?$CComObject@VCOPOSMSR@@@ATL@@WMI@EAAKXZ 00000001800022a0 f i MSR.obj
 0001:000012ac       ?QueryInterface@?$CComObject@VCOPOSMSR@@@ATL@@WNA@EAAJAEBU_GUID@@PEAPEAX@Z 00000001800022ac f i MSR.obj
 0001:000012b8       ?AddRef@?$CComObject@VCOPOSMSR@@@ATL@@WNA@EAAKXZ 00000001800022b8 f i MSR.obj
 0001:000012c4       ?Release@?$CComObject@VCOPOSMSR@@@ATL@@WNA@EAAKXZ 00000001800022c4 f i MSR.obj
 0001:000012d0       ?QueryInterface@?$CComObject@VCOPOSMSR@@@ATL@@WNI@EAAJAEBU_GUID@@PEAPEAX@Z 00000001800022d0 f i MSR.obj
 0001:000012dc       ?AddRef@?$CComObject@VCOPOSMSR@@@ATL@@WNI@EAAKXZ 00000001800022dc f i MSR.obj
 0001:000012e8       ?Release@?$CComObject@VCOPOSMSR@@@ATL@@WNI@EAAKXZ 00000001800022e8 f i MSR.obj
 0001:000012f4       ?QueryInterface@?$CComObject@VCOPOSMSR@@@ATL@@WOA@EAAJAEBU_GUID@@PEAPEAX@Z 00000001800022f4 f i MSR.obj
 0001:00001300       ?AddRef@?$CComObject@VCOPOSMSR@@@ATL@@WOA@EAAKXZ 0000000180002300 f i MSR.obj
 0001:0000130c       ?Release@?$CComObject@VCOPOSMSR@@@ATL@@WOA@EAAKXZ 000000018000230c f i MSR.obj
 0001:00001318       ?QueryInterface@?$CComObject@VCOPOSMSR@@@ATL@@WOI@EAAJAEBU_GUID@@PEAPEAX@Z 0000000180002318 f i MSR.obj
 0001:00001324       ?AddRef@?$CComObject@VCOPOSMSR@@@ATL@@WOI@EAAKXZ 0000000180002324 f i MSR.obj
 0001:00001330       ?Release@?$CComObject@VCOPOSMSR@@@ATL@@WOI@EAAKXZ 0000000180002330 f i MSR.obj
 0001:0000133c       ?QueryInterface@?$CComObject@VCOPOSMSR@@@ATL@@WPA@EAAJAEBU_GUID@@PEAPEAX@Z 000000018000233c f i MSR.obj
 0001:00001348       ?AddRef@?$CComObject@VCOPOSMSR@@@ATL@@WPA@EAAKXZ 0000000180002348 f i MSR.obj
 0001:00001354       ?Release@?$CComObject@VCOPOSMSR@@@ATL@@WPA@EAAKXZ 0000000180002354 f i MSR.obj
 0001:00001360       ?QueryInterface@?$CComObject@VCOPOSMSR@@@ATL@@WPI@EAAJAEBU_GUID@@PEAPEAX@Z 0000000180002360 f i MSR.obj
 0001:0000136c       ?AddRef@?$CComObject@VCOPOSMSR@@@ATL@@WPI@EAAKXZ 000000018000236c f i MSR.obj
 0001:00001378       ?Release@?$CComObject@VCOPOSMSR@@@ATL@@WPI@EAAKXZ 0000000180002378 f i MSR.obj
 0001:00001384       ?QueryInterface@?$CComObject@VCOPOSMSR@@@ATL@@WBAA@EAAJAEBU_GUID@@PEAPEAX@Z 0000000180002384 f i MSR.obj
 0001:00001390       ?AddRef@?$CComObject@VCOPOSMSR@@@ATL@@WBAA@EAAKXZ 0000000180002390 f i MSR.obj
 0001:0000139c       ?Release@?$CComObject@VCOPOSMSR@@@ATL@@WBAA@EAAKXZ 000000018000239c f i MSR.obj
 0001:000013a8       ?QueryInterface@?$CComObject@VCOPOSMSR@@@ATL@@WBAI@EAAJAEBU_GUID@@PEAPEAX@Z 00000001800023a8 f i MSR.obj
 0001:000013b4       ?AddRef@?$CComObject@VCOPOSMSR@@@ATL@@WBAI@EAAKXZ 00000001800023b4 f i MSR.obj
 0001:000013c0       ?Release@?$CComObject@VCOPOSMSR@@@ATL@@WBAI@EAAKXZ 00000001800023c0 f i MSR.obj
 0001:000013cc       ?QueryInterface@?$CComObject@VCOPOSMSR@@@ATL@@WBBA@EAAJAEBU_GUID@@PEAPEAX@Z 00000001800023cc f i MSR.obj
 0001:000013d8       ?AddRef@?$CComObject@VCOPOSMSR@@@ATL@@WBBA@EAAKXZ 00000001800023d8 f i MSR.obj
 0001:000013e4       ?Release@?$CComObject@VCOPOSMSR@@@ATL@@WBBA@EAAKXZ 00000001800023e4 f i MSR.obj
 0001:000013f0       ?QueryInterface@?$CComObject@VCOPOSMSR@@@ATL@@WBBI@EAAJAEBU_GUID@@PEAPEAX@Z 00000001800023f0 f i MSR.obj
 0001:000013fc       ?AddRef@?$CComObject@VCOPOSMSR@@@ATL@@WBBI@EAAKXZ 00000001800023fc f i MSR.obj
 0001:00001408       ?Release@?$CComObject@VCOPOSMSR@@@ATL@@WBBI@EAAKXZ 0000000180002408 f i MSR.obj
 0001:00001414       ?AddRef@?$CComObject@VCOPOSMSR@@@ATL@@WBCI@EAAKXZ 0000000180002414 f i MSR.obj
 0001:00001420       ?Release@?$CComObject@VCOPOSMSR@@@ATL@@WBCI@EAAKXZ 0000000180002420 f i MSR.obj
 0001:0000142c       ?AddRef@?$CComObject@VCOPOSMSR@@@ATL@@WBEA@EAAKXZ 000000018000242c f i MSR.obj
 0001:00001438       ?Release@?$CComObject@VCOPOSMSR@@@ATL@@WBEA@EAAKXZ 0000000180002438 f i MSR.obj
 0001:00001444       ??_E?$CComContainedObject@VCOPOSMSR@@@ATL@@W7EAAPEAXI@Z 0000000180002444 f i MSR.obj
 0001:00001450       ??_E?$CComContainedObject@VCOPOSMSR@@@ATL@@WHA@EAAPEAXI@Z 0000000180002450 f i MSR.obj
 0001:0000145c       ?QueryInterface@?$CComContainedObject@VCOPOSMSR@@@ATL@@WLI@EAAJAEBU_GUID@@PEAPEAX@Z 000000018000245c f i MSR.obj
 0001:00001468       ?AddRef@?$CComContainedObject@VCOPOSMSR@@@ATL@@WLI@EAAKXZ 0000000180002468 f i MSR.obj
 0001:00001474       ?Release@?$CComContainedObject@VCOPOSMSR@@@ATL@@WLI@EAAKXZ 0000000180002474 f i MSR.obj
 0001:00001480       ?QueryInterface@?$CComContainedObject@VCOPOSMSR@@@ATL@@WMA@EAAJAEBU_GUID@@PEAPEAX@Z 0000000180002480 f i MSR.obj
 0001:0000148c       ?AddRef@?$CComContainedObject@VCOPOSMSR@@@ATL@@WMA@EAAKXZ 000000018000248c f i MSR.obj
 0001:00001498       ?Release@?$CComContainedObject@VCOPOSMSR@@@ATL@@WMA@EAAKXZ 0000000180002498 f i MSR.obj
 0001:000014a4       ?QueryInterface@?$CComContainedObject@VCOPOSMSR@@@ATL@@WMI@EAAJAEBU_GUID@@PEAPEAX@Z 00000001800024a4 f i MSR.obj
 0001:000014b0       ?AddRef@?$CComContainedObject@VCOPOSMSR@@@ATL@@WMI@EAAKXZ 00000001800024b0 f i MSR.obj
 0001:000014bc       ?Release@?$CComContainedObject@VCOPOSMSR@@@ATL@@WMI@EAAKXZ 00000001800024bc f i MSR.obj
 0001:000014c8       ?QueryInterface@?$CComContainedObject@VCOPOSMSR@@@ATL@@WNA@EAAJAEBU_GUID@@PEAPEAX@Z 00000001800024c8 f i MSR.obj
 0001:000014d4       ?AddRef@?$CComContainedObject@VCOPOSMSR@@@ATL@@WNA@EAAKXZ 00000001800024d4 f i MSR.obj
 0001:000014e0       ?Release@?$CComContainedObject@VCOPOSMSR@@@ATL@@WNA@EAAKXZ 00000001800024e0 f i MSR.obj
 0001:000014ec       ?QueryInterface@?$CComContainedObject@VCOPOSMSR@@@ATL@@WNI@EAAJAEBU_GUID@@PEAPEAX@Z 00000001800024ec f i MSR.obj
 0001:000014f8       ?AddRef@?$CComContainedObject@VCOPOSMSR@@@ATL@@WNI@EAAKXZ 00000001800024f8 f i MSR.obj
 0001:00001504       ?Release@?$CComContainedObject@VCOPOSMSR@@@ATL@@WNI@EAAKXZ 0000000180002504 f i MSR.obj
 0001:00001510       ?QueryInterface@?$CComContainedObject@VCOPOSMSR@@@ATL@@WOA@EAAJAEBU_GUID@@PEAPEAX@Z 0000000180002510 f i MSR.obj
 0001:0000151c       ?AddRef@?$CComContainedObject@VCOPOSMSR@@@ATL@@WOA@EAAKXZ 000000018000251c f i MSR.obj
 0001:00001528       ?Release@?$CComContainedObject@VCOPOSMSR@@@ATL@@WOA@EAAKXZ 0000000180002528 f i MSR.obj
 0001:00001534       ?QueryInterface@?$CComContainedObject@VCOPOSMSR@@@ATL@@WOI@EAAJAEBU_GUID@@PEAPEAX@Z 0000000180002534 f i MSR.obj
 0001:00001540       ?AddRef@?$CComContainedObject@VCOPOSMSR@@@ATL@@WOI@EAAKXZ 0000000180002540 f i MSR.obj
 0001:0000154c       ?Release@?$CComContainedObject@VCOPOSMSR@@@ATL@@WOI@EAAKXZ 000000018000254c f i MSR.obj
 0001:00001558       ?QueryInterface@?$CComContainedObject@VCOPOSMSR@@@ATL@@WPA@EAAJAEBU_GUID@@PEAPEAX@Z 0000000180002558 f i MSR.obj
 0001:00001564       ?AddRef@?$CComContainedObject@VCOPOSMSR@@@ATL@@WPA@EAAKXZ 0000000180002564 f i MSR.obj
 0001:00001570       ?Release@?$CComContainedObject@VCOPOSMSR@@@ATL@@WPA@EAAKXZ 0000000180002570 f i MSR.obj
 0001:0000157c       ?QueryInterface@?$CComContainedObject@VCOPOSMSR@@@ATL@@WPI@EAAJAEBU_GUID@@PEAPEAX@Z 000000018000257c f i MSR.obj
 0001:00001588       ?AddRef@?$CComContainedObject@VCOPOSMSR@@@ATL@@WPI@EAAKXZ 0000000180002588 f i MSR.obj
 0001:00001594       ?Release@?$CComContainedObject@VCOPOSMSR@@@ATL@@WPI@EAAKXZ 0000000180002594 f i MSR.obj
 0001:000015a0       ?QueryInterface@?$CComContainedObject@VCOPOSMSR@@@ATL@@WBAA@EAAJAEBU_GUID@@PEAPEAX@Z 00000001800025a0 f i MSR.obj
 0001:000015ac       ?AddRef@?$CComContainedObject@VCOPOSMSR@@@ATL@@WBAA@EAAKXZ 00000001800025ac f i MSR.obj
 0001:000015b8       ?Release@?$CComContainedObject@VCOPOSMSR@@@ATL@@WBAA@EAAKXZ 00000001800025b8 f i MSR.obj
 0001:000015c4       ?QueryInterface@?$CComContainedObject@VCOPOSMSR@@@ATL@@WBAI@EAAJAEBU_GUID@@PEAPEAX@Z 00000001800025c4 f i MSR.obj
 0001:000015d0       ?AddRef@?$CComContainedObject@VCOPOSMSR@@@ATL@@WBAI@EAAKXZ 00000001800025d0 f i MSR.obj
 0001:000015dc       ?Release@?$CComContainedObject@VCOPOSMSR@@@ATL@@WBAI@EAAKXZ 00000001800025dc f i MSR.obj
 0001:000015e8       ?QueryInterface@?$CComContainedObject@VCOPOSMSR@@@ATL@@WBBA@EAAJAEBU_GUID@@PEAPEAX@Z 00000001800025e8 f i MSR.obj
 0001:000015f4       ?AddRef@?$CComContainedObject@VCOPOSMSR@@@ATL@@WBBA@EAAKXZ 00000001800025f4 f i MSR.obj
 0001:00001600       ?Release@?$CComContainedObject@VCOPOSMSR@@@ATL@@WBBA@EAAKXZ 0000000180002600 f i MSR.obj
 0001:0000160c       ?QueryInterface@?$CComContainedObject@VCOPOSMSR@@@ATL@@WBBI@EAAJAEBU_GUID@@PEAPEAX@Z 000000018000260c f i MSR.obj
 0001:00001618       ?AddRef@?$CComContainedObject@VCOPOSMSR@@@ATL@@WBBI@EAAKXZ 0000000180002618 f i MSR.obj
 0001:00001624       ?Release@?$CComContainedObject@VCOPOSMSR@@@ATL@@WBBI@EAAKXZ 0000000180002624 f i MSR.obj
 0001:00001630       ?AddRef@?$CComContainedObject@VCOPOSMSR@@@ATL@@WBCI@EAAKXZ 0000000180002630 f i MSR.obj
 0001:0000163c       ?Release@?$CComContainedObject@VCOPOSMSR@@@ATL@@WBCI@EAAKXZ 000000018000263c f i MSR.obj
 0001:00001648       ?AddRef@?$CComContainedObject@VCOPOSMSR@@@ATL@@WBEA@EAAKXZ 0000000180002648 f i MSR.obj
 0001:00001654       ?Release@?$CComContainedObject@VCOPOSMSR@@@ATL@@WBEA@EAAKXZ 0000000180002654 f i MSR.obj
 0001:00001660       ?GetWindowProc@?$CWindowImplBaseT@VCWindow@ATL@@V?$CWinTraits@$0FGAAAAAA@$0A@@2@@ATL@@UEAAP6A_JPEAUHWND__@@I_K_J@ZXZ 0000000180002660 f i MSR.obj
 0001:00001668       ?StartWindowProc@?$CWindowImplBaseT@VCWindow@ATL@@V?$CWinTraits@$0FGAAAAAA@$0A@@2@@ATL@@SA_JPEAUHWND__@@I_K_J@Z 0000000180002668 f i MSR.obj
 0001:0000172c       ?ObjectMain@CComObjectRootBase@ATL@@SAX_N@Z 000000018000272c f i MSR.obj
 0001:0000172c       ?OnFinalMessage@?$CWindowImplBaseT@VCWindow@ATL@@V?$CWinTraits@$0FGAAAAAA@$0A@@2@@ATL@@UEAAXPEAUHWND__@@@Z 000000018000272c f i MSR.obj
 0001:0000172c       _guard_check_icall_nop     000000018000272c f i LIBCMT:guard_support.obj
 0001:00001730       ?GetTypeInfoCount@?$IDispatchImpl@UIOPOSMSR@@$1?IID_IOPOSMSR@@3U_GUID@@B$1?LIBID_OposMSR_CCO@@3U3@B$00$0A@VCComTypeInfoHolder@ATL@@@ATL@@UEAAJPEAI@Z 0000000180002730 f i MSR.obj
 0001:00001744       ?GetTypeInfo@?$IDispatchImpl@UIOPOSMSR@@$1?IID_IOPOSMSR@@3U_GUID@@B$1?LIBID_OposMSR_CCO@@3U3@B$00$0A@VCComTypeInfoHolder@ATL@@@ATL@@UEAAJIKPEAPEAUITypeInfo@@@Z 0000000180002744 f i MSR.obj
 0001:000017a8       ?GetIDsOfNames@?$IDispatchImpl@UIOPOSMSR@@$1?IID_IOPOSMSR@@3U_GUID@@B$1?LIBID_OposMSR_CCO@@3U3@B$00$0A@VCComTypeInfoHolder@ATL@@@ATL@@UEAAJAEBU_GUID@@PEAPEA_WIKPEAJ@Z 00000001800027a8 f i MSR.obj
 0001:000017b4       ?Invoke@?$IDispatchImpl@UIOPOSMSR@@$1?IID_IOPOSMSR@@3U_GUID@@B$1?LIBID_OposMSR_CCO@@3U3@B$00$0A@VCComTypeInfoHolder@ATL@@@ATL@@UEAAJJAEBU_GUID@@KGPEAUtagDISPPARAMS@@PEAUtagVARIANT@@PEAUtagEXCEPINFO@@PEAI@Z 00000001800027b4 f i MSR.obj
 0001:00001844       ?CreateControlWindow@?$CComControl@VCOPOSMSR@@V?$CWindowImpl@VCOPOSMSR@@VCWindow@ATL@@V?$CWinTraits@$0FGAAAAAA@$0A@@3@@ATL@@@ATL@@UEAAPEAUHWND__@@PEAU3@AEAUtagRECT@@@Z 0000000180002844 f i MSR.obj
 0001:0000187c       ?ControlQueryInterface@?$CComControl@VCOPOSMSR@@V?$CWindowImpl@VCOPOSMSR@@VCWindow@ATL@@V?$CWinTraits@$0FGAAAAAA@$0A@@3@@ATL@@@ATL@@UEAAJAEBU_GUID@@PEAPEAX@Z 000000018000287c f i MSR.obj
 0001:00001890       ?GetUserClassID@?$IOleObjectImpl@VCOPOSMSR@@@ATL@@UEAAJPEAU_GUID@@@Z 0000000180002890 f i MSR.obj
 0001:00001890       ?GetClassID@?$IPersistStorageImpl@VCOPOSMSR@@@ATL@@UEAAJPEAU_GUID@@@Z 0000000180002890 f i MSR.obj
 0001:00001890       ?GetClassID@?$IPersistStreamInitImpl@VCOPOSMSR@@@ATL@@UEAAJPEAU_GUID@@@Z 0000000180002890 f i MSR.obj
 0001:000018ac       ?IsDirty@?$IPersistStreamInitImpl@VCOPOSMSR@@@ATL@@UEAAJXZ 00000001800028ac f i MSR.obj
 0001:000018c8       ?Load@?$IPersistStreamInitImpl@VCOPOSMSR@@@ATL@@UEAAJPEAUIStream@@@Z 00000001800028c8 f i MSR.obj
 0001:00001918       ?Save@?$IPersistStreamInitImpl@VCOPOSMSR@@@ATL@@UEAAJPEAUIStream@@H@Z 0000000180002918 f i MSR.obj
 0001:0000197c       ?GetSizeMax@?$IPersistStreamInitImpl@VCOPOSMSR@@@ATL@@UEAAJPEAT_ULARGE_INTEGER@@@Z 000000018000297c f i MSR.obj
 0001:00001ba8       ?InitNew@?$IPersistStreamInitImpl@VCOPOSMSR@@@ATL@@UEAAJXZ 0000000180002ba8 f i MSR.obj
 0001:00001bc0       ?SetClientSite@?$IOleObjectImpl@VCOPOSMSR@@@ATL@@UEAAJPEAUIOleClientSite@@@Z 0000000180002bc0 f i MSR.obj
 0001:00001bdc       ?GetClientSite@?$IOleObjectImpl@VCOPOSMSR@@@ATL@@UEAAJPEAPEAUIOleClientSite@@@Z 0000000180002bdc f i MSR.obj
 0001:00001c24       ?Close@?$IOleObjectImpl@VCOPOSMSR@@@ATL@@UEAAJK@Z 0000000180002c24 f i MSR.obj
 0001:00001c40       ?DoVerb@?$IOleObjectImpl@VCOPOSMSR@@@ATL@@UEAAJJPEAUtagMSG@@PEAUIOleClientSite@@JPEAUHWND__@@PEBUtagRECT@@@Z 0000000180002c40 f i MSR.obj
 0001:00001de4       ?EnumVerbs@?$IOleObjectImpl@VCOPOSMSR@@@ATL@@UEAAJPEAPEAUIEnumOLEVERB@@@Z 0000000180002de4 f i MSR.obj
 0001:00001e00       ?GetUserType@?$IOleObjectImpl@VCOPOSMSR@@@ATL@@UEAAJKPEAPEA_W@Z 0000000180002e00 f i MSR.obj
 0001:00001e10       ?SetExtent@?$IOleObjectImpl@VCOPOSMSR@@@ATL@@UEAAJKPEAUtagSIZE@@@Z 0000000180002e10 f i MSR.obj
 0001:00001e2c       ?GetExtent@?$IOleObjectImpl@VCOPOSMSR@@@ATL@@UEAAJKPEAUtagSIZE@@@Z 0000000180002e2c f i MSR.obj
 0001:00001e5c       ?Advise@?$IOleObjectImpl@VCOPOSMSR@@@ATL@@UEAAJPEAUIAdviseSink@@PEAK@Z 0000000180002e5c f i MSR.obj
 0001:00001eb8       ?Unadvise@?$IOleObjectImpl@VCOPOSMSR@@@ATL@@UEAAJK@Z 0000000180002eb8 f i MSR.obj
 0001:00001ef0       ?EnumAdvise@?$IOleObjectImpl@VCOPOSMSR@@@ATL@@UEAAJPEAPEAUIEnumSTATDATA@@@Z 0000000180002ef0 f i MSR.obj
 0001:00001f38       ?GetMiscStatus@?$IOleObjectImpl@VCOPOSMSR@@@ATL@@UEAAJKPEAK@Z 0000000180002f38 f i MSR.obj
 0001:00001f48       ?GetWindow@?$IOleInPlaceActiveObjectImpl@VCOPOSMSR@@@ATL@@UEAAJPEAPEAUHWND__@@@Z 0000000180002f48 f i MSR.obj
 0001:00001f9c       ?TranslateAcceleratorW@?$IOleInPlaceActiveObjectImpl@VCOPOSMSR@@@ATL@@UEAAJPEAUtagMSG@@@Z 0000000180002f9c f i MSR.obj
 0001:00002090       ?OnDocWindowActivate@?$IOleInPlaceActiveObjectImpl@VCOPOSMSR@@@ATL@@UEAAJH@Z 0000000180003090 f i MSR.obj
 0001:000020bc       ?Draw@?$IViewObjectExImpl@VCOPOSMSR@@@ATL@@UEAAJKJPEAXPEAUtagDVTARGETDEVICE@@PEAUHDC__@@2PEBU_RECTL@@3P6AH_K@Z4@Z 00000001800030bc f i MSR.obj
 0001:00002120       ?SetAdvise@?$IViewObjectExImpl@VCOPOSMSR@@@ATL@@UEAAJKKPEAUIAdviseSink@@@Z 0000000180003120 f i MSR.obj
 0001:00002174       ?GetAdvise@?$IViewObjectExImpl@VCOPOSMSR@@@ATL@@UEAAJPEAK0PEAPEAUIAdviseSink@@@Z 0000000180003174 f i MSR.obj
 0001:000021b0       ?GetExtent@?$IViewObjectExImpl@VCOPOSMSR@@@ATL@@UEAAJKJPEAUtagDVTARGETDEVICE@@PEAUtagSIZE@@@Z 00000001800031b0 f i MSR.obj
 0001:000021e0       ?GetViewStatus@?$IViewObjectExImpl@VCOPOSMSR@@@ATL@@UEAAJPEAK@Z 00000001800031e0 f i MSR.obj
 0001:000021f4       ?QueryHitPoint@?$IViewObjectExImpl@VCOPOSMSR@@@ATL@@UEAAJKPEBUtagRECT@@UtagPOINT@@JPEAK@Z 00000001800031f4 f i MSR.obj
 0001:00002238       ?QueryHitRect@?$IViewObjectExImpl@VCOPOSMSR@@@ATL@@UEAAJKPEBUtagRECT@@0JPEAK@Z 0000000180003238 f i MSR.obj
 0001:000022a0       ?GetNaturalExtent@?$IViewObjectExImpl@VCOPOSMSR@@@ATL@@UEAAJKJPEAUtagDVTARGETDEVICE@@PEAUHDC__@@PEAUtagExtentInfo@@PEAUtagSIZE@@@Z 00000001800032a0 f i MSR.obj
 0001:000022e8       ?GetWindow@?$IOleInPlaceObjectWindowlessImpl@VCOPOSMSR@@@ATL@@UEAAJPEAPEAUHWND__@@@Z 00000001800032e8 f i MSR.obj
 0001:0000233c       ?InPlaceDeactivate@?$IOleInPlaceObjectWindowlessImpl@VCOPOSMSR@@@ATL@@UEAAJXZ 000000018000333c f i MSR.obj
 0001:00002358       ?UIDeactivate@?$IOleInPlaceObjectWindowlessImpl@VCOPOSMSR@@@ATL@@UEAAJXZ 0000000180003358 f i MSR.obj
 0001:00002374       ?SetObjectRects@?$IOleInPlaceObjectWindowlessImpl@VCOPOSMSR@@@ATL@@UEAAJPEBUtagRECT@@0@Z 0000000180003374 f i MSR.obj
 0001:00002390       ?OnWindowMessage@?$IOleInPlaceObjectWindowlessImpl@VCOPOSMSR@@@ATL@@UEAAJI_K_JPEA_J@Z 0000000180003390 f i MSR.obj
 0001:00002458       ?EnumConnectionPoints@?$IConnectionPointContainerImpl@VCOPOSMSR@@@ATL@@UEAAJPEAPEAUIEnumConnectionPoints@@@Z 0000000180003458 f i MSR.obj
 0001:00002678       ?FindConnectionPoint@?$IConnectionPointContainerImpl@VCOPOSMSR@@@ATL@@UEAAJAEBU_GUID@@PEAPEAUIConnectionPoint@@@Z 0000000180003678 f i MSR.obj
 0001:00002748       ?IsDirty@?$IPersistStorageImpl@VCOPOSMSR@@@ATL@@UEAAJXZ 0000000180003748 f i MSR.obj
 0001:0000278c       ?InitNew@?$IPersistStorageImpl@VCOPOSMSR@@@ATL@@UEAAJPEAUIStorage@@@Z 000000018000378c f i MSR.obj
 0001:000027d0       ?Load@?$IPersistStorageImpl@VCOPOSMSR@@@ATL@@UEAAJPEAUIStorage@@@Z 00000001800037d0 f i MSR.obj
 0001:00002870       ?Save@?$IPersistStorageImpl@VCOPOSMSR@@@ATL@@UEAAJPEAUIStorage@@H@Z 0000000180003870 f i MSR.obj
 0001:00002920       ?GetPages@?$ISpecifyPropertyPagesImpl@VCOPOSMSR@@@ATL@@UEAAJPEAUtagCAUUID@@@Z 0000000180003920 f i MSR.obj
 0001:0000292c       ?QuickActivate@?$IQuickActivateImpl@VCOPOSMSR@@@ATL@@UEAAJPEAUtagQACONTAINER@@PEAUtagQACONTROL@@@Z 000000018000392c f i MSR.obj
 0001:00002948       ?SetContentExtent@?$IQuickActivateImpl@VCOPOSMSR@@@ATL@@UEAAJPEAUtagSIZE@@@Z 0000000180003948 f i MSR.obj
 0001:0000297c       ?GetContentExtent@?$IQuickActivateImpl@VCOPOSMSR@@@ATL@@UEAAJPEAUtagSIZE@@@Z 000000018000397c f i MSR.obj
 0001:000029b4       ?GetData@?$IDataObjectImpl@VCOPOSMSR@@@ATL@@UEAAJPEAUtagFORMATETC@@PEAUtagSTGMEDIUM@@@Z 00000001800039b4 f i MSR.obj
 0001:000029d0       ?DAdvise@?$IDataObjectImpl@VCOPOSMSR@@@ATL@@UEAAJPEAUtagFORMATETC@@KPEAUIAdviseSink@@PEAK@Z 00000001800039d0 f i MSR.obj
 0001:00002a58       ?DUnadvise@?$IDataObjectImpl@VCOPOSMSR@@@ATL@@UEAAJK@Z 0000000180003a58 f i MSR.obj
 0001:00002a84       ?EnumDAdvise@?$IDataObjectImpl@VCOPOSMSR@@@ATL@@UEAAJPEAPEAUIEnumSTATDATA@@@Z 0000000180003a84 f i MSR.obj
 0001:00002ac0       ?GetClassInfoW@?$IProvideClassInfo2Impl@$1?CLSID_OPOSMSR@@3U_GUID@@B$1?DIID__IOPOSMSREvents@@3U2@B$1?LIBID_OposMSR_CCO@@3U2@B$00$0A@VCComTypeInfoHolder@ATL@@@ATL@@UEAAJPEAPEAUITypeInfo@@@Z 0000000180003ac0 f i MSR.obj
 0001:00002b18       ?GetGUID@?$IProvideClassInfo2Impl@$1?CLSID_OPOSMSR@@3U_GUID@@B$1?DIID__IOPOSMSREvents@@3U2@B$1?LIBID_OposMSR_CCO@@3U2@B$00$0A@VCComTypeInfoHolder@ATL@@@ATL@@UEAAJKPEAU_GUID@@@Z 0000000180003b18 f i MSR.obj
 0001:00002b4c       ?GetInterfaceSafetyOptions@?$IObjectSafetyImpl@VCOPOSMSR@@$02@ATL@@UEAAJAEBU_GUID@@PEAK1@Z 0000000180003b4c f i MSR.obj
 0001:00002be0       ?SetInterfaceSafetyOptions@?$IObjectSafetyImpl@VCOPOSMSR@@$02@ATL@@UEAAJAEBU_GUID@@KK@Z 0000000180003be0 f i MSR.obj
 0001:00002c84       ?_LocCPQueryInterface@?$IConnectionPointImpl@VCOPOSMSR@@$1?IID_IPropertyNotifySink@@3U_GUID@@BVCComDynamicUnkArray@ATL@@@ATL@@UEAAJAEBU_GUID@@PEAPEAX@Z 0000000180003c84 f i MSR.obj
 0001:00002c84       ?_LocCPQueryInterface@?$IConnectionPointImpl@VCOPOSMSR@@$1?DIID__IOPOSMSREvents@@3U_GUID@@BVCComDynamicUnkArray@ATL@@@ATL@@UEAAJAEBU_GUID@@PEAPEAX@Z 0000000180003c84 f i MSR.obj
 0001:00002cf8       ?GetConnectionInterface@?$IConnectionPointImpl@VCOPOSMSR@@$1?IID_IPropertyNotifySink@@3U_GUID@@BVCComDynamicUnkArray@ATL@@@ATL@@UEAAJPEAU_GUID@@@Z 0000000180003cf8 f i MSR.obj
 0001:00002d14       ?GetConnectionPointContainer@?$IConnectionPointImpl@VCOPOSMSR@@$1?IID_IPropertyNotifySink@@3U_GUID@@BVCComDynamicUnkArray@ATL@@@ATL@@UEAAJPEAPEAUIConnectionPointContainer@@@Z 0000000180003d14 f i MSR.obj
 0001:00002d34       ?Advise@?$IConnectionPointImpl@VCOPOSMSR@@$1?IID_IPropertyNotifySink@@3U_GUID@@BVCComDynamicUnkArray@ATL@@@ATL@@UEAAJPEAUIUnknown@@PEAK@Z 0000000180003d34 f i MSR.obj
 0001:00002d34       ?Advise@?$IConnectionPointImpl@VCOPOSMSR@@$1?DIID__IOPOSMSREvents@@3U_GUID@@BVCComDynamicUnkArray@ATL@@@ATL@@UEAAJPEAUIUnknown@@PEAK@Z 0000000180003d34 f i MSR.obj
 0001:00002df4       ?Unadvise@?$IConnectionPointImpl@VCOPOSMSR@@$1?IID_IPropertyNotifySink@@3U_GUID@@BVCComDynamicUnkArray@ATL@@@ATL@@UEAAJK@Z 0000000180003df4 f i MSR.obj
 0001:00002df4       ?Unadvise@?$IConnectionPointImpl@VCOPOSMSR@@$1?DIID__IOPOSMSREvents@@3U_GUID@@BVCComDynamicUnkArray@ATL@@@ATL@@UEAAJK@Z 0000000180003df4 f i MSR.obj
 0001:00002e70       ?EnumConnections@?$IConnectionPointImpl@VCOPOSMSR@@$1?IID_IPropertyNotifySink@@3U_GUID@@BVCComDynamicUnkArray@ATL@@@ATL@@UEAAJPEAPEAUIEnumConnections@@@Z 0000000180003e70 f i MSR.obj
 0001:00002e70       ?EnumConnections@?$IConnectionPointImpl@VCOPOSMSR@@$1?DIID__IOPOSMSREvents@@3U_GUID@@BVCComDynamicUnkArray@ATL@@@ATL@@UEAAJPEAPEAUIEnumConnections@@@Z 0000000180003e70 f i MSR.obj
 0001:00003018       ?GetConnectionInterface@?$IConnectionPointImpl@VCOPOSMSR@@$1?DIID__IOPOSMSREvents@@3U_GUID@@BVCComDynamicUnkArray@ATL@@@ATL@@UEAAJPEAU_GUID@@@Z 0000000180004018 f i MSR.obj
 0001:00003034       ?GetConnectionPointContainer@?$IConnectionPointImpl@VCOPOSMSR@@$1?DIID__IOPOSMSREvents@@3U_GUID@@BVCComDynamicUnkArray@ATL@@@ATL@@UEAAJPEAPEAUIConnectionPointContainer@@@Z 0000000180004034 f i MSR.obj
 0001:00003054       ?UpdateRegistry@COPOSMSR@@SAJH@Z 0000000180004054 f i MSR.obj
 0001:0000306c       ?ProcessWindowMessage@COPOSMSR@@UEAAHPEAUHWND__@@I_K_JAEA_JK@Z 000000018000406c f i MSR.obj
 0001:000030f4       ?SOData@COPOSMSR@@MEAAJJ@Z 00000001800040f4 f i MSR.obj
 0001:00003144       ?SODirectIO@COPOSMSR@@MEAAJJPEAJPEAPEA_W@Z 0000000180004144 f i MSR.obj
 0001:000031bc       ?SOError@COPOSMSR@@MEAAJJJJPEAJ@Z 00000001800041bc f i MSR.obj
 0001:00003244       ?SOStatusUpdate@COPOSMSR@@MEAAJJ@Z 0000000180004244 f i MSR.obj
 0001:00003294       ?CreateInstance@?$CComCreator@V?$CComObjectCached@VCComClassFactory@ATL@@@ATL@@@ATL@@SAJPEAXAEBU_GUID@@PEAPEAX@Z 0000000180004294 f i MSR.obj
 0001:0000339c       ?CreateInstance@?$CComCreator2@V?$CComCreator@V?$CComObject@VCOPOSMSR@@@ATL@@@ATL@@V?$CComCreator@V?$CComAggObject@VCOPOSMSR@@@ATL@@@2@@ATL@@SAJPEAXAEBU_GUID@@PEAPEAX@Z 000000018000439c f i MSR.obj
 0001:000033ac       ?Next@?$CComEnumImpl@UIEnumConnectionPoints@@$1?_GUID_b196b285_bab4_101a_b69c_00aa00341d07@@3U__s_GUID@@BPEAUIConnectionPoint@@V?$_CopyInterface@UIConnectionPoint@@@ATL@@@ATL@@UEAAJKPEAPEAUIConnectionPoint@@PEAK@Z 00000001800043ac f i MSR.obj
 0001:00003478       ?Skip@?$CComEnumImpl@UIEnumConnectionPoints@@$1?_GUID_b196b285_bab4_101a_b69c_00aa00341d07@@3U__s_GUID@@BPEAUIConnectionPoint@@V?$_CopyInterface@UIConnectionPoint@@@ATL@@@ATL@@UEAAJK@Z 0000000180004478 f i MSR.obj
 0001:000034a4       ?Clone@?$CComEnumImpl@UIEnumConnectionPoints@@$1?_GUID_b196b285_bab4_101a_b69c_00aa00341d07@@3U__s_GUID@@BPEAUIConnectionPoint@@V?$_CopyInterface@UIConnectionPoint@@@ATL@@@ATL@@UEAAJPEAPEAUIEnumConnectionPoints@@@Z 00000001800044a4 f i MSR.obj
 0001:000035d0       ?QueryInterface@?$CComObject@V?$CComEnum@UIEnumConnectionPoints@@$1?_GUID_b196b285_bab4_101a_b69c_00aa00341d07@@3U__s_GUID@@BPEAUIConnectionPoint@@V?$_CopyInterface@UIConnectionPoint@@@ATL@@VCComSingleThreadModel@6@@ATL@@@ATL@@UEAAJAEBU_GUID@@PEAPEAX@Z 00000001800045d0 f i MSR.obj
 0001:000035e4       ??_E?$CComObject@V?$CComEnum@UIEnumConnectionPoints@@$1?_GUID_b196b285_bab4_101a_b69c_00aa00341d07@@3U__s_GUID@@BPEAUIConnectionPoint@@V?$_CopyInterface@UIConnectionPoint@@@ATL@@VCComSingleThreadModel@6@@ATL@@@ATL@@UEAAPEAXI@Z 00000001800045e4 f i MSR.obj
 0001:000035e4       ??_G?$CComObject@V?$CComEnum@UIEnumConnectionPoints@@$1?_GUID_b196b285_bab4_101a_b69c_00aa00341d07@@3U__s_GUID@@BPEAUIConnectionPoint@@V?$_CopyInterface@UIConnectionPoint@@@ATL@@VCComSingleThreadModel@6@@ATL@@@ATL@@UEAAPEAXI@Z 00000001800045e4 f i MSR.obj
 0001:0000363c       ?CreateInstance@CComClassFactory@ATL@@UEAAJPEAUIUnknown@@AEBU_GUID@@PEAPEAX@Z 000000018000463c f i MSR.obj
 0001:0000369c       ?LockServer@CComClassFactory@ATL@@UEAAJH@Z 000000018000469c f i MSR.obj
 0001:000036c0       ??_ECComClassFactory@ATL@@UEAAPEAXI@Z 00000001800046c0 f i MSR.obj
 0001:000036c0       ??_GCComClassFactory@ATL@@UEAAPEAXI@Z 00000001800046c0 f i MSR.obj
 0001:00003710       ??$AtlModuleRegisterWndClassInfoT@VAtlModuleRegisterWndClassInfoParamW@ATL@@@ATL@@YAGPEAU_ATL_BASE_MODULE70@0@PEAU_ATL_WIN_MODULE70@0@PEAU_ATL_WNDCLASSINFOW@0@PEAP6A_JPEAUHWND__@@I_K_J@ZVAtlModuleRegisterWndClassInfoParamW@0@@Z 0000000180004710 f i MSR.obj
 0001:00003910       ??0?$CComContainedObject@VCOPOSMSR@@@ATL@@QEAA@PEAX@Z 0000000180004910 f i MSR.obj
 0001:00003a2c       ??0?$CComObject@VCOPOSMSR@@@ATL@@QEAA@PEAX@Z 0000000180004a2c f i MSR.obj
 0001:00003b44       ??0CAtlModule@ATL@@QEAA@XZ 0000000180004b44 f i MSR.obj
 0001:00003bb8       ??1?$CComEnumImpl@UIEnumConnectionPoints@@$1?_GUID_b196b285_bab4_101a_b69c_00aa00341d07@@3U__s_GUID@@BPEAUIConnectionPoint@@V?$_CopyInterface@UIConnectionPoint@@@ATL@@@ATL@@UEAA@XZ 0000000180004bb8 f i MSR.obj
 0001:00003c14       ??1?$CComEnumImpl@UIEnumConnections@@$1?_GUID_b196b287_bab4_101a_b69c_00aa00341d07@@3U__s_GUID@@BUtagCONNECTDATA@@V?$_Copy@UtagCONNECTDATA@@@ATL@@@ATL@@UEAA@XZ 0000000180004c14 f i MSR.obj
 0001:00003c70       ??1?$CComObject@VCOPOSMSR@@@ATL@@UEAA@XZ 0000000180004c70 f i MSR.obj
 0001:00003d90       ??_G?$CComContainedObject@VCOPOSMSR@@@ATL@@UEAAPEAXI@Z 0000000180004d90 f i MSR.obj
 0001:00003d90       ??_E?$CComContainedObject@VCOPOSMSR@@@ATL@@UEAAPEAXI@Z 0000000180004d90 f i MSR.obj
 0001:00003dc4       ??_E?$CComObject@VCOPOSMSR@@@ATL@@UEAAPEAXI@Z 0000000180004dc4 f i MSR.obj
 0001:00003dc4       ??_G?$CComObject@VCOPOSMSR@@@ATL@@UEAAPEAXI@Z 0000000180004dc4 f i MSR.obj
 0001:00003df8       ?Add@?$CSimpleArray@GV?$CSimpleArrayEqualHelper@G@ATL@@@ATL@@QEAAHAEBG@Z 0000000180004df8 f i MSR.obj
 0001:00003eac       ?Add@?$CSimpleMap@PEA_WPEA_WVCExpansionVectorEqualHelper@ATL@@@ATL@@QEAAHAEBQEA_W0@Z 0000000180004eac f i MSR.obj
 0001:00003f4c       ?Add@CComDynamicUnkArray@ATL@@QEAAKPEAUIUnknown@@@Z 0000000180004f4c f i MSR.obj
 0001:00004034       ?Add@CExpansionVector@ATL@@QEAAHPEB_W0@Z 0000000180005034 f i MSR.obj
 0001:000041c4       ?AddValue@CRegParser@ATL@@IEAAJAEAVCRegKey@2@PEB_WPEA_W@Z 00000001800051c4 f i MSR.obj
 0001:0000460c       ?AllocateHeap@?$CTempBuffer@E$0BAA@VCCRTAllocator@ATL@@@ATL@@AEAAX_K@Z 000000018000560c f i MSR.obj
 0001:0000460c       ?AllocateHeap@?$CTempBuffer@_W$0BAA@VCCRTAllocator@ATL@@@ATL@@AEAAX_K@Z 000000018000560c f i MSR.obj
 0001:0000460c       ?AllocateHeap@?$CTempBuffer@_W$0EAA@VCCRTAllocator@ATL@@@ATL@@AEAAX_K@Z 000000018000560c f i MSR.obj
 0001:00004638       ?Append@CParseBuffer@CRegParser@ATL@@QEAAHPEB_WH@Z 0000000180005638 f i MSR.obj
 0001:00004750       ?AtlCallTermFunc@ATL@@YAXPEAU_ATL_MODULE70@1@@Z 0000000180005750 f i MSR.obj
 0001:000047b4       ?AtlComModuleGetClassObject@ATL@@YAJPEAU_ATL_COM_MODULE70@1@AEBU_GUID@@1PEAPEAX@Z 00000001800057b4 f i MSR.obj
 0001:000048f4       ?AtlComModuleRegisterServer@ATL@@YAJPEAU_ATL_COM_MODULE70@1@HPEBU_GUID@@@Z 00000001800058f4 f i MSR.obj
 0001:000049b4       ?AtlComModuleUnregisterServer@ATL@@YAJPEAU_ATL_COM_MODULE70@1@HPEBU_GUID@@@Z 00000001800059b4 f i MSR.obj
 0001:00004a70       ?AtlCreateTargetDC@ATL@@YAPEAUHDC__@@PEAU2@PEAUtagDVTARGETDEVICE@@@Z 0000000180005a70 f i MSR.obj
 0001:00004ae4       ?AtlHiMetricToPixel@ATL@@YAXPEBUtagSIZE@@PEAU2@@Z 0000000180005ae4 f i MSR.obj
 0001:00004b94       ?AtlHresultFromLastError@ATL@@YAJXZ 0000000180005b94 f i MSR.obj
 0001:00004bb4       ?AtlHresultFromWin32@ATL@@YAJK@Z 0000000180005bb4 f i MSR.obj
 0001:00004bc4       ?AtlIPersistStreamInit_Load@ATL@@YAJPEAUIStream@@PEBUATL_PROPMAP_ENTRY@1@PEAXPEAUIUnknown@@@Z 0000000180005bc4 f i MSR.obj
 0001:00004dfc       ?AtlIPersistStreamInit_Save@ATL@@YAJPEAUIStream@@HPEBUATL_PROPMAP_ENTRY@1@PEAXPEAUIUnknown@@@Z 0000000180005dfc f i MSR.obj
 0001:00005034       ?AtlInternalOleLoadFromStream@ATL@@YAJPEAUIStream@@AEBU_GUID@@PEAPEAXTClassesAllowedInStream@1@K@Z 0000000180006034 f i MSR.obj
 0001:00005178       ?AtlInternalQueryInterface@ATL@@YAJPEAXPEBU_ATL_INTMAP_ENTRY@1@AEBU_GUID@@PEAPEAX@Z 0000000180006178 f i MSR.obj
 0001:00005280       ?AtlLoadTypeLib@ATL@@YAJPEAUHINSTANCE__@@PEB_WPEAPEA_WPEAPEAUITypeLib@@@Z 0000000180006280 f i MSR.obj
 0001:000054dc       ?AtlModuleAddTermFunc@ATL@@YAJPEAU_ATL_MODULE70@1@P6AX_K@Z1@Z 00000001800064dc f i MSR.obj
 0001:00005570       ?AtlRegisterClassCategoriesHelper@ATL@@YAJAEBU_GUID@@PEBU_ATL_CATMAP_ENTRY@1@H@Z 0000000180006570 f i MSR.obj
 0001:000059d8       ?AtlRegisterTypeLib@ATL@@YAJPEAUHINSTANCE__@@PEB_W@Z 00000001800069d8 f i MSR.obj
 0001:00005bd4       ?AtlThrowImpl@ATL@@YAXJ@Z  0000000180006bd4 f i MSR.obj
 0001:00005bf8       ?AtlUnRegisterTypeLib@ATL@@YAJPEAUHINSTANCE__@@PEB_W@Z 0000000180006bf8 f i MSR.obj
 0001:00005cc0       ?AtlWinModuleExtractCreateWndData@ATL@@YAPEAXPEAU_ATL_WIN_MODULE70@1@@Z 0000000180006cc0 f i MSR.obj
 0001:00005d4c       ?Cleanup@CComTypeInfoHolder@ATL@@SAX_K@Z 0000000180006d4c f i MSR.obj
 0001:00005d8c       ?ClearReplacements@CExpansionVector@ATL@@QEAAJXZ 0000000180006d8c f i MSR.obj
 0001:00005e28       ?CreateInstance@?$CComCreator@V?$CComAggObject@VCOPOSMSR@@@ATL@@@ATL@@SAJPEAXAEBU_GUID@@PEAPEAX@Z 0000000180006e28 f i MSR.obj
 0001:00005f00       ?CreateInstance@?$CComCreator@V?$CComObject@VCOPOSMSR@@@ATL@@@ATL@@SAJPEAXAEBU_GUID@@PEAPEAX@Z 0000000180006f00 f i MSR.obj
 0001:00005fb8       ?CreateInstance@?$CComObject@V?$CComEnum@UIEnumConnectionPoints@@$1?_GUID_b196b285_bab4_101a_b69c_00aa00341d07@@3U__s_GUID@@BPEAUIConnectionPoint@@V?$_CopyInterface@UIConnectionPoint@@@ATL@@VCComSingleThreadModel@6@@ATL@@@ATL@@SAJPEAPEAV12@@Z 0000000180006fb8 f i MSR.obj
 0001:00006044       ?CreateInstance@?$CComObject@V?$CComEnum@UIEnumConnections@@$1?_GUID_b196b287_bab4_101a_b69c_00aa00341d07@@3U__s_GUID@@BUtagCONNECTDATA@@V?$_Copy@UtagCONNECTDATA@@@ATL@@VCComSingleThreadModel@6@@ATL@@@ATL@@SAJPEAPEAV12@@Z 0000000180007044 f i MSR.obj
 0001:000060d0       ?DefaultReflectionHandler@?$CWindowImplRoot@VCWindow@ATL@@@ATL@@SAHPEAUHWND__@@I_K_JAEA_J@Z 00000001800070d0 f i MSR.obj
 0001:00006134       ?DeleteSubKey@CRegKey@ATL@@QEAAJPEB_W@Z 0000000180007134 f i MSR.obj
 0001:000061cc       ?DoEvent@COPOSMSR@@IEAAXI_K_J@Z 00000001800071cc f i MSR.obj
 0001:00006280       ?DoVerbPrimary@?$IOleObjectImpl@VCOPOSMSR@@@ATL@@QEAAJPEBUtagRECT@@PEAUHWND__@@@Z 0000000180007280 f i MSR.obj
 0001:000063ac       ?DoVerbProperties@CComControlBase@ATL@@QEAAJPEBUtagRECT@@PEAUHWND__@@@Z 00000001800073ac f i MSR.obj
 0001:000065d4       ?FireTheEvent@?$CProxy_IOPOSEvents@VCOPOSMSR@@@@IEAAXPEAVOposVariant@@IAEAJPEB_WJ@Z 00000001800075d4 f i MSR.obj
 0001:000066c0       ?FireViewChange@CComControlBase@ATL@@QEAAJXZ 00000001800076c0 f i MSR.obj
 0001:00006724       ?Fire_DataEvent@?$CProxy_IOPOSEvents@VCOPOSMSR@@@@QEAAXJ@Z 0000000180007724 f i MSR.obj
 0001:00006810       ?Fire_DirectIOEvent@?$CProxy_IOPOSEvents@VCOPOSMSR@@@@QEAAXJPEAJPEAPEA_W@Z 0000000180007810 f i MSR.obj
 0001:00006968       ?Fire_ErrorEvent@?$CProxy_IOPOSEvents@VCOPOSMSR@@@@QEAAXJJJPEAJ@Z 0000000180007968 f i MSR.obj
 0001:00006ad0       ?Fire_StatusUpdateEvent@?$CProxy_IOPOSEvents@VCOPOSMSR@@@@QEAAXJ@Z 0000000180007ad0 f i MSR.obj
 0001:00006bbc       ?FreeHeap@?$CTempBuffer@E$0BAA@VCCRTAllocator@ATL@@@ATL@@AEAAXXZ 0000000180007bbc f i MSR.obj
 0001:00006bbc       ?FreeHeap@?$CTempBuffer@_W$0BAA@VCCRTAllocator@ATL@@@ATL@@AEAAXXZ 0000000180007bbc f i MSR.obj
 0001:00006bbc       ?FreeHeap@?$CTempBuffer@_W$0EAA@VCCRTAllocator@ATL@@@ATL@@AEAAXXZ 0000000180007bbc f i MSR.obj
 0001:00006bc4       ?GetAmbientLocaleID@CComControlBase@ATL@@QEAAJAEAK@Z 0000000180007bc4 f i MSR.obj
 0001:00006c84       ?GetAmbientUserMode@CComControlBase@ATL@@QEAAJAEAH@Z 0000000180007c84 f i MSR.obj
 0001:00006d54       ?GetClassObject@CComModule@ATL@@QEAAJAEBU_GUID@@0PEAPEAX@Z 0000000180007d54 f i MSR.obj
 0001:00006e48       ?GetConnMap@COPOSMSR@@SAPEBU_ATL_CONNMAP_ENTRY@ATL@@PEAH@Z 0000000180007e48 f i MSR.obj
 0001:00006ed0       ?GetIDsOfNames@CComTypeInfoHolder@ATL@@QEAAJAEBU_GUID@@PEAPEA_WIKPEAJ@Z 0000000180007ed0 f i MSR.obj
 0001:00007048       ?GetPagesHelper@?$ISpecifyPropertyPagesImpl@VCOPOSMSR@@@ATL@@IEAAJPEAUtagCAUUID@@PEBUATL_PROPMAP_ENTRY@2@@Z 0000000180008048 f i MSR.obj
 0001:000071e8       ?GetSizeMax@CComVariant@ATL@@QEBAJPEAT_ULARGE_INTEGER@@@Z 00000001800081e8 f i MSR.obj
 0001:0000741c       ?GetTI@CComTypeInfoHolder@ATL@@QEAAJK@Z 000000018000841c f i MSR.obj
 0001:00007694       ?GetZoomInfo@CComControlBase@ATL@@QEAAXAEAUATL_DRAWINFO@@@Z 0000000180008694 f i MSR.obj
 0001:00007738       ?HKeyFromString@CRegParser@ATL@@KAPEAUHKEY__@@PEA_W@Z 0000000180008738 f i MSR.obj
 0001:0000779c       ?IDataObject_GetData@CComControlBase@ATL@@QEAAJPEAUtagFORMATETC@@PEAUtagSTGMEDIUM@@@Z 000000018000879c f i MSR.obj
 0001:00007990       ?IOleInPlaceObject_InPlaceDeactivate@CComControlBase@ATL@@QEAAJXZ 0000000180008990 f i MSR.obj
 0001:00007a30       ?IOleInPlaceObject_SetObjectRects@CComControlBase@ATL@@QEAAJPEBUtagRECT@@0@Z 0000000180008a30 f i MSR.obj
 0001:00007b20       ?IOleInPlaceObject_UIDeactivate@CComControlBase@ATL@@QEAAJXZ 0000000180008b20 f i MSR.obj
 0001:00007c2c       ?IOleObject_Close@CComControlBase@ATL@@QEAAJK@Z 0000000180008c2c f i MSR.obj
 0001:00007d44       ?IOleObject_SetClientSite@CComControlBase@ATL@@QEAAJPEAUIOleClientSite@@@Z 0000000180008d44 f i MSR.obj
 0001:00007dbc       ?IOleObject_SetExtent@CComControlBase@ATL@@QEAAJKPEAUtagSIZE@@@Z 0000000180008dbc f i MSR.obj
 0001:00007e54       ?IPSI_GetIPersistStreamInit@?$IPersistStorageImpl@VCOPOSMSR@@@ATL@@AEAAPEAUIPersistStreamInit@@XZ 0000000180008e54 f i MSR.obj
 0001:00007eb0       ?IQuickActivate_QuickActivate@CComControlBase@ATL@@QEAAJPEAUtagQACONTAINER@@PEAUtagQACONTROL@@@Z 0000000180008eb0 f i MSR.obj
 0001:00008174       ?IViewObject_Draw@CComControlBase@ATL@@QEAAJKJPEAXPEAUtagDVTARGETDEVICE@@PEAUHDC__@@2PEBU_RECTL@@3@Z 0000000180009174 f i MSR.obj
 0001:00008288       ?InPlaceActivate@CComControlBase@ATL@@QEAAJJPEBUtagRECT@@@Z 0000000180009288 f i MSR.obj
 0001:000085c0       ?Init@?$CComEnumImpl@UIEnumConnectionPoints@@$1?_GUID_b196b285_bab4_101a_b69c_00aa00341d07@@3U__s_GUID@@BPEAUIConnectionPoint@@V?$_CopyInterface@UIConnectionPoint@@@ATL@@@ATL@@QEAAJPEAPEAUIConnectionPoint@@0PEAUIUnknown@@W4CComEnumFlags@2@@Z 00000001800095c0 f i MSR.obj
 0001:000086e0       ?Init@?$CComEnumImpl@UIEnumConnections@@$1?_GUID_b196b287_bab4_101a_b69c_00aa00341d07@@3U__s_GUID@@BUtagCONNECTDATA@@V?$_Copy@UtagCONNECTDATA@@@ATL@@@ATL@@QEAAJPEAUtagCONNECTDATA@@0PEAUIUnknown@@W4CComEnumFlags@2@@Z 00000001800096e0 f i MSR.obj
 0001:00008804       ?IsEqualObject@?$CComPtrBase@UITypeInfo@@@ATL@@QEAA_NPEAUIUnknown@@@Z 0000000180009804 f i MSR.obj
 0001:00008804       ?IsEqualObject@?$CComPtrBase@UIOleClientSite@@@ATL@@QEAA_NPEAUIUnknown@@@Z 0000000180009804 f i MSR.obj
 0001:00008890       ?LoadNameCache@CComTypeInfoHolder@ATL@@QEAAJPEAUITypeInfo@@@Z 0000000180009890 f i MSR.obj
 0001:00008a14       ?Lookup@?$CSimpleMap@PEA_WPEA_WVCExpansionVectorEqualHelper@ATL@@@ATL@@QEBAPEA_WAEBQEA_W@Z 0000000180009a14 f i MSR.obj
 0001:00008aa0       ?NextToken@CRegParser@ATL@@IEAAJPEA_W@Z 0000000180009aa0 f i MSR.obj
 0001:00008c58       ?OnKillFocus@CComControlBase@ATL@@QEAA_JI_K_JAEAH@Z 0000000180009c58 f i MSR.obj
 0001:00008cf4       ?OnMouseActivate@CComControlBase@ATL@@QEAA_JI_K_JAEAH@Z 0000000180009cf4 f i MSR.obj
 0001:00008d94       ?OnPaint@CComControlBase@ATL@@QEAA_JI_K_JAEAH@Z 0000000180009d94 f i MSR.obj
 0001:00008e80       ?OnSetFocus@CComControlBase@ATL@@QEAA_JI_K_JAEAH@Z 0000000180009e80 f i MSR.obj
 0001:00008f7c       ?Open@CRegKey@ATL@@QEAAJPEAUHKEY__@@PEB_WK@Z 0000000180009f7c f i MSR.obj
 0001:00009008       ?PreProcessBuffer@CRegParser@ATL@@QEAAJPEA_WPEAPEA_W@Z 000000018000a008 f i MSR.obj
 0001:0000938c       ?ProcessWindowMessage@?$CComControl@VCOPOSMSR@@V?$CWindowImpl@VCOPOSMSR@@VCWindow@ATL@@V?$CWinTraits@$0FGAAAAAA@$0A@@3@@ATL@@@ATL@@UEAAHPEAUHWND__@@I_K_JAEA_JK@Z 000000018000a38c f i MSR.obj
 0001:00009470       ?PutProperty@?$CComPtr@UIDispatch@@@ATL@@SAJPEAUIDispatch@@JPEAUtagVARIANT@@@Z 000000018000a470 f i MSR.obj
 0001:00009574       ?ReadFromStream@CComBSTR@ATL@@QEAAJPEAUIStream@@@Z 000000018000a574 f i MSR.obj
 0001:000096d0       ?ReadFromStream@CComVariant@ATL@@QEAAJPEAUIStream@@GTClassesAllowedInStream@2@K@Z 000000018000a6d0 f i MSR.obj
 0001:000098e0       ?RecurseDeleteKey@CRegKey@ATL@@QEAAJPEB_W@Z 000000018000a8e0 f i MSR.obj
 0001:000099ec       ?RegCreateKeyExW@CAtlTransactionManager@ATL@@QEAAJPEAUHKEY__@@PEB_WKPEA_WKKQEAU_SECURITY_ATTRIBUTES@@PEAPEAU3@PEAK@Z 000000018000a9ec f i MSR.obj
 0001:00009b20       ?RegDeleteKeyW@CAtlTransactionManager@ATL@@QEAAJPEAUHKEY__@@PEB_W@Z 000000018000ab20 f i MSR.obj
 0001:00009bac       ?RegOpenKeyExW@CAtlTransactionManager@ATL@@QEAAJPEAUHKEY__@@PEB_WKKPEAPEAU3@@Z 000000018000abac f i MSR.obj
 0001:00009c64       ?RegisterBuffer@CRegParser@ATL@@QEAAJPEA_WH@Z 000000018000ac64 f i MSR.obj
 0001:00009dcc       ?RegisterFromResource@CRegObject@ATL@@IEAAJPEB_W00H@Z 000000018000adcc f i MSR.obj
 0001:00009f88       ?RegisterServer@CComModule@ATL@@QEAAJHPEBU_GUID@@@Z 000000018000af88 f i MSR.obj
 0001:0000a048       ?RegisterSubkeys@CRegParser@ATL@@IEAAJPEA_WPEAUHKEY__@@HH@Z 000000018000b048 f i MSR.obj
 0001:0000a73c       ?SendOnDataChange@CComControlBase@ATL@@QEAAJK@Z 000000018000b73c f i MSR.obj
 0001:0000a7ac       ?SetControlFocus@CComControlBase@ATL@@QEAAHH@Z 000000018000b7ac f i MSR.obj
 0001:0000a888       ?SkipAssignment@CRegParser@ATL@@IEAAJPEA_W@Z 000000018000b888 f i MSR.obj
 0001:0000a92c       ?Term@CComModule@ATL@@QEAAXXZ 000000018000b92c f i MSR.obj
 0001:0000a9d8       ?UnregisterServer@CComModule@ATL@@QEAAJHPEBU_GUID@@@Z 000000018000b9d8 f i MSR.obj
 0001:0000aa88       ?UpdateRegistryFromResource@CAtlModule@ATL@@QEAAJIHPEAU_ATL_REGMAP_ENTRY@2@@Z 000000018000ba88 f i MSR.obj
 0001:0000adc0       ?UpdateRegistryFromResource@CAtlModule@ATL@@QEAAJPEB_WHPEAU_ATL_REGMAP_ENTRY@2@@Z 000000018000bdc0 f i MSR.obj
 0001:0000b118       ?VTFromRegType@CRegParser@ATL@@KAHPEB_WAEAG@Z 000000018000c118 f i MSR.obj
 0001:0000b1b4       ?WindowProc@?$CWindowImplBaseT@VCWindow@ATL@@V?$CWinTraits@$0FGAAAAAA@$0A@@2@@ATL@@SA_JPEAUHWND__@@I_K_J@Z 000000018000c1b4 f i MSR.obj
 0001:0000b320       ?WriteToStream@CComBSTR@ATL@@QEAAJPEAUIStream@@@Z 000000018000c320 f i MSR.obj
 0001:0000b3a0       ?WriteToStream@CComVariant@ATL@@QEAAJPEAUIStream@@@Z 000000018000c3a0 f i MSR.obj
 0001:0000b5b4       ?WriteToStream@CComVariant@ATL@@QEAAJPEAUIStream@@G@Z 000000018000c5b4 f i MSR.obj
 0001:0000b64c       ?_AtlVerifyStackAvailable@_ATL_SAFE_ALLOCA_IMPL@ATL@@YA_N_K@Z 000000018000c64c f i MSR.obj
 0001:0000b6d0       ?atlCreate@?$CWindowImpl@VCOPOSMSR@@VCWindow@ATL@@V?$CWinTraits@$0FGAAAAAA@$0A@@3@@ATL@@QEAAPEAUHWND__@@PEAU3@V_U_RECT@2@PEB_WKKV_U_MENUorID@2@PEAX@Z 000000018000c6d0 f i MSR.obj
 0001:0000b780       ?atlCreate@?$CWindowImplBaseT@VCWindow@ATL@@V?$CWinTraits@$0FGAAAAAA@$0A@@2@@ATL@@QEAAPEAUHWND__@@PEAU3@V_U_RECT@2@PEB_WKKV_U_MENUorID@2@GPEAX@Z 000000018000c780 f i MSR.obj
 0001:0000b8f0       ?atlCreate@CRegKey@ATL@@QEAAJPEAUHKEY__@@PEB_WPEA_WKKPEAU_SECURITY_ATTRIBUTES@@PEAK@Z 000000018000c8f0 f i MSR.obj
 0001:0000b9dc       DllCanUnloadNow            000000018000c9dc f   MSR.obj
 0001:0000b9e8       DllGetClassObject          000000018000c9e8 f   MSR.obj
 0001:0000ba00       DllMain                    000000018000ca00 f   MSR.obj
 0001:0000baa8       DllRegisterServer          000000018000caa8 f   MSR.obj
 0001:0000babc       DllUnregisterServer        000000018000cabc f   MSR.obj
 0001:0000bad0       __local_stdio_printf_options 000000018000cad0 f i MSR.obj
 0001:0000bb60       swprintf_s                 000000018000cb60 f i MSR.obj
 0001:0000bbb4       ??0COPOSMSR@@QEAA@XZ       000000018000cbb4 f   MSRImpl.obj
 0001:0000bc7c       ??1?$IConnectionPointImpl@VCOPOSMSR@@$1?DIID__IOPOSMSREvents@@3U_GUID@@BVCComDynamicUnkArray@ATL@@@ATL@@QEAA@XZ 000000018000cc7c f i MSRImpl.obj
 0001:0000bc7c       ??1?$IConnectionPointImpl@VCOPOSMSR@@$1?IID_IPropertyNotifySink@@3U_GUID@@BVCComDynamicUnkArray@ATL@@@ATL@@QEAA@XZ 000000018000cc7c f i MSRImpl.obj
 0001:0000bcd8       ??1CComControlBase@ATL@@UEAA@XZ 000000018000ccd8 f i MSRImpl.obj
 0001:0000bd54       ??1COPOSMSR@@UEAA@XZ       000000018000cd54 f   MSRImpl.obj
 0001:0000bdb8       ?AuthenticateDevice@COPOSMSR@@UEAAJPEA_WPEAJ@Z 000000018000cdb8 f   MSRImpl.obj
 0001:0000be40       ?CheckHealth@COPOSMSR@@UEAAJJPEAJ@Z 000000018000ce40 f   MSRImpl.obj
 0001:0000bebc       ?ClaimDevice@COPOSMSR@@UEAAJJPEAJ@Z 000000018000cebc f   MSRImpl.obj
 0001:0000bf5c       ?ClearInput@COPOSMSR@@UEAAJPEAJ@Z 000000018000cf5c f   MSRImpl.obj
 0001:0000bf84       ?ClearInputProperties@COPOSMSR@@UEAAJPEAJ@Z 000000018000cf84 f   MSRImpl.obj
 0001:0000bfac       ?Close@COPOSMSR@@UEAAJPEAJ@Z 000000018000cfac f   MSRImpl.obj
 0001:0000c064       ?CompareFirmwareVersion@COPOSMSR@@UEAAJPEA_WPEAJ1@Z 000000018000d064 f   MSRImpl.obj
 0001:0000c140       ?DeauthenticateDevice@COPOSMSR@@UEAAJPEA_WPEAJ@Z 000000018000d140 f   MSRImpl.obj
 0001:0000c1c8       ?DirectIO@COPOSMSR@@UEAAJJPEAJPEAPEA_W0@Z 000000018000d1c8 f   MSRImpl.obj
 0001:0000c2c4       ?DoInvoke@COPOSMSR@@IEAAJJPEAVOposVariant@@IHPEAJ_N@Z 000000018000d2c4 f   MSRImpl.obj
 0001:0000c3f8       ?EventInit@COPOSMSR@@IEAAJXZ 000000018000d3f8 f i MSRImpl.obj
 0001:0000c540       ?EventUninit@COPOSMSR@@IEAAXXZ 000000018000d540 f i MSRImpl.obj
 0001:0000c5a4       ?EventWindowProc@COPOSMSR@@IEAA_JI_K_J@Z 000000018000d5a4 f i MSRImpl.obj
 0001:0000c730       ?FinalConstruct@COPOSMSR@@QEAAJXZ 000000018000d730 f   MSRImpl.obj
 0001:0000c76c       ?FreezeEvents@COPOSMSR@@MEAAJH@Z 000000018000d76c f   MSRImpl.obj
 0001:0000c7e0       ?GetOposProp@COPOSMSR@@IEAAJJPEAJJ@Z 000000018000d7e0 f   MSRImpl.obj
 0001:0000c8fc       ?GetOposProp@COPOSMSR@@IEAAJJPEAPEA_WJ@Z 000000018000d8fc f   MSRImpl.obj
 0001:0000ca28       ?OnDraw@COPOSMSR@@MEAAJAEAUATL_DRAWINFO@@@Z 000000018000da28 f   MSRImpl.obj
 0001:0000cb14       ?Open@COPOSMSR@@UEAAJPEA_WPEAJ@Z 000000018000db14 f   MSRImpl.obj
 0001:0000d39c       ?ReleaseDevice@COPOSMSR@@UEAAJPEAJ@Z 000000018000e39c f   MSRImpl.obj
 0001:0000d408       ?ResetStatistics@COPOSMSR@@UEAAJPEA_WPEAJ@Z 000000018000e408 f   MSRImpl.obj
 0001:0000d490       ?RetrieveCardProperty@COPOSMSR@@UEAAJPEA_WPEAPEA_WPEAJ@Z 000000018000e490 f   MSRImpl.obj
 0001:0000d56c       ?RetrieveDeviceAuthenticationData@COPOSMSR@@UEAAJPEAPEA_WPEAJ@Z 000000018000e56c f   MSRImpl.obj
 0001:0000d5f4       ?RetrieveStatistics@COPOSMSR@@UEAAJPEAPEA_WPEAJ@Z 000000018000e5f4 f   MSRImpl.obj
 0001:0000d67c       ?SOProcessID@COPOSMSR@@UEAAJPEAJ@Z 000000018000e67c f   MSRImpl.obj
 0001:0000d698       ?SetCOFreezeEvents@COPOSMSR@@IEAAXF@Z 000000018000e698 f   MSRImpl.obj
 0001:0000d77c       ?SetOposProp@COPOSMSR@@IEAAJJJJ@Z 000000018000e77c f   MSRImpl.obj
 0001:0000d8dc       ?SetOposProp@COPOSMSR@@IEAAJJPEA_WJ@Z 000000018000e8dc f   MSRImpl.obj
 0001:0000da34       ?UpdateFirmware@COPOSMSR@@UEAAJPEA_WPEAJ@Z 000000018000ea34 f   MSRImpl.obj
 0001:0000dabc       ?UpdateKey@COPOSMSR@@UEAAJPEA_W0PEAJ@Z 000000018000eabc f   MSRImpl.obj
 0001:0000db98       ?UpdateStatistics@COPOSMSR@@UEAAJPEA_WPEAJ@Z 000000018000eb98 f   MSRImpl.obj
 0001:0000dc20       ?WriteTracks@COPOSMSR@@UEAAJUtagVARIANT@@JPEAJ@Z 000000018000ec20 f   MSRImpl.obj
 0001:0000dcfc       ?get_AccountNumber@COPOSMSR@@UEAAJPEAPEA_W@Z 000000018000ecfc f   MSRImpl.obj
 0001:0000dd0c       ?get_AdditionalSecurityInformation@COPOSMSR@@UEAAJPEAPEA_W@Z 000000018000ed0c f   MSRImpl.obj
 0001:0000dd20       ?get_AutoDisable@COPOSMSR@@UEAAJPEAF@Z 000000018000ed20 f   MSRImpl.obj
 0001:0000dd54       ?get_BinaryConversion@COPOSMSR@@UEAAJPEAJ@Z 000000018000ed54 f   MSRImpl.obj
 0001:0000dd68       ?get_CapCardAuthentication@COPOSMSR@@UEAAJPEAPEA_W@Z 000000018000ed68 f   MSRImpl.obj
 0001:0000dd7c       ?get_CapCompareFirmwareVersion@COPOSMSR@@UEAAJPEAF@Z 000000018000ed7c f   MSRImpl.obj
 0001:0000ddb0       ?get_CapDataEncryption@COPOSMSR@@UEAAJPEAJ@Z 000000018000edb0 f   MSRImpl.obj
 0001:0000ddc4       ?get_CapDeviceAuthentication@COPOSMSR@@UEAAJPEAJ@Z 000000018000edc4 f   MSRImpl.obj
 0001:0000ddd8       ?get_CapISO@COPOSMSR@@UEAAJPEAF@Z 000000018000edd8 f   MSRImpl.obj
 0001:0000de08       ?get_CapJISOne@COPOSMSR@@UEAAJPEAF@Z 000000018000ee08 f   MSRImpl.obj
 0001:0000de38       ?get_CapJISTwo@COPOSMSR@@UEAAJPEAF@Z 000000018000ee38 f   MSRImpl.obj
 0001:0000de68       ?get_CapPowerReporting@COPOSMSR@@UEAAJPEAJ@Z 000000018000ee68 f   MSRImpl.obj
 0001:0000de7c       ?get_CapStatisticsReporting@COPOSMSR@@UEAAJPEAF@Z 000000018000ee7c f   MSRImpl.obj
 0001:0000deb0       ?get_CapTrackDataMasking@COPOSMSR@@UEAAJPEAF@Z 000000018000eeb0 f   MSRImpl.obj
 0001:0000dee4       ?get_CapTransmitSentinels@COPOSMSR@@UEAAJPEAF@Z 000000018000eee4 f   MSRImpl.obj
 0001:0000df18       ?get_CapUpdateFirmware@COPOSMSR@@UEAAJPEAF@Z 000000018000ef18 f   MSRImpl.obj
 0001:0000df4c       ?get_CapUpdateStatistics@COPOSMSR@@UEAAJPEAF@Z 000000018000ef4c f   MSRImpl.obj
 0001:0000df80       ?get_CapWritableTracks@COPOSMSR@@UEAAJPEAJ@Z 000000018000ef80 f   MSRImpl.obj
 0001:0000df94       ?get_CardAuthenticationData@COPOSMSR@@UEAAJPEAPEA_W@Z 000000018000ef94 f   MSRImpl.obj
 0001:0000dfa8       ?get_CardAuthenticationDataLength@COPOSMSR@@UEAAJPEAJ@Z 000000018000efa8 f   MSRImpl.obj
 0001:0000dfbc       ?get_CardPropertyList@COPOSMSR@@UEAAJPEAPEA_W@Z 000000018000efbc f   MSRImpl.obj
 0001:0000dfd0       ?get_CardType@COPOSMSR@@UEAAJPEAPEA_W@Z 000000018000efd0 f   MSRImpl.obj
 0001:0000dfe4       ?get_CardTypeList@COPOSMSR@@UEAAJPEAPEA_W@Z 000000018000efe4 f   MSRImpl.obj
 0001:0000dff8       ?get_CheckHealthText@COPOSMSR@@UEAAJPEAPEA_W@Z 000000018000eff8 f   MSRImpl.obj
 0001:0000e008       ?get_Claimed@COPOSMSR@@UEAAJPEAF@Z 000000018000f008 f   MSRImpl.obj
 0001:0000e038       ?get_ControlObjectDescription@COPOSMSR@@UEAAJPEAPEA_W@Z 000000018000f038 f   MSRImpl.obj
 0001:0000e09c       ?get_ControlObjectVersion@COPOSMSR@@UEAAJPEAJ@Z 000000018000f09c f   MSRImpl.obj
 0001:0000e0a8       ?get_DataCount@COPOSMSR@@UEAAJPEAJ@Z 000000018000f0a8 f   MSRImpl.obj
 0001:0000e0bc       ?get_DataEncryptionAlgorithm@COPOSMSR@@UEAAJPEAJ@Z 000000018000f0bc f   MSRImpl.obj
 0001:0000e0d0       ?get_DataEventEnabled@COPOSMSR@@UEAAJPEAF@Z 000000018000f0d0 f   MSRImpl.obj
 0001:0000e100       ?get_DecodeData@COPOSMSR@@UEAAJPEAF@Z 000000018000f100 f   MSRImpl.obj
 0001:0000e130       ?get_DeviceAuthenticated@COPOSMSR@@UEAAJPEAF@Z 000000018000f130 f   MSRImpl.obj
 0001:0000e164       ?get_DeviceAuthenticationProtocol@COPOSMSR@@UEAAJPEAJ@Z 000000018000f164 f   MSRImpl.obj
 0001:0000e178       ?get_DeviceDescription@COPOSMSR@@UEAAJPEAPEA_W@Z 000000018000f178 f   MSRImpl.obj
 0001:0000e188       ?get_DeviceEnabled@COPOSMSR@@UEAAJPEAF@Z 000000018000f188 f   MSRImpl.obj
 0001:0000e1b8       ?get_DeviceName@COPOSMSR@@UEAAJPEAPEA_W@Z 000000018000f1b8 f   MSRImpl.obj
 0001:0000e1c8       ?get_EncodingMaxLength@COPOSMSR@@UEAAJPEAJ@Z 000000018000f1c8 f   MSRImpl.obj
 0001:0000e1dc       ?get_ErrorReportingType@COPOSMSR@@UEAAJPEAJ@Z 000000018000f1dc f   MSRImpl.obj
 0001:0000e1f0       ?get_ExpirationDate@COPOSMSR@@UEAAJPEAPEA_W@Z 000000018000f1f0 f   MSRImpl.obj
 0001:0000e200       ?get_FirstName@COPOSMSR@@UEAAJPEAPEA_W@Z 000000018000f200 f   MSRImpl.obj
 0001:0000e210       ?get_FreezeEvents@COPOSMSR@@UEAAJPEAF@Z 000000018000f210 f   MSRImpl.obj
 0001:0000e240       ?get_MiddleInitial@COPOSMSR@@UEAAJPEAPEA_W@Z 000000018000f240 f   MSRImpl.obj
 0001:0000e250       ?get_OpenResult@COPOSMSR@@UEAAJPEAJ@Z 000000018000f250 f   MSRImpl.obj
 0001:0000e25c       ?get_ParseDecodeData@COPOSMSR@@UEAAJPEAF@Z 000000018000f25c f   MSRImpl.obj
 0001:0000e25c       ?get_ParseDecodedData@COPOSMSR@@UEAAJPEAF@Z 000000018000f25c f   MSRImpl.obj
 0001:0000e28c       ?get_PowerNotify@COPOSMSR@@UEAAJPEAJ@Z 000000018000f28c f   MSRImpl.obj
 0001:0000e2a0       ?get_PowerState@COPOSMSR@@UEAAJPEAJ@Z 000000018000f2a0 f   MSRImpl.obj
 0001:0000e2b4       ?get_ResultCode@COPOSMSR@@UEAAJPEAJ@Z 000000018000f2b4 f   MSRImpl.obj
 0001:0000e2f0       ?get_ResultCodeExtended@COPOSMSR@@UEAAJPEAJ@Z 000000018000f2f0 f   MSRImpl.obj
 0001:0000e300       ?get_ServiceCode@COPOSMSR@@UEAAJPEAPEA_W@Z 000000018000f300 f   MSRImpl.obj
 0001:0000e310       ?get_ServiceObjectDescription@COPOSMSR@@UEAAJPEAPEA_W@Z 000000018000f310 f   MSRImpl.obj
 0001:0000e320       ?get_ServiceObjectVersion@COPOSMSR@@UEAAJPEAJ@Z 000000018000f320 f   MSRImpl.obj
 0001:0000e330       ?get_State@COPOSMSR@@UEAAJPEAJ@Z 000000018000f330 f   MSRImpl.obj
 0001:0000e35c       ?get_Suffix@COPOSMSR@@UEAAJPEAPEA_W@Z 000000018000f35c f   MSRImpl.obj
 0001:0000e36c       ?get_Surname@COPOSMSR@@UEAAJPEAPEA_W@Z 000000018000f36c f   MSRImpl.obj
 0001:0000e37c       ?get_Title@COPOSMSR@@UEAAJPEAPEA_W@Z 000000018000f37c f   MSRImpl.obj
 0001:0000e38c       ?get_Track1Data@COPOSMSR@@UEAAJPEAPEA_W@Z 000000018000f38c f   MSRImpl.obj
 0001:0000e39c       ?get_Track1DiscretionaryData@COPOSMSR@@UEAAJPEAPEA_W@Z 000000018000f39c f   MSRImpl.obj
 0001:0000e3ac       ?get_Track1EncryptedData@COPOSMSR@@UEAAJPEAPEA_W@Z 000000018000f3ac f   MSRImpl.obj
 0001:0000e3c0       ?get_Track1EncryptedDataLength@COPOSMSR@@UEAAJPEAJ@Z 000000018000f3c0 f   MSRImpl.obj
 0001:0000e3d4       ?get_Track2Data@COPOSMSR@@UEAAJPEAPEA_W@Z 000000018000f3d4 f   MSRImpl.obj
 0001:0000e3e4       ?get_Track2DiscretionaryData@COPOSMSR@@UEAAJPEAPEA_W@Z 000000018000f3e4 f   MSRImpl.obj
 0001:0000e3f4       ?get_Track2EncryptedData@COPOSMSR@@UEAAJPEAPEA_W@Z 000000018000f3f4 f   MSRImpl.obj
 0001:0000e408       ?get_Track2EncryptedDataLength@COPOSMSR@@UEAAJPEAJ@Z 000000018000f408 f   MSRImpl.obj
 0001:0000e41c       ?get_Track3Data@COPOSMSR@@UEAAJPEAPEA_W@Z 000000018000f41c f   MSRImpl.obj
 0001:0000e42c       ?get_Track3EncryptedData@COPOSMSR@@UEAAJPEAPEA_W@Z 000000018000f42c f   MSRImpl.obj
 0001:0000e440       ?get_Track3EncryptedDataLength@COPOSMSR@@UEAAJPEAJ@Z 000000018000f440 f   MSRImpl.obj
 0001:0000e454       ?get_Track4Data@COPOSMSR@@UEAAJPEAPEA_W@Z 000000018000f454 f   MSRImpl.obj
 0001:0000e468       ?get_Track4EncryptedData@COPOSMSR@@UEAAJPEAPEA_W@Z 000000018000f468 f   MSRImpl.obj
 0001:0000e47c       ?get_Track4EncryptedDataLength@COPOSMSR@@UEAAJPEAJ@Z 000000018000f47c f   MSRImpl.obj
 0001:0000e490       ?get_TracksToRead@COPOSMSR@@UEAAJPEAJ@Z 000000018000f490 f   MSRImpl.obj
 0001:0000e4a0       ?get_TracksToWrite@COPOSMSR@@UEAAJPEAJ@Z 000000018000f4a0 f   MSRImpl.obj
 0001:0000e4b4       ?get_TransmitSentinels@COPOSMSR@@UEAAJPEAF@Z 000000018000f4b4 f   MSRImpl.obj
 0001:0000e4e8       ?get_WriteCardType@COPOSMSR@@UEAAJPEAPEA_W@Z 000000018000f4e8 f   MSRImpl.obj
 0001:0000e4fc       ?put_AutoDisable@COPOSMSR@@UEAAJF@Z 000000018000f4fc f   MSRImpl.obj
 0001:0000e514       ?put_BinaryConversion@COPOSMSR@@UEAAJJ@Z 000000018000f514 f   MSRImpl.obj
 0001:0000e528       ?put_DataEncryptionAlgorithm@COPOSMSR@@UEAAJJ@Z 000000018000f528 f   MSRImpl.obj
 0001:0000e53c       ?put_DataEventEnabled@COPOSMSR@@UEAAJF@Z 000000018000f53c f   MSRImpl.obj
 0001:0000e554       ?put_DecodeData@COPOSMSR@@UEAAJF@Z 000000018000f554 f   MSRImpl.obj
 0001:0000e56c       ?put_DeviceEnabled@COPOSMSR@@UEAAJF@Z 000000018000f56c f   MSRImpl.obj
 0001:0000e584       ?put_ErrorReportingType@COPOSMSR@@UEAAJJ@Z 000000018000f584 f   MSRImpl.obj
 0001:0000e598       ?put_FreezeEvents@COPOSMSR@@UEAAJF@Z 000000018000f598 f   MSRImpl.obj
 0001:0000e5e8       ?put_ParseDecodedData@COPOSMSR@@UEAAJF@Z 000000018000f5e8 f   MSRImpl.obj
 0001:0000e5e8       ?put_ParseDecodeData@COPOSMSR@@UEAAJF@Z 000000018000f5e8 f   MSRImpl.obj
 0001:0000e600       ?put_PowerNotify@COPOSMSR@@UEAAJJ@Z 000000018000f600 f   MSRImpl.obj
 0001:0000e614       ?put_TracksToRead@COPOSMSR@@UEAAJJ@Z 000000018000f614 f   MSRImpl.obj
 0001:0000e624       ?put_TracksToWrite@COPOSMSR@@UEAAJJ@Z 000000018000f624 f   MSRImpl.obj
 0001:0000e638       ?put_TransmitSentinels@COPOSMSR@@UEAAJF@Z 000000018000f638 f   MSRImpl.obj
 0001:0000e654       ?put_WriteCardType@COPOSMSR@@UEAAJPEA_W@Z 000000018000f654 f   MSRImpl.obj
 0001:0000e668       ?s_EventWindowProc@COPOSMSR@@KA_JPEAUHWND__@@I_K_J@Z 000000018000f668 f i MSRImpl.obj
 0001:0000e6e4       ??_U@YAPEAX_K@Z            000000018000f6e4 f   LIBCMT:new_array.obj
 0001:0000e6ec       ??_V@YAXPEAX@Z             000000018000f6ec f   LIBCMT:delete_array.obj
 0001:0000e6ec       ??3@YAXPEAX_K@Z            000000018000f6ec f   LIBCMT:delete_scalar_size.obj
 0001:0000e6f4       ??_V@YAXPEAX_K@Z           000000018000f6f4 f   LIBCMT:delete_array_size.obj
 0001:0000e6fc       __scrt_acquire_startup_lock 000000018000f6fc f   LIBCMT:utility.obj
 0001:0000e738       __scrt_dllmain_after_initialize_c 000000018000f738 f   LIBCMT:utility.obj
 0001:0000e76c       __scrt_dllmain_before_initialize_c 000000018000f76c f   LIBCMT:utility.obj
 0001:0000e784       __scrt_dllmain_crt_thread_attach 000000018000f784 f   LIBCMT:utility.obj
 0001:0000e7ac       __scrt_dllmain_crt_thread_detach 000000018000f7ac f   LIBCMT:utility.obj
 0001:0000e7c4       __scrt_dllmain_exception_filter 000000018000f7c4 f   LIBCMT:utility.obj
 0001:0000e824       __scrt_dllmain_uninitialize_c 000000018000f824 f   LIBCMT:utility.obj
 0001:0000e854       __scrt_dllmain_uninitialize_critical 000000018000f854 f   LIBCMT:utility.obj
 0001:0000e868       __scrt_initialize_crt      000000018000f868 f   LIBCMT:utility.obj
 0001:0000e8b4       __scrt_initialize_onexit_tables 000000018000f8b4 f   LIBCMT:utility.obj
 0001:0000e940       __scrt_is_nonwritable_in_current_image 000000018000f940 f   LIBCMT:utility.obj
 0001:0000e9d8       __scrt_release_startup_lock 000000018000f9d8 f   LIBCMT:utility.obj
 0001:0000e9fc       __scrt_uninitialize_crt    000000018000f9fc f   LIBCMT:utility.obj
 0001:0000ea28       _onexit                    000000018000fa28 f   LIBCMT:utility.obj
 0001:0000ea64       atexit                     000000018000fa64 f   LIBCMT:utility.obj
 0001:0000ea7c       ??3@YAXPEAX@Z              000000018000fa7c f   LIBCMT:delete_scalar.obj
 0001:0000eb7c       _Init_thread_footer        000000018000fb7c f   LIBCMT:thread_safe_statics.obj
 0001:0000ebdc       _Init_thread_header        000000018000fbdc f   LIBCMT:thread_safe_statics.obj
 0001:0000ec44       _Init_thread_notify        000000018000fc44 f   LIBCMT:thread_safe_statics.obj
 0001:0000ec88       _Init_thread_wait          000000018000fc88 f   LIBCMT:thread_safe_statics.obj
 0001:0000ecec       __raise_securityfailure    000000018000fcec f   LIBCMT:gs_report.obj
 0001:0000ed20       __report_gsfailure         000000018000fd20 f   LIBCMT:gs_report.obj
 0001:0000edf4       __report_rangecheckfailure 000000018000fdf4 f   LIBCMT:gs_report.obj
 0001:0000ee08       __report_securityfailure   000000018000fe08 f   LIBCMT:gs_report.obj
 0001:0000ef88       ??2@YAPEAX_KAEBUnothrow_t@std@@@Z 000000018000ff88 f   LIBCMT:new_scalar_nothrow.obj
 0001:0000efa8       ??_U@YAPEAX_KAEBUnothrow_t@std@@@Z 000000018000ffa8 f   LIBCMT:new_array_nothrow.obj
 0001:0000efb0       __GSHandlerCheck           000000018000ffb0 f   LIBCMT:gshandler.obj
 0001:0000efd0       __GSHandlerCheckCommon     000000018000ffd0 f   LIBCMT:gshandler.obj
 0001:0000f02c       __GSHandlerCheck_SEH       000000018001002c f   LIBCMT:gshandlerseh.obj
 0001:0000f0d0       _alloca_probe              00000001800100d0 f   LIBCMT:chkstk.obj
 0001:0000f0d0       __chkstk                   00000001800100d0 f   LIBCMT:chkstk.obj
 0001:0000f140       __security_check_cookie    0000000180010140 f   LIBCMT:amdsecgs.obj
 0001:0000f484       _DllMainCRTStartup         0000000180010484 f   LIBCMT:dll_dllmain.obj
 0001:0000f4c4       ??2@YAPEAX_K@Z             00000001800104c4 f   LIBCMT:new_scalar.obj
 0001:0000f500       __isa_available_init       0000000180010500 f   LIBCMT:cpu_disp.obj
 0001:0000f67c       __scrt_is_ucrt_dll_in_use  000000018001067c f   LIBCMT:ucrt_detection.obj
 0001:0000f688       __crt_debugger_hook        0000000180010688 f   LIBCMT:utility_desktop.obj
 0001:0000f690       __scrt_fastfail            0000000180010690 f   LIBCMT:utility_desktop.obj
 0001:0000f7dc       __security_init_cookie     00000001800107dc f   LIBCMT:gs_support.obj
 0001:0000f888       ?__scrt_initialize_type_info@@YAXXZ 0000000180010888 f   LIBCMT:tncleanup.obj
 0001:0000f898       ?__scrt_uninitialize_type_info@@YAXXZ 0000000180010898 f   LIBCMT:tncleanup.obj
 0001:0000f8a4       __local_stdio_scanf_options 00000001800108a4 f i LIBCMT:default_local_stdio_options.obj
 0001:0000f8ac       __scrt_initialize_default_local_stdio_options 00000001800108ac f   LIBCMT:default_local_stdio_options.obj
 0001:0000f8c8       __scrt_get_dyn_tls_init_callback 00000001800108c8 f   LIBCMT:dyn_tls_init.obj
 0001:0000f8d0       _RTC_Initialize            00000001800108d0 f   LIBCMT:initsect.obj
 0001:0000f90c       _RTC_Terminate             000000018001090c f   LIBCMT:initsect.obj
 0001:0000f948       ??0bad_alloc@std@@QEAA@AEBV01@@Z 0000000180010948 f i LIBCMT:throw_bad_alloc.obj
 0001:0000f984       ??0bad_alloc@std@@QEAA@XZ  0000000180010984 f i LIBCMT:throw_bad_alloc.obj
 0001:0000f9a4       ??0bad_array_new_length@std@@QEAA@AEBV01@@Z 00000001800109a4 f i LIBCMT:throw_bad_alloc.obj
 0001:0000f9e0       ??0bad_array_new_length@std@@QEAA@XZ 00000001800109e0 f i LIBCMT:throw_bad_alloc.obj
 0001:0000fa00       ??0exception@std@@QEAA@AEBV01@@Z 0000000180010a00 f i LIBCMT:throw_bad_alloc.obj
 0001:0000fa34       ??1bad_exception@std@@UEAA@XZ 0000000180010a34 f i libvcruntime:frame.obj
 0001:0000fa34       ??1bad_alloc@std@@UEAA@XZ  0000000180010a34 f i LIBCMT:throw_bad_alloc.obj
 0001:0000fa34       ??1bad_array_new_length@std@@UEAA@XZ 0000000180010a34 f i LIBCMT:throw_bad_alloc.obj
 0001:0000fa48       ??_Eexception@std@@UEAAPEAXI@Z 0000000180010a48 f i LIBCMT:throw_bad_alloc.obj
 0001:0000fa48       ??_Gbad_exception@std@@UEAAPEAXI@Z 0000000180010a48 f i libvcruntime:frame.obj
 0001:0000fa48       ??_Gbad_array_new_length@std@@UEAAPEAXI@Z 0000000180010a48 f i LIBCMT:throw_bad_alloc.obj
 0001:0000fa48       ??_Ebad_array_new_length@std@@UEAAPEAXI@Z 0000000180010a48 f i LIBCMT:throw_bad_alloc.obj
 0001:0000fa48       ??_Ebad_exception@std@@UEAAPEAXI@Z 0000000180010a48 f i libvcruntime:frame.obj
 0001:0000fa48       ??_Gexception@std@@UEAAPEAXI@Z 0000000180010a48 f i LIBCMT:throw_bad_alloc.obj
 0001:0000fa48       ??_Ebad_alloc@std@@UEAAPEAXI@Z 0000000180010a48 f i LIBCMT:throw_bad_alloc.obj
 0001:0000fa48       ??_Gbad_alloc@std@@UEAAPEAXI@Z 0000000180010a48 f i LIBCMT:throw_bad_alloc.obj
 0001:0000fa8c       ?__scrt_throw_std_bad_alloc@@YAXXZ 0000000180010a8c f   LIBCMT:throw_bad_alloc.obj
 0001:0000faac       ?__scrt_throw_std_bad_array_new_length@@YAXXZ 0000000180010aac f   LIBCMT:throw_bad_alloc.obj
 0001:0000facc       ?what@exception@std@@UEBAPEBDXZ 0000000180010acc f i LIBCMT:throw_bad_alloc.obj
 0001:0000fae0       ??_Etype_info@@UEAAPEAXI@Z 0000000180010ae0 f i LIBCMT:std_type_info_static.obj
 0001:0000fae0       ??_Gtype_info@@UEAAPEAXI@Z 0000000180010ae0 f i LIBCMT:std_type_info_static.obj
 0001:0000fb0c       ??0CAtlBaseModule@ATL@@QEAA@XZ 0000000180010b0c f   atls:atlbase.obj
 0001:0000fbb4       ??1CAtlBaseModule@ATL@@QEAA@XZ 0000000180010bb4 f   atls:atlbase.obj
 0001:0000fce8       ?__AllocStdCallThunk_cmn@@YAPEAXXZ 0000000180010ce8 f   atls:atlthunk.obj
 0001:0000fe40       AtlThunk_AllocateData      0000000180010e40 f   atls:atlthunk.obj
 0001:0000febc       AtlThunk_DataToCode        0000000180010ebc f   atls:atlthunk.obj
 0001:0000ff10       AtlThunk_FreeData          0000000180010f10 f   atls:atlthunk.obj
 0001:0000ff70       AtlThunk_InitData          0000000180010f70 f   atls:atlthunk.obj
 0001:00010018       _purecall                  0000000180011018 f   libvcruntime:purevirt.obj
 0001:00010034       wcsstr                     0000000180011034 f   libvcruntime:wcsstr.obj
 0001:00010260       memcmp                     0000000180011260 f   libvcruntime:memcmp.obj
 0001:00010340       memcpy_repmovs             0000000180011340 f   libvcruntime:memcpy.obj
 0001:00010360       memmove                    0000000180011360 f   libvcruntime:memcpy.obj
 0001:00010360       memcpy                     0000000180011360 f   libvcruntime:memcpy.obj
 0001:00010750       memset_repmovs             0000000180011750 f   libvcruntime:memset.obj
 0001:00010770       memset                     0000000180011770 f   libvcruntime:memset.obj
 0001:00010900       __vcrt_initialize          0000000180011900 f   libvcruntime:initialization.obj
 0001:00010928       __vcrt_thread_attach       0000000180011928 f   libvcruntime:initialization.obj
 0001:0001093c       __vcrt_thread_detach       000000018001193c f   libvcruntime:initialization.obj
 0001:00010950       __vcrt_uninitialize        0000000180011950 f   libvcruntime:initialization.obj
 0001:0001096c       __vcrt_uninitialize_critical 000000018001196c f   libvcruntime:initialization.obj
 0001:0001097c       __C_specific_handler       000000018001197c f   libvcruntime:riscchandler.obj
 0001:00010b88       ??$_CallSETranslator@V__FrameHandler3@@@@YAHPEAUEHExceptionRecord@@PEA_KPEAU_CONTEXT@@PEAU_xDISPATCHER_CONTEXT@@PEBU_s_FuncInfo@@K1@Z 0000000180011b88 f i libvcruntime:risctrnsctrl.obj
 0001:00010bdc       ?CatchTryBlock@__FrameHandler3@@SAPEBU_s_TryBlockMapEntry@@PEBU_s_FuncInfo@@H@Z 0000000180011bdc f   libvcruntime:risctrnsctrl.obj
 0001:00010c30       ?ExecutionInCatch@__FrameHandler3@@SA_NPEAU_xDISPATCHER_CONTEXT@@PEBU_s_FuncInfo@@@Z 0000000180011c30 f   libvcruntime:risctrnsctrl.obj
 0001:00010c5c       ?FrameUnwindToEmptyState@__FrameHandler3@@SAXPEA_KPEAU_xDISPATCHER_CONTEXT@@PEBU_s_FuncInfo@@@Z 0000000180011c5c f   libvcruntime:risctrnsctrl.obj
[...]
 0004:0000183c       $pdata$__acrt_SetThreadStackGuarantee 000000018003483c     libucrt:winapi_thunks.obj
 0004:00001848       $pdata$?try_get_function@@YAPEAXW4function_id@?A0x391cf84c@@QEBDQEBW4module_id@2@2@Z 0000000180034848     libucrt:winapi_thunks.obj
 0004:00001854       $pdata$wcstol              0000000180034854     libucrt:strtox.obj
 0004:00001860       $pdata$_mbtowc_l           0000000180034860     libucrt:mbtowc.obj
 0004:0000186c       $pdata$__acrt_update_locale_info 000000018003486c     libucrt:locale_update.obj
 0004:00001878       $pdata$__acrt_update_multibyte_info 0000000180034878     libucrt:locale_update.obj
 0004:00001884       $pdata$__acrt_fp_format    0000000180034884     libucrt:cvt.obj
 0004:00001890       $pdata$?fp_format_e_internal@@YAHQEAD_KH_NIQEAU_strflt@@2QEAU__crt_locale_pointers@@@Z 0000000180034890     libucrt:cvt.obj
 0004:0000189c       $pdata$?fp_format_e@@YAHQEBNQEAD_K12H_NIQEAU__crt_locale_pointers@@@Z 000000018003489c     libucrt:cvt.obj
 0004:000018a8       $pdata$?fp_format_a@@YAHQEBNPEAD_KQEAD2H_NIQEAU__crt_locale_pointers@@@Z 00000001800348a8     libucrt:cvt.obj
 0004:000018b4       $pdata$?fp_format_f_internal@@YAHQEAD_KHQEAU_strflt@@_NQEAU__crt_locale_pointers@@@Z 00000001800348b4     libucrt:cvt.obj
 0004:000018c0       $pdata$?fp_format_g@@YAHQEBNQEAD_K12H_NIQEAU__crt_locale_pointers@@@Z 00000001800348c0     libucrt:cvt.obj
 0004:000018cc       $pdata$_fileno             00000001800348cc     libucrt:fileno.obj
 0004:000018d8       $pdata$__acrt_initialize_stdio 00000001800348d8     libucrt:_file.obj
 0004:000018e4       $pdata$__acrt_uninitialize_stdio 00000001800348e4     libucrt:_file.obj
 0004:000018f0       $pdata$__acrt_uninitialize_locale 00000001800348f0     libucrt:wsetlocale.obj
 0004:000018fc       $pdata$??$?RV<lambda_410d79af7f07d98d83a3f525b3859a53>@@AEAV<lambda_3e16ef9562a7dcce91392c22ab16ea36>@@V<lambda_38119f0e861e05405d8a144b9b982f0a>@@@?$__crt_seh_guarded_call@X@@QEAAX$$QEAV<lambda_410d79af7f07d98d83a3f525b3859a53>@@AEAV<lambda_3e16ef9562a7dcce91392c22ab16ea36>@@$$QEAV<lambda_38119f0e861e05405d8a144b9b982f0a>@@@Z 00000001800348fc     libucrt:wsetlocale.obj
 0004:00001908       $pdata$?fin$0@?0???$?RV<lambda_410d79af7f07d98d83a3f525b3859a53>@@AEAV<lambda_3e16ef9562a7dcce91392c22ab16ea36>@@V<lambda_38119f0e861e05405d8a144b9b982f0a>@@@?$__crt_seh_guarded_call@X@@QEAAX$$QEAV<lambda_410d79af7f07d98d83a3f525b3859a53>@@AEAV<lambda_3e16ef9562a7dcce91392c22ab16ea36>@@$$QEAV<lambda_38119f0e861e05405d8a144b9b982f0a>@@@Z@4HA 0000000180034908     libucrt:wsetlocale.obj
 0004:00001914       $pdata$__acrt_initialize_lowio 0000000180034914     libucrt:ioinit.obj
 0004:00001920       $pdata$__acrt_initialize_lowio$fin$0 0000000180034920     libucrt:ioinit.obj
 0004:00001920       $pdata$__acrt_lowio_ensure_fh_exists$fin$0 0000000180034920     libucrt:osfinfo.obj
 0004:0000192c       $pdata$__acrt_uninitialize_lowio 000000018003492c     libucrt:ioinit.obj
 0004:00001938       $pdata$?initialize_inherited_file_handles_nolock@@YAXXZ 0000000180034938     libucrt:ioinit.obj
 0004:00001944       $pdata$?initialize_stdio_handles_nolock@@YAXXZ 0000000180034944     libucrt:ioinit.obj
 0004:00001950       $pdata$__acrt_initialize_locks 0000000180034950     libucrt:locks.obj
 0004:0000195c       $pdata$__acrt_uninitialize_locks 000000018003495c     libucrt:locks.obj
 0004:00001968       $pdata$__acrt_get_process_end_policy 0000000180034968     libucrt:win_policies.obj
 0004:00001974       $pdata$??$__acrt_mbs_to_wcs_cp@U__crt_win32_buffer_internal_dynamic_resizing@@@@YAHQEBDAEAV?$__crt_win32_buffer@_WU__crt_win32_buffer_internal_dynamic_resizing@@@@I@Z 0000000180034974     libucrt:argv_wildcards.obj
 0004:00001980       $pdata$??$__acrt_wcs_to_mbs_cp@U__crt_win32_buffer_internal_dynamic_resizing@@@@YAHQEB_WAEAV?$__crt_win32_buffer@DU__crt_win32_buffer_internal_dynamic_resizing@@@@I@Z 0000000180034980     libucrt:argv_wildcards.obj
 0004:0000198c       $pdata$??$common_expand_argv_wildcards@D@@YAHQEAPEADQEAPEAPEAD@Z 000000018003498c     libucrt:argv_wildcards.obj
 0004:00001998       $pdata$??$copy_and_add_argument_to_buffer@D@@YAHQEBD0_KAEAV?$argument_list@D@?A0x5f5c8891@@@Z 0000000180034998     libucrt:argv_wildcards.obj
 0004:000019a4       $pdata$??$expand_argument_wildcards@D@@YAHQEAD0AEAV?$argument_list@D@?A0x5f5c8891@@@Z 00000001800349a4     libucrt:argv_wildcards.obj
 0004:000019b0       $pdata$__acrt_GetModuleFileNameA 00000001800349b0     libucrt:getmodulefilenamea.obj
 0004:000019bc       $pdata$??$__acrt_wcs_to_mbs_cp@U__crt_win32_buffer_no_resizing@@@@YAHQEB_WAEAV?$__crt_win32_buffer@DU__crt_win32_buffer_no_resizing@@@@I@Z 00000001800349bc     libucrt:getmodulefilenamea.obj
 0004:000019c8       $pdata$__acrt_update_thread_multibyte_data 00000001800349c8     libucrt:mbctype.obj
 0004:000019d4       $pdata$__acrt_initialize_multibyte 00000001800349d4     libucrt:mbctype.obj
 0004:000019e0       $pdata$_setmbcp_nolock     00000001800349e0     libucrt:mbctype.obj
 0004:000019ec       $pdata$?getSystemCP@@YAHH@Z 00000001800349ec     libucrt:mbctype.obj
 0004:000019f8       $pdata$?setSBCS@@YAXPEAU__crt_multibyte_data@@@Z 00000001800349f8     libucrt:mbctype.obj
 0004:00001a04       $pdata$?update_thread_multibyte_data_internal@@YAPEAU__crt_multibyte_data@@QEAU__acrt_ptd@@QEAPEAU1@@Z 0000000180034a04     libucrt:mbctype.obj
 0004:00001a10       $pdata$?fin$0@?0??update_thread_multibyte_data_internal@@YAPEAU__crt_multibyte_data@@QEAU__acrt_ptd@@QEAPEAU1@@Z@4HA 0000000180034a10     libucrt:mbctype.obj
 0004:00001a1c       $pdata$?setmbcp_internal@@YAHH_NQEAU__acrt_ptd@@QEAPEAU__crt_multibyte_data@@@Z 0000000180034a1c     libucrt:mbctype.obj
 0004:00001a28       $pdata$?setSBUpLow@@YAXPEAU__crt_multibyte_data@@@Z 0000000180034a28     libucrt:mbctype.obj
 0004:00001a34       $pdata$??$?RV<lambda_efdfa57d1f175319df784efa44bb7b81>@@AEAV<lambda_5f0a4c1567f8adc6734073e5d1e1b35c>@@V<lambda_2e8a7d3640ea6ccb4c2413664c2db6fd>@@@?$__crt_seh_guarded_call@X@@QEAAX$$QEAV<lambda_efdfa57d1f175319df784efa44bb7b81>@@AEAV<lambda_5f0a4c1567f8adc6734073e5d1e1b35c>@@$$QEAV<lambda_2e8a7d3640ea6ccb4c2413664c2db6fd>@@@Z 0000000180034a34     libucrt:mbctype.obj
 0004:00001a40       $pdata$?x_ismbbtype_l@@YAHPEAU__crt_locale_pointers@@IHH@Z 0000000180034a40     libucrt:ismbbyte.obj
 0004:00001a4c       $pdata$__acrt_initialize_command_line 0000000180034a4c     libucrt:argv_data.obj
 0004:00001a58       $pdata$__acrt_WideCharToMultiByte 0000000180034a58     libucrt:widechartomultibyte.obj
 0004:00001a64       $pdata$__dcrt_get_narrow_environment_from_os 0000000180034a64     libucrt:get_environment_from_os.obj
 0004:00001a70       $pdata$__acrt_initialize_heap 0000000180034a70     libucrt:heap_handle.obj
 0004:00001a7c       $pdata$__acrt_execute_initializers 0000000180034a7c     libucrt:shared_initialization.obj
 0004:00001a88       $pdata$__acrt_execute_uninitializers 0000000180034a88     libucrt:shared_initialization.obj
 0004:00001a94       $pdata$__acrt_get_sigabrt_handler 0000000180034a94     libucrt:signal.obj
 0004:00001aa0       $pdata$raise               0000000180034aa0     libucrt:signal.obj
 0004:00001aac       $pdata$raise$fin$0         0000000180034aac     libucrt:signal.obj
 0004:00001ab8       $pdata$??$?RV<lambda_450d765d439847d4c735a33c368b5fc0>@@AEAV<lambda_44731a7d0e6d81c3e6aa82d741081786>@@V<lambda_601a2a7da3b7a96e9554ac7215c4b07c>@@@?$__crt_seh_guarded_call@P6AXH@Z@@QEAAP6AXH@Z$$QEAV<lambda_450d765d439847d4c735a33c368b5fc0>@@AEAV<lambda_44731a7d0e6d81c3e6aa82d741081786>@@$$QEAV<lambda_601a2a7da3b7a96e9554ac7215c4b07c>@@@Z 0000000180034ab8     libucrt:signal.obj
 0004:00001ac4       $pdata$_fflush_nolock      0000000180034ac4     libucrt:fflush.obj
 0004:00001ad0       $pdata$__acrt_stdio_flush_nolock 0000000180034ad0     libucrt:fflush.obj
 0004:00001adc       $pdata$?common_flush_all@@YAH_N@Z 0000000180034adc     libucrt:fflush.obj
 0004:00001ae8       $pdata$??$?RV<lambda_842d9ff0dc9ef11c61343bbaebe7f885>@@AEAV<lambda_c5860995281e5c4ce005b3de8f5874ee>@@V<lambda_d90129c13df834fdcbf8d2b88dafcf2d>@@@?$__crt_seh_guarded_call@X@@QEAAX$$QEAV<lambda_842d9ff0dc9ef11c61343bbaebe7f885>@@AEAV<lambda_c5860995281e5c4ce005b3de8f5874ee>@@$$QEAV<lambda_d90129c13df834fdcbf8d2b88dafcf2d>@@@Z 0000000180034ae8     libucrt:fflush.obj
 0004:00001af4       $pdata$?fin$0@?0???$?RV<lambda_842d9ff0dc9ef11c61343bbaebe7f885>@@AEAV<lambda_c5860995281e5c4ce005b3de8f5874ee>@@V<lambda_d90129c13df834fdcbf8d2b88dafcf2d>@@@?$__crt_seh_guarded_call@X@@QEAAX$$QEAV<lambda_842d9ff0dc9ef11c61343bbaebe7f885>@@AEAV<lambda_c5860995281e5c4ce005b3de8f5874ee>@@$$QEAV<lambda_d90129c13df834fdcbf8d2b88dafcf2d>@@@Z@4HA 0000000180034af4     libucrt:fflush.obj
 0004:00001b00       $pdata$??$?RV<lambda_886d6c58226a84441f68b9f2b8217b83>@@AEAV<lambda_ab61a845afdef5b7c387490eaf3616ee>@@V<lambda_f7f22ab5edc0698d5f6905b0d3f44752>@@@?$__crt_seh_guarded_call@X@@QEAAX$$QEAV<lambda_886d6c58226a84441f68b9f2b8217b83>@@AEAV<lambda_ab61a845afdef5b7c387490eaf3616ee>@@$$QEAV<lambda_f7f22ab5edc0698d5f6905b0d3f44752>@@@Z 0000000180034b00     libucrt:fflush.obj
 0004:00001b0c       $pdata$?fin$0@?0???$?RV<lambda_886d6c58226a84441f68b9f2b8217b83>@@AEAV<lambda_ab61a845afdef5b7c387490eaf3616ee>@@V<lambda_f7f22ab5edc0698d5f6905b0d3f44752>@@@?$__crt_seh_guarded_call@X@@QEAAX$$QEAV<lambda_886d6c58226a84441f68b9f2b8217b83>@@AEAV<lambda_ab61a845afdef5b7c387490eaf3616ee>@@$$QEAV<lambda_f7f22ab5edc0698d5f6905b0d3f44752>@@@Z@4HA 0000000180034b0c     libucrt:fflush.obj
 0004:00001b18       $pdata$__pctype_func       0000000180034b18     libucrt:ctype.obj
 0004:00001b24       $pdata$iswctype            0000000180034b24     libucrt:iswctype.obj
 0004:00001b30       $pdata$__acrt_release_locale_ref 0000000180034b30     libucrt:locale_refcounting.obj
 0004:00001b3c       $pdata$__acrt_free_locale  0000000180034b3c     libucrt:locale_refcounting.obj
 0004:00001b48       $pdata$__acrt_locale_free_lc_time_if_unreferenced 0000000180034b48     libucrt:locale_refcounting.obj
 0004:00001b54       $pdata$__acrt_update_thread_locale_data 0000000180034b54     libucrt:locale_refcounting.obj
 0004:00001b60       $pdata$__acrt_update_thread_locale_data$fin$0 0000000180034b60     libucrt:locale_refcounting.obj
 0004:00001b6c       $pdata$_updatetlocinfoEx_nolock 0000000180034b6c     libucrt:locale_refcounting.obj
 0004:00001b78       $pdata$__acrt_DownlevelLocaleNameToLCID 0000000180034b78     libucrt:lcidtoname_downlevel.obj
 0004:00001b84       $pdata$_isleadbyte_l       0000000180034b84     libucrt:_wctype.obj
 0004:00001b90       $pdata$?__mbrtowc_utf8@__crt_mbstring@@YA_KPEA_WPEBD_KPEAU_Mbstatet@@@Z 0000000180034b90     libucrt:mbrtowc.obj
 0004:00001b9c       $pdata$?__mbsrtowcs_utf8@__crt_mbstring@@YA_KPEA_WPEAPEBD_KPEAU_Mbstatet@@@Z 0000000180034b9c     libucrt:mbrtowc.obj
 0004:00001ba8       $pdata$__acrt_fp_strflt_to_string 0000000180034ba8     libucrt:_fptostr.obj
 0004:00001bb4       $pdata$__acrt_fltout       0000000180034bb4     libucrt:cfout.obj
 0004:00001bc0       $pdata$?divide@__crt_strtox@@YA_KAEAUbig_integer@1@AEBU21@@Z 0000000180034bc0     libucrt:cfout.obj
 0004:00001bcc       $pdata$0$?divide@__crt_strtox@@YA_KAEAUbig_integer@1@AEBU21@@Z 0000000180034bcc     libucrt:cfout.obj
 0004:00001bd8       $pdata$1$?divide@__crt_strtox@@YA_KAEAUbig_integer@1@AEBU21@@Z 0000000180034bd8     libucrt:cfout.obj
 0004:00001be4       $pdata$_fcloseall          0000000180034be4     libucrt:closeall.obj
 0004:00001bf0       $pdata$_fcloseall$fin$0    0000000180034bf0     libucrt:closeall.obj
 0004:00001bfc       $pdata$__acrt_stdio_free_buffer_nolock 0000000180034bfc     libucrt:_freebuf.obj
 0004:00001c08       $pdata$_isatty             0000000180034c08     libucrt:isatty.obj
 0004:00001c14       $pdata$__acrt_locale_free_monetary 0000000180034c14     libucrt:initmon.obj
 0004:00001c20       $pdata$__acrt_locale_free_numeric 0000000180034c20     libucrt:initnum.obj
 0004:00001c2c       $pdata$__acrt_locale_free_time 0000000180034c2c     libucrt:inittime.obj
 0004:00001c38       $pdata$?free_crt_array_internal@@YAXQEAPEBX_K@Z 0000000180034c38     libucrt:inittime.obj
 0004:00001c44       $pdata$__acrt_GetStringTypeA 0000000180034c44     libucrt:getstringtypea.obj
 0004:00001c50       $pdata$_get_osfhandle      0000000180034c50     libucrt:osfinfo.obj
 0004:00001c5c       $pdata$_free_osfhnd        0000000180034c5c     libucrt:osfinfo.obj
 0004:00001c68       $pdata$__acrt_lowio_create_handle_array 0000000180034c68     libucrt:osfinfo.obj
 0004:00001c74       $pdata$__acrt_lowio_destroy_handle_array 0000000180034c74     libucrt:osfinfo.obj
 0004:00001c80       $pdata$__acrt_lowio_ensure_fh_exists 0000000180034c80     libucrt:osfinfo.obj
 0004:00001c8c       $pdata$qsort               0000000180034c8c     libucrt:qsort.obj
 0004:00001c98       $pdata$4$qsort             0000000180034c98     libucrt:qsort.obj
 0004:00001ca4       $pdata$5$qsort             0000000180034ca4     libucrt:qsort.obj
 0004:00001cb0       $pdata$strncpy_s           0000000180034cb0     libucrt:strncpy_s.obj
 0004:00001cbc       $pdata$strpbrk             0000000180034cbc     libucrt:strpbrk.obj
 0004:00001cc8       $pdata$fallbackMethod      0000000180034cc8     libucrt:strpbrk.obj
 0004:00001cd4       $pdata$_mbsdec_l           0000000180034cd4     libucrt:mbsdec.obj
 0004:00001ce0       $pdata$__acrt_LCMapStringA 0000000180034ce0     libucrt:lcmapstringa.obj
 0004:00001cec       $pdata$?__acrt_LCMapStringA_stat@@YAHPEAU__crt_locale_pointers@@PEB_WKPEBDHPEADHHH@Z 0000000180034cec     libucrt:lcmapstringa.obj
 0004:00001cf8       $pdata$?initialize_multibyte@@YAHXZ 0000000180034cf8     libucrt:multibyte_initializer.obj
 0004:00001d04       $pdata$_commit             0000000180034d04     libucrt:commit.obj
 0004:00001d10       $pdata$??$?RV<lambda_a37b2b86f63e897a80ea819b0eb08c01>@@AEAV<lambda_38ce7e780aa69e748d6df282ebc68efe>@@V<lambda_99fb1378e971ab6e7edea83e3a7a83a2>@@@?$__crt_seh_guarded_call@H@@QEAAH$$QEAV<lambda_a37b2b86f63e897a80ea819b0eb08c01>@@AEAV<lambda_38ce7e780aa69e748d6df282ebc68efe>@@$$QEAV<lambda_99fb1378e971ab6e7edea83e3a7a83a2>@@@Z 0000000180034d10     libucrt:commit.obj
 0004:00001d1c       $pdata$?fin$0@?0???$?RV<lambda_751a882b2c74d4b022dec766aa51a29a>@@AEAV<lambda_628dfdc04ba53c8bfc02c9951375f3f5>@@V<lambda_f6c7be5f7998530c34de24c7437d6b54>@@@?$__crt_seh_guarded_call@H@@QEAAH$$QEAV<lambda_751a882b2c74d4b022dec766aa51a29a>@@AEAV<lambda_628dfdc04ba53c8bfc02c9951375f3f5>@@$$QEAV<lambda_f6c7be5f7998530c34de24c7437d6b54>@@@Z@4HA 0000000180034d1c     libucrt:close.obj
 0004:00001d1c       $pdata$?fin$0@?0???$?RV<lambda_a37b2b86f63e897a80ea819b0eb08c01>@@AEAV<lambda_38ce7e780aa69e748d6df282ebc68efe>@@V<lambda_99fb1378e971ab6e7edea83e3a7a83a2>@@@?$__crt_seh_guarded_call@H@@QEAAH$$QEAV<lambda_a37b2b86f63e897a80ea819b0eb08c01>@@AEAV<lambda_38ce7e780aa69e748d6df282ebc68efe>@@$$QEAV<lambda_99fb1378e971ab6e7edea83e3a7a83a2>@@@Z@4HA 0000000180034d1c     libucrt:commit.obj
 0004:00001d28       $pdata$_write              0000000180034d28     libucrt:write.obj
 0004:00001d34       $pdata$_write$fin$0        0000000180034d34     libucrt:write.obj
 0004:00001d40       $pdata$_write_nolock       0000000180034d40     libucrt:write.obj
 0004:00001d4c       $pdata$?write_double_translated_ansi_nolock@@YA?AUwrite_result@?A0x17268360@@HQEBDI@Z 0000000180034d4c     libucrt:write.obj
 0004:00001d58       $pdata$?write_text_ansi_nolock@@YA?AUwrite_result@?A0x17268360@@HQEBDI@Z 0000000180034d58     libucrt:write.obj
 0004:00001d64       $pdata$?write_text_utf16le_nolock@@YA?AUwrite_result@?A0x17268360@@HQEBDI@Z 0000000180034d64     libucrt:write.obj
 0004:00001d70       $pdata$?write_text_utf8_nolock@@YA?AUwrite_result@?A0x17268360@@HQEBDI@Z 0000000180034d70     libucrt:write.obj
 0004:00001d7c       $pdata$?__mbrtoc32_utf8@__crt_mbstring@@YA_KPEA_UPEBD_KPEAU_Mbstatet@@@Z 0000000180034d7c     libucrt:mbrtoc32.obj
 0004:00001d88       $pdata$fegetenv            0000000180034d88     libucrt:fegetenv.obj
 0004:00001d94       $pdata$fesetenv            0000000180034d94     libucrt:fesetenv.obj
 0004:00001da0       $pdata$feholdexcept        0000000180034da0     libucrt:feholdexcept.obj
 0004:00001db8       $pdata$??$common_lseek_nolock@_J@@YA_JH_JH@Z 0000000180034db8     libucrt:lseek.obj
 0004:00001dc4       $pdata$fclose              0000000180034dc4     libucrt:fclose.obj
 0004:00001dd0       $pdata$fclose$fin$0        0000000180034dd0     libucrt:fclose.obj
 0004:00001ddc       $pdata$_fclose_nolock      0000000180034ddc     libucrt:fclose.obj
 0004:00001de8       $pdata$_putwch_nolock      0000000180034de8     libucrt:putwch.obj
 0004:00001df4       $pdata$__acrt_fenv_set_control 0000000180034df4     libucrt:_fenvutils.obj
 0004:00001e00       $pdata$_clearfp            0000000180034e00     libucrt:ieee.obj
 0004:00001e0c       $pdata$_call_matherr       0000000180034e0c     libucrt:libm_error.obj
 0004:00001e18       $pdata$_exception_enabled  0000000180034e18     libucrt:libm_error.obj
 0004:00001e24       $pdata$_handle_error       0000000180034e24     libucrt:libm_error.obj
 0004:00001e30       $pdata$__acrt_initialize_fma3 0000000180034e30     libucrt:fma3_available.obj
 0004:00001e3c       $pdata$_log_special_common 0000000180034e3c     libucrt:log_special.obj
 0004:00001e48       $pdata$_log10_special      0000000180034e48     libucrt:log_special.obj
 0004:00001e54       $pdata$_close              0000000180034e54     libucrt:close.obj
 0004:00001e60       $pdata$_close_nolock       0000000180034e60     libucrt:close.obj
 0004:00001e6c       $pdata$??$?RV<lambda_751a882b2c74d4b022dec766aa51a29a>@@AEAV<lambda_628dfdc04ba53c8bfc02c9951375f3f5>@@V<lambda_f6c7be5f7998530c34de24c7437d6b54>@@@?$__crt_seh_guarded_call@H@@QEAAH$$QEAV<lambda_751a882b2c74d4b022dec766aa51a29a>@@AEAV<lambda_628dfdc04ba53c8bfc02c9951375f3f5>@@$$QEAV<lambda_f6c7be5f7998530c34de24c7437d6b54>@@@Z 0000000180034e6c     libucrt:close.obj
 0004:00001e78       $pdata$__dcrt_lowio_ensure_console_output_initialized 0000000180034e78     libucrt:initcon.obj
 0004:00001e84       $pdata$__dcrt_write_console 0000000180034e84     libucrt:initcon.obj
 0004:00001e90       $pdata$__dcrt_terminate_console_output 0000000180034e90     libucrt:initcon.obj
 0004:00001ea8       $pdata$_set_errno_from_matherr 0000000180034ea8     libucrt:fpexcept.obj
 0004:00001eb4       $pdata$_raise_exc          0000000180034eb4     libucrt:fpexcept.obj
 0004:00001ec0       $pdata$_raise_exc_ex       0000000180034ec0     libucrt:fpexcept.obj
 0004:00001ecc       $pdata$_clrfp              0000000180034ecc     libucrt:fpctrl.obj
 0004:00001ed8       $pdata$_ctrlfp             0000000180034ed8     libucrt:fpctrl.obj
 0004:00001ee4       $pdata$_ctrlfp$filt$0      0000000180034ee4     libucrt:fpctrl.obj
 0004:00001ef0       $pdata$_statfp             0000000180034ef0     libucrt:fpctrl.obj
 0004:00001efc       $pdata$_set_statfp         0000000180034efc     libucrt:fpctrl.obj
 0004:00001f08       $pdata$_IsNonwritableInCurrentImage 0000000180034f08     LIBCMT:pesect.obj
 0004:00001f14       $pdata$_IsNonwritableInCurrentImage$filt$0 0000000180034f14     LIBCMT:pesect.obj
 0005:00000000       MoveSmall                  0000000180035000     libvcruntime:memcpy.obj
 0005:00000050       MsetTab                    0000000180035050     libvcruntime:memset.obj
 0006:00000220       $R000000                   0000000180036220     MSR.res
 0006:00000b68       $R000948                   0000000180036b68     MSR.res
 0006:00000c50       $R000A30                   0000000180036c50     MSR.res
 0006:00000eb8       $R000C98                   0000000180036eb8     MSR.res
 0006:000013a8       $R001188                   00000001800373a8     MSR.res
 0006:00005b80       $R005960                   000000018003bb80     MSR.res
 0006:00005ba8       $R005988                   000000018003bba8     MSR.res
