 OPOSElectronicJournal

 Timestamp is 600f782f (Tue Jan 26 11:02:23 2021)

 Preferred load address is 0000000180000000

 Start         Length     Name                   Class
 0001:00000000 000000c0H .text$di                CODE
 0001:000000c0 00021ff0H .text$mn                CODE
 0001:000220b0 00000040H .text$mn$00             CODE
 0001:000220f0 000004b0H .text$x                 CODE
 0001:000225a0 00000078H .text$yd                CODE
 0002:00000000 00000618H .idata$5                DATA
 0002:00000618 00000028H .00cfg                  DATA
 0002:00000640 00000008H .CRT$XCA                DATA
 0002:00000648 00000008H .CRT$XCL                DATA
 0002:00000650 00000020H .CRT$XCU                DATA
 0002:00000670 00000008H .CRT$XCZ                DATA
 0002:00000678 00000008H .CRT$XIA                DATA
 0002:00000680 00000020H .CRT$XIC                DATA
 0002:000006a0 00000008H .CRT$XIZ                DATA
 0002:000006a8 00000008H .CRT$XLA                DATA
 0002:000006b0 00000008H .CRT$XLZ                DATA
 0002:000006b8 00000008H .CRT$XPA                DATA
 0002:000006c0 00000010H .CRT$XPX                DATA
 0002:000006d0 00000008H .CRT$XPXA               DATA
 0002:000006d8 00000008H .CRT$XPZ                DATA
 0002:000006e0 00000008H .CRT$XTA                DATA
 0002:000006e8 00000008H .CRT$XTZ                DATA
 0002:000006f0 00000000H .gehcont$y              DATA
 0002:000006f0 00000000H .gfids$y                DATA
 0002:000006f0 0000ab90H .rdata                  DATA
 0002:0000b280 00000000H .rdata$CastGuardVftablesA DATA
 0002:0000b280 00000000H .rdata$CastGuardVftablesC DATA
 0002:0000b280 00000028H .rdata$T                DATA
 0002:0000b2a8 00000274H .rdata$r                DATA
 0002:0000b51c 00000414H .rdata$zzzdbg           DATA
 0002:0000b930 00000008H .rtc$IAA                DATA
 0002:0000b938 00000008H .rtc$IZZ                DATA
 0002:0000b940 00000008H .rtc$TAA                DATA
 0002:0000b948 00000008H .rtc$TZZ                DATA
 0002:0000b950 00000004H .tls                    DATA
 0002:0000b954 00000004H .tls$                   DATA
 0002:0000b958 00000008H .tls$ZZZ                DATA
 0002:0000b960 00001720H .xdata                  DATA
 0002:0000d080 00000150H .xdata$x                DATA
 0002:0000d1d0 00000008H ATL$__a                 DATA
 0002:0000d1d8 00000008H ATL$__z                 DATA
 0002:0000d1e0 000000b4H .edata                  DATA
 0002:0000d294 00000078H .idata$2                DATA
 0002:0000d30c 00000014H .idata$3                DATA
 0002:0000d320 00000618H .idata$4                DATA
 0002:0000d938 00000c2aH .idata$6                DATA
 0003:00000000 00000e18H .data                   DATA
 0003:00000e18 000000c8H .data$r                 DATA
 0003:00000ee0 0000141cH .bss                    DATA
 0004:00000000 00002028H .pdata                  DATA
 0005:00000000 00000094H _RDATA                  DATA
 0006:00000000 00000220H .rsrc$01                DATA
 0006:00000220 000050e8H .rsrc$02                DATA

  Address         Publics by Value              Rva+Base               Lib:Object

 0000:00000000       ___safe_se_handler_table   0000000000000000     <absolute>
 0000:00000000       __guard_longjmp_table      0000000000000000     <absolute>
 0000:00000000       __arm64x_redirection_metadata 0000000000000000     <absolute>
 0000:00000000       __x64_code_ranges_to_entry_points 0000000000000000     <absolute>
 0000:00000000       __guard_iat_table          0000000000000000     <absolute>
 0000:00000000       __guard_fids_count         0000000000000000     <absolute>
 0000:00000000       __guard_iat_count          0000000000000000     <absolute>
 0000:00000000       __guard_longjmp_count      0000000000000000     <absolute>
 0000:00000000       __arm64x_extra_rfe_table   0000000000000000     <absolute>
 0000:00000000       __dynamic_value_reloc_table 0000000000000000     <absolute>
 0000:00000000       __x64_code_ranges_to_entry_points_count 0000000000000000     <absolute>
 0000:00000000       __hybrid_auxiliary_iat     0000000000000000     <absolute>
 0000:00000000       __hybrid_code_map          0000000000000000     <absolute>
 0000:00000000       __volatile_metadata        0000000000000000     <absolute>
 0000:00000000       __arm64x_extra_rfe_table_size 0000000000000000     <absolute>
 0000:00000000       ___safe_se_handler_count   0000000000000000     <absolute>
 0000:00000000       __AbsoluteZero             0000000000000000     <absolute>
 0000:00000000       __guard_fids_table         0000000000000000     <absolute>
 0000:00000000       __guard_eh_cont_count      0000000000000000     <absolute>
 0000:00000000       __arm64x_redirection_metadata_count 0000000000000000     <absolute>
 0000:00000000       __enclave_config           0000000000000000     <absolute>
 0000:00000000       __guard_eh_cont_table      0000000000000000     <absolute>
 0000:00000000       __arm64x_native_entrypoint 0000000000000000     <absolute>
 0000:00000000       __hybrid_code_map_count    0000000000000000     <absolute>
 0000:00000100       __guard_flags              0000000000000100     <absolute>
 0000:00000000       __ImageBase                0000000180000000     <linker-defined>
 0001:000000c0       ?DupWide@_CW@@AEAAXXZ      00000001800010c0 f   CWString.obj
 0001:000000e8       ?cw_dup@@YAXPEBDAEAHAEAPEA_W1@Z 00000001800010e8 f   CWString.obj
 0001:000001c8       ?cw_memcpy@@YAHPEA_WPEBDH@Z 00000001800011c8 f   CWString.obj
 0001:00000214       ?cw_strcpy@@YAHPEA_WPEBD@Z 0000000180001214 f   CWString.obj
 0001:00000228       ??0CAtlComModule@ATL@@QEAA@XZ 0000000180001228 f i OposVariant.obj
 0001:000002a8       ??0CAtlWinModule@ATL@@QEAA@XZ 00000001800012a8 f i OposVariant.obj
 0001:00000314       ??0OposDispParms@@QEAA@PEAVOposVariant@@H@Z 0000000180001314 f   OposVariant.obj
 0001:000003bc       ??1OposDispParms@@QEAA@XZ  00000001800013bc f   OposVariant.obj
 0001:000003d4       ??_Estringdispid@CComTypeInfoHolder@ATL@@QEAAPEAXI@Z 00000001800013d4 f i OposVariant.obj
 0001:00000478       ?AtlWinModuleTerm@ATL@@YAJPEAU_ATL_WIN_MODULE70@1@PEAUHINSTANCE__@@@Z 0000000180001478 f i OposVariant.obj
 0001:00000528       ?ChangeBSTR@OposVariant@@QEAAXPEAPEA_WAEAJ@Z 0000000180001528 f   OposVariant.obj
 0001:00000588       ?ChangeCURRENCY@OposVariant@@QEAAXPEATtagCY@@AEAJ@Z 0000000180001588 f   OposVariant.obj
 0001:000005e8       ?ChangeLONG@OposVariant@@QEAAXPEAJAEAJ@Z 00000001800015e8 f   OposVariant.obj
 0001:00000644       ?GetLONG@OposVariant@@QEAAJXZ 0000000180001644 f   OposVariant.obj
 0001:00000668       ?SetBSTR@OposVariant@@QEAAXPEA_WAEAJ@Z 0000000180001668 f   OposVariant.obj
 0001:000006a8       ?SetBSTR_Copy@OposVariant@@QEAAXPEA_WAEAJ@Z 00000001800016a8 f   OposVariant.obj
 0001:00000718       ?SetBSTR_InOutPtr@OposVariant@@QEAA_NPEAPEA_WAEAJ@Z 0000000180001718 f   OposVariant.obj
 0001:00000768       ?SetBSTR_OutPtr@OposVariant@@QEAA_NPEAPEA_WAEAJ@Z 0000000180001768 f   OposVariant.obj
 0001:00000784       ?SetDispatch_Ptr@OposVariant@@QEAAXPEAUIDispatch@@AEAJ@Z 0000000180001784 f   OposVariant.obj
 0001:000007dc       ?SetLONG@OposVariant@@QEAAXJ@Z 00000001800017dc f   OposVariant.obj
 0001:0000080c       ?SetLONG_Ptr@OposVariant@@QEAAXPEAJAEAJ@Z 000000018000180c f   OposVariant.obj
 0001:00000858       ?SetString@OposVariant@@QEAAXPEB_WAEAJ@Z 0000000180001858 f   OposVariant.obj
 0001:000008bc       ?SetVARIANT_BOOL@OposVariant@@QEAAXF@Z 00000001800018bc f   OposVariant.obj
 0001:000008f4       ?Term@CAtlComModule@ATL@@QEAAXXZ 00000001800018f4 f i OposVariant.obj
 0001:00000964       ?_AtlInitializeCriticalSectionEx@ATL@@YAHPEAU_RTL_CRITICAL_SECTION@@KK@Z 0000000180001964 f i OposVariant.obj
 0001:0000096c       ?_AtlRaiseException@ATL@@YAXKK@Z 000000018000196c f i OposVariant.obj
 0001:0000097c       ?GetWindowProc@?$CWindowImplBaseT@VCWindow@ATL@@V?$CWinTraits@$0FGAAAAAA@$0A@@2@@ATL@@UEAAP6A_JPEAUHWND__@@I_K_J@ZXZ 000000018000197c f i ElectronicJournal.obj
 0001:00000984       ?StartWindowProc@?$CWindowImplBaseT@VCWindow@ATL@@V?$CWinTraits@$0FGAAAAAA@$0A@@2@@ATL@@SA_JPEAUHWND__@@I_K_J@Z 0000000180001984 f i ElectronicJournal.obj
 0001:00000a48       _guard_check_icall_nop     0000000180001a48 f i LIBCMT:guard_support.obj
 0001:00000a48       ?OnFinalMessage@?$CWindowImplBaseT@VCWindow@ATL@@V?$CWinTraits@$0FGAAAAAA@$0A@@2@@ATL@@UEAAXPEAUHWND__@@@Z 0000000180001a48 f i ElectronicJournal.obj
 0001:00000a48       ?ObjectMain@CComObjectRootBase@ATL@@SAX_N@Z 0000000180001a48 f i ElectronicJournal.obj
 0001:00000a4c       ?GetTypeInfoCount@?$IDispatchImpl@UIOPOSElectronicJournal@@$1?IID_IOPOSElectronicJournal@@3U_GUID@@B$1?LIBID_OposElectronicJournal_CCO@@3U3@B$00$0A@VCComTypeInfoHolder@ATL@@@ATL@@UEAAJPEAI@Z 0000000180001a4c f i ElectronicJournal.obj
 0001:00000a60       ?GetTypeInfo@?$IDispatchImpl@UIOPOSElectronicJournal@@$1?IID_IOPOSElectronicJournal@@3U_GUID@@B$1?LIBID_OposElectronicJournal_CCO@@3U3@B$00$0A@VCComTypeInfoHolder@ATL@@@ATL@@UEAAJIKPEAPEAUITypeInfo@@@Z 0000000180001a60 f i ElectronicJournal.obj
 0001:00000ac4       ?GetIDsOfNames@?$IDispatchImpl@UIOPOSElectronicJournal@@$1?IID_IOPOSElectronicJournal@@3U_GUID@@B$1?LIBID_OposElectronicJournal_CCO@@3U3@B$00$0A@VCComTypeInfoHolder@ATL@@@ATL@@UEAAJAEBU_GUID@@PEAPEA_WIKPEAJ@Z 0000000180001ac4 f i ElectronicJournal.obj
 0001:00000ad0       ?Invoke@?$IDispatchImpl@UIOPOSElectronicJournal@@$1?IID_IOPOSElectronicJournal@@3U_GUID@@B$1?LIBID_OposElectronicJournal_CCO@@3U3@B$00$0A@VCComTypeInfoHolder@ATL@@@ATL@@UEAAJJAEBU_GUID@@KGPEAUtagDISPPARAMS@@PEAUtagVARIANT@@PEAUtagEXCEPINFO@@PEAI@Z 0000000180001ad0 f i ElectronicJournal.obj
 0001:00000b60       ?CreateControlWindow@?$CComControl@VCOPOSElectronicJournal@@V?$CWindowImpl@VCOPOSElectronicJournal@@VCWindow@ATL@@V?$CWinTraits@$0FGAAAAAA@$0A@@3@@ATL@@@ATL@@UEAAPEAUHWND__@@PEAU3@AEAUtagRECT@@@Z 0000000180001b60 f i ElectronicJournal.obj
 0001:00000b98       ?ControlQueryInterface@?$CComControl@VCOPOSElectronicJournal@@V?$CWindowImpl@VCOPOSElectronicJournal@@VCWindow@ATL@@V?$CWinTraits@$0FGAAAAAA@$0A@@3@@ATL@@@ATL@@UEAAJAEBU_GUID@@PEAPEAX@Z 0000000180001b98 f i ElectronicJournal.obj
 0001:00000bac       ?GetUserClassID@?$IOleObjectImpl@VCOPOSElectronicJournal@@@ATL@@UEAAJPEAU_GUID@@@Z 0000000180001bac f i ElectronicJournal.obj
 0001:00000bac       ?GetClassID@?$IPersistStorageImpl@VCOPOSElectronicJournal@@@ATL@@UEAAJPEAU_GUID@@@Z 0000000180001bac f i ElectronicJournal.obj
 0001:00000bac       ?GetClassID@?$IPersistStreamInitImpl@VCOPOSElectronicJournal@@@ATL@@UEAAJPEAU_GUID@@@Z 0000000180001bac f i ElectronicJournal.obj
 0001:00000bc8       ?IsDirty@?$IPersistStreamInitImpl@VCOPOSElectronicJournal@@@ATL@@UEAAJXZ 0000000180001bc8 f i ElectronicJournal.obj
 0001:00000be4       ?Load@?$IPersistStreamInitImpl@VCOPOSElectronicJournal@@@ATL@@UEAAJPEAUIStream@@@Z 0000000180001be4 f i ElectronicJournal.obj
 0001:00000bfc       ?Save@?$IPersistStreamInitImpl@VCOPOSElectronicJournal@@@ATL@@UEAAJPEAUIStream@@H@Z 0000000180001bfc f i ElectronicJournal.obj
 0001:00000c14       ?GetSizeMax@?$IPersistStreamInitImpl@VCOPOSElectronicJournal@@@ATL@@UEAAJPEAT_ULARGE_INTEGER@@@Z 0000000180001c14 f i ElectronicJournal.obj
 0001:00000e40       ?InitNew@?$IPersistStreamInitImpl@VCOPOSElectronicJournal@@@ATL@@UEAAJXZ 0000000180001e40 f i ElectronicJournal.obj
 0001:00000e58       ?ContextSensitiveHelp@?$IOleInPlaceObjectWindowlessImpl@VCOPOSElectronicJournal@@@ATL@@UEAAJH@Z 0000000180001e58 f i ElectronicJournal.obj
 0001:00000e58       ?OnMnemonic@?$IOleControlImpl@VCOPOSElectronicJournal@@@ATL@@UEAAJPEAUtagMSG@@@Z 0000000180001e58 f i ElectronicJournal.obj
 0001:00000e58       ?GetMoniker@?$IOleObjectImpl@VCOPOSElectronicJournal@@@ATL@@UEAAJKKPEAPEAUIMoniker@@@Z 0000000180001e58 f i ElectronicJournal.obj
 0001:00000e58       ?GetControlInfo@?$IOleControlImpl@VCOPOSElectronicJournal@@@ATL@@UEAAJPEAUtagCONTROLINFO@@@Z 0000000180001e58 f i ElectronicJournal.obj
 0001:00000e58       ?SetMoniker@?$IOleObjectImpl@VCOPOSElectronicJournal@@@ATL@@UEAAJKPEAUIMoniker@@@Z 0000000180001e58 f i ElectronicJournal.obj
 0001:00000e58       ?GetClipboardData@?$IOleObjectImpl@VCOPOSElectronicJournal@@@ATL@@UEAAJKPEAPEAUIDataObject@@@Z 0000000180001e58 f i ElectronicJournal.obj
 0001:00000e58       ?EnumFormatEtc@?$IDataObjectImpl@VCOPOSElectronicJournal@@@ATL@@UEAAJKPEAPEAUIEnumFORMATETC@@@Z 0000000180001e58 f i ElectronicJournal.obj
 0001:00000e58       ?QueryInterface@CRegObject@ATL@@UEAAJAEBU_GUID@@PEAPEAX@Z 0000000180001e58 f i ElectronicJournal.obj
 0001:00000e58       ?SetColorScheme@?$IOleObjectImpl@VCOPOSElectronicJournal@@@ATL@@UEAAJPEAUtagLOGPALETTE@@@Z 0000000180001e58 f i ElectronicJournal.obj
 0001:00000e58       ?Unfreeze@?$IViewObjectExImpl@VCOPOSElectronicJournal@@@ATL@@UEAAJK@Z 0000000180001e58 f i ElectronicJournal.obj
 0001:00000e58       ?Freeze@?$IViewObjectExImpl@VCOPOSElectronicJournal@@@ATL@@UEAAJKJPEAXPEAK@Z 0000000180001e58 f i ElectronicJournal.obj
 0001:00000e58       ?InitFromData@?$IOleObjectImpl@VCOPOSElectronicJournal@@@ATL@@UEAAJPEAUIDataObject@@HK@Z 0000000180001e58 f i ElectronicJournal.obj
 0001:00000e58       ?QueryGetData@?$IDataObjectImpl@VCOPOSElectronicJournal@@@ATL@@UEAAJPEAUtagFORMATETC@@@Z 0000000180001e58 f i ElectronicJournal.obj
 0001:00000e58       ?ContextSensitiveHelp@?$IOleInPlaceActiveObjectImpl@VCOPOSElectronicJournal@@@ATL@@UEAAJH@Z 0000000180001e58 f i ElectronicJournal.obj
 0001:00000e58       ?ReactivateAndUndo@?$IOleInPlaceObjectWindowlessImpl@VCOPOSElectronicJournal@@@ATL@@UEAAJXZ 0000000180001e58 f i ElectronicJournal.obj
 0001:00000e58       ?GetDropTarget@?$IOleInPlaceObjectWindowlessImpl@VCOPOSElectronicJournal@@@ATL@@UEAAJPEAPEAUIDropTarget@@@Z 0000000180001e58 f i ElectronicJournal.obj
 0001:00000e58       ?SetData@?$IDataObjectImpl@VCOPOSElectronicJournal@@@ATL@@UEAAJPEAUtagFORMATETC@@PEAUtagSTGMEDIUM@@H@Z 0000000180001e58 f i ElectronicJournal.obj
 0001:00000e58       ?GetDataHere@?$IDataObjectImpl@VCOPOSElectronicJournal@@@ATL@@UEAAJPEAUtagFORMATETC@@PEAUtagSTGMEDIUM@@@Z 0000000180001e58 f i ElectronicJournal.obj
 0001:00000e58       ?GetColorSet@?$IViewObjectExImpl@VCOPOSElectronicJournal@@@ATL@@UEAAJKJPEAXPEAUtagDVTARGETDEVICE@@PEAUHDC__@@PEAPEAUtagLOGPALETTE@@@Z 0000000180001e58 f i ElectronicJournal.obj
 0001:00000e58       ?GetCanonicalFormatEtc@?$IDataObjectImpl@VCOPOSElectronicJournal@@@ATL@@UEAAJPEAUtagFORMATETC@@0@Z 0000000180001e58 f i ElectronicJournal.obj
 0001:00000e58       ?GetRect@?$IViewObjectExImpl@VCOPOSElectronicJournal@@@ATL@@UEAAJKPEAU_RECTL@@@Z 0000000180001e58 f i ElectronicJournal.obj
 0001:00000e60       ?Release@CRegObject@ATL@@UEAAKXZ 0000000180001e60 f i ElectronicJournal.obj
 0001:00000e60       ?HandsOffStorage@?$IPersistStorageImpl@VCOPOSElectronicJournal@@@ATL@@UEAAJXZ 0000000180001e60 f i ElectronicJournal.obj
 0001:00000e60       ?OnAmbientPropertyChange@?$IOleControlImpl@VCOPOSElectronicJournal@@@ATL@@UEAAJJ@Z 0000000180001e60 f i ElectronicJournal.obj
 0001:00000e60       ?SaveCompleted@?$IPersistStorageImpl@VCOPOSElectronicJournal@@@ATL@@UEAAJPEAUIStorage@@@Z 0000000180001e60 f i ElectronicJournal.obj
 0001:00000e60       ?GetCategoryMap@CComObjectRootBase@ATL@@SAPEBU_ATL_CATMAP_ENTRY@2@XZ 0000000180001e60 f i ElectronicJournal.obj
 0001:00000e60       ?OnFrameWindowActivate@?$IOleInPlaceActiveObjectImpl@VCOPOSElectronicJournal@@@ATL@@UEAAJH@Z 0000000180001e60 f i ElectronicJournal.obj
 0001:00000e60       ?IsUpToDate@?$IOleObjectImpl@VCOPOSElectronicJournal@@@ATL@@UEAAJXZ 0000000180001e60 f i ElectronicJournal.obj
 0001:00000e60       ?EnableModeless@?$IOleInPlaceActiveObjectImpl@VCOPOSElectronicJournal@@@ATL@@UEAAJH@Z 0000000180001e60 f i ElectronicJournal.obj
 0001:00000e60       ?ResizeBorder@?$IOleInPlaceActiveObjectImpl@VCOPOSElectronicJournal@@@ATL@@UEAAJPEBUtagRECT@@PEAUIOleInPlaceUIWindow@@H@Z 0000000180001e60 f i ElectronicJournal.obj
 0001:00000e60       ?SetHostNames@?$IOleObjectImpl@VCOPOSElectronicJournal@@@ATL@@UEAAJPEB_W0@Z 0000000180001e60 f i ElectronicJournal.obj
 0001:00000e60       ?GetObjectDescription@?$CComCoClass@VCOPOSElectronicJournal@@$1?CLSID_OPOSElectronicJournal@@3U_GUID@@B@ATL@@SAPEB_WXZ 0000000180001e60 f i ElectronicJournal.obj
 0001:00000e60       ?Update@?$IOleObjectImpl@VCOPOSElectronicJournal@@@ATL@@UEAAJXZ 0000000180001e60 f i ElectronicJournal.obj
 0001:00000e64       ?SetClientSite@?$IOleObjectImpl@VCOPOSElectronicJournal@@@ATL@@UEAAJPEAUIOleClientSite@@@Z 0000000180001e64 f i ElectronicJournal.obj
 0001:00000e80       ?GetClientSite@?$IOleObjectImpl@VCOPOSElectronicJournal@@@ATL@@UEAAJPEAPEAUIOleClientSite@@@Z 0000000180001e80 f i ElectronicJournal.obj
 0001:00000ec8       ?Close@?$IOleObjectImpl@VCOPOSElectronicJournal@@@ATL@@UEAAJK@Z 0000000180001ec8 f i ElectronicJournal.obj
 0001:00000ee4       ?DoVerb@?$IOleObjectImpl@VCOPOSElectronicJournal@@@ATL@@UEAAJJPEAUtagMSG@@PEAUIOleClientSite@@JPEAUHWND__@@PEBUtagRECT@@@Z 0000000180001ee4 f i ElectronicJournal.obj
 0001:00001088       ?EnumVerbs@?$IOleObjectImpl@VCOPOSElectronicJournal@@@ATL@@UEAAJPEAPEAUIEnumOLEVERB@@@Z 0000000180002088 f i ElectronicJournal.obj
 0001:000010a4       ?GetUserType@?$IOleObjectImpl@VCOPOSElectronicJournal@@@ATL@@UEAAJKPEAPEA_W@Z 00000001800020a4 f i ElectronicJournal.obj
 0001:000010b4       ?SetExtent@?$IOleObjectImpl@VCOPOSElectronicJournal@@@ATL@@UEAAJKPEAUtagSIZE@@@Z 00000001800020b4 f i ElectronicJournal.obj
 0001:000010d0       ?GetExtent@?$IOleObjectImpl@VCOPOSElectronicJournal@@@ATL@@UEAAJKPEAUtagSIZE@@@Z 00000001800020d0 f i ElectronicJournal.obj
 0001:00001100       ?Advise@?$IOleObjectImpl@VCOPOSElectronicJournal@@@ATL@@UEAAJPEAUIAdviseSink@@PEAK@Z 0000000180002100 f i ElectronicJournal.obj
 0001:0000115c       ?Unadvise@?$IOleObjectImpl@VCOPOSElectronicJournal@@@ATL@@UEAAJK@Z 000000018000215c f i ElectronicJournal.obj
 0001:00001194       ?EnumAdvise@?$IOleObjectImpl@VCOPOSElectronicJournal@@@ATL@@UEAAJPEAPEAUIEnumSTATDATA@@@Z 0000000180002194 f i ElectronicJournal.obj
 0001:000011dc       ?GetMiscStatus@?$IOleObjectImpl@VCOPOSElectronicJournal@@@ATL@@UEAAJKPEAK@Z 00000001800021dc f i ElectronicJournal.obj
 0001:000011ec       ?GetWindow@?$IOleInPlaceActiveObjectImpl@VCOPOSElectronicJournal@@@ATL@@UEAAJPEAPEAUHWND__@@@Z 00000001800021ec f i ElectronicJournal.obj
 0001:00001240       ?TranslateAcceleratorW@?$IOleInPlaceActiveObjectImpl@VCOPOSElectronicJournal@@@ATL@@UEAAJPEAUtagMSG@@@Z 0000000180002240 f i ElectronicJournal.obj
 0001:00001334       ?OnDocWindowActivate@?$IOleInPlaceActiveObjectImpl@VCOPOSElectronicJournal@@@ATL@@UEAAJH@Z 0000000180002334 f i ElectronicJournal.obj
 0001:00001360       ?Draw@?$IViewObjectExImpl@VCOPOSElectronicJournal@@@ATL@@UEAAJKJPEAXPEAUtagDVTARGETDEVICE@@PEAUHDC__@@2PEBU_RECTL@@3P6AH_K@Z4@Z 0000000180002360 f i ElectronicJournal.obj
 0001:000013c4       ?SetAdvise@?$IViewObjectExImpl@VCOPOSElectronicJournal@@@ATL@@UEAAJKKPEAUIAdviseSink@@@Z 00000001800023c4 f i ElectronicJournal.obj
 0001:00001418       ?GetAdvise@?$IViewObjectExImpl@VCOPOSElectronicJournal@@@ATL@@UEAAJPEAK0PEAPEAUIAdviseSink@@@Z 0000000180002418 f i ElectronicJournal.obj
 0001:00001454       ?GetExtent@?$IViewObjectExImpl@VCOPOSElectronicJournal@@@ATL@@UEAAJKJPEAUtagDVTARGETDEVICE@@PEAUtagSIZE@@@Z 0000000180002454 f i ElectronicJournal.obj
 0001:00001484       ?GetViewStatus@?$IViewObjectExImpl@VCOPOSElectronicJournal@@@ATL@@UEAAJPEAK@Z 0000000180002484 f i ElectronicJournal.obj
 0001:00001498       ?QueryHitPoint@?$IViewObjectExImpl@VCOPOSElectronicJournal@@@ATL@@UEAAJKPEBUtagRECT@@UtagPOINT@@JPEAK@Z 0000000180002498 f i ElectronicJournal.obj
 0001:000014dc       ?QueryHitRect@?$IViewObjectExImpl@VCOPOSElectronicJournal@@@ATL@@UEAAJKPEBUtagRECT@@0JPEAK@Z 00000001800024dc f i ElectronicJournal.obj
 0001:00001544       ?GetNaturalExtent@?$IViewObjectExImpl@VCOPOSElectronicJournal@@@ATL@@UEAAJKJPEAUtagDVTARGETDEVICE@@PEAUHDC__@@PEAUtagExtentInfo@@PEAUtagSIZE@@@Z 0000000180002544 f i ElectronicJournal.obj
 0001:0000158c       ?GetWindow@?$IOleInPlaceObjectWindowlessImpl@VCOPOSElectronicJournal@@@ATL@@UEAAJPEAPEAUHWND__@@@Z 000000018000258c f i ElectronicJournal.obj
 0001:000015e0       ?InPlaceDeactivate@?$IOleInPlaceObjectWindowlessImpl@VCOPOSElectronicJournal@@@ATL@@UEAAJXZ 00000001800025e0 f i ElectronicJournal.obj
 0001:000015fc       ?UIDeactivate@?$IOleInPlaceObjectWindowlessImpl@VCOPOSElectronicJournal@@@ATL@@UEAAJXZ 00000001800025fc f i ElectronicJournal.obj
 0001:00001618       ?SetObjectRects@?$IOleInPlaceObjectWindowlessImpl@VCOPOSElectronicJournal@@@ATL@@UEAAJPEBUtagRECT@@0@Z 0000000180002618 f i ElectronicJournal.obj
 0001:00001634       ?OnWindowMessage@?$IOleInPlaceObjectWindowlessImpl@VCOPOSElectronicJournal@@@ATL@@UEAAJI_K_JPEA_J@Z 0000000180002634 f i ElectronicJournal.obj
 0001:000016fc       ?EnumConnectionPoints@?$IConnectionPointContainerImpl@VCOPOSElectronicJournal@@@ATL@@UEAAJPEAPEAUIEnumConnectionPoints@@@Z 00000001800026fc f i ElectronicJournal.obj
 0001:00001948       ?FindConnectionPoint@?$IConnectionPointContainerImpl@VCOPOSElectronicJournal@@@ATL@@UEAAJAEBU_GUID@@PEAPEAUIConnectionPoint@@@Z 0000000180002948 f i ElectronicJournal.obj
 0001:00001a18       ?IsDirty@?$IPersistStorageImpl@VCOPOSElectronicJournal@@@ATL@@UEAAJXZ 0000000180002a18 f i ElectronicJournal.obj
 0001:00001a58       ?InitNew@?$IPersistStorageImpl@VCOPOSElectronicJournal@@@ATL@@UEAAJPEAUIStorage@@@Z 0000000180002a58 f i ElectronicJournal.obj
 0001:00001a98       ?Load@?$IPersistStorageImpl@VCOPOSElectronicJournal@@@ATL@@UEAAJPEAUIStorage@@@Z 0000000180002a98 f i ElectronicJournal.obj
 0001:00001b38       ?Save@?$IPersistStorageImpl@VCOPOSElectronicJournal@@@ATL@@UEAAJPEAUIStorage@@H@Z 0000000180002b38 f i ElectronicJournal.obj
 0001:00001be8       ?GetPages@?$ISpecifyPropertyPagesImpl@VCOPOSElectronicJournal@@@ATL@@UEAAJPEAUtagCAUUID@@@Z 0000000180002be8 f i ElectronicJournal.obj
 0001:00001bf4       ?QuickActivate@?$IQuickActivateImpl@VCOPOSElectronicJournal@@@ATL@@UEAAJPEAUtagQACONTAINER@@PEAUtagQACONTROL@@@Z 0000000180002bf4 f i ElectronicJournal.obj
 0001:00001c10       ?SetContentExtent@?$IQuickActivateImpl@VCOPOSElectronicJournal@@@ATL@@UEAAJPEAUtagSIZE@@@Z 0000000180002c10 f i ElectronicJournal.obj
 0001:00001c44       ?GetContentExtent@?$IQuickActivateImpl@VCOPOSElectronicJournal@@@ATL@@UEAAJPEAUtagSIZE@@@Z 0000000180002c44 f i ElectronicJournal.obj
 0001:00001c7c       ?GetData@?$IDataObjectImpl@VCOPOSElectronicJournal@@@ATL@@UEAAJPEAUtagFORMATETC@@PEAUtagSTGMEDIUM@@@Z 0000000180002c7c f i ElectronicJournal.obj
 0001:00001c98       ?DAdvise@?$IDataObjectImpl@VCOPOSElectronicJournal@@@ATL@@UEAAJPEAUtagFORMATETC@@KPEAUIAdviseSink@@PEAK@Z 0000000180002c98 f i ElectronicJournal.obj
 0001:00001d20       ?DUnadvise@?$IDataObjectImpl@VCOPOSElectronicJournal@@@ATL@@UEAAJK@Z 0000000180002d20 f i ElectronicJournal.obj
 0001:00001d4c       ?EnumDAdvise@?$IDataObjectImpl@VCOPOSElectronicJournal@@@ATL@@UEAAJPEAPEAUIEnumSTATDATA@@@Z 0000000180002d4c f i ElectronicJournal.obj
 0001:00001d88       ?GetClassInfoW@?$IProvideClassInfo2Impl@$1?CLSID_OPOSElectronicJournal@@3U_GUID@@B$1?DIID__IOPOSElectronicJournalEvents@@3U2@B$1?LIBID_OposElectronicJournal_CCO@@3U2@B$00$0A@VCComTypeInfoHolder@ATL@@@ATL@@UEAAJPEAPEAUITypeInfo@@@Z 0000000180002d88 f i ElectronicJournal.obj
 0001:00001de0       ?GetGUID@?$IProvideClassInfo2Impl@$1?CLSID_OPOSElectronicJournal@@3U_GUID@@B$1?DIID__IOPOSElectronicJournalEvents@@3U2@B$1?LIBID_OposElectronicJournal_CCO@@3U2@B$00$0A@VCComTypeInfoHolder@ATL@@@ATL@@UEAAJKPEAU_GUID@@@Z 0000000180002de0 f i ElectronicJournal.obj
 0001:00001e14       ?AddRef@CRegObject@ATL@@UEAAKXZ 0000000180002e14 f i ElectronicJournal.obj
 0001:00001e14       ?FAccessAllowed@?$IObjectSafetyImpl@VCOPOSElectronicJournal@@$02@ATL@@MEAAHXZ 0000000180002e14 f i ElectronicJournal.obj
 0001:00001e14       _get_startup_argv_mode     0000000180002e14 f i LIBCMT:argv_mode.obj
 0001:00001e1c       ?GetInterfaceSafetyOptions@?$IObjectSafetyImpl@VCOPOSElectronicJournal@@$02@ATL@@UEAAJAEBU_GUID@@PEAK1@Z 0000000180002e1c f i ElectronicJournal.obj
 0001:00001eb0       ?SetInterfaceSafetyOptions@?$IObjectSafetyImpl@VCOPOSElectronicJournal@@$02@ATL@@UEAAJAEBU_GUID@@KK@Z 0000000180002eb0 f i ElectronicJournal.obj
 0001:00001f54       ?_LocCPQueryInterface@?$IConnectionPointImpl@VCOPOSElectronicJournal@@$1?DIID__IOPOSElectronicJournalEvents@@3U_GUID@@BVCComDynamicUnkArray@ATL@@@ATL@@UEAAJAEBU_GUID@@PEAPEAX@Z 0000000180002f54 f i ElectronicJournal.obj
 0001:00001f54       ?_LocCPQueryInterface@?$IConnectionPointImpl@VCOPOSElectronicJournal@@$1?IID_IPropertyNotifySink@@3U_GUID@@BVCComDynamicUnkArray@ATL@@@ATL@@UEAAJAEBU_GUID@@PEAPEAX@Z 0000000180002f54 f i ElectronicJournal.obj
 0001:00001fc4       ?GetConnectionInterface@?$IConnectionPointImpl@VCOPOSElectronicJournal@@$1?IID_IPropertyNotifySink@@3U_GUID@@BVCComDynamicUnkArray@ATL@@@ATL@@UEAAJPEAU_GUID@@@Z 0000000180002fc4 f i ElectronicJournal.obj
 0001:00001fe0       ?GetConnectionPointContainer@?$IConnectionPointImpl@VCOPOSElectronicJournal@@$1?IID_IPropertyNotifySink@@3U_GUID@@BVCComDynamicUnkArray@ATL@@@ATL@@UEAAJPEAPEAUIConnectionPointContainer@@@Z 0000000180002fe0 f i ElectronicJournal.obj
 0001:00002000       ?Advise@?$IConnectionPointImpl@VCOPOSElectronicJournal@@$1?DIID__IOPOSElectronicJournalEvents@@3U_GUID@@BVCComDynamicUnkArray@ATL@@@ATL@@UEAAJPEAUIUnknown@@PEAK@Z 0000000180003000 f i ElectronicJournal.obj
 0001:00002000       ?Advise@?$IConnectionPointImpl@VCOPOSElectronicJournal@@$1?IID_IPropertyNotifySink@@3U_GUID@@BVCComDynamicUnkArray@ATL@@@ATL@@UEAAJPEAUIUnknown@@PEAK@Z 0000000180003000 f i ElectronicJournal.obj
 0001:000020bc       ?Unadvise@?$IConnectionPointImpl@VCOPOSElectronicJournal@@$1?DIID__IOPOSElectronicJournalEvents@@3U_GUID@@BVCComDynamicUnkArray@ATL@@@ATL@@UEAAJK@Z 00000001800030bc f i ElectronicJournal.obj
 0001:000020bc       ?Unadvise@?$IConnectionPointImpl@VCOPOSElectronicJournal@@$1?IID_IPropertyNotifySink@@3U_GUID@@BVCComDynamicUnkArray@ATL@@@ATL@@UEAAJK@Z 00000001800030bc f i ElectronicJournal.obj
 0001:00002124       ?EnumConnections@?$IConnectionPointImpl@VCOPOSElectronicJournal@@$1?IID_IPropertyNotifySink@@3U_GUID@@BVCComDynamicUnkArray@ATL@@@ATL@@UEAAJPEAPEAUIEnumConnections@@@Z 0000000180003124 f i ElectronicJournal.obj
 0001:00002124       ?EnumConnections@?$IConnectionPointImpl@VCOPOSElectronicJournal@@$1?DIID__IOPOSElectronicJournalEvents@@3U_GUID@@BVCComDynamicUnkArray@ATL@@@ATL@@UEAAJPEAPEAUIEnumConnections@@@Z 0000000180003124 f i ElectronicJournal.obj
 0001:000022d0       ?GetConnectionInterface@?$IConnectionPointImpl@VCOPOSElectronicJournal@@$1?DIID__IOPOSElectronicJournalEvents@@3U_GUID@@BVCComDynamicUnkArray@ATL@@@ATL@@UEAAJPEAU_GUID@@@Z 00000001800032d0 f i ElectronicJournal.obj
 0001:000022ec       ?GetConnectionPointContainer@?$IConnectionPointImpl@VCOPOSElectronicJournal@@$1?DIID__IOPOSElectronicJournalEvents@@3U_GUID@@BVCComDynamicUnkArray@ATL@@@ATL@@UEAAJPEAPEAUIConnectionPointContainer@@@Z 00000001800032ec f i ElectronicJournal.obj
 0001:0000230c       ?UpdateRegistry@COPOSElectronicJournal@@SAJH@Z 000000018000330c f i ElectronicJournal.obj
 0001:00002324       ?ProcessWindowMessage@COPOSElectronicJournal@@UEAAHPEAUHWND__@@I_K_JAEA_JK@Z 0000000180003324 f i ElectronicJournal.obj
 0001:000023ac       ?SOData@COPOSElectronicJournal@@MEAAJJ@Z 00000001800033ac f i ElectronicJournal.obj
 0001:000023fc       ?SODirectIO@COPOSElectronicJournal@@MEAAJJPEAJPEAPEA_W@Z 00000001800033fc f i ElectronicJournal.obj
 0001:00002474       ?SOError@COPOSElectronicJournal@@MEAAJJJJPEAJ@Z 0000000180003474 f i ElectronicJournal.obj
 0001:000024fc       ?SOOutputComplete@COPOSElectronicJournal@@MEAAJJ@Z 00000001800034fc f i ElectronicJournal.obj
 0001:0000254c       ?SOStatusUpdate@COPOSElectronicJournal@@MEAAJJ@Z 000000018000354c f i ElectronicJournal.obj
 0001:0000259c       ?Lock@CAtlModule@ATL@@UEAAJXZ 000000018000359c f i ElectronicJournal.obj
 0001:000025ac       ?Unlock@CAtlModule@ATL@@UEAAJXZ 00000001800035ac f i ElectronicJournal.obj
 0001:000025b8       ?GetLockCount@CAtlModule@ATL@@UEAAJXZ 00000001800035b8 f i ElectronicJournal.obj
 0001:000025bc       ?GetGITPtr@CAtlModule@ATL@@UEAAJPEAPEAUIGlobalInterfaceTable@@@Z 00000001800035bc f i ElectronicJournal.obj
 0001:0000262c       ?AddCommonRGSReplacements@?$CAtlModuleT@VCComModule@ATL@@@ATL@@UEAAJPEAUIRegistrarBase@@@Z 000000018000362c f i ElectronicJournal.obj
 0001:00002644       ?UpdateRegistryFromResourceD@CComModule@ATL@@UEAAJPEB_WHPEAU_ATL_REGMAP_ENTRY@2@@Z 0000000180003644 f i ElectronicJournal.obj
 0001:00002644       ?UpdateRegistryFromResourceD@CComModule@ATL@@UEAAJIHPEAU_ATL_REGMAP_ENTRY@2@@Z 0000000180003644 f i ElectronicJournal.obj
 0001:0000264c       ?UpdateRegistryFromResource@CComModule@ATL@@UEAAJPEB_WHPEAU_ATL_REGMAP_ENTRY@2@@Z 000000018000364c f i ElectronicJournal.obj
 0001:00002654       ?UpdateRegistryFromResource@CComModule@ATL@@UEAAJIHPEAU_ATL_REGMAP_ENTRY@2@@Z 0000000180003654 f i ElectronicJournal.obj
 0001:0000265c       ?CreateInstance@?$CComCreator@V?$CComObjectCached@VCComClassFactory@ATL@@@ATL@@@ATL@@SAJPEAXAEBU_GUID@@PEAPEAX@Z 000000018000365c f i ElectronicJournal.obj
 0001:00002780       ?CreateInstance@?$CComCreator2@V?$CComCreator@V?$CComObject@VCOPOSElectronicJournal@@@ATL@@@ATL@@V?$CComCreator@V?$CComAggObject@VCOPOSElectronicJournal@@@ATL@@@2@@ATL@@SAJPEAXAEBU_GUID@@PEAPEAX@Z 0000000180003780 f i ElectronicJournal.obj
 0001:00002790       ??_GCComModule@ATL@@UEAAPEAXI@Z 0000000180003790 f i ElectronicJournal.obj
 0001:00002790       ??_ECComModule@ATL@@UEAAPEAXI@Z 0000000180003790 f i ElectronicJournal.obj
 0001:000027d0       ?AddRef@?$CComObjectCached@VCComClassFactory@ATL@@@ATL@@UEAAKXZ 00000001800037d0 f i ElectronicJournal.obj
 0001:000027fc       ?Release@?$CComObjectCached@VCComClassFactory@ATL@@@ATL@@UEAAKXZ 00000001800037fc f i ElectronicJournal.obj
 0001:0000283c       ?QueryInterface@?$CComObjectCached@VCComClassFactory@ATL@@@ATL@@UEAAJAEBU_GUID@@PEAPEAX@Z 000000018000383c f i ElectronicJournal.obj
 0001:00002850       ??_G?$CComObjectCached@VCComClassFactory@ATL@@@ATL@@UEAAPEAXI@Z 0000000180003850 f i ElectronicJournal.obj
 0001:00002850       ??_E?$CComObjectCached@VCComClassFactory@ATL@@@ATL@@UEAAPEAXI@Z 0000000180003850 f i ElectronicJournal.obj
 0001:000028a8       ?Next@?$CComEnumImpl@UIEnumConnectionPoints@@$1?_GUID_b196b285_bab4_101a_b69c_00aa00341d07@@3U__s_GUID@@BPEAUIConnectionPoint@@V?$_CopyInterface@UIConnectionPoint@@@ATL@@@ATL@@UEAAJKPEAPEAUIConnectionPoint@@PEAK@Z 00000001800038a8 f i ElectronicJournal.obj
 0001:00002974       ?Skip@?$CComEnumImpl@UIEnumConnectionPoints@@$1?_GUID_b196b285_bab4_101a_b69c_00aa00341d07@@3U__s_GUID@@BPEAUIConnectionPoint@@V?$_CopyInterface@UIConnectionPoint@@@ATL@@@ATL@@UEAAJK@Z 0000000180003974 f i ElectronicJournal.obj
 0001:000029a0       ?Reset@?$CComEnumImpl@UIEnumConnections@@$1?_GUID_b196b287_bab4_101a_b69c_00aa00341d07@@3U__s_GUID@@BUtagCONNECTDATA@@V?$_Copy@UtagCONNECTDATA@@@ATL@@@ATL@@UEAAJXZ 00000001800039a0 f i ElectronicJournal.obj
 0001:000029a0       ?Reset@?$CComEnumImpl@UIEnumConnectionPoints@@$1?_GUID_b196b285_bab4_101a_b69c_00aa00341d07@@3U__s_GUID@@BPEAUIConnectionPoint@@V?$_CopyInterface@UIConnectionPoint@@@ATL@@@ATL@@UEAAJXZ 00000001800039a0 f i ElectronicJournal.obj
 0001:000029ac       ?Clone@?$CComEnumImpl@UIEnumConnectionPoints@@$1?_GUID_b196b285_bab4_101a_b69c_00aa00341d07@@3U__s_GUID@@BPEAUIConnectionPoint@@V?$_CopyInterface@UIConnectionPoint@@@ATL@@@ATL@@UEAAJPEAPEAUIEnumConnectionPoints@@@Z 00000001800039ac f i ElectronicJournal.obj
 0001:00002ad8       ?AddRef@?$CComObject@V?$CComEnum@UIEnumConnectionPoints@@$1?_GUID_b196b285_bab4_101a_b69c_00aa00341d07@@3U__s_GUID@@BPEAUIConnectionPoint@@V?$_CopyInterface@UIConnectionPoint@@@ATL@@VCComSingleThreadModel@6@@ATL@@@ATL@@UEAAKXZ 0000000180003ad8 f i ElectronicJournal.obj
 0001:00002ad8       ?AddRef@?$CComObject@V?$CComEnum@UIEnumConnections@@$1?_GUID_b196b287_bab4_101a_b69c_00aa00341d07@@3U__s_GUID@@BUtagCONNECTDATA@@V?$_Copy@UtagCONNECTDATA@@@ATL@@VCComSingleThreadModel@6@@ATL@@@ATL@@UEAAKXZ 0000000180003ad8 f i ElectronicJournal.obj
 0001:00002ae4       ?Release@?$CComObject@V?$CComEnum@UIEnumConnectionPoints@@$1?_GUID_b196b285_bab4_101a_b69c_00aa00341d07@@3U__s_GUID@@BPEAUIConnectionPoint@@V?$_CopyInterface@UIConnectionPoint@@@ATL@@VCComSingleThreadModel@6@@ATL@@@ATL@@UEAAKXZ 0000000180003ae4 f i ElectronicJournal.obj
 0001:00002ae4       ?Release@?$CComObject@V?$CComEnum@UIEnumConnections@@$1?_GUID_b196b287_bab4_101a_b69c_00aa00341d07@@3U__s_GUID@@BUtagCONNECTDATA@@V?$_Copy@UtagCONNECTDATA@@@ATL@@VCComSingleThreadModel@6@@ATL@@@ATL@@UEAAKXZ 0000000180003ae4 f i ElectronicJournal.obj
 0001:00002b38       ?QueryInterface@?$CComObject@V?$CComEnum@UIEnumConnectionPoints@@$1?_GUID_b196b285_bab4_101a_b69c_00aa00341d07@@3U__s_GUID@@BPEAUIConnectionPoint@@V?$_CopyInterface@UIConnectionPoint@@@ATL@@VCComSingleThreadModel@6@@ATL@@@ATL@@UEAAJAEBU_GUID@@PEAPEAX@Z 0000000180003b38 f i ElectronicJournal.obj
 0001:00002b4c       ??_E?$CComObject@V?$CComEnum@UIEnumConnectionPoints@@$1?_GUID_b196b285_bab4_101a_b69c_00aa00341d07@@3U__s_GUID@@BPEAUIConnectionPoint@@V?$_CopyInterface@UIConnectionPoint@@@ATL@@VCComSingleThreadModel@6@@ATL@@@ATL@@UEAAPEAXI@Z 0000000180003b4c f i ElectronicJournal.obj
 0001:00002b4c       ??_G?$CComObject@V?$CComEnum@UIEnumConnectionPoints@@$1?_GUID_b196b285_bab4_101a_b69c_00aa00341d07@@3U__s_GUID@@BPEAUIConnectionPoint@@V?$_CopyInterface@UIConnectionPoint@@@ATL@@VCComSingleThreadModel@6@@ATL@@@ATL@@UEAAPEAXI@Z 0000000180003b4c f i ElectronicJournal.obj
 0001:00002ba4       ?AddReplacement@CRegObject@ATL@@UEAAJPEB_W0@Z 0000000180003ba4 f i ElectronicJournal.obj
 0001:00002bd4       ?ClearReplacements@CRegObject@ATL@@UEAAJXZ 0000000180003bd4 f i ElectronicJournal.obj
 0001:00002be0       ??_GCRegObject@ATL@@UEAAPEAXI@Z 0000000180003be0 f i ElectronicJournal.obj
 0001:00002be0       ??_ECRegObject@ATL@@UEAAPEAXI@Z 0000000180003be0 f i ElectronicJournal.obj
 0001:00002c60       ?AddRef@?$CComAggObject@VCOPOSElectronicJournal@@@ATL@@UEAAKXZ 0000000180003c60 f i ElectronicJournal.obj
 0001:00002c6c       ?Release@?$CComAggObject@VCOPOSElectronicJournal@@@ATL@@UEAAKXZ 0000000180003c6c f i ElectronicJournal.obj
 0001:00002cc0       ?QueryInterface@?$CComAggObject@VCOPOSElectronicJournal@@@ATL@@UEAAJAEBU_GUID@@PEAPEAX@Z 0000000180003cc0 f i ElectronicJournal.obj
 0001:00002d20       ?AddRef@?$CComContainedObject@VCOPOSElectronicJournal@@@ATL@@UEAAKXZ 0000000180003d20 f i ElectronicJournal.obj
 0001:00002d30       ?Release@?$CComContainedObject@VCOPOSElectronicJournal@@@ATL@@UEAAKXZ 0000000180003d30 f i ElectronicJournal.obj
 0001:00002d40       ?QueryInterface@?$CComContainedObject@VCOPOSElectronicJournal@@@ATL@@UEAAJAEBU_GUID@@PEAPEAX@Z 0000000180003d40 f i ElectronicJournal.obj
 0001:00002d50       ??_E?$CComAggObject@VCOPOSElectronicJournal@@@ATL@@UEAAPEAXI@Z 0000000180003d50 f i ElectronicJournal.obj
 0001:00002d50       ??_G?$CComAggObject@VCOPOSElectronicJournal@@@ATL@@UEAAPEAXI@Z 0000000180003d50 f i ElectronicJournal.obj
 0001:00002da8       ?AddRef@?$CComObject@VCOPOSElectronicJournal@@@ATL@@UEAAKXZ 0000000180003da8 f i ElectronicJournal.obj
 0001:00002db8       ?Release@?$CComObject@VCOPOSElectronicJournal@@@ATL@@UEAAKXZ 0000000180003db8 f i ElectronicJournal.obj
 0001:00002e10       ?QueryInterface@?$CComObject@VCOPOSElectronicJournal@@@ATL@@UEAAJAEBU_GUID@@PEAPEAX@Z 0000000180003e10 f i ElectronicJournal.obj
 0001:00002e24       ?OnDrawAdvanced@CComControlBase@ATL@@UEAAJAEAUATL_DRAWINFO@@@Z 0000000180003e24 f i ElectronicJournal.obj
 0001:00002fb0       ?Next@?$CComEnumImpl@UIEnumConnections@@$1?_GUID_b196b287_bab4_101a_b69c_00aa00341d07@@3U__s_GUID@@BUtagCONNECTDATA@@V?$_Copy@UtagCONNECTDATA@@@ATL@@@ATL@@UEAAJKPEAUtagCONNECTDATA@@PEAK@Z 0000000180003fb0 f i ElectronicJournal.obj
 0001:00003084       ?Skip@?$CComEnumImpl@UIEnumConnections@@$1?_GUID_b196b287_bab4_101a_b69c_00aa00341d07@@3U__s_GUID@@BUtagCONNECTDATA@@V?$_Copy@UtagCONNECTDATA@@@ATL@@@ATL@@UEAAJK@Z 0000000180004084 f i ElectronicJournal.obj
 0001:000030b0       ?Clone@?$CComEnumImpl@UIEnumConnections@@$1?_GUID_b196b287_bab4_101a_b69c_00aa00341d07@@3U__s_GUID@@BUtagCONNECTDATA@@V?$_Copy@UtagCONNECTDATA@@@ATL@@@ATL@@UEAAJPEAPEAUIEnumConnections@@@Z 00000001800040b0 f i ElectronicJournal.obj
 0001:000031dc       ?QueryInterface@?$CComObject@V?$CComEnum@UIEnumConnections@@$1?_GUID_b196b287_bab4_101a_b69c_00aa00341d07@@3U__s_GUID@@BUtagCONNECTDATA@@V?$_Copy@UtagCONNECTDATA@@@ATL@@VCComSingleThreadModel@6@@ATL@@@ATL@@UEAAJAEBU_GUID@@PEAPEAX@Z 00000001800041dc f i ElectronicJournal.obj
 0001:000031f0       ??_E?$CComObject@V?$CComEnum@UIEnumConnections@@$1?_GUID_b196b287_bab4_101a_b69c_00aa00341d07@@3U__s_GUID@@BUtagCONNECTDATA@@V?$_Copy@UtagCONNECTDATA@@@ATL@@VCComSingleThreadModel@6@@ATL@@@ATL@@UEAAPEAXI@Z 00000001800041f0 f i ElectronicJournal.obj
 0001:000031f0       ??_G?$CComObject@V?$CComEnum@UIEnumConnections@@$1?_GUID_b196b287_bab4_101a_b69c_00aa00341d07@@3U__s_GUID@@BUtagCONNECTDATA@@V?$_Copy@UtagCONNECTDATA@@@ATL@@VCComSingleThreadModel@6@@ATL@@@ATL@@UEAAPEAXI@Z 00000001800041f0 f i ElectronicJournal.obj
 0001:00003248       ??_E?$CComObject@VCOPOSElectronicJournal@@@ATL@@W7EAAPEAXI@Z 0000000180004248 f i ElectronicJournal.obj
 0001:00003254       ??_E?$CComObject@VCOPOSElectronicJournal@@@ATL@@WHA@EAAPEAXI@Z 0000000180004254 f i ElectronicJournal.obj
 0001:00003260       ?QueryInterface@?$CComObject@VCOPOSElectronicJournal@@@ATL@@WLI@EAAJAEBU_GUID@@PEAPEAX@Z 0000000180004260 f i ElectronicJournal.obj
 0001:0000326c       ?AddRef@?$CComObject@VCOPOSElectronicJournal@@@ATL@@WLI@EAAKXZ 000000018000426c f i ElectronicJournal.obj
 0001:00003278       ?Release@?$CComObject@VCOPOSElectronicJournal@@@ATL@@WLI@EAAKXZ 0000000180004278 f i ElectronicJournal.obj
 0001:00003284       ?QueryInterface@?$CComObject@VCOPOSElectronicJournal@@@ATL@@WMA@EAAJAEBU_GUID@@PEAPEAX@Z 0000000180004284 f i ElectronicJournal.obj
 0001:00003290       ?AddRef@?$CComObject@VCOPOSElectronicJournal@@@ATL@@WMA@EAAKXZ 0000000180004290 f i ElectronicJournal.obj
 0001:0000329c       ?Release@?$CComObject@VCOPOSElectronicJournal@@@ATL@@WMA@EAAKXZ 000000018000429c f i ElectronicJournal.obj
 0001:000032a8       ?QueryInterface@?$CComObject@VCOPOSElectronicJournal@@@ATL@@WMI@EAAJAEBU_GUID@@PEAPEAX@Z 00000001800042a8 f i ElectronicJournal.obj
 0001:000032b4       ?AddRef@?$CComObject@VCOPOSElectronicJournal@@@ATL@@WMI@EAAKXZ 00000001800042b4 f i ElectronicJournal.obj
 0001:000032c0       ?Release@?$CComObject@VCOPOSElectronicJournal@@@ATL@@WMI@EAAKXZ 00000001800042c0 f i ElectronicJournal.obj
 0001:000032cc       ?QueryInterface@?$CComObject@VCOPOSElectronicJournal@@@ATL@@WNA@EAAJAEBU_GUID@@PEAPEAX@Z 00000001800042cc f i ElectronicJournal.obj
 0001:000032d8       ?AddRef@?$CComObject@VCOPOSElectronicJournal@@@ATL@@WNA@EAAKXZ 00000001800042d8 f i ElectronicJournal.obj
 0001:000032e4       ?Release@?$CComObject@VCOPOSElectronicJournal@@@ATL@@WNA@EAAKXZ 00000001800042e4 f i ElectronicJournal.obj
 0001:000032f0       ?QueryInterface@?$CComObject@VCOPOSElectronicJournal@@@ATL@@WNI@EAAJAEBU_GUID@@PEAPEAX@Z 00000001800042f0 f i ElectronicJournal.obj
 0001:000032fc       ?AddRef@?$CComObject@VCOPOSElectronicJournal@@@ATL@@WNI@EAAKXZ 00000001800042fc f i ElectronicJournal.obj
 0001:00003308       ?Release@?$CComObject@VCOPOSElectronicJournal@@@ATL@@WNI@EAAKXZ 0000000180004308 f i ElectronicJournal.obj
 0001:00003314       ?QueryInterface@?$CComObject@VCOPOSElectronicJournal@@@ATL@@WOA@EAAJAEBU_GUID@@PEAPEAX@Z 0000000180004314 f i ElectronicJournal.obj
 0001:00003320       ?AddRef@?$CComObject@VCOPOSElectronicJournal@@@ATL@@WOA@EAAKXZ 0000000180004320 f i ElectronicJournal.obj
 0001:0000332c       ?Release@?$CComObject@VCOPOSElectronicJournal@@@ATL@@WOA@EAAKXZ 000000018000432c f i ElectronicJournal.obj
 0001:00003338       ?QueryInterface@?$CComObject@VCOPOSElectronicJournal@@@ATL@@WOI@EAAJAEBU_GUID@@PEAPEAX@Z 0000000180004338 f i ElectronicJournal.obj
 0001:00003344       ?AddRef@?$CComObject@VCOPOSElectronicJournal@@@ATL@@WOI@EAAKXZ 0000000180004344 f i ElectronicJournal.obj
 0001:00003350       ?Release@?$CComObject@VCOPOSElectronicJournal@@@ATL@@WOI@EAAKXZ 0000000180004350 f i ElectronicJournal.obj
 0001:0000335c       ?QueryInterface@?$CComObject@VCOPOSElectronicJournal@@@ATL@@WPA@EAAJAEBU_GUID@@PEAPEAX@Z 000000018000435c f i ElectronicJournal.obj
 0001:00003368       ?AddRef@?$CComObject@VCOPOSElectronicJournal@@@ATL@@WPA@EAAKXZ 0000000180004368 f i ElectronicJournal.obj
 0001:00003374       ?Release@?$CComObject@VCOPOSElectronicJournal@@@ATL@@WPA@EAAKXZ 0000000180004374 f i ElectronicJournal.obj
 0001:00003380       ?QueryInterface@?$CComObject@VCOPOSElectronicJournal@@@ATL@@WPI@EAAJAEBU_GUID@@PEAPEAX@Z 0000000180004380 f i ElectronicJournal.obj
 0001:0000338c       ?AddRef@?$CComObject@VCOPOSElectronicJournal@@@ATL@@WPI@EAAKXZ 000000018000438c f i ElectronicJournal.obj
 0001:00003398       ?Release@?$CComObject@VCOPOSElectronicJournal@@@ATL@@WPI@EAAKXZ 0000000180004398 f i ElectronicJournal.obj
 0001:000033a4       ?QueryInterface@?$CComObject@VCOPOSElectronicJournal@@@ATL@@WBAA@EAAJAEBU_GUID@@PEAPEAX@Z 00000001800043a4 f i ElectronicJournal.obj
 0001:000033b0       ?AddRef@?$CComObject@VCOPOSElectronicJournal@@@ATL@@WBAA@EAAKXZ 00000001800043b0 f i ElectronicJournal.obj
 0001:000033bc       ?Release@?$CComObject@VCOPOSElectronicJournal@@@ATL@@WBAA@EAAKXZ 00000001800043bc f i ElectronicJournal.obj
 0001:000033c8       ?QueryInterface@?$CComObject@VCOPOSElectronicJournal@@@ATL@@WBAI@EAAJAEBU_GUID@@PEAPEAX@Z 00000001800043c8 f i ElectronicJournal.obj
 0001:000033d4       ?AddRef@?$CComObject@VCOPOSElectronicJournal@@@ATL@@WBAI@EAAKXZ 00000001800043d4 f i ElectronicJournal.obj
 0001:000033e0       ?Release@?$CComObject@VCOPOSElectronicJournal@@@ATL@@WBAI@EAAKXZ 00000001800043e0 f i ElectronicJournal.obj
 0001:000033ec       ?QueryInterface@?$CComObject@VCOPOSElectronicJournal@@@ATL@@WBBA@EAAJAEBU_GUID@@PEAPEAX@Z 00000001800043ec f i ElectronicJournal.obj
 0001:000033f8       ?AddRef@?$CComObject@VCOPOSElectronicJournal@@@ATL@@WBBA@EAAKXZ 00000001800043f8 f i ElectronicJournal.obj
 0001:00003404       ?Release@?$CComObject@VCOPOSElectronicJournal@@@ATL@@WBBA@EAAKXZ 0000000180004404 f i ElectronicJournal.obj
 0001:00003410       ?QueryInterface@?$CComObject@VCOPOSElectronicJournal@@@ATL@@WBBI@EAAJAEBU_GUID@@PEAPEAX@Z 0000000180004410 f i ElectronicJournal.obj
 0001:0000341c       ?AddRef@?$CComObject@VCOPOSElectronicJournal@@@ATL@@WBBI@EAAKXZ 000000018000441c f i ElectronicJournal.obj
 0001:00003428       ?Release@?$CComObject@VCOPOSElectronicJournal@@@ATL@@WBBI@EAAKXZ 0000000180004428 f i ElectronicJournal.obj
 0001:00003434       ?AddRef@?$CComObject@VCOPOSElectronicJournal@@@ATL@@WBCI@EAAKXZ 0000000180004434 f i ElectronicJournal.obj
 0001:00003440       ?Release@?$CComObject@VCOPOSElectronicJournal@@@ATL@@WBCI@EAAKXZ 0000000180004440 f i ElectronicJournal.obj
 0001:0000344c       ?AddRef@?$CComObject@VCOPOSElectronicJournal@@@ATL@@WBEA@EAAKXZ 000000018000444c f i ElectronicJournal.obj
 0001:00003458       ?Release@?$CComObject@VCOPOSElectronicJournal@@@ATL@@WBEA@EAAKXZ 0000000180004458 f i ElectronicJournal.obj
 0001:00003464       ??_E?$CComContainedObject@VCOPOSElectronicJournal@@@ATL@@W7EAAPEAXI@Z 0000000180004464 f i ElectronicJournal.obj
 0001:00003470       ??_E?$CComContainedObject@VCOPOSElectronicJournal@@@ATL@@WHA@EAAPEAXI@Z 0000000180004470 f i ElectronicJournal.obj
 0001:0000347c       ?QueryInterface@?$CComContainedObject@VCOPOSElectronicJournal@@@ATL@@WLI@EAAJAEBU_GUID@@PEAPEAX@Z 000000018000447c f i ElectronicJournal.obj
 0001:00003488       ?AddRef@?$CComContainedObject@VCOPOSElectronicJournal@@@ATL@@WLI@EAAKXZ 0000000180004488 f i ElectronicJournal.obj
 0001:00003494       ?Release@?$CComContainedObject@VCOPOSElectronicJournal@@@ATL@@WLI@EAAKXZ 0000000180004494 f i ElectronicJournal.obj
 0001:000034a0       ?QueryInterface@?$CComContainedObject@VCOPOSElectronicJournal@@@ATL@@WMA@EAAJAEBU_GUID@@PEAPEAX@Z 00000001800044a0 f i ElectronicJournal.obj
 0001:000034ac       ?AddRef@?$CComContainedObject@VCOPOSElectronicJournal@@@ATL@@WMA@EAAKXZ 00000001800044ac f i ElectronicJournal.obj
 0001:000034b8       ?Release@?$CComContainedObject@VCOPOSElectronicJournal@@@ATL@@WMA@EAAKXZ 00000001800044b8 f i ElectronicJournal.obj
 0001:000034c4       ?QueryInterface@?$CComContainedObject@VCOPOSElectronicJournal@@@ATL@@WMI@EAAJAEBU_GUID@@PEAPEAX@Z 00000001800044c4 f i ElectronicJournal.obj
 0001:000034d0       ?AddRef@?$CComContainedObject@VCOPOSElectronicJournal@@@ATL@@WMI@EAAKXZ 00000001800044d0 f i ElectronicJournal.obj
 0001:000034dc       ?Release@?$CComContainedObject@VCOPOSElectronicJournal@@@ATL@@WMI@EAAKXZ 00000001800044dc f i ElectronicJournal.obj
 0001:000034e8       ?QueryInterface@?$CComContainedObject@VCOPOSElectronicJournal@@@ATL@@WNA@EAAJAEBU_GUID@@PEAPEAX@Z 00000001800044e8 f i ElectronicJournal.obj
 0001:000034f4       ?AddRef@?$CComContainedObject@VCOPOSElectronicJournal@@@ATL@@WNA@EAAKXZ 00000001800044f4 f i ElectronicJournal.obj
 0001:00003500       ?Release@?$CComContainedObject@VCOPOSElectronicJournal@@@ATL@@WNA@EAAKXZ 0000000180004500 f i ElectronicJournal.obj
 0001:0000350c       ?QueryInterface@?$CComContainedObject@VCOPOSElectronicJournal@@@ATL@@WNI@EAAJAEBU_GUID@@PEAPEAX@Z 000000018000450c f i ElectronicJournal.obj
 0001:00003518       ?AddRef@?$CComContainedObject@VCOPOSElectronicJournal@@@ATL@@WNI@EAAKXZ 0000000180004518 f i ElectronicJournal.obj
 0001:00003524       ?Release@?$CComContainedObject@VCOPOSElectronicJournal@@@ATL@@WNI@EAAKXZ 0000000180004524 f i ElectronicJournal.obj
 0001:00003530       ?QueryInterface@?$CComContainedObject@VCOPOSElectronicJournal@@@ATL@@WOA@EAAJAEBU_GUID@@PEAPEAX@Z 0000000180004530 f i ElectronicJournal.obj
 0001:0000353c       ?AddRef@?$CComContainedObject@VCOPOSElectronicJournal@@@ATL@@WOA@EAAKXZ 000000018000453c f i ElectronicJournal.obj
 0001:00003548       ?Release@?$CComContainedObject@VCOPOSElectronicJournal@@@ATL@@WOA@EAAKXZ 0000000180004548 f i ElectronicJournal.obj
 0001:00003554       ?QueryInterface@?$CComContainedObject@VCOPOSElectronicJournal@@@ATL@@WOI@EAAJAEBU_GUID@@PEAPEAX@Z 0000000180004554 f i ElectronicJournal.obj
 0001:00003560       ?AddRef@?$CComContainedObject@VCOPOSElectronicJournal@@@ATL@@WOI@EAAKXZ 0000000180004560 f i ElectronicJournal.obj
 0001:0000356c       ?Release@?$CComContainedObject@VCOPOSElectronicJournal@@@ATL@@WOI@EAAKXZ 000000018000456c f i ElectronicJournal.obj
 0001:00003578       ?QueryInterface@?$CComContainedObject@VCOPOSElectronicJournal@@@ATL@@WPA@EAAJAEBU_GUID@@PEAPEAX@Z 0000000180004578 f i ElectronicJournal.obj
 0001:00003584       ?AddRef@?$CComContainedObject@VCOPOSElectronicJournal@@@ATL@@WPA@EAAKXZ 0000000180004584 f i ElectronicJournal.obj
 0001:00003590       ?Release@?$CComContainedObject@VCOPOSElectronicJournal@@@ATL@@WPA@EAAKXZ 0000000180004590 f i ElectronicJournal.obj
 0001:0000359c       ?QueryInterface@?$CComContainedObject@VCOPOSElectronicJournal@@@ATL@@WPI@EAAJAEBU_GUID@@PEAPEAX@Z 000000018000459c f i ElectronicJournal.obj
 0001:000035a8       ?AddRef@?$CComContainedObject@VCOPOSElectronicJournal@@@ATL@@WPI@EAAKXZ 00000001800045a8 f i ElectronicJournal.obj
 0001:000035b4       ?Release@?$CComContainedObject@VCOPOSElectronicJournal@@@ATL@@WPI@EAAKXZ 00000001800045b4 f i ElectronicJournal.obj
 0001:000035c0       ?QueryInterface@?$CComContainedObject@VCOPOSElectronicJournal@@@ATL@@WBAA@EAAJAEBU_GUID@@PEAPEAX@Z 00000001800045c0 f i ElectronicJournal.obj
 0001:000035cc       ?AddRef@?$CComContainedObject@VCOPOSElectronicJournal@@@ATL@@WBAA@EAAKXZ 00000001800045cc f i ElectronicJournal.obj
 0001:000035d8       ?Release@?$CComContainedObject@VCOPOSElectronicJournal@@@ATL@@WBAA@EAAKXZ 00000001800045d8 f i ElectronicJournal.obj
 0001:000035e4       ?QueryInterface@?$CComContainedObject@VCOPOSElectronicJournal@@@ATL@@WBAI@EAAJAEBU_GUID@@PEAPEAX@Z 00000001800045e4 f i ElectronicJournal.obj
 0001:000035f0       ?AddRef@?$CComContainedObject@VCOPOSElectronicJournal@@@ATL@@WBAI@EAAKXZ 00000001800045f0 f i ElectronicJournal.obj
 0001:000035fc       ?Release@?$CComContainedObject@VCOPOSElectronicJournal@@@ATL@@WBAI@EAAKXZ 00000001800045fc f i ElectronicJournal.obj
 0001:00003608       ?QueryInterface@?$CComContainedObject@VCOPOSElectronicJournal@@@ATL@@WBBA@EAAJAEBU_GUID@@PEAPEAX@Z 0000000180004608 f i ElectronicJournal.obj
 0001:00003614       ?AddRef@?$CComContainedObject@VCOPOSElectronicJournal@@@ATL@@WBBA@EAAKXZ 0000000180004614 f i ElectronicJournal.obj
 0001:00003620       ?Release@?$CComContainedObject@VCOPOSElectronicJournal@@@ATL@@WBBA@EAAKXZ 0000000180004620 f i ElectronicJournal.obj
 0001:0000362c       ?QueryInterface@?$CComContainedObject@VCOPOSElectronicJournal@@@ATL@@WBBI@EAAJAEBU_GUID@@PEAPEAX@Z 000000018000462c f i ElectronicJournal.obj
 0001:00003638       ?AddRef@?$CComContainedObject@VCOPOSElectronicJournal@@@ATL@@WBBI@EAAKXZ 0000000180004638 f i ElectronicJournal.obj
 0001:00003644       ?Release@?$CComContainedObject@VCOPOSElectronicJournal@@@ATL@@WBBI@EAAKXZ 0000000180004644 f i ElectronicJournal.obj
 0001:00003650       ?AddRef@?$CComContainedObject@VCOPOSElectronicJournal@@@ATL@@WBCI@EAAKXZ 0000000180004650 f i ElectronicJournal.obj
 0001:0000365c       ?Release@?$CComContainedObject@VCOPOSElectronicJournal@@@ATL@@WBCI@EAAKXZ 000000018000465c f i ElectronicJournal.obj
 0001:00003668       ?AddRef@?$CComContainedObject@VCOPOSElectronicJournal@@@ATL@@WBEA@EAAKXZ 0000000180004668 f i ElectronicJournal.obj
 0001:00003674       ?Release@?$CComContainedObject@VCOPOSElectronicJournal@@@ATL@@WBEA@EAAKXZ 0000000180004674 f i ElectronicJournal.obj
 0001:00003680       ?CreateInstance@CComClassFactory@ATL@@UEAAJPEAUIUnknown@@AEBU_GUID@@PEAPEAX@Z 0000000180004680 f i ElectronicJournal.obj
 0001:000036e0       ?LockServer@CComClassFactory@ATL@@UEAAJH@Z 00000001800046e0 f i ElectronicJournal.obj
 0001:00003704       ??_ECComClassFactory@ATL@@UEAAPEAXI@Z 0000000180004704 f i ElectronicJournal.obj
 0001:00003704       ??_GCComClassFactory@ATL@@UEAAPEAXI@Z 0000000180004704 f i ElectronicJournal.obj
 0001:00003754       ??$AtlModuleRegisterWndClassInfoT@VAtlModuleRegisterWndClassInfoParamW@ATL@@@ATL@@YAGPEAU_ATL_BASE_MODULE70@0@PEAU_ATL_WIN_MODULE70@0@PEAU_ATL_WNDCLASSINFOW@0@PEAP6A_JPEAUHWND__@@I_K_J@ZVAtlModuleRegisterWndClassInfoParamW@0@@Z 0000000180004754 f i ElectronicJournal.obj
 0001:00003954       ??0?$CComContainedObject@VCOPOSElectronicJournal@@@ATL@@QEAA@PEAX@Z 0000000180004954 f i ElectronicJournal.obj
 0001:00003a70       ??0?$CComObject@VCOPOSElectronicJournal@@@ATL@@QEAA@PEAX@Z 0000000180004a70 f i ElectronicJournal.obj
 0001:00003b88       ??0CAtlModule@ATL@@QEAA@XZ 0000000180004b88 f i ElectronicJournal.obj
 0001:00003bfc       ??1?$CComEnumImpl@UIEnumConnectionPoints@@$1?_GUID_b196b285_bab4_101a_b69c_00aa00341d07@@3U__s_GUID@@BPEAUIConnectionPoint@@V?$_CopyInterface@UIConnectionPoint@@@ATL@@@ATL@@UEAA@XZ 0000000180004bfc f i ElectronicJournal.obj
 0001:00003c58       ??1?$CComEnumImpl@UIEnumConnections@@$1?_GUID_b196b287_bab4_101a_b69c_00aa00341d07@@3U__s_GUID@@BUtagCONNECTDATA@@V?$_Copy@UtagCONNECTDATA@@@ATL@@@ATL@@UEAA@XZ 0000000180004c58 f i ElectronicJournal.obj
 0001:00003cb4       ??1?$CComObject@VCOPOSElectronicJournal@@@ATL@@UEAA@XZ 0000000180004cb4 f i ElectronicJournal.obj
 0001:00003dd4       ??_E?$CComContainedObject@VCOPOSElectronicJournal@@@ATL@@UEAAPEAXI@Z 0000000180004dd4 f i ElectronicJournal.obj
 0001:00003dd4       ??_G?$CComContainedObject@VCOPOSElectronicJournal@@@ATL@@UEAAPEAXI@Z 0000000180004dd4 f i ElectronicJournal.obj
 0001:00003e08       ??_E?$CComObject@VCOPOSElectronicJournal@@@ATL@@UEAAPEAXI@Z 0000000180004e08 f i ElectronicJournal.obj
 0001:00003e08       ??_G?$CComObject@VCOPOSElectronicJournal@@@ATL@@UEAAPEAXI@Z 0000000180004e08 f i ElectronicJournal.obj
 0001:00003e3c       ?Add@?$CSimpleArray@GV?$CSimpleArrayEqualHelper@G@ATL@@@ATL@@QEAAHAEBG@Z 0000000180004e3c f i ElectronicJournal.obj
 0001:00003ef0       ?Add@?$CSimpleMap@PEA_WPEA_WVCExpansionVectorEqualHelper@ATL@@@ATL@@QEAAHAEBQEA_W0@Z 0000000180004ef0 f i ElectronicJournal.obj
 0001:00003f90       ?Add@CComDynamicUnkArray@ATL@@QEAAKPEAUIUnknown@@@Z 0000000180004f90 f i ElectronicJournal.obj
 0001:0000407c       ?Add@CExpansionVector@ATL@@QEAAHPEB_W0@Z 000000018000507c f i ElectronicJournal.obj
 0001:000041b0       ?AddTermFunc@CAtlModule@ATL@@QEAAJP6AX_K@Z0@Z 00000001800051b0 f i ElectronicJournal.obj
 0001:0000424c       ?AddValue@CRegParser@ATL@@IEAAJAEAVCRegKey@2@PEB_WPEA_W@Z 000000018000524c f i ElectronicJournal.obj
 0001:00004694       ?AllocateHeap@?$CTempBuffer@E$0BAA@VCCRTAllocator@ATL@@@ATL@@AEAAX_K@Z 0000000180005694 f i ElectronicJournal.obj
 0001:00004694       ?AllocateHeap@?$CTempBuffer@_W$0EAA@VCCRTAllocator@ATL@@@ATL@@AEAAX_K@Z 0000000180005694 f i ElectronicJournal.obj
 0001:00004694       ?AllocateHeap@?$CTempBuffer@_W$0BAA@VCCRTAllocator@ATL@@@ATL@@AEAAX_K@Z 0000000180005694 f i ElectronicJournal.obj
 0001:000046c0       ?Append@CParseBuffer@CRegParser@ATL@@QEAAHPEB_WH@Z 00000001800056c0 f i ElectronicJournal.obj
 0001:00004808       ?AtlComModuleGetClassObject@ATL@@YAJPEAU_ATL_COM_MODULE70@1@AEBU_GUID@@1PEAPEAX@Z 0000000180005808 f i ElectronicJournal.obj
 0001:00004948       ?AtlComModuleRegisterServer@ATL@@YAJPEAU_ATL_COM_MODULE70@1@HPEBU_GUID@@@Z 0000000180005948 f i ElectronicJournal.obj
 0001:00004a08       ?AtlComModuleUnregisterServer@ATL@@YAJPEAU_ATL_COM_MODULE70@1@HPEBU_GUID@@@Z 0000000180005a08 f i ElectronicJournal.obj
 0001:00004ac4       ?AtlHiMetricToPixel@ATL@@YAXPEBUtagSIZE@@PEAU2@@Z 0000000180005ac4 f i ElectronicJournal.obj
 0001:00004b74       ?AtlHresultFromLastError@ATL@@YAJXZ 0000000180005b74 f i ElectronicJournal.obj
 0001:00004b94       ?AtlHresultFromWin32@ATL@@YAJK@Z 0000000180005b94 f i ElectronicJournal.obj
 0001:00004ba4       ?AtlInternalOleLoadFromStream@ATL@@YAJPEAUIStream@@AEBU_GUID@@PEAPEAXTClassesAllowedInStream@1@K@Z 0000000180005ba4 f i ElectronicJournal.obj
 0001:00004ce8       ?AtlInternalQueryInterface@ATL@@YAJPEAXPEBU_ATL_INTMAP_ENTRY@1@AEBU_GUID@@PEAPEAX@Z 0000000180005ce8 f i ElectronicJournal.obj
 0001:00004df0       ?AtlLoadTypeLib@ATL@@YAJPEAUHINSTANCE__@@PEB_WPEAPEA_WPEAPEAUITypeLib@@@Z 0000000180005df0 f i ElectronicJournal.obj
 0001:0000504c       ?AtlRegisterClassCategoriesHelper@ATL@@YAJAEBU_GUID@@PEBU_ATL_CATMAP_ENTRY@1@H@Z 000000018000604c f i ElectronicJournal.obj
 0001:000054d0       ?AtlRegisterTypeLib@ATL@@YAJPEAUHINSTANCE__@@PEB_W@Z 00000001800064d0 f i ElectronicJournal.obj
 0001:000056cc       ?AtlThrowImpl@ATL@@YAXJ@Z  00000001800066cc f i ElectronicJournal.obj
 0001:000056f0       ?AtlUnRegisterTypeLib@ATL@@YAJPEAUHINSTANCE__@@PEB_W@Z 00000001800066f0 f i ElectronicJournal.obj
 0001:000057b8       ?AtlWinModuleExtractCreateWndData@ATL@@YAPEAXPEAU_ATL_WIN_MODULE70@1@@Z 00000001800067b8 f i ElectronicJournal.obj
 0001:00005844       ?Cleanup@CComTypeInfoHolder@ATL@@SAX_K@Z 0000000180006844 f i ElectronicJournal.obj
 0001:00005884       ?ClearReplacements@CExpansionVector@ATL@@QEAAJXZ 0000000180006884 f i ElectronicJournal.obj
 0001:00005920       ?CreateInstance@?$CComCreator@V?$CComAggObject@VCOPOSElectronicJournal@@@ATL@@@ATL@@SAJPEAXAEBU_GUID@@PEAPEAX@Z 0000000180006920 f i ElectronicJournal.obj
 0001:00005a04       ?CreateInstance@?$CComCreator@V?$CComObject@VCOPOSElectronicJournal@@@ATL@@@ATL@@SAJPEAXAEBU_GUID@@PEAPEAX@Z 0000000180006a04 f i ElectronicJournal.obj
 0001:00005ab8       ?CreateInstance@?$CComObject@V?$CComEnum@UIEnumConnectionPoints@@$1?_GUID_b196b285_bab4_101a_b69c_00aa00341d07@@3U__s_GUID@@BPEAUIConnectionPoint@@V?$_CopyInterface@UIConnectionPoint@@@ATL@@VCComSingleThreadModel@6@@ATL@@@ATL@@SAJPEAPEAV12@@Z 0000000180006ab8 f i ElectronicJournal.obj
 0001:00005b48       ?CreateInstance@?$CComObject@V?$CComEnum@UIEnumConnections@@$1?_GUID_b196b287_bab4_101a_b69c_00aa00341d07@@3U__s_GUID@@BUtagCONNECTDATA@@V?$_Copy@UtagCONNECTDATA@@@ATL@@VCComSingleThreadModel@6@@ATL@@@ATL@@SAJPEAPEAV12@@Z 0000000180006b48 f i ElectronicJournal.obj
 0001:00005bd8       ?DefaultReflectionHandler@?$CWindowImplRoot@VCWindow@ATL@@@ATL@@SAHPEAUHWND__@@I_K_JAEA_J@Z 0000000180006bd8 f i ElectronicJournal.obj
 0001:00005c3c       ?DeleteSubKey@CRegKey@ATL@@QEAAJPEB_W@Z 0000000180006c3c f i ElectronicJournal.obj
 0001:00005cd4       ?DoEvent@COPOSElectronicJournal@@IEAAXI_K_J@Z 0000000180006cd4 f i ElectronicJournal.obj
 0001:00005d88       ?DoVerbPrimary@?$IOleObjectImpl@VCOPOSElectronicJournal@@@ATL@@QEAAJPEBUtagRECT@@PEAUHWND__@@@Z 0000000180006d88 f i ElectronicJournal.obj
 0001:00005eb4       ?DoVerbProperties@CComControlBase@ATL@@QEAAJPEBUtagRECT@@PEAUHWND__@@@Z 0000000180006eb4 f i ElectronicJournal.obj
 0001:000060dc       ?FireTheEvent@?$CProxy_IOPOSEvents@VCOPOSElectronicJournal@@@@IEAAXPEAVOposVariant@@IAEAJPEB_WJ@Z 00000001800070dc f i ElectronicJournal.obj
 0001:000061c8       ?FireViewChange@CComControlBase@ATL@@QEAAJXZ 00000001800071c8 f i ElectronicJournal.obj
 0001:0000622c       ?Fire_DataEvent@?$CProxy_IOPOSEvents@VCOPOSElectronicJournal@@@@QEAAXJ@Z 000000018000722c f i ElectronicJournal.obj
 0001:00006318       ?Fire_DirectIOEvent@?$CProxy_IOPOSEvents@VCOPOSElectronicJournal@@@@QEAAXJPEAJPEAPEA_W@Z 0000000180007318 f i ElectronicJournal.obj
 0001:00006478       ?Fire_ErrorEvent@?$CProxy_IOPOSEvents@VCOPOSElectronicJournal@@@@QEAAXJJJPEAJ@Z 0000000180007478 f i ElectronicJournal.obj
 0001:000065ec       ?Fire_OutputCompleteEvent@?$CProxy_IOPOSEvents@VCOPOSElectronicJournal@@@@QEAAXJ@Z 00000001800075ec f i ElectronicJournal.obj
 0001:000066d8       ?Fire_StatusUpdateEvent@?$CProxy_IOPOSEvents@VCOPOSElectronicJournal@@@@QEAAXJ@Z 00000001800076d8 f i ElectronicJournal.obj
 0001:000067c4       ?FreeHeap@?$CTempBuffer@_W$0EAA@VCCRTAllocator@ATL@@@ATL@@AEAAXXZ 00000001800077c4 f i ElectronicJournal.obj
 0001:000067c4       ?FreeHeap@?$CTempBuffer@E$0BAA@VCCRTAllocator@ATL@@@ATL@@AEAAXXZ 00000001800077c4 f i ElectronicJournal.obj
 0001:000067c4       ?FreeHeap@?$CTempBuffer@_W$0BAA@VCCRTAllocator@ATL@@@ATL@@AEAAXXZ 00000001800077c4 f i ElectronicJournal.obj
 0001:000067cc       ?GetAmbientLocaleID@CComControlBase@ATL@@QEAAJAEAK@Z 00000001800077cc f i ElectronicJournal.obj
 0001:0000688c       ?GetAmbientUserMode@CComControlBase@ATL@@QEAAJAEAH@Z 000000018000788c f i ElectronicJournal.obj
 0001:0000695c       ?GetClassObject@CComModule@ATL@@QEAAJAEBU_GUID@@0PEAPEAX@Z 000000018000795c f i ElectronicJournal.obj
 0001:00006a50       ?GetConnMap@COPOSElectronicJournal@@SAPEBU_ATL_CONNMAP_ENTRY@ATL@@PEAH@Z 0000000180007a50 f i ElectronicJournal.obj
 0001:00006ad8       ?GetIDsOfNames@CComTypeInfoHolder@ATL@@QEAAJAEBU_GUID@@PEAPEA_WIKPEAJ@Z 0000000180007ad8 f i ElectronicJournal.obj
 0001:00006c50       ?GetPagesHelper@?$ISpecifyPropertyPagesImpl@VCOPOSElectronicJournal@@@ATL@@IEAAJPEAUtagCAUUID@@PEBUATL_PROPMAP_ENTRY@2@@Z 0000000180007c50 f i ElectronicJournal.obj
 0001:00006df0       ?GetSizeMax@CComVariant@ATL@@QEBAJPEAT_ULARGE_INTEGER@@@Z 0000000180007df0 f i ElectronicJournal.obj
 0001:00007020       ?GetTI@CComTypeInfoHolder@ATL@@QEAAJK@Z 0000000180008020 f i ElectronicJournal.obj
 0001:00007308       ?GetZoomInfo@CComControlBase@ATL@@QEAAXAEAUATL_DRAWINFO@@@Z 0000000180008308 f i ElectronicJournal.obj
 0001:000073ac       ?HKeyFromString@CRegParser@ATL@@KAPEAUHKEY__@@PEA_W@Z 00000001800083ac f i ElectronicJournal.obj
 0001:00007410       ?IDataObject_GetData@CComControlBase@ATL@@QEAAJPEAUtagFORMATETC@@PEAUtagSTGMEDIUM@@@Z 0000000180008410 f i ElectronicJournal.obj
 0001:00007604       ?IOleInPlaceObject_InPlaceDeactivate@CComControlBase@ATL@@QEAAJXZ 0000000180008604 f i ElectronicJournal.obj
 0001:000076a4       ?IOleInPlaceObject_SetObjectRects@CComControlBase@ATL@@QEAAJPEBUtagRECT@@0@Z 00000001800086a4 f i ElectronicJournal.obj
 0001:00007794       ?IOleInPlaceObject_UIDeactivate@CComControlBase@ATL@@QEAAJXZ 0000000180008794 f i ElectronicJournal.obj
 0001:000078a0       ?IOleObject_Close@CComControlBase@ATL@@QEAAJK@Z 00000001800088a0 f i ElectronicJournal.obj
 0001:000079b8       ?IOleObject_SetClientSite@CComControlBase@ATL@@QEAAJPEAUIOleClientSite@@@Z 00000001800089b8 f i ElectronicJournal.obj
 0001:00007a30       ?IOleObject_SetExtent@CComControlBase@ATL@@QEAAJKPEAUtagSIZE@@@Z 0000000180008a30 f i ElectronicJournal.obj
 0001:00007ac8       ?IPSI_GetIPersistStreamInit@?$IPersistStorageImpl@VCOPOSElectronicJournal@@@ATL@@AEAAPEAUIPersistStreamInit@@XZ 0000000180008ac8 f i ElectronicJournal.obj
 0001:00007bb0       ?IPersistStreamInit_Load@?$IPersistStreamInitImpl@VCOPOSElectronicJournal@@@ATL@@QEAAJPEAUIStream@@PEBUATL_PROPMAP_ENTRY@2@@Z 0000000180008bb0 f i ElectronicJournal.obj
 0001:00007edc       ?IPersistStreamInit_Save@?$IPersistStreamInitImpl@VCOPOSElectronicJournal@@@ATL@@QEAAJPEAUIStream@@HPEBUATL_PROPMAP_ENTRY@2@@Z 0000000180008edc f i ElectronicJournal.obj
 0001:0000817c       ?IQuickActivate_QuickActivate@CComControlBase@ATL@@QEAAJPEAUtagQACONTAINER@@PEAUtagQACONTROL@@@Z 000000018000917c f i ElectronicJournal.obj
 0001:00008440       ?IViewObject_Draw@CComControlBase@ATL@@QEAAJKJPEAXPEAUtagDVTARGETDEVICE@@PEAUHDC__@@2PEBU_RECTL@@3@Z 0000000180009440 f i ElectronicJournal.obj
 0001:00008554       ?InPlaceActivate@CComControlBase@ATL@@QEAAJJPEBUtagRECT@@@Z 0000000180009554 f i ElectronicJournal.obj
 0001:00008888       ?Init@?$CComEnumImpl@UIEnumConnectionPoints@@$1?_GUID_b196b285_bab4_101a_b69c_00aa00341d07@@3U__s_GUID@@BPEAUIConnectionPoint@@V?$_CopyInterface@UIConnectionPoint@@@ATL@@@ATL@@QEAAJPEAPEAUIConnectionPoint@@0PEAUIUnknown@@W4CComEnumFlags@2@@Z 0000000180009888 f i ElectronicJournal.obj
 0001:000089a8       ?Init@?$CComEnumImpl@UIEnumConnections@@$1?_GUID_b196b287_bab4_101a_b69c_00aa00341d07@@3U__s_GUID@@BUtagCONNECTDATA@@V?$_Copy@UtagCONNECTDATA@@@ATL@@@ATL@@QEAAJPEAUtagCONNECTDATA@@0PEAUIUnknown@@W4CComEnumFlags@2@@Z 00000001800099a8 f i ElectronicJournal.obj
 0001:00008acc       ?IsEqualObject@?$CComPtrBase@UIOleClientSite@@@ATL@@QEAA_NPEAUIUnknown@@@Z 0000000180009acc f i ElectronicJournal.obj
 0001:00008b58       ?LoadNameCache@CComTypeInfoHolder@ATL@@QEAAJPEAUITypeInfo@@@Z 0000000180009b58 f i ElectronicJournal.obj
 0001:00008cd8       ?Lookup@?$CSimpleMap@PEA_WPEA_WVCExpansionVectorEqualHelper@ATL@@@ATL@@QEBAPEA_WAEBQEA_W@Z 0000000180009cd8 f i ElectronicJournal.obj
 0001:00008d60       ?NextToken@CRegParser@ATL@@IEAAJPEA_W@Z 0000000180009d60 f i ElectronicJournal.obj
 0001:00008f18       ?OnKillFocus@CComControlBase@ATL@@QEAA_JI_K_JAEAH@Z 0000000180009f18 f i ElectronicJournal.obj
 0001:00008fb4       ?OnMouseActivate@CComControlBase@ATL@@QEAA_JI_K_JAEAH@Z 0000000180009fb4 f i ElectronicJournal.obj
 0001:00009054       ?OnPaint@CComControlBase@ATL@@QEAA_JI_K_JAEAH@Z 000000018000a054 f i ElectronicJournal.obj
 0001:00009140       ?OnSetFocus@CComControlBase@ATL@@QEAA_JI_K_JAEAH@Z 000000018000a140 f i ElectronicJournal.obj
 0001:0000923c       ?PreProcessBuffer@CRegParser@ATL@@QEAAJPEA_WPEAPEA_W@Z 000000018000a23c f i ElectronicJournal.obj
 0001:000095c8       ?ProcessWindowMessage@?$CComControl@VCOPOSElectronicJournal@@V?$CWindowImpl@VCOPOSElectronicJournal@@VCWindow@ATL@@V?$CWinTraits@$0FGAAAAAA@$0A@@3@@ATL@@@ATL@@UEAAHPEAUHWND__@@I_K_JAEA_JK@Z 000000018000a5c8 f i ElectronicJournal.obj
 0001:000096ac       ?ReadFromStream@CComBSTR@ATL@@QEAAJPEAUIStream@@@Z 000000018000a6ac f i ElectronicJournal.obj
 0001:000097fc       ?ReadFromStream@CComVariant@ATL@@QEAAJPEAUIStream@@GTClassesAllowedInStream@2@K@Z 000000018000a7fc f i ElectronicJournal.obj
 0001:00009a20       ?RecurseDeleteKey@CRegKey@ATL@@QEAAJPEB_W@Z 000000018000aa20 f i ElectronicJournal.obj
 0001:00009b78       ?RegCreateKeyExW@CAtlTransactionManager@ATL@@QEAAJPEAUHKEY__@@PEB_WKPEA_WKKQEAU_SECURITY_ATTRIBUTES@@PEAPEAU3@PEAK@Z 000000018000ab78 f i ElectronicJournal.obj
 0001:00009cac       ?RegDeleteKeyW@CAtlTransactionManager@ATL@@QEAAJPEAUHKEY__@@PEB_W@Z 000000018000acac f i ElectronicJournal.obj
 0001:00009d38       ?RegOpenKeyExW@CAtlTransactionManager@ATL@@QEAAJPEAUHKEY__@@PEB_WKKPEAPEAU3@@Z 000000018000ad38 f i ElectronicJournal.obj
 0001:00009df0       ?RegisterBuffer@CRegParser@ATL@@QEAAJPEA_WH@Z 000000018000adf0 f i ElectronicJournal.obj
 0001:00009f58       ?RegisterFromResource@CRegObject@ATL@@IEAAJPEB_W00H@Z 000000018000af58 f i ElectronicJournal.obj
 0001:0000a114       ?RegisterServer@CComModule@ATL@@QEAAJHPEBU_GUID@@@Z 000000018000b114 f i ElectronicJournal.obj
 0001:0000a1d4       ?RegisterSubkeys@CRegParser@ATL@@IEAAJPEA_WPEAUHKEY__@@HH@Z 000000018000b1d4 f i ElectronicJournal.obj
 0001:0000aa40       ?SendOnDataChange@CComControlBase@ATL@@QEAAJK@Z 000000018000ba40 f i ElectronicJournal.obj
 0001:0000aab0       ?SetControlFocus@CComControlBase@ATL@@QEAAHH@Z 000000018000bab0 f i ElectronicJournal.obj
 0001:0000ab8c       ?SkipAssignment@CRegParser@ATL@@IEAAJPEA_W@Z 000000018000bb8c f i ElectronicJournal.obj
 0001:0000ac30       ?Term@CAtlModule@ATL@@QEAAXXZ 000000018000bc30 f i ElectronicJournal.obj
 0001:0000acb0       ?Term@CComModule@ATL@@QEAAXXZ 000000018000bcb0 f i ElectronicJournal.obj
 0001:0000ad2c       ?UnregisterServer@CComModule@ATL@@QEAAJHPEBU_GUID@@@Z 000000018000bd2c f i ElectronicJournal.obj
 0001:0000addc       ?UpdateRegistryFromResource@CAtlModule@ATL@@QEAAJIHPEAU_ATL_REGMAP_ENTRY@2@@Z 000000018000bddc f i ElectronicJournal.obj
 0001:0000b0e8       ?UpdateRegistryFromResource@CAtlModule@ATL@@QEAAJPEB_WHPEAU_ATL_REGMAP_ENTRY@2@@Z 000000018000c0e8 f i ElectronicJournal.obj
 0001:0000b40c       ?VTFromRegType@CRegParser@ATL@@KAHPEB_WAEAG@Z 000000018000c40c f i ElectronicJournal.obj
 0001:0000b4a8       ?WindowProc@?$CWindowImplBaseT@VCWindow@ATL@@V?$CWinTraits@$0FGAAAAAA@$0A@@2@@ATL@@SA_JPEAUHWND__@@I_K_J@Z 000000018000c4a8 f i ElectronicJournal.obj
 0001:0000b614       ?WriteToStream@CComVariant@ATL@@QEAAJPEAUIStream@@@Z 000000018000c614 f i ElectronicJournal.obj
 0001:0000b890       ?WriteToStream@CComVariant@ATL@@QEAAJPEAUIStream@@G@Z 000000018000c890 f i ElectronicJournal.obj
 0001:0000b928       ?_AtlVerifyStackAvailable@_ATL_SAFE_ALLOCA_IMPL@ATL@@YA_N_K@Z 000000018000c928 f i ElectronicJournal.obj
 0001:0000b9ac       ?atlCreate@?$CWindowImpl@VCOPOSElectronicJournal@@VCWindow@ATL@@V?$CWinTraits@$0FGAAAAAA@$0A@@3@@ATL@@QEAAPEAUHWND__@@PEAU3@V_U_RECT@2@PEB_WKKV_U_MENUorID@2@PEAX@Z 000000018000c9ac f i ElectronicJournal.obj
 0001:0000ba60       ?atlCreate@?$CWindowImplBaseT@VCWindow@ATL@@V?$CWinTraits@$0FGAAAAAA@$0A@@2@@ATL@@QEAAPEAUHWND__@@PEAU3@V_U_RECT@2@PEB_WKKV_U_MENUorID@2@GPEAX@Z 000000018000ca60 f i ElectronicJournal.obj
 0001:0000bbd0       ?ocscpy_s@@YA_NPEA_W_KPEB_W@Z 000000018000cbd0 f i ElectronicJournal.obj
 0001:0000bc80       DllCanUnloadNow            000000018000cc80 f   ElectronicJournal.obj
 0001:0000bc8c       DllGetClassObject          000000018000cc8c f   ElectronicJournal.obj
 0001:0000bca4       DllMain                    000000018000cca4 f   ElectronicJournal.obj
 0001:0000bd4c       DllRegisterServer          000000018000cd4c f   ElectronicJournal.obj
 0001:0000bd60       DllUnregisterServer        000000018000cd60 f   ElectronicJournal.obj
 0001:0000bd74       __local_stdio_printf_options 000000018000cd74 f i ElectronicJournal.obj
 0001:0000bd7c       swprintf_s                 000000018000cd7c f i ElectronicJournal.obj
 0001:0000bdd0       ??0COPOSElectronicJournal@@QEAA@XZ 000000018000cdd0 f   ElectronicJournalImpl.obj
 0001:0000bea0       ??1?$IConnectionPointImpl@VCOPOSElectronicJournal@@$1?IID_IPropertyNotifySink@@3U_GUID@@BVCComDynamicUnkArray@ATL@@@ATL@@QEAA@XZ 000000018000cea0 f i ElectronicJournalImpl.obj
 0001:0000bea0       ??1?$IConnectionPointImpl@VCOPOSElectronicJournal@@$1?DIID__IOPOSElectronicJournalEvents@@3U_GUID@@BVCComDynamicUnkArray@ATL@@@ATL@@QEAA@XZ 000000018000cea0 f i ElectronicJournalImpl.obj
 0001:0000befc       ??1CComControlBase@ATL@@UEAA@XZ 000000018000cefc f i ElectronicJournalImpl.obj
 0001:0000bf78       ??1COPOSElectronicJournal@@UEAA@XZ 000000018000cf78 f   ElectronicJournalImpl.obj
 0001:0000bfdc       ?AddMarker@COPOSElectronicJournal@@UEAAJPEA_WPEAJ@Z 000000018000cfdc f   ElectronicJournalImpl.obj
 0001:0000c064       ?CancelPrintContent@COPOSElectronicJournal@@UEAAJPEAJ@Z 000000018000d064 f   ElectronicJournalImpl.obj
 0001:0000c08c       ?CancelQueryContent@COPOSElectronicJournal@@UEAAJPEAJ@Z 000000018000d08c f   ElectronicJournalImpl.obj
 0001:0000c0b4       ?CheckHealth@COPOSElectronicJournal@@UEAAJJPEAJ@Z 000000018000d0b4 f   ElectronicJournalImpl.obj
 0001:0000c130       ?ClaimDevice@COPOSElectronicJournal@@UEAAJJPEAJ@Z 000000018000d130 f   ElectronicJournalImpl.obj
 0001:0000c1d0       ?ClearInput@COPOSElectronicJournal@@UEAAJPEAJ@Z 000000018000d1d0 f   ElectronicJournalImpl.obj
 0001:0000c1f8       ?ClearOutput@COPOSElectronicJournal@@UEAAJPEAJ@Z 000000018000d1f8 f   ElectronicJournalImpl.obj
 0001:0000c220       ?Close@COPOSElectronicJournal@@UEAAJPEAJ@Z 000000018000d220 f   ElectronicJournalImpl.obj
 0001:0000c2d8       ?CompareFirmwareVersion@COPOSElectronicJournal@@UEAAJPEA_WPEAJ1@Z 000000018000d2d8 f   ElectronicJournalImpl.obj
 0001:0000c3b4       ?DirectIO@COPOSElectronicJournal@@UEAAJJPEAJPEAPEA_W0@Z 000000018000d3b4 f   ElectronicJournalImpl.obj
 0001:0000c4b0       ?DoInvoke@COPOSElectronicJournal@@IEAAJJPEAVOposVariant@@IHPEAJ_N@Z 000000018000d4b0 f   ElectronicJournalImpl.obj
 0001:0000c5e4       ?EraseMedium@COPOSElectronicJournal@@UEAAJPEAJ@Z 000000018000d5e4 f   ElectronicJournalImpl.obj
 0001:0000c60c       ?EventInit@COPOSElectronicJournal@@IEAAJXZ 000000018000d60c f i ElectronicJournalImpl.obj
 0001:0000c754       ?EventUninit@COPOSElectronicJournal@@IEAAXXZ 000000018000d754 f i ElectronicJournalImpl.obj
 0001:0000c7b8       ?EventWindowProc@COPOSElectronicJournal@@IEAA_JI_K_J@Z 000000018000d7b8 f i ElectronicJournalImpl.obj
 0001:0000c97c       ?FinalConstruct@COPOSElectronicJournal@@QEAAJXZ 000000018000d97c f   ElectronicJournalImpl.obj
 0001:0000c9b8       ?FreezeEvents@COPOSElectronicJournal@@MEAAJH@Z 000000018000d9b8 f   ElectronicJournalImpl.obj
 0001:0000ca2c       ?GetOposProp@COPOSElectronicJournal@@IEAAJJPEAJJ@Z 000000018000da2c f   ElectronicJournalImpl.obj
 0001:0000cb48       ?GetOposProp@COPOSElectronicJournal@@IEAAJJPEAPEA_WJ@Z 000000018000db48 f   ElectronicJournalImpl.obj
 0001:0000cc74       ?InitializeMedium@COPOSElectronicJournal@@UEAAJPEA_WPEAJ@Z 000000018000dc74 f   ElectronicJournalImpl.obj
 0001:0000ccfc       ?OnDraw@COPOSElectronicJournal@@MEAAJAEAUATL_DRAWINFO@@@Z 000000018000dcfc f   ElectronicJournalImpl.obj
 0001:0000cde8       ?Open@COPOSElectronicJournal@@UEAAJPEA_WPEAJ@Z 000000018000dde8 f   ElectronicJournalImpl.obj
 0001:0000d670       ?PrintContent@COPOSElectronicJournal@@UEAAJPEA_W0PEAJ@Z 000000018000e670 f   ElectronicJournalImpl.obj
 0001:0000d74c       ?PrintContentFile@COPOSElectronicJournal@@UEAAJPEA_WPEAJ@Z 000000018000e74c f   ElectronicJournalImpl.obj
 0001:0000d7d4       ?QueryContent@COPOSElectronicJournal@@UEAAJPEA_W00PEAJ@Z 000000018000e7d4 f   ElectronicJournalImpl.obj
 0001:0000d8c0       ?ReleaseDevice@COPOSElectronicJournal@@UEAAJPEAJ@Z 000000018000e8c0 f   ElectronicJournalImpl.obj
 0001:0000d92c       ?ResetStatistics@COPOSElectronicJournal@@UEAAJPEA_WPEAJ@Z 000000018000e92c f   ElectronicJournalImpl.obj
 0001:0000d9b4       ?ResumePrintContent@COPOSElectronicJournal@@UEAAJPEAJ@Z 000000018000e9b4 f   ElectronicJournalImpl.obj
 0001:0000d9dc       ?ResumeQueryContent@COPOSElectronicJournal@@UEAAJPEAJ@Z 000000018000e9dc f   ElectronicJournalImpl.obj
 0001:0000da04       ?RetrieveCurrentMarker@COPOSElectronicJournal@@UEAAJJPEAPEA_WPEAJ@Z 000000018000ea04 f   ElectronicJournalImpl.obj
 0001:0000dadc       ?RetrieveMarker@COPOSElectronicJournal@@UEAAJJJJPEAPEA_WPEAJ@Z 000000018000eadc f   ElectronicJournalImpl.obj
 0001:0000dbec       ?RetrieveMarkerByDateTime@COPOSElectronicJournal@@UEAAJJPEA_W0PEAPEA_WPEAJ@Z 000000018000ebec f   ElectronicJournalImpl.obj
 0001:0000dcf4       ?RetrieveMarkersDateTime@COPOSElectronicJournal@@UEAAJPEA_WPEAPEA_WPEAJ@Z 000000018000ecf4 f   ElectronicJournalImpl.obj
 0001:0000ddd0       ?RetrieveStatistics@COPOSElectronicJournal@@UEAAJPEAPEA_WPEAJ@Z 000000018000edd0 f   ElectronicJournalImpl.obj
 0001:0000de58       ?SOProcessID@COPOSElectronicJournal@@UEAAJPEAJ@Z 000000018000ee58 f   ElectronicJournalImpl.obj
 0001:0000de74       ?SetCOFreezeEvents@COPOSElectronicJournal@@IEAAXF@Z 000000018000ee74 f   ElectronicJournalImpl.obj
 0001:0000df58       ?SetOposProp@COPOSElectronicJournal@@IEAAJJJJ@Z 000000018000ef58 f   ElectronicJournalImpl.obj
 0001:0000e0b8       ?SuspendPrintContent@COPOSElectronicJournal@@UEAAJPEAJ@Z 000000018000f0b8 f   ElectronicJournalImpl.obj
 0001:0000e0e0       ?SuspendQueryContent@COPOSElectronicJournal@@UEAAJPEAJ@Z 000000018000f0e0 f   ElectronicJournalImpl.obj
 0001:0000e108       ?UpdateFirmware@COPOSElectronicJournal@@UEAAJPEA_WPEAJ@Z 000000018000f108 f   ElectronicJournalImpl.obj
 0001:0000e190       ?UpdateStatistics@COPOSElectronicJournal@@UEAAJPEA_WPEAJ@Z 000000018000f190 f   ElectronicJournalImpl.obj
 0001:0000e218       ?get_AsyncMode@COPOSElectronicJournal@@UEAAJPEAF@Z 000000018000f218 f   ElectronicJournalImpl.obj
 0001:0000e24c       ?get_AutoDisable@COPOSElectronicJournal@@UEAAJPEAF@Z 000000018000f24c f   ElectronicJournalImpl.obj
 0001:0000e27c       ?get_BinaryConversion@COPOSElectronicJournal@@UEAAJPEAJ@Z 000000018000f27c f   ElectronicJournalImpl.obj
 0001:0000e290       ?get_CapAddMarker@COPOSElectronicJournal@@UEAAJPEAF@Z 000000018000f290 f   ElectronicJournalImpl.obj
 0001:0000e2c4       ?get_CapCompareFirmwareVersion@COPOSElectronicJournal@@UEAAJPEAF@Z 000000018000f2c4 f   ElectronicJournalImpl.obj
 0001:0000e2f8       ?get_CapErasableMedium@COPOSElectronicJournal@@UEAAJPEAF@Z 000000018000f2f8 f   ElectronicJournalImpl.obj
 0001:0000e32c       ?get_CapInitializeMedium@COPOSElectronicJournal@@UEAAJPEAF@Z 000000018000f32c f   ElectronicJournalImpl.obj
 0001:0000e360       ?get_CapMediumIsAvailable@COPOSElectronicJournal@@UEAAJPEAF@Z 000000018000f360 f   ElectronicJournalImpl.obj
 0001:0000e394       ?get_CapPowerReporting@COPOSElectronicJournal@@UEAAJPEAJ@Z 000000018000f394 f   ElectronicJournalImpl.obj
 0001:0000e3a8       ?get_CapPrintContent@COPOSElectronicJournal@@UEAAJPEAF@Z 000000018000f3a8 f   ElectronicJournalImpl.obj
 0001:0000e3dc       ?get_CapPrintContentFile@COPOSElectronicJournal@@UEAAJPEAF@Z 000000018000f3dc f   ElectronicJournalImpl.obj
 0001:0000e410       ?get_CapRetrieveCurrentMarker@COPOSElectronicJournal@@UEAAJPEAF@Z 000000018000f410 f   ElectronicJournalImpl.obj
 0001:0000e444       ?get_CapRetrieveMarker@COPOSElectronicJournal@@UEAAJPEAF@Z 000000018000f444 f   ElectronicJournalImpl.obj
 0001:0000e478       ?get_CapRetrieveMarkerByDateTime@COPOSElectronicJournal@@UEAAJPEAF@Z 000000018000f478 f   ElectronicJournalImpl.obj
 0001:0000e4ac       ?get_CapRetrieveMarkersDateTime@COPOSElectronicJournal@@UEAAJPEAF@Z 000000018000f4ac f   ElectronicJournalImpl.obj
 0001:0000e4e0       ?get_CapStation@COPOSElectronicJournal@@UEAAJPEAJ@Z 000000018000f4e0 f   ElectronicJournalImpl.obj
 0001:0000e4f4       ?get_CapStatisticsReporting@COPOSElectronicJournal@@UEAAJPEAF@Z 000000018000f4f4 f   ElectronicJournalImpl.obj
 0001:0000e528       ?get_CapStorageEnabled@COPOSElectronicJournal@@UEAAJPEAF@Z 000000018000f528 f   ElectronicJournalImpl.obj
 0001:0000e55c       ?get_CapSuspendPrintContent@COPOSElectronicJournal@@UEAAJPEAF@Z 000000018000f55c f   ElectronicJournalImpl.obj
 0001:0000e590       ?get_CapSuspendQueryContent@COPOSElectronicJournal@@UEAAJPEAF@Z 000000018000f590 f   ElectronicJournalImpl.obj
 0001:0000e5c4       ?get_CapUpdateFirmware@COPOSElectronicJournal@@UEAAJPEAF@Z 000000018000f5c4 f   ElectronicJournalImpl.obj
 0001:0000e5f8       ?get_CapUpdateStatistics@COPOSElectronicJournal@@UEAAJPEAF@Z 000000018000f5f8 f   ElectronicJournalImpl.obj
 0001:0000e62c       ?get_CapWaterMark@COPOSElectronicJournal@@UEAAJPEAF@Z 000000018000f62c f   ElectronicJournalImpl.obj
 0001:0000e660       ?get_CheckHealthText@COPOSElectronicJournal@@UEAAJPEAPEA_W@Z 000000018000f660 f   ElectronicJournalImpl.obj
 0001:0000e674       ?get_Claimed@COPOSElectronicJournal@@UEAAJPEAF@Z 000000018000f674 f   ElectronicJournalImpl.obj
 0001:0000e6a8       ?get_ControlObjectDescription@COPOSElectronicJournal@@UEAAJPEAPEA_W@Z 000000018000f6a8 f   ElectronicJournalImpl.obj
 0001:0000e70c       ?get_ControlObjectVersion@COPOSElectronicJournal@@UEAAJPEAJ@Z 000000018000f70c f   ElectronicJournalImpl.obj
 0001:0000e718       ?get_DataCount@COPOSElectronicJournal@@UEAAJPEAJ@Z 000000018000f718 f   ElectronicJournalImpl.obj
 0001:0000e72c       ?get_DataEventEnabled@COPOSElectronicJournal@@UEAAJPEAF@Z 000000018000f72c f   ElectronicJournalImpl.obj
 0001:0000e760       ?get_DeviceDescription@COPOSElectronicJournal@@UEAAJPEAPEA_W@Z 000000018000f760 f   ElectronicJournalImpl.obj
 0001:0000e774       ?get_DeviceEnabled@COPOSElectronicJournal@@UEAAJPEAF@Z 000000018000f774 f   ElectronicJournalImpl.obj
 0001:0000e7a8       ?get_DeviceName@COPOSElectronicJournal@@UEAAJPEAPEA_W@Z 000000018000f7a8 f   ElectronicJournalImpl.obj
 0001:0000e7bc       ?get_FlagWhenIdle@COPOSElectronicJournal@@UEAAJPEAF@Z 000000018000f7bc f   ElectronicJournalImpl.obj
 0001:0000e7f0       ?get_FreezeEvents@COPOSElectronicJournal@@UEAAJPEAF@Z 000000018000f7f0 f   ElectronicJournalImpl.obj
 0001:0000e820       ?get_MediumFreeSpace@COPOSElectronicJournal@@UEAAJPEATtagCY@@@Z 000000018000f820 f   ElectronicJournalImpl.obj
 0001:0000e8f0       ?get_MediumID@COPOSElectronicJournal@@UEAAJPEAPEA_W@Z 000000018000f8f0 f   ElectronicJournalImpl.obj
 0001:0000e904       ?get_MediumIsAvailable@COPOSElectronicJournal@@UEAAJPEAF@Z 000000018000f904 f   ElectronicJournalImpl.obj
 0001:0000e938       ?get_MediumSize@COPOSElectronicJournal@@UEAAJPEATtagCY@@@Z 000000018000f938 f   ElectronicJournalImpl.obj
 0001:0000ea08       ?get_OpenResult@COPOSElectronicJournal@@UEAAJPEAJ@Z 000000018000fa08 f   ElectronicJournalImpl.obj
 0001:0000ea14       ?get_OutputID@COPOSElectronicJournal@@UEAAJPEAJ@Z 000000018000fa14 f   ElectronicJournalImpl.obj
 0001:0000ea28       ?get_PowerNotify@COPOSElectronicJournal@@UEAAJPEAJ@Z 000000018000fa28 f   ElectronicJournalImpl.obj
 0001:0000ea3c       ?get_PowerState@COPOSElectronicJournal@@UEAAJPEAJ@Z 000000018000fa3c f   ElectronicJournalImpl.obj
 0001:0000ea50       ?get_ResultCode@COPOSElectronicJournal@@UEAAJPEAJ@Z 000000018000fa50 f   ElectronicJournalImpl.obj
 0001:0000ea8c       ?get_ResultCodeExtended@COPOSElectronicJournal@@UEAAJPEAJ@Z 000000018000fa8c f   ElectronicJournalImpl.obj
 0001:0000eaa0       ?get_ServiceObjectDescription@COPOSElectronicJournal@@UEAAJPEAPEA_W@Z 000000018000faa0 f   ElectronicJournalImpl.obj
 0001:0000eab4       ?get_ServiceObjectVersion@COPOSElectronicJournal@@UEAAJPEAJ@Z 000000018000fab4 f   ElectronicJournalImpl.obj
 0001:0000eac8       ?get_State@COPOSElectronicJournal@@UEAAJPEAJ@Z 000000018000fac8 f   ElectronicJournalImpl.obj
 0001:0000eaf4       ?get_Station@COPOSElectronicJournal@@UEAAJPEAJ@Z 000000018000faf4 f   ElectronicJournalImpl.obj
 0001:0000eb08       ?get_StorageEnabled@COPOSElectronicJournal@@UEAAJPEAF@Z 000000018000fb08 f   ElectronicJournalImpl.obj
 0001:0000eb3c       ?get_Suspended@COPOSElectronicJournal@@UEAAJPEAF@Z 000000018000fb3c f   ElectronicJournalImpl.obj
 0001:0000eb70       ?get_WaterMark@COPOSElectronicJournal@@UEAAJPEAF@Z 000000018000fb70 f   ElectronicJournalImpl.obj
 0001:0000eba4       ?put_AsyncMode@COPOSElectronicJournal@@UEAAJF@Z 000000018000fba4 f   ElectronicJournalImpl.obj
 0001:0000ebc0       ?put_AutoDisable@COPOSElectronicJournal@@UEAAJF@Z 000000018000fbc0 f   ElectronicJournalImpl.obj
 0001:0000ebd8       ?put_BinaryConversion@COPOSElectronicJournal@@UEAAJJ@Z 000000018000fbd8 f   ElectronicJournalImpl.obj
[...]
 0002:0000c93c       $unwind$??$parse_integer@KV?$c_string_character_source@_W@__crt_strtox@@@__crt_strtox@@YAKQEAU__crt_locale_pointers@@V?$c_string_character_source@_W@0@H_N@Z 000000018003093c     libucrt:atox.obj
 0002:0000c958       $xdatasym                  0000000180030958     libucrt:strncmp.obj
 0002:0000c95c       $unwind$?construct_ptd_array@@YAXQEAU__acrt_ptd@@@Z 000000018003095c     libucrt:per_thread_data.obj
 0002:0000c964       $unwind$?destroy_ptd_array@@YAXQEAU__acrt_ptd@@@Z 0000000180030964     libucrt:per_thread_data.obj
 0002:0000c96c       $unwind$??$?RV<lambda_0ae27a3a962d80f24befdcbee591983d>@@AEAV<lambda_8d0ee55de4b1038c4002e0adecdf1839>@@V<lambda_dc504788e8f1664fe9b84e20bfb512f2>@@@?$__crt_seh_guarded_call@X@@QEAAX$$QEAV<lambda_0ae27a3a962d80f24befdcbee591983d>@@AEAV<lambda_8d0ee55de4b1038c4002e0adecdf1839>@@$$QEAV<lambda_dc504788e8f1664fe9b84e20bfb512f2>@@@Z 000000018003096c     libucrt:per_thread_data.obj
 0002:0000c990       $unwind$??$?RV<lambda_aa87e3671a710a21b5dc78c0bdf72e11>@@AEAV<lambda_92619d2358a28f41a33ba319515a20b9>@@V<lambda_6992ecaafeb10aed2b74cb1fae11a551>@@@?$__crt_seh_guarded_call@X@@QEAAX$$QEAV<lambda_aa87e3671a710a21b5dc78c0bdf72e11>@@AEAV<lambda_92619d2358a28f41a33ba319515a20b9>@@$$QEAV<lambda_6992ecaafeb10aed2b74cb1fae11a551>@@@Z 0000000180030990     libucrt:per_thread_data.obj
 0002:0000c9b4       $unwind$??$?RV<lambda_f2e299630e499de9f9a165e60fcd3db5>@@AEAV<lambda_2ae9d31cdba2644fcbeaf08da7c24588>@@V<lambda_40d01ff24d0e7b3814fdbdcee8eab3c7>@@@?$__crt_seh_guarded_call@X@@QEAAX$$QEAV<lambda_f2e299630e499de9f9a165e60fcd3db5>@@AEAV<lambda_2ae9d31cdba2644fcbeaf08da7c24588>@@$$QEAV<lambda_40d01ff24d0e7b3814fdbdcee8eab3c7>@@@Z 00000001800309b4     libucrt:per_thread_data.obj
 0002:0000c9d8       $unwind$??$?RV<lambda_2d41944a1d46af3157314b8a01080d33>@@AEAV<lambda_8f455de75cd7d7f24b4096f044d8b9e6>@@V<lambda_aa500f224e6afead328df44964fe2772>@@@?$__crt_seh_guarded_call@X@@QEAAX$$QEAV<lambda_2d41944a1d46af3157314b8a01080d33>@@AEAV<lambda_8f455de75cd7d7f24b4096f044d8b9e6>@@$$QEAV<lambda_aa500f224e6afead328df44964fe2772>@@@Z 00000001800309d8     libucrt:per_thread_data.obj
 0002:0000c9fc       $unwind$__acrt_initialize_winapi_thunks 00000001800309fc     libucrt:winapi_thunks.obj
 0002:0000ca04       $unwind$__acrt_fp_format   0000000180030a04     libucrt:cvt.obj
 0002:0000ca1c       $unwind$?fp_format_e_internal@@YAHQEAD_KH_NIQEAU_strflt@@2QEAU__crt_locale_pointers@@@Z 0000000180030a1c     libucrt:cvt.obj
 0002:0000ca34       $unwind$?fp_format_a@@YAHQEBNPEAD_KQEAD2H_NIQEAU__crt_locale_pointers@@W4__acrt_rounding_mode@@@Z 0000000180030a34     libucrt:cvt.obj
 0002:0000ca50       $unwind$?fp_format_g@@YAHQEBNQEAD_K12H_NIQEAU__crt_locale_pointers@@@Z 0000000180030a50     libucrt:cvt.obj
 0002:0000ca64       $unwind$__acrt_uninitialize_locale 0000000180030a64     libucrt:wsetlocale.obj
 0002:0000ca64       $unwind$__acrt_get_sigabrt_handler 0000000180030a64     libucrt:signal.obj
 0002:0000ca6c       $unwind$??$?RV<lambda_410d79af7f07d98d83a3f525b3859a53>@@AEAV<lambda_3e16ef9562a7dcce91392c22ab16ea36>@@V<lambda_38119f0e861e05405d8a144b9b982f0a>@@@?$__crt_seh_guarded_call@X@@QEAAX$$QEAV<lambda_410d79af7f07d98d83a3f525b3859a53>@@AEAV<lambda_3e16ef9562a7dcce91392c22ab16ea36>@@$$QEAV<lambda_38119f0e861e05405d8a144b9b982f0a>@@@Z 0000000180030a6c     libucrt:wsetlocale.obj
 0002:0000ca94       $unwind$__acrt_initialize_lowio 0000000180030a94     libucrt:ioinit.obj
 0002:0000cab4       $unwind$??$common_expand_argv_wildcards@D@@YAHQEAPEADQEAPEAPEAD@Z 0000000180030ab4     libucrt:argv_wildcards.obj
 0002:0000cacc       $unwind$??$copy_and_add_argument_to_buffer@D@@YAHQEBD0_KAEAV?$argument_list@D@?A0x5f5c8891@@@Z 0000000180030acc     libucrt:argv_wildcards.obj
 0002:0000cae8       $unwind$??$expand_argument_wildcards@D@@YAHQEAD0AEAV?$argument_list@D@?A0x5f5c8891@@@Z 0000000180030ae8     libucrt:argv_wildcards.obj
 0002:0000cb0c       $unwind$__acrt_GetModuleFileNameA 0000000180030b0c     libucrt:getmodulefilenamea.obj
 0002:0000cb28       $unwind$_setmbcp_nolock    0000000180030b28     libucrt:mbctype.obj
 0002:0000cb48       $unwind$?update_thread_multibyte_data_internal@@YAPEAU__crt_multibyte_data@@QEAU__acrt_ptd@@QEAPEAU1@@Z 0000000180030b48     libucrt:mbctype.obj
 0002:0000cb70       $unwind$?setmbcp_internal@@YAHH_NQEAU__acrt_ptd@@QEAPEAU__crt_multibyte_data@@@Z 0000000180030b70     libucrt:mbctype.obj
 0002:0000cb80       $unwind$?setSBUpLow@@YAXPEAU__crt_multibyte_data@@@Z 0000000180030b80     libucrt:mbctype.obj
 0002:0000cb9c       $unwind$??$?RV<lambda_efdfa57d1f175319df784efa44bb7b81>@@AEAV<lambda_5f0a4c1567f8adc6734073e5d1e1b35c>@@V<lambda_2e8a7d3640ea6ccb4c2413664c2db6fd>@@@?$__crt_seh_guarded_call@X@@QEAAX$$QEAV<lambda_efdfa57d1f175319df784efa44bb7b81>@@AEAV<lambda_5f0a4c1567f8adc6734073e5d1e1b35c>@@$$QEAV<lambda_2e8a7d3640ea6ccb4c2413664c2db6fd>@@@Z 0000000180030b9c     libucrt:mbctype.obj
 0002:0000cbc0       $unwind$__acrt_WideCharToMultiByte 0000000180030bc0     libucrt:widechartomultibyte.obj
 0002:0000cbcc       $unwind$raise              0000000180030bcc     libucrt:signal.obj
 0002:0000cc08       $unwind$??$?RV<lambda_450d765d439847d4c735a33c368b5fc0>@@AEAV<lambda_44731a7d0e6d81c3e6aa82d741081786>@@V<lambda_601a2a7da3b7a96e9554ac7215c4b07c>@@@?$__crt_seh_guarded_call@P6AXH@Z@@QEAAP6AXH@Z$$QEAV<lambda_450d765d439847d4c735a33c368b5fc0>@@AEAV<lambda_44731a7d0e6d81c3e6aa82d741081786>@@$$QEAV<lambda_601a2a7da3b7a96e9554ac7215c4b07c>@@@Z 0000000180030c08     libucrt:signal.obj
 0002:0000cc2c       $unwind$?common_flush_all@@YAH_N@Z 0000000180030c2c     libucrt:fflush.obj
 0002:0000cc34       $unwind$??$?RV<lambda_842d9ff0dc9ef11c61343bbaebe7f885>@@AEAV<lambda_c5860995281e5c4ce005b3de8f5874ee>@@V<lambda_d90129c13df834fdcbf8d2b88dafcf2d>@@@?$__crt_seh_guarded_call@X@@QEAAX$$QEAV<lambda_842d9ff0dc9ef11c61343bbaebe7f885>@@AEAV<lambda_c5860995281e5c4ce005b3de8f5874ee>@@$$QEAV<lambda_d90129c13df834fdcbf8d2b88dafcf2d>@@@Z 0000000180030c34     libucrt:fflush.obj
 0002:0000cc58       $unwind$??$?RV<lambda_886d6c58226a84441f68b9f2b8217b83>@@AEAV<lambda_ab61a845afdef5b7c387490eaf3616ee>@@V<lambda_f7f22ab5edc0698d5f6905b0d3f44752>@@@?$__crt_seh_guarded_call@X@@QEAAX$$QEAV<lambda_886d6c58226a84441f68b9f2b8217b83>@@AEAV<lambda_ab61a845afdef5b7c387490eaf3616ee>@@$$QEAV<lambda_f7f22ab5edc0698d5f6905b0d3f44752>@@@Z 0000000180030c58     libucrt:fflush.obj
 0002:0000cc80       $unwind$__acrt_update_thread_locale_data 0000000180030c80     libucrt:locale_refcounting.obj
 0002:0000cca4       $unwind$?__mbrtowc_utf8@__crt_mbstring@@YA_KPEA_WPEBD_KPEAU_Mbstatet@@@Z 0000000180030ca4     libucrt:mbrtowc.obj
 0002:0000ccac       $unwind$?__mbsrtowcs_utf8@__crt_mbstring@@YA_KPEA_WPEAPEBD_KPEAU_Mbstatet@@@Z 0000000180030cac     libucrt:mbrtowc.obj
 0002:0000ccc4       $unwind$__acrt_fltout      0000000180030cc4     libucrt:cfout.obj
 0002:0000cce4       $unwind$?divide@__crt_strtox@@YA_KAEAUbig_integer@1@AEBU21@@Z 0000000180030ce4     libucrt:cfout.obj
 0002:0000ccfc       $chain$0$?divide@__crt_strtox@@YA_KAEAUbig_integer@1@AEBU21@@Z 0000000180030cfc     libucrt:cfout.obj
 0002:0000cd10       $chain$1$?divide@__crt_strtox@@YA_KAEAUbig_integer@1@AEBU21@@Z 0000000180030d10     libucrt:cfout.obj
 0002:0000cd20       $unwind$_fcloseall         0000000180030d20     libucrt:closeall.obj
 0002:0000cd44       $unwind$__acrt_locale_free_monetary 0000000180030d44     libucrt:initmon.obj
 0002:0000cd4c       $unwind$__acrt_locale_free_time 0000000180030d4c     libucrt:inittime.obj
 0002:0000cd5c       $unwind$__acrt_GetStringTypeA 0000000180030d5c     libucrt:getstringtypea.obj
 0002:0000cd84       $unwind$__acrt_lowio_destroy_handle_array 0000000180030d84     libucrt:osfinfo.obj
 0002:0000cd94       $unwind$__acrt_lowio_ensure_fh_exists 0000000180030d94     libucrt:osfinfo.obj
 0002:0000cdc0       $unwind$qsort              0000000180030dc0     libucrt:qsort.obj
 0002:0000cdd8       $chain$4$qsort             0000000180030dd8     libucrt:qsort.obj
 0002:0000cdfc       $chain$5$qsort             0000000180030dfc     libucrt:qsort.obj
 0002:0000ce0c       $unwind$strpbrk            0000000180030e0c     libucrt:strpbrk.obj
 0002:0000ce1c       $unwind$fallbackMethod     0000000180030e1c     libucrt:strpbrk.obj
 0002:0000ce2c       $unwind$__acrt_LCMapStringA 0000000180030e2c     libucrt:lcmapstringa.obj
 0002:0000ce3c       $unwind$?__acrt_LCMapStringA_stat@@YAHPEAU__crt_locale_pointers@@PEB_WKPEBDHPEADHHH@Z 0000000180030e3c     libucrt:lcmapstringa.obj
 0002:0000ce64       $unwind$_close             0000000180030e64     libucrt:close.obj
 0002:0000ce64       $unwind$_commit            0000000180030e64     libucrt:commit.obj
 0002:0000ce6c       $unwind$??$?RV<lambda_a37b2b86f63e897a80ea819b0eb08c01>@@AEAV<lambda_38ce7e780aa69e748d6df282ebc68efe>@@V<lambda_99fb1378e971ab6e7edea83e3a7a83a2>@@@?$__crt_seh_guarded_call@H@@QEAAH$$QEAV<lambda_a37b2b86f63e897a80ea819b0eb08c01>@@AEAV<lambda_38ce7e780aa69e748d6df282ebc68efe>@@$$QEAV<lambda_99fb1378e971ab6e7edea83e3a7a83a2>@@@Z 0000000180030e6c     libucrt:commit.obj
 0002:0000ce90       $unwind$_write             0000000180030e90     libucrt:write.obj
 0002:0000cec0       $unwind$_write_nolock      0000000180030ec0     libucrt:write.obj
 0002:0000ced8       $unwind$?write_double_translated_ansi_nolock@@YA?AUwrite_result@?A0x17268360@@HQEBDI@Z 0000000180030ed8     libucrt:write.obj
 0002:0000cefc       $unwind$?write_text_ansi_nolock@@YA?AUwrite_result@?A0x17268360@@HQEBDI@Z 0000000180030efc     libucrt:write.obj
 0002:0000cefc       $unwind$?write_text_utf16le_nolock@@YA?AUwrite_result@?A0x17268360@@HQEBDI@Z 0000000180030efc     libucrt:write.obj
 0002:0000cf1c       $unwind$?write_text_utf8_nolock@@YA?AUwrite_result@?A0x17268360@@HQEBDI@Z 0000000180030f1c     libucrt:write.obj
 0002:0000cf40       $xdatasym                  0000000180030f40     libucrt:log10.obj
 0002:0000cf4c       $unwind$__acrt_fenv_set_control 0000000180030f4c     libucrt:_fenvutils.obj
 0002:0000cf5c       $unwind$fclose             0000000180030f5c     libucrt:fclose.obj
 0002:0000cf80       $unwind$_putwch_nolock     0000000180030f80     libucrt:putwch.obj
 0002:0000cf88       $unwind$common_control87   0000000180030f88     libucrt:ieee.obj
 0002:0000cfb4       $unwind$_call_matherr      0000000180030fb4     libucrt:libm_error.obj
 0002:0000cfbc       $unwind$_handle_error      0000000180030fbc     libucrt:libm_error.obj
 0002:0000cfdc       $unwind$__acrt_initialize_fma3 0000000180030fdc     libucrt:fma3_available.obj
 0002:0000cfe4       $unwind$_log_special_common 0000000180030fe4     libucrt:log_special.obj
 0002:0000cff0       $unwind$??$?RV<lambda_751a882b2c74d4b022dec766aa51a29a>@@AEAV<lambda_628dfdc04ba53c8bfc02c9951375f3f5>@@V<lambda_f6c7be5f7998530c34de24c7437d6b54>@@@?$__crt_seh_guarded_call@H@@QEAAH$$QEAV<lambda_751a882b2c74d4b022dec766aa51a29a>@@AEAV<lambda_628dfdc04ba53c8bfc02c9951375f3f5>@@$$QEAV<lambda_f6c7be5f7998530c34de24c7437d6b54>@@@Z 0000000180030ff0     libucrt:close.obj
 0002:0000d018       $xdatasym                  0000000180031018     libucrt:fpsr.obj
 0002:0000d020       $unwind$_raise_exc_ex      0000000180031020     libucrt:fpexcept.obj
 0002:0000d034       $unwind$_ctrlfp            0000000180031034     libucrt:fpctrl.obj
 0002:0000d05c       $unwind$_IsNonwritableInCurrentImage 000000018003105c     LIBCMT:pesect.obj
 0002:0000d1e0       .edata                     00000001800311e0     OPOSElectronicJournal.exp
 0002:0000d208       rgpv                       0000000180031208     OPOSElectronicJournal.exp
 0002:0000d218       rgszName                   0000000180031218     OPOSElectronicJournal.exp
 0002:0000d228       rgwOrd                     0000000180031228     OPOSElectronicJournal.exp
 0002:0000d230       szName                     0000000180031230     OPOSElectronicJournal.exp
 0002:0000d24a       $N00001                    000000018003124a     OPOSElectronicJournal.exp
 0002:0000d25a       $N00002                    000000018003125a     OPOSElectronicJournal.exp
 0002:0000d26c       $N00003                    000000018003126c     OPOSElectronicJournal.exp
 0002:0000d27e       $N00004                    000000018003127e     OPOSElectronicJournal.exp
 0002:0000dbaa       .idata$6                   0000000180031baa     kernel32:KERNEL32.dll
 0002:0000ddc2       .idata$6                   0000000180031dc2     user32:USER32.dll
 0002:0000def6       .idata$6                   0000000180031ef6     gdi32:GDI32.dll
 0002:0000df9c       .idata$6                   0000000180031f9c     advapi32:ADVAPI32.dll
 0002:0000e0b8       .idata$6                   00000001800320b8     ole32:ole32.dll
 0002:0000e0c2       .idata$6                   00000001800320c2     oleaut32:OLEAUT32.dll
 0003:000001c0       ?ObjectMap@@3PAU_ATL_OBJMAP_ENTRY30@ATL@@A 00000001800331c0     ElectronicJournal.obj
 0003:000002e8       ?s_RequiredMethodsPerRelease@@3PAHA 00000001800332e8     ElectronicJournalImpl.obj
 0003:000002f0       ?s_SOMethodNames@@3PAPEADA 00000001800332f0     ElectronicJournalImpl.obj
 0003:00000450       ?__vcrt_flsindex@@3KA      0000000180033450     libvcruntime:per_thread_data.obj
 0003:00000460       ?errno_no_memory@@3HA      0000000180033460     libucrt:errno.obj
 0003:00000464       ?doserrno_no_memory@@3KA   0000000180033464     libucrt:errno.obj
 0003:00000470       ?__acrt_flsindex@@3KA      0000000180033470     libucrt:per_thread_data.obj
 0003:00000930       _mbctypes                  0000000180033930     libucrt:mbctype.obj
 0003:00000a40       _mbcasemaps                0000000180033a40     libucrt:mbctype.obj
 0003:00000b40       ?__rgctypeflag@@3PADA      0000000180033b40     libucrt:mbctype.obj
 0003:00000b50       ?__rgcode_page_info@@3PAUcode_page_info@@A 0000000180033b50     libucrt:mbctype.obj
 0003:00000df0       ?dazSupported@?1??common_control87@@9@9 0000000180033df0     libucrt:ieee.obj
 0003:00000e00       ?__dcrt_lowio_console_output_handle@@3PEAXEA 0000000180033e00     libucrt:initcon.obj
 0003:00000e10       ?dazSupported@?1??_ctrlfp@@9@9 0000000180033e10     libucrt:fpctrl.obj
 0003:00001060       ?is_initialized_as_dll@@3_NA 0000000180034060     LIBCMT:utility.obj
 0003:00001061       ?module_local_atexit_table_initialized@@3_NA 0000000180034061     LIBCMT:utility.obj
 0003:00001068       ?module_local_atexit_table@@3U_onexit_table_t@@A 0000000180034068     LIBCMT:utility.obj
 0003:00001080       ?module_local_at_quick_exit_table@@3U_onexit_table_t@@A 0000000180034080     LIBCMT:utility.obj
 0003:00001098       ?g_tss_cv@@3U_RTL_CONDITION_VARIABLE@@A 0000000180034098     LIBCMT:thread_safe_statics.obj
 0003:000010a0       ?g_tss_event@@3PEAXEA      00000001800340a0     LIBCMT:thread_safe_statics.obj
 0003:000010a8       ?g_tss_mutex@@3U_RTL_CRITICAL_SECTION@@A 00000001800340a8     LIBCMT:thread_safe_statics.obj
 0003:000010d0       ?g_sleep_condition_variable_cs@@3P6AHPEAU_RTL_CONDITION_VARIABLE@@PEAU_RTL_CRITICAL_SECTION@@K@ZEA 00000001800340d0     LIBCMT:thread_safe_statics.obj
 0003:000010d8       ?g_wake_all_condition_variable@@3P6AXPEAU_RTL_CONDITION_VARIABLE@@@ZEA 00000001800340d8     LIBCMT:thread_safe_statics.obj
 0003:000010e0       GS_ExceptionRecord         00000001800340e0     LIBCMT:gs_report.obj
 0003:00001180       GS_ContextRecord           0000000180034180     LIBCMT:gs_report.obj
 0003:00001654       ?__proc_attached@@3HA      0000000180034654     LIBCMT:dll_dllmain.obj
 0003:000016f8       ?AllocateData@@3P6APEAUAtlThunkData_t@@XZEA 00000001800346f8     atls:atlthunk.obj
 0003:00001700       ?InitData@@3P6AXPEAUAtlThunkData_t@@PEAX_K@ZEA 0000000180034700     atls:atlthunk.obj
 0003:00001708       ?DataToCode@@3P6AP6A_JPEAUHWND__@@I_K_J@ZPEAUAtlThunkData_t@@@ZEA 0000000180034708     atls:atlthunk.obj
 0003:00001710       ?FreeData@@3P6AXPEAUAtlThunkData_t@@@ZEA 0000000180034710     atls:atlthunk.obj
 0003:00001718       ?Initialized@@3_NA         0000000180034718     atls:atlthunk.obj
 0003:00001730       ?__vcrt_startup_thread_ptd@@3U__vcrt_ptd@@A 0000000180034730     libvcruntime:per_thread_data.obj
 0003:000017b0       __vcrt_lock_table          00000001800347b0     libvcruntime:locks.obj
 0003:000017d8       __vcrt_locks_initialized   00000001800347d8     libvcruntime:locks.obj
 0003:00001820       ?heap@@3V_HeapManager@@A   0000000180034820     libvcruntime:undname.obj
 0003:00001848       ?module_handles@@3PAPEAUHINSTANCE__@@A 0000000180034848     libvcruntime:winapi_downlevel.obj
 0003:00001860       ?function_pointers@@3PAPEAXA 0000000180034860     libvcruntime:winapi_downlevel.obj
 0003:00001888       ?__acrt_invalid_parameter_handler@@3V?$dual_state_global@P6AXPEB_W00I_K@Z@__crt_state_management@@A 0000000180034888     libucrt:invalid_parameter.obj
 0003:00001890       ?c_termination_complete@@3JA 0000000180034890     libucrt:exit.obj
 0003:00001898       ?thread_local_exit_callback_func@@3P6AXPEAXK0@ZEA 0000000180034898     libucrt:exit.obj
 0003:000018b0       ?program_name@?1???$common_configure_argv@D@@YAHW4_crt_argv_mode@@@Z@4PADA 00000001800348b0     libucrt:argv_parsing.obj
 0003:00001a08       ?__acrt_new_handler@@3V?$dual_state_global@P6AH_K@Z@__crt_state_management@@A 0000000180034a08     libucrt:new_handler.obj
 0003:00001a10       ?module_handles@@3PAPEAUHINSTANCE__@@A 0000000180034a10     libucrt:winapi_thunks.obj
 0003:00001ab0       ?encoded_function_pointers@@3PAPEAXA 0000000180034ab0     libucrt:winapi_thunks.obj
 0003:00001bc0       ?internal_state@?1??_mbtowc_l@@9@4U_Mbstatet@@A 0000000180034bc0     libucrt:mbtowc.obj
 0003:00001bd8       ?enable_percent_n@@3_KA    0000000180034bd8     libucrt:printf_count_output.obj
 0003:00002010       ?__acrt_lock_table@@3PAU_RTL_CRITICAL_SECTION@@A 0000000180035010     libucrt:locks.obj
 0003:00002240       ?__acrt_locks_initialized@@3IA 0000000180035240     libucrt:locks.obj
 0003:00002260       ?fSystemSet@@3HA           0000000180035260     libucrt:mbctype.obj
 0003:00002264       ?initialized@?1??__acrt_initialize_multibyte@@9@4_NA 0000000180035264     libucrt:mbctype.obj
 0003:000022a0       ?ctrlc_action@@3V?$dual_state_global@P6AXH@Z@__crt_state_management@@A 00000001800352a0     libucrt:signal.obj
 0003:000022a8       ?ctrlbreak_action@@3V?$dual_state_global@P6AXH@Z@__crt_state_management@@A 00000001800352a8     libucrt:signal.obj
 0003:000022b0       ?abort_action@@3V?$dual_state_global@P6AXH@Z@__crt_state_management@@A 00000001800352b0     libucrt:signal.obj
 0003:000022b8       ?term_action@@3V?$dual_state_global@P6AXH@Z@__crt_state_management@@A 00000001800352b8     libucrt:signal.obj
 0003:000022c0       ?user_matherr@@3V?$dual_state_global@P6AHPEAU_exception@@@Z@__crt_state_management@@A 00000001800352c0     libucrt:matherr.obj
 0003:000022c8       ?__acrt_global_new_mode@@3V?$dual_state_global@J@__crt_state_management@@A 00000001800352c8     libucrt:new_mode.obj
 0003:000022d8       ?internal_pst@?1??__mbrtoc32_utf8@__crt_mbstring@@YA_KPEA_UPEBD_KPEAU_Mbstatet@@@Z@4U3@A 00000001800352d8     libucrt:mbrtoc32.obj
 0003:000022e0       ?__acrt_app_type@@3W4_crt_app_type@@A 00000001800352e0     libucrt:report_runtime_error.obj
 0005:00000000       MoveSmall                  0000000180039000     libvcruntime:memcpy.obj
 0005:00000050       MsetTab                    0000000180039050     libvcruntime:memset.obj
 0006:00000220       $R000000                   000000018003a220     ElectronicJournal.res
 0006:00000be0       $R0009C0                   000000018003abe0     ElectronicJournal.res
 0006:00000cc8       $R000AA8                   000000018003acc8     ElectronicJournal.res
 0006:00000f30       $R000D10                   000000018003af30     ElectronicJournal.res
 0006:00001470       $R001250                   000000018003b470     ElectronicJournal.res
 0006:00005140       $R004F20                   000000018003f140     ElectronicJournal.res
 0006:00005188       $R004F68                   000000018003f188     ElectronicJournal.res
