 OPOSPINPad

 Timestamp is 5ed45905 (Mon Jun  1 10:25:25 2020)

 Preferred load address is 10000000

 Start         Length     Name                   Class
 0001:00000000 00000080H .text$di                CODE
 0001:00000080 0001e813H .text$mn                CODE
 0001:0001e893 00000036H .text$x                 CODE
 0001:0001e8c9 00000042H .text$yd                CODE
 0002:00000000 000002fcH .idata$5                DATA
 0002:000002fc 00000004H .00cfg                  DATA
 0002:00000300 00000004H .CRT$XCA                DATA
 0002:00000304 00000004H .CRT$XCL                DATA
 0002:00000308 00000010H .CRT$XCU                DATA
 0002:00000318 00000004H .CRT$XCZ                DATA
 0002:0000031c 00000004H .CRT$XIA                DATA
 0002:00000320 00000010H .CRT$XIC                DATA
 0002:00000330 00000004H .CRT$XIZ                DATA
 0002:00000334 00000004H .CRT$XLA                DATA
 0002:00000338 00000004H .CRT$XLZ                DATA
 0002:0000033c 00000004H .CRT$XPA                DATA
 0002:00000340 00000008H .CRT$XPX                DATA
 0002:00000348 00000004H .CRT$XPXA               DATA
 0002:0000034c 00000004H .CRT$XPZ                DATA
 0002:00000350 00000004H .CRT$XTA                DATA
 0002:00000354 0000000cH .CRT$XTZ                DATA
 0002:00000358 00000000H .gfids$y                DATA
 0002:00000360 000073e8H .rdata                  DATA
 0002:00007748 00000018H .rdata$T                DATA
 0002:00007760 00000178H .rdata$r                DATA
 0002:000078d8 0000001cH .rdata$sxdata           DATA
 0002:000078f4 000003dcH .rdata$zzzdbg           DATA
 0002:00007cd0 00000004H .rtc$IAA                DATA
 0002:00007cd4 00000004H .rtc$IZZ                DATA
 0002:00007cd8 00000004H .rtc$TAA                DATA
 0002:00007cdc 00000004H .rtc$TZZ                DATA
 0002:00007ce0 00000004H .tls                    DATA
 0002:00007ce4 00000004H .tls$                   DATA
 0002:00007ce8 00000008H .tls$ZZZ                DATA
 0002:00007cf0 0000062cH .xdata$x                DATA
 0002:0000831c 00000004H ATL$__a                 DATA
 0002:00008320 00000010H ATL$__z                 DATA
 0002:00008330 000000a8H .edata                  DATA
 0002:000083d8 00000078H .idata$2                DATA
 0002:00008450 00000014H .idata$3                DATA
 0002:00008464 000002fcH .idata$4                DATA
 0002:00008760 00000bceH .idata$6                DATA
 0003:00000000 00000ac0H .data                   DATA
 0003:00000ac0 00000098H .data$r                 DATA
 0003:00000b58 00000b80H .bss                    DATA
 0004:00000000 00000220H .rsrc$01                DATA
 0004:00000220 00004ba8H .rsrc$02                DATA

  Address         Publics by Value              Rva+Base       Lib:Object

 0000:00000000       ___arm64x_redirection_metadata 00000000     <absolute>
 0000:00000000       ___x64_code_ranges_to_entry_points 00000000     <absolute>
 0000:00000000       ___guard_fids_count        00000000     <absolute>
 0000:00000000       ___guard_longjmp_table     00000000     <absolute>
 0000:00000000       ___hybrid_code_map_count   00000000     <absolute>
 0000:00000000       ___guard_iat_count         00000000     <absolute>
 0000:00000000       ___hybrid_auxiliary_iat    00000000     <absolute>
 0000:00000000       ___arm64x_native_entrypoint 00000000     <absolute>
 0000:00000000       ___volatile_metadata       00000000     <absolute>
 0000:00000000       ___dynamic_value_reloc_table 00000000     <absolute>
 0000:00000000       ___guard_longjmp_count     00000000     <absolute>
 0000:00000000       ___guard_fids_table        00000000     <absolute>
 0000:00000000       ___guard_eh_cont_count     00000000     <absolute>
 0000:00000000       ___AbsoluteZero            00000000     <absolute>
 0000:00000000       __except_list              00000000     <absolute>
 0000:00000000       ___guard_iat_table         00000000     <absolute>
 0000:00000000       ___enclave_config          00000000     <absolute>
 0000:00000000       ___guard_eh_cont_table     00000000     <absolute>
 0000:00000000       ___hybrid_code_map         00000000     <absolute>
 0000:00000007       ___safe_se_handler_count   00000007     <absolute>
 0000:0000002c       __tls_array                0000002c     <absolute>
 0000:00000100       ___guard_flags             00000100     <absolute>
 0000:00000000       ___ImageBase               10000000     <linker-defined>
 0001:00000080       ?DupWide@_CW@@AAEXXZ       10001080 f   CWString.obj
 0001:0000009c       ?cw_dup@@YGXPBDAAHAAPA_W1@Z 1000109c f   CWString.obj
 0001:00000124       ?cw_memcpy@@YGHPA_WPBDH@Z  10001124 f   CWString.obj
 0001:00000150       ?cw_strcpy@@YAHPA_WPBD@Z   10001150 f   CWString.obj
 0001:00000163       ?cw_strlen@@YAHPBD@Z       10001163 f   CWString.obj
 0001:0000017c       ??0CAtlComModule@ATL@@QAE@XZ 1000117c f i OposVariant.obj
 0001:000001c1       ??0CAtlWinModule@ATL@@QAE@XZ 100011c1 f i OposVariant.obj
 0001:000001f8       ??0OposDispParms@@QAE@PAVOposVariant@@H@Z 100011f8 f   OposVariant.obj
 0001:00000269       ??1OposDispParms@@QAE@XZ   10001269 f   OposVariant.obj
 0001:00000277       ??A?$CSimpleArray@GV?$CSimpleArrayEqualHelper@G@ATL@@@ATL@@QAEAAGH@Z 10001277 f i OposVariant.obj
 0001:0000029c       ??_Estringdispid@CComTypeInfoHolder@ATL@@QAEPAXI@Z 1000129c f i OposVariant.obj
 0001:00000308       ?AtlWinModuleInit@ATL@@YGJPAU_ATL_WIN_MODULE70@1@@Z 10001308 f i OposVariant.obj
 0001:0000032e       ?AtlWinModuleTerm@ATL@@YGJPAU_ATL_WIN_MODULE70@1@PAUHINSTANCE__@@@Z 1000132e f i OposVariant.obj
 0001:00000391       ?ChangeBSTR@OposVariant@@QAEXPAPA_WAAJ@Z 10001391 f   OposVariant.obj
 0001:000003d2       ?ChangeCURRENCY@OposVariant@@QAEXPATtagCY@@AAJ@Z 100013d2 f   OposVariant.obj
 0001:00000421       ?ChangeLONG@OposVariant@@QAEXPAJAAJ@Z 10001421 f   OposVariant.obj
 0001:00000462       ?GetLONG@OposVariant@@QAEJXZ 10001462 f   OposVariant.obj
 0001:0000047d       ?Init@CComCriticalSection@ATL@@QAEJXZ 1000147d f i OposVariant.obj
 0001:000004a5       ?RemoveAll@?$CSimpleArray@GV?$CSimpleArrayEqualHelper@G@ATL@@@ATL@@QAEXXZ 100014a5 f i OposVariant.obj
 0001:000004a5       ?RemoveAll@?$CSimpleArray@PAUHINSTANCE__@@V?$CSimpleArrayEqualHelper@PAUHINSTANCE__@@@ATL@@@ATL@@QAEXXZ 100014a5 f i atls:atlbase.obj
 0001:000004c2       ?SetBSTR@OposVariant@@QAEXPA_WAAJ@Z 100014c2 f   OposVariant.obj
 0001:000004f6       ?SetBSTR_Copy@OposVariant@@QAEXPA_WAAJ@Z 100014f6 f   OposVariant.obj
 0001:00000546       ?SetBSTR_InOutPtr@OposVariant@@QAE_NPAPA_WAAJ@Z 10001546 f   OposVariant.obj
 0001:0000057d       ?SetBSTR_OutPtr@OposVariant@@QAE_NPAPA_WAAJ@Z 1000157d f   OposVariant.obj
 0001:00000599       ?SetCURRENCY@OposVariant@@QAEXTtagCY@@@Z 10001599 f   OposVariant.obj
 0001:000005c1       ?SetDispatch_Ptr@OposVariant@@QAEXPAUIDispatch@@AAJ@Z 100015c1 f   OposVariant.obj
 0001:000005fc       ?SetLONG@OposVariant@@QAEXJ@Z 100015fc f   OposVariant.obj
 0001:0000061e       ?SetLONG_Ptr@OposVariant@@QAEXPAJAAJ@Z 1000161e f   OposVariant.obj
 0001:00000651       ?SetString@OposVariant@@QAEXPB_WAAJ@Z 10001651 f   OposVariant.obj
 0001:00000697       ?SetVARIANT_BOOL@OposVariant@@QAEXF@Z 10001697 f   OposVariant.obj
 0001:000006c1       ?Term@CAtlComModule@ATL@@QAEXXZ 100016c1 f i OposVariant.obj
 0001:0000070b       ?_AtlRaiseException@ATL@@YAXKK@Z 1000170b f i OposVariant.obj
 0001:00000720       ??_E?$CComObject@VCOPOSPINPad@@@ATL@@W3AEPAXI@Z 10001720 f i PINPad.obj
 0001:00000728       ??_E?$CComObject@VCOPOSPINPad@@@ATL@@WEM@AEPAXI@Z 10001728 f i PINPad.obj
 0001:00000730       ?QueryInterface@?$CComObject@VCOPOSPINPad@@@ATL@@WHA@AGJABU_GUID@@PAPAX@Z 10001730 f i PINPad.obj
 0001:0000073a       ?AddRef@?$CComObject@VCOPOSPINPad@@@ATL@@WHA@AGKXZ 1000173a f i PINPad.obj
 0001:00000744       ?Release@?$CComObject@VCOPOSPINPad@@@ATL@@WHA@AGKXZ 10001744 f i PINPad.obj
 0001:0000074e       ?QueryInterface@?$CComObject@VCOPOSPINPad@@@ATL@@WHE@AGJABU_GUID@@PAPAX@Z 1000174e f i PINPad.obj
 0001:00000758       ?AddRef@?$CComObject@VCOPOSPINPad@@@ATL@@WHE@AGKXZ 10001758 f i PINPad.obj
 0001:00000762       ?Release@?$CComObject@VCOPOSPINPad@@@ATL@@WHE@AGKXZ 10001762 f i PINPad.obj
 0001:0000076c       ?QueryInterface@?$CComObject@VCOPOSPINPad@@@ATL@@WHI@AGJABU_GUID@@PAPAX@Z 1000176c f i PINPad.obj
 0001:00000776       ?AddRef@?$CComObject@VCOPOSPINPad@@@ATL@@WHI@AGKXZ 10001776 f i PINPad.obj
 0001:00000780       ?Release@?$CComObject@VCOPOSPINPad@@@ATL@@WHI@AGKXZ 10001780 f i PINPad.obj
 0001:0000078a       ?QueryInterface@?$CComObject@VCOPOSPINPad@@@ATL@@WHM@AGJABU_GUID@@PAPAX@Z 1000178a f i PINPad.obj
 0001:00000794       ?AddRef@?$CComObject@VCOPOSPINPad@@@ATL@@WHM@AGKXZ 10001794 f i PINPad.obj
 0001:0000079e       ?Release@?$CComObject@VCOPOSPINPad@@@ATL@@WHM@AGKXZ 1000179e f i PINPad.obj
 0001:000007a8       ?QueryInterface@?$CComObject@VCOPOSPINPad@@@ATL@@WIA@AGJABU_GUID@@PAPAX@Z 100017a8 f i PINPad.obj
 0001:000007b5       ?AddRef@?$CComObject@VCOPOSPINPad@@@ATL@@WIA@AGKXZ 100017b5 f i PINPad.obj
 0001:000007c2       ?Release@?$CComObject@VCOPOSPINPad@@@ATL@@WIA@AGKXZ 100017c2 f i PINPad.obj
 0001:000007cf       ?QueryInterface@?$CComObject@VCOPOSPINPad@@@ATL@@WIE@AGJABU_GUID@@PAPAX@Z 100017cf f i PINPad.obj
 0001:000007dc       ?AddRef@?$CComObject@VCOPOSPINPad@@@ATL@@WIE@AGKXZ 100017dc f i PINPad.obj
 0001:000007e9       ?Release@?$CComObject@VCOPOSPINPad@@@ATL@@WIE@AGKXZ 100017e9 f i PINPad.obj
 0001:000007f6       ?QueryInterface@?$CComObject@VCOPOSPINPad@@@ATL@@WII@AGJABU_GUID@@PAPAX@Z 100017f6 f i PINPad.obj
 0001:00000803       ?AddRef@?$CComObject@VCOPOSPINPad@@@ATL@@WII@AGKXZ 10001803 f i PINPad.obj
 0001:00000810       ?Release@?$CComObject@VCOPOSPINPad@@@ATL@@WII@AGKXZ 10001810 f i PINPad.obj
 0001:0000081d       ?QueryInterface@?$CComObject@VCOPOSPINPad@@@ATL@@WIM@AGJABU_GUID@@PAPAX@Z 1000181d f i PINPad.obj
 0001:0000082a       ?AddRef@?$CComObject@VCOPOSPINPad@@@ATL@@WIM@AGKXZ 1000182a f i PINPad.obj
 0001:00000837       ?Release@?$CComObject@VCOPOSPINPad@@@ATL@@WIM@AGKXZ 10001837 f i PINPad.obj
 0001:00000844       ?QueryInterface@?$CComObject@VCOPOSPINPad@@@ATL@@WJA@AGJABU_GUID@@PAPAX@Z 10001844 f i PINPad.obj
 0001:00000851       ?AddRef@?$CComObject@VCOPOSPINPad@@@ATL@@WJA@AGKXZ 10001851 f i PINPad.obj
 0001:0000085e       ?Release@?$CComObject@VCOPOSPINPad@@@ATL@@WJA@AGKXZ 1000185e f i PINPad.obj
 0001:0000086b       ?QueryInterface@?$CComObject@VCOPOSPINPad@@@ATL@@WJE@AGJABU_GUID@@PAPAX@Z 1000186b f i PINPad.obj
 0001:00000878       ?AddRef@?$CComObject@VCOPOSPINPad@@@ATL@@WJE@AGKXZ 10001878 f i PINPad.obj
 0001:00000885       ?Release@?$CComObject@VCOPOSPINPad@@@ATL@@WJE@AGKXZ 10001885 f i PINPad.obj
 0001:00000892       ?QueryInterface@?$CComObject@VCOPOSPINPad@@@ATL@@WJI@AGJABU_GUID@@PAPAX@Z 10001892 f i PINPad.obj
 0001:0000089f       ?AddRef@?$CComObject@VCOPOSPINPad@@@ATL@@WJI@AGKXZ 1000189f f i PINPad.obj
 0001:000008ac       ?Release@?$CComObject@VCOPOSPINPad@@@ATL@@WJI@AGKXZ 100018ac f i PINPad.obj
 0001:000008b9       ?QueryInterface@?$CComObject@VCOPOSPINPad@@@ATL@@WJM@AGJABU_GUID@@PAPAX@Z 100018b9 f i PINPad.obj
 0001:000008c6       ?AddRef@?$CComObject@VCOPOSPINPad@@@ATL@@WJM@AGKXZ 100018c6 f i PINPad.obj
 0001:000008d3       ?Release@?$CComObject@VCOPOSPINPad@@@ATL@@WJM@AGKXZ 100018d3 f i PINPad.obj
 0001:000008e0       ?QueryInterface@?$CComObject@VCOPOSPINPad@@@ATL@@WKA@AGJABU_GUID@@PAPAX@Z 100018e0 f i PINPad.obj
 0001:000008ed       ?AddRef@?$CComObject@VCOPOSPINPad@@@ATL@@WKA@AGKXZ 100018ed f i PINPad.obj
 0001:000008fa       ?Release@?$CComObject@VCOPOSPINPad@@@ATL@@WKA@AGKXZ 100018fa f i PINPad.obj
 0001:00000907       ?AddRef@?$CComObject@VCOPOSPINPad@@@ATL@@WKI@AGKXZ 10001907 f i PINPad.obj
 0001:00000914       ?Release@?$CComObject@VCOPOSPINPad@@@ATL@@WKI@AGKXZ 10001914 f i PINPad.obj
 0001:00000921       ?AddRef@?$CComObject@VCOPOSPINPad@@@ATL@@WLE@AGKXZ 10001921 f i PINPad.obj
 0001:0000092e       ?Release@?$CComObject@VCOPOSPINPad@@@ATL@@WLE@AGKXZ 1000192e f i PINPad.obj
 0001:0000093b       ??_E?$CComContainedObject@VCOPOSPINPad@@@ATL@@W3AEPAXI@Z 1000193b f i PINPad.obj
 0001:00000943       ??_E?$CComContainedObject@VCOPOSPINPad@@@ATL@@WEM@AEPAXI@Z 10001943 f i PINPad.obj
 0001:0000094b       ?QueryInterface@?$CComContainedObject@VCOPOSPINPad@@@ATL@@WHA@AGJABU_GUID@@PAPAX@Z 1000194b f i PINPad.obj
 0001:00000955       ?AddRef@?$CComContainedObject@VCOPOSPINPad@@@ATL@@WHA@AGKXZ 10001955 f i PINPad.obj
 0001:0000095f       ?Release@?$CComContainedObject@VCOPOSPINPad@@@ATL@@WHA@AGKXZ 1000195f f i PINPad.obj
 0001:00000969       ?QueryInterface@?$CComContainedObject@VCOPOSPINPad@@@ATL@@WHE@AGJABU_GUID@@PAPAX@Z 10001969 f i PINPad.obj
 0001:00000973       ?AddRef@?$CComContainedObject@VCOPOSPINPad@@@ATL@@WHE@AGKXZ 10001973 f i PINPad.obj
 0001:0000097d       ?Release@?$CComContainedObject@VCOPOSPINPad@@@ATL@@WHE@AGKXZ 1000197d f i PINPad.obj
 0001:00000987       ?QueryInterface@?$CComContainedObject@VCOPOSPINPad@@@ATL@@WHI@AGJABU_GUID@@PAPAX@Z 10001987 f i PINPad.obj
 0001:00000991       ?AddRef@?$CComContainedObject@VCOPOSPINPad@@@ATL@@WHI@AGKXZ 10001991 f i PINPad.obj
 0001:0000099b       ?Release@?$CComContainedObject@VCOPOSPINPad@@@ATL@@WHI@AGKXZ 1000199b f i PINPad.obj
 0001:000009a5       ?QueryInterface@?$CComContainedObject@VCOPOSPINPad@@@ATL@@WHM@AGJABU_GUID@@PAPAX@Z 100019a5 f i PINPad.obj
 0001:000009af       ?AddRef@?$CComContainedObject@VCOPOSPINPad@@@ATL@@WHM@AGKXZ 100019af f i PINPad.obj
 0001:000009b9       ?Release@?$CComContainedObject@VCOPOSPINPad@@@ATL@@WHM@AGKXZ 100019b9 f i PINPad.obj
 0001:000009c3       ?QueryInterface@?$CComContainedObject@VCOPOSPINPad@@@ATL@@WIA@AGJABU_GUID@@PAPAX@Z 100019c3 f i PINPad.obj
 0001:000009d0       ?AddRef@?$CComContainedObject@VCOPOSPINPad@@@ATL@@WIA@AGKXZ 100019d0 f i PINPad.obj
 0001:000009dd       ?Release@?$CComContainedObject@VCOPOSPINPad@@@ATL@@WIA@AGKXZ 100019dd f i PINPad.obj
 0001:000009ea       ?QueryInterface@?$CComContainedObject@VCOPOSPINPad@@@ATL@@WIE@AGJABU_GUID@@PAPAX@Z 100019ea f i PINPad.obj
 0001:000009f7       ?AddRef@?$CComContainedObject@VCOPOSPINPad@@@ATL@@WIE@AGKXZ 100019f7 f i PINPad.obj
 0001:00000a04       ?Release@?$CComContainedObject@VCOPOSPINPad@@@ATL@@WIE@AGKXZ 10001a04 f i PINPad.obj
 0001:00000a11       ?QueryInterface@?$CComContainedObject@VCOPOSPINPad@@@ATL@@WII@AGJABU_GUID@@PAPAX@Z 10001a11 f i PINPad.obj
 0001:00000a1e       ?AddRef@?$CComContainedObject@VCOPOSPINPad@@@ATL@@WII@AGKXZ 10001a1e f i PINPad.obj
 0001:00000a2b       ?Release@?$CComContainedObject@VCOPOSPINPad@@@ATL@@WII@AGKXZ 10001a2b f i PINPad.obj
 0001:00000a38       ?QueryInterface@?$CComContainedObject@VCOPOSPINPad@@@ATL@@WIM@AGJABU_GUID@@PAPAX@Z 10001a38 f i PINPad.obj
 0001:00000a45       ?AddRef@?$CComContainedObject@VCOPOSPINPad@@@ATL@@WIM@AGKXZ 10001a45 f i PINPad.obj
 0001:00000a52       ?Release@?$CComContainedObject@VCOPOSPINPad@@@ATL@@WIM@AGKXZ 10001a52 f i PINPad.obj
 0001:00000a5f       ?QueryInterface@?$CComContainedObject@VCOPOSPINPad@@@ATL@@WJA@AGJABU_GUID@@PAPAX@Z 10001a5f f i PINPad.obj
 0001:00000a6c       ?AddRef@?$CComContainedObject@VCOPOSPINPad@@@ATL@@WJA@AGKXZ 10001a6c f i PINPad.obj
 0001:00000a79       ?Release@?$CComContainedObject@VCOPOSPINPad@@@ATL@@WJA@AGKXZ 10001a79 f i PINPad.obj
 0001:00000a86       ?QueryInterface@?$CComContainedObject@VCOPOSPINPad@@@ATL@@WJE@AGJABU_GUID@@PAPAX@Z 10001a86 f i PINPad.obj
 0001:00000a93       ?AddRef@?$CComContainedObject@VCOPOSPINPad@@@ATL@@WJE@AGKXZ 10001a93 f i PINPad.obj
 0001:00000aa0       ?Release@?$CComContainedObject@VCOPOSPINPad@@@ATL@@WJE@AGKXZ 10001aa0 f i PINPad.obj
 0001:00000aad       ?QueryInterface@?$CComContainedObject@VCOPOSPINPad@@@ATL@@WJI@AGJABU_GUID@@PAPAX@Z 10001aad f i PINPad.obj
 0001:00000aba       ?AddRef@?$CComContainedObject@VCOPOSPINPad@@@ATL@@WJI@AGKXZ 10001aba f i PINPad.obj
 0001:00000ac7       ?Release@?$CComContainedObject@VCOPOSPINPad@@@ATL@@WJI@AGKXZ 10001ac7 f i PINPad.obj
 0001:00000ad4       ?QueryInterface@?$CComContainedObject@VCOPOSPINPad@@@ATL@@WJM@AGJABU_GUID@@PAPAX@Z 10001ad4 f i PINPad.obj
 0001:00000ae1       ?AddRef@?$CComContainedObject@VCOPOSPINPad@@@ATL@@WJM@AGKXZ 10001ae1 f i PINPad.obj
 0001:00000aee       ?Release@?$CComContainedObject@VCOPOSPINPad@@@ATL@@WJM@AGKXZ 10001aee f i PINPad.obj
 0001:00000afb       ?QueryInterface@?$CComContainedObject@VCOPOSPINPad@@@ATL@@WKA@AGJABU_GUID@@PAPAX@Z 10001afb f i PINPad.obj
 0001:00000b08       ?AddRef@?$CComContainedObject@VCOPOSPINPad@@@ATL@@WKA@AGKXZ 10001b08 f i PINPad.obj
 0001:00000b15       ?Release@?$CComContainedObject@VCOPOSPINPad@@@ATL@@WKA@AGKXZ 10001b15 f i PINPad.obj
 0001:00000b22       ?AddRef@?$CComContainedObject@VCOPOSPINPad@@@ATL@@WKI@AGKXZ 10001b22 f i PINPad.obj
 0001:00000b2f       ?Release@?$CComContainedObject@VCOPOSPINPad@@@ATL@@WKI@AGKXZ 10001b2f f i PINPad.obj
 0001:00000b3c       ?AddRef@?$CComContainedObject@VCOPOSPINPad@@@ATL@@WLE@AGKXZ 10001b3c f i PINPad.obj
 0001:00000b49       ?Release@?$CComContainedObject@VCOPOSPINPad@@@ATL@@WLE@AGKXZ 10001b49 f i PINPad.obj
 0001:00000b56       ?CreateInstance@CComClassFactory@ATL@@UAGJPAUIUnknown@@ABU_GUID@@PAPAX@Z 10001b56 f i PINPad.obj
 0001:00000b94       ?LockServer@CComClassFactory@ATL@@UAGJH@Z 10001b94 f i PINPad.obj
 0001:00000bb3       ??_GCComClassFactory@ATL@@UAEPAXI@Z 10001bb3 f i PINPad.obj
 0001:00000bb3       ??_ECComClassFactory@ATL@@UAEPAXI@Z 10001bb3 f i PINPad.obj
 0001:00000bde       ?GetWindowProc@?$CWindowImplBaseT@VCWindow@ATL@@V?$CWinTraits@$0FGAAAAAA@$0A@@2@@ATL@@UAEP6GJPAUHWND__@@IIJ@ZXZ 10001bde f i PINPad.obj
 0001:00000be4       ?StartWindowProc@?$CWindowImplBaseT@VCWindow@ATL@@V?$CWinTraits@$0FGAAAAAA@$0A@@2@@ATL@@SGJPAUHWND__@@IIJ@Z 10001be4 f i PINPad.obj
 0001:00000c38       ?OnFinalMessage@?$CWindowImplBaseT@VCWindow@ATL@@V?$CWinTraits@$0FGAAAAAA@$0A@@2@@ATL@@UAEXPAUHWND__@@@Z 10001c38 f i PINPad.obj
 0001:00000c38       ?ObjectMain@CComObjectRootBase@ATL@@SGX_N@Z 10001c38 f i PINPad.obj
 0001:00000c3b       ?GetTypeInfoCount@?$IDispatchImpl@UIOPOSPINPad@@$1?IID_IOPOSPINPad@@3U_GUID@@B$1?LIBID_OposPINPad_CCO@@3U3@B$00$0A@VCComTypeInfoHolder@ATL@@@ATL@@UAGJPAI@Z 10001c3b f i PINPad.obj
 0001:00000c58       ?GetTypeInfo@?$IDispatchImpl@UIOPOSPINPad@@$1?IID_IOPOSPINPad@@3U_GUID@@B$1?LIBID_OposPINPad_CCO@@3U3@B$00$0A@VCComTypeInfoHolder@ATL@@@ATL@@UAGJIKPAPAUITypeInfo@@@Z 10001c58 f i PINPad.obj
 0001:00000c7c       ?GetIDsOfNames@?$IDispatchImpl@UIOPOSPINPad@@$1?IID_IOPOSPINPad@@3U_GUID@@B$1?LIBID_OposPINPad_CCO@@3U3@B$00$0A@VCComTypeInfoHolder@ATL@@@ATL@@UAGJABU_GUID@@PAPA_WIKPAJ@Z 10001c7c f i PINPad.obj
 0001:00000c9c       ?Invoke@?$IDispatchImpl@UIOPOSPINPad@@$1?IID_IOPOSPINPad@@3U_GUID@@B$1?LIBID_OposPINPad_CCO@@3U3@B$00$0A@VCComTypeInfoHolder@ATL@@@ATL@@UAGJJABU_GUID@@KGPAUtagDISPPARAMS@@PAUtagVARIANT@@PAUtagEXCEPINFO@@PAI@Z 10001c9c f i PINPad.obj
 0001:00000caa       ?CreateControlWindow@?$CComControl@VCOPOSPINPad@@V?$CWindowImpl@VCOPOSPINPad@@VCWindow@ATL@@V?$CWinTraits@$0FGAAAAAA@$0A@@3@@ATL@@@ATL@@UAEPAUHWND__@@PAU3@AAUtagRECT@@@Z 10001caa f i PINPad.obj
 0001:00000cd9       ?ControlQueryInterface@?$CComControl@VCOPOSPINPad@@V?$CWindowImpl@VCOPOSPINPad@@VCWindow@ATL@@V?$CWinTraits@$0FGAAAAAA@$0A@@3@@ATL@@@ATL@@UAEJABU_GUID@@PAPAX@Z 10001cd9 f i PINPad.obj
 0001:00000cf4       ?GetClassID@?$IPersistStorageImpl@VCOPOSPINPad@@@ATL@@UAGJPAU_GUID@@@Z 10001cf4 f i PINPad.obj
 0001:00000cf4       ?GetClassID@?$IPersistStreamInitImpl@VCOPOSPINPad@@@ATL@@UAGJPAU_GUID@@@Z 10001cf4 f i PINPad.obj
 0001:00000cf4       ?GetUserClassID@?$IOleObjectImpl@VCOPOSPINPad@@@ATL@@UAGJPAU_GUID@@@Z 10001cf4 f i PINPad.obj
 0001:00000d18       ?IsDirty@?$IPersistStreamInitImpl@VCOPOSPINPad@@@ATL@@UAGJXZ 10001d18 f i PINPad.obj
 0001:00000d37       ?Load@?$IPersistStreamInitImpl@VCOPOSPINPad@@@ATL@@UAGJPAUIStream@@@Z 10001d37 f i PINPad.obj
 0001:00000d56       ?Save@?$IPersistStreamInitImpl@VCOPOSPINPad@@@ATL@@UAGJPAUIStream@@H@Z 10001d56 f i PINPad.obj
 0001:00000d78       ?GetSizeMax@?$IPersistStreamInitImpl@VCOPOSPINPad@@@ATL@@UAGJPAT_ULARGE_INTEGER@@@Z 10001d78 f i PINPad.obj
 0001:00000f57       ?InitNew@?$IPersistStreamInitImpl@VCOPOSPINPad@@@ATL@@UAGJXZ 10001f57 f i PINPad.obj
 0001:00000f74       ?QueryGetData@?$IDataObjectImpl@VCOPOSPINPad@@@ATL@@UAGJPAUtagFORMATETC@@@Z 10001f74 f i PINPad.obj
 0001:00000f74       ?SOOutputCompleteDummy@COPOSPINPad@@MAGJJ@Z 10001f74 f i PINPad.obj
 0001:00000f74       ?OnMnemonic@?$IOleControlImpl@VCOPOSPINPad@@@ATL@@UAGJPAUtagMSG@@@Z 10001f74 f i PINPad.obj
 0001:00000f74       ?GetControlInfo@?$IOleControlImpl@VCOPOSPINPad@@@ATL@@UAGJPAUtagCONTROLINFO@@@Z 10001f74 f i PINPad.obj
 0001:00000f74       ?Unfreeze@?$IViewObjectExImpl@VCOPOSPINPad@@@ATL@@UAGJK@Z 10001f74 f i PINPad.obj
 0001:00000f74       ?ContextSensitiveHelp@?$IOleInPlaceActiveObjectImpl@VCOPOSPINPad@@@ATL@@UAGJH@Z 10001f74 f i PINPad.obj
 0001:00000f74       ?ContextSensitiveHelp@?$IOleInPlaceObjectWindowlessImpl@VCOPOSPINPad@@@ATL@@UAGJH@Z 10001f74 f i PINPad.obj
 0001:00000f74       ?GetDropTarget@?$IOleInPlaceObjectWindowlessImpl@VCOPOSPINPad@@@ATL@@UAGJPAPAUIDropTarget@@@Z 10001f74 f i PINPad.obj
 0001:00000f74       ?SetColorScheme@?$IOleObjectImpl@VCOPOSPINPad@@@ATL@@UAGJPAUtagLOGPALETTE@@@Z 10001f74 f i PINPad.obj
 0001:00000f7c       ?OnFrameWindowActivate@?$IOleInPlaceActiveObjectImpl@VCOPOSPINPad@@@ATL@@UAGJH@Z 10001f7c f i PINPad.obj
 0001:00000f7c       ?SaveCompleted@?$IPersistStorageImpl@VCOPOSPINPad@@@ATL@@UAGJPAUIStorage@@@Z 10001f7c f i PINPad.obj
 0001:00000f7c       ?EnableModeless@?$IOleInPlaceActiveObjectImpl@VCOPOSPINPad@@@ATL@@UAGJH@Z 10001f7c f i PINPad.obj
 0001:00000f7c       ?OnAmbientPropertyChange@?$IOleControlImpl@VCOPOSPINPad@@@ATL@@UAGJJ@Z 10001f7c f i PINPad.obj
 0001:00000f81       ?SetClientSite@?$IOleObjectImpl@VCOPOSPINPad@@@ATL@@UAGJPAUIOleClientSite@@@Z 10001f81 f i PINPad.obj
 0001:00000f9e       ?GetClientSite@?$IOleObjectImpl@VCOPOSPINPad@@@ATL@@UAGJPAPAUIOleClientSite@@@Z 10001f9e f i PINPad.obj
 0001:00000fbb       ?SetHostNames@?$IOleObjectImpl@VCOPOSPINPad@@@ATL@@UAGJPB_W0@Z 10001fbb f i PINPad.obj
 0001:00000fc0       ?Close@?$IOleObjectImpl@VCOPOSPINPad@@@ATL@@UAGJK@Z 10001fc0 f i PINPad.obj
 0001:00000fdd       ?SetMoniker@?$IOleObjectImpl@VCOPOSPINPad@@@ATL@@UAGJKPAUIMoniker@@@Z 10001fdd f i PINPad.obj
 0001:00000fdd       ?GetDataHere@?$IDataObjectImpl@VCOPOSPINPad@@@ATL@@UAGJPAUtagFORMATETC@@PAUtagSTGMEDIUM@@@Z 10001fdd f i PINPad.obj
 0001:00000fdd       ?GetCanonicalFormatEtc@?$IDataObjectImpl@VCOPOSPINPad@@@ATL@@UAGJPAUtagFORMATETC@@0@Z 10001fdd f i PINPad.obj
 0001:00000fdd       ?GetClipboardData@?$IOleObjectImpl@VCOPOSPINPad@@@ATL@@UAGJKPAPAUIDataObject@@@Z 10001fdd f i PINPad.obj
 0001:00000fdd       ?GetRect@?$IViewObjectExImpl@VCOPOSPINPad@@@ATL@@UAGJKPAU_RECTL@@@Z 10001fdd f i PINPad.obj
 0001:00000fdd       ?EnumFormatEtc@?$IDataObjectImpl@VCOPOSPINPad@@@ATL@@UAGJKPAPAUIEnumFORMATETC@@@Z 10001fdd f i PINPad.obj
 0001:00000fdd       ?QueryInterface@CRegObject@ATL@@UAGJABU_GUID@@PAPAX@Z 10001fdd f i PINPad.obj
 0001:00000fe5       ?GetMoniker@?$IOleObjectImpl@VCOPOSPINPad@@@ATL@@UAGJKKPAPAUIMoniker@@@Z 10001fe5 f i PINPad.obj
 0001:00000fe5       ?InitFromData@?$IOleObjectImpl@VCOPOSPINPad@@@ATL@@UAGJPAUIDataObject@@HK@Z 10001fe5 f i PINPad.obj
 0001:00000fe5       ?SetData@?$IDataObjectImpl@VCOPOSPINPad@@@ATL@@UAGJPAUtagFORMATETC@@PAUtagSTGMEDIUM@@H@Z 10001fe5 f i PINPad.obj
 0001:00000fed       ?DoVerb@?$IOleObjectImpl@VCOPOSPINPad@@@ATL@@UAGJJPAUtagMSG@@PAUIOleClientSite@@JPAUHWND__@@PBUtagRECT@@@Z 10001fed f i PINPad.obj
 0001:000010e1       ?EnumVerbs@?$IOleObjectImpl@VCOPOSPINPad@@@ATL@@UAGJPAPAUIEnumOLEVERB@@@Z 100020e1 f i PINPad.obj
 0001:00001103       ?HandsOffStorage@?$IPersistStorageImpl@VCOPOSPINPad@@@ATL@@UAGJXZ 10002103 f i PINPad.obj
 0001:00001103       ?IsUpToDate@?$IOleObjectImpl@VCOPOSPINPad@@@ATL@@UAGJXZ 10002103 f i PINPad.obj
 0001:00001103       ?Update@?$IOleObjectImpl@VCOPOSPINPad@@@ATL@@UAGJXZ 10002103 f i PINPad.obj
 0001:00001103       ?Release@CRegObject@ATL@@UAGKXZ 10002103 f i PINPad.obj
 0001:00001108       ?GetUserType@?$IOleObjectImpl@VCOPOSPINPad@@@ATL@@UAGJKPAPA_W@Z 10002108 f i PINPad.obj
 0001:00001120       ?SetExtent@?$IOleObjectImpl@VCOPOSPINPad@@@ATL@@UAGJKPAUtagSIZE@@@Z 10002120 f i PINPad.obj
 0001:00001140       ?GetExtent@?$IOleObjectImpl@VCOPOSPINPad@@@ATL@@UAGJKPAUtagSIZE@@@Z 10002140 f i PINPad.obj
 0001:0000117e       ?Advise@?$IOleObjectImpl@VCOPOSPINPad@@@ATL@@UAGJPAUIAdviseSink@@PAK@Z 1000217e f i PINPad.obj
 0001:0000119e       ?Unadvise@?$IOleObjectImpl@VCOPOSPINPad@@@ATL@@UAGJK@Z 1000219e f i PINPad.obj
 0001:000011cd       ?EnumAdvise@?$IOleObjectImpl@VCOPOSPINPad@@@ATL@@UAGJPAPAUIEnumSTATDATA@@@Z 100021cd f i PINPad.obj
 0001:0000120d       ?GetMiscStatus@?$IOleObjectImpl@VCOPOSPINPad@@@ATL@@UAGJKPAK@Z 1000220d f i PINPad.obj
 0001:00001225       ?GetWindow@?$IOleInPlaceActiveObjectImpl@VCOPOSPINPad@@@ATL@@UAGJPAPAUHWND__@@@Z 10002225 f i PINPad.obj
 0001:00001272       ?TranslateAcceleratorW@?$IOleInPlaceActiveObjectImpl@VCOPOSPINPad@@@ATL@@UAGJPAUtagMSG@@@Z 10002272 f i PINPad.obj
 0001:00001320       ?OnDocWindowActivate@?$IOleInPlaceActiveObjectImpl@VCOPOSPINPad@@@ATL@@UAGJH@Z 10002320 f i PINPad.obj
 0001:00001342       ?ResizeBorder@?$IOleInPlaceActiveObjectImpl@VCOPOSPINPad@@@ATL@@UAGJPBUtagRECT@@PAUIOleInPlaceUIWindow@@H@Z 10002342 f i PINPad.obj
 0001:00001347       ?Draw@?$IViewObjectExImpl@VCOPOSPINPad@@@ATL@@UAGJKJPAXPAUtagDVTARGETDEVICE@@PAUHDC__@@2PBU_RECTL@@3P6GHK@ZK@Z 10002347 f i PINPad.obj
 0001:00001379       ?GetColorSet@?$IViewObjectExImpl@VCOPOSPINPad@@@ATL@@UAGJKJPAXPAUtagDVTARGETDEVICE@@PAUHDC__@@PAPAUtagLOGPALETTE@@@Z 10002379 f i PINPad.obj
 0001:00001381       ?Freeze@?$IViewObjectExImpl@VCOPOSPINPad@@@ATL@@UAGJKJPAXPAK@Z 10002381 f i PINPad.obj
 0001:00001389       ?SetAdvise@?$IViewObjectExImpl@VCOPOSPINPad@@@ATL@@UAGJKKPAUIAdviseSink@@@Z 10002389 f i PINPad.obj
 0001:000013a8       ?GetAdvise@?$IViewObjectExImpl@VCOPOSPINPad@@@ATL@@UAGJPAK0PAPAUIAdviseSink@@@Z 100023a8 f i PINPad.obj
 0001:000013dd       ?GetExtent@?$IViewObjectExImpl@VCOPOSPINPad@@@ATL@@UAGJKJPAUtagDVTARGETDEVICE@@PAUtagSIZE@@@Z 100023dd f i PINPad.obj
 0001:0000140e       ?GetViewStatus@?$IViewObjectExImpl@VCOPOSPINPad@@@ATL@@UAGJPAK@Z 1000240e f i PINPad.obj
 0001:0000142b       ?QueryHitPoint@?$IViewObjectExImpl@VCOPOSPINPad@@@ATL@@UAGJKPBUtagRECT@@UtagPOINT@@JPAK@Z 1000242b f i PINPad.obj
 0001:0000146c       ?QueryHitRect@?$IViewObjectExImpl@VCOPOSPINPad@@@ATL@@UAGJKPBUtagRECT@@0JPAK@Z 1000246c f i PINPad.obj
 0001:000014c7       ?GetNaturalExtent@?$IViewObjectExImpl@VCOPOSPINPad@@@ATL@@UAGJKJPAUtagDVTARGETDEVICE@@PAUHDC__@@PAUtagExtentInfo@@PAUtagSIZE@@@Z 100024c7 f i PINPad.obj
 0001:00001512       ?GetWindow@?$IOleInPlaceObjectWindowlessImpl@VCOPOSPINPad@@@ATL@@UAGJPAPAUHWND__@@@Z 10002512 f i PINPad.obj
 0001:0000155f       ?InPlaceDeactivate@?$IOleInPlaceObjectWindowlessImpl@VCOPOSPINPad@@@ATL@@UAGJXZ 1000255f f i PINPad.obj
 0001:00001579       ?UIDeactivate@?$IOleInPlaceObjectWindowlessImpl@VCOPOSPINPad@@@ATL@@UAGJXZ 10002579 f i PINPad.obj
 0001:00001593       ?SetObjectRects@?$IOleInPlaceObjectWindowlessImpl@VCOPOSPINPad@@@ATL@@UAGJPBUtagRECT@@0@Z 10002593 f i PINPad.obj
 0001:000015b3       ?ReactivateAndUndo@?$IOleInPlaceObjectWindowlessImpl@VCOPOSPINPad@@@ATL@@UAGJXZ 100025b3 f i PINPad.obj
 0001:000015bb       ?OnWindowMessage@?$IOleInPlaceObjectWindowlessImpl@VCOPOSPINPad@@@ATL@@UAGJIIJPAJ@Z 100025bb f i PINPad.obj
 0001:0000162b       ?EnumConnectionPoints@?$IConnectionPointContainerImpl@VCOPOSPINPad@@@ATL@@UAGJPAPAUIEnumConnectionPoints@@@Z 1000262b f i PINPad.obj
 0001:000017b7       ?FindConnectionPoint@?$IConnectionPointContainerImpl@VCOPOSPINPad@@@ATL@@UAGJABU_GUID@@PAPAUIConnectionPoint@@@Z 100027b7 f i PINPad.obj
 0001:0000185a       ?IsDirty@?$IPersistStorageImpl@VCOPOSPINPad@@@ATL@@UAGJXZ 1000285a f i PINPad.obj
 0001:0000188a       ?InitNew@?$IPersistStorageImpl@VCOPOSPINPad@@@ATL@@UAGJPAUIStorage@@@Z 1000288a f i PINPad.obj
 0001:000018ba       ?Load@?$IPersistStorageImpl@VCOPOSPINPad@@@ATL@@UAGJPAUIStorage@@@Z 100028ba f i PINPad.obj
 0001:00001926       ?Save@?$IPersistStorageImpl@VCOPOSPINPad@@@ATL@@UAGJPAUIStorage@@H@Z 10002926 f i PINPad.obj
 0001:00001999       ?GetPages@?$ISpecifyPropertyPagesImpl@VCOPOSPINPad@@@ATL@@UAGJPAUtagCAUUID@@@Z 10002999 f i PINPad.obj
 0001:000019b0       ?QuickActivate@?$IQuickActivateImpl@VCOPOSPINPad@@@ATL@@UAGJPAUtagQACONTAINER@@PAUtagQACONTROL@@@Z 100029b0 f i PINPad.obj
 0001:000019d3       ?SetContentExtent@?$IQuickActivateImpl@VCOPOSPINPad@@@ATL@@UAGJPAUtagSIZE@@@Z 100029d3 f i PINPad.obj
 0001:000019ff       ?GetContentExtent@?$IQuickActivateImpl@VCOPOSPINPad@@@ATL@@UAGJPAUtagSIZE@@@Z 100029ff f i PINPad.obj
 0001:00001a39       ?GetData@?$IDataObjectImpl@VCOPOSPINPad@@@ATL@@UAGJPAUtagFORMATETC@@PAUtagSTGMEDIUM@@@Z 10002a39 f i PINPad.obj
 0001:00001a5c       ?DAdvise@?$IDataObjectImpl@VCOPOSPINPad@@@ATL@@UAGJPAUtagFORMATETC@@KPAUIAdviseSink@@PAK@Z 10002a5c f i PINPad.obj
 0001:00001a9d       ?DUnadvise@?$IDataObjectImpl@VCOPOSPINPad@@@ATL@@UAGJK@Z 10002a9d f i PINPad.obj
 0001:00001acb       ?EnumDAdvise@?$IDataObjectImpl@VCOPOSPINPad@@@ATL@@UAGJPAPAUIEnumSTATDATA@@@Z 10002acb f i PINPad.obj
 0001:00001b0a       ?GetClassInfoW@?$IProvideClassInfo2Impl@$1?CLSID_OPOSPINPad@@3U_GUID@@B$1?DIID__IOPOSPINPadEvents@@3U2@B$1?LIBID_OposPINPad_CCO@@3U2@B$00$0A@VCComTypeInfoHolder@ATL@@@ATL@@UAGJPAPAUITypeInfo@@@Z 10002b0a f i PINPad.obj
 0001:00001b20       ?GetGUID@?$IProvideClassInfo2Impl@$1?CLSID_OPOSPINPad@@3U_GUID@@B$1?DIID__IOPOSPINPadEvents@@3U2@B$1?LIBID_OposPINPad_CCO@@3U2@B$00$0A@VCComTypeInfoHolder@ATL@@@ATL@@UAGJKPAU_GUID@@@Z 10002b20 f i PINPad.obj
 0001:00001b5e       __get_startup_argv_mode    10002b5e f i LIBCMT:argv_mode.obj
 0001:00001b5e       ?FAccessAllowed@?$IObjectSafetyImpl@VCOPOSPINPad@@$02@ATL@@MAEHXZ 10002b5e f i PINPad.obj
 0001:00001b62       ?GetInterfaceSafetyOptions@?$IObjectSafetyImpl@VCOPOSPINPad@@$02@ATL@@UAGJABU_GUID@@PAK1@Z 10002b62 f i PINPad.obj
 0001:00001bd6       ?SetInterfaceSafetyOptions@?$IObjectSafetyImpl@VCOPOSPINPad@@$02@ATL@@UAGJABU_GUID@@KK@Z 10002bd6 f i PINPad.obj
 0001:00001c50       ?_LocCPQueryInterface@?$IConnectionPointImpl@VCOPOSPINPad@@$1?DIID__IOPOSPINPadEvents@@3U_GUID@@BVCComDynamicUnkArray@ATL@@@ATL@@UAGJABU_GUID@@PAPAX@Z 10002c50 f i PINPad.obj
 0001:00001c50       ?_LocCPQueryInterface@?$IConnectionPointImpl@VCOPOSPINPad@@$1?IID_IPropertyNotifySink@@3U_GUID@@BVCComDynamicUnkArray@ATL@@@ATL@@UAGJABU_GUID@@PAPAX@Z 10002c50 f i PINPad.obj
 0001:00001c9d       ?GetConnectionInterface@?$IConnectionPointImpl@VCOPOSPINPad@@$1?IID_IPropertyNotifySink@@3U_GUID@@BVCComDynamicUnkArray@ATL@@@ATL@@UAGJPAU_GUID@@@Z 10002c9d f i PINPad.obj
 0001:00001cc1       ?GetConnectionPointContainer@?$IConnectionPointImpl@VCOPOSPINPad@@$1?IID_IPropertyNotifySink@@3U_GUID@@BVCComDynamicUnkArray@ATL@@@ATL@@UAGJPAPAUIConnectionPointContainer@@@Z 10002cc1 f i PINPad.obj
 0001:00001ce4       ?Advise@?$IConnectionPointImpl@VCOPOSPINPad@@$1?IID_IPropertyNotifySink@@3U_GUID@@BVCComDynamicUnkArray@ATL@@@ATL@@UAGJPAUIUnknown@@PAK@Z 10002ce4 f i PINPad.obj
 0001:00001ce4       ?Advise@?$IConnectionPointImpl@VCOPOSPINPad@@$1?DIID__IOPOSPINPadEvents@@3U_GUID@@BVCComDynamicUnkArray@ATL@@@ATL@@UAGJPAUIUnknown@@PAK@Z 10002ce4 f i PINPad.obj
 0001:00001d84       ?Unadvise@?$IConnectionPointImpl@VCOPOSPINPad@@$1?DIID__IOPOSPINPadEvents@@3U_GUID@@BVCComDynamicUnkArray@ATL@@@ATL@@UAGJK@Z 10002d84 f i PINPad.obj
 0001:00001d84       ?Unadvise@?$IConnectionPointImpl@VCOPOSPINPad@@$1?IID_IPropertyNotifySink@@3U_GUID@@BVCComDynamicUnkArray@ATL@@@ATL@@UAGJK@Z 10002d84 f i PINPad.obj
 0001:00001dc4       ?EnumConnections@?$IConnectionPointImpl@VCOPOSPINPad@@$1?DIID__IOPOSPINPadEvents@@3U_GUID@@BVCComDynamicUnkArray@ATL@@@ATL@@UAGJPAPAUIEnumConnections@@@Z 10002dc4 f i PINPad.obj
 0001:00001dc4       ?EnumConnections@?$IConnectionPointImpl@VCOPOSPINPad@@$1?IID_IPropertyNotifySink@@3U_GUID@@BVCComDynamicUnkArray@ATL@@@ATL@@UAGJPAPAUIEnumConnections@@@Z 10002dc4 f i PINPad.obj
 0001:00001ebf       ?GetObjectDescription@?$CComCoClass@VCOPOSPINPad@@$1?CLSID_OPOSPINPad@@3U_GUID@@B@ATL@@SGPB_WXZ 10002ebf f i PINPad.obj
 0001:00001ebf       ?GetCategoryMap@CComObjectRootBase@ATL@@SAPBU_ATL_CATMAP_ENTRY@2@XZ 10002ebf f i PINPad.obj
 0001:00001ec2       ?GetConnectionInterface@?$IConnectionPointImpl@VCOPOSPINPad@@$1?DIID__IOPOSPINPadEvents@@3U_GUID@@BVCComDynamicUnkArray@ATL@@@ATL@@UAGJPAU_GUID@@@Z 10002ec2 f i PINPad.obj
 0001:00001ee6       ?GetConnectionPointContainer@?$IConnectionPointImpl@VCOPOSPINPad@@$1?DIID__IOPOSPINPadEvents@@3U_GUID@@BVCComDynamicUnkArray@ATL@@@ATL@@UAGJPAPAUIConnectionPointContainer@@@Z 10002ee6 f i PINPad.obj
 0001:00001f09       ?UpdateRegistry@COPOSPINPad@@SGJH@Z 10002f09 f i PINPad.obj
 0001:00001f21       ?ProcessWindowMessage@COPOSPINPad@@UAEHPAUHWND__@@IIJAAJK@Z 10002f21 f i PINPad.obj
 0001:00001f6a       ?SOData@COPOSPINPad@@MAGJJ@Z 10002f6a f i PINPad.obj
 0001:00001fa3       ?Lock@CAtlModule@ATL@@UAEJXZ 10002fa3 f i PINPad.obj
 0001:00001fad       ?Unlock@CAtlModule@ATL@@UAEJXZ 10002fad f i PINPad.obj
 0001:00001fb7       ?GetLockCount@CAtlModule@ATL@@UAEJXZ 10002fb7 f i PINPad.obj
 0001:00001fbb       ?SODirectIO@COPOSPINPad@@MAGJJPAJPAPA_W@Z 10002fbb f i PINPad.obj
 0001:00002004       ?GetGITPtr@CAtlModule@ATL@@UAEJPAPAUIGlobalInterfaceTable@@@Z 10003004 f i PINPad.obj
 0001:00002050       ?SOError@COPOSPINPad@@MAGJJJJPAJ@Z 10003050 f i PINPad.obj
 0001:000020a5       ?SOStatusUpdate@COPOSPINPad@@MAGJJ@Z 100030a5 f i PINPad.obj
 0001:000020de       ?AddCommonRGSReplacements@?$CAtlModuleT@VCComModule@ATL@@@ATL@@UAEJPAUIRegistrarBase@@@Z 100030de f i PINPad.obj
 0001:000020f8       ?UpdateRegistryFromResourceD@CComModule@ATL@@UAGJIHPAU_ATL_REGMAP_ENTRY@2@@Z 100030f8 f i PINPad.obj
 0001:000020f8       ?UpdateRegistryFromResourceD@CComModule@ATL@@UAGJPB_WHPAU_ATL_REGMAP_ENTRY@2@@Z 100030f8 f i PINPad.obj
 0001:00002100       ?UpdateRegistryFromResource@CComModule@ATL@@UAGJPB_WHPAU_ATL_REGMAP_ENTRY@2@@Z 10003100 f i PINPad.obj
 0001:00002109       ?UpdateRegistryFromResource@CComModule@ATL@@UAGJIHPAU_ATL_REGMAP_ENTRY@2@@Z 10003109 f i PINPad.obj
 0001:00002112       ??_ECComModule@ATL@@UAEPAXI@Z 10003112 f i PINPad.obj
 0001:00002112       ??_GCComModule@ATL@@UAEPAXI@Z 10003112 f i PINPad.obj
 0001:0000213a       ?CreateInstance@?$CComCreator@V?$CComObjectCached@VCComClassFactory@ATL@@@ATL@@@ATL@@SGJPAXABU_GUID@@PAPAX@Z 1000313a f i PINPad.obj
 0001:000021da       ?CreateInstance@?$CComCreator2@V?$CComCreator@V?$CComObject@VCOPOSPINPad@@@ATL@@@ATL@@V?$CComCreator@V?$CComAggObject@VCOPOSPINPad@@@ATL@@@2@@ATL@@SGJPAXABU_GUID@@PAPAX@Z 100031da f i PINPad.obj
 0001:000021fa       ?AddRef@?$CComObjectCached@VCComClassFactory@ATL@@@ATL@@UAGKXZ 100031fa f i PINPad.obj
 0001:00002221       ?Release@?$CComObjectCached@VCComClassFactory@ATL@@@ATL@@UAGKXZ 10003221 f i PINPad.obj
 0001:00002257       ?QueryInterface@?$CComObjectCached@VCComClassFactory@ATL@@@ATL@@UAGJABU_GUID@@PAPAX@Z 10003257 f i PINPad.obj
 0001:00002271       ??_G?$CComObjectCached@VCComClassFactory@ATL@@@ATL@@UAEPAXI@Z 10003271 f i PINPad.obj
 0001:00002271       ??_E?$CComObjectCached@VCComClassFactory@ATL@@@ATL@@UAEPAXI@Z 10003271 f i PINPad.obj
 0001:00002293       ?Next@?$CComEnumImpl@UIEnumConnectionPoints@@$1?_GUID_b196b285_bab4_101a_b69c_00aa00341d07@@3U__s_GUID@@BPAUIConnectionPoint@@V?$_CopyInterface@UIConnectionPoint@@@ATL@@@ATL@@UAGJKPAPAUIConnectionPoint@@PAK@Z 10003293 f i PINPad.obj
 0001:0000236a       ?Skip@?$CComEnumImpl@UIEnumConnectionPoints@@$1?_GUID_b196b285_bab4_101a_b69c_00aa00341d07@@3U__s_GUID@@BPAUIConnectionPoint@@V?$_CopyInterface@UIConnectionPoint@@@ATL@@@ATL@@UAGJK@Z 1000336a f i PINPad.obj
 0001:00002397       ?Reset@?$CComEnumImpl@UIEnumConnections@@$1?_GUID_b196b287_bab4_101a_b69c_00aa00341d07@@3U__s_GUID@@BUtagCONNECTDATA@@V?$_Copy@UtagCONNECTDATA@@@ATL@@@ATL@@UAGJXZ 10003397 f i PINPad.obj
 0001:00002397       ?Reset@?$CComEnumImpl@UIEnumConnectionPoints@@$1?_GUID_b196b285_bab4_101a_b69c_00aa00341d07@@3U__s_GUID@@BPAUIConnectionPoint@@V?$_CopyInterface@UIConnectionPoint@@@ATL@@@ATL@@UAGJXZ 10003397 f i PINPad.obj
 0001:000023a9       ?Clone@?$CComEnumImpl@UIEnumConnectionPoints@@$1?_GUID_b196b285_bab4_101a_b69c_00aa00341d07@@3U__s_GUID@@BPAUIConnectionPoint@@V?$_CopyInterface@UIConnectionPoint@@@ATL@@@ATL@@UAGJPAPAUIEnumConnectionPoints@@@Z 100033a9 f i PINPad.obj
 0001:0000248a       ?AddRef@?$CComObject@V?$CComEnum@UIEnumConnections@@$1?_GUID_b196b287_bab4_101a_b69c_00aa00341d07@@3U__s_GUID@@BUtagCONNECTDATA@@V?$_Copy@UtagCONNECTDATA@@@ATL@@VCComSingleThreadModel@6@@ATL@@@ATL@@UAGKXZ 1000348a f i PINPad.obj
 0001:0000248a       ?AddRef@?$CComObject@V?$CComEnum@UIEnumConnectionPoints@@$1?_GUID_b196b285_bab4_101a_b69c_00aa00341d07@@3U__s_GUID@@BPAUIConnectionPoint@@V?$_CopyInterface@UIConnectionPoint@@@ATL@@VCComSingleThreadModel@6@@ATL@@@ATL@@UAGKXZ 1000348a f i PINPad.obj
 0001:0000249b       ?Release@?$CComObject@V?$CComEnum@UIEnumConnectionPoints@@$1?_GUID_b196b285_bab4_101a_b69c_00aa00341d07@@3U__s_GUID@@BPAUIConnectionPoint@@V?$_CopyInterface@UIConnectionPoint@@@ATL@@VCComSingleThreadModel@6@@ATL@@@ATL@@UAGKXZ 1000349b f i PINPad.obj
 0001:0000249b       ?Release@?$CComObject@V?$CComEnum@UIEnumConnections@@$1?_GUID_b196b287_bab4_101a_b69c_00aa00341d07@@3U__s_GUID@@BUtagCONNECTDATA@@V?$_Copy@UtagCONNECTDATA@@@ATL@@VCComSingleThreadModel@6@@ATL@@@ATL@@UAGKXZ 1000349b f i PINPad.obj
 0001:000024d7       ?QueryInterface@?$CComObject@V?$CComEnum@UIEnumConnectionPoints@@$1?_GUID_b196b285_bab4_101a_b69c_00aa00341d07@@3U__s_GUID@@BPAUIConnectionPoint@@V?$_CopyInterface@UIConnectionPoint@@@ATL@@VCComSingleThreadModel@6@@ATL@@@ATL@@UAGJABU_GUID@@PAPAX@Z 100034d7 f i PINPad.obj
 0001:000024f1       ??_E?$CComObject@V?$CComEnum@UIEnumConnectionPoints@@$1?_GUID_b196b285_bab4_101a_b69c_00aa00341d07@@3U__s_GUID@@BPAUIConnectionPoint@@V?$_CopyInterface@UIConnectionPoint@@@ATL@@VCComSingleThreadModel@6@@ATL@@@ATL@@UAEPAXI@Z 100034f1 f i PINPad.obj
 0001:000024f1       ??_G?$CComObject@V?$CComEnum@UIEnumConnectionPoints@@$1?_GUID_b196b285_bab4_101a_b69c_00aa00341d07@@3U__s_GUID@@BPAUIConnectionPoint@@V?$_CopyInterface@UIConnectionPoint@@@ATL@@VCComSingleThreadModel@6@@ATL@@@ATL@@UAEPAXI@Z 100034f1 f i PINPad.obj
 0001:00002513       ?AddRef@CRegObject@ATL@@UAGKXZ 10003513 f i PINPad.obj
 0001:00002519       ?AddReplacement@CRegObject@ATL@@UAGJPB_W0@Z 10003519 f i PINPad.obj
 0001:00002552       ?ClearReplacements@CRegObject@ATL@@UAGJXZ 10003552 f i PINPad.obj
 0001:00002564       ??_ECRegObject@ATL@@UAEPAXI@Z 10003564 f i PINPad.obj
 0001:00002564       ??_GCRegObject@ATL@@UAEPAXI@Z 10003564 f i PINPad.obj
 0001:00002586       ?AddRef@?$CComAggObject@VCOPOSPINPad@@@ATL@@UAGKXZ 10003586 f i PINPad.obj
 0001:00002597       ?Release@?$CComAggObject@VCOPOSPINPad@@@ATL@@UAGKXZ 10003597 f i PINPad.obj
 0001:000025d3       ?QueryInterface@?$CComAggObject@VCOPOSPINPad@@@ATL@@UAGJABU_GUID@@PAPAX@Z 100035d3 f i PINPad.obj
 0001:00002622       ?AddRef@?$CComContainedObject@VCOPOSPINPad@@@ATL@@UAGKXZ 10003622 f i PINPad.obj
 0001:00002638       ?Release@?$CComContainedObject@VCOPOSPINPad@@@ATL@@UAGKXZ 10003638 f i PINPad.obj
 0001:0000264e       ?QueryInterface@?$CComContainedObject@VCOPOSPINPad@@@ATL@@UAGJABU_GUID@@PAPAX@Z 1000364e f i PINPad.obj
 0001:00002669       ??_E?$CComAggObject@VCOPOSPINPad@@@ATL@@UAEPAXI@Z 10003669 f i PINPad.obj
 0001:00002669       ??_G?$CComAggObject@VCOPOSPINPad@@@ATL@@UAEPAXI@Z 10003669 f i PINPad.obj
 0001:0000268e       ?AddRef@?$CComObject@VCOPOSPINPad@@@ATL@@UAGKXZ 1000368e f i PINPad.obj
 0001:000026a5       ?Release@?$CComObject@VCOPOSPINPad@@@ATL@@UAGKXZ 100036a5 f i PINPad.obj
 0001:000026e7       ?QueryInterface@?$CComObject@VCOPOSPINPad@@@ATL@@UAGJABU_GUID@@PAPAX@Z 100036e7 f i PINPad.obj
 0001:00002701       ?OnDrawAdvanced@CComControlBase@ATL@@UAEJAAUATL_DRAWINFO@@@Z 10003701 f i PINPad.obj
 0001:000027f4       ?Next@?$CComEnumImpl@UIEnumConnections@@$1?_GUID_b196b287_bab4_101a_b69c_00aa00341d07@@3U__s_GUID@@BUtagCONNECTDATA@@V?$_Copy@UtagCONNECTDATA@@@ATL@@@ATL@@UAGJKPAUtagCONNECTDATA@@PAK@Z 100037f4 f i PINPad.obj
 0001:000028cb       ?Skip@?$CComEnumImpl@UIEnumConnections@@$1?_GUID_b196b287_bab4_101a_b69c_00aa00341d07@@3U__s_GUID@@BUtagCONNECTDATA@@V?$_Copy@UtagCONNECTDATA@@@ATL@@@ATL@@UAGJK@Z 100038cb f i PINPad.obj
 0001:000028f8       ?Clone@?$CComEnumImpl@UIEnumConnections@@$1?_GUID_b196b287_bab4_101a_b69c_00aa00341d07@@3U__s_GUID@@BUtagCONNECTDATA@@V?$_Copy@UtagCONNECTDATA@@@ATL@@@ATL@@UAGJPAPAUIEnumConnections@@@Z 100038f8 f i PINPad.obj
 0001:000029d9       ?QueryInterface@?$CComObject@V?$CComEnum@UIEnumConnections@@$1?_GUID_b196b287_bab4_101a_b69c_00aa00341d07@@3U__s_GUID@@BUtagCONNECTDATA@@V?$_Copy@UtagCONNECTDATA@@@ATL@@VCComSingleThreadModel@6@@ATL@@@ATL@@UAGJABU_GUID@@PAPAX@Z 100039d9 f i PINPad.obj
 0001:000029f3       ??_G?$CComObject@V?$CComEnum@UIEnumConnections@@$1?_GUID_b196b287_bab4_101a_b69c_00aa00341d07@@3U__s_GUID@@BUtagCONNECTDATA@@V?$_Copy@UtagCONNECTDATA@@@ATL@@VCComSingleThreadModel@6@@ATL@@@ATL@@UAEPAXI@Z 100039f3 f i PINPad.obj
 0001:000029f3       ??_E?$CComObject@V?$CComEnum@UIEnumConnections@@$1?_GUID_b196b287_bab4_101a_b69c_00aa00341d07@@3U__s_GUID@@BUtagCONNECTDATA@@V?$_Copy@UtagCONNECTDATA@@@ATL@@VCComSingleThreadModel@6@@ATL@@@ATL@@UAEPAXI@Z 100039f3 f i PINPad.obj
 0001:00002a15       ??$?4UITypeInfo2@@@?$CComPtr@UITypeInfo@@@ATL@@QAEPAUITypeInfo@@ABV?$CComPtr@UITypeInfo2@@@1@@Z 10003a15 f i PINPad.obj
 0001:00002a42       ??$AtlAdd@K@ATL@@YAJPAKKK@Z 10003a42 f i PINPad.obj
 0001:00002a65       ??$AtlAdd@_K@ATL@@YAJPA_K_K1@Z 10003a65 f i PINPad.obj
 0001:00002a9d       ??$AtlAddThrow@K@ATL@@YAKKK@Z 10003a9d f i PINPad.obj
 0001:00002ac3       ??$AtlModuleRegisterWndClassInfoT@VAtlModuleRegisterWndClassInfoParamW@ATL@@@ATL@@YAGPAU_ATL_BASE_MODULE70@0@PAU_ATL_WIN_MODULE70@0@PAU_ATL_WNDCLASSINFOW@0@PAP6GJPAUHWND__@@IIJ@ZVAtlModuleRegisterWndClassInfoParamW@0@@Z 10003ac3 f i PINPad.obj
 0001:00002c11       ??$AtlMultiply@H@ATL@@YAJPAHHH@Z 10003c11 f i PINPad.obj
 0001:00002c49       ??$AtlMultiply@K@ATL@@YAJPAKKK@Z 10003c49 f i PINPad.obj
 0001:00002c49       ??$AtlMultiply@I@ATL@@YAJPAIII@Z 10003c49 f i PINPad.obj
 0001:00002c6b       ??$AtlMultiplyThrow@I@ATL@@YAIII@Z 10003c6b f i PINPad.obj
 0001:00002c91       ??0?$CComAggObject@VCOPOSPINPad@@@ATL@@QAE@PAX@Z 10003c91 f i PINPad.obj
 0001:00002cbe       ??0?$CComContainedObject@VCOPOSPINPad@@@ATL@@QAE@PAX@Z 10003cbe f i PINPad.obj
 0001:00002d77       ??0?$CComObject@V?$CComEnum@UIEnumConnectionPoints@@$1?_GUID_b196b285_bab4_101a_b69c_00aa00341d07@@3U__s_GUID@@BPAUIConnectionPoint@@V?$_CopyInterface@UIConnectionPoint@@@ATL@@VCComSingleThreadModel@6@@ATL@@@ATL@@QAE@PAX@Z 10003d77 f i PINPad.obj
 0001:00002da5       ??0?$CComObject@V?$CComEnum@UIEnumConnections@@$1?_GUID_b196b287_bab4_101a_b69c_00aa00341d07@@3U__s_GUID@@BUtagCONNECTDATA@@V?$_Copy@UtagCONNECTDATA@@@ATL@@VCComSingleThreadModel@6@@ATL@@@ATL@@QAE@PAX@Z 10003da5 f i PINPad.obj
 0001:00002dd3       ??0?$CComObject@VCOPOSPINPad@@@ATL@@QAE@PAX@Z 10003dd3 f i PINPad.obj
 0001:00002e8a       ??0?$CComQIPtr@UIOleControlSite@@$1?_GUID_b196b289_bab4_101a_b69c_00aa00341d07@@3U__s_GUID@@B@ATL@@QAE@PAUIUnknown@@@Z 10003e8a f i PINPad.obj
 0001:00002eb3       ??0CAtlModule@ATL@@QAE@XZ  10003eb3 f i PINPad.obj
 0001:00002ef4       ??0CParseBuffer@CRegParser@ATL@@QAE@H@Z 10003ef4 f i PINPad.obj
 0001:00002f2a       ??0_ATL_MSG@ATL@@QAE@PAUHWND__@@IIJH@Z 10003f2a f i PINPad.obj
 0001:00002f62       ??1?$CComAggObject@VCOPOSPINPad@@@ATL@@UAE@XZ 10003f62 f i PINPad.obj
 0001:00002f86       ??1?$CComEnumImpl@UIEnumConnectionPoints@@$1?_GUID_b196b285_bab4_101a_b69c_00aa00341d07@@3U__s_GUID@@BPAUIConnectionPoint@@V?$_CopyInterface@UIConnectionPoint@@@ATL@@@ATL@@UAE@XZ 10003f86 f i PINPad.obj
 0001:00002fc6       ??1?$CComEnumImpl@UIEnumConnections@@$1?_GUID_b196b287_bab4_101a_b69c_00aa00341d07@@3U__s_GUID@@BUtagCONNECTDATA@@V?$_Copy@UtagCONNECTDATA@@@ATL@@@ATL@@UAE@XZ 10003fc6 f i PINPad.obj
 0001:00003006       ??1?$CComObject@V?$CComEnum@UIEnumConnectionPoints@@$1?_GUID_b196b285_bab4_101a_b69c_00aa00341d07@@3U__s_GUID@@BPAUIConnectionPoint@@V?$_CopyInterface@UIConnectionPoint@@@ATL@@VCComSingleThreadModel@6@@ATL@@@ATL@@UAE@XZ 10004006 f i PINPad.obj
 0001:00003029       ??1?$CComObject@V?$CComEnum@UIEnumConnections@@$1?_GUID_b196b287_bab4_101a_b69c_00aa00341d07@@3U__s_GUID@@BUtagCONNECTDATA@@V?$_Copy@UtagCONNECTDATA@@@ATL@@VCComSingleThreadModel@6@@ATL@@@ATL@@UAE@XZ 10004029 f i PINPad.obj
 0001:0000304c       ??1?$CComObject@VCOPOSPINPad@@@ATL@@UAE@XZ 1000404c f i PINPad.obj
 0001:0000310a       ??1?$CComObjectCached@VCComClassFactory@ATL@@@ATL@@UAE@XZ 1000410a f i PINPad.obj
 0001:00003120       ??1?$CComObjectRootEx@VCComMultiThreadModel@ATL@@@ATL@@QAE@XZ 10004120 f i PINPad.obj
 0001:00003135       ??1CRegObject@ATL@@UAE@XZ  10004135 f i PINPad.obj
 0001:00003155       ??4?$CComPtr@UIOleClientSite@@@ATL@@QAEPAUIOleClientSite@@PAU2@@Z 10004155 f i PINPad.obj
 0001:00003155       ??4?$CComPtr@UIUnknown@@@ATL@@QAEPAUIUnknown@@PAU2@@Z 10004155 f i PINPad.obj
 0001:00003155       ??4?$CComPtr@UIAdviseSink@@@ATL@@QAEPAUIAdviseSink@@PAU2@@Z 10004155 f i PINPad.obj
 0001:00003189       ??_E?$CComContainedObject@VCOPOSPINPad@@@ATL@@UAEPAXI@Z 10004189 f i PINPad.obj
 0001:00003189       ??_G?$CComContainedObject@VCOPOSPINPad@@@ATL@@UAEPAXI@Z 10004189 f i PINPad.obj
 0001:000031ae       ??_E?$CComObject@VCOPOSPINPad@@@ATL@@UAEPAXI@Z 100041ae f i PINPad.obj
 0001:000031ae       ??_G?$CComObject@VCOPOSPINPad@@@ATL@@UAEPAXI@Z 100041ae f i PINPad.obj
 0001:000031d3       ?Add@?$CSimpleArray@GV?$CSimpleArrayEqualHelper@G@ATL@@@ATL@@QAEHABG@Z 100041d3 f i PINPad.obj
 0001:00003257       ?Add@?$CSimpleMap@PA_WPA_WVCExpansionVectorEqualHelper@ATL@@@ATL@@QAEHABQA_W0@Z 10004257 f i PINPad.obj
 0001:000032ac       ?Add@CComDynamicUnkArray@ATL@@QAEKPAUIUnknown@@@Z 100042ac f i PINPad.obj
 0001:00003362       ?Add@CExpansionVector@ATL@@QAEHPB_W0@Z 10004362 f i PINPad.obj
 0001:0000346b       ?AddString@CParseBuffer@CRegParser@ATL@@QAEHPB_W@Z 1000446b f i PINPad.obj
 0001:000034a0       ?AddTermFunc@CAtlModule@ATL@@QAEJP6GXK@ZK@Z 100044a0 f i PINPad.obj
 0001:00003503       ?AddValue@CRegParser@ATL@@IAEJAAVCRegKey@2@PB_WPA_W@Z 10004503 f i PINPad.obj
 0001:0000381d       ?Allocate@?$CAtlSafeAllocBufferManager@VCCRTAllocator@ATL@@@_ATL_SAFE_ALLOCA_IMPL@ATL@@QAEPAXK@Z 1000481d f i PINPad.obj
 0001:0000384a       ?Allocate@?$CTempBuffer@E$0BAA@VCCRTAllocator@ATL@@@ATL@@QAEPAEI@Z 1000484a f i PINPad.obj
 0001:00003879       ?Allocate@?$CTempBuffer@_W$0BAA@VCCRTAllocator@ATL@@@ATL@@QAEPA_WI@Z 10004879 f i PINPad.obj
 0001:000038a8       ?Allocate@?$CTempBuffer@_W$0EAA@VCCRTAllocator@ATL@@@ATL@@QAEPA_WI@Z 100048a8 f i PINPad.obj
 0001:000038d7       ?AllocateHeap@?$CTempBuffer@_W$0BAA@VCCRTAllocator@ATL@@@ATL@@AAEXI@Z 100048d7 f i PINPad.obj
 0001:000038d7       ?AllocateHeap@?$CTempBuffer@E$0BAA@VCCRTAllocator@ATL@@@ATL@@AAEXI@Z 100048d7 f i PINPad.obj
 0001:000038d7       ?AllocateHeap@?$CTempBuffer@_W$0EAA@VCCRTAllocator@ATL@@@ATL@@AAEXI@Z 100048d7 f i PINPad.obj
 0001:000038fc       ?Append@CParseBuffer@CRegParser@ATL@@QAEHPB_WH@Z 100048fc f i PINPad.obj
 0001:0000398a       ?AtlCoTaskMemCAlloc@ATL@@YAPAXKK@Z 1000498a f i PINPad.obj
 0001:000039b7       ?AtlCoTaskMemRecalloc@ATL@@YAPAXPAXKK@Z 100049b7 f i PINPad.obj
 0001:000039e7       ?AtlComModuleGetClassObject@ATL@@YGJPAU_ATL_COM_MODULE70@1@ABU_GUID@@1PAPAX@Z 100049e7 f i PINPad.obj
 0001:00003ada       ?AtlComModuleRegisterServer@ATL@@YGJPAU_ATL_COM_MODULE70@1@HPBU_GUID@@@Z 10004ada f i PINPad.obj
 0001:00003b62       ?AtlComModuleUnregisterServer@ATL@@YGJPAU_ATL_COM_MODULE70@1@HPBU_GUID@@@Z 10004b62 f i PINPad.obj
 0001:00003bea       ?AtlComQIPtrAssign2@ATL@@YAXPAPAUIUnknown@@PAU2@ABU_GUID@@@Z 10004bea f i PINPad.obj
 0001:00003c19       ?AtlCreateTargetDC@ATL@@YGPAUHDC__@@PAU2@PAUtagDVTARGETDEVICE@@@Z 10004c19 f i PINPad.obj
 0001:00003c82       ?AtlCrtErrorCheck@ATL@@YAHH@Z 10004c82 f i PINPad.obj
 0001:00003cbd       ?AtlHiMetricToPixel@ATL@@YGXPBUtagSIZE@@PAU2@@Z 10004cbd f i PINPad.obj
 0001:00003d32       ?AtlHresultFromLastError@ATL@@YAJXZ 10004d32 f i PINPad.obj
 0001:00003d49       ?AtlHresultFromWin32@ATL@@YAJK@Z 10004d49 f i PINPad.obj
 0001:00003d5e       ?AtlInternalOleLoadFromStream@ATL@@YAJPAUIStream@@ABU_GUID@@PAPAXTClassesAllowedInStream@1@K@Z 10004d5e f i PINPad.obj
 0001:00003e7c       ?AtlInternalQueryInterface@ATL@@YGJPAXPBU_ATL_INTMAP_ENTRY@1@ABU_GUID@@PAPAX@Z 10004e7c f i PINPad.obj
 0001:00003f1f       ?AtlLoadTypeLib@ATL@@YGJPAUHINSTANCE__@@PB_WPAPA_WPAPAUITypeLib@@@Z 10004f1f f i PINPad.obj
 0001:000040fd       ?AtlRegisterClassCategoriesHelper@ATL@@YGJABU_GUID@@PBU_ATL_CATMAP_ENTRY@1@H@Z 100050fd f i PINPad.obj
 0001:000043f9       ?AtlRegisterTypeLib@ATL@@YGJPAUHINSTANCE__@@PB_W@Z 100053f9 f i PINPad.obj
 0001:00004581       ?AtlThrowImpl@ATL@@YGXJ@Z  10005581 f i PINPad.obj
 0001:0000459f       ?AtlUnRegisterTypeLib@ATL@@YGJPAUHINSTANCE__@@PB_W@Z 1000559f f i PINPad.obj
 0001:0000464a       ?AtlWinModuleAddCreateWndData@ATL@@YGXPAU_ATL_WIN_MODULE70@1@PAU_AtlCreateWndData@1@PAX@Z 1000564a f i PINPad.obj
 0001:0000469e       ?AtlWinModuleExtractCreateWndData@ATL@@YGPAXPAU_ATL_WIN_MODULE70@1@@Z 1000569e f i PINPad.obj
 0001:00004701       ?AtlWinModuleRegisterClassExW@ATL@@YGGPAU_ATL_WIN_MODULE70@1@PBUtagWNDCLASSEXW@@@Z 10005701 f i PINPad.obj
 0001:00004740       ?CanForceRemoveKey@CRegParser@ATL@@IAEHPB_W@Z 10005740 f i PINPad.obj
 0001:0000476f       ?ChToByte@CRegParser@ATL@@KAE_W@Z 1000576f f i PINPad.obj
 0001:000047a2       ?Cleanup@CComTypeInfoHolder@ATL@@SGXK@Z 100057a2 f i PINPad.obj
 0001:000047d5       ?ClearReplacements@CExpansionVector@ATL@@QAEJXZ 100057d5 f i PINPad.obj
 0001:00004812       ?Close@CRegKey@ATL@@QAEJXZ 10005812 f i PINPad.obj
 0001:0000482c       ?CreateInstance@?$CComCreator@V?$CComAggObject@VCOPOSPINPad@@@ATL@@@ATL@@SGJPAXABU_GUID@@PAPAX@Z 1000582c f i PINPad.obj
 0001:000048a1       ?CreateInstance@?$CComCreator@V?$CComObject@VCOPOSPINPad@@@ATL@@@ATL@@SGJPAXABU_GUID@@PAPAX@Z 100058a1 f i PINPad.obj
 0001:00004921       ?CreateInstance@?$CComObject@V?$CComEnum@UIEnumConnectionPoints@@$1?_GUID_b196b285_bab4_101a_b69c_00aa00341d07@@3U__s_GUID@@BPAUIConnectionPoint@@V?$_CopyInterface@UIConnectionPoint@@@ATL@@VCComSingleThreadModel@6@@ATL@@@ATL@@SGJPAPAV12@@Z 10005921 f i PINPad.obj
 0001:0000496b       ?CreateInstance@?$CComObject@V?$CComEnum@UIEnumConnections@@$1?_GUID_b196b287_bab4_101a_b69c_00aa00341d07@@3U__s_GUID@@BUtagCONNECTDATA@@V?$_Copy@UtagCONNECTDATA@@@ATL@@VCComSingleThreadModel@6@@ATL@@@ATL@@SGJPAPAV12@@Z 1000596b f i PINPad.obj
 0001:000049b5       ?DefaultReflectionHandler@?$CWindowImplRoot@VCWindow@ATL@@@ATL@@SAHPAUHWND__@@IIJAAJ@Z 100059b5 f i PINPad.obj
 0001:00004a28       ?DeleteSubKey@CRegKey@ATL@@QAEJPB_W@Z 10005a28 f i PINPad.obj
 0001:00004aa1       ?DoEvent@COPOSPINPad@@IAEXIIJ@Z 10005aa1 f i PINPad.obj
 0001:00004b21       ?DoVerbHide@?$IOleObjectImpl@VCOPOSPINPad@@@ATL@@QAEJPBUtagRECT@@PAUHWND__@@@Z 10005b21 f i PINPad.obj
 0001:00004b57       ?DoVerbInPlaceActivate@?$IOleObjectImpl@VCOPOSPINPad@@@ATL@@QAEJPBUtagRECT@@PAUHWND__@@@Z 10005b57 f i PINPad.obj
 0001:00004b8a       ?DoVerbPrimary@?$IOleObjectImpl@VCOPOSPINPad@@@ATL@@QAEJPBUtagRECT@@PAUHWND__@@@Z 10005b8a f i PINPad.obj
 0001:00004c16       ?DoVerbProperties@CComControlBase@ATL@@QAEJPBUtagRECT@@PAUHWND__@@@Z 10005c16 f i PINPad.obj
 0001:00004d95       ?DoVerbUIActivate@?$IOleObjectImpl@VCOPOSPINPad@@@ATL@@QAEJPBUtagRECT@@PAUHWND__@@@Z 10005d95 f i PINPad.obj
 0001:00004dd2       ?DoesVerbActivate@CComControlBase@ATL@@QAEHJ@Z 10005dd2 f i PINPad.obj
 0001:00004df3       ?DoesVerbUIActivate@CComControlBase@ATL@@QAEHJ@Z 10005df3 f i PINPad.obj
 0001:00004e28       ?EndOfVar@CRegParser@ATL@@IAEHXZ 10005e28 f i PINPad.obj
 0001:00004e48       ?EscapeSingleQuote@CAtlModule@ATL@@SAXPA_WIPB_W@Z 10005e48 f i PINPad.obj
 0001:00004e97       ?FindKey@?$CSimpleMap@PA_WPA_WVCExpansionVectorEqualHelper@ATL@@@ATL@@QBEHABQA_W@Z 10005e97 f i PINPad.obj
 0001:00004ece       ?FireTheEvent@?$CProxy_IOPOSEvents@VCOPOSPINPad@@@@IAEXPAVOposVariant@@IAAJPB_WJ@Z 10005ece f i PINPad.obj
 0001:00004f60       ?FireViewChange@CComControlBase@ATL@@QAEJXZ 10005f60 f i PINPad.obj
 0001:00004fa9       ?Fire_DataEvent@?$CProxy_IOPOSEvents@VCOPOSPINPad@@@@QAEXJ@Z 10005fa9 f i PINPad.obj
 0001:0000503f       ?Fire_DirectIOEvent@?$CProxy_IOPOSEvents@VCOPOSPINPad@@@@QAEXJPAJPAPA_W@Z 1000603f f i PINPad.obj
 0001:0000512b       ?Fire_ErrorEvent@?$CProxy_IOPOSEvents@VCOPOSPINPad@@@@QAEXJJJPAJ@Z 1000612b f i PINPad.obj
 0001:0000521c       ?Fire_StatusUpdateEvent@?$CProxy_IOPOSEvents@VCOPOSPINPad@@@@QAEXJ@Z 1000621c f i PINPad.obj
 0001:000052b2       ?FreeHeap@?$CTempBuffer@_W$0BAA@VCCRTAllocator@ATL@@@ATL@@AAEXXZ 100062b2 f i PINPad.obj
 0001:000052b2       ?FreeHeap@?$CTempBuffer@E$0BAA@VCCRTAllocator@ATL@@@ATL@@AAEXXZ 100062b2 f i PINPad.obj
 0001:000052b2       ?FreeHeap@?$CTempBuffer@_W$0EAA@VCCRTAllocator@ATL@@@ATL@@AAEXXZ 100062b2 f i PINPad.obj
 0001:000052bb       ?GetAmbientLocaleID@CComControlBase@ATL@@QAEJAAK@Z 100062bb f i PINPad.obj
 0001:00005317       ?GetAmbientUserMode@CComControlBase@ATL@@QAEJAAH@Z 10006317 f i PINPad.obj
 0001:00005387       ?GetAt@CComDynamicUnkArray@ATL@@QAEPAUIUnknown@@H@Z 10006387 f i PINPad.obj
 0001:000053a3       ?GetClassObject@CComModule@ATL@@QAEJABU_GUID@@0PAPAX@Z 100063a3 f i PINPad.obj
 0001:00005445       ?GetConnMap@COPOSPINPad@@SAPBU_ATL_CONNMAP_ENTRY@ATL@@PAH@Z 10006445 f i PINPad.obj
 0001:000054b5       ?GetCookie@CComDynamicUnkArray@ATL@@QAGKPAPAUIUnknown@@@Z 100064b5 f i PINPad.obj
 0001:000054ed       ?GetIDsOfNames@CComTypeInfoHolder@ATL@@QAEJABU_GUID@@PAPA_WIKPAJ@Z 100064ed f i PINPad.obj
 0001:00005614       ?GetKeyAt@?$CSimpleMap@PA_WPA_WVCExpansionVectorEqualHelper@ATL@@@ATL@@QBEAAPA_WH@Z 10006614 f i PINPad.obj
 0001:00005639       ?GetPagesHelper@?$ISpecifyPropertyPagesImpl@VCOPOSPINPad@@@ATL@@IAEJPAUtagCAUUID@@PBUATL_PROPMAP_ENTRY@2@@Z 10006639 f i PINPad.obj
 0001:00005760       ?GetProperty@?$CComPtr@UIDispatch@@@ATL@@SAJPAUIDispatch@@JPAUtagVARIANT@@@Z 10006760 f i PINPad.obj
 0001:000057af       ?GetSizeMax@CComVariant@ATL@@QBEJPAT_ULARGE_INTEGER@@@Z 100067af f i PINPad.obj
 0001:00005971       ?GetTI@CComTypeInfoHolder@ATL@@QAEJK@Z 10006971 f i PINPad.obj
 0001:00005b50       ?GetTI@CComTypeInfoHolder@ATL@@QAEJKPAPAUITypeInfo@@@Z 10006b50 f i PINPad.obj
 0001:00005b92       ?GetUnknown@CComDynamicUnkArray@ATL@@QAGPAUIUnknown@@K@Z 10006b92 f i PINPad.obj
 0001:00005bb3       ?GetValueAt@?$CSimpleMap@PA_WPA_WVCExpansionVectorEqualHelper@ATL@@@ATL@@QBEAAPA_WH@Z 10006bb3 f i PINPad.obj
 0001:00005bd9       ?GetZoomInfo@CComControlBase@ATL@@QAEXAAUATL_DRAWINFO@@@Z 10006bd9 f i PINPad.obj
 0001:00005c6c       ?HKeyFromString@CRegParser@ATL@@KAPAUHKEY__@@PA_W@Z 10006c6c f i PINPad.obj
 0001:00005c9a       ?HasSubKeys@CRegParser@ATL@@IAEHPAUHKEY__@@@Z 10006c9a f i PINPad.obj
 0001:00005ccf       ?IDataObject_GetData@CComControlBase@ATL@@QAEJPAUtagFORMATETC@@PAUtagSTGMEDIUM@@@Z 10006ccf f i PINPad.obj
 0001:00005e75       ?IOleInPlaceObject_InPlaceDeactivate@CComControlBase@ATL@@QAEJXZ 10006e75 f i PINPad.obj
 0001:00005efc       ?IOleInPlaceObject_SetObjectRects@CComControlBase@ATL@@QAEJPBUtagRECT@@0@Z 10006efc f i PINPad.obj
 0001:00005fc9       ?IOleInPlaceObject_UIDeactivate@CComControlBase@ATL@@QAEJXZ 10006fc9 f i PINPad.obj
 0001:0000608b       ?IOleObject_Advise@CComControlBase@ATL@@QAEJPAUIAdviseSink@@PAK@Z 1000708b f i PINPad.obj
 0001:000060b5       ?IOleObject_Close@CComControlBase@ATL@@QAEJK@Z 100070b5 f i PINPad.obj
 0001:00006199       ?IOleObject_GetClientSite@CComControlBase@ATL@@QAEJPAPAUIOleClientSite@@@Z 10007199 f i PINPad.obj
 0001:000061c2       ?IOleObject_SetClientSite@CComControlBase@ATL@@QAEJPAUIOleClientSite@@@Z 100071c2 f i PINPad.obj
 0001:00006201       ?IOleObject_SetExtent@CComControlBase@ATL@@QAEJKPAUtagSIZE@@@Z 10007201 f i PINPad.obj
 0001:000062b5       ?IPSI_GetIPersistStreamInit@?$IPersistStorageImpl@VCOPOSPINPad@@@ATL@@AAEPAUIPersistStreamInit@@XZ 100072b5 f i PINPad.obj
 0001:0000635d       ?IPersistStreamInit_Load@?$IPersistStreamInitImpl@VCOPOSPINPad@@@ATL@@QAEJPAUIStream@@PBUATL_PROPMAP_ENTRY@2@@Z 1000735d f i PINPad.obj
 0001:000065d2       ?IPersistStreamInit_Save@?$IPersistStreamInitImpl@VCOPOSPINPad@@@ATL@@QAEJPAUIStream@@HPBUATL_PROPMAP_ENTRY@2@@Z 100075d2 f i PINPad.obj
 0001:000067c0       ?IQuickActivate_QuickActivate@CComControlBase@ATL@@QAEJPAUtagQACONTAINER@@PAUtagQACONTROL@@@Z 100077c0 f i PINPad.obj
 0001:00006a02       ?IViewObject_Draw@CComControlBase@ATL@@QAEJKJPAXPAUtagDVTARGETDEVICE@@PAUHDC__@@2PBU_RECTL@@3@Z 10007a02 f i PINPad.obj
 0001:00006aaa       ?InPlaceActivate@CComControlBase@ATL@@QAEJJPBUtagRECT@@@Z 10007aaa f i PINPad.obj
 0001:00006d1b       ?Init@?$CComEnumImpl@UIEnumConnectionPoints@@$1?_GUID_b196b285_bab4_101a_b69c_00aa00341d07@@3U__s_GUID@@BPAUIConnectionPoint@@V?$_CopyInterface@UIConnectionPoint@@@ATL@@@ATL@@QAEJPAPAUIConnectionPoint@@0PAUIUnknown@@W4CComEnumFlags@2@@Z 10007d1b f i PINPad.obj
 0001:00006dfa       ?Init@?$CComEnumImpl@UIEnumConnections@@$1?_GUID_b196b287_bab4_101a_b69c_00aa00341d07@@3U__s_GUID@@BUtagCONNECTDATA@@V?$_Copy@UtagCONNECTDATA@@@ATL@@@ATL@@QAEJPAUtagCONNECTDATA@@0PAUIUnknown@@W4CComEnumFlags@2@@Z 10007dfa f i PINPad.obj
 0001:00006ed9       ?Init@CComModule@ATL@@QAEJPAU_ATL_OBJMAP_ENTRY30@2@PAUHINSTANCE__@@PBU_GUID@@@Z 10007ed9 f i PINPad.obj
 0001:00006f38       ?Init@CDynamicStdCallThunk2@ATL@@QAEHKPAX@Z 10007f38 f i PINPad.obj
 0001:00006f63       ?InlineIsEqualUnknown@ATL@@YGHABU_GUID@@@Z 10007f63 f i PINPad.obj
 0001:00006f8b       ?InternalSetAtIndex@?$CSimpleMap@PA_WPA_WVCExpansionVectorEqualHelper@ATL@@@ATL@@QAEXHABQA_W0@Z 10007f8b f i PINPad.obj
 0001:00006fb5       ?Invoke@CComTypeInfoHolder@ATL@@QAEJPAUIDispatch@@JABU_GUID@@KGPAUtagDISPPARAMS@@PAUtagVARIANT@@PAUtagEXCEPINFO@@PAI@Z 10007fb5 f i PINPad.obj
 0001:00006ff8       ?IsEqualObject@?$CComPtrBase@UIOleClientSite@@@ATL@@QAE_NPAUIUnknown@@@Z 10007ff8 f i PINPad.obj
 0001:00006ff8       ?IsEqualObject@?$CComPtrBase@UITypeInfo@@@ATL@@QAE_NPAUIUnknown@@@Z 10007ff8 f i PINPad.obj
 0001:00007065       ?IsSpace@CRegParser@ATL@@IAEH_W@Z 10008065 f i PINPad.obj
 0001:0000708f       ?LoadNameCache@CComTypeInfoHolder@ATL@@QAEJPAUITypeInfo@@@Z 1000808f f i PINPad.obj
 0001:000071c4       ?Lookup@?$CSimpleMap@PA_WPA_WVCExpansionVectorEqualHelper@ATL@@@ATL@@QBEPA_WABQA_W@Z 100081c4 f i PINPad.obj
 0001:000071ea       ?NextToken@CRegParser@ATL@@IAEJPA_W@Z 100081ea f i PINPad.obj
 0001:00007322       ?OnKillFocus@CComControlBase@ATL@@QAEJIIJAAH@Z 10008322 f i PINPad.obj
 0001:0000737d       ?OnMouseActivate@CComControlBase@ATL@@QAEJIIJAAH@Z 1000837d f i PINPad.obj
 0001:000073eb       ?OnPaint@CComControlBase@ATL@@QAEJIIJAAH@Z 100083eb f i PINPad.obj
 0001:0000749d       ?OnSetFocus@CComControlBase@ATL@@QAEJIIJAAH@Z 1000849d f i PINPad.obj
 0001:00007526       ?Open@CRegKey@ATL@@QAEJPAUHKEY__@@PB_WK@Z 10008526 f i PINPad.obj
 0001:0000757b       ?PreProcessBuffer@CRegParser@ATL@@QAEJPA_WPAPA_W@Z 1000857b f i PINPad.obj
 0001:000077ea       ?ProcessWindowMessage@?$CComControl@VCOPOSPINPad@@V?$CWindowImpl@VCOPOSPINPad@@VCWindow@ATL@@V?$CWinTraits@$0FGAAAAAA@$0A@@3@@ATL@@@ATL@@UAEHPAUHWND__@@IIJAAJK@Z 100087ea f i PINPad.obj
 0001:00007889       ?ReadFromStream@CComBSTR@ATL@@QAEJPAUIStream@@@Z 10008889 f i PINPad.obj
 0001:000079ac       ?ReadFromStream@CComVariant@ATL@@QAEJPAUIStream@@GTClassesAllowedInStream@2@K@Z 100089ac f i PINPad.obj
 0001:00007b36       ?RecurseDeleteKey@CRegKey@ATL@@QAEJPB_W@Z 10008b36 f i PINPad.obj
 0001:00007c24       ?RegCreateKeyExW@CAtlTransactionManager@ATL@@QAEJPAUHKEY__@@PB_WKPA_WKKQAU_SECURITY_ATTRIBUTES@@PAPAU3@PAK@Z 10008c24 f i PINPad.obj
 0001:00007c87       ?RegDeleteKeyW@CAtlTransactionManager@ATL@@QAEJPAUHKEY__@@PB_W@Z 10008c87 f i PINPad.obj
 0001:00007cd9       ?RegOpenKeyExW@CAtlTransactionManager@ATL@@QAEJPAUHKEY__@@PB_WKKPAPAU3@@Z 10008cd9 f i PINPad.obj
 0001:00007d30       ?Register@_ATL_WNDCLASSINFOW@ATL@@QAEGPAP6GJPAUHWND__@@IIJ@Z@Z 10008d30 f i PINPad.obj
 0001:00007d50       ?RegisterBuffer@CRegParser@ATL@@QAEJPA_WH@Z 10008d50 f i PINPad.obj
 0001:00007e97       ?RegisterFromResource@CRegObject@ATL@@IAEJPB_W00H@Z 10008e97 f i PINPad.obj
 0001:00007fcd       ?RegisterServer@?$CAtlModuleT@VCComModule@ATL@@@ATL@@QAEJHPBU_GUID@@@Z 10008fcd f i PINPad.obj
 0001:00007ffb       ?RegisterServer@CComModule@ATL@@QAEJHPBU_GUID@@@Z 10008ffb f i PINPad.obj
 0001:00008071       ?RegisterSubkeys@CRegParser@ATL@@IAEJPA_WPAUHKEY__@@HH@Z 10009071 f i PINPad.obj
 0001:0000871e       ?Remove@CComDynamicUnkArray@ATL@@QAEHK@Z 1000971e f i PINPad.obj
 0001:00008747       ?RemoveAll@?$CSimpleMap@PA_WPA_WVCExpansionVectorEqualHelper@ATL@@@ATL@@QAEXXZ 10009747 f i PINPad.obj
 0001:00008773       ?ResourceRegisterSz@CRegObject@ATL@@QAGJPB_W00@Z 10009773 f i PINPad.obj
 0001:000087a0       ?ResourceUnregisterSz@CRegObject@ATL@@QAGJPB_W00@Z 100097a0 f i PINPad.obj
 0001:000087cd       ?SendOnDataChange@CComControlBase@ATL@@QAEJK@Z 100097cd f i PINPad.obj
 0001:0000881a       ?SetControlFocus@CComControlBase@ATL@@QAEHH@Z 1000981a f i PINPad.obj
 0001:000088b7       ?SetMultiStringValue@CRegKey@ATL@@QAEJPB_W0@Z 100098b7 f i PINPad.obj
 0001:00008913       ?SetStringValue@CRegKey@ATL@@QAEJPB_W0K@Z 10009913 f i PINPad.obj
 0001:0000895c       ?SkipAssignment@CRegParser@ATL@@IAEJPA_W@Z 1000995c f i PINPad.obj
 0001:000089c1       ?SkipWhiteSpace@CRegParser@ATL@@IAEXXZ 100099c1 f i PINPad.obj
 0001:000089e3       ?StrChrW@CRegParser@ATL@@KAPA_WPA_W_W@Z 100099e3 f i PINPad.obj
 0001:00008a20       ?Term@CAtlModule@ATL@@QAEXXZ 10009a20 f i PINPad.obj
 0001:00008a73       ?Term@CComModule@ATL@@QAEXXZ 10009a73 f i PINPad.obj
 0001:00008acb       ?UnregisterServer@?$CAtlModuleT@VCComModule@ATL@@@ATL@@QAEJHPBU_GUID@@@Z 10009acb f i PINPad.obj
 0001:00008af1       ?UnregisterServer@CComModule@ATL@@QAEJHPBU_GUID@@@Z 10009af1 f i PINPad.obj
 0001:00008b67       ?UpdateRegistryFromResource@CAtlModule@ATL@@QAGJIHPAU_ATL_REGMAP_ENTRY@2@@Z 10009b67 f i PINPad.obj
 0001:00008d32       ?UpdateRegistryFromResource@CAtlModule@ATL@@QAGJPB_WHPAU_ATL_REGMAP_ENTRY@2@@Z 10009d32 f i PINPad.obj
 0001:00008f03       ?VTFromRegType@CRegParser@ATL@@KAHPB_WAAG@Z 10009f03 f i PINPad.obj
 0001:00008f70       ?WindowProc@?$CWindowImplBaseT@VCWindow@ATL@@V?$CWinTraits@$0FGAAAAAA@$0A@@2@@ATL@@SGJPAUHWND__@@IIJ@Z 10009f70 f i PINPad.obj
 0001:00009062       ?WriteToStream@CComBSTR@ATL@@QAEJPAUIStream@@@Z 1000a062 f i PINPad.obj
 0001:000090c4       ?WriteToStream@CComVariant@ATL@@QAEJPAUIStream@@@Z 1000a0c4 f i PINPad.obj
 0001:0000923e       ?WriteToStream@CComVariant@ATL@@QAEJPAUIStream@@G@Z 1000a23e f i PINPad.obj
 0001:000092a7       ?_AtlInitialConstruct@?$CComObjectRootEx@VCComMultiThreadModel@ATL@@@ATL@@QAEJXZ 1000a2a7 f i PINPad.obj
 0001:000092bc       ?_AtlVerifyStackAvailable@_ATL_SAFE_ALLOCA_IMPL@ATL@@YA_NK@Z 1000a2bc f i PINPad.obj
 0001:0000933a       ?atlCreate@?$CWindowImpl@VCOPOSPINPad@@VCWindow@ATL@@V?$CWinTraits@$0FGAAAAAA@$0A@@3@@ATL@@QAEPAUHWND__@@PAU3@V_U_RECT@2@PB_WKKV_U_MENUorID@2@PAX@Z 1000a33a f i PINPad.obj
 0001:0000937e       ?atlCreate@?$CWindowImplBaseT@VCWindow@ATL@@V?$CWinTraits@$0FGAAAAAA@$0A@@2@@ATL@@QAEPAUHWND__@@PAU3@V_U_RECT@2@PB_WKKV_U_MENUorID@2@GPAX@Z 1000a37e f i PINPad.obj
 0001:0000941a       ?copy@?$_Copy@UtagCONNECTDATA@@@ATL@@SAJPAUtagCONNECTDATA@@PBU3@@Z 1000a41a f i PINPad.obj
 0001:00009450       ?copy@?$_CopyInterface@UIConnectionPoint@@@ATL@@SAJPAPAUIConnectionPoint@@PBQAU3@@Z 1000a450 f i PINPad.obj
 0001:0000947e       ?memcpy_s@Checked@ATL@@YAXPAXIPBXI@Z 1000a47e f i PINPad.obj
 0001:0000949d       ?ocscpy_s@@YA_NPA_WIPB_W@Z 1000a49d f i PINPad.obj
 0001:000094e7       ?wcscpy_s@Checked@ATL@@YAXPA_WIPB_W@Z 1000a4e7 f i PINPad.obj
 0001:00009503       _DllCanUnloadNow@0         1000a503 f   PINPad.obj
 0001:0000950f       _DllGetClassObject@12      1000a50f f   PINPad.obj
 0001:0000951d       _DllMain@12                1000a51d f   PINPad.obj
 0001:0000955f       _DllRegisterServer@0       1000a55f f   PINPad.obj
 0001:0000956e       _DllUnregisterServer@0     1000a56e f   PINPad.obj
 0001:0000957d       _InlineIsEqualGUID         1000a57d f i PINPad.obj
 0001:000095ad       ___local_stdio_printf_options 1000a5ad f i PINPad.obj
 0001:000095b3       __vswprintf_s_l            1000a5b3 f i PINPad.obj
 0001:00009660       _swprintf_s                1000a660 f i PINPad.obj
 0001:0000967c       ??0?$CComControl@VCOPOSPINPad@@V?$CWindowImpl@VCOPOSPINPad@@VCWindow@ATL@@V?$CWinTraits@$0FGAAAAAA@$0A@@3@@ATL@@@ATL@@QAE@XZ 1000a67c f i PINPadImpl.obj
 0001:000096a3       ??0?$CProxy_IOPOSEvents@VCOPOSPINPad@@@@QAE@XZ 1000a6a3 f i PINPadImpl.obj
 0001:000096c3       ??0CComControlBase@ATL@@QAE@AAPAUHWND__@@@Z 1000a6c3 f i PINPadImpl.obj
 0001:0000970d       ??0COPOSPINPad@@QAE@XZ     1000a70d f   PINPadImpl.obj
 0001:00009743       ??1?$CComControl@VCOPOSPINPad@@V?$CWindowImpl@VCOPOSPINPad@@VCWindow@ATL@@V?$CWinTraits@$0FGAAAAAA@$0A@@3@@ATL@@@ATL@@UAE@XZ 1000a743 f i PINPadImpl.obj
 0001:0000975c       ??1?$IConnectionPointImpl@VCOPOSPINPad@@$1?DIID__IOPOSPINPadEvents@@3U_GUID@@BVCComDynamicUnkArray@ATL@@@ATL@@QAE@XZ 1000a75c f i PINPadImpl.obj
 0001:0000975c       ??1?$IConnectionPointImpl@VCOPOSPINPad@@$1?IID_IPropertyNotifySink@@3U_GUID@@BVCComDynamicUnkArray@ATL@@@ATL@@QAE@XZ 1000a75c f i PINPadImpl.obj
 0001:00009799       ??1CComControlBase@ATL@@UAE@XZ 1000a799 f i PINPadImpl.obj
 0001:000097fc       ??1COPOSPINPad@@UAE@XZ     1000a7fc f   PINPadImpl.obj
 0001:00009844       ?BeginEFTTransaction@COPOSPINPad@@UAGJPA_WJPAJ@Z 1000a844 f   PINPadImpl.obj
 0001:000098c0       ?CheckHealth@COPOSPINPad@@UAGJJPAJ@Z 1000a8c0 f   PINPadImpl.obj
 0001:0000990f       ?ClaimDevice@COPOSPINPad@@UAGJJPAJ@Z 1000a90f f   PINPadImpl.obj
 0001:00009984       ?ClearInput@COPOSPINPad@@UAGJPAJ@Z 1000a984 f   PINPadImpl.obj
 0001:0000999f       ?ClearInputProperties@COPOSPINPad@@UAGJPAJ@Z 1000a99f f   PINPadImpl.obj
 0001:000099ba       ?Close@COPOSPINPad@@UAGJPAJ@Z 1000a9ba f   PINPadImpl.obj
 0001:00009a28       ?CompareFirmwareVersion@COPOSPINPad@@UAGJPA_WPAJ1@Z 1000aa28 f   PINPadImpl.obj
 0001:00009aa8       ?ComputeMAC@COPOSPINPad@@UAGJPA_WPAPA_WPAJ@Z 1000aaa8 f   PINPadImpl.obj
 0001:00009b28       ?DirectIO@COPOSPINPad@@UAGJJPAJPAPA_W0@Z 1000ab28 f   PINPadImpl.obj
 0001:00009bd6       ?DoInvoke@COPOSPINPad@@IAEJJPAVOposVariant@@IHPAJ_N@Z 1000abd6 f   PINPadImpl.obj
 0001:00009cb2       ?EnablePINEntry@COPOSPINPad@@UAGJPAJ@Z 1000acb2 f   PINPadImpl.obj
 0001:00009ccd       ?EndEFTTransaction@COPOSPINPad@@UAGJJPAJ@Z 1000accd f   PINPadImpl.obj
 0001:00009d1c       ?EventClose@COPOSPINPad@@IAEXXZ 1000ad1c f i PINPadImpl.obj
 0001:00009d4f       ?EventInit@COPOSPINPad@@IAEJXZ 1000ad4f f i PINPadImpl.obj
 0001:00009e1b       ?EventUninit@COPOSPINPad@@IAEXXZ 1000ae1b f i PINPadImpl.obj
 0001:00009e6d       ?EventWindowProc@COPOSPINPad@@IAGJIIJ@Z 1000ae6d f i PINPadImpl.obj
 0001:00009f41       ?FinalConstruct@COPOSPINPad@@QAEJXZ 1000af41 f   PINPadImpl.obj
 0001:00009f7a       ?FireEventCleanup@COPOSPINPad@@IAEXXZ 1000af7a f i PINPadImpl.obj
 0001:00009f90       ?FireEventSetup@COPOSPINPad@@IAE_NXZ 1000af90 f i PINPadImpl.obj
 0001:00009fc4       ?FreezeEvents@COPOSPINPad@@MAGJH@Z 1000afc4 f   PINPadImpl.obj
 0001:0000a024       ?GetOposProp@COPOSPINPad@@IAEJJPAFJ@Z 1000b024 f   PINPadImpl.obj
 0001:0000a047       ?GetOposProp@COPOSPINPad@@IAEJJPAJJ@Z 1000b047 f   PINPadImpl.obj
 0001:0000a116       ?GetOposProp@COPOSPINPad@@IAEJJPAPA_WJ@Z 1000b116 f   PINPadImpl.obj
 0001:0000a1f2       ?OnDraw@COPOSPINPad@@MAEJAAUATL_DRAWINFO@@@Z 1000b1f2 f   PINPadImpl.obj
 0001:0000a292       ?Open@COPOSPINPad@@UAGJPA_WPAJ@Z 1000b292 f   PINPadImpl.obj
 0001:0000aad8       ?ReleaseDevice@COPOSPINPad@@UAGJPAJ@Z 1000bad8 f   PINPadImpl.obj
 0001:0000ab27       ?ResetStatistics@COPOSPINPad@@UAGJPA_WPAJ@Z 1000bb27 f   PINPadImpl.obj
 0001:0000ab7e       ?RetrieveStatistics@COPOSPINPad@@UAGJPAPA_WPAJ@Z 1000bb7e f   PINPadImpl.obj
 0001:0000abd5       ?SOProcessID@COPOSPINPad@@UAGJPAJ@Z 1000bbd5 f   PINPadImpl.obj
 0001:0000abe9       ?SetCOFreezeEvents@COPOSPINPad@@IAEXF@Z 1000bbe9 f   PINPadImpl.obj
 0001:0000ac89       ?SetOposProp@COPOSPINPad@@IAEJJJJ@Z 1000bc89 f   PINPadImpl.obj
 0001:0000ad80       ?SetOposProp@COPOSPINPad@@IAEJJPA_WJ@Z 1000bd80 f   PINPadImpl.obj
 0001:0000ae81       ?UpdateFirmware@COPOSPINPad@@UAGJPA_WPAJ@Z 1000be81 f   PINPadImpl.obj
 0001:0000aed8       ?UpdateKey@COPOSPINPad@@UAGJJPA_WPAJ@Z 1000bed8 f   PINPadImpl.obj
 0001:0000af54       ?UpdateStatistics@COPOSPINPad@@UAGJPA_WPAJ@Z 1000bf54 f   PINPadImpl.obj
 0001:0000afab       ?VerifyMAC@COPOSPINPad@@UAGJPA_WPAJ@Z 1000bfab f   PINPadImpl.obj
 0001:0000b002       ?get_AccountNumber@COPOSPINPad@@UAGJPAPA_W@Z 1000c002 f   PINPadImpl.obj
 0001:0000b01b       ?get_AdditionalSecurityInformation@COPOSPINPad@@UAGJPAPA_W@Z 1000c01b f   PINPadImpl.obj
 0001:0000b034       ?get_Amount@COPOSPINPad@@UAGJPATtagCY@@@Z 1000c034 f   PINPadImpl.obj
 0001:0000b0c5       ?get_AvailableLanguagesList@COPOSPINPad@@UAGJPAPA_W@Z 1000c0c5 f   PINPadImpl.obj
 0001:0000b0de       ?get_AvailablePromptsList@COPOSPINPad@@UAGJPAPA_W@Z 1000c0de f   PINPadImpl.obj
 0001:0000b0f7       ?get_BinaryConversion@COPOSPINPad@@UAGJPAJ@Z 1000c0f7 f   PINPadImpl.obj
 0001:0000b10d       ?get_CapCompareFirmwareVersion@COPOSPINPad@@UAGJPAF@Z 1000c10d f   PINPadImpl.obj
 0001:0000b126       ?get_CapDisplay@COPOSPINPad@@UAGJPAJ@Z 1000c126 f   PINPadImpl.obj
 0001:0000b13f       ?get_CapKeyboard@COPOSPINPad@@UAGJPAF@Z 1000c13f f   PINPadImpl.obj
 0001:0000b158       ?get_CapLanguage@COPOSPINPad@@UAGJPAJ@Z 1000c158 f   PINPadImpl.obj
 0001:0000b171       ?get_CapMACCalculation@COPOSPINPad@@UAGJPAF@Z 1000c171 f   PINPadImpl.obj
 0001:0000b18a       ?get_CapPowerReporting@COPOSPINPad@@UAGJPAJ@Z 1000c18a f   PINPadImpl.obj
 0001:0000b1a3       ?get_CapStatisticsReporting@COPOSPINPad@@UAGJPAF@Z 1000c1a3 f   PINPadImpl.obj
 0001:0000b1bc       ?get_CapTone@COPOSPINPad@@UAGJPAF@Z 1000c1bc f   PINPadImpl.obj
 0001:0000b1d5       ?get_CapUpdateFirmware@COPOSPINPad@@UAGJPAF@Z 1000c1d5 f   PINPadImpl.obj
 0001:0000b1ee       ?get_CapUpdateStatistics@COPOSPINPad@@UAGJPAF@Z 1000c1ee f   PINPadImpl.obj
 0001:0000b207       ?get_CheckHealthText@COPOSPINPad@@UAGJPAPA_W@Z 1000c207 f   PINPadImpl.obj
 0001:0000b220       ?get_Claimed@COPOSPINPad@@UAGJPAF@Z 1000c220 f   PINPadImpl.obj
 0001:0000b236       ?get_ControlObjectDescription@COPOSPINPad@@UAGJPAPA_W@Z 1000c236 f   PINPadImpl.obj
 0001:0000b284       ?get_ControlObjectVersion@COPOSPINPad@@UAGJPAJ@Z 1000c284 f   PINPadImpl.obj
 0001:0000b297       ?get_DataCount@COPOSPINPad@@UAGJPAJ@Z 1000c297 f   PINPadImpl.obj
 0001:0000b2ad       ?get_DataEventEnabled@COPOSPINPad@@UAGJPAF@Z 1000c2ad f   PINPadImpl.obj
 0001:0000b2c3       ?get_DeviceDescription@COPOSPINPad@@UAGJPAPA_W@Z 1000c2c3 f   PINPadImpl.obj
 0001:0000b2dc       ?get_DeviceEnabled@COPOSPINPad@@UAGJPAF@Z 1000c2dc f   PINPadImpl.obj
 0001:0000b2f2       ?get_DeviceName@COPOSPINPad@@UAGJPAPA_W@Z 1000c2f2 f   PINPadImpl.obj
 0001:0000b30b       ?get_EncryptedPIN@COPOSPINPad@@UAGJPAPA_W@Z 1000c30b f   PINPadImpl.obj
 0001:0000b324       ?get_FreezeEvents@COPOSPINPad@@UAGJPAF@Z 1000c324 f   PINPadImpl.obj
 0001:0000b33a       ?get_MaximumPINLength@COPOSPINPad@@UAGJPAJ@Z 1000c33a f   PINPadImpl.obj
 0001:0000b353       ?get_MerchantID@COPOSPINPad@@UAGJPAPA_W@Z 1000c353 f   PINPadImpl.obj
 0001:0000b36c       ?get_MinimumPINLength@COPOSPINPad@@UAGJPAJ@Z 1000c36c f   PINPadImpl.obj
 0001:0000b385       ?get_OpenResult@COPOSPINPad@@UAGJPAJ@Z 1000c385 f   PINPadImpl.obj
 0001:0000b39c       ?get_PINEntryEnabled@COPOSPINPad@@UAGJPAF@Z 1000c39c f   PINPadImpl.obj
 0001:0000b3b5       ?get_PowerNotify@COPOSPINPad@@UAGJPAJ@Z 1000c3b5 f   PINPadImpl.obj
 0001:0000b3cb       ?get_PowerState@COPOSPINPad@@UAGJPAJ@Z 1000c3cb f   PINPadImpl.obj
 0001:0000b3e1       ?get_Prompt@COPOSPINPad@@UAGJPAJ@Z 1000c3e1 f   PINPadImpl.obj
 0001:0000b3fa       ?get_PromptLanguage@COPOSPINPad@@UAGJPAJ@Z 1000c3fa f   PINPadImpl.obj
 0001:0000b413       ?get_ResultCode@COPOSPINPad@@UAGJPAJ@Z 1000c413 f   PINPadImpl.obj
 0001:0000b451       ?get_ResultCodeExtended@COPOSPINPad@@UAGJPAJ@Z 1000c451 f   PINPadImpl.obj
 0001:0000b467       ?get_ServiceObjectDescription@COPOSPINPad@@UAGJPAPA_W@Z 1000c467 f   PINPadImpl.obj
 0001:0000b480       ?get_ServiceObjectVersion@COPOSPINPad@@UAGJPAJ@Z 1000c480 f   PINPadImpl.obj
 0001:0000b496       ?get_State@COPOSPINPad@@UAGJPAJ@Z 1000c496 f   PINPadImpl.obj
 0001:0000b4c2       ?get_TerminalID@COPOSPINPad@@UAGJPAPA_W@Z 1000c4c2 f   PINPadImpl.obj
 0001:0000b4db       ?get_Track1Data@COPOSPINPad@@UAGJPAPA_W@Z 1000c4db f   PINPadImpl.obj
 0001:0000b4f4       ?get_Track2Data@COPOSPINPad@@UAGJPAPA_W@Z 1000c4f4 f   PINPadImpl.obj
 0001:0000b50d       ?get_Track3Data@COPOSPINPad@@UAGJPAPA_W@Z 1000c50d f   PINPadImpl.obj
 0001:0000b526       ?get_Track4Data@COPOSPINPad@@UAGJPAPA_W@Z 1000c526 f   PINPadImpl.obj
 0001:0000b53f       ?get_TransactionType@COPOSPINPad@@UAGJPAJ@Z 1000c53f f   PINPadImpl.obj
 0001:0000b558       ?put_AccountNumber@COPOSPINPad@@UAGJPA_W@Z 1000c558 f   PINPadImpl.obj
 0001:0000b571       ?put_Amount@COPOSPINPad@@UAGJTtagCY@@@Z 1000c571 f   PINPadImpl.obj
 0001:0000b612       ?put_BinaryConversion@COPOSPINPad@@UAGJJ@Z 1000c612 f   PINPadImpl.obj
 0001:0000b628       ?put_DataEventEnabled@COPOSPINPad@@UAGJF@Z 1000c628 f   PINPadImpl.obj
 0001:0000b645       ?put_DeviceEnabled@COPOSPINPad@@UAGJF@Z 1000c645 f   PINPadImpl.obj
 0001:0000b662       ?put_FreezeEvents@COPOSPINPad@@UAGJF@Z 1000c662 f   PINPadImpl.obj
 0001:0000b6ae       ?put_MaximumPINLength@COPOSPINPad@@UAGJJ@Z 1000c6ae f   PINPadImpl.obj
 0001:0000b6c7       ?put_MerchantID@COPOSPINPad@@UAGJPA_W@Z 1000c6c7 f   PINPadImpl.obj
 0001:0000b6e0       ?put_MinimumPINLength@COPOSPINPad@@UAGJJ@Z 1000c6e0 f   PINPadImpl.obj
 0001:0000b6f9       ?put_PowerNotify@COPOSPINPad@@UAGJJ@Z 1000c6f9 f   PINPadImpl.obj
 0001:0000b70f       ?put_Prompt@COPOSPINPad@@UAGJJ@Z 1000c70f f   PINPadImpl.obj
 0001:0000b728       ?put_PromptLanguage@COPOSPINPad@@UAGJJ@Z 1000c728 f   PINPadImpl.obj
 0001:0000b741       ?put_TerminalID@COPOSPINPad@@UAGJPA_W@Z 1000c741 f   PINPadImpl.obj
 0001:0000b75a       ?put_Track1Data@COPOSPINPad@@UAGJPA_W@Z 1000c75a f   PINPadImpl.obj
 0001:0000b773       ?put_Track2Data@COPOSPINPad@@UAGJPA_W@Z 1000c773 f   PINPadImpl.obj
 0001:0000b78c       ?put_Track3Data@COPOSPINPad@@UAGJPA_W@Z 1000c78c f   PINPadImpl.obj
 0001:0000b7a5       ?put_Track4Data@COPOSPINPad@@UAGJPA_W@Z 1000c7a5 f   PINPadImpl.obj
 0001:0000b7be       ?put_TransactionType@COPOSPINPad@@UAGJJ@Z 1000c7be f   PINPadImpl.obj
 0001:0000b7d7       ?s_EventWindowProc@COPOSPINPad@@KGJPAUHWND__@@IIJ@Z 1000c7d7 f i PINPadImpl.obj
 0001:0000b829       ??_U@YAPAXI@Z              1000c829 f   LIBCMT:new_array.obj
 0001:0000b832       ??3@YAXPAXI@Z              1000c832 f   LIBCMT:delete_scalar_size.obj
 0001:0000b840       ??_V@YAXPAX@Z              1000c840 f   LIBCMT:delete_array.obj
 0001:0000b845       ??_V@YAXPAXI@Z             1000c845 f   LIBCMT:delete_array_size.obj
 0001:0000b897       ___scrt_acquire_startup_lock 1000c897 f   LIBCMT:utility.obj
 0001:0000b8c9       ___scrt_dllmain_after_initialize_c 1000c8c9 f   LIBCMT:utility.obj
 0001:0000b8f4       ___scrt_dllmain_before_initialize_c 1000c8f4 f   LIBCMT:utility.obj
 0001:0000b902       ___scrt_dllmain_crt_thread_attach 1000c902 f   LIBCMT:utility.obj
 0001:0000b921       ___scrt_dllmain_crt_thread_detach 1000c921 f   LIBCMT:utility.obj
 0001:0000b92e       ___scrt_dllmain_exception_filter 1000c92e f   LIBCMT:utility.obj
 0001:0000b962       ___scrt_dllmain_uninitialize_c 1000c962 f   LIBCMT:utility.obj
 0001:0000b985       ___scrt_dllmain_uninitialize_critical 1000c985 f   LIBCMT:utility.obj
 0001:0000b992       ___scrt_initialize_crt     1000c992 f   LIBCMT:utility.obj
 0001:0000b9cb       ___scrt_initialize_onexit_tables 1000c9cb f   LIBCMT:utility.obj
 0001:0000ba52       ___scrt_is_nonwritable_in_current_image 1000ca52 f   LIBCMT:utility.obj
 0001:0000bae6       ___scrt_release_startup_lock 1000cae6 f   LIBCMT:utility.obj
 0001:0000bb03       ___scrt_uninitialize_crt   1000cb03 f   LIBCMT:utility.obj
 0001:0000bb2b       __onexit                   1000cb2b f   LIBCMT:utility.obj
 0001:0000bb58       _atexit                    1000cb58 f   LIBCMT:utility.obj
 0001:0000bb6d       ??3@YAXPAX@Z               1000cb6d f   LIBCMT:delete_scalar.obj
 0001:0000bc37       __Init_thread_footer       1000cc37 f   LIBCMT:thread_safe_statics.obj
 0001:0000bc81       __Init_thread_header       1000cc81 f   LIBCMT:thread_safe_statics.obj
 0001:0000bcd3       __Init_thread_notify       1000ccd3 f   LIBCMT:thread_safe_statics.obj
 0001:0000bd09       __Init_thread_wait         1000cd09 f   LIBCMT:thread_safe_statics.obj
 0001:0000bd57       ___raise_securityfailure   1000cd57 f   LIBCMT:gs_report.obj
 0001:0000bd7f       ___report_gsfailure        1000cd7f f   LIBCMT:gs_report.obj
 0001:0000be78       ___report_rangecheckfailure 1000ce78 f   LIBCMT:gs_report.obj
 0001:0000be84       ___report_securityfailure  1000ce84 f   LIBCMT:gs_report.obj
 0001:0000bf52       ??2@YAPAXIABUnothrow_t@std@@@Z 1000cf52 f   LIBCMT:new_scalar_nothrow.obj
 0001:0000bfa2       ??_U@YAPAXIABUnothrow_t@std@@@Z 1000cfa2 f   LIBCMT:new_array_nothrow.obj
 0001:0000bfab       @__security_check_cookie@4 1000cfab f   LIBCMT:secchk.obj
 0001:0000bfc0       __SEH_prolog4_GS           1000cfc0 f   LIBCMT:sehprolg4gs.obj
 0001:0000c009       __SEH_epilog4_GS           1000d009 f   LIBCMT:sehprolg4gs.obj
 0001:0000c020       __alloca_probe_16          1000d020 f   LIBCMT:alloca16.obj
 0001:0000c036       __alloca_probe_8           1000d036     LIBCMT:alloca16.obj
 0001:0000c050       __chkstk                   1000d050 f   LIBCMT:chkstk.obj
 0001:0000c050       __alloca_probe             1000d050 f   LIBCMT:chkstk.obj
 0001:0000c3bd       __DllMainCRTStartup@12     1000d3bd f   LIBCMT:dll_dllmain.obj
 0001:0000c3e0       ??2@YAPAXI@Z               1000d3e0 f   LIBCMT:new_scalar.obj
 0001:0000c410       ___isa_available_init      1000d410 f   LIBCMT:cpu_disp.obj
 0001:0000c5e0       ___scrt_is_ucrt_dll_in_use 1000d5e0 f   LIBCMT:ucrt_detection.obj
 0001:0000c5ec       ___scrt_fastfail           1000d5ec f   LIBCMT:utility_desktop.obj
 0001:0000c706       __crt_debugger_hook        1000d706 f   LIBCMT:utility_desktop.obj
 0001:0000c710       __SEH_prolog4              1000d710 f   LIBCMT:sehprolg4.obj
 0001:0000c756       __SEH_epilog4              1000d756 f   LIBCMT:sehprolg4.obj
 0001:0000c76b       @_guard_check_icall_nop@4  1000d76b f i LIBCMT:guard_support.obj
 0001:0000c7b9       ___security_init_cookie    1000d7b9 f   LIBCMT:gs_support.obj
 0001:0000c804       ?__scrt_initialize_type_info@@YAXXZ 1000d804 f   LIBCMT:tncleanup.obj
 0001:0000c810       ?__scrt_uninitialize_type_info@@YAXXZ 1000d810 f   LIBCMT:tncleanup.obj
 0001:0000c81c       ___local_stdio_scanf_options 1000d81c f i LIBCMT:default_local_stdio_options.obj
 0001:0000c822       ___scrt_initialize_default_local_stdio_options 1000d822 f   LIBCMT:default_local_stdio_options.obj
 0001:0000c83f       ___scrt_get_dyn_tls_init_callback 1000d83f f   LIBCMT:dyn_tls_init.obj
 0001:0000c845       __RTC_Initialize           1000d845 f   LIBCMT:initsect.obj
 0001:0000c871       __RTC_Terminate            1000d871 f   LIBCMT:initsect.obj
 0001:0000c89d       ??0bad_alloc@std@@QAE@ABV01@@Z 1000d89d f i LIBCMT:throw_bad_alloc.obj
 0001:0000c8b8       ??0bad_alloc@std@@QAE@XZ   1000d8b8 f i LIBCMT:throw_bad_alloc.obj
[...]
 0002:000031c8       ?strings@?1??fp_format_nan_or_infinity@@YAHW4__acrt_fp_class@@_NPADI1@Z@4QAY03QBDA 100231c8     libucrt:cvt.obj
 0002:00003710       ?_mb_locale_names@@3QBQB_WB 10023710     libucrt:mbctype.obj
 0002:00003f58       ?LcidToLocaleNameTable@?A0x881e4c05@@3QBULcidToLocaleName@1@B 10023f58     libucrt:lcidtoname_downlevel.obj
 0002:00005080       ?LocaleNameToIndexTable@?A0x881e4c05@@3QBULocaleNameIndex@1@B 10025080     libucrt:lcidtoname_downlevel.obj
 0002:000069c0       LOG_name                   100269c0     libucrt:log10_impl.obj
 0002:000069d0       _One                       100269d0     libucrt:ceil_pentium4.obj
 0002:000069e0       _Bns                       100269e0     libucrt:ceil_pentium4.obj
 0002:000069f0       _Zero                      100269f0     libucrt:ceil_pentium4.obj
 0002:00006a00       _S                         10026a00     libucrt:ceil_pentium4.obj
 0002:00006a10       _NegZero                   10026a10     libucrt:ceil_pentium4.obj
 0002:00006a20       emask                      10026a20     libucrt:log10_pentium4.obj
 0002:00006a30       CC                         10026a30     libucrt:log10_pentium4.obj
 0002:00006a40       Magic                      10026a40     libucrt:log10_pentium4.obj
 0002:00006a50       hi_mask                    10026a50     libucrt:log10_pentium4.obj
 0002:00006a60       LOG10_2                    10026a60     libucrt:log10_pentium4.obj
 0002:00006a70       place_L                    10026a70     libucrt:log10_pentium4.obj
 0002:00006a90       One                        10026a90     libucrt:log10_pentium4.obj
 0002:00006aa0       Zero                       10026aa0     libucrt:log10_pentium4.obj
 0002:00006ab0       Two52                      10026ab0     libucrt:log10_pentium4.obj
 0002:00006ac0       Infs                       10026ac0     libucrt:log10_pentium4.obj
 0002:00006ad0       NaN                        10026ad0     libucrt:log10_pentium4.obj
 0002:00006ae0       coeff                      10026ae0     libucrt:log10_pentium4.obj
 0002:00006b3e       _log2max                   10026b3e     libucrt:87tran.obj
 0002:00006b48       _smallarg                  10026b48     libucrt:87tran.obj
 0002:00006b52       _half                      10026b52     libucrt:87tran.obj
 0002:00006b9e       One                        10026b9e     libucrt:87disp.obj
 0002:00006ba6       Three                      10026ba6     libucrt:87disp.obj
 0002:00006bae       XAMtoTagTab                10026bae     libucrt:87disp.obj
 0002:00006bc0       One                        10026bc0     libucrt:common.obj
 0002:00006bd4       DblMax                     10026bd4     libucrt:common.obj
 0002:00006bdc       DblMin                     10026bdc     libucrt:common.obj
 0002:00006be4       IeeeAdjO                   10026be4     libucrt:common.obj
 0002:00006bec       IeeeAdjU                   10026bec     libucrt:common.obj
 0002:00006bf4       _infinity                  10026bf4     libucrt:common.obj
 0002:00006bfc       _zero                      10026bfc     libucrt:common.obj
 0002:00006c48       _over                      10026c48     libucrt:fpctrl.obj
 0002:00006c54       _under                     10026c54     libucrt:fpctrl.obj
 0002:00007488       ?_names@?1??_get_fname@@9@9 10027488     libucrt:fpexcept.obj
 0002:00007630       two32                      10027630     LIBCMT:ftol2.obj
 0002:00007634       two63                      10027634     LIBCMT:ftol2.obj
 0002:00007638       _NaN                       10027638     LIBCMT:ftol2.obj
 0002:00007cf0       __sehtable$?_AtlVerifyStackAvailable@_ATL_SAFE_ALLOCA_IMPL@ATL@@YA_NK@Z 10027cf0     PINPad.obj
 0002:00007d10       __sehtable$___scrt_is_nonwritable_in_current_image 10027d10     LIBCMT:utility.obj
 0002:00007d2c       __catchsym$??2@YAPAXIABUnothrow_t@std@@@Z$2 10027d2c     LIBCMT:new_scalar_nothrow.obj
 0002:00007d3c       __unwindtable$??2@YAPAXIABUnothrow_t@std@@@Z 10027d3c     LIBCMT:new_scalar_nothrow.obj
 0002:00007d4c       __tryblocktable$??2@YAPAXIABUnothrow_t@std@@@Z 10027d4c     LIBCMT:new_scalar_nothrow.obj
 0002:00007d60       __ehfuncinfo$??2@YAPAXIABUnothrow_t@std@@@Z 10027d60     LIBCMT:new_scalar_nothrow.obj
 0002:00007d88       __sehtable$?dllmain_crt_process_attach@@YAHQAUHINSTANCE__@@QAX@Z 10027d88     LIBCMT:dll_dllmain.obj
 0002:00007da8       __sehtable$?dllmain_crt_process_detach@@YAH_N@Z 10027da8     LIBCMT:dll_dllmain.obj
 0002:00007dd0       __sehtable$?dllmain_dispatch@@YAHQAUHINSTANCE__@@KQAX@Z 10027dd0     LIBCMT:dll_dllmain.obj
 0002:00007e80       __sehtable$___DestructExceptionObject 10027e80     libvcruntime:ehhelpers.obj
 0002:00007ea0       __sehtable$?FrameUnwindToState@__FrameHandler3@@SAXPAUEHRegistrationNode@@PAXPBU_s_FuncInfo@@H@Z 10027ea0     libvcruntime:frame.obj
 0002:00007ec8       __sehtable$?CallCatchBlock@@YAPAXPAUEHExceptionRecord@@PAUEHRegistrationNode@@PAU_CONTEXT@@PBU_s_FuncInfo@@PAXHK@Z 10027ec8     libvcruntime:frame.obj
 0002:00007ef0       __catchsym$?CallUnexpected@@YAXPBU_s_ESTypeList@@@Z$2 10027ef0     libvcruntime:frame.obj
 0002:00007f00       __unwindtable$?CallUnexpected@@YAXPBU_s_ESTypeList@@@Z 10027f00     libvcruntime:frame.obj
 0002:00007f10       __tryblocktable$?CallUnexpected@@YAXPBU_s_ESTypeList@@@Z 10027f10     libvcruntime:frame.obj
 0002:00007f24       __ehfuncinfo$?CallUnexpected@@YAXPBU_s_ESTypeList@@@Z 10027f24     libvcruntime:frame.obj
 0002:00007f48       __sehtable$??$BuildCatchObjectHelperInternal@V__FrameHandler3@@@@YAHPAUEHExceptionRecord@@PAXPBU_s_HandlerType@@PBU_s_CatchableType@@@Z 10027f48     libvcruntime:frame.obj
 0002:00007f68       __sehtable$??$BuildCatchObjectInternal@V__FrameHandler3@@@@YAXPAUEHExceptionRecord@@PAXPBU_s_HandlerType@@PBU_s_CatchableType@@@Z 10027f68     libvcruntime:frame.obj
 0002:00007fc0       __sehtable$??R<lambda_6e4b09c48022b2350581041d5f6b0c4c>@@QBE@XZ 10027fc0     libucrt:exit.obj
 0002:00007fe0       __sehtable$??$?RV<lambda_03b1d95aef87969028cfba75ccab2455>@@AAV<lambda_6e4b09c48022b2350581041d5f6b0c4c>@@V<lambda_22bdf7517842c4b3e53723af5aa32b9e>@@@?$__crt_seh_guarded_call@X@@QAEX$$QAV<lambda_03b1d95aef87969028cfba75ccab2455>@@AAV<lambda_6e4b09c48022b2350581041d5f6b0c4c>@@$$QAV<lambda_22bdf7517842c4b3e53723af5aa32b9e>@@@Z 10027fe0     libucrt:exit.obj
 0002:00008000       __sehtable$??$?RV<lambda_8e746cf0007f6ed984d6f78af1fec997>@@AAV<lambda_22ebabd17bc4fa466a2aca6d8deb888d>@@V<lambda_18ed0c0b38a6dc0daf1e7ac6d6adf05e>@@@?$__crt_seh_guarded_call@H@@QAEH$$QAV<lambda_8e746cf0007f6ed984d6f78af1fec997>@@AAV<lambda_22ebabd17bc4fa466a2aca6d8deb888d>@@$$QAV<lambda_18ed0c0b38a6dc0daf1e7ac6d6adf05e>@@@Z 10028000     libucrt:onexit.obj
 0002:00008020       __sehtable$??$?RV<lambda_69a2805e680e0e292e8ba93315fe43a8>@@AAV<lambda_f03950bc5685219e0bcd2087efbe011e>@@V<lambda_03fcd07e894ec930e3f35da366ca99d6>@@@?$__crt_seh_guarded_call@H@@QAEH$$QAV<lambda_69a2805e680e0e292e8ba93315fe43a8>@@AAV<lambda_f03950bc5685219e0bcd2087efbe011e>@@$$QAV<lambda_03fcd07e894ec930e3f35da366ca99d6>@@@Z 10028020     libucrt:onexit.obj
 0002:00008040       __sehtable$__query_new_handler 10028040     libucrt:new_handler.obj
 0002:00008060       __sehtable$_terminate      10028060     libucrt:terminate.obj
 0002:00008080       __sehtable$??$?RV<lambda_15ade71b0218206bbe3333a0c9b79046>@@AAV<lambda_da44e0f8b0f19ba52fefafb335991732>@@V<lambda_207f2d024fc103971653565357d6cd41>@@@?$__crt_seh_guarded_call@X@@QAEX$$QAV<lambda_15ade71b0218206bbe3333a0c9b79046>@@AAV<lambda_da44e0f8b0f19ba52fefafb335991732>@@$$QAV<lambda_207f2d024fc103971653565357d6cd41>@@@Z 10028080     libucrt:per_thread_data.obj
 0002:000080a0       __sehtable$??$?RV<lambda_a7e850c220f1c8d1e6efeecdedd162c6>@@AAV<lambda_46720907175c18b6c9d2717bc0d2d362>@@V<lambda_9048902d66e8d99359bc9897bbb930a8>@@@?$__crt_seh_guarded_call@X@@QAEX$$QAV<lambda_a7e850c220f1c8d1e6efeecdedd162c6>@@AAV<lambda_46720907175c18b6c9d2717bc0d2d362>@@$$QAV<lambda_9048902d66e8d99359bc9897bbb930a8>@@@Z 100280a0     libucrt:per_thread_data.obj
 0002:000080c0       __sehtable$??$?RV<lambda_38edbb1296d33220d7e4dd0ed76b244a>@@AAV<lambda_5ce1d447e08cb34b2473517608e21441>@@V<lambda_fb385d3da700c9147fc39e65dd577a8c>@@@?$__crt_seh_guarded_call@X@@QAEX$$QAV<lambda_38edbb1296d33220d7e4dd0ed76b244a>@@AAV<lambda_5ce1d447e08cb34b2473517608e21441>@@$$QAV<lambda_fb385d3da700c9147fc39e65dd577a8c>@@@Z 100280c0     libucrt:per_thread_data.obj
 0002:000080e0       __sehtable$??$?RV<lambda_6affb1475c98b40b75cdec977db92e3c>@@AAV<lambda_b8d4b9c228a6ecc3f80208dbb4b4a104>@@V<lambda_608742c3c92a14382c1684fc64f96c88>@@@?$__crt_seh_guarded_call@X@@QAEX$$QAV<lambda_6affb1475c98b40b75cdec977db92e3c>@@AAV<lambda_b8d4b9c228a6ecc3f80208dbb4b4a104>@@$$QAV<lambda_608742c3c92a14382c1684fc64f96c88>@@@Z 100280e0     libucrt:per_thread_data.obj
 0002:00008100       __sehtable$??$?RV<lambda_e5124f882df8998aaf41531e079ba474>@@AAV<lambda_3e16ef9562a7dcce91392c22ab16ea36>@@V<lambda_e25ca0880e6ef98be67edffd8c599615>@@@?$__crt_seh_guarded_call@X@@QAEX$$QAV<lambda_e5124f882df8998aaf41531e079ba474>@@AAV<lambda_3e16ef9562a7dcce91392c22ab16ea36>@@$$QAV<lambda_e25ca0880e6ef98be67edffd8c599615>@@@Z 10028100     libucrt:wsetlocale.obj
 0002:00008120       __sehtable$___acrt_initialize_lowio 10028120     libucrt:ioinit.obj
 0002:00008140       __sehtable$?update_thread_multibyte_data_internal@@YAPAU__crt_multibyte_data@@QAU__acrt_ptd@@QAPAU1@@Z 10028140     libucrt:mbctype.obj
 0002:00008160       __sehtable$??$?RV<lambda_ceb1ee4838e85a9d631eb091e2fbe199>@@AAV<lambda_ae742caa10f662c28703da3d2ea5e57e>@@V<lambda_cd08b5d6af4937fe54fc07d0c9bf6b37>@@@?$__crt_seh_guarded_call@X@@QAEX$$QAV<lambda_ceb1ee4838e85a9d631eb091e2fbe199>@@AAV<lambda_ae742caa10f662c28703da3d2ea5e57e>@@$$QAV<lambda_cd08b5d6af4937fe54fc07d0c9bf6b37>@@@Z 10028160     libucrt:mbctype.obj
 0002:00008180       __sehtable$_raise          10028180     libucrt:signal.obj
 0002:000081a0       __sehtable$??$?RV<lambda_cbab9ec6f41b0180b23cc171c22676b0>@@AAV<lambda_44731a7d0e6d81c3e6aa82d741081786>@@V<lambda_4b292cb8dd18144e164572427af410ab>@@@?$__crt_seh_guarded_call@P6AXH@Z@@QAEP6AXH@Z$$QAV<lambda_cbab9ec6f41b0180b23cc171c22676b0>@@AAV<lambda_44731a7d0e6d81c3e6aa82d741081786>@@$$QAV<lambda_4b292cb8dd18144e164572427af410ab>@@@Z 100281a0     libucrt:signal.obj
 0002:000081c0       __sehtable$??$?RV<lambda_2866be3712abc81a800a822484c830d8>@@AAV<lambda_39ca0ed439415581b5b15c265174cece>@@V<lambda_2b24c74d71094a6cd0cb82e44167d71b>@@@?$__crt_seh_guarded_call@X@@QAEX$$QAV<lambda_2866be3712abc81a800a822484c830d8>@@AAV<lambda_39ca0ed439415581b5b15c265174cece>@@$$QAV<lambda_2b24c74d71094a6cd0cb82e44167d71b>@@@Z 100281c0     libucrt:fflush.obj
 0002:000081e0       __sehtable$??$?RV<lambda_2cc53f568c5a2bb6f192f930a45d44ea>@@AAV<lambda_ab61a845afdef5b7c387490eaf3616ee>@@V<lambda_c2ffc0b7726aa6be21d5f0026187e748>@@@?$__crt_seh_guarded_call@X@@QAEX$$QAV<lambda_2cc53f568c5a2bb6f192f930a45d44ea>@@AAV<lambda_ab61a845afdef5b7c387490eaf3616ee>@@$$QAV<lambda_c2ffc0b7726aa6be21d5f0026187e748>@@@Z 100281e0     libucrt:fflush.obj
 0002:00008200       __sehtable$___acrt_update_thread_locale_data 10028200     libucrt:locale_refcounting.obj
 0002:00008220       __sehtable$__fcloseall     10028220     libucrt:closeall.obj
 0002:00008240       __sehtable$___acrt_lowio_ensure_fh_exists 10028240     libucrt:osfinfo.obj
 0002:00008260       __sehtable$??$?RV<lambda_9e9de3de5fa147e2223d7db92bc10aa6>@@AAV<lambda_38ce7e780aa69e748d6df282ebc68efe>@@V<lambda_8ca6da459f0f6780f1cff60fdc3d00e5>@@@?$__crt_seh_guarded_call@H@@QAEH$$QAV<lambda_9e9de3de5fa147e2223d7db92bc10aa6>@@AAV<lambda_38ce7e780aa69e748d6df282ebc68efe>@@$$QAV<lambda_8ca6da459f0f6780f1cff60fdc3d00e5>@@@Z 10028260     libucrt:commit.obj
 0002:00008280       __sehtable$__write         10028280     libucrt:write.obj
 0002:000082a0       __sehtable$_fclose         100282a0     libucrt:fclose.obj
 0002:000082c0       __sehtable$??$?RV<lambda_218ce3db14220d0be481dae8ef3383b6>@@AAV<lambda_628dfdc04ba53c8bfc02c9951375f3f5>@@V<lambda_57dc472bd5c9d5f3b2cbca59b8a843ae>@@@?$__crt_seh_guarded_call@H@@QAEH$$QAV<lambda_218ce3db14220d0be481dae8ef3383b6>@@AAV<lambda_628dfdc04ba53c8bfc02c9951375f3f5>@@$$QAV<lambda_57dc472bd5c9d5f3b2cbca59b8a843ae>@@@Z 100282c0     libucrt:close.obj
 0002:000082e0       __sehtable$___set_fpsr_sse2 100282e0     libucrt:fpctrl.obj
 0002:00008300       __sehtable$__IsNonwritableInCurrentImage 10028300     LIBCMT:pesect.obj
 0002:00008330       .edata                     10028330     OPOSPINPad.exp
 0002:00008358       rgpv                       10028358     OPOSPINPad.exp
 0002:00008368       rgszName                   10028368     OPOSPINPad.exp
 0002:00008378       rgwOrd                     10028378     OPOSPINPad.exp
 0002:00008380       szName                     10028380     OPOSPINPad.exp
 0002:0000838f       $N00001                    1002838f     OPOSPINPad.exp
 0002:0000839f       $N00002                    1002839f     OPOSPINPad.exp
 0002:000083b1       $N00003                    100283b1     OPOSPINPad.exp
 0002:000083c3       $N00004                    100283c3     OPOSPINPad.exp
 0002:000089d2       .idata$6                   100289d2     kernel32:KERNEL32.dll
 0002:00008be6       .idata$6                   10028be6     user32:USER32.dll
 0002:00008d1a       .idata$6                   10028d1a     gdi32:GDI32.dll
 0002:00008dc0       .idata$6                   10028dc0     advapi32:ADVAPI32.dll
 0002:00008edc       .idata$6                   10028edc     ole32:ole32.dll
 0002:00008ee6       .idata$6                   10028ee6     oleaut32:OLEAUT32.dll
 0003:00000110       ?ObjectMap@@3PAU_ATL_OBJMAP_ENTRY30@ATL@@A 1002a110     PINPad.obj
 0003:000001c0       ?s_SOMethodNames@@3PAPADA  1002a1c0     PINPadImpl.obj
 0003:0000022c       ?s_RequiredMethodsPerRelease@@3PAHA 1002a22c     PINPadImpl.obj
 0003:00000270       ?__vcrt_flsindex@@3KA      1002a270     libvcruntime:per_thread_data.obj
 0003:00000290       ?errno_no_memory@@3HA      1002a290     libucrt:errno.obj
 0003:00000294       ?doserrno_no_memory@@3KA   1002a294     libucrt:errno.obj
 0003:000002a0       ?__acrt_flsindex@@3KA      1002a2a0     libucrt:per_thread_data.obj
 0003:00000638       __mbctypes                 1002a638     libucrt:mbctype.obj
 0003:00000740       __mbcasemaps               1002a740     libucrt:mbctype.obj
 0003:00000840       ?__rgctypeflag@@3PADA      1002a840     libucrt:mbctype.obj
 0003:00000848       ?__rgcode_page_info@@3PAUcode_page_info@@A 1002a848     libucrt:mbctype.obj
 0003:00000aa0       ?__dcrt_lowio_console_output_handle@@3PAXA 1002aaa0     libucrt:initcon.obj
 0003:00000aa4       ?__DAZ_ENABLED@?1??__set_fpsr_sse2@@9@9 1002aaa4     libucrt:fpctrl.obj
 0003:00000c38       ?is_initialized_as_dll@@3_NA 1002ac38     LIBCMT:utility.obj
 0003:00000c39       ?module_local_atexit_table_initialized@@3_NA 1002ac39     LIBCMT:utility.obj
 0003:00000c3c       ?module_local_atexit_table@@3U_onexit_table_t@@A 1002ac3c     LIBCMT:utility.obj
 0003:00000c48       ?module_local_at_quick_exit_table@@3U_onexit_table_t@@A 1002ac48     LIBCMT:utility.obj
 0003:00000c54       ?g_tss_cv@@3U_RTL_CONDITION_VARIABLE@@A 1002ac54     LIBCMT:thread_safe_statics.obj
 0003:00000c58       ?g_tss_event@@3PAXA        1002ac58     LIBCMT:thread_safe_statics.obj
 0003:00000c5c       ?g_tss_mutex@@3U_RTL_CRITICAL_SECTION@@A 1002ac5c     LIBCMT:thread_safe_statics.obj
 0003:00000c74       ?g_sleep_condition_variable_cs@@3P6GHPAU_RTL_CONDITION_VARIABLE@@PAU_RTL_CRITICAL_SECTION@@K@ZA 1002ac74     LIBCMT:thread_safe_statics.obj
 0003:00000c78       ?g_wake_all_condition_variable@@3P6GXPAU_RTL_CONDITION_VARIABLE@@@ZA 1002ac78     LIBCMT:thread_safe_statics.obj
 0003:00000c80       _GS_ExceptionRecord        1002ac80     LIBCMT:gs_report.obj
 0003:00000cd0       _GS_ContextRecord          1002acd0     LIBCMT:gs_report.obj
 0003:00000fa0       ?__proc_attached@@3HA      1002afa0     LIBCMT:dll_dllmain.obj
 0003:00000ffc       ?AllocateData@@3P6GPAUAtlThunkData_t@@XZA 1002affc     atls:atlthunk.obj
 0003:00001000       ?InitData@@3P6GXPAUAtlThunkData_t@@PAXI@ZA 1002b000     atls:atlthunk.obj
 0003:00001004       ?DataToCode@@3P6GP6GJPAUHWND__@@IIJ@ZPAUAtlThunkData_t@@@ZA 1002b004     atls:atlthunk.obj
 0003:00001008       ?FreeData@@3P6GXPAUAtlThunkData_t@@@ZA 1002b008     atls:atlthunk.obj
 0003:0000100c       ?Initialized@@3_NA         1002b00c     atls:atlthunk.obj
 0003:0000101c       ?__vcrt_startup_thread_ptd@@3U__vcrt_ptd@@A 1002b01c     libvcruntime:per_thread_data.obj
 0003:00001044       ___vcrt_lock_table         1002b044     libvcruntime:locks.obj
 0003:0000105c       ___vcrt_locks_initialized  1002b05c     libvcruntime:locks.obj
 0003:00001088       ?heap@@3V_HeapManager@@A   1002b088     libvcruntime:undname.obj
 0003:0000109c       ?module_handles@@3PAPAUHINSTANCE__@@A 1002b09c     libvcruntime:winapi_downlevel.obj
 0003:000010a8       ?function_pointers@@3PAPAXA 1002b0a8     libvcruntime:winapi_downlevel.obj
 0003:000010bc       ?__acrt_invalid_parameter_handler@@3V?$dual_state_global@P6AXPB_W00II@Z@__crt_state_management@@A 1002b0bc     libucrt:invalid_parameter.obj
 0003:000010c0       ?c_termination_complete@@3JA 1002b0c0     libucrt:exit.obj
 0003:000010c4       ?thread_local_exit_callback_func@@3P6GXPAXK0@ZA 1002b0c4     libucrt:exit.obj
 0003:000010d0       ?program_name@?1???$common_configure_argv@D@@YAHW4_crt_argv_mode@@@Z@4PADA 1002b0d0     libucrt:argv_parsing.obj
 0003:00001200       ?__acrt_new_handler@@3V?$dual_state_global@P6AHI@Z@__crt_state_management@@A 1002b200     libucrt:new_handler.obj
 0003:00001208       ?module_handles@@3PAPAUHINSTANCE__@@A 1002b208     libucrt:winapi_thunks.obj
 0003:00001258       ?encoded_function_pointers@@3PAPAXA 1002b258     libucrt:winapi_thunks.obj
 0003:000012e0       ?internal_state@?1??_mbtowc_l@@9@4U_Mbstatet@@A 1002b2e0     libucrt:mbtowc.obj
 0003:000012f0       ?enable_percent_n@@3IA     1002b2f0     libucrt:printf_count_output.obj
 0003:00001510       ?__acrt_lock_table@@3PAU_RTL_CRITICAL_SECTION@@A 1002b510     libucrt:locks.obj
 0003:00001660       ?__acrt_locks_initialized@@3IA 1002b660     libucrt:locks.obj
 0003:00001670       ?fSystemSet@@3HA           1002b670     libucrt:mbctype.obj
 0003:00001674       ?initialized@?1??__acrt_initialize_multibyte@@9@4_NA 1002b674     libucrt:mbctype.obj
 0003:00001694       ?ctrlc_action@@3V?$dual_state_global@P6AXH@Z@__crt_state_management@@A 1002b694     libucrt:signal.obj
 0003:00001698       ?ctrlbreak_action@@3V?$dual_state_global@P6AXH@Z@__crt_state_management@@A 1002b698     libucrt:signal.obj
 0003:0000169c       ?abort_action@@3V?$dual_state_global@P6AXH@Z@__crt_state_management@@A 1002b69c     libucrt:signal.obj
 0003:000016a0       ?term_action@@3V?$dual_state_global@P6AXH@Z@__crt_state_management@@A 1002b6a0     libucrt:signal.obj
 0003:000016a4       ?user_matherr@@3V?$dual_state_global@P6AHPAU_exception@@@Z@__crt_state_management@@A 1002b6a4     libucrt:matherr.obj
 0003:000016a8       ?__acrt_global_new_mode@@3V?$dual_state_global@J@__crt_state_management@@A 1002b6a8     libucrt:new_mode.obj
 0003:000016b4       ?internal_pst@?1??__mbrtoc32_utf8@__crt_mbstring@@YAIPA_UPBDIPAU_Mbstatet@@@Z@4U3@A 1002b6b4     libucrt:mbrtoc32.obj
 0003:000016bc       ?__acrt_app_type@@3W4_crt_app_type@@A 1002b6bc     libucrt:report_runtime_error.obj
 0003:000016c4       __pmatherr_set             1002b6c4     libucrt:libm_error.obj
 0004:00000220       $R000000                   1002c220     PINPad.res
 0004:00000ba0       $R000980                   1002cba0     PINPad.res
 0004:00000c88       $R000A68                   1002cc88     PINPad.res
 0004:00000ef0       $R000CD0                   1002cef0     PINPad.res
 0004:00001438       $R001218                   1002d438     PINPad.res
 0004:00004c18       $R0049F8                   10030c18     PINPad.res
 0004:00004c48       $R004A28                   10030c48     PINPad.res
