 OPOSLights

 Timestamp is 5b863de0 (Wed Aug 29 15:32:00 2018)

 Preferred load address is 10000000

 Start         Length     Name                   Class
 0001:00000000 00000080H .text$di                CODE
 0001:00000080 0001cc5bH .text$mn                CODE
 0001:0001ccdb 00000051H .text$x                 CODE
 0001:0001cd2c 00000042H .text$yd                CODE
 0002:00000000 000002fcH .idata$5                DATA
 0002:000002fc 00000004H .00cfg                  DATA
 0002:00000300 00000004H .CRT$XCA                DATA
 0002:00000304 00000004H .CRT$XCL                DATA
 0002:00000308 00000010H .CRT$XCU                DATA
 0002:00000318 00000004H .CRT$XCZ                DATA
 0002:0000031c 00000004H .CRT$XIA                DATA
 0002:00000320 00000010H .CRT$XIC                DATA
 0002:00000330 00000004H .CRT$XIZ                DATA
 0002:00000334 00000004H .CRT$XLA                DATA
 0002:00000338 00000004H .CRT$XLZ                DATA
 0002:0000033c 00000004H .CRT$XPA                DATA
 0002:00000340 00000008H .CRT$XPX                DATA
 0002:00000348 00000004H .CRT$XPXA               DATA
 0002:0000034c 00000004H .CRT$XPZ                DATA
 0002:00000350 00000004H .CRT$XTA                DATA
 0002:00000354 0000000cH .CRT$XTZ                DATA
 0002:00000358 00000000H .gfids$y                DATA
 0002:00000360 00006c68H .rdata                  DATA
 0002:00006fc8 00000018H .rdata$T                DATA
 0002:00006fe0 00000180H .rdata$r                DATA
 0002:00007160 00000020H .rdata$sxdata           DATA
 0002:00007180 000003dcH .rdata$zzzdbg           DATA
 0002:0000755c 00000004H .rtc$IAA                DATA
 0002:00007560 00000004H .rtc$IZZ                DATA
 0002:00007564 00000004H .rtc$TAA                DATA
 0002:00007568 00000004H .rtc$TZZ                DATA
 0002:0000756c 00000004H .tls                    DATA
 0002:00007570 00000004H .tls$                   DATA
 0002:00007574 00000004H .tls$ZZZ                DATA
 0002:00007578 00000624H .xdata$x                DATA
 0002:00007b9c 00000004H ATL$__a                 DATA
 0002:00007ba0 00000010H ATL$__z                 DATA
 0002:00007bb0 000000a8H .edata                  DATA
 0002:00007c58 00000078H .idata$2                DATA
 0002:00007cd0 00000014H .idata$3                DATA
 0002:00007ce4 000002fcH .idata$4                DATA
 0002:00007fe0 00000bc0H .idata$6                DATA
 0003:00000000 00000970H .data                   DATA
 0003:00000970 00000098H .data$r                 DATA
 0003:00000a08 00000b68H .bss                    DATA
 0004:00000000 00000220H .rsrc$01                DATA
 0004:00000220 00003638H .rsrc$02                DATA

  Address         Publics by Value              Rva+Base       Lib:Object

 0000:00000000       ___guard_iat_count         00000000     <absolute>
 0000:00000000       ___guard_longjmp_count     00000000     <absolute>
 0000:00000000       ___guard_fids_count        00000000     <absolute>
 0000:00000000       ___guard_longjmp_table     00000000     <absolute>
 0000:00000000       ___hybrid_code_map_count   00000000     <absolute>
 0000:00000000       __except_list              00000000     <absolute>
 0000:00000000       ___hybrid_auxiliary_iat    00000000     <absolute>
 0000:00000000       ___guard_fids_table        00000000     <absolute>
 0000:00000000       ___dynamic_value_reloc_table 00000000     <absolute>
 0000:00000000       ___guard_iat_table         00000000     <absolute>
 0000:00000000       ___volatile_metadata       00000000     <absolute>
 0000:00000000       ___enclave_config          00000000     <absolute>
 0000:00000000       ___hybrid_code_map         00000000     <absolute>
 0000:00000008       ___safe_se_handler_count   00000008     <absolute>
 0000:0000002c       __tls_array                0000002c     <absolute>
 0000:00000100       ___guard_flags             00000100     <absolute>
 0000:00000000       ___ImageBase               10000000     <linker-defined>
 0001:00000080       ?DupWide@_CW@@AAEXXZ       10001080 f   CWString.obj
 0001:0000009c       ?cw_dup@@YGXPBDAAHAAPA_W1@Z 1000109c f   CWString.obj
 0001:0000010b       ?cw_memcpy@@YGHPA_WPBDH@Z  1000110b f   CWString.obj
 0001:00000137       ?cw_strcpy@@YAHPA_WPBD@Z   10001137 f   CWString.obj
 0001:0000014a       ?cw_strlen@@YAHPBD@Z       1000114a f   CWString.obj
 0001:00000163       ??0CAtlComModule@ATL@@QAE@XZ 10001163 f i OposVariant.obj
 0001:000001a8       ??0CAtlWinModule@ATL@@QAE@XZ 100011a8 f i OposVariant.obj
 0001:000001df       ??0OposDispParms@@QAE@PAVOposVariant@@H@Z 100011df f   OposVariant.obj
 0001:00000250       ??1OposDispParms@@QAE@XZ   10001250 f   OposVariant.obj
 0001:0000025e       ??A?$CSimpleArray@GV?$CSimpleArrayEqualHelper@G@ATL@@@ATL@@QAEAAGH@Z 1000125e f i OposVariant.obj
 0001:00000283       ??_Estringdispid@CComTypeInfoHolder@ATL@@QAEPAXI@Z 10001283 f i OposVariant.obj
 0001:000002ef       ?AtlWinModuleInit@ATL@@YGJPAU_ATL_WIN_MODULE70@1@@Z 100012ef f i OposVariant.obj
 0001:00000315       ?AtlWinModuleTerm@ATL@@YGJPAU_ATL_WIN_MODULE70@1@PAUHINSTANCE__@@@Z 10001315 f i OposVariant.obj
 0001:00000378       ?ChangeBSTR@OposVariant@@QAEXPAPA_WAAJ@Z 10001378 f   OposVariant.obj
 0001:000003b9       ?ChangeLONG@OposVariant@@QAEXPAJAAJ@Z 100013b9 f   OposVariant.obj
 0001:000003fa       ?GetLONG@OposVariant@@QAEJXZ 100013fa f   OposVariant.obj
 0001:00000415       ?Init@CComCriticalSection@ATL@@QAEJXZ 10001415 f i OposVariant.obj
 0001:0000043c       ?RemoveAll@?$CSimpleArray@GV?$CSimpleArrayEqualHelper@G@ATL@@@ATL@@QAEXXZ 1000143c f i OposVariant.obj
 0001:0000043c       ?RemoveAll@?$CSimpleArray@PAUHINSTANCE__@@V?$CSimpleArrayEqualHelper@PAUHINSTANCE__@@@ATL@@@ATL@@QAEXXZ 1000143c f i atls:atlbase.obj
 0001:00000459       ?SetBSTR@OposVariant@@QAEXPA_WAAJ@Z 10001459 f   OposVariant.obj
 0001:0000048d       ?SetBSTR_Copy@OposVariant@@QAEXPA_WAAJ@Z 1000148d f   OposVariant.obj
 0001:000004dd       ?SetBSTR_InOutPtr@OposVariant@@QAE_NPAPA_WAAJ@Z 100014dd f   OposVariant.obj
 0001:00000514       ?SetDispatch_Ptr@OposVariant@@QAEXPAUIDispatch@@AAJ@Z 10001514 f   OposVariant.obj
 0001:0000054f       ?SetLONG@OposVariant@@QAEXJ@Z 1000154f f   OposVariant.obj
 0001:00000571       ?SetLONG_Ptr@OposVariant@@QAEXPAJAAJ@Z 10001571 f   OposVariant.obj
 0001:000005a4       ?SetString@OposVariant@@QAEXPB_WAAJ@Z 100015a4 f   OposVariant.obj
 0001:000005ea       ?SetVARIANT_BOOL@OposVariant@@QAEXF@Z 100015ea f   OposVariant.obj
 0001:00000614       ?Term@CAtlComModule@ATL@@QAEXXZ 10001614 f i OposVariant.obj
 0001:0000065e       ?_AtlRaiseException@ATL@@YAXKK@Z 1000165e f i OposVariant.obj
 0001:00000673       ?OnWindowMessage@?$IOleInPlaceObjectWindowlessImpl@VCOPOSLights@@@ATL@@UAGJIIJPAJ@Z 10001673 f i Lights.obj
 0001:000006e3       ?GetDropTarget@?$IOleInPlaceObjectWindowlessImpl@VCOPOSLights@@@ATL@@UAGJPAPAUIDropTarget@@@Z 100016e3 f i Lights.obj
 0001:000006e3       ?SODataDummy@COPOSLights@@MAGJJ@Z 100016e3 f i Lights.obj
 0001:000006e3       ?ContextSensitiveHelp@?$IOleInPlaceObjectWindowlessImpl@VCOPOSLights@@@ATL@@UAGJH@Z 100016e3 f i Lights.obj
 0001:000006e3       ?SetColorScheme@?$IOleObjectImpl@VCOPOSLights@@@ATL@@UAGJPAUtagLOGPALETTE@@@Z 100016e3 f i Lights.obj
 0001:000006e3       ?GetControlInfo@?$IOleControlImpl@VCOPOSLights@@@ATL@@UAGJPAUtagCONTROLINFO@@@Z 100016e3 f i Lights.obj
 0001:000006e3       ?Unfreeze@?$IViewObjectExImpl@VCOPOSLights@@@ATL@@UAGJK@Z 100016e3 f i Lights.obj
 0001:000006e3       ?QueryGetData@?$IDataObjectImpl@VCOPOSLights@@@ATL@@UAGJPAUtagFORMATETC@@@Z 100016e3 f i Lights.obj
 0001:000006e3       ?OnMnemonic@?$IOleControlImpl@VCOPOSLights@@@ATL@@UAGJPAUtagMSG@@@Z 100016e3 f i Lights.obj
 0001:000006e3       ?SOOutputCompleteDummy@COPOSLights@@MAGJJ@Z 100016e3 f i Lights.obj
 0001:000006e3       ?ContextSensitiveHelp@?$IOleInPlaceActiveObjectImpl@VCOPOSLights@@@ATL@@UAGJH@Z 100016e3 f i Lights.obj
 0001:000006eb       ?EnumConnectionPoints@?$IConnectionPointContainerImpl@VCOPOSLights@@@ATL@@UAGJPAPAUIEnumConnectionPoints@@@Z 100016eb f i Lights.obj
 0001:00000865       ?FindConnectionPoint@?$IConnectionPointContainerImpl@VCOPOSLights@@@ATL@@UAGJABU_GUID@@PAPAUIConnectionPoint@@@Z 10001865 f i Lights.obj
 0001:00000908       ?GetUserClassID@?$IOleObjectImpl@VCOPOSLights@@@ATL@@UAGJPAU_GUID@@@Z 10001908 f i Lights.obj
 0001:00000908       ?GetClassID@?$IPersistStorageImpl@VCOPOSLights@@@ATL@@UAGJPAU_GUID@@@Z 10001908 f i Lights.obj
 0001:00000908       ?GetClassID@?$IPersistStreamInitImpl@VCOPOSLights@@@ATL@@UAGJPAU_GUID@@@Z 10001908 f i Lights.obj
 0001:0000092c       ?IsDirty@?$IPersistStorageImpl@VCOPOSLights@@@ATL@@UAGJXZ 1000192c f i Lights.obj
 0001:00000960       ?InitNew@?$IPersistStorageImpl@VCOPOSLights@@@ATL@@UAGJPAUIStorage@@@Z 10001960 f i Lights.obj
 0001:00000994       ?Load@?$IPersistStorageImpl@VCOPOSLights@@@ATL@@UAGJPAUIStorage@@@Z 10001994 f i Lights.obj
 0001:00000a00       ?Save@?$IPersistStorageImpl@VCOPOSLights@@@ATL@@UAGJPAUIStorage@@H@Z 10001a00 f i Lights.obj
 0001:00000a73       ?EnableModeless@?$IOleInPlaceActiveObjectImpl@VCOPOSLights@@@ATL@@UAGJH@Z 10001a73 f i Lights.obj
 0001:00000a73       ?SaveCompleted@?$IPersistStorageImpl@VCOPOSLights@@@ATL@@UAGJPAUIStorage@@@Z 10001a73 f i Lights.obj
 0001:00000a73       ?OnAmbientPropertyChange@?$IOleControlImpl@VCOPOSLights@@@ATL@@UAGJJ@Z 10001a73 f i Lights.obj
 0001:00000a73       ?OnFrameWindowActivate@?$IOleInPlaceActiveObjectImpl@VCOPOSLights@@@ATL@@UAGJH@Z 10001a73 f i Lights.obj
 0001:00000a78       ?Release@CRegObject@ATL@@UAGKXZ 10001a78 f i Lights.obj
 0001:00000a78       ?Update@?$IOleObjectImpl@VCOPOSLights@@@ATL@@UAGJXZ 10001a78 f i Lights.obj
 0001:00000a78       ?HandsOffStorage@?$IPersistStorageImpl@VCOPOSLights@@@ATL@@UAGJXZ 10001a78 f i Lights.obj
 0001:00000a78       ?IsUpToDate@?$IOleObjectImpl@VCOPOSLights@@@ATL@@UAGJXZ 10001a78 f i Lights.obj
 0001:00000a7d       ?GetPages@?$ISpecifyPropertyPagesImpl@VCOPOSLights@@@ATL@@UAGJPAUtagCAUUID@@@Z 10001a7d f i Lights.obj
 0001:00000a94       ?QuickActivate@?$IQuickActivateImpl@VCOPOSLights@@@ATL@@UAGJPAUtagQACONTAINER@@PAUtagQACONTROL@@@Z 10001a94 f i Lights.obj
 0001:00000ab7       ?SetContentExtent@?$IQuickActivateImpl@VCOPOSLights@@@ATL@@UAGJPAUtagSIZE@@@Z 10001ab7 f i Lights.obj
 0001:00000ae3       ?GetContentExtent@?$IQuickActivateImpl@VCOPOSLights@@@ATL@@UAGJPAUtagSIZE@@@Z 10001ae3 f i Lights.obj
 0001:00000b03       ?GetData@?$IDataObjectImpl@VCOPOSLights@@@ATL@@UAGJPAUtagFORMATETC@@PAUtagSTGMEDIUM@@@Z 10001b03 f i Lights.obj
 0001:00000b26       ?GetRect@?$IViewObjectExImpl@VCOPOSLights@@@ATL@@UAGJKPAU_RECTL@@@Z 10001b26 f i Lights.obj
 0001:00000b26       ?GetCanonicalFormatEtc@?$IDataObjectImpl@VCOPOSLights@@@ATL@@UAGJPAUtagFORMATETC@@0@Z 10001b26 f i Lights.obj
 0001:00000b26       ?QueryInterface@CRegObject@ATL@@UAGJABU_GUID@@PAPAX@Z 10001b26 f i Lights.obj
 0001:00000b26       ?GetClipboardData@?$IOleObjectImpl@VCOPOSLights@@@ATL@@UAGJKPAPAUIDataObject@@@Z 10001b26 f i Lights.obj
 0001:00000b26       ?SetMoniker@?$IOleObjectImpl@VCOPOSLights@@@ATL@@UAGJKPAUIMoniker@@@Z 10001b26 f i Lights.obj
 0001:00000b26       ?GetDataHere@?$IDataObjectImpl@VCOPOSLights@@@ATL@@UAGJPAUtagFORMATETC@@PAUtagSTGMEDIUM@@@Z 10001b26 f i Lights.obj
 0001:00000b26       ?EnumFormatEtc@?$IDataObjectImpl@VCOPOSLights@@@ATL@@UAGJKPAPAUIEnumFORMATETC@@@Z 10001b26 f i Lights.obj
 0001:00000b2e       ?InitFromData@?$IOleObjectImpl@VCOPOSLights@@@ATL@@UAGJPAUIDataObject@@HK@Z 10001b2e f i Lights.obj
 0001:00000b2e       ?GetMoniker@?$IOleObjectImpl@VCOPOSLights@@@ATL@@UAGJKKPAPAUIMoniker@@@Z 10001b2e f i Lights.obj
 0001:00000b2e       ?SetData@?$IDataObjectImpl@VCOPOSLights@@@ATL@@UAGJPAUtagFORMATETC@@PAUtagSTGMEDIUM@@H@Z 10001b2e f i Lights.obj
 0001:00000b36       ?DAdvise@?$IDataObjectImpl@VCOPOSLights@@@ATL@@UAGJPAUtagFORMATETC@@KPAUIAdviseSink@@PAK@Z 10001b36 f i Lights.obj
 0001:00000b77       ?DUnadvise@?$IDataObjectImpl@VCOPOSLights@@@ATL@@UAGJK@Z 10001b77 f i Lights.obj
 0001:00000ba5       ?EnumDAdvise@?$IDataObjectImpl@VCOPOSLights@@@ATL@@UAGJPAPAUIEnumSTATDATA@@@Z 10001ba5 f i Lights.obj
 0001:00000be4       ?GetClassInfoW@?$IProvideClassInfo2Impl@$1?CLSID_OPOSLights@@3U_GUID@@B$1?DIID__IOPOSLightsEvents@@3U2@B$1?LIBID_OposLights_CCO@@3U2@B$00$0A@VCComTypeInfoHolder@ATL@@@ATL@@UAGJPAPAUITypeInfo@@@Z 10001be4 f i Lights.obj
 0001:00000bfa       ?GetGUID@?$IProvideClassInfo2Impl@$1?CLSID_OPOSLights@@3U_GUID@@B$1?DIID__IOPOSLightsEvents@@3U2@B$1?LIBID_OposLights_CCO@@3U2@B$00$0A@VCComTypeInfoHolder@ATL@@@ATL@@UAGJKPAU_GUID@@@Z 10001bfa f i Lights.obj
 0001:00000c38       ?FAccessAllowed@?$IObjectSafetyImpl@VCOPOSLights@@$02@ATL@@MAEHXZ 10001c38 f i Lights.obj
 0001:00000c38       __get_startup_argv_mode    10001c38 f i LIBCMT:argv_mode.obj
 0001:00000c3c       ?GetInterfaceSafetyOptions@?$IObjectSafetyImpl@VCOPOSLights@@$02@ATL@@UAGJABU_GUID@@PAK1@Z 10001c3c f i Lights.obj
 0001:00000cb0       ?SetInterfaceSafetyOptions@?$IObjectSafetyImpl@VCOPOSLights@@$02@ATL@@UAGJABU_GUID@@KK@Z 10001cb0 f i Lights.obj
 0001:00000d2a       ?_LocCPQueryInterface@?$IConnectionPointImpl@VCOPOSLights@@$1?DIID__IOPOSLightsEvents@@3U_GUID@@BVCComDynamicUnkArray@ATL@@@ATL@@UAGJABU_GUID@@PAPAX@Z 10001d2a f i Lights.obj
 0001:00000d2a       ?_LocCPQueryInterface@?$IConnectionPointImpl@VCOPOSLights@@$1?IID_IPropertyNotifySink@@3U_GUID@@BVCComDynamicUnkArray@ATL@@@ATL@@UAGJABU_GUID@@PAPAX@Z 10001d2a f i Lights.obj
 0001:00000d77       ?GetConnectionInterface@?$IConnectionPointImpl@VCOPOSLights@@$1?IID_IPropertyNotifySink@@3U_GUID@@BVCComDynamicUnkArray@ATL@@@ATL@@UAGJPAU_GUID@@@Z 10001d77 f i Lights.obj
 0001:00000d9b       ?GetConnectionPointContainer@?$IConnectionPointImpl@VCOPOSLights@@$1?IID_IPropertyNotifySink@@3U_GUID@@BVCComDynamicUnkArray@ATL@@@ATL@@UAGJPAPAUIConnectionPointContainer@@@Z 10001d9b f i Lights.obj
 0001:00000dbe       ?Advise@?$IConnectionPointImpl@VCOPOSLights@@$1?IID_IPropertyNotifySink@@3U_GUID@@BVCComDynamicUnkArray@ATL@@@ATL@@UAGJPAUIUnknown@@PAK@Z 10001dbe f i Lights.obj
 0001:00000dbe       ?Advise@?$IConnectionPointImpl@VCOPOSLights@@$1?DIID__IOPOSLightsEvents@@3U_GUID@@BVCComDynamicUnkArray@ATL@@@ATL@@UAGJPAUIUnknown@@PAK@Z 10001dbe f i Lights.obj
 0001:00000e5f       ?Unadvise@?$IConnectionPointImpl@VCOPOSLights@@$1?DIID__IOPOSLightsEvents@@3U_GUID@@BVCComDynamicUnkArray@ATL@@@ATL@@UAGJK@Z 10001e5f f i Lights.obj
 0001:00000e5f       ?Unadvise@?$IConnectionPointImpl@VCOPOSLights@@$1?IID_IPropertyNotifySink@@3U_GUID@@BVCComDynamicUnkArray@ATL@@@ATL@@UAGJK@Z 10001e5f f i Lights.obj
 0001:00000e9f       ?EnumConnections@?$IConnectionPointImpl@VCOPOSLights@@$1?DIID__IOPOSLightsEvents@@3U_GUID@@BVCComDynamicUnkArray@ATL@@@ATL@@UAGJPAPAUIEnumConnections@@@Z 10001e9f f i Lights.obj
 0001:00000e9f       ?EnumConnections@?$IConnectionPointImpl@VCOPOSLights@@$1?IID_IPropertyNotifySink@@3U_GUID@@BVCComDynamicUnkArray@ATL@@@ATL@@UAGJPAPAUIEnumConnections@@@Z 10001e9f f i Lights.obj
 0001:00000fa5       ?GetObjectDescription@?$CComCoClass@VCOPOSLights@@$1?CLSID_OPOSLights@@3U_GUID@@B@ATL@@SGPB_WXZ 10001fa5 f i Lights.obj
 0001:00000fa5       ?GetCategoryMap@CComObjectRootBase@ATL@@SAPBU_ATL_CATMAP_ENTRY@2@XZ 10001fa5 f i Lights.obj
 0001:00000fa8       ?GetConnectionInterface@?$IConnectionPointImpl@VCOPOSLights@@$1?DIID__IOPOSLightsEvents@@3U_GUID@@BVCComDynamicUnkArray@ATL@@@ATL@@UAGJPAU_GUID@@@Z 10001fa8 f i Lights.obj
 0001:00000fcc       ?GetConnectionPointContainer@?$IConnectionPointImpl@VCOPOSLights@@$1?DIID__IOPOSLightsEvents@@3U_GUID@@BVCComDynamicUnkArray@ATL@@@ATL@@UAGJPAPAUIConnectionPointContainer@@@Z 10001fcc f i Lights.obj
 0001:00000fef       ?UpdateRegistry@COPOSLights@@SGJH@Z 10001fef f i Lights.obj
 0001:00001007       ?ProcessWindowMessage@COPOSLights@@UAEHPAUHWND__@@IIJAAJK@Z 10002007 f i Lights.obj
 0001:00001050       ?SODirectIO@COPOSLights@@MAGJJPAJPAPA_W@Z 10002050 f i Lights.obj
 0001:00001099       ?SOErrorDummy@COPOSLights@@MAGJJJJPAJ@Z 10002099 f i Lights.obj
 0001:00001099       ?Freeze@?$IViewObjectExImpl@VCOPOSLights@@@ATL@@UAGJKJPAXPAK@Z 10002099 f i Lights.obj
 0001:000010a1       ?SOStatusUpdate@COPOSLights@@MAGJJ@Z 100020a1 f i Lights.obj
 0001:000010da       ?CreateInstance@?$CComCreator@V?$CComObjectCached@VCComClassFactory@ATL@@@ATL@@@ATL@@SGJPAXABU_GUID@@PAPAX@Z 100020da f i Lights.obj
 0001:0000116d       ?CreateInstance@?$CComCreator2@V?$CComCreator@V?$CComObject@VCOPOSLights@@@ATL@@@ATL@@V?$CComCreator@V?$CComAggObject@VCOPOSLights@@@ATL@@@2@@ATL@@SGJPAXABU_GUID@@PAPAX@Z 1000216d f i Lights.obj
 0001:0000118d       ?AddRef@CRegObject@ATL@@UAGKXZ 1000218d f i Lights.obj
 0001:00001193       ?AddReplacement@CRegObject@ATL@@UAGJPB_W0@Z 10002193 f i Lights.obj
 0001:000011cc       ?ClearReplacements@CRegObject@ATL@@UAGJXZ 100021cc f i Lights.obj
 0001:000011de       ??_GCRegObject@ATL@@UAEPAXI@Z 100021de f i Lights.obj
 0001:000011de       ??_ECRegObject@ATL@@UAEPAXI@Z 100021de f i Lights.obj
 0001:00001200       ?Next@?$CComEnumImpl@UIEnumConnectionPoints@@$1?_GUID_b196b285_bab4_101a_b69c_00aa00341d07@@3U__s_GUID@@BPAUIConnectionPoint@@V?$_CopyInterface@UIConnectionPoint@@@ATL@@@ATL@@UAGJKPAPAUIConnectionPoint@@PAK@Z 10002200 f i Lights.obj
 0001:000012d7       ?Skip@?$CComEnumImpl@UIEnumConnectionPoints@@$1?_GUID_b196b285_bab4_101a_b69c_00aa00341d07@@3U__s_GUID@@BPAUIConnectionPoint@@V?$_CopyInterface@UIConnectionPoint@@@ATL@@@ATL@@UAGJK@Z 100022d7 f i Lights.obj
 0001:00001304       ?Reset@?$CComEnumImpl@UIEnumConnectionPoints@@$1?_GUID_b196b285_bab4_101a_b69c_00aa00341d07@@3U__s_GUID@@BPAUIConnectionPoint@@V?$_CopyInterface@UIConnectionPoint@@@ATL@@@ATL@@UAGJXZ 10002304 f i Lights.obj
 0001:00001304       ?Reset@?$CComEnumImpl@UIEnumConnections@@$1?_GUID_b196b287_bab4_101a_b69c_00aa00341d07@@3U__s_GUID@@BUtagCONNECTDATA@@V?$_Copy@UtagCONNECTDATA@@@ATL@@@ATL@@UAGJXZ 10002304 f i Lights.obj
 0001:00001316       ?Clone@?$CComEnumImpl@UIEnumConnectionPoints@@$1?_GUID_b196b285_bab4_101a_b69c_00aa00341d07@@3U__s_GUID@@BPAUIConnectionPoint@@V?$_CopyInterface@UIConnectionPoint@@@ATL@@@ATL@@UAGJPAPAUIEnumConnectionPoints@@@Z 10002316 f i Lights.obj
 0001:000013f5       ?AddRef@?$CComObject@V?$CComEnum@UIEnumConnections@@$1?_GUID_b196b287_bab4_101a_b69c_00aa00341d07@@3U__s_GUID@@BUtagCONNECTDATA@@V?$_Copy@UtagCONNECTDATA@@@ATL@@VCComSingleThreadModel@6@@ATL@@@ATL@@UAGKXZ 100023f5 f i Lights.obj
 0001:000013f5       ?AddRef@?$CComObject@V?$CComEnum@UIEnumConnectionPoints@@$1?_GUID_b196b285_bab4_101a_b69c_00aa00341d07@@3U__s_GUID@@BPAUIConnectionPoint@@V?$_CopyInterface@UIConnectionPoint@@@ATL@@VCComSingleThreadModel@6@@ATL@@@ATL@@UAGKXZ 100023f5 f i Lights.obj
 0001:00001406       ?Release@?$CComObject@V?$CComEnum@UIEnumConnectionPoints@@$1?_GUID_b196b285_bab4_101a_b69c_00aa00341d07@@3U__s_GUID@@BPAUIConnectionPoint@@V?$_CopyInterface@UIConnectionPoint@@@ATL@@VCComSingleThreadModel@6@@ATL@@@ATL@@UAGKXZ 10002406 f i Lights.obj
 0001:00001406       ?Release@?$CComObject@V?$CComEnum@UIEnumConnections@@$1?_GUID_b196b287_bab4_101a_b69c_00aa00341d07@@3U__s_GUID@@BUtagCONNECTDATA@@V?$_Copy@UtagCONNECTDATA@@@ATL@@VCComSingleThreadModel@6@@ATL@@@ATL@@UAGKXZ 10002406 f i Lights.obj
 0001:00001442       ?QueryInterface@?$CComObject@V?$CComEnum@UIEnumConnectionPoints@@$1?_GUID_b196b285_bab4_101a_b69c_00aa00341d07@@3U__s_GUID@@BPAUIConnectionPoint@@V?$_CopyInterface@UIConnectionPoint@@@ATL@@VCComSingleThreadModel@6@@ATL@@@ATL@@UAGJABU_GUID@@PAPAX@Z 10002442 f i Lights.obj
 0001:0000145c       ??_E?$CComObject@V?$CComEnum@UIEnumConnectionPoints@@$1?_GUID_b196b285_bab4_101a_b69c_00aa00341d07@@3U__s_GUID@@BPAUIConnectionPoint@@V?$_CopyInterface@UIConnectionPoint@@@ATL@@VCComSingleThreadModel@6@@ATL@@@ATL@@UAEPAXI@Z 1000245c f i Lights.obj
 0001:0000145c       ??_G?$CComObject@V?$CComEnum@UIEnumConnectionPoints@@$1?_GUID_b196b285_bab4_101a_b69c_00aa00341d07@@3U__s_GUID@@BPAUIConnectionPoint@@V?$_CopyInterface@UIConnectionPoint@@@ATL@@VCComSingleThreadModel@6@@ATL@@@ATL@@UAEPAXI@Z 1000245c f i Lights.obj
 0001:0000147e       ?AddRef@?$CComObjectCached@VCComClassFactory@ATL@@@ATL@@UAGKXZ 1000247e f i Lights.obj
 0001:000014a5       ?Release@?$CComObjectCached@VCComClassFactory@ATL@@@ATL@@UAGKXZ 100024a5 f i Lights.obj
 0001:000014db       ?QueryInterface@?$CComObjectCached@VCComClassFactory@ATL@@@ATL@@UAGJABU_GUID@@PAPAX@Z 100024db f i Lights.obj
 0001:000014f5       ??_G?$CComObjectCached@VCComClassFactory@ATL@@@ATL@@UAEPAXI@Z 100024f5 f i Lights.obj
 0001:000014f5       ??_E?$CComObjectCached@VCComClassFactory@ATL@@@ATL@@UAEPAXI@Z 100024f5 f i Lights.obj
 0001:00001517       ?AddRef@?$CComAggObject@VCOPOSLights@@@ATL@@UAGKXZ 10002517 f i Lights.obj
 0001:00001528       ?Release@?$CComAggObject@VCOPOSLights@@@ATL@@UAGKXZ 10002528 f i Lights.obj
 0001:00001564       ?QueryInterface@?$CComAggObject@VCOPOSLights@@@ATL@@UAGJABU_GUID@@PAPAX@Z 10002564 f i Lights.obj
 0001:000015b3       ?AddRef@?$CComContainedObject@VCOPOSLights@@@ATL@@UAGKXZ 100025b3 f i Lights.obj
 0001:000015c9       ?Release@?$CComContainedObject@VCOPOSLights@@@ATL@@UAGKXZ 100025c9 f i Lights.obj
 0001:000015df       ?QueryInterface@?$CComContainedObject@VCOPOSLights@@@ATL@@UAGJABU_GUID@@PAPAX@Z 100025df f i Lights.obj
 0001:000015fa       ??_E?$CComAggObject@VCOPOSLights@@@ATL@@UAEPAXI@Z 100025fa f i Lights.obj
 0001:000015fa       ??_G?$CComAggObject@VCOPOSLights@@@ATL@@UAEPAXI@Z 100025fa f i Lights.obj
 0001:0000161f       ?AddRef@?$CComObject@VCOPOSLights@@@ATL@@UAGKXZ 1000261f f i Lights.obj
 0001:00001636       ?Release@?$CComObject@VCOPOSLights@@@ATL@@UAGKXZ 10002636 f i Lights.obj
 0001:00001678       ?QueryInterface@?$CComObject@VCOPOSLights@@@ATL@@UAGJABU_GUID@@PAPAX@Z 10002678 f i Lights.obj
 0001:00001692       ?ObjectMain@CComObjectRootBase@ATL@@SGX_N@Z 10002692 f i Lights.obj
 0001:00001692       ?OnFinalMessage@?$CWindowImplBaseT@VCWindow@ATL@@V?$CWinTraits@$0FGAAAAAA@$0A@@2@@ATL@@UAEXPAUHWND__@@@Z 10002692 f i Lights.obj
 0001:00001695       ?OnDrawAdvanced@CComControlBase@ATL@@UAEJAAUATL_DRAWINFO@@@Z 10002695 f i Lights.obj
 0001:00001784       ?CreateInstance@CComClassFactory@ATL@@UAGJPAUIUnknown@@ABU_GUID@@PAPAX@Z 10002784 f i Lights.obj
 0001:000017c2       ?LockServer@CComClassFactory@ATL@@UAGJH@Z 100027c2 f i Lights.obj
 0001:000017e1       ??_ECComClassFactory@ATL@@UAEPAXI@Z 100027e1 f i Lights.obj
 0001:000017e1       ??_GCComClassFactory@ATL@@UAEPAXI@Z 100027e1 f i Lights.obj
 0001:0000180c       ?Next@?$CComEnumImpl@UIEnumConnections@@$1?_GUID_b196b287_bab4_101a_b69c_00aa00341d07@@3U__s_GUID@@BUtagCONNECTDATA@@V?$_Copy@UtagCONNECTDATA@@@ATL@@@ATL@@UAGJKPAUtagCONNECTDATA@@PAK@Z 1000280c f i Lights.obj
 0001:000018e3       ?Skip@?$CComEnumImpl@UIEnumConnections@@$1?_GUID_b196b287_bab4_101a_b69c_00aa00341d07@@3U__s_GUID@@BUtagCONNECTDATA@@V?$_Copy@UtagCONNECTDATA@@@ATL@@@ATL@@UAGJK@Z 100028e3 f i Lights.obj
 0001:00001910       ?Clone@?$CComEnumImpl@UIEnumConnections@@$1?_GUID_b196b287_bab4_101a_b69c_00aa00341d07@@3U__s_GUID@@BUtagCONNECTDATA@@V?$_Copy@UtagCONNECTDATA@@@ATL@@@ATL@@UAGJPAPAUIEnumConnections@@@Z 10002910 f i Lights.obj
 0001:000019ef       ?QueryInterface@?$CComObject@V?$CComEnum@UIEnumConnections@@$1?_GUID_b196b287_bab4_101a_b69c_00aa00341d07@@3U__s_GUID@@BUtagCONNECTDATA@@V?$_Copy@UtagCONNECTDATA@@@ATL@@VCComSingleThreadModel@6@@ATL@@@ATL@@UAGJABU_GUID@@PAPAX@Z 100029ef f i Lights.obj
 0001:00001a09       ??_E?$CComObject@V?$CComEnum@UIEnumConnections@@$1?_GUID_b196b287_bab4_101a_b69c_00aa00341d07@@3U__s_GUID@@BUtagCONNECTDATA@@V?$_Copy@UtagCONNECTDATA@@@ATL@@VCComSingleThreadModel@6@@ATL@@@ATL@@UAEPAXI@Z 10002a09 f i Lights.obj
 0001:00001a09       ??_G?$CComObject@V?$CComEnum@UIEnumConnections@@$1?_GUID_b196b287_bab4_101a_b69c_00aa00341d07@@3U__s_GUID@@BUtagCONNECTDATA@@V?$_Copy@UtagCONNECTDATA@@@ATL@@VCComSingleThreadModel@6@@ATL@@@ATL@@UAEPAXI@Z 10002a09 f i Lights.obj
 0001:00001a2b       ??_E?$CComObject@VCOPOSLights@@@ATL@@W3AEPAXI@Z 10002a2b f i Lights.obj
 0001:00001a33       ??_E?$CComObject@VCOPOSLights@@@ATL@@WEM@AEPAXI@Z 10002a33 f i Lights.obj
 0001:00001a3b       ?QueryInterface@?$CComObject@VCOPOSLights@@@ATL@@WHA@AGJABU_GUID@@PAPAX@Z 10002a3b f i Lights.obj
 0001:00001a45       ?AddRef@?$CComObject@VCOPOSLights@@@ATL@@WHA@AGKXZ 10002a45 f i Lights.obj
 0001:00001a4f       ?Release@?$CComObject@VCOPOSLights@@@ATL@@WHA@AGKXZ 10002a4f f i Lights.obj
 0001:00001a59       ?QueryInterface@?$CComObject@VCOPOSLights@@@ATL@@WHE@AGJABU_GUID@@PAPAX@Z 10002a59 f i Lights.obj
 0001:00001a63       ?AddRef@?$CComObject@VCOPOSLights@@@ATL@@WHE@AGKXZ 10002a63 f i Lights.obj
 0001:00001a6d       ?Release@?$CComObject@VCOPOSLights@@@ATL@@WHE@AGKXZ 10002a6d f i Lights.obj
 0001:00001a77       ?QueryInterface@?$CComObject@VCOPOSLights@@@ATL@@WHI@AGJABU_GUID@@PAPAX@Z 10002a77 f i Lights.obj
 0001:00001a81       ?AddRef@?$CComObject@VCOPOSLights@@@ATL@@WHI@AGKXZ 10002a81 f i Lights.obj
 0001:00001a8b       ?Release@?$CComObject@VCOPOSLights@@@ATL@@WHI@AGKXZ 10002a8b f i Lights.obj
 0001:00001a95       ?QueryInterface@?$CComObject@VCOPOSLights@@@ATL@@WHM@AGJABU_GUID@@PAPAX@Z 10002a95 f i Lights.obj
 0001:00001a9f       ?AddRef@?$CComObject@VCOPOSLights@@@ATL@@WHM@AGKXZ 10002a9f f i Lights.obj
 0001:00001aa9       ?Release@?$CComObject@VCOPOSLights@@@ATL@@WHM@AGKXZ 10002aa9 f i Lights.obj
 0001:00001ab3       ?QueryInterface@?$CComObject@VCOPOSLights@@@ATL@@WIA@AGJABU_GUID@@PAPAX@Z 10002ab3 f i Lights.obj
 0001:00001ac0       ?AddRef@?$CComObject@VCOPOSLights@@@ATL@@WIA@AGKXZ 10002ac0 f i Lights.obj
 0001:00001acd       ?Release@?$CComObject@VCOPOSLights@@@ATL@@WIA@AGKXZ 10002acd f i Lights.obj
 0001:00001ada       ?QueryInterface@?$CComObject@VCOPOSLights@@@ATL@@WIE@AGJABU_GUID@@PAPAX@Z 10002ada f i Lights.obj
 0001:00001ae7       ?AddRef@?$CComObject@VCOPOSLights@@@ATL@@WIE@AGKXZ 10002ae7 f i Lights.obj
 0001:00001af4       ?Release@?$CComObject@VCOPOSLights@@@ATL@@WIE@AGKXZ 10002af4 f i Lights.obj
 0001:00001b01       ?QueryInterface@?$CComObject@VCOPOSLights@@@ATL@@WII@AGJABU_GUID@@PAPAX@Z 10002b01 f i Lights.obj
 0001:00001b0e       ?AddRef@?$CComObject@VCOPOSLights@@@ATL@@WII@AGKXZ 10002b0e f i Lights.obj
 0001:00001b1b       ?Release@?$CComObject@VCOPOSLights@@@ATL@@WII@AGKXZ 10002b1b f i Lights.obj
 0001:00001b28       ?QueryInterface@?$CComObject@VCOPOSLights@@@ATL@@WIM@AGJABU_GUID@@PAPAX@Z 10002b28 f i Lights.obj
 0001:00001b35       ?AddRef@?$CComObject@VCOPOSLights@@@ATL@@WIM@AGKXZ 10002b35 f i Lights.obj
 0001:00001b42       ?Release@?$CComObject@VCOPOSLights@@@ATL@@WIM@AGKXZ 10002b42 f i Lights.obj
 0001:00001b4f       ?QueryInterface@?$CComObject@VCOPOSLights@@@ATL@@WJA@AGJABU_GUID@@PAPAX@Z 10002b4f f i Lights.obj
 0001:00001b5c       ?AddRef@?$CComObject@VCOPOSLights@@@ATL@@WJA@AGKXZ 10002b5c f i Lights.obj
 0001:00001b69       ?Release@?$CComObject@VCOPOSLights@@@ATL@@WJA@AGKXZ 10002b69 f i Lights.obj
 0001:00001b76       ?QueryInterface@?$CComObject@VCOPOSLights@@@ATL@@WJE@AGJABU_GUID@@PAPAX@Z 10002b76 f i Lights.obj
 0001:00001b83       ?AddRef@?$CComObject@VCOPOSLights@@@ATL@@WJE@AGKXZ 10002b83 f i Lights.obj
 0001:00001b90       ?Release@?$CComObject@VCOPOSLights@@@ATL@@WJE@AGKXZ 10002b90 f i Lights.obj
 0001:00001b9d       ?QueryInterface@?$CComObject@VCOPOSLights@@@ATL@@WJI@AGJABU_GUID@@PAPAX@Z 10002b9d f i Lights.obj
 0001:00001baa       ?AddRef@?$CComObject@VCOPOSLights@@@ATL@@WJI@AGKXZ 10002baa f i Lights.obj
 0001:00001bb7       ?Release@?$CComObject@VCOPOSLights@@@ATL@@WJI@AGKXZ 10002bb7 f i Lights.obj
 0001:00001bc4       ?QueryInterface@?$CComObject@VCOPOSLights@@@ATL@@WJM@AGJABU_GUID@@PAPAX@Z 10002bc4 f i Lights.obj
 0001:00001bd1       ?AddRef@?$CComObject@VCOPOSLights@@@ATL@@WJM@AGKXZ 10002bd1 f i Lights.obj
 0001:00001bde       ?Release@?$CComObject@VCOPOSLights@@@ATL@@WJM@AGKXZ 10002bde f i Lights.obj
 0001:00001beb       ?QueryInterface@?$CComObject@VCOPOSLights@@@ATL@@WKA@AGJABU_GUID@@PAPAX@Z 10002beb f i Lights.obj
 0001:00001bf8       ?AddRef@?$CComObject@VCOPOSLights@@@ATL@@WKA@AGKXZ 10002bf8 f i Lights.obj
 0001:00001c05       ?Release@?$CComObject@VCOPOSLights@@@ATL@@WKA@AGKXZ 10002c05 f i Lights.obj
 0001:00001c12       ?AddRef@?$CComObject@VCOPOSLights@@@ATL@@WKI@AGKXZ 10002c12 f i Lights.obj
 0001:00001c1f       ?Release@?$CComObject@VCOPOSLights@@@ATL@@WKI@AGKXZ 10002c1f f i Lights.obj
 0001:00001c2c       ?AddRef@?$CComObject@VCOPOSLights@@@ATL@@WLE@AGKXZ 10002c2c f i Lights.obj
 0001:00001c39       ?Release@?$CComObject@VCOPOSLights@@@ATL@@WLE@AGKXZ 10002c39 f i Lights.obj
 0001:00001c46       ??_E?$CComContainedObject@VCOPOSLights@@@ATL@@W3AEPAXI@Z 10002c46 f i Lights.obj
 0001:00001c4e       ??_E?$CComContainedObject@VCOPOSLights@@@ATL@@WEM@AEPAXI@Z 10002c4e f i Lights.obj
 0001:00001c56       ?QueryInterface@?$CComContainedObject@VCOPOSLights@@@ATL@@WHA@AGJABU_GUID@@PAPAX@Z 10002c56 f i Lights.obj
 0001:00001c60       ?AddRef@?$CComContainedObject@VCOPOSLights@@@ATL@@WHA@AGKXZ 10002c60 f i Lights.obj
 0001:00001c6a       ?Release@?$CComContainedObject@VCOPOSLights@@@ATL@@WHA@AGKXZ 10002c6a f i Lights.obj
 0001:00001c74       ?QueryInterface@?$CComContainedObject@VCOPOSLights@@@ATL@@WHE@AGJABU_GUID@@PAPAX@Z 10002c74 f i Lights.obj
 0001:00001c7e       ?AddRef@?$CComContainedObject@VCOPOSLights@@@ATL@@WHE@AGKXZ 10002c7e f i Lights.obj
 0001:00001c88       ?Release@?$CComContainedObject@VCOPOSLights@@@ATL@@WHE@AGKXZ 10002c88 f i Lights.obj
 0001:00001c92       ?QueryInterface@?$CComContainedObject@VCOPOSLights@@@ATL@@WHI@AGJABU_GUID@@PAPAX@Z 10002c92 f i Lights.obj
 0001:00001c9c       ?AddRef@?$CComContainedObject@VCOPOSLights@@@ATL@@WHI@AGKXZ 10002c9c f i Lights.obj
 0001:00001ca6       ?Release@?$CComContainedObject@VCOPOSLights@@@ATL@@WHI@AGKXZ 10002ca6 f i Lights.obj
 0001:00001cb0       ?QueryInterface@?$CComContainedObject@VCOPOSLights@@@ATL@@WHM@AGJABU_GUID@@PAPAX@Z 10002cb0 f i Lights.obj
 0001:00001cba       ?AddRef@?$CComContainedObject@VCOPOSLights@@@ATL@@WHM@AGKXZ 10002cba f i Lights.obj
 0001:00001cc4       ?Release@?$CComContainedObject@VCOPOSLights@@@ATL@@WHM@AGKXZ 10002cc4 f i Lights.obj
 0001:00001cce       ?QueryInterface@?$CComContainedObject@VCOPOSLights@@@ATL@@WIA@AGJABU_GUID@@PAPAX@Z 10002cce f i Lights.obj
 0001:00001cdb       ?AddRef@?$CComContainedObject@VCOPOSLights@@@ATL@@WIA@AGKXZ 10002cdb f i Lights.obj
 0001:00001ce8       ?Release@?$CComContainedObject@VCOPOSLights@@@ATL@@WIA@AGKXZ 10002ce8 f i Lights.obj
 0001:00001cf5       ?QueryInterface@?$CComContainedObject@VCOPOSLights@@@ATL@@WIE@AGJABU_GUID@@PAPAX@Z 10002cf5 f i Lights.obj
 0001:00001d02       ?AddRef@?$CComContainedObject@VCOPOSLights@@@ATL@@WIE@AGKXZ 10002d02 f i Lights.obj
 0001:00001d0f       ?Release@?$CComContainedObject@VCOPOSLights@@@ATL@@WIE@AGKXZ 10002d0f f i Lights.obj
 0001:00001d1c       ?QueryInterface@?$CComContainedObject@VCOPOSLights@@@ATL@@WII@AGJABU_GUID@@PAPAX@Z 10002d1c f i Lights.obj
 0001:00001d29       ?AddRef@?$CComContainedObject@VCOPOSLights@@@ATL@@WII@AGKXZ 10002d29 f i Lights.obj
 0001:00001d36       ?Release@?$CComContainedObject@VCOPOSLights@@@ATL@@WII@AGKXZ 10002d36 f i Lights.obj
 0001:00001d43       ?QueryInterface@?$CComContainedObject@VCOPOSLights@@@ATL@@WIM@AGJABU_GUID@@PAPAX@Z 10002d43 f i Lights.obj
 0001:00001d50       ?AddRef@?$CComContainedObject@VCOPOSLights@@@ATL@@WIM@AGKXZ 10002d50 f i Lights.obj
 0001:00001d5d       ?Release@?$CComContainedObject@VCOPOSLights@@@ATL@@WIM@AGKXZ 10002d5d f i Lights.obj
 0001:00001d6a       ?QueryInterface@?$CComContainedObject@VCOPOSLights@@@ATL@@WJA@AGJABU_GUID@@PAPAX@Z 10002d6a f i Lights.obj
 0001:00001d77       ?AddRef@?$CComContainedObject@VCOPOSLights@@@ATL@@WJA@AGKXZ 10002d77 f i Lights.obj
 0001:00001d84       ?Release@?$CComContainedObject@VCOPOSLights@@@ATL@@WJA@AGKXZ 10002d84 f i Lights.obj
 0001:00001d91       ?QueryInterface@?$CComContainedObject@VCOPOSLights@@@ATL@@WJE@AGJABU_GUID@@PAPAX@Z 10002d91 f i Lights.obj
 0001:00001d9e       ?AddRef@?$CComContainedObject@VCOPOSLights@@@ATL@@WJE@AGKXZ 10002d9e f i Lights.obj
 0001:00001dab       ?Release@?$CComContainedObject@VCOPOSLights@@@ATL@@WJE@AGKXZ 10002dab f i Lights.obj
 0001:00001db8       ?QueryInterface@?$CComContainedObject@VCOPOSLights@@@ATL@@WJI@AGJABU_GUID@@PAPAX@Z 10002db8 f i Lights.obj
 0001:00001dc5       ?AddRef@?$CComContainedObject@VCOPOSLights@@@ATL@@WJI@AGKXZ 10002dc5 f i Lights.obj
 0001:00001dd2       ?Release@?$CComContainedObject@VCOPOSLights@@@ATL@@WJI@AGKXZ 10002dd2 f i Lights.obj
 0001:00001ddf       ?QueryInterface@?$CComContainedObject@VCOPOSLights@@@ATL@@WJM@AGJABU_GUID@@PAPAX@Z 10002ddf f i Lights.obj
 0001:00001dec       ?AddRef@?$CComContainedObject@VCOPOSLights@@@ATL@@WJM@AGKXZ 10002dec f i Lights.obj
 0001:00001df9       ?Release@?$CComContainedObject@VCOPOSLights@@@ATL@@WJM@AGKXZ 10002df9 f i Lights.obj
 0001:00001e06       ?QueryInterface@?$CComContainedObject@VCOPOSLights@@@ATL@@WKA@AGJABU_GUID@@PAPAX@Z 10002e06 f i Lights.obj
 0001:00001e13       ?AddRef@?$CComContainedObject@VCOPOSLights@@@ATL@@WKA@AGKXZ 10002e13 f i Lights.obj
 0001:00001e20       ?Release@?$CComContainedObject@VCOPOSLights@@@ATL@@WKA@AGKXZ 10002e20 f i Lights.obj
 0001:00001e2d       ?AddRef@?$CComContainedObject@VCOPOSLights@@@ATL@@WKI@AGKXZ 10002e2d f i Lights.obj
 0001:00001e3a       ?Release@?$CComContainedObject@VCOPOSLights@@@ATL@@WKI@AGKXZ 10002e3a f i Lights.obj
 0001:00001e47       ?AddRef@?$CComContainedObject@VCOPOSLights@@@ATL@@WLE@AGKXZ 10002e47 f i Lights.obj
 0001:00001e54       ?Release@?$CComContainedObject@VCOPOSLights@@@ATL@@WLE@AGKXZ 10002e54 f i Lights.obj
 0001:00001e61       ?Lock@CAtlModule@ATL@@UAEJXZ 10002e61 f i Lights.obj
 0001:00001e6b       ?Unlock@CAtlModule@ATL@@UAEJXZ 10002e6b f i Lights.obj
 0001:00001e75       ?GetLockCount@CAtlModule@ATL@@UAEJXZ 10002e75 f i Lights.obj
 0001:00001e79       ?GetGITPtr@CAtlModule@ATL@@UAEJPAPAUIGlobalInterfaceTable@@@Z 10002e79 f i Lights.obj
 0001:00001ec5       ?GetWindowProc@?$CWindowImplBaseT@VCWindow@ATL@@V?$CWinTraits@$0FGAAAAAA@$0A@@2@@ATL@@UAEP6GJPAUHWND__@@IIJ@ZXZ 10002ec5 f i Lights.obj
 0001:00001ecb       ?StartWindowProc@?$CWindowImplBaseT@VCWindow@ATL@@V?$CWinTraits@$0FGAAAAAA@$0A@@2@@ATL@@SGJPAUHWND__@@IIJ@Z 10002ecb f i Lights.obj
 0001:00001f1f       ?GetTypeInfoCount@?$IDispatchImpl@UIOPOSLights@@$1?IID_IOPOSLights@@3U_GUID@@B$1?LIBID_OposLights_CCO@@3U3@B$00$0A@VCComTypeInfoHolder@ATL@@@ATL@@UAGJPAI@Z 10002f1f f i Lights.obj
 0001:00001f3c       ?GetTypeInfo@?$IDispatchImpl@UIOPOSLights@@$1?IID_IOPOSLights@@3U_GUID@@B$1?LIBID_OposLights_CCO@@3U3@B$00$0A@VCComTypeInfoHolder@ATL@@@ATL@@UAGJIKPAPAUITypeInfo@@@Z 10002f3c f i Lights.obj
 0001:00001f60       ?GetIDsOfNames@?$IDispatchImpl@UIOPOSLights@@$1?IID_IOPOSLights@@3U_GUID@@B$1?LIBID_OposLights_CCO@@3U3@B$00$0A@VCComTypeInfoHolder@ATL@@@ATL@@UAGJABU_GUID@@PAPA_WIKPAJ@Z 10002f60 f i Lights.obj
 0001:00001f80       ?AddCommonRGSReplacements@?$CAtlModuleT@VCComModule@ATL@@@ATL@@UAEJPAUIRegistrarBase@@@Z 10002f80 f i Lights.obj
 0001:00001f9a       ?Invoke@?$IDispatchImpl@UIOPOSLights@@$1?IID_IOPOSLights@@3U_GUID@@B$1?LIBID_OposLights_CCO@@3U3@B$00$0A@VCComTypeInfoHolder@ATL@@@ATL@@UAGJJABU_GUID@@KGPAUtagDISPPARAMS@@PAUtagVARIANT@@PAUtagEXCEPINFO@@PAI@Z 10002f9a f i Lights.obj
 0001:00001fa8       ?CreateControlWindow@?$CComControl@VCOPOSLights@@V?$CWindowImpl@VCOPOSLights@@VCWindow@ATL@@V?$CWinTraits@$0FGAAAAAA@$0A@@3@@ATL@@@ATL@@UAEPAUHWND__@@PAU3@AAUtagRECT@@@Z 10002fa8 f i Lights.obj
 0001:00001fd7       ?ControlQueryInterface@?$CComControl@VCOPOSLights@@V?$CWindowImpl@VCOPOSLights@@VCWindow@ATL@@V?$CWinTraits@$0FGAAAAAA@$0A@@3@@ATL@@@ATL@@UAEJABU_GUID@@PAPAX@Z 10002fd7 f i Lights.obj
 0001:00001ff2       ?UpdateRegistryFromResourceD@CComModule@ATL@@UAGJPB_WHPAU_ATL_REGMAP_ENTRY@2@@Z 10002ff2 f i Lights.obj
 0001:00001ff2       ?UpdateRegistryFromResourceD@CComModule@ATL@@UAGJIHPAU_ATL_REGMAP_ENTRY@2@@Z 10002ff2 f i Lights.obj
 0001:00001ffa       ?UpdateRegistryFromResource@CComModule@ATL@@UAGJPB_WHPAU_ATL_REGMAP_ENTRY@2@@Z 10002ffa f i Lights.obj
 0001:00002003       ?UpdateRegistryFromResource@CComModule@ATL@@UAGJIHPAU_ATL_REGMAP_ENTRY@2@@Z 10003003 f i Lights.obj
 0001:0000200c       ?IsDirty@?$IPersistStreamInitImpl@VCOPOSLights@@@ATL@@UAGJXZ 1000300c f i Lights.obj
 0001:0000202b       ?Load@?$IPersistStreamInitImpl@VCOPOSLights@@@ATL@@UAGJPAUIStream@@@Z 1000302b f i Lights.obj
 0001:0000204a       ?Save@?$IPersistStreamInitImpl@VCOPOSLights@@@ATL@@UAGJPAUIStream@@H@Z 1000304a f i Lights.obj
 0001:0000206c       ?GetSizeMax@?$IPersistStreamInitImpl@VCOPOSLights@@@ATL@@UAGJPAT_ULARGE_INTEGER@@@Z 1000306c f i Lights.obj
 0001:00002221       ?InitNew@?$IPersistStreamInitImpl@VCOPOSLights@@@ATL@@UAGJXZ 10003221 f i Lights.obj
 0001:0000223e       ?SetClientSite@?$IOleObjectImpl@VCOPOSLights@@@ATL@@UAGJPAUIOleClientSite@@@Z 1000323e f i Lights.obj
 0001:0000225b       ?GetClientSite@?$IOleObjectImpl@VCOPOSLights@@@ATL@@UAGJPAPAUIOleClientSite@@@Z 1000325b f i Lights.obj
 0001:00002278       ?SetHostNames@?$IOleObjectImpl@VCOPOSLights@@@ATL@@UAGJPB_W0@Z 10003278 f i Lights.obj
 0001:0000227d       ?Close@?$IOleObjectImpl@VCOPOSLights@@@ATL@@UAGJK@Z 1000327d f i Lights.obj
 0001:0000229a       ??_ECComModule@ATL@@UAEPAXI@Z 1000329a f i Lights.obj
 0001:0000229a       ??_GCComModule@ATL@@UAEPAXI@Z 1000329a f i Lights.obj
 0001:000022c2       ?DoVerb@?$IOleObjectImpl@VCOPOSLights@@@ATL@@UAGJJPAUtagMSG@@PAUIOleClientSite@@JPAUHWND__@@PBUtagRECT@@@Z 100032c2 f i Lights.obj
 0001:000023da       ?EnumVerbs@?$IOleObjectImpl@VCOPOSLights@@@ATL@@UAGJPAPAUIEnumOLEVERB@@@Z 100033da f i Lights.obj
 0001:000023fc       ?GetUserType@?$IOleObjectImpl@VCOPOSLights@@@ATL@@UAGJKPAPA_W@Z 100033fc f i Lights.obj
 0001:00002414       ?SetExtent@?$IOleObjectImpl@VCOPOSLights@@@ATL@@UAGJKPAUtagSIZE@@@Z 10003414 f i Lights.obj
 0001:00002434       ?GetExtent@?$IOleObjectImpl@VCOPOSLights@@@ATL@@UAGJKPAUtagSIZE@@@Z 10003434 f i Lights.obj
 0001:00002472       ?Advise@?$IOleObjectImpl@VCOPOSLights@@@ATL@@UAGJPAUIAdviseSink@@PAK@Z 10003472 f i Lights.obj
 0001:00002492       ?Unadvise@?$IOleObjectImpl@VCOPOSLights@@@ATL@@UAGJK@Z 10003492 f i Lights.obj
 0001:000024c1       ?EnumAdvise@?$IOleObjectImpl@VCOPOSLights@@@ATL@@UAGJPAPAUIEnumSTATDATA@@@Z 100034c1 f i Lights.obj
 0001:00002501       ?GetMiscStatus@?$IOleObjectImpl@VCOPOSLights@@@ATL@@UAGJKPAK@Z 10003501 f i Lights.obj
 0001:00002519       ?GetWindow@?$IOleInPlaceActiveObjectImpl@VCOPOSLights@@@ATL@@UAGJPAPAUHWND__@@@Z 10003519 f i Lights.obj
 0001:00002566       ?TranslateAcceleratorW@?$IOleInPlaceActiveObjectImpl@VCOPOSLights@@@ATL@@UAGJPAUtagMSG@@@Z 10003566 f i Lights.obj
 0001:00002604       ?OnDocWindowActivate@?$IOleInPlaceActiveObjectImpl@VCOPOSLights@@@ATL@@UAGJH@Z 10003604 f i Lights.obj
 0001:00002626       ?ResizeBorder@?$IOleInPlaceActiveObjectImpl@VCOPOSLights@@@ATL@@UAGJPBUtagRECT@@PAUIOleInPlaceUIWindow@@H@Z 10003626 f i Lights.obj
 0001:0000262b       ?Draw@?$IViewObjectExImpl@VCOPOSLights@@@ATL@@UAGJKJPAXPAUtagDVTARGETDEVICE@@PAUHDC__@@2PBU_RECTL@@3P6GHK@ZK@Z 1000362b f i Lights.obj
 0001:0000265d       ?GetColorSet@?$IViewObjectExImpl@VCOPOSLights@@@ATL@@UAGJKJPAXPAUtagDVTARGETDEVICE@@PAUHDC__@@PAPAUtagLOGPALETTE@@@Z 1000365d f i Lights.obj
 0001:00002665       ?SetAdvise@?$IViewObjectExImpl@VCOPOSLights@@@ATL@@UAGJKKPAUIAdviseSink@@@Z 10003665 f i Lights.obj
 0001:00002684       ?GetAdvise@?$IViewObjectExImpl@VCOPOSLights@@@ATL@@UAGJPAK0PAPAUIAdviseSink@@@Z 10003684 f i Lights.obj
 0001:000026b9       ?GetExtent@?$IViewObjectExImpl@VCOPOSLights@@@ATL@@UAGJKJPAUtagDVTARGETDEVICE@@PAUtagSIZE@@@Z 100036b9 f i Lights.obj
 0001:000026ea       ?GetViewStatus@?$IViewObjectExImpl@VCOPOSLights@@@ATL@@UAGJPAK@Z 100036ea f i Lights.obj
 0001:00002707       ?QueryHitPoint@?$IViewObjectExImpl@VCOPOSLights@@@ATL@@UAGJKPBUtagRECT@@UtagPOINT@@JPAK@Z 10003707 f i Lights.obj
 0001:00002748       ?QueryHitRect@?$IViewObjectExImpl@VCOPOSLights@@@ATL@@UAGJKPBUtagRECT@@0JPAK@Z 10003748 f i Lights.obj
 0001:000027a3       ?GetNaturalExtent@?$IViewObjectExImpl@VCOPOSLights@@@ATL@@UAGJKJPAUtagDVTARGETDEVICE@@PAUHDC__@@PAUtagExtentInfo@@PAUtagSIZE@@@Z 100037a3 f i Lights.obj
 0001:000027ee       ?GetWindow@?$IOleInPlaceObjectWindowlessImpl@VCOPOSLights@@@ATL@@UAGJPAPAUHWND__@@@Z 100037ee f i Lights.obj
 0001:0000283b       ?InPlaceDeactivate@?$IOleInPlaceObjectWindowlessImpl@VCOPOSLights@@@ATL@@UAGJXZ 1000383b f i Lights.obj
 0001:00002855       ?UIDeactivate@?$IOleInPlaceObjectWindowlessImpl@VCOPOSLights@@@ATL@@UAGJXZ 10003855 f i Lights.obj
 0001:0000286f       ?SetObjectRects@?$IOleInPlaceObjectWindowlessImpl@VCOPOSLights@@@ATL@@UAGJPBUtagRECT@@0@Z 1000386f f i Lights.obj
 0001:0000288f       ?ReactivateAndUndo@?$IOleInPlaceObjectWindowlessImpl@VCOPOSLights@@@ATL@@UAGJXZ 1000388f f i Lights.obj
 0001:00002897       ??$?4UITypeInfo2@@@?$CComPtr@UITypeInfo@@@ATL@@QAEPAUITypeInfo@@ABV?$CComPtr@UITypeInfo2@@@1@@Z 10003897 f i Lights.obj
 0001:000028c4       ??$AtlAdd@K@ATL@@YAJPAKKK@Z 100038c4 f i Lights.obj
 0001:000028e7       ??$AtlAdd@_K@ATL@@YAJPA_K_K1@Z 100038e7 f i Lights.obj
 0001:0000291f       ??$AtlAddThrow@K@ATL@@YAKKK@Z 1000391f f i Lights.obj
 0001:00002945       ??$AtlModuleRegisterWndClassInfoT@VAtlModuleRegisterWndClassInfoParamW@ATL@@@ATL@@YAGPAU_ATL_BASE_MODULE70@0@PAU_ATL_WIN_MODULE70@0@PAU_ATL_WNDCLASSINFOW@0@PAP6GJPAUHWND__@@IIJ@ZVAtlModuleRegisterWndClassInfoParamW@0@@Z 10003945 f i Lights.obj
 0001:00002a93       ??$AtlMultiply@H@ATL@@YAJPAHHH@Z 10003a93 f i Lights.obj
 0001:00002acb       ??$AtlMultiply@K@ATL@@YAJPAKKK@Z 10003acb f i Lights.obj
 0001:00002acb       ??$AtlMultiply@I@ATL@@YAJPAIII@Z 10003acb f i Lights.obj
 0001:00002aed       ??$AtlMultiplyThrow@I@ATL@@YAIII@Z 10003aed f i Lights.obj
 0001:00002b13       ??0?$CComAggObject@VCOPOSLights@@@ATL@@QAE@PAX@Z 10003b13 f i Lights.obj
 0001:00002b40       ??0?$CComContainedObject@VCOPOSLights@@@ATL@@QAE@PAX@Z 10003b40 f i Lights.obj
 0001:00002bf9       ??0?$CComObject@V?$CComEnum@UIEnumConnectionPoints@@$1?_GUID_b196b285_bab4_101a_b69c_00aa00341d07@@3U__s_GUID@@BPAUIConnectionPoint@@V?$_CopyInterface@UIConnectionPoint@@@ATL@@VCComSingleThreadModel@6@@ATL@@@ATL@@QAE@PAX@Z 10003bf9 f i Lights.obj
 0001:00002c27       ??0?$CComObject@V?$CComEnum@UIEnumConnections@@$1?_GUID_b196b287_bab4_101a_b69c_00aa00341d07@@3U__s_GUID@@BUtagCONNECTDATA@@V?$_Copy@UtagCONNECTDATA@@@ATL@@VCComSingleThreadModel@6@@ATL@@@ATL@@QAE@PAX@Z 10003c27 f i Lights.obj
 0001:00002c55       ??0?$CComObject@VCOPOSLights@@@ATL@@QAE@PAX@Z 10003c55 f i Lights.obj
 0001:00002d0c       ??0?$CComQIPtr@UIOleControlSite@@$1?_GUID_b196b289_bab4_101a_b69c_00aa00341d07@@3U__s_GUID@@B@ATL@@QAE@PAUIUnknown@@@Z 10003d0c f i Lights.obj
 0001:00002d35       ??0CAtlModule@ATL@@QAE@XZ  10003d35 f i Lights.obj
 0001:00002d76       ??0CParseBuffer@CRegParser@ATL@@QAE@H@Z 10003d76 f i Lights.obj
 0001:00002dac       ??0_ATL_MSG@ATL@@QAE@PAUHWND__@@IIJH@Z 10003dac f i Lights.obj
 0001:00002de4       ??1?$CComAggObject@VCOPOSLights@@@ATL@@UAE@XZ 10003de4 f i Lights.obj
 0001:00002e08       ??1?$CComEnumImpl@UIEnumConnectionPoints@@$1?_GUID_b196b285_bab4_101a_b69c_00aa00341d07@@3U__s_GUID@@BPAUIConnectionPoint@@V?$_CopyInterface@UIConnectionPoint@@@ATL@@@ATL@@UAE@XZ 10003e08 f i Lights.obj
 0001:00002e48       ??1?$CComEnumImpl@UIEnumConnections@@$1?_GUID_b196b287_bab4_101a_b69c_00aa00341d07@@3U__s_GUID@@BUtagCONNECTDATA@@V?$_Copy@UtagCONNECTDATA@@@ATL@@@ATL@@UAE@XZ 10003e48 f i Lights.obj
 0001:00002e88       ??1?$CComObject@V?$CComEnum@UIEnumConnectionPoints@@$1?_GUID_b196b285_bab4_101a_b69c_00aa00341d07@@3U__s_GUID@@BPAUIConnectionPoint@@V?$_CopyInterface@UIConnectionPoint@@@ATL@@VCComSingleThreadModel@6@@ATL@@@ATL@@UAE@XZ 10003e88 f i Lights.obj
 0001:00002eab       ??1?$CComObject@V?$CComEnum@UIEnumConnections@@$1?_GUID_b196b287_bab4_101a_b69c_00aa00341d07@@3U__s_GUID@@BUtagCONNECTDATA@@V?$_Copy@UtagCONNECTDATA@@@ATL@@VCComSingleThreadModel@6@@ATL@@@ATL@@UAE@XZ 10003eab f i Lights.obj
 0001:00002ece       ??1?$CComObject@VCOPOSLights@@@ATL@@UAE@XZ 10003ece f i Lights.obj
 0001:00002f8c       ??1?$CComObjectCached@VCComClassFactory@ATL@@@ATL@@UAE@XZ 10003f8c f i Lights.obj
 0001:00002fa2       ??1?$CComObjectRootEx@VCComMultiThreadModel@ATL@@@ATL@@QAE@XZ 10003fa2 f i Lights.obj
 0001:00002fb7       ??1CRegObject@ATL@@UAE@XZ  10003fb7 f i Lights.obj
 0001:00002fd7       ??4?$CComPtr@UIOleClientSite@@@ATL@@QAEPAUIOleClientSite@@PAU2@@Z 10003fd7 f i Lights.obj
 0001:00002fd7       ??4?$CComPtr@UIUnknown@@@ATL@@QAEPAUIUnknown@@PAU2@@Z 10003fd7 f i Lights.obj
 0001:00002fd7       ??4?$CComPtr@UIAdviseSink@@@ATL@@QAEPAUIAdviseSink@@PAU2@@Z 10003fd7 f i Lights.obj
 0001:0000300b       ??4?$CComQIPtr@UIOleObject@@$1?_GUID_00000112_0000_0000_c000_000000000046@@3U__s_GUID@@B@ATL@@QAEPAUIOleObject@@PAUIUnknown@@@Z 1000400b f i Lights.obj
 0001:00003030       ??4?$CComQIPtr@UISpecifyPropertyPages@@$1?_GUID_b196b28b_bab4_101a_b69c_00aa00341d07@@3U__s_GUID@@B@ATL@@QAEPAUISpecifyPropertyPages@@PAUIUnknown@@@Z 10004030 f i Lights.obj
 0001:00003055       ??_G?$CComContainedObject@VCOPOSLights@@@ATL@@UAEPAXI@Z 10004055 f i Lights.obj
 0001:00003055       ??_E?$CComContainedObject@VCOPOSLights@@@ATL@@UAEPAXI@Z 10004055 f i Lights.obj
 0001:0000307a       ??_E?$CComObject@VCOPOSLights@@@ATL@@UAEPAXI@Z 1000407a f i Lights.obj
 0001:0000307a       ??_G?$CComObject@VCOPOSLights@@@ATL@@UAEPAXI@Z 1000407a f i Lights.obj
 0001:0000309f       ?Add@?$CSimpleArray@GV?$CSimpleArrayEqualHelper@G@ATL@@@ATL@@QAEHABG@Z 1000409f f i Lights.obj
 0001:00003123       ?Add@?$CSimpleMap@PA_WPA_WVCExpansionVectorEqualHelper@ATL@@@ATL@@QAEHABQA_W0@Z 10004123 f i Lights.obj
 0001:00003178       ?Add@CComDynamicUnkArray@ATL@@QAEKPAUIUnknown@@@Z 10004178 f i Lights.obj
 0001:00003233       ?Add@CExpansionVector@ATL@@QAEHPB_W0@Z 10004233 f i Lights.obj
 0001:00003337       ?AddString@CParseBuffer@CRegParser@ATL@@QAEHPB_W@Z 10004337 f i Lights.obj
 0001:0000336c       ?AddValue@CRegParser@ATL@@IAEJAAVCRegKey@2@PB_WPA_W@Z 1000436c f i Lights.obj
 0001:0000368d       ?Allocate@?$CAtlSafeAllocBufferManager@VCCRTAllocator@ATL@@@_ATL_SAFE_ALLOCA_IMPL@ATL@@QAEPAXK@Z 1000468d f i Lights.obj
 0001:000036ba       ?Allocate@?$CTempBuffer@E$0BAA@VCCRTAllocator@ATL@@@ATL@@QAEPAEI@Z 100046ba f i Lights.obj
 0001:000036e9       ?Allocate@?$CTempBuffer@_W$0BAA@VCCRTAllocator@ATL@@@ATL@@QAEPA_WI@Z 100046e9 f i Lights.obj
 0001:00003718       ?Allocate@?$CTempBuffer@_W$0EAA@VCCRTAllocator@ATL@@@ATL@@QAEPA_WI@Z 10004718 f i Lights.obj
 0001:00003747       ?AllocateHeap@?$CTempBuffer@_W$0BAA@VCCRTAllocator@ATL@@@ATL@@AAEXI@Z 10004747 f i Lights.obj
 0001:00003747       ?AllocateHeap@?$CTempBuffer@_W$0EAA@VCCRTAllocator@ATL@@@ATL@@AAEXI@Z 10004747 f i Lights.obj
 0001:00003747       ?AllocateHeap@?$CTempBuffer@E$0BAA@VCCRTAllocator@ATL@@@ATL@@AAEXI@Z 10004747 f i Lights.obj
 0001:0000376c       ?Append@CParseBuffer@CRegParser@ATL@@QAEHPB_WH@Z 1000476c f i Lights.obj
 0001:000037fa       ?AtlCallTermFunc@ATL@@YGXPAU_ATL_MODULE70@1@@Z 100047fa f i Lights.obj
 0001:0000383e       ?AtlCoTaskMemCAlloc@ATL@@YAPAXKK@Z 1000483e f i Lights.obj
 0001:0000386b       ?AtlCoTaskMemRecalloc@ATL@@YAPAXPAXKK@Z 1000486b f i Lights.obj
 0001:0000389b       ?AtlComModuleGetClassObject@ATL@@YGJPAU_ATL_COM_MODULE70@1@ABU_GUID@@1PAPAX@Z 1000489b f i Lights.obj
 0001:0000398e       ?AtlComModuleRegisterServer@ATL@@YGJPAU_ATL_COM_MODULE70@1@HPBU_GUID@@@Z 1000498e f i Lights.obj
 0001:00003a16       ?AtlComModuleUnregisterServer@ATL@@YGJPAU_ATL_COM_MODULE70@1@HPBU_GUID@@@Z 10004a16 f i Lights.obj
 0001:00003a9e       ?AtlComQIPtrAssign2@ATL@@YAXPAPAUIUnknown@@PAU2@ABU_GUID@@@Z 10004a9e f i Lights.obj
 0001:00003acd       ?AtlCreateTargetDC@ATL@@YGPAUHDC__@@PAU2@PAUtagDVTARGETDEVICE@@@Z 10004acd f i Lights.obj
 0001:00003b36       ?AtlCrtErrorCheck@ATL@@YAHH@Z 10004b36 f i Lights.obj
 0001:00003b71       ?AtlHiMetricToPixel@ATL@@YGXPBUtagSIZE@@PAU2@@Z 10004b71 f i Lights.obj
 0001:00003be6       ?AtlHresultFromLastError@ATL@@YAJXZ 10004be6 f i Lights.obj
 0001:00003bfd       ?AtlHresultFromWin32@ATL@@YAJK@Z 10004bfd f i Lights.obj
 0001:00003c12       ?AtlIPersistStreamInit_Load@ATL@@YGJPAUIStream@@PBUATL_PROPMAP_ENTRY@1@PAXPAUIUnknown@@@Z 10004c12 f i Lights.obj
 0001:00003df2       ?AtlIPersistStreamInit_Save@ATL@@YGJPAUIStream@@HPBUATL_PROPMAP_ENTRY@1@PAXPAUIUnknown@@@Z 10004df2 f i Lights.obj
 0001:00003f8a       ?AtlInternalOleLoadFromStream@ATL@@YAJPAUIStream@@ABU_GUID@@PAPAXTClassesAllowedInStream@1@K@Z 10004f8a f i Lights.obj
 0001:000040b0       ?AtlInternalQueryInterface@ATL@@YGJPAXPBU_ATL_INTMAP_ENTRY@1@ABU_GUID@@PAPAX@Z 100050b0 f i Lights.obj
 0001:00004153       ?AtlLoadTypeLib@ATL@@YGJPAUHINSTANCE__@@PB_WPAPA_WPAPAUITypeLib@@@Z 10005153 f i Lights.obj
 0001:00004331       ?AtlModuleAddTermFunc@ATL@@YGJPAU_ATL_MODULE70@1@P6GXK@ZK@Z 10005331 f i Lights.obj
 0001:0000438e       ?AtlRegisterClassCategoriesHelper@ATL@@YGJABU_GUID@@PBU_ATL_CATMAP_ENTRY@1@H@Z 1000538e f i Lights.obj
 0001:0000466e       ?AtlRegisterTypeLib@ATL@@YGJPAUHINSTANCE__@@PB_W@Z 1000566e f i Lights.obj
 0001:000047f6       ?AtlThrowImpl@ATL@@YGXJ@Z  100057f6 f i Lights.obj
 0001:00004814       ?AtlUnRegisterTypeLib@ATL@@YGJPAUHINSTANCE__@@PB_W@Z 10005814 f i Lights.obj
 0001:000048bf       ?AtlWinModuleAddCreateWndData@ATL@@YGXPAU_ATL_WIN_MODULE70@1@PAU_AtlCreateWndData@1@PAX@Z 100058bf f i Lights.obj
 0001:00004913       ?AtlWinModuleExtractCreateWndData@ATL@@YGPAXPAU_ATL_WIN_MODULE70@1@@Z 10005913 f i Lights.obj
 0001:00004976       ?AtlWinModuleRegisterClassExW@ATL@@YGGPAU_ATL_WIN_MODULE70@1@PBUtagWNDCLASSEXW@@@Z 10005976 f i Lights.obj
 0001:000049b5       ?CanForceRemoveKey@CRegParser@ATL@@IAEHPB_W@Z 100059b5 f i Lights.obj
 0001:000049e4       ?ChToByte@CRegParser@ATL@@KAE_W@Z 100059e4 f i Lights.obj
 0001:00004a17       ?Cleanup@CComTypeInfoHolder@ATL@@SGXK@Z 10005a17 f i Lights.obj
 0001:00004a4a       ?ClearReplacements@CExpansionVector@ATL@@QAEJXZ 10005a4a f i Lights.obj
 0001:00004a87       ?Close@CRegKey@ATL@@QAEJXZ 10005a87 f i Lights.obj
 0001:00004aa1       ?Create@?$CWindowImpl@VCOPOSLights@@VCWindow@ATL@@V?$CWinTraits@$0FGAAAAAA@$0A@@3@@ATL@@QAEPAUHWND__@@PAU3@V_U_RECT@2@PB_WKKV_U_MENUorID@2@PAX@Z 10005aa1 f i Lights.obj
 0001:00004ae5       ?Create@?$CWindowImplBaseT@VCWindow@ATL@@V?$CWinTraits@$0FGAAAAAA@$0A@@2@@ATL@@QAEPAUHWND__@@PAU3@V_U_RECT@2@PB_WKKV_U_MENUorID@2@GPAX@Z 10005ae5 f i Lights.obj
 0001:00004b81       ?Create@CRegKey@ATL@@QAEJPAUHKEY__@@PB_WPA_WKKPAU_SECURITY_ATTRIBUTES@@PAK@Z 10005b81 f i Lights.obj
 0001:00004be4       ?CreateInstance@?$CComCreator@V?$CComAggObject@VCOPOSLights@@@ATL@@@ATL@@SGJPAXABU_GUID@@PAPAX@Z 10005be4 f i Lights.obj
 0001:00004c5a       ?CreateInstance@?$CComCreator@V?$CComObject@VCOPOSLights@@@ATL@@@ATL@@SGJPAXABU_GUID@@PAPAX@Z 10005c5a f i Lights.obj
 0001:00004cdb       ?CreateInstance@?$CComObject@V?$CComEnum@UIEnumConnectionPoints@@$1?_GUID_b196b285_bab4_101a_b69c_00aa00341d07@@3U__s_GUID@@BPAUIConnectionPoint@@V?$_CopyInterface@UIConnectionPoint@@@ATL@@VCComSingleThreadModel@6@@ATL@@@ATL@@SGJPAPAV12@@Z 10005cdb f i Lights.obj
 0001:00004d22       ?CreateInstance@?$CComObject@V?$CComEnum@UIEnumConnections@@$1?_GUID_b196b287_bab4_101a_b69c_00aa00341d07@@3U__s_GUID@@BUtagCONNECTDATA@@V?$_Copy@UtagCONNECTDATA@@@ATL@@VCComSingleThreadModel@6@@ATL@@@ATL@@SGJPAPAV12@@Z 10005d22 f i Lights.obj
 0001:00004d69       ?DefaultReflectionHandler@?$CWindowImplRoot@VCWindow@ATL@@@ATL@@SAHPAUHWND__@@IIJAAJ@Z 10005d69 f i Lights.obj
 0001:00004ddc       ?DeleteSubKey@CRegKey@ATL@@QAEJPB_W@Z 10005ddc f i Lights.obj
 0001:00004dff       ?DoEvent@COPOSLights@@IAEXIIJ@Z 10005dff f i Lights.obj
 0001:00004e7f       ?DoVerbHide@?$IOleObjectImpl@VCOPOSLights@@@ATL@@QAEJPBUtagRECT@@PAUHWND__@@@Z 10005e7f f i Lights.obj
 0001:00004eb5       ?DoVerbInPlaceActivate@?$IOleObjectImpl@VCOPOSLights@@@ATL@@QAEJPBUtagRECT@@PAUHWND__@@@Z 10005eb5 f i Lights.obj
 0001:00004ee8       ?DoVerbPrimary@?$IOleObjectImpl@VCOPOSLights@@@ATL@@QAEJPBUtagRECT@@PAUHWND__@@@Z 10005ee8 f i Lights.obj
 0001:00004f74       ?DoVerbProperties@CComControlBase@ATL@@QAEJPBUtagRECT@@PAUHWND__@@@Z 10005f74 f i Lights.obj
 0001:0000509b       ?DoVerbShow@?$IOleObjectImpl@VCOPOSLights@@@ATL@@QAEJPBUtagRECT@@PAUHWND__@@@Z 1000609b f i Lights.obj
 0001:000050c0       ?DoVerbUIActivate@?$IOleObjectImpl@VCOPOSLights@@@ATL@@QAEJPBUtagRECT@@PAUHWND__@@@Z 100060c0 f i Lights.obj
 0001:000050fd       ?DoesVerbActivate@CComControlBase@ATL@@QAEHJ@Z 100060fd f i Lights.obj
 0001:0000511e       ?DoesVerbUIActivate@CComControlBase@ATL@@QAEHJ@Z 1000611e f i Lights.obj
 0001:00005153       ?EndOfVar@CRegParser@ATL@@IAEHXZ 10006153 f i Lights.obj
 0001:00005173       ?EscapeSingleQuote@CAtlModule@ATL@@SAXPA_WIPB_W@Z 10006173 f i Lights.obj
 0001:000051c2       ?FindKey@?$CSimpleMap@PA_WPA_WVCExpansionVectorEqualHelper@ATL@@@ATL@@QBEHABQA_W@Z 100061c2 f i Lights.obj
 0001:000051f9       ?FireTheEvent@?$CProxy_IOPOSEvents@VCOPOSLights@@@@IAEXPAVOposVariant@@IAAJPB_WJ@Z 100061f9 f i Lights.obj
 0001:0000528b       ?FireViewChange@CComControlBase@ATL@@QAEJXZ 1000628b f i Lights.obj
 0001:000052d4       ?Fire_DirectIOEvent@?$CProxy_IOPOSEvents@VCOPOSLights@@@@QAEXJPAJPAPA_W@Z 100062d4 f i Lights.obj
 0001:000053ba       ?Fire_StatusUpdateEvent@?$CProxy_IOPOSEvents@VCOPOSLights@@@@QAEXJ@Z 100063ba f i Lights.obj
 0001:00005446       ?FreeHeap@?$CTempBuffer@_W$0EAA@VCCRTAllocator@ATL@@@ATL@@AAEXXZ 10006446 f i Lights.obj
 0001:00005446       ?FreeHeap@?$CTempBuffer@E$0BAA@VCCRTAllocator@ATL@@@ATL@@AAEXXZ 10006446 f i Lights.obj
 0001:00005446       ?FreeHeap@?$CTempBuffer@_W$0BAA@VCCRTAllocator@ATL@@@ATL@@AAEXXZ 10006446 f i Lights.obj
 0001:0000544f       ?GetAmbientLocaleID@CComControlBase@ATL@@QAEJAAK@Z 1000644f f i Lights.obj
 0001:000054ab       ?GetAmbientUserMode@CComControlBase@ATL@@QAEJAAH@Z 100064ab f i Lights.obj
 0001:0000551b       ?GetAt@CComDynamicUnkArray@ATL@@QAEPAUIUnknown@@H@Z 1000651b f i Lights.obj
 0001:00005537       ?GetClassObject@CComModule@ATL@@QAEJABU_GUID@@0PAPAX@Z 10006537 f i Lights.obj
 0001:000055d9       ?GetConnMap@COPOSLights@@SAPBU_ATL_CONNMAP_ENTRY@ATL@@PAH@Z 100065d9 f i Lights.obj
 0001:00005649       ?GetCookie@CComDynamicUnkArray@ATL@@QAGKPAPAUIUnknown@@@Z 10006649 f i Lights.obj
 0001:00005681       ?GetIDsOfNames@CComTypeInfoHolder@ATL@@QAEJABU_GUID@@PAPA_WIKPAJ@Z 10006681 f i Lights.obj
 0001:0000578f       ?GetKeyAt@?$CSimpleMap@PA_WPA_WVCExpansionVectorEqualHelper@ATL@@@ATL@@QBEAAPA_WH@Z 1000678f f i Lights.obj
 0001:000057b4       ?GetPagesHelper@?$ISpecifyPropertyPagesImpl@VCOPOSLights@@@ATL@@IAEJPAUtagCAUUID@@PBUATL_PROPMAP_ENTRY@2@@Z 100067b4 f i Lights.obj
 0001:000058db       ?GetProperty@?$CComPtr@UIDispatch@@@ATL@@SAJPAUIDispatch@@JPAUtagVARIANT@@@Z 100068db f i Lights.obj
 0001:0000592a       ?GetSizeMax@CComVariant@ATL@@QBEJPAT_ULARGE_INTEGER@@@Z 1000692a f i Lights.obj
 0001:00005ae4       ?GetStreamSize@CComBSTR@ATL@@SAKPA_W@Z 10006ae4 f i Lights.obj
 0001:00005afe       ?GetTI@CComTypeInfoHolder@ATL@@QAEJK@Z 10006afe f i Lights.obj
 0001:00005ce7       ?GetTI@CComTypeInfoHolder@ATL@@QAEJKPAPAUITypeInfo@@@Z 10006ce7 f i Lights.obj
 0001:00005d29       ?GetUnknown@CComDynamicUnkArray@ATL@@QAGPAUIUnknown@@K@Z 10006d29 f i Lights.obj
 0001:00005d4a       ?GetValueAt@?$CSimpleMap@PA_WPA_WVCExpansionVectorEqualHelper@ATL@@@ATL@@QBEAAPA_WH@Z 10006d4a f i Lights.obj
 0001:00005d70       ?GetZoomInfo@CComControlBase@ATL@@QAEXAAUATL_DRAWINFO@@@Z 10006d70 f i Lights.obj
 0001:00005e03       ?HKeyFromString@CRegParser@ATL@@KAPAUHKEY__@@PA_W@Z 10006e03 f i Lights.obj
 0001:00005e31       ?HasSubKeys@CRegParser@ATL@@IAEHPAUHKEY__@@@Z 10006e31 f i Lights.obj
 0001:00005e66       ?IDataObject_GetData@CComControlBase@ATL@@QAEJPAUtagFORMATETC@@PAUtagSTGMEDIUM@@@Z 10006e66 f i Lights.obj
 0001:0000600c       ?IOleInPlaceObject_InPlaceDeactivate@CComControlBase@ATL@@QAEJXZ 1000700c f i Lights.obj
 0001:00006093       ?IOleInPlaceObject_SetObjectRects@CComControlBase@ATL@@QAEJPBUtagRECT@@0@Z 10007093 f i Lights.obj
 0001:00006160       ?IOleInPlaceObject_UIDeactivate@CComControlBase@ATL@@QAEJXZ 10007160 f i Lights.obj
 0001:00006222       ?IOleObject_Advise@CComControlBase@ATL@@QAEJPAUIAdviseSink@@PAK@Z 10007222 f i Lights.obj
 0001:0000624c       ?IOleObject_Close@CComControlBase@ATL@@QAEJK@Z 1000724c f i Lights.obj
 0001:00006330       ?IOleObject_GetClientSite@CComControlBase@ATL@@QAEJPAPAUIOleClientSite@@@Z 10007330 f i Lights.obj
 0001:00006359       ?IOleObject_SetClientSite@CComControlBase@ATL@@QAEJPAUIOleClientSite@@@Z 10007359 f i Lights.obj
 0001:00006398       ?IOleObject_SetExtent@CComControlBase@ATL@@QAEJKPAUtagSIZE@@@Z 10007398 f i Lights.obj
 0001:0000644c       ?IPSI_GetIPersistStreamInit@?$IPersistStorageImpl@VCOPOSLights@@@ATL@@AAEPAUIPersistStreamInit@@XZ 1000744c f i Lights.obj
 0001:0000648e       ?IPersistStreamInit_Load@?$IPersistStreamInitImpl@VCOPOSLights@@@ATL@@QAEJPAUIStream@@PBUATL_PROPMAP_ENTRY@2@@Z 1000748e f i Lights.obj
 0001:000064ba       ?IPersistStreamInit_Save@?$IPersistStreamInitImpl@VCOPOSLights@@@ATL@@QAEJPAUIStream@@HPBUATL_PROPMAP_ENTRY@2@@Z 100074ba f i Lights.obj
 0001:000064ef       ?IQuickActivate_QuickActivate@CComControlBase@ATL@@QAEJPAUtagQACONTAINER@@PAUtagQACONTROL@@@Z 100074ef f i Lights.obj
 0001:00006731       ?IViewObject_Draw@CComControlBase@ATL@@QAEJKJPAXPAUtagDVTARGETDEVICE@@PAUHDC__@@2PBU_RECTL@@3@Z 10007731 f i Lights.obj
 0001:000067d9       ?InPlaceActivate@CComControlBase@ATL@@QAEJJPBUtagRECT@@@Z 100077d9 f i Lights.obj
 0001:00006a4a       ?Init@?$CComEnumImpl@UIEnumConnectionPoints@@$1?_GUID_b196b285_bab4_101a_b69c_00aa00341d07@@3U__s_GUID@@BPAUIConnectionPoint@@V?$_CopyInterface@UIConnectionPoint@@@ATL@@@ATL@@QAEJPAPAUIConnectionPoint@@0PAUIUnknown@@W4CComEnumFlags@2@@Z 10007a4a f i Lights.obj
 0001:00006b29       ?Init@?$CComEnumImpl@UIEnumConnections@@$1?_GUID_b196b287_bab4_101a_b69c_00aa00341d07@@3U__s_GUID@@BUtagCONNECTDATA@@V?$_Copy@UtagCONNECTDATA@@@ATL@@@ATL@@QAEJPAUtagCONNECTDATA@@0PAUIUnknown@@W4CComEnumFlags@2@@Z 10007b29 f i Lights.obj
 0001:00006c08       ?Init@CComModule@ATL@@QAEJPAU_ATL_OBJMAP_ENTRY30@2@PAUHINSTANCE__@@PBU_GUID@@@Z 10007c08 f i Lights.obj
 0001:00006c67       ?Init@CDynamicStdCallThunk2@ATL@@QAEHKPAX@Z 10007c67 f i Lights.obj
 0001:00006c92       ?InlineIsEqualUnknown@ATL@@YGHABU_GUID@@@Z 10007c92 f i Lights.obj
 0001:00006cba       ?InternalGetSite@CComControlBase@ATL@@QAEJABU_GUID@@PAPAX@Z 10007cba f i Lights.obj
 0001:00006ce8       ?InternalSetAtIndex@?$CSimpleMap@PA_WPA_WVCExpansionVectorEqualHelper@ATL@@@ATL@@QAEXHABQA_W0@Z 10007ce8 f i Lights.obj
 0001:00006d12       ?Invoke@CComTypeInfoHolder@ATL@@QAEJPAUIDispatch@@JABU_GUID@@KGPAUtagDISPPARAMS@@PAUtagVARIANT@@PAUtagEXCEPINFO@@PAI@Z 10007d12 f i Lights.obj
 0001:00006d55       ?IsEqualObject@?$CComPtrBase@UIOleClientSite@@@ATL@@QAE_NPAUIUnknown@@@Z 10007d55 f i Lights.obj
 0001:00006d55       ?IsEqualObject@?$CComPtrBase@UITypeInfo@@@ATL@@QAE_NPAUIUnknown@@@Z 10007d55 f i Lights.obj
 0001:00006dc2       ?IsSpace@CRegParser@ATL@@IAEH_W@Z 10007dc2 f i Lights.obj
 0001:00006dec       ?LoadNameCache@CComTypeInfoHolder@ATL@@QAEJPAUITypeInfo@@@Z 10007dec f i Lights.obj
 0001:00006f3a       ?Lookup@?$CSimpleMap@PA_WPA_WVCExpansionVectorEqualHelper@ATL@@@ATL@@QBEPA_WABQA_W@Z 10007f3a f i Lights.obj
 0001:00006f60       ?NextToken@CRegParser@ATL@@IAEJPA_W@Z 10007f60 f i Lights.obj
 0001:00007098       ?OnKillFocus@CComControlBase@ATL@@QAEJIIJAAH@Z 10008098 f i Lights.obj
 0001:000070f3       ?OnMouseActivate@CComControlBase@ATL@@QAEJIIJAAH@Z 100080f3 f i Lights.obj
 0001:00007161       ?OnPaint@CComControlBase@ATL@@QAEJIIJAAH@Z 10008161 f i Lights.obj
 0001:00007213       ?OnSetFocus@CComControlBase@ATL@@QAEJIIJAAH@Z 10008213 f i Lights.obj
 0001:0000729c       ?Open@CRegKey@ATL@@QAEJPAUHKEY__@@PB_WK@Z 1000829c f i Lights.obj
 0001:000072e5       ?PreProcessBuffer@CRegParser@ATL@@QAEJPA_WPAPA_W@Z 100082e5 f i Lights.obj
 0001:0000754f       ?ProcessWindowMessage@?$CComControl@VCOPOSLights@@V?$CWindowImpl@VCOPOSLights@@VCWindow@ATL@@V?$CWinTraits@$0FGAAAAAA@$0A@@3@@ATL@@@ATL@@UAEHPAUHWND__@@IIJAAJK@Z 1000854f f i Lights.obj
 0001:000075ee       ?PutProperty@?$CComPtr@UIDispatch@@@ATL@@SAJPAUIDispatch@@JPAUtagVARIANT@@@Z 100085ee f i Lights.obj
 0001:00007680       ?ReadFromStream@CComBSTR@ATL@@QAEJPAUIStream@@@Z 10008680 f i Lights.obj
 0001:000077ae       ?ReadFromStream@CComVariant@ATL@@QAEJPAUIStream@@GTClassesAllowedInStream@2@K@Z 100087ae f i Lights.obj
 0001:00007934       ?RecurseDeleteKey@CRegKey@ATL@@QAEJPB_W@Z 10008934 f i Lights.obj
 0001:000079f6       ?RegCreateKeyExW@CAtlTransactionManager@ATL@@QAEJPAUHKEY__@@PB_WKPA_WKKQAU_SECURITY_ATTRIBUTES@@PAPAU3@PAK@Z 100089f6 f i Lights.obj
 0001:00007a59       ?RegDeleteKeyW@CAtlTransactionManager@ATL@@QAEJPAUHKEY__@@PB_W@Z 10008a59 f i Lights.obj
 0001:00007aab       ?RegOpenKeyExW@CAtlTransactionManager@ATL@@QAEJPAUHKEY__@@PB_WKKPAPAU3@@Z 10008aab f i Lights.obj
 0001:00007b02       ?Register@_ATL_WNDCLASSINFOW@ATL@@QAEGPAP6GJPAUHWND__@@IIJ@Z@Z 10008b02 f i Lights.obj
 0001:00007b22       ?RegisterBuffer@CRegParser@ATL@@QAEJPA_WH@Z 10008b22 f i Lights.obj
 0001:00007c5b       ?RegisterFromResource@CRegObject@ATL@@IAEJPB_W00H@Z 10008c5b f i Lights.obj
 0001:00007d91       ?RegisterServer@?$CAtlModuleT@VCComModule@ATL@@@ATL@@QAEJHPBU_GUID@@@Z 10008d91 f i Lights.obj
 0001:00007dbf       ?RegisterServer@CComModule@ATL@@QAEJHPBU_GUID@@@Z 10008dbf f i Lights.obj
 0001:00007e35       ?RegisterSubkeys@CRegParser@ATL@@IAEJPA_WPAUHKEY__@@HH@Z 10008e35 f i Lights.obj
 0001:00008404       ?Remove@CComDynamicUnkArray@ATL@@QAEHK@Z 10009404 f i Lights.obj
 0001:0000842d       ?RemoveAll@?$CSimpleMap@PA_WPA_WVCExpansionVectorEqualHelper@ATL@@@ATL@@QAEXXZ 1000942d f i Lights.obj
 0001:00008459       ?ResourceRegisterSz@CRegObject@ATL@@QAGJPB_W00@Z 10009459 f i Lights.obj
 0001:00008486       ?ResourceUnregisterSz@CRegObject@ATL@@QAGJPB_W00@Z 10009486 f i Lights.obj
 0001:000084b3       ?SendOnDataChange@CComControlBase@ATL@@QAEJK@Z 100094b3 f i Lights.obj
 0001:00008500       ?SetControlFocus@CComControlBase@ATL@@QAEHH@Z 10009500 f i Lights.obj
 0001:0000859d       ?SetMultiStringValue@CRegKey@ATL@@QAEJPB_W0@Z 1000959d f i Lights.obj
 0001:000085f9       ?SetStringValue@CRegKey@ATL@@QAEJPB_W0K@Z 100095f9 f i Lights.obj
 0001:00008642       ?SkipAssignment@CRegParser@ATL@@IAEJPA_W@Z 10009642 f i Lights.obj
 0001:000086a7       ?SkipWhiteSpace@CRegParser@ATL@@IAEXXZ 100096a7 f i Lights.obj
 0001:000086c9       ?StrChrW@CRegParser@ATL@@KAPA_WPA_W_W@Z 100096c9 f i Lights.obj
 0001:00008706       ?Term@CAtlModule@ATL@@QAEXXZ 10009706 f i Lights.obj
 0001:0000873f       ?Term@CComModule@ATL@@QAEXXZ 1000973f f i Lights.obj
 0001:00008797       ?UnregisterServer@?$CAtlModuleT@VCComModule@ATL@@@ATL@@QAEJHPBU_GUID@@@Z 10009797 f i Lights.obj
 0001:000087bd       ?UnregisterServer@CComModule@ATL@@QAEJHPBU_GUID@@@Z 100097bd f i Lights.obj
 0001:00008833       ?UpdateRegistryFromResource@CAtlModule@ATL@@QAGJIHPAU_ATL_REGMAP_ENTRY@2@@Z 10009833 f i Lights.obj
 0001:000089fe       ?UpdateRegistryFromResource@CAtlModule@ATL@@QAGJPB_WHPAU_ATL_REGMAP_ENTRY@2@@Z 100099fe f i Lights.obj
 0001:00008bcf       ?VTFromRegType@CRegParser@ATL@@KAHPB_WAAG@Z 10009bcf f i Lights.obj
 0001:00008c3c       ?WindowProc@?$CWindowImplBaseT@VCWindow@ATL@@V?$CWinTraits@$0FGAAAAAA@$0A@@2@@ATL@@SGJPAUHWND__@@IIJ@Z 10009c3c f i Lights.obj
 0001:00008d2e       ?WriteToStream@CComBSTR@ATL@@QAEJPAUIStream@@@Z 10009d2e f i Lights.obj
 0001:00008d85       ?WriteToStream@CComVariant@ATL@@QAEJPAUIStream@@@Z 10009d85 f i Lights.obj
 0001:00008eff       ?WriteToStream@CComVariant@ATL@@QAEJPAUIStream@@G@Z 10009eff f i Lights.obj
 0001:00008f68       ?_AtlInitialConstruct@?$CComObjectRootEx@VCComMultiThreadModel@ATL@@@ATL@@QAEJXZ 10009f68 f i Lights.obj
 0001:00008f7d       ?_AtlVerifyStackAvailable@_ATL_SAFE_ALLOCA_IMPL@ATL@@YA_NK@Z 10009f7d f i Lights.obj
 0001:00008ffb       ?copy@?$_Copy@UtagCONNECTDATA@@@ATL@@SAJPAUtagCONNECTDATA@@PBU3@@Z 10009ffb f i Lights.obj
 0001:00009031       ?copy@?$_CopyInterface@UIConnectionPoint@@@ATL@@SAJPAPAUIConnectionPoint@@PBQAU3@@Z 1000a031 f i Lights.obj
 0001:0000905f       ?memcpy_s@Checked@ATL@@YAXPAXIPBXI@Z 1000a05f f i Lights.obj
 0001:0000907e       ?ocscpy_s@@YA_NPA_WIPB_W@Z 1000a07e f i Lights.obj
 0001:000090ad       ?ocslen@@YAHPB_W@Z         1000a0ad f i Lights.obj
 0001:000090cd       ?wcscpy_s@Checked@ATL@@YAXPA_WIPB_W@Z 1000a0cd f i Lights.obj
 0001:000090e9       _DllCanUnloadNow@0         1000a0e9 f   Lights.obj
 0001:000090f5       _DllGetClassObject@12      1000a0f5 f   Lights.obj
 0001:00009103       _DllMain@12                1000a103 f   Lights.obj
 0001:00009145       _DllRegisterServer@0       1000a145 f   Lights.obj
 0001:00009154       _DllUnregisterServer@0     1000a154 f   Lights.obj
 0001:00009163       _InlineIsEqualGUID         1000a163 f i Lights.obj
 0001:00009193       ___local_stdio_printf_options 1000a193 f i Lights.obj
 0001:00009199       __vswprintf_s_l            1000a199 f i Lights.obj
 0001:00009246       _swprintf_s                1000a246 f i Lights.obj
 0001:00009262       ??0?$CComControl@VCOPOSLights@@V?$CWindowImpl@VCOPOSLights@@VCWindow@ATL@@V?$CWinTraits@$0FGAAAAAA@$0A@@3@@ATL@@@ATL@@QAE@XZ 1000a262 f i LightsImpl.obj
 0001:00009289       ??0CComControlBase@ATL@@QAE@AAPAUHWND__@@@Z 1000a289 f i LightsImpl.obj
 0001:000092d3       ??0COPOSLights@@QAE@XZ     1000a2d3 f   LightsImpl.obj
 0001:00009322       ??1?$CComControl@VCOPOSLights@@V?$CWindowImpl@VCOPOSLights@@VCWindow@ATL@@V?$CWinTraits@$0FGAAAAAA@$0A@@3@@ATL@@@ATL@@UAE@XZ 1000a322 f i LightsImpl.obj
 0001:0000933b       ??1?$IConnectionPointImpl@VCOPOSLights@@$1?DIID__IOPOSLightsEvents@@3U_GUID@@BVCComDynamicUnkArray@ATL@@@ATL@@QAE@XZ 1000a33b f i LightsImpl.obj
 0001:0000933b       ??1?$IConnectionPointImpl@VCOPOSLights@@$1?IID_IPropertyNotifySink@@3U_GUID@@BVCComDynamicUnkArray@ATL@@@ATL@@QAE@XZ 1000a33b f i LightsImpl.obj
 0001:00009378       ??1CComControlBase@ATL@@UAE@XZ 1000a378 f i LightsImpl.obj
 0001:000093db       ??1COPOSLights@@UAE@XZ     1000a3db f   LightsImpl.obj
 0001:00009423       ??1OposVariantResult@@QAE@XZ 1000a423 f i LightsImpl.obj
 0001:00009444       ??1_CW@@QAE@XZ             1000a444 f i LightsImpl.obj
 0001:0000945d       ?CheckHealth@COPOSLights@@UAGJJPAJ@Z 1000a45d f   LightsImpl.obj
 0001:000094ac       ?ClaimDevice@COPOSLights@@UAGJJPAJ@Z 1000a4ac f   LightsImpl.obj
 0001:00009521       ?Close@COPOSLights@@UAGJPAJ@Z 1000a521 f   LightsImpl.obj
 0001:0000958f       ?CompareFirmwareVersion@COPOSLights@@UAGJPA_WPAJ1@Z 1000a58f f   LightsImpl.obj
 0001:0000960f       ?DirectIO@COPOSLights@@UAGJJPAJPAPA_W0@Z 1000a60f f   LightsImpl.obj
 0001:000096bd       ?DoInvoke@COPOSLights@@IAEJJPAVOposVariant@@IHPAJ_N@Z 1000a6bd f   LightsImpl.obj
 0001:0000977f       ?EventClose@COPOSLights@@IAEXXZ 1000a77f f i LightsImpl.obj
 0001:000097b2       ?EventInit@COPOSLights@@IAEJXZ 1000a7b2 f i LightsImpl.obj
 0001:0000987e       ?EventUninit@COPOSLights@@IAEXXZ 1000a87e f i LightsImpl.obj
 0001:000098d0       ?EventWindowProc@COPOSLights@@IAGJIIJ@Z 1000a8d0 f i LightsImpl.obj
 0001:00009947       ?FinalConstruct@COPOSLights@@QAEJXZ 1000a947 f   LightsImpl.obj
 0001:00009980       ?FireEventCleanup@COPOSLights@@IAEXXZ 1000a980 f i LightsImpl.obj
 0001:00009996       ?FireEventSetup@COPOSLights@@IAE_NXZ 1000a996 f i LightsImpl.obj
 0001:000099ca       ?FreezeEvents@COPOSLights@@MAGJH@Z 1000a9ca f   LightsImpl.obj
 0001:00009a1b       ?GetOposProp@COPOSLights@@IAEJJPAFJ@Z 1000aa1b f   LightsImpl.obj
 0001:00009a3e       ?GetOposProp@COPOSLights@@IAEJJPAJJ@Z 1000aa3e f   LightsImpl.obj
 0001:00009afc       ?GetOposProp@COPOSLights@@IAEJJPAPA_WJ@Z 1000aafc f   LightsImpl.obj
 0001:00009bc7       ?OnDraw@COPOSLights@@MAEJAAUATL_DRAWINFO@@@Z 1000abc7 f   LightsImpl.obj
 0001:00009c67       ?Open@COPOSLights@@UAGJPA_WPAJ@Z 1000ac67 f   LightsImpl.obj
 0001:0000a400       ?ReleaseDevice@COPOSLights@@UAGJPAJ@Z 1000b400 f   LightsImpl.obj
 0001:0000a44f       ?ResetStatistics@COPOSLights@@UAGJPA_WPAJ@Z 1000b44f f   LightsImpl.obj
 0001:0000a4a6       ?RetrieveStatistics@COPOSLights@@UAGJPAPA_WPAJ@Z 1000b4a6 f   LightsImpl.obj
 0001:0000a4fd       ?SOProcessID@COPOSLights@@UAGJPAJ@Z 1000b4fd f   LightsImpl.obj
 0001:0000a511       ?SetCOFreezeEvents@COPOSLights@@IAEXF@Z 1000b511 f   LightsImpl.obj
 0001:0000a59c       ?SetOposProp@COPOSLights@@IAEJJJJ@Z 1000b59c f   LightsImpl.obj
 0001:0000a67a       ?SwitchOff@COPOSLights@@UAGJJPAJ@Z 1000b67a f   LightsImpl.obj
 0001:0000a6c9       ?SwitchOn@COPOSLights@@UAGJJJJJJPAJ@Z 1000b6c9 f   LightsImpl.obj
 0001:0000a775       ?UpdateFirmware@COPOSLights@@UAGJPA_WPAJ@Z 1000b775 f   LightsImpl.obj
 0001:0000a7cc       ?UpdateStatistics@COPOSLights@@UAGJPA_WPAJ@Z 1000b7cc f   LightsImpl.obj
 0001:0000a823       ?get_BinaryConversion@COPOSLights@@UAGJPAJ@Z 1000b823 f   LightsImpl.obj
 0001:0000a839       ?get_CapAlarm@COPOSLights@@UAGJPAJ@Z 1000b839 f   LightsImpl.obj
 0001:0000a852       ?get_CapBlink@COPOSLights@@UAGJPAF@Z 1000b852 f   LightsImpl.obj
 0001:0000a86b       ?get_CapColor@COPOSLights@@UAGJPAJ@Z 1000b86b f   LightsImpl.obj
 0001:0000a884       ?get_CapCompareFirmwareVersion@COPOSLights@@UAGJPAF@Z 1000b884 f   LightsImpl.obj
 0001:0000a89d       ?get_CapPowerReporting@COPOSLights@@UAGJPAJ@Z 1000b89d f   LightsImpl.obj
 0001:0000a8b6       ?get_CapStatisticsReporting@COPOSLights@@UAGJPAF@Z 1000b8b6 f   LightsImpl.obj
 0001:0000a8cf       ?get_CapUpdateFirmware@COPOSLights@@UAGJPAF@Z 1000b8cf f   LightsImpl.obj
 0001:0000a8e8       ?get_CapUpdateStatistics@COPOSLights@@UAGJPAF@Z 1000b8e8 f   LightsImpl.obj
 0001:0000a901       ?get_CheckHealthText@COPOSLights@@UAGJPAPA_W@Z 1000b901 f   LightsImpl.obj
 0001:0000a91a       ?get_Claimed@COPOSLights@@UAGJPAF@Z 1000b91a f   LightsImpl.obj
 0001:0000a930       ?get_ControlObjectDescription@COPOSLights@@UAGJPAPA_W@Z 1000b930 f   LightsImpl.obj
 0001:0000a96d       ?get_ControlObjectVersion@COPOSLights@@UAGJPAJ@Z 1000b96d f   LightsImpl.obj
 0001:0000a980       ?get_DeviceDescription@COPOSLights@@UAGJPAPA_W@Z 1000b980 f   LightsImpl.obj
 0001:0000a999       ?get_DeviceEnabled@COPOSLights@@UAGJPAF@Z 1000b999 f   LightsImpl.obj
 0001:0000a9af       ?get_DeviceName@COPOSLights@@UAGJPAPA_W@Z 1000b9af f   LightsImpl.obj
 0001:0000a9c8       ?get_FreezeEvents@COPOSLights@@UAGJPAF@Z 1000b9c8 f   LightsImpl.obj
 0001:0000a9de       ?get_MaxLights@COPOSLights@@UAGJPAJ@Z 1000b9de f   LightsImpl.obj
 0001:0000a9f7       ?get_OpenResult@COPOSLights@@UAGJPAJ@Z 1000b9f7 f   LightsImpl.obj
 0001:0000aa0e       ?get_PowerNotify@COPOSLights@@UAGJPAJ@Z 1000ba0e f   LightsImpl.obj
 0001:0000aa24       ?get_PowerState@COPOSLights@@UAGJPAJ@Z 1000ba24 f   LightsImpl.obj
 0001:0000aa3a       ?get_ResultCode@COPOSLights@@UAGJPAJ@Z 1000ba3a f   LightsImpl.obj
 0001:0000aa78       ?get_ResultCodeExtended@COPOSLights@@UAGJPAJ@Z 1000ba78 f   LightsImpl.obj
 0001:0000aa8e       ?get_ServiceObjectDescription@COPOSLights@@UAGJPAPA_W@Z 1000ba8e f   LightsImpl.obj
 0001:0000aaa7       ?get_ServiceObjectVersion@COPOSLights@@UAGJPAJ@Z 1000baa7 f   LightsImpl.obj
 0001:0000aabd       ?get_State@COPOSLights@@UAGJPAJ@Z 1000babd f   LightsImpl.obj
 0001:0000aae9       ?put_BinaryConversion@COPOSLights@@UAGJJ@Z 1000bae9 f   LightsImpl.obj
 0001:0000aaff       ?put_DeviceEnabled@COPOSLights@@UAGJF@Z 1000baff f   LightsImpl.obj
 0001:0000ab1c       ?put_FreezeEvents@COPOSLights@@UAGJF@Z 1000bb1c f   LightsImpl.obj
 0001:0000ab68       ?put_PowerNotify@COPOSLights@@UAGJJ@Z 1000bb68 f   LightsImpl.obj
 0001:0000ab7e       ?s_EventWindowProc@COPOSLights@@KGJPAUHWND__@@IIJ@Z 1000bb7e f i LightsImpl.obj
 0001:0000abd0       ??_U@YAPAXI@Z              1000bbd0 f   LIBCMT:new_array.obj
 0001:0000abd9       ??3@YAXPAXI@Z              1000bbd9 f   LIBCMT:delete_scalar_size.obj
 0001:0000abe7       ??_V@YAXPAX@Z              1000bbe7 f   LIBCMT:delete_array.obj
 0001:0000abec       ??_V@YAXPAXI@Z             1000bbec f   LIBCMT:delete_array_size.obj
 0001:0000abfa       ??$__crt_fast_encode_pointer@P6GXPAU_RTL_CONDITION_VARIABLE@@@Z@@YAP6GXPAU_RTL_CONDITION_VARIABLE@@@ZQ6GX0@Z@Z 1000bbfa f i LIBCMT:thread_safe_statics.obj
 0001:0000abfa       ??$__crt_fast_encode_pointer@P6GHPAU_RTL_CONDITION_VARIABLE@@PAU_RTL_CRITICAL_SECTION@@K@Z@@YAP6GHPAU_RTL_CONDITION_VARIABLE@@PAU_RTL_CRITICAL_SECTION@@K@ZQ6GH01K@Z@Z 1000bbfa f i LIBCMT:thread_safe_statics.obj
 0001:0000abfa       ??$__crt_fast_encode_pointer@PAP6AXXZ@@YAPAP6AXXZQAP6AXXZ@Z 1000bbfa f i LIBCMT:utility.obj
 0001:0000abfa       ??$__crt_fast_encode_pointer@PAX@@YAPAXQAX@Z 1000bbfa f i libvcruntime:winapi_downlevel.obj
 0001:0000ac5b       ___scrt_acquire_startup_lock 1000bc5b f   LIBCMT:utility.obj
 0001:0000ac8d       ___scrt_dllmain_after_initialize_c 1000bc8d f   LIBCMT:utility.obj
 0001:0000acb8       ___scrt_dllmain_before_initialize_c 1000bcb8 f   LIBCMT:utility.obj
 0001:0000acc6       ___scrt_dllmain_crt_thread_attach 1000bcc6 f   LIBCMT:utility.obj
 0001:0000ace5       ___scrt_dllmain_crt_thread_detach 1000bce5 f   LIBCMT:utility.obj
 0001:0000acf2       ___scrt_dllmain_exception_filter 1000bcf2 f   LIBCMT:utility.obj
 0001:0000ad26       ___scrt_dllmain_uninitialize_c 1000bd26 f   LIBCMT:utility.obj
 0001:0000ad49       ___scrt_dllmain_uninitialize_critical 1000bd49 f   LIBCMT:utility.obj
 0001:0000ad56       ___scrt_initialize_crt     1000bd56 f   LIBCMT:utility.obj
 0001:0000ad8f       ___scrt_initialize_onexit_tables 1000bd8f f   LIBCMT:utility.obj
 0001:0000ae34       ___scrt_is_nonwritable_in_current_image 1000be34 f   LIBCMT:utility.obj
 0001:0000aec8       ___scrt_release_startup_lock 1000bec8 f   LIBCMT:utility.obj
 0001:0000aee5       ___scrt_uninitialize_crt   1000bee5 f   LIBCMT:utility.obj
 0001:0000af0d       __onexit                   1000bf0d f   LIBCMT:utility.obj
 0001:0000af48       _atexit                    1000bf48 f   LIBCMT:utility.obj
 0001:0000af5d       ??3@YAXPAX@Z               1000bf5d f   LIBCMT:delete_scalar.obj
 0001:0000b094       __Init_thread_footer       1000c094 f   LIBCMT:thread_safe_statics.obj
 0001:0000b0de       __Init_thread_header       1000c0de f   LIBCMT:thread_safe_statics.obj
 0001:0000b130       __Init_thread_notify       1000c130 f   LIBCMT:thread_safe_statics.obj
 0001:0000b172       __Init_thread_wait         1000c172 f   LIBCMT:thread_safe_statics.obj
 0001:0000b1d2       ___raise_securityfailure   1000c1d2 f   LIBCMT:gs_report.obj
 0001:0000b1fa       ___report_gsfailure        1000c1fa f   LIBCMT:gs_report.obj
 0001:0000b2f3       ___report_rangecheckfailure 1000c2f3 f   LIBCMT:gs_report.obj
 0001:0000b2ff       ___report_securityfailure  1000c2ff f   LIBCMT:gs_report.obj
 0001:0000b3cd       ??2@YAPAXIABUnothrow_t@std@@@Z 1000c3cd f   LIBCMT:new_scalar_nothrow.obj
 0001:0000b41d       ??_U@YAPAXIABUnothrow_t@std@@@Z 1000c41d f   LIBCMT:new_array_nothrow.obj
 0001:0000b426       @__security_check_cookie@4 1000c426 f   LIBCMT:_secchk_.obj
 0001:0000b440       __SEH_prolog4_GS           1000c440 f   LIBCMT:_sehprolg4gs_.obj
 0001:0000b489       __SEH_epilog4_GS           1000c489 f   LIBCMT:_sehprolg4gs_.obj
 0001:0000b4a0       __alloca_probe_16          1000c4a0 f   LIBCMT:alloca16.obj
 0001:0000b4b6       __alloca_probe_8           1000c4b6     LIBCMT:alloca16.obj
 0001:0000b4d0       __alloca_probe             1000c4d0 f   LIBCMT:chkstk.obj
 0001:0000b4d0       __chkstk                   1000c4d0 f   LIBCMT:chkstk.obj
 0001:0000b81d       __DllMainCRTStartup@12     1000c81d f   LIBCMT:dll_dllmain.obj
 0001:0000b840       ??2@YAPAXI@Z               1000c840 f   LIBCMT:new_scalar.obj
 0001:0000b870       ___isa_available_init      1000c870 f   LIBCMT:_cpu_disp_.obj
 0001:0000ba07       ___scrt_is_ucrt_dll_in_use 1000ca07 f   LIBCMT:ucrt_detection.obj
 0001:0000ba13       ___scrt_fastfail           1000ca13 f   LIBCMT:utility_desktop.obj
 0001:0000bb2d       __crt_debugger_hook        1000cb2d f   LIBCMT:utility_desktop.obj
 0001:0000bb40       __SEH_prolog4              1000cb40 f   LIBCMT:_sehprolg4_.obj
 0001:0000bb86       __SEH_epilog4              1000cb86 f   LIBCMT:_sehprolg4_.obj
 0001:0000bb9b       @_guard_check_icall_nop@4  1000cb9b f i LIBCMT:guard_support.obj
 0001:0000bbe9       ___security_init_cookie    1000cbe9 f   LIBCMT:gs_support.obj
 0001:0000bc34       ?__scrt_initialize_type_info@@YAXXZ 1000cc34 f   LIBCMT:tncleanup.obj
 0001:0000bc40       ?__scrt_uninitialize_type_info@@YAXXZ 1000cc40 f   LIBCMT:tncleanup.obj
 0001:0000bc4c       ___local_stdio_scanf_options 1000cc4c f i LIBCMT:default_local_stdio_options.obj
 0001:0000bc52       ___scrt_initialize_default_local_stdio_options 1000cc52 f   LIBCMT:default_local_stdio_options.obj
 0001:0000bc6f       ___scrt_get_dyn_tls_init_callback 1000cc6f f   LIBCMT:dyn_tls_init.obj
 0001:0000bc75       __RTC_Initialize           1000cc75 f   LIBCMT:_initsect_.obj
 0001:0000bca1       __RTC_Terminate            1000cca1 f   LIBCMT:_initsect_.obj
 0001:0000bccd       ??0bad_alloc@std@@QAE@ABV01@@Z 1000cccd f i LIBCMT:throw_bad_alloc.obj
 0001:0000bce8       ??0bad_alloc@std@@QAE@XZ   1000cce8 f i LIBCMT:throw_bad_alloc.obj
 0001:0000bd00       ??0bad_array_new_length@std@@QAE@ABV01@@Z 1000cd00 f i LIBCMT:throw_bad_alloc.obj
 0001:0000bd1b       ??0bad_array_new_length@std@@QAE@XZ 1000cd1b f i LIBCMT:throw_bad_alloc.obj
 0001:0000bd33       ??0exception@std@@QAE@ABV01@@Z 1000cd33 f i LIBCMT:throw_bad_alloc.obj
 0001:0000bd5f       ??1bad_exception@std@@UAE@XZ 1000cd5f f i libvcruntime:frame.obj
 0001:0000bd5f       ??1bad_alloc@std@@UAE@XZ   1000cd5f f i LIBCMT:throw_bad_alloc.obj
 0001:0000bd5f       ??1bad_array_new_length@std@@UAE@XZ 1000cd5f f i LIBCMT:throw_bad_alloc.obj
 0001:0000bd70       ??_Gbad_array_new_length@std@@UAEPAXI@Z 1000cd70 f i LIBCMT:throw_bad_alloc.obj
 0001:0000bd70       ??_Gexception@std@@UAEPAXI@Z 1000cd70 f i LIBCMT:throw_bad_alloc.obj
 0001:0000bd70       ??_Ebad_array_new_length@std@@UAEPAXI@Z 1000cd70 f i LIBCMT:throw_bad_alloc.obj
 0001:0000bd70       ??_Ebad_alloc@std@@UAEPAXI@Z 1000cd70 f i LIBCMT:throw_bad_alloc.obj
 0001:0000bd70       ??_Gbad_exception@std@@UAEPAXI@Z 1000cd70 f i libvcruntime:frame.obj
 0001:0000bd70       ??_Eexception@std@@UAEPAXI@Z 1000cd70 f i LIBCMT:throw_bad_alloc.obj
 0001:0000bd70       ??_Gbad_alloc@std@@UAEPAXI@Z 1000cd70 f i LIBCMT:throw_bad_alloc.obj
 0001:0000bd70       ??_Ebad_exception@std@@UAEPAXI@Z 1000cd70 f i libvcruntime:frame.obj
 0001:0000bd9d       ?__scrt_throw_std_bad_alloc@@YAXXZ 1000cd9d f   LIBCMT:throw_bad_alloc.obj
 0001:0000bdba       ?__scrt_throw_std_bad_array_new_length@@YAXXZ 1000cdba f   LIBCMT:throw_bad_alloc.obj
 0001:0000bdd7       ?what@exception@std@@UBEPBDXZ 1000cdd7 f i LIBCMT:throw_bad_alloc.obj
 0001:0000bde4       ??_Etype_info@@UAEPAXI@Z   1000cde4 f i LIBCMT:std_type_info_static.obj
 0001:0000bde4       ??_Gtype_info@@UAEPAXI@Z   1000cde4 f i LIBCMT:std_type_info_static.obj
 0001:0000be07       ??0CAtlBaseModule@ATL@@QAE@XZ 1000ce07 f   atls:atlbase.obj
 0001:0000be5a       ??0_ATL_BASE_MODULE70@ATL@@QAE@XZ 1000ce5a f i atls:atlbase.obj
 0001:0000be7d       ??1CAtlBaseModule@ATL@@QAE@XZ 1000ce7d f   atls:atlbase.obj
 0001:0000bf6a       ?Init@_stdcallthunk@ATL@@QAEHKPAX@Z 1000cf6a f i atls:atlthunk.obj
 0001:0000bf9f       ?__AllocStdCallThunk_cmn@@YAPAXXZ 1000cf9f f   atls:atlthunk.obj
 0001:0000c065       ?__FreeStdCallThunk_cmn@@YAXPAX@Z 1000d065 f   atls:atlthunk.obj
 0001:0000c100       _AtlThunk_AllocateData@0   1000d100 f   atls:atlthunk.obj
 0001:0000c165       _AtlThunk_DataToCode@4     1000d165 f   atls:atlthunk.obj
 0001:0000c1ac       _AtlThunk_FreeData@4       1000d1ac f   atls:atlthunk.obj
 0001:0000c202       _AtlThunk_InitData@12      1000d202 f   atls:atlthunk.obj
 0001:0000c251       __get_purecall_handler     1000d251 f   libvcruntime:purevirt.obj
[...]
 0002:00002a20       ?candidate_modules@?1??try_get_LCMapStringEx@@YAP6GHPB_WK0HPA_WHPAU_nlsversioninfo@@PAXJ@ZXZ@4QBW4module_id@?A0x391cf84c@@B 10020a20     libucrt:winapi_thunks.obj
 0002:00002a38       ?candidate_modules@?1??try_get_LocaleNameToLCID@@YAP6GKPB_WK@ZXZ@4QBW4module_id@?A0x391cf84c@@B 10020a38     libucrt:winapi_thunks.obj
 0002:00002a54       ?candidate_modules@?1??try_get_AppPolicyGetProcessTerminationMethod@@YAP6GJPAXPAW4AppPolicyProcessTerminationMethod@@@ZXZ@4QBW4module_id@?A0x391cf84c@@B 10020a54     libucrt:winapi_thunks.obj
 0002:00002a80       ?candidate_modules@?1??try_get_SetThreadStackGuarantee@@YAP6GHPAK@ZXZ@4QBW4module_id@?A0x391cf84c@@B 10020a80     libucrt:winapi_thunks.obj
 0002:00002fac       ?_mb_locale_names@@3QBQB_WB 10020fac     libucrt:mbctype.obj
 0002:000037f8       ?LcidToLocaleNameTable@?A0x881e4c05@@3QBULcidToLocaleName@1@B 100217f8     libucrt:lcidtoname_downlevel.obj
 0002:00004920       ?LocaleNameToIndexTable@?A0x881e4c05@@3QBULocaleNameIndex@1@B 10022920     libucrt:lcidtoname_downlevel.obj
 0002:00006260       LOG_name                   10024260     libucrt:log10.obj
 0002:00006270       _One                       10024270     libucrt:ceil_pentium4.obj
 0002:00006280       _Bns                       10024280     libucrt:ceil_pentium4.obj
 0002:00006290       _Zero                      10024290     libucrt:ceil_pentium4.obj
 0002:000062a0       _S                         100242a0     libucrt:ceil_pentium4.obj
 0002:000062b0       _NegZero                   100242b0     libucrt:ceil_pentium4.obj
 0002:000062c0       emask                      100242c0     libucrt:log10_pentium4.obj
 0002:000062d0       CC                         100242d0     libucrt:log10_pentium4.obj
 0002:000062e0       Magic                      100242e0     libucrt:log10_pentium4.obj
 0002:000062f0       hi_mask                    100242f0     libucrt:log10_pentium4.obj
 0002:00006300       LOG10_2                    10024300     libucrt:log10_pentium4.obj
 0002:00006310       place_L                    10024310     libucrt:log10_pentium4.obj
 0002:00006330       One                        10024330     libucrt:log10_pentium4.obj
 0002:00006340       Zero                       10024340     libucrt:log10_pentium4.obj
 0002:00006350       Two52                      10024350     libucrt:log10_pentium4.obj
 0002:00006360       Infs                       10024360     libucrt:log10_pentium4.obj
 0002:00006370       NaN                        10024370     libucrt:log10_pentium4.obj
 0002:00006380       coeff                      10024380     libucrt:log10_pentium4.obj
 0002:000063de       _log2max                   100243de     libucrt:87tran.obj
 0002:000063e8       _smallarg                  100243e8     libucrt:87tran.obj
 0002:000063f2       _half                      100243f2     libucrt:87tran.obj
 0002:0000643e       One                        1002443e     libucrt:87disp.obj
 0002:00006446       Three                      10024446     libucrt:87disp.obj
 0002:0000644e       XAMtoTagTab                1002444e     libucrt:87disp.obj
 0002:00006460       One                        10024460     libucrt:common.obj
 0002:00006474       DblMax                     10024474     libucrt:common.obj
 0002:0000647c       DblMin                     1002447c     libucrt:common.obj
 0002:00006484       IeeeAdjO                   10024484     libucrt:common.obj
 0002:0000648c       IeeeAdjU                   1002448c     libucrt:common.obj
 0002:00006494       _infinity                  10024494     libucrt:common.obj
 0002:0000649c       _zero                      1002449c     libucrt:common.obj
 0002:000064d8       _over                      100244d8     libucrt:fpctrl.obj
 0002:000064e4       _under                     100244e4     libucrt:fpctrl.obj
 0002:00006d18       ?_names@?1??_get_fname@@9@9 10024d18     libucrt:fpexcept.obj
 0002:00007578       __sehtable$?_AtlVerifyStackAvailable@_ATL_SAFE_ALLOCA_IMPL@ATL@@YA_NK@Z 10025578     Lights.obj
 0002:00007598       __sehtable$___scrt_is_nonwritable_in_current_image 10025598     LIBCMT:utility.obj
 0002:000075b4       __ehfuncinfo$?__scrt_initialize_thread_safe_statics_platform_specific@@YAXXZ 100255b4     LIBCMT:thread_safe_statics.obj
 0002:000075d8       __catchsym$??2@YAPAXIABUnothrow_t@std@@@Z$2 100255d8     LIBCMT:new_scalar_nothrow.obj
 0002:000075e8       __unwindtable$??2@YAPAXIABUnothrow_t@std@@@Z 100255e8     LIBCMT:new_scalar_nothrow.obj
 0002:000075f8       __tryblocktable$??2@YAPAXIABUnothrow_t@std@@@Z 100255f8     LIBCMT:new_scalar_nothrow.obj
 0002:0000760c       __ehfuncinfo$??2@YAPAXIABUnothrow_t@std@@@Z 1002560c     LIBCMT:new_scalar_nothrow.obj
 0002:00007630       __sehtable$?dllmain_crt_process_attach@@YAHQAUHINSTANCE__@@QAX@Z 10025630     LIBCMT:dll_dllmain.obj
 0002:00007650       __sehtable$?dllmain_crt_process_detach@@YAH_N@Z 10025650     LIBCMT:dll_dllmain.obj
 0002:00007670       __sehtable$?dllmain_dispatch@@YAHQAUHINSTANCE__@@KQAX@Z 10025670     LIBCMT:dll_dllmain.obj
 0002:00007720       __sehtable$?FrameUnwindToState@__FrameHandler3@@SAXPAUEHRegistrationNode@@PAXPBU_s_FuncInfo@@H@Z 10025720     libvcruntime:frame.obj
 0002:00007748       __sehtable$?CallCatchBlock@@YAPAXPAUEHExceptionRecord@@PAUEHRegistrationNode@@PAU_CONTEXT@@PBU_s_FuncInfo@@PAXHK@Z 10025748     libvcruntime:frame.obj
 0002:00007770       __catchsym$?CallUnexpected@@YAXPBU_s_ESTypeList@@@Z$2 10025770     libvcruntime:frame.obj
 0002:00007780       __unwindtable$?CallUnexpected@@YAXPBU_s_ESTypeList@@@Z 10025780     libvcruntime:frame.obj
 0002:00007790       __tryblocktable$?CallUnexpected@@YAXPBU_s_ESTypeList@@@Z 10025790     libvcruntime:frame.obj
 0002:000077a4       __ehfuncinfo$?CallUnexpected@@YAXPBU_s_ESTypeList@@@Z 100257a4     libvcruntime:frame.obj
 0002:000077c8       __sehtable$??$BuildCatchObjectHelperInternal@$$CBU_s_HandlerType@@@@YAHPAUEHExceptionRecord@@PAXPBU_s_HandlerType@@PBU_s_CatchableType@@@Z 100257c8     libvcruntime:frame.obj
 0002:000077e8       __sehtable$??$BuildCatchObjectInternal@$$CBU_s_HandlerType@@@@YAXPAUEHExceptionRecord@@PAXPBU_s_HandlerType@@PBU_s_CatchableType@@@Z 100257e8     libvcruntime:frame.obj
 0002:00007840       __sehtable$___DestructExceptionObject 10025840     libvcruntime:ehhelpers.obj
 0002:00007860       __sehtable$??R<lambda_6e4b09c48022b2350581041d5f6b0c4c>@@QBE@XZ 10025860     libucrt:exit.obj
 0002:00007880       __sehtable$??$?RV<lambda_03b1d95aef87969028cfba75ccab2455>@@AAV<lambda_6e4b09c48022b2350581041d5f6b0c4c>@@V<lambda_22bdf7517842c4b3e53723af5aa32b9e>@@@?$__crt_seh_guarded_call@X@@QAEX$$QAV<lambda_03b1d95aef87969028cfba75ccab2455>@@AAV<lambda_6e4b09c48022b2350581041d5f6b0c4c>@@$$QAV<lambda_22bdf7517842c4b3e53723af5aa32b9e>@@@Z 10025880     libucrt:exit.obj
 0002:000078a0       __sehtable$??$?RV<lambda_8e746cf0007f6ed984d6f78af1fec997>@@AAV<lambda_22ebabd17bc4fa466a2aca6d8deb888d>@@V<lambda_18ed0c0b38a6dc0daf1e7ac6d6adf05e>@@@?$__crt_seh_guarded_call@H@@QAEH$$QAV<lambda_8e746cf0007f6ed984d6f78af1fec997>@@AAV<lambda_22ebabd17bc4fa466a2aca6d8deb888d>@@$$QAV<lambda_18ed0c0b38a6dc0daf1e7ac6d6adf05e>@@@Z 100258a0     libucrt:onexit.obj
 0002:000078c0       __sehtable$??$?RV<lambda_69a2805e680e0e292e8ba93315fe43a8>@@AAV<lambda_f03950bc5685219e0bcd2087efbe011e>@@V<lambda_03fcd07e894ec930e3f35da366ca99d6>@@@?$__crt_seh_guarded_call@H@@QAEH$$QAV<lambda_69a2805e680e0e292e8ba93315fe43a8>@@AAV<lambda_f03950bc5685219e0bcd2087efbe011e>@@$$QAV<lambda_03fcd07e894ec930e3f35da366ca99d6>@@@Z 100258c0     libucrt:onexit.obj
 0002:000078e0       __sehtable$__query_new_handler 100258e0     libucrt:new_handler.obj
 0002:00007900       __sehtable$_terminate      10025900     libucrt:terminate.obj
 0002:00007920       __sehtable$??$?RV<lambda_15ade71b0218206bbe3333a0c9b79046>@@AAV<lambda_da44e0f8b0f19ba52fefafb335991732>@@V<lambda_207f2d024fc103971653565357d6cd41>@@@?$__crt_seh_guarded_call@X@@QAEX$$QAV<lambda_15ade71b0218206bbe3333a0c9b79046>@@AAV<lambda_da44e0f8b0f19ba52fefafb335991732>@@$$QAV<lambda_207f2d024fc103971653565357d6cd41>@@@Z 10025920     libucrt:per_thread_data.obj
 0002:00007940       __sehtable$??$?RV<lambda_a7e850c220f1c8d1e6efeecdedd162c6>@@AAV<lambda_46720907175c18b6c9d2717bc0d2d362>@@V<lambda_9048902d66e8d99359bc9897bbb930a8>@@@?$__crt_seh_guarded_call@X@@QAEX$$QAV<lambda_a7e850c220f1c8d1e6efeecdedd162c6>@@AAV<lambda_46720907175c18b6c9d2717bc0d2d362>@@$$QAV<lambda_9048902d66e8d99359bc9897bbb930a8>@@@Z 10025940     libucrt:per_thread_data.obj
 0002:00007960       __sehtable$??$?RV<lambda_38edbb1296d33220d7e4dd0ed76b244a>@@AAV<lambda_5ce1d447e08cb34b2473517608e21441>@@V<lambda_fb385d3da700c9147fc39e65dd577a8c>@@@?$__crt_seh_guarded_call@X@@QAEX$$QAV<lambda_38edbb1296d33220d7e4dd0ed76b244a>@@AAV<lambda_5ce1d447e08cb34b2473517608e21441>@@$$QAV<lambda_fb385d3da700c9147fc39e65dd577a8c>@@@Z 10025960     libucrt:per_thread_data.obj
 0002:00007980       __sehtable$??$?RV<lambda_6affb1475c98b40b75cdec977db92e3c>@@AAV<lambda_b8d4b9c228a6ecc3f80208dbb4b4a104>@@V<lambda_608742c3c92a14382c1684fc64f96c88>@@@?$__crt_seh_guarded_call@X@@QAEX$$QAV<lambda_6affb1475c98b40b75cdec977db92e3c>@@AAV<lambda_b8d4b9c228a6ecc3f80208dbb4b4a104>@@$$QAV<lambda_608742c3c92a14382c1684fc64f96c88>@@@Z 10025980     libucrt:per_thread_data.obj
 0002:000079a0       __sehtable$??$?RV<lambda_e5124f882df8998aaf41531e079ba474>@@AAV<lambda_3e16ef9562a7dcce91392c22ab16ea36>@@V<lambda_e25ca0880e6ef98be67edffd8c599615>@@@?$__crt_seh_guarded_call@X@@QAEX$$QAV<lambda_e5124f882df8998aaf41531e079ba474>@@AAV<lambda_3e16ef9562a7dcce91392c22ab16ea36>@@$$QAV<lambda_e25ca0880e6ef98be67edffd8c599615>@@@Z 100259a0     libucrt:wsetlocale.obj
 0002:000079c0       __sehtable$___acrt_initialize_lowio 100259c0     libucrt:ioinit.obj
 0002:000079e0       __sehtable$?update_thread_multibyte_data_internal@@YAPAU__crt_multibyte_data@@QAU__acrt_ptd@@QAU1@@Z 100259e0     libucrt:mbctype.obj
 0002:00007a00       __sehtable$??$?RV<lambda_ceb1ee4838e85a9d631eb091e2fbe199>@@AAV<lambda_ae742caa10f662c28703da3d2ea5e57e>@@V<lambda_cd08b5d6af4937fe54fc07d0c9bf6b37>@@@?$__crt_seh_guarded_call@X@@QAEX$$QAV<lambda_ceb1ee4838e85a9d631eb091e2fbe199>@@AAV<lambda_ae742caa10f662c28703da3d2ea5e57e>@@$$QAV<lambda_cd08b5d6af4937fe54fc07d0c9bf6b37>@@@Z 10025a00     libucrt:mbctype.obj
 0002:00007a20       __sehtable$_raise          10025a20     libucrt:signal.obj
 0002:00007a40       __sehtable$??$?RV<lambda_cbab9ec6f41b0180b23cc171c22676b0>@@AAV<lambda_44731a7d0e6d81c3e6aa82d741081786>@@V<lambda_4b292cb8dd18144e164572427af410ab>@@@?$__crt_seh_guarded_call@P6AXH@Z@@QAEP6AXH@Z$$QAV<lambda_cbab9ec6f41b0180b23cc171c22676b0>@@AAV<lambda_44731a7d0e6d81c3e6aa82d741081786>@@$$QAV<lambda_4b292cb8dd18144e164572427af410ab>@@@Z 10025a40     libucrt:signal.obj
 0002:00007a60       __sehtable$___acrt_update_thread_locale_data 10025a60     libucrt:locale_refcounting.obj
 0002:00007a80       __sehtable$__fcloseall     10025a80     libucrt:closeall.obj
 0002:00007aa0       __sehtable$??$?RV<lambda_2866be3712abc81a800a822484c830d8>@@AAV<lambda_39ca0ed439415581b5b15c265174cece>@@V<lambda_2b24c74d71094a6cd0cb82e44167d71b>@@@?$__crt_seh_guarded_call@X@@QAEX$$QAV<lambda_2866be3712abc81a800a822484c830d8>@@AAV<lambda_39ca0ed439415581b5b15c265174cece>@@$$QAV<lambda_2b24c74d71094a6cd0cb82e44167d71b>@@@Z 10025aa0     libucrt:fflush.obj
 0002:00007ac0       __sehtable$??$?RV<lambda_2cc53f568c5a2bb6f192f930a45d44ea>@@AAV<lambda_ab61a845afdef5b7c387490eaf3616ee>@@V<lambda_c2ffc0b7726aa6be21d5f0026187e748>@@@?$__crt_seh_guarded_call@X@@QAEX$$QAV<lambda_2cc53f568c5a2bb6f192f930a45d44ea>@@AAV<lambda_ab61a845afdef5b7c387490eaf3616ee>@@$$QAV<lambda_c2ffc0b7726aa6be21d5f0026187e748>@@@Z 10025ac0     libucrt:fflush.obj
 0002:00007ae0       __sehtable$___acrt_lowio_ensure_fh_exists 10025ae0     libucrt:osfinfo.obj
 0002:00007b00       __sehtable$__write         10025b00     libucrt:write.obj
 0002:00007b20       __sehtable$_fclose         10025b20     libucrt:fclose.obj
 0002:00007b40       __sehtable$??$?RV<lambda_9e9de3de5fa147e2223d7db92bc10aa6>@@AAV<lambda_38ce7e780aa69e748d6df282ebc68efe>@@V<lambda_8ca6da459f0f6780f1cff60fdc3d00e5>@@@?$__crt_seh_guarded_call@H@@QAEH$$QAV<lambda_9e9de3de5fa147e2223d7db92bc10aa6>@@AAV<lambda_38ce7e780aa69e748d6df282ebc68efe>@@$$QAV<lambda_8ca6da459f0f6780f1cff60fdc3d00e5>@@@Z 10025b40     libucrt:commit.obj
 0002:00007b60       __sehtable$??$?RV<lambda_218ce3db14220d0be481dae8ef3383b6>@@AAV<lambda_628dfdc04ba53c8bfc02c9951375f3f5>@@V<lambda_57dc472bd5c9d5f3b2cbca59b8a843ae>@@@?$__crt_seh_guarded_call@H@@QAEH$$QAV<lambda_218ce3db14220d0be481dae8ef3383b6>@@AAV<lambda_628dfdc04ba53c8bfc02c9951375f3f5>@@$$QAV<lambda_57dc472bd5c9d5f3b2cbca59b8a843ae>@@@Z 10025b60     libucrt:close.obj
 0002:00007b80       __sehtable$__IsNonwritableInCurrentImage 10025b80     LIBCMT:pesect.obj
 0002:00007bb0       .edata                     10025bb0     OPOSLights.exp
 0002:00007bd8       rgpv                       10025bd8     OPOSLights.exp
 0002:00007be8       rgszName                   10025be8     OPOSLights.exp
 0002:00007bf8       rgwOrd                     10025bf8     OPOSLights.exp
 0002:00007c00       szName                     10025c00     OPOSLights.exp
 0002:00007c0f       $N00001                    10025c0f     OPOSLights.exp
 0002:00007c1f       $N00002                    10025c1f     OPOSLights.exp
 0002:00007c31       $N00003                    10025c31     OPOSLights.exp
 0002:00007c43       $N00004                    10025c43     OPOSLights.exp
 0002:0000825c       .idata$6                   1002625c     kernel32:KERNEL32.dll
 0002:00008470       .idata$6                   10026470     user32:USER32.dll
 0002:000085a4       .idata$6                   100265a4     gdi32:GDI32.dll
 0002:0000864a       .idata$6                   1002664a     advapi32:ADVAPI32.dll
 0002:00008766       .idata$6                   10026766     ole32:ole32.dll
 0002:00008770       .idata$6                   10026770     oleaut32:OLEAUT32.dll
 0003:00000110       ?ObjectMap@@3PAU_ATL_OBJMAP_ENTRY30@ATL@@A 10027110     Lights.obj
 0003:000001b0       ?s_SOMethodNames@@3PAPADA  100271b0     LightsImpl.obj
 0003:000001fc       ?s_RequiredMethodsPerRelease@@3PAHA 100271fc     LightsImpl.obj
 0003:00000220       ?__vcrt_flsindex@@3KA      10027220     libvcruntime:per_thread_data.obj
 0003:00000240       ?errno_no_memory@@3HA      10027240     libucrt:errno.obj
 0003:00000244       ?doserrno_no_memory@@3KA   10027244     libucrt:errno.obj
 0003:00000250       ?__acrt_flsindex@@3KA      10027250     libucrt:per_thread_data.obj
 0003:000003c8       __mbctypes                 100273c8     libucrt:mbctype.obj
 0003:000004d0       __mbcasemaps               100274d0     libucrt:mbctype.obj
 0003:000005d0       ?__rgctypeflag@@3PADA      100275d0     libucrt:mbctype.obj
 0003:000005d8       ?__rgcode_page_info@@3PAUcode_page_info@@A 100275d8     libucrt:mbctype.obj
 0003:00000ae0       ?is_initialized_as_dll@@3_NA 10027ae0     LIBCMT:utility.obj
 0003:00000ae1       ?module_local_atexit_table_initialized@@3_NA 10027ae1     LIBCMT:utility.obj
 0003:00000ae4       ?module_local_atexit_table@@3U_onexit_table_t@@A 10027ae4     LIBCMT:utility.obj
 0003:00000af0       ?module_local_at_quick_exit_table@@3U_onexit_table_t@@A 10027af0     LIBCMT:utility.obj
 0003:00000afc       ?_Tss_mutex@@3U_RTL_CRITICAL_SECTION@@A 10027afc     LIBCMT:thread_safe_statics.obj
 0003:00000b14       ?_Tss_cv@@3U_RTL_CONDITION_VARIABLE@@A 10027b14     LIBCMT:thread_safe_statics.obj
 0003:00000b18       ?_Tss_event@@3PAXA         10027b18     LIBCMT:thread_safe_statics.obj
 0003:00000b1c       ?encoded_sleep_condition_variable_cs@@3P6GHPAU_RTL_CONDITION_VARIABLE@@PAU_RTL_CRITICAL_SECTION@@K@ZA 10027b1c     LIBCMT:thread_safe_statics.obj
 0003:00000b20       ?encoded_wake_all_condition_variable@@3P6GXPAU_RTL_CONDITION_VARIABLE@@@ZA 10027b20     LIBCMT:thread_safe_statics.obj
 0003:00000b28       _GS_ExceptionRecord        10027b28     LIBCMT:gs_report.obj
 0003:00000b78       _GS_ContextRecord          10027b78     LIBCMT:gs_report.obj
 0003:00000e48       ?__proc_attached@@3HA      10027e48     LIBCMT:dll_dllmain.obj
 0003:00000ea4       ?AllocateData@@3P6GPAUAtlThunkData_t@@XZA 10027ea4     atls:atlthunk.obj
 0003:00000ea8       ?InitData@@3P6GXPAUAtlThunkData_t@@PAXI@ZA 10027ea8     atls:atlthunk.obj
 0003:00000eac       ?DataToCode@@3P6GP6GJPAUHWND__@@IIJ@ZPAUAtlThunkData_t@@@ZA 10027eac     atls:atlthunk.obj
 0003:00000eb0       ?FreeData@@3P6GXPAUAtlThunkData_t@@@ZA 10027eb0     atls:atlthunk.obj
 0003:00000eb4       ?Initialized@@3_NA         10027eb4     atls:atlthunk.obj
 0003:00000ec0       ?__vcrt_startup_thread_ptd@@3U__vcrt_ptd@@A 10027ec0     libvcruntime:per_thread_data.obj
 0003:00000ee8       ___vcrt_lock_table         10027ee8     libvcruntime:locks.obj
 0003:00000f00       ___vcrt_locks_initialized  10027f00     libvcruntime:locks.obj
 0003:00000f04       ?module_handles@@3PAPAUHINSTANCE__@@A 10027f04     libvcruntime:winapi_downlevel.obj
 0003:00000f10       ?encoded_function_pointers@@3PAPAXA 10027f10     libvcruntime:winapi_downlevel.obj
 0003:00000f4c       ?heap@@3V_HeapManager@@A   10027f4c     libvcruntime:undname.obj
 0003:00000f64       ?__acrt_invalid_parameter_handler@@3V?$dual_state_global@P6AXPB_W00II@Z@__crt_state_management@@A 10027f64     libucrt:invalid_parameter.obj
 0003:00000f68       ?c_termination_complete@@3JA 10027f68     libucrt:exit.obj
 0003:00000f6c       ?thread_local_exit_callback_func@@3P6GXPAXK0@ZA 10027f6c     libucrt:exit.obj
 0003:00000f78       ?program_name@?1???$common_configure_argv@D@@YAHW4_crt_argv_mode@@@Z@4PADA 10027f78     libucrt:argv_parsing.obj
 0003:000010a8       ?__acrt_new_handler@@3V?$dual_state_global@P6AHI@Z@__crt_state_management@@A 100280a8     libucrt:new_handler.obj
 0003:000010b0       ?module_handles@@3PAPAUHINSTANCE__@@A 100280b0     libucrt:winapi_thunks.obj
 0003:00001100       ?encoded_function_pointers@@3PAPAXA 10028100     libucrt:winapi_thunks.obj
 0003:00001190       ?enable_percent_n@@3IA     10028190     libucrt:printf_count_output.obj
 0003:000013b0       ?__acrt_lock_table@@3PAU_RTL_CRITICAL_SECTION@@A 100283b0     libucrt:locks.obj
 0003:00001500       ?__acrt_locks_initialized@@3IA 10028500     libucrt:locks.obj
 0003:00001510       ?fSystemSet@@3HA           10028510     libucrt:mbctype.obj
 0003:00001514       ?initialized@?1??__acrt_initialize_multibyte@@9@4_NA 10028514     libucrt:mbctype.obj
 0003:00001534       ?ctrlc_action@@3V?$dual_state_global@P6AXH@Z@__crt_state_management@@A 10028534     libucrt:signal.obj
 0003:00001538       ?ctrlbreak_action@@3V?$dual_state_global@P6AXH@Z@__crt_state_management@@A 10028538     libucrt:signal.obj
 0003:0000153c       ?abort_action@@3V?$dual_state_global@P6AXH@Z@__crt_state_management@@A 1002853c     libucrt:signal.obj
 0003:00001540       ?term_action@@3V?$dual_state_global@P6AXH@Z@__crt_state_management@@A 10028540     libucrt:signal.obj
 0003:00001544       ?user_matherr@@3V?$dual_state_global@P6AHPAU_exception@@@Z@__crt_state_management@@A 10028544     libucrt:matherr.obj
 0003:00001548       ?__acrt_global_new_mode@@3V?$dual_state_global@J@__crt_state_management@@A 10028548     libucrt:new_mode.obj
 0003:00001554       ?__acrt_app_type@@3W4_crt_app_type@@A 10028554     libucrt:report_runtime_error.obj
 0003:0000155c       __pmatherr_set             1002855c     libucrt:libm_error.obj
 0004:00000220       $R000000                   10029220     Lights.res
 0004:00000b78       $R000958                   10029b78     Lights.res
 0004:00000c60       $R000A40                   10029c60     Lights.res
 0004:00000ec8       $R000CA8                   10029ec8     Lights.res
 0004:00001378       $R001158                   1002a378     Lights.res
 0004:000036a8       $R003488                   1002c6a8     Lights.res
 0004:000036d8       $R0034B8                   1002c6d8     Lights.res
