 OPOSLineDisplay

 Timestamp is 5b863df7 (Wed Aug 29 15:32:23 2018)

 Preferred load address is 10000000

 Start         Length     Name                   Class
 0001:00000000 00000080H .text$di                CODE
 0001:00000080 0001d66bH .text$mn                CODE
 0001:0001d6eb 00000051H .text$x                 CODE
 0001:0001d73c 00000042H .text$yd                CODE
 0002:00000000 000002fcH .idata$5                DATA
 0002:000002fc 00000004H .00cfg                  DATA
 0002:00000300 00000004H .CRT$XCA                DATA
 0002:00000304 00000004H .CRT$XCL                DATA
 0002:00000308 00000010H .CRT$XCU                DATA
 0002:00000318 00000004H .CRT$XCZ                DATA
 0002:0000031c 00000004H .CRT$XIA                DATA
 0002:00000320 00000010H .CRT$XIC                DATA
 0002:00000330 00000004H .CRT$XIZ                DATA
 0002:00000334 00000004H .CRT$XLA                DATA
 0002:00000338 00000004H .CRT$XLZ                DATA
 0002:0000033c 00000004H .CRT$XPA                DATA
 0002:00000340 00000008H .CRT$XPX                DATA
 0002:00000348 00000004H .CRT$XPXA               DATA
 0002:0000034c 00000004H .CRT$XPZ                DATA
 0002:00000350 00000004H .CRT$XTA                DATA
 0002:00000354 0000000cH .CRT$XTZ                DATA
 0002:00000358 00000000H .gfids$y                DATA
 0002:00000360 00006f78H .rdata                  DATA
 0002:000072d8 00000018H .rdata$T                DATA
 0002:000072f0 00000180H .rdata$r                DATA
 0002:00007470 00000020H .rdata$sxdata           DATA
 0002:00007490 000003e0H .rdata$zzzdbg           DATA
 0002:00007870 00000004H .rtc$IAA                DATA
 0002:00007874 00000004H .rtc$IZZ                DATA
 0002:00007878 00000004H .rtc$TAA                DATA
 0002:0000787c 00000004H .rtc$TZZ                DATA
 0002:00007880 00000004H .tls                    DATA
 0002:00007884 00000004H .tls$                   DATA
 0002:00007888 00000008H .tls$ZZZ                DATA
 0002:00007890 00000624H .xdata$x                DATA
 0002:00007eb4 00000004H ATL$__a                 DATA
 0002:00007eb8 00000008H ATL$__z                 DATA
 0002:00007ec0 000000acH .edata                  DATA
 0002:00007f6c 00000078H .idata$2                DATA
 0002:00007fe4 00000014H .idata$3                DATA
 0002:00007ff8 000002fcH .idata$4                DATA
 0002:000082f4 00000bc0H .idata$6                DATA
 0003:00000000 000009d0H .data                   DATA
 0003:000009d0 00000098H .data$r                 DATA
 0003:00000a68 00000b68H .bss                    DATA
 0004:00000000 00000220H .rsrc$01                DATA
 0004:00000220 00005890H .rsrc$02                DATA

  Address         Publics by Value              Rva+Base       Lib:Object

 0000:00000000       ___guard_iat_count         00000000     <absolute>
 0000:00000000       ___guard_longjmp_table     00000000     <absolute>
 0000:00000000       ___dynamic_value_reloc_table 00000000     <absolute>
 0000:00000000       ___guard_longjmp_count     00000000     <absolute>
 0000:00000000       ___hybrid_code_map_count   00000000     <absolute>
 0000:00000000       __except_list              00000000     <absolute>
 0000:00000000       ___guard_fids_table        00000000     <absolute>
 0000:00000000       ___hybrid_auxiliary_iat    00000000     <absolute>
 0000:00000000       ___guard_fids_count        00000000     <absolute>
 0000:00000000       ___guard_iat_table         00000000     <absolute>
 0000:00000000       ___volatile_metadata       00000000     <absolute>
 0000:00000000       ___enclave_config          00000000     <absolute>
 0000:00000000       ___hybrid_code_map         00000000     <absolute>
 0000:00000008       ___safe_se_handler_count   00000008     <absolute>
 0000:0000002c       __tls_array                0000002c     <absolute>
 0000:00000100       ___guard_flags             00000100     <absolute>
 0000:00000000       ___ImageBase               10000000     <linker-defined>
 0001:00000080       ?DupWide@_CW@@AAEXXZ       10001080 f   CWString.obj
 0001:0000009c       ?cw_dup@@YGXPBDAAHAAPA_W1@Z 1000109c f   CWString.obj
 0001:0000010b       ?cw_memcpy@@YGHPA_WPBDH@Z  1000110b f   CWString.obj
 0001:00000137       ?cw_strcpy@@YAHPA_WPBD@Z   10001137 f   CWString.obj
 0001:0000014a       ?cw_strlen@@YAHPBD@Z       1000114a f   CWString.obj
 0001:00000163       ??0CAtlComModule@ATL@@QAE@XZ 10001163 f i OposVariant.obj
 0001:000001a8       ??0CAtlWinModule@ATL@@QAE@XZ 100011a8 f i OposVariant.obj
 0001:000001df       ??0OposDispParms@@QAE@PAVOposVariant@@H@Z 100011df f   OposVariant.obj
 0001:00000250       ??1OposDispParms@@QAE@XZ   10001250 f   OposVariant.obj
 0001:0000025e       ??A?$CSimpleArray@GV?$CSimpleArrayEqualHelper@G@ATL@@@ATL@@QAEAAGH@Z 1000125e f i OposVariant.obj
 0001:00000283       ??_Estringdispid@CComTypeInfoHolder@ATL@@QAEPAXI@Z 10001283 f i OposVariant.obj
 0001:000002ef       ?AtlWinModuleInit@ATL@@YGJPAU_ATL_WIN_MODULE70@1@@Z 100012ef f i OposVariant.obj
 0001:00000315       ?AtlWinModuleTerm@ATL@@YGJPAU_ATL_WIN_MODULE70@1@PAUHINSTANCE__@@@Z 10001315 f i OposVariant.obj
 0001:00000378       ?ChangeBSTR@OposVariant@@QAEXPAPA_WAAJ@Z 10001378 f   OposVariant.obj
 0001:000003b9       ?ChangeLONG@OposVariant@@QAEXPAJAAJ@Z 100013b9 f   OposVariant.obj
 0001:000003fa       ?GetLONG@OposVariant@@QAEJXZ 100013fa f   OposVariant.obj
 0001:00000415       ?Init@CComCriticalSection@ATL@@QAEJXZ 10001415 f i OposVariant.obj
 0001:0000043c       ?RemoveAll@?$CSimpleArray@GV?$CSimpleArrayEqualHelper@G@ATL@@@ATL@@QAEXXZ 1000143c f i OposVariant.obj
 0001:0000043c       ?RemoveAll@?$CSimpleArray@PAUHINSTANCE__@@V?$CSimpleArrayEqualHelper@PAUHINSTANCE__@@@ATL@@@ATL@@QAEXXZ 1000143c f i atls:atlbase.obj
 0001:00000459       ?SetBSTR@OposVariant@@QAEXPA_WAAJ@Z 10001459 f   OposVariant.obj
 0001:0000048d       ?SetBSTR_Copy@OposVariant@@QAEXPA_WAAJ@Z 1000148d f   OposVariant.obj
 0001:000004dd       ?SetBSTR_InOutPtr@OposVariant@@QAE_NPAPA_WAAJ@Z 100014dd f   OposVariant.obj
 0001:00000514       ?SetDispatch_Ptr@OposVariant@@QAEXPAUIDispatch@@AAJ@Z 10001514 f   OposVariant.obj
 0001:0000054f       ?SetLONG@OposVariant@@QAEXJ@Z 1000154f f   OposVariant.obj
 0001:00000571       ?SetLONG_Ptr@OposVariant@@QAEXPAJAAJ@Z 10001571 f   OposVariant.obj
 0001:000005a4       ?SetString@OposVariant@@QAEXPB_WAAJ@Z 100015a4 f   OposVariant.obj
 0001:000005ea       ?SetVARIANT_BOOL@OposVariant@@QAEXF@Z 100015ea f   OposVariant.obj
 0001:00000614       ?Term@CAtlComModule@ATL@@QAEXXZ 10001614 f i OposVariant.obj
 0001:0000065e       ?_AtlRaiseException@ATL@@YAXKK@Z 1000165e f i OposVariant.obj
 0001:00000673       ?DoVerb@?$IOleObjectImpl@VCOPOSLineDisplay@@@ATL@@UAGJJPAUtagMSG@@PAUIOleClientSite@@JPAUHWND__@@PBUtagRECT@@@Z 10001673 f i LineDisplay.obj
 0001:0000078b       ?EnumVerbs@?$IOleObjectImpl@VCOPOSLineDisplay@@@ATL@@UAGJPAPAUIEnumOLEVERB@@@Z 1000178b f i LineDisplay.obj
 0001:000007ad       ?HandsOffStorage@?$IPersistStorageImpl@VCOPOSLineDisplay@@@ATL@@UAGJXZ 100017ad f i LineDisplay.obj
 0001:000007ad       ?IsUpToDate@?$IOleObjectImpl@VCOPOSLineDisplay@@@ATL@@UAGJXZ 100017ad f i LineDisplay.obj
 0001:000007ad       ?Update@?$IOleObjectImpl@VCOPOSLineDisplay@@@ATL@@UAGJXZ 100017ad f i LineDisplay.obj
 0001:000007ad       ?Release@CRegObject@ATL@@UAGKXZ 100017ad f i LineDisplay.obj
 0001:000007b2       ?GetClassID@?$IPersistStreamInitImpl@VCOPOSLineDisplay@@@ATL@@UAGJPAU_GUID@@@Z 100017b2 f i LineDisplay.obj
 0001:000007b2       ?GetClassID@?$IPersistStorageImpl@VCOPOSLineDisplay@@@ATL@@UAGJPAU_GUID@@@Z 100017b2 f i LineDisplay.obj
 0001:000007b2       ?GetUserClassID@?$IOleObjectImpl@VCOPOSLineDisplay@@@ATL@@UAGJPAU_GUID@@@Z 100017b2 f i LineDisplay.obj
 0001:000007d6       ?GetUserType@?$IOleObjectImpl@VCOPOSLineDisplay@@@ATL@@UAGJKPAPA_W@Z 100017d6 f i LineDisplay.obj
 0001:000007ee       ?SetExtent@?$IOleObjectImpl@VCOPOSLineDisplay@@@ATL@@UAGJKPAUtagSIZE@@@Z 100017ee f i LineDisplay.obj
 0001:0000080e       ?GetExtent@?$IOleObjectImpl@VCOPOSLineDisplay@@@ATL@@UAGJKPAUtagSIZE@@@Z 1000180e f i LineDisplay.obj
 0001:0000084c       ?Advise@?$IOleObjectImpl@VCOPOSLineDisplay@@@ATL@@UAGJPAUIAdviseSink@@PAK@Z 1000184c f i LineDisplay.obj
 0001:0000086c       ?Unadvise@?$IOleObjectImpl@VCOPOSLineDisplay@@@ATL@@UAGJK@Z 1000186c f i LineDisplay.obj
 0001:0000089b       ?EnumAdvise@?$IOleObjectImpl@VCOPOSLineDisplay@@@ATL@@UAGJPAPAUIEnumSTATDATA@@@Z 1000189b f i LineDisplay.obj
 0001:000008db       ?GetMiscStatus@?$IOleObjectImpl@VCOPOSLineDisplay@@@ATL@@UAGJKPAK@Z 100018db f i LineDisplay.obj
 0001:000008f3       ?SetColorScheme@?$IOleObjectImpl@VCOPOSLineDisplay@@@ATL@@UAGJPAUtagLOGPALETTE@@@Z 100018f3 f i LineDisplay.obj
 0001:000008f3       ?QueryGetData@?$IDataObjectImpl@VCOPOSLineDisplay@@@ATL@@UAGJPAUtagFORMATETC@@@Z 100018f3 f i LineDisplay.obj
 0001:000008f3       ?GetControlInfo@?$IOleControlImpl@VCOPOSLineDisplay@@@ATL@@UAGJPAUtagCONTROLINFO@@@Z 100018f3 f i LineDisplay.obj
 0001:000008f3       ?ContextSensitiveHelp@?$IOleInPlaceActiveObjectImpl@VCOPOSLineDisplay@@@ATL@@UAGJH@Z 100018f3 f i LineDisplay.obj
 0001:000008f3       ?ContextSensitiveHelp@?$IOleInPlaceObjectWindowlessImpl@VCOPOSLineDisplay@@@ATL@@UAGJH@Z 100018f3 f i LineDisplay.obj
 0001:000008f3       ?SOOutputCompleteDummy@COPOSLineDisplay@@MAGJJ@Z 100018f3 f i LineDisplay.obj
 0001:000008f3       ?GetDropTarget@?$IOleInPlaceObjectWindowlessImpl@VCOPOSLineDisplay@@@ATL@@UAGJPAPAUIDropTarget@@@Z 100018f3 f i LineDisplay.obj
 0001:000008f3       ?Unfreeze@?$IViewObjectExImpl@VCOPOSLineDisplay@@@ATL@@UAGJK@Z 100018f3 f i LineDisplay.obj
 0001:000008f3       ?SODataDummy@COPOSLineDisplay@@MAGJJ@Z 100018f3 f i LineDisplay.obj
 0001:000008f3       ?OnMnemonic@?$IOleControlImpl@VCOPOSLineDisplay@@@ATL@@UAGJPAUtagMSG@@@Z 100018f3 f i LineDisplay.obj
 0001:000008fb       ?GetWindow@?$IOleInPlaceActiveObjectImpl@VCOPOSLineDisplay@@@ATL@@UAGJPAPAUHWND__@@@Z 100018fb f i LineDisplay.obj
 0001:00000948       ?TranslateAcceleratorW@?$IOleInPlaceActiveObjectImpl@VCOPOSLineDisplay@@@ATL@@UAGJPAUtagMSG@@@Z 10001948 f i LineDisplay.obj
 0001:000009e6       ?EnableModeless@?$IOleInPlaceActiveObjectImpl@VCOPOSLineDisplay@@@ATL@@UAGJH@Z 100019e6 f i LineDisplay.obj
 0001:000009e6       ?OnFrameWindowActivate@?$IOleInPlaceActiveObjectImpl@VCOPOSLineDisplay@@@ATL@@UAGJH@Z 100019e6 f i LineDisplay.obj
 0001:000009e6       ?OnAmbientPropertyChange@?$IOleControlImpl@VCOPOSLineDisplay@@@ATL@@UAGJJ@Z 100019e6 f i LineDisplay.obj
 0001:000009e6       ?SaveCompleted@?$IPersistStorageImpl@VCOPOSLineDisplay@@@ATL@@UAGJPAUIStorage@@@Z 100019e6 f i LineDisplay.obj
 0001:000009eb       ?OnDocWindowActivate@?$IOleInPlaceActiveObjectImpl@VCOPOSLineDisplay@@@ATL@@UAGJH@Z 100019eb f i LineDisplay.obj
 0001:00000a0d       ?ResizeBorder@?$IOleInPlaceActiveObjectImpl@VCOPOSLineDisplay@@@ATL@@UAGJPBUtagRECT@@PAUIOleInPlaceUIWindow@@H@Z 10001a0d f i LineDisplay.obj
 0001:00000a12       ?Draw@?$IViewObjectExImpl@VCOPOSLineDisplay@@@ATL@@UAGJKJPAXPAUtagDVTARGETDEVICE@@PAUHDC__@@2PBU_RECTL@@3P6GHK@ZK@Z 10001a12 f i LineDisplay.obj
 0001:00000a44       ?GetColorSet@?$IViewObjectExImpl@VCOPOSLineDisplay@@@ATL@@UAGJKJPAXPAUtagDVTARGETDEVICE@@PAUHDC__@@PAPAUtagLOGPALETTE@@@Z 10001a44 f i LineDisplay.obj
 0001:00000a4c       ?SOErrorDummy@COPOSLineDisplay@@MAGJJJJPAJ@Z 10001a4c f i LineDisplay.obj
 0001:00000a4c       ?Freeze@?$IViewObjectExImpl@VCOPOSLineDisplay@@@ATL@@UAGJKJPAXPAK@Z 10001a4c f i LineDisplay.obj
 0001:00000a54       ?SetAdvise@?$IViewObjectExImpl@VCOPOSLineDisplay@@@ATL@@UAGJKKPAUIAdviseSink@@@Z 10001a54 f i LineDisplay.obj
 0001:00000a73       ?GetAdvise@?$IViewObjectExImpl@VCOPOSLineDisplay@@@ATL@@UAGJPAK0PAPAUIAdviseSink@@@Z 10001a73 f i LineDisplay.obj
 0001:00000aa8       ?GetExtent@?$IViewObjectExImpl@VCOPOSLineDisplay@@@ATL@@UAGJKJPAUtagDVTARGETDEVICE@@PAUtagSIZE@@@Z 10001aa8 f i LineDisplay.obj
 0001:00000ad9       ?GetRect@?$IViewObjectExImpl@VCOPOSLineDisplay@@@ATL@@UAGJKPAU_RECTL@@@Z 10001ad9 f i LineDisplay.obj
 0001:00000ad9       ?QueryInterface@CRegObject@ATL@@UAGJABU_GUID@@PAPAX@Z 10001ad9 f i LineDisplay.obj
 0001:00000ad9       ?GetClipboardData@?$IOleObjectImpl@VCOPOSLineDisplay@@@ATL@@UAGJKPAPAUIDataObject@@@Z 10001ad9 f i LineDisplay.obj
 0001:00000ad9       ?GetDataHere@?$IDataObjectImpl@VCOPOSLineDisplay@@@ATL@@UAGJPAUtagFORMATETC@@PAUtagSTGMEDIUM@@@Z 10001ad9 f i LineDisplay.obj
 0001:00000ad9       ?GetCanonicalFormatEtc@?$IDataObjectImpl@VCOPOSLineDisplay@@@ATL@@UAGJPAUtagFORMATETC@@0@Z 10001ad9 f i LineDisplay.obj
 0001:00000ad9       ?EnumFormatEtc@?$IDataObjectImpl@VCOPOSLineDisplay@@@ATL@@UAGJKPAPAUIEnumFORMATETC@@@Z 10001ad9 f i LineDisplay.obj
 0001:00000ad9       ?SetMoniker@?$IOleObjectImpl@VCOPOSLineDisplay@@@ATL@@UAGJKPAUIMoniker@@@Z 10001ad9 f i LineDisplay.obj
 0001:00000ae1       ?GetViewStatus@?$IViewObjectExImpl@VCOPOSLineDisplay@@@ATL@@UAGJPAK@Z 10001ae1 f i LineDisplay.obj
 0001:00000afe       ?QueryHitPoint@?$IViewObjectExImpl@VCOPOSLineDisplay@@@ATL@@UAGJKPBUtagRECT@@UtagPOINT@@JPAK@Z 10001afe f i LineDisplay.obj
 0001:00000b3f       ?QueryHitRect@?$IViewObjectExImpl@VCOPOSLineDisplay@@@ATL@@UAGJKPBUtagRECT@@0JPAK@Z 10001b3f f i LineDisplay.obj
 0001:00000b9a       ?GetNaturalExtent@?$IViewObjectExImpl@VCOPOSLineDisplay@@@ATL@@UAGJKJPAUtagDVTARGETDEVICE@@PAUHDC__@@PAUtagExtentInfo@@PAUtagSIZE@@@Z 10001b9a f i LineDisplay.obj
 0001:00000be5       ?GetWindow@?$IOleInPlaceObjectWindowlessImpl@VCOPOSLineDisplay@@@ATL@@UAGJPAPAUHWND__@@@Z 10001be5 f i LineDisplay.obj
 0001:00000c32       ?InPlaceDeactivate@?$IOleInPlaceObjectWindowlessImpl@VCOPOSLineDisplay@@@ATL@@UAGJXZ 10001c32 f i LineDisplay.obj
 0001:00000c4c       ?UIDeactivate@?$IOleInPlaceObjectWindowlessImpl@VCOPOSLineDisplay@@@ATL@@UAGJXZ 10001c4c f i LineDisplay.obj
 0001:00000c66       ?SetObjectRects@?$IOleInPlaceObjectWindowlessImpl@VCOPOSLineDisplay@@@ATL@@UAGJPBUtagRECT@@0@Z 10001c66 f i LineDisplay.obj
 0001:00000c86       ?ReactivateAndUndo@?$IOleInPlaceObjectWindowlessImpl@VCOPOSLineDisplay@@@ATL@@UAGJXZ 10001c86 f i LineDisplay.obj
 0001:00000c8e       ?OnWindowMessage@?$IOleInPlaceObjectWindowlessImpl@VCOPOSLineDisplay@@@ATL@@UAGJIIJPAJ@Z 10001c8e f i LineDisplay.obj
 0001:00000cfe       ?EnumConnectionPoints@?$IConnectionPointContainerImpl@VCOPOSLineDisplay@@@ATL@@UAGJPAPAUIEnumConnectionPoints@@@Z 10001cfe f i LineDisplay.obj
 0001:00000e78       ?FindConnectionPoint@?$IConnectionPointContainerImpl@VCOPOSLineDisplay@@@ATL@@UAGJABU_GUID@@PAPAUIConnectionPoint@@@Z 10001e78 f i LineDisplay.obj
 0001:00000f1b       ?IsDirty@?$IPersistStorageImpl@VCOPOSLineDisplay@@@ATL@@UAGJXZ 10001f1b f i LineDisplay.obj
 0001:00000f4f       ?InitNew@?$IPersistStorageImpl@VCOPOSLineDisplay@@@ATL@@UAGJPAUIStorage@@@Z 10001f4f f i LineDisplay.obj
 0001:00000f83       ?Load@?$IPersistStorageImpl@VCOPOSLineDisplay@@@ATL@@UAGJPAUIStorage@@@Z 10001f83 f i LineDisplay.obj
 0001:00000fef       ?Save@?$IPersistStorageImpl@VCOPOSLineDisplay@@@ATL@@UAGJPAUIStorage@@H@Z 10001fef f i LineDisplay.obj
 0001:00001062       ?GetPages@?$ISpecifyPropertyPagesImpl@VCOPOSLineDisplay@@@ATL@@UAGJPAUtagCAUUID@@@Z 10002062 f i LineDisplay.obj
 0001:00001079       ?QuickActivate@?$IQuickActivateImpl@VCOPOSLineDisplay@@@ATL@@UAGJPAUtagQACONTAINER@@PAUtagQACONTROL@@@Z 10002079 f i LineDisplay.obj
 0001:0000109c       ?SetContentExtent@?$IQuickActivateImpl@VCOPOSLineDisplay@@@ATL@@UAGJPAUtagSIZE@@@Z 1000209c f i LineDisplay.obj
 0001:000010c8       ?GetContentExtent@?$IQuickActivateImpl@VCOPOSLineDisplay@@@ATL@@UAGJPAUtagSIZE@@@Z 100020c8 f i LineDisplay.obj
 0001:000010e8       ?GetData@?$IDataObjectImpl@VCOPOSLineDisplay@@@ATL@@UAGJPAUtagFORMATETC@@PAUtagSTGMEDIUM@@@Z 100020e8 f i LineDisplay.obj
 0001:0000110b       ?SetData@?$IDataObjectImpl@VCOPOSLineDisplay@@@ATL@@UAGJPAUtagFORMATETC@@PAUtagSTGMEDIUM@@H@Z 1000210b f i LineDisplay.obj
 0001:0000110b       ?GetMoniker@?$IOleObjectImpl@VCOPOSLineDisplay@@@ATL@@UAGJKKPAPAUIMoniker@@@Z 1000210b f i LineDisplay.obj
 0001:0000110b       ?InitFromData@?$IOleObjectImpl@VCOPOSLineDisplay@@@ATL@@UAGJPAUIDataObject@@HK@Z 1000210b f i LineDisplay.obj
 0001:00001113       ?DAdvise@?$IDataObjectImpl@VCOPOSLineDisplay@@@ATL@@UAGJPAUtagFORMATETC@@KPAUIAdviseSink@@PAK@Z 10002113 f i LineDisplay.obj
 0001:00001154       ?DUnadvise@?$IDataObjectImpl@VCOPOSLineDisplay@@@ATL@@UAGJK@Z 10002154 f i LineDisplay.obj
 0001:00001182       ?EnumDAdvise@?$IDataObjectImpl@VCOPOSLineDisplay@@@ATL@@UAGJPAPAUIEnumSTATDATA@@@Z 10002182 f i LineDisplay.obj
 0001:000011c1       ?GetClassInfoW@?$IProvideClassInfo2Impl@$1?CLSID_OPOSLineDisplay@@3U_GUID@@B$1?DIID__IOPOSLineDisplayEvents@@3U2@B$1?LIBID_OposLineDisplay_CCO@@3U2@B$00$0A@VCComTypeInfoHolder@ATL@@@ATL@@UAGJPAPAUITypeInfo@@@Z 100021c1 f i LineDisplay.obj
 0001:000011d7       ?GetGUID@?$IProvideClassInfo2Impl@$1?CLSID_OPOSLineDisplay@@3U_GUID@@B$1?DIID__IOPOSLineDisplayEvents@@3U2@B$1?LIBID_OposLineDisplay_CCO@@3U2@B$00$0A@VCComTypeInfoHolder@ATL@@@ATL@@UAGJKPAU_GUID@@@Z 100021d7 f i LineDisplay.obj
 0001:00001215       ?FAccessAllowed@?$IObjectSafetyImpl@VCOPOSLineDisplay@@$02@ATL@@MAEHXZ 10002215 f i LineDisplay.obj
 0001:00001215       __get_startup_argv_mode    10002215 f i LIBCMT:argv_mode.obj
 0001:00001219       ?GetInterfaceSafetyOptions@?$IObjectSafetyImpl@VCOPOSLineDisplay@@$02@ATL@@UAGJABU_GUID@@PAK1@Z 10002219 f i LineDisplay.obj
 0001:0000128d       ?SetInterfaceSafetyOptions@?$IObjectSafetyImpl@VCOPOSLineDisplay@@$02@ATL@@UAGJABU_GUID@@KK@Z 1000228d f i LineDisplay.obj
 0001:00001307       ?_LocCPQueryInterface@?$IConnectionPointImpl@VCOPOSLineDisplay@@$1?DIID__IOPOSLineDisplayEvents@@3U_GUID@@BVCComDynamicUnkArray@ATL@@@ATL@@UAGJABU_GUID@@PAPAX@Z 10002307 f i LineDisplay.obj
 0001:00001307       ?_LocCPQueryInterface@?$IConnectionPointImpl@VCOPOSLineDisplay@@$1?IID_IPropertyNotifySink@@3U_GUID@@BVCComDynamicUnkArray@ATL@@@ATL@@UAGJABU_GUID@@PAPAX@Z 10002307 f i LineDisplay.obj
 0001:00001354       ?GetConnectionInterface@?$IConnectionPointImpl@VCOPOSLineDisplay@@$1?IID_IPropertyNotifySink@@3U_GUID@@BVCComDynamicUnkArray@ATL@@@ATL@@UAGJPAU_GUID@@@Z 10002354 f i LineDisplay.obj
 0001:00001378       ?GetConnectionPointContainer@?$IConnectionPointImpl@VCOPOSLineDisplay@@$1?IID_IPropertyNotifySink@@3U_GUID@@BVCComDynamicUnkArray@ATL@@@ATL@@UAGJPAPAUIConnectionPointContainer@@@Z 10002378 f i LineDisplay.obj
 0001:0000139b       ?Advise@?$IConnectionPointImpl@VCOPOSLineDisplay@@$1?DIID__IOPOSLineDisplayEvents@@3U_GUID@@BVCComDynamicUnkArray@ATL@@@ATL@@UAGJPAUIUnknown@@PAK@Z 1000239b f i LineDisplay.obj
 0001:0000139b       ?Advise@?$IConnectionPointImpl@VCOPOSLineDisplay@@$1?IID_IPropertyNotifySink@@3U_GUID@@BVCComDynamicUnkArray@ATL@@@ATL@@UAGJPAUIUnknown@@PAK@Z 1000239b f i LineDisplay.obj
 0001:0000143c       ?Unadvise@?$IConnectionPointImpl@VCOPOSLineDisplay@@$1?IID_IPropertyNotifySink@@3U_GUID@@BVCComDynamicUnkArray@ATL@@@ATL@@UAGJK@Z 1000243c f i LineDisplay.obj
 0001:0000143c       ?Unadvise@?$IConnectionPointImpl@VCOPOSLineDisplay@@$1?DIID__IOPOSLineDisplayEvents@@3U_GUID@@BVCComDynamicUnkArray@ATL@@@ATL@@UAGJK@Z 1000243c f i LineDisplay.obj
 0001:0000147c       ?EnumConnections@?$IConnectionPointImpl@VCOPOSLineDisplay@@$1?IID_IPropertyNotifySink@@3U_GUID@@BVCComDynamicUnkArray@ATL@@@ATL@@UAGJPAPAUIEnumConnections@@@Z 1000247c f i LineDisplay.obj
 0001:0000147c       ?EnumConnections@?$IConnectionPointImpl@VCOPOSLineDisplay@@$1?DIID__IOPOSLineDisplayEvents@@3U_GUID@@BVCComDynamicUnkArray@ATL@@@ATL@@UAGJPAPAUIEnumConnections@@@Z 1000247c f i LineDisplay.obj
 0001:00001582       ?GetObjectDescription@?$CComCoClass@VCOPOSLineDisplay@@$1?CLSID_OPOSLineDisplay@@3U_GUID@@B@ATL@@SGPB_WXZ 10002582 f i LineDisplay.obj
 0001:00001582       ?GetCategoryMap@CComObjectRootBase@ATL@@SAPBU_ATL_CATMAP_ENTRY@2@XZ 10002582 f i LineDisplay.obj
 0001:00001585       ?GetConnectionInterface@?$IConnectionPointImpl@VCOPOSLineDisplay@@$1?DIID__IOPOSLineDisplayEvents@@3U_GUID@@BVCComDynamicUnkArray@ATL@@@ATL@@UAGJPAU_GUID@@@Z 10002585 f i LineDisplay.obj
 0001:000015a9       ?GetConnectionPointContainer@?$IConnectionPointImpl@VCOPOSLineDisplay@@$1?DIID__IOPOSLineDisplayEvents@@3U_GUID@@BVCComDynamicUnkArray@ATL@@@ATL@@UAGJPAPAUIConnectionPointContainer@@@Z 100025a9 f i LineDisplay.obj
 0001:000015cc       ?UpdateRegistry@COPOSLineDisplay@@SGJH@Z 100025cc f i LineDisplay.obj
 0001:000015e4       ?ProcessWindowMessage@COPOSLineDisplay@@UAEHPAUHWND__@@IIJAAJK@Z 100025e4 f i LineDisplay.obj
 0001:0000162d       ?SODirectIO@COPOSLineDisplay@@MAGJJPAJPAPA_W@Z 1000262d f i LineDisplay.obj
 0001:00001676       ?SOStatusUpdate@COPOSLineDisplay@@MAGJJ@Z 10002676 f i LineDisplay.obj
 0001:000016af       ?AddRef@CRegObject@ATL@@UAGKXZ 100026af f i LineDisplay.obj
 0001:000016b5       ?AddReplacement@CRegObject@ATL@@UAGJPB_W0@Z 100026b5 f i LineDisplay.obj
 0001:000016ee       ?ClearReplacements@CRegObject@ATL@@UAGJXZ 100026ee f i LineDisplay.obj
 0001:00001700       ??_GCRegObject@ATL@@UAEPAXI@Z 10002700 f i LineDisplay.obj
 0001:00001700       ??_ECRegObject@ATL@@UAEPAXI@Z 10002700 f i LineDisplay.obj
 0001:00001722       ?CreateInstance@?$CComCreator@V?$CComObjectCached@VCComClassFactory@ATL@@@ATL@@@ATL@@SGJPAXABU_GUID@@PAPAX@Z 10002722 f i LineDisplay.obj
 0001:000017b5       ?CreateInstance@?$CComCreator2@V?$CComCreator@V?$CComObject@VCOPOSLineDisplay@@@ATL@@@ATL@@V?$CComCreator@V?$CComAggObject@VCOPOSLineDisplay@@@ATL@@@2@@ATL@@SGJPAXABU_GUID@@PAPAX@Z 100027b5 f i LineDisplay.obj
 0001:000017d5       ?Next@?$CComEnumImpl@UIEnumConnectionPoints@@$1?_GUID_b196b285_bab4_101a_b69c_00aa00341d07@@3U__s_GUID@@BPAUIConnectionPoint@@V?$_CopyInterface@UIConnectionPoint@@@ATL@@@ATL@@UAGJKPAPAUIConnectionPoint@@PAK@Z 100027d5 f i LineDisplay.obj
 0001:000018ac       ?Skip@?$CComEnumImpl@UIEnumConnectionPoints@@$1?_GUID_b196b285_bab4_101a_b69c_00aa00341d07@@3U__s_GUID@@BPAUIConnectionPoint@@V?$_CopyInterface@UIConnectionPoint@@@ATL@@@ATL@@UAGJK@Z 100028ac f i LineDisplay.obj
 0001:000018d9       ?Reset@?$CComEnumImpl@UIEnumConnections@@$1?_GUID_b196b287_bab4_101a_b69c_00aa00341d07@@3U__s_GUID@@BUtagCONNECTDATA@@V?$_Copy@UtagCONNECTDATA@@@ATL@@@ATL@@UAGJXZ 100028d9 f i LineDisplay.obj
 0001:000018d9       ?Reset@?$CComEnumImpl@UIEnumConnectionPoints@@$1?_GUID_b196b285_bab4_101a_b69c_00aa00341d07@@3U__s_GUID@@BPAUIConnectionPoint@@V?$_CopyInterface@UIConnectionPoint@@@ATL@@@ATL@@UAGJXZ 100028d9 f i LineDisplay.obj
 0001:000018eb       ?Clone@?$CComEnumImpl@UIEnumConnectionPoints@@$1?_GUID_b196b285_bab4_101a_b69c_00aa00341d07@@3U__s_GUID@@BPAUIConnectionPoint@@V?$_CopyInterface@UIConnectionPoint@@@ATL@@@ATL@@UAGJPAPAUIEnumConnectionPoints@@@Z 100028eb f i LineDisplay.obj
 0001:000019ca       ?AddRef@?$CComObject@V?$CComEnum@UIEnumConnectionPoints@@$1?_GUID_b196b285_bab4_101a_b69c_00aa00341d07@@3U__s_GUID@@BPAUIConnectionPoint@@V?$_CopyInterface@UIConnectionPoint@@@ATL@@VCComSingleThreadModel@6@@ATL@@@ATL@@UAGKXZ 100029ca f i LineDisplay.obj
 0001:000019ca       ?AddRef@?$CComObject@V?$CComEnum@UIEnumConnections@@$1?_GUID_b196b287_bab4_101a_b69c_00aa00341d07@@3U__s_GUID@@BUtagCONNECTDATA@@V?$_Copy@UtagCONNECTDATA@@@ATL@@VCComSingleThreadModel@6@@ATL@@@ATL@@UAGKXZ 100029ca f i LineDisplay.obj
 0001:000019db       ?Release@?$CComObject@V?$CComEnum@UIEnumConnections@@$1?_GUID_b196b287_bab4_101a_b69c_00aa00341d07@@3U__s_GUID@@BUtagCONNECTDATA@@V?$_Copy@UtagCONNECTDATA@@@ATL@@VCComSingleThreadModel@6@@ATL@@@ATL@@UAGKXZ 100029db f i LineDisplay.obj
 0001:000019db       ?Release@?$CComObject@V?$CComEnum@UIEnumConnectionPoints@@$1?_GUID_b196b285_bab4_101a_b69c_00aa00341d07@@3U__s_GUID@@BPAUIConnectionPoint@@V?$_CopyInterface@UIConnectionPoint@@@ATL@@VCComSingleThreadModel@6@@ATL@@@ATL@@UAGKXZ 100029db f i LineDisplay.obj
 0001:00001a17       ?QueryInterface@?$CComObject@V?$CComEnum@UIEnumConnectionPoints@@$1?_GUID_b196b285_bab4_101a_b69c_00aa00341d07@@3U__s_GUID@@BPAUIConnectionPoint@@V?$_CopyInterface@UIConnectionPoint@@@ATL@@VCComSingleThreadModel@6@@ATL@@@ATL@@UAGJABU_GUID@@PAPAX@Z 10002a17 f i LineDisplay.obj
 0001:00001a31       ??_E?$CComObject@V?$CComEnum@UIEnumConnectionPoints@@$1?_GUID_b196b285_bab4_101a_b69c_00aa00341d07@@3U__s_GUID@@BPAUIConnectionPoint@@V?$_CopyInterface@UIConnectionPoint@@@ATL@@VCComSingleThreadModel@6@@ATL@@@ATL@@UAEPAXI@Z 10002a31 f i LineDisplay.obj
 0001:00001a31       ??_G?$CComObject@V?$CComEnum@UIEnumConnectionPoints@@$1?_GUID_b196b285_bab4_101a_b69c_00aa00341d07@@3U__s_GUID@@BPAUIConnectionPoint@@V?$_CopyInterface@UIConnectionPoint@@@ATL@@VCComSingleThreadModel@6@@ATL@@@ATL@@UAEPAXI@Z 10002a31 f i LineDisplay.obj
 0001:00001a53       ?AddRef@?$CComObjectCached@VCComClassFactory@ATL@@@ATL@@UAGKXZ 10002a53 f i LineDisplay.obj
 0001:00001a7a       ?Release@?$CComObjectCached@VCComClassFactory@ATL@@@ATL@@UAGKXZ 10002a7a f i LineDisplay.obj
 0001:00001ab0       ?QueryInterface@?$CComObjectCached@VCComClassFactory@ATL@@@ATL@@UAGJABU_GUID@@PAPAX@Z 10002ab0 f i LineDisplay.obj
 0001:00001aca       ??_E?$CComObjectCached@VCComClassFactory@ATL@@@ATL@@UAEPAXI@Z 10002aca f i LineDisplay.obj
 0001:00001aca       ??_G?$CComObjectCached@VCComClassFactory@ATL@@@ATL@@UAEPAXI@Z 10002aca f i LineDisplay.obj
 0001:00001aec       ?AddRef@?$CComAggObject@VCOPOSLineDisplay@@@ATL@@UAGKXZ 10002aec f i LineDisplay.obj
 0001:00001afd       ?Release@?$CComAggObject@VCOPOSLineDisplay@@@ATL@@UAGKXZ 10002afd f i LineDisplay.obj
 0001:00001b39       ?QueryInterface@?$CComAggObject@VCOPOSLineDisplay@@@ATL@@UAGJABU_GUID@@PAPAX@Z 10002b39 f i LineDisplay.obj
 0001:00001b88       ?AddRef@?$CComContainedObject@VCOPOSLineDisplay@@@ATL@@UAGKXZ 10002b88 f i LineDisplay.obj
 0001:00001b9e       ?Release@?$CComContainedObject@VCOPOSLineDisplay@@@ATL@@UAGKXZ 10002b9e f i LineDisplay.obj
 0001:00001bb4       ?QueryInterface@?$CComContainedObject@VCOPOSLineDisplay@@@ATL@@UAGJABU_GUID@@PAPAX@Z 10002bb4 f i LineDisplay.obj
 0001:00001bcf       ??_E?$CComAggObject@VCOPOSLineDisplay@@@ATL@@UAEPAXI@Z 10002bcf f i LineDisplay.obj
 0001:00001bcf       ??_G?$CComAggObject@VCOPOSLineDisplay@@@ATL@@UAEPAXI@Z 10002bcf f i LineDisplay.obj
 0001:00001bf4       ?AddRef@?$CComObject@VCOPOSLineDisplay@@@ATL@@UAGKXZ 10002bf4 f i LineDisplay.obj
 0001:00001c0b       ?Release@?$CComObject@VCOPOSLineDisplay@@@ATL@@UAGKXZ 10002c0b f i LineDisplay.obj
 0001:00001c4d       ?QueryInterface@?$CComObject@VCOPOSLineDisplay@@@ATL@@UAGJABU_GUID@@PAPAX@Z 10002c4d f i LineDisplay.obj
 0001:00001c67       ?OnFinalMessage@?$CWindowImplBaseT@VCWindow@ATL@@V?$CWinTraits@$0FGAAAAAA@$0A@@2@@ATL@@UAEXPAUHWND__@@@Z 10002c67 f i LineDisplay.obj
 0001:00001c67       ?ObjectMain@CComObjectRootBase@ATL@@SGX_N@Z 10002c67 f i LineDisplay.obj
 0001:00001c6a       ?OnDrawAdvanced@CComControlBase@ATL@@UAEJAAUATL_DRAWINFO@@@Z 10002c6a f i LineDisplay.obj
 0001:00001d59       ?CreateInstance@CComClassFactory@ATL@@UAGJPAUIUnknown@@ABU_GUID@@PAPAX@Z 10002d59 f i LineDisplay.obj
 0001:00001d97       ?LockServer@CComClassFactory@ATL@@UAGJH@Z 10002d97 f i LineDisplay.obj
 0001:00001db6       ??_ECComClassFactory@ATL@@UAEPAXI@Z 10002db6 f i LineDisplay.obj
 0001:00001db6       ??_GCComClassFactory@ATL@@UAEPAXI@Z 10002db6 f i LineDisplay.obj
 0001:00001de1       ?Next@?$CComEnumImpl@UIEnumConnections@@$1?_GUID_b196b287_bab4_101a_b69c_00aa00341d07@@3U__s_GUID@@BUtagCONNECTDATA@@V?$_Copy@UtagCONNECTDATA@@@ATL@@@ATL@@UAGJKPAUtagCONNECTDATA@@PAK@Z 10002de1 f i LineDisplay.obj
 0001:00001eb8       ?Skip@?$CComEnumImpl@UIEnumConnections@@$1?_GUID_b196b287_bab4_101a_b69c_00aa00341d07@@3U__s_GUID@@BUtagCONNECTDATA@@V?$_Copy@UtagCONNECTDATA@@@ATL@@@ATL@@UAGJK@Z 10002eb8 f i LineDisplay.obj
 0001:00001ee5       ?Clone@?$CComEnumImpl@UIEnumConnections@@$1?_GUID_b196b287_bab4_101a_b69c_00aa00341d07@@3U__s_GUID@@BUtagCONNECTDATA@@V?$_Copy@UtagCONNECTDATA@@@ATL@@@ATL@@UAGJPAPAUIEnumConnections@@@Z 10002ee5 f i LineDisplay.obj
 0001:00001fc4       ?QueryInterface@?$CComObject@V?$CComEnum@UIEnumConnections@@$1?_GUID_b196b287_bab4_101a_b69c_00aa00341d07@@3U__s_GUID@@BUtagCONNECTDATA@@V?$_Copy@UtagCONNECTDATA@@@ATL@@VCComSingleThreadModel@6@@ATL@@@ATL@@UAGJABU_GUID@@PAPAX@Z 10002fc4 f i LineDisplay.obj
 0001:00001fde       ??_G?$CComObject@V?$CComEnum@UIEnumConnections@@$1?_GUID_b196b287_bab4_101a_b69c_00aa00341d07@@3U__s_GUID@@BUtagCONNECTDATA@@V?$_Copy@UtagCONNECTDATA@@@ATL@@VCComSingleThreadModel@6@@ATL@@@ATL@@UAEPAXI@Z 10002fde f i LineDisplay.obj
 0001:00001fde       ??_E?$CComObject@V?$CComEnum@UIEnumConnections@@$1?_GUID_b196b287_bab4_101a_b69c_00aa00341d07@@3U__s_GUID@@BUtagCONNECTDATA@@V?$_Copy@UtagCONNECTDATA@@@ATL@@VCComSingleThreadModel@6@@ATL@@@ATL@@UAEPAXI@Z 10002fde f i LineDisplay.obj
 0001:00002000       ??_E?$CComObject@VCOPOSLineDisplay@@@ATL@@W3AEPAXI@Z 10003000 f i LineDisplay.obj
 0001:00002008       ??_E?$CComObject@VCOPOSLineDisplay@@@ATL@@WEM@AEPAXI@Z 10003008 f i LineDisplay.obj
 0001:00002010       ?QueryInterface@?$CComObject@VCOPOSLineDisplay@@@ATL@@WHA@AGJABU_GUID@@PAPAX@Z 10003010 f i LineDisplay.obj
 0001:0000201a       ?AddRef@?$CComObject@VCOPOSLineDisplay@@@ATL@@WHA@AGKXZ 1000301a f i LineDisplay.obj
 0001:00002024       ?Release@?$CComObject@VCOPOSLineDisplay@@@ATL@@WHA@AGKXZ 10003024 f i LineDisplay.obj
 0001:0000202e       ?QueryInterface@?$CComObject@VCOPOSLineDisplay@@@ATL@@WHE@AGJABU_GUID@@PAPAX@Z 1000302e f i LineDisplay.obj
 0001:00002038       ?AddRef@?$CComObject@VCOPOSLineDisplay@@@ATL@@WHE@AGKXZ 10003038 f i LineDisplay.obj
 0001:00002042       ?Release@?$CComObject@VCOPOSLineDisplay@@@ATL@@WHE@AGKXZ 10003042 f i LineDisplay.obj
 0001:0000204c       ?QueryInterface@?$CComObject@VCOPOSLineDisplay@@@ATL@@WHI@AGJABU_GUID@@PAPAX@Z 1000304c f i LineDisplay.obj
 0001:00002056       ?AddRef@?$CComObject@VCOPOSLineDisplay@@@ATL@@WHI@AGKXZ 10003056 f i LineDisplay.obj
 0001:00002060       ?Release@?$CComObject@VCOPOSLineDisplay@@@ATL@@WHI@AGKXZ 10003060 f i LineDisplay.obj
 0001:0000206a       ?QueryInterface@?$CComObject@VCOPOSLineDisplay@@@ATL@@WHM@AGJABU_GUID@@PAPAX@Z 1000306a f i LineDisplay.obj
 0001:00002074       ?AddRef@?$CComObject@VCOPOSLineDisplay@@@ATL@@WHM@AGKXZ 10003074 f i LineDisplay.obj
 0001:0000207e       ?Release@?$CComObject@VCOPOSLineDisplay@@@ATL@@WHM@AGKXZ 1000307e f i LineDisplay.obj
 0001:00002088       ?QueryInterface@?$CComObject@VCOPOSLineDisplay@@@ATL@@WIA@AGJABU_GUID@@PAPAX@Z 10003088 f i LineDisplay.obj
 0001:00002095       ?AddRef@?$CComObject@VCOPOSLineDisplay@@@ATL@@WIA@AGKXZ 10003095 f i LineDisplay.obj
 0001:000020a2       ?Release@?$CComObject@VCOPOSLineDisplay@@@ATL@@WIA@AGKXZ 100030a2 f i LineDisplay.obj
 0001:000020af       ?QueryInterface@?$CComObject@VCOPOSLineDisplay@@@ATL@@WIE@AGJABU_GUID@@PAPAX@Z 100030af f i LineDisplay.obj
 0001:000020bc       ?AddRef@?$CComObject@VCOPOSLineDisplay@@@ATL@@WIE@AGKXZ 100030bc f i LineDisplay.obj
 0001:000020c9       ?Release@?$CComObject@VCOPOSLineDisplay@@@ATL@@WIE@AGKXZ 100030c9 f i LineDisplay.obj
 0001:000020d6       ?QueryInterface@?$CComObject@VCOPOSLineDisplay@@@ATL@@WII@AGJABU_GUID@@PAPAX@Z 100030d6 f i LineDisplay.obj
 0001:000020e3       ?AddRef@?$CComObject@VCOPOSLineDisplay@@@ATL@@WII@AGKXZ 100030e3 f i LineDisplay.obj
 0001:000020f0       ?Release@?$CComObject@VCOPOSLineDisplay@@@ATL@@WII@AGKXZ 100030f0 f i LineDisplay.obj
 0001:000020fd       ?QueryInterface@?$CComObject@VCOPOSLineDisplay@@@ATL@@WIM@AGJABU_GUID@@PAPAX@Z 100030fd f i LineDisplay.obj
 0001:0000210a       ?AddRef@?$CComObject@VCOPOSLineDisplay@@@ATL@@WIM@AGKXZ 1000310a f i LineDisplay.obj
 0001:00002117       ?Release@?$CComObject@VCOPOSLineDisplay@@@ATL@@WIM@AGKXZ 10003117 f i LineDisplay.obj
 0001:00002124       ?QueryInterface@?$CComObject@VCOPOSLineDisplay@@@ATL@@WJA@AGJABU_GUID@@PAPAX@Z 10003124 f i LineDisplay.obj
 0001:00002131       ?AddRef@?$CComObject@VCOPOSLineDisplay@@@ATL@@WJA@AGKXZ 10003131 f i LineDisplay.obj
 0001:0000213e       ?Release@?$CComObject@VCOPOSLineDisplay@@@ATL@@WJA@AGKXZ 1000313e f i LineDisplay.obj
 0001:0000214b       ?QueryInterface@?$CComObject@VCOPOSLineDisplay@@@ATL@@WJE@AGJABU_GUID@@PAPAX@Z 1000314b f i LineDisplay.obj
 0001:00002158       ?AddRef@?$CComObject@VCOPOSLineDisplay@@@ATL@@WJE@AGKXZ 10003158 f i LineDisplay.obj
 0001:00002165       ?Release@?$CComObject@VCOPOSLineDisplay@@@ATL@@WJE@AGKXZ 10003165 f i LineDisplay.obj
 0001:00002172       ?QueryInterface@?$CComObject@VCOPOSLineDisplay@@@ATL@@WJI@AGJABU_GUID@@PAPAX@Z 10003172 f i LineDisplay.obj
 0001:0000217f       ?AddRef@?$CComObject@VCOPOSLineDisplay@@@ATL@@WJI@AGKXZ 1000317f f i LineDisplay.obj
 0001:0000218c       ?Release@?$CComObject@VCOPOSLineDisplay@@@ATL@@WJI@AGKXZ 1000318c f i LineDisplay.obj
 0001:00002199       ?QueryInterface@?$CComObject@VCOPOSLineDisplay@@@ATL@@WJM@AGJABU_GUID@@PAPAX@Z 10003199 f i LineDisplay.obj
 0001:000021a6       ?AddRef@?$CComObject@VCOPOSLineDisplay@@@ATL@@WJM@AGKXZ 100031a6 f i LineDisplay.obj
 0001:000021b3       ?Release@?$CComObject@VCOPOSLineDisplay@@@ATL@@WJM@AGKXZ 100031b3 f i LineDisplay.obj
 0001:000021c0       ?QueryInterface@?$CComObject@VCOPOSLineDisplay@@@ATL@@WKA@AGJABU_GUID@@PAPAX@Z 100031c0 f i LineDisplay.obj
 0001:000021cd       ?AddRef@?$CComObject@VCOPOSLineDisplay@@@ATL@@WKA@AGKXZ 100031cd f i LineDisplay.obj
 0001:000021da       ?Release@?$CComObject@VCOPOSLineDisplay@@@ATL@@WKA@AGKXZ 100031da f i LineDisplay.obj
 0001:000021e7       ?AddRef@?$CComObject@VCOPOSLineDisplay@@@ATL@@WKI@AGKXZ 100031e7 f i LineDisplay.obj
 0001:000021f4       ?Release@?$CComObject@VCOPOSLineDisplay@@@ATL@@WKI@AGKXZ 100031f4 f i LineDisplay.obj
 0001:00002201       ?AddRef@?$CComObject@VCOPOSLineDisplay@@@ATL@@WLE@AGKXZ 10003201 f i LineDisplay.obj
 0001:0000220e       ?Release@?$CComObject@VCOPOSLineDisplay@@@ATL@@WLE@AGKXZ 1000320e f i LineDisplay.obj
 0001:0000221b       ??_E?$CComContainedObject@VCOPOSLineDisplay@@@ATL@@W3AEPAXI@Z 1000321b f i LineDisplay.obj
 0001:00002223       ??_E?$CComContainedObject@VCOPOSLineDisplay@@@ATL@@WEM@AEPAXI@Z 10003223 f i LineDisplay.obj
 0001:0000222b       ?QueryInterface@?$CComContainedObject@VCOPOSLineDisplay@@@ATL@@WHA@AGJABU_GUID@@PAPAX@Z 1000322b f i LineDisplay.obj
 0001:00002235       ?AddRef@?$CComContainedObject@VCOPOSLineDisplay@@@ATL@@WHA@AGKXZ 10003235 f i LineDisplay.obj
 0001:0000223f       ?Release@?$CComContainedObject@VCOPOSLineDisplay@@@ATL@@WHA@AGKXZ 1000323f f i LineDisplay.obj
 0001:00002249       ?QueryInterface@?$CComContainedObject@VCOPOSLineDisplay@@@ATL@@WHE@AGJABU_GUID@@PAPAX@Z 10003249 f i LineDisplay.obj
 0001:00002253       ?AddRef@?$CComContainedObject@VCOPOSLineDisplay@@@ATL@@WHE@AGKXZ 10003253 f i LineDisplay.obj
 0001:0000225d       ?Release@?$CComContainedObject@VCOPOSLineDisplay@@@ATL@@WHE@AGKXZ 1000325d f i LineDisplay.obj
 0001:00002267       ?QueryInterface@?$CComContainedObject@VCOPOSLineDisplay@@@ATL@@WHI@AGJABU_GUID@@PAPAX@Z 10003267 f i LineDisplay.obj
 0001:00002271       ?AddRef@?$CComContainedObject@VCOPOSLineDisplay@@@ATL@@WHI@AGKXZ 10003271 f i LineDisplay.obj
 0001:0000227b       ?Release@?$CComContainedObject@VCOPOSLineDisplay@@@ATL@@WHI@AGKXZ 1000327b f i LineDisplay.obj
 0001:00002285       ?QueryInterface@?$CComContainedObject@VCOPOSLineDisplay@@@ATL@@WHM@AGJABU_GUID@@PAPAX@Z 10003285 f i LineDisplay.obj
 0001:0000228f       ?AddRef@?$CComContainedObject@VCOPOSLineDisplay@@@ATL@@WHM@AGKXZ 1000328f f i LineDisplay.obj
 0001:00002299       ?Release@?$CComContainedObject@VCOPOSLineDisplay@@@ATL@@WHM@AGKXZ 10003299 f i LineDisplay.obj
 0001:000022a3       ?QueryInterface@?$CComContainedObject@VCOPOSLineDisplay@@@ATL@@WIA@AGJABU_GUID@@PAPAX@Z 100032a3 f i LineDisplay.obj
 0001:000022b0       ?AddRef@?$CComContainedObject@VCOPOSLineDisplay@@@ATL@@WIA@AGKXZ 100032b0 f i LineDisplay.obj
 0001:000022bd       ?Release@?$CComContainedObject@VCOPOSLineDisplay@@@ATL@@WIA@AGKXZ 100032bd f i LineDisplay.obj
 0001:000022ca       ?QueryInterface@?$CComContainedObject@VCOPOSLineDisplay@@@ATL@@WIE@AGJABU_GUID@@PAPAX@Z 100032ca f i LineDisplay.obj
 0001:000022d7       ?AddRef@?$CComContainedObject@VCOPOSLineDisplay@@@ATL@@WIE@AGKXZ 100032d7 f i LineDisplay.obj
 0001:000022e4       ?Release@?$CComContainedObject@VCOPOSLineDisplay@@@ATL@@WIE@AGKXZ 100032e4 f i LineDisplay.obj
 0001:000022f1       ?QueryInterface@?$CComContainedObject@VCOPOSLineDisplay@@@ATL@@WII@AGJABU_GUID@@PAPAX@Z 100032f1 f i LineDisplay.obj
 0001:000022fe       ?AddRef@?$CComContainedObject@VCOPOSLineDisplay@@@ATL@@WII@AGKXZ 100032fe f i LineDisplay.obj
 0001:0000230b       ?Release@?$CComContainedObject@VCOPOSLineDisplay@@@ATL@@WII@AGKXZ 1000330b f i LineDisplay.obj
 0001:00002318       ?QueryInterface@?$CComContainedObject@VCOPOSLineDisplay@@@ATL@@WIM@AGJABU_GUID@@PAPAX@Z 10003318 f i LineDisplay.obj
 0001:00002325       ?AddRef@?$CComContainedObject@VCOPOSLineDisplay@@@ATL@@WIM@AGKXZ 10003325 f i LineDisplay.obj
 0001:00002332       ?Release@?$CComContainedObject@VCOPOSLineDisplay@@@ATL@@WIM@AGKXZ 10003332 f i LineDisplay.obj
 0001:0000233f       ?QueryInterface@?$CComContainedObject@VCOPOSLineDisplay@@@ATL@@WJA@AGJABU_GUID@@PAPAX@Z 1000333f f i LineDisplay.obj
 0001:0000234c       ?AddRef@?$CComContainedObject@VCOPOSLineDisplay@@@ATL@@WJA@AGKXZ 1000334c f i LineDisplay.obj
 0001:00002359       ?Release@?$CComContainedObject@VCOPOSLineDisplay@@@ATL@@WJA@AGKXZ 10003359 f i LineDisplay.obj
 0001:00002366       ?QueryInterface@?$CComContainedObject@VCOPOSLineDisplay@@@ATL@@WJE@AGJABU_GUID@@PAPAX@Z 10003366 f i LineDisplay.obj
 0001:00002373       ?AddRef@?$CComContainedObject@VCOPOSLineDisplay@@@ATL@@WJE@AGKXZ 10003373 f i LineDisplay.obj
 0001:00002380       ?Release@?$CComContainedObject@VCOPOSLineDisplay@@@ATL@@WJE@AGKXZ 10003380 f i LineDisplay.obj
 0001:0000238d       ?QueryInterface@?$CComContainedObject@VCOPOSLineDisplay@@@ATL@@WJI@AGJABU_GUID@@PAPAX@Z 1000338d f i LineDisplay.obj
 0001:0000239a       ?AddRef@?$CComContainedObject@VCOPOSLineDisplay@@@ATL@@WJI@AGKXZ 1000339a f i LineDisplay.obj
 0001:000023a7       ?Release@?$CComContainedObject@VCOPOSLineDisplay@@@ATL@@WJI@AGKXZ 100033a7 f i LineDisplay.obj
 0001:000023b4       ?QueryInterface@?$CComContainedObject@VCOPOSLineDisplay@@@ATL@@WJM@AGJABU_GUID@@PAPAX@Z 100033b4 f i LineDisplay.obj
 0001:000023c1       ?AddRef@?$CComContainedObject@VCOPOSLineDisplay@@@ATL@@WJM@AGKXZ 100033c1 f i LineDisplay.obj
 0001:000023ce       ?Release@?$CComContainedObject@VCOPOSLineDisplay@@@ATL@@WJM@AGKXZ 100033ce f i LineDisplay.obj
 0001:000023db       ?QueryInterface@?$CComContainedObject@VCOPOSLineDisplay@@@ATL@@WKA@AGJABU_GUID@@PAPAX@Z 100033db f i LineDisplay.obj
 0001:000023e8       ?AddRef@?$CComContainedObject@VCOPOSLineDisplay@@@ATL@@WKA@AGKXZ 100033e8 f i LineDisplay.obj
 0001:000023f5       ?Release@?$CComContainedObject@VCOPOSLineDisplay@@@ATL@@WKA@AGKXZ 100033f5 f i LineDisplay.obj
 0001:00002402       ?AddRef@?$CComContainedObject@VCOPOSLineDisplay@@@ATL@@WKI@AGKXZ 10003402 f i LineDisplay.obj
 0001:0000240f       ?Release@?$CComContainedObject@VCOPOSLineDisplay@@@ATL@@WKI@AGKXZ 1000340f f i LineDisplay.obj
 0001:0000241c       ?AddRef@?$CComContainedObject@VCOPOSLineDisplay@@@ATL@@WLE@AGKXZ 1000341c f i LineDisplay.obj
 0001:00002429       ?Release@?$CComContainedObject@VCOPOSLineDisplay@@@ATL@@WLE@AGKXZ 10003429 f i LineDisplay.obj
 0001:00002436       ?Lock@CAtlModule@ATL@@UAEJXZ 10003436 f i LineDisplay.obj
 0001:00002440       ?Unlock@CAtlModule@ATL@@UAEJXZ 10003440 f i LineDisplay.obj
 0001:0000244a       ?GetLockCount@CAtlModule@ATL@@UAEJXZ 1000344a f i LineDisplay.obj
 0001:0000244e       ?GetGITPtr@CAtlModule@ATL@@UAEJPAPAUIGlobalInterfaceTable@@@Z 1000344e f i LineDisplay.obj
 0001:0000249a       ?GetWindowProc@?$CWindowImplBaseT@VCWindow@ATL@@V?$CWinTraits@$0FGAAAAAA@$0A@@2@@ATL@@UAEP6GJPAUHWND__@@IIJ@ZXZ 1000349a f i LineDisplay.obj
 0001:000024a0       ?StartWindowProc@?$CWindowImplBaseT@VCWindow@ATL@@V?$CWinTraits@$0FGAAAAAA@$0A@@2@@ATL@@SGJPAUHWND__@@IIJ@Z 100034a0 f i LineDisplay.obj
 0001:000024f4       ?AddCommonRGSReplacements@?$CAtlModuleT@VCComModule@ATL@@@ATL@@UAEJPAUIRegistrarBase@@@Z 100034f4 f i LineDisplay.obj
 0001:0000250e       ?UpdateRegistryFromResourceD@CComModule@ATL@@UAGJPB_WHPAU_ATL_REGMAP_ENTRY@2@@Z 1000350e f i LineDisplay.obj
 0001:0000250e       ?UpdateRegistryFromResourceD@CComModule@ATL@@UAGJIHPAU_ATL_REGMAP_ENTRY@2@@Z 1000350e f i LineDisplay.obj
 0001:00002516       ?UpdateRegistryFromResource@CComModule@ATL@@UAGJPB_WHPAU_ATL_REGMAP_ENTRY@2@@Z 10003516 f i LineDisplay.obj
 0001:0000251f       ?UpdateRegistryFromResource@CComModule@ATL@@UAGJIHPAU_ATL_REGMAP_ENTRY@2@@Z 1000351f f i LineDisplay.obj
 0001:00002528       ??_GCComModule@ATL@@UAEPAXI@Z 10003528 f i LineDisplay.obj
 0001:00002528       ??_ECComModule@ATL@@UAEPAXI@Z 10003528 f i LineDisplay.obj
 0001:00002550       ?GetTypeInfoCount@?$IDispatchImpl@UIOPOSLineDisplay@@$1?IID_IOPOSLineDisplay@@3U_GUID@@B$1?LIBID_OposLineDisplay_CCO@@3U3@B$00$0A@VCComTypeInfoHolder@ATL@@@ATL@@UAGJPAI@Z 10003550 f i LineDisplay.obj
 0001:0000256d       ?GetTypeInfo@?$IDispatchImpl@UIOPOSLineDisplay@@$1?IID_IOPOSLineDisplay@@3U_GUID@@B$1?LIBID_OposLineDisplay_CCO@@3U3@B$00$0A@VCComTypeInfoHolder@ATL@@@ATL@@UAGJIKPAPAUITypeInfo@@@Z 1000356d f i LineDisplay.obj
 0001:00002591       ?GetIDsOfNames@?$IDispatchImpl@UIOPOSLineDisplay@@$1?IID_IOPOSLineDisplay@@3U_GUID@@B$1?LIBID_OposLineDisplay_CCO@@3U3@B$00$0A@VCComTypeInfoHolder@ATL@@@ATL@@UAGJABU_GUID@@PAPA_WIKPAJ@Z 10003591 f i LineDisplay.obj
 0001:000025b1       ?Invoke@?$IDispatchImpl@UIOPOSLineDisplay@@$1?IID_IOPOSLineDisplay@@3U_GUID@@B$1?LIBID_OposLineDisplay_CCO@@3U3@B$00$0A@VCComTypeInfoHolder@ATL@@@ATL@@UAGJJABU_GUID@@KGPAUtagDISPPARAMS@@PAUtagVARIANT@@PAUtagEXCEPINFO@@PAI@Z 100035b1 f i LineDisplay.obj
 0001:000025bf       ?CreateControlWindow@?$CComControl@VCOPOSLineDisplay@@V?$CWindowImpl@VCOPOSLineDisplay@@VCWindow@ATL@@V?$CWinTraits@$0FGAAAAAA@$0A@@3@@ATL@@@ATL@@UAEPAUHWND__@@PAU3@AAUtagRECT@@@Z 100035bf f i LineDisplay.obj
 0001:000025ee       ?ControlQueryInterface@?$CComControl@VCOPOSLineDisplay@@V?$CWindowImpl@VCOPOSLineDisplay@@VCWindow@ATL@@V?$CWinTraits@$0FGAAAAAA@$0A@@3@@ATL@@@ATL@@UAEJABU_GUID@@PAPAX@Z 100035ee f i LineDisplay.obj
 0001:00002609       ?IsDirty@?$IPersistStreamInitImpl@VCOPOSLineDisplay@@@ATL@@UAGJXZ 10003609 f i LineDisplay.obj
 0001:00002628       ?Load@?$IPersistStreamInitImpl@VCOPOSLineDisplay@@@ATL@@UAGJPAUIStream@@@Z 10003628 f i LineDisplay.obj
 0001:00002647       ?Save@?$IPersistStreamInitImpl@VCOPOSLineDisplay@@@ATL@@UAGJPAUIStream@@H@Z 10003647 f i LineDisplay.obj
 0001:00002669       ?GetSizeMax@?$IPersistStreamInitImpl@VCOPOSLineDisplay@@@ATL@@UAGJPAT_ULARGE_INTEGER@@@Z 10003669 f i LineDisplay.obj
 0001:0000281e       ?InitNew@?$IPersistStreamInitImpl@VCOPOSLineDisplay@@@ATL@@UAGJXZ 1000381e f i LineDisplay.obj
 0001:0000283b       ?SetClientSite@?$IOleObjectImpl@VCOPOSLineDisplay@@@ATL@@UAGJPAUIOleClientSite@@@Z 1000383b f i LineDisplay.obj
 0001:00002858       ?GetClientSite@?$IOleObjectImpl@VCOPOSLineDisplay@@@ATL@@UAGJPAPAUIOleClientSite@@@Z 10003858 f i LineDisplay.obj
 0001:00002875       ?SetHostNames@?$IOleObjectImpl@VCOPOSLineDisplay@@@ATL@@UAGJPB_W0@Z 10003875 f i LineDisplay.obj
 0001:0000287a       ?Close@?$IOleObjectImpl@VCOPOSLineDisplay@@@ATL@@UAGJK@Z 1000387a f i LineDisplay.obj
 0001:00002897       ??$?4UITypeInfo2@@@?$CComPtr@UITypeInfo@@@ATL@@QAEPAUITypeInfo@@ABV?$CComPtr@UITypeInfo2@@@1@@Z 10003897 f i LineDisplay.obj
 0001:000028c4       ??$AtlAdd@K@ATL@@YAJPAKKK@Z 100038c4 f i LineDisplay.obj
 0001:000028e7       ??$AtlAdd@_K@ATL@@YAJPA_K_K1@Z 100038e7 f i LineDisplay.obj
 0001:0000291f       ??$AtlAddThrow@K@ATL@@YAKKK@Z 1000391f f i LineDisplay.obj
 0001:00002945       ??$AtlModuleRegisterWndClassInfoT@VAtlModuleRegisterWndClassInfoParamW@ATL@@@ATL@@YAGPAU_ATL_BASE_MODULE70@0@PAU_ATL_WIN_MODULE70@0@PAU_ATL_WNDCLASSINFOW@0@PAP6GJPAUHWND__@@IIJ@ZVAtlModuleRegisterWndClassInfoParamW@0@@Z 10003945 f i LineDisplay.obj
 0001:00002a93       ??$AtlMultiply@H@ATL@@YAJPAHHH@Z 10003a93 f i LineDisplay.obj
 0001:00002acb       ??$AtlMultiply@K@ATL@@YAJPAKKK@Z 10003acb f i LineDisplay.obj
 0001:00002acb       ??$AtlMultiply@I@ATL@@YAJPAIII@Z 10003acb f i LineDisplay.obj
 0001:00002aed       ??$AtlMultiplyThrow@I@ATL@@YAIII@Z 10003aed f i LineDisplay.obj
 0001:00002b13       ??0?$CComAggObject@VCOPOSLineDisplay@@@ATL@@QAE@PAX@Z 10003b13 f i LineDisplay.obj
 0001:00002b40       ??0?$CComContainedObject@VCOPOSLineDisplay@@@ATL@@QAE@PAX@Z 10003b40 f i LineDisplay.obj
 0001:00002bf9       ??0?$CComObject@V?$CComEnum@UIEnumConnectionPoints@@$1?_GUID_b196b285_bab4_101a_b69c_00aa00341d07@@3U__s_GUID@@BPAUIConnectionPoint@@V?$_CopyInterface@UIConnectionPoint@@@ATL@@VCComSingleThreadModel@6@@ATL@@@ATL@@QAE@PAX@Z 10003bf9 f i LineDisplay.obj
 0001:00002c27       ??0?$CComObject@V?$CComEnum@UIEnumConnections@@$1?_GUID_b196b287_bab4_101a_b69c_00aa00341d07@@3U__s_GUID@@BUtagCONNECTDATA@@V?$_Copy@UtagCONNECTDATA@@@ATL@@VCComSingleThreadModel@6@@ATL@@@ATL@@QAE@PAX@Z 10003c27 f i LineDisplay.obj
 0001:00002c55       ??0?$CComObject@VCOPOSLineDisplay@@@ATL@@QAE@PAX@Z 10003c55 f i LineDisplay.obj
 0001:00002d0c       ??0?$CComQIPtr@UIOleControlSite@@$1?_GUID_b196b289_bab4_101a_b69c_00aa00341d07@@3U__s_GUID@@B@ATL@@QAE@PAUIUnknown@@@Z 10003d0c f i LineDisplay.obj
 0001:00002d35       ??0CAtlModule@ATL@@QAE@XZ  10003d35 f i LineDisplay.obj
 0001:00002d76       ??0CParseBuffer@CRegParser@ATL@@QAE@H@Z 10003d76 f i LineDisplay.obj
 0001:00002dac       ??0_ATL_MSG@ATL@@QAE@PAUHWND__@@IIJH@Z 10003dac f i LineDisplay.obj
 0001:00002de4       ??1?$CComAggObject@VCOPOSLineDisplay@@@ATL@@UAE@XZ 10003de4 f i LineDisplay.obj
 0001:00002e08       ??1?$CComEnumImpl@UIEnumConnectionPoints@@$1?_GUID_b196b285_bab4_101a_b69c_00aa00341d07@@3U__s_GUID@@BPAUIConnectionPoint@@V?$_CopyInterface@UIConnectionPoint@@@ATL@@@ATL@@UAE@XZ 10003e08 f i LineDisplay.obj
 0001:00002e48       ??1?$CComEnumImpl@UIEnumConnections@@$1?_GUID_b196b287_bab4_101a_b69c_00aa00341d07@@3U__s_GUID@@BUtagCONNECTDATA@@V?$_Copy@UtagCONNECTDATA@@@ATL@@@ATL@@UAE@XZ 10003e48 f i LineDisplay.obj
 0001:00002e88       ??1?$CComObject@V?$CComEnum@UIEnumConnectionPoints@@$1?_GUID_b196b285_bab4_101a_b69c_00aa00341d07@@3U__s_GUID@@BPAUIConnectionPoint@@V?$_CopyInterface@UIConnectionPoint@@@ATL@@VCComSingleThreadModel@6@@ATL@@@ATL@@UAE@XZ 10003e88 f i LineDisplay.obj
 0001:00002eab       ??1?$CComObject@V?$CComEnum@UIEnumConnections@@$1?_GUID_b196b287_bab4_101a_b69c_00aa00341d07@@3U__s_GUID@@BUtagCONNECTDATA@@V?$_Copy@UtagCONNECTDATA@@@ATL@@VCComSingleThreadModel@6@@ATL@@@ATL@@UAE@XZ 10003eab f i LineDisplay.obj
 0001:00002ece       ??1?$CComObject@VCOPOSLineDisplay@@@ATL@@UAE@XZ 10003ece f i LineDisplay.obj
 0001:00002f8c       ??1?$CComObjectCached@VCComClassFactory@ATL@@@ATL@@UAE@XZ 10003f8c f i LineDisplay.obj
 0001:00002fa2       ??1?$CComObjectRootEx@VCComMultiThreadModel@ATL@@@ATL@@QAE@XZ 10003fa2 f i LineDisplay.obj
 0001:00002fb7       ??1CRegObject@ATL@@UAE@XZ  10003fb7 f i LineDisplay.obj
 0001:00002fd7       ??4?$CComPtr@UIAdviseSink@@@ATL@@QAEPAUIAdviseSink@@PAU2@@Z 10003fd7 f i LineDisplay.obj
 0001:00002fd7       ??4?$CComPtr@UIUnknown@@@ATL@@QAEPAUIUnknown@@PAU2@@Z 10003fd7 f i LineDisplay.obj
 0001:00002fd7       ??4?$CComPtr@UIOleClientSite@@@ATL@@QAEPAUIOleClientSite@@PAU2@@Z 10003fd7 f i LineDisplay.obj
 0001:0000300b       ??4?$CComQIPtr@UIOleObject@@$1?_GUID_00000112_0000_0000_c000_000000000046@@3U__s_GUID@@B@ATL@@QAEPAUIOleObject@@PAUIUnknown@@@Z 1000400b f i LineDisplay.obj
 0001:00003030       ??4?$CComQIPtr@UISpecifyPropertyPages@@$1?_GUID_b196b28b_bab4_101a_b69c_00aa00341d07@@3U__s_GUID@@B@ATL@@QAEPAUISpecifyPropertyPages@@PAUIUnknown@@@Z 10004030 f i LineDisplay.obj
 0001:00003055       ??_G?$CComContainedObject@VCOPOSLineDisplay@@@ATL@@UAEPAXI@Z 10004055 f i LineDisplay.obj
 0001:00003055       ??_E?$CComContainedObject@VCOPOSLineDisplay@@@ATL@@UAEPAXI@Z 10004055 f i LineDisplay.obj
 0001:0000307a       ??_E?$CComObject@VCOPOSLineDisplay@@@ATL@@UAEPAXI@Z 1000407a f i LineDisplay.obj
 0001:0000307a       ??_G?$CComObject@VCOPOSLineDisplay@@@ATL@@UAEPAXI@Z 1000407a f i LineDisplay.obj
 0001:0000309f       ?Add@?$CSimpleArray@GV?$CSimpleArrayEqualHelper@G@ATL@@@ATL@@QAEHABG@Z 1000409f f i LineDisplay.obj
 0001:00003123       ?Add@?$CSimpleMap@PA_WPA_WVCExpansionVectorEqualHelper@ATL@@@ATL@@QAEHABQA_W0@Z 10004123 f i LineDisplay.obj
 0001:00003178       ?Add@CComDynamicUnkArray@ATL@@QAEKPAUIUnknown@@@Z 10004178 f i LineDisplay.obj
 0001:00003233       ?Add@CExpansionVector@ATL@@QAEHPB_W0@Z 10004233 f i LineDisplay.obj
 0001:00003337       ?AddString@CParseBuffer@CRegParser@ATL@@QAEHPB_W@Z 10004337 f i LineDisplay.obj
 0001:0000336c       ?AddValue@CRegParser@ATL@@IAEJAAVCRegKey@2@PB_WPA_W@Z 1000436c f i LineDisplay.obj
 0001:0000368d       ?Allocate@?$CAtlSafeAllocBufferManager@VCCRTAllocator@ATL@@@_ATL_SAFE_ALLOCA_IMPL@ATL@@QAEPAXK@Z 1000468d f i LineDisplay.obj
 0001:000036ba       ?Allocate@?$CTempBuffer@E$0BAA@VCCRTAllocator@ATL@@@ATL@@QAEPAEI@Z 100046ba f i LineDisplay.obj
 0001:000036e9       ?Allocate@?$CTempBuffer@_W$0BAA@VCCRTAllocator@ATL@@@ATL@@QAEPA_WI@Z 100046e9 f i LineDisplay.obj
 0001:00003718       ?Allocate@?$CTempBuffer@_W$0EAA@VCCRTAllocator@ATL@@@ATL@@QAEPA_WI@Z 10004718 f i LineDisplay.obj
 0001:00003747       ?AllocateHeap@?$CTempBuffer@E$0BAA@VCCRTAllocator@ATL@@@ATL@@AAEXI@Z 10004747 f i LineDisplay.obj
 0001:00003747       ?AllocateHeap@?$CTempBuffer@_W$0BAA@VCCRTAllocator@ATL@@@ATL@@AAEXI@Z 10004747 f i LineDisplay.obj
 0001:00003747       ?AllocateHeap@?$CTempBuffer@_W$0EAA@VCCRTAllocator@ATL@@@ATL@@AAEXI@Z 10004747 f i LineDisplay.obj
 0001:0000376c       ?Append@CParseBuffer@CRegParser@ATL@@QAEHPB_WH@Z 1000476c f i LineDisplay.obj
 0001:000037fa       ?AtlCallTermFunc@ATL@@YGXPAU_ATL_MODULE70@1@@Z 100047fa f i LineDisplay.obj
 0001:0000383e       ?AtlCoTaskMemCAlloc@ATL@@YAPAXKK@Z 1000483e f i LineDisplay.obj
 0001:0000386b       ?AtlCoTaskMemRecalloc@ATL@@YAPAXPAXKK@Z 1000486b f i LineDisplay.obj
 0001:0000389b       ?AtlComModuleGetClassObject@ATL@@YGJPAU_ATL_COM_MODULE70@1@ABU_GUID@@1PAPAX@Z 1000489b f i LineDisplay.obj
 0001:0000398e       ?AtlComModuleRegisterServer@ATL@@YGJPAU_ATL_COM_MODULE70@1@HPBU_GUID@@@Z 1000498e f i LineDisplay.obj
 0001:00003a16       ?AtlComModuleUnregisterServer@ATL@@YGJPAU_ATL_COM_MODULE70@1@HPBU_GUID@@@Z 10004a16 f i LineDisplay.obj
 0001:00003a9e       ?AtlComQIPtrAssign2@ATL@@YAXPAPAUIUnknown@@PAU2@ABU_GUID@@@Z 10004a9e f i LineDisplay.obj
 0001:00003acd       ?AtlCreateTargetDC@ATL@@YGPAUHDC__@@PAU2@PAUtagDVTARGETDEVICE@@@Z 10004acd f i LineDisplay.obj
 0001:00003b36       ?AtlCrtErrorCheck@ATL@@YAHH@Z 10004b36 f i LineDisplay.obj
 0001:00003b71       ?AtlHiMetricToPixel@ATL@@YGXPBUtagSIZE@@PAU2@@Z 10004b71 f i LineDisplay.obj
 0001:00003be6       ?AtlHresultFromLastError@ATL@@YAJXZ 10004be6 f i LineDisplay.obj
 0001:00003bfd       ?AtlHresultFromWin32@ATL@@YAJK@Z 10004bfd f i LineDisplay.obj
 0001:00003c12       ?AtlIPersistStreamInit_Load@ATL@@YGJPAUIStream@@PBUATL_PROPMAP_ENTRY@1@PAXPAUIUnknown@@@Z 10004c12 f i LineDisplay.obj
 0001:00003df2       ?AtlIPersistStreamInit_Save@ATL@@YGJPAUIStream@@HPBUATL_PROPMAP_ENTRY@1@PAXPAUIUnknown@@@Z 10004df2 f i LineDisplay.obj
 0001:00003f8a       ?AtlInternalOleLoadFromStream@ATL@@YAJPAUIStream@@ABU_GUID@@PAPAXTClassesAllowedInStream@1@K@Z 10004f8a f i LineDisplay.obj
 0001:000040b0       ?AtlInternalQueryInterface@ATL@@YGJPAXPBU_ATL_INTMAP_ENTRY@1@ABU_GUID@@PAPAX@Z 100050b0 f i LineDisplay.obj
 0001:00004153       ?AtlLoadTypeLib@ATL@@YGJPAUHINSTANCE__@@PB_WPAPA_WPAPAUITypeLib@@@Z 10005153 f i LineDisplay.obj
 0001:00004331       ?AtlModuleAddTermFunc@ATL@@YGJPAU_ATL_MODULE70@1@P6GXK@ZK@Z 10005331 f i LineDisplay.obj
 0001:0000438e       ?AtlRegisterClassCategoriesHelper@ATL@@YGJABU_GUID@@PBU_ATL_CATMAP_ENTRY@1@H@Z 1000538e f i LineDisplay.obj
 0001:0000466e       ?AtlRegisterTypeLib@ATL@@YGJPAUHINSTANCE__@@PB_W@Z 1000566e f i LineDisplay.obj
 0001:000047f6       ?AtlThrowImpl@ATL@@YGXJ@Z  100057f6 f i LineDisplay.obj
 0001:00004814       ?AtlUnRegisterTypeLib@ATL@@YGJPAUHINSTANCE__@@PB_W@Z 10005814 f i LineDisplay.obj
 0001:000048bf       ?AtlWinModuleAddCreateWndData@ATL@@YGXPAU_ATL_WIN_MODULE70@1@PAU_AtlCreateWndData@1@PAX@Z 100058bf f i LineDisplay.obj
 0001:00004913       ?AtlWinModuleExtractCreateWndData@ATL@@YGPAXPAU_ATL_WIN_MODULE70@1@@Z 10005913 f i LineDisplay.obj
 0001:00004976       ?AtlWinModuleRegisterClassExW@ATL@@YGGPAU_ATL_WIN_MODULE70@1@PBUtagWNDCLASSEXW@@@Z 10005976 f i LineDisplay.obj
 0001:000049b5       ?CanForceRemoveKey@CRegParser@ATL@@IAEHPB_W@Z 100059b5 f i LineDisplay.obj
 0001:000049e4       ?ChToByte@CRegParser@ATL@@KAE_W@Z 100059e4 f i LineDisplay.obj
 0001:00004a17       ?Cleanup@CComTypeInfoHolder@ATL@@SGXK@Z 10005a17 f i LineDisplay.obj
 0001:00004a4a       ?ClearReplacements@CExpansionVector@ATL@@QAEJXZ 10005a4a f i LineDisplay.obj
 0001:00004a87       ?Close@CRegKey@ATL@@QAEJXZ 10005a87 f i LineDisplay.obj
 0001:00004aa1       ?Create@?$CWindowImpl@VCOPOSLineDisplay@@VCWindow@ATL@@V?$CWinTraits@$0FGAAAAAA@$0A@@3@@ATL@@QAEPAUHWND__@@PAU3@V_U_RECT@2@PB_WKKV_U_MENUorID@2@PAX@Z 10005aa1 f i LineDisplay.obj
 0001:00004ae5       ?Create@?$CWindowImplBaseT@VCWindow@ATL@@V?$CWinTraits@$0FGAAAAAA@$0A@@2@@ATL@@QAEPAUHWND__@@PAU3@V_U_RECT@2@PB_WKKV_U_MENUorID@2@GPAX@Z 10005ae5 f i LineDisplay.obj
 0001:00004b81       ?Create@CRegKey@ATL@@QAEJPAUHKEY__@@PB_WPA_WKKPAU_SECURITY_ATTRIBUTES@@PAK@Z 10005b81 f i LineDisplay.obj
 0001:00004be4       ?CreateInstance@?$CComCreator@V?$CComAggObject@VCOPOSLineDisplay@@@ATL@@@ATL@@SGJPAXABU_GUID@@PAPAX@Z 10005be4 f i LineDisplay.obj
 0001:00004c5a       ?CreateInstance@?$CComCreator@V?$CComObject@VCOPOSLineDisplay@@@ATL@@@ATL@@SGJPAXABU_GUID@@PAPAX@Z 10005c5a f i LineDisplay.obj
 0001:00004cdb       ?CreateInstance@?$CComObject@V?$CComEnum@UIEnumConnectionPoints@@$1?_GUID_b196b285_bab4_101a_b69c_00aa00341d07@@3U__s_GUID@@BPAUIConnectionPoint@@V?$_CopyInterface@UIConnectionPoint@@@ATL@@VCComSingleThreadModel@6@@ATL@@@ATL@@SGJPAPAV12@@Z 10005cdb f i LineDisplay.obj
 0001:00004d22       ?CreateInstance@?$CComObject@V?$CComEnum@UIEnumConnections@@$1?_GUID_b196b287_bab4_101a_b69c_00aa00341d07@@3U__s_GUID@@BUtagCONNECTDATA@@V?$_Copy@UtagCONNECTDATA@@@ATL@@VCComSingleThreadModel@6@@ATL@@@ATL@@SGJPAPAV12@@Z 10005d22 f i LineDisplay.obj
 0001:00004d69       ?DefaultReflectionHandler@?$CWindowImplRoot@VCWindow@ATL@@@ATL@@SAHPAUHWND__@@IIJAAJ@Z 10005d69 f i LineDisplay.obj
 0001:00004ddc       ?DeleteSubKey@CRegKey@ATL@@QAEJPB_W@Z 10005ddc f i LineDisplay.obj
 0001:00004dff       ?DoEvent@COPOSLineDisplay@@IAEXIIJ@Z 10005dff f i LineDisplay.obj
 0001:00004e7f       ?DoVerbHide@?$IOleObjectImpl@VCOPOSLineDisplay@@@ATL@@QAEJPBUtagRECT@@PAUHWND__@@@Z 10005e7f f i LineDisplay.obj
 0001:00004eb5       ?DoVerbInPlaceActivate@?$IOleObjectImpl@VCOPOSLineDisplay@@@ATL@@QAEJPBUtagRECT@@PAUHWND__@@@Z 10005eb5 f i LineDisplay.obj
 0001:00004ee8       ?DoVerbPrimary@?$IOleObjectImpl@VCOPOSLineDisplay@@@ATL@@QAEJPBUtagRECT@@PAUHWND__@@@Z 10005ee8 f i LineDisplay.obj
 0001:00004f74       ?DoVerbProperties@CComControlBase@ATL@@QAEJPBUtagRECT@@PAUHWND__@@@Z 10005f74 f i LineDisplay.obj
 0001:0000509b       ?DoVerbShow@?$IOleObjectImpl@VCOPOSLineDisplay@@@ATL@@QAEJPBUtagRECT@@PAUHWND__@@@Z 1000609b f i LineDisplay.obj
 0001:000050c0       ?DoVerbUIActivate@?$IOleObjectImpl@VCOPOSLineDisplay@@@ATL@@QAEJPBUtagRECT@@PAUHWND__@@@Z 100060c0 f i LineDisplay.obj
 0001:000050fd       ?DoesVerbActivate@CComControlBase@ATL@@QAEHJ@Z 100060fd f i LineDisplay.obj
 0001:0000511e       ?DoesVerbUIActivate@CComControlBase@ATL@@QAEHJ@Z 1000611e f i LineDisplay.obj
 0001:00005153       ?EndOfVar@CRegParser@ATL@@IAEHXZ 10006153 f i LineDisplay.obj
 0001:00005173       ?EscapeSingleQuote@CAtlModule@ATL@@SAXPA_WIPB_W@Z 10006173 f i LineDisplay.obj
 0001:000051c2       ?FindKey@?$CSimpleMap@PA_WPA_WVCExpansionVectorEqualHelper@ATL@@@ATL@@QBEHABQA_W@Z 100061c2 f i LineDisplay.obj
 0001:000051f9       ?FireTheEvent@?$CProxy_IOPOSEvents@VCOPOSLineDisplay@@@@IAEXPAVOposVariant@@IAAJPB_WJ@Z 100061f9 f i LineDisplay.obj
 0001:0000528b       ?FireViewChange@CComControlBase@ATL@@QAEJXZ 1000628b f i LineDisplay.obj
 0001:000052d4       ?Fire_DirectIOEvent@?$CProxy_IOPOSEvents@VCOPOSLineDisplay@@@@QAEXJPAJPAPA_W@Z 100062d4 f i LineDisplay.obj
 0001:000053ba       ?Fire_StatusUpdateEvent@?$CProxy_IOPOSEvents@VCOPOSLineDisplay@@@@QAEXJ@Z 100063ba f i LineDisplay.obj
 0001:00005446       ?FreeHeap@?$CTempBuffer@_W$0BAA@VCCRTAllocator@ATL@@@ATL@@AAEXXZ 10006446 f i LineDisplay.obj
 0001:00005446       ?FreeHeap@?$CTempBuffer@_W$0EAA@VCCRTAllocator@ATL@@@ATL@@AAEXXZ 10006446 f i LineDisplay.obj
 0001:00005446       ?FreeHeap@?$CTempBuffer@E$0BAA@VCCRTAllocator@ATL@@@ATL@@AAEXXZ 10006446 f i LineDisplay.obj
 0001:0000544f       ?GetAmbientLocaleID@CComControlBase@ATL@@QAEJAAK@Z 1000644f f i LineDisplay.obj
 0001:000054ab       ?GetAmbientUserMode@CComControlBase@ATL@@QAEJAAH@Z 100064ab f i LineDisplay.obj
 0001:0000551b       ?GetAt@CComDynamicUnkArray@ATL@@QAEPAUIUnknown@@H@Z 1000651b f i LineDisplay.obj
 0001:00005537       ?GetClassObject@CComModule@ATL@@QAEJABU_GUID@@0PAPAX@Z 10006537 f i LineDisplay.obj
 0001:000055d9       ?GetConnMap@COPOSLineDisplay@@SAPBU_ATL_CONNMAP_ENTRY@ATL@@PAH@Z 100065d9 f i LineDisplay.obj
 0001:00005649       ?GetCookie@CComDynamicUnkArray@ATL@@QAGKPAPAUIUnknown@@@Z 10006649 f i LineDisplay.obj
 0001:00005681       ?GetIDsOfNames@CComTypeInfoHolder@ATL@@QAEJABU_GUID@@PAPA_WIKPAJ@Z 10006681 f i LineDisplay.obj
 0001:0000578f       ?GetKeyAt@?$CSimpleMap@PA_WPA_WVCExpansionVectorEqualHelper@ATL@@@ATL@@QBEAAPA_WH@Z 1000678f f i LineDisplay.obj
 0001:000057b4       ?GetPagesHelper@?$ISpecifyPropertyPagesImpl@VCOPOSLineDisplay@@@ATL@@IAEJPAUtagCAUUID@@PBUATL_PROPMAP_ENTRY@2@@Z 100067b4 f i LineDisplay.obj
 0001:000058db       ?GetProperty@?$CComPtr@UIDispatch@@@ATL@@SAJPAUIDispatch@@JPAUtagVARIANT@@@Z 100068db f i LineDisplay.obj
 0001:0000592a       ?GetSizeMax@CComVariant@ATL@@QBEJPAT_ULARGE_INTEGER@@@Z 1000692a f i LineDisplay.obj
 0001:00005ae4       ?GetStreamSize@CComBSTR@ATL@@SAKPA_W@Z 10006ae4 f i LineDisplay.obj
 0001:00005afe       ?GetTI@CComTypeInfoHolder@ATL@@QAEJK@Z 10006afe f i LineDisplay.obj
 0001:00005ce7       ?GetTI@CComTypeInfoHolder@ATL@@QAEJKPAPAUITypeInfo@@@Z 10006ce7 f i LineDisplay.obj
 0001:00005d29       ?GetUnknown@CComDynamicUnkArray@ATL@@QAGPAUIUnknown@@K@Z 10006d29 f i LineDisplay.obj
 0001:00005d4a       ?GetValueAt@?$CSimpleMap@PA_WPA_WVCExpansionVectorEqualHelper@ATL@@@ATL@@QBEAAPA_WH@Z 10006d4a f i LineDisplay.obj
 0001:00005d70       ?GetZoomInfo@CComControlBase@ATL@@QAEXAAUATL_DRAWINFO@@@Z 10006d70 f i LineDisplay.obj
 0001:00005e03       ?HKeyFromString@CRegParser@ATL@@KAPAUHKEY__@@PA_W@Z 10006e03 f i LineDisplay.obj
 0001:00005e31       ?HasSubKeys@CRegParser@ATL@@IAEHPAUHKEY__@@@Z 10006e31 f i LineDisplay.obj
 0001:00005e66       ?IDataObject_GetData@CComControlBase@ATL@@QAEJPAUtagFORMATETC@@PAUtagSTGMEDIUM@@@Z 10006e66 f i LineDisplay.obj
 0001:0000600c       ?IOleInPlaceObject_InPlaceDeactivate@CComControlBase@ATL@@QAEJXZ 1000700c f i LineDisplay.obj
 0001:00006093       ?IOleInPlaceObject_SetObjectRects@CComControlBase@ATL@@QAEJPBUtagRECT@@0@Z 10007093 f i LineDisplay.obj
 0001:00006160       ?IOleInPlaceObject_UIDeactivate@CComControlBase@ATL@@QAEJXZ 10007160 f i LineDisplay.obj
 0001:00006222       ?IOleObject_Advise@CComControlBase@ATL@@QAEJPAUIAdviseSink@@PAK@Z 10007222 f i LineDisplay.obj
 0001:0000624c       ?IOleObject_Close@CComControlBase@ATL@@QAEJK@Z 1000724c f i LineDisplay.obj
 0001:00006330       ?IOleObject_GetClientSite@CComControlBase@ATL@@QAEJPAPAUIOleClientSite@@@Z 10007330 f i LineDisplay.obj
 0001:00006359       ?IOleObject_SetClientSite@CComControlBase@ATL@@QAEJPAUIOleClientSite@@@Z 10007359 f i LineDisplay.obj
 0001:00006398       ?IOleObject_SetExtent@CComControlBase@ATL@@QAEJKPAUtagSIZE@@@Z 10007398 f i LineDisplay.obj
 0001:0000644c       ?IPSI_GetIPersistStreamInit@?$IPersistStorageImpl@VCOPOSLineDisplay@@@ATL@@AAEPAUIPersistStreamInit@@XZ 1000744c f i LineDisplay.obj
 0001:0000648e       ?IPersistStreamInit_Load@?$IPersistStreamInitImpl@VCOPOSLineDisplay@@@ATL@@QAEJPAUIStream@@PBUATL_PROPMAP_ENTRY@2@@Z 1000748e f i LineDisplay.obj
 0001:000064ba       ?IPersistStreamInit_Save@?$IPersistStreamInitImpl@VCOPOSLineDisplay@@@ATL@@QAEJPAUIStream@@HPBUATL_PROPMAP_ENTRY@2@@Z 100074ba f i LineDisplay.obj
 0001:000064ef       ?IQuickActivate_QuickActivate@CComControlBase@ATL@@QAEJPAUtagQACONTAINER@@PAUtagQACONTROL@@@Z 100074ef f i LineDisplay.obj
 0001:00006731       ?IViewObject_Draw@CComControlBase@ATL@@QAEJKJPAXPAUtagDVTARGETDEVICE@@PAUHDC__@@2PBU_RECTL@@3@Z 10007731 f i LineDisplay.obj
 0001:000067d9       ?InPlaceActivate@CComControlBase@ATL@@QAEJJPBUtagRECT@@@Z 100077d9 f i LineDisplay.obj
 0001:00006a4a       ?Init@?$CComEnumImpl@UIEnumConnectionPoints@@$1?_GUID_b196b285_bab4_101a_b69c_00aa00341d07@@3U__s_GUID@@BPAUIConnectionPoint@@V?$_CopyInterface@UIConnectionPoint@@@ATL@@@ATL@@QAEJPAPAUIConnectionPoint@@0PAUIUnknown@@W4CComEnumFlags@2@@Z 10007a4a f i LineDisplay.obj
 0001:00006b29       ?Init@?$CComEnumImpl@UIEnumConnections@@$1?_GUID_b196b287_bab4_101a_b69c_00aa00341d07@@3U__s_GUID@@BUtagCONNECTDATA@@V?$_Copy@UtagCONNECTDATA@@@ATL@@@ATL@@QAEJPAUtagCONNECTDATA@@0PAUIUnknown@@W4CComEnumFlags@2@@Z 10007b29 f i LineDisplay.obj
 0001:00006c08       ?Init@CComModule@ATL@@QAEJPAU_ATL_OBJMAP_ENTRY30@2@PAUHINSTANCE__@@PBU_GUID@@@Z 10007c08 f i LineDisplay.obj
 0001:00006c67       ?Init@CDynamicStdCallThunk2@ATL@@QAEHKPAX@Z 10007c67 f i LineDisplay.obj
 0001:00006c92       ?InlineIsEqualUnknown@ATL@@YGHABU_GUID@@@Z 10007c92 f i LineDisplay.obj
 0001:00006cba       ?InternalGetSite@CComControlBase@ATL@@QAEJABU_GUID@@PAPAX@Z 10007cba f i LineDisplay.obj
 0001:00006ce8       ?InternalSetAtIndex@?$CSimpleMap@PA_WPA_WVCExpansionVectorEqualHelper@ATL@@@ATL@@QAEXHABQA_W0@Z 10007ce8 f i LineDisplay.obj
 0001:00006d12       ?Invoke@CComTypeInfoHolder@ATL@@QAEJPAUIDispatch@@JABU_GUID@@KGPAUtagDISPPARAMS@@PAUtagVARIANT@@PAUtagEXCEPINFO@@PAI@Z 10007d12 f i LineDisplay.obj
 0001:00006d55       ?IsEqualObject@?$CComPtrBase@UITypeInfo@@@ATL@@QAE_NPAUIUnknown@@@Z 10007d55 f i LineDisplay.obj
 0001:00006d55       ?IsEqualObject@?$CComPtrBase@UIOleClientSite@@@ATL@@QAE_NPAUIUnknown@@@Z 10007d55 f i LineDisplay.obj
 0001:00006dc2       ?IsSpace@CRegParser@ATL@@IAEH_W@Z 10007dc2 f i LineDisplay.obj
 0001:00006dec       ?LoadNameCache@CComTypeInfoHolder@ATL@@QAEJPAUITypeInfo@@@Z 10007dec f i LineDisplay.obj
 0001:00006f3a       ?Lookup@?$CSimpleMap@PA_WPA_WVCExpansionVectorEqualHelper@ATL@@@ATL@@QBEPA_WABQA_W@Z 10007f3a f i LineDisplay.obj
 0001:00006f60       ?NextToken@CRegParser@ATL@@IAEJPA_W@Z 10007f60 f i LineDisplay.obj
 0001:00007098       ?OnKillFocus@CComControlBase@ATL@@QAEJIIJAAH@Z 10008098 f i LineDisplay.obj
 0001:000070f3       ?OnMouseActivate@CComControlBase@ATL@@QAEJIIJAAH@Z 100080f3 f i LineDisplay.obj
 0001:00007161       ?OnPaint@CComControlBase@ATL@@QAEJIIJAAH@Z 10008161 f i LineDisplay.obj
 0001:00007213       ?OnSetFocus@CComControlBase@ATL@@QAEJIIJAAH@Z 10008213 f i LineDisplay.obj
 0001:0000729c       ?Open@CRegKey@ATL@@QAEJPAUHKEY__@@PB_WK@Z 1000829c f i LineDisplay.obj
 0001:000072e5       ?PreProcessBuffer@CRegParser@ATL@@QAEJPA_WPAPA_W@Z 100082e5 f i LineDisplay.obj
 0001:0000754f       ?ProcessWindowMessage@?$CComControl@VCOPOSLineDisplay@@V?$CWindowImpl@VCOPOSLineDisplay@@VCWindow@ATL@@V?$CWinTraits@$0FGAAAAAA@$0A@@3@@ATL@@@ATL@@UAEHPAUHWND__@@IIJAAJK@Z 1000854f f i LineDisplay.obj
 0001:000075ee       ?PutProperty@?$CComPtr@UIDispatch@@@ATL@@SAJPAUIDispatch@@JPAUtagVARIANT@@@Z 100085ee f i LineDisplay.obj
 0001:00007680       ?ReadFromStream@CComBSTR@ATL@@QAEJPAUIStream@@@Z 10008680 f i LineDisplay.obj
 0001:000077ae       ?ReadFromStream@CComVariant@ATL@@QAEJPAUIStream@@GTClassesAllowedInStream@2@K@Z 100087ae f i LineDisplay.obj
 0001:00007934       ?RecurseDeleteKey@CRegKey@ATL@@QAEJPB_W@Z 10008934 f i LineDisplay.obj
 0001:000079f6       ?RegCreateKeyExW@CAtlTransactionManager@ATL@@QAEJPAUHKEY__@@PB_WKPA_WKKQAU_SECURITY_ATTRIBUTES@@PAPAU3@PAK@Z 100089f6 f i LineDisplay.obj
 0001:00007a59       ?RegDeleteKeyW@CAtlTransactionManager@ATL@@QAEJPAUHKEY__@@PB_W@Z 10008a59 f i LineDisplay.obj
 0001:00007aab       ?RegOpenKeyExW@CAtlTransactionManager@ATL@@QAEJPAUHKEY__@@PB_WKKPAPAU3@@Z 10008aab f i LineDisplay.obj
 0001:00007b02       ?Register@_ATL_WNDCLASSINFOW@ATL@@QAEGPAP6GJPAUHWND__@@IIJ@Z@Z 10008b02 f i LineDisplay.obj
 0001:00007b22       ?RegisterBuffer@CRegParser@ATL@@QAEJPA_WH@Z 10008b22 f i LineDisplay.obj
 0001:00007c5b       ?RegisterFromResource@CRegObject@ATL@@IAEJPB_W00H@Z 10008c5b f i LineDisplay.obj
 0001:00007d91       ?RegisterServer@?$CAtlModuleT@VCComModule@ATL@@@ATL@@QAEJHPBU_GUID@@@Z 10008d91 f i LineDisplay.obj
 0001:00007dbf       ?RegisterServer@CComModule@ATL@@QAEJHPBU_GUID@@@Z 10008dbf f i LineDisplay.obj
 0001:00007e35       ?RegisterSubkeys@CRegParser@ATL@@IAEJPA_WPAUHKEY__@@HH@Z 10008e35 f i LineDisplay.obj
 0001:00008404       ?Remove@CComDynamicUnkArray@ATL@@QAEHK@Z 10009404 f i LineDisplay.obj
 0001:0000842d       ?RemoveAll@?$CSimpleMap@PA_WPA_WVCExpansionVectorEqualHelper@ATL@@@ATL@@QAEXXZ 1000942d f i LineDisplay.obj
 0001:00008459       ?ResourceRegisterSz@CRegObject@ATL@@QAGJPB_W00@Z 10009459 f i LineDisplay.obj
 0001:00008486       ?ResourceUnregisterSz@CRegObject@ATL@@QAGJPB_W00@Z 10009486 f i LineDisplay.obj
 0001:000084b3       ?SendOnDataChange@CComControlBase@ATL@@QAEJK@Z 100094b3 f i LineDisplay.obj
 0001:00008500       ?SetControlFocus@CComControlBase@ATL@@QAEHH@Z 10009500 f i LineDisplay.obj
 0001:0000859d       ?SetMultiStringValue@CRegKey@ATL@@QAEJPB_W0@Z 1000959d f i LineDisplay.obj
 0001:000085f9       ?SetStringValue@CRegKey@ATL@@QAEJPB_W0K@Z 100095f9 f i LineDisplay.obj
 0001:00008642       ?SkipAssignment@CRegParser@ATL@@IAEJPA_W@Z 10009642 f i LineDisplay.obj
 0001:000086a7       ?SkipWhiteSpace@CRegParser@ATL@@IAEXXZ 100096a7 f i LineDisplay.obj
 0001:000086c9       ?StrChrW@CRegParser@ATL@@KAPA_WPA_W_W@Z 100096c9 f i LineDisplay.obj
 0001:00008706       ?Term@CAtlModule@ATL@@QAEXXZ 10009706 f i LineDisplay.obj
 0001:0000873f       ?Term@CComModule@ATL@@QAEXXZ 1000973f f i LineDisplay.obj
 0001:00008797       ?UnregisterServer@?$CAtlModuleT@VCComModule@ATL@@@ATL@@QAEJHPBU_GUID@@@Z 10009797 f i LineDisplay.obj
 0001:000087bd       ?UnregisterServer@CComModule@ATL@@QAEJHPBU_GUID@@@Z 100097bd f i LineDisplay.obj
 0001:00008833       ?UpdateRegistryFromResource@CAtlModule@ATL@@QAGJIHPAU_ATL_REGMAP_ENTRY@2@@Z 10009833 f i LineDisplay.obj
 0001:000089fe       ?UpdateRegistryFromResource@CAtlModule@ATL@@QAGJPB_WHPAU_ATL_REGMAP_ENTRY@2@@Z 100099fe f i LineDisplay.obj
 0001:00008bcf       ?VTFromRegType@CRegParser@ATL@@KAHPB_WAAG@Z 10009bcf f i LineDisplay.obj
 0001:00008c3c       ?WindowProc@?$CWindowImplBaseT@VCWindow@ATL@@V?$CWinTraits@$0FGAAAAAA@$0A@@2@@ATL@@SGJPAUHWND__@@IIJ@Z 10009c3c f i LineDisplay.obj
 0001:00008d2e       ?WriteToStream@CComBSTR@ATL@@QAEJPAUIStream@@@Z 10009d2e f i LineDisplay.obj
 0001:00008d85       ?WriteToStream@CComVariant@ATL@@QAEJPAUIStream@@@Z 10009d85 f i LineDisplay.obj
 0001:00008eff       ?WriteToStream@CComVariant@ATL@@QAEJPAUIStream@@G@Z 10009eff f i LineDisplay.obj
 0001:00008f68       ?_AtlInitialConstruct@?$CComObjectRootEx@VCComMultiThreadModel@ATL@@@ATL@@QAEJXZ 10009f68 f i LineDisplay.obj
 0001:00008f7d       ?_AtlVerifyStackAvailable@_ATL_SAFE_ALLOCA_IMPL@ATL@@YA_NK@Z 10009f7d f i LineDisplay.obj
 0001:00008ffb       ?copy@?$_Copy@UtagCONNECTDATA@@@ATL@@SAJPAUtagCONNECTDATA@@PBU3@@Z 10009ffb f i LineDisplay.obj
 0001:00009031       ?copy@?$_CopyInterface@UIConnectionPoint@@@ATL@@SAJPAPAUIConnectionPoint@@PBQAU3@@Z 1000a031 f i LineDisplay.obj
 0001:0000905f       ?memcpy_s@Checked@ATL@@YAXPAXIPBXI@Z 1000a05f f i LineDisplay.obj
 0001:0000907e       ?ocscpy_s@@YA_NPA_WIPB_W@Z 1000a07e f i LineDisplay.obj
 0001:000090ad       ?ocslen@@YAHPB_W@Z         1000a0ad f i LineDisplay.obj
 0001:000090cd       ?wcscpy_s@Checked@ATL@@YAXPA_WIPB_W@Z 1000a0cd f i LineDisplay.obj
 0001:000090e9       _DllCanUnloadNow@0         1000a0e9 f   LineDisplay.obj
 0001:000090f5       _DllGetClassObject@12      1000a0f5 f   LineDisplay.obj
 0001:00009103       _DllMain@12                1000a103 f   LineDisplay.obj
 0001:00009145       _DllRegisterServer@0       1000a145 f   LineDisplay.obj
 0001:00009154       _DllUnregisterServer@0     1000a154 f   LineDisplay.obj
 0001:00009163       _InlineIsEqualGUID         1000a163 f i LineDisplay.obj
 0001:00009193       ___local_stdio_printf_options 1000a193 f i LineDisplay.obj
 0001:00009199       __vswprintf_s_l            1000a199 f i LineDisplay.obj
 0001:00009246       _swprintf_s                1000a246 f i LineDisplay.obj
 0001:00009262       ??0?$CComControl@VCOPOSLineDisplay@@V?$CWindowImpl@VCOPOSLineDisplay@@VCWindow@ATL@@V?$CWinTraits@$0FGAAAAAA@$0A@@3@@ATL@@@ATL@@QAE@XZ 1000a262 f i LineDisplayImpl.obj
 0001:00009289       ??0CComControlBase@ATL@@QAE@AAPAUHWND__@@@Z 1000a289 f i LineDisplayImpl.obj
 0001:000092d3       ??0COPOSLineDisplay@@QAE@XZ 1000a2d3 f   LineDisplayImpl.obj
 0001:00009322       ??1?$CComControl@VCOPOSLineDisplay@@V?$CWindowImpl@VCOPOSLineDisplay@@VCWindow@ATL@@V?$CWinTraits@$0FGAAAAAA@$0A@@3@@ATL@@@ATL@@UAE@XZ 1000a322 f i LineDisplayImpl.obj
 0001:0000933b       ??1?$IConnectionPointImpl@VCOPOSLineDisplay@@$1?DIID__IOPOSLineDisplayEvents@@3U_GUID@@BVCComDynamicUnkArray@ATL@@@ATL@@QAE@XZ 1000a33b f i LineDisplayImpl.obj
 0001:0000933b       ??1?$IConnectionPointImpl@VCOPOSLineDisplay@@$1?IID_IPropertyNotifySink@@3U_GUID@@BVCComDynamicUnkArray@ATL@@@ATL@@QAE@XZ 1000a33b f i LineDisplayImpl.obj
 0001:00009378       ??1CComControlBase@ATL@@UAE@XZ 1000a378 f i LineDisplayImpl.obj
 0001:000093db       ??1COPOSLineDisplay@@UAE@XZ 1000a3db f   LineDisplayImpl.obj
 0001:00009423       ??1OposVariantResult@@QAE@XZ 1000a423 f i LineDisplayImpl.obj
 0001:00009444       ??1_CW@@QAE@XZ             1000a444 f i LineDisplayImpl.obj
 0001:0000945d       ?CheckHealth@COPOSLineDisplay@@UAGJJPAJ@Z 1000a45d f   LineDisplayImpl.obj
 0001:000094ac       ?ClaimDevice@COPOSLineDisplay@@UAGJJPAJ@Z 1000a4ac f   LineDisplayImpl.obj
 0001:00009521       ?ClearDescriptors@COPOSLineDisplay@@UAGJPAJ@Z 1000a521 f   LineDisplayImpl.obj
 0001:0000953c       ?ClearText@COPOSLineDisplay@@UAGJPAJ@Z 1000a53c f   LineDisplayImpl.obj
 0001:00009557       ?Close@COPOSLineDisplay@@UAGJPAJ@Z 1000a557 f   LineDisplayImpl.obj
 0001:000095c5       ?CompareFirmwareVersion@COPOSLineDisplay@@UAGJPA_WPAJ1@Z 1000a5c5 f   LineDisplayImpl.obj
 0001:00009645       ?CreateWindow@COPOSLineDisplay@@UAGJJJJJJJPAJ@Z 1000a645 f   LineDisplayImpl.obj
 0001:00009708       ?DefineGlyph@COPOSLineDisplay@@UAGJJPA_WPAJ@Z 1000a708 f   LineDisplayImpl.obj
 0001:00009784       ?DestroyWindow@COPOSLineDisplay@@UAGJPAJ@Z 1000a784 f   LineDisplayImpl.obj
 0001:0000979f       ?DirectIO@COPOSLineDisplay@@UAGJJPAJPAPA_W0@Z 1000a79f f   LineDisplayImpl.obj
 0001:0000984d       ?DisplayBitmap@COPOSLineDisplay@@UAGJPA_WJJJPAJ@Z 1000a84d f   LineDisplayImpl.obj
 0001:000098fc       ?DisplayText@COPOSLineDisplay@@UAGJPA_WJPAJ@Z 1000a8fc f   LineDisplayImpl.obj
 0001:00009978       ?DisplayTextAt@COPOSLineDisplay@@UAGJJJPA_WJPAJ@Z 1000a978 f   LineDisplayImpl.obj
 0001:00009a27       ?DoInvoke@COPOSLineDisplay@@IAEJJPAVOposVariant@@IHPAJ_N@Z 1000aa27 f   LineDisplayImpl.obj
 0001:00009ae9       ?EventClose@COPOSLineDisplay@@IAEXXZ 1000aae9 f i LineDisplayImpl.obj
 0001:00009b1c       ?EventInit@COPOSLineDisplay@@IAEJXZ 1000ab1c f i LineDisplayImpl.obj
 0001:00009be8       ?EventUninit@COPOSLineDisplay@@IAEXXZ 1000abe8 f i LineDisplayImpl.obj
 0001:00009c3a       ?EventWindowProc@COPOSLineDisplay@@IAGJIIJ@Z 1000ac3a f i LineDisplayImpl.obj
 0001:00009cb1       ?FinalConstruct@COPOSLineDisplay@@QAEJXZ 1000acb1 f   LineDisplayImpl.obj
 0001:00009cea       ?FireEventCleanup@COPOSLineDisplay@@IAEXXZ 1000acea f i LineDisplayImpl.obj
 0001:00009d00       ?FireEventSetup@COPOSLineDisplay@@IAE_NXZ 1000ad00 f i LineDisplayImpl.obj
 0001:00009d34       ?FreezeEvents@COPOSLineDisplay@@MAGJH@Z 1000ad34 f   LineDisplayImpl.obj
 0001:00009d85       ?GetOposProp@COPOSLineDisplay@@IAEJJPAFJ@Z 1000ad85 f   LineDisplayImpl.obj
 0001:00009da8       ?GetOposProp@COPOSLineDisplay@@IAEJJPAJJ@Z 1000ada8 f   LineDisplayImpl.obj
 0001:00009e66       ?GetOposProp@COPOSLineDisplay@@IAEJJPAPA_WJ@Z 1000ae66 f   LineDisplayImpl.obj
 0001:00009f31       ?OnDraw@COPOSLineDisplay@@MAEJAAUATL_DRAWINFO@@@Z 1000af31 f   LineDisplayImpl.obj
 0001:00009fd1       ?Open@COPOSLineDisplay@@UAGJPA_WPAJ@Z 1000afd1 f   LineDisplayImpl.obj
 0001:0000a768       ?ReadCharacterAtCursor@COPOSLineDisplay@@UAGJPAJ0@Z 1000b768 f   LineDisplayImpl.obj
 0001:0000a7bf       ?RefreshWindow@COPOSLineDisplay@@UAGJJPAJ@Z 1000b7bf f   LineDisplayImpl.obj
 0001:0000a80e       ?ReleaseDevice@COPOSLineDisplay@@UAGJPAJ@Z 1000b80e f   LineDisplayImpl.obj
 0001:0000a85d       ?ResetStatistics@COPOSLineDisplay@@UAGJPA_WPAJ@Z 1000b85d f   LineDisplayImpl.obj
 0001:0000a8b4       ?RetrieveStatistics@COPOSLineDisplay@@UAGJPAPA_WPAJ@Z 1000b8b4 f   LineDisplayImpl.obj
 0001:0000a90b       ?SOProcessID@COPOSLineDisplay@@UAGJPAJ@Z 1000b90b f   LineDisplayImpl.obj
 0001:0000a91f       ?ScrollText@COPOSLineDisplay@@UAGJJJPAJ@Z 1000b91f f   LineDisplayImpl.obj
 0001:0000a993       ?SetBitmap@COPOSLineDisplay@@UAGJJPA_WJJJPAJ@Z 1000b993 f   LineDisplayImpl.obj
 0001:0000aa56       ?SetCOFreezeEvents@COPOSLineDisplay@@IAEXF@Z 1000ba56 f   LineDisplayImpl.obj
 0001:0000aae1       ?SetDescriptor@COPOSLineDisplay@@UAGJJJPAJ@Z 1000bae1 f   LineDisplayImpl.obj
 0001:0000ab55       ?SetOposProp@COPOSLineDisplay@@IAEJJJJ@Z 1000bb55 f   LineDisplayImpl.obj
 0001:0000ac33       ?UpdateFirmware@COPOSLineDisplay@@UAGJPA_WPAJ@Z 1000bc33 f   LineDisplayImpl.obj
 0001:0000ac8a       ?UpdateStatistics@COPOSLineDisplay@@UAGJPA_WPAJ@Z 1000bc8a f   LineDisplayImpl.obj
 0001:0000ace1       ?get_BinaryConversion@COPOSLineDisplay@@UAGJPAJ@Z 1000bce1 f   LineDisplayImpl.obj
 0001:0000acf7       ?get_BlinkRate@COPOSLineDisplay@@UAGJPAJ@Z 1000bcf7 f   LineDisplayImpl.obj
 0001:0000ad10       ?get_CapBitmap@COPOSLineDisplay@@UAGJPAF@Z 1000bd10 f   LineDisplayImpl.obj
 0001:0000ad29       ?get_CapBlink@COPOSLineDisplay@@UAGJPAJ@Z 1000bd29 f   LineDisplayImpl.obj
 0001:0000ad42       ?get_CapBlinkRate@COPOSLineDisplay@@UAGJPAF@Z 1000bd42 f   LineDisplayImpl.obj
 0001:0000ad5b       ?get_CapBrightness@COPOSLineDisplay@@UAGJPAF@Z 1000bd5b f   LineDisplayImpl.obj
 0001:0000ad74       ?get_CapCharacterSet@COPOSLineDisplay@@UAGJPAJ@Z 1000bd74 f   LineDisplayImpl.obj
 0001:0000ad8d       ?get_CapCompareFirmwareVersion@COPOSLineDisplay@@UAGJPAF@Z 1000bd8d f   LineDisplayImpl.obj
 0001:0000ada6       ?get_CapCursorType@COPOSLineDisplay@@UAGJPAJ@Z 1000bda6 f   LineDisplayImpl.obj
 0001:0000adbf       ?get_CapCustomGlyph@COPOSLineDisplay@@UAGJPAF@Z 1000bdbf f   LineDisplayImpl.obj
 0001:0000add8       ?get_CapDescriptors@COPOSLineDisplay@@UAGJPAF@Z 1000bdd8 f   LineDisplayImpl.obj
 0001:0000adf1       ?get_CapHMarquee@COPOSLineDisplay@@UAGJPAF@Z 1000bdf1 f   LineDisplayImpl.obj
 0001:0000ae0a       ?get_CapICharWait@COPOSLineDisplay@@UAGJPAF@Z 1000be0a f   LineDisplayImpl.obj
 0001:0000ae23       ?get_CapMapCharacterSet@COPOSLineDisplay@@UAGJPAF@Z 1000be23 f   LineDisplayImpl.obj
 0001:0000ae3c       ?get_CapPowerReporting@COPOSLineDisplay@@UAGJPAJ@Z 1000be3c f   LineDisplayImpl.obj
 0001:0000ae55       ?get_CapReadBack@COPOSLineDisplay@@UAGJPAJ@Z 1000be55 f   LineDisplayImpl.obj
 0001:0000ae6e       ?get_CapReverse@COPOSLineDisplay@@UAGJPAJ@Z 1000be6e f   LineDisplayImpl.obj
 0001:0000ae87       ?get_CapScreenMode@COPOSLineDisplay@@UAGJPAF@Z 1000be87 f   LineDisplayImpl.obj
 0001:0000aea0       ?get_CapStatisticsReporting@COPOSLineDisplay@@UAGJPAF@Z 1000bea0 f   LineDisplayImpl.obj
 0001:0000aeb9       ?get_CapUpdateFirmware@COPOSLineDisplay@@UAGJPAF@Z 1000beb9 f   LineDisplayImpl.obj
 0001:0000aed2       ?get_CapUpdateStatistics@COPOSLineDisplay@@UAGJPAF@Z 1000bed2 f   LineDisplayImpl.obj
 0001:0000aeeb       ?get_CapVMarquee@COPOSLineDisplay@@UAGJPAF@Z 1000beeb f   LineDisplayImpl.obj
 0001:0000af04       ?get_CharacterSet@COPOSLineDisplay@@UAGJPAJ@Z 1000bf04 f   LineDisplayImpl.obj
 0001:0000af1d       ?get_CharacterSetList@COPOSLineDisplay@@UAGJPAPA_W@Z 1000bf1d f   LineDisplayImpl.obj
 0001:0000af36       ?get_CheckHealthText@COPOSLineDisplay@@UAGJPAPA_W@Z 1000bf36 f   LineDisplayImpl.obj
 0001:0000af4f       ?get_Claimed@COPOSLineDisplay@@UAGJPAF@Z 1000bf4f f   LineDisplayImpl.obj
 0001:0000af65       ?get_Columns@COPOSLineDisplay@@UAGJPAJ@Z 1000bf65 f   LineDisplayImpl.obj
 0001:0000af7e       ?get_ControlObjectDescription@COPOSLineDisplay@@UAGJPAPA_W@Z 1000bf7e f   LineDisplayImpl.obj
 0001:0000afbb       ?get_ControlObjectVersion@COPOSLineDisplay@@UAGJPAJ@Z 1000bfbb f   LineDisplayImpl.obj
 0001:0000afce       ?get_CurrentWindow@COPOSLineDisplay@@UAGJPAJ@Z 1000bfce f   LineDisplayImpl.obj
 0001:0000afe7       ?get_CursorColumn@COPOSLineDisplay@@UAGJPAJ@Z 1000bfe7 f   LineDisplayImpl.obj
 0001:0000b000       ?get_CursorRow@COPOSLineDisplay@@UAGJPAJ@Z 1000c000 f   LineDisplayImpl.obj
 0001:0000b019       ?get_CursorType@COPOSLineDisplay@@UAGJPAJ@Z 1000c019 f   LineDisplayImpl.obj
 0001:0000b032       ?get_CursorUpdate@COPOSLineDisplay@@UAGJPAF@Z 1000c032 f   LineDisplayImpl.obj
 0001:0000b04b       ?get_CustomGlyphList@COPOSLineDisplay@@UAGJPAPA_W@Z 1000c04b f   LineDisplayImpl.obj
 0001:0000b064       ?get_DeviceBrightness@COPOSLineDisplay@@UAGJPAJ@Z 1000c064 f   LineDisplayImpl.obj
 0001:0000b07d       ?get_DeviceColumns@COPOSLineDisplay@@UAGJPAJ@Z 1000c07d f   LineDisplayImpl.obj
 0001:0000b096       ?get_DeviceDescription@COPOSLineDisplay@@UAGJPAPA_W@Z 1000c096 f   LineDisplayImpl.obj
 0001:0000b0af       ?get_DeviceDescriptors@COPOSLineDisplay@@UAGJPAJ@Z 1000c0af f   LineDisplayImpl.obj
 0001:0000b0c8       ?get_DeviceEnabled@COPOSLineDisplay@@UAGJPAF@Z 1000c0c8 f   LineDisplayImpl.obj
 0001:0000b0de       ?get_DeviceName@COPOSLineDisplay@@UAGJPAPA_W@Z 1000c0de f   LineDisplayImpl.obj
 0001:0000b0f7       ?get_DeviceRows@COPOSLineDisplay@@UAGJPAJ@Z 1000c0f7 f   LineDisplayImpl.obj
 0001:0000b110       ?get_DeviceWindows@COPOSLineDisplay@@UAGJPAJ@Z 1000c110 f   LineDisplayImpl.obj
 0001:0000b129       ?get_FreezeEvents@COPOSLineDisplay@@UAGJPAF@Z 1000c129 f   LineDisplayImpl.obj
 0001:0000b13f       ?get_GlyphHeight@COPOSLineDisplay@@UAGJPAJ@Z 1000c13f f   LineDisplayImpl.obj
 0001:0000b158       ?get_GlyphWidth@COPOSLineDisplay@@UAGJPAJ@Z 1000c158 f   LineDisplayImpl.obj
 0001:0000b171       ?get_InterCharacterWait@COPOSLineDisplay@@UAGJPAJ@Z 1000c171 f   LineDisplayImpl.obj
 0001:0000b18a       ?get_MapCharacterSet@COPOSLineDisplay@@UAGJPAF@Z 1000c18a f   LineDisplayImpl.obj
 0001:0000b1a3       ?get_MarqueeFormat@COPOSLineDisplay@@UAGJPAJ@Z 1000c1a3 f   LineDisplayImpl.obj
 0001:0000b1bc       ?get_MarqueeRepeatWait@COPOSLineDisplay@@UAGJPAJ@Z 1000c1bc f   LineDisplayImpl.obj
 0001:0000b1d5       ?get_MarqueeType@COPOSLineDisplay@@UAGJPAJ@Z 1000c1d5 f   LineDisplayImpl.obj
 0001:0000b1ee       ?get_MarqueeUnitWait@COPOSLineDisplay@@UAGJPAJ@Z 1000c1ee f   LineDisplayImpl.obj
 0001:0000b207       ?get_MaximumX@COPOSLineDisplay@@UAGJPAJ@Z 1000c207 f   LineDisplayImpl.obj
 0001:0000b220       ?get_MaximumY@COPOSLineDisplay@@UAGJPAJ@Z 1000c220 f   LineDisplayImpl.obj
 0001:0000b239       ?get_OpenResult@COPOSLineDisplay@@UAGJPAJ@Z 1000c239 f   LineDisplayImpl.obj
 0001:0000b250       ?get_PowerNotify@COPOSLineDisplay@@UAGJPAJ@Z 1000c250 f   LineDisplayImpl.obj
 0001:0000b266       ?get_PowerState@COPOSLineDisplay@@UAGJPAJ@Z 1000c266 f   LineDisplayImpl.obj
 0001:0000b27c       ?get_ResultCode@COPOSLineDisplay@@UAGJPAJ@Z 1000c27c f   LineDisplayImpl.obj
[...]
 0002:00002d50       ?candidate_modules@?1??try_get_LocaleNameToLCID@@YAP6GKPB_WK@ZXZ@4QBW4module_id@?A0x391cf84c@@B 10021d50     libucrt:winapi_thunks.obj
 0002:00002d6c       ?candidate_modules@?1??try_get_AppPolicyGetProcessTerminationMethod@@YAP6GJPAXPAW4AppPolicyProcessTerminationMethod@@@ZXZ@4QBW4module_id@?A0x391cf84c@@B 10021d6c     libucrt:winapi_thunks.obj
 0002:00002d98       ?candidate_modules@?1??try_get_SetThreadStackGuarantee@@YAP6GHPAK@ZXZ@4QBW4module_id@?A0x391cf84c@@B 10021d98     libucrt:winapi_thunks.obj
 0002:000032c4       ?_mb_locale_names@@3QBQB_WB 100222c4     libucrt:mbctype.obj
 0002:00003b10       ?LcidToLocaleNameTable@?A0x881e4c05@@3QBULcidToLocaleName@1@B 10022b10     libucrt:lcidtoname_downlevel.obj
 0002:00004c38       ?LocaleNameToIndexTable@?A0x881e4c05@@3QBULocaleNameIndex@1@B 10023c38     libucrt:lcidtoname_downlevel.obj
 0002:00006570       LOG_name                   10025570     libucrt:log10.obj
 0002:00006580       _One                       10025580     libucrt:ceil_pentium4.obj
 0002:00006590       _Bns                       10025590     libucrt:ceil_pentium4.obj
 0002:000065a0       _Zero                      100255a0     libucrt:ceil_pentium4.obj
 0002:000065b0       _S                         100255b0     libucrt:ceil_pentium4.obj
 0002:000065c0       _NegZero                   100255c0     libucrt:ceil_pentium4.obj
 0002:000065d0       emask                      100255d0     libucrt:log10_pentium4.obj
 0002:000065e0       CC                         100255e0     libucrt:log10_pentium4.obj
 0002:000065f0       Magic                      100255f0     libucrt:log10_pentium4.obj
 0002:00006600       hi_mask                    10025600     libucrt:log10_pentium4.obj
 0002:00006610       LOG10_2                    10025610     libucrt:log10_pentium4.obj
 0002:00006620       place_L                    10025620     libucrt:log10_pentium4.obj
 0002:00006640       One                        10025640     libucrt:log10_pentium4.obj
 0002:00006650       Zero                       10025650     libucrt:log10_pentium4.obj
 0002:00006660       Two52                      10025660     libucrt:log10_pentium4.obj
 0002:00006670       Infs                       10025670     libucrt:log10_pentium4.obj
 0002:00006680       NaN                        10025680     libucrt:log10_pentium4.obj
 0002:00006690       coeff                      10025690     libucrt:log10_pentium4.obj
 0002:000066ee       _log2max                   100256ee     libucrt:87tran.obj
 0002:000066f8       _smallarg                  100256f8     libucrt:87tran.obj
 0002:00006702       _half                      10025702     libucrt:87tran.obj
 0002:0000674e       One                        1002574e     libucrt:87disp.obj
 0002:00006756       Three                      10025756     libucrt:87disp.obj
 0002:0000675e       XAMtoTagTab                1002575e     libucrt:87disp.obj
 0002:00006770       One                        10025770     libucrt:common.obj
 0002:00006784       DblMax                     10025784     libucrt:common.obj
 0002:0000678c       DblMin                     1002578c     libucrt:common.obj
 0002:00006794       IeeeAdjO                   10025794     libucrt:common.obj
 0002:0000679c       IeeeAdjU                   1002579c     libucrt:common.obj
 0002:000067a4       _infinity                  100257a4     libucrt:common.obj
 0002:000067ac       _zero                      100257ac     libucrt:common.obj
 0002:000067e8       _over                      100257e8     libucrt:fpctrl.obj
 0002:000067f4       _under                     100257f4     libucrt:fpctrl.obj
 0002:00007028       ?_names@?1??_get_fname@@9@9 10026028     libucrt:fpexcept.obj
 0002:00007890       __sehtable$?_AtlVerifyStackAvailable@_ATL_SAFE_ALLOCA_IMPL@ATL@@YA_NK@Z 10026890     LineDisplay.obj
 0002:000078b0       __sehtable$___scrt_is_nonwritable_in_current_image 100268b0     LIBCMT:utility.obj
 0002:000078cc       __ehfuncinfo$?__scrt_initialize_thread_safe_statics_platform_specific@@YAXXZ 100268cc     LIBCMT:thread_safe_statics.obj
 0002:000078f0       __catchsym$??2@YAPAXIABUnothrow_t@std@@@Z$2 100268f0     LIBCMT:new_scalar_nothrow.obj
 0002:00007900       __unwindtable$??2@YAPAXIABUnothrow_t@std@@@Z 10026900     LIBCMT:new_scalar_nothrow.obj
 0002:00007910       __tryblocktable$??2@YAPAXIABUnothrow_t@std@@@Z 10026910     LIBCMT:new_scalar_nothrow.obj
 0002:00007924       __ehfuncinfo$??2@YAPAXIABUnothrow_t@std@@@Z 10026924     LIBCMT:new_scalar_nothrow.obj
 0002:00007948       __sehtable$?dllmain_crt_process_attach@@YAHQAUHINSTANCE__@@QAX@Z 10026948     LIBCMT:dll_dllmain.obj
 0002:00007968       __sehtable$?dllmain_crt_process_detach@@YAH_N@Z 10026968     LIBCMT:dll_dllmain.obj
 0002:00007988       __sehtable$?dllmain_dispatch@@YAHQAUHINSTANCE__@@KQAX@Z 10026988     LIBCMT:dll_dllmain.obj
 0002:00007a38       __sehtable$?FrameUnwindToState@__FrameHandler3@@SAXPAUEHRegistrationNode@@PAXPBU_s_FuncInfo@@H@Z 10026a38     libvcruntime:frame.obj
 0002:00007a60       __sehtable$?CallCatchBlock@@YAPAXPAUEHExceptionRecord@@PAUEHRegistrationNode@@PAU_CONTEXT@@PBU_s_FuncInfo@@PAXHK@Z 10026a60     libvcruntime:frame.obj
 0002:00007a88       __catchsym$?CallUnexpected@@YAXPBU_s_ESTypeList@@@Z$2 10026a88     libvcruntime:frame.obj
 0002:00007a98       __unwindtable$?CallUnexpected@@YAXPBU_s_ESTypeList@@@Z 10026a98     libvcruntime:frame.obj
 0002:00007aa8       __tryblocktable$?CallUnexpected@@YAXPBU_s_ESTypeList@@@Z 10026aa8     libvcruntime:frame.obj
 0002:00007abc       __ehfuncinfo$?CallUnexpected@@YAXPBU_s_ESTypeList@@@Z 10026abc     libvcruntime:frame.obj
 0002:00007ae0       __sehtable$??$BuildCatchObjectHelperInternal@$$CBU_s_HandlerType@@@@YAHPAUEHExceptionRecord@@PAXPBU_s_HandlerType@@PBU_s_CatchableType@@@Z 10026ae0     libvcruntime:frame.obj
 0002:00007b00       __sehtable$??$BuildCatchObjectInternal@$$CBU_s_HandlerType@@@@YAXPAUEHExceptionRecord@@PAXPBU_s_HandlerType@@PBU_s_CatchableType@@@Z 10026b00     libvcruntime:frame.obj
 0002:00007b58       __sehtable$___DestructExceptionObject 10026b58     libvcruntime:ehhelpers.obj
 0002:00007b78       __sehtable$??R<lambda_6e4b09c48022b2350581041d5f6b0c4c>@@QBE@XZ 10026b78     libucrt:exit.obj
 0002:00007b98       __sehtable$??$?RV<lambda_03b1d95aef87969028cfba75ccab2455>@@AAV<lambda_6e4b09c48022b2350581041d5f6b0c4c>@@V<lambda_22bdf7517842c4b3e53723af5aa32b9e>@@@?$__crt_seh_guarded_call@X@@QAEX$$QAV<lambda_03b1d95aef87969028cfba75ccab2455>@@AAV<lambda_6e4b09c48022b2350581041d5f6b0c4c>@@$$QAV<lambda_22bdf7517842c4b3e53723af5aa32b9e>@@@Z 10026b98     libucrt:exit.obj
 0002:00007bb8       __sehtable$??$?RV<lambda_8e746cf0007f6ed984d6f78af1fec997>@@AAV<lambda_22ebabd17bc4fa466a2aca6d8deb888d>@@V<lambda_18ed0c0b38a6dc0daf1e7ac6d6adf05e>@@@?$__crt_seh_guarded_call@H@@QAEH$$QAV<lambda_8e746cf0007f6ed984d6f78af1fec997>@@AAV<lambda_22ebabd17bc4fa466a2aca6d8deb888d>@@$$QAV<lambda_18ed0c0b38a6dc0daf1e7ac6d6adf05e>@@@Z 10026bb8     libucrt:onexit.obj
 0002:00007bd8       __sehtable$??$?RV<lambda_69a2805e680e0e292e8ba93315fe43a8>@@AAV<lambda_f03950bc5685219e0bcd2087efbe011e>@@V<lambda_03fcd07e894ec930e3f35da366ca99d6>@@@?$__crt_seh_guarded_call@H@@QAEH$$QAV<lambda_69a2805e680e0e292e8ba93315fe43a8>@@AAV<lambda_f03950bc5685219e0bcd2087efbe011e>@@$$QAV<lambda_03fcd07e894ec930e3f35da366ca99d6>@@@Z 10026bd8     libucrt:onexit.obj
 0002:00007bf8       __sehtable$__query_new_handler 10026bf8     libucrt:new_handler.obj
 0002:00007c18       __sehtable$_terminate      10026c18     libucrt:terminate.obj
 0002:00007c38       __sehtable$??$?RV<lambda_15ade71b0218206bbe3333a0c9b79046>@@AAV<lambda_da44e0f8b0f19ba52fefafb335991732>@@V<lambda_207f2d024fc103971653565357d6cd41>@@@?$__crt_seh_guarded_call@X@@QAEX$$QAV<lambda_15ade71b0218206bbe3333a0c9b79046>@@AAV<lambda_da44e0f8b0f19ba52fefafb335991732>@@$$QAV<lambda_207f2d024fc103971653565357d6cd41>@@@Z 10026c38     libucrt:per_thread_data.obj
 0002:00007c58       __sehtable$??$?RV<lambda_a7e850c220f1c8d1e6efeecdedd162c6>@@AAV<lambda_46720907175c18b6c9d2717bc0d2d362>@@V<lambda_9048902d66e8d99359bc9897bbb930a8>@@@?$__crt_seh_guarded_call@X@@QAEX$$QAV<lambda_a7e850c220f1c8d1e6efeecdedd162c6>@@AAV<lambda_46720907175c18b6c9d2717bc0d2d362>@@$$QAV<lambda_9048902d66e8d99359bc9897bbb930a8>@@@Z 10026c58     libucrt:per_thread_data.obj
 0002:00007c78       __sehtable$??$?RV<lambda_38edbb1296d33220d7e4dd0ed76b244a>@@AAV<lambda_5ce1d447e08cb34b2473517608e21441>@@V<lambda_fb385d3da700c9147fc39e65dd577a8c>@@@?$__crt_seh_guarded_call@X@@QAEX$$QAV<lambda_38edbb1296d33220d7e4dd0ed76b244a>@@AAV<lambda_5ce1d447e08cb34b2473517608e21441>@@$$QAV<lambda_fb385d3da700c9147fc39e65dd577a8c>@@@Z 10026c78     libucrt:per_thread_data.obj
 0002:00007c98       __sehtable$??$?RV<lambda_6affb1475c98b40b75cdec977db92e3c>@@AAV<lambda_b8d4b9c228a6ecc3f80208dbb4b4a104>@@V<lambda_608742c3c92a14382c1684fc64f96c88>@@@?$__crt_seh_guarded_call@X@@QAEX$$QAV<lambda_6affb1475c98b40b75cdec977db92e3c>@@AAV<lambda_b8d4b9c228a6ecc3f80208dbb4b4a104>@@$$QAV<lambda_608742c3c92a14382c1684fc64f96c88>@@@Z 10026c98     libucrt:per_thread_data.obj
 0002:00007cb8       __sehtable$??$?RV<lambda_e5124f882df8998aaf41531e079ba474>@@AAV<lambda_3e16ef9562a7dcce91392c22ab16ea36>@@V<lambda_e25ca0880e6ef98be67edffd8c599615>@@@?$__crt_seh_guarded_call@X@@QAEX$$QAV<lambda_e5124f882df8998aaf41531e079ba474>@@AAV<lambda_3e16ef9562a7dcce91392c22ab16ea36>@@$$QAV<lambda_e25ca0880e6ef98be67edffd8c599615>@@@Z 10026cb8     libucrt:wsetlocale.obj
 0002:00007cd8       __sehtable$___acrt_initialize_lowio 10026cd8     libucrt:ioinit.obj
 0002:00007cf8       __sehtable$?update_thread_multibyte_data_internal@@YAPAU__crt_multibyte_data@@QAU__acrt_ptd@@QAU1@@Z 10026cf8     libucrt:mbctype.obj
 0002:00007d18       __sehtable$??$?RV<lambda_ceb1ee4838e85a9d631eb091e2fbe199>@@AAV<lambda_ae742caa10f662c28703da3d2ea5e57e>@@V<lambda_cd08b5d6af4937fe54fc07d0c9bf6b37>@@@?$__crt_seh_guarded_call@X@@QAEX$$QAV<lambda_ceb1ee4838e85a9d631eb091e2fbe199>@@AAV<lambda_ae742caa10f662c28703da3d2ea5e57e>@@$$QAV<lambda_cd08b5d6af4937fe54fc07d0c9bf6b37>@@@Z 10026d18     libucrt:mbctype.obj
 0002:00007d38       __sehtable$_raise          10026d38     libucrt:signal.obj
 0002:00007d58       __sehtable$??$?RV<lambda_cbab9ec6f41b0180b23cc171c22676b0>@@AAV<lambda_44731a7d0e6d81c3e6aa82d741081786>@@V<lambda_4b292cb8dd18144e164572427af410ab>@@@?$__crt_seh_guarded_call@P6AXH@Z@@QAEP6AXH@Z$$QAV<lambda_cbab9ec6f41b0180b23cc171c22676b0>@@AAV<lambda_44731a7d0e6d81c3e6aa82d741081786>@@$$QAV<lambda_4b292cb8dd18144e164572427af410ab>@@@Z 10026d58     libucrt:signal.obj
 0002:00007d78       __sehtable$___acrt_update_thread_locale_data 10026d78     libucrt:locale_refcounting.obj
 0002:00007d98       __sehtable$__fcloseall     10026d98     libucrt:closeall.obj
 0002:00007db8       __sehtable$??$?RV<lambda_2866be3712abc81a800a822484c830d8>@@AAV<lambda_39ca0ed439415581b5b15c265174cece>@@V<lambda_2b24c74d71094a6cd0cb82e44167d71b>@@@?$__crt_seh_guarded_call@X@@QAEX$$QAV<lambda_2866be3712abc81a800a822484c830d8>@@AAV<lambda_39ca0ed439415581b5b15c265174cece>@@$$QAV<lambda_2b24c74d71094a6cd0cb82e44167d71b>@@@Z 10026db8     libucrt:fflush.obj
 0002:00007dd8       __sehtable$??$?RV<lambda_2cc53f568c5a2bb6f192f930a45d44ea>@@AAV<lambda_ab61a845afdef5b7c387490eaf3616ee>@@V<lambda_c2ffc0b7726aa6be21d5f0026187e748>@@@?$__crt_seh_guarded_call@X@@QAEX$$QAV<lambda_2cc53f568c5a2bb6f192f930a45d44ea>@@AAV<lambda_ab61a845afdef5b7c387490eaf3616ee>@@$$QAV<lambda_c2ffc0b7726aa6be21d5f0026187e748>@@@Z 10026dd8     libucrt:fflush.obj
 0002:00007df8       __sehtable$___acrt_lowio_ensure_fh_exists 10026df8     libucrt:osfinfo.obj
 0002:00007e18       __sehtable$__write         10026e18     libucrt:write.obj
 0002:00007e38       __sehtable$_fclose         10026e38     libucrt:fclose.obj
 0002:00007e58       __sehtable$??$?RV<lambda_9e9de3de5fa147e2223d7db92bc10aa6>@@AAV<lambda_38ce7e780aa69e748d6df282ebc68efe>@@V<lambda_8ca6da459f0f6780f1cff60fdc3d00e5>@@@?$__crt_seh_guarded_call@H@@QAEH$$QAV<lambda_9e9de3de5fa147e2223d7db92bc10aa6>@@AAV<lambda_38ce7e780aa69e748d6df282ebc68efe>@@$$QAV<lambda_8ca6da459f0f6780f1cff60fdc3d00e5>@@@Z 10026e58     libucrt:commit.obj
 0002:00007e78       __sehtable$??$?RV<lambda_218ce3db14220d0be481dae8ef3383b6>@@AAV<lambda_628dfdc04ba53c8bfc02c9951375f3f5>@@V<lambda_57dc472bd5c9d5f3b2cbca59b8a843ae>@@@?$__crt_seh_guarded_call@H@@QAEH$$QAV<lambda_218ce3db14220d0be481dae8ef3383b6>@@AAV<lambda_628dfdc04ba53c8bfc02c9951375f3f5>@@$$QAV<lambda_57dc472bd5c9d5f3b2cbca59b8a843ae>@@@Z 10026e78     libucrt:close.obj
 0002:00007e98       __sehtable$__IsNonwritableInCurrentImage 10026e98     LIBCMT:pesect.obj
 0002:00007ec0       .edata                     10026ec0     OPOSLineDisplay.exp
 0002:00007ee8       rgpv                       10026ee8     OPOSLineDisplay.exp
 0002:00007ef8       rgszName                   10026ef8     OPOSLineDisplay.exp
 0002:00007f08       rgwOrd                     10026f08     OPOSLineDisplay.exp
 0002:00007f10       szName                     10026f10     OPOSLineDisplay.exp
 0002:00007f24       $N00001                    10026f24     OPOSLineDisplay.exp
 0002:00007f34       $N00002                    10026f34     OPOSLineDisplay.exp
 0002:00007f46       $N00003                    10026f46     OPOSLineDisplay.exp
 0002:00007f58       $N00004                    10026f58     OPOSLineDisplay.exp
 0002:00008570       .idata$6                   10027570     kernel32:KERNEL32.dll
 0002:00008784       .idata$6                   10027784     user32:USER32.dll
 0002:000088b8       .idata$6                   100278b8     gdi32:GDI32.dll
 0002:0000895e       .idata$6                   1002795e     advapi32:ADVAPI32.dll
 0002:00008a7a       .idata$6                   10027a7a     ole32:ole32.dll
 0002:00008a84       .idata$6                   10027a84     oleaut32:OLEAUT32.dll
 0003:00000110       ?ObjectMap@@3PAU_ATL_OBJMAP_ENTRY30@ATL@@A 10028110     LineDisplay.obj
 0003:000001c0       ?s_SOMethodNames@@3PAPADA  100281c0     LineDisplayImpl.obj
 0003:00000238       ?s_RequiredMethodsPerRelease@@3PAHA 10028238     LineDisplayImpl.obj
 0003:00000280       ?__vcrt_flsindex@@3KA      10028280     libvcruntime:per_thread_data.obj
 0003:000002a0       ?errno_no_memory@@3HA      100282a0     libucrt:errno.obj
 0003:000002a4       ?doserrno_no_memory@@3KA   100282a4     libucrt:errno.obj
 0003:000002b0       ?__acrt_flsindex@@3KA      100282b0     libucrt:per_thread_data.obj
 0003:00000428       __mbctypes                 10028428     libucrt:mbctype.obj
 0003:00000530       __mbcasemaps               10028530     libucrt:mbctype.obj
 0003:00000630       ?__rgctypeflag@@3PADA      10028630     libucrt:mbctype.obj
 0003:00000638       ?__rgcode_page_info@@3PAUcode_page_info@@A 10028638     libucrt:mbctype.obj
 0003:00000b40       ?is_initialized_as_dll@@3_NA 10028b40     LIBCMT:utility.obj
 0003:00000b41       ?module_local_atexit_table_initialized@@3_NA 10028b41     LIBCMT:utility.obj
 0003:00000b44       ?module_local_atexit_table@@3U_onexit_table_t@@A 10028b44     LIBCMT:utility.obj
 0003:00000b50       ?module_local_at_quick_exit_table@@3U_onexit_table_t@@A 10028b50     LIBCMT:utility.obj
 0003:00000b5c       ?_Tss_mutex@@3U_RTL_CRITICAL_SECTION@@A 10028b5c     LIBCMT:thread_safe_statics.obj
 0003:00000b74       ?_Tss_cv@@3U_RTL_CONDITION_VARIABLE@@A 10028b74     LIBCMT:thread_safe_statics.obj
 0003:00000b78       ?_Tss_event@@3PAXA         10028b78     LIBCMT:thread_safe_statics.obj
 0003:00000b7c       ?encoded_sleep_condition_variable_cs@@3P6GHPAU_RTL_CONDITION_VARIABLE@@PAU_RTL_CRITICAL_SECTION@@K@ZA 10028b7c     LIBCMT:thread_safe_statics.obj
 0003:00000b80       ?encoded_wake_all_condition_variable@@3P6GXPAU_RTL_CONDITION_VARIABLE@@@ZA 10028b80     LIBCMT:thread_safe_statics.obj
 0003:00000b88       _GS_ExceptionRecord        10028b88     LIBCMT:gs_report.obj
 0003:00000bd8       _GS_ContextRecord          10028bd8     LIBCMT:gs_report.obj
 0003:00000ea8       ?__proc_attached@@3HA      10028ea8     LIBCMT:dll_dllmain.obj
 0003:00000f04       ?AllocateData@@3P6GPAUAtlThunkData_t@@XZA 10028f04     atls:atlthunk.obj
 0003:00000f08       ?InitData@@3P6GXPAUAtlThunkData_t@@PAXI@ZA 10028f08     atls:atlthunk.obj
 0003:00000f0c       ?DataToCode@@3P6GP6GJPAUHWND__@@IIJ@ZPAUAtlThunkData_t@@@ZA 10028f0c     atls:atlthunk.obj
 0003:00000f10       ?FreeData@@3P6GXPAUAtlThunkData_t@@@ZA 10028f10     atls:atlthunk.obj
 0003:00000f14       ?Initialized@@3_NA         10028f14     atls:atlthunk.obj
 0003:00000f20       ?__vcrt_startup_thread_ptd@@3U__vcrt_ptd@@A 10028f20     libvcruntime:per_thread_data.obj
 0003:00000f48       ___vcrt_lock_table         10028f48     libvcruntime:locks.obj
 0003:00000f60       ___vcrt_locks_initialized  10028f60     libvcruntime:locks.obj
 0003:00000f64       ?module_handles@@3PAPAUHINSTANCE__@@A 10028f64     libvcruntime:winapi_downlevel.obj
 0003:00000f70       ?encoded_function_pointers@@3PAPAXA 10028f70     libvcruntime:winapi_downlevel.obj
 0003:00000fac       ?heap@@3V_HeapManager@@A   10028fac     libvcruntime:undname.obj
 0003:00000fc4       ?__acrt_invalid_parameter_handler@@3V?$dual_state_global@P6AXPB_W00II@Z@__crt_state_management@@A 10028fc4     libucrt:invalid_parameter.obj
 0003:00000fc8       ?c_termination_complete@@3JA 10028fc8     libucrt:exit.obj
 0003:00000fcc       ?thread_local_exit_callback_func@@3P6GXPAXK0@ZA 10028fcc     libucrt:exit.obj
 0003:00000fd8       ?program_name@?1???$common_configure_argv@D@@YAHW4_crt_argv_mode@@@Z@4PADA 10028fd8     libucrt:argv_parsing.obj
 0003:00001108       ?__acrt_new_handler@@3V?$dual_state_global@P6AHI@Z@__crt_state_management@@A 10029108     libucrt:new_handler.obj
 0003:00001110       ?module_handles@@3PAPAUHINSTANCE__@@A 10029110     libucrt:winapi_thunks.obj
 0003:00001160       ?encoded_function_pointers@@3PAPAXA 10029160     libucrt:winapi_thunks.obj
 0003:000011f0       ?enable_percent_n@@3IA     100291f0     libucrt:printf_count_output.obj
 0003:00001410       ?__acrt_lock_table@@3PAU_RTL_CRITICAL_SECTION@@A 10029410     libucrt:locks.obj
 0003:00001560       ?__acrt_locks_initialized@@3IA 10029560     libucrt:locks.obj
 0003:00001570       ?fSystemSet@@3HA           10029570     libucrt:mbctype.obj
 0003:00001574       ?initialized@?1??__acrt_initialize_multibyte@@9@4_NA 10029574     libucrt:mbctype.obj
 0003:00001594       ?ctrlc_action@@3V?$dual_state_global@P6AXH@Z@__crt_state_management@@A 10029594     libucrt:signal.obj
 0003:00001598       ?ctrlbreak_action@@3V?$dual_state_global@P6AXH@Z@__crt_state_management@@A 10029598     libucrt:signal.obj
 0003:0000159c       ?abort_action@@3V?$dual_state_global@P6AXH@Z@__crt_state_management@@A 1002959c     libucrt:signal.obj
 0003:000015a0       ?term_action@@3V?$dual_state_global@P6AXH@Z@__crt_state_management@@A 100295a0     libucrt:signal.obj
 0003:000015a4       ?user_matherr@@3V?$dual_state_global@P6AHPAU_exception@@@Z@__crt_state_management@@A 100295a4     libucrt:matherr.obj
 0003:000015a8       ?__acrt_global_new_mode@@3V?$dual_state_global@J@__crt_state_management@@A 100295a8     libucrt:new_mode.obj
 0003:000015b4       ?__acrt_app_type@@3W4_crt_app_type@@A 100295b4     libucrt:report_runtime_error.obj
 0003:000015bc       __pmatherr_set             100295bc     libucrt:libm_error.obj
 0004:00000220       $R000000                   1002a220     LineDisplay.res
 0004:00000b98       $R000978                   1002ab98     LineDisplay.res
 0004:00000c80       $R000A60                   1002ac80     LineDisplay.res
 0004:00000ee8       $R000CC8                   1002aee8     LineDisplay.res
 0004:00001450       $R001230                   1002b450     LineDisplay.res
 0004:000058f8       $R0056D8                   1002f8f8     LineDisplay.res
 0004:00005930       $R005710                   1002f930     LineDisplay.res
