 OPOSImageScanner

 Timestamp is 61a75b29 (Wed Dec  1 20:23:21 2021)

 Preferred load address is 10000000

 Start         Length     Name                   Class
 0001:00000000 00000080H .text$di                CODE
 0001:00000080 0001ec08H .text$mn                CODE
 0001:0001ec88 000000d8H .text$x                 CODE
 0001:0001ed60 00000042H .text$yd                CODE
 0002:00000000 000002fcH .idata$5                DATA
 0002:000002fc 00000008H .00cfg                  DATA
 0002:00000304 00000004H .CRT$XCA                DATA
 0002:00000308 00000004H .CRT$XCL                DATA
 0002:0000030c 00000010H .CRT$XCU                DATA
 0002:0000031c 00000004H .CRT$XCZ                DATA
 0002:00000320 00000004H .CRT$XIA                DATA
 0002:00000324 00000010H .CRT$XIC                DATA
 0002:00000334 00000004H .CRT$XIZ                DATA
 0002:00000338 00000004H .CRT$XLA                DATA
 0002:0000033c 00000004H .CRT$XLZ                DATA
 0002:00000340 00000004H .CRT$XPA                DATA
 0002:00000344 00000008H .CRT$XPX                DATA
 0002:0000034c 00000004H .CRT$XPXA               DATA
 0002:00000350 00000004H .CRT$XPZ                DATA
 0002:00000354 00000004H .CRT$XTA                DATA
 0002:00000358 00000008H .CRT$XTZ                DATA
 0002:0000035c 00000000H .gfids$y                DATA
 0002:00000360 00006e60H .rdata                  DATA
 0002:000071c0 00000000H .rdata$CastGuardVftablesA DATA
 0002:000071c0 00000000H .rdata$CastGuardVftablesC DATA
 0002:000071c0 00000018H .rdata$T                DATA
 0002:000071d8 00000178H .rdata$r                DATA
 0002:00007350 0000002cH .rdata$sxdata           DATA
 0002:0000737c 00000030H .rdata$voltmd           DATA
 0002:000073ac 0000040cH .rdata$zzzdbg           DATA
 0002:000077b8 00000004H .rtc$IAA                DATA
 0002:000077bc 00000004H .rtc$IZZ                DATA
 0002:000077c0 00000004H .rtc$TAA                DATA
 0002:000077c4 00000004H .rtc$TZZ                DATA
 0002:000077c8 00000004H .tls                    DATA
 0002:000077cc 00000004H .tls$                   DATA
 0002:000077d0 00000008H .tls$ZZZ                DATA
 0002:000077d8 000006dcH .xdata$x                DATA
 0002:00007eb4 00000004H ATL$__a                 DATA
 0002:00007eb8 00000008H ATL$__z                 DATA
 0002:00007ec0 000000b0H .edata                  DATA
 0002:00007f70 00000078H .idata$2                DATA
 0002:00007fe8 00000014H .idata$3                DATA
 0002:00007ffc 000002fcH .idata$4                DATA
 0002:000082f8 00000bceH .idata$6                DATA
 0003:00000000 00000a90H .data                   DATA
 0003:00000a90 00000080H .data$r                 DATA
 0003:00000b10 00000018H .data$rs                DATA
 0003:00000b28 00000b80H .bss                    DATA
 0004:00000000 00000220H .rsrc$01                DATA
 0004:00000220 000043c8H .rsrc$02                DATA

  Address         Publics by Value              Rva+Base       Lib:Object

 0000:00000000       ___guard_fids_count        00000000     <absolute>
 0000:00000000       ___guard_eh_cont_table     00000000     <absolute>
 0000:00000000       ___guard_longjmp_table     00000000     <absolute>
 0000:00000000       ___arm64x_extra_rfe_table  00000000     <absolute>
 0000:00000000       ___arm64x_redirection_metadata 00000000     <absolute>
 0000:00000000       ___guard_iat_count         00000000     <absolute>
 0000:00000000       ___guard_eh_cont_count     00000000     <absolute>
 0000:00000000       __except_list              00000000     <absolute>
 0000:00000000       ___x64_code_ranges_to_entry_points_count 00000000     <absolute>
 0000:00000000       ___hybrid_code_map_count   00000000     <absolute>
 0000:00000000       ___x64_code_ranges_to_entry_points 00000000     <absolute>
 0000:00000000       ___guard_iat_table         00000000     <absolute>
 0000:00000000       ___arm64x_native_entrypoint 00000000     <absolute>
 0000:00000000       ___hybrid_code_map         00000000     <absolute>
 0000:00000000       ___arm64x_extra_rfe_table_size 00000000     <absolute>
 0000:00000000       ___guard_longjmp_count     00000000     <absolute>
 0000:00000000       ___guard_check_icall_a64n_fptr 00000000     <absolute>
 0000:00000000       ___arm64x_redirection_metadata_count 00000000     <absolute>
 0000:00000000       ___hybrid_auxiliary_iat    00000000     <absolute>
 0000:00000000       ___dynamic_value_reloc_table 00000000     <absolute>
 0000:00000000       ___AbsoluteZero            00000000     <absolute>
 0000:00000000       ___enclave_config          00000000     <absolute>
 0000:00000000       ___guard_fids_table        00000000     <absolute>
 0000:00000000       ___hybrid_auxiliary_iat_copy 00000000     <absolute>
 0000:0000000b       ___safe_se_handler_count   0000000b     <absolute>
 0000:0000002c       __tls_array                0000002c     <absolute>
 0000:00000100       ___guard_flags             00000100     <absolute>
 0000:00000000       ___ImageBase               10000000     <linker-defined>
 0001:00000080       ?DupWide@_CW@@AAEXXZ       10001080 f   CWString.obj
 0001:0000009c       ?cw_dup@@YGXPBDAAHAAPA_W1@Z 1000109c f   CWString.obj
 0001:00000124       ?cw_memcpy@@YGHPA_WPBDH@Z  10001124 f   CWString.obj
 0001:00000150       ?cw_strcpy@@YAHPA_WPBD@Z   10001150 f   CWString.obj
 0001:00000163       ?cw_strlen@@YAHPBD@Z       10001163 f   CWString.obj
 0001:0000017c       ??0CAtlComModule@ATL@@QAE@XZ 1000117c f i OposVariant.obj
 0001:000001c1       ??0CAtlWinModule@ATL@@QAE@XZ 100011c1 f i OposVariant.obj
 0001:000001f8       ??0OposDispParms@@QAE@PAVOposVariant@@H@Z 100011f8 f   OposVariant.obj
 0001:00000269       ??1OposDispParms@@QAE@XZ   10001269 f   OposVariant.obj
 0001:00000277       ??A?$CSimpleArray@GV?$CSimpleArrayEqualHelper@G@ATL@@@ATL@@QAEAAGH@Z 10001277 f i OposVariant.obj
 0001:0000029c       ??_Estringdispid@CComTypeInfoHolder@ATL@@QAEPAXI@Z 1000129c f i OposVariant.obj
 0001:00000308       ?AtlWinModuleInit@ATL@@YGJPAU_ATL_WIN_MODULE70@1@@Z 10001308 f i OposVariant.obj
 0001:0000032e       ?AtlWinModuleTerm@ATL@@YGJPAU_ATL_WIN_MODULE70@1@PAUHINSTANCE__@@@Z 1000132e f i OposVariant.obj
 0001:00000391       ?ChangeBSTR@OposVariant@@QAEXPAPA_WAAJ@Z 10001391 f   OposVariant.obj
 0001:000003d2       ?ChangeLONG@OposVariant@@QAEXPAJAAJ@Z 100013d2 f   OposVariant.obj
 0001:00000413       ?GetLONG@OposVariant@@QAEJXZ 10001413 f   OposVariant.obj
 0001:0000042e       ?Init@CComCriticalSection@ATL@@QAEJXZ 1000142e f i OposVariant.obj
 0001:00000456       ?RemoveAll@?$CSimpleArray@PAUHINSTANCE__@@V?$CSimpleArrayEqualHelper@PAUHINSTANCE__@@@ATL@@@ATL@@QAEXXZ 10001456 f i atls:atlbase.obj
 0001:00000456       ?RemoveAll@?$CSimpleArray@GV?$CSimpleArrayEqualHelper@G@ATL@@@ATL@@QAEXXZ 10001456 f i OposVariant.obj
 0001:00000473       ?SetBSTR@OposVariant@@QAEXPA_WAAJ@Z 10001473 f   OposVariant.obj
 0001:000004a7       ?SetBSTR_Copy@OposVariant@@QAEXPA_WAAJ@Z 100014a7 f   OposVariant.obj
 0001:000004f7       ?SetBSTR_InOutPtr@OposVariant@@QAE_NPAPA_WAAJ@Z 100014f7 f   OposVariant.obj
 0001:0000052e       ?SetDispatch_Ptr@OposVariant@@QAEXPAUIDispatch@@AAJ@Z 1000152e f   OposVariant.obj
 0001:00000569       ?SetLONG@OposVariant@@QAEXJ@Z 10001569 f   OposVariant.obj
 0001:0000058b       ?SetLONG_Ptr@OposVariant@@QAEXPAJAAJ@Z 1000158b f   OposVariant.obj
 0001:000005be       ?SetString@OposVariant@@QAEXPB_WAAJ@Z 100015be f   OposVariant.obj
 0001:00000604       ?SetVARIANT_BOOL@OposVariant@@QAEXF@Z 10001604 f   OposVariant.obj
 0001:0000062e       ?Term@CAtlComModule@ATL@@QAEXXZ 1000162e f i OposVariant.obj
 0001:00000678       ?_AtlRaiseException@ATL@@YAXKK@Z 10001678 f i OposVariant.obj
 0001:0000068d       ?OnDrawAdvanced@CComControlBase@ATL@@UAEJAAUATL_DRAWINFO@@@Z 1000168d f i ImageScanner.obj
 0001:00000780       ?Next@?$CComEnumImpl@UIEnumConnections@@$1?_GUID_b196b287_bab4_101a_b69c_00aa00341d07@@3U__s_GUID@@BUtagCONNECTDATA@@V?$_Copy@UtagCONNECTDATA@@@ATL@@@ATL@@UAGJKPAUtagCONNECTDATA@@PAK@Z 10001780 f i ImageScanner.obj
 0001:0000084f       ?Skip@?$CComEnumImpl@UIEnumConnections@@$1?_GUID_b196b287_bab4_101a_b69c_00aa00341d07@@3U__s_GUID@@BUtagCONNECTDATA@@V?$_Copy@UtagCONNECTDATA@@@ATL@@@ATL@@UAGJK@Z 1000184f f i ImageScanner.obj
 0001:0000087c       ?Reset@?$CComEnumImpl@UIEnumConnectionPoints@@$1?_GUID_b196b285_bab4_101a_b69c_00aa00341d07@@3U__s_GUID@@BPAUIConnectionPoint@@V?$_CopyInterface@UIConnectionPoint@@@ATL@@@ATL@@UAGJXZ 1000187c f i ImageScanner.obj
 0001:0000087c       ?Reset@?$CComEnumImpl@UIEnumConnections@@$1?_GUID_b196b287_bab4_101a_b69c_00aa00341d07@@3U__s_GUID@@BUtagCONNECTDATA@@V?$_Copy@UtagCONNECTDATA@@@ATL@@@ATL@@UAGJXZ 1000187c f i ImageScanner.obj
 0001:0000088e       ?Clone@?$CComEnumImpl@UIEnumConnections@@$1?_GUID_b196b287_bab4_101a_b69c_00aa00341d07@@3U__s_GUID@@BUtagCONNECTDATA@@V?$_Copy@UtagCONNECTDATA@@@ATL@@@ATL@@UAGJPAPAUIEnumConnections@@@Z 1000188e f i ImageScanner.obj
 0001:0000096f       ?AddRef@?$CComObject@V?$CComEnum@UIEnumConnectionPoints@@$1?_GUID_b196b285_bab4_101a_b69c_00aa00341d07@@3U__s_GUID@@BPAUIConnectionPoint@@V?$_CopyInterface@UIConnectionPoint@@@ATL@@VCComSingleThreadModel@6@@ATL@@@ATL@@UAGKXZ 1000196f f i ImageScanner.obj
 0001:0000096f       ?AddRef@?$CComObject@V?$CComEnum@UIEnumConnections@@$1?_GUID_b196b287_bab4_101a_b69c_00aa00341d07@@3U__s_GUID@@BUtagCONNECTDATA@@V?$_Copy@UtagCONNECTDATA@@@ATL@@VCComSingleThreadModel@6@@ATL@@@ATL@@UAGKXZ 1000196f f i ImageScanner.obj
 0001:00000980       ?Release@?$CComObject@V?$CComEnum@UIEnumConnections@@$1?_GUID_b196b287_bab4_101a_b69c_00aa00341d07@@3U__s_GUID@@BUtagCONNECTDATA@@V?$_Copy@UtagCONNECTDATA@@@ATL@@VCComSingleThreadModel@6@@ATL@@@ATL@@UAGKXZ 10001980 f i ImageScanner.obj
 0001:00000980       ?Release@?$CComObject@V?$CComEnum@UIEnumConnectionPoints@@$1?_GUID_b196b285_bab4_101a_b69c_00aa00341d07@@3U__s_GUID@@BPAUIConnectionPoint@@V?$_CopyInterface@UIConnectionPoint@@@ATL@@VCComSingleThreadModel@6@@ATL@@@ATL@@UAGKXZ 10001980 f i ImageScanner.obj
 0001:000009bc       ?QueryInterface@?$CComObject@V?$CComEnum@UIEnumConnections@@$1?_GUID_b196b287_bab4_101a_b69c_00aa00341d07@@3U__s_GUID@@BUtagCONNECTDATA@@V?$_Copy@UtagCONNECTDATA@@@ATL@@VCComSingleThreadModel@6@@ATL@@@ATL@@UAGJABU_GUID@@PAPAX@Z 100019bc f i ImageScanner.obj
 0001:000009d6       ??_G?$CComObject@V?$CComEnum@UIEnumConnections@@$1?_GUID_b196b287_bab4_101a_b69c_00aa00341d07@@3U__s_GUID@@BUtagCONNECTDATA@@V?$_Copy@UtagCONNECTDATA@@@ATL@@VCComSingleThreadModel@6@@ATL@@@ATL@@UAEPAXI@Z 100019d6 f i ImageScanner.obj
 0001:000009d6       ??_E?$CComObject@V?$CComEnum@UIEnumConnections@@$1?_GUID_b196b287_bab4_101a_b69c_00aa00341d07@@3U__s_GUID@@BUtagCONNECTDATA@@V?$_Copy@UtagCONNECTDATA@@@ATL@@VCComSingleThreadModel@6@@ATL@@@ATL@@UAEPAXI@Z 100019d6 f i ImageScanner.obj
 0001:000009f8       ?OnFinalMessage@?$CWindowImplBaseT@VCWindow@ATL@@V?$CWinTraits@$0FGAAAAAA@$0A@@2@@ATL@@UAEXPAUHWND__@@@Z 100019f8 f i ImageScanner.obj
 0001:000009f8       ?ObjectMain@CComObjectRootBase@ATL@@SGX_N@Z 100019f8 f i ImageScanner.obj
 0001:000009fb       ?GetCategoryMap@CComObjectRootBase@ATL@@SAPBU_ATL_CATMAP_ENTRY@2@XZ 100019fb f i ImageScanner.obj
 0001:000009fb       ?GetObjectDescription@?$CComCoClass@VCOPOSImageScanner@@$1?CLSID_OPOSImageScanner@@3U_GUID@@B@ATL@@SGPB_WXZ 100019fb f i ImageScanner.obj
 0001:000009fe       ?CreateInstance@CComClassFactory@ATL@@UAGJPAUIUnknown@@ABU_GUID@@PAPAX@Z 100019fe f i ImageScanner.obj
 0001:00000a3c       ?LockServer@CComClassFactory@ATL@@UAGJH@Z 10001a3c f i ImageScanner.obj
 0001:00000a5b       ??_ECComClassFactory@ATL@@UAEPAXI@Z 10001a5b f i ImageScanner.obj
 0001:00000a5b       ??_GCComClassFactory@ATL@@UAEPAXI@Z 10001a5b f i ImageScanner.obj
 0001:00000a86       ??_E?$CComObject@VCOPOSImageScanner@@@ATL@@W3AEPAXI@Z 10001a86 f i ImageScanner.obj
 0001:00000a8e       ??_E?$CComObject@VCOPOSImageScanner@@@ATL@@WEM@AEPAXI@Z 10001a8e f i ImageScanner.obj
 0001:00000a96       ?QueryInterface@?$CComObject@VCOPOSImageScanner@@@ATL@@WHA@AGJABU_GUID@@PAPAX@Z 10001a96 f i ImageScanner.obj
 0001:00000aa0       ?AddRef@?$CComObject@VCOPOSImageScanner@@@ATL@@WHA@AGKXZ 10001aa0 f i ImageScanner.obj
 0001:00000aaa       ?Release@?$CComObject@VCOPOSImageScanner@@@ATL@@WHA@AGKXZ 10001aaa f i ImageScanner.obj
 0001:00000ab4       ?QueryInterface@?$CComObject@VCOPOSImageScanner@@@ATL@@WHE@AGJABU_GUID@@PAPAX@Z 10001ab4 f i ImageScanner.obj
 0001:00000abe       ?AddRef@?$CComObject@VCOPOSImageScanner@@@ATL@@WHE@AGKXZ 10001abe f i ImageScanner.obj
 0001:00000ac8       ?Release@?$CComObject@VCOPOSImageScanner@@@ATL@@WHE@AGKXZ 10001ac8 f i ImageScanner.obj
 0001:00000ad2       ?QueryInterface@?$CComObject@VCOPOSImageScanner@@@ATL@@WHI@AGJABU_GUID@@PAPAX@Z 10001ad2 f i ImageScanner.obj
 0001:00000adc       ?AddRef@?$CComObject@VCOPOSImageScanner@@@ATL@@WHI@AGKXZ 10001adc f i ImageScanner.obj
 0001:00000ae6       ?Release@?$CComObject@VCOPOSImageScanner@@@ATL@@WHI@AGKXZ 10001ae6 f i ImageScanner.obj
 0001:00000af0       ?QueryInterface@?$CComObject@VCOPOSImageScanner@@@ATL@@WHM@AGJABU_GUID@@PAPAX@Z 10001af0 f i ImageScanner.obj
 0001:00000afa       ?AddRef@?$CComObject@VCOPOSImageScanner@@@ATL@@WHM@AGKXZ 10001afa f i ImageScanner.obj
 0001:00000b04       ?Release@?$CComObject@VCOPOSImageScanner@@@ATL@@WHM@AGKXZ 10001b04 f i ImageScanner.obj
 0001:00000b0e       ?QueryInterface@?$CComObject@VCOPOSImageScanner@@@ATL@@WIA@AGJABU_GUID@@PAPAX@Z 10001b0e f i ImageScanner.obj
 0001:00000b1b       ?AddRef@?$CComObject@VCOPOSImageScanner@@@ATL@@WIA@AGKXZ 10001b1b f i ImageScanner.obj
 0001:00000b28       ?Release@?$CComObject@VCOPOSImageScanner@@@ATL@@WIA@AGKXZ 10001b28 f i ImageScanner.obj
 0001:00000b35       ?QueryInterface@?$CComObject@VCOPOSImageScanner@@@ATL@@WIE@AGJABU_GUID@@PAPAX@Z 10001b35 f i ImageScanner.obj
 0001:00000b42       ?AddRef@?$CComObject@VCOPOSImageScanner@@@ATL@@WIE@AGKXZ 10001b42 f i ImageScanner.obj
 0001:00000b4f       ?Release@?$CComObject@VCOPOSImageScanner@@@ATL@@WIE@AGKXZ 10001b4f f i ImageScanner.obj
 0001:00000b5c       ?QueryInterface@?$CComObject@VCOPOSImageScanner@@@ATL@@WII@AGJABU_GUID@@PAPAX@Z 10001b5c f i ImageScanner.obj
 0001:00000b69       ?AddRef@?$CComObject@VCOPOSImageScanner@@@ATL@@WII@AGKXZ 10001b69 f i ImageScanner.obj
 0001:00000b76       ?Release@?$CComObject@VCOPOSImageScanner@@@ATL@@WII@AGKXZ 10001b76 f i ImageScanner.obj
 0001:00000b83       ?QueryInterface@?$CComObject@VCOPOSImageScanner@@@ATL@@WIM@AGJABU_GUID@@PAPAX@Z 10001b83 f i ImageScanner.obj
 0001:00000b90       ?AddRef@?$CComObject@VCOPOSImageScanner@@@ATL@@WIM@AGKXZ 10001b90 f i ImageScanner.obj
 0001:00000b9d       ?Release@?$CComObject@VCOPOSImageScanner@@@ATL@@WIM@AGKXZ 10001b9d f i ImageScanner.obj
 0001:00000baa       ?QueryInterface@?$CComObject@VCOPOSImageScanner@@@ATL@@WJA@AGJABU_GUID@@PAPAX@Z 10001baa f i ImageScanner.obj
 0001:00000bb7       ?AddRef@?$CComObject@VCOPOSImageScanner@@@ATL@@WJA@AGKXZ 10001bb7 f i ImageScanner.obj
 0001:00000bc4       ?Release@?$CComObject@VCOPOSImageScanner@@@ATL@@WJA@AGKXZ 10001bc4 f i ImageScanner.obj
 0001:00000bd1       ?QueryInterface@?$CComObject@VCOPOSImageScanner@@@ATL@@WJE@AGJABU_GUID@@PAPAX@Z 10001bd1 f i ImageScanner.obj
 0001:00000bde       ?AddRef@?$CComObject@VCOPOSImageScanner@@@ATL@@WJE@AGKXZ 10001bde f i ImageScanner.obj
 0001:00000beb       ?Release@?$CComObject@VCOPOSImageScanner@@@ATL@@WJE@AGKXZ 10001beb f i ImageScanner.obj
 0001:00000bf8       ?QueryInterface@?$CComObject@VCOPOSImageScanner@@@ATL@@WJI@AGJABU_GUID@@PAPAX@Z 10001bf8 f i ImageScanner.obj
 0001:00000c05       ?AddRef@?$CComObject@VCOPOSImageScanner@@@ATL@@WJI@AGKXZ 10001c05 f i ImageScanner.obj
 0001:00000c12       ?Release@?$CComObject@VCOPOSImageScanner@@@ATL@@WJI@AGKXZ 10001c12 f i ImageScanner.obj
 0001:00000c1f       ?QueryInterface@?$CComObject@VCOPOSImageScanner@@@ATL@@WJM@AGJABU_GUID@@PAPAX@Z 10001c1f f i ImageScanner.obj
 0001:00000c2c       ?AddRef@?$CComObject@VCOPOSImageScanner@@@ATL@@WJM@AGKXZ 10001c2c f i ImageScanner.obj
 0001:00000c39       ?Release@?$CComObject@VCOPOSImageScanner@@@ATL@@WJM@AGKXZ 10001c39 f i ImageScanner.obj
 0001:00000c46       ?QueryInterface@?$CComObject@VCOPOSImageScanner@@@ATL@@WKA@AGJABU_GUID@@PAPAX@Z 10001c46 f i ImageScanner.obj
 0001:00000c53       ?AddRef@?$CComObject@VCOPOSImageScanner@@@ATL@@WKA@AGKXZ 10001c53 f i ImageScanner.obj
 0001:00000c60       ?Release@?$CComObject@VCOPOSImageScanner@@@ATL@@WKA@AGKXZ 10001c60 f i ImageScanner.obj
 0001:00000c6d       ?AddRef@?$CComObject@VCOPOSImageScanner@@@ATL@@WKI@AGKXZ 10001c6d f i ImageScanner.obj
 0001:00000c7a       ?Release@?$CComObject@VCOPOSImageScanner@@@ATL@@WKI@AGKXZ 10001c7a f i ImageScanner.obj
 0001:00000c87       ?AddRef@?$CComObject@VCOPOSImageScanner@@@ATL@@WLE@AGKXZ 10001c87 f i ImageScanner.obj
 0001:00000c94       ?Release@?$CComObject@VCOPOSImageScanner@@@ATL@@WLE@AGKXZ 10001c94 f i ImageScanner.obj
 0001:00000ca1       ??_E?$CComContainedObject@VCOPOSImageScanner@@@ATL@@W3AEPAXI@Z 10001ca1 f i ImageScanner.obj
 0001:00000ca9       ??_E?$CComContainedObject@VCOPOSImageScanner@@@ATL@@WEM@AEPAXI@Z 10001ca9 f i ImageScanner.obj
 0001:00000cb1       ?QueryInterface@?$CComContainedObject@VCOPOSImageScanner@@@ATL@@WHA@AGJABU_GUID@@PAPAX@Z 10001cb1 f i ImageScanner.obj
 0001:00000cbb       ?AddRef@?$CComContainedObject@VCOPOSImageScanner@@@ATL@@WHA@AGKXZ 10001cbb f i ImageScanner.obj
 0001:00000cc5       ?Release@?$CComContainedObject@VCOPOSImageScanner@@@ATL@@WHA@AGKXZ 10001cc5 f i ImageScanner.obj
 0001:00000ccf       ?QueryInterface@?$CComContainedObject@VCOPOSImageScanner@@@ATL@@WHE@AGJABU_GUID@@PAPAX@Z 10001ccf f i ImageScanner.obj
 0001:00000cd9       ?AddRef@?$CComContainedObject@VCOPOSImageScanner@@@ATL@@WHE@AGKXZ 10001cd9 f i ImageScanner.obj
 0001:00000ce3       ?Release@?$CComContainedObject@VCOPOSImageScanner@@@ATL@@WHE@AGKXZ 10001ce3 f i ImageScanner.obj
 0001:00000ced       ?QueryInterface@?$CComContainedObject@VCOPOSImageScanner@@@ATL@@WHI@AGJABU_GUID@@PAPAX@Z 10001ced f i ImageScanner.obj
 0001:00000cf7       ?AddRef@?$CComContainedObject@VCOPOSImageScanner@@@ATL@@WHI@AGKXZ 10001cf7 f i ImageScanner.obj
 0001:00000d01       ?Release@?$CComContainedObject@VCOPOSImageScanner@@@ATL@@WHI@AGKXZ 10001d01 f i ImageScanner.obj
 0001:00000d0b       ?QueryInterface@?$CComContainedObject@VCOPOSImageScanner@@@ATL@@WHM@AGJABU_GUID@@PAPAX@Z 10001d0b f i ImageScanner.obj
 0001:00000d15       ?AddRef@?$CComContainedObject@VCOPOSImageScanner@@@ATL@@WHM@AGKXZ 10001d15 f i ImageScanner.obj
 0001:00000d1f       ?Release@?$CComContainedObject@VCOPOSImageScanner@@@ATL@@WHM@AGKXZ 10001d1f f i ImageScanner.obj
 0001:00000d29       ?QueryInterface@?$CComContainedObject@VCOPOSImageScanner@@@ATL@@WIA@AGJABU_GUID@@PAPAX@Z 10001d29 f i ImageScanner.obj
 0001:00000d36       ?AddRef@?$CComContainedObject@VCOPOSImageScanner@@@ATL@@WIA@AGKXZ 10001d36 f i ImageScanner.obj
 0001:00000d43       ?Release@?$CComContainedObject@VCOPOSImageScanner@@@ATL@@WIA@AGKXZ 10001d43 f i ImageScanner.obj
 0001:00000d50       ?QueryInterface@?$CComContainedObject@VCOPOSImageScanner@@@ATL@@WIE@AGJABU_GUID@@PAPAX@Z 10001d50 f i ImageScanner.obj
 0001:00000d5d       ?AddRef@?$CComContainedObject@VCOPOSImageScanner@@@ATL@@WIE@AGKXZ 10001d5d f i ImageScanner.obj
 0001:00000d6a       ?Release@?$CComContainedObject@VCOPOSImageScanner@@@ATL@@WIE@AGKXZ 10001d6a f i ImageScanner.obj
 0001:00000d77       ?QueryInterface@?$CComContainedObject@VCOPOSImageScanner@@@ATL@@WII@AGJABU_GUID@@PAPAX@Z 10001d77 f i ImageScanner.obj
 0001:00000d84       ?AddRef@?$CComContainedObject@VCOPOSImageScanner@@@ATL@@WII@AGKXZ 10001d84 f i ImageScanner.obj
 0001:00000d91       ?Release@?$CComContainedObject@VCOPOSImageScanner@@@ATL@@WII@AGKXZ 10001d91 f i ImageScanner.obj
 0001:00000d9e       ?QueryInterface@?$CComContainedObject@VCOPOSImageScanner@@@ATL@@WIM@AGJABU_GUID@@PAPAX@Z 10001d9e f i ImageScanner.obj
 0001:00000dab       ?AddRef@?$CComContainedObject@VCOPOSImageScanner@@@ATL@@WIM@AGKXZ 10001dab f i ImageScanner.obj
 0001:00000db8       ?Release@?$CComContainedObject@VCOPOSImageScanner@@@ATL@@WIM@AGKXZ 10001db8 f i ImageScanner.obj
 0001:00000dc5       ?QueryInterface@?$CComContainedObject@VCOPOSImageScanner@@@ATL@@WJA@AGJABU_GUID@@PAPAX@Z 10001dc5 f i ImageScanner.obj
 0001:00000dd2       ?AddRef@?$CComContainedObject@VCOPOSImageScanner@@@ATL@@WJA@AGKXZ 10001dd2 f i ImageScanner.obj
 0001:00000ddf       ?Release@?$CComContainedObject@VCOPOSImageScanner@@@ATL@@WJA@AGKXZ 10001ddf f i ImageScanner.obj
 0001:00000dec       ?QueryInterface@?$CComContainedObject@VCOPOSImageScanner@@@ATL@@WJE@AGJABU_GUID@@PAPAX@Z 10001dec f i ImageScanner.obj
 0001:00000df9       ?AddRef@?$CComContainedObject@VCOPOSImageScanner@@@ATL@@WJE@AGKXZ 10001df9 f i ImageScanner.obj
 0001:00000e06       ?Release@?$CComContainedObject@VCOPOSImageScanner@@@ATL@@WJE@AGKXZ 10001e06 f i ImageScanner.obj
 0001:00000e13       ?QueryInterface@?$CComContainedObject@VCOPOSImageScanner@@@ATL@@WJI@AGJABU_GUID@@PAPAX@Z 10001e13 f i ImageScanner.obj
 0001:00000e20       ?AddRef@?$CComContainedObject@VCOPOSImageScanner@@@ATL@@WJI@AGKXZ 10001e20 f i ImageScanner.obj
 0001:00000e2d       ?Release@?$CComContainedObject@VCOPOSImageScanner@@@ATL@@WJI@AGKXZ 10001e2d f i ImageScanner.obj
 0001:00000e3a       ?QueryInterface@?$CComContainedObject@VCOPOSImageScanner@@@ATL@@WJM@AGJABU_GUID@@PAPAX@Z 10001e3a f i ImageScanner.obj
 0001:00000e47       ?AddRef@?$CComContainedObject@VCOPOSImageScanner@@@ATL@@WJM@AGKXZ 10001e47 f i ImageScanner.obj
 0001:00000e54       ?Release@?$CComContainedObject@VCOPOSImageScanner@@@ATL@@WJM@AGKXZ 10001e54 f i ImageScanner.obj
 0001:00000e61       ?QueryInterface@?$CComContainedObject@VCOPOSImageScanner@@@ATL@@WKA@AGJABU_GUID@@PAPAX@Z 10001e61 f i ImageScanner.obj
 0001:00000e6e       ?AddRef@?$CComContainedObject@VCOPOSImageScanner@@@ATL@@WKA@AGKXZ 10001e6e f i ImageScanner.obj
 0001:00000e7b       ?Release@?$CComContainedObject@VCOPOSImageScanner@@@ATL@@WKA@AGKXZ 10001e7b f i ImageScanner.obj
 0001:00000e88       ?AddRef@?$CComContainedObject@VCOPOSImageScanner@@@ATL@@WKI@AGKXZ 10001e88 f i ImageScanner.obj
 0001:00000e95       ?Release@?$CComContainedObject@VCOPOSImageScanner@@@ATL@@WKI@AGKXZ 10001e95 f i ImageScanner.obj
 0001:00000ea2       ?AddRef@?$CComContainedObject@VCOPOSImageScanner@@@ATL@@WLE@AGKXZ 10001ea2 f i ImageScanner.obj
 0001:00000eaf       ?Release@?$CComContainedObject@VCOPOSImageScanner@@@ATL@@WLE@AGKXZ 10001eaf f i ImageScanner.obj
 0001:00000ebc       ?GetWindowProc@?$CWindowImplBaseT@VCWindow@ATL@@V?$CWinTraits@$0FGAAAAAA@$0A@@2@@ATL@@UAEP6GJPAUHWND__@@IIJ@ZXZ 10001ebc f i ImageScanner.obj
 0001:00000ec2       ?StartWindowProc@?$CWindowImplBaseT@VCWindow@ATL@@V?$CWinTraits@$0FGAAAAAA@$0A@@2@@ATL@@SGJPAUHWND__@@IIJ@Z 10001ec2 f i ImageScanner.obj
 0001:00000f16       ?GetTypeInfoCount@?$IDispatchImpl@UIOPOSImageScanner@@$1?IID_IOPOSImageScanner@@3U_GUID@@B$1?LIBID_OposImageScanner_CCO@@3U3@B$00$0A@VCComTypeInfoHolder@ATL@@@ATL@@UAGJPAI@Z 10001f16 f i ImageScanner.obj
 0001:00000f33       ?GetTypeInfo@?$IDispatchImpl@UIOPOSImageScanner@@$1?IID_IOPOSImageScanner@@3U_GUID@@B$1?LIBID_OposImageScanner_CCO@@3U3@B$00$0A@VCComTypeInfoHolder@ATL@@@ATL@@UAGJIKPAPAUITypeInfo@@@Z 10001f33 f i ImageScanner.obj
 0001:00000f57       ?GetIDsOfNames@?$IDispatchImpl@UIOPOSImageScanner@@$1?IID_IOPOSImageScanner@@3U_GUID@@B$1?LIBID_OposImageScanner_CCO@@3U3@B$00$0A@VCComTypeInfoHolder@ATL@@@ATL@@UAGJABU_GUID@@PAPA_WIKPAJ@Z 10001f57 f i ImageScanner.obj
 0001:00000f77       ?Invoke@?$IDispatchImpl@UIOPOSImageScanner@@$1?IID_IOPOSImageScanner@@3U_GUID@@B$1?LIBID_OposImageScanner_CCO@@3U3@B$00$0A@VCComTypeInfoHolder@ATL@@@ATL@@UAGJJABU_GUID@@KGPAUtagDISPPARAMS@@PAUtagVARIANT@@PAUtagEXCEPINFO@@PAI@Z 10001f77 f i ImageScanner.obj
 0001:00000f85       ?CreateControlWindow@?$CComControl@VCOPOSImageScanner@@V?$CWindowImpl@VCOPOSImageScanner@@VCWindow@ATL@@V?$CWinTraits@$0FGAAAAAA@$0A@@3@@ATL@@@ATL@@UAEPAUHWND__@@PAU3@AAUtagRECT@@@Z 10001f85 f i ImageScanner.obj
 0001:00000fb4       ?ControlQueryInterface@?$CComControl@VCOPOSImageScanner@@V?$CWindowImpl@VCOPOSImageScanner@@VCWindow@ATL@@V?$CWinTraits@$0FGAAAAAA@$0A@@3@@ATL@@@ATL@@UAEJABU_GUID@@PAPAX@Z 10001fb4 f i ImageScanner.obj
 0001:00000fcf       ?GetUserClassID@?$IOleObjectImpl@VCOPOSImageScanner@@@ATL@@UAGJPAU_GUID@@@Z 10001fcf f i ImageScanner.obj
 0001:00000fcf       ?GetClassID@?$IPersistStorageImpl@VCOPOSImageScanner@@@ATL@@UAGJPAU_GUID@@@Z 10001fcf f i ImageScanner.obj
 0001:00000fcf       ?GetClassID@?$IPersistStreamInitImpl@VCOPOSImageScanner@@@ATL@@UAGJPAU_GUID@@@Z 10001fcf f i ImageScanner.obj
 0001:00000ff3       ?IsDirty@?$IPersistStreamInitImpl@VCOPOSImageScanner@@@ATL@@UAGJXZ 10001ff3 f i ImageScanner.obj
 0001:00001012       ?Load@?$IPersistStreamInitImpl@VCOPOSImageScanner@@@ATL@@UAGJPAUIStream@@@Z 10002012 f i ImageScanner.obj
 0001:00001031       ?Save@?$IPersistStreamInitImpl@VCOPOSImageScanner@@@ATL@@UAGJPAUIStream@@H@Z 10002031 f i ImageScanner.obj
 0001:00001053       ?GetSizeMax@?$IPersistStreamInitImpl@VCOPOSImageScanner@@@ATL@@UAGJPAT_ULARGE_INTEGER@@@Z 10002053 f i ImageScanner.obj
 0001:00001232       ?InitNew@?$IPersistStreamInitImpl@VCOPOSImageScanner@@@ATL@@UAGJXZ 10002232 f i ImageScanner.obj
 0001:0000124f       ?Unfreeze@?$IViewObjectExImpl@VCOPOSImageScanner@@@ATL@@UAGJK@Z 1000224f f i ImageScanner.obj
 0001:0000124f       ?SetColorScheme@?$IOleObjectImpl@VCOPOSImageScanner@@@ATL@@UAGJPAUtagLOGPALETTE@@@Z 1000224f f i ImageScanner.obj
 0001:0000124f       ?ContextSensitiveHelp@?$IOleInPlaceObjectWindowlessImpl@VCOPOSImageScanner@@@ATL@@UAGJH@Z 1000224f f i ImageScanner.obj
 0001:0000124f       ?SOOutputCompleteDummy@COPOSImageScanner@@MAGJJ@Z 1000224f f i ImageScanner.obj
 0001:0000124f       ?ContextSensitiveHelp@?$IOleInPlaceActiveObjectImpl@VCOPOSImageScanner@@@ATL@@UAGJH@Z 1000224f f i ImageScanner.obj
 0001:0000124f       ?GetDropTarget@?$IOleInPlaceObjectWindowlessImpl@VCOPOSImageScanner@@@ATL@@UAGJPAPAUIDropTarget@@@Z 1000224f f i ImageScanner.obj
 0001:0000124f       ?QueryGetData@?$IDataObjectImpl@VCOPOSImageScanner@@@ATL@@UAGJPAUtagFORMATETC@@@Z 1000224f f i ImageScanner.obj
 0001:0000124f       ?GetControlInfo@?$IOleControlImpl@VCOPOSImageScanner@@@ATL@@UAGJPAUtagCONTROLINFO@@@Z 1000224f f i ImageScanner.obj
 0001:0000124f       ?OnMnemonic@?$IOleControlImpl@VCOPOSImageScanner@@@ATL@@UAGJPAUtagMSG@@@Z 1000224f f i ImageScanner.obj
 0001:00001257       ?EnableModeless@?$IOleInPlaceActiveObjectImpl@VCOPOSImageScanner@@@ATL@@UAGJH@Z 10002257 f i ImageScanner.obj
 0001:00001257       ?OnFrameWindowActivate@?$IOleInPlaceActiveObjectImpl@VCOPOSImageScanner@@@ATL@@UAGJH@Z 10002257 f i ImageScanner.obj
 0001:00001257       ?OnAmbientPropertyChange@?$IOleControlImpl@VCOPOSImageScanner@@@ATL@@UAGJJ@Z 10002257 f i ImageScanner.obj
 0001:00001257       ?SaveCompleted@?$IPersistStorageImpl@VCOPOSImageScanner@@@ATL@@UAGJPAUIStorage@@@Z 10002257 f i ImageScanner.obj
 0001:0000125c       ?SetClientSite@?$IOleObjectImpl@VCOPOSImageScanner@@@ATL@@UAGJPAUIOleClientSite@@@Z 1000225c f i ImageScanner.obj
 0001:00001279       ?GetClientSite@?$IOleObjectImpl@VCOPOSImageScanner@@@ATL@@UAGJPAPAUIOleClientSite@@@Z 10002279 f i ImageScanner.obj
 0001:00001296       ?SetHostNames@?$IOleObjectImpl@VCOPOSImageScanner@@@ATL@@UAGJPB_W0@Z 10002296 f i ImageScanner.obj
 0001:0000129b       ?Close@?$IOleObjectImpl@VCOPOSImageScanner@@@ATL@@UAGJK@Z 1000229b f i ImageScanner.obj
 0001:000012b8       ?GetRect@?$IViewObjectExImpl@VCOPOSImageScanner@@@ATL@@UAGJKPAU_RECTL@@@Z 100022b8 f i ImageScanner.obj
 0001:000012b8       ?SetMoniker@?$IOleObjectImpl@VCOPOSImageScanner@@@ATL@@UAGJKPAUIMoniker@@@Z 100022b8 f i ImageScanner.obj
 0001:000012b8       ?QueryInterface@CRegObject@ATL@@UAGJABU_GUID@@PAPAX@Z 100022b8 f i ImageScanner.obj
 0001:000012b8       ?GetDataHere@?$IDataObjectImpl@VCOPOSImageScanner@@@ATL@@UAGJPAUtagFORMATETC@@PAUtagSTGMEDIUM@@@Z 100022b8 f i ImageScanner.obj
 0001:000012b8       ?EnumFormatEtc@?$IDataObjectImpl@VCOPOSImageScanner@@@ATL@@UAGJKPAPAUIEnumFORMATETC@@@Z 100022b8 f i ImageScanner.obj
 0001:000012b8       ?GetCanonicalFormatEtc@?$IDataObjectImpl@VCOPOSImageScanner@@@ATL@@UAGJPAUtagFORMATETC@@0@Z 100022b8 f i ImageScanner.obj
 0001:000012b8       ?GetClipboardData@?$IOleObjectImpl@VCOPOSImageScanner@@@ATL@@UAGJKPAPAUIDataObject@@@Z 100022b8 f i ImageScanner.obj
 0001:000012c0       ?SetData@?$IDataObjectImpl@VCOPOSImageScanner@@@ATL@@UAGJPAUtagFORMATETC@@PAUtagSTGMEDIUM@@H@Z 100022c0 f i ImageScanner.obj
 0001:000012c0       ?GetMoniker@?$IOleObjectImpl@VCOPOSImageScanner@@@ATL@@UAGJKKPAPAUIMoniker@@@Z 100022c0 f i ImageScanner.obj
 0001:000012c0       ?InitFromData@?$IOleObjectImpl@VCOPOSImageScanner@@@ATL@@UAGJPAUIDataObject@@HK@Z 100022c0 f i ImageScanner.obj
 0001:000012c8       ?DoVerb@?$IOleObjectImpl@VCOPOSImageScanner@@@ATL@@UAGJJPAUtagMSG@@PAUIOleClientSite@@JPAUHWND__@@PBUtagRECT@@@Z 100022c8 f i ImageScanner.obj
 0001:000013bc       ?EnumVerbs@?$IOleObjectImpl@VCOPOSImageScanner@@@ATL@@UAGJPAPAUIEnumOLEVERB@@@Z 100023bc f i ImageScanner.obj
 0001:000013de       ?IsUpToDate@?$IOleObjectImpl@VCOPOSImageScanner@@@ATL@@UAGJXZ 100023de f i ImageScanner.obj
 0001:000013de       ?Update@?$IOleObjectImpl@VCOPOSImageScanner@@@ATL@@UAGJXZ 100023de f i ImageScanner.obj
 0001:000013de       ?Release@CRegObject@ATL@@UAGKXZ 100023de f i ImageScanner.obj
 0001:000013de       ?HandsOffStorage@?$IPersistStorageImpl@VCOPOSImageScanner@@@ATL@@UAGJXZ 100023de f i ImageScanner.obj
 0001:000013e3       ?GetUserType@?$IOleObjectImpl@VCOPOSImageScanner@@@ATL@@UAGJKPAPA_W@Z 100023e3 f i ImageScanner.obj
 0001:000013fb       ?SetExtent@?$IOleObjectImpl@VCOPOSImageScanner@@@ATL@@UAGJKPAUtagSIZE@@@Z 100023fb f i ImageScanner.obj
 0001:0000141b       ?GetExtent@?$IOleObjectImpl@VCOPOSImageScanner@@@ATL@@UAGJKPAUtagSIZE@@@Z 1000241b f i ImageScanner.obj
 0001:00001459       ?Advise@?$IOleObjectImpl@VCOPOSImageScanner@@@ATL@@UAGJPAUIAdviseSink@@PAK@Z 10002459 f i ImageScanner.obj
 0001:00001479       ?Unadvise@?$IOleObjectImpl@VCOPOSImageScanner@@@ATL@@UAGJK@Z 10002479 f i ImageScanner.obj
 0001:000014a8       ?EnumAdvise@?$IOleObjectImpl@VCOPOSImageScanner@@@ATL@@UAGJPAPAUIEnumSTATDATA@@@Z 100024a8 f i ImageScanner.obj
 0001:000014e8       ?GetMiscStatus@?$IOleObjectImpl@VCOPOSImageScanner@@@ATL@@UAGJKPAK@Z 100024e8 f i ImageScanner.obj
 0001:00001500       ?GetWindow@?$IOleInPlaceActiveObjectImpl@VCOPOSImageScanner@@@ATL@@UAGJPAPAUHWND__@@@Z 10002500 f i ImageScanner.obj
 0001:0000154d       ?TranslateAcceleratorW@?$IOleInPlaceActiveObjectImpl@VCOPOSImageScanner@@@ATL@@UAGJPAUtagMSG@@@Z 1000254d f i ImageScanner.obj
 0001:000015fb       ?OnDocWindowActivate@?$IOleInPlaceActiveObjectImpl@VCOPOSImageScanner@@@ATL@@UAGJH@Z 100025fb f i ImageScanner.obj
 0001:0000161d       ?ResizeBorder@?$IOleInPlaceActiveObjectImpl@VCOPOSImageScanner@@@ATL@@UAGJPBUtagRECT@@PAUIOleInPlaceUIWindow@@H@Z 1000261d f i ImageScanner.obj
 0001:00001622       ?Draw@?$IViewObjectExImpl@VCOPOSImageScanner@@@ATL@@UAGJKJPAXPAUtagDVTARGETDEVICE@@PAUHDC__@@2PBU_RECTL@@3P6GHK@ZK@Z 10002622 f i ImageScanner.obj
 0001:00001654       ?GetColorSet@?$IViewObjectExImpl@VCOPOSImageScanner@@@ATL@@UAGJKJPAXPAUtagDVTARGETDEVICE@@PAUHDC__@@PAPAUtagLOGPALETTE@@@Z 10002654 f i ImageScanner.obj
 0001:0000165c       ?Freeze@?$IViewObjectExImpl@VCOPOSImageScanner@@@ATL@@UAGJKJPAXPAK@Z 1000265c f i ImageScanner.obj
 0001:00001664       ?SetAdvise@?$IViewObjectExImpl@VCOPOSImageScanner@@@ATL@@UAGJKKPAUIAdviseSink@@@Z 10002664 f i ImageScanner.obj
 0001:00001683       ?GetAdvise@?$IViewObjectExImpl@VCOPOSImageScanner@@@ATL@@UAGJPAK0PAPAUIAdviseSink@@@Z 10002683 f i ImageScanner.obj
 0001:000016b8       ?GetExtent@?$IViewObjectExImpl@VCOPOSImageScanner@@@ATL@@UAGJKJPAUtagDVTARGETDEVICE@@PAUtagSIZE@@@Z 100026b8 f i ImageScanner.obj
 0001:000016e9       ?GetViewStatus@?$IViewObjectExImpl@VCOPOSImageScanner@@@ATL@@UAGJPAK@Z 100026e9 f i ImageScanner.obj
 0001:00001706       ?QueryHitPoint@?$IViewObjectExImpl@VCOPOSImageScanner@@@ATL@@UAGJKPBUtagRECT@@UtagPOINT@@JPAK@Z 10002706 f i ImageScanner.obj
 0001:00001747       ?QueryHitRect@?$IViewObjectExImpl@VCOPOSImageScanner@@@ATL@@UAGJKPBUtagRECT@@0JPAK@Z 10002747 f i ImageScanner.obj
 0001:000017a2       ?GetNaturalExtent@?$IViewObjectExImpl@VCOPOSImageScanner@@@ATL@@UAGJKJPAUtagDVTARGETDEVICE@@PAUHDC__@@PAUtagExtentInfo@@PAUtagSIZE@@@Z 100027a2 f i ImageScanner.obj
 0001:000017ed       ?GetWindow@?$IOleInPlaceObjectWindowlessImpl@VCOPOSImageScanner@@@ATL@@UAGJPAPAUHWND__@@@Z 100027ed f i ImageScanner.obj
 0001:0000183a       ?InPlaceDeactivate@?$IOleInPlaceObjectWindowlessImpl@VCOPOSImageScanner@@@ATL@@UAGJXZ 1000283a f i ImageScanner.obj
 0001:00001854       ?UIDeactivate@?$IOleInPlaceObjectWindowlessImpl@VCOPOSImageScanner@@@ATL@@UAGJXZ 10002854 f i ImageScanner.obj
 0001:0000186e       ?SetObjectRects@?$IOleInPlaceObjectWindowlessImpl@VCOPOSImageScanner@@@ATL@@UAGJPBUtagRECT@@0@Z 1000286e f i ImageScanner.obj
 0001:0000188e       ?ReactivateAndUndo@?$IOleInPlaceObjectWindowlessImpl@VCOPOSImageScanner@@@ATL@@UAGJXZ 1000288e f i ImageScanner.obj
 0001:00001896       ?OnWindowMessage@?$IOleInPlaceObjectWindowlessImpl@VCOPOSImageScanner@@@ATL@@UAGJIIJPAJ@Z 10002896 f i ImageScanner.obj
 0001:00001906       ?EnumConnectionPoints@?$IConnectionPointContainerImpl@VCOPOSImageScanner@@@ATL@@UAGJPAPAUIEnumConnectionPoints@@@Z 10002906 f i ImageScanner.obj
 0001:00001a96       ?FindConnectionPoint@?$IConnectionPointContainerImpl@VCOPOSImageScanner@@@ATL@@UAGJABU_GUID@@PAPAUIConnectionPoint@@@Z 10002a96 f i ImageScanner.obj
 0001:00001b39       ?IsDirty@?$IPersistStorageImpl@VCOPOSImageScanner@@@ATL@@UAGJXZ 10002b39 f i ImageScanner.obj
 0001:00001b69       ?InitNew@?$IPersistStorageImpl@VCOPOSImageScanner@@@ATL@@UAGJPAUIStorage@@@Z 10002b69 f i ImageScanner.obj
 0001:00001b99       ?Load@?$IPersistStorageImpl@VCOPOSImageScanner@@@ATL@@UAGJPAUIStorage@@@Z 10002b99 f i ImageScanner.obj
 0001:00001c05       ?Save@?$IPersistStorageImpl@VCOPOSImageScanner@@@ATL@@UAGJPAUIStorage@@H@Z 10002c05 f i ImageScanner.obj
 0001:00001c78       ?GetPages@?$ISpecifyPropertyPagesImpl@VCOPOSImageScanner@@@ATL@@UAGJPAUtagCAUUID@@@Z 10002c78 f i ImageScanner.obj
 0001:00001c8f       ?QuickActivate@?$IQuickActivateImpl@VCOPOSImageScanner@@@ATL@@UAGJPAUtagQACONTAINER@@PAUtagQACONTROL@@@Z 10002c8f f i ImageScanner.obj
 0001:00001cb2       ?SetContentExtent@?$IQuickActivateImpl@VCOPOSImageScanner@@@ATL@@UAGJPAUtagSIZE@@@Z 10002cb2 f i ImageScanner.obj
 0001:00001cde       ?GetContentExtent@?$IQuickActivateImpl@VCOPOSImageScanner@@@ATL@@UAGJPAUtagSIZE@@@Z 10002cde f i ImageScanner.obj
 0001:00001d1a       ?GetData@?$IDataObjectImpl@VCOPOSImageScanner@@@ATL@@UAGJPAUtagFORMATETC@@PAUtagSTGMEDIUM@@@Z 10002d1a f i ImageScanner.obj
 0001:00001d3d       ?DAdvise@?$IDataObjectImpl@VCOPOSImageScanner@@@ATL@@UAGJPAUtagFORMATETC@@KPAUIAdviseSink@@PAK@Z 10002d3d f i ImageScanner.obj
 0001:00001d7e       ?DUnadvise@?$IDataObjectImpl@VCOPOSImageScanner@@@ATL@@UAGJK@Z 10002d7e f i ImageScanner.obj
 0001:00001dac       ?EnumDAdvise@?$IDataObjectImpl@VCOPOSImageScanner@@@ATL@@UAGJPAPAUIEnumSTATDATA@@@Z 10002dac f i ImageScanner.obj
 0001:00001deb       ?GetClassInfoW@?$IProvideClassInfo2Impl@$1?CLSID_OPOSImageScanner@@3U_GUID@@B$1?DIID__IOPOSImageScannerEvents@@3U2@B$1?LIBID_OposImageScanner_CCO@@3U2@B$00$0A@VCComTypeInfoHolder@ATL@@@ATL@@UAGJPAPAUITypeInfo@@@Z 10002deb f i ImageScanner.obj
 0001:00001e01       ?GetGUID@?$IProvideClassInfo2Impl@$1?CLSID_OPOSImageScanner@@3U_GUID@@B$1?DIID__IOPOSImageScannerEvents@@3U2@B$1?LIBID_OposImageScanner_CCO@@3U2@B$00$0A@VCComTypeInfoHolder@ATL@@@ATL@@UAGJKPAU_GUID@@@Z 10002e01 f i ImageScanner.obj
 0001:00001e3f       ?FAccessAllowed@?$IObjectSafetyImpl@VCOPOSImageScanner@@$02@ATL@@MAEHXZ 10002e3f f i ImageScanner.obj
 0001:00001e3f       __get_startup_argv_mode    10002e3f f i LIBCMT:argv_mode.obj
 0001:00001e43       ?GetInterfaceSafetyOptions@?$IObjectSafetyImpl@VCOPOSImageScanner@@$02@ATL@@UAGJABU_GUID@@PAK1@Z 10002e43 f i ImageScanner.obj
 0001:00001eb6       ?SetInterfaceSafetyOptions@?$IObjectSafetyImpl@VCOPOSImageScanner@@$02@ATL@@UAGJABU_GUID@@KK@Z 10002eb6 f i ImageScanner.obj
 0001:00001f30       ?Lock@CAtlModule@ATL@@UAEJXZ 10002f30 f i ImageScanner.obj
 0001:00001f3a       ?Unlock@CAtlModule@ATL@@UAEJXZ 10002f3a f i ImageScanner.obj
 0001:00001f44       ?GetLockCount@CAtlModule@ATL@@UAEJXZ 10002f44 f i ImageScanner.obj
 0001:00001f48       ?GetGITPtr@CAtlModule@ATL@@UAEJPAPAUIGlobalInterfaceTable@@@Z 10002f48 f i ImageScanner.obj
 0001:00001f94       ?_LocCPQueryInterface@?$IConnectionPointImpl@VCOPOSImageScanner@@$1?IID_IPropertyNotifySink@@3U_GUID@@BVCComDynamicUnkArray@ATL@@@ATL@@UAGJABU_GUID@@PAPAX@Z 10002f94 f i ImageScanner.obj
 0001:00001f94       ?_LocCPQueryInterface@?$IConnectionPointImpl@VCOPOSImageScanner@@$1?DIID__IOPOSImageScannerEvents@@3U_GUID@@BVCComDynamicUnkArray@ATL@@@ATL@@UAGJABU_GUID@@PAPAX@Z 10002f94 f i ImageScanner.obj
 0001:00001fe1       ?GetConnectionInterface@?$IConnectionPointImpl@VCOPOSImageScanner@@$1?IID_IPropertyNotifySink@@3U_GUID@@BVCComDynamicUnkArray@ATL@@@ATL@@UAGJPAU_GUID@@@Z 10002fe1 f i ImageScanner.obj
 0001:00002005       ?GetConnectionPointContainer@?$IConnectionPointImpl@VCOPOSImageScanner@@$1?IID_IPropertyNotifySink@@3U_GUID@@BVCComDynamicUnkArray@ATL@@@ATL@@UAGJPAPAUIConnectionPointContainer@@@Z 10003005 f i ImageScanner.obj
 0001:00002028       ?Advise@?$IConnectionPointImpl@VCOPOSImageScanner@@$1?IID_IPropertyNotifySink@@3U_GUID@@BVCComDynamicUnkArray@ATL@@@ATL@@UAGJPAUIUnknown@@PAK@Z 10003028 f i ImageScanner.obj
 0001:00002028       ?Advise@?$IConnectionPointImpl@VCOPOSImageScanner@@$1?DIID__IOPOSImageScannerEvents@@3U_GUID@@BVCComDynamicUnkArray@ATL@@@ATL@@UAGJPAUIUnknown@@PAK@Z 10003028 f i ImageScanner.obj
 0001:000020c8       ?Unadvise@?$IConnectionPointImpl@VCOPOSImageScanner@@$1?IID_IPropertyNotifySink@@3U_GUID@@BVCComDynamicUnkArray@ATL@@@ATL@@UAGJK@Z 100030c8 f i ImageScanner.obj
 0001:000020c8       ?Unadvise@?$IConnectionPointImpl@VCOPOSImageScanner@@$1?DIID__IOPOSImageScannerEvents@@3U_GUID@@BVCComDynamicUnkArray@ATL@@@ATL@@UAGJK@Z 100030c8 f i ImageScanner.obj
 0001:00002108       ?EnumConnections@?$IConnectionPointImpl@VCOPOSImageScanner@@$1?IID_IPropertyNotifySink@@3U_GUID@@BVCComDynamicUnkArray@ATL@@@ATL@@UAGJPAPAUIEnumConnections@@@Z 10003108 f i ImageScanner.obj
 0001:00002108       ?EnumConnections@?$IConnectionPointImpl@VCOPOSImageScanner@@$1?DIID__IOPOSImageScannerEvents@@3U_GUID@@BVCComDynamicUnkArray@ATL@@@ATL@@UAGJPAPAUIEnumConnections@@@Z 10003108 f i ImageScanner.obj
 0001:0000220b       ?GetConnectionInterface@?$IConnectionPointImpl@VCOPOSImageScanner@@$1?DIID__IOPOSImageScannerEvents@@3U_GUID@@BVCComDynamicUnkArray@ATL@@@ATL@@UAGJPAU_GUID@@@Z 1000320b f i ImageScanner.obj
 0001:0000222f       ?GetConnectionPointContainer@?$IConnectionPointImpl@VCOPOSImageScanner@@$1?DIID__IOPOSImageScannerEvents@@3U_GUID@@BVCComDynamicUnkArray@ATL@@@ATL@@UAGJPAPAUIConnectionPointContainer@@@Z 1000322f f i ImageScanner.obj
 0001:00002252       ?UpdateRegistry@COPOSImageScanner@@SGJH@Z 10003252 f i ImageScanner.obj
 0001:0000226a       ?AddCommonRGSReplacements@?$CAtlModuleT@VCComModule@ATL@@@ATL@@UAEJPAUIRegistrarBase@@@Z 1000326a f i ImageScanner.obj
 0001:00002284       ?ProcessWindowMessage@COPOSImageScanner@@UAEHPAUHWND__@@IIJAAJK@Z 10003284 f i ImageScanner.obj
 0001:000022d1       ?SOData@COPOSImageScanner@@MAGJJ@Z 100032d1 f i ImageScanner.obj
 0001:0000230a       ?SODirectIO@COPOSImageScanner@@MAGJJPAJPAPA_W@Z 1000330a f i ImageScanner.obj
 0001:00002353       ?SOError@COPOSImageScanner@@MAGJJJJPAJ@Z 10003353 f i ImageScanner.obj
 0001:000023a8       ?SOStatusUpdate@COPOSImageScanner@@MAGJJ@Z 100033a8 f i ImageScanner.obj
 0001:000023e1       ?UpdateRegistryFromResourceD@CComModule@ATL@@UAGJIHPAU_ATL_REGMAP_ENTRY@2@@Z 100033e1 f i ImageScanner.obj
 0001:000023e1       ?UpdateRegistryFromResourceD@CComModule@ATL@@UAGJPB_WHPAU_ATL_REGMAP_ENTRY@2@@Z 100033e1 f i ImageScanner.obj
 0001:000023e9       ?UpdateRegistryFromResource@CComModule@ATL@@UAGJPB_WHPAU_ATL_REGMAP_ENTRY@2@@Z 100033e9 f i ImageScanner.obj
 0001:000023f2       ?UpdateRegistryFromResource@CComModule@ATL@@UAGJIHPAU_ATL_REGMAP_ENTRY@2@@Z 100033f2 f i ImageScanner.obj
 0001:000023fb       ??_ECComModule@ATL@@UAEPAXI@Z 100033fb f i ImageScanner.obj
 0001:000023fb       ??_GCComModule@ATL@@UAEPAXI@Z 100033fb f i ImageScanner.obj
 0001:00002423       ?CreateInstance@?$CComCreator@V?$CComObjectCached@VCComClassFactory@ATL@@@ATL@@@ATL@@SGJPAXABU_GUID@@PAPAX@Z 10003423 f i ImageScanner.obj
 0001:000024c4       ?CreateInstance@?$CComCreator2@V?$CComCreator@V?$CComObject@VCOPOSImageScanner@@@ATL@@@ATL@@V?$CComCreator@V?$CComAggObject@VCOPOSImageScanner@@@ATL@@@2@@ATL@@SGJPAXABU_GUID@@PAPAX@Z 100034c4 f i ImageScanner.obj
 0001:000024e4       ?AddRef@?$CComObjectCached@VCComClassFactory@ATL@@@ATL@@UAGKXZ 100034e4 f i ImageScanner.obj
 0001:0000250b       ?Release@?$CComObjectCached@VCComClassFactory@ATL@@@ATL@@UAGKXZ 1000350b f i ImageScanner.obj
 0001:00002541       ?QueryInterface@?$CComObjectCached@VCComClassFactory@ATL@@@ATL@@UAGJABU_GUID@@PAPAX@Z 10003541 f i ImageScanner.obj
 0001:0000255b       ??_E?$CComObjectCached@VCComClassFactory@ATL@@@ATL@@UAEPAXI@Z 1000355b f i ImageScanner.obj
 0001:0000255b       ??_G?$CComObjectCached@VCComClassFactory@ATL@@@ATL@@UAEPAXI@Z 1000355b f i ImageScanner.obj
 0001:0000257d       ?Next@?$CComEnumImpl@UIEnumConnectionPoints@@$1?_GUID_b196b285_bab4_101a_b69c_00aa00341d07@@3U__s_GUID@@BPAUIConnectionPoint@@V?$_CopyInterface@UIConnectionPoint@@@ATL@@@ATL@@UAGJKPAPAUIConnectionPoint@@PAK@Z 1000357d f i ImageScanner.obj
 0001:0000264c       ?Skip@?$CComEnumImpl@UIEnumConnectionPoints@@$1?_GUID_b196b285_bab4_101a_b69c_00aa00341d07@@3U__s_GUID@@BPAUIConnectionPoint@@V?$_CopyInterface@UIConnectionPoint@@@ATL@@@ATL@@UAGJK@Z 1000364c f i ImageScanner.obj
 0001:00002679       ?Clone@?$CComEnumImpl@UIEnumConnectionPoints@@$1?_GUID_b196b285_bab4_101a_b69c_00aa00341d07@@3U__s_GUID@@BPAUIConnectionPoint@@V?$_CopyInterface@UIConnectionPoint@@@ATL@@@ATL@@UAGJPAPAUIEnumConnectionPoints@@@Z 10003679 f i ImageScanner.obj
 0001:0000275a       ?QueryInterface@?$CComObject@V?$CComEnum@UIEnumConnectionPoints@@$1?_GUID_b196b285_bab4_101a_b69c_00aa00341d07@@3U__s_GUID@@BPAUIConnectionPoint@@V?$_CopyInterface@UIConnectionPoint@@@ATL@@VCComSingleThreadModel@6@@ATL@@@ATL@@UAGJABU_GUID@@PAPAX@Z 1000375a f i ImageScanner.obj
 0001:00002774       ??_G?$CComObject@V?$CComEnum@UIEnumConnectionPoints@@$1?_GUID_b196b285_bab4_101a_b69c_00aa00341d07@@3U__s_GUID@@BPAUIConnectionPoint@@V?$_CopyInterface@UIConnectionPoint@@@ATL@@VCComSingleThreadModel@6@@ATL@@@ATL@@UAEPAXI@Z 10003774 f i ImageScanner.obj
 0001:00002774       ??_E?$CComObject@V?$CComEnum@UIEnumConnectionPoints@@$1?_GUID_b196b285_bab4_101a_b69c_00aa00341d07@@3U__s_GUID@@BPAUIConnectionPoint@@V?$_CopyInterface@UIConnectionPoint@@@ATL@@VCComSingleThreadModel@6@@ATL@@@ATL@@UAEPAXI@Z 10003774 f i ImageScanner.obj
 0001:00002796       ?AddRef@CRegObject@ATL@@UAGKXZ 10003796 f i ImageScanner.obj
 0001:0000279c       ?AddReplacement@CRegObject@ATL@@UAGJPB_W0@Z 1000379c f i ImageScanner.obj
 0001:000027d5       ?ClearReplacements@CRegObject@ATL@@UAGJXZ 100037d5 f i ImageScanner.obj
 0001:000027e7       ??_ECRegObject@ATL@@UAEPAXI@Z 100037e7 f i ImageScanner.obj
 0001:000027e7       ??_GCRegObject@ATL@@UAEPAXI@Z 100037e7 f i ImageScanner.obj
 0001:00002809       ?AddRef@?$CComAggObject@VCOPOSImageScanner@@@ATL@@UAGKXZ 10003809 f i ImageScanner.obj
 0001:0000281a       ?Release@?$CComAggObject@VCOPOSImageScanner@@@ATL@@UAGKXZ 1000381a f i ImageScanner.obj
 0001:00002856       ?QueryInterface@?$CComAggObject@VCOPOSImageScanner@@@ATL@@UAGJABU_GUID@@PAPAX@Z 10003856 f i ImageScanner.obj
 0001:000028a5       ?AddRef@?$CComContainedObject@VCOPOSImageScanner@@@ATL@@UAGKXZ 100038a5 f i ImageScanner.obj
 0001:000028bb       ?Release@?$CComContainedObject@VCOPOSImageScanner@@@ATL@@UAGKXZ 100038bb f i ImageScanner.obj
 0001:000028d1       ?QueryInterface@?$CComContainedObject@VCOPOSImageScanner@@@ATL@@UAGJABU_GUID@@PAPAX@Z 100038d1 f i ImageScanner.obj
 0001:000028ec       ??_G?$CComAggObject@VCOPOSImageScanner@@@ATL@@UAEPAXI@Z 100038ec f i ImageScanner.obj
 0001:000028ec       ??_E?$CComAggObject@VCOPOSImageScanner@@@ATL@@UAEPAXI@Z 100038ec f i ImageScanner.obj
 0001:00002911       ?AddRef@?$CComObject@VCOPOSImageScanner@@@ATL@@UAGKXZ 10003911 f i ImageScanner.obj
 0001:00002928       ?Release@?$CComObject@VCOPOSImageScanner@@@ATL@@UAGKXZ 10003928 f i ImageScanner.obj
 0001:0000296a       ?QueryInterface@?$CComObject@VCOPOSImageScanner@@@ATL@@UAGJABU_GUID@@PAPAX@Z 1000396a f i ImageScanner.obj
 0001:00002984       ??$?4UITypeInfo2@@@?$CComPtr@UITypeInfo@@@ATL@@QAEPAUITypeInfo@@ABV?$CComPtr@UITypeInfo2@@@1@@Z 10003984 f i ImageScanner.obj
 0001:000029b1       ??$AtlAdd@K@ATL@@YAJPAKKK@Z 100039b1 f i ImageScanner.obj
 0001:000029d4       ??$AtlAdd@_K@ATL@@YAJPA_K_K1@Z 100039d4 f i ImageScanner.obj
 0001:00002a0c       ??$AtlAddThrow@K@ATL@@YAKKK@Z 10003a0c f i ImageScanner.obj
 0001:00002a32       ??$AtlModuleRegisterWndClassInfoT@VAtlModuleRegisterWndClassInfoParamW@ATL@@@ATL@@YAGPAU_ATL_BASE_MODULE70@0@PAU_ATL_WIN_MODULE70@0@PAU_ATL_WNDCLASSINFOW@0@PAP6GJPAUHWND__@@IIJ@ZVAtlModuleRegisterWndClassInfoParamW@0@@Z 10003a32 f i ImageScanner.obj
 0001:00002b7f       ??$AtlMultiply@H@ATL@@YAJPAHHH@Z 10003b7f f i ImageScanner.obj
 0001:00002bb7       ??$AtlMultiply@I@ATL@@YAJPAIII@Z 10003bb7 f i ImageScanner.obj
 0001:00002bb7       ??$AtlMultiply@K@ATL@@YAJPAKKK@Z 10003bb7 f i ImageScanner.obj
 0001:00002bd9       ??$AtlMultiplyThrow@I@ATL@@YAIII@Z 10003bd9 f i ImageScanner.obj
 0001:00002bff       ??0?$CComAggObject@VCOPOSImageScanner@@@ATL@@QAE@PAX@Z 10003bff f i ImageScanner.obj
 0001:00002c2c       ??0?$CComContainedObject@VCOPOSImageScanner@@@ATL@@QAE@PAX@Z 10003c2c f i ImageScanner.obj
 0001:00002ce5       ??0?$CComObject@V?$CComEnum@UIEnumConnectionPoints@@$1?_GUID_b196b285_bab4_101a_b69c_00aa00341d07@@3U__s_GUID@@BPAUIConnectionPoint@@V?$_CopyInterface@UIConnectionPoint@@@ATL@@VCComSingleThreadModel@6@@ATL@@@ATL@@QAE@PAX@Z 10003ce5 f i ImageScanner.obj
 0001:00002d13       ??0?$CComObject@V?$CComEnum@UIEnumConnections@@$1?_GUID_b196b287_bab4_101a_b69c_00aa00341d07@@3U__s_GUID@@BUtagCONNECTDATA@@V?$_Copy@UtagCONNECTDATA@@@ATL@@VCComSingleThreadModel@6@@ATL@@@ATL@@QAE@PAX@Z 10003d13 f i ImageScanner.obj
 0001:00002d41       ??0?$CComObject@VCOPOSImageScanner@@@ATL@@QAE@PAX@Z 10003d41 f i ImageScanner.obj
 0001:00002df8       ??0?$CComQIPtr@UIOleControlSite@@$1?_GUID_b196b289_bab4_101a_b69c_00aa00341d07@@3U__s_GUID@@B@ATL@@QAE@PAUIUnknown@@@Z 10003df8 f i ImageScanner.obj
 0001:00002e21       ??0CAtlModule@ATL@@QAE@XZ  10003e21 f i ImageScanner.obj
 0001:00002e62       ??0CParseBuffer@CRegParser@ATL@@QAE@H@Z 10003e62 f i ImageScanner.obj
 0001:00002e98       ??0_ATL_MSG@ATL@@QAE@PAUHWND__@@IIJH@Z 10003e98 f i ImageScanner.obj
 0001:00002ed0       ??1?$CComAggObject@VCOPOSImageScanner@@@ATL@@UAE@XZ 10003ed0 f i ImageScanner.obj
 0001:00002ef4       ??1?$CComEnumImpl@UIEnumConnectionPoints@@$1?_GUID_b196b285_bab4_101a_b69c_00aa00341d07@@3U__s_GUID@@BPAUIConnectionPoint@@V?$_CopyInterface@UIConnectionPoint@@@ATL@@@ATL@@UAE@XZ 10003ef4 f i ImageScanner.obj
 0001:00002f30       ??1?$CComEnumImpl@UIEnumConnections@@$1?_GUID_b196b287_bab4_101a_b69c_00aa00341d07@@3U__s_GUID@@BUtagCONNECTDATA@@V?$_Copy@UtagCONNECTDATA@@@ATL@@@ATL@@UAE@XZ 10003f30 f i ImageScanner.obj
 0001:00002f6c       ??1?$CComObject@V?$CComEnum@UIEnumConnectionPoints@@$1?_GUID_b196b285_bab4_101a_b69c_00aa00341d07@@3U__s_GUID@@BPAUIConnectionPoint@@V?$_CopyInterface@UIConnectionPoint@@@ATL@@VCComSingleThreadModel@6@@ATL@@@ATL@@UAE@XZ 10003f6c f i ImageScanner.obj
 0001:00002f8f       ??1?$CComObject@V?$CComEnum@UIEnumConnections@@$1?_GUID_b196b287_bab4_101a_b69c_00aa00341d07@@3U__s_GUID@@BUtagCONNECTDATA@@V?$_Copy@UtagCONNECTDATA@@@ATL@@VCComSingleThreadModel@6@@ATL@@@ATL@@UAE@XZ 10003f8f f i ImageScanner.obj
 0001:00002fb2       ??1?$CComObject@VCOPOSImageScanner@@@ATL@@UAE@XZ 10003fb2 f i ImageScanner.obj
 0001:00003070       ??1?$CComObjectCached@VCComClassFactory@ATL@@@ATL@@UAE@XZ 10004070 f i ImageScanner.obj
 0001:00003086       ??1?$CComObjectRootEx@VCComMultiThreadModel@ATL@@@ATL@@QAE@XZ 10004086 f i ImageScanner.obj
 0001:0000309b       ??1CRegObject@ATL@@UAE@XZ  1000409b f i ImageScanner.obj
 0001:000030bb       ??4?$CComPtr@UIUnknown@@@ATL@@QAEPAUIUnknown@@PAU2@@Z 100040bb f i ImageScanner.obj
 0001:000030bb       ??4?$CComPtr@UIAdviseSink@@@ATL@@QAEPAUIAdviseSink@@PAU2@@Z 100040bb f i ImageScanner.obj
 0001:000030bb       ??4?$CComPtr@UIOleClientSite@@@ATL@@QAEPAUIOleClientSite@@PAU2@@Z 100040bb f i ImageScanner.obj
 0001:000030e9       ??_E?$CComContainedObject@VCOPOSImageScanner@@@ATL@@UAEPAXI@Z 100040e9 f i ImageScanner.obj
 0001:000030e9       ??_G?$CComContainedObject@VCOPOSImageScanner@@@ATL@@UAEPAXI@Z 100040e9 f i ImageScanner.obj
 0001:0000310e       ??_E?$CComObject@VCOPOSImageScanner@@@ATL@@UAEPAXI@Z 1000410e f i ImageScanner.obj
 0001:0000310e       ??_G?$CComObject@VCOPOSImageScanner@@@ATL@@UAEPAXI@Z 1000410e f i ImageScanner.obj
 0001:00003133       ?Add@?$CSimpleArray@GV?$CSimpleArrayEqualHelper@G@ATL@@@ATL@@QAEHABG@Z 10004133 f i ImageScanner.obj
 0001:000031ad       ?Add@?$CSimpleMap@PA_WPA_WVCExpansionVectorEqualHelper@ATL@@@ATL@@QAEHABQA_W0@Z 100041ad f i ImageScanner.obj
 0001:00003202       ?Add@CComDynamicUnkArray@ATL@@QAEKPAUIUnknown@@@Z 10004202 f i ImageScanner.obj
 0001:000032b3       ?Add@CExpansionVector@ATL@@QAEHPB_W0@Z 100042b3 f i ImageScanner.obj
 0001:000033bc       ?AddString@CParseBuffer@CRegParser@ATL@@QAEHPB_W@Z 100043bc f i ImageScanner.obj
 0001:000033f1       ?AddTermFunc@CAtlModule@ATL@@QAEJP6GXK@ZK@Z 100043f1 f i ImageScanner.obj
 0001:0000345d       ?AddValue@CRegParser@ATL@@IAEJAAVCRegKey@2@PB_WPA_W@Z 1000445d f i ImageScanner.obj
 0001:00003777       ?Allocate@?$CAtlSafeAllocBufferManager@VCCRTAllocator@ATL@@@_ATL_SAFE_ALLOCA_IMPL@ATL@@QAEPAXK@Z 10004777 f i ImageScanner.obj
 0001:000037a4       ?Allocate@?$CTempBuffer@E$0BAA@VCCRTAllocator@ATL@@@ATL@@QAEPAEI@Z 100047a4 f i ImageScanner.obj
 0001:000037d3       ?Allocate@?$CTempBuffer@_W$0BAA@VCCRTAllocator@ATL@@@ATL@@QAEPA_WI@Z 100047d3 f i ImageScanner.obj
 0001:00003802       ?Allocate@?$CTempBuffer@_W$0EAA@VCCRTAllocator@ATL@@@ATL@@QAEPA_WI@Z 10004802 f i ImageScanner.obj
 0001:00003831       ?AllocateHeap@?$CTempBuffer@_W$0BAA@VCCRTAllocator@ATL@@@ATL@@AAEXI@Z 10004831 f i ImageScanner.obj
 0001:00003831       ?AllocateHeap@?$CTempBuffer@_W$0EAA@VCCRTAllocator@ATL@@@ATL@@AAEXI@Z 10004831 f i ImageScanner.obj
 0001:00003831       ?AllocateHeap@?$CTempBuffer@E$0BAA@VCCRTAllocator@ATL@@@ATL@@AAEXI@Z 10004831 f i ImageScanner.obj
 0001:00003856       ?Append@CParseBuffer@CRegParser@ATL@@QAEHPB_WH@Z 10004856 f i ImageScanner.obj
 0001:000038e2       ?AtlCoTaskMemCAlloc@ATL@@YAPAXKK@Z 100048e2 f i ImageScanner.obj
 0001:0000390f       ?AtlCoTaskMemRecalloc@ATL@@YAPAXPAXKK@Z 1000490f f i ImageScanner.obj
 0001:0000393f       ?AtlComModuleGetClassObject@ATL@@YGJPAU_ATL_COM_MODULE70@1@ABU_GUID@@1PAPAX@Z 1000493f f i ImageScanner.obj
 0001:00003a34       ?AtlComModuleRegisterServer@ATL@@YGJPAU_ATL_COM_MODULE70@1@HPBU_GUID@@@Z 10004a34 f i ImageScanner.obj
 0001:00003abc       ?AtlComModuleUnregisterServer@ATL@@YGJPAU_ATL_COM_MODULE70@1@HPBU_GUID@@@Z 10004abc f i ImageScanner.obj
 0001:00003b44       ?AtlComQIPtrAssign2@ATL@@YAXPAPAUIUnknown@@PAU2@ABU_GUID@@@Z 10004b44 f i ImageScanner.obj
 0001:00003b73       ?AtlCreateTargetDC@ATL@@YGPAUHDC__@@PAU2@PAUtagDVTARGETDEVICE@@@Z 10004b73 f i ImageScanner.obj
 0001:00003bdc       ?AtlCrtErrorCheck@ATL@@YAHH@Z 10004bdc f i ImageScanner.obj
 0001:00003c17       ?AtlHiMetricToPixel@ATL@@YGXPBUtagSIZE@@PAU2@@Z 10004c17 f i ImageScanner.obj
 0001:00003c8c       ?AtlHresultFromLastError@ATL@@YAJXZ 10004c8c f i ImageScanner.obj
 0001:00003ca3       ?AtlHresultFromWin32@ATL@@YAJK@Z 10004ca3 f i ImageScanner.obj
 0001:00003cb8       ?AtlInternalOleLoadFromStream@ATL@@YAJPAUIStream@@ABU_GUID@@PAPAXTClassesAllowedInStream@1@K@Z 10004cb8 f i ImageScanner.obj
 0001:00003de1       ?AtlInternalQueryInterface@ATL@@YGJPAXPBU_ATL_INTMAP_ENTRY@1@ABU_GUID@@PAPAX@Z 10004de1 f i ImageScanner.obj
 0001:00003e84       ?AtlLoadTypeLib@ATL@@YGJPAUHINSTANCE__@@PB_WPAPA_WPAPAUITypeLib@@@Z 10004e84 f i ImageScanner.obj
 0001:00004062       ?AtlRegisterClassCategoriesHelper@ATL@@YGJABU_GUID@@PBU_ATL_CATMAP_ENTRY@1@H@Z 10005062 f i ImageScanner.obj
 0001:0000435e       ?AtlRegisterTypeLib@ATL@@YGJPAUHINSTANCE__@@PB_W@Z 1000535e f i ImageScanner.obj
 0001:000044e6       ?AtlThrowImpl@ATL@@YGXJ@Z  100054e6 f i ImageScanner.obj
 0001:00004504       ?AtlUnRegisterTypeLib@ATL@@YGJPAUHINSTANCE__@@PB_W@Z 10005504 f i ImageScanner.obj
 0001:000045af       ?AtlWinModuleAddCreateWndData@ATL@@YGXPAU_ATL_WIN_MODULE70@1@PAU_AtlCreateWndData@1@PAX@Z 100055af f i ImageScanner.obj
 0001:00004603       ?AtlWinModuleExtractCreateWndData@ATL@@YGPAXPAU_ATL_WIN_MODULE70@1@@Z 10005603 f i ImageScanner.obj
 0001:00004667       ?AtlWinModuleRegisterClassExW@ATL@@YGGPAU_ATL_WIN_MODULE70@1@PBUtagWNDCLASSEXW@@@Z 10005667 f i ImageScanner.obj
 0001:000046a6       ?CanForceRemoveKey@CRegParser@ATL@@IAEHPB_W@Z 100056a6 f i ImageScanner.obj
 0001:000046d5       ?ChToByte@CRegParser@ATL@@KAE_W@Z 100056d5 f i ImageScanner.obj
 0001:0000475d       ?Cleanup@CComTypeInfoHolder@ATL@@SGXK@Z 1000575d f i ImageScanner.obj
 0001:00004790       ?ClearReplacements@CExpansionVector@ATL@@QAEJXZ 10005790 f i ImageScanner.obj
 0001:000047cd       ?Close@CRegKey@ATL@@QAEJXZ 100057cd f i ImageScanner.obj
 0001:000047e7       ?CreateInstance@?$CComCreator@V?$CComAggObject@VCOPOSImageScanner@@@ATL@@@ATL@@SGJPAXABU_GUID@@PAPAX@Z 100057e7 f i ImageScanner.obj
 0001:0000485c       ?CreateInstance@?$CComCreator@V?$CComObject@VCOPOSImageScanner@@@ATL@@@ATL@@SGJPAXABU_GUID@@PAPAX@Z 1000585c f i ImageScanner.obj
 0001:000048e5       ?CreateInstance@?$CComObject@V?$CComEnum@UIEnumConnectionPoints@@$1?_GUID_b196b285_bab4_101a_b69c_00aa00341d07@@3U__s_GUID@@BPAUIConnectionPoint@@V?$_CopyInterface@UIConnectionPoint@@@ATL@@VCComSingleThreadModel@6@@ATL@@@ATL@@SGJPAPAV12@@Z 100058e5 f i ImageScanner.obj
 0001:0000492f       ?CreateInstance@?$CComObject@V?$CComEnum@UIEnumConnections@@$1?_GUID_b196b287_bab4_101a_b69c_00aa00341d07@@3U__s_GUID@@BUtagCONNECTDATA@@V?$_Copy@UtagCONNECTDATA@@@ATL@@VCComSingleThreadModel@6@@ATL@@@ATL@@SGJPAPAV12@@Z 1000592f f i ImageScanner.obj
 0001:00004979       ?DefaultReflectionHandler@?$CWindowImplRoot@VCWindow@ATL@@@ATL@@SAHPAUHWND__@@IIJAAJ@Z 10005979 f i ImageScanner.obj
 0001:00004a19       ?DeleteSubKey@CRegKey@ATL@@QAEJPB_W@Z 10005a19 f i ImageScanner.obj
 0001:00004a92       ?DoEvent@COPOSImageScanner@@IAEXIIJ@Z 10005a92 f i ImageScanner.obj
 0001:00004b12       ?DoVerbHide@?$IOleObjectImpl@VCOPOSImageScanner@@@ATL@@QAEJPBUtagRECT@@PAUHWND__@@@Z 10005b12 f i ImageScanner.obj
 0001:00004b48       ?DoVerbInPlaceActivate@?$IOleObjectImpl@VCOPOSImageScanner@@@ATL@@QAEJPBUtagRECT@@PAUHWND__@@@Z 10005b48 f i ImageScanner.obj
 0001:00004b7b       ?DoVerbPrimary@?$IOleObjectImpl@VCOPOSImageScanner@@@ATL@@QAEJPBUtagRECT@@PAUHWND__@@@Z 10005b7b f i ImageScanner.obj
 0001:00004c07       ?DoVerbProperties@CComControlBase@ATL@@QAEJPBUtagRECT@@PAUHWND__@@@Z 10005c07 f i ImageScanner.obj
 0001:00004d86       ?DoVerbUIActivate@?$IOleObjectImpl@VCOPOSImageScanner@@@ATL@@QAEJPBUtagRECT@@PAUHWND__@@@Z 10005d86 f i ImageScanner.obj
 0001:00004dc3       ?DoesVerbActivate@CComControlBase@ATL@@QAEHJ@Z 10005dc3 f i ImageScanner.obj
 0001:00004de7       ?DoesVerbUIActivate@CComControlBase@ATL@@QAEHJ@Z 10005de7 f i ImageScanner.obj
 0001:00004e1c       ?EndOfVar@CRegParser@ATL@@IAEHXZ 10005e1c f i ImageScanner.obj
 0001:00004e3c       ?EscapeSingleQuote@CAtlModule@ATL@@SAXPA_WIPB_W@Z 10005e3c f i ImageScanner.obj
 0001:00004e8b       ?FindKey@?$CSimpleMap@PA_WPA_WVCExpansionVectorEqualHelper@ATL@@@ATL@@QBEHABQA_W@Z 10005e8b f i ImageScanner.obj
 0001:00004ec2       ?FireTheEvent@?$CProxy_IOPOSEvents@VCOPOSImageScanner@@@@IAEXPAVOposVariant@@IAAJPB_WJ@Z 10005ec2 f i ImageScanner.obj
 0001:00004f54       ?FireViewChange@CComControlBase@ATL@@QAEJXZ 10005f54 f i ImageScanner.obj
 0001:00004f9d       ?Fire_DataEvent@?$CProxy_IOPOSEvents@VCOPOSImageScanner@@@@QAEXJ@Z 10005f9d f i ImageScanner.obj
 0001:00005033       ?Fire_DirectIOEvent@?$CProxy_IOPOSEvents@VCOPOSImageScanner@@@@QAEXJPAJPAPA_W@Z 10006033 f i ImageScanner.obj
 0001:0000511f       ?Fire_ErrorEvent@?$CProxy_IOPOSEvents@VCOPOSImageScanner@@@@QAEXJJJPAJ@Z 1000611f f i ImageScanner.obj
 0001:00005210       ?Fire_StatusUpdateEvent@?$CProxy_IOPOSEvents@VCOPOSImageScanner@@@@QAEXJ@Z 10006210 f i ImageScanner.obj
 0001:000052a6       ?FreeHeap@?$CTempBuffer@E$0BAA@VCCRTAllocator@ATL@@@ATL@@AAEXXZ 100062a6 f i ImageScanner.obj
 0001:000052a6       ?FreeHeap@?$CTempBuffer@_W$0EAA@VCCRTAllocator@ATL@@@ATL@@AAEXXZ 100062a6 f i ImageScanner.obj
 0001:000052a6       ?FreeHeap@?$CTempBuffer@_W$0BAA@VCCRTAllocator@ATL@@@ATL@@AAEXXZ 100062a6 f i ImageScanner.obj
 0001:000052af       ?GetAmbientLocaleID@CComControlBase@ATL@@QAEJAAK@Z 100062af f i ImageScanner.obj
 0001:0000530b       ?GetAmbientUserMode@CComControlBase@ATL@@QAEJAAH@Z 1000630b f i ImageScanner.obj
 0001:0000537b       ?GetAt@CComDynamicUnkArray@ATL@@QAEPAUIUnknown@@H@Z 1000637b f i ImageScanner.obj
 0001:00005397       ?GetClassObject@CComModule@ATL@@QAEJABU_GUID@@0PAPAX@Z 10006397 f i ImageScanner.obj
 0001:00005439       ?GetConnMap@COPOSImageScanner@@SAPBU_ATL_CONNMAP_ENTRY@ATL@@PAH@Z 10006439 f i ImageScanner.obj
 0001:000054a9       ?GetCookie@CComDynamicUnkArray@ATL@@QAGKPAPAUIUnknown@@@Z 100064a9 f i ImageScanner.obj
 0001:000054e1       ?GetIDsOfNames@CComTypeInfoHolder@ATL@@QAEJABU_GUID@@PAPA_WIKPAJ@Z 100064e1 f i ImageScanner.obj
 0001:00005601       ?GetKeyAt@?$CSimpleMap@PA_WPA_WVCExpansionVectorEqualHelper@ATL@@@ATL@@QBEAAPA_WH@Z 10006601 f i ImageScanner.obj
 0001:00005626       ?GetPagesHelper@?$ISpecifyPropertyPagesImpl@VCOPOSImageScanner@@@ATL@@IAEJPAUtagCAUUID@@PBUATL_PROPMAP_ENTRY@2@@Z 10006626 f i ImageScanner.obj
 0001:0000574d       ?GetProperty@?$CComPtr@UIDispatch@@@ATL@@SAJPAUIDispatch@@JPAUtagVARIANT@@@Z 1000674d f i ImageScanner.obj
 0001:0000579c       ?GetSizeMax@CComVariant@ATL@@QBEJPAT_ULARGE_INTEGER@@@Z 1000679c f i ImageScanner.obj
 0001:0000595e       ?GetTI@CComTypeInfoHolder@ATL@@QAEJK@Z 1000695e f i ImageScanner.obj
 0001:00005b3e       ?GetTI@CComTypeInfoHolder@ATL@@QAEJKPAPAUITypeInfo@@@Z 10006b3e f i ImageScanner.obj
 0001:00005b7c       ?GetUnknown@CComDynamicUnkArray@ATL@@QAGPAUIUnknown@@K@Z 10006b7c f i ImageScanner.obj
 0001:00005b9d       ?GetValueAt@?$CSimpleMap@PA_WPA_WVCExpansionVectorEqualHelper@ATL@@@ATL@@QBEAAPA_WH@Z 10006b9d f i ImageScanner.obj
 0001:00005bc3       ?GetZoomInfo@CComControlBase@ATL@@QAEXAAUATL_DRAWINFO@@@Z 10006bc3 f i ImageScanner.obj
 0001:00005c56       ?HKeyFromString@CRegParser@ATL@@KAPAUHKEY__@@PA_W@Z 10006c56 f i ImageScanner.obj
 0001:00005c84       ?HasSubKeys@CRegParser@ATL@@IAEHPAUHKEY__@@@Z 10006c84 f i ImageScanner.obj
 0001:00005cb9       ?IDataObject_GetData@CComControlBase@ATL@@QAEJPAUtagFORMATETC@@PAUtagSTGMEDIUM@@@Z 10006cb9 f i ImageScanner.obj
 0001:00005e5b       ?IOleInPlaceObject_InPlaceDeactivate@CComControlBase@ATL@@QAEJXZ 10006e5b f i ImageScanner.obj
 0001:00005ee2       ?IOleInPlaceObject_SetObjectRects@CComControlBase@ATL@@QAEJPBUtagRECT@@0@Z 10006ee2 f i ImageScanner.obj
 0001:00005faf       ?IOleInPlaceObject_UIDeactivate@CComControlBase@ATL@@QAEJXZ 10006faf f i ImageScanner.obj
 0001:00006071       ?IOleObject_Advise@CComControlBase@ATL@@QAEJPAUIAdviseSink@@PAK@Z 10007071 f i ImageScanner.obj
 0001:0000609b       ?IOleObject_Close@CComControlBase@ATL@@QAEJK@Z 1000709b f i ImageScanner.obj
 0001:0000617f       ?IOleObject_GetClientSite@CComControlBase@ATL@@QAEJPAPAUIOleClientSite@@@Z 1000717f f i ImageScanner.obj
 0001:000061a8       ?IOleObject_SetClientSite@CComControlBase@ATL@@QAEJPAUIOleClientSite@@@Z 100071a8 f i ImageScanner.obj
 0001:000061e7       ?IOleObject_SetExtent@CComControlBase@ATL@@QAEJKPAUtagSIZE@@@Z 100071e7 f i ImageScanner.obj
 0001:00006299       ?IPSI_GetIPersistStreamInit@?$IPersistStorageImpl@VCOPOSImageScanner@@@ATL@@AAEPAUIPersistStreamInit@@XZ 10007299 f i ImageScanner.obj
 0001:00006341       ?IPersistStreamInit_Load@?$IPersistStreamInitImpl@VCOPOSImageScanner@@@ATL@@QAEJPAUIStream@@PBUATL_PROPMAP_ENTRY@2@@Z 10007341 f i ImageScanner.obj
 0001:000065b7       ?IPersistStreamInit_Save@?$IPersistStreamInitImpl@VCOPOSImageScanner@@@ATL@@QAEJPAUIStream@@HPBUATL_PROPMAP_ENTRY@2@@Z 100075b7 f i ImageScanner.obj
 0001:000067a6       ?IQuickActivate_QuickActivate@CComControlBase@ATL@@QAEJPAUtagQACONTAINER@@PAUtagQACONTROL@@@Z 100077a6 f i ImageScanner.obj
 0001:000069e8       ?IViewObject_Draw@CComControlBase@ATL@@QAEJKJPAXPAUtagDVTARGETDEVICE@@PAUHDC__@@2PBU_RECTL@@3@Z 100079e8 f i ImageScanner.obj
 0001:00006a90       ?InPlaceActivate@CComControlBase@ATL@@QAEJJPBUtagRECT@@@Z 10007a90 f i ImageScanner.obj
 0001:00006d02       ?Init@?$CComEnumImpl@UIEnumConnectionPoints@@$1?_GUID_b196b285_bab4_101a_b69c_00aa00341d07@@3U__s_GUID@@BPAUIConnectionPoint@@V?$_CopyInterface@UIConnectionPoint@@@ATL@@@ATL@@QAEJPAPAUIConnectionPoint@@0PAUIUnknown@@W4CComEnumFlags@2@@Z 10007d02 f i ImageScanner.obj
 0001:00006dde       ?Init@?$CComEnumImpl@UIEnumConnections@@$1?_GUID_b196b287_bab4_101a_b69c_00aa00341d07@@3U__s_GUID@@BUtagCONNECTDATA@@V?$_Copy@UtagCONNECTDATA@@@ATL@@@ATL@@QAEJPAUtagCONNECTDATA@@0PAUIUnknown@@W4CComEnumFlags@2@@Z 10007dde f i ImageScanner.obj
 0001:00006eba       ?Init@CComModule@ATL@@QAEJPAU_ATL_OBJMAP_ENTRY30@2@PAUHINSTANCE__@@PBU_GUID@@@Z 10007eba f i ImageScanner.obj
 0001:00006f19       ?Init@CDynamicStdCallThunk2@ATL@@QAEHKPAX@Z 10007f19 f i ImageScanner.obj
 0001:00006f44       ?InlineIsEqualUnknown@ATL@@YGHABU_GUID@@@Z 10007f44 f i ImageScanner.obj
 0001:00006f6c       ?InternalSetAtIndex@?$CSimpleMap@PA_WPA_WVCExpansionVectorEqualHelper@ATL@@@ATL@@QAEXHABQA_W0@Z 10007f6c f i ImageScanner.obj
 0001:00006f96       ?Invoke@CComTypeInfoHolder@ATL@@QAEJPAUIDispatch@@JABU_GUID@@KGPAUtagDISPPARAMS@@PAUtagVARIANT@@PAUtagEXCEPINFO@@PAI@Z 10007f96 f i ImageScanner.obj
 0001:00006fd7       ?IsEqualObject@?$CComPtrBase@UITypeInfo@@@ATL@@QAE_NPAUIUnknown@@@Z 10007fd7 f i ImageScanner.obj
 0001:00006fd7       ?IsEqualObject@?$CComPtrBase@UIOleClientSite@@@ATL@@QAE_NPAUIUnknown@@@Z 10007fd7 f i ImageScanner.obj
 0001:00007043       ?IsSpace@CRegParser@ATL@@IAEH_W@Z 10008043 f i ImageScanner.obj
 0001:00007069       ?LoadNameCache@CComTypeInfoHolder@ATL@@QAEJPAUITypeInfo@@@Z 10008069 f i ImageScanner.obj
 0001:0000719e       ?Lookup@?$CSimpleMap@PA_WPA_WVCExpansionVectorEqualHelper@ATL@@@ATL@@QBEPA_WABQA_W@Z 1000819e f i ImageScanner.obj
 0001:000071c4       ?NextToken@CRegParser@ATL@@IAEJPA_W@Z 100081c4 f i ImageScanner.obj
 0001:000072f3       ?OnKillFocus@CComControlBase@ATL@@QAEJIIJAAH@Z 100082f3 f i ImageScanner.obj
 0001:0000734e       ?OnMouseActivate@CComControlBase@ATL@@QAEJIIJAAH@Z 1000834e f i ImageScanner.obj
 0001:000073bc       ?OnPaint@CComControlBase@ATL@@QAEJIIJAAH@Z 100083bc f i ImageScanner.obj
 0001:00007473       ?OnSetFocus@CComControlBase@ATL@@QAEJIIJAAH@Z 10008473 f i ImageScanner.obj
 0001:000074fe       ?Open@CRegKey@ATL@@QAEJPAUHKEY__@@PB_WK@Z 100084fe f i ImageScanner.obj
 0001:00007553       ?PreProcessBuffer@CRegParser@ATL@@QAEJPA_WPAPA_W@Z 10008553 f i ImageScanner.obj
 0001:000077c3       ?ProcessWindowMessage@?$CComControl@VCOPOSImageScanner@@V?$CWindowImpl@VCOPOSImageScanner@@VCWindow@ATL@@V?$CWinTraits@$0FGAAAAAA@$0A@@3@@ATL@@@ATL@@UAEHPAUHWND__@@IIJAAJK@Z 100087c3 f i ImageScanner.obj
 0001:0000786b       ?ReadFromStream@CComBSTR@ATL@@QAEJPAUIStream@@@Z 1000886b f i ImageScanner.obj
 0001:0000798e       ?ReadFromStream@CComVariant@ATL@@QAEJPAUIStream@@GTClassesAllowedInStream@2@K@Z 1000898e f i ImageScanner.obj
 0001:00007b18       ?RecurseDeleteKey@CRegKey@ATL@@QAEJPB_W@Z 10008b18 f i ImageScanner.obj
 0001:00007c06       ?RegCreateKeyExW@CAtlTransactionManager@ATL@@QAEJPAUHKEY__@@PB_WKPA_WKKQAU_SECURITY_ATTRIBUTES@@PAPAU3@PAK@Z 10008c06 f i ImageScanner.obj
 0001:00007c69       ?RegDeleteKeyW@CAtlTransactionManager@ATL@@QAEJPAUHKEY__@@PB_W@Z 10008c69 f i ImageScanner.obj
 0001:00007cbb       ?RegOpenKeyExW@CAtlTransactionManager@ATL@@QAEJPAUHKEY__@@PB_WKKPAPAU3@@Z 10008cbb f i ImageScanner.obj
 0001:00007d12       ?Register@_ATL_WNDCLASSINFOW@ATL@@QAEGPAP6GJPAUHWND__@@IIJ@Z@Z 10008d12 f i ImageScanner.obj
 0001:00007d32       ?RegisterBuffer@CRegParser@ATL@@QAEJPA_WH@Z 10008d32 f i ImageScanner.obj
 0001:00007e79       ?RegisterFromResource@CRegObject@ATL@@IAEJPB_W00H@Z 10008e79 f i ImageScanner.obj
 0001:00007faf       ?RegisterServer@?$CAtlModuleT@VCComModule@ATL@@@ATL@@QAEJHPBU_GUID@@@Z 10008faf f i ImageScanner.obj
 0001:00007fdd       ?RegisterServer@CComModule@ATL@@QAEJHPBU_GUID@@@Z 10008fdd f i ImageScanner.obj
 0001:0000804e       ?RegisterSubkeys@CRegParser@ATL@@IAEJPA_WPAUHKEY__@@HH@Z 1000904e f i ImageScanner.obj
 0001:000086aa       ?Remove@CComDynamicUnkArray@ATL@@QAEHK@Z 100096aa f i ImageScanner.obj
 0001:000086d3       ?RemoveAll@?$CSimpleMap@PA_WPA_WVCExpansionVectorEqualHelper@ATL@@@ATL@@QAEXXZ 100096d3 f i ImageScanner.obj
 0001:000086ff       ?ResourceRegisterSz@CRegObject@ATL@@QAGJPB_W00@Z 100096ff f i ImageScanner.obj
 0001:0000872c       ?ResourceUnregisterSz@CRegObject@ATL@@QAGJPB_W00@Z 1000972c f i ImageScanner.obj
 0001:00008759       ?SendOnDataChange@CComControlBase@ATL@@QAEJK@Z 10009759 f i ImageScanner.obj
 0001:000087a6       ?SetControlFocus@CComControlBase@ATL@@QAEHH@Z 100097a6 f i ImageScanner.obj
 0001:00008841       ?SetMultiStringValue@CRegKey@ATL@@QAEJPB_W0@Z 10009841 f i ImageScanner.obj
 0001:0000889d       ?SetStringValue@CRegKey@ATL@@QAEJPB_W0K@Z 1000989d f i ImageScanner.obj
 0001:000088e6       ?SkipAssignment@CRegParser@ATL@@IAEJPA_W@Z 100098e6 f i ImageScanner.obj
 0001:00008952       ?SkipWhiteSpace@CRegParser@ATL@@IAEXXZ 10009952 f i ImageScanner.obj
 0001:0000897b       ?StrChrW@CRegParser@ATL@@KAPA_WPA_W_W@Z 1000997b f i ImageScanner.obj
 0001:000089b8       ?Term@CAtlModule@ATL@@QAEXXZ 100099b8 f i ImageScanner.obj
 0001:00008a35       ?Term@CComModule@ATL@@QAEXXZ 10009a35 f i ImageScanner.obj
 0001:00008a8d       ?UnregisterServer@?$CAtlModuleT@VCComModule@ATL@@@ATL@@QAEJHPBU_GUID@@@Z 10009a8d f i ImageScanner.obj
 0001:00008ab3       ?UnregisterServer@CComModule@ATL@@QAEJHPBU_GUID@@@Z 10009ab3 f i ImageScanner.obj
 0001:00008b24       ?UpdateRegistryFromResource@CAtlModule@ATL@@QAGJIHPAU_ATL_REGMAP_ENTRY@2@@Z 10009b24 f i ImageScanner.obj
 0001:00008cef       ?UpdateRegistryFromResource@CAtlModule@ATL@@QAGJPB_WHPAU_ATL_REGMAP_ENTRY@2@@Z 10009cef f i ImageScanner.obj
 0001:00008ec0       ?VTFromRegType@CRegParser@ATL@@KAHPB_WAAG@Z 10009ec0 f i ImageScanner.obj
 0001:00008f2d       ?WindowProc@?$CWindowImplBaseT@VCWindow@ATL@@V?$CWinTraits@$0FGAAAAAA@$0A@@2@@ATL@@SGJPAUHWND__@@IIJ@Z 10009f2d f i ImageScanner.obj
 0001:0000901b       ?WriteToStream@CComBSTR@ATL@@QAEJPAUIStream@@@Z 1000a01b f i ImageScanner.obj
 0001:0000907d       ?WriteToStream@CComVariant@ATL@@QAEJPAUIStream@@@Z 1000a07d f i ImageScanner.obj
 0001:000091f7       ?WriteToStream@CComVariant@ATL@@QAEJPAUIStream@@G@Z 1000a1f7 f i ImageScanner.obj
 0001:00009260       ?_AtlInitialConstruct@?$CComObjectRootEx@VCComMultiThreadModel@ATL@@@ATL@@QAEJXZ 1000a260 f i ImageScanner.obj
 0001:00009275       ?_AtlVerifyStackAvailable@_ATL_SAFE_ALLOCA_IMPL@ATL@@YA_NK@Z 1000a275 f i ImageScanner.obj
 0001:000092f3       ?atlCreate@?$CWindowImpl@VCOPOSImageScanner@@VCWindow@ATL@@V?$CWinTraits@$0FGAAAAAA@$0A@@3@@ATL@@QAEPAUHWND__@@PAU3@V_U_RECT@2@PB_WKKV_U_MENUorID@2@PAX@Z 1000a2f3 f i ImageScanner.obj
 0001:0000933e       ?atlCreate@?$CWindowImplBaseT@VCWindow@ATL@@V?$CWinTraits@$0FGAAAAAA@$0A@@2@@ATL@@QAEPAUHWND__@@PAU3@V_U_RECT@2@PB_WKKV_U_MENUorID@2@GPAX@Z 1000a33e f i ImageScanner.obj
 0001:000093da       ?copy@?$_Copy@UtagCONNECTDATA@@@ATL@@SAJPAUtagCONNECTDATA@@PBU3@@Z 1000a3da f i ImageScanner.obj
 0001:00009410       ?copy@?$_CopyInterface@UIConnectionPoint@@@ATL@@SAJPAPAUIConnectionPoint@@PBQAU3@@Z 1000a410 f i ImageScanner.obj
 0001:0000943e       ?memcpy_s@Checked@ATL@@YAXPAXIPBXI@Z 1000a43e f i ImageScanner.obj
 0001:0000945d       ?ocscpy_s@@YA_NPA_WIPB_W@Z 1000a45d f i ImageScanner.obj
 0001:000094a7       ?wcscpy_s@Checked@ATL@@YAXPA_WIPB_W@Z 1000a4a7 f i ImageScanner.obj
 0001:000094c3       _DllCanUnloadNow@0         1000a4c3 f   ImageScanner.obj
 0001:000094cf       _DllGetClassObject@12      1000a4cf f   ImageScanner.obj
 0001:000094dd       _DllMain@12                1000a4dd f   ImageScanner.obj
 0001:0000951f       _DllRegisterServer@0       1000a51f f   ImageScanner.obj
 0001:0000952e       _DllUnregisterServer@0     1000a52e f   ImageScanner.obj
 0001:0000953d       _InlineIsEqualGUID         1000a53d f i ImageScanner.obj
 0001:0000956d       ___local_stdio_printf_options 1000a56d f i ImageScanner.obj
 0001:00009573       __vswprintf_s_l            1000a573 f i ImageScanner.obj
 0001:00009620       _swprintf_s                1000a620 f i ImageScanner.obj
 0001:0000963c       ??0?$CComControl@VCOPOSImageScanner@@V?$CWindowImpl@VCOPOSImageScanner@@VCWindow@ATL@@V?$CWinTraits@$0FGAAAAAA@$0A@@3@@ATL@@@ATL@@QAE@XZ 1000a63c f i ImageScannerImpl.obj
 0001:00009663       ??0?$CProxy_IOPOSEvents@VCOPOSImageScanner@@@@QAE@XZ 1000a663 f i ImageScannerImpl.obj
 0001:00009683       ??0CComControlBase@ATL@@QAE@AAPAUHWND__@@@Z 1000a683 f i ImageScannerImpl.obj
 0001:000096d3       ??0COPOSImageScanner@@QAE@XZ 1000a6d3 f   ImageScannerImpl.obj
 0001:00009709       ??1?$CComControl@VCOPOSImageScanner@@V?$CWindowImpl@VCOPOSImageScanner@@VCWindow@ATL@@V?$CWinTraits@$0FGAAAAAA@$0A@@3@@ATL@@@ATL@@UAE@XZ 1000a709 f i ImageScannerImpl.obj
 0001:00009722       ??1?$IConnectionPointImpl@VCOPOSImageScanner@@$1?IID_IPropertyNotifySink@@3U_GUID@@BVCComDynamicUnkArray@ATL@@@ATL@@QAE@XZ 1000a722 f i ImageScannerImpl.obj
 0001:00009722       ??1?$IConnectionPointImpl@VCOPOSImageScanner@@$1?DIID__IOPOSImageScannerEvents@@3U_GUID@@BVCComDynamicUnkArray@ATL@@@ATL@@QAE@XZ 1000a722 f i ImageScannerImpl.obj
 0001:0000975f       ??1CComControlBase@ATL@@UAE@XZ 1000a75f f i ImageScannerImpl.obj
 0001:000097c2       ??1COPOSImageScanner@@UAE@XZ 1000a7c2 f   ImageScannerImpl.obj
 0001:0000980a       ?CheckHealth@COPOSImageScanner@@UAGJJPAJ@Z 1000a80a f   ImageScannerImpl.obj
 0001:00009859       ?ClaimDevice@COPOSImageScanner@@UAGJJPAJ@Z 1000a859 f   ImageScannerImpl.obj
 0001:000098ce       ?ClearInput@COPOSImageScanner@@UAGJPAJ@Z 1000a8ce f   ImageScannerImpl.obj
 0001:000098e9       ?ClearInputProperties@COPOSImageScanner@@UAGJPAJ@Z 1000a8e9 f   ImageScannerImpl.obj
 0001:00009904       ?Close@COPOSImageScanner@@UAGJPAJ@Z 1000a904 f   ImageScannerImpl.obj
 0001:00009972       ?CompareFirmwareVersion@COPOSImageScanner@@UAGJPA_WPAJ1@Z 1000a972 f   ImageScannerImpl.obj
 0001:000099f2       ?DirectIO@COPOSImageScanner@@UAGJJPAJPAPA_W0@Z 1000a9f2 f   ImageScannerImpl.obj
 0001:00009aa0       ?DoInvoke@COPOSImageScanner@@IAEJJPAVOposVariant@@IHPAJ_N@Z 1000aaa0 f   ImageScannerImpl.obj
 0001:00009b7c       ?EventClose@COPOSImageScanner@@IAEXXZ 1000ab7c f i ImageScannerImpl.obj
 0001:00009baf       ?EventInit@COPOSImageScanner@@IAEJXZ 1000abaf f i ImageScannerImpl.obj
 0001:00009c83       ?EventUninit@COPOSImageScanner@@IAEXXZ 1000ac83 f i ImageScannerImpl.obj
 0001:00009cd5       ?EventWindowProc@COPOSImageScanner@@IAGJIIJ@Z 1000acd5 f i ImageScannerImpl.obj
 0001:00009da9       ?FinalConstruct@COPOSImageScanner@@QAEJXZ 1000ada9 f   ImageScannerImpl.obj
 0001:00009de2       ?FireEventCleanup@COPOSImageScanner@@IAEXXZ 1000ade2 f i ImageScannerImpl.obj
 0001:00009df8       ?FireEventSetup@COPOSImageScanner@@IAE_NXZ 1000adf8 f i ImageScannerImpl.obj
 0001:00009e2c       ?FreezeEvents@COPOSImageScanner@@MAGJH@Z 1000ae2c f   ImageScannerImpl.obj
 0001:00009e85       ?GetOposProp@COPOSImageScanner@@IAEJJPAFJ@Z 1000ae85 f   ImageScannerImpl.obj
 0001:00009ea8       ?GetOposProp@COPOSImageScanner@@IAEJJPAJJ@Z 1000aea8 f   ImageScannerImpl.obj
 0001:00009f77       ?GetOposProp@COPOSImageScanner@@IAEJJPAPA_WJ@Z 1000af77 f   ImageScannerImpl.obj
 0001:0000a053       ?OnDraw@COPOSImageScanner@@MAEJAAUATL_DRAWINFO@@@Z 1000b053 f   ImageScannerImpl.obj
 0001:0000a0f3       ?Open@COPOSImageScanner@@UAGJPA_WPAJ@Z 1000b0f3 f   ImageScannerImpl.obj
 0001:0000a92e       ?ReleaseDevice@COPOSImageScanner@@UAGJPAJ@Z 1000b92e f   ImageScannerImpl.obj
 0001:0000a97d       ?ResetStatistics@COPOSImageScanner@@UAGJPA_WPAJ@Z 1000b97d f   ImageScannerImpl.obj
 0001:0000a9d4       ?RetrieveStatistics@COPOSImageScanner@@UAGJPAPA_WPAJ@Z 1000b9d4 f   ImageScannerImpl.obj
 0001:0000aa2b       ?SOProcessID@COPOSImageScanner@@UAGJPAJ@Z 1000ba2b f   ImageScannerImpl.obj
 0001:0000aa3f       ?SetCOFreezeEvents@COPOSImageScanner@@IAEXF@Z 1000ba3f f   ImageScannerImpl.obj
 0001:0000aadf       ?SetOposProp@COPOSImageScanner@@IAEJJJJ@Z 1000badf f   ImageScannerImpl.obj
 0001:0000abd6       ?StartSession@COPOSImageScanner@@UAGJPAJ@Z 1000bbd6 f   ImageScannerImpl.obj
 0001:0000abf1       ?StopSession@COPOSImageScanner@@UAGJPAJ@Z 1000bbf1 f   ImageScannerImpl.obj
 0001:0000ac0c       ?UpdateFirmware@COPOSImageScanner@@UAGJPA_WPAJ@Z 1000bc0c f   ImageScannerImpl.obj
 0001:0000ac63       ?UpdateStatistics@COPOSImageScanner@@UAGJPA_WPAJ@Z 1000bc63 f   ImageScannerImpl.obj
 0001:0000acba       ?get_AimMode@COPOSImageScanner@@UAGJPAF@Z 1000bcba f   ImageScannerImpl.obj
 0001:0000acd3       ?get_AutoDisable@COPOSImageScanner@@UAGJPAF@Z 1000bcd3 f   ImageScannerImpl.obj
 0001:0000ace9       ?get_BinaryConversion@COPOSImageScanner@@UAGJPAJ@Z 1000bce9 f   ImageScannerImpl.obj
 0001:0000acff       ?get_BitsPerPixel@COPOSImageScanner@@UAGJPAJ@Z 1000bcff f   ImageScannerImpl.obj
 0001:0000ad18       ?get_CapAim@COPOSImageScanner@@UAGJPAF@Z 1000bd18 f   ImageScannerImpl.obj
 0001:0000ad31       ?get_CapCompareFirmwareVersion@COPOSImageScanner@@UAGJPAF@Z 1000bd31 f   ImageScannerImpl.obj
 0001:0000ad4a       ?get_CapDecodeData@COPOSImageScanner@@UAGJPAF@Z 1000bd4a f   ImageScannerImpl.obj
 0001:0000ad63       ?get_CapHostTriggered@COPOSImageScanner@@UAGJPAF@Z 1000bd63 f   ImageScannerImpl.obj
 0001:0000ad7c       ?get_CapIlluminate@COPOSImageScanner@@UAGJPAF@Z 1000bd7c f   ImageScannerImpl.obj
 0001:0000ad95       ?get_CapImageData@COPOSImageScanner@@UAGJPAF@Z 1000bd95 f   ImageScannerImpl.obj
 0001:0000adae       ?get_CapImageQuality@COPOSImageScanner@@UAGJPAF@Z 1000bdae f   ImageScannerImpl.obj
 0001:0000adc7       ?get_CapPowerReporting@COPOSImageScanner@@UAGJPAJ@Z 1000bdc7 f   ImageScannerImpl.obj
 0001:0000ade0       ?get_CapStatisticsReporting@COPOSImageScanner@@UAGJPAF@Z 1000bde0 f   ImageScannerImpl.obj
 0001:0000adf9       ?get_CapUpdateFirmware@COPOSImageScanner@@UAGJPAF@Z 1000bdf9 f   ImageScannerImpl.obj
 0001:0000ae12       ?get_CapUpdateStatistics@COPOSImageScanner@@UAGJPAF@Z 1000be12 f   ImageScannerImpl.obj
 0001:0000ae2b       ?get_CapVideoData@COPOSImageScanner@@UAGJPAF@Z 1000be2b f   ImageScannerImpl.obj
 0001:0000ae44       ?get_CheckHealthText@COPOSImageScanner@@UAGJPAPA_W@Z 1000be44 f   ImageScannerImpl.obj
 0001:0000ae5d       ?get_Claimed@COPOSImageScanner@@UAGJPAF@Z 1000be5d f   ImageScannerImpl.obj
 0001:0000ae73       ?get_ControlObjectDescription@COPOSImageScanner@@UAGJPAPA_W@Z 1000be73 f   ImageScannerImpl.obj
 0001:0000aec1       ?get_ControlObjectVersion@COPOSImageScanner@@UAGJPAJ@Z 1000bec1 f   ImageScannerImpl.obj
 0001:0000aed4       ?get_DataCount@COPOSImageScanner@@UAGJPAJ@Z 1000bed4 f   ImageScannerImpl.obj
 0001:0000aeea       ?get_DataEventEnabled@COPOSImageScanner@@UAGJPAF@Z 1000beea f   ImageScannerImpl.obj
 0001:0000af00       ?get_DeviceDescription@COPOSImageScanner@@UAGJPAPA_W@Z 1000bf00 f   ImageScannerImpl.obj
 0001:0000af19       ?get_DeviceEnabled@COPOSImageScanner@@UAGJPAF@Z 1000bf19 f   ImageScannerImpl.obj
 0001:0000af2f       ?get_DeviceName@COPOSImageScanner@@UAGJPAPA_W@Z 1000bf2f f   ImageScannerImpl.obj
 0001:0000af48       ?get_FrameData@COPOSImageScanner@@UAGJPAPA_W@Z 1000bf48 f   ImageScannerImpl.obj
 0001:0000af61       ?get_FrameType@COPOSImageScanner@@UAGJPAJ@Z 1000bf61 f   ImageScannerImpl.obj
 0001:0000af7a       ?get_FreezeEvents@COPOSImageScanner@@UAGJPAF@Z 1000bf7a f   ImageScannerImpl.obj
 0001:0000af90       ?get_IlluminateMode@COPOSImageScanner@@UAGJPAF@Z 1000bf90 f   ImageScannerImpl.obj
 0001:0000afa9       ?get_ImageHeight@COPOSImageScanner@@UAGJPAJ@Z 1000bfa9 f   ImageScannerImpl.obj
 0001:0000afc2       ?get_ImageLength@COPOSImageScanner@@UAGJPAJ@Z 1000bfc2 f   ImageScannerImpl.obj
 0001:0000afdb       ?get_ImageMode@COPOSImageScanner@@UAGJPAJ@Z 1000bfdb f   ImageScannerImpl.obj
 0001:0000aff4       ?get_ImageQuality@COPOSImageScanner@@UAGJPAJ@Z 1000bff4 f   ImageScannerImpl.obj
 0001:0000b00d       ?get_ImageType@COPOSImageScanner@@UAGJPAJ@Z 1000c00d f   ImageScannerImpl.obj
 0001:0000b026       ?get_ImageWidth@COPOSImageScanner@@UAGJPAJ@Z 1000c026 f   ImageScannerImpl.obj
 0001:0000b03f       ?get_OpenResult@COPOSImageScanner@@UAGJPAJ@Z 1000c03f f   ImageScannerImpl.obj
 0001:0000b056       ?get_PowerNotify@COPOSImageScanner@@UAGJPAJ@Z 1000c056 f   ImageScannerImpl.obj
 0001:0000b06c       ?get_PowerState@COPOSImageScanner@@UAGJPAJ@Z 1000c06c f   ImageScannerImpl.obj
 0001:0000b082       ?get_ResultCode@COPOSImageScanner@@UAGJPAJ@Z 1000c082 f   ImageScannerImpl.obj
 0001:0000b0c0       ?get_ResultCodeExtended@COPOSImageScanner@@UAGJPAJ@Z 1000c0c0 f   ImageScannerImpl.obj
 0001:0000b0d6       ?get_ServiceObjectDescription@COPOSImageScanner@@UAGJPAPA_W@Z 1000c0d6 f   ImageScannerImpl.obj
 0001:0000b0ef       ?get_ServiceObjectVersion@COPOSImageScanner@@UAGJPAJ@Z 1000c0ef f   ImageScannerImpl.obj
 0001:0000b105       ?get_State@COPOSImageScanner@@UAGJPAJ@Z 1000c105 f   ImageScannerImpl.obj
 0001:0000b131       ?get_VideoCount@COPOSImageScanner@@UAGJPAJ@Z 1000c131 f   ImageScannerImpl.obj
 0001:0000b14a       ?get_VideoRate@COPOSImageScanner@@UAGJPAJ@Z 1000c14a f   ImageScannerImpl.obj
 0001:0000b163       ?put_AimMode@COPOSImageScanner@@UAGJF@Z 1000c163 f   ImageScannerImpl.obj
 0001:0000b183       ?put_AutoDisable@COPOSImageScanner@@UAGJF@Z 1000c183 f   ImageScannerImpl.obj
 0001:0000b1a0       ?put_BinaryConversion@COPOSImageScanner@@UAGJJ@Z 1000c1a0 f   ImageScannerImpl.obj
 0001:0000b1b6       ?put_DataEventEnabled@COPOSImageScanner@@UAGJF@Z 1000c1b6 f   ImageScannerImpl.obj
 0001:0000b1d3       ?put_DeviceEnabled@COPOSImageScanner@@UAGJF@Z 1000c1d3 f   ImageScannerImpl.obj
 0001:0000b1f0       ?put_FreezeEvents@COPOSImageScanner@@UAGJF@Z 1000c1f0 f   ImageScannerImpl.obj
 0001:0000b23c       ?put_IlluminateMode@COPOSImageScanner@@UAGJF@Z 1000c23c f   ImageScannerImpl.obj
 0001:0000b25c       ?put_ImageMode@COPOSImageScanner@@UAGJJ@Z 1000c25c f   ImageScannerImpl.obj
 0001:0000b275       ?put_ImageQuality@COPOSImageScanner@@UAGJJ@Z 1000c275 f   ImageScannerImpl.obj
 0001:0000b28e       ?put_PowerNotify@COPOSImageScanner@@UAGJJ@Z 1000c28e f   ImageScannerImpl.obj
 0001:0000b2a4       ?put_VideoCount@COPOSImageScanner@@UAGJJ@Z 1000c2a4 f   ImageScannerImpl.obj
 0001:0000b2bd       ?put_VideoRate@COPOSImageScanner@@UAGJJ@Z 1000c2bd f   ImageScannerImpl.obj
 0001:0000b2d6       ?s_EventWindowProc@COPOSImageScanner@@KGJPAUHWND__@@IIJ@Z 1000c2d6 f i ImageScannerImpl.obj
 0001:0000b328       ??_U@YAPAXI@Z              1000c328 f   LIBCMT:new_array.obj
 0001:0000b331       ??3@YAXPAXI@Z              1000c331 f   LIBCMT:delete_scalar_size.obj
 0001:0000b33f       ??_V@YAXPAX@Z              1000c33f f   LIBCMT:delete_array.obj
[...]
 0002:00006490       hi_mask                    10026490     libucrt:log10_pentium4.obj
 0002:000064a0       LOG10_2                    100264a0     libucrt:log10_pentium4.obj
 0002:000064b0       place_L                    100264b0     libucrt:log10_pentium4.obj
 0002:000064d0       One                        100264d0     libucrt:log10_pentium4.obj
 0002:000064e0       Zero                       100264e0     libucrt:log10_pentium4.obj
 0002:000064f0       Two52                      100264f0     libucrt:log10_pentium4.obj
 0002:00006500       Infs                       10026500     libucrt:log10_pentium4.obj
 0002:00006510       NaN                        10026510     libucrt:log10_pentium4.obj
 0002:00006520       coeff                      10026520     libucrt:log10_pentium4.obj
 0002:0000657e       _log2max                   1002657e     libucrt:87tran.obj
 0002:00006588       _smallarg                  10026588     libucrt:87tran.obj
 0002:00006592       _half                      10026592     libucrt:87tran.obj
 0002:000065de       One                        100265de     libucrt:87disp.obj
 0002:000065e6       Three                      100265e6     libucrt:87disp.obj
 0002:000065ee       XAMtoTagTab                100265ee     libucrt:87disp.obj
 0002:00006600       One                        10026600     libucrt:common.obj
 0002:00006614       DblMax                     10026614     libucrt:common.obj
 0002:0000661c       DblMin                     1002661c     libucrt:common.obj
 0002:00006624       IeeeAdjO                   10026624     libucrt:common.obj
 0002:0000662c       IeeeAdjU                   1002662c     libucrt:common.obj
 0002:00006634       _infinity                  10026634     libucrt:common.obj
 0002:0000663c       _zero                      1002663c     libucrt:common.obj
 0002:00006688       _over                      10026688     libucrt:fpctrl.obj
 0002:00006694       _under                     10026694     libucrt:fpctrl.obj
 0002:00006ec8       ?_names@?1??_get_fname@@9@4QBU<unnamed-type-_names>@?1??1@YAPADI@Z@B 10026ec8     libucrt:fpexcept.obj
 0002:00007070       two32                      10027070     LIBCMT:ftol2.obj
 0002:00007074       two63                      10027074     LIBCMT:ftol2.obj
 0002:00007078       _NaN                       10027078     LIBCMT:ftol2.obj
 0002:000077d8       __sehtable$?_AtlVerifyStackAvailable@_ATL_SAFE_ALLOCA_IMPL@ATL@@YA_NK@Z 100277d8     ImageScanner.obj
 0002:000077f8       __sehtable$___scrt_is_nonwritable_in_current_image 100277f8     LIBCMT:utility.obj
 0002:00007814       __catchsym$??2@YAPAXIABUnothrow_t@std@@@Z$2 10027814     LIBCMT:new_scalar_nothrow.obj
 0002:00007824       __unwindtable$??2@YAPAXIABUnothrow_t@std@@@Z 10027824     LIBCMT:new_scalar_nothrow.obj
 0002:00007834       __tryblocktable$??2@YAPAXIABUnothrow_t@std@@@Z 10027834     LIBCMT:new_scalar_nothrow.obj
 0002:00007848       __ehfuncinfo$??2@YAPAXIABUnothrow_t@std@@@Z 10027848     LIBCMT:new_scalar_nothrow.obj
 0002:00007870       __sehtable$?dllmain_crt_process_attach@@YAHQAUHINSTANCE__@@QAX@Z 10027870     LIBCMT:dll_dllmain.obj
 0002:00007890       __sehtable$?dllmain_crt_process_detach@@YAH_N@Z 10027890     LIBCMT:dll_dllmain.obj
 0002:000078b8       __sehtable$?dllmain_dispatch@@YAHQAUHINSTANCE__@@KQAX@Z 100278b8     LIBCMT:dll_dllmain.obj
 0002:00007968       __sehtable$___DestructExceptionObject 10027968     libvcruntime:ehhelpers.obj
 0002:00007988       __sehtable$?FrameUnwindToState@__FrameHandler3@@SAXPAUEHRegistrationNode@@PAXPBU_s_FuncInfo@@H@Z 10027988     libvcruntime:frame.obj
 0002:000079b0       __sehtable$?CallCatchBlock@@YAPAXPAUEHExceptionRecord@@PAUEHRegistrationNode@@PAU_CONTEXT@@PBU_s_FuncInfo@@PAXHK@Z 100279b0     libvcruntime:frame.obj
 0002:000079d8       __catchsym$?CallUnexpected@@YAXPBU_s_ESTypeList@@@Z$2 100279d8     libvcruntime:frame.obj
 0002:000079e8       __unwindtable$?CallUnexpected@@YAXPBU_s_ESTypeList@@@Z 100279e8     libvcruntime:frame.obj
 0002:000079f8       __tryblocktable$?CallUnexpected@@YAXPBU_s_ESTypeList@@@Z 100279f8     libvcruntime:frame.obj
 0002:00007a0c       __ehfuncinfo$?CallUnexpected@@YAXPBU_s_ESTypeList@@@Z 10027a0c     libvcruntime:frame.obj
 0002:00007a30       __sehtable$??$BuildCatchObjectHelperInternal@V__FrameHandler3@@@@YAHPAUEHExceptionRecord@@PAXPBU_s_HandlerType@@PBU_s_CatchableType@@@Z 10027a30     libvcruntime:frame.obj
 0002:00007a50       __sehtable$??$BuildCatchObjectInternal@V__FrameHandler3@@@@YAXPAUEHExceptionRecord@@PAXPBU_s_HandlerType@@PBU_s_CatchableType@@@Z 10027a50     libvcruntime:frame.obj
 0002:00007aa4       __ehfuncinfo$?write_double_translated_ansi_nolock@@YA?AUwrite_result@?A0x17268360@@HQBDIAAV__crt_cached_ptd_host@@@Z 10027aa4     libucrt:write.obj
 0002:00007aa4       __ehfuncinfo$?try_cor_exit_process@@YAXI@Z 10027aa4     libucrt:exit.obj
 0002:00007ac8       __unwindtable$?common_exit@@YAXHW4_crt_exit_cleanup_mode@@W4_crt_exit_return_mode@@@Z 10027ac8     libucrt:exit.obj
 0002:00007ad0       __ehfuncinfo$?common_exit@@YAXHW4_crt_exit_cleanup_mode@@W4_crt_exit_return_mode@@@Z 10027ad0     libucrt:exit.obj
 0002:00007af8       __sehtable$??R<lambda_6e4b09c48022b2350581041d5f6b0c4c>@@QBE@XZ 10027af8     libucrt:exit.obj
 0002:00007b18       __sehtable$??$?RV<lambda_03b1d95aef87969028cfba75ccab2455>@@AAV<lambda_6e4b09c48022b2350581041d5f6b0c4c>@@V<lambda_22bdf7517842c4b3e53723af5aa32b9e>@@@?$__crt_seh_guarded_call@X@@QAEX$$QAV<lambda_03b1d95aef87969028cfba75ccab2455>@@AAV<lambda_6e4b09c48022b2350581041d5f6b0c4c>@@$$QAV<lambda_22bdf7517842c4b3e53723af5aa32b9e>@@@Z 10027b18     libucrt:exit.obj
 0002:00007b34       __unwindtable$___dcrt_uninitialize_environments_nolock 10027b34     libucrt:environment_initialization.obj
 0002:00007b44       __ehfuncinfo$___dcrt_uninitialize_environments_nolock 10027b44     libucrt:environment_initialization.obj
 0002:00007b68       __unwindtable$__execute_onexit_table 10027b68     libucrt:onexit.obj
 0002:00007b70       __ehfuncinfo$__execute_onexit_table 10027b70     libucrt:onexit.obj
 0002:00007b98       __sehtable$??$?RV<lambda_8e746cf0007f6ed984d6f78af1fec997>@@AAV<lambda_22ebabd17bc4fa466a2aca6d8deb888d>@@V<lambda_18ed0c0b38a6dc0daf1e7ac6d6adf05e>@@@?$__crt_seh_guarded_call@H@@QAEH$$QAV<lambda_8e746cf0007f6ed984d6f78af1fec997>@@AAV<lambda_22ebabd17bc4fa466a2aca6d8deb888d>@@$$QAV<lambda_18ed0c0b38a6dc0daf1e7ac6d6adf05e>@@@Z 10027b98     libucrt:onexit.obj
 0002:00007bb8       __sehtable$??$?RV<lambda_69a2805e680e0e292e8ba93315fe43a8>@@AAV<lambda_f03950bc5685219e0bcd2087efbe011e>@@V<lambda_03fcd07e894ec930e3f35da366ca99d6>@@@?$__crt_seh_guarded_call@H@@QAEH$$QAV<lambda_69a2805e680e0e292e8ba93315fe43a8>@@AAV<lambda_f03950bc5685219e0bcd2087efbe011e>@@$$QAV<lambda_03fcd07e894ec930e3f35da366ca99d6>@@@Z 10027bb8     libucrt:onexit.obj
 0002:00007bd8       __sehtable$__query_new_handler 10027bd8     libucrt:new_handler.obj
 0002:00007bf8       __sehtable$_terminate      10027bf8     libucrt:terminate.obj
 0002:00007c18       __sehtable$??$?RV<lambda_15ade71b0218206bbe3333a0c9b79046>@@AAV<lambda_da44e0f8b0f19ba52fefafb335991732>@@V<lambda_207f2d024fc103971653565357d6cd41>@@@?$__crt_seh_guarded_call@X@@QAEX$$QAV<lambda_15ade71b0218206bbe3333a0c9b79046>@@AAV<lambda_da44e0f8b0f19ba52fefafb335991732>@@$$QAV<lambda_207f2d024fc103971653565357d6cd41>@@@Z 10027c18     libucrt:per_thread_data.obj
 0002:00007c38       __sehtable$??$?RV<lambda_a7e850c220f1c8d1e6efeecdedd162c6>@@AAV<lambda_46720907175c18b6c9d2717bc0d2d362>@@V<lambda_9048902d66e8d99359bc9897bbb930a8>@@@?$__crt_seh_guarded_call@X@@QAEX$$QAV<lambda_a7e850c220f1c8d1e6efeecdedd162c6>@@AAV<lambda_46720907175c18b6c9d2717bc0d2d362>@@$$QAV<lambda_9048902d66e8d99359bc9897bbb930a8>@@@Z 10027c38     libucrt:per_thread_data.obj
 0002:00007c58       __sehtable$??$?RV<lambda_38edbb1296d33220d7e4dd0ed76b244a>@@AAV<lambda_5ce1d447e08cb34b2473517608e21441>@@V<lambda_fb385d3da700c9147fc39e65dd577a8c>@@@?$__crt_seh_guarded_call@X@@QAEX$$QAV<lambda_38edbb1296d33220d7e4dd0ed76b244a>@@AAV<lambda_5ce1d447e08cb34b2473517608e21441>@@$$QAV<lambda_fb385d3da700c9147fc39e65dd577a8c>@@@Z 10027c58     libucrt:per_thread_data.obj
 0002:00007c78       __sehtable$??$?RV<lambda_6affb1475c98b40b75cdec977db92e3c>@@AAV<lambda_b8d4b9c228a6ecc3f80208dbb4b4a104>@@V<lambda_608742c3c92a14382c1684fc64f96c88>@@@?$__crt_seh_guarded_call@X@@QAEX$$QAV<lambda_6affb1475c98b40b75cdec977db92e3c>@@AAV<lambda_b8d4b9c228a6ecc3f80208dbb4b4a104>@@$$QAV<lambda_608742c3c92a14382c1684fc64f96c88>@@@Z 10027c78     libucrt:per_thread_data.obj
 0002:00007c98       __sehtable$??$?RV<lambda_e5124f882df8998aaf41531e079ba474>@@AAV<lambda_3e16ef9562a7dcce91392c22ab16ea36>@@V<lambda_e25ca0880e6ef98be67edffd8c599615>@@@?$__crt_seh_guarded_call@X@@QAEX$$QAV<lambda_e5124f882df8998aaf41531e079ba474>@@AAV<lambda_3e16ef9562a7dcce91392c22ab16ea36>@@$$QAV<lambda_e25ca0880e6ef98be67edffd8c599615>@@@Z 10027c98     libucrt:wsetlocale.obj
 0002:00007cb8       __sehtable$___acrt_initialize_lowio 10027cb8     libucrt:ioinit.obj
 0002:00007cd8       __sehtable$?update_thread_multibyte_data_internal@@YAPAU__crt_multibyte_data@@QAU__acrt_ptd@@QAPAU1@@Z 10027cd8     libucrt:mbctype.obj
 0002:00007cf8       __sehtable$??$?RV<lambda_ceb1ee4838e85a9d631eb091e2fbe199>@@AAV<lambda_ae742caa10f662c28703da3d2ea5e57e>@@V<lambda_cd08b5d6af4937fe54fc07d0c9bf6b37>@@@?$__crt_seh_guarded_call@X@@QAEX$$QAV<lambda_ceb1ee4838e85a9d631eb091e2fbe199>@@AAV<lambda_ae742caa10f662c28703da3d2ea5e57e>@@$$QAV<lambda_cd08b5d6af4937fe54fc07d0c9bf6b37>@@@Z 10027cf8     libucrt:mbctype.obj
 0002:00007d18       __sehtable$_raise          10027d18     libucrt:signal.obj
 0002:00007d38       __sehtable$??$?RV<lambda_cbab9ec6f41b0180b23cc171c22676b0>@@AAV<lambda_44731a7d0e6d81c3e6aa82d741081786>@@V<lambda_4b292cb8dd18144e164572427af410ab>@@@?$__crt_seh_guarded_call@P6AXH@Z@@QAEP6AXH@Z$$QAV<lambda_cbab9ec6f41b0180b23cc171c22676b0>@@AAV<lambda_44731a7d0e6d81c3e6aa82d741081786>@@$$QAV<lambda_4b292cb8dd18144e164572427af410ab>@@@Z 10027d38     libucrt:signal.obj
 0002:00007d58       __sehtable$??$?RV<lambda_2866be3712abc81a800a822484c830d8>@@AAV<lambda_39ca0ed439415581b5b15c265174cece>@@V<lambda_2b24c74d71094a6cd0cb82e44167d71b>@@@?$__crt_seh_guarded_call@X@@QAEX$$QAV<lambda_2866be3712abc81a800a822484c830d8>@@AAV<lambda_39ca0ed439415581b5b15c265174cece>@@$$QAV<lambda_2b24c74d71094a6cd0cb82e44167d71b>@@@Z 10027d58     libucrt:fflush.obj
 0002:00007d78       __sehtable$??$?RV<lambda_2cc53f568c5a2bb6f192f930a45d44ea>@@AAV<lambda_ab61a845afdef5b7c387490eaf3616ee>@@V<lambda_c2ffc0b7726aa6be21d5f0026187e748>@@@?$__crt_seh_guarded_call@X@@QAEX$$QAV<lambda_2cc53f568c5a2bb6f192f930a45d44ea>@@AAV<lambda_ab61a845afdef5b7c387490eaf3616ee>@@$$QAV<lambda_c2ffc0b7726aa6be21d5f0026187e748>@@@Z 10027d78     libucrt:fflush.obj
 0002:00007d98       __sehtable$___acrt_update_thread_locale_data 10027d98     libucrt:locale_refcounting.obj
 0002:00007db8       __sehtable$__fcloseall     10027db8     libucrt:closeall.obj
 0002:00007dd8       __sehtable$___acrt_lowio_ensure_fh_exists 10027dd8     libucrt:osfinfo.obj
 0002:00007df8       __sehtable$??$?RV<lambda_9e9de3de5fa147e2223d7db92bc10aa6>@@AAV<lambda_38ce7e780aa69e748d6df282ebc68efe>@@V<lambda_8ca6da459f0f6780f1cff60fdc3d00e5>@@@?$__crt_seh_guarded_call@H@@QAEH$$QAV<lambda_9e9de3de5fa147e2223d7db92bc10aa6>@@AAV<lambda_38ce7e780aa69e748d6df282ebc68efe>@@$$QAV<lambda_8ca6da459f0f6780f1cff60fdc3d00e5>@@@Z 10027df8     libucrt:commit.obj
 0002:00007e18       __sehtable$__write_internal 10027e18     libucrt:write.obj
 0002:00007e38       __sehtable$?_fclose_internal@@YAHQAU_iobuf@@AAV__crt_cached_ptd_host@@@Z 10027e38     libucrt:fclose.obj
 0002:00007e58       __sehtable$??$?RV<lambda_d422a76eb4c3bf3ad751449ab71a6ea4>@@AAV<lambda_c9ba49e555ba839a7b07aa3fbecb7617>@@V<lambda_9476263c8ee91a25d21c55370bdb50de>@@@?$__crt_seh_guarded_call@H@@QAEH$$QAV<lambda_d422a76eb4c3bf3ad751449ab71a6ea4>@@AAV<lambda_c9ba49e555ba839a7b07aa3fbecb7617>@@$$QAV<lambda_9476263c8ee91a25d21c55370bdb50de>@@@Z 10027e58     libucrt:close.obj
 0002:00007e78       __sehtable$___set_fpsr_sse2 10027e78     libucrt:fpctrl.obj
 0002:00007e98       __sehtable$__IsNonwritableInCurrentImage 10027e98     LIBCMT:pesect.obj
 0002:00007ec0       .edata                     10027ec0     OPOSImageScanner.exp
 0002:00007ee8       rgpv                       10027ee8     OPOSImageScanner.exp
 0002:00007ef8       rgszName                   10027ef8     OPOSImageScanner.exp
 0002:00007f08       rgwOrd                     10027f08     OPOSImageScanner.exp
 0002:00007f10       szName                     10027f10     OPOSImageScanner.exp
 0002:00007f25       $N00001                    10027f25     OPOSImageScanner.exp
 0002:00007f35       $N00002                    10027f35     OPOSImageScanner.exp
 0002:00007f47       $N00003                    10027f47     OPOSImageScanner.exp
 0002:00007f59       $N00004                    10027f59     OPOSImageScanner.exp
 0002:0000856a       .idata$6                   1002856a     kernel32:KERNEL32.dll
 0002:0000877e       .idata$6                   1002877e     user32:USER32.dll
 0002:000088b2       .idata$6                   100288b2     gdi32:GDI32.dll
 0002:00008958       .idata$6                   10028958     advapi32:ADVAPI32.dll
 0002:00008a74       .idata$6                   10028a74     ole32:ole32.dll
 0002:00008a7e       .idata$6                   10028a7e     oleaut32:OLEAUT32.dll
 0003:00000110       ?ObjectMap@@3PAU_ATL_OBJMAP_ENTRY30@ATL@@A 10029110     ImageScanner.obj
 0003:000001d0       ?s_SOMethodNames@@3PAPADA  100291d0     ImageScannerImpl.obj
 0003:00000224       ?s_RequiredMethodsPerRelease@@3PAHA 10029224     ImageScannerImpl.obj
 0003:00000240       ?__vcrt_flsindex@@3KA      10029240     libvcruntime:per_thread_data.obj
 0003:00000260       ?errno_no_memory@@3HA      10029260     libucrt:errno.obj
 0003:00000264       ?doserrno_no_memory@@3KA   10029264     libucrt:errno.obj
 0003:00000270       ?__acrt_flsindex@@3KA      10029270     libucrt:per_thread_data.obj
 0003:00000608       __mbctypes                 10029608     libucrt:mbctype.obj
 0003:00000710       __mbcasemaps               10029710     libucrt:mbctype.obj
 0003:00000810       ?__rgctypeflag@@3PADA      10029810     libucrt:mbctype.obj
 0003:00000818       ?__rgcode_page_info@@3PAUcode_page_info@@A 10029818     libucrt:mbctype.obj
 0003:00000a70       ?__dcrt_lowio_console_output_handle@@3PAXA 10029a70     libucrt:initcon.obj
 0003:00000a74       ?__DAZ_ENABLED@?1??__set_fpsr_sse2@@9@9 10029a74     libucrt:fpctrl.obj
 0003:00000c08       ?is_initialized_as_dll@@3_NA 10029c08     LIBCMT:utility.obj
 0003:00000c09       ?module_local_atexit_table_initialized@@3_NA 10029c09     LIBCMT:utility.obj
 0003:00000c0c       ?module_local_atexit_table@@3U_onexit_table_t@@A 10029c0c     LIBCMT:utility.obj
 0003:00000c18       ?module_local_at_quick_exit_table@@3U_onexit_table_t@@A 10029c18     LIBCMT:utility.obj
 0003:00000c24       ?g_tss_cv@@3U_RTL_CONDITION_VARIABLE@@A 10029c24     LIBCMT:thread_safe_statics.obj
 0003:00000c28       ?g_tss_event@@3PAXA        10029c28     LIBCMT:thread_safe_statics.obj
 0003:00000c2c       ?g_tss_mutex@@3U_RTL_CRITICAL_SECTION@@A 10029c2c     LIBCMT:thread_safe_statics.obj
 0003:00000c44       ?g_sleep_condition_variable_cs@@3P6GHPAU_RTL_CONDITION_VARIABLE@@PAU_RTL_CRITICAL_SECTION@@K@ZA 10029c44     LIBCMT:thread_safe_statics.obj
 0003:00000c48       ?g_wake_all_condition_variable@@3P6GXPAU_RTL_CONDITION_VARIABLE@@@ZA 10029c48     LIBCMT:thread_safe_statics.obj
 0003:00000c50       _GS_ExceptionRecord        10029c50     LIBCMT:gs_report.obj
 0003:00000ca0       _GS_ContextRecord          10029ca0     LIBCMT:gs_report.obj
 0003:00000f70       ?__proc_attached@@3HA      10029f70     LIBCMT:dll_dllmain.obj
 0003:00000fcc       ?AllocateData@@3P6GPAUAtlThunkData_t@@XZA 10029fcc     atls:atlthunk.obj
 0003:00000fd0       ?InitData@@3P6GXPAUAtlThunkData_t@@PAXI@ZA 10029fd0     atls:atlthunk.obj
 0003:00000fd4       ?DataToCode@@3P6GP6GJPAUHWND__@@IIJ@ZPAUAtlThunkData_t@@@ZA 10029fd4     atls:atlthunk.obj
 0003:00000fd8       ?FreeData@@3P6GXPAUAtlThunkData_t@@@ZA 10029fd8     atls:atlthunk.obj
 0003:00000fdc       ?Initialized@@3_NA         10029fdc     atls:atlthunk.obj
 0003:00000fec       ?__vcrt_startup_thread_ptd@@3U__vcrt_ptd@@A 10029fec     libvcruntime:per_thread_data.obj
 0003:00001014       ___vcrt_lock_table         1002a014     libvcruntime:locks.obj
 0003:0000102c       ___vcrt_locks_initialized  1002a02c     libvcruntime:locks.obj
 0003:00001058       ?heap@@3V_HeapManager@@A   1002a058     libvcruntime:undname.obj
 0003:0000106c       ?module_handles@@3PAPAUHINSTANCE__@@A 1002a06c     libvcruntime:winapi_downlevel.obj
 0003:00001078       ?function_pointers@@3PAPAXA 1002a078     libvcruntime:winapi_downlevel.obj
 0003:0000108c       ?__acrt_invalid_parameter_handler@@3V?$dual_state_global@P6AXPB_W00II@Z@__crt_state_management@@A 1002a08c     libucrt:invalid_parameter.obj
 0003:00001090       ?c_termination_complete@@3JA 1002a090     libucrt:exit.obj
 0003:00001094       ?thread_local_exit_callback_func@@3P6GXPAXK0@ZA 1002a094     libucrt:exit.obj
 0003:000010a0       ?program_name@?1???$common_configure_argv@D@@YAHW4_crt_argv_mode@@@Z@4PADA 1002a0a0     libucrt:argv_parsing.obj
 0003:000011d0       ?__acrt_new_handler@@3V?$dual_state_global@P6AHI@Z@__crt_state_management@@A 1002a1d0     libucrt:new_handler.obj
 0003:000011e0       ?module_handles@@3PAPAUHINSTANCE__@@A 1002a1e0     libucrt:winapi_thunks.obj
 0003:00001230       ?encoded_function_pointers@@3PAPAXA 1002a230     libucrt:winapi_thunks.obj
 0003:000012b8       ?internal_state@?1??_mbtowc_internal@@9@4U_Mbstatet@@A 1002a2b8     libucrt:mbtowc.obj
 0003:000012c8       ?enable_percent_n@@3IA     1002a2c8     libucrt:printf_count_output.obj
 0003:000014e0       ?__acrt_lock_table@@3PAU_RTL_CRITICAL_SECTION@@A 1002a4e0     libucrt:locks.obj
 0003:00001630       ?__acrt_locks_initialized@@3IA 1002a630     libucrt:locks.obj
 0003:00001640       ?fSystemSet@@3HA           1002a640     libucrt:mbctype.obj
 0003:00001644       ?initialized@?1??__acrt_initialize_multibyte@@9@4_NA 1002a644     libucrt:mbctype.obj
 0003:00001664       ?ctrlc_action@@3V?$dual_state_global@P6AXH@Z@__crt_state_management@@A 1002a664     libucrt:signal.obj
 0003:00001668       ?ctrlbreak_action@@3V?$dual_state_global@P6AXH@Z@__crt_state_management@@A 1002a668     libucrt:signal.obj
 0003:0000166c       ?abort_action@@3V?$dual_state_global@P6AXH@Z@__crt_state_management@@A 1002a66c     libucrt:signal.obj
 0003:00001670       ?term_action@@3V?$dual_state_global@P6AXH@Z@__crt_state_management@@A 1002a670     libucrt:signal.obj
 0003:00001674       ?user_matherr@@3V?$dual_state_global@P6AHPAU_exception@@@Z@__crt_state_management@@A 1002a674     libucrt:matherr.obj
 0003:00001680       ?__acrt_global_new_mode@@3V?$dual_state_global@J@__crt_state_management@@A 1002a680     libucrt:new_mode.obj
 0003:00001684       ?internal_pst@?1??__mbrtoc32_utf8@__crt_mbstring@@YAIPA_UPBDIPAU_Mbstatet@@AAV__crt_cached_ptd_host@@@Z@4U3@A 1002a684     libucrt:mbrtoc32.obj
 0003:0000168c       ?__acrt_app_type@@3W4_crt_app_type@@A 1002a68c     libucrt:report_runtime_error.obj
 0003:00001694       __pmatherr_set             1002a694     libucrt:libm_error.obj
 0004:00000220       $R000000                   1002b220     ImageScanner.res
 0004:00000bc8       $R0009A8                   1002bbc8     ImageScanner.res
 0004:00000cb0       $R000A90                   1002bcb0     ImageScanner.res
 0004:00000f18       $R000CF8                   1002bf18     ImageScanner.res
 0004:00001430       $R001210                   1002c430     ImageScanner.res
 0004:00004430       $R004210                   1002f430     ImageScanner.res
 0004:00004468       $R004248                   1002f468     ImageScanner.res
