 OPOSFiscalPrinter

 Timestamp is 5d429dfc (Thu Aug  1 17:08:28 2019)

 Preferred load address is 10000000

 Start         Length     Name                   Class
 0001:00000000 00000080H .text$di                CODE
 0001:00000080 0001f983H .text$mn                CODE
 0001:0001fa03 00000036H .text$x                 CODE
 0001:0001fa39 00000042H .text$yd                CODE
 0002:00000000 000002fcH .idata$5                DATA
 0002:000002fc 00000004H .00cfg                  DATA
 0002:00000300 00000004H .CRT$XCA                DATA
 0002:00000304 00000004H .CRT$XCL                DATA
 0002:00000308 00000010H .CRT$XCU                DATA
 0002:00000318 00000004H .CRT$XCZ                DATA
 0002:0000031c 00000004H .CRT$XIA                DATA
 0002:00000320 00000010H .CRT$XIC                DATA
 0002:00000330 00000004H .CRT$XIZ                DATA
 0002:00000334 00000004H .CRT$XLA                DATA
 0002:00000338 00000004H .CRT$XLZ                DATA
 0002:0000033c 00000004H .CRT$XPA                DATA
 0002:00000340 00000008H .CRT$XPX                DATA
 0002:00000348 00000004H .CRT$XPXA               DATA
 0002:0000034c 00000004H .CRT$XPZ                DATA
 0002:00000350 00000004H .CRT$XTA                DATA
 0002:00000354 0000000cH .CRT$XTZ                DATA
 0002:00000358 00000000H .gfids$y                DATA
 0002:00000360 0000766cH .rdata                  DATA
 0002:000079cc 00000018H .rdata$T                DATA
 0002:000079e4 0000017cH .rdata$r                DATA
 0002:00007b60 0000001cH .rdata$sxdata           DATA
 0002:00007b7c 000003e0H .rdata$zzzdbg           DATA
 0002:00007f5c 00000004H .rtc$IAA                DATA
 0002:00007f60 00000004H .rtc$IZZ                DATA
 0002:00007f64 00000004H .rtc$TAA                DATA
 0002:00007f68 00000004H .rtc$TZZ                DATA
 0002:00007f6c 00000004H .tls                    DATA
 0002:00007f70 00000004H .tls$                   DATA
 0002:00007f74 00000004H .tls$ZZZ                DATA
 0002:00007f78 00000604H .xdata$x                DATA
 0002:0000857c 00000004H ATL$__a                 DATA
 0002:00008580 00000010H ATL$__z                 DATA
 0002:00008590 000000b0H .edata                  DATA
 0002:00008640 00000078H .idata$2                DATA
 0002:000086b8 00000014H .idata$3                DATA
 0002:000086cc 000002fcH .idata$4                DATA
 0002:000089c8 00000bc8H .idata$6                DATA
 0003:00000000 00000ba0H .data                   DATA
 0003:00000ba0 00000098H .data$r                 DATA
 0003:00000c38 00000b80H .bss                    DATA
 0004:00000000 00000220H .rsrc$01                DATA
 0004:00000220 000097f8H .rsrc$02                DATA

  Address         Publics by Value              Rva+Base       Lib:Object

 0000:00000000       ___guard_fids_count        00000000     <absolute>
 0000:00000000       ___hybrid_code_map_count   00000000     <absolute>
 0000:00000000       ___guard_iat_count         00000000     <absolute>
 0000:00000000       ___dynamic_value_reloc_table 00000000     <absolute>
 0000:00000000       ___guard_longjmp_count     00000000     <absolute>
 0000:00000000       __except_list              00000000     <absolute>
 0000:00000000       ___guard_fids_table        00000000     <absolute>
 0000:00000000       ___guard_longjmp_table     00000000     <absolute>
 0000:00000000       ___hybrid_auxiliary_iat    00000000     <absolute>
 0000:00000000       ___guard_iat_table         00000000     <absolute>
 0000:00000000       ___volatile_metadata       00000000     <absolute>
 0000:00000000       ___enclave_config          00000000     <absolute>
 0000:00000000       ___AbsoluteZero            00000000     <absolute>
 0000:00000000       ___hybrid_code_map         00000000     <absolute>
 0000:00000007       ___safe_se_handler_count   00000007     <absolute>
 0000:0000002c       __tls_array                0000002c     <absolute>
 0000:00000100       ___guard_flags             00000100     <absolute>
 0000:00000000       ___ImageBase               10000000     <linker-defined>
 0001:00000080       ?DupWide@_CW@@AAEXXZ       10001080 f   CWString.obj
 0001:0000009c       ?cw_dup@@YGXPBDAAHAAPA_W1@Z 1000109c f   CWString.obj
 0001:0000010b       ?cw_memcpy@@YGHPA_WPBDH@Z  1000110b f   CWString.obj
 0001:00000137       ?cw_strcpy@@YAHPA_WPBD@Z   10001137 f   CWString.obj
 0001:0000014a       ?cw_strlen@@YAHPBD@Z       1000114a f   CWString.obj
 0001:00000163       ??0CAtlComModule@ATL@@QAE@XZ 10001163 f i OposVariant.obj
 0001:000001a8       ??0CAtlWinModule@ATL@@QAE@XZ 100011a8 f i OposVariant.obj
 0001:000001df       ??0OposDispParms@@QAE@PAVOposVariant@@H@Z 100011df f   OposVariant.obj
 0001:00000250       ??1OposDispParms@@QAE@XZ   10001250 f   OposVariant.obj
 0001:0000025e       ??A?$CSimpleArray@GV?$CSimpleArrayEqualHelper@G@ATL@@@ATL@@QAEAAGH@Z 1000125e f i OposVariant.obj
 0001:00000283       ??_Estringdispid@CComTypeInfoHolder@ATL@@QAEPAXI@Z 10001283 f i OposVariant.obj
 0001:000002ef       ?AtlWinModuleInit@ATL@@YGJPAU_ATL_WIN_MODULE70@1@@Z 100012ef f i OposVariant.obj
 0001:00000315       ?AtlWinModuleTerm@ATL@@YGJPAU_ATL_WIN_MODULE70@1@PAUHINSTANCE__@@@Z 10001315 f i OposVariant.obj
 0001:00000378       ?ChangeBSTR@OposVariant@@QAEXPAPA_WAAJ@Z 10001378 f   OposVariant.obj
 0001:000003b9       ?ChangeLONG@OposVariant@@QAEXPAJAAJ@Z 100013b9 f   OposVariant.obj
 0001:000003fa       ?GetLONG@OposVariant@@QAEJXZ 100013fa f   OposVariant.obj
 0001:00000415       ?Init@CComCriticalSection@ATL@@QAEJXZ 10001415 f i OposVariant.obj
 0001:0000043d       ?RemoveAll@?$CSimpleArray@PAUHINSTANCE__@@V?$CSimpleArrayEqualHelper@PAUHINSTANCE__@@@ATL@@@ATL@@QAEXXZ 1000143d f i atls:atlbase.obj
 0001:0000043d       ?RemoveAll@?$CSimpleArray@GV?$CSimpleArrayEqualHelper@G@ATL@@@ATL@@QAEXXZ 1000143d f i OposVariant.obj
 0001:0000045a       ?SetBSTR@OposVariant@@QAEXPA_WAAJ@Z 1000145a f   OposVariant.obj
 0001:0000048e       ?SetBSTR_Copy@OposVariant@@QAEXPA_WAAJ@Z 1000148e f   OposVariant.obj
 0001:000004de       ?SetBSTR_InOutPtr@OposVariant@@QAE_NPAPA_WAAJ@Z 100014de f   OposVariant.obj
 0001:00000515       ?SetBSTR_OutPtr@OposVariant@@QAE_NPAPA_WAAJ@Z 10001515 f   OposVariant.obj
 0001:00000531       ?SetCURRENCY@OposVariant@@QAEXTtagCY@@@Z 10001531 f   OposVariant.obj
 0001:00000559       ?SetDispatch_Ptr@OposVariant@@QAEXPAUIDispatch@@AAJ@Z 10001559 f   OposVariant.obj
 0001:00000594       ?SetLONG@OposVariant@@QAEXJ@Z 10001594 f   OposVariant.obj
 0001:000005b6       ?SetLONG_Ptr@OposVariant@@QAEXPAJAAJ@Z 100015b6 f   OposVariant.obj
 0001:000005e9       ?SetString@OposVariant@@QAEXPB_WAAJ@Z 100015e9 f   OposVariant.obj
 0001:0000062f       ?SetVARIANT_BOOL@OposVariant@@QAEXF@Z 1000162f f   OposVariant.obj
 0001:00000659       ?Term@CAtlComModule@ATL@@QAEXXZ 10001659 f i OposVariant.obj
 0001:000006a3       ?_AtlRaiseException@ATL@@YAXKK@Z 100016a3 f i OposVariant.obj
 0001:000006b8       ?CreateInstance@?$CComCreator@V?$CComObjectCached@VCComClassFactory@ATL@@@ATL@@@ATL@@SGJPAXABU_GUID@@PAPAX@Z 100016b8 f i FiscalPrinter.obj
 0001:0000074b       ?CreateInstance@?$CComCreator2@V?$CComCreator@V?$CComObject@VCOPOSFiscalPrinter@@@ATL@@@ATL@@V?$CComCreator@V?$CComAggObject@VCOPOSFiscalPrinter@@@ATL@@@2@@ATL@@SGJPAXABU_GUID@@PAPAX@Z 1000174b f i FiscalPrinter.obj
 0001:0000076b       ?Next@?$CComEnumImpl@UIEnumConnectionPoints@@$1?_GUID_b196b285_bab4_101a_b69c_00aa00341d07@@3U__s_GUID@@BPAUIConnectionPoint@@V?$_CopyInterface@UIConnectionPoint@@@ATL@@@ATL@@UAGJKPAPAUIConnectionPoint@@PAK@Z 1000176b f i FiscalPrinter.obj
 0001:00000842       ?Skip@?$CComEnumImpl@UIEnumConnectionPoints@@$1?_GUID_b196b285_bab4_101a_b69c_00aa00341d07@@3U__s_GUID@@BPAUIConnectionPoint@@V?$_CopyInterface@UIConnectionPoint@@@ATL@@@ATL@@UAGJK@Z 10001842 f i FiscalPrinter.obj
 0001:0000086f       ?Reset@?$CComEnumImpl@UIEnumConnections@@$1?_GUID_b196b287_bab4_101a_b69c_00aa00341d07@@3U__s_GUID@@BUtagCONNECTDATA@@V?$_Copy@UtagCONNECTDATA@@@ATL@@@ATL@@UAGJXZ 1000186f f i FiscalPrinter.obj
 0001:0000086f       ?Reset@?$CComEnumImpl@UIEnumConnectionPoints@@$1?_GUID_b196b285_bab4_101a_b69c_00aa00341d07@@3U__s_GUID@@BPAUIConnectionPoint@@V?$_CopyInterface@UIConnectionPoint@@@ATL@@@ATL@@UAGJXZ 1000186f f i FiscalPrinter.obj
 0001:00000881       ?Clone@?$CComEnumImpl@UIEnumConnectionPoints@@$1?_GUID_b196b285_bab4_101a_b69c_00aa00341d07@@3U__s_GUID@@BPAUIConnectionPoint@@V?$_CopyInterface@UIConnectionPoint@@@ATL@@@ATL@@UAGJPAPAUIEnumConnectionPoints@@@Z 10001881 f i FiscalPrinter.obj
 0001:00000962       ?AddRef@?$CComObject@V?$CComEnum@UIEnumConnections@@$1?_GUID_b196b287_bab4_101a_b69c_00aa00341d07@@3U__s_GUID@@BUtagCONNECTDATA@@V?$_Copy@UtagCONNECTDATA@@@ATL@@VCComSingleThreadModel@6@@ATL@@@ATL@@UAGKXZ 10001962 f i FiscalPrinter.obj
 0001:00000962       ?AddRef@?$CComObject@V?$CComEnum@UIEnumConnectionPoints@@$1?_GUID_b196b285_bab4_101a_b69c_00aa00341d07@@3U__s_GUID@@BPAUIConnectionPoint@@V?$_CopyInterface@UIConnectionPoint@@@ATL@@VCComSingleThreadModel@6@@ATL@@@ATL@@UAGKXZ 10001962 f i FiscalPrinter.obj
 0001:00000973       ?Release@?$CComObject@V?$CComEnum@UIEnumConnections@@$1?_GUID_b196b287_bab4_101a_b69c_00aa00341d07@@3U__s_GUID@@BUtagCONNECTDATA@@V?$_Copy@UtagCONNECTDATA@@@ATL@@VCComSingleThreadModel@6@@ATL@@@ATL@@UAGKXZ 10001973 f i FiscalPrinter.obj
 0001:00000973       ?Release@?$CComObject@V?$CComEnum@UIEnumConnectionPoints@@$1?_GUID_b196b285_bab4_101a_b69c_00aa00341d07@@3U__s_GUID@@BPAUIConnectionPoint@@V?$_CopyInterface@UIConnectionPoint@@@ATL@@VCComSingleThreadModel@6@@ATL@@@ATL@@UAGKXZ 10001973 f i FiscalPrinter.obj
 0001:000009af       ?QueryInterface@?$CComObject@V?$CComEnum@UIEnumConnectionPoints@@$1?_GUID_b196b285_bab4_101a_b69c_00aa00341d07@@3U__s_GUID@@BPAUIConnectionPoint@@V?$_CopyInterface@UIConnectionPoint@@@ATL@@VCComSingleThreadModel@6@@ATL@@@ATL@@UAGJABU_GUID@@PAPAX@Z 100019af f i FiscalPrinter.obj
 0001:000009c9       ??_E?$CComObject@V?$CComEnum@UIEnumConnectionPoints@@$1?_GUID_b196b285_bab4_101a_b69c_00aa00341d07@@3U__s_GUID@@BPAUIConnectionPoint@@V?$_CopyInterface@UIConnectionPoint@@@ATL@@VCComSingleThreadModel@6@@ATL@@@ATL@@UAEPAXI@Z 100019c9 f i FiscalPrinter.obj
 0001:000009c9       ??_G?$CComObject@V?$CComEnum@UIEnumConnectionPoints@@$1?_GUID_b196b285_bab4_101a_b69c_00aa00341d07@@3U__s_GUID@@BPAUIConnectionPoint@@V?$_CopyInterface@UIConnectionPoint@@@ATL@@VCComSingleThreadModel@6@@ATL@@@ATL@@UAEPAXI@Z 100019c9 f i FiscalPrinter.obj
 0001:000009eb       ?Lock@CAtlModule@ATL@@UAEJXZ 100019eb f i FiscalPrinter.obj
 0001:000009f5       ?Unlock@CAtlModule@ATL@@UAEJXZ 100019f5 f i FiscalPrinter.obj
 0001:000009ff       ?GetLockCount@CAtlModule@ATL@@UAEJXZ 100019ff f i FiscalPrinter.obj
 0001:00000a03       ?GetGITPtr@CAtlModule@ATL@@UAEJPAPAUIGlobalInterfaceTable@@@Z 10001a03 f i FiscalPrinter.obj
 0001:00000a4f       ?AddCommonRGSReplacements@?$CAtlModuleT@VCComModule@ATL@@@ATL@@UAEJPAUIRegistrarBase@@@Z 10001a4f f i FiscalPrinter.obj
 0001:00000a69       ?UpdateRegistryFromResourceD@CComModule@ATL@@UAGJPB_WHPAU_ATL_REGMAP_ENTRY@2@@Z 10001a69 f i FiscalPrinter.obj
 0001:00000a69       ?UpdateRegistryFromResourceD@CComModule@ATL@@UAGJIHPAU_ATL_REGMAP_ENTRY@2@@Z 10001a69 f i FiscalPrinter.obj
 0001:00000a71       ?UpdateRegistryFromResource@CComModule@ATL@@UAGJPB_WHPAU_ATL_REGMAP_ENTRY@2@@Z 10001a71 f i FiscalPrinter.obj
 0001:00000a7a       ?UpdateRegistryFromResource@CComModule@ATL@@UAGJIHPAU_ATL_REGMAP_ENTRY@2@@Z 10001a7a f i FiscalPrinter.obj
 0001:00000a83       ??_GCComModule@ATL@@UAEPAXI@Z 10001a83 f i FiscalPrinter.obj
 0001:00000a83       ??_ECComModule@ATL@@UAEPAXI@Z 10001a83 f i FiscalPrinter.obj
 0001:00000aab       ?OnDrawAdvanced@CComControlBase@ATL@@UAEJAAUATL_DRAWINFO@@@Z 10001aab f i FiscalPrinter.obj
 0001:00000b9a       ?AddRef@?$CComObjectCached@VCComClassFactory@ATL@@@ATL@@UAGKXZ 10001b9a f i FiscalPrinter.obj
 0001:00000bc1       ?Release@?$CComObjectCached@VCComClassFactory@ATL@@@ATL@@UAGKXZ 10001bc1 f i FiscalPrinter.obj
 0001:00000bf7       ?QueryInterface@?$CComObjectCached@VCComClassFactory@ATL@@@ATL@@UAGJABU_GUID@@PAPAX@Z 10001bf7 f i FiscalPrinter.obj
 0001:00000c11       ??_E?$CComObjectCached@VCComClassFactory@ATL@@@ATL@@UAEPAXI@Z 10001c11 f i FiscalPrinter.obj
 0001:00000c11       ??_G?$CComObjectCached@VCComClassFactory@ATL@@@ATL@@UAEPAXI@Z 10001c11 f i FiscalPrinter.obj
 0001:00000c33       ?AddRef@?$CComAggObject@VCOPOSFiscalPrinter@@@ATL@@UAGKXZ 10001c33 f i FiscalPrinter.obj
 0001:00000c44       ?Release@?$CComAggObject@VCOPOSFiscalPrinter@@@ATL@@UAGKXZ 10001c44 f i FiscalPrinter.obj
 0001:00000c80       ?QueryInterface@?$CComAggObject@VCOPOSFiscalPrinter@@@ATL@@UAGJABU_GUID@@PAPAX@Z 10001c80 f i FiscalPrinter.obj
 0001:00000ccf       ?AddRef@?$CComContainedObject@VCOPOSFiscalPrinter@@@ATL@@UAGKXZ 10001ccf f i FiscalPrinter.obj
 0001:00000ce5       ?Release@?$CComContainedObject@VCOPOSFiscalPrinter@@@ATL@@UAGKXZ 10001ce5 f i FiscalPrinter.obj
 0001:00000cfb       ?QueryInterface@?$CComContainedObject@VCOPOSFiscalPrinter@@@ATL@@UAGJABU_GUID@@PAPAX@Z 10001cfb f i FiscalPrinter.obj
 0001:00000d16       ??_E?$CComAggObject@VCOPOSFiscalPrinter@@@ATL@@UAEPAXI@Z 10001d16 f i FiscalPrinter.obj
 0001:00000d16       ??_G?$CComAggObject@VCOPOSFiscalPrinter@@@ATL@@UAEPAXI@Z 10001d16 f i FiscalPrinter.obj
 0001:00000d3b       ?AddRef@?$CComObject@VCOPOSFiscalPrinter@@@ATL@@UAGKXZ 10001d3b f i FiscalPrinter.obj
 0001:00000d52       ?Release@?$CComObject@VCOPOSFiscalPrinter@@@ATL@@UAGKXZ 10001d52 f i FiscalPrinter.obj
 0001:00000d94       ?QueryInterface@?$CComObject@VCOPOSFiscalPrinter@@@ATL@@UAGJABU_GUID@@PAPAX@Z 10001d94 f i FiscalPrinter.obj
 0001:00000dae       ?GetClipboardData@?$IOleObjectImpl@VCOPOSFiscalPrinter@@@ATL@@UAGJKPAPAUIDataObject@@@Z 10001dae f i FiscalPrinter.obj
 0001:00000dae       ?GetDataHere@?$IDataObjectImpl@VCOPOSFiscalPrinter@@@ATL@@UAGJPAUtagFORMATETC@@PAUtagSTGMEDIUM@@@Z 10001dae f i FiscalPrinter.obj
 0001:00000dae       ?EnumFormatEtc@?$IDataObjectImpl@VCOPOSFiscalPrinter@@@ATL@@UAGJKPAPAUIEnumFORMATETC@@@Z 10001dae f i FiscalPrinter.obj
 0001:00000dae       ?SetMoniker@?$IOleObjectImpl@VCOPOSFiscalPrinter@@@ATL@@UAGJKPAUIMoniker@@@Z 10001dae f i FiscalPrinter.obj
 0001:00000dae       ?GetRect@?$IViewObjectExImpl@VCOPOSFiscalPrinter@@@ATL@@UAGJKPAU_RECTL@@@Z 10001dae f i FiscalPrinter.obj
 0001:00000dae       ?QueryInterface@CRegObject@ATL@@UAGJABU_GUID@@PAPAX@Z 10001dae f i FiscalPrinter.obj
 0001:00000dae       ?GetCanonicalFormatEtc@?$IDataObjectImpl@VCOPOSFiscalPrinter@@@ATL@@UAGJPAUtagFORMATETC@@0@Z 10001dae f i FiscalPrinter.obj
 0001:00000db6       ?AddRef@CRegObject@ATL@@UAGKXZ 10001db6 f i FiscalPrinter.obj
 0001:00000dbc       ?IsUpToDate@?$IOleObjectImpl@VCOPOSFiscalPrinter@@@ATL@@UAGJXZ 10001dbc f i FiscalPrinter.obj
 0001:00000dbc       ?Update@?$IOleObjectImpl@VCOPOSFiscalPrinter@@@ATL@@UAGJXZ 10001dbc f i FiscalPrinter.obj
 0001:00000dbc       ?HandsOffStorage@?$IPersistStorageImpl@VCOPOSFiscalPrinter@@@ATL@@UAGJXZ 10001dbc f i FiscalPrinter.obj
 0001:00000dbc       ?Release@CRegObject@ATL@@UAGKXZ 10001dbc f i FiscalPrinter.obj
 0001:00000dc1       ?AddReplacement@CRegObject@ATL@@UAGJPB_W0@Z 10001dc1 f i FiscalPrinter.obj
 0001:00000dfa       ?ClearReplacements@CRegObject@ATL@@UAGJXZ 10001dfa f i FiscalPrinter.obj
 0001:00000e0c       ??_GCRegObject@ATL@@UAEPAXI@Z 10001e0c f i FiscalPrinter.obj
 0001:00000e0c       ??_ECRegObject@ATL@@UAEPAXI@Z 10001e0c f i FiscalPrinter.obj
 0001:00000e2e       ?Next@?$CComEnumImpl@UIEnumConnections@@$1?_GUID_b196b287_bab4_101a_b69c_00aa00341d07@@3U__s_GUID@@BUtagCONNECTDATA@@V?$_Copy@UtagCONNECTDATA@@@ATL@@@ATL@@UAGJKPAUtagCONNECTDATA@@PAK@Z 10001e2e f i FiscalPrinter.obj
 0001:00000f05       ?Skip@?$CComEnumImpl@UIEnumConnections@@$1?_GUID_b196b287_bab4_101a_b69c_00aa00341d07@@3U__s_GUID@@BUtagCONNECTDATA@@V?$_Copy@UtagCONNECTDATA@@@ATL@@@ATL@@UAGJK@Z 10001f05 f i FiscalPrinter.obj
 0001:00000f32       ?Clone@?$CComEnumImpl@UIEnumConnections@@$1?_GUID_b196b287_bab4_101a_b69c_00aa00341d07@@3U__s_GUID@@BUtagCONNECTDATA@@V?$_Copy@UtagCONNECTDATA@@@ATL@@@ATL@@UAGJPAPAUIEnumConnections@@@Z 10001f32 f i FiscalPrinter.obj
 0001:00001013       ?QueryInterface@?$CComObject@V?$CComEnum@UIEnumConnections@@$1?_GUID_b196b287_bab4_101a_b69c_00aa00341d07@@3U__s_GUID@@BUtagCONNECTDATA@@V?$_Copy@UtagCONNECTDATA@@@ATL@@VCComSingleThreadModel@6@@ATL@@@ATL@@UAGJABU_GUID@@PAPAX@Z 10002013 f i FiscalPrinter.obj
 0001:0000102d       ??_G?$CComObject@V?$CComEnum@UIEnumConnections@@$1?_GUID_b196b287_bab4_101a_b69c_00aa00341d07@@3U__s_GUID@@BUtagCONNECTDATA@@V?$_Copy@UtagCONNECTDATA@@@ATL@@VCComSingleThreadModel@6@@ATL@@@ATL@@UAEPAXI@Z 1000202d f i FiscalPrinter.obj
 0001:0000102d       ??_E?$CComObject@V?$CComEnum@UIEnumConnections@@$1?_GUID_b196b287_bab4_101a_b69c_00aa00341d07@@3U__s_GUID@@BUtagCONNECTDATA@@V?$_Copy@UtagCONNECTDATA@@@ATL@@VCComSingleThreadModel@6@@ATL@@@ATL@@UAEPAXI@Z 1000202d f i FiscalPrinter.obj
 0001:0000104f       ?GetWindowProc@?$CWindowImplBaseT@VCWindow@ATL@@V?$CWinTraits@$0FGAAAAAA@$0A@@2@@ATL@@UAEP6GJPAUHWND__@@IIJ@ZXZ 1000204f f i FiscalPrinter.obj
 0001:00001055       ?StartWindowProc@?$CWindowImplBaseT@VCWindow@ATL@@V?$CWinTraits@$0FGAAAAAA@$0A@@2@@ATL@@SGJPAUHWND__@@IIJ@Z 10002055 f i FiscalPrinter.obj
 0001:000010a9       ?OnFinalMessage@?$CWindowImplBaseT@VCWindow@ATL@@V?$CWinTraits@$0FGAAAAAA@$0A@@2@@ATL@@UAEXPAUHWND__@@@Z 100020a9 f i FiscalPrinter.obj
 0001:000010a9       ?ObjectMain@CComObjectRootBase@ATL@@SGX_N@Z 100020a9 f i FiscalPrinter.obj
 0001:000010ac       ??_E?$CComObject@VCOPOSFiscalPrinter@@@ATL@@W3AEPAXI@Z 100020ac f i FiscalPrinter.obj
 0001:000010b4       ??_E?$CComObject@VCOPOSFiscalPrinter@@@ATL@@WEM@AEPAXI@Z 100020b4 f i FiscalPrinter.obj
 0001:000010bc       ?QueryInterface@?$CComObject@VCOPOSFiscalPrinter@@@ATL@@WHA@AGJABU_GUID@@PAPAX@Z 100020bc f i FiscalPrinter.obj
 0001:000010c6       ?AddRef@?$CComObject@VCOPOSFiscalPrinter@@@ATL@@WHA@AGKXZ 100020c6 f i FiscalPrinter.obj
 0001:000010d0       ?Release@?$CComObject@VCOPOSFiscalPrinter@@@ATL@@WHA@AGKXZ 100020d0 f i FiscalPrinter.obj
 0001:000010da       ?QueryInterface@?$CComObject@VCOPOSFiscalPrinter@@@ATL@@WHE@AGJABU_GUID@@PAPAX@Z 100020da f i FiscalPrinter.obj
 0001:000010e4       ?AddRef@?$CComObject@VCOPOSFiscalPrinter@@@ATL@@WHE@AGKXZ 100020e4 f i FiscalPrinter.obj
 0001:000010ee       ?Release@?$CComObject@VCOPOSFiscalPrinter@@@ATL@@WHE@AGKXZ 100020ee f i FiscalPrinter.obj
 0001:000010f8       ?QueryInterface@?$CComObject@VCOPOSFiscalPrinter@@@ATL@@WHI@AGJABU_GUID@@PAPAX@Z 100020f8 f i FiscalPrinter.obj
 0001:00001102       ?AddRef@?$CComObject@VCOPOSFiscalPrinter@@@ATL@@WHI@AGKXZ 10002102 f i FiscalPrinter.obj
 0001:0000110c       ?Release@?$CComObject@VCOPOSFiscalPrinter@@@ATL@@WHI@AGKXZ 1000210c f i FiscalPrinter.obj
 0001:00001116       ?QueryInterface@?$CComObject@VCOPOSFiscalPrinter@@@ATL@@WHM@AGJABU_GUID@@PAPAX@Z 10002116 f i FiscalPrinter.obj
 0001:00001120       ?AddRef@?$CComObject@VCOPOSFiscalPrinter@@@ATL@@WHM@AGKXZ 10002120 f i FiscalPrinter.obj
 0001:0000112a       ?Release@?$CComObject@VCOPOSFiscalPrinter@@@ATL@@WHM@AGKXZ 1000212a f i FiscalPrinter.obj
 0001:00001134       ?QueryInterface@?$CComObject@VCOPOSFiscalPrinter@@@ATL@@WIA@AGJABU_GUID@@PAPAX@Z 10002134 f i FiscalPrinter.obj
 0001:00001141       ?AddRef@?$CComObject@VCOPOSFiscalPrinter@@@ATL@@WIA@AGKXZ 10002141 f i FiscalPrinter.obj
 0001:0000114e       ?Release@?$CComObject@VCOPOSFiscalPrinter@@@ATL@@WIA@AGKXZ 1000214e f i FiscalPrinter.obj
 0001:0000115b       ?QueryInterface@?$CComObject@VCOPOSFiscalPrinter@@@ATL@@WIE@AGJABU_GUID@@PAPAX@Z 1000215b f i FiscalPrinter.obj
 0001:00001168       ?AddRef@?$CComObject@VCOPOSFiscalPrinter@@@ATL@@WIE@AGKXZ 10002168 f i FiscalPrinter.obj
 0001:00001175       ?Release@?$CComObject@VCOPOSFiscalPrinter@@@ATL@@WIE@AGKXZ 10002175 f i FiscalPrinter.obj
 0001:00001182       ?QueryInterface@?$CComObject@VCOPOSFiscalPrinter@@@ATL@@WII@AGJABU_GUID@@PAPAX@Z 10002182 f i FiscalPrinter.obj
 0001:0000118f       ?AddRef@?$CComObject@VCOPOSFiscalPrinter@@@ATL@@WII@AGKXZ 1000218f f i FiscalPrinter.obj
 0001:0000119c       ?Release@?$CComObject@VCOPOSFiscalPrinter@@@ATL@@WII@AGKXZ 1000219c f i FiscalPrinter.obj
 0001:000011a9       ?QueryInterface@?$CComObject@VCOPOSFiscalPrinter@@@ATL@@WIM@AGJABU_GUID@@PAPAX@Z 100021a9 f i FiscalPrinter.obj
 0001:000011b6       ?AddRef@?$CComObject@VCOPOSFiscalPrinter@@@ATL@@WIM@AGKXZ 100021b6 f i FiscalPrinter.obj
 0001:000011c3       ?Release@?$CComObject@VCOPOSFiscalPrinter@@@ATL@@WIM@AGKXZ 100021c3 f i FiscalPrinter.obj
 0001:000011d0       ?QueryInterface@?$CComObject@VCOPOSFiscalPrinter@@@ATL@@WJA@AGJABU_GUID@@PAPAX@Z 100021d0 f i FiscalPrinter.obj
 0001:000011dd       ?AddRef@?$CComObject@VCOPOSFiscalPrinter@@@ATL@@WJA@AGKXZ 100021dd f i FiscalPrinter.obj
 0001:000011ea       ?Release@?$CComObject@VCOPOSFiscalPrinter@@@ATL@@WJA@AGKXZ 100021ea f i FiscalPrinter.obj
 0001:000011f7       ?QueryInterface@?$CComObject@VCOPOSFiscalPrinter@@@ATL@@WJE@AGJABU_GUID@@PAPAX@Z 100021f7 f i FiscalPrinter.obj
 0001:00001204       ?AddRef@?$CComObject@VCOPOSFiscalPrinter@@@ATL@@WJE@AGKXZ 10002204 f i FiscalPrinter.obj
 0001:00001211       ?Release@?$CComObject@VCOPOSFiscalPrinter@@@ATL@@WJE@AGKXZ 10002211 f i FiscalPrinter.obj
 0001:0000121e       ?QueryInterface@?$CComObject@VCOPOSFiscalPrinter@@@ATL@@WJI@AGJABU_GUID@@PAPAX@Z 1000221e f i FiscalPrinter.obj
 0001:0000122b       ?AddRef@?$CComObject@VCOPOSFiscalPrinter@@@ATL@@WJI@AGKXZ 1000222b f i FiscalPrinter.obj
 0001:00001238       ?Release@?$CComObject@VCOPOSFiscalPrinter@@@ATL@@WJI@AGKXZ 10002238 f i FiscalPrinter.obj
 0001:00001245       ?QueryInterface@?$CComObject@VCOPOSFiscalPrinter@@@ATL@@WJM@AGJABU_GUID@@PAPAX@Z 10002245 f i FiscalPrinter.obj
 0001:00001252       ?AddRef@?$CComObject@VCOPOSFiscalPrinter@@@ATL@@WJM@AGKXZ 10002252 f i FiscalPrinter.obj
 0001:0000125f       ?Release@?$CComObject@VCOPOSFiscalPrinter@@@ATL@@WJM@AGKXZ 1000225f f i FiscalPrinter.obj
 0001:0000126c       ?QueryInterface@?$CComObject@VCOPOSFiscalPrinter@@@ATL@@WKA@AGJABU_GUID@@PAPAX@Z 1000226c f i FiscalPrinter.obj
 0001:00001279       ?AddRef@?$CComObject@VCOPOSFiscalPrinter@@@ATL@@WKA@AGKXZ 10002279 f i FiscalPrinter.obj
 0001:00001286       ?Release@?$CComObject@VCOPOSFiscalPrinter@@@ATL@@WKA@AGKXZ 10002286 f i FiscalPrinter.obj
 0001:00001293       ?AddRef@?$CComObject@VCOPOSFiscalPrinter@@@ATL@@WKI@AGKXZ 10002293 f i FiscalPrinter.obj
 0001:000012a0       ?Release@?$CComObject@VCOPOSFiscalPrinter@@@ATL@@WKI@AGKXZ 100022a0 f i FiscalPrinter.obj
 0001:000012ad       ?AddRef@?$CComObject@VCOPOSFiscalPrinter@@@ATL@@WLE@AGKXZ 100022ad f i FiscalPrinter.obj
 0001:000012ba       ?Release@?$CComObject@VCOPOSFiscalPrinter@@@ATL@@WLE@AGKXZ 100022ba f i FiscalPrinter.obj
 0001:000012c7       ??_E?$CComContainedObject@VCOPOSFiscalPrinter@@@ATL@@W3AEPAXI@Z 100022c7 f i FiscalPrinter.obj
 0001:000012cf       ??_E?$CComContainedObject@VCOPOSFiscalPrinter@@@ATL@@WEM@AEPAXI@Z 100022cf f i FiscalPrinter.obj
 0001:000012d7       ?QueryInterface@?$CComContainedObject@VCOPOSFiscalPrinter@@@ATL@@WHA@AGJABU_GUID@@PAPAX@Z 100022d7 f i FiscalPrinter.obj
 0001:000012e1       ?AddRef@?$CComContainedObject@VCOPOSFiscalPrinter@@@ATL@@WHA@AGKXZ 100022e1 f i FiscalPrinter.obj
 0001:000012eb       ?Release@?$CComContainedObject@VCOPOSFiscalPrinter@@@ATL@@WHA@AGKXZ 100022eb f i FiscalPrinter.obj
 0001:000012f5       ?QueryInterface@?$CComContainedObject@VCOPOSFiscalPrinter@@@ATL@@WHE@AGJABU_GUID@@PAPAX@Z 100022f5 f i FiscalPrinter.obj
 0001:000012ff       ?AddRef@?$CComContainedObject@VCOPOSFiscalPrinter@@@ATL@@WHE@AGKXZ 100022ff f i FiscalPrinter.obj
 0001:00001309       ?Release@?$CComContainedObject@VCOPOSFiscalPrinter@@@ATL@@WHE@AGKXZ 10002309 f i FiscalPrinter.obj
 0001:00001313       ?QueryInterface@?$CComContainedObject@VCOPOSFiscalPrinter@@@ATL@@WHI@AGJABU_GUID@@PAPAX@Z 10002313 f i FiscalPrinter.obj
 0001:0000131d       ?AddRef@?$CComContainedObject@VCOPOSFiscalPrinter@@@ATL@@WHI@AGKXZ 1000231d f i FiscalPrinter.obj
 0001:00001327       ?Release@?$CComContainedObject@VCOPOSFiscalPrinter@@@ATL@@WHI@AGKXZ 10002327 f i FiscalPrinter.obj
 0001:00001331       ?QueryInterface@?$CComContainedObject@VCOPOSFiscalPrinter@@@ATL@@WHM@AGJABU_GUID@@PAPAX@Z 10002331 f i FiscalPrinter.obj
 0001:0000133b       ?AddRef@?$CComContainedObject@VCOPOSFiscalPrinter@@@ATL@@WHM@AGKXZ 1000233b f i FiscalPrinter.obj
 0001:00001345       ?Release@?$CComContainedObject@VCOPOSFiscalPrinter@@@ATL@@WHM@AGKXZ 10002345 f i FiscalPrinter.obj
 0001:0000134f       ?QueryInterface@?$CComContainedObject@VCOPOSFiscalPrinter@@@ATL@@WIA@AGJABU_GUID@@PAPAX@Z 1000234f f i FiscalPrinter.obj
 0001:0000135c       ?AddRef@?$CComContainedObject@VCOPOSFiscalPrinter@@@ATL@@WIA@AGKXZ 1000235c f i FiscalPrinter.obj
 0001:00001369       ?Release@?$CComContainedObject@VCOPOSFiscalPrinter@@@ATL@@WIA@AGKXZ 10002369 f i FiscalPrinter.obj
 0001:00001376       ?QueryInterface@?$CComContainedObject@VCOPOSFiscalPrinter@@@ATL@@WIE@AGJABU_GUID@@PAPAX@Z 10002376 f i FiscalPrinter.obj
 0001:00001383       ?AddRef@?$CComContainedObject@VCOPOSFiscalPrinter@@@ATL@@WIE@AGKXZ 10002383 f i FiscalPrinter.obj
 0001:00001390       ?Release@?$CComContainedObject@VCOPOSFiscalPrinter@@@ATL@@WIE@AGKXZ 10002390 f i FiscalPrinter.obj
 0001:0000139d       ?QueryInterface@?$CComContainedObject@VCOPOSFiscalPrinter@@@ATL@@WII@AGJABU_GUID@@PAPAX@Z 1000239d f i FiscalPrinter.obj
 0001:000013aa       ?AddRef@?$CComContainedObject@VCOPOSFiscalPrinter@@@ATL@@WII@AGKXZ 100023aa f i FiscalPrinter.obj
 0001:000013b7       ?Release@?$CComContainedObject@VCOPOSFiscalPrinter@@@ATL@@WII@AGKXZ 100023b7 f i FiscalPrinter.obj
 0001:000013c4       ?QueryInterface@?$CComContainedObject@VCOPOSFiscalPrinter@@@ATL@@WIM@AGJABU_GUID@@PAPAX@Z 100023c4 f i FiscalPrinter.obj
 0001:000013d1       ?AddRef@?$CComContainedObject@VCOPOSFiscalPrinter@@@ATL@@WIM@AGKXZ 100023d1 f i FiscalPrinter.obj
 0001:000013de       ?Release@?$CComContainedObject@VCOPOSFiscalPrinter@@@ATL@@WIM@AGKXZ 100023de f i FiscalPrinter.obj
 0001:000013eb       ?QueryInterface@?$CComContainedObject@VCOPOSFiscalPrinter@@@ATL@@WJA@AGJABU_GUID@@PAPAX@Z 100023eb f i FiscalPrinter.obj
 0001:000013f8       ?AddRef@?$CComContainedObject@VCOPOSFiscalPrinter@@@ATL@@WJA@AGKXZ 100023f8 f i FiscalPrinter.obj
 0001:00001405       ?Release@?$CComContainedObject@VCOPOSFiscalPrinter@@@ATL@@WJA@AGKXZ 10002405 f i FiscalPrinter.obj
 0001:00001412       ?QueryInterface@?$CComContainedObject@VCOPOSFiscalPrinter@@@ATL@@WJE@AGJABU_GUID@@PAPAX@Z 10002412 f i FiscalPrinter.obj
 0001:0000141f       ?AddRef@?$CComContainedObject@VCOPOSFiscalPrinter@@@ATL@@WJE@AGKXZ 1000241f f i FiscalPrinter.obj
 0001:0000142c       ?Release@?$CComContainedObject@VCOPOSFiscalPrinter@@@ATL@@WJE@AGKXZ 1000242c f i FiscalPrinter.obj
 0001:00001439       ?QueryInterface@?$CComContainedObject@VCOPOSFiscalPrinter@@@ATL@@WJI@AGJABU_GUID@@PAPAX@Z 10002439 f i FiscalPrinter.obj
 0001:00001446       ?AddRef@?$CComContainedObject@VCOPOSFiscalPrinter@@@ATL@@WJI@AGKXZ 10002446 f i FiscalPrinter.obj
 0001:00001453       ?Release@?$CComContainedObject@VCOPOSFiscalPrinter@@@ATL@@WJI@AGKXZ 10002453 f i FiscalPrinter.obj
 0001:00001460       ?QueryInterface@?$CComContainedObject@VCOPOSFiscalPrinter@@@ATL@@WJM@AGJABU_GUID@@PAPAX@Z 10002460 f i FiscalPrinter.obj
 0001:0000146d       ?AddRef@?$CComContainedObject@VCOPOSFiscalPrinter@@@ATL@@WJM@AGKXZ 1000246d f i FiscalPrinter.obj
 0001:0000147a       ?Release@?$CComContainedObject@VCOPOSFiscalPrinter@@@ATL@@WJM@AGKXZ 1000247a f i FiscalPrinter.obj
 0001:00001487       ?QueryInterface@?$CComContainedObject@VCOPOSFiscalPrinter@@@ATL@@WKA@AGJABU_GUID@@PAPAX@Z 10002487 f i FiscalPrinter.obj
 0001:00001494       ?AddRef@?$CComContainedObject@VCOPOSFiscalPrinter@@@ATL@@WKA@AGKXZ 10002494 f i FiscalPrinter.obj
 0001:000014a1       ?Release@?$CComContainedObject@VCOPOSFiscalPrinter@@@ATL@@WKA@AGKXZ 100024a1 f i FiscalPrinter.obj
 0001:000014ae       ?AddRef@?$CComContainedObject@VCOPOSFiscalPrinter@@@ATL@@WKI@AGKXZ 100024ae f i FiscalPrinter.obj
 0001:000014bb       ?Release@?$CComContainedObject@VCOPOSFiscalPrinter@@@ATL@@WKI@AGKXZ 100024bb f i FiscalPrinter.obj
 0001:000014c8       ?AddRef@?$CComContainedObject@VCOPOSFiscalPrinter@@@ATL@@WLE@AGKXZ 100024c8 f i FiscalPrinter.obj
 0001:000014d5       ?Release@?$CComContainedObject@VCOPOSFiscalPrinter@@@ATL@@WLE@AGKXZ 100024d5 f i FiscalPrinter.obj
 0001:000014e2       ?GetTypeInfoCount@?$IDispatchImpl@UIOPOSFiscalPrinter@@$1?IID_IOPOSFiscalPrinter@@3U_GUID@@B$1?LIBID_OposFiscalPrinter_CCO@@3U3@B$00$0A@VCComTypeInfoHolder@ATL@@@ATL@@UAGJPAI@Z 100024e2 f i FiscalPrinter.obj
 0001:000014ff       ?GetTypeInfo@?$IDispatchImpl@UIOPOSFiscalPrinter@@$1?IID_IOPOSFiscalPrinter@@3U_GUID@@B$1?LIBID_OposFiscalPrinter_CCO@@3U3@B$00$0A@VCComTypeInfoHolder@ATL@@@ATL@@UAGJIKPAPAUITypeInfo@@@Z 100024ff f i FiscalPrinter.obj
 0001:00001523       ?GetIDsOfNames@?$IDispatchImpl@UIOPOSFiscalPrinter@@$1?IID_IOPOSFiscalPrinter@@3U_GUID@@B$1?LIBID_OposFiscalPrinter_CCO@@3U3@B$00$0A@VCComTypeInfoHolder@ATL@@@ATL@@UAGJABU_GUID@@PAPA_WIKPAJ@Z 10002523 f i FiscalPrinter.obj
 0001:00001543       ?Invoke@?$IDispatchImpl@UIOPOSFiscalPrinter@@$1?IID_IOPOSFiscalPrinter@@3U_GUID@@B$1?LIBID_OposFiscalPrinter_CCO@@3U3@B$00$0A@VCComTypeInfoHolder@ATL@@@ATL@@UAGJJABU_GUID@@KGPAUtagDISPPARAMS@@PAUtagVARIANT@@PAUtagEXCEPINFO@@PAI@Z 10002543 f i FiscalPrinter.obj
 0001:00001551       ?CreateControlWindow@?$CComControl@VCOPOSFiscalPrinter@@V?$CWindowImpl@VCOPOSFiscalPrinter@@VCWindow@ATL@@V?$CWinTraits@$0FGAAAAAA@$0A@@3@@ATL@@@ATL@@UAEPAUHWND__@@PAU3@AAUtagRECT@@@Z 10002551 f i FiscalPrinter.obj
 0001:00001580       ?ControlQueryInterface@?$CComControl@VCOPOSFiscalPrinter@@V?$CWindowImpl@VCOPOSFiscalPrinter@@VCWindow@ATL@@V?$CWinTraits@$0FGAAAAAA@$0A@@3@@ATL@@@ATL@@UAEJABU_GUID@@PAPAX@Z 10002580 f i FiscalPrinter.obj
 0001:0000159b       ?GetClassID@?$IPersistStorageImpl@VCOPOSFiscalPrinter@@@ATL@@UAGJPAU_GUID@@@Z 1000259b f i FiscalPrinter.obj
 0001:0000159b       ?GetUserClassID@?$IOleObjectImpl@VCOPOSFiscalPrinter@@@ATL@@UAGJPAU_GUID@@@Z 1000259b f i FiscalPrinter.obj
 0001:0000159b       ?GetClassID@?$IPersistStreamInitImpl@VCOPOSFiscalPrinter@@@ATL@@UAGJPAU_GUID@@@Z 1000259b f i FiscalPrinter.obj
 0001:000015bf       ?IsDirty@?$IPersistStreamInitImpl@VCOPOSFiscalPrinter@@@ATL@@UAGJXZ 100025bf f i FiscalPrinter.obj
 0001:000015de       ?Load@?$IPersistStreamInitImpl@VCOPOSFiscalPrinter@@@ATL@@UAGJPAUIStream@@@Z 100025de f i FiscalPrinter.obj
 0001:000015fd       ?Save@?$IPersistStreamInitImpl@VCOPOSFiscalPrinter@@@ATL@@UAGJPAUIStream@@H@Z 100025fd f i FiscalPrinter.obj
 0001:0000161f       ?GetSizeMax@?$IPersistStreamInitImpl@VCOPOSFiscalPrinter@@@ATL@@UAGJPAT_ULARGE_INTEGER@@@Z 1000261f f i FiscalPrinter.obj
 0001:000017d4       ?InitNew@?$IPersistStreamInitImpl@VCOPOSFiscalPrinter@@@ATL@@UAGJXZ 100027d4 f i FiscalPrinter.obj
 0001:000017f1       ?GetControlInfo@?$IOleControlImpl@VCOPOSFiscalPrinter@@@ATL@@UAGJPAUtagCONTROLINFO@@@Z 100027f1 f i FiscalPrinter.obj
 0001:000017f1       ?SODataDummy@COPOSFiscalPrinter@@MAGJJ@Z 100027f1 f i FiscalPrinter.obj
 0001:000017f1       ?QueryGetData@?$IDataObjectImpl@VCOPOSFiscalPrinter@@@ATL@@UAGJPAUtagFORMATETC@@@Z 100027f1 f i FiscalPrinter.obj
 0001:000017f1       ?GetDropTarget@?$IOleInPlaceObjectWindowlessImpl@VCOPOSFiscalPrinter@@@ATL@@UAGJPAPAUIDropTarget@@@Z 100027f1 f i FiscalPrinter.obj
 0001:000017f1       ?ContextSensitiveHelp@?$IOleInPlaceActiveObjectImpl@VCOPOSFiscalPrinter@@@ATL@@UAGJH@Z 100027f1 f i FiscalPrinter.obj
 0001:000017f1       ?ContextSensitiveHelp@?$IOleInPlaceObjectWindowlessImpl@VCOPOSFiscalPrinter@@@ATL@@UAGJH@Z 100027f1 f i FiscalPrinter.obj
 0001:000017f1       ?OnMnemonic@?$IOleControlImpl@VCOPOSFiscalPrinter@@@ATL@@UAGJPAUtagMSG@@@Z 100027f1 f i FiscalPrinter.obj
 0001:000017f1       ?SetColorScheme@?$IOleObjectImpl@VCOPOSFiscalPrinter@@@ATL@@UAGJPAUtagLOGPALETTE@@@Z 100027f1 f i FiscalPrinter.obj
 0001:000017f1       ?Unfreeze@?$IViewObjectExImpl@VCOPOSFiscalPrinter@@@ATL@@UAGJK@Z 100027f1 f i FiscalPrinter.obj
 0001:000017f9       ?SaveCompleted@?$IPersistStorageImpl@VCOPOSFiscalPrinter@@@ATL@@UAGJPAUIStorage@@@Z 100027f9 f i FiscalPrinter.obj
 0001:000017f9       ?OnAmbientPropertyChange@?$IOleControlImpl@VCOPOSFiscalPrinter@@@ATL@@UAGJJ@Z 100027f9 f i FiscalPrinter.obj
 0001:000017f9       ?OnFrameWindowActivate@?$IOleInPlaceActiveObjectImpl@VCOPOSFiscalPrinter@@@ATL@@UAGJH@Z 100027f9 f i FiscalPrinter.obj
 0001:000017f9       ?EnableModeless@?$IOleInPlaceActiveObjectImpl@VCOPOSFiscalPrinter@@@ATL@@UAGJH@Z 100027f9 f i FiscalPrinter.obj
 0001:000017fe       ?SetClientSite@?$IOleObjectImpl@VCOPOSFiscalPrinter@@@ATL@@UAGJPAUIOleClientSite@@@Z 100027fe f i FiscalPrinter.obj
 0001:0000181b       ?GetClientSite@?$IOleObjectImpl@VCOPOSFiscalPrinter@@@ATL@@UAGJPAPAUIOleClientSite@@@Z 1000281b f i FiscalPrinter.obj
 0001:00001838       ?SetHostNames@?$IOleObjectImpl@VCOPOSFiscalPrinter@@@ATL@@UAGJPB_W0@Z 10002838 f i FiscalPrinter.obj
 0001:0000183d       ?Close@?$IOleObjectImpl@VCOPOSFiscalPrinter@@@ATL@@UAGJK@Z 1000283d f i FiscalPrinter.obj
 0001:0000185a       ?GetMoniker@?$IOleObjectImpl@VCOPOSFiscalPrinter@@@ATL@@UAGJKKPAPAUIMoniker@@@Z 1000285a f i FiscalPrinter.obj
 0001:0000185a       ?InitFromData@?$IOleObjectImpl@VCOPOSFiscalPrinter@@@ATL@@UAGJPAUIDataObject@@HK@Z 1000285a f i FiscalPrinter.obj
 0001:0000185a       ?SetData@?$IDataObjectImpl@VCOPOSFiscalPrinter@@@ATL@@UAGJPAUtagFORMATETC@@PAUtagSTGMEDIUM@@H@Z 1000285a f i FiscalPrinter.obj
 0001:00001862       ?DoVerb@?$IOleObjectImpl@VCOPOSFiscalPrinter@@@ATL@@UAGJJPAUtagMSG@@PAUIOleClientSite@@JPAUHWND__@@PBUtagRECT@@@Z 10002862 f i FiscalPrinter.obj
 0001:0000197a       ?EnumVerbs@?$IOleObjectImpl@VCOPOSFiscalPrinter@@@ATL@@UAGJPAPAUIEnumOLEVERB@@@Z 1000297a f i FiscalPrinter.obj
 0001:0000199c       ?GetUserType@?$IOleObjectImpl@VCOPOSFiscalPrinter@@@ATL@@UAGJKPAPA_W@Z 1000299c f i FiscalPrinter.obj
 0001:000019b4       ?SetExtent@?$IOleObjectImpl@VCOPOSFiscalPrinter@@@ATL@@UAGJKPAUtagSIZE@@@Z 100029b4 f i FiscalPrinter.obj
 0001:000019d4       ?GetExtent@?$IOleObjectImpl@VCOPOSFiscalPrinter@@@ATL@@UAGJKPAUtagSIZE@@@Z 100029d4 f i FiscalPrinter.obj
 0001:00001a12       ?Advise@?$IOleObjectImpl@VCOPOSFiscalPrinter@@@ATL@@UAGJPAUIAdviseSink@@PAK@Z 10002a12 f i FiscalPrinter.obj
 0001:00001a32       ?Unadvise@?$IOleObjectImpl@VCOPOSFiscalPrinter@@@ATL@@UAGJK@Z 10002a32 f i FiscalPrinter.obj
 0001:00001a61       ?EnumAdvise@?$IOleObjectImpl@VCOPOSFiscalPrinter@@@ATL@@UAGJPAPAUIEnumSTATDATA@@@Z 10002a61 f i FiscalPrinter.obj
 0001:00001aa1       ?GetMiscStatus@?$IOleObjectImpl@VCOPOSFiscalPrinter@@@ATL@@UAGJKPAK@Z 10002aa1 f i FiscalPrinter.obj
 0001:00001ab9       ?GetWindow@?$IOleInPlaceActiveObjectImpl@VCOPOSFiscalPrinter@@@ATL@@UAGJPAPAUHWND__@@@Z 10002ab9 f i FiscalPrinter.obj
 0001:00001b06       ?TranslateAcceleratorW@?$IOleInPlaceActiveObjectImpl@VCOPOSFiscalPrinter@@@ATL@@UAGJPAUtagMSG@@@Z 10002b06 f i FiscalPrinter.obj
 0001:00001ba4       ?OnDocWindowActivate@?$IOleInPlaceActiveObjectImpl@VCOPOSFiscalPrinter@@@ATL@@UAGJH@Z 10002ba4 f i FiscalPrinter.obj
 0001:00001bc6       ?ResizeBorder@?$IOleInPlaceActiveObjectImpl@VCOPOSFiscalPrinter@@@ATL@@UAGJPBUtagRECT@@PAUIOleInPlaceUIWindow@@H@Z 10002bc6 f i FiscalPrinter.obj
 0001:00001bcb       ?Draw@?$IViewObjectExImpl@VCOPOSFiscalPrinter@@@ATL@@UAGJKJPAXPAUtagDVTARGETDEVICE@@PAUHDC__@@2PBU_RECTL@@3P6GHK@ZK@Z 10002bcb f i FiscalPrinter.obj
 0001:00001bfd       ?GetColorSet@?$IViewObjectExImpl@VCOPOSFiscalPrinter@@@ATL@@UAGJKJPAXPAUtagDVTARGETDEVICE@@PAUHDC__@@PAPAUtagLOGPALETTE@@@Z 10002bfd f i FiscalPrinter.obj
 0001:00001c05       ?GetCategoryMap@CComObjectRootBase@ATL@@SAPBU_ATL_CATMAP_ENTRY@2@XZ 10002c05 f i FiscalPrinter.obj
 0001:00001c05       ?GetObjectDescription@?$CComCoClass@VCOPOSFiscalPrinter@@$1?CLSID_OPOSFiscalPrinter@@3U_GUID@@B@ATL@@SGPB_WXZ 10002c05 f i FiscalPrinter.obj
 0001:00001c08       ?Freeze@?$IViewObjectExImpl@VCOPOSFiscalPrinter@@@ATL@@UAGJKJPAXPAK@Z 10002c08 f i FiscalPrinter.obj
 0001:00001c10       ?SetAdvise@?$IViewObjectExImpl@VCOPOSFiscalPrinter@@@ATL@@UAGJKKPAUIAdviseSink@@@Z 10002c10 f i FiscalPrinter.obj
 0001:00001c2f       ?GetAdvise@?$IViewObjectExImpl@VCOPOSFiscalPrinter@@@ATL@@UAGJPAK0PAPAUIAdviseSink@@@Z 10002c2f f i FiscalPrinter.obj
 0001:00001c64       ?GetExtent@?$IViewObjectExImpl@VCOPOSFiscalPrinter@@@ATL@@UAGJKJPAUtagDVTARGETDEVICE@@PAUtagSIZE@@@Z 10002c64 f i FiscalPrinter.obj
 0001:00001c95       ?GetViewStatus@?$IViewObjectExImpl@VCOPOSFiscalPrinter@@@ATL@@UAGJPAK@Z 10002c95 f i FiscalPrinter.obj
 0001:00001cb2       ?QueryHitPoint@?$IViewObjectExImpl@VCOPOSFiscalPrinter@@@ATL@@UAGJKPBUtagRECT@@UtagPOINT@@JPAK@Z 10002cb2 f i FiscalPrinter.obj
 0001:00001cf3       ?QueryHitRect@?$IViewObjectExImpl@VCOPOSFiscalPrinter@@@ATL@@UAGJKPBUtagRECT@@0JPAK@Z 10002cf3 f i FiscalPrinter.obj
 0001:00001d4e       ?GetNaturalExtent@?$IViewObjectExImpl@VCOPOSFiscalPrinter@@@ATL@@UAGJKJPAUtagDVTARGETDEVICE@@PAUHDC__@@PAUtagExtentInfo@@PAUtagSIZE@@@Z 10002d4e f i FiscalPrinter.obj
 0001:00001d99       ?GetWindow@?$IOleInPlaceObjectWindowlessImpl@VCOPOSFiscalPrinter@@@ATL@@UAGJPAPAUHWND__@@@Z 10002d99 f i FiscalPrinter.obj
 0001:00001de6       ?InPlaceDeactivate@?$IOleInPlaceObjectWindowlessImpl@VCOPOSFiscalPrinter@@@ATL@@UAGJXZ 10002de6 f i FiscalPrinter.obj
 0001:00001e00       ?UIDeactivate@?$IOleInPlaceObjectWindowlessImpl@VCOPOSFiscalPrinter@@@ATL@@UAGJXZ 10002e00 f i FiscalPrinter.obj
 0001:00001e1a       ?SetObjectRects@?$IOleInPlaceObjectWindowlessImpl@VCOPOSFiscalPrinter@@@ATL@@UAGJPBUtagRECT@@0@Z 10002e1a f i FiscalPrinter.obj
 0001:00001e3a       ?ReactivateAndUndo@?$IOleInPlaceObjectWindowlessImpl@VCOPOSFiscalPrinter@@@ATL@@UAGJXZ 10002e3a f i FiscalPrinter.obj
 0001:00001e42       ?OnWindowMessage@?$IOleInPlaceObjectWindowlessImpl@VCOPOSFiscalPrinter@@@ATL@@UAGJIIJPAJ@Z 10002e42 f i FiscalPrinter.obj
 0001:00001eb2       ?EnumConnectionPoints@?$IConnectionPointContainerImpl@VCOPOSFiscalPrinter@@@ATL@@UAGJPAPAUIEnumConnectionPoints@@@Z 10002eb2 f i FiscalPrinter.obj
 0001:0000202c       ?FindConnectionPoint@?$IConnectionPointContainerImpl@VCOPOSFiscalPrinter@@@ATL@@UAGJABU_GUID@@PAPAUIConnectionPoint@@@Z 1000302c f i FiscalPrinter.obj
 0001:000020cf       ?IsDirty@?$IPersistStorageImpl@VCOPOSFiscalPrinter@@@ATL@@UAGJXZ 100030cf f i FiscalPrinter.obj
 0001:00002103       ?InitNew@?$IPersistStorageImpl@VCOPOSFiscalPrinter@@@ATL@@UAGJPAUIStorage@@@Z 10003103 f i FiscalPrinter.obj
 0001:00002137       ?Load@?$IPersistStorageImpl@VCOPOSFiscalPrinter@@@ATL@@UAGJPAUIStorage@@@Z 10003137 f i FiscalPrinter.obj
 0001:000021a3       ?Save@?$IPersistStorageImpl@VCOPOSFiscalPrinter@@@ATL@@UAGJPAUIStorage@@H@Z 100031a3 f i FiscalPrinter.obj
 0001:00002216       ?GetPages@?$ISpecifyPropertyPagesImpl@VCOPOSFiscalPrinter@@@ATL@@UAGJPAUtagCAUUID@@@Z 10003216 f i FiscalPrinter.obj
 0001:0000222d       ?QuickActivate@?$IQuickActivateImpl@VCOPOSFiscalPrinter@@@ATL@@UAGJPAUtagQACONTAINER@@PAUtagQACONTROL@@@Z 1000322d f i FiscalPrinter.obj
 0001:00002250       ?SetContentExtent@?$IQuickActivateImpl@VCOPOSFiscalPrinter@@@ATL@@UAGJPAUtagSIZE@@@Z 10003250 f i FiscalPrinter.obj
 0001:0000227c       ?GetContentExtent@?$IQuickActivateImpl@VCOPOSFiscalPrinter@@@ATL@@UAGJPAUtagSIZE@@@Z 1000327c f i FiscalPrinter.obj
 0001:0000229c       ?GetData@?$IDataObjectImpl@VCOPOSFiscalPrinter@@@ATL@@UAGJPAUtagFORMATETC@@PAUtagSTGMEDIUM@@@Z 1000329c f i FiscalPrinter.obj
 0001:000022bf       ?DAdvise@?$IDataObjectImpl@VCOPOSFiscalPrinter@@@ATL@@UAGJPAUtagFORMATETC@@KPAUIAdviseSink@@PAK@Z 100032bf f i FiscalPrinter.obj
 0001:00002300       ?DUnadvise@?$IDataObjectImpl@VCOPOSFiscalPrinter@@@ATL@@UAGJK@Z 10003300 f i FiscalPrinter.obj
 0001:0000232e       ?EnumDAdvise@?$IDataObjectImpl@VCOPOSFiscalPrinter@@@ATL@@UAGJPAPAUIEnumSTATDATA@@@Z 1000332e f i FiscalPrinter.obj
 0001:0000236d       ?GetClassInfoW@?$IProvideClassInfo2Impl@$1?CLSID_OPOSFiscalPrinter@@3U_GUID@@B$1?DIID__IOPOSFiscalPrinterEvents@@3U2@B$1?LIBID_OposFiscalPrinter_CCO@@3U2@B$00$0A@VCComTypeInfoHolder@ATL@@@ATL@@UAGJPAPAUITypeInfo@@@Z 1000336d f i FiscalPrinter.obj
 0001:00002383       ?GetGUID@?$IProvideClassInfo2Impl@$1?CLSID_OPOSFiscalPrinter@@3U_GUID@@B$1?DIID__IOPOSFiscalPrinterEvents@@3U2@B$1?LIBID_OposFiscalPrinter_CCO@@3U2@B$00$0A@VCComTypeInfoHolder@ATL@@@ATL@@UAGJKPAU_GUID@@@Z 10003383 f i FiscalPrinter.obj
 0001:000023c1       ?FAccessAllowed@?$IObjectSafetyImpl@VCOPOSFiscalPrinter@@$02@ATL@@MAEHXZ 100033c1 f i FiscalPrinter.obj
 0001:000023c1       __get_startup_argv_mode    100033c1 f i LIBCMT:argv_mode.obj
 0001:000023c5       ?GetInterfaceSafetyOptions@?$IObjectSafetyImpl@VCOPOSFiscalPrinter@@$02@ATL@@UAGJABU_GUID@@PAK1@Z 100033c5 f i FiscalPrinter.obj
 0001:00002439       ?SetInterfaceSafetyOptions@?$IObjectSafetyImpl@VCOPOSFiscalPrinter@@$02@ATL@@UAGJABU_GUID@@KK@Z 10003439 f i FiscalPrinter.obj
 0001:000024b3       ?_LocCPQueryInterface@?$IConnectionPointImpl@VCOPOSFiscalPrinter@@$1?IID_IPropertyNotifySink@@3U_GUID@@BVCComDynamicUnkArray@ATL@@@ATL@@UAGJABU_GUID@@PAPAX@Z 100034b3 f i FiscalPrinter.obj
 0001:000024b3       ?_LocCPQueryInterface@?$IConnectionPointImpl@VCOPOSFiscalPrinter@@$1?DIID__IOPOSFiscalPrinterEvents@@3U_GUID@@BVCComDynamicUnkArray@ATL@@@ATL@@UAGJABU_GUID@@PAPAX@Z 100034b3 f i FiscalPrinter.obj
 0001:00002500       ?GetConnectionInterface@?$IConnectionPointImpl@VCOPOSFiscalPrinter@@$1?IID_IPropertyNotifySink@@3U_GUID@@BVCComDynamicUnkArray@ATL@@@ATL@@UAGJPAU_GUID@@@Z 10003500 f i FiscalPrinter.obj
 0001:00002524       ?GetConnectionPointContainer@?$IConnectionPointImpl@VCOPOSFiscalPrinter@@$1?IID_IPropertyNotifySink@@3U_GUID@@BVCComDynamicUnkArray@ATL@@@ATL@@UAGJPAPAUIConnectionPointContainer@@@Z 10003524 f i FiscalPrinter.obj
 0001:00002547       ?Advise@?$IConnectionPointImpl@VCOPOSFiscalPrinter@@$1?IID_IPropertyNotifySink@@3U_GUID@@BVCComDynamicUnkArray@ATL@@@ATL@@UAGJPAUIUnknown@@PAK@Z 10003547 f i FiscalPrinter.obj
 0001:00002547       ?Advise@?$IConnectionPointImpl@VCOPOSFiscalPrinter@@$1?DIID__IOPOSFiscalPrinterEvents@@3U_GUID@@BVCComDynamicUnkArray@ATL@@@ATL@@UAGJPAUIUnknown@@PAK@Z 10003547 f i FiscalPrinter.obj
 0001:000025e8       ?Unadvise@?$IConnectionPointImpl@VCOPOSFiscalPrinter@@$1?IID_IPropertyNotifySink@@3U_GUID@@BVCComDynamicUnkArray@ATL@@@ATL@@UAGJK@Z 100035e8 f i FiscalPrinter.obj
 0001:000025e8       ?Unadvise@?$IConnectionPointImpl@VCOPOSFiscalPrinter@@$1?DIID__IOPOSFiscalPrinterEvents@@3U_GUID@@BVCComDynamicUnkArray@ATL@@@ATL@@UAGJK@Z 100035e8 f i FiscalPrinter.obj
 0001:00002628       ?EnumConnections@?$IConnectionPointImpl@VCOPOSFiscalPrinter@@$1?IID_IPropertyNotifySink@@3U_GUID@@BVCComDynamicUnkArray@ATL@@@ATL@@UAGJPAPAUIEnumConnections@@@Z 10003628 f i FiscalPrinter.obj
 0001:00002628       ?EnumConnections@?$IConnectionPointImpl@VCOPOSFiscalPrinter@@$1?DIID__IOPOSFiscalPrinterEvents@@3U_GUID@@BVCComDynamicUnkArray@ATL@@@ATL@@UAGJPAPAUIEnumConnections@@@Z 10003628 f i FiscalPrinter.obj
 0001:0000272e       ?CreateInstance@CComClassFactory@ATL@@UAGJPAUIUnknown@@ABU_GUID@@PAPAX@Z 1000372e f i FiscalPrinter.obj
 0001:0000276c       ?LockServer@CComClassFactory@ATL@@UAGJH@Z 1000376c f i FiscalPrinter.obj
 0001:0000278b       ?GetConnectionInterface@?$IConnectionPointImpl@VCOPOSFiscalPrinter@@$1?DIID__IOPOSFiscalPrinterEvents@@3U_GUID@@BVCComDynamicUnkArray@ATL@@@ATL@@UAGJPAU_GUID@@@Z 1000378b f i FiscalPrinter.obj
 0001:000027af       ?GetConnectionPointContainer@?$IConnectionPointImpl@VCOPOSFiscalPrinter@@$1?DIID__IOPOSFiscalPrinterEvents@@3U_GUID@@BVCComDynamicUnkArray@ATL@@@ATL@@UAGJPAPAUIConnectionPointContainer@@@Z 100037af f i FiscalPrinter.obj
 0001:000027d2       ??_ECComClassFactory@ATL@@UAEPAXI@Z 100037d2 f i FiscalPrinter.obj
 0001:000027d2       ??_GCComClassFactory@ATL@@UAEPAXI@Z 100037d2 f i FiscalPrinter.obj
 0001:000027fd       ?UpdateRegistry@COPOSFiscalPrinter@@SGJH@Z 100037fd f i FiscalPrinter.obj
 0001:00002815       ?ProcessWindowMessage@COPOSFiscalPrinter@@UAEHPAUHWND__@@IIJAAJK@Z 10003815 f i FiscalPrinter.obj
 0001:0000285e       ?SODirectIO@COPOSFiscalPrinter@@MAGJJPAJPAPA_W@Z 1000385e f i FiscalPrinter.obj
 0001:000028a7       ?SOError@COPOSFiscalPrinter@@MAGJJJJPAJ@Z 100038a7 f i FiscalPrinter.obj
 0001:000028fc       ?SOOutputComplete@COPOSFiscalPrinter@@MAGJJ@Z 100038fc f i FiscalPrinter.obj
 0001:00002935       ?SOStatusUpdate@COPOSFiscalPrinter@@MAGJJ@Z 10003935 f i FiscalPrinter.obj
 0001:0000296e       ??$?4UITypeInfo2@@@?$CComPtr@UITypeInfo@@@ATL@@QAEPAUITypeInfo@@ABV?$CComPtr@UITypeInfo2@@@1@@Z 1000396e f i FiscalPrinter.obj
 0001:0000299b       ??$AtlAdd@K@ATL@@YAJPAKKK@Z 1000399b f i FiscalPrinter.obj
 0001:000029be       ??$AtlAdd@_K@ATL@@YAJPA_K_K1@Z 100039be f i FiscalPrinter.obj
 0001:000029f6       ??$AtlAddThrow@K@ATL@@YAKKK@Z 100039f6 f i FiscalPrinter.obj
 0001:00002a1c       ??$AtlModuleRegisterWndClassInfoT@VAtlModuleRegisterWndClassInfoParamW@ATL@@@ATL@@YAGPAU_ATL_BASE_MODULE70@0@PAU_ATL_WIN_MODULE70@0@PAU_ATL_WNDCLASSINFOW@0@PAP6GJPAUHWND__@@IIJ@ZVAtlModuleRegisterWndClassInfoParamW@0@@Z 10003a1c f i FiscalPrinter.obj
 0001:00002b6a       ??$AtlMultiply@H@ATL@@YAJPAHHH@Z 10003b6a f i FiscalPrinter.obj
 0001:00002ba2       ??$AtlMultiply@K@ATL@@YAJPAKKK@Z 10003ba2 f i FiscalPrinter.obj
 0001:00002ba2       ??$AtlMultiply@I@ATL@@YAJPAIII@Z 10003ba2 f i FiscalPrinter.obj
 0001:00002bc4       ??$AtlMultiplyThrow@I@ATL@@YAIII@Z 10003bc4 f i FiscalPrinter.obj
 0001:00002bea       ??0?$CComAggObject@VCOPOSFiscalPrinter@@@ATL@@QAE@PAX@Z 10003bea f i FiscalPrinter.obj
 0001:00002c17       ??0?$CComContainedObject@VCOPOSFiscalPrinter@@@ATL@@QAE@PAX@Z 10003c17 f i FiscalPrinter.obj
 0001:00002cd0       ??0?$CComObject@V?$CComEnum@UIEnumConnectionPoints@@$1?_GUID_b196b285_bab4_101a_b69c_00aa00341d07@@3U__s_GUID@@BPAUIConnectionPoint@@V?$_CopyInterface@UIConnectionPoint@@@ATL@@VCComSingleThreadModel@6@@ATL@@@ATL@@QAE@PAX@Z 10003cd0 f i FiscalPrinter.obj
 0001:00002cfe       ??0?$CComObject@V?$CComEnum@UIEnumConnections@@$1?_GUID_b196b287_bab4_101a_b69c_00aa00341d07@@3U__s_GUID@@BUtagCONNECTDATA@@V?$_Copy@UtagCONNECTDATA@@@ATL@@VCComSingleThreadModel@6@@ATL@@@ATL@@QAE@PAX@Z 10003cfe f i FiscalPrinter.obj
 0001:00002d2c       ??0?$CComObject@VCOPOSFiscalPrinter@@@ATL@@QAE@PAX@Z 10003d2c f i FiscalPrinter.obj
 0001:00002de3       ??0?$CComQIPtr@UIOleControlSite@@$1?_GUID_b196b289_bab4_101a_b69c_00aa00341d07@@3U__s_GUID@@B@ATL@@QAE@PAUIUnknown@@@Z 10003de3 f i FiscalPrinter.obj
 0001:00002e0c       ??0CAtlModule@ATL@@QAE@XZ  10003e0c f i FiscalPrinter.obj
 0001:00002e4d       ??0CParseBuffer@CRegParser@ATL@@QAE@H@Z 10003e4d f i FiscalPrinter.obj
 0001:00002e83       ??0_ATL_MSG@ATL@@QAE@PAUHWND__@@IIJH@Z 10003e83 f i FiscalPrinter.obj
 0001:00002ebb       ??1?$CComAggObject@VCOPOSFiscalPrinter@@@ATL@@UAE@XZ 10003ebb f i FiscalPrinter.obj
 0001:00002edf       ??1?$CComEnumImpl@UIEnumConnectionPoints@@$1?_GUID_b196b285_bab4_101a_b69c_00aa00341d07@@3U__s_GUID@@BPAUIConnectionPoint@@V?$_CopyInterface@UIConnectionPoint@@@ATL@@@ATL@@UAE@XZ 10003edf f i FiscalPrinter.obj
 0001:00002f1f       ??1?$CComEnumImpl@UIEnumConnections@@$1?_GUID_b196b287_bab4_101a_b69c_00aa00341d07@@3U__s_GUID@@BUtagCONNECTDATA@@V?$_Copy@UtagCONNECTDATA@@@ATL@@@ATL@@UAE@XZ 10003f1f f i FiscalPrinter.obj
 0001:00002f5f       ??1?$CComObject@V?$CComEnum@UIEnumConnectionPoints@@$1?_GUID_b196b285_bab4_101a_b69c_00aa00341d07@@3U__s_GUID@@BPAUIConnectionPoint@@V?$_CopyInterface@UIConnectionPoint@@@ATL@@VCComSingleThreadModel@6@@ATL@@@ATL@@UAE@XZ 10003f5f f i FiscalPrinter.obj
 0001:00002f82       ??1?$CComObject@V?$CComEnum@UIEnumConnections@@$1?_GUID_b196b287_bab4_101a_b69c_00aa00341d07@@3U__s_GUID@@BUtagCONNECTDATA@@V?$_Copy@UtagCONNECTDATA@@@ATL@@VCComSingleThreadModel@6@@ATL@@@ATL@@UAE@XZ 10003f82 f i FiscalPrinter.obj
 0001:00002fa5       ??1?$CComObject@VCOPOSFiscalPrinter@@@ATL@@UAE@XZ 10003fa5 f i FiscalPrinter.obj
 0001:00003063       ??1?$CComObjectCached@VCComClassFactory@ATL@@@ATL@@UAE@XZ 10004063 f i FiscalPrinter.obj
 0001:00003079       ??1?$CComObjectRootEx@VCComMultiThreadModel@ATL@@@ATL@@QAE@XZ 10004079 f i FiscalPrinter.obj
 0001:0000308e       ??1CRegObject@ATL@@UAE@XZ  1000408e f i FiscalPrinter.obj
 0001:000030ae       ??4?$CComPtr@UIOleClientSite@@@ATL@@QAEPAUIOleClientSite@@PAU2@@Z 100040ae f i FiscalPrinter.obj
 0001:000030ae       ??4?$CComPtr@UIUnknown@@@ATL@@QAEPAUIUnknown@@PAU2@@Z 100040ae f i FiscalPrinter.obj
 0001:000030ae       ??4?$CComPtr@UIAdviseSink@@@ATL@@QAEPAUIAdviseSink@@PAU2@@Z 100040ae f i FiscalPrinter.obj
 0001:000030e2       ??4?$CComQIPtr@UIOleObject@@$1?_GUID_00000112_0000_0000_c000_000000000046@@3U__s_GUID@@B@ATL@@QAEPAUIOleObject@@PAUIUnknown@@@Z 100040e2 f i FiscalPrinter.obj
 0001:00003107       ??4?$CComQIPtr@UISpecifyPropertyPages@@$1?_GUID_b196b28b_bab4_101a_b69c_00aa00341d07@@3U__s_GUID@@B@ATL@@QAEPAUISpecifyPropertyPages@@PAUIUnknown@@@Z 10004107 f i FiscalPrinter.obj
 0001:0000312c       ??_G?$CComContainedObject@VCOPOSFiscalPrinter@@@ATL@@UAEPAXI@Z 1000412c f i FiscalPrinter.obj
 0001:0000312c       ??_E?$CComContainedObject@VCOPOSFiscalPrinter@@@ATL@@UAEPAXI@Z 1000412c f i FiscalPrinter.obj
 0001:00003151       ??_E?$CComObject@VCOPOSFiscalPrinter@@@ATL@@UAEPAXI@Z 10004151 f i FiscalPrinter.obj
 0001:00003151       ??_G?$CComObject@VCOPOSFiscalPrinter@@@ATL@@UAEPAXI@Z 10004151 f i FiscalPrinter.obj
 0001:00003176       ?Add@?$CSimpleArray@GV?$CSimpleArrayEqualHelper@G@ATL@@@ATL@@QAEHABG@Z 10004176 f i FiscalPrinter.obj
 0001:000031fa       ?Add@?$CSimpleMap@PA_WPA_WVCExpansionVectorEqualHelper@ATL@@@ATL@@QAEHABQA_W0@Z 100041fa f i FiscalPrinter.obj
 0001:0000324f       ?Add@CComDynamicUnkArray@ATL@@QAEKPAUIUnknown@@@Z 1000424f f i FiscalPrinter.obj
 0001:00003305       ?Add@CExpansionVector@ATL@@QAEHPB_W0@Z 10004305 f i FiscalPrinter.obj
 0001:00003409       ?AddString@CParseBuffer@CRegParser@ATL@@QAEHPB_W@Z 10004409 f i FiscalPrinter.obj
 0001:0000343e       ?AddValue@CRegParser@ATL@@IAEJAAVCRegKey@2@PB_WPA_W@Z 1000443e f i FiscalPrinter.obj
 0001:0000375f       ?Allocate@?$CAtlSafeAllocBufferManager@VCCRTAllocator@ATL@@@_ATL_SAFE_ALLOCA_IMPL@ATL@@QAEPAXK@Z 1000475f f i FiscalPrinter.obj
 0001:0000378c       ?Allocate@?$CTempBuffer@E$0BAA@VCCRTAllocator@ATL@@@ATL@@QAEPAEI@Z 1000478c f i FiscalPrinter.obj
 0001:000037bb       ?Allocate@?$CTempBuffer@_W$0BAA@VCCRTAllocator@ATL@@@ATL@@QAEPA_WI@Z 100047bb f i FiscalPrinter.obj
 0001:000037ea       ?Allocate@?$CTempBuffer@_W$0EAA@VCCRTAllocator@ATL@@@ATL@@QAEPA_WI@Z 100047ea f i FiscalPrinter.obj
 0001:00003819       ?AllocateHeap@?$CTempBuffer@_W$0EAA@VCCRTAllocator@ATL@@@ATL@@AAEXI@Z 10004819 f i FiscalPrinter.obj
 0001:00003819       ?AllocateHeap@?$CTempBuffer@E$0BAA@VCCRTAllocator@ATL@@@ATL@@AAEXI@Z 10004819 f i FiscalPrinter.obj
 0001:00003819       ?AllocateHeap@?$CTempBuffer@_W$0BAA@VCCRTAllocator@ATL@@@ATL@@AAEXI@Z 10004819 f i FiscalPrinter.obj
 0001:0000383e       ?Append@CParseBuffer@CRegParser@ATL@@QAEHPB_WH@Z 1000483e f i FiscalPrinter.obj
 0001:000038cc       ?AtlCallTermFunc@ATL@@YGXPAU_ATL_MODULE70@1@@Z 100048cc f i FiscalPrinter.obj
 0001:00003910       ?AtlCoTaskMemCAlloc@ATL@@YAPAXKK@Z 10004910 f i FiscalPrinter.obj
 0001:0000393d       ?AtlCoTaskMemRecalloc@ATL@@YAPAXPAXKK@Z 1000493d f i FiscalPrinter.obj
 0001:0000396d       ?AtlComModuleGetClassObject@ATL@@YGJPAU_ATL_COM_MODULE70@1@ABU_GUID@@1PAPAX@Z 1000496d f i FiscalPrinter.obj
 0001:00003a60       ?AtlComModuleRegisterServer@ATL@@YGJPAU_ATL_COM_MODULE70@1@HPBU_GUID@@@Z 10004a60 f i FiscalPrinter.obj
 0001:00003ae8       ?AtlComModuleUnregisterServer@ATL@@YGJPAU_ATL_COM_MODULE70@1@HPBU_GUID@@@Z 10004ae8 f i FiscalPrinter.obj
 0001:00003b70       ?AtlComQIPtrAssign2@ATL@@YAXPAPAUIUnknown@@PAU2@ABU_GUID@@@Z 10004b70 f i FiscalPrinter.obj
 0001:00003b9f       ?AtlCreateTargetDC@ATL@@YGPAUHDC__@@PAU2@PAUtagDVTARGETDEVICE@@@Z 10004b9f f i FiscalPrinter.obj
 0001:00003c08       ?AtlCrtErrorCheck@ATL@@YAHH@Z 10004c08 f i FiscalPrinter.obj
 0001:00003c43       ?AtlHiMetricToPixel@ATL@@YGXPBUtagSIZE@@PAU2@@Z 10004c43 f i FiscalPrinter.obj
 0001:00003cb8       ?AtlHresultFromLastError@ATL@@YAJXZ 10004cb8 f i FiscalPrinter.obj
 0001:00003ccf       ?AtlHresultFromWin32@ATL@@YAJK@Z 10004ccf f i FiscalPrinter.obj
 0001:00003ce4       ?AtlIPersistStreamInit_Load@ATL@@YGJPAUIStream@@PBUATL_PROPMAP_ENTRY@1@PAXPAUIUnknown@@@Z 10004ce4 f i FiscalPrinter.obj
 0001:00003ec4       ?AtlIPersistStreamInit_Save@ATL@@YGJPAUIStream@@HPBUATL_PROPMAP_ENTRY@1@PAXPAUIUnknown@@@Z 10004ec4 f i FiscalPrinter.obj
 0001:0000405c       ?AtlInternalOleLoadFromStream@ATL@@YAJPAUIStream@@ABU_GUID@@PAPAXTClassesAllowedInStream@1@K@Z 1000505c f i FiscalPrinter.obj
 0001:00004182       ?AtlInternalQueryInterface@ATL@@YGJPAXPBU_ATL_INTMAP_ENTRY@1@ABU_GUID@@PAPAX@Z 10005182 f i FiscalPrinter.obj
 0001:00004225       ?AtlLoadTypeLib@ATL@@YGJPAUHINSTANCE__@@PB_WPAPA_WPAPAUITypeLib@@@Z 10005225 f i FiscalPrinter.obj
 0001:00004403       ?AtlModuleAddTermFunc@ATL@@YGJPAU_ATL_MODULE70@1@P6GXK@ZK@Z 10005403 f i FiscalPrinter.obj
 0001:00004460       ?AtlRegisterClassCategoriesHelper@ATL@@YGJABU_GUID@@PBU_ATL_CATMAP_ENTRY@1@H@Z 10005460 f i FiscalPrinter.obj
 0001:00004740       ?AtlRegisterTypeLib@ATL@@YGJPAUHINSTANCE__@@PB_W@Z 10005740 f i FiscalPrinter.obj
 0001:000048c8       ?AtlThrowImpl@ATL@@YGXJ@Z  100058c8 f i FiscalPrinter.obj
 0001:000048e6       ?AtlUnRegisterTypeLib@ATL@@YGJPAUHINSTANCE__@@PB_W@Z 100058e6 f i FiscalPrinter.obj
 0001:00004991       ?AtlWinModuleAddCreateWndData@ATL@@YGXPAU_ATL_WIN_MODULE70@1@PAU_AtlCreateWndData@1@PAX@Z 10005991 f i FiscalPrinter.obj
 0001:000049e5       ?AtlWinModuleExtractCreateWndData@ATL@@YGPAXPAU_ATL_WIN_MODULE70@1@@Z 100059e5 f i FiscalPrinter.obj
 0001:00004a48       ?AtlWinModuleRegisterClassExW@ATL@@YGGPAU_ATL_WIN_MODULE70@1@PBUtagWNDCLASSEXW@@@Z 10005a48 f i FiscalPrinter.obj
 0001:00004a87       ?CanForceRemoveKey@CRegParser@ATL@@IAEHPB_W@Z 10005a87 f i FiscalPrinter.obj
 0001:00004ab6       ?ChToByte@CRegParser@ATL@@KAE_W@Z 10005ab6 f i FiscalPrinter.obj
 0001:00004ae9       ?Cleanup@CComTypeInfoHolder@ATL@@SGXK@Z 10005ae9 f i FiscalPrinter.obj
 0001:00004b1c       ?ClearReplacements@CExpansionVector@ATL@@QAEJXZ 10005b1c f i FiscalPrinter.obj
 0001:00004b59       ?Close@CRegKey@ATL@@QAEJXZ 10005b59 f i FiscalPrinter.obj
 0001:00004b73       ?CreateInstance@?$CComCreator@V?$CComAggObject@VCOPOSFiscalPrinter@@@ATL@@@ATL@@SGJPAXABU_GUID@@PAPAX@Z 10005b73 f i FiscalPrinter.obj
 0001:00004be9       ?CreateInstance@?$CComCreator@V?$CComObject@VCOPOSFiscalPrinter@@@ATL@@@ATL@@SGJPAXABU_GUID@@PAPAX@Z 10005be9 f i FiscalPrinter.obj
 0001:00004c6a       ?CreateInstance@?$CComObject@V?$CComEnum@UIEnumConnectionPoints@@$1?_GUID_b196b285_bab4_101a_b69c_00aa00341d07@@3U__s_GUID@@BPAUIConnectionPoint@@V?$_CopyInterface@UIConnectionPoint@@@ATL@@VCComSingleThreadModel@6@@ATL@@@ATL@@SGJPAPAV12@@Z 10005c6a f i FiscalPrinter.obj
 0001:00004cb1       ?CreateInstance@?$CComObject@V?$CComEnum@UIEnumConnections@@$1?_GUID_b196b287_bab4_101a_b69c_00aa00341d07@@3U__s_GUID@@BUtagCONNECTDATA@@V?$_Copy@UtagCONNECTDATA@@@ATL@@VCComSingleThreadModel@6@@ATL@@@ATL@@SGJPAPAV12@@Z 10005cb1 f i FiscalPrinter.obj
 0001:00004cf8       ?DefaultReflectionHandler@?$CWindowImplRoot@VCWindow@ATL@@@ATL@@SAHPAUHWND__@@IIJAAJ@Z 10005cf8 f i FiscalPrinter.obj
 0001:00004d6b       ?DeleteSubKey@CRegKey@ATL@@QAEJPB_W@Z 10005d6b f i FiscalPrinter.obj
 0001:00004de4       ?DoEvent@COPOSFiscalPrinter@@IAEXIIJ@Z 10005de4 f i FiscalPrinter.obj
 0001:00004e64       ?DoVerbHide@?$IOleObjectImpl@VCOPOSFiscalPrinter@@@ATL@@QAEJPBUtagRECT@@PAUHWND__@@@Z 10005e64 f i FiscalPrinter.obj
 0001:00004e9a       ?DoVerbInPlaceActivate@?$IOleObjectImpl@VCOPOSFiscalPrinter@@@ATL@@QAEJPBUtagRECT@@PAUHWND__@@@Z 10005e9a f i FiscalPrinter.obj
 0001:00004ecd       ?DoVerbPrimary@?$IOleObjectImpl@VCOPOSFiscalPrinter@@@ATL@@QAEJPBUtagRECT@@PAUHWND__@@@Z 10005ecd f i FiscalPrinter.obj
 0001:00004f59       ?DoVerbProperties@CComControlBase@ATL@@QAEJPBUtagRECT@@PAUHWND__@@@Z 10005f59 f i FiscalPrinter.obj
 0001:00005080       ?DoVerbShow@?$IOleObjectImpl@VCOPOSFiscalPrinter@@@ATL@@QAEJPBUtagRECT@@PAUHWND__@@@Z 10006080 f i FiscalPrinter.obj
 0001:000050a5       ?DoVerbUIActivate@?$IOleObjectImpl@VCOPOSFiscalPrinter@@@ATL@@QAEJPBUtagRECT@@PAUHWND__@@@Z 100060a5 f i FiscalPrinter.obj
 0001:000050e2       ?DoesVerbActivate@CComControlBase@ATL@@QAEHJ@Z 100060e2 f i FiscalPrinter.obj
 0001:00005103       ?DoesVerbUIActivate@CComControlBase@ATL@@QAEHJ@Z 10006103 f i FiscalPrinter.obj
 0001:00005138       ?EndOfVar@CRegParser@ATL@@IAEHXZ 10006138 f i FiscalPrinter.obj
 0001:00005158       ?EscapeSingleQuote@CAtlModule@ATL@@SAXPA_WIPB_W@Z 10006158 f i FiscalPrinter.obj
 0001:000051a7       ?FindKey@?$CSimpleMap@PA_WPA_WVCExpansionVectorEqualHelper@ATL@@@ATL@@QBEHABQA_W@Z 100061a7 f i FiscalPrinter.obj
 0001:000051de       ?FireTheEvent@?$CProxy_IOPOSEvents@VCOPOSFiscalPrinter@@@@IAEXPAVOposVariant@@IAAJPB_WJ@Z 100061de f i FiscalPrinter.obj
 0001:00005270       ?FireViewChange@CComControlBase@ATL@@QAEJXZ 10006270 f i FiscalPrinter.obj
 0001:000052b9       ?Fire_DirectIOEvent@?$CProxy_IOPOSEvents@VCOPOSFiscalPrinter@@@@QAEXJPAJPAPA_W@Z 100062b9 f i FiscalPrinter.obj
 0001:0000539f       ?Fire_ErrorEvent@?$CProxy_IOPOSEvents@VCOPOSFiscalPrinter@@@@QAEXJJJPAJ@Z 1000639f f i FiscalPrinter.obj
 0001:00005486       ?Fire_OutputCompleteEvent@?$CProxy_IOPOSEvents@VCOPOSFiscalPrinter@@@@QAEXJ@Z 10006486 f i FiscalPrinter.obj
 0001:00005512       ?Fire_StatusUpdateEvent@?$CProxy_IOPOSEvents@VCOPOSFiscalPrinter@@@@QAEXJ@Z 10006512 f i FiscalPrinter.obj
 0001:0000559e       ?FreeHeap@?$CTempBuffer@E$0BAA@VCCRTAllocator@ATL@@@ATL@@AAEXXZ 1000659e f i FiscalPrinter.obj
 0001:0000559e       ?FreeHeap@?$CTempBuffer@_W$0BAA@VCCRTAllocator@ATL@@@ATL@@AAEXXZ 1000659e f i FiscalPrinter.obj
 0001:0000559e       ?FreeHeap@?$CTempBuffer@_W$0EAA@VCCRTAllocator@ATL@@@ATL@@AAEXXZ 1000659e f i FiscalPrinter.obj
 0001:000055a7       ?GetAmbientLocaleID@CComControlBase@ATL@@QAEJAAK@Z 100065a7 f i FiscalPrinter.obj
 0001:00005603       ?GetAmbientUserMode@CComControlBase@ATL@@QAEJAAH@Z 10006603 f i FiscalPrinter.obj
 0001:00005673       ?GetAt@CComDynamicUnkArray@ATL@@QAEPAUIUnknown@@H@Z 10006673 f i FiscalPrinter.obj
 0001:0000568f       ?GetClassObject@CComModule@ATL@@QAEJABU_GUID@@0PAPAX@Z 1000668f f i FiscalPrinter.obj
 0001:00005731       ?GetConnMap@COPOSFiscalPrinter@@SAPBU_ATL_CONNMAP_ENTRY@ATL@@PAH@Z 10006731 f i FiscalPrinter.obj
 0001:000057a1       ?GetCookie@CComDynamicUnkArray@ATL@@QAGKPAPAUIUnknown@@@Z 100067a1 f i FiscalPrinter.obj
 0001:000057d9       ?GetIDsOfNames@CComTypeInfoHolder@ATL@@QAEJABU_GUID@@PAPA_WIKPAJ@Z 100067d9 f i FiscalPrinter.obj
 0001:000058e7       ?GetKeyAt@?$CSimpleMap@PA_WPA_WVCExpansionVectorEqualHelper@ATL@@@ATL@@QBEAAPA_WH@Z 100068e7 f i FiscalPrinter.obj
 0001:0000590c       ?GetPagesHelper@?$ISpecifyPropertyPagesImpl@VCOPOSFiscalPrinter@@@ATL@@IAEJPAUtagCAUUID@@PBUATL_PROPMAP_ENTRY@2@@Z 1000690c f i FiscalPrinter.obj
 0001:00005a33       ?GetProperty@?$CComPtr@UIDispatch@@@ATL@@SAJPAUIDispatch@@JPAUtagVARIANT@@@Z 10006a33 f i FiscalPrinter.obj
 0001:00005a82       ?GetSizeMax@CComVariant@ATL@@QBEJPAT_ULARGE_INTEGER@@@Z 10006a82 f i FiscalPrinter.obj
 0001:00005c3c       ?GetStreamSize@CComBSTR@ATL@@SAKPA_W@Z 10006c3c f i FiscalPrinter.obj
 0001:00005c56       ?GetTI@CComTypeInfoHolder@ATL@@QAEJK@Z 10006c56 f i FiscalPrinter.obj
 0001:00005e3f       ?GetTI@CComTypeInfoHolder@ATL@@QAEJKPAPAUITypeInfo@@@Z 10006e3f f i FiscalPrinter.obj
 0001:00005e81       ?GetUnknown@CComDynamicUnkArray@ATL@@QAGPAUIUnknown@@K@Z 10006e81 f i FiscalPrinter.obj
 0001:00005ea2       ?GetValueAt@?$CSimpleMap@PA_WPA_WVCExpansionVectorEqualHelper@ATL@@@ATL@@QBEAAPA_WH@Z 10006ea2 f i FiscalPrinter.obj
 0001:00005ec8       ?GetZoomInfo@CComControlBase@ATL@@QAEXAAUATL_DRAWINFO@@@Z 10006ec8 f i FiscalPrinter.obj
 0001:00005f5b       ?HKeyFromString@CRegParser@ATL@@KAPAUHKEY__@@PA_W@Z 10006f5b f i FiscalPrinter.obj
 0001:00005f89       ?HasSubKeys@CRegParser@ATL@@IAEHPAUHKEY__@@@Z 10006f89 f i FiscalPrinter.obj
 0001:00005fbe       ?IDataObject_GetData@CComControlBase@ATL@@QAEJPAUtagFORMATETC@@PAUtagSTGMEDIUM@@@Z 10006fbe f i FiscalPrinter.obj
 0001:00006164       ?IOleInPlaceObject_InPlaceDeactivate@CComControlBase@ATL@@QAEJXZ 10007164 f i FiscalPrinter.obj
 0001:000061eb       ?IOleInPlaceObject_SetObjectRects@CComControlBase@ATL@@QAEJPBUtagRECT@@0@Z 100071eb f i FiscalPrinter.obj
 0001:000062b8       ?IOleInPlaceObject_UIDeactivate@CComControlBase@ATL@@QAEJXZ 100072b8 f i FiscalPrinter.obj
 0001:0000637a       ?IOleObject_Advise@CComControlBase@ATL@@QAEJPAUIAdviseSink@@PAK@Z 1000737a f i FiscalPrinter.obj
 0001:000063a4       ?IOleObject_Close@CComControlBase@ATL@@QAEJK@Z 100073a4 f i FiscalPrinter.obj
 0001:00006488       ?IOleObject_GetClientSite@CComControlBase@ATL@@QAEJPAPAUIOleClientSite@@@Z 10007488 f i FiscalPrinter.obj
 0001:000064b1       ?IOleObject_SetClientSite@CComControlBase@ATL@@QAEJPAUIOleClientSite@@@Z 100074b1 f i FiscalPrinter.obj
 0001:000064f0       ?IOleObject_SetExtent@CComControlBase@ATL@@QAEJKPAUtagSIZE@@@Z 100074f0 f i FiscalPrinter.obj
 0001:000065a4       ?IPSI_GetIPersistStreamInit@?$IPersistStorageImpl@VCOPOSFiscalPrinter@@@ATL@@AAEPAUIPersistStreamInit@@XZ 100075a4 f i FiscalPrinter.obj
 0001:000065e6       ?IPersistStreamInit_Load@?$IPersistStreamInitImpl@VCOPOSFiscalPrinter@@@ATL@@QAEJPAUIStream@@PBUATL_PROPMAP_ENTRY@2@@Z 100075e6 f i FiscalPrinter.obj
 0001:00006612       ?IPersistStreamInit_Save@?$IPersistStreamInitImpl@VCOPOSFiscalPrinter@@@ATL@@QAEJPAUIStream@@HPBUATL_PROPMAP_ENTRY@2@@Z 10007612 f i FiscalPrinter.obj
 0001:00006647       ?IQuickActivate_QuickActivate@CComControlBase@ATL@@QAEJPAUtagQACONTAINER@@PAUtagQACONTROL@@@Z 10007647 f i FiscalPrinter.obj
 0001:00006889       ?IViewObject_Draw@CComControlBase@ATL@@QAEJKJPAXPAUtagDVTARGETDEVICE@@PAUHDC__@@2PBU_RECTL@@3@Z 10007889 f i FiscalPrinter.obj
 0001:00006931       ?InPlaceActivate@CComControlBase@ATL@@QAEJJPBUtagRECT@@@Z 10007931 f i FiscalPrinter.obj
 0001:00006ba2       ?Init@?$CComEnumImpl@UIEnumConnectionPoints@@$1?_GUID_b196b285_bab4_101a_b69c_00aa00341d07@@3U__s_GUID@@BPAUIConnectionPoint@@V?$_CopyInterface@UIConnectionPoint@@@ATL@@@ATL@@QAEJPAPAUIConnectionPoint@@0PAUIUnknown@@W4CComEnumFlags@2@@Z 10007ba2 f i FiscalPrinter.obj
 0001:00006c81       ?Init@?$CComEnumImpl@UIEnumConnections@@$1?_GUID_b196b287_bab4_101a_b69c_00aa00341d07@@3U__s_GUID@@BUtagCONNECTDATA@@V?$_Copy@UtagCONNECTDATA@@@ATL@@@ATL@@QAEJPAUtagCONNECTDATA@@0PAUIUnknown@@W4CComEnumFlags@2@@Z 10007c81 f i FiscalPrinter.obj
 0001:00006d60       ?Init@CComModule@ATL@@QAEJPAU_ATL_OBJMAP_ENTRY30@2@PAUHINSTANCE__@@PBU_GUID@@@Z 10007d60 f i FiscalPrinter.obj
 0001:00006dbf       ?Init@CDynamicStdCallThunk2@ATL@@QAEHKPAX@Z 10007dbf f i FiscalPrinter.obj
 0001:00006dea       ?InlineIsEqualUnknown@ATL@@YGHABU_GUID@@@Z 10007dea f i FiscalPrinter.obj
 0001:00006e12       ?InternalGetSite@CComControlBase@ATL@@QAEJABU_GUID@@PAPAX@Z 10007e12 f i FiscalPrinter.obj
 0001:00006e40       ?InternalSetAtIndex@?$CSimpleMap@PA_WPA_WVCExpansionVectorEqualHelper@ATL@@@ATL@@QAEXHABQA_W0@Z 10007e40 f i FiscalPrinter.obj
 0001:00006e6a       ?Invoke@CComTypeInfoHolder@ATL@@QAEJPAUIDispatch@@JABU_GUID@@KGPAUtagDISPPARAMS@@PAUtagVARIANT@@PAUtagEXCEPINFO@@PAI@Z 10007e6a f i FiscalPrinter.obj
 0001:00006ead       ?IsEqualObject@?$CComPtrBase@UIOleClientSite@@@ATL@@QAE_NPAUIUnknown@@@Z 10007ead f i FiscalPrinter.obj
 0001:00006ead       ?IsEqualObject@?$CComPtrBase@UITypeInfo@@@ATL@@QAE_NPAUIUnknown@@@Z 10007ead f i FiscalPrinter.obj
 0001:00006f1a       ?IsSpace@CRegParser@ATL@@IAEH_W@Z 10007f1a f i FiscalPrinter.obj
 0001:00006f44       ?LoadNameCache@CComTypeInfoHolder@ATL@@QAEJPAUITypeInfo@@@Z 10007f44 f i FiscalPrinter.obj
 0001:00007092       ?Lookup@?$CSimpleMap@PA_WPA_WVCExpansionVectorEqualHelper@ATL@@@ATL@@QBEPA_WABQA_W@Z 10008092 f i FiscalPrinter.obj
 0001:000070b8       ?NextToken@CRegParser@ATL@@IAEJPA_W@Z 100080b8 f i FiscalPrinter.obj
 0001:000071f0       ?OnKillFocus@CComControlBase@ATL@@QAEJIIJAAH@Z 100081f0 f i FiscalPrinter.obj
 0001:0000724b       ?OnMouseActivate@CComControlBase@ATL@@QAEJIIJAAH@Z 1000824b f i FiscalPrinter.obj
 0001:000072b9       ?OnPaint@CComControlBase@ATL@@QAEJIIJAAH@Z 100082b9 f i FiscalPrinter.obj
 0001:0000736b       ?OnSetFocus@CComControlBase@ATL@@QAEJIIJAAH@Z 1000836b f i FiscalPrinter.obj
 0001:000073f4       ?Open@CRegKey@ATL@@QAEJPAUHKEY__@@PB_WK@Z 100083f4 f i FiscalPrinter.obj
 0001:00007449       ?PreProcessBuffer@CRegParser@ATL@@QAEJPA_WPAPA_W@Z 10008449 f i FiscalPrinter.obj
 0001:000076b3       ?ProcessWindowMessage@?$CComControl@VCOPOSFiscalPrinter@@V?$CWindowImpl@VCOPOSFiscalPrinter@@VCWindow@ATL@@V?$CWinTraits@$0FGAAAAAA@$0A@@3@@ATL@@@ATL@@UAEHPAUHWND__@@IIJAAJK@Z 100086b3 f i FiscalPrinter.obj
 0001:00007752       ?PutProperty@?$CComPtr@UIDispatch@@@ATL@@SAJPAUIDispatch@@JPAUtagVARIANT@@@Z 10008752 f i FiscalPrinter.obj
 0001:000077e4       ?ReadFromStream@CComBSTR@ATL@@QAEJPAUIStream@@@Z 100087e4 f i FiscalPrinter.obj
 0001:00007912       ?ReadFromStream@CComVariant@ATL@@QAEJPAUIStream@@GTClassesAllowedInStream@2@K@Z 10008912 f i FiscalPrinter.obj
 0001:00007a98       ?RecurseDeleteKey@CRegKey@ATL@@QAEJPB_W@Z 10008a98 f i FiscalPrinter.obj
 0001:00007b5a       ?RegCreateKeyExW@CAtlTransactionManager@ATL@@QAEJPAUHKEY__@@PB_WKPA_WKKQAU_SECURITY_ATTRIBUTES@@PAPAU3@PAK@Z 10008b5a f i FiscalPrinter.obj
 0001:00007bbd       ?RegDeleteKeyW@CAtlTransactionManager@ATL@@QAEJPAUHKEY__@@PB_W@Z 10008bbd f i FiscalPrinter.obj
 0001:00007c0f       ?RegOpenKeyExW@CAtlTransactionManager@ATL@@QAEJPAUHKEY__@@PB_WKKPAPAU3@@Z 10008c0f f i FiscalPrinter.obj
 0001:00007c66       ?Register@_ATL_WNDCLASSINFOW@ATL@@QAEGPAP6GJPAUHWND__@@IIJ@Z@Z 10008c66 f i FiscalPrinter.obj
 0001:00007c86       ?RegisterBuffer@CRegParser@ATL@@QAEJPA_WH@Z 10008c86 f i FiscalPrinter.obj
 0001:00007dbf       ?RegisterFromResource@CRegObject@ATL@@IAEJPB_W00H@Z 10008dbf f i FiscalPrinter.obj
 0001:00007ef5       ?RegisterServer@?$CAtlModuleT@VCComModule@ATL@@@ATL@@QAEJHPBU_GUID@@@Z 10008ef5 f i FiscalPrinter.obj
 0001:00007f23       ?RegisterServer@CComModule@ATL@@QAEJHPBU_GUID@@@Z 10008f23 f i FiscalPrinter.obj
 0001:00007f99       ?RegisterSubkeys@CRegParser@ATL@@IAEJPA_WPAUHKEY__@@HH@Z 10008f99 f i FiscalPrinter.obj
 0001:0000856b       ?Remove@CComDynamicUnkArray@ATL@@QAEHK@Z 1000956b f i FiscalPrinter.obj
 0001:00008594       ?RemoveAll@?$CSimpleMap@PA_WPA_WVCExpansionVectorEqualHelper@ATL@@@ATL@@QAEXXZ 10009594 f i FiscalPrinter.obj
 0001:000085c0       ?ResourceRegisterSz@CRegObject@ATL@@QAGJPB_W00@Z 100095c0 f i FiscalPrinter.obj
 0001:000085ed       ?ResourceUnregisterSz@CRegObject@ATL@@QAGJPB_W00@Z 100095ed f i FiscalPrinter.obj
 0001:0000861a       ?SendOnDataChange@CComControlBase@ATL@@QAEJK@Z 1000961a f i FiscalPrinter.obj
 0001:00008667       ?SetControlFocus@CComControlBase@ATL@@QAEHH@Z 10009667 f i FiscalPrinter.obj
 0001:00008704       ?SetMultiStringValue@CRegKey@ATL@@QAEJPB_W0@Z 10009704 f i FiscalPrinter.obj
 0001:00008760       ?SetStringValue@CRegKey@ATL@@QAEJPB_W0K@Z 10009760 f i FiscalPrinter.obj
 0001:000087a9       ?SkipAssignment@CRegParser@ATL@@IAEJPA_W@Z 100097a9 f i FiscalPrinter.obj
 0001:0000880e       ?SkipWhiteSpace@CRegParser@ATL@@IAEXXZ 1000980e f i FiscalPrinter.obj
 0001:00008830       ?StrChrW@CRegParser@ATL@@KAPA_WPA_W_W@Z 10009830 f i FiscalPrinter.obj
 0001:0000886d       ?Term@CAtlModule@ATL@@QAEXXZ 1000986d f i FiscalPrinter.obj
 0001:000088a6       ?Term@CComModule@ATL@@QAEXXZ 100098a6 f i FiscalPrinter.obj
 0001:000088fe       ?UnregisterServer@?$CAtlModuleT@VCComModule@ATL@@@ATL@@QAEJHPBU_GUID@@@Z 100098fe f i FiscalPrinter.obj
 0001:00008924       ?UnregisterServer@CComModule@ATL@@QAEJHPBU_GUID@@@Z 10009924 f i FiscalPrinter.obj
 0001:0000899a       ?UpdateRegistryFromResource@CAtlModule@ATL@@QAGJIHPAU_ATL_REGMAP_ENTRY@2@@Z 1000999a f i FiscalPrinter.obj
 0001:00008b65       ?UpdateRegistryFromResource@CAtlModule@ATL@@QAGJPB_WHPAU_ATL_REGMAP_ENTRY@2@@Z 10009b65 f i FiscalPrinter.obj
 0001:00008d36       ?VTFromRegType@CRegParser@ATL@@KAHPB_WAAG@Z 10009d36 f i FiscalPrinter.obj
 0001:00008da3       ?WindowProc@?$CWindowImplBaseT@VCWindow@ATL@@V?$CWinTraits@$0FGAAAAAA@$0A@@2@@ATL@@SGJPAUHWND__@@IIJ@Z 10009da3 f i FiscalPrinter.obj
 0001:00008e95       ?WriteToStream@CComBSTR@ATL@@QAEJPAUIStream@@@Z 10009e95 f i FiscalPrinter.obj
 0001:00008eec       ?WriteToStream@CComVariant@ATL@@QAEJPAUIStream@@@Z 10009eec f i FiscalPrinter.obj
 0001:00009066       ?WriteToStream@CComVariant@ATL@@QAEJPAUIStream@@G@Z 1000a066 f i FiscalPrinter.obj
 0001:000090cf       ?_AtlInitialConstruct@?$CComObjectRootEx@VCComMultiThreadModel@ATL@@@ATL@@QAEJXZ 1000a0cf f i FiscalPrinter.obj
 0001:000090e4       ?_AtlVerifyStackAvailable@_ATL_SAFE_ALLOCA_IMPL@ATL@@YA_NK@Z 1000a0e4 f i FiscalPrinter.obj
 0001:00009162       ?atlCreate@?$CWindowImpl@VCOPOSFiscalPrinter@@VCWindow@ATL@@V?$CWinTraits@$0FGAAAAAA@$0A@@3@@ATL@@QAEPAUHWND__@@PAU3@V_U_RECT@2@PB_WKKV_U_MENUorID@2@PAX@Z 1000a162 f i FiscalPrinter.obj
 0001:000091a6       ?atlCreate@?$CWindowImplBaseT@VCWindow@ATL@@V?$CWinTraits@$0FGAAAAAA@$0A@@2@@ATL@@QAEPAUHWND__@@PAU3@V_U_RECT@2@PB_WKKV_U_MENUorID@2@GPAX@Z 1000a1a6 f i FiscalPrinter.obj
 0001:00009242       ?atlCreate@CRegKey@ATL@@QAEJPAUHKEY__@@PB_WPA_WKKPAU_SECURITY_ATTRIBUTES@@PAK@Z 1000a242 f i FiscalPrinter.obj
 0001:000092b1       ?copy@?$_Copy@UtagCONNECTDATA@@@ATL@@SAJPAUtagCONNECTDATA@@PBU3@@Z 1000a2b1 f i FiscalPrinter.obj
 0001:000092e7       ?copy@?$_CopyInterface@UIConnectionPoint@@@ATL@@SAJPAPAUIConnectionPoint@@PBQAU3@@Z 1000a2e7 f i FiscalPrinter.obj
 0001:00009315       ?memcpy_s@Checked@ATL@@YAXPAXIPBXI@Z 1000a315 f i FiscalPrinter.obj
 0001:00009334       ?ocscpy_s@@YA_NPA_WIPB_W@Z 1000a334 f i FiscalPrinter.obj
 0001:00009363       ?ocslen@@YAHPB_W@Z         1000a363 f i FiscalPrinter.obj
 0001:00009383       ?wcscpy_s@Checked@ATL@@YAXPA_WIPB_W@Z 1000a383 f i FiscalPrinter.obj
 0001:0000939f       _DllCanUnloadNow@0         1000a39f f   FiscalPrinter.obj
 0001:000093ab       _DllGetClassObject@12      1000a3ab f   FiscalPrinter.obj
 0001:000093b9       _DllMain@12                1000a3b9 f   FiscalPrinter.obj
 0001:000093fb       _DllRegisterServer@0       1000a3fb f   FiscalPrinter.obj
 0001:0000940a       _DllUnregisterServer@0     1000a40a f   FiscalPrinter.obj
 0001:00009419       _InlineIsEqualGUID         1000a419 f i FiscalPrinter.obj
 0001:00009449       ___local_stdio_printf_options 1000a449 f i FiscalPrinter.obj
 0001:0000944f       __vswprintf_s_l            1000a44f f i FiscalPrinter.obj
 0001:000094fc       _swprintf_s                1000a4fc f i FiscalPrinter.obj
 0001:00009518       ??0?$CComControl@VCOPOSFiscalPrinter@@V?$CWindowImpl@VCOPOSFiscalPrinter@@VCWindow@ATL@@V?$CWinTraits@$0FGAAAAAA@$0A@@3@@ATL@@@ATL@@QAE@XZ 1000a518 f i FiscalPrinterImpl.obj
 0001:0000953f       ??0?$CProxy_IOPOSEvents@VCOPOSFiscalPrinter@@@@QAE@XZ 1000a53f f i FiscalPrinterImpl.obj
 0001:0000955f       ??0CComControlBase@ATL@@QAE@AAPAUHWND__@@@Z 1000a55f f i FiscalPrinterImpl.obj
 0001:000095a9       ??0COPOSFiscalPrinter@@QAE@XZ 1000a5a9 f   FiscalPrinterImpl.obj
 0001:000095df       ??1?$CComControl@VCOPOSFiscalPrinter@@V?$CWindowImpl@VCOPOSFiscalPrinter@@VCWindow@ATL@@V?$CWinTraits@$0FGAAAAAA@$0A@@3@@ATL@@@ATL@@UAE@XZ 1000a5df f i FiscalPrinterImpl.obj
 0001:000095f8       ??1?$IConnectionPointImpl@VCOPOSFiscalPrinter@@$1?DIID__IOPOSFiscalPrinterEvents@@3U_GUID@@BVCComDynamicUnkArray@ATL@@@ATL@@QAE@XZ 1000a5f8 f i FiscalPrinterImpl.obj
 0001:000095f8       ??1?$IConnectionPointImpl@VCOPOSFiscalPrinter@@$1?IID_IPropertyNotifySink@@3U_GUID@@BVCComDynamicUnkArray@ATL@@@ATL@@QAE@XZ 1000a5f8 f i FiscalPrinterImpl.obj
 0001:00009635       ??1CComControlBase@ATL@@UAE@XZ 1000a635 f i FiscalPrinterImpl.obj
 0001:00009698       ??1COPOSFiscalPrinter@@UAE@XZ 1000a698 f   FiscalPrinterImpl.obj
 0001:000096e0       ??1OposVariantResult@@QAE@XZ 1000a6e0 f i FiscalPrinterImpl.obj
 0001:00009701       ??1_CW@@QAE@XZ             1000a701 f i FiscalPrinterImpl.obj
 0001:0000971a       ?BeginFiscalDocument@COPOSFiscalPrinter@@UAGJJPAJ@Z 1000a71a f   FiscalPrinterImpl.obj
 0001:00009769       ?BeginFiscalReceipt@COPOSFiscalPrinter@@UAGJFPAJ@Z 1000a769 f   FiscalPrinterImpl.obj
 0001:000097b8       ?BeginFixedOutput@COPOSFiscalPrinter@@UAGJJJPAJ@Z 1000a7b8 f   FiscalPrinterImpl.obj
 0001:0000982c       ?BeginInsertion@COPOSFiscalPrinter@@UAGJJPAJ@Z 1000a82c f   FiscalPrinterImpl.obj
 0001:0000987b       ?BeginItemList@COPOSFiscalPrinter@@UAGJJPAJ@Z 1000a87b f   FiscalPrinterImpl.obj
 0001:000098ca       ?BeginNonFiscal@COPOSFiscalPrinter@@UAGJPAJ@Z 1000a8ca f   FiscalPrinterImpl.obj
 0001:000098e5       ?BeginRemoval@COPOSFiscalPrinter@@UAGJJPAJ@Z 1000a8e5 f   FiscalPrinterImpl.obj
 0001:00009934       ?BeginTraining@COPOSFiscalPrinter@@UAGJPAJ@Z 1000a934 f   FiscalPrinterImpl.obj
 0001:0000994f       ?CheckHealth@COPOSFiscalPrinter@@UAGJJPAJ@Z 1000a94f f   FiscalPrinterImpl.obj
 0001:0000999e       ?ClaimDevice@COPOSFiscalPrinter@@UAGJJPAJ@Z 1000a99e f   FiscalPrinterImpl.obj
 0001:00009a13       ?ClearError@COPOSFiscalPrinter@@UAGJPAJ@Z 1000aa13 f   FiscalPrinterImpl.obj
 0001:00009a2e       ?ClearOutput@COPOSFiscalPrinter@@UAGJPAJ@Z 1000aa2e f   FiscalPrinterImpl.obj
 0001:00009a49       ?Close@COPOSFiscalPrinter@@UAGJPAJ@Z 1000aa49 f   FiscalPrinterImpl.obj
 0001:00009ab7       ?CompareFirmwareVersion@COPOSFiscalPrinter@@UAGJPA_WPAJ1@Z 1000aab7 f   FiscalPrinterImpl.obj
 0001:00009b37       ?DirectIO@COPOSFiscalPrinter@@UAGJJPAJPAPA_W0@Z 1000ab37 f   FiscalPrinterImpl.obj
 0001:00009be5       ?DoInvoke@COPOSFiscalPrinter@@IAEJJPAVOposVariant@@IHPAJ_N@Z 1000abe5 f   FiscalPrinterImpl.obj
 0001:00009ca7       ?EndFiscalDocument@COPOSFiscalPrinter@@UAGJPAJ@Z 1000aca7 f   FiscalPrinterImpl.obj
 0001:00009cc2       ?EndFiscalReceipt@COPOSFiscalPrinter@@UAGJFPAJ@Z 1000acc2 f   FiscalPrinterImpl.obj
 0001:00009d11       ?EndFixedOutput@COPOSFiscalPrinter@@UAGJPAJ@Z 1000ad11 f   FiscalPrinterImpl.obj
 0001:00009d2c       ?EndInsertion@COPOSFiscalPrinter@@UAGJPAJ@Z 1000ad2c f   FiscalPrinterImpl.obj
 0001:00009d47       ?EndItemList@COPOSFiscalPrinter@@UAGJPAJ@Z 1000ad47 f   FiscalPrinterImpl.obj
 0001:00009d62       ?EndNonFiscal@COPOSFiscalPrinter@@UAGJPAJ@Z 1000ad62 f   FiscalPrinterImpl.obj
 0001:00009d7d       ?EndRemoval@COPOSFiscalPrinter@@UAGJPAJ@Z 1000ad7d f   FiscalPrinterImpl.obj
 0001:00009d98       ?EndTraining@COPOSFiscalPrinter@@UAGJPAJ@Z 1000ad98 f   FiscalPrinterImpl.obj
 0001:00009db3       ?EventClose@COPOSFiscalPrinter@@IAEXXZ 1000adb3 f i FiscalPrinterImpl.obj
 0001:00009de6       ?EventInit@COPOSFiscalPrinter@@IAEJXZ 1000ade6 f i FiscalPrinterImpl.obj
 0001:00009eb2       ?EventUninit@COPOSFiscalPrinter@@IAEXXZ 1000aeb2 f i FiscalPrinterImpl.obj
 0001:00009f04       ?EventWindowProc@COPOSFiscalPrinter@@IAGJIIJ@Z 1000af04 f i FiscalPrinterImpl.obj
 0001:00009fd7       ?FinalConstruct@COPOSFiscalPrinter@@QAEJXZ 1000afd7 f   FiscalPrinterImpl.obj
 0001:0000a010       ?FireEventCleanup@COPOSFiscalPrinter@@IAEXXZ 1000b010 f i FiscalPrinterImpl.obj
 0001:0000a026       ?FireEventSetup@COPOSFiscalPrinter@@IAE_NXZ 1000b026 f i FiscalPrinterImpl.obj
 0001:0000a05a       ?FreezeEvents@COPOSFiscalPrinter@@MAGJH@Z 1000b05a f   FiscalPrinterImpl.obj
 0001:0000a0ba       ?GetData@COPOSFiscalPrinter@@UAGJJPAJPAPA_W0@Z 1000b0ba f   FiscalPrinterImpl.obj
 0001:0000a168       ?GetDate@COPOSFiscalPrinter@@UAGJPAPA_WPAJ@Z 1000b168 f   FiscalPrinterImpl.obj
 0001:0000a1bf       ?GetOposProp@COPOSFiscalPrinter@@IAEJJPAFJ@Z 1000b1bf f   FiscalPrinterImpl.obj
 0001:0000a1e2       ?GetOposProp@COPOSFiscalPrinter@@IAEJJPAJJ@Z 1000b1e2 f   FiscalPrinterImpl.obj
 0001:0000a2a0       ?GetOposProp@COPOSFiscalPrinter@@IAEJJPAPA_WJ@Z 1000b2a0 f   FiscalPrinterImpl.obj
 0001:0000a36b       ?GetTotalizer@COPOSFiscalPrinter@@UAGJJJPAPA_WPAJ@Z 1000b36b f   FiscalPrinterImpl.obj
 0001:0000a40f       ?GetVatEntry@COPOSFiscalPrinter@@UAGJJJPAJ0@Z 1000b40f f   FiscalPrinterImpl.obj
 0001:0000a4b3       ?OnDraw@COPOSFiscalPrinter@@MAEJAAUATL_DRAWINFO@@@Z 1000b4b3 f   FiscalPrinterImpl.obj
 0001:0000a553       ?Open@COPOSFiscalPrinter@@UAGJPA_WPAJ@Z 1000b553 f   FiscalPrinterImpl.obj
 0001:0000acf0       ?PrintDuplicateReceipt@COPOSFiscalPrinter@@UAGJPAJ@Z 1000bcf0 f   FiscalPrinterImpl.obj
 0001:0000ad0b       ?PrintFiscalDocumentLine@COPOSFiscalPrinter@@UAGJPA_WPAJ@Z 1000bd0b f   FiscalPrinterImpl.obj
 0001:0000ad62       ?PrintFixedOutput@COPOSFiscalPrinter@@UAGJJJPA_WPAJ@Z 1000bd62 f   FiscalPrinterImpl.obj
 0001:0000ae06       ?PrintNormal@COPOSFiscalPrinter@@UAGJJPA_WPAJ@Z 1000be06 f   FiscalPrinterImpl.obj
 0001:0000ae82       ?PrintPeriodicTotalsReport@COPOSFiscalPrinter@@UAGJPA_W0PAJ@Z 1000be82 f   FiscalPrinterImpl.obj
 0001:0000af02       ?PrintPowerLossReport@COPOSFiscalPrinter@@UAGJPAJ@Z 1000bf02 f   FiscalPrinterImpl.obj
 0001:0000af1d       ?PrintRecCash@COPOSFiscalPrinter@@UAGJTtagCY@@PAJ@Z 1000bf1d f   FiscalPrinterImpl.obj
 0001:0000af6f       ?PrintRecItem@COPOSFiscalPrinter@@UAGJPA_WTtagCY@@JJ10PAJ@Z 1000bf6f f   FiscalPrinterImpl.obj
 0001:0000b068       ?PrintRecItemAdjustment@COPOSFiscalPrinter@@UAGJJPA_WTtagCY@@JPAJ@Z 1000c068 f   FiscalPrinterImpl.obj
 0001:0000b11a       ?PrintRecItemAdjustmentVoid@COPOSFiscalPrinter@@UAGJJPA_WTtagCY@@JPAJ@Z 1000c11a f   FiscalPrinterImpl.obj
 0001:0000b1cc       ?PrintRecItemFuel@COPOSFiscalPrinter@@UAGJPA_WTtagCY@@JJ1010PAJ@Z 1000c1cc f   FiscalPrinterImpl.obj
 0001:0000b2f7       ?PrintRecItemFuelVoid@COPOSFiscalPrinter@@UAGJPA_WTtagCY@@J1PAJ@Z 1000c2f7 f   FiscalPrinterImpl.obj
 0001:0000b3ac       ?PrintRecItemRefund@COPOSFiscalPrinter@@UAGJPA_WTtagCY@@JJ10PAJ@Z 1000c3ac f   FiscalPrinterImpl.obj
 0001:0000b4a5       ?PrintRecItemRefundVoid@COPOSFiscalPrinter@@UAGJPA_WTtagCY@@JJ10PAJ@Z 1000c4a5 f   FiscalPrinterImpl.obj
 0001:0000b59e       ?PrintRecItemVoid@COPOSFiscalPrinter@@UAGJPA_WTtagCY@@JJ10PAJ@Z 1000c59e f   FiscalPrinterImpl.obj
 0001:0000b697       ?PrintRecMessage@COPOSFiscalPrinter@@UAGJPA_WPAJ@Z 1000c697 f   FiscalPrinterImpl.obj
 0001:0000b6ee       ?PrintRecNotPaid@COPOSFiscalPrinter@@UAGJPA_WTtagCY@@PAJ@Z 1000c6ee f   FiscalPrinterImpl.obj
 0001:0000b76d       ?PrintRecPackageAdjustVoid@COPOSFiscalPrinter@@UAGJJPA_WPAJ@Z 1000c76d f   FiscalPrinterImpl.obj
 0001:0000b7e9       ?PrintRecPackageAdjustment@COPOSFiscalPrinter@@UAGJJPA_W0PAJ@Z 1000c7e9 f   FiscalPrinterImpl.obj
 0001:0000b897       ?PrintRecRefund@COPOSFiscalPrinter@@UAGJPA_WTtagCY@@JPAJ@Z 1000c897 f   FiscalPrinterImpl.obj
 0001:0000b93e       ?PrintRecRefundVoid@COPOSFiscalPrinter@@UAGJPA_WTtagCY@@JPAJ@Z 1000c93e f   FiscalPrinterImpl.obj
 0001:0000b9e5       ?PrintRecSubtotal@COPOSFiscalPrinter@@UAGJTtagCY@@PAJ@Z 1000c9e5 f   FiscalPrinterImpl.obj
 0001:0000ba37       ?PrintRecSubtotalAdjustVoid@COPOSFiscalPrinter@@UAGJJTtagCY@@PAJ@Z 1000ca37 f   FiscalPrinterImpl.obj
 0001:0000baae       ?PrintRecSubtotalAdjustment@COPOSFiscalPrinter@@UAGJJPA_WTtagCY@@PAJ@Z 1000caae f   FiscalPrinterImpl.obj
 0001:0000bb55       ?PrintRecTaxID@COPOSFiscalPrinter@@UAGJPA_WPAJ@Z 1000cb55 f   FiscalPrinterImpl.obj
 0001:0000bbac       ?PrintRecTotal@COPOSFiscalPrinter@@UAGJTtagCY@@0PA_WPAJ@Z 1000cbac f   FiscalPrinterImpl.obj
 0001:0000bc56       ?PrintRecVoid@COPOSFiscalPrinter@@UAGJPA_WPAJ@Z 1000cc56 f   FiscalPrinterImpl.obj
 0001:0000bcad       ?PrintRecVoidItem@COPOSFiscalPrinter@@UAGJPA_WTtagCY@@JJ1JPAJ@Z 1000ccad f   FiscalPrinterImpl.obj
 0001:0000bd93       ?PrintReport@COPOSFiscalPrinter@@UAGJJPA_W0PAJ@Z 1000cd93 f   FiscalPrinterImpl.obj
 0001:0000be41       ?PrintXReport@COPOSFiscalPrinter@@UAGJPAJ@Z 1000ce41 f   FiscalPrinterImpl.obj
 0001:0000be5c       ?PrintZReport@COPOSFiscalPrinter@@UAGJPAJ@Z 1000ce5c f   FiscalPrinterImpl.obj
[...]
 0002:00003470       ?strings@?1??fp_format_nan_or_infinity@@YAHW4__acrt_fp_class@@_NPADI1@Z@4QAY03QBDA 10024470     libucrt:cvt.obj
 0002:000039b8       ?_mb_locale_names@@3QBQB_WB 100249b8     libucrt:mbctype.obj
 0002:00004200       ?LcidToLocaleNameTable@?A0x881e4c05@@3QBULcidToLocaleName@1@B 10025200     libucrt:lcidtoname_downlevel.obj
 0002:00005328       ?LocaleNameToIndexTable@?A0x881e4c05@@3QBULocaleNameIndex@1@B 10026328     libucrt:lcidtoname_downlevel.obj
 0002:00006b80       ?large_power_indices@?1??multiply_by_power_of_ten@__crt_strtox@@YA_NAAUbig_integer@2@I@Z@4QBUunpack_index@?1??12@YA_N0I@Z@B 10027b80     libucrt:cfout.obj
 0002:00006c60       LOG_name                   10027c60     libucrt:log10_impl.obj
 0002:00006c70       _One                       10027c70     libucrt:ceil_pentium4.obj
 0002:00006c80       _Bns                       10027c80     libucrt:ceil_pentium4.obj
 0002:00006c90       _Zero                      10027c90     libucrt:ceil_pentium4.obj
 0002:00006ca0       _S                         10027ca0     libucrt:ceil_pentium4.obj
 0002:00006cb0       _NegZero                   10027cb0     libucrt:ceil_pentium4.obj
 0002:00006cc0       emask                      10027cc0     libucrt:log10_pentium4.obj
 0002:00006cd0       CC                         10027cd0     libucrt:log10_pentium4.obj
 0002:00006ce0       Magic                      10027ce0     libucrt:log10_pentium4.obj
 0002:00006cf0       hi_mask                    10027cf0     libucrt:log10_pentium4.obj
 0002:00006d00       LOG10_2                    10027d00     libucrt:log10_pentium4.obj
 0002:00006d10       place_L                    10027d10     libucrt:log10_pentium4.obj
 0002:00006d30       One                        10027d30     libucrt:log10_pentium4.obj
 0002:00006d40       Zero                       10027d40     libucrt:log10_pentium4.obj
 0002:00006d50       Two52                      10027d50     libucrt:log10_pentium4.obj
 0002:00006d60       Infs                       10027d60     libucrt:log10_pentium4.obj
 0002:00006d70       NaN                        10027d70     libucrt:log10_pentium4.obj
 0002:00006d80       coeff                      10027d80     libucrt:log10_pentium4.obj
 0002:00006dde       _log2max                   10027dde     libucrt:87tran.obj
 0002:00006de8       _smallarg                  10027de8     libucrt:87tran.obj
 0002:00006df2       _half                      10027df2     libucrt:87tran.obj
 0002:00006e3e       One                        10027e3e     libucrt:87disp.obj
 0002:00006e46       Three                      10027e46     libucrt:87disp.obj
 0002:00006e4e       XAMtoTagTab                10027e4e     libucrt:87disp.obj
 0002:00006e60       One                        10027e60     libucrt:common.obj
 0002:00006e74       DblMax                     10027e74     libucrt:common.obj
 0002:00006e7c       DblMin                     10027e7c     libucrt:common.obj
 0002:00006e84       IeeeAdjO                   10027e84     libucrt:common.obj
 0002:00006e8c       IeeeAdjU                   10027e8c     libucrt:common.obj
 0002:00006e94       _infinity                  10027e94     libucrt:common.obj
 0002:00006e9c       _zero                      10027e9c     libucrt:common.obj
 0002:00006ee8       _over                      10027ee8     libucrt:fpctrl.obj
 0002:00006ef4       _under                     10027ef4     libucrt:fpctrl.obj
 0002:00007728       ?_names@?1??_get_fname@@9@9 10028728     libucrt:fpexcept.obj
 0002:00007f78       __sehtable$?_AtlVerifyStackAvailable@_ATL_SAFE_ALLOCA_IMPL@ATL@@YA_NK@Z 10028f78     FiscalPrinter.obj
 0002:00007f98       __sehtable$___scrt_is_nonwritable_in_current_image 10028f98     LIBCMT:utility.obj
 0002:00007fb4       __catchsym$??2@YAPAXIABUnothrow_t@std@@@Z$2 10028fb4     LIBCMT:new_scalar_nothrow.obj
 0002:00007fc4       __unwindtable$??2@YAPAXIABUnothrow_t@std@@@Z 10028fc4     LIBCMT:new_scalar_nothrow.obj
 0002:00007fd4       __tryblocktable$??2@YAPAXIABUnothrow_t@std@@@Z 10028fd4     LIBCMT:new_scalar_nothrow.obj
 0002:00007fe8       __ehfuncinfo$??2@YAPAXIABUnothrow_t@std@@@Z 10028fe8     LIBCMT:new_scalar_nothrow.obj
 0002:00008010       __sehtable$?dllmain_crt_process_attach@@YAHQAUHINSTANCE__@@QAX@Z 10029010     LIBCMT:dll_dllmain.obj
 0002:00008030       __sehtable$?dllmain_crt_process_detach@@YAH_N@Z 10029030     LIBCMT:dll_dllmain.obj
 0002:00008050       __sehtable$?dllmain_dispatch@@YAHQAUHINSTANCE__@@KQAX@Z 10029050     LIBCMT:dll_dllmain.obj
 0002:00008100       __sehtable$?FrameUnwindToState@__FrameHandler3@@SAXPAUEHRegistrationNode@@PAXPBU_s_FuncInfo@@H@Z 10029100     libvcruntime:frame.obj
 0002:00008128       __sehtable$?CallCatchBlock@@YAPAXPAUEHExceptionRecord@@PAUEHRegistrationNode@@PAU_CONTEXT@@PBU_s_FuncInfo@@PAXHK@Z 10029128     libvcruntime:frame.obj
 0002:00008150       __catchsym$?CallUnexpected@@YAXPBU_s_ESTypeList@@@Z$2 10029150     libvcruntime:frame.obj
 0002:00008160       __unwindtable$?CallUnexpected@@YAXPBU_s_ESTypeList@@@Z 10029160     libvcruntime:frame.obj
 0002:00008170       __tryblocktable$?CallUnexpected@@YAXPBU_s_ESTypeList@@@Z 10029170     libvcruntime:frame.obj
 0002:00008184       __ehfuncinfo$?CallUnexpected@@YAXPBU_s_ESTypeList@@@Z 10029184     libvcruntime:frame.obj
 0002:000081a8       __sehtable$??$BuildCatchObjectHelperInternal@V__FrameHandler3@@@@YAHPAUEHExceptionRecord@@PAXPBU_s_HandlerType@@PBU_s_CatchableType@@@Z 100291a8     libvcruntime:frame.obj
 0002:000081c8       __sehtable$??$BuildCatchObjectInternal@V__FrameHandler3@@@@YAXPAUEHExceptionRecord@@PAXPBU_s_HandlerType@@PBU_s_CatchableType@@@Z 100291c8     libvcruntime:frame.obj
 0002:00008220       __sehtable$___DestructExceptionObject 10029220     libvcruntime:ehhelpers.obj
 0002:00008240       __sehtable$??R<lambda_6e4b09c48022b2350581041d5f6b0c4c>@@QBE@XZ 10029240     libucrt:exit.obj
 0002:00008260       __sehtable$??$?RV<lambda_03b1d95aef87969028cfba75ccab2455>@@AAV<lambda_6e4b09c48022b2350581041d5f6b0c4c>@@V<lambda_22bdf7517842c4b3e53723af5aa32b9e>@@@?$__crt_seh_guarded_call@X@@QAEX$$QAV<lambda_03b1d95aef87969028cfba75ccab2455>@@AAV<lambda_6e4b09c48022b2350581041d5f6b0c4c>@@$$QAV<lambda_22bdf7517842c4b3e53723af5aa32b9e>@@@Z 10029260     libucrt:exit.obj
 0002:00008280       __sehtable$??$?RV<lambda_8e746cf0007f6ed984d6f78af1fec997>@@AAV<lambda_22ebabd17bc4fa466a2aca6d8deb888d>@@V<lambda_18ed0c0b38a6dc0daf1e7ac6d6adf05e>@@@?$__crt_seh_guarded_call@H@@QAEH$$QAV<lambda_8e746cf0007f6ed984d6f78af1fec997>@@AAV<lambda_22ebabd17bc4fa466a2aca6d8deb888d>@@$$QAV<lambda_18ed0c0b38a6dc0daf1e7ac6d6adf05e>@@@Z 10029280     libucrt:onexit.obj
 0002:000082a0       __sehtable$??$?RV<lambda_69a2805e680e0e292e8ba93315fe43a8>@@AAV<lambda_f03950bc5685219e0bcd2087efbe011e>@@V<lambda_03fcd07e894ec930e3f35da366ca99d6>@@@?$__crt_seh_guarded_call@H@@QAEH$$QAV<lambda_69a2805e680e0e292e8ba93315fe43a8>@@AAV<lambda_f03950bc5685219e0bcd2087efbe011e>@@$$QAV<lambda_03fcd07e894ec930e3f35da366ca99d6>@@@Z 100292a0     libucrt:onexit.obj
 0002:000082c0       __sehtable$__query_new_handler 100292c0     libucrt:new_handler.obj
 0002:000082e0       __sehtable$_terminate      100292e0     libucrt:terminate.obj
 0002:00008300       __sehtable$??$?RV<lambda_15ade71b0218206bbe3333a0c9b79046>@@AAV<lambda_da44e0f8b0f19ba52fefafb335991732>@@V<lambda_207f2d024fc103971653565357d6cd41>@@@?$__crt_seh_guarded_call@X@@QAEX$$QAV<lambda_15ade71b0218206bbe3333a0c9b79046>@@AAV<lambda_da44e0f8b0f19ba52fefafb335991732>@@$$QAV<lambda_207f2d024fc103971653565357d6cd41>@@@Z 10029300     libucrt:per_thread_data.obj
 0002:00008320       __sehtable$??$?RV<lambda_a7e850c220f1c8d1e6efeecdedd162c6>@@AAV<lambda_46720907175c18b6c9d2717bc0d2d362>@@V<lambda_9048902d66e8d99359bc9897bbb930a8>@@@?$__crt_seh_guarded_call@X@@QAEX$$QAV<lambda_a7e850c220f1c8d1e6efeecdedd162c6>@@AAV<lambda_46720907175c18b6c9d2717bc0d2d362>@@$$QAV<lambda_9048902d66e8d99359bc9897bbb930a8>@@@Z 10029320     libucrt:per_thread_data.obj
 0002:00008340       __sehtable$??$?RV<lambda_38edbb1296d33220d7e4dd0ed76b244a>@@AAV<lambda_5ce1d447e08cb34b2473517608e21441>@@V<lambda_fb385d3da700c9147fc39e65dd577a8c>@@@?$__crt_seh_guarded_call@X@@QAEX$$QAV<lambda_38edbb1296d33220d7e4dd0ed76b244a>@@AAV<lambda_5ce1d447e08cb34b2473517608e21441>@@$$QAV<lambda_fb385d3da700c9147fc39e65dd577a8c>@@@Z 10029340     libucrt:per_thread_data.obj
 0002:00008360       __sehtable$??$?RV<lambda_6affb1475c98b40b75cdec977db92e3c>@@AAV<lambda_b8d4b9c228a6ecc3f80208dbb4b4a104>@@V<lambda_608742c3c92a14382c1684fc64f96c88>@@@?$__crt_seh_guarded_call@X@@QAEX$$QAV<lambda_6affb1475c98b40b75cdec977db92e3c>@@AAV<lambda_b8d4b9c228a6ecc3f80208dbb4b4a104>@@$$QAV<lambda_608742c3c92a14382c1684fc64f96c88>@@@Z 10029360     libucrt:per_thread_data.obj
 0002:00008380       __sehtable$??$?RV<lambda_e5124f882df8998aaf41531e079ba474>@@AAV<lambda_3e16ef9562a7dcce91392c22ab16ea36>@@V<lambda_e25ca0880e6ef98be67edffd8c599615>@@@?$__crt_seh_guarded_call@X@@QAEX$$QAV<lambda_e5124f882df8998aaf41531e079ba474>@@AAV<lambda_3e16ef9562a7dcce91392c22ab16ea36>@@$$QAV<lambda_e25ca0880e6ef98be67edffd8c599615>@@@Z 10029380     libucrt:wsetlocale.obj
 0002:000083a0       __sehtable$___acrt_initialize_lowio 100293a0     libucrt:ioinit.obj
 0002:000083c0       __sehtable$?update_thread_multibyte_data_internal@@YAPAU__crt_multibyte_data@@QAU__acrt_ptd@@QAPAU1@@Z 100293c0     libucrt:mbctype.obj
 0002:000083e0       __sehtable$??$?RV<lambda_ceb1ee4838e85a9d631eb091e2fbe199>@@AAV<lambda_ae742caa10f662c28703da3d2ea5e57e>@@V<lambda_cd08b5d6af4937fe54fc07d0c9bf6b37>@@@?$__crt_seh_guarded_call@X@@QAEX$$QAV<lambda_ceb1ee4838e85a9d631eb091e2fbe199>@@AAV<lambda_ae742caa10f662c28703da3d2ea5e57e>@@$$QAV<lambda_cd08b5d6af4937fe54fc07d0c9bf6b37>@@@Z 100293e0     libucrt:mbctype.obj
 0002:00008400       __sehtable$_raise          10029400     libucrt:signal.obj
 0002:00008420       __sehtable$??$?RV<lambda_cbab9ec6f41b0180b23cc171c22676b0>@@AAV<lambda_44731a7d0e6d81c3e6aa82d741081786>@@V<lambda_4b292cb8dd18144e164572427af410ab>@@@?$__crt_seh_guarded_call@P6AXH@Z@@QAEP6AXH@Z$$QAV<lambda_cbab9ec6f41b0180b23cc171c22676b0>@@AAV<lambda_44731a7d0e6d81c3e6aa82d741081786>@@$$QAV<lambda_4b292cb8dd18144e164572427af410ab>@@@Z 10029420     libucrt:signal.obj
 0002:00008440       __sehtable$??$?RV<lambda_2866be3712abc81a800a822484c830d8>@@AAV<lambda_39ca0ed439415581b5b15c265174cece>@@V<lambda_2b24c74d71094a6cd0cb82e44167d71b>@@@?$__crt_seh_guarded_call@X@@QAEX$$QAV<lambda_2866be3712abc81a800a822484c830d8>@@AAV<lambda_39ca0ed439415581b5b15c265174cece>@@$$QAV<lambda_2b24c74d71094a6cd0cb82e44167d71b>@@@Z 10029440     libucrt:fflush.obj
 0002:00008460       __sehtable$??$?RV<lambda_2cc53f568c5a2bb6f192f930a45d44ea>@@AAV<lambda_ab61a845afdef5b7c387490eaf3616ee>@@V<lambda_c2ffc0b7726aa6be21d5f0026187e748>@@@?$__crt_seh_guarded_call@X@@QAEX$$QAV<lambda_2cc53f568c5a2bb6f192f930a45d44ea>@@AAV<lambda_ab61a845afdef5b7c387490eaf3616ee>@@$$QAV<lambda_c2ffc0b7726aa6be21d5f0026187e748>@@@Z 10029460     libucrt:fflush.obj
 0002:00008480       __sehtable$___acrt_update_thread_locale_data 10029480     libucrt:locale_refcounting.obj
 0002:000084a0       __sehtable$__fcloseall     100294a0     libucrt:closeall.obj
 0002:000084c0       __sehtable$___acrt_lowio_ensure_fh_exists 100294c0     libucrt:osfinfo.obj
 0002:000084e0       __sehtable$??$?RV<lambda_9e9de3de5fa147e2223d7db92bc10aa6>@@AAV<lambda_38ce7e780aa69e748d6df282ebc68efe>@@V<lambda_8ca6da459f0f6780f1cff60fdc3d00e5>@@@?$__crt_seh_guarded_call@H@@QAEH$$QAV<lambda_9e9de3de5fa147e2223d7db92bc10aa6>@@AAV<lambda_38ce7e780aa69e748d6df282ebc68efe>@@$$QAV<lambda_8ca6da459f0f6780f1cff60fdc3d00e5>@@@Z 100294e0     libucrt:commit.obj
 0002:00008500       __sehtable$__write         10029500     libucrt:write.obj
 0002:00008520       __sehtable$_fclose         10029520     libucrt:fclose.obj
 0002:00008540       __sehtable$??$?RV<lambda_218ce3db14220d0be481dae8ef3383b6>@@AAV<lambda_628dfdc04ba53c8bfc02c9951375f3f5>@@V<lambda_57dc472bd5c9d5f3b2cbca59b8a843ae>@@@?$__crt_seh_guarded_call@H@@QAEH$$QAV<lambda_218ce3db14220d0be481dae8ef3383b6>@@AAV<lambda_628dfdc04ba53c8bfc02c9951375f3f5>@@$$QAV<lambda_57dc472bd5c9d5f3b2cbca59b8a843ae>@@@Z 10029540     libucrt:close.obj
 0002:00008560       __sehtable$__IsNonwritableInCurrentImage 10029560     LIBCMT:pesect.obj
 0002:00008590       .edata                     10029590     OPOSFiscalPrinter.exp
 0002:000085b8       rgpv                       100295b8     OPOSFiscalPrinter.exp
 0002:000085c8       rgszName                   100295c8     OPOSFiscalPrinter.exp
 0002:000085d8       rgwOrd                     100295d8     OPOSFiscalPrinter.exp
 0002:000085e0       szName                     100295e0     OPOSFiscalPrinter.exp
 0002:000085f6       $N00001                    100295f6     OPOSFiscalPrinter.exp
 0002:00008606       $N00002                    10029606     OPOSFiscalPrinter.exp
 0002:00008618       $N00003                    10029618     OPOSFiscalPrinter.exp
 0002:0000862a       $N00004                    1002962a     OPOSFiscalPrinter.exp
 0002:00008c3a       .idata$6                   10029c3a     kernel32:KERNEL32.dll
 0002:00008e4e       .idata$6                   10029e4e     user32:USER32.dll
 0002:00008f82       .idata$6                   10029f82     gdi32:GDI32.dll
 0002:00009028       .idata$6                   1002a028     advapi32:ADVAPI32.dll
 0002:00009144       .idata$6                   1002a144     ole32:ole32.dll
 0002:0000914e       .idata$6                   1002a14e     oleaut32:OLEAUT32.dll
 0003:00000110       ?ObjectMap@@3PAU_ATL_OBJMAP_ENTRY30@ATL@@A 1002b110     FiscalPrinter.obj
 0003:000001c8       ?s_SOMethodNames@@3PAPADA  1002b1c8     FiscalPrinterImpl.obj
 0003:00000308       ?s_RequiredMethodsPerRelease@@3PAHA 1002b308     FiscalPrinterImpl.obj
 0003:00000350       ?__vcrt_flsindex@@3KA      1002b350     libvcruntime:per_thread_data.obj
 0003:00000370       ?errno_no_memory@@3HA      1002b370     libucrt:errno.obj
 0003:00000374       ?doserrno_no_memory@@3KA   1002b374     libucrt:errno.obj
 0003:00000380       ?__acrt_flsindex@@3KA      1002b380     libucrt:per_thread_data.obj
 0003:00000718       __mbctypes                 1002b718     libucrt:mbctype.obj
 0003:00000820       __mbcasemaps               1002b820     libucrt:mbctype.obj
 0003:00000920       ?__rgctypeflag@@3PADA      1002b920     libucrt:mbctype.obj
 0003:00000928       ?__rgcode_page_info@@3PAUcode_page_info@@A 1002b928     libucrt:mbctype.obj
 0003:00000b80       ?__dcrt_lowio_console_output_handle@@3PAXA 1002bb80     libucrt:initcon.obj
 0003:00000d18       ?is_initialized_as_dll@@3_NA 1002bd18     LIBCMT:utility.obj
 0003:00000d19       ?module_local_atexit_table_initialized@@3_NA 1002bd19     LIBCMT:utility.obj
 0003:00000d1c       ?module_local_atexit_table@@3U_onexit_table_t@@A 1002bd1c     LIBCMT:utility.obj
 0003:00000d28       ?module_local_at_quick_exit_table@@3U_onexit_table_t@@A 1002bd28     LIBCMT:utility.obj
 0003:00000d34       ?g_tss_cv@@3U_RTL_CONDITION_VARIABLE@@A 1002bd34     LIBCMT:thread_safe_statics.obj
 0003:00000d38       ?g_tss_event@@3PAXA        1002bd38     LIBCMT:thread_safe_statics.obj
 0003:00000d3c       ?g_tss_mutex@@3U_RTL_CRITICAL_SECTION@@A 1002bd3c     LIBCMT:thread_safe_statics.obj
 0003:00000d54       ?g_sleep_condition_variable_cs@@3P6GHPAU_RTL_CONDITION_VARIABLE@@PAU_RTL_CRITICAL_SECTION@@K@ZA 1002bd54     LIBCMT:thread_safe_statics.obj
 0003:00000d58       ?g_wake_all_condition_variable@@3P6GXPAU_RTL_CONDITION_VARIABLE@@@ZA 1002bd58     LIBCMT:thread_safe_statics.obj
 0003:00000d60       _GS_ExceptionRecord        1002bd60     LIBCMT:gs_report.obj
 0003:00000db0       _GS_ContextRecord          1002bdb0     LIBCMT:gs_report.obj
 0003:00001080       ?__proc_attached@@3HA      1002c080     LIBCMT:dll_dllmain.obj
 0003:000010dc       ?AllocateData@@3P6GPAUAtlThunkData_t@@XZA 1002c0dc     atls:atlthunk.obj
 0003:000010e0       ?InitData@@3P6GXPAUAtlThunkData_t@@PAXI@ZA 1002c0e0     atls:atlthunk.obj
 0003:000010e4       ?DataToCode@@3P6GP6GJPAUHWND__@@IIJ@ZPAUAtlThunkData_t@@@ZA 1002c0e4     atls:atlthunk.obj
 0003:000010e8       ?FreeData@@3P6GXPAUAtlThunkData_t@@@ZA 1002c0e8     atls:atlthunk.obj
 0003:000010ec       ?Initialized@@3_NA         1002c0ec     atls:atlthunk.obj
 0003:000010f8       ?__vcrt_startup_thread_ptd@@3U__vcrt_ptd@@A 1002c0f8     libvcruntime:per_thread_data.obj
 0003:00001120       ___vcrt_lock_table         1002c120     libvcruntime:locks.obj
 0003:00001138       ___vcrt_locks_initialized  1002c138     libvcruntime:locks.obj
 0003:00001164       ?heap@@3V_HeapManager@@A   1002c164     libvcruntime:undname.obj
 0003:00001178       ?module_handles@@3PAPAUHINSTANCE__@@A 1002c178     libvcruntime:winapi_downlevel.obj
 0003:00001184       ?function_pointers@@3PAPAXA 1002c184     libvcruntime:winapi_downlevel.obj
 0003:0000119c       ?__acrt_invalid_parameter_handler@@3V?$dual_state_global@P6AXPB_W00II@Z@__crt_state_management@@A 1002c19c     libucrt:invalid_parameter.obj
 0003:000011a0       ?c_termination_complete@@3JA 1002c1a0     libucrt:exit.obj
 0003:000011a4       ?thread_local_exit_callback_func@@3P6GXPAXK0@ZA 1002c1a4     libucrt:exit.obj
 0003:000011b0       ?program_name@?1???$common_configure_argv@D@@YAHW4_crt_argv_mode@@@Z@4PADA 1002c1b0     libucrt:argv_parsing.obj
 0003:000012e0       ?__acrt_new_handler@@3V?$dual_state_global@P6AHI@Z@__crt_state_management@@A 1002c2e0     libucrt:new_handler.obj
 0003:000012e8       ?module_handles@@3PAPAUHINSTANCE__@@A 1002c2e8     libucrt:winapi_thunks.obj
 0003:00001338       ?encoded_function_pointers@@3PAPAXA 1002c338     libucrt:winapi_thunks.obj
 0003:000013c0       ?internal_state@?1??_mbtowc_l@@9@4U_Mbstatet@@A 1002c3c0     libucrt:mbtowc.obj
 0003:000013d0       ?enable_percent_n@@3IA     1002c3d0     libucrt:printf_count_output.obj
 0003:000015f0       ?__acrt_lock_table@@3PAU_RTL_CRITICAL_SECTION@@A 1002c5f0     libucrt:locks.obj
 0003:00001740       ?__acrt_locks_initialized@@3IA 1002c740     libucrt:locks.obj
 0003:00001750       ?fSystemSet@@3HA           1002c750     libucrt:mbctype.obj
 0003:00001754       ?initialized@?1??__acrt_initialize_multibyte@@9@4_NA 1002c754     libucrt:mbctype.obj
 0003:00001774       ?ctrlc_action@@3V?$dual_state_global@P6AXH@Z@__crt_state_management@@A 1002c774     libucrt:signal.obj
 0003:00001778       ?ctrlbreak_action@@3V?$dual_state_global@P6AXH@Z@__crt_state_management@@A 1002c778     libucrt:signal.obj
 0003:0000177c       ?abort_action@@3V?$dual_state_global@P6AXH@Z@__crt_state_management@@A 1002c77c     libucrt:signal.obj
 0003:00001780       ?term_action@@3V?$dual_state_global@P6AXH@Z@__crt_state_management@@A 1002c780     libucrt:signal.obj
 0003:00001784       ?user_matherr@@3V?$dual_state_global@P6AHPAU_exception@@@Z@__crt_state_management@@A 1002c784     libucrt:matherr.obj
 0003:00001788       ?__acrt_global_new_mode@@3V?$dual_state_global@J@__crt_state_management@@A 1002c788     libucrt:new_mode.obj
 0003:00001794       ?internal_pst@?1??__mbrtoc32_utf8@__crt_mbstring@@YAIPA_UPBDIPAU_Mbstatet@@@Z@4U3@A 1002c794     libucrt:mbrtoc32.obj
 0003:0000179c       ?__acrt_app_type@@3W4_crt_app_type@@A 1002c79c     libucrt:report_runtime_error.obj
 0003:000017a4       __pmatherr_set             1002c7a4     libucrt:libm_error.obj
 0004:00000220       $R000000                   1002d220     FiscalPrinter.res
 0004:00000ba0       $R000980                   1002dba0     FiscalPrinter.res
 0004:00000c88       $R000A68                   1002dc88     FiscalPrinter.res
 0004:00000ef0       $R000CD0                   1002def0     FiscalPrinter.res
 0004:00001468       $R001248                   1002e468     FiscalPrinter.res
 0004:00009858       $R009638                   10036858     FiscalPrinter.res
 0004:00009898       $R009678                   10036898     FiscalPrinter.res
