 OPOSFiscalPrinter

 Timestamp is 5b863d6f (Wed Aug 29 15:30:07 2018)

 Preferred load address is 10000000

 Start         Length     Name                   Class
 0001:00000000 00000080H .text$di                CODE
 0001:00000080 0001f56bH .text$mn                CODE
 0001:0001f5eb 00000051H .text$x                 CODE
 0001:0001f63c 00000042H .text$yd                CODE
 0002:00000000 000002fcH .idata$5                DATA
 0002:000002fc 00000004H .00cfg                  DATA
 0002:00000300 00000004H .CRT$XCA                DATA
 0002:00000304 00000004H .CRT$XCL                DATA
 0002:00000308 00000010H .CRT$XCU                DATA
 0002:00000318 00000004H .CRT$XCZ                DATA
 0002:0000031c 00000004H .CRT$XIA                DATA
 0002:00000320 00000010H .CRT$XIC                DATA
 0002:00000330 00000004H .CRT$XIZ                DATA
 0002:00000334 00000004H .CRT$XLA                DATA
 0002:00000338 00000004H .CRT$XLZ                DATA
 0002:0000033c 00000004H .CRT$XPA                DATA
 0002:00000340 00000008H .CRT$XPX                DATA
 0002:00000348 00000004H .CRT$XPXA               DATA
 0002:0000034c 00000004H .CRT$XPZ                DATA
 0002:00000350 00000004H .CRT$XTA                DATA
 0002:00000354 0000000cH .CRT$XTZ                DATA
 0002:00000358 00000000H .gfids$y                DATA
 0002:00000360 000076c8H .rdata                  DATA
 0002:00007a28 00000018H .rdata$T                DATA
 0002:00007a40 00000180H .rdata$r                DATA
 0002:00007bc0 00000020H .rdata$sxdata           DATA
 0002:00007be0 000003e0H .rdata$zzzdbg           DATA
 0002:00007fc0 00000004H .rtc$IAA                DATA
 0002:00007fc4 00000004H .rtc$IZZ                DATA
 0002:00007fc8 00000004H .rtc$TAA                DATA
 0002:00007fcc 00000004H .rtc$TZZ                DATA
 0002:00007fd0 00000004H .tls                    DATA
 0002:00007fd4 00000004H .tls$                   DATA
 0002:00007fd8 00000008H .tls$ZZZ                DATA
 0002:00007fe0 00000624H .xdata$x                DATA
 0002:00008604 00000004H ATL$__a                 DATA
 0002:00008608 00000008H ATL$__z                 DATA
 0002:00008610 000000b0H .edata                  DATA
 0002:000086c0 00000078H .idata$2                DATA
 0002:00008738 00000014H .idata$3                DATA
 0002:0000874c 000002fcH .idata$4                DATA
 0002:00008a48 00000bc0H .idata$6                DATA
 0003:00000000 00000aa0H .data                   DATA
 0003:00000aa0 00000098H .data$r                 DATA
 0003:00000b38 00000b68H .bss                    DATA
 0004:00000000 00000220H .rsrc$01                DATA
 0004:00000220 000097f8H .rsrc$02                DATA

  Address         Publics by Value              Rva+Base       Lib:Object

 0000:00000000       ___guard_iat_count         00000000     <absolute>
 0000:00000000       ___guard_longjmp_table     00000000     <absolute>
 0000:00000000       ___hybrid_code_map_count   00000000     <absolute>
 0000:00000000       ___dynamic_value_reloc_table 00000000     <absolute>
 0000:00000000       ___guard_longjmp_count     00000000     <absolute>
 0000:00000000       __except_list              00000000     <absolute>
 0000:00000000       ___guard_fids_table        00000000     <absolute>
 0000:00000000       ___hybrid_auxiliary_iat    00000000     <absolute>
 0000:00000000       ___guard_fids_count        00000000     <absolute>
 0000:00000000       ___guard_iat_table         00000000     <absolute>
 0000:00000000       ___volatile_metadata       00000000     <absolute>
 0000:00000000       ___enclave_config          00000000     <absolute>
 0000:00000000       ___hybrid_code_map         00000000     <absolute>
 0000:00000008       ___safe_se_handler_count   00000008     <absolute>
 0000:0000002c       __tls_array                0000002c     <absolute>
 0000:00000100       ___guard_flags             00000100     <absolute>
 0000:00000000       ___ImageBase               10000000     <linker-defined>
 0001:00000080       ?DupWide@_CW@@AAEXXZ       10001080 f   CWString.obj
 0001:0000009c       ?cw_dup@@YGXPBDAAHAAPA_W1@Z 1000109c f   CWString.obj
 0001:0000010b       ?cw_memcpy@@YGHPA_WPBDH@Z  1000110b f   CWString.obj
 0001:00000137       ?cw_strcpy@@YAHPA_WPBD@Z   10001137 f   CWString.obj
 0001:0000014a       ?cw_strlen@@YAHPBD@Z       1000114a f   CWString.obj
 0001:00000163       ??0CAtlComModule@ATL@@QAE@XZ 10001163 f i OposVariant.obj
 0001:000001a8       ??0CAtlWinModule@ATL@@QAE@XZ 100011a8 f i OposVariant.obj
 0001:000001df       ??0OposDispParms@@QAE@PAVOposVariant@@H@Z 100011df f   OposVariant.obj
 0001:00000250       ??1OposDispParms@@QAE@XZ   10001250 f   OposVariant.obj
 0001:0000025e       ??A?$CSimpleArray@GV?$CSimpleArrayEqualHelper@G@ATL@@@ATL@@QAEAAGH@Z 1000125e f i OposVariant.obj
 0001:00000283       ??_Estringdispid@CComTypeInfoHolder@ATL@@QAEPAXI@Z 10001283 f i OposVariant.obj
 0001:000002ef       ?AtlWinModuleInit@ATL@@YGJPAU_ATL_WIN_MODULE70@1@@Z 100012ef f i OposVariant.obj
 0001:00000315       ?AtlWinModuleTerm@ATL@@YGJPAU_ATL_WIN_MODULE70@1@PAUHINSTANCE__@@@Z 10001315 f i OposVariant.obj
 0001:00000378       ?ChangeBSTR@OposVariant@@QAEXPAPA_WAAJ@Z 10001378 f   OposVariant.obj
 0001:000003b9       ?ChangeLONG@OposVariant@@QAEXPAJAAJ@Z 100013b9 f   OposVariant.obj
 0001:000003fa       ?GetLONG@OposVariant@@QAEJXZ 100013fa f   OposVariant.obj
 0001:00000415       ?Init@CComCriticalSection@ATL@@QAEJXZ 10001415 f i OposVariant.obj
 0001:0000043c       ?RemoveAll@?$CSimpleArray@GV?$CSimpleArrayEqualHelper@G@ATL@@@ATL@@QAEXXZ 1000143c f i OposVariant.obj
 0001:0000043c       ?RemoveAll@?$CSimpleArray@PAUHINSTANCE__@@V?$CSimpleArrayEqualHelper@PAUHINSTANCE__@@@ATL@@@ATL@@QAEXXZ 1000143c f i atls:atlbase.obj
 0001:00000459       ?SetBSTR@OposVariant@@QAEXPA_WAAJ@Z 10001459 f   OposVariant.obj
 0001:0000048d       ?SetBSTR_Copy@OposVariant@@QAEXPA_WAAJ@Z 1000148d f   OposVariant.obj
 0001:000004dd       ?SetBSTR_InOutPtr@OposVariant@@QAE_NPAPA_WAAJ@Z 100014dd f   OposVariant.obj
 0001:00000514       ?SetBSTR_OutPtr@OposVariant@@QAE_NPAPA_WAAJ@Z 10001514 f   OposVariant.obj
 0001:00000530       ?SetCURRENCY@OposVariant@@QAEXTtagCY@@@Z 10001530 f   OposVariant.obj
 0001:00000558       ?SetDispatch_Ptr@OposVariant@@QAEXPAUIDispatch@@AAJ@Z 10001558 f   OposVariant.obj
 0001:00000593       ?SetLONG@OposVariant@@QAEXJ@Z 10001593 f   OposVariant.obj
 0001:000005b5       ?SetLONG_Ptr@OposVariant@@QAEXPAJAAJ@Z 100015b5 f   OposVariant.obj
 0001:000005e8       ?SetString@OposVariant@@QAEXPB_WAAJ@Z 100015e8 f   OposVariant.obj
 0001:0000062e       ?SetVARIANT_BOOL@OposVariant@@QAEXF@Z 1000162e f   OposVariant.obj
 0001:00000658       ?Term@CAtlComModule@ATL@@QAEXXZ 10001658 f i OposVariant.obj
 0001:000006a2       ?_AtlRaiseException@ATL@@YAXKK@Z 100016a2 f i OposVariant.obj
 0001:000006b7       ?AddRef@?$CComObject@VCOPOSFiscalPrinter@@@ATL@@WIA@AGKXZ 100016b7 f i FiscalPrinter.obj
 0001:000006c4       ?Release@?$CComObject@VCOPOSFiscalPrinter@@@ATL@@WIA@AGKXZ 100016c4 f i FiscalPrinter.obj
 0001:000006d1       ?QueryInterface@?$CComObject@VCOPOSFiscalPrinter@@@ATL@@WIE@AGJABU_GUID@@PAPAX@Z 100016d1 f i FiscalPrinter.obj
 0001:000006de       ?AddRef@?$CComObject@VCOPOSFiscalPrinter@@@ATL@@WIE@AGKXZ 100016de f i FiscalPrinter.obj
 0001:000006eb       ?Release@?$CComObject@VCOPOSFiscalPrinter@@@ATL@@WIE@AGKXZ 100016eb f i FiscalPrinter.obj
 0001:000006f8       ?QueryInterface@?$CComObject@VCOPOSFiscalPrinter@@@ATL@@WII@AGJABU_GUID@@PAPAX@Z 100016f8 f i FiscalPrinter.obj
 0001:00000705       ?AddRef@?$CComObject@VCOPOSFiscalPrinter@@@ATL@@WII@AGKXZ 10001705 f i FiscalPrinter.obj
 0001:00000712       ?Release@?$CComObject@VCOPOSFiscalPrinter@@@ATL@@WII@AGKXZ 10001712 f i FiscalPrinter.obj
 0001:0000071f       ?QueryInterface@?$CComObject@VCOPOSFiscalPrinter@@@ATL@@WIM@AGJABU_GUID@@PAPAX@Z 1000171f f i FiscalPrinter.obj
 0001:0000072c       ?AddRef@?$CComObject@VCOPOSFiscalPrinter@@@ATL@@WIM@AGKXZ 1000172c f i FiscalPrinter.obj
 0001:00000739       ?Release@?$CComObject@VCOPOSFiscalPrinter@@@ATL@@WIM@AGKXZ 10001739 f i FiscalPrinter.obj
 0001:00000746       ?QueryInterface@?$CComObject@VCOPOSFiscalPrinter@@@ATL@@WJA@AGJABU_GUID@@PAPAX@Z 10001746 f i FiscalPrinter.obj
 0001:00000753       ?AddRef@?$CComObject@VCOPOSFiscalPrinter@@@ATL@@WJA@AGKXZ 10001753 f i FiscalPrinter.obj
 0001:00000760       ?Release@?$CComObject@VCOPOSFiscalPrinter@@@ATL@@WJA@AGKXZ 10001760 f i FiscalPrinter.obj
 0001:0000076d       ?QueryInterface@?$CComObject@VCOPOSFiscalPrinter@@@ATL@@WJE@AGJABU_GUID@@PAPAX@Z 1000176d f i FiscalPrinter.obj
 0001:0000077a       ?AddRef@?$CComObject@VCOPOSFiscalPrinter@@@ATL@@WJE@AGKXZ 1000177a f i FiscalPrinter.obj
 0001:00000787       ?Release@?$CComObject@VCOPOSFiscalPrinter@@@ATL@@WJE@AGKXZ 10001787 f i FiscalPrinter.obj
 0001:00000794       ?QueryInterface@?$CComObject@VCOPOSFiscalPrinter@@@ATL@@WJI@AGJABU_GUID@@PAPAX@Z 10001794 f i FiscalPrinter.obj
 0001:000007a1       ?AddRef@?$CComObject@VCOPOSFiscalPrinter@@@ATL@@WJI@AGKXZ 100017a1 f i FiscalPrinter.obj
 0001:000007ae       ?Release@?$CComObject@VCOPOSFiscalPrinter@@@ATL@@WJI@AGKXZ 100017ae f i FiscalPrinter.obj
 0001:000007bb       ?QueryInterface@?$CComObject@VCOPOSFiscalPrinter@@@ATL@@WJM@AGJABU_GUID@@PAPAX@Z 100017bb f i FiscalPrinter.obj
 0001:000007c8       ?AddRef@?$CComObject@VCOPOSFiscalPrinter@@@ATL@@WJM@AGKXZ 100017c8 f i FiscalPrinter.obj
 0001:000007d5       ?Release@?$CComObject@VCOPOSFiscalPrinter@@@ATL@@WJM@AGKXZ 100017d5 f i FiscalPrinter.obj
 0001:000007e2       ?QueryInterface@?$CComObject@VCOPOSFiscalPrinter@@@ATL@@WKA@AGJABU_GUID@@PAPAX@Z 100017e2 f i FiscalPrinter.obj
 0001:000007ef       ?AddRef@?$CComObject@VCOPOSFiscalPrinter@@@ATL@@WKA@AGKXZ 100017ef f i FiscalPrinter.obj
 0001:000007fc       ?Release@?$CComObject@VCOPOSFiscalPrinter@@@ATL@@WKA@AGKXZ 100017fc f i FiscalPrinter.obj
 0001:00000809       ?AddRef@?$CComObject@VCOPOSFiscalPrinter@@@ATL@@WKI@AGKXZ 10001809 f i FiscalPrinter.obj
 0001:00000816       ?Release@?$CComObject@VCOPOSFiscalPrinter@@@ATL@@WKI@AGKXZ 10001816 f i FiscalPrinter.obj
 0001:00000823       ?AddRef@?$CComObject@VCOPOSFiscalPrinter@@@ATL@@WLE@AGKXZ 10001823 f i FiscalPrinter.obj
 0001:00000830       ?Release@?$CComObject@VCOPOSFiscalPrinter@@@ATL@@WLE@AGKXZ 10001830 f i FiscalPrinter.obj
 0001:0000083d       ??_E?$CComContainedObject@VCOPOSFiscalPrinter@@@ATL@@W3AEPAXI@Z 1000183d f i FiscalPrinter.obj
 0001:00000845       ??_E?$CComContainedObject@VCOPOSFiscalPrinter@@@ATL@@WEM@AEPAXI@Z 10001845 f i FiscalPrinter.obj
 0001:0000084d       ?QueryInterface@?$CComContainedObject@VCOPOSFiscalPrinter@@@ATL@@WHA@AGJABU_GUID@@PAPAX@Z 1000184d f i FiscalPrinter.obj
 0001:00000857       ?AddRef@?$CComContainedObject@VCOPOSFiscalPrinter@@@ATL@@WHA@AGKXZ 10001857 f i FiscalPrinter.obj
 0001:00000861       ?Release@?$CComContainedObject@VCOPOSFiscalPrinter@@@ATL@@WHA@AGKXZ 10001861 f i FiscalPrinter.obj
 0001:0000086b       ?QueryInterface@?$CComContainedObject@VCOPOSFiscalPrinter@@@ATL@@WHE@AGJABU_GUID@@PAPAX@Z 1000186b f i FiscalPrinter.obj
 0001:00000875       ?AddRef@?$CComContainedObject@VCOPOSFiscalPrinter@@@ATL@@WHE@AGKXZ 10001875 f i FiscalPrinter.obj
 0001:0000087f       ?Release@?$CComContainedObject@VCOPOSFiscalPrinter@@@ATL@@WHE@AGKXZ 1000187f f i FiscalPrinter.obj
 0001:00000889       ?QueryInterface@?$CComContainedObject@VCOPOSFiscalPrinter@@@ATL@@WHI@AGJABU_GUID@@PAPAX@Z 10001889 f i FiscalPrinter.obj
 0001:00000893       ?AddRef@?$CComContainedObject@VCOPOSFiscalPrinter@@@ATL@@WHI@AGKXZ 10001893 f i FiscalPrinter.obj
 0001:0000089d       ?Release@?$CComContainedObject@VCOPOSFiscalPrinter@@@ATL@@WHI@AGKXZ 1000189d f i FiscalPrinter.obj
 0001:000008a7       ?QueryInterface@?$CComContainedObject@VCOPOSFiscalPrinter@@@ATL@@WHM@AGJABU_GUID@@PAPAX@Z 100018a7 f i FiscalPrinter.obj
 0001:000008b1       ?AddRef@?$CComContainedObject@VCOPOSFiscalPrinter@@@ATL@@WHM@AGKXZ 100018b1 f i FiscalPrinter.obj
 0001:000008bb       ?Release@?$CComContainedObject@VCOPOSFiscalPrinter@@@ATL@@WHM@AGKXZ 100018bb f i FiscalPrinter.obj
 0001:000008c5       ?QueryInterface@?$CComContainedObject@VCOPOSFiscalPrinter@@@ATL@@WIA@AGJABU_GUID@@PAPAX@Z 100018c5 f i FiscalPrinter.obj
 0001:000008d2       ?AddRef@?$CComContainedObject@VCOPOSFiscalPrinter@@@ATL@@WIA@AGKXZ 100018d2 f i FiscalPrinter.obj
 0001:000008df       ?Release@?$CComContainedObject@VCOPOSFiscalPrinter@@@ATL@@WIA@AGKXZ 100018df f i FiscalPrinter.obj
 0001:000008ec       ?QueryInterface@?$CComContainedObject@VCOPOSFiscalPrinter@@@ATL@@WIE@AGJABU_GUID@@PAPAX@Z 100018ec f i FiscalPrinter.obj
 0001:000008f9       ?AddRef@?$CComContainedObject@VCOPOSFiscalPrinter@@@ATL@@WIE@AGKXZ 100018f9 f i FiscalPrinter.obj
 0001:00000906       ?Release@?$CComContainedObject@VCOPOSFiscalPrinter@@@ATL@@WIE@AGKXZ 10001906 f i FiscalPrinter.obj
 0001:00000913       ?QueryInterface@?$CComContainedObject@VCOPOSFiscalPrinter@@@ATL@@WII@AGJABU_GUID@@PAPAX@Z 10001913 f i FiscalPrinter.obj
 0001:00000920       ?AddRef@?$CComContainedObject@VCOPOSFiscalPrinter@@@ATL@@WII@AGKXZ 10001920 f i FiscalPrinter.obj
 0001:0000092d       ?Release@?$CComContainedObject@VCOPOSFiscalPrinter@@@ATL@@WII@AGKXZ 1000192d f i FiscalPrinter.obj
 0001:0000093a       ?QueryInterface@?$CComContainedObject@VCOPOSFiscalPrinter@@@ATL@@WIM@AGJABU_GUID@@PAPAX@Z 1000193a f i FiscalPrinter.obj
 0001:00000947       ?AddRef@?$CComContainedObject@VCOPOSFiscalPrinter@@@ATL@@WIM@AGKXZ 10001947 f i FiscalPrinter.obj
 0001:00000954       ?Release@?$CComContainedObject@VCOPOSFiscalPrinter@@@ATL@@WIM@AGKXZ 10001954 f i FiscalPrinter.obj
 0001:00000961       ?QueryInterface@?$CComContainedObject@VCOPOSFiscalPrinter@@@ATL@@WJA@AGJABU_GUID@@PAPAX@Z 10001961 f i FiscalPrinter.obj
 0001:0000096e       ?AddRef@?$CComContainedObject@VCOPOSFiscalPrinter@@@ATL@@WJA@AGKXZ 1000196e f i FiscalPrinter.obj
 0001:0000097b       ?Release@?$CComContainedObject@VCOPOSFiscalPrinter@@@ATL@@WJA@AGKXZ 1000197b f i FiscalPrinter.obj
 0001:00000988       ?QueryInterface@?$CComContainedObject@VCOPOSFiscalPrinter@@@ATL@@WJE@AGJABU_GUID@@PAPAX@Z 10001988 f i FiscalPrinter.obj
 0001:00000995       ?AddRef@?$CComContainedObject@VCOPOSFiscalPrinter@@@ATL@@WJE@AGKXZ 10001995 f i FiscalPrinter.obj
 0001:000009a2       ?Release@?$CComContainedObject@VCOPOSFiscalPrinter@@@ATL@@WJE@AGKXZ 100019a2 f i FiscalPrinter.obj
 0001:000009af       ?QueryInterface@?$CComContainedObject@VCOPOSFiscalPrinter@@@ATL@@WJI@AGJABU_GUID@@PAPAX@Z 100019af f i FiscalPrinter.obj
 0001:000009bc       ?AddRef@?$CComContainedObject@VCOPOSFiscalPrinter@@@ATL@@WJI@AGKXZ 100019bc f i FiscalPrinter.obj
 0001:000009c9       ?Release@?$CComContainedObject@VCOPOSFiscalPrinter@@@ATL@@WJI@AGKXZ 100019c9 f i FiscalPrinter.obj
 0001:000009d6       ?QueryInterface@?$CComContainedObject@VCOPOSFiscalPrinter@@@ATL@@WJM@AGJABU_GUID@@PAPAX@Z 100019d6 f i FiscalPrinter.obj
 0001:000009e3       ?AddRef@?$CComContainedObject@VCOPOSFiscalPrinter@@@ATL@@WJM@AGKXZ 100019e3 f i FiscalPrinter.obj
 0001:000009f0       ?Release@?$CComContainedObject@VCOPOSFiscalPrinter@@@ATL@@WJM@AGKXZ 100019f0 f i FiscalPrinter.obj
 0001:000009fd       ?QueryInterface@?$CComContainedObject@VCOPOSFiscalPrinter@@@ATL@@WKA@AGJABU_GUID@@PAPAX@Z 100019fd f i FiscalPrinter.obj
 0001:00000a0a       ?AddRef@?$CComContainedObject@VCOPOSFiscalPrinter@@@ATL@@WKA@AGKXZ 10001a0a f i FiscalPrinter.obj
 0001:00000a17       ?Release@?$CComContainedObject@VCOPOSFiscalPrinter@@@ATL@@WKA@AGKXZ 10001a17 f i FiscalPrinter.obj
 0001:00000a24       ?AddRef@?$CComContainedObject@VCOPOSFiscalPrinter@@@ATL@@WKI@AGKXZ 10001a24 f i FiscalPrinter.obj
 0001:00000a31       ?Release@?$CComContainedObject@VCOPOSFiscalPrinter@@@ATL@@WKI@AGKXZ 10001a31 f i FiscalPrinter.obj
 0001:00000a3e       ?AddRef@?$CComContainedObject@VCOPOSFiscalPrinter@@@ATL@@WLE@AGKXZ 10001a3e f i FiscalPrinter.obj
 0001:00000a4b       ?Release@?$CComContainedObject@VCOPOSFiscalPrinter@@@ATL@@WLE@AGKXZ 10001a4b f i FiscalPrinter.obj
 0001:00000a58       ?GetTypeInfoCount@?$IDispatchImpl@UIOPOSFiscalPrinter@@$1?IID_IOPOSFiscalPrinter@@3U_GUID@@B$1?LIBID_OposFiscalPrinter_CCO@@3U3@B$00$0A@VCComTypeInfoHolder@ATL@@@ATL@@UAGJPAI@Z 10001a58 f i FiscalPrinter.obj
 0001:00000a75       ?GetTypeInfo@?$IDispatchImpl@UIOPOSFiscalPrinter@@$1?IID_IOPOSFiscalPrinter@@3U_GUID@@B$1?LIBID_OposFiscalPrinter_CCO@@3U3@B$00$0A@VCComTypeInfoHolder@ATL@@@ATL@@UAGJIKPAPAUITypeInfo@@@Z 10001a75 f i FiscalPrinter.obj
 0001:00000a99       ?GetIDsOfNames@?$IDispatchImpl@UIOPOSFiscalPrinter@@$1?IID_IOPOSFiscalPrinter@@3U_GUID@@B$1?LIBID_OposFiscalPrinter_CCO@@3U3@B$00$0A@VCComTypeInfoHolder@ATL@@@ATL@@UAGJABU_GUID@@PAPA_WIKPAJ@Z 10001a99 f i FiscalPrinter.obj
 0001:00000ab9       ?Invoke@?$IDispatchImpl@UIOPOSFiscalPrinter@@$1?IID_IOPOSFiscalPrinter@@3U_GUID@@B$1?LIBID_OposFiscalPrinter_CCO@@3U3@B$00$0A@VCComTypeInfoHolder@ATL@@@ATL@@UAGJJABU_GUID@@KGPAUtagDISPPARAMS@@PAUtagVARIANT@@PAUtagEXCEPINFO@@PAI@Z 10001ab9 f i FiscalPrinter.obj
 0001:00000ac7       ?GetDataHere@?$IDataObjectImpl@VCOPOSFiscalPrinter@@@ATL@@UAGJPAUtagFORMATETC@@PAUtagSTGMEDIUM@@@Z 10001ac7 f i FiscalPrinter.obj
 0001:00000ac7       ?GetClipboardData@?$IOleObjectImpl@VCOPOSFiscalPrinter@@@ATL@@UAGJKPAPAUIDataObject@@@Z 10001ac7 f i FiscalPrinter.obj
 0001:00000ac7       ?QueryInterface@CRegObject@ATL@@UAGJABU_GUID@@PAPAX@Z 10001ac7 f i FiscalPrinter.obj
 0001:00000ac7       ?EnumFormatEtc@?$IDataObjectImpl@VCOPOSFiscalPrinter@@@ATL@@UAGJKPAPAUIEnumFORMATETC@@@Z 10001ac7 f i FiscalPrinter.obj
 0001:00000ac7       ?GetRect@?$IViewObjectExImpl@VCOPOSFiscalPrinter@@@ATL@@UAGJKPAU_RECTL@@@Z 10001ac7 f i FiscalPrinter.obj
 0001:00000ac7       ?SetMoniker@?$IOleObjectImpl@VCOPOSFiscalPrinter@@@ATL@@UAGJKPAUIMoniker@@@Z 10001ac7 f i FiscalPrinter.obj
 0001:00000ac7       ?GetCanonicalFormatEtc@?$IDataObjectImpl@VCOPOSFiscalPrinter@@@ATL@@UAGJPAUtagFORMATETC@@0@Z 10001ac7 f i FiscalPrinter.obj
 0001:00000acf       ?AddRef@CRegObject@ATL@@UAGKXZ 10001acf f i FiscalPrinter.obj
 0001:00000ad5       ?Update@?$IOleObjectImpl@VCOPOSFiscalPrinter@@@ATL@@UAGJXZ 10001ad5 f i FiscalPrinter.obj
 0001:00000ad5       ?IsUpToDate@?$IOleObjectImpl@VCOPOSFiscalPrinter@@@ATL@@UAGJXZ 10001ad5 f i FiscalPrinter.obj
 0001:00000ad5       ?HandsOffStorage@?$IPersistStorageImpl@VCOPOSFiscalPrinter@@@ATL@@UAGJXZ 10001ad5 f i FiscalPrinter.obj
 0001:00000ad5       ?Release@CRegObject@ATL@@UAGKXZ 10001ad5 f i FiscalPrinter.obj
 0001:00000ada       ?CreateControlWindow@?$CComControl@VCOPOSFiscalPrinter@@V?$CWindowImpl@VCOPOSFiscalPrinter@@VCWindow@ATL@@V?$CWinTraits@$0FGAAAAAA@$0A@@3@@ATL@@@ATL@@UAEPAUHWND__@@PAU3@AAUtagRECT@@@Z 10001ada f i FiscalPrinter.obj
 0001:00000b09       ?AddReplacement@CRegObject@ATL@@UAGJPB_W0@Z 10001b09 f i FiscalPrinter.obj
 0001:00000b42       ?ClearReplacements@CRegObject@ATL@@UAGJXZ 10001b42 f i FiscalPrinter.obj
 0001:00000b54       ?ControlQueryInterface@?$CComControl@VCOPOSFiscalPrinter@@V?$CWindowImpl@VCOPOSFiscalPrinter@@VCWindow@ATL@@V?$CWinTraits@$0FGAAAAAA@$0A@@3@@ATL@@@ATL@@UAEJABU_GUID@@PAPAX@Z 10001b54 f i FiscalPrinter.obj
 0001:00000b6f       ?GetUserClassID@?$IOleObjectImpl@VCOPOSFiscalPrinter@@@ATL@@UAGJPAU_GUID@@@Z 10001b6f f i FiscalPrinter.obj
 0001:00000b6f       ?GetClassID@?$IPersistStorageImpl@VCOPOSFiscalPrinter@@@ATL@@UAGJPAU_GUID@@@Z 10001b6f f i FiscalPrinter.obj
 0001:00000b6f       ?GetClassID@?$IPersistStreamInitImpl@VCOPOSFiscalPrinter@@@ATL@@UAGJPAU_GUID@@@Z 10001b6f f i FiscalPrinter.obj
 0001:00000b93       ?IsDirty@?$IPersistStreamInitImpl@VCOPOSFiscalPrinter@@@ATL@@UAGJXZ 10001b93 f i FiscalPrinter.obj
 0001:00000bb2       ?Load@?$IPersistStreamInitImpl@VCOPOSFiscalPrinter@@@ATL@@UAGJPAUIStream@@@Z 10001bb2 f i FiscalPrinter.obj
 0001:00000bd1       ?Save@?$IPersistStreamInitImpl@VCOPOSFiscalPrinter@@@ATL@@UAGJPAUIStream@@H@Z 10001bd1 f i FiscalPrinter.obj
 0001:00000bf3       ?GetSizeMax@?$IPersistStreamInitImpl@VCOPOSFiscalPrinter@@@ATL@@UAGJPAT_ULARGE_INTEGER@@@Z 10001bf3 f i FiscalPrinter.obj
 0001:00000da8       ?InitNew@?$IPersistStreamInitImpl@VCOPOSFiscalPrinter@@@ATL@@UAGJXZ 10001da8 f i FiscalPrinter.obj
 0001:00000dc5       ??_GCRegObject@ATL@@UAEPAXI@Z 10001dc5 f i FiscalPrinter.obj
 0001:00000dc5       ??_ECRegObject@ATL@@UAEPAXI@Z 10001dc5 f i FiscalPrinter.obj
 0001:00000de7       ?SODataDummy@COPOSFiscalPrinter@@MAGJJ@Z 10001de7 f i FiscalPrinter.obj
 0001:00000de7       ?GetDropTarget@?$IOleInPlaceObjectWindowlessImpl@VCOPOSFiscalPrinter@@@ATL@@UAGJPAPAUIDropTarget@@@Z 10001de7 f i FiscalPrinter.obj
 0001:00000de7       ?ContextSensitiveHelp@?$IOleInPlaceActiveObjectImpl@VCOPOSFiscalPrinter@@@ATL@@UAGJH@Z 10001de7 f i FiscalPrinter.obj
 0001:00000de7       ?QueryGetData@?$IDataObjectImpl@VCOPOSFiscalPrinter@@@ATL@@UAGJPAUtagFORMATETC@@@Z 10001de7 f i FiscalPrinter.obj
 0001:00000de7       ?Unfreeze@?$IViewObjectExImpl@VCOPOSFiscalPrinter@@@ATL@@UAGJK@Z 10001de7 f i FiscalPrinter.obj
 0001:00000de7       ?SetColorScheme@?$IOleObjectImpl@VCOPOSFiscalPrinter@@@ATL@@UAGJPAUtagLOGPALETTE@@@Z 10001de7 f i FiscalPrinter.obj
 0001:00000de7       ?OnMnemonic@?$IOleControlImpl@VCOPOSFiscalPrinter@@@ATL@@UAGJPAUtagMSG@@@Z 10001de7 f i FiscalPrinter.obj
 0001:00000de7       ?GetControlInfo@?$IOleControlImpl@VCOPOSFiscalPrinter@@@ATL@@UAGJPAUtagCONTROLINFO@@@Z 10001de7 f i FiscalPrinter.obj
 0001:00000de7       ?ContextSensitiveHelp@?$IOleInPlaceObjectWindowlessImpl@VCOPOSFiscalPrinter@@@ATL@@UAGJH@Z 10001de7 f i FiscalPrinter.obj
 0001:00000def       ?OnFrameWindowActivate@?$IOleInPlaceActiveObjectImpl@VCOPOSFiscalPrinter@@@ATL@@UAGJH@Z 10001def f i FiscalPrinter.obj
 0001:00000def       ?EnableModeless@?$IOleInPlaceActiveObjectImpl@VCOPOSFiscalPrinter@@@ATL@@UAGJH@Z 10001def f i FiscalPrinter.obj
 0001:00000def       ?OnAmbientPropertyChange@?$IOleControlImpl@VCOPOSFiscalPrinter@@@ATL@@UAGJJ@Z 10001def f i FiscalPrinter.obj
 0001:00000def       ?SaveCompleted@?$IPersistStorageImpl@VCOPOSFiscalPrinter@@@ATL@@UAGJPAUIStorage@@@Z 10001def f i FiscalPrinter.obj
 0001:00000df4       ?SetClientSite@?$IOleObjectImpl@VCOPOSFiscalPrinter@@@ATL@@UAGJPAUIOleClientSite@@@Z 10001df4 f i FiscalPrinter.obj
 0001:00000e11       ?GetClientSite@?$IOleObjectImpl@VCOPOSFiscalPrinter@@@ATL@@UAGJPAPAUIOleClientSite@@@Z 10001e11 f i FiscalPrinter.obj
 0001:00000e2e       ?SetHostNames@?$IOleObjectImpl@VCOPOSFiscalPrinter@@@ATL@@UAGJPB_W0@Z 10001e2e f i FiscalPrinter.obj
 0001:00000e33       ?Close@?$IOleObjectImpl@VCOPOSFiscalPrinter@@@ATL@@UAGJK@Z 10001e33 f i FiscalPrinter.obj
 0001:00000e50       ?SetData@?$IDataObjectImpl@VCOPOSFiscalPrinter@@@ATL@@UAGJPAUtagFORMATETC@@PAUtagSTGMEDIUM@@H@Z 10001e50 f i FiscalPrinter.obj
 0001:00000e50       ?GetMoniker@?$IOleObjectImpl@VCOPOSFiscalPrinter@@@ATL@@UAGJKKPAPAUIMoniker@@@Z 10001e50 f i FiscalPrinter.obj
 0001:00000e50       ?InitFromData@?$IOleObjectImpl@VCOPOSFiscalPrinter@@@ATL@@UAGJPAUIDataObject@@HK@Z 10001e50 f i FiscalPrinter.obj
 0001:00000e58       ?DoVerb@?$IOleObjectImpl@VCOPOSFiscalPrinter@@@ATL@@UAGJJPAUtagMSG@@PAUIOleClientSite@@JPAUHWND__@@PBUtagRECT@@@Z 10001e58 f i FiscalPrinter.obj
 0001:00000f70       ?EnumVerbs@?$IOleObjectImpl@VCOPOSFiscalPrinter@@@ATL@@UAGJPAPAUIEnumOLEVERB@@@Z 10001f70 f i FiscalPrinter.obj
 0001:00000f92       ?GetUserType@?$IOleObjectImpl@VCOPOSFiscalPrinter@@@ATL@@UAGJKPAPA_W@Z 10001f92 f i FiscalPrinter.obj
 0001:00000faa       ?SetExtent@?$IOleObjectImpl@VCOPOSFiscalPrinter@@@ATL@@UAGJKPAUtagSIZE@@@Z 10001faa f i FiscalPrinter.obj
 0001:00000fca       ?GetExtent@?$IOleObjectImpl@VCOPOSFiscalPrinter@@@ATL@@UAGJKPAUtagSIZE@@@Z 10001fca f i FiscalPrinter.obj
 0001:00001008       ?Advise@?$IOleObjectImpl@VCOPOSFiscalPrinter@@@ATL@@UAGJPAUIAdviseSink@@PAK@Z 10002008 f i FiscalPrinter.obj
 0001:00001028       ?Unadvise@?$IOleObjectImpl@VCOPOSFiscalPrinter@@@ATL@@UAGJK@Z 10002028 f i FiscalPrinter.obj
 0001:00001057       ?EnumAdvise@?$IOleObjectImpl@VCOPOSFiscalPrinter@@@ATL@@UAGJPAPAUIEnumSTATDATA@@@Z 10002057 f i FiscalPrinter.obj
 0001:00001097       ?GetMiscStatus@?$IOleObjectImpl@VCOPOSFiscalPrinter@@@ATL@@UAGJKPAK@Z 10002097 f i FiscalPrinter.obj
 0001:000010af       ?GetWindow@?$IOleInPlaceActiveObjectImpl@VCOPOSFiscalPrinter@@@ATL@@UAGJPAPAUHWND__@@@Z 100020af f i FiscalPrinter.obj
 0001:000010fc       ?TranslateAcceleratorW@?$IOleInPlaceActiveObjectImpl@VCOPOSFiscalPrinter@@@ATL@@UAGJPAUtagMSG@@@Z 100020fc f i FiscalPrinter.obj
 0001:0000119a       ?OnDocWindowActivate@?$IOleInPlaceActiveObjectImpl@VCOPOSFiscalPrinter@@@ATL@@UAGJH@Z 1000219a f i FiscalPrinter.obj
 0001:000011bc       ?ResizeBorder@?$IOleInPlaceActiveObjectImpl@VCOPOSFiscalPrinter@@@ATL@@UAGJPBUtagRECT@@PAUIOleInPlaceUIWindow@@H@Z 100021bc f i FiscalPrinter.obj
 0001:000011c1       ?Draw@?$IViewObjectExImpl@VCOPOSFiscalPrinter@@@ATL@@UAGJKJPAXPAUtagDVTARGETDEVICE@@PAUHDC__@@2PBU_RECTL@@3P6GHK@ZK@Z 100021c1 f i FiscalPrinter.obj
 0001:000011f3       ?GetColorSet@?$IViewObjectExImpl@VCOPOSFiscalPrinter@@@ATL@@UAGJKJPAXPAUtagDVTARGETDEVICE@@PAUHDC__@@PAPAUtagLOGPALETTE@@@Z 100021f3 f i FiscalPrinter.obj
 0001:000011fb       ?Freeze@?$IViewObjectExImpl@VCOPOSFiscalPrinter@@@ATL@@UAGJKJPAXPAK@Z 100021fb f i FiscalPrinter.obj
 0001:00001203       ?SetAdvise@?$IViewObjectExImpl@VCOPOSFiscalPrinter@@@ATL@@UAGJKKPAUIAdviseSink@@@Z 10002203 f i FiscalPrinter.obj
 0001:00001222       ?GetAdvise@?$IViewObjectExImpl@VCOPOSFiscalPrinter@@@ATL@@UAGJPAK0PAPAUIAdviseSink@@@Z 10002222 f i FiscalPrinter.obj
 0001:00001257       ?GetExtent@?$IViewObjectExImpl@VCOPOSFiscalPrinter@@@ATL@@UAGJKJPAUtagDVTARGETDEVICE@@PAUtagSIZE@@@Z 10002257 f i FiscalPrinter.obj
 0001:00001288       ?GetViewStatus@?$IViewObjectExImpl@VCOPOSFiscalPrinter@@@ATL@@UAGJPAK@Z 10002288 f i FiscalPrinter.obj
 0001:000012a5       ?QueryHitPoint@?$IViewObjectExImpl@VCOPOSFiscalPrinter@@@ATL@@UAGJKPBUtagRECT@@UtagPOINT@@JPAK@Z 100022a5 f i FiscalPrinter.obj
 0001:000012e6       ?QueryHitRect@?$IViewObjectExImpl@VCOPOSFiscalPrinter@@@ATL@@UAGJKPBUtagRECT@@0JPAK@Z 100022e6 f i FiscalPrinter.obj
 0001:00001341       ?GetNaturalExtent@?$IViewObjectExImpl@VCOPOSFiscalPrinter@@@ATL@@UAGJKJPAUtagDVTARGETDEVICE@@PAUHDC__@@PAUtagExtentInfo@@PAUtagSIZE@@@Z 10002341 f i FiscalPrinter.obj
 0001:0000138c       ?GetWindow@?$IOleInPlaceObjectWindowlessImpl@VCOPOSFiscalPrinter@@@ATL@@UAGJPAPAUHWND__@@@Z 1000238c f i FiscalPrinter.obj
 0001:000013d9       ?InPlaceDeactivate@?$IOleInPlaceObjectWindowlessImpl@VCOPOSFiscalPrinter@@@ATL@@UAGJXZ 100023d9 f i FiscalPrinter.obj
 0001:000013f3       ?UIDeactivate@?$IOleInPlaceObjectWindowlessImpl@VCOPOSFiscalPrinter@@@ATL@@UAGJXZ 100023f3 f i FiscalPrinter.obj
 0001:0000140d       ?SetObjectRects@?$IOleInPlaceObjectWindowlessImpl@VCOPOSFiscalPrinter@@@ATL@@UAGJPBUtagRECT@@0@Z 1000240d f i FiscalPrinter.obj
 0001:0000142d       ?ReactivateAndUndo@?$IOleInPlaceObjectWindowlessImpl@VCOPOSFiscalPrinter@@@ATL@@UAGJXZ 1000242d f i FiscalPrinter.obj
 0001:00001435       ?OnWindowMessage@?$IOleInPlaceObjectWindowlessImpl@VCOPOSFiscalPrinter@@@ATL@@UAGJIIJPAJ@Z 10002435 f i FiscalPrinter.obj
 0001:000014a5       ?EnumConnectionPoints@?$IConnectionPointContainerImpl@VCOPOSFiscalPrinter@@@ATL@@UAGJPAPAUIEnumConnectionPoints@@@Z 100024a5 f i FiscalPrinter.obj
 0001:0000161f       ?FindConnectionPoint@?$IConnectionPointContainerImpl@VCOPOSFiscalPrinter@@@ATL@@UAGJABU_GUID@@PAPAUIConnectionPoint@@@Z 1000261f f i FiscalPrinter.obj
 0001:000016c2       ?IsDirty@?$IPersistStorageImpl@VCOPOSFiscalPrinter@@@ATL@@UAGJXZ 100026c2 f i FiscalPrinter.obj
 0001:000016f6       ?InitNew@?$IPersistStorageImpl@VCOPOSFiscalPrinter@@@ATL@@UAGJPAUIStorage@@@Z 100026f6 f i FiscalPrinter.obj
 0001:0000172a       ?Load@?$IPersistStorageImpl@VCOPOSFiscalPrinter@@@ATL@@UAGJPAUIStorage@@@Z 1000272a f i FiscalPrinter.obj
 0001:00001796       ?Save@?$IPersistStorageImpl@VCOPOSFiscalPrinter@@@ATL@@UAGJPAUIStorage@@H@Z 10002796 f i FiscalPrinter.obj
 0001:00001809       ?GetPages@?$ISpecifyPropertyPagesImpl@VCOPOSFiscalPrinter@@@ATL@@UAGJPAUtagCAUUID@@@Z 10002809 f i FiscalPrinter.obj
 0001:00001820       ?QuickActivate@?$IQuickActivateImpl@VCOPOSFiscalPrinter@@@ATL@@UAGJPAUtagQACONTAINER@@PAUtagQACONTROL@@@Z 10002820 f i FiscalPrinter.obj
 0001:00001843       ?SetContentExtent@?$IQuickActivateImpl@VCOPOSFiscalPrinter@@@ATL@@UAGJPAUtagSIZE@@@Z 10002843 f i FiscalPrinter.obj
 0001:0000186f       ?GetContentExtent@?$IQuickActivateImpl@VCOPOSFiscalPrinter@@@ATL@@UAGJPAUtagSIZE@@@Z 1000286f f i FiscalPrinter.obj
 0001:0000188f       ?GetData@?$IDataObjectImpl@VCOPOSFiscalPrinter@@@ATL@@UAGJPAUtagFORMATETC@@PAUtagSTGMEDIUM@@@Z 1000288f f i FiscalPrinter.obj
 0001:000018b2       ?DAdvise@?$IDataObjectImpl@VCOPOSFiscalPrinter@@@ATL@@UAGJPAUtagFORMATETC@@KPAUIAdviseSink@@PAK@Z 100028b2 f i FiscalPrinter.obj
 0001:000018f3       ?DUnadvise@?$IDataObjectImpl@VCOPOSFiscalPrinter@@@ATL@@UAGJK@Z 100028f3 f i FiscalPrinter.obj
 0001:00001921       ?EnumDAdvise@?$IDataObjectImpl@VCOPOSFiscalPrinter@@@ATL@@UAGJPAPAUIEnumSTATDATA@@@Z 10002921 f i FiscalPrinter.obj
 0001:00001960       ?GetClassInfoW@?$IProvideClassInfo2Impl@$1?CLSID_OPOSFiscalPrinter@@3U_GUID@@B$1?DIID__IOPOSFiscalPrinterEvents@@3U2@B$1?LIBID_OposFiscalPrinter_CCO@@3U2@B$00$0A@VCComTypeInfoHolder@ATL@@@ATL@@UAGJPAPAUITypeInfo@@@Z 10002960 f i FiscalPrinter.obj
 0001:00001976       ?GetGUID@?$IProvideClassInfo2Impl@$1?CLSID_OPOSFiscalPrinter@@3U_GUID@@B$1?DIID__IOPOSFiscalPrinterEvents@@3U2@B$1?LIBID_OposFiscalPrinter_CCO@@3U2@B$00$0A@VCComTypeInfoHolder@ATL@@@ATL@@UAGJKPAU_GUID@@@Z 10002976 f i FiscalPrinter.obj
 0001:000019b4       __get_startup_argv_mode    100029b4 f i LIBCMT:argv_mode.obj
 0001:000019b4       ?FAccessAllowed@?$IObjectSafetyImpl@VCOPOSFiscalPrinter@@$02@ATL@@MAEHXZ 100029b4 f i FiscalPrinter.obj
 0001:000019b8       ?GetInterfaceSafetyOptions@?$IObjectSafetyImpl@VCOPOSFiscalPrinter@@$02@ATL@@UAGJABU_GUID@@PAK1@Z 100029b8 f i FiscalPrinter.obj
 0001:00001a2c       ?SetInterfaceSafetyOptions@?$IObjectSafetyImpl@VCOPOSFiscalPrinter@@$02@ATL@@UAGJABU_GUID@@KK@Z 10002a2c f i FiscalPrinter.obj
 0001:00001aa6       ?_LocCPQueryInterface@?$IConnectionPointImpl@VCOPOSFiscalPrinter@@$1?IID_IPropertyNotifySink@@3U_GUID@@BVCComDynamicUnkArray@ATL@@@ATL@@UAGJABU_GUID@@PAPAX@Z 10002aa6 f i FiscalPrinter.obj
 0001:00001aa6       ?_LocCPQueryInterface@?$IConnectionPointImpl@VCOPOSFiscalPrinter@@$1?DIID__IOPOSFiscalPrinterEvents@@3U_GUID@@BVCComDynamicUnkArray@ATL@@@ATL@@UAGJABU_GUID@@PAPAX@Z 10002aa6 f i FiscalPrinter.obj
 0001:00001af3       ?GetConnectionInterface@?$IConnectionPointImpl@VCOPOSFiscalPrinter@@$1?IID_IPropertyNotifySink@@3U_GUID@@BVCComDynamicUnkArray@ATL@@@ATL@@UAGJPAU_GUID@@@Z 10002af3 f i FiscalPrinter.obj
 0001:00001b17       ?GetConnectionPointContainer@?$IConnectionPointImpl@VCOPOSFiscalPrinter@@$1?IID_IPropertyNotifySink@@3U_GUID@@BVCComDynamicUnkArray@ATL@@@ATL@@UAGJPAPAUIConnectionPointContainer@@@Z 10002b17 f i FiscalPrinter.obj
 0001:00001b3a       ?Advise@?$IConnectionPointImpl@VCOPOSFiscalPrinter@@$1?IID_IPropertyNotifySink@@3U_GUID@@BVCComDynamicUnkArray@ATL@@@ATL@@UAGJPAUIUnknown@@PAK@Z 10002b3a f i FiscalPrinter.obj
 0001:00001b3a       ?Advise@?$IConnectionPointImpl@VCOPOSFiscalPrinter@@$1?DIID__IOPOSFiscalPrinterEvents@@3U_GUID@@BVCComDynamicUnkArray@ATL@@@ATL@@UAGJPAUIUnknown@@PAK@Z 10002b3a f i FiscalPrinter.obj
 0001:00001bdb       ?Unadvise@?$IConnectionPointImpl@VCOPOSFiscalPrinter@@$1?DIID__IOPOSFiscalPrinterEvents@@3U_GUID@@BVCComDynamicUnkArray@ATL@@@ATL@@UAGJK@Z 10002bdb f i FiscalPrinter.obj
 0001:00001bdb       ?Unadvise@?$IConnectionPointImpl@VCOPOSFiscalPrinter@@$1?IID_IPropertyNotifySink@@3U_GUID@@BVCComDynamicUnkArray@ATL@@@ATL@@UAGJK@Z 10002bdb f i FiscalPrinter.obj
 0001:00001c1b       ?EnumConnections@?$IConnectionPointImpl@VCOPOSFiscalPrinter@@$1?DIID__IOPOSFiscalPrinterEvents@@3U_GUID@@BVCComDynamicUnkArray@ATL@@@ATL@@UAGJPAPAUIEnumConnections@@@Z 10002c1b f i FiscalPrinter.obj
 0001:00001c1b       ?EnumConnections@?$IConnectionPointImpl@VCOPOSFiscalPrinter@@$1?IID_IPropertyNotifySink@@3U_GUID@@BVCComDynamicUnkArray@ATL@@@ATL@@UAGJPAPAUIEnumConnections@@@Z 10002c1b f i FiscalPrinter.obj
 0001:00001d21       ?GetCategoryMap@CComObjectRootBase@ATL@@SAPBU_ATL_CATMAP_ENTRY@2@XZ 10002d21 f i FiscalPrinter.obj
 0001:00001d21       ?GetObjectDescription@?$CComCoClass@VCOPOSFiscalPrinter@@$1?CLSID_OPOSFiscalPrinter@@3U_GUID@@B@ATL@@SGPB_WXZ 10002d21 f i FiscalPrinter.obj
 0001:00001d24       ?GetConnectionInterface@?$IConnectionPointImpl@VCOPOSFiscalPrinter@@$1?DIID__IOPOSFiscalPrinterEvents@@3U_GUID@@BVCComDynamicUnkArray@ATL@@@ATL@@UAGJPAU_GUID@@@Z 10002d24 f i FiscalPrinter.obj
 0001:00001d48       ?GetConnectionPointContainer@?$IConnectionPointImpl@VCOPOSFiscalPrinter@@$1?DIID__IOPOSFiscalPrinterEvents@@3U_GUID@@BVCComDynamicUnkArray@ATL@@@ATL@@UAGJPAPAUIConnectionPointContainer@@@Z 10002d48 f i FiscalPrinter.obj
 0001:00001d6b       ?UpdateRegistry@COPOSFiscalPrinter@@SGJH@Z 10002d6b f i FiscalPrinter.obj
 0001:00001d83       ?ProcessWindowMessage@COPOSFiscalPrinter@@UAEHPAUHWND__@@IIJAAJK@Z 10002d83 f i FiscalPrinter.obj
 0001:00001dcc       ?SODirectIO@COPOSFiscalPrinter@@MAGJJPAJPAPA_W@Z 10002dcc f i FiscalPrinter.obj
 0001:00001e15       ?SOError@COPOSFiscalPrinter@@MAGJJJJPAJ@Z 10002e15 f i FiscalPrinter.obj
 0001:00001e6a       ?SOOutputComplete@COPOSFiscalPrinter@@MAGJJ@Z 10002e6a f i FiscalPrinter.obj
 0001:00001ea3       ?SOStatusUpdate@COPOSFiscalPrinter@@MAGJJ@Z 10002ea3 f i FiscalPrinter.obj
 0001:00001edc       ?CreateInstance@?$CComCreator@V?$CComObjectCached@VCComClassFactory@ATL@@@ATL@@@ATL@@SGJPAXABU_GUID@@PAPAX@Z 10002edc f i FiscalPrinter.obj
 0001:00001f6f       ?CreateInstance@?$CComCreator2@V?$CComCreator@V?$CComObject@VCOPOSFiscalPrinter@@@ATL@@@ATL@@V?$CComCreator@V?$CComAggObject@VCOPOSFiscalPrinter@@@ATL@@@2@@ATL@@SGJPAXABU_GUID@@PAPAX@Z 10002f6f f i FiscalPrinter.obj
 0001:00001f8f       ?Next@?$CComEnumImpl@UIEnumConnectionPoints@@$1?_GUID_b196b285_bab4_101a_b69c_00aa00341d07@@3U__s_GUID@@BPAUIConnectionPoint@@V?$_CopyInterface@UIConnectionPoint@@@ATL@@@ATL@@UAGJKPAPAUIConnectionPoint@@PAK@Z 10002f8f f i FiscalPrinter.obj
 0001:00002066       ?Skip@?$CComEnumImpl@UIEnumConnectionPoints@@$1?_GUID_b196b285_bab4_101a_b69c_00aa00341d07@@3U__s_GUID@@BPAUIConnectionPoint@@V?$_CopyInterface@UIConnectionPoint@@@ATL@@@ATL@@UAGJK@Z 10003066 f i FiscalPrinter.obj
 0001:00002093       ?Reset@?$CComEnumImpl@UIEnumConnections@@$1?_GUID_b196b287_bab4_101a_b69c_00aa00341d07@@3U__s_GUID@@BUtagCONNECTDATA@@V?$_Copy@UtagCONNECTDATA@@@ATL@@@ATL@@UAGJXZ 10003093 f i FiscalPrinter.obj
 0001:00002093       ?Reset@?$CComEnumImpl@UIEnumConnectionPoints@@$1?_GUID_b196b285_bab4_101a_b69c_00aa00341d07@@3U__s_GUID@@BPAUIConnectionPoint@@V?$_CopyInterface@UIConnectionPoint@@@ATL@@@ATL@@UAGJXZ 10003093 f i FiscalPrinter.obj
 0001:000020a5       ?Clone@?$CComEnumImpl@UIEnumConnectionPoints@@$1?_GUID_b196b285_bab4_101a_b69c_00aa00341d07@@3U__s_GUID@@BPAUIConnectionPoint@@V?$_CopyInterface@UIConnectionPoint@@@ATL@@@ATL@@UAGJPAPAUIEnumConnectionPoints@@@Z 100030a5 f i FiscalPrinter.obj
 0001:00002184       ?AddRef@?$CComObject@V?$CComEnum@UIEnumConnections@@$1?_GUID_b196b287_bab4_101a_b69c_00aa00341d07@@3U__s_GUID@@BUtagCONNECTDATA@@V?$_Copy@UtagCONNECTDATA@@@ATL@@VCComSingleThreadModel@6@@ATL@@@ATL@@UAGKXZ 10003184 f i FiscalPrinter.obj
 0001:00002184       ?AddRef@?$CComObject@V?$CComEnum@UIEnumConnectionPoints@@$1?_GUID_b196b285_bab4_101a_b69c_00aa00341d07@@3U__s_GUID@@BPAUIConnectionPoint@@V?$_CopyInterface@UIConnectionPoint@@@ATL@@VCComSingleThreadModel@6@@ATL@@@ATL@@UAGKXZ 10003184 f i FiscalPrinter.obj
 0001:00002195       ?Release@?$CComObject@V?$CComEnum@UIEnumConnections@@$1?_GUID_b196b287_bab4_101a_b69c_00aa00341d07@@3U__s_GUID@@BUtagCONNECTDATA@@V?$_Copy@UtagCONNECTDATA@@@ATL@@VCComSingleThreadModel@6@@ATL@@@ATL@@UAGKXZ 10003195 f i FiscalPrinter.obj
 0001:00002195       ?Release@?$CComObject@V?$CComEnum@UIEnumConnectionPoints@@$1?_GUID_b196b285_bab4_101a_b69c_00aa00341d07@@3U__s_GUID@@BPAUIConnectionPoint@@V?$_CopyInterface@UIConnectionPoint@@@ATL@@VCComSingleThreadModel@6@@ATL@@@ATL@@UAGKXZ 10003195 f i FiscalPrinter.obj
 0001:000021d1       ?QueryInterface@?$CComObject@V?$CComEnum@UIEnumConnectionPoints@@$1?_GUID_b196b285_bab4_101a_b69c_00aa00341d07@@3U__s_GUID@@BPAUIConnectionPoint@@V?$_CopyInterface@UIConnectionPoint@@@ATL@@VCComSingleThreadModel@6@@ATL@@@ATL@@UAGJABU_GUID@@PAPAX@Z 100031d1 f i FiscalPrinter.obj
 0001:000021eb       ??_G?$CComObject@V?$CComEnum@UIEnumConnectionPoints@@$1?_GUID_b196b285_bab4_101a_b69c_00aa00341d07@@3U__s_GUID@@BPAUIConnectionPoint@@V?$_CopyInterface@UIConnectionPoint@@@ATL@@VCComSingleThreadModel@6@@ATL@@@ATL@@UAEPAXI@Z 100031eb f i FiscalPrinter.obj
 0001:000021eb       ??_E?$CComObject@V?$CComEnum@UIEnumConnectionPoints@@$1?_GUID_b196b285_bab4_101a_b69c_00aa00341d07@@3U__s_GUID@@BPAUIConnectionPoint@@V?$_CopyInterface@UIConnectionPoint@@@ATL@@VCComSingleThreadModel@6@@ATL@@@ATL@@UAEPAXI@Z 100031eb f i FiscalPrinter.obj
 0001:0000220d       ?OnFinalMessage@?$CWindowImplBaseT@VCWindow@ATL@@V?$CWinTraits@$0FGAAAAAA@$0A@@2@@ATL@@UAEXPAUHWND__@@@Z 1000320d f i FiscalPrinter.obj
 0001:0000220d       ?ObjectMain@CComObjectRootBase@ATL@@SGX_N@Z 1000320d f i FiscalPrinter.obj
 0001:00002210       ?OnDrawAdvanced@CComControlBase@ATL@@UAEJAAUATL_DRAWINFO@@@Z 10003210 f i FiscalPrinter.obj
 0001:000022ff       ?AddRef@?$CComObjectCached@VCComClassFactory@ATL@@@ATL@@UAGKXZ 100032ff f i FiscalPrinter.obj
 0001:00002326       ?Release@?$CComObjectCached@VCComClassFactory@ATL@@@ATL@@UAGKXZ 10003326 f i FiscalPrinter.obj
 0001:0000235c       ?QueryInterface@?$CComObjectCached@VCComClassFactory@ATL@@@ATL@@UAGJABU_GUID@@PAPAX@Z 1000335c f i FiscalPrinter.obj
 0001:00002376       ??_E?$CComObjectCached@VCComClassFactory@ATL@@@ATL@@UAEPAXI@Z 10003376 f i FiscalPrinter.obj
 0001:00002376       ??_G?$CComObjectCached@VCComClassFactory@ATL@@@ATL@@UAEPAXI@Z 10003376 f i FiscalPrinter.obj
 0001:00002398       ?CreateInstance@CComClassFactory@ATL@@UAGJPAUIUnknown@@ABU_GUID@@PAPAX@Z 10003398 f i FiscalPrinter.obj
 0001:000023d6       ?LockServer@CComClassFactory@ATL@@UAGJH@Z 100033d6 f i FiscalPrinter.obj
 0001:000023f5       ??_GCComClassFactory@ATL@@UAEPAXI@Z 100033f5 f i FiscalPrinter.obj
 0001:000023f5       ??_ECComClassFactory@ATL@@UAEPAXI@Z 100033f5 f i FiscalPrinter.obj
 0001:00002420       ?AddRef@?$CComAggObject@VCOPOSFiscalPrinter@@@ATL@@UAGKXZ 10003420 f i FiscalPrinter.obj
 0001:00002431       ?Release@?$CComAggObject@VCOPOSFiscalPrinter@@@ATL@@UAGKXZ 10003431 f i FiscalPrinter.obj
 0001:0000246d       ?QueryInterface@?$CComAggObject@VCOPOSFiscalPrinter@@@ATL@@UAGJABU_GUID@@PAPAX@Z 1000346d f i FiscalPrinter.obj
 0001:000024bc       ?AddRef@?$CComContainedObject@VCOPOSFiscalPrinter@@@ATL@@UAGKXZ 100034bc f i FiscalPrinter.obj
 0001:000024d2       ?Release@?$CComContainedObject@VCOPOSFiscalPrinter@@@ATL@@UAGKXZ 100034d2 f i FiscalPrinter.obj
 0001:000024e8       ?QueryInterface@?$CComContainedObject@VCOPOSFiscalPrinter@@@ATL@@UAGJABU_GUID@@PAPAX@Z 100034e8 f i FiscalPrinter.obj
 0001:00002503       ??_G?$CComAggObject@VCOPOSFiscalPrinter@@@ATL@@UAEPAXI@Z 10003503 f i FiscalPrinter.obj
 0001:00002503       ??_E?$CComAggObject@VCOPOSFiscalPrinter@@@ATL@@UAEPAXI@Z 10003503 f i FiscalPrinter.obj
 0001:00002528       ?AddRef@?$CComObject@VCOPOSFiscalPrinter@@@ATL@@UAGKXZ 10003528 f i FiscalPrinter.obj
 0001:0000253f       ?Release@?$CComObject@VCOPOSFiscalPrinter@@@ATL@@UAGKXZ 1000353f f i FiscalPrinter.obj
 0001:00002581       ?QueryInterface@?$CComObject@VCOPOSFiscalPrinter@@@ATL@@UAGJABU_GUID@@PAPAX@Z 10003581 f i FiscalPrinter.obj
 0001:0000259b       ?Next@?$CComEnumImpl@UIEnumConnections@@$1?_GUID_b196b287_bab4_101a_b69c_00aa00341d07@@3U__s_GUID@@BUtagCONNECTDATA@@V?$_Copy@UtagCONNECTDATA@@@ATL@@@ATL@@UAGJKPAUtagCONNECTDATA@@PAK@Z 1000359b f i FiscalPrinter.obj
 0001:00002672       ?Skip@?$CComEnumImpl@UIEnumConnections@@$1?_GUID_b196b287_bab4_101a_b69c_00aa00341d07@@3U__s_GUID@@BUtagCONNECTDATA@@V?$_Copy@UtagCONNECTDATA@@@ATL@@@ATL@@UAGJK@Z 10003672 f i FiscalPrinter.obj
 0001:0000269f       ?Clone@?$CComEnumImpl@UIEnumConnections@@$1?_GUID_b196b287_bab4_101a_b69c_00aa00341d07@@3U__s_GUID@@BUtagCONNECTDATA@@V?$_Copy@UtagCONNECTDATA@@@ATL@@@ATL@@UAGJPAPAUIEnumConnections@@@Z 1000369f f i FiscalPrinter.obj
 0001:0000277e       ?QueryInterface@?$CComObject@V?$CComEnum@UIEnumConnections@@$1?_GUID_b196b287_bab4_101a_b69c_00aa00341d07@@3U__s_GUID@@BUtagCONNECTDATA@@V?$_Copy@UtagCONNECTDATA@@@ATL@@VCComSingleThreadModel@6@@ATL@@@ATL@@UAGJABU_GUID@@PAPAX@Z 1000377e f i FiscalPrinter.obj
 0001:00002798       ??_G?$CComObject@V?$CComEnum@UIEnumConnections@@$1?_GUID_b196b287_bab4_101a_b69c_00aa00341d07@@3U__s_GUID@@BUtagCONNECTDATA@@V?$_Copy@UtagCONNECTDATA@@@ATL@@VCComSingleThreadModel@6@@ATL@@@ATL@@UAEPAXI@Z 10003798 f i FiscalPrinter.obj
 0001:00002798       ??_E?$CComObject@V?$CComEnum@UIEnumConnections@@$1?_GUID_b196b287_bab4_101a_b69c_00aa00341d07@@3U__s_GUID@@BUtagCONNECTDATA@@V?$_Copy@UtagCONNECTDATA@@@ATL@@VCComSingleThreadModel@6@@ATL@@@ATL@@UAEPAXI@Z 10003798 f i FiscalPrinter.obj
 0001:000027ba       ?Lock@CAtlModule@ATL@@UAEJXZ 100037ba f i FiscalPrinter.obj
 0001:000027c4       ?Unlock@CAtlModule@ATL@@UAEJXZ 100037c4 f i FiscalPrinter.obj
 0001:000027ce       ?GetLockCount@CAtlModule@ATL@@UAEJXZ 100037ce f i FiscalPrinter.obj
 0001:000027d2       ?GetGITPtr@CAtlModule@ATL@@UAEJPAPAUIGlobalInterfaceTable@@@Z 100037d2 f i FiscalPrinter.obj
 0001:0000281e       ?GetWindowProc@?$CWindowImplBaseT@VCWindow@ATL@@V?$CWinTraits@$0FGAAAAAA@$0A@@2@@ATL@@UAEP6GJPAUHWND__@@IIJ@ZXZ 1000381e f i FiscalPrinter.obj
 0001:00002824       ?StartWindowProc@?$CWindowImplBaseT@VCWindow@ATL@@V?$CWinTraits@$0FGAAAAAA@$0A@@2@@ATL@@SGJPAUHWND__@@IIJ@Z 10003824 f i FiscalPrinter.obj
 0001:00002878       ?AddCommonRGSReplacements@?$CAtlModuleT@VCComModule@ATL@@@ATL@@UAEJPAUIRegistrarBase@@@Z 10003878 f i FiscalPrinter.obj
 0001:00002892       ?UpdateRegistryFromResourceD@CComModule@ATL@@UAGJPB_WHPAU_ATL_REGMAP_ENTRY@2@@Z 10003892 f i FiscalPrinter.obj
 0001:00002892       ?UpdateRegistryFromResourceD@CComModule@ATL@@UAGJIHPAU_ATL_REGMAP_ENTRY@2@@Z 10003892 f i FiscalPrinter.obj
 0001:0000289a       ?UpdateRegistryFromResource@CComModule@ATL@@UAGJPB_WHPAU_ATL_REGMAP_ENTRY@2@@Z 1000389a f i FiscalPrinter.obj
 0001:000028a3       ?UpdateRegistryFromResource@CComModule@ATL@@UAGJIHPAU_ATL_REGMAP_ENTRY@2@@Z 100038a3 f i FiscalPrinter.obj
 0001:000028ac       ??_ECComModule@ATL@@UAEPAXI@Z 100038ac f i FiscalPrinter.obj
 0001:000028ac       ??_GCComModule@ATL@@UAEPAXI@Z 100038ac f i FiscalPrinter.obj
 0001:000028d4       ??_E?$CComObject@VCOPOSFiscalPrinter@@@ATL@@W3AEPAXI@Z 100038d4 f i FiscalPrinter.obj
 0001:000028dc       ??_E?$CComObject@VCOPOSFiscalPrinter@@@ATL@@WEM@AEPAXI@Z 100038dc f i FiscalPrinter.obj
 0001:000028e4       ?QueryInterface@?$CComObject@VCOPOSFiscalPrinter@@@ATL@@WHA@AGJABU_GUID@@PAPAX@Z 100038e4 f i FiscalPrinter.obj
 0001:000028ee       ?AddRef@?$CComObject@VCOPOSFiscalPrinter@@@ATL@@WHA@AGKXZ 100038ee f i FiscalPrinter.obj
 0001:000028f8       ?Release@?$CComObject@VCOPOSFiscalPrinter@@@ATL@@WHA@AGKXZ 100038f8 f i FiscalPrinter.obj
 0001:00002902       ?QueryInterface@?$CComObject@VCOPOSFiscalPrinter@@@ATL@@WHE@AGJABU_GUID@@PAPAX@Z 10003902 f i FiscalPrinter.obj
 0001:0000290c       ?AddRef@?$CComObject@VCOPOSFiscalPrinter@@@ATL@@WHE@AGKXZ 1000390c f i FiscalPrinter.obj
 0001:00002916       ?Release@?$CComObject@VCOPOSFiscalPrinter@@@ATL@@WHE@AGKXZ 10003916 f i FiscalPrinter.obj
 0001:00002920       ?QueryInterface@?$CComObject@VCOPOSFiscalPrinter@@@ATL@@WHI@AGJABU_GUID@@PAPAX@Z 10003920 f i FiscalPrinter.obj
 0001:0000292a       ?AddRef@?$CComObject@VCOPOSFiscalPrinter@@@ATL@@WHI@AGKXZ 1000392a f i FiscalPrinter.obj
 0001:00002934       ?Release@?$CComObject@VCOPOSFiscalPrinter@@@ATL@@WHI@AGKXZ 10003934 f i FiscalPrinter.obj
 0001:0000293e       ?QueryInterface@?$CComObject@VCOPOSFiscalPrinter@@@ATL@@WHM@AGJABU_GUID@@PAPAX@Z 1000393e f i FiscalPrinter.obj
 0001:00002948       ?AddRef@?$CComObject@VCOPOSFiscalPrinter@@@ATL@@WHM@AGKXZ 10003948 f i FiscalPrinter.obj
 0001:00002952       ?Release@?$CComObject@VCOPOSFiscalPrinter@@@ATL@@WHM@AGKXZ 10003952 f i FiscalPrinter.obj
 0001:0000295c       ?QueryInterface@?$CComObject@VCOPOSFiscalPrinter@@@ATL@@WIA@AGJABU_GUID@@PAPAX@Z 1000395c f i FiscalPrinter.obj
 0001:00002969       ??$?4UITypeInfo2@@@?$CComPtr@UITypeInfo@@@ATL@@QAEPAUITypeInfo@@ABV?$CComPtr@UITypeInfo2@@@1@@Z 10003969 f i FiscalPrinter.obj
 0001:00002996       ??$AtlAdd@K@ATL@@YAJPAKKK@Z 10003996 f i FiscalPrinter.obj
 0001:000029b9       ??$AtlAdd@_K@ATL@@YAJPA_K_K1@Z 100039b9 f i FiscalPrinter.obj
 0001:000029f1       ??$AtlAddThrow@K@ATL@@YAKKK@Z 100039f1 f i FiscalPrinter.obj
 0001:00002a17       ??$AtlModuleRegisterWndClassInfoT@VAtlModuleRegisterWndClassInfoParamW@ATL@@@ATL@@YAGPAU_ATL_BASE_MODULE70@0@PAU_ATL_WIN_MODULE70@0@PAU_ATL_WNDCLASSINFOW@0@PAP6GJPAUHWND__@@IIJ@ZVAtlModuleRegisterWndClassInfoParamW@0@@Z 10003a17 f i FiscalPrinter.obj
 0001:00002b65       ??$AtlMultiply@H@ATL@@YAJPAHHH@Z 10003b65 f i FiscalPrinter.obj
 0001:00002b9d       ??$AtlMultiply@I@ATL@@YAJPAIII@Z 10003b9d f i FiscalPrinter.obj
 0001:00002b9d       ??$AtlMultiply@K@ATL@@YAJPAKKK@Z 10003b9d f i FiscalPrinter.obj
 0001:00002bbf       ??$AtlMultiplyThrow@I@ATL@@YAIII@Z 10003bbf f i FiscalPrinter.obj
 0001:00002be5       ??0?$CComAggObject@VCOPOSFiscalPrinter@@@ATL@@QAE@PAX@Z 10003be5 f i FiscalPrinter.obj
 0001:00002c12       ??0?$CComContainedObject@VCOPOSFiscalPrinter@@@ATL@@QAE@PAX@Z 10003c12 f i FiscalPrinter.obj
 0001:00002ccb       ??0?$CComObject@V?$CComEnum@UIEnumConnectionPoints@@$1?_GUID_b196b285_bab4_101a_b69c_00aa00341d07@@3U__s_GUID@@BPAUIConnectionPoint@@V?$_CopyInterface@UIConnectionPoint@@@ATL@@VCComSingleThreadModel@6@@ATL@@@ATL@@QAE@PAX@Z 10003ccb f i FiscalPrinter.obj
 0001:00002cf9       ??0?$CComObject@V?$CComEnum@UIEnumConnections@@$1?_GUID_b196b287_bab4_101a_b69c_00aa00341d07@@3U__s_GUID@@BUtagCONNECTDATA@@V?$_Copy@UtagCONNECTDATA@@@ATL@@VCComSingleThreadModel@6@@ATL@@@ATL@@QAE@PAX@Z 10003cf9 f i FiscalPrinter.obj
 0001:00002d27       ??0?$CComObject@VCOPOSFiscalPrinter@@@ATL@@QAE@PAX@Z 10003d27 f i FiscalPrinter.obj
 0001:00002dde       ??0?$CComQIPtr@UIOleControlSite@@$1?_GUID_b196b289_bab4_101a_b69c_00aa00341d07@@3U__s_GUID@@B@ATL@@QAE@PAUIUnknown@@@Z 10003dde f i FiscalPrinter.obj
 0001:00002e07       ??0CAtlModule@ATL@@QAE@XZ  10003e07 f i FiscalPrinter.obj
 0001:00002e48       ??0CParseBuffer@CRegParser@ATL@@QAE@H@Z 10003e48 f i FiscalPrinter.obj
 0001:00002e7e       ??0_ATL_MSG@ATL@@QAE@PAUHWND__@@IIJH@Z 10003e7e f i FiscalPrinter.obj
 0001:00002eb6       ??1?$CComAggObject@VCOPOSFiscalPrinter@@@ATL@@UAE@XZ 10003eb6 f i FiscalPrinter.obj
 0001:00002eda       ??1?$CComEnumImpl@UIEnumConnectionPoints@@$1?_GUID_b196b285_bab4_101a_b69c_00aa00341d07@@3U__s_GUID@@BPAUIConnectionPoint@@V?$_CopyInterface@UIConnectionPoint@@@ATL@@@ATL@@UAE@XZ 10003eda f i FiscalPrinter.obj
 0001:00002f1a       ??1?$CComEnumImpl@UIEnumConnections@@$1?_GUID_b196b287_bab4_101a_b69c_00aa00341d07@@3U__s_GUID@@BUtagCONNECTDATA@@V?$_Copy@UtagCONNECTDATA@@@ATL@@@ATL@@UAE@XZ 10003f1a f i FiscalPrinter.obj
 0001:00002f5a       ??1?$CComObject@V?$CComEnum@UIEnumConnectionPoints@@$1?_GUID_b196b285_bab4_101a_b69c_00aa00341d07@@3U__s_GUID@@BPAUIConnectionPoint@@V?$_CopyInterface@UIConnectionPoint@@@ATL@@VCComSingleThreadModel@6@@ATL@@@ATL@@UAE@XZ 10003f5a f i FiscalPrinter.obj
 0001:00002f7d       ??1?$CComObject@V?$CComEnum@UIEnumConnections@@$1?_GUID_b196b287_bab4_101a_b69c_00aa00341d07@@3U__s_GUID@@BUtagCONNECTDATA@@V?$_Copy@UtagCONNECTDATA@@@ATL@@VCComSingleThreadModel@6@@ATL@@@ATL@@UAE@XZ 10003f7d f i FiscalPrinter.obj
 0001:00002fa0       ??1?$CComObject@VCOPOSFiscalPrinter@@@ATL@@UAE@XZ 10003fa0 f i FiscalPrinter.obj
 0001:0000305e       ??1?$CComObjectCached@VCComClassFactory@ATL@@@ATL@@UAE@XZ 1000405e f i FiscalPrinter.obj
 0001:00003074       ??1?$CComObjectRootEx@VCComMultiThreadModel@ATL@@@ATL@@QAE@XZ 10004074 f i FiscalPrinter.obj
 0001:00003089       ??1CRegObject@ATL@@UAE@XZ  10004089 f i FiscalPrinter.obj
 0001:000030a9       ??4?$CComPtr@UIAdviseSink@@@ATL@@QAEPAUIAdviseSink@@PAU2@@Z 100040a9 f i FiscalPrinter.obj
 0001:000030a9       ??4?$CComPtr@UIOleClientSite@@@ATL@@QAEPAUIOleClientSite@@PAU2@@Z 100040a9 f i FiscalPrinter.obj
 0001:000030a9       ??4?$CComPtr@UIUnknown@@@ATL@@QAEPAUIUnknown@@PAU2@@Z 100040a9 f i FiscalPrinter.obj
 0001:000030dd       ??4?$CComQIPtr@UIOleObject@@$1?_GUID_00000112_0000_0000_c000_000000000046@@3U__s_GUID@@B@ATL@@QAEPAUIOleObject@@PAUIUnknown@@@Z 100040dd f i FiscalPrinter.obj
 0001:00003102       ??4?$CComQIPtr@UISpecifyPropertyPages@@$1?_GUID_b196b28b_bab4_101a_b69c_00aa00341d07@@3U__s_GUID@@B@ATL@@QAEPAUISpecifyPropertyPages@@PAUIUnknown@@@Z 10004102 f i FiscalPrinter.obj
 0001:00003127       ??_G?$CComContainedObject@VCOPOSFiscalPrinter@@@ATL@@UAEPAXI@Z 10004127 f i FiscalPrinter.obj
 0001:00003127       ??_E?$CComContainedObject@VCOPOSFiscalPrinter@@@ATL@@UAEPAXI@Z 10004127 f i FiscalPrinter.obj
 0001:0000314c       ??_G?$CComObject@VCOPOSFiscalPrinter@@@ATL@@UAEPAXI@Z 1000414c f i FiscalPrinter.obj
 0001:0000314c       ??_E?$CComObject@VCOPOSFiscalPrinter@@@ATL@@UAEPAXI@Z 1000414c f i FiscalPrinter.obj
 0001:00003171       ?Add@?$CSimpleArray@GV?$CSimpleArrayEqualHelper@G@ATL@@@ATL@@QAEHABG@Z 10004171 f i FiscalPrinter.obj
 0001:000031f5       ?Add@?$CSimpleMap@PA_WPA_WVCExpansionVectorEqualHelper@ATL@@@ATL@@QAEHABQA_W0@Z 100041f5 f i FiscalPrinter.obj
 0001:0000324a       ?Add@CComDynamicUnkArray@ATL@@QAEKPAUIUnknown@@@Z 1000424a f i FiscalPrinter.obj
 0001:00003305       ?Add@CExpansionVector@ATL@@QAEHPB_W0@Z 10004305 f i FiscalPrinter.obj
 0001:00003409       ?AddString@CParseBuffer@CRegParser@ATL@@QAEHPB_W@Z 10004409 f i FiscalPrinter.obj
 0001:0000343e       ?AddValue@CRegParser@ATL@@IAEJAAVCRegKey@2@PB_WPA_W@Z 1000443e f i FiscalPrinter.obj
 0001:0000375f       ?Allocate@?$CAtlSafeAllocBufferManager@VCCRTAllocator@ATL@@@_ATL_SAFE_ALLOCA_IMPL@ATL@@QAEPAXK@Z 1000475f f i FiscalPrinter.obj
 0001:0000378c       ?Allocate@?$CTempBuffer@E$0BAA@VCCRTAllocator@ATL@@@ATL@@QAEPAEI@Z 1000478c f i FiscalPrinter.obj
 0001:000037bb       ?Allocate@?$CTempBuffer@_W$0BAA@VCCRTAllocator@ATL@@@ATL@@QAEPA_WI@Z 100047bb f i FiscalPrinter.obj
 0001:000037ea       ?Allocate@?$CTempBuffer@_W$0EAA@VCCRTAllocator@ATL@@@ATL@@QAEPA_WI@Z 100047ea f i FiscalPrinter.obj
 0001:00003819       ?AllocateHeap@?$CTempBuffer@E$0BAA@VCCRTAllocator@ATL@@@ATL@@AAEXI@Z 10004819 f i FiscalPrinter.obj
 0001:00003819       ?AllocateHeap@?$CTempBuffer@_W$0EAA@VCCRTAllocator@ATL@@@ATL@@AAEXI@Z 10004819 f i FiscalPrinter.obj
 0001:00003819       ?AllocateHeap@?$CTempBuffer@_W$0BAA@VCCRTAllocator@ATL@@@ATL@@AAEXI@Z 10004819 f i FiscalPrinter.obj
 0001:0000383e       ?Append@CParseBuffer@CRegParser@ATL@@QAEHPB_WH@Z 1000483e f i FiscalPrinter.obj
 0001:000038cc       ?AtlCallTermFunc@ATL@@YGXPAU_ATL_MODULE70@1@@Z 100048cc f i FiscalPrinter.obj
 0001:00003910       ?AtlCoTaskMemCAlloc@ATL@@YAPAXKK@Z 10004910 f i FiscalPrinter.obj
 0001:0000393d       ?AtlCoTaskMemRecalloc@ATL@@YAPAXPAXKK@Z 1000493d f i FiscalPrinter.obj
 0001:0000396d       ?AtlComModuleGetClassObject@ATL@@YGJPAU_ATL_COM_MODULE70@1@ABU_GUID@@1PAPAX@Z 1000496d f i FiscalPrinter.obj
 0001:00003a60       ?AtlComModuleRegisterServer@ATL@@YGJPAU_ATL_COM_MODULE70@1@HPBU_GUID@@@Z 10004a60 f i FiscalPrinter.obj
 0001:00003ae8       ?AtlComModuleUnregisterServer@ATL@@YGJPAU_ATL_COM_MODULE70@1@HPBU_GUID@@@Z 10004ae8 f i FiscalPrinter.obj
 0001:00003b70       ?AtlComQIPtrAssign2@ATL@@YAXPAPAUIUnknown@@PAU2@ABU_GUID@@@Z 10004b70 f i FiscalPrinter.obj
 0001:00003b9f       ?AtlCreateTargetDC@ATL@@YGPAUHDC__@@PAU2@PAUtagDVTARGETDEVICE@@@Z 10004b9f f i FiscalPrinter.obj
 0001:00003c08       ?AtlCrtErrorCheck@ATL@@YAHH@Z 10004c08 f i FiscalPrinter.obj
 0001:00003c43       ?AtlHiMetricToPixel@ATL@@YGXPBUtagSIZE@@PAU2@@Z 10004c43 f i FiscalPrinter.obj
 0001:00003cb8       ?AtlHresultFromLastError@ATL@@YAJXZ 10004cb8 f i FiscalPrinter.obj
 0001:00003ccf       ?AtlHresultFromWin32@ATL@@YAJK@Z 10004ccf f i FiscalPrinter.obj
 0001:00003ce4       ?AtlIPersistStreamInit_Load@ATL@@YGJPAUIStream@@PBUATL_PROPMAP_ENTRY@1@PAXPAUIUnknown@@@Z 10004ce4 f i FiscalPrinter.obj
 0001:00003ec4       ?AtlIPersistStreamInit_Save@ATL@@YGJPAUIStream@@HPBUATL_PROPMAP_ENTRY@1@PAXPAUIUnknown@@@Z 10004ec4 f i FiscalPrinter.obj
 0001:0000405c       ?AtlInternalOleLoadFromStream@ATL@@YAJPAUIStream@@ABU_GUID@@PAPAXTClassesAllowedInStream@1@K@Z 1000505c f i FiscalPrinter.obj
 0001:00004182       ?AtlInternalQueryInterface@ATL@@YGJPAXPBU_ATL_INTMAP_ENTRY@1@ABU_GUID@@PAPAX@Z 10005182 f i FiscalPrinter.obj
 0001:00004225       ?AtlLoadTypeLib@ATL@@YGJPAUHINSTANCE__@@PB_WPAPA_WPAPAUITypeLib@@@Z 10005225 f i FiscalPrinter.obj
 0001:00004403       ?AtlModuleAddTermFunc@ATL@@YGJPAU_ATL_MODULE70@1@P6GXK@ZK@Z 10005403 f i FiscalPrinter.obj
 0001:00004460       ?AtlRegisterClassCategoriesHelper@ATL@@YGJABU_GUID@@PBU_ATL_CATMAP_ENTRY@1@H@Z 10005460 f i FiscalPrinter.obj
 0001:00004740       ?AtlRegisterTypeLib@ATL@@YGJPAUHINSTANCE__@@PB_W@Z 10005740 f i FiscalPrinter.obj
 0001:000048c8       ?AtlThrowImpl@ATL@@YGXJ@Z  100058c8 f i FiscalPrinter.obj
 0001:000048e6       ?AtlUnRegisterTypeLib@ATL@@YGJPAUHINSTANCE__@@PB_W@Z 100058e6 f i FiscalPrinter.obj
 0001:00004991       ?AtlWinModuleAddCreateWndData@ATL@@YGXPAU_ATL_WIN_MODULE70@1@PAU_AtlCreateWndData@1@PAX@Z 10005991 f i FiscalPrinter.obj
 0001:000049e5       ?AtlWinModuleExtractCreateWndData@ATL@@YGPAXPAU_ATL_WIN_MODULE70@1@@Z 100059e5 f i FiscalPrinter.obj
 0001:00004a48       ?AtlWinModuleRegisterClassExW@ATL@@YGGPAU_ATL_WIN_MODULE70@1@PBUtagWNDCLASSEXW@@@Z 10005a48 f i FiscalPrinter.obj
 0001:00004a87       ?CanForceRemoveKey@CRegParser@ATL@@IAEHPB_W@Z 10005a87 f i FiscalPrinter.obj
 0001:00004ab6       ?ChToByte@CRegParser@ATL@@KAE_W@Z 10005ab6 f i FiscalPrinter.obj
 0001:00004ae9       ?Cleanup@CComTypeInfoHolder@ATL@@SGXK@Z 10005ae9 f i FiscalPrinter.obj
 0001:00004b1c       ?ClearReplacements@CExpansionVector@ATL@@QAEJXZ 10005b1c f i FiscalPrinter.obj
 0001:00004b59       ?Close@CRegKey@ATL@@QAEJXZ 10005b59 f i FiscalPrinter.obj
 0001:00004b73       ?Create@?$CWindowImpl@VCOPOSFiscalPrinter@@VCWindow@ATL@@V?$CWinTraits@$0FGAAAAAA@$0A@@3@@ATL@@QAEPAUHWND__@@PAU3@V_U_RECT@2@PB_WKKV_U_MENUorID@2@PAX@Z 10005b73 f i FiscalPrinter.obj
 0001:00004bb7       ?Create@?$CWindowImplBaseT@VCWindow@ATL@@V?$CWinTraits@$0FGAAAAAA@$0A@@2@@ATL@@QAEPAUHWND__@@PAU3@V_U_RECT@2@PB_WKKV_U_MENUorID@2@GPAX@Z 10005bb7 f i FiscalPrinter.obj
 0001:00004c53       ?Create@CRegKey@ATL@@QAEJPAUHKEY__@@PB_WPA_WKKPAU_SECURITY_ATTRIBUTES@@PAK@Z 10005c53 f i FiscalPrinter.obj
 0001:00004cb6       ?CreateInstance@?$CComCreator@V?$CComAggObject@VCOPOSFiscalPrinter@@@ATL@@@ATL@@SGJPAXABU_GUID@@PAPAX@Z 10005cb6 f i FiscalPrinter.obj
 0001:00004d2c       ?CreateInstance@?$CComCreator@V?$CComObject@VCOPOSFiscalPrinter@@@ATL@@@ATL@@SGJPAXABU_GUID@@PAPAX@Z 10005d2c f i FiscalPrinter.obj
 0001:00004dad       ?CreateInstance@?$CComObject@V?$CComEnum@UIEnumConnectionPoints@@$1?_GUID_b196b285_bab4_101a_b69c_00aa00341d07@@3U__s_GUID@@BPAUIConnectionPoint@@V?$_CopyInterface@UIConnectionPoint@@@ATL@@VCComSingleThreadModel@6@@ATL@@@ATL@@SGJPAPAV12@@Z 10005dad f i FiscalPrinter.obj
 0001:00004df4       ?CreateInstance@?$CComObject@V?$CComEnum@UIEnumConnections@@$1?_GUID_b196b287_bab4_101a_b69c_00aa00341d07@@3U__s_GUID@@BUtagCONNECTDATA@@V?$_Copy@UtagCONNECTDATA@@@ATL@@VCComSingleThreadModel@6@@ATL@@@ATL@@SGJPAPAV12@@Z 10005df4 f i FiscalPrinter.obj
 0001:00004e3b       ?DefaultReflectionHandler@?$CWindowImplRoot@VCWindow@ATL@@@ATL@@SAHPAUHWND__@@IIJAAJ@Z 10005e3b f i FiscalPrinter.obj
 0001:00004eae       ?DeleteSubKey@CRegKey@ATL@@QAEJPB_W@Z 10005eae f i FiscalPrinter.obj
 0001:00004ed1       ?DoEvent@COPOSFiscalPrinter@@IAEXIIJ@Z 10005ed1 f i FiscalPrinter.obj
 0001:00004f51       ?DoVerbHide@?$IOleObjectImpl@VCOPOSFiscalPrinter@@@ATL@@QAEJPBUtagRECT@@PAUHWND__@@@Z 10005f51 f i FiscalPrinter.obj
 0001:00004f87       ?DoVerbInPlaceActivate@?$IOleObjectImpl@VCOPOSFiscalPrinter@@@ATL@@QAEJPBUtagRECT@@PAUHWND__@@@Z 10005f87 f i FiscalPrinter.obj
 0001:00004fba       ?DoVerbPrimary@?$IOleObjectImpl@VCOPOSFiscalPrinter@@@ATL@@QAEJPBUtagRECT@@PAUHWND__@@@Z 10005fba f i FiscalPrinter.obj
 0001:00005046       ?DoVerbProperties@CComControlBase@ATL@@QAEJPBUtagRECT@@PAUHWND__@@@Z 10006046 f i FiscalPrinter.obj
 0001:0000516d       ?DoVerbShow@?$IOleObjectImpl@VCOPOSFiscalPrinter@@@ATL@@QAEJPBUtagRECT@@PAUHWND__@@@Z 1000616d f i FiscalPrinter.obj
 0001:00005192       ?DoVerbUIActivate@?$IOleObjectImpl@VCOPOSFiscalPrinter@@@ATL@@QAEJPBUtagRECT@@PAUHWND__@@@Z 10006192 f i FiscalPrinter.obj
 0001:000051cf       ?DoesVerbActivate@CComControlBase@ATL@@QAEHJ@Z 100061cf f i FiscalPrinter.obj
 0001:000051f0       ?DoesVerbUIActivate@CComControlBase@ATL@@QAEHJ@Z 100061f0 f i FiscalPrinter.obj
 0001:00005225       ?EndOfVar@CRegParser@ATL@@IAEHXZ 10006225 f i FiscalPrinter.obj
 0001:00005245       ?EscapeSingleQuote@CAtlModule@ATL@@SAXPA_WIPB_W@Z 10006245 f i FiscalPrinter.obj
 0001:00005294       ?FindKey@?$CSimpleMap@PA_WPA_WVCExpansionVectorEqualHelper@ATL@@@ATL@@QBEHABQA_W@Z 10006294 f i FiscalPrinter.obj
 0001:000052cb       ?FireTheEvent@?$CProxy_IOPOSEvents@VCOPOSFiscalPrinter@@@@IAEXPAVOposVariant@@IAAJPB_WJ@Z 100062cb f i FiscalPrinter.obj
 0001:0000535d       ?FireViewChange@CComControlBase@ATL@@QAEJXZ 1000635d f i FiscalPrinter.obj
 0001:000053a6       ?Fire_DirectIOEvent@?$CProxy_IOPOSEvents@VCOPOSFiscalPrinter@@@@QAEXJPAJPAPA_W@Z 100063a6 f i FiscalPrinter.obj
 0001:0000548c       ?Fire_ErrorEvent@?$CProxy_IOPOSEvents@VCOPOSFiscalPrinter@@@@QAEXJJJPAJ@Z 1000648c f i FiscalPrinter.obj
 0001:00005573       ?Fire_OutputCompleteEvent@?$CProxy_IOPOSEvents@VCOPOSFiscalPrinter@@@@QAEXJ@Z 10006573 f i FiscalPrinter.obj
 0001:000055ff       ?Fire_StatusUpdateEvent@?$CProxy_IOPOSEvents@VCOPOSFiscalPrinter@@@@QAEXJ@Z 100065ff f i FiscalPrinter.obj
 0001:0000568b       ?FreeHeap@?$CTempBuffer@_W$0EAA@VCCRTAllocator@ATL@@@ATL@@AAEXXZ 1000668b f i FiscalPrinter.obj
 0001:0000568b       ?FreeHeap@?$CTempBuffer@E$0BAA@VCCRTAllocator@ATL@@@ATL@@AAEXXZ 1000668b f i FiscalPrinter.obj
 0001:0000568b       ?FreeHeap@?$CTempBuffer@_W$0BAA@VCCRTAllocator@ATL@@@ATL@@AAEXXZ 1000668b f i FiscalPrinter.obj
 0001:00005694       ?GetAmbientLocaleID@CComControlBase@ATL@@QAEJAAK@Z 10006694 f i FiscalPrinter.obj
 0001:000056f0       ?GetAmbientUserMode@CComControlBase@ATL@@QAEJAAH@Z 100066f0 f i FiscalPrinter.obj
 0001:00005760       ?GetAt@CComDynamicUnkArray@ATL@@QAEPAUIUnknown@@H@Z 10006760 f i FiscalPrinter.obj
 0001:0000577c       ?GetClassObject@CComModule@ATL@@QAEJABU_GUID@@0PAPAX@Z 1000677c f i FiscalPrinter.obj
 0001:0000581e       ?GetConnMap@COPOSFiscalPrinter@@SAPBU_ATL_CONNMAP_ENTRY@ATL@@PAH@Z 1000681e f i FiscalPrinter.obj
 0001:0000588e       ?GetCookie@CComDynamicUnkArray@ATL@@QAGKPAPAUIUnknown@@@Z 1000688e f i FiscalPrinter.obj
 0001:000058c6       ?GetIDsOfNames@CComTypeInfoHolder@ATL@@QAEJABU_GUID@@PAPA_WIKPAJ@Z 100068c6 f i FiscalPrinter.obj
 0001:000059d4       ?GetKeyAt@?$CSimpleMap@PA_WPA_WVCExpansionVectorEqualHelper@ATL@@@ATL@@QBEAAPA_WH@Z 100069d4 f i FiscalPrinter.obj
 0001:000059f9       ?GetPagesHelper@?$ISpecifyPropertyPagesImpl@VCOPOSFiscalPrinter@@@ATL@@IAEJPAUtagCAUUID@@PBUATL_PROPMAP_ENTRY@2@@Z 100069f9 f i FiscalPrinter.obj
 0001:00005b20       ?GetProperty@?$CComPtr@UIDispatch@@@ATL@@SAJPAUIDispatch@@JPAUtagVARIANT@@@Z 10006b20 f i FiscalPrinter.obj
 0001:00005b6f       ?GetSizeMax@CComVariant@ATL@@QBEJPAT_ULARGE_INTEGER@@@Z 10006b6f f i FiscalPrinter.obj
 0001:00005d29       ?GetStreamSize@CComBSTR@ATL@@SAKPA_W@Z 10006d29 f i FiscalPrinter.obj
 0001:00005d43       ?GetTI@CComTypeInfoHolder@ATL@@QAEJK@Z 10006d43 f i FiscalPrinter.obj
 0001:00005f2c       ?GetTI@CComTypeInfoHolder@ATL@@QAEJKPAPAUITypeInfo@@@Z 10006f2c f i FiscalPrinter.obj
 0001:00005f6e       ?GetUnknown@CComDynamicUnkArray@ATL@@QAGPAUIUnknown@@K@Z 10006f6e f i FiscalPrinter.obj
 0001:00005f8f       ?GetValueAt@?$CSimpleMap@PA_WPA_WVCExpansionVectorEqualHelper@ATL@@@ATL@@QBEAAPA_WH@Z 10006f8f f i FiscalPrinter.obj
 0001:00005fb5       ?GetZoomInfo@CComControlBase@ATL@@QAEXAAUATL_DRAWINFO@@@Z 10006fb5 f i FiscalPrinter.obj
 0001:00006048       ?HKeyFromString@CRegParser@ATL@@KAPAUHKEY__@@PA_W@Z 10007048 f i FiscalPrinter.obj
 0001:00006076       ?HasSubKeys@CRegParser@ATL@@IAEHPAUHKEY__@@@Z 10007076 f i FiscalPrinter.obj
 0001:000060ab       ?IDataObject_GetData@CComControlBase@ATL@@QAEJPAUtagFORMATETC@@PAUtagSTGMEDIUM@@@Z 100070ab f i FiscalPrinter.obj
 0001:00006251       ?IOleInPlaceObject_InPlaceDeactivate@CComControlBase@ATL@@QAEJXZ 10007251 f i FiscalPrinter.obj
 0001:000062d8       ?IOleInPlaceObject_SetObjectRects@CComControlBase@ATL@@QAEJPBUtagRECT@@0@Z 100072d8 f i FiscalPrinter.obj
 0001:000063a5       ?IOleInPlaceObject_UIDeactivate@CComControlBase@ATL@@QAEJXZ 100073a5 f i FiscalPrinter.obj
 0001:00006467       ?IOleObject_Advise@CComControlBase@ATL@@QAEJPAUIAdviseSink@@PAK@Z 10007467 f i FiscalPrinter.obj
 0001:00006491       ?IOleObject_Close@CComControlBase@ATL@@QAEJK@Z 10007491 f i FiscalPrinter.obj
 0001:00006575       ?IOleObject_GetClientSite@CComControlBase@ATL@@QAEJPAPAUIOleClientSite@@@Z 10007575 f i FiscalPrinter.obj
 0001:0000659e       ?IOleObject_SetClientSite@CComControlBase@ATL@@QAEJPAUIOleClientSite@@@Z 1000759e f i FiscalPrinter.obj
 0001:000065dd       ?IOleObject_SetExtent@CComControlBase@ATL@@QAEJKPAUtagSIZE@@@Z 100075dd f i FiscalPrinter.obj
 0001:00006691       ?IPSI_GetIPersistStreamInit@?$IPersistStorageImpl@VCOPOSFiscalPrinter@@@ATL@@AAEPAUIPersistStreamInit@@XZ 10007691 f i FiscalPrinter.obj
 0001:000066d3       ?IPersistStreamInit_Load@?$IPersistStreamInitImpl@VCOPOSFiscalPrinter@@@ATL@@QAEJPAUIStream@@PBUATL_PROPMAP_ENTRY@2@@Z 100076d3 f i FiscalPrinter.obj
 0001:000066ff       ?IPersistStreamInit_Save@?$IPersistStreamInitImpl@VCOPOSFiscalPrinter@@@ATL@@QAEJPAUIStream@@HPBUATL_PROPMAP_ENTRY@2@@Z 100076ff f i FiscalPrinter.obj
 0001:00006734       ?IQuickActivate_QuickActivate@CComControlBase@ATL@@QAEJPAUtagQACONTAINER@@PAUtagQACONTROL@@@Z 10007734 f i FiscalPrinter.obj
 0001:00006976       ?IViewObject_Draw@CComControlBase@ATL@@QAEJKJPAXPAUtagDVTARGETDEVICE@@PAUHDC__@@2PBU_RECTL@@3@Z 10007976 f i FiscalPrinter.obj
 0001:00006a1e       ?InPlaceActivate@CComControlBase@ATL@@QAEJJPBUtagRECT@@@Z 10007a1e f i FiscalPrinter.obj
 0001:00006c8f       ?Init@?$CComEnumImpl@UIEnumConnectionPoints@@$1?_GUID_b196b285_bab4_101a_b69c_00aa00341d07@@3U__s_GUID@@BPAUIConnectionPoint@@V?$_CopyInterface@UIConnectionPoint@@@ATL@@@ATL@@QAEJPAPAUIConnectionPoint@@0PAUIUnknown@@W4CComEnumFlags@2@@Z 10007c8f f i FiscalPrinter.obj
 0001:00006d6e       ?Init@?$CComEnumImpl@UIEnumConnections@@$1?_GUID_b196b287_bab4_101a_b69c_00aa00341d07@@3U__s_GUID@@BUtagCONNECTDATA@@V?$_Copy@UtagCONNECTDATA@@@ATL@@@ATL@@QAEJPAUtagCONNECTDATA@@0PAUIUnknown@@W4CComEnumFlags@2@@Z 10007d6e f i FiscalPrinter.obj
 0001:00006e4d       ?Init@CComModule@ATL@@QAEJPAU_ATL_OBJMAP_ENTRY30@2@PAUHINSTANCE__@@PBU_GUID@@@Z 10007e4d f i FiscalPrinter.obj
 0001:00006eac       ?Init@CDynamicStdCallThunk2@ATL@@QAEHKPAX@Z 10007eac f i FiscalPrinter.obj
 0001:00006ed7       ?InlineIsEqualUnknown@ATL@@YGHABU_GUID@@@Z 10007ed7 f i FiscalPrinter.obj
 0001:00006eff       ?InternalGetSite@CComControlBase@ATL@@QAEJABU_GUID@@PAPAX@Z 10007eff f i FiscalPrinter.obj
 0001:00006f2d       ?InternalSetAtIndex@?$CSimpleMap@PA_WPA_WVCExpansionVectorEqualHelper@ATL@@@ATL@@QAEXHABQA_W0@Z 10007f2d f i FiscalPrinter.obj
 0001:00006f57       ?Invoke@CComTypeInfoHolder@ATL@@QAEJPAUIDispatch@@JABU_GUID@@KGPAUtagDISPPARAMS@@PAUtagVARIANT@@PAUtagEXCEPINFO@@PAI@Z 10007f57 f i FiscalPrinter.obj
 0001:00006f9a       ?IsEqualObject@?$CComPtrBase@UITypeInfo@@@ATL@@QAE_NPAUIUnknown@@@Z 10007f9a f i FiscalPrinter.obj
 0001:00006f9a       ?IsEqualObject@?$CComPtrBase@UIOleClientSite@@@ATL@@QAE_NPAUIUnknown@@@Z 10007f9a f i FiscalPrinter.obj
 0001:00007007       ?IsSpace@CRegParser@ATL@@IAEH_W@Z 10008007 f i FiscalPrinter.obj
 0001:00007031       ?LoadNameCache@CComTypeInfoHolder@ATL@@QAEJPAUITypeInfo@@@Z 10008031 f i FiscalPrinter.obj
 0001:0000717f       ?Lookup@?$CSimpleMap@PA_WPA_WVCExpansionVectorEqualHelper@ATL@@@ATL@@QBEPA_WABQA_W@Z 1000817f f i FiscalPrinter.obj
 0001:000071a5       ?NextToken@CRegParser@ATL@@IAEJPA_W@Z 100081a5 f i FiscalPrinter.obj
 0001:000072dd       ?OnKillFocus@CComControlBase@ATL@@QAEJIIJAAH@Z 100082dd f i FiscalPrinter.obj
 0001:00007338       ?OnMouseActivate@CComControlBase@ATL@@QAEJIIJAAH@Z 10008338 f i FiscalPrinter.obj
 0001:000073a6       ?OnPaint@CComControlBase@ATL@@QAEJIIJAAH@Z 100083a6 f i FiscalPrinter.obj
 0001:00007458       ?OnSetFocus@CComControlBase@ATL@@QAEJIIJAAH@Z 10008458 f i FiscalPrinter.obj
 0001:000074e1       ?Open@CRegKey@ATL@@QAEJPAUHKEY__@@PB_WK@Z 100084e1 f i FiscalPrinter.obj
 0001:0000752a       ?PreProcessBuffer@CRegParser@ATL@@QAEJPA_WPAPA_W@Z 1000852a f i FiscalPrinter.obj
 0001:00007794       ?ProcessWindowMessage@?$CComControl@VCOPOSFiscalPrinter@@V?$CWindowImpl@VCOPOSFiscalPrinter@@VCWindow@ATL@@V?$CWinTraits@$0FGAAAAAA@$0A@@3@@ATL@@@ATL@@UAEHPAUHWND__@@IIJAAJK@Z 10008794 f i FiscalPrinter.obj
 0001:00007833       ?PutProperty@?$CComPtr@UIDispatch@@@ATL@@SAJPAUIDispatch@@JPAUtagVARIANT@@@Z 10008833 f i FiscalPrinter.obj
 0001:000078c5       ?ReadFromStream@CComBSTR@ATL@@QAEJPAUIStream@@@Z 100088c5 f i FiscalPrinter.obj
 0001:000079f3       ?ReadFromStream@CComVariant@ATL@@QAEJPAUIStream@@GTClassesAllowedInStream@2@K@Z 100089f3 f i FiscalPrinter.obj
 0001:00007b79       ?RecurseDeleteKey@CRegKey@ATL@@QAEJPB_W@Z 10008b79 f i FiscalPrinter.obj
 0001:00007c3b       ?RegCreateKeyExW@CAtlTransactionManager@ATL@@QAEJPAUHKEY__@@PB_WKPA_WKKQAU_SECURITY_ATTRIBUTES@@PAPAU3@PAK@Z 10008c3b f i FiscalPrinter.obj
 0001:00007c9e       ?RegDeleteKeyW@CAtlTransactionManager@ATL@@QAEJPAUHKEY__@@PB_W@Z 10008c9e f i FiscalPrinter.obj
 0001:00007cf0       ?RegOpenKeyExW@CAtlTransactionManager@ATL@@QAEJPAUHKEY__@@PB_WKKPAPAU3@@Z 10008cf0 f i FiscalPrinter.obj
 0001:00007d47       ?Register@_ATL_WNDCLASSINFOW@ATL@@QAEGPAP6GJPAUHWND__@@IIJ@Z@Z 10008d47 f i FiscalPrinter.obj
 0001:00007d67       ?RegisterBuffer@CRegParser@ATL@@QAEJPA_WH@Z 10008d67 f i FiscalPrinter.obj
 0001:00007ea0       ?RegisterFromResource@CRegObject@ATL@@IAEJPB_W00H@Z 10008ea0 f i FiscalPrinter.obj
 0001:00007fd6       ?RegisterServer@?$CAtlModuleT@VCComModule@ATL@@@ATL@@QAEJHPBU_GUID@@@Z 10008fd6 f i FiscalPrinter.obj
 0001:00008004       ?RegisterServer@CComModule@ATL@@QAEJHPBU_GUID@@@Z 10009004 f i FiscalPrinter.obj
 0001:0000807a       ?RegisterSubkeys@CRegParser@ATL@@IAEJPA_WPAUHKEY__@@HH@Z 1000907a f i FiscalPrinter.obj
 0001:00008649       ?Remove@CComDynamicUnkArray@ATL@@QAEHK@Z 10009649 f i FiscalPrinter.obj
 0001:00008672       ?RemoveAll@?$CSimpleMap@PA_WPA_WVCExpansionVectorEqualHelper@ATL@@@ATL@@QAEXXZ 10009672 f i FiscalPrinter.obj
 0001:0000869e       ?ResourceRegisterSz@CRegObject@ATL@@QAGJPB_W00@Z 1000969e f i FiscalPrinter.obj
 0001:000086cb       ?ResourceUnregisterSz@CRegObject@ATL@@QAGJPB_W00@Z 100096cb f i FiscalPrinter.obj
 0001:000086f8       ?SendOnDataChange@CComControlBase@ATL@@QAEJK@Z 100096f8 f i FiscalPrinter.obj
 0001:00008745       ?SetControlFocus@CComControlBase@ATL@@QAEHH@Z 10009745 f i FiscalPrinter.obj
 0001:000087e2       ?SetMultiStringValue@CRegKey@ATL@@QAEJPB_W0@Z 100097e2 f i FiscalPrinter.obj
 0001:0000883e       ?SetStringValue@CRegKey@ATL@@QAEJPB_W0K@Z 1000983e f i FiscalPrinter.obj
 0001:00008887       ?SkipAssignment@CRegParser@ATL@@IAEJPA_W@Z 10009887 f i FiscalPrinter.obj
 0001:000088ec       ?SkipWhiteSpace@CRegParser@ATL@@IAEXXZ 100098ec f i FiscalPrinter.obj
 0001:0000890e       ?StrChrW@CRegParser@ATL@@KAPA_WPA_W_W@Z 1000990e f i FiscalPrinter.obj
 0001:0000894b       ?Term@CAtlModule@ATL@@QAEXXZ 1000994b f i FiscalPrinter.obj
 0001:00008984       ?Term@CComModule@ATL@@QAEXXZ 10009984 f i FiscalPrinter.obj
 0001:000089dc       ?UnregisterServer@?$CAtlModuleT@VCComModule@ATL@@@ATL@@QAEJHPBU_GUID@@@Z 100099dc f i FiscalPrinter.obj
 0001:00008a02       ?UnregisterServer@CComModule@ATL@@QAEJHPBU_GUID@@@Z 10009a02 f i FiscalPrinter.obj
 0001:00008a78       ?UpdateRegistryFromResource@CAtlModule@ATL@@QAGJIHPAU_ATL_REGMAP_ENTRY@2@@Z 10009a78 f i FiscalPrinter.obj
 0001:00008c43       ?UpdateRegistryFromResource@CAtlModule@ATL@@QAGJPB_WHPAU_ATL_REGMAP_ENTRY@2@@Z 10009c43 f i FiscalPrinter.obj
 0001:00008e14       ?VTFromRegType@CRegParser@ATL@@KAHPB_WAAG@Z 10009e14 f i FiscalPrinter.obj
 0001:00008e81       ?WindowProc@?$CWindowImplBaseT@VCWindow@ATL@@V?$CWinTraits@$0FGAAAAAA@$0A@@2@@ATL@@SGJPAUHWND__@@IIJ@Z 10009e81 f i FiscalPrinter.obj
 0001:00008f73       ?WriteToStream@CComBSTR@ATL@@QAEJPAUIStream@@@Z 10009f73 f i FiscalPrinter.obj
 0001:00008fca       ?WriteToStream@CComVariant@ATL@@QAEJPAUIStream@@@Z 10009fca f i FiscalPrinter.obj
 0001:00009144       ?WriteToStream@CComVariant@ATL@@QAEJPAUIStream@@G@Z 1000a144 f i FiscalPrinter.obj
 0001:000091ad       ?_AtlInitialConstruct@?$CComObjectRootEx@VCComMultiThreadModel@ATL@@@ATL@@QAEJXZ 1000a1ad f i FiscalPrinter.obj
 0001:000091c2       ?_AtlVerifyStackAvailable@_ATL_SAFE_ALLOCA_IMPL@ATL@@YA_NK@Z 1000a1c2 f i FiscalPrinter.obj
 0001:00009240       ?copy@?$_Copy@UtagCONNECTDATA@@@ATL@@SAJPAUtagCONNECTDATA@@PBU3@@Z 1000a240 f i FiscalPrinter.obj
 0001:00009276       ?copy@?$_CopyInterface@UIConnectionPoint@@@ATL@@SAJPAPAUIConnectionPoint@@PBQAU3@@Z 1000a276 f i FiscalPrinter.obj
 0001:000092a4       ?memcpy_s@Checked@ATL@@YAXPAXIPBXI@Z 1000a2a4 f i FiscalPrinter.obj
 0001:000092c3       ?ocscpy_s@@YA_NPA_WIPB_W@Z 1000a2c3 f i FiscalPrinter.obj
 0001:000092f2       ?ocslen@@YAHPB_W@Z         1000a2f2 f i FiscalPrinter.obj
 0001:00009312       ?wcscpy_s@Checked@ATL@@YAXPA_WIPB_W@Z 1000a312 f i FiscalPrinter.obj
 0001:0000932e       _DllCanUnloadNow@0         1000a32e f   FiscalPrinter.obj
 0001:0000933a       _DllGetClassObject@12      1000a33a f   FiscalPrinter.obj
 0001:00009348       _DllMain@12                1000a348 f   FiscalPrinter.obj
 0001:0000938a       _DllRegisterServer@0       1000a38a f   FiscalPrinter.obj
 0001:00009399       _DllUnregisterServer@0     1000a399 f   FiscalPrinter.obj
 0001:000093a8       _InlineIsEqualGUID         1000a3a8 f i FiscalPrinter.obj
 0001:000093d8       ___local_stdio_printf_options 1000a3d8 f i FiscalPrinter.obj
 0001:000093de       __vswprintf_s_l            1000a3de f i FiscalPrinter.obj
 0001:0000948b       _swprintf_s                1000a48b f i FiscalPrinter.obj
 0001:000094a7       ??0?$CComControl@VCOPOSFiscalPrinter@@V?$CWindowImpl@VCOPOSFiscalPrinter@@VCWindow@ATL@@V?$CWinTraits@$0FGAAAAAA@$0A@@3@@ATL@@@ATL@@QAE@XZ 1000a4a7 f i FiscalPrinterImpl.obj
 0001:000094ce       ??0?$CProxy_IOPOSEvents@VCOPOSFiscalPrinter@@@@QAE@XZ 1000a4ce f i FiscalPrinterImpl.obj
 0001:000094ee       ??0CComControlBase@ATL@@QAE@AAPAUHWND__@@@Z 1000a4ee f i FiscalPrinterImpl.obj
 0001:00009538       ??0COPOSFiscalPrinter@@QAE@XZ 1000a538 f   FiscalPrinterImpl.obj
 0001:0000956e       ??1?$CComControl@VCOPOSFiscalPrinter@@V?$CWindowImpl@VCOPOSFiscalPrinter@@VCWindow@ATL@@V?$CWinTraits@$0FGAAAAAA@$0A@@3@@ATL@@@ATL@@UAE@XZ 1000a56e f i FiscalPrinterImpl.obj
 0001:00009587       ??1?$IConnectionPointImpl@VCOPOSFiscalPrinter@@$1?DIID__IOPOSFiscalPrinterEvents@@3U_GUID@@BVCComDynamicUnkArray@ATL@@@ATL@@QAE@XZ 1000a587 f i FiscalPrinterImpl.obj
 0001:00009587       ??1?$IConnectionPointImpl@VCOPOSFiscalPrinter@@$1?IID_IPropertyNotifySink@@3U_GUID@@BVCComDynamicUnkArray@ATL@@@ATL@@QAE@XZ 1000a587 f i FiscalPrinterImpl.obj
 0001:000095c4       ??1CComControlBase@ATL@@UAE@XZ 1000a5c4 f i FiscalPrinterImpl.obj
 0001:00009627       ??1COPOSFiscalPrinter@@UAE@XZ 1000a627 f   FiscalPrinterImpl.obj
 0001:0000966f       ??1OposVariantResult@@QAE@XZ 1000a66f f i FiscalPrinterImpl.obj
 0001:00009690       ??1_CW@@QAE@XZ             1000a690 f i FiscalPrinterImpl.obj
 0001:000096a9       ?BeginFiscalDocument@COPOSFiscalPrinter@@UAGJJPAJ@Z 1000a6a9 f   FiscalPrinterImpl.obj
 0001:000096f8       ?BeginFiscalReceipt@COPOSFiscalPrinter@@UAGJFPAJ@Z 1000a6f8 f   FiscalPrinterImpl.obj
 0001:00009747       ?BeginFixedOutput@COPOSFiscalPrinter@@UAGJJJPAJ@Z 1000a747 f   FiscalPrinterImpl.obj
 0001:000097bb       ?BeginInsertion@COPOSFiscalPrinter@@UAGJJPAJ@Z 1000a7bb f   FiscalPrinterImpl.obj
 0001:0000980a       ?BeginItemList@COPOSFiscalPrinter@@UAGJJPAJ@Z 1000a80a f   FiscalPrinterImpl.obj
 0001:00009859       ?BeginNonFiscal@COPOSFiscalPrinter@@UAGJPAJ@Z 1000a859 f   FiscalPrinterImpl.obj
 0001:00009874       ?BeginRemoval@COPOSFiscalPrinter@@UAGJJPAJ@Z 1000a874 f   FiscalPrinterImpl.obj
 0001:000098c3       ?BeginTraining@COPOSFiscalPrinter@@UAGJPAJ@Z 1000a8c3 f   FiscalPrinterImpl.obj
 0001:000098de       ?CheckHealth@COPOSFiscalPrinter@@UAGJJPAJ@Z 1000a8de f   FiscalPrinterImpl.obj
 0001:0000992d       ?ClaimDevice@COPOSFiscalPrinter@@UAGJJPAJ@Z 1000a92d f   FiscalPrinterImpl.obj
 0001:000099a2       ?ClearError@COPOSFiscalPrinter@@UAGJPAJ@Z 1000a9a2 f   FiscalPrinterImpl.obj
 0001:000099bd       ?ClearOutput@COPOSFiscalPrinter@@UAGJPAJ@Z 1000a9bd f   FiscalPrinterImpl.obj
 0001:000099d8       ?Close@COPOSFiscalPrinter@@UAGJPAJ@Z 1000a9d8 f   FiscalPrinterImpl.obj
 0001:00009a46       ?CompareFirmwareVersion@COPOSFiscalPrinter@@UAGJPA_WPAJ1@Z 1000aa46 f   FiscalPrinterImpl.obj
 0001:00009ac6       ?DirectIO@COPOSFiscalPrinter@@UAGJJPAJPAPA_W0@Z 1000aac6 f   FiscalPrinterImpl.obj
 0001:00009b74       ?DoInvoke@COPOSFiscalPrinter@@IAEJJPAVOposVariant@@IHPAJ_N@Z 1000ab74 f   FiscalPrinterImpl.obj
 0001:00009c36       ?EndFiscalDocument@COPOSFiscalPrinter@@UAGJPAJ@Z 1000ac36 f   FiscalPrinterImpl.obj
 0001:00009c51       ?EndFiscalReceipt@COPOSFiscalPrinter@@UAGJFPAJ@Z 1000ac51 f   FiscalPrinterImpl.obj
 0001:00009ca0       ?EndFixedOutput@COPOSFiscalPrinter@@UAGJPAJ@Z 1000aca0 f   FiscalPrinterImpl.obj
 0001:00009cbb       ?EndInsertion@COPOSFiscalPrinter@@UAGJPAJ@Z 1000acbb f   FiscalPrinterImpl.obj
 0001:00009cd6       ?EndItemList@COPOSFiscalPrinter@@UAGJPAJ@Z 1000acd6 f   FiscalPrinterImpl.obj
 0001:00009cf1       ?EndNonFiscal@COPOSFiscalPrinter@@UAGJPAJ@Z 1000acf1 f   FiscalPrinterImpl.obj
 0001:00009d0c       ?EndRemoval@COPOSFiscalPrinter@@UAGJPAJ@Z 1000ad0c f   FiscalPrinterImpl.obj
 0001:00009d27       ?EndTraining@COPOSFiscalPrinter@@UAGJPAJ@Z 1000ad27 f   FiscalPrinterImpl.obj
 0001:00009d42       ?EventClose@COPOSFiscalPrinter@@IAEXXZ 1000ad42 f i FiscalPrinterImpl.obj
 0001:00009d75       ?EventInit@COPOSFiscalPrinter@@IAEJXZ 1000ad75 f i FiscalPrinterImpl.obj
 0001:00009e41       ?EventUninit@COPOSFiscalPrinter@@IAEXXZ 1000ae41 f i FiscalPrinterImpl.obj
 0001:00009e93       ?EventWindowProc@COPOSFiscalPrinter@@IAGJIIJ@Z 1000ae93 f i FiscalPrinterImpl.obj
 0001:00009f66       ?FinalConstruct@COPOSFiscalPrinter@@QAEJXZ 1000af66 f   FiscalPrinterImpl.obj
 0001:00009f9f       ?FireEventCleanup@COPOSFiscalPrinter@@IAEXXZ 1000af9f f i FiscalPrinterImpl.obj
 0001:00009fb5       ?FireEventSetup@COPOSFiscalPrinter@@IAE_NXZ 1000afb5 f i FiscalPrinterImpl.obj
 0001:00009fe9       ?FreezeEvents@COPOSFiscalPrinter@@MAGJH@Z 1000afe9 f   FiscalPrinterImpl.obj
 0001:0000a049       ?GetData@COPOSFiscalPrinter@@UAGJJPAJPAPA_W0@Z 1000b049 f   FiscalPrinterImpl.obj
 0001:0000a0f7       ?GetDate@COPOSFiscalPrinter@@UAGJPAPA_WPAJ@Z 1000b0f7 f   FiscalPrinterImpl.obj
 0001:0000a14e       ?GetOposProp@COPOSFiscalPrinter@@IAEJJPAFJ@Z 1000b14e f   FiscalPrinterImpl.obj
 0001:0000a171       ?GetOposProp@COPOSFiscalPrinter@@IAEJJPAJJ@Z 1000b171 f   FiscalPrinterImpl.obj
 0001:0000a22f       ?GetOposProp@COPOSFiscalPrinter@@IAEJJPAPA_WJ@Z 1000b22f f   FiscalPrinterImpl.obj
 0001:0000a2fa       ?GetTotalizer@COPOSFiscalPrinter@@UAGJJJPAPA_WPAJ@Z 1000b2fa f   FiscalPrinterImpl.obj
 0001:0000a39e       ?GetVatEntry@COPOSFiscalPrinter@@UAGJJJPAJ0@Z 1000b39e f   FiscalPrinterImpl.obj
 0001:0000a442       ?OnDraw@COPOSFiscalPrinter@@MAEJAAUATL_DRAWINFO@@@Z 1000b442 f   FiscalPrinterImpl.obj
 0001:0000a4e2       ?Open@COPOSFiscalPrinter@@UAGJPA_WPAJ@Z 1000b4e2 f   FiscalPrinterImpl.obj
 0001:0000ac7f       ?PrintDuplicateReceipt@COPOSFiscalPrinter@@UAGJPAJ@Z 1000bc7f f   FiscalPrinterImpl.obj
 0001:0000ac9a       ?PrintFiscalDocumentLine@COPOSFiscalPrinter@@UAGJPA_WPAJ@Z 1000bc9a f   FiscalPrinterImpl.obj
 0001:0000acf1       ?PrintFixedOutput@COPOSFiscalPrinter@@UAGJJJPA_WPAJ@Z 1000bcf1 f   FiscalPrinterImpl.obj
 0001:0000ad95       ?PrintNormal@COPOSFiscalPrinter@@UAGJJPA_WPAJ@Z 1000bd95 f   FiscalPrinterImpl.obj
 0001:0000ae11       ?PrintPeriodicTotalsReport@COPOSFiscalPrinter@@UAGJPA_W0PAJ@Z 1000be11 f   FiscalPrinterImpl.obj
 0001:0000ae91       ?PrintPowerLossReport@COPOSFiscalPrinter@@UAGJPAJ@Z 1000be91 f   FiscalPrinterImpl.obj
 0001:0000aeac       ?PrintRecCash@COPOSFiscalPrinter@@UAGJTtagCY@@PAJ@Z 1000beac f   FiscalPrinterImpl.obj
 0001:0000aefe       ?PrintRecItem@COPOSFiscalPrinter@@UAGJPA_WTtagCY@@JJ10PAJ@Z 1000befe f   FiscalPrinterImpl.obj
 0001:0000aff7       ?PrintRecItemAdjustment@COPOSFiscalPrinter@@UAGJJPA_WTtagCY@@JPAJ@Z 1000bff7 f   FiscalPrinterImpl.obj
 0001:0000b0a9       ?PrintRecItemAdjustmentVoid@COPOSFiscalPrinter@@UAGJJPA_WTtagCY@@JPAJ@Z 1000c0a9 f   FiscalPrinterImpl.obj
 0001:0000b15b       ?PrintRecItemFuel@COPOSFiscalPrinter@@UAGJPA_WTtagCY@@JJ1010PAJ@Z 1000c15b f   FiscalPrinterImpl.obj
 0001:0000b286       ?PrintRecItemFuelVoid@COPOSFiscalPrinter@@UAGJPA_WTtagCY@@J1PAJ@Z 1000c286 f   FiscalPrinterImpl.obj
 0001:0000b33b       ?PrintRecItemRefund@COPOSFiscalPrinter@@UAGJPA_WTtagCY@@JJ10PAJ@Z 1000c33b f   FiscalPrinterImpl.obj
 0001:0000b434       ?PrintRecItemRefundVoid@COPOSFiscalPrinter@@UAGJPA_WTtagCY@@JJ10PAJ@Z 1000c434 f   FiscalPrinterImpl.obj
 0001:0000b52d       ?PrintRecItemVoid@COPOSFiscalPrinter@@UAGJPA_WTtagCY@@JJ10PAJ@Z 1000c52d f   FiscalPrinterImpl.obj
 0001:0000b626       ?PrintRecMessage@COPOSFiscalPrinter@@UAGJPA_WPAJ@Z 1000c626 f   FiscalPrinterImpl.obj
 0001:0000b67d       ?PrintRecNotPaid@COPOSFiscalPrinter@@UAGJPA_WTtagCY@@PAJ@Z 1000c67d f   FiscalPrinterImpl.obj
 0001:0000b6fc       ?PrintRecPackageAdjustVoid@COPOSFiscalPrinter@@UAGJJPA_WPAJ@Z 1000c6fc f   FiscalPrinterImpl.obj
 0001:0000b778       ?PrintRecPackageAdjustment@COPOSFiscalPrinter@@UAGJJPA_W0PAJ@Z 1000c778 f   FiscalPrinterImpl.obj
 0001:0000b826       ?PrintRecRefund@COPOSFiscalPrinter@@UAGJPA_WTtagCY@@JPAJ@Z 1000c826 f   FiscalPrinterImpl.obj
 0001:0000b8cd       ?PrintRecRefundVoid@COPOSFiscalPrinter@@UAGJPA_WTtagCY@@JPAJ@Z 1000c8cd f   FiscalPrinterImpl.obj
 0001:0000b974       ?PrintRecSubtotal@COPOSFiscalPrinter@@UAGJTtagCY@@PAJ@Z 1000c974 f   FiscalPrinterImpl.obj
 0001:0000b9c6       ?PrintRecSubtotalAdjustVoid@COPOSFiscalPrinter@@UAGJJTtagCY@@PAJ@Z 1000c9c6 f   FiscalPrinterImpl.obj
 0001:0000ba3d       ?PrintRecSubtotalAdjustment@COPOSFiscalPrinter@@UAGJJPA_WTtagCY@@PAJ@Z 1000ca3d f   FiscalPrinterImpl.obj
 0001:0000bae4       ?PrintRecTaxID@COPOSFiscalPrinter@@UAGJPA_WPAJ@Z 1000cae4 f   FiscalPrinterImpl.obj
 0001:0000bb3b       ?PrintRecTotal@COPOSFiscalPrinter@@UAGJTtagCY@@0PA_WPAJ@Z 1000cb3b f   FiscalPrinterImpl.obj
 0001:0000bbe5       ?PrintRecVoid@COPOSFiscalPrinter@@UAGJPA_WPAJ@Z 1000cbe5 f   FiscalPrinterImpl.obj
 0001:0000bc3c       ?PrintRecVoidItem@COPOSFiscalPrinter@@UAGJPA_WTtagCY@@JJ1JPAJ@Z 1000cc3c f   FiscalPrinterImpl.obj
 0001:0000bd22       ?PrintReport@COPOSFiscalPrinter@@UAGJJPA_W0PAJ@Z 1000cd22 f   FiscalPrinterImpl.obj
 0001:0000bdd0       ?PrintXReport@COPOSFiscalPrinter@@UAGJPAJ@Z 1000cdd0 f   FiscalPrinterImpl.obj
 0001:0000bdeb       ?PrintZReport@COPOSFiscalPrinter@@UAGJPAJ@Z 1000cdeb f   FiscalPrinterImpl.obj
 0001:0000be06       ?ReleaseDevice@COPOSFiscalPrinter@@UAGJPAJ@Z 1000ce06 f   FiscalPrinterImpl.obj
[...]
 0002:000034a0       ?candidate_modules@?1??try_get_LocaleNameToLCID@@YAP6GKPB_WK@ZXZ@4QBW4module_id@?A0x391cf84c@@B 100244a0     libucrt:winapi_thunks.obj
 0002:000034bc       ?candidate_modules@?1??try_get_AppPolicyGetProcessTerminationMethod@@YAP6GJPAXPAW4AppPolicyProcessTerminationMethod@@@ZXZ@4QBW4module_id@?A0x391cf84c@@B 100244bc     libucrt:winapi_thunks.obj
 0002:000034e8       ?candidate_modules@?1??try_get_SetThreadStackGuarantee@@YAP6GHPAK@ZXZ@4QBW4module_id@?A0x391cf84c@@B 100244e8     libucrt:winapi_thunks.obj
 0002:00003a14       ?_mb_locale_names@@3QBQB_WB 10024a14     libucrt:mbctype.obj
 0002:00004260       ?LcidToLocaleNameTable@?A0x881e4c05@@3QBULcidToLocaleName@1@B 10025260     libucrt:lcidtoname_downlevel.obj
 0002:00005388       ?LocaleNameToIndexTable@?A0x881e4c05@@3QBULocaleNameIndex@1@B 10026388     libucrt:lcidtoname_downlevel.obj
 0002:00006cc0       LOG_name                   10027cc0     libucrt:log10.obj
 0002:00006cd0       _One                       10027cd0     libucrt:ceil_pentium4.obj
 0002:00006ce0       _Bns                       10027ce0     libucrt:ceil_pentium4.obj
 0002:00006cf0       _Zero                      10027cf0     libucrt:ceil_pentium4.obj
 0002:00006d00       _S                         10027d00     libucrt:ceil_pentium4.obj
 0002:00006d10       _NegZero                   10027d10     libucrt:ceil_pentium4.obj
 0002:00006d20       emask                      10027d20     libucrt:log10_pentium4.obj
 0002:00006d30       CC                         10027d30     libucrt:log10_pentium4.obj
 0002:00006d40       Magic                      10027d40     libucrt:log10_pentium4.obj
 0002:00006d50       hi_mask                    10027d50     libucrt:log10_pentium4.obj
 0002:00006d60       LOG10_2                    10027d60     libucrt:log10_pentium4.obj
 0002:00006d70       place_L                    10027d70     libucrt:log10_pentium4.obj
 0002:00006d90       One                        10027d90     libucrt:log10_pentium4.obj
 0002:00006da0       Zero                       10027da0     libucrt:log10_pentium4.obj
 0002:00006db0       Two52                      10027db0     libucrt:log10_pentium4.obj
 0002:00006dc0       Infs                       10027dc0     libucrt:log10_pentium4.obj
 0002:00006dd0       NaN                        10027dd0     libucrt:log10_pentium4.obj
 0002:00006de0       coeff                      10027de0     libucrt:log10_pentium4.obj
 0002:00006e3e       _log2max                   10027e3e     libucrt:87tran.obj
 0002:00006e48       _smallarg                  10027e48     libucrt:87tran.obj
 0002:00006e52       _half                      10027e52     libucrt:87tran.obj
 0002:00006e9e       One                        10027e9e     libucrt:87disp.obj
 0002:00006ea6       Three                      10027ea6     libucrt:87disp.obj
 0002:00006eae       XAMtoTagTab                10027eae     libucrt:87disp.obj
 0002:00006ec0       One                        10027ec0     libucrt:common.obj
 0002:00006ed4       DblMax                     10027ed4     libucrt:common.obj
 0002:00006edc       DblMin                     10027edc     libucrt:common.obj
 0002:00006ee4       IeeeAdjO                   10027ee4     libucrt:common.obj
 0002:00006eec       IeeeAdjU                   10027eec     libucrt:common.obj
 0002:00006ef4       _infinity                  10027ef4     libucrt:common.obj
 0002:00006efc       _zero                      10027efc     libucrt:common.obj
 0002:00006f38       _over                      10027f38     libucrt:fpctrl.obj
 0002:00006f44       _under                     10027f44     libucrt:fpctrl.obj
 0002:00007778       ?_names@?1??_get_fname@@9@9 10028778     libucrt:fpexcept.obj
 0002:00007fe0       __sehtable$?_AtlVerifyStackAvailable@_ATL_SAFE_ALLOCA_IMPL@ATL@@YA_NK@Z 10028fe0     FiscalPrinter.obj
 0002:00008000       __sehtable$___scrt_is_nonwritable_in_current_image 10029000     LIBCMT:utility.obj
 0002:0000801c       __ehfuncinfo$?__scrt_initialize_thread_safe_statics_platform_specific@@YAXXZ 1002901c     LIBCMT:thread_safe_statics.obj
 0002:00008040       __catchsym$??2@YAPAXIABUnothrow_t@std@@@Z$2 10029040     LIBCMT:new_scalar_nothrow.obj
 0002:00008050       __unwindtable$??2@YAPAXIABUnothrow_t@std@@@Z 10029050     LIBCMT:new_scalar_nothrow.obj
 0002:00008060       __tryblocktable$??2@YAPAXIABUnothrow_t@std@@@Z 10029060     LIBCMT:new_scalar_nothrow.obj
 0002:00008074       __ehfuncinfo$??2@YAPAXIABUnothrow_t@std@@@Z 10029074     LIBCMT:new_scalar_nothrow.obj
 0002:00008098       __sehtable$?dllmain_crt_process_attach@@YAHQAUHINSTANCE__@@QAX@Z 10029098     LIBCMT:dll_dllmain.obj
 0002:000080b8       __sehtable$?dllmain_crt_process_detach@@YAH_N@Z 100290b8     LIBCMT:dll_dllmain.obj
 0002:000080d8       __sehtable$?dllmain_dispatch@@YAHQAUHINSTANCE__@@KQAX@Z 100290d8     LIBCMT:dll_dllmain.obj
 0002:00008188       __sehtable$?FrameUnwindToState@__FrameHandler3@@SAXPAUEHRegistrationNode@@PAXPBU_s_FuncInfo@@H@Z 10029188     libvcruntime:frame.obj
 0002:000081b0       __sehtable$?CallCatchBlock@@YAPAXPAUEHExceptionRecord@@PAUEHRegistrationNode@@PAU_CONTEXT@@PBU_s_FuncInfo@@PAXHK@Z 100291b0     libvcruntime:frame.obj
 0002:000081d8       __catchsym$?CallUnexpected@@YAXPBU_s_ESTypeList@@@Z$2 100291d8     libvcruntime:frame.obj
 0002:000081e8       __unwindtable$?CallUnexpected@@YAXPBU_s_ESTypeList@@@Z 100291e8     libvcruntime:frame.obj
 0002:000081f8       __tryblocktable$?CallUnexpected@@YAXPBU_s_ESTypeList@@@Z 100291f8     libvcruntime:frame.obj
 0002:0000820c       __ehfuncinfo$?CallUnexpected@@YAXPBU_s_ESTypeList@@@Z 1002920c     libvcruntime:frame.obj
 0002:00008230       __sehtable$??$BuildCatchObjectHelperInternal@$$CBU_s_HandlerType@@@@YAHPAUEHExceptionRecord@@PAXPBU_s_HandlerType@@PBU_s_CatchableType@@@Z 10029230     libvcruntime:frame.obj
 0002:00008250       __sehtable$??$BuildCatchObjectInternal@$$CBU_s_HandlerType@@@@YAXPAUEHExceptionRecord@@PAXPBU_s_HandlerType@@PBU_s_CatchableType@@@Z 10029250     libvcruntime:frame.obj
 0002:000082a8       __sehtable$___DestructExceptionObject 100292a8     libvcruntime:ehhelpers.obj
 0002:000082c8       __sehtable$??R<lambda_6e4b09c48022b2350581041d5f6b0c4c>@@QBE@XZ 100292c8     libucrt:exit.obj
 0002:000082e8       __sehtable$??$?RV<lambda_03b1d95aef87969028cfba75ccab2455>@@AAV<lambda_6e4b09c48022b2350581041d5f6b0c4c>@@V<lambda_22bdf7517842c4b3e53723af5aa32b9e>@@@?$__crt_seh_guarded_call@X@@QAEX$$QAV<lambda_03b1d95aef87969028cfba75ccab2455>@@AAV<lambda_6e4b09c48022b2350581041d5f6b0c4c>@@$$QAV<lambda_22bdf7517842c4b3e53723af5aa32b9e>@@@Z 100292e8     libucrt:exit.obj
 0002:00008308       __sehtable$??$?RV<lambda_8e746cf0007f6ed984d6f78af1fec997>@@AAV<lambda_22ebabd17bc4fa466a2aca6d8deb888d>@@V<lambda_18ed0c0b38a6dc0daf1e7ac6d6adf05e>@@@?$__crt_seh_guarded_call@H@@QAEH$$QAV<lambda_8e746cf0007f6ed984d6f78af1fec997>@@AAV<lambda_22ebabd17bc4fa466a2aca6d8deb888d>@@$$QAV<lambda_18ed0c0b38a6dc0daf1e7ac6d6adf05e>@@@Z 10029308     libucrt:onexit.obj
 0002:00008328       __sehtable$??$?RV<lambda_69a2805e680e0e292e8ba93315fe43a8>@@AAV<lambda_f03950bc5685219e0bcd2087efbe011e>@@V<lambda_03fcd07e894ec930e3f35da366ca99d6>@@@?$__crt_seh_guarded_call@H@@QAEH$$QAV<lambda_69a2805e680e0e292e8ba93315fe43a8>@@AAV<lambda_f03950bc5685219e0bcd2087efbe011e>@@$$QAV<lambda_03fcd07e894ec930e3f35da366ca99d6>@@@Z 10029328     libucrt:onexit.obj
 0002:00008348       __sehtable$__query_new_handler 10029348     libucrt:new_handler.obj
 0002:00008368       __sehtable$_terminate      10029368     libucrt:terminate.obj
 0002:00008388       __sehtable$??$?RV<lambda_15ade71b0218206bbe3333a0c9b79046>@@AAV<lambda_da44e0f8b0f19ba52fefafb335991732>@@V<lambda_207f2d024fc103971653565357d6cd41>@@@?$__crt_seh_guarded_call@X@@QAEX$$QAV<lambda_15ade71b0218206bbe3333a0c9b79046>@@AAV<lambda_da44e0f8b0f19ba52fefafb335991732>@@$$QAV<lambda_207f2d024fc103971653565357d6cd41>@@@Z 10029388     libucrt:per_thread_data.obj
 0002:000083a8       __sehtable$??$?RV<lambda_a7e850c220f1c8d1e6efeecdedd162c6>@@AAV<lambda_46720907175c18b6c9d2717bc0d2d362>@@V<lambda_9048902d66e8d99359bc9897bbb930a8>@@@?$__crt_seh_guarded_call@X@@QAEX$$QAV<lambda_a7e850c220f1c8d1e6efeecdedd162c6>@@AAV<lambda_46720907175c18b6c9d2717bc0d2d362>@@$$QAV<lambda_9048902d66e8d99359bc9897bbb930a8>@@@Z 100293a8     libucrt:per_thread_data.obj
 0002:000083c8       __sehtable$??$?RV<lambda_38edbb1296d33220d7e4dd0ed76b244a>@@AAV<lambda_5ce1d447e08cb34b2473517608e21441>@@V<lambda_fb385d3da700c9147fc39e65dd577a8c>@@@?$__crt_seh_guarded_call@X@@QAEX$$QAV<lambda_38edbb1296d33220d7e4dd0ed76b244a>@@AAV<lambda_5ce1d447e08cb34b2473517608e21441>@@$$QAV<lambda_fb385d3da700c9147fc39e65dd577a8c>@@@Z 100293c8     libucrt:per_thread_data.obj
 0002:000083e8       __sehtable$??$?RV<lambda_6affb1475c98b40b75cdec977db92e3c>@@AAV<lambda_b8d4b9c228a6ecc3f80208dbb4b4a104>@@V<lambda_608742c3c92a14382c1684fc64f96c88>@@@?$__crt_seh_guarded_call@X@@QAEX$$QAV<lambda_6affb1475c98b40b75cdec977db92e3c>@@AAV<lambda_b8d4b9c228a6ecc3f80208dbb4b4a104>@@$$QAV<lambda_608742c3c92a14382c1684fc64f96c88>@@@Z 100293e8     libucrt:per_thread_data.obj
 0002:00008408       __sehtable$??$?RV<lambda_e5124f882df8998aaf41531e079ba474>@@AAV<lambda_3e16ef9562a7dcce91392c22ab16ea36>@@V<lambda_e25ca0880e6ef98be67edffd8c599615>@@@?$__crt_seh_guarded_call@X@@QAEX$$QAV<lambda_e5124f882df8998aaf41531e079ba474>@@AAV<lambda_3e16ef9562a7dcce91392c22ab16ea36>@@$$QAV<lambda_e25ca0880e6ef98be67edffd8c599615>@@@Z 10029408     libucrt:wsetlocale.obj
 0002:00008428       __sehtable$___acrt_initialize_lowio 10029428     libucrt:ioinit.obj
 0002:00008448       __sehtable$?update_thread_multibyte_data_internal@@YAPAU__crt_multibyte_data@@QAU__acrt_ptd@@QAU1@@Z 10029448     libucrt:mbctype.obj
 0002:00008468       __sehtable$??$?RV<lambda_ceb1ee4838e85a9d631eb091e2fbe199>@@AAV<lambda_ae742caa10f662c28703da3d2ea5e57e>@@V<lambda_cd08b5d6af4937fe54fc07d0c9bf6b37>@@@?$__crt_seh_guarded_call@X@@QAEX$$QAV<lambda_ceb1ee4838e85a9d631eb091e2fbe199>@@AAV<lambda_ae742caa10f662c28703da3d2ea5e57e>@@$$QAV<lambda_cd08b5d6af4937fe54fc07d0c9bf6b37>@@@Z 10029468     libucrt:mbctype.obj
 0002:00008488       __sehtable$_raise          10029488     libucrt:signal.obj
 0002:000084a8       __sehtable$??$?RV<lambda_cbab9ec6f41b0180b23cc171c22676b0>@@AAV<lambda_44731a7d0e6d81c3e6aa82d741081786>@@V<lambda_4b292cb8dd18144e164572427af410ab>@@@?$__crt_seh_guarded_call@P6AXH@Z@@QAEP6AXH@Z$$QAV<lambda_cbab9ec6f41b0180b23cc171c22676b0>@@AAV<lambda_44731a7d0e6d81c3e6aa82d741081786>@@$$QAV<lambda_4b292cb8dd18144e164572427af410ab>@@@Z 100294a8     libucrt:signal.obj
 0002:000084c8       __sehtable$___acrt_update_thread_locale_data 100294c8     libucrt:locale_refcounting.obj
 0002:000084e8       __sehtable$__fcloseall     100294e8     libucrt:closeall.obj
 0002:00008508       __sehtable$??$?RV<lambda_2866be3712abc81a800a822484c830d8>@@AAV<lambda_39ca0ed439415581b5b15c265174cece>@@V<lambda_2b24c74d71094a6cd0cb82e44167d71b>@@@?$__crt_seh_guarded_call@X@@QAEX$$QAV<lambda_2866be3712abc81a800a822484c830d8>@@AAV<lambda_39ca0ed439415581b5b15c265174cece>@@$$QAV<lambda_2b24c74d71094a6cd0cb82e44167d71b>@@@Z 10029508     libucrt:fflush.obj
 0002:00008528       __sehtable$??$?RV<lambda_2cc53f568c5a2bb6f192f930a45d44ea>@@AAV<lambda_ab61a845afdef5b7c387490eaf3616ee>@@V<lambda_c2ffc0b7726aa6be21d5f0026187e748>@@@?$__crt_seh_guarded_call@X@@QAEX$$QAV<lambda_2cc53f568c5a2bb6f192f930a45d44ea>@@AAV<lambda_ab61a845afdef5b7c387490eaf3616ee>@@$$QAV<lambda_c2ffc0b7726aa6be21d5f0026187e748>@@@Z 10029528     libucrt:fflush.obj
 0002:00008548       __sehtable$___acrt_lowio_ensure_fh_exists 10029548     libucrt:osfinfo.obj
 0002:00008568       __sehtable$__write         10029568     libucrt:write.obj
 0002:00008588       __sehtable$_fclose         10029588     libucrt:fclose.obj
 0002:000085a8       __sehtable$??$?RV<lambda_9e9de3de5fa147e2223d7db92bc10aa6>@@AAV<lambda_38ce7e780aa69e748d6df282ebc68efe>@@V<lambda_8ca6da459f0f6780f1cff60fdc3d00e5>@@@?$__crt_seh_guarded_call@H@@QAEH$$QAV<lambda_9e9de3de5fa147e2223d7db92bc10aa6>@@AAV<lambda_38ce7e780aa69e748d6df282ebc68efe>@@$$QAV<lambda_8ca6da459f0f6780f1cff60fdc3d00e5>@@@Z 100295a8     libucrt:commit.obj
 0002:000085c8       __sehtable$??$?RV<lambda_218ce3db14220d0be481dae8ef3383b6>@@AAV<lambda_628dfdc04ba53c8bfc02c9951375f3f5>@@V<lambda_57dc472bd5c9d5f3b2cbca59b8a843ae>@@@?$__crt_seh_guarded_call@H@@QAEH$$QAV<lambda_218ce3db14220d0be481dae8ef3383b6>@@AAV<lambda_628dfdc04ba53c8bfc02c9951375f3f5>@@$$QAV<lambda_57dc472bd5c9d5f3b2cbca59b8a843ae>@@@Z 100295c8     libucrt:close.obj
 0002:000085e8       __sehtable$__IsNonwritableInCurrentImage 100295e8     LIBCMT:pesect.obj
 0002:00008610       .edata                     10029610     OPOSFiscalPrinter.exp
 0002:00008638       rgpv                       10029638     OPOSFiscalPrinter.exp
 0002:00008648       rgszName                   10029648     OPOSFiscalPrinter.exp
 0002:00008658       rgwOrd                     10029658     OPOSFiscalPrinter.exp
 0002:00008660       szName                     10029660     OPOSFiscalPrinter.exp
 0002:00008676       $N00001                    10029676     OPOSFiscalPrinter.exp
 0002:00008686       $N00002                    10029686     OPOSFiscalPrinter.exp
 0002:00008698       $N00003                    10029698     OPOSFiscalPrinter.exp
 0002:000086aa       $N00004                    100296aa     OPOSFiscalPrinter.exp
 0002:00008cc4       .idata$6                   10029cc4     kernel32:KERNEL32.dll
 0002:00008ed8       .idata$6                   10029ed8     user32:USER32.dll
 0002:0000900c       .idata$6                   1002a00c     gdi32:GDI32.dll
 0002:000090b2       .idata$6                   1002a0b2     advapi32:ADVAPI32.dll
 0002:000091ce       .idata$6                   1002a1ce     ole32:ole32.dll
 0002:000091d8       .idata$6                   1002a1d8     oleaut32:OLEAUT32.dll
 0003:00000110       ?ObjectMap@@3PAU_ATL_OBJMAP_ENTRY30@ATL@@A 1002b110     FiscalPrinter.obj
 0003:000001c8       ?s_SOMethodNames@@3PAPADA  1002b1c8     FiscalPrinterImpl.obj
 0003:00000308       ?s_RequiredMethodsPerRelease@@3PAHA 1002b308     FiscalPrinterImpl.obj
 0003:00000350       ?__vcrt_flsindex@@3KA      1002b350     libvcruntime:per_thread_data.obj
 0003:00000370       ?errno_no_memory@@3HA      1002b370     libucrt:errno.obj
 0003:00000374       ?doserrno_no_memory@@3KA   1002b374     libucrt:errno.obj
 0003:00000380       ?__acrt_flsindex@@3KA      1002b380     libucrt:per_thread_data.obj
 0003:000004f8       __mbctypes                 1002b4f8     libucrt:mbctype.obj
 0003:00000600       __mbcasemaps               1002b600     libucrt:mbctype.obj
 0003:00000700       ?__rgctypeflag@@3PADA      1002b700     libucrt:mbctype.obj
 0003:00000708       ?__rgcode_page_info@@3PAUcode_page_info@@A 1002b708     libucrt:mbctype.obj
 0003:00000c10       ?is_initialized_as_dll@@3_NA 1002bc10     LIBCMT:utility.obj
 0003:00000c11       ?module_local_atexit_table_initialized@@3_NA 1002bc11     LIBCMT:utility.obj
 0003:00000c14       ?module_local_atexit_table@@3U_onexit_table_t@@A 1002bc14     LIBCMT:utility.obj
 0003:00000c20       ?module_local_at_quick_exit_table@@3U_onexit_table_t@@A 1002bc20     LIBCMT:utility.obj
 0003:00000c2c       ?_Tss_mutex@@3U_RTL_CRITICAL_SECTION@@A 1002bc2c     LIBCMT:thread_safe_statics.obj
 0003:00000c44       ?_Tss_cv@@3U_RTL_CONDITION_VARIABLE@@A 1002bc44     LIBCMT:thread_safe_statics.obj
 0003:00000c48       ?_Tss_event@@3PAXA         1002bc48     LIBCMT:thread_safe_statics.obj
 0003:00000c4c       ?encoded_sleep_condition_variable_cs@@3P6GHPAU_RTL_CONDITION_VARIABLE@@PAU_RTL_CRITICAL_SECTION@@K@ZA 1002bc4c     LIBCMT:thread_safe_statics.obj
 0003:00000c50       ?encoded_wake_all_condition_variable@@3P6GXPAU_RTL_CONDITION_VARIABLE@@@ZA 1002bc50     LIBCMT:thread_safe_statics.obj
 0003:00000c58       _GS_ExceptionRecord        1002bc58     LIBCMT:gs_report.obj
 0003:00000ca8       _GS_ContextRecord          1002bca8     LIBCMT:gs_report.obj
 0003:00000f78       ?__proc_attached@@3HA      1002bf78     LIBCMT:dll_dllmain.obj
 0003:00000fd4       ?AllocateData@@3P6GPAUAtlThunkData_t@@XZA 1002bfd4     atls:atlthunk.obj
 0003:00000fd8       ?InitData@@3P6GXPAUAtlThunkData_t@@PAXI@ZA 1002bfd8     atls:atlthunk.obj
 0003:00000fdc       ?DataToCode@@3P6GP6GJPAUHWND__@@IIJ@ZPAUAtlThunkData_t@@@ZA 1002bfdc     atls:atlthunk.obj
 0003:00000fe0       ?FreeData@@3P6GXPAUAtlThunkData_t@@@ZA 1002bfe0     atls:atlthunk.obj
 0003:00000fe4       ?Initialized@@3_NA         1002bfe4     atls:atlthunk.obj
 0003:00000ff0       ?__vcrt_startup_thread_ptd@@3U__vcrt_ptd@@A 1002bff0     libvcruntime:per_thread_data.obj
 0003:00001018       ___vcrt_lock_table         1002c018     libvcruntime:locks.obj
 0003:00001030       ___vcrt_locks_initialized  1002c030     libvcruntime:locks.obj
 0003:00001034       ?module_handles@@3PAPAUHINSTANCE__@@A 1002c034     libvcruntime:winapi_downlevel.obj
 0003:00001040       ?encoded_function_pointers@@3PAPAXA 1002c040     libvcruntime:winapi_downlevel.obj
 0003:0000107c       ?heap@@3V_HeapManager@@A   1002c07c     libvcruntime:undname.obj
 0003:00001094       ?__acrt_invalid_parameter_handler@@3V?$dual_state_global@P6AXPB_W00II@Z@__crt_state_management@@A 1002c094     libucrt:invalid_parameter.obj
 0003:00001098       ?c_termination_complete@@3JA 1002c098     libucrt:exit.obj
 0003:0000109c       ?thread_local_exit_callback_func@@3P6GXPAXK0@ZA 1002c09c     libucrt:exit.obj
 0003:000010a8       ?program_name@?1???$common_configure_argv@D@@YAHW4_crt_argv_mode@@@Z@4PADA 1002c0a8     libucrt:argv_parsing.obj
 0003:000011d8       ?__acrt_new_handler@@3V?$dual_state_global@P6AHI@Z@__crt_state_management@@A 1002c1d8     libucrt:new_handler.obj
 0003:000011e0       ?module_handles@@3PAPAUHINSTANCE__@@A 1002c1e0     libucrt:winapi_thunks.obj
 0003:00001230       ?encoded_function_pointers@@3PAPAXA 1002c230     libucrt:winapi_thunks.obj
 0003:000012c0       ?enable_percent_n@@3IA     1002c2c0     libucrt:printf_count_output.obj
 0003:000014e0       ?__acrt_lock_table@@3PAU_RTL_CRITICAL_SECTION@@A 1002c4e0     libucrt:locks.obj
 0003:00001630       ?__acrt_locks_initialized@@3IA 1002c630     libucrt:locks.obj
 0003:00001640       ?fSystemSet@@3HA           1002c640     libucrt:mbctype.obj
 0003:00001644       ?initialized@?1??__acrt_initialize_multibyte@@9@4_NA 1002c644     libucrt:mbctype.obj
 0003:00001664       ?ctrlc_action@@3V?$dual_state_global@P6AXH@Z@__crt_state_management@@A 1002c664     libucrt:signal.obj
 0003:00001668       ?ctrlbreak_action@@3V?$dual_state_global@P6AXH@Z@__crt_state_management@@A 1002c668     libucrt:signal.obj
 0003:0000166c       ?abort_action@@3V?$dual_state_global@P6AXH@Z@__crt_state_management@@A 1002c66c     libucrt:signal.obj
 0003:00001670       ?term_action@@3V?$dual_state_global@P6AXH@Z@__crt_state_management@@A 1002c670     libucrt:signal.obj
 0003:00001674       ?user_matherr@@3V?$dual_state_global@P6AHPAU_exception@@@Z@__crt_state_management@@A 1002c674     libucrt:matherr.obj
 0003:00001678       ?__acrt_global_new_mode@@3V?$dual_state_global@J@__crt_state_management@@A 1002c678     libucrt:new_mode.obj
 0003:00001684       ?__acrt_app_type@@3W4_crt_app_type@@A 1002c684     libucrt:report_runtime_error.obj
 0003:0000168c       __pmatherr_set             1002c68c     libucrt:libm_error.obj
 0004:00000220       $R000000                   1002d220     FiscalPrinter.res
 0004:00000ba0       $R000980                   1002dba0     FiscalPrinter.res
 0004:00000c88       $R000A68                   1002dc88     FiscalPrinter.res
 0004:00000ef0       $R000CD0                   1002def0     FiscalPrinter.res
 0004:00001468       $R001248                   1002e468     FiscalPrinter.res
 0004:00009858       $R009638                   10036858     FiscalPrinter.res
 0004:00009898       $R009678                   10036898     FiscalPrinter.res
