 OPOSElectronicValueRW

 Timestamp is 5b863d58 (Wed Aug 29 15:29:44 2018)

 Preferred load address is 10000000

 Start         Length     Name                   Class
 0001:00000000 00000080H .text$di                CODE
 0001:00000080 0001e76bH .text$mn                CODE
 0001:0001e7eb 00000051H .text$x                 CODE
 0001:0001e83c 00000042H .text$yd                CODE
 0002:00000000 000002fcH .idata$5                DATA
 0002:000002fc 00000004H .00cfg                  DATA
 0002:00000300 00000004H .CRT$XCA                DATA
 0002:00000304 00000004H .CRT$XCL                DATA
 0002:00000308 00000010H .CRT$XCU                DATA
 0002:00000318 00000004H .CRT$XCZ                DATA
 0002:0000031c 00000004H .CRT$XIA                DATA
 0002:00000320 00000010H .CRT$XIC                DATA
 0002:00000330 00000004H .CRT$XIZ                DATA
 0002:00000334 00000004H .CRT$XLA                DATA
 0002:00000338 00000004H .CRT$XLZ                DATA
 0002:0000033c 00000004H .CRT$XPA                DATA
 0002:00000340 00000008H .CRT$XPX                DATA
 0002:00000348 00000004H .CRT$XPXA               DATA
 0002:0000034c 00000004H .CRT$XPZ                DATA
 0002:00000350 00000004H .CRT$XTA                DATA
 0002:00000354 0000000cH .CRT$XTZ                DATA
 0002:00000358 00000000H .gfids$y                DATA
 0002:00000360 00007318H .rdata                  DATA
 0002:00007678 00000018H .rdata$T                DATA
 0002:00007690 00000180H .rdata$r                DATA
 0002:00007810 00000020H .rdata$sxdata           DATA
 0002:00007830 000003e4H .rdata$zzzdbg           DATA
 0002:00007c14 00000004H .rtc$IAA                DATA
 0002:00007c18 00000004H .rtc$IZZ                DATA
 0002:00007c1c 00000004H .rtc$TAA                DATA
 0002:00007c20 00000004H .rtc$TZZ                DATA
 0002:00007c24 00000004H .tls                    DATA
 0002:00007c28 00000004H .tls$                   DATA
 0002:00007c2c 00000004H .tls$ZZZ                DATA
 0002:00007c30 00000624H .xdata$x                DATA
 0002:00008254 00000004H ATL$__a                 DATA
 0002:00008258 00000008H ATL$__z                 DATA
 0002:00008260 000000b4H .edata                  DATA
 0002:00008314 00000078H .idata$2                DATA
 0002:0000838c 00000014H .idata$3                DATA
 0002:000083a0 000002fcH .idata$4                DATA
 0002:0000869c 00000bc0H .idata$6                DATA
 0003:00000000 00000a30H .data                   DATA
 0003:00000a30 00000098H .data$r                 DATA
 0003:00000ac8 00000b68H .bss                    DATA
 0004:00000000 00000220H .rsrc$01                DATA
 0004:00000220 00006a00H .rsrc$02                DATA

  Address         Publics by Value              Rva+Base       Lib:Object

 0000:00000000       ___guard_iat_count         00000000     <absolute>
 0000:00000000       ___guard_longjmp_table     00000000     <absolute>
 0000:00000000       ___dynamic_value_reloc_table 00000000     <absolute>
 0000:00000000       ___hybrid_code_map_count   00000000     <absolute>
 0000:00000000       ___guard_longjmp_count     00000000     <absolute>
 0000:00000000       __except_list              00000000     <absolute>
 0000:00000000       ___guard_fids_table        00000000     <absolute>
 0000:00000000       ___hybrid_auxiliary_iat    00000000     <absolute>
 0000:00000000       ___guard_fids_count        00000000     <absolute>
 0000:00000000       ___guard_iat_table         00000000     <absolute>
 0000:00000000       ___volatile_metadata       00000000     <absolute>
 0000:00000000       ___enclave_config          00000000     <absolute>
 0000:00000000       ___hybrid_code_map         00000000     <absolute>
 0000:00000008       ___safe_se_handler_count   00000008     <absolute>
 0000:0000002c       __tls_array                0000002c     <absolute>
 0000:00000100       ___guard_flags             00000100     <absolute>
 0000:00000000       ___ImageBase               10000000     <linker-defined>
 0001:00000080       ?DupWide@_CW@@AAEXXZ       10001080 f   CWString.obj
 0001:0000009c       ?cw_dup@@YGXPBDAAHAAPA_W1@Z 1000109c f   CWString.obj
 0001:0000010b       ?cw_memcpy@@YGHPA_WPBDH@Z  1000110b f   CWString.obj
 0001:00000137       ?cw_strcpy@@YAHPA_WPBD@Z   10001137 f   CWString.obj
 0001:0000014a       ?cw_strlen@@YAHPBD@Z       1000114a f   CWString.obj
 0001:00000163       ??0CAtlComModule@ATL@@QAE@XZ 10001163 f i OposVariant.obj
 0001:000001a8       ??0CAtlWinModule@ATL@@QAE@XZ 100011a8 f i OposVariant.obj
 0001:000001df       ??0OposDispParms@@QAE@PAVOposVariant@@H@Z 100011df f   OposVariant.obj
 0001:00000250       ??1OposDispParms@@QAE@XZ   10001250 f   OposVariant.obj
 0001:0000025e       ??A?$CSimpleArray@GV?$CSimpleArrayEqualHelper@G@ATL@@@ATL@@QAEAAGH@Z 1000125e f i OposVariant.obj
 0001:00000283       ??_Estringdispid@CComTypeInfoHolder@ATL@@QAEPAXI@Z 10001283 f i OposVariant.obj
 0001:000002ef       ?AtlWinModuleInit@ATL@@YGJPAU_ATL_WIN_MODULE70@1@@Z 100012ef f i OposVariant.obj
 0001:00000315       ?AtlWinModuleTerm@ATL@@YGJPAU_ATL_WIN_MODULE70@1@PAUHINSTANCE__@@@Z 10001315 f i OposVariant.obj
 0001:00000378       ?ChangeBSTR@OposVariant@@QAEXPAPA_WAAJ@Z 10001378 f   OposVariant.obj
 0001:000003b9       ?ChangeCURRENCY@OposVariant@@QAEXPATtagCY@@AAJ@Z 100013b9 f   OposVariant.obj
 0001:00000408       ?ChangeLONG@OposVariant@@QAEXPAJAAJ@Z 10001408 f   OposVariant.obj
 0001:00000449       ?GetLONG@OposVariant@@QAEJXZ 10001449 f   OposVariant.obj
 0001:00000464       ?Init@CComCriticalSection@ATL@@QAEJXZ 10001464 f i OposVariant.obj
 0001:0000048b       ?RemoveAll@?$CSimpleArray@PAUHINSTANCE__@@V?$CSimpleArrayEqualHelper@PAUHINSTANCE__@@@ATL@@@ATL@@QAEXXZ 1000148b f i atls:atlbase.obj
 0001:0000048b       ?RemoveAll@?$CSimpleArray@GV?$CSimpleArrayEqualHelper@G@ATL@@@ATL@@QAEXXZ 1000148b f i OposVariant.obj
 0001:000004a8       ?SetBSTR@OposVariant@@QAEXPA_WAAJ@Z 100014a8 f   OposVariant.obj
 0001:000004dc       ?SetBSTR_Copy@OposVariant@@QAEXPA_WAAJ@Z 100014dc f   OposVariant.obj
 0001:0000052c       ?SetBSTR_InOutPtr@OposVariant@@QAE_NPAPA_WAAJ@Z 1000152c f   OposVariant.obj
 0001:00000563       ?SetCURRENCY@OposVariant@@QAEXTtagCY@@@Z 10001563 f   OposVariant.obj
 0001:0000058b       ?SetDispatch_Ptr@OposVariant@@QAEXPAUIDispatch@@AAJ@Z 1000158b f   OposVariant.obj
 0001:000005c6       ?SetLONG@OposVariant@@QAEXJ@Z 100015c6 f   OposVariant.obj
 0001:000005e8       ?SetLONG_Ptr@OposVariant@@QAEXPAJAAJ@Z 100015e8 f   OposVariant.obj
 0001:0000061b       ?SetString@OposVariant@@QAEXPB_WAAJ@Z 1000161b f   OposVariant.obj
 0001:00000661       ?SetVARIANT_BOOL@OposVariant@@QAEXF@Z 10001661 f   OposVariant.obj
 0001:0000068b       ?Term@CAtlComModule@ATL@@QAEXXZ 1000168b f i OposVariant.obj
 0001:000006d5       ?_AtlRaiseException@ATL@@YAXKK@Z 100016d5 f i OposVariant.obj
 0001:000006ea       ?GetTypeInfoCount@?$IDispatchImpl@UIOPOSElectronicValueRW@@$1?IID_IOPOSElectronicValueRW@@3U_GUID@@B$1?LIBID_OposElectronicValueRW_CCO@@3U3@B$00$0A@VCComTypeInfoHolder@ATL@@@ATL@@UAGJPAI@Z 100016ea f i ElectronicValueRW.obj
 0001:00000707       ?GetTypeInfo@?$IDispatchImpl@UIOPOSElectronicValueRW@@$1?IID_IOPOSElectronicValueRW@@3U_GUID@@B$1?LIBID_OposElectronicValueRW_CCO@@3U3@B$00$0A@VCComTypeInfoHolder@ATL@@@ATL@@UAGJIKPAPAUITypeInfo@@@Z 10001707 f i ElectronicValueRW.obj
 0001:0000072b       ?GetIDsOfNames@?$IDispatchImpl@UIOPOSElectronicValueRW@@$1?IID_IOPOSElectronicValueRW@@3U_GUID@@B$1?LIBID_OposElectronicValueRW_CCO@@3U3@B$00$0A@VCComTypeInfoHolder@ATL@@@ATL@@UAGJABU_GUID@@PAPA_WIKPAJ@Z 1000172b f i ElectronicValueRW.obj
 0001:0000074b       ?Invoke@?$IDispatchImpl@UIOPOSElectronicValueRW@@$1?IID_IOPOSElectronicValueRW@@3U_GUID@@B$1?LIBID_OposElectronicValueRW_CCO@@3U3@B$00$0A@VCComTypeInfoHolder@ATL@@@ATL@@UAGJJABU_GUID@@KGPAUtagDISPPARAMS@@PAUtagVARIANT@@PAUtagEXCEPINFO@@PAI@Z 1000174b f i ElectronicValueRW.obj
 0001:00000759       ?CreateControlWindow@?$CComControl@VCOPOSElectronicValueRW@@V?$CWindowImpl@VCOPOSElectronicValueRW@@VCWindow@ATL@@V?$CWinTraits@$0FGAAAAAA@$0A@@3@@ATL@@@ATL@@UAEPAUHWND__@@PAU3@AAUtagRECT@@@Z 10001759 f i ElectronicValueRW.obj
 0001:00000788       ?ControlQueryInterface@?$CComControl@VCOPOSElectronicValueRW@@V?$CWindowImpl@VCOPOSElectronicValueRW@@VCWindow@ATL@@V?$CWinTraits@$0FGAAAAAA@$0A@@3@@ATL@@@ATL@@UAEJABU_GUID@@PAPAX@Z 10001788 f i ElectronicValueRW.obj
 0001:000007a3       ?GetClassID@?$IPersistStreamInitImpl@VCOPOSElectronicValueRW@@@ATL@@UAGJPAU_GUID@@@Z 100017a3 f i ElectronicValueRW.obj
 0001:000007a3       ?GetClassID@?$IPersistStorageImpl@VCOPOSElectronicValueRW@@@ATL@@UAGJPAU_GUID@@@Z 100017a3 f i ElectronicValueRW.obj
 0001:000007a3       ?GetUserClassID@?$IOleObjectImpl@VCOPOSElectronicValueRW@@@ATL@@UAGJPAU_GUID@@@Z 100017a3 f i ElectronicValueRW.obj
 0001:000007c7       ?IsDirty@?$IPersistStreamInitImpl@VCOPOSElectronicValueRW@@@ATL@@UAGJXZ 100017c7 f i ElectronicValueRW.obj
 0001:000007e6       ?Load@?$IPersistStreamInitImpl@VCOPOSElectronicValueRW@@@ATL@@UAGJPAUIStream@@@Z 100017e6 f i ElectronicValueRW.obj
 0001:00000805       ?Save@?$IPersistStreamInitImpl@VCOPOSElectronicValueRW@@@ATL@@UAGJPAUIStream@@H@Z 10001805 f i ElectronicValueRW.obj
 0001:00000827       ?GetSizeMax@?$IPersistStreamInitImpl@VCOPOSElectronicValueRW@@@ATL@@UAGJPAT_ULARGE_INTEGER@@@Z 10001827 f i ElectronicValueRW.obj
 0001:000009dc       ?InitNew@?$IPersistStreamInitImpl@VCOPOSElectronicValueRW@@@ATL@@UAGJXZ 100019dc f i ElectronicValueRW.obj
 0001:000009f9       ?OnMnemonic@?$IOleControlImpl@VCOPOSElectronicValueRW@@@ATL@@UAGJPAUtagMSG@@@Z 100019f9 f i ElectronicValueRW.obj
 0001:000009f9       ?SetColorScheme@?$IOleObjectImpl@VCOPOSElectronicValueRW@@@ATL@@UAGJPAUtagLOGPALETTE@@@Z 100019f9 f i ElectronicValueRW.obj
 0001:000009f9       ?Unfreeze@?$IViewObjectExImpl@VCOPOSElectronicValueRW@@@ATL@@UAGJK@Z 100019f9 f i ElectronicValueRW.obj
 0001:000009f9       ?ContextSensitiveHelp@?$IOleInPlaceObjectWindowlessImpl@VCOPOSElectronicValueRW@@@ATL@@UAGJH@Z 100019f9 f i ElectronicValueRW.obj
 0001:000009f9       ?QueryGetData@?$IDataObjectImpl@VCOPOSElectronicValueRW@@@ATL@@UAGJPAUtagFORMATETC@@@Z 100019f9 f i ElectronicValueRW.obj
 0001:000009f9       ?GetControlInfo@?$IOleControlImpl@VCOPOSElectronicValueRW@@@ATL@@UAGJPAUtagCONTROLINFO@@@Z 100019f9 f i ElectronicValueRW.obj
 0001:000009f9       ?ContextSensitiveHelp@?$IOleInPlaceActiveObjectImpl@VCOPOSElectronicValueRW@@@ATL@@UAGJH@Z 100019f9 f i ElectronicValueRW.obj
 0001:000009f9       ?GetDropTarget@?$IOleInPlaceObjectWindowlessImpl@VCOPOSElectronicValueRW@@@ATL@@UAGJPAPAUIDropTarget@@@Z 100019f9 f i ElectronicValueRW.obj
 0001:00000a01       ?OnAmbientPropertyChange@?$IOleControlImpl@VCOPOSElectronicValueRW@@@ATL@@UAGJJ@Z 10001a01 f i ElectronicValueRW.obj
 0001:00000a01       ?SaveCompleted@?$IPersistStorageImpl@VCOPOSElectronicValueRW@@@ATL@@UAGJPAUIStorage@@@Z 10001a01 f i ElectronicValueRW.obj
 0001:00000a01       ?OnFrameWindowActivate@?$IOleInPlaceActiveObjectImpl@VCOPOSElectronicValueRW@@@ATL@@UAGJH@Z 10001a01 f i ElectronicValueRW.obj
 0001:00000a01       ?EnableModeless@?$IOleInPlaceActiveObjectImpl@VCOPOSElectronicValueRW@@@ATL@@UAGJH@Z 10001a01 f i ElectronicValueRW.obj
 0001:00000a06       ?SetClientSite@?$IOleObjectImpl@VCOPOSElectronicValueRW@@@ATL@@UAGJPAUIOleClientSite@@@Z 10001a06 f i ElectronicValueRW.obj
 0001:00000a23       ?GetClientSite@?$IOleObjectImpl@VCOPOSElectronicValueRW@@@ATL@@UAGJPAPAUIOleClientSite@@@Z 10001a23 f i ElectronicValueRW.obj
 0001:00000a40       ?SetHostNames@?$IOleObjectImpl@VCOPOSElectronicValueRW@@@ATL@@UAGJPB_W0@Z 10001a40 f i ElectronicValueRW.obj
 0001:00000a45       ?Close@?$IOleObjectImpl@VCOPOSElectronicValueRW@@@ATL@@UAGJK@Z 10001a45 f i ElectronicValueRW.obj
 0001:00000a62       ?SetMoniker@?$IOleObjectImpl@VCOPOSElectronicValueRW@@@ATL@@UAGJKPAUIMoniker@@@Z 10001a62 f i ElectronicValueRW.obj
 0001:00000a62       ?GetDataHere@?$IDataObjectImpl@VCOPOSElectronicValueRW@@@ATL@@UAGJPAUtagFORMATETC@@PAUtagSTGMEDIUM@@@Z 10001a62 f i ElectronicValueRW.obj
 0001:00000a62       ?GetRect@?$IViewObjectExImpl@VCOPOSElectronicValueRW@@@ATL@@UAGJKPAU_RECTL@@@Z 10001a62 f i ElectronicValueRW.obj
 0001:00000a62       ?GetCanonicalFormatEtc@?$IDataObjectImpl@VCOPOSElectronicValueRW@@@ATL@@UAGJPAUtagFORMATETC@@0@Z 10001a62 f i ElectronicValueRW.obj
 0001:00000a62       ?GetClipboardData@?$IOleObjectImpl@VCOPOSElectronicValueRW@@@ATL@@UAGJKPAPAUIDataObject@@@Z 10001a62 f i ElectronicValueRW.obj
 0001:00000a62       ?EnumFormatEtc@?$IDataObjectImpl@VCOPOSElectronicValueRW@@@ATL@@UAGJKPAPAUIEnumFORMATETC@@@Z 10001a62 f i ElectronicValueRW.obj
 0001:00000a62       ?QueryInterface@CRegObject@ATL@@UAGJABU_GUID@@PAPAX@Z 10001a62 f i ElectronicValueRW.obj
 0001:00000a6a       ?InitFromData@?$IOleObjectImpl@VCOPOSElectronicValueRW@@@ATL@@UAGJPAUIDataObject@@HK@Z 10001a6a f i ElectronicValueRW.obj
 0001:00000a6a       ?GetMoniker@?$IOleObjectImpl@VCOPOSElectronicValueRW@@@ATL@@UAGJKKPAPAUIMoniker@@@Z 10001a6a f i ElectronicValueRW.obj
 0001:00000a6a       ?SetData@?$IDataObjectImpl@VCOPOSElectronicValueRW@@@ATL@@UAGJPAUtagFORMATETC@@PAUtagSTGMEDIUM@@H@Z 10001a6a f i ElectronicValueRW.obj
 0001:00000a72       ?DoVerb@?$IOleObjectImpl@VCOPOSElectronicValueRW@@@ATL@@UAGJJPAUtagMSG@@PAUIOleClientSite@@JPAUHWND__@@PBUtagRECT@@@Z 10001a72 f i ElectronicValueRW.obj
 0001:00000b8a       ?EnumVerbs@?$IOleObjectImpl@VCOPOSElectronicValueRW@@@ATL@@UAGJPAPAUIEnumOLEVERB@@@Z 10001b8a f i ElectronicValueRW.obj
 0001:00000bac       ?IsUpToDate@?$IOleObjectImpl@VCOPOSElectronicValueRW@@@ATL@@UAGJXZ 10001bac f i ElectronicValueRW.obj
 0001:00000bac       ?Update@?$IOleObjectImpl@VCOPOSElectronicValueRW@@@ATL@@UAGJXZ 10001bac f i ElectronicValueRW.obj
 0001:00000bac       ?Release@CRegObject@ATL@@UAGKXZ 10001bac f i ElectronicValueRW.obj
 0001:00000bac       ?HandsOffStorage@?$IPersistStorageImpl@VCOPOSElectronicValueRW@@@ATL@@UAGJXZ 10001bac f i ElectronicValueRW.obj
 0001:00000bb1       ?GetUserType@?$IOleObjectImpl@VCOPOSElectronicValueRW@@@ATL@@UAGJKPAPA_W@Z 10001bb1 f i ElectronicValueRW.obj
 0001:00000bc9       ?SetExtent@?$IOleObjectImpl@VCOPOSElectronicValueRW@@@ATL@@UAGJKPAUtagSIZE@@@Z 10001bc9 f i ElectronicValueRW.obj
 0001:00000be9       ?GetExtent@?$IOleObjectImpl@VCOPOSElectronicValueRW@@@ATL@@UAGJKPAUtagSIZE@@@Z 10001be9 f i ElectronicValueRW.obj
 0001:00000c27       ?Advise@?$IOleObjectImpl@VCOPOSElectronicValueRW@@@ATL@@UAGJPAUIAdviseSink@@PAK@Z 10001c27 f i ElectronicValueRW.obj
 0001:00000c47       ?Unadvise@?$IOleObjectImpl@VCOPOSElectronicValueRW@@@ATL@@UAGJK@Z 10001c47 f i ElectronicValueRW.obj
 0001:00000c76       ?EnumAdvise@?$IOleObjectImpl@VCOPOSElectronicValueRW@@@ATL@@UAGJPAPAUIEnumSTATDATA@@@Z 10001c76 f i ElectronicValueRW.obj
 0001:00000cb6       ?GetMiscStatus@?$IOleObjectImpl@VCOPOSElectronicValueRW@@@ATL@@UAGJKPAK@Z 10001cb6 f i ElectronicValueRW.obj
 0001:00000cce       ?GetWindow@?$IOleInPlaceActiveObjectImpl@VCOPOSElectronicValueRW@@@ATL@@UAGJPAPAUHWND__@@@Z 10001cce f i ElectronicValueRW.obj
 0001:00000d1b       ?TranslateAcceleratorW@?$IOleInPlaceActiveObjectImpl@VCOPOSElectronicValueRW@@@ATL@@UAGJPAUtagMSG@@@Z 10001d1b f i ElectronicValueRW.obj
 0001:00000db9       ?OnDocWindowActivate@?$IOleInPlaceActiveObjectImpl@VCOPOSElectronicValueRW@@@ATL@@UAGJH@Z 10001db9 f i ElectronicValueRW.obj
 0001:00000ddb       ?ResizeBorder@?$IOleInPlaceActiveObjectImpl@VCOPOSElectronicValueRW@@@ATL@@UAGJPBUtagRECT@@PAUIOleInPlaceUIWindow@@H@Z 10001ddb f i ElectronicValueRW.obj
 0001:00000de0       ?Draw@?$IViewObjectExImpl@VCOPOSElectronicValueRW@@@ATL@@UAGJKJPAXPAUtagDVTARGETDEVICE@@PAUHDC__@@2PBU_RECTL@@3P6GHK@ZK@Z 10001de0 f i ElectronicValueRW.obj
 0001:00000e12       ?GetColorSet@?$IViewObjectExImpl@VCOPOSElectronicValueRW@@@ATL@@UAGJKJPAXPAUtagDVTARGETDEVICE@@PAUHDC__@@PAPAUtagLOGPALETTE@@@Z 10001e12 f i ElectronicValueRW.obj
 0001:00000e1a       ?Freeze@?$IViewObjectExImpl@VCOPOSElectronicValueRW@@@ATL@@UAGJKJPAXPAK@Z 10001e1a f i ElectronicValueRW.obj
 0001:00000e22       ?SetAdvise@?$IViewObjectExImpl@VCOPOSElectronicValueRW@@@ATL@@UAGJKKPAUIAdviseSink@@@Z 10001e22 f i ElectronicValueRW.obj
 0001:00000e41       ?GetAdvise@?$IViewObjectExImpl@VCOPOSElectronicValueRW@@@ATL@@UAGJPAK0PAPAUIAdviseSink@@@Z 10001e41 f i ElectronicValueRW.obj
 0001:00000e76       ?GetExtent@?$IViewObjectExImpl@VCOPOSElectronicValueRW@@@ATL@@UAGJKJPAUtagDVTARGETDEVICE@@PAUtagSIZE@@@Z 10001e76 f i ElectronicValueRW.obj
 0001:00000ea7       ?GetViewStatus@?$IViewObjectExImpl@VCOPOSElectronicValueRW@@@ATL@@UAGJPAK@Z 10001ea7 f i ElectronicValueRW.obj
 0001:00000ec4       ?QueryHitPoint@?$IViewObjectExImpl@VCOPOSElectronicValueRW@@@ATL@@UAGJKPBUtagRECT@@UtagPOINT@@JPAK@Z 10001ec4 f i ElectronicValueRW.obj
 0001:00000f05       ?QueryHitRect@?$IViewObjectExImpl@VCOPOSElectronicValueRW@@@ATL@@UAGJKPBUtagRECT@@0JPAK@Z 10001f05 f i ElectronicValueRW.obj
 0001:00000f60       ?GetNaturalExtent@?$IViewObjectExImpl@VCOPOSElectronicValueRW@@@ATL@@UAGJKJPAUtagDVTARGETDEVICE@@PAUHDC__@@PAUtagExtentInfo@@PAUtagSIZE@@@Z 10001f60 f i ElectronicValueRW.obj
 0001:00000fab       ?GetWindow@?$IOleInPlaceObjectWindowlessImpl@VCOPOSElectronicValueRW@@@ATL@@UAGJPAPAUHWND__@@@Z 10001fab f i ElectronicValueRW.obj
 0001:00000ff8       ?InPlaceDeactivate@?$IOleInPlaceObjectWindowlessImpl@VCOPOSElectronicValueRW@@@ATL@@UAGJXZ 10001ff8 f i ElectronicValueRW.obj
 0001:00001012       ?UIDeactivate@?$IOleInPlaceObjectWindowlessImpl@VCOPOSElectronicValueRW@@@ATL@@UAGJXZ 10002012 f i ElectronicValueRW.obj
 0001:0000102c       ?SetObjectRects@?$IOleInPlaceObjectWindowlessImpl@VCOPOSElectronicValueRW@@@ATL@@UAGJPBUtagRECT@@0@Z 1000202c f i ElectronicValueRW.obj
 0001:0000104c       ?ReactivateAndUndo@?$IOleInPlaceObjectWindowlessImpl@VCOPOSElectronicValueRW@@@ATL@@UAGJXZ 1000204c f i ElectronicValueRW.obj
 0001:00001054       ?OnWindowMessage@?$IOleInPlaceObjectWindowlessImpl@VCOPOSElectronicValueRW@@@ATL@@UAGJIIJPAJ@Z 10002054 f i ElectronicValueRW.obj
 0001:000010c4       ?EnumConnectionPoints@?$IConnectionPointContainerImpl@VCOPOSElectronicValueRW@@@ATL@@UAGJPAPAUIEnumConnectionPoints@@@Z 100020c4 f i ElectronicValueRW.obj
 0001:0000123e       ?FindConnectionPoint@?$IConnectionPointContainerImpl@VCOPOSElectronicValueRW@@@ATL@@UAGJABU_GUID@@PAPAUIConnectionPoint@@@Z 1000223e f i ElectronicValueRW.obj
 0001:000012e1       ?IsDirty@?$IPersistStorageImpl@VCOPOSElectronicValueRW@@@ATL@@UAGJXZ 100022e1 f i ElectronicValueRW.obj
 0001:00001315       ?InitNew@?$IPersistStorageImpl@VCOPOSElectronicValueRW@@@ATL@@UAGJPAUIStorage@@@Z 10002315 f i ElectronicValueRW.obj
 0001:00001349       ?Load@?$IPersistStorageImpl@VCOPOSElectronicValueRW@@@ATL@@UAGJPAUIStorage@@@Z 10002349 f i ElectronicValueRW.obj
 0001:000013b5       ?Save@?$IPersistStorageImpl@VCOPOSElectronicValueRW@@@ATL@@UAGJPAUIStorage@@H@Z 100023b5 f i ElectronicValueRW.obj
 0001:00001428       ?GetPages@?$ISpecifyPropertyPagesImpl@VCOPOSElectronicValueRW@@@ATL@@UAGJPAUtagCAUUID@@@Z 10002428 f i ElectronicValueRW.obj
 0001:0000143f       ?QuickActivate@?$IQuickActivateImpl@VCOPOSElectronicValueRW@@@ATL@@UAGJPAUtagQACONTAINER@@PAUtagQACONTROL@@@Z 1000243f f i ElectronicValueRW.obj
 0001:00001462       ?SetContentExtent@?$IQuickActivateImpl@VCOPOSElectronicValueRW@@@ATL@@UAGJPAUtagSIZE@@@Z 10002462 f i ElectronicValueRW.obj
 0001:0000148e       ?GetContentExtent@?$IQuickActivateImpl@VCOPOSElectronicValueRW@@@ATL@@UAGJPAUtagSIZE@@@Z 1000248e f i ElectronicValueRW.obj
 0001:000014ae       ?GetData@?$IDataObjectImpl@VCOPOSElectronicValueRW@@@ATL@@UAGJPAUtagFORMATETC@@PAUtagSTGMEDIUM@@@Z 100024ae f i ElectronicValueRW.obj
 0001:000014d1       ?DAdvise@?$IDataObjectImpl@VCOPOSElectronicValueRW@@@ATL@@UAGJPAUtagFORMATETC@@KPAUIAdviseSink@@PAK@Z 100024d1 f i ElectronicValueRW.obj
 0001:00001512       ?DUnadvise@?$IDataObjectImpl@VCOPOSElectronicValueRW@@@ATL@@UAGJK@Z 10002512 f i ElectronicValueRW.obj
 0001:00001540       ?EnumDAdvise@?$IDataObjectImpl@VCOPOSElectronicValueRW@@@ATL@@UAGJPAPAUIEnumSTATDATA@@@Z 10002540 f i ElectronicValueRW.obj
 0001:0000157f       ?GetClassInfoW@?$IProvideClassInfo2Impl@$1?CLSID_OPOSElectronicValueRW@@3U_GUID@@B$1?DIID__IOPOSElectronicValueRWEvents@@3U2@B$1?LIBID_OposElectronicValueRW_CCO@@3U2@B$00$0A@VCComTypeInfoHolder@ATL@@@ATL@@UAGJPAPAUITypeInfo@@@Z 1000257f f i ElectronicValueRW.obj
 0001:00001595       ?GetGUID@?$IProvideClassInfo2Impl@$1?CLSID_OPOSElectronicValueRW@@3U_GUID@@B$1?DIID__IOPOSElectronicValueRWEvents@@3U2@B$1?LIBID_OposElectronicValueRW_CCO@@3U2@B$00$0A@VCComTypeInfoHolder@ATL@@@ATL@@UAGJKPAU_GUID@@@Z 10002595 f i ElectronicValueRW.obj
 0001:000015d3       ?FAccessAllowed@?$IObjectSafetyImpl@VCOPOSElectronicValueRW@@$02@ATL@@MAEHXZ 100025d3 f i ElectronicValueRW.obj
 0001:000015d3       __get_startup_argv_mode    100025d3 f i LIBCMT:argv_mode.obj
 0001:000015d7       ?GetInterfaceSafetyOptions@?$IObjectSafetyImpl@VCOPOSElectronicValueRW@@$02@ATL@@UAGJABU_GUID@@PAK1@Z 100025d7 f i ElectronicValueRW.obj
 0001:0000164b       ?SetInterfaceSafetyOptions@?$IObjectSafetyImpl@VCOPOSElectronicValueRW@@$02@ATL@@UAGJABU_GUID@@KK@Z 1000264b f i ElectronicValueRW.obj
 0001:000016c5       ?_LocCPQueryInterface@?$IConnectionPointImpl@VCOPOSElectronicValueRW@@$1?DIID__IOPOSElectronicValueRWEvents@@3U_GUID@@BVCComDynamicUnkArray@ATL@@@ATL@@UAGJABU_GUID@@PAPAX@Z 100026c5 f i ElectronicValueRW.obj
 0001:000016c5       ?_LocCPQueryInterface@?$IConnectionPointImpl@VCOPOSElectronicValueRW@@$1?IID_IPropertyNotifySink@@3U_GUID@@BVCComDynamicUnkArray@ATL@@@ATL@@UAGJABU_GUID@@PAPAX@Z 100026c5 f i ElectronicValueRW.obj
 0001:00001712       ?GetConnectionInterface@?$IConnectionPointImpl@VCOPOSElectronicValueRW@@$1?IID_IPropertyNotifySink@@3U_GUID@@BVCComDynamicUnkArray@ATL@@@ATL@@UAGJPAU_GUID@@@Z 10002712 f i ElectronicValueRW.obj
 0001:00001736       ?GetConnectionPointContainer@?$IConnectionPointImpl@VCOPOSElectronicValueRW@@$1?IID_IPropertyNotifySink@@3U_GUID@@BVCComDynamicUnkArray@ATL@@@ATL@@UAGJPAPAUIConnectionPointContainer@@@Z 10002736 f i ElectronicValueRW.obj
 0001:00001759       ?Advise@?$IConnectionPointImpl@VCOPOSElectronicValueRW@@$1?IID_IPropertyNotifySink@@3U_GUID@@BVCComDynamicUnkArray@ATL@@@ATL@@UAGJPAUIUnknown@@PAK@Z 10002759 f i ElectronicValueRW.obj
 0001:00001759       ?Advise@?$IConnectionPointImpl@VCOPOSElectronicValueRW@@$1?DIID__IOPOSElectronicValueRWEvents@@3U_GUID@@BVCComDynamicUnkArray@ATL@@@ATL@@UAGJPAUIUnknown@@PAK@Z 10002759 f i ElectronicValueRW.obj
 0001:000017fa       ?Unadvise@?$IConnectionPointImpl@VCOPOSElectronicValueRW@@$1?DIID__IOPOSElectronicValueRWEvents@@3U_GUID@@BVCComDynamicUnkArray@ATL@@@ATL@@UAGJK@Z 100027fa f i ElectronicValueRW.obj
 0001:000017fa       ?Unadvise@?$IConnectionPointImpl@VCOPOSElectronicValueRW@@$1?IID_IPropertyNotifySink@@3U_GUID@@BVCComDynamicUnkArray@ATL@@@ATL@@UAGJK@Z 100027fa f i ElectronicValueRW.obj
 0001:0000183a       ?EnumConnections@?$IConnectionPointImpl@VCOPOSElectronicValueRW@@$1?DIID__IOPOSElectronicValueRWEvents@@3U_GUID@@BVCComDynamicUnkArray@ATL@@@ATL@@UAGJPAPAUIEnumConnections@@@Z 1000283a f i ElectronicValueRW.obj
 0001:0000183a       ?EnumConnections@?$IConnectionPointImpl@VCOPOSElectronicValueRW@@$1?IID_IPropertyNotifySink@@3U_GUID@@BVCComDynamicUnkArray@ATL@@@ATL@@UAGJPAPAUIEnumConnections@@@Z 1000283a f i ElectronicValueRW.obj
 0001:00001940       ?GetObjectDescription@?$CComCoClass@VCOPOSElectronicValueRW@@$1?CLSID_OPOSElectronicValueRW@@3U_GUID@@B@ATL@@SGPB_WXZ 10002940 f i ElectronicValueRW.obj
 0001:00001940       ?GetCategoryMap@CComObjectRootBase@ATL@@SAPBU_ATL_CATMAP_ENTRY@2@XZ 10002940 f i ElectronicValueRW.obj
 0001:00001943       ?GetConnectionInterface@?$IConnectionPointImpl@VCOPOSElectronicValueRW@@$1?DIID__IOPOSElectronicValueRWEvents@@3U_GUID@@BVCComDynamicUnkArray@ATL@@@ATL@@UAGJPAU_GUID@@@Z 10002943 f i ElectronicValueRW.obj
 0001:00001967       ?GetConnectionPointContainer@?$IConnectionPointImpl@VCOPOSElectronicValueRW@@$1?DIID__IOPOSElectronicValueRWEvents@@3U_GUID@@BVCComDynamicUnkArray@ATL@@@ATL@@UAGJPAPAUIConnectionPointContainer@@@Z 10002967 f i ElectronicValueRW.obj
 0001:0000198a       ?UpdateRegistry@COPOSElectronicValueRW@@SGJH@Z 1000298a f i ElectronicValueRW.obj
 0001:000019a2       ?ProcessWindowMessage@COPOSElectronicValueRW@@UAEHPAUHWND__@@IIJAAJK@Z 100029a2 f i ElectronicValueRW.obj
 0001:000019eb       ?SOData@COPOSElectronicValueRW@@MAGJJ@Z 100029eb f i ElectronicValueRW.obj
 0001:00001a24       ?SODirectIO@COPOSElectronicValueRW@@MAGJJPAJPAPA_W@Z 10002a24 f i ElectronicValueRW.obj
 0001:00001a6d       ?SOError@COPOSElectronicValueRW@@MAGJJJJPAJ@Z 10002a6d f i ElectronicValueRW.obj
 0001:00001ac2       ?SOOutputComplete@COPOSElectronicValueRW@@MAGJJ@Z 10002ac2 f i ElectronicValueRW.obj
 0001:00001afb       ?SOStatusUpdate@COPOSElectronicValueRW@@MAGJJ@Z 10002afb f i ElectronicValueRW.obj
 0001:00001b34       ?SOTransition@COPOSElectronicValueRW@@MAGJJPAJPAPA_W@Z 10002b34 f i ElectronicValueRW.obj
 0001:00001b7d       ?AddRef@CRegObject@ATL@@UAGKXZ 10002b7d f i ElectronicValueRW.obj
 0001:00001b83       ?AddReplacement@CRegObject@ATL@@UAGJPB_W0@Z 10002b83 f i ElectronicValueRW.obj
 0001:00001bbc       ?ClearReplacements@CRegObject@ATL@@UAGJXZ 10002bbc f i ElectronicValueRW.obj
 0001:00001bce       ??_GCRegObject@ATL@@UAEPAXI@Z 10002bce f i ElectronicValueRW.obj
 0001:00001bce       ??_ECRegObject@ATL@@UAEPAXI@Z 10002bce f i ElectronicValueRW.obj
 0001:00001bf0       ?CreateInstance@?$CComCreator@V?$CComObjectCached@VCComClassFactory@ATL@@@ATL@@@ATL@@SGJPAXABU_GUID@@PAPAX@Z 10002bf0 f i ElectronicValueRW.obj
 0001:00001c83       ?CreateInstance@?$CComCreator2@V?$CComCreator@V?$CComObject@VCOPOSElectronicValueRW@@@ATL@@@ATL@@V?$CComCreator@V?$CComAggObject@VCOPOSElectronicValueRW@@@ATL@@@2@@ATL@@SGJPAXABU_GUID@@PAPAX@Z 10002c83 f i ElectronicValueRW.obj
 0001:00001ca3       ?Next@?$CComEnumImpl@UIEnumConnectionPoints@@$1?_GUID_b196b285_bab4_101a_b69c_00aa00341d07@@3U__s_GUID@@BPAUIConnectionPoint@@V?$_CopyInterface@UIConnectionPoint@@@ATL@@@ATL@@UAGJKPAPAUIConnectionPoint@@PAK@Z 10002ca3 f i ElectronicValueRW.obj
 0001:00001d7a       ?Skip@?$CComEnumImpl@UIEnumConnectionPoints@@$1?_GUID_b196b285_bab4_101a_b69c_00aa00341d07@@3U__s_GUID@@BPAUIConnectionPoint@@V?$_CopyInterface@UIConnectionPoint@@@ATL@@@ATL@@UAGJK@Z 10002d7a f i ElectronicValueRW.obj
 0001:00001da7       ?Reset@?$CComEnumImpl@UIEnumConnectionPoints@@$1?_GUID_b196b285_bab4_101a_b69c_00aa00341d07@@3U__s_GUID@@BPAUIConnectionPoint@@V?$_CopyInterface@UIConnectionPoint@@@ATL@@@ATL@@UAGJXZ 10002da7 f i ElectronicValueRW.obj
 0001:00001da7       ?Reset@?$CComEnumImpl@UIEnumConnections@@$1?_GUID_b196b287_bab4_101a_b69c_00aa00341d07@@3U__s_GUID@@BUtagCONNECTDATA@@V?$_Copy@UtagCONNECTDATA@@@ATL@@@ATL@@UAGJXZ 10002da7 f i ElectronicValueRW.obj
 0001:00001db9       ?Clone@?$CComEnumImpl@UIEnumConnectionPoints@@$1?_GUID_b196b285_bab4_101a_b69c_00aa00341d07@@3U__s_GUID@@BPAUIConnectionPoint@@V?$_CopyInterface@UIConnectionPoint@@@ATL@@@ATL@@UAGJPAPAUIEnumConnectionPoints@@@Z 10002db9 f i ElectronicValueRW.obj
 0001:00001e98       ?AddRef@?$CComObject@V?$CComEnum@UIEnumConnectionPoints@@$1?_GUID_b196b285_bab4_101a_b69c_00aa00341d07@@3U__s_GUID@@BPAUIConnectionPoint@@V?$_CopyInterface@UIConnectionPoint@@@ATL@@VCComSingleThreadModel@6@@ATL@@@ATL@@UAGKXZ 10002e98 f i ElectronicValueRW.obj
 0001:00001e98       ?AddRef@?$CComObject@V?$CComEnum@UIEnumConnections@@$1?_GUID_b196b287_bab4_101a_b69c_00aa00341d07@@3U__s_GUID@@BUtagCONNECTDATA@@V?$_Copy@UtagCONNECTDATA@@@ATL@@VCComSingleThreadModel@6@@ATL@@@ATL@@UAGKXZ 10002e98 f i ElectronicValueRW.obj
 0001:00001ea9       ?Release@?$CComObject@V?$CComEnum@UIEnumConnections@@$1?_GUID_b196b287_bab4_101a_b69c_00aa00341d07@@3U__s_GUID@@BUtagCONNECTDATA@@V?$_Copy@UtagCONNECTDATA@@@ATL@@VCComSingleThreadModel@6@@ATL@@@ATL@@UAGKXZ 10002ea9 f i ElectronicValueRW.obj
 0001:00001ea9       ?Release@?$CComObject@V?$CComEnum@UIEnumConnectionPoints@@$1?_GUID_b196b285_bab4_101a_b69c_00aa00341d07@@3U__s_GUID@@BPAUIConnectionPoint@@V?$_CopyInterface@UIConnectionPoint@@@ATL@@VCComSingleThreadModel@6@@ATL@@@ATL@@UAGKXZ 10002ea9 f i ElectronicValueRW.obj
 0001:00001ee5       ?QueryInterface@?$CComObject@V?$CComEnum@UIEnumConnectionPoints@@$1?_GUID_b196b285_bab4_101a_b69c_00aa00341d07@@3U__s_GUID@@BPAUIConnectionPoint@@V?$_CopyInterface@UIConnectionPoint@@@ATL@@VCComSingleThreadModel@6@@ATL@@@ATL@@UAGJABU_GUID@@PAPAX@Z 10002ee5 f i ElectronicValueRW.obj
 0001:00001eff       ??_E?$CComObject@V?$CComEnum@UIEnumConnectionPoints@@$1?_GUID_b196b285_bab4_101a_b69c_00aa00341d07@@3U__s_GUID@@BPAUIConnectionPoint@@V?$_CopyInterface@UIConnectionPoint@@@ATL@@VCComSingleThreadModel@6@@ATL@@@ATL@@UAEPAXI@Z 10002eff f i ElectronicValueRW.obj
 0001:00001eff       ??_G?$CComObject@V?$CComEnum@UIEnumConnectionPoints@@$1?_GUID_b196b285_bab4_101a_b69c_00aa00341d07@@3U__s_GUID@@BPAUIConnectionPoint@@V?$_CopyInterface@UIConnectionPoint@@@ATL@@VCComSingleThreadModel@6@@ATL@@@ATL@@UAEPAXI@Z 10002eff f i ElectronicValueRW.obj
 0001:00001f21       ?AddRef@?$CComObjectCached@VCComClassFactory@ATL@@@ATL@@UAGKXZ 10002f21 f i ElectronicValueRW.obj
 0001:00001f48       ?Release@?$CComObjectCached@VCComClassFactory@ATL@@@ATL@@UAGKXZ 10002f48 f i ElectronicValueRW.obj
 0001:00001f7e       ?QueryInterface@?$CComObjectCached@VCComClassFactory@ATL@@@ATL@@UAGJABU_GUID@@PAPAX@Z 10002f7e f i ElectronicValueRW.obj
 0001:00001f98       ??_G?$CComObjectCached@VCComClassFactory@ATL@@@ATL@@UAEPAXI@Z 10002f98 f i ElectronicValueRW.obj
 0001:00001f98       ??_E?$CComObjectCached@VCComClassFactory@ATL@@@ATL@@UAEPAXI@Z 10002f98 f i ElectronicValueRW.obj
 0001:00001fba       ?AddRef@?$CComAggObject@VCOPOSElectronicValueRW@@@ATL@@UAGKXZ 10002fba f i ElectronicValueRW.obj
 0001:00001fcb       ?Release@?$CComAggObject@VCOPOSElectronicValueRW@@@ATL@@UAGKXZ 10002fcb f i ElectronicValueRW.obj
 0001:00002007       ?QueryInterface@?$CComAggObject@VCOPOSElectronicValueRW@@@ATL@@UAGJABU_GUID@@PAPAX@Z 10003007 f i ElectronicValueRW.obj
 0001:00002056       ?AddRef@?$CComContainedObject@VCOPOSElectronicValueRW@@@ATL@@UAGKXZ 10003056 f i ElectronicValueRW.obj
 0001:0000206c       ?Release@?$CComContainedObject@VCOPOSElectronicValueRW@@@ATL@@UAGKXZ 1000306c f i ElectronicValueRW.obj
 0001:00002082       ?QueryInterface@?$CComContainedObject@VCOPOSElectronicValueRW@@@ATL@@UAGJABU_GUID@@PAPAX@Z 10003082 f i ElectronicValueRW.obj
 0001:0000209d       ??_E?$CComAggObject@VCOPOSElectronicValueRW@@@ATL@@UAEPAXI@Z 1000309d f i ElectronicValueRW.obj
 0001:0000209d       ??_G?$CComAggObject@VCOPOSElectronicValueRW@@@ATL@@UAEPAXI@Z 1000309d f i ElectronicValueRW.obj
 0001:000020c2       ?AddRef@?$CComObject@VCOPOSElectronicValueRW@@@ATL@@UAGKXZ 100030c2 f i ElectronicValueRW.obj
 0001:000020d9       ?Release@?$CComObject@VCOPOSElectronicValueRW@@@ATL@@UAGKXZ 100030d9 f i ElectronicValueRW.obj
 0001:0000211b       ?QueryInterface@?$CComObject@VCOPOSElectronicValueRW@@@ATL@@UAGJABU_GUID@@PAPAX@Z 1000311b f i ElectronicValueRW.obj
 0001:00002135       ?ObjectMain@CComObjectRootBase@ATL@@SGX_N@Z 10003135 f i ElectronicValueRW.obj
 0001:00002135       ?OnFinalMessage@?$CWindowImplBaseT@VCWindow@ATL@@V?$CWinTraits@$0FGAAAAAA@$0A@@2@@ATL@@UAEXPAUHWND__@@@Z 10003135 f i ElectronicValueRW.obj
 0001:00002138       ?OnDrawAdvanced@CComControlBase@ATL@@UAEJAAUATL_DRAWINFO@@@Z 10003138 f i ElectronicValueRW.obj
 0001:00002227       ?CreateInstance@CComClassFactory@ATL@@UAGJPAUIUnknown@@ABU_GUID@@PAPAX@Z 10003227 f i ElectronicValueRW.obj
 0001:00002265       ?LockServer@CComClassFactory@ATL@@UAGJH@Z 10003265 f i ElectronicValueRW.obj
 0001:00002284       ??_ECComClassFactory@ATL@@UAEPAXI@Z 10003284 f i ElectronicValueRW.obj
 0001:00002284       ??_GCComClassFactory@ATL@@UAEPAXI@Z 10003284 f i ElectronicValueRW.obj
 0001:000022af       ?Next@?$CComEnumImpl@UIEnumConnections@@$1?_GUID_b196b287_bab4_101a_b69c_00aa00341d07@@3U__s_GUID@@BUtagCONNECTDATA@@V?$_Copy@UtagCONNECTDATA@@@ATL@@@ATL@@UAGJKPAUtagCONNECTDATA@@PAK@Z 100032af f i ElectronicValueRW.obj
 0001:00002386       ?Skip@?$CComEnumImpl@UIEnumConnections@@$1?_GUID_b196b287_bab4_101a_b69c_00aa00341d07@@3U__s_GUID@@BUtagCONNECTDATA@@V?$_Copy@UtagCONNECTDATA@@@ATL@@@ATL@@UAGJK@Z 10003386 f i ElectronicValueRW.obj
 0001:000023b3       ?Clone@?$CComEnumImpl@UIEnumConnections@@$1?_GUID_b196b287_bab4_101a_b69c_00aa00341d07@@3U__s_GUID@@BUtagCONNECTDATA@@V?$_Copy@UtagCONNECTDATA@@@ATL@@@ATL@@UAGJPAPAUIEnumConnections@@@Z 100033b3 f i ElectronicValueRW.obj
 0001:00002492       ?QueryInterface@?$CComObject@V?$CComEnum@UIEnumConnections@@$1?_GUID_b196b287_bab4_101a_b69c_00aa00341d07@@3U__s_GUID@@BUtagCONNECTDATA@@V?$_Copy@UtagCONNECTDATA@@@ATL@@VCComSingleThreadModel@6@@ATL@@@ATL@@UAGJABU_GUID@@PAPAX@Z 10003492 f i ElectronicValueRW.obj
 0001:000024ac       ??_G?$CComObject@V?$CComEnum@UIEnumConnections@@$1?_GUID_b196b287_bab4_101a_b69c_00aa00341d07@@3U__s_GUID@@BUtagCONNECTDATA@@V?$_Copy@UtagCONNECTDATA@@@ATL@@VCComSingleThreadModel@6@@ATL@@@ATL@@UAEPAXI@Z 100034ac f i ElectronicValueRW.obj
 0001:000024ac       ??_E?$CComObject@V?$CComEnum@UIEnumConnections@@$1?_GUID_b196b287_bab4_101a_b69c_00aa00341d07@@3U__s_GUID@@BUtagCONNECTDATA@@V?$_Copy@UtagCONNECTDATA@@@ATL@@VCComSingleThreadModel@6@@ATL@@@ATL@@UAEPAXI@Z 100034ac f i ElectronicValueRW.obj
 0001:000024ce       ??_E?$CComObject@VCOPOSElectronicValueRW@@@ATL@@W3AEPAXI@Z 100034ce f i ElectronicValueRW.obj
 0001:000024d6       ??_E?$CComObject@VCOPOSElectronicValueRW@@@ATL@@WEM@AEPAXI@Z 100034d6 f i ElectronicValueRW.obj
 0001:000024de       ?QueryInterface@?$CComObject@VCOPOSElectronicValueRW@@@ATL@@WHA@AGJABU_GUID@@PAPAX@Z 100034de f i ElectronicValueRW.obj
 0001:000024e8       ?AddRef@?$CComObject@VCOPOSElectronicValueRW@@@ATL@@WHA@AGKXZ 100034e8 f i ElectronicValueRW.obj
 0001:000024f2       ?Release@?$CComObject@VCOPOSElectronicValueRW@@@ATL@@WHA@AGKXZ 100034f2 f i ElectronicValueRW.obj
 0001:000024fc       ?QueryInterface@?$CComObject@VCOPOSElectronicValueRW@@@ATL@@WHE@AGJABU_GUID@@PAPAX@Z 100034fc f i ElectronicValueRW.obj
 0001:00002506       ?AddRef@?$CComObject@VCOPOSElectronicValueRW@@@ATL@@WHE@AGKXZ 10003506 f i ElectronicValueRW.obj
 0001:00002510       ?Release@?$CComObject@VCOPOSElectronicValueRW@@@ATL@@WHE@AGKXZ 10003510 f i ElectronicValueRW.obj
 0001:0000251a       ?QueryInterface@?$CComObject@VCOPOSElectronicValueRW@@@ATL@@WHI@AGJABU_GUID@@PAPAX@Z 1000351a f i ElectronicValueRW.obj
 0001:00002524       ?AddRef@?$CComObject@VCOPOSElectronicValueRW@@@ATL@@WHI@AGKXZ 10003524 f i ElectronicValueRW.obj
 0001:0000252e       ?Release@?$CComObject@VCOPOSElectronicValueRW@@@ATL@@WHI@AGKXZ 1000352e f i ElectronicValueRW.obj
 0001:00002538       ?QueryInterface@?$CComObject@VCOPOSElectronicValueRW@@@ATL@@WHM@AGJABU_GUID@@PAPAX@Z 10003538 f i ElectronicValueRW.obj
 0001:00002542       ?AddRef@?$CComObject@VCOPOSElectronicValueRW@@@ATL@@WHM@AGKXZ 10003542 f i ElectronicValueRW.obj
 0001:0000254c       ?Release@?$CComObject@VCOPOSElectronicValueRW@@@ATL@@WHM@AGKXZ 1000354c f i ElectronicValueRW.obj
 0001:00002556       ?QueryInterface@?$CComObject@VCOPOSElectronicValueRW@@@ATL@@WIA@AGJABU_GUID@@PAPAX@Z 10003556 f i ElectronicValueRW.obj
 0001:00002563       ?AddRef@?$CComObject@VCOPOSElectronicValueRW@@@ATL@@WIA@AGKXZ 10003563 f i ElectronicValueRW.obj
 0001:00002570       ?Release@?$CComObject@VCOPOSElectronicValueRW@@@ATL@@WIA@AGKXZ 10003570 f i ElectronicValueRW.obj
 0001:0000257d       ?QueryInterface@?$CComObject@VCOPOSElectronicValueRW@@@ATL@@WIE@AGJABU_GUID@@PAPAX@Z 1000357d f i ElectronicValueRW.obj
 0001:0000258a       ?AddRef@?$CComObject@VCOPOSElectronicValueRW@@@ATL@@WIE@AGKXZ 1000358a f i ElectronicValueRW.obj
 0001:00002597       ?Release@?$CComObject@VCOPOSElectronicValueRW@@@ATL@@WIE@AGKXZ 10003597 f i ElectronicValueRW.obj
 0001:000025a4       ?QueryInterface@?$CComObject@VCOPOSElectronicValueRW@@@ATL@@WII@AGJABU_GUID@@PAPAX@Z 100035a4 f i ElectronicValueRW.obj
 0001:000025b1       ?AddRef@?$CComObject@VCOPOSElectronicValueRW@@@ATL@@WII@AGKXZ 100035b1 f i ElectronicValueRW.obj
 0001:000025be       ?Release@?$CComObject@VCOPOSElectronicValueRW@@@ATL@@WII@AGKXZ 100035be f i ElectronicValueRW.obj
 0001:000025cb       ?QueryInterface@?$CComObject@VCOPOSElectronicValueRW@@@ATL@@WIM@AGJABU_GUID@@PAPAX@Z 100035cb f i ElectronicValueRW.obj
 0001:000025d8       ?AddRef@?$CComObject@VCOPOSElectronicValueRW@@@ATL@@WIM@AGKXZ 100035d8 f i ElectronicValueRW.obj
 0001:000025e5       ?Release@?$CComObject@VCOPOSElectronicValueRW@@@ATL@@WIM@AGKXZ 100035e5 f i ElectronicValueRW.obj
 0001:000025f2       ?QueryInterface@?$CComObject@VCOPOSElectronicValueRW@@@ATL@@WJA@AGJABU_GUID@@PAPAX@Z 100035f2 f i ElectronicValueRW.obj
 0001:000025ff       ?AddRef@?$CComObject@VCOPOSElectronicValueRW@@@ATL@@WJA@AGKXZ 100035ff f i ElectronicValueRW.obj
 0001:0000260c       ?Release@?$CComObject@VCOPOSElectronicValueRW@@@ATL@@WJA@AGKXZ 1000360c f i ElectronicValueRW.obj
 0001:00002619       ?QueryInterface@?$CComObject@VCOPOSElectronicValueRW@@@ATL@@WJE@AGJABU_GUID@@PAPAX@Z 10003619 f i ElectronicValueRW.obj
 0001:00002626       ?AddRef@?$CComObject@VCOPOSElectronicValueRW@@@ATL@@WJE@AGKXZ 10003626 f i ElectronicValueRW.obj
 0001:00002633       ?Release@?$CComObject@VCOPOSElectronicValueRW@@@ATL@@WJE@AGKXZ 10003633 f i ElectronicValueRW.obj
 0001:00002640       ?QueryInterface@?$CComObject@VCOPOSElectronicValueRW@@@ATL@@WJI@AGJABU_GUID@@PAPAX@Z 10003640 f i ElectronicValueRW.obj
 0001:0000264d       ?AddRef@?$CComObject@VCOPOSElectronicValueRW@@@ATL@@WJI@AGKXZ 1000364d f i ElectronicValueRW.obj
 0001:0000265a       ?Release@?$CComObject@VCOPOSElectronicValueRW@@@ATL@@WJI@AGKXZ 1000365a f i ElectronicValueRW.obj
 0001:00002667       ?QueryInterface@?$CComObject@VCOPOSElectronicValueRW@@@ATL@@WJM@AGJABU_GUID@@PAPAX@Z 10003667 f i ElectronicValueRW.obj
 0001:00002674       ?AddRef@?$CComObject@VCOPOSElectronicValueRW@@@ATL@@WJM@AGKXZ 10003674 f i ElectronicValueRW.obj
 0001:00002681       ?Release@?$CComObject@VCOPOSElectronicValueRW@@@ATL@@WJM@AGKXZ 10003681 f i ElectronicValueRW.obj
 0001:0000268e       ?QueryInterface@?$CComObject@VCOPOSElectronicValueRW@@@ATL@@WKA@AGJABU_GUID@@PAPAX@Z 1000368e f i ElectronicValueRW.obj
 0001:0000269b       ?AddRef@?$CComObject@VCOPOSElectronicValueRW@@@ATL@@WKA@AGKXZ 1000369b f i ElectronicValueRW.obj
 0001:000026a8       ?Release@?$CComObject@VCOPOSElectronicValueRW@@@ATL@@WKA@AGKXZ 100036a8 f i ElectronicValueRW.obj
 0001:000026b5       ?AddRef@?$CComObject@VCOPOSElectronicValueRW@@@ATL@@WKI@AGKXZ 100036b5 f i ElectronicValueRW.obj
 0001:000026c2       ?Release@?$CComObject@VCOPOSElectronicValueRW@@@ATL@@WKI@AGKXZ 100036c2 f i ElectronicValueRW.obj
 0001:000026cf       ?AddRef@?$CComObject@VCOPOSElectronicValueRW@@@ATL@@WLE@AGKXZ 100036cf f i ElectronicValueRW.obj
 0001:000026dc       ?Release@?$CComObject@VCOPOSElectronicValueRW@@@ATL@@WLE@AGKXZ 100036dc f i ElectronicValueRW.obj
 0001:000026e9       ??_E?$CComContainedObject@VCOPOSElectronicValueRW@@@ATL@@W3AEPAXI@Z 100036e9 f i ElectronicValueRW.obj
 0001:000026f1       ??_E?$CComContainedObject@VCOPOSElectronicValueRW@@@ATL@@WEM@AEPAXI@Z 100036f1 f i ElectronicValueRW.obj
 0001:000026f9       ?QueryInterface@?$CComContainedObject@VCOPOSElectronicValueRW@@@ATL@@WHA@AGJABU_GUID@@PAPAX@Z 100036f9 f i ElectronicValueRW.obj
 0001:00002703       ?AddRef@?$CComContainedObject@VCOPOSElectronicValueRW@@@ATL@@WHA@AGKXZ 10003703 f i ElectronicValueRW.obj
 0001:0000270d       ?Release@?$CComContainedObject@VCOPOSElectronicValueRW@@@ATL@@WHA@AGKXZ 1000370d f i ElectronicValueRW.obj
 0001:00002717       ?QueryInterface@?$CComContainedObject@VCOPOSElectronicValueRW@@@ATL@@WHE@AGJABU_GUID@@PAPAX@Z 10003717 f i ElectronicValueRW.obj
 0001:00002721       ?AddRef@?$CComContainedObject@VCOPOSElectronicValueRW@@@ATL@@WHE@AGKXZ 10003721 f i ElectronicValueRW.obj
 0001:0000272b       ?Release@?$CComContainedObject@VCOPOSElectronicValueRW@@@ATL@@WHE@AGKXZ 1000372b f i ElectronicValueRW.obj
 0001:00002735       ?QueryInterface@?$CComContainedObject@VCOPOSElectronicValueRW@@@ATL@@WHI@AGJABU_GUID@@PAPAX@Z 10003735 f i ElectronicValueRW.obj
 0001:0000273f       ?AddRef@?$CComContainedObject@VCOPOSElectronicValueRW@@@ATL@@WHI@AGKXZ 1000373f f i ElectronicValueRW.obj
 0001:00002749       ?Release@?$CComContainedObject@VCOPOSElectronicValueRW@@@ATL@@WHI@AGKXZ 10003749 f i ElectronicValueRW.obj
 0001:00002753       ?QueryInterface@?$CComContainedObject@VCOPOSElectronicValueRW@@@ATL@@WHM@AGJABU_GUID@@PAPAX@Z 10003753 f i ElectronicValueRW.obj
 0001:0000275d       ?AddRef@?$CComContainedObject@VCOPOSElectronicValueRW@@@ATL@@WHM@AGKXZ 1000375d f i ElectronicValueRW.obj
 0001:00002767       ?Release@?$CComContainedObject@VCOPOSElectronicValueRW@@@ATL@@WHM@AGKXZ 10003767 f i ElectronicValueRW.obj
 0001:00002771       ?QueryInterface@?$CComContainedObject@VCOPOSElectronicValueRW@@@ATL@@WIA@AGJABU_GUID@@PAPAX@Z 10003771 f i ElectronicValueRW.obj
 0001:0000277e       ?AddRef@?$CComContainedObject@VCOPOSElectronicValueRW@@@ATL@@WIA@AGKXZ 1000377e f i ElectronicValueRW.obj
 0001:0000278b       ?Release@?$CComContainedObject@VCOPOSElectronicValueRW@@@ATL@@WIA@AGKXZ 1000378b f i ElectronicValueRW.obj
 0001:00002798       ?QueryInterface@?$CComContainedObject@VCOPOSElectronicValueRW@@@ATL@@WIE@AGJABU_GUID@@PAPAX@Z 10003798 f i ElectronicValueRW.obj
 0001:000027a5       ?AddRef@?$CComContainedObject@VCOPOSElectronicValueRW@@@ATL@@WIE@AGKXZ 100037a5 f i ElectronicValueRW.obj
 0001:000027b2       ?Release@?$CComContainedObject@VCOPOSElectronicValueRW@@@ATL@@WIE@AGKXZ 100037b2 f i ElectronicValueRW.obj
 0001:000027bf       ?QueryInterface@?$CComContainedObject@VCOPOSElectronicValueRW@@@ATL@@WII@AGJABU_GUID@@PAPAX@Z 100037bf f i ElectronicValueRW.obj
 0001:000027cc       ?AddRef@?$CComContainedObject@VCOPOSElectronicValueRW@@@ATL@@WII@AGKXZ 100037cc f i ElectronicValueRW.obj
 0001:000027d9       ?Release@?$CComContainedObject@VCOPOSElectronicValueRW@@@ATL@@WII@AGKXZ 100037d9 f i ElectronicValueRW.obj
 0001:000027e6       ?QueryInterface@?$CComContainedObject@VCOPOSElectronicValueRW@@@ATL@@WIM@AGJABU_GUID@@PAPAX@Z 100037e6 f i ElectronicValueRW.obj
 0001:000027f3       ?AddRef@?$CComContainedObject@VCOPOSElectronicValueRW@@@ATL@@WIM@AGKXZ 100037f3 f i ElectronicValueRW.obj
 0001:00002800       ?Release@?$CComContainedObject@VCOPOSElectronicValueRW@@@ATL@@WIM@AGKXZ 10003800 f i ElectronicValueRW.obj
 0001:0000280d       ?QueryInterface@?$CComContainedObject@VCOPOSElectronicValueRW@@@ATL@@WJA@AGJABU_GUID@@PAPAX@Z 1000380d f i ElectronicValueRW.obj
 0001:0000281a       ?AddRef@?$CComContainedObject@VCOPOSElectronicValueRW@@@ATL@@WJA@AGKXZ 1000381a f i ElectronicValueRW.obj
 0001:00002827       ?Release@?$CComContainedObject@VCOPOSElectronicValueRW@@@ATL@@WJA@AGKXZ 10003827 f i ElectronicValueRW.obj
 0001:00002834       ?QueryInterface@?$CComContainedObject@VCOPOSElectronicValueRW@@@ATL@@WJE@AGJABU_GUID@@PAPAX@Z 10003834 f i ElectronicValueRW.obj
 0001:00002841       ?AddRef@?$CComContainedObject@VCOPOSElectronicValueRW@@@ATL@@WJE@AGKXZ 10003841 f i ElectronicValueRW.obj
 0001:0000284e       ?Release@?$CComContainedObject@VCOPOSElectronicValueRW@@@ATL@@WJE@AGKXZ 1000384e f i ElectronicValueRW.obj
 0001:0000285b       ?QueryInterface@?$CComContainedObject@VCOPOSElectronicValueRW@@@ATL@@WJI@AGJABU_GUID@@PAPAX@Z 1000385b f i ElectronicValueRW.obj
 0001:00002868       ?AddRef@?$CComContainedObject@VCOPOSElectronicValueRW@@@ATL@@WJI@AGKXZ 10003868 f i ElectronicValueRW.obj
 0001:00002875       ?Release@?$CComContainedObject@VCOPOSElectronicValueRW@@@ATL@@WJI@AGKXZ 10003875 f i ElectronicValueRW.obj
 0001:00002882       ?QueryInterface@?$CComContainedObject@VCOPOSElectronicValueRW@@@ATL@@WJM@AGJABU_GUID@@PAPAX@Z 10003882 f i ElectronicValueRW.obj
 0001:0000288f       ?AddRef@?$CComContainedObject@VCOPOSElectronicValueRW@@@ATL@@WJM@AGKXZ 1000388f f i ElectronicValueRW.obj
 0001:0000289c       ?Release@?$CComContainedObject@VCOPOSElectronicValueRW@@@ATL@@WJM@AGKXZ 1000389c f i ElectronicValueRW.obj
 0001:000028a9       ?QueryInterface@?$CComContainedObject@VCOPOSElectronicValueRW@@@ATL@@WKA@AGJABU_GUID@@PAPAX@Z 100038a9 f i ElectronicValueRW.obj
 0001:000028b6       ?AddRef@?$CComContainedObject@VCOPOSElectronicValueRW@@@ATL@@WKA@AGKXZ 100038b6 f i ElectronicValueRW.obj
 0001:000028c3       ?Release@?$CComContainedObject@VCOPOSElectronicValueRW@@@ATL@@WKA@AGKXZ 100038c3 f i ElectronicValueRW.obj
 0001:000028d0       ?AddRef@?$CComContainedObject@VCOPOSElectronicValueRW@@@ATL@@WKI@AGKXZ 100038d0 f i ElectronicValueRW.obj
 0001:000028dd       ?Release@?$CComContainedObject@VCOPOSElectronicValueRW@@@ATL@@WKI@AGKXZ 100038dd f i ElectronicValueRW.obj
 0001:000028ea       ?AddRef@?$CComContainedObject@VCOPOSElectronicValueRW@@@ATL@@WLE@AGKXZ 100038ea f i ElectronicValueRW.obj
 0001:000028f7       ?Release@?$CComContainedObject@VCOPOSElectronicValueRW@@@ATL@@WLE@AGKXZ 100038f7 f i ElectronicValueRW.obj
 0001:00002904       ?Lock@CAtlModule@ATL@@UAEJXZ 10003904 f i ElectronicValueRW.obj
 0001:0000290e       ?Unlock@CAtlModule@ATL@@UAEJXZ 1000390e f i ElectronicValueRW.obj
 0001:00002918       ?GetLockCount@CAtlModule@ATL@@UAEJXZ 10003918 f i ElectronicValueRW.obj
 0001:0000291c       ?GetGITPtr@CAtlModule@ATL@@UAEJPAPAUIGlobalInterfaceTable@@@Z 1000391c f i ElectronicValueRW.obj
 0001:00002968       ?GetWindowProc@?$CWindowImplBaseT@VCWindow@ATL@@V?$CWinTraits@$0FGAAAAAA@$0A@@2@@ATL@@UAEP6GJPAUHWND__@@IIJ@ZXZ 10003968 f i ElectronicValueRW.obj
 0001:0000296e       ?StartWindowProc@?$CWindowImplBaseT@VCWindow@ATL@@V?$CWinTraits@$0FGAAAAAA@$0A@@2@@ATL@@SGJPAUHWND__@@IIJ@Z 1000396e f i ElectronicValueRW.obj
 0001:000029c2       ?AddCommonRGSReplacements@?$CAtlModuleT@VCComModule@ATL@@@ATL@@UAEJPAUIRegistrarBase@@@Z 100039c2 f i ElectronicValueRW.obj
 0001:000029dc       ?UpdateRegistryFromResourceD@CComModule@ATL@@UAGJPB_WHPAU_ATL_REGMAP_ENTRY@2@@Z 100039dc f i ElectronicValueRW.obj
 0001:000029dc       ?UpdateRegistryFromResourceD@CComModule@ATL@@UAGJIHPAU_ATL_REGMAP_ENTRY@2@@Z 100039dc f i ElectronicValueRW.obj
 0001:000029e4       ?UpdateRegistryFromResource@CComModule@ATL@@UAGJPB_WHPAU_ATL_REGMAP_ENTRY@2@@Z 100039e4 f i ElectronicValueRW.obj
 0001:000029ed       ?UpdateRegistryFromResource@CComModule@ATL@@UAGJIHPAU_ATL_REGMAP_ENTRY@2@@Z 100039ed f i ElectronicValueRW.obj
 0001:000029f6       ??_ECComModule@ATL@@UAEPAXI@Z 100039f6 f i ElectronicValueRW.obj
 0001:000029f6       ??_GCComModule@ATL@@UAEPAXI@Z 100039f6 f i ElectronicValueRW.obj
 0001:00002a1e       ??$?4UITypeInfo2@@@?$CComPtr@UITypeInfo@@@ATL@@QAEPAUITypeInfo@@ABV?$CComPtr@UITypeInfo2@@@1@@Z 10003a1e f i ElectronicValueRW.obj
 0001:00002a4b       ??$AtlAdd@K@ATL@@YAJPAKKK@Z 10003a4b f i ElectronicValueRW.obj
 0001:00002a6e       ??$AtlAdd@_K@ATL@@YAJPA_K_K1@Z 10003a6e f i ElectronicValueRW.obj
 0001:00002aa6       ??$AtlAddThrow@K@ATL@@YAKKK@Z 10003aa6 f i ElectronicValueRW.obj
 0001:00002acc       ??$AtlModuleRegisterWndClassInfoT@VAtlModuleRegisterWndClassInfoParamW@ATL@@@ATL@@YAGPAU_ATL_BASE_MODULE70@0@PAU_ATL_WIN_MODULE70@0@PAU_ATL_WNDCLASSINFOW@0@PAP6GJPAUHWND__@@IIJ@ZVAtlModuleRegisterWndClassInfoParamW@0@@Z 10003acc f i ElectronicValueRW.obj
 0001:00002c1a       ??$AtlMultiply@H@ATL@@YAJPAHHH@Z 10003c1a f i ElectronicValueRW.obj
 0001:00002c52       ??$AtlMultiply@I@ATL@@YAJPAIII@Z 10003c52 f i ElectronicValueRW.obj
 0001:00002c52       ??$AtlMultiply@K@ATL@@YAJPAKKK@Z 10003c52 f i ElectronicValueRW.obj
 0001:00002c74       ??$AtlMultiplyThrow@I@ATL@@YAIII@Z 10003c74 f i ElectronicValueRW.obj
 0001:00002c9a       ??0?$CComAggObject@VCOPOSElectronicValueRW@@@ATL@@QAE@PAX@Z 10003c9a f i ElectronicValueRW.obj
 0001:00002cc7       ??0?$CComContainedObject@VCOPOSElectronicValueRW@@@ATL@@QAE@PAX@Z 10003cc7 f i ElectronicValueRW.obj
 0001:00002d80       ??0?$CComObject@V?$CComEnum@UIEnumConnectionPoints@@$1?_GUID_b196b285_bab4_101a_b69c_00aa00341d07@@3U__s_GUID@@BPAUIConnectionPoint@@V?$_CopyInterface@UIConnectionPoint@@@ATL@@VCComSingleThreadModel@6@@ATL@@@ATL@@QAE@PAX@Z 10003d80 f i ElectronicValueRW.obj
 0001:00002dae       ??0?$CComObject@V?$CComEnum@UIEnumConnections@@$1?_GUID_b196b287_bab4_101a_b69c_00aa00341d07@@3U__s_GUID@@BUtagCONNECTDATA@@V?$_Copy@UtagCONNECTDATA@@@ATL@@VCComSingleThreadModel@6@@ATL@@@ATL@@QAE@PAX@Z 10003dae f i ElectronicValueRW.obj
 0001:00002ddc       ??0?$CComObject@VCOPOSElectronicValueRW@@@ATL@@QAE@PAX@Z 10003ddc f i ElectronicValueRW.obj
 0001:00002e93       ??0?$CComQIPtr@UIOleControlSite@@$1?_GUID_b196b289_bab4_101a_b69c_00aa00341d07@@3U__s_GUID@@B@ATL@@QAE@PAUIUnknown@@@Z 10003e93 f i ElectronicValueRW.obj
 0001:00002ebc       ??0CAtlModule@ATL@@QAE@XZ  10003ebc f i ElectronicValueRW.obj
 0001:00002efd       ??0CParseBuffer@CRegParser@ATL@@QAE@H@Z 10003efd f i ElectronicValueRW.obj
 0001:00002f33       ??0_ATL_MSG@ATL@@QAE@PAUHWND__@@IIJH@Z 10003f33 f i ElectronicValueRW.obj
 0001:00002f6b       ??1?$CComAggObject@VCOPOSElectronicValueRW@@@ATL@@UAE@XZ 10003f6b f i ElectronicValueRW.obj
 0001:00002f8f       ??1?$CComEnumImpl@UIEnumConnectionPoints@@$1?_GUID_b196b285_bab4_101a_b69c_00aa00341d07@@3U__s_GUID@@BPAUIConnectionPoint@@V?$_CopyInterface@UIConnectionPoint@@@ATL@@@ATL@@UAE@XZ 10003f8f f i ElectronicValueRW.obj
 0001:00002fcf       ??1?$CComEnumImpl@UIEnumConnections@@$1?_GUID_b196b287_bab4_101a_b69c_00aa00341d07@@3U__s_GUID@@BUtagCONNECTDATA@@V?$_Copy@UtagCONNECTDATA@@@ATL@@@ATL@@UAE@XZ 10003fcf f i ElectronicValueRW.obj
 0001:0000300f       ??1?$CComObject@V?$CComEnum@UIEnumConnectionPoints@@$1?_GUID_b196b285_bab4_101a_b69c_00aa00341d07@@3U__s_GUID@@BPAUIConnectionPoint@@V?$_CopyInterface@UIConnectionPoint@@@ATL@@VCComSingleThreadModel@6@@ATL@@@ATL@@UAE@XZ 1000400f f i ElectronicValueRW.obj
 0001:00003032       ??1?$CComObject@V?$CComEnum@UIEnumConnections@@$1?_GUID_b196b287_bab4_101a_b69c_00aa00341d07@@3U__s_GUID@@BUtagCONNECTDATA@@V?$_Copy@UtagCONNECTDATA@@@ATL@@VCComSingleThreadModel@6@@ATL@@@ATL@@UAE@XZ 10004032 f i ElectronicValueRW.obj
 0001:00003055       ??1?$CComObject@VCOPOSElectronicValueRW@@@ATL@@UAE@XZ 10004055 f i ElectronicValueRW.obj
 0001:00003113       ??1?$CComObjectCached@VCComClassFactory@ATL@@@ATL@@UAE@XZ 10004113 f i ElectronicValueRW.obj
 0001:00003129       ??1?$CComObjectRootEx@VCComMultiThreadModel@ATL@@@ATL@@QAE@XZ 10004129 f i ElectronicValueRW.obj
 0001:0000313e       ??1CRegObject@ATL@@UAE@XZ  1000413e f i ElectronicValueRW.obj
 0001:0000315e       ??4?$CComPtr@UIAdviseSink@@@ATL@@QAEPAUIAdviseSink@@PAU2@@Z 1000415e f i ElectronicValueRW.obj
 0001:0000315e       ??4?$CComPtr@UIUnknown@@@ATL@@QAEPAUIUnknown@@PAU2@@Z 1000415e f i ElectronicValueRW.obj
 0001:0000315e       ??4?$CComPtr@UIOleClientSite@@@ATL@@QAEPAUIOleClientSite@@PAU2@@Z 1000415e f i ElectronicValueRW.obj
 0001:00003192       ??4?$CComQIPtr@UIOleObject@@$1?_GUID_00000112_0000_0000_c000_000000000046@@3U__s_GUID@@B@ATL@@QAEPAUIOleObject@@PAUIUnknown@@@Z 10004192 f i ElectronicValueRW.obj
 0001:000031b7       ??4?$CComQIPtr@UISpecifyPropertyPages@@$1?_GUID_b196b28b_bab4_101a_b69c_00aa00341d07@@3U__s_GUID@@B@ATL@@QAEPAUISpecifyPropertyPages@@PAUIUnknown@@@Z 100041b7 f i ElectronicValueRW.obj
 0001:000031dc       ??_G?$CComContainedObject@VCOPOSElectronicValueRW@@@ATL@@UAEPAXI@Z 100041dc f i ElectronicValueRW.obj
 0001:000031dc       ??_E?$CComContainedObject@VCOPOSElectronicValueRW@@@ATL@@UAEPAXI@Z 100041dc f i ElectronicValueRW.obj
 0001:00003201       ??_G?$CComObject@VCOPOSElectronicValueRW@@@ATL@@UAEPAXI@Z 10004201 f i ElectronicValueRW.obj
 0001:00003201       ??_E?$CComObject@VCOPOSElectronicValueRW@@@ATL@@UAEPAXI@Z 10004201 f i ElectronicValueRW.obj
 0001:00003226       ?Add@?$CSimpleArray@GV?$CSimpleArrayEqualHelper@G@ATL@@@ATL@@QAEHABG@Z 10004226 f i ElectronicValueRW.obj
 0001:000032aa       ?Add@?$CSimpleMap@PA_WPA_WVCExpansionVectorEqualHelper@ATL@@@ATL@@QAEHABQA_W0@Z 100042aa f i ElectronicValueRW.obj
 0001:000032ff       ?Add@CComDynamicUnkArray@ATL@@QAEKPAUIUnknown@@@Z 100042ff f i ElectronicValueRW.obj
 0001:000033ba       ?Add@CExpansionVector@ATL@@QAEHPB_W0@Z 100043ba f i ElectronicValueRW.obj
 0001:000034be       ?AddString@CParseBuffer@CRegParser@ATL@@QAEHPB_W@Z 100044be f i ElectronicValueRW.obj
 0001:000034f3       ?AddValue@CRegParser@ATL@@IAEJAAVCRegKey@2@PB_WPA_W@Z 100044f3 f i ElectronicValueRW.obj
 0001:00003814       ?Allocate@?$CAtlSafeAllocBufferManager@VCCRTAllocator@ATL@@@_ATL_SAFE_ALLOCA_IMPL@ATL@@QAEPAXK@Z 10004814 f i ElectronicValueRW.obj
 0001:00003841       ?Allocate@?$CTempBuffer@E$0BAA@VCCRTAllocator@ATL@@@ATL@@QAEPAEI@Z 10004841 f i ElectronicValueRW.obj
 0001:00003870       ?Allocate@?$CTempBuffer@_W$0BAA@VCCRTAllocator@ATL@@@ATL@@QAEPA_WI@Z 10004870 f i ElectronicValueRW.obj
 0001:0000389f       ?Allocate@?$CTempBuffer@_W$0EAA@VCCRTAllocator@ATL@@@ATL@@QAEPA_WI@Z 1000489f f i ElectronicValueRW.obj
 0001:000038ce       ?AllocateHeap@?$CTempBuffer@_W$0EAA@VCCRTAllocator@ATL@@@ATL@@AAEXI@Z 100048ce f i ElectronicValueRW.obj
 0001:000038ce       ?AllocateHeap@?$CTempBuffer@E$0BAA@VCCRTAllocator@ATL@@@ATL@@AAEXI@Z 100048ce f i ElectronicValueRW.obj
 0001:000038ce       ?AllocateHeap@?$CTempBuffer@_W$0BAA@VCCRTAllocator@ATL@@@ATL@@AAEXI@Z 100048ce f i ElectronicValueRW.obj
 0001:000038f3       ?Append@CParseBuffer@CRegParser@ATL@@QAEHPB_WH@Z 100048f3 f i ElectronicValueRW.obj
 0001:00003981       ?AtlCallTermFunc@ATL@@YGXPAU_ATL_MODULE70@1@@Z 10004981 f i ElectronicValueRW.obj
 0001:000039c5       ?AtlCoTaskMemCAlloc@ATL@@YAPAXKK@Z 100049c5 f i ElectronicValueRW.obj
 0001:000039f2       ?AtlCoTaskMemRecalloc@ATL@@YAPAXPAXKK@Z 100049f2 f i ElectronicValueRW.obj
 0001:00003a22       ?AtlComModuleGetClassObject@ATL@@YGJPAU_ATL_COM_MODULE70@1@ABU_GUID@@1PAPAX@Z 10004a22 f i ElectronicValueRW.obj
 0001:00003b15       ?AtlComModuleRegisterServer@ATL@@YGJPAU_ATL_COM_MODULE70@1@HPBU_GUID@@@Z 10004b15 f i ElectronicValueRW.obj
 0001:00003b9d       ?AtlComModuleUnregisterServer@ATL@@YGJPAU_ATL_COM_MODULE70@1@HPBU_GUID@@@Z 10004b9d f i ElectronicValueRW.obj
 0001:00003c25       ?AtlComQIPtrAssign2@ATL@@YAXPAPAUIUnknown@@PAU2@ABU_GUID@@@Z 10004c25 f i ElectronicValueRW.obj
 0001:00003c54       ?AtlCreateTargetDC@ATL@@YGPAUHDC__@@PAU2@PAUtagDVTARGETDEVICE@@@Z 10004c54 f i ElectronicValueRW.obj
 0001:00003cbd       ?AtlCrtErrorCheck@ATL@@YAHH@Z 10004cbd f i ElectronicValueRW.obj
 0001:00003cf8       ?AtlHiMetricToPixel@ATL@@YGXPBUtagSIZE@@PAU2@@Z 10004cf8 f i ElectronicValueRW.obj
 0001:00003d6d       ?AtlHresultFromLastError@ATL@@YAJXZ 10004d6d f i ElectronicValueRW.obj
 0001:00003d84       ?AtlHresultFromWin32@ATL@@YAJK@Z 10004d84 f i ElectronicValueRW.obj
 0001:00003d99       ?AtlIPersistStreamInit_Load@ATL@@YGJPAUIStream@@PBUATL_PROPMAP_ENTRY@1@PAXPAUIUnknown@@@Z 10004d99 f i ElectronicValueRW.obj
 0001:00003f79       ?AtlIPersistStreamInit_Save@ATL@@YGJPAUIStream@@HPBUATL_PROPMAP_ENTRY@1@PAXPAUIUnknown@@@Z 10004f79 f i ElectronicValueRW.obj
 0001:00004111       ?AtlInternalOleLoadFromStream@ATL@@YAJPAUIStream@@ABU_GUID@@PAPAXTClassesAllowedInStream@1@K@Z 10005111 f i ElectronicValueRW.obj
 0001:00004237       ?AtlInternalQueryInterface@ATL@@YGJPAXPBU_ATL_INTMAP_ENTRY@1@ABU_GUID@@PAPAX@Z 10005237 f i ElectronicValueRW.obj
 0001:000042da       ?AtlLoadTypeLib@ATL@@YGJPAUHINSTANCE__@@PB_WPAPA_WPAPAUITypeLib@@@Z 100052da f i ElectronicValueRW.obj
 0001:000044b8       ?AtlModuleAddTermFunc@ATL@@YGJPAU_ATL_MODULE70@1@P6GXK@ZK@Z 100054b8 f i ElectronicValueRW.obj
 0001:00004515       ?AtlRegisterClassCategoriesHelper@ATL@@YGJABU_GUID@@PBU_ATL_CATMAP_ENTRY@1@H@Z 10005515 f i ElectronicValueRW.obj
 0001:000047f5       ?AtlRegisterTypeLib@ATL@@YGJPAUHINSTANCE__@@PB_W@Z 100057f5 f i ElectronicValueRW.obj
 0001:0000497d       ?AtlThrowImpl@ATL@@YGXJ@Z  1000597d f i ElectronicValueRW.obj
 0001:0000499b       ?AtlUnRegisterTypeLib@ATL@@YGJPAUHINSTANCE__@@PB_W@Z 1000599b f i ElectronicValueRW.obj
 0001:00004a46       ?AtlWinModuleAddCreateWndData@ATL@@YGXPAU_ATL_WIN_MODULE70@1@PAU_AtlCreateWndData@1@PAX@Z 10005a46 f i ElectronicValueRW.obj
 0001:00004a9a       ?AtlWinModuleExtractCreateWndData@ATL@@YGPAXPAU_ATL_WIN_MODULE70@1@@Z 10005a9a f i ElectronicValueRW.obj
 0001:00004afd       ?AtlWinModuleRegisterClassExW@ATL@@YGGPAU_ATL_WIN_MODULE70@1@PBUtagWNDCLASSEXW@@@Z 10005afd f i ElectronicValueRW.obj
 0001:00004b3c       ?CanForceRemoveKey@CRegParser@ATL@@IAEHPB_W@Z 10005b3c f i ElectronicValueRW.obj
 0001:00004b6b       ?ChToByte@CRegParser@ATL@@KAE_W@Z 10005b6b f i ElectronicValueRW.obj
 0001:00004b9e       ?Cleanup@CComTypeInfoHolder@ATL@@SGXK@Z 10005b9e f i ElectronicValueRW.obj
 0001:00004bd1       ?ClearReplacements@CExpansionVector@ATL@@QAEJXZ 10005bd1 f i ElectronicValueRW.obj
 0001:00004c0e       ?Close@CRegKey@ATL@@QAEJXZ 10005c0e f i ElectronicValueRW.obj
 0001:00004c28       ?Create@?$CWindowImpl@VCOPOSElectronicValueRW@@VCWindow@ATL@@V?$CWinTraits@$0FGAAAAAA@$0A@@3@@ATL@@QAEPAUHWND__@@PAU3@V_U_RECT@2@PB_WKKV_U_MENUorID@2@PAX@Z 10005c28 f i ElectronicValueRW.obj
 0001:00004c6c       ?Create@?$CWindowImplBaseT@VCWindow@ATL@@V?$CWinTraits@$0FGAAAAAA@$0A@@2@@ATL@@QAEPAUHWND__@@PAU3@V_U_RECT@2@PB_WKKV_U_MENUorID@2@GPAX@Z 10005c6c f i ElectronicValueRW.obj
 0001:00004d08       ?Create@CRegKey@ATL@@QAEJPAUHKEY__@@PB_WPA_WKKPAU_SECURITY_ATTRIBUTES@@PAK@Z 10005d08 f i ElectronicValueRW.obj
 0001:00004d6b       ?CreateInstance@?$CComCreator@V?$CComAggObject@VCOPOSElectronicValueRW@@@ATL@@@ATL@@SGJPAXABU_GUID@@PAPAX@Z 10005d6b f i ElectronicValueRW.obj
 0001:00004de1       ?CreateInstance@?$CComCreator@V?$CComObject@VCOPOSElectronicValueRW@@@ATL@@@ATL@@SGJPAXABU_GUID@@PAPAX@Z 10005de1 f i ElectronicValueRW.obj
 0001:00004e62       ?CreateInstance@?$CComObject@V?$CComEnum@UIEnumConnectionPoints@@$1?_GUID_b196b285_bab4_101a_b69c_00aa00341d07@@3U__s_GUID@@BPAUIConnectionPoint@@V?$_CopyInterface@UIConnectionPoint@@@ATL@@VCComSingleThreadModel@6@@ATL@@@ATL@@SGJPAPAV12@@Z 10005e62 f i ElectronicValueRW.obj
 0001:00004ea9       ?CreateInstance@?$CComObject@V?$CComEnum@UIEnumConnections@@$1?_GUID_b196b287_bab4_101a_b69c_00aa00341d07@@3U__s_GUID@@BUtagCONNECTDATA@@V?$_Copy@UtagCONNECTDATA@@@ATL@@VCComSingleThreadModel@6@@ATL@@@ATL@@SGJPAPAV12@@Z 10005ea9 f i ElectronicValueRW.obj
 0001:00004ef0       ?DefaultReflectionHandler@?$CWindowImplRoot@VCWindow@ATL@@@ATL@@SAHPAUHWND__@@IIJAAJ@Z 10005ef0 f i ElectronicValueRW.obj
 0001:00004f63       ?DeleteSubKey@CRegKey@ATL@@QAEJPB_W@Z 10005f63 f i ElectronicValueRW.obj
 0001:00004f86       ?DoEvent@COPOSElectronicValueRW@@IAEXIIJ@Z 10005f86 f i ElectronicValueRW.obj
 0001:00005006       ?DoVerbHide@?$IOleObjectImpl@VCOPOSElectronicValueRW@@@ATL@@QAEJPBUtagRECT@@PAUHWND__@@@Z 10006006 f i ElectronicValueRW.obj
 0001:0000503c       ?DoVerbInPlaceActivate@?$IOleObjectImpl@VCOPOSElectronicValueRW@@@ATL@@QAEJPBUtagRECT@@PAUHWND__@@@Z 1000603c f i ElectronicValueRW.obj
 0001:0000506f       ?DoVerbPrimary@?$IOleObjectImpl@VCOPOSElectronicValueRW@@@ATL@@QAEJPBUtagRECT@@PAUHWND__@@@Z 1000606f f i ElectronicValueRW.obj
 0001:000050fb       ?DoVerbProperties@CComControlBase@ATL@@QAEJPBUtagRECT@@PAUHWND__@@@Z 100060fb f i ElectronicValueRW.obj
 0001:00005222       ?DoVerbShow@?$IOleObjectImpl@VCOPOSElectronicValueRW@@@ATL@@QAEJPBUtagRECT@@PAUHWND__@@@Z 10006222 f i ElectronicValueRW.obj
 0001:00005247       ?DoVerbUIActivate@?$IOleObjectImpl@VCOPOSElectronicValueRW@@@ATL@@QAEJPBUtagRECT@@PAUHWND__@@@Z 10006247 f i ElectronicValueRW.obj
 0001:00005284       ?DoesVerbActivate@CComControlBase@ATL@@QAEHJ@Z 10006284 f i ElectronicValueRW.obj
 0001:000052a5       ?DoesVerbUIActivate@CComControlBase@ATL@@QAEHJ@Z 100062a5 f i ElectronicValueRW.obj
 0001:000052da       ?EndOfVar@CRegParser@ATL@@IAEHXZ 100062da f i ElectronicValueRW.obj
 0001:000052fa       ?EscapeSingleQuote@CAtlModule@ATL@@SAXPA_WIPB_W@Z 100062fa f i ElectronicValueRW.obj
 0001:00005349       ?FindKey@?$CSimpleMap@PA_WPA_WVCExpansionVectorEqualHelper@ATL@@@ATL@@QBEHABQA_W@Z 10006349 f i ElectronicValueRW.obj
 0001:00005380       ?FireTheEvent@?$CProxy_IOPOSEvents@VCOPOSElectronicValueRW@@@@IAEXPAVOposVariant@@IAAJPB_WJ@Z 10006380 f i ElectronicValueRW.obj
 0001:00005412       ?FireViewChange@CComControlBase@ATL@@QAEJXZ 10006412 f i ElectronicValueRW.obj
 0001:0000545b       ?Fire_DataEvent@?$CProxy_IOPOSEvents@VCOPOSElectronicValueRW@@@@QAEXJ@Z 1000645b f i ElectronicValueRW.obj
 0001:000054e7       ?Fire_DirectIOEvent@?$CProxy_IOPOSEvents@VCOPOSElectronicValueRW@@@@QAEXJPAJPAPA_W@Z 100064e7 f i ElectronicValueRW.obj
 0001:000055cd       ?Fire_ErrorEvent@?$CProxy_IOPOSEvents@VCOPOSElectronicValueRW@@@@QAEXJJJPAJ@Z 100065cd f i ElectronicValueRW.obj
 0001:000056b4       ?Fire_OutputCompleteEvent@?$CProxy_IOPOSEvents@VCOPOSElectronicValueRW@@@@QAEXJ@Z 100066b4 f i ElectronicValueRW.obj
 0001:00005740       ?Fire_StatusUpdateEvent@?$CProxy_IOPOSEvents@VCOPOSElectronicValueRW@@@@QAEXJ@Z 10006740 f i ElectronicValueRW.obj
 0001:000057cc       ?Fire_TransitionEvent@?$CProxy_IOPOSEvents@VCOPOSElectronicValueRW@@@@QAEXJPAJPAPA_W@Z 100067cc f i ElectronicValueRW.obj
 0001:000058b2       ?FreeHeap@?$CTempBuffer@_W$0EAA@VCCRTAllocator@ATL@@@ATL@@AAEXXZ 100068b2 f i ElectronicValueRW.obj
 0001:000058b2       ?FreeHeap@?$CTempBuffer@E$0BAA@VCCRTAllocator@ATL@@@ATL@@AAEXXZ 100068b2 f i ElectronicValueRW.obj
 0001:000058b2       ?FreeHeap@?$CTempBuffer@_W$0BAA@VCCRTAllocator@ATL@@@ATL@@AAEXXZ 100068b2 f i ElectronicValueRW.obj
 0001:000058bb       ?GetAmbientLocaleID@CComControlBase@ATL@@QAEJAAK@Z 100068bb f i ElectronicValueRW.obj
 0001:00005917       ?GetAmbientUserMode@CComControlBase@ATL@@QAEJAAH@Z 10006917 f i ElectronicValueRW.obj
 0001:00005987       ?GetAt@CComDynamicUnkArray@ATL@@QAEPAUIUnknown@@H@Z 10006987 f i ElectronicValueRW.obj
 0001:000059a3       ?GetClassObject@CComModule@ATL@@QAEJABU_GUID@@0PAPAX@Z 100069a3 f i ElectronicValueRW.obj
 0001:00005a45       ?GetConnMap@COPOSElectronicValueRW@@SAPBU_ATL_CONNMAP_ENTRY@ATL@@PAH@Z 10006a45 f i ElectronicValueRW.obj
 0001:00005ab5       ?GetCookie@CComDynamicUnkArray@ATL@@QAGKPAPAUIUnknown@@@Z 10006ab5 f i ElectronicValueRW.obj
 0001:00005aed       ?GetIDsOfNames@CComTypeInfoHolder@ATL@@QAEJABU_GUID@@PAPA_WIKPAJ@Z 10006aed f i ElectronicValueRW.obj
 0001:00005bfb       ?GetKeyAt@?$CSimpleMap@PA_WPA_WVCExpansionVectorEqualHelper@ATL@@@ATL@@QBEAAPA_WH@Z 10006bfb f i ElectronicValueRW.obj
 0001:00005c20       ?GetPagesHelper@?$ISpecifyPropertyPagesImpl@VCOPOSElectronicValueRW@@@ATL@@IAEJPAUtagCAUUID@@PBUATL_PROPMAP_ENTRY@2@@Z 10006c20 f i ElectronicValueRW.obj
 0001:00005d47       ?GetProperty@?$CComPtr@UIDispatch@@@ATL@@SAJPAUIDispatch@@JPAUtagVARIANT@@@Z 10006d47 f i ElectronicValueRW.obj
 0001:00005d96       ?GetSizeMax@CComVariant@ATL@@QBEJPAT_ULARGE_INTEGER@@@Z 10006d96 f i ElectronicValueRW.obj
 0001:00005f50       ?GetStreamSize@CComBSTR@ATL@@SAKPA_W@Z 10006f50 f i ElectronicValueRW.obj
 0001:00005f6a       ?GetTI@CComTypeInfoHolder@ATL@@QAEJK@Z 10006f6a f i ElectronicValueRW.obj
 0001:00006153       ?GetTI@CComTypeInfoHolder@ATL@@QAEJKPAPAUITypeInfo@@@Z 10007153 f i ElectronicValueRW.obj
 0001:00006195       ?GetUnknown@CComDynamicUnkArray@ATL@@QAGPAUIUnknown@@K@Z 10007195 f i ElectronicValueRW.obj
 0001:000061b6       ?GetValueAt@?$CSimpleMap@PA_WPA_WVCExpansionVectorEqualHelper@ATL@@@ATL@@QBEAAPA_WH@Z 100071b6 f i ElectronicValueRW.obj
 0001:000061dc       ?GetZoomInfo@CComControlBase@ATL@@QAEXAAUATL_DRAWINFO@@@Z 100071dc f i ElectronicValueRW.obj
 0001:0000626f       ?HKeyFromString@CRegParser@ATL@@KAPAUHKEY__@@PA_W@Z 1000726f f i ElectronicValueRW.obj
 0001:0000629d       ?HasSubKeys@CRegParser@ATL@@IAEHPAUHKEY__@@@Z 1000729d f i ElectronicValueRW.obj
 0001:000062d2       ?IDataObject_GetData@CComControlBase@ATL@@QAEJPAUtagFORMATETC@@PAUtagSTGMEDIUM@@@Z 100072d2 f i ElectronicValueRW.obj
 0001:00006478       ?IOleInPlaceObject_InPlaceDeactivate@CComControlBase@ATL@@QAEJXZ 10007478 f i ElectronicValueRW.obj
 0001:000064ff       ?IOleInPlaceObject_SetObjectRects@CComControlBase@ATL@@QAEJPBUtagRECT@@0@Z 100074ff f i ElectronicValueRW.obj
 0001:000065cc       ?IOleInPlaceObject_UIDeactivate@CComControlBase@ATL@@QAEJXZ 100075cc f i ElectronicValueRW.obj
 0001:0000668e       ?IOleObject_Advise@CComControlBase@ATL@@QAEJPAUIAdviseSink@@PAK@Z 1000768e f i ElectronicValueRW.obj
 0001:000066b8       ?IOleObject_Close@CComControlBase@ATL@@QAEJK@Z 100076b8 f i ElectronicValueRW.obj
 0001:0000679c       ?IOleObject_GetClientSite@CComControlBase@ATL@@QAEJPAPAUIOleClientSite@@@Z 1000779c f i ElectronicValueRW.obj
 0001:000067c5       ?IOleObject_SetClientSite@CComControlBase@ATL@@QAEJPAUIOleClientSite@@@Z 100077c5 f i ElectronicValueRW.obj
 0001:00006804       ?IOleObject_SetExtent@CComControlBase@ATL@@QAEJKPAUtagSIZE@@@Z 10007804 f i ElectronicValueRW.obj
 0001:000068b8       ?IPSI_GetIPersistStreamInit@?$IPersistStorageImpl@VCOPOSElectronicValueRW@@@ATL@@AAEPAUIPersistStreamInit@@XZ 100078b8 f i ElectronicValueRW.obj
 0001:000068fa       ?IPersistStreamInit_Load@?$IPersistStreamInitImpl@VCOPOSElectronicValueRW@@@ATL@@QAEJPAUIStream@@PBUATL_PROPMAP_ENTRY@2@@Z 100078fa f i ElectronicValueRW.obj
 0001:00006926       ?IPersistStreamInit_Save@?$IPersistStreamInitImpl@VCOPOSElectronicValueRW@@@ATL@@QAEJPAUIStream@@HPBUATL_PROPMAP_ENTRY@2@@Z 10007926 f i ElectronicValueRW.obj
 0001:0000695b       ?IQuickActivate_QuickActivate@CComControlBase@ATL@@QAEJPAUtagQACONTAINER@@PAUtagQACONTROL@@@Z 1000795b f i ElectronicValueRW.obj
 0001:00006b9d       ?IViewObject_Draw@CComControlBase@ATL@@QAEJKJPAXPAUtagDVTARGETDEVICE@@PAUHDC__@@2PBU_RECTL@@3@Z 10007b9d f i ElectronicValueRW.obj
 0001:00006c45       ?InPlaceActivate@CComControlBase@ATL@@QAEJJPBUtagRECT@@@Z 10007c45 f i ElectronicValueRW.obj
 0001:00006eb6       ?Init@?$CComEnumImpl@UIEnumConnectionPoints@@$1?_GUID_b196b285_bab4_101a_b69c_00aa00341d07@@3U__s_GUID@@BPAUIConnectionPoint@@V?$_CopyInterface@UIConnectionPoint@@@ATL@@@ATL@@QAEJPAPAUIConnectionPoint@@0PAUIUnknown@@W4CComEnumFlags@2@@Z 10007eb6 f i ElectronicValueRW.obj
 0001:00006f95       ?Init@?$CComEnumImpl@UIEnumConnections@@$1?_GUID_b196b287_bab4_101a_b69c_00aa00341d07@@3U__s_GUID@@BUtagCONNECTDATA@@V?$_Copy@UtagCONNECTDATA@@@ATL@@@ATL@@QAEJPAUtagCONNECTDATA@@0PAUIUnknown@@W4CComEnumFlags@2@@Z 10007f95 f i ElectronicValueRW.obj
 0001:00007074       ?Init@CComModule@ATL@@QAEJPAU_ATL_OBJMAP_ENTRY30@2@PAUHINSTANCE__@@PBU_GUID@@@Z 10008074 f i ElectronicValueRW.obj
 0001:000070d3       ?Init@CDynamicStdCallThunk2@ATL@@QAEHKPAX@Z 100080d3 f i ElectronicValueRW.obj
 0001:000070fe       ?InlineIsEqualUnknown@ATL@@YGHABU_GUID@@@Z 100080fe f i ElectronicValueRW.obj
 0001:00007126       ?InternalGetSite@CComControlBase@ATL@@QAEJABU_GUID@@PAPAX@Z 10008126 f i ElectronicValueRW.obj
 0001:00007154       ?InternalSetAtIndex@?$CSimpleMap@PA_WPA_WVCExpansionVectorEqualHelper@ATL@@@ATL@@QAEXHABQA_W0@Z 10008154 f i ElectronicValueRW.obj
 0001:0000717e       ?Invoke@CComTypeInfoHolder@ATL@@QAEJPAUIDispatch@@JABU_GUID@@KGPAUtagDISPPARAMS@@PAUtagVARIANT@@PAUtagEXCEPINFO@@PAI@Z 1000817e f i ElectronicValueRW.obj
 0001:000071c1       ?IsEqualObject@?$CComPtrBase@UIOleClientSite@@@ATL@@QAE_NPAUIUnknown@@@Z 100081c1 f i ElectronicValueRW.obj
 0001:000071c1       ?IsEqualObject@?$CComPtrBase@UITypeInfo@@@ATL@@QAE_NPAUIUnknown@@@Z 100081c1 f i ElectronicValueRW.obj
 0001:0000722e       ?IsSpace@CRegParser@ATL@@IAEH_W@Z 1000822e f i ElectronicValueRW.obj
 0001:00007258       ?LoadNameCache@CComTypeInfoHolder@ATL@@QAEJPAUITypeInfo@@@Z 10008258 f i ElectronicValueRW.obj
 0001:000073a6       ?Lookup@?$CSimpleMap@PA_WPA_WVCExpansionVectorEqualHelper@ATL@@@ATL@@QBEPA_WABQA_W@Z 100083a6 f i ElectronicValueRW.obj
 0001:000073cc       ?NextToken@CRegParser@ATL@@IAEJPA_W@Z 100083cc f i ElectronicValueRW.obj
 0001:00007504       ?OnKillFocus@CComControlBase@ATL@@QAEJIIJAAH@Z 10008504 f i ElectronicValueRW.obj
 0001:0000755f       ?OnMouseActivate@CComControlBase@ATL@@QAEJIIJAAH@Z 1000855f f i ElectronicValueRW.obj
 0001:000075cd       ?OnPaint@CComControlBase@ATL@@QAEJIIJAAH@Z 100085cd f i ElectronicValueRW.obj
 0001:0000767f       ?OnSetFocus@CComControlBase@ATL@@QAEJIIJAAH@Z 1000867f f i ElectronicValueRW.obj
 0001:00007708       ?Open@CRegKey@ATL@@QAEJPAUHKEY__@@PB_WK@Z 10008708 f i ElectronicValueRW.obj
 0001:00007751       ?PreProcessBuffer@CRegParser@ATL@@QAEJPA_WPAPA_W@Z 10008751 f i ElectronicValueRW.obj
 0001:000079bb       ?ProcessWindowMessage@?$CComControl@VCOPOSElectronicValueRW@@V?$CWindowImpl@VCOPOSElectronicValueRW@@VCWindow@ATL@@V?$CWinTraits@$0FGAAAAAA@$0A@@3@@ATL@@@ATL@@UAEHPAUHWND__@@IIJAAJK@Z 100089bb f i ElectronicValueRW.obj
 0001:00007a5a       ?PutProperty@?$CComPtr@UIDispatch@@@ATL@@SAJPAUIDispatch@@JPAUtagVARIANT@@@Z 10008a5a f i ElectronicValueRW.obj
 0001:00007aec       ?ReadFromStream@CComBSTR@ATL@@QAEJPAUIStream@@@Z 10008aec f i ElectronicValueRW.obj
 0001:00007c1a       ?ReadFromStream@CComVariant@ATL@@QAEJPAUIStream@@GTClassesAllowedInStream@2@K@Z 10008c1a f i ElectronicValueRW.obj
 0001:00007da0       ?RecurseDeleteKey@CRegKey@ATL@@QAEJPB_W@Z 10008da0 f i ElectronicValueRW.obj
 0001:00007e62       ?RegCreateKeyExW@CAtlTransactionManager@ATL@@QAEJPAUHKEY__@@PB_WKPA_WKKQAU_SECURITY_ATTRIBUTES@@PAPAU3@PAK@Z 10008e62 f i ElectronicValueRW.obj
 0001:00007ec5       ?RegDeleteKeyW@CAtlTransactionManager@ATL@@QAEJPAUHKEY__@@PB_W@Z 10008ec5 f i ElectronicValueRW.obj
 0001:00007f17       ?RegOpenKeyExW@CAtlTransactionManager@ATL@@QAEJPAUHKEY__@@PB_WKKPAPAU3@@Z 10008f17 f i ElectronicValueRW.obj
 0001:00007f6e       ?Register@_ATL_WNDCLASSINFOW@ATL@@QAEGPAP6GJPAUHWND__@@IIJ@Z@Z 10008f6e f i ElectronicValueRW.obj
 0001:00007f8e       ?RegisterBuffer@CRegParser@ATL@@QAEJPA_WH@Z 10008f8e f i ElectronicValueRW.obj
 0001:000080c7       ?RegisterFromResource@CRegObject@ATL@@IAEJPB_W00H@Z 100090c7 f i ElectronicValueRW.obj
 0001:000081fd       ?RegisterServer@?$CAtlModuleT@VCComModule@ATL@@@ATL@@QAEJHPBU_GUID@@@Z 100091fd f i ElectronicValueRW.obj
 0001:0000822b       ?RegisterServer@CComModule@ATL@@QAEJHPBU_GUID@@@Z 1000922b f i ElectronicValueRW.obj
 0001:000082a1       ?RegisterSubkeys@CRegParser@ATL@@IAEJPA_WPAUHKEY__@@HH@Z 100092a1 f i ElectronicValueRW.obj
 0001:00008870       ?Remove@CComDynamicUnkArray@ATL@@QAEHK@Z 10009870 f i ElectronicValueRW.obj
 0001:00008899       ?RemoveAll@?$CSimpleMap@PA_WPA_WVCExpansionVectorEqualHelper@ATL@@@ATL@@QAEXXZ 10009899 f i ElectronicValueRW.obj
 0001:000088c5       ?ResourceRegisterSz@CRegObject@ATL@@QAGJPB_W00@Z 100098c5 f i ElectronicValueRW.obj
 0001:000088f2       ?ResourceUnregisterSz@CRegObject@ATL@@QAGJPB_W00@Z 100098f2 f i ElectronicValueRW.obj
 0001:0000891f       ?SendOnDataChange@CComControlBase@ATL@@QAEJK@Z 1000991f f i ElectronicValueRW.obj
 0001:0000896c       ?SetControlFocus@CComControlBase@ATL@@QAEHH@Z 1000996c f i ElectronicValueRW.obj
 0001:00008a09       ?SetMultiStringValue@CRegKey@ATL@@QAEJPB_W0@Z 10009a09 f i ElectronicValueRW.obj
 0001:00008a65       ?SetStringValue@CRegKey@ATL@@QAEJPB_W0K@Z 10009a65 f i ElectronicValueRW.obj
 0001:00008aae       ?SkipAssignment@CRegParser@ATL@@IAEJPA_W@Z 10009aae f i ElectronicValueRW.obj
 0001:00008b13       ?SkipWhiteSpace@CRegParser@ATL@@IAEXXZ 10009b13 f i ElectronicValueRW.obj
 0001:00008b35       ?StrChrW@CRegParser@ATL@@KAPA_WPA_W_W@Z 10009b35 f i ElectronicValueRW.obj
 0001:00008b72       ?Term@CAtlModule@ATL@@QAEXXZ 10009b72 f i ElectronicValueRW.obj
 0001:00008bab       ?Term@CComModule@ATL@@QAEXXZ 10009bab f i ElectronicValueRW.obj
 0001:00008c03       ?UnregisterServer@?$CAtlModuleT@VCComModule@ATL@@@ATL@@QAEJHPBU_GUID@@@Z 10009c03 f i ElectronicValueRW.obj
 0001:00008c29       ?UnregisterServer@CComModule@ATL@@QAEJHPBU_GUID@@@Z 10009c29 f i ElectronicValueRW.obj
 0001:00008c9f       ?UpdateRegistryFromResource@CAtlModule@ATL@@QAGJIHPAU_ATL_REGMAP_ENTRY@2@@Z 10009c9f f i ElectronicValueRW.obj
 0001:00008e6a       ?UpdateRegistryFromResource@CAtlModule@ATL@@QAGJPB_WHPAU_ATL_REGMAP_ENTRY@2@@Z 10009e6a f i ElectronicValueRW.obj
 0001:0000903b       ?VTFromRegType@CRegParser@ATL@@KAHPB_WAAG@Z 1000a03b f i ElectronicValueRW.obj
 0001:000090a8       ?WindowProc@?$CWindowImplBaseT@VCWindow@ATL@@V?$CWinTraits@$0FGAAAAAA@$0A@@2@@ATL@@SGJPAUHWND__@@IIJ@Z 1000a0a8 f i ElectronicValueRW.obj
 0001:0000919a       ?WriteToStream@CComBSTR@ATL@@QAEJPAUIStream@@@Z 1000a19a f i ElectronicValueRW.obj
 0001:000091f1       ?WriteToStream@CComVariant@ATL@@QAEJPAUIStream@@@Z 1000a1f1 f i ElectronicValueRW.obj
 0001:0000936b       ?WriteToStream@CComVariant@ATL@@QAEJPAUIStream@@G@Z 1000a36b f i ElectronicValueRW.obj
 0001:000093d4       ?_AtlInitialConstruct@?$CComObjectRootEx@VCComMultiThreadModel@ATL@@@ATL@@QAEJXZ 1000a3d4 f i ElectronicValueRW.obj
 0001:000093e9       ?_AtlVerifyStackAvailable@_ATL_SAFE_ALLOCA_IMPL@ATL@@YA_NK@Z 1000a3e9 f i ElectronicValueRW.obj
 0001:00009467       ?copy@?$_Copy@UtagCONNECTDATA@@@ATL@@SAJPAUtagCONNECTDATA@@PBU3@@Z 1000a467 f i ElectronicValueRW.obj
 0001:0000949d       ?copy@?$_CopyInterface@UIConnectionPoint@@@ATL@@SAJPAPAUIConnectionPoint@@PBQAU3@@Z 1000a49d f i ElectronicValueRW.obj
 0001:000094cb       ?memcpy_s@Checked@ATL@@YAXPAXIPBXI@Z 1000a4cb f i ElectronicValueRW.obj
 0001:000094ea       ?ocscpy_s@@YA_NPA_WIPB_W@Z 1000a4ea f i ElectronicValueRW.obj
 0001:00009519       ?ocslen@@YAHPB_W@Z         1000a519 f i ElectronicValueRW.obj
 0001:00009539       ?wcscpy_s@Checked@ATL@@YAXPA_WIPB_W@Z 1000a539 f i ElectronicValueRW.obj
 0001:00009555       _DllCanUnloadNow@0         1000a555 f   ElectronicValueRW.obj
 0001:00009561       _DllGetClassObject@12      1000a561 f   ElectronicValueRW.obj
 0001:0000956f       _DllMain@12                1000a56f f   ElectronicValueRW.obj
 0001:000095b1       _DllRegisterServer@0       1000a5b1 f   ElectronicValueRW.obj
 0001:000095c0       _DllUnregisterServer@0     1000a5c0 f   ElectronicValueRW.obj
 0001:000095cf       _InlineIsEqualGUID         1000a5cf f i ElectronicValueRW.obj
 0001:000095ff       ___local_stdio_printf_options 1000a5ff f i ElectronicValueRW.obj
 0001:00009605       __vswprintf_s_l            1000a605 f i ElectronicValueRW.obj
 0001:000096b2       _swprintf_s                1000a6b2 f i ElectronicValueRW.obj
 0001:000096ce       ??0?$CComControl@VCOPOSElectronicValueRW@@V?$CWindowImpl@VCOPOSElectronicValueRW@@VCWindow@ATL@@V?$CWinTraits@$0FGAAAAAA@$0A@@3@@ATL@@@ATL@@QAE@XZ 1000a6ce f i ElectronicValueRWImpl.obj
 0001:000096f5       ??0?$CProxy_IOPOSEvents@VCOPOSElectronicValueRW@@@@QAE@XZ 1000a6f5 f i ElectronicValueRWImpl.obj
 0001:0000971b       ??0CComControlBase@ATL@@QAE@AAPAUHWND__@@@Z 1000a71b f i ElectronicValueRWImpl.obj
 0001:00009765       ??0COPOSElectronicValueRW@@QAE@XZ 1000a765 f   ElectronicValueRWImpl.obj
 0001:0000979b       ??1?$CComControl@VCOPOSElectronicValueRW@@V?$CWindowImpl@VCOPOSElectronicValueRW@@VCWindow@ATL@@V?$CWinTraits@$0FGAAAAAA@$0A@@3@@ATL@@@ATL@@UAE@XZ 1000a79b f i ElectronicValueRWImpl.obj
 0001:000097b4       ??1?$IConnectionPointImpl@VCOPOSElectronicValueRW@@$1?IID_IPropertyNotifySink@@3U_GUID@@BVCComDynamicUnkArray@ATL@@@ATL@@QAE@XZ 1000a7b4 f i ElectronicValueRWImpl.obj
 0001:000097b4       ??1?$IConnectionPointImpl@VCOPOSElectronicValueRW@@$1?DIID__IOPOSElectronicValueRWEvents@@3U_GUID@@BVCComDynamicUnkArray@ATL@@@ATL@@QAE@XZ 1000a7b4 f i ElectronicValueRWImpl.obj
 0001:000097f1       ??1CComControlBase@ATL@@UAE@XZ 1000a7f1 f i ElectronicValueRWImpl.obj
 0001:00009854       ??1COPOSElectronicValueRW@@UAE@XZ 1000a854 f   ElectronicValueRWImpl.obj
 0001:0000989c       ??1OposVariantResult@@QAE@XZ 1000a89c f i ElectronicValueRWImpl.obj
 0001:000098bd       ??1_CW@@QAE@XZ             1000a8bd f i ElectronicValueRWImpl.obj
 0001:000098d6       ?AccessData@COPOSElectronicValueRW@@UAGJJPAJPAPA_W0@Z 1000a8d6 f   ElectronicValueRWImpl.obj
 0001:00009984       ?AccessLog@COPOSElectronicValueRW@@UAGJJJJPAJ@Z 1000a984 f   ElectronicValueRWImpl.obj
 0001:00009a1a       ?ActivateEVService@COPOSElectronicValueRW@@UAGJPAJPAPA_W0@Z 1000aa1a f   ElectronicValueRWImpl.obj
 0001:00009a9a       ?ActivateService@COPOSElectronicValueRW@@UAGJPAJPAPA_W0@Z 1000aa9a f   ElectronicValueRWImpl.obj
 0001:00009b1a       ?AddValue@COPOSElectronicValueRW@@UAGJJJPAJ@Z 1000ab1a f   ElectronicValueRWImpl.obj
 0001:00009b8e       ?BeginDetection@COPOSElectronicValueRW@@UAGJJJPAJ@Z 1000ab8e f   ElectronicValueRWImpl.obj
 0001:00009c02       ?BeginRemoval@COPOSElectronicValueRW@@UAGJJPAJ@Z 1000ac02 f   ElectronicValueRWImpl.obj
 0001:00009c51       ?CancelValue@COPOSElectronicValueRW@@UAGJJJPAJ@Z 1000ac51 f   ElectronicValueRWImpl.obj
 0001:00009cc5       ?CaptureCard@COPOSElectronicValueRW@@UAGJPAJ@Z 1000acc5 f   ElectronicValueRWImpl.obj
 0001:00009ce0       ?CheckHealth@COPOSElectronicValueRW@@UAGJJPAJ@Z 1000ace0 f   ElectronicValueRWImpl.obj
 0001:00009d2f       ?CheckServiceRegistrationToMedium@COPOSElectronicValueRW@@UAGJJJPAJ@Z 1000ad2f f   ElectronicValueRWImpl.obj
 0001:00009da3       ?ClaimDevice@COPOSElectronicValueRW@@UAGJJPAJ@Z 1000ada3 f   ElectronicValueRWImpl.obj
 0001:00009e18       ?ClearInput@COPOSElectronicValueRW@@UAGJPAJ@Z 1000ae18 f   ElectronicValueRWImpl.obj
 0001:00009e33       ?ClearInputProperties@COPOSElectronicValueRW@@UAGJPAJ@Z 1000ae33 f   ElectronicValueRWImpl.obj
 0001:00009e4e       ?ClearOutput@COPOSElectronicValueRW@@UAGJPAJ@Z 1000ae4e f   ElectronicValueRWImpl.obj
 0001:00009e69       ?ClearParameterInformation@COPOSElectronicValueRW@@UAGJPAJ@Z 1000ae69 f   ElectronicValueRWImpl.obj
 0001:00009e84       ?Close@COPOSElectronicValueRW@@UAGJPAJ@Z 1000ae84 f   ElectronicValueRWImpl.obj
 0001:00009ef2       ?CloseDailyEVService@COPOSElectronicValueRW@@UAGJPAJPAPA_W0@Z 1000aef2 f   ElectronicValueRWImpl.obj
 0001:00009f72       ?CompareFirmwareVersion@COPOSElectronicValueRW@@UAGJPA_WPAJ1@Z 1000af72 f   ElectronicValueRWImpl.obj
 0001:00009ff2       ?DeactivateEVService@COPOSElectronicValueRW@@UAGJPAJPAPA_W0@Z 1000aff2 f   ElectronicValueRWImpl.obj
 0001:0000a072       ?DirectIO@COPOSElectronicValueRW@@UAGJJPAJPAPA_W0@Z 1000b072 f   ElectronicValueRWImpl.obj
 0001:0000a120       ?DoInvoke@COPOSElectronicValueRW@@IAEJJPAVOposVariant@@IHPAJ_N@Z 1000b120 f   ElectronicValueRWImpl.obj
 0001:0000a1e2       ?EndDetection@COPOSElectronicValueRW@@UAGJPAJ@Z 1000b1e2 f   ElectronicValueRWImpl.obj
 0001:0000a1fd       ?EndRemoval@COPOSElectronicValueRW@@UAGJPAJ@Z 1000b1fd f   ElectronicValueRWImpl.obj
 0001:0000a218       ?EnumerateCardServices@COPOSElectronicValueRW@@UAGJPAJ@Z 1000b218 f   ElectronicValueRWImpl.obj
 0001:0000a233       ?EventClose@COPOSElectronicValueRW@@IAEXXZ 1000b233 f i ElectronicValueRWImpl.obj
 0001:0000a266       ?EventInit@COPOSElectronicValueRW@@IAEJXZ 1000b266 f i ElectronicValueRWImpl.obj
 0001:0000a332       ?EventUninit@COPOSElectronicValueRW@@IAEXXZ 1000b332 f i ElectronicValueRWImpl.obj
 0001:0000a384       ?EventWindowProc@COPOSElectronicValueRW@@IAGJIIJ@Z 1000b384 f i ElectronicValueRWImpl.obj
 0001:0000a4b9       ?FinalConstruct@COPOSElectronicValueRW@@QAEJXZ 1000b4b9 f   ElectronicValueRWImpl.obj
 0001:0000a4f2       ?FireEventCleanup@COPOSElectronicValueRW@@IAEXXZ 1000b4f2 f i ElectronicValueRWImpl.obj
 0001:0000a508       ?FireEventSetup@COPOSElectronicValueRW@@IAE_NXZ 1000b508 f i ElectronicValueRWImpl.obj
 0001:0000a53c       ?FreezeEvents@COPOSElectronicValueRW@@MAGJH@Z 1000b53c f   ElectronicValueRWImpl.obj
 0001:0000a59c       ?GetOposProp@COPOSElectronicValueRW@@IAEJJPAFJ@Z 1000b59c f   ElectronicValueRWImpl.obj
 0001:0000a5bf       ?GetOposProp@COPOSElectronicValueRW@@IAEJJPAJJ@Z 1000b5bf f   ElectronicValueRWImpl.obj
 0001:0000a67d       ?GetOposProp@COPOSElectronicValueRW@@IAEJJPAPA_WJ@Z 1000b67d f   ElectronicValueRWImpl.obj
 0001:0000a748       ?LockTerminal@COPOSElectronicValueRW@@UAGJPAJ@Z 1000b748 f   ElectronicValueRWImpl.obj
 0001:0000a763       ?OnDraw@COPOSElectronicValueRW@@MAEJAAUATL_DRAWINFO@@@Z 1000b763 f   ElectronicValueRWImpl.obj
 0001:0000a803       ?Open@COPOSElectronicValueRW@@UAGJPA_WPAJ@Z 1000b803 f   ElectronicValueRWImpl.obj
[...]
 0002:000030e8       ?candidate_modules@?1??try_get_LocaleNameToLCID@@YAP6GKPB_WK@ZXZ@4QBW4module_id@?A0x391cf84c@@B 100230e8     libucrt:winapi_thunks.obj
 0002:00003104       ?candidate_modules@?1??try_get_AppPolicyGetProcessTerminationMethod@@YAP6GJPAXPAW4AppPolicyProcessTerminationMethod@@@ZXZ@4QBW4module_id@?A0x391cf84c@@B 10023104     libucrt:winapi_thunks.obj
 0002:00003130       ?candidate_modules@?1??try_get_SetThreadStackGuarantee@@YAP6GHPAK@ZXZ@4QBW4module_id@?A0x391cf84c@@B 10023130     libucrt:winapi_thunks.obj
 0002:0000365c       ?_mb_locale_names@@3QBQB_WB 1002365c     libucrt:mbctype.obj
 0002:00003ea8       ?LcidToLocaleNameTable@?A0x881e4c05@@3QBULcidToLocaleName@1@B 10023ea8     libucrt:lcidtoname_downlevel.obj
 0002:00004fd0       ?LocaleNameToIndexTable@?A0x881e4c05@@3QBULocaleNameIndex@1@B 10024fd0     libucrt:lcidtoname_downlevel.obj
 0002:00006910       LOG_name                   10026910     libucrt:log10.obj
 0002:00006920       _One                       10026920     libucrt:ceil_pentium4.obj
 0002:00006930       _Bns                       10026930     libucrt:ceil_pentium4.obj
 0002:00006940       _Zero                      10026940     libucrt:ceil_pentium4.obj
 0002:00006950       _S                         10026950     libucrt:ceil_pentium4.obj
 0002:00006960       _NegZero                   10026960     libucrt:ceil_pentium4.obj
 0002:00006970       emask                      10026970     libucrt:log10_pentium4.obj
 0002:00006980       CC                         10026980     libucrt:log10_pentium4.obj
 0002:00006990       Magic                      10026990     libucrt:log10_pentium4.obj
 0002:000069a0       hi_mask                    100269a0     libucrt:log10_pentium4.obj
 0002:000069b0       LOG10_2                    100269b0     libucrt:log10_pentium4.obj
 0002:000069c0       place_L                    100269c0     libucrt:log10_pentium4.obj
 0002:000069e0       One                        100269e0     libucrt:log10_pentium4.obj
 0002:000069f0       Zero                       100269f0     libucrt:log10_pentium4.obj
 0002:00006a00       Two52                      10026a00     libucrt:log10_pentium4.obj
 0002:00006a10       Infs                       10026a10     libucrt:log10_pentium4.obj
 0002:00006a20       NaN                        10026a20     libucrt:log10_pentium4.obj
 0002:00006a30       coeff                      10026a30     libucrt:log10_pentium4.obj
 0002:00006a8e       _log2max                   10026a8e     libucrt:87tran.obj
 0002:00006a98       _smallarg                  10026a98     libucrt:87tran.obj
 0002:00006aa2       _half                      10026aa2     libucrt:87tran.obj
 0002:00006aee       One                        10026aee     libucrt:87disp.obj
 0002:00006af6       Three                      10026af6     libucrt:87disp.obj
 0002:00006afe       XAMtoTagTab                10026afe     libucrt:87disp.obj
 0002:00006b10       One                        10026b10     libucrt:common.obj
 0002:00006b24       DblMax                     10026b24     libucrt:common.obj
 0002:00006b2c       DblMin                     10026b2c     libucrt:common.obj
 0002:00006b34       IeeeAdjO                   10026b34     libucrt:common.obj
 0002:00006b3c       IeeeAdjU                   10026b3c     libucrt:common.obj
 0002:00006b44       _infinity                  10026b44     libucrt:common.obj
 0002:00006b4c       _zero                      10026b4c     libucrt:common.obj
 0002:00006b88       _over                      10026b88     libucrt:fpctrl.obj
 0002:00006b94       _under                     10026b94     libucrt:fpctrl.obj
 0002:000073c8       ?_names@?1??_get_fname@@9@9 100273c8     libucrt:fpexcept.obj
 0002:00007c30       __sehtable$?_AtlVerifyStackAvailable@_ATL_SAFE_ALLOCA_IMPL@ATL@@YA_NK@Z 10027c30     ElectronicValueRW.obj
 0002:00007c50       __sehtable$___scrt_is_nonwritable_in_current_image 10027c50     LIBCMT:utility.obj
 0002:00007c6c       __ehfuncinfo$?__scrt_initialize_thread_safe_statics_platform_specific@@YAXXZ 10027c6c     LIBCMT:thread_safe_statics.obj
 0002:00007c90       __catchsym$??2@YAPAXIABUnothrow_t@std@@@Z$2 10027c90     LIBCMT:new_scalar_nothrow.obj
 0002:00007ca0       __unwindtable$??2@YAPAXIABUnothrow_t@std@@@Z 10027ca0     LIBCMT:new_scalar_nothrow.obj
 0002:00007cb0       __tryblocktable$??2@YAPAXIABUnothrow_t@std@@@Z 10027cb0     LIBCMT:new_scalar_nothrow.obj
 0002:00007cc4       __ehfuncinfo$??2@YAPAXIABUnothrow_t@std@@@Z 10027cc4     LIBCMT:new_scalar_nothrow.obj
 0002:00007ce8       __sehtable$?dllmain_crt_process_attach@@YAHQAUHINSTANCE__@@QAX@Z 10027ce8     LIBCMT:dll_dllmain.obj
 0002:00007d08       __sehtable$?dllmain_crt_process_detach@@YAH_N@Z 10027d08     LIBCMT:dll_dllmain.obj
 0002:00007d28       __sehtable$?dllmain_dispatch@@YAHQAUHINSTANCE__@@KQAX@Z 10027d28     LIBCMT:dll_dllmain.obj
 0002:00007dd8       __sehtable$?FrameUnwindToState@__FrameHandler3@@SAXPAUEHRegistrationNode@@PAXPBU_s_FuncInfo@@H@Z 10027dd8     libvcruntime:frame.obj
 0002:00007e00       __sehtable$?CallCatchBlock@@YAPAXPAUEHExceptionRecord@@PAUEHRegistrationNode@@PAU_CONTEXT@@PBU_s_FuncInfo@@PAXHK@Z 10027e00     libvcruntime:frame.obj
 0002:00007e28       __catchsym$?CallUnexpected@@YAXPBU_s_ESTypeList@@@Z$2 10027e28     libvcruntime:frame.obj
 0002:00007e38       __unwindtable$?CallUnexpected@@YAXPBU_s_ESTypeList@@@Z 10027e38     libvcruntime:frame.obj
 0002:00007e48       __tryblocktable$?CallUnexpected@@YAXPBU_s_ESTypeList@@@Z 10027e48     libvcruntime:frame.obj
 0002:00007e5c       __ehfuncinfo$?CallUnexpected@@YAXPBU_s_ESTypeList@@@Z 10027e5c     libvcruntime:frame.obj
 0002:00007e80       __sehtable$??$BuildCatchObjectHelperInternal@$$CBU_s_HandlerType@@@@YAHPAUEHExceptionRecord@@PAXPBU_s_HandlerType@@PBU_s_CatchableType@@@Z 10027e80     libvcruntime:frame.obj
 0002:00007ea0       __sehtable$??$BuildCatchObjectInternal@$$CBU_s_HandlerType@@@@YAXPAUEHExceptionRecord@@PAXPBU_s_HandlerType@@PBU_s_CatchableType@@@Z 10027ea0     libvcruntime:frame.obj
 0002:00007ef8       __sehtable$___DestructExceptionObject 10027ef8     libvcruntime:ehhelpers.obj
 0002:00007f18       __sehtable$??R<lambda_6e4b09c48022b2350581041d5f6b0c4c>@@QBE@XZ 10027f18     libucrt:exit.obj
 0002:00007f38       __sehtable$??$?RV<lambda_03b1d95aef87969028cfba75ccab2455>@@AAV<lambda_6e4b09c48022b2350581041d5f6b0c4c>@@V<lambda_22bdf7517842c4b3e53723af5aa32b9e>@@@?$__crt_seh_guarded_call@X@@QAEX$$QAV<lambda_03b1d95aef87969028cfba75ccab2455>@@AAV<lambda_6e4b09c48022b2350581041d5f6b0c4c>@@$$QAV<lambda_22bdf7517842c4b3e53723af5aa32b9e>@@@Z 10027f38     libucrt:exit.obj
 0002:00007f58       __sehtable$??$?RV<lambda_8e746cf0007f6ed984d6f78af1fec997>@@AAV<lambda_22ebabd17bc4fa466a2aca6d8deb888d>@@V<lambda_18ed0c0b38a6dc0daf1e7ac6d6adf05e>@@@?$__crt_seh_guarded_call@H@@QAEH$$QAV<lambda_8e746cf0007f6ed984d6f78af1fec997>@@AAV<lambda_22ebabd17bc4fa466a2aca6d8deb888d>@@$$QAV<lambda_18ed0c0b38a6dc0daf1e7ac6d6adf05e>@@@Z 10027f58     libucrt:onexit.obj
 0002:00007f78       __sehtable$??$?RV<lambda_69a2805e680e0e292e8ba93315fe43a8>@@AAV<lambda_f03950bc5685219e0bcd2087efbe011e>@@V<lambda_03fcd07e894ec930e3f35da366ca99d6>@@@?$__crt_seh_guarded_call@H@@QAEH$$QAV<lambda_69a2805e680e0e292e8ba93315fe43a8>@@AAV<lambda_f03950bc5685219e0bcd2087efbe011e>@@$$QAV<lambda_03fcd07e894ec930e3f35da366ca99d6>@@@Z 10027f78     libucrt:onexit.obj
 0002:00007f98       __sehtable$__query_new_handler 10027f98     libucrt:new_handler.obj
 0002:00007fb8       __sehtable$_terminate      10027fb8     libucrt:terminate.obj
 0002:00007fd8       __sehtable$??$?RV<lambda_15ade71b0218206bbe3333a0c9b79046>@@AAV<lambda_da44e0f8b0f19ba52fefafb335991732>@@V<lambda_207f2d024fc103971653565357d6cd41>@@@?$__crt_seh_guarded_call@X@@QAEX$$QAV<lambda_15ade71b0218206bbe3333a0c9b79046>@@AAV<lambda_da44e0f8b0f19ba52fefafb335991732>@@$$QAV<lambda_207f2d024fc103971653565357d6cd41>@@@Z 10027fd8     libucrt:per_thread_data.obj
 0002:00007ff8       __sehtable$??$?RV<lambda_a7e850c220f1c8d1e6efeecdedd162c6>@@AAV<lambda_46720907175c18b6c9d2717bc0d2d362>@@V<lambda_9048902d66e8d99359bc9897bbb930a8>@@@?$__crt_seh_guarded_call@X@@QAEX$$QAV<lambda_a7e850c220f1c8d1e6efeecdedd162c6>@@AAV<lambda_46720907175c18b6c9d2717bc0d2d362>@@$$QAV<lambda_9048902d66e8d99359bc9897bbb930a8>@@@Z 10027ff8     libucrt:per_thread_data.obj
 0002:00008018       __sehtable$??$?RV<lambda_38edbb1296d33220d7e4dd0ed76b244a>@@AAV<lambda_5ce1d447e08cb34b2473517608e21441>@@V<lambda_fb385d3da700c9147fc39e65dd577a8c>@@@?$__crt_seh_guarded_call@X@@QAEX$$QAV<lambda_38edbb1296d33220d7e4dd0ed76b244a>@@AAV<lambda_5ce1d447e08cb34b2473517608e21441>@@$$QAV<lambda_fb385d3da700c9147fc39e65dd577a8c>@@@Z 10028018     libucrt:per_thread_data.obj
 0002:00008038       __sehtable$??$?RV<lambda_6affb1475c98b40b75cdec977db92e3c>@@AAV<lambda_b8d4b9c228a6ecc3f80208dbb4b4a104>@@V<lambda_608742c3c92a14382c1684fc64f96c88>@@@?$__crt_seh_guarded_call@X@@QAEX$$QAV<lambda_6affb1475c98b40b75cdec977db92e3c>@@AAV<lambda_b8d4b9c228a6ecc3f80208dbb4b4a104>@@$$QAV<lambda_608742c3c92a14382c1684fc64f96c88>@@@Z 10028038     libucrt:per_thread_data.obj
 0002:00008058       __sehtable$??$?RV<lambda_e5124f882df8998aaf41531e079ba474>@@AAV<lambda_3e16ef9562a7dcce91392c22ab16ea36>@@V<lambda_e25ca0880e6ef98be67edffd8c599615>@@@?$__crt_seh_guarded_call@X@@QAEX$$QAV<lambda_e5124f882df8998aaf41531e079ba474>@@AAV<lambda_3e16ef9562a7dcce91392c22ab16ea36>@@$$QAV<lambda_e25ca0880e6ef98be67edffd8c599615>@@@Z 10028058     libucrt:wsetlocale.obj
 0002:00008078       __sehtable$___acrt_initialize_lowio 10028078     libucrt:ioinit.obj
 0002:00008098       __sehtable$?update_thread_multibyte_data_internal@@YAPAU__crt_multibyte_data@@QAU__acrt_ptd@@QAU1@@Z 10028098     libucrt:mbctype.obj
 0002:000080b8       __sehtable$??$?RV<lambda_ceb1ee4838e85a9d631eb091e2fbe199>@@AAV<lambda_ae742caa10f662c28703da3d2ea5e57e>@@V<lambda_cd08b5d6af4937fe54fc07d0c9bf6b37>@@@?$__crt_seh_guarded_call@X@@QAEX$$QAV<lambda_ceb1ee4838e85a9d631eb091e2fbe199>@@AAV<lambda_ae742caa10f662c28703da3d2ea5e57e>@@$$QAV<lambda_cd08b5d6af4937fe54fc07d0c9bf6b37>@@@Z 100280b8     libucrt:mbctype.obj
 0002:000080d8       __sehtable$_raise          100280d8     libucrt:signal.obj
 0002:000080f8       __sehtable$??$?RV<lambda_cbab9ec6f41b0180b23cc171c22676b0>@@AAV<lambda_44731a7d0e6d81c3e6aa82d741081786>@@V<lambda_4b292cb8dd18144e164572427af410ab>@@@?$__crt_seh_guarded_call@P6AXH@Z@@QAEP6AXH@Z$$QAV<lambda_cbab9ec6f41b0180b23cc171c22676b0>@@AAV<lambda_44731a7d0e6d81c3e6aa82d741081786>@@$$QAV<lambda_4b292cb8dd18144e164572427af410ab>@@@Z 100280f8     libucrt:signal.obj
 0002:00008118       __sehtable$___acrt_update_thread_locale_data 10028118     libucrt:locale_refcounting.obj
 0002:00008138       __sehtable$__fcloseall     10028138     libucrt:closeall.obj
 0002:00008158       __sehtable$??$?RV<lambda_2866be3712abc81a800a822484c830d8>@@AAV<lambda_39ca0ed439415581b5b15c265174cece>@@V<lambda_2b24c74d71094a6cd0cb82e44167d71b>@@@?$__crt_seh_guarded_call@X@@QAEX$$QAV<lambda_2866be3712abc81a800a822484c830d8>@@AAV<lambda_39ca0ed439415581b5b15c265174cece>@@$$QAV<lambda_2b24c74d71094a6cd0cb82e44167d71b>@@@Z 10028158     libucrt:fflush.obj
 0002:00008178       __sehtable$??$?RV<lambda_2cc53f568c5a2bb6f192f930a45d44ea>@@AAV<lambda_ab61a845afdef5b7c387490eaf3616ee>@@V<lambda_c2ffc0b7726aa6be21d5f0026187e748>@@@?$__crt_seh_guarded_call@X@@QAEX$$QAV<lambda_2cc53f568c5a2bb6f192f930a45d44ea>@@AAV<lambda_ab61a845afdef5b7c387490eaf3616ee>@@$$QAV<lambda_c2ffc0b7726aa6be21d5f0026187e748>@@@Z 10028178     libucrt:fflush.obj
 0002:00008198       __sehtable$___acrt_lowio_ensure_fh_exists 10028198     libucrt:osfinfo.obj
 0002:000081b8       __sehtable$__write         100281b8     libucrt:write.obj
 0002:000081d8       __sehtable$_fclose         100281d8     libucrt:fclose.obj
 0002:000081f8       __sehtable$??$?RV<lambda_9e9de3de5fa147e2223d7db92bc10aa6>@@AAV<lambda_38ce7e780aa69e748d6df282ebc68efe>@@V<lambda_8ca6da459f0f6780f1cff60fdc3d00e5>@@@?$__crt_seh_guarded_call@H@@QAEH$$QAV<lambda_9e9de3de5fa147e2223d7db92bc10aa6>@@AAV<lambda_38ce7e780aa69e748d6df282ebc68efe>@@$$QAV<lambda_8ca6da459f0f6780f1cff60fdc3d00e5>@@@Z 100281f8     libucrt:commit.obj
 0002:00008218       __sehtable$??$?RV<lambda_218ce3db14220d0be481dae8ef3383b6>@@AAV<lambda_628dfdc04ba53c8bfc02c9951375f3f5>@@V<lambda_57dc472bd5c9d5f3b2cbca59b8a843ae>@@@?$__crt_seh_guarded_call@H@@QAEH$$QAV<lambda_218ce3db14220d0be481dae8ef3383b6>@@AAV<lambda_628dfdc04ba53c8bfc02c9951375f3f5>@@$$QAV<lambda_57dc472bd5c9d5f3b2cbca59b8a843ae>@@@Z 10028218     libucrt:close.obj
 0002:00008238       __sehtable$__IsNonwritableInCurrentImage 10028238     LIBCMT:pesect.obj
 0002:00008260       .edata                     10028260     OPOSElectronicValueRW.exp
 0002:00008288       rgpv                       10028288     OPOSElectronicValueRW.exp
 0002:00008298       rgszName                   10028298     OPOSElectronicValueRW.exp
 0002:000082a8       rgwOrd                     100282a8     OPOSElectronicValueRW.exp
 0002:000082b0       szName                     100282b0     OPOSElectronicValueRW.exp
 0002:000082ca       $N00001                    100282ca     OPOSElectronicValueRW.exp
 0002:000082da       $N00002                    100282da     OPOSElectronicValueRW.exp
 0002:000082ec       $N00003                    100282ec     OPOSElectronicValueRW.exp
 0002:000082fe       $N00004                    100282fe     OPOSElectronicValueRW.exp
 0002:00008918       .idata$6                   10028918     kernel32:KERNEL32.dll
 0002:00008b2c       .idata$6                   10028b2c     user32:USER32.dll
 0002:00008c60       .idata$6                   10028c60     gdi32:GDI32.dll
 0002:00008d06       .idata$6                   10028d06     advapi32:ADVAPI32.dll
 0002:00008e22       .idata$6                   10028e22     ole32:ole32.dll
 0002:00008e2c       .idata$6                   10028e2c     oleaut32:OLEAUT32.dll
 0003:00000110       ?ObjectMap@@3PAU_ATL_OBJMAP_ENTRY30@ATL@@A 1002a110     ElectronicValueRW.obj
 0003:000001d0       ?s_SOMethodNames@@3PAPADA  1002a1d0     ElectronicValueRWImpl.obj
 0003:000002b8       ?s_RequiredMethodsPerRelease@@3PAHA 1002a2b8     ElectronicValueRWImpl.obj
 0003:000002e0       ?__vcrt_flsindex@@3KA      1002a2e0     libvcruntime:per_thread_data.obj
 0003:00000300       ?errno_no_memory@@3HA      1002a300     libucrt:errno.obj
 0003:00000304       ?doserrno_no_memory@@3KA   1002a304     libucrt:errno.obj
 0003:00000310       ?__acrt_flsindex@@3KA      1002a310     libucrt:per_thread_data.obj
 0003:00000488       __mbctypes                 1002a488     libucrt:mbctype.obj
 0003:00000590       __mbcasemaps               1002a590     libucrt:mbctype.obj
 0003:00000690       ?__rgctypeflag@@3PADA      1002a690     libucrt:mbctype.obj
 0003:00000698       ?__rgcode_page_info@@3PAUcode_page_info@@A 1002a698     libucrt:mbctype.obj
 0003:00000ba0       ?is_initialized_as_dll@@3_NA 1002aba0     LIBCMT:utility.obj
 0003:00000ba1       ?module_local_atexit_table_initialized@@3_NA 1002aba1     LIBCMT:utility.obj
 0003:00000ba4       ?module_local_atexit_table@@3U_onexit_table_t@@A 1002aba4     LIBCMT:utility.obj
 0003:00000bb0       ?module_local_at_quick_exit_table@@3U_onexit_table_t@@A 1002abb0     LIBCMT:utility.obj
 0003:00000bbc       ?_Tss_mutex@@3U_RTL_CRITICAL_SECTION@@A 1002abbc     LIBCMT:thread_safe_statics.obj
 0003:00000bd4       ?_Tss_cv@@3U_RTL_CONDITION_VARIABLE@@A 1002abd4     LIBCMT:thread_safe_statics.obj
 0003:00000bd8       ?_Tss_event@@3PAXA         1002abd8     LIBCMT:thread_safe_statics.obj
 0003:00000bdc       ?encoded_sleep_condition_variable_cs@@3P6GHPAU_RTL_CONDITION_VARIABLE@@PAU_RTL_CRITICAL_SECTION@@K@ZA 1002abdc     LIBCMT:thread_safe_statics.obj
 0003:00000be0       ?encoded_wake_all_condition_variable@@3P6GXPAU_RTL_CONDITION_VARIABLE@@@ZA 1002abe0     LIBCMT:thread_safe_statics.obj
 0003:00000be8       _GS_ExceptionRecord        1002abe8     LIBCMT:gs_report.obj
 0003:00000c38       _GS_ContextRecord          1002ac38     LIBCMT:gs_report.obj
 0003:00000f08       ?__proc_attached@@3HA      1002af08     LIBCMT:dll_dllmain.obj
 0003:00000f64       ?AllocateData@@3P6GPAUAtlThunkData_t@@XZA 1002af64     atls:atlthunk.obj
 0003:00000f68       ?InitData@@3P6GXPAUAtlThunkData_t@@PAXI@ZA 1002af68     atls:atlthunk.obj
 0003:00000f6c       ?DataToCode@@3P6GP6GJPAUHWND__@@IIJ@ZPAUAtlThunkData_t@@@ZA 1002af6c     atls:atlthunk.obj
 0003:00000f70       ?FreeData@@3P6GXPAUAtlThunkData_t@@@ZA 1002af70     atls:atlthunk.obj
 0003:00000f74       ?Initialized@@3_NA         1002af74     atls:atlthunk.obj
 0003:00000f80       ?__vcrt_startup_thread_ptd@@3U__vcrt_ptd@@A 1002af80     libvcruntime:per_thread_data.obj
 0003:00000fa8       ___vcrt_lock_table         1002afa8     libvcruntime:locks.obj
 0003:00000fc0       ___vcrt_locks_initialized  1002afc0     libvcruntime:locks.obj
 0003:00000fc4       ?module_handles@@3PAPAUHINSTANCE__@@A 1002afc4     libvcruntime:winapi_downlevel.obj
 0003:00000fd0       ?encoded_function_pointers@@3PAPAXA 1002afd0     libvcruntime:winapi_downlevel.obj
 0003:0000100c       ?heap@@3V_HeapManager@@A   1002b00c     libvcruntime:undname.obj
 0003:00001024       ?__acrt_invalid_parameter_handler@@3V?$dual_state_global@P6AXPB_W00II@Z@__crt_state_management@@A 1002b024     libucrt:invalid_parameter.obj
 0003:00001028       ?c_termination_complete@@3JA 1002b028     libucrt:exit.obj
 0003:0000102c       ?thread_local_exit_callback_func@@3P6GXPAXK0@ZA 1002b02c     libucrt:exit.obj
 0003:00001038       ?program_name@?1???$common_configure_argv@D@@YAHW4_crt_argv_mode@@@Z@4PADA 1002b038     libucrt:argv_parsing.obj
 0003:00001168       ?__acrt_new_handler@@3V?$dual_state_global@P6AHI@Z@__crt_state_management@@A 1002b168     libucrt:new_handler.obj
 0003:00001170       ?module_handles@@3PAPAUHINSTANCE__@@A 1002b170     libucrt:winapi_thunks.obj
 0003:000011c0       ?encoded_function_pointers@@3PAPAXA 1002b1c0     libucrt:winapi_thunks.obj
 0003:00001250       ?enable_percent_n@@3IA     1002b250     libucrt:printf_count_output.obj
 0003:00001470       ?__acrt_lock_table@@3PAU_RTL_CRITICAL_SECTION@@A 1002b470     libucrt:locks.obj
 0003:000015c0       ?__acrt_locks_initialized@@3IA 1002b5c0     libucrt:locks.obj
 0003:000015d0       ?fSystemSet@@3HA           1002b5d0     libucrt:mbctype.obj
 0003:000015d4       ?initialized@?1??__acrt_initialize_multibyte@@9@4_NA 1002b5d4     libucrt:mbctype.obj
 0003:000015f4       ?ctrlc_action@@3V?$dual_state_global@P6AXH@Z@__crt_state_management@@A 1002b5f4     libucrt:signal.obj
 0003:000015f8       ?ctrlbreak_action@@3V?$dual_state_global@P6AXH@Z@__crt_state_management@@A 1002b5f8     libucrt:signal.obj
 0003:000015fc       ?abort_action@@3V?$dual_state_global@P6AXH@Z@__crt_state_management@@A 1002b5fc     libucrt:signal.obj
 0003:00001600       ?term_action@@3V?$dual_state_global@P6AXH@Z@__crt_state_management@@A 1002b600     libucrt:signal.obj
 0003:00001604       ?user_matherr@@3V?$dual_state_global@P6AHPAU_exception@@@Z@__crt_state_management@@A 1002b604     libucrt:matherr.obj
 0003:00001608       ?__acrt_global_new_mode@@3V?$dual_state_global@J@__crt_state_management@@A 1002b608     libucrt:new_mode.obj
 0003:00001614       ?__acrt_app_type@@3W4_crt_app_type@@A 1002b614     libucrt:report_runtime_error.obj
 0003:0000161c       __pmatherr_set             1002b61c     libucrt:libm_error.obj
 0004:00000220       $R000000                   1002c220     ElectronicValueRW.res
 0004:00000bb8       $R000998                   1002cbb8     ElectronicValueRW.res
 0004:00000ca0       $R000A80                   1002cca0     ElectronicValueRW.res
 0004:00000f08       $R000CE8                   1002cf08     ElectronicValueRW.res
 0004:00001418       $R0011F8                   1002d418     ElectronicValueRW.res
 0004:00006a58       $R006838                   10032a58     ElectronicValueRW.res
 0004:00006aa0       $R006880                   10032aa0     ElectronicValueRW.res
