 OPOSMICR

 Timestamp is 5d429eb4 (Thu Aug  1 17:11:32 2019)

 Preferred load address is 10000000

 Start         Length     Name                   Class
 0001:00000000 00000080H .text$di                CODE
 0001:00000080 0001d413H .text$mn                CODE
 0001:0001d493 00000036H .text$x                 CODE
 0001:0001d4c9 00000042H .text$yd                CODE
 0002:00000000 000002fcH .idata$5                DATA
 0002:000002fc 00000004H .00cfg                  DATA
 0002:00000300 00000004H .CRT$XCA                DATA
 0002:00000304 00000004H .CRT$XCL                DATA
 0002:00000308 00000010H .CRT$XCU                DATA
 0002:00000318 00000004H .CRT$XCZ                DATA
 0002:0000031c 00000004H .CRT$XIA                DATA
 0002:00000320 00000010H .CRT$XIC                DATA
 0002:00000330 00000004H .CRT$XIZ                DATA
 0002:00000334 00000004H .CRT$XLA                DATA
 0002:00000338 00000004H .CRT$XLZ                DATA
 0002:0000033c 00000004H .CRT$XPA                DATA
 0002:00000340 00000008H .CRT$XPX                DATA
 0002:00000348 00000004H .CRT$XPXA               DATA
 0002:0000034c 00000004H .CRT$XPZ                DATA
 0002:00000350 00000004H .CRT$XTA                DATA
 0002:00000354 0000000cH .CRT$XTZ                DATA
 0002:00000358 00000000H .gfids$y                DATA
 0002:00000360 00006d4cH .rdata                  DATA
 0002:000070ac 00000018H .rdata$T                DATA
 0002:000070c4 0000017cH .rdata$r                DATA
 0002:00007240 0000001cH .rdata$sxdata           DATA
 0002:0000725c 000003d8H .rdata$zzzdbg           DATA
 0002:00007634 00000004H .rtc$IAA                DATA
 0002:00007638 00000004H .rtc$IZZ                DATA
 0002:0000763c 00000004H .rtc$TAA                DATA
 0002:00007640 00000004H .rtc$TZZ                DATA
 0002:00007644 00000004H .tls                    DATA
 0002:00007648 00000004H .tls$                   DATA
 0002:0000764c 00000004H .tls$ZZZ                DATA
 0002:00007650 00000604H .xdata$x                DATA
 0002:00007c54 00000004H ATL$__a                 DATA
 0002:00007c58 00000008H ATL$__z                 DATA
 0002:00007c60 000000a8H .edata                  DATA
 0002:00007d08 00000078H .idata$2                DATA
 0002:00007d80 00000014H .idata$3                DATA
 0002:00007d94 000002fcH .idata$4                DATA
 0002:00008090 00000bc8H .idata$6                DATA
 0003:00000000 00000aa0H .data                   DATA
 0003:00000aa0 00000098H .data$r                 DATA
 0003:00000b38 00000b80H .bss                    DATA
 0004:00000000 00000220H .rsrc$01                DATA
 0004:00000220 00003fc0H .rsrc$02                DATA

  Address         Publics by Value              Rva+Base       Lib:Object

 0000:00000000       ___guard_fids_count        00000000     <absolute>
 0000:00000000       ___hybrid_code_map_count   00000000     <absolute>
 0000:00000000       ___guard_iat_count         00000000     <absolute>
 0000:00000000       ___hybrid_auxiliary_iat    00000000     <absolute>
 0000:00000000       ___volatile_metadata       00000000     <absolute>
 0000:00000000       ___dynamic_value_reloc_table 00000000     <absolute>
 0000:00000000       ___guard_longjmp_count     00000000     <absolute>
 0000:00000000       ___guard_fids_table        00000000     <absolute>
 0000:00000000       ___guard_longjmp_table     00000000     <absolute>
 0000:00000000       ___AbsoluteZero            00000000     <absolute>
 0000:00000000       __except_list              00000000     <absolute>
 0000:00000000       ___guard_iat_table         00000000     <absolute>
 0000:00000000       ___enclave_config          00000000     <absolute>
 0000:00000000       ___hybrid_code_map         00000000     <absolute>
 0000:00000007       ___safe_se_handler_count   00000007     <absolute>
 0000:0000002c       __tls_array                0000002c     <absolute>
 0000:00000100       ___guard_flags             00000100     <absolute>
 0000:00000000       ___ImageBase               10000000     <linker-defined>
 0001:00000080       ?DupWide@_CW@@AAEXXZ       10001080 f   CWString.obj
 0001:0000009c       ?cw_dup@@YGXPBDAAHAAPA_W1@Z 1000109c f   CWString.obj
 0001:0000010b       ?cw_memcpy@@YGHPA_WPBDH@Z  1000110b f   CWString.obj
 0001:00000137       ?cw_strcpy@@YAHPA_WPBD@Z   10001137 f   CWString.obj
 0001:0000014a       ?cw_strlen@@YAHPBD@Z       1000114a f   CWString.obj
 0001:00000163       ??0CAtlComModule@ATL@@QAE@XZ 10001163 f i OposVariant.obj
 0001:000001a8       ??0CAtlWinModule@ATL@@QAE@XZ 100011a8 f i OposVariant.obj
 0001:000001df       ??0OposDispParms@@QAE@PAVOposVariant@@H@Z 100011df f   OposVariant.obj
 0001:00000250       ??1OposDispParms@@QAE@XZ   10001250 f   OposVariant.obj
 0001:0000025e       ??A?$CSimpleArray@GV?$CSimpleArrayEqualHelper@G@ATL@@@ATL@@QAEAAGH@Z 1000125e f i OposVariant.obj
 0001:00000283       ??_Estringdispid@CComTypeInfoHolder@ATL@@QAEPAXI@Z 10001283 f i OposVariant.obj
 0001:000002ef       ?AtlWinModuleInit@ATL@@YGJPAU_ATL_WIN_MODULE70@1@@Z 100012ef f i OposVariant.obj
 0001:00000315       ?AtlWinModuleTerm@ATL@@YGJPAU_ATL_WIN_MODULE70@1@PAUHINSTANCE__@@@Z 10001315 f i OposVariant.obj
 0001:00000378       ?ChangeBSTR@OposVariant@@QAEXPAPA_WAAJ@Z 10001378 f   OposVariant.obj
 0001:000003b9       ?ChangeLONG@OposVariant@@QAEXPAJAAJ@Z 100013b9 f   OposVariant.obj
 0001:000003fa       ?GetLONG@OposVariant@@QAEJXZ 100013fa f   OposVariant.obj
 0001:00000415       ?Init@CComCriticalSection@ATL@@QAEJXZ 10001415 f i OposVariant.obj
 0001:0000043d       ?RemoveAll@?$CSimpleArray@PAUHINSTANCE__@@V?$CSimpleArrayEqualHelper@PAUHINSTANCE__@@@ATL@@@ATL@@QAEXXZ 1000143d f i atls:atlbase.obj
 0001:0000043d       ?RemoveAll@?$CSimpleArray@GV?$CSimpleArrayEqualHelper@G@ATL@@@ATL@@QAEXXZ 1000143d f i OposVariant.obj
 0001:0000045a       ?SetBSTR@OposVariant@@QAEXPA_WAAJ@Z 1000145a f   OposVariant.obj
 0001:0000048e       ?SetBSTR_Copy@OposVariant@@QAEXPA_WAAJ@Z 1000148e f   OposVariant.obj
 0001:000004de       ?SetBSTR_InOutPtr@OposVariant@@QAE_NPAPA_WAAJ@Z 100014de f   OposVariant.obj
 0001:00000515       ?SetDispatch_Ptr@OposVariant@@QAEXPAUIDispatch@@AAJ@Z 10001515 f   OposVariant.obj
 0001:00000550       ?SetLONG@OposVariant@@QAEXJ@Z 10001550 f   OposVariant.obj
 0001:00000572       ?SetLONG_Ptr@OposVariant@@QAEXPAJAAJ@Z 10001572 f   OposVariant.obj
 0001:000005a5       ?SetString@OposVariant@@QAEXPB_WAAJ@Z 100015a5 f   OposVariant.obj
 0001:000005eb       ?SetVARIANT_BOOL@OposVariant@@QAEXF@Z 100015eb f   OposVariant.obj
 0001:00000615       ?Term@CAtlComModule@ATL@@QAEXXZ 10001615 f i OposVariant.obj
 0001:0000065f       ?_AtlRaiseException@ATL@@YAXKK@Z 1000165f f i OposVariant.obj
 0001:00000674       ?AddRef@?$CComObjectCached@VCComClassFactory@ATL@@@ATL@@UAGKXZ 10001674 f i MICR.obj
 0001:0000069b       ?Release@?$CComObjectCached@VCComClassFactory@ATL@@@ATL@@UAGKXZ 1000169b f i MICR.obj
 0001:000006d1       ?QueryInterface@?$CComObjectCached@VCComClassFactory@ATL@@@ATL@@UAGJABU_GUID@@PAPAX@Z 100016d1 f i MICR.obj
 0001:000006eb       ??_G?$CComObjectCached@VCComClassFactory@ATL@@@ATL@@UAEPAXI@Z 100016eb f i MICR.obj
 0001:000006eb       ??_E?$CComObjectCached@VCComClassFactory@ATL@@@ATL@@UAEPAXI@Z 100016eb f i MICR.obj
 0001:0000070d       ?AddRef@?$CComAggObject@VCOPOSMICR@@@ATL@@UAGKXZ 1000170d f i MICR.obj
 0001:0000071e       ?Release@?$CComAggObject@VCOPOSMICR@@@ATL@@UAGKXZ 1000171e f i MICR.obj
 0001:0000075a       ?QueryInterface@?$CComAggObject@VCOPOSMICR@@@ATL@@UAGJABU_GUID@@PAPAX@Z 1000175a f i MICR.obj
 0001:000007a9       ?AddRef@?$CComContainedObject@VCOPOSMICR@@@ATL@@UAGKXZ 100017a9 f i MICR.obj
 0001:000007bf       ?Release@?$CComContainedObject@VCOPOSMICR@@@ATL@@UAGKXZ 100017bf f i MICR.obj
 0001:000007d5       ?QueryInterface@?$CComContainedObject@VCOPOSMICR@@@ATL@@UAGJABU_GUID@@PAPAX@Z 100017d5 f i MICR.obj
 0001:000007f0       ??_G?$CComAggObject@VCOPOSMICR@@@ATL@@UAEPAXI@Z 100017f0 f i MICR.obj
 0001:000007f0       ??_E?$CComAggObject@VCOPOSMICR@@@ATL@@UAEPAXI@Z 100017f0 f i MICR.obj
 0001:00000815       ?AddRef@?$CComObject@VCOPOSMICR@@@ATL@@UAGKXZ 10001815 f i MICR.obj
 0001:0000082c       ?Release@?$CComObject@VCOPOSMICR@@@ATL@@UAGKXZ 1000182c f i MICR.obj
 0001:0000086e       ?QueryInterface@?$CComObject@VCOPOSMICR@@@ATL@@UAGJABU_GUID@@PAPAX@Z 1000186e f i MICR.obj
 0001:00000888       ?Lock@CAtlModule@ATL@@UAEJXZ 10001888 f i MICR.obj
 0001:00000892       ?Unlock@CAtlModule@ATL@@UAEJXZ 10001892 f i MICR.obj
 0001:0000089c       ?GetLockCount@CAtlModule@ATL@@UAEJXZ 1000189c f i MICR.obj
 0001:000008a0       ?GetGITPtr@CAtlModule@ATL@@UAEJPAPAUIGlobalInterfaceTable@@@Z 100018a0 f i MICR.obj
 0001:000008ec       ?AddCommonRGSReplacements@?$CAtlModuleT@VCComModule@ATL@@@ATL@@UAEJPAUIRegistrarBase@@@Z 100018ec f i MICR.obj
 0001:00000906       ?UpdateRegistryFromResourceD@CComModule@ATL@@UAGJPB_WHPAU_ATL_REGMAP_ENTRY@2@@Z 10001906 f i MICR.obj
 0001:00000906       ?UpdateRegistryFromResourceD@CComModule@ATL@@UAGJIHPAU_ATL_REGMAP_ENTRY@2@@Z 10001906 f i MICR.obj
 0001:0000090e       ?UpdateRegistryFromResource@CComModule@ATL@@UAGJPB_WHPAU_ATL_REGMAP_ENTRY@2@@Z 1000190e f i MICR.obj
 0001:00000917       ?UpdateRegistryFromResource@CComModule@ATL@@UAGJIHPAU_ATL_REGMAP_ENTRY@2@@Z 10001917 f i MICR.obj
 0001:00000920       ??_GCComModule@ATL@@UAEPAXI@Z 10001920 f i MICR.obj
 0001:00000920       ??_ECComModule@ATL@@UAEPAXI@Z 10001920 f i MICR.obj
 0001:00000948       ?OnDrawAdvanced@CComControlBase@ATL@@UAEJAAUATL_DRAWINFO@@@Z 10001948 f i MICR.obj
 0001:00000a37       ?Next@?$CComEnumImpl@UIEnumConnections@@$1?_GUID_b196b287_bab4_101a_b69c_00aa00341d07@@3U__s_GUID@@BUtagCONNECTDATA@@V?$_Copy@UtagCONNECTDATA@@@ATL@@@ATL@@UAGJKPAUtagCONNECTDATA@@PAK@Z 10001a37 f i MICR.obj
 0001:00000b0e       ?Skip@?$CComEnumImpl@UIEnumConnections@@$1?_GUID_b196b287_bab4_101a_b69c_00aa00341d07@@3U__s_GUID@@BUtagCONNECTDATA@@V?$_Copy@UtagCONNECTDATA@@@ATL@@@ATL@@UAGJK@Z 10001b0e f i MICR.obj
 0001:00000b3b       ?Reset@?$CComEnumImpl@UIEnumConnections@@$1?_GUID_b196b287_bab4_101a_b69c_00aa00341d07@@3U__s_GUID@@BUtagCONNECTDATA@@V?$_Copy@UtagCONNECTDATA@@@ATL@@@ATL@@UAGJXZ 10001b3b f i MICR.obj
 0001:00000b3b       ?Reset@?$CComEnumImpl@UIEnumConnectionPoints@@$1?_GUID_b196b285_bab4_101a_b69c_00aa00341d07@@3U__s_GUID@@BPAUIConnectionPoint@@V?$_CopyInterface@UIConnectionPoint@@@ATL@@@ATL@@UAGJXZ 10001b3b f i MICR.obj
 0001:00000b4d       ?Clone@?$CComEnumImpl@UIEnumConnections@@$1?_GUID_b196b287_bab4_101a_b69c_00aa00341d07@@3U__s_GUID@@BUtagCONNECTDATA@@V?$_Copy@UtagCONNECTDATA@@@ATL@@@ATL@@UAGJPAPAUIEnumConnections@@@Z 10001b4d f i MICR.obj
 0001:00000c2e       ?AddRef@?$CComObject@V?$CComEnum@UIEnumConnections@@$1?_GUID_b196b287_bab4_101a_b69c_00aa00341d07@@3U__s_GUID@@BUtagCONNECTDATA@@V?$_Copy@UtagCONNECTDATA@@@ATL@@VCComSingleThreadModel@6@@ATL@@@ATL@@UAGKXZ 10001c2e f i MICR.obj
 0001:00000c2e       ?AddRef@?$CComObject@V?$CComEnum@UIEnumConnectionPoints@@$1?_GUID_b196b285_bab4_101a_b69c_00aa00341d07@@3U__s_GUID@@BPAUIConnectionPoint@@V?$_CopyInterface@UIConnectionPoint@@@ATL@@VCComSingleThreadModel@6@@ATL@@@ATL@@UAGKXZ 10001c2e f i MICR.obj
 0001:00000c3f       ?Release@?$CComObject@V?$CComEnum@UIEnumConnectionPoints@@$1?_GUID_b196b285_bab4_101a_b69c_00aa00341d07@@3U__s_GUID@@BPAUIConnectionPoint@@V?$_CopyInterface@UIConnectionPoint@@@ATL@@VCComSingleThreadModel@6@@ATL@@@ATL@@UAGKXZ 10001c3f f i MICR.obj
 0001:00000c3f       ?Release@?$CComObject@V?$CComEnum@UIEnumConnections@@$1?_GUID_b196b287_bab4_101a_b69c_00aa00341d07@@3U__s_GUID@@BUtagCONNECTDATA@@V?$_Copy@UtagCONNECTDATA@@@ATL@@VCComSingleThreadModel@6@@ATL@@@ATL@@UAGKXZ 10001c3f f i MICR.obj
 0001:00000c7b       ?QueryInterface@?$CComObject@V?$CComEnum@UIEnumConnections@@$1?_GUID_b196b287_bab4_101a_b69c_00aa00341d07@@3U__s_GUID@@BUtagCONNECTDATA@@V?$_Copy@UtagCONNECTDATA@@@ATL@@VCComSingleThreadModel@6@@ATL@@@ATL@@UAGJABU_GUID@@PAPAX@Z 10001c7b f i MICR.obj
 0001:00000c95       ??_E?$CComObject@V?$CComEnum@UIEnumConnections@@$1?_GUID_b196b287_bab4_101a_b69c_00aa00341d07@@3U__s_GUID@@BUtagCONNECTDATA@@V?$_Copy@UtagCONNECTDATA@@@ATL@@VCComSingleThreadModel@6@@ATL@@@ATL@@UAEPAXI@Z 10001c95 f i MICR.obj
 0001:00000c95       ??_G?$CComObject@V?$CComEnum@UIEnumConnections@@$1?_GUID_b196b287_bab4_101a_b69c_00aa00341d07@@3U__s_GUID@@BUtagCONNECTDATA@@V?$_Copy@UtagCONNECTDATA@@@ATL@@VCComSingleThreadModel@6@@ATL@@@ATL@@UAEPAXI@Z 10001c95 f i MICR.obj
 0001:00000cb7       ?GetRect@?$IViewObjectExImpl@VCOPOSMICR@@@ATL@@UAGJKPAU_RECTL@@@Z 10001cb7 f i MICR.obj
 0001:00000cb7       ?GetClipboardData@?$IOleObjectImpl@VCOPOSMICR@@@ATL@@UAGJKPAPAUIDataObject@@@Z 10001cb7 f i MICR.obj
 0001:00000cb7       ?GetDataHere@?$IDataObjectImpl@VCOPOSMICR@@@ATL@@UAGJPAUtagFORMATETC@@PAUtagSTGMEDIUM@@@Z 10001cb7 f i MICR.obj
 0001:00000cb7       ?EnumFormatEtc@?$IDataObjectImpl@VCOPOSMICR@@@ATL@@UAGJKPAPAUIEnumFORMATETC@@@Z 10001cb7 f i MICR.obj
 0001:00000cb7       ?SetMoniker@?$IOleObjectImpl@VCOPOSMICR@@@ATL@@UAGJKPAUIMoniker@@@Z 10001cb7 f i MICR.obj
 0001:00000cb7       ?QueryInterface@CRegObject@ATL@@UAGJABU_GUID@@PAPAX@Z 10001cb7 f i MICR.obj
 0001:00000cb7       ?GetCanonicalFormatEtc@?$IDataObjectImpl@VCOPOSMICR@@@ATL@@UAGJPAUtagFORMATETC@@0@Z 10001cb7 f i MICR.obj
 0001:00000cbf       ?AddRef@CRegObject@ATL@@UAGKXZ 10001cbf f i MICR.obj
 0001:00000cc5       ?IsUpToDate@?$IOleObjectImpl@VCOPOSMICR@@@ATL@@UAGJXZ 10001cc5 f i MICR.obj
 0001:00000cc5       ?Update@?$IOleObjectImpl@VCOPOSMICR@@@ATL@@UAGJXZ 10001cc5 f i MICR.obj
 0001:00000cc5       ?HandsOffStorage@?$IPersistStorageImpl@VCOPOSMICR@@@ATL@@UAGJXZ 10001cc5 f i MICR.obj
 0001:00000cc5       ?Release@CRegObject@ATL@@UAGKXZ 10001cc5 f i MICR.obj
 0001:00000cca       ?AddReplacement@CRegObject@ATL@@UAGJPB_W0@Z 10001cca f i MICR.obj
 0001:00000d03       ?ClearReplacements@CRegObject@ATL@@UAGJXZ 10001d03 f i MICR.obj
 0001:00000d15       ??_ECRegObject@ATL@@UAEPAXI@Z 10001d15 f i MICR.obj
 0001:00000d15       ??_GCRegObject@ATL@@UAEPAXI@Z 10001d15 f i MICR.obj
 0001:00000d37       ??_E?$CComObject@VCOPOSMICR@@@ATL@@W3AEPAXI@Z 10001d37 f i MICR.obj
 0001:00000d3f       ??_E?$CComObject@VCOPOSMICR@@@ATL@@WEM@AEPAXI@Z 10001d3f f i MICR.obj
 0001:00000d47       ?QueryInterface@?$CComObject@VCOPOSMICR@@@ATL@@WHA@AGJABU_GUID@@PAPAX@Z 10001d47 f i MICR.obj
 0001:00000d51       ?AddRef@?$CComObject@VCOPOSMICR@@@ATL@@WHA@AGKXZ 10001d51 f i MICR.obj
 0001:00000d5b       ?Release@?$CComObject@VCOPOSMICR@@@ATL@@WHA@AGKXZ 10001d5b f i MICR.obj
 0001:00000d65       ?QueryInterface@?$CComObject@VCOPOSMICR@@@ATL@@WHE@AGJABU_GUID@@PAPAX@Z 10001d65 f i MICR.obj
 0001:00000d6f       ?AddRef@?$CComObject@VCOPOSMICR@@@ATL@@WHE@AGKXZ 10001d6f f i MICR.obj
 0001:00000d79       ?Release@?$CComObject@VCOPOSMICR@@@ATL@@WHE@AGKXZ 10001d79 f i MICR.obj
 0001:00000d83       ?QueryInterface@?$CComObject@VCOPOSMICR@@@ATL@@WHI@AGJABU_GUID@@PAPAX@Z 10001d83 f i MICR.obj
 0001:00000d8d       ?AddRef@?$CComObject@VCOPOSMICR@@@ATL@@WHI@AGKXZ 10001d8d f i MICR.obj
 0001:00000d97       ?Release@?$CComObject@VCOPOSMICR@@@ATL@@WHI@AGKXZ 10001d97 f i MICR.obj
 0001:00000da1       ?QueryInterface@?$CComObject@VCOPOSMICR@@@ATL@@WHM@AGJABU_GUID@@PAPAX@Z 10001da1 f i MICR.obj
 0001:00000dab       ?AddRef@?$CComObject@VCOPOSMICR@@@ATL@@WHM@AGKXZ 10001dab f i MICR.obj
 0001:00000db5       ?Release@?$CComObject@VCOPOSMICR@@@ATL@@WHM@AGKXZ 10001db5 f i MICR.obj
 0001:00000dbf       ?QueryInterface@?$CComObject@VCOPOSMICR@@@ATL@@WIA@AGJABU_GUID@@PAPAX@Z 10001dbf f i MICR.obj
 0001:00000dcc       ?AddRef@?$CComObject@VCOPOSMICR@@@ATL@@WIA@AGKXZ 10001dcc f i MICR.obj
 0001:00000dd9       ?Release@?$CComObject@VCOPOSMICR@@@ATL@@WIA@AGKXZ 10001dd9 f i MICR.obj
 0001:00000de6       ?QueryInterface@?$CComObject@VCOPOSMICR@@@ATL@@WIE@AGJABU_GUID@@PAPAX@Z 10001de6 f i MICR.obj
 0001:00000df3       ?AddRef@?$CComObject@VCOPOSMICR@@@ATL@@WIE@AGKXZ 10001df3 f i MICR.obj
 0001:00000e00       ?Release@?$CComObject@VCOPOSMICR@@@ATL@@WIE@AGKXZ 10001e00 f i MICR.obj
 0001:00000e0d       ?QueryInterface@?$CComObject@VCOPOSMICR@@@ATL@@WII@AGJABU_GUID@@PAPAX@Z 10001e0d f i MICR.obj
 0001:00000e1a       ?AddRef@?$CComObject@VCOPOSMICR@@@ATL@@WII@AGKXZ 10001e1a f i MICR.obj
 0001:00000e27       ?Release@?$CComObject@VCOPOSMICR@@@ATL@@WII@AGKXZ 10001e27 f i MICR.obj
 0001:00000e34       ?QueryInterface@?$CComObject@VCOPOSMICR@@@ATL@@WIM@AGJABU_GUID@@PAPAX@Z 10001e34 f i MICR.obj
 0001:00000e41       ?AddRef@?$CComObject@VCOPOSMICR@@@ATL@@WIM@AGKXZ 10001e41 f i MICR.obj
 0001:00000e4e       ?Release@?$CComObject@VCOPOSMICR@@@ATL@@WIM@AGKXZ 10001e4e f i MICR.obj
 0001:00000e5b       ?QueryInterface@?$CComObject@VCOPOSMICR@@@ATL@@WJA@AGJABU_GUID@@PAPAX@Z 10001e5b f i MICR.obj
 0001:00000e68       ?AddRef@?$CComObject@VCOPOSMICR@@@ATL@@WJA@AGKXZ 10001e68 f i MICR.obj
 0001:00000e75       ?Release@?$CComObject@VCOPOSMICR@@@ATL@@WJA@AGKXZ 10001e75 f i MICR.obj
 0001:00000e82       ?QueryInterface@?$CComObject@VCOPOSMICR@@@ATL@@WJE@AGJABU_GUID@@PAPAX@Z 10001e82 f i MICR.obj
 0001:00000e8f       ?AddRef@?$CComObject@VCOPOSMICR@@@ATL@@WJE@AGKXZ 10001e8f f i MICR.obj
 0001:00000e9c       ?Release@?$CComObject@VCOPOSMICR@@@ATL@@WJE@AGKXZ 10001e9c f i MICR.obj
 0001:00000ea9       ?QueryInterface@?$CComObject@VCOPOSMICR@@@ATL@@WJI@AGJABU_GUID@@PAPAX@Z 10001ea9 f i MICR.obj
 0001:00000eb6       ?AddRef@?$CComObject@VCOPOSMICR@@@ATL@@WJI@AGKXZ 10001eb6 f i MICR.obj
 0001:00000ec3       ?Release@?$CComObject@VCOPOSMICR@@@ATL@@WJI@AGKXZ 10001ec3 f i MICR.obj
 0001:00000ed0       ?QueryInterface@?$CComObject@VCOPOSMICR@@@ATL@@WJM@AGJABU_GUID@@PAPAX@Z 10001ed0 f i MICR.obj
 0001:00000edd       ?AddRef@?$CComObject@VCOPOSMICR@@@ATL@@WJM@AGKXZ 10001edd f i MICR.obj
 0001:00000eea       ?Release@?$CComObject@VCOPOSMICR@@@ATL@@WJM@AGKXZ 10001eea f i MICR.obj
 0001:00000ef7       ?QueryInterface@?$CComObject@VCOPOSMICR@@@ATL@@WKA@AGJABU_GUID@@PAPAX@Z 10001ef7 f i MICR.obj
 0001:00000f04       ?AddRef@?$CComObject@VCOPOSMICR@@@ATL@@WKA@AGKXZ 10001f04 f i MICR.obj
 0001:00000f11       ?Release@?$CComObject@VCOPOSMICR@@@ATL@@WKA@AGKXZ 10001f11 f i MICR.obj
 0001:00000f1e       ?AddRef@?$CComObject@VCOPOSMICR@@@ATL@@WKI@AGKXZ 10001f1e f i MICR.obj
 0001:00000f2b       ?Release@?$CComObject@VCOPOSMICR@@@ATL@@WKI@AGKXZ 10001f2b f i MICR.obj
 0001:00000f38       ?AddRef@?$CComObject@VCOPOSMICR@@@ATL@@WLE@AGKXZ 10001f38 f i MICR.obj
 0001:00000f45       ?Release@?$CComObject@VCOPOSMICR@@@ATL@@WLE@AGKXZ 10001f45 f i MICR.obj
 0001:00000f52       ??_E?$CComContainedObject@VCOPOSMICR@@@ATL@@W3AEPAXI@Z 10001f52 f i MICR.obj
 0001:00000f5a       ??_E?$CComContainedObject@VCOPOSMICR@@@ATL@@WEM@AEPAXI@Z 10001f5a f i MICR.obj
 0001:00000f62       ?QueryInterface@?$CComContainedObject@VCOPOSMICR@@@ATL@@WHA@AGJABU_GUID@@PAPAX@Z 10001f62 f i MICR.obj
 0001:00000f6c       ?AddRef@?$CComContainedObject@VCOPOSMICR@@@ATL@@WHA@AGKXZ 10001f6c f i MICR.obj
 0001:00000f76       ?Release@?$CComContainedObject@VCOPOSMICR@@@ATL@@WHA@AGKXZ 10001f76 f i MICR.obj
 0001:00000f80       ?QueryInterface@?$CComContainedObject@VCOPOSMICR@@@ATL@@WHE@AGJABU_GUID@@PAPAX@Z 10001f80 f i MICR.obj
 0001:00000f8a       ?AddRef@?$CComContainedObject@VCOPOSMICR@@@ATL@@WHE@AGKXZ 10001f8a f i MICR.obj
 0001:00000f94       ?Release@?$CComContainedObject@VCOPOSMICR@@@ATL@@WHE@AGKXZ 10001f94 f i MICR.obj
 0001:00000f9e       ?QueryInterface@?$CComContainedObject@VCOPOSMICR@@@ATL@@WHI@AGJABU_GUID@@PAPAX@Z 10001f9e f i MICR.obj
 0001:00000fa8       ?AddRef@?$CComContainedObject@VCOPOSMICR@@@ATL@@WHI@AGKXZ 10001fa8 f i MICR.obj
 0001:00000fb2       ?Release@?$CComContainedObject@VCOPOSMICR@@@ATL@@WHI@AGKXZ 10001fb2 f i MICR.obj
 0001:00000fbc       ?QueryInterface@?$CComContainedObject@VCOPOSMICR@@@ATL@@WHM@AGJABU_GUID@@PAPAX@Z 10001fbc f i MICR.obj
 0001:00000fc6       ?AddRef@?$CComContainedObject@VCOPOSMICR@@@ATL@@WHM@AGKXZ 10001fc6 f i MICR.obj
 0001:00000fd0       ?Release@?$CComContainedObject@VCOPOSMICR@@@ATL@@WHM@AGKXZ 10001fd0 f i MICR.obj
 0001:00000fda       ?QueryInterface@?$CComContainedObject@VCOPOSMICR@@@ATL@@WIA@AGJABU_GUID@@PAPAX@Z 10001fda f i MICR.obj
 0001:00000fe7       ?AddRef@?$CComContainedObject@VCOPOSMICR@@@ATL@@WIA@AGKXZ 10001fe7 f i MICR.obj
 0001:00000ff4       ?Release@?$CComContainedObject@VCOPOSMICR@@@ATL@@WIA@AGKXZ 10001ff4 f i MICR.obj
 0001:00001001       ?QueryInterface@?$CComContainedObject@VCOPOSMICR@@@ATL@@WIE@AGJABU_GUID@@PAPAX@Z 10002001 f i MICR.obj
 0001:0000100e       ?AddRef@?$CComContainedObject@VCOPOSMICR@@@ATL@@WIE@AGKXZ 1000200e f i MICR.obj
 0001:0000101b       ?Release@?$CComContainedObject@VCOPOSMICR@@@ATL@@WIE@AGKXZ 1000201b f i MICR.obj
 0001:00001028       ?QueryInterface@?$CComContainedObject@VCOPOSMICR@@@ATL@@WII@AGJABU_GUID@@PAPAX@Z 10002028 f i MICR.obj
 0001:00001035       ?AddRef@?$CComContainedObject@VCOPOSMICR@@@ATL@@WII@AGKXZ 10002035 f i MICR.obj
 0001:00001042       ?Release@?$CComContainedObject@VCOPOSMICR@@@ATL@@WII@AGKXZ 10002042 f i MICR.obj
 0001:0000104f       ?QueryInterface@?$CComContainedObject@VCOPOSMICR@@@ATL@@WIM@AGJABU_GUID@@PAPAX@Z 1000204f f i MICR.obj
 0001:0000105c       ?AddRef@?$CComContainedObject@VCOPOSMICR@@@ATL@@WIM@AGKXZ 1000205c f i MICR.obj
 0001:00001069       ?Release@?$CComContainedObject@VCOPOSMICR@@@ATL@@WIM@AGKXZ 10002069 f i MICR.obj
 0001:00001076       ?QueryInterface@?$CComContainedObject@VCOPOSMICR@@@ATL@@WJA@AGJABU_GUID@@PAPAX@Z 10002076 f i MICR.obj
 0001:00001083       ?AddRef@?$CComContainedObject@VCOPOSMICR@@@ATL@@WJA@AGKXZ 10002083 f i MICR.obj
 0001:00001090       ?Release@?$CComContainedObject@VCOPOSMICR@@@ATL@@WJA@AGKXZ 10002090 f i MICR.obj
 0001:0000109d       ?QueryInterface@?$CComContainedObject@VCOPOSMICR@@@ATL@@WJE@AGJABU_GUID@@PAPAX@Z 1000209d f i MICR.obj
 0001:000010aa       ?AddRef@?$CComContainedObject@VCOPOSMICR@@@ATL@@WJE@AGKXZ 100020aa f i MICR.obj
 0001:000010b7       ?Release@?$CComContainedObject@VCOPOSMICR@@@ATL@@WJE@AGKXZ 100020b7 f i MICR.obj
 0001:000010c4       ?QueryInterface@?$CComContainedObject@VCOPOSMICR@@@ATL@@WJI@AGJABU_GUID@@PAPAX@Z 100020c4 f i MICR.obj
 0001:000010d1       ?AddRef@?$CComContainedObject@VCOPOSMICR@@@ATL@@WJI@AGKXZ 100020d1 f i MICR.obj
 0001:000010de       ?Release@?$CComContainedObject@VCOPOSMICR@@@ATL@@WJI@AGKXZ 100020de f i MICR.obj
 0001:000010eb       ?QueryInterface@?$CComContainedObject@VCOPOSMICR@@@ATL@@WJM@AGJABU_GUID@@PAPAX@Z 100020eb f i MICR.obj
 0001:000010f8       ?AddRef@?$CComContainedObject@VCOPOSMICR@@@ATL@@WJM@AGKXZ 100020f8 f i MICR.obj
 0001:00001105       ?Release@?$CComContainedObject@VCOPOSMICR@@@ATL@@WJM@AGKXZ 10002105 f i MICR.obj
 0001:00001112       ?QueryInterface@?$CComContainedObject@VCOPOSMICR@@@ATL@@WKA@AGJABU_GUID@@PAPAX@Z 10002112 f i MICR.obj
 0001:0000111f       ?AddRef@?$CComContainedObject@VCOPOSMICR@@@ATL@@WKA@AGKXZ 1000211f f i MICR.obj
 0001:0000112c       ?Release@?$CComContainedObject@VCOPOSMICR@@@ATL@@WKA@AGKXZ 1000212c f i MICR.obj
 0001:00001139       ?AddRef@?$CComContainedObject@VCOPOSMICR@@@ATL@@WKI@AGKXZ 10002139 f i MICR.obj
 0001:00001146       ?Release@?$CComContainedObject@VCOPOSMICR@@@ATL@@WKI@AGKXZ 10002146 f i MICR.obj
 0001:00001153       ?AddRef@?$CComContainedObject@VCOPOSMICR@@@ATL@@WLE@AGKXZ 10002153 f i MICR.obj
 0001:00001160       ?Release@?$CComContainedObject@VCOPOSMICR@@@ATL@@WLE@AGKXZ 10002160 f i MICR.obj
 0001:0000116d       ?GetWindowProc@?$CWindowImplBaseT@VCWindow@ATL@@V?$CWinTraits@$0FGAAAAAA@$0A@@2@@ATL@@UAEP6GJPAUHWND__@@IIJ@ZXZ 1000216d f i MICR.obj
 0001:00001173       ?StartWindowProc@?$CWindowImplBaseT@VCWindow@ATL@@V?$CWinTraits@$0FGAAAAAA@$0A@@2@@ATL@@SGJPAUHWND__@@IIJ@Z 10002173 f i MICR.obj
 0001:000011c7       ?ObjectMain@CComObjectRootBase@ATL@@SGX_N@Z 100021c7 f i MICR.obj
 0001:000011c7       ?OnFinalMessage@?$CWindowImplBaseT@VCWindow@ATL@@V?$CWinTraits@$0FGAAAAAA@$0A@@2@@ATL@@UAEXPAUHWND__@@@Z 100021c7 f i MICR.obj
 0001:000011ca       ?GetTypeInfoCount@?$IDispatchImpl@UIOPOSMICR@@$1?IID_IOPOSMICR@@3U_GUID@@B$1?LIBID_OposMICR_CCO@@3U3@B$00$0A@VCComTypeInfoHolder@ATL@@@ATL@@UAGJPAI@Z 100021ca f i MICR.obj
 0001:000011e7       ?GetTypeInfo@?$IDispatchImpl@UIOPOSMICR@@$1?IID_IOPOSMICR@@3U_GUID@@B$1?LIBID_OposMICR_CCO@@3U3@B$00$0A@VCComTypeInfoHolder@ATL@@@ATL@@UAGJIKPAPAUITypeInfo@@@Z 100021e7 f i MICR.obj
 0001:0000120b       ?GetIDsOfNames@?$IDispatchImpl@UIOPOSMICR@@$1?IID_IOPOSMICR@@3U_GUID@@B$1?LIBID_OposMICR_CCO@@3U3@B$00$0A@VCComTypeInfoHolder@ATL@@@ATL@@UAGJABU_GUID@@PAPA_WIKPAJ@Z 1000220b f i MICR.obj
 0001:0000122b       ?Invoke@?$IDispatchImpl@UIOPOSMICR@@$1?IID_IOPOSMICR@@3U_GUID@@B$1?LIBID_OposMICR_CCO@@3U3@B$00$0A@VCComTypeInfoHolder@ATL@@@ATL@@UAGJJABU_GUID@@KGPAUtagDISPPARAMS@@PAUtagVARIANT@@PAUtagEXCEPINFO@@PAI@Z 1000222b f i MICR.obj
 0001:00001239       ?CreateControlWindow@?$CComControl@VCOPOSMICR@@V?$CWindowImpl@VCOPOSMICR@@VCWindow@ATL@@V?$CWinTraits@$0FGAAAAAA@$0A@@3@@ATL@@@ATL@@UAEPAUHWND__@@PAU3@AAUtagRECT@@@Z 10002239 f i MICR.obj
 0001:00001268       ?ControlQueryInterface@?$CComControl@VCOPOSMICR@@V?$CWindowImpl@VCOPOSMICR@@VCWindow@ATL@@V?$CWinTraits@$0FGAAAAAA@$0A@@3@@ATL@@@ATL@@UAEJABU_GUID@@PAPAX@Z 10002268 f i MICR.obj
 0001:00001283       ?GetClassID@?$IPersistStreamInitImpl@VCOPOSMICR@@@ATL@@UAGJPAU_GUID@@@Z 10002283 f i MICR.obj
 0001:00001283       ?GetClassID@?$IPersistStorageImpl@VCOPOSMICR@@@ATL@@UAGJPAU_GUID@@@Z 10002283 f i MICR.obj
 0001:00001283       ?GetUserClassID@?$IOleObjectImpl@VCOPOSMICR@@@ATL@@UAGJPAU_GUID@@@Z 10002283 f i MICR.obj
 0001:000012a7       ?IsDirty@?$IPersistStreamInitImpl@VCOPOSMICR@@@ATL@@UAGJXZ 100022a7 f i MICR.obj
 0001:000012c6       ?Load@?$IPersistStreamInitImpl@VCOPOSMICR@@@ATL@@UAGJPAUIStream@@@Z 100022c6 f i MICR.obj
 0001:000012e5       ?Save@?$IPersistStreamInitImpl@VCOPOSMICR@@@ATL@@UAGJPAUIStream@@H@Z 100022e5 f i MICR.obj
 0001:00001307       ?GetSizeMax@?$IPersistStreamInitImpl@VCOPOSMICR@@@ATL@@UAGJPAT_ULARGE_INTEGER@@@Z 10002307 f i MICR.obj
 0001:000014bc       ?InitNew@?$IPersistStreamInitImpl@VCOPOSMICR@@@ATL@@UAGJXZ 100024bc f i MICR.obj
 0001:000014d9       ?SetColorScheme@?$IOleObjectImpl@VCOPOSMICR@@@ATL@@UAGJPAUtagLOGPALETTE@@@Z 100024d9 f i MICR.obj
 0001:000014d9       ?Unfreeze@?$IViewObjectExImpl@VCOPOSMICR@@@ATL@@UAGJK@Z 100024d9 f i MICR.obj
 0001:000014d9       ?QueryGetData@?$IDataObjectImpl@VCOPOSMICR@@@ATL@@UAGJPAUtagFORMATETC@@@Z 100024d9 f i MICR.obj
 0001:000014d9       ?SOOutputCompleteDummy@COPOSMICR@@MAGJJ@Z 100024d9 f i MICR.obj
 0001:000014d9       ?GetDropTarget@?$IOleInPlaceObjectWindowlessImpl@VCOPOSMICR@@@ATL@@UAGJPAPAUIDropTarget@@@Z 100024d9 f i MICR.obj
 0001:000014d9       ?GetControlInfo@?$IOleControlImpl@VCOPOSMICR@@@ATL@@UAGJPAUtagCONTROLINFO@@@Z 100024d9 f i MICR.obj
 0001:000014d9       ?ContextSensitiveHelp@?$IOleInPlaceActiveObjectImpl@VCOPOSMICR@@@ATL@@UAGJH@Z 100024d9 f i MICR.obj
 0001:000014d9       ?ContextSensitiveHelp@?$IOleInPlaceObjectWindowlessImpl@VCOPOSMICR@@@ATL@@UAGJH@Z 100024d9 f i MICR.obj
 0001:000014d9       ?OnMnemonic@?$IOleControlImpl@VCOPOSMICR@@@ATL@@UAGJPAUtagMSG@@@Z 100024d9 f i MICR.obj
 0001:000014e1       ?OnAmbientPropertyChange@?$IOleControlImpl@VCOPOSMICR@@@ATL@@UAGJJ@Z 100024e1 f i MICR.obj
 0001:000014e1       ?SaveCompleted@?$IPersistStorageImpl@VCOPOSMICR@@@ATL@@UAGJPAUIStorage@@@Z 100024e1 f i MICR.obj
 0001:000014e1       ?OnFrameWindowActivate@?$IOleInPlaceActiveObjectImpl@VCOPOSMICR@@@ATL@@UAGJH@Z 100024e1 f i MICR.obj
 0001:000014e1       ?EnableModeless@?$IOleInPlaceActiveObjectImpl@VCOPOSMICR@@@ATL@@UAGJH@Z 100024e1 f i MICR.obj
 0001:000014e6       ?SetClientSite@?$IOleObjectImpl@VCOPOSMICR@@@ATL@@UAGJPAUIOleClientSite@@@Z 100024e6 f i MICR.obj
 0001:00001503       ?GetClientSite@?$IOleObjectImpl@VCOPOSMICR@@@ATL@@UAGJPAPAUIOleClientSite@@@Z 10002503 f i MICR.obj
 0001:00001520       ?SetHostNames@?$IOleObjectImpl@VCOPOSMICR@@@ATL@@UAGJPB_W0@Z 10002520 f i MICR.obj
 0001:00001525       ?Close@?$IOleObjectImpl@VCOPOSMICR@@@ATL@@UAGJK@Z 10002525 f i MICR.obj
 0001:00001542       ?InitFromData@?$IOleObjectImpl@VCOPOSMICR@@@ATL@@UAGJPAUIDataObject@@HK@Z 10002542 f i MICR.obj
 0001:00001542       ?GetMoniker@?$IOleObjectImpl@VCOPOSMICR@@@ATL@@UAGJKKPAPAUIMoniker@@@Z 10002542 f i MICR.obj
 0001:00001542       ?SetData@?$IDataObjectImpl@VCOPOSMICR@@@ATL@@UAGJPAUtagFORMATETC@@PAUtagSTGMEDIUM@@H@Z 10002542 f i MICR.obj
 0001:0000154a       ?DoVerb@?$IOleObjectImpl@VCOPOSMICR@@@ATL@@UAGJJPAUtagMSG@@PAUIOleClientSite@@JPAUHWND__@@PBUtagRECT@@@Z 1000254a f i MICR.obj
 0001:00001662       ?EnumVerbs@?$IOleObjectImpl@VCOPOSMICR@@@ATL@@UAGJPAPAUIEnumOLEVERB@@@Z 10002662 f i MICR.obj
 0001:00001684       ?GetUserType@?$IOleObjectImpl@VCOPOSMICR@@@ATL@@UAGJKPAPA_W@Z 10002684 f i MICR.obj
 0001:0000169c       ?SetExtent@?$IOleObjectImpl@VCOPOSMICR@@@ATL@@UAGJKPAUtagSIZE@@@Z 1000269c f i MICR.obj
 0001:000016bc       ?GetExtent@?$IOleObjectImpl@VCOPOSMICR@@@ATL@@UAGJKPAUtagSIZE@@@Z 100026bc f i MICR.obj
 0001:000016fa       ?Advise@?$IOleObjectImpl@VCOPOSMICR@@@ATL@@UAGJPAUIAdviseSink@@PAK@Z 100026fa f i MICR.obj
 0001:0000171a       ?Unadvise@?$IOleObjectImpl@VCOPOSMICR@@@ATL@@UAGJK@Z 1000271a f i MICR.obj
 0001:00001749       ?EnumAdvise@?$IOleObjectImpl@VCOPOSMICR@@@ATL@@UAGJPAPAUIEnumSTATDATA@@@Z 10002749 f i MICR.obj
 0001:00001789       ?GetMiscStatus@?$IOleObjectImpl@VCOPOSMICR@@@ATL@@UAGJKPAK@Z 10002789 f i MICR.obj
 0001:000017a1       ?GetWindow@?$IOleInPlaceActiveObjectImpl@VCOPOSMICR@@@ATL@@UAGJPAPAUHWND__@@@Z 100027a1 f i MICR.obj
 0001:000017ee       ?TranslateAcceleratorW@?$IOleInPlaceActiveObjectImpl@VCOPOSMICR@@@ATL@@UAGJPAUtagMSG@@@Z 100027ee f i MICR.obj
 0001:0000188c       ?OnDocWindowActivate@?$IOleInPlaceActiveObjectImpl@VCOPOSMICR@@@ATL@@UAGJH@Z 1000288c f i MICR.obj
 0001:000018ae       ?ResizeBorder@?$IOleInPlaceActiveObjectImpl@VCOPOSMICR@@@ATL@@UAGJPBUtagRECT@@PAUIOleInPlaceUIWindow@@H@Z 100028ae f i MICR.obj
 0001:000018b3       ?Draw@?$IViewObjectExImpl@VCOPOSMICR@@@ATL@@UAGJKJPAXPAUtagDVTARGETDEVICE@@PAUHDC__@@2PBU_RECTL@@3P6GHK@ZK@Z 100028b3 f i MICR.obj
 0001:000018e5       ?GetColorSet@?$IViewObjectExImpl@VCOPOSMICR@@@ATL@@UAGJKJPAXPAUtagDVTARGETDEVICE@@PAUHDC__@@PAPAUtagLOGPALETTE@@@Z 100028e5 f i MICR.obj
 0001:000018ed       ?Freeze@?$IViewObjectExImpl@VCOPOSMICR@@@ATL@@UAGJKJPAXPAK@Z 100028ed f i MICR.obj
 0001:000018f5       ?SetAdvise@?$IViewObjectExImpl@VCOPOSMICR@@@ATL@@UAGJKKPAUIAdviseSink@@@Z 100028f5 f i MICR.obj
 0001:00001914       ?GetAdvise@?$IViewObjectExImpl@VCOPOSMICR@@@ATL@@UAGJPAK0PAPAUIAdviseSink@@@Z 10002914 f i MICR.obj
 0001:00001949       ?GetExtent@?$IViewObjectExImpl@VCOPOSMICR@@@ATL@@UAGJKJPAUtagDVTARGETDEVICE@@PAUtagSIZE@@@Z 10002949 f i MICR.obj
 0001:0000197a       ?GetViewStatus@?$IViewObjectExImpl@VCOPOSMICR@@@ATL@@UAGJPAK@Z 1000297a f i MICR.obj
 0001:00001997       ?QueryHitPoint@?$IViewObjectExImpl@VCOPOSMICR@@@ATL@@UAGJKPBUtagRECT@@UtagPOINT@@JPAK@Z 10002997 f i MICR.obj
 0001:000019d8       ?QueryHitRect@?$IViewObjectExImpl@VCOPOSMICR@@@ATL@@UAGJKPBUtagRECT@@0JPAK@Z 100029d8 f i MICR.obj
 0001:00001a33       ?GetNaturalExtent@?$IViewObjectExImpl@VCOPOSMICR@@@ATL@@UAGJKJPAUtagDVTARGETDEVICE@@PAUHDC__@@PAUtagExtentInfo@@PAUtagSIZE@@@Z 10002a33 f i MICR.obj
 0001:00001a7e       ?GetWindow@?$IOleInPlaceObjectWindowlessImpl@VCOPOSMICR@@@ATL@@UAGJPAPAUHWND__@@@Z 10002a7e f i MICR.obj
 0001:00001acb       ?InPlaceDeactivate@?$IOleInPlaceObjectWindowlessImpl@VCOPOSMICR@@@ATL@@UAGJXZ 10002acb f i MICR.obj
 0001:00001ae5       ?UIDeactivate@?$IOleInPlaceObjectWindowlessImpl@VCOPOSMICR@@@ATL@@UAGJXZ 10002ae5 f i MICR.obj
 0001:00001aff       ?SetObjectRects@?$IOleInPlaceObjectWindowlessImpl@VCOPOSMICR@@@ATL@@UAGJPBUtagRECT@@0@Z 10002aff f i MICR.obj
 0001:00001b1f       ?ReactivateAndUndo@?$IOleInPlaceObjectWindowlessImpl@VCOPOSMICR@@@ATL@@UAGJXZ 10002b1f f i MICR.obj
 0001:00001b27       ?OnWindowMessage@?$IOleInPlaceObjectWindowlessImpl@VCOPOSMICR@@@ATL@@UAGJIIJPAJ@Z 10002b27 f i MICR.obj
 0001:00001b97       ?EnumConnectionPoints@?$IConnectionPointContainerImpl@VCOPOSMICR@@@ATL@@UAGJPAPAUIEnumConnectionPoints@@@Z 10002b97 f i MICR.obj
 0001:00001d11       ?FindConnectionPoint@?$IConnectionPointContainerImpl@VCOPOSMICR@@@ATL@@UAGJABU_GUID@@PAPAUIConnectionPoint@@@Z 10002d11 f i MICR.obj
 0001:00001db4       ?IsDirty@?$IPersistStorageImpl@VCOPOSMICR@@@ATL@@UAGJXZ 10002db4 f i MICR.obj
 0001:00001de8       ?InitNew@?$IPersistStorageImpl@VCOPOSMICR@@@ATL@@UAGJPAUIStorage@@@Z 10002de8 f i MICR.obj
 0001:00001e1c       ?Load@?$IPersistStorageImpl@VCOPOSMICR@@@ATL@@UAGJPAUIStorage@@@Z 10002e1c f i MICR.obj
 0001:00001e88       ?Save@?$IPersistStorageImpl@VCOPOSMICR@@@ATL@@UAGJPAUIStorage@@H@Z 10002e88 f i MICR.obj
 0001:00001efb       ?GetPages@?$ISpecifyPropertyPagesImpl@VCOPOSMICR@@@ATL@@UAGJPAUtagCAUUID@@@Z 10002efb f i MICR.obj
 0001:00001f12       ?QuickActivate@?$IQuickActivateImpl@VCOPOSMICR@@@ATL@@UAGJPAUtagQACONTAINER@@PAUtagQACONTROL@@@Z 10002f12 f i MICR.obj
 0001:00001f35       ?SetContentExtent@?$IQuickActivateImpl@VCOPOSMICR@@@ATL@@UAGJPAUtagSIZE@@@Z 10002f35 f i MICR.obj
 0001:00001f61       ?GetContentExtent@?$IQuickActivateImpl@VCOPOSMICR@@@ATL@@UAGJPAUtagSIZE@@@Z 10002f61 f i MICR.obj
 0001:00001f81       ?GetData@?$IDataObjectImpl@VCOPOSMICR@@@ATL@@UAGJPAUtagFORMATETC@@PAUtagSTGMEDIUM@@@Z 10002f81 f i MICR.obj
 0001:00001fa4       ?DAdvise@?$IDataObjectImpl@VCOPOSMICR@@@ATL@@UAGJPAUtagFORMATETC@@KPAUIAdviseSink@@PAK@Z 10002fa4 f i MICR.obj
 0001:00001fe5       ?DUnadvise@?$IDataObjectImpl@VCOPOSMICR@@@ATL@@UAGJK@Z 10002fe5 f i MICR.obj
 0001:00002013       ?EnumDAdvise@?$IDataObjectImpl@VCOPOSMICR@@@ATL@@UAGJPAPAUIEnumSTATDATA@@@Z 10003013 f i MICR.obj
 0001:00002052       ?GetClassInfoW@?$IProvideClassInfo2Impl@$1?CLSID_OPOSMICR@@3U_GUID@@B$1?DIID__IOPOSMICREvents@@3U2@B$1?LIBID_OposMICR_CCO@@3U2@B$00$0A@VCComTypeInfoHolder@ATL@@@ATL@@UAGJPAPAUITypeInfo@@@Z 10003052 f i MICR.obj
 0001:00002068       ?GetGUID@?$IProvideClassInfo2Impl@$1?CLSID_OPOSMICR@@3U_GUID@@B$1?DIID__IOPOSMICREvents@@3U2@B$1?LIBID_OposMICR_CCO@@3U2@B$00$0A@VCComTypeInfoHolder@ATL@@@ATL@@UAGJKPAU_GUID@@@Z 10003068 f i MICR.obj
 0001:000020a6       __get_startup_argv_mode    100030a6 f i LIBCMT:argv_mode.obj
 0001:000020a6       ?FAccessAllowed@?$IObjectSafetyImpl@VCOPOSMICR@@$02@ATL@@MAEHXZ 100030a6 f i MICR.obj
 0001:000020aa       ?GetInterfaceSafetyOptions@?$IObjectSafetyImpl@VCOPOSMICR@@$02@ATL@@UAGJABU_GUID@@PAK1@Z 100030aa f i MICR.obj
 0001:0000211e       ?SetInterfaceSafetyOptions@?$IObjectSafetyImpl@VCOPOSMICR@@$02@ATL@@UAGJABU_GUID@@KK@Z 1000311e f i MICR.obj
 0001:00002198       ?_LocCPQueryInterface@?$IConnectionPointImpl@VCOPOSMICR@@$1?DIID__IOPOSMICREvents@@3U_GUID@@BVCComDynamicUnkArray@ATL@@@ATL@@UAGJABU_GUID@@PAPAX@Z 10003198 f i MICR.obj
 0001:00002198       ?_LocCPQueryInterface@?$IConnectionPointImpl@VCOPOSMICR@@$1?IID_IPropertyNotifySink@@3U_GUID@@BVCComDynamicUnkArray@ATL@@@ATL@@UAGJABU_GUID@@PAPAX@Z 10003198 f i MICR.obj
 0001:000021e5       ?GetConnectionInterface@?$IConnectionPointImpl@VCOPOSMICR@@$1?IID_IPropertyNotifySink@@3U_GUID@@BVCComDynamicUnkArray@ATL@@@ATL@@UAGJPAU_GUID@@@Z 100031e5 f i MICR.obj
 0001:00002209       ?GetConnectionPointContainer@?$IConnectionPointImpl@VCOPOSMICR@@$1?IID_IPropertyNotifySink@@3U_GUID@@BVCComDynamicUnkArray@ATL@@@ATL@@UAGJPAPAUIConnectionPointContainer@@@Z 10003209 f i MICR.obj
 0001:0000222c       ?Advise@?$IConnectionPointImpl@VCOPOSMICR@@$1?IID_IPropertyNotifySink@@3U_GUID@@BVCComDynamicUnkArray@ATL@@@ATL@@UAGJPAUIUnknown@@PAK@Z 1000322c f i MICR.obj
 0001:0000222c       ?Advise@?$IConnectionPointImpl@VCOPOSMICR@@$1?DIID__IOPOSMICREvents@@3U_GUID@@BVCComDynamicUnkArray@ATL@@@ATL@@UAGJPAUIUnknown@@PAK@Z 1000322c f i MICR.obj
 0001:000022cd       ?Unadvise@?$IConnectionPointImpl@VCOPOSMICR@@$1?IID_IPropertyNotifySink@@3U_GUID@@BVCComDynamicUnkArray@ATL@@@ATL@@UAGJK@Z 100032cd f i MICR.obj
 0001:000022cd       ?Unadvise@?$IConnectionPointImpl@VCOPOSMICR@@$1?DIID__IOPOSMICREvents@@3U_GUID@@BVCComDynamicUnkArray@ATL@@@ATL@@UAGJK@Z 100032cd f i MICR.obj
 0001:0000230d       ?EnumConnections@?$IConnectionPointImpl@VCOPOSMICR@@$1?IID_IPropertyNotifySink@@3U_GUID@@BVCComDynamicUnkArray@ATL@@@ATL@@UAGJPAPAUIEnumConnections@@@Z 1000330d f i MICR.obj
 0001:0000230d       ?EnumConnections@?$IConnectionPointImpl@VCOPOSMICR@@$1?DIID__IOPOSMICREvents@@3U_GUID@@BVCComDynamicUnkArray@ATL@@@ATL@@UAGJPAPAUIEnumConnections@@@Z 1000330d f i MICR.obj
 0001:00002413       ?GetCategoryMap@CComObjectRootBase@ATL@@SAPBU_ATL_CATMAP_ENTRY@2@XZ 10003413 f i MICR.obj
 0001:00002413       ?GetObjectDescription@?$CComCoClass@VCOPOSMICR@@$1?CLSID_OPOSMICR@@3U_GUID@@B@ATL@@SGPB_WXZ 10003413 f i MICR.obj
 0001:00002416       ?GetConnectionInterface@?$IConnectionPointImpl@VCOPOSMICR@@$1?DIID__IOPOSMICREvents@@3U_GUID@@BVCComDynamicUnkArray@ATL@@@ATL@@UAGJPAU_GUID@@@Z 10003416 f i MICR.obj
 0001:0000243a       ?GetConnectionPointContainer@?$IConnectionPointImpl@VCOPOSMICR@@$1?DIID__IOPOSMICREvents@@3U_GUID@@BVCComDynamicUnkArray@ATL@@@ATL@@UAGJPAPAUIConnectionPointContainer@@@Z 1000343a f i MICR.obj
 0001:0000245d       ?UpdateRegistry@COPOSMICR@@SGJH@Z 1000345d f i MICR.obj
 0001:00002475       ?ProcessWindowMessage@COPOSMICR@@UAEHPAUHWND__@@IIJAAJK@Z 10003475 f i MICR.obj
 0001:000024be       ?SOData@COPOSMICR@@MAGJJ@Z 100034be f i MICR.obj
 0001:000024f7       ?SODirectIO@COPOSMICR@@MAGJJPAJPAPA_W@Z 100034f7 f i MICR.obj
 0001:00002540       ?SOError@COPOSMICR@@MAGJJJJPAJ@Z 10003540 f i MICR.obj
 0001:00002595       ?SOStatusUpdate@COPOSMICR@@MAGJJ@Z 10003595 f i MICR.obj
 0001:000025ce       ?CreateInstance@?$CComCreator@V?$CComObjectCached@VCComClassFactory@ATL@@@ATL@@@ATL@@SGJPAXABU_GUID@@PAPAX@Z 100035ce f i MICR.obj
 0001:00002661       ?CreateInstance@?$CComCreator2@V?$CComCreator@V?$CComObject@VCOPOSMICR@@@ATL@@@ATL@@V?$CComCreator@V?$CComAggObject@VCOPOSMICR@@@ATL@@@2@@ATL@@SGJPAXABU_GUID@@PAPAX@Z 10003661 f i MICR.obj
 0001:00002681       ?Next@?$CComEnumImpl@UIEnumConnectionPoints@@$1?_GUID_b196b285_bab4_101a_b69c_00aa00341d07@@3U__s_GUID@@BPAUIConnectionPoint@@V?$_CopyInterface@UIConnectionPoint@@@ATL@@@ATL@@UAGJKPAPAUIConnectionPoint@@PAK@Z 10003681 f i MICR.obj
 0001:00002758       ?Skip@?$CComEnumImpl@UIEnumConnectionPoints@@$1?_GUID_b196b285_bab4_101a_b69c_00aa00341d07@@3U__s_GUID@@BPAUIConnectionPoint@@V?$_CopyInterface@UIConnectionPoint@@@ATL@@@ATL@@UAGJK@Z 10003758 f i MICR.obj
 0001:00002785       ?Clone@?$CComEnumImpl@UIEnumConnectionPoints@@$1?_GUID_b196b285_bab4_101a_b69c_00aa00341d07@@3U__s_GUID@@BPAUIConnectionPoint@@V?$_CopyInterface@UIConnectionPoint@@@ATL@@@ATL@@UAGJPAPAUIEnumConnectionPoints@@@Z 10003785 f i MICR.obj
 0001:00002866       ?QueryInterface@?$CComObject@V?$CComEnum@UIEnumConnectionPoints@@$1?_GUID_b196b285_bab4_101a_b69c_00aa00341d07@@3U__s_GUID@@BPAUIConnectionPoint@@V?$_CopyInterface@UIConnectionPoint@@@ATL@@VCComSingleThreadModel@6@@ATL@@@ATL@@UAGJABU_GUID@@PAPAX@Z 10003866 f i MICR.obj
 0001:00002880       ??_E?$CComObject@V?$CComEnum@UIEnumConnectionPoints@@$1?_GUID_b196b285_bab4_101a_b69c_00aa00341d07@@3U__s_GUID@@BPAUIConnectionPoint@@V?$_CopyInterface@UIConnectionPoint@@@ATL@@VCComSingleThreadModel@6@@ATL@@@ATL@@UAEPAXI@Z 10003880 f i MICR.obj
 0001:00002880       ??_G?$CComObject@V?$CComEnum@UIEnumConnectionPoints@@$1?_GUID_b196b285_bab4_101a_b69c_00aa00341d07@@3U__s_GUID@@BPAUIConnectionPoint@@V?$_CopyInterface@UIConnectionPoint@@@ATL@@VCComSingleThreadModel@6@@ATL@@@ATL@@UAEPAXI@Z 10003880 f i MICR.obj
 0001:000028a2       ?CreateInstance@CComClassFactory@ATL@@UAGJPAUIUnknown@@ABU_GUID@@PAPAX@Z 100038a2 f i MICR.obj
 0001:000028e0       ?LockServer@CComClassFactory@ATL@@UAGJH@Z 100038e0 f i MICR.obj
 0001:000028ff       ??_GCComClassFactory@ATL@@UAEPAXI@Z 100038ff f i MICR.obj
 0001:000028ff       ??_ECComClassFactory@ATL@@UAEPAXI@Z 100038ff f i MICR.obj
 0001:0000292a       ??$?4UITypeInfo2@@@?$CComPtr@UITypeInfo@@@ATL@@QAEPAUITypeInfo@@ABV?$CComPtr@UITypeInfo2@@@1@@Z 1000392a f i MICR.obj
 0001:00002957       ??$AtlAdd@K@ATL@@YAJPAKKK@Z 10003957 f i MICR.obj
 0001:0000297a       ??$AtlAdd@_K@ATL@@YAJPA_K_K1@Z 1000397a f i MICR.obj
 0001:000029b2       ??$AtlAddThrow@K@ATL@@YAKKK@Z 100039b2 f i MICR.obj
 0001:000029d8       ??$AtlModuleRegisterWndClassInfoT@VAtlModuleRegisterWndClassInfoParamW@ATL@@@ATL@@YAGPAU_ATL_BASE_MODULE70@0@PAU_ATL_WIN_MODULE70@0@PAU_ATL_WNDCLASSINFOW@0@PAP6GJPAUHWND__@@IIJ@ZVAtlModuleRegisterWndClassInfoParamW@0@@Z 100039d8 f i MICR.obj
 0001:00002b26       ??$AtlMultiply@H@ATL@@YAJPAHHH@Z 10003b26 f i MICR.obj
 0001:00002b5e       ??$AtlMultiply@K@ATL@@YAJPAKKK@Z 10003b5e f i MICR.obj
 0001:00002b5e       ??$AtlMultiply@I@ATL@@YAJPAIII@Z 10003b5e f i MICR.obj
 0001:00002b80       ??$AtlMultiplyThrow@I@ATL@@YAIII@Z 10003b80 f i MICR.obj
 0001:00002ba6       ??0?$CComAggObject@VCOPOSMICR@@@ATL@@QAE@PAX@Z 10003ba6 f i MICR.obj
 0001:00002bd3       ??0?$CComContainedObject@VCOPOSMICR@@@ATL@@QAE@PAX@Z 10003bd3 f i MICR.obj
 0001:00002c8c       ??0?$CComObject@V?$CComEnum@UIEnumConnectionPoints@@$1?_GUID_b196b285_bab4_101a_b69c_00aa00341d07@@3U__s_GUID@@BPAUIConnectionPoint@@V?$_CopyInterface@UIConnectionPoint@@@ATL@@VCComSingleThreadModel@6@@ATL@@@ATL@@QAE@PAX@Z 10003c8c f i MICR.obj
 0001:00002cba       ??0?$CComObject@V?$CComEnum@UIEnumConnections@@$1?_GUID_b196b287_bab4_101a_b69c_00aa00341d07@@3U__s_GUID@@BUtagCONNECTDATA@@V?$_Copy@UtagCONNECTDATA@@@ATL@@VCComSingleThreadModel@6@@ATL@@@ATL@@QAE@PAX@Z 10003cba f i MICR.obj
 0001:00002ce8       ??0?$CComObject@VCOPOSMICR@@@ATL@@QAE@PAX@Z 10003ce8 f i MICR.obj
 0001:00002d9f       ??0?$CComQIPtr@UIOleControlSite@@$1?_GUID_b196b289_bab4_101a_b69c_00aa00341d07@@3U__s_GUID@@B@ATL@@QAE@PAUIUnknown@@@Z 10003d9f f i MICR.obj
 0001:00002dc8       ??0CAtlModule@ATL@@QAE@XZ  10003dc8 f i MICR.obj
 0001:00002e09       ??0CParseBuffer@CRegParser@ATL@@QAE@H@Z 10003e09 f i MICR.obj
 0001:00002e3f       ??0_ATL_MSG@ATL@@QAE@PAUHWND__@@IIJH@Z 10003e3f f i MICR.obj
 0001:00002e77       ??1?$CComAggObject@VCOPOSMICR@@@ATL@@UAE@XZ 10003e77 f i MICR.obj
 0001:00002e9b       ??1?$CComEnumImpl@UIEnumConnectionPoints@@$1?_GUID_b196b285_bab4_101a_b69c_00aa00341d07@@3U__s_GUID@@BPAUIConnectionPoint@@V?$_CopyInterface@UIConnectionPoint@@@ATL@@@ATL@@UAE@XZ 10003e9b f i MICR.obj
 0001:00002edb       ??1?$CComEnumImpl@UIEnumConnections@@$1?_GUID_b196b287_bab4_101a_b69c_00aa00341d07@@3U__s_GUID@@BUtagCONNECTDATA@@V?$_Copy@UtagCONNECTDATA@@@ATL@@@ATL@@UAE@XZ 10003edb f i MICR.obj
 0001:00002f1b       ??1?$CComObject@V?$CComEnum@UIEnumConnectionPoints@@$1?_GUID_b196b285_bab4_101a_b69c_00aa00341d07@@3U__s_GUID@@BPAUIConnectionPoint@@V?$_CopyInterface@UIConnectionPoint@@@ATL@@VCComSingleThreadModel@6@@ATL@@@ATL@@UAE@XZ 10003f1b f i MICR.obj
 0001:00002f3e       ??1?$CComObject@V?$CComEnum@UIEnumConnections@@$1?_GUID_b196b287_bab4_101a_b69c_00aa00341d07@@3U__s_GUID@@BUtagCONNECTDATA@@V?$_Copy@UtagCONNECTDATA@@@ATL@@VCComSingleThreadModel@6@@ATL@@@ATL@@UAE@XZ 10003f3e f i MICR.obj
 0001:00002f61       ??1?$CComObject@VCOPOSMICR@@@ATL@@UAE@XZ 10003f61 f i MICR.obj
 0001:0000301f       ??1?$CComObjectCached@VCComClassFactory@ATL@@@ATL@@UAE@XZ 1000401f f i MICR.obj
 0001:00003035       ??1?$CComObjectRootEx@VCComMultiThreadModel@ATL@@@ATL@@QAE@XZ 10004035 f i MICR.obj
 0001:0000304a       ??1CRegObject@ATL@@UAE@XZ  1000404a f i MICR.obj
 0001:0000306a       ??4?$CComPtr@UIOleClientSite@@@ATL@@QAEPAUIOleClientSite@@PAU2@@Z 1000406a f i MICR.obj
 0001:0000306a       ??4?$CComPtr@UIAdviseSink@@@ATL@@QAEPAUIAdviseSink@@PAU2@@Z 1000406a f i MICR.obj
 0001:0000306a       ??4?$CComPtr@UIUnknown@@@ATL@@QAEPAUIUnknown@@PAU2@@Z 1000406a f i MICR.obj
 0001:0000309e       ??4?$CComQIPtr@UIOleObject@@$1?_GUID_00000112_0000_0000_c000_000000000046@@3U__s_GUID@@B@ATL@@QAEPAUIOleObject@@PAUIUnknown@@@Z 1000409e f i MICR.obj
 0001:000030c3       ??4?$CComQIPtr@UISpecifyPropertyPages@@$1?_GUID_b196b28b_bab4_101a_b69c_00aa00341d07@@3U__s_GUID@@B@ATL@@QAEPAUISpecifyPropertyPages@@PAUIUnknown@@@Z 100040c3 f i MICR.obj
 0001:000030e8       ??_E?$CComContainedObject@VCOPOSMICR@@@ATL@@UAEPAXI@Z 100040e8 f i MICR.obj
 0001:000030e8       ??_G?$CComContainedObject@VCOPOSMICR@@@ATL@@UAEPAXI@Z 100040e8 f i MICR.obj
 0001:0000310d       ??_G?$CComObject@VCOPOSMICR@@@ATL@@UAEPAXI@Z 1000410d f i MICR.obj
 0001:0000310d       ??_E?$CComObject@VCOPOSMICR@@@ATL@@UAEPAXI@Z 1000410d f i MICR.obj
 0001:00003132       ?Add@?$CSimpleArray@GV?$CSimpleArrayEqualHelper@G@ATL@@@ATL@@QAEHABG@Z 10004132 f i MICR.obj
 0001:000031b6       ?Add@?$CSimpleMap@PA_WPA_WVCExpansionVectorEqualHelper@ATL@@@ATL@@QAEHABQA_W0@Z 100041b6 f i MICR.obj
 0001:0000320b       ?Add@CComDynamicUnkArray@ATL@@QAEKPAUIUnknown@@@Z 1000420b f i MICR.obj
 0001:000032c1       ?Add@CExpansionVector@ATL@@QAEHPB_W0@Z 100042c1 f i MICR.obj
 0001:000033c5       ?AddString@CParseBuffer@CRegParser@ATL@@QAEHPB_W@Z 100043c5 f i MICR.obj
 0001:000033fa       ?AddValue@CRegParser@ATL@@IAEJAAVCRegKey@2@PB_WPA_W@Z 100043fa f i MICR.obj
 0001:0000371b       ?Allocate@?$CAtlSafeAllocBufferManager@VCCRTAllocator@ATL@@@_ATL_SAFE_ALLOCA_IMPL@ATL@@QAEPAXK@Z 1000471b f i MICR.obj
 0001:00003748       ?Allocate@?$CTempBuffer@E$0BAA@VCCRTAllocator@ATL@@@ATL@@QAEPAEI@Z 10004748 f i MICR.obj
 0001:00003777       ?Allocate@?$CTempBuffer@_W$0BAA@VCCRTAllocator@ATL@@@ATL@@QAEPA_WI@Z 10004777 f i MICR.obj
 0001:000037a6       ?Allocate@?$CTempBuffer@_W$0EAA@VCCRTAllocator@ATL@@@ATL@@QAEPA_WI@Z 100047a6 f i MICR.obj
 0001:000037d5       ?AllocateHeap@?$CTempBuffer@_W$0EAA@VCCRTAllocator@ATL@@@ATL@@AAEXI@Z 100047d5 f i MICR.obj
 0001:000037d5       ?AllocateHeap@?$CTempBuffer@_W$0BAA@VCCRTAllocator@ATL@@@ATL@@AAEXI@Z 100047d5 f i MICR.obj
 0001:000037d5       ?AllocateHeap@?$CTempBuffer@E$0BAA@VCCRTAllocator@ATL@@@ATL@@AAEXI@Z 100047d5 f i MICR.obj
 0001:000037fa       ?Append@CParseBuffer@CRegParser@ATL@@QAEHPB_WH@Z 100047fa f i MICR.obj
 0001:00003888       ?AtlCallTermFunc@ATL@@YGXPAU_ATL_MODULE70@1@@Z 10004888 f i MICR.obj
 0001:000038cc       ?AtlCoTaskMemCAlloc@ATL@@YAPAXKK@Z 100048cc f i MICR.obj
 0001:000038f9       ?AtlCoTaskMemRecalloc@ATL@@YAPAXPAXKK@Z 100048f9 f i MICR.obj
 0001:00003929       ?AtlComModuleGetClassObject@ATL@@YGJPAU_ATL_COM_MODULE70@1@ABU_GUID@@1PAPAX@Z 10004929 f i MICR.obj
 0001:00003a1c       ?AtlComModuleRegisterServer@ATL@@YGJPAU_ATL_COM_MODULE70@1@HPBU_GUID@@@Z 10004a1c f i MICR.obj
 0001:00003aa4       ?AtlComModuleUnregisterServer@ATL@@YGJPAU_ATL_COM_MODULE70@1@HPBU_GUID@@@Z 10004aa4 f i MICR.obj
 0001:00003b2c       ?AtlComQIPtrAssign2@ATL@@YAXPAPAUIUnknown@@PAU2@ABU_GUID@@@Z 10004b2c f i MICR.obj
 0001:00003b5b       ?AtlCreateTargetDC@ATL@@YGPAUHDC__@@PAU2@PAUtagDVTARGETDEVICE@@@Z 10004b5b f i MICR.obj
 0001:00003bc4       ?AtlCrtErrorCheck@ATL@@YAHH@Z 10004bc4 f i MICR.obj
 0001:00003bff       ?AtlHiMetricToPixel@ATL@@YGXPBUtagSIZE@@PAU2@@Z 10004bff f i MICR.obj
 0001:00003c74       ?AtlHresultFromLastError@ATL@@YAJXZ 10004c74 f i MICR.obj
 0001:00003c8b       ?AtlHresultFromWin32@ATL@@YAJK@Z 10004c8b f i MICR.obj
 0001:00003ca0       ?AtlIPersistStreamInit_Load@ATL@@YGJPAUIStream@@PBUATL_PROPMAP_ENTRY@1@PAXPAUIUnknown@@@Z 10004ca0 f i MICR.obj
 0001:00003e80       ?AtlIPersistStreamInit_Save@ATL@@YGJPAUIStream@@HPBUATL_PROPMAP_ENTRY@1@PAXPAUIUnknown@@@Z 10004e80 f i MICR.obj
 0001:00004018       ?AtlInternalOleLoadFromStream@ATL@@YAJPAUIStream@@ABU_GUID@@PAPAXTClassesAllowedInStream@1@K@Z 10005018 f i MICR.obj
 0001:0000413e       ?AtlInternalQueryInterface@ATL@@YGJPAXPBU_ATL_INTMAP_ENTRY@1@ABU_GUID@@PAPAX@Z 1000513e f i MICR.obj
 0001:000041e1       ?AtlLoadTypeLib@ATL@@YGJPAUHINSTANCE__@@PB_WPAPA_WPAPAUITypeLib@@@Z 100051e1 f i MICR.obj
 0001:000043bf       ?AtlModuleAddTermFunc@ATL@@YGJPAU_ATL_MODULE70@1@P6GXK@ZK@Z 100053bf f i MICR.obj
 0001:0000441c       ?AtlRegisterClassCategoriesHelper@ATL@@YGJABU_GUID@@PBU_ATL_CATMAP_ENTRY@1@H@Z 1000541c f i MICR.obj
 0001:000046fc       ?AtlRegisterTypeLib@ATL@@YGJPAUHINSTANCE__@@PB_W@Z 100056fc f i MICR.obj
 0001:00004884       ?AtlThrowImpl@ATL@@YGXJ@Z  10005884 f i MICR.obj
 0001:000048a2       ?AtlUnRegisterTypeLib@ATL@@YGJPAUHINSTANCE__@@PB_W@Z 100058a2 f i MICR.obj
 0001:0000494d       ?AtlWinModuleAddCreateWndData@ATL@@YGXPAU_ATL_WIN_MODULE70@1@PAU_AtlCreateWndData@1@PAX@Z 1000594d f i MICR.obj
 0001:000049a1       ?AtlWinModuleExtractCreateWndData@ATL@@YGPAXPAU_ATL_WIN_MODULE70@1@@Z 100059a1 f i MICR.obj
 0001:00004a04       ?AtlWinModuleRegisterClassExW@ATL@@YGGPAU_ATL_WIN_MODULE70@1@PBUtagWNDCLASSEXW@@@Z 10005a04 f i MICR.obj
 0001:00004a43       ?CanForceRemoveKey@CRegParser@ATL@@IAEHPB_W@Z 10005a43 f i MICR.obj
 0001:00004a72       ?ChToByte@CRegParser@ATL@@KAE_W@Z 10005a72 f i MICR.obj
 0001:00004aa5       ?Cleanup@CComTypeInfoHolder@ATL@@SGXK@Z 10005aa5 f i MICR.obj
 0001:00004ad8       ?ClearReplacements@CExpansionVector@ATL@@QAEJXZ 10005ad8 f i MICR.obj
 0001:00004b15       ?Close@CRegKey@ATL@@QAEJXZ 10005b15 f i MICR.obj
 0001:00004b2f       ?CreateInstance@?$CComCreator@V?$CComAggObject@VCOPOSMICR@@@ATL@@@ATL@@SGJPAXABU_GUID@@PAPAX@Z 10005b2f f i MICR.obj
 0001:00004ba5       ?CreateInstance@?$CComCreator@V?$CComObject@VCOPOSMICR@@@ATL@@@ATL@@SGJPAXABU_GUID@@PAPAX@Z 10005ba5 f i MICR.obj
 0001:00004c26       ?CreateInstance@?$CComObject@V?$CComEnum@UIEnumConnectionPoints@@$1?_GUID_b196b285_bab4_101a_b69c_00aa00341d07@@3U__s_GUID@@BPAUIConnectionPoint@@V?$_CopyInterface@UIConnectionPoint@@@ATL@@VCComSingleThreadModel@6@@ATL@@@ATL@@SGJPAPAV12@@Z 10005c26 f i MICR.obj
 0001:00004c6d       ?CreateInstance@?$CComObject@V?$CComEnum@UIEnumConnections@@$1?_GUID_b196b287_bab4_101a_b69c_00aa00341d07@@3U__s_GUID@@BUtagCONNECTDATA@@V?$_Copy@UtagCONNECTDATA@@@ATL@@VCComSingleThreadModel@6@@ATL@@@ATL@@SGJPAPAV12@@Z 10005c6d f i MICR.obj
 0001:00004cb4       ?DefaultReflectionHandler@?$CWindowImplRoot@VCWindow@ATL@@@ATL@@SAHPAUHWND__@@IIJAAJ@Z 10005cb4 f i MICR.obj
 0001:00004d27       ?DeleteSubKey@CRegKey@ATL@@QAEJPB_W@Z 10005d27 f i MICR.obj
 0001:00004da0       ?DoEvent@COPOSMICR@@IAEXIIJ@Z 10005da0 f i MICR.obj
 0001:00004e20       ?DoVerbHide@?$IOleObjectImpl@VCOPOSMICR@@@ATL@@QAEJPBUtagRECT@@PAUHWND__@@@Z 10005e20 f i MICR.obj
 0001:00004e56       ?DoVerbInPlaceActivate@?$IOleObjectImpl@VCOPOSMICR@@@ATL@@QAEJPBUtagRECT@@PAUHWND__@@@Z 10005e56 f i MICR.obj
 0001:00004e89       ?DoVerbPrimary@?$IOleObjectImpl@VCOPOSMICR@@@ATL@@QAEJPBUtagRECT@@PAUHWND__@@@Z 10005e89 f i MICR.obj
 0001:00004f15       ?DoVerbProperties@CComControlBase@ATL@@QAEJPBUtagRECT@@PAUHWND__@@@Z 10005f15 f i MICR.obj
 0001:0000503c       ?DoVerbShow@?$IOleObjectImpl@VCOPOSMICR@@@ATL@@QAEJPBUtagRECT@@PAUHWND__@@@Z 1000603c f i MICR.obj
 0001:00005061       ?DoVerbUIActivate@?$IOleObjectImpl@VCOPOSMICR@@@ATL@@QAEJPBUtagRECT@@PAUHWND__@@@Z 10006061 f i MICR.obj
 0001:0000509e       ?DoesVerbActivate@CComControlBase@ATL@@QAEHJ@Z 1000609e f i MICR.obj
 0001:000050bf       ?DoesVerbUIActivate@CComControlBase@ATL@@QAEHJ@Z 100060bf f i MICR.obj
 0001:000050f4       ?EndOfVar@CRegParser@ATL@@IAEHXZ 100060f4 f i MICR.obj
 0001:00005114       ?EscapeSingleQuote@CAtlModule@ATL@@SAXPA_WIPB_W@Z 10006114 f i MICR.obj
 0001:00005163       ?FindKey@?$CSimpleMap@PA_WPA_WVCExpansionVectorEqualHelper@ATL@@@ATL@@QBEHABQA_W@Z 10006163 f i MICR.obj
 0001:0000519a       ?FireTheEvent@?$CProxy_IOPOSEvents@VCOPOSMICR@@@@IAEXPAVOposVariant@@IAAJPB_WJ@Z 1000619a f i MICR.obj
 0001:0000522c       ?FireViewChange@CComControlBase@ATL@@QAEJXZ 1000622c f i MICR.obj
 0001:00005275       ?Fire_DataEvent@?$CProxy_IOPOSEvents@VCOPOSMICR@@@@QAEXJ@Z 10006275 f i MICR.obj
 0001:00005301       ?Fire_DirectIOEvent@?$CProxy_IOPOSEvents@VCOPOSMICR@@@@QAEXJPAJPAPA_W@Z 10006301 f i MICR.obj
 0001:000053e7       ?Fire_ErrorEvent@?$CProxy_IOPOSEvents@VCOPOSMICR@@@@QAEXJJJPAJ@Z 100063e7 f i MICR.obj
 0001:000054ce       ?Fire_StatusUpdateEvent@?$CProxy_IOPOSEvents@VCOPOSMICR@@@@QAEXJ@Z 100064ce f i MICR.obj
 0001:0000555a       ?FreeHeap@?$CTempBuffer@_W$0BAA@VCCRTAllocator@ATL@@@ATL@@AAEXXZ 1000655a f i MICR.obj
 0001:0000555a       ?FreeHeap@?$CTempBuffer@_W$0EAA@VCCRTAllocator@ATL@@@ATL@@AAEXXZ 1000655a f i MICR.obj
 0001:0000555a       ?FreeHeap@?$CTempBuffer@E$0BAA@VCCRTAllocator@ATL@@@ATL@@AAEXXZ 1000655a f i MICR.obj
 0001:00005563       ?GetAmbientLocaleID@CComControlBase@ATL@@QAEJAAK@Z 10006563 f i MICR.obj
 0001:000055bf       ?GetAmbientUserMode@CComControlBase@ATL@@QAEJAAH@Z 100065bf f i MICR.obj
 0001:0000562f       ?GetAt@CComDynamicUnkArray@ATL@@QAEPAUIUnknown@@H@Z 1000662f f i MICR.obj
 0001:0000564b       ?GetClassObject@CComModule@ATL@@QAEJABU_GUID@@0PAPAX@Z 1000664b f i MICR.obj
 0001:000056ed       ?GetConnMap@COPOSMICR@@SAPBU_ATL_CONNMAP_ENTRY@ATL@@PAH@Z 100066ed f i MICR.obj
 0001:0000575d       ?GetCookie@CComDynamicUnkArray@ATL@@QAGKPAPAUIUnknown@@@Z 1000675d f i MICR.obj
 0001:00005795       ?GetIDsOfNames@CComTypeInfoHolder@ATL@@QAEJABU_GUID@@PAPA_WIKPAJ@Z 10006795 f i MICR.obj
 0001:000058a3       ?GetKeyAt@?$CSimpleMap@PA_WPA_WVCExpansionVectorEqualHelper@ATL@@@ATL@@QBEAAPA_WH@Z 100068a3 f i MICR.obj
 0001:000058c8       ?GetPagesHelper@?$ISpecifyPropertyPagesImpl@VCOPOSMICR@@@ATL@@IAEJPAUtagCAUUID@@PBUATL_PROPMAP_ENTRY@2@@Z 100068c8 f i MICR.obj
 0001:000059ef       ?GetProperty@?$CComPtr@UIDispatch@@@ATL@@SAJPAUIDispatch@@JPAUtagVARIANT@@@Z 100069ef f i MICR.obj
 0001:00005a3e       ?GetSizeMax@CComVariant@ATL@@QBEJPAT_ULARGE_INTEGER@@@Z 10006a3e f i MICR.obj
 0001:00005bf8       ?GetStreamSize@CComBSTR@ATL@@SAKPA_W@Z 10006bf8 f i MICR.obj
 0001:00005c12       ?GetTI@CComTypeInfoHolder@ATL@@QAEJK@Z 10006c12 f i MICR.obj
 0001:00005dfb       ?GetTI@CComTypeInfoHolder@ATL@@QAEJKPAPAUITypeInfo@@@Z 10006dfb f i MICR.obj
 0001:00005e3d       ?GetUnknown@CComDynamicUnkArray@ATL@@QAGPAUIUnknown@@K@Z 10006e3d f i MICR.obj
 0001:00005e5e       ?GetValueAt@?$CSimpleMap@PA_WPA_WVCExpansionVectorEqualHelper@ATL@@@ATL@@QBEAAPA_WH@Z 10006e5e f i MICR.obj
 0001:00005e84       ?GetZoomInfo@CComControlBase@ATL@@QAEXAAUATL_DRAWINFO@@@Z 10006e84 f i MICR.obj
 0001:00005f17       ?HKeyFromString@CRegParser@ATL@@KAPAUHKEY__@@PA_W@Z 10006f17 f i MICR.obj
 0001:00005f45       ?HasSubKeys@CRegParser@ATL@@IAEHPAUHKEY__@@@Z 10006f45 f i MICR.obj
 0001:00005f7a       ?IDataObject_GetData@CComControlBase@ATL@@QAEJPAUtagFORMATETC@@PAUtagSTGMEDIUM@@@Z 10006f7a f i MICR.obj
 0001:00006120       ?IOleInPlaceObject_InPlaceDeactivate@CComControlBase@ATL@@QAEJXZ 10007120 f i MICR.obj
 0001:000061a7       ?IOleInPlaceObject_SetObjectRects@CComControlBase@ATL@@QAEJPBUtagRECT@@0@Z 100071a7 f i MICR.obj
 0001:00006274       ?IOleInPlaceObject_UIDeactivate@CComControlBase@ATL@@QAEJXZ 10007274 f i MICR.obj
 0001:00006336       ?IOleObject_Advise@CComControlBase@ATL@@QAEJPAUIAdviseSink@@PAK@Z 10007336 f i MICR.obj
 0001:00006360       ?IOleObject_Close@CComControlBase@ATL@@QAEJK@Z 10007360 f i MICR.obj
 0001:00006444       ?IOleObject_GetClientSite@CComControlBase@ATL@@QAEJPAPAUIOleClientSite@@@Z 10007444 f i MICR.obj
 0001:0000646d       ?IOleObject_SetClientSite@CComControlBase@ATL@@QAEJPAUIOleClientSite@@@Z 1000746d f i MICR.obj
 0001:000064ac       ?IOleObject_SetExtent@CComControlBase@ATL@@QAEJKPAUtagSIZE@@@Z 100074ac f i MICR.obj
 0001:00006560       ?IPSI_GetIPersistStreamInit@?$IPersistStorageImpl@VCOPOSMICR@@@ATL@@AAEPAUIPersistStreamInit@@XZ 10007560 f i MICR.obj
 0001:000065a2       ?IPersistStreamInit_Load@?$IPersistStreamInitImpl@VCOPOSMICR@@@ATL@@QAEJPAUIStream@@PBUATL_PROPMAP_ENTRY@2@@Z 100075a2 f i MICR.obj
 0001:000065ce       ?IPersistStreamInit_Save@?$IPersistStreamInitImpl@VCOPOSMICR@@@ATL@@QAEJPAUIStream@@HPBUATL_PROPMAP_ENTRY@2@@Z 100075ce f i MICR.obj
 0001:00006603       ?IQuickActivate_QuickActivate@CComControlBase@ATL@@QAEJPAUtagQACONTAINER@@PAUtagQACONTROL@@@Z 10007603 f i MICR.obj
 0001:00006845       ?IViewObject_Draw@CComControlBase@ATL@@QAEJKJPAXPAUtagDVTARGETDEVICE@@PAUHDC__@@2PBU_RECTL@@3@Z 10007845 f i MICR.obj
 0001:000068ed       ?InPlaceActivate@CComControlBase@ATL@@QAEJJPBUtagRECT@@@Z 100078ed f i MICR.obj
 0001:00006b5e       ?Init@?$CComEnumImpl@UIEnumConnectionPoints@@$1?_GUID_b196b285_bab4_101a_b69c_00aa00341d07@@3U__s_GUID@@BPAUIConnectionPoint@@V?$_CopyInterface@UIConnectionPoint@@@ATL@@@ATL@@QAEJPAPAUIConnectionPoint@@0PAUIUnknown@@W4CComEnumFlags@2@@Z 10007b5e f i MICR.obj
 0001:00006c3d       ?Init@?$CComEnumImpl@UIEnumConnections@@$1?_GUID_b196b287_bab4_101a_b69c_00aa00341d07@@3U__s_GUID@@BUtagCONNECTDATA@@V?$_Copy@UtagCONNECTDATA@@@ATL@@@ATL@@QAEJPAUtagCONNECTDATA@@0PAUIUnknown@@W4CComEnumFlags@2@@Z 10007c3d f i MICR.obj
 0001:00006d1c       ?Init@CComModule@ATL@@QAEJPAU_ATL_OBJMAP_ENTRY30@2@PAUHINSTANCE__@@PBU_GUID@@@Z 10007d1c f i MICR.obj
 0001:00006d7b       ?Init@CDynamicStdCallThunk2@ATL@@QAEHKPAX@Z 10007d7b f i MICR.obj
 0001:00006da6       ?InlineIsEqualUnknown@ATL@@YGHABU_GUID@@@Z 10007da6 f i MICR.obj
 0001:00006dce       ?InternalGetSite@CComControlBase@ATL@@QAEJABU_GUID@@PAPAX@Z 10007dce f i MICR.obj
 0001:00006dfc       ?InternalSetAtIndex@?$CSimpleMap@PA_WPA_WVCExpansionVectorEqualHelper@ATL@@@ATL@@QAEXHABQA_W0@Z 10007dfc f i MICR.obj
 0001:00006e26       ?Invoke@CComTypeInfoHolder@ATL@@QAEJPAUIDispatch@@JABU_GUID@@KGPAUtagDISPPARAMS@@PAUtagVARIANT@@PAUtagEXCEPINFO@@PAI@Z 10007e26 f i MICR.obj
 0001:00006e69       ?IsEqualObject@?$CComPtrBase@UITypeInfo@@@ATL@@QAE_NPAUIUnknown@@@Z 10007e69 f i MICR.obj
 0001:00006e69       ?IsEqualObject@?$CComPtrBase@UIOleClientSite@@@ATL@@QAE_NPAUIUnknown@@@Z 10007e69 f i MICR.obj
 0001:00006ed6       ?IsSpace@CRegParser@ATL@@IAEH_W@Z 10007ed6 f i MICR.obj
 0001:00006f00       ?LoadNameCache@CComTypeInfoHolder@ATL@@QAEJPAUITypeInfo@@@Z 10007f00 f i MICR.obj
 0001:0000704e       ?Lookup@?$CSimpleMap@PA_WPA_WVCExpansionVectorEqualHelper@ATL@@@ATL@@QBEPA_WABQA_W@Z 1000804e f i MICR.obj
 0001:00007074       ?NextToken@CRegParser@ATL@@IAEJPA_W@Z 10008074 f i MICR.obj
 0001:000071ac       ?OnKillFocus@CComControlBase@ATL@@QAEJIIJAAH@Z 100081ac f i MICR.obj
 0001:00007207       ?OnMouseActivate@CComControlBase@ATL@@QAEJIIJAAH@Z 10008207 f i MICR.obj
 0001:00007275       ?OnPaint@CComControlBase@ATL@@QAEJIIJAAH@Z 10008275 f i MICR.obj
 0001:00007327       ?OnSetFocus@CComControlBase@ATL@@QAEJIIJAAH@Z 10008327 f i MICR.obj
 0001:000073b0       ?Open@CRegKey@ATL@@QAEJPAUHKEY__@@PB_WK@Z 100083b0 f i MICR.obj
 0001:00007405       ?PreProcessBuffer@CRegParser@ATL@@QAEJPA_WPAPA_W@Z 10008405 f i MICR.obj
 0001:0000766f       ?ProcessWindowMessage@?$CComControl@VCOPOSMICR@@V?$CWindowImpl@VCOPOSMICR@@VCWindow@ATL@@V?$CWinTraits@$0FGAAAAAA@$0A@@3@@ATL@@@ATL@@UAEHPAUHWND__@@IIJAAJK@Z 1000866f f i MICR.obj
 0001:0000770e       ?PutProperty@?$CComPtr@UIDispatch@@@ATL@@SAJPAUIDispatch@@JPAUtagVARIANT@@@Z 1000870e f i MICR.obj
 0001:000077a0       ?ReadFromStream@CComBSTR@ATL@@QAEJPAUIStream@@@Z 100087a0 f i MICR.obj
 0001:000078ce       ?ReadFromStream@CComVariant@ATL@@QAEJPAUIStream@@GTClassesAllowedInStream@2@K@Z 100088ce f i MICR.obj
 0001:00007a54       ?RecurseDeleteKey@CRegKey@ATL@@QAEJPB_W@Z 10008a54 f i MICR.obj
 0001:00007b16       ?RegCreateKeyExW@CAtlTransactionManager@ATL@@QAEJPAUHKEY__@@PB_WKPA_WKKQAU_SECURITY_ATTRIBUTES@@PAPAU3@PAK@Z 10008b16 f i MICR.obj
 0001:00007b79       ?RegDeleteKeyW@CAtlTransactionManager@ATL@@QAEJPAUHKEY__@@PB_W@Z 10008b79 f i MICR.obj
 0001:00007bcb       ?RegOpenKeyExW@CAtlTransactionManager@ATL@@QAEJPAUHKEY__@@PB_WKKPAPAU3@@Z 10008bcb f i MICR.obj
 0001:00007c22       ?Register@_ATL_WNDCLASSINFOW@ATL@@QAEGPAP6GJPAUHWND__@@IIJ@Z@Z 10008c22 f i MICR.obj
 0001:00007c42       ?RegisterBuffer@CRegParser@ATL@@QAEJPA_WH@Z 10008c42 f i MICR.obj
 0001:00007d7b       ?RegisterFromResource@CRegObject@ATL@@IAEJPB_W00H@Z 10008d7b f i MICR.obj
 0001:00007eb1       ?RegisterServer@?$CAtlModuleT@VCComModule@ATL@@@ATL@@QAEJHPBU_GUID@@@Z 10008eb1 f i MICR.obj
 0001:00007edf       ?RegisterServer@CComModule@ATL@@QAEJHPBU_GUID@@@Z 10008edf f i MICR.obj
 0001:00007f55       ?RegisterSubkeys@CRegParser@ATL@@IAEJPA_WPAUHKEY__@@HH@Z 10008f55 f i MICR.obj
 0001:00008527       ?Remove@CComDynamicUnkArray@ATL@@QAEHK@Z 10009527 f i MICR.obj
 0001:00008550       ?RemoveAll@?$CSimpleMap@PA_WPA_WVCExpansionVectorEqualHelper@ATL@@@ATL@@QAEXXZ 10009550 f i MICR.obj
 0001:0000857c       ?ResourceRegisterSz@CRegObject@ATL@@QAGJPB_W00@Z 1000957c f i MICR.obj
 0001:000085a9       ?ResourceUnregisterSz@CRegObject@ATL@@QAGJPB_W00@Z 100095a9 f i MICR.obj
 0001:000085d6       ?SendOnDataChange@CComControlBase@ATL@@QAEJK@Z 100095d6 f i MICR.obj
 0001:00008623       ?SetControlFocus@CComControlBase@ATL@@QAEHH@Z 10009623 f i MICR.obj
 0001:000086c0       ?SetMultiStringValue@CRegKey@ATL@@QAEJPB_W0@Z 100096c0 f i MICR.obj
 0001:0000871c       ?SetStringValue@CRegKey@ATL@@QAEJPB_W0K@Z 1000971c f i MICR.obj
 0001:00008765       ?SkipAssignment@CRegParser@ATL@@IAEJPA_W@Z 10009765 f i MICR.obj
 0001:000087ca       ?SkipWhiteSpace@CRegParser@ATL@@IAEXXZ 100097ca f i MICR.obj
 0001:000087ec       ?StrChrW@CRegParser@ATL@@KAPA_WPA_W_W@Z 100097ec f i MICR.obj
 0001:00008829       ?Term@CAtlModule@ATL@@QAEXXZ 10009829 f i MICR.obj
 0001:00008862       ?Term@CComModule@ATL@@QAEXXZ 10009862 f i MICR.obj
 0001:000088ba       ?UnregisterServer@?$CAtlModuleT@VCComModule@ATL@@@ATL@@QAEJHPBU_GUID@@@Z 100098ba f i MICR.obj
 0001:000088e0       ?UnregisterServer@CComModule@ATL@@QAEJHPBU_GUID@@@Z 100098e0 f i MICR.obj
 0001:00008956       ?UpdateRegistryFromResource@CAtlModule@ATL@@QAGJIHPAU_ATL_REGMAP_ENTRY@2@@Z 10009956 f i MICR.obj
 0001:00008b21       ?UpdateRegistryFromResource@CAtlModule@ATL@@QAGJPB_WHPAU_ATL_REGMAP_ENTRY@2@@Z 10009b21 f i MICR.obj
 0001:00008cf2       ?VTFromRegType@CRegParser@ATL@@KAHPB_WAAG@Z 10009cf2 f i MICR.obj
 0001:00008d5f       ?WindowProc@?$CWindowImplBaseT@VCWindow@ATL@@V?$CWinTraits@$0FGAAAAAA@$0A@@2@@ATL@@SGJPAUHWND__@@IIJ@Z 10009d5f f i MICR.obj
 0001:00008e51       ?WriteToStream@CComBSTR@ATL@@QAEJPAUIStream@@@Z 10009e51 f i MICR.obj
 0001:00008ea8       ?WriteToStream@CComVariant@ATL@@QAEJPAUIStream@@@Z 10009ea8 f i MICR.obj
 0001:00009022       ?WriteToStream@CComVariant@ATL@@QAEJPAUIStream@@G@Z 1000a022 f i MICR.obj
 0001:0000908b       ?_AtlInitialConstruct@?$CComObjectRootEx@VCComMultiThreadModel@ATL@@@ATL@@QAEJXZ 1000a08b f i MICR.obj
 0001:000090a0       ?_AtlVerifyStackAvailable@_ATL_SAFE_ALLOCA_IMPL@ATL@@YA_NK@Z 1000a0a0 f i MICR.obj
 0001:0000911e       ?atlCreate@?$CWindowImpl@VCOPOSMICR@@VCWindow@ATL@@V?$CWinTraits@$0FGAAAAAA@$0A@@3@@ATL@@QAEPAUHWND__@@PAU3@V_U_RECT@2@PB_WKKV_U_MENUorID@2@PAX@Z 1000a11e f i MICR.obj
 0001:00009162       ?atlCreate@?$CWindowImplBaseT@VCWindow@ATL@@V?$CWinTraits@$0FGAAAAAA@$0A@@2@@ATL@@QAEPAUHWND__@@PAU3@V_U_RECT@2@PB_WKKV_U_MENUorID@2@GPAX@Z 1000a162 f i MICR.obj
 0001:000091fe       ?atlCreate@CRegKey@ATL@@QAEJPAUHKEY__@@PB_WPA_WKKPAU_SECURITY_ATTRIBUTES@@PAK@Z 1000a1fe f i MICR.obj
 0001:0000926d       ?copy@?$_Copy@UtagCONNECTDATA@@@ATL@@SAJPAUtagCONNECTDATA@@PBU3@@Z 1000a26d f i MICR.obj
 0001:000092a3       ?copy@?$_CopyInterface@UIConnectionPoint@@@ATL@@SAJPAPAUIConnectionPoint@@PBQAU3@@Z 1000a2a3 f i MICR.obj
 0001:000092d1       ?memcpy_s@Checked@ATL@@YAXPAXIPBXI@Z 1000a2d1 f i MICR.obj
 0001:000092f0       ?ocscpy_s@@YA_NPA_WIPB_W@Z 1000a2f0 f i MICR.obj
 0001:0000931f       ?ocslen@@YAHPB_W@Z         1000a31f f i MICR.obj
 0001:0000933f       ?wcscpy_s@Checked@ATL@@YAXPA_WIPB_W@Z 1000a33f f i MICR.obj
 0001:0000935b       _DllCanUnloadNow@0         1000a35b f   MICR.obj
 0001:00009367       _DllGetClassObject@12      1000a367 f   MICR.obj
 0001:00009375       _DllMain@12                1000a375 f   MICR.obj
 0001:000093b7       _DllRegisterServer@0       1000a3b7 f   MICR.obj
 0001:000093c6       _DllUnregisterServer@0     1000a3c6 f   MICR.obj
 0001:000093d5       _InlineIsEqualGUID         1000a3d5 f i MICR.obj
 0001:00009405       ___local_stdio_printf_options 1000a405 f i MICR.obj
 0001:0000940b       __vswprintf_s_l            1000a40b f i MICR.obj
 0001:000094b8       _swprintf_s                1000a4b8 f i MICR.obj
 0001:000094d4       ??0?$CComControl@VCOPOSMICR@@V?$CWindowImpl@VCOPOSMICR@@VCWindow@ATL@@V?$CWinTraits@$0FGAAAAAA@$0A@@3@@ATL@@@ATL@@QAE@XZ 1000a4d4 f i MICRImpl.obj
 0001:000094fb       ??0?$CProxy_IOPOSEvents@VCOPOSMICR@@@@QAE@XZ 1000a4fb f i MICRImpl.obj
 0001:0000951b       ??0CComControlBase@ATL@@QAE@AAPAUHWND__@@@Z 1000a51b f i MICRImpl.obj
 0001:00009565       ??0COPOSMICR@@QAE@XZ       1000a565 f   MICRImpl.obj
 0001:0000959b       ??1?$CComControl@VCOPOSMICR@@V?$CWindowImpl@VCOPOSMICR@@VCWindow@ATL@@V?$CWinTraits@$0FGAAAAAA@$0A@@3@@ATL@@@ATL@@UAE@XZ 1000a59b f i MICRImpl.obj
 0001:000095b4       ??1?$IConnectionPointImpl@VCOPOSMICR@@$1?IID_IPropertyNotifySink@@3U_GUID@@BVCComDynamicUnkArray@ATL@@@ATL@@QAE@XZ 1000a5b4 f i MICRImpl.obj
 0001:000095b4       ??1?$IConnectionPointImpl@VCOPOSMICR@@$1?DIID__IOPOSMICREvents@@3U_GUID@@BVCComDynamicUnkArray@ATL@@@ATL@@QAE@XZ 1000a5b4 f i MICRImpl.obj
 0001:000095f1       ??1CComControlBase@ATL@@UAE@XZ 1000a5f1 f i MICRImpl.obj
 0001:00009654       ??1COPOSMICR@@UAE@XZ       1000a654 f   MICRImpl.obj
 0001:0000969c       ??1OposVariantResult@@QAE@XZ 1000a69c f i MICRImpl.obj
 0001:000096bd       ??1_CW@@QAE@XZ             1000a6bd f i MICRImpl.obj
 0001:000096d6       ?BeginInsertion@COPOSMICR@@UAGJJPAJ@Z 1000a6d6 f   MICRImpl.obj
 0001:00009725       ?BeginRemoval@COPOSMICR@@UAGJJPAJ@Z 1000a725 f   MICRImpl.obj
 0001:00009774       ?CheckHealth@COPOSMICR@@UAGJJPAJ@Z 1000a774 f   MICRImpl.obj
 0001:000097c3       ?ClaimDevice@COPOSMICR@@UAGJJPAJ@Z 1000a7c3 f   MICRImpl.obj
 0001:00009838       ?ClearInput@COPOSMICR@@UAGJPAJ@Z 1000a838 f   MICRImpl.obj
 0001:00009853       ?ClearInputProperties@COPOSMICR@@UAGJPAJ@Z 1000a853 f   MICRImpl.obj
 0001:0000986e       ?Close@COPOSMICR@@UAGJPAJ@Z 1000a86e f   MICRImpl.obj
 0001:000098dc       ?CompareFirmwareVersion@COPOSMICR@@UAGJPA_WPAJ1@Z 1000a8dc f   MICRImpl.obj
 0001:0000995c       ?DirectIO@COPOSMICR@@UAGJJPAJPAPA_W0@Z 1000a95c f   MICRImpl.obj
 0001:00009a0a       ?DoInvoke@COPOSMICR@@IAEJJPAVOposVariant@@IHPAJ_N@Z 1000aa0a f   MICRImpl.obj
 0001:00009acc       ?EndInsertion@COPOSMICR@@UAGJPAJ@Z 1000aacc f   MICRImpl.obj
 0001:00009ae7       ?EndRemoval@COPOSMICR@@UAGJPAJ@Z 1000aae7 f   MICRImpl.obj
 0001:00009b02       ?EventClose@COPOSMICR@@IAEXXZ 1000ab02 f i MICRImpl.obj
 0001:00009b35       ?EventInit@COPOSMICR@@IAEJXZ 1000ab35 f i MICRImpl.obj
 0001:00009c01       ?EventUninit@COPOSMICR@@IAEXXZ 1000ac01 f i MICRImpl.obj
 0001:00009c53       ?EventWindowProc@COPOSMICR@@IAGJIIJ@Z 1000ac53 f i MICRImpl.obj
 0001:00009d27       ?FinalConstruct@COPOSMICR@@QAEJXZ 1000ad27 f   MICRImpl.obj
 0001:00009d60       ?FireEventCleanup@COPOSMICR@@IAEXXZ 1000ad60 f i MICRImpl.obj
 0001:00009d76       ?FireEventSetup@COPOSMICR@@IAE_NXZ 1000ad76 f i MICRImpl.obj
 0001:00009daa       ?FreezeEvents@COPOSMICR@@MAGJH@Z 1000adaa f   MICRImpl.obj
 0001:00009e0a       ?GetOposProp@COPOSMICR@@IAEJJPAFJ@Z 1000ae0a f   MICRImpl.obj
 0001:00009e2d       ?GetOposProp@COPOSMICR@@IAEJJPAJJ@Z 1000ae2d f   MICRImpl.obj
 0001:00009eeb       ?GetOposProp@COPOSMICR@@IAEJJPAPA_WJ@Z 1000aeeb f   MICRImpl.obj
 0001:00009fb6       ?OnDraw@COPOSMICR@@MAEJAAUATL_DRAWINFO@@@Z 1000afb6 f   MICRImpl.obj
 0001:0000a056       ?Open@COPOSMICR@@UAGJPA_WPAJ@Z 1000b056 f   MICRImpl.obj
 0001:0000a7f0       ?ReleaseDevice@COPOSMICR@@UAGJPAJ@Z 1000b7f0 f   MICRImpl.obj
 0001:0000a83f       ?ResetStatistics@COPOSMICR@@UAGJPA_WPAJ@Z 1000b83f f   MICRImpl.obj
 0001:0000a896       ?RetrieveStatistics@COPOSMICR@@UAGJPAPA_WPAJ@Z 1000b896 f   MICRImpl.obj
 0001:0000a8ed       ?SOProcessID@COPOSMICR@@UAGJPAJ@Z 1000b8ed f   MICRImpl.obj
 0001:0000a901       ?SetCOFreezeEvents@COPOSMICR@@IAEXF@Z 1000b901 f   MICRImpl.obj
 0001:0000a98c       ?SetOposProp@COPOSMICR@@IAEJJJJ@Z 1000b98c f   MICRImpl.obj
 0001:0000aa6a       ?UpdateFirmware@COPOSMICR@@UAGJPA_WPAJ@Z 1000ba6a f   MICRImpl.obj
 0001:0000aac1       ?UpdateStatistics@COPOSMICR@@UAGJPA_WPAJ@Z 1000bac1 f   MICRImpl.obj
 0001:0000ab18       ?get_AccountNumber@COPOSMICR@@UAGJPAPA_W@Z 1000bb18 f   MICRImpl.obj
 0001:0000ab31       ?get_Amount@COPOSMICR@@UAGJPAPA_W@Z 1000bb31 f   MICRImpl.obj
 0001:0000ab4a       ?get_AutoDisable@COPOSMICR@@UAGJPAF@Z 1000bb4a f   MICRImpl.obj
 0001:0000ab60       ?get_BankNumber@COPOSMICR@@UAGJPAPA_W@Z 1000bb60 f   MICRImpl.obj
 0001:0000ab79       ?get_BinaryConversion@COPOSMICR@@UAGJPAJ@Z 1000bb79 f   MICRImpl.obj
 0001:0000ab8f       ?get_CapCompareFirmwareVersion@COPOSMICR@@UAGJPAF@Z 1000bb8f f   MICRImpl.obj
 0001:0000aba8       ?get_CapPowerReporting@COPOSMICR@@UAGJPAJ@Z 1000bba8 f   MICRImpl.obj
 0001:0000abc1       ?get_CapStatisticsReporting@COPOSMICR@@UAGJPAF@Z 1000bbc1 f   MICRImpl.obj
 0001:0000abda       ?get_CapUpdateFirmware@COPOSMICR@@UAGJPAF@Z 1000bbda f   MICRImpl.obj
 0001:0000abf3       ?get_CapUpdateStatistics@COPOSMICR@@UAGJPAF@Z 1000bbf3 f   MICRImpl.obj
 0001:0000ac0c       ?get_CapValidationDevice@COPOSMICR@@UAGJPAF@Z 1000bc0c f   MICRImpl.obj
 0001:0000ac25       ?get_CheckHealthText@COPOSMICR@@UAGJPAPA_W@Z 1000bc25 f   MICRImpl.obj
 0001:0000ac3e       ?get_CheckType@COPOSMICR@@UAGJPAJ@Z 1000bc3e f   MICRImpl.obj
 0001:0000ac57       ?get_Claimed@COPOSMICR@@UAGJPAF@Z 1000bc57 f   MICRImpl.obj
 0001:0000ac6d       ?get_ControlObjectDescription@COPOSMICR@@UAGJPAPA_W@Z 1000bc6d f   MICRImpl.obj
 0001:0000acaa       ?get_ControlObjectVersion@COPOSMICR@@UAGJPAJ@Z 1000bcaa f   MICRImpl.obj
 0001:0000acbd       ?get_CountryCode@COPOSMICR@@UAGJPAJ@Z 1000bcbd f   MICRImpl.obj
 0001:0000acd6       ?get_DataCount@COPOSMICR@@UAGJPAJ@Z 1000bcd6 f   MICRImpl.obj
 0001:0000acec       ?get_DataEventEnabled@COPOSMICR@@UAGJPAF@Z 1000bcec f   MICRImpl.obj
 0001:0000ad02       ?get_DeviceDescription@COPOSMICR@@UAGJPAPA_W@Z 1000bd02 f   MICRImpl.obj
 0001:0000ad1b       ?get_DeviceEnabled@COPOSMICR@@UAGJPAF@Z 1000bd1b f   MICRImpl.obj
 0001:0000ad31       ?get_DeviceName@COPOSMICR@@UAGJPAPA_W@Z 1000bd31 f   MICRImpl.obj
 0001:0000ad4a       ?get_EPC@COPOSMICR@@UAGJPAPA_W@Z 1000bd4a f   MICRImpl.obj
 0001:0000ad63       ?get_FreezeEvents@COPOSMICR@@UAGJPAF@Z 1000bd63 f   MICRImpl.obj
 0001:0000ad79       ?get_OpenResult@COPOSMICR@@UAGJPAJ@Z 1000bd79 f   MICRImpl.obj
 0001:0000ad90       ?get_PowerNotify@COPOSMICR@@UAGJPAJ@Z 1000bd90 f   MICRImpl.obj
 0001:0000ada6       ?get_PowerState@COPOSMICR@@UAGJPAJ@Z 1000bda6 f   MICRImpl.obj
 0001:0000adbc       ?get_RawData@COPOSMICR@@UAGJPAPA_W@Z 1000bdbc f   MICRImpl.obj
 0001:0000add5       ?get_ResultCode@COPOSMICR@@UAGJPAJ@Z 1000bdd5 f   MICRImpl.obj
 0001:0000ae13       ?get_ResultCodeExtended@COPOSMICR@@UAGJPAJ@Z 1000be13 f   MICRImpl.obj
 0001:0000ae29       ?get_SerialNumber@COPOSMICR@@UAGJPAPA_W@Z 1000be29 f   MICRImpl.obj
 0001:0000ae42       ?get_ServiceObjectDescription@COPOSMICR@@UAGJPAPA_W@Z 1000be42 f   MICRImpl.obj
 0001:0000ae5b       ?get_ServiceObjectVersion@COPOSMICR@@UAGJPAJ@Z 1000be5b f   MICRImpl.obj
 0001:0000ae71       ?get_State@COPOSMICR@@UAGJPAJ@Z 1000be71 f   MICRImpl.obj
 0001:0000ae9d       ?get_TransitNumber@COPOSMICR@@UAGJPAPA_W@Z 1000be9d f   MICRImpl.obj
 0001:0000aeb6       ?put_AutoDisable@COPOSMICR@@UAGJF@Z 1000beb6 f   MICRImpl.obj
 0001:0000aed3       ?put_BinaryConversion@COPOSMICR@@UAGJJ@Z 1000bed3 f   MICRImpl.obj
 0001:0000aee9       ?put_DataEventEnabled@COPOSMICR@@UAGJF@Z 1000bee9 f   MICRImpl.obj
 0001:0000af06       ?put_DeviceEnabled@COPOSMICR@@UAGJF@Z 1000bf06 f   MICRImpl.obj
 0001:0000af23       ?put_FreezeEvents@COPOSMICR@@UAGJF@Z 1000bf23 f   MICRImpl.obj
 0001:0000af6f       ?put_PowerNotify@COPOSMICR@@UAGJJ@Z 1000bf6f f   MICRImpl.obj
 0001:0000af85       ?s_EventWindowProc@COPOSMICR@@KGJPAUHWND__@@IIJ@Z 1000bf85 f i MICRImpl.obj
 0001:0000afd7       ??_U@YAPAXI@Z              1000bfd7 f   LIBCMT:new_array.obj
 0001:0000afe0       ??3@YAXPAXI@Z              1000bfe0 f   LIBCMT:delete_scalar_size.obj
 0001:0000afee       ??_V@YAXPAX@Z              1000bfee f   LIBCMT:delete_array.obj
 0001:0000aff3       ??_V@YAXPAXI@Z             1000bff3 f   LIBCMT:delete_array_size.obj
 0001:0000b045       ___scrt_acquire_startup_lock 1000c045 f   LIBCMT:utility.obj
 0001:0000b077       ___scrt_dllmain_after_initialize_c 1000c077 f   LIBCMT:utility.obj
 0001:0000b0a2       ___scrt_dllmain_before_initialize_c 1000c0a2 f   LIBCMT:utility.obj
 0001:0000b0b0       ___scrt_dllmain_crt_thread_attach 1000c0b0 f   LIBCMT:utility.obj
 0001:0000b0cf       ___scrt_dllmain_crt_thread_detach 1000c0cf f   LIBCMT:utility.obj
 0001:0000b0dc       ___scrt_dllmain_exception_filter 1000c0dc f   LIBCMT:utility.obj
 0001:0000b110       ___scrt_dllmain_uninitialize_c 1000c110 f   LIBCMT:utility.obj
 0001:0000b133       ___scrt_dllmain_uninitialize_critical 1000c133 f   LIBCMT:utility.obj
 0001:0000b140       ___scrt_initialize_crt     1000c140 f   LIBCMT:utility.obj
 0001:0000b179       ___scrt_initialize_onexit_tables 1000c179 f   LIBCMT:utility.obj
 0001:0000b200       ___scrt_is_nonwritable_in_current_image 1000c200 f   LIBCMT:utility.obj
 0001:0000b294       ___scrt_release_startup_lock 1000c294 f   LIBCMT:utility.obj
 0001:0000b2b1       ___scrt_uninitialize_crt   1000c2b1 f   LIBCMT:utility.obj
 0001:0000b2d9       __onexit                   1000c2d9 f   LIBCMT:utility.obj
 0001:0000b306       _atexit                    1000c306 f   LIBCMT:utility.obj
 0001:0000b31b       ??3@YAXPAX@Z               1000c31b f   LIBCMT:delete_scalar.obj
 0001:0000b3e5       __Init_thread_footer       1000c3e5 f   LIBCMT:thread_safe_statics.obj
 0001:0000b42f       __Init_thread_header       1000c42f f   LIBCMT:thread_safe_statics.obj
 0001:0000b481       __Init_thread_notify       1000c481 f   LIBCMT:thread_safe_statics.obj
 0001:0000b4b7       __Init_thread_wait         1000c4b7 f   LIBCMT:thread_safe_statics.obj
 0001:0000b505       ___raise_securityfailure   1000c505 f   LIBCMT:gs_report.obj
 0001:0000b52d       ___report_gsfailure        1000c52d f   LIBCMT:gs_report.obj
 0001:0000b626       ___report_rangecheckfailure 1000c626 f   LIBCMT:gs_report.obj
 0001:0000b632       ___report_securityfailure  1000c632 f   LIBCMT:gs_report.obj
 0001:0000b700       ??2@YAPAXIABUnothrow_t@std@@@Z 1000c700 f   LIBCMT:new_scalar_nothrow.obj
 0001:0000b750       ??_U@YAPAXIABUnothrow_t@std@@@Z 1000c750 f   LIBCMT:new_array_nothrow.obj
 0001:0000b759       @__security_check_cookie@4 1000c759 f   LIBCMT:secchk.obj
 0001:0000b770       __SEH_prolog4_GS           1000c770 f   LIBCMT:sehprolg4gs.obj
 0001:0000b7b9       __SEH_epilog4_GS           1000c7b9 f   LIBCMT:sehprolg4gs.obj
 0001:0000b7d0       __alloca_probe_16          1000c7d0 f   LIBCMT:alloca16.obj
 0001:0000b7e6       __alloca_probe_8           1000c7e6     LIBCMT:alloca16.obj
 0001:0000b800       __chkstk                   1000c800 f   LIBCMT:chkstk.obj
 0001:0000b800       __alloca_probe             1000c800 f   LIBCMT:chkstk.obj
 0001:0000bb48       __DllMainCRTStartup@12     1000cb48 f   LIBCMT:dll_dllmain.obj
 0001:0000bb6b       ??2@YAPAXI@Z               1000cb6b f   LIBCMT:new_scalar.obj
 0001:0000bb9b       ___isa_available_init      1000cb9b f   LIBCMT:cpu_disp.obj
 0001:0000bd32       ___scrt_is_ucrt_dll_in_use 1000cd32 f   LIBCMT:ucrt_detection.obj
 0001:0000bd3e       ___scrt_fastfail           1000cd3e f   LIBCMT:utility_desktop.obj
 0001:0000be58       __crt_debugger_hook        1000ce58 f   LIBCMT:utility_desktop.obj
 0001:0000be60       __SEH_prolog4              1000ce60 f   LIBCMT:sehprolg4.obj
 0001:0000bea6       __SEH_epilog4              1000cea6 f   LIBCMT:sehprolg4.obj
 0001:0000bebb       @_guard_check_icall_nop@4  1000cebb f i LIBCMT:guard_support.obj
 0001:0000bf09       ___security_init_cookie    1000cf09 f   LIBCMT:gs_support.obj
 0001:0000bf54       ?__scrt_initialize_type_info@@YAXXZ 1000cf54 f   LIBCMT:tncleanup.obj
 0001:0000bf60       ?__scrt_uninitialize_type_info@@YAXXZ 1000cf60 f   LIBCMT:tncleanup.obj
 0001:0000bf6c       ___local_stdio_scanf_options 1000cf6c f i LIBCMT:default_local_stdio_options.obj
 0001:0000bf72       ___scrt_initialize_default_local_stdio_options 1000cf72 f   LIBCMT:default_local_stdio_options.obj
 0001:0000bf8f       ___scrt_get_dyn_tls_init_callback 1000cf8f f   LIBCMT:dyn_tls_init.obj
 0001:0000bf95       __RTC_Initialize           1000cf95 f   LIBCMT:initsect.obj
 0001:0000bfc1       __RTC_Terminate            1000cfc1 f   LIBCMT:initsect.obj
 0001:0000bfed       ??0bad_alloc@std@@QAE@ABV01@@Z 1000cfed f i LIBCMT:throw_bad_alloc.obj
 0001:0000c008       ??0bad_alloc@std@@QAE@XZ   1000d008 f i LIBCMT:throw_bad_alloc.obj
 0001:0000c020       ??0bad_array_new_length@std@@QAE@ABV01@@Z 1000d020 f i LIBCMT:throw_bad_alloc.obj
 0001:0000c03b       ??0bad_array_new_length@std@@QAE@XZ 1000d03b f i LIBCMT:throw_bad_alloc.obj
 0001:0000c053       ??0exception@std@@QAE@ABV01@@Z 1000d053 f i LIBCMT:throw_bad_alloc.obj
 0001:0000c07f       ??1bad_alloc@std@@UAE@XZ   1000d07f f i LIBCMT:throw_bad_alloc.obj
 0001:0000c07f       ??1bad_exception@std@@UAE@XZ 1000d07f f i libvcruntime:frame.obj
 0001:0000c07f       ??1bad_array_new_length@std@@UAE@XZ 1000d07f f i LIBCMT:throw_bad_alloc.obj
 0001:0000c090       ??_Ebad_alloc@std@@UAEPAXI@Z 1000d090 f i LIBCMT:throw_bad_alloc.obj
 0001:0000c090       ??_Gbad_alloc@std@@UAEPAXI@Z 1000d090 f i LIBCMT:throw_bad_alloc.obj
 0001:0000c090       ??_Gbad_exception@std@@UAEPAXI@Z 1000d090 f i libvcruntime:frame.obj
 0001:0000c090       ??_Gbad_array_new_length@std@@UAEPAXI@Z 1000d090 f i LIBCMT:throw_bad_alloc.obj
 0001:0000c090       ??_Ebad_array_new_length@std@@UAEPAXI@Z 1000d090 f i LIBCMT:throw_bad_alloc.obj
 0001:0000c090       ??_Gexception@std@@UAEPAXI@Z 1000d090 f i LIBCMT:throw_bad_alloc.obj
 0001:0000c090       ??_Eexception@std@@UAEPAXI@Z 1000d090 f i LIBCMT:throw_bad_alloc.obj
 0001:0000c090       ??_Ebad_exception@std@@UAEPAXI@Z 1000d090 f i libvcruntime:frame.obj
 0001:0000c0bd       ?__scrt_throw_std_bad_alloc@@YAXXZ 1000d0bd f   LIBCMT:throw_bad_alloc.obj
 0001:0000c0da       ?__scrt_throw_std_bad_array_new_length@@YAXXZ 1000d0da f   LIBCMT:throw_bad_alloc.obj
 0001:0000c0f7       ?what@exception@std@@UBEPBDXZ 1000d0f7 f i LIBCMT:throw_bad_alloc.obj
 0001:0000c104       ??_Etype_info@@UAEPAXI@Z   1000d104 f i LIBCMT:std_type_info_static.obj
 0001:0000c104       ??_Gtype_info@@UAEPAXI@Z   1000d104 f i LIBCMT:std_type_info_static.obj
 0001:0000c127       ??0CAtlBaseModule@ATL@@QAE@XZ 1000d127 f   atls:atlbase.obj
 0001:0000c17a       ??0_ATL_BASE_MODULE70@ATL@@QAE@XZ 1000d17a f i atls:atlbase.obj
 0001:0000c19d       ??1CAtlBaseModule@ATL@@QAE@XZ 1000d19d f   atls:atlbase.obj
 0001:0000c28a       ?Init@_stdcallthunk@ATL@@QAEHKPAX@Z 1000d28a f i atls:atlthunk.obj
 0001:0000c2bf       ?__AllocStdCallThunk_cmn@@YAPAXXZ 1000d2bf f   atls:atlthunk.obj
 0001:0000c385       ?__FreeStdCallThunk_cmn@@YAXPAX@Z 1000d385 f   atls:atlthunk.obj
 0001:0000c420       _AtlThunk_AllocateData@0   1000d420 f   atls:atlthunk.obj
 0001:0000c485       _AtlThunk_DataToCode@4     1000d485 f   atls:atlthunk.obj
 0001:0000c4cc       _AtlThunk_FreeData@4       1000d4cc f   atls:atlthunk.obj
 0001:0000c522       _AtlThunk_InitData@12      1000d522 f   atls:atlthunk.obj
 0001:0000c571       __purecall                 1000d571 f   libvcruntime:purevirt.obj
 0001:0000c58c       _wcsstr                    1000d58c f   libvcruntime:wcsstr.obj
 0001:0000c850       __except_handler4          1000d850 f   libvcruntime:chandler4.obj
 0001:0000c9ae       _memcmp                    1000d9ae f   libvcruntime:memcmp.obj
 0001:0000d960       _memcpy                    1000e960 f   libvcruntime:memcpy.obj
 0001:0000dee0       _memset                    1000eee0 f   libvcruntime:memset.obj
 0001:0000e03a       ___vcrt_initialize         1000f03a f   libvcruntime:initialization.obj
 0001:0000e059       ___vcrt_thread_attach      1000f059 f   libvcruntime:initialization.obj
 0001:0000e064       ___vcrt_thread_detach      1000f064 f   libvcruntime:initialization.obj
 0001:0000e06f       ___vcrt_uninitialize       1000f06f f   libvcruntime:initialization.obj
[...]
 0002:00002b24       ?candidate_modules@?1??try_get_SetThreadStackGuarantee@@YAP6GHPAK@ZXZ@4QBW4module_id@?A0x391cf84c@@B 10021b24     libucrt:winapi_thunks.obj
 0002:00002b48       ?strings@?1??fp_format_nan_or_infinity@@YAHW4__acrt_fp_class@@_NPADI1@Z@4QAY03QBDA 10021b48     libucrt:cvt.obj
 0002:00003090       ?_mb_locale_names@@3QBQB_WB 10022090     libucrt:mbctype.obj
 0002:000038d8       ?LcidToLocaleNameTable@?A0x881e4c05@@3QBULcidToLocaleName@1@B 100228d8     libucrt:lcidtoname_downlevel.obj
 0002:00004a00       ?LocaleNameToIndexTable@?A0x881e4c05@@3QBULocaleNameIndex@1@B 10023a00     libucrt:lcidtoname_downlevel.obj
 0002:00006258       ?large_power_indices@?1??multiply_by_power_of_ten@__crt_strtox@@YA_NAAUbig_integer@2@I@Z@4QBUunpack_index@?1??12@YA_N0I@Z@B 10025258     libucrt:cfout.obj
 0002:00006340       LOG_name                   10025340     libucrt:log10_impl.obj
 0002:00006350       _One                       10025350     libucrt:ceil_pentium4.obj
 0002:00006360       _Bns                       10025360     libucrt:ceil_pentium4.obj
 0002:00006370       _Zero                      10025370     libucrt:ceil_pentium4.obj
 0002:00006380       _S                         10025380     libucrt:ceil_pentium4.obj
 0002:00006390       _NegZero                   10025390     libucrt:ceil_pentium4.obj
 0002:000063a0       emask                      100253a0     libucrt:log10_pentium4.obj
 0002:000063b0       CC                         100253b0     libucrt:log10_pentium4.obj
 0002:000063c0       Magic                      100253c0     libucrt:log10_pentium4.obj
 0002:000063d0       hi_mask                    100253d0     libucrt:log10_pentium4.obj
 0002:000063e0       LOG10_2                    100253e0     libucrt:log10_pentium4.obj
 0002:000063f0       place_L                    100253f0     libucrt:log10_pentium4.obj
 0002:00006410       One                        10025410     libucrt:log10_pentium4.obj
 0002:00006420       Zero                       10025420     libucrt:log10_pentium4.obj
 0002:00006430       Two52                      10025430     libucrt:log10_pentium4.obj
 0002:00006440       Infs                       10025440     libucrt:log10_pentium4.obj
 0002:00006450       NaN                        10025450     libucrt:log10_pentium4.obj
 0002:00006460       coeff                      10025460     libucrt:log10_pentium4.obj
 0002:000064be       _log2max                   100254be     libucrt:87tran.obj
 0002:000064c8       _smallarg                  100254c8     libucrt:87tran.obj
 0002:000064d2       _half                      100254d2     libucrt:87tran.obj
 0002:0000651e       One                        1002551e     libucrt:87disp.obj
 0002:00006526       Three                      10025526     libucrt:87disp.obj
 0002:0000652e       XAMtoTagTab                1002552e     libucrt:87disp.obj
 0002:00006540       One                        10025540     libucrt:common.obj
 0002:00006554       DblMax                     10025554     libucrt:common.obj
 0002:0000655c       DblMin                     1002555c     libucrt:common.obj
 0002:00006564       IeeeAdjO                   10025564     libucrt:common.obj
 0002:0000656c       IeeeAdjU                   1002556c     libucrt:common.obj
 0002:00006574       _infinity                  10025574     libucrt:common.obj
 0002:0000657c       _zero                      1002557c     libucrt:common.obj
 0002:000065c8       _over                      100255c8     libucrt:fpctrl.obj
 0002:000065d4       _under                     100255d4     libucrt:fpctrl.obj
 0002:00006e08       ?_names@?1??_get_fname@@9@9 10025e08     libucrt:fpexcept.obj
 0002:00007650       __sehtable$?_AtlVerifyStackAvailable@_ATL_SAFE_ALLOCA_IMPL@ATL@@YA_NK@Z 10026650     MICR.obj
 0002:00007670       __sehtable$___scrt_is_nonwritable_in_current_image 10026670     LIBCMT:utility.obj
 0002:0000768c       __catchsym$??2@YAPAXIABUnothrow_t@std@@@Z$2 1002668c     LIBCMT:new_scalar_nothrow.obj
 0002:0000769c       __unwindtable$??2@YAPAXIABUnothrow_t@std@@@Z 1002669c     LIBCMT:new_scalar_nothrow.obj
 0002:000076ac       __tryblocktable$??2@YAPAXIABUnothrow_t@std@@@Z 100266ac     LIBCMT:new_scalar_nothrow.obj
 0002:000076c0       __ehfuncinfo$??2@YAPAXIABUnothrow_t@std@@@Z 100266c0     LIBCMT:new_scalar_nothrow.obj
 0002:000076e8       __sehtable$?dllmain_crt_process_attach@@YAHQAUHINSTANCE__@@QAX@Z 100266e8     LIBCMT:dll_dllmain.obj
 0002:00007708       __sehtable$?dllmain_crt_process_detach@@YAH_N@Z 10026708     LIBCMT:dll_dllmain.obj
 0002:00007728       __sehtable$?dllmain_dispatch@@YAHQAUHINSTANCE__@@KQAX@Z 10026728     LIBCMT:dll_dllmain.obj
 0002:000077d8       __sehtable$?FrameUnwindToState@__FrameHandler3@@SAXPAUEHRegistrationNode@@PAXPBU_s_FuncInfo@@H@Z 100267d8     libvcruntime:frame.obj
 0002:00007800       __sehtable$?CallCatchBlock@@YAPAXPAUEHExceptionRecord@@PAUEHRegistrationNode@@PAU_CONTEXT@@PBU_s_FuncInfo@@PAXHK@Z 10026800     libvcruntime:frame.obj
 0002:00007828       __catchsym$?CallUnexpected@@YAXPBU_s_ESTypeList@@@Z$2 10026828     libvcruntime:frame.obj
 0002:00007838       __unwindtable$?CallUnexpected@@YAXPBU_s_ESTypeList@@@Z 10026838     libvcruntime:frame.obj
 0002:00007848       __tryblocktable$?CallUnexpected@@YAXPBU_s_ESTypeList@@@Z 10026848     libvcruntime:frame.obj
 0002:0000785c       __ehfuncinfo$?CallUnexpected@@YAXPBU_s_ESTypeList@@@Z 1002685c     libvcruntime:frame.obj
 0002:00007880       __sehtable$??$BuildCatchObjectHelperInternal@V__FrameHandler3@@@@YAHPAUEHExceptionRecord@@PAXPBU_s_HandlerType@@PBU_s_CatchableType@@@Z 10026880     libvcruntime:frame.obj
 0002:000078a0       __sehtable$??$BuildCatchObjectInternal@V__FrameHandler3@@@@YAXPAUEHExceptionRecord@@PAXPBU_s_HandlerType@@PBU_s_CatchableType@@@Z 100268a0     libvcruntime:frame.obj
 0002:000078f8       __sehtable$___DestructExceptionObject 100268f8     libvcruntime:ehhelpers.obj
 0002:00007918       __sehtable$??R<lambda_6e4b09c48022b2350581041d5f6b0c4c>@@QBE@XZ 10026918     libucrt:exit.obj
 0002:00007938       __sehtable$??$?RV<lambda_03b1d95aef87969028cfba75ccab2455>@@AAV<lambda_6e4b09c48022b2350581041d5f6b0c4c>@@V<lambda_22bdf7517842c4b3e53723af5aa32b9e>@@@?$__crt_seh_guarded_call@X@@QAEX$$QAV<lambda_03b1d95aef87969028cfba75ccab2455>@@AAV<lambda_6e4b09c48022b2350581041d5f6b0c4c>@@$$QAV<lambda_22bdf7517842c4b3e53723af5aa32b9e>@@@Z 10026938     libucrt:exit.obj
 0002:00007958       __sehtable$??$?RV<lambda_8e746cf0007f6ed984d6f78af1fec997>@@AAV<lambda_22ebabd17bc4fa466a2aca6d8deb888d>@@V<lambda_18ed0c0b38a6dc0daf1e7ac6d6adf05e>@@@?$__crt_seh_guarded_call@H@@QAEH$$QAV<lambda_8e746cf0007f6ed984d6f78af1fec997>@@AAV<lambda_22ebabd17bc4fa466a2aca6d8deb888d>@@$$QAV<lambda_18ed0c0b38a6dc0daf1e7ac6d6adf05e>@@@Z 10026958     libucrt:onexit.obj
 0002:00007978       __sehtable$??$?RV<lambda_69a2805e680e0e292e8ba93315fe43a8>@@AAV<lambda_f03950bc5685219e0bcd2087efbe011e>@@V<lambda_03fcd07e894ec930e3f35da366ca99d6>@@@?$__crt_seh_guarded_call@H@@QAEH$$QAV<lambda_69a2805e680e0e292e8ba93315fe43a8>@@AAV<lambda_f03950bc5685219e0bcd2087efbe011e>@@$$QAV<lambda_03fcd07e894ec930e3f35da366ca99d6>@@@Z 10026978     libucrt:onexit.obj
 0002:00007998       __sehtable$__query_new_handler 10026998     libucrt:new_handler.obj
 0002:000079b8       __sehtable$_terminate      100269b8     libucrt:terminate.obj
 0002:000079d8       __sehtable$??$?RV<lambda_15ade71b0218206bbe3333a0c9b79046>@@AAV<lambda_da44e0f8b0f19ba52fefafb335991732>@@V<lambda_207f2d024fc103971653565357d6cd41>@@@?$__crt_seh_guarded_call@X@@QAEX$$QAV<lambda_15ade71b0218206bbe3333a0c9b79046>@@AAV<lambda_da44e0f8b0f19ba52fefafb335991732>@@$$QAV<lambda_207f2d024fc103971653565357d6cd41>@@@Z 100269d8     libucrt:per_thread_data.obj
 0002:000079f8       __sehtable$??$?RV<lambda_a7e850c220f1c8d1e6efeecdedd162c6>@@AAV<lambda_46720907175c18b6c9d2717bc0d2d362>@@V<lambda_9048902d66e8d99359bc9897bbb930a8>@@@?$__crt_seh_guarded_call@X@@QAEX$$QAV<lambda_a7e850c220f1c8d1e6efeecdedd162c6>@@AAV<lambda_46720907175c18b6c9d2717bc0d2d362>@@$$QAV<lambda_9048902d66e8d99359bc9897bbb930a8>@@@Z 100269f8     libucrt:per_thread_data.obj
 0002:00007a18       __sehtable$??$?RV<lambda_38edbb1296d33220d7e4dd0ed76b244a>@@AAV<lambda_5ce1d447e08cb34b2473517608e21441>@@V<lambda_fb385d3da700c9147fc39e65dd577a8c>@@@?$__crt_seh_guarded_call@X@@QAEX$$QAV<lambda_38edbb1296d33220d7e4dd0ed76b244a>@@AAV<lambda_5ce1d447e08cb34b2473517608e21441>@@$$QAV<lambda_fb385d3da700c9147fc39e65dd577a8c>@@@Z 10026a18     libucrt:per_thread_data.obj
 0002:00007a38       __sehtable$??$?RV<lambda_6affb1475c98b40b75cdec977db92e3c>@@AAV<lambda_b8d4b9c228a6ecc3f80208dbb4b4a104>@@V<lambda_608742c3c92a14382c1684fc64f96c88>@@@?$__crt_seh_guarded_call@X@@QAEX$$QAV<lambda_6affb1475c98b40b75cdec977db92e3c>@@AAV<lambda_b8d4b9c228a6ecc3f80208dbb4b4a104>@@$$QAV<lambda_608742c3c92a14382c1684fc64f96c88>@@@Z 10026a38     libucrt:per_thread_data.obj
 0002:00007a58       __sehtable$??$?RV<lambda_e5124f882df8998aaf41531e079ba474>@@AAV<lambda_3e16ef9562a7dcce91392c22ab16ea36>@@V<lambda_e25ca0880e6ef98be67edffd8c599615>@@@?$__crt_seh_guarded_call@X@@QAEX$$QAV<lambda_e5124f882df8998aaf41531e079ba474>@@AAV<lambda_3e16ef9562a7dcce91392c22ab16ea36>@@$$QAV<lambda_e25ca0880e6ef98be67edffd8c599615>@@@Z 10026a58     libucrt:wsetlocale.obj
 0002:00007a78       __sehtable$___acrt_initialize_lowio 10026a78     libucrt:ioinit.obj
 0002:00007a98       __sehtable$?update_thread_multibyte_data_internal@@YAPAU__crt_multibyte_data@@QAU__acrt_ptd@@QAPAU1@@Z 10026a98     libucrt:mbctype.obj
 0002:00007ab8       __sehtable$??$?RV<lambda_ceb1ee4838e85a9d631eb091e2fbe199>@@AAV<lambda_ae742caa10f662c28703da3d2ea5e57e>@@V<lambda_cd08b5d6af4937fe54fc07d0c9bf6b37>@@@?$__crt_seh_guarded_call@X@@QAEX$$QAV<lambda_ceb1ee4838e85a9d631eb091e2fbe199>@@AAV<lambda_ae742caa10f662c28703da3d2ea5e57e>@@$$QAV<lambda_cd08b5d6af4937fe54fc07d0c9bf6b37>@@@Z 10026ab8     libucrt:mbctype.obj
 0002:00007ad8       __sehtable$_raise          10026ad8     libucrt:signal.obj
 0002:00007af8       __sehtable$??$?RV<lambda_cbab9ec6f41b0180b23cc171c22676b0>@@AAV<lambda_44731a7d0e6d81c3e6aa82d741081786>@@V<lambda_4b292cb8dd18144e164572427af410ab>@@@?$__crt_seh_guarded_call@P6AXH@Z@@QAEP6AXH@Z$$QAV<lambda_cbab9ec6f41b0180b23cc171c22676b0>@@AAV<lambda_44731a7d0e6d81c3e6aa82d741081786>@@$$QAV<lambda_4b292cb8dd18144e164572427af410ab>@@@Z 10026af8     libucrt:signal.obj
 0002:00007b18       __sehtable$??$?RV<lambda_2866be3712abc81a800a822484c830d8>@@AAV<lambda_39ca0ed439415581b5b15c265174cece>@@V<lambda_2b24c74d71094a6cd0cb82e44167d71b>@@@?$__crt_seh_guarded_call@X@@QAEX$$QAV<lambda_2866be3712abc81a800a822484c830d8>@@AAV<lambda_39ca0ed439415581b5b15c265174cece>@@$$QAV<lambda_2b24c74d71094a6cd0cb82e44167d71b>@@@Z 10026b18     libucrt:fflush.obj
 0002:00007b38       __sehtable$??$?RV<lambda_2cc53f568c5a2bb6f192f930a45d44ea>@@AAV<lambda_ab61a845afdef5b7c387490eaf3616ee>@@V<lambda_c2ffc0b7726aa6be21d5f0026187e748>@@@?$__crt_seh_guarded_call@X@@QAEX$$QAV<lambda_2cc53f568c5a2bb6f192f930a45d44ea>@@AAV<lambda_ab61a845afdef5b7c387490eaf3616ee>@@$$QAV<lambda_c2ffc0b7726aa6be21d5f0026187e748>@@@Z 10026b38     libucrt:fflush.obj
 0002:00007b58       __sehtable$___acrt_update_thread_locale_data 10026b58     libucrt:locale_refcounting.obj
 0002:00007b78       __sehtable$__fcloseall     10026b78     libucrt:closeall.obj
 0002:00007b98       __sehtable$___acrt_lowio_ensure_fh_exists 10026b98     libucrt:osfinfo.obj
 0002:00007bb8       __sehtable$??$?RV<lambda_9e9de3de5fa147e2223d7db92bc10aa6>@@AAV<lambda_38ce7e780aa69e748d6df282ebc68efe>@@V<lambda_8ca6da459f0f6780f1cff60fdc3d00e5>@@@?$__crt_seh_guarded_call@H@@QAEH$$QAV<lambda_9e9de3de5fa147e2223d7db92bc10aa6>@@AAV<lambda_38ce7e780aa69e748d6df282ebc68efe>@@$$QAV<lambda_8ca6da459f0f6780f1cff60fdc3d00e5>@@@Z 10026bb8     libucrt:commit.obj
 0002:00007bd8       __sehtable$__write         10026bd8     libucrt:write.obj
 0002:00007bf8       __sehtable$_fclose         10026bf8     libucrt:fclose.obj
 0002:00007c18       __sehtable$??$?RV<lambda_218ce3db14220d0be481dae8ef3383b6>@@AAV<lambda_628dfdc04ba53c8bfc02c9951375f3f5>@@V<lambda_57dc472bd5c9d5f3b2cbca59b8a843ae>@@@?$__crt_seh_guarded_call@H@@QAEH$$QAV<lambda_218ce3db14220d0be481dae8ef3383b6>@@AAV<lambda_628dfdc04ba53c8bfc02c9951375f3f5>@@$$QAV<lambda_57dc472bd5c9d5f3b2cbca59b8a843ae>@@@Z 10026c18     libucrt:close.obj
 0002:00007c38       __sehtable$__IsNonwritableInCurrentImage 10026c38     LIBCMT:pesect.obj
 0002:00007c60       .edata                     10026c60     OPOSMICR.exp
 0002:00007c88       rgpv                       10026c88     OPOSMICR.exp
 0002:00007c98       rgszName                   10026c98     OPOSMICR.exp
 0002:00007ca8       rgwOrd                     10026ca8     OPOSMICR.exp
 0002:00007cb0       szName                     10026cb0     OPOSMICR.exp
 0002:00007cbd       $N00001                    10026cbd     OPOSMICR.exp
 0002:00007ccd       $N00002                    10026ccd     OPOSMICR.exp
 0002:00007cdf       $N00003                    10026cdf     OPOSMICR.exp
 0002:00007cf1       $N00004                    10026cf1     OPOSMICR.exp
 0002:00008302       .idata$6                   10027302     kernel32:KERNEL32.dll
 0002:00008516       .idata$6                   10027516     user32:USER32.dll
 0002:0000864a       .idata$6                   1002764a     gdi32:GDI32.dll
 0002:000086f0       .idata$6                   100276f0     advapi32:ADVAPI32.dll
 0002:0000880c       .idata$6                   1002780c     ole32:ole32.dll
 0002:00008816       .idata$6                   10027816     oleaut32:OLEAUT32.dll
 0003:00000110       ?ObjectMap@@3PAU_ATL_OBJMAP_ENTRY30@ATL@@A 10028110     MICR.obj
 0003:000001a4       ?s_RequiredMethodsPerRelease@@3PAHA 100281a4     MICRImpl.obj
 0003:000001d0       ?s_SOMethodNames@@3PAPADA  100281d0     MICRImpl.obj
 0003:00000250       ?__vcrt_flsindex@@3KA      10028250     libvcruntime:per_thread_data.obj
 0003:00000270       ?errno_no_memory@@3HA      10028270     libucrt:errno.obj
 0003:00000274       ?doserrno_no_memory@@3KA   10028274     libucrt:errno.obj
 0003:00000280       ?__acrt_flsindex@@3KA      10028280     libucrt:per_thread_data.obj
 0003:00000618       __mbctypes                 10028618     libucrt:mbctype.obj
 0003:00000720       __mbcasemaps               10028720     libucrt:mbctype.obj
 0003:00000820       ?__rgctypeflag@@3PADA      10028820     libucrt:mbctype.obj
 0003:00000828       ?__rgcode_page_info@@3PAUcode_page_info@@A 10028828     libucrt:mbctype.obj
 0003:00000a80       ?__dcrt_lowio_console_output_handle@@3PAXA 10028a80     libucrt:initcon.obj
 0003:00000c18       ?is_initialized_as_dll@@3_NA 10028c18     LIBCMT:utility.obj
 0003:00000c19       ?module_local_atexit_table_initialized@@3_NA 10028c19     LIBCMT:utility.obj
 0003:00000c1c       ?module_local_atexit_table@@3U_onexit_table_t@@A 10028c1c     LIBCMT:utility.obj
 0003:00000c28       ?module_local_at_quick_exit_table@@3U_onexit_table_t@@A 10028c28     LIBCMT:utility.obj
 0003:00000c34       ?g_tss_cv@@3U_RTL_CONDITION_VARIABLE@@A 10028c34     LIBCMT:thread_safe_statics.obj
 0003:00000c38       ?g_tss_event@@3PAXA        10028c38     LIBCMT:thread_safe_statics.obj
 0003:00000c3c       ?g_tss_mutex@@3U_RTL_CRITICAL_SECTION@@A 10028c3c     LIBCMT:thread_safe_statics.obj
 0003:00000c54       ?g_sleep_condition_variable_cs@@3P6GHPAU_RTL_CONDITION_VARIABLE@@PAU_RTL_CRITICAL_SECTION@@K@ZA 10028c54     LIBCMT:thread_safe_statics.obj
 0003:00000c58       ?g_wake_all_condition_variable@@3P6GXPAU_RTL_CONDITION_VARIABLE@@@ZA 10028c58     LIBCMT:thread_safe_statics.obj
 0003:00000c60       _GS_ExceptionRecord        10028c60     LIBCMT:gs_report.obj
 0003:00000cb0       _GS_ContextRecord          10028cb0     LIBCMT:gs_report.obj
 0003:00000f80       ?__proc_attached@@3HA      10028f80     LIBCMT:dll_dllmain.obj
 0003:00000fdc       ?AllocateData@@3P6GPAUAtlThunkData_t@@XZA 10028fdc     atls:atlthunk.obj
 0003:00000fe0       ?InitData@@3P6GXPAUAtlThunkData_t@@PAXI@ZA 10028fe0     atls:atlthunk.obj
 0003:00000fe4       ?DataToCode@@3P6GP6GJPAUHWND__@@IIJ@ZPAUAtlThunkData_t@@@ZA 10028fe4     atls:atlthunk.obj
 0003:00000fe8       ?FreeData@@3P6GXPAUAtlThunkData_t@@@ZA 10028fe8     atls:atlthunk.obj
 0003:00000fec       ?Initialized@@3_NA         10028fec     atls:atlthunk.obj
 0003:00000ff8       ?__vcrt_startup_thread_ptd@@3U__vcrt_ptd@@A 10028ff8     libvcruntime:per_thread_data.obj
 0003:00001020       ___vcrt_lock_table         10029020     libvcruntime:locks.obj
 0003:00001038       ___vcrt_locks_initialized  10029038     libvcruntime:locks.obj
 0003:00001064       ?heap@@3V_HeapManager@@A   10029064     libvcruntime:undname.obj
 0003:00001078       ?module_handles@@3PAPAUHINSTANCE__@@A 10029078     libvcruntime:winapi_downlevel.obj
 0003:00001084       ?function_pointers@@3PAPAXA 10029084     libvcruntime:winapi_downlevel.obj
 0003:0000109c       ?__acrt_invalid_parameter_handler@@3V?$dual_state_global@P6AXPB_W00II@Z@__crt_state_management@@A 1002909c     libucrt:invalid_parameter.obj
 0003:000010a0       ?c_termination_complete@@3JA 100290a0     libucrt:exit.obj
 0003:000010a4       ?thread_local_exit_callback_func@@3P6GXPAXK0@ZA 100290a4     libucrt:exit.obj
 0003:000010b0       ?program_name@?1???$common_configure_argv@D@@YAHW4_crt_argv_mode@@@Z@4PADA 100290b0     libucrt:argv_parsing.obj
 0003:000011e0       ?__acrt_new_handler@@3V?$dual_state_global@P6AHI@Z@__crt_state_management@@A 100291e0     libucrt:new_handler.obj
 0003:000011e8       ?module_handles@@3PAPAUHINSTANCE__@@A 100291e8     libucrt:winapi_thunks.obj
 0003:00001238       ?encoded_function_pointers@@3PAPAXA 10029238     libucrt:winapi_thunks.obj
 0003:000012c0       ?internal_state@?1??_mbtowc_l@@9@4U_Mbstatet@@A 100292c0     libucrt:mbtowc.obj
 0003:000012d0       ?enable_percent_n@@3IA     100292d0     libucrt:printf_count_output.obj
 0003:000014f0       ?__acrt_lock_table@@3PAU_RTL_CRITICAL_SECTION@@A 100294f0     libucrt:locks.obj
 0003:00001640       ?__acrt_locks_initialized@@3IA 10029640     libucrt:locks.obj
 0003:00001650       ?fSystemSet@@3HA           10029650     libucrt:mbctype.obj
 0003:00001654       ?initialized@?1??__acrt_initialize_multibyte@@9@4_NA 10029654     libucrt:mbctype.obj
 0003:00001674       ?ctrlc_action@@3V?$dual_state_global@P6AXH@Z@__crt_state_management@@A 10029674     libucrt:signal.obj
 0003:00001678       ?ctrlbreak_action@@3V?$dual_state_global@P6AXH@Z@__crt_state_management@@A 10029678     libucrt:signal.obj
 0003:0000167c       ?abort_action@@3V?$dual_state_global@P6AXH@Z@__crt_state_management@@A 1002967c     libucrt:signal.obj
 0003:00001680       ?term_action@@3V?$dual_state_global@P6AXH@Z@__crt_state_management@@A 10029680     libucrt:signal.obj
 0003:00001684       ?user_matherr@@3V?$dual_state_global@P6AHPAU_exception@@@Z@__crt_state_management@@A 10029684     libucrt:matherr.obj
 0003:00001688       ?__acrt_global_new_mode@@3V?$dual_state_global@J@__crt_state_management@@A 10029688     libucrt:new_mode.obj
 0003:00001694       ?internal_pst@?1??__mbrtoc32_utf8@__crt_mbstring@@YAIPA_UPBDIPAU_Mbstatet@@@Z@4U3@A 10029694     libucrt:mbrtoc32.obj
 0003:0000169c       ?__acrt_app_type@@3W4_crt_app_type@@A 1002969c     libucrt:report_runtime_error.obj
 0003:000016a4       __pmatherr_set             100296a4     libucrt:libm_error.obj
 0004:00000220       $R000000                   1002a220     MICR.res
 0004:00000b70       $R000950                   1002ab70     MICR.res
 0004:00000c58       $R000A38                   1002ac58     MICR.res
 0004:00000ec0       $R000CA0                   1002aec0     MICR.res
 0004:000013b8       $R001198                   1002b3b8     MICR.res
 0004:00004038       $R003E18                   1002e038     MICR.res
 0004:00004060       $R003E40                   1002e060     MICR.res
