 OPOSMICR

 Timestamp is 600f7945 (Tue Jan 26 11:07:01 2021)

 Preferred load address is 10000000

 Start         Length     Name                   Class
 0001:00000000 00000080H .text$di                CODE
 0001:00000080 0001e1d3H .text$mn                CODE
 0001:0001e253 0000003aH .text$x                 CODE
 0001:0001e28d 00000042H .text$yd                CODE
 0002:00000000 000002fcH .idata$5                DATA
 0002:000002fc 00000004H .00cfg                  DATA
 0002:00000300 00000004H .CRT$XCA                DATA
 0002:00000304 00000004H .CRT$XCL                DATA
 0002:00000308 00000010H .CRT$XCU                DATA
 0002:00000318 00000004H .CRT$XCZ                DATA
 0002:0000031c 00000004H .CRT$XIA                DATA
 0002:00000320 00000010H .CRT$XIC                DATA
 0002:00000330 00000004H .CRT$XIZ                DATA
 0002:00000334 00000004H .CRT$XLA                DATA
 0002:00000338 00000004H .CRT$XLZ                DATA
 0002:0000033c 00000004H .CRT$XPA                DATA
 0002:00000340 00000008H .CRT$XPX                DATA
 0002:00000348 00000004H .CRT$XPXA               DATA
 0002:0000034c 00000004H .CRT$XPZ                DATA
 0002:00000350 00000004H .CRT$XTA                DATA
 0002:00000354 0000000cH .CRT$XTZ                DATA
 0002:00000358 00000000H .gfids$y                DATA
 0002:00000360 000072e0H .rdata                  DATA
 0002:00007640 00000000H .rdata$CastGuardVftablesA DATA
 0002:00007640 00000000H .rdata$CastGuardVftablesC DATA
 0002:00007640 00000018H .rdata$T                DATA
 0002:00007658 00000178H .rdata$r                DATA
 0002:000077d0 0000001cH .rdata$sxdata           DATA
 0002:000077ec 000003d8H .rdata$zzzdbg           DATA
 0002:00007bc4 00000004H .rtc$IAA                DATA
 0002:00007bc8 00000004H .rtc$IZZ                DATA
 0002:00007bcc 00000004H .rtc$TAA                DATA
 0002:00007bd0 00000004H .rtc$TZZ                DATA
 0002:00007bd4 00000004H .tls                    DATA
 0002:00007bd8 00000004H .tls$                   DATA
 0002:00007bdc 00000004H .tls$ZZZ                DATA
 0002:00007be0 0000062cH .xdata$x                DATA
 0002:0000820c 00000004H ATL$__a                 DATA
 0002:00008210 00000010H ATL$__z                 DATA
 0002:00008220 000000a8H .edata                  DATA
 0002:000082c8 00000078H .idata$2                DATA
 0002:00008340 00000014H .idata$3                DATA
 0002:00008354 000002fcH .idata$4                DATA
 0002:00008650 00000bceH .idata$6                DATA
 0003:00000000 00000ab0H .data                   DATA
 0003:00000ab0 00000098H .data$r                 DATA
 0003:00000b48 00000b88H .bss                    DATA
 0004:00000000 00000220H .rsrc$01                DATA
 0004:00000220 00004038H .rsrc$02                DATA

  Address         Publics by Value              Rva+Base       Lib:Object

 0000:00000000       ___guard_fids_count        00000000     <absolute>
 0000:00000000       ___guard_longjmp_table     00000000     <absolute>
 0000:00000000       ___guard_eh_cont_table     00000000     <absolute>
 0000:00000000       ___volatile_metadata       00000000     <absolute>
 0000:00000000       ___arm64x_extra_rfe_table  00000000     <absolute>
 0000:00000000       ___arm64x_redirection_metadata 00000000     <absolute>
 0000:00000000       ___guard_iat_count         00000000     <absolute>
 0000:00000000       ___guard_eh_cont_count     00000000     <absolute>
 0000:00000000       __except_list              00000000     <absolute>
 0000:00000000       ___x64_code_ranges_to_entry_points_count 00000000     <absolute>
 0000:00000000       ___hybrid_code_map_count   00000000     <absolute>
 0000:00000000       ___x64_code_ranges_to_entry_points 00000000     <absolute>
 0000:00000000       ___guard_iat_table         00000000     <absolute>
 0000:00000000       ___arm64x_native_entrypoint 00000000     <absolute>
 0000:00000000       ___hybrid_code_map         00000000     <absolute>
 0000:00000000       ___arm64x_extra_rfe_table_size 00000000     <absolute>
 0000:00000000       ___guard_longjmp_count     00000000     <absolute>
 0000:00000000       ___arm64x_redirection_metadata_count 00000000     <absolute>
 0000:00000000       ___hybrid_auxiliary_iat    00000000     <absolute>
 0000:00000000       ___dynamic_value_reloc_table 00000000     <absolute>
 0000:00000000       ___AbsoluteZero            00000000     <absolute>
 0000:00000000       ___enclave_config          00000000     <absolute>
 0000:00000000       ___guard_fids_table        00000000     <absolute>
 0000:00000007       ___safe_se_handler_count   00000007     <absolute>
 0000:0000002c       __tls_array                0000002c     <absolute>
 0000:00000100       ___guard_flags             00000100     <absolute>
 0000:00000000       ___ImageBase               10000000     <linker-defined>
 0001:00000080       ?DupWide@_CW@@AAEXXZ       10001080 f   CWString.obj
 0001:0000009c       ?cw_dup@@YGXPBDAAHAAPA_W1@Z 1000109c f   CWString.obj
 0001:00000124       ?cw_memcpy@@YGHPA_WPBDH@Z  10001124 f   CWString.obj
 0001:00000150       ?cw_strcpy@@YAHPA_WPBD@Z   10001150 f   CWString.obj
 0001:00000163       ?cw_strlen@@YAHPBD@Z       10001163 f   CWString.obj
 0001:0000017c       ??0CAtlComModule@ATL@@QAE@XZ 1000117c f i OposVariant.obj
 0001:000001c1       ??0CAtlWinModule@ATL@@QAE@XZ 100011c1 f i OposVariant.obj
 0001:000001f8       ??0OposDispParms@@QAE@PAVOposVariant@@H@Z 100011f8 f   OposVariant.obj
 0001:00000269       ??1OposDispParms@@QAE@XZ   10001269 f   OposVariant.obj
 0001:00000277       ??A?$CSimpleArray@GV?$CSimpleArrayEqualHelper@G@ATL@@@ATL@@QAEAAGH@Z 10001277 f i OposVariant.obj
 0001:0000029c       ??_Estringdispid@CComTypeInfoHolder@ATL@@QAEPAXI@Z 1000129c f i OposVariant.obj
 0001:00000308       ?AtlWinModuleInit@ATL@@YGJPAU_ATL_WIN_MODULE70@1@@Z 10001308 f i OposVariant.obj
 0001:0000032e       ?AtlWinModuleTerm@ATL@@YGJPAU_ATL_WIN_MODULE70@1@PAUHINSTANCE__@@@Z 1000132e f i OposVariant.obj
 0001:00000391       ?ChangeBSTR@OposVariant@@QAEXPAPA_WAAJ@Z 10001391 f   OposVariant.obj
 0001:000003d2       ?ChangeLONG@OposVariant@@QAEXPAJAAJ@Z 100013d2 f   OposVariant.obj
 0001:00000413       ?GetLONG@OposVariant@@QAEJXZ 10001413 f   OposVariant.obj
 0001:0000042e       ?Init@CComCriticalSection@ATL@@QAEJXZ 1000142e f i OposVariant.obj
 0001:00000456       ?RemoveAll@?$CSimpleArray@GV?$CSimpleArrayEqualHelper@G@ATL@@@ATL@@QAEXXZ 10001456 f i OposVariant.obj
 0001:00000456       ?RemoveAll@?$CSimpleArray@PAUHINSTANCE__@@V?$CSimpleArrayEqualHelper@PAUHINSTANCE__@@@ATL@@@ATL@@QAEXXZ 10001456 f i atls:atlbase.obj
 0001:00000473       ?SetBSTR@OposVariant@@QAEXPA_WAAJ@Z 10001473 f   OposVariant.obj
 0001:000004a7       ?SetBSTR_Copy@OposVariant@@QAEXPA_WAAJ@Z 100014a7 f   OposVariant.obj
 0001:000004f7       ?SetBSTR_InOutPtr@OposVariant@@QAE_NPAPA_WAAJ@Z 100014f7 f   OposVariant.obj
 0001:0000052e       ?SetDispatch_Ptr@OposVariant@@QAEXPAUIDispatch@@AAJ@Z 1000152e f   OposVariant.obj
 0001:00000569       ?SetLONG@OposVariant@@QAEXJ@Z 10001569 f   OposVariant.obj
 0001:0000058b       ?SetLONG_Ptr@OposVariant@@QAEXPAJAAJ@Z 1000158b f   OposVariant.obj
 0001:000005be       ?SetString@OposVariant@@QAEXPB_WAAJ@Z 100015be f   OposVariant.obj
 0001:00000604       ?SetVARIANT_BOOL@OposVariant@@QAEXF@Z 10001604 f   OposVariant.obj
 0001:0000062e       ?Term@CAtlComModule@ATL@@QAEXXZ 1000162e f i OposVariant.obj
 0001:00000678       ?_AtlRaiseException@ATL@@YAXKK@Z 10001678 f i OposVariant.obj
 0001:0000068d       ??_E?$CComObject@VCOPOSMICR@@@ATL@@W3AEPAXI@Z 1000168d f i MICR.obj
 0001:00000695       ??_E?$CComObject@VCOPOSMICR@@@ATL@@WEM@AEPAXI@Z 10001695 f i MICR.obj
 0001:0000069d       ?QueryInterface@?$CComObject@VCOPOSMICR@@@ATL@@WHA@AGJABU_GUID@@PAPAX@Z 1000169d f i MICR.obj
 0001:000006a7       ?AddRef@?$CComObject@VCOPOSMICR@@@ATL@@WHA@AGKXZ 100016a7 f i MICR.obj
 0001:000006b1       ?Release@?$CComObject@VCOPOSMICR@@@ATL@@WHA@AGKXZ 100016b1 f i MICR.obj
 0001:000006bb       ?QueryInterface@?$CComObject@VCOPOSMICR@@@ATL@@WHE@AGJABU_GUID@@PAPAX@Z 100016bb f i MICR.obj
 0001:000006c5       ?AddRef@?$CComObject@VCOPOSMICR@@@ATL@@WHE@AGKXZ 100016c5 f i MICR.obj
 0001:000006cf       ?Release@?$CComObject@VCOPOSMICR@@@ATL@@WHE@AGKXZ 100016cf f i MICR.obj
 0001:000006d9       ?QueryInterface@?$CComObject@VCOPOSMICR@@@ATL@@WHI@AGJABU_GUID@@PAPAX@Z 100016d9 f i MICR.obj
 0001:000006e3       ?AddRef@?$CComObject@VCOPOSMICR@@@ATL@@WHI@AGKXZ 100016e3 f i MICR.obj
 0001:000006ed       ?Release@?$CComObject@VCOPOSMICR@@@ATL@@WHI@AGKXZ 100016ed f i MICR.obj
 0001:000006f7       ?QueryInterface@?$CComObject@VCOPOSMICR@@@ATL@@WHM@AGJABU_GUID@@PAPAX@Z 100016f7 f i MICR.obj
 0001:00000701       ?AddRef@?$CComObject@VCOPOSMICR@@@ATL@@WHM@AGKXZ 10001701 f i MICR.obj
 0001:0000070b       ?Release@?$CComObject@VCOPOSMICR@@@ATL@@WHM@AGKXZ 1000170b f i MICR.obj
 0001:00000715       ?QueryInterface@?$CComObject@VCOPOSMICR@@@ATL@@WIA@AGJABU_GUID@@PAPAX@Z 10001715 f i MICR.obj
 0001:00000722       ?AddRef@?$CComObject@VCOPOSMICR@@@ATL@@WIA@AGKXZ 10001722 f i MICR.obj
 0001:0000072f       ?Release@?$CComObject@VCOPOSMICR@@@ATL@@WIA@AGKXZ 1000172f f i MICR.obj
 0001:0000073c       ?QueryInterface@?$CComObject@VCOPOSMICR@@@ATL@@WIE@AGJABU_GUID@@PAPAX@Z 1000173c f i MICR.obj
 0001:00000749       ?AddRef@?$CComObject@VCOPOSMICR@@@ATL@@WIE@AGKXZ 10001749 f i MICR.obj
 0001:00000756       ?Release@?$CComObject@VCOPOSMICR@@@ATL@@WIE@AGKXZ 10001756 f i MICR.obj
 0001:00000763       ?QueryInterface@?$CComObject@VCOPOSMICR@@@ATL@@WII@AGJABU_GUID@@PAPAX@Z 10001763 f i MICR.obj
 0001:00000770       ?AddRef@?$CComObject@VCOPOSMICR@@@ATL@@WII@AGKXZ 10001770 f i MICR.obj
 0001:0000077d       ?Release@?$CComObject@VCOPOSMICR@@@ATL@@WII@AGKXZ 1000177d f i MICR.obj
 0001:0000078a       ?QueryInterface@?$CComObject@VCOPOSMICR@@@ATL@@WIM@AGJABU_GUID@@PAPAX@Z 1000178a f i MICR.obj
 0001:00000797       ?AddRef@?$CComObject@VCOPOSMICR@@@ATL@@WIM@AGKXZ 10001797 f i MICR.obj
 0001:000007a4       ?Release@?$CComObject@VCOPOSMICR@@@ATL@@WIM@AGKXZ 100017a4 f i MICR.obj
 0001:000007b1       ?QueryInterface@?$CComObject@VCOPOSMICR@@@ATL@@WJA@AGJABU_GUID@@PAPAX@Z 100017b1 f i MICR.obj
 0001:000007be       ?AddRef@?$CComObject@VCOPOSMICR@@@ATL@@WJA@AGKXZ 100017be f i MICR.obj
 0001:000007cb       ?Release@?$CComObject@VCOPOSMICR@@@ATL@@WJA@AGKXZ 100017cb f i MICR.obj
 0001:000007d8       ?QueryInterface@?$CComObject@VCOPOSMICR@@@ATL@@WJE@AGJABU_GUID@@PAPAX@Z 100017d8 f i MICR.obj
 0001:000007e5       ?AddRef@?$CComObject@VCOPOSMICR@@@ATL@@WJE@AGKXZ 100017e5 f i MICR.obj
 0001:000007f2       ?Release@?$CComObject@VCOPOSMICR@@@ATL@@WJE@AGKXZ 100017f2 f i MICR.obj
 0001:000007ff       ?QueryInterface@?$CComObject@VCOPOSMICR@@@ATL@@WJI@AGJABU_GUID@@PAPAX@Z 100017ff f i MICR.obj
 0001:0000080c       ?AddRef@?$CComObject@VCOPOSMICR@@@ATL@@WJI@AGKXZ 1000180c f i MICR.obj
 0001:00000819       ?Release@?$CComObject@VCOPOSMICR@@@ATL@@WJI@AGKXZ 10001819 f i MICR.obj
 0001:00000826       ?QueryInterface@?$CComObject@VCOPOSMICR@@@ATL@@WJM@AGJABU_GUID@@PAPAX@Z 10001826 f i MICR.obj
 0001:00000833       ?AddRef@?$CComObject@VCOPOSMICR@@@ATL@@WJM@AGKXZ 10001833 f i MICR.obj
 0001:00000840       ?Release@?$CComObject@VCOPOSMICR@@@ATL@@WJM@AGKXZ 10001840 f i MICR.obj
 0001:0000084d       ?QueryInterface@?$CComObject@VCOPOSMICR@@@ATL@@WKA@AGJABU_GUID@@PAPAX@Z 1000184d f i MICR.obj
 0001:0000085a       ?AddRef@?$CComObject@VCOPOSMICR@@@ATL@@WKA@AGKXZ 1000185a f i MICR.obj
 0001:00000867       ?Release@?$CComObject@VCOPOSMICR@@@ATL@@WKA@AGKXZ 10001867 f i MICR.obj
 0001:00000874       ?AddRef@?$CComObject@VCOPOSMICR@@@ATL@@WKI@AGKXZ 10001874 f i MICR.obj
 0001:00000881       ?Release@?$CComObject@VCOPOSMICR@@@ATL@@WKI@AGKXZ 10001881 f i MICR.obj
 0001:0000088e       ?AddRef@?$CComObject@VCOPOSMICR@@@ATL@@WLE@AGKXZ 1000188e f i MICR.obj
 0001:0000089b       ?Release@?$CComObject@VCOPOSMICR@@@ATL@@WLE@AGKXZ 1000189b f i MICR.obj
 0001:000008a8       ??_E?$CComContainedObject@VCOPOSMICR@@@ATL@@W3AEPAXI@Z 100018a8 f i MICR.obj
 0001:000008b0       ??_E?$CComContainedObject@VCOPOSMICR@@@ATL@@WEM@AEPAXI@Z 100018b0 f i MICR.obj
 0001:000008b8       ?QueryInterface@?$CComContainedObject@VCOPOSMICR@@@ATL@@WHA@AGJABU_GUID@@PAPAX@Z 100018b8 f i MICR.obj
 0001:000008c2       ?AddRef@?$CComContainedObject@VCOPOSMICR@@@ATL@@WHA@AGKXZ 100018c2 f i MICR.obj
 0001:000008cc       ?Release@?$CComContainedObject@VCOPOSMICR@@@ATL@@WHA@AGKXZ 100018cc f i MICR.obj
 0001:000008d6       ?QueryInterface@?$CComContainedObject@VCOPOSMICR@@@ATL@@WHE@AGJABU_GUID@@PAPAX@Z 100018d6 f i MICR.obj
 0001:000008e0       ?AddRef@?$CComContainedObject@VCOPOSMICR@@@ATL@@WHE@AGKXZ 100018e0 f i MICR.obj
 0001:000008ea       ?Release@?$CComContainedObject@VCOPOSMICR@@@ATL@@WHE@AGKXZ 100018ea f i MICR.obj
 0001:000008f4       ?QueryInterface@?$CComContainedObject@VCOPOSMICR@@@ATL@@WHI@AGJABU_GUID@@PAPAX@Z 100018f4 f i MICR.obj
 0001:000008fe       ?AddRef@?$CComContainedObject@VCOPOSMICR@@@ATL@@WHI@AGKXZ 100018fe f i MICR.obj
 0001:00000908       ?Release@?$CComContainedObject@VCOPOSMICR@@@ATL@@WHI@AGKXZ 10001908 f i MICR.obj
 0001:00000912       ?QueryInterface@?$CComContainedObject@VCOPOSMICR@@@ATL@@WHM@AGJABU_GUID@@PAPAX@Z 10001912 f i MICR.obj
 0001:0000091c       ?AddRef@?$CComContainedObject@VCOPOSMICR@@@ATL@@WHM@AGKXZ 1000191c f i MICR.obj
 0001:00000926       ?Release@?$CComContainedObject@VCOPOSMICR@@@ATL@@WHM@AGKXZ 10001926 f i MICR.obj
 0001:00000930       ?QueryInterface@?$CComContainedObject@VCOPOSMICR@@@ATL@@WIA@AGJABU_GUID@@PAPAX@Z 10001930 f i MICR.obj
 0001:0000093d       ?AddRef@?$CComContainedObject@VCOPOSMICR@@@ATL@@WIA@AGKXZ 1000193d f i MICR.obj
 0001:0000094a       ?Release@?$CComContainedObject@VCOPOSMICR@@@ATL@@WIA@AGKXZ 1000194a f i MICR.obj
 0001:00000957       ?QueryInterface@?$CComContainedObject@VCOPOSMICR@@@ATL@@WIE@AGJABU_GUID@@PAPAX@Z 10001957 f i MICR.obj
 0001:00000964       ?AddRef@?$CComContainedObject@VCOPOSMICR@@@ATL@@WIE@AGKXZ 10001964 f i MICR.obj
 0001:00000971       ?Release@?$CComContainedObject@VCOPOSMICR@@@ATL@@WIE@AGKXZ 10001971 f i MICR.obj
 0001:0000097e       ?QueryInterface@?$CComContainedObject@VCOPOSMICR@@@ATL@@WII@AGJABU_GUID@@PAPAX@Z 1000197e f i MICR.obj
 0001:0000098b       ?AddRef@?$CComContainedObject@VCOPOSMICR@@@ATL@@WII@AGKXZ 1000198b f i MICR.obj
 0001:00000998       ?Release@?$CComContainedObject@VCOPOSMICR@@@ATL@@WII@AGKXZ 10001998 f i MICR.obj
 0001:000009a5       ?QueryInterface@?$CComContainedObject@VCOPOSMICR@@@ATL@@WIM@AGJABU_GUID@@PAPAX@Z 100019a5 f i MICR.obj
 0001:000009b2       ?AddRef@?$CComContainedObject@VCOPOSMICR@@@ATL@@WIM@AGKXZ 100019b2 f i MICR.obj
 0001:000009bf       ?Release@?$CComContainedObject@VCOPOSMICR@@@ATL@@WIM@AGKXZ 100019bf f i MICR.obj
 0001:000009cc       ?QueryInterface@?$CComContainedObject@VCOPOSMICR@@@ATL@@WJA@AGJABU_GUID@@PAPAX@Z 100019cc f i MICR.obj
 0001:000009d9       ?AddRef@?$CComContainedObject@VCOPOSMICR@@@ATL@@WJA@AGKXZ 100019d9 f i MICR.obj
 0001:000009e6       ?Release@?$CComContainedObject@VCOPOSMICR@@@ATL@@WJA@AGKXZ 100019e6 f i MICR.obj
 0001:000009f3       ?QueryInterface@?$CComContainedObject@VCOPOSMICR@@@ATL@@WJE@AGJABU_GUID@@PAPAX@Z 100019f3 f i MICR.obj
 0001:00000a00       ?AddRef@?$CComContainedObject@VCOPOSMICR@@@ATL@@WJE@AGKXZ 10001a00 f i MICR.obj
 0001:00000a0d       ?Release@?$CComContainedObject@VCOPOSMICR@@@ATL@@WJE@AGKXZ 10001a0d f i MICR.obj
 0001:00000a1a       ?QueryInterface@?$CComContainedObject@VCOPOSMICR@@@ATL@@WJI@AGJABU_GUID@@PAPAX@Z 10001a1a f i MICR.obj
 0001:00000a27       ?AddRef@?$CComContainedObject@VCOPOSMICR@@@ATL@@WJI@AGKXZ 10001a27 f i MICR.obj
 0001:00000a34       ?Release@?$CComContainedObject@VCOPOSMICR@@@ATL@@WJI@AGKXZ 10001a34 f i MICR.obj
 0001:00000a41       ?QueryInterface@?$CComContainedObject@VCOPOSMICR@@@ATL@@WJM@AGJABU_GUID@@PAPAX@Z 10001a41 f i MICR.obj
 0001:00000a4e       ?AddRef@?$CComContainedObject@VCOPOSMICR@@@ATL@@WJM@AGKXZ 10001a4e f i MICR.obj
 0001:00000a5b       ?Release@?$CComContainedObject@VCOPOSMICR@@@ATL@@WJM@AGKXZ 10001a5b f i MICR.obj
 0001:00000a68       ?QueryInterface@?$CComContainedObject@VCOPOSMICR@@@ATL@@WKA@AGJABU_GUID@@PAPAX@Z 10001a68 f i MICR.obj
 0001:00000a75       ?AddRef@?$CComContainedObject@VCOPOSMICR@@@ATL@@WKA@AGKXZ 10001a75 f i MICR.obj
 0001:00000a82       ?Release@?$CComContainedObject@VCOPOSMICR@@@ATL@@WKA@AGKXZ 10001a82 f i MICR.obj
 0001:00000a8f       ?AddRef@?$CComContainedObject@VCOPOSMICR@@@ATL@@WKI@AGKXZ 10001a8f f i MICR.obj
 0001:00000a9c       ?Release@?$CComContainedObject@VCOPOSMICR@@@ATL@@WKI@AGKXZ 10001a9c f i MICR.obj
 0001:00000aa9       ?AddRef@?$CComContainedObject@VCOPOSMICR@@@ATL@@WLE@AGKXZ 10001aa9 f i MICR.obj
 0001:00000ab6       ?Release@?$CComContainedObject@VCOPOSMICR@@@ATL@@WLE@AGKXZ 10001ab6 f i MICR.obj
 0001:00000ac3       ?CreateInstance@CComClassFactory@ATL@@UAGJPAUIUnknown@@ABU_GUID@@PAPAX@Z 10001ac3 f i MICR.obj
 0001:00000b01       ?LockServer@CComClassFactory@ATL@@UAGJH@Z 10001b01 f i MICR.obj
 0001:00000b20       ??_GCComClassFactory@ATL@@UAEPAXI@Z 10001b20 f i MICR.obj
 0001:00000b20       ??_ECComClassFactory@ATL@@UAEPAXI@Z 10001b20 f i MICR.obj
 0001:00000b4b       ?GetWindowProc@?$CWindowImplBaseT@VCWindow@ATL@@V?$CWinTraits@$0FGAAAAAA@$0A@@2@@ATL@@UAEP6GJPAUHWND__@@IIJ@ZXZ 10001b4b f i MICR.obj
 0001:00000b51       ?StartWindowProc@?$CWindowImplBaseT@VCWindow@ATL@@V?$CWinTraits@$0FGAAAAAA@$0A@@2@@ATL@@SGJPAUHWND__@@IIJ@Z 10001b51 f i MICR.obj
 0001:00000ba5       ?ObjectMain@CComObjectRootBase@ATL@@SGX_N@Z 10001ba5 f i MICR.obj
 0001:00000ba5       ?OnFinalMessage@?$CWindowImplBaseT@VCWindow@ATL@@V?$CWinTraits@$0FGAAAAAA@$0A@@2@@ATL@@UAEXPAUHWND__@@@Z 10001ba5 f i MICR.obj
 0001:00000ba8       ?GetTypeInfoCount@?$IDispatchImpl@UIOPOSMICR@@$1?IID_IOPOSMICR@@3U_GUID@@B$1?LIBID_OposMICR_CCO@@3U3@B$00$0A@VCComTypeInfoHolder@ATL@@@ATL@@UAGJPAI@Z 10001ba8 f i MICR.obj
 0001:00000bc5       ?GetTypeInfo@?$IDispatchImpl@UIOPOSMICR@@$1?IID_IOPOSMICR@@3U_GUID@@B$1?LIBID_OposMICR_CCO@@3U3@B$00$0A@VCComTypeInfoHolder@ATL@@@ATL@@UAGJIKPAPAUITypeInfo@@@Z 10001bc5 f i MICR.obj
 0001:00000be9       ?GetIDsOfNames@?$IDispatchImpl@UIOPOSMICR@@$1?IID_IOPOSMICR@@3U_GUID@@B$1?LIBID_OposMICR_CCO@@3U3@B$00$0A@VCComTypeInfoHolder@ATL@@@ATL@@UAGJABU_GUID@@PAPA_WIKPAJ@Z 10001be9 f i MICR.obj
 0001:00000c09       ?Invoke@?$IDispatchImpl@UIOPOSMICR@@$1?IID_IOPOSMICR@@3U_GUID@@B$1?LIBID_OposMICR_CCO@@3U3@B$00$0A@VCComTypeInfoHolder@ATL@@@ATL@@UAGJJABU_GUID@@KGPAUtagDISPPARAMS@@PAUtagVARIANT@@PAUtagEXCEPINFO@@PAI@Z 10001c09 f i MICR.obj
 0001:00000c17       ?CreateControlWindow@?$CComControl@VCOPOSMICR@@V?$CWindowImpl@VCOPOSMICR@@VCWindow@ATL@@V?$CWinTraits@$0FGAAAAAA@$0A@@3@@ATL@@@ATL@@UAEPAUHWND__@@PAU3@AAUtagRECT@@@Z 10001c17 f i MICR.obj
 0001:00000c46       ?ControlQueryInterface@?$CComControl@VCOPOSMICR@@V?$CWindowImpl@VCOPOSMICR@@VCWindow@ATL@@V?$CWinTraits@$0FGAAAAAA@$0A@@3@@ATL@@@ATL@@UAEJABU_GUID@@PAPAX@Z 10001c46 f i MICR.obj
 0001:00000c61       ?GetClassID@?$IPersistStreamInitImpl@VCOPOSMICR@@@ATL@@UAGJPAU_GUID@@@Z 10001c61 f i MICR.obj
 0001:00000c61       ?GetUserClassID@?$IOleObjectImpl@VCOPOSMICR@@@ATL@@UAGJPAU_GUID@@@Z 10001c61 f i MICR.obj
 0001:00000c61       ?GetClassID@?$IPersistStorageImpl@VCOPOSMICR@@@ATL@@UAGJPAU_GUID@@@Z 10001c61 f i MICR.obj
 0001:00000c85       ?IsDirty@?$IPersistStreamInitImpl@VCOPOSMICR@@@ATL@@UAGJXZ 10001c85 f i MICR.obj
 0001:00000ca4       ?Load@?$IPersistStreamInitImpl@VCOPOSMICR@@@ATL@@UAGJPAUIStream@@@Z 10001ca4 f i MICR.obj
 0001:00000cc3       ?Save@?$IPersistStreamInitImpl@VCOPOSMICR@@@ATL@@UAGJPAUIStream@@H@Z 10001cc3 f i MICR.obj
 0001:00000ce5       ?GetSizeMax@?$IPersistStreamInitImpl@VCOPOSMICR@@@ATL@@UAGJPAT_ULARGE_INTEGER@@@Z 10001ce5 f i MICR.obj
 0001:00000ec4       ?InitNew@?$IPersistStreamInitImpl@VCOPOSMICR@@@ATL@@UAGJXZ 10001ec4 f i MICR.obj
 0001:00000ee1       ?ContextSensitiveHelp@?$IOleInPlaceActiveObjectImpl@VCOPOSMICR@@@ATL@@UAGJH@Z 10001ee1 f i MICR.obj
 0001:00000ee1       ?OnMnemonic@?$IOleControlImpl@VCOPOSMICR@@@ATL@@UAGJPAUtagMSG@@@Z 10001ee1 f i MICR.obj
 0001:00000ee1       ?QueryGetData@?$IDataObjectImpl@VCOPOSMICR@@@ATL@@UAGJPAUtagFORMATETC@@@Z 10001ee1 f i MICR.obj
 0001:00000ee1       ?SOOutputCompleteDummy@COPOSMICR@@MAGJJ@Z 10001ee1 f i MICR.obj
 0001:00000ee1       ?SetColorScheme@?$IOleObjectImpl@VCOPOSMICR@@@ATL@@UAGJPAUtagLOGPALETTE@@@Z 10001ee1 f i MICR.obj
 0001:00000ee1       ?ContextSensitiveHelp@?$IOleInPlaceObjectWindowlessImpl@VCOPOSMICR@@@ATL@@UAGJH@Z 10001ee1 f i MICR.obj
 0001:00000ee1       ?Unfreeze@?$IViewObjectExImpl@VCOPOSMICR@@@ATL@@UAGJK@Z 10001ee1 f i MICR.obj
 0001:00000ee1       ?GetDropTarget@?$IOleInPlaceObjectWindowlessImpl@VCOPOSMICR@@@ATL@@UAGJPAPAUIDropTarget@@@Z 10001ee1 f i MICR.obj
 0001:00000ee1       ?GetControlInfo@?$IOleControlImpl@VCOPOSMICR@@@ATL@@UAGJPAUtagCONTROLINFO@@@Z 10001ee1 f i MICR.obj
 0001:00000ee9       ?OnAmbientPropertyChange@?$IOleControlImpl@VCOPOSMICR@@@ATL@@UAGJJ@Z 10001ee9 f i MICR.obj
 0001:00000ee9       ?EnableModeless@?$IOleInPlaceActiveObjectImpl@VCOPOSMICR@@@ATL@@UAGJH@Z 10001ee9 f i MICR.obj
 0001:00000ee9       ?SaveCompleted@?$IPersistStorageImpl@VCOPOSMICR@@@ATL@@UAGJPAUIStorage@@@Z 10001ee9 f i MICR.obj
 0001:00000ee9       ?OnFrameWindowActivate@?$IOleInPlaceActiveObjectImpl@VCOPOSMICR@@@ATL@@UAGJH@Z 10001ee9 f i MICR.obj
 0001:00000eee       ?SetClientSite@?$IOleObjectImpl@VCOPOSMICR@@@ATL@@UAGJPAUIOleClientSite@@@Z 10001eee f i MICR.obj
 0001:00000f0b       ?GetClientSite@?$IOleObjectImpl@VCOPOSMICR@@@ATL@@UAGJPAPAUIOleClientSite@@@Z 10001f0b f i MICR.obj
 0001:00000f28       ?SetHostNames@?$IOleObjectImpl@VCOPOSMICR@@@ATL@@UAGJPB_W0@Z 10001f28 f i MICR.obj
 0001:00000f2d       ?Close@?$IOleObjectImpl@VCOPOSMICR@@@ATL@@UAGJK@Z 10001f2d f i MICR.obj
 0001:00000f4a       ?GetCanonicalFormatEtc@?$IDataObjectImpl@VCOPOSMICR@@@ATL@@UAGJPAUtagFORMATETC@@0@Z 10001f4a f i MICR.obj
 0001:00000f4a       ?EnumFormatEtc@?$IDataObjectImpl@VCOPOSMICR@@@ATL@@UAGJKPAPAUIEnumFORMATETC@@@Z 10001f4a f i MICR.obj
 0001:00000f4a       ?QueryInterface@CRegObject@ATL@@UAGJABU_GUID@@PAPAX@Z 10001f4a f i MICR.obj
 0001:00000f4a       ?GetDataHere@?$IDataObjectImpl@VCOPOSMICR@@@ATL@@UAGJPAUtagFORMATETC@@PAUtagSTGMEDIUM@@@Z 10001f4a f i MICR.obj
 0001:00000f4a       ?GetRect@?$IViewObjectExImpl@VCOPOSMICR@@@ATL@@UAGJKPAU_RECTL@@@Z 10001f4a f i MICR.obj
 0001:00000f4a       ?GetClipboardData@?$IOleObjectImpl@VCOPOSMICR@@@ATL@@UAGJKPAPAUIDataObject@@@Z 10001f4a f i MICR.obj
 0001:00000f4a       ?SetMoniker@?$IOleObjectImpl@VCOPOSMICR@@@ATL@@UAGJKPAUIMoniker@@@Z 10001f4a f i MICR.obj
 0001:00000f52       ?InitFromData@?$IOleObjectImpl@VCOPOSMICR@@@ATL@@UAGJPAUIDataObject@@HK@Z 10001f52 f i MICR.obj
 0001:00000f52       ?GetMoniker@?$IOleObjectImpl@VCOPOSMICR@@@ATL@@UAGJKKPAPAUIMoniker@@@Z 10001f52 f i MICR.obj
 0001:00000f52       ?SetData@?$IDataObjectImpl@VCOPOSMICR@@@ATL@@UAGJPAUtagFORMATETC@@PAUtagSTGMEDIUM@@H@Z 10001f52 f i MICR.obj
 0001:00000f5a       ?DoVerb@?$IOleObjectImpl@VCOPOSMICR@@@ATL@@UAGJJPAUtagMSG@@PAUIOleClientSite@@JPAUHWND__@@PBUtagRECT@@@Z 10001f5a f i MICR.obj
 0001:0000104e       ?EnumVerbs@?$IOleObjectImpl@VCOPOSMICR@@@ATL@@UAGJPAPAUIEnumOLEVERB@@@Z 1000204e f i MICR.obj
 0001:00001070       ?Release@CRegObject@ATL@@UAGKXZ 10002070 f i MICR.obj
 0001:00001070       ?HandsOffStorage@?$IPersistStorageImpl@VCOPOSMICR@@@ATL@@UAGJXZ 10002070 f i MICR.obj
 0001:00001070       ?IsUpToDate@?$IOleObjectImpl@VCOPOSMICR@@@ATL@@UAGJXZ 10002070 f i MICR.obj
 0001:00001070       ?Update@?$IOleObjectImpl@VCOPOSMICR@@@ATL@@UAGJXZ 10002070 f i MICR.obj
 0001:00001075       ?GetUserType@?$IOleObjectImpl@VCOPOSMICR@@@ATL@@UAGJKPAPA_W@Z 10002075 f i MICR.obj
 0001:0000108d       ?SetExtent@?$IOleObjectImpl@VCOPOSMICR@@@ATL@@UAGJKPAUtagSIZE@@@Z 1000208d f i MICR.obj
 0001:000010ad       ?GetExtent@?$IOleObjectImpl@VCOPOSMICR@@@ATL@@UAGJKPAUtagSIZE@@@Z 100020ad f i MICR.obj
 0001:000010eb       ?Advise@?$IOleObjectImpl@VCOPOSMICR@@@ATL@@UAGJPAUIAdviseSink@@PAK@Z 100020eb f i MICR.obj
 0001:0000110b       ?Unadvise@?$IOleObjectImpl@VCOPOSMICR@@@ATL@@UAGJK@Z 1000210b f i MICR.obj
 0001:0000113a       ?EnumAdvise@?$IOleObjectImpl@VCOPOSMICR@@@ATL@@UAGJPAPAUIEnumSTATDATA@@@Z 1000213a f i MICR.obj
 0001:0000117a       ?GetMiscStatus@?$IOleObjectImpl@VCOPOSMICR@@@ATL@@UAGJKPAK@Z 1000217a f i MICR.obj
 0001:00001192       ?GetWindow@?$IOleInPlaceActiveObjectImpl@VCOPOSMICR@@@ATL@@UAGJPAPAUHWND__@@@Z 10002192 f i MICR.obj
 0001:000011df       ?TranslateAcceleratorW@?$IOleInPlaceActiveObjectImpl@VCOPOSMICR@@@ATL@@UAGJPAUtagMSG@@@Z 100021df f i MICR.obj
 0001:0000128d       ?OnDocWindowActivate@?$IOleInPlaceActiveObjectImpl@VCOPOSMICR@@@ATL@@UAGJH@Z 1000228d f i MICR.obj
 0001:000012af       ?ResizeBorder@?$IOleInPlaceActiveObjectImpl@VCOPOSMICR@@@ATL@@UAGJPBUtagRECT@@PAUIOleInPlaceUIWindow@@H@Z 100022af f i MICR.obj
 0001:000012b4       ?Draw@?$IViewObjectExImpl@VCOPOSMICR@@@ATL@@UAGJKJPAXPAUtagDVTARGETDEVICE@@PAUHDC__@@2PBU_RECTL@@3P6GHK@ZK@Z 100022b4 f i MICR.obj
 0001:000012e6       ?GetColorSet@?$IViewObjectExImpl@VCOPOSMICR@@@ATL@@UAGJKJPAXPAUtagDVTARGETDEVICE@@PAUHDC__@@PAPAUtagLOGPALETTE@@@Z 100022e6 f i MICR.obj
 0001:000012ee       ?Freeze@?$IViewObjectExImpl@VCOPOSMICR@@@ATL@@UAGJKJPAXPAK@Z 100022ee f i MICR.obj
 0001:000012f6       ?SetAdvise@?$IViewObjectExImpl@VCOPOSMICR@@@ATL@@UAGJKKPAUIAdviseSink@@@Z 100022f6 f i MICR.obj
 0001:00001315       ?GetAdvise@?$IViewObjectExImpl@VCOPOSMICR@@@ATL@@UAGJPAK0PAPAUIAdviseSink@@@Z 10002315 f i MICR.obj
 0001:0000134a       ?GetExtent@?$IViewObjectExImpl@VCOPOSMICR@@@ATL@@UAGJKJPAUtagDVTARGETDEVICE@@PAUtagSIZE@@@Z 1000234a f i MICR.obj
 0001:0000137b       ?GetViewStatus@?$IViewObjectExImpl@VCOPOSMICR@@@ATL@@UAGJPAK@Z 1000237b f i MICR.obj
 0001:00001398       ?QueryHitPoint@?$IViewObjectExImpl@VCOPOSMICR@@@ATL@@UAGJKPBUtagRECT@@UtagPOINT@@JPAK@Z 10002398 f i MICR.obj
 0001:000013d9       ?QueryHitRect@?$IViewObjectExImpl@VCOPOSMICR@@@ATL@@UAGJKPBUtagRECT@@0JPAK@Z 100023d9 f i MICR.obj
 0001:00001434       ?GetNaturalExtent@?$IViewObjectExImpl@VCOPOSMICR@@@ATL@@UAGJKJPAUtagDVTARGETDEVICE@@PAUHDC__@@PAUtagExtentInfo@@PAUtagSIZE@@@Z 10002434 f i MICR.obj
 0001:0000147f       ?GetWindow@?$IOleInPlaceObjectWindowlessImpl@VCOPOSMICR@@@ATL@@UAGJPAPAUHWND__@@@Z 1000247f f i MICR.obj
 0001:000014cc       ?InPlaceDeactivate@?$IOleInPlaceObjectWindowlessImpl@VCOPOSMICR@@@ATL@@UAGJXZ 100024cc f i MICR.obj
 0001:000014e6       ?UIDeactivate@?$IOleInPlaceObjectWindowlessImpl@VCOPOSMICR@@@ATL@@UAGJXZ 100024e6 f i MICR.obj
 0001:00001500       ?SetObjectRects@?$IOleInPlaceObjectWindowlessImpl@VCOPOSMICR@@@ATL@@UAGJPBUtagRECT@@0@Z 10002500 f i MICR.obj
 0001:00001520       ?ReactivateAndUndo@?$IOleInPlaceObjectWindowlessImpl@VCOPOSMICR@@@ATL@@UAGJXZ 10002520 f i MICR.obj
 0001:00001528       ?OnWindowMessage@?$IOleInPlaceObjectWindowlessImpl@VCOPOSMICR@@@ATL@@UAGJIIJPAJ@Z 10002528 f i MICR.obj
 0001:00001598       ?EnumConnectionPoints@?$IConnectionPointContainerImpl@VCOPOSMICR@@@ATL@@UAGJPAPAUIEnumConnectionPoints@@@Z 10002598 f i MICR.obj
 0001:00001724       ?FindConnectionPoint@?$IConnectionPointContainerImpl@VCOPOSMICR@@@ATL@@UAGJABU_GUID@@PAPAUIConnectionPoint@@@Z 10002724 f i MICR.obj
 0001:000017c7       ?IsDirty@?$IPersistStorageImpl@VCOPOSMICR@@@ATL@@UAGJXZ 100027c7 f i MICR.obj
 0001:000017f7       ?InitNew@?$IPersistStorageImpl@VCOPOSMICR@@@ATL@@UAGJPAUIStorage@@@Z 100027f7 f i MICR.obj
 0001:00001827       ?Load@?$IPersistStorageImpl@VCOPOSMICR@@@ATL@@UAGJPAUIStorage@@@Z 10002827 f i MICR.obj
 0001:00001893       ?Save@?$IPersistStorageImpl@VCOPOSMICR@@@ATL@@UAGJPAUIStorage@@H@Z 10002893 f i MICR.obj
 0001:00001906       ?GetPages@?$ISpecifyPropertyPagesImpl@VCOPOSMICR@@@ATL@@UAGJPAUtagCAUUID@@@Z 10002906 f i MICR.obj
 0001:0000191d       ?QuickActivate@?$IQuickActivateImpl@VCOPOSMICR@@@ATL@@UAGJPAUtagQACONTAINER@@PAUtagQACONTROL@@@Z 1000291d f i MICR.obj
 0001:00001940       ?SetContentExtent@?$IQuickActivateImpl@VCOPOSMICR@@@ATL@@UAGJPAUtagSIZE@@@Z 10002940 f i MICR.obj
 0001:0000196c       ?GetContentExtent@?$IQuickActivateImpl@VCOPOSMICR@@@ATL@@UAGJPAUtagSIZE@@@Z 1000296c f i MICR.obj
 0001:000019a8       ?GetData@?$IDataObjectImpl@VCOPOSMICR@@@ATL@@UAGJPAUtagFORMATETC@@PAUtagSTGMEDIUM@@@Z 100029a8 f i MICR.obj
 0001:000019cb       ?DAdvise@?$IDataObjectImpl@VCOPOSMICR@@@ATL@@UAGJPAUtagFORMATETC@@KPAUIAdviseSink@@PAK@Z 100029cb f i MICR.obj
 0001:00001a0c       ?DUnadvise@?$IDataObjectImpl@VCOPOSMICR@@@ATL@@UAGJK@Z 10002a0c f i MICR.obj
 0001:00001a3a       ?EnumDAdvise@?$IDataObjectImpl@VCOPOSMICR@@@ATL@@UAGJPAPAUIEnumSTATDATA@@@Z 10002a3a f i MICR.obj
 0001:00001a79       ?GetClassInfoW@?$IProvideClassInfo2Impl@$1?CLSID_OPOSMICR@@3U_GUID@@B$1?DIID__IOPOSMICREvents@@3U2@B$1?LIBID_OposMICR_CCO@@3U2@B$00$0A@VCComTypeInfoHolder@ATL@@@ATL@@UAGJPAPAUITypeInfo@@@Z 10002a79 f i MICR.obj
 0001:00001a8f       ?GetGUID@?$IProvideClassInfo2Impl@$1?CLSID_OPOSMICR@@3U_GUID@@B$1?DIID__IOPOSMICREvents@@3U2@B$1?LIBID_OposMICR_CCO@@3U2@B$00$0A@VCComTypeInfoHolder@ATL@@@ATL@@UAGJKPAU_GUID@@@Z 10002a8f f i MICR.obj
 0001:00001acd       __get_startup_argv_mode    10002acd f i LIBCMT:argv_mode.obj
 0001:00001acd       ?FAccessAllowed@?$IObjectSafetyImpl@VCOPOSMICR@@$02@ATL@@MAEHXZ 10002acd f i MICR.obj
 0001:00001ad1       ?GetInterfaceSafetyOptions@?$IObjectSafetyImpl@VCOPOSMICR@@$02@ATL@@UAGJABU_GUID@@PAK1@Z 10002ad1 f i MICR.obj
 0001:00001b45       ?SetInterfaceSafetyOptions@?$IObjectSafetyImpl@VCOPOSMICR@@$02@ATL@@UAGJABU_GUID@@KK@Z 10002b45 f i MICR.obj
 0001:00001bbf       ?_LocCPQueryInterface@?$IConnectionPointImpl@VCOPOSMICR@@$1?DIID__IOPOSMICREvents@@3U_GUID@@BVCComDynamicUnkArray@ATL@@@ATL@@UAGJABU_GUID@@PAPAX@Z 10002bbf f i MICR.obj
 0001:00001bbf       ?_LocCPQueryInterface@?$IConnectionPointImpl@VCOPOSMICR@@$1?IID_IPropertyNotifySink@@3U_GUID@@BVCComDynamicUnkArray@ATL@@@ATL@@UAGJABU_GUID@@PAPAX@Z 10002bbf f i MICR.obj
 0001:00001c0c       ?GetConnectionInterface@?$IConnectionPointImpl@VCOPOSMICR@@$1?IID_IPropertyNotifySink@@3U_GUID@@BVCComDynamicUnkArray@ATL@@@ATL@@UAGJPAU_GUID@@@Z 10002c0c f i MICR.obj
 0001:00001c30       ?GetConnectionPointContainer@?$IConnectionPointImpl@VCOPOSMICR@@$1?IID_IPropertyNotifySink@@3U_GUID@@BVCComDynamicUnkArray@ATL@@@ATL@@UAGJPAPAUIConnectionPointContainer@@@Z 10002c30 f i MICR.obj
 0001:00001c53       ?Advise@?$IConnectionPointImpl@VCOPOSMICR@@$1?IID_IPropertyNotifySink@@3U_GUID@@BVCComDynamicUnkArray@ATL@@@ATL@@UAGJPAUIUnknown@@PAK@Z 10002c53 f i MICR.obj
 0001:00001c53       ?Advise@?$IConnectionPointImpl@VCOPOSMICR@@$1?DIID__IOPOSMICREvents@@3U_GUID@@BVCComDynamicUnkArray@ATL@@@ATL@@UAGJPAUIUnknown@@PAK@Z 10002c53 f i MICR.obj
 0001:00001cf3       ?Unadvise@?$IConnectionPointImpl@VCOPOSMICR@@$1?DIID__IOPOSMICREvents@@3U_GUID@@BVCComDynamicUnkArray@ATL@@@ATL@@UAGJK@Z 10002cf3 f i MICR.obj
 0001:00001cf3       ?Unadvise@?$IConnectionPointImpl@VCOPOSMICR@@$1?IID_IPropertyNotifySink@@3U_GUID@@BVCComDynamicUnkArray@ATL@@@ATL@@UAGJK@Z 10002cf3 f i MICR.obj
 0001:00001d33       ?EnumConnections@?$IConnectionPointImpl@VCOPOSMICR@@$1?DIID__IOPOSMICREvents@@3U_GUID@@BVCComDynamicUnkArray@ATL@@@ATL@@UAGJPAPAUIEnumConnections@@@Z 10002d33 f i MICR.obj
 0001:00001d33       ?EnumConnections@?$IConnectionPointImpl@VCOPOSMICR@@$1?IID_IPropertyNotifySink@@3U_GUID@@BVCComDynamicUnkArray@ATL@@@ATL@@UAGJPAPAUIEnumConnections@@@Z 10002d33 f i MICR.obj
 0001:00001e2e       ?GetCategoryMap@CComObjectRootBase@ATL@@SAPBU_ATL_CATMAP_ENTRY@2@XZ 10002e2e f i MICR.obj
 0001:00001e2e       ?GetObjectDescription@?$CComCoClass@VCOPOSMICR@@$1?CLSID_OPOSMICR@@3U_GUID@@B@ATL@@SGPB_WXZ 10002e2e f i MICR.obj
 0001:00001e31       ?GetConnectionInterface@?$IConnectionPointImpl@VCOPOSMICR@@$1?DIID__IOPOSMICREvents@@3U_GUID@@BVCComDynamicUnkArray@ATL@@@ATL@@UAGJPAU_GUID@@@Z 10002e31 f i MICR.obj
 0001:00001e55       ?GetConnectionPointContainer@?$IConnectionPointImpl@VCOPOSMICR@@$1?DIID__IOPOSMICREvents@@3U_GUID@@BVCComDynamicUnkArray@ATL@@@ATL@@UAGJPAPAUIConnectionPointContainer@@@Z 10002e55 f i MICR.obj
 0001:00001e78       ?UpdateRegistry@COPOSMICR@@SGJH@Z 10002e78 f i MICR.obj
 0001:00001e90       ?ProcessWindowMessage@COPOSMICR@@UAEHPAUHWND__@@IIJAAJK@Z 10002e90 f i MICR.obj
 0001:00001ed9       ?Lock@CAtlModule@ATL@@UAEJXZ 10002ed9 f i MICR.obj
 0001:00001ee3       ?Unlock@CAtlModule@ATL@@UAEJXZ 10002ee3 f i MICR.obj
 0001:00001eed       ?GetLockCount@CAtlModule@ATL@@UAEJXZ 10002eed f i MICR.obj
 0001:00001ef1       ?GetGITPtr@CAtlModule@ATL@@UAEJPAPAUIGlobalInterfaceTable@@@Z 10002ef1 f i MICR.obj
 0001:00001f3d       ?SOData@COPOSMICR@@MAGJJ@Z 10002f3d f i MICR.obj
 0001:00001f76       ?SODirectIO@COPOSMICR@@MAGJJPAJPAPA_W@Z 10002f76 f i MICR.obj
 0001:00001fbf       ?SOError@COPOSMICR@@MAGJJJJPAJ@Z 10002fbf f i MICR.obj
 0001:00002014       ?SOStatusUpdate@COPOSMICR@@MAGJJ@Z 10003014 f i MICR.obj
 0001:0000204d       ?AddCommonRGSReplacements@?$CAtlModuleT@VCComModule@ATL@@@ATL@@UAEJPAUIRegistrarBase@@@Z 1000304d f i MICR.obj
 0001:00002067       ?UpdateRegistryFromResourceD@CComModule@ATL@@UAGJIHPAU_ATL_REGMAP_ENTRY@2@@Z 10003067 f i MICR.obj
 0001:00002067       ?UpdateRegistryFromResourceD@CComModule@ATL@@UAGJPB_WHPAU_ATL_REGMAP_ENTRY@2@@Z 10003067 f i MICR.obj
 0001:0000206f       ?UpdateRegistryFromResource@CComModule@ATL@@UAGJPB_WHPAU_ATL_REGMAP_ENTRY@2@@Z 1000306f f i MICR.obj
 0001:00002078       ?UpdateRegistryFromResource@CComModule@ATL@@UAGJIHPAU_ATL_REGMAP_ENTRY@2@@Z 10003078 f i MICR.obj
 0001:00002081       ??_GCComModule@ATL@@UAEPAXI@Z 10003081 f i MICR.obj
 0001:00002081       ??_ECComModule@ATL@@UAEPAXI@Z 10003081 f i MICR.obj
 0001:000020a9       ?CreateInstance@?$CComCreator@V?$CComObjectCached@VCComClassFactory@ATL@@@ATL@@@ATL@@SGJPAXABU_GUID@@PAPAX@Z 100030a9 f i MICR.obj
 0001:00002149       ?CreateInstance@?$CComCreator2@V?$CComCreator@V?$CComObject@VCOPOSMICR@@@ATL@@@ATL@@V?$CComCreator@V?$CComAggObject@VCOPOSMICR@@@ATL@@@2@@ATL@@SGJPAXABU_GUID@@PAPAX@Z 10003149 f i MICR.obj
 0001:00002169       ?AddRef@?$CComObjectCached@VCComClassFactory@ATL@@@ATL@@UAGKXZ 10003169 f i MICR.obj
 0001:00002190       ?Release@?$CComObjectCached@VCComClassFactory@ATL@@@ATL@@UAGKXZ 10003190 f i MICR.obj
 0001:000021c6       ?QueryInterface@?$CComObjectCached@VCComClassFactory@ATL@@@ATL@@UAGJABU_GUID@@PAPAX@Z 100031c6 f i MICR.obj
 0001:000021e0       ??_G?$CComObjectCached@VCComClassFactory@ATL@@@ATL@@UAEPAXI@Z 100031e0 f i MICR.obj
 0001:000021e0       ??_E?$CComObjectCached@VCComClassFactory@ATL@@@ATL@@UAEPAXI@Z 100031e0 f i MICR.obj
 0001:00002202       ?Next@?$CComEnumImpl@UIEnumConnectionPoints@@$1?_GUID_b196b285_bab4_101a_b69c_00aa00341d07@@3U__s_GUID@@BPAUIConnectionPoint@@V?$_CopyInterface@UIConnectionPoint@@@ATL@@@ATL@@UAGJKPAPAUIConnectionPoint@@PAK@Z 10003202 f i MICR.obj
 0001:000022d9       ?Skip@?$CComEnumImpl@UIEnumConnectionPoints@@$1?_GUID_b196b285_bab4_101a_b69c_00aa00341d07@@3U__s_GUID@@BPAUIConnectionPoint@@V?$_CopyInterface@UIConnectionPoint@@@ATL@@@ATL@@UAGJK@Z 100032d9 f i MICR.obj
 0001:00002306       ?Reset@?$CComEnumImpl@UIEnumConnections@@$1?_GUID_b196b287_bab4_101a_b69c_00aa00341d07@@3U__s_GUID@@BUtagCONNECTDATA@@V?$_Copy@UtagCONNECTDATA@@@ATL@@@ATL@@UAGJXZ 10003306 f i MICR.obj
 0001:00002306       ?Reset@?$CComEnumImpl@UIEnumConnectionPoints@@$1?_GUID_b196b285_bab4_101a_b69c_00aa00341d07@@3U__s_GUID@@BPAUIConnectionPoint@@V?$_CopyInterface@UIConnectionPoint@@@ATL@@@ATL@@UAGJXZ 10003306 f i MICR.obj
 0001:00002318       ?Clone@?$CComEnumImpl@UIEnumConnectionPoints@@$1?_GUID_b196b285_bab4_101a_b69c_00aa00341d07@@3U__s_GUID@@BPAUIConnectionPoint@@V?$_CopyInterface@UIConnectionPoint@@@ATL@@@ATL@@UAGJPAPAUIEnumConnectionPoints@@@Z 10003318 f i MICR.obj
 0001:000023f9       ?AddRef@?$CComObject@V?$CComEnum@UIEnumConnections@@$1?_GUID_b196b287_bab4_101a_b69c_00aa00341d07@@3U__s_GUID@@BUtagCONNECTDATA@@V?$_Copy@UtagCONNECTDATA@@@ATL@@VCComSingleThreadModel@6@@ATL@@@ATL@@UAGKXZ 100033f9 f i MICR.obj
 0001:000023f9       ?AddRef@?$CComObject@V?$CComEnum@UIEnumConnectionPoints@@$1?_GUID_b196b285_bab4_101a_b69c_00aa00341d07@@3U__s_GUID@@BPAUIConnectionPoint@@V?$_CopyInterface@UIConnectionPoint@@@ATL@@VCComSingleThreadModel@6@@ATL@@@ATL@@UAGKXZ 100033f9 f i MICR.obj
 0001:0000240a       ?Release@?$CComObject@V?$CComEnum@UIEnumConnectionPoints@@$1?_GUID_b196b285_bab4_101a_b69c_00aa00341d07@@3U__s_GUID@@BPAUIConnectionPoint@@V?$_CopyInterface@UIConnectionPoint@@@ATL@@VCComSingleThreadModel@6@@ATL@@@ATL@@UAGKXZ 1000340a f i MICR.obj
 0001:0000240a       ?Release@?$CComObject@V?$CComEnum@UIEnumConnections@@$1?_GUID_b196b287_bab4_101a_b69c_00aa00341d07@@3U__s_GUID@@BUtagCONNECTDATA@@V?$_Copy@UtagCONNECTDATA@@@ATL@@VCComSingleThreadModel@6@@ATL@@@ATL@@UAGKXZ 1000340a f i MICR.obj
 0001:00002446       ?QueryInterface@?$CComObject@V?$CComEnum@UIEnumConnectionPoints@@$1?_GUID_b196b285_bab4_101a_b69c_00aa00341d07@@3U__s_GUID@@BPAUIConnectionPoint@@V?$_CopyInterface@UIConnectionPoint@@@ATL@@VCComSingleThreadModel@6@@ATL@@@ATL@@UAGJABU_GUID@@PAPAX@Z 10003446 f i MICR.obj
 0001:00002460       ??_G?$CComObject@V?$CComEnum@UIEnumConnectionPoints@@$1?_GUID_b196b285_bab4_101a_b69c_00aa00341d07@@3U__s_GUID@@BPAUIConnectionPoint@@V?$_CopyInterface@UIConnectionPoint@@@ATL@@VCComSingleThreadModel@6@@ATL@@@ATL@@UAEPAXI@Z 10003460 f i MICR.obj
 0001:00002460       ??_E?$CComObject@V?$CComEnum@UIEnumConnectionPoints@@$1?_GUID_b196b285_bab4_101a_b69c_00aa00341d07@@3U__s_GUID@@BPAUIConnectionPoint@@V?$_CopyInterface@UIConnectionPoint@@@ATL@@VCComSingleThreadModel@6@@ATL@@@ATL@@UAEPAXI@Z 10003460 f i MICR.obj
 0001:00002482       ?AddRef@CRegObject@ATL@@UAGKXZ 10003482 f i MICR.obj
 0001:00002488       ?AddReplacement@CRegObject@ATL@@UAGJPB_W0@Z 10003488 f i MICR.obj
 0001:000024c1       ?ClearReplacements@CRegObject@ATL@@UAGJXZ 100034c1 f i MICR.obj
 0001:000024d3       ??_ECRegObject@ATL@@UAEPAXI@Z 100034d3 f i MICR.obj
 0001:000024d3       ??_GCRegObject@ATL@@UAEPAXI@Z 100034d3 f i MICR.obj
 0001:000024f5       ?AddRef@?$CComAggObject@VCOPOSMICR@@@ATL@@UAGKXZ 100034f5 f i MICR.obj
 0001:00002506       ?Release@?$CComAggObject@VCOPOSMICR@@@ATL@@UAGKXZ 10003506 f i MICR.obj
 0001:00002542       ?QueryInterface@?$CComAggObject@VCOPOSMICR@@@ATL@@UAGJABU_GUID@@PAPAX@Z 10003542 f i MICR.obj
 0001:00002591       ?AddRef@?$CComContainedObject@VCOPOSMICR@@@ATL@@UAGKXZ 10003591 f i MICR.obj
 0001:000025a7       ?Release@?$CComContainedObject@VCOPOSMICR@@@ATL@@UAGKXZ 100035a7 f i MICR.obj
 0001:000025bd       ?QueryInterface@?$CComContainedObject@VCOPOSMICR@@@ATL@@UAGJABU_GUID@@PAPAX@Z 100035bd f i MICR.obj
 0001:000025d8       ??_G?$CComAggObject@VCOPOSMICR@@@ATL@@UAEPAXI@Z 100035d8 f i MICR.obj
 0001:000025d8       ??_E?$CComAggObject@VCOPOSMICR@@@ATL@@UAEPAXI@Z 100035d8 f i MICR.obj
 0001:000025fd       ?AddRef@?$CComObject@VCOPOSMICR@@@ATL@@UAGKXZ 100035fd f i MICR.obj
 0001:00002614       ?Release@?$CComObject@VCOPOSMICR@@@ATL@@UAGKXZ 10003614 f i MICR.obj
 0001:00002656       ?QueryInterface@?$CComObject@VCOPOSMICR@@@ATL@@UAGJABU_GUID@@PAPAX@Z 10003656 f i MICR.obj
 0001:00002670       ?OnDrawAdvanced@CComControlBase@ATL@@UAEJAAUATL_DRAWINFO@@@Z 10003670 f i MICR.obj
 0001:00002763       ?Next@?$CComEnumImpl@UIEnumConnections@@$1?_GUID_b196b287_bab4_101a_b69c_00aa00341d07@@3U__s_GUID@@BUtagCONNECTDATA@@V?$_Copy@UtagCONNECTDATA@@@ATL@@@ATL@@UAGJKPAUtagCONNECTDATA@@PAK@Z 10003763 f i MICR.obj
 0001:0000283a       ?Skip@?$CComEnumImpl@UIEnumConnections@@$1?_GUID_b196b287_bab4_101a_b69c_00aa00341d07@@3U__s_GUID@@BUtagCONNECTDATA@@V?$_Copy@UtagCONNECTDATA@@@ATL@@@ATL@@UAGJK@Z 1000383a f i MICR.obj
 0001:00002867       ?Clone@?$CComEnumImpl@UIEnumConnections@@$1?_GUID_b196b287_bab4_101a_b69c_00aa00341d07@@3U__s_GUID@@BUtagCONNECTDATA@@V?$_Copy@UtagCONNECTDATA@@@ATL@@@ATL@@UAGJPAPAUIEnumConnections@@@Z 10003867 f i MICR.obj
 0001:00002948       ?QueryInterface@?$CComObject@V?$CComEnum@UIEnumConnections@@$1?_GUID_b196b287_bab4_101a_b69c_00aa00341d07@@3U__s_GUID@@BUtagCONNECTDATA@@V?$_Copy@UtagCONNECTDATA@@@ATL@@VCComSingleThreadModel@6@@ATL@@@ATL@@UAGJABU_GUID@@PAPAX@Z 10003948 f i MICR.obj
 0001:00002962       ??_G?$CComObject@V?$CComEnum@UIEnumConnections@@$1?_GUID_b196b287_bab4_101a_b69c_00aa00341d07@@3U__s_GUID@@BUtagCONNECTDATA@@V?$_Copy@UtagCONNECTDATA@@@ATL@@VCComSingleThreadModel@6@@ATL@@@ATL@@UAEPAXI@Z 10003962 f i MICR.obj
 0001:00002962       ??_E?$CComObject@V?$CComEnum@UIEnumConnections@@$1?_GUID_b196b287_bab4_101a_b69c_00aa00341d07@@3U__s_GUID@@BUtagCONNECTDATA@@V?$_Copy@UtagCONNECTDATA@@@ATL@@VCComSingleThreadModel@6@@ATL@@@ATL@@UAEPAXI@Z 10003962 f i MICR.obj
 0001:00002984       ??$?4UITypeInfo2@@@?$CComPtr@UITypeInfo@@@ATL@@QAEPAUITypeInfo@@ABV?$CComPtr@UITypeInfo2@@@1@@Z 10003984 f i MICR.obj
 0001:000029b1       ??$AtlAdd@K@ATL@@YAJPAKKK@Z 100039b1 f i MICR.obj
 0001:000029d4       ??$AtlAdd@_K@ATL@@YAJPA_K_K1@Z 100039d4 f i MICR.obj
 0001:00002a0c       ??$AtlAddThrow@K@ATL@@YAKKK@Z 10003a0c f i MICR.obj
 0001:00002a32       ??$AtlModuleRegisterWndClassInfoT@VAtlModuleRegisterWndClassInfoParamW@ATL@@@ATL@@YAGPAU_ATL_BASE_MODULE70@0@PAU_ATL_WIN_MODULE70@0@PAU_ATL_WNDCLASSINFOW@0@PAP6GJPAUHWND__@@IIJ@ZVAtlModuleRegisterWndClassInfoParamW@0@@Z 10003a32 f i MICR.obj
 0001:00002b80       ??$AtlMultiply@H@ATL@@YAJPAHHH@Z 10003b80 f i MICR.obj
 0001:00002bb8       ??$AtlMultiply@K@ATL@@YAJPAKKK@Z 10003bb8 f i MICR.obj
 0001:00002bb8       ??$AtlMultiply@I@ATL@@YAJPAIII@Z 10003bb8 f i MICR.obj
 0001:00002bda       ??$AtlMultiplyThrow@I@ATL@@YAIII@Z 10003bda f i MICR.obj
 0001:00002c00       ??0?$CComAggObject@VCOPOSMICR@@@ATL@@QAE@PAX@Z 10003c00 f i MICR.obj
 0001:00002c2d       ??0?$CComContainedObject@VCOPOSMICR@@@ATL@@QAE@PAX@Z 10003c2d f i MICR.obj
 0001:00002ce6       ??0?$CComObject@V?$CComEnum@UIEnumConnectionPoints@@$1?_GUID_b196b285_bab4_101a_b69c_00aa00341d07@@3U__s_GUID@@BPAUIConnectionPoint@@V?$_CopyInterface@UIConnectionPoint@@@ATL@@VCComSingleThreadModel@6@@ATL@@@ATL@@QAE@PAX@Z 10003ce6 f i MICR.obj
 0001:00002d14       ??0?$CComObject@V?$CComEnum@UIEnumConnections@@$1?_GUID_b196b287_bab4_101a_b69c_00aa00341d07@@3U__s_GUID@@BUtagCONNECTDATA@@V?$_Copy@UtagCONNECTDATA@@@ATL@@VCComSingleThreadModel@6@@ATL@@@ATL@@QAE@PAX@Z 10003d14 f i MICR.obj
 0001:00002d42       ??0?$CComObject@VCOPOSMICR@@@ATL@@QAE@PAX@Z 10003d42 f i MICR.obj
 0001:00002df9       ??0?$CComQIPtr@UIOleControlSite@@$1?_GUID_b196b289_bab4_101a_b69c_00aa00341d07@@3U__s_GUID@@B@ATL@@QAE@PAUIUnknown@@@Z 10003df9 f i MICR.obj
 0001:00002e22       ??0CAtlModule@ATL@@QAE@XZ  10003e22 f i MICR.obj
 0001:00002e63       ??0CParseBuffer@CRegParser@ATL@@QAE@H@Z 10003e63 f i MICR.obj
 0001:00002e99       ??0_ATL_MSG@ATL@@QAE@PAUHWND__@@IIJH@Z 10003e99 f i MICR.obj
 0001:00002ed1       ??1?$CComAggObject@VCOPOSMICR@@@ATL@@UAE@XZ 10003ed1 f i MICR.obj
 0001:00002ef5       ??1?$CComEnumImpl@UIEnumConnectionPoints@@$1?_GUID_b196b285_bab4_101a_b69c_00aa00341d07@@3U__s_GUID@@BPAUIConnectionPoint@@V?$_CopyInterface@UIConnectionPoint@@@ATL@@@ATL@@UAE@XZ 10003ef5 f i MICR.obj
 0001:00002f35       ??1?$CComEnumImpl@UIEnumConnections@@$1?_GUID_b196b287_bab4_101a_b69c_00aa00341d07@@3U__s_GUID@@BUtagCONNECTDATA@@V?$_Copy@UtagCONNECTDATA@@@ATL@@@ATL@@UAE@XZ 10003f35 f i MICR.obj
 0001:00002f75       ??1?$CComObject@V?$CComEnum@UIEnumConnectionPoints@@$1?_GUID_b196b285_bab4_101a_b69c_00aa00341d07@@3U__s_GUID@@BPAUIConnectionPoint@@V?$_CopyInterface@UIConnectionPoint@@@ATL@@VCComSingleThreadModel@6@@ATL@@@ATL@@UAE@XZ 10003f75 f i MICR.obj
 0001:00002f98       ??1?$CComObject@V?$CComEnum@UIEnumConnections@@$1?_GUID_b196b287_bab4_101a_b69c_00aa00341d07@@3U__s_GUID@@BUtagCONNECTDATA@@V?$_Copy@UtagCONNECTDATA@@@ATL@@VCComSingleThreadModel@6@@ATL@@@ATL@@UAE@XZ 10003f98 f i MICR.obj
 0001:00002fbb       ??1?$CComObject@VCOPOSMICR@@@ATL@@UAE@XZ 10003fbb f i MICR.obj
 0001:00003079       ??1?$CComObjectCached@VCComClassFactory@ATL@@@ATL@@UAE@XZ 10004079 f i MICR.obj
 0001:0000308f       ??1?$CComObjectRootEx@VCComMultiThreadModel@ATL@@@ATL@@QAE@XZ 1000408f f i MICR.obj
 0001:000030a4       ??1CRegObject@ATL@@UAE@XZ  100040a4 f i MICR.obj
 0001:000030c4       ??4?$CComPtr@UIOleClientSite@@@ATL@@QAEPAUIOleClientSite@@PAU2@@Z 100040c4 f i MICR.obj
 0001:000030c4       ??4?$CComPtr@UIAdviseSink@@@ATL@@QAEPAUIAdviseSink@@PAU2@@Z 100040c4 f i MICR.obj
 0001:000030c4       ??4?$CComPtr@UIUnknown@@@ATL@@QAEPAUIUnknown@@PAU2@@Z 100040c4 f i MICR.obj
 0001:000030f8       ??_E?$CComContainedObject@VCOPOSMICR@@@ATL@@UAEPAXI@Z 100040f8 f i MICR.obj
 0001:000030f8       ??_G?$CComContainedObject@VCOPOSMICR@@@ATL@@UAEPAXI@Z 100040f8 f i MICR.obj
 0001:0000311d       ??_G?$CComObject@VCOPOSMICR@@@ATL@@UAEPAXI@Z 1000411d f i MICR.obj
 0001:0000311d       ??_E?$CComObject@VCOPOSMICR@@@ATL@@UAEPAXI@Z 1000411d f i MICR.obj
 0001:00003142       ?Add@?$CSimpleArray@GV?$CSimpleArrayEqualHelper@G@ATL@@@ATL@@QAEHABG@Z 10004142 f i MICR.obj
 0001:000031c6       ?Add@?$CSimpleMap@PA_WPA_WVCExpansionVectorEqualHelper@ATL@@@ATL@@QAEHABQA_W0@Z 100041c6 f i MICR.obj
 0001:0000321b       ?Add@CComDynamicUnkArray@ATL@@QAEKPAUIUnknown@@@Z 1000421b f i MICR.obj
 0001:000032d1       ?Add@CExpansionVector@ATL@@QAEHPB_W0@Z 100042d1 f i MICR.obj
 0001:000033da       ?AddString@CParseBuffer@CRegParser@ATL@@QAEHPB_W@Z 100043da f i MICR.obj
 0001:0000340f       ?AddTermFunc@CAtlModule@ATL@@QAEJP6GXK@ZK@Z 1000440f f i MICR.obj
 0001:00003472       ?AddValue@CRegParser@ATL@@IAEJAAVCRegKey@2@PB_WPA_W@Z 10004472 f i MICR.obj
 0001:0000378c       ?Allocate@?$CAtlSafeAllocBufferManager@VCCRTAllocator@ATL@@@_ATL_SAFE_ALLOCA_IMPL@ATL@@QAEPAXK@Z 1000478c f i MICR.obj
 0001:000037b9       ?Allocate@?$CTempBuffer@E$0BAA@VCCRTAllocator@ATL@@@ATL@@QAEPAEI@Z 100047b9 f i MICR.obj
 0001:000037e8       ?Allocate@?$CTempBuffer@_W$0BAA@VCCRTAllocator@ATL@@@ATL@@QAEPA_WI@Z 100047e8 f i MICR.obj
 0001:00003817       ?Allocate@?$CTempBuffer@_W$0EAA@VCCRTAllocator@ATL@@@ATL@@QAEPA_WI@Z 10004817 f i MICR.obj
 0001:00003846       ?AllocateHeap@?$CTempBuffer@_W$0BAA@VCCRTAllocator@ATL@@@ATL@@AAEXI@Z 10004846 f i MICR.obj
 0001:00003846       ?AllocateHeap@?$CTempBuffer@_W$0EAA@VCCRTAllocator@ATL@@@ATL@@AAEXI@Z 10004846 f i MICR.obj
 0001:00003846       ?AllocateHeap@?$CTempBuffer@E$0BAA@VCCRTAllocator@ATL@@@ATL@@AAEXI@Z 10004846 f i MICR.obj
 0001:0000386b       ?Append@CParseBuffer@CRegParser@ATL@@QAEHPB_WH@Z 1000486b f i MICR.obj
 0001:000038f9       ?AtlCoTaskMemCAlloc@ATL@@YAPAXKK@Z 100048f9 f i MICR.obj
 0001:00003926       ?AtlCoTaskMemRecalloc@ATL@@YAPAXPAXKK@Z 10004926 f i MICR.obj
 0001:00003956       ?AtlComModuleGetClassObject@ATL@@YGJPAU_ATL_COM_MODULE70@1@ABU_GUID@@1PAPAX@Z 10004956 f i MICR.obj
 0001:00003a49       ?AtlComModuleRegisterServer@ATL@@YGJPAU_ATL_COM_MODULE70@1@HPBU_GUID@@@Z 10004a49 f i MICR.obj
 0001:00003ad1       ?AtlComModuleUnregisterServer@ATL@@YGJPAU_ATL_COM_MODULE70@1@HPBU_GUID@@@Z 10004ad1 f i MICR.obj
 0001:00003b59       ?AtlComQIPtrAssign2@ATL@@YAXPAPAUIUnknown@@PAU2@ABU_GUID@@@Z 10004b59 f i MICR.obj
 0001:00003b88       ?AtlCreateTargetDC@ATL@@YGPAUHDC__@@PAU2@PAUtagDVTARGETDEVICE@@@Z 10004b88 f i MICR.obj
 0001:00003bf1       ?AtlCrtErrorCheck@ATL@@YAHH@Z 10004bf1 f i MICR.obj
 0001:00003c2c       ?AtlHiMetricToPixel@ATL@@YGXPBUtagSIZE@@PAU2@@Z 10004c2c f i MICR.obj
 0001:00003ca1       ?AtlHresultFromLastError@ATL@@YAJXZ 10004ca1 f i MICR.obj
 0001:00003cb8       ?AtlHresultFromWin32@ATL@@YAJK@Z 10004cb8 f i MICR.obj
 0001:00003ccd       ?AtlInternalOleLoadFromStream@ATL@@YAJPAUIStream@@ABU_GUID@@PAPAXTClassesAllowedInStream@1@K@Z 10004ccd f i MICR.obj
 0001:00003deb       ?AtlInternalQueryInterface@ATL@@YGJPAXPBU_ATL_INTMAP_ENTRY@1@ABU_GUID@@PAPAX@Z 10004deb f i MICR.obj
 0001:00003e8e       ?AtlLoadTypeLib@ATL@@YGJPAUHINSTANCE__@@PB_WPAPA_WPAPAUITypeLib@@@Z 10004e8e f i MICR.obj
 0001:0000406c       ?AtlRegisterClassCategoriesHelper@ATL@@YGJABU_GUID@@PBU_ATL_CATMAP_ENTRY@1@H@Z 1000506c f i MICR.obj
 0001:00004368       ?AtlRegisterTypeLib@ATL@@YGJPAUHINSTANCE__@@PB_W@Z 10005368 f i MICR.obj
 0001:000044f0       ?AtlThrowImpl@ATL@@YGXJ@Z  100054f0 f i MICR.obj
 0001:0000450e       ?AtlUnRegisterTypeLib@ATL@@YGJPAUHINSTANCE__@@PB_W@Z 1000550e f i MICR.obj
 0001:000045b9       ?AtlWinModuleAddCreateWndData@ATL@@YGXPAU_ATL_WIN_MODULE70@1@PAU_AtlCreateWndData@1@PAX@Z 100055b9 f i MICR.obj
 0001:0000460d       ?AtlWinModuleExtractCreateWndData@ATL@@YGPAXPAU_ATL_WIN_MODULE70@1@@Z 1000560d f i MICR.obj
 0001:00004670       ?AtlWinModuleRegisterClassExW@ATL@@YGGPAU_ATL_WIN_MODULE70@1@PBUtagWNDCLASSEXW@@@Z 10005670 f i MICR.obj
 0001:000046af       ?CanForceRemoveKey@CRegParser@ATL@@IAEHPB_W@Z 100056af f i MICR.obj
 0001:000046de       ?ChToByte@CRegParser@ATL@@KAE_W@Z 100056de f i MICR.obj
 0001:00004711       ?Cleanup@CComTypeInfoHolder@ATL@@SGXK@Z 10005711 f i MICR.obj
 0001:00004744       ?ClearReplacements@CExpansionVector@ATL@@QAEJXZ 10005744 f i MICR.obj
 0001:00004781       ?Close@CRegKey@ATL@@QAEJXZ 10005781 f i MICR.obj
 0001:0000479b       ?CreateInstance@?$CComCreator@V?$CComAggObject@VCOPOSMICR@@@ATL@@@ATL@@SGJPAXABU_GUID@@PAPAX@Z 1000579b f i MICR.obj
 0001:00004810       ?CreateInstance@?$CComCreator@V?$CComObject@VCOPOSMICR@@@ATL@@@ATL@@SGJPAXABU_GUID@@PAPAX@Z 10005810 f i MICR.obj
 0001:00004890       ?CreateInstance@?$CComObject@V?$CComEnum@UIEnumConnectionPoints@@$1?_GUID_b196b285_bab4_101a_b69c_00aa00341d07@@3U__s_GUID@@BPAUIConnectionPoint@@V?$_CopyInterface@UIConnectionPoint@@@ATL@@VCComSingleThreadModel@6@@ATL@@@ATL@@SGJPAPAV12@@Z 10005890 f i MICR.obj
 0001:000048da       ?CreateInstance@?$CComObject@V?$CComEnum@UIEnumConnections@@$1?_GUID_b196b287_bab4_101a_b69c_00aa00341d07@@3U__s_GUID@@BUtagCONNECTDATA@@V?$_Copy@UtagCONNECTDATA@@@ATL@@VCComSingleThreadModel@6@@ATL@@@ATL@@SGJPAPAV12@@Z 100058da f i MICR.obj
 0001:00004924       ?DefaultReflectionHandler@?$CWindowImplRoot@VCWindow@ATL@@@ATL@@SAHPAUHWND__@@IIJAAJ@Z 10005924 f i MICR.obj
 0001:00004997       ?DeleteSubKey@CRegKey@ATL@@QAEJPB_W@Z 10005997 f i MICR.obj
 0001:00004a10       ?DoEvent@COPOSMICR@@IAEXIIJ@Z 10005a10 f i MICR.obj
 0001:00004a90       ?DoVerbHide@?$IOleObjectImpl@VCOPOSMICR@@@ATL@@QAEJPBUtagRECT@@PAUHWND__@@@Z 10005a90 f i MICR.obj
 0001:00004ac6       ?DoVerbInPlaceActivate@?$IOleObjectImpl@VCOPOSMICR@@@ATL@@QAEJPBUtagRECT@@PAUHWND__@@@Z 10005ac6 f i MICR.obj
 0001:00004af9       ?DoVerbPrimary@?$IOleObjectImpl@VCOPOSMICR@@@ATL@@QAEJPBUtagRECT@@PAUHWND__@@@Z 10005af9 f i MICR.obj
 0001:00004b85       ?DoVerbProperties@CComControlBase@ATL@@QAEJPBUtagRECT@@PAUHWND__@@@Z 10005b85 f i MICR.obj
 0001:00004d04       ?DoVerbUIActivate@?$IOleObjectImpl@VCOPOSMICR@@@ATL@@QAEJPBUtagRECT@@PAUHWND__@@@Z 10005d04 f i MICR.obj
 0001:00004d41       ?DoesVerbActivate@CComControlBase@ATL@@QAEHJ@Z 10005d41 f i MICR.obj
 0001:00004d62       ?DoesVerbUIActivate@CComControlBase@ATL@@QAEHJ@Z 10005d62 f i MICR.obj
 0001:00004d97       ?EndOfVar@CRegParser@ATL@@IAEHXZ 10005d97 f i MICR.obj
 0001:00004db7       ?EscapeSingleQuote@CAtlModule@ATL@@SAXPA_WIPB_W@Z 10005db7 f i MICR.obj
 0001:00004e06       ?FindKey@?$CSimpleMap@PA_WPA_WVCExpansionVectorEqualHelper@ATL@@@ATL@@QBEHABQA_W@Z 10005e06 f i MICR.obj
 0001:00004e3d       ?FireTheEvent@?$CProxy_IOPOSEvents@VCOPOSMICR@@@@IAEXPAVOposVariant@@IAAJPB_WJ@Z 10005e3d f i MICR.obj
 0001:00004ecf       ?FireViewChange@CComControlBase@ATL@@QAEJXZ 10005ecf f i MICR.obj
 0001:00004f18       ?Fire_DataEvent@?$CProxy_IOPOSEvents@VCOPOSMICR@@@@QAEXJ@Z 10005f18 f i MICR.obj
 0001:00004fae       ?Fire_DirectIOEvent@?$CProxy_IOPOSEvents@VCOPOSMICR@@@@QAEXJPAJPAPA_W@Z 10005fae f i MICR.obj
 0001:0000509a       ?Fire_ErrorEvent@?$CProxy_IOPOSEvents@VCOPOSMICR@@@@QAEXJJJPAJ@Z 1000609a f i MICR.obj
 0001:0000518b       ?Fire_StatusUpdateEvent@?$CProxy_IOPOSEvents@VCOPOSMICR@@@@QAEXJ@Z 1000618b f i MICR.obj
 0001:00005221       ?FreeHeap@?$CTempBuffer@E$0BAA@VCCRTAllocator@ATL@@@ATL@@AAEXXZ 10006221 f i MICR.obj
 0001:00005221       ?FreeHeap@?$CTempBuffer@_W$0BAA@VCCRTAllocator@ATL@@@ATL@@AAEXXZ 10006221 f i MICR.obj
 0001:00005221       ?FreeHeap@?$CTempBuffer@_W$0EAA@VCCRTAllocator@ATL@@@ATL@@AAEXXZ 10006221 f i MICR.obj
 0001:0000522a       ?GetAmbientLocaleID@CComControlBase@ATL@@QAEJAAK@Z 1000622a f i MICR.obj
 0001:00005286       ?GetAmbientUserMode@CComControlBase@ATL@@QAEJAAH@Z 10006286 f i MICR.obj
 0001:000052f6       ?GetAt@CComDynamicUnkArray@ATL@@QAEPAUIUnknown@@H@Z 100062f6 f i MICR.obj
 0001:00005312       ?GetClassObject@CComModule@ATL@@QAEJABU_GUID@@0PAPAX@Z 10006312 f i MICR.obj
 0001:000053b4       ?GetConnMap@COPOSMICR@@SAPBU_ATL_CONNMAP_ENTRY@ATL@@PAH@Z 100063b4 f i MICR.obj
 0001:00005424       ?GetCookie@CComDynamicUnkArray@ATL@@QAGKPAPAUIUnknown@@@Z 10006424 f i MICR.obj
 0001:0000545c       ?GetIDsOfNames@CComTypeInfoHolder@ATL@@QAEJABU_GUID@@PAPA_WIKPAJ@Z 1000645c f i MICR.obj
 0001:00005583       ?GetKeyAt@?$CSimpleMap@PA_WPA_WVCExpansionVectorEqualHelper@ATL@@@ATL@@QBEAAPA_WH@Z 10006583 f i MICR.obj
 0001:000055a8       ?GetPagesHelper@?$ISpecifyPropertyPagesImpl@VCOPOSMICR@@@ATL@@IAEJPAUtagCAUUID@@PBUATL_PROPMAP_ENTRY@2@@Z 100065a8 f i MICR.obj
 0001:000056cf       ?GetProperty@?$CComPtr@UIDispatch@@@ATL@@SAJPAUIDispatch@@JPAUtagVARIANT@@@Z 100066cf f i MICR.obj
 0001:0000571e       ?GetSizeMax@CComVariant@ATL@@QBEJPAT_ULARGE_INTEGER@@@Z 1000671e f i MICR.obj
 0001:000058e0       ?GetTI@CComTypeInfoHolder@ATL@@QAEJK@Z 100068e0 f i MICR.obj
 0001:00005abf       ?GetTI@CComTypeInfoHolder@ATL@@QAEJKPAPAUITypeInfo@@@Z 10006abf f i MICR.obj
 0001:00005b01       ?GetUnknown@CComDynamicUnkArray@ATL@@QAGPAUIUnknown@@K@Z 10006b01 f i MICR.obj
 0001:00005b22       ?GetValueAt@?$CSimpleMap@PA_WPA_WVCExpansionVectorEqualHelper@ATL@@@ATL@@QBEAAPA_WH@Z 10006b22 f i MICR.obj
 0001:00005b48       ?GetZoomInfo@CComControlBase@ATL@@QAEXAAUATL_DRAWINFO@@@Z 10006b48 f i MICR.obj
 0001:00005bdb       ?HKeyFromString@CRegParser@ATL@@KAPAUHKEY__@@PA_W@Z 10006bdb f i MICR.obj
 0001:00005c09       ?HasSubKeys@CRegParser@ATL@@IAEHPAUHKEY__@@@Z 10006c09 f i MICR.obj
 0001:00005c3e       ?IDataObject_GetData@CComControlBase@ATL@@QAEJPAUtagFORMATETC@@PAUtagSTGMEDIUM@@@Z 10006c3e f i MICR.obj
 0001:00005de4       ?IOleInPlaceObject_InPlaceDeactivate@CComControlBase@ATL@@QAEJXZ 10006de4 f i MICR.obj
 0001:00005e6b       ?IOleInPlaceObject_SetObjectRects@CComControlBase@ATL@@QAEJPBUtagRECT@@0@Z 10006e6b f i MICR.obj
 0001:00005f38       ?IOleInPlaceObject_UIDeactivate@CComControlBase@ATL@@QAEJXZ 10006f38 f i MICR.obj
 0001:00005ffa       ?IOleObject_Advise@CComControlBase@ATL@@QAEJPAUIAdviseSink@@PAK@Z 10006ffa f i MICR.obj
 0001:00006024       ?IOleObject_Close@CComControlBase@ATL@@QAEJK@Z 10007024 f i MICR.obj
 0001:00006108       ?IOleObject_GetClientSite@CComControlBase@ATL@@QAEJPAPAUIOleClientSite@@@Z 10007108 f i MICR.obj
 0001:00006131       ?IOleObject_SetClientSite@CComControlBase@ATL@@QAEJPAUIOleClientSite@@@Z 10007131 f i MICR.obj
 0001:00006170       ?IOleObject_SetExtent@CComControlBase@ATL@@QAEJKPAUtagSIZE@@@Z 10007170 f i MICR.obj
 0001:00006222       ?IPSI_GetIPersistStreamInit@?$IPersistStorageImpl@VCOPOSMICR@@@ATL@@AAEPAUIPersistStreamInit@@XZ 10007222 f i MICR.obj
 0001:000062ca       ?IPersistStreamInit_Load@?$IPersistStreamInitImpl@VCOPOSMICR@@@ATL@@QAEJPAUIStream@@PBUATL_PROPMAP_ENTRY@2@@Z 100072ca f i MICR.obj
 0001:0000653f       ?IPersistStreamInit_Save@?$IPersistStreamInitImpl@VCOPOSMICR@@@ATL@@QAEJPAUIStream@@HPBUATL_PROPMAP_ENTRY@2@@Z 1000753f f i MICR.obj
 0001:0000672d       ?IQuickActivate_QuickActivate@CComControlBase@ATL@@QAEJPAUtagQACONTAINER@@PAUtagQACONTROL@@@Z 1000772d f i MICR.obj
 0001:0000696f       ?IViewObject_Draw@CComControlBase@ATL@@QAEJKJPAXPAUtagDVTARGETDEVICE@@PAUHDC__@@2PBU_RECTL@@3@Z 1000796f f i MICR.obj
 0001:00006a17       ?InPlaceActivate@CComControlBase@ATL@@QAEJJPBUtagRECT@@@Z 10007a17 f i MICR.obj
 0001:00006c88       ?Init@?$CComEnumImpl@UIEnumConnectionPoints@@$1?_GUID_b196b285_bab4_101a_b69c_00aa00341d07@@3U__s_GUID@@BPAUIConnectionPoint@@V?$_CopyInterface@UIConnectionPoint@@@ATL@@@ATL@@QAEJPAPAUIConnectionPoint@@0PAUIUnknown@@W4CComEnumFlags@2@@Z 10007c88 f i MICR.obj
 0001:00006d67       ?Init@?$CComEnumImpl@UIEnumConnections@@$1?_GUID_b196b287_bab4_101a_b69c_00aa00341d07@@3U__s_GUID@@BUtagCONNECTDATA@@V?$_Copy@UtagCONNECTDATA@@@ATL@@@ATL@@QAEJPAUtagCONNECTDATA@@0PAUIUnknown@@W4CComEnumFlags@2@@Z 10007d67 f i MICR.obj
 0001:00006e46       ?Init@CComModule@ATL@@QAEJPAU_ATL_OBJMAP_ENTRY30@2@PAUHINSTANCE__@@PBU_GUID@@@Z 10007e46 f i MICR.obj
 0001:00006ea5       ?Init@CDynamicStdCallThunk2@ATL@@QAEHKPAX@Z 10007ea5 f i MICR.obj
 0001:00006ed0       ?InlineIsEqualUnknown@ATL@@YGHABU_GUID@@@Z 10007ed0 f i MICR.obj
 0001:00006ef8       ?InternalSetAtIndex@?$CSimpleMap@PA_WPA_WVCExpansionVectorEqualHelper@ATL@@@ATL@@QAEXHABQA_W0@Z 10007ef8 f i MICR.obj
 0001:00006f22       ?Invoke@CComTypeInfoHolder@ATL@@QAEJPAUIDispatch@@JABU_GUID@@KGPAUtagDISPPARAMS@@PAUtagVARIANT@@PAUtagEXCEPINFO@@PAI@Z 10007f22 f i MICR.obj
 0001:00006f65       ?IsEqualObject@?$CComPtrBase@UITypeInfo@@@ATL@@QAE_NPAUIUnknown@@@Z 10007f65 f i MICR.obj
 0001:00006f65       ?IsEqualObject@?$CComPtrBase@UIOleClientSite@@@ATL@@QAE_NPAUIUnknown@@@Z 10007f65 f i MICR.obj
 0001:00006fd2       ?IsSpace@CRegParser@ATL@@IAEH_W@Z 10007fd2 f i MICR.obj
 0001:00006ffc       ?LoadNameCache@CComTypeInfoHolder@ATL@@QAEJPAUITypeInfo@@@Z 10007ffc f i MICR.obj
 0001:00007131       ?Lookup@?$CSimpleMap@PA_WPA_WVCExpansionVectorEqualHelper@ATL@@@ATL@@QBEPA_WABQA_W@Z 10008131 f i MICR.obj
 0001:00007157       ?NextToken@CRegParser@ATL@@IAEJPA_W@Z 10008157 f i MICR.obj
 0001:0000728f       ?OnKillFocus@CComControlBase@ATL@@QAEJIIJAAH@Z 1000828f f i MICR.obj
 0001:000072ea       ?OnMouseActivate@CComControlBase@ATL@@QAEJIIJAAH@Z 100082ea f i MICR.obj
 0001:00007358       ?OnPaint@CComControlBase@ATL@@QAEJIIJAAH@Z 10008358 f i MICR.obj
 0001:0000740a       ?OnSetFocus@CComControlBase@ATL@@QAEJIIJAAH@Z 1000840a f i MICR.obj
 0001:00007493       ?Open@CRegKey@ATL@@QAEJPAUHKEY__@@PB_WK@Z 10008493 f i MICR.obj
 0001:000074e8       ?PreProcessBuffer@CRegParser@ATL@@QAEJPA_WPAPA_W@Z 100084e8 f i MICR.obj
 0001:00007757       ?ProcessWindowMessage@?$CComControl@VCOPOSMICR@@V?$CWindowImpl@VCOPOSMICR@@VCWindow@ATL@@V?$CWinTraits@$0FGAAAAAA@$0A@@3@@ATL@@@ATL@@UAEHPAUHWND__@@IIJAAJK@Z 10008757 f i MICR.obj
 0001:000077f6       ?ReadFromStream@CComBSTR@ATL@@QAEJPAUIStream@@@Z 100087f6 f i MICR.obj
 0001:00007919       ?ReadFromStream@CComVariant@ATL@@QAEJPAUIStream@@GTClassesAllowedInStream@2@K@Z 10008919 f i MICR.obj
 0001:00007aa3       ?RecurseDeleteKey@CRegKey@ATL@@QAEJPB_W@Z 10008aa3 f i MICR.obj
 0001:00007b91       ?RegCreateKeyExW@CAtlTransactionManager@ATL@@QAEJPAUHKEY__@@PB_WKPA_WKKQAU_SECURITY_ATTRIBUTES@@PAPAU3@PAK@Z 10008b91 f i MICR.obj
 0001:00007bf4       ?RegDeleteKeyW@CAtlTransactionManager@ATL@@QAEJPAUHKEY__@@PB_W@Z 10008bf4 f i MICR.obj
 0001:00007c46       ?RegOpenKeyExW@CAtlTransactionManager@ATL@@QAEJPAUHKEY__@@PB_WKKPAPAU3@@Z 10008c46 f i MICR.obj
 0001:00007c9d       ?Register@_ATL_WNDCLASSINFOW@ATL@@QAEGPAP6GJPAUHWND__@@IIJ@Z@Z 10008c9d f i MICR.obj
 0001:00007cbd       ?RegisterBuffer@CRegParser@ATL@@QAEJPA_WH@Z 10008cbd f i MICR.obj
 0001:00007e04       ?RegisterFromResource@CRegObject@ATL@@IAEJPB_W00H@Z 10008e04 f i MICR.obj
 0001:00007f3a       ?RegisterServer@?$CAtlModuleT@VCComModule@ATL@@@ATL@@QAEJHPBU_GUID@@@Z 10008f3a f i MICR.obj
 0001:00007f68       ?RegisterServer@CComModule@ATL@@QAEJHPBU_GUID@@@Z 10008f68 f i MICR.obj
 0001:00007fde       ?RegisterSubkeys@CRegParser@ATL@@IAEJPA_WPAUHKEY__@@HH@Z 10008fde f i MICR.obj
 0001:0000868b       ?Remove@CComDynamicUnkArray@ATL@@QAEHK@Z 1000968b f i MICR.obj
 0001:000086b4       ?RemoveAll@?$CSimpleMap@PA_WPA_WVCExpansionVectorEqualHelper@ATL@@@ATL@@QAEXXZ 100096b4 f i MICR.obj
 0001:000086e0       ?ResourceRegisterSz@CRegObject@ATL@@QAGJPB_W00@Z 100096e0 f i MICR.obj
 0001:0000870d       ?ResourceUnregisterSz@CRegObject@ATL@@QAGJPB_W00@Z 1000970d f i MICR.obj
 0001:0000873a       ?SendOnDataChange@CComControlBase@ATL@@QAEJK@Z 1000973a f i MICR.obj
 0001:00008787       ?SetControlFocus@CComControlBase@ATL@@QAEHH@Z 10009787 f i MICR.obj
 0001:00008824       ?SetMultiStringValue@CRegKey@ATL@@QAEJPB_W0@Z 10009824 f i MICR.obj
 0001:00008880       ?SetStringValue@CRegKey@ATL@@QAEJPB_W0K@Z 10009880 f i MICR.obj
 0001:000088c9       ?SkipAssignment@CRegParser@ATL@@IAEJPA_W@Z 100098c9 f i MICR.obj
 0001:0000892e       ?SkipWhiteSpace@CRegParser@ATL@@IAEXXZ 1000992e f i MICR.obj
 0001:00008950       ?StrChrW@CRegParser@ATL@@KAPA_WPA_W_W@Z 10009950 f i MICR.obj
 0001:0000898d       ?Term@CAtlModule@ATL@@QAEXXZ 1000998d f i MICR.obj
 0001:000089e0       ?Term@CComModule@ATL@@QAEXXZ 100099e0 f i MICR.obj
 0001:00008a38       ?UnregisterServer@?$CAtlModuleT@VCComModule@ATL@@@ATL@@QAEJHPBU_GUID@@@Z 10009a38 f i MICR.obj
 0001:00008a5e       ?UnregisterServer@CComModule@ATL@@QAEJHPBU_GUID@@@Z 10009a5e f i MICR.obj
 0001:00008ad4       ?UpdateRegistryFromResource@CAtlModule@ATL@@QAGJIHPAU_ATL_REGMAP_ENTRY@2@@Z 10009ad4 f i MICR.obj
 0001:00008c9f       ?UpdateRegistryFromResource@CAtlModule@ATL@@QAGJPB_WHPAU_ATL_REGMAP_ENTRY@2@@Z 10009c9f f i MICR.obj
 0001:00008e70       ?VTFromRegType@CRegParser@ATL@@KAHPB_WAAG@Z 10009e70 f i MICR.obj
 0001:00008edd       ?WindowProc@?$CWindowImplBaseT@VCWindow@ATL@@V?$CWinTraits@$0FGAAAAAA@$0A@@2@@ATL@@SGJPAUHWND__@@IIJ@Z 10009edd f i MICR.obj
 0001:00008fcf       ?WriteToStream@CComBSTR@ATL@@QAEJPAUIStream@@@Z 10009fcf f i MICR.obj
 0001:00009031       ?WriteToStream@CComVariant@ATL@@QAEJPAUIStream@@@Z 1000a031 f i MICR.obj
 0001:000091ab       ?WriteToStream@CComVariant@ATL@@QAEJPAUIStream@@G@Z 1000a1ab f i MICR.obj
 0001:00009214       ?_AtlInitialConstruct@?$CComObjectRootEx@VCComMultiThreadModel@ATL@@@ATL@@QAEJXZ 1000a214 f i MICR.obj
 0001:00009229       ?_AtlVerifyStackAvailable@_ATL_SAFE_ALLOCA_IMPL@ATL@@YA_NK@Z 1000a229 f i MICR.obj
 0001:000092a7       ?atlCreate@?$CWindowImpl@VCOPOSMICR@@VCWindow@ATL@@V?$CWinTraits@$0FGAAAAAA@$0A@@3@@ATL@@QAEPAUHWND__@@PAU3@V_U_RECT@2@PB_WKKV_U_MENUorID@2@PAX@Z 1000a2a7 f i MICR.obj
 0001:000092eb       ?atlCreate@?$CWindowImplBaseT@VCWindow@ATL@@V?$CWinTraits@$0FGAAAAAA@$0A@@2@@ATL@@QAEPAUHWND__@@PAU3@V_U_RECT@2@PB_WKKV_U_MENUorID@2@GPAX@Z 1000a2eb f i MICR.obj
 0001:00009387       ?copy@?$_Copy@UtagCONNECTDATA@@@ATL@@SAJPAUtagCONNECTDATA@@PBU3@@Z 1000a387 f i MICR.obj
 0001:000093bd       ?copy@?$_CopyInterface@UIConnectionPoint@@@ATL@@SAJPAPAUIConnectionPoint@@PBQAU3@@Z 1000a3bd f i MICR.obj
 0001:000093eb       ?memcpy_s@Checked@ATL@@YAXPAXIPBXI@Z 1000a3eb f i MICR.obj
 0001:0000940a       ?ocscpy_s@@YA_NPA_WIPB_W@Z 1000a40a f i MICR.obj
 0001:00009454       ?wcscpy_s@Checked@ATL@@YAXPA_WIPB_W@Z 1000a454 f i MICR.obj
 0001:00009470       _DllCanUnloadNow@0         1000a470 f   MICR.obj
 0001:0000947c       _DllGetClassObject@12      1000a47c f   MICR.obj
 0001:0000948a       _DllMain@12                1000a48a f   MICR.obj
 0001:000094cc       _DllRegisterServer@0       1000a4cc f   MICR.obj
 0001:000094db       _DllUnregisterServer@0     1000a4db f   MICR.obj
 0001:000094ea       _InlineIsEqualGUID         1000a4ea f i MICR.obj
 0001:0000951a       ___local_stdio_printf_options 1000a51a f i MICR.obj
 0001:00009520       __vswprintf_s_l            1000a520 f i MICR.obj
 0001:000095cd       _swprintf_s                1000a5cd f i MICR.obj
 0001:000095e9       ??0?$CComControl@VCOPOSMICR@@V?$CWindowImpl@VCOPOSMICR@@VCWindow@ATL@@V?$CWinTraits@$0FGAAAAAA@$0A@@3@@ATL@@@ATL@@QAE@XZ 1000a5e9 f i MICRImpl.obj
 0001:00009610       ??0?$CProxy_IOPOSEvents@VCOPOSMICR@@@@QAE@XZ 1000a610 f i MICRImpl.obj
 0001:00009630       ??0CComControlBase@ATL@@QAE@AAPAUHWND__@@@Z 1000a630 f i MICRImpl.obj
 0001:00009680       ??0COPOSMICR@@QAE@XZ       1000a680 f   MICRImpl.obj
 0001:000096b6       ??1?$CComControl@VCOPOSMICR@@V?$CWindowImpl@VCOPOSMICR@@VCWindow@ATL@@V?$CWinTraits@$0FGAAAAAA@$0A@@3@@ATL@@@ATL@@UAE@XZ 1000a6b6 f i MICRImpl.obj
 0001:000096cf       ??1?$IConnectionPointImpl@VCOPOSMICR@@$1?DIID__IOPOSMICREvents@@3U_GUID@@BVCComDynamicUnkArray@ATL@@@ATL@@QAE@XZ 1000a6cf f i MICRImpl.obj
 0001:000096cf       ??1?$IConnectionPointImpl@VCOPOSMICR@@$1?IID_IPropertyNotifySink@@3U_GUID@@BVCComDynamicUnkArray@ATL@@@ATL@@QAE@XZ 1000a6cf f i MICRImpl.obj
 0001:0000970c       ??1CComControlBase@ATL@@UAE@XZ 1000a70c f i MICRImpl.obj
 0001:0000976f       ??1COPOSMICR@@UAE@XZ       1000a76f f   MICRImpl.obj
 0001:000097b7       ?BeginInsertion@COPOSMICR@@UAGJJPAJ@Z 1000a7b7 f   MICRImpl.obj
 0001:00009806       ?BeginRemoval@COPOSMICR@@UAGJJPAJ@Z 1000a806 f   MICRImpl.obj
 0001:00009855       ?CheckHealth@COPOSMICR@@UAGJJPAJ@Z 1000a855 f   MICRImpl.obj
 0001:000098a4       ?ClaimDevice@COPOSMICR@@UAGJJPAJ@Z 1000a8a4 f   MICRImpl.obj
 0001:00009919       ?ClearInput@COPOSMICR@@UAGJPAJ@Z 1000a919 f   MICRImpl.obj
 0001:00009934       ?ClearInputProperties@COPOSMICR@@UAGJPAJ@Z 1000a934 f   MICRImpl.obj
 0001:0000994f       ?Close@COPOSMICR@@UAGJPAJ@Z 1000a94f f   MICRImpl.obj
 0001:000099bd       ?CompareFirmwareVersion@COPOSMICR@@UAGJPA_WPAJ1@Z 1000a9bd f   MICRImpl.obj
 0001:00009a3d       ?DirectIO@COPOSMICR@@UAGJJPAJPAPA_W0@Z 1000aa3d f   MICRImpl.obj
 0001:00009aeb       ?DoInvoke@COPOSMICR@@IAEJJPAVOposVariant@@IHPAJ_N@Z 1000aaeb f   MICRImpl.obj
 0001:00009bc7       ?EndInsertion@COPOSMICR@@UAGJPAJ@Z 1000abc7 f   MICRImpl.obj
 0001:00009be2       ?EndRemoval@COPOSMICR@@UAGJPAJ@Z 1000abe2 f   MICRImpl.obj
 0001:00009bfd       ?EventClose@COPOSMICR@@IAEXXZ 1000abfd f i MICRImpl.obj
 0001:00009c30       ?EventInit@COPOSMICR@@IAEJXZ 1000ac30 f i MICRImpl.obj
 0001:00009cfc       ?EventUninit@COPOSMICR@@IAEXXZ 1000acfc f i MICRImpl.obj
 0001:00009d4e       ?EventWindowProc@COPOSMICR@@IAGJIIJ@Z 1000ad4e f i MICRImpl.obj
 0001:00009e22       ?FinalConstruct@COPOSMICR@@QAEJXZ 1000ae22 f   MICRImpl.obj
 0001:00009e5b       ?FireEventCleanup@COPOSMICR@@IAEXXZ 1000ae5b f i MICRImpl.obj
 0001:00009e71       ?FireEventSetup@COPOSMICR@@IAE_NXZ 1000ae71 f i MICRImpl.obj
 0001:00009ea5       ?FreezeEvents@COPOSMICR@@MAGJH@Z 1000aea5 f   MICRImpl.obj
 0001:00009f05       ?GetOposProp@COPOSMICR@@IAEJJPAFJ@Z 1000af05 f   MICRImpl.obj
 0001:00009f28       ?GetOposProp@COPOSMICR@@IAEJJPAJJ@Z 1000af28 f   MICRImpl.obj
 0001:00009ff7       ?GetOposProp@COPOSMICR@@IAEJJPAPA_WJ@Z 1000aff7 f   MICRImpl.obj
 0001:0000a0d3       ?OnDraw@COPOSMICR@@MAEJAAUATL_DRAWINFO@@@Z 1000b0d3 f   MICRImpl.obj
 0001:0000a173       ?Open@COPOSMICR@@UAGJPA_WPAJ@Z 1000b173 f   MICRImpl.obj
 0001:0000a9b6       ?ReleaseDevice@COPOSMICR@@UAGJPAJ@Z 1000b9b6 f   MICRImpl.obj
 0001:0000aa05       ?ResetStatistics@COPOSMICR@@UAGJPA_WPAJ@Z 1000ba05 f   MICRImpl.obj
 0001:0000aa5c       ?RetrieveStatistics@COPOSMICR@@UAGJPAPA_WPAJ@Z 1000ba5c f   MICRImpl.obj
 0001:0000aab3       ?SOProcessID@COPOSMICR@@UAGJPAJ@Z 1000bab3 f   MICRImpl.obj
 0001:0000aac7       ?SetCOFreezeEvents@COPOSMICR@@IAEXF@Z 1000bac7 f   MICRImpl.obj
 0001:0000ab67       ?SetOposProp@COPOSMICR@@IAEJJJJ@Z 1000bb67 f   MICRImpl.obj
 0001:0000ac5e       ?UpdateFirmware@COPOSMICR@@UAGJPA_WPAJ@Z 1000bc5e f   MICRImpl.obj
 0001:0000acb5       ?UpdateStatistics@COPOSMICR@@UAGJPA_WPAJ@Z 1000bcb5 f   MICRImpl.obj
 0001:0000ad0c       ?get_AccountNumber@COPOSMICR@@UAGJPAPA_W@Z 1000bd0c f   MICRImpl.obj
 0001:0000ad25       ?get_Amount@COPOSMICR@@UAGJPAPA_W@Z 1000bd25 f   MICRImpl.obj
 0001:0000ad3e       ?get_AutoDisable@COPOSMICR@@UAGJPAF@Z 1000bd3e f   MICRImpl.obj
 0001:0000ad54       ?get_BankNumber@COPOSMICR@@UAGJPAPA_W@Z 1000bd54 f   MICRImpl.obj
 0001:0000ad6d       ?get_BinaryConversion@COPOSMICR@@UAGJPAJ@Z 1000bd6d f   MICRImpl.obj
 0001:0000ad83       ?get_CapCompareFirmwareVersion@COPOSMICR@@UAGJPAF@Z 1000bd83 f   MICRImpl.obj
 0001:0000ad9c       ?get_CapPowerReporting@COPOSMICR@@UAGJPAJ@Z 1000bd9c f   MICRImpl.obj
 0001:0000adb5       ?get_CapStatisticsReporting@COPOSMICR@@UAGJPAF@Z 1000bdb5 f   MICRImpl.obj
 0001:0000adce       ?get_CapUpdateFirmware@COPOSMICR@@UAGJPAF@Z 1000bdce f   MICRImpl.obj
 0001:0000ade7       ?get_CapUpdateStatistics@COPOSMICR@@UAGJPAF@Z 1000bde7 f   MICRImpl.obj
 0001:0000ae00       ?get_CapValidationDevice@COPOSMICR@@UAGJPAF@Z 1000be00 f   MICRImpl.obj
 0001:0000ae19       ?get_CheckHealthText@COPOSMICR@@UAGJPAPA_W@Z 1000be19 f   MICRImpl.obj
 0001:0000ae32       ?get_CheckType@COPOSMICR@@UAGJPAJ@Z 1000be32 f   MICRImpl.obj
 0001:0000ae4b       ?get_Claimed@COPOSMICR@@UAGJPAF@Z 1000be4b f   MICRImpl.obj
 0001:0000ae61       ?get_ControlObjectDescription@COPOSMICR@@UAGJPAPA_W@Z 1000be61 f   MICRImpl.obj
 0001:0000aeaf       ?get_ControlObjectVersion@COPOSMICR@@UAGJPAJ@Z 1000beaf f   MICRImpl.obj
 0001:0000aec2       ?get_CountryCode@COPOSMICR@@UAGJPAJ@Z 1000bec2 f   MICRImpl.obj
 0001:0000aedb       ?get_DataCount@COPOSMICR@@UAGJPAJ@Z 1000bedb f   MICRImpl.obj
 0001:0000aef1       ?get_DataEventEnabled@COPOSMICR@@UAGJPAF@Z 1000bef1 f   MICRImpl.obj
 0001:0000af07       ?get_DeviceDescription@COPOSMICR@@UAGJPAPA_W@Z 1000bf07 f   MICRImpl.obj
 0001:0000af20       ?get_DeviceEnabled@COPOSMICR@@UAGJPAF@Z 1000bf20 f   MICRImpl.obj
 0001:0000af36       ?get_DeviceName@COPOSMICR@@UAGJPAPA_W@Z 1000bf36 f   MICRImpl.obj
 0001:0000af4f       ?get_EPC@COPOSMICR@@UAGJPAPA_W@Z 1000bf4f f   MICRImpl.obj
 0001:0000af68       ?get_FreezeEvents@COPOSMICR@@UAGJPAF@Z 1000bf68 f   MICRImpl.obj
 0001:0000af7e       ?get_OpenResult@COPOSMICR@@UAGJPAJ@Z 1000bf7e f   MICRImpl.obj
 0001:0000af95       ?get_PowerNotify@COPOSMICR@@UAGJPAJ@Z 1000bf95 f   MICRImpl.obj
 0001:0000afab       ?get_PowerState@COPOSMICR@@UAGJPAJ@Z 1000bfab f   MICRImpl.obj
 0001:0000afc1       ?get_RawData@COPOSMICR@@UAGJPAPA_W@Z 1000bfc1 f   MICRImpl.obj
 0001:0000afda       ?get_ResultCode@COPOSMICR@@UAGJPAJ@Z 1000bfda f   MICRImpl.obj
 0001:0000b018       ?get_ResultCodeExtended@COPOSMICR@@UAGJPAJ@Z 1000c018 f   MICRImpl.obj
 0001:0000b02e       ?get_SerialNumber@COPOSMICR@@UAGJPAPA_W@Z 1000c02e f   MICRImpl.obj
 0001:0000b047       ?get_ServiceObjectDescription@COPOSMICR@@UAGJPAPA_W@Z 1000c047 f   MICRImpl.obj
 0001:0000b060       ?get_ServiceObjectVersion@COPOSMICR@@UAGJPAJ@Z 1000c060 f   MICRImpl.obj
 0001:0000b076       ?get_State@COPOSMICR@@UAGJPAJ@Z 1000c076 f   MICRImpl.obj
 0001:0000b0a2       ?get_TransitNumber@COPOSMICR@@UAGJPAPA_W@Z 1000c0a2 f   MICRImpl.obj
 0001:0000b0bb       ?put_AutoDisable@COPOSMICR@@UAGJF@Z 1000c0bb f   MICRImpl.obj
 0001:0000b0d8       ?put_BinaryConversion@COPOSMICR@@UAGJJ@Z 1000c0d8 f   MICRImpl.obj
 0001:0000b0ee       ?put_DataEventEnabled@COPOSMICR@@UAGJF@Z 1000c0ee f   MICRImpl.obj
 0001:0000b10b       ?put_DeviceEnabled@COPOSMICR@@UAGJF@Z 1000c10b f   MICRImpl.obj
 0001:0000b128       ?put_FreezeEvents@COPOSMICR@@UAGJF@Z 1000c128 f   MICRImpl.obj
 0001:0000b174       ?put_PowerNotify@COPOSMICR@@UAGJJ@Z 1000c174 f   MICRImpl.obj
 0001:0000b18a       ?s_EventWindowProc@COPOSMICR@@KGJPAUHWND__@@IIJ@Z 1000c18a f i MICRImpl.obj
 0001:0000b1dc       ??_U@YAPAXI@Z              1000c1dc f   LIBCMT:new_array.obj
 0001:0000b1e5       ??3@YAXPAXI@Z              1000c1e5 f   LIBCMT:delete_scalar_size.obj
 0001:0000b1f3       ??_V@YAXPAX@Z              1000c1f3 f   LIBCMT:delete_array.obj
 0001:0000b1f8       ??_V@YAXPAXI@Z             1000c1f8 f   LIBCMT:delete_array_size.obj
 0001:0000b24a       ___scrt_acquire_startup_lock 1000c24a f   LIBCMT:utility.obj
 0001:0000b27c       ___scrt_dllmain_after_initialize_c 1000c27c f   LIBCMT:utility.obj
 0001:0000b2a7       ___scrt_dllmain_before_initialize_c 1000c2a7 f   LIBCMT:utility.obj
 0001:0000b2b5       ___scrt_dllmain_crt_thread_attach 1000c2b5 f   LIBCMT:utility.obj
 0001:0000b2d4       ___scrt_dllmain_crt_thread_detach 1000c2d4 f   LIBCMT:utility.obj
 0001:0000b2e1       ___scrt_dllmain_exception_filter 1000c2e1 f   LIBCMT:utility.obj
 0001:0000b315       ___scrt_dllmain_uninitialize_c 1000c315 f   LIBCMT:utility.obj
 0001:0000b338       ___scrt_dllmain_uninitialize_critical 1000c338 f   LIBCMT:utility.obj
 0001:0000b345       ___scrt_initialize_crt     1000c345 f   LIBCMT:utility.obj
 0001:0000b37e       ___scrt_initialize_onexit_tables 1000c37e f   LIBCMT:utility.obj
 0001:0000b405       ___scrt_is_nonwritable_in_current_image 1000c405 f   LIBCMT:utility.obj
 0001:0000b499       ___scrt_release_startup_lock 1000c499 f   LIBCMT:utility.obj
 0001:0000b4b6       ___scrt_uninitialize_crt   1000c4b6 f   LIBCMT:utility.obj
 0001:0000b4de       __onexit                   1000c4de f   LIBCMT:utility.obj
 0001:0000b50b       _atexit                    1000c50b f   LIBCMT:utility.obj
 0001:0000b520       ??3@YAXPAX@Z               1000c520 f   LIBCMT:delete_scalar.obj
 0001:0000b5ea       __Init_thread_footer       1000c5ea f   LIBCMT:thread_safe_statics.obj
 0001:0000b634       __Init_thread_header       1000c634 f   LIBCMT:thread_safe_statics.obj
 0001:0000b686       __Init_thread_notify       1000c686 f   LIBCMT:thread_safe_statics.obj
 0001:0000b6bc       __Init_thread_wait         1000c6bc f   LIBCMT:thread_safe_statics.obj
 0001:0000b70a       ___raise_securityfailure   1000c70a f   LIBCMT:gs_report.obj
 0001:0000b732       ___report_gsfailure        1000c732 f   LIBCMT:gs_report.obj
 0001:0000b82b       ___report_rangecheckfailure 1000c82b f   LIBCMT:gs_report.obj
 0001:0000b837       ___report_securityfailure  1000c837 f   LIBCMT:gs_report.obj
 0001:0000b905       ??2@YAPAXIABUnothrow_t@std@@@Z 1000c905 f   LIBCMT:new_scalar_nothrow.obj
 0001:0000b95a       ??_U@YAPAXIABUnothrow_t@std@@@Z 1000c95a f   LIBCMT:new_array_nothrow.obj
 0001:0000b963       @__security_check_cookie@4 1000c963 f   LIBCMT:secchk.obj
 0001:0000b980       __SEH_prolog4_GS           1000c980 f   LIBCMT:sehprolg4gs.obj
 0001:0000b9c7       __SEH_epilog4_GS           1000c9c7 f   LIBCMT:sehprolg4gs.obj
 0001:0000b9e0       __alloca_probe_16          1000c9e0 f   LIBCMT:alloca16.obj
 0001:0000b9f6       __alloca_probe_8           1000c9f6     LIBCMT:alloca16.obj
 0001:0000ba10       __alloca_probe             1000ca10 f   LIBCMT:chkstk.obj
 0001:0000ba10       __chkstk                   1000ca10 f   LIBCMT:chkstk.obj
 0001:0000bd7d       __DllMainCRTStartup@12     1000cd7d f   LIBCMT:dll_dllmain.obj
 0001:0000bda0       ??2@YAPAXI@Z               1000cda0 f   LIBCMT:new_scalar.obj
 0001:0000bdd0       ___isa_available_init      1000cdd0 f   LIBCMT:cpu_disp.obj
 0001:0000bfa0       ___scrt_is_ucrt_dll_in_use 1000cfa0 f   LIBCMT:ucrt_detection.obj
 0001:0000bfac       ___scrt_fastfail           1000cfac f   LIBCMT:utility_desktop.obj
 0001:0000c0c6       __crt_debugger_hook        1000d0c6 f   LIBCMT:utility_desktop.obj
 0001:0000c0d0       __SEH_prolog4              1000d0d0 f   LIBCMT:sehprolg4.obj
 0001:0000c114       __SEH_epilog4              1000d114 f   LIBCMT:sehprolg4.obj
 0001:0000c128       @_guard_check_icall_nop@4  1000d128 f i LIBCMT:guard_support.obj
 0001:0000c178       ___security_init_cookie    1000d178 f   LIBCMT:gs_support.obj
 0001:0000c1c3       ?__scrt_initialize_type_info@@YAXXZ 1000d1c3 f   LIBCMT:tncleanup.obj
 0001:0000c1cf       ?__scrt_uninitialize_type_info@@YAXXZ 1000d1cf f   LIBCMT:tncleanup.obj
 0001:0000c1db       ___local_stdio_scanf_options 1000d1db f i LIBCMT:default_local_stdio_options.obj
 0001:0000c1e1       ___scrt_initialize_default_local_stdio_options 1000d1e1 f   LIBCMT:default_local_stdio_options.obj
 0001:0000c1fe       ___scrt_get_dyn_tls_init_callback 1000d1fe f   LIBCMT:dyn_tls_init.obj
 0001:0000c204       __RTC_Initialize           1000d204 f   LIBCMT:initsect.obj
 0001:0000c230       __RTC_Terminate            1000d230 f   LIBCMT:initsect.obj
 0001:0000c25c       ??0bad_alloc@std@@QAE@ABV01@@Z 1000d25c f i LIBCMT:throw_bad_alloc.obj
 0001:0000c277       ??0bad_alloc@std@@QAE@XZ   1000d277 f i LIBCMT:throw_bad_alloc.obj
 0001:0000c28f       ??0bad_array_new_length@std@@QAE@ABV01@@Z 1000d28f f i LIBCMT:throw_bad_alloc.obj
 0001:0000c2aa       ??0bad_array_new_length@std@@QAE@XZ 1000d2aa f i LIBCMT:throw_bad_alloc.obj
 0001:0000c2c2       ??0exception@std@@QAE@ABV01@@Z 1000d2c2 f i LIBCMT:throw_bad_alloc.obj
 0001:0000c2ee       ??1bad_array_new_length@std@@UAE@XZ 1000d2ee f i LIBCMT:throw_bad_alloc.obj
 0001:0000c2ee       ??1bad_exception@std@@UAE@XZ 1000d2ee f i libvcruntime:frame.obj
 0001:0000c2ee       ??1bad_alloc@std@@UAE@XZ   1000d2ee f i LIBCMT:throw_bad_alloc.obj
 0001:0000c2ff       ??_Eexception@std@@UAEPAXI@Z 1000d2ff f i LIBCMT:throw_bad_alloc.obj
 0001:0000c2ff       ??_Ebad_alloc@std@@UAEPAXI@Z 1000d2ff f i LIBCMT:throw_bad_alloc.obj
 0001:0000c2ff       ??_Ebad_array_new_length@std@@UAEPAXI@Z 1000d2ff f i LIBCMT:throw_bad_alloc.obj
 0001:0000c2ff       ??_Ebad_exception@std@@UAEPAXI@Z 1000d2ff f i libvcruntime:frame.obj
 0001:0000c2ff       ??_Gbad_alloc@std@@UAEPAXI@Z 1000d2ff f i LIBCMT:throw_bad_alloc.obj
 0001:0000c2ff       ??_Gexception@std@@UAEPAXI@Z 1000d2ff f i LIBCMT:throw_bad_alloc.obj
 0001:0000c2ff       ??_Gbad_exception@std@@UAEPAXI@Z 1000d2ff f i libvcruntime:frame.obj
 0001:0000c2ff       ??_Gbad_array_new_length@std@@UAEPAXI@Z 1000d2ff f i LIBCMT:throw_bad_alloc.obj
 0001:0000c32c       ?__scrt_throw_std_bad_alloc@@YAXXZ 1000d32c f   LIBCMT:throw_bad_alloc.obj
 0001:0000c349       ?__scrt_throw_std_bad_array_new_length@@YAXXZ 1000d349 f   LIBCMT:throw_bad_alloc.obj
 0001:0000c366       ?what@exception@std@@UBEPBDXZ 1000d366 f i LIBCMT:throw_bad_alloc.obj
 0001:0000c373       ??_Etype_info@@UAEPAXI@Z   1000d373 f i LIBCMT:std_type_info_static.obj
 0001:0000c373       ??_Gtype_info@@UAEPAXI@Z   1000d373 f i LIBCMT:std_type_info_static.obj
 0001:0000c396       ??0CAtlBaseModule@ATL@@QAE@XZ 1000d396 f   atls:atlbase.obj
 0001:0000c3e9       ??0_ATL_BASE_MODULE70@ATL@@QAE@XZ 1000d3e9 f i atls:atlbase.obj
 0001:0000c40c       ??1CAtlBaseModule@ATL@@QAE@XZ 1000d40c f   atls:atlbase.obj
 0001:0000c4f9       ?Init@_stdcallthunk@ATL@@QAEHKPAX@Z 1000d4f9 f i atls:atlthunk.obj
 0001:0000c52e       ?__AllocStdCallThunk_cmn@@YAPAXXZ 1000d52e f   atls:atlthunk.obj
 0001:0000c5f4       ?__FreeStdCallThunk_cmn@@YAXPAX@Z 1000d5f4 f   atls:atlthunk.obj
 0001:0000c68f       _AtlThunk_AllocateData@0   1000d68f f   atls:atlthunk.obj
 0001:0000c6f4       _AtlThunk_DataToCode@4     1000d6f4 f   atls:atlthunk.obj
 0001:0000c73b       _AtlThunk_FreeData@4       1000d73b f   atls:atlthunk.obj
 0001:0000c791       _AtlThunk_InitData@12      1000d791 f   atls:atlthunk.obj
 0001:0000c7e0       __get_purecall_handler     1000d7e0 f   libvcruntime:purevirt.obj
 0001:0000c7e6       __purecall                 1000d7e6 f   libvcruntime:purevirt.obj
 0001:0000c802       _wcsstr                    1000d802 f   libvcruntime:wcsstr.obj
 0001:0000cab0       __except_handler4          1000dab0 f   libvcruntime:chandler4.obj
 0001:0000cc0e       _memcmp                    1000dc0e f   libvcruntime:memcmp.obj
 0001:0000db20       _memcpy                    1000eb20 f   libvcruntime:memcpy.obj
 0001:0000e0a0       _memset                    1000f0a0 f   libvcruntime:memset.obj
 0001:0000e1fa       ___vcrt_initialize         1000f1fa f   libvcruntime:initialization.obj
 0001:0000e219       ___vcrt_thread_attach      1000f219 f   libvcruntime:initialization.obj
 0001:0000e224       ___vcrt_thread_detach      1000f224 f   libvcruntime:initialization.obj
 0001:0000e22f       ___vcrt_uninitialize       1000f22f f   libvcruntime:initialization.obj
 0001:0000e246       ___vcrt_uninitialize_critical 1000f246 f   libvcruntime:initialization.obj
 0001:0000e24e       ?GetRangeOfTrysToCheck@__FrameHandler3@@SA?AU?$pair@Viterator@TryBlockMap@__FrameHandler3@@V123@@std@@AAVTryBlockMap@1@HPAXPBU_s_FuncInfo@@H@Z 1000f24e f   libvcruntime:trnsctrl.obj
 0001:0000e2be       ?_CallCatchBlock2@@YAPAXPAUEHRegistrationNode@@PBU_s_FuncInfo@@PAXHK@Z 1000f2be f   libvcruntime:trnsctrl.obj
 0001:0000e31c       ?_CallSETranslator@@YAHPAUEHExceptionRecord@@PAUEHRegistrationNode@@PAX2PBU_s_FuncInfo@@H1@Z 1000f31c f   libvcruntime:trnsctrl.obj
[...]
 0002:000030b8       ?strings@?1??fp_format_nan_or_infinity@@YAHW4__acrt_fp_class@@_NPADI1@Z@4QAY03QBDA 100230b8     libucrt:cvt.obj
 0002:00003600       ?_mb_locale_names@@3QBQB_WB 10023600     libucrt:mbctype.obj
 0002:00003e48       ?LcidToLocaleNameTable@?A0x881e4c05@@3QBULcidToLocaleName@1@B 10023e48     libucrt:lcidtoname_downlevel.obj
 0002:00004f70       ?LocaleNameToIndexTable@?A0x881e4c05@@3QBULocaleNameIndex@1@B 10024f70     libucrt:lcidtoname_downlevel.obj
 0002:000068b0       LOG_name                   100268b0     libucrt:log10_impl.obj
 0002:000068c0       _One                       100268c0     libucrt:ceil_pentium4.obj
 0002:000068d0       _Bns                       100268d0     libucrt:ceil_pentium4.obj
 0002:000068e0       _Zero                      100268e0     libucrt:ceil_pentium4.obj
 0002:000068f0       _S                         100268f0     libucrt:ceil_pentium4.obj
 0002:00006900       _NegZero                   10026900     libucrt:ceil_pentium4.obj
 0002:00006910       emask                      10026910     libucrt:log10_pentium4.obj
 0002:00006920       CC                         10026920     libucrt:log10_pentium4.obj
 0002:00006930       Magic                      10026930     libucrt:log10_pentium4.obj
 0002:00006940       hi_mask                    10026940     libucrt:log10_pentium4.obj
 0002:00006950       LOG10_2                    10026950     libucrt:log10_pentium4.obj
 0002:00006960       place_L                    10026960     libucrt:log10_pentium4.obj
 0002:00006980       One                        10026980     libucrt:log10_pentium4.obj
 0002:00006990       Zero                       10026990     libucrt:log10_pentium4.obj
 0002:000069a0       Two52                      100269a0     libucrt:log10_pentium4.obj
 0002:000069b0       Infs                       100269b0     libucrt:log10_pentium4.obj
 0002:000069c0       NaN                        100269c0     libucrt:log10_pentium4.obj
 0002:000069d0       coeff                      100269d0     libucrt:log10_pentium4.obj
 0002:00006a2e       _log2max                   10026a2e     libucrt:87tran.obj
 0002:00006a38       _smallarg                  10026a38     libucrt:87tran.obj
 0002:00006a42       _half                      10026a42     libucrt:87tran.obj
 0002:00006a8e       One                        10026a8e     libucrt:87disp.obj
 0002:00006a96       Three                      10026a96     libucrt:87disp.obj
 0002:00006a9e       XAMtoTagTab                10026a9e     libucrt:87disp.obj
 0002:00006ab0       One                        10026ab0     libucrt:common.obj
 0002:00006ac4       DblMax                     10026ac4     libucrt:common.obj
 0002:00006acc       DblMin                     10026acc     libucrt:common.obj
 0002:00006ad4       IeeeAdjO                   10026ad4     libucrt:common.obj
 0002:00006adc       IeeeAdjU                   10026adc     libucrt:common.obj
 0002:00006ae4       _infinity                  10026ae4     libucrt:common.obj
 0002:00006aec       _zero                      10026aec     libucrt:common.obj
 0002:00006b38       _over                      10026b38     libucrt:fpctrl.obj
 0002:00006b44       _under                     10026b44     libucrt:fpctrl.obj
 0002:00007378       ?_names@?1??_get_fname@@9@9 10027378     libucrt:fpexcept.obj
 0002:00007520       two32                      10027520     LIBCMT:ftol2.obj
 0002:00007524       two63                      10027524     LIBCMT:ftol2.obj
 0002:00007528       _NaN                       10027528     LIBCMT:ftol2.obj
 0002:00007be0       __sehtable$?_AtlVerifyStackAvailable@_ATL_SAFE_ALLOCA_IMPL@ATL@@YA_NK@Z 10027be0     MICR.obj
 0002:00007c00       __sehtable$___scrt_is_nonwritable_in_current_image 10027c00     LIBCMT:utility.obj
 0002:00007c1c       __catchsym$??2@YAPAXIABUnothrow_t@std@@@Z$2 10027c1c     LIBCMT:new_scalar_nothrow.obj
 0002:00007c2c       __unwindtable$??2@YAPAXIABUnothrow_t@std@@@Z 10027c2c     LIBCMT:new_scalar_nothrow.obj
 0002:00007c3c       __tryblocktable$??2@YAPAXIABUnothrow_t@std@@@Z 10027c3c     LIBCMT:new_scalar_nothrow.obj
 0002:00007c50       __ehfuncinfo$??2@YAPAXIABUnothrow_t@std@@@Z 10027c50     LIBCMT:new_scalar_nothrow.obj
 0002:00007c78       __sehtable$?dllmain_crt_process_attach@@YAHQAUHINSTANCE__@@QAX@Z 10027c78     LIBCMT:dll_dllmain.obj
 0002:00007c98       __sehtable$?dllmain_crt_process_detach@@YAH_N@Z 10027c98     LIBCMT:dll_dllmain.obj
 0002:00007cc0       __sehtable$?dllmain_dispatch@@YAHQAUHINSTANCE__@@KQAX@Z 10027cc0     LIBCMT:dll_dllmain.obj
 0002:00007d70       __sehtable$___DestructExceptionObject 10027d70     libvcruntime:ehhelpers.obj
 0002:00007d90       __sehtable$?FrameUnwindToState@__FrameHandler3@@SAXPAUEHRegistrationNode@@PAXPBU_s_FuncInfo@@H@Z 10027d90     libvcruntime:frame.obj
 0002:00007db8       __sehtable$?CallCatchBlock@@YAPAXPAUEHExceptionRecord@@PAUEHRegistrationNode@@PAU_CONTEXT@@PBU_s_FuncInfo@@PAXHK@Z 10027db8     libvcruntime:frame.obj
 0002:00007de0       __catchsym$?CallUnexpected@@YAXPBU_s_ESTypeList@@@Z$2 10027de0     libvcruntime:frame.obj
 0002:00007df0       __unwindtable$?CallUnexpected@@YAXPBU_s_ESTypeList@@@Z 10027df0     libvcruntime:frame.obj
 0002:00007e00       __tryblocktable$?CallUnexpected@@YAXPBU_s_ESTypeList@@@Z 10027e00     libvcruntime:frame.obj
 0002:00007e14       __ehfuncinfo$?CallUnexpected@@YAXPBU_s_ESTypeList@@@Z 10027e14     libvcruntime:frame.obj
 0002:00007e38       __sehtable$??$BuildCatchObjectHelperInternal@V__FrameHandler3@@@@YAHPAUEHExceptionRecord@@PAXPBU_s_HandlerType@@PBU_s_CatchableType@@@Z 10027e38     libvcruntime:frame.obj
 0002:00007e58       __sehtable$??$BuildCatchObjectInternal@V__FrameHandler3@@@@YAXPAUEHExceptionRecord@@PAXPBU_s_HandlerType@@PBU_s_CatchableType@@@Z 10027e58     libvcruntime:frame.obj
 0002:00007eb0       __sehtable$??R<lambda_6e4b09c48022b2350581041d5f6b0c4c>@@QBE@XZ 10027eb0     libucrt:exit.obj
 0002:00007ed0       __sehtable$??$?RV<lambda_03b1d95aef87969028cfba75ccab2455>@@AAV<lambda_6e4b09c48022b2350581041d5f6b0c4c>@@V<lambda_22bdf7517842c4b3e53723af5aa32b9e>@@@?$__crt_seh_guarded_call@X@@QAEX$$QAV<lambda_03b1d95aef87969028cfba75ccab2455>@@AAV<lambda_6e4b09c48022b2350581041d5f6b0c4c>@@$$QAV<lambda_22bdf7517842c4b3e53723af5aa32b9e>@@@Z 10027ed0     libucrt:exit.obj
 0002:00007ef0       __sehtable$??$?RV<lambda_8e746cf0007f6ed984d6f78af1fec997>@@AAV<lambda_22ebabd17bc4fa466a2aca6d8deb888d>@@V<lambda_18ed0c0b38a6dc0daf1e7ac6d6adf05e>@@@?$__crt_seh_guarded_call@H@@QAEH$$QAV<lambda_8e746cf0007f6ed984d6f78af1fec997>@@AAV<lambda_22ebabd17bc4fa466a2aca6d8deb888d>@@$$QAV<lambda_18ed0c0b38a6dc0daf1e7ac6d6adf05e>@@@Z 10027ef0     libucrt:onexit.obj
 0002:00007f10       __sehtable$??$?RV<lambda_69a2805e680e0e292e8ba93315fe43a8>@@AAV<lambda_f03950bc5685219e0bcd2087efbe011e>@@V<lambda_03fcd07e894ec930e3f35da366ca99d6>@@@?$__crt_seh_guarded_call@H@@QAEH$$QAV<lambda_69a2805e680e0e292e8ba93315fe43a8>@@AAV<lambda_f03950bc5685219e0bcd2087efbe011e>@@$$QAV<lambda_03fcd07e894ec930e3f35da366ca99d6>@@@Z 10027f10     libucrt:onexit.obj
 0002:00007f30       __sehtable$__query_new_handler 10027f30     libucrt:new_handler.obj
 0002:00007f50       __sehtable$_terminate      10027f50     libucrt:terminate.obj
 0002:00007f70       __sehtable$??$?RV<lambda_15ade71b0218206bbe3333a0c9b79046>@@AAV<lambda_da44e0f8b0f19ba52fefafb335991732>@@V<lambda_207f2d024fc103971653565357d6cd41>@@@?$__crt_seh_guarded_call@X@@QAEX$$QAV<lambda_15ade71b0218206bbe3333a0c9b79046>@@AAV<lambda_da44e0f8b0f19ba52fefafb335991732>@@$$QAV<lambda_207f2d024fc103971653565357d6cd41>@@@Z 10027f70     libucrt:per_thread_data.obj
 0002:00007f90       __sehtable$??$?RV<lambda_a7e850c220f1c8d1e6efeecdedd162c6>@@AAV<lambda_46720907175c18b6c9d2717bc0d2d362>@@V<lambda_9048902d66e8d99359bc9897bbb930a8>@@@?$__crt_seh_guarded_call@X@@QAEX$$QAV<lambda_a7e850c220f1c8d1e6efeecdedd162c6>@@AAV<lambda_46720907175c18b6c9d2717bc0d2d362>@@$$QAV<lambda_9048902d66e8d99359bc9897bbb930a8>@@@Z 10027f90     libucrt:per_thread_data.obj
 0002:00007fb0       __sehtable$??$?RV<lambda_38edbb1296d33220d7e4dd0ed76b244a>@@AAV<lambda_5ce1d447e08cb34b2473517608e21441>@@V<lambda_fb385d3da700c9147fc39e65dd577a8c>@@@?$__crt_seh_guarded_call@X@@QAEX$$QAV<lambda_38edbb1296d33220d7e4dd0ed76b244a>@@AAV<lambda_5ce1d447e08cb34b2473517608e21441>@@$$QAV<lambda_fb385d3da700c9147fc39e65dd577a8c>@@@Z 10027fb0     libucrt:per_thread_data.obj
 0002:00007fd0       __sehtable$??$?RV<lambda_6affb1475c98b40b75cdec977db92e3c>@@AAV<lambda_b8d4b9c228a6ecc3f80208dbb4b4a104>@@V<lambda_608742c3c92a14382c1684fc64f96c88>@@@?$__crt_seh_guarded_call@X@@QAEX$$QAV<lambda_6affb1475c98b40b75cdec977db92e3c>@@AAV<lambda_b8d4b9c228a6ecc3f80208dbb4b4a104>@@$$QAV<lambda_608742c3c92a14382c1684fc64f96c88>@@@Z 10027fd0     libucrt:per_thread_data.obj
 0002:00007ff0       __sehtable$??$?RV<lambda_e5124f882df8998aaf41531e079ba474>@@AAV<lambda_3e16ef9562a7dcce91392c22ab16ea36>@@V<lambda_e25ca0880e6ef98be67edffd8c599615>@@@?$__crt_seh_guarded_call@X@@QAEX$$QAV<lambda_e5124f882df8998aaf41531e079ba474>@@AAV<lambda_3e16ef9562a7dcce91392c22ab16ea36>@@$$QAV<lambda_e25ca0880e6ef98be67edffd8c599615>@@@Z 10027ff0     libucrt:wsetlocale.obj
 0002:00008010       __sehtable$___acrt_initialize_lowio 10028010     libucrt:ioinit.obj
 0002:00008030       __sehtable$?update_thread_multibyte_data_internal@@YAPAU__crt_multibyte_data@@QAU__acrt_ptd@@QAPAU1@@Z 10028030     libucrt:mbctype.obj
 0002:00008050       __sehtable$??$?RV<lambda_ceb1ee4838e85a9d631eb091e2fbe199>@@AAV<lambda_ae742caa10f662c28703da3d2ea5e57e>@@V<lambda_cd08b5d6af4937fe54fc07d0c9bf6b37>@@@?$__crt_seh_guarded_call@X@@QAEX$$QAV<lambda_ceb1ee4838e85a9d631eb091e2fbe199>@@AAV<lambda_ae742caa10f662c28703da3d2ea5e57e>@@$$QAV<lambda_cd08b5d6af4937fe54fc07d0c9bf6b37>@@@Z 10028050     libucrt:mbctype.obj
 0002:00008070       __sehtable$_raise          10028070     libucrt:signal.obj
 0002:00008090       __sehtable$??$?RV<lambda_cbab9ec6f41b0180b23cc171c22676b0>@@AAV<lambda_44731a7d0e6d81c3e6aa82d741081786>@@V<lambda_4b292cb8dd18144e164572427af410ab>@@@?$__crt_seh_guarded_call@P6AXH@Z@@QAEP6AXH@Z$$QAV<lambda_cbab9ec6f41b0180b23cc171c22676b0>@@AAV<lambda_44731a7d0e6d81c3e6aa82d741081786>@@$$QAV<lambda_4b292cb8dd18144e164572427af410ab>@@@Z 10028090     libucrt:signal.obj
 0002:000080b0       __sehtable$??$?RV<lambda_2866be3712abc81a800a822484c830d8>@@AAV<lambda_39ca0ed439415581b5b15c265174cece>@@V<lambda_2b24c74d71094a6cd0cb82e44167d71b>@@@?$__crt_seh_guarded_call@X@@QAEX$$QAV<lambda_2866be3712abc81a800a822484c830d8>@@AAV<lambda_39ca0ed439415581b5b15c265174cece>@@$$QAV<lambda_2b24c74d71094a6cd0cb82e44167d71b>@@@Z 100280b0     libucrt:fflush.obj
 0002:000080d0       __sehtable$??$?RV<lambda_2cc53f568c5a2bb6f192f930a45d44ea>@@AAV<lambda_ab61a845afdef5b7c387490eaf3616ee>@@V<lambda_c2ffc0b7726aa6be21d5f0026187e748>@@@?$__crt_seh_guarded_call@X@@QAEX$$QAV<lambda_2cc53f568c5a2bb6f192f930a45d44ea>@@AAV<lambda_ab61a845afdef5b7c387490eaf3616ee>@@$$QAV<lambda_c2ffc0b7726aa6be21d5f0026187e748>@@@Z 100280d0     libucrt:fflush.obj
 0002:000080f0       __sehtable$___acrt_update_thread_locale_data 100280f0     libucrt:locale_refcounting.obj
 0002:00008110       __sehtable$__fcloseall     10028110     libucrt:closeall.obj
 0002:00008130       __sehtable$___acrt_lowio_ensure_fh_exists 10028130     libucrt:osfinfo.obj
 0002:00008150       __sehtable$??$?RV<lambda_9e9de3de5fa147e2223d7db92bc10aa6>@@AAV<lambda_38ce7e780aa69e748d6df282ebc68efe>@@V<lambda_8ca6da459f0f6780f1cff60fdc3d00e5>@@@?$__crt_seh_guarded_call@H@@QAEH$$QAV<lambda_9e9de3de5fa147e2223d7db92bc10aa6>@@AAV<lambda_38ce7e780aa69e748d6df282ebc68efe>@@$$QAV<lambda_8ca6da459f0f6780f1cff60fdc3d00e5>@@@Z 10028150     libucrt:commit.obj
 0002:00008170       __sehtable$__write         10028170     libucrt:write.obj
 0002:00008190       __sehtable$_fclose         10028190     libucrt:fclose.obj
 0002:000081b0       __sehtable$??$?RV<lambda_218ce3db14220d0be481dae8ef3383b6>@@AAV<lambda_628dfdc04ba53c8bfc02c9951375f3f5>@@V<lambda_57dc472bd5c9d5f3b2cbca59b8a843ae>@@@?$__crt_seh_guarded_call@H@@QAEH$$QAV<lambda_218ce3db14220d0be481dae8ef3383b6>@@AAV<lambda_628dfdc04ba53c8bfc02c9951375f3f5>@@$$QAV<lambda_57dc472bd5c9d5f3b2cbca59b8a843ae>@@@Z 100281b0     libucrt:close.obj
 0002:000081d0       __sehtable$___set_fpsr_sse2 100281d0     libucrt:fpctrl.obj
 0002:000081f0       __sehtable$__IsNonwritableInCurrentImage 100281f0     LIBCMT:pesect.obj
 0002:00008220       .edata                     10028220     OPOSMICR.exp
 0002:00008248       rgpv                       10028248     OPOSMICR.exp
 0002:00008258       rgszName                   10028258     OPOSMICR.exp
 0002:00008268       rgwOrd                     10028268     OPOSMICR.exp
 0002:00008270       szName                     10028270     OPOSMICR.exp
 0002:0000827d       $N00001                    1002827d     OPOSMICR.exp
 0002:0000828d       $N00002                    1002828d     OPOSMICR.exp
 0002:0000829f       $N00003                    1002829f     OPOSMICR.exp
 0002:000082b1       $N00004                    100282b1     OPOSMICR.exp
 0002:000088c2       .idata$6                   100288c2     kernel32:KERNEL32.dll
 0002:00008ad6       .idata$6                   10028ad6     user32:USER32.dll
 0002:00008c0a       .idata$6                   10028c0a     gdi32:GDI32.dll
 0002:00008cb0       .idata$6                   10028cb0     advapi32:ADVAPI32.dll
 0002:00008dcc       .idata$6                   10028dcc     ole32:ole32.dll
 0002:00008dd6       .idata$6                   10028dd6     oleaut32:OLEAUT32.dll
 0003:00000110       ?ObjectMap@@3PAU_ATL_OBJMAP_ENTRY30@ATL@@A 1002a110     MICR.obj
 0003:000001b8       ?s_SOMethodNames@@3PAPADA  1002a1b8     MICRImpl.obj
 0003:00000214       ?s_RequiredMethodsPerRelease@@3PAHA 1002a214     MICRImpl.obj
 0003:00000260       ?__vcrt_flsindex@@3KA      1002a260     libvcruntime:per_thread_data.obj
 0003:00000280       ?errno_no_memory@@3HA      1002a280     libucrt:errno.obj
 0003:00000284       ?doserrno_no_memory@@3KA   1002a284     libucrt:errno.obj
 0003:00000290       ?__acrt_flsindex@@3KA      1002a290     libucrt:per_thread_data.obj
 0003:00000628       __mbctypes                 1002a628     libucrt:mbctype.obj
 0003:00000730       __mbcasemaps               1002a730     libucrt:mbctype.obj
 0003:00000830       ?__rgctypeflag@@3PADA      1002a830     libucrt:mbctype.obj
 0003:00000838       ?__rgcode_page_info@@3PAUcode_page_info@@A 1002a838     libucrt:mbctype.obj
 0003:00000a90       ?__dcrt_lowio_console_output_handle@@3PAXA 1002aa90     libucrt:initcon.obj
 0003:00000a94       ?__DAZ_ENABLED@?1??__set_fpsr_sse2@@9@9 1002aa94     libucrt:fpctrl.obj
 0003:00000c28       ?is_initialized_as_dll@@3_NA 1002ac28     LIBCMT:utility.obj
 0003:00000c29       ?module_local_atexit_table_initialized@@3_NA 1002ac29     LIBCMT:utility.obj
 0003:00000c2c       ?module_local_atexit_table@@3U_onexit_table_t@@A 1002ac2c     LIBCMT:utility.obj
 0003:00000c38       ?module_local_at_quick_exit_table@@3U_onexit_table_t@@A 1002ac38     LIBCMT:utility.obj
 0003:00000c44       ?g_tss_cv@@3U_RTL_CONDITION_VARIABLE@@A 1002ac44     LIBCMT:thread_safe_statics.obj
 0003:00000c48       ?g_tss_event@@3PAXA        1002ac48     LIBCMT:thread_safe_statics.obj
 0003:00000c4c       ?g_tss_mutex@@3U_RTL_CRITICAL_SECTION@@A 1002ac4c     LIBCMT:thread_safe_statics.obj
 0003:00000c64       ?g_sleep_condition_variable_cs@@3P6GHPAU_RTL_CONDITION_VARIABLE@@PAU_RTL_CRITICAL_SECTION@@K@ZA 1002ac64     LIBCMT:thread_safe_statics.obj
 0003:00000c68       ?g_wake_all_condition_variable@@3P6GXPAU_RTL_CONDITION_VARIABLE@@@ZA 1002ac68     LIBCMT:thread_safe_statics.obj
 0003:00000c70       _GS_ExceptionRecord        1002ac70     LIBCMT:gs_report.obj
 0003:00000cc0       _GS_ContextRecord          1002acc0     LIBCMT:gs_report.obj
 0003:00000f90       ?__proc_attached@@3HA      1002af90     LIBCMT:dll_dllmain.obj
 0003:00000ff4       ?AllocateData@@3P6GPAUAtlThunkData_t@@XZA 1002aff4     atls:atlthunk.obj
 0003:00000ff8       ?InitData@@3P6GXPAUAtlThunkData_t@@PAXI@ZA 1002aff8     atls:atlthunk.obj
 0003:00000ffc       ?DataToCode@@3P6GP6GJPAUHWND__@@IIJ@ZPAUAtlThunkData_t@@@ZA 1002affc     atls:atlthunk.obj
 0003:00001000       ?FreeData@@3P6GXPAUAtlThunkData_t@@@ZA 1002b000     atls:atlthunk.obj
 0003:00001004       ?Initialized@@3_NA         1002b004     atls:atlthunk.obj
 0003:00001014       ?__vcrt_startup_thread_ptd@@3U__vcrt_ptd@@A 1002b014     libvcruntime:per_thread_data.obj
 0003:0000103c       ___vcrt_lock_table         1002b03c     libvcruntime:locks.obj
 0003:00001054       ___vcrt_locks_initialized  1002b054     libvcruntime:locks.obj
 0003:00001080       ?heap@@3V_HeapManager@@A   1002b080     libvcruntime:undname.obj
 0003:00001094       ?module_handles@@3PAPAUHINSTANCE__@@A 1002b094     libvcruntime:winapi_downlevel.obj
 0003:000010a0       ?function_pointers@@3PAPAXA 1002b0a0     libvcruntime:winapi_downlevel.obj
 0003:000010b4       ?__acrt_invalid_parameter_handler@@3V?$dual_state_global@P6AXPB_W00II@Z@__crt_state_management@@A 1002b0b4     libucrt:invalid_parameter.obj
 0003:000010b8       ?c_termination_complete@@3JA 1002b0b8     libucrt:exit.obj
 0003:000010bc       ?thread_local_exit_callback_func@@3P6GXPAXK0@ZA 1002b0bc     libucrt:exit.obj
 0003:000010c8       ?program_name@?1???$common_configure_argv@D@@YAHW4_crt_argv_mode@@@Z@4PADA 1002b0c8     libucrt:argv_parsing.obj
 0003:000011f8       ?__acrt_new_handler@@3V?$dual_state_global@P6AHI@Z@__crt_state_management@@A 1002b1f8     libucrt:new_handler.obj
 0003:00001200       ?module_handles@@3PAPAUHINSTANCE__@@A 1002b200     libucrt:winapi_thunks.obj
 0003:00001250       ?encoded_function_pointers@@3PAPAXA 1002b250     libucrt:winapi_thunks.obj
 0003:000012d8       ?internal_state@?1??_mbtowc_l@@9@4U_Mbstatet@@A 1002b2d8     libucrt:mbtowc.obj
 0003:000012e8       ?enable_percent_n@@3IA     1002b2e8     libucrt:printf_count_output.obj
 0003:00001508       ?__acrt_lock_table@@3PAU_RTL_CRITICAL_SECTION@@A 1002b508     libucrt:locks.obj
 0003:00001658       ?__acrt_locks_initialized@@3IA 1002b658     libucrt:locks.obj
 0003:00001668       ?fSystemSet@@3HA           1002b668     libucrt:mbctype.obj
 0003:0000166c       ?initialized@?1??__acrt_initialize_multibyte@@9@4_NA 1002b66c     libucrt:mbctype.obj
 0003:0000168c       ?ctrlc_action@@3V?$dual_state_global@P6AXH@Z@__crt_state_management@@A 1002b68c     libucrt:signal.obj
 0003:00001690       ?ctrlbreak_action@@3V?$dual_state_global@P6AXH@Z@__crt_state_management@@A 1002b690     libucrt:signal.obj
 0003:00001694       ?abort_action@@3V?$dual_state_global@P6AXH@Z@__crt_state_management@@A 1002b694     libucrt:signal.obj
 0003:00001698       ?term_action@@3V?$dual_state_global@P6AXH@Z@__crt_state_management@@A 1002b698     libucrt:signal.obj
 0003:0000169c       ?user_matherr@@3V?$dual_state_global@P6AHPAU_exception@@@Z@__crt_state_management@@A 1002b69c     libucrt:matherr.obj
 0003:000016a0       ?__acrt_global_new_mode@@3V?$dual_state_global@J@__crt_state_management@@A 1002b6a0     libucrt:new_mode.obj
 0003:000016ac       ?internal_pst@?1??__mbrtoc32_utf8@__crt_mbstring@@YAIPA_UPBDIPAU_Mbstatet@@@Z@4U3@A 1002b6ac     libucrt:mbrtoc32.obj
 0003:000016b4       ?__acrt_app_type@@3W4_crt_app_type@@A 1002b6b4     libucrt:report_runtime_error.obj
 0003:000016bc       __pmatherr_set             1002b6bc     libucrt:libm_error.obj
 0004:00000220       $R000000                   1002c220     MICR.res
 0004:00000b98       $R000978                   1002cb98     MICR.res
 0004:00000c80       $R000A60                   1002cc80     MICR.res
 0004:00000ee8       $R000CC8                   1002cee8     MICR.res
 0004:00001420       $R001200                   1002d420     MICR.res
 0004:000040b0       $R003E90                   100300b0     MICR.res
 0004:000040d8       $R003EB8                   100300d8     MICR.res
