 OPOSSigCap

 Timestamp is 600f7aa5 (Tue Jan 26 11:12:53 2021)

 Preferred load address is 10000000

 Start         Length     Name                   Class
 0001:00000000 00000080H .text$di                CODE
 0001:00000080 0001e173H .text$mn                CODE
 0001:0001e1f3 0000003aH .text$x                 CODE
 0001:0001e22d 00000042H .text$yd                CODE
 0002:00000000 000002fcH .idata$5                DATA
 0002:000002fc 00000004H .00cfg                  DATA
 0002:00000300 00000004H .CRT$XCA                DATA
 0002:00000304 00000004H .CRT$XCL                DATA
 0002:00000308 00000010H .CRT$XCU                DATA
 0002:00000318 00000004H .CRT$XCZ                DATA
 0002:0000031c 00000004H .CRT$XIA                DATA
 0002:00000320 00000010H .CRT$XIC                DATA
 0002:00000330 00000004H .CRT$XIZ                DATA
 0002:00000334 00000004H .CRT$XLA                DATA
 0002:00000338 00000004H .CRT$XLZ                DATA
 0002:0000033c 00000004H .CRT$XPA                DATA
 0002:00000340 00000008H .CRT$XPX                DATA
 0002:00000348 00000004H .CRT$XPXA               DATA
 0002:0000034c 00000004H .CRT$XPZ                DATA
 0002:00000350 00000004H .CRT$XTA                DATA
 0002:00000354 0000000cH .CRT$XTZ                DATA
 0002:00000358 00000000H .gfids$y                DATA
 0002:00000360 000072e0H .rdata                  DATA
 0002:00007640 00000000H .rdata$CastGuardVftablesA DATA
 0002:00007640 00000000H .rdata$CastGuardVftablesC DATA
 0002:00007640 00000018H .rdata$T                DATA
 0002:00007658 00000178H .rdata$r                DATA
 0002:000077d0 0000001cH .rdata$sxdata           DATA
 0002:000077ec 000003dcH .rdata$zzzdbg           DATA
 0002:00007bc8 00000004H .rtc$IAA                DATA
 0002:00007bcc 00000004H .rtc$IZZ                DATA
 0002:00007bd0 00000004H .rtc$TAA                DATA
 0002:00007bd4 00000004H .rtc$TZZ                DATA
 0002:00007bd8 00000004H .tls                    DATA
 0002:00007bdc 00000004H .tls$                   DATA
 0002:00007be0 00000008H .tls$ZZZ                DATA
 0002:00007be8 0000062cH .xdata$x                DATA
 0002:00008214 00000004H ATL$__a                 DATA
 0002:00008218 00000008H ATL$__z                 DATA
 0002:00008220 000000a8H .edata                  DATA
 0002:000082c8 00000078H .idata$2                DATA
 0002:00008340 00000014H .idata$3                DATA
 0002:00008354 000002fcH .idata$4                DATA
 0002:00008650 00000bceH .idata$6                DATA
 0003:00000000 00000ab0H .data                   DATA
 0003:00000ab0 00000098H .data$r                 DATA
 0003:00000b48 00000b88H .bss                    DATA
 0004:00000000 00000220H .rsrc$01                DATA
 0004:00000220 00003f78H .rsrc$02                DATA

  Address         Publics by Value              Rva+Base       Lib:Object

 0000:00000000       ___guard_fids_count        00000000     <absolute>
 0000:00000000       ___guard_longjmp_table     00000000     <absolute>
 0000:00000000       ___guard_eh_cont_table     00000000     <absolute>
 0000:00000000       ___volatile_metadata       00000000     <absolute>
 0000:00000000       ___arm64x_extra_rfe_table  00000000     <absolute>
 0000:00000000       ___arm64x_redirection_metadata 00000000     <absolute>
 0000:00000000       ___guard_eh_cont_count     00000000     <absolute>
 0000:00000000       ___guard_iat_count         00000000     <absolute>
 0000:00000000       __except_list              00000000     <absolute>
 0000:00000000       ___hybrid_code_map_count   00000000     <absolute>
 0000:00000000       ___x64_code_ranges_to_entry_points_count 00000000     <absolute>
 0000:00000000       ___x64_code_ranges_to_entry_points 00000000     <absolute>
 0000:00000000       ___guard_iat_table         00000000     <absolute>
 0000:00000000       ___arm64x_native_entrypoint 00000000     <absolute>
 0000:00000000       ___hybrid_code_map         00000000     <absolute>
 0000:00000000       ___arm64x_extra_rfe_table_size 00000000     <absolute>
 0000:00000000       ___guard_longjmp_count     00000000     <absolute>
 0000:00000000       ___arm64x_redirection_metadata_count 00000000     <absolute>
 0000:00000000       ___hybrid_auxiliary_iat    00000000     <absolute>
 0000:00000000       ___dynamic_value_reloc_table 00000000     <absolute>
 0000:00000000       ___AbsoluteZero            00000000     <absolute>
 0000:00000000       ___enclave_config          00000000     <absolute>
 0000:00000000       ___guard_fids_table        00000000     <absolute>
 0000:00000007       ___safe_se_handler_count   00000007     <absolute>
 0000:0000002c       __tls_array                0000002c     <absolute>
 0000:00000100       ___guard_flags             00000100     <absolute>
 0000:00000000       ___ImageBase               10000000     <linker-defined>
 0001:00000080       ?DupWide@_CW@@AAEXXZ       10001080 f   CWString.obj
 0001:0000009c       ?cw_dup@@YGXPBDAAHAAPA_W1@Z 1000109c f   CWString.obj
 0001:00000124       ?cw_memcpy@@YGHPA_WPBDH@Z  10001124 f   CWString.obj
 0001:00000150       ?cw_strcpy@@YAHPA_WPBD@Z   10001150 f   CWString.obj
 0001:00000163       ?cw_strlen@@YAHPBD@Z       10001163 f   CWString.obj
 0001:0000017c       ??0CAtlComModule@ATL@@QAE@XZ 1000117c f i OposVariant.obj
 0001:000001c1       ??0CAtlWinModule@ATL@@QAE@XZ 100011c1 f i OposVariant.obj
 0001:000001f8       ??0OposDispParms@@QAE@PAVOposVariant@@H@Z 100011f8 f   OposVariant.obj
 0001:00000269       ??1OposDispParms@@QAE@XZ   10001269 f   OposVariant.obj
 0001:00000277       ??A?$CSimpleArray@GV?$CSimpleArrayEqualHelper@G@ATL@@@ATL@@QAEAAGH@Z 10001277 f i OposVariant.obj
 0001:0000029c       ??_Estringdispid@CComTypeInfoHolder@ATL@@QAEPAXI@Z 1000129c f i OposVariant.obj
 0001:00000308       ?AtlWinModuleInit@ATL@@YGJPAU_ATL_WIN_MODULE70@1@@Z 10001308 f i OposVariant.obj
 0001:0000032e       ?AtlWinModuleTerm@ATL@@YGJPAU_ATL_WIN_MODULE70@1@PAUHINSTANCE__@@@Z 1000132e f i OposVariant.obj
 0001:00000391       ?ChangeBSTR@OposVariant@@QAEXPAPA_WAAJ@Z 10001391 f   OposVariant.obj
 0001:000003d2       ?ChangeLONG@OposVariant@@QAEXPAJAAJ@Z 100013d2 f   OposVariant.obj
 0001:00000413       ?GetLONG@OposVariant@@QAEJXZ 10001413 f   OposVariant.obj
 0001:0000042e       ?Init@CComCriticalSection@ATL@@QAEJXZ 1000142e f i OposVariant.obj
 0001:00000456       ?RemoveAll@?$CSimpleArray@PAUHINSTANCE__@@V?$CSimpleArrayEqualHelper@PAUHINSTANCE__@@@ATL@@@ATL@@QAEXXZ 10001456 f i atls:atlbase.obj
 0001:00000456       ?RemoveAll@?$CSimpleArray@GV?$CSimpleArrayEqualHelper@G@ATL@@@ATL@@QAEXXZ 10001456 f i OposVariant.obj
 0001:00000473       ?SetBSTR@OposVariant@@QAEXPA_WAAJ@Z 10001473 f   OposVariant.obj
 0001:000004a7       ?SetBSTR_Copy@OposVariant@@QAEXPA_WAAJ@Z 100014a7 f   OposVariant.obj
 0001:000004f7       ?SetBSTR_InOutPtr@OposVariant@@QAE_NPAPA_WAAJ@Z 100014f7 f   OposVariant.obj
 0001:0000052e       ?SetDispatch_Ptr@OposVariant@@QAEXPAUIDispatch@@AAJ@Z 1000152e f   OposVariant.obj
 0001:00000569       ?SetLONG@OposVariant@@QAEXJ@Z 10001569 f   OposVariant.obj
 0001:0000058b       ?SetLONG_Ptr@OposVariant@@QAEXPAJAAJ@Z 1000158b f   OposVariant.obj
 0001:000005be       ?SetString@OposVariant@@QAEXPB_WAAJ@Z 100015be f   OposVariant.obj
 0001:00000604       ?SetVARIANT_BOOL@OposVariant@@QAEXF@Z 10001604 f   OposVariant.obj
 0001:0000062e       ?Term@CAtlComModule@ATL@@QAEXXZ 1000162e f i OposVariant.obj
 0001:00000678       ?_AtlRaiseException@ATL@@YAXKK@Z 10001678 f i OposVariant.obj
 0001:0000068d       ??_E?$CComObject@VCOPOSSigCap@@@ATL@@W3AEPAXI@Z 1000168d f i SigCap.obj
 0001:00000695       ??_E?$CComObject@VCOPOSSigCap@@@ATL@@WEM@AEPAXI@Z 10001695 f i SigCap.obj
 0001:0000069d       ?QueryInterface@?$CComObject@VCOPOSSigCap@@@ATL@@WHA@AGJABU_GUID@@PAPAX@Z 1000169d f i SigCap.obj
 0001:000006a7       ?AddRef@?$CComObject@VCOPOSSigCap@@@ATL@@WHA@AGKXZ 100016a7 f i SigCap.obj
 0001:000006b1       ?Release@?$CComObject@VCOPOSSigCap@@@ATL@@WHA@AGKXZ 100016b1 f i SigCap.obj
 0001:000006bb       ?QueryInterface@?$CComObject@VCOPOSSigCap@@@ATL@@WHE@AGJABU_GUID@@PAPAX@Z 100016bb f i SigCap.obj
 0001:000006c5       ?AddRef@?$CComObject@VCOPOSSigCap@@@ATL@@WHE@AGKXZ 100016c5 f i SigCap.obj
 0001:000006cf       ?Release@?$CComObject@VCOPOSSigCap@@@ATL@@WHE@AGKXZ 100016cf f i SigCap.obj
 0001:000006d9       ?QueryInterface@?$CComObject@VCOPOSSigCap@@@ATL@@WHI@AGJABU_GUID@@PAPAX@Z 100016d9 f i SigCap.obj
 0001:000006e3       ?AddRef@?$CComObject@VCOPOSSigCap@@@ATL@@WHI@AGKXZ 100016e3 f i SigCap.obj
 0001:000006ed       ?Release@?$CComObject@VCOPOSSigCap@@@ATL@@WHI@AGKXZ 100016ed f i SigCap.obj
 0001:000006f7       ?QueryInterface@?$CComObject@VCOPOSSigCap@@@ATL@@WHM@AGJABU_GUID@@PAPAX@Z 100016f7 f i SigCap.obj
 0001:00000701       ?AddRef@?$CComObject@VCOPOSSigCap@@@ATL@@WHM@AGKXZ 10001701 f i SigCap.obj
 0001:0000070b       ?Release@?$CComObject@VCOPOSSigCap@@@ATL@@WHM@AGKXZ 1000170b f i SigCap.obj
 0001:00000715       ?QueryInterface@?$CComObject@VCOPOSSigCap@@@ATL@@WIA@AGJABU_GUID@@PAPAX@Z 10001715 f i SigCap.obj
 0001:00000722       ?AddRef@?$CComObject@VCOPOSSigCap@@@ATL@@WIA@AGKXZ 10001722 f i SigCap.obj
 0001:0000072f       ?Release@?$CComObject@VCOPOSSigCap@@@ATL@@WIA@AGKXZ 1000172f f i SigCap.obj
 0001:0000073c       ?QueryInterface@?$CComObject@VCOPOSSigCap@@@ATL@@WIE@AGJABU_GUID@@PAPAX@Z 1000173c f i SigCap.obj
 0001:00000749       ?AddRef@?$CComObject@VCOPOSSigCap@@@ATL@@WIE@AGKXZ 10001749 f i SigCap.obj
 0001:00000756       ?Release@?$CComObject@VCOPOSSigCap@@@ATL@@WIE@AGKXZ 10001756 f i SigCap.obj
 0001:00000763       ?QueryInterface@?$CComObject@VCOPOSSigCap@@@ATL@@WII@AGJABU_GUID@@PAPAX@Z 10001763 f i SigCap.obj
 0001:00000770       ?AddRef@?$CComObject@VCOPOSSigCap@@@ATL@@WII@AGKXZ 10001770 f i SigCap.obj
 0001:0000077d       ?Release@?$CComObject@VCOPOSSigCap@@@ATL@@WII@AGKXZ 1000177d f i SigCap.obj
 0001:0000078a       ?QueryInterface@?$CComObject@VCOPOSSigCap@@@ATL@@WIM@AGJABU_GUID@@PAPAX@Z 1000178a f i SigCap.obj
 0001:00000797       ?AddRef@?$CComObject@VCOPOSSigCap@@@ATL@@WIM@AGKXZ 10001797 f i SigCap.obj
 0001:000007a4       ?Release@?$CComObject@VCOPOSSigCap@@@ATL@@WIM@AGKXZ 100017a4 f i SigCap.obj
 0001:000007b1       ?QueryInterface@?$CComObject@VCOPOSSigCap@@@ATL@@WJA@AGJABU_GUID@@PAPAX@Z 100017b1 f i SigCap.obj
 0001:000007be       ?AddRef@?$CComObject@VCOPOSSigCap@@@ATL@@WJA@AGKXZ 100017be f i SigCap.obj
 0001:000007cb       ?Release@?$CComObject@VCOPOSSigCap@@@ATL@@WJA@AGKXZ 100017cb f i SigCap.obj
 0001:000007d8       ?QueryInterface@?$CComObject@VCOPOSSigCap@@@ATL@@WJE@AGJABU_GUID@@PAPAX@Z 100017d8 f i SigCap.obj
 0001:000007e5       ?AddRef@?$CComObject@VCOPOSSigCap@@@ATL@@WJE@AGKXZ 100017e5 f i SigCap.obj
 0001:000007f2       ?Release@?$CComObject@VCOPOSSigCap@@@ATL@@WJE@AGKXZ 100017f2 f i SigCap.obj
 0001:000007ff       ?QueryInterface@?$CComObject@VCOPOSSigCap@@@ATL@@WJI@AGJABU_GUID@@PAPAX@Z 100017ff f i SigCap.obj
 0001:0000080c       ?AddRef@?$CComObject@VCOPOSSigCap@@@ATL@@WJI@AGKXZ 1000180c f i SigCap.obj
 0001:00000819       ?Release@?$CComObject@VCOPOSSigCap@@@ATL@@WJI@AGKXZ 10001819 f i SigCap.obj
 0001:00000826       ?QueryInterface@?$CComObject@VCOPOSSigCap@@@ATL@@WJM@AGJABU_GUID@@PAPAX@Z 10001826 f i SigCap.obj
 0001:00000833       ?AddRef@?$CComObject@VCOPOSSigCap@@@ATL@@WJM@AGKXZ 10001833 f i SigCap.obj
 0001:00000840       ?Release@?$CComObject@VCOPOSSigCap@@@ATL@@WJM@AGKXZ 10001840 f i SigCap.obj
 0001:0000084d       ?QueryInterface@?$CComObject@VCOPOSSigCap@@@ATL@@WKA@AGJABU_GUID@@PAPAX@Z 1000184d f i SigCap.obj
 0001:0000085a       ?AddRef@?$CComObject@VCOPOSSigCap@@@ATL@@WKA@AGKXZ 1000185a f i SigCap.obj
 0001:00000867       ?Release@?$CComObject@VCOPOSSigCap@@@ATL@@WKA@AGKXZ 10001867 f i SigCap.obj
 0001:00000874       ?AddRef@?$CComObject@VCOPOSSigCap@@@ATL@@WKI@AGKXZ 10001874 f i SigCap.obj
 0001:00000881       ?Release@?$CComObject@VCOPOSSigCap@@@ATL@@WKI@AGKXZ 10001881 f i SigCap.obj
 0001:0000088e       ?AddRef@?$CComObject@VCOPOSSigCap@@@ATL@@WLE@AGKXZ 1000188e f i SigCap.obj
 0001:0000089b       ?Release@?$CComObject@VCOPOSSigCap@@@ATL@@WLE@AGKXZ 1000189b f i SigCap.obj
 0001:000008a8       ??_E?$CComContainedObject@VCOPOSSigCap@@@ATL@@W3AEPAXI@Z 100018a8 f i SigCap.obj
 0001:000008b0       ??_E?$CComContainedObject@VCOPOSSigCap@@@ATL@@WEM@AEPAXI@Z 100018b0 f i SigCap.obj
 0001:000008b8       ?QueryInterface@?$CComContainedObject@VCOPOSSigCap@@@ATL@@WHA@AGJABU_GUID@@PAPAX@Z 100018b8 f i SigCap.obj
 0001:000008c2       ?AddRef@?$CComContainedObject@VCOPOSSigCap@@@ATL@@WHA@AGKXZ 100018c2 f i SigCap.obj
 0001:000008cc       ?Release@?$CComContainedObject@VCOPOSSigCap@@@ATL@@WHA@AGKXZ 100018cc f i SigCap.obj
 0001:000008d6       ?QueryInterface@?$CComContainedObject@VCOPOSSigCap@@@ATL@@WHE@AGJABU_GUID@@PAPAX@Z 100018d6 f i SigCap.obj
 0001:000008e0       ?AddRef@?$CComContainedObject@VCOPOSSigCap@@@ATL@@WHE@AGKXZ 100018e0 f i SigCap.obj
 0001:000008ea       ?Release@?$CComContainedObject@VCOPOSSigCap@@@ATL@@WHE@AGKXZ 100018ea f i SigCap.obj
 0001:000008f4       ?QueryInterface@?$CComContainedObject@VCOPOSSigCap@@@ATL@@WHI@AGJABU_GUID@@PAPAX@Z 100018f4 f i SigCap.obj
 0001:000008fe       ?AddRef@?$CComContainedObject@VCOPOSSigCap@@@ATL@@WHI@AGKXZ 100018fe f i SigCap.obj
 0001:00000908       ?Release@?$CComContainedObject@VCOPOSSigCap@@@ATL@@WHI@AGKXZ 10001908 f i SigCap.obj
 0001:00000912       ?QueryInterface@?$CComContainedObject@VCOPOSSigCap@@@ATL@@WHM@AGJABU_GUID@@PAPAX@Z 10001912 f i SigCap.obj
 0001:0000091c       ?AddRef@?$CComContainedObject@VCOPOSSigCap@@@ATL@@WHM@AGKXZ 1000191c f i SigCap.obj
 0001:00000926       ?Release@?$CComContainedObject@VCOPOSSigCap@@@ATL@@WHM@AGKXZ 10001926 f i SigCap.obj
 0001:00000930       ?QueryInterface@?$CComContainedObject@VCOPOSSigCap@@@ATL@@WIA@AGJABU_GUID@@PAPAX@Z 10001930 f i SigCap.obj
 0001:0000093d       ?AddRef@?$CComContainedObject@VCOPOSSigCap@@@ATL@@WIA@AGKXZ 1000193d f i SigCap.obj
 0001:0000094a       ?Release@?$CComContainedObject@VCOPOSSigCap@@@ATL@@WIA@AGKXZ 1000194a f i SigCap.obj
 0001:00000957       ?QueryInterface@?$CComContainedObject@VCOPOSSigCap@@@ATL@@WIE@AGJABU_GUID@@PAPAX@Z 10001957 f i SigCap.obj
 0001:00000964       ?AddRef@?$CComContainedObject@VCOPOSSigCap@@@ATL@@WIE@AGKXZ 10001964 f i SigCap.obj
 0001:00000971       ?Release@?$CComContainedObject@VCOPOSSigCap@@@ATL@@WIE@AGKXZ 10001971 f i SigCap.obj
 0001:0000097e       ?QueryInterface@?$CComContainedObject@VCOPOSSigCap@@@ATL@@WII@AGJABU_GUID@@PAPAX@Z 1000197e f i SigCap.obj
 0001:0000098b       ?AddRef@?$CComContainedObject@VCOPOSSigCap@@@ATL@@WII@AGKXZ 1000198b f i SigCap.obj
 0001:00000998       ?Release@?$CComContainedObject@VCOPOSSigCap@@@ATL@@WII@AGKXZ 10001998 f i SigCap.obj
 0001:000009a5       ?QueryInterface@?$CComContainedObject@VCOPOSSigCap@@@ATL@@WIM@AGJABU_GUID@@PAPAX@Z 100019a5 f i SigCap.obj
 0001:000009b2       ?AddRef@?$CComContainedObject@VCOPOSSigCap@@@ATL@@WIM@AGKXZ 100019b2 f i SigCap.obj
 0001:000009bf       ?Release@?$CComContainedObject@VCOPOSSigCap@@@ATL@@WIM@AGKXZ 100019bf f i SigCap.obj
 0001:000009cc       ?QueryInterface@?$CComContainedObject@VCOPOSSigCap@@@ATL@@WJA@AGJABU_GUID@@PAPAX@Z 100019cc f i SigCap.obj
 0001:000009d9       ?AddRef@?$CComContainedObject@VCOPOSSigCap@@@ATL@@WJA@AGKXZ 100019d9 f i SigCap.obj
 0001:000009e6       ?Release@?$CComContainedObject@VCOPOSSigCap@@@ATL@@WJA@AGKXZ 100019e6 f i SigCap.obj
 0001:000009f3       ?QueryInterface@?$CComContainedObject@VCOPOSSigCap@@@ATL@@WJE@AGJABU_GUID@@PAPAX@Z 100019f3 f i SigCap.obj
 0001:00000a00       ?AddRef@?$CComContainedObject@VCOPOSSigCap@@@ATL@@WJE@AGKXZ 10001a00 f i SigCap.obj
 0001:00000a0d       ?Release@?$CComContainedObject@VCOPOSSigCap@@@ATL@@WJE@AGKXZ 10001a0d f i SigCap.obj
 0001:00000a1a       ?QueryInterface@?$CComContainedObject@VCOPOSSigCap@@@ATL@@WJI@AGJABU_GUID@@PAPAX@Z 10001a1a f i SigCap.obj
 0001:00000a27       ?AddRef@?$CComContainedObject@VCOPOSSigCap@@@ATL@@WJI@AGKXZ 10001a27 f i SigCap.obj
 0001:00000a34       ?Release@?$CComContainedObject@VCOPOSSigCap@@@ATL@@WJI@AGKXZ 10001a34 f i SigCap.obj
 0001:00000a41       ?QueryInterface@?$CComContainedObject@VCOPOSSigCap@@@ATL@@WJM@AGJABU_GUID@@PAPAX@Z 10001a41 f i SigCap.obj
 0001:00000a4e       ?AddRef@?$CComContainedObject@VCOPOSSigCap@@@ATL@@WJM@AGKXZ 10001a4e f i SigCap.obj
 0001:00000a5b       ?Release@?$CComContainedObject@VCOPOSSigCap@@@ATL@@WJM@AGKXZ 10001a5b f i SigCap.obj
 0001:00000a68       ?QueryInterface@?$CComContainedObject@VCOPOSSigCap@@@ATL@@WKA@AGJABU_GUID@@PAPAX@Z 10001a68 f i SigCap.obj
 0001:00000a75       ?AddRef@?$CComContainedObject@VCOPOSSigCap@@@ATL@@WKA@AGKXZ 10001a75 f i SigCap.obj
 0001:00000a82       ?Release@?$CComContainedObject@VCOPOSSigCap@@@ATL@@WKA@AGKXZ 10001a82 f i SigCap.obj
 0001:00000a8f       ?AddRef@?$CComContainedObject@VCOPOSSigCap@@@ATL@@WKI@AGKXZ 10001a8f f i SigCap.obj
 0001:00000a9c       ?Release@?$CComContainedObject@VCOPOSSigCap@@@ATL@@WKI@AGKXZ 10001a9c f i SigCap.obj
 0001:00000aa9       ?AddRef@?$CComContainedObject@VCOPOSSigCap@@@ATL@@WLE@AGKXZ 10001aa9 f i SigCap.obj
 0001:00000ab6       ?Release@?$CComContainedObject@VCOPOSSigCap@@@ATL@@WLE@AGKXZ 10001ab6 f i SigCap.obj
 0001:00000ac3       ?CreateInstance@CComClassFactory@ATL@@UAGJPAUIUnknown@@ABU_GUID@@PAPAX@Z 10001ac3 f i SigCap.obj
 0001:00000b01       ?LockServer@CComClassFactory@ATL@@UAGJH@Z 10001b01 f i SigCap.obj
 0001:00000b20       ??_GCComClassFactory@ATL@@UAEPAXI@Z 10001b20 f i SigCap.obj
 0001:00000b20       ??_ECComClassFactory@ATL@@UAEPAXI@Z 10001b20 f i SigCap.obj
 0001:00000b4b       ?GetWindowProc@?$CWindowImplBaseT@VCWindow@ATL@@V?$CWinTraits@$0FGAAAAAA@$0A@@2@@ATL@@UAEP6GJPAUHWND__@@IIJ@ZXZ 10001b4b f i SigCap.obj
 0001:00000b51       ?StartWindowProc@?$CWindowImplBaseT@VCWindow@ATL@@V?$CWinTraits@$0FGAAAAAA@$0A@@2@@ATL@@SGJPAUHWND__@@IIJ@Z 10001b51 f i SigCap.obj
 0001:00000ba5       ?OnFinalMessage@?$CWindowImplBaseT@VCWindow@ATL@@V?$CWinTraits@$0FGAAAAAA@$0A@@2@@ATL@@UAEXPAUHWND__@@@Z 10001ba5 f i SigCap.obj
 0001:00000ba5       ?ObjectMain@CComObjectRootBase@ATL@@SGX_N@Z 10001ba5 f i SigCap.obj
 0001:00000ba8       ?GetTypeInfoCount@?$IDispatchImpl@UIOPOSSigCap@@$1?IID_IOPOSSigCap@@3U_GUID@@B$1?LIBID_OposSigCap_CCO@@3U3@B$00$0A@VCComTypeInfoHolder@ATL@@@ATL@@UAGJPAI@Z 10001ba8 f i SigCap.obj
 0001:00000bc5       ?GetTypeInfo@?$IDispatchImpl@UIOPOSSigCap@@$1?IID_IOPOSSigCap@@3U_GUID@@B$1?LIBID_OposSigCap_CCO@@3U3@B$00$0A@VCComTypeInfoHolder@ATL@@@ATL@@UAGJIKPAPAUITypeInfo@@@Z 10001bc5 f i SigCap.obj
 0001:00000be9       ?GetIDsOfNames@?$IDispatchImpl@UIOPOSSigCap@@$1?IID_IOPOSSigCap@@3U_GUID@@B$1?LIBID_OposSigCap_CCO@@3U3@B$00$0A@VCComTypeInfoHolder@ATL@@@ATL@@UAGJABU_GUID@@PAPA_WIKPAJ@Z 10001be9 f i SigCap.obj
 0001:00000c09       ?Invoke@?$IDispatchImpl@UIOPOSSigCap@@$1?IID_IOPOSSigCap@@3U_GUID@@B$1?LIBID_OposSigCap_CCO@@3U3@B$00$0A@VCComTypeInfoHolder@ATL@@@ATL@@UAGJJABU_GUID@@KGPAUtagDISPPARAMS@@PAUtagVARIANT@@PAUtagEXCEPINFO@@PAI@Z 10001c09 f i SigCap.obj
 0001:00000c17       ?CreateControlWindow@?$CComControl@VCOPOSSigCap@@V?$CWindowImpl@VCOPOSSigCap@@VCWindow@ATL@@V?$CWinTraits@$0FGAAAAAA@$0A@@3@@ATL@@@ATL@@UAEPAUHWND__@@PAU3@AAUtagRECT@@@Z 10001c17 f i SigCap.obj
 0001:00000c46       ?ControlQueryInterface@?$CComControl@VCOPOSSigCap@@V?$CWindowImpl@VCOPOSSigCap@@VCWindow@ATL@@V?$CWinTraits@$0FGAAAAAA@$0A@@3@@ATL@@@ATL@@UAEJABU_GUID@@PAPAX@Z 10001c46 f i SigCap.obj
 0001:00000c61       ?GetClassID@?$IPersistStreamInitImpl@VCOPOSSigCap@@@ATL@@UAGJPAU_GUID@@@Z 10001c61 f i SigCap.obj
 0001:00000c61       ?GetClassID@?$IPersistStorageImpl@VCOPOSSigCap@@@ATL@@UAGJPAU_GUID@@@Z 10001c61 f i SigCap.obj
 0001:00000c61       ?GetUserClassID@?$IOleObjectImpl@VCOPOSSigCap@@@ATL@@UAGJPAU_GUID@@@Z 10001c61 f i SigCap.obj
 0001:00000c85       ?IsDirty@?$IPersistStreamInitImpl@VCOPOSSigCap@@@ATL@@UAGJXZ 10001c85 f i SigCap.obj
 0001:00000ca4       ?Load@?$IPersistStreamInitImpl@VCOPOSSigCap@@@ATL@@UAGJPAUIStream@@@Z 10001ca4 f i SigCap.obj
 0001:00000cc3       ?Save@?$IPersistStreamInitImpl@VCOPOSSigCap@@@ATL@@UAGJPAUIStream@@H@Z 10001cc3 f i SigCap.obj
 0001:00000ce5       ?GetSizeMax@?$IPersistStreamInitImpl@VCOPOSSigCap@@@ATL@@UAGJPAT_ULARGE_INTEGER@@@Z 10001ce5 f i SigCap.obj
 0001:00000ec4       ?InitNew@?$IPersistStreamInitImpl@VCOPOSSigCap@@@ATL@@UAGJXZ 10001ec4 f i SigCap.obj
 0001:00000ee1       ?ContextSensitiveHelp@?$IOleInPlaceActiveObjectImpl@VCOPOSSigCap@@@ATL@@UAGJH@Z 10001ee1 f i SigCap.obj
 0001:00000ee1       ?QueryGetData@?$IDataObjectImpl@VCOPOSSigCap@@@ATL@@UAGJPAUtagFORMATETC@@@Z 10001ee1 f i SigCap.obj
 0001:00000ee1       ?OnMnemonic@?$IOleControlImpl@VCOPOSSigCap@@@ATL@@UAGJPAUtagMSG@@@Z 10001ee1 f i SigCap.obj
 0001:00000ee1       ?GetControlInfo@?$IOleControlImpl@VCOPOSSigCap@@@ATL@@UAGJPAUtagCONTROLINFO@@@Z 10001ee1 f i SigCap.obj
 0001:00000ee1       ?SOOutputCompleteDummy@COPOSSigCap@@MAGJJ@Z 10001ee1 f i SigCap.obj
 0001:00000ee1       ?GetDropTarget@?$IOleInPlaceObjectWindowlessImpl@VCOPOSSigCap@@@ATL@@UAGJPAPAUIDropTarget@@@Z 10001ee1 f i SigCap.obj
 0001:00000ee1       ?ContextSensitiveHelp@?$IOleInPlaceObjectWindowlessImpl@VCOPOSSigCap@@@ATL@@UAGJH@Z 10001ee1 f i SigCap.obj
 0001:00000ee1       ?Unfreeze@?$IViewObjectExImpl@VCOPOSSigCap@@@ATL@@UAGJK@Z 10001ee1 f i SigCap.obj
 0001:00000ee1       ?SetColorScheme@?$IOleObjectImpl@VCOPOSSigCap@@@ATL@@UAGJPAUtagLOGPALETTE@@@Z 10001ee1 f i SigCap.obj
 0001:00000ee9       ?SaveCompleted@?$IPersistStorageImpl@VCOPOSSigCap@@@ATL@@UAGJPAUIStorage@@@Z 10001ee9 f i SigCap.obj
 0001:00000ee9       ?OnFrameWindowActivate@?$IOleInPlaceActiveObjectImpl@VCOPOSSigCap@@@ATL@@UAGJH@Z 10001ee9 f i SigCap.obj
 0001:00000ee9       ?EnableModeless@?$IOleInPlaceActiveObjectImpl@VCOPOSSigCap@@@ATL@@UAGJH@Z 10001ee9 f i SigCap.obj
 0001:00000ee9       ?OnAmbientPropertyChange@?$IOleControlImpl@VCOPOSSigCap@@@ATL@@UAGJJ@Z 10001ee9 f i SigCap.obj
 0001:00000eee       ?SetClientSite@?$IOleObjectImpl@VCOPOSSigCap@@@ATL@@UAGJPAUIOleClientSite@@@Z 10001eee f i SigCap.obj
 0001:00000f0b       ?GetClientSite@?$IOleObjectImpl@VCOPOSSigCap@@@ATL@@UAGJPAPAUIOleClientSite@@@Z 10001f0b f i SigCap.obj
 0001:00000f28       ?SetHostNames@?$IOleObjectImpl@VCOPOSSigCap@@@ATL@@UAGJPB_W0@Z 10001f28 f i SigCap.obj
 0001:00000f2d       ?Close@?$IOleObjectImpl@VCOPOSSigCap@@@ATL@@UAGJK@Z 10001f2d f i SigCap.obj
 0001:00000f4a       ?GetRect@?$IViewObjectExImpl@VCOPOSSigCap@@@ATL@@UAGJKPAU_RECTL@@@Z 10001f4a f i SigCap.obj
 0001:00000f4a       ?GetClipboardData@?$IOleObjectImpl@VCOPOSSigCap@@@ATL@@UAGJKPAPAUIDataObject@@@Z 10001f4a f i SigCap.obj
 0001:00000f4a       ?GetCanonicalFormatEtc@?$IDataObjectImpl@VCOPOSSigCap@@@ATL@@UAGJPAUtagFORMATETC@@0@Z 10001f4a f i SigCap.obj
 0001:00000f4a       ?EnumFormatEtc@?$IDataObjectImpl@VCOPOSSigCap@@@ATL@@UAGJKPAPAUIEnumFORMATETC@@@Z 10001f4a f i SigCap.obj
 0001:00000f4a       ?SetMoniker@?$IOleObjectImpl@VCOPOSSigCap@@@ATL@@UAGJKPAUIMoniker@@@Z 10001f4a f i SigCap.obj
 0001:00000f4a       ?GetDataHere@?$IDataObjectImpl@VCOPOSSigCap@@@ATL@@UAGJPAUtagFORMATETC@@PAUtagSTGMEDIUM@@@Z 10001f4a f i SigCap.obj
 0001:00000f4a       ?QueryInterface@CRegObject@ATL@@UAGJABU_GUID@@PAPAX@Z 10001f4a f i SigCap.obj
 0001:00000f52       ?SetData@?$IDataObjectImpl@VCOPOSSigCap@@@ATL@@UAGJPAUtagFORMATETC@@PAUtagSTGMEDIUM@@H@Z 10001f52 f i SigCap.obj
 0001:00000f52       ?InitFromData@?$IOleObjectImpl@VCOPOSSigCap@@@ATL@@UAGJPAUIDataObject@@HK@Z 10001f52 f i SigCap.obj
 0001:00000f52       ?GetMoniker@?$IOleObjectImpl@VCOPOSSigCap@@@ATL@@UAGJKKPAPAUIMoniker@@@Z 10001f52 f i SigCap.obj
 0001:00000f5a       ?DoVerb@?$IOleObjectImpl@VCOPOSSigCap@@@ATL@@UAGJJPAUtagMSG@@PAUIOleClientSite@@JPAUHWND__@@PBUtagRECT@@@Z 10001f5a f i SigCap.obj
 0001:0000104e       ?EnumVerbs@?$IOleObjectImpl@VCOPOSSigCap@@@ATL@@UAGJPAPAUIEnumOLEVERB@@@Z 1000204e f i SigCap.obj
 0001:00001070       ?Release@CRegObject@ATL@@UAGKXZ 10002070 f i SigCap.obj
 0001:00001070       ?HandsOffStorage@?$IPersistStorageImpl@VCOPOSSigCap@@@ATL@@UAGJXZ 10002070 f i SigCap.obj
 0001:00001070       ?IsUpToDate@?$IOleObjectImpl@VCOPOSSigCap@@@ATL@@UAGJXZ 10002070 f i SigCap.obj
 0001:00001070       ?Update@?$IOleObjectImpl@VCOPOSSigCap@@@ATL@@UAGJXZ 10002070 f i SigCap.obj
 0001:00001075       ?GetUserType@?$IOleObjectImpl@VCOPOSSigCap@@@ATL@@UAGJKPAPA_W@Z 10002075 f i SigCap.obj
 0001:0000108d       ?SetExtent@?$IOleObjectImpl@VCOPOSSigCap@@@ATL@@UAGJKPAUtagSIZE@@@Z 1000208d f i SigCap.obj
 0001:000010ad       ?GetExtent@?$IOleObjectImpl@VCOPOSSigCap@@@ATL@@UAGJKPAUtagSIZE@@@Z 100020ad f i SigCap.obj
 0001:000010eb       ?Advise@?$IOleObjectImpl@VCOPOSSigCap@@@ATL@@UAGJPAUIAdviseSink@@PAK@Z 100020eb f i SigCap.obj
 0001:0000110b       ?Unadvise@?$IOleObjectImpl@VCOPOSSigCap@@@ATL@@UAGJK@Z 1000210b f i SigCap.obj
 0001:0000113a       ?EnumAdvise@?$IOleObjectImpl@VCOPOSSigCap@@@ATL@@UAGJPAPAUIEnumSTATDATA@@@Z 1000213a f i SigCap.obj
 0001:0000117a       ?GetMiscStatus@?$IOleObjectImpl@VCOPOSSigCap@@@ATL@@UAGJKPAK@Z 1000217a f i SigCap.obj
 0001:00001192       ?GetWindow@?$IOleInPlaceActiveObjectImpl@VCOPOSSigCap@@@ATL@@UAGJPAPAUHWND__@@@Z 10002192 f i SigCap.obj
 0001:000011df       ?TranslateAcceleratorW@?$IOleInPlaceActiveObjectImpl@VCOPOSSigCap@@@ATL@@UAGJPAUtagMSG@@@Z 100021df f i SigCap.obj
 0001:0000128d       ?OnDocWindowActivate@?$IOleInPlaceActiveObjectImpl@VCOPOSSigCap@@@ATL@@UAGJH@Z 1000228d f i SigCap.obj
 0001:000012af       ?ResizeBorder@?$IOleInPlaceActiveObjectImpl@VCOPOSSigCap@@@ATL@@UAGJPBUtagRECT@@PAUIOleInPlaceUIWindow@@H@Z 100022af f i SigCap.obj
 0001:000012b4       ?Draw@?$IViewObjectExImpl@VCOPOSSigCap@@@ATL@@UAGJKJPAXPAUtagDVTARGETDEVICE@@PAUHDC__@@2PBU_RECTL@@3P6GHK@ZK@Z 100022b4 f i SigCap.obj
 0001:000012e6       ?GetColorSet@?$IViewObjectExImpl@VCOPOSSigCap@@@ATL@@UAGJKJPAXPAUtagDVTARGETDEVICE@@PAUHDC__@@PAPAUtagLOGPALETTE@@@Z 100022e6 f i SigCap.obj
 0001:000012ee       ?Freeze@?$IViewObjectExImpl@VCOPOSSigCap@@@ATL@@UAGJKJPAXPAK@Z 100022ee f i SigCap.obj
 0001:000012f6       ?SetAdvise@?$IViewObjectExImpl@VCOPOSSigCap@@@ATL@@UAGJKKPAUIAdviseSink@@@Z 100022f6 f i SigCap.obj
 0001:00001315       ?GetAdvise@?$IViewObjectExImpl@VCOPOSSigCap@@@ATL@@UAGJPAK0PAPAUIAdviseSink@@@Z 10002315 f i SigCap.obj
 0001:0000134a       ?GetExtent@?$IViewObjectExImpl@VCOPOSSigCap@@@ATL@@UAGJKJPAUtagDVTARGETDEVICE@@PAUtagSIZE@@@Z 1000234a f i SigCap.obj
 0001:0000137b       ?GetViewStatus@?$IViewObjectExImpl@VCOPOSSigCap@@@ATL@@UAGJPAK@Z 1000237b f i SigCap.obj
 0001:00001398       ?QueryHitPoint@?$IViewObjectExImpl@VCOPOSSigCap@@@ATL@@UAGJKPBUtagRECT@@UtagPOINT@@JPAK@Z 10002398 f i SigCap.obj
 0001:000013d9       ?QueryHitRect@?$IViewObjectExImpl@VCOPOSSigCap@@@ATL@@UAGJKPBUtagRECT@@0JPAK@Z 100023d9 f i SigCap.obj
 0001:00001434       ?GetNaturalExtent@?$IViewObjectExImpl@VCOPOSSigCap@@@ATL@@UAGJKJPAUtagDVTARGETDEVICE@@PAUHDC__@@PAUtagExtentInfo@@PAUtagSIZE@@@Z 10002434 f i SigCap.obj
 0001:0000147f       ?GetWindow@?$IOleInPlaceObjectWindowlessImpl@VCOPOSSigCap@@@ATL@@UAGJPAPAUHWND__@@@Z 1000247f f i SigCap.obj
 0001:000014cc       ?InPlaceDeactivate@?$IOleInPlaceObjectWindowlessImpl@VCOPOSSigCap@@@ATL@@UAGJXZ 100024cc f i SigCap.obj
 0001:000014e6       ?UIDeactivate@?$IOleInPlaceObjectWindowlessImpl@VCOPOSSigCap@@@ATL@@UAGJXZ 100024e6 f i SigCap.obj
 0001:00001500       ?SetObjectRects@?$IOleInPlaceObjectWindowlessImpl@VCOPOSSigCap@@@ATL@@UAGJPBUtagRECT@@0@Z 10002500 f i SigCap.obj
 0001:00001520       ?ReactivateAndUndo@?$IOleInPlaceObjectWindowlessImpl@VCOPOSSigCap@@@ATL@@UAGJXZ 10002520 f i SigCap.obj
 0001:00001528       ?OnWindowMessage@?$IOleInPlaceObjectWindowlessImpl@VCOPOSSigCap@@@ATL@@UAGJIIJPAJ@Z 10002528 f i SigCap.obj
 0001:00001598       ?EnumConnectionPoints@?$IConnectionPointContainerImpl@VCOPOSSigCap@@@ATL@@UAGJPAPAUIEnumConnectionPoints@@@Z 10002598 f i SigCap.obj
 0001:00001724       ?FindConnectionPoint@?$IConnectionPointContainerImpl@VCOPOSSigCap@@@ATL@@UAGJABU_GUID@@PAPAUIConnectionPoint@@@Z 10002724 f i SigCap.obj
 0001:000017c7       ?IsDirty@?$IPersistStorageImpl@VCOPOSSigCap@@@ATL@@UAGJXZ 100027c7 f i SigCap.obj
 0001:000017f7       ?InitNew@?$IPersistStorageImpl@VCOPOSSigCap@@@ATL@@UAGJPAUIStorage@@@Z 100027f7 f i SigCap.obj
 0001:00001827       ?Load@?$IPersistStorageImpl@VCOPOSSigCap@@@ATL@@UAGJPAUIStorage@@@Z 10002827 f i SigCap.obj
 0001:00001893       ?Save@?$IPersistStorageImpl@VCOPOSSigCap@@@ATL@@UAGJPAUIStorage@@H@Z 10002893 f i SigCap.obj
 0001:00001906       ?GetPages@?$ISpecifyPropertyPagesImpl@VCOPOSSigCap@@@ATL@@UAGJPAUtagCAUUID@@@Z 10002906 f i SigCap.obj
 0001:0000191d       ?QuickActivate@?$IQuickActivateImpl@VCOPOSSigCap@@@ATL@@UAGJPAUtagQACONTAINER@@PAUtagQACONTROL@@@Z 1000291d f i SigCap.obj
 0001:00001940       ?SetContentExtent@?$IQuickActivateImpl@VCOPOSSigCap@@@ATL@@UAGJPAUtagSIZE@@@Z 10002940 f i SigCap.obj
 0001:0000196c       ?GetContentExtent@?$IQuickActivateImpl@VCOPOSSigCap@@@ATL@@UAGJPAUtagSIZE@@@Z 1000296c f i SigCap.obj
 0001:000019a8       ?GetData@?$IDataObjectImpl@VCOPOSSigCap@@@ATL@@UAGJPAUtagFORMATETC@@PAUtagSTGMEDIUM@@@Z 100029a8 f i SigCap.obj
 0001:000019cb       ?DAdvise@?$IDataObjectImpl@VCOPOSSigCap@@@ATL@@UAGJPAUtagFORMATETC@@KPAUIAdviseSink@@PAK@Z 100029cb f i SigCap.obj
 0001:00001a0c       ?DUnadvise@?$IDataObjectImpl@VCOPOSSigCap@@@ATL@@UAGJK@Z 10002a0c f i SigCap.obj
 0001:00001a3a       ?EnumDAdvise@?$IDataObjectImpl@VCOPOSSigCap@@@ATL@@UAGJPAPAUIEnumSTATDATA@@@Z 10002a3a f i SigCap.obj
 0001:00001a79       ?GetClassInfoW@?$IProvideClassInfo2Impl@$1?CLSID_OPOSSigCap@@3U_GUID@@B$1?DIID__IOPOSSigCapEvents@@3U2@B$1?LIBID_OposSigCap_CCO@@3U2@B$00$0A@VCComTypeInfoHolder@ATL@@@ATL@@UAGJPAPAUITypeInfo@@@Z 10002a79 f i SigCap.obj
 0001:00001a8f       ?GetGUID@?$IProvideClassInfo2Impl@$1?CLSID_OPOSSigCap@@3U_GUID@@B$1?DIID__IOPOSSigCapEvents@@3U2@B$1?LIBID_OposSigCap_CCO@@3U2@B$00$0A@VCComTypeInfoHolder@ATL@@@ATL@@UAGJKPAU_GUID@@@Z 10002a8f f i SigCap.obj
 0001:00001acd       ?FAccessAllowed@?$IObjectSafetyImpl@VCOPOSSigCap@@$02@ATL@@MAEHXZ 10002acd f i SigCap.obj
 0001:00001acd       __get_startup_argv_mode    10002acd f i LIBCMT:argv_mode.obj
 0001:00001ad1       ?GetInterfaceSafetyOptions@?$IObjectSafetyImpl@VCOPOSSigCap@@$02@ATL@@UAGJABU_GUID@@PAK1@Z 10002ad1 f i SigCap.obj
 0001:00001b45       ?SetInterfaceSafetyOptions@?$IObjectSafetyImpl@VCOPOSSigCap@@$02@ATL@@UAGJABU_GUID@@KK@Z 10002b45 f i SigCap.obj
 0001:00001bbf       ?_LocCPQueryInterface@?$IConnectionPointImpl@VCOPOSSigCap@@$1?DIID__IOPOSSigCapEvents@@3U_GUID@@BVCComDynamicUnkArray@ATL@@@ATL@@UAGJABU_GUID@@PAPAX@Z 10002bbf f i SigCap.obj
 0001:00001bbf       ?_LocCPQueryInterface@?$IConnectionPointImpl@VCOPOSSigCap@@$1?IID_IPropertyNotifySink@@3U_GUID@@BVCComDynamicUnkArray@ATL@@@ATL@@UAGJABU_GUID@@PAPAX@Z 10002bbf f i SigCap.obj
 0001:00001c0c       ?GetConnectionInterface@?$IConnectionPointImpl@VCOPOSSigCap@@$1?IID_IPropertyNotifySink@@3U_GUID@@BVCComDynamicUnkArray@ATL@@@ATL@@UAGJPAU_GUID@@@Z 10002c0c f i SigCap.obj
 0001:00001c30       ?GetConnectionPointContainer@?$IConnectionPointImpl@VCOPOSSigCap@@$1?IID_IPropertyNotifySink@@3U_GUID@@BVCComDynamicUnkArray@ATL@@@ATL@@UAGJPAPAUIConnectionPointContainer@@@Z 10002c30 f i SigCap.obj
 0001:00001c53       ?Advise@?$IConnectionPointImpl@VCOPOSSigCap@@$1?IID_IPropertyNotifySink@@3U_GUID@@BVCComDynamicUnkArray@ATL@@@ATL@@UAGJPAUIUnknown@@PAK@Z 10002c53 f i SigCap.obj
 0001:00001c53       ?Advise@?$IConnectionPointImpl@VCOPOSSigCap@@$1?DIID__IOPOSSigCapEvents@@3U_GUID@@BVCComDynamicUnkArray@ATL@@@ATL@@UAGJPAUIUnknown@@PAK@Z 10002c53 f i SigCap.obj
 0001:00001cf3       ?Unadvise@?$IConnectionPointImpl@VCOPOSSigCap@@$1?DIID__IOPOSSigCapEvents@@3U_GUID@@BVCComDynamicUnkArray@ATL@@@ATL@@UAGJK@Z 10002cf3 f i SigCap.obj
 0001:00001cf3       ?Unadvise@?$IConnectionPointImpl@VCOPOSSigCap@@$1?IID_IPropertyNotifySink@@3U_GUID@@BVCComDynamicUnkArray@ATL@@@ATL@@UAGJK@Z 10002cf3 f i SigCap.obj
 0001:00001d33       ?EnumConnections@?$IConnectionPointImpl@VCOPOSSigCap@@$1?DIID__IOPOSSigCapEvents@@3U_GUID@@BVCComDynamicUnkArray@ATL@@@ATL@@UAGJPAPAUIEnumConnections@@@Z 10002d33 f i SigCap.obj
 0001:00001d33       ?EnumConnections@?$IConnectionPointImpl@VCOPOSSigCap@@$1?IID_IPropertyNotifySink@@3U_GUID@@BVCComDynamicUnkArray@ATL@@@ATL@@UAGJPAPAUIEnumConnections@@@Z 10002d33 f i SigCap.obj
 0001:00001e2e       ?GetObjectDescription@?$CComCoClass@VCOPOSSigCap@@$1?CLSID_OPOSSigCap@@3U_GUID@@B@ATL@@SGPB_WXZ 10002e2e f i SigCap.obj
 0001:00001e2e       ?GetCategoryMap@CComObjectRootBase@ATL@@SAPBU_ATL_CATMAP_ENTRY@2@XZ 10002e2e f i SigCap.obj
 0001:00001e31       ?GetConnectionInterface@?$IConnectionPointImpl@VCOPOSSigCap@@$1?DIID__IOPOSSigCapEvents@@3U_GUID@@BVCComDynamicUnkArray@ATL@@@ATL@@UAGJPAU_GUID@@@Z 10002e31 f i SigCap.obj
 0001:00001e55       ?GetConnectionPointContainer@?$IConnectionPointImpl@VCOPOSSigCap@@$1?DIID__IOPOSSigCapEvents@@3U_GUID@@BVCComDynamicUnkArray@ATL@@@ATL@@UAGJPAPAUIConnectionPointContainer@@@Z 10002e55 f i SigCap.obj
 0001:00001e78       ?UpdateRegistry@COPOSSigCap@@SGJH@Z 10002e78 f i SigCap.obj
 0001:00001e90       ?ProcessWindowMessage@COPOSSigCap@@UAEHPAUHWND__@@IIJAAJK@Z 10002e90 f i SigCap.obj
 0001:00001ed9       ?Lock@CAtlModule@ATL@@UAEJXZ 10002ed9 f i SigCap.obj
 0001:00001ee3       ?Unlock@CAtlModule@ATL@@UAEJXZ 10002ee3 f i SigCap.obj
 0001:00001eed       ?GetLockCount@CAtlModule@ATL@@UAEJXZ 10002eed f i SigCap.obj
 0001:00001ef1       ?GetGITPtr@CAtlModule@ATL@@UAEJPAPAUIGlobalInterfaceTable@@@Z 10002ef1 f i SigCap.obj
 0001:00001f3d       ?SOData@COPOSSigCap@@MAGJJ@Z 10002f3d f i SigCap.obj
 0001:00001f76       ?SODirectIO@COPOSSigCap@@MAGJJPAJPAPA_W@Z 10002f76 f i SigCap.obj
 0001:00001fbf       ?SOError@COPOSSigCap@@MAGJJJJPAJ@Z 10002fbf f i SigCap.obj
 0001:00002014       ?SOStatusUpdate@COPOSSigCap@@MAGJJ@Z 10003014 f i SigCap.obj
 0001:0000204d       ?AddCommonRGSReplacements@?$CAtlModuleT@VCComModule@ATL@@@ATL@@UAEJPAUIRegistrarBase@@@Z 1000304d f i SigCap.obj
 0001:00002067       ?UpdateRegistryFromResourceD@CComModule@ATL@@UAGJPB_WHPAU_ATL_REGMAP_ENTRY@2@@Z 10003067 f i SigCap.obj
 0001:00002067       ?UpdateRegistryFromResourceD@CComModule@ATL@@UAGJIHPAU_ATL_REGMAP_ENTRY@2@@Z 10003067 f i SigCap.obj
 0001:0000206f       ?UpdateRegistryFromResource@CComModule@ATL@@UAGJPB_WHPAU_ATL_REGMAP_ENTRY@2@@Z 1000306f f i SigCap.obj
 0001:00002078       ?UpdateRegistryFromResource@CComModule@ATL@@UAGJIHPAU_ATL_REGMAP_ENTRY@2@@Z 10003078 f i SigCap.obj
 0001:00002081       ??_GCComModule@ATL@@UAEPAXI@Z 10003081 f i SigCap.obj
 0001:00002081       ??_ECComModule@ATL@@UAEPAXI@Z 10003081 f i SigCap.obj
 0001:000020a9       ?CreateInstance@?$CComCreator@V?$CComObjectCached@VCComClassFactory@ATL@@@ATL@@@ATL@@SGJPAXABU_GUID@@PAPAX@Z 100030a9 f i SigCap.obj
 0001:00002149       ?CreateInstance@?$CComCreator2@V?$CComCreator@V?$CComObject@VCOPOSSigCap@@@ATL@@@ATL@@V?$CComCreator@V?$CComAggObject@VCOPOSSigCap@@@ATL@@@2@@ATL@@SGJPAXABU_GUID@@PAPAX@Z 10003149 f i SigCap.obj
 0001:00002169       ?AddRef@?$CComObjectCached@VCComClassFactory@ATL@@@ATL@@UAGKXZ 10003169 f i SigCap.obj
 0001:00002190       ?Release@?$CComObjectCached@VCComClassFactory@ATL@@@ATL@@UAGKXZ 10003190 f i SigCap.obj
 0001:000021c6       ?QueryInterface@?$CComObjectCached@VCComClassFactory@ATL@@@ATL@@UAGJABU_GUID@@PAPAX@Z 100031c6 f i SigCap.obj
 0001:000021e0       ??_G?$CComObjectCached@VCComClassFactory@ATL@@@ATL@@UAEPAXI@Z 100031e0 f i SigCap.obj
 0001:000021e0       ??_E?$CComObjectCached@VCComClassFactory@ATL@@@ATL@@UAEPAXI@Z 100031e0 f i SigCap.obj
 0001:00002202       ?Next@?$CComEnumImpl@UIEnumConnectionPoints@@$1?_GUID_b196b285_bab4_101a_b69c_00aa00341d07@@3U__s_GUID@@BPAUIConnectionPoint@@V?$_CopyInterface@UIConnectionPoint@@@ATL@@@ATL@@UAGJKPAPAUIConnectionPoint@@PAK@Z 10003202 f i SigCap.obj
 0001:000022d9       ?Skip@?$CComEnumImpl@UIEnumConnectionPoints@@$1?_GUID_b196b285_bab4_101a_b69c_00aa00341d07@@3U__s_GUID@@BPAUIConnectionPoint@@V?$_CopyInterface@UIConnectionPoint@@@ATL@@@ATL@@UAGJK@Z 100032d9 f i SigCap.obj
 0001:00002306       ?Reset@?$CComEnumImpl@UIEnumConnections@@$1?_GUID_b196b287_bab4_101a_b69c_00aa00341d07@@3U__s_GUID@@BUtagCONNECTDATA@@V?$_Copy@UtagCONNECTDATA@@@ATL@@@ATL@@UAGJXZ 10003306 f i SigCap.obj
 0001:00002306       ?Reset@?$CComEnumImpl@UIEnumConnectionPoints@@$1?_GUID_b196b285_bab4_101a_b69c_00aa00341d07@@3U__s_GUID@@BPAUIConnectionPoint@@V?$_CopyInterface@UIConnectionPoint@@@ATL@@@ATL@@UAGJXZ 10003306 f i SigCap.obj
 0001:00002318       ?Clone@?$CComEnumImpl@UIEnumConnectionPoints@@$1?_GUID_b196b285_bab4_101a_b69c_00aa00341d07@@3U__s_GUID@@BPAUIConnectionPoint@@V?$_CopyInterface@UIConnectionPoint@@@ATL@@@ATL@@UAGJPAPAUIEnumConnectionPoints@@@Z 10003318 f i SigCap.obj
 0001:000023f9       ?AddRef@?$CComObject@V?$CComEnum@UIEnumConnections@@$1?_GUID_b196b287_bab4_101a_b69c_00aa00341d07@@3U__s_GUID@@BUtagCONNECTDATA@@V?$_Copy@UtagCONNECTDATA@@@ATL@@VCComSingleThreadModel@6@@ATL@@@ATL@@UAGKXZ 100033f9 f i SigCap.obj
 0001:000023f9       ?AddRef@?$CComObject@V?$CComEnum@UIEnumConnectionPoints@@$1?_GUID_b196b285_bab4_101a_b69c_00aa00341d07@@3U__s_GUID@@BPAUIConnectionPoint@@V?$_CopyInterface@UIConnectionPoint@@@ATL@@VCComSingleThreadModel@6@@ATL@@@ATL@@UAGKXZ 100033f9 f i SigCap.obj
 0001:0000240a       ?Release@?$CComObject@V?$CComEnum@UIEnumConnections@@$1?_GUID_b196b287_bab4_101a_b69c_00aa00341d07@@3U__s_GUID@@BUtagCONNECTDATA@@V?$_Copy@UtagCONNECTDATA@@@ATL@@VCComSingleThreadModel@6@@ATL@@@ATL@@UAGKXZ 1000340a f i SigCap.obj
 0001:0000240a       ?Release@?$CComObject@V?$CComEnum@UIEnumConnectionPoints@@$1?_GUID_b196b285_bab4_101a_b69c_00aa00341d07@@3U__s_GUID@@BPAUIConnectionPoint@@V?$_CopyInterface@UIConnectionPoint@@@ATL@@VCComSingleThreadModel@6@@ATL@@@ATL@@UAGKXZ 1000340a f i SigCap.obj
 0001:00002446       ?QueryInterface@?$CComObject@V?$CComEnum@UIEnumConnectionPoints@@$1?_GUID_b196b285_bab4_101a_b69c_00aa00341d07@@3U__s_GUID@@BPAUIConnectionPoint@@V?$_CopyInterface@UIConnectionPoint@@@ATL@@VCComSingleThreadModel@6@@ATL@@@ATL@@UAGJABU_GUID@@PAPAX@Z 10003446 f i SigCap.obj
 0001:00002460       ??_E?$CComObject@V?$CComEnum@UIEnumConnectionPoints@@$1?_GUID_b196b285_bab4_101a_b69c_00aa00341d07@@3U__s_GUID@@BPAUIConnectionPoint@@V?$_CopyInterface@UIConnectionPoint@@@ATL@@VCComSingleThreadModel@6@@ATL@@@ATL@@UAEPAXI@Z 10003460 f i SigCap.obj
 0001:00002460       ??_G?$CComObject@V?$CComEnum@UIEnumConnectionPoints@@$1?_GUID_b196b285_bab4_101a_b69c_00aa00341d07@@3U__s_GUID@@BPAUIConnectionPoint@@V?$_CopyInterface@UIConnectionPoint@@@ATL@@VCComSingleThreadModel@6@@ATL@@@ATL@@UAEPAXI@Z 10003460 f i SigCap.obj
 0001:00002482       ?AddRef@CRegObject@ATL@@UAGKXZ 10003482 f i SigCap.obj
 0001:00002488       ?AddReplacement@CRegObject@ATL@@UAGJPB_W0@Z 10003488 f i SigCap.obj
 0001:000024c1       ?ClearReplacements@CRegObject@ATL@@UAGJXZ 100034c1 f i SigCap.obj
 0001:000024d3       ??_ECRegObject@ATL@@UAEPAXI@Z 100034d3 f i SigCap.obj
 0001:000024d3       ??_GCRegObject@ATL@@UAEPAXI@Z 100034d3 f i SigCap.obj
 0001:000024f5       ?AddRef@?$CComAggObject@VCOPOSSigCap@@@ATL@@UAGKXZ 100034f5 f i SigCap.obj
 0001:00002506       ?Release@?$CComAggObject@VCOPOSSigCap@@@ATL@@UAGKXZ 10003506 f i SigCap.obj
 0001:00002542       ?QueryInterface@?$CComAggObject@VCOPOSSigCap@@@ATL@@UAGJABU_GUID@@PAPAX@Z 10003542 f i SigCap.obj
 0001:00002591       ?AddRef@?$CComContainedObject@VCOPOSSigCap@@@ATL@@UAGKXZ 10003591 f i SigCap.obj
 0001:000025a7       ?Release@?$CComContainedObject@VCOPOSSigCap@@@ATL@@UAGKXZ 100035a7 f i SigCap.obj
 0001:000025bd       ?QueryInterface@?$CComContainedObject@VCOPOSSigCap@@@ATL@@UAGJABU_GUID@@PAPAX@Z 100035bd f i SigCap.obj
 0001:000025d8       ??_E?$CComAggObject@VCOPOSSigCap@@@ATL@@UAEPAXI@Z 100035d8 f i SigCap.obj
 0001:000025d8       ??_G?$CComAggObject@VCOPOSSigCap@@@ATL@@UAEPAXI@Z 100035d8 f i SigCap.obj
 0001:000025fd       ?AddRef@?$CComObject@VCOPOSSigCap@@@ATL@@UAGKXZ 100035fd f i SigCap.obj
 0001:00002614       ?Release@?$CComObject@VCOPOSSigCap@@@ATL@@UAGKXZ 10003614 f i SigCap.obj
 0001:00002656       ?QueryInterface@?$CComObject@VCOPOSSigCap@@@ATL@@UAGJABU_GUID@@PAPAX@Z 10003656 f i SigCap.obj
 0001:00002670       ?OnDrawAdvanced@CComControlBase@ATL@@UAEJAAUATL_DRAWINFO@@@Z 10003670 f i SigCap.obj
 0001:00002763       ?Next@?$CComEnumImpl@UIEnumConnections@@$1?_GUID_b196b287_bab4_101a_b69c_00aa00341d07@@3U__s_GUID@@BUtagCONNECTDATA@@V?$_Copy@UtagCONNECTDATA@@@ATL@@@ATL@@UAGJKPAUtagCONNECTDATA@@PAK@Z 10003763 f i SigCap.obj
 0001:0000283a       ?Skip@?$CComEnumImpl@UIEnumConnections@@$1?_GUID_b196b287_bab4_101a_b69c_00aa00341d07@@3U__s_GUID@@BUtagCONNECTDATA@@V?$_Copy@UtagCONNECTDATA@@@ATL@@@ATL@@UAGJK@Z 1000383a f i SigCap.obj
 0001:00002867       ?Clone@?$CComEnumImpl@UIEnumConnections@@$1?_GUID_b196b287_bab4_101a_b69c_00aa00341d07@@3U__s_GUID@@BUtagCONNECTDATA@@V?$_Copy@UtagCONNECTDATA@@@ATL@@@ATL@@UAGJPAPAUIEnumConnections@@@Z 10003867 f i SigCap.obj
 0001:00002948       ?QueryInterface@?$CComObject@V?$CComEnum@UIEnumConnections@@$1?_GUID_b196b287_bab4_101a_b69c_00aa00341d07@@3U__s_GUID@@BUtagCONNECTDATA@@V?$_Copy@UtagCONNECTDATA@@@ATL@@VCComSingleThreadModel@6@@ATL@@@ATL@@UAGJABU_GUID@@PAPAX@Z 10003948 f i SigCap.obj
 0001:00002962       ??_E?$CComObject@V?$CComEnum@UIEnumConnections@@$1?_GUID_b196b287_bab4_101a_b69c_00aa00341d07@@3U__s_GUID@@BUtagCONNECTDATA@@V?$_Copy@UtagCONNECTDATA@@@ATL@@VCComSingleThreadModel@6@@ATL@@@ATL@@UAEPAXI@Z 10003962 f i SigCap.obj
 0001:00002962       ??_G?$CComObject@V?$CComEnum@UIEnumConnections@@$1?_GUID_b196b287_bab4_101a_b69c_00aa00341d07@@3U__s_GUID@@BUtagCONNECTDATA@@V?$_Copy@UtagCONNECTDATA@@@ATL@@VCComSingleThreadModel@6@@ATL@@@ATL@@UAEPAXI@Z 10003962 f i SigCap.obj
 0001:00002984       ??$?4UITypeInfo2@@@?$CComPtr@UITypeInfo@@@ATL@@QAEPAUITypeInfo@@ABV?$CComPtr@UITypeInfo2@@@1@@Z 10003984 f i SigCap.obj
 0001:000029b1       ??$AtlAdd@K@ATL@@YAJPAKKK@Z 100039b1 f i SigCap.obj
 0001:000029d4       ??$AtlAdd@_K@ATL@@YAJPA_K_K1@Z 100039d4 f i SigCap.obj
 0001:00002a0c       ??$AtlAddThrow@K@ATL@@YAKKK@Z 10003a0c f i SigCap.obj
 0001:00002a32       ??$AtlModuleRegisterWndClassInfoT@VAtlModuleRegisterWndClassInfoParamW@ATL@@@ATL@@YAGPAU_ATL_BASE_MODULE70@0@PAU_ATL_WIN_MODULE70@0@PAU_ATL_WNDCLASSINFOW@0@PAP6GJPAUHWND__@@IIJ@ZVAtlModuleRegisterWndClassInfoParamW@0@@Z 10003a32 f i SigCap.obj
 0001:00002b80       ??$AtlMultiply@H@ATL@@YAJPAHHH@Z 10003b80 f i SigCap.obj
 0001:00002bb8       ??$AtlMultiply@K@ATL@@YAJPAKKK@Z 10003bb8 f i SigCap.obj
 0001:00002bb8       ??$AtlMultiply@I@ATL@@YAJPAIII@Z 10003bb8 f i SigCap.obj
 0001:00002bda       ??$AtlMultiplyThrow@I@ATL@@YAIII@Z 10003bda f i SigCap.obj
 0001:00002c00       ??0?$CComAggObject@VCOPOSSigCap@@@ATL@@QAE@PAX@Z 10003c00 f i SigCap.obj
 0001:00002c2d       ??0?$CComContainedObject@VCOPOSSigCap@@@ATL@@QAE@PAX@Z 10003c2d f i SigCap.obj
 0001:00002ce6       ??0?$CComObject@V?$CComEnum@UIEnumConnectionPoints@@$1?_GUID_b196b285_bab4_101a_b69c_00aa00341d07@@3U__s_GUID@@BPAUIConnectionPoint@@V?$_CopyInterface@UIConnectionPoint@@@ATL@@VCComSingleThreadModel@6@@ATL@@@ATL@@QAE@PAX@Z 10003ce6 f i SigCap.obj
 0001:00002d14       ??0?$CComObject@V?$CComEnum@UIEnumConnections@@$1?_GUID_b196b287_bab4_101a_b69c_00aa00341d07@@3U__s_GUID@@BUtagCONNECTDATA@@V?$_Copy@UtagCONNECTDATA@@@ATL@@VCComSingleThreadModel@6@@ATL@@@ATL@@QAE@PAX@Z 10003d14 f i SigCap.obj
 0001:00002d42       ??0?$CComObject@VCOPOSSigCap@@@ATL@@QAE@PAX@Z 10003d42 f i SigCap.obj
 0001:00002df9       ??0?$CComQIPtr@UIOleControlSite@@$1?_GUID_b196b289_bab4_101a_b69c_00aa00341d07@@3U__s_GUID@@B@ATL@@QAE@PAUIUnknown@@@Z 10003df9 f i SigCap.obj
 0001:00002e22       ??0CAtlModule@ATL@@QAE@XZ  10003e22 f i SigCap.obj
 0001:00002e63       ??0CParseBuffer@CRegParser@ATL@@QAE@H@Z 10003e63 f i SigCap.obj
 0001:00002e99       ??0_ATL_MSG@ATL@@QAE@PAUHWND__@@IIJH@Z 10003e99 f i SigCap.obj
 0001:00002ed1       ??1?$CComAggObject@VCOPOSSigCap@@@ATL@@UAE@XZ 10003ed1 f i SigCap.obj
 0001:00002ef5       ??1?$CComEnumImpl@UIEnumConnectionPoints@@$1?_GUID_b196b285_bab4_101a_b69c_00aa00341d07@@3U__s_GUID@@BPAUIConnectionPoint@@V?$_CopyInterface@UIConnectionPoint@@@ATL@@@ATL@@UAE@XZ 10003ef5 f i SigCap.obj
 0001:00002f35       ??1?$CComEnumImpl@UIEnumConnections@@$1?_GUID_b196b287_bab4_101a_b69c_00aa00341d07@@3U__s_GUID@@BUtagCONNECTDATA@@V?$_Copy@UtagCONNECTDATA@@@ATL@@@ATL@@UAE@XZ 10003f35 f i SigCap.obj
 0001:00002f75       ??1?$CComObject@V?$CComEnum@UIEnumConnectionPoints@@$1?_GUID_b196b285_bab4_101a_b69c_00aa00341d07@@3U__s_GUID@@BPAUIConnectionPoint@@V?$_CopyInterface@UIConnectionPoint@@@ATL@@VCComSingleThreadModel@6@@ATL@@@ATL@@UAE@XZ 10003f75 f i SigCap.obj
 0001:00002f98       ??1?$CComObject@V?$CComEnum@UIEnumConnections@@$1?_GUID_b196b287_bab4_101a_b69c_00aa00341d07@@3U__s_GUID@@BUtagCONNECTDATA@@V?$_Copy@UtagCONNECTDATA@@@ATL@@VCComSingleThreadModel@6@@ATL@@@ATL@@UAE@XZ 10003f98 f i SigCap.obj
 0001:00002fbb       ??1?$CComObject@VCOPOSSigCap@@@ATL@@UAE@XZ 10003fbb f i SigCap.obj
 0001:00003079       ??1?$CComObjectCached@VCComClassFactory@ATL@@@ATL@@UAE@XZ 10004079 f i SigCap.obj
 0001:0000308f       ??1?$CComObjectRootEx@VCComMultiThreadModel@ATL@@@ATL@@QAE@XZ 1000408f f i SigCap.obj
 0001:000030a4       ??1CRegObject@ATL@@UAE@XZ  100040a4 f i SigCap.obj
 0001:000030c4       ??4?$CComPtr@UIAdviseSink@@@ATL@@QAEPAUIAdviseSink@@PAU2@@Z 100040c4 f i SigCap.obj
 0001:000030c4       ??4?$CComPtr@UIOleClientSite@@@ATL@@QAEPAUIOleClientSite@@PAU2@@Z 100040c4 f i SigCap.obj
 0001:000030c4       ??4?$CComPtr@UIUnknown@@@ATL@@QAEPAUIUnknown@@PAU2@@Z 100040c4 f i SigCap.obj
 0001:000030f8       ??_E?$CComContainedObject@VCOPOSSigCap@@@ATL@@UAEPAXI@Z 100040f8 f i SigCap.obj
 0001:000030f8       ??_G?$CComContainedObject@VCOPOSSigCap@@@ATL@@UAEPAXI@Z 100040f8 f i SigCap.obj
 0001:0000311d       ??_G?$CComObject@VCOPOSSigCap@@@ATL@@UAEPAXI@Z 1000411d f i SigCap.obj
 0001:0000311d       ??_E?$CComObject@VCOPOSSigCap@@@ATL@@UAEPAXI@Z 1000411d f i SigCap.obj
 0001:00003142       ?Add@?$CSimpleArray@GV?$CSimpleArrayEqualHelper@G@ATL@@@ATL@@QAEHABG@Z 10004142 f i SigCap.obj
 0001:000031c6       ?Add@?$CSimpleMap@PA_WPA_WVCExpansionVectorEqualHelper@ATL@@@ATL@@QAEHABQA_W0@Z 100041c6 f i SigCap.obj
 0001:0000321b       ?Add@CComDynamicUnkArray@ATL@@QAEKPAUIUnknown@@@Z 1000421b f i SigCap.obj
 0001:000032d1       ?Add@CExpansionVector@ATL@@QAEHPB_W0@Z 100042d1 f i SigCap.obj
 0001:000033da       ?AddString@CParseBuffer@CRegParser@ATL@@QAEHPB_W@Z 100043da f i SigCap.obj
 0001:0000340f       ?AddTermFunc@CAtlModule@ATL@@QAEJP6GXK@ZK@Z 1000440f f i SigCap.obj
 0001:00003472       ?AddValue@CRegParser@ATL@@IAEJAAVCRegKey@2@PB_WPA_W@Z 10004472 f i SigCap.obj
 0001:0000378c       ?Allocate@?$CAtlSafeAllocBufferManager@VCCRTAllocator@ATL@@@_ATL_SAFE_ALLOCA_IMPL@ATL@@QAEPAXK@Z 1000478c f i SigCap.obj
 0001:000037b9       ?Allocate@?$CTempBuffer@E$0BAA@VCCRTAllocator@ATL@@@ATL@@QAEPAEI@Z 100047b9 f i SigCap.obj
 0001:000037e8       ?Allocate@?$CTempBuffer@_W$0BAA@VCCRTAllocator@ATL@@@ATL@@QAEPA_WI@Z 100047e8 f i SigCap.obj
 0001:00003817       ?Allocate@?$CTempBuffer@_W$0EAA@VCCRTAllocator@ATL@@@ATL@@QAEPA_WI@Z 10004817 f i SigCap.obj
 0001:00003846       ?AllocateHeap@?$CTempBuffer@E$0BAA@VCCRTAllocator@ATL@@@ATL@@AAEXI@Z 10004846 f i SigCap.obj
 0001:00003846       ?AllocateHeap@?$CTempBuffer@_W$0EAA@VCCRTAllocator@ATL@@@ATL@@AAEXI@Z 10004846 f i SigCap.obj
 0001:00003846       ?AllocateHeap@?$CTempBuffer@_W$0BAA@VCCRTAllocator@ATL@@@ATL@@AAEXI@Z 10004846 f i SigCap.obj
 0001:0000386b       ?Append@CParseBuffer@CRegParser@ATL@@QAEHPB_WH@Z 1000486b f i SigCap.obj
 0001:000038f9       ?AtlCoTaskMemCAlloc@ATL@@YAPAXKK@Z 100048f9 f i SigCap.obj
 0001:00003926       ?AtlCoTaskMemRecalloc@ATL@@YAPAXPAXKK@Z 10004926 f i SigCap.obj
 0001:00003956       ?AtlComModuleGetClassObject@ATL@@YGJPAU_ATL_COM_MODULE70@1@ABU_GUID@@1PAPAX@Z 10004956 f i SigCap.obj
 0001:00003a49       ?AtlComModuleRegisterServer@ATL@@YGJPAU_ATL_COM_MODULE70@1@HPBU_GUID@@@Z 10004a49 f i SigCap.obj
 0001:00003ad1       ?AtlComModuleUnregisterServer@ATL@@YGJPAU_ATL_COM_MODULE70@1@HPBU_GUID@@@Z 10004ad1 f i SigCap.obj
 0001:00003b59       ?AtlComQIPtrAssign2@ATL@@YAXPAPAUIUnknown@@PAU2@ABU_GUID@@@Z 10004b59 f i SigCap.obj
 0001:00003b88       ?AtlCreateTargetDC@ATL@@YGPAUHDC__@@PAU2@PAUtagDVTARGETDEVICE@@@Z 10004b88 f i SigCap.obj
 0001:00003bf1       ?AtlCrtErrorCheck@ATL@@YAHH@Z 10004bf1 f i SigCap.obj
 0001:00003c2c       ?AtlHiMetricToPixel@ATL@@YGXPBUtagSIZE@@PAU2@@Z 10004c2c f i SigCap.obj
 0001:00003ca1       ?AtlHresultFromLastError@ATL@@YAJXZ 10004ca1 f i SigCap.obj
 0001:00003cb8       ?AtlHresultFromWin32@ATL@@YAJK@Z 10004cb8 f i SigCap.obj
 0001:00003ccd       ?AtlInternalOleLoadFromStream@ATL@@YAJPAUIStream@@ABU_GUID@@PAPAXTClassesAllowedInStream@1@K@Z 10004ccd f i SigCap.obj
 0001:00003deb       ?AtlInternalQueryInterface@ATL@@YGJPAXPBU_ATL_INTMAP_ENTRY@1@ABU_GUID@@PAPAX@Z 10004deb f i SigCap.obj
 0001:00003e8e       ?AtlLoadTypeLib@ATL@@YGJPAUHINSTANCE__@@PB_WPAPA_WPAPAUITypeLib@@@Z 10004e8e f i SigCap.obj
 0001:0000406c       ?AtlRegisterClassCategoriesHelper@ATL@@YGJABU_GUID@@PBU_ATL_CATMAP_ENTRY@1@H@Z 1000506c f i SigCap.obj
 0001:00004368       ?AtlRegisterTypeLib@ATL@@YGJPAUHINSTANCE__@@PB_W@Z 10005368 f i SigCap.obj
 0001:000044f0       ?AtlThrowImpl@ATL@@YGXJ@Z  100054f0 f i SigCap.obj
 0001:0000450e       ?AtlUnRegisterTypeLib@ATL@@YGJPAUHINSTANCE__@@PB_W@Z 1000550e f i SigCap.obj
 0001:000045b9       ?AtlWinModuleAddCreateWndData@ATL@@YGXPAU_ATL_WIN_MODULE70@1@PAU_AtlCreateWndData@1@PAX@Z 100055b9 f i SigCap.obj
 0001:0000460d       ?AtlWinModuleExtractCreateWndData@ATL@@YGPAXPAU_ATL_WIN_MODULE70@1@@Z 1000560d f i SigCap.obj
 0001:00004670       ?AtlWinModuleRegisterClassExW@ATL@@YGGPAU_ATL_WIN_MODULE70@1@PBUtagWNDCLASSEXW@@@Z 10005670 f i SigCap.obj
 0001:000046af       ?CanForceRemoveKey@CRegParser@ATL@@IAEHPB_W@Z 100056af f i SigCap.obj
 0001:000046de       ?ChToByte@CRegParser@ATL@@KAE_W@Z 100056de f i SigCap.obj
 0001:00004711       ?Cleanup@CComTypeInfoHolder@ATL@@SGXK@Z 10005711 f i SigCap.obj
 0001:00004744       ?ClearReplacements@CExpansionVector@ATL@@QAEJXZ 10005744 f i SigCap.obj
 0001:00004781       ?Close@CRegKey@ATL@@QAEJXZ 10005781 f i SigCap.obj
 0001:0000479b       ?CreateInstance@?$CComCreator@V?$CComAggObject@VCOPOSSigCap@@@ATL@@@ATL@@SGJPAXABU_GUID@@PAPAX@Z 1000579b f i SigCap.obj
 0001:00004810       ?CreateInstance@?$CComCreator@V?$CComObject@VCOPOSSigCap@@@ATL@@@ATL@@SGJPAXABU_GUID@@PAPAX@Z 10005810 f i SigCap.obj
 0001:00004890       ?CreateInstance@?$CComObject@V?$CComEnum@UIEnumConnectionPoints@@$1?_GUID_b196b285_bab4_101a_b69c_00aa00341d07@@3U__s_GUID@@BPAUIConnectionPoint@@V?$_CopyInterface@UIConnectionPoint@@@ATL@@VCComSingleThreadModel@6@@ATL@@@ATL@@SGJPAPAV12@@Z 10005890 f i SigCap.obj
 0001:000048da       ?CreateInstance@?$CComObject@V?$CComEnum@UIEnumConnections@@$1?_GUID_b196b287_bab4_101a_b69c_00aa00341d07@@3U__s_GUID@@BUtagCONNECTDATA@@V?$_Copy@UtagCONNECTDATA@@@ATL@@VCComSingleThreadModel@6@@ATL@@@ATL@@SGJPAPAV12@@Z 100058da f i SigCap.obj
 0001:00004924       ?DefaultReflectionHandler@?$CWindowImplRoot@VCWindow@ATL@@@ATL@@SAHPAUHWND__@@IIJAAJ@Z 10005924 f i SigCap.obj
 0001:00004997       ?DeleteSubKey@CRegKey@ATL@@QAEJPB_W@Z 10005997 f i SigCap.obj
 0001:00004a10       ?DoEvent@COPOSSigCap@@IAEXIIJ@Z 10005a10 f i SigCap.obj
 0001:00004a90       ?DoVerbHide@?$IOleObjectImpl@VCOPOSSigCap@@@ATL@@QAEJPBUtagRECT@@PAUHWND__@@@Z 10005a90 f i SigCap.obj
 0001:00004ac6       ?DoVerbInPlaceActivate@?$IOleObjectImpl@VCOPOSSigCap@@@ATL@@QAEJPBUtagRECT@@PAUHWND__@@@Z 10005ac6 f i SigCap.obj
 0001:00004af9       ?DoVerbPrimary@?$IOleObjectImpl@VCOPOSSigCap@@@ATL@@QAEJPBUtagRECT@@PAUHWND__@@@Z 10005af9 f i SigCap.obj
 0001:00004b85       ?DoVerbProperties@CComControlBase@ATL@@QAEJPBUtagRECT@@PAUHWND__@@@Z 10005b85 f i SigCap.obj
 0001:00004d04       ?DoVerbUIActivate@?$IOleObjectImpl@VCOPOSSigCap@@@ATL@@QAEJPBUtagRECT@@PAUHWND__@@@Z 10005d04 f i SigCap.obj
 0001:00004d41       ?DoesVerbActivate@CComControlBase@ATL@@QAEHJ@Z 10005d41 f i SigCap.obj
 0001:00004d62       ?DoesVerbUIActivate@CComControlBase@ATL@@QAEHJ@Z 10005d62 f i SigCap.obj
 0001:00004d97       ?EndOfVar@CRegParser@ATL@@IAEHXZ 10005d97 f i SigCap.obj
 0001:00004db7       ?EscapeSingleQuote@CAtlModule@ATL@@SAXPA_WIPB_W@Z 10005db7 f i SigCap.obj
 0001:00004e06       ?FindKey@?$CSimpleMap@PA_WPA_WVCExpansionVectorEqualHelper@ATL@@@ATL@@QBEHABQA_W@Z 10005e06 f i SigCap.obj
 0001:00004e3d       ?FireTheEvent@?$CProxy_IOPOSEvents@VCOPOSSigCap@@@@IAEXPAVOposVariant@@IAAJPB_WJ@Z 10005e3d f i SigCap.obj
 0001:00004ecf       ?FireViewChange@CComControlBase@ATL@@QAEJXZ 10005ecf f i SigCap.obj
 0001:00004f18       ?Fire_DataEvent@?$CProxy_IOPOSEvents@VCOPOSSigCap@@@@QAEXJ@Z 10005f18 f i SigCap.obj
 0001:00004fae       ?Fire_DirectIOEvent@?$CProxy_IOPOSEvents@VCOPOSSigCap@@@@QAEXJPAJPAPA_W@Z 10005fae f i SigCap.obj
 0001:0000509a       ?Fire_ErrorEvent@?$CProxy_IOPOSEvents@VCOPOSSigCap@@@@QAEXJJJPAJ@Z 1000609a f i SigCap.obj
 0001:0000518b       ?Fire_StatusUpdateEvent@?$CProxy_IOPOSEvents@VCOPOSSigCap@@@@QAEXJ@Z 1000618b f i SigCap.obj
 0001:00005221       ?FreeHeap@?$CTempBuffer@_W$0BAA@VCCRTAllocator@ATL@@@ATL@@AAEXXZ 10006221 f i SigCap.obj
 0001:00005221       ?FreeHeap@?$CTempBuffer@E$0BAA@VCCRTAllocator@ATL@@@ATL@@AAEXXZ 10006221 f i SigCap.obj
 0001:00005221       ?FreeHeap@?$CTempBuffer@_W$0EAA@VCCRTAllocator@ATL@@@ATL@@AAEXXZ 10006221 f i SigCap.obj
 0001:0000522a       ?GetAmbientLocaleID@CComControlBase@ATL@@QAEJAAK@Z 1000622a f i SigCap.obj
 0001:00005286       ?GetAmbientUserMode@CComControlBase@ATL@@QAEJAAH@Z 10006286 f i SigCap.obj
 0001:000052f6       ?GetAt@CComDynamicUnkArray@ATL@@QAEPAUIUnknown@@H@Z 100062f6 f i SigCap.obj
 0001:00005312       ?GetClassObject@CComModule@ATL@@QAEJABU_GUID@@0PAPAX@Z 10006312 f i SigCap.obj
 0001:000053b4       ?GetConnMap@COPOSSigCap@@SAPBU_ATL_CONNMAP_ENTRY@ATL@@PAH@Z 100063b4 f i SigCap.obj
 0001:00005424       ?GetCookie@CComDynamicUnkArray@ATL@@QAGKPAPAUIUnknown@@@Z 10006424 f i SigCap.obj
 0001:0000545c       ?GetIDsOfNames@CComTypeInfoHolder@ATL@@QAEJABU_GUID@@PAPA_WIKPAJ@Z 1000645c f i SigCap.obj
 0001:00005583       ?GetKeyAt@?$CSimpleMap@PA_WPA_WVCExpansionVectorEqualHelper@ATL@@@ATL@@QBEAAPA_WH@Z 10006583 f i SigCap.obj
 0001:000055a8       ?GetPagesHelper@?$ISpecifyPropertyPagesImpl@VCOPOSSigCap@@@ATL@@IAEJPAUtagCAUUID@@PBUATL_PROPMAP_ENTRY@2@@Z 100065a8 f i SigCap.obj
 0001:000056cf       ?GetProperty@?$CComPtr@UIDispatch@@@ATL@@SAJPAUIDispatch@@JPAUtagVARIANT@@@Z 100066cf f i SigCap.obj
 0001:0000571e       ?GetSizeMax@CComVariant@ATL@@QBEJPAT_ULARGE_INTEGER@@@Z 1000671e f i SigCap.obj
 0001:000058e0       ?GetTI@CComTypeInfoHolder@ATL@@QAEJK@Z 100068e0 f i SigCap.obj
 0001:00005abf       ?GetTI@CComTypeInfoHolder@ATL@@QAEJKPAPAUITypeInfo@@@Z 10006abf f i SigCap.obj
 0001:00005b01       ?GetUnknown@CComDynamicUnkArray@ATL@@QAGPAUIUnknown@@K@Z 10006b01 f i SigCap.obj
 0001:00005b22       ?GetValueAt@?$CSimpleMap@PA_WPA_WVCExpansionVectorEqualHelper@ATL@@@ATL@@QBEAAPA_WH@Z 10006b22 f i SigCap.obj
 0001:00005b48       ?GetZoomInfo@CComControlBase@ATL@@QAEXAAUATL_DRAWINFO@@@Z 10006b48 f i SigCap.obj
 0001:00005bdb       ?HKeyFromString@CRegParser@ATL@@KAPAUHKEY__@@PA_W@Z 10006bdb f i SigCap.obj
 0001:00005c09       ?HasSubKeys@CRegParser@ATL@@IAEHPAUHKEY__@@@Z 10006c09 f i SigCap.obj
 0001:00005c3e       ?IDataObject_GetData@CComControlBase@ATL@@QAEJPAUtagFORMATETC@@PAUtagSTGMEDIUM@@@Z 10006c3e f i SigCap.obj
 0001:00005de4       ?IOleInPlaceObject_InPlaceDeactivate@CComControlBase@ATL@@QAEJXZ 10006de4 f i SigCap.obj
 0001:00005e6b       ?IOleInPlaceObject_SetObjectRects@CComControlBase@ATL@@QAEJPBUtagRECT@@0@Z 10006e6b f i SigCap.obj
 0001:00005f38       ?IOleInPlaceObject_UIDeactivate@CComControlBase@ATL@@QAEJXZ 10006f38 f i SigCap.obj
 0001:00005ffa       ?IOleObject_Advise@CComControlBase@ATL@@QAEJPAUIAdviseSink@@PAK@Z 10006ffa f i SigCap.obj
 0001:00006024       ?IOleObject_Close@CComControlBase@ATL@@QAEJK@Z 10007024 f i SigCap.obj
 0001:00006108       ?IOleObject_GetClientSite@CComControlBase@ATL@@QAEJPAPAUIOleClientSite@@@Z 10007108 f i SigCap.obj
 0001:00006131       ?IOleObject_SetClientSite@CComControlBase@ATL@@QAEJPAUIOleClientSite@@@Z 10007131 f i SigCap.obj
 0001:00006170       ?IOleObject_SetExtent@CComControlBase@ATL@@QAEJKPAUtagSIZE@@@Z 10007170 f i SigCap.obj
 0001:00006222       ?IPSI_GetIPersistStreamInit@?$IPersistStorageImpl@VCOPOSSigCap@@@ATL@@AAEPAUIPersistStreamInit@@XZ 10007222 f i SigCap.obj
 0001:000062ca       ?IPersistStreamInit_Load@?$IPersistStreamInitImpl@VCOPOSSigCap@@@ATL@@QAEJPAUIStream@@PBUATL_PROPMAP_ENTRY@2@@Z 100072ca f i SigCap.obj
 0001:0000653f       ?IPersistStreamInit_Save@?$IPersistStreamInitImpl@VCOPOSSigCap@@@ATL@@QAEJPAUIStream@@HPBUATL_PROPMAP_ENTRY@2@@Z 1000753f f i SigCap.obj
 0001:0000672d       ?IQuickActivate_QuickActivate@CComControlBase@ATL@@QAEJPAUtagQACONTAINER@@PAUtagQACONTROL@@@Z 1000772d f i SigCap.obj
 0001:0000696f       ?IViewObject_Draw@CComControlBase@ATL@@QAEJKJPAXPAUtagDVTARGETDEVICE@@PAUHDC__@@2PBU_RECTL@@3@Z 1000796f f i SigCap.obj
 0001:00006a17       ?InPlaceActivate@CComControlBase@ATL@@QAEJJPBUtagRECT@@@Z 10007a17 f i SigCap.obj
 0001:00006c88       ?Init@?$CComEnumImpl@UIEnumConnectionPoints@@$1?_GUID_b196b285_bab4_101a_b69c_00aa00341d07@@3U__s_GUID@@BPAUIConnectionPoint@@V?$_CopyInterface@UIConnectionPoint@@@ATL@@@ATL@@QAEJPAPAUIConnectionPoint@@0PAUIUnknown@@W4CComEnumFlags@2@@Z 10007c88 f i SigCap.obj
 0001:00006d67       ?Init@?$CComEnumImpl@UIEnumConnections@@$1?_GUID_b196b287_bab4_101a_b69c_00aa00341d07@@3U__s_GUID@@BUtagCONNECTDATA@@V?$_Copy@UtagCONNECTDATA@@@ATL@@@ATL@@QAEJPAUtagCONNECTDATA@@0PAUIUnknown@@W4CComEnumFlags@2@@Z 10007d67 f i SigCap.obj
 0001:00006e46       ?Init@CComModule@ATL@@QAEJPAU_ATL_OBJMAP_ENTRY30@2@PAUHINSTANCE__@@PBU_GUID@@@Z 10007e46 f i SigCap.obj
 0001:00006ea5       ?Init@CDynamicStdCallThunk2@ATL@@QAEHKPAX@Z 10007ea5 f i SigCap.obj
 0001:00006ed0       ?InlineIsEqualUnknown@ATL@@YGHABU_GUID@@@Z 10007ed0 f i SigCap.obj
 0001:00006ef8       ?InternalSetAtIndex@?$CSimpleMap@PA_WPA_WVCExpansionVectorEqualHelper@ATL@@@ATL@@QAEXHABQA_W0@Z 10007ef8 f i SigCap.obj
 0001:00006f22       ?Invoke@CComTypeInfoHolder@ATL@@QAEJPAUIDispatch@@JABU_GUID@@KGPAUtagDISPPARAMS@@PAUtagVARIANT@@PAUtagEXCEPINFO@@PAI@Z 10007f22 f i SigCap.obj
 0001:00006f65       ?IsEqualObject@?$CComPtrBase@UITypeInfo@@@ATL@@QAE_NPAUIUnknown@@@Z 10007f65 f i SigCap.obj
 0001:00006f65       ?IsEqualObject@?$CComPtrBase@UIOleClientSite@@@ATL@@QAE_NPAUIUnknown@@@Z 10007f65 f i SigCap.obj
 0001:00006fd2       ?IsSpace@CRegParser@ATL@@IAEH_W@Z 10007fd2 f i SigCap.obj
 0001:00006ffc       ?LoadNameCache@CComTypeInfoHolder@ATL@@QAEJPAUITypeInfo@@@Z 10007ffc f i SigCap.obj
 0001:00007131       ?Lookup@?$CSimpleMap@PA_WPA_WVCExpansionVectorEqualHelper@ATL@@@ATL@@QBEPA_WABQA_W@Z 10008131 f i SigCap.obj
 0001:00007157       ?NextToken@CRegParser@ATL@@IAEJPA_W@Z 10008157 f i SigCap.obj
 0001:0000728f       ?OnKillFocus@CComControlBase@ATL@@QAEJIIJAAH@Z 1000828f f i SigCap.obj
 0001:000072ea       ?OnMouseActivate@CComControlBase@ATL@@QAEJIIJAAH@Z 100082ea f i SigCap.obj
 0001:00007358       ?OnPaint@CComControlBase@ATL@@QAEJIIJAAH@Z 10008358 f i SigCap.obj
 0001:0000740a       ?OnSetFocus@CComControlBase@ATL@@QAEJIIJAAH@Z 1000840a f i SigCap.obj
 0001:00007493       ?Open@CRegKey@ATL@@QAEJPAUHKEY__@@PB_WK@Z 10008493 f i SigCap.obj
 0001:000074e8       ?PreProcessBuffer@CRegParser@ATL@@QAEJPA_WPAPA_W@Z 100084e8 f i SigCap.obj
 0001:00007757       ?ProcessWindowMessage@?$CComControl@VCOPOSSigCap@@V?$CWindowImpl@VCOPOSSigCap@@VCWindow@ATL@@V?$CWinTraits@$0FGAAAAAA@$0A@@3@@ATL@@@ATL@@UAEHPAUHWND__@@IIJAAJK@Z 10008757 f i SigCap.obj
 0001:000077f6       ?ReadFromStream@CComBSTR@ATL@@QAEJPAUIStream@@@Z 100087f6 f i SigCap.obj
 0001:00007919       ?ReadFromStream@CComVariant@ATL@@QAEJPAUIStream@@GTClassesAllowedInStream@2@K@Z 10008919 f i SigCap.obj
 0001:00007aa3       ?RecurseDeleteKey@CRegKey@ATL@@QAEJPB_W@Z 10008aa3 f i SigCap.obj
 0001:00007b91       ?RegCreateKeyExW@CAtlTransactionManager@ATL@@QAEJPAUHKEY__@@PB_WKPA_WKKQAU_SECURITY_ATTRIBUTES@@PAPAU3@PAK@Z 10008b91 f i SigCap.obj
 0001:00007bf4       ?RegDeleteKeyW@CAtlTransactionManager@ATL@@QAEJPAUHKEY__@@PB_W@Z 10008bf4 f i SigCap.obj
 0001:00007c46       ?RegOpenKeyExW@CAtlTransactionManager@ATL@@QAEJPAUHKEY__@@PB_WKKPAPAU3@@Z 10008c46 f i SigCap.obj
 0001:00007c9d       ?Register@_ATL_WNDCLASSINFOW@ATL@@QAEGPAP6GJPAUHWND__@@IIJ@Z@Z 10008c9d f i SigCap.obj
 0001:00007cbd       ?RegisterBuffer@CRegParser@ATL@@QAEJPA_WH@Z 10008cbd f i SigCap.obj
 0001:00007e04       ?RegisterFromResource@CRegObject@ATL@@IAEJPB_W00H@Z 10008e04 f i SigCap.obj
 0001:00007f3a       ?RegisterServer@?$CAtlModuleT@VCComModule@ATL@@@ATL@@QAEJHPBU_GUID@@@Z 10008f3a f i SigCap.obj
 0001:00007f68       ?RegisterServer@CComModule@ATL@@QAEJHPBU_GUID@@@Z 10008f68 f i SigCap.obj
 0001:00007fde       ?RegisterSubkeys@CRegParser@ATL@@IAEJPA_WPAUHKEY__@@HH@Z 10008fde f i SigCap.obj
 0001:0000868b       ?Remove@CComDynamicUnkArray@ATL@@QAEHK@Z 1000968b f i SigCap.obj
 0001:000086b4       ?RemoveAll@?$CSimpleMap@PA_WPA_WVCExpansionVectorEqualHelper@ATL@@@ATL@@QAEXXZ 100096b4 f i SigCap.obj
 0001:000086e0       ?ResourceRegisterSz@CRegObject@ATL@@QAGJPB_W00@Z 100096e0 f i SigCap.obj
 0001:0000870d       ?ResourceUnregisterSz@CRegObject@ATL@@QAGJPB_W00@Z 1000970d f i SigCap.obj
 0001:0000873a       ?SendOnDataChange@CComControlBase@ATL@@QAEJK@Z 1000973a f i SigCap.obj
 0001:00008787       ?SetControlFocus@CComControlBase@ATL@@QAEHH@Z 10009787 f i SigCap.obj
 0001:00008824       ?SetMultiStringValue@CRegKey@ATL@@QAEJPB_W0@Z 10009824 f i SigCap.obj
 0001:00008880       ?SetStringValue@CRegKey@ATL@@QAEJPB_W0K@Z 10009880 f i SigCap.obj
 0001:000088c9       ?SkipAssignment@CRegParser@ATL@@IAEJPA_W@Z 100098c9 f i SigCap.obj
 0001:0000892e       ?SkipWhiteSpace@CRegParser@ATL@@IAEXXZ 1000992e f i SigCap.obj
 0001:00008950       ?StrChrW@CRegParser@ATL@@KAPA_WPA_W_W@Z 10009950 f i SigCap.obj
 0001:0000898d       ?Term@CAtlModule@ATL@@QAEXXZ 1000998d f i SigCap.obj
 0001:000089e0       ?Term@CComModule@ATL@@QAEXXZ 100099e0 f i SigCap.obj
 0001:00008a38       ?UnregisterServer@?$CAtlModuleT@VCComModule@ATL@@@ATL@@QAEJHPBU_GUID@@@Z 10009a38 f i SigCap.obj
 0001:00008a5e       ?UnregisterServer@CComModule@ATL@@QAEJHPBU_GUID@@@Z 10009a5e f i SigCap.obj
 0001:00008ad4       ?UpdateRegistryFromResource@CAtlModule@ATL@@QAGJIHPAU_ATL_REGMAP_ENTRY@2@@Z 10009ad4 f i SigCap.obj
 0001:00008c9f       ?UpdateRegistryFromResource@CAtlModule@ATL@@QAGJPB_WHPAU_ATL_REGMAP_ENTRY@2@@Z 10009c9f f i SigCap.obj
 0001:00008e70       ?VTFromRegType@CRegParser@ATL@@KAHPB_WAAG@Z 10009e70 f i SigCap.obj
 0001:00008edd       ?WindowProc@?$CWindowImplBaseT@VCWindow@ATL@@V?$CWinTraits@$0FGAAAAAA@$0A@@2@@ATL@@SGJPAUHWND__@@IIJ@Z 10009edd f i SigCap.obj
 0001:00008fcf       ?WriteToStream@CComBSTR@ATL@@QAEJPAUIStream@@@Z 10009fcf f i SigCap.obj
 0001:00009031       ?WriteToStream@CComVariant@ATL@@QAEJPAUIStream@@@Z 1000a031 f i SigCap.obj
 0001:000091ab       ?WriteToStream@CComVariant@ATL@@QAEJPAUIStream@@G@Z 1000a1ab f i SigCap.obj
 0001:00009214       ?_AtlInitialConstruct@?$CComObjectRootEx@VCComMultiThreadModel@ATL@@@ATL@@QAEJXZ 1000a214 f i SigCap.obj
 0001:00009229       ?_AtlVerifyStackAvailable@_ATL_SAFE_ALLOCA_IMPL@ATL@@YA_NK@Z 1000a229 f i SigCap.obj
 0001:000092a7       ?atlCreate@?$CWindowImpl@VCOPOSSigCap@@VCWindow@ATL@@V?$CWinTraits@$0FGAAAAAA@$0A@@3@@ATL@@QAEPAUHWND__@@PAU3@V_U_RECT@2@PB_WKKV_U_MENUorID@2@PAX@Z 1000a2a7 f i SigCap.obj
 0001:000092eb       ?atlCreate@?$CWindowImplBaseT@VCWindow@ATL@@V?$CWinTraits@$0FGAAAAAA@$0A@@2@@ATL@@QAEPAUHWND__@@PAU3@V_U_RECT@2@PB_WKKV_U_MENUorID@2@GPAX@Z 1000a2eb f i SigCap.obj
 0001:00009387       ?copy@?$_Copy@UtagCONNECTDATA@@@ATL@@SAJPAUtagCONNECTDATA@@PBU3@@Z 1000a387 f i SigCap.obj
 0001:000093bd       ?copy@?$_CopyInterface@UIConnectionPoint@@@ATL@@SAJPAPAUIConnectionPoint@@PBQAU3@@Z 1000a3bd f i SigCap.obj
 0001:000093eb       ?memcpy_s@Checked@ATL@@YAXPAXIPBXI@Z 1000a3eb f i SigCap.obj
 0001:0000940a       ?ocscpy_s@@YA_NPA_WIPB_W@Z 1000a40a f i SigCap.obj
 0001:00009454       ?wcscpy_s@Checked@ATL@@YAXPA_WIPB_W@Z 1000a454 f i SigCap.obj
 0001:00009470       _DllCanUnloadNow@0         1000a470 f   SigCap.obj
 0001:0000947c       _DllGetClassObject@12      1000a47c f   SigCap.obj
 0001:0000948a       _DllMain@12                1000a48a f   SigCap.obj
 0001:000094cc       _DllRegisterServer@0       1000a4cc f   SigCap.obj
 0001:000094db       _DllUnregisterServer@0     1000a4db f   SigCap.obj
 0001:000094ea       _InlineIsEqualGUID         1000a4ea f i SigCap.obj
 0001:0000951a       ___local_stdio_printf_options 1000a51a f i SigCap.obj
 0001:00009520       __vswprintf_s_l            1000a520 f i SigCap.obj
 0001:000095cd       _swprintf_s                1000a5cd f i SigCap.obj
 0001:000095e9       ??0?$CComControl@VCOPOSSigCap@@V?$CWindowImpl@VCOPOSSigCap@@VCWindow@ATL@@V?$CWinTraits@$0FGAAAAAA@$0A@@3@@ATL@@@ATL@@QAE@XZ 1000a5e9 f i SigCapImpl.obj
 0001:00009610       ??0?$CProxy_IOPOSEvents@VCOPOSSigCap@@@@QAE@XZ 1000a610 f i SigCapImpl.obj
 0001:00009630       ??0CComControlBase@ATL@@QAE@AAPAUHWND__@@@Z 1000a630 f i SigCapImpl.obj
 0001:00009680       ??0COPOSSigCap@@QAE@XZ     1000a680 f   SigCapImpl.obj
 0001:000096b6       ??1?$CComControl@VCOPOSSigCap@@V?$CWindowImpl@VCOPOSSigCap@@VCWindow@ATL@@V?$CWinTraits@$0FGAAAAAA@$0A@@3@@ATL@@@ATL@@UAE@XZ 1000a6b6 f i SigCapImpl.obj
 0001:000096cf       ??1?$IConnectionPointImpl@VCOPOSSigCap@@$1?DIID__IOPOSSigCapEvents@@3U_GUID@@BVCComDynamicUnkArray@ATL@@@ATL@@QAE@XZ 1000a6cf f i SigCapImpl.obj
 0001:000096cf       ??1?$IConnectionPointImpl@VCOPOSSigCap@@$1?IID_IPropertyNotifySink@@3U_GUID@@BVCComDynamicUnkArray@ATL@@@ATL@@QAE@XZ 1000a6cf f i SigCapImpl.obj
 0001:0000970c       ??1CComControlBase@ATL@@UAE@XZ 1000a70c f i SigCapImpl.obj
 0001:0000976f       ??1COPOSSigCap@@UAE@XZ     1000a76f f   SigCapImpl.obj
 0001:000097b7       ?BeginCapture@COPOSSigCap@@UAGJPA_WPAJ@Z 1000a7b7 f   SigCapImpl.obj
 0001:0000980e       ?CheckHealth@COPOSSigCap@@UAGJJPAJ@Z 1000a80e f   SigCapImpl.obj
 0001:0000985d       ?ClaimDevice@COPOSSigCap@@UAGJJPAJ@Z 1000a85d f   SigCapImpl.obj
 0001:000098d2       ?ClearInput@COPOSSigCap@@UAGJPAJ@Z 1000a8d2 f   SigCapImpl.obj
 0001:000098ed       ?ClearInputProperties@COPOSSigCap@@UAGJPAJ@Z 1000a8ed f   SigCapImpl.obj
 0001:00009908       ?Close@COPOSSigCap@@UAGJPAJ@Z 1000a908 f   SigCapImpl.obj
 0001:00009976       ?CompareFirmwareVersion@COPOSSigCap@@UAGJPA_WPAJ1@Z 1000a976 f   SigCapImpl.obj
 0001:000099f6       ?DirectIO@COPOSSigCap@@UAGJJPAJPAPA_W0@Z 1000a9f6 f   SigCapImpl.obj
 0001:00009aa4       ?DoInvoke@COPOSSigCap@@IAEJJPAVOposVariant@@IHPAJ_N@Z 1000aaa4 f   SigCapImpl.obj
 0001:00009b80       ?EndCapture@COPOSSigCap@@UAGJPAJ@Z 1000ab80 f   SigCapImpl.obj
 0001:00009b9b       ?EventClose@COPOSSigCap@@IAEXXZ 1000ab9b f i SigCapImpl.obj
 0001:00009bce       ?EventInit@COPOSSigCap@@IAEJXZ 1000abce f i SigCapImpl.obj
 0001:00009c9a       ?EventUninit@COPOSSigCap@@IAEXXZ 1000ac9a f i SigCapImpl.obj
 0001:00009cec       ?EventWindowProc@COPOSSigCap@@IAGJIIJ@Z 1000acec f i SigCapImpl.obj
 0001:00009dc0       ?FinalConstruct@COPOSSigCap@@QAEJXZ 1000adc0 f   SigCapImpl.obj
 0001:00009df9       ?FireEventCleanup@COPOSSigCap@@IAEXXZ 1000adf9 f i SigCapImpl.obj
 0001:00009e0f       ?FireEventSetup@COPOSSigCap@@IAE_NXZ 1000ae0f f i SigCapImpl.obj
 0001:00009e43       ?FreezeEvents@COPOSSigCap@@MAGJH@Z 1000ae43 f   SigCapImpl.obj
 0001:00009ea3       ?GetOposProp@COPOSSigCap@@IAEJJPAFJ@Z 1000aea3 f   SigCapImpl.obj
 0001:00009ec6       ?GetOposProp@COPOSSigCap@@IAEJJPAJJ@Z 1000aec6 f   SigCapImpl.obj
 0001:00009f95       ?GetOposProp@COPOSSigCap@@IAEJJPAPA_WJ@Z 1000af95 f   SigCapImpl.obj
 0001:0000a071       ?OnDraw@COPOSSigCap@@MAEJAAUATL_DRAWINFO@@@Z 1000b071 f   SigCapImpl.obj
 0001:0000a111       ?Open@COPOSSigCap@@UAGJPA_WPAJ@Z 1000b111 f   SigCapImpl.obj
 0001:0000a954       ?ReleaseDevice@COPOSSigCap@@UAGJPAJ@Z 1000b954 f   SigCapImpl.obj
 0001:0000a9a3       ?ResetStatistics@COPOSSigCap@@UAGJPA_WPAJ@Z 1000b9a3 f   SigCapImpl.obj
 0001:0000a9fa       ?RetrieveStatistics@COPOSSigCap@@UAGJPAPA_WPAJ@Z 1000b9fa f   SigCapImpl.obj
 0001:0000aa51       ?SOProcessID@COPOSSigCap@@UAGJPAJ@Z 1000ba51 f   SigCapImpl.obj
 0001:0000aa65       ?SetCOFreezeEvents@COPOSSigCap@@IAEXF@Z 1000ba65 f   SigCapImpl.obj
 0001:0000ab05       ?SetOposProp@COPOSSigCap@@IAEJJJJ@Z 1000bb05 f   SigCapImpl.obj
 0001:0000abfc       ?UpdateFirmware@COPOSSigCap@@UAGJPA_WPAJ@Z 1000bbfc f   SigCapImpl.obj
 0001:0000ac53       ?UpdateStatistics@COPOSSigCap@@UAGJPA_WPAJ@Z 1000bc53 f   SigCapImpl.obj
 0001:0000acaa       ?get_AutoDisable@COPOSSigCap@@UAGJPAF@Z 1000bcaa f   SigCapImpl.obj
 0001:0000acc0       ?get_BinaryConversion@COPOSSigCap@@UAGJPAJ@Z 1000bcc0 f   SigCapImpl.obj
 0001:0000acd6       ?get_CapCompareFirmwareVersion@COPOSSigCap@@UAGJPAF@Z 1000bcd6 f   SigCapImpl.obj
 0001:0000acef       ?get_CapDisplay@COPOSSigCap@@UAGJPAF@Z 1000bcef f   SigCapImpl.obj
 0001:0000ad08       ?get_CapPowerReporting@COPOSSigCap@@UAGJPAJ@Z 1000bd08 f   SigCapImpl.obj
 0001:0000ad21       ?get_CapRealTimeData@COPOSSigCap@@UAGJPAF@Z 1000bd21 f   SigCapImpl.obj
 0001:0000ad3a       ?get_CapStatisticsReporting@COPOSSigCap@@UAGJPAF@Z 1000bd3a f   SigCapImpl.obj
 0001:0000ad53       ?get_CapUpdateFirmware@COPOSSigCap@@UAGJPAF@Z 1000bd53 f   SigCapImpl.obj
 0001:0000ad6c       ?get_CapUpdateStatistics@COPOSSigCap@@UAGJPAF@Z 1000bd6c f   SigCapImpl.obj
 0001:0000ad85       ?get_CapUserTerminated@COPOSSigCap@@UAGJPAF@Z 1000bd85 f   SigCapImpl.obj
 0001:0000ad9e       ?get_CheckHealthText@COPOSSigCap@@UAGJPAPA_W@Z 1000bd9e f   SigCapImpl.obj
 0001:0000adb7       ?get_Claimed@COPOSSigCap@@UAGJPAF@Z 1000bdb7 f   SigCapImpl.obj
 0001:0000adcd       ?get_ControlObjectDescription@COPOSSigCap@@UAGJPAPA_W@Z 1000bdcd f   SigCapImpl.obj
 0001:0000ae1b       ?get_ControlObjectVersion@COPOSSigCap@@UAGJPAJ@Z 1000be1b f   SigCapImpl.obj
 0001:0000ae2e       ?get_DataCount@COPOSSigCap@@UAGJPAJ@Z 1000be2e f   SigCapImpl.obj
 0001:0000ae44       ?get_DataEventEnabled@COPOSSigCap@@UAGJPAF@Z 1000be44 f   SigCapImpl.obj
 0001:0000ae5a       ?get_DeviceDescription@COPOSSigCap@@UAGJPAPA_W@Z 1000be5a f   SigCapImpl.obj
 0001:0000ae73       ?get_DeviceEnabled@COPOSSigCap@@UAGJPAF@Z 1000be73 f   SigCapImpl.obj
 0001:0000ae89       ?get_DeviceName@COPOSSigCap@@UAGJPAPA_W@Z 1000be89 f   SigCapImpl.obj
 0001:0000aea2       ?get_FreezeEvents@COPOSSigCap@@UAGJPAF@Z 1000bea2 f   SigCapImpl.obj
 0001:0000aeb8       ?get_MaximumX@COPOSSigCap@@UAGJPAJ@Z 1000beb8 f   SigCapImpl.obj
 0001:0000aed1       ?get_MaximumY@COPOSSigCap@@UAGJPAJ@Z 1000bed1 f   SigCapImpl.obj
 0001:0000aeea       ?get_OpenResult@COPOSSigCap@@UAGJPAJ@Z 1000beea f   SigCapImpl.obj
 0001:0000af01       ?get_PointArray@COPOSSigCap@@UAGJPAPA_W@Z 1000bf01 f   SigCapImpl.obj
 0001:0000af1a       ?get_PowerNotify@COPOSSigCap@@UAGJPAJ@Z 1000bf1a f   SigCapImpl.obj
 0001:0000af30       ?get_PowerState@COPOSSigCap@@UAGJPAJ@Z 1000bf30 f   SigCapImpl.obj
 0001:0000af46       ?get_RawData@COPOSSigCap@@UAGJPAPA_W@Z 1000bf46 f   SigCapImpl.obj
 0001:0000af5f       ?get_RealTimeDataEnabled@COPOSSigCap@@UAGJPAF@Z 1000bf5f f   SigCapImpl.obj
 0001:0000af78       ?get_ResultCode@COPOSSigCap@@UAGJPAJ@Z 1000bf78 f   SigCapImpl.obj
 0001:0000afb6       ?get_ResultCodeExtended@COPOSSigCap@@UAGJPAJ@Z 1000bfb6 f   SigCapImpl.obj
 0001:0000afcc       ?get_ServiceObjectDescription@COPOSSigCap@@UAGJPAPA_W@Z 1000bfcc f   SigCapImpl.obj
 0001:0000afe5       ?get_ServiceObjectVersion@COPOSSigCap@@UAGJPAJ@Z 1000bfe5 f   SigCapImpl.obj
 0001:0000affb       ?get_State@COPOSSigCap@@UAGJPAJ@Z 1000bffb f   SigCapImpl.obj
 0001:0000b027       ?get_TotalPoints@COPOSSigCap@@UAGJPAJ@Z 1000c027 f   SigCapImpl.obj
 0001:0000b040       ?put_AutoDisable@COPOSSigCap@@UAGJF@Z 1000c040 f   SigCapImpl.obj
 0001:0000b05d       ?put_BinaryConversion@COPOSSigCap@@UAGJJ@Z 1000c05d f   SigCapImpl.obj
 0001:0000b073       ?put_DataEventEnabled@COPOSSigCap@@UAGJF@Z 1000c073 f   SigCapImpl.obj
 0001:0000b090       ?put_DeviceEnabled@COPOSSigCap@@UAGJF@Z 1000c090 f   SigCapImpl.obj
 0001:0000b0ad       ?put_FreezeEvents@COPOSSigCap@@UAGJF@Z 1000c0ad f   SigCapImpl.obj
 0001:0000b0f9       ?put_PowerNotify@COPOSSigCap@@UAGJJ@Z 1000c0f9 f   SigCapImpl.obj
 0001:0000b10f       ?put_RealTimeDataEnabled@COPOSSigCap@@UAGJF@Z 1000c10f f   SigCapImpl.obj
 0001:0000b12f       ?s_EventWindowProc@COPOSSigCap@@KGJPAUHWND__@@IIJ@Z 1000c12f f i SigCapImpl.obj
 0001:0000b181       ??_U@YAPAXI@Z              1000c181 f   LIBCMT:new_array.obj
 0001:0000b18a       ??3@YAXPAXI@Z              1000c18a f   LIBCMT:delete_scalar_size.obj
 0001:0000b198       ??_V@YAXPAX@Z              1000c198 f   LIBCMT:delete_array.obj
 0001:0000b19d       ??_V@YAXPAXI@Z             1000c19d f   LIBCMT:delete_array_size.obj
 0001:0000b1ef       ___scrt_acquire_startup_lock 1000c1ef f   LIBCMT:utility.obj
 0001:0000b221       ___scrt_dllmain_after_initialize_c 1000c221 f   LIBCMT:utility.obj
 0001:0000b24c       ___scrt_dllmain_before_initialize_c 1000c24c f   LIBCMT:utility.obj
 0001:0000b25a       ___scrt_dllmain_crt_thread_attach 1000c25a f   LIBCMT:utility.obj
 0001:0000b279       ___scrt_dllmain_crt_thread_detach 1000c279 f   LIBCMT:utility.obj
 0001:0000b286       ___scrt_dllmain_exception_filter 1000c286 f   LIBCMT:utility.obj
 0001:0000b2ba       ___scrt_dllmain_uninitialize_c 1000c2ba f   LIBCMT:utility.obj
 0001:0000b2dd       ___scrt_dllmain_uninitialize_critical 1000c2dd f   LIBCMT:utility.obj
 0001:0000b2ea       ___scrt_initialize_crt     1000c2ea f   LIBCMT:utility.obj
 0001:0000b323       ___scrt_initialize_onexit_tables 1000c323 f   LIBCMT:utility.obj
 0001:0000b3aa       ___scrt_is_nonwritable_in_current_image 1000c3aa f   LIBCMT:utility.obj
 0001:0000b43e       ___scrt_release_startup_lock 1000c43e f   LIBCMT:utility.obj
 0001:0000b45b       ___scrt_uninitialize_crt   1000c45b f   LIBCMT:utility.obj
 0001:0000b483       __onexit                   1000c483 f   LIBCMT:utility.obj
 0001:0000b4b0       _atexit                    1000c4b0 f   LIBCMT:utility.obj
 0001:0000b4c5       ??3@YAXPAX@Z               1000c4c5 f   LIBCMT:delete_scalar.obj
 0001:0000b58f       __Init_thread_footer       1000c58f f   LIBCMT:thread_safe_statics.obj
 0001:0000b5d9       __Init_thread_header       1000c5d9 f   LIBCMT:thread_safe_statics.obj
 0001:0000b62b       __Init_thread_notify       1000c62b f   LIBCMT:thread_safe_statics.obj
 0001:0000b661       __Init_thread_wait         1000c661 f   LIBCMT:thread_safe_statics.obj
 0001:0000b6af       ___raise_securityfailure   1000c6af f   LIBCMT:gs_report.obj
 0001:0000b6d7       ___report_gsfailure        1000c6d7 f   LIBCMT:gs_report.obj
 0001:0000b7d0       ___report_rangecheckfailure 1000c7d0 f   LIBCMT:gs_report.obj
 0001:0000b7dc       ___report_securityfailure  1000c7dc f   LIBCMT:gs_report.obj
 0001:0000b8aa       ??2@YAPAXIABUnothrow_t@std@@@Z 1000c8aa f   LIBCMT:new_scalar_nothrow.obj
 0001:0000b8ff       ??_U@YAPAXIABUnothrow_t@std@@@Z 1000c8ff f   LIBCMT:new_array_nothrow.obj
 0001:0000b908       @__security_check_cookie@4 1000c908 f   LIBCMT:secchk.obj
 0001:0000b920       __SEH_prolog4_GS           1000c920 f   LIBCMT:sehprolg4gs.obj
 0001:0000b967       __SEH_epilog4_GS           1000c967 f   LIBCMT:sehprolg4gs.obj
 0001:0000b980       __alloca_probe_16          1000c980 f   LIBCMT:alloca16.obj
 0001:0000b996       __alloca_probe_8           1000c996     LIBCMT:alloca16.obj
 0001:0000b9b0       __alloca_probe             1000c9b0 f   LIBCMT:chkstk.obj
 0001:0000b9b0       __chkstk                   1000c9b0 f   LIBCMT:chkstk.obj
 0001:0000bd1d       __DllMainCRTStartup@12     1000cd1d f   LIBCMT:dll_dllmain.obj
 0001:0000bd40       ??2@YAPAXI@Z               1000cd40 f   LIBCMT:new_scalar.obj
 0001:0000bd70       ___isa_available_init      1000cd70 f   LIBCMT:cpu_disp.obj
 0001:0000bf40       ___scrt_is_ucrt_dll_in_use 1000cf40 f   LIBCMT:ucrt_detection.obj
 0001:0000bf4c       ___scrt_fastfail           1000cf4c f   LIBCMT:utility_desktop.obj
 0001:0000c066       __crt_debugger_hook        1000d066 f   LIBCMT:utility_desktop.obj
 0001:0000c070       __SEH_prolog4              1000d070 f   LIBCMT:sehprolg4.obj
 0001:0000c0b4       __SEH_epilog4              1000d0b4 f   LIBCMT:sehprolg4.obj
 0001:0000c0c8       @_guard_check_icall_nop@4  1000d0c8 f i LIBCMT:guard_support.obj
 0001:0000c118       ___security_init_cookie    1000d118 f   LIBCMT:gs_support.obj
 0001:0000c163       ?__scrt_initialize_type_info@@YAXXZ 1000d163 f   LIBCMT:tncleanup.obj
 0001:0000c16f       ?__scrt_uninitialize_type_info@@YAXXZ 1000d16f f   LIBCMT:tncleanup.obj
 0001:0000c17b       ___local_stdio_scanf_options 1000d17b f i LIBCMT:default_local_stdio_options.obj
 0001:0000c181       ___scrt_initialize_default_local_stdio_options 1000d181 f   LIBCMT:default_local_stdio_options.obj
 0001:0000c19e       ___scrt_get_dyn_tls_init_callback 1000d19e f   LIBCMT:dyn_tls_init.obj
 0001:0000c1a4       __RTC_Initialize           1000d1a4 f   LIBCMT:initsect.obj
 0001:0000c1d0       __RTC_Terminate            1000d1d0 f   LIBCMT:initsect.obj
 0001:0000c1fc       ??0bad_alloc@std@@QAE@ABV01@@Z 1000d1fc f i LIBCMT:throw_bad_alloc.obj
 0001:0000c217       ??0bad_alloc@std@@QAE@XZ   1000d217 f i LIBCMT:throw_bad_alloc.obj
 0001:0000c22f       ??0bad_array_new_length@std@@QAE@ABV01@@Z 1000d22f f i LIBCMT:throw_bad_alloc.obj
 0001:0000c24a       ??0bad_array_new_length@std@@QAE@XZ 1000d24a f i LIBCMT:throw_bad_alloc.obj
 0001:0000c262       ??0exception@std@@QAE@ABV01@@Z 1000d262 f i LIBCMT:throw_bad_alloc.obj
 0001:0000c28e       ??1bad_exception@std@@UAE@XZ 1000d28e f i libvcruntime:frame.obj
 0001:0000c28e       ??1bad_array_new_length@std@@UAE@XZ 1000d28e f i LIBCMT:throw_bad_alloc.obj
 0001:0000c28e       ??1bad_alloc@std@@UAE@XZ   1000d28e f i LIBCMT:throw_bad_alloc.obj
 0001:0000c29f       ??_Ebad_exception@std@@UAEPAXI@Z 1000d29f f i libvcruntime:frame.obj
 0001:0000c29f       ??_Eexception@std@@UAEPAXI@Z 1000d29f f i LIBCMT:throw_bad_alloc.obj
 0001:0000c29f       ??_Gexception@std@@UAEPAXI@Z 1000d29f f i LIBCMT:throw_bad_alloc.obj
 0001:0000c29f       ??_Gbad_exception@std@@UAEPAXI@Z 1000d29f f i libvcruntime:frame.obj
 0001:0000c29f       ??_Ebad_array_new_length@std@@UAEPAXI@Z 1000d29f f i LIBCMT:throw_bad_alloc.obj
 0001:0000c29f       ??_Ebad_alloc@std@@UAEPAXI@Z 1000d29f f i LIBCMT:throw_bad_alloc.obj
 0001:0000c29f       ??_Gbad_array_new_length@std@@UAEPAXI@Z 1000d29f f i LIBCMT:throw_bad_alloc.obj
 0001:0000c29f       ??_Gbad_alloc@std@@UAEPAXI@Z 1000d29f f i LIBCMT:throw_bad_alloc.obj
 0001:0000c2cc       ?__scrt_throw_std_bad_alloc@@YAXXZ 1000d2cc f   LIBCMT:throw_bad_alloc.obj
 0001:0000c2e9       ?__scrt_throw_std_bad_array_new_length@@YAXXZ 1000d2e9 f   LIBCMT:throw_bad_alloc.obj
 0001:0000c306       ?what@exception@std@@UBEPBDXZ 1000d306 f i LIBCMT:throw_bad_alloc.obj
 0001:0000c313       ??_Gtype_info@@UAEPAXI@Z   1000d313 f i LIBCMT:std_type_info_static.obj
 0001:0000c313       ??_Etype_info@@UAEPAXI@Z   1000d313 f i LIBCMT:std_type_info_static.obj
 0001:0000c336       ??0CAtlBaseModule@ATL@@QAE@XZ 1000d336 f   atls:atlbase.obj
 0001:0000c389       ??0_ATL_BASE_MODULE70@ATL@@QAE@XZ 1000d389 f i atls:atlbase.obj
 0001:0000c3ac       ??1CAtlBaseModule@ATL@@QAE@XZ 1000d3ac f   atls:atlbase.obj
 0001:0000c499       ?Init@_stdcallthunk@ATL@@QAEHKPAX@Z 1000d499 f i atls:atlthunk.obj
 0001:0000c4ce       ?__AllocStdCallThunk_cmn@@YAPAXXZ 1000d4ce f   atls:atlthunk.obj
 0001:0000c594       ?__FreeStdCallThunk_cmn@@YAXPAX@Z 1000d594 f   atls:atlthunk.obj
 0001:0000c62f       _AtlThunk_AllocateData@0   1000d62f f   atls:atlthunk.obj
 0001:0000c694       _AtlThunk_DataToCode@4     1000d694 f   atls:atlthunk.obj
 0001:0000c6db       _AtlThunk_FreeData@4       1000d6db f   atls:atlthunk.obj
[...]
 0002:000030a0       ?strings@?1??fp_format_nan_or_infinity@@YAHW4__acrt_fp_class@@_NPADI1@Z@4QAY03QBDA 100230a0     libucrt:cvt.obj
 0002:000035e8       ?_mb_locale_names@@3QBQB_WB 100235e8     libucrt:mbctype.obj
 0002:00003e30       ?LcidToLocaleNameTable@?A0x881e4c05@@3QBULcidToLocaleName@1@B 10023e30     libucrt:lcidtoname_downlevel.obj
 0002:00004f58       ?LocaleNameToIndexTable@?A0x881e4c05@@3QBULocaleNameIndex@1@B 10024f58     libucrt:lcidtoname_downlevel.obj
 0002:00006890       LOG_name                   10026890     libucrt:log10_impl.obj
 0002:000068a0       _One                       100268a0     libucrt:ceil_pentium4.obj
 0002:000068b0       _Bns                       100268b0     libucrt:ceil_pentium4.obj
 0002:000068c0       _Zero                      100268c0     libucrt:ceil_pentium4.obj
 0002:000068d0       _S                         100268d0     libucrt:ceil_pentium4.obj
 0002:000068e0       _NegZero                   100268e0     libucrt:ceil_pentium4.obj
 0002:000068f0       emask                      100268f0     libucrt:log10_pentium4.obj
 0002:00006900       CC                         10026900     libucrt:log10_pentium4.obj
 0002:00006910       Magic                      10026910     libucrt:log10_pentium4.obj
 0002:00006920       hi_mask                    10026920     libucrt:log10_pentium4.obj
 0002:00006930       LOG10_2                    10026930     libucrt:log10_pentium4.obj
 0002:00006940       place_L                    10026940     libucrt:log10_pentium4.obj
 0002:00006960       One                        10026960     libucrt:log10_pentium4.obj
 0002:00006970       Zero                       10026970     libucrt:log10_pentium4.obj
 0002:00006980       Two52                      10026980     libucrt:log10_pentium4.obj
 0002:00006990       Infs                       10026990     libucrt:log10_pentium4.obj
 0002:000069a0       NaN                        100269a0     libucrt:log10_pentium4.obj
 0002:000069b0       coeff                      100269b0     libucrt:log10_pentium4.obj
 0002:00006a0e       _log2max                   10026a0e     libucrt:87tran.obj
 0002:00006a18       _smallarg                  10026a18     libucrt:87tran.obj
 0002:00006a22       _half                      10026a22     libucrt:87tran.obj
 0002:00006a6e       One                        10026a6e     libucrt:87disp.obj
 0002:00006a76       Three                      10026a76     libucrt:87disp.obj
 0002:00006a7e       XAMtoTagTab                10026a7e     libucrt:87disp.obj
 0002:00006a90       One                        10026a90     libucrt:common.obj
 0002:00006aa4       DblMax                     10026aa4     libucrt:common.obj
 0002:00006aac       DblMin                     10026aac     libucrt:common.obj
 0002:00006ab4       IeeeAdjO                   10026ab4     libucrt:common.obj
 0002:00006abc       IeeeAdjU                   10026abc     libucrt:common.obj
 0002:00006ac4       _infinity                  10026ac4     libucrt:common.obj
 0002:00006acc       _zero                      10026acc     libucrt:common.obj
 0002:00006b18       _over                      10026b18     libucrt:fpctrl.obj
 0002:00006b24       _under                     10026b24     libucrt:fpctrl.obj
 0002:00007358       ?_names@?1??_get_fname@@9@9 10027358     libucrt:fpexcept.obj
 0002:00007500       two32                      10027500     LIBCMT:ftol2.obj
 0002:00007504       two63                      10027504     LIBCMT:ftol2.obj
 0002:00007508       _NaN                       10027508     LIBCMT:ftol2.obj
 0002:00007be8       __sehtable$?_AtlVerifyStackAvailable@_ATL_SAFE_ALLOCA_IMPL@ATL@@YA_NK@Z 10027be8     SigCap.obj
 0002:00007c08       __sehtable$___scrt_is_nonwritable_in_current_image 10027c08     LIBCMT:utility.obj
 0002:00007c24       __catchsym$??2@YAPAXIABUnothrow_t@std@@@Z$2 10027c24     LIBCMT:new_scalar_nothrow.obj
 0002:00007c34       __unwindtable$??2@YAPAXIABUnothrow_t@std@@@Z 10027c34     LIBCMT:new_scalar_nothrow.obj
 0002:00007c44       __tryblocktable$??2@YAPAXIABUnothrow_t@std@@@Z 10027c44     LIBCMT:new_scalar_nothrow.obj
 0002:00007c58       __ehfuncinfo$??2@YAPAXIABUnothrow_t@std@@@Z 10027c58     LIBCMT:new_scalar_nothrow.obj
 0002:00007c80       __sehtable$?dllmain_crt_process_attach@@YAHQAUHINSTANCE__@@QAX@Z 10027c80     LIBCMT:dll_dllmain.obj
 0002:00007ca0       __sehtable$?dllmain_crt_process_detach@@YAH_N@Z 10027ca0     LIBCMT:dll_dllmain.obj
 0002:00007cc8       __sehtable$?dllmain_dispatch@@YAHQAUHINSTANCE__@@KQAX@Z 10027cc8     LIBCMT:dll_dllmain.obj
 0002:00007d78       __sehtable$___DestructExceptionObject 10027d78     libvcruntime:ehhelpers.obj
 0002:00007d98       __sehtable$?FrameUnwindToState@__FrameHandler3@@SAXPAUEHRegistrationNode@@PAXPBU_s_FuncInfo@@H@Z 10027d98     libvcruntime:frame.obj
 0002:00007dc0       __sehtable$?CallCatchBlock@@YAPAXPAUEHExceptionRecord@@PAUEHRegistrationNode@@PAU_CONTEXT@@PBU_s_FuncInfo@@PAXHK@Z 10027dc0     libvcruntime:frame.obj
 0002:00007de8       __catchsym$?CallUnexpected@@YAXPBU_s_ESTypeList@@@Z$2 10027de8     libvcruntime:frame.obj
 0002:00007df8       __unwindtable$?CallUnexpected@@YAXPBU_s_ESTypeList@@@Z 10027df8     libvcruntime:frame.obj
 0002:00007e08       __tryblocktable$?CallUnexpected@@YAXPBU_s_ESTypeList@@@Z 10027e08     libvcruntime:frame.obj
 0002:00007e1c       __ehfuncinfo$?CallUnexpected@@YAXPBU_s_ESTypeList@@@Z 10027e1c     libvcruntime:frame.obj
 0002:00007e40       __sehtable$??$BuildCatchObjectHelperInternal@V__FrameHandler3@@@@YAHPAUEHExceptionRecord@@PAXPBU_s_HandlerType@@PBU_s_CatchableType@@@Z 10027e40     libvcruntime:frame.obj
 0002:00007e60       __sehtable$??$BuildCatchObjectInternal@V__FrameHandler3@@@@YAXPAUEHExceptionRecord@@PAXPBU_s_HandlerType@@PBU_s_CatchableType@@@Z 10027e60     libvcruntime:frame.obj
 0002:00007eb8       __sehtable$??R<lambda_6e4b09c48022b2350581041d5f6b0c4c>@@QBE@XZ 10027eb8     libucrt:exit.obj
 0002:00007ed8       __sehtable$??$?RV<lambda_03b1d95aef87969028cfba75ccab2455>@@AAV<lambda_6e4b09c48022b2350581041d5f6b0c4c>@@V<lambda_22bdf7517842c4b3e53723af5aa32b9e>@@@?$__crt_seh_guarded_call@X@@QAEX$$QAV<lambda_03b1d95aef87969028cfba75ccab2455>@@AAV<lambda_6e4b09c48022b2350581041d5f6b0c4c>@@$$QAV<lambda_22bdf7517842c4b3e53723af5aa32b9e>@@@Z 10027ed8     libucrt:exit.obj
 0002:00007ef8       __sehtable$??$?RV<lambda_8e746cf0007f6ed984d6f78af1fec997>@@AAV<lambda_22ebabd17bc4fa466a2aca6d8deb888d>@@V<lambda_18ed0c0b38a6dc0daf1e7ac6d6adf05e>@@@?$__crt_seh_guarded_call@H@@QAEH$$QAV<lambda_8e746cf0007f6ed984d6f78af1fec997>@@AAV<lambda_22ebabd17bc4fa466a2aca6d8deb888d>@@$$QAV<lambda_18ed0c0b38a6dc0daf1e7ac6d6adf05e>@@@Z 10027ef8     libucrt:onexit.obj
 0002:00007f18       __sehtable$??$?RV<lambda_69a2805e680e0e292e8ba93315fe43a8>@@AAV<lambda_f03950bc5685219e0bcd2087efbe011e>@@V<lambda_03fcd07e894ec930e3f35da366ca99d6>@@@?$__crt_seh_guarded_call@H@@QAEH$$QAV<lambda_69a2805e680e0e292e8ba93315fe43a8>@@AAV<lambda_f03950bc5685219e0bcd2087efbe011e>@@$$QAV<lambda_03fcd07e894ec930e3f35da366ca99d6>@@@Z 10027f18     libucrt:onexit.obj
 0002:00007f38       __sehtable$__query_new_handler 10027f38     libucrt:new_handler.obj
 0002:00007f58       __sehtable$_terminate      10027f58     libucrt:terminate.obj
 0002:00007f78       __sehtable$??$?RV<lambda_15ade71b0218206bbe3333a0c9b79046>@@AAV<lambda_da44e0f8b0f19ba52fefafb335991732>@@V<lambda_207f2d024fc103971653565357d6cd41>@@@?$__crt_seh_guarded_call@X@@QAEX$$QAV<lambda_15ade71b0218206bbe3333a0c9b79046>@@AAV<lambda_da44e0f8b0f19ba52fefafb335991732>@@$$QAV<lambda_207f2d024fc103971653565357d6cd41>@@@Z 10027f78     libucrt:per_thread_data.obj
 0002:00007f98       __sehtable$??$?RV<lambda_a7e850c220f1c8d1e6efeecdedd162c6>@@AAV<lambda_46720907175c18b6c9d2717bc0d2d362>@@V<lambda_9048902d66e8d99359bc9897bbb930a8>@@@?$__crt_seh_guarded_call@X@@QAEX$$QAV<lambda_a7e850c220f1c8d1e6efeecdedd162c6>@@AAV<lambda_46720907175c18b6c9d2717bc0d2d362>@@$$QAV<lambda_9048902d66e8d99359bc9897bbb930a8>@@@Z 10027f98     libucrt:per_thread_data.obj
 0002:00007fb8       __sehtable$??$?RV<lambda_38edbb1296d33220d7e4dd0ed76b244a>@@AAV<lambda_5ce1d447e08cb34b2473517608e21441>@@V<lambda_fb385d3da700c9147fc39e65dd577a8c>@@@?$__crt_seh_guarded_call@X@@QAEX$$QAV<lambda_38edbb1296d33220d7e4dd0ed76b244a>@@AAV<lambda_5ce1d447e08cb34b2473517608e21441>@@$$QAV<lambda_fb385d3da700c9147fc39e65dd577a8c>@@@Z 10027fb8     libucrt:per_thread_data.obj
 0002:00007fd8       __sehtable$??$?RV<lambda_6affb1475c98b40b75cdec977db92e3c>@@AAV<lambda_b8d4b9c228a6ecc3f80208dbb4b4a104>@@V<lambda_608742c3c92a14382c1684fc64f96c88>@@@?$__crt_seh_guarded_call@X@@QAEX$$QAV<lambda_6affb1475c98b40b75cdec977db92e3c>@@AAV<lambda_b8d4b9c228a6ecc3f80208dbb4b4a104>@@$$QAV<lambda_608742c3c92a14382c1684fc64f96c88>@@@Z 10027fd8     libucrt:per_thread_data.obj
 0002:00007ff8       __sehtable$??$?RV<lambda_e5124f882df8998aaf41531e079ba474>@@AAV<lambda_3e16ef9562a7dcce91392c22ab16ea36>@@V<lambda_e25ca0880e6ef98be67edffd8c599615>@@@?$__crt_seh_guarded_call@X@@QAEX$$QAV<lambda_e5124f882df8998aaf41531e079ba474>@@AAV<lambda_3e16ef9562a7dcce91392c22ab16ea36>@@$$QAV<lambda_e25ca0880e6ef98be67edffd8c599615>@@@Z 10027ff8     libucrt:wsetlocale.obj
 0002:00008018       __sehtable$___acrt_initialize_lowio 10028018     libucrt:ioinit.obj
 0002:00008038       __sehtable$?update_thread_multibyte_data_internal@@YAPAU__crt_multibyte_data@@QAU__acrt_ptd@@QAPAU1@@Z 10028038     libucrt:mbctype.obj
 0002:00008058       __sehtable$??$?RV<lambda_ceb1ee4838e85a9d631eb091e2fbe199>@@AAV<lambda_ae742caa10f662c28703da3d2ea5e57e>@@V<lambda_cd08b5d6af4937fe54fc07d0c9bf6b37>@@@?$__crt_seh_guarded_call@X@@QAEX$$QAV<lambda_ceb1ee4838e85a9d631eb091e2fbe199>@@AAV<lambda_ae742caa10f662c28703da3d2ea5e57e>@@$$QAV<lambda_cd08b5d6af4937fe54fc07d0c9bf6b37>@@@Z 10028058     libucrt:mbctype.obj
 0002:00008078       __sehtable$_raise          10028078     libucrt:signal.obj
 0002:00008098       __sehtable$??$?RV<lambda_cbab9ec6f41b0180b23cc171c22676b0>@@AAV<lambda_44731a7d0e6d81c3e6aa82d741081786>@@V<lambda_4b292cb8dd18144e164572427af410ab>@@@?$__crt_seh_guarded_call@P6AXH@Z@@QAEP6AXH@Z$$QAV<lambda_cbab9ec6f41b0180b23cc171c22676b0>@@AAV<lambda_44731a7d0e6d81c3e6aa82d741081786>@@$$QAV<lambda_4b292cb8dd18144e164572427af410ab>@@@Z 10028098     libucrt:signal.obj
 0002:000080b8       __sehtable$??$?RV<lambda_2866be3712abc81a800a822484c830d8>@@AAV<lambda_39ca0ed439415581b5b15c265174cece>@@V<lambda_2b24c74d71094a6cd0cb82e44167d71b>@@@?$__crt_seh_guarded_call@X@@QAEX$$QAV<lambda_2866be3712abc81a800a822484c830d8>@@AAV<lambda_39ca0ed439415581b5b15c265174cece>@@$$QAV<lambda_2b24c74d71094a6cd0cb82e44167d71b>@@@Z 100280b8     libucrt:fflush.obj
 0002:000080d8       __sehtable$??$?RV<lambda_2cc53f568c5a2bb6f192f930a45d44ea>@@AAV<lambda_ab61a845afdef5b7c387490eaf3616ee>@@V<lambda_c2ffc0b7726aa6be21d5f0026187e748>@@@?$__crt_seh_guarded_call@X@@QAEX$$QAV<lambda_2cc53f568c5a2bb6f192f930a45d44ea>@@AAV<lambda_ab61a845afdef5b7c387490eaf3616ee>@@$$QAV<lambda_c2ffc0b7726aa6be21d5f0026187e748>@@@Z 100280d8     libucrt:fflush.obj
 0002:000080f8       __sehtable$___acrt_update_thread_locale_data 100280f8     libucrt:locale_refcounting.obj
 0002:00008118       __sehtable$__fcloseall     10028118     libucrt:closeall.obj
 0002:00008138       __sehtable$___acrt_lowio_ensure_fh_exists 10028138     libucrt:osfinfo.obj
 0002:00008158       __sehtable$??$?RV<lambda_9e9de3de5fa147e2223d7db92bc10aa6>@@AAV<lambda_38ce7e780aa69e748d6df282ebc68efe>@@V<lambda_8ca6da459f0f6780f1cff60fdc3d00e5>@@@?$__crt_seh_guarded_call@H@@QAEH$$QAV<lambda_9e9de3de5fa147e2223d7db92bc10aa6>@@AAV<lambda_38ce7e780aa69e748d6df282ebc68efe>@@$$QAV<lambda_8ca6da459f0f6780f1cff60fdc3d00e5>@@@Z 10028158     libucrt:commit.obj
 0002:00008178       __sehtable$__write         10028178     libucrt:write.obj
 0002:00008198       __sehtable$_fclose         10028198     libucrt:fclose.obj
 0002:000081b8       __sehtable$??$?RV<lambda_218ce3db14220d0be481dae8ef3383b6>@@AAV<lambda_628dfdc04ba53c8bfc02c9951375f3f5>@@V<lambda_57dc472bd5c9d5f3b2cbca59b8a843ae>@@@?$__crt_seh_guarded_call@H@@QAEH$$QAV<lambda_218ce3db14220d0be481dae8ef3383b6>@@AAV<lambda_628dfdc04ba53c8bfc02c9951375f3f5>@@$$QAV<lambda_57dc472bd5c9d5f3b2cbca59b8a843ae>@@@Z 100281b8     libucrt:close.obj
 0002:000081d8       __sehtable$___set_fpsr_sse2 100281d8     libucrt:fpctrl.obj
 0002:000081f8       __sehtable$__IsNonwritableInCurrentImage 100281f8     LIBCMT:pesect.obj
 0002:00008220       .edata                     10028220     OPOSSigCap.exp
 0002:00008248       rgpv                       10028248     OPOSSigCap.exp
 0002:00008258       rgszName                   10028258     OPOSSigCap.exp
 0002:00008268       rgwOrd                     10028268     OPOSSigCap.exp
 0002:00008270       szName                     10028270     OPOSSigCap.exp
 0002:0000827f       $N00001                    1002827f     OPOSSigCap.exp
 0002:0000828f       $N00002                    1002828f     OPOSSigCap.exp
 0002:000082a1       $N00003                    100282a1     OPOSSigCap.exp
 0002:000082b3       $N00004                    100282b3     OPOSSigCap.exp
 0002:000088c2       .idata$6                   100288c2     kernel32:KERNEL32.dll
 0002:00008ad6       .idata$6                   10028ad6     user32:USER32.dll
 0002:00008c0a       .idata$6                   10028c0a     gdi32:GDI32.dll
 0002:00008cb0       .idata$6                   10028cb0     advapi32:ADVAPI32.dll
 0002:00008dcc       .idata$6                   10028dcc     ole32:ole32.dll
 0002:00008dd6       .idata$6                   10028dd6     oleaut32:OLEAUT32.dll
 0003:00000110       ?ObjectMap@@3PAU_ATL_OBJMAP_ENTRY30@ATL@@A 1002a110     SigCap.obj
 0003:000001c0       ?s_SOMethodNames@@3PAPADA  1002a1c0     SigCapImpl.obj
 0003:00000214       ?s_RequiredMethodsPerRelease@@3PAHA 1002a214     SigCapImpl.obj
 0003:00000260       ?__vcrt_flsindex@@3KA      1002a260     libvcruntime:per_thread_data.obj
 0003:00000280       ?errno_no_memory@@3HA      1002a280     libucrt:errno.obj
 0003:00000284       ?doserrno_no_memory@@3KA   1002a284     libucrt:errno.obj
 0003:00000290       ?__acrt_flsindex@@3KA      1002a290     libucrt:per_thread_data.obj
 0003:00000628       __mbctypes                 1002a628     libucrt:mbctype.obj
 0003:00000730       __mbcasemaps               1002a730     libucrt:mbctype.obj
 0003:00000830       ?__rgctypeflag@@3PADA      1002a830     libucrt:mbctype.obj
 0003:00000838       ?__rgcode_page_info@@3PAUcode_page_info@@A 1002a838     libucrt:mbctype.obj
 0003:00000a90       ?__dcrt_lowio_console_output_handle@@3PAXA 1002aa90     libucrt:initcon.obj
 0003:00000a94       ?__DAZ_ENABLED@?1??__set_fpsr_sse2@@9@9 1002aa94     libucrt:fpctrl.obj
 0003:00000c28       ?is_initialized_as_dll@@3_NA 1002ac28     LIBCMT:utility.obj
 0003:00000c29       ?module_local_atexit_table_initialized@@3_NA 1002ac29     LIBCMT:utility.obj
 0003:00000c2c       ?module_local_atexit_table@@3U_onexit_table_t@@A 1002ac2c     LIBCMT:utility.obj
 0003:00000c38       ?module_local_at_quick_exit_table@@3U_onexit_table_t@@A 1002ac38     LIBCMT:utility.obj
 0003:00000c44       ?g_tss_cv@@3U_RTL_CONDITION_VARIABLE@@A 1002ac44     LIBCMT:thread_safe_statics.obj
 0003:00000c48       ?g_tss_event@@3PAXA        1002ac48     LIBCMT:thread_safe_statics.obj
 0003:00000c4c       ?g_tss_mutex@@3U_RTL_CRITICAL_SECTION@@A 1002ac4c     LIBCMT:thread_safe_statics.obj
 0003:00000c64       ?g_sleep_condition_variable_cs@@3P6GHPAU_RTL_CONDITION_VARIABLE@@PAU_RTL_CRITICAL_SECTION@@K@ZA 1002ac64     LIBCMT:thread_safe_statics.obj
 0003:00000c68       ?g_wake_all_condition_variable@@3P6GXPAU_RTL_CONDITION_VARIABLE@@@ZA 1002ac68     LIBCMT:thread_safe_statics.obj
 0003:00000c70       _GS_ExceptionRecord        1002ac70     LIBCMT:gs_report.obj
 0003:00000cc0       _GS_ContextRecord          1002acc0     LIBCMT:gs_report.obj
 0003:00000f90       ?__proc_attached@@3HA      1002af90     LIBCMT:dll_dllmain.obj
 0003:00000ff4       ?AllocateData@@3P6GPAUAtlThunkData_t@@XZA 1002aff4     atls:atlthunk.obj
 0003:00000ff8       ?InitData@@3P6GXPAUAtlThunkData_t@@PAXI@ZA 1002aff8     atls:atlthunk.obj
 0003:00000ffc       ?DataToCode@@3P6GP6GJPAUHWND__@@IIJ@ZPAUAtlThunkData_t@@@ZA 1002affc     atls:atlthunk.obj
 0003:00001000       ?FreeData@@3P6GXPAUAtlThunkData_t@@@ZA 1002b000     atls:atlthunk.obj
 0003:00001004       ?Initialized@@3_NA         1002b004     atls:atlthunk.obj
 0003:00001014       ?__vcrt_startup_thread_ptd@@3U__vcrt_ptd@@A 1002b014     libvcruntime:per_thread_data.obj
 0003:0000103c       ___vcrt_lock_table         1002b03c     libvcruntime:locks.obj
 0003:00001054       ___vcrt_locks_initialized  1002b054     libvcruntime:locks.obj
 0003:00001080       ?heap@@3V_HeapManager@@A   1002b080     libvcruntime:undname.obj
 0003:00001094       ?module_handles@@3PAPAUHINSTANCE__@@A 1002b094     libvcruntime:winapi_downlevel.obj
 0003:000010a0       ?function_pointers@@3PAPAXA 1002b0a0     libvcruntime:winapi_downlevel.obj
 0003:000010b4       ?__acrt_invalid_parameter_handler@@3V?$dual_state_global@P6AXPB_W00II@Z@__crt_state_management@@A 1002b0b4     libucrt:invalid_parameter.obj
 0003:000010b8       ?c_termination_complete@@3JA 1002b0b8     libucrt:exit.obj
 0003:000010bc       ?thread_local_exit_callback_func@@3P6GXPAXK0@ZA 1002b0bc     libucrt:exit.obj
 0003:000010c8       ?program_name@?1???$common_configure_argv@D@@YAHW4_crt_argv_mode@@@Z@4PADA 1002b0c8     libucrt:argv_parsing.obj
 0003:000011f8       ?__acrt_new_handler@@3V?$dual_state_global@P6AHI@Z@__crt_state_management@@A 1002b1f8     libucrt:new_handler.obj
 0003:00001200       ?module_handles@@3PAPAUHINSTANCE__@@A 1002b200     libucrt:winapi_thunks.obj
 0003:00001250       ?encoded_function_pointers@@3PAPAXA 1002b250     libucrt:winapi_thunks.obj
 0003:000012d8       ?internal_state@?1??_mbtowc_l@@9@4U_Mbstatet@@A 1002b2d8     libucrt:mbtowc.obj
 0003:000012e8       ?enable_percent_n@@3IA     1002b2e8     libucrt:printf_count_output.obj
 0003:00001508       ?__acrt_lock_table@@3PAU_RTL_CRITICAL_SECTION@@A 1002b508     libucrt:locks.obj
 0003:00001658       ?__acrt_locks_initialized@@3IA 1002b658     libucrt:locks.obj
 0003:00001668       ?fSystemSet@@3HA           1002b668     libucrt:mbctype.obj
 0003:0000166c       ?initialized@?1??__acrt_initialize_multibyte@@9@4_NA 1002b66c     libucrt:mbctype.obj
 0003:0000168c       ?ctrlc_action@@3V?$dual_state_global@P6AXH@Z@__crt_state_management@@A 1002b68c     libucrt:signal.obj
 0003:00001690       ?ctrlbreak_action@@3V?$dual_state_global@P6AXH@Z@__crt_state_management@@A 1002b690     libucrt:signal.obj
 0003:00001694       ?abort_action@@3V?$dual_state_global@P6AXH@Z@__crt_state_management@@A 1002b694     libucrt:signal.obj
 0003:00001698       ?term_action@@3V?$dual_state_global@P6AXH@Z@__crt_state_management@@A 1002b698     libucrt:signal.obj
 0003:0000169c       ?user_matherr@@3V?$dual_state_global@P6AHPAU_exception@@@Z@__crt_state_management@@A 1002b69c     libucrt:matherr.obj
 0003:000016a0       ?__acrt_global_new_mode@@3V?$dual_state_global@J@__crt_state_management@@A 1002b6a0     libucrt:new_mode.obj
 0003:000016ac       ?internal_pst@?1??__mbrtoc32_utf8@__crt_mbstring@@YAIPA_UPBDIPAU_Mbstatet@@@Z@4U3@A 1002b6ac     libucrt:mbrtoc32.obj
 0003:000016b4       ?__acrt_app_type@@3W4_crt_app_type@@A 1002b6b4     libucrt:report_runtime_error.obj
 0003:000016bc       __pmatherr_set             1002b6bc     libucrt:libm_error.obj
 0004:00000220       $R000000                   1002c220     SigCap.res
 0004:00000ba0       $R000980                   1002cba0     SigCap.res
 0004:00000c88       $R000A68                   1002cc88     SigCap.res
 0004:00000ef0       $R000CD0                   1002cef0     SigCap.res
 0004:00001438       $R001218                   1002d438     SigCap.res
 0004:00003fe8       $R003DC8                   1002ffe8     SigCap.res
 0004:00004018       $R003DF8                   10030018     SigCap.res
