 OPOSTotals

 Timestamp is 600f7afc (Tue Jan 26 11:14:20 2021)

 Preferred load address is 10000000

 Start         Length     Name                   Class
 0001:00000000 00000080H .text$di                CODE
 0001:00000080 0001e3b3H .text$mn                CODE
 0001:0001e433 0000003aH .text$x                 CODE
 0001:0001e46d 00000042H .text$yd                CODE
 0002:00000000 000002fcH .idata$5                DATA
 0002:000002fc 00000004H .00cfg                  DATA
 0002:00000300 00000004H .CRT$XCA                DATA
 0002:00000304 00000004H .CRT$XCL                DATA
 0002:00000308 00000010H .CRT$XCU                DATA
 0002:00000318 00000004H .CRT$XCZ                DATA
 0002:0000031c 00000004H .CRT$XIA                DATA
 0002:00000320 00000010H .CRT$XIC                DATA
 0002:00000330 00000004H .CRT$XIZ                DATA
 0002:00000334 00000004H .CRT$XLA                DATA
 0002:00000338 00000004H .CRT$XLZ                DATA
 0002:0000033c 00000004H .CRT$XPA                DATA
 0002:00000340 00000008H .CRT$XPX                DATA
 0002:00000348 00000004H .CRT$XPXA               DATA
 0002:0000034c 00000004H .CRT$XPZ                DATA
 0002:00000350 00000004H .CRT$XTA                DATA
 0002:00000354 0000000cH .CRT$XTZ                DATA
 0002:00000358 00000000H .gfids$y                DATA
 0002:00000360 00007320H .rdata                  DATA
 0002:00007680 00000000H .rdata$CastGuardVftablesA DATA
 0002:00007680 00000000H .rdata$CastGuardVftablesC DATA
 0002:00007680 00000018H .rdata$T                DATA
 0002:00007698 00000178H .rdata$r                DATA
 0002:00007810 0000001cH .rdata$sxdata           DATA
 0002:0000782c 000003dcH .rdata$zzzdbg           DATA
 0002:00007c08 00000004H .rtc$IAA                DATA
 0002:00007c0c 00000004H .rtc$IZZ                DATA
 0002:00007c10 00000004H .rtc$TAA                DATA
 0002:00007c14 00000004H .rtc$TZZ                DATA
 0002:00007c18 00000004H .tls                    DATA
 0002:00007c1c 00000004H .tls$                   DATA
 0002:00007c20 00000008H .tls$ZZZ                DATA
 0002:00007c28 0000062cH .xdata$x                DATA
 0002:00008254 00000004H ATL$__a                 DATA
 0002:00008258 00000008H ATL$__z                 DATA
 0002:00008260 000000a8H .edata                  DATA
 0002:00008308 00000078H .idata$2                DATA
 0002:00008380 00000014H .idata$3                DATA
 0002:00008394 000002fcH .idata$4                DATA
 0002:00008690 00000bceH .idata$6                DATA
 0003:00000000 00000ad0H .data                   DATA
 0003:00000ad0 00000098H .data$r                 DATA
 0003:00000b68 00000b88H .bss                    DATA
 0004:00000000 00000220H .rsrc$01                DATA
 0004:00000220 000040f0H .rsrc$02                DATA

  Address         Publics by Value              Rva+Base       Lib:Object

 0000:00000000       ___guard_fids_count        00000000     <absolute>
 0000:00000000       ___guard_longjmp_table     00000000     <absolute>
 0000:00000000       ___guard_eh_cont_table     00000000     <absolute>
 0000:00000000       ___volatile_metadata       00000000     <absolute>
 0000:00000000       ___arm64x_extra_rfe_table  00000000     <absolute>
 0000:00000000       ___arm64x_redirection_metadata 00000000     <absolute>
 0000:00000000       ___guard_eh_cont_count     00000000     <absolute>
 0000:00000000       ___guard_iat_count         00000000     <absolute>
 0000:00000000       __except_list              00000000     <absolute>
 0000:00000000       ___x64_code_ranges_to_entry_points_count 00000000     <absolute>
 0000:00000000       ___hybrid_code_map_count   00000000     <absolute>
 0000:00000000       ___x64_code_ranges_to_entry_points 00000000     <absolute>
 0000:00000000       ___guard_iat_table         00000000     <absolute>
 0000:00000000       ___arm64x_native_entrypoint 00000000     <absolute>
 0000:00000000       ___hybrid_code_map         00000000     <absolute>
 0000:00000000       ___arm64x_extra_rfe_table_size 00000000     <absolute>
 0000:00000000       ___guard_longjmp_count     00000000     <absolute>
 0000:00000000       ___arm64x_redirection_metadata_count 00000000     <absolute>
 0000:00000000       ___hybrid_auxiliary_iat    00000000     <absolute>
 0000:00000000       ___dynamic_value_reloc_table 00000000     <absolute>
 0000:00000000       ___AbsoluteZero            00000000     <absolute>
 0000:00000000       ___enclave_config          00000000     <absolute>
 0000:00000000       ___guard_fids_table        00000000     <absolute>
 0000:00000007       ___safe_se_handler_count   00000007     <absolute>
 0000:0000002c       __tls_array                0000002c     <absolute>
 0000:00000100       ___guard_flags             00000100     <absolute>
 0000:00000000       ___ImageBase               10000000     <linker-defined>
 0001:00000080       ?DupWide@_CW@@AAEXXZ       10001080 f   CWString.obj
 0001:0000009c       ?cw_dup@@YGXPBDAAHAAPA_W1@Z 1000109c f   CWString.obj
 0001:00000124       ?cw_memcpy@@YGHPA_WPBDH@Z  10001124 f   CWString.obj
 0001:00000150       ?cw_strcpy@@YAHPA_WPBD@Z   10001150 f   CWString.obj
 0001:00000163       ?cw_strlen@@YAHPBD@Z       10001163 f   CWString.obj
 0001:0000017c       ??0CAtlComModule@ATL@@QAE@XZ 1000117c f i OposVariant.obj
 0001:000001c1       ??0CAtlWinModule@ATL@@QAE@XZ 100011c1 f i OposVariant.obj
 0001:000001f8       ??0OposDispParms@@QAE@PAVOposVariant@@H@Z 100011f8 f   OposVariant.obj
 0001:00000269       ??1OposDispParms@@QAE@XZ   10001269 f   OposVariant.obj
 0001:00000277       ??A?$CSimpleArray@GV?$CSimpleArrayEqualHelper@G@ATL@@@ATL@@QAEAAGH@Z 10001277 f i OposVariant.obj
 0001:0000029c       ??_Estringdispid@CComTypeInfoHolder@ATL@@QAEPAXI@Z 1000129c f i OposVariant.obj
 0001:00000308       ?AtlWinModuleInit@ATL@@YGJPAU_ATL_WIN_MODULE70@1@@Z 10001308 f i OposVariant.obj
 0001:0000032e       ?AtlWinModuleTerm@ATL@@YGJPAU_ATL_WIN_MODULE70@1@PAUHINSTANCE__@@@Z 1000132e f i OposVariant.obj
 0001:00000391       ?ChangeBSTR@OposVariant@@QAEXPAPA_WAAJ@Z 10001391 f   OposVariant.obj
 0001:000003d2       ?ChangeLONG@OposVariant@@QAEXPAJAAJ@Z 100013d2 f   OposVariant.obj
 0001:00000413       ?GetLONG@OposVariant@@QAEJXZ 10001413 f   OposVariant.obj
 0001:0000042e       ?Init@CComCriticalSection@ATL@@QAEJXZ 1000142e f i OposVariant.obj
 0001:00000456       ?RemoveAll@?$CSimpleArray@PAUHINSTANCE__@@V?$CSimpleArrayEqualHelper@PAUHINSTANCE__@@@ATL@@@ATL@@QAEXXZ 10001456 f i atls:atlbase.obj
 0001:00000456       ?RemoveAll@?$CSimpleArray@GV?$CSimpleArrayEqualHelper@G@ATL@@@ATL@@QAEXXZ 10001456 f i OposVariant.obj
 0001:00000473       ?SetBSTR@OposVariant@@QAEXPA_WAAJ@Z 10001473 f   OposVariant.obj
 0001:000004a7       ?SetBSTR_Copy@OposVariant@@QAEXPA_WAAJ@Z 100014a7 f   OposVariant.obj
 0001:000004f7       ?SetBSTR_InOutPtr@OposVariant@@QAE_NPAPA_WAAJ@Z 100014f7 f   OposVariant.obj
 0001:0000052e       ?SetBSTR_OutPtr@OposVariant@@QAE_NPAPA_WAAJ@Z 1000152e f   OposVariant.obj
 0001:0000054a       ?SetDispatch_Ptr@OposVariant@@QAEXPAUIDispatch@@AAJ@Z 1000154a f   OposVariant.obj
 0001:00000585       ?SetLONG@OposVariant@@QAEXJ@Z 10001585 f   OposVariant.obj
 0001:000005a7       ?SetLONG_Ptr@OposVariant@@QAEXPAJAAJ@Z 100015a7 f   OposVariant.obj
 0001:000005da       ?SetString@OposVariant@@QAEXPB_WAAJ@Z 100015da f   OposVariant.obj
 0001:00000620       ?SetVARIANT_BOOL@OposVariant@@QAEXF@Z 10001620 f   OposVariant.obj
 0001:0000064a       ?Term@CAtlComModule@ATL@@QAEXXZ 1000164a f i OposVariant.obj
 0001:00000694       ?_AtlRaiseException@ATL@@YAXKK@Z 10001694 f i OposVariant.obj
 0001:000006a9       ??_E?$CComObject@VCOPOSTotals@@@ATL@@W3AEPAXI@Z 100016a9 f i Totals.obj
 0001:000006b1       ??_E?$CComObject@VCOPOSTotals@@@ATL@@WEM@AEPAXI@Z 100016b1 f i Totals.obj
 0001:000006b9       ?QueryInterface@?$CComObject@VCOPOSTotals@@@ATL@@WHA@AGJABU_GUID@@PAPAX@Z 100016b9 f i Totals.obj
 0001:000006c3       ?AddRef@?$CComObject@VCOPOSTotals@@@ATL@@WHA@AGKXZ 100016c3 f i Totals.obj
 0001:000006cd       ?Release@?$CComObject@VCOPOSTotals@@@ATL@@WHA@AGKXZ 100016cd f i Totals.obj
 0001:000006d7       ?QueryInterface@?$CComObject@VCOPOSTotals@@@ATL@@WHE@AGJABU_GUID@@PAPAX@Z 100016d7 f i Totals.obj
 0001:000006e1       ?AddRef@?$CComObject@VCOPOSTotals@@@ATL@@WHE@AGKXZ 100016e1 f i Totals.obj
 0001:000006eb       ?Release@?$CComObject@VCOPOSTotals@@@ATL@@WHE@AGKXZ 100016eb f i Totals.obj
 0001:000006f5       ?QueryInterface@?$CComObject@VCOPOSTotals@@@ATL@@WHI@AGJABU_GUID@@PAPAX@Z 100016f5 f i Totals.obj
 0001:000006ff       ?AddRef@?$CComObject@VCOPOSTotals@@@ATL@@WHI@AGKXZ 100016ff f i Totals.obj
 0001:00000709       ?Release@?$CComObject@VCOPOSTotals@@@ATL@@WHI@AGKXZ 10001709 f i Totals.obj
 0001:00000713       ?QueryInterface@?$CComObject@VCOPOSTotals@@@ATL@@WHM@AGJABU_GUID@@PAPAX@Z 10001713 f i Totals.obj
 0001:0000071d       ?AddRef@?$CComObject@VCOPOSTotals@@@ATL@@WHM@AGKXZ 1000171d f i Totals.obj
 0001:00000727       ?Release@?$CComObject@VCOPOSTotals@@@ATL@@WHM@AGKXZ 10001727 f i Totals.obj
 0001:00000731       ?QueryInterface@?$CComObject@VCOPOSTotals@@@ATL@@WIA@AGJABU_GUID@@PAPAX@Z 10001731 f i Totals.obj
 0001:0000073e       ?AddRef@?$CComObject@VCOPOSTotals@@@ATL@@WIA@AGKXZ 1000173e f i Totals.obj
 0001:0000074b       ?Release@?$CComObject@VCOPOSTotals@@@ATL@@WIA@AGKXZ 1000174b f i Totals.obj
 0001:00000758       ?QueryInterface@?$CComObject@VCOPOSTotals@@@ATL@@WIE@AGJABU_GUID@@PAPAX@Z 10001758 f i Totals.obj
 0001:00000765       ?AddRef@?$CComObject@VCOPOSTotals@@@ATL@@WIE@AGKXZ 10001765 f i Totals.obj
 0001:00000772       ?Release@?$CComObject@VCOPOSTotals@@@ATL@@WIE@AGKXZ 10001772 f i Totals.obj
 0001:0000077f       ?QueryInterface@?$CComObject@VCOPOSTotals@@@ATL@@WII@AGJABU_GUID@@PAPAX@Z 1000177f f i Totals.obj
 0001:0000078c       ?AddRef@?$CComObject@VCOPOSTotals@@@ATL@@WII@AGKXZ 1000178c f i Totals.obj
 0001:00000799       ?Release@?$CComObject@VCOPOSTotals@@@ATL@@WII@AGKXZ 10001799 f i Totals.obj
 0001:000007a6       ?QueryInterface@?$CComObject@VCOPOSTotals@@@ATL@@WIM@AGJABU_GUID@@PAPAX@Z 100017a6 f i Totals.obj
 0001:000007b3       ?AddRef@?$CComObject@VCOPOSTotals@@@ATL@@WIM@AGKXZ 100017b3 f i Totals.obj
 0001:000007c0       ?Release@?$CComObject@VCOPOSTotals@@@ATL@@WIM@AGKXZ 100017c0 f i Totals.obj
 0001:000007cd       ?QueryInterface@?$CComObject@VCOPOSTotals@@@ATL@@WJA@AGJABU_GUID@@PAPAX@Z 100017cd f i Totals.obj
 0001:000007da       ?AddRef@?$CComObject@VCOPOSTotals@@@ATL@@WJA@AGKXZ 100017da f i Totals.obj
 0001:000007e7       ?Release@?$CComObject@VCOPOSTotals@@@ATL@@WJA@AGKXZ 100017e7 f i Totals.obj
 0001:000007f4       ?QueryInterface@?$CComObject@VCOPOSTotals@@@ATL@@WJE@AGJABU_GUID@@PAPAX@Z 100017f4 f i Totals.obj
 0001:00000801       ?AddRef@?$CComObject@VCOPOSTotals@@@ATL@@WJE@AGKXZ 10001801 f i Totals.obj
 0001:0000080e       ?Release@?$CComObject@VCOPOSTotals@@@ATL@@WJE@AGKXZ 1000180e f i Totals.obj
 0001:0000081b       ?QueryInterface@?$CComObject@VCOPOSTotals@@@ATL@@WJI@AGJABU_GUID@@PAPAX@Z 1000181b f i Totals.obj
 0001:00000828       ?AddRef@?$CComObject@VCOPOSTotals@@@ATL@@WJI@AGKXZ 10001828 f i Totals.obj
 0001:00000835       ?Release@?$CComObject@VCOPOSTotals@@@ATL@@WJI@AGKXZ 10001835 f i Totals.obj
 0001:00000842       ?QueryInterface@?$CComObject@VCOPOSTotals@@@ATL@@WJM@AGJABU_GUID@@PAPAX@Z 10001842 f i Totals.obj
 0001:0000084f       ?AddRef@?$CComObject@VCOPOSTotals@@@ATL@@WJM@AGKXZ 1000184f f i Totals.obj
 0001:0000085c       ?Release@?$CComObject@VCOPOSTotals@@@ATL@@WJM@AGKXZ 1000185c f i Totals.obj
 0001:00000869       ?QueryInterface@?$CComObject@VCOPOSTotals@@@ATL@@WKA@AGJABU_GUID@@PAPAX@Z 10001869 f i Totals.obj
 0001:00000876       ?AddRef@?$CComObject@VCOPOSTotals@@@ATL@@WKA@AGKXZ 10001876 f i Totals.obj
 0001:00000883       ?Release@?$CComObject@VCOPOSTotals@@@ATL@@WKA@AGKXZ 10001883 f i Totals.obj
 0001:00000890       ?AddRef@?$CComObject@VCOPOSTotals@@@ATL@@WKI@AGKXZ 10001890 f i Totals.obj
 0001:0000089d       ?Release@?$CComObject@VCOPOSTotals@@@ATL@@WKI@AGKXZ 1000189d f i Totals.obj
 0001:000008aa       ?AddRef@?$CComObject@VCOPOSTotals@@@ATL@@WLE@AGKXZ 100018aa f i Totals.obj
 0001:000008b7       ?Release@?$CComObject@VCOPOSTotals@@@ATL@@WLE@AGKXZ 100018b7 f i Totals.obj
 0001:000008c4       ??_E?$CComContainedObject@VCOPOSTotals@@@ATL@@W3AEPAXI@Z 100018c4 f i Totals.obj
 0001:000008cc       ??_E?$CComContainedObject@VCOPOSTotals@@@ATL@@WEM@AEPAXI@Z 100018cc f i Totals.obj
 0001:000008d4       ?QueryInterface@?$CComContainedObject@VCOPOSTotals@@@ATL@@WHA@AGJABU_GUID@@PAPAX@Z 100018d4 f i Totals.obj
 0001:000008de       ?AddRef@?$CComContainedObject@VCOPOSTotals@@@ATL@@WHA@AGKXZ 100018de f i Totals.obj
 0001:000008e8       ?Release@?$CComContainedObject@VCOPOSTotals@@@ATL@@WHA@AGKXZ 100018e8 f i Totals.obj
 0001:000008f2       ?QueryInterface@?$CComContainedObject@VCOPOSTotals@@@ATL@@WHE@AGJABU_GUID@@PAPAX@Z 100018f2 f i Totals.obj
 0001:000008fc       ?AddRef@?$CComContainedObject@VCOPOSTotals@@@ATL@@WHE@AGKXZ 100018fc f i Totals.obj
 0001:00000906       ?Release@?$CComContainedObject@VCOPOSTotals@@@ATL@@WHE@AGKXZ 10001906 f i Totals.obj
 0001:00000910       ?QueryInterface@?$CComContainedObject@VCOPOSTotals@@@ATL@@WHI@AGJABU_GUID@@PAPAX@Z 10001910 f i Totals.obj
 0001:0000091a       ?AddRef@?$CComContainedObject@VCOPOSTotals@@@ATL@@WHI@AGKXZ 1000191a f i Totals.obj
 0001:00000924       ?Release@?$CComContainedObject@VCOPOSTotals@@@ATL@@WHI@AGKXZ 10001924 f i Totals.obj
 0001:0000092e       ?QueryInterface@?$CComContainedObject@VCOPOSTotals@@@ATL@@WHM@AGJABU_GUID@@PAPAX@Z 1000192e f i Totals.obj
 0001:00000938       ?AddRef@?$CComContainedObject@VCOPOSTotals@@@ATL@@WHM@AGKXZ 10001938 f i Totals.obj
 0001:00000942       ?Release@?$CComContainedObject@VCOPOSTotals@@@ATL@@WHM@AGKXZ 10001942 f i Totals.obj
 0001:0000094c       ?QueryInterface@?$CComContainedObject@VCOPOSTotals@@@ATL@@WIA@AGJABU_GUID@@PAPAX@Z 1000194c f i Totals.obj
 0001:00000959       ?AddRef@?$CComContainedObject@VCOPOSTotals@@@ATL@@WIA@AGKXZ 10001959 f i Totals.obj
 0001:00000966       ?Release@?$CComContainedObject@VCOPOSTotals@@@ATL@@WIA@AGKXZ 10001966 f i Totals.obj
 0001:00000973       ?QueryInterface@?$CComContainedObject@VCOPOSTotals@@@ATL@@WIE@AGJABU_GUID@@PAPAX@Z 10001973 f i Totals.obj
 0001:00000980       ?AddRef@?$CComContainedObject@VCOPOSTotals@@@ATL@@WIE@AGKXZ 10001980 f i Totals.obj
 0001:0000098d       ?Release@?$CComContainedObject@VCOPOSTotals@@@ATL@@WIE@AGKXZ 1000198d f i Totals.obj
 0001:0000099a       ?QueryInterface@?$CComContainedObject@VCOPOSTotals@@@ATL@@WII@AGJABU_GUID@@PAPAX@Z 1000199a f i Totals.obj
 0001:000009a7       ?AddRef@?$CComContainedObject@VCOPOSTotals@@@ATL@@WII@AGKXZ 100019a7 f i Totals.obj
 0001:000009b4       ?Release@?$CComContainedObject@VCOPOSTotals@@@ATL@@WII@AGKXZ 100019b4 f i Totals.obj
 0001:000009c1       ?QueryInterface@?$CComContainedObject@VCOPOSTotals@@@ATL@@WIM@AGJABU_GUID@@PAPAX@Z 100019c1 f i Totals.obj
 0001:000009ce       ?AddRef@?$CComContainedObject@VCOPOSTotals@@@ATL@@WIM@AGKXZ 100019ce f i Totals.obj
 0001:000009db       ?Release@?$CComContainedObject@VCOPOSTotals@@@ATL@@WIM@AGKXZ 100019db f i Totals.obj
 0001:000009e8       ?QueryInterface@?$CComContainedObject@VCOPOSTotals@@@ATL@@WJA@AGJABU_GUID@@PAPAX@Z 100019e8 f i Totals.obj
 0001:000009f5       ?AddRef@?$CComContainedObject@VCOPOSTotals@@@ATL@@WJA@AGKXZ 100019f5 f i Totals.obj
 0001:00000a02       ?Release@?$CComContainedObject@VCOPOSTotals@@@ATL@@WJA@AGKXZ 10001a02 f i Totals.obj
 0001:00000a0f       ?QueryInterface@?$CComContainedObject@VCOPOSTotals@@@ATL@@WJE@AGJABU_GUID@@PAPAX@Z 10001a0f f i Totals.obj
 0001:00000a1c       ?AddRef@?$CComContainedObject@VCOPOSTotals@@@ATL@@WJE@AGKXZ 10001a1c f i Totals.obj
 0001:00000a29       ?Release@?$CComContainedObject@VCOPOSTotals@@@ATL@@WJE@AGKXZ 10001a29 f i Totals.obj
 0001:00000a36       ?QueryInterface@?$CComContainedObject@VCOPOSTotals@@@ATL@@WJI@AGJABU_GUID@@PAPAX@Z 10001a36 f i Totals.obj
 0001:00000a43       ?AddRef@?$CComContainedObject@VCOPOSTotals@@@ATL@@WJI@AGKXZ 10001a43 f i Totals.obj
 0001:00000a50       ?Release@?$CComContainedObject@VCOPOSTotals@@@ATL@@WJI@AGKXZ 10001a50 f i Totals.obj
 0001:00000a5d       ?QueryInterface@?$CComContainedObject@VCOPOSTotals@@@ATL@@WJM@AGJABU_GUID@@PAPAX@Z 10001a5d f i Totals.obj
 0001:00000a6a       ?AddRef@?$CComContainedObject@VCOPOSTotals@@@ATL@@WJM@AGKXZ 10001a6a f i Totals.obj
 0001:00000a77       ?Release@?$CComContainedObject@VCOPOSTotals@@@ATL@@WJM@AGKXZ 10001a77 f i Totals.obj
 0001:00000a84       ?QueryInterface@?$CComContainedObject@VCOPOSTotals@@@ATL@@WKA@AGJABU_GUID@@PAPAX@Z 10001a84 f i Totals.obj
 0001:00000a91       ?AddRef@?$CComContainedObject@VCOPOSTotals@@@ATL@@WKA@AGKXZ 10001a91 f i Totals.obj
 0001:00000a9e       ?Release@?$CComContainedObject@VCOPOSTotals@@@ATL@@WKA@AGKXZ 10001a9e f i Totals.obj
 0001:00000aab       ?AddRef@?$CComContainedObject@VCOPOSTotals@@@ATL@@WKI@AGKXZ 10001aab f i Totals.obj
 0001:00000ab8       ?Release@?$CComContainedObject@VCOPOSTotals@@@ATL@@WKI@AGKXZ 10001ab8 f i Totals.obj
 0001:00000ac5       ?AddRef@?$CComContainedObject@VCOPOSTotals@@@ATL@@WLE@AGKXZ 10001ac5 f i Totals.obj
 0001:00000ad2       ?Release@?$CComContainedObject@VCOPOSTotals@@@ATL@@WLE@AGKXZ 10001ad2 f i Totals.obj
 0001:00000adf       ?CreateInstance@CComClassFactory@ATL@@UAGJPAUIUnknown@@ABU_GUID@@PAPAX@Z 10001adf f i Totals.obj
 0001:00000b1d       ?LockServer@CComClassFactory@ATL@@UAGJH@Z 10001b1d f i Totals.obj
 0001:00000b3c       ??_GCComClassFactory@ATL@@UAEPAXI@Z 10001b3c f i Totals.obj
 0001:00000b3c       ??_ECComClassFactory@ATL@@UAEPAXI@Z 10001b3c f i Totals.obj
 0001:00000b67       ?GetWindowProc@?$CWindowImplBaseT@VCWindow@ATL@@V?$CWinTraits@$0FGAAAAAA@$0A@@2@@ATL@@UAEP6GJPAUHWND__@@IIJ@ZXZ 10001b67 f i Totals.obj
 0001:00000b6d       ?StartWindowProc@?$CWindowImplBaseT@VCWindow@ATL@@V?$CWinTraits@$0FGAAAAAA@$0A@@2@@ATL@@SGJPAUHWND__@@IIJ@Z 10001b6d f i Totals.obj
 0001:00000bc1       ?ObjectMain@CComObjectRootBase@ATL@@SGX_N@Z 10001bc1 f i Totals.obj
 0001:00000bc1       ?OnFinalMessage@?$CWindowImplBaseT@VCWindow@ATL@@V?$CWinTraits@$0FGAAAAAA@$0A@@2@@ATL@@UAEXPAUHWND__@@@Z 10001bc1 f i Totals.obj
 0001:00000bc4       ?GetTypeInfoCount@?$IDispatchImpl@UIOPOSTotals@@$1?IID_IOPOSTotals@@3U_GUID@@B$1?LIBID_OposTotals_CCO@@3U3@B$00$0A@VCComTypeInfoHolder@ATL@@@ATL@@UAGJPAI@Z 10001bc4 f i Totals.obj
 0001:00000be1       ?GetTypeInfo@?$IDispatchImpl@UIOPOSTotals@@$1?IID_IOPOSTotals@@3U_GUID@@B$1?LIBID_OposTotals_CCO@@3U3@B$00$0A@VCComTypeInfoHolder@ATL@@@ATL@@UAGJIKPAPAUITypeInfo@@@Z 10001be1 f i Totals.obj
 0001:00000c05       ?GetIDsOfNames@?$IDispatchImpl@UIOPOSTotals@@$1?IID_IOPOSTotals@@3U_GUID@@B$1?LIBID_OposTotals_CCO@@3U3@B$00$0A@VCComTypeInfoHolder@ATL@@@ATL@@UAGJABU_GUID@@PAPA_WIKPAJ@Z 10001c05 f i Totals.obj
 0001:00000c25       ?Invoke@?$IDispatchImpl@UIOPOSTotals@@$1?IID_IOPOSTotals@@3U_GUID@@B$1?LIBID_OposTotals_CCO@@3U3@B$00$0A@VCComTypeInfoHolder@ATL@@@ATL@@UAGJJABU_GUID@@KGPAUtagDISPPARAMS@@PAUtagVARIANT@@PAUtagEXCEPINFO@@PAI@Z 10001c25 f i Totals.obj
 0001:00000c33       ?CreateControlWindow@?$CComControl@VCOPOSTotals@@V?$CWindowImpl@VCOPOSTotals@@VCWindow@ATL@@V?$CWinTraits@$0FGAAAAAA@$0A@@3@@ATL@@@ATL@@UAEPAUHWND__@@PAU3@AAUtagRECT@@@Z 10001c33 f i Totals.obj
 0001:00000c62       ?ControlQueryInterface@?$CComControl@VCOPOSTotals@@V?$CWindowImpl@VCOPOSTotals@@VCWindow@ATL@@V?$CWinTraits@$0FGAAAAAA@$0A@@3@@ATL@@@ATL@@UAEJABU_GUID@@PAPAX@Z 10001c62 f i Totals.obj
 0001:00000c7d       ?GetUserClassID@?$IOleObjectImpl@VCOPOSTotals@@@ATL@@UAGJPAU_GUID@@@Z 10001c7d f i Totals.obj
 0001:00000c7d       ?GetClassID@?$IPersistStorageImpl@VCOPOSTotals@@@ATL@@UAGJPAU_GUID@@@Z 10001c7d f i Totals.obj
 0001:00000c7d       ?GetClassID@?$IPersistStreamInitImpl@VCOPOSTotals@@@ATL@@UAGJPAU_GUID@@@Z 10001c7d f i Totals.obj
 0001:00000ca1       ?IsDirty@?$IPersistStreamInitImpl@VCOPOSTotals@@@ATL@@UAGJXZ 10001ca1 f i Totals.obj
 0001:00000cc0       ?Load@?$IPersistStreamInitImpl@VCOPOSTotals@@@ATL@@UAGJPAUIStream@@@Z 10001cc0 f i Totals.obj
 0001:00000cdf       ?Save@?$IPersistStreamInitImpl@VCOPOSTotals@@@ATL@@UAGJPAUIStream@@H@Z 10001cdf f i Totals.obj
 0001:00000d01       ?GetSizeMax@?$IPersistStreamInitImpl@VCOPOSTotals@@@ATL@@UAGJPAT_ULARGE_INTEGER@@@Z 10001d01 f i Totals.obj
 0001:00000ee0       ?InitNew@?$IPersistStreamInitImpl@VCOPOSTotals@@@ATL@@UAGJXZ 10001ee0 f i Totals.obj
 0001:00000efd       ?QueryGetData@?$IDataObjectImpl@VCOPOSTotals@@@ATL@@UAGJPAUtagFORMATETC@@@Z 10001efd f i Totals.obj
 0001:00000efd       ?GetControlInfo@?$IOleControlImpl@VCOPOSTotals@@@ATL@@UAGJPAUtagCONTROLINFO@@@Z 10001efd f i Totals.obj
 0001:00000efd       ?SODataDummy@COPOSTotals@@MAGJJ@Z 10001efd f i Totals.obj
 0001:00000efd       ?Unfreeze@?$IViewObjectExImpl@VCOPOSTotals@@@ATL@@UAGJK@Z 10001efd f i Totals.obj
 0001:00000efd       ?ContextSensitiveHelp@?$IOleInPlaceActiveObjectImpl@VCOPOSTotals@@@ATL@@UAGJH@Z 10001efd f i Totals.obj
 0001:00000efd       ?ContextSensitiveHelp@?$IOleInPlaceObjectWindowlessImpl@VCOPOSTotals@@@ATL@@UAGJH@Z 10001efd f i Totals.obj
 0001:00000efd       ?GetDropTarget@?$IOleInPlaceObjectWindowlessImpl@VCOPOSTotals@@@ATL@@UAGJPAPAUIDropTarget@@@Z 10001efd f i Totals.obj
 0001:00000efd       ?OnMnemonic@?$IOleControlImpl@VCOPOSTotals@@@ATL@@UAGJPAUtagMSG@@@Z 10001efd f i Totals.obj
 0001:00000efd       ?SetColorScheme@?$IOleObjectImpl@VCOPOSTotals@@@ATL@@UAGJPAUtagLOGPALETTE@@@Z 10001efd f i Totals.obj
 0001:00000efd       ?SOOutputCompleteDummy@COPOSTotals@@MAGJJ@Z 10001efd f i Totals.obj
 0001:00000f05       ?EnableModeless@?$IOleInPlaceActiveObjectImpl@VCOPOSTotals@@@ATL@@UAGJH@Z 10001f05 f i Totals.obj
 0001:00000f05       ?OnFrameWindowActivate@?$IOleInPlaceActiveObjectImpl@VCOPOSTotals@@@ATL@@UAGJH@Z 10001f05 f i Totals.obj
 0001:00000f05       ?OnAmbientPropertyChange@?$IOleControlImpl@VCOPOSTotals@@@ATL@@UAGJJ@Z 10001f05 f i Totals.obj
 0001:00000f05       ?SaveCompleted@?$IPersistStorageImpl@VCOPOSTotals@@@ATL@@UAGJPAUIStorage@@@Z 10001f05 f i Totals.obj
 0001:00000f0a       ?SetClientSite@?$IOleObjectImpl@VCOPOSTotals@@@ATL@@UAGJPAUIOleClientSite@@@Z 10001f0a f i Totals.obj
 0001:00000f27       ?GetClientSite@?$IOleObjectImpl@VCOPOSTotals@@@ATL@@UAGJPAPAUIOleClientSite@@@Z 10001f27 f i Totals.obj
 0001:00000f44       ?SetHostNames@?$IOleObjectImpl@VCOPOSTotals@@@ATL@@UAGJPB_W0@Z 10001f44 f i Totals.obj
 0001:00000f49       ?Close@?$IOleObjectImpl@VCOPOSTotals@@@ATL@@UAGJK@Z 10001f49 f i Totals.obj
 0001:00000f66       ?GetCanonicalFormatEtc@?$IDataObjectImpl@VCOPOSTotals@@@ATL@@UAGJPAUtagFORMATETC@@0@Z 10001f66 f i Totals.obj
 0001:00000f66       ?SetMoniker@?$IOleObjectImpl@VCOPOSTotals@@@ATL@@UAGJKPAUIMoniker@@@Z 10001f66 f i Totals.obj
 0001:00000f66       ?EnumFormatEtc@?$IDataObjectImpl@VCOPOSTotals@@@ATL@@UAGJKPAPAUIEnumFORMATETC@@@Z 10001f66 f i Totals.obj
 0001:00000f66       ?GetClipboardData@?$IOleObjectImpl@VCOPOSTotals@@@ATL@@UAGJKPAPAUIDataObject@@@Z 10001f66 f i Totals.obj
 0001:00000f66       ?QueryInterface@CRegObject@ATL@@UAGJABU_GUID@@PAPAX@Z 10001f66 f i Totals.obj
 0001:00000f66       ?GetRect@?$IViewObjectExImpl@VCOPOSTotals@@@ATL@@UAGJKPAU_RECTL@@@Z 10001f66 f i Totals.obj
 0001:00000f66       ?GetDataHere@?$IDataObjectImpl@VCOPOSTotals@@@ATL@@UAGJPAUtagFORMATETC@@PAUtagSTGMEDIUM@@@Z 10001f66 f i Totals.obj
 0001:00000f6e       ?SetData@?$IDataObjectImpl@VCOPOSTotals@@@ATL@@UAGJPAUtagFORMATETC@@PAUtagSTGMEDIUM@@H@Z 10001f6e f i Totals.obj
 0001:00000f6e       ?InitFromData@?$IOleObjectImpl@VCOPOSTotals@@@ATL@@UAGJPAUIDataObject@@HK@Z 10001f6e f i Totals.obj
 0001:00000f6e       ?GetMoniker@?$IOleObjectImpl@VCOPOSTotals@@@ATL@@UAGJKKPAPAUIMoniker@@@Z 10001f6e f i Totals.obj
 0001:00000f76       ?DoVerb@?$IOleObjectImpl@VCOPOSTotals@@@ATL@@UAGJJPAUtagMSG@@PAUIOleClientSite@@JPAUHWND__@@PBUtagRECT@@@Z 10001f76 f i Totals.obj
 0001:0000106a       ?EnumVerbs@?$IOleObjectImpl@VCOPOSTotals@@@ATL@@UAGJPAPAUIEnumOLEVERB@@@Z 1000206a f i Totals.obj
 0001:0000108c       ?IsUpToDate@?$IOleObjectImpl@VCOPOSTotals@@@ATL@@UAGJXZ 1000208c f i Totals.obj
 0001:0000108c       ?Update@?$IOleObjectImpl@VCOPOSTotals@@@ATL@@UAGJXZ 1000208c f i Totals.obj
 0001:0000108c       ?Release@CRegObject@ATL@@UAGKXZ 1000208c f i Totals.obj
 0001:0000108c       ?HandsOffStorage@?$IPersistStorageImpl@VCOPOSTotals@@@ATL@@UAGJXZ 1000208c f i Totals.obj
 0001:00001091       ?GetUserType@?$IOleObjectImpl@VCOPOSTotals@@@ATL@@UAGJKPAPA_W@Z 10002091 f i Totals.obj
 0001:000010a9       ?SetExtent@?$IOleObjectImpl@VCOPOSTotals@@@ATL@@UAGJKPAUtagSIZE@@@Z 100020a9 f i Totals.obj
 0001:000010c9       ?GetExtent@?$IOleObjectImpl@VCOPOSTotals@@@ATL@@UAGJKPAUtagSIZE@@@Z 100020c9 f i Totals.obj
 0001:00001107       ?Advise@?$IOleObjectImpl@VCOPOSTotals@@@ATL@@UAGJPAUIAdviseSink@@PAK@Z 10002107 f i Totals.obj
 0001:00001127       ?Unadvise@?$IOleObjectImpl@VCOPOSTotals@@@ATL@@UAGJK@Z 10002127 f i Totals.obj
 0001:00001156       ?EnumAdvise@?$IOleObjectImpl@VCOPOSTotals@@@ATL@@UAGJPAPAUIEnumSTATDATA@@@Z 10002156 f i Totals.obj
 0001:00001196       ?GetMiscStatus@?$IOleObjectImpl@VCOPOSTotals@@@ATL@@UAGJKPAK@Z 10002196 f i Totals.obj
 0001:000011ae       ?GetWindow@?$IOleInPlaceActiveObjectImpl@VCOPOSTotals@@@ATL@@UAGJPAPAUHWND__@@@Z 100021ae f i Totals.obj
 0001:000011fb       ?TranslateAcceleratorW@?$IOleInPlaceActiveObjectImpl@VCOPOSTotals@@@ATL@@UAGJPAUtagMSG@@@Z 100021fb f i Totals.obj
 0001:000012a9       ?OnDocWindowActivate@?$IOleInPlaceActiveObjectImpl@VCOPOSTotals@@@ATL@@UAGJH@Z 100022a9 f i Totals.obj
 0001:000012cb       ?ResizeBorder@?$IOleInPlaceActiveObjectImpl@VCOPOSTotals@@@ATL@@UAGJPBUtagRECT@@PAUIOleInPlaceUIWindow@@H@Z 100022cb f i Totals.obj
 0001:000012d0       ?Draw@?$IViewObjectExImpl@VCOPOSTotals@@@ATL@@UAGJKJPAXPAUtagDVTARGETDEVICE@@PAUHDC__@@2PBU_RECTL@@3P6GHK@ZK@Z 100022d0 f i Totals.obj
 0001:00001302       ?GetColorSet@?$IViewObjectExImpl@VCOPOSTotals@@@ATL@@UAGJKJPAXPAUtagDVTARGETDEVICE@@PAUHDC__@@PAPAUtagLOGPALETTE@@@Z 10002302 f i Totals.obj
 0001:0000130a       ?SOErrorDummy@COPOSTotals@@MAGJJJJPAJ@Z 1000230a f i Totals.obj
 0001:0000130a       ?Freeze@?$IViewObjectExImpl@VCOPOSTotals@@@ATL@@UAGJKJPAXPAK@Z 1000230a f i Totals.obj
 0001:00001312       ?SetAdvise@?$IViewObjectExImpl@VCOPOSTotals@@@ATL@@UAGJKKPAUIAdviseSink@@@Z 10002312 f i Totals.obj
 0001:00001331       ?GetAdvise@?$IViewObjectExImpl@VCOPOSTotals@@@ATL@@UAGJPAK0PAPAUIAdviseSink@@@Z 10002331 f i Totals.obj
 0001:00001366       ?GetExtent@?$IViewObjectExImpl@VCOPOSTotals@@@ATL@@UAGJKJPAUtagDVTARGETDEVICE@@PAUtagSIZE@@@Z 10002366 f i Totals.obj
 0001:00001397       ?GetViewStatus@?$IViewObjectExImpl@VCOPOSTotals@@@ATL@@UAGJPAK@Z 10002397 f i Totals.obj
 0001:000013b4       ?QueryHitPoint@?$IViewObjectExImpl@VCOPOSTotals@@@ATL@@UAGJKPBUtagRECT@@UtagPOINT@@JPAK@Z 100023b4 f i Totals.obj
 0001:000013f5       ?QueryHitRect@?$IViewObjectExImpl@VCOPOSTotals@@@ATL@@UAGJKPBUtagRECT@@0JPAK@Z 100023f5 f i Totals.obj
 0001:00001450       ?GetNaturalExtent@?$IViewObjectExImpl@VCOPOSTotals@@@ATL@@UAGJKJPAUtagDVTARGETDEVICE@@PAUHDC__@@PAUtagExtentInfo@@PAUtagSIZE@@@Z 10002450 f i Totals.obj
 0001:0000149b       ?GetWindow@?$IOleInPlaceObjectWindowlessImpl@VCOPOSTotals@@@ATL@@UAGJPAPAUHWND__@@@Z 1000249b f i Totals.obj
 0001:000014e8       ?InPlaceDeactivate@?$IOleInPlaceObjectWindowlessImpl@VCOPOSTotals@@@ATL@@UAGJXZ 100024e8 f i Totals.obj
 0001:00001502       ?UIDeactivate@?$IOleInPlaceObjectWindowlessImpl@VCOPOSTotals@@@ATL@@UAGJXZ 10002502 f i Totals.obj
 0001:0000151c       ?SetObjectRects@?$IOleInPlaceObjectWindowlessImpl@VCOPOSTotals@@@ATL@@UAGJPBUtagRECT@@0@Z 1000251c f i Totals.obj
 0001:0000153c       ?ReactivateAndUndo@?$IOleInPlaceObjectWindowlessImpl@VCOPOSTotals@@@ATL@@UAGJXZ 1000253c f i Totals.obj
 0001:00001544       ?OnWindowMessage@?$IOleInPlaceObjectWindowlessImpl@VCOPOSTotals@@@ATL@@UAGJIIJPAJ@Z 10002544 f i Totals.obj
 0001:000015b4       ?EnumConnectionPoints@?$IConnectionPointContainerImpl@VCOPOSTotals@@@ATL@@UAGJPAPAUIEnumConnectionPoints@@@Z 100025b4 f i Totals.obj
 0001:00001740       ?FindConnectionPoint@?$IConnectionPointContainerImpl@VCOPOSTotals@@@ATL@@UAGJABU_GUID@@PAPAUIConnectionPoint@@@Z 10002740 f i Totals.obj
 0001:000017e3       ?IsDirty@?$IPersistStorageImpl@VCOPOSTotals@@@ATL@@UAGJXZ 100027e3 f i Totals.obj
 0001:00001813       ?InitNew@?$IPersistStorageImpl@VCOPOSTotals@@@ATL@@UAGJPAUIStorage@@@Z 10002813 f i Totals.obj
 0001:00001843       ?Load@?$IPersistStorageImpl@VCOPOSTotals@@@ATL@@UAGJPAUIStorage@@@Z 10002843 f i Totals.obj
 0001:000018af       ?Save@?$IPersistStorageImpl@VCOPOSTotals@@@ATL@@UAGJPAUIStorage@@H@Z 100028af f i Totals.obj
 0001:00001922       ?GetPages@?$ISpecifyPropertyPagesImpl@VCOPOSTotals@@@ATL@@UAGJPAUtagCAUUID@@@Z 10002922 f i Totals.obj
 0001:00001939       ?QuickActivate@?$IQuickActivateImpl@VCOPOSTotals@@@ATL@@UAGJPAUtagQACONTAINER@@PAUtagQACONTROL@@@Z 10002939 f i Totals.obj
 0001:0000195c       ?SetContentExtent@?$IQuickActivateImpl@VCOPOSTotals@@@ATL@@UAGJPAUtagSIZE@@@Z 1000295c f i Totals.obj
 0001:00001988       ?GetContentExtent@?$IQuickActivateImpl@VCOPOSTotals@@@ATL@@UAGJPAUtagSIZE@@@Z 10002988 f i Totals.obj
 0001:000019c4       ?GetData@?$IDataObjectImpl@VCOPOSTotals@@@ATL@@UAGJPAUtagFORMATETC@@PAUtagSTGMEDIUM@@@Z 100029c4 f i Totals.obj
 0001:000019e7       ?DAdvise@?$IDataObjectImpl@VCOPOSTotals@@@ATL@@UAGJPAUtagFORMATETC@@KPAUIAdviseSink@@PAK@Z 100029e7 f i Totals.obj
 0001:00001a28       ?DUnadvise@?$IDataObjectImpl@VCOPOSTotals@@@ATL@@UAGJK@Z 10002a28 f i Totals.obj
 0001:00001a56       ?EnumDAdvise@?$IDataObjectImpl@VCOPOSTotals@@@ATL@@UAGJPAPAUIEnumSTATDATA@@@Z 10002a56 f i Totals.obj
 0001:00001a95       ?GetClassInfoW@?$IProvideClassInfo2Impl@$1?CLSID_OPOSTotals@@3U_GUID@@B$1?DIID__IOPOSTotalsEvents@@3U2@B$1?LIBID_OposTotals_CCO@@3U2@B$00$0A@VCComTypeInfoHolder@ATL@@@ATL@@UAGJPAPAUITypeInfo@@@Z 10002a95 f i Totals.obj
 0001:00001aab       ?GetGUID@?$IProvideClassInfo2Impl@$1?CLSID_OPOSTotals@@3U_GUID@@B$1?DIID__IOPOSTotalsEvents@@3U2@B$1?LIBID_OposTotals_CCO@@3U2@B$00$0A@VCComTypeInfoHolder@ATL@@@ATL@@UAGJKPAU_GUID@@@Z 10002aab f i Totals.obj
 0001:00001ae9       __get_startup_argv_mode    10002ae9 f i LIBCMT:argv_mode.obj
 0001:00001ae9       ?FAccessAllowed@?$IObjectSafetyImpl@VCOPOSTotals@@$02@ATL@@MAEHXZ 10002ae9 f i Totals.obj
 0001:00001aed       ?GetInterfaceSafetyOptions@?$IObjectSafetyImpl@VCOPOSTotals@@$02@ATL@@UAGJABU_GUID@@PAK1@Z 10002aed f i Totals.obj
 0001:00001b61       ?SetInterfaceSafetyOptions@?$IObjectSafetyImpl@VCOPOSTotals@@$02@ATL@@UAGJABU_GUID@@KK@Z 10002b61 f i Totals.obj
 0001:00001bdb       ?_LocCPQueryInterface@?$IConnectionPointImpl@VCOPOSTotals@@$1?DIID__IOPOSTotalsEvents@@3U_GUID@@BVCComDynamicUnkArray@ATL@@@ATL@@UAGJABU_GUID@@PAPAX@Z 10002bdb f i Totals.obj
 0001:00001bdb       ?_LocCPQueryInterface@?$IConnectionPointImpl@VCOPOSTotals@@$1?IID_IPropertyNotifySink@@3U_GUID@@BVCComDynamicUnkArray@ATL@@@ATL@@UAGJABU_GUID@@PAPAX@Z 10002bdb f i Totals.obj
 0001:00001c28       ?GetConnectionInterface@?$IConnectionPointImpl@VCOPOSTotals@@$1?IID_IPropertyNotifySink@@3U_GUID@@BVCComDynamicUnkArray@ATL@@@ATL@@UAGJPAU_GUID@@@Z 10002c28 f i Totals.obj
 0001:00001c4c       ?GetConnectionPointContainer@?$IConnectionPointImpl@VCOPOSTotals@@$1?IID_IPropertyNotifySink@@3U_GUID@@BVCComDynamicUnkArray@ATL@@@ATL@@UAGJPAPAUIConnectionPointContainer@@@Z 10002c4c f i Totals.obj
 0001:00001c6f       ?Advise@?$IConnectionPointImpl@VCOPOSTotals@@$1?IID_IPropertyNotifySink@@3U_GUID@@BVCComDynamicUnkArray@ATL@@@ATL@@UAGJPAUIUnknown@@PAK@Z 10002c6f f i Totals.obj
 0001:00001c6f       ?Advise@?$IConnectionPointImpl@VCOPOSTotals@@$1?DIID__IOPOSTotalsEvents@@3U_GUID@@BVCComDynamicUnkArray@ATL@@@ATL@@UAGJPAUIUnknown@@PAK@Z 10002c6f f i Totals.obj
 0001:00001d0f       ?Unadvise@?$IConnectionPointImpl@VCOPOSTotals@@$1?DIID__IOPOSTotalsEvents@@3U_GUID@@BVCComDynamicUnkArray@ATL@@@ATL@@UAGJK@Z 10002d0f f i Totals.obj
 0001:00001d0f       ?Unadvise@?$IConnectionPointImpl@VCOPOSTotals@@$1?IID_IPropertyNotifySink@@3U_GUID@@BVCComDynamicUnkArray@ATL@@@ATL@@UAGJK@Z 10002d0f f i Totals.obj
 0001:00001d4f       ?EnumConnections@?$IConnectionPointImpl@VCOPOSTotals@@$1?DIID__IOPOSTotalsEvents@@3U_GUID@@BVCComDynamicUnkArray@ATL@@@ATL@@UAGJPAPAUIEnumConnections@@@Z 10002d4f f i Totals.obj
 0001:00001d4f       ?EnumConnections@?$IConnectionPointImpl@VCOPOSTotals@@$1?IID_IPropertyNotifySink@@3U_GUID@@BVCComDynamicUnkArray@ATL@@@ATL@@UAGJPAPAUIEnumConnections@@@Z 10002d4f f i Totals.obj
 0001:00001e4a       ?GetObjectDescription@?$CComCoClass@VCOPOSTotals@@$1?CLSID_OPOSTotals@@3U_GUID@@B@ATL@@SGPB_WXZ 10002e4a f i Totals.obj
 0001:00001e4a       ?GetCategoryMap@CComObjectRootBase@ATL@@SAPBU_ATL_CATMAP_ENTRY@2@XZ 10002e4a f i Totals.obj
 0001:00001e4d       ?GetConnectionInterface@?$IConnectionPointImpl@VCOPOSTotals@@$1?DIID__IOPOSTotalsEvents@@3U_GUID@@BVCComDynamicUnkArray@ATL@@@ATL@@UAGJPAU_GUID@@@Z 10002e4d f i Totals.obj
 0001:00001e71       ?GetConnectionPointContainer@?$IConnectionPointImpl@VCOPOSTotals@@$1?DIID__IOPOSTotalsEvents@@3U_GUID@@BVCComDynamicUnkArray@ATL@@@ATL@@UAGJPAPAUIConnectionPointContainer@@@Z 10002e71 f i Totals.obj
 0001:00001e94       ?UpdateRegistry@COPOSTotals@@SGJH@Z 10002e94 f i Totals.obj
 0001:00001eac       ?ProcessWindowMessage@COPOSTotals@@UAEHPAUHWND__@@IIJAAJK@Z 10002eac f i Totals.obj
 0001:00001ef5       ?Lock@CAtlModule@ATL@@UAEJXZ 10002ef5 f i Totals.obj
 0001:00001eff       ?Unlock@CAtlModule@ATL@@UAEJXZ 10002eff f i Totals.obj
 0001:00001f09       ?GetLockCount@CAtlModule@ATL@@UAEJXZ 10002f09 f i Totals.obj
 0001:00001f0d       ?GetGITPtr@CAtlModule@ATL@@UAEJPAPAUIGlobalInterfaceTable@@@Z 10002f0d f i Totals.obj
 0001:00001f59       ?SODirectIO@COPOSTotals@@MAGJJPAJPAPA_W@Z 10002f59 f i Totals.obj
 0001:00001fa2       ?SOStatusUpdate@COPOSTotals@@MAGJJ@Z 10002fa2 f i Totals.obj
 0001:00001fdb       ?AddCommonRGSReplacements@?$CAtlModuleT@VCComModule@ATL@@@ATL@@UAEJPAUIRegistrarBase@@@Z 10002fdb f i Totals.obj
 0001:00001ff5       ?UpdateRegistryFromResourceD@CComModule@ATL@@UAGJIHPAU_ATL_REGMAP_ENTRY@2@@Z 10002ff5 f i Totals.obj
 0001:00001ff5       ?UpdateRegistryFromResourceD@CComModule@ATL@@UAGJPB_WHPAU_ATL_REGMAP_ENTRY@2@@Z 10002ff5 f i Totals.obj
 0001:00001ffd       ?UpdateRegistryFromResource@CComModule@ATL@@UAGJPB_WHPAU_ATL_REGMAP_ENTRY@2@@Z 10002ffd f i Totals.obj
 0001:00002006       ?UpdateRegistryFromResource@CComModule@ATL@@UAGJIHPAU_ATL_REGMAP_ENTRY@2@@Z 10003006 f i Totals.obj
 0001:0000200f       ??_ECComModule@ATL@@UAEPAXI@Z 1000300f f i Totals.obj
 0001:0000200f       ??_GCComModule@ATL@@UAEPAXI@Z 1000300f f i Totals.obj
 0001:00002037       ?CreateInstance@?$CComCreator@V?$CComObjectCached@VCComClassFactory@ATL@@@ATL@@@ATL@@SGJPAXABU_GUID@@PAPAX@Z 10003037 f i Totals.obj
 0001:000020d7       ?CreateInstance@?$CComCreator2@V?$CComCreator@V?$CComObject@VCOPOSTotals@@@ATL@@@ATL@@V?$CComCreator@V?$CComAggObject@VCOPOSTotals@@@ATL@@@2@@ATL@@SGJPAXABU_GUID@@PAPAX@Z 100030d7 f i Totals.obj
 0001:000020f7       ?AddRef@?$CComObjectCached@VCComClassFactory@ATL@@@ATL@@UAGKXZ 100030f7 f i Totals.obj
 0001:0000211e       ?Release@?$CComObjectCached@VCComClassFactory@ATL@@@ATL@@UAGKXZ 1000311e f i Totals.obj
 0001:00002154       ?QueryInterface@?$CComObjectCached@VCComClassFactory@ATL@@@ATL@@UAGJABU_GUID@@PAPAX@Z 10003154 f i Totals.obj
 0001:0000216e       ??_G?$CComObjectCached@VCComClassFactory@ATL@@@ATL@@UAEPAXI@Z 1000316e f i Totals.obj
 0001:0000216e       ??_E?$CComObjectCached@VCComClassFactory@ATL@@@ATL@@UAEPAXI@Z 1000316e f i Totals.obj
 0001:00002190       ?Next@?$CComEnumImpl@UIEnumConnectionPoints@@$1?_GUID_b196b285_bab4_101a_b69c_00aa00341d07@@3U__s_GUID@@BPAUIConnectionPoint@@V?$_CopyInterface@UIConnectionPoint@@@ATL@@@ATL@@UAGJKPAPAUIConnectionPoint@@PAK@Z 10003190 f i Totals.obj
 0001:00002267       ?Skip@?$CComEnumImpl@UIEnumConnectionPoints@@$1?_GUID_b196b285_bab4_101a_b69c_00aa00341d07@@3U__s_GUID@@BPAUIConnectionPoint@@V?$_CopyInterface@UIConnectionPoint@@@ATL@@@ATL@@UAGJK@Z 10003267 f i Totals.obj
 0001:00002294       ?Reset@?$CComEnumImpl@UIEnumConnectionPoints@@$1?_GUID_b196b285_bab4_101a_b69c_00aa00341d07@@3U__s_GUID@@BPAUIConnectionPoint@@V?$_CopyInterface@UIConnectionPoint@@@ATL@@@ATL@@UAGJXZ 10003294 f i Totals.obj
 0001:00002294       ?Reset@?$CComEnumImpl@UIEnumConnections@@$1?_GUID_b196b287_bab4_101a_b69c_00aa00341d07@@3U__s_GUID@@BUtagCONNECTDATA@@V?$_Copy@UtagCONNECTDATA@@@ATL@@@ATL@@UAGJXZ 10003294 f i Totals.obj
 0001:000022a6       ?Clone@?$CComEnumImpl@UIEnumConnectionPoints@@$1?_GUID_b196b285_bab4_101a_b69c_00aa00341d07@@3U__s_GUID@@BPAUIConnectionPoint@@V?$_CopyInterface@UIConnectionPoint@@@ATL@@@ATL@@UAGJPAPAUIEnumConnectionPoints@@@Z 100032a6 f i Totals.obj
 0001:00002387       ?AddRef@?$CComObject@V?$CComEnum@UIEnumConnections@@$1?_GUID_b196b287_bab4_101a_b69c_00aa00341d07@@3U__s_GUID@@BUtagCONNECTDATA@@V?$_Copy@UtagCONNECTDATA@@@ATL@@VCComSingleThreadModel@6@@ATL@@@ATL@@UAGKXZ 10003387 f i Totals.obj
 0001:00002387       ?AddRef@?$CComObject@V?$CComEnum@UIEnumConnectionPoints@@$1?_GUID_b196b285_bab4_101a_b69c_00aa00341d07@@3U__s_GUID@@BPAUIConnectionPoint@@V?$_CopyInterface@UIConnectionPoint@@@ATL@@VCComSingleThreadModel@6@@ATL@@@ATL@@UAGKXZ 10003387 f i Totals.obj
 0001:00002398       ?Release@?$CComObject@V?$CComEnum@UIEnumConnectionPoints@@$1?_GUID_b196b285_bab4_101a_b69c_00aa00341d07@@3U__s_GUID@@BPAUIConnectionPoint@@V?$_CopyInterface@UIConnectionPoint@@@ATL@@VCComSingleThreadModel@6@@ATL@@@ATL@@UAGKXZ 10003398 f i Totals.obj
 0001:00002398       ?Release@?$CComObject@V?$CComEnum@UIEnumConnections@@$1?_GUID_b196b287_bab4_101a_b69c_00aa00341d07@@3U__s_GUID@@BUtagCONNECTDATA@@V?$_Copy@UtagCONNECTDATA@@@ATL@@VCComSingleThreadModel@6@@ATL@@@ATL@@UAGKXZ 10003398 f i Totals.obj
 0001:000023d4       ?QueryInterface@?$CComObject@V?$CComEnum@UIEnumConnectionPoints@@$1?_GUID_b196b285_bab4_101a_b69c_00aa00341d07@@3U__s_GUID@@BPAUIConnectionPoint@@V?$_CopyInterface@UIConnectionPoint@@@ATL@@VCComSingleThreadModel@6@@ATL@@@ATL@@UAGJABU_GUID@@PAPAX@Z 100033d4 f i Totals.obj
 0001:000023ee       ??_E?$CComObject@V?$CComEnum@UIEnumConnectionPoints@@$1?_GUID_b196b285_bab4_101a_b69c_00aa00341d07@@3U__s_GUID@@BPAUIConnectionPoint@@V?$_CopyInterface@UIConnectionPoint@@@ATL@@VCComSingleThreadModel@6@@ATL@@@ATL@@UAEPAXI@Z 100033ee f i Totals.obj
 0001:000023ee       ??_G?$CComObject@V?$CComEnum@UIEnumConnectionPoints@@$1?_GUID_b196b285_bab4_101a_b69c_00aa00341d07@@3U__s_GUID@@BPAUIConnectionPoint@@V?$_CopyInterface@UIConnectionPoint@@@ATL@@VCComSingleThreadModel@6@@ATL@@@ATL@@UAEPAXI@Z 100033ee f i Totals.obj
 0001:00002410       ?AddRef@CRegObject@ATL@@UAGKXZ 10003410 f i Totals.obj
 0001:00002416       ?AddReplacement@CRegObject@ATL@@UAGJPB_W0@Z 10003416 f i Totals.obj
 0001:0000244f       ?ClearReplacements@CRegObject@ATL@@UAGJXZ 1000344f f i Totals.obj
 0001:00002461       ??_ECRegObject@ATL@@UAEPAXI@Z 10003461 f i Totals.obj
 0001:00002461       ??_GCRegObject@ATL@@UAEPAXI@Z 10003461 f i Totals.obj
 0001:00002483       ?AddRef@?$CComAggObject@VCOPOSTotals@@@ATL@@UAGKXZ 10003483 f i Totals.obj
 0001:00002494       ?Release@?$CComAggObject@VCOPOSTotals@@@ATL@@UAGKXZ 10003494 f i Totals.obj
 0001:000024d0       ?QueryInterface@?$CComAggObject@VCOPOSTotals@@@ATL@@UAGJABU_GUID@@PAPAX@Z 100034d0 f i Totals.obj
 0001:0000251f       ?AddRef@?$CComContainedObject@VCOPOSTotals@@@ATL@@UAGKXZ 1000351f f i Totals.obj
 0001:00002535       ?Release@?$CComContainedObject@VCOPOSTotals@@@ATL@@UAGKXZ 10003535 f i Totals.obj
 0001:0000254b       ?QueryInterface@?$CComContainedObject@VCOPOSTotals@@@ATL@@UAGJABU_GUID@@PAPAX@Z 1000354b f i Totals.obj
 0001:00002566       ??_G?$CComAggObject@VCOPOSTotals@@@ATL@@UAEPAXI@Z 10003566 f i Totals.obj
 0001:00002566       ??_E?$CComAggObject@VCOPOSTotals@@@ATL@@UAEPAXI@Z 10003566 f i Totals.obj
 0001:0000258b       ?AddRef@?$CComObject@VCOPOSTotals@@@ATL@@UAGKXZ 1000358b f i Totals.obj
 0001:000025a2       ?Release@?$CComObject@VCOPOSTotals@@@ATL@@UAGKXZ 100035a2 f i Totals.obj
 0001:000025e4       ?QueryInterface@?$CComObject@VCOPOSTotals@@@ATL@@UAGJABU_GUID@@PAPAX@Z 100035e4 f i Totals.obj
 0001:000025fe       ?OnDrawAdvanced@CComControlBase@ATL@@UAEJAAUATL_DRAWINFO@@@Z 100035fe f i Totals.obj
 0001:000026f1       ?Next@?$CComEnumImpl@UIEnumConnections@@$1?_GUID_b196b287_bab4_101a_b69c_00aa00341d07@@3U__s_GUID@@BUtagCONNECTDATA@@V?$_Copy@UtagCONNECTDATA@@@ATL@@@ATL@@UAGJKPAUtagCONNECTDATA@@PAK@Z 100036f1 f i Totals.obj
 0001:000027c8       ?Skip@?$CComEnumImpl@UIEnumConnections@@$1?_GUID_b196b287_bab4_101a_b69c_00aa00341d07@@3U__s_GUID@@BUtagCONNECTDATA@@V?$_Copy@UtagCONNECTDATA@@@ATL@@@ATL@@UAGJK@Z 100037c8 f i Totals.obj
 0001:000027f5       ?Clone@?$CComEnumImpl@UIEnumConnections@@$1?_GUID_b196b287_bab4_101a_b69c_00aa00341d07@@3U__s_GUID@@BUtagCONNECTDATA@@V?$_Copy@UtagCONNECTDATA@@@ATL@@@ATL@@UAGJPAPAUIEnumConnections@@@Z 100037f5 f i Totals.obj
 0001:000028d6       ?QueryInterface@?$CComObject@V?$CComEnum@UIEnumConnections@@$1?_GUID_b196b287_bab4_101a_b69c_00aa00341d07@@3U__s_GUID@@BUtagCONNECTDATA@@V?$_Copy@UtagCONNECTDATA@@@ATL@@VCComSingleThreadModel@6@@ATL@@@ATL@@UAGJABU_GUID@@PAPAX@Z 100038d6 f i Totals.obj
 0001:000028f0       ??_E?$CComObject@V?$CComEnum@UIEnumConnections@@$1?_GUID_b196b287_bab4_101a_b69c_00aa00341d07@@3U__s_GUID@@BUtagCONNECTDATA@@V?$_Copy@UtagCONNECTDATA@@@ATL@@VCComSingleThreadModel@6@@ATL@@@ATL@@UAEPAXI@Z 100038f0 f i Totals.obj
 0001:000028f0       ??_G?$CComObject@V?$CComEnum@UIEnumConnections@@$1?_GUID_b196b287_bab4_101a_b69c_00aa00341d07@@3U__s_GUID@@BUtagCONNECTDATA@@V?$_Copy@UtagCONNECTDATA@@@ATL@@VCComSingleThreadModel@6@@ATL@@@ATL@@UAEPAXI@Z 100038f0 f i Totals.obj
 0001:00002912       ??$?4UITypeInfo2@@@?$CComPtr@UITypeInfo@@@ATL@@QAEPAUITypeInfo@@ABV?$CComPtr@UITypeInfo2@@@1@@Z 10003912 f i Totals.obj
 0001:0000293f       ??$AtlAdd@K@ATL@@YAJPAKKK@Z 1000393f f i Totals.obj
 0001:00002962       ??$AtlAdd@_K@ATL@@YAJPA_K_K1@Z 10003962 f i Totals.obj
 0001:0000299a       ??$AtlAddThrow@K@ATL@@YAKKK@Z 1000399a f i Totals.obj
 0001:000029c0       ??$AtlModuleRegisterWndClassInfoT@VAtlModuleRegisterWndClassInfoParamW@ATL@@@ATL@@YAGPAU_ATL_BASE_MODULE70@0@PAU_ATL_WIN_MODULE70@0@PAU_ATL_WNDCLASSINFOW@0@PAP6GJPAUHWND__@@IIJ@ZVAtlModuleRegisterWndClassInfoParamW@0@@Z 100039c0 f i Totals.obj
 0001:00002b0e       ??$AtlMultiply@H@ATL@@YAJPAHHH@Z 10003b0e f i Totals.obj
 0001:00002b46       ??$AtlMultiply@I@ATL@@YAJPAIII@Z 10003b46 f i Totals.obj
 0001:00002b46       ??$AtlMultiply@K@ATL@@YAJPAKKK@Z 10003b46 f i Totals.obj
 0001:00002b68       ??$AtlMultiplyThrow@I@ATL@@YAIII@Z 10003b68 f i Totals.obj
 0001:00002b8e       ??0?$CComAggObject@VCOPOSTotals@@@ATL@@QAE@PAX@Z 10003b8e f i Totals.obj
 0001:00002bbb       ??0?$CComContainedObject@VCOPOSTotals@@@ATL@@QAE@PAX@Z 10003bbb f i Totals.obj
 0001:00002c74       ??0?$CComObject@V?$CComEnum@UIEnumConnectionPoints@@$1?_GUID_b196b285_bab4_101a_b69c_00aa00341d07@@3U__s_GUID@@BPAUIConnectionPoint@@V?$_CopyInterface@UIConnectionPoint@@@ATL@@VCComSingleThreadModel@6@@ATL@@@ATL@@QAE@PAX@Z 10003c74 f i Totals.obj
 0001:00002ca2       ??0?$CComObject@V?$CComEnum@UIEnumConnections@@$1?_GUID_b196b287_bab4_101a_b69c_00aa00341d07@@3U__s_GUID@@BUtagCONNECTDATA@@V?$_Copy@UtagCONNECTDATA@@@ATL@@VCComSingleThreadModel@6@@ATL@@@ATL@@QAE@PAX@Z 10003ca2 f i Totals.obj
 0001:00002cd0       ??0?$CComObject@VCOPOSTotals@@@ATL@@QAE@PAX@Z 10003cd0 f i Totals.obj
 0001:00002d87       ??0?$CComQIPtr@UIOleControlSite@@$1?_GUID_b196b289_bab4_101a_b69c_00aa00341d07@@3U__s_GUID@@B@ATL@@QAE@PAUIUnknown@@@Z 10003d87 f i Totals.obj
 0001:00002db0       ??0CAtlModule@ATL@@QAE@XZ  10003db0 f i Totals.obj
 0001:00002df1       ??0CParseBuffer@CRegParser@ATL@@QAE@H@Z 10003df1 f i Totals.obj
 0001:00002e27       ??0_ATL_MSG@ATL@@QAE@PAUHWND__@@IIJH@Z 10003e27 f i Totals.obj
 0001:00002e5f       ??1?$CComAggObject@VCOPOSTotals@@@ATL@@UAE@XZ 10003e5f f i Totals.obj
 0001:00002e83       ??1?$CComEnumImpl@UIEnumConnectionPoints@@$1?_GUID_b196b285_bab4_101a_b69c_00aa00341d07@@3U__s_GUID@@BPAUIConnectionPoint@@V?$_CopyInterface@UIConnectionPoint@@@ATL@@@ATL@@UAE@XZ 10003e83 f i Totals.obj
 0001:00002ec3       ??1?$CComEnumImpl@UIEnumConnections@@$1?_GUID_b196b287_bab4_101a_b69c_00aa00341d07@@3U__s_GUID@@BUtagCONNECTDATA@@V?$_Copy@UtagCONNECTDATA@@@ATL@@@ATL@@UAE@XZ 10003ec3 f i Totals.obj
 0001:00002f03       ??1?$CComObject@V?$CComEnum@UIEnumConnectionPoints@@$1?_GUID_b196b285_bab4_101a_b69c_00aa00341d07@@3U__s_GUID@@BPAUIConnectionPoint@@V?$_CopyInterface@UIConnectionPoint@@@ATL@@VCComSingleThreadModel@6@@ATL@@@ATL@@UAE@XZ 10003f03 f i Totals.obj
 0001:00002f26       ??1?$CComObject@V?$CComEnum@UIEnumConnections@@$1?_GUID_b196b287_bab4_101a_b69c_00aa00341d07@@3U__s_GUID@@BUtagCONNECTDATA@@V?$_Copy@UtagCONNECTDATA@@@ATL@@VCComSingleThreadModel@6@@ATL@@@ATL@@UAE@XZ 10003f26 f i Totals.obj
 0001:00002f49       ??1?$CComObject@VCOPOSTotals@@@ATL@@UAE@XZ 10003f49 f i Totals.obj
 0001:00003007       ??1?$CComObjectCached@VCComClassFactory@ATL@@@ATL@@UAE@XZ 10004007 f i Totals.obj
 0001:0000301d       ??1?$CComObjectRootEx@VCComMultiThreadModel@ATL@@@ATL@@QAE@XZ 1000401d f i Totals.obj
 0001:00003032       ??1CRegObject@ATL@@UAE@XZ  10004032 f i Totals.obj
 0001:00003052       ??4?$CComPtr@UIOleClientSite@@@ATL@@QAEPAUIOleClientSite@@PAU2@@Z 10004052 f i Totals.obj
 0001:00003052       ??4?$CComPtr@UIUnknown@@@ATL@@QAEPAUIUnknown@@PAU2@@Z 10004052 f i Totals.obj
 0001:00003052       ??4?$CComPtr@UIAdviseSink@@@ATL@@QAEPAUIAdviseSink@@PAU2@@Z 10004052 f i Totals.obj
 0001:00003086       ??_G?$CComContainedObject@VCOPOSTotals@@@ATL@@UAEPAXI@Z 10004086 f i Totals.obj
 0001:00003086       ??_E?$CComContainedObject@VCOPOSTotals@@@ATL@@UAEPAXI@Z 10004086 f i Totals.obj
 0001:000030ab       ??_E?$CComObject@VCOPOSTotals@@@ATL@@UAEPAXI@Z 100040ab f i Totals.obj
 0001:000030ab       ??_G?$CComObject@VCOPOSTotals@@@ATL@@UAEPAXI@Z 100040ab f i Totals.obj
 0001:000030d0       ?Add@?$CSimpleArray@GV?$CSimpleArrayEqualHelper@G@ATL@@@ATL@@QAEHABG@Z 100040d0 f i Totals.obj
 0001:00003154       ?Add@?$CSimpleMap@PA_WPA_WVCExpansionVectorEqualHelper@ATL@@@ATL@@QAEHABQA_W0@Z 10004154 f i Totals.obj
 0001:000031a9       ?Add@CComDynamicUnkArray@ATL@@QAEKPAUIUnknown@@@Z 100041a9 f i Totals.obj
 0001:0000325f       ?Add@CExpansionVector@ATL@@QAEHPB_W0@Z 1000425f f i Totals.obj
 0001:00003368       ?AddString@CParseBuffer@CRegParser@ATL@@QAEHPB_W@Z 10004368 f i Totals.obj
 0001:0000339d       ?AddTermFunc@CAtlModule@ATL@@QAEJP6GXK@ZK@Z 1000439d f i Totals.obj
 0001:00003400       ?AddValue@CRegParser@ATL@@IAEJAAVCRegKey@2@PB_WPA_W@Z 10004400 f i Totals.obj
 0001:0000371a       ?Allocate@?$CAtlSafeAllocBufferManager@VCCRTAllocator@ATL@@@_ATL_SAFE_ALLOCA_IMPL@ATL@@QAEPAXK@Z 1000471a f i Totals.obj
 0001:00003747       ?Allocate@?$CTempBuffer@E$0BAA@VCCRTAllocator@ATL@@@ATL@@QAEPAEI@Z 10004747 f i Totals.obj
 0001:00003776       ?Allocate@?$CTempBuffer@_W$0BAA@VCCRTAllocator@ATL@@@ATL@@QAEPA_WI@Z 10004776 f i Totals.obj
 0001:000037a5       ?Allocate@?$CTempBuffer@_W$0EAA@VCCRTAllocator@ATL@@@ATL@@QAEPA_WI@Z 100047a5 f i Totals.obj
 0001:000037d4       ?AllocateHeap@?$CTempBuffer@E$0BAA@VCCRTAllocator@ATL@@@ATL@@AAEXI@Z 100047d4 f i Totals.obj
 0001:000037d4       ?AllocateHeap@?$CTempBuffer@_W$0BAA@VCCRTAllocator@ATL@@@ATL@@AAEXI@Z 100047d4 f i Totals.obj
 0001:000037d4       ?AllocateHeap@?$CTempBuffer@_W$0EAA@VCCRTAllocator@ATL@@@ATL@@AAEXI@Z 100047d4 f i Totals.obj
 0001:000037f9       ?Append@CParseBuffer@CRegParser@ATL@@QAEHPB_WH@Z 100047f9 f i Totals.obj
 0001:00003887       ?AtlCoTaskMemCAlloc@ATL@@YAPAXKK@Z 10004887 f i Totals.obj
 0001:000038b4       ?AtlCoTaskMemRecalloc@ATL@@YAPAXPAXKK@Z 100048b4 f i Totals.obj
 0001:000038e4       ?AtlComModuleGetClassObject@ATL@@YGJPAU_ATL_COM_MODULE70@1@ABU_GUID@@1PAPAX@Z 100048e4 f i Totals.obj
 0001:000039d7       ?AtlComModuleRegisterServer@ATL@@YGJPAU_ATL_COM_MODULE70@1@HPBU_GUID@@@Z 100049d7 f i Totals.obj
 0001:00003a5f       ?AtlComModuleUnregisterServer@ATL@@YGJPAU_ATL_COM_MODULE70@1@HPBU_GUID@@@Z 10004a5f f i Totals.obj
 0001:00003ae7       ?AtlComQIPtrAssign2@ATL@@YAXPAPAUIUnknown@@PAU2@ABU_GUID@@@Z 10004ae7 f i Totals.obj
 0001:00003b16       ?AtlCreateTargetDC@ATL@@YGPAUHDC__@@PAU2@PAUtagDVTARGETDEVICE@@@Z 10004b16 f i Totals.obj
 0001:00003b7f       ?AtlCrtErrorCheck@ATL@@YAHH@Z 10004b7f f i Totals.obj
 0001:00003bba       ?AtlHiMetricToPixel@ATL@@YGXPBUtagSIZE@@PAU2@@Z 10004bba f i Totals.obj
 0001:00003c2f       ?AtlHresultFromLastError@ATL@@YAJXZ 10004c2f f i Totals.obj
 0001:00003c46       ?AtlHresultFromWin32@ATL@@YAJK@Z 10004c46 f i Totals.obj
 0001:00003c5b       ?AtlInternalOleLoadFromStream@ATL@@YAJPAUIStream@@ABU_GUID@@PAPAXTClassesAllowedInStream@1@K@Z 10004c5b f i Totals.obj
 0001:00003d79       ?AtlInternalQueryInterface@ATL@@YGJPAXPBU_ATL_INTMAP_ENTRY@1@ABU_GUID@@PAPAX@Z 10004d79 f i Totals.obj
 0001:00003e1c       ?AtlLoadTypeLib@ATL@@YGJPAUHINSTANCE__@@PB_WPAPA_WPAPAUITypeLib@@@Z 10004e1c f i Totals.obj
 0001:00003ffa       ?AtlRegisterClassCategoriesHelper@ATL@@YGJABU_GUID@@PBU_ATL_CATMAP_ENTRY@1@H@Z 10004ffa f i Totals.obj
 0001:000042f6       ?AtlRegisterTypeLib@ATL@@YGJPAUHINSTANCE__@@PB_W@Z 100052f6 f i Totals.obj
 0001:0000447e       ?AtlThrowImpl@ATL@@YGXJ@Z  1000547e f i Totals.obj
 0001:0000449c       ?AtlUnRegisterTypeLib@ATL@@YGJPAUHINSTANCE__@@PB_W@Z 1000549c f i Totals.obj
 0001:00004547       ?AtlWinModuleAddCreateWndData@ATL@@YGXPAU_ATL_WIN_MODULE70@1@PAU_AtlCreateWndData@1@PAX@Z 10005547 f i Totals.obj
 0001:0000459b       ?AtlWinModuleExtractCreateWndData@ATL@@YGPAXPAU_ATL_WIN_MODULE70@1@@Z 1000559b f i Totals.obj
 0001:000045fe       ?AtlWinModuleRegisterClassExW@ATL@@YGGPAU_ATL_WIN_MODULE70@1@PBUtagWNDCLASSEXW@@@Z 100055fe f i Totals.obj
 0001:0000463d       ?CanForceRemoveKey@CRegParser@ATL@@IAEHPB_W@Z 1000563d f i Totals.obj
 0001:0000466c       ?ChToByte@CRegParser@ATL@@KAE_W@Z 1000566c f i Totals.obj
 0001:0000469f       ?Cleanup@CComTypeInfoHolder@ATL@@SGXK@Z 1000569f f i Totals.obj
 0001:000046d2       ?ClearReplacements@CExpansionVector@ATL@@QAEJXZ 100056d2 f i Totals.obj
 0001:0000470f       ?Close@CRegKey@ATL@@QAEJXZ 1000570f f i Totals.obj
 0001:00004729       ?CreateInstance@?$CComCreator@V?$CComAggObject@VCOPOSTotals@@@ATL@@@ATL@@SGJPAXABU_GUID@@PAPAX@Z 10005729 f i Totals.obj
 0001:0000479e       ?CreateInstance@?$CComCreator@V?$CComObject@VCOPOSTotals@@@ATL@@@ATL@@SGJPAXABU_GUID@@PAPAX@Z 1000579e f i Totals.obj
 0001:0000481e       ?CreateInstance@?$CComObject@V?$CComEnum@UIEnumConnectionPoints@@$1?_GUID_b196b285_bab4_101a_b69c_00aa00341d07@@3U__s_GUID@@BPAUIConnectionPoint@@V?$_CopyInterface@UIConnectionPoint@@@ATL@@VCComSingleThreadModel@6@@ATL@@@ATL@@SGJPAPAV12@@Z 1000581e f i Totals.obj
 0001:00004868       ?CreateInstance@?$CComObject@V?$CComEnum@UIEnumConnections@@$1?_GUID_b196b287_bab4_101a_b69c_00aa00341d07@@3U__s_GUID@@BUtagCONNECTDATA@@V?$_Copy@UtagCONNECTDATA@@@ATL@@VCComSingleThreadModel@6@@ATL@@@ATL@@SGJPAPAV12@@Z 10005868 f i Totals.obj
 0001:000048b2       ?DefaultReflectionHandler@?$CWindowImplRoot@VCWindow@ATL@@@ATL@@SAHPAUHWND__@@IIJAAJ@Z 100058b2 f i Totals.obj
 0001:00004925       ?DeleteSubKey@CRegKey@ATL@@QAEJPB_W@Z 10005925 f i Totals.obj
 0001:0000499e       ?DoEvent@COPOSTotals@@IAEXIIJ@Z 1000599e f i Totals.obj
 0001:00004a1e       ?DoVerbHide@?$IOleObjectImpl@VCOPOSTotals@@@ATL@@QAEJPBUtagRECT@@PAUHWND__@@@Z 10005a1e f i Totals.obj
 0001:00004a54       ?DoVerbInPlaceActivate@?$IOleObjectImpl@VCOPOSTotals@@@ATL@@QAEJPBUtagRECT@@PAUHWND__@@@Z 10005a54 f i Totals.obj
 0001:00004a87       ?DoVerbPrimary@?$IOleObjectImpl@VCOPOSTotals@@@ATL@@QAEJPBUtagRECT@@PAUHWND__@@@Z 10005a87 f i Totals.obj
 0001:00004b13       ?DoVerbProperties@CComControlBase@ATL@@QAEJPBUtagRECT@@PAUHWND__@@@Z 10005b13 f i Totals.obj
 0001:00004c92       ?DoVerbUIActivate@?$IOleObjectImpl@VCOPOSTotals@@@ATL@@QAEJPBUtagRECT@@PAUHWND__@@@Z 10005c92 f i Totals.obj
 0001:00004ccf       ?DoesVerbActivate@CComControlBase@ATL@@QAEHJ@Z 10005ccf f i Totals.obj
 0001:00004cf0       ?DoesVerbUIActivate@CComControlBase@ATL@@QAEHJ@Z 10005cf0 f i Totals.obj
 0001:00004d25       ?EndOfVar@CRegParser@ATL@@IAEHXZ 10005d25 f i Totals.obj
 0001:00004d45       ?EscapeSingleQuote@CAtlModule@ATL@@SAXPA_WIPB_W@Z 10005d45 f i Totals.obj
 0001:00004d94       ?FindKey@?$CSimpleMap@PA_WPA_WVCExpansionVectorEqualHelper@ATL@@@ATL@@QBEHABQA_W@Z 10005d94 f i Totals.obj
 0001:00004dcb       ?FireTheEvent@?$CProxy_IOPOSEvents@VCOPOSTotals@@@@IAEXPAVOposVariant@@IAAJPB_WJ@Z 10005dcb f i Totals.obj
 0001:00004e5d       ?FireViewChange@CComControlBase@ATL@@QAEJXZ 10005e5d f i Totals.obj
 0001:00004ea6       ?Fire_DirectIOEvent@?$CProxy_IOPOSEvents@VCOPOSTotals@@@@QAEXJPAJPAPA_W@Z 10005ea6 f i Totals.obj
 0001:00004f92       ?Fire_StatusUpdateEvent@?$CProxy_IOPOSEvents@VCOPOSTotals@@@@QAEXJ@Z 10005f92 f i Totals.obj
 0001:00005028       ?FreeHeap@?$CTempBuffer@_W$0BAA@VCCRTAllocator@ATL@@@ATL@@AAEXXZ 10006028 f i Totals.obj
 0001:00005028       ?FreeHeap@?$CTempBuffer@E$0BAA@VCCRTAllocator@ATL@@@ATL@@AAEXXZ 10006028 f i Totals.obj
 0001:00005028       ?FreeHeap@?$CTempBuffer@_W$0EAA@VCCRTAllocator@ATL@@@ATL@@AAEXXZ 10006028 f i Totals.obj
 0001:00005031       ?GetAmbientLocaleID@CComControlBase@ATL@@QAEJAAK@Z 10006031 f i Totals.obj
 0001:0000508d       ?GetAmbientUserMode@CComControlBase@ATL@@QAEJAAH@Z 1000608d f i Totals.obj
 0001:000050fd       ?GetAt@CComDynamicUnkArray@ATL@@QAEPAUIUnknown@@H@Z 100060fd f i Totals.obj
 0001:00005119       ?GetClassObject@CComModule@ATL@@QAEJABU_GUID@@0PAPAX@Z 10006119 f i Totals.obj
 0001:000051bb       ?GetConnMap@COPOSTotals@@SAPBU_ATL_CONNMAP_ENTRY@ATL@@PAH@Z 100061bb f i Totals.obj
 0001:0000522b       ?GetCookie@CComDynamicUnkArray@ATL@@QAGKPAPAUIUnknown@@@Z 1000622b f i Totals.obj
 0001:00005263       ?GetIDsOfNames@CComTypeInfoHolder@ATL@@QAEJABU_GUID@@PAPA_WIKPAJ@Z 10006263 f i Totals.obj
 0001:0000538a       ?GetKeyAt@?$CSimpleMap@PA_WPA_WVCExpansionVectorEqualHelper@ATL@@@ATL@@QBEAAPA_WH@Z 1000638a f i Totals.obj
 0001:000053af       ?GetPagesHelper@?$ISpecifyPropertyPagesImpl@VCOPOSTotals@@@ATL@@IAEJPAUtagCAUUID@@PBUATL_PROPMAP_ENTRY@2@@Z 100063af f i Totals.obj
 0001:000054d6       ?GetProperty@?$CComPtr@UIDispatch@@@ATL@@SAJPAUIDispatch@@JPAUtagVARIANT@@@Z 100064d6 f i Totals.obj
 0001:00005525       ?GetSizeMax@CComVariant@ATL@@QBEJPAT_ULARGE_INTEGER@@@Z 10006525 f i Totals.obj
 0001:000056e7       ?GetTI@CComTypeInfoHolder@ATL@@QAEJK@Z 100066e7 f i Totals.obj
 0001:000058c6       ?GetTI@CComTypeInfoHolder@ATL@@QAEJKPAPAUITypeInfo@@@Z 100068c6 f i Totals.obj
 0001:00005908       ?GetUnknown@CComDynamicUnkArray@ATL@@QAGPAUIUnknown@@K@Z 10006908 f i Totals.obj
 0001:00005929       ?GetValueAt@?$CSimpleMap@PA_WPA_WVCExpansionVectorEqualHelper@ATL@@@ATL@@QBEAAPA_WH@Z 10006929 f i Totals.obj
 0001:0000594f       ?GetZoomInfo@CComControlBase@ATL@@QAEXAAUATL_DRAWINFO@@@Z 1000694f f i Totals.obj
 0001:000059e2       ?HKeyFromString@CRegParser@ATL@@KAPAUHKEY__@@PA_W@Z 100069e2 f i Totals.obj
 0001:00005a10       ?HasSubKeys@CRegParser@ATL@@IAEHPAUHKEY__@@@Z 10006a10 f i Totals.obj
 0001:00005a45       ?IDataObject_GetData@CComControlBase@ATL@@QAEJPAUtagFORMATETC@@PAUtagSTGMEDIUM@@@Z 10006a45 f i Totals.obj
 0001:00005beb       ?IOleInPlaceObject_InPlaceDeactivate@CComControlBase@ATL@@QAEJXZ 10006beb f i Totals.obj
 0001:00005c72       ?IOleInPlaceObject_SetObjectRects@CComControlBase@ATL@@QAEJPBUtagRECT@@0@Z 10006c72 f i Totals.obj
 0001:00005d3f       ?IOleInPlaceObject_UIDeactivate@CComControlBase@ATL@@QAEJXZ 10006d3f f i Totals.obj
 0001:00005e01       ?IOleObject_Advise@CComControlBase@ATL@@QAEJPAUIAdviseSink@@PAK@Z 10006e01 f i Totals.obj
 0001:00005e2b       ?IOleObject_Close@CComControlBase@ATL@@QAEJK@Z 10006e2b f i Totals.obj
 0001:00005f0f       ?IOleObject_GetClientSite@CComControlBase@ATL@@QAEJPAPAUIOleClientSite@@@Z 10006f0f f i Totals.obj
 0001:00005f38       ?IOleObject_SetClientSite@CComControlBase@ATL@@QAEJPAUIOleClientSite@@@Z 10006f38 f i Totals.obj
 0001:00005f77       ?IOleObject_SetExtent@CComControlBase@ATL@@QAEJKPAUtagSIZE@@@Z 10006f77 f i Totals.obj
 0001:00006029       ?IPSI_GetIPersistStreamInit@?$IPersistStorageImpl@VCOPOSTotals@@@ATL@@AAEPAUIPersistStreamInit@@XZ 10007029 f i Totals.obj
 0001:000060d1       ?IPersistStreamInit_Load@?$IPersistStreamInitImpl@VCOPOSTotals@@@ATL@@QAEJPAUIStream@@PBUATL_PROPMAP_ENTRY@2@@Z 100070d1 f i Totals.obj
 0001:00006346       ?IPersistStreamInit_Save@?$IPersistStreamInitImpl@VCOPOSTotals@@@ATL@@QAEJPAUIStream@@HPBUATL_PROPMAP_ENTRY@2@@Z 10007346 f i Totals.obj
 0001:00006534       ?IQuickActivate_QuickActivate@CComControlBase@ATL@@QAEJPAUtagQACONTAINER@@PAUtagQACONTROL@@@Z 10007534 f i Totals.obj
 0001:00006776       ?IViewObject_Draw@CComControlBase@ATL@@QAEJKJPAXPAUtagDVTARGETDEVICE@@PAUHDC__@@2PBU_RECTL@@3@Z 10007776 f i Totals.obj
 0001:0000681e       ?InPlaceActivate@CComControlBase@ATL@@QAEJJPBUtagRECT@@@Z 1000781e f i Totals.obj
 0001:00006a8f       ?Init@?$CComEnumImpl@UIEnumConnectionPoints@@$1?_GUID_b196b285_bab4_101a_b69c_00aa00341d07@@3U__s_GUID@@BPAUIConnectionPoint@@V?$_CopyInterface@UIConnectionPoint@@@ATL@@@ATL@@QAEJPAPAUIConnectionPoint@@0PAUIUnknown@@W4CComEnumFlags@2@@Z 10007a8f f i Totals.obj
 0001:00006b6e       ?Init@?$CComEnumImpl@UIEnumConnections@@$1?_GUID_b196b287_bab4_101a_b69c_00aa00341d07@@3U__s_GUID@@BUtagCONNECTDATA@@V?$_Copy@UtagCONNECTDATA@@@ATL@@@ATL@@QAEJPAUtagCONNECTDATA@@0PAUIUnknown@@W4CComEnumFlags@2@@Z 10007b6e f i Totals.obj
 0001:00006c4d       ?Init@CComModule@ATL@@QAEJPAU_ATL_OBJMAP_ENTRY30@2@PAUHINSTANCE__@@PBU_GUID@@@Z 10007c4d f i Totals.obj
 0001:00006cac       ?Init@CDynamicStdCallThunk2@ATL@@QAEHKPAX@Z 10007cac f i Totals.obj
 0001:00006cd7       ?InlineIsEqualUnknown@ATL@@YGHABU_GUID@@@Z 10007cd7 f i Totals.obj
 0001:00006cff       ?InternalSetAtIndex@?$CSimpleMap@PA_WPA_WVCExpansionVectorEqualHelper@ATL@@@ATL@@QAEXHABQA_W0@Z 10007cff f i Totals.obj
 0001:00006d29       ?Invoke@CComTypeInfoHolder@ATL@@QAEJPAUIDispatch@@JABU_GUID@@KGPAUtagDISPPARAMS@@PAUtagVARIANT@@PAUtagEXCEPINFO@@PAI@Z 10007d29 f i Totals.obj
 0001:00006d6c       ?IsEqualObject@?$CComPtrBase@UITypeInfo@@@ATL@@QAE_NPAUIUnknown@@@Z 10007d6c f i Totals.obj
 0001:00006d6c       ?IsEqualObject@?$CComPtrBase@UIOleClientSite@@@ATL@@QAE_NPAUIUnknown@@@Z 10007d6c f i Totals.obj
 0001:00006dd9       ?IsSpace@CRegParser@ATL@@IAEH_W@Z 10007dd9 f i Totals.obj
 0001:00006e03       ?LoadNameCache@CComTypeInfoHolder@ATL@@QAEJPAUITypeInfo@@@Z 10007e03 f i Totals.obj
 0001:00006f38       ?Lookup@?$CSimpleMap@PA_WPA_WVCExpansionVectorEqualHelper@ATL@@@ATL@@QBEPA_WABQA_W@Z 10007f38 f i Totals.obj
 0001:00006f5e       ?NextToken@CRegParser@ATL@@IAEJPA_W@Z 10007f5e f i Totals.obj
 0001:00007096       ?OnKillFocus@CComControlBase@ATL@@QAEJIIJAAH@Z 10008096 f i Totals.obj
 0001:000070f1       ?OnMouseActivate@CComControlBase@ATL@@QAEJIIJAAH@Z 100080f1 f i Totals.obj
 0001:0000715f       ?OnPaint@CComControlBase@ATL@@QAEJIIJAAH@Z 1000815f f i Totals.obj
 0001:00007211       ?OnSetFocus@CComControlBase@ATL@@QAEJIIJAAH@Z 10008211 f i Totals.obj
 0001:0000729a       ?Open@CRegKey@ATL@@QAEJPAUHKEY__@@PB_WK@Z 1000829a f i Totals.obj
 0001:000072ef       ?PreProcessBuffer@CRegParser@ATL@@QAEJPA_WPAPA_W@Z 100082ef f i Totals.obj
 0001:0000755e       ?ProcessWindowMessage@?$CComControl@VCOPOSTotals@@V?$CWindowImpl@VCOPOSTotals@@VCWindow@ATL@@V?$CWinTraits@$0FGAAAAAA@$0A@@3@@ATL@@@ATL@@UAEHPAUHWND__@@IIJAAJK@Z 1000855e f i Totals.obj
 0001:000075fd       ?ReadFromStream@CComBSTR@ATL@@QAEJPAUIStream@@@Z 100085fd f i Totals.obj
 0001:00007720       ?ReadFromStream@CComVariant@ATL@@QAEJPAUIStream@@GTClassesAllowedInStream@2@K@Z 10008720 f i Totals.obj
 0001:000078aa       ?RecurseDeleteKey@CRegKey@ATL@@QAEJPB_W@Z 100088aa f i Totals.obj
 0001:00007998       ?RegCreateKeyExW@CAtlTransactionManager@ATL@@QAEJPAUHKEY__@@PB_WKPA_WKKQAU_SECURITY_ATTRIBUTES@@PAPAU3@PAK@Z 10008998 f i Totals.obj
 0001:000079fb       ?RegDeleteKeyW@CAtlTransactionManager@ATL@@QAEJPAUHKEY__@@PB_W@Z 100089fb f i Totals.obj
 0001:00007a4d       ?RegOpenKeyExW@CAtlTransactionManager@ATL@@QAEJPAUHKEY__@@PB_WKKPAPAU3@@Z 10008a4d f i Totals.obj
 0001:00007aa4       ?Register@_ATL_WNDCLASSINFOW@ATL@@QAEGPAP6GJPAUHWND__@@IIJ@Z@Z 10008aa4 f i Totals.obj
 0001:00007ac4       ?RegisterBuffer@CRegParser@ATL@@QAEJPA_WH@Z 10008ac4 f i Totals.obj
 0001:00007c0b       ?RegisterFromResource@CRegObject@ATL@@IAEJPB_W00H@Z 10008c0b f i Totals.obj
 0001:00007d41       ?RegisterServer@?$CAtlModuleT@VCComModule@ATL@@@ATL@@QAEJHPBU_GUID@@@Z 10008d41 f i Totals.obj
 0001:00007d6f       ?RegisterServer@CComModule@ATL@@QAEJHPBU_GUID@@@Z 10008d6f f i Totals.obj
 0001:00007de5       ?RegisterSubkeys@CRegParser@ATL@@IAEJPA_WPAUHKEY__@@HH@Z 10008de5 f i Totals.obj
 0001:00008492       ?Remove@CComDynamicUnkArray@ATL@@QAEHK@Z 10009492 f i Totals.obj
 0001:000084bb       ?RemoveAll@?$CSimpleMap@PA_WPA_WVCExpansionVectorEqualHelper@ATL@@@ATL@@QAEXXZ 100094bb f i Totals.obj
 0001:000084e7       ?ResourceRegisterSz@CRegObject@ATL@@QAGJPB_W00@Z 100094e7 f i Totals.obj
 0001:00008514       ?ResourceUnregisterSz@CRegObject@ATL@@QAGJPB_W00@Z 10009514 f i Totals.obj
 0001:00008541       ?SendOnDataChange@CComControlBase@ATL@@QAEJK@Z 10009541 f i Totals.obj
 0001:0000858e       ?SetControlFocus@CComControlBase@ATL@@QAEHH@Z 1000958e f i Totals.obj
 0001:0000862b       ?SetMultiStringValue@CRegKey@ATL@@QAEJPB_W0@Z 1000962b f i Totals.obj
 0001:00008687       ?SetStringValue@CRegKey@ATL@@QAEJPB_W0K@Z 10009687 f i Totals.obj
 0001:000086d0       ?SkipAssignment@CRegParser@ATL@@IAEJPA_W@Z 100096d0 f i Totals.obj
 0001:00008735       ?SkipWhiteSpace@CRegParser@ATL@@IAEXXZ 10009735 f i Totals.obj
 0001:00008757       ?StrChrW@CRegParser@ATL@@KAPA_WPA_W_W@Z 10009757 f i Totals.obj
 0001:00008794       ?Term@CAtlModule@ATL@@QAEXXZ 10009794 f i Totals.obj
 0001:000087e7       ?Term@CComModule@ATL@@QAEXXZ 100097e7 f i Totals.obj
 0001:0000883f       ?UnregisterServer@?$CAtlModuleT@VCComModule@ATL@@@ATL@@QAEJHPBU_GUID@@@Z 1000983f f i Totals.obj
 0001:00008865       ?UnregisterServer@CComModule@ATL@@QAEJHPBU_GUID@@@Z 10009865 f i Totals.obj
 0001:000088db       ?UpdateRegistryFromResource@CAtlModule@ATL@@QAGJIHPAU_ATL_REGMAP_ENTRY@2@@Z 100098db f i Totals.obj
 0001:00008aa6       ?UpdateRegistryFromResource@CAtlModule@ATL@@QAGJPB_WHPAU_ATL_REGMAP_ENTRY@2@@Z 10009aa6 f i Totals.obj
 0001:00008c77       ?VTFromRegType@CRegParser@ATL@@KAHPB_WAAG@Z 10009c77 f i Totals.obj
 0001:00008ce4       ?WindowProc@?$CWindowImplBaseT@VCWindow@ATL@@V?$CWinTraits@$0FGAAAAAA@$0A@@2@@ATL@@SGJPAUHWND__@@IIJ@Z 10009ce4 f i Totals.obj
 0001:00008dd6       ?WriteToStream@CComBSTR@ATL@@QAEJPAUIStream@@@Z 10009dd6 f i Totals.obj
 0001:00008e38       ?WriteToStream@CComVariant@ATL@@QAEJPAUIStream@@@Z 10009e38 f i Totals.obj
 0001:00008fb2       ?WriteToStream@CComVariant@ATL@@QAEJPAUIStream@@G@Z 10009fb2 f i Totals.obj
 0001:0000901b       ?_AtlInitialConstruct@?$CComObjectRootEx@VCComMultiThreadModel@ATL@@@ATL@@QAEJXZ 1000a01b f i Totals.obj
 0001:00009030       ?_AtlVerifyStackAvailable@_ATL_SAFE_ALLOCA_IMPL@ATL@@YA_NK@Z 1000a030 f i Totals.obj
 0001:000090ae       ?atlCreate@?$CWindowImpl@VCOPOSTotals@@VCWindow@ATL@@V?$CWinTraits@$0FGAAAAAA@$0A@@3@@ATL@@QAEPAUHWND__@@PAU3@V_U_RECT@2@PB_WKKV_U_MENUorID@2@PAX@Z 1000a0ae f i Totals.obj
 0001:000090f2       ?atlCreate@?$CWindowImplBaseT@VCWindow@ATL@@V?$CWinTraits@$0FGAAAAAA@$0A@@2@@ATL@@QAEPAUHWND__@@PAU3@V_U_RECT@2@PB_WKKV_U_MENUorID@2@GPAX@Z 1000a0f2 f i Totals.obj
 0001:0000918e       ?copy@?$_Copy@UtagCONNECTDATA@@@ATL@@SAJPAUtagCONNECTDATA@@PBU3@@Z 1000a18e f i Totals.obj
 0001:000091c4       ?copy@?$_CopyInterface@UIConnectionPoint@@@ATL@@SAJPAPAUIConnectionPoint@@PBQAU3@@Z 1000a1c4 f i Totals.obj
 0001:000091f2       ?memcpy_s@Checked@ATL@@YAXPAXIPBXI@Z 1000a1f2 f i Totals.obj
 0001:00009211       ?ocscpy_s@@YA_NPA_WIPB_W@Z 1000a211 f i Totals.obj
 0001:0000925b       ?wcscpy_s@Checked@ATL@@YAXPA_WIPB_W@Z 1000a25b f i Totals.obj
 0001:00009277       _DllCanUnloadNow@0         1000a277 f   Totals.obj
 0001:00009283       _DllGetClassObject@12      1000a283 f   Totals.obj
 0001:00009291       _DllMain@12                1000a291 f   Totals.obj
 0001:000092d3       _DllRegisterServer@0       1000a2d3 f   Totals.obj
 0001:000092e2       _DllUnregisterServer@0     1000a2e2 f   Totals.obj
 0001:000092f1       _InlineIsEqualGUID         1000a2f1 f i Totals.obj
 0001:00009321       ___local_stdio_printf_options 1000a321 f i Totals.obj
 0001:00009327       __vswprintf_s_l            1000a327 f i Totals.obj
 0001:000093d4       _swprintf_s                1000a3d4 f i Totals.obj
 0001:000093f0       ??0?$CComControl@VCOPOSTotals@@V?$CWindowImpl@VCOPOSTotals@@VCWindow@ATL@@V?$CWinTraits@$0FGAAAAAA@$0A@@3@@ATL@@@ATL@@QAE@XZ 1000a3f0 f i TotalsImpl.obj
 0001:00009417       ??0CComControlBase@ATL@@QAE@AAPAUHWND__@@@Z 1000a417 f i TotalsImpl.obj
 0001:00009467       ??0COPOSTotals@@QAE@XZ     1000a467 f   TotalsImpl.obj
 0001:000094b6       ??1?$CComControl@VCOPOSTotals@@V?$CWindowImpl@VCOPOSTotals@@VCWindow@ATL@@V?$CWinTraits@$0FGAAAAAA@$0A@@3@@ATL@@@ATL@@UAE@XZ 1000a4b6 f i TotalsImpl.obj
 0001:000094cf       ??1?$IConnectionPointImpl@VCOPOSTotals@@$1?IID_IPropertyNotifySink@@3U_GUID@@BVCComDynamicUnkArray@ATL@@@ATL@@QAE@XZ 1000a4cf f i TotalsImpl.obj
 0001:000094cf       ??1?$IConnectionPointImpl@VCOPOSTotals@@$1?DIID__IOPOSTotalsEvents@@3U_GUID@@BVCComDynamicUnkArray@ATL@@@ATL@@QAE@XZ 1000a4cf f i TotalsImpl.obj
 0001:0000950c       ??1CComControlBase@ATL@@UAE@XZ 1000a50c f i TotalsImpl.obj
 0001:0000956f       ??1COPOSTotals@@UAE@XZ     1000a56f f   TotalsImpl.obj
 0001:000095b7       ?BeginTrans@COPOSTotals@@UAGJPAJ@Z 1000a5b7 f   TotalsImpl.obj
 0001:000095d2       ?CheckHealth@COPOSTotals@@UAGJJPAJ@Z 1000a5d2 f   TotalsImpl.obj
 0001:00009621       ?ClaimDevice@COPOSTotals@@UAGJJPAJ@Z 1000a621 f   TotalsImpl.obj
 0001:0000968f       ?ClaimFile@COPOSTotals@@UAGJJJPAJ@Z 1000a68f f   TotalsImpl.obj
 0001:00009703       ?Close@COPOSTotals@@UAGJPAJ@Z 1000a703 f   TotalsImpl.obj
 0001:00009771       ?CommitTrans@COPOSTotals@@UAGJPAJ@Z 1000a771 f   TotalsImpl.obj
 0001:0000978c       ?CompareFirmwareVersion@COPOSTotals@@UAGJPA_WPAJ1@Z 1000a78c f   TotalsImpl.obj
 0001:0000980c       ?Create@COPOSTotals@@UAGJPA_WPAJJF1@Z 1000a80c f   TotalsImpl.obj
 0001:000098c5       ?Delete@COPOSTotals@@UAGJPA_WPAJ@Z 1000a8c5 f   TotalsImpl.obj
 0001:0000991c       ?DirectIO@COPOSTotals@@UAGJJPAJPAPA_W0@Z 1000a91c f   TotalsImpl.obj
 0001:000099ca       ?DoInvoke@COPOSTotals@@IAEJJPAVOposVariant@@IHPAJ_N@Z 1000a9ca f   TotalsImpl.obj
 0001:00009aa6       ?EventClose@COPOSTotals@@IAEXXZ 1000aaa6 f i TotalsImpl.obj
 0001:00009ad9       ?EventInit@COPOSTotals@@IAEJXZ 1000aad9 f i TotalsImpl.obj
 0001:00009ba5       ?EventUninit@COPOSTotals@@IAEXXZ 1000aba5 f i TotalsImpl.obj
 0001:00009bf7       ?EventWindowProc@COPOSTotals@@IAGJIIJ@Z 1000abf7 f i TotalsImpl.obj
 0001:00009c6e       ?FinalConstruct@COPOSTotals@@QAEJXZ 1000ac6e f   TotalsImpl.obj
 0001:00009ca7       ?Find@COPOSTotals@@UAGJPA_WPAJ11@Z 1000aca7 f   TotalsImpl.obj
 0001:00009d5f       ?FindByIndex@COPOSTotals@@UAGJJPAPA_WPAJ@Z 1000ad5f f   TotalsImpl.obj
 0001:00009ddb       ?FireEventCleanup@COPOSTotals@@IAEXXZ 1000addb f i TotalsImpl.obj
 0001:00009df1       ?FireEventSetup@COPOSTotals@@IAE_NXZ 1000adf1 f i TotalsImpl.obj
 0001:00009e25       ?FreezeEvents@COPOSTotals@@MAGJH@Z 1000ae25 f   TotalsImpl.obj
 0001:00009e76       ?GetOposProp@COPOSTotals@@IAEJJPAFJ@Z 1000ae76 f   TotalsImpl.obj
 0001:00009e99       ?GetOposProp@COPOSTotals@@IAEJJPAJJ@Z 1000ae99 f   TotalsImpl.obj
 0001:00009f68       ?GetOposProp@COPOSTotals@@IAEJJPAPA_WJ@Z 1000af68 f   TotalsImpl.obj
 0001:0000a044       ?OnDraw@COPOSTotals@@MAEJAAUATL_DRAWINFO@@@Z 1000b044 f   TotalsImpl.obj
 0001:0000a0e4       ?Open@COPOSTotals@@UAGJPA_WPAJ@Z 1000b0e4 f   TotalsImpl.obj
 0001:0000a924       ?Read@COPOSTotals@@UAGJJPAPA_WJJPAJ@Z 1000b924 f   TotalsImpl.obj
 0001:0000a9d3       ?RecalculateValidationData@COPOSTotals@@UAGJJPAJ@Z 1000b9d3 f   TotalsImpl.obj
 0001:0000aa22       ?ReleaseDevice@COPOSTotals@@UAGJPAJ@Z 1000ba22 f   TotalsImpl.obj
 0001:0000aa59       ?ReleaseFile@COPOSTotals@@UAGJJPAJ@Z 1000ba59 f   TotalsImpl.obj
 0001:0000aaa8       ?Rename@COPOSTotals@@UAGJJPA_WPAJ@Z 1000baa8 f   TotalsImpl.obj
 0001:0000ab24       ?ResetStatistics@COPOSTotals@@UAGJPA_WPAJ@Z 1000bb24 f   TotalsImpl.obj
 0001:0000ab7b       ?RetrieveStatistics@COPOSTotals@@UAGJPAPA_WPAJ@Z 1000bb7b f   TotalsImpl.obj
 0001:0000abd2       ?Rollback@COPOSTotals@@UAGJPAJ@Z 1000bbd2 f   TotalsImpl.obj
 0001:0000abed       ?SOProcessID@COPOSTotals@@UAGJPAJ@Z 1000bbed f   TotalsImpl.obj
 0001:0000ac01       ?SetAll@COPOSTotals@@UAGJJJPAJ@Z 1000bc01 f   TotalsImpl.obj
 0001:0000ac75       ?SetCOFreezeEvents@COPOSTotals@@IAEXF@Z 1000bc75 f   TotalsImpl.obj
 0001:0000ad15       ?SetOposProp@COPOSTotals@@IAEJJJJ@Z 1000bd15 f   TotalsImpl.obj
 0001:0000ae0c       ?UpdateFirmware@COPOSTotals@@UAGJPA_WPAJ@Z 1000be0c f   TotalsImpl.obj
 0001:0000ae63       ?UpdateStatistics@COPOSTotals@@UAGJPA_WPAJ@Z 1000be63 f   TotalsImpl.obj
 0001:0000aeba       ?ValidateData@COPOSTotals@@UAGJJPAJ@Z 1000beba f   TotalsImpl.obj
 0001:0000af09       ?Write@COPOSTotals@@UAGJJPA_WJJPAJ@Z 1000bf09 f   TotalsImpl.obj
 0001:0000afb8       ?get_BinaryConversion@COPOSTotals@@UAGJPAJ@Z 1000bfb8 f   TotalsImpl.obj
 0001:0000afce       ?get_CapCompareFirmwareVersion@COPOSTotals@@UAGJPAF@Z 1000bfce f   TotalsImpl.obj
 0001:0000afe7       ?get_CapErrorDetection@COPOSTotals@@UAGJPAF@Z 1000bfe7 f   TotalsImpl.obj
 0001:0000b000       ?get_CapPowerReporting@COPOSTotals@@UAGJPAJ@Z 1000c000 f   TotalsImpl.obj
 0001:0000b019       ?get_CapSingleFile@COPOSTotals@@UAGJPAF@Z 1000c019 f   TotalsImpl.obj
 0001:0000b032       ?get_CapStatisticsReporting@COPOSTotals@@UAGJPAF@Z 1000c032 f   TotalsImpl.obj
 0001:0000b04b       ?get_CapTransactions@COPOSTotals@@UAGJPAF@Z 1000c04b f   TotalsImpl.obj
 0001:0000b064       ?get_CapUpdateFirmware@COPOSTotals@@UAGJPAF@Z 1000c064 f   TotalsImpl.obj
 0001:0000b07d       ?get_CapUpdateStatistics@COPOSTotals@@UAGJPAF@Z 1000c07d f   TotalsImpl.obj
 0001:0000b096       ?get_CheckHealthText@COPOSTotals@@UAGJPAPA_W@Z 1000c096 f   TotalsImpl.obj
 0001:0000b0af       ?get_Claimed@COPOSTotals@@UAGJPAF@Z 1000c0af f   TotalsImpl.obj
 0001:0000b0c5       ?get_ControlObjectDescription@COPOSTotals@@UAGJPAPA_W@Z 1000c0c5 f   TotalsImpl.obj
 0001:0000b113       ?get_ControlObjectVersion@COPOSTotals@@UAGJPAJ@Z 1000c113 f   TotalsImpl.obj
 0001:0000b126       ?get_DeviceDescription@COPOSTotals@@UAGJPAPA_W@Z 1000c126 f   TotalsImpl.obj
 0001:0000b13f       ?get_DeviceEnabled@COPOSTotals@@UAGJPAF@Z 1000c13f f   TotalsImpl.obj
 0001:0000b155       ?get_DeviceName@COPOSTotals@@UAGJPAPA_W@Z 1000c155 f   TotalsImpl.obj
 0001:0000b16e       ?get_FreeData@COPOSTotals@@UAGJPAJ@Z 1000c16e f   TotalsImpl.obj
 0001:0000b187       ?get_FreezeEvents@COPOSTotals@@UAGJPAF@Z 1000c187 f   TotalsImpl.obj
 0001:0000b19d       ?get_NumberOfFiles@COPOSTotals@@UAGJPAJ@Z 1000c19d f   TotalsImpl.obj
 0001:0000b1b6       ?get_OpenResult@COPOSTotals@@UAGJPAJ@Z 1000c1b6 f   TotalsImpl.obj
 0001:0000b1cd       ?get_PowerNotify@COPOSTotals@@UAGJPAJ@Z 1000c1cd f   TotalsImpl.obj
 0001:0000b1e3       ?get_PowerState@COPOSTotals@@UAGJPAJ@Z 1000c1e3 f   TotalsImpl.obj
 0001:0000b1f9       ?get_ResultCode@COPOSTotals@@UAGJPAJ@Z 1000c1f9 f   TotalsImpl.obj
 0001:0000b237       ?get_ResultCodeExtended@COPOSTotals@@UAGJPAJ@Z 1000c237 f   TotalsImpl.obj
 0001:0000b24d       ?get_ServiceObjectDescription@COPOSTotals@@UAGJPAPA_W@Z 1000c24d f   TotalsImpl.obj
 0001:0000b266       ?get_ServiceObjectVersion@COPOSTotals@@UAGJPAJ@Z 1000c266 f   TotalsImpl.obj
 0001:0000b27c       ?get_State@COPOSTotals@@UAGJPAJ@Z 1000c27c f   TotalsImpl.obj
 0001:0000b2a8       ?get_TotalsSize@COPOSTotals@@UAGJPAJ@Z 1000c2a8 f   TotalsImpl.obj
 0001:0000b2c1       ?get_TransactionInProgress@COPOSTotals@@UAGJPAF@Z 1000c2c1 f   TotalsImpl.obj
 0001:0000b2da       ?put_BinaryConversion@COPOSTotals@@UAGJJ@Z 1000c2da f   TotalsImpl.obj
 0001:0000b2f0       ?put_DeviceEnabled@COPOSTotals@@UAGJF@Z 1000c2f0 f   TotalsImpl.obj
 0001:0000b30d       ?put_FreezeEvents@COPOSTotals@@UAGJF@Z 1000c30d f   TotalsImpl.obj
 0001:0000b359       ?put_PowerNotify@COPOSTotals@@UAGJJ@Z 1000c359 f   TotalsImpl.obj
 0001:0000b36f       ?s_EventWindowProc@COPOSTotals@@KGJPAUHWND__@@IIJ@Z 1000c36f f i TotalsImpl.obj
 0001:0000b3c1       ??_U@YAPAXI@Z              1000c3c1 f   LIBCMT:new_array.obj
 0001:0000b3ca       ??3@YAXPAXI@Z              1000c3ca f   LIBCMT:delete_scalar_size.obj
 0001:0000b3d8       ??_V@YAXPAX@Z              1000c3d8 f   LIBCMT:delete_array.obj
 0001:0000b3dd       ??_V@YAXPAXI@Z             1000c3dd f   LIBCMT:delete_array_size.obj
 0001:0000b42f       ___scrt_acquire_startup_lock 1000c42f f   LIBCMT:utility.obj
 0001:0000b461       ___scrt_dllmain_after_initialize_c 1000c461 f   LIBCMT:utility.obj
 0001:0000b48c       ___scrt_dllmain_before_initialize_c 1000c48c f   LIBCMT:utility.obj
 0001:0000b49a       ___scrt_dllmain_crt_thread_attach 1000c49a f   LIBCMT:utility.obj
 0001:0000b4b9       ___scrt_dllmain_crt_thread_detach 1000c4b9 f   LIBCMT:utility.obj
 0001:0000b4c6       ___scrt_dllmain_exception_filter 1000c4c6 f   LIBCMT:utility.obj
 0001:0000b4fa       ___scrt_dllmain_uninitialize_c 1000c4fa f   LIBCMT:utility.obj
 0001:0000b51d       ___scrt_dllmain_uninitialize_critical 1000c51d f   LIBCMT:utility.obj
 0001:0000b52a       ___scrt_initialize_crt     1000c52a f   LIBCMT:utility.obj
 0001:0000b563       ___scrt_initialize_onexit_tables 1000c563 f   LIBCMT:utility.obj
 0001:0000b5ea       ___scrt_is_nonwritable_in_current_image 1000c5ea f   LIBCMT:utility.obj
 0001:0000b67e       ___scrt_release_startup_lock 1000c67e f   LIBCMT:utility.obj
 0001:0000b69b       ___scrt_uninitialize_crt   1000c69b f   LIBCMT:utility.obj
 0001:0000b6c3       __onexit                   1000c6c3 f   LIBCMT:utility.obj
 0001:0000b6f0       _atexit                    1000c6f0 f   LIBCMT:utility.obj
 0001:0000b705       ??3@YAXPAX@Z               1000c705 f   LIBCMT:delete_scalar.obj
 0001:0000b7cf       __Init_thread_footer       1000c7cf f   LIBCMT:thread_safe_statics.obj
 0001:0000b819       __Init_thread_header       1000c819 f   LIBCMT:thread_safe_statics.obj
 0001:0000b86b       __Init_thread_notify       1000c86b f   LIBCMT:thread_safe_statics.obj
 0001:0000b8a1       __Init_thread_wait         1000c8a1 f   LIBCMT:thread_safe_statics.obj
 0001:0000b8ef       ___raise_securityfailure   1000c8ef f   LIBCMT:gs_report.obj
 0001:0000b917       ___report_gsfailure        1000c917 f   LIBCMT:gs_report.obj
 0001:0000ba10       ___report_rangecheckfailure 1000ca10 f   LIBCMT:gs_report.obj
 0001:0000ba1c       ___report_securityfailure  1000ca1c f   LIBCMT:gs_report.obj
 0001:0000baea       ??2@YAPAXIABUnothrow_t@std@@@Z 1000caea f   LIBCMT:new_scalar_nothrow.obj
 0001:0000bb3f       ??_U@YAPAXIABUnothrow_t@std@@@Z 1000cb3f f   LIBCMT:new_array_nothrow.obj
 0001:0000bb48       @__security_check_cookie@4 1000cb48 f   LIBCMT:secchk.obj
 0001:0000bb60       __SEH_prolog4_GS           1000cb60 f   LIBCMT:sehprolg4gs.obj
 0001:0000bba7       __SEH_epilog4_GS           1000cba7 f   LIBCMT:sehprolg4gs.obj
 0001:0000bbc0       __alloca_probe_16          1000cbc0 f   LIBCMT:alloca16.obj
 0001:0000bbd6       __alloca_probe_8           1000cbd6     LIBCMT:alloca16.obj
 0001:0000bbf0       __chkstk                   1000cbf0 f   LIBCMT:chkstk.obj
 0001:0000bbf0       __alloca_probe             1000cbf0 f   LIBCMT:chkstk.obj
 0001:0000bf5d       __DllMainCRTStartup@12     1000cf5d f   LIBCMT:dll_dllmain.obj
 0001:0000bf80       ??2@YAPAXI@Z               1000cf80 f   LIBCMT:new_scalar.obj
 0001:0000bfb0       ___isa_available_init      1000cfb0 f   LIBCMT:cpu_disp.obj
 0001:0000c180       ___scrt_is_ucrt_dll_in_use 1000d180 f   LIBCMT:ucrt_detection.obj
 0001:0000c18c       ___scrt_fastfail           1000d18c f   LIBCMT:utility_desktop.obj
 0001:0000c2a6       __crt_debugger_hook        1000d2a6 f   LIBCMT:utility_desktop.obj
 0001:0000c2b0       __SEH_prolog4              1000d2b0 f   LIBCMT:sehprolg4.obj
 0001:0000c2f4       __SEH_epilog4              1000d2f4 f   LIBCMT:sehprolg4.obj
 0001:0000c308       @_guard_check_icall_nop@4  1000d308 f i LIBCMT:guard_support.obj
 0001:0000c358       ___security_init_cookie    1000d358 f   LIBCMT:gs_support.obj
 0001:0000c3a3       ?__scrt_initialize_type_info@@YAXXZ 1000d3a3 f   LIBCMT:tncleanup.obj
 0001:0000c3af       ?__scrt_uninitialize_type_info@@YAXXZ 1000d3af f   LIBCMT:tncleanup.obj
 0001:0000c3bb       ___local_stdio_scanf_options 1000d3bb f i LIBCMT:default_local_stdio_options.obj
 0001:0000c3c1       ___scrt_initialize_default_local_stdio_options 1000d3c1 f   LIBCMT:default_local_stdio_options.obj
 0001:0000c3de       ___scrt_get_dyn_tls_init_callback 1000d3de f   LIBCMT:dyn_tls_init.obj
 0001:0000c3e4       __RTC_Initialize           1000d3e4 f   LIBCMT:initsect.obj
 0001:0000c410       __RTC_Terminate            1000d410 f   LIBCMT:initsect.obj
 0001:0000c43c       ??0bad_alloc@std@@QAE@ABV01@@Z 1000d43c f i LIBCMT:throw_bad_alloc.obj
 0001:0000c457       ??0bad_alloc@std@@QAE@XZ   1000d457 f i LIBCMT:throw_bad_alloc.obj
 0001:0000c46f       ??0bad_array_new_length@std@@QAE@ABV01@@Z 1000d46f f i LIBCMT:throw_bad_alloc.obj
 0001:0000c48a       ??0bad_array_new_length@std@@QAE@XZ 1000d48a f i LIBCMT:throw_bad_alloc.obj
 0001:0000c4a2       ??0exception@std@@QAE@ABV01@@Z 1000d4a2 f i LIBCMT:throw_bad_alloc.obj
 0001:0000c4ce       ??1bad_alloc@std@@UAE@XZ   1000d4ce f i LIBCMT:throw_bad_alloc.obj
 0001:0000c4ce       ??1bad_exception@std@@UAE@XZ 1000d4ce f i libvcruntime:frame.obj
 0001:0000c4ce       ??1bad_array_new_length@std@@UAE@XZ 1000d4ce f i LIBCMT:throw_bad_alloc.obj
 0001:0000c4df       ??_Ebad_exception@std@@UAEPAXI@Z 1000d4df f i libvcruntime:frame.obj
 0001:0000c4df       ??_Eexception@std@@UAEPAXI@Z 1000d4df f i LIBCMT:throw_bad_alloc.obj
 0001:0000c4df       ??_Ebad_alloc@std@@UAEPAXI@Z 1000d4df f i LIBCMT:throw_bad_alloc.obj
 0001:0000c4df       ??_Gbad_array_new_length@std@@UAEPAXI@Z 1000d4df f i LIBCMT:throw_bad_alloc.obj
 0001:0000c4df       ??_Ebad_array_new_length@std@@UAEPAXI@Z 1000d4df f i LIBCMT:throw_bad_alloc.obj
 0001:0000c4df       ??_Gbad_exception@std@@UAEPAXI@Z 1000d4df f i libvcruntime:frame.obj
 0001:0000c4df       ??_Gexception@std@@UAEPAXI@Z 1000d4df f i LIBCMT:throw_bad_alloc.obj
 0001:0000c4df       ??_Gbad_alloc@std@@UAEPAXI@Z 1000d4df f i LIBCMT:throw_bad_alloc.obj
 0001:0000c50c       ?__scrt_throw_std_bad_alloc@@YAXXZ 1000d50c f   LIBCMT:throw_bad_alloc.obj
 0001:0000c529       ?__scrt_throw_std_bad_array_new_length@@YAXXZ 1000d529 f   LIBCMT:throw_bad_alloc.obj
 0001:0000c546       ?what@exception@std@@UBEPBDXZ 1000d546 f i LIBCMT:throw_bad_alloc.obj
 0001:0000c553       ??_Etype_info@@UAEPAXI@Z   1000d553 f i LIBCMT:std_type_info_static.obj
 0001:0000c553       ??_Gtype_info@@UAEPAXI@Z   1000d553 f i LIBCMT:std_type_info_static.obj
 0001:0000c576       ??0CAtlBaseModule@ATL@@QAE@XZ 1000d576 f   atls:atlbase.obj
 0001:0000c5c9       ??0_ATL_BASE_MODULE70@ATL@@QAE@XZ 1000d5c9 f i atls:atlbase.obj
 0001:0000c5ec       ??1CAtlBaseModule@ATL@@QAE@XZ 1000d5ec f   atls:atlbase.obj
 0001:0000c6d9       ?Init@_stdcallthunk@ATL@@QAEHKPAX@Z 1000d6d9 f i atls:atlthunk.obj
 0001:0000c70e       ?__AllocStdCallThunk_cmn@@YAPAXXZ 1000d70e f   atls:atlthunk.obj
 0001:0000c7d4       ?__FreeStdCallThunk_cmn@@YAXPAX@Z 1000d7d4 f   atls:atlthunk.obj
 0001:0000c86f       _AtlThunk_AllocateData@0   1000d86f f   atls:atlthunk.obj
 0001:0000c8d4       _AtlThunk_DataToCode@4     1000d8d4 f   atls:atlthunk.obj
 0001:0000c91b       _AtlThunk_FreeData@4       1000d91b f   atls:atlthunk.obj
[...]
 0002:000030d0       ?strings@?1??fp_format_nan_or_infinity@@YAHW4__acrt_fp_class@@_NPADI1@Z@4QAY03QBDA 100230d0     libucrt:cvt.obj
 0002:00003618       ?_mb_locale_names@@3QBQB_WB 10023618     libucrt:mbctype.obj
 0002:00003e60       ?LcidToLocaleNameTable@?A0x881e4c05@@3QBULcidToLocaleName@1@B 10023e60     libucrt:lcidtoname_downlevel.obj
 0002:00004f88       ?LocaleNameToIndexTable@?A0x881e4c05@@3QBULocaleNameIndex@1@B 10024f88     libucrt:lcidtoname_downlevel.obj
 0002:000068c0       LOG_name                   100268c0     libucrt:log10_impl.obj
 0002:000068d0       _One                       100268d0     libucrt:ceil_pentium4.obj
 0002:000068e0       _Bns                       100268e0     libucrt:ceil_pentium4.obj
 0002:000068f0       _Zero                      100268f0     libucrt:ceil_pentium4.obj
 0002:00006900       _S                         10026900     libucrt:ceil_pentium4.obj
 0002:00006910       _NegZero                   10026910     libucrt:ceil_pentium4.obj
 0002:00006920       emask                      10026920     libucrt:log10_pentium4.obj
 0002:00006930       CC                         10026930     libucrt:log10_pentium4.obj
 0002:00006940       Magic                      10026940     libucrt:log10_pentium4.obj
 0002:00006950       hi_mask                    10026950     libucrt:log10_pentium4.obj
 0002:00006960       LOG10_2                    10026960     libucrt:log10_pentium4.obj
 0002:00006970       place_L                    10026970     libucrt:log10_pentium4.obj
 0002:00006990       One                        10026990     libucrt:log10_pentium4.obj
 0002:000069a0       Zero                       100269a0     libucrt:log10_pentium4.obj
 0002:000069b0       Two52                      100269b0     libucrt:log10_pentium4.obj
 0002:000069c0       Infs                       100269c0     libucrt:log10_pentium4.obj
 0002:000069d0       NaN                        100269d0     libucrt:log10_pentium4.obj
 0002:000069e0       coeff                      100269e0     libucrt:log10_pentium4.obj
 0002:00006a3e       _log2max                   10026a3e     libucrt:87tran.obj
 0002:00006a48       _smallarg                  10026a48     libucrt:87tran.obj
 0002:00006a52       _half                      10026a52     libucrt:87tran.obj
 0002:00006a9e       One                        10026a9e     libucrt:87disp.obj
 0002:00006aa6       Three                      10026aa6     libucrt:87disp.obj
 0002:00006aae       XAMtoTagTab                10026aae     libucrt:87disp.obj
 0002:00006ac0       One                        10026ac0     libucrt:common.obj
 0002:00006ad4       DblMax                     10026ad4     libucrt:common.obj
 0002:00006adc       DblMin                     10026adc     libucrt:common.obj
 0002:00006ae4       IeeeAdjO                   10026ae4     libucrt:common.obj
 0002:00006aec       IeeeAdjU                   10026aec     libucrt:common.obj
 0002:00006af4       _infinity                  10026af4     libucrt:common.obj
 0002:00006afc       _zero                      10026afc     libucrt:common.obj
 0002:00006b48       _over                      10026b48     libucrt:fpctrl.obj
 0002:00006b54       _under                     10026b54     libucrt:fpctrl.obj
 0002:00007388       ?_names@?1??_get_fname@@9@9 10027388     libucrt:fpexcept.obj
 0002:00007530       two32                      10027530     LIBCMT:ftol2.obj
 0002:00007534       two63                      10027534     LIBCMT:ftol2.obj
 0002:00007538       _NaN                       10027538     LIBCMT:ftol2.obj
 0002:00007c28       __sehtable$?_AtlVerifyStackAvailable@_ATL_SAFE_ALLOCA_IMPL@ATL@@YA_NK@Z 10027c28     Totals.obj
 0002:00007c48       __sehtable$___scrt_is_nonwritable_in_current_image 10027c48     LIBCMT:utility.obj
 0002:00007c64       __catchsym$??2@YAPAXIABUnothrow_t@std@@@Z$2 10027c64     LIBCMT:new_scalar_nothrow.obj
 0002:00007c74       __unwindtable$??2@YAPAXIABUnothrow_t@std@@@Z 10027c74     LIBCMT:new_scalar_nothrow.obj
 0002:00007c84       __tryblocktable$??2@YAPAXIABUnothrow_t@std@@@Z 10027c84     LIBCMT:new_scalar_nothrow.obj
 0002:00007c98       __ehfuncinfo$??2@YAPAXIABUnothrow_t@std@@@Z 10027c98     LIBCMT:new_scalar_nothrow.obj
 0002:00007cc0       __sehtable$?dllmain_crt_process_attach@@YAHQAUHINSTANCE__@@QAX@Z 10027cc0     LIBCMT:dll_dllmain.obj
 0002:00007ce0       __sehtable$?dllmain_crt_process_detach@@YAH_N@Z 10027ce0     LIBCMT:dll_dllmain.obj
 0002:00007d08       __sehtable$?dllmain_dispatch@@YAHQAUHINSTANCE__@@KQAX@Z 10027d08     LIBCMT:dll_dllmain.obj
 0002:00007db8       __sehtable$___DestructExceptionObject 10027db8     libvcruntime:ehhelpers.obj
 0002:00007dd8       __sehtable$?FrameUnwindToState@__FrameHandler3@@SAXPAUEHRegistrationNode@@PAXPBU_s_FuncInfo@@H@Z 10027dd8     libvcruntime:frame.obj
 0002:00007e00       __sehtable$?CallCatchBlock@@YAPAXPAUEHExceptionRecord@@PAUEHRegistrationNode@@PAU_CONTEXT@@PBU_s_FuncInfo@@PAXHK@Z 10027e00     libvcruntime:frame.obj
 0002:00007e28       __catchsym$?CallUnexpected@@YAXPBU_s_ESTypeList@@@Z$2 10027e28     libvcruntime:frame.obj
 0002:00007e38       __unwindtable$?CallUnexpected@@YAXPBU_s_ESTypeList@@@Z 10027e38     libvcruntime:frame.obj
 0002:00007e48       __tryblocktable$?CallUnexpected@@YAXPBU_s_ESTypeList@@@Z 10027e48     libvcruntime:frame.obj
 0002:00007e5c       __ehfuncinfo$?CallUnexpected@@YAXPBU_s_ESTypeList@@@Z 10027e5c     libvcruntime:frame.obj
 0002:00007e80       __sehtable$??$BuildCatchObjectHelperInternal@V__FrameHandler3@@@@YAHPAUEHExceptionRecord@@PAXPBU_s_HandlerType@@PBU_s_CatchableType@@@Z 10027e80     libvcruntime:frame.obj
 0002:00007ea0       __sehtable$??$BuildCatchObjectInternal@V__FrameHandler3@@@@YAXPAUEHExceptionRecord@@PAXPBU_s_HandlerType@@PBU_s_CatchableType@@@Z 10027ea0     libvcruntime:frame.obj
 0002:00007ef8       __sehtable$??R<lambda_6e4b09c48022b2350581041d5f6b0c4c>@@QBE@XZ 10027ef8     libucrt:exit.obj
 0002:00007f18       __sehtable$??$?RV<lambda_03b1d95aef87969028cfba75ccab2455>@@AAV<lambda_6e4b09c48022b2350581041d5f6b0c4c>@@V<lambda_22bdf7517842c4b3e53723af5aa32b9e>@@@?$__crt_seh_guarded_call@X@@QAEX$$QAV<lambda_03b1d95aef87969028cfba75ccab2455>@@AAV<lambda_6e4b09c48022b2350581041d5f6b0c4c>@@$$QAV<lambda_22bdf7517842c4b3e53723af5aa32b9e>@@@Z 10027f18     libucrt:exit.obj
 0002:00007f38       __sehtable$??$?RV<lambda_8e746cf0007f6ed984d6f78af1fec997>@@AAV<lambda_22ebabd17bc4fa466a2aca6d8deb888d>@@V<lambda_18ed0c0b38a6dc0daf1e7ac6d6adf05e>@@@?$__crt_seh_guarded_call@H@@QAEH$$QAV<lambda_8e746cf0007f6ed984d6f78af1fec997>@@AAV<lambda_22ebabd17bc4fa466a2aca6d8deb888d>@@$$QAV<lambda_18ed0c0b38a6dc0daf1e7ac6d6adf05e>@@@Z 10027f38     libucrt:onexit.obj
 0002:00007f58       __sehtable$??$?RV<lambda_69a2805e680e0e292e8ba93315fe43a8>@@AAV<lambda_f03950bc5685219e0bcd2087efbe011e>@@V<lambda_03fcd07e894ec930e3f35da366ca99d6>@@@?$__crt_seh_guarded_call@H@@QAEH$$QAV<lambda_69a2805e680e0e292e8ba93315fe43a8>@@AAV<lambda_f03950bc5685219e0bcd2087efbe011e>@@$$QAV<lambda_03fcd07e894ec930e3f35da366ca99d6>@@@Z 10027f58     libucrt:onexit.obj
 0002:00007f78       __sehtable$__query_new_handler 10027f78     libucrt:new_handler.obj
 0002:00007f98       __sehtable$_terminate      10027f98     libucrt:terminate.obj
 0002:00007fb8       __sehtable$??$?RV<lambda_15ade71b0218206bbe3333a0c9b79046>@@AAV<lambda_da44e0f8b0f19ba52fefafb335991732>@@V<lambda_207f2d024fc103971653565357d6cd41>@@@?$__crt_seh_guarded_call@X@@QAEX$$QAV<lambda_15ade71b0218206bbe3333a0c9b79046>@@AAV<lambda_da44e0f8b0f19ba52fefafb335991732>@@$$QAV<lambda_207f2d024fc103971653565357d6cd41>@@@Z 10027fb8     libucrt:per_thread_data.obj
 0002:00007fd8       __sehtable$??$?RV<lambda_a7e850c220f1c8d1e6efeecdedd162c6>@@AAV<lambda_46720907175c18b6c9d2717bc0d2d362>@@V<lambda_9048902d66e8d99359bc9897bbb930a8>@@@?$__crt_seh_guarded_call@X@@QAEX$$QAV<lambda_a7e850c220f1c8d1e6efeecdedd162c6>@@AAV<lambda_46720907175c18b6c9d2717bc0d2d362>@@$$QAV<lambda_9048902d66e8d99359bc9897bbb930a8>@@@Z 10027fd8     libucrt:per_thread_data.obj
 0002:00007ff8       __sehtable$??$?RV<lambda_38edbb1296d33220d7e4dd0ed76b244a>@@AAV<lambda_5ce1d447e08cb34b2473517608e21441>@@V<lambda_fb385d3da700c9147fc39e65dd577a8c>@@@?$__crt_seh_guarded_call@X@@QAEX$$QAV<lambda_38edbb1296d33220d7e4dd0ed76b244a>@@AAV<lambda_5ce1d447e08cb34b2473517608e21441>@@$$QAV<lambda_fb385d3da700c9147fc39e65dd577a8c>@@@Z 10027ff8     libucrt:per_thread_data.obj
 0002:00008018       __sehtable$??$?RV<lambda_6affb1475c98b40b75cdec977db92e3c>@@AAV<lambda_b8d4b9c228a6ecc3f80208dbb4b4a104>@@V<lambda_608742c3c92a14382c1684fc64f96c88>@@@?$__crt_seh_guarded_call@X@@QAEX$$QAV<lambda_6affb1475c98b40b75cdec977db92e3c>@@AAV<lambda_b8d4b9c228a6ecc3f80208dbb4b4a104>@@$$QAV<lambda_608742c3c92a14382c1684fc64f96c88>@@@Z 10028018     libucrt:per_thread_data.obj
 0002:00008038       __sehtable$??$?RV<lambda_e5124f882df8998aaf41531e079ba474>@@AAV<lambda_3e16ef9562a7dcce91392c22ab16ea36>@@V<lambda_e25ca0880e6ef98be67edffd8c599615>@@@?$__crt_seh_guarded_call@X@@QAEX$$QAV<lambda_e5124f882df8998aaf41531e079ba474>@@AAV<lambda_3e16ef9562a7dcce91392c22ab16ea36>@@$$QAV<lambda_e25ca0880e6ef98be67edffd8c599615>@@@Z 10028038     libucrt:wsetlocale.obj
 0002:00008058       __sehtable$___acrt_initialize_lowio 10028058     libucrt:ioinit.obj
 0002:00008078       __sehtable$?update_thread_multibyte_data_internal@@YAPAU__crt_multibyte_data@@QAU__acrt_ptd@@QAPAU1@@Z 10028078     libucrt:mbctype.obj
 0002:00008098       __sehtable$??$?RV<lambda_ceb1ee4838e85a9d631eb091e2fbe199>@@AAV<lambda_ae742caa10f662c28703da3d2ea5e57e>@@V<lambda_cd08b5d6af4937fe54fc07d0c9bf6b37>@@@?$__crt_seh_guarded_call@X@@QAEX$$QAV<lambda_ceb1ee4838e85a9d631eb091e2fbe199>@@AAV<lambda_ae742caa10f662c28703da3d2ea5e57e>@@$$QAV<lambda_cd08b5d6af4937fe54fc07d0c9bf6b37>@@@Z 10028098     libucrt:mbctype.obj
 0002:000080b8       __sehtable$_raise          100280b8     libucrt:signal.obj
 0002:000080d8       __sehtable$??$?RV<lambda_cbab9ec6f41b0180b23cc171c22676b0>@@AAV<lambda_44731a7d0e6d81c3e6aa82d741081786>@@V<lambda_4b292cb8dd18144e164572427af410ab>@@@?$__crt_seh_guarded_call@P6AXH@Z@@QAEP6AXH@Z$$QAV<lambda_cbab9ec6f41b0180b23cc171c22676b0>@@AAV<lambda_44731a7d0e6d81c3e6aa82d741081786>@@$$QAV<lambda_4b292cb8dd18144e164572427af410ab>@@@Z 100280d8     libucrt:signal.obj
 0002:000080f8       __sehtable$??$?RV<lambda_2866be3712abc81a800a822484c830d8>@@AAV<lambda_39ca0ed439415581b5b15c265174cece>@@V<lambda_2b24c74d71094a6cd0cb82e44167d71b>@@@?$__crt_seh_guarded_call@X@@QAEX$$QAV<lambda_2866be3712abc81a800a822484c830d8>@@AAV<lambda_39ca0ed439415581b5b15c265174cece>@@$$QAV<lambda_2b24c74d71094a6cd0cb82e44167d71b>@@@Z 100280f8     libucrt:fflush.obj
 0002:00008118       __sehtable$??$?RV<lambda_2cc53f568c5a2bb6f192f930a45d44ea>@@AAV<lambda_ab61a845afdef5b7c387490eaf3616ee>@@V<lambda_c2ffc0b7726aa6be21d5f0026187e748>@@@?$__crt_seh_guarded_call@X@@QAEX$$QAV<lambda_2cc53f568c5a2bb6f192f930a45d44ea>@@AAV<lambda_ab61a845afdef5b7c387490eaf3616ee>@@$$QAV<lambda_c2ffc0b7726aa6be21d5f0026187e748>@@@Z 10028118     libucrt:fflush.obj
 0002:00008138       __sehtable$___acrt_update_thread_locale_data 10028138     libucrt:locale_refcounting.obj
 0002:00008158       __sehtable$__fcloseall     10028158     libucrt:closeall.obj
 0002:00008178       __sehtable$___acrt_lowio_ensure_fh_exists 10028178     libucrt:osfinfo.obj
 0002:00008198       __sehtable$??$?RV<lambda_9e9de3de5fa147e2223d7db92bc10aa6>@@AAV<lambda_38ce7e780aa69e748d6df282ebc68efe>@@V<lambda_8ca6da459f0f6780f1cff60fdc3d00e5>@@@?$__crt_seh_guarded_call@H@@QAEH$$QAV<lambda_9e9de3de5fa147e2223d7db92bc10aa6>@@AAV<lambda_38ce7e780aa69e748d6df282ebc68efe>@@$$QAV<lambda_8ca6da459f0f6780f1cff60fdc3d00e5>@@@Z 10028198     libucrt:commit.obj
 0002:000081b8       __sehtable$__write         100281b8     libucrt:write.obj
 0002:000081d8       __sehtable$_fclose         100281d8     libucrt:fclose.obj
 0002:000081f8       __sehtable$??$?RV<lambda_218ce3db14220d0be481dae8ef3383b6>@@AAV<lambda_628dfdc04ba53c8bfc02c9951375f3f5>@@V<lambda_57dc472bd5c9d5f3b2cbca59b8a843ae>@@@?$__crt_seh_guarded_call@H@@QAEH$$QAV<lambda_218ce3db14220d0be481dae8ef3383b6>@@AAV<lambda_628dfdc04ba53c8bfc02c9951375f3f5>@@$$QAV<lambda_57dc472bd5c9d5f3b2cbca59b8a843ae>@@@Z 100281f8     libucrt:close.obj
 0002:00008218       __sehtable$___set_fpsr_sse2 10028218     libucrt:fpctrl.obj
 0002:00008238       __sehtable$__IsNonwritableInCurrentImage 10028238     LIBCMT:pesect.obj
 0002:00008260       .edata                     10028260     OPOSTotals.exp
 0002:00008288       rgpv                       10028288     OPOSTotals.exp
 0002:00008298       rgszName                   10028298     OPOSTotals.exp
 0002:000082a8       rgwOrd                     100282a8     OPOSTotals.exp
 0002:000082b0       szName                     100282b0     OPOSTotals.exp
 0002:000082bf       $N00001                    100282bf     OPOSTotals.exp
 0002:000082cf       $N00002                    100282cf     OPOSTotals.exp
 0002:000082e1       $N00003                    100282e1     OPOSTotals.exp
 0002:000082f3       $N00004                    100282f3     OPOSTotals.exp
 0002:00008902       .idata$6                   10028902     kernel32:KERNEL32.dll
 0002:00008b16       .idata$6                   10028b16     user32:USER32.dll
 0002:00008c4a       .idata$6                   10028c4a     gdi32:GDI32.dll
 0002:00008cf0       .idata$6                   10028cf0     advapi32:ADVAPI32.dll
 0002:00008e0c       .idata$6                   10028e0c     ole32:ole32.dll
 0002:00008e16       .idata$6                   10028e16     oleaut32:OLEAUT32.dll
 0003:00000110       ?ObjectMap@@3PAU_ATL_OBJMAP_ENTRY30@ATL@@A 1002a110     Totals.obj
 0003:000001c0       ?s_SOMethodNames@@3PAPADA  1002a1c0     TotalsImpl.obj
 0003:00000240       ?s_RequiredMethodsPerRelease@@3PAHA 1002a240     TotalsImpl.obj
 0003:00000280       ?__vcrt_flsindex@@3KA      1002a280     libvcruntime:per_thread_data.obj
 0003:000002a0       ?errno_no_memory@@3HA      1002a2a0     libucrt:errno.obj
 0003:000002a4       ?doserrno_no_memory@@3KA   1002a2a4     libucrt:errno.obj
 0003:000002b0       ?__acrt_flsindex@@3KA      1002a2b0     libucrt:per_thread_data.obj
 0003:00000648       __mbctypes                 1002a648     libucrt:mbctype.obj
 0003:00000750       __mbcasemaps               1002a750     libucrt:mbctype.obj
 0003:00000850       ?__rgctypeflag@@3PADA      1002a850     libucrt:mbctype.obj
 0003:00000858       ?__rgcode_page_info@@3PAUcode_page_info@@A 1002a858     libucrt:mbctype.obj
 0003:00000ab0       ?__dcrt_lowio_console_output_handle@@3PAXA 1002aab0     libucrt:initcon.obj
 0003:00000ab4       ?__DAZ_ENABLED@?1??__set_fpsr_sse2@@9@9 1002aab4     libucrt:fpctrl.obj
 0003:00000c48       ?is_initialized_as_dll@@3_NA 1002ac48     LIBCMT:utility.obj
 0003:00000c49       ?module_local_atexit_table_initialized@@3_NA 1002ac49     LIBCMT:utility.obj
 0003:00000c4c       ?module_local_atexit_table@@3U_onexit_table_t@@A 1002ac4c     LIBCMT:utility.obj
 0003:00000c58       ?module_local_at_quick_exit_table@@3U_onexit_table_t@@A 1002ac58     LIBCMT:utility.obj
 0003:00000c64       ?g_tss_cv@@3U_RTL_CONDITION_VARIABLE@@A 1002ac64     LIBCMT:thread_safe_statics.obj
 0003:00000c68       ?g_tss_event@@3PAXA        1002ac68     LIBCMT:thread_safe_statics.obj
 0003:00000c6c       ?g_tss_mutex@@3U_RTL_CRITICAL_SECTION@@A 1002ac6c     LIBCMT:thread_safe_statics.obj
 0003:00000c84       ?g_sleep_condition_variable_cs@@3P6GHPAU_RTL_CONDITION_VARIABLE@@PAU_RTL_CRITICAL_SECTION@@K@ZA 1002ac84     LIBCMT:thread_safe_statics.obj
 0003:00000c88       ?g_wake_all_condition_variable@@3P6GXPAU_RTL_CONDITION_VARIABLE@@@ZA 1002ac88     LIBCMT:thread_safe_statics.obj
 0003:00000c90       _GS_ExceptionRecord        1002ac90     LIBCMT:gs_report.obj
 0003:00000ce0       _GS_ContextRecord          1002ace0     LIBCMT:gs_report.obj
 0003:00000fb0       ?__proc_attached@@3HA      1002afb0     LIBCMT:dll_dllmain.obj
 0003:00001014       ?AllocateData@@3P6GPAUAtlThunkData_t@@XZA 1002b014     atls:atlthunk.obj
 0003:00001018       ?InitData@@3P6GXPAUAtlThunkData_t@@PAXI@ZA 1002b018     atls:atlthunk.obj
 0003:0000101c       ?DataToCode@@3P6GP6GJPAUHWND__@@IIJ@ZPAUAtlThunkData_t@@@ZA 1002b01c     atls:atlthunk.obj
 0003:00001020       ?FreeData@@3P6GXPAUAtlThunkData_t@@@ZA 1002b020     atls:atlthunk.obj
 0003:00001024       ?Initialized@@3_NA         1002b024     atls:atlthunk.obj
 0003:00001034       ?__vcrt_startup_thread_ptd@@3U__vcrt_ptd@@A 1002b034     libvcruntime:per_thread_data.obj
 0003:0000105c       ___vcrt_lock_table         1002b05c     libvcruntime:locks.obj
 0003:00001074       ___vcrt_locks_initialized  1002b074     libvcruntime:locks.obj
 0003:000010a0       ?heap@@3V_HeapManager@@A   1002b0a0     libvcruntime:undname.obj
 0003:000010b4       ?module_handles@@3PAPAUHINSTANCE__@@A 1002b0b4     libvcruntime:winapi_downlevel.obj
 0003:000010c0       ?function_pointers@@3PAPAXA 1002b0c0     libvcruntime:winapi_downlevel.obj
 0003:000010d4       ?__acrt_invalid_parameter_handler@@3V?$dual_state_global@P6AXPB_W00II@Z@__crt_state_management@@A 1002b0d4     libucrt:invalid_parameter.obj
 0003:000010d8       ?c_termination_complete@@3JA 1002b0d8     libucrt:exit.obj
 0003:000010dc       ?thread_local_exit_callback_func@@3P6GXPAXK0@ZA 1002b0dc     libucrt:exit.obj
 0003:000010e8       ?program_name@?1???$common_configure_argv@D@@YAHW4_crt_argv_mode@@@Z@4PADA 1002b0e8     libucrt:argv_parsing.obj
 0003:00001218       ?__acrt_new_handler@@3V?$dual_state_global@P6AHI@Z@__crt_state_management@@A 1002b218     libucrt:new_handler.obj
 0003:00001220       ?module_handles@@3PAPAUHINSTANCE__@@A 1002b220     libucrt:winapi_thunks.obj
 0003:00001270       ?encoded_function_pointers@@3PAPAXA 1002b270     libucrt:winapi_thunks.obj
 0003:000012f8       ?internal_state@?1??_mbtowc_l@@9@4U_Mbstatet@@A 1002b2f8     libucrt:mbtowc.obj
 0003:00001308       ?enable_percent_n@@3IA     1002b308     libucrt:printf_count_output.obj
 0003:00001528       ?__acrt_lock_table@@3PAU_RTL_CRITICAL_SECTION@@A 1002b528     libucrt:locks.obj
 0003:00001678       ?__acrt_locks_initialized@@3IA 1002b678     libucrt:locks.obj
 0003:00001688       ?fSystemSet@@3HA           1002b688     libucrt:mbctype.obj
 0003:0000168c       ?initialized@?1??__acrt_initialize_multibyte@@9@4_NA 1002b68c     libucrt:mbctype.obj
 0003:000016ac       ?ctrlc_action@@3V?$dual_state_global@P6AXH@Z@__crt_state_management@@A 1002b6ac     libucrt:signal.obj
 0003:000016b0       ?ctrlbreak_action@@3V?$dual_state_global@P6AXH@Z@__crt_state_management@@A 1002b6b0     libucrt:signal.obj
 0003:000016b4       ?abort_action@@3V?$dual_state_global@P6AXH@Z@__crt_state_management@@A 1002b6b4     libucrt:signal.obj
 0003:000016b8       ?term_action@@3V?$dual_state_global@P6AXH@Z@__crt_state_management@@A 1002b6b8     libucrt:signal.obj
 0003:000016bc       ?user_matherr@@3V?$dual_state_global@P6AHPAU_exception@@@Z@__crt_state_management@@A 1002b6bc     libucrt:matherr.obj
 0003:000016c0       ?__acrt_global_new_mode@@3V?$dual_state_global@J@__crt_state_management@@A 1002b6c0     libucrt:new_mode.obj
 0003:000016cc       ?internal_pst@?1??__mbrtoc32_utf8@__crt_mbstring@@YAIPA_UPBDIPAU_Mbstatet@@@Z@4U3@A 1002b6cc     libucrt:mbrtoc32.obj
 0003:000016d4       ?__acrt_app_type@@3W4_crt_app_type@@A 1002b6d4     libucrt:report_runtime_error.obj
 0003:000016dc       __pmatherr_set             1002b6dc     libucrt:libm_error.obj
 0004:00000220       $R000000                   1002c220     Totals.res
 0004:00000ba0       $R000980                   1002cba0     Totals.res
 0004:00000c88       $R000A68                   1002cc88     Totals.res
 0004:00000ef0       $R000CD0                   1002cef0     Totals.res
 0004:00001438       $R001218                   1002d438     Totals.res
 0004:00004160       $R003F40                   10030160     Totals.res
 0004:00004190       $R003F70                   10030190     Totals.res
