 OPOSElectronicValueRW

 Timestamp is 61a75b41 (Wed Dec  1 20:23:45 2021)

 Preferred load address is 10000000

 Start         Length     Name                   Class
 0001:00000000 00000080H .text$di                CODE
 0001:00000080 00020a98H .text$mn                CODE
 0001:00020b18 000000d8H .text$x                 CODE
 0001:00020bf0 00000042H .text$yd                CODE
 0002:00000000 000002fcH .idata$5                DATA
 0002:000002fc 00000008H .00cfg                  DATA
 0002:00000304 00000004H .CRT$XCA                DATA
 0002:00000308 00000004H .CRT$XCL                DATA
 0002:0000030c 00000010H .CRT$XCU                DATA
 0002:0000031c 00000004H .CRT$XCZ                DATA
 0002:00000320 00000004H .CRT$XIA                DATA
 0002:00000324 00000010H .CRT$XIC                DATA
 0002:00000334 00000004H .CRT$XIZ                DATA
 0002:00000338 00000004H .CRT$XLA                DATA
 0002:0000033c 00000004H .CRT$XLZ                DATA
 0002:00000340 00000004H .CRT$XPA                DATA
 0002:00000344 00000008H .CRT$XPX                DATA
 0002:0000034c 00000004H .CRT$XPXA               DATA
 0002:00000350 00000004H .CRT$XPZ                DATA
 0002:00000354 00000004H .CRT$XTA                DATA
 0002:00000358 00000008H .CRT$XTZ                DATA
 0002:0000035c 00000000H .gfids$y                DATA
 0002:00000360 000075a0H .rdata                  DATA
 0002:00007900 00000000H .rdata$CastGuardVftablesA DATA
 0002:00007900 00000000H .rdata$CastGuardVftablesC DATA
 0002:00007900 00000018H .rdata$T                DATA
 0002:00007918 00000178H .rdata$r                DATA
 0002:00007a90 0000002cH .rdata$sxdata           DATA
 0002:00007abc 00000030H .rdata$voltmd           DATA
 0002:00007aec 00000410H .rdata$zzzdbg           DATA
 0002:00007efc 00000004H .rtc$IAA                DATA
 0002:00007f00 00000004H .rtc$IZZ                DATA
 0002:00007f04 00000004H .rtc$TAA                DATA
 0002:00007f08 00000004H .rtc$TZZ                DATA
 0002:00007f0c 00000004H .tls                    DATA
 0002:00007f10 00000004H .tls$                   DATA
 0002:00007f14 00000004H .tls$ZZZ                DATA
 0002:00007f18 000006dcH .xdata$x                DATA
 0002:000085f4 00000004H ATL$__a                 DATA
 0002:000085f8 00000008H ATL$__z                 DATA
 0002:00008600 000000b4H .edata                  DATA
 0002:000086b4 00000078H .idata$2                DATA
 0002:0000872c 00000014H .idata$3                DATA
 0002:00008740 000002fcH .idata$4                DATA
 0002:00008a3c 00000bceH .idata$6                DATA
 0003:00000000 00000b70H .data                   DATA
 0003:00000b70 00000080H .data$r                 DATA
 0003:00000bf0 00000018H .data$rs                DATA
 0003:00000c08 00000b80H .bss                    DATA
 0004:00000000 00000220H .rsrc$01                DATA
 0004:00000220 00007ef8H .rsrc$02                DATA

  Address         Publics by Value              Rva+Base       Lib:Object

 0000:00000000       ___guard_fids_count        00000000     <absolute>
 0000:00000000       ___guard_longjmp_table     00000000     <absolute>
 0000:00000000       ___arm64x_extra_rfe_table  00000000     <absolute>
 0000:00000000       ___arm64x_redirection_metadata 00000000     <absolute>
 0000:00000000       ___guard_eh_cont_table     00000000     <absolute>
 0000:00000000       ___guard_eh_cont_count     00000000     <absolute>
 0000:00000000       ___guard_iat_count         00000000     <absolute>
 0000:00000000       __except_list              00000000     <absolute>
 0000:00000000       ___hybrid_code_map_count   00000000     <absolute>
 0000:00000000       ___x64_code_ranges_to_entry_points_count 00000000     <absolute>
 0000:00000000       ___x64_code_ranges_to_entry_points 00000000     <absolute>
 0000:00000000       ___guard_iat_table         00000000     <absolute>
 0000:00000000       ___arm64x_native_entrypoint 00000000     <absolute>
 0000:00000000       ___hybrid_code_map         00000000     <absolute>
 0000:00000000       ___arm64x_extra_rfe_table_size 00000000     <absolute>
 0000:00000000       ___guard_longjmp_count     00000000     <absolute>
 0000:00000000       ___guard_check_icall_a64n_fptr 00000000     <absolute>
 0000:00000000       ___arm64x_redirection_metadata_count 00000000     <absolute>
 0000:00000000       ___hybrid_auxiliary_iat    00000000     <absolute>
 0000:00000000       ___dynamic_value_reloc_table 00000000     <absolute>
 0000:00000000       ___AbsoluteZero            00000000     <absolute>
 0000:00000000       ___enclave_config          00000000     <absolute>
 0000:00000000       ___guard_fids_table        00000000     <absolute>
 0000:00000000       ___hybrid_auxiliary_iat_copy 00000000     <absolute>
 0000:0000000b       ___safe_se_handler_count   0000000b     <absolute>
 0000:0000002c       __tls_array                0000002c     <absolute>
 0000:00000100       ___guard_flags             00000100     <absolute>
 0000:00000000       ___ImageBase               10000000     <linker-defined>
 0001:00000080       ?DupWide@_CW@@AAEXXZ       10001080 f   CWString.obj
 0001:0000009c       ?cw_dup@@YGXPBDAAHAAPA_W1@Z 1000109c f   CWString.obj
 0001:00000124       ?cw_memcpy@@YGHPA_WPBDH@Z  10001124 f   CWString.obj
 0001:00000150       ?cw_strcpy@@YAHPA_WPBD@Z   10001150 f   CWString.obj
 0001:00000163       ?cw_strlen@@YAHPBD@Z       10001163 f   CWString.obj
 0001:0000017c       ??0CAtlComModule@ATL@@QAE@XZ 1000117c f i OposVariant.obj
 0001:000001c1       ??0CAtlWinModule@ATL@@QAE@XZ 100011c1 f i OposVariant.obj
 0001:000001f8       ??0OposDispParms@@QAE@PAVOposVariant@@H@Z 100011f8 f   OposVariant.obj
 0001:00000269       ??1OposDispParms@@QAE@XZ   10001269 f   OposVariant.obj
 0001:00000277       ??A?$CSimpleArray@GV?$CSimpleArrayEqualHelper@G@ATL@@@ATL@@QAEAAGH@Z 10001277 f i OposVariant.obj
 0001:0000029c       ??_Estringdispid@CComTypeInfoHolder@ATL@@QAEPAXI@Z 1000129c f i OposVariant.obj
 0001:00000308       ?AtlWinModuleInit@ATL@@YGJPAU_ATL_WIN_MODULE70@1@@Z 10001308 f i OposVariant.obj
 0001:0000032e       ?AtlWinModuleTerm@ATL@@YGJPAU_ATL_WIN_MODULE70@1@PAUHINSTANCE__@@@Z 1000132e f i OposVariant.obj
 0001:00000391       ?ChangeBSTR@OposVariant@@QAEXPAPA_WAAJ@Z 10001391 f   OposVariant.obj
 0001:000003d2       ?ChangeCURRENCY@OposVariant@@QAEXPATtagCY@@AAJ@Z 100013d2 f   OposVariant.obj
 0001:00000421       ?ChangeLONG@OposVariant@@QAEXPAJAAJ@Z 10001421 f   OposVariant.obj
 0001:00000462       ?GetLONG@OposVariant@@QAEJXZ 10001462 f   OposVariant.obj
 0001:0000047d       ?Init@CComCriticalSection@ATL@@QAEJXZ 1000147d f i OposVariant.obj
 0001:000004a5       ?RemoveAll@?$CSimpleArray@GV?$CSimpleArrayEqualHelper@G@ATL@@@ATL@@QAEXXZ 100014a5 f i OposVariant.obj
 0001:000004a5       ?RemoveAll@?$CSimpleArray@PAUHINSTANCE__@@V?$CSimpleArrayEqualHelper@PAUHINSTANCE__@@@ATL@@@ATL@@QAEXXZ 100014a5 f i atls:atlbase.obj
 0001:000004c2       ?SetBSTR@OposVariant@@QAEXPA_WAAJ@Z 100014c2 f   OposVariant.obj
 0001:000004f6       ?SetBSTR_Copy@OposVariant@@QAEXPA_WAAJ@Z 100014f6 f   OposVariant.obj
 0001:00000546       ?SetBSTR_InOutPtr@OposVariant@@QAE_NPAPA_WAAJ@Z 10001546 f   OposVariant.obj
 0001:0000057d       ?SetCURRENCY@OposVariant@@QAEXTtagCY@@@Z 1000157d f   OposVariant.obj
 0001:000005a5       ?SetDispatch_Ptr@OposVariant@@QAEXPAUIDispatch@@AAJ@Z 100015a5 f   OposVariant.obj
 0001:000005e0       ?SetLONG@OposVariant@@QAEXJ@Z 100015e0 f   OposVariant.obj
 0001:00000602       ?SetLONG_Ptr@OposVariant@@QAEXPAJAAJ@Z 10001602 f   OposVariant.obj
 0001:00000635       ?SetString@OposVariant@@QAEXPB_WAAJ@Z 10001635 f   OposVariant.obj
 0001:0000067b       ?SetVARIANT_BOOL@OposVariant@@QAEXF@Z 1000167b f   OposVariant.obj
 0001:000006a5       ?Term@CAtlComModule@ATL@@QAEXXZ 100016a5 f i OposVariant.obj
 0001:000006ef       ?_AtlRaiseException@ATL@@YAXKK@Z 100016ef f i OposVariant.obj
 0001:00000704       ?OnDrawAdvanced@CComControlBase@ATL@@UAEJAAUATL_DRAWINFO@@@Z 10001704 f i ElectronicValueRW.obj
 0001:000007f7       ?AddRef@?$CComAggObject@VCOPOSElectronicValueRW@@@ATL@@UAGKXZ 100017f7 f i ElectronicValueRW.obj
 0001:00000808       ?Release@?$CComAggObject@VCOPOSElectronicValueRW@@@ATL@@UAGKXZ 10001808 f i ElectronicValueRW.obj
 0001:00000844       ?QueryInterface@?$CComAggObject@VCOPOSElectronicValueRW@@@ATL@@UAGJABU_GUID@@PAPAX@Z 10001844 f i ElectronicValueRW.obj
 0001:00000893       ?AddRef@?$CComContainedObject@VCOPOSElectronicValueRW@@@ATL@@UAGKXZ 10001893 f i ElectronicValueRW.obj
 0001:000008a9       ?Release@?$CComContainedObject@VCOPOSElectronicValueRW@@@ATL@@UAGKXZ 100018a9 f i ElectronicValueRW.obj
 0001:000008bf       ?QueryInterface@?$CComContainedObject@VCOPOSElectronicValueRW@@@ATL@@UAGJABU_GUID@@PAPAX@Z 100018bf f i ElectronicValueRW.obj
 0001:000008da       ??_E?$CComAggObject@VCOPOSElectronicValueRW@@@ATL@@UAEPAXI@Z 100018da f i ElectronicValueRW.obj
 0001:000008da       ??_G?$CComAggObject@VCOPOSElectronicValueRW@@@ATL@@UAEPAXI@Z 100018da f i ElectronicValueRW.obj
 0001:000008ff       ?AddRef@?$CComObject@VCOPOSElectronicValueRW@@@ATL@@UAGKXZ 100018ff f i ElectronicValueRW.obj
 0001:00000916       ?Release@?$CComObject@VCOPOSElectronicValueRW@@@ATL@@UAGKXZ 10001916 f i ElectronicValueRW.obj
 0001:00000958       ?QueryInterface@?$CComObject@VCOPOSElectronicValueRW@@@ATL@@UAGJABU_GUID@@PAPAX@Z 10001958 f i ElectronicValueRW.obj
 0001:00000972       ?OnFinalMessage@?$CWindowImplBaseT@VCWindow@ATL@@V?$CWinTraits@$0FGAAAAAA@$0A@@2@@ATL@@UAEXPAUHWND__@@@Z 10001972 f i ElectronicValueRW.obj
 0001:00000972       ?ObjectMain@CComObjectRootBase@ATL@@SGX_N@Z 10001972 f i ElectronicValueRW.obj
 0001:00000975       ?GetCategoryMap@CComObjectRootBase@ATL@@SAPBU_ATL_CATMAP_ENTRY@2@XZ 10001975 f i ElectronicValueRW.obj
 0001:00000975       ?GetObjectDescription@?$CComCoClass@VCOPOSElectronicValueRW@@$1?CLSID_OPOSElectronicValueRW@@3U_GUID@@B@ATL@@SGPB_WXZ 10001975 f i ElectronicValueRW.obj
 0001:00000978       ?CreateInstance@CComClassFactory@ATL@@UAGJPAUIUnknown@@ABU_GUID@@PAPAX@Z 10001978 f i ElectronicValueRW.obj
 0001:000009b6       ?LockServer@CComClassFactory@ATL@@UAGJH@Z 100019b6 f i ElectronicValueRW.obj
 0001:000009d5       ??_GCComClassFactory@ATL@@UAEPAXI@Z 100019d5 f i ElectronicValueRW.obj
 0001:000009d5       ??_ECComClassFactory@ATL@@UAEPAXI@Z 100019d5 f i ElectronicValueRW.obj
 0001:00000a00       ?Next@?$CComEnumImpl@UIEnumConnections@@$1?_GUID_b196b287_bab4_101a_b69c_00aa00341d07@@3U__s_GUID@@BUtagCONNECTDATA@@V?$_Copy@UtagCONNECTDATA@@@ATL@@@ATL@@UAGJKPAUtagCONNECTDATA@@PAK@Z 10001a00 f i ElectronicValueRW.obj
 0001:00000acf       ?Skip@?$CComEnumImpl@UIEnumConnections@@$1?_GUID_b196b287_bab4_101a_b69c_00aa00341d07@@3U__s_GUID@@BUtagCONNECTDATA@@V?$_Copy@UtagCONNECTDATA@@@ATL@@@ATL@@UAGJK@Z 10001acf f i ElectronicValueRW.obj
 0001:00000afc       ?Reset@?$CComEnumImpl@UIEnumConnectionPoints@@$1?_GUID_b196b285_bab4_101a_b69c_00aa00341d07@@3U__s_GUID@@BPAUIConnectionPoint@@V?$_CopyInterface@UIConnectionPoint@@@ATL@@@ATL@@UAGJXZ 10001afc f i ElectronicValueRW.obj
 0001:00000afc       ?Reset@?$CComEnumImpl@UIEnumConnections@@$1?_GUID_b196b287_bab4_101a_b69c_00aa00341d07@@3U__s_GUID@@BUtagCONNECTDATA@@V?$_Copy@UtagCONNECTDATA@@@ATL@@@ATL@@UAGJXZ 10001afc f i ElectronicValueRW.obj
 0001:00000b0e       ?Clone@?$CComEnumImpl@UIEnumConnections@@$1?_GUID_b196b287_bab4_101a_b69c_00aa00341d07@@3U__s_GUID@@BUtagCONNECTDATA@@V?$_Copy@UtagCONNECTDATA@@@ATL@@@ATL@@UAGJPAPAUIEnumConnections@@@Z 10001b0e f i ElectronicValueRW.obj
 0001:00000bef       ?AddRef@?$CComObject@V?$CComEnum@UIEnumConnectionPoints@@$1?_GUID_b196b285_bab4_101a_b69c_00aa00341d07@@3U__s_GUID@@BPAUIConnectionPoint@@V?$_CopyInterface@UIConnectionPoint@@@ATL@@VCComSingleThreadModel@6@@ATL@@@ATL@@UAGKXZ 10001bef f i ElectronicValueRW.obj
 0001:00000bef       ?AddRef@?$CComObject@V?$CComEnum@UIEnumConnections@@$1?_GUID_b196b287_bab4_101a_b69c_00aa00341d07@@3U__s_GUID@@BUtagCONNECTDATA@@V?$_Copy@UtagCONNECTDATA@@@ATL@@VCComSingleThreadModel@6@@ATL@@@ATL@@UAGKXZ 10001bef f i ElectronicValueRW.obj
 0001:00000c00       ?Release@?$CComObject@V?$CComEnum@UIEnumConnectionPoints@@$1?_GUID_b196b285_bab4_101a_b69c_00aa00341d07@@3U__s_GUID@@BPAUIConnectionPoint@@V?$_CopyInterface@UIConnectionPoint@@@ATL@@VCComSingleThreadModel@6@@ATL@@@ATL@@UAGKXZ 10001c00 f i ElectronicValueRW.obj
 0001:00000c00       ?Release@?$CComObject@V?$CComEnum@UIEnumConnections@@$1?_GUID_b196b287_bab4_101a_b69c_00aa00341d07@@3U__s_GUID@@BUtagCONNECTDATA@@V?$_Copy@UtagCONNECTDATA@@@ATL@@VCComSingleThreadModel@6@@ATL@@@ATL@@UAGKXZ 10001c00 f i ElectronicValueRW.obj
 0001:00000c3c       ?QueryInterface@?$CComObject@V?$CComEnum@UIEnumConnections@@$1?_GUID_b196b287_bab4_101a_b69c_00aa00341d07@@3U__s_GUID@@BUtagCONNECTDATA@@V?$_Copy@UtagCONNECTDATA@@@ATL@@VCComSingleThreadModel@6@@ATL@@@ATL@@UAGJABU_GUID@@PAPAX@Z 10001c3c f i ElectronicValueRW.obj
 0001:00000c56       ??_E?$CComObject@V?$CComEnum@UIEnumConnections@@$1?_GUID_b196b287_bab4_101a_b69c_00aa00341d07@@3U__s_GUID@@BUtagCONNECTDATA@@V?$_Copy@UtagCONNECTDATA@@@ATL@@VCComSingleThreadModel@6@@ATL@@@ATL@@UAEPAXI@Z 10001c56 f i ElectronicValueRW.obj
 0001:00000c56       ??_G?$CComObject@V?$CComEnum@UIEnumConnections@@$1?_GUID_b196b287_bab4_101a_b69c_00aa00341d07@@3U__s_GUID@@BUtagCONNECTDATA@@V?$_Copy@UtagCONNECTDATA@@@ATL@@VCComSingleThreadModel@6@@ATL@@@ATL@@UAEPAXI@Z 10001c56 f i ElectronicValueRW.obj
 0001:00000c78       ?GetWindowProc@?$CWindowImplBaseT@VCWindow@ATL@@V?$CWinTraits@$0FGAAAAAA@$0A@@2@@ATL@@UAEP6GJPAUHWND__@@IIJ@ZXZ 10001c78 f i ElectronicValueRW.obj
 0001:00000c7e       ?StartWindowProc@?$CWindowImplBaseT@VCWindow@ATL@@V?$CWinTraits@$0FGAAAAAA@$0A@@2@@ATL@@SGJPAUHWND__@@IIJ@Z 10001c7e f i ElectronicValueRW.obj
 0001:00000cd2       ??_E?$CComObject@VCOPOSElectronicValueRW@@@ATL@@W3AEPAXI@Z 10001cd2 f i ElectronicValueRW.obj
 0001:00000cda       ??_E?$CComObject@VCOPOSElectronicValueRW@@@ATL@@WEM@AEPAXI@Z 10001cda f i ElectronicValueRW.obj
 0001:00000ce2       ?QueryInterface@?$CComObject@VCOPOSElectronicValueRW@@@ATL@@WHA@AGJABU_GUID@@PAPAX@Z 10001ce2 f i ElectronicValueRW.obj
 0001:00000cec       ?AddRef@?$CComObject@VCOPOSElectronicValueRW@@@ATL@@WHA@AGKXZ 10001cec f i ElectronicValueRW.obj
 0001:00000cf6       ?Release@?$CComObject@VCOPOSElectronicValueRW@@@ATL@@WHA@AGKXZ 10001cf6 f i ElectronicValueRW.obj
 0001:00000d00       ?QueryInterface@?$CComObject@VCOPOSElectronicValueRW@@@ATL@@WHE@AGJABU_GUID@@PAPAX@Z 10001d00 f i ElectronicValueRW.obj
 0001:00000d0a       ?AddRef@?$CComObject@VCOPOSElectronicValueRW@@@ATL@@WHE@AGKXZ 10001d0a f i ElectronicValueRW.obj
 0001:00000d14       ?Release@?$CComObject@VCOPOSElectronicValueRW@@@ATL@@WHE@AGKXZ 10001d14 f i ElectronicValueRW.obj
 0001:00000d1e       ?QueryInterface@?$CComObject@VCOPOSElectronicValueRW@@@ATL@@WHI@AGJABU_GUID@@PAPAX@Z 10001d1e f i ElectronicValueRW.obj
 0001:00000d28       ?AddRef@?$CComObject@VCOPOSElectronicValueRW@@@ATL@@WHI@AGKXZ 10001d28 f i ElectronicValueRW.obj
 0001:00000d32       ?Release@?$CComObject@VCOPOSElectronicValueRW@@@ATL@@WHI@AGKXZ 10001d32 f i ElectronicValueRW.obj
 0001:00000d3c       ?QueryInterface@?$CComObject@VCOPOSElectronicValueRW@@@ATL@@WHM@AGJABU_GUID@@PAPAX@Z 10001d3c f i ElectronicValueRW.obj
 0001:00000d46       ?AddRef@?$CComObject@VCOPOSElectronicValueRW@@@ATL@@WHM@AGKXZ 10001d46 f i ElectronicValueRW.obj
 0001:00000d50       ?Release@?$CComObject@VCOPOSElectronicValueRW@@@ATL@@WHM@AGKXZ 10001d50 f i ElectronicValueRW.obj
 0001:00000d5a       ?QueryInterface@?$CComObject@VCOPOSElectronicValueRW@@@ATL@@WIA@AGJABU_GUID@@PAPAX@Z 10001d5a f i ElectronicValueRW.obj
 0001:00000d67       ?AddRef@?$CComObject@VCOPOSElectronicValueRW@@@ATL@@WIA@AGKXZ 10001d67 f i ElectronicValueRW.obj
 0001:00000d74       ?Release@?$CComObject@VCOPOSElectronicValueRW@@@ATL@@WIA@AGKXZ 10001d74 f i ElectronicValueRW.obj
 0001:00000d81       ?QueryInterface@?$CComObject@VCOPOSElectronicValueRW@@@ATL@@WIE@AGJABU_GUID@@PAPAX@Z 10001d81 f i ElectronicValueRW.obj
 0001:00000d8e       ?AddRef@?$CComObject@VCOPOSElectronicValueRW@@@ATL@@WIE@AGKXZ 10001d8e f i ElectronicValueRW.obj
 0001:00000d9b       ?Release@?$CComObject@VCOPOSElectronicValueRW@@@ATL@@WIE@AGKXZ 10001d9b f i ElectronicValueRW.obj
 0001:00000da8       ?QueryInterface@?$CComObject@VCOPOSElectronicValueRW@@@ATL@@WII@AGJABU_GUID@@PAPAX@Z 10001da8 f i ElectronicValueRW.obj
 0001:00000db5       ?AddRef@?$CComObject@VCOPOSElectronicValueRW@@@ATL@@WII@AGKXZ 10001db5 f i ElectronicValueRW.obj
 0001:00000dc2       ?Release@?$CComObject@VCOPOSElectronicValueRW@@@ATL@@WII@AGKXZ 10001dc2 f i ElectronicValueRW.obj
 0001:00000dcf       ?QueryInterface@?$CComObject@VCOPOSElectronicValueRW@@@ATL@@WIM@AGJABU_GUID@@PAPAX@Z 10001dcf f i ElectronicValueRW.obj
 0001:00000ddc       ?AddRef@?$CComObject@VCOPOSElectronicValueRW@@@ATL@@WIM@AGKXZ 10001ddc f i ElectronicValueRW.obj
 0001:00000de9       ?Release@?$CComObject@VCOPOSElectronicValueRW@@@ATL@@WIM@AGKXZ 10001de9 f i ElectronicValueRW.obj
 0001:00000df6       ?QueryInterface@?$CComObject@VCOPOSElectronicValueRW@@@ATL@@WJA@AGJABU_GUID@@PAPAX@Z 10001df6 f i ElectronicValueRW.obj
 0001:00000e03       ?AddRef@?$CComObject@VCOPOSElectronicValueRW@@@ATL@@WJA@AGKXZ 10001e03 f i ElectronicValueRW.obj
 0001:00000e10       ?Release@?$CComObject@VCOPOSElectronicValueRW@@@ATL@@WJA@AGKXZ 10001e10 f i ElectronicValueRW.obj
 0001:00000e1d       ?QueryInterface@?$CComObject@VCOPOSElectronicValueRW@@@ATL@@WJE@AGJABU_GUID@@PAPAX@Z 10001e1d f i ElectronicValueRW.obj
 0001:00000e2a       ?AddRef@?$CComObject@VCOPOSElectronicValueRW@@@ATL@@WJE@AGKXZ 10001e2a f i ElectronicValueRW.obj
 0001:00000e37       ?Release@?$CComObject@VCOPOSElectronicValueRW@@@ATL@@WJE@AGKXZ 10001e37 f i ElectronicValueRW.obj
 0001:00000e44       ?QueryInterface@?$CComObject@VCOPOSElectronicValueRW@@@ATL@@WJI@AGJABU_GUID@@PAPAX@Z 10001e44 f i ElectronicValueRW.obj
 0001:00000e51       ?AddRef@?$CComObject@VCOPOSElectronicValueRW@@@ATL@@WJI@AGKXZ 10001e51 f i ElectronicValueRW.obj
 0001:00000e5e       ?Release@?$CComObject@VCOPOSElectronicValueRW@@@ATL@@WJI@AGKXZ 10001e5e f i ElectronicValueRW.obj
 0001:00000e6b       ?QueryInterface@?$CComObject@VCOPOSElectronicValueRW@@@ATL@@WJM@AGJABU_GUID@@PAPAX@Z 10001e6b f i ElectronicValueRW.obj
 0001:00000e78       ?AddRef@?$CComObject@VCOPOSElectronicValueRW@@@ATL@@WJM@AGKXZ 10001e78 f i ElectronicValueRW.obj
 0001:00000e85       ?Release@?$CComObject@VCOPOSElectronicValueRW@@@ATL@@WJM@AGKXZ 10001e85 f i ElectronicValueRW.obj
 0001:00000e92       ?QueryInterface@?$CComObject@VCOPOSElectronicValueRW@@@ATL@@WKA@AGJABU_GUID@@PAPAX@Z 10001e92 f i ElectronicValueRW.obj
 0001:00000e9f       ?AddRef@?$CComObject@VCOPOSElectronicValueRW@@@ATL@@WKA@AGKXZ 10001e9f f i ElectronicValueRW.obj
 0001:00000eac       ?Release@?$CComObject@VCOPOSElectronicValueRW@@@ATL@@WKA@AGKXZ 10001eac f i ElectronicValueRW.obj
 0001:00000eb9       ?AddRef@?$CComObject@VCOPOSElectronicValueRW@@@ATL@@WKI@AGKXZ 10001eb9 f i ElectronicValueRW.obj
 0001:00000ec6       ?Release@?$CComObject@VCOPOSElectronicValueRW@@@ATL@@WKI@AGKXZ 10001ec6 f i ElectronicValueRW.obj
 0001:00000ed3       ?AddRef@?$CComObject@VCOPOSElectronicValueRW@@@ATL@@WLE@AGKXZ 10001ed3 f i ElectronicValueRW.obj
 0001:00000ee0       ?Release@?$CComObject@VCOPOSElectronicValueRW@@@ATL@@WLE@AGKXZ 10001ee0 f i ElectronicValueRW.obj
 0001:00000eed       ??_E?$CComContainedObject@VCOPOSElectronicValueRW@@@ATL@@W3AEPAXI@Z 10001eed f i ElectronicValueRW.obj
 0001:00000ef5       ??_E?$CComContainedObject@VCOPOSElectronicValueRW@@@ATL@@WEM@AEPAXI@Z 10001ef5 f i ElectronicValueRW.obj
 0001:00000efd       ?QueryInterface@?$CComContainedObject@VCOPOSElectronicValueRW@@@ATL@@WHA@AGJABU_GUID@@PAPAX@Z 10001efd f i ElectronicValueRW.obj
 0001:00000f07       ?AddRef@?$CComContainedObject@VCOPOSElectronicValueRW@@@ATL@@WHA@AGKXZ 10001f07 f i ElectronicValueRW.obj
 0001:00000f11       ?Release@?$CComContainedObject@VCOPOSElectronicValueRW@@@ATL@@WHA@AGKXZ 10001f11 f i ElectronicValueRW.obj
 0001:00000f1b       ?QueryInterface@?$CComContainedObject@VCOPOSElectronicValueRW@@@ATL@@WHE@AGJABU_GUID@@PAPAX@Z 10001f1b f i ElectronicValueRW.obj
 0001:00000f25       ?AddRef@?$CComContainedObject@VCOPOSElectronicValueRW@@@ATL@@WHE@AGKXZ 10001f25 f i ElectronicValueRW.obj
 0001:00000f2f       ?Release@?$CComContainedObject@VCOPOSElectronicValueRW@@@ATL@@WHE@AGKXZ 10001f2f f i ElectronicValueRW.obj
 0001:00000f39       ?QueryInterface@?$CComContainedObject@VCOPOSElectronicValueRW@@@ATL@@WHI@AGJABU_GUID@@PAPAX@Z 10001f39 f i ElectronicValueRW.obj
 0001:00000f43       ?AddRef@?$CComContainedObject@VCOPOSElectronicValueRW@@@ATL@@WHI@AGKXZ 10001f43 f i ElectronicValueRW.obj
 0001:00000f4d       ?Release@?$CComContainedObject@VCOPOSElectronicValueRW@@@ATL@@WHI@AGKXZ 10001f4d f i ElectronicValueRW.obj
 0001:00000f57       ?QueryInterface@?$CComContainedObject@VCOPOSElectronicValueRW@@@ATL@@WHM@AGJABU_GUID@@PAPAX@Z 10001f57 f i ElectronicValueRW.obj
 0001:00000f61       ?AddRef@?$CComContainedObject@VCOPOSElectronicValueRW@@@ATL@@WHM@AGKXZ 10001f61 f i ElectronicValueRW.obj
 0001:00000f6b       ?Release@?$CComContainedObject@VCOPOSElectronicValueRW@@@ATL@@WHM@AGKXZ 10001f6b f i ElectronicValueRW.obj
 0001:00000f75       ?QueryInterface@?$CComContainedObject@VCOPOSElectronicValueRW@@@ATL@@WIA@AGJABU_GUID@@PAPAX@Z 10001f75 f i ElectronicValueRW.obj
 0001:00000f82       ?AddRef@?$CComContainedObject@VCOPOSElectronicValueRW@@@ATL@@WIA@AGKXZ 10001f82 f i ElectronicValueRW.obj
 0001:00000f8f       ?Release@?$CComContainedObject@VCOPOSElectronicValueRW@@@ATL@@WIA@AGKXZ 10001f8f f i ElectronicValueRW.obj
 0001:00000f9c       ?QueryInterface@?$CComContainedObject@VCOPOSElectronicValueRW@@@ATL@@WIE@AGJABU_GUID@@PAPAX@Z 10001f9c f i ElectronicValueRW.obj
 0001:00000fa9       ?AddRef@?$CComContainedObject@VCOPOSElectronicValueRW@@@ATL@@WIE@AGKXZ 10001fa9 f i ElectronicValueRW.obj
 0001:00000fb6       ?Release@?$CComContainedObject@VCOPOSElectronicValueRW@@@ATL@@WIE@AGKXZ 10001fb6 f i ElectronicValueRW.obj
 0001:00000fc3       ?QueryInterface@?$CComContainedObject@VCOPOSElectronicValueRW@@@ATL@@WII@AGJABU_GUID@@PAPAX@Z 10001fc3 f i ElectronicValueRW.obj
 0001:00000fd0       ?AddRef@?$CComContainedObject@VCOPOSElectronicValueRW@@@ATL@@WII@AGKXZ 10001fd0 f i ElectronicValueRW.obj
 0001:00000fdd       ?Release@?$CComContainedObject@VCOPOSElectronicValueRW@@@ATL@@WII@AGKXZ 10001fdd f i ElectronicValueRW.obj
 0001:00000fea       ?QueryInterface@?$CComContainedObject@VCOPOSElectronicValueRW@@@ATL@@WIM@AGJABU_GUID@@PAPAX@Z 10001fea f i ElectronicValueRW.obj
 0001:00000ff7       ?AddRef@?$CComContainedObject@VCOPOSElectronicValueRW@@@ATL@@WIM@AGKXZ 10001ff7 f i ElectronicValueRW.obj
 0001:00001004       ?Release@?$CComContainedObject@VCOPOSElectronicValueRW@@@ATL@@WIM@AGKXZ 10002004 f i ElectronicValueRW.obj
 0001:00001011       ?QueryInterface@?$CComContainedObject@VCOPOSElectronicValueRW@@@ATL@@WJA@AGJABU_GUID@@PAPAX@Z 10002011 f i ElectronicValueRW.obj
 0001:0000101e       ?AddRef@?$CComContainedObject@VCOPOSElectronicValueRW@@@ATL@@WJA@AGKXZ 1000201e f i ElectronicValueRW.obj
 0001:0000102b       ?Release@?$CComContainedObject@VCOPOSElectronicValueRW@@@ATL@@WJA@AGKXZ 1000202b f i ElectronicValueRW.obj
 0001:00001038       ?QueryInterface@?$CComContainedObject@VCOPOSElectronicValueRW@@@ATL@@WJE@AGJABU_GUID@@PAPAX@Z 10002038 f i ElectronicValueRW.obj
 0001:00001045       ?AddRef@?$CComContainedObject@VCOPOSElectronicValueRW@@@ATL@@WJE@AGKXZ 10002045 f i ElectronicValueRW.obj
 0001:00001052       ?Release@?$CComContainedObject@VCOPOSElectronicValueRW@@@ATL@@WJE@AGKXZ 10002052 f i ElectronicValueRW.obj
 0001:0000105f       ?QueryInterface@?$CComContainedObject@VCOPOSElectronicValueRW@@@ATL@@WJI@AGJABU_GUID@@PAPAX@Z 1000205f f i ElectronicValueRW.obj
 0001:0000106c       ?AddRef@?$CComContainedObject@VCOPOSElectronicValueRW@@@ATL@@WJI@AGKXZ 1000206c f i ElectronicValueRW.obj
 0001:00001079       ?Release@?$CComContainedObject@VCOPOSElectronicValueRW@@@ATL@@WJI@AGKXZ 10002079 f i ElectronicValueRW.obj
 0001:00001086       ?QueryInterface@?$CComContainedObject@VCOPOSElectronicValueRW@@@ATL@@WJM@AGJABU_GUID@@PAPAX@Z 10002086 f i ElectronicValueRW.obj
 0001:00001093       ?AddRef@?$CComContainedObject@VCOPOSElectronicValueRW@@@ATL@@WJM@AGKXZ 10002093 f i ElectronicValueRW.obj
 0001:000010a0       ?Release@?$CComContainedObject@VCOPOSElectronicValueRW@@@ATL@@WJM@AGKXZ 100020a0 f i ElectronicValueRW.obj
 0001:000010ad       ?QueryInterface@?$CComContainedObject@VCOPOSElectronicValueRW@@@ATL@@WKA@AGJABU_GUID@@PAPAX@Z 100020ad f i ElectronicValueRW.obj
 0001:000010ba       ?AddRef@?$CComContainedObject@VCOPOSElectronicValueRW@@@ATL@@WKA@AGKXZ 100020ba f i ElectronicValueRW.obj
 0001:000010c7       ?Release@?$CComContainedObject@VCOPOSElectronicValueRW@@@ATL@@WKA@AGKXZ 100020c7 f i ElectronicValueRW.obj
 0001:000010d4       ?AddRef@?$CComContainedObject@VCOPOSElectronicValueRW@@@ATL@@WKI@AGKXZ 100020d4 f i ElectronicValueRW.obj
 0001:000010e1       ?Release@?$CComContainedObject@VCOPOSElectronicValueRW@@@ATL@@WKI@AGKXZ 100020e1 f i ElectronicValueRW.obj
 0001:000010ee       ?AddRef@?$CComContainedObject@VCOPOSElectronicValueRW@@@ATL@@WLE@AGKXZ 100020ee f i ElectronicValueRW.obj
 0001:000010fb       ?Release@?$CComContainedObject@VCOPOSElectronicValueRW@@@ATL@@WLE@AGKXZ 100020fb f i ElectronicValueRW.obj
 0001:00001108       ?Lock@CAtlModule@ATL@@UAEJXZ 10002108 f i ElectronicValueRW.obj
 0001:00001112       ?Unlock@CAtlModule@ATL@@UAEJXZ 10002112 f i ElectronicValueRW.obj
 0001:0000111c       ?GetLockCount@CAtlModule@ATL@@UAEJXZ 1000211c f i ElectronicValueRW.obj
 0001:00001120       ?GetGITPtr@CAtlModule@ATL@@UAEJPAPAUIGlobalInterfaceTable@@@Z 10002120 f i ElectronicValueRW.obj
 0001:0000116c       ?GetTypeInfoCount@?$IDispatchImpl@UIOPOSElectronicValueRW@@$1?IID_IOPOSElectronicValueRW@@3U_GUID@@B$1?LIBID_OposElectronicValueRW_CCO@@3U3@B$00$0A@VCComTypeInfoHolder@ATL@@@ATL@@UAGJPAI@Z 1000216c f i ElectronicValueRW.obj
 0001:00001189       ?GetTypeInfo@?$IDispatchImpl@UIOPOSElectronicValueRW@@$1?IID_IOPOSElectronicValueRW@@3U_GUID@@B$1?LIBID_OposElectronicValueRW_CCO@@3U3@B$00$0A@VCComTypeInfoHolder@ATL@@@ATL@@UAGJIKPAPAUITypeInfo@@@Z 10002189 f i ElectronicValueRW.obj
 0001:000011ad       ?GetIDsOfNames@?$IDispatchImpl@UIOPOSElectronicValueRW@@$1?IID_IOPOSElectronicValueRW@@3U_GUID@@B$1?LIBID_OposElectronicValueRW_CCO@@3U3@B$00$0A@VCComTypeInfoHolder@ATL@@@ATL@@UAGJABU_GUID@@PAPA_WIKPAJ@Z 100021ad f i ElectronicValueRW.obj
 0001:000011cd       ?Invoke@?$IDispatchImpl@UIOPOSElectronicValueRW@@$1?IID_IOPOSElectronicValueRW@@3U_GUID@@B$1?LIBID_OposElectronicValueRW_CCO@@3U3@B$00$0A@VCComTypeInfoHolder@ATL@@@ATL@@UAGJJABU_GUID@@KGPAUtagDISPPARAMS@@PAUtagVARIANT@@PAUtagEXCEPINFO@@PAI@Z 100021cd f i ElectronicValueRW.obj
 0001:000011db       ?AddCommonRGSReplacements@?$CAtlModuleT@VCComModule@ATL@@@ATL@@UAEJPAUIRegistrarBase@@@Z 100021db f i ElectronicValueRW.obj
 0001:000011f5       ?CreateControlWindow@?$CComControl@VCOPOSElectronicValueRW@@V?$CWindowImpl@VCOPOSElectronicValueRW@@VCWindow@ATL@@V?$CWinTraits@$0FGAAAAAA@$0A@@3@@ATL@@@ATL@@UAEPAUHWND__@@PAU3@AAUtagRECT@@@Z 100021f5 f i ElectronicValueRW.obj
 0001:00001224       ?ControlQueryInterface@?$CComControl@VCOPOSElectronicValueRW@@V?$CWindowImpl@VCOPOSElectronicValueRW@@VCWindow@ATL@@V?$CWinTraits@$0FGAAAAAA@$0A@@3@@ATL@@@ATL@@UAEJABU_GUID@@PAPAX@Z 10002224 f i ElectronicValueRW.obj
 0001:0000123f       ?GetUserClassID@?$IOleObjectImpl@VCOPOSElectronicValueRW@@@ATL@@UAGJPAU_GUID@@@Z 1000223f f i ElectronicValueRW.obj
 0001:0000123f       ?GetClassID@?$IPersistStorageImpl@VCOPOSElectronicValueRW@@@ATL@@UAGJPAU_GUID@@@Z 1000223f f i ElectronicValueRW.obj
 0001:0000123f       ?GetClassID@?$IPersistStreamInitImpl@VCOPOSElectronicValueRW@@@ATL@@UAGJPAU_GUID@@@Z 1000223f f i ElectronicValueRW.obj
 0001:00001263       ?IsDirty@?$IPersistStreamInitImpl@VCOPOSElectronicValueRW@@@ATL@@UAGJXZ 10002263 f i ElectronicValueRW.obj
 0001:00001282       ?Load@?$IPersistStreamInitImpl@VCOPOSElectronicValueRW@@@ATL@@UAGJPAUIStream@@@Z 10002282 f i ElectronicValueRW.obj
 0001:000012a1       ?Save@?$IPersistStreamInitImpl@VCOPOSElectronicValueRW@@@ATL@@UAGJPAUIStream@@H@Z 100022a1 f i ElectronicValueRW.obj
 0001:000012c3       ?GetSizeMax@?$IPersistStreamInitImpl@VCOPOSElectronicValueRW@@@ATL@@UAGJPAT_ULARGE_INTEGER@@@Z 100022c3 f i ElectronicValueRW.obj
 0001:000014a2       ?InitNew@?$IPersistStreamInitImpl@VCOPOSElectronicValueRW@@@ATL@@UAGJXZ 100024a2 f i ElectronicValueRW.obj
 0001:000014bf       ?UpdateRegistryFromResourceD@CComModule@ATL@@UAGJPB_WHPAU_ATL_REGMAP_ENTRY@2@@Z 100024bf f i ElectronicValueRW.obj
 0001:000014bf       ?UpdateRegistryFromResourceD@CComModule@ATL@@UAGJIHPAU_ATL_REGMAP_ENTRY@2@@Z 100024bf f i ElectronicValueRW.obj
 0001:000014c7       ?UpdateRegistryFromResource@CComModule@ATL@@UAGJPB_WHPAU_ATL_REGMAP_ENTRY@2@@Z 100024c7 f i ElectronicValueRW.obj
 0001:000014d0       ?QueryGetData@?$IDataObjectImpl@VCOPOSElectronicValueRW@@@ATL@@UAGJPAUtagFORMATETC@@@Z 100024d0 f i ElectronicValueRW.obj
 0001:000014d0       ?OnMnemonic@?$IOleControlImpl@VCOPOSElectronicValueRW@@@ATL@@UAGJPAUtagMSG@@@Z 100024d0 f i ElectronicValueRW.obj
 0001:000014d0       ?ContextSensitiveHelp@?$IOleInPlaceObjectWindowlessImpl@VCOPOSElectronicValueRW@@@ATL@@UAGJH@Z 100024d0 f i ElectronicValueRW.obj
 0001:000014d0       ?SetColorScheme@?$IOleObjectImpl@VCOPOSElectronicValueRW@@@ATL@@UAGJPAUtagLOGPALETTE@@@Z 100024d0 f i ElectronicValueRW.obj
 0001:000014d0       ?GetDropTarget@?$IOleInPlaceObjectWindowlessImpl@VCOPOSElectronicValueRW@@@ATL@@UAGJPAPAUIDropTarget@@@Z 100024d0 f i ElectronicValueRW.obj
 0001:000014d0       ?Unfreeze@?$IViewObjectExImpl@VCOPOSElectronicValueRW@@@ATL@@UAGJK@Z 100024d0 f i ElectronicValueRW.obj
 0001:000014d0       ?ContextSensitiveHelp@?$IOleInPlaceActiveObjectImpl@VCOPOSElectronicValueRW@@@ATL@@UAGJH@Z 100024d0 f i ElectronicValueRW.obj
 0001:000014d0       ?GetControlInfo@?$IOleControlImpl@VCOPOSElectronicValueRW@@@ATL@@UAGJPAUtagCONTROLINFO@@@Z 100024d0 f i ElectronicValueRW.obj
 0001:000014d8       ?UpdateRegistryFromResource@CComModule@ATL@@UAGJIHPAU_ATL_REGMAP_ENTRY@2@@Z 100024d8 f i ElectronicValueRW.obj
 0001:000014e1       ?OnAmbientPropertyChange@?$IOleControlImpl@VCOPOSElectronicValueRW@@@ATL@@UAGJJ@Z 100024e1 f i ElectronicValueRW.obj
 0001:000014e1       ?OnFrameWindowActivate@?$IOleInPlaceActiveObjectImpl@VCOPOSElectronicValueRW@@@ATL@@UAGJH@Z 100024e1 f i ElectronicValueRW.obj
 0001:000014e1       ?SaveCompleted@?$IPersistStorageImpl@VCOPOSElectronicValueRW@@@ATL@@UAGJPAUIStorage@@@Z 100024e1 f i ElectronicValueRW.obj
 0001:000014e1       ?EnableModeless@?$IOleInPlaceActiveObjectImpl@VCOPOSElectronicValueRW@@@ATL@@UAGJH@Z 100024e1 f i ElectronicValueRW.obj
 0001:000014e6       ?SetClientSite@?$IOleObjectImpl@VCOPOSElectronicValueRW@@@ATL@@UAGJPAUIOleClientSite@@@Z 100024e6 f i ElectronicValueRW.obj
 0001:00001503       ?GetClientSite@?$IOleObjectImpl@VCOPOSElectronicValueRW@@@ATL@@UAGJPAPAUIOleClientSite@@@Z 10002503 f i ElectronicValueRW.obj
 0001:00001520       ?SetHostNames@?$IOleObjectImpl@VCOPOSElectronicValueRW@@@ATL@@UAGJPB_W0@Z 10002520 f i ElectronicValueRW.obj
 0001:00001525       ?Close@?$IOleObjectImpl@VCOPOSElectronicValueRW@@@ATL@@UAGJK@Z 10002525 f i ElectronicValueRW.obj
 0001:00001542       ?GetDataHere@?$IDataObjectImpl@VCOPOSElectronicValueRW@@@ATL@@UAGJPAUtagFORMATETC@@PAUtagSTGMEDIUM@@@Z 10002542 f i ElectronicValueRW.obj
 0001:00001542       ?QueryInterface@CRegObject@ATL@@UAGJABU_GUID@@PAPAX@Z 10002542 f i ElectronicValueRW.obj
 0001:00001542       ?GetClipboardData@?$IOleObjectImpl@VCOPOSElectronicValueRW@@@ATL@@UAGJKPAPAUIDataObject@@@Z 10002542 f i ElectronicValueRW.obj
 0001:00001542       ?GetRect@?$IViewObjectExImpl@VCOPOSElectronicValueRW@@@ATL@@UAGJKPAU_RECTL@@@Z 10002542 f i ElectronicValueRW.obj
 0001:00001542       ?SetMoniker@?$IOleObjectImpl@VCOPOSElectronicValueRW@@@ATL@@UAGJKPAUIMoniker@@@Z 10002542 f i ElectronicValueRW.obj
 0001:00001542       ?EnumFormatEtc@?$IDataObjectImpl@VCOPOSElectronicValueRW@@@ATL@@UAGJKPAPAUIEnumFORMATETC@@@Z 10002542 f i ElectronicValueRW.obj
 0001:00001542       ?GetCanonicalFormatEtc@?$IDataObjectImpl@VCOPOSElectronicValueRW@@@ATL@@UAGJPAUtagFORMATETC@@0@Z 10002542 f i ElectronicValueRW.obj
 0001:0000154a       ?InitFromData@?$IOleObjectImpl@VCOPOSElectronicValueRW@@@ATL@@UAGJPAUIDataObject@@HK@Z 1000254a f i ElectronicValueRW.obj
 0001:0000154a       ?GetMoniker@?$IOleObjectImpl@VCOPOSElectronicValueRW@@@ATL@@UAGJKKPAPAUIMoniker@@@Z 1000254a f i ElectronicValueRW.obj
 0001:0000154a       ?SetData@?$IDataObjectImpl@VCOPOSElectronicValueRW@@@ATL@@UAGJPAUtagFORMATETC@@PAUtagSTGMEDIUM@@H@Z 1000254a f i ElectronicValueRW.obj
 0001:00001552       ?DoVerb@?$IOleObjectImpl@VCOPOSElectronicValueRW@@@ATL@@UAGJJPAUtagMSG@@PAUIOleClientSite@@JPAUHWND__@@PBUtagRECT@@@Z 10002552 f i ElectronicValueRW.obj
 0001:00001646       ?EnumVerbs@?$IOleObjectImpl@VCOPOSElectronicValueRW@@@ATL@@UAGJPAPAUIEnumOLEVERB@@@Z 10002646 f i ElectronicValueRW.obj
 0001:00001668       ?HandsOffStorage@?$IPersistStorageImpl@VCOPOSElectronicValueRW@@@ATL@@UAGJXZ 10002668 f i ElectronicValueRW.obj
 0001:00001668       ?Release@CRegObject@ATL@@UAGKXZ 10002668 f i ElectronicValueRW.obj
 0001:00001668       ?IsUpToDate@?$IOleObjectImpl@VCOPOSElectronicValueRW@@@ATL@@UAGJXZ 10002668 f i ElectronicValueRW.obj
 0001:00001668       ?Update@?$IOleObjectImpl@VCOPOSElectronicValueRW@@@ATL@@UAGJXZ 10002668 f i ElectronicValueRW.obj
 0001:0000166d       ??_GCComModule@ATL@@UAEPAXI@Z 1000266d f i ElectronicValueRW.obj
 0001:0000166d       ??_ECComModule@ATL@@UAEPAXI@Z 1000266d f i ElectronicValueRW.obj
 0001:00001695       ?GetUserType@?$IOleObjectImpl@VCOPOSElectronicValueRW@@@ATL@@UAGJKPAPA_W@Z 10002695 f i ElectronicValueRW.obj
 0001:000016ad       ?SetExtent@?$IOleObjectImpl@VCOPOSElectronicValueRW@@@ATL@@UAGJKPAUtagSIZE@@@Z 100026ad f i ElectronicValueRW.obj
 0001:000016cd       ?GetExtent@?$IOleObjectImpl@VCOPOSElectronicValueRW@@@ATL@@UAGJKPAUtagSIZE@@@Z 100026cd f i ElectronicValueRW.obj
 0001:0000170b       ?Advise@?$IOleObjectImpl@VCOPOSElectronicValueRW@@@ATL@@UAGJPAUIAdviseSink@@PAK@Z 1000270b f i ElectronicValueRW.obj
 0001:0000172b       ?Unadvise@?$IOleObjectImpl@VCOPOSElectronicValueRW@@@ATL@@UAGJK@Z 1000272b f i ElectronicValueRW.obj
 0001:0000175a       ?EnumAdvise@?$IOleObjectImpl@VCOPOSElectronicValueRW@@@ATL@@UAGJPAPAUIEnumSTATDATA@@@Z 1000275a f i ElectronicValueRW.obj
 0001:0000179a       ?GetMiscStatus@?$IOleObjectImpl@VCOPOSElectronicValueRW@@@ATL@@UAGJKPAK@Z 1000279a f i ElectronicValueRW.obj
 0001:000017b2       ?GetWindow@?$IOleInPlaceActiveObjectImpl@VCOPOSElectronicValueRW@@@ATL@@UAGJPAPAUHWND__@@@Z 100027b2 f i ElectronicValueRW.obj
 0001:000017ff       ?TranslateAcceleratorW@?$IOleInPlaceActiveObjectImpl@VCOPOSElectronicValueRW@@@ATL@@UAGJPAUtagMSG@@@Z 100027ff f i ElectronicValueRW.obj
 0001:000018ad       ?OnDocWindowActivate@?$IOleInPlaceActiveObjectImpl@VCOPOSElectronicValueRW@@@ATL@@UAGJH@Z 100028ad f i ElectronicValueRW.obj
 0001:000018cf       ?ResizeBorder@?$IOleInPlaceActiveObjectImpl@VCOPOSElectronicValueRW@@@ATL@@UAGJPBUtagRECT@@PAUIOleInPlaceUIWindow@@H@Z 100028cf f i ElectronicValueRW.obj
 0001:000018d4       ?Draw@?$IViewObjectExImpl@VCOPOSElectronicValueRW@@@ATL@@UAGJKJPAXPAUtagDVTARGETDEVICE@@PAUHDC__@@2PBU_RECTL@@3P6GHK@ZK@Z 100028d4 f i ElectronicValueRW.obj
 0001:00001906       ?GetColorSet@?$IViewObjectExImpl@VCOPOSElectronicValueRW@@@ATL@@UAGJKJPAXPAUtagDVTARGETDEVICE@@PAUHDC__@@PAPAUtagLOGPALETTE@@@Z 10002906 f i ElectronicValueRW.obj
 0001:0000190e       ?Freeze@?$IViewObjectExImpl@VCOPOSElectronicValueRW@@@ATL@@UAGJKJPAXPAK@Z 1000290e f i ElectronicValueRW.obj
 0001:00001916       ?SetAdvise@?$IViewObjectExImpl@VCOPOSElectronicValueRW@@@ATL@@UAGJKKPAUIAdviseSink@@@Z 10002916 f i ElectronicValueRW.obj
 0001:00001935       ?GetAdvise@?$IViewObjectExImpl@VCOPOSElectronicValueRW@@@ATL@@UAGJPAK0PAPAUIAdviseSink@@@Z 10002935 f i ElectronicValueRW.obj
 0001:0000196a       ?GetExtent@?$IViewObjectExImpl@VCOPOSElectronicValueRW@@@ATL@@UAGJKJPAUtagDVTARGETDEVICE@@PAUtagSIZE@@@Z 1000296a f i ElectronicValueRW.obj
 0001:0000199b       ?GetViewStatus@?$IViewObjectExImpl@VCOPOSElectronicValueRW@@@ATL@@UAGJPAK@Z 1000299b f i ElectronicValueRW.obj
 0001:000019b8       ?QueryHitPoint@?$IViewObjectExImpl@VCOPOSElectronicValueRW@@@ATL@@UAGJKPBUtagRECT@@UtagPOINT@@JPAK@Z 100029b8 f i ElectronicValueRW.obj
 0001:000019f9       ?QueryHitRect@?$IViewObjectExImpl@VCOPOSElectronicValueRW@@@ATL@@UAGJKPBUtagRECT@@0JPAK@Z 100029f9 f i ElectronicValueRW.obj
 0001:00001a54       ?GetNaturalExtent@?$IViewObjectExImpl@VCOPOSElectronicValueRW@@@ATL@@UAGJKJPAUtagDVTARGETDEVICE@@PAUHDC__@@PAUtagExtentInfo@@PAUtagSIZE@@@Z 10002a54 f i ElectronicValueRW.obj
 0001:00001a9f       ?GetWindow@?$IOleInPlaceObjectWindowlessImpl@VCOPOSElectronicValueRW@@@ATL@@UAGJPAPAUHWND__@@@Z 10002a9f f i ElectronicValueRW.obj
 0001:00001aec       ?InPlaceDeactivate@?$IOleInPlaceObjectWindowlessImpl@VCOPOSElectronicValueRW@@@ATL@@UAGJXZ 10002aec f i ElectronicValueRW.obj
 0001:00001b06       ?UIDeactivate@?$IOleInPlaceObjectWindowlessImpl@VCOPOSElectronicValueRW@@@ATL@@UAGJXZ 10002b06 f i ElectronicValueRW.obj
 0001:00001b20       ?SetObjectRects@?$IOleInPlaceObjectWindowlessImpl@VCOPOSElectronicValueRW@@@ATL@@UAGJPBUtagRECT@@0@Z 10002b20 f i ElectronicValueRW.obj
 0001:00001b40       ?ReactivateAndUndo@?$IOleInPlaceObjectWindowlessImpl@VCOPOSElectronicValueRW@@@ATL@@UAGJXZ 10002b40 f i ElectronicValueRW.obj
 0001:00001b48       ?OnWindowMessage@?$IOleInPlaceObjectWindowlessImpl@VCOPOSElectronicValueRW@@@ATL@@UAGJIIJPAJ@Z 10002b48 f i ElectronicValueRW.obj
 0001:00001bb8       ?EnumConnectionPoints@?$IConnectionPointContainerImpl@VCOPOSElectronicValueRW@@@ATL@@UAGJPAPAUIEnumConnectionPoints@@@Z 10002bb8 f i ElectronicValueRW.obj
 0001:00001d48       ?FindConnectionPoint@?$IConnectionPointContainerImpl@VCOPOSElectronicValueRW@@@ATL@@UAGJABU_GUID@@PAPAUIConnectionPoint@@@Z 10002d48 f i ElectronicValueRW.obj
 0001:00001deb       ?IsDirty@?$IPersistStorageImpl@VCOPOSElectronicValueRW@@@ATL@@UAGJXZ 10002deb f i ElectronicValueRW.obj
 0001:00001e1b       ?InitNew@?$IPersistStorageImpl@VCOPOSElectronicValueRW@@@ATL@@UAGJPAUIStorage@@@Z 10002e1b f i ElectronicValueRW.obj
 0001:00001e4b       ?Load@?$IPersistStorageImpl@VCOPOSElectronicValueRW@@@ATL@@UAGJPAUIStorage@@@Z 10002e4b f i ElectronicValueRW.obj
 0001:00001eb7       ?Save@?$IPersistStorageImpl@VCOPOSElectronicValueRW@@@ATL@@UAGJPAUIStorage@@H@Z 10002eb7 f i ElectronicValueRW.obj
 0001:00001f2a       ?GetPages@?$ISpecifyPropertyPagesImpl@VCOPOSElectronicValueRW@@@ATL@@UAGJPAUtagCAUUID@@@Z 10002f2a f i ElectronicValueRW.obj
 0001:00001f41       ?QuickActivate@?$IQuickActivateImpl@VCOPOSElectronicValueRW@@@ATL@@UAGJPAUtagQACONTAINER@@PAUtagQACONTROL@@@Z 10002f41 f i ElectronicValueRW.obj
 0001:00001f64       ?SetContentExtent@?$IQuickActivateImpl@VCOPOSElectronicValueRW@@@ATL@@UAGJPAUtagSIZE@@@Z 10002f64 f i ElectronicValueRW.obj
 0001:00001f90       ?GetContentExtent@?$IQuickActivateImpl@VCOPOSElectronicValueRW@@@ATL@@UAGJPAUtagSIZE@@@Z 10002f90 f i ElectronicValueRW.obj
 0001:00001fcc       ?GetData@?$IDataObjectImpl@VCOPOSElectronicValueRW@@@ATL@@UAGJPAUtagFORMATETC@@PAUtagSTGMEDIUM@@@Z 10002fcc f i ElectronicValueRW.obj
 0001:00001fef       ?DAdvise@?$IDataObjectImpl@VCOPOSElectronicValueRW@@@ATL@@UAGJPAUtagFORMATETC@@KPAUIAdviseSink@@PAK@Z 10002fef f i ElectronicValueRW.obj
 0001:00002030       ?DUnadvise@?$IDataObjectImpl@VCOPOSElectronicValueRW@@@ATL@@UAGJK@Z 10003030 f i ElectronicValueRW.obj
 0001:0000205e       ?EnumDAdvise@?$IDataObjectImpl@VCOPOSElectronicValueRW@@@ATL@@UAGJPAPAUIEnumSTATDATA@@@Z 1000305e f i ElectronicValueRW.obj
 0001:0000209d       ?GetClassInfoW@?$IProvideClassInfo2Impl@$1?CLSID_OPOSElectronicValueRW@@3U_GUID@@B$1?DIID__IOPOSElectronicValueRWEvents@@3U2@B$1?LIBID_OposElectronicValueRW_CCO@@3U2@B$00$0A@VCComTypeInfoHolder@ATL@@@ATL@@UAGJPAPAUITypeInfo@@@Z 1000309d f i ElectronicValueRW.obj
 0001:000020b3       ?GetGUID@?$IProvideClassInfo2Impl@$1?CLSID_OPOSElectronicValueRW@@3U_GUID@@B$1?DIID__IOPOSElectronicValueRWEvents@@3U2@B$1?LIBID_OposElectronicValueRW_CCO@@3U2@B$00$0A@VCComTypeInfoHolder@ATL@@@ATL@@UAGJKPAU_GUID@@@Z 100030b3 f i ElectronicValueRW.obj
 0001:000020f1       ?FAccessAllowed@?$IObjectSafetyImpl@VCOPOSElectronicValueRW@@$02@ATL@@MAEHXZ 100030f1 f i ElectronicValueRW.obj
 0001:000020f1       __get_startup_argv_mode    100030f1 f i LIBCMT:argv_mode.obj
 0001:000020f5       ?GetInterfaceSafetyOptions@?$IObjectSafetyImpl@VCOPOSElectronicValueRW@@$02@ATL@@UAGJABU_GUID@@PAK1@Z 100030f5 f i ElectronicValueRW.obj
 0001:00002168       ?SetInterfaceSafetyOptions@?$IObjectSafetyImpl@VCOPOSElectronicValueRW@@$02@ATL@@UAGJABU_GUID@@KK@Z 10003168 f i ElectronicValueRW.obj
 0001:000021e2       ?_LocCPQueryInterface@?$IConnectionPointImpl@VCOPOSElectronicValueRW@@$1?IID_IPropertyNotifySink@@3U_GUID@@BVCComDynamicUnkArray@ATL@@@ATL@@UAGJABU_GUID@@PAPAX@Z 100031e2 f i ElectronicValueRW.obj
 0001:000021e2       ?_LocCPQueryInterface@?$IConnectionPointImpl@VCOPOSElectronicValueRW@@$1?DIID__IOPOSElectronicValueRWEvents@@3U_GUID@@BVCComDynamicUnkArray@ATL@@@ATL@@UAGJABU_GUID@@PAPAX@Z 100031e2 f i ElectronicValueRW.obj
 0001:0000222f       ?GetConnectionInterface@?$IConnectionPointImpl@VCOPOSElectronicValueRW@@$1?IID_IPropertyNotifySink@@3U_GUID@@BVCComDynamicUnkArray@ATL@@@ATL@@UAGJPAU_GUID@@@Z 1000322f f i ElectronicValueRW.obj
 0001:00002253       ?GetConnectionPointContainer@?$IConnectionPointImpl@VCOPOSElectronicValueRW@@$1?IID_IPropertyNotifySink@@3U_GUID@@BVCComDynamicUnkArray@ATL@@@ATL@@UAGJPAPAUIConnectionPointContainer@@@Z 10003253 f i ElectronicValueRW.obj
 0001:00002276       ?Advise@?$IConnectionPointImpl@VCOPOSElectronicValueRW@@$1?DIID__IOPOSElectronicValueRWEvents@@3U_GUID@@BVCComDynamicUnkArray@ATL@@@ATL@@UAGJPAUIUnknown@@PAK@Z 10003276 f i ElectronicValueRW.obj
 0001:00002276       ?Advise@?$IConnectionPointImpl@VCOPOSElectronicValueRW@@$1?IID_IPropertyNotifySink@@3U_GUID@@BVCComDynamicUnkArray@ATL@@@ATL@@UAGJPAUIUnknown@@PAK@Z 10003276 f i ElectronicValueRW.obj
 0001:00002316       ?Unadvise@?$IConnectionPointImpl@VCOPOSElectronicValueRW@@$1?DIID__IOPOSElectronicValueRWEvents@@3U_GUID@@BVCComDynamicUnkArray@ATL@@@ATL@@UAGJK@Z 10003316 f i ElectronicValueRW.obj
 0001:00002316       ?Unadvise@?$IConnectionPointImpl@VCOPOSElectronicValueRW@@$1?IID_IPropertyNotifySink@@3U_GUID@@BVCComDynamicUnkArray@ATL@@@ATL@@UAGJK@Z 10003316 f i ElectronicValueRW.obj
 0001:00002356       ?EnumConnections@?$IConnectionPointImpl@VCOPOSElectronicValueRW@@$1?IID_IPropertyNotifySink@@3U_GUID@@BVCComDynamicUnkArray@ATL@@@ATL@@UAGJPAPAUIEnumConnections@@@Z 10003356 f i ElectronicValueRW.obj
 0001:00002356       ?EnumConnections@?$IConnectionPointImpl@VCOPOSElectronicValueRW@@$1?DIID__IOPOSElectronicValueRWEvents@@3U_GUID@@BVCComDynamicUnkArray@ATL@@@ATL@@UAGJPAPAUIEnumConnections@@@Z 10003356 f i ElectronicValueRW.obj
 0001:00002459       ?GetConnectionInterface@?$IConnectionPointImpl@VCOPOSElectronicValueRW@@$1?DIID__IOPOSElectronicValueRWEvents@@3U_GUID@@BVCComDynamicUnkArray@ATL@@@ATL@@UAGJPAU_GUID@@@Z 10003459 f i ElectronicValueRW.obj
 0001:0000247d       ?GetConnectionPointContainer@?$IConnectionPointImpl@VCOPOSElectronicValueRW@@$1?DIID__IOPOSElectronicValueRWEvents@@3U_GUID@@BVCComDynamicUnkArray@ATL@@@ATL@@UAGJPAPAUIConnectionPointContainer@@@Z 1000347d f i ElectronicValueRW.obj
 0001:000024a0       ?UpdateRegistry@COPOSElectronicValueRW@@SGJH@Z 100034a0 f i ElectronicValueRW.obj
 0001:000024b8       ?ProcessWindowMessage@COPOSElectronicValueRW@@UAEHPAUHWND__@@IIJAAJK@Z 100034b8 f i ElectronicValueRW.obj
 0001:00002505       ?SOData@COPOSElectronicValueRW@@MAGJJ@Z 10003505 f i ElectronicValueRW.obj
 0001:0000253e       ?SODirectIO@COPOSElectronicValueRW@@MAGJJPAJPAPA_W@Z 1000353e f i ElectronicValueRW.obj
 0001:00002587       ?SOError@COPOSElectronicValueRW@@MAGJJJJPAJ@Z 10003587 f i ElectronicValueRW.obj
 0001:000025dc       ?SOOutputComplete@COPOSElectronicValueRW@@MAGJJ@Z 100035dc f i ElectronicValueRW.obj
 0001:00002615       ?SOStatusUpdate@COPOSElectronicValueRW@@MAGJJ@Z 10003615 f i ElectronicValueRW.obj
 0001:0000264e       ?SOTransition@COPOSElectronicValueRW@@MAGJJPAJPAPA_W@Z 1000364e f i ElectronicValueRW.obj
 0001:00002697       ?AddRef@CRegObject@ATL@@UAGKXZ 10003697 f i ElectronicValueRW.obj
 0001:0000269d       ?AddReplacement@CRegObject@ATL@@UAGJPB_W0@Z 1000369d f i ElectronicValueRW.obj
 0001:000026d6       ?ClearReplacements@CRegObject@ATL@@UAGJXZ 100036d6 f i ElectronicValueRW.obj
 0001:000026e8       ??_ECRegObject@ATL@@UAEPAXI@Z 100036e8 f i ElectronicValueRW.obj
 0001:000026e8       ??_GCRegObject@ATL@@UAEPAXI@Z 100036e8 f i ElectronicValueRW.obj
 0001:0000270a       ?CreateInstance@?$CComCreator@V?$CComObjectCached@VCComClassFactory@ATL@@@ATL@@@ATL@@SGJPAXABU_GUID@@PAPAX@Z 1000370a f i ElectronicValueRW.obj
 0001:000027ab       ?CreateInstance@?$CComCreator2@V?$CComCreator@V?$CComObject@VCOPOSElectronicValueRW@@@ATL@@@ATL@@V?$CComCreator@V?$CComAggObject@VCOPOSElectronicValueRW@@@ATL@@@2@@ATL@@SGJPAXABU_GUID@@PAPAX@Z 100037ab f i ElectronicValueRW.obj
 0001:000027cb       ?AddRef@?$CComObjectCached@VCComClassFactory@ATL@@@ATL@@UAGKXZ 100037cb f i ElectronicValueRW.obj
 0001:000027f2       ?Release@?$CComObjectCached@VCComClassFactory@ATL@@@ATL@@UAGKXZ 100037f2 f i ElectronicValueRW.obj
 0001:00002828       ?QueryInterface@?$CComObjectCached@VCComClassFactory@ATL@@@ATL@@UAGJABU_GUID@@PAPAX@Z 10003828 f i ElectronicValueRW.obj
 0001:00002842       ??_G?$CComObjectCached@VCComClassFactory@ATL@@@ATL@@UAEPAXI@Z 10003842 f i ElectronicValueRW.obj
 0001:00002842       ??_E?$CComObjectCached@VCComClassFactory@ATL@@@ATL@@UAEPAXI@Z 10003842 f i ElectronicValueRW.obj
 0001:00002864       ?Next@?$CComEnumImpl@UIEnumConnectionPoints@@$1?_GUID_b196b285_bab4_101a_b69c_00aa00341d07@@3U__s_GUID@@BPAUIConnectionPoint@@V?$_CopyInterface@UIConnectionPoint@@@ATL@@@ATL@@UAGJKPAPAUIConnectionPoint@@PAK@Z 10003864 f i ElectronicValueRW.obj
 0001:00002933       ?Skip@?$CComEnumImpl@UIEnumConnectionPoints@@$1?_GUID_b196b285_bab4_101a_b69c_00aa00341d07@@3U__s_GUID@@BPAUIConnectionPoint@@V?$_CopyInterface@UIConnectionPoint@@@ATL@@@ATL@@UAGJK@Z 10003933 f i ElectronicValueRW.obj
 0001:00002960       ?Clone@?$CComEnumImpl@UIEnumConnectionPoints@@$1?_GUID_b196b285_bab4_101a_b69c_00aa00341d07@@3U__s_GUID@@BPAUIConnectionPoint@@V?$_CopyInterface@UIConnectionPoint@@@ATL@@@ATL@@UAGJPAPAUIEnumConnectionPoints@@@Z 10003960 f i ElectronicValueRW.obj
 0001:00002a41       ?QueryInterface@?$CComObject@V?$CComEnum@UIEnumConnectionPoints@@$1?_GUID_b196b285_bab4_101a_b69c_00aa00341d07@@3U__s_GUID@@BPAUIConnectionPoint@@V?$_CopyInterface@UIConnectionPoint@@@ATL@@VCComSingleThreadModel@6@@ATL@@@ATL@@UAGJABU_GUID@@PAPAX@Z 10003a41 f i ElectronicValueRW.obj
 0001:00002a5b       ??_E?$CComObject@V?$CComEnum@UIEnumConnectionPoints@@$1?_GUID_b196b285_bab4_101a_b69c_00aa00341d07@@3U__s_GUID@@BPAUIConnectionPoint@@V?$_CopyInterface@UIConnectionPoint@@@ATL@@VCComSingleThreadModel@6@@ATL@@@ATL@@UAEPAXI@Z 10003a5b f i ElectronicValueRW.obj
 0001:00002a5b       ??_G?$CComObject@V?$CComEnum@UIEnumConnectionPoints@@$1?_GUID_b196b285_bab4_101a_b69c_00aa00341d07@@3U__s_GUID@@BPAUIConnectionPoint@@V?$_CopyInterface@UIConnectionPoint@@@ATL@@VCComSingleThreadModel@6@@ATL@@@ATL@@UAEPAXI@Z 10003a5b f i ElectronicValueRW.obj
 0001:00002a7d       ??$?4UITypeInfo2@@@?$CComPtr@UITypeInfo@@@ATL@@QAEPAUITypeInfo@@ABV?$CComPtr@UITypeInfo2@@@1@@Z 10003a7d f i ElectronicValueRW.obj
 0001:00002aaa       ??$AtlAdd@K@ATL@@YAJPAKKK@Z 10003aaa f i ElectronicValueRW.obj
 0001:00002acd       ??$AtlAdd@_K@ATL@@YAJPA_K_K1@Z 10003acd f i ElectronicValueRW.obj
 0001:00002b05       ??$AtlAddThrow@K@ATL@@YAKKK@Z 10003b05 f i ElectronicValueRW.obj
 0001:00002b2b       ??$AtlModuleRegisterWndClassInfoT@VAtlModuleRegisterWndClassInfoParamW@ATL@@@ATL@@YAGPAU_ATL_BASE_MODULE70@0@PAU_ATL_WIN_MODULE70@0@PAU_ATL_WNDCLASSINFOW@0@PAP6GJPAUHWND__@@IIJ@ZVAtlModuleRegisterWndClassInfoParamW@0@@Z 10003b2b f i ElectronicValueRW.obj
 0001:00002c78       ??$AtlMultiply@H@ATL@@YAJPAHHH@Z 10003c78 f i ElectronicValueRW.obj
 0001:00002cb0       ??$AtlMultiply@I@ATL@@YAJPAIII@Z 10003cb0 f i ElectronicValueRW.obj
 0001:00002cb0       ??$AtlMultiply@K@ATL@@YAJPAKKK@Z 10003cb0 f i ElectronicValueRW.obj
 0001:00002cd2       ??$AtlMultiplyThrow@I@ATL@@YAIII@Z 10003cd2 f i ElectronicValueRW.obj
 0001:00002cf8       ??0?$CComAggObject@VCOPOSElectronicValueRW@@@ATL@@QAE@PAX@Z 10003cf8 f i ElectronicValueRW.obj
 0001:00002d25       ??0?$CComContainedObject@VCOPOSElectronicValueRW@@@ATL@@QAE@PAX@Z 10003d25 f i ElectronicValueRW.obj
 0001:00002dde       ??0?$CComObject@V?$CComEnum@UIEnumConnectionPoints@@$1?_GUID_b196b285_bab4_101a_b69c_00aa00341d07@@3U__s_GUID@@BPAUIConnectionPoint@@V?$_CopyInterface@UIConnectionPoint@@@ATL@@VCComSingleThreadModel@6@@ATL@@@ATL@@QAE@PAX@Z 10003dde f i ElectronicValueRW.obj
 0001:00002e0c       ??0?$CComObject@V?$CComEnum@UIEnumConnections@@$1?_GUID_b196b287_bab4_101a_b69c_00aa00341d07@@3U__s_GUID@@BUtagCONNECTDATA@@V?$_Copy@UtagCONNECTDATA@@@ATL@@VCComSingleThreadModel@6@@ATL@@@ATL@@QAE@PAX@Z 10003e0c f i ElectronicValueRW.obj
 0001:00002e3a       ??0?$CComObject@VCOPOSElectronicValueRW@@@ATL@@QAE@PAX@Z 10003e3a f i ElectronicValueRW.obj
 0001:00002ef1       ??0?$CComQIPtr@UIOleControlSite@@$1?_GUID_b196b289_bab4_101a_b69c_00aa00341d07@@3U__s_GUID@@B@ATL@@QAE@PAUIUnknown@@@Z 10003ef1 f i ElectronicValueRW.obj
 0001:00002f1a       ??0CAtlModule@ATL@@QAE@XZ  10003f1a f i ElectronicValueRW.obj
 0001:00002f5b       ??0CParseBuffer@CRegParser@ATL@@QAE@H@Z 10003f5b f i ElectronicValueRW.obj
 0001:00002f91       ??0_ATL_MSG@ATL@@QAE@PAUHWND__@@IIJH@Z 10003f91 f i ElectronicValueRW.obj
 0001:00002fc9       ??1?$CComAggObject@VCOPOSElectronicValueRW@@@ATL@@UAE@XZ 10003fc9 f i ElectronicValueRW.obj
 0001:00002fed       ??1?$CComEnumImpl@UIEnumConnectionPoints@@$1?_GUID_b196b285_bab4_101a_b69c_00aa00341d07@@3U__s_GUID@@BPAUIConnectionPoint@@V?$_CopyInterface@UIConnectionPoint@@@ATL@@@ATL@@UAE@XZ 10003fed f i ElectronicValueRW.obj
 0001:00003029       ??1?$CComEnumImpl@UIEnumConnections@@$1?_GUID_b196b287_bab4_101a_b69c_00aa00341d07@@3U__s_GUID@@BUtagCONNECTDATA@@V?$_Copy@UtagCONNECTDATA@@@ATL@@@ATL@@UAE@XZ 10004029 f i ElectronicValueRW.obj
 0001:00003065       ??1?$CComObject@V?$CComEnum@UIEnumConnectionPoints@@$1?_GUID_b196b285_bab4_101a_b69c_00aa00341d07@@3U__s_GUID@@BPAUIConnectionPoint@@V?$_CopyInterface@UIConnectionPoint@@@ATL@@VCComSingleThreadModel@6@@ATL@@@ATL@@UAE@XZ 10004065 f i ElectronicValueRW.obj
 0001:00003088       ??1?$CComObject@V?$CComEnum@UIEnumConnections@@$1?_GUID_b196b287_bab4_101a_b69c_00aa00341d07@@3U__s_GUID@@BUtagCONNECTDATA@@V?$_Copy@UtagCONNECTDATA@@@ATL@@VCComSingleThreadModel@6@@ATL@@@ATL@@UAE@XZ 10004088 f i ElectronicValueRW.obj
 0001:000030ab       ??1?$CComObject@VCOPOSElectronicValueRW@@@ATL@@UAE@XZ 100040ab f i ElectronicValueRW.obj
 0001:00003169       ??1?$CComObjectCached@VCComClassFactory@ATL@@@ATL@@UAE@XZ 10004169 f i ElectronicValueRW.obj
 0001:0000317f       ??1?$CComObjectRootEx@VCComMultiThreadModel@ATL@@@ATL@@QAE@XZ 1000417f f i ElectronicValueRW.obj
 0001:00003194       ??1CRegObject@ATL@@UAE@XZ  10004194 f i ElectronicValueRW.obj
 0001:000031b4       ??4?$CComPtr@UIOleClientSite@@@ATL@@QAEPAUIOleClientSite@@PAU2@@Z 100041b4 f i ElectronicValueRW.obj
 0001:000031b4       ??4?$CComPtr@UIAdviseSink@@@ATL@@QAEPAUIAdviseSink@@PAU2@@Z 100041b4 f i ElectronicValueRW.obj
 0001:000031b4       ??4?$CComPtr@UIUnknown@@@ATL@@QAEPAUIUnknown@@PAU2@@Z 100041b4 f i ElectronicValueRW.obj
 0001:000031e2       ??_E?$CComContainedObject@VCOPOSElectronicValueRW@@@ATL@@UAEPAXI@Z 100041e2 f i ElectronicValueRW.obj
 0001:000031e2       ??_G?$CComContainedObject@VCOPOSElectronicValueRW@@@ATL@@UAEPAXI@Z 100041e2 f i ElectronicValueRW.obj
 0001:00003207       ??_E?$CComObject@VCOPOSElectronicValueRW@@@ATL@@UAEPAXI@Z 10004207 f i ElectronicValueRW.obj
 0001:00003207       ??_G?$CComObject@VCOPOSElectronicValueRW@@@ATL@@UAEPAXI@Z 10004207 f i ElectronicValueRW.obj
 0001:0000322c       ?Add@?$CSimpleArray@GV?$CSimpleArrayEqualHelper@G@ATL@@@ATL@@QAEHABG@Z 1000422c f i ElectronicValueRW.obj
 0001:000032a6       ?Add@?$CSimpleMap@PA_WPA_WVCExpansionVectorEqualHelper@ATL@@@ATL@@QAEHABQA_W0@Z 100042a6 f i ElectronicValueRW.obj
 0001:000032fb       ?Add@CComDynamicUnkArray@ATL@@QAEKPAUIUnknown@@@Z 100042fb f i ElectronicValueRW.obj
 0001:000033ac       ?Add@CExpansionVector@ATL@@QAEHPB_W0@Z 100043ac f i ElectronicValueRW.obj
 0001:000034b5       ?AddString@CParseBuffer@CRegParser@ATL@@QAEHPB_W@Z 100044b5 f i ElectronicValueRW.obj
 0001:000034ea       ?AddTermFunc@CAtlModule@ATL@@QAEJP6GXK@ZK@Z 100044ea f i ElectronicValueRW.obj
 0001:00003556       ?AddValue@CRegParser@ATL@@IAEJAAVCRegKey@2@PB_WPA_W@Z 10004556 f i ElectronicValueRW.obj
 0001:00003870       ?Allocate@?$CAtlSafeAllocBufferManager@VCCRTAllocator@ATL@@@_ATL_SAFE_ALLOCA_IMPL@ATL@@QAEPAXK@Z 10004870 f i ElectronicValueRW.obj
 0001:0000389d       ?Allocate@?$CTempBuffer@E$0BAA@VCCRTAllocator@ATL@@@ATL@@QAEPAEI@Z 1000489d f i ElectronicValueRW.obj
 0001:000038cc       ?Allocate@?$CTempBuffer@_W$0BAA@VCCRTAllocator@ATL@@@ATL@@QAEPA_WI@Z 100048cc f i ElectronicValueRW.obj
 0001:000038fb       ?Allocate@?$CTempBuffer@_W$0EAA@VCCRTAllocator@ATL@@@ATL@@QAEPA_WI@Z 100048fb f i ElectronicValueRW.obj
 0001:0000392a       ?AllocateHeap@?$CTempBuffer@_W$0EAA@VCCRTAllocator@ATL@@@ATL@@AAEXI@Z 1000492a f i ElectronicValueRW.obj
 0001:0000392a       ?AllocateHeap@?$CTempBuffer@_W$0BAA@VCCRTAllocator@ATL@@@ATL@@AAEXI@Z 1000492a f i ElectronicValueRW.obj
 0001:0000392a       ?AllocateHeap@?$CTempBuffer@E$0BAA@VCCRTAllocator@ATL@@@ATL@@AAEXI@Z 1000492a f i ElectronicValueRW.obj
 0001:0000394f       ?Append@CParseBuffer@CRegParser@ATL@@QAEHPB_WH@Z 1000494f f i ElectronicValueRW.obj
 0001:000039db       ?AtlCoTaskMemCAlloc@ATL@@YAPAXKK@Z 100049db f i ElectronicValueRW.obj
 0001:00003a08       ?AtlCoTaskMemRecalloc@ATL@@YAPAXPAXKK@Z 10004a08 f i ElectronicValueRW.obj
 0001:00003a38       ?AtlComModuleGetClassObject@ATL@@YGJPAU_ATL_COM_MODULE70@1@ABU_GUID@@1PAPAX@Z 10004a38 f i ElectronicValueRW.obj
 0001:00003b2d       ?AtlComModuleRegisterServer@ATL@@YGJPAU_ATL_COM_MODULE70@1@HPBU_GUID@@@Z 10004b2d f i ElectronicValueRW.obj
 0001:00003bb5       ?AtlComModuleUnregisterServer@ATL@@YGJPAU_ATL_COM_MODULE70@1@HPBU_GUID@@@Z 10004bb5 f i ElectronicValueRW.obj
 0001:00003c3d       ?AtlComQIPtrAssign2@ATL@@YAXPAPAUIUnknown@@PAU2@ABU_GUID@@@Z 10004c3d f i ElectronicValueRW.obj
 0001:00003c6c       ?AtlCreateTargetDC@ATL@@YGPAUHDC__@@PAU2@PAUtagDVTARGETDEVICE@@@Z 10004c6c f i ElectronicValueRW.obj
 0001:00003cd5       ?AtlCrtErrorCheck@ATL@@YAHH@Z 10004cd5 f i ElectronicValueRW.obj
 0001:00003d10       ?AtlHiMetricToPixel@ATL@@YGXPBUtagSIZE@@PAU2@@Z 10004d10 f i ElectronicValueRW.obj
 0001:00003d85       ?AtlHresultFromLastError@ATL@@YAJXZ 10004d85 f i ElectronicValueRW.obj
 0001:00003d9c       ?AtlHresultFromWin32@ATL@@YAJK@Z 10004d9c f i ElectronicValueRW.obj
 0001:00003db1       ?AtlInternalOleLoadFromStream@ATL@@YAJPAUIStream@@ABU_GUID@@PAPAXTClassesAllowedInStream@1@K@Z 10004db1 f i ElectronicValueRW.obj
 0001:00003eda       ?AtlInternalQueryInterface@ATL@@YGJPAXPBU_ATL_INTMAP_ENTRY@1@ABU_GUID@@PAPAX@Z 10004eda f i ElectronicValueRW.obj
 0001:00003f7d       ?AtlLoadTypeLib@ATL@@YGJPAUHINSTANCE__@@PB_WPAPA_WPAPAUITypeLib@@@Z 10004f7d f i ElectronicValueRW.obj
 0001:0000415b       ?AtlRegisterClassCategoriesHelper@ATL@@YGJABU_GUID@@PBU_ATL_CATMAP_ENTRY@1@H@Z 1000515b f i ElectronicValueRW.obj
 0001:00004457       ?AtlRegisterTypeLib@ATL@@YGJPAUHINSTANCE__@@PB_W@Z 10005457 f i ElectronicValueRW.obj
 0001:000045df       ?AtlThrowImpl@ATL@@YGXJ@Z  100055df f i ElectronicValueRW.obj
 0001:000045fd       ?AtlUnRegisterTypeLib@ATL@@YGJPAUHINSTANCE__@@PB_W@Z 100055fd f i ElectronicValueRW.obj
 0001:000046a8       ?AtlWinModuleAddCreateWndData@ATL@@YGXPAU_ATL_WIN_MODULE70@1@PAU_AtlCreateWndData@1@PAX@Z 100056a8 f i ElectronicValueRW.obj
 0001:000046fc       ?AtlWinModuleExtractCreateWndData@ATL@@YGPAXPAU_ATL_WIN_MODULE70@1@@Z 100056fc f i ElectronicValueRW.obj
 0001:00004760       ?AtlWinModuleRegisterClassExW@ATL@@YGGPAU_ATL_WIN_MODULE70@1@PBUtagWNDCLASSEXW@@@Z 10005760 f i ElectronicValueRW.obj
 0001:0000479f       ?CanForceRemoveKey@CRegParser@ATL@@IAEHPB_W@Z 1000579f f i ElectronicValueRW.obj
 0001:000047ce       ?ChToByte@CRegParser@ATL@@KAE_W@Z 100057ce f i ElectronicValueRW.obj
 0001:00004856       ?Cleanup@CComTypeInfoHolder@ATL@@SGXK@Z 10005856 f i ElectronicValueRW.obj
 0001:00004889       ?ClearReplacements@CExpansionVector@ATL@@QAEJXZ 10005889 f i ElectronicValueRW.obj
 0001:000048c6       ?Close@CRegKey@ATL@@QAEJXZ 100058c6 f i ElectronicValueRW.obj
 0001:000048e0       ?CreateInstance@?$CComCreator@V?$CComAggObject@VCOPOSElectronicValueRW@@@ATL@@@ATL@@SGJPAXABU_GUID@@PAPAX@Z 100058e0 f i ElectronicValueRW.obj
 0001:00004955       ?CreateInstance@?$CComCreator@V?$CComObject@VCOPOSElectronicValueRW@@@ATL@@@ATL@@SGJPAXABU_GUID@@PAPAX@Z 10005955 f i ElectronicValueRW.obj
 0001:000049de       ?CreateInstance@?$CComObject@V?$CComEnum@UIEnumConnectionPoints@@$1?_GUID_b196b285_bab4_101a_b69c_00aa00341d07@@3U__s_GUID@@BPAUIConnectionPoint@@V?$_CopyInterface@UIConnectionPoint@@@ATL@@VCComSingleThreadModel@6@@ATL@@@ATL@@SGJPAPAV12@@Z 100059de f i ElectronicValueRW.obj
 0001:00004a28       ?CreateInstance@?$CComObject@V?$CComEnum@UIEnumConnections@@$1?_GUID_b196b287_bab4_101a_b69c_00aa00341d07@@3U__s_GUID@@BUtagCONNECTDATA@@V?$_Copy@UtagCONNECTDATA@@@ATL@@VCComSingleThreadModel@6@@ATL@@@ATL@@SGJPAPAV12@@Z 10005a28 f i ElectronicValueRW.obj
 0001:00004a72       ?DefaultReflectionHandler@?$CWindowImplRoot@VCWindow@ATL@@@ATL@@SAHPAUHWND__@@IIJAAJ@Z 10005a72 f i ElectronicValueRW.obj
 0001:00004b12       ?DeleteSubKey@CRegKey@ATL@@QAEJPB_W@Z 10005b12 f i ElectronicValueRW.obj
 0001:00004b8b       ?DoEvent@COPOSElectronicValueRW@@IAEXIIJ@Z 10005b8b f i ElectronicValueRW.obj
 0001:00004c0b       ?DoVerbHide@?$IOleObjectImpl@VCOPOSElectronicValueRW@@@ATL@@QAEJPBUtagRECT@@PAUHWND__@@@Z 10005c0b f i ElectronicValueRW.obj
 0001:00004c41       ?DoVerbInPlaceActivate@?$IOleObjectImpl@VCOPOSElectronicValueRW@@@ATL@@QAEJPBUtagRECT@@PAUHWND__@@@Z 10005c41 f i ElectronicValueRW.obj
 0001:00004c74       ?DoVerbPrimary@?$IOleObjectImpl@VCOPOSElectronicValueRW@@@ATL@@QAEJPBUtagRECT@@PAUHWND__@@@Z 10005c74 f i ElectronicValueRW.obj
 0001:00004d00       ?DoVerbProperties@CComControlBase@ATL@@QAEJPBUtagRECT@@PAUHWND__@@@Z 10005d00 f i ElectronicValueRW.obj
 0001:00004e7f       ?DoVerbUIActivate@?$IOleObjectImpl@VCOPOSElectronicValueRW@@@ATL@@QAEJPBUtagRECT@@PAUHWND__@@@Z 10005e7f f i ElectronicValueRW.obj
 0001:00004ebc       ?DoesVerbActivate@CComControlBase@ATL@@QAEHJ@Z 10005ebc f i ElectronicValueRW.obj
 0001:00004ee0       ?DoesVerbUIActivate@CComControlBase@ATL@@QAEHJ@Z 10005ee0 f i ElectronicValueRW.obj
 0001:00004f15       ?EndOfVar@CRegParser@ATL@@IAEHXZ 10005f15 f i ElectronicValueRW.obj
 0001:00004f35       ?EscapeSingleQuote@CAtlModule@ATL@@SAXPA_WIPB_W@Z 10005f35 f i ElectronicValueRW.obj
 0001:00004f84       ?FindKey@?$CSimpleMap@PA_WPA_WVCExpansionVectorEqualHelper@ATL@@@ATL@@QBEHABQA_W@Z 10005f84 f i ElectronicValueRW.obj
 0001:00004fbb       ?FireTheEvent@?$CProxy_IOPOSEvents@VCOPOSElectronicValueRW@@@@IAEXPAVOposVariant@@IAAJPB_WJ@Z 10005fbb f i ElectronicValueRW.obj
 0001:0000504d       ?FireViewChange@CComControlBase@ATL@@QAEJXZ 1000604d f i ElectronicValueRW.obj
 0001:00005096       ?Fire_DataEvent@?$CProxy_IOPOSEvents@VCOPOSElectronicValueRW@@@@QAEXJ@Z 10006096 f i ElectronicValueRW.obj
 0001:0000512c       ?Fire_DirectIOEvent@?$CProxy_IOPOSEvents@VCOPOSElectronicValueRW@@@@QAEXJPAJPAPA_W@Z 1000612c f i ElectronicValueRW.obj
 0001:00005218       ?Fire_ErrorEvent@?$CProxy_IOPOSEvents@VCOPOSElectronicValueRW@@@@QAEXJJJPAJ@Z 10006218 f i ElectronicValueRW.obj
 0001:00005309       ?Fire_OutputCompleteEvent@?$CProxy_IOPOSEvents@VCOPOSElectronicValueRW@@@@QAEXJ@Z 10006309 f i ElectronicValueRW.obj
 0001:0000539f       ?Fire_StatusUpdateEvent@?$CProxy_IOPOSEvents@VCOPOSElectronicValueRW@@@@QAEXJ@Z 1000639f f i ElectronicValueRW.obj
 0001:00005435       ?Fire_TransitionEvent@?$CProxy_IOPOSEvents@VCOPOSElectronicValueRW@@@@QAEXJPAJPAPA_W@Z 10006435 f i ElectronicValueRW.obj
 0001:00005521       ?FreeHeap@?$CTempBuffer@E$0BAA@VCCRTAllocator@ATL@@@ATL@@AAEXXZ 10006521 f i ElectronicValueRW.obj
 0001:00005521       ?FreeHeap@?$CTempBuffer@_W$0EAA@VCCRTAllocator@ATL@@@ATL@@AAEXXZ 10006521 f i ElectronicValueRW.obj
 0001:00005521       ?FreeHeap@?$CTempBuffer@_W$0BAA@VCCRTAllocator@ATL@@@ATL@@AAEXXZ 10006521 f i ElectronicValueRW.obj
 0001:0000552a       ?GetAmbientLocaleID@CComControlBase@ATL@@QAEJAAK@Z 1000652a f i ElectronicValueRW.obj
 0001:00005586       ?GetAmbientUserMode@CComControlBase@ATL@@QAEJAAH@Z 10006586 f i ElectronicValueRW.obj
 0001:000055f6       ?GetAt@CComDynamicUnkArray@ATL@@QAEPAUIUnknown@@H@Z 100065f6 f i ElectronicValueRW.obj
 0001:00005612       ?GetClassObject@CComModule@ATL@@QAEJABU_GUID@@0PAPAX@Z 10006612 f i ElectronicValueRW.obj
 0001:000056b4       ?GetConnMap@COPOSElectronicValueRW@@SAPBU_ATL_CONNMAP_ENTRY@ATL@@PAH@Z 100066b4 f i ElectronicValueRW.obj
 0001:00005724       ?GetCookie@CComDynamicUnkArray@ATL@@QAGKPAPAUIUnknown@@@Z 10006724 f i ElectronicValueRW.obj
 0001:0000575c       ?GetIDsOfNames@CComTypeInfoHolder@ATL@@QAEJABU_GUID@@PAPA_WIKPAJ@Z 1000675c f i ElectronicValueRW.obj
 0001:0000587c       ?GetKeyAt@?$CSimpleMap@PA_WPA_WVCExpansionVectorEqualHelper@ATL@@@ATL@@QBEAAPA_WH@Z 1000687c f i ElectronicValueRW.obj
 0001:000058a1       ?GetPagesHelper@?$ISpecifyPropertyPagesImpl@VCOPOSElectronicValueRW@@@ATL@@IAEJPAUtagCAUUID@@PBUATL_PROPMAP_ENTRY@2@@Z 100068a1 f i ElectronicValueRW.obj
 0001:000059c8       ?GetProperty@?$CComPtr@UIDispatch@@@ATL@@SAJPAUIDispatch@@JPAUtagVARIANT@@@Z 100069c8 f i ElectronicValueRW.obj
 0001:00005a17       ?GetSizeMax@CComVariant@ATL@@QBEJPAT_ULARGE_INTEGER@@@Z 10006a17 f i ElectronicValueRW.obj
 0001:00005bd9       ?GetTI@CComTypeInfoHolder@ATL@@QAEJK@Z 10006bd9 f i ElectronicValueRW.obj
 0001:00005db9       ?GetTI@CComTypeInfoHolder@ATL@@QAEJKPAPAUITypeInfo@@@Z 10006db9 f i ElectronicValueRW.obj
 0001:00005df7       ?GetUnknown@CComDynamicUnkArray@ATL@@QAGPAUIUnknown@@K@Z 10006df7 f i ElectronicValueRW.obj
 0001:00005e18       ?GetValueAt@?$CSimpleMap@PA_WPA_WVCExpansionVectorEqualHelper@ATL@@@ATL@@QBEAAPA_WH@Z 10006e18 f i ElectronicValueRW.obj
 0001:00005e3e       ?GetZoomInfo@CComControlBase@ATL@@QAEXAAUATL_DRAWINFO@@@Z 10006e3e f i ElectronicValueRW.obj
 0001:00005ed1       ?HKeyFromString@CRegParser@ATL@@KAPAUHKEY__@@PA_W@Z 10006ed1 f i ElectronicValueRW.obj
 0001:00005eff       ?HasSubKeys@CRegParser@ATL@@IAEHPAUHKEY__@@@Z 10006eff f i ElectronicValueRW.obj
 0001:00005f34       ?IDataObject_GetData@CComControlBase@ATL@@QAEJPAUtagFORMATETC@@PAUtagSTGMEDIUM@@@Z 10006f34 f i ElectronicValueRW.obj
 0001:000060d6       ?IOleInPlaceObject_InPlaceDeactivate@CComControlBase@ATL@@QAEJXZ 100070d6 f i ElectronicValueRW.obj
 0001:0000615d       ?IOleInPlaceObject_SetObjectRects@CComControlBase@ATL@@QAEJPBUtagRECT@@0@Z 1000715d f i ElectronicValueRW.obj
 0001:0000622a       ?IOleInPlaceObject_UIDeactivate@CComControlBase@ATL@@QAEJXZ 1000722a f i ElectronicValueRW.obj
 0001:000062ec       ?IOleObject_Advise@CComControlBase@ATL@@QAEJPAUIAdviseSink@@PAK@Z 100072ec f i ElectronicValueRW.obj
 0001:00006316       ?IOleObject_Close@CComControlBase@ATL@@QAEJK@Z 10007316 f i ElectronicValueRW.obj
 0001:000063fa       ?IOleObject_GetClientSite@CComControlBase@ATL@@QAEJPAPAUIOleClientSite@@@Z 100073fa f i ElectronicValueRW.obj
 0001:00006423       ?IOleObject_SetClientSite@CComControlBase@ATL@@QAEJPAUIOleClientSite@@@Z 10007423 f i ElectronicValueRW.obj
 0001:00006462       ?IOleObject_SetExtent@CComControlBase@ATL@@QAEJKPAUtagSIZE@@@Z 10007462 f i ElectronicValueRW.obj
 0001:00006514       ?IPSI_GetIPersistStreamInit@?$IPersistStorageImpl@VCOPOSElectronicValueRW@@@ATL@@AAEPAUIPersistStreamInit@@XZ 10007514 f i ElectronicValueRW.obj
 0001:000065bc       ?IPersistStreamInit_Load@?$IPersistStreamInitImpl@VCOPOSElectronicValueRW@@@ATL@@QAEJPAUIStream@@PBUATL_PROPMAP_ENTRY@2@@Z 100075bc f i ElectronicValueRW.obj
 0001:00006832       ?IPersistStreamInit_Save@?$IPersistStreamInitImpl@VCOPOSElectronicValueRW@@@ATL@@QAEJPAUIStream@@HPBUATL_PROPMAP_ENTRY@2@@Z 10007832 f i ElectronicValueRW.obj
 0001:00006a21       ?IQuickActivate_QuickActivate@CComControlBase@ATL@@QAEJPAUtagQACONTAINER@@PAUtagQACONTROL@@@Z 10007a21 f i ElectronicValueRW.obj
 0001:00006c63       ?IViewObject_Draw@CComControlBase@ATL@@QAEJKJPAXPAUtagDVTARGETDEVICE@@PAUHDC__@@2PBU_RECTL@@3@Z 10007c63 f i ElectronicValueRW.obj
 0001:00006d0b       ?InPlaceActivate@CComControlBase@ATL@@QAEJJPBUtagRECT@@@Z 10007d0b f i ElectronicValueRW.obj
 0001:00006f7d       ?Init@?$CComEnumImpl@UIEnumConnectionPoints@@$1?_GUID_b196b285_bab4_101a_b69c_00aa00341d07@@3U__s_GUID@@BPAUIConnectionPoint@@V?$_CopyInterface@UIConnectionPoint@@@ATL@@@ATL@@QAEJPAPAUIConnectionPoint@@0PAUIUnknown@@W4CComEnumFlags@2@@Z 10007f7d f i ElectronicValueRW.obj
 0001:00007059       ?Init@?$CComEnumImpl@UIEnumConnections@@$1?_GUID_b196b287_bab4_101a_b69c_00aa00341d07@@3U__s_GUID@@BUtagCONNECTDATA@@V?$_Copy@UtagCONNECTDATA@@@ATL@@@ATL@@QAEJPAUtagCONNECTDATA@@0PAUIUnknown@@W4CComEnumFlags@2@@Z 10008059 f i ElectronicValueRW.obj
 0001:00007135       ?Init@CComModule@ATL@@QAEJPAU_ATL_OBJMAP_ENTRY30@2@PAUHINSTANCE__@@PBU_GUID@@@Z 10008135 f i ElectronicValueRW.obj
 0001:00007194       ?Init@CDynamicStdCallThunk2@ATL@@QAEHKPAX@Z 10008194 f i ElectronicValueRW.obj
 0001:000071bf       ?InlineIsEqualUnknown@ATL@@YGHABU_GUID@@@Z 100081bf f i ElectronicValueRW.obj
 0001:000071e7       ?InternalSetAtIndex@?$CSimpleMap@PA_WPA_WVCExpansionVectorEqualHelper@ATL@@@ATL@@QAEXHABQA_W0@Z 100081e7 f i ElectronicValueRW.obj
 0001:00007211       ?Invoke@CComTypeInfoHolder@ATL@@QAEJPAUIDispatch@@JABU_GUID@@KGPAUtagDISPPARAMS@@PAUtagVARIANT@@PAUtagEXCEPINFO@@PAI@Z 10008211 f i ElectronicValueRW.obj
 0001:00007252       ?IsEqualObject@?$CComPtrBase@UIOleClientSite@@@ATL@@QAE_NPAUIUnknown@@@Z 10008252 f i ElectronicValueRW.obj
 0001:00007252       ?IsEqualObject@?$CComPtrBase@UITypeInfo@@@ATL@@QAE_NPAUIUnknown@@@Z 10008252 f i ElectronicValueRW.obj
 0001:000072be       ?IsSpace@CRegParser@ATL@@IAEH_W@Z 100082be f i ElectronicValueRW.obj
 0001:000072e4       ?LoadNameCache@CComTypeInfoHolder@ATL@@QAEJPAUITypeInfo@@@Z 100082e4 f i ElectronicValueRW.obj
 0001:00007419       ?Lookup@?$CSimpleMap@PA_WPA_WVCExpansionVectorEqualHelper@ATL@@@ATL@@QBEPA_WABQA_W@Z 10008419 f i ElectronicValueRW.obj
 0001:0000743f       ?NextToken@CRegParser@ATL@@IAEJPA_W@Z 1000843f f i ElectronicValueRW.obj
 0001:0000756e       ?OnKillFocus@CComControlBase@ATL@@QAEJIIJAAH@Z 1000856e f i ElectronicValueRW.obj
 0001:000075c9       ?OnMouseActivate@CComControlBase@ATL@@QAEJIIJAAH@Z 100085c9 f i ElectronicValueRW.obj
 0001:00007637       ?OnPaint@CComControlBase@ATL@@QAEJIIJAAH@Z 10008637 f i ElectronicValueRW.obj
 0001:000076ee       ?OnSetFocus@CComControlBase@ATL@@QAEJIIJAAH@Z 100086ee f i ElectronicValueRW.obj
 0001:00007779       ?Open@CRegKey@ATL@@QAEJPAUHKEY__@@PB_WK@Z 10008779 f i ElectronicValueRW.obj
 0001:000077ce       ?PreProcessBuffer@CRegParser@ATL@@QAEJPA_WPAPA_W@Z 100087ce f i ElectronicValueRW.obj
 0001:00007a3e       ?ProcessWindowMessage@?$CComControl@VCOPOSElectronicValueRW@@V?$CWindowImpl@VCOPOSElectronicValueRW@@VCWindow@ATL@@V?$CWinTraits@$0FGAAAAAA@$0A@@3@@ATL@@@ATL@@UAEHPAUHWND__@@IIJAAJK@Z 10008a3e f i ElectronicValueRW.obj
 0001:00007ae6       ?ReadFromStream@CComBSTR@ATL@@QAEJPAUIStream@@@Z 10008ae6 f i ElectronicValueRW.obj
 0001:00007c09       ?ReadFromStream@CComVariant@ATL@@QAEJPAUIStream@@GTClassesAllowedInStream@2@K@Z 10008c09 f i ElectronicValueRW.obj
 0001:00007d93       ?RecurseDeleteKey@CRegKey@ATL@@QAEJPB_W@Z 10008d93 f i ElectronicValueRW.obj
 0001:00007e81       ?RegCreateKeyExW@CAtlTransactionManager@ATL@@QAEJPAUHKEY__@@PB_WKPA_WKKQAU_SECURITY_ATTRIBUTES@@PAPAU3@PAK@Z 10008e81 f i ElectronicValueRW.obj
 0001:00007ee4       ?RegDeleteKeyW@CAtlTransactionManager@ATL@@QAEJPAUHKEY__@@PB_W@Z 10008ee4 f i ElectronicValueRW.obj
 0001:00007f36       ?RegOpenKeyExW@CAtlTransactionManager@ATL@@QAEJPAUHKEY__@@PB_WKKPAPAU3@@Z 10008f36 f i ElectronicValueRW.obj
 0001:00007f8d       ?Register@_ATL_WNDCLASSINFOW@ATL@@QAEGPAP6GJPAUHWND__@@IIJ@Z@Z 10008f8d f i ElectronicValueRW.obj
 0001:00007fad       ?RegisterBuffer@CRegParser@ATL@@QAEJPA_WH@Z 10008fad f i ElectronicValueRW.obj
 0001:000080f4       ?RegisterFromResource@CRegObject@ATL@@IAEJPB_W00H@Z 100090f4 f i ElectronicValueRW.obj
 0001:0000822a       ?RegisterServer@?$CAtlModuleT@VCComModule@ATL@@@ATL@@QAEJHPBU_GUID@@@Z 1000922a f i ElectronicValueRW.obj
 0001:00008258       ?RegisterServer@CComModule@ATL@@QAEJHPBU_GUID@@@Z 10009258 f i ElectronicValueRW.obj
 0001:000082c9       ?RegisterSubkeys@CRegParser@ATL@@IAEJPA_WPAUHKEY__@@HH@Z 100092c9 f i ElectronicValueRW.obj
 0001:00008925       ?Remove@CComDynamicUnkArray@ATL@@QAEHK@Z 10009925 f i ElectronicValueRW.obj
 0001:0000894e       ?RemoveAll@?$CSimpleMap@PA_WPA_WVCExpansionVectorEqualHelper@ATL@@@ATL@@QAEXXZ 1000994e f i ElectronicValueRW.obj
 0001:0000897a       ?ResourceRegisterSz@CRegObject@ATL@@QAGJPB_W00@Z 1000997a f i ElectronicValueRW.obj
 0001:000089a7       ?ResourceUnregisterSz@CRegObject@ATL@@QAGJPB_W00@Z 100099a7 f i ElectronicValueRW.obj
 0001:000089d4       ?SendOnDataChange@CComControlBase@ATL@@QAEJK@Z 100099d4 f i ElectronicValueRW.obj
 0001:00008a21       ?SetControlFocus@CComControlBase@ATL@@QAEHH@Z 10009a21 f i ElectronicValueRW.obj
 0001:00008abc       ?SetMultiStringValue@CRegKey@ATL@@QAEJPB_W0@Z 10009abc f i ElectronicValueRW.obj
 0001:00008b18       ?SetStringValue@CRegKey@ATL@@QAEJPB_W0K@Z 10009b18 f i ElectronicValueRW.obj
 0001:00008b61       ?SkipAssignment@CRegParser@ATL@@IAEJPA_W@Z 10009b61 f i ElectronicValueRW.obj
 0001:00008bcd       ?SkipWhiteSpace@CRegParser@ATL@@IAEXXZ 10009bcd f i ElectronicValueRW.obj
 0001:00008bf6       ?StrChrW@CRegParser@ATL@@KAPA_WPA_W_W@Z 10009bf6 f i ElectronicValueRW.obj
 0001:00008c33       ?Term@CAtlModule@ATL@@QAEXXZ 10009c33 f i ElectronicValueRW.obj
 0001:00008cb0       ?Term@CComModule@ATL@@QAEXXZ 10009cb0 f i ElectronicValueRW.obj
 0001:00008d08       ?UnregisterServer@?$CAtlModuleT@VCComModule@ATL@@@ATL@@QAEJHPBU_GUID@@@Z 10009d08 f i ElectronicValueRW.obj
 0001:00008d2e       ?UnregisterServer@CComModule@ATL@@QAEJHPBU_GUID@@@Z 10009d2e f i ElectronicValueRW.obj
 0001:00008d9f       ?UpdateRegistryFromResource@CAtlModule@ATL@@QAGJIHPAU_ATL_REGMAP_ENTRY@2@@Z 10009d9f f i ElectronicValueRW.obj
 0001:00008f6a       ?UpdateRegistryFromResource@CAtlModule@ATL@@QAGJPB_WHPAU_ATL_REGMAP_ENTRY@2@@Z 10009f6a f i ElectronicValueRW.obj
 0001:0000913b       ?VTFromRegType@CRegParser@ATL@@KAHPB_WAAG@Z 1000a13b f i ElectronicValueRW.obj
 0001:000091a8       ?WindowProc@?$CWindowImplBaseT@VCWindow@ATL@@V?$CWinTraits@$0FGAAAAAA@$0A@@2@@ATL@@SGJPAUHWND__@@IIJ@Z 1000a1a8 f i ElectronicValueRW.obj
 0001:00009296       ?WriteToStream@CComBSTR@ATL@@QAEJPAUIStream@@@Z 1000a296 f i ElectronicValueRW.obj
 0001:000092f8       ?WriteToStream@CComVariant@ATL@@QAEJPAUIStream@@@Z 1000a2f8 f i ElectronicValueRW.obj
 0001:00009472       ?WriteToStream@CComVariant@ATL@@QAEJPAUIStream@@G@Z 1000a472 f i ElectronicValueRW.obj
 0001:000094db       ?_AtlInitialConstruct@?$CComObjectRootEx@VCComMultiThreadModel@ATL@@@ATL@@QAEJXZ 1000a4db f i ElectronicValueRW.obj
 0001:000094f0       ?_AtlVerifyStackAvailable@_ATL_SAFE_ALLOCA_IMPL@ATL@@YA_NK@Z 1000a4f0 f i ElectronicValueRW.obj
 0001:0000956e       ?atlCreate@?$CWindowImpl@VCOPOSElectronicValueRW@@VCWindow@ATL@@V?$CWinTraits@$0FGAAAAAA@$0A@@3@@ATL@@QAEPAUHWND__@@PAU3@V_U_RECT@2@PB_WKKV_U_MENUorID@2@PAX@Z 1000a56e f i ElectronicValueRW.obj
 0001:000095b9       ?atlCreate@?$CWindowImplBaseT@VCWindow@ATL@@V?$CWinTraits@$0FGAAAAAA@$0A@@2@@ATL@@QAEPAUHWND__@@PAU3@V_U_RECT@2@PB_WKKV_U_MENUorID@2@GPAX@Z 1000a5b9 f i ElectronicValueRW.obj
 0001:00009655       ?copy@?$_Copy@UtagCONNECTDATA@@@ATL@@SAJPAUtagCONNECTDATA@@PBU3@@Z 1000a655 f i ElectronicValueRW.obj
 0001:0000968b       ?copy@?$_CopyInterface@UIConnectionPoint@@@ATL@@SAJPAPAUIConnectionPoint@@PBQAU3@@Z 1000a68b f i ElectronicValueRW.obj
 0001:000096b9       ?memcpy_s@Checked@ATL@@YAXPAXIPBXI@Z 1000a6b9 f i ElectronicValueRW.obj
 0001:000096d8       ?ocscpy_s@@YA_NPA_WIPB_W@Z 1000a6d8 f i ElectronicValueRW.obj
 0001:00009722       ?wcscpy_s@Checked@ATL@@YAXPA_WIPB_W@Z 1000a722 f i ElectronicValueRW.obj
 0001:0000973e       _DllCanUnloadNow@0         1000a73e f   ElectronicValueRW.obj
 0001:0000974a       _DllGetClassObject@12      1000a74a f   ElectronicValueRW.obj
 0001:00009758       _DllMain@12                1000a758 f   ElectronicValueRW.obj
 0001:0000979a       _DllRegisterServer@0       1000a79a f   ElectronicValueRW.obj
 0001:000097a9       _DllUnregisterServer@0     1000a7a9 f   ElectronicValueRW.obj
 0001:000097b8       _InlineIsEqualGUID         1000a7b8 f i ElectronicValueRW.obj
 0001:000097e8       ___local_stdio_printf_options 1000a7e8 f i ElectronicValueRW.obj
 0001:000097ee       __vswprintf_s_l            1000a7ee f i ElectronicValueRW.obj
 0001:0000989b       _swprintf_s                1000a89b f i ElectronicValueRW.obj
 0001:000098b7       ??0?$CComControl@VCOPOSElectronicValueRW@@V?$CWindowImpl@VCOPOSElectronicValueRW@@VCWindow@ATL@@V?$CWinTraits@$0FGAAAAAA@$0A@@3@@ATL@@@ATL@@QAE@XZ 1000a8b7 f i ElectronicValueRWImpl.obj
 0001:000098de       ??0?$CProxy_IOPOSEvents@VCOPOSElectronicValueRW@@@@QAE@XZ 1000a8de f i ElectronicValueRWImpl.obj
 0001:00009904       ??0CComControlBase@ATL@@QAE@AAPAUHWND__@@@Z 1000a904 f i ElectronicValueRWImpl.obj
 0001:00009954       ??0COPOSElectronicValueRW@@QAE@XZ 1000a954 f   ElectronicValueRWImpl.obj
 0001:0000998a       ??1?$CComControl@VCOPOSElectronicValueRW@@V?$CWindowImpl@VCOPOSElectronicValueRW@@VCWindow@ATL@@V?$CWinTraits@$0FGAAAAAA@$0A@@3@@ATL@@@ATL@@UAE@XZ 1000a98a f i ElectronicValueRWImpl.obj
 0001:000099a3       ??1?$IConnectionPointImpl@VCOPOSElectronicValueRW@@$1?DIID__IOPOSElectronicValueRWEvents@@3U_GUID@@BVCComDynamicUnkArray@ATL@@@ATL@@QAE@XZ 1000a9a3 f i ElectronicValueRWImpl.obj
 0001:000099a3       ??1?$IConnectionPointImpl@VCOPOSElectronicValueRW@@$1?IID_IPropertyNotifySink@@3U_GUID@@BVCComDynamicUnkArray@ATL@@@ATL@@QAE@XZ 1000a9a3 f i ElectronicValueRWImpl.obj
 0001:000099e0       ??1CComControlBase@ATL@@UAE@XZ 1000a9e0 f i ElectronicValueRWImpl.obj
 0001:00009a43       ??1COPOSElectronicValueRW@@UAE@XZ 1000aa43 f   ElectronicValueRWImpl.obj
 0001:00009a8b       ?AccessDailyLog@COPOSElectronicValueRW@@UAGJJJJPAJ@Z 1000aa8b f   ElectronicValueRWImpl.obj
 0001:00009b21       ?AccessData@COPOSElectronicValueRW@@UAGJJPAJPAPA_W0@Z 1000ab21 f   ElectronicValueRWImpl.obj
 0001:00009bcf       ?AccessLog@COPOSElectronicValueRW@@UAGJJJJPAJ@Z 1000abcf f   ElectronicValueRWImpl.obj
 0001:00009c65       ?ActivateEVService@COPOSElectronicValueRW@@UAGJPAJPAPA_W0@Z 1000ac65 f   ElectronicValueRWImpl.obj
 0001:00009ce5       ?ActivateService@COPOSElectronicValueRW@@UAGJPAJPAPA_W0@Z 1000ace5 f   ElectronicValueRWImpl.obj
 0001:00009d65       ?AddValue@COPOSElectronicValueRW@@UAGJJJPAJ@Z 1000ad65 f   ElectronicValueRWImpl.obj
 0001:00009dd9       ?AuthorizeCompletion@COPOSElectronicValueRW@@UAGJJTtagCY@@0JPAJ@Z 1000add9 f   ElectronicValueRWImpl.obj
 0001:00009e80       ?AuthorizePreSales@COPOSElectronicValueRW@@UAGJJTtagCY@@0JPAJ@Z 1000ae80 f   ElectronicValueRWImpl.obj
 0001:00009f27       ?AuthorizeRefund@COPOSElectronicValueRW@@UAGJJTtagCY@@0JPAJ@Z 1000af27 f   ElectronicValueRWImpl.obj
 0001:00009fce       ?AuthorizeSales@COPOSElectronicValueRW@@UAGJJTtagCY@@0JPAJ@Z 1000afce f   ElectronicValueRWImpl.obj
 0001:0000a075       ?AuthorizeVoid@COPOSElectronicValueRW@@UAGJJTtagCY@@0JPAJ@Z 1000b075 f   ElectronicValueRWImpl.obj
 0001:0000a11c       ?AuthorizeVoidPreSales@COPOSElectronicValueRW@@UAGJJTtagCY@@0JPAJ@Z 1000b11c f   ElectronicValueRWImpl.obj
 0001:0000a1c3       ?BeginDetection@COPOSElectronicValueRW@@UAGJJJPAJ@Z 1000b1c3 f   ElectronicValueRWImpl.obj
 0001:0000a237       ?BeginRemoval@COPOSElectronicValueRW@@UAGJJPAJ@Z 1000b237 f   ElectronicValueRWImpl.obj
 0001:0000a286       ?CancelValue@COPOSElectronicValueRW@@UAGJJJPAJ@Z 1000b286 f   ElectronicValueRWImpl.obj
 0001:0000a2fa       ?CaptureCard@COPOSElectronicValueRW@@UAGJPAJ@Z 1000b2fa f   ElectronicValueRWImpl.obj
 0001:0000a315       ?CashDeposit@COPOSElectronicValueRW@@UAGJJTtagCY@@JPAJ@Z 1000b315 f   ElectronicValueRWImpl.obj
 0001:0000a3ae       ?CheckCard@COPOSElectronicValueRW@@UAGJJJPAJ@Z 1000b3ae f   ElectronicValueRWImpl.obj
 0001:0000a422       ?CheckHealth@COPOSElectronicValueRW@@UAGJJPAJ@Z 1000b422 f   ElectronicValueRWImpl.obj
 0001:0000a471       ?CheckServiceRegistrationToMedium@COPOSElectronicValueRW@@UAGJJJPAJ@Z 1000b471 f   ElectronicValueRWImpl.obj
 0001:0000a4e5       ?ClaimDevice@COPOSElectronicValueRW@@UAGJJPAJ@Z 1000b4e5 f   ElectronicValueRWImpl.obj
 0001:0000a55a       ?ClearInput@COPOSElectronicValueRW@@UAGJPAJ@Z 1000b55a f   ElectronicValueRWImpl.obj
 0001:0000a575       ?ClearInputProperties@COPOSElectronicValueRW@@UAGJPAJ@Z 1000b575 f   ElectronicValueRWImpl.obj
 0001:0000a590       ?ClearOutput@COPOSElectronicValueRW@@UAGJPAJ@Z 1000b590 f   ElectronicValueRWImpl.obj
 0001:0000a5ab       ?ClearParameterInformation@COPOSElectronicValueRW@@UAGJPAJ@Z 1000b5ab f   ElectronicValueRWImpl.obj
 0001:0000a5c6       ?Close@COPOSElectronicValueRW@@UAGJPAJ@Z 1000b5c6 f   ElectronicValueRWImpl.obj
 0001:0000a634       ?CloseDailyEVService@COPOSElectronicValueRW@@UAGJPAJPAPA_W0@Z 1000b634 f   ElectronicValueRWImpl.obj
 0001:0000a6b4       ?CompareFirmwareVersion@COPOSElectronicValueRW@@UAGJPA_WPAJ1@Z 1000b6b4 f   ElectronicValueRWImpl.obj
 0001:0000a734       ?DeactivateEVService@COPOSElectronicValueRW@@UAGJPAJPAPA_W0@Z 1000b734 f   ElectronicValueRWImpl.obj
 0001:0000a7b4       ?DirectIO@COPOSElectronicValueRW@@UAGJJPAJPAPA_W0@Z 1000b7b4 f   ElectronicValueRWImpl.obj
 0001:0000a862       ?DoInvoke@COPOSElectronicValueRW@@IAEJJPAVOposVariant@@IHPAJ_N@Z 1000b862 f   ElectronicValueRWImpl.obj
 0001:0000a93e       ?EndDetection@COPOSElectronicValueRW@@UAGJPAJ@Z 1000b93e f   ElectronicValueRWImpl.obj
 0001:0000a959       ?EndRemoval@COPOSElectronicValueRW@@UAGJPAJ@Z 1000b959 f   ElectronicValueRWImpl.obj
 0001:0000a974       ?EnumerateCardServices@COPOSElectronicValueRW@@UAGJPAJ@Z 1000b974 f   ElectronicValueRWImpl.obj
 0001:0000a98f       ?EventClose@COPOSElectronicValueRW@@IAEXXZ 1000b98f f i ElectronicValueRWImpl.obj
 0001:0000a9c2       ?EventInit@COPOSElectronicValueRW@@IAEJXZ 1000b9c2 f i ElectronicValueRWImpl.obj
 0001:0000aa96       ?EventUninit@COPOSElectronicValueRW@@IAEXXZ 1000ba96 f i ElectronicValueRWImpl.obj
 0001:0000aae8       ?EventWindowProc@COPOSElectronicValueRW@@IAGJIIJ@Z 1000bae8 f i ElectronicValueRWImpl.obj
 0001:0000ac1d       ?FinalConstruct@COPOSElectronicValueRW@@QAEJXZ 1000bc1d f   ElectronicValueRWImpl.obj
 0001:0000ac56       ?FireEventCleanup@COPOSElectronicValueRW@@IAEXXZ 1000bc56 f i ElectronicValueRWImpl.obj
 0001:0000ac6c       ?FireEventSetup@COPOSElectronicValueRW@@IAE_NXZ 1000bc6c f i ElectronicValueRWImpl.obj
 0001:0000aca0       ?FreezeEvents@COPOSElectronicValueRW@@MAGJH@Z 1000bca0 f   ElectronicValueRWImpl.obj
 0001:0000acf9       ?GetOposProp@COPOSElectronicValueRW@@IAEJJPAFJ@Z 1000bcf9 f   ElectronicValueRWImpl.obj
 0001:0000ad1c       ?GetOposProp@COPOSElectronicValueRW@@IAEJJPAJJ@Z 1000bd1c f   ElectronicValueRWImpl.obj
[...]
 0002:00006be0       LOG10_2                    10028be0     libucrt:log10_pentium4.obj
 0002:00006bf0       place_L                    10028bf0     libucrt:log10_pentium4.obj
 0002:00006c10       One                        10028c10     libucrt:log10_pentium4.obj
 0002:00006c20       Zero                       10028c20     libucrt:log10_pentium4.obj
 0002:00006c30       Two52                      10028c30     libucrt:log10_pentium4.obj
 0002:00006c40       Infs                       10028c40     libucrt:log10_pentium4.obj
 0002:00006c50       NaN                        10028c50     libucrt:log10_pentium4.obj
 0002:00006c60       coeff                      10028c60     libucrt:log10_pentium4.obj
 0002:00006cbe       _log2max                   10028cbe     libucrt:87tran.obj
 0002:00006cc8       _smallarg                  10028cc8     libucrt:87tran.obj
 0002:00006cd2       _half                      10028cd2     libucrt:87tran.obj
 0002:00006d1e       One                        10028d1e     libucrt:87disp.obj
 0002:00006d26       Three                      10028d26     libucrt:87disp.obj
 0002:00006d2e       XAMtoTagTab                10028d2e     libucrt:87disp.obj
 0002:00006d40       One                        10028d40     libucrt:common.obj
 0002:00006d54       DblMax                     10028d54     libucrt:common.obj
 0002:00006d5c       DblMin                     10028d5c     libucrt:common.obj
 0002:00006d64       IeeeAdjO                   10028d64     libucrt:common.obj
 0002:00006d6c       IeeeAdjU                   10028d6c     libucrt:common.obj
 0002:00006d74       _infinity                  10028d74     libucrt:common.obj
 0002:00006d7c       _zero                      10028d7c     libucrt:common.obj
 0002:00006dc8       _over                      10028dc8     libucrt:fpctrl.obj
 0002:00006dd4       _under                     10028dd4     libucrt:fpctrl.obj
 0002:00007608       ?_names@?1??_get_fname@@9@4QBU<unnamed-type-_names>@?1??1@YAPADI@Z@B 10029608     libucrt:fpexcept.obj
 0002:000077b0       two32                      100297b0     LIBCMT:ftol2.obj
 0002:000077b4       two63                      100297b4     LIBCMT:ftol2.obj
 0002:000077b8       _NaN                       100297b8     LIBCMT:ftol2.obj
 0002:00007f18       __sehtable$?_AtlVerifyStackAvailable@_ATL_SAFE_ALLOCA_IMPL@ATL@@YA_NK@Z 10029f18     ElectronicValueRW.obj
 0002:00007f38       __sehtable$___scrt_is_nonwritable_in_current_image 10029f38     LIBCMT:utility.obj
 0002:00007f54       __catchsym$??2@YAPAXIABUnothrow_t@std@@@Z$2 10029f54     LIBCMT:new_scalar_nothrow.obj
 0002:00007f64       __unwindtable$??2@YAPAXIABUnothrow_t@std@@@Z 10029f64     LIBCMT:new_scalar_nothrow.obj
 0002:00007f74       __tryblocktable$??2@YAPAXIABUnothrow_t@std@@@Z 10029f74     LIBCMT:new_scalar_nothrow.obj
 0002:00007f88       __ehfuncinfo$??2@YAPAXIABUnothrow_t@std@@@Z 10029f88     LIBCMT:new_scalar_nothrow.obj
 0002:00007fb0       __sehtable$?dllmain_crt_process_attach@@YAHQAUHINSTANCE__@@QAX@Z 10029fb0     LIBCMT:dll_dllmain.obj
 0002:00007fd0       __sehtable$?dllmain_crt_process_detach@@YAH_N@Z 10029fd0     LIBCMT:dll_dllmain.obj
 0002:00007ff8       __sehtable$?dllmain_dispatch@@YAHQAUHINSTANCE__@@KQAX@Z 10029ff8     LIBCMT:dll_dllmain.obj
 0002:000080a8       __sehtable$___DestructExceptionObject 1002a0a8     libvcruntime:ehhelpers.obj
 0002:000080c8       __sehtable$?FrameUnwindToState@__FrameHandler3@@SAXPAUEHRegistrationNode@@PAXPBU_s_FuncInfo@@H@Z 1002a0c8     libvcruntime:frame.obj
 0002:000080f0       __sehtable$?CallCatchBlock@@YAPAXPAUEHExceptionRecord@@PAUEHRegistrationNode@@PAU_CONTEXT@@PBU_s_FuncInfo@@PAXHK@Z 1002a0f0     libvcruntime:frame.obj
 0002:00008118       __catchsym$?CallUnexpected@@YAXPBU_s_ESTypeList@@@Z$2 1002a118     libvcruntime:frame.obj
 0002:00008128       __unwindtable$?CallUnexpected@@YAXPBU_s_ESTypeList@@@Z 1002a128     libvcruntime:frame.obj
 0002:00008138       __tryblocktable$?CallUnexpected@@YAXPBU_s_ESTypeList@@@Z 1002a138     libvcruntime:frame.obj
 0002:0000814c       __ehfuncinfo$?CallUnexpected@@YAXPBU_s_ESTypeList@@@Z 1002a14c     libvcruntime:frame.obj
 0002:00008170       __sehtable$??$BuildCatchObjectHelperInternal@V__FrameHandler3@@@@YAHPAUEHExceptionRecord@@PAXPBU_s_HandlerType@@PBU_s_CatchableType@@@Z 1002a170     libvcruntime:frame.obj
 0002:00008190       __sehtable$??$BuildCatchObjectInternal@V__FrameHandler3@@@@YAXPAUEHExceptionRecord@@PAXPBU_s_HandlerType@@PBU_s_CatchableType@@@Z 1002a190     libvcruntime:frame.obj
 0002:000081e4       __ehfuncinfo$?write_double_translated_ansi_nolock@@YA?AUwrite_result@?A0x17268360@@HQBDIAAV__crt_cached_ptd_host@@@Z 1002a1e4     libucrt:write.obj
 0002:000081e4       __ehfuncinfo$?try_cor_exit_process@@YAXI@Z 1002a1e4     libucrt:exit.obj
 0002:00008208       __unwindtable$?common_exit@@YAXHW4_crt_exit_cleanup_mode@@W4_crt_exit_return_mode@@@Z 1002a208     libucrt:exit.obj
 0002:00008210       __ehfuncinfo$?common_exit@@YAXHW4_crt_exit_cleanup_mode@@W4_crt_exit_return_mode@@@Z 1002a210     libucrt:exit.obj
 0002:00008238       __sehtable$??R<lambda_6e4b09c48022b2350581041d5f6b0c4c>@@QBE@XZ 1002a238     libucrt:exit.obj
 0002:00008258       __sehtable$??$?RV<lambda_03b1d95aef87969028cfba75ccab2455>@@AAV<lambda_6e4b09c48022b2350581041d5f6b0c4c>@@V<lambda_22bdf7517842c4b3e53723af5aa32b9e>@@@?$__crt_seh_guarded_call@X@@QAEX$$QAV<lambda_03b1d95aef87969028cfba75ccab2455>@@AAV<lambda_6e4b09c48022b2350581041d5f6b0c4c>@@$$QAV<lambda_22bdf7517842c4b3e53723af5aa32b9e>@@@Z 1002a258     libucrt:exit.obj
 0002:00008274       __unwindtable$___dcrt_uninitialize_environments_nolock 1002a274     libucrt:environment_initialization.obj
 0002:00008284       __ehfuncinfo$___dcrt_uninitialize_environments_nolock 1002a284     libucrt:environment_initialization.obj
 0002:000082a8       __unwindtable$__execute_onexit_table 1002a2a8     libucrt:onexit.obj
 0002:000082b0       __ehfuncinfo$__execute_onexit_table 1002a2b0     libucrt:onexit.obj
 0002:000082d8       __sehtable$??$?RV<lambda_8e746cf0007f6ed984d6f78af1fec997>@@AAV<lambda_22ebabd17bc4fa466a2aca6d8deb888d>@@V<lambda_18ed0c0b38a6dc0daf1e7ac6d6adf05e>@@@?$__crt_seh_guarded_call@H@@QAEH$$QAV<lambda_8e746cf0007f6ed984d6f78af1fec997>@@AAV<lambda_22ebabd17bc4fa466a2aca6d8deb888d>@@$$QAV<lambda_18ed0c0b38a6dc0daf1e7ac6d6adf05e>@@@Z 1002a2d8     libucrt:onexit.obj
 0002:000082f8       __sehtable$??$?RV<lambda_69a2805e680e0e292e8ba93315fe43a8>@@AAV<lambda_f03950bc5685219e0bcd2087efbe011e>@@V<lambda_03fcd07e894ec930e3f35da366ca99d6>@@@?$__crt_seh_guarded_call@H@@QAEH$$QAV<lambda_69a2805e680e0e292e8ba93315fe43a8>@@AAV<lambda_f03950bc5685219e0bcd2087efbe011e>@@$$QAV<lambda_03fcd07e894ec930e3f35da366ca99d6>@@@Z 1002a2f8     libucrt:onexit.obj
 0002:00008318       __sehtable$__query_new_handler 1002a318     libucrt:new_handler.obj
 0002:00008338       __sehtable$_terminate      1002a338     libucrt:terminate.obj
 0002:00008358       __sehtable$??$?RV<lambda_15ade71b0218206bbe3333a0c9b79046>@@AAV<lambda_da44e0f8b0f19ba52fefafb335991732>@@V<lambda_207f2d024fc103971653565357d6cd41>@@@?$__crt_seh_guarded_call@X@@QAEX$$QAV<lambda_15ade71b0218206bbe3333a0c9b79046>@@AAV<lambda_da44e0f8b0f19ba52fefafb335991732>@@$$QAV<lambda_207f2d024fc103971653565357d6cd41>@@@Z 1002a358     libucrt:per_thread_data.obj
 0002:00008378       __sehtable$??$?RV<lambda_a7e850c220f1c8d1e6efeecdedd162c6>@@AAV<lambda_46720907175c18b6c9d2717bc0d2d362>@@V<lambda_9048902d66e8d99359bc9897bbb930a8>@@@?$__crt_seh_guarded_call@X@@QAEX$$QAV<lambda_a7e850c220f1c8d1e6efeecdedd162c6>@@AAV<lambda_46720907175c18b6c9d2717bc0d2d362>@@$$QAV<lambda_9048902d66e8d99359bc9897bbb930a8>@@@Z 1002a378     libucrt:per_thread_data.obj
 0002:00008398       __sehtable$??$?RV<lambda_38edbb1296d33220d7e4dd0ed76b244a>@@AAV<lambda_5ce1d447e08cb34b2473517608e21441>@@V<lambda_fb385d3da700c9147fc39e65dd577a8c>@@@?$__crt_seh_guarded_call@X@@QAEX$$QAV<lambda_38edbb1296d33220d7e4dd0ed76b244a>@@AAV<lambda_5ce1d447e08cb34b2473517608e21441>@@$$QAV<lambda_fb385d3da700c9147fc39e65dd577a8c>@@@Z 1002a398     libucrt:per_thread_data.obj
 0002:000083b8       __sehtable$??$?RV<lambda_6affb1475c98b40b75cdec977db92e3c>@@AAV<lambda_b8d4b9c228a6ecc3f80208dbb4b4a104>@@V<lambda_608742c3c92a14382c1684fc64f96c88>@@@?$__crt_seh_guarded_call@X@@QAEX$$QAV<lambda_6affb1475c98b40b75cdec977db92e3c>@@AAV<lambda_b8d4b9c228a6ecc3f80208dbb4b4a104>@@$$QAV<lambda_608742c3c92a14382c1684fc64f96c88>@@@Z 1002a3b8     libucrt:per_thread_data.obj
 0002:000083d8       __sehtable$??$?RV<lambda_e5124f882df8998aaf41531e079ba474>@@AAV<lambda_3e16ef9562a7dcce91392c22ab16ea36>@@V<lambda_e25ca0880e6ef98be67edffd8c599615>@@@?$__crt_seh_guarded_call@X@@QAEX$$QAV<lambda_e5124f882df8998aaf41531e079ba474>@@AAV<lambda_3e16ef9562a7dcce91392c22ab16ea36>@@$$QAV<lambda_e25ca0880e6ef98be67edffd8c599615>@@@Z 1002a3d8     libucrt:wsetlocale.obj
 0002:000083f8       __sehtable$___acrt_initialize_lowio 1002a3f8     libucrt:ioinit.obj
 0002:00008418       __sehtable$?update_thread_multibyte_data_internal@@YAPAU__crt_multibyte_data@@QAU__acrt_ptd@@QAPAU1@@Z 1002a418     libucrt:mbctype.obj
 0002:00008438       __sehtable$??$?RV<lambda_ceb1ee4838e85a9d631eb091e2fbe199>@@AAV<lambda_ae742caa10f662c28703da3d2ea5e57e>@@V<lambda_cd08b5d6af4937fe54fc07d0c9bf6b37>@@@?$__crt_seh_guarded_call@X@@QAEX$$QAV<lambda_ceb1ee4838e85a9d631eb091e2fbe199>@@AAV<lambda_ae742caa10f662c28703da3d2ea5e57e>@@$$QAV<lambda_cd08b5d6af4937fe54fc07d0c9bf6b37>@@@Z 1002a438     libucrt:mbctype.obj
 0002:00008458       __sehtable$_raise          1002a458     libucrt:signal.obj
 0002:00008478       __sehtable$??$?RV<lambda_cbab9ec6f41b0180b23cc171c22676b0>@@AAV<lambda_44731a7d0e6d81c3e6aa82d741081786>@@V<lambda_4b292cb8dd18144e164572427af410ab>@@@?$__crt_seh_guarded_call@P6AXH@Z@@QAEP6AXH@Z$$QAV<lambda_cbab9ec6f41b0180b23cc171c22676b0>@@AAV<lambda_44731a7d0e6d81c3e6aa82d741081786>@@$$QAV<lambda_4b292cb8dd18144e164572427af410ab>@@@Z 1002a478     libucrt:signal.obj
 0002:00008498       __sehtable$??$?RV<lambda_2866be3712abc81a800a822484c830d8>@@AAV<lambda_39ca0ed439415581b5b15c265174cece>@@V<lambda_2b24c74d71094a6cd0cb82e44167d71b>@@@?$__crt_seh_guarded_call@X@@QAEX$$QAV<lambda_2866be3712abc81a800a822484c830d8>@@AAV<lambda_39ca0ed439415581b5b15c265174cece>@@$$QAV<lambda_2b24c74d71094a6cd0cb82e44167d71b>@@@Z 1002a498     libucrt:fflush.obj
 0002:000084b8       __sehtable$??$?RV<lambda_2cc53f568c5a2bb6f192f930a45d44ea>@@AAV<lambda_ab61a845afdef5b7c387490eaf3616ee>@@V<lambda_c2ffc0b7726aa6be21d5f0026187e748>@@@?$__crt_seh_guarded_call@X@@QAEX$$QAV<lambda_2cc53f568c5a2bb6f192f930a45d44ea>@@AAV<lambda_ab61a845afdef5b7c387490eaf3616ee>@@$$QAV<lambda_c2ffc0b7726aa6be21d5f0026187e748>@@@Z 1002a4b8     libucrt:fflush.obj
 0002:000084d8       __sehtable$___acrt_update_thread_locale_data 1002a4d8     libucrt:locale_refcounting.obj
 0002:000084f8       __sehtable$__fcloseall     1002a4f8     libucrt:closeall.obj
 0002:00008518       __sehtable$___acrt_lowio_ensure_fh_exists 1002a518     libucrt:osfinfo.obj
 0002:00008538       __sehtable$??$?RV<lambda_9e9de3de5fa147e2223d7db92bc10aa6>@@AAV<lambda_38ce7e780aa69e748d6df282ebc68efe>@@V<lambda_8ca6da459f0f6780f1cff60fdc3d00e5>@@@?$__crt_seh_guarded_call@H@@QAEH$$QAV<lambda_9e9de3de5fa147e2223d7db92bc10aa6>@@AAV<lambda_38ce7e780aa69e748d6df282ebc68efe>@@$$QAV<lambda_8ca6da459f0f6780f1cff60fdc3d00e5>@@@Z 1002a538     libucrt:commit.obj
 0002:00008558       __sehtable$__write_internal 1002a558     libucrt:write.obj
 0002:00008578       __sehtable$?_fclose_internal@@YAHQAU_iobuf@@AAV__crt_cached_ptd_host@@@Z 1002a578     libucrt:fclose.obj
 0002:00008598       __sehtable$??$?RV<lambda_d422a76eb4c3bf3ad751449ab71a6ea4>@@AAV<lambda_c9ba49e555ba839a7b07aa3fbecb7617>@@V<lambda_9476263c8ee91a25d21c55370bdb50de>@@@?$__crt_seh_guarded_call@H@@QAEH$$QAV<lambda_d422a76eb4c3bf3ad751449ab71a6ea4>@@AAV<lambda_c9ba49e555ba839a7b07aa3fbecb7617>@@$$QAV<lambda_9476263c8ee91a25d21c55370bdb50de>@@@Z 1002a598     libucrt:close.obj
 0002:000085b8       __sehtable$___set_fpsr_sse2 1002a5b8     libucrt:fpctrl.obj
 0002:000085d8       __sehtable$__IsNonwritableInCurrentImage 1002a5d8     LIBCMT:pesect.obj
 0002:00008600       .edata                     1002a600     OPOSElectronicValueRW.exp
 0002:00008628       rgpv                       1002a628     OPOSElectronicValueRW.exp
 0002:00008638       rgszName                   1002a638     OPOSElectronicValueRW.exp
 0002:00008648       rgwOrd                     1002a648     OPOSElectronicValueRW.exp
 0002:00008650       szName                     1002a650     OPOSElectronicValueRW.exp
 0002:0000866a       $N00001                    1002a66a     OPOSElectronicValueRW.exp
 0002:0000867a       $N00002                    1002a67a     OPOSElectronicValueRW.exp
 0002:0000868c       $N00003                    1002a68c     OPOSElectronicValueRW.exp
 0002:0000869e       $N00004                    1002a69e     OPOSElectronicValueRW.exp
 0002:00008cae       .idata$6                   1002acae     kernel32:KERNEL32.dll
 0002:00008ec2       .idata$6                   1002aec2     user32:USER32.dll
 0002:00008ff6       .idata$6                   1002aff6     gdi32:GDI32.dll
 0002:0000909c       .idata$6                   1002b09c     advapi32:ADVAPI32.dll
 0002:000091b8       .idata$6                   1002b1b8     ole32:ole32.dll
 0002:000091c2       .idata$6                   1002b1c2     oleaut32:OLEAUT32.dll
 0003:00000110       ?ObjectMap@@3PAU_ATL_OBJMAP_ENTRY30@ATL@@A 1002c110     ElectronicValueRW.obj
 0003:000001e8       ?s_SOMethodNames@@3PAPADA  1002c1e8     ElectronicValueRWImpl.obj
 0003:000002f4       ?s_RequiredMethodsPerRelease@@3PAHA 1002c2f4     ElectronicValueRWImpl.obj
 0003:00000320       ?__vcrt_flsindex@@3KA      1002c320     libvcruntime:per_thread_data.obj
 0003:00000340       ?errno_no_memory@@3HA      1002c340     libucrt:errno.obj
 0003:00000344       ?doserrno_no_memory@@3KA   1002c344     libucrt:errno.obj
 0003:00000350       ?__acrt_flsindex@@3KA      1002c350     libucrt:per_thread_data.obj
 0003:000006e8       __mbctypes                 1002c6e8     libucrt:mbctype.obj
 0003:000007f0       __mbcasemaps               1002c7f0     libucrt:mbctype.obj
 0003:000008f0       ?__rgctypeflag@@3PADA      1002c8f0     libucrt:mbctype.obj
 0003:000008f8       ?__rgcode_page_info@@3PAUcode_page_info@@A 1002c8f8     libucrt:mbctype.obj
 0003:00000b50       ?__dcrt_lowio_console_output_handle@@3PAXA 1002cb50     libucrt:initcon.obj
 0003:00000b54       ?__DAZ_ENABLED@?1??__set_fpsr_sse2@@9@9 1002cb54     libucrt:fpctrl.obj
 0003:00000ce8       ?is_initialized_as_dll@@3_NA 1002cce8     LIBCMT:utility.obj
 0003:00000ce9       ?module_local_atexit_table_initialized@@3_NA 1002cce9     LIBCMT:utility.obj
 0003:00000cec       ?module_local_atexit_table@@3U_onexit_table_t@@A 1002ccec     LIBCMT:utility.obj
 0003:00000cf8       ?module_local_at_quick_exit_table@@3U_onexit_table_t@@A 1002ccf8     LIBCMT:utility.obj
 0003:00000d04       ?g_tss_cv@@3U_RTL_CONDITION_VARIABLE@@A 1002cd04     LIBCMT:thread_safe_statics.obj
 0003:00000d08       ?g_tss_event@@3PAXA        1002cd08     LIBCMT:thread_safe_statics.obj
 0003:00000d0c       ?g_tss_mutex@@3U_RTL_CRITICAL_SECTION@@A 1002cd0c     LIBCMT:thread_safe_statics.obj
 0003:00000d24       ?g_sleep_condition_variable_cs@@3P6GHPAU_RTL_CONDITION_VARIABLE@@PAU_RTL_CRITICAL_SECTION@@K@ZA 1002cd24     LIBCMT:thread_safe_statics.obj
 0003:00000d28       ?g_wake_all_condition_variable@@3P6GXPAU_RTL_CONDITION_VARIABLE@@@ZA 1002cd28     LIBCMT:thread_safe_statics.obj
 0003:00000d30       _GS_ExceptionRecord        1002cd30     LIBCMT:gs_report.obj
 0003:00000d80       _GS_ContextRecord          1002cd80     LIBCMT:gs_report.obj
 0003:00001050       ?__proc_attached@@3HA      1002d050     LIBCMT:dll_dllmain.obj
 0003:000010ac       ?AllocateData@@3P6GPAUAtlThunkData_t@@XZA 1002d0ac     atls:atlthunk.obj
 0003:000010b0       ?InitData@@3P6GXPAUAtlThunkData_t@@PAXI@ZA 1002d0b0     atls:atlthunk.obj
 0003:000010b4       ?DataToCode@@3P6GP6GJPAUHWND__@@IIJ@ZPAUAtlThunkData_t@@@ZA 1002d0b4     atls:atlthunk.obj
 0003:000010b8       ?FreeData@@3P6GXPAUAtlThunkData_t@@@ZA 1002d0b8     atls:atlthunk.obj
 0003:000010bc       ?Initialized@@3_NA         1002d0bc     atls:atlthunk.obj
 0003:000010cc       ?__vcrt_startup_thread_ptd@@3U__vcrt_ptd@@A 1002d0cc     libvcruntime:per_thread_data.obj
 0003:000010f4       ___vcrt_lock_table         1002d0f4     libvcruntime:locks.obj
 0003:0000110c       ___vcrt_locks_initialized  1002d10c     libvcruntime:locks.obj
 0003:00001138       ?heap@@3V_HeapManager@@A   1002d138     libvcruntime:undname.obj
 0003:0000114c       ?module_handles@@3PAPAUHINSTANCE__@@A 1002d14c     libvcruntime:winapi_downlevel.obj
 0003:00001158       ?function_pointers@@3PAPAXA 1002d158     libvcruntime:winapi_downlevel.obj
 0003:0000116c       ?__acrt_invalid_parameter_handler@@3V?$dual_state_global@P6AXPB_W00II@Z@__crt_state_management@@A 1002d16c     libucrt:invalid_parameter.obj
 0003:00001170       ?c_termination_complete@@3JA 1002d170     libucrt:exit.obj
 0003:00001174       ?thread_local_exit_callback_func@@3P6GXPAXK0@ZA 1002d174     libucrt:exit.obj
 0003:00001180       ?program_name@?1???$common_configure_argv@D@@YAHW4_crt_argv_mode@@@Z@4PADA 1002d180     libucrt:argv_parsing.obj
 0003:000012b0       ?__acrt_new_handler@@3V?$dual_state_global@P6AHI@Z@__crt_state_management@@A 1002d2b0     libucrt:new_handler.obj
 0003:000012c0       ?module_handles@@3PAPAUHINSTANCE__@@A 1002d2c0     libucrt:winapi_thunks.obj
 0003:00001310       ?encoded_function_pointers@@3PAPAXA 1002d310     libucrt:winapi_thunks.obj
 0003:00001398       ?internal_state@?1??_mbtowc_internal@@9@4U_Mbstatet@@A 1002d398     libucrt:mbtowc.obj
 0003:000013a8       ?enable_percent_n@@3IA     1002d3a8     libucrt:printf_count_output.obj
 0003:000015c0       ?__acrt_lock_table@@3PAU_RTL_CRITICAL_SECTION@@A 1002d5c0     libucrt:locks.obj
 0003:00001710       ?__acrt_locks_initialized@@3IA 1002d710     libucrt:locks.obj
 0003:00001720       ?fSystemSet@@3HA           1002d720     libucrt:mbctype.obj
 0003:00001724       ?initialized@?1??__acrt_initialize_multibyte@@9@4_NA 1002d724     libucrt:mbctype.obj
 0003:00001744       ?ctrlc_action@@3V?$dual_state_global@P6AXH@Z@__crt_state_management@@A 1002d744     libucrt:signal.obj
 0003:00001748       ?ctrlbreak_action@@3V?$dual_state_global@P6AXH@Z@__crt_state_management@@A 1002d748     libucrt:signal.obj
 0003:0000174c       ?abort_action@@3V?$dual_state_global@P6AXH@Z@__crt_state_management@@A 1002d74c     libucrt:signal.obj
 0003:00001750       ?term_action@@3V?$dual_state_global@P6AXH@Z@__crt_state_management@@A 1002d750     libucrt:signal.obj
 0003:00001754       ?user_matherr@@3V?$dual_state_global@P6AHPAU_exception@@@Z@__crt_state_management@@A 1002d754     libucrt:matherr.obj
 0003:00001760       ?__acrt_global_new_mode@@3V?$dual_state_global@J@__crt_state_management@@A 1002d760     libucrt:new_mode.obj
 0003:00001764       ?internal_pst@?1??__mbrtoc32_utf8@__crt_mbstring@@YAIPA_UPBDIPAU_Mbstatet@@AAV__crt_cached_ptd_host@@@Z@4U3@A 1002d764     libucrt:mbrtoc32.obj
 0003:0000176c       ?__acrt_app_type@@3W4_crt_app_type@@A 1002d76c     libucrt:report_runtime_error.obj
 0003:00001774       __pmatherr_set             1002d774     libucrt:libm_error.obj
 0004:00000220       $R000000                   1002e220     ElectronicValueRW.res
 0004:00000be0       $R0009C0                   1002ebe0     ElectronicValueRW.res
 0004:00000cc8       $R000AA8                   1002ecc8     ElectronicValueRW.res
 0004:00000f30       $R000D10                   1002ef30     ElectronicValueRW.res
 0004:00001470       $R001250                   1002f470     ElectronicValueRW.res
 0004:00007f50       $R007D30                   10035f50     ElectronicValueRW.res
 0004:00007f98       $R007D78                   10035f98     ElectronicValueRW.res
