 OPOSPointCardRW

 Timestamp is 61a75ae6 (Wed Dec  1 20:22:14 2021)

 Preferred load address is 10000000

 Start         Length     Name                   Class
 0001:00000000 00000080H .text$di                CODE
 0001:00000080 0001f4b8H .text$mn                CODE
 0001:0001f538 000000d8H .text$x                 CODE
 0001:0001f610 00000042H .text$yd                CODE
 0002:00000000 000002fcH .idata$5                DATA
 0002:000002fc 00000008H .00cfg                  DATA
 0002:00000304 00000004H .CRT$XCA                DATA
 0002:00000308 00000004H .CRT$XCL                DATA
 0002:0000030c 00000010H .CRT$XCU                DATA
 0002:0000031c 00000004H .CRT$XCZ                DATA
 0002:00000320 00000004H .CRT$XIA                DATA
 0002:00000324 00000010H .CRT$XIC                DATA
 0002:00000334 00000004H .CRT$XIZ                DATA
 0002:00000338 00000004H .CRT$XLA                DATA
 0002:0000033c 00000004H .CRT$XLZ                DATA
 0002:00000340 00000004H .CRT$XPA                DATA
 0002:00000344 00000008H .CRT$XPX                DATA
 0002:0000034c 00000004H .CRT$XPXA               DATA
 0002:00000350 00000004H .CRT$XPZ                DATA
 0002:00000354 00000004H .CRT$XTA                DATA
 0002:00000358 00000008H .CRT$XTZ                DATA
 0002:0000035c 00000000H .gfids$y                DATA
 0002:00000360 000070e0H .rdata                  DATA
 0002:00007440 00000000H .rdata$CastGuardVftablesA DATA
 0002:00007440 00000000H .rdata$CastGuardVftablesC DATA
 0002:00007440 00000018H .rdata$T                DATA
 0002:00007458 00000178H .rdata$r                DATA
 0002:000075d0 0000002cH .rdata$sxdata           DATA
 0002:000075fc 00000030H .rdata$voltmd           DATA
 0002:0000762c 0000040cH .rdata$zzzdbg           DATA
 0002:00007a38 00000004H .rtc$IAA                DATA
 0002:00007a3c 00000004H .rtc$IZZ                DATA
 0002:00007a40 00000004H .rtc$TAA                DATA
 0002:00007a44 00000004H .rtc$TZZ                DATA
 0002:00007a48 00000004H .tls                    DATA
 0002:00007a4c 00000004H .tls$                   DATA
 0002:00007a50 00000008H .tls$ZZZ                DATA
 0002:00007a58 000006dcH .xdata$x                DATA
 0002:00008134 00000004H ATL$__a                 DATA
 0002:00008138 00000008H ATL$__z                 DATA
 0002:00008140 000000acH .edata                  DATA
 0002:000081ec 00000078H .idata$2                DATA
 0002:00008264 00000014H .idata$3                DATA
 0002:00008278 000002fcH .idata$4                DATA
 0002:00008574 00000bceH .idata$6                DATA
 0003:00000000 00000ad0H .data                   DATA
 0003:00000ad0 00000080H .data$r                 DATA
 0003:00000b50 00000018H .data$rs                DATA
 0003:00000b68 00000b80H .bss                    DATA
 0004:00000000 00000220H .rsrc$01                DATA
 0004:00000220 00005df0H .rsrc$02                DATA

  Address         Publics by Value              Rva+Base       Lib:Object

 0000:00000000       ___guard_iat_table         00000000     <absolute>
 0000:00000000       ___arm64x_native_entrypoint 00000000     <absolute>
 0000:00000000       ___guard_longjmp_table     00000000     <absolute>
 0000:00000000       ___arm64x_extra_rfe_table  00000000     <absolute>
 0000:00000000       ___arm64x_redirection_metadata 00000000     <absolute>
 0000:00000000       ___guard_eh_cont_table     00000000     <absolute>
 0000:00000000       ___guard_eh_cont_count     00000000     <absolute>
 0000:00000000       ___guard_iat_count         00000000     <absolute>
 0000:00000000       __except_list              00000000     <absolute>
 0000:00000000       ___hybrid_code_map_count   00000000     <absolute>
 0000:00000000       ___x64_code_ranges_to_entry_points_count 00000000     <absolute>
 0000:00000000       ___x64_code_ranges_to_entry_points 00000000     <absolute>
 0000:00000000       ___guard_fids_count        00000000     <absolute>
 0000:00000000       ___hybrid_code_map         00000000     <absolute>
 0000:00000000       ___arm64x_extra_rfe_table_size 00000000     <absolute>
 0000:00000000       ___guard_longjmp_count     00000000     <absolute>
 0000:00000000       ___guard_check_icall_a64n_fptr 00000000     <absolute>
 0000:00000000       ___arm64x_redirection_metadata_count 00000000     <absolute>
 0000:00000000       ___hybrid_auxiliary_iat    00000000     <absolute>
 0000:00000000       ___dynamic_value_reloc_table 00000000     <absolute>
 0000:00000000       ___AbsoluteZero            00000000     <absolute>
 0000:00000000       ___enclave_config          00000000     <absolute>
 0000:00000000       ___guard_fids_table        00000000     <absolute>
 0000:00000000       ___hybrid_auxiliary_iat_copy 00000000     <absolute>
 0000:0000000b       ___safe_se_handler_count   0000000b     <absolute>
 0000:0000002c       __tls_array                0000002c     <absolute>
 0000:00000100       ___guard_flags             00000100     <absolute>
 0000:00000000       ___ImageBase               10000000     <linker-defined>
 0001:00000080       ?DupWide@_CW@@AAEXXZ       10001080 f   CWString.obj
 0001:0000009c       ?cw_dup@@YGXPBDAAHAAPA_W1@Z 1000109c f   CWString.obj
 0001:00000124       ?cw_memcpy@@YGHPA_WPBDH@Z  10001124 f   CWString.obj
 0001:00000150       ?cw_strcpy@@YAHPA_WPBD@Z   10001150 f   CWString.obj
 0001:00000163       ?cw_strlen@@YAHPBD@Z       10001163 f   CWString.obj
 0001:0000017c       ??0CAtlComModule@ATL@@QAE@XZ 1000117c f i OposVariant.obj
 0001:000001c1       ??0CAtlWinModule@ATL@@QAE@XZ 100011c1 f i OposVariant.obj
 0001:000001f8       ??0OposDispParms@@QAE@PAVOposVariant@@H@Z 100011f8 f   OposVariant.obj
 0001:00000269       ??1OposDispParms@@QAE@XZ   10001269 f   OposVariant.obj
 0001:00000277       ??A?$CSimpleArray@GV?$CSimpleArrayEqualHelper@G@ATL@@@ATL@@QAEAAGH@Z 10001277 f i OposVariant.obj
 0001:0000029c       ??_Estringdispid@CComTypeInfoHolder@ATL@@QAEPAXI@Z 1000129c f i OposVariant.obj
 0001:00000308       ?AtlWinModuleInit@ATL@@YGJPAU_ATL_WIN_MODULE70@1@@Z 10001308 f i OposVariant.obj
 0001:0000032e       ?AtlWinModuleTerm@ATL@@YGJPAU_ATL_WIN_MODULE70@1@PAUHINSTANCE__@@@Z 1000132e f i OposVariant.obj
 0001:00000391       ?ChangeBSTR@OposVariant@@QAEXPAPA_WAAJ@Z 10001391 f   OposVariant.obj
 0001:000003d2       ?ChangeLONG@OposVariant@@QAEXPAJAAJ@Z 100013d2 f   OposVariant.obj
 0001:00000413       ?GetLONG@OposVariant@@QAEJXZ 10001413 f   OposVariant.obj
 0001:0000042e       ?Init@CComCriticalSection@ATL@@QAEJXZ 1000142e f i OposVariant.obj
 0001:00000456       ?RemoveAll@?$CSimpleArray@PAUHINSTANCE__@@V?$CSimpleArrayEqualHelper@PAUHINSTANCE__@@@ATL@@@ATL@@QAEXXZ 10001456 f i atls:atlbase.obj
 0001:00000456       ?RemoveAll@?$CSimpleArray@GV?$CSimpleArrayEqualHelper@G@ATL@@@ATL@@QAEXXZ 10001456 f i OposVariant.obj
 0001:00000473       ?SetBSTR@OposVariant@@QAEXPA_WAAJ@Z 10001473 f   OposVariant.obj
 0001:000004a7       ?SetBSTR_Copy@OposVariant@@QAEXPA_WAAJ@Z 100014a7 f   OposVariant.obj
 0001:000004f7       ?SetBSTR_InOutPtr@OposVariant@@QAE_NPAPA_WAAJ@Z 100014f7 f   OposVariant.obj
 0001:0000052e       ?SetDispatch_Ptr@OposVariant@@QAEXPAUIDispatch@@AAJ@Z 1000152e f   OposVariant.obj
 0001:00000569       ?SetLONG@OposVariant@@QAEXJ@Z 10001569 f   OposVariant.obj
 0001:0000058b       ?SetLONG_Ptr@OposVariant@@QAEXPAJAAJ@Z 1000158b f   OposVariant.obj
 0001:000005be       ?SetString@OposVariant@@QAEXPB_WAAJ@Z 100015be f   OposVariant.obj
 0001:00000604       ?SetVARIANT_BOOL@OposVariant@@QAEXF@Z 10001604 f   OposVariant.obj
 0001:0000062e       ?Term@CAtlComModule@ATL@@QAEXXZ 1000162e f i OposVariant.obj
 0001:00000678       ?_AtlRaiseException@ATL@@YAXKK@Z 10001678 f i OposVariant.obj
 0001:0000068d       ?OnDrawAdvanced@CComControlBase@ATL@@UAEJAAUATL_DRAWINFO@@@Z 1000168d f i PointCardRW.obj
 0001:00000780       ?OnFinalMessage@?$CWindowImplBaseT@VCWindow@ATL@@V?$CWinTraits@$0FGAAAAAA@$0A@@2@@ATL@@UAEXPAUHWND__@@@Z 10001780 f i PointCardRW.obj
 0001:00000780       ?ObjectMain@CComObjectRootBase@ATL@@SGX_N@Z 10001780 f i PointCardRW.obj
 0001:00000783       ?GetObjectDescription@?$CComCoClass@VCOPOSPointCardRW@@$1?CLSID_OPOSPointCardRW@@3U_GUID@@B@ATL@@SGPB_WXZ 10001783 f i PointCardRW.obj
 0001:00000783       ?GetCategoryMap@CComObjectRootBase@ATL@@SAPBU_ATL_CATMAP_ENTRY@2@XZ 10001783 f i PointCardRW.obj
 0001:00000786       ?Next@?$CComEnumImpl@UIEnumConnections@@$1?_GUID_b196b287_bab4_101a_b69c_00aa00341d07@@3U__s_GUID@@BUtagCONNECTDATA@@V?$_Copy@UtagCONNECTDATA@@@ATL@@@ATL@@UAGJKPAUtagCONNECTDATA@@PAK@Z 10001786 f i PointCardRW.obj
 0001:00000855       ?Skip@?$CComEnumImpl@UIEnumConnections@@$1?_GUID_b196b287_bab4_101a_b69c_00aa00341d07@@3U__s_GUID@@BUtagCONNECTDATA@@V?$_Copy@UtagCONNECTDATA@@@ATL@@@ATL@@UAGJK@Z 10001855 f i PointCardRW.obj
 0001:00000882       ?Reset@?$CComEnumImpl@UIEnumConnections@@$1?_GUID_b196b287_bab4_101a_b69c_00aa00341d07@@3U__s_GUID@@BUtagCONNECTDATA@@V?$_Copy@UtagCONNECTDATA@@@ATL@@@ATL@@UAGJXZ 10001882 f i PointCardRW.obj
 0001:00000882       ?Reset@?$CComEnumImpl@UIEnumConnectionPoints@@$1?_GUID_b196b285_bab4_101a_b69c_00aa00341d07@@3U__s_GUID@@BPAUIConnectionPoint@@V?$_CopyInterface@UIConnectionPoint@@@ATL@@@ATL@@UAGJXZ 10001882 f i PointCardRW.obj
 0001:00000894       ?Clone@?$CComEnumImpl@UIEnumConnections@@$1?_GUID_b196b287_bab4_101a_b69c_00aa00341d07@@3U__s_GUID@@BUtagCONNECTDATA@@V?$_Copy@UtagCONNECTDATA@@@ATL@@@ATL@@UAGJPAPAUIEnumConnections@@@Z 10001894 f i PointCardRW.obj
 0001:00000975       ?AddRef@?$CComObject@V?$CComEnum@UIEnumConnectionPoints@@$1?_GUID_b196b285_bab4_101a_b69c_00aa00341d07@@3U__s_GUID@@BPAUIConnectionPoint@@V?$_CopyInterface@UIConnectionPoint@@@ATL@@VCComSingleThreadModel@6@@ATL@@@ATL@@UAGKXZ 10001975 f i PointCardRW.obj
 0001:00000975       ?AddRef@?$CComObject@V?$CComEnum@UIEnumConnections@@$1?_GUID_b196b287_bab4_101a_b69c_00aa00341d07@@3U__s_GUID@@BUtagCONNECTDATA@@V?$_Copy@UtagCONNECTDATA@@@ATL@@VCComSingleThreadModel@6@@ATL@@@ATL@@UAGKXZ 10001975 f i PointCardRW.obj
 0001:00000986       ?Release@?$CComObject@V?$CComEnum@UIEnumConnectionPoints@@$1?_GUID_b196b285_bab4_101a_b69c_00aa00341d07@@3U__s_GUID@@BPAUIConnectionPoint@@V?$_CopyInterface@UIConnectionPoint@@@ATL@@VCComSingleThreadModel@6@@ATL@@@ATL@@UAGKXZ 10001986 f i PointCardRW.obj
 0001:00000986       ?Release@?$CComObject@V?$CComEnum@UIEnumConnections@@$1?_GUID_b196b287_bab4_101a_b69c_00aa00341d07@@3U__s_GUID@@BUtagCONNECTDATA@@V?$_Copy@UtagCONNECTDATA@@@ATL@@VCComSingleThreadModel@6@@ATL@@@ATL@@UAGKXZ 10001986 f i PointCardRW.obj
 0001:000009c2       ?QueryInterface@?$CComObject@V?$CComEnum@UIEnumConnections@@$1?_GUID_b196b287_bab4_101a_b69c_00aa00341d07@@3U__s_GUID@@BUtagCONNECTDATA@@V?$_Copy@UtagCONNECTDATA@@@ATL@@VCComSingleThreadModel@6@@ATL@@@ATL@@UAGJABU_GUID@@PAPAX@Z 100019c2 f i PointCardRW.obj
 0001:000009dc       ??_E?$CComObject@V?$CComEnum@UIEnumConnections@@$1?_GUID_b196b287_bab4_101a_b69c_00aa00341d07@@3U__s_GUID@@BUtagCONNECTDATA@@V?$_Copy@UtagCONNECTDATA@@@ATL@@VCComSingleThreadModel@6@@ATL@@@ATL@@UAEPAXI@Z 100019dc f i PointCardRW.obj
 0001:000009dc       ??_G?$CComObject@V?$CComEnum@UIEnumConnections@@$1?_GUID_b196b287_bab4_101a_b69c_00aa00341d07@@3U__s_GUID@@BUtagCONNECTDATA@@V?$_Copy@UtagCONNECTDATA@@@ATL@@VCComSingleThreadModel@6@@ATL@@@ATL@@UAEPAXI@Z 100019dc f i PointCardRW.obj
 0001:000009fe       ?CreateInstance@CComClassFactory@ATL@@UAGJPAUIUnknown@@ABU_GUID@@PAPAX@Z 100019fe f i PointCardRW.obj
 0001:00000a3c       ?LockServer@CComClassFactory@ATL@@UAGJH@Z 10001a3c f i PointCardRW.obj
 0001:00000a5b       ??_GCComClassFactory@ATL@@UAEPAXI@Z 10001a5b f i PointCardRW.obj
 0001:00000a5b       ??_ECComClassFactory@ATL@@UAEPAXI@Z 10001a5b f i PointCardRW.obj
 0001:00000a86       ??_E?$CComObject@VCOPOSPointCardRW@@@ATL@@W3AEPAXI@Z 10001a86 f i PointCardRW.obj
 0001:00000a8e       ??_E?$CComObject@VCOPOSPointCardRW@@@ATL@@WEM@AEPAXI@Z 10001a8e f i PointCardRW.obj
 0001:00000a96       ?QueryInterface@?$CComObject@VCOPOSPointCardRW@@@ATL@@WHA@AGJABU_GUID@@PAPAX@Z 10001a96 f i PointCardRW.obj
 0001:00000aa0       ?AddRef@?$CComObject@VCOPOSPointCardRW@@@ATL@@WHA@AGKXZ 10001aa0 f i PointCardRW.obj
 0001:00000aaa       ?Release@?$CComObject@VCOPOSPointCardRW@@@ATL@@WHA@AGKXZ 10001aaa f i PointCardRW.obj
 0001:00000ab4       ?QueryInterface@?$CComObject@VCOPOSPointCardRW@@@ATL@@WHE@AGJABU_GUID@@PAPAX@Z 10001ab4 f i PointCardRW.obj
 0001:00000abe       ?AddRef@?$CComObject@VCOPOSPointCardRW@@@ATL@@WHE@AGKXZ 10001abe f i PointCardRW.obj
 0001:00000ac8       ?Release@?$CComObject@VCOPOSPointCardRW@@@ATL@@WHE@AGKXZ 10001ac8 f i PointCardRW.obj
 0001:00000ad2       ?QueryInterface@?$CComObject@VCOPOSPointCardRW@@@ATL@@WHI@AGJABU_GUID@@PAPAX@Z 10001ad2 f i PointCardRW.obj
 0001:00000adc       ?AddRef@?$CComObject@VCOPOSPointCardRW@@@ATL@@WHI@AGKXZ 10001adc f i PointCardRW.obj
 0001:00000ae6       ?Release@?$CComObject@VCOPOSPointCardRW@@@ATL@@WHI@AGKXZ 10001ae6 f i PointCardRW.obj
 0001:00000af0       ?QueryInterface@?$CComObject@VCOPOSPointCardRW@@@ATL@@WHM@AGJABU_GUID@@PAPAX@Z 10001af0 f i PointCardRW.obj
 0001:00000afa       ?AddRef@?$CComObject@VCOPOSPointCardRW@@@ATL@@WHM@AGKXZ 10001afa f i PointCardRW.obj
 0001:00000b04       ?Release@?$CComObject@VCOPOSPointCardRW@@@ATL@@WHM@AGKXZ 10001b04 f i PointCardRW.obj
 0001:00000b0e       ?QueryInterface@?$CComObject@VCOPOSPointCardRW@@@ATL@@WIA@AGJABU_GUID@@PAPAX@Z 10001b0e f i PointCardRW.obj
 0001:00000b1b       ?AddRef@?$CComObject@VCOPOSPointCardRW@@@ATL@@WIA@AGKXZ 10001b1b f i PointCardRW.obj
 0001:00000b28       ?Release@?$CComObject@VCOPOSPointCardRW@@@ATL@@WIA@AGKXZ 10001b28 f i PointCardRW.obj
 0001:00000b35       ?QueryInterface@?$CComObject@VCOPOSPointCardRW@@@ATL@@WIE@AGJABU_GUID@@PAPAX@Z 10001b35 f i PointCardRW.obj
 0001:00000b42       ?AddRef@?$CComObject@VCOPOSPointCardRW@@@ATL@@WIE@AGKXZ 10001b42 f i PointCardRW.obj
 0001:00000b4f       ?Release@?$CComObject@VCOPOSPointCardRW@@@ATL@@WIE@AGKXZ 10001b4f f i PointCardRW.obj
 0001:00000b5c       ?QueryInterface@?$CComObject@VCOPOSPointCardRW@@@ATL@@WII@AGJABU_GUID@@PAPAX@Z 10001b5c f i PointCardRW.obj
 0001:00000b69       ?AddRef@?$CComObject@VCOPOSPointCardRW@@@ATL@@WII@AGKXZ 10001b69 f i PointCardRW.obj
 0001:00000b76       ?Release@?$CComObject@VCOPOSPointCardRW@@@ATL@@WII@AGKXZ 10001b76 f i PointCardRW.obj
 0001:00000b83       ?QueryInterface@?$CComObject@VCOPOSPointCardRW@@@ATL@@WIM@AGJABU_GUID@@PAPAX@Z 10001b83 f i PointCardRW.obj
 0001:00000b90       ?AddRef@?$CComObject@VCOPOSPointCardRW@@@ATL@@WIM@AGKXZ 10001b90 f i PointCardRW.obj
 0001:00000b9d       ?Release@?$CComObject@VCOPOSPointCardRW@@@ATL@@WIM@AGKXZ 10001b9d f i PointCardRW.obj
 0001:00000baa       ?QueryInterface@?$CComObject@VCOPOSPointCardRW@@@ATL@@WJA@AGJABU_GUID@@PAPAX@Z 10001baa f i PointCardRW.obj
 0001:00000bb7       ?AddRef@?$CComObject@VCOPOSPointCardRW@@@ATL@@WJA@AGKXZ 10001bb7 f i PointCardRW.obj
 0001:00000bc4       ?Release@?$CComObject@VCOPOSPointCardRW@@@ATL@@WJA@AGKXZ 10001bc4 f i PointCardRW.obj
 0001:00000bd1       ?QueryInterface@?$CComObject@VCOPOSPointCardRW@@@ATL@@WJE@AGJABU_GUID@@PAPAX@Z 10001bd1 f i PointCardRW.obj
 0001:00000bde       ?AddRef@?$CComObject@VCOPOSPointCardRW@@@ATL@@WJE@AGKXZ 10001bde f i PointCardRW.obj
 0001:00000beb       ?Release@?$CComObject@VCOPOSPointCardRW@@@ATL@@WJE@AGKXZ 10001beb f i PointCardRW.obj
 0001:00000bf8       ?QueryInterface@?$CComObject@VCOPOSPointCardRW@@@ATL@@WJI@AGJABU_GUID@@PAPAX@Z 10001bf8 f i PointCardRW.obj
 0001:00000c05       ?AddRef@?$CComObject@VCOPOSPointCardRW@@@ATL@@WJI@AGKXZ 10001c05 f i PointCardRW.obj
 0001:00000c12       ?Release@?$CComObject@VCOPOSPointCardRW@@@ATL@@WJI@AGKXZ 10001c12 f i PointCardRW.obj
 0001:00000c1f       ?QueryInterface@?$CComObject@VCOPOSPointCardRW@@@ATL@@WJM@AGJABU_GUID@@PAPAX@Z 10001c1f f i PointCardRW.obj
 0001:00000c2c       ?AddRef@?$CComObject@VCOPOSPointCardRW@@@ATL@@WJM@AGKXZ 10001c2c f i PointCardRW.obj
 0001:00000c39       ?Release@?$CComObject@VCOPOSPointCardRW@@@ATL@@WJM@AGKXZ 10001c39 f i PointCardRW.obj
 0001:00000c46       ?QueryInterface@?$CComObject@VCOPOSPointCardRW@@@ATL@@WKA@AGJABU_GUID@@PAPAX@Z 10001c46 f i PointCardRW.obj
 0001:00000c53       ?AddRef@?$CComObject@VCOPOSPointCardRW@@@ATL@@WKA@AGKXZ 10001c53 f i PointCardRW.obj
 0001:00000c60       ?Release@?$CComObject@VCOPOSPointCardRW@@@ATL@@WKA@AGKXZ 10001c60 f i PointCardRW.obj
 0001:00000c6d       ?AddRef@?$CComObject@VCOPOSPointCardRW@@@ATL@@WKI@AGKXZ 10001c6d f i PointCardRW.obj
 0001:00000c7a       ?Release@?$CComObject@VCOPOSPointCardRW@@@ATL@@WKI@AGKXZ 10001c7a f i PointCardRW.obj
 0001:00000c87       ?AddRef@?$CComObject@VCOPOSPointCardRW@@@ATL@@WLE@AGKXZ 10001c87 f i PointCardRW.obj
 0001:00000c94       ?Release@?$CComObject@VCOPOSPointCardRW@@@ATL@@WLE@AGKXZ 10001c94 f i PointCardRW.obj
 0001:00000ca1       ??_E?$CComContainedObject@VCOPOSPointCardRW@@@ATL@@W3AEPAXI@Z 10001ca1 f i PointCardRW.obj
 0001:00000ca9       ??_E?$CComContainedObject@VCOPOSPointCardRW@@@ATL@@WEM@AEPAXI@Z 10001ca9 f i PointCardRW.obj
 0001:00000cb1       ?QueryInterface@?$CComContainedObject@VCOPOSPointCardRW@@@ATL@@WHA@AGJABU_GUID@@PAPAX@Z 10001cb1 f i PointCardRW.obj
 0001:00000cbb       ?AddRef@?$CComContainedObject@VCOPOSPointCardRW@@@ATL@@WHA@AGKXZ 10001cbb f i PointCardRW.obj
 0001:00000cc5       ?Release@?$CComContainedObject@VCOPOSPointCardRW@@@ATL@@WHA@AGKXZ 10001cc5 f i PointCardRW.obj
 0001:00000ccf       ?QueryInterface@?$CComContainedObject@VCOPOSPointCardRW@@@ATL@@WHE@AGJABU_GUID@@PAPAX@Z 10001ccf f i PointCardRW.obj
 0001:00000cd9       ?AddRef@?$CComContainedObject@VCOPOSPointCardRW@@@ATL@@WHE@AGKXZ 10001cd9 f i PointCardRW.obj
 0001:00000ce3       ?Release@?$CComContainedObject@VCOPOSPointCardRW@@@ATL@@WHE@AGKXZ 10001ce3 f i PointCardRW.obj
 0001:00000ced       ?QueryInterface@?$CComContainedObject@VCOPOSPointCardRW@@@ATL@@WHI@AGJABU_GUID@@PAPAX@Z 10001ced f i PointCardRW.obj
 0001:00000cf7       ?AddRef@?$CComContainedObject@VCOPOSPointCardRW@@@ATL@@WHI@AGKXZ 10001cf7 f i PointCardRW.obj
 0001:00000d01       ?Release@?$CComContainedObject@VCOPOSPointCardRW@@@ATL@@WHI@AGKXZ 10001d01 f i PointCardRW.obj
 0001:00000d0b       ?QueryInterface@?$CComContainedObject@VCOPOSPointCardRW@@@ATL@@WHM@AGJABU_GUID@@PAPAX@Z 10001d0b f i PointCardRW.obj
 0001:00000d15       ?AddRef@?$CComContainedObject@VCOPOSPointCardRW@@@ATL@@WHM@AGKXZ 10001d15 f i PointCardRW.obj
 0001:00000d1f       ?Release@?$CComContainedObject@VCOPOSPointCardRW@@@ATL@@WHM@AGKXZ 10001d1f f i PointCardRW.obj
 0001:00000d29       ?QueryInterface@?$CComContainedObject@VCOPOSPointCardRW@@@ATL@@WIA@AGJABU_GUID@@PAPAX@Z 10001d29 f i PointCardRW.obj
 0001:00000d36       ?AddRef@?$CComContainedObject@VCOPOSPointCardRW@@@ATL@@WIA@AGKXZ 10001d36 f i PointCardRW.obj
 0001:00000d43       ?Release@?$CComContainedObject@VCOPOSPointCardRW@@@ATL@@WIA@AGKXZ 10001d43 f i PointCardRW.obj
 0001:00000d50       ?QueryInterface@?$CComContainedObject@VCOPOSPointCardRW@@@ATL@@WIE@AGJABU_GUID@@PAPAX@Z 10001d50 f i PointCardRW.obj
 0001:00000d5d       ?AddRef@?$CComContainedObject@VCOPOSPointCardRW@@@ATL@@WIE@AGKXZ 10001d5d f i PointCardRW.obj
 0001:00000d6a       ?Release@?$CComContainedObject@VCOPOSPointCardRW@@@ATL@@WIE@AGKXZ 10001d6a f i PointCardRW.obj
 0001:00000d77       ?QueryInterface@?$CComContainedObject@VCOPOSPointCardRW@@@ATL@@WII@AGJABU_GUID@@PAPAX@Z 10001d77 f i PointCardRW.obj
 0001:00000d84       ?AddRef@?$CComContainedObject@VCOPOSPointCardRW@@@ATL@@WII@AGKXZ 10001d84 f i PointCardRW.obj
 0001:00000d91       ?Release@?$CComContainedObject@VCOPOSPointCardRW@@@ATL@@WII@AGKXZ 10001d91 f i PointCardRW.obj
 0001:00000d9e       ?QueryInterface@?$CComContainedObject@VCOPOSPointCardRW@@@ATL@@WIM@AGJABU_GUID@@PAPAX@Z 10001d9e f i PointCardRW.obj
 0001:00000dab       ?AddRef@?$CComContainedObject@VCOPOSPointCardRW@@@ATL@@WIM@AGKXZ 10001dab f i PointCardRW.obj
 0001:00000db8       ?Release@?$CComContainedObject@VCOPOSPointCardRW@@@ATL@@WIM@AGKXZ 10001db8 f i PointCardRW.obj
 0001:00000dc5       ?QueryInterface@?$CComContainedObject@VCOPOSPointCardRW@@@ATL@@WJA@AGJABU_GUID@@PAPAX@Z 10001dc5 f i PointCardRW.obj
 0001:00000dd2       ?AddRef@?$CComContainedObject@VCOPOSPointCardRW@@@ATL@@WJA@AGKXZ 10001dd2 f i PointCardRW.obj
 0001:00000ddf       ?Release@?$CComContainedObject@VCOPOSPointCardRW@@@ATL@@WJA@AGKXZ 10001ddf f i PointCardRW.obj
 0001:00000dec       ?QueryInterface@?$CComContainedObject@VCOPOSPointCardRW@@@ATL@@WJE@AGJABU_GUID@@PAPAX@Z 10001dec f i PointCardRW.obj
 0001:00000df9       ?AddRef@?$CComContainedObject@VCOPOSPointCardRW@@@ATL@@WJE@AGKXZ 10001df9 f i PointCardRW.obj
 0001:00000e06       ?Release@?$CComContainedObject@VCOPOSPointCardRW@@@ATL@@WJE@AGKXZ 10001e06 f i PointCardRW.obj
 0001:00000e13       ?QueryInterface@?$CComContainedObject@VCOPOSPointCardRW@@@ATL@@WJI@AGJABU_GUID@@PAPAX@Z 10001e13 f i PointCardRW.obj
 0001:00000e20       ?AddRef@?$CComContainedObject@VCOPOSPointCardRW@@@ATL@@WJI@AGKXZ 10001e20 f i PointCardRW.obj
 0001:00000e2d       ?Release@?$CComContainedObject@VCOPOSPointCardRW@@@ATL@@WJI@AGKXZ 10001e2d f i PointCardRW.obj
 0001:00000e3a       ?QueryInterface@?$CComContainedObject@VCOPOSPointCardRW@@@ATL@@WJM@AGJABU_GUID@@PAPAX@Z 10001e3a f i PointCardRW.obj
 0001:00000e47       ?AddRef@?$CComContainedObject@VCOPOSPointCardRW@@@ATL@@WJM@AGKXZ 10001e47 f i PointCardRW.obj
 0001:00000e54       ?Release@?$CComContainedObject@VCOPOSPointCardRW@@@ATL@@WJM@AGKXZ 10001e54 f i PointCardRW.obj
 0001:00000e61       ?QueryInterface@?$CComContainedObject@VCOPOSPointCardRW@@@ATL@@WKA@AGJABU_GUID@@PAPAX@Z 10001e61 f i PointCardRW.obj
 0001:00000e6e       ?AddRef@?$CComContainedObject@VCOPOSPointCardRW@@@ATL@@WKA@AGKXZ 10001e6e f i PointCardRW.obj
 0001:00000e7b       ?Release@?$CComContainedObject@VCOPOSPointCardRW@@@ATL@@WKA@AGKXZ 10001e7b f i PointCardRW.obj
 0001:00000e88       ?AddRef@?$CComContainedObject@VCOPOSPointCardRW@@@ATL@@WKI@AGKXZ 10001e88 f i PointCardRW.obj
 0001:00000e95       ?Release@?$CComContainedObject@VCOPOSPointCardRW@@@ATL@@WKI@AGKXZ 10001e95 f i PointCardRW.obj
 0001:00000ea2       ?AddRef@?$CComContainedObject@VCOPOSPointCardRW@@@ATL@@WLE@AGKXZ 10001ea2 f i PointCardRW.obj
 0001:00000eaf       ?Release@?$CComContainedObject@VCOPOSPointCardRW@@@ATL@@WLE@AGKXZ 10001eaf f i PointCardRW.obj
 0001:00000ebc       ?GetWindowProc@?$CWindowImplBaseT@VCWindow@ATL@@V?$CWinTraits@$0FGAAAAAA@$0A@@2@@ATL@@UAEP6GJPAUHWND__@@IIJ@ZXZ 10001ebc f i PointCardRW.obj
 0001:00000ec2       ?StartWindowProc@?$CWindowImplBaseT@VCWindow@ATL@@V?$CWinTraits@$0FGAAAAAA@$0A@@2@@ATL@@SGJPAUHWND__@@IIJ@Z 10001ec2 f i PointCardRW.obj
 0001:00000f16       ?GetTypeInfoCount@?$IDispatchImpl@UIOPOSPointCardRW@@$1?IID_IOPOSPointCardRW@@3U_GUID@@B$1?LIBID_OposPointCardRW_CCO@@3U3@B$00$0A@VCComTypeInfoHolder@ATL@@@ATL@@UAGJPAI@Z 10001f16 f i PointCardRW.obj
 0001:00000f33       ?GetTypeInfo@?$IDispatchImpl@UIOPOSPointCardRW@@$1?IID_IOPOSPointCardRW@@3U_GUID@@B$1?LIBID_OposPointCardRW_CCO@@3U3@B$00$0A@VCComTypeInfoHolder@ATL@@@ATL@@UAGJIKPAPAUITypeInfo@@@Z 10001f33 f i PointCardRW.obj
 0001:00000f57       ?GetIDsOfNames@?$IDispatchImpl@UIOPOSPointCardRW@@$1?IID_IOPOSPointCardRW@@3U_GUID@@B$1?LIBID_OposPointCardRW_CCO@@3U3@B$00$0A@VCComTypeInfoHolder@ATL@@@ATL@@UAGJABU_GUID@@PAPA_WIKPAJ@Z 10001f57 f i PointCardRW.obj
 0001:00000f77       ?Invoke@?$IDispatchImpl@UIOPOSPointCardRW@@$1?IID_IOPOSPointCardRW@@3U_GUID@@B$1?LIBID_OposPointCardRW_CCO@@3U3@B$00$0A@VCComTypeInfoHolder@ATL@@@ATL@@UAGJJABU_GUID@@KGPAUtagDISPPARAMS@@PAUtagVARIANT@@PAUtagEXCEPINFO@@PAI@Z 10001f77 f i PointCardRW.obj
 0001:00000f85       ?CreateControlWindow@?$CComControl@VCOPOSPointCardRW@@V?$CWindowImpl@VCOPOSPointCardRW@@VCWindow@ATL@@V?$CWinTraits@$0FGAAAAAA@$0A@@3@@ATL@@@ATL@@UAEPAUHWND__@@PAU3@AAUtagRECT@@@Z 10001f85 f i PointCardRW.obj
 0001:00000fb4       ?ControlQueryInterface@?$CComControl@VCOPOSPointCardRW@@V?$CWindowImpl@VCOPOSPointCardRW@@VCWindow@ATL@@V?$CWinTraits@$0FGAAAAAA@$0A@@3@@ATL@@@ATL@@UAEJABU_GUID@@PAPAX@Z 10001fb4 f i PointCardRW.obj
 0001:00000fcf       ?GetClassID@?$IPersistStreamInitImpl@VCOPOSPointCardRW@@@ATL@@UAGJPAU_GUID@@@Z 10001fcf f i PointCardRW.obj
 0001:00000fcf       ?GetClassID@?$IPersistStorageImpl@VCOPOSPointCardRW@@@ATL@@UAGJPAU_GUID@@@Z 10001fcf f i PointCardRW.obj
 0001:00000fcf       ?GetUserClassID@?$IOleObjectImpl@VCOPOSPointCardRW@@@ATL@@UAGJPAU_GUID@@@Z 10001fcf f i PointCardRW.obj
 0001:00000ff3       ?IsDirty@?$IPersistStreamInitImpl@VCOPOSPointCardRW@@@ATL@@UAGJXZ 10001ff3 f i PointCardRW.obj
 0001:00001012       ?Load@?$IPersistStreamInitImpl@VCOPOSPointCardRW@@@ATL@@UAGJPAUIStream@@@Z 10002012 f i PointCardRW.obj
 0001:00001031       ?Save@?$IPersistStreamInitImpl@VCOPOSPointCardRW@@@ATL@@UAGJPAUIStream@@H@Z 10002031 f i PointCardRW.obj
 0001:00001053       ?GetSizeMax@?$IPersistStreamInitImpl@VCOPOSPointCardRW@@@ATL@@UAGJPAT_ULARGE_INTEGER@@@Z 10002053 f i PointCardRW.obj
 0001:00001232       ?InitNew@?$IPersistStreamInitImpl@VCOPOSPointCardRW@@@ATL@@UAGJXZ 10002232 f i PointCardRW.obj
 0001:0000124f       ?QueryGetData@?$IDataObjectImpl@VCOPOSPointCardRW@@@ATL@@UAGJPAUtagFORMATETC@@@Z 1000224f f i PointCardRW.obj
 0001:0000124f       ?GetControlInfo@?$IOleControlImpl@VCOPOSPointCardRW@@@ATL@@UAGJPAUtagCONTROLINFO@@@Z 1000224f f i PointCardRW.obj
 0001:0000124f       ?Unfreeze@?$IViewObjectExImpl@VCOPOSPointCardRW@@@ATL@@UAGJK@Z 1000224f f i PointCardRW.obj
 0001:0000124f       ?OnMnemonic@?$IOleControlImpl@VCOPOSPointCardRW@@@ATL@@UAGJPAUtagMSG@@@Z 1000224f f i PointCardRW.obj
 0001:0000124f       ?ContextSensitiveHelp@?$IOleInPlaceActiveObjectImpl@VCOPOSPointCardRW@@@ATL@@UAGJH@Z 1000224f f i PointCardRW.obj
 0001:0000124f       ?SetColorScheme@?$IOleObjectImpl@VCOPOSPointCardRW@@@ATL@@UAGJPAUtagLOGPALETTE@@@Z 1000224f f i PointCardRW.obj
 0001:0000124f       ?ContextSensitiveHelp@?$IOleInPlaceObjectWindowlessImpl@VCOPOSPointCardRW@@@ATL@@UAGJH@Z 1000224f f i PointCardRW.obj
 0001:0000124f       ?GetDropTarget@?$IOleInPlaceObjectWindowlessImpl@VCOPOSPointCardRW@@@ATL@@UAGJPAPAUIDropTarget@@@Z 1000224f f i PointCardRW.obj
 0001:00001257       ?OnAmbientPropertyChange@?$IOleControlImpl@VCOPOSPointCardRW@@@ATL@@UAGJJ@Z 10002257 f i PointCardRW.obj
 0001:00001257       ?EnableModeless@?$IOleInPlaceActiveObjectImpl@VCOPOSPointCardRW@@@ATL@@UAGJH@Z 10002257 f i PointCardRW.obj
 0001:00001257       ?SaveCompleted@?$IPersistStorageImpl@VCOPOSPointCardRW@@@ATL@@UAGJPAUIStorage@@@Z 10002257 f i PointCardRW.obj
 0001:00001257       ?OnFrameWindowActivate@?$IOleInPlaceActiveObjectImpl@VCOPOSPointCardRW@@@ATL@@UAGJH@Z 10002257 f i PointCardRW.obj
 0001:0000125c       ?SetClientSite@?$IOleObjectImpl@VCOPOSPointCardRW@@@ATL@@UAGJPAUIOleClientSite@@@Z 1000225c f i PointCardRW.obj
 0001:00001279       ?GetClientSite@?$IOleObjectImpl@VCOPOSPointCardRW@@@ATL@@UAGJPAPAUIOleClientSite@@@Z 10002279 f i PointCardRW.obj
 0001:00001296       ?SetHostNames@?$IOleObjectImpl@VCOPOSPointCardRW@@@ATL@@UAGJPB_W0@Z 10002296 f i PointCardRW.obj
 0001:0000129b       ?Close@?$IOleObjectImpl@VCOPOSPointCardRW@@@ATL@@UAGJK@Z 1000229b f i PointCardRW.obj
 0001:000012b8       ?GetRect@?$IViewObjectExImpl@VCOPOSPointCardRW@@@ATL@@UAGJKPAU_RECTL@@@Z 100022b8 f i PointCardRW.obj
 0001:000012b8       ?EnumFormatEtc@?$IDataObjectImpl@VCOPOSPointCardRW@@@ATL@@UAGJKPAPAUIEnumFORMATETC@@@Z 100022b8 f i PointCardRW.obj
 0001:000012b8       ?QueryInterface@CRegObject@ATL@@UAGJABU_GUID@@PAPAX@Z 100022b8 f i PointCardRW.obj
 0001:000012b8       ?SetMoniker@?$IOleObjectImpl@VCOPOSPointCardRW@@@ATL@@UAGJKPAUIMoniker@@@Z 100022b8 f i PointCardRW.obj
 0001:000012b8       ?GetDataHere@?$IDataObjectImpl@VCOPOSPointCardRW@@@ATL@@UAGJPAUtagFORMATETC@@PAUtagSTGMEDIUM@@@Z 100022b8 f i PointCardRW.obj
 0001:000012b8       ?GetClipboardData@?$IOleObjectImpl@VCOPOSPointCardRW@@@ATL@@UAGJKPAPAUIDataObject@@@Z 100022b8 f i PointCardRW.obj
 0001:000012b8       ?GetCanonicalFormatEtc@?$IDataObjectImpl@VCOPOSPointCardRW@@@ATL@@UAGJPAUtagFORMATETC@@0@Z 100022b8 f i PointCardRW.obj
 0001:000012c0       ?GetMoniker@?$IOleObjectImpl@VCOPOSPointCardRW@@@ATL@@UAGJKKPAPAUIMoniker@@@Z 100022c0 f i PointCardRW.obj
 0001:000012c0       ?InitFromData@?$IOleObjectImpl@VCOPOSPointCardRW@@@ATL@@UAGJPAUIDataObject@@HK@Z 100022c0 f i PointCardRW.obj
 0001:000012c0       ?SetData@?$IDataObjectImpl@VCOPOSPointCardRW@@@ATL@@UAGJPAUtagFORMATETC@@PAUtagSTGMEDIUM@@H@Z 100022c0 f i PointCardRW.obj
 0001:000012c8       ?DoVerb@?$IOleObjectImpl@VCOPOSPointCardRW@@@ATL@@UAGJJPAUtagMSG@@PAUIOleClientSite@@JPAUHWND__@@PBUtagRECT@@@Z 100022c8 f i PointCardRW.obj
 0001:000013bc       ?EnumVerbs@?$IOleObjectImpl@VCOPOSPointCardRW@@@ATL@@UAGJPAPAUIEnumOLEVERB@@@Z 100023bc f i PointCardRW.obj
 0001:000013de       ?IsUpToDate@?$IOleObjectImpl@VCOPOSPointCardRW@@@ATL@@UAGJXZ 100023de f i PointCardRW.obj
 0001:000013de       ?HandsOffStorage@?$IPersistStorageImpl@VCOPOSPointCardRW@@@ATL@@UAGJXZ 100023de f i PointCardRW.obj
 0001:000013de       ?Update@?$IOleObjectImpl@VCOPOSPointCardRW@@@ATL@@UAGJXZ 100023de f i PointCardRW.obj
 0001:000013de       ?Release@CRegObject@ATL@@UAGKXZ 100023de f i PointCardRW.obj
 0001:000013e3       ?GetUserType@?$IOleObjectImpl@VCOPOSPointCardRW@@@ATL@@UAGJKPAPA_W@Z 100023e3 f i PointCardRW.obj
 0001:000013fb       ?SetExtent@?$IOleObjectImpl@VCOPOSPointCardRW@@@ATL@@UAGJKPAUtagSIZE@@@Z 100023fb f i PointCardRW.obj
 0001:0000141b       ?GetExtent@?$IOleObjectImpl@VCOPOSPointCardRW@@@ATL@@UAGJKPAUtagSIZE@@@Z 1000241b f i PointCardRW.obj
 0001:00001459       ?Advise@?$IOleObjectImpl@VCOPOSPointCardRW@@@ATL@@UAGJPAUIAdviseSink@@PAK@Z 10002459 f i PointCardRW.obj
 0001:00001479       ?Unadvise@?$IOleObjectImpl@VCOPOSPointCardRW@@@ATL@@UAGJK@Z 10002479 f i PointCardRW.obj
 0001:000014a8       ?EnumAdvise@?$IOleObjectImpl@VCOPOSPointCardRW@@@ATL@@UAGJPAPAUIEnumSTATDATA@@@Z 100024a8 f i PointCardRW.obj
 0001:000014e8       ?GetMiscStatus@?$IOleObjectImpl@VCOPOSPointCardRW@@@ATL@@UAGJKPAK@Z 100024e8 f i PointCardRW.obj
 0001:00001500       ?GetWindow@?$IOleInPlaceActiveObjectImpl@VCOPOSPointCardRW@@@ATL@@UAGJPAPAUHWND__@@@Z 10002500 f i PointCardRW.obj
 0001:0000154d       ?TranslateAcceleratorW@?$IOleInPlaceActiveObjectImpl@VCOPOSPointCardRW@@@ATL@@UAGJPAUtagMSG@@@Z 1000254d f i PointCardRW.obj
 0001:000015fb       ?OnDocWindowActivate@?$IOleInPlaceActiveObjectImpl@VCOPOSPointCardRW@@@ATL@@UAGJH@Z 100025fb f i PointCardRW.obj
 0001:0000161d       ?ResizeBorder@?$IOleInPlaceActiveObjectImpl@VCOPOSPointCardRW@@@ATL@@UAGJPBUtagRECT@@PAUIOleInPlaceUIWindow@@H@Z 1000261d f i PointCardRW.obj
 0001:00001622       ?Draw@?$IViewObjectExImpl@VCOPOSPointCardRW@@@ATL@@UAGJKJPAXPAUtagDVTARGETDEVICE@@PAUHDC__@@2PBU_RECTL@@3P6GHK@ZK@Z 10002622 f i PointCardRW.obj
 0001:00001654       ?GetColorSet@?$IViewObjectExImpl@VCOPOSPointCardRW@@@ATL@@UAGJKJPAXPAUtagDVTARGETDEVICE@@PAUHDC__@@PAPAUtagLOGPALETTE@@@Z 10002654 f i PointCardRW.obj
 0001:0000165c       ?Freeze@?$IViewObjectExImpl@VCOPOSPointCardRW@@@ATL@@UAGJKJPAXPAK@Z 1000265c f i PointCardRW.obj
 0001:00001664       ?SetAdvise@?$IViewObjectExImpl@VCOPOSPointCardRW@@@ATL@@UAGJKKPAUIAdviseSink@@@Z 10002664 f i PointCardRW.obj
 0001:00001683       ?GetAdvise@?$IViewObjectExImpl@VCOPOSPointCardRW@@@ATL@@UAGJPAK0PAPAUIAdviseSink@@@Z 10002683 f i PointCardRW.obj
 0001:000016b8       ?GetExtent@?$IViewObjectExImpl@VCOPOSPointCardRW@@@ATL@@UAGJKJPAUtagDVTARGETDEVICE@@PAUtagSIZE@@@Z 100026b8 f i PointCardRW.obj
 0001:000016e9       ?GetViewStatus@?$IViewObjectExImpl@VCOPOSPointCardRW@@@ATL@@UAGJPAK@Z 100026e9 f i PointCardRW.obj
 0001:00001706       ?QueryHitPoint@?$IViewObjectExImpl@VCOPOSPointCardRW@@@ATL@@UAGJKPBUtagRECT@@UtagPOINT@@JPAK@Z 10002706 f i PointCardRW.obj
 0001:00001747       ?QueryHitRect@?$IViewObjectExImpl@VCOPOSPointCardRW@@@ATL@@UAGJKPBUtagRECT@@0JPAK@Z 10002747 f i PointCardRW.obj
 0001:000017a2       ?GetNaturalExtent@?$IViewObjectExImpl@VCOPOSPointCardRW@@@ATL@@UAGJKJPAUtagDVTARGETDEVICE@@PAUHDC__@@PAUtagExtentInfo@@PAUtagSIZE@@@Z 100027a2 f i PointCardRW.obj
 0001:000017ed       ?GetWindow@?$IOleInPlaceObjectWindowlessImpl@VCOPOSPointCardRW@@@ATL@@UAGJPAPAUHWND__@@@Z 100027ed f i PointCardRW.obj
 0001:0000183a       ?InPlaceDeactivate@?$IOleInPlaceObjectWindowlessImpl@VCOPOSPointCardRW@@@ATL@@UAGJXZ 1000283a f i PointCardRW.obj
 0001:00001854       ?UIDeactivate@?$IOleInPlaceObjectWindowlessImpl@VCOPOSPointCardRW@@@ATL@@UAGJXZ 10002854 f i PointCardRW.obj
 0001:0000186e       ?SetObjectRects@?$IOleInPlaceObjectWindowlessImpl@VCOPOSPointCardRW@@@ATL@@UAGJPBUtagRECT@@0@Z 1000286e f i PointCardRW.obj
 0001:0000188e       ?ReactivateAndUndo@?$IOleInPlaceObjectWindowlessImpl@VCOPOSPointCardRW@@@ATL@@UAGJXZ 1000288e f i PointCardRW.obj
 0001:00001896       ?OnWindowMessage@?$IOleInPlaceObjectWindowlessImpl@VCOPOSPointCardRW@@@ATL@@UAGJIIJPAJ@Z 10002896 f i PointCardRW.obj
 0001:00001906       ?EnumConnectionPoints@?$IConnectionPointContainerImpl@VCOPOSPointCardRW@@@ATL@@UAGJPAPAUIEnumConnectionPoints@@@Z 10002906 f i PointCardRW.obj
 0001:00001a96       ?FindConnectionPoint@?$IConnectionPointContainerImpl@VCOPOSPointCardRW@@@ATL@@UAGJABU_GUID@@PAPAUIConnectionPoint@@@Z 10002a96 f i PointCardRW.obj
 0001:00001b39       ?Lock@CAtlModule@ATL@@UAEJXZ 10002b39 f i PointCardRW.obj
 0001:00001b43       ?Unlock@CAtlModule@ATL@@UAEJXZ 10002b43 f i PointCardRW.obj
 0001:00001b4d       ?GetLockCount@CAtlModule@ATL@@UAEJXZ 10002b4d f i PointCardRW.obj
 0001:00001b51       ?GetGITPtr@CAtlModule@ATL@@UAEJPAPAUIGlobalInterfaceTable@@@Z 10002b51 f i PointCardRW.obj
 0001:00001b9d       ?IsDirty@?$IPersistStorageImpl@VCOPOSPointCardRW@@@ATL@@UAGJXZ 10002b9d f i PointCardRW.obj
 0001:00001bcd       ?InitNew@?$IPersistStorageImpl@VCOPOSPointCardRW@@@ATL@@UAGJPAUIStorage@@@Z 10002bcd f i PointCardRW.obj
 0001:00001bfd       ?Load@?$IPersistStorageImpl@VCOPOSPointCardRW@@@ATL@@UAGJPAUIStorage@@@Z 10002bfd f i PointCardRW.obj
 0001:00001c69       ?Save@?$IPersistStorageImpl@VCOPOSPointCardRW@@@ATL@@UAGJPAUIStorage@@H@Z 10002c69 f i PointCardRW.obj
 0001:00001cdc       ?GetPages@?$ISpecifyPropertyPagesImpl@VCOPOSPointCardRW@@@ATL@@UAGJPAUtagCAUUID@@@Z 10002cdc f i PointCardRW.obj
 0001:00001cf3       ?QuickActivate@?$IQuickActivateImpl@VCOPOSPointCardRW@@@ATL@@UAGJPAUtagQACONTAINER@@PAUtagQACONTROL@@@Z 10002cf3 f i PointCardRW.obj
 0001:00001d16       ?SetContentExtent@?$IQuickActivateImpl@VCOPOSPointCardRW@@@ATL@@UAGJPAUtagSIZE@@@Z 10002d16 f i PointCardRW.obj
 0001:00001d42       ?GetContentExtent@?$IQuickActivateImpl@VCOPOSPointCardRW@@@ATL@@UAGJPAUtagSIZE@@@Z 10002d42 f i PointCardRW.obj
 0001:00001d7e       ?GetData@?$IDataObjectImpl@VCOPOSPointCardRW@@@ATL@@UAGJPAUtagFORMATETC@@PAUtagSTGMEDIUM@@@Z 10002d7e f i PointCardRW.obj
 0001:00001da1       ?DAdvise@?$IDataObjectImpl@VCOPOSPointCardRW@@@ATL@@UAGJPAUtagFORMATETC@@KPAUIAdviseSink@@PAK@Z 10002da1 f i PointCardRW.obj
 0001:00001de2       ?DUnadvise@?$IDataObjectImpl@VCOPOSPointCardRW@@@ATL@@UAGJK@Z 10002de2 f i PointCardRW.obj
 0001:00001e10       ?EnumDAdvise@?$IDataObjectImpl@VCOPOSPointCardRW@@@ATL@@UAGJPAPAUIEnumSTATDATA@@@Z 10002e10 f i PointCardRW.obj
 0001:00001e4f       ?GetClassInfoW@?$IProvideClassInfo2Impl@$1?CLSID_OPOSPointCardRW@@3U_GUID@@B$1?DIID__IOPOSPointCardRWEvents@@3U2@B$1?LIBID_OposPointCardRW_CCO@@3U2@B$00$0A@VCComTypeInfoHolder@ATL@@@ATL@@UAGJPAPAUITypeInfo@@@Z 10002e4f f i PointCardRW.obj
 0001:00001e65       ?GetGUID@?$IProvideClassInfo2Impl@$1?CLSID_OPOSPointCardRW@@3U_GUID@@B$1?DIID__IOPOSPointCardRWEvents@@3U2@B$1?LIBID_OposPointCardRW_CCO@@3U2@B$00$0A@VCComTypeInfoHolder@ATL@@@ATL@@UAGJKPAU_GUID@@@Z 10002e65 f i PointCardRW.obj
 0001:00001ea3       ?FAccessAllowed@?$IObjectSafetyImpl@VCOPOSPointCardRW@@$02@ATL@@MAEHXZ 10002ea3 f i PointCardRW.obj
 0001:00001ea3       __get_startup_argv_mode    10002ea3 f i LIBCMT:argv_mode.obj
 0001:00001ea7       ?GetInterfaceSafetyOptions@?$IObjectSafetyImpl@VCOPOSPointCardRW@@$02@ATL@@UAGJABU_GUID@@PAK1@Z 10002ea7 f i PointCardRW.obj
 0001:00001f1a       ?SetInterfaceSafetyOptions@?$IObjectSafetyImpl@VCOPOSPointCardRW@@$02@ATL@@UAGJABU_GUID@@KK@Z 10002f1a f i PointCardRW.obj
 0001:00001f94       ?_LocCPQueryInterface@?$IConnectionPointImpl@VCOPOSPointCardRW@@$1?DIID__IOPOSPointCardRWEvents@@3U_GUID@@BVCComDynamicUnkArray@ATL@@@ATL@@UAGJABU_GUID@@PAPAX@Z 10002f94 f i PointCardRW.obj
 0001:00001f94       ?_LocCPQueryInterface@?$IConnectionPointImpl@VCOPOSPointCardRW@@$1?IID_IPropertyNotifySink@@3U_GUID@@BVCComDynamicUnkArray@ATL@@@ATL@@UAGJABU_GUID@@PAPAX@Z 10002f94 f i PointCardRW.obj
 0001:00001fe1       ?GetConnectionInterface@?$IConnectionPointImpl@VCOPOSPointCardRW@@$1?IID_IPropertyNotifySink@@3U_GUID@@BVCComDynamicUnkArray@ATL@@@ATL@@UAGJPAU_GUID@@@Z 10002fe1 f i PointCardRW.obj
 0001:00002005       ?GetConnectionPointContainer@?$IConnectionPointImpl@VCOPOSPointCardRW@@$1?IID_IPropertyNotifySink@@3U_GUID@@BVCComDynamicUnkArray@ATL@@@ATL@@UAGJPAPAUIConnectionPointContainer@@@Z 10003005 f i PointCardRW.obj
 0001:00002028       ?Advise@?$IConnectionPointImpl@VCOPOSPointCardRW@@$1?DIID__IOPOSPointCardRWEvents@@3U_GUID@@BVCComDynamicUnkArray@ATL@@@ATL@@UAGJPAUIUnknown@@PAK@Z 10003028 f i PointCardRW.obj
 0001:00002028       ?Advise@?$IConnectionPointImpl@VCOPOSPointCardRW@@$1?IID_IPropertyNotifySink@@3U_GUID@@BVCComDynamicUnkArray@ATL@@@ATL@@UAGJPAUIUnknown@@PAK@Z 10003028 f i PointCardRW.obj
 0001:000020c8       ?Unadvise@?$IConnectionPointImpl@VCOPOSPointCardRW@@$1?IID_IPropertyNotifySink@@3U_GUID@@BVCComDynamicUnkArray@ATL@@@ATL@@UAGJK@Z 100030c8 f i PointCardRW.obj
 0001:000020c8       ?Unadvise@?$IConnectionPointImpl@VCOPOSPointCardRW@@$1?DIID__IOPOSPointCardRWEvents@@3U_GUID@@BVCComDynamicUnkArray@ATL@@@ATL@@UAGJK@Z 100030c8 f i PointCardRW.obj
 0001:00002108       ?EnumConnections@?$IConnectionPointImpl@VCOPOSPointCardRW@@$1?IID_IPropertyNotifySink@@3U_GUID@@BVCComDynamicUnkArray@ATL@@@ATL@@UAGJPAPAUIEnumConnections@@@Z 10003108 f i PointCardRW.obj
 0001:00002108       ?EnumConnections@?$IConnectionPointImpl@VCOPOSPointCardRW@@$1?DIID__IOPOSPointCardRWEvents@@3U_GUID@@BVCComDynamicUnkArray@ATL@@@ATL@@UAGJPAPAUIEnumConnections@@@Z 10003108 f i PointCardRW.obj
 0001:0000220b       ?AddCommonRGSReplacements@?$CAtlModuleT@VCComModule@ATL@@@ATL@@UAEJPAUIRegistrarBase@@@Z 1000320b f i PointCardRW.obj
 0001:00002225       ?GetConnectionInterface@?$IConnectionPointImpl@VCOPOSPointCardRW@@$1?DIID__IOPOSPointCardRWEvents@@3U_GUID@@BVCComDynamicUnkArray@ATL@@@ATL@@UAGJPAU_GUID@@@Z 10003225 f i PointCardRW.obj
 0001:00002249       ?GetConnectionPointContainer@?$IConnectionPointImpl@VCOPOSPointCardRW@@$1?DIID__IOPOSPointCardRWEvents@@3U_GUID@@BVCComDynamicUnkArray@ATL@@@ATL@@UAGJPAPAUIConnectionPointContainer@@@Z 10003249 f i PointCardRW.obj
 0001:0000226c       ?UpdateRegistryFromResourceD@CComModule@ATL@@UAGJIHPAU_ATL_REGMAP_ENTRY@2@@Z 1000326c f i PointCardRW.obj
 0001:0000226c       ?UpdateRegistryFromResourceD@CComModule@ATL@@UAGJPB_WHPAU_ATL_REGMAP_ENTRY@2@@Z 1000326c f i PointCardRW.obj
 0001:00002274       ?UpdateRegistryFromResource@CComModule@ATL@@UAGJPB_WHPAU_ATL_REGMAP_ENTRY@2@@Z 10003274 f i PointCardRW.obj
 0001:0000227d       ?UpdateRegistryFromResource@CComModule@ATL@@UAGJIHPAU_ATL_REGMAP_ENTRY@2@@Z 1000327d f i PointCardRW.obj
 0001:00002286       ??_ECComModule@ATL@@UAEPAXI@Z 10003286 f i PointCardRW.obj
 0001:00002286       ??_GCComModule@ATL@@UAEPAXI@Z 10003286 f i PointCardRW.obj
 0001:000022ae       ?UpdateRegistry@COPOSPointCardRW@@SGJH@Z 100032ae f i PointCardRW.obj
 0001:000022c6       ?ProcessWindowMessage@COPOSPointCardRW@@UAEHPAUHWND__@@IIJAAJK@Z 100032c6 f i PointCardRW.obj
 0001:00002313       ?SOData@COPOSPointCardRW@@MAGJJ@Z 10003313 f i PointCardRW.obj
 0001:0000234c       ?SODirectIO@COPOSPointCardRW@@MAGJJPAJPAPA_W@Z 1000334c f i PointCardRW.obj
 0001:00002395       ?SOError@COPOSPointCardRW@@MAGJJJJPAJ@Z 10003395 f i PointCardRW.obj
 0001:000023ea       ?SOOutputComplete@COPOSPointCardRW@@MAGJJ@Z 100033ea f i PointCardRW.obj
 0001:00002423       ?SOStatusUpdate@COPOSPointCardRW@@MAGJJ@Z 10003423 f i PointCardRW.obj
 0001:0000245c       ?CreateInstance@?$CComCreator@V?$CComObjectCached@VCComClassFactory@ATL@@@ATL@@@ATL@@SGJPAXABU_GUID@@PAPAX@Z 1000345c f i PointCardRW.obj
 0001:000024fd       ?CreateInstance@?$CComCreator2@V?$CComCreator@V?$CComObject@VCOPOSPointCardRW@@@ATL@@@ATL@@V?$CComCreator@V?$CComAggObject@VCOPOSPointCardRW@@@ATL@@@2@@ATL@@SGJPAXABU_GUID@@PAPAX@Z 100034fd f i PointCardRW.obj
 0001:0000251d       ?AddRef@?$CComObjectCached@VCComClassFactory@ATL@@@ATL@@UAGKXZ 1000351d f i PointCardRW.obj
 0001:00002544       ?Release@?$CComObjectCached@VCComClassFactory@ATL@@@ATL@@UAGKXZ 10003544 f i PointCardRW.obj
 0001:0000257a       ?QueryInterface@?$CComObjectCached@VCComClassFactory@ATL@@@ATL@@UAGJABU_GUID@@PAPAX@Z 1000357a f i PointCardRW.obj
 0001:00002594       ??_E?$CComObjectCached@VCComClassFactory@ATL@@@ATL@@UAEPAXI@Z 10003594 f i PointCardRW.obj
 0001:00002594       ??_G?$CComObjectCached@VCComClassFactory@ATL@@@ATL@@UAEPAXI@Z 10003594 f i PointCardRW.obj
 0001:000025b6       ?Next@?$CComEnumImpl@UIEnumConnectionPoints@@$1?_GUID_b196b285_bab4_101a_b69c_00aa00341d07@@3U__s_GUID@@BPAUIConnectionPoint@@V?$_CopyInterface@UIConnectionPoint@@@ATL@@@ATL@@UAGJKPAPAUIConnectionPoint@@PAK@Z 100035b6 f i PointCardRW.obj
 0001:00002685       ?Skip@?$CComEnumImpl@UIEnumConnectionPoints@@$1?_GUID_b196b285_bab4_101a_b69c_00aa00341d07@@3U__s_GUID@@BPAUIConnectionPoint@@V?$_CopyInterface@UIConnectionPoint@@@ATL@@@ATL@@UAGJK@Z 10003685 f i PointCardRW.obj
 0001:000026b2       ?Clone@?$CComEnumImpl@UIEnumConnectionPoints@@$1?_GUID_b196b285_bab4_101a_b69c_00aa00341d07@@3U__s_GUID@@BPAUIConnectionPoint@@V?$_CopyInterface@UIConnectionPoint@@@ATL@@@ATL@@UAGJPAPAUIEnumConnectionPoints@@@Z 100036b2 f i PointCardRW.obj
 0001:00002793       ?QueryInterface@?$CComObject@V?$CComEnum@UIEnumConnectionPoints@@$1?_GUID_b196b285_bab4_101a_b69c_00aa00341d07@@3U__s_GUID@@BPAUIConnectionPoint@@V?$_CopyInterface@UIConnectionPoint@@@ATL@@VCComSingleThreadModel@6@@ATL@@@ATL@@UAGJABU_GUID@@PAPAX@Z 10003793 f i PointCardRW.obj
 0001:000027ad       ??_E?$CComObject@V?$CComEnum@UIEnumConnectionPoints@@$1?_GUID_b196b285_bab4_101a_b69c_00aa00341d07@@3U__s_GUID@@BPAUIConnectionPoint@@V?$_CopyInterface@UIConnectionPoint@@@ATL@@VCComSingleThreadModel@6@@ATL@@@ATL@@UAEPAXI@Z 100037ad f i PointCardRW.obj
 0001:000027ad       ??_G?$CComObject@V?$CComEnum@UIEnumConnectionPoints@@$1?_GUID_b196b285_bab4_101a_b69c_00aa00341d07@@3U__s_GUID@@BPAUIConnectionPoint@@V?$_CopyInterface@UIConnectionPoint@@@ATL@@VCComSingleThreadModel@6@@ATL@@@ATL@@UAEPAXI@Z 100037ad f i PointCardRW.obj
 0001:000027cf       ?AddRef@CRegObject@ATL@@UAGKXZ 100037cf f i PointCardRW.obj
 0001:000027d5       ?AddReplacement@CRegObject@ATL@@UAGJPB_W0@Z 100037d5 f i PointCardRW.obj
 0001:0000280e       ?ClearReplacements@CRegObject@ATL@@UAGJXZ 1000380e f i PointCardRW.obj
 0001:00002820       ??_ECRegObject@ATL@@UAEPAXI@Z 10003820 f i PointCardRW.obj
 0001:00002820       ??_GCRegObject@ATL@@UAEPAXI@Z 10003820 f i PointCardRW.obj
 0001:00002842       ?AddRef@?$CComAggObject@VCOPOSPointCardRW@@@ATL@@UAGKXZ 10003842 f i PointCardRW.obj
 0001:00002853       ?Release@?$CComAggObject@VCOPOSPointCardRW@@@ATL@@UAGKXZ 10003853 f i PointCardRW.obj
 0001:0000288f       ?QueryInterface@?$CComAggObject@VCOPOSPointCardRW@@@ATL@@UAGJABU_GUID@@PAPAX@Z 1000388f f i PointCardRW.obj
 0001:000028de       ?AddRef@?$CComContainedObject@VCOPOSPointCardRW@@@ATL@@UAGKXZ 100038de f i PointCardRW.obj
 0001:000028f4       ?Release@?$CComContainedObject@VCOPOSPointCardRW@@@ATL@@UAGKXZ 100038f4 f i PointCardRW.obj
 0001:0000290a       ?QueryInterface@?$CComContainedObject@VCOPOSPointCardRW@@@ATL@@UAGJABU_GUID@@PAPAX@Z 1000390a f i PointCardRW.obj
 0001:00002925       ??_E?$CComAggObject@VCOPOSPointCardRW@@@ATL@@UAEPAXI@Z 10003925 f i PointCardRW.obj
 0001:00002925       ??_G?$CComAggObject@VCOPOSPointCardRW@@@ATL@@UAEPAXI@Z 10003925 f i PointCardRW.obj
 0001:0000294a       ?AddRef@?$CComObject@VCOPOSPointCardRW@@@ATL@@UAGKXZ 1000394a f i PointCardRW.obj
 0001:00002961       ?Release@?$CComObject@VCOPOSPointCardRW@@@ATL@@UAGKXZ 10003961 f i PointCardRW.obj
 0001:000029a3       ?QueryInterface@?$CComObject@VCOPOSPointCardRW@@@ATL@@UAGJABU_GUID@@PAPAX@Z 100039a3 f i PointCardRW.obj
 0001:000029bd       ??$?4UITypeInfo2@@@?$CComPtr@UITypeInfo@@@ATL@@QAEPAUITypeInfo@@ABV?$CComPtr@UITypeInfo2@@@1@@Z 100039bd f i PointCardRW.obj
 0001:000029ea       ??$AtlAdd@K@ATL@@YAJPAKKK@Z 100039ea f i PointCardRW.obj
 0001:00002a0d       ??$AtlAdd@_K@ATL@@YAJPA_K_K1@Z 10003a0d f i PointCardRW.obj
 0001:00002a45       ??$AtlAddThrow@K@ATL@@YAKKK@Z 10003a45 f i PointCardRW.obj
 0001:00002a6b       ??$AtlModuleRegisterWndClassInfoT@VAtlModuleRegisterWndClassInfoParamW@ATL@@@ATL@@YAGPAU_ATL_BASE_MODULE70@0@PAU_ATL_WIN_MODULE70@0@PAU_ATL_WNDCLASSINFOW@0@PAP6GJPAUHWND__@@IIJ@ZVAtlModuleRegisterWndClassInfoParamW@0@@Z 10003a6b f i PointCardRW.obj
 0001:00002bb8       ??$AtlMultiply@H@ATL@@YAJPAHHH@Z 10003bb8 f i PointCardRW.obj
 0001:00002bf0       ??$AtlMultiply@K@ATL@@YAJPAKKK@Z 10003bf0 f i PointCardRW.obj
 0001:00002bf0       ??$AtlMultiply@I@ATL@@YAJPAIII@Z 10003bf0 f i PointCardRW.obj
 0001:00002c12       ??$AtlMultiplyThrow@I@ATL@@YAIII@Z 10003c12 f i PointCardRW.obj
 0001:00002c38       ??0?$CComAggObject@VCOPOSPointCardRW@@@ATL@@QAE@PAX@Z 10003c38 f i PointCardRW.obj
 0001:00002c65       ??0?$CComContainedObject@VCOPOSPointCardRW@@@ATL@@QAE@PAX@Z 10003c65 f i PointCardRW.obj
 0001:00002d1e       ??0?$CComObject@V?$CComEnum@UIEnumConnectionPoints@@$1?_GUID_b196b285_bab4_101a_b69c_00aa00341d07@@3U__s_GUID@@BPAUIConnectionPoint@@V?$_CopyInterface@UIConnectionPoint@@@ATL@@VCComSingleThreadModel@6@@ATL@@@ATL@@QAE@PAX@Z 10003d1e f i PointCardRW.obj
 0001:00002d4c       ??0?$CComObject@V?$CComEnum@UIEnumConnections@@$1?_GUID_b196b287_bab4_101a_b69c_00aa00341d07@@3U__s_GUID@@BUtagCONNECTDATA@@V?$_Copy@UtagCONNECTDATA@@@ATL@@VCComSingleThreadModel@6@@ATL@@@ATL@@QAE@PAX@Z 10003d4c f i PointCardRW.obj
 0001:00002d7a       ??0?$CComObject@VCOPOSPointCardRW@@@ATL@@QAE@PAX@Z 10003d7a f i PointCardRW.obj
 0001:00002e31       ??0?$CComQIPtr@UIOleControlSite@@$1?_GUID_b196b289_bab4_101a_b69c_00aa00341d07@@3U__s_GUID@@B@ATL@@QAE@PAUIUnknown@@@Z 10003e31 f i PointCardRW.obj
 0001:00002e5a       ??0CAtlModule@ATL@@QAE@XZ  10003e5a f i PointCardRW.obj
 0001:00002e9b       ??0CParseBuffer@CRegParser@ATL@@QAE@H@Z 10003e9b f i PointCardRW.obj
 0001:00002ed1       ??0_ATL_MSG@ATL@@QAE@PAUHWND__@@IIJH@Z 10003ed1 f i PointCardRW.obj
 0001:00002f09       ??1?$CComAggObject@VCOPOSPointCardRW@@@ATL@@UAE@XZ 10003f09 f i PointCardRW.obj
 0001:00002f2d       ??1?$CComEnumImpl@UIEnumConnectionPoints@@$1?_GUID_b196b285_bab4_101a_b69c_00aa00341d07@@3U__s_GUID@@BPAUIConnectionPoint@@V?$_CopyInterface@UIConnectionPoint@@@ATL@@@ATL@@UAE@XZ 10003f2d f i PointCardRW.obj
 0001:00002f69       ??1?$CComEnumImpl@UIEnumConnections@@$1?_GUID_b196b287_bab4_101a_b69c_00aa00341d07@@3U__s_GUID@@BUtagCONNECTDATA@@V?$_Copy@UtagCONNECTDATA@@@ATL@@@ATL@@UAE@XZ 10003f69 f i PointCardRW.obj
 0001:00002fa5       ??1?$CComObject@V?$CComEnum@UIEnumConnectionPoints@@$1?_GUID_b196b285_bab4_101a_b69c_00aa00341d07@@3U__s_GUID@@BPAUIConnectionPoint@@V?$_CopyInterface@UIConnectionPoint@@@ATL@@VCComSingleThreadModel@6@@ATL@@@ATL@@UAE@XZ 10003fa5 f i PointCardRW.obj
 0001:00002fc8       ??1?$CComObject@V?$CComEnum@UIEnumConnections@@$1?_GUID_b196b287_bab4_101a_b69c_00aa00341d07@@3U__s_GUID@@BUtagCONNECTDATA@@V?$_Copy@UtagCONNECTDATA@@@ATL@@VCComSingleThreadModel@6@@ATL@@@ATL@@UAE@XZ 10003fc8 f i PointCardRW.obj
 0001:00002feb       ??1?$CComObject@VCOPOSPointCardRW@@@ATL@@UAE@XZ 10003feb f i PointCardRW.obj
 0001:000030a9       ??1?$CComObjectCached@VCComClassFactory@ATL@@@ATL@@UAE@XZ 100040a9 f i PointCardRW.obj
 0001:000030bf       ??1?$CComObjectRootEx@VCComMultiThreadModel@ATL@@@ATL@@QAE@XZ 100040bf f i PointCardRW.obj
 0001:000030d4       ??1CRegObject@ATL@@UAE@XZ  100040d4 f i PointCardRW.obj
 0001:000030f4       ??4?$CComPtr@UIUnknown@@@ATL@@QAEPAUIUnknown@@PAU2@@Z 100040f4 f i PointCardRW.obj
 0001:000030f4       ??4?$CComPtr@UIAdviseSink@@@ATL@@QAEPAUIAdviseSink@@PAU2@@Z 100040f4 f i PointCardRW.obj
 0001:000030f4       ??4?$CComPtr@UIOleClientSite@@@ATL@@QAEPAUIOleClientSite@@PAU2@@Z 100040f4 f i PointCardRW.obj
 0001:00003122       ??_G?$CComContainedObject@VCOPOSPointCardRW@@@ATL@@UAEPAXI@Z 10004122 f i PointCardRW.obj
 0001:00003122       ??_E?$CComContainedObject@VCOPOSPointCardRW@@@ATL@@UAEPAXI@Z 10004122 f i PointCardRW.obj
 0001:00003147       ??_G?$CComObject@VCOPOSPointCardRW@@@ATL@@UAEPAXI@Z 10004147 f i PointCardRW.obj
 0001:00003147       ??_E?$CComObject@VCOPOSPointCardRW@@@ATL@@UAEPAXI@Z 10004147 f i PointCardRW.obj
 0001:0000316c       ?Add@?$CSimpleArray@GV?$CSimpleArrayEqualHelper@G@ATL@@@ATL@@QAEHABG@Z 1000416c f i PointCardRW.obj
 0001:000031e6       ?Add@?$CSimpleMap@PA_WPA_WVCExpansionVectorEqualHelper@ATL@@@ATL@@QAEHABQA_W0@Z 100041e6 f i PointCardRW.obj
 0001:0000323b       ?Add@CComDynamicUnkArray@ATL@@QAEKPAUIUnknown@@@Z 1000423b f i PointCardRW.obj
 0001:000032ec       ?Add@CExpansionVector@ATL@@QAEHPB_W0@Z 100042ec f i PointCardRW.obj
 0001:000033f5       ?AddString@CParseBuffer@CRegParser@ATL@@QAEHPB_W@Z 100043f5 f i PointCardRW.obj
 0001:0000342a       ?AddTermFunc@CAtlModule@ATL@@QAEJP6GXK@ZK@Z 1000442a f i PointCardRW.obj
 0001:00003496       ?AddValue@CRegParser@ATL@@IAEJAAVCRegKey@2@PB_WPA_W@Z 10004496 f i PointCardRW.obj
 0001:000037b0       ?Allocate@?$CAtlSafeAllocBufferManager@VCCRTAllocator@ATL@@@_ATL_SAFE_ALLOCA_IMPL@ATL@@QAEPAXK@Z 100047b0 f i PointCardRW.obj
 0001:000037dd       ?Allocate@?$CTempBuffer@E$0BAA@VCCRTAllocator@ATL@@@ATL@@QAEPAEI@Z 100047dd f i PointCardRW.obj
 0001:0000380c       ?Allocate@?$CTempBuffer@_W$0BAA@VCCRTAllocator@ATL@@@ATL@@QAEPA_WI@Z 1000480c f i PointCardRW.obj
 0001:0000383b       ?Allocate@?$CTempBuffer@_W$0EAA@VCCRTAllocator@ATL@@@ATL@@QAEPA_WI@Z 1000483b f i PointCardRW.obj
 0001:0000386a       ?AllocateHeap@?$CTempBuffer@_W$0EAA@VCCRTAllocator@ATL@@@ATL@@AAEXI@Z 1000486a f i PointCardRW.obj
 0001:0000386a       ?AllocateHeap@?$CTempBuffer@E$0BAA@VCCRTAllocator@ATL@@@ATL@@AAEXI@Z 1000486a f i PointCardRW.obj
 0001:0000386a       ?AllocateHeap@?$CTempBuffer@_W$0BAA@VCCRTAllocator@ATL@@@ATL@@AAEXI@Z 1000486a f i PointCardRW.obj
 0001:0000388f       ?Append@CParseBuffer@CRegParser@ATL@@QAEHPB_WH@Z 1000488f f i PointCardRW.obj
 0001:0000391b       ?AtlCoTaskMemCAlloc@ATL@@YAPAXKK@Z 1000491b f i PointCardRW.obj
 0001:00003948       ?AtlCoTaskMemRecalloc@ATL@@YAPAXPAXKK@Z 10004948 f i PointCardRW.obj
 0001:00003978       ?AtlComModuleGetClassObject@ATL@@YGJPAU_ATL_COM_MODULE70@1@ABU_GUID@@1PAPAX@Z 10004978 f i PointCardRW.obj
 0001:00003a6d       ?AtlComModuleRegisterServer@ATL@@YGJPAU_ATL_COM_MODULE70@1@HPBU_GUID@@@Z 10004a6d f i PointCardRW.obj
 0001:00003af5       ?AtlComModuleUnregisterServer@ATL@@YGJPAU_ATL_COM_MODULE70@1@HPBU_GUID@@@Z 10004af5 f i PointCardRW.obj
 0001:00003b7d       ?AtlComQIPtrAssign2@ATL@@YAXPAPAUIUnknown@@PAU2@ABU_GUID@@@Z 10004b7d f i PointCardRW.obj
 0001:00003bac       ?AtlCreateTargetDC@ATL@@YGPAUHDC__@@PAU2@PAUtagDVTARGETDEVICE@@@Z 10004bac f i PointCardRW.obj
 0001:00003c15       ?AtlCrtErrorCheck@ATL@@YAHH@Z 10004c15 f i PointCardRW.obj
 0001:00003c50       ?AtlHiMetricToPixel@ATL@@YGXPBUtagSIZE@@PAU2@@Z 10004c50 f i PointCardRW.obj
 0001:00003cc5       ?AtlHresultFromLastError@ATL@@YAJXZ 10004cc5 f i PointCardRW.obj
 0001:00003cdc       ?AtlHresultFromWin32@ATL@@YAJK@Z 10004cdc f i PointCardRW.obj
 0001:00003cf1       ?AtlInternalOleLoadFromStream@ATL@@YAJPAUIStream@@ABU_GUID@@PAPAXTClassesAllowedInStream@1@K@Z 10004cf1 f i PointCardRW.obj
 0001:00003e1a       ?AtlInternalQueryInterface@ATL@@YGJPAXPBU_ATL_INTMAP_ENTRY@1@ABU_GUID@@PAPAX@Z 10004e1a f i PointCardRW.obj
 0001:00003ebd       ?AtlLoadTypeLib@ATL@@YGJPAUHINSTANCE__@@PB_WPAPA_WPAPAUITypeLib@@@Z 10004ebd f i PointCardRW.obj
 0001:0000409b       ?AtlRegisterClassCategoriesHelper@ATL@@YGJABU_GUID@@PBU_ATL_CATMAP_ENTRY@1@H@Z 1000509b f i PointCardRW.obj
 0001:00004397       ?AtlRegisterTypeLib@ATL@@YGJPAUHINSTANCE__@@PB_W@Z 10005397 f i PointCardRW.obj
 0001:0000451f       ?AtlThrowImpl@ATL@@YGXJ@Z  1000551f f i PointCardRW.obj
 0001:0000453d       ?AtlUnRegisterTypeLib@ATL@@YGJPAUHINSTANCE__@@PB_W@Z 1000553d f i PointCardRW.obj
 0001:000045e8       ?AtlWinModuleAddCreateWndData@ATL@@YGXPAU_ATL_WIN_MODULE70@1@PAU_AtlCreateWndData@1@PAX@Z 100055e8 f i PointCardRW.obj
 0001:0000463c       ?AtlWinModuleExtractCreateWndData@ATL@@YGPAXPAU_ATL_WIN_MODULE70@1@@Z 1000563c f i PointCardRW.obj
 0001:000046a0       ?AtlWinModuleRegisterClassExW@ATL@@YGGPAU_ATL_WIN_MODULE70@1@PBUtagWNDCLASSEXW@@@Z 100056a0 f i PointCardRW.obj
 0001:000046df       ?CanForceRemoveKey@CRegParser@ATL@@IAEHPB_W@Z 100056df f i PointCardRW.obj
 0001:0000470e       ?ChToByte@CRegParser@ATL@@KAE_W@Z 1000570e f i PointCardRW.obj
 0001:00004796       ?Cleanup@CComTypeInfoHolder@ATL@@SGXK@Z 10005796 f i PointCardRW.obj
 0001:000047c9       ?ClearReplacements@CExpansionVector@ATL@@QAEJXZ 100057c9 f i PointCardRW.obj
 0001:00004806       ?Close@CRegKey@ATL@@QAEJXZ 10005806 f i PointCardRW.obj
 0001:00004820       ?CreateInstance@?$CComCreator@V?$CComAggObject@VCOPOSPointCardRW@@@ATL@@@ATL@@SGJPAXABU_GUID@@PAPAX@Z 10005820 f i PointCardRW.obj
 0001:00004895       ?CreateInstance@?$CComCreator@V?$CComObject@VCOPOSPointCardRW@@@ATL@@@ATL@@SGJPAXABU_GUID@@PAPAX@Z 10005895 f i PointCardRW.obj
 0001:0000491e       ?CreateInstance@?$CComObject@V?$CComEnum@UIEnumConnectionPoints@@$1?_GUID_b196b285_bab4_101a_b69c_00aa00341d07@@3U__s_GUID@@BPAUIConnectionPoint@@V?$_CopyInterface@UIConnectionPoint@@@ATL@@VCComSingleThreadModel@6@@ATL@@@ATL@@SGJPAPAV12@@Z 1000591e f i PointCardRW.obj
 0001:00004968       ?CreateInstance@?$CComObject@V?$CComEnum@UIEnumConnections@@$1?_GUID_b196b287_bab4_101a_b69c_00aa00341d07@@3U__s_GUID@@BUtagCONNECTDATA@@V?$_Copy@UtagCONNECTDATA@@@ATL@@VCComSingleThreadModel@6@@ATL@@@ATL@@SGJPAPAV12@@Z 10005968 f i PointCardRW.obj
 0001:000049b2       ?DefaultReflectionHandler@?$CWindowImplRoot@VCWindow@ATL@@@ATL@@SAHPAUHWND__@@IIJAAJ@Z 100059b2 f i PointCardRW.obj
 0001:00004a52       ?DeleteSubKey@CRegKey@ATL@@QAEJPB_W@Z 10005a52 f i PointCardRW.obj
 0001:00004acb       ?DoEvent@COPOSPointCardRW@@IAEXIIJ@Z 10005acb f i PointCardRW.obj
 0001:00004b4b       ?DoVerbHide@?$IOleObjectImpl@VCOPOSPointCardRW@@@ATL@@QAEJPBUtagRECT@@PAUHWND__@@@Z 10005b4b f i PointCardRW.obj
 0001:00004b81       ?DoVerbInPlaceActivate@?$IOleObjectImpl@VCOPOSPointCardRW@@@ATL@@QAEJPBUtagRECT@@PAUHWND__@@@Z 10005b81 f i PointCardRW.obj
 0001:00004bb4       ?DoVerbPrimary@?$IOleObjectImpl@VCOPOSPointCardRW@@@ATL@@QAEJPBUtagRECT@@PAUHWND__@@@Z 10005bb4 f i PointCardRW.obj
 0001:00004c40       ?DoVerbProperties@CComControlBase@ATL@@QAEJPBUtagRECT@@PAUHWND__@@@Z 10005c40 f i PointCardRW.obj
 0001:00004dbf       ?DoVerbUIActivate@?$IOleObjectImpl@VCOPOSPointCardRW@@@ATL@@QAEJPBUtagRECT@@PAUHWND__@@@Z 10005dbf f i PointCardRW.obj
 0001:00004dfc       ?DoesVerbActivate@CComControlBase@ATL@@QAEHJ@Z 10005dfc f i PointCardRW.obj
 0001:00004e20       ?DoesVerbUIActivate@CComControlBase@ATL@@QAEHJ@Z 10005e20 f i PointCardRW.obj
 0001:00004e55       ?EndOfVar@CRegParser@ATL@@IAEHXZ 10005e55 f i PointCardRW.obj
 0001:00004e75       ?EscapeSingleQuote@CAtlModule@ATL@@SAXPA_WIPB_W@Z 10005e75 f i PointCardRW.obj
 0001:00004ec4       ?FindKey@?$CSimpleMap@PA_WPA_WVCExpansionVectorEqualHelper@ATL@@@ATL@@QBEHABQA_W@Z 10005ec4 f i PointCardRW.obj
 0001:00004efb       ?FireTheEvent@?$CProxy_IOPOSEvents@VCOPOSPointCardRW@@@@IAEXPAVOposVariant@@IAAJPB_WJ@Z 10005efb f i PointCardRW.obj
 0001:00004f8d       ?FireViewChange@CComControlBase@ATL@@QAEJXZ 10005f8d f i PointCardRW.obj
 0001:00004fd6       ?Fire_DataEvent@?$CProxy_IOPOSEvents@VCOPOSPointCardRW@@@@QAEXJ@Z 10005fd6 f i PointCardRW.obj
 0001:0000506c       ?Fire_DirectIOEvent@?$CProxy_IOPOSEvents@VCOPOSPointCardRW@@@@QAEXJPAJPAPA_W@Z 1000606c f i PointCardRW.obj
 0001:00005158       ?Fire_ErrorEvent@?$CProxy_IOPOSEvents@VCOPOSPointCardRW@@@@QAEXJJJPAJ@Z 10006158 f i PointCardRW.obj
 0001:00005249       ?Fire_OutputCompleteEvent@?$CProxy_IOPOSEvents@VCOPOSPointCardRW@@@@QAEXJ@Z 10006249 f i PointCardRW.obj
 0001:000052df       ?Fire_StatusUpdateEvent@?$CProxy_IOPOSEvents@VCOPOSPointCardRW@@@@QAEXJ@Z 100062df f i PointCardRW.obj
 0001:00005375       ?FreeHeap@?$CTempBuffer@_W$0EAA@VCCRTAllocator@ATL@@@ATL@@AAEXXZ 10006375 f i PointCardRW.obj
 0001:00005375       ?FreeHeap@?$CTempBuffer@E$0BAA@VCCRTAllocator@ATL@@@ATL@@AAEXXZ 10006375 f i PointCardRW.obj
 0001:00005375       ?FreeHeap@?$CTempBuffer@_W$0BAA@VCCRTAllocator@ATL@@@ATL@@AAEXXZ 10006375 f i PointCardRW.obj
 0001:0000537e       ?GetAmbientLocaleID@CComControlBase@ATL@@QAEJAAK@Z 1000637e f i PointCardRW.obj
 0001:000053da       ?GetAmbientUserMode@CComControlBase@ATL@@QAEJAAH@Z 100063da f i PointCardRW.obj
 0001:0000544a       ?GetAt@CComDynamicUnkArray@ATL@@QAEPAUIUnknown@@H@Z 1000644a f i PointCardRW.obj
 0001:00005466       ?GetClassObject@CComModule@ATL@@QAEJABU_GUID@@0PAPAX@Z 10006466 f i PointCardRW.obj
 0001:00005508       ?GetConnMap@COPOSPointCardRW@@SAPBU_ATL_CONNMAP_ENTRY@ATL@@PAH@Z 10006508 f i PointCardRW.obj
 0001:00005578       ?GetCookie@CComDynamicUnkArray@ATL@@QAGKPAPAUIUnknown@@@Z 10006578 f i PointCardRW.obj
 0001:000055b0       ?GetIDsOfNames@CComTypeInfoHolder@ATL@@QAEJABU_GUID@@PAPA_WIKPAJ@Z 100065b0 f i PointCardRW.obj
 0001:000056d0       ?GetKeyAt@?$CSimpleMap@PA_WPA_WVCExpansionVectorEqualHelper@ATL@@@ATL@@QBEAAPA_WH@Z 100066d0 f i PointCardRW.obj
 0001:000056f5       ?GetPagesHelper@?$ISpecifyPropertyPagesImpl@VCOPOSPointCardRW@@@ATL@@IAEJPAUtagCAUUID@@PBUATL_PROPMAP_ENTRY@2@@Z 100066f5 f i PointCardRW.obj
 0001:0000581c       ?GetProperty@?$CComPtr@UIDispatch@@@ATL@@SAJPAUIDispatch@@JPAUtagVARIANT@@@Z 1000681c f i PointCardRW.obj
 0001:0000586b       ?GetSizeMax@CComVariant@ATL@@QBEJPAT_ULARGE_INTEGER@@@Z 1000686b f i PointCardRW.obj
 0001:00005a2d       ?GetTI@CComTypeInfoHolder@ATL@@QAEJK@Z 10006a2d f i PointCardRW.obj
 0001:00005c0d       ?GetTI@CComTypeInfoHolder@ATL@@QAEJKPAPAUITypeInfo@@@Z 10006c0d f i PointCardRW.obj
 0001:00005c4b       ?GetUnknown@CComDynamicUnkArray@ATL@@QAGPAUIUnknown@@K@Z 10006c4b f i PointCardRW.obj
 0001:00005c6c       ?GetValueAt@?$CSimpleMap@PA_WPA_WVCExpansionVectorEqualHelper@ATL@@@ATL@@QBEAAPA_WH@Z 10006c6c f i PointCardRW.obj
 0001:00005c92       ?GetZoomInfo@CComControlBase@ATL@@QAEXAAUATL_DRAWINFO@@@Z 10006c92 f i PointCardRW.obj
 0001:00005d25       ?HKeyFromString@CRegParser@ATL@@KAPAUHKEY__@@PA_W@Z 10006d25 f i PointCardRW.obj
 0001:00005d53       ?HasSubKeys@CRegParser@ATL@@IAEHPAUHKEY__@@@Z 10006d53 f i PointCardRW.obj
 0001:00005d88       ?IDataObject_GetData@CComControlBase@ATL@@QAEJPAUtagFORMATETC@@PAUtagSTGMEDIUM@@@Z 10006d88 f i PointCardRW.obj
 0001:00005f2a       ?IOleInPlaceObject_InPlaceDeactivate@CComControlBase@ATL@@QAEJXZ 10006f2a f i PointCardRW.obj
 0001:00005fb1       ?IOleInPlaceObject_SetObjectRects@CComControlBase@ATL@@QAEJPBUtagRECT@@0@Z 10006fb1 f i PointCardRW.obj
 0001:0000607e       ?IOleInPlaceObject_UIDeactivate@CComControlBase@ATL@@QAEJXZ 1000707e f i PointCardRW.obj
 0001:00006140       ?IOleObject_Advise@CComControlBase@ATL@@QAEJPAUIAdviseSink@@PAK@Z 10007140 f i PointCardRW.obj
 0001:0000616a       ?IOleObject_Close@CComControlBase@ATL@@QAEJK@Z 1000716a f i PointCardRW.obj
 0001:0000624e       ?IOleObject_GetClientSite@CComControlBase@ATL@@QAEJPAPAUIOleClientSite@@@Z 1000724e f i PointCardRW.obj
 0001:00006277       ?IOleObject_SetClientSite@CComControlBase@ATL@@QAEJPAUIOleClientSite@@@Z 10007277 f i PointCardRW.obj
 0001:000062b6       ?IOleObject_SetExtent@CComControlBase@ATL@@QAEJKPAUtagSIZE@@@Z 100072b6 f i PointCardRW.obj
 0001:00006368       ?IPSI_GetIPersistStreamInit@?$IPersistStorageImpl@VCOPOSPointCardRW@@@ATL@@AAEPAUIPersistStreamInit@@XZ 10007368 f i PointCardRW.obj
 0001:00006410       ?IPersistStreamInit_Load@?$IPersistStreamInitImpl@VCOPOSPointCardRW@@@ATL@@QAEJPAUIStream@@PBUATL_PROPMAP_ENTRY@2@@Z 10007410 f i PointCardRW.obj
 0001:00006686       ?IPersistStreamInit_Save@?$IPersistStreamInitImpl@VCOPOSPointCardRW@@@ATL@@QAEJPAUIStream@@HPBUATL_PROPMAP_ENTRY@2@@Z 10007686 f i PointCardRW.obj
 0001:00006875       ?IQuickActivate_QuickActivate@CComControlBase@ATL@@QAEJPAUtagQACONTAINER@@PAUtagQACONTROL@@@Z 10007875 f i PointCardRW.obj
 0001:00006ab7       ?IViewObject_Draw@CComControlBase@ATL@@QAEJKJPAXPAUtagDVTARGETDEVICE@@PAUHDC__@@2PBU_RECTL@@3@Z 10007ab7 f i PointCardRW.obj
 0001:00006b5f       ?InPlaceActivate@CComControlBase@ATL@@QAEJJPBUtagRECT@@@Z 10007b5f f i PointCardRW.obj
 0001:00006dd1       ?Init@?$CComEnumImpl@UIEnumConnectionPoints@@$1?_GUID_b196b285_bab4_101a_b69c_00aa00341d07@@3U__s_GUID@@BPAUIConnectionPoint@@V?$_CopyInterface@UIConnectionPoint@@@ATL@@@ATL@@QAEJPAPAUIConnectionPoint@@0PAUIUnknown@@W4CComEnumFlags@2@@Z 10007dd1 f i PointCardRW.obj
 0001:00006ead       ?Init@?$CComEnumImpl@UIEnumConnections@@$1?_GUID_b196b287_bab4_101a_b69c_00aa00341d07@@3U__s_GUID@@BUtagCONNECTDATA@@V?$_Copy@UtagCONNECTDATA@@@ATL@@@ATL@@QAEJPAUtagCONNECTDATA@@0PAUIUnknown@@W4CComEnumFlags@2@@Z 10007ead f i PointCardRW.obj
 0001:00006f89       ?Init@CComModule@ATL@@QAEJPAU_ATL_OBJMAP_ENTRY30@2@PAUHINSTANCE__@@PBU_GUID@@@Z 10007f89 f i PointCardRW.obj
 0001:00006fe8       ?Init@CDynamicStdCallThunk2@ATL@@QAEHKPAX@Z 10007fe8 f i PointCardRW.obj
 0001:00007013       ?InlineIsEqualUnknown@ATL@@YGHABU_GUID@@@Z 10008013 f i PointCardRW.obj
 0001:0000703b       ?InternalSetAtIndex@?$CSimpleMap@PA_WPA_WVCExpansionVectorEqualHelper@ATL@@@ATL@@QAEXHABQA_W0@Z 1000803b f i PointCardRW.obj
 0001:00007065       ?Invoke@CComTypeInfoHolder@ATL@@QAEJPAUIDispatch@@JABU_GUID@@KGPAUtagDISPPARAMS@@PAUtagVARIANT@@PAUtagEXCEPINFO@@PAI@Z 10008065 f i PointCardRW.obj
 0001:000070a6       ?IsEqualObject@?$CComPtrBase@UIOleClientSite@@@ATL@@QAE_NPAUIUnknown@@@Z 100080a6 f i PointCardRW.obj
 0001:000070a6       ?IsEqualObject@?$CComPtrBase@UITypeInfo@@@ATL@@QAE_NPAUIUnknown@@@Z 100080a6 f i PointCardRW.obj
 0001:00007112       ?IsSpace@CRegParser@ATL@@IAEH_W@Z 10008112 f i PointCardRW.obj
 0001:00007138       ?LoadNameCache@CComTypeInfoHolder@ATL@@QAEJPAUITypeInfo@@@Z 10008138 f i PointCardRW.obj
 0001:0000726d       ?Lookup@?$CSimpleMap@PA_WPA_WVCExpansionVectorEqualHelper@ATL@@@ATL@@QBEPA_WABQA_W@Z 1000826d f i PointCardRW.obj
 0001:00007293       ?NextToken@CRegParser@ATL@@IAEJPA_W@Z 10008293 f i PointCardRW.obj
 0001:000073c2       ?OnKillFocus@CComControlBase@ATL@@QAEJIIJAAH@Z 100083c2 f i PointCardRW.obj
 0001:0000741d       ?OnMouseActivate@CComControlBase@ATL@@QAEJIIJAAH@Z 1000841d f i PointCardRW.obj
 0001:0000748b       ?OnPaint@CComControlBase@ATL@@QAEJIIJAAH@Z 1000848b f i PointCardRW.obj
 0001:00007542       ?OnSetFocus@CComControlBase@ATL@@QAEJIIJAAH@Z 10008542 f i PointCardRW.obj
 0001:000075cd       ?Open@CRegKey@ATL@@QAEJPAUHKEY__@@PB_WK@Z 100085cd f i PointCardRW.obj
 0001:00007622       ?PreProcessBuffer@CRegParser@ATL@@QAEJPA_WPAPA_W@Z 10008622 f i PointCardRW.obj
 0001:00007892       ?ProcessWindowMessage@?$CComControl@VCOPOSPointCardRW@@V?$CWindowImpl@VCOPOSPointCardRW@@VCWindow@ATL@@V?$CWinTraits@$0FGAAAAAA@$0A@@3@@ATL@@@ATL@@UAEHPAUHWND__@@IIJAAJK@Z 10008892 f i PointCardRW.obj
 0001:0000793a       ?ReadFromStream@CComBSTR@ATL@@QAEJPAUIStream@@@Z 1000893a f i PointCardRW.obj
 0001:00007a5d       ?ReadFromStream@CComVariant@ATL@@QAEJPAUIStream@@GTClassesAllowedInStream@2@K@Z 10008a5d f i PointCardRW.obj
 0001:00007be7       ?RecurseDeleteKey@CRegKey@ATL@@QAEJPB_W@Z 10008be7 f i PointCardRW.obj
 0001:00007cd5       ?RegCreateKeyExW@CAtlTransactionManager@ATL@@QAEJPAUHKEY__@@PB_WKPA_WKKQAU_SECURITY_ATTRIBUTES@@PAPAU3@PAK@Z 10008cd5 f i PointCardRW.obj
 0001:00007d38       ?RegDeleteKeyW@CAtlTransactionManager@ATL@@QAEJPAUHKEY__@@PB_W@Z 10008d38 f i PointCardRW.obj
 0001:00007d8a       ?RegOpenKeyExW@CAtlTransactionManager@ATL@@QAEJPAUHKEY__@@PB_WKKPAPAU3@@Z 10008d8a f i PointCardRW.obj
 0001:00007de1       ?Register@_ATL_WNDCLASSINFOW@ATL@@QAEGPAP6GJPAUHWND__@@IIJ@Z@Z 10008de1 f i PointCardRW.obj
 0001:00007e01       ?RegisterBuffer@CRegParser@ATL@@QAEJPA_WH@Z 10008e01 f i PointCardRW.obj
 0001:00007f48       ?RegisterFromResource@CRegObject@ATL@@IAEJPB_W00H@Z 10008f48 f i PointCardRW.obj
 0001:0000807e       ?RegisterServer@?$CAtlModuleT@VCComModule@ATL@@@ATL@@QAEJHPBU_GUID@@@Z 1000907e f i PointCardRW.obj
 0001:000080ac       ?RegisterServer@CComModule@ATL@@QAEJHPBU_GUID@@@Z 100090ac f i PointCardRW.obj
 0001:0000811d       ?RegisterSubkeys@CRegParser@ATL@@IAEJPA_WPAUHKEY__@@HH@Z 1000911d f i PointCardRW.obj
 0001:00008779       ?Remove@CComDynamicUnkArray@ATL@@QAEHK@Z 10009779 f i PointCardRW.obj
 0001:000087a2       ?RemoveAll@?$CSimpleMap@PA_WPA_WVCExpansionVectorEqualHelper@ATL@@@ATL@@QAEXXZ 100097a2 f i PointCardRW.obj
 0001:000087ce       ?ResourceRegisterSz@CRegObject@ATL@@QAGJPB_W00@Z 100097ce f i PointCardRW.obj
 0001:000087fb       ?ResourceUnregisterSz@CRegObject@ATL@@QAGJPB_W00@Z 100097fb f i PointCardRW.obj
 0001:00008828       ?SendOnDataChange@CComControlBase@ATL@@QAEJK@Z 10009828 f i PointCardRW.obj
 0001:00008875       ?SetControlFocus@CComControlBase@ATL@@QAEHH@Z 10009875 f i PointCardRW.obj
 0001:00008910       ?SetMultiStringValue@CRegKey@ATL@@QAEJPB_W0@Z 10009910 f i PointCardRW.obj
 0001:0000896c       ?SetStringValue@CRegKey@ATL@@QAEJPB_W0K@Z 1000996c f i PointCardRW.obj
 0001:000089b5       ?SkipAssignment@CRegParser@ATL@@IAEJPA_W@Z 100099b5 f i PointCardRW.obj
 0001:00008a21       ?SkipWhiteSpace@CRegParser@ATL@@IAEXXZ 10009a21 f i PointCardRW.obj
 0001:00008a4a       ?StrChrW@CRegParser@ATL@@KAPA_WPA_W_W@Z 10009a4a f i PointCardRW.obj
 0001:00008a87       ?Term@CAtlModule@ATL@@QAEXXZ 10009a87 f i PointCardRW.obj
 0001:00008b04       ?Term@CComModule@ATL@@QAEXXZ 10009b04 f i PointCardRW.obj
 0001:00008b5c       ?UnregisterServer@?$CAtlModuleT@VCComModule@ATL@@@ATL@@QAEJHPBU_GUID@@@Z 10009b5c f i PointCardRW.obj
 0001:00008b82       ?UnregisterServer@CComModule@ATL@@QAEJHPBU_GUID@@@Z 10009b82 f i PointCardRW.obj
 0001:00008bf3       ?UpdateRegistryFromResource@CAtlModule@ATL@@QAGJIHPAU_ATL_REGMAP_ENTRY@2@@Z 10009bf3 f i PointCardRW.obj
 0001:00008dbe       ?UpdateRegistryFromResource@CAtlModule@ATL@@QAGJPB_WHPAU_ATL_REGMAP_ENTRY@2@@Z 10009dbe f i PointCardRW.obj
 0001:00008f8f       ?VTFromRegType@CRegParser@ATL@@KAHPB_WAAG@Z 10009f8f f i PointCardRW.obj
 0001:00008ffc       ?WindowProc@?$CWindowImplBaseT@VCWindow@ATL@@V?$CWinTraits@$0FGAAAAAA@$0A@@2@@ATL@@SGJPAUHWND__@@IIJ@Z 10009ffc f i PointCardRW.obj
 0001:000090ea       ?WriteToStream@CComBSTR@ATL@@QAEJPAUIStream@@@Z 1000a0ea f i PointCardRW.obj
 0001:0000914c       ?WriteToStream@CComVariant@ATL@@QAEJPAUIStream@@@Z 1000a14c f i PointCardRW.obj
 0001:000092c6       ?WriteToStream@CComVariant@ATL@@QAEJPAUIStream@@G@Z 1000a2c6 f i PointCardRW.obj
 0001:0000932f       ?_AtlInitialConstruct@?$CComObjectRootEx@VCComMultiThreadModel@ATL@@@ATL@@QAEJXZ 1000a32f f i PointCardRW.obj
 0001:00009344       ?_AtlVerifyStackAvailable@_ATL_SAFE_ALLOCA_IMPL@ATL@@YA_NK@Z 1000a344 f i PointCardRW.obj
 0001:000093c2       ?atlCreate@?$CWindowImpl@VCOPOSPointCardRW@@VCWindow@ATL@@V?$CWinTraits@$0FGAAAAAA@$0A@@3@@ATL@@QAEPAUHWND__@@PAU3@V_U_RECT@2@PB_WKKV_U_MENUorID@2@PAX@Z 1000a3c2 f i PointCardRW.obj
 0001:0000940d       ?atlCreate@?$CWindowImplBaseT@VCWindow@ATL@@V?$CWinTraits@$0FGAAAAAA@$0A@@2@@ATL@@QAEPAUHWND__@@PAU3@V_U_RECT@2@PB_WKKV_U_MENUorID@2@GPAX@Z 1000a40d f i PointCardRW.obj
 0001:000094a9       ?copy@?$_Copy@UtagCONNECTDATA@@@ATL@@SAJPAUtagCONNECTDATA@@PBU3@@Z 1000a4a9 f i PointCardRW.obj
 0001:000094df       ?copy@?$_CopyInterface@UIConnectionPoint@@@ATL@@SAJPAPAUIConnectionPoint@@PBQAU3@@Z 1000a4df f i PointCardRW.obj
 0001:0000950d       ?memcpy_s@Checked@ATL@@YAXPAXIPBXI@Z 1000a50d f i PointCardRW.obj
 0001:0000952c       ?ocscpy_s@@YA_NPA_WIPB_W@Z 1000a52c f i PointCardRW.obj
 0001:00009576       ?wcscpy_s@Checked@ATL@@YAXPA_WIPB_W@Z 1000a576 f i PointCardRW.obj
 0001:00009592       _DllCanUnloadNow@0         1000a592 f   PointCardRW.obj
 0001:0000959e       _DllGetClassObject@12      1000a59e f   PointCardRW.obj
 0001:000095ac       _DllMain@12                1000a5ac f   PointCardRW.obj
 0001:000095ee       _DllRegisterServer@0       1000a5ee f   PointCardRW.obj
 0001:000095fd       _DllUnregisterServer@0     1000a5fd f   PointCardRW.obj
 0001:0000960c       _InlineIsEqualGUID         1000a60c f i PointCardRW.obj
 0001:0000963c       ___local_stdio_printf_options 1000a63c f i PointCardRW.obj
 0001:00009642       __vswprintf_s_l            1000a642 f i PointCardRW.obj
 0001:000096ef       _swprintf_s                1000a6ef f i PointCardRW.obj
 0001:0000970b       ??0?$CComControl@VCOPOSPointCardRW@@V?$CWindowImpl@VCOPOSPointCardRW@@VCWindow@ATL@@V?$CWinTraits@$0FGAAAAAA@$0A@@3@@ATL@@@ATL@@QAE@XZ 1000a70b f i PointCardRWImpl.obj
 0001:00009732       ??0?$CProxy_IOPOSEvents@VCOPOSPointCardRW@@@@QAE@XZ 1000a732 f i PointCardRWImpl.obj
 0001:00009755       ??0CComControlBase@ATL@@QAE@AAPAUHWND__@@@Z 1000a755 f i PointCardRWImpl.obj
 0001:000097a5       ??0COPOSPointCardRW@@QAE@XZ 1000a7a5 f   PointCardRWImpl.obj
 0001:000097db       ??1?$CComControl@VCOPOSPointCardRW@@V?$CWindowImpl@VCOPOSPointCardRW@@VCWindow@ATL@@V?$CWinTraits@$0FGAAAAAA@$0A@@3@@ATL@@@ATL@@UAE@XZ 1000a7db f i PointCardRWImpl.obj
 0001:000097f4       ??1?$IConnectionPointImpl@VCOPOSPointCardRW@@$1?DIID__IOPOSPointCardRWEvents@@3U_GUID@@BVCComDynamicUnkArray@ATL@@@ATL@@QAE@XZ 1000a7f4 f i PointCardRWImpl.obj
 0001:000097f4       ??1?$IConnectionPointImpl@VCOPOSPointCardRW@@$1?IID_IPropertyNotifySink@@3U_GUID@@BVCComDynamicUnkArray@ATL@@@ATL@@QAE@XZ 1000a7f4 f i PointCardRWImpl.obj
 0001:00009831       ??1CComControlBase@ATL@@UAE@XZ 1000a831 f i PointCardRWImpl.obj
 0001:00009894       ??1COPOSPointCardRW@@UAE@XZ 1000a894 f   PointCardRWImpl.obj
 0001:000098dc       ?BeginInsertion@COPOSPointCardRW@@UAGJJPAJ@Z 1000a8dc f   PointCardRWImpl.obj
 0001:0000992b       ?BeginRemoval@COPOSPointCardRW@@UAGJJPAJ@Z 1000a92b f   PointCardRWImpl.obj
 0001:0000997a       ?CheckHealth@COPOSPointCardRW@@UAGJJPAJ@Z 1000a97a f   PointCardRWImpl.obj
 0001:000099c9       ?ClaimDevice@COPOSPointCardRW@@UAGJJPAJ@Z 1000a9c9 f   PointCardRWImpl.obj
 0001:00009a3e       ?CleanCard@COPOSPointCardRW@@UAGJPAJ@Z 1000aa3e f   PointCardRWImpl.obj
 0001:00009a59       ?ClearInput@COPOSPointCardRW@@UAGJPAJ@Z 1000aa59 f   PointCardRWImpl.obj
 0001:00009a74       ?ClearInputProperties@COPOSPointCardRW@@UAGJPAJ@Z 1000aa74 f   PointCardRWImpl.obj
 0001:00009a8f       ?ClearOutput@COPOSPointCardRW@@UAGJPAJ@Z 1000aa8f f   PointCardRWImpl.obj
 0001:00009aaa       ?ClearPrintWrite@COPOSPointCardRW@@UAGJJJJJJPAJ@Z 1000aaaa f   PointCardRWImpl.obj
 0001:00009b56       ?Close@COPOSPointCardRW@@UAGJPAJ@Z 1000ab56 f   PointCardRWImpl.obj
 0001:00009bc4       ?CompareFirmwareVersion@COPOSPointCardRW@@UAGJPA_WPAJ1@Z 1000abc4 f   PointCardRWImpl.obj
 0001:00009c44       ?DirectIO@COPOSPointCardRW@@UAGJJPAJPAPA_W0@Z 1000ac44 f   PointCardRWImpl.obj
 0001:00009cf2       ?DoInvoke@COPOSPointCardRW@@IAEJJPAVOposVariant@@IHPAJ_N@Z 1000acf2 f   PointCardRWImpl.obj
 0001:00009dce       ?EndInsertion@COPOSPointCardRW@@UAGJPAJ@Z 1000adce f   PointCardRWImpl.obj
 0001:00009de9       ?EndRemoval@COPOSPointCardRW@@UAGJPAJ@Z 1000ade9 f   PointCardRWImpl.obj
 0001:00009e04       ?EventClose@COPOSPointCardRW@@IAEXXZ 1000ae04 f i PointCardRWImpl.obj
 0001:00009e37       ?EventInit@COPOSPointCardRW@@IAEJXZ 1000ae37 f i PointCardRWImpl.obj
 0001:00009f0b       ?EventUninit@COPOSPointCardRW@@IAEXXZ 1000af0b f i PointCardRWImpl.obj
 0001:00009f5d       ?EventWindowProc@COPOSPointCardRW@@IAGJIIJ@Z 1000af5d f i PointCardRWImpl.obj
 0001:0000a05b       ?FinalConstruct@COPOSPointCardRW@@QAEJXZ 1000b05b f   PointCardRWImpl.obj
 0001:0000a094       ?FireEventCleanup@COPOSPointCardRW@@IAEXXZ 1000b094 f i PointCardRWImpl.obj
 0001:0000a0aa       ?FireEventSetup@COPOSPointCardRW@@IAE_NXZ 1000b0aa f i PointCardRWImpl.obj
 0001:0000a0de       ?FreezeEvents@COPOSPointCardRW@@MAGJH@Z 1000b0de f   PointCardRWImpl.obj
 0001:0000a137       ?GetOposProp@COPOSPointCardRW@@IAEJJPAFJ@Z 1000b137 f   PointCardRWImpl.obj
 0001:0000a15a       ?GetOposProp@COPOSPointCardRW@@IAEJJPAJJ@Z 1000b15a f   PointCardRWImpl.obj
 0001:0000a229       ?GetOposProp@COPOSPointCardRW@@IAEJJPAPA_WJ@Z 1000b229 f   PointCardRWImpl.obj
 0001:0000a305       ?OnDraw@COPOSPointCardRW@@MAEJAAUATL_DRAWINFO@@@Z 1000b305 f   PointCardRWImpl.obj
 0001:0000a3a5       ?Open@COPOSPointCardRW@@UAGJPA_WPAJ@Z 1000b3a5 f   PointCardRWImpl.obj
 0001:0000abf5       ?PrintWrite@COPOSPointCardRW@@UAGJJJJPA_WPAJ@Z 1000bbf5 f   PointCardRWImpl.obj
 0001:0000aca4       ?ReleaseDevice@COPOSPointCardRW@@UAGJPAJ@Z 1000bca4 f   PointCardRWImpl.obj
 0001:0000acf3       ?ResetStatistics@COPOSPointCardRW@@UAGJPA_WPAJ@Z 1000bcf3 f   PointCardRWImpl.obj
 0001:0000ad4a       ?RetrieveStatistics@COPOSPointCardRW@@UAGJPAPA_WPAJ@Z 1000bd4a f   PointCardRWImpl.obj
 0001:0000ada1       ?RotatePrint@COPOSPointCardRW@@UAGJJPAJ@Z 1000bda1 f   PointCardRWImpl.obj
 0001:0000adf0       ?SOProcessID@COPOSPointCardRW@@UAGJPAJ@Z 1000bdf0 f   PointCardRWImpl.obj
 0001:0000ae04       ?SetCOFreezeEvents@COPOSPointCardRW@@IAEXF@Z 1000be04 f   PointCardRWImpl.obj
 0001:0000aea4       ?SetOposProp@COPOSPointCardRW@@IAEJJJJ@Z 1000bea4 f   PointCardRWImpl.obj
 0001:0000af9b       ?SetOposProp@COPOSPointCardRW@@IAEJJPA_WJ@Z 1000bf9b f   PointCardRWImpl.obj
 0001:0000b09c       ?UpdateFirmware@COPOSPointCardRW@@UAGJPA_WPAJ@Z 1000c09c f   PointCardRWImpl.obj
 0001:0000b0f3       ?UpdateStatistics@COPOSPointCardRW@@UAGJPA_WPAJ@Z 1000c0f3 f   PointCardRWImpl.obj
 0001:0000b14a       ?ValidateData@COPOSPointCardRW@@UAGJPA_WPAJ@Z 1000c14a f   PointCardRWImpl.obj
 0001:0000b1a1       ?get_BinaryConversion@COPOSPointCardRW@@UAGJPAJ@Z 1000c1a1 f   PointCardRWImpl.obj
 0001:0000b1b7       ?get_CapBold@COPOSPointCardRW@@UAGJPAF@Z 1000c1b7 f   PointCardRWImpl.obj
 0001:0000b1d0       ?get_CapCardEntranceSensor@COPOSPointCardRW@@UAGJPAF@Z 1000c1d0 f   PointCardRWImpl.obj
 0001:0000b1e9       ?get_CapCharacterSet@COPOSPointCardRW@@UAGJPAJ@Z 1000c1e9 f   PointCardRWImpl.obj
 0001:0000b202       ?get_CapCleanCard@COPOSPointCardRW@@UAGJPAF@Z 1000c202 f   PointCardRWImpl.obj
 0001:0000b21b       ?get_CapClearPrint@COPOSPointCardRW@@UAGJPAF@Z 1000c21b f   PointCardRWImpl.obj
 0001:0000b234       ?get_CapCompareFirmwareVersion@COPOSPointCardRW@@UAGJPAF@Z 1000c234 f   PointCardRWImpl.obj
 0001:0000b24d       ?get_CapDhigh@COPOSPointCardRW@@UAGJPAF@Z 1000c24d f   PointCardRWImpl.obj
 0001:0000b266       ?get_CapDwide@COPOSPointCardRW@@UAGJPAF@Z 1000c266 f   PointCardRWImpl.obj
 0001:0000b27f       ?get_CapDwideDhigh@COPOSPointCardRW@@UAGJPAF@Z 1000c27f f   PointCardRWImpl.obj
 0001:0000b298       ?get_CapItalic@COPOSPointCardRW@@UAGJPAF@Z 1000c298 f   PointCardRWImpl.obj
 0001:0000b2b1       ?get_CapLeft90@COPOSPointCardRW@@UAGJPAF@Z 1000c2b1 f   PointCardRWImpl.obj
 0001:0000b2ca       ?get_CapMapCharacterSet@COPOSPointCardRW@@UAGJPAF@Z 1000c2ca f   PointCardRWImpl.obj
 0001:0000b2e3       ?get_CapPowerReporting@COPOSPointCardRW@@UAGJPAJ@Z 1000c2e3 f   PointCardRWImpl.obj
 0001:0000b2fc       ?get_CapPrint@COPOSPointCardRW@@UAGJPAF@Z 1000c2fc f   PointCardRWImpl.obj
 0001:0000b315       ?get_CapPrintMode@COPOSPointCardRW@@UAGJPAF@Z 1000c315 f   PointCardRWImpl.obj
 0001:0000b32e       ?get_CapRight90@COPOSPointCardRW@@UAGJPAF@Z 1000c32e f   PointCardRWImpl.obj
 0001:0000b347       ?get_CapRotate180@COPOSPointCardRW@@UAGJPAF@Z 1000c347 f   PointCardRWImpl.obj
 0001:0000b360       ?get_CapStatisticsReporting@COPOSPointCardRW@@UAGJPAF@Z 1000c360 f   PointCardRWImpl.obj
 0001:0000b379       ?get_CapTracksToRead@COPOSPointCardRW@@UAGJPAJ@Z 1000c379 f   PointCardRWImpl.obj
 0001:0000b392       ?get_CapTracksToWrite@COPOSPointCardRW@@UAGJPAJ@Z 1000c392 f   PointCardRWImpl.obj
 0001:0000b3ab       ?get_CapUpdateFirmware@COPOSPointCardRW@@UAGJPAF@Z 1000c3ab f   PointCardRWImpl.obj
 0001:0000b3c4       ?get_CapUpdateStatistics@COPOSPointCardRW@@UAGJPAF@Z 1000c3c4 f   PointCardRWImpl.obj
 0001:0000b3dd       ?get_CardState@COPOSPointCardRW@@UAGJPAJ@Z 1000c3dd f   PointCardRWImpl.obj
 0001:0000b3f6       ?get_CharacterSet@COPOSPointCardRW@@UAGJPAJ@Z 1000c3f6 f   PointCardRWImpl.obj
 0001:0000b40f       ?get_CharacterSetList@COPOSPointCardRW@@UAGJPAPA_W@Z 1000c40f f   PointCardRWImpl.obj
 0001:0000b428       ?get_CheckHealthText@COPOSPointCardRW@@UAGJPAPA_W@Z 1000c428 f   PointCardRWImpl.obj
 0001:0000b441       ?get_Claimed@COPOSPointCardRW@@UAGJPAF@Z 1000c441 f   PointCardRWImpl.obj
 0001:0000b457       ?get_ControlObjectDescription@COPOSPointCardRW@@UAGJPAPA_W@Z 1000c457 f   PointCardRWImpl.obj
 0001:0000b4a5       ?get_ControlObjectVersion@COPOSPointCardRW@@UAGJPAJ@Z 1000c4a5 f   PointCardRWImpl.obj
 0001:0000b4b8       ?get_DataCount@COPOSPointCardRW@@UAGJPAJ@Z 1000c4b8 f   PointCardRWImpl.obj
 0001:0000b4ce       ?get_DataEventEnabled@COPOSPointCardRW@@UAGJPAF@Z 1000c4ce f   PointCardRWImpl.obj
 0001:0000b4e4       ?get_DeviceDescription@COPOSPointCardRW@@UAGJPAPA_W@Z 1000c4e4 f   PointCardRWImpl.obj
 0001:0000b4fd       ?get_DeviceEnabled@COPOSPointCardRW@@UAGJPAF@Z 1000c4fd f   PointCardRWImpl.obj
 0001:0000b513       ?get_DeviceName@COPOSPointCardRW@@UAGJPAPA_W@Z 1000c513 f   PointCardRWImpl.obj
 0001:0000b52c       ?get_FontTypeFaceList@COPOSPointCardRW@@UAGJPAPA_W@Z 1000c52c f   PointCardRWImpl.obj
 0001:0000b545       ?get_FreezeEvents@COPOSPointCardRW@@UAGJPAF@Z 1000c545 f   PointCardRWImpl.obj
 0001:0000b55b       ?get_LineChars@COPOSPointCardRW@@UAGJPAJ@Z 1000c55b f   PointCardRWImpl.obj
 0001:0000b574       ?get_LineCharsList@COPOSPointCardRW@@UAGJPAPA_W@Z 1000c574 f   PointCardRWImpl.obj
 0001:0000b58d       ?get_LineHeight@COPOSPointCardRW@@UAGJPAJ@Z 1000c58d f   PointCardRWImpl.obj
 0001:0000b5a6       ?get_LineSpacing@COPOSPointCardRW@@UAGJPAJ@Z 1000c5a6 f   PointCardRWImpl.obj
 0001:0000b5bf       ?get_LineWidth@COPOSPointCardRW@@UAGJPAJ@Z 1000c5bf f   PointCardRWImpl.obj
 0001:0000b5d8       ?get_MapCharacterSet@COPOSPointCardRW@@UAGJPAF@Z 1000c5d8 f   PointCardRWImpl.obj
 0001:0000b5f1       ?get_MapMode@COPOSPointCardRW@@UAGJPAJ@Z 1000c5f1 f   PointCardRWImpl.obj
 0001:0000b60a       ?get_MaxLine@COPOSPointCardRW@@UAGJPAJ@Z 1000c60a f   PointCardRWImpl.obj
 0001:0000b623       ?get_OpenResult@COPOSPointCardRW@@UAGJPAJ@Z 1000c623 f   PointCardRWImpl.obj
 0001:0000b63a       ?get_OutputID@COPOSPointCardRW@@UAGJPAJ@Z 1000c63a f   PointCardRWImpl.obj
 0001:0000b650       ?get_PowerNotify@COPOSPointCardRW@@UAGJPAJ@Z 1000c650 f   PointCardRWImpl.obj
 0001:0000b666       ?get_PowerState@COPOSPointCardRW@@UAGJPAJ@Z 1000c666 f   PointCardRWImpl.obj
 0001:0000b67c       ?get_PrintHeight@COPOSPointCardRW@@UAGJPAJ@Z 1000c67c f   PointCardRWImpl.obj
 0001:0000b695       ?get_ReadState1@COPOSPointCardRW@@UAGJPAJ@Z 1000c695 f   PointCardRWImpl.obj
 0001:0000b6ae       ?get_ReadState2@COPOSPointCardRW@@UAGJPAJ@Z 1000c6ae f   PointCardRWImpl.obj
 0001:0000b6c7       ?get_RecvLength1@COPOSPointCardRW@@UAGJPAJ@Z 1000c6c7 f   PointCardRWImpl.obj
 0001:0000b6e0       ?get_RecvLength2@COPOSPointCardRW@@UAGJPAJ@Z 1000c6e0 f   PointCardRWImpl.obj
 0001:0000b6f9       ?get_ResultCode@COPOSPointCardRW@@UAGJPAJ@Z 1000c6f9 f   PointCardRWImpl.obj
 0001:0000b737       ?get_ResultCodeExtended@COPOSPointCardRW@@UAGJPAJ@Z 1000c737 f   PointCardRWImpl.obj
 0001:0000b74d       ?get_ServiceObjectDescription@COPOSPointCardRW@@UAGJPAPA_W@Z 1000c74d f   PointCardRWImpl.obj
 0001:0000b766       ?get_ServiceObjectVersion@COPOSPointCardRW@@UAGJPAJ@Z 1000c766 f   PointCardRWImpl.obj
 0001:0000b77c       ?get_SidewaysMaxChars@COPOSPointCardRW@@UAGJPAJ@Z 1000c77c f   PointCardRWImpl.obj
[...]
 0002:00006700       Magic                      10027700     libucrt:log10_pentium4.obj
 0002:00006710       hi_mask                    10027710     libucrt:log10_pentium4.obj
 0002:00006720       LOG10_2                    10027720     libucrt:log10_pentium4.obj
 0002:00006730       place_L                    10027730     libucrt:log10_pentium4.obj
 0002:00006750       One                        10027750     libucrt:log10_pentium4.obj
 0002:00006760       Zero                       10027760     libucrt:log10_pentium4.obj
 0002:00006770       Two52                      10027770     libucrt:log10_pentium4.obj
 0002:00006780       Infs                       10027780     libucrt:log10_pentium4.obj
 0002:00006790       NaN                        10027790     libucrt:log10_pentium4.obj
 0002:000067a0       coeff                      100277a0     libucrt:log10_pentium4.obj
 0002:000067fe       _log2max                   100277fe     libucrt:87tran.obj
 0002:00006808       _smallarg                  10027808     libucrt:87tran.obj
 0002:00006812       _half                      10027812     libucrt:87tran.obj
 0002:0000685e       One                        1002785e     libucrt:87disp.obj
 0002:00006866       Three                      10027866     libucrt:87disp.obj
 0002:0000686e       XAMtoTagTab                1002786e     libucrt:87disp.obj
 0002:00006880       One                        10027880     libucrt:common.obj
 0002:00006894       DblMax                     10027894     libucrt:common.obj
 0002:0000689c       DblMin                     1002789c     libucrt:common.obj
 0002:000068a4       IeeeAdjO                   100278a4     libucrt:common.obj
 0002:000068ac       IeeeAdjU                   100278ac     libucrt:common.obj
 0002:000068b4       _infinity                  100278b4     libucrt:common.obj
 0002:000068bc       _zero                      100278bc     libucrt:common.obj
 0002:00006908       _over                      10027908     libucrt:fpctrl.obj
 0002:00006914       _under                     10027914     libucrt:fpctrl.obj
 0002:00007148       ?_names@?1??_get_fname@@9@4QBU<unnamed-type-_names>@?1??1@YAPADI@Z@B 10028148     libucrt:fpexcept.obj
 0002:000072f0       two32                      100282f0     LIBCMT:ftol2.obj
 0002:000072f4       two63                      100282f4     LIBCMT:ftol2.obj
 0002:000072f8       _NaN                       100282f8     LIBCMT:ftol2.obj
 0002:00007a58       __sehtable$?_AtlVerifyStackAvailable@_ATL_SAFE_ALLOCA_IMPL@ATL@@YA_NK@Z 10028a58     PointCardRW.obj
 0002:00007a78       __sehtable$___scrt_is_nonwritable_in_current_image 10028a78     LIBCMT:utility.obj
 0002:00007a94       __catchsym$??2@YAPAXIABUnothrow_t@std@@@Z$2 10028a94     LIBCMT:new_scalar_nothrow.obj
 0002:00007aa4       __unwindtable$??2@YAPAXIABUnothrow_t@std@@@Z 10028aa4     LIBCMT:new_scalar_nothrow.obj
 0002:00007ab4       __tryblocktable$??2@YAPAXIABUnothrow_t@std@@@Z 10028ab4     LIBCMT:new_scalar_nothrow.obj
 0002:00007ac8       __ehfuncinfo$??2@YAPAXIABUnothrow_t@std@@@Z 10028ac8     LIBCMT:new_scalar_nothrow.obj
 0002:00007af0       __sehtable$?dllmain_crt_process_attach@@YAHQAUHINSTANCE__@@QAX@Z 10028af0     LIBCMT:dll_dllmain.obj
 0002:00007b10       __sehtable$?dllmain_crt_process_detach@@YAH_N@Z 10028b10     LIBCMT:dll_dllmain.obj
 0002:00007b38       __sehtable$?dllmain_dispatch@@YAHQAUHINSTANCE__@@KQAX@Z 10028b38     LIBCMT:dll_dllmain.obj
 0002:00007be8       __sehtable$___DestructExceptionObject 10028be8     libvcruntime:ehhelpers.obj
 0002:00007c08       __sehtable$?FrameUnwindToState@__FrameHandler3@@SAXPAUEHRegistrationNode@@PAXPBU_s_FuncInfo@@H@Z 10028c08     libvcruntime:frame.obj
 0002:00007c30       __sehtable$?CallCatchBlock@@YAPAXPAUEHExceptionRecord@@PAUEHRegistrationNode@@PAU_CONTEXT@@PBU_s_FuncInfo@@PAXHK@Z 10028c30     libvcruntime:frame.obj
 0002:00007c58       __catchsym$?CallUnexpected@@YAXPBU_s_ESTypeList@@@Z$2 10028c58     libvcruntime:frame.obj
 0002:00007c68       __unwindtable$?CallUnexpected@@YAXPBU_s_ESTypeList@@@Z 10028c68     libvcruntime:frame.obj
 0002:00007c78       __tryblocktable$?CallUnexpected@@YAXPBU_s_ESTypeList@@@Z 10028c78     libvcruntime:frame.obj
 0002:00007c8c       __ehfuncinfo$?CallUnexpected@@YAXPBU_s_ESTypeList@@@Z 10028c8c     libvcruntime:frame.obj
 0002:00007cb0       __sehtable$??$BuildCatchObjectHelperInternal@V__FrameHandler3@@@@YAHPAUEHExceptionRecord@@PAXPBU_s_HandlerType@@PBU_s_CatchableType@@@Z 10028cb0     libvcruntime:frame.obj
 0002:00007cd0       __sehtable$??$BuildCatchObjectInternal@V__FrameHandler3@@@@YAXPAUEHExceptionRecord@@PAXPBU_s_HandlerType@@PBU_s_CatchableType@@@Z 10028cd0     libvcruntime:frame.obj
 0002:00007d24       __ehfuncinfo$?write_double_translated_ansi_nolock@@YA?AUwrite_result@?A0x17268360@@HQBDIAAV__crt_cached_ptd_host@@@Z 10028d24     libucrt:write.obj
 0002:00007d24       __ehfuncinfo$?try_cor_exit_process@@YAXI@Z 10028d24     libucrt:exit.obj
 0002:00007d48       __unwindtable$?common_exit@@YAXHW4_crt_exit_cleanup_mode@@W4_crt_exit_return_mode@@@Z 10028d48     libucrt:exit.obj
 0002:00007d50       __ehfuncinfo$?common_exit@@YAXHW4_crt_exit_cleanup_mode@@W4_crt_exit_return_mode@@@Z 10028d50     libucrt:exit.obj
 0002:00007d78       __sehtable$??R<lambda_6e4b09c48022b2350581041d5f6b0c4c>@@QBE@XZ 10028d78     libucrt:exit.obj
 0002:00007d98       __sehtable$??$?RV<lambda_03b1d95aef87969028cfba75ccab2455>@@AAV<lambda_6e4b09c48022b2350581041d5f6b0c4c>@@V<lambda_22bdf7517842c4b3e53723af5aa32b9e>@@@?$__crt_seh_guarded_call@X@@QAEX$$QAV<lambda_03b1d95aef87969028cfba75ccab2455>@@AAV<lambda_6e4b09c48022b2350581041d5f6b0c4c>@@$$QAV<lambda_22bdf7517842c4b3e53723af5aa32b9e>@@@Z 10028d98     libucrt:exit.obj
 0002:00007db4       __unwindtable$___dcrt_uninitialize_environments_nolock 10028db4     libucrt:environment_initialization.obj
 0002:00007dc4       __ehfuncinfo$___dcrt_uninitialize_environments_nolock 10028dc4     libucrt:environment_initialization.obj
 0002:00007de8       __unwindtable$__execute_onexit_table 10028de8     libucrt:onexit.obj
 0002:00007df0       __ehfuncinfo$__execute_onexit_table 10028df0     libucrt:onexit.obj
 0002:00007e18       __sehtable$??$?RV<lambda_8e746cf0007f6ed984d6f78af1fec997>@@AAV<lambda_22ebabd17bc4fa466a2aca6d8deb888d>@@V<lambda_18ed0c0b38a6dc0daf1e7ac6d6adf05e>@@@?$__crt_seh_guarded_call@H@@QAEH$$QAV<lambda_8e746cf0007f6ed984d6f78af1fec997>@@AAV<lambda_22ebabd17bc4fa466a2aca6d8deb888d>@@$$QAV<lambda_18ed0c0b38a6dc0daf1e7ac6d6adf05e>@@@Z 10028e18     libucrt:onexit.obj
 0002:00007e38       __sehtable$??$?RV<lambda_69a2805e680e0e292e8ba93315fe43a8>@@AAV<lambda_f03950bc5685219e0bcd2087efbe011e>@@V<lambda_03fcd07e894ec930e3f35da366ca99d6>@@@?$__crt_seh_guarded_call@H@@QAEH$$QAV<lambda_69a2805e680e0e292e8ba93315fe43a8>@@AAV<lambda_f03950bc5685219e0bcd2087efbe011e>@@$$QAV<lambda_03fcd07e894ec930e3f35da366ca99d6>@@@Z 10028e38     libucrt:onexit.obj
 0002:00007e58       __sehtable$__query_new_handler 10028e58     libucrt:new_handler.obj
 0002:00007e78       __sehtable$_terminate      10028e78     libucrt:terminate.obj
 0002:00007e98       __sehtable$??$?RV<lambda_15ade71b0218206bbe3333a0c9b79046>@@AAV<lambda_da44e0f8b0f19ba52fefafb335991732>@@V<lambda_207f2d024fc103971653565357d6cd41>@@@?$__crt_seh_guarded_call@X@@QAEX$$QAV<lambda_15ade71b0218206bbe3333a0c9b79046>@@AAV<lambda_da44e0f8b0f19ba52fefafb335991732>@@$$QAV<lambda_207f2d024fc103971653565357d6cd41>@@@Z 10028e98     libucrt:per_thread_data.obj
 0002:00007eb8       __sehtable$??$?RV<lambda_a7e850c220f1c8d1e6efeecdedd162c6>@@AAV<lambda_46720907175c18b6c9d2717bc0d2d362>@@V<lambda_9048902d66e8d99359bc9897bbb930a8>@@@?$__crt_seh_guarded_call@X@@QAEX$$QAV<lambda_a7e850c220f1c8d1e6efeecdedd162c6>@@AAV<lambda_46720907175c18b6c9d2717bc0d2d362>@@$$QAV<lambda_9048902d66e8d99359bc9897bbb930a8>@@@Z 10028eb8     libucrt:per_thread_data.obj
 0002:00007ed8       __sehtable$??$?RV<lambda_38edbb1296d33220d7e4dd0ed76b244a>@@AAV<lambda_5ce1d447e08cb34b2473517608e21441>@@V<lambda_fb385d3da700c9147fc39e65dd577a8c>@@@?$__crt_seh_guarded_call@X@@QAEX$$QAV<lambda_38edbb1296d33220d7e4dd0ed76b244a>@@AAV<lambda_5ce1d447e08cb34b2473517608e21441>@@$$QAV<lambda_fb385d3da700c9147fc39e65dd577a8c>@@@Z 10028ed8     libucrt:per_thread_data.obj
 0002:00007ef8       __sehtable$??$?RV<lambda_6affb1475c98b40b75cdec977db92e3c>@@AAV<lambda_b8d4b9c228a6ecc3f80208dbb4b4a104>@@V<lambda_608742c3c92a14382c1684fc64f96c88>@@@?$__crt_seh_guarded_call@X@@QAEX$$QAV<lambda_6affb1475c98b40b75cdec977db92e3c>@@AAV<lambda_b8d4b9c228a6ecc3f80208dbb4b4a104>@@$$QAV<lambda_608742c3c92a14382c1684fc64f96c88>@@@Z 10028ef8     libucrt:per_thread_data.obj
 0002:00007f18       __sehtable$??$?RV<lambda_e5124f882df8998aaf41531e079ba474>@@AAV<lambda_3e16ef9562a7dcce91392c22ab16ea36>@@V<lambda_e25ca0880e6ef98be67edffd8c599615>@@@?$__crt_seh_guarded_call@X@@QAEX$$QAV<lambda_e5124f882df8998aaf41531e079ba474>@@AAV<lambda_3e16ef9562a7dcce91392c22ab16ea36>@@$$QAV<lambda_e25ca0880e6ef98be67edffd8c599615>@@@Z 10028f18     libucrt:wsetlocale.obj
 0002:00007f38       __sehtable$___acrt_initialize_lowio 10028f38     libucrt:ioinit.obj
 0002:00007f58       __sehtable$?update_thread_multibyte_data_internal@@YAPAU__crt_multibyte_data@@QAU__acrt_ptd@@QAPAU1@@Z 10028f58     libucrt:mbctype.obj
 0002:00007f78       __sehtable$??$?RV<lambda_ceb1ee4838e85a9d631eb091e2fbe199>@@AAV<lambda_ae742caa10f662c28703da3d2ea5e57e>@@V<lambda_cd08b5d6af4937fe54fc07d0c9bf6b37>@@@?$__crt_seh_guarded_call@X@@QAEX$$QAV<lambda_ceb1ee4838e85a9d631eb091e2fbe199>@@AAV<lambda_ae742caa10f662c28703da3d2ea5e57e>@@$$QAV<lambda_cd08b5d6af4937fe54fc07d0c9bf6b37>@@@Z 10028f78     libucrt:mbctype.obj
 0002:00007f98       __sehtable$_raise          10028f98     libucrt:signal.obj
 0002:00007fb8       __sehtable$??$?RV<lambda_cbab9ec6f41b0180b23cc171c22676b0>@@AAV<lambda_44731a7d0e6d81c3e6aa82d741081786>@@V<lambda_4b292cb8dd18144e164572427af410ab>@@@?$__crt_seh_guarded_call@P6AXH@Z@@QAEP6AXH@Z$$QAV<lambda_cbab9ec6f41b0180b23cc171c22676b0>@@AAV<lambda_44731a7d0e6d81c3e6aa82d741081786>@@$$QAV<lambda_4b292cb8dd18144e164572427af410ab>@@@Z 10028fb8     libucrt:signal.obj
 0002:00007fd8       __sehtable$??$?RV<lambda_2866be3712abc81a800a822484c830d8>@@AAV<lambda_39ca0ed439415581b5b15c265174cece>@@V<lambda_2b24c74d71094a6cd0cb82e44167d71b>@@@?$__crt_seh_guarded_call@X@@QAEX$$QAV<lambda_2866be3712abc81a800a822484c830d8>@@AAV<lambda_39ca0ed439415581b5b15c265174cece>@@$$QAV<lambda_2b24c74d71094a6cd0cb82e44167d71b>@@@Z 10028fd8     libucrt:fflush.obj
 0002:00007ff8       __sehtable$??$?RV<lambda_2cc53f568c5a2bb6f192f930a45d44ea>@@AAV<lambda_ab61a845afdef5b7c387490eaf3616ee>@@V<lambda_c2ffc0b7726aa6be21d5f0026187e748>@@@?$__crt_seh_guarded_call@X@@QAEX$$QAV<lambda_2cc53f568c5a2bb6f192f930a45d44ea>@@AAV<lambda_ab61a845afdef5b7c387490eaf3616ee>@@$$QAV<lambda_c2ffc0b7726aa6be21d5f0026187e748>@@@Z 10028ff8     libucrt:fflush.obj
 0002:00008018       __sehtable$___acrt_update_thread_locale_data 10029018     libucrt:locale_refcounting.obj
 0002:00008038       __sehtable$__fcloseall     10029038     libucrt:closeall.obj
 0002:00008058       __sehtable$___acrt_lowio_ensure_fh_exists 10029058     libucrt:osfinfo.obj
 0002:00008078       __sehtable$??$?RV<lambda_9e9de3de5fa147e2223d7db92bc10aa6>@@AAV<lambda_38ce7e780aa69e748d6df282ebc68efe>@@V<lambda_8ca6da459f0f6780f1cff60fdc3d00e5>@@@?$__crt_seh_guarded_call@H@@QAEH$$QAV<lambda_9e9de3de5fa147e2223d7db92bc10aa6>@@AAV<lambda_38ce7e780aa69e748d6df282ebc68efe>@@$$QAV<lambda_8ca6da459f0f6780f1cff60fdc3d00e5>@@@Z 10029078     libucrt:commit.obj
 0002:00008098       __sehtable$__write_internal 10029098     libucrt:write.obj
 0002:000080b8       __sehtable$?_fclose_internal@@YAHQAU_iobuf@@AAV__crt_cached_ptd_host@@@Z 100290b8     libucrt:fclose.obj
 0002:000080d8       __sehtable$??$?RV<lambda_d422a76eb4c3bf3ad751449ab71a6ea4>@@AAV<lambda_c9ba49e555ba839a7b07aa3fbecb7617>@@V<lambda_9476263c8ee91a25d21c55370bdb50de>@@@?$__crt_seh_guarded_call@H@@QAEH$$QAV<lambda_d422a76eb4c3bf3ad751449ab71a6ea4>@@AAV<lambda_c9ba49e555ba839a7b07aa3fbecb7617>@@$$QAV<lambda_9476263c8ee91a25d21c55370bdb50de>@@@Z 100290d8     libucrt:close.obj
 0002:000080f8       __sehtable$___set_fpsr_sse2 100290f8     libucrt:fpctrl.obj
 0002:00008118       __sehtable$__IsNonwritableInCurrentImage 10029118     LIBCMT:pesect.obj
 0002:00008140       .edata                     10029140     OPOSPointCardRW.exp
 0002:00008168       rgpv                       10029168     OPOSPointCardRW.exp
 0002:00008178       rgszName                   10029178     OPOSPointCardRW.exp
 0002:00008188       rgwOrd                     10029188     OPOSPointCardRW.exp
 0002:00008190       szName                     10029190     OPOSPointCardRW.exp
 0002:000081a4       $N00001                    100291a4     OPOSPointCardRW.exp
 0002:000081b4       $N00002                    100291b4     OPOSPointCardRW.exp
 0002:000081c6       $N00003                    100291c6     OPOSPointCardRW.exp
 0002:000081d8       $N00004                    100291d8     OPOSPointCardRW.exp
 0002:000087e6       .idata$6                   100297e6     kernel32:KERNEL32.dll
 0002:000089fa       .idata$6                   100299fa     user32:USER32.dll
 0002:00008b2e       .idata$6                   10029b2e     gdi32:GDI32.dll
 0002:00008bd4       .idata$6                   10029bd4     advapi32:ADVAPI32.dll
 0002:00008cf0       .idata$6                   10029cf0     ole32:ole32.dll
 0002:00008cfa       .idata$6                   10029cfa     oleaut32:OLEAUT32.dll
 0003:00000110       ?ObjectMap@@3PAU_ATL_OBJMAP_ENTRY30@ATL@@A 1002b110     PointCardRW.obj
 0003:000001d0       ?s_SOMethodNames@@3PAPADA  1002b1d0     PointCardRWImpl.obj
 0003:00000244       ?s_RequiredMethodsPerRelease@@3PAHA 1002b244     PointCardRWImpl.obj
 0003:00000280       ?__vcrt_flsindex@@3KA      1002b280     libvcruntime:per_thread_data.obj
 0003:000002a0       ?errno_no_memory@@3HA      1002b2a0     libucrt:errno.obj
 0003:000002a4       ?doserrno_no_memory@@3KA   1002b2a4     libucrt:errno.obj
 0003:000002b0       ?__acrt_flsindex@@3KA      1002b2b0     libucrt:per_thread_data.obj
 0003:00000648       __mbctypes                 1002b648     libucrt:mbctype.obj
 0003:00000750       __mbcasemaps               1002b750     libucrt:mbctype.obj
 0003:00000850       ?__rgctypeflag@@3PADA      1002b850     libucrt:mbctype.obj
 0003:00000858       ?__rgcode_page_info@@3PAUcode_page_info@@A 1002b858     libucrt:mbctype.obj
 0003:00000ab0       ?__dcrt_lowio_console_output_handle@@3PAXA 1002bab0     libucrt:initcon.obj
 0003:00000ab4       ?__DAZ_ENABLED@?1??__set_fpsr_sse2@@9@9 1002bab4     libucrt:fpctrl.obj
 0003:00000c48       ?is_initialized_as_dll@@3_NA 1002bc48     LIBCMT:utility.obj
 0003:00000c49       ?module_local_atexit_table_initialized@@3_NA 1002bc49     LIBCMT:utility.obj
 0003:00000c4c       ?module_local_atexit_table@@3U_onexit_table_t@@A 1002bc4c     LIBCMT:utility.obj
 0003:00000c58       ?module_local_at_quick_exit_table@@3U_onexit_table_t@@A 1002bc58     LIBCMT:utility.obj
 0003:00000c64       ?g_tss_cv@@3U_RTL_CONDITION_VARIABLE@@A 1002bc64     LIBCMT:thread_safe_statics.obj
 0003:00000c68       ?g_tss_event@@3PAXA        1002bc68     LIBCMT:thread_safe_statics.obj
 0003:00000c6c       ?g_tss_mutex@@3U_RTL_CRITICAL_SECTION@@A 1002bc6c     LIBCMT:thread_safe_statics.obj
 0003:00000c84       ?g_sleep_condition_variable_cs@@3P6GHPAU_RTL_CONDITION_VARIABLE@@PAU_RTL_CRITICAL_SECTION@@K@ZA 1002bc84     LIBCMT:thread_safe_statics.obj
 0003:00000c88       ?g_wake_all_condition_variable@@3P6GXPAU_RTL_CONDITION_VARIABLE@@@ZA 1002bc88     LIBCMT:thread_safe_statics.obj
 0003:00000c90       _GS_ExceptionRecord        1002bc90     LIBCMT:gs_report.obj
 0003:00000ce0       _GS_ContextRecord          1002bce0     LIBCMT:gs_report.obj
 0003:00000fb0       ?__proc_attached@@3HA      1002bfb0     LIBCMT:dll_dllmain.obj
 0003:0000100c       ?AllocateData@@3P6GPAUAtlThunkData_t@@XZA 1002c00c     atls:atlthunk.obj
 0003:00001010       ?InitData@@3P6GXPAUAtlThunkData_t@@PAXI@ZA 1002c010     atls:atlthunk.obj
 0003:00001014       ?DataToCode@@3P6GP6GJPAUHWND__@@IIJ@ZPAUAtlThunkData_t@@@ZA 1002c014     atls:atlthunk.obj
 0003:00001018       ?FreeData@@3P6GXPAUAtlThunkData_t@@@ZA 1002c018     atls:atlthunk.obj
 0003:0000101c       ?Initialized@@3_NA         1002c01c     atls:atlthunk.obj
 0003:0000102c       ?__vcrt_startup_thread_ptd@@3U__vcrt_ptd@@A 1002c02c     libvcruntime:per_thread_data.obj
 0003:00001054       ___vcrt_lock_table         1002c054     libvcruntime:locks.obj
 0003:0000106c       ___vcrt_locks_initialized  1002c06c     libvcruntime:locks.obj
 0003:00001098       ?heap@@3V_HeapManager@@A   1002c098     libvcruntime:undname.obj
 0003:000010ac       ?module_handles@@3PAPAUHINSTANCE__@@A 1002c0ac     libvcruntime:winapi_downlevel.obj
 0003:000010b8       ?function_pointers@@3PAPAXA 1002c0b8     libvcruntime:winapi_downlevel.obj
 0003:000010cc       ?__acrt_invalid_parameter_handler@@3V?$dual_state_global@P6AXPB_W00II@Z@__crt_state_management@@A 1002c0cc     libucrt:invalid_parameter.obj
 0003:000010d0       ?c_termination_complete@@3JA 1002c0d0     libucrt:exit.obj
 0003:000010d4       ?thread_local_exit_callback_func@@3P6GXPAXK0@ZA 1002c0d4     libucrt:exit.obj
 0003:000010e0       ?program_name@?1???$common_configure_argv@D@@YAHW4_crt_argv_mode@@@Z@4PADA 1002c0e0     libucrt:argv_parsing.obj
 0003:00001210       ?__acrt_new_handler@@3V?$dual_state_global@P6AHI@Z@__crt_state_management@@A 1002c210     libucrt:new_handler.obj
 0003:00001220       ?module_handles@@3PAPAUHINSTANCE__@@A 1002c220     libucrt:winapi_thunks.obj
 0003:00001270       ?encoded_function_pointers@@3PAPAXA 1002c270     libucrt:winapi_thunks.obj
 0003:000012f8       ?internal_state@?1??_mbtowc_internal@@9@4U_Mbstatet@@A 1002c2f8     libucrt:mbtowc.obj
 0003:00001308       ?enable_percent_n@@3IA     1002c308     libucrt:printf_count_output.obj
 0003:00001520       ?__acrt_lock_table@@3PAU_RTL_CRITICAL_SECTION@@A 1002c520     libucrt:locks.obj
 0003:00001670       ?__acrt_locks_initialized@@3IA 1002c670     libucrt:locks.obj
 0003:00001680       ?fSystemSet@@3HA           1002c680     libucrt:mbctype.obj
 0003:00001684       ?initialized@?1??__acrt_initialize_multibyte@@9@4_NA 1002c684     libucrt:mbctype.obj
 0003:000016a4       ?ctrlc_action@@3V?$dual_state_global@P6AXH@Z@__crt_state_management@@A 1002c6a4     libucrt:signal.obj
 0003:000016a8       ?ctrlbreak_action@@3V?$dual_state_global@P6AXH@Z@__crt_state_management@@A 1002c6a8     libucrt:signal.obj
 0003:000016ac       ?abort_action@@3V?$dual_state_global@P6AXH@Z@__crt_state_management@@A 1002c6ac     libucrt:signal.obj
 0003:000016b0       ?term_action@@3V?$dual_state_global@P6AXH@Z@__crt_state_management@@A 1002c6b0     libucrt:signal.obj
 0003:000016b4       ?user_matherr@@3V?$dual_state_global@P6AHPAU_exception@@@Z@__crt_state_management@@A 1002c6b4     libucrt:matherr.obj
 0003:000016c0       ?__acrt_global_new_mode@@3V?$dual_state_global@J@__crt_state_management@@A 1002c6c0     libucrt:new_mode.obj
 0003:000016c4       ?internal_pst@?1??__mbrtoc32_utf8@__crt_mbstring@@YAIPA_UPBDIPAU_Mbstatet@@AAV__crt_cached_ptd_host@@@Z@4U3@A 1002c6c4     libucrt:mbrtoc32.obj
 0003:000016cc       ?__acrt_app_type@@3W4_crt_app_type@@A 1002c6cc     libucrt:report_runtime_error.obj
 0003:000016d4       __pmatherr_set             1002c6d4     libucrt:libm_error.obj
 0004:00000220       $R000000                   1002d220     PointCardRW.res
 0004:00000bc0       $R0009A0                   1002dbc0     PointCardRW.res
 0004:00000ca8       $R000A88                   1002dca8     PointCardRW.res
 0004:00000f10       $R000CF0                   1002df10     PointCardRW.res
 0004:00001480       $R001260                   1002e480     PointCardRW.res
 0004:00005e58       $R005C38                   10032e58     PointCardRW.res
 0004:00005e90       $R005C70                   10032e90     PointCardRW.res
