 OPOSMICR

 Timestamp is 61a75b04 (Wed Dec  1 20:22:44 2021)

 Preferred load address is 10000000

 Start         Length     Name                   Class
 0001:00000000 00000080H .text$di                CODE
 0001:00000080 0001eb08H .text$mn                CODE
 0001:0001eb88 000000d8H .text$x                 CODE
 0001:0001ec60 00000042H .text$yd                CODE
 0002:00000000 000002fcH .idata$5                DATA
 0002:000002fc 00000008H .00cfg                  DATA
 0002:00000304 00000004H .CRT$XCA                DATA
 0002:00000308 00000004H .CRT$XCL                DATA
 0002:0000030c 00000010H .CRT$XCU                DATA
 0002:0000031c 00000004H .CRT$XCZ                DATA
 0002:00000320 00000004H .CRT$XIA                DATA
 0002:00000324 00000010H .CRT$XIC                DATA
 0002:00000334 00000004H .CRT$XIZ                DATA
 0002:00000338 00000004H .CRT$XLA                DATA
 0002:0000033c 00000004H .CRT$XLZ                DATA
 0002:00000340 00000004H .CRT$XPA                DATA
 0002:00000344 00000008H .CRT$XPX                DATA
 0002:0000034c 00000004H .CRT$XPXA               DATA
 0002:00000350 00000004H .CRT$XPZ                DATA
 0002:00000354 00000004H .CRT$XTA                DATA
 0002:00000358 00000008H .CRT$XTZ                DATA
 0002:0000035c 00000000H .gfids$y                DATA
 0002:00000360 00006e20H .rdata                  DATA
 0002:00007180 00000000H .rdata$CastGuardVftablesA DATA
 0002:00007180 00000000H .rdata$CastGuardVftablesC DATA
 0002:00007180 00000018H .rdata$T                DATA
 0002:00007198 00000178H .rdata$r                DATA
 0002:00007310 0000002cH .rdata$sxdata           DATA
 0002:0000733c 00000030H .rdata$voltmd           DATA
 0002:0000736c 00000404H .rdata$zzzdbg           DATA
 0002:00007770 00000004H .rtc$IAA                DATA
 0002:00007774 00000004H .rtc$IZZ                DATA
 0002:00007778 00000004H .rtc$TAA                DATA
 0002:0000777c 00000004H .rtc$TZZ                DATA
 0002:00007780 00000004H .tls                    DATA
 0002:00007784 00000004H .tls$                   DATA
 0002:00007788 00000008H .tls$ZZZ                DATA
 0002:00007790 000006dcH .xdata$x                DATA
 0002:00007e6c 00000004H ATL$__a                 DATA
 0002:00007e70 00000010H ATL$__z                 DATA
 0002:00007e80 000000a8H .edata                  DATA
 0002:00007f28 00000078H .idata$2                DATA
 0002:00007fa0 00000014H .idata$3                DATA
 0002:00007fb4 000002fcH .idata$4                DATA
 0002:000082b0 00000bceH .idata$6                DATA
 0003:00000000 00000ab0H .data                   DATA
 0003:00000ab0 00000080H .data$r                 DATA
 0003:00000b30 00000018H .data$rs                DATA
 0003:00000b48 00000b80H .bss                    DATA
 0004:00000000 00000220H .rsrc$01                DATA
 0004:00000220 00004038H .rsrc$02                DATA

  Address         Publics by Value              Rva+Base       Lib:Object

 0000:00000000       ___guard_fids_count        00000000     <absolute>
 0000:00000000       ___guard_eh_cont_table     00000000     <absolute>
 0000:00000000       ___guard_longjmp_table     00000000     <absolute>
 0000:00000000       ___arm64x_extra_rfe_table  00000000     <absolute>
 0000:00000000       ___arm64x_redirection_metadata 00000000     <absolute>
 0000:00000000       ___guard_iat_count         00000000     <absolute>
 0000:00000000       ___guard_eh_cont_count     00000000     <absolute>
 0000:00000000       __except_list              00000000     <absolute>
 0000:00000000       ___x64_code_ranges_to_entry_points_count 00000000     <absolute>
 0000:00000000       ___hybrid_code_map_count   00000000     <absolute>
 0000:00000000       ___x64_code_ranges_to_entry_points 00000000     <absolute>
 0000:00000000       ___guard_iat_table         00000000     <absolute>
 0000:00000000       ___arm64x_native_entrypoint 00000000     <absolute>
 0000:00000000       ___hybrid_code_map         00000000     <absolute>
 0000:00000000       ___arm64x_extra_rfe_table_size 00000000     <absolute>
 0000:00000000       ___guard_longjmp_count     00000000     <absolute>
 0000:00000000       ___guard_check_icall_a64n_fptr 00000000     <absolute>
 0000:00000000       ___arm64x_redirection_metadata_count 00000000     <absolute>
 0000:00000000       ___hybrid_auxiliary_iat    00000000     <absolute>
 0000:00000000       ___dynamic_value_reloc_table 00000000     <absolute>
 0000:00000000       ___AbsoluteZero            00000000     <absolute>
 0000:00000000       ___enclave_config          00000000     <absolute>
 0000:00000000       ___guard_fids_table        00000000     <absolute>
 0000:00000000       ___hybrid_auxiliary_iat_copy 00000000     <absolute>
 0000:0000000b       ___safe_se_handler_count   0000000b     <absolute>
 0000:0000002c       __tls_array                0000002c     <absolute>
 0000:00000100       ___guard_flags             00000100     <absolute>
 0000:00000000       ___ImageBase               10000000     <linker-defined>
 0001:00000080       ?DupWide@_CW@@AAEXXZ       10001080 f   CWString.obj
 0001:0000009c       ?cw_dup@@YGXPBDAAHAAPA_W1@Z 1000109c f   CWString.obj
 0001:00000124       ?cw_memcpy@@YGHPA_WPBDH@Z  10001124 f   CWString.obj
 0001:00000150       ?cw_strcpy@@YAHPA_WPBD@Z   10001150 f   CWString.obj
 0001:00000163       ?cw_strlen@@YAHPBD@Z       10001163 f   CWString.obj
 0001:0000017c       ??0CAtlComModule@ATL@@QAE@XZ 1000117c f i OposVariant.obj
 0001:000001c1       ??0CAtlWinModule@ATL@@QAE@XZ 100011c1 f i OposVariant.obj
 0001:000001f8       ??0OposDispParms@@QAE@PAVOposVariant@@H@Z 100011f8 f   OposVariant.obj
 0001:00000269       ??1OposDispParms@@QAE@XZ   10001269 f   OposVariant.obj
 0001:00000277       ??A?$CSimpleArray@GV?$CSimpleArrayEqualHelper@G@ATL@@@ATL@@QAEAAGH@Z 10001277 f i OposVariant.obj
 0001:0000029c       ??_Estringdispid@CComTypeInfoHolder@ATL@@QAEPAXI@Z 1000129c f i OposVariant.obj
 0001:00000308       ?AtlWinModuleInit@ATL@@YGJPAU_ATL_WIN_MODULE70@1@@Z 10001308 f i OposVariant.obj
 0001:0000032e       ?AtlWinModuleTerm@ATL@@YGJPAU_ATL_WIN_MODULE70@1@PAUHINSTANCE__@@@Z 1000132e f i OposVariant.obj
 0001:00000391       ?ChangeBSTR@OposVariant@@QAEXPAPA_WAAJ@Z 10001391 f   OposVariant.obj
 0001:000003d2       ?ChangeLONG@OposVariant@@QAEXPAJAAJ@Z 100013d2 f   OposVariant.obj
 0001:00000413       ?GetLONG@OposVariant@@QAEJXZ 10001413 f   OposVariant.obj
 0001:0000042e       ?Init@CComCriticalSection@ATL@@QAEJXZ 1000142e f i OposVariant.obj
 0001:00000456       ?RemoveAll@?$CSimpleArray@PAUHINSTANCE__@@V?$CSimpleArrayEqualHelper@PAUHINSTANCE__@@@ATL@@@ATL@@QAEXXZ 10001456 f i atls:atlbase.obj
 0001:00000456       ?RemoveAll@?$CSimpleArray@GV?$CSimpleArrayEqualHelper@G@ATL@@@ATL@@QAEXXZ 10001456 f i OposVariant.obj
 0001:00000473       ?SetBSTR@OposVariant@@QAEXPA_WAAJ@Z 10001473 f   OposVariant.obj
 0001:000004a7       ?SetBSTR_Copy@OposVariant@@QAEXPA_WAAJ@Z 100014a7 f   OposVariant.obj
 0001:000004f7       ?SetBSTR_InOutPtr@OposVariant@@QAE_NPAPA_WAAJ@Z 100014f7 f   OposVariant.obj
 0001:0000052e       ?SetDispatch_Ptr@OposVariant@@QAEXPAUIDispatch@@AAJ@Z 1000152e f   OposVariant.obj
 0001:00000569       ?SetLONG@OposVariant@@QAEXJ@Z 10001569 f   OposVariant.obj
 0001:0000058b       ?SetLONG_Ptr@OposVariant@@QAEXPAJAAJ@Z 1000158b f   OposVariant.obj
 0001:000005be       ?SetString@OposVariant@@QAEXPB_WAAJ@Z 100015be f   OposVariant.obj
 0001:00000604       ?SetVARIANT_BOOL@OposVariant@@QAEXF@Z 10001604 f   OposVariant.obj
 0001:0000062e       ?Term@CAtlComModule@ATL@@QAEXXZ 1000162e f i OposVariant.obj
 0001:00000678       ?_AtlRaiseException@ATL@@YAXKK@Z 10001678 f i OposVariant.obj
 0001:0000068d       ?OnDrawAdvanced@CComControlBase@ATL@@UAEJAAUATL_DRAWINFO@@@Z 1000168d f i MICR.obj
 0001:00000780       ?Next@?$CComEnumImpl@UIEnumConnections@@$1?_GUID_b196b287_bab4_101a_b69c_00aa00341d07@@3U__s_GUID@@BUtagCONNECTDATA@@V?$_Copy@UtagCONNECTDATA@@@ATL@@@ATL@@UAGJKPAUtagCONNECTDATA@@PAK@Z 10001780 f i MICR.obj
 0001:0000084f       ?Skip@?$CComEnumImpl@UIEnumConnections@@$1?_GUID_b196b287_bab4_101a_b69c_00aa00341d07@@3U__s_GUID@@BUtagCONNECTDATA@@V?$_Copy@UtagCONNECTDATA@@@ATL@@@ATL@@UAGJK@Z 1000184f f i MICR.obj
 0001:0000087c       ?Reset@?$CComEnumImpl@UIEnumConnectionPoints@@$1?_GUID_b196b285_bab4_101a_b69c_00aa00341d07@@3U__s_GUID@@BPAUIConnectionPoint@@V?$_CopyInterface@UIConnectionPoint@@@ATL@@@ATL@@UAGJXZ 1000187c f i MICR.obj
 0001:0000087c       ?Reset@?$CComEnumImpl@UIEnumConnections@@$1?_GUID_b196b287_bab4_101a_b69c_00aa00341d07@@3U__s_GUID@@BUtagCONNECTDATA@@V?$_Copy@UtagCONNECTDATA@@@ATL@@@ATL@@UAGJXZ 1000187c f i MICR.obj
 0001:0000088e       ?Clone@?$CComEnumImpl@UIEnumConnections@@$1?_GUID_b196b287_bab4_101a_b69c_00aa00341d07@@3U__s_GUID@@BUtagCONNECTDATA@@V?$_Copy@UtagCONNECTDATA@@@ATL@@@ATL@@UAGJPAPAUIEnumConnections@@@Z 1000188e f i MICR.obj
 0001:0000096f       ?AddRef@?$CComObject@V?$CComEnum@UIEnumConnectionPoints@@$1?_GUID_b196b285_bab4_101a_b69c_00aa00341d07@@3U__s_GUID@@BPAUIConnectionPoint@@V?$_CopyInterface@UIConnectionPoint@@@ATL@@VCComSingleThreadModel@6@@ATL@@@ATL@@UAGKXZ 1000196f f i MICR.obj
 0001:0000096f       ?AddRef@?$CComObject@V?$CComEnum@UIEnumConnections@@$1?_GUID_b196b287_bab4_101a_b69c_00aa00341d07@@3U__s_GUID@@BUtagCONNECTDATA@@V?$_Copy@UtagCONNECTDATA@@@ATL@@VCComSingleThreadModel@6@@ATL@@@ATL@@UAGKXZ 1000196f f i MICR.obj
 0001:00000980       ?Release@?$CComObject@V?$CComEnum@UIEnumConnections@@$1?_GUID_b196b287_bab4_101a_b69c_00aa00341d07@@3U__s_GUID@@BUtagCONNECTDATA@@V?$_Copy@UtagCONNECTDATA@@@ATL@@VCComSingleThreadModel@6@@ATL@@@ATL@@UAGKXZ 10001980 f i MICR.obj
 0001:00000980       ?Release@?$CComObject@V?$CComEnum@UIEnumConnectionPoints@@$1?_GUID_b196b285_bab4_101a_b69c_00aa00341d07@@3U__s_GUID@@BPAUIConnectionPoint@@V?$_CopyInterface@UIConnectionPoint@@@ATL@@VCComSingleThreadModel@6@@ATL@@@ATL@@UAGKXZ 10001980 f i MICR.obj
 0001:000009bc       ?QueryInterface@?$CComObject@V?$CComEnum@UIEnumConnections@@$1?_GUID_b196b287_bab4_101a_b69c_00aa00341d07@@3U__s_GUID@@BUtagCONNECTDATA@@V?$_Copy@UtagCONNECTDATA@@@ATL@@VCComSingleThreadModel@6@@ATL@@@ATL@@UAGJABU_GUID@@PAPAX@Z 100019bc f i MICR.obj
 0001:000009d6       ??_E?$CComObject@V?$CComEnum@UIEnumConnections@@$1?_GUID_b196b287_bab4_101a_b69c_00aa00341d07@@3U__s_GUID@@BUtagCONNECTDATA@@V?$_Copy@UtagCONNECTDATA@@@ATL@@VCComSingleThreadModel@6@@ATL@@@ATL@@UAEPAXI@Z 100019d6 f i MICR.obj
 0001:000009d6       ??_G?$CComObject@V?$CComEnum@UIEnumConnections@@$1?_GUID_b196b287_bab4_101a_b69c_00aa00341d07@@3U__s_GUID@@BUtagCONNECTDATA@@V?$_Copy@UtagCONNECTDATA@@@ATL@@VCComSingleThreadModel@6@@ATL@@@ATL@@UAEPAXI@Z 100019d6 f i MICR.obj
 0001:000009f8       ?ObjectMain@CComObjectRootBase@ATL@@SGX_N@Z 100019f8 f i MICR.obj
 0001:000009f8       ?OnFinalMessage@?$CWindowImplBaseT@VCWindow@ATL@@V?$CWinTraits@$0FGAAAAAA@$0A@@2@@ATL@@UAEXPAUHWND__@@@Z 100019f8 f i MICR.obj
 0001:000009fb       ?GetCategoryMap@CComObjectRootBase@ATL@@SAPBU_ATL_CATMAP_ENTRY@2@XZ 100019fb f i MICR.obj
 0001:000009fb       ?GetObjectDescription@?$CComCoClass@VCOPOSMICR@@$1?CLSID_OPOSMICR@@3U_GUID@@B@ATL@@SGPB_WXZ 100019fb f i MICR.obj
 0001:000009fe       ?CreateInstance@CComClassFactory@ATL@@UAGJPAUIUnknown@@ABU_GUID@@PAPAX@Z 100019fe f i MICR.obj
 0001:00000a3c       ?LockServer@CComClassFactory@ATL@@UAGJH@Z 10001a3c f i MICR.obj
 0001:00000a5b       ??_GCComClassFactory@ATL@@UAEPAXI@Z 10001a5b f i MICR.obj
 0001:00000a5b       ??_ECComClassFactory@ATL@@UAEPAXI@Z 10001a5b f i MICR.obj
 0001:00000a86       ??_E?$CComObject@VCOPOSMICR@@@ATL@@W3AEPAXI@Z 10001a86 f i MICR.obj
 0001:00000a8e       ??_E?$CComObject@VCOPOSMICR@@@ATL@@WEM@AEPAXI@Z 10001a8e f i MICR.obj
 0001:00000a96       ?QueryInterface@?$CComObject@VCOPOSMICR@@@ATL@@WHA@AGJABU_GUID@@PAPAX@Z 10001a96 f i MICR.obj
 0001:00000aa0       ?AddRef@?$CComObject@VCOPOSMICR@@@ATL@@WHA@AGKXZ 10001aa0 f i MICR.obj
 0001:00000aaa       ?Release@?$CComObject@VCOPOSMICR@@@ATL@@WHA@AGKXZ 10001aaa f i MICR.obj
 0001:00000ab4       ?QueryInterface@?$CComObject@VCOPOSMICR@@@ATL@@WHE@AGJABU_GUID@@PAPAX@Z 10001ab4 f i MICR.obj
 0001:00000abe       ?AddRef@?$CComObject@VCOPOSMICR@@@ATL@@WHE@AGKXZ 10001abe f i MICR.obj
 0001:00000ac8       ?Release@?$CComObject@VCOPOSMICR@@@ATL@@WHE@AGKXZ 10001ac8 f i MICR.obj
 0001:00000ad2       ?QueryInterface@?$CComObject@VCOPOSMICR@@@ATL@@WHI@AGJABU_GUID@@PAPAX@Z 10001ad2 f i MICR.obj
 0001:00000adc       ?AddRef@?$CComObject@VCOPOSMICR@@@ATL@@WHI@AGKXZ 10001adc f i MICR.obj
 0001:00000ae6       ?Release@?$CComObject@VCOPOSMICR@@@ATL@@WHI@AGKXZ 10001ae6 f i MICR.obj
 0001:00000af0       ?QueryInterface@?$CComObject@VCOPOSMICR@@@ATL@@WHM@AGJABU_GUID@@PAPAX@Z 10001af0 f i MICR.obj
 0001:00000afa       ?AddRef@?$CComObject@VCOPOSMICR@@@ATL@@WHM@AGKXZ 10001afa f i MICR.obj
 0001:00000b04       ?Release@?$CComObject@VCOPOSMICR@@@ATL@@WHM@AGKXZ 10001b04 f i MICR.obj
 0001:00000b0e       ?QueryInterface@?$CComObject@VCOPOSMICR@@@ATL@@WIA@AGJABU_GUID@@PAPAX@Z 10001b0e f i MICR.obj
 0001:00000b1b       ?AddRef@?$CComObject@VCOPOSMICR@@@ATL@@WIA@AGKXZ 10001b1b f i MICR.obj
 0001:00000b28       ?Release@?$CComObject@VCOPOSMICR@@@ATL@@WIA@AGKXZ 10001b28 f i MICR.obj
 0001:00000b35       ?QueryInterface@?$CComObject@VCOPOSMICR@@@ATL@@WIE@AGJABU_GUID@@PAPAX@Z 10001b35 f i MICR.obj
 0001:00000b42       ?AddRef@?$CComObject@VCOPOSMICR@@@ATL@@WIE@AGKXZ 10001b42 f i MICR.obj
 0001:00000b4f       ?Release@?$CComObject@VCOPOSMICR@@@ATL@@WIE@AGKXZ 10001b4f f i MICR.obj
 0001:00000b5c       ?QueryInterface@?$CComObject@VCOPOSMICR@@@ATL@@WII@AGJABU_GUID@@PAPAX@Z 10001b5c f i MICR.obj
 0001:00000b69       ?AddRef@?$CComObject@VCOPOSMICR@@@ATL@@WII@AGKXZ 10001b69 f i MICR.obj
 0001:00000b76       ?Release@?$CComObject@VCOPOSMICR@@@ATL@@WII@AGKXZ 10001b76 f i MICR.obj
 0001:00000b83       ?QueryInterface@?$CComObject@VCOPOSMICR@@@ATL@@WIM@AGJABU_GUID@@PAPAX@Z 10001b83 f i MICR.obj
 0001:00000b90       ?AddRef@?$CComObject@VCOPOSMICR@@@ATL@@WIM@AGKXZ 10001b90 f i MICR.obj
 0001:00000b9d       ?Release@?$CComObject@VCOPOSMICR@@@ATL@@WIM@AGKXZ 10001b9d f i MICR.obj
 0001:00000baa       ?QueryInterface@?$CComObject@VCOPOSMICR@@@ATL@@WJA@AGJABU_GUID@@PAPAX@Z 10001baa f i MICR.obj
 0001:00000bb7       ?AddRef@?$CComObject@VCOPOSMICR@@@ATL@@WJA@AGKXZ 10001bb7 f i MICR.obj
 0001:00000bc4       ?Release@?$CComObject@VCOPOSMICR@@@ATL@@WJA@AGKXZ 10001bc4 f i MICR.obj
 0001:00000bd1       ?QueryInterface@?$CComObject@VCOPOSMICR@@@ATL@@WJE@AGJABU_GUID@@PAPAX@Z 10001bd1 f i MICR.obj
 0001:00000bde       ?AddRef@?$CComObject@VCOPOSMICR@@@ATL@@WJE@AGKXZ 10001bde f i MICR.obj
 0001:00000beb       ?Release@?$CComObject@VCOPOSMICR@@@ATL@@WJE@AGKXZ 10001beb f i MICR.obj
 0001:00000bf8       ?QueryInterface@?$CComObject@VCOPOSMICR@@@ATL@@WJI@AGJABU_GUID@@PAPAX@Z 10001bf8 f i MICR.obj
 0001:00000c05       ?AddRef@?$CComObject@VCOPOSMICR@@@ATL@@WJI@AGKXZ 10001c05 f i MICR.obj
 0001:00000c12       ?Release@?$CComObject@VCOPOSMICR@@@ATL@@WJI@AGKXZ 10001c12 f i MICR.obj
 0001:00000c1f       ?QueryInterface@?$CComObject@VCOPOSMICR@@@ATL@@WJM@AGJABU_GUID@@PAPAX@Z 10001c1f f i MICR.obj
 0001:00000c2c       ?AddRef@?$CComObject@VCOPOSMICR@@@ATL@@WJM@AGKXZ 10001c2c f i MICR.obj
 0001:00000c39       ?Release@?$CComObject@VCOPOSMICR@@@ATL@@WJM@AGKXZ 10001c39 f i MICR.obj
 0001:00000c46       ?QueryInterface@?$CComObject@VCOPOSMICR@@@ATL@@WKA@AGJABU_GUID@@PAPAX@Z 10001c46 f i MICR.obj
 0001:00000c53       ?AddRef@?$CComObject@VCOPOSMICR@@@ATL@@WKA@AGKXZ 10001c53 f i MICR.obj
 0001:00000c60       ?Release@?$CComObject@VCOPOSMICR@@@ATL@@WKA@AGKXZ 10001c60 f i MICR.obj
 0001:00000c6d       ?AddRef@?$CComObject@VCOPOSMICR@@@ATL@@WKI@AGKXZ 10001c6d f i MICR.obj
 0001:00000c7a       ?Release@?$CComObject@VCOPOSMICR@@@ATL@@WKI@AGKXZ 10001c7a f i MICR.obj
 0001:00000c87       ?AddRef@?$CComObject@VCOPOSMICR@@@ATL@@WLE@AGKXZ 10001c87 f i MICR.obj
 0001:00000c94       ?Release@?$CComObject@VCOPOSMICR@@@ATL@@WLE@AGKXZ 10001c94 f i MICR.obj
 0001:00000ca1       ??_E?$CComContainedObject@VCOPOSMICR@@@ATL@@W3AEPAXI@Z 10001ca1 f i MICR.obj
 0001:00000ca9       ??_E?$CComContainedObject@VCOPOSMICR@@@ATL@@WEM@AEPAXI@Z 10001ca9 f i MICR.obj
 0001:00000cb1       ?QueryInterface@?$CComContainedObject@VCOPOSMICR@@@ATL@@WHA@AGJABU_GUID@@PAPAX@Z 10001cb1 f i MICR.obj
 0001:00000cbb       ?AddRef@?$CComContainedObject@VCOPOSMICR@@@ATL@@WHA@AGKXZ 10001cbb f i MICR.obj
 0001:00000cc5       ?Release@?$CComContainedObject@VCOPOSMICR@@@ATL@@WHA@AGKXZ 10001cc5 f i MICR.obj
 0001:00000ccf       ?QueryInterface@?$CComContainedObject@VCOPOSMICR@@@ATL@@WHE@AGJABU_GUID@@PAPAX@Z 10001ccf f i MICR.obj
 0001:00000cd9       ?AddRef@?$CComContainedObject@VCOPOSMICR@@@ATL@@WHE@AGKXZ 10001cd9 f i MICR.obj
 0001:00000ce3       ?Release@?$CComContainedObject@VCOPOSMICR@@@ATL@@WHE@AGKXZ 10001ce3 f i MICR.obj
 0001:00000ced       ?QueryInterface@?$CComContainedObject@VCOPOSMICR@@@ATL@@WHI@AGJABU_GUID@@PAPAX@Z 10001ced f i MICR.obj
 0001:00000cf7       ?AddRef@?$CComContainedObject@VCOPOSMICR@@@ATL@@WHI@AGKXZ 10001cf7 f i MICR.obj
 0001:00000d01       ?Release@?$CComContainedObject@VCOPOSMICR@@@ATL@@WHI@AGKXZ 10001d01 f i MICR.obj
 0001:00000d0b       ?QueryInterface@?$CComContainedObject@VCOPOSMICR@@@ATL@@WHM@AGJABU_GUID@@PAPAX@Z 10001d0b f i MICR.obj
 0001:00000d15       ?AddRef@?$CComContainedObject@VCOPOSMICR@@@ATL@@WHM@AGKXZ 10001d15 f i MICR.obj
 0001:00000d1f       ?Release@?$CComContainedObject@VCOPOSMICR@@@ATL@@WHM@AGKXZ 10001d1f f i MICR.obj
 0001:00000d29       ?QueryInterface@?$CComContainedObject@VCOPOSMICR@@@ATL@@WIA@AGJABU_GUID@@PAPAX@Z 10001d29 f i MICR.obj
 0001:00000d36       ?AddRef@?$CComContainedObject@VCOPOSMICR@@@ATL@@WIA@AGKXZ 10001d36 f i MICR.obj
 0001:00000d43       ?Release@?$CComContainedObject@VCOPOSMICR@@@ATL@@WIA@AGKXZ 10001d43 f i MICR.obj
 0001:00000d50       ?QueryInterface@?$CComContainedObject@VCOPOSMICR@@@ATL@@WIE@AGJABU_GUID@@PAPAX@Z 10001d50 f i MICR.obj
 0001:00000d5d       ?AddRef@?$CComContainedObject@VCOPOSMICR@@@ATL@@WIE@AGKXZ 10001d5d f i MICR.obj
 0001:00000d6a       ?Release@?$CComContainedObject@VCOPOSMICR@@@ATL@@WIE@AGKXZ 10001d6a f i MICR.obj
 0001:00000d77       ?QueryInterface@?$CComContainedObject@VCOPOSMICR@@@ATL@@WII@AGJABU_GUID@@PAPAX@Z 10001d77 f i MICR.obj
 0001:00000d84       ?AddRef@?$CComContainedObject@VCOPOSMICR@@@ATL@@WII@AGKXZ 10001d84 f i MICR.obj
 0001:00000d91       ?Release@?$CComContainedObject@VCOPOSMICR@@@ATL@@WII@AGKXZ 10001d91 f i MICR.obj
 0001:00000d9e       ?QueryInterface@?$CComContainedObject@VCOPOSMICR@@@ATL@@WIM@AGJABU_GUID@@PAPAX@Z 10001d9e f i MICR.obj
 0001:00000dab       ?AddRef@?$CComContainedObject@VCOPOSMICR@@@ATL@@WIM@AGKXZ 10001dab f i MICR.obj
 0001:00000db8       ?Release@?$CComContainedObject@VCOPOSMICR@@@ATL@@WIM@AGKXZ 10001db8 f i MICR.obj
 0001:00000dc5       ?QueryInterface@?$CComContainedObject@VCOPOSMICR@@@ATL@@WJA@AGJABU_GUID@@PAPAX@Z 10001dc5 f i MICR.obj
 0001:00000dd2       ?AddRef@?$CComContainedObject@VCOPOSMICR@@@ATL@@WJA@AGKXZ 10001dd2 f i MICR.obj
 0001:00000ddf       ?Release@?$CComContainedObject@VCOPOSMICR@@@ATL@@WJA@AGKXZ 10001ddf f i MICR.obj
 0001:00000dec       ?QueryInterface@?$CComContainedObject@VCOPOSMICR@@@ATL@@WJE@AGJABU_GUID@@PAPAX@Z 10001dec f i MICR.obj
 0001:00000df9       ?AddRef@?$CComContainedObject@VCOPOSMICR@@@ATL@@WJE@AGKXZ 10001df9 f i MICR.obj
 0001:00000e06       ?Release@?$CComContainedObject@VCOPOSMICR@@@ATL@@WJE@AGKXZ 10001e06 f i MICR.obj
 0001:00000e13       ?QueryInterface@?$CComContainedObject@VCOPOSMICR@@@ATL@@WJI@AGJABU_GUID@@PAPAX@Z 10001e13 f i MICR.obj
 0001:00000e20       ?AddRef@?$CComContainedObject@VCOPOSMICR@@@ATL@@WJI@AGKXZ 10001e20 f i MICR.obj
 0001:00000e2d       ?Release@?$CComContainedObject@VCOPOSMICR@@@ATL@@WJI@AGKXZ 10001e2d f i MICR.obj
 0001:00000e3a       ?QueryInterface@?$CComContainedObject@VCOPOSMICR@@@ATL@@WJM@AGJABU_GUID@@PAPAX@Z 10001e3a f i MICR.obj
 0001:00000e47       ?AddRef@?$CComContainedObject@VCOPOSMICR@@@ATL@@WJM@AGKXZ 10001e47 f i MICR.obj
 0001:00000e54       ?Release@?$CComContainedObject@VCOPOSMICR@@@ATL@@WJM@AGKXZ 10001e54 f i MICR.obj
 0001:00000e61       ?QueryInterface@?$CComContainedObject@VCOPOSMICR@@@ATL@@WKA@AGJABU_GUID@@PAPAX@Z 10001e61 f i MICR.obj
 0001:00000e6e       ?AddRef@?$CComContainedObject@VCOPOSMICR@@@ATL@@WKA@AGKXZ 10001e6e f i MICR.obj
 0001:00000e7b       ?Release@?$CComContainedObject@VCOPOSMICR@@@ATL@@WKA@AGKXZ 10001e7b f i MICR.obj
 0001:00000e88       ?AddRef@?$CComContainedObject@VCOPOSMICR@@@ATL@@WKI@AGKXZ 10001e88 f i MICR.obj
 0001:00000e95       ?Release@?$CComContainedObject@VCOPOSMICR@@@ATL@@WKI@AGKXZ 10001e95 f i MICR.obj
 0001:00000ea2       ?AddRef@?$CComContainedObject@VCOPOSMICR@@@ATL@@WLE@AGKXZ 10001ea2 f i MICR.obj
 0001:00000eaf       ?Release@?$CComContainedObject@VCOPOSMICR@@@ATL@@WLE@AGKXZ 10001eaf f i MICR.obj
 0001:00000ebc       ?GetWindowProc@?$CWindowImplBaseT@VCWindow@ATL@@V?$CWinTraits@$0FGAAAAAA@$0A@@2@@ATL@@UAEP6GJPAUHWND__@@IIJ@ZXZ 10001ebc f i MICR.obj
 0001:00000ec2       ?StartWindowProc@?$CWindowImplBaseT@VCWindow@ATL@@V?$CWinTraits@$0FGAAAAAA@$0A@@2@@ATL@@SGJPAUHWND__@@IIJ@Z 10001ec2 f i MICR.obj
 0001:00000f16       ?GetTypeInfoCount@?$IDispatchImpl@UIOPOSMICR@@$1?IID_IOPOSMICR@@3U_GUID@@B$1?LIBID_OposMICR_CCO@@3U3@B$00$0A@VCComTypeInfoHolder@ATL@@@ATL@@UAGJPAI@Z 10001f16 f i MICR.obj
 0001:00000f33       ?GetTypeInfo@?$IDispatchImpl@UIOPOSMICR@@$1?IID_IOPOSMICR@@3U_GUID@@B$1?LIBID_OposMICR_CCO@@3U3@B$00$0A@VCComTypeInfoHolder@ATL@@@ATL@@UAGJIKPAPAUITypeInfo@@@Z 10001f33 f i MICR.obj
 0001:00000f57       ?GetIDsOfNames@?$IDispatchImpl@UIOPOSMICR@@$1?IID_IOPOSMICR@@3U_GUID@@B$1?LIBID_OposMICR_CCO@@3U3@B$00$0A@VCComTypeInfoHolder@ATL@@@ATL@@UAGJABU_GUID@@PAPA_WIKPAJ@Z 10001f57 f i MICR.obj
 0001:00000f77       ?Invoke@?$IDispatchImpl@UIOPOSMICR@@$1?IID_IOPOSMICR@@3U_GUID@@B$1?LIBID_OposMICR_CCO@@3U3@B$00$0A@VCComTypeInfoHolder@ATL@@@ATL@@UAGJJABU_GUID@@KGPAUtagDISPPARAMS@@PAUtagVARIANT@@PAUtagEXCEPINFO@@PAI@Z 10001f77 f i MICR.obj
 0001:00000f85       ?CreateControlWindow@?$CComControl@VCOPOSMICR@@V?$CWindowImpl@VCOPOSMICR@@VCWindow@ATL@@V?$CWinTraits@$0FGAAAAAA@$0A@@3@@ATL@@@ATL@@UAEPAUHWND__@@PAU3@AAUtagRECT@@@Z 10001f85 f i MICR.obj
 0001:00000fb4       ?ControlQueryInterface@?$CComControl@VCOPOSMICR@@V?$CWindowImpl@VCOPOSMICR@@VCWindow@ATL@@V?$CWinTraits@$0FGAAAAAA@$0A@@3@@ATL@@@ATL@@UAEJABU_GUID@@PAPAX@Z 10001fb4 f i MICR.obj
 0001:00000fcf       ?GetClassID@?$IPersistStorageImpl@VCOPOSMICR@@@ATL@@UAGJPAU_GUID@@@Z 10001fcf f i MICR.obj
 0001:00000fcf       ?GetUserClassID@?$IOleObjectImpl@VCOPOSMICR@@@ATL@@UAGJPAU_GUID@@@Z 10001fcf f i MICR.obj
 0001:00000fcf       ?GetClassID@?$IPersistStreamInitImpl@VCOPOSMICR@@@ATL@@UAGJPAU_GUID@@@Z 10001fcf f i MICR.obj
 0001:00000ff3       ?IsDirty@?$IPersistStreamInitImpl@VCOPOSMICR@@@ATL@@UAGJXZ 10001ff3 f i MICR.obj
 0001:00001012       ?Load@?$IPersistStreamInitImpl@VCOPOSMICR@@@ATL@@UAGJPAUIStream@@@Z 10002012 f i MICR.obj
 0001:00001031       ?Save@?$IPersistStreamInitImpl@VCOPOSMICR@@@ATL@@UAGJPAUIStream@@H@Z 10002031 f i MICR.obj
 0001:00001053       ?GetSizeMax@?$IPersistStreamInitImpl@VCOPOSMICR@@@ATL@@UAGJPAT_ULARGE_INTEGER@@@Z 10002053 f i MICR.obj
 0001:00001232       ?InitNew@?$IPersistStreamInitImpl@VCOPOSMICR@@@ATL@@UAGJXZ 10002232 f i MICR.obj
 0001:0000124f       ?ContextSensitiveHelp@?$IOleInPlaceObjectWindowlessImpl@VCOPOSMICR@@@ATL@@UAGJH@Z 1000224f f i MICR.obj
 0001:0000124f       ?QueryGetData@?$IDataObjectImpl@VCOPOSMICR@@@ATL@@UAGJPAUtagFORMATETC@@@Z 1000224f f i MICR.obj
 0001:0000124f       ?GetControlInfo@?$IOleControlImpl@VCOPOSMICR@@@ATL@@UAGJPAUtagCONTROLINFO@@@Z 1000224f f i MICR.obj
 0001:0000124f       ?SetColorScheme@?$IOleObjectImpl@VCOPOSMICR@@@ATL@@UAGJPAUtagLOGPALETTE@@@Z 1000224f f i MICR.obj
 0001:0000124f       ?SOOutputCompleteDummy@COPOSMICR@@MAGJJ@Z 1000224f f i MICR.obj
 0001:0000124f       ?OnMnemonic@?$IOleControlImpl@VCOPOSMICR@@@ATL@@UAGJPAUtagMSG@@@Z 1000224f f i MICR.obj
 0001:0000124f       ?GetDropTarget@?$IOleInPlaceObjectWindowlessImpl@VCOPOSMICR@@@ATL@@UAGJPAPAUIDropTarget@@@Z 1000224f f i MICR.obj
 0001:0000124f       ?Unfreeze@?$IViewObjectExImpl@VCOPOSMICR@@@ATL@@UAGJK@Z 1000224f f i MICR.obj
 0001:0000124f       ?ContextSensitiveHelp@?$IOleInPlaceActiveObjectImpl@VCOPOSMICR@@@ATL@@UAGJH@Z 1000224f f i MICR.obj
 0001:00001257       ?OnFrameWindowActivate@?$IOleInPlaceActiveObjectImpl@VCOPOSMICR@@@ATL@@UAGJH@Z 10002257 f i MICR.obj
 0001:00001257       ?SaveCompleted@?$IPersistStorageImpl@VCOPOSMICR@@@ATL@@UAGJPAUIStorage@@@Z 10002257 f i MICR.obj
 0001:00001257       ?OnAmbientPropertyChange@?$IOleControlImpl@VCOPOSMICR@@@ATL@@UAGJJ@Z 10002257 f i MICR.obj
 0001:00001257       ?EnableModeless@?$IOleInPlaceActiveObjectImpl@VCOPOSMICR@@@ATL@@UAGJH@Z 10002257 f i MICR.obj
 0001:0000125c       ?SetClientSite@?$IOleObjectImpl@VCOPOSMICR@@@ATL@@UAGJPAUIOleClientSite@@@Z 1000225c f i MICR.obj
 0001:00001279       ?GetClientSite@?$IOleObjectImpl@VCOPOSMICR@@@ATL@@UAGJPAPAUIOleClientSite@@@Z 10002279 f i MICR.obj
 0001:00001296       ?SetHostNames@?$IOleObjectImpl@VCOPOSMICR@@@ATL@@UAGJPB_W0@Z 10002296 f i MICR.obj
 0001:0000129b       ?Close@?$IOleObjectImpl@VCOPOSMICR@@@ATL@@UAGJK@Z 1000229b f i MICR.obj
 0001:000012b8       ?GetClipboardData@?$IOleObjectImpl@VCOPOSMICR@@@ATL@@UAGJKPAPAUIDataObject@@@Z 100022b8 f i MICR.obj
 0001:000012b8       ?GetRect@?$IViewObjectExImpl@VCOPOSMICR@@@ATL@@UAGJKPAU_RECTL@@@Z 100022b8 f i MICR.obj
 0001:000012b8       ?GetCanonicalFormatEtc@?$IDataObjectImpl@VCOPOSMICR@@@ATL@@UAGJPAUtagFORMATETC@@0@Z 100022b8 f i MICR.obj
 0001:000012b8       ?EnumFormatEtc@?$IDataObjectImpl@VCOPOSMICR@@@ATL@@UAGJKPAPAUIEnumFORMATETC@@@Z 100022b8 f i MICR.obj
 0001:000012b8       ?QueryInterface@CRegObject@ATL@@UAGJABU_GUID@@PAPAX@Z 100022b8 f i MICR.obj
 0001:000012b8       ?GetDataHere@?$IDataObjectImpl@VCOPOSMICR@@@ATL@@UAGJPAUtagFORMATETC@@PAUtagSTGMEDIUM@@@Z 100022b8 f i MICR.obj
 0001:000012b8       ?SetMoniker@?$IOleObjectImpl@VCOPOSMICR@@@ATL@@UAGJKPAUIMoniker@@@Z 100022b8 f i MICR.obj
 0001:000012c0       ?InitFromData@?$IOleObjectImpl@VCOPOSMICR@@@ATL@@UAGJPAUIDataObject@@HK@Z 100022c0 f i MICR.obj
 0001:000012c0       ?SetData@?$IDataObjectImpl@VCOPOSMICR@@@ATL@@UAGJPAUtagFORMATETC@@PAUtagSTGMEDIUM@@H@Z 100022c0 f i MICR.obj
 0001:000012c0       ?GetMoniker@?$IOleObjectImpl@VCOPOSMICR@@@ATL@@UAGJKKPAPAUIMoniker@@@Z 100022c0 f i MICR.obj
 0001:000012c8       ?DoVerb@?$IOleObjectImpl@VCOPOSMICR@@@ATL@@UAGJJPAUtagMSG@@PAUIOleClientSite@@JPAUHWND__@@PBUtagRECT@@@Z 100022c8 f i MICR.obj
 0001:000013bc       ?EnumVerbs@?$IOleObjectImpl@VCOPOSMICR@@@ATL@@UAGJPAPAUIEnumOLEVERB@@@Z 100023bc f i MICR.obj
 0001:000013de       ?Release@CRegObject@ATL@@UAGKXZ 100023de f i MICR.obj
 0001:000013de       ?Update@?$IOleObjectImpl@VCOPOSMICR@@@ATL@@UAGJXZ 100023de f i MICR.obj
 0001:000013de       ?HandsOffStorage@?$IPersistStorageImpl@VCOPOSMICR@@@ATL@@UAGJXZ 100023de f i MICR.obj
 0001:000013de       ?IsUpToDate@?$IOleObjectImpl@VCOPOSMICR@@@ATL@@UAGJXZ 100023de f i MICR.obj
 0001:000013e3       ?GetUserType@?$IOleObjectImpl@VCOPOSMICR@@@ATL@@UAGJKPAPA_W@Z 100023e3 f i MICR.obj
 0001:000013fb       ?SetExtent@?$IOleObjectImpl@VCOPOSMICR@@@ATL@@UAGJKPAUtagSIZE@@@Z 100023fb f i MICR.obj
 0001:0000141b       ?GetExtent@?$IOleObjectImpl@VCOPOSMICR@@@ATL@@UAGJKPAUtagSIZE@@@Z 1000241b f i MICR.obj
 0001:00001459       ?Advise@?$IOleObjectImpl@VCOPOSMICR@@@ATL@@UAGJPAUIAdviseSink@@PAK@Z 10002459 f i MICR.obj
 0001:00001479       ?Unadvise@?$IOleObjectImpl@VCOPOSMICR@@@ATL@@UAGJK@Z 10002479 f i MICR.obj
 0001:000014a8       ?EnumAdvise@?$IOleObjectImpl@VCOPOSMICR@@@ATL@@UAGJPAPAUIEnumSTATDATA@@@Z 100024a8 f i MICR.obj
 0001:000014e8       ?GetMiscStatus@?$IOleObjectImpl@VCOPOSMICR@@@ATL@@UAGJKPAK@Z 100024e8 f i MICR.obj
 0001:00001500       ?GetWindow@?$IOleInPlaceActiveObjectImpl@VCOPOSMICR@@@ATL@@UAGJPAPAUHWND__@@@Z 10002500 f i MICR.obj
 0001:0000154d       ?TranslateAcceleratorW@?$IOleInPlaceActiveObjectImpl@VCOPOSMICR@@@ATL@@UAGJPAUtagMSG@@@Z 1000254d f i MICR.obj
 0001:000015fb       ?OnDocWindowActivate@?$IOleInPlaceActiveObjectImpl@VCOPOSMICR@@@ATL@@UAGJH@Z 100025fb f i MICR.obj
 0001:0000161d       ?ResizeBorder@?$IOleInPlaceActiveObjectImpl@VCOPOSMICR@@@ATL@@UAGJPBUtagRECT@@PAUIOleInPlaceUIWindow@@H@Z 1000261d f i MICR.obj
 0001:00001622       ?Draw@?$IViewObjectExImpl@VCOPOSMICR@@@ATL@@UAGJKJPAXPAUtagDVTARGETDEVICE@@PAUHDC__@@2PBU_RECTL@@3P6GHK@ZK@Z 10002622 f i MICR.obj
 0001:00001654       ?GetColorSet@?$IViewObjectExImpl@VCOPOSMICR@@@ATL@@UAGJKJPAXPAUtagDVTARGETDEVICE@@PAUHDC__@@PAPAUtagLOGPALETTE@@@Z 10002654 f i MICR.obj
 0001:0000165c       ?Freeze@?$IViewObjectExImpl@VCOPOSMICR@@@ATL@@UAGJKJPAXPAK@Z 1000265c f i MICR.obj
 0001:00001664       ?SetAdvise@?$IViewObjectExImpl@VCOPOSMICR@@@ATL@@UAGJKKPAUIAdviseSink@@@Z 10002664 f i MICR.obj
 0001:00001683       ?GetAdvise@?$IViewObjectExImpl@VCOPOSMICR@@@ATL@@UAGJPAK0PAPAUIAdviseSink@@@Z 10002683 f i MICR.obj
 0001:000016b8       ?GetExtent@?$IViewObjectExImpl@VCOPOSMICR@@@ATL@@UAGJKJPAUtagDVTARGETDEVICE@@PAUtagSIZE@@@Z 100026b8 f i MICR.obj
 0001:000016e9       ?GetViewStatus@?$IViewObjectExImpl@VCOPOSMICR@@@ATL@@UAGJPAK@Z 100026e9 f i MICR.obj
 0001:00001706       ?QueryHitPoint@?$IViewObjectExImpl@VCOPOSMICR@@@ATL@@UAGJKPBUtagRECT@@UtagPOINT@@JPAK@Z 10002706 f i MICR.obj
 0001:00001747       ?QueryHitRect@?$IViewObjectExImpl@VCOPOSMICR@@@ATL@@UAGJKPBUtagRECT@@0JPAK@Z 10002747 f i MICR.obj
 0001:000017a2       ?GetNaturalExtent@?$IViewObjectExImpl@VCOPOSMICR@@@ATL@@UAGJKJPAUtagDVTARGETDEVICE@@PAUHDC__@@PAUtagExtentInfo@@PAUtagSIZE@@@Z 100027a2 f i MICR.obj
 0001:000017ed       ?GetWindow@?$IOleInPlaceObjectWindowlessImpl@VCOPOSMICR@@@ATL@@UAGJPAPAUHWND__@@@Z 100027ed f i MICR.obj
 0001:0000183a       ?InPlaceDeactivate@?$IOleInPlaceObjectWindowlessImpl@VCOPOSMICR@@@ATL@@UAGJXZ 1000283a f i MICR.obj
 0001:00001854       ?UIDeactivate@?$IOleInPlaceObjectWindowlessImpl@VCOPOSMICR@@@ATL@@UAGJXZ 10002854 f i MICR.obj
 0001:0000186e       ?SetObjectRects@?$IOleInPlaceObjectWindowlessImpl@VCOPOSMICR@@@ATL@@UAGJPBUtagRECT@@0@Z 1000286e f i MICR.obj
 0001:0000188e       ?ReactivateAndUndo@?$IOleInPlaceObjectWindowlessImpl@VCOPOSMICR@@@ATL@@UAGJXZ 1000288e f i MICR.obj
 0001:00001896       ?OnWindowMessage@?$IOleInPlaceObjectWindowlessImpl@VCOPOSMICR@@@ATL@@UAGJIIJPAJ@Z 10002896 f i MICR.obj
 0001:00001906       ?EnumConnectionPoints@?$IConnectionPointContainerImpl@VCOPOSMICR@@@ATL@@UAGJPAPAUIEnumConnectionPoints@@@Z 10002906 f i MICR.obj
 0001:00001a96       ?FindConnectionPoint@?$IConnectionPointContainerImpl@VCOPOSMICR@@@ATL@@UAGJABU_GUID@@PAPAUIConnectionPoint@@@Z 10002a96 f i MICR.obj
 0001:00001b39       ?IsDirty@?$IPersistStorageImpl@VCOPOSMICR@@@ATL@@UAGJXZ 10002b39 f i MICR.obj
 0001:00001b69       ?InitNew@?$IPersistStorageImpl@VCOPOSMICR@@@ATL@@UAGJPAUIStorage@@@Z 10002b69 f i MICR.obj
 0001:00001b99       ?Load@?$IPersistStorageImpl@VCOPOSMICR@@@ATL@@UAGJPAUIStorage@@@Z 10002b99 f i MICR.obj
 0001:00001c05       ?Save@?$IPersistStorageImpl@VCOPOSMICR@@@ATL@@UAGJPAUIStorage@@H@Z 10002c05 f i MICR.obj
 0001:00001c78       ?GetPages@?$ISpecifyPropertyPagesImpl@VCOPOSMICR@@@ATL@@UAGJPAUtagCAUUID@@@Z 10002c78 f i MICR.obj
 0001:00001c8f       ?QuickActivate@?$IQuickActivateImpl@VCOPOSMICR@@@ATL@@UAGJPAUtagQACONTAINER@@PAUtagQACONTROL@@@Z 10002c8f f i MICR.obj
 0001:00001cb2       ?SetContentExtent@?$IQuickActivateImpl@VCOPOSMICR@@@ATL@@UAGJPAUtagSIZE@@@Z 10002cb2 f i MICR.obj
 0001:00001cde       ?GetContentExtent@?$IQuickActivateImpl@VCOPOSMICR@@@ATL@@UAGJPAUtagSIZE@@@Z 10002cde f i MICR.obj
 0001:00001d1a       ?GetData@?$IDataObjectImpl@VCOPOSMICR@@@ATL@@UAGJPAUtagFORMATETC@@PAUtagSTGMEDIUM@@@Z 10002d1a f i MICR.obj
 0001:00001d3d       ?DAdvise@?$IDataObjectImpl@VCOPOSMICR@@@ATL@@UAGJPAUtagFORMATETC@@KPAUIAdviseSink@@PAK@Z 10002d3d f i MICR.obj
 0001:00001d7e       ?DUnadvise@?$IDataObjectImpl@VCOPOSMICR@@@ATL@@UAGJK@Z 10002d7e f i MICR.obj
 0001:00001dac       ?EnumDAdvise@?$IDataObjectImpl@VCOPOSMICR@@@ATL@@UAGJPAPAUIEnumSTATDATA@@@Z 10002dac f i MICR.obj
 0001:00001deb       ?GetClassInfoW@?$IProvideClassInfo2Impl@$1?CLSID_OPOSMICR@@3U_GUID@@B$1?DIID__IOPOSMICREvents@@3U2@B$1?LIBID_OposMICR_CCO@@3U2@B$00$0A@VCComTypeInfoHolder@ATL@@@ATL@@UAGJPAPAUITypeInfo@@@Z 10002deb f i MICR.obj
 0001:00001e01       ?GetGUID@?$IProvideClassInfo2Impl@$1?CLSID_OPOSMICR@@3U_GUID@@B$1?DIID__IOPOSMICREvents@@3U2@B$1?LIBID_OposMICR_CCO@@3U2@B$00$0A@VCComTypeInfoHolder@ATL@@@ATL@@UAGJKPAU_GUID@@@Z 10002e01 f i MICR.obj
 0001:00001e3f       ?FAccessAllowed@?$IObjectSafetyImpl@VCOPOSMICR@@$02@ATL@@MAEHXZ 10002e3f f i MICR.obj
 0001:00001e3f       __get_startup_argv_mode    10002e3f f i LIBCMT:argv_mode.obj
 0001:00001e43       ?GetInterfaceSafetyOptions@?$IObjectSafetyImpl@VCOPOSMICR@@$02@ATL@@UAGJABU_GUID@@PAK1@Z 10002e43 f i MICR.obj
 0001:00001eb6       ?SetInterfaceSafetyOptions@?$IObjectSafetyImpl@VCOPOSMICR@@$02@ATL@@UAGJABU_GUID@@KK@Z 10002eb6 f i MICR.obj
 0001:00001f30       ?Lock@CAtlModule@ATL@@UAEJXZ 10002f30 f i MICR.obj
 0001:00001f3a       ?Unlock@CAtlModule@ATL@@UAEJXZ 10002f3a f i MICR.obj
 0001:00001f44       ?GetLockCount@CAtlModule@ATL@@UAEJXZ 10002f44 f i MICR.obj
 0001:00001f48       ?GetGITPtr@CAtlModule@ATL@@UAEJPAPAUIGlobalInterfaceTable@@@Z 10002f48 f i MICR.obj
 0001:00001f94       ?_LocCPQueryInterface@?$IConnectionPointImpl@VCOPOSMICR@@$1?DIID__IOPOSMICREvents@@3U_GUID@@BVCComDynamicUnkArray@ATL@@@ATL@@UAGJABU_GUID@@PAPAX@Z 10002f94 f i MICR.obj
 0001:00001f94       ?_LocCPQueryInterface@?$IConnectionPointImpl@VCOPOSMICR@@$1?IID_IPropertyNotifySink@@3U_GUID@@BVCComDynamicUnkArray@ATL@@@ATL@@UAGJABU_GUID@@PAPAX@Z 10002f94 f i MICR.obj
 0001:00001fe1       ?GetConnectionInterface@?$IConnectionPointImpl@VCOPOSMICR@@$1?IID_IPropertyNotifySink@@3U_GUID@@BVCComDynamicUnkArray@ATL@@@ATL@@UAGJPAU_GUID@@@Z 10002fe1 f i MICR.obj
 0001:00002005       ?GetConnectionPointContainer@?$IConnectionPointImpl@VCOPOSMICR@@$1?IID_IPropertyNotifySink@@3U_GUID@@BVCComDynamicUnkArray@ATL@@@ATL@@UAGJPAPAUIConnectionPointContainer@@@Z 10003005 f i MICR.obj
 0001:00002028       ?Advise@?$IConnectionPointImpl@VCOPOSMICR@@$1?DIID__IOPOSMICREvents@@3U_GUID@@BVCComDynamicUnkArray@ATL@@@ATL@@UAGJPAUIUnknown@@PAK@Z 10003028 f i MICR.obj
 0001:00002028       ?Advise@?$IConnectionPointImpl@VCOPOSMICR@@$1?IID_IPropertyNotifySink@@3U_GUID@@BVCComDynamicUnkArray@ATL@@@ATL@@UAGJPAUIUnknown@@PAK@Z 10003028 f i MICR.obj
 0001:000020c8       ?Unadvise@?$IConnectionPointImpl@VCOPOSMICR@@$1?DIID__IOPOSMICREvents@@3U_GUID@@BVCComDynamicUnkArray@ATL@@@ATL@@UAGJK@Z 100030c8 f i MICR.obj
 0001:000020c8       ?Unadvise@?$IConnectionPointImpl@VCOPOSMICR@@$1?IID_IPropertyNotifySink@@3U_GUID@@BVCComDynamicUnkArray@ATL@@@ATL@@UAGJK@Z 100030c8 f i MICR.obj
 0001:00002108       ?EnumConnections@?$IConnectionPointImpl@VCOPOSMICR@@$1?DIID__IOPOSMICREvents@@3U_GUID@@BVCComDynamicUnkArray@ATL@@@ATL@@UAGJPAPAUIEnumConnections@@@Z 10003108 f i MICR.obj
 0001:00002108       ?EnumConnections@?$IConnectionPointImpl@VCOPOSMICR@@$1?IID_IPropertyNotifySink@@3U_GUID@@BVCComDynamicUnkArray@ATL@@@ATL@@UAGJPAPAUIEnumConnections@@@Z 10003108 f i MICR.obj
 0001:0000220b       ?GetConnectionInterface@?$IConnectionPointImpl@VCOPOSMICR@@$1?DIID__IOPOSMICREvents@@3U_GUID@@BVCComDynamicUnkArray@ATL@@@ATL@@UAGJPAU_GUID@@@Z 1000320b f i MICR.obj
 0001:0000222f       ?GetConnectionPointContainer@?$IConnectionPointImpl@VCOPOSMICR@@$1?DIID__IOPOSMICREvents@@3U_GUID@@BVCComDynamicUnkArray@ATL@@@ATL@@UAGJPAPAUIConnectionPointContainer@@@Z 1000322f f i MICR.obj
 0001:00002252       ?AddCommonRGSReplacements@?$CAtlModuleT@VCComModule@ATL@@@ATL@@UAEJPAUIRegistrarBase@@@Z 10003252 f i MICR.obj
 0001:0000226c       ?UpdateRegistry@COPOSMICR@@SGJH@Z 1000326c f i MICR.obj
 0001:00002284       ?ProcessWindowMessage@COPOSMICR@@UAEHPAUHWND__@@IIJAAJK@Z 10003284 f i MICR.obj
 0001:000022d1       ?SOData@COPOSMICR@@MAGJJ@Z 100032d1 f i MICR.obj
 0001:0000230a       ?SODirectIO@COPOSMICR@@MAGJJPAJPAPA_W@Z 1000330a f i MICR.obj
 0001:00002353       ?SOError@COPOSMICR@@MAGJJJJPAJ@Z 10003353 f i MICR.obj
 0001:000023a8       ?SOStatusUpdate@COPOSMICR@@MAGJJ@Z 100033a8 f i MICR.obj
 0001:000023e1       ?UpdateRegistryFromResourceD@CComModule@ATL@@UAGJIHPAU_ATL_REGMAP_ENTRY@2@@Z 100033e1 f i MICR.obj
 0001:000023e1       ?UpdateRegistryFromResourceD@CComModule@ATL@@UAGJPB_WHPAU_ATL_REGMAP_ENTRY@2@@Z 100033e1 f i MICR.obj
 0001:000023e9       ?UpdateRegistryFromResource@CComModule@ATL@@UAGJPB_WHPAU_ATL_REGMAP_ENTRY@2@@Z 100033e9 f i MICR.obj
 0001:000023f2       ?UpdateRegistryFromResource@CComModule@ATL@@UAGJIHPAU_ATL_REGMAP_ENTRY@2@@Z 100033f2 f i MICR.obj
 0001:000023fb       ??_ECComModule@ATL@@UAEPAXI@Z 100033fb f i MICR.obj
 0001:000023fb       ??_GCComModule@ATL@@UAEPAXI@Z 100033fb f i MICR.obj
 0001:00002423       ?CreateInstance@?$CComCreator@V?$CComObjectCached@VCComClassFactory@ATL@@@ATL@@@ATL@@SGJPAXABU_GUID@@PAPAX@Z 10003423 f i MICR.obj
 0001:000024c4       ?CreateInstance@?$CComCreator2@V?$CComCreator@V?$CComObject@VCOPOSMICR@@@ATL@@@ATL@@V?$CComCreator@V?$CComAggObject@VCOPOSMICR@@@ATL@@@2@@ATL@@SGJPAXABU_GUID@@PAPAX@Z 100034c4 f i MICR.obj
 0001:000024e4       ?AddRef@?$CComObjectCached@VCComClassFactory@ATL@@@ATL@@UAGKXZ 100034e4 f i MICR.obj
 0001:0000250b       ?Release@?$CComObjectCached@VCComClassFactory@ATL@@@ATL@@UAGKXZ 1000350b f i MICR.obj
 0001:00002541       ?QueryInterface@?$CComObjectCached@VCComClassFactory@ATL@@@ATL@@UAGJABU_GUID@@PAPAX@Z 10003541 f i MICR.obj
 0001:0000255b       ??_E?$CComObjectCached@VCComClassFactory@ATL@@@ATL@@UAEPAXI@Z 1000355b f i MICR.obj
 0001:0000255b       ??_G?$CComObjectCached@VCComClassFactory@ATL@@@ATL@@UAEPAXI@Z 1000355b f i MICR.obj
 0001:0000257d       ?Next@?$CComEnumImpl@UIEnumConnectionPoints@@$1?_GUID_b196b285_bab4_101a_b69c_00aa00341d07@@3U__s_GUID@@BPAUIConnectionPoint@@V?$_CopyInterface@UIConnectionPoint@@@ATL@@@ATL@@UAGJKPAPAUIConnectionPoint@@PAK@Z 1000357d f i MICR.obj
 0001:0000264c       ?Skip@?$CComEnumImpl@UIEnumConnectionPoints@@$1?_GUID_b196b285_bab4_101a_b69c_00aa00341d07@@3U__s_GUID@@BPAUIConnectionPoint@@V?$_CopyInterface@UIConnectionPoint@@@ATL@@@ATL@@UAGJK@Z 1000364c f i MICR.obj
 0001:00002679       ?Clone@?$CComEnumImpl@UIEnumConnectionPoints@@$1?_GUID_b196b285_bab4_101a_b69c_00aa00341d07@@3U__s_GUID@@BPAUIConnectionPoint@@V?$_CopyInterface@UIConnectionPoint@@@ATL@@@ATL@@UAGJPAPAUIEnumConnectionPoints@@@Z 10003679 f i MICR.obj
 0001:0000275a       ?QueryInterface@?$CComObject@V?$CComEnum@UIEnumConnectionPoints@@$1?_GUID_b196b285_bab4_101a_b69c_00aa00341d07@@3U__s_GUID@@BPAUIConnectionPoint@@V?$_CopyInterface@UIConnectionPoint@@@ATL@@VCComSingleThreadModel@6@@ATL@@@ATL@@UAGJABU_GUID@@PAPAX@Z 1000375a f i MICR.obj
 0001:00002774       ??_G?$CComObject@V?$CComEnum@UIEnumConnectionPoints@@$1?_GUID_b196b285_bab4_101a_b69c_00aa00341d07@@3U__s_GUID@@BPAUIConnectionPoint@@V?$_CopyInterface@UIConnectionPoint@@@ATL@@VCComSingleThreadModel@6@@ATL@@@ATL@@UAEPAXI@Z 10003774 f i MICR.obj
 0001:00002774       ??_E?$CComObject@V?$CComEnum@UIEnumConnectionPoints@@$1?_GUID_b196b285_bab4_101a_b69c_00aa00341d07@@3U__s_GUID@@BPAUIConnectionPoint@@V?$_CopyInterface@UIConnectionPoint@@@ATL@@VCComSingleThreadModel@6@@ATL@@@ATL@@UAEPAXI@Z 10003774 f i MICR.obj
 0001:00002796       ?AddRef@CRegObject@ATL@@UAGKXZ 10003796 f i MICR.obj
 0001:0000279c       ?AddReplacement@CRegObject@ATL@@UAGJPB_W0@Z 1000379c f i MICR.obj
 0001:000027d5       ?ClearReplacements@CRegObject@ATL@@UAGJXZ 100037d5 f i MICR.obj
 0001:000027e7       ??_ECRegObject@ATL@@UAEPAXI@Z 100037e7 f i MICR.obj
 0001:000027e7       ??_GCRegObject@ATL@@UAEPAXI@Z 100037e7 f i MICR.obj
 0001:00002809       ?AddRef@?$CComAggObject@VCOPOSMICR@@@ATL@@UAGKXZ 10003809 f i MICR.obj
 0001:0000281a       ?Release@?$CComAggObject@VCOPOSMICR@@@ATL@@UAGKXZ 1000381a f i MICR.obj
 0001:00002856       ?QueryInterface@?$CComAggObject@VCOPOSMICR@@@ATL@@UAGJABU_GUID@@PAPAX@Z 10003856 f i MICR.obj
 0001:000028a5       ?AddRef@?$CComContainedObject@VCOPOSMICR@@@ATL@@UAGKXZ 100038a5 f i MICR.obj
 0001:000028bb       ?Release@?$CComContainedObject@VCOPOSMICR@@@ATL@@UAGKXZ 100038bb f i MICR.obj
 0001:000028d1       ?QueryInterface@?$CComContainedObject@VCOPOSMICR@@@ATL@@UAGJABU_GUID@@PAPAX@Z 100038d1 f i MICR.obj
 0001:000028ec       ??_E?$CComAggObject@VCOPOSMICR@@@ATL@@UAEPAXI@Z 100038ec f i MICR.obj
 0001:000028ec       ??_G?$CComAggObject@VCOPOSMICR@@@ATL@@UAEPAXI@Z 100038ec f i MICR.obj
 0001:00002911       ?AddRef@?$CComObject@VCOPOSMICR@@@ATL@@UAGKXZ 10003911 f i MICR.obj
 0001:00002928       ?Release@?$CComObject@VCOPOSMICR@@@ATL@@UAGKXZ 10003928 f i MICR.obj
 0001:0000296a       ?QueryInterface@?$CComObject@VCOPOSMICR@@@ATL@@UAGJABU_GUID@@PAPAX@Z 1000396a f i MICR.obj
 0001:00002984       ??$?4UITypeInfo2@@@?$CComPtr@UITypeInfo@@@ATL@@QAEPAUITypeInfo@@ABV?$CComPtr@UITypeInfo2@@@1@@Z 10003984 f i MICR.obj
 0001:000029b1       ??$AtlAdd@K@ATL@@YAJPAKKK@Z 100039b1 f i MICR.obj
 0001:000029d4       ??$AtlAdd@_K@ATL@@YAJPA_K_K1@Z 100039d4 f i MICR.obj
 0001:00002a0c       ??$AtlAddThrow@K@ATL@@YAKKK@Z 10003a0c f i MICR.obj
 0001:00002a32       ??$AtlModuleRegisterWndClassInfoT@VAtlModuleRegisterWndClassInfoParamW@ATL@@@ATL@@YAGPAU_ATL_BASE_MODULE70@0@PAU_ATL_WIN_MODULE70@0@PAU_ATL_WNDCLASSINFOW@0@PAP6GJPAUHWND__@@IIJ@ZVAtlModuleRegisterWndClassInfoParamW@0@@Z 10003a32 f i MICR.obj
 0001:00002b7f       ??$AtlMultiply@H@ATL@@YAJPAHHH@Z 10003b7f f i MICR.obj
 0001:00002bb7       ??$AtlMultiply@I@ATL@@YAJPAIII@Z 10003bb7 f i MICR.obj
 0001:00002bb7       ??$AtlMultiply@K@ATL@@YAJPAKKK@Z 10003bb7 f i MICR.obj
 0001:00002bd9       ??$AtlMultiplyThrow@I@ATL@@YAIII@Z 10003bd9 f i MICR.obj
 0001:00002bff       ??0?$CComAggObject@VCOPOSMICR@@@ATL@@QAE@PAX@Z 10003bff f i MICR.obj
 0001:00002c2c       ??0?$CComContainedObject@VCOPOSMICR@@@ATL@@QAE@PAX@Z 10003c2c f i MICR.obj
 0001:00002ce5       ??0?$CComObject@V?$CComEnum@UIEnumConnectionPoints@@$1?_GUID_b196b285_bab4_101a_b69c_00aa00341d07@@3U__s_GUID@@BPAUIConnectionPoint@@V?$_CopyInterface@UIConnectionPoint@@@ATL@@VCComSingleThreadModel@6@@ATL@@@ATL@@QAE@PAX@Z 10003ce5 f i MICR.obj
 0001:00002d13       ??0?$CComObject@V?$CComEnum@UIEnumConnections@@$1?_GUID_b196b287_bab4_101a_b69c_00aa00341d07@@3U__s_GUID@@BUtagCONNECTDATA@@V?$_Copy@UtagCONNECTDATA@@@ATL@@VCComSingleThreadModel@6@@ATL@@@ATL@@QAE@PAX@Z 10003d13 f i MICR.obj
 0001:00002d41       ??0?$CComObject@VCOPOSMICR@@@ATL@@QAE@PAX@Z 10003d41 f i MICR.obj
 0001:00002df8       ??0?$CComQIPtr@UIOleControlSite@@$1?_GUID_b196b289_bab4_101a_b69c_00aa00341d07@@3U__s_GUID@@B@ATL@@QAE@PAUIUnknown@@@Z 10003df8 f i MICR.obj
 0001:00002e21       ??0CAtlModule@ATL@@QAE@XZ  10003e21 f i MICR.obj
 0001:00002e62       ??0CParseBuffer@CRegParser@ATL@@QAE@H@Z 10003e62 f i MICR.obj
 0001:00002e98       ??0_ATL_MSG@ATL@@QAE@PAUHWND__@@IIJH@Z 10003e98 f i MICR.obj
 0001:00002ed0       ??1?$CComAggObject@VCOPOSMICR@@@ATL@@UAE@XZ 10003ed0 f i MICR.obj
 0001:00002ef4       ??1?$CComEnumImpl@UIEnumConnectionPoints@@$1?_GUID_b196b285_bab4_101a_b69c_00aa00341d07@@3U__s_GUID@@BPAUIConnectionPoint@@V?$_CopyInterface@UIConnectionPoint@@@ATL@@@ATL@@UAE@XZ 10003ef4 f i MICR.obj
 0001:00002f30       ??1?$CComEnumImpl@UIEnumConnections@@$1?_GUID_b196b287_bab4_101a_b69c_00aa00341d07@@3U__s_GUID@@BUtagCONNECTDATA@@V?$_Copy@UtagCONNECTDATA@@@ATL@@@ATL@@UAE@XZ 10003f30 f i MICR.obj
 0001:00002f6c       ??1?$CComObject@V?$CComEnum@UIEnumConnectionPoints@@$1?_GUID_b196b285_bab4_101a_b69c_00aa00341d07@@3U__s_GUID@@BPAUIConnectionPoint@@V?$_CopyInterface@UIConnectionPoint@@@ATL@@VCComSingleThreadModel@6@@ATL@@@ATL@@UAE@XZ 10003f6c f i MICR.obj
 0001:00002f8f       ??1?$CComObject@V?$CComEnum@UIEnumConnections@@$1?_GUID_b196b287_bab4_101a_b69c_00aa00341d07@@3U__s_GUID@@BUtagCONNECTDATA@@V?$_Copy@UtagCONNECTDATA@@@ATL@@VCComSingleThreadModel@6@@ATL@@@ATL@@UAE@XZ 10003f8f f i MICR.obj
 0001:00002fb2       ??1?$CComObject@VCOPOSMICR@@@ATL@@UAE@XZ 10003fb2 f i MICR.obj
 0001:00003070       ??1?$CComObjectCached@VCComClassFactory@ATL@@@ATL@@UAE@XZ 10004070 f i MICR.obj
 0001:00003086       ??1?$CComObjectRootEx@VCComMultiThreadModel@ATL@@@ATL@@QAE@XZ 10004086 f i MICR.obj
 0001:0000309b       ??1CRegObject@ATL@@UAE@XZ  1000409b f i MICR.obj
 0001:000030bb       ??4?$CComPtr@UIAdviseSink@@@ATL@@QAEPAUIAdviseSink@@PAU2@@Z 100040bb f i MICR.obj
 0001:000030bb       ??4?$CComPtr@UIUnknown@@@ATL@@QAEPAUIUnknown@@PAU2@@Z 100040bb f i MICR.obj
 0001:000030bb       ??4?$CComPtr@UIOleClientSite@@@ATL@@QAEPAUIOleClientSite@@PAU2@@Z 100040bb f i MICR.obj
 0001:000030e9       ??_G?$CComContainedObject@VCOPOSMICR@@@ATL@@UAEPAXI@Z 100040e9 f i MICR.obj
 0001:000030e9       ??_E?$CComContainedObject@VCOPOSMICR@@@ATL@@UAEPAXI@Z 100040e9 f i MICR.obj
 0001:0000310e       ??_G?$CComObject@VCOPOSMICR@@@ATL@@UAEPAXI@Z 1000410e f i MICR.obj
 0001:0000310e       ??_E?$CComObject@VCOPOSMICR@@@ATL@@UAEPAXI@Z 1000410e f i MICR.obj
 0001:00003133       ?Add@?$CSimpleArray@GV?$CSimpleArrayEqualHelper@G@ATL@@@ATL@@QAEHABG@Z 10004133 f i MICR.obj
 0001:000031ad       ?Add@?$CSimpleMap@PA_WPA_WVCExpansionVectorEqualHelper@ATL@@@ATL@@QAEHABQA_W0@Z 100041ad f i MICR.obj
 0001:00003202       ?Add@CComDynamicUnkArray@ATL@@QAEKPAUIUnknown@@@Z 10004202 f i MICR.obj
 0001:000032b3       ?Add@CExpansionVector@ATL@@QAEHPB_W0@Z 100042b3 f i MICR.obj
 0001:000033bc       ?AddString@CParseBuffer@CRegParser@ATL@@QAEHPB_W@Z 100043bc f i MICR.obj
 0001:000033f1       ?AddTermFunc@CAtlModule@ATL@@QAEJP6GXK@ZK@Z 100043f1 f i MICR.obj
 0001:0000345d       ?AddValue@CRegParser@ATL@@IAEJAAVCRegKey@2@PB_WPA_W@Z 1000445d f i MICR.obj
 0001:00003777       ?Allocate@?$CAtlSafeAllocBufferManager@VCCRTAllocator@ATL@@@_ATL_SAFE_ALLOCA_IMPL@ATL@@QAEPAXK@Z 10004777 f i MICR.obj
 0001:000037a4       ?Allocate@?$CTempBuffer@E$0BAA@VCCRTAllocator@ATL@@@ATL@@QAEPAEI@Z 100047a4 f i MICR.obj
 0001:000037d3       ?Allocate@?$CTempBuffer@_W$0BAA@VCCRTAllocator@ATL@@@ATL@@QAEPA_WI@Z 100047d3 f i MICR.obj
 0001:00003802       ?Allocate@?$CTempBuffer@_W$0EAA@VCCRTAllocator@ATL@@@ATL@@QAEPA_WI@Z 10004802 f i MICR.obj
 0001:00003831       ?AllocateHeap@?$CTempBuffer@E$0BAA@VCCRTAllocator@ATL@@@ATL@@AAEXI@Z 10004831 f i MICR.obj
 0001:00003831       ?AllocateHeap@?$CTempBuffer@_W$0BAA@VCCRTAllocator@ATL@@@ATL@@AAEXI@Z 10004831 f i MICR.obj
 0001:00003831       ?AllocateHeap@?$CTempBuffer@_W$0EAA@VCCRTAllocator@ATL@@@ATL@@AAEXI@Z 10004831 f i MICR.obj
 0001:00003856       ?Append@CParseBuffer@CRegParser@ATL@@QAEHPB_WH@Z 10004856 f i MICR.obj
 0001:000038e2       ?AtlCoTaskMemCAlloc@ATL@@YAPAXKK@Z 100048e2 f i MICR.obj
 0001:0000390f       ?AtlCoTaskMemRecalloc@ATL@@YAPAXPAXKK@Z 1000490f f i MICR.obj
 0001:0000393f       ?AtlComModuleGetClassObject@ATL@@YGJPAU_ATL_COM_MODULE70@1@ABU_GUID@@1PAPAX@Z 1000493f f i MICR.obj
 0001:00003a34       ?AtlComModuleRegisterServer@ATL@@YGJPAU_ATL_COM_MODULE70@1@HPBU_GUID@@@Z 10004a34 f i MICR.obj
 0001:00003abc       ?AtlComModuleUnregisterServer@ATL@@YGJPAU_ATL_COM_MODULE70@1@HPBU_GUID@@@Z 10004abc f i MICR.obj
 0001:00003b44       ?AtlComQIPtrAssign2@ATL@@YAXPAPAUIUnknown@@PAU2@ABU_GUID@@@Z 10004b44 f i MICR.obj
 0001:00003b73       ?AtlCreateTargetDC@ATL@@YGPAUHDC__@@PAU2@PAUtagDVTARGETDEVICE@@@Z 10004b73 f i MICR.obj
 0001:00003bdc       ?AtlCrtErrorCheck@ATL@@YAHH@Z 10004bdc f i MICR.obj
 0001:00003c17       ?AtlHiMetricToPixel@ATL@@YGXPBUtagSIZE@@PAU2@@Z 10004c17 f i MICR.obj
 0001:00003c8c       ?AtlHresultFromLastError@ATL@@YAJXZ 10004c8c f i MICR.obj
 0001:00003ca3       ?AtlHresultFromWin32@ATL@@YAJK@Z 10004ca3 f i MICR.obj
 0001:00003cb8       ?AtlInternalOleLoadFromStream@ATL@@YAJPAUIStream@@ABU_GUID@@PAPAXTClassesAllowedInStream@1@K@Z 10004cb8 f i MICR.obj
 0001:00003de1       ?AtlInternalQueryInterface@ATL@@YGJPAXPBU_ATL_INTMAP_ENTRY@1@ABU_GUID@@PAPAX@Z 10004de1 f i MICR.obj
 0001:00003e84       ?AtlLoadTypeLib@ATL@@YGJPAUHINSTANCE__@@PB_WPAPA_WPAPAUITypeLib@@@Z 10004e84 f i MICR.obj
 0001:00004062       ?AtlRegisterClassCategoriesHelper@ATL@@YGJABU_GUID@@PBU_ATL_CATMAP_ENTRY@1@H@Z 10005062 f i MICR.obj
 0001:0000435e       ?AtlRegisterTypeLib@ATL@@YGJPAUHINSTANCE__@@PB_W@Z 1000535e f i MICR.obj
 0001:000044e6       ?AtlThrowImpl@ATL@@YGXJ@Z  100054e6 f i MICR.obj
 0001:00004504       ?AtlUnRegisterTypeLib@ATL@@YGJPAUHINSTANCE__@@PB_W@Z 10005504 f i MICR.obj
 0001:000045af       ?AtlWinModuleAddCreateWndData@ATL@@YGXPAU_ATL_WIN_MODULE70@1@PAU_AtlCreateWndData@1@PAX@Z 100055af f i MICR.obj
 0001:00004603       ?AtlWinModuleExtractCreateWndData@ATL@@YGPAXPAU_ATL_WIN_MODULE70@1@@Z 10005603 f i MICR.obj
 0001:00004667       ?AtlWinModuleRegisterClassExW@ATL@@YGGPAU_ATL_WIN_MODULE70@1@PBUtagWNDCLASSEXW@@@Z 10005667 f i MICR.obj
 0001:000046a6       ?CanForceRemoveKey@CRegParser@ATL@@IAEHPB_W@Z 100056a6 f i MICR.obj
 0001:000046d5       ?ChToByte@CRegParser@ATL@@KAE_W@Z 100056d5 f i MICR.obj
 0001:0000475d       ?Cleanup@CComTypeInfoHolder@ATL@@SGXK@Z 1000575d f i MICR.obj
 0001:00004790       ?ClearReplacements@CExpansionVector@ATL@@QAEJXZ 10005790 f i MICR.obj
 0001:000047cd       ?Close@CRegKey@ATL@@QAEJXZ 100057cd f i MICR.obj
 0001:000047e7       ?CreateInstance@?$CComCreator@V?$CComAggObject@VCOPOSMICR@@@ATL@@@ATL@@SGJPAXABU_GUID@@PAPAX@Z 100057e7 f i MICR.obj
 0001:0000485c       ?CreateInstance@?$CComCreator@V?$CComObject@VCOPOSMICR@@@ATL@@@ATL@@SGJPAXABU_GUID@@PAPAX@Z 1000585c f i MICR.obj
 0001:000048e5       ?CreateInstance@?$CComObject@V?$CComEnum@UIEnumConnectionPoints@@$1?_GUID_b196b285_bab4_101a_b69c_00aa00341d07@@3U__s_GUID@@BPAUIConnectionPoint@@V?$_CopyInterface@UIConnectionPoint@@@ATL@@VCComSingleThreadModel@6@@ATL@@@ATL@@SGJPAPAV12@@Z 100058e5 f i MICR.obj
 0001:0000492f       ?CreateInstance@?$CComObject@V?$CComEnum@UIEnumConnections@@$1?_GUID_b196b287_bab4_101a_b69c_00aa00341d07@@3U__s_GUID@@BUtagCONNECTDATA@@V?$_Copy@UtagCONNECTDATA@@@ATL@@VCComSingleThreadModel@6@@ATL@@@ATL@@SGJPAPAV12@@Z 1000592f f i MICR.obj
 0001:00004979       ?DefaultReflectionHandler@?$CWindowImplRoot@VCWindow@ATL@@@ATL@@SAHPAUHWND__@@IIJAAJ@Z 10005979 f i MICR.obj
 0001:00004a19       ?DeleteSubKey@CRegKey@ATL@@QAEJPB_W@Z 10005a19 f i MICR.obj
 0001:00004a92       ?DoEvent@COPOSMICR@@IAEXIIJ@Z 10005a92 f i MICR.obj
 0001:00004b12       ?DoVerbHide@?$IOleObjectImpl@VCOPOSMICR@@@ATL@@QAEJPBUtagRECT@@PAUHWND__@@@Z 10005b12 f i MICR.obj
 0001:00004b48       ?DoVerbInPlaceActivate@?$IOleObjectImpl@VCOPOSMICR@@@ATL@@QAEJPBUtagRECT@@PAUHWND__@@@Z 10005b48 f i MICR.obj
 0001:00004b7b       ?DoVerbPrimary@?$IOleObjectImpl@VCOPOSMICR@@@ATL@@QAEJPBUtagRECT@@PAUHWND__@@@Z 10005b7b f i MICR.obj
 0001:00004c07       ?DoVerbProperties@CComControlBase@ATL@@QAEJPBUtagRECT@@PAUHWND__@@@Z 10005c07 f i MICR.obj
 0001:00004d86       ?DoVerbUIActivate@?$IOleObjectImpl@VCOPOSMICR@@@ATL@@QAEJPBUtagRECT@@PAUHWND__@@@Z 10005d86 f i MICR.obj
 0001:00004dc3       ?DoesVerbActivate@CComControlBase@ATL@@QAEHJ@Z 10005dc3 f i MICR.obj
 0001:00004de7       ?DoesVerbUIActivate@CComControlBase@ATL@@QAEHJ@Z 10005de7 f i MICR.obj
 0001:00004e1c       ?EndOfVar@CRegParser@ATL@@IAEHXZ 10005e1c f i MICR.obj
 0001:00004e3c       ?EscapeSingleQuote@CAtlModule@ATL@@SAXPA_WIPB_W@Z 10005e3c f i MICR.obj
 0001:00004e8b       ?FindKey@?$CSimpleMap@PA_WPA_WVCExpansionVectorEqualHelper@ATL@@@ATL@@QBEHABQA_W@Z 10005e8b f i MICR.obj
 0001:00004ec2       ?FireTheEvent@?$CProxy_IOPOSEvents@VCOPOSMICR@@@@IAEXPAVOposVariant@@IAAJPB_WJ@Z 10005ec2 f i MICR.obj
 0001:00004f54       ?FireViewChange@CComControlBase@ATL@@QAEJXZ 10005f54 f i MICR.obj
 0001:00004f9d       ?Fire_DataEvent@?$CProxy_IOPOSEvents@VCOPOSMICR@@@@QAEXJ@Z 10005f9d f i MICR.obj
 0001:00005033       ?Fire_DirectIOEvent@?$CProxy_IOPOSEvents@VCOPOSMICR@@@@QAEXJPAJPAPA_W@Z 10006033 f i MICR.obj
 0001:0000511f       ?Fire_ErrorEvent@?$CProxy_IOPOSEvents@VCOPOSMICR@@@@QAEXJJJPAJ@Z 1000611f f i MICR.obj
 0001:00005210       ?Fire_StatusUpdateEvent@?$CProxy_IOPOSEvents@VCOPOSMICR@@@@QAEXJ@Z 10006210 f i MICR.obj
 0001:000052a6       ?FreeHeap@?$CTempBuffer@_W$0EAA@VCCRTAllocator@ATL@@@ATL@@AAEXXZ 100062a6 f i MICR.obj
 0001:000052a6       ?FreeHeap@?$CTempBuffer@_W$0BAA@VCCRTAllocator@ATL@@@ATL@@AAEXXZ 100062a6 f i MICR.obj
 0001:000052a6       ?FreeHeap@?$CTempBuffer@E$0BAA@VCCRTAllocator@ATL@@@ATL@@AAEXXZ 100062a6 f i MICR.obj
 0001:000052af       ?GetAmbientLocaleID@CComControlBase@ATL@@QAEJAAK@Z 100062af f i MICR.obj
 0001:0000530b       ?GetAmbientUserMode@CComControlBase@ATL@@QAEJAAH@Z 1000630b f i MICR.obj
 0001:0000537b       ?GetAt@CComDynamicUnkArray@ATL@@QAEPAUIUnknown@@H@Z 1000637b f i MICR.obj
 0001:00005397       ?GetClassObject@CComModule@ATL@@QAEJABU_GUID@@0PAPAX@Z 10006397 f i MICR.obj
 0001:00005439       ?GetConnMap@COPOSMICR@@SAPBU_ATL_CONNMAP_ENTRY@ATL@@PAH@Z 10006439 f i MICR.obj
 0001:000054a9       ?GetCookie@CComDynamicUnkArray@ATL@@QAGKPAPAUIUnknown@@@Z 100064a9 f i MICR.obj
 0001:000054e1       ?GetIDsOfNames@CComTypeInfoHolder@ATL@@QAEJABU_GUID@@PAPA_WIKPAJ@Z 100064e1 f i MICR.obj
 0001:00005601       ?GetKeyAt@?$CSimpleMap@PA_WPA_WVCExpansionVectorEqualHelper@ATL@@@ATL@@QBEAAPA_WH@Z 10006601 f i MICR.obj
 0001:00005626       ?GetPagesHelper@?$ISpecifyPropertyPagesImpl@VCOPOSMICR@@@ATL@@IAEJPAUtagCAUUID@@PBUATL_PROPMAP_ENTRY@2@@Z 10006626 f i MICR.obj
 0001:0000574d       ?GetProperty@?$CComPtr@UIDispatch@@@ATL@@SAJPAUIDispatch@@JPAUtagVARIANT@@@Z 1000674d f i MICR.obj
 0001:0000579c       ?GetSizeMax@CComVariant@ATL@@QBEJPAT_ULARGE_INTEGER@@@Z 1000679c f i MICR.obj
 0001:0000595e       ?GetTI@CComTypeInfoHolder@ATL@@QAEJK@Z 1000695e f i MICR.obj
 0001:00005b3e       ?GetTI@CComTypeInfoHolder@ATL@@QAEJKPAPAUITypeInfo@@@Z 10006b3e f i MICR.obj
 0001:00005b7c       ?GetUnknown@CComDynamicUnkArray@ATL@@QAGPAUIUnknown@@K@Z 10006b7c f i MICR.obj
 0001:00005b9d       ?GetValueAt@?$CSimpleMap@PA_WPA_WVCExpansionVectorEqualHelper@ATL@@@ATL@@QBEAAPA_WH@Z 10006b9d f i MICR.obj
 0001:00005bc3       ?GetZoomInfo@CComControlBase@ATL@@QAEXAAUATL_DRAWINFO@@@Z 10006bc3 f i MICR.obj
 0001:00005c56       ?HKeyFromString@CRegParser@ATL@@KAPAUHKEY__@@PA_W@Z 10006c56 f i MICR.obj
 0001:00005c84       ?HasSubKeys@CRegParser@ATL@@IAEHPAUHKEY__@@@Z 10006c84 f i MICR.obj
 0001:00005cb9       ?IDataObject_GetData@CComControlBase@ATL@@QAEJPAUtagFORMATETC@@PAUtagSTGMEDIUM@@@Z 10006cb9 f i MICR.obj
 0001:00005e5b       ?IOleInPlaceObject_InPlaceDeactivate@CComControlBase@ATL@@QAEJXZ 10006e5b f i MICR.obj
 0001:00005ee2       ?IOleInPlaceObject_SetObjectRects@CComControlBase@ATL@@QAEJPBUtagRECT@@0@Z 10006ee2 f i MICR.obj
 0001:00005faf       ?IOleInPlaceObject_UIDeactivate@CComControlBase@ATL@@QAEJXZ 10006faf f i MICR.obj
 0001:00006071       ?IOleObject_Advise@CComControlBase@ATL@@QAEJPAUIAdviseSink@@PAK@Z 10007071 f i MICR.obj
 0001:0000609b       ?IOleObject_Close@CComControlBase@ATL@@QAEJK@Z 1000709b f i MICR.obj
 0001:0000617f       ?IOleObject_GetClientSite@CComControlBase@ATL@@QAEJPAPAUIOleClientSite@@@Z 1000717f f i MICR.obj
 0001:000061a8       ?IOleObject_SetClientSite@CComControlBase@ATL@@QAEJPAUIOleClientSite@@@Z 100071a8 f i MICR.obj
 0001:000061e7       ?IOleObject_SetExtent@CComControlBase@ATL@@QAEJKPAUtagSIZE@@@Z 100071e7 f i MICR.obj
 0001:00006299       ?IPSI_GetIPersistStreamInit@?$IPersistStorageImpl@VCOPOSMICR@@@ATL@@AAEPAUIPersistStreamInit@@XZ 10007299 f i MICR.obj
 0001:00006341       ?IPersistStreamInit_Load@?$IPersistStreamInitImpl@VCOPOSMICR@@@ATL@@QAEJPAUIStream@@PBUATL_PROPMAP_ENTRY@2@@Z 10007341 f i MICR.obj
 0001:000065b7       ?IPersistStreamInit_Save@?$IPersistStreamInitImpl@VCOPOSMICR@@@ATL@@QAEJPAUIStream@@HPBUATL_PROPMAP_ENTRY@2@@Z 100075b7 f i MICR.obj
 0001:000067a6       ?IQuickActivate_QuickActivate@CComControlBase@ATL@@QAEJPAUtagQACONTAINER@@PAUtagQACONTROL@@@Z 100077a6 f i MICR.obj
 0001:000069e8       ?IViewObject_Draw@CComControlBase@ATL@@QAEJKJPAXPAUtagDVTARGETDEVICE@@PAUHDC__@@2PBU_RECTL@@3@Z 100079e8 f i MICR.obj
 0001:00006a90       ?InPlaceActivate@CComControlBase@ATL@@QAEJJPBUtagRECT@@@Z 10007a90 f i MICR.obj
 0001:00006d02       ?Init@?$CComEnumImpl@UIEnumConnectionPoints@@$1?_GUID_b196b285_bab4_101a_b69c_00aa00341d07@@3U__s_GUID@@BPAUIConnectionPoint@@V?$_CopyInterface@UIConnectionPoint@@@ATL@@@ATL@@QAEJPAPAUIConnectionPoint@@0PAUIUnknown@@W4CComEnumFlags@2@@Z 10007d02 f i MICR.obj
 0001:00006dde       ?Init@?$CComEnumImpl@UIEnumConnections@@$1?_GUID_b196b287_bab4_101a_b69c_00aa00341d07@@3U__s_GUID@@BUtagCONNECTDATA@@V?$_Copy@UtagCONNECTDATA@@@ATL@@@ATL@@QAEJPAUtagCONNECTDATA@@0PAUIUnknown@@W4CComEnumFlags@2@@Z 10007dde f i MICR.obj
 0001:00006eba       ?Init@CComModule@ATL@@QAEJPAU_ATL_OBJMAP_ENTRY30@2@PAUHINSTANCE__@@PBU_GUID@@@Z 10007eba f i MICR.obj
 0001:00006f19       ?Init@CDynamicStdCallThunk2@ATL@@QAEHKPAX@Z 10007f19 f i MICR.obj
 0001:00006f44       ?InlineIsEqualUnknown@ATL@@YGHABU_GUID@@@Z 10007f44 f i MICR.obj
 0001:00006f6c       ?InternalSetAtIndex@?$CSimpleMap@PA_WPA_WVCExpansionVectorEqualHelper@ATL@@@ATL@@QAEXHABQA_W0@Z 10007f6c f i MICR.obj
 0001:00006f96       ?Invoke@CComTypeInfoHolder@ATL@@QAEJPAUIDispatch@@JABU_GUID@@KGPAUtagDISPPARAMS@@PAUtagVARIANT@@PAUtagEXCEPINFO@@PAI@Z 10007f96 f i MICR.obj
 0001:00006fd7       ?IsEqualObject@?$CComPtrBase@UITypeInfo@@@ATL@@QAE_NPAUIUnknown@@@Z 10007fd7 f i MICR.obj
 0001:00006fd7       ?IsEqualObject@?$CComPtrBase@UIOleClientSite@@@ATL@@QAE_NPAUIUnknown@@@Z 10007fd7 f i MICR.obj
 0001:00007043       ?IsSpace@CRegParser@ATL@@IAEH_W@Z 10008043 f i MICR.obj
 0001:00007069       ?LoadNameCache@CComTypeInfoHolder@ATL@@QAEJPAUITypeInfo@@@Z 10008069 f i MICR.obj
 0001:0000719e       ?Lookup@?$CSimpleMap@PA_WPA_WVCExpansionVectorEqualHelper@ATL@@@ATL@@QBEPA_WABQA_W@Z 1000819e f i MICR.obj
 0001:000071c4       ?NextToken@CRegParser@ATL@@IAEJPA_W@Z 100081c4 f i MICR.obj
 0001:000072f3       ?OnKillFocus@CComControlBase@ATL@@QAEJIIJAAH@Z 100082f3 f i MICR.obj
 0001:0000734e       ?OnMouseActivate@CComControlBase@ATL@@QAEJIIJAAH@Z 1000834e f i MICR.obj
 0001:000073bc       ?OnPaint@CComControlBase@ATL@@QAEJIIJAAH@Z 100083bc f i MICR.obj
 0001:00007473       ?OnSetFocus@CComControlBase@ATL@@QAEJIIJAAH@Z 10008473 f i MICR.obj
 0001:000074fe       ?Open@CRegKey@ATL@@QAEJPAUHKEY__@@PB_WK@Z 100084fe f i MICR.obj
 0001:00007553       ?PreProcessBuffer@CRegParser@ATL@@QAEJPA_WPAPA_W@Z 10008553 f i MICR.obj
 0001:000077c3       ?ProcessWindowMessage@?$CComControl@VCOPOSMICR@@V?$CWindowImpl@VCOPOSMICR@@VCWindow@ATL@@V?$CWinTraits@$0FGAAAAAA@$0A@@3@@ATL@@@ATL@@UAEHPAUHWND__@@IIJAAJK@Z 100087c3 f i MICR.obj
 0001:0000786b       ?ReadFromStream@CComBSTR@ATL@@QAEJPAUIStream@@@Z 1000886b f i MICR.obj
 0001:0000798e       ?ReadFromStream@CComVariant@ATL@@QAEJPAUIStream@@GTClassesAllowedInStream@2@K@Z 1000898e f i MICR.obj
 0001:00007b18       ?RecurseDeleteKey@CRegKey@ATL@@QAEJPB_W@Z 10008b18 f i MICR.obj
 0001:00007c06       ?RegCreateKeyExW@CAtlTransactionManager@ATL@@QAEJPAUHKEY__@@PB_WKPA_WKKQAU_SECURITY_ATTRIBUTES@@PAPAU3@PAK@Z 10008c06 f i MICR.obj
 0001:00007c69       ?RegDeleteKeyW@CAtlTransactionManager@ATL@@QAEJPAUHKEY__@@PB_W@Z 10008c69 f i MICR.obj
 0001:00007cbb       ?RegOpenKeyExW@CAtlTransactionManager@ATL@@QAEJPAUHKEY__@@PB_WKKPAPAU3@@Z 10008cbb f i MICR.obj
 0001:00007d12       ?Register@_ATL_WNDCLASSINFOW@ATL@@QAEGPAP6GJPAUHWND__@@IIJ@Z@Z 10008d12 f i MICR.obj
 0001:00007d32       ?RegisterBuffer@CRegParser@ATL@@QAEJPA_WH@Z 10008d32 f i MICR.obj
 0001:00007e79       ?RegisterFromResource@CRegObject@ATL@@IAEJPB_W00H@Z 10008e79 f i MICR.obj
 0001:00007faf       ?RegisterServer@?$CAtlModuleT@VCComModule@ATL@@@ATL@@QAEJHPBU_GUID@@@Z 10008faf f i MICR.obj
 0001:00007fdd       ?RegisterServer@CComModule@ATL@@QAEJHPBU_GUID@@@Z 10008fdd f i MICR.obj
 0001:0000804e       ?RegisterSubkeys@CRegParser@ATL@@IAEJPA_WPAUHKEY__@@HH@Z 1000904e f i MICR.obj
 0001:000086aa       ?Remove@CComDynamicUnkArray@ATL@@QAEHK@Z 100096aa f i MICR.obj
 0001:000086d3       ?RemoveAll@?$CSimpleMap@PA_WPA_WVCExpansionVectorEqualHelper@ATL@@@ATL@@QAEXXZ 100096d3 f i MICR.obj
 0001:000086ff       ?ResourceRegisterSz@CRegObject@ATL@@QAGJPB_W00@Z 100096ff f i MICR.obj
 0001:0000872c       ?ResourceUnregisterSz@CRegObject@ATL@@QAGJPB_W00@Z 1000972c f i MICR.obj
 0001:00008759       ?SendOnDataChange@CComControlBase@ATL@@QAEJK@Z 10009759 f i MICR.obj
 0001:000087a6       ?SetControlFocus@CComControlBase@ATL@@QAEHH@Z 100097a6 f i MICR.obj
 0001:00008841       ?SetMultiStringValue@CRegKey@ATL@@QAEJPB_W0@Z 10009841 f i MICR.obj
 0001:0000889d       ?SetStringValue@CRegKey@ATL@@QAEJPB_W0K@Z 1000989d f i MICR.obj
 0001:000088e6       ?SkipAssignment@CRegParser@ATL@@IAEJPA_W@Z 100098e6 f i MICR.obj
 0001:00008952       ?SkipWhiteSpace@CRegParser@ATL@@IAEXXZ 10009952 f i MICR.obj
 0001:0000897b       ?StrChrW@CRegParser@ATL@@KAPA_WPA_W_W@Z 1000997b f i MICR.obj
 0001:000089b8       ?Term@CAtlModule@ATL@@QAEXXZ 100099b8 f i MICR.obj
 0001:00008a35       ?Term@CComModule@ATL@@QAEXXZ 10009a35 f i MICR.obj
 0001:00008a8d       ?UnregisterServer@?$CAtlModuleT@VCComModule@ATL@@@ATL@@QAEJHPBU_GUID@@@Z 10009a8d f i MICR.obj
 0001:00008ab3       ?UnregisterServer@CComModule@ATL@@QAEJHPBU_GUID@@@Z 10009ab3 f i MICR.obj
 0001:00008b24       ?UpdateRegistryFromResource@CAtlModule@ATL@@QAGJIHPAU_ATL_REGMAP_ENTRY@2@@Z 10009b24 f i MICR.obj
 0001:00008cef       ?UpdateRegistryFromResource@CAtlModule@ATL@@QAGJPB_WHPAU_ATL_REGMAP_ENTRY@2@@Z 10009cef f i MICR.obj
 0001:00008ec0       ?VTFromRegType@CRegParser@ATL@@KAHPB_WAAG@Z 10009ec0 f i MICR.obj
 0001:00008f2d       ?WindowProc@?$CWindowImplBaseT@VCWindow@ATL@@V?$CWinTraits@$0FGAAAAAA@$0A@@2@@ATL@@SGJPAUHWND__@@IIJ@Z 10009f2d f i MICR.obj
 0001:0000901b       ?WriteToStream@CComBSTR@ATL@@QAEJPAUIStream@@@Z 1000a01b f i MICR.obj
 0001:0000907d       ?WriteToStream@CComVariant@ATL@@QAEJPAUIStream@@@Z 1000a07d f i MICR.obj
 0001:000091f7       ?WriteToStream@CComVariant@ATL@@QAEJPAUIStream@@G@Z 1000a1f7 f i MICR.obj
 0001:00009260       ?_AtlInitialConstruct@?$CComObjectRootEx@VCComMultiThreadModel@ATL@@@ATL@@QAEJXZ 1000a260 f i MICR.obj
 0001:00009275       ?_AtlVerifyStackAvailable@_ATL_SAFE_ALLOCA_IMPL@ATL@@YA_NK@Z 1000a275 f i MICR.obj
 0001:000092f3       ?atlCreate@?$CWindowImpl@VCOPOSMICR@@VCWindow@ATL@@V?$CWinTraits@$0FGAAAAAA@$0A@@3@@ATL@@QAEPAUHWND__@@PAU3@V_U_RECT@2@PB_WKKV_U_MENUorID@2@PAX@Z 1000a2f3 f i MICR.obj
 0001:0000933e       ?atlCreate@?$CWindowImplBaseT@VCWindow@ATL@@V?$CWinTraits@$0FGAAAAAA@$0A@@2@@ATL@@QAEPAUHWND__@@PAU3@V_U_RECT@2@PB_WKKV_U_MENUorID@2@GPAX@Z 1000a33e f i MICR.obj
 0001:000093da       ?copy@?$_Copy@UtagCONNECTDATA@@@ATL@@SAJPAUtagCONNECTDATA@@PBU3@@Z 1000a3da f i MICR.obj
 0001:00009410       ?copy@?$_CopyInterface@UIConnectionPoint@@@ATL@@SAJPAPAUIConnectionPoint@@PBQAU3@@Z 1000a410 f i MICR.obj
 0001:0000943e       ?memcpy_s@Checked@ATL@@YAXPAXIPBXI@Z 1000a43e f i MICR.obj
 0001:0000945d       ?ocscpy_s@@YA_NPA_WIPB_W@Z 1000a45d f i MICR.obj
 0001:000094a7       ?wcscpy_s@Checked@ATL@@YAXPA_WIPB_W@Z 1000a4a7 f i MICR.obj
 0001:000094c3       _DllCanUnloadNow@0         1000a4c3 f   MICR.obj
 0001:000094cf       _DllGetClassObject@12      1000a4cf f   MICR.obj
 0001:000094dd       _DllMain@12                1000a4dd f   MICR.obj
 0001:0000951f       _DllRegisterServer@0       1000a51f f   MICR.obj
 0001:0000952e       _DllUnregisterServer@0     1000a52e f   MICR.obj
 0001:0000953d       _InlineIsEqualGUID         1000a53d f i MICR.obj
 0001:0000956d       ___local_stdio_printf_options 1000a56d f i MICR.obj
 0001:00009573       __vswprintf_s_l            1000a573 f i MICR.obj
 0001:00009620       _swprintf_s                1000a620 f i MICR.obj
 0001:0000963c       ??0?$CComControl@VCOPOSMICR@@V?$CWindowImpl@VCOPOSMICR@@VCWindow@ATL@@V?$CWinTraits@$0FGAAAAAA@$0A@@3@@ATL@@@ATL@@QAE@XZ 1000a63c f i MICRImpl.obj
 0001:00009663       ??0?$CProxy_IOPOSEvents@VCOPOSMICR@@@@QAE@XZ 1000a663 f i MICRImpl.obj
 0001:00009683       ??0CComControlBase@ATL@@QAE@AAPAUHWND__@@@Z 1000a683 f i MICRImpl.obj
 0001:000096d3       ??0COPOSMICR@@QAE@XZ       1000a6d3 f   MICRImpl.obj
 0001:00009709       ??1?$CComControl@VCOPOSMICR@@V?$CWindowImpl@VCOPOSMICR@@VCWindow@ATL@@V?$CWinTraits@$0FGAAAAAA@$0A@@3@@ATL@@@ATL@@UAE@XZ 1000a709 f i MICRImpl.obj
 0001:00009722       ??1?$IConnectionPointImpl@VCOPOSMICR@@$1?DIID__IOPOSMICREvents@@3U_GUID@@BVCComDynamicUnkArray@ATL@@@ATL@@QAE@XZ 1000a722 f i MICRImpl.obj
 0001:00009722       ??1?$IConnectionPointImpl@VCOPOSMICR@@$1?IID_IPropertyNotifySink@@3U_GUID@@BVCComDynamicUnkArray@ATL@@@ATL@@QAE@XZ 1000a722 f i MICRImpl.obj
 0001:0000975f       ??1CComControlBase@ATL@@UAE@XZ 1000a75f f i MICRImpl.obj
 0001:000097c2       ??1COPOSMICR@@UAE@XZ       1000a7c2 f   MICRImpl.obj
 0001:0000980a       ?BeginInsertion@COPOSMICR@@UAGJJPAJ@Z 1000a80a f   MICRImpl.obj
 0001:00009859       ?BeginRemoval@COPOSMICR@@UAGJJPAJ@Z 1000a859 f   MICRImpl.obj
 0001:000098a8       ?CheckHealth@COPOSMICR@@UAGJJPAJ@Z 1000a8a8 f   MICRImpl.obj
 0001:000098f7       ?ClaimDevice@COPOSMICR@@UAGJJPAJ@Z 1000a8f7 f   MICRImpl.obj
 0001:0000996c       ?ClearInput@COPOSMICR@@UAGJPAJ@Z 1000a96c f   MICRImpl.obj
 0001:00009987       ?ClearInputProperties@COPOSMICR@@UAGJPAJ@Z 1000a987 f   MICRImpl.obj
 0001:000099a2       ?Close@COPOSMICR@@UAGJPAJ@Z 1000a9a2 f   MICRImpl.obj
 0001:00009a10       ?CompareFirmwareVersion@COPOSMICR@@UAGJPA_WPAJ1@Z 1000aa10 f   MICRImpl.obj
 0001:00009a90       ?DirectIO@COPOSMICR@@UAGJJPAJPAPA_W0@Z 1000aa90 f   MICRImpl.obj
 0001:00009b3e       ?DoInvoke@COPOSMICR@@IAEJJPAVOposVariant@@IHPAJ_N@Z 1000ab3e f   MICRImpl.obj
 0001:00009c1a       ?EndInsertion@COPOSMICR@@UAGJPAJ@Z 1000ac1a f   MICRImpl.obj
 0001:00009c35       ?EndRemoval@COPOSMICR@@UAGJPAJ@Z 1000ac35 f   MICRImpl.obj
 0001:00009c50       ?EventClose@COPOSMICR@@IAEXXZ 1000ac50 f i MICRImpl.obj
 0001:00009c83       ?EventInit@COPOSMICR@@IAEJXZ 1000ac83 f i MICRImpl.obj
 0001:00009d57       ?EventUninit@COPOSMICR@@IAEXXZ 1000ad57 f i MICRImpl.obj
 0001:00009da9       ?EventWindowProc@COPOSMICR@@IAGJIIJ@Z 1000ada9 f i MICRImpl.obj
 0001:00009e7d       ?FinalConstruct@COPOSMICR@@QAEJXZ 1000ae7d f   MICRImpl.obj
 0001:00009eb6       ?FireEventCleanup@COPOSMICR@@IAEXXZ 1000aeb6 f i MICRImpl.obj
 0001:00009ecc       ?FireEventSetup@COPOSMICR@@IAE_NXZ 1000aecc f i MICRImpl.obj
 0001:00009f00       ?FreezeEvents@COPOSMICR@@MAGJH@Z 1000af00 f   MICRImpl.obj
 0001:00009f59       ?GetOposProp@COPOSMICR@@IAEJJPAFJ@Z 1000af59 f   MICRImpl.obj
 0001:00009f7c       ?GetOposProp@COPOSMICR@@IAEJJPAJJ@Z 1000af7c f   MICRImpl.obj
 0001:0000a04b       ?GetOposProp@COPOSMICR@@IAEJJPAPA_WJ@Z 1000b04b f   MICRImpl.obj
 0001:0000a127       ?OnDraw@COPOSMICR@@MAEJAAUATL_DRAWINFO@@@Z 1000b127 f   MICRImpl.obj
 0001:0000a1c7       ?Open@COPOSMICR@@UAGJPA_WPAJ@Z 1000b1c7 f   MICRImpl.obj
 0001:0000aa03       ?ReleaseDevice@COPOSMICR@@UAGJPAJ@Z 1000ba03 f   MICRImpl.obj
 0001:0000aa52       ?ResetStatistics@COPOSMICR@@UAGJPA_WPAJ@Z 1000ba52 f   MICRImpl.obj
 0001:0000aaa9       ?RetrieveStatistics@COPOSMICR@@UAGJPAPA_WPAJ@Z 1000baa9 f   MICRImpl.obj
 0001:0000ab00       ?SOProcessID@COPOSMICR@@UAGJPAJ@Z 1000bb00 f   MICRImpl.obj
 0001:0000ab14       ?SetCOFreezeEvents@COPOSMICR@@IAEXF@Z 1000bb14 f   MICRImpl.obj
 0001:0000abb4       ?SetOposProp@COPOSMICR@@IAEJJJJ@Z 1000bbb4 f   MICRImpl.obj
 0001:0000acab       ?UpdateFirmware@COPOSMICR@@UAGJPA_WPAJ@Z 1000bcab f   MICRImpl.obj
 0001:0000ad02       ?UpdateStatistics@COPOSMICR@@UAGJPA_WPAJ@Z 1000bd02 f   MICRImpl.obj
 0001:0000ad59       ?get_AccountNumber@COPOSMICR@@UAGJPAPA_W@Z 1000bd59 f   MICRImpl.obj
 0001:0000ad72       ?get_Amount@COPOSMICR@@UAGJPAPA_W@Z 1000bd72 f   MICRImpl.obj
 0001:0000ad8b       ?get_AutoDisable@COPOSMICR@@UAGJPAF@Z 1000bd8b f   MICRImpl.obj
 0001:0000ada1       ?get_BankNumber@COPOSMICR@@UAGJPAPA_W@Z 1000bda1 f   MICRImpl.obj
 0001:0000adba       ?get_BinaryConversion@COPOSMICR@@UAGJPAJ@Z 1000bdba f   MICRImpl.obj
 0001:0000add0       ?get_CapCompareFirmwareVersion@COPOSMICR@@UAGJPAF@Z 1000bdd0 f   MICRImpl.obj
 0001:0000ade9       ?get_CapPowerReporting@COPOSMICR@@UAGJPAJ@Z 1000bde9 f   MICRImpl.obj
 0001:0000ae02       ?get_CapStatisticsReporting@COPOSMICR@@UAGJPAF@Z 1000be02 f   MICRImpl.obj
 0001:0000ae1b       ?get_CapUpdateFirmware@COPOSMICR@@UAGJPAF@Z 1000be1b f   MICRImpl.obj
 0001:0000ae34       ?get_CapUpdateStatistics@COPOSMICR@@UAGJPAF@Z 1000be34 f   MICRImpl.obj
 0001:0000ae4d       ?get_CapValidationDevice@COPOSMICR@@UAGJPAF@Z 1000be4d f   MICRImpl.obj
 0001:0000ae66       ?get_CheckHealthText@COPOSMICR@@UAGJPAPA_W@Z 1000be66 f   MICRImpl.obj
 0001:0000ae7f       ?get_CheckType@COPOSMICR@@UAGJPAJ@Z 1000be7f f   MICRImpl.obj
 0001:0000ae98       ?get_Claimed@COPOSMICR@@UAGJPAF@Z 1000be98 f   MICRImpl.obj
 0001:0000aeae       ?get_ControlObjectDescription@COPOSMICR@@UAGJPAPA_W@Z 1000beae f   MICRImpl.obj
 0001:0000aefc       ?get_ControlObjectVersion@COPOSMICR@@UAGJPAJ@Z 1000befc f   MICRImpl.obj
 0001:0000af0f       ?get_CountryCode@COPOSMICR@@UAGJPAJ@Z 1000bf0f f   MICRImpl.obj
 0001:0000af28       ?get_DataCount@COPOSMICR@@UAGJPAJ@Z 1000bf28 f   MICRImpl.obj
 0001:0000af3e       ?get_DataEventEnabled@COPOSMICR@@UAGJPAF@Z 1000bf3e f   MICRImpl.obj
 0001:0000af54       ?get_DeviceDescription@COPOSMICR@@UAGJPAPA_W@Z 1000bf54 f   MICRImpl.obj
 0001:0000af6d       ?get_DeviceEnabled@COPOSMICR@@UAGJPAF@Z 1000bf6d f   MICRImpl.obj
 0001:0000af83       ?get_DeviceName@COPOSMICR@@UAGJPAPA_W@Z 1000bf83 f   MICRImpl.obj
 0001:0000af9c       ?get_EPC@COPOSMICR@@UAGJPAPA_W@Z 1000bf9c f   MICRImpl.obj
 0001:0000afb5       ?get_FreezeEvents@COPOSMICR@@UAGJPAF@Z 1000bfb5 f   MICRImpl.obj
 0001:0000afcb       ?get_OpenResult@COPOSMICR@@UAGJPAJ@Z 1000bfcb f   MICRImpl.obj
 0001:0000afe2       ?get_PowerNotify@COPOSMICR@@UAGJPAJ@Z 1000bfe2 f   MICRImpl.obj
 0001:0000aff8       ?get_PowerState@COPOSMICR@@UAGJPAJ@Z 1000bff8 f   MICRImpl.obj
 0001:0000b00e       ?get_RawData@COPOSMICR@@UAGJPAPA_W@Z 1000c00e f   MICRImpl.obj
 0001:0000b027       ?get_ResultCode@COPOSMICR@@UAGJPAJ@Z 1000c027 f   MICRImpl.obj
 0001:0000b065       ?get_ResultCodeExtended@COPOSMICR@@UAGJPAJ@Z 1000c065 f   MICRImpl.obj
 0001:0000b07b       ?get_SerialNumber@COPOSMICR@@UAGJPAPA_W@Z 1000c07b f   MICRImpl.obj
 0001:0000b094       ?get_ServiceObjectDescription@COPOSMICR@@UAGJPAPA_W@Z 1000c094 f   MICRImpl.obj
 0001:0000b0ad       ?get_ServiceObjectVersion@COPOSMICR@@UAGJPAJ@Z 1000c0ad f   MICRImpl.obj
 0001:0000b0c3       ?get_State@COPOSMICR@@UAGJPAJ@Z 1000c0c3 f   MICRImpl.obj
 0001:0000b0ef       ?get_TransitNumber@COPOSMICR@@UAGJPAPA_W@Z 1000c0ef f   MICRImpl.obj
 0001:0000b108       ?put_AutoDisable@COPOSMICR@@UAGJF@Z 1000c108 f   MICRImpl.obj
 0001:0000b125       ?put_BinaryConversion@COPOSMICR@@UAGJJ@Z 1000c125 f   MICRImpl.obj
 0001:0000b13b       ?put_DataEventEnabled@COPOSMICR@@UAGJF@Z 1000c13b f   MICRImpl.obj
 0001:0000b158       ?put_DeviceEnabled@COPOSMICR@@UAGJF@Z 1000c158 f   MICRImpl.obj
 0001:0000b175       ?put_FreezeEvents@COPOSMICR@@UAGJF@Z 1000c175 f   MICRImpl.obj
 0001:0000b1c1       ?put_PowerNotify@COPOSMICR@@UAGJJ@Z 1000c1c1 f   MICRImpl.obj
 0001:0000b1d7       ?s_EventWindowProc@COPOSMICR@@KGJPAUHWND__@@IIJ@Z 1000c1d7 f i MICRImpl.obj
 0001:0000b229       ??_U@YAPAXI@Z              1000c229 f   LIBCMT:new_array.obj
 0001:0000b232       ??3@YAXPAXI@Z              1000c232 f   LIBCMT:delete_scalar_size.obj
 0001:0000b240       ??_V@YAXPAX@Z              1000c240 f   LIBCMT:delete_array.obj
 0001:0000b245       ??_V@YAXPAXI@Z             1000c245 f   LIBCMT:delete_array_size.obj
 0001:0000b297       ___scrt_acquire_startup_lock 1000c297 f   LIBCMT:utility.obj
 0001:0000b2c9       ___scrt_dllmain_after_initialize_c 1000c2c9 f   LIBCMT:utility.obj
 0001:0000b2f4       ___scrt_dllmain_before_initialize_c 1000c2f4 f   LIBCMT:utility.obj
 0001:0000b302       ___scrt_dllmain_crt_thread_attach 1000c302 f   LIBCMT:utility.obj
 0001:0000b321       ___scrt_dllmain_crt_thread_detach 1000c321 f   LIBCMT:utility.obj
 0001:0000b32e       ___scrt_dllmain_exception_filter 1000c32e f   LIBCMT:utility.obj
 0001:0000b362       ___scrt_dllmain_uninitialize_c 1000c362 f   LIBCMT:utility.obj
 0001:0000b385       ___scrt_dllmain_uninitialize_critical 1000c385 f   LIBCMT:utility.obj
 0001:0000b392       ___scrt_initialize_crt     1000c392 f   LIBCMT:utility.obj
 0001:0000b3cb       ___scrt_initialize_onexit_tables 1000c3cb f   LIBCMT:utility.obj
 0001:0000b452       ___scrt_is_nonwritable_in_current_image 1000c452 f   LIBCMT:utility.obj
 0001:0000b4e6       ___scrt_release_startup_lock 1000c4e6 f   LIBCMT:utility.obj
 0001:0000b503       ___scrt_uninitialize_crt   1000c503 f   LIBCMT:utility.obj
 0001:0000b52b       __onexit                   1000c52b f   LIBCMT:utility.obj
 0001:0000b558       _atexit                    1000c558 f   LIBCMT:utility.obj
 0001:0000b56d       ??3@YAXPAX@Z               1000c56d f   LIBCMT:delete_scalar.obj
 0001:0000b637       __Init_thread_footer       1000c637 f   LIBCMT:thread_safe_statics.obj
 0001:0000b681       __Init_thread_header       1000c681 f   LIBCMT:thread_safe_statics.obj
 0001:0000b6d3       __Init_thread_notify       1000c6d3 f   LIBCMT:thread_safe_statics.obj
 0001:0000b709       __Init_thread_wait         1000c709 f   LIBCMT:thread_safe_statics.obj
 0001:0000b757       ___raise_securityfailure   1000c757 f   LIBCMT:gs_report.obj
 0001:0000b77f       ___report_gsfailure        1000c77f f   LIBCMT:gs_report.obj
 0001:0000b879       ___report_rangecheckfailure 1000c879 f   LIBCMT:gs_report.obj
 0001:0000b885       ___report_securityfailure  1000c885 f   LIBCMT:gs_report.obj
 0001:0000b954       ??2@YAPAXIABUnothrow_t@std@@@Z 1000c954 f   LIBCMT:new_scalar_nothrow.obj
 0001:0000b9a9       ??_U@YAPAXIABUnothrow_t@std@@@Z 1000c9a9 f   LIBCMT:new_array_nothrow.obj
 0001:0000b9b2       @__security_check_cookie@4 1000c9b2 f   LIBCMT:secchk.obj
 0001:0000b9c0       __SEH_prolog4_GS           1000c9c0 f   LIBCMT:sehprolg4gs.obj
 0001:0000ba10       __alloca_probe_16          1000ca10 f   LIBCMT:alloca16.obj
 0001:0000ba26       __alloca_probe_8           1000ca26     LIBCMT:alloca16.obj
 0001:0000ba40       __alloca_probe             1000ca40 f   LIBCMT:chkstk.obj
 0001:0000ba40       __chkstk                   1000ca40 f   LIBCMT:chkstk.obj
 0001:0000bdab       __DllMainCRTStartup@12     1000cdab f   LIBCMT:dll_dllmain.obj
 0001:0000bdce       ??2@YAPAXI@Z               1000cdce f   LIBCMT:new_scalar.obj
 0001:0000bdfe       ___isa_available_init      1000cdfe f   LIBCMT:cpu_disp.obj
 0001:0000bfd2       ___scrt_is_ucrt_dll_in_use 1000cfd2 f   LIBCMT:ucrt_detection.obj
 0001:0000bfde       ___scrt_fastfail           1000cfde f   LIBCMT:utility_desktop.obj
 0001:0000c0f9       __crt_debugger_hook        1000d0f9 f   LIBCMT:utility_desktop.obj
 0001:0000c110       __SEH_prolog4              1000d110 f   LIBCMT:sehprolg4.obj
 0001:0000c155       @_guard_check_icall_nop@4  1000d155 f i LIBCMT:guard_support.obj
 0001:0000c1a5       ___security_init_cookie    1000d1a5 f   LIBCMT:gs_support.obj
 0001:0000c1f0       ?__scrt_initialize_type_info@@YAXXZ 1000d1f0 f   LIBCMT:tncleanup.obj
 0001:0000c1fc       ?__scrt_uninitialize_type_info@@YAXXZ 1000d1fc f   LIBCMT:tncleanup.obj
 0001:0000c208       ___local_stdio_scanf_options 1000d208 f i LIBCMT:default_local_stdio_options.obj
 0001:0000c20e       ___scrt_initialize_default_local_stdio_options 1000d20e f   LIBCMT:default_local_stdio_options.obj
 0001:0000c22b       ___scrt_get_dyn_tls_init_callback 1000d22b f   LIBCMT:dyn_tls_init.obj
 0001:0000c231       __RTC_Initialize           1000d231 f   LIBCMT:initsect.obj
 0001:0000c25d       __RTC_Terminate            1000d25d f   LIBCMT:initsect.obj
 0001:0000c289       ??0bad_alloc@std@@QAE@ABV01@@Z 1000d289 f i LIBCMT:throw_bad_alloc.obj
 0001:0000c2a4       ??0bad_alloc@std@@QAE@XZ   1000d2a4 f i LIBCMT:throw_bad_alloc.obj
 0001:0000c2bc       ??0bad_array_new_length@std@@QAE@ABV01@@Z 1000d2bc f i LIBCMT:throw_bad_alloc.obj
 0001:0000c2d7       ??0bad_array_new_length@std@@QAE@XZ 1000d2d7 f i LIBCMT:throw_bad_alloc.obj
 0001:0000c2ef       ??0exception@std@@QAE@ABV01@@Z 1000d2ef f i LIBCMT:throw_bad_alloc.obj
 0001:0000c31b       ??1bad_array_new_length@std@@UAE@XZ 1000d31b f i LIBCMT:throw_bad_alloc.obj
 0001:0000c31b       ??1bad_alloc@std@@UAE@XZ   1000d31b f i LIBCMT:throw_bad_alloc.obj
 0001:0000c31b       ??1bad_exception@std@@UAE@XZ 1000d31b f i libvcruntime:frame.obj
 0001:0000c32c       ??_Ebad_exception@std@@UAEPAXI@Z 1000d32c f i libvcruntime:frame.obj
 0001:0000c32c       ??_Gbad_exception@std@@UAEPAXI@Z 1000d32c f i libvcruntime:frame.obj
 0001:0000c32c       ??_Ebad_alloc@std@@UAEPAXI@Z 1000d32c f i LIBCMT:throw_bad_alloc.obj
 0001:0000c32c       ??_Ebad_array_new_length@std@@UAEPAXI@Z 1000d32c f i LIBCMT:throw_bad_alloc.obj
 0001:0000c32c       ??_Gbad_array_new_length@std@@UAEPAXI@Z 1000d32c f i LIBCMT:throw_bad_alloc.obj
 0001:0000c32c       ??_Gbad_alloc@std@@UAEPAXI@Z 1000d32c f i LIBCMT:throw_bad_alloc.obj
 0001:0000c32c       ??_Gexception@std@@UAEPAXI@Z 1000d32c f i LIBCMT:throw_bad_alloc.obj
 0001:0000c32c       ??_Eexception@std@@UAEPAXI@Z 1000d32c f i LIBCMT:throw_bad_alloc.obj
 0001:0000c359       ?__scrt_throw_std_bad_alloc@@YAXXZ 1000d359 f   LIBCMT:throw_bad_alloc.obj
 0001:0000c376       ?__scrt_throw_std_bad_array_new_length@@YAXXZ 1000d376 f   LIBCMT:throw_bad_alloc.obj
 0001:0000c393       ?what@exception@std@@UBEPBDXZ 1000d393 f i LIBCMT:throw_bad_alloc.obj
 0001:0000c3a0       ??_Etype_info@@UAEPAXI@Z   1000d3a0 f i LIBCMT:std_type_info_static.obj
 0001:0000c3a0       ??_Gtype_info@@UAEPAXI@Z   1000d3a0 f i LIBCMT:std_type_info_static.obj
 0001:0000c3c3       ??0CAtlBaseModule@ATL@@QAE@XZ 1000d3c3 f   atls:atlbase.obj
 0001:0000c416       ??0_ATL_BASE_MODULE70@ATL@@QAE@XZ 1000d416 f i atls:atlbase.obj
 0001:0000c439       ??1CAtlBaseModule@ATL@@QAE@XZ 1000d439 f   atls:atlbase.obj
 0001:0000c526       ?Init@_stdcallthunk@ATL@@QAEHKPAX@Z 1000d526 f i atls:atlthunk.obj
 0001:0000c55b       ?__AllocStdCallThunk_cmn@@YAPAXXZ 1000d55b f   atls:atlthunk.obj
 0001:0000c621       ?__FreeStdCallThunk_cmn@@YAXPAX@Z 1000d621 f   atls:atlthunk.obj
 0001:0000c6bd       _AtlThunk_AllocateData@0   1000d6bd f   atls:atlthunk.obj
 0001:0000c722       _AtlThunk_DataToCode@4     1000d722 f   atls:atlthunk.obj
 0001:0000c769       _AtlThunk_FreeData@4       1000d769 f   atls:atlthunk.obj
 0001:0000c7bf       _AtlThunk_InitData@12      1000d7bf f   atls:atlthunk.obj
 0001:0000c80e       __get_purecall_handler     1000d80e f   libvcruntime:purevirt.obj
 0001:0000c815       __purecall                 1000d815 f   libvcruntime:purevirt.obj
 0001:0000c831       _wcsstr                    1000d831 f   libvcruntime:wcsstr.obj
 0001:0000caf0       __except_handler4          1000daf0 f   libvcruntime:chandler4.obj
 0001:0000cc4e       _memcmp                    1000dc4e f   libvcruntime:memcmp.obj
 0001:0000e2d0       _memcpy                    1000f2d0 f   libvcruntime:memcpy.obj
 0001:0000e2d0       _memmove                   1000f2d0 f   libvcruntime:memmove.obj
 0001:0000e850       _memset                    1000f850 f   libvcruntime:memset.obj
 0001:0000e9aa       ___vcrt_initialize         1000f9aa f   libvcruntime:initialization.obj
 0001:0000e9c9       ___vcrt_thread_attach      1000f9c9 f   libvcruntime:initialization.obj
 0001:0000e9d4       ___vcrt_thread_detach      1000f9d4 f   libvcruntime:initialization.obj
 0001:0000e9df       ___vcrt_uninitialize       1000f9df f   libvcruntime:initialization.obj
 0001:0000e9f6       ___vcrt_uninitialize_critical 1000f9f6 f   libvcruntime:initialization.obj
 0001:0000e9fe       ?GetRangeOfTrysToCheck@__FrameHandler3@@SA?AU?$pair@Viterator@TryBlockMap@__FrameHandler3@@V123@@std@@AAVTryBlockMap@1@HPAXPBU_s_FuncInfo@@H@Z 1000f9fe f   libvcruntime:trnsctrl.obj
 0001:0000ea6e       ?_CallCatchBlock2@@YAPAXPAUEHRegistrationNode@@PBU_s_FuncInfo@@PAXHK@Z 1000fa6e f   libvcruntime:trnsctrl.obj
[...]
 0002:00006460       CC                         10026460     libucrt:log10_pentium4.obj
 0002:00006470       Magic                      10026470     libucrt:log10_pentium4.obj
 0002:00006480       hi_mask                    10026480     libucrt:log10_pentium4.obj
 0002:00006490       LOG10_2                    10026490     libucrt:log10_pentium4.obj
 0002:000064a0       place_L                    100264a0     libucrt:log10_pentium4.obj
 0002:000064c0       One                        100264c0     libucrt:log10_pentium4.obj
 0002:000064d0       Zero                       100264d0     libucrt:log10_pentium4.obj
 0002:000064e0       Two52                      100264e0     libucrt:log10_pentium4.obj
 0002:000064f0       Infs                       100264f0     libucrt:log10_pentium4.obj
 0002:00006500       NaN                        10026500     libucrt:log10_pentium4.obj
 0002:00006510       coeff                      10026510     libucrt:log10_pentium4.obj
 0002:0000656e       _log2max                   1002656e     libucrt:87tran.obj
 0002:00006578       _smallarg                  10026578     libucrt:87tran.obj
 0002:00006582       _half                      10026582     libucrt:87tran.obj
 0002:000065ce       One                        100265ce     libucrt:87disp.obj
 0002:000065d6       Three                      100265d6     libucrt:87disp.obj
 0002:000065de       XAMtoTagTab                100265de     libucrt:87disp.obj
 0002:000065f0       One                        100265f0     libucrt:common.obj
 0002:00006604       DblMax                     10026604     libucrt:common.obj
 0002:0000660c       DblMin                     1002660c     libucrt:common.obj
 0002:00006614       IeeeAdjO                   10026614     libucrt:common.obj
 0002:0000661c       IeeeAdjU                   1002661c     libucrt:common.obj
 0002:00006624       _infinity                  10026624     libucrt:common.obj
 0002:0000662c       _zero                      1002662c     libucrt:common.obj
 0002:00006678       _over                      10026678     libucrt:fpctrl.obj
 0002:00006684       _under                     10026684     libucrt:fpctrl.obj
 0002:00006eb8       ?_names@?1??_get_fname@@9@4QBU<unnamed-type-_names>@?1??1@YAPADI@Z@B 10026eb8     libucrt:fpexcept.obj
 0002:00007060       two32                      10027060     LIBCMT:ftol2.obj
 0002:00007064       two63                      10027064     LIBCMT:ftol2.obj
 0002:00007068       _NaN                       10027068     LIBCMT:ftol2.obj
 0002:00007790       __sehtable$?_AtlVerifyStackAvailable@_ATL_SAFE_ALLOCA_IMPL@ATL@@YA_NK@Z 10027790     MICR.obj
 0002:000077b0       __sehtable$___scrt_is_nonwritable_in_current_image 100277b0     LIBCMT:utility.obj
 0002:000077cc       __catchsym$??2@YAPAXIABUnothrow_t@std@@@Z$2 100277cc     LIBCMT:new_scalar_nothrow.obj
 0002:000077dc       __unwindtable$??2@YAPAXIABUnothrow_t@std@@@Z 100277dc     LIBCMT:new_scalar_nothrow.obj
 0002:000077ec       __tryblocktable$??2@YAPAXIABUnothrow_t@std@@@Z 100277ec     LIBCMT:new_scalar_nothrow.obj
 0002:00007800       __ehfuncinfo$??2@YAPAXIABUnothrow_t@std@@@Z 10027800     LIBCMT:new_scalar_nothrow.obj
 0002:00007828       __sehtable$?dllmain_crt_process_attach@@YAHQAUHINSTANCE__@@QAX@Z 10027828     LIBCMT:dll_dllmain.obj
 0002:00007848       __sehtable$?dllmain_crt_process_detach@@YAH_N@Z 10027848     LIBCMT:dll_dllmain.obj
 0002:00007870       __sehtable$?dllmain_dispatch@@YAHQAUHINSTANCE__@@KQAX@Z 10027870     LIBCMT:dll_dllmain.obj
 0002:00007920       __sehtable$___DestructExceptionObject 10027920     libvcruntime:ehhelpers.obj
 0002:00007940       __sehtable$?FrameUnwindToState@__FrameHandler3@@SAXPAUEHRegistrationNode@@PAXPBU_s_FuncInfo@@H@Z 10027940     libvcruntime:frame.obj
 0002:00007968       __sehtable$?CallCatchBlock@@YAPAXPAUEHExceptionRecord@@PAUEHRegistrationNode@@PAU_CONTEXT@@PBU_s_FuncInfo@@PAXHK@Z 10027968     libvcruntime:frame.obj
 0002:00007990       __catchsym$?CallUnexpected@@YAXPBU_s_ESTypeList@@@Z$2 10027990     libvcruntime:frame.obj
 0002:000079a0       __unwindtable$?CallUnexpected@@YAXPBU_s_ESTypeList@@@Z 100279a0     libvcruntime:frame.obj
 0002:000079b0       __tryblocktable$?CallUnexpected@@YAXPBU_s_ESTypeList@@@Z 100279b0     libvcruntime:frame.obj
 0002:000079c4       __ehfuncinfo$?CallUnexpected@@YAXPBU_s_ESTypeList@@@Z 100279c4     libvcruntime:frame.obj
 0002:000079e8       __sehtable$??$BuildCatchObjectHelperInternal@V__FrameHandler3@@@@YAHPAUEHExceptionRecord@@PAXPBU_s_HandlerType@@PBU_s_CatchableType@@@Z 100279e8     libvcruntime:frame.obj
 0002:00007a08       __sehtable$??$BuildCatchObjectInternal@V__FrameHandler3@@@@YAXPAUEHExceptionRecord@@PAXPBU_s_HandlerType@@PBU_s_CatchableType@@@Z 10027a08     libvcruntime:frame.obj
 0002:00007a5c       __ehfuncinfo$?write_double_translated_ansi_nolock@@YA?AUwrite_result@?A0x17268360@@HQBDIAAV__crt_cached_ptd_host@@@Z 10027a5c     libucrt:write.obj
 0002:00007a5c       __ehfuncinfo$?try_cor_exit_process@@YAXI@Z 10027a5c     libucrt:exit.obj
 0002:00007a80       __unwindtable$?common_exit@@YAXHW4_crt_exit_cleanup_mode@@W4_crt_exit_return_mode@@@Z 10027a80     libucrt:exit.obj
 0002:00007a88       __ehfuncinfo$?common_exit@@YAXHW4_crt_exit_cleanup_mode@@W4_crt_exit_return_mode@@@Z 10027a88     libucrt:exit.obj
 0002:00007ab0       __sehtable$??R<lambda_6e4b09c48022b2350581041d5f6b0c4c>@@QBE@XZ 10027ab0     libucrt:exit.obj
 0002:00007ad0       __sehtable$??$?RV<lambda_03b1d95aef87969028cfba75ccab2455>@@AAV<lambda_6e4b09c48022b2350581041d5f6b0c4c>@@V<lambda_22bdf7517842c4b3e53723af5aa32b9e>@@@?$__crt_seh_guarded_call@X@@QAEX$$QAV<lambda_03b1d95aef87969028cfba75ccab2455>@@AAV<lambda_6e4b09c48022b2350581041d5f6b0c4c>@@$$QAV<lambda_22bdf7517842c4b3e53723af5aa32b9e>@@@Z 10027ad0     libucrt:exit.obj
 0002:00007aec       __unwindtable$___dcrt_uninitialize_environments_nolock 10027aec     libucrt:environment_initialization.obj
 0002:00007afc       __ehfuncinfo$___dcrt_uninitialize_environments_nolock 10027afc     libucrt:environment_initialization.obj
 0002:00007b20       __unwindtable$__execute_onexit_table 10027b20     libucrt:onexit.obj
 0002:00007b28       __ehfuncinfo$__execute_onexit_table 10027b28     libucrt:onexit.obj
 0002:00007b50       __sehtable$??$?RV<lambda_8e746cf0007f6ed984d6f78af1fec997>@@AAV<lambda_22ebabd17bc4fa466a2aca6d8deb888d>@@V<lambda_18ed0c0b38a6dc0daf1e7ac6d6adf05e>@@@?$__crt_seh_guarded_call@H@@QAEH$$QAV<lambda_8e746cf0007f6ed984d6f78af1fec997>@@AAV<lambda_22ebabd17bc4fa466a2aca6d8deb888d>@@$$QAV<lambda_18ed0c0b38a6dc0daf1e7ac6d6adf05e>@@@Z 10027b50     libucrt:onexit.obj
 0002:00007b70       __sehtable$??$?RV<lambda_69a2805e680e0e292e8ba93315fe43a8>@@AAV<lambda_f03950bc5685219e0bcd2087efbe011e>@@V<lambda_03fcd07e894ec930e3f35da366ca99d6>@@@?$__crt_seh_guarded_call@H@@QAEH$$QAV<lambda_69a2805e680e0e292e8ba93315fe43a8>@@AAV<lambda_f03950bc5685219e0bcd2087efbe011e>@@$$QAV<lambda_03fcd07e894ec930e3f35da366ca99d6>@@@Z 10027b70     libucrt:onexit.obj
 0002:00007b90       __sehtable$__query_new_handler 10027b90     libucrt:new_handler.obj
 0002:00007bb0       __sehtable$_terminate      10027bb0     libucrt:terminate.obj
 0002:00007bd0       __sehtable$??$?RV<lambda_15ade71b0218206bbe3333a0c9b79046>@@AAV<lambda_da44e0f8b0f19ba52fefafb335991732>@@V<lambda_207f2d024fc103971653565357d6cd41>@@@?$__crt_seh_guarded_call@X@@QAEX$$QAV<lambda_15ade71b0218206bbe3333a0c9b79046>@@AAV<lambda_da44e0f8b0f19ba52fefafb335991732>@@$$QAV<lambda_207f2d024fc103971653565357d6cd41>@@@Z 10027bd0     libucrt:per_thread_data.obj
 0002:00007bf0       __sehtable$??$?RV<lambda_a7e850c220f1c8d1e6efeecdedd162c6>@@AAV<lambda_46720907175c18b6c9d2717bc0d2d362>@@V<lambda_9048902d66e8d99359bc9897bbb930a8>@@@?$__crt_seh_guarded_call@X@@QAEX$$QAV<lambda_a7e850c220f1c8d1e6efeecdedd162c6>@@AAV<lambda_46720907175c18b6c9d2717bc0d2d362>@@$$QAV<lambda_9048902d66e8d99359bc9897bbb930a8>@@@Z 10027bf0     libucrt:per_thread_data.obj
 0002:00007c10       __sehtable$??$?RV<lambda_38edbb1296d33220d7e4dd0ed76b244a>@@AAV<lambda_5ce1d447e08cb34b2473517608e21441>@@V<lambda_fb385d3da700c9147fc39e65dd577a8c>@@@?$__crt_seh_guarded_call@X@@QAEX$$QAV<lambda_38edbb1296d33220d7e4dd0ed76b244a>@@AAV<lambda_5ce1d447e08cb34b2473517608e21441>@@$$QAV<lambda_fb385d3da700c9147fc39e65dd577a8c>@@@Z 10027c10     libucrt:per_thread_data.obj
 0002:00007c30       __sehtable$??$?RV<lambda_6affb1475c98b40b75cdec977db92e3c>@@AAV<lambda_b8d4b9c228a6ecc3f80208dbb4b4a104>@@V<lambda_608742c3c92a14382c1684fc64f96c88>@@@?$__crt_seh_guarded_call@X@@QAEX$$QAV<lambda_6affb1475c98b40b75cdec977db92e3c>@@AAV<lambda_b8d4b9c228a6ecc3f80208dbb4b4a104>@@$$QAV<lambda_608742c3c92a14382c1684fc64f96c88>@@@Z 10027c30     libucrt:per_thread_data.obj
 0002:00007c50       __sehtable$??$?RV<lambda_e5124f882df8998aaf41531e079ba474>@@AAV<lambda_3e16ef9562a7dcce91392c22ab16ea36>@@V<lambda_e25ca0880e6ef98be67edffd8c599615>@@@?$__crt_seh_guarded_call@X@@QAEX$$QAV<lambda_e5124f882df8998aaf41531e079ba474>@@AAV<lambda_3e16ef9562a7dcce91392c22ab16ea36>@@$$QAV<lambda_e25ca0880e6ef98be67edffd8c599615>@@@Z 10027c50     libucrt:wsetlocale.obj
 0002:00007c70       __sehtable$___acrt_initialize_lowio 10027c70     libucrt:ioinit.obj
 0002:00007c90       __sehtable$?update_thread_multibyte_data_internal@@YAPAU__crt_multibyte_data@@QAU__acrt_ptd@@QAPAU1@@Z 10027c90     libucrt:mbctype.obj
 0002:00007cb0       __sehtable$??$?RV<lambda_ceb1ee4838e85a9d631eb091e2fbe199>@@AAV<lambda_ae742caa10f662c28703da3d2ea5e57e>@@V<lambda_cd08b5d6af4937fe54fc07d0c9bf6b37>@@@?$__crt_seh_guarded_call@X@@QAEX$$QAV<lambda_ceb1ee4838e85a9d631eb091e2fbe199>@@AAV<lambda_ae742caa10f662c28703da3d2ea5e57e>@@$$QAV<lambda_cd08b5d6af4937fe54fc07d0c9bf6b37>@@@Z 10027cb0     libucrt:mbctype.obj
 0002:00007cd0       __sehtable$_raise          10027cd0     libucrt:signal.obj
 0002:00007cf0       __sehtable$??$?RV<lambda_cbab9ec6f41b0180b23cc171c22676b0>@@AAV<lambda_44731a7d0e6d81c3e6aa82d741081786>@@V<lambda_4b292cb8dd18144e164572427af410ab>@@@?$__crt_seh_guarded_call@P6AXH@Z@@QAEP6AXH@Z$$QAV<lambda_cbab9ec6f41b0180b23cc171c22676b0>@@AAV<lambda_44731a7d0e6d81c3e6aa82d741081786>@@$$QAV<lambda_4b292cb8dd18144e164572427af410ab>@@@Z 10027cf0     libucrt:signal.obj
 0002:00007d10       __sehtable$??$?RV<lambda_2866be3712abc81a800a822484c830d8>@@AAV<lambda_39ca0ed439415581b5b15c265174cece>@@V<lambda_2b24c74d71094a6cd0cb82e44167d71b>@@@?$__crt_seh_guarded_call@X@@QAEX$$QAV<lambda_2866be3712abc81a800a822484c830d8>@@AAV<lambda_39ca0ed439415581b5b15c265174cece>@@$$QAV<lambda_2b24c74d71094a6cd0cb82e44167d71b>@@@Z 10027d10     libucrt:fflush.obj
 0002:00007d30       __sehtable$??$?RV<lambda_2cc53f568c5a2bb6f192f930a45d44ea>@@AAV<lambda_ab61a845afdef5b7c387490eaf3616ee>@@V<lambda_c2ffc0b7726aa6be21d5f0026187e748>@@@?$__crt_seh_guarded_call@X@@QAEX$$QAV<lambda_2cc53f568c5a2bb6f192f930a45d44ea>@@AAV<lambda_ab61a845afdef5b7c387490eaf3616ee>@@$$QAV<lambda_c2ffc0b7726aa6be21d5f0026187e748>@@@Z 10027d30     libucrt:fflush.obj
 0002:00007d50       __sehtable$___acrt_update_thread_locale_data 10027d50     libucrt:locale_refcounting.obj
 0002:00007d70       __sehtable$__fcloseall     10027d70     libucrt:closeall.obj
 0002:00007d90       __sehtable$___acrt_lowio_ensure_fh_exists 10027d90     libucrt:osfinfo.obj
 0002:00007db0       __sehtable$??$?RV<lambda_9e9de3de5fa147e2223d7db92bc10aa6>@@AAV<lambda_38ce7e780aa69e748d6df282ebc68efe>@@V<lambda_8ca6da459f0f6780f1cff60fdc3d00e5>@@@?$__crt_seh_guarded_call@H@@QAEH$$QAV<lambda_9e9de3de5fa147e2223d7db92bc10aa6>@@AAV<lambda_38ce7e780aa69e748d6df282ebc68efe>@@$$QAV<lambda_8ca6da459f0f6780f1cff60fdc3d00e5>@@@Z 10027db0     libucrt:commit.obj
 0002:00007dd0       __sehtable$__write_internal 10027dd0     libucrt:write.obj
 0002:00007df0       __sehtable$?_fclose_internal@@YAHQAU_iobuf@@AAV__crt_cached_ptd_host@@@Z 10027df0     libucrt:fclose.obj
 0002:00007e10       __sehtable$??$?RV<lambda_d422a76eb4c3bf3ad751449ab71a6ea4>@@AAV<lambda_c9ba49e555ba839a7b07aa3fbecb7617>@@V<lambda_9476263c8ee91a25d21c55370bdb50de>@@@?$__crt_seh_guarded_call@H@@QAEH$$QAV<lambda_d422a76eb4c3bf3ad751449ab71a6ea4>@@AAV<lambda_c9ba49e555ba839a7b07aa3fbecb7617>@@$$QAV<lambda_9476263c8ee91a25d21c55370bdb50de>@@@Z 10027e10     libucrt:close.obj
 0002:00007e30       __sehtable$___set_fpsr_sse2 10027e30     libucrt:fpctrl.obj
 0002:00007e50       __sehtable$__IsNonwritableInCurrentImage 10027e50     LIBCMT:pesect.obj
 0002:00007e80       .edata                     10027e80     OPOSMICR.exp
 0002:00007ea8       rgpv                       10027ea8     OPOSMICR.exp
 0002:00007eb8       rgszName                   10027eb8     OPOSMICR.exp
 0002:00007ec8       rgwOrd                     10027ec8     OPOSMICR.exp
 0002:00007ed0       szName                     10027ed0     OPOSMICR.exp
 0002:00007edd       $N00001                    10027edd     OPOSMICR.exp
 0002:00007eed       $N00002                    10027eed     OPOSMICR.exp
 0002:00007eff       $N00003                    10027eff     OPOSMICR.exp
 0002:00007f11       $N00004                    10027f11     OPOSMICR.exp
 0002:00008522       .idata$6                   10028522     kernel32:KERNEL32.dll
 0002:00008736       .idata$6                   10028736     user32:USER32.dll
 0002:0000886a       .idata$6                   1002886a     gdi32:GDI32.dll
 0002:00008910       .idata$6                   10028910     advapi32:ADVAPI32.dll
 0002:00008a2c       .idata$6                   10028a2c     ole32:ole32.dll
 0002:00008a36       .idata$6                   10028a36     oleaut32:OLEAUT32.dll
 0003:00000110       ?ObjectMap@@3PAU_ATL_OBJMAP_ENTRY30@ATL@@A 10029110     MICR.obj
 0003:000001b8       ?s_SOMethodNames@@3PAPADA  100291b8     MICRImpl.obj
 0003:00000214       ?s_RequiredMethodsPerRelease@@3PAHA 10029214     MICRImpl.obj
 0003:00000260       ?__vcrt_flsindex@@3KA      10029260     libvcruntime:per_thread_data.obj
 0003:00000280       ?errno_no_memory@@3HA      10029280     libucrt:errno.obj
 0003:00000284       ?doserrno_no_memory@@3KA   10029284     libucrt:errno.obj
 0003:00000290       ?__acrt_flsindex@@3KA      10029290     libucrt:per_thread_data.obj
 0003:00000628       __mbctypes                 10029628     libucrt:mbctype.obj
 0003:00000730       __mbcasemaps               10029730     libucrt:mbctype.obj
 0003:00000830       ?__rgctypeflag@@3PADA      10029830     libucrt:mbctype.obj
 0003:00000838       ?__rgcode_page_info@@3PAUcode_page_info@@A 10029838     libucrt:mbctype.obj
 0003:00000a90       ?__dcrt_lowio_console_output_handle@@3PAXA 10029a90     libucrt:initcon.obj
 0003:00000a94       ?__DAZ_ENABLED@?1??__set_fpsr_sse2@@9@9 10029a94     libucrt:fpctrl.obj
 0003:00000c28       ?is_initialized_as_dll@@3_NA 10029c28     LIBCMT:utility.obj
 0003:00000c29       ?module_local_atexit_table_initialized@@3_NA 10029c29     LIBCMT:utility.obj
 0003:00000c2c       ?module_local_atexit_table@@3U_onexit_table_t@@A 10029c2c     LIBCMT:utility.obj
 0003:00000c38       ?module_local_at_quick_exit_table@@3U_onexit_table_t@@A 10029c38     LIBCMT:utility.obj
 0003:00000c44       ?g_tss_cv@@3U_RTL_CONDITION_VARIABLE@@A 10029c44     LIBCMT:thread_safe_statics.obj
 0003:00000c48       ?g_tss_event@@3PAXA        10029c48     LIBCMT:thread_safe_statics.obj
 0003:00000c4c       ?g_tss_mutex@@3U_RTL_CRITICAL_SECTION@@A 10029c4c     LIBCMT:thread_safe_statics.obj
 0003:00000c64       ?g_sleep_condition_variable_cs@@3P6GHPAU_RTL_CONDITION_VARIABLE@@PAU_RTL_CRITICAL_SECTION@@K@ZA 10029c64     LIBCMT:thread_safe_statics.obj
 0003:00000c68       ?g_wake_all_condition_variable@@3P6GXPAU_RTL_CONDITION_VARIABLE@@@ZA 10029c68     LIBCMT:thread_safe_statics.obj
 0003:00000c70       _GS_ExceptionRecord        10029c70     LIBCMT:gs_report.obj
 0003:00000cc0       _GS_ContextRecord          10029cc0     LIBCMT:gs_report.obj
 0003:00000f90       ?__proc_attached@@3HA      10029f90     LIBCMT:dll_dllmain.obj
 0003:00000fec       ?AllocateData@@3P6GPAUAtlThunkData_t@@XZA 10029fec     atls:atlthunk.obj
 0003:00000ff0       ?InitData@@3P6GXPAUAtlThunkData_t@@PAXI@ZA 10029ff0     atls:atlthunk.obj
 0003:00000ff4       ?DataToCode@@3P6GP6GJPAUHWND__@@IIJ@ZPAUAtlThunkData_t@@@ZA 10029ff4     atls:atlthunk.obj
 0003:00000ff8       ?FreeData@@3P6GXPAUAtlThunkData_t@@@ZA 10029ff8     atls:atlthunk.obj
 0003:00000ffc       ?Initialized@@3_NA         10029ffc     atls:atlthunk.obj
 0003:0000100c       ?__vcrt_startup_thread_ptd@@3U__vcrt_ptd@@A 1002a00c     libvcruntime:per_thread_data.obj
 0003:00001034       ___vcrt_lock_table         1002a034     libvcruntime:locks.obj
 0003:0000104c       ___vcrt_locks_initialized  1002a04c     libvcruntime:locks.obj
 0003:00001078       ?heap@@3V_HeapManager@@A   1002a078     libvcruntime:undname.obj
 0003:0000108c       ?module_handles@@3PAPAUHINSTANCE__@@A 1002a08c     libvcruntime:winapi_downlevel.obj
 0003:00001098       ?function_pointers@@3PAPAXA 1002a098     libvcruntime:winapi_downlevel.obj
 0003:000010ac       ?__acrt_invalid_parameter_handler@@3V?$dual_state_global@P6AXPB_W00II@Z@__crt_state_management@@A 1002a0ac     libucrt:invalid_parameter.obj
 0003:000010b0       ?c_termination_complete@@3JA 1002a0b0     libucrt:exit.obj
 0003:000010b4       ?thread_local_exit_callback_func@@3P6GXPAXK0@ZA 1002a0b4     libucrt:exit.obj
 0003:000010c0       ?program_name@?1???$common_configure_argv@D@@YAHW4_crt_argv_mode@@@Z@4PADA 1002a0c0     libucrt:argv_parsing.obj
 0003:000011f0       ?__acrt_new_handler@@3V?$dual_state_global@P6AHI@Z@__crt_state_management@@A 1002a1f0     libucrt:new_handler.obj
 0003:00001200       ?module_handles@@3PAPAUHINSTANCE__@@A 1002a200     libucrt:winapi_thunks.obj
 0003:00001250       ?encoded_function_pointers@@3PAPAXA 1002a250     libucrt:winapi_thunks.obj
 0003:000012d8       ?internal_state@?1??_mbtowc_internal@@9@4U_Mbstatet@@A 1002a2d8     libucrt:mbtowc.obj
 0003:000012e8       ?enable_percent_n@@3IA     1002a2e8     libucrt:printf_count_output.obj
 0003:00001500       ?__acrt_lock_table@@3PAU_RTL_CRITICAL_SECTION@@A 1002a500     libucrt:locks.obj
 0003:00001650       ?__acrt_locks_initialized@@3IA 1002a650     libucrt:locks.obj
 0003:00001660       ?fSystemSet@@3HA           1002a660     libucrt:mbctype.obj
 0003:00001664       ?initialized@?1??__acrt_initialize_multibyte@@9@4_NA 1002a664     libucrt:mbctype.obj
 0003:00001684       ?ctrlc_action@@3V?$dual_state_global@P6AXH@Z@__crt_state_management@@A 1002a684     libucrt:signal.obj
 0003:00001688       ?ctrlbreak_action@@3V?$dual_state_global@P6AXH@Z@__crt_state_management@@A 1002a688     libucrt:signal.obj
 0003:0000168c       ?abort_action@@3V?$dual_state_global@P6AXH@Z@__crt_state_management@@A 1002a68c     libucrt:signal.obj
 0003:00001690       ?term_action@@3V?$dual_state_global@P6AXH@Z@__crt_state_management@@A 1002a690     libucrt:signal.obj
 0003:00001694       ?user_matherr@@3V?$dual_state_global@P6AHPAU_exception@@@Z@__crt_state_management@@A 1002a694     libucrt:matherr.obj
 0003:000016a0       ?__acrt_global_new_mode@@3V?$dual_state_global@J@__crt_state_management@@A 1002a6a0     libucrt:new_mode.obj
 0003:000016a4       ?internal_pst@?1??__mbrtoc32_utf8@__crt_mbstring@@YAIPA_UPBDIPAU_Mbstatet@@AAV__crt_cached_ptd_host@@@Z@4U3@A 1002a6a4     libucrt:mbrtoc32.obj
 0003:000016ac       ?__acrt_app_type@@3W4_crt_app_type@@A 1002a6ac     libucrt:report_runtime_error.obj
 0003:000016b4       __pmatherr_set             1002a6b4     libucrt:libm_error.obj
 0004:00000220       $R000000                   1002b220     MICR.res
 0004:00000b98       $R000978                   1002bb98     MICR.res
 0004:00000c80       $R000A60                   1002bc80     MICR.res
 0004:00000ee8       $R000CC8                   1002bee8     MICR.res
 0004:00001420       $R001200                   1002c420     MICR.res
 0004:000040b0       $R003E90                   1002f0b0     MICR.res
 0004:000040d8       $R003EB8                   1002f0d8     MICR.res
