 OPOSSmartCardRW

 Timestamp is 5d42a001 (Thu Aug  1 17:17:05 2019)

 Preferred load address is 10000000

 Start         Length     Name                   Class
 0001:00000000 00000080H .text$di                CODE
 0001:00000080 0001d6d3H .text$mn                CODE
 0001:0001d753 00000036H .text$x                 CODE
 0001:0001d789 00000042H .text$yd                CODE
 0002:00000000 000002fcH .idata$5                DATA
 0002:000002fc 00000004H .00cfg                  DATA
 0002:00000300 00000004H .CRT$XCA                DATA
 0002:00000304 00000004H .CRT$XCL                DATA
 0002:00000308 00000010H .CRT$XCU                DATA
 0002:00000318 00000004H .CRT$XCZ                DATA
 0002:0000031c 00000004H .CRT$XIA                DATA
 0002:00000320 00000010H .CRT$XIC                DATA
 0002:00000330 00000004H .CRT$XIZ                DATA
 0002:00000334 00000004H .CRT$XLA                DATA
 0002:00000338 00000004H .CRT$XLZ                DATA
 0002:0000033c 00000004H .CRT$XPA                DATA
 0002:00000340 00000008H .CRT$XPX                DATA
 0002:00000348 00000004H .CRT$XPXA               DATA
 0002:0000034c 00000004H .CRT$XPZ                DATA
 0002:00000350 00000004H .CRT$XTA                DATA
 0002:00000354 0000000cH .CRT$XTZ                DATA
 0002:00000358 00000000H .gfids$y                DATA
 0002:00000360 00006dbcH .rdata                  DATA
 0002:0000711c 00000018H .rdata$T                DATA
 0002:00007134 0000017cH .rdata$r                DATA
 0002:000072b0 0000001cH .rdata$sxdata           DATA
 0002:000072cc 000003e0H .rdata$zzzdbg           DATA
 0002:000076ac 00000004H .rtc$IAA                DATA
 0002:000076b0 00000004H .rtc$IZZ                DATA
 0002:000076b4 00000004H .rtc$TAA                DATA
 0002:000076b8 00000004H .rtc$TZZ                DATA
 0002:000076bc 00000004H .tls                    DATA
 0002:000076c0 00000004H .tls$                   DATA
 0002:000076c4 00000004H .tls$ZZZ                DATA
 0002:000076c8 00000604H .xdata$x                DATA
 0002:00007ccc 00000004H ATL$__a                 DATA
 0002:00007cd0 00000010H ATL$__z                 DATA
 0002:00007ce0 000000acH .edata                  DATA
 0002:00007d8c 00000078H .idata$2                DATA
 0002:00007e04 00000014H .idata$3                DATA
 0002:00007e18 000002fcH .idata$4                DATA
 0002:00008114 00000bc8H .idata$6                DATA
 0003:00000000 00000aa0H .data                   DATA
 0003:00000aa0 00000098H .data$r                 DATA
 0003:00000b38 00000b80H .bss                    DATA
 0004:00000000 00000220H .rsrc$01                DATA
 0004:00000220 00004380H .rsrc$02                DATA

  Address         Publics by Value              Rva+Base       Lib:Object

 0000:00000000       ___guard_fids_count        00000000     <absolute>
 0000:00000000       ___guard_iat_count         00000000     <absolute>
 0000:00000000       ___hybrid_code_map_count   00000000     <absolute>
 0000:00000000       ___dynamic_value_reloc_table 00000000     <absolute>
 0000:00000000       ___guard_longjmp_count     00000000     <absolute>
 0000:00000000       __except_list              00000000     <absolute>
 0000:00000000       ___guard_fids_table        00000000     <absolute>
 0000:00000000       ___guard_longjmp_table     00000000     <absolute>
 0000:00000000       ___hybrid_auxiliary_iat    00000000     <absolute>
 0000:00000000       ___guard_iat_table         00000000     <absolute>
 0000:00000000       ___volatile_metadata       00000000     <absolute>
 0000:00000000       ___enclave_config          00000000     <absolute>
 0000:00000000       ___AbsoluteZero            00000000     <absolute>
 0000:00000000       ___hybrid_code_map         00000000     <absolute>
 0000:00000007       ___safe_se_handler_count   00000007     <absolute>
 0000:0000002c       __tls_array                0000002c     <absolute>
 0000:00000100       ___guard_flags             00000100     <absolute>
 0000:00000000       ___ImageBase               10000000     <linker-defined>
 0001:00000080       ?DupWide@_CW@@AAEXXZ       10001080 f   CWString.obj
 0001:0000009c       ?cw_dup@@YGXPBDAAHAAPA_W1@Z 1000109c f   CWString.obj
 0001:0000010b       ?cw_memcpy@@YGHPA_WPBDH@Z  1000110b f   CWString.obj
 0001:00000137       ?cw_strcpy@@YAHPA_WPBD@Z   10001137 f   CWString.obj
 0001:0000014a       ?cw_strlen@@YAHPBD@Z       1000114a f   CWString.obj
 0001:00000163       ??0CAtlComModule@ATL@@QAE@XZ 10001163 f i OposVariant.obj
 0001:000001a8       ??0CAtlWinModule@ATL@@QAE@XZ 100011a8 f i OposVariant.obj
 0001:000001df       ??0OposDispParms@@QAE@PAVOposVariant@@H@Z 100011df f   OposVariant.obj
 0001:00000250       ??1OposDispParms@@QAE@XZ   10001250 f   OposVariant.obj
 0001:0000025e       ??A?$CSimpleArray@GV?$CSimpleArrayEqualHelper@G@ATL@@@ATL@@QAEAAGH@Z 1000125e f i OposVariant.obj
 0001:00000283       ??_Estringdispid@CComTypeInfoHolder@ATL@@QAEPAXI@Z 10001283 f i OposVariant.obj
 0001:000002ef       ?AtlWinModuleInit@ATL@@YGJPAU_ATL_WIN_MODULE70@1@@Z 100012ef f i OposVariant.obj
 0001:00000315       ?AtlWinModuleTerm@ATL@@YGJPAU_ATL_WIN_MODULE70@1@PAUHINSTANCE__@@@Z 10001315 f i OposVariant.obj
 0001:00000378       ?ChangeBSTR@OposVariant@@QAEXPAPA_WAAJ@Z 10001378 f   OposVariant.obj
 0001:000003b9       ?ChangeLONG@OposVariant@@QAEXPAJAAJ@Z 100013b9 f   OposVariant.obj
 0001:000003fa       ?GetLONG@OposVariant@@QAEJXZ 100013fa f   OposVariant.obj
 0001:00000415       ?Init@CComCriticalSection@ATL@@QAEJXZ 10001415 f i OposVariant.obj
 0001:0000043d       ?RemoveAll@?$CSimpleArray@GV?$CSimpleArrayEqualHelper@G@ATL@@@ATL@@QAEXXZ 1000143d f i OposVariant.obj
 0001:0000043d       ?RemoveAll@?$CSimpleArray@PAUHINSTANCE__@@V?$CSimpleArrayEqualHelper@PAUHINSTANCE__@@@ATL@@@ATL@@QAEXXZ 1000143d f i atls:atlbase.obj
 0001:0000045a       ?SetBSTR@OposVariant@@QAEXPA_WAAJ@Z 1000145a f   OposVariant.obj
 0001:0000048e       ?SetBSTR_Copy@OposVariant@@QAEXPA_WAAJ@Z 1000148e f   OposVariant.obj
 0001:000004de       ?SetBSTR_InOutPtr@OposVariant@@QAE_NPAPA_WAAJ@Z 100014de f   OposVariant.obj
 0001:00000515       ?SetDispatch_Ptr@OposVariant@@QAEXPAUIDispatch@@AAJ@Z 10001515 f   OposVariant.obj
 0001:00000550       ?SetLONG@OposVariant@@QAEXJ@Z 10001550 f   OposVariant.obj
 0001:00000572       ?SetLONG_Ptr@OposVariant@@QAEXPAJAAJ@Z 10001572 f   OposVariant.obj
 0001:000005a5       ?SetString@OposVariant@@QAEXPB_WAAJ@Z 100015a5 f   OposVariant.obj
 0001:000005eb       ?SetVARIANT_BOOL@OposVariant@@QAEXF@Z 100015eb f   OposVariant.obj
 0001:00000615       ?Term@CAtlComModule@ATL@@QAEXXZ 10001615 f i OposVariant.obj
 0001:0000065f       ?_AtlRaiseException@ATL@@YAXKK@Z 1000165f f i OposVariant.obj
 0001:00000674       ?AddRef@?$CComObjectCached@VCComClassFactory@ATL@@@ATL@@UAGKXZ 10001674 f i SmartCardRW.obj
 0001:0000069b       ?Release@?$CComObjectCached@VCComClassFactory@ATL@@@ATL@@UAGKXZ 1000169b f i SmartCardRW.obj
 0001:000006d1       ?QueryInterface@?$CComObjectCached@VCComClassFactory@ATL@@@ATL@@UAGJABU_GUID@@PAPAX@Z 100016d1 f i SmartCardRW.obj
 0001:000006eb       ??_G?$CComObjectCached@VCComClassFactory@ATL@@@ATL@@UAEPAXI@Z 100016eb f i SmartCardRW.obj
 0001:000006eb       ??_E?$CComObjectCached@VCComClassFactory@ATL@@@ATL@@UAEPAXI@Z 100016eb f i SmartCardRW.obj
 0001:0000070d       ?AddRef@?$CComAggObject@VCOPOSSmartCardRW@@@ATL@@UAGKXZ 1000170d f i SmartCardRW.obj
 0001:0000071e       ?Release@?$CComAggObject@VCOPOSSmartCardRW@@@ATL@@UAGKXZ 1000171e f i SmartCardRW.obj
 0001:0000075a       ?QueryInterface@?$CComAggObject@VCOPOSSmartCardRW@@@ATL@@UAGJABU_GUID@@PAPAX@Z 1000175a f i SmartCardRW.obj
 0001:000007a9       ?AddRef@?$CComContainedObject@VCOPOSSmartCardRW@@@ATL@@UAGKXZ 100017a9 f i SmartCardRW.obj
 0001:000007bf       ?Release@?$CComContainedObject@VCOPOSSmartCardRW@@@ATL@@UAGKXZ 100017bf f i SmartCardRW.obj
 0001:000007d5       ?QueryInterface@?$CComContainedObject@VCOPOSSmartCardRW@@@ATL@@UAGJABU_GUID@@PAPAX@Z 100017d5 f i SmartCardRW.obj
 0001:000007f0       ??_G?$CComAggObject@VCOPOSSmartCardRW@@@ATL@@UAEPAXI@Z 100017f0 f i SmartCardRW.obj
 0001:000007f0       ??_E?$CComAggObject@VCOPOSSmartCardRW@@@ATL@@UAEPAXI@Z 100017f0 f i SmartCardRW.obj
 0001:00000815       ?AddRef@?$CComObject@VCOPOSSmartCardRW@@@ATL@@UAGKXZ 10001815 f i SmartCardRW.obj
 0001:0000082c       ?Release@?$CComObject@VCOPOSSmartCardRW@@@ATL@@UAGKXZ 1000182c f i SmartCardRW.obj
 0001:0000086e       ?QueryInterface@?$CComObject@VCOPOSSmartCardRW@@@ATL@@UAGJABU_GUID@@PAPAX@Z 1000186e f i SmartCardRW.obj
 0001:00000888       ?Lock@CAtlModule@ATL@@UAEJXZ 10001888 f i SmartCardRW.obj
 0001:00000892       ?Unlock@CAtlModule@ATL@@UAEJXZ 10001892 f i SmartCardRW.obj
 0001:0000089c       ?GetLockCount@CAtlModule@ATL@@UAEJXZ 1000189c f i SmartCardRW.obj
 0001:000008a0       ?GetGITPtr@CAtlModule@ATL@@UAEJPAPAUIGlobalInterfaceTable@@@Z 100018a0 f i SmartCardRW.obj
 0001:000008ec       ?AddCommonRGSReplacements@?$CAtlModuleT@VCComModule@ATL@@@ATL@@UAEJPAUIRegistrarBase@@@Z 100018ec f i SmartCardRW.obj
 0001:00000906       ?UpdateRegistryFromResourceD@CComModule@ATL@@UAGJIHPAU_ATL_REGMAP_ENTRY@2@@Z 10001906 f i SmartCardRW.obj
 0001:00000906       ?UpdateRegistryFromResourceD@CComModule@ATL@@UAGJPB_WHPAU_ATL_REGMAP_ENTRY@2@@Z 10001906 f i SmartCardRW.obj
 0001:0000090e       ?UpdateRegistryFromResource@CComModule@ATL@@UAGJPB_WHPAU_ATL_REGMAP_ENTRY@2@@Z 1000190e f i SmartCardRW.obj
 0001:00000917       ?UpdateRegistryFromResource@CComModule@ATL@@UAGJIHPAU_ATL_REGMAP_ENTRY@2@@Z 10001917 f i SmartCardRW.obj
 0001:00000920       ??_GCComModule@ATL@@UAEPAXI@Z 10001920 f i SmartCardRW.obj
 0001:00000920       ??_ECComModule@ATL@@UAEPAXI@Z 10001920 f i SmartCardRW.obj
 0001:00000948       ?OnDrawAdvanced@CComControlBase@ATL@@UAEJAAUATL_DRAWINFO@@@Z 10001948 f i SmartCardRW.obj
 0001:00000a37       ?Next@?$CComEnumImpl@UIEnumConnections@@$1?_GUID_b196b287_bab4_101a_b69c_00aa00341d07@@3U__s_GUID@@BUtagCONNECTDATA@@V?$_Copy@UtagCONNECTDATA@@@ATL@@@ATL@@UAGJKPAUtagCONNECTDATA@@PAK@Z 10001a37 f i SmartCardRW.obj
 0001:00000b0e       ?Skip@?$CComEnumImpl@UIEnumConnections@@$1?_GUID_b196b287_bab4_101a_b69c_00aa00341d07@@3U__s_GUID@@BUtagCONNECTDATA@@V?$_Copy@UtagCONNECTDATA@@@ATL@@@ATL@@UAGJK@Z 10001b0e f i SmartCardRW.obj
 0001:00000b3b       ?Reset@?$CComEnumImpl@UIEnumConnections@@$1?_GUID_b196b287_bab4_101a_b69c_00aa00341d07@@3U__s_GUID@@BUtagCONNECTDATA@@V?$_Copy@UtagCONNECTDATA@@@ATL@@@ATL@@UAGJXZ 10001b3b f i SmartCardRW.obj
 0001:00000b3b       ?Reset@?$CComEnumImpl@UIEnumConnectionPoints@@$1?_GUID_b196b285_bab4_101a_b69c_00aa00341d07@@3U__s_GUID@@BPAUIConnectionPoint@@V?$_CopyInterface@UIConnectionPoint@@@ATL@@@ATL@@UAGJXZ 10001b3b f i SmartCardRW.obj
 0001:00000b4d       ?Clone@?$CComEnumImpl@UIEnumConnections@@$1?_GUID_b196b287_bab4_101a_b69c_00aa00341d07@@3U__s_GUID@@BUtagCONNECTDATA@@V?$_Copy@UtagCONNECTDATA@@@ATL@@@ATL@@UAGJPAPAUIEnumConnections@@@Z 10001b4d f i SmartCardRW.obj
 0001:00000c2e       ?AddRef@?$CComObject@V?$CComEnum@UIEnumConnectionPoints@@$1?_GUID_b196b285_bab4_101a_b69c_00aa00341d07@@3U__s_GUID@@BPAUIConnectionPoint@@V?$_CopyInterface@UIConnectionPoint@@@ATL@@VCComSingleThreadModel@6@@ATL@@@ATL@@UAGKXZ 10001c2e f i SmartCardRW.obj
 0001:00000c2e       ?AddRef@?$CComObject@V?$CComEnum@UIEnumConnections@@$1?_GUID_b196b287_bab4_101a_b69c_00aa00341d07@@3U__s_GUID@@BUtagCONNECTDATA@@V?$_Copy@UtagCONNECTDATA@@@ATL@@VCComSingleThreadModel@6@@ATL@@@ATL@@UAGKXZ 10001c2e f i SmartCardRW.obj
 0001:00000c3f       ?Release@?$CComObject@V?$CComEnum@UIEnumConnectionPoints@@$1?_GUID_b196b285_bab4_101a_b69c_00aa00341d07@@3U__s_GUID@@BPAUIConnectionPoint@@V?$_CopyInterface@UIConnectionPoint@@@ATL@@VCComSingleThreadModel@6@@ATL@@@ATL@@UAGKXZ 10001c3f f i SmartCardRW.obj
 0001:00000c3f       ?Release@?$CComObject@V?$CComEnum@UIEnumConnections@@$1?_GUID_b196b287_bab4_101a_b69c_00aa00341d07@@3U__s_GUID@@BUtagCONNECTDATA@@V?$_Copy@UtagCONNECTDATA@@@ATL@@VCComSingleThreadModel@6@@ATL@@@ATL@@UAGKXZ 10001c3f f i SmartCardRW.obj
 0001:00000c7b       ?QueryInterface@?$CComObject@V?$CComEnum@UIEnumConnections@@$1?_GUID_b196b287_bab4_101a_b69c_00aa00341d07@@3U__s_GUID@@BUtagCONNECTDATA@@V?$_Copy@UtagCONNECTDATA@@@ATL@@VCComSingleThreadModel@6@@ATL@@@ATL@@UAGJABU_GUID@@PAPAX@Z 10001c7b f i SmartCardRW.obj
 0001:00000c95       ??_G?$CComObject@V?$CComEnum@UIEnumConnections@@$1?_GUID_b196b287_bab4_101a_b69c_00aa00341d07@@3U__s_GUID@@BUtagCONNECTDATA@@V?$_Copy@UtagCONNECTDATA@@@ATL@@VCComSingleThreadModel@6@@ATL@@@ATL@@UAEPAXI@Z 10001c95 f i SmartCardRW.obj
 0001:00000c95       ??_E?$CComObject@V?$CComEnum@UIEnumConnections@@$1?_GUID_b196b287_bab4_101a_b69c_00aa00341d07@@3U__s_GUID@@BUtagCONNECTDATA@@V?$_Copy@UtagCONNECTDATA@@@ATL@@VCComSingleThreadModel@6@@ATL@@@ATL@@UAEPAXI@Z 10001c95 f i SmartCardRW.obj
 0001:00000cb7       ?GetRect@?$IViewObjectExImpl@VCOPOSSmartCardRW@@@ATL@@UAGJKPAU_RECTL@@@Z 10001cb7 f i SmartCardRW.obj
 0001:00000cb7       ?GetDataHere@?$IDataObjectImpl@VCOPOSSmartCardRW@@@ATL@@UAGJPAUtagFORMATETC@@PAUtagSTGMEDIUM@@@Z 10001cb7 f i SmartCardRW.obj
 0001:00000cb7       ?GetCanonicalFormatEtc@?$IDataObjectImpl@VCOPOSSmartCardRW@@@ATL@@UAGJPAUtagFORMATETC@@0@Z 10001cb7 f i SmartCardRW.obj
 0001:00000cb7       ?QueryInterface@CRegObject@ATL@@UAGJABU_GUID@@PAPAX@Z 10001cb7 f i SmartCardRW.obj
 0001:00000cb7       ?EnumFormatEtc@?$IDataObjectImpl@VCOPOSSmartCardRW@@@ATL@@UAGJKPAPAUIEnumFORMATETC@@@Z 10001cb7 f i SmartCardRW.obj
 0001:00000cb7       ?SetMoniker@?$IOleObjectImpl@VCOPOSSmartCardRW@@@ATL@@UAGJKPAUIMoniker@@@Z 10001cb7 f i SmartCardRW.obj
 0001:00000cb7       ?GetClipboardData@?$IOleObjectImpl@VCOPOSSmartCardRW@@@ATL@@UAGJKPAPAUIDataObject@@@Z 10001cb7 f i SmartCardRW.obj
 0001:00000cbf       ?AddRef@CRegObject@ATL@@UAGKXZ 10001cbf f i SmartCardRW.obj
 0001:00000cc5       ?HandsOffStorage@?$IPersistStorageImpl@VCOPOSSmartCardRW@@@ATL@@UAGJXZ 10001cc5 f i SmartCardRW.obj
 0001:00000cc5       ?Update@?$IOleObjectImpl@VCOPOSSmartCardRW@@@ATL@@UAGJXZ 10001cc5 f i SmartCardRW.obj
 0001:00000cc5       ?Release@CRegObject@ATL@@UAGKXZ 10001cc5 f i SmartCardRW.obj
 0001:00000cc5       ?IsUpToDate@?$IOleObjectImpl@VCOPOSSmartCardRW@@@ATL@@UAGJXZ 10001cc5 f i SmartCardRW.obj
 0001:00000cca       ?AddReplacement@CRegObject@ATL@@UAGJPB_W0@Z 10001cca f i SmartCardRW.obj
 0001:00000d03       ?ClearReplacements@CRegObject@ATL@@UAGJXZ 10001d03 f i SmartCardRW.obj
 0001:00000d15       ??_ECRegObject@ATL@@UAEPAXI@Z 10001d15 f i SmartCardRW.obj
 0001:00000d15       ??_GCRegObject@ATL@@UAEPAXI@Z 10001d15 f i SmartCardRW.obj
 0001:00000d37       ??_E?$CComObject@VCOPOSSmartCardRW@@@ATL@@W3AEPAXI@Z 10001d37 f i SmartCardRW.obj
 0001:00000d3f       ??_E?$CComObject@VCOPOSSmartCardRW@@@ATL@@WEM@AEPAXI@Z 10001d3f f i SmartCardRW.obj
 0001:00000d47       ?QueryInterface@?$CComObject@VCOPOSSmartCardRW@@@ATL@@WHA@AGJABU_GUID@@PAPAX@Z 10001d47 f i SmartCardRW.obj
 0001:00000d51       ?AddRef@?$CComObject@VCOPOSSmartCardRW@@@ATL@@WHA@AGKXZ 10001d51 f i SmartCardRW.obj
 0001:00000d5b       ?Release@?$CComObject@VCOPOSSmartCardRW@@@ATL@@WHA@AGKXZ 10001d5b f i SmartCardRW.obj
 0001:00000d65       ?QueryInterface@?$CComObject@VCOPOSSmartCardRW@@@ATL@@WHE@AGJABU_GUID@@PAPAX@Z 10001d65 f i SmartCardRW.obj
 0001:00000d6f       ?AddRef@?$CComObject@VCOPOSSmartCardRW@@@ATL@@WHE@AGKXZ 10001d6f f i SmartCardRW.obj
 0001:00000d79       ?Release@?$CComObject@VCOPOSSmartCardRW@@@ATL@@WHE@AGKXZ 10001d79 f i SmartCardRW.obj
 0001:00000d83       ?QueryInterface@?$CComObject@VCOPOSSmartCardRW@@@ATL@@WHI@AGJABU_GUID@@PAPAX@Z 10001d83 f i SmartCardRW.obj
 0001:00000d8d       ?AddRef@?$CComObject@VCOPOSSmartCardRW@@@ATL@@WHI@AGKXZ 10001d8d f i SmartCardRW.obj
 0001:00000d97       ?Release@?$CComObject@VCOPOSSmartCardRW@@@ATL@@WHI@AGKXZ 10001d97 f i SmartCardRW.obj
 0001:00000da1       ?QueryInterface@?$CComObject@VCOPOSSmartCardRW@@@ATL@@WHM@AGJABU_GUID@@PAPAX@Z 10001da1 f i SmartCardRW.obj
 0001:00000dab       ?AddRef@?$CComObject@VCOPOSSmartCardRW@@@ATL@@WHM@AGKXZ 10001dab f i SmartCardRW.obj
 0001:00000db5       ?Release@?$CComObject@VCOPOSSmartCardRW@@@ATL@@WHM@AGKXZ 10001db5 f i SmartCardRW.obj
 0001:00000dbf       ?QueryInterface@?$CComObject@VCOPOSSmartCardRW@@@ATL@@WIA@AGJABU_GUID@@PAPAX@Z 10001dbf f i SmartCardRW.obj
 0001:00000dcc       ?AddRef@?$CComObject@VCOPOSSmartCardRW@@@ATL@@WIA@AGKXZ 10001dcc f i SmartCardRW.obj
 0001:00000dd9       ?Release@?$CComObject@VCOPOSSmartCardRW@@@ATL@@WIA@AGKXZ 10001dd9 f i SmartCardRW.obj
 0001:00000de6       ?QueryInterface@?$CComObject@VCOPOSSmartCardRW@@@ATL@@WIE@AGJABU_GUID@@PAPAX@Z 10001de6 f i SmartCardRW.obj
 0001:00000df3       ?AddRef@?$CComObject@VCOPOSSmartCardRW@@@ATL@@WIE@AGKXZ 10001df3 f i SmartCardRW.obj
 0001:00000e00       ?Release@?$CComObject@VCOPOSSmartCardRW@@@ATL@@WIE@AGKXZ 10001e00 f i SmartCardRW.obj
 0001:00000e0d       ?QueryInterface@?$CComObject@VCOPOSSmartCardRW@@@ATL@@WII@AGJABU_GUID@@PAPAX@Z 10001e0d f i SmartCardRW.obj
 0001:00000e1a       ?AddRef@?$CComObject@VCOPOSSmartCardRW@@@ATL@@WII@AGKXZ 10001e1a f i SmartCardRW.obj
 0001:00000e27       ?Release@?$CComObject@VCOPOSSmartCardRW@@@ATL@@WII@AGKXZ 10001e27 f i SmartCardRW.obj
 0001:00000e34       ?QueryInterface@?$CComObject@VCOPOSSmartCardRW@@@ATL@@WIM@AGJABU_GUID@@PAPAX@Z 10001e34 f i SmartCardRW.obj
 0001:00000e41       ?AddRef@?$CComObject@VCOPOSSmartCardRW@@@ATL@@WIM@AGKXZ 10001e41 f i SmartCardRW.obj
 0001:00000e4e       ?Release@?$CComObject@VCOPOSSmartCardRW@@@ATL@@WIM@AGKXZ 10001e4e f i SmartCardRW.obj
 0001:00000e5b       ?QueryInterface@?$CComObject@VCOPOSSmartCardRW@@@ATL@@WJA@AGJABU_GUID@@PAPAX@Z 10001e5b f i SmartCardRW.obj
 0001:00000e68       ?AddRef@?$CComObject@VCOPOSSmartCardRW@@@ATL@@WJA@AGKXZ 10001e68 f i SmartCardRW.obj
 0001:00000e75       ?Release@?$CComObject@VCOPOSSmartCardRW@@@ATL@@WJA@AGKXZ 10001e75 f i SmartCardRW.obj
 0001:00000e82       ?QueryInterface@?$CComObject@VCOPOSSmartCardRW@@@ATL@@WJE@AGJABU_GUID@@PAPAX@Z 10001e82 f i SmartCardRW.obj
 0001:00000e8f       ?AddRef@?$CComObject@VCOPOSSmartCardRW@@@ATL@@WJE@AGKXZ 10001e8f f i SmartCardRW.obj
 0001:00000e9c       ?Release@?$CComObject@VCOPOSSmartCardRW@@@ATL@@WJE@AGKXZ 10001e9c f i SmartCardRW.obj
 0001:00000ea9       ?QueryInterface@?$CComObject@VCOPOSSmartCardRW@@@ATL@@WJI@AGJABU_GUID@@PAPAX@Z 10001ea9 f i SmartCardRW.obj
 0001:00000eb6       ?AddRef@?$CComObject@VCOPOSSmartCardRW@@@ATL@@WJI@AGKXZ 10001eb6 f i SmartCardRW.obj
 0001:00000ec3       ?Release@?$CComObject@VCOPOSSmartCardRW@@@ATL@@WJI@AGKXZ 10001ec3 f i SmartCardRW.obj
 0001:00000ed0       ?QueryInterface@?$CComObject@VCOPOSSmartCardRW@@@ATL@@WJM@AGJABU_GUID@@PAPAX@Z 10001ed0 f i SmartCardRW.obj
 0001:00000edd       ?AddRef@?$CComObject@VCOPOSSmartCardRW@@@ATL@@WJM@AGKXZ 10001edd f i SmartCardRW.obj
 0001:00000eea       ?Release@?$CComObject@VCOPOSSmartCardRW@@@ATL@@WJM@AGKXZ 10001eea f i SmartCardRW.obj
 0001:00000ef7       ?QueryInterface@?$CComObject@VCOPOSSmartCardRW@@@ATL@@WKA@AGJABU_GUID@@PAPAX@Z 10001ef7 f i SmartCardRW.obj
 0001:00000f04       ?AddRef@?$CComObject@VCOPOSSmartCardRW@@@ATL@@WKA@AGKXZ 10001f04 f i SmartCardRW.obj
 0001:00000f11       ?Release@?$CComObject@VCOPOSSmartCardRW@@@ATL@@WKA@AGKXZ 10001f11 f i SmartCardRW.obj
 0001:00000f1e       ?AddRef@?$CComObject@VCOPOSSmartCardRW@@@ATL@@WKI@AGKXZ 10001f1e f i SmartCardRW.obj
 0001:00000f2b       ?Release@?$CComObject@VCOPOSSmartCardRW@@@ATL@@WKI@AGKXZ 10001f2b f i SmartCardRW.obj
 0001:00000f38       ?AddRef@?$CComObject@VCOPOSSmartCardRW@@@ATL@@WLE@AGKXZ 10001f38 f i SmartCardRW.obj
 0001:00000f45       ?Release@?$CComObject@VCOPOSSmartCardRW@@@ATL@@WLE@AGKXZ 10001f45 f i SmartCardRW.obj
 0001:00000f52       ??_E?$CComContainedObject@VCOPOSSmartCardRW@@@ATL@@W3AEPAXI@Z 10001f52 f i SmartCardRW.obj
 0001:00000f5a       ??_E?$CComContainedObject@VCOPOSSmartCardRW@@@ATL@@WEM@AEPAXI@Z 10001f5a f i SmartCardRW.obj
 0001:00000f62       ?QueryInterface@?$CComContainedObject@VCOPOSSmartCardRW@@@ATL@@WHA@AGJABU_GUID@@PAPAX@Z 10001f62 f i SmartCardRW.obj
 0001:00000f6c       ?AddRef@?$CComContainedObject@VCOPOSSmartCardRW@@@ATL@@WHA@AGKXZ 10001f6c f i SmartCardRW.obj
 0001:00000f76       ?Release@?$CComContainedObject@VCOPOSSmartCardRW@@@ATL@@WHA@AGKXZ 10001f76 f i SmartCardRW.obj
 0001:00000f80       ?QueryInterface@?$CComContainedObject@VCOPOSSmartCardRW@@@ATL@@WHE@AGJABU_GUID@@PAPAX@Z 10001f80 f i SmartCardRW.obj
 0001:00000f8a       ?AddRef@?$CComContainedObject@VCOPOSSmartCardRW@@@ATL@@WHE@AGKXZ 10001f8a f i SmartCardRW.obj
 0001:00000f94       ?Release@?$CComContainedObject@VCOPOSSmartCardRW@@@ATL@@WHE@AGKXZ 10001f94 f i SmartCardRW.obj
 0001:00000f9e       ?QueryInterface@?$CComContainedObject@VCOPOSSmartCardRW@@@ATL@@WHI@AGJABU_GUID@@PAPAX@Z 10001f9e f i SmartCardRW.obj
 0001:00000fa8       ?AddRef@?$CComContainedObject@VCOPOSSmartCardRW@@@ATL@@WHI@AGKXZ 10001fa8 f i SmartCardRW.obj
 0001:00000fb2       ?Release@?$CComContainedObject@VCOPOSSmartCardRW@@@ATL@@WHI@AGKXZ 10001fb2 f i SmartCardRW.obj
 0001:00000fbc       ?QueryInterface@?$CComContainedObject@VCOPOSSmartCardRW@@@ATL@@WHM@AGJABU_GUID@@PAPAX@Z 10001fbc f i SmartCardRW.obj
 0001:00000fc6       ?AddRef@?$CComContainedObject@VCOPOSSmartCardRW@@@ATL@@WHM@AGKXZ 10001fc6 f i SmartCardRW.obj
 0001:00000fd0       ?Release@?$CComContainedObject@VCOPOSSmartCardRW@@@ATL@@WHM@AGKXZ 10001fd0 f i SmartCardRW.obj
 0001:00000fda       ?QueryInterface@?$CComContainedObject@VCOPOSSmartCardRW@@@ATL@@WIA@AGJABU_GUID@@PAPAX@Z 10001fda f i SmartCardRW.obj
 0001:00000fe7       ?AddRef@?$CComContainedObject@VCOPOSSmartCardRW@@@ATL@@WIA@AGKXZ 10001fe7 f i SmartCardRW.obj
 0001:00000ff4       ?Release@?$CComContainedObject@VCOPOSSmartCardRW@@@ATL@@WIA@AGKXZ 10001ff4 f i SmartCardRW.obj
 0001:00001001       ?QueryInterface@?$CComContainedObject@VCOPOSSmartCardRW@@@ATL@@WIE@AGJABU_GUID@@PAPAX@Z 10002001 f i SmartCardRW.obj
 0001:0000100e       ?AddRef@?$CComContainedObject@VCOPOSSmartCardRW@@@ATL@@WIE@AGKXZ 1000200e f i SmartCardRW.obj
 0001:0000101b       ?Release@?$CComContainedObject@VCOPOSSmartCardRW@@@ATL@@WIE@AGKXZ 1000201b f i SmartCardRW.obj
 0001:00001028       ?QueryInterface@?$CComContainedObject@VCOPOSSmartCardRW@@@ATL@@WII@AGJABU_GUID@@PAPAX@Z 10002028 f i SmartCardRW.obj
 0001:00001035       ?AddRef@?$CComContainedObject@VCOPOSSmartCardRW@@@ATL@@WII@AGKXZ 10002035 f i SmartCardRW.obj
 0001:00001042       ?Release@?$CComContainedObject@VCOPOSSmartCardRW@@@ATL@@WII@AGKXZ 10002042 f i SmartCardRW.obj
 0001:0000104f       ?QueryInterface@?$CComContainedObject@VCOPOSSmartCardRW@@@ATL@@WIM@AGJABU_GUID@@PAPAX@Z 1000204f f i SmartCardRW.obj
 0001:0000105c       ?AddRef@?$CComContainedObject@VCOPOSSmartCardRW@@@ATL@@WIM@AGKXZ 1000205c f i SmartCardRW.obj
 0001:00001069       ?Release@?$CComContainedObject@VCOPOSSmartCardRW@@@ATL@@WIM@AGKXZ 10002069 f i SmartCardRW.obj
 0001:00001076       ?QueryInterface@?$CComContainedObject@VCOPOSSmartCardRW@@@ATL@@WJA@AGJABU_GUID@@PAPAX@Z 10002076 f i SmartCardRW.obj
 0001:00001083       ?AddRef@?$CComContainedObject@VCOPOSSmartCardRW@@@ATL@@WJA@AGKXZ 10002083 f i SmartCardRW.obj
 0001:00001090       ?Release@?$CComContainedObject@VCOPOSSmartCardRW@@@ATL@@WJA@AGKXZ 10002090 f i SmartCardRW.obj
 0001:0000109d       ?QueryInterface@?$CComContainedObject@VCOPOSSmartCardRW@@@ATL@@WJE@AGJABU_GUID@@PAPAX@Z 1000209d f i SmartCardRW.obj
 0001:000010aa       ?AddRef@?$CComContainedObject@VCOPOSSmartCardRW@@@ATL@@WJE@AGKXZ 100020aa f i SmartCardRW.obj
 0001:000010b7       ?Release@?$CComContainedObject@VCOPOSSmartCardRW@@@ATL@@WJE@AGKXZ 100020b7 f i SmartCardRW.obj
 0001:000010c4       ?QueryInterface@?$CComContainedObject@VCOPOSSmartCardRW@@@ATL@@WJI@AGJABU_GUID@@PAPAX@Z 100020c4 f i SmartCardRW.obj
 0001:000010d1       ?AddRef@?$CComContainedObject@VCOPOSSmartCardRW@@@ATL@@WJI@AGKXZ 100020d1 f i SmartCardRW.obj
 0001:000010de       ?Release@?$CComContainedObject@VCOPOSSmartCardRW@@@ATL@@WJI@AGKXZ 100020de f i SmartCardRW.obj
 0001:000010eb       ?QueryInterface@?$CComContainedObject@VCOPOSSmartCardRW@@@ATL@@WJM@AGJABU_GUID@@PAPAX@Z 100020eb f i SmartCardRW.obj
 0001:000010f8       ?AddRef@?$CComContainedObject@VCOPOSSmartCardRW@@@ATL@@WJM@AGKXZ 100020f8 f i SmartCardRW.obj
 0001:00001105       ?Release@?$CComContainedObject@VCOPOSSmartCardRW@@@ATL@@WJM@AGKXZ 10002105 f i SmartCardRW.obj
 0001:00001112       ?QueryInterface@?$CComContainedObject@VCOPOSSmartCardRW@@@ATL@@WKA@AGJABU_GUID@@PAPAX@Z 10002112 f i SmartCardRW.obj
 0001:0000111f       ?AddRef@?$CComContainedObject@VCOPOSSmartCardRW@@@ATL@@WKA@AGKXZ 1000211f f i SmartCardRW.obj
 0001:0000112c       ?Release@?$CComContainedObject@VCOPOSSmartCardRW@@@ATL@@WKA@AGKXZ 1000212c f i SmartCardRW.obj
 0001:00001139       ?AddRef@?$CComContainedObject@VCOPOSSmartCardRW@@@ATL@@WKI@AGKXZ 10002139 f i SmartCardRW.obj
 0001:00001146       ?Release@?$CComContainedObject@VCOPOSSmartCardRW@@@ATL@@WKI@AGKXZ 10002146 f i SmartCardRW.obj
 0001:00001153       ?AddRef@?$CComContainedObject@VCOPOSSmartCardRW@@@ATL@@WLE@AGKXZ 10002153 f i SmartCardRW.obj
 0001:00001160       ?Release@?$CComContainedObject@VCOPOSSmartCardRW@@@ATL@@WLE@AGKXZ 10002160 f i SmartCardRW.obj
 0001:0000116d       ?GetWindowProc@?$CWindowImplBaseT@VCWindow@ATL@@V?$CWinTraits@$0FGAAAAAA@$0A@@2@@ATL@@UAEP6GJPAUHWND__@@IIJ@ZXZ 1000216d f i SmartCardRW.obj
 0001:00001173       ?StartWindowProc@?$CWindowImplBaseT@VCWindow@ATL@@V?$CWinTraits@$0FGAAAAAA@$0A@@2@@ATL@@SGJPAUHWND__@@IIJ@Z 10002173 f i SmartCardRW.obj
 0001:000011c7       ?ObjectMain@CComObjectRootBase@ATL@@SGX_N@Z 100021c7 f i SmartCardRW.obj
 0001:000011c7       ?OnFinalMessage@?$CWindowImplBaseT@VCWindow@ATL@@V?$CWinTraits@$0FGAAAAAA@$0A@@2@@ATL@@UAEXPAUHWND__@@@Z 100021c7 f i SmartCardRW.obj
 0001:000011ca       ?GetTypeInfoCount@?$IDispatchImpl@UIOPOSSmartCardRW@@$1?IID_IOPOSSmartCardRW@@3U_GUID@@B$1?LIBID_OposSmartCardRW_CCO@@3U3@B$00$0A@VCComTypeInfoHolder@ATL@@@ATL@@UAGJPAI@Z 100021ca f i SmartCardRW.obj
 0001:000011e7       ?GetTypeInfo@?$IDispatchImpl@UIOPOSSmartCardRW@@$1?IID_IOPOSSmartCardRW@@3U_GUID@@B$1?LIBID_OposSmartCardRW_CCO@@3U3@B$00$0A@VCComTypeInfoHolder@ATL@@@ATL@@UAGJIKPAPAUITypeInfo@@@Z 100021e7 f i SmartCardRW.obj
 0001:0000120b       ?GetIDsOfNames@?$IDispatchImpl@UIOPOSSmartCardRW@@$1?IID_IOPOSSmartCardRW@@3U_GUID@@B$1?LIBID_OposSmartCardRW_CCO@@3U3@B$00$0A@VCComTypeInfoHolder@ATL@@@ATL@@UAGJABU_GUID@@PAPA_WIKPAJ@Z 1000220b f i SmartCardRW.obj
 0001:0000122b       ?Invoke@?$IDispatchImpl@UIOPOSSmartCardRW@@$1?IID_IOPOSSmartCardRW@@3U_GUID@@B$1?LIBID_OposSmartCardRW_CCO@@3U3@B$00$0A@VCComTypeInfoHolder@ATL@@@ATL@@UAGJJABU_GUID@@KGPAUtagDISPPARAMS@@PAUtagVARIANT@@PAUtagEXCEPINFO@@PAI@Z 1000222b f i SmartCardRW.obj
 0001:00001239       ?CreateControlWindow@?$CComControl@VCOPOSSmartCardRW@@V?$CWindowImpl@VCOPOSSmartCardRW@@VCWindow@ATL@@V?$CWinTraits@$0FGAAAAAA@$0A@@3@@ATL@@@ATL@@UAEPAUHWND__@@PAU3@AAUtagRECT@@@Z 10002239 f i SmartCardRW.obj
 0001:00001268       ?ControlQueryInterface@?$CComControl@VCOPOSSmartCardRW@@V?$CWindowImpl@VCOPOSSmartCardRW@@VCWindow@ATL@@V?$CWinTraits@$0FGAAAAAA@$0A@@3@@ATL@@@ATL@@UAEJABU_GUID@@PAPAX@Z 10002268 f i SmartCardRW.obj
 0001:00001283       ?GetClassID@?$IPersistStorageImpl@VCOPOSSmartCardRW@@@ATL@@UAGJPAU_GUID@@@Z 10002283 f i SmartCardRW.obj
 0001:00001283       ?GetUserClassID@?$IOleObjectImpl@VCOPOSSmartCardRW@@@ATL@@UAGJPAU_GUID@@@Z 10002283 f i SmartCardRW.obj
 0001:00001283       ?GetClassID@?$IPersistStreamInitImpl@VCOPOSSmartCardRW@@@ATL@@UAGJPAU_GUID@@@Z 10002283 f i SmartCardRW.obj
 0001:000012a7       ?IsDirty@?$IPersistStreamInitImpl@VCOPOSSmartCardRW@@@ATL@@UAGJXZ 100022a7 f i SmartCardRW.obj
 0001:000012c6       ?Load@?$IPersistStreamInitImpl@VCOPOSSmartCardRW@@@ATL@@UAGJPAUIStream@@@Z 100022c6 f i SmartCardRW.obj
 0001:000012e5       ?Save@?$IPersistStreamInitImpl@VCOPOSSmartCardRW@@@ATL@@UAGJPAUIStream@@H@Z 100022e5 f i SmartCardRW.obj
 0001:00001307       ?GetSizeMax@?$IPersistStreamInitImpl@VCOPOSSmartCardRW@@@ATL@@UAGJPAT_ULARGE_INTEGER@@@Z 10002307 f i SmartCardRW.obj
 0001:000014bc       ?InitNew@?$IPersistStreamInitImpl@VCOPOSSmartCardRW@@@ATL@@UAGJXZ 100024bc f i SmartCardRW.obj
 0001:000014d9       ?GetControlInfo@?$IOleControlImpl@VCOPOSSmartCardRW@@@ATL@@UAGJPAUtagCONTROLINFO@@@Z 100024d9 f i SmartCardRW.obj
 0001:000014d9       ?ContextSensitiveHelp@?$IOleInPlaceActiveObjectImpl@VCOPOSSmartCardRW@@@ATL@@UAGJH@Z 100024d9 f i SmartCardRW.obj
 0001:000014d9       ?GetDropTarget@?$IOleInPlaceObjectWindowlessImpl@VCOPOSSmartCardRW@@@ATL@@UAGJPAPAUIDropTarget@@@Z 100024d9 f i SmartCardRW.obj
 0001:000014d9       ?ContextSensitiveHelp@?$IOleInPlaceObjectWindowlessImpl@VCOPOSSmartCardRW@@@ATL@@UAGJH@Z 100024d9 f i SmartCardRW.obj
 0001:000014d9       ?SetColorScheme@?$IOleObjectImpl@VCOPOSSmartCardRW@@@ATL@@UAGJPAUtagLOGPALETTE@@@Z 100024d9 f i SmartCardRW.obj
 0001:000014d9       ?Unfreeze@?$IViewObjectExImpl@VCOPOSSmartCardRW@@@ATL@@UAGJK@Z 100024d9 f i SmartCardRW.obj
 0001:000014d9       ?OnMnemonic@?$IOleControlImpl@VCOPOSSmartCardRW@@@ATL@@UAGJPAUtagMSG@@@Z 100024d9 f i SmartCardRW.obj
 0001:000014d9       ?QueryGetData@?$IDataObjectImpl@VCOPOSSmartCardRW@@@ATL@@UAGJPAUtagFORMATETC@@@Z 100024d9 f i SmartCardRW.obj
 0001:000014e1       ?SaveCompleted@?$IPersistStorageImpl@VCOPOSSmartCardRW@@@ATL@@UAGJPAUIStorage@@@Z 100024e1 f i SmartCardRW.obj
 0001:000014e1       ?OnAmbientPropertyChange@?$IOleControlImpl@VCOPOSSmartCardRW@@@ATL@@UAGJJ@Z 100024e1 f i SmartCardRW.obj
 0001:000014e1       ?OnFrameWindowActivate@?$IOleInPlaceActiveObjectImpl@VCOPOSSmartCardRW@@@ATL@@UAGJH@Z 100024e1 f i SmartCardRW.obj
 0001:000014e1       ?EnableModeless@?$IOleInPlaceActiveObjectImpl@VCOPOSSmartCardRW@@@ATL@@UAGJH@Z 100024e1 f i SmartCardRW.obj
 0001:000014e6       ?SetClientSite@?$IOleObjectImpl@VCOPOSSmartCardRW@@@ATL@@UAGJPAUIOleClientSite@@@Z 100024e6 f i SmartCardRW.obj
 0001:00001503       ?GetClientSite@?$IOleObjectImpl@VCOPOSSmartCardRW@@@ATL@@UAGJPAPAUIOleClientSite@@@Z 10002503 f i SmartCardRW.obj
 0001:00001520       ?SetHostNames@?$IOleObjectImpl@VCOPOSSmartCardRW@@@ATL@@UAGJPB_W0@Z 10002520 f i SmartCardRW.obj
 0001:00001525       ?Close@?$IOleObjectImpl@VCOPOSSmartCardRW@@@ATL@@UAGJK@Z 10002525 f i SmartCardRW.obj
 0001:00001542       ?SetData@?$IDataObjectImpl@VCOPOSSmartCardRW@@@ATL@@UAGJPAUtagFORMATETC@@PAUtagSTGMEDIUM@@H@Z 10002542 f i SmartCardRW.obj
 0001:00001542       ?GetMoniker@?$IOleObjectImpl@VCOPOSSmartCardRW@@@ATL@@UAGJKKPAPAUIMoniker@@@Z 10002542 f i SmartCardRW.obj
 0001:00001542       ?InitFromData@?$IOleObjectImpl@VCOPOSSmartCardRW@@@ATL@@UAGJPAUIDataObject@@HK@Z 10002542 f i SmartCardRW.obj
 0001:0000154a       ?DoVerb@?$IOleObjectImpl@VCOPOSSmartCardRW@@@ATL@@UAGJJPAUtagMSG@@PAUIOleClientSite@@JPAUHWND__@@PBUtagRECT@@@Z 1000254a f i SmartCardRW.obj
 0001:00001662       ?EnumVerbs@?$IOleObjectImpl@VCOPOSSmartCardRW@@@ATL@@UAGJPAPAUIEnumOLEVERB@@@Z 10002662 f i SmartCardRW.obj
 0001:00001684       ?GetUserType@?$IOleObjectImpl@VCOPOSSmartCardRW@@@ATL@@UAGJKPAPA_W@Z 10002684 f i SmartCardRW.obj
 0001:0000169c       ?SetExtent@?$IOleObjectImpl@VCOPOSSmartCardRW@@@ATL@@UAGJKPAUtagSIZE@@@Z 1000269c f i SmartCardRW.obj
 0001:000016bc       ?GetExtent@?$IOleObjectImpl@VCOPOSSmartCardRW@@@ATL@@UAGJKPAUtagSIZE@@@Z 100026bc f i SmartCardRW.obj
 0001:000016fa       ?Advise@?$IOleObjectImpl@VCOPOSSmartCardRW@@@ATL@@UAGJPAUIAdviseSink@@PAK@Z 100026fa f i SmartCardRW.obj
 0001:0000171a       ?Unadvise@?$IOleObjectImpl@VCOPOSSmartCardRW@@@ATL@@UAGJK@Z 1000271a f i SmartCardRW.obj
 0001:00001749       ?EnumAdvise@?$IOleObjectImpl@VCOPOSSmartCardRW@@@ATL@@UAGJPAPAUIEnumSTATDATA@@@Z 10002749 f i SmartCardRW.obj
 0001:00001789       ?GetMiscStatus@?$IOleObjectImpl@VCOPOSSmartCardRW@@@ATL@@UAGJKPAK@Z 10002789 f i SmartCardRW.obj
 0001:000017a1       ?GetWindow@?$IOleInPlaceActiveObjectImpl@VCOPOSSmartCardRW@@@ATL@@UAGJPAPAUHWND__@@@Z 100027a1 f i SmartCardRW.obj
 0001:000017ee       ?TranslateAcceleratorW@?$IOleInPlaceActiveObjectImpl@VCOPOSSmartCardRW@@@ATL@@UAGJPAUtagMSG@@@Z 100027ee f i SmartCardRW.obj
 0001:0000188c       ?OnDocWindowActivate@?$IOleInPlaceActiveObjectImpl@VCOPOSSmartCardRW@@@ATL@@UAGJH@Z 1000288c f i SmartCardRW.obj
 0001:000018ae       ?ResizeBorder@?$IOleInPlaceActiveObjectImpl@VCOPOSSmartCardRW@@@ATL@@UAGJPBUtagRECT@@PAUIOleInPlaceUIWindow@@H@Z 100028ae f i SmartCardRW.obj
 0001:000018b3       ?Draw@?$IViewObjectExImpl@VCOPOSSmartCardRW@@@ATL@@UAGJKJPAXPAUtagDVTARGETDEVICE@@PAUHDC__@@2PBU_RECTL@@3P6GHK@ZK@Z 100028b3 f i SmartCardRW.obj
 0001:000018e5       ?GetColorSet@?$IViewObjectExImpl@VCOPOSSmartCardRW@@@ATL@@UAGJKJPAXPAUtagDVTARGETDEVICE@@PAUHDC__@@PAPAUtagLOGPALETTE@@@Z 100028e5 f i SmartCardRW.obj
 0001:000018ed       ?Freeze@?$IViewObjectExImpl@VCOPOSSmartCardRW@@@ATL@@UAGJKJPAXPAK@Z 100028ed f i SmartCardRW.obj
 0001:000018f5       ?SetAdvise@?$IViewObjectExImpl@VCOPOSSmartCardRW@@@ATL@@UAGJKKPAUIAdviseSink@@@Z 100028f5 f i SmartCardRW.obj
 0001:00001914       ?GetAdvise@?$IViewObjectExImpl@VCOPOSSmartCardRW@@@ATL@@UAGJPAK0PAPAUIAdviseSink@@@Z 10002914 f i SmartCardRW.obj
 0001:00001949       ?GetExtent@?$IViewObjectExImpl@VCOPOSSmartCardRW@@@ATL@@UAGJKJPAUtagDVTARGETDEVICE@@PAUtagSIZE@@@Z 10002949 f i SmartCardRW.obj
 0001:0000197a       ?GetViewStatus@?$IViewObjectExImpl@VCOPOSSmartCardRW@@@ATL@@UAGJPAK@Z 1000297a f i SmartCardRW.obj
 0001:00001997       ?QueryHitPoint@?$IViewObjectExImpl@VCOPOSSmartCardRW@@@ATL@@UAGJKPBUtagRECT@@UtagPOINT@@JPAK@Z 10002997 f i SmartCardRW.obj
 0001:000019d8       ?QueryHitRect@?$IViewObjectExImpl@VCOPOSSmartCardRW@@@ATL@@UAGJKPBUtagRECT@@0JPAK@Z 100029d8 f i SmartCardRW.obj
 0001:00001a33       ?GetNaturalExtent@?$IViewObjectExImpl@VCOPOSSmartCardRW@@@ATL@@UAGJKJPAUtagDVTARGETDEVICE@@PAUHDC__@@PAUtagExtentInfo@@PAUtagSIZE@@@Z 10002a33 f i SmartCardRW.obj
 0001:00001a7e       ?GetWindow@?$IOleInPlaceObjectWindowlessImpl@VCOPOSSmartCardRW@@@ATL@@UAGJPAPAUHWND__@@@Z 10002a7e f i SmartCardRW.obj
 0001:00001acb       ?InPlaceDeactivate@?$IOleInPlaceObjectWindowlessImpl@VCOPOSSmartCardRW@@@ATL@@UAGJXZ 10002acb f i SmartCardRW.obj
 0001:00001ae5       ?UIDeactivate@?$IOleInPlaceObjectWindowlessImpl@VCOPOSSmartCardRW@@@ATL@@UAGJXZ 10002ae5 f i SmartCardRW.obj
 0001:00001aff       ?SetObjectRects@?$IOleInPlaceObjectWindowlessImpl@VCOPOSSmartCardRW@@@ATL@@UAGJPBUtagRECT@@0@Z 10002aff f i SmartCardRW.obj
 0001:00001b1f       ?ReactivateAndUndo@?$IOleInPlaceObjectWindowlessImpl@VCOPOSSmartCardRW@@@ATL@@UAGJXZ 10002b1f f i SmartCardRW.obj
 0001:00001b27       ?OnWindowMessage@?$IOleInPlaceObjectWindowlessImpl@VCOPOSSmartCardRW@@@ATL@@UAGJIIJPAJ@Z 10002b27 f i SmartCardRW.obj
 0001:00001b97       ?EnumConnectionPoints@?$IConnectionPointContainerImpl@VCOPOSSmartCardRW@@@ATL@@UAGJPAPAUIEnumConnectionPoints@@@Z 10002b97 f i SmartCardRW.obj
 0001:00001d11       ?FindConnectionPoint@?$IConnectionPointContainerImpl@VCOPOSSmartCardRW@@@ATL@@UAGJABU_GUID@@PAPAUIConnectionPoint@@@Z 10002d11 f i SmartCardRW.obj
 0001:00001db4       ?IsDirty@?$IPersistStorageImpl@VCOPOSSmartCardRW@@@ATL@@UAGJXZ 10002db4 f i SmartCardRW.obj
 0001:00001de8       ?InitNew@?$IPersistStorageImpl@VCOPOSSmartCardRW@@@ATL@@UAGJPAUIStorage@@@Z 10002de8 f i SmartCardRW.obj
 0001:00001e1c       ?Load@?$IPersistStorageImpl@VCOPOSSmartCardRW@@@ATL@@UAGJPAUIStorage@@@Z 10002e1c f i SmartCardRW.obj
 0001:00001e88       ?Save@?$IPersistStorageImpl@VCOPOSSmartCardRW@@@ATL@@UAGJPAUIStorage@@H@Z 10002e88 f i SmartCardRW.obj
 0001:00001efb       ?GetPages@?$ISpecifyPropertyPagesImpl@VCOPOSSmartCardRW@@@ATL@@UAGJPAUtagCAUUID@@@Z 10002efb f i SmartCardRW.obj
 0001:00001f12       ?QuickActivate@?$IQuickActivateImpl@VCOPOSSmartCardRW@@@ATL@@UAGJPAUtagQACONTAINER@@PAUtagQACONTROL@@@Z 10002f12 f i SmartCardRW.obj
 0001:00001f35       ?SetContentExtent@?$IQuickActivateImpl@VCOPOSSmartCardRW@@@ATL@@UAGJPAUtagSIZE@@@Z 10002f35 f i SmartCardRW.obj
 0001:00001f61       ?GetContentExtent@?$IQuickActivateImpl@VCOPOSSmartCardRW@@@ATL@@UAGJPAUtagSIZE@@@Z 10002f61 f i SmartCardRW.obj
 0001:00001f81       ?GetData@?$IDataObjectImpl@VCOPOSSmartCardRW@@@ATL@@UAGJPAUtagFORMATETC@@PAUtagSTGMEDIUM@@@Z 10002f81 f i SmartCardRW.obj
 0001:00001fa4       ?DAdvise@?$IDataObjectImpl@VCOPOSSmartCardRW@@@ATL@@UAGJPAUtagFORMATETC@@KPAUIAdviseSink@@PAK@Z 10002fa4 f i SmartCardRW.obj
 0001:00001fe5       ?DUnadvise@?$IDataObjectImpl@VCOPOSSmartCardRW@@@ATL@@UAGJK@Z 10002fe5 f i SmartCardRW.obj
 0001:00002013       ?EnumDAdvise@?$IDataObjectImpl@VCOPOSSmartCardRW@@@ATL@@UAGJPAPAUIEnumSTATDATA@@@Z 10003013 f i SmartCardRW.obj
 0001:00002052       ?GetClassInfoW@?$IProvideClassInfo2Impl@$1?CLSID_OPOSSmartCardRW@@3U_GUID@@B$1?DIID__IOPOSSmartCardRWEvents@@3U2@B$1?LIBID_OposSmartCardRW_CCO@@3U2@B$00$0A@VCComTypeInfoHolder@ATL@@@ATL@@UAGJPAPAUITypeInfo@@@Z 10003052 f i SmartCardRW.obj
 0001:00002068       ?GetGUID@?$IProvideClassInfo2Impl@$1?CLSID_OPOSSmartCardRW@@3U_GUID@@B$1?DIID__IOPOSSmartCardRWEvents@@3U2@B$1?LIBID_OposSmartCardRW_CCO@@3U2@B$00$0A@VCComTypeInfoHolder@ATL@@@ATL@@UAGJKPAU_GUID@@@Z 10003068 f i SmartCardRW.obj
 0001:000020a6       __get_startup_argv_mode    100030a6 f i LIBCMT:argv_mode.obj
 0001:000020a6       ?FAccessAllowed@?$IObjectSafetyImpl@VCOPOSSmartCardRW@@$02@ATL@@MAEHXZ 100030a6 f i SmartCardRW.obj
 0001:000020aa       ?GetInterfaceSafetyOptions@?$IObjectSafetyImpl@VCOPOSSmartCardRW@@$02@ATL@@UAGJABU_GUID@@PAK1@Z 100030aa f i SmartCardRW.obj
 0001:0000211e       ?SetInterfaceSafetyOptions@?$IObjectSafetyImpl@VCOPOSSmartCardRW@@$02@ATL@@UAGJABU_GUID@@KK@Z 1000311e f i SmartCardRW.obj
 0001:00002198       ?_LocCPQueryInterface@?$IConnectionPointImpl@VCOPOSSmartCardRW@@$1?IID_IPropertyNotifySink@@3U_GUID@@BVCComDynamicUnkArray@ATL@@@ATL@@UAGJABU_GUID@@PAPAX@Z 10003198 f i SmartCardRW.obj
 0001:00002198       ?_LocCPQueryInterface@?$IConnectionPointImpl@VCOPOSSmartCardRW@@$1?DIID__IOPOSSmartCardRWEvents@@3U_GUID@@BVCComDynamicUnkArray@ATL@@@ATL@@UAGJABU_GUID@@PAPAX@Z 10003198 f i SmartCardRW.obj
 0001:000021e5       ?GetConnectionInterface@?$IConnectionPointImpl@VCOPOSSmartCardRW@@$1?IID_IPropertyNotifySink@@3U_GUID@@BVCComDynamicUnkArray@ATL@@@ATL@@UAGJPAU_GUID@@@Z 100031e5 f i SmartCardRW.obj
 0001:00002209       ?GetConnectionPointContainer@?$IConnectionPointImpl@VCOPOSSmartCardRW@@$1?IID_IPropertyNotifySink@@3U_GUID@@BVCComDynamicUnkArray@ATL@@@ATL@@UAGJPAPAUIConnectionPointContainer@@@Z 10003209 f i SmartCardRW.obj
 0001:0000222c       ?Advise@?$IConnectionPointImpl@VCOPOSSmartCardRW@@$1?DIID__IOPOSSmartCardRWEvents@@3U_GUID@@BVCComDynamicUnkArray@ATL@@@ATL@@UAGJPAUIUnknown@@PAK@Z 1000322c f i SmartCardRW.obj
 0001:0000222c       ?Advise@?$IConnectionPointImpl@VCOPOSSmartCardRW@@$1?IID_IPropertyNotifySink@@3U_GUID@@BVCComDynamicUnkArray@ATL@@@ATL@@UAGJPAUIUnknown@@PAK@Z 1000322c f i SmartCardRW.obj
 0001:000022cd       ?Unadvise@?$IConnectionPointImpl@VCOPOSSmartCardRW@@$1?IID_IPropertyNotifySink@@3U_GUID@@BVCComDynamicUnkArray@ATL@@@ATL@@UAGJK@Z 100032cd f i SmartCardRW.obj
 0001:000022cd       ?Unadvise@?$IConnectionPointImpl@VCOPOSSmartCardRW@@$1?DIID__IOPOSSmartCardRWEvents@@3U_GUID@@BVCComDynamicUnkArray@ATL@@@ATL@@UAGJK@Z 100032cd f i SmartCardRW.obj
 0001:0000230d       ?EnumConnections@?$IConnectionPointImpl@VCOPOSSmartCardRW@@$1?DIID__IOPOSSmartCardRWEvents@@3U_GUID@@BVCComDynamicUnkArray@ATL@@@ATL@@UAGJPAPAUIEnumConnections@@@Z 1000330d f i SmartCardRW.obj
 0001:0000230d       ?EnumConnections@?$IConnectionPointImpl@VCOPOSSmartCardRW@@$1?IID_IPropertyNotifySink@@3U_GUID@@BVCComDynamicUnkArray@ATL@@@ATL@@UAGJPAPAUIEnumConnections@@@Z 1000330d f i SmartCardRW.obj
 0001:00002413       ?GetCategoryMap@CComObjectRootBase@ATL@@SAPBU_ATL_CATMAP_ENTRY@2@XZ 10003413 f i SmartCardRW.obj
 0001:00002413       ?GetObjectDescription@?$CComCoClass@VCOPOSSmartCardRW@@$1?CLSID_OPOSSmartCardRW@@3U_GUID@@B@ATL@@SGPB_WXZ 10003413 f i SmartCardRW.obj
 0001:00002416       ?GetConnectionInterface@?$IConnectionPointImpl@VCOPOSSmartCardRW@@$1?DIID__IOPOSSmartCardRWEvents@@3U_GUID@@BVCComDynamicUnkArray@ATL@@@ATL@@UAGJPAU_GUID@@@Z 10003416 f i SmartCardRW.obj
 0001:0000243a       ?GetConnectionPointContainer@?$IConnectionPointImpl@VCOPOSSmartCardRW@@$1?DIID__IOPOSSmartCardRWEvents@@3U_GUID@@BVCComDynamicUnkArray@ATL@@@ATL@@UAGJPAPAUIConnectionPointContainer@@@Z 1000343a f i SmartCardRW.obj
 0001:0000245d       ?UpdateRegistry@COPOSSmartCardRW@@SGJH@Z 1000345d f i SmartCardRW.obj
 0001:00002475       ?ProcessWindowMessage@COPOSSmartCardRW@@UAEHPAUHWND__@@IIJAAJK@Z 10003475 f i SmartCardRW.obj
 0001:000024be       ?SOData@COPOSSmartCardRW@@MAGJJ@Z 100034be f i SmartCardRW.obj
 0001:000024f7       ?SODirectIO@COPOSSmartCardRW@@MAGJJPAJPAPA_W@Z 100034f7 f i SmartCardRW.obj
 0001:00002540       ?SOError@COPOSSmartCardRW@@MAGJJJJPAJ@Z 10003540 f i SmartCardRW.obj
 0001:00002595       ?SOOutputComplete@COPOSSmartCardRW@@MAGJJ@Z 10003595 f i SmartCardRW.obj
 0001:000025ce       ?SOStatusUpdate@COPOSSmartCardRW@@MAGJJ@Z 100035ce f i SmartCardRW.obj
 0001:00002607       ?CreateInstance@?$CComCreator@V?$CComObjectCached@VCComClassFactory@ATL@@@ATL@@@ATL@@SGJPAXABU_GUID@@PAPAX@Z 10003607 f i SmartCardRW.obj
 0001:0000269a       ?CreateInstance@?$CComCreator2@V?$CComCreator@V?$CComObject@VCOPOSSmartCardRW@@@ATL@@@ATL@@V?$CComCreator@V?$CComAggObject@VCOPOSSmartCardRW@@@ATL@@@2@@ATL@@SGJPAXABU_GUID@@PAPAX@Z 1000369a f i SmartCardRW.obj
 0001:000026ba       ?Next@?$CComEnumImpl@UIEnumConnectionPoints@@$1?_GUID_b196b285_bab4_101a_b69c_00aa00341d07@@3U__s_GUID@@BPAUIConnectionPoint@@V?$_CopyInterface@UIConnectionPoint@@@ATL@@@ATL@@UAGJKPAPAUIConnectionPoint@@PAK@Z 100036ba f i SmartCardRW.obj
 0001:00002791       ?Skip@?$CComEnumImpl@UIEnumConnectionPoints@@$1?_GUID_b196b285_bab4_101a_b69c_00aa00341d07@@3U__s_GUID@@BPAUIConnectionPoint@@V?$_CopyInterface@UIConnectionPoint@@@ATL@@@ATL@@UAGJK@Z 10003791 f i SmartCardRW.obj
 0001:000027be       ?Clone@?$CComEnumImpl@UIEnumConnectionPoints@@$1?_GUID_b196b285_bab4_101a_b69c_00aa00341d07@@3U__s_GUID@@BPAUIConnectionPoint@@V?$_CopyInterface@UIConnectionPoint@@@ATL@@@ATL@@UAGJPAPAUIEnumConnectionPoints@@@Z 100037be f i SmartCardRW.obj
 0001:0000289f       ?QueryInterface@?$CComObject@V?$CComEnum@UIEnumConnectionPoints@@$1?_GUID_b196b285_bab4_101a_b69c_00aa00341d07@@3U__s_GUID@@BPAUIConnectionPoint@@V?$_CopyInterface@UIConnectionPoint@@@ATL@@VCComSingleThreadModel@6@@ATL@@@ATL@@UAGJABU_GUID@@PAPAX@Z 1000389f f i SmartCardRW.obj
 0001:000028b9       ??_G?$CComObject@V?$CComEnum@UIEnumConnectionPoints@@$1?_GUID_b196b285_bab4_101a_b69c_00aa00341d07@@3U__s_GUID@@BPAUIConnectionPoint@@V?$_CopyInterface@UIConnectionPoint@@@ATL@@VCComSingleThreadModel@6@@ATL@@@ATL@@UAEPAXI@Z 100038b9 f i SmartCardRW.obj
 0001:000028b9       ??_E?$CComObject@V?$CComEnum@UIEnumConnectionPoints@@$1?_GUID_b196b285_bab4_101a_b69c_00aa00341d07@@3U__s_GUID@@BPAUIConnectionPoint@@V?$_CopyInterface@UIConnectionPoint@@@ATL@@VCComSingleThreadModel@6@@ATL@@@ATL@@UAEPAXI@Z 100038b9 f i SmartCardRW.obj
 0001:000028db       ?CreateInstance@CComClassFactory@ATL@@UAGJPAUIUnknown@@ABU_GUID@@PAPAX@Z 100038db f i SmartCardRW.obj
 0001:00002919       ?LockServer@CComClassFactory@ATL@@UAGJH@Z 10003919 f i SmartCardRW.obj
 0001:00002938       ??_ECComClassFactory@ATL@@UAEPAXI@Z 10003938 f i SmartCardRW.obj
 0001:00002938       ??_GCComClassFactory@ATL@@UAEPAXI@Z 10003938 f i SmartCardRW.obj
 0001:00002963       ??$?4UITypeInfo2@@@?$CComPtr@UITypeInfo@@@ATL@@QAEPAUITypeInfo@@ABV?$CComPtr@UITypeInfo2@@@1@@Z 10003963 f i SmartCardRW.obj
 0001:00002990       ??$AtlAdd@K@ATL@@YAJPAKKK@Z 10003990 f i SmartCardRW.obj
 0001:000029b3       ??$AtlAdd@_K@ATL@@YAJPA_K_K1@Z 100039b3 f i SmartCardRW.obj
 0001:000029eb       ??$AtlAddThrow@K@ATL@@YAKKK@Z 100039eb f i SmartCardRW.obj
 0001:00002a11       ??$AtlModuleRegisterWndClassInfoT@VAtlModuleRegisterWndClassInfoParamW@ATL@@@ATL@@YAGPAU_ATL_BASE_MODULE70@0@PAU_ATL_WIN_MODULE70@0@PAU_ATL_WNDCLASSINFOW@0@PAP6GJPAUHWND__@@IIJ@ZVAtlModuleRegisterWndClassInfoParamW@0@@Z 10003a11 f i SmartCardRW.obj
 0001:00002b5f       ??$AtlMultiply@H@ATL@@YAJPAHHH@Z 10003b5f f i SmartCardRW.obj
 0001:00002b97       ??$AtlMultiply@K@ATL@@YAJPAKKK@Z 10003b97 f i SmartCardRW.obj
 0001:00002b97       ??$AtlMultiply@I@ATL@@YAJPAIII@Z 10003b97 f i SmartCardRW.obj
 0001:00002bb9       ??$AtlMultiplyThrow@I@ATL@@YAIII@Z 10003bb9 f i SmartCardRW.obj
 0001:00002bdf       ??0?$CComAggObject@VCOPOSSmartCardRW@@@ATL@@QAE@PAX@Z 10003bdf f i SmartCardRW.obj
 0001:00002c0c       ??0?$CComContainedObject@VCOPOSSmartCardRW@@@ATL@@QAE@PAX@Z 10003c0c f i SmartCardRW.obj
 0001:00002cc5       ??0?$CComObject@V?$CComEnum@UIEnumConnectionPoints@@$1?_GUID_b196b285_bab4_101a_b69c_00aa00341d07@@3U__s_GUID@@BPAUIConnectionPoint@@V?$_CopyInterface@UIConnectionPoint@@@ATL@@VCComSingleThreadModel@6@@ATL@@@ATL@@QAE@PAX@Z 10003cc5 f i SmartCardRW.obj
 0001:00002cf3       ??0?$CComObject@V?$CComEnum@UIEnumConnections@@$1?_GUID_b196b287_bab4_101a_b69c_00aa00341d07@@3U__s_GUID@@BUtagCONNECTDATA@@V?$_Copy@UtagCONNECTDATA@@@ATL@@VCComSingleThreadModel@6@@ATL@@@ATL@@QAE@PAX@Z 10003cf3 f i SmartCardRW.obj
 0001:00002d21       ??0?$CComObject@VCOPOSSmartCardRW@@@ATL@@QAE@PAX@Z 10003d21 f i SmartCardRW.obj
 0001:00002dd8       ??0?$CComQIPtr@UIOleControlSite@@$1?_GUID_b196b289_bab4_101a_b69c_00aa00341d07@@3U__s_GUID@@B@ATL@@QAE@PAUIUnknown@@@Z 10003dd8 f i SmartCardRW.obj
 0001:00002e01       ??0CAtlModule@ATL@@QAE@XZ  10003e01 f i SmartCardRW.obj
 0001:00002e42       ??0CParseBuffer@CRegParser@ATL@@QAE@H@Z 10003e42 f i SmartCardRW.obj
 0001:00002e78       ??0_ATL_MSG@ATL@@QAE@PAUHWND__@@IIJH@Z 10003e78 f i SmartCardRW.obj
 0001:00002eb0       ??1?$CComAggObject@VCOPOSSmartCardRW@@@ATL@@UAE@XZ 10003eb0 f i SmartCardRW.obj
 0001:00002ed4       ??1?$CComEnumImpl@UIEnumConnectionPoints@@$1?_GUID_b196b285_bab4_101a_b69c_00aa00341d07@@3U__s_GUID@@BPAUIConnectionPoint@@V?$_CopyInterface@UIConnectionPoint@@@ATL@@@ATL@@UAE@XZ 10003ed4 f i SmartCardRW.obj
 0001:00002f14       ??1?$CComEnumImpl@UIEnumConnections@@$1?_GUID_b196b287_bab4_101a_b69c_00aa00341d07@@3U__s_GUID@@BUtagCONNECTDATA@@V?$_Copy@UtagCONNECTDATA@@@ATL@@@ATL@@UAE@XZ 10003f14 f i SmartCardRW.obj
 0001:00002f54       ??1?$CComObject@V?$CComEnum@UIEnumConnectionPoints@@$1?_GUID_b196b285_bab4_101a_b69c_00aa00341d07@@3U__s_GUID@@BPAUIConnectionPoint@@V?$_CopyInterface@UIConnectionPoint@@@ATL@@VCComSingleThreadModel@6@@ATL@@@ATL@@UAE@XZ 10003f54 f i SmartCardRW.obj
 0001:00002f77       ??1?$CComObject@V?$CComEnum@UIEnumConnections@@$1?_GUID_b196b287_bab4_101a_b69c_00aa00341d07@@3U__s_GUID@@BUtagCONNECTDATA@@V?$_Copy@UtagCONNECTDATA@@@ATL@@VCComSingleThreadModel@6@@ATL@@@ATL@@UAE@XZ 10003f77 f i SmartCardRW.obj
 0001:00002f9a       ??1?$CComObject@VCOPOSSmartCardRW@@@ATL@@UAE@XZ 10003f9a f i SmartCardRW.obj
 0001:00003058       ??1?$CComObjectCached@VCComClassFactory@ATL@@@ATL@@UAE@XZ 10004058 f i SmartCardRW.obj
 0001:0000306e       ??1?$CComObjectRootEx@VCComMultiThreadModel@ATL@@@ATL@@QAE@XZ 1000406e f i SmartCardRW.obj
 0001:00003083       ??1CRegObject@ATL@@UAE@XZ  10004083 f i SmartCardRW.obj
 0001:000030a3       ??4?$CComPtr@UIAdviseSink@@@ATL@@QAEPAUIAdviseSink@@PAU2@@Z 100040a3 f i SmartCardRW.obj
 0001:000030a3       ??4?$CComPtr@UIOleClientSite@@@ATL@@QAEPAUIOleClientSite@@PAU2@@Z 100040a3 f i SmartCardRW.obj
 0001:000030a3       ??4?$CComPtr@UIUnknown@@@ATL@@QAEPAUIUnknown@@PAU2@@Z 100040a3 f i SmartCardRW.obj
 0001:000030d7       ??4?$CComQIPtr@UIOleObject@@$1?_GUID_00000112_0000_0000_c000_000000000046@@3U__s_GUID@@B@ATL@@QAEPAUIOleObject@@PAUIUnknown@@@Z 100040d7 f i SmartCardRW.obj
 0001:000030fc       ??4?$CComQIPtr@UISpecifyPropertyPages@@$1?_GUID_b196b28b_bab4_101a_b69c_00aa00341d07@@3U__s_GUID@@B@ATL@@QAEPAUISpecifyPropertyPages@@PAUIUnknown@@@Z 100040fc f i SmartCardRW.obj
 0001:00003121       ??_E?$CComContainedObject@VCOPOSSmartCardRW@@@ATL@@UAEPAXI@Z 10004121 f i SmartCardRW.obj
 0001:00003121       ??_G?$CComContainedObject@VCOPOSSmartCardRW@@@ATL@@UAEPAXI@Z 10004121 f i SmartCardRW.obj
 0001:00003146       ??_E?$CComObject@VCOPOSSmartCardRW@@@ATL@@UAEPAXI@Z 10004146 f i SmartCardRW.obj
 0001:00003146       ??_G?$CComObject@VCOPOSSmartCardRW@@@ATL@@UAEPAXI@Z 10004146 f i SmartCardRW.obj
 0001:0000316b       ?Add@?$CSimpleArray@GV?$CSimpleArrayEqualHelper@G@ATL@@@ATL@@QAEHABG@Z 1000416b f i SmartCardRW.obj
 0001:000031ef       ?Add@?$CSimpleMap@PA_WPA_WVCExpansionVectorEqualHelper@ATL@@@ATL@@QAEHABQA_W0@Z 100041ef f i SmartCardRW.obj
 0001:00003244       ?Add@CComDynamicUnkArray@ATL@@QAEKPAUIUnknown@@@Z 10004244 f i SmartCardRW.obj
 0001:000032fa       ?Add@CExpansionVector@ATL@@QAEHPB_W0@Z 100042fa f i SmartCardRW.obj
 0001:000033fe       ?AddString@CParseBuffer@CRegParser@ATL@@QAEHPB_W@Z 100043fe f i SmartCardRW.obj
 0001:00003433       ?AddValue@CRegParser@ATL@@IAEJAAVCRegKey@2@PB_WPA_W@Z 10004433 f i SmartCardRW.obj
 0001:00003754       ?Allocate@?$CAtlSafeAllocBufferManager@VCCRTAllocator@ATL@@@_ATL_SAFE_ALLOCA_IMPL@ATL@@QAEPAXK@Z 10004754 f i SmartCardRW.obj
 0001:00003781       ?Allocate@?$CTempBuffer@E$0BAA@VCCRTAllocator@ATL@@@ATL@@QAEPAEI@Z 10004781 f i SmartCardRW.obj
 0001:000037b0       ?Allocate@?$CTempBuffer@_W$0BAA@VCCRTAllocator@ATL@@@ATL@@QAEPA_WI@Z 100047b0 f i SmartCardRW.obj
 0001:000037df       ?Allocate@?$CTempBuffer@_W$0EAA@VCCRTAllocator@ATL@@@ATL@@QAEPA_WI@Z 100047df f i SmartCardRW.obj
 0001:0000380e       ?AllocateHeap@?$CTempBuffer@_W$0EAA@VCCRTAllocator@ATL@@@ATL@@AAEXI@Z 1000480e f i SmartCardRW.obj
 0001:0000380e       ?AllocateHeap@?$CTempBuffer@E$0BAA@VCCRTAllocator@ATL@@@ATL@@AAEXI@Z 1000480e f i SmartCardRW.obj
 0001:0000380e       ?AllocateHeap@?$CTempBuffer@_W$0BAA@VCCRTAllocator@ATL@@@ATL@@AAEXI@Z 1000480e f i SmartCardRW.obj
 0001:00003833       ?Append@CParseBuffer@CRegParser@ATL@@QAEHPB_WH@Z 10004833 f i SmartCardRW.obj
 0001:000038c1       ?AtlCallTermFunc@ATL@@YGXPAU_ATL_MODULE70@1@@Z 100048c1 f i SmartCardRW.obj
 0001:00003905       ?AtlCoTaskMemCAlloc@ATL@@YAPAXKK@Z 10004905 f i SmartCardRW.obj
 0001:00003932       ?AtlCoTaskMemRecalloc@ATL@@YAPAXPAXKK@Z 10004932 f i SmartCardRW.obj
 0001:00003962       ?AtlComModuleGetClassObject@ATL@@YGJPAU_ATL_COM_MODULE70@1@ABU_GUID@@1PAPAX@Z 10004962 f i SmartCardRW.obj
 0001:00003a55       ?AtlComModuleRegisterServer@ATL@@YGJPAU_ATL_COM_MODULE70@1@HPBU_GUID@@@Z 10004a55 f i SmartCardRW.obj
 0001:00003add       ?AtlComModuleUnregisterServer@ATL@@YGJPAU_ATL_COM_MODULE70@1@HPBU_GUID@@@Z 10004add f i SmartCardRW.obj
 0001:00003b65       ?AtlComQIPtrAssign2@ATL@@YAXPAPAUIUnknown@@PAU2@ABU_GUID@@@Z 10004b65 f i SmartCardRW.obj
 0001:00003b94       ?AtlCreateTargetDC@ATL@@YGPAUHDC__@@PAU2@PAUtagDVTARGETDEVICE@@@Z 10004b94 f i SmartCardRW.obj
 0001:00003bfd       ?AtlCrtErrorCheck@ATL@@YAHH@Z 10004bfd f i SmartCardRW.obj
 0001:00003c38       ?AtlHiMetricToPixel@ATL@@YGXPBUtagSIZE@@PAU2@@Z 10004c38 f i SmartCardRW.obj
 0001:00003cad       ?AtlHresultFromLastError@ATL@@YAJXZ 10004cad f i SmartCardRW.obj
 0001:00003cc4       ?AtlHresultFromWin32@ATL@@YAJK@Z 10004cc4 f i SmartCardRW.obj
 0001:00003cd9       ?AtlIPersistStreamInit_Load@ATL@@YGJPAUIStream@@PBUATL_PROPMAP_ENTRY@1@PAXPAUIUnknown@@@Z 10004cd9 f i SmartCardRW.obj
 0001:00003eb9       ?AtlIPersistStreamInit_Save@ATL@@YGJPAUIStream@@HPBUATL_PROPMAP_ENTRY@1@PAXPAUIUnknown@@@Z 10004eb9 f i SmartCardRW.obj
 0001:00004051       ?AtlInternalOleLoadFromStream@ATL@@YAJPAUIStream@@ABU_GUID@@PAPAXTClassesAllowedInStream@1@K@Z 10005051 f i SmartCardRW.obj
 0001:00004177       ?AtlInternalQueryInterface@ATL@@YGJPAXPBU_ATL_INTMAP_ENTRY@1@ABU_GUID@@PAPAX@Z 10005177 f i SmartCardRW.obj
 0001:0000421a       ?AtlLoadTypeLib@ATL@@YGJPAUHINSTANCE__@@PB_WPAPA_WPAPAUITypeLib@@@Z 1000521a f i SmartCardRW.obj
 0001:000043f8       ?AtlModuleAddTermFunc@ATL@@YGJPAU_ATL_MODULE70@1@P6GXK@ZK@Z 100053f8 f i SmartCardRW.obj
 0001:00004455       ?AtlRegisterClassCategoriesHelper@ATL@@YGJABU_GUID@@PBU_ATL_CATMAP_ENTRY@1@H@Z 10005455 f i SmartCardRW.obj
 0001:00004735       ?AtlRegisterTypeLib@ATL@@YGJPAUHINSTANCE__@@PB_W@Z 10005735 f i SmartCardRW.obj
 0001:000048bd       ?AtlThrowImpl@ATL@@YGXJ@Z  100058bd f i SmartCardRW.obj
 0001:000048db       ?AtlUnRegisterTypeLib@ATL@@YGJPAUHINSTANCE__@@PB_W@Z 100058db f i SmartCardRW.obj
 0001:00004986       ?AtlWinModuleAddCreateWndData@ATL@@YGXPAU_ATL_WIN_MODULE70@1@PAU_AtlCreateWndData@1@PAX@Z 10005986 f i SmartCardRW.obj
 0001:000049da       ?AtlWinModuleExtractCreateWndData@ATL@@YGPAXPAU_ATL_WIN_MODULE70@1@@Z 100059da f i SmartCardRW.obj
 0001:00004a3d       ?AtlWinModuleRegisterClassExW@ATL@@YGGPAU_ATL_WIN_MODULE70@1@PBUtagWNDCLASSEXW@@@Z 10005a3d f i SmartCardRW.obj
 0001:00004a7c       ?CanForceRemoveKey@CRegParser@ATL@@IAEHPB_W@Z 10005a7c f i SmartCardRW.obj
 0001:00004aab       ?ChToByte@CRegParser@ATL@@KAE_W@Z 10005aab f i SmartCardRW.obj
 0001:00004ade       ?Cleanup@CComTypeInfoHolder@ATL@@SGXK@Z 10005ade f i SmartCardRW.obj
 0001:00004b11       ?ClearReplacements@CExpansionVector@ATL@@QAEJXZ 10005b11 f i SmartCardRW.obj
 0001:00004b4e       ?Close@CRegKey@ATL@@QAEJXZ 10005b4e f i SmartCardRW.obj
 0001:00004b68       ?CreateInstance@?$CComCreator@V?$CComAggObject@VCOPOSSmartCardRW@@@ATL@@@ATL@@SGJPAXABU_GUID@@PAPAX@Z 10005b68 f i SmartCardRW.obj
 0001:00004bde       ?CreateInstance@?$CComCreator@V?$CComObject@VCOPOSSmartCardRW@@@ATL@@@ATL@@SGJPAXABU_GUID@@PAPAX@Z 10005bde f i SmartCardRW.obj
 0001:00004c5f       ?CreateInstance@?$CComObject@V?$CComEnum@UIEnumConnectionPoints@@$1?_GUID_b196b285_bab4_101a_b69c_00aa00341d07@@3U__s_GUID@@BPAUIConnectionPoint@@V?$_CopyInterface@UIConnectionPoint@@@ATL@@VCComSingleThreadModel@6@@ATL@@@ATL@@SGJPAPAV12@@Z 10005c5f f i SmartCardRW.obj
 0001:00004ca6       ?CreateInstance@?$CComObject@V?$CComEnum@UIEnumConnections@@$1?_GUID_b196b287_bab4_101a_b69c_00aa00341d07@@3U__s_GUID@@BUtagCONNECTDATA@@V?$_Copy@UtagCONNECTDATA@@@ATL@@VCComSingleThreadModel@6@@ATL@@@ATL@@SGJPAPAV12@@Z 10005ca6 f i SmartCardRW.obj
 0001:00004ced       ?DefaultReflectionHandler@?$CWindowImplRoot@VCWindow@ATL@@@ATL@@SAHPAUHWND__@@IIJAAJ@Z 10005ced f i SmartCardRW.obj
 0001:00004d60       ?DeleteSubKey@CRegKey@ATL@@QAEJPB_W@Z 10005d60 f i SmartCardRW.obj
 0001:00004dd9       ?DoEvent@COPOSSmartCardRW@@IAEXIIJ@Z 10005dd9 f i SmartCardRW.obj
 0001:00004e59       ?DoVerbHide@?$IOleObjectImpl@VCOPOSSmartCardRW@@@ATL@@QAEJPBUtagRECT@@PAUHWND__@@@Z 10005e59 f i SmartCardRW.obj
 0001:00004e8f       ?DoVerbInPlaceActivate@?$IOleObjectImpl@VCOPOSSmartCardRW@@@ATL@@QAEJPBUtagRECT@@PAUHWND__@@@Z 10005e8f f i SmartCardRW.obj
 0001:00004ec2       ?DoVerbPrimary@?$IOleObjectImpl@VCOPOSSmartCardRW@@@ATL@@QAEJPBUtagRECT@@PAUHWND__@@@Z 10005ec2 f i SmartCardRW.obj
 0001:00004f4e       ?DoVerbProperties@CComControlBase@ATL@@QAEJPBUtagRECT@@PAUHWND__@@@Z 10005f4e f i SmartCardRW.obj
 0001:00005075       ?DoVerbShow@?$IOleObjectImpl@VCOPOSSmartCardRW@@@ATL@@QAEJPBUtagRECT@@PAUHWND__@@@Z 10006075 f i SmartCardRW.obj
 0001:0000509a       ?DoVerbUIActivate@?$IOleObjectImpl@VCOPOSSmartCardRW@@@ATL@@QAEJPBUtagRECT@@PAUHWND__@@@Z 1000609a f i SmartCardRW.obj
 0001:000050d7       ?DoesVerbActivate@CComControlBase@ATL@@QAEHJ@Z 100060d7 f i SmartCardRW.obj
 0001:000050f8       ?DoesVerbUIActivate@CComControlBase@ATL@@QAEHJ@Z 100060f8 f i SmartCardRW.obj
 0001:0000512d       ?EndOfVar@CRegParser@ATL@@IAEHXZ 1000612d f i SmartCardRW.obj
 0001:0000514d       ?EscapeSingleQuote@CAtlModule@ATL@@SAXPA_WIPB_W@Z 1000614d f i SmartCardRW.obj
 0001:0000519c       ?FindKey@?$CSimpleMap@PA_WPA_WVCExpansionVectorEqualHelper@ATL@@@ATL@@QBEHABQA_W@Z 1000619c f i SmartCardRW.obj
 0001:000051d3       ?FireTheEvent@?$CProxy_IOPOSEvents@VCOPOSSmartCardRW@@@@IAEXPAVOposVariant@@IAAJPB_WJ@Z 100061d3 f i SmartCardRW.obj
 0001:00005265       ?FireViewChange@CComControlBase@ATL@@QAEJXZ 10006265 f i SmartCardRW.obj
 0001:000052ae       ?Fire_DataEvent@?$CProxy_IOPOSEvents@VCOPOSSmartCardRW@@@@QAEXJ@Z 100062ae f i SmartCardRW.obj
 0001:0000533a       ?Fire_DirectIOEvent@?$CProxy_IOPOSEvents@VCOPOSSmartCardRW@@@@QAEXJPAJPAPA_W@Z 1000633a f i SmartCardRW.obj
 0001:00005420       ?Fire_ErrorEvent@?$CProxy_IOPOSEvents@VCOPOSSmartCardRW@@@@QAEXJJJPAJ@Z 10006420 f i SmartCardRW.obj
 0001:00005507       ?Fire_OutputCompleteEvent@?$CProxy_IOPOSEvents@VCOPOSSmartCardRW@@@@QAEXJ@Z 10006507 f i SmartCardRW.obj
 0001:00005593       ?Fire_StatusUpdateEvent@?$CProxy_IOPOSEvents@VCOPOSSmartCardRW@@@@QAEXJ@Z 10006593 f i SmartCardRW.obj
 0001:0000561f       ?FreeHeap@?$CTempBuffer@_W$0EAA@VCCRTAllocator@ATL@@@ATL@@AAEXXZ 1000661f f i SmartCardRW.obj
 0001:0000561f       ?FreeHeap@?$CTempBuffer@_W$0BAA@VCCRTAllocator@ATL@@@ATL@@AAEXXZ 1000661f f i SmartCardRW.obj
 0001:0000561f       ?FreeHeap@?$CTempBuffer@E$0BAA@VCCRTAllocator@ATL@@@ATL@@AAEXXZ 1000661f f i SmartCardRW.obj
 0001:00005628       ?GetAmbientLocaleID@CComControlBase@ATL@@QAEJAAK@Z 10006628 f i SmartCardRW.obj
 0001:00005684       ?GetAmbientUserMode@CComControlBase@ATL@@QAEJAAH@Z 10006684 f i SmartCardRW.obj
 0001:000056f4       ?GetAt@CComDynamicUnkArray@ATL@@QAEPAUIUnknown@@H@Z 100066f4 f i SmartCardRW.obj
 0001:00005710       ?GetClassObject@CComModule@ATL@@QAEJABU_GUID@@0PAPAX@Z 10006710 f i SmartCardRW.obj
 0001:000057b2       ?GetConnMap@COPOSSmartCardRW@@SAPBU_ATL_CONNMAP_ENTRY@ATL@@PAH@Z 100067b2 f i SmartCardRW.obj
 0001:00005822       ?GetCookie@CComDynamicUnkArray@ATL@@QAGKPAPAUIUnknown@@@Z 10006822 f i SmartCardRW.obj
 0001:0000585a       ?GetIDsOfNames@CComTypeInfoHolder@ATL@@QAEJABU_GUID@@PAPA_WIKPAJ@Z 1000685a f i SmartCardRW.obj
 0001:00005968       ?GetKeyAt@?$CSimpleMap@PA_WPA_WVCExpansionVectorEqualHelper@ATL@@@ATL@@QBEAAPA_WH@Z 10006968 f i SmartCardRW.obj
 0001:0000598d       ?GetPagesHelper@?$ISpecifyPropertyPagesImpl@VCOPOSSmartCardRW@@@ATL@@IAEJPAUtagCAUUID@@PBUATL_PROPMAP_ENTRY@2@@Z 1000698d f i SmartCardRW.obj
 0001:00005ab4       ?GetProperty@?$CComPtr@UIDispatch@@@ATL@@SAJPAUIDispatch@@JPAUtagVARIANT@@@Z 10006ab4 f i SmartCardRW.obj
 0001:00005b03       ?GetSizeMax@CComVariant@ATL@@QBEJPAT_ULARGE_INTEGER@@@Z 10006b03 f i SmartCardRW.obj
 0001:00005cbd       ?GetStreamSize@CComBSTR@ATL@@SAKPA_W@Z 10006cbd f i SmartCardRW.obj
 0001:00005cd7       ?GetTI@CComTypeInfoHolder@ATL@@QAEJK@Z 10006cd7 f i SmartCardRW.obj
 0001:00005ec0       ?GetTI@CComTypeInfoHolder@ATL@@QAEJKPAPAUITypeInfo@@@Z 10006ec0 f i SmartCardRW.obj
 0001:00005f02       ?GetUnknown@CComDynamicUnkArray@ATL@@QAGPAUIUnknown@@K@Z 10006f02 f i SmartCardRW.obj
 0001:00005f23       ?GetValueAt@?$CSimpleMap@PA_WPA_WVCExpansionVectorEqualHelper@ATL@@@ATL@@QBEAAPA_WH@Z 10006f23 f i SmartCardRW.obj
 0001:00005f49       ?GetZoomInfo@CComControlBase@ATL@@QAEXAAUATL_DRAWINFO@@@Z 10006f49 f i SmartCardRW.obj
 0001:00005fdc       ?HKeyFromString@CRegParser@ATL@@KAPAUHKEY__@@PA_W@Z 10006fdc f i SmartCardRW.obj
 0001:0000600a       ?HasSubKeys@CRegParser@ATL@@IAEHPAUHKEY__@@@Z 1000700a f i SmartCardRW.obj
 0001:0000603f       ?IDataObject_GetData@CComControlBase@ATL@@QAEJPAUtagFORMATETC@@PAUtagSTGMEDIUM@@@Z 1000703f f i SmartCardRW.obj
 0001:000061e5       ?IOleInPlaceObject_InPlaceDeactivate@CComControlBase@ATL@@QAEJXZ 100071e5 f i SmartCardRW.obj
 0001:0000626c       ?IOleInPlaceObject_SetObjectRects@CComControlBase@ATL@@QAEJPBUtagRECT@@0@Z 1000726c f i SmartCardRW.obj
 0001:00006339       ?IOleInPlaceObject_UIDeactivate@CComControlBase@ATL@@QAEJXZ 10007339 f i SmartCardRW.obj
 0001:000063fb       ?IOleObject_Advise@CComControlBase@ATL@@QAEJPAUIAdviseSink@@PAK@Z 100073fb f i SmartCardRW.obj
 0001:00006425       ?IOleObject_Close@CComControlBase@ATL@@QAEJK@Z 10007425 f i SmartCardRW.obj
 0001:00006509       ?IOleObject_GetClientSite@CComControlBase@ATL@@QAEJPAPAUIOleClientSite@@@Z 10007509 f i SmartCardRW.obj
 0001:00006532       ?IOleObject_SetClientSite@CComControlBase@ATL@@QAEJPAUIOleClientSite@@@Z 10007532 f i SmartCardRW.obj
 0001:00006571       ?IOleObject_SetExtent@CComControlBase@ATL@@QAEJKPAUtagSIZE@@@Z 10007571 f i SmartCardRW.obj
 0001:00006625       ?IPSI_GetIPersistStreamInit@?$IPersistStorageImpl@VCOPOSSmartCardRW@@@ATL@@AAEPAUIPersistStreamInit@@XZ 10007625 f i SmartCardRW.obj
 0001:00006667       ?IPersistStreamInit_Load@?$IPersistStreamInitImpl@VCOPOSSmartCardRW@@@ATL@@QAEJPAUIStream@@PBUATL_PROPMAP_ENTRY@2@@Z 10007667 f i SmartCardRW.obj
 0001:00006693       ?IPersistStreamInit_Save@?$IPersistStreamInitImpl@VCOPOSSmartCardRW@@@ATL@@QAEJPAUIStream@@HPBUATL_PROPMAP_ENTRY@2@@Z 10007693 f i SmartCardRW.obj
 0001:000066c8       ?IQuickActivate_QuickActivate@CComControlBase@ATL@@QAEJPAUtagQACONTAINER@@PAUtagQACONTROL@@@Z 100076c8 f i SmartCardRW.obj
 0001:0000690a       ?IViewObject_Draw@CComControlBase@ATL@@QAEJKJPAXPAUtagDVTARGETDEVICE@@PAUHDC__@@2PBU_RECTL@@3@Z 1000790a f i SmartCardRW.obj
 0001:000069b2       ?InPlaceActivate@CComControlBase@ATL@@QAEJJPBUtagRECT@@@Z 100079b2 f i SmartCardRW.obj
 0001:00006c23       ?Init@?$CComEnumImpl@UIEnumConnectionPoints@@$1?_GUID_b196b285_bab4_101a_b69c_00aa00341d07@@3U__s_GUID@@BPAUIConnectionPoint@@V?$_CopyInterface@UIConnectionPoint@@@ATL@@@ATL@@QAEJPAPAUIConnectionPoint@@0PAUIUnknown@@W4CComEnumFlags@2@@Z 10007c23 f i SmartCardRW.obj
 0001:00006d02       ?Init@?$CComEnumImpl@UIEnumConnections@@$1?_GUID_b196b287_bab4_101a_b69c_00aa00341d07@@3U__s_GUID@@BUtagCONNECTDATA@@V?$_Copy@UtagCONNECTDATA@@@ATL@@@ATL@@QAEJPAUtagCONNECTDATA@@0PAUIUnknown@@W4CComEnumFlags@2@@Z 10007d02 f i SmartCardRW.obj
 0001:00006de1       ?Init@CComModule@ATL@@QAEJPAU_ATL_OBJMAP_ENTRY30@2@PAUHINSTANCE__@@PBU_GUID@@@Z 10007de1 f i SmartCardRW.obj
 0001:00006e40       ?Init@CDynamicStdCallThunk2@ATL@@QAEHKPAX@Z 10007e40 f i SmartCardRW.obj
 0001:00006e6b       ?InlineIsEqualUnknown@ATL@@YGHABU_GUID@@@Z 10007e6b f i SmartCardRW.obj
 0001:00006e93       ?InternalGetSite@CComControlBase@ATL@@QAEJABU_GUID@@PAPAX@Z 10007e93 f i SmartCardRW.obj
 0001:00006ec1       ?InternalSetAtIndex@?$CSimpleMap@PA_WPA_WVCExpansionVectorEqualHelper@ATL@@@ATL@@QAEXHABQA_W0@Z 10007ec1 f i SmartCardRW.obj
 0001:00006eeb       ?Invoke@CComTypeInfoHolder@ATL@@QAEJPAUIDispatch@@JABU_GUID@@KGPAUtagDISPPARAMS@@PAUtagVARIANT@@PAUtagEXCEPINFO@@PAI@Z 10007eeb f i SmartCardRW.obj
 0001:00006f2e       ?IsEqualObject@?$CComPtrBase@UIOleClientSite@@@ATL@@QAE_NPAUIUnknown@@@Z 10007f2e f i SmartCardRW.obj
 0001:00006f2e       ?IsEqualObject@?$CComPtrBase@UITypeInfo@@@ATL@@QAE_NPAUIUnknown@@@Z 10007f2e f i SmartCardRW.obj
 0001:00006f9b       ?IsSpace@CRegParser@ATL@@IAEH_W@Z 10007f9b f i SmartCardRW.obj
 0001:00006fc5       ?LoadNameCache@CComTypeInfoHolder@ATL@@QAEJPAUITypeInfo@@@Z 10007fc5 f i SmartCardRW.obj
 0001:00007113       ?Lookup@?$CSimpleMap@PA_WPA_WVCExpansionVectorEqualHelper@ATL@@@ATL@@QBEPA_WABQA_W@Z 10008113 f i SmartCardRW.obj
 0001:00007139       ?NextToken@CRegParser@ATL@@IAEJPA_W@Z 10008139 f i SmartCardRW.obj
 0001:00007271       ?OnKillFocus@CComControlBase@ATL@@QAEJIIJAAH@Z 10008271 f i SmartCardRW.obj
 0001:000072cc       ?OnMouseActivate@CComControlBase@ATL@@QAEJIIJAAH@Z 100082cc f i SmartCardRW.obj
 0001:0000733a       ?OnPaint@CComControlBase@ATL@@QAEJIIJAAH@Z 1000833a f i SmartCardRW.obj
 0001:000073ec       ?OnSetFocus@CComControlBase@ATL@@QAEJIIJAAH@Z 100083ec f i SmartCardRW.obj
 0001:00007475       ?Open@CRegKey@ATL@@QAEJPAUHKEY__@@PB_WK@Z 10008475 f i SmartCardRW.obj
 0001:000074ca       ?PreProcessBuffer@CRegParser@ATL@@QAEJPA_WPAPA_W@Z 100084ca f i SmartCardRW.obj
 0001:00007734       ?ProcessWindowMessage@?$CComControl@VCOPOSSmartCardRW@@V?$CWindowImpl@VCOPOSSmartCardRW@@VCWindow@ATL@@V?$CWinTraits@$0FGAAAAAA@$0A@@3@@ATL@@@ATL@@UAEHPAUHWND__@@IIJAAJK@Z 10008734 f i SmartCardRW.obj
 0001:000077d3       ?PutProperty@?$CComPtr@UIDispatch@@@ATL@@SAJPAUIDispatch@@JPAUtagVARIANT@@@Z 100087d3 f i SmartCardRW.obj
 0001:00007865       ?ReadFromStream@CComBSTR@ATL@@QAEJPAUIStream@@@Z 10008865 f i SmartCardRW.obj
 0001:00007993       ?ReadFromStream@CComVariant@ATL@@QAEJPAUIStream@@GTClassesAllowedInStream@2@K@Z 10008993 f i SmartCardRW.obj
 0001:00007b19       ?RecurseDeleteKey@CRegKey@ATL@@QAEJPB_W@Z 10008b19 f i SmartCardRW.obj
 0001:00007bdb       ?RegCreateKeyExW@CAtlTransactionManager@ATL@@QAEJPAUHKEY__@@PB_WKPA_WKKQAU_SECURITY_ATTRIBUTES@@PAPAU3@PAK@Z 10008bdb f i SmartCardRW.obj
 0001:00007c3e       ?RegDeleteKeyW@CAtlTransactionManager@ATL@@QAEJPAUHKEY__@@PB_W@Z 10008c3e f i SmartCardRW.obj
 0001:00007c90       ?RegOpenKeyExW@CAtlTransactionManager@ATL@@QAEJPAUHKEY__@@PB_WKKPAPAU3@@Z 10008c90 f i SmartCardRW.obj
 0001:00007ce7       ?Register@_ATL_WNDCLASSINFOW@ATL@@QAEGPAP6GJPAUHWND__@@IIJ@Z@Z 10008ce7 f i SmartCardRW.obj
 0001:00007d07       ?RegisterBuffer@CRegParser@ATL@@QAEJPA_WH@Z 10008d07 f i SmartCardRW.obj
 0001:00007e40       ?RegisterFromResource@CRegObject@ATL@@IAEJPB_W00H@Z 10008e40 f i SmartCardRW.obj
 0001:00007f76       ?RegisterServer@?$CAtlModuleT@VCComModule@ATL@@@ATL@@QAEJHPBU_GUID@@@Z 10008f76 f i SmartCardRW.obj
 0001:00007fa4       ?RegisterServer@CComModule@ATL@@QAEJHPBU_GUID@@@Z 10008fa4 f i SmartCardRW.obj
 0001:0000801a       ?RegisterSubkeys@CRegParser@ATL@@IAEJPA_WPAUHKEY__@@HH@Z 1000901a f i SmartCardRW.obj
 0001:000085ec       ?Remove@CComDynamicUnkArray@ATL@@QAEHK@Z 100095ec f i SmartCardRW.obj
 0001:00008615       ?RemoveAll@?$CSimpleMap@PA_WPA_WVCExpansionVectorEqualHelper@ATL@@@ATL@@QAEXXZ 10009615 f i SmartCardRW.obj
 0001:00008641       ?ResourceRegisterSz@CRegObject@ATL@@QAGJPB_W00@Z 10009641 f i SmartCardRW.obj
 0001:0000866e       ?ResourceUnregisterSz@CRegObject@ATL@@QAGJPB_W00@Z 1000966e f i SmartCardRW.obj
 0001:0000869b       ?SendOnDataChange@CComControlBase@ATL@@QAEJK@Z 1000969b f i SmartCardRW.obj
 0001:000086e8       ?SetControlFocus@CComControlBase@ATL@@QAEHH@Z 100096e8 f i SmartCardRW.obj
 0001:00008785       ?SetMultiStringValue@CRegKey@ATL@@QAEJPB_W0@Z 10009785 f i SmartCardRW.obj
 0001:000087e1       ?SetStringValue@CRegKey@ATL@@QAEJPB_W0K@Z 100097e1 f i SmartCardRW.obj
 0001:0000882a       ?SkipAssignment@CRegParser@ATL@@IAEJPA_W@Z 1000982a f i SmartCardRW.obj
 0001:0000888f       ?SkipWhiteSpace@CRegParser@ATL@@IAEXXZ 1000988f f i SmartCardRW.obj
 0001:000088b1       ?StrChrW@CRegParser@ATL@@KAPA_WPA_W_W@Z 100098b1 f i SmartCardRW.obj
 0001:000088ee       ?Term@CAtlModule@ATL@@QAEXXZ 100098ee f i SmartCardRW.obj
 0001:00008927       ?Term@CComModule@ATL@@QAEXXZ 10009927 f i SmartCardRW.obj
 0001:0000897f       ?UnregisterServer@?$CAtlModuleT@VCComModule@ATL@@@ATL@@QAEJHPBU_GUID@@@Z 1000997f f i SmartCardRW.obj
 0001:000089a5       ?UnregisterServer@CComModule@ATL@@QAEJHPBU_GUID@@@Z 100099a5 f i SmartCardRW.obj
 0001:00008a1b       ?UpdateRegistryFromResource@CAtlModule@ATL@@QAGJIHPAU_ATL_REGMAP_ENTRY@2@@Z 10009a1b f i SmartCardRW.obj
 0001:00008be6       ?UpdateRegistryFromResource@CAtlModule@ATL@@QAGJPB_WHPAU_ATL_REGMAP_ENTRY@2@@Z 10009be6 f i SmartCardRW.obj
 0001:00008db7       ?VTFromRegType@CRegParser@ATL@@KAHPB_WAAG@Z 10009db7 f i SmartCardRW.obj
 0001:00008e24       ?WindowProc@?$CWindowImplBaseT@VCWindow@ATL@@V?$CWinTraits@$0FGAAAAAA@$0A@@2@@ATL@@SGJPAUHWND__@@IIJ@Z 10009e24 f i SmartCardRW.obj
 0001:00008f16       ?WriteToStream@CComBSTR@ATL@@QAEJPAUIStream@@@Z 10009f16 f i SmartCardRW.obj
 0001:00008f6d       ?WriteToStream@CComVariant@ATL@@QAEJPAUIStream@@@Z 10009f6d f i SmartCardRW.obj
 0001:000090e7       ?WriteToStream@CComVariant@ATL@@QAEJPAUIStream@@G@Z 1000a0e7 f i SmartCardRW.obj
 0001:00009150       ?_AtlInitialConstruct@?$CComObjectRootEx@VCComMultiThreadModel@ATL@@@ATL@@QAEJXZ 1000a150 f i SmartCardRW.obj
 0001:00009165       ?_AtlVerifyStackAvailable@_ATL_SAFE_ALLOCA_IMPL@ATL@@YA_NK@Z 1000a165 f i SmartCardRW.obj
 0001:000091e3       ?atlCreate@?$CWindowImpl@VCOPOSSmartCardRW@@VCWindow@ATL@@V?$CWinTraits@$0FGAAAAAA@$0A@@3@@ATL@@QAEPAUHWND__@@PAU3@V_U_RECT@2@PB_WKKV_U_MENUorID@2@PAX@Z 1000a1e3 f i SmartCardRW.obj
 0001:00009227       ?atlCreate@?$CWindowImplBaseT@VCWindow@ATL@@V?$CWinTraits@$0FGAAAAAA@$0A@@2@@ATL@@QAEPAUHWND__@@PAU3@V_U_RECT@2@PB_WKKV_U_MENUorID@2@GPAX@Z 1000a227 f i SmartCardRW.obj
 0001:000092c3       ?atlCreate@CRegKey@ATL@@QAEJPAUHKEY__@@PB_WPA_WKKPAU_SECURITY_ATTRIBUTES@@PAK@Z 1000a2c3 f i SmartCardRW.obj
 0001:00009332       ?copy@?$_Copy@UtagCONNECTDATA@@@ATL@@SAJPAUtagCONNECTDATA@@PBU3@@Z 1000a332 f i SmartCardRW.obj
 0001:00009368       ?copy@?$_CopyInterface@UIConnectionPoint@@@ATL@@SAJPAPAUIConnectionPoint@@PBQAU3@@Z 1000a368 f i SmartCardRW.obj
 0001:00009396       ?memcpy_s@Checked@ATL@@YAXPAXIPBXI@Z 1000a396 f i SmartCardRW.obj
 0001:000093b5       ?ocscpy_s@@YA_NPA_WIPB_W@Z 1000a3b5 f i SmartCardRW.obj
 0001:000093e4       ?ocslen@@YAHPB_W@Z         1000a3e4 f i SmartCardRW.obj
 0001:00009404       ?wcscpy_s@Checked@ATL@@YAXPA_WIPB_W@Z 1000a404 f i SmartCardRW.obj
 0001:00009420       _DllCanUnloadNow@0         1000a420 f   SmartCardRW.obj
 0001:0000942c       _DllGetClassObject@12      1000a42c f   SmartCardRW.obj
 0001:0000943a       _DllMain@12                1000a43a f   SmartCardRW.obj
 0001:0000947c       _DllRegisterServer@0       1000a47c f   SmartCardRW.obj
 0001:0000948b       _DllUnregisterServer@0     1000a48b f   SmartCardRW.obj
 0001:0000949a       _InlineIsEqualGUID         1000a49a f i SmartCardRW.obj
 0001:000094ca       ___local_stdio_printf_options 1000a4ca f i SmartCardRW.obj
 0001:000094d0       __vswprintf_s_l            1000a4d0 f i SmartCardRW.obj
 0001:0000957d       _swprintf_s                1000a57d f i SmartCardRW.obj
 0001:00009599       ??0?$CComControl@VCOPOSSmartCardRW@@V?$CWindowImpl@VCOPOSSmartCardRW@@VCWindow@ATL@@V?$CWinTraits@$0FGAAAAAA@$0A@@3@@ATL@@@ATL@@QAE@XZ 1000a599 f i SmartCardRWImpl.obj
 0001:000095c0       ??0?$CProxy_IOPOSEvents@VCOPOSSmartCardRW@@@@QAE@XZ 1000a5c0 f i SmartCardRWImpl.obj
 0001:000095e3       ??0CComControlBase@ATL@@QAE@AAPAUHWND__@@@Z 1000a5e3 f i SmartCardRWImpl.obj
 0001:0000962d       ??0COPOSSmartCardRW@@QAE@XZ 1000a62d f   SmartCardRWImpl.obj
 0001:00009663       ??1?$CComControl@VCOPOSSmartCardRW@@V?$CWindowImpl@VCOPOSSmartCardRW@@VCWindow@ATL@@V?$CWinTraits@$0FGAAAAAA@$0A@@3@@ATL@@@ATL@@UAE@XZ 1000a663 f i SmartCardRWImpl.obj
 0001:0000967c       ??1?$IConnectionPointImpl@VCOPOSSmartCardRW@@$1?DIID__IOPOSSmartCardRWEvents@@3U_GUID@@BVCComDynamicUnkArray@ATL@@@ATL@@QAE@XZ 1000a67c f i SmartCardRWImpl.obj
 0001:0000967c       ??1?$IConnectionPointImpl@VCOPOSSmartCardRW@@$1?IID_IPropertyNotifySink@@3U_GUID@@BVCComDynamicUnkArray@ATL@@@ATL@@QAE@XZ 1000a67c f i SmartCardRWImpl.obj
 0001:000096b9       ??1CComControlBase@ATL@@UAE@XZ 1000a6b9 f i SmartCardRWImpl.obj
 0001:0000971c       ??1COPOSSmartCardRW@@UAE@XZ 1000a71c f   SmartCardRWImpl.obj
 0001:00009764       ??1OposVariantResult@@QAE@XZ 1000a764 f i SmartCardRWImpl.obj
 0001:00009785       ??1_CW@@QAE@XZ             1000a785 f i SmartCardRWImpl.obj
 0001:0000979e       ?BeginInsertion@COPOSSmartCardRW@@UAGJJPAJ@Z 1000a79e f   SmartCardRWImpl.obj
 0001:000097ed       ?BeginRemoval@COPOSSmartCardRW@@UAGJJPAJ@Z 1000a7ed f   SmartCardRWImpl.obj
 0001:0000983c       ?CheckHealth@COPOSSmartCardRW@@UAGJJPAJ@Z 1000a83c f   SmartCardRWImpl.obj
 0001:0000988b       ?ClaimDevice@COPOSSmartCardRW@@UAGJJPAJ@Z 1000a88b f   SmartCardRWImpl.obj
 0001:00009900       ?ClearInput@COPOSSmartCardRW@@UAGJPAJ@Z 1000a900 f   SmartCardRWImpl.obj
 0001:0000991b       ?ClearInputProperties@COPOSSmartCardRW@@UAGJPAJ@Z 1000a91b f   SmartCardRWImpl.obj
 0001:00009936       ?ClearOutput@COPOSSmartCardRW@@UAGJPAJ@Z 1000a936 f   SmartCardRWImpl.obj
 0001:00009951       ?Close@COPOSSmartCardRW@@UAGJPAJ@Z 1000a951 f   SmartCardRWImpl.obj
 0001:000099bf       ?CompareFirmwareVersion@COPOSSmartCardRW@@UAGJPA_WPAJ1@Z 1000a9bf f   SmartCardRWImpl.obj
 0001:00009a3f       ?DirectIO@COPOSSmartCardRW@@UAGJJPAJPAPA_W0@Z 1000aa3f f   SmartCardRWImpl.obj
 0001:00009aed       ?DoInvoke@COPOSSmartCardRW@@IAEJJPAVOposVariant@@IHPAJ_N@Z 1000aaed f   SmartCardRWImpl.obj
 0001:00009baf       ?EndInsertion@COPOSSmartCardRW@@UAGJPAJ@Z 1000abaf f   SmartCardRWImpl.obj
 0001:00009bca       ?EndRemoval@COPOSSmartCardRW@@UAGJPAJ@Z 1000abca f   SmartCardRWImpl.obj
 0001:00009be5       ?EventClose@COPOSSmartCardRW@@IAEXXZ 1000abe5 f i SmartCardRWImpl.obj
 0001:00009c18       ?EventInit@COPOSSmartCardRW@@IAEJXZ 1000ac18 f i SmartCardRWImpl.obj
 0001:00009ce4       ?EventUninit@COPOSSmartCardRW@@IAEXXZ 1000ace4 f i SmartCardRWImpl.obj
 0001:00009d36       ?EventWindowProc@COPOSSmartCardRW@@IAGJIIJ@Z 1000ad36 f i SmartCardRWImpl.obj
 0001:00009e34       ?FinalConstruct@COPOSSmartCardRW@@QAEJXZ 1000ae34 f   SmartCardRWImpl.obj
 0001:00009e6d       ?FireEventCleanup@COPOSSmartCardRW@@IAEXXZ 1000ae6d f i SmartCardRWImpl.obj
 0001:00009e83       ?FireEventSetup@COPOSSmartCardRW@@IAE_NXZ 1000ae83 f i SmartCardRWImpl.obj
 0001:00009eb7       ?FreezeEvents@COPOSSmartCardRW@@MAGJH@Z 1000aeb7 f   SmartCardRWImpl.obj
 0001:00009f17       ?GetOposProp@COPOSSmartCardRW@@IAEJJPAFJ@Z 1000af17 f   SmartCardRWImpl.obj
 0001:00009f3a       ?GetOposProp@COPOSSmartCardRW@@IAEJJPAJJ@Z 1000af3a f   SmartCardRWImpl.obj
 0001:00009ff8       ?GetOposProp@COPOSSmartCardRW@@IAEJJPAPA_WJ@Z 1000aff8 f   SmartCardRWImpl.obj
 0001:0000a0c3       ?OnDraw@COPOSSmartCardRW@@MAEJAAUATL_DRAWINFO@@@Z 1000b0c3 f   SmartCardRWImpl.obj
 0001:0000a163       ?Open@COPOSSmartCardRW@@UAGJPA_WPAJ@Z 1000b163 f   SmartCardRWImpl.obj
 0001:0000a901       ?ReadData@COPOSSmartCardRW@@UAGJJPAJPAPA_W0@Z 1000b901 f   SmartCardRWImpl.obj
 0001:0000a9af       ?ReleaseDevice@COPOSSmartCardRW@@UAGJPAJ@Z 1000b9af f   SmartCardRWImpl.obj
 0001:0000a9fe       ?ResetStatistics@COPOSSmartCardRW@@UAGJPA_WPAJ@Z 1000b9fe f   SmartCardRWImpl.obj
 0001:0000aa55       ?RetrieveStatistics@COPOSSmartCardRW@@UAGJPAPA_WPAJ@Z 1000ba55 f   SmartCardRWImpl.obj
 0001:0000aaac       ?SOProcessID@COPOSSmartCardRW@@UAGJPAJ@Z 1000baac f   SmartCardRWImpl.obj
 0001:0000aac0       ?SetCOFreezeEvents@COPOSSmartCardRW@@IAEXF@Z 1000bac0 f   SmartCardRWImpl.obj
 0001:0000ab4b       ?SetOposProp@COPOSSmartCardRW@@IAEJJJJ@Z 1000bb4b f   SmartCardRWImpl.obj
 0001:0000ac29       ?UpdateFirmware@COPOSSmartCardRW@@UAGJPA_WPAJ@Z 1000bc29 f   SmartCardRWImpl.obj
 0001:0000ac80       ?UpdateStatistics@COPOSSmartCardRW@@UAGJPA_WPAJ@Z 1000bc80 f   SmartCardRWImpl.obj
 0001:0000acd7       ?WriteData@COPOSSmartCardRW@@UAGJJJPA_WPAJ@Z 1000bcd7 f   SmartCardRWImpl.obj
 0001:0000ad7b       ?get_BinaryConversion@COPOSSmartCardRW@@UAGJPAJ@Z 1000bd7b f   SmartCardRWImpl.obj
 0001:0000ad91       ?get_CapCardErrorDetection@COPOSSmartCardRW@@UAGJPAF@Z 1000bd91 f   SmartCardRWImpl.obj
 0001:0000adaa       ?get_CapCompareFirmwareVersion@COPOSSmartCardRW@@UAGJPAF@Z 1000bdaa f   SmartCardRWImpl.obj
 0001:0000adc3       ?get_CapInterfaceMode@COPOSSmartCardRW@@UAGJPAJ@Z 1000bdc3 f   SmartCardRWImpl.obj
 0001:0000addc       ?get_CapIsoEmvMode@COPOSSmartCardRW@@UAGJPAJ@Z 1000bddc f   SmartCardRWImpl.obj
 0001:0000adf5       ?get_CapPowerReporting@COPOSSmartCardRW@@UAGJPAJ@Z 1000bdf5 f   SmartCardRWImpl.obj
 0001:0000ae0e       ?get_CapSCPresentSensor@COPOSSmartCardRW@@UAGJPAJ@Z 1000be0e f   SmartCardRWImpl.obj
 0001:0000ae27       ?get_CapSCSlots@COPOSSmartCardRW@@UAGJPAJ@Z 1000be27 f   SmartCardRWImpl.obj
 0001:0000ae40       ?get_CapStatisticsReporting@COPOSSmartCardRW@@UAGJPAF@Z 1000be40 f   SmartCardRWImpl.obj
 0001:0000ae59       ?get_CapTransmissionProtocol@COPOSSmartCardRW@@UAGJPAJ@Z 1000be59 f   SmartCardRWImpl.obj
 0001:0000ae72       ?get_CapUpdateFirmware@COPOSSmartCardRW@@UAGJPAF@Z 1000be72 f   SmartCardRWImpl.obj
 0001:0000ae8b       ?get_CapUpdateStatistics@COPOSSmartCardRW@@UAGJPAF@Z 1000be8b f   SmartCardRWImpl.obj
 0001:0000aea4       ?get_CheckHealthText@COPOSSmartCardRW@@UAGJPAPA_W@Z 1000bea4 f   SmartCardRWImpl.obj
 0001:0000aebd       ?get_Claimed@COPOSSmartCardRW@@UAGJPAF@Z 1000bebd f   SmartCardRWImpl.obj
 0001:0000aed3       ?get_ControlObjectDescription@COPOSSmartCardRW@@UAGJPAPA_W@Z 1000bed3 f   SmartCardRWImpl.obj
 0001:0000af10       ?get_ControlObjectVersion@COPOSSmartCardRW@@UAGJPAJ@Z 1000bf10 f   SmartCardRWImpl.obj
 0001:0000af23       ?get_DataCount@COPOSSmartCardRW@@UAGJPAJ@Z 1000bf23 f   SmartCardRWImpl.obj
 0001:0000af39       ?get_DataEventEnabled@COPOSSmartCardRW@@UAGJPAF@Z 1000bf39 f   SmartCardRWImpl.obj
 0001:0000af4f       ?get_DeviceDescription@COPOSSmartCardRW@@UAGJPAPA_W@Z 1000bf4f f   SmartCardRWImpl.obj
 0001:0000af68       ?get_DeviceEnabled@COPOSSmartCardRW@@UAGJPAF@Z 1000bf68 f   SmartCardRWImpl.obj
 0001:0000af7e       ?get_DeviceName@COPOSSmartCardRW@@UAGJPAPA_W@Z 1000bf7e f   SmartCardRWImpl.obj
 0001:0000af97       ?get_FreezeEvents@COPOSSmartCardRW@@UAGJPAF@Z 1000bf97 f   SmartCardRWImpl.obj
 0001:0000afad       ?get_InterfaceMode@COPOSSmartCardRW@@UAGJPAJ@Z 1000bfad f   SmartCardRWImpl.obj
 0001:0000afc6       ?get_IsoEmvMode@COPOSSmartCardRW@@UAGJPAJ@Z 1000bfc6 f   SmartCardRWImpl.obj
 0001:0000afdf       ?get_OpenResult@COPOSSmartCardRW@@UAGJPAJ@Z 1000bfdf f   SmartCardRWImpl.obj
 0001:0000aff6       ?get_OutputID@COPOSSmartCardRW@@UAGJPAJ@Z 1000bff6 f   SmartCardRWImpl.obj
 0001:0000b00c       ?get_PowerNotify@COPOSSmartCardRW@@UAGJPAJ@Z 1000c00c f   SmartCardRWImpl.obj
 0001:0000b022       ?get_PowerState@COPOSSmartCardRW@@UAGJPAJ@Z 1000c022 f   SmartCardRWImpl.obj
 0001:0000b038       ?get_ResultCode@COPOSSmartCardRW@@UAGJPAJ@Z 1000c038 f   SmartCardRWImpl.obj
 0001:0000b076       ?get_ResultCodeExtended@COPOSSmartCardRW@@UAGJPAJ@Z 1000c076 f   SmartCardRWImpl.obj
 0001:0000b08c       ?get_SCPresentSensor@COPOSSmartCardRW@@UAGJPAJ@Z 1000c08c f   SmartCardRWImpl.obj
 0001:0000b0a5       ?get_SCSlot@COPOSSmartCardRW@@UAGJPAJ@Z 1000c0a5 f   SmartCardRWImpl.obj
 0001:0000b0be       ?get_ServiceObjectDescription@COPOSSmartCardRW@@UAGJPAPA_W@Z 1000c0be f   SmartCardRWImpl.obj
 0001:0000b0d7       ?get_ServiceObjectVersion@COPOSSmartCardRW@@UAGJPAJ@Z 1000c0d7 f   SmartCardRWImpl.obj
 0001:0000b0ed       ?get_State@COPOSSmartCardRW@@UAGJPAJ@Z 1000c0ed f   SmartCardRWImpl.obj
 0001:0000b119       ?get_TransactionInProgress@COPOSSmartCardRW@@UAGJPAF@Z 1000c119 f   SmartCardRWImpl.obj
 0001:0000b132       ?get_TransmissionProtocol@COPOSSmartCardRW@@UAGJPAJ@Z 1000c132 f   SmartCardRWImpl.obj
 0001:0000b14b       ?put_BinaryConversion@COPOSSmartCardRW@@UAGJJ@Z 1000c14b f   SmartCardRWImpl.obj
 0001:0000b161       ?put_DataEventEnabled@COPOSSmartCardRW@@UAGJF@Z 1000c161 f   SmartCardRWImpl.obj
 0001:0000b17e       ?put_DeviceEnabled@COPOSSmartCardRW@@UAGJF@Z 1000c17e f   SmartCardRWImpl.obj
 0001:0000b19b       ?put_FreezeEvents@COPOSSmartCardRW@@UAGJF@Z 1000c19b f   SmartCardRWImpl.obj
 0001:0000b1e7       ?put_InterfaceMode@COPOSSmartCardRW@@UAGJJ@Z 1000c1e7 f   SmartCardRWImpl.obj
 0001:0000b200       ?put_IsoEmvMode@COPOSSmartCardRW@@UAGJJ@Z 1000c200 f   SmartCardRWImpl.obj
 0001:0000b219       ?put_PowerNotify@COPOSSmartCardRW@@UAGJJ@Z 1000c219 f   SmartCardRWImpl.obj
 0001:0000b22f       ?put_SCSlot@COPOSSmartCardRW@@UAGJJ@Z 1000c22f f   SmartCardRWImpl.obj
 0001:0000b248       ?s_EventWindowProc@COPOSSmartCardRW@@KGJPAUHWND__@@IIJ@Z 1000c248 f i SmartCardRWImpl.obj
 0001:0000b29a       ??_U@YAPAXI@Z              1000c29a f   LIBCMT:new_array.obj
 0001:0000b2a3       ??3@YAXPAXI@Z              1000c2a3 f   LIBCMT:delete_scalar_size.obj
 0001:0000b2b1       ??_V@YAXPAX@Z              1000c2b1 f   LIBCMT:delete_array.obj
 0001:0000b2b6       ??_V@YAXPAXI@Z             1000c2b6 f   LIBCMT:delete_array_size.obj
 0001:0000b308       ___scrt_acquire_startup_lock 1000c308 f   LIBCMT:utility.obj
 0001:0000b33a       ___scrt_dllmain_after_initialize_c 1000c33a f   LIBCMT:utility.obj
 0001:0000b365       ___scrt_dllmain_before_initialize_c 1000c365 f   LIBCMT:utility.obj
 0001:0000b373       ___scrt_dllmain_crt_thread_attach 1000c373 f   LIBCMT:utility.obj
 0001:0000b392       ___scrt_dllmain_crt_thread_detach 1000c392 f   LIBCMT:utility.obj
 0001:0000b39f       ___scrt_dllmain_exception_filter 1000c39f f   LIBCMT:utility.obj
 0001:0000b3d3       ___scrt_dllmain_uninitialize_c 1000c3d3 f   LIBCMT:utility.obj
 0001:0000b3f6       ___scrt_dllmain_uninitialize_critical 1000c3f6 f   LIBCMT:utility.obj
[...]
 0002:00002b94       ?candidate_modules@?1??try_get_SetThreadStackGuarantee@@YAP6GHPAK@ZXZ@4QBW4module_id@?A0x391cf84c@@B 10021b94     libucrt:winapi_thunks.obj
 0002:00002bb8       ?strings@?1??fp_format_nan_or_infinity@@YAHW4__acrt_fp_class@@_NPADI1@Z@4QAY03QBDA 10021bb8     libucrt:cvt.obj
 0002:00003100       ?_mb_locale_names@@3QBQB_WB 10022100     libucrt:mbctype.obj
 0002:00003948       ?LcidToLocaleNameTable@?A0x881e4c05@@3QBULcidToLocaleName@1@B 10022948     libucrt:lcidtoname_downlevel.obj
 0002:00004a70       ?LocaleNameToIndexTable@?A0x881e4c05@@3QBULocaleNameIndex@1@B 10023a70     libucrt:lcidtoname_downlevel.obj
 0002:000062c8       ?large_power_indices@?1??multiply_by_power_of_ten@__crt_strtox@@YA_NAAUbig_integer@2@I@Z@4QBUunpack_index@?1??12@YA_N0I@Z@B 100252c8     libucrt:cfout.obj
 0002:000063b0       LOG_name                   100253b0     libucrt:log10_impl.obj
 0002:000063c0       _One                       100253c0     libucrt:ceil_pentium4.obj
 0002:000063d0       _Bns                       100253d0     libucrt:ceil_pentium4.obj
 0002:000063e0       _Zero                      100253e0     libucrt:ceil_pentium4.obj
 0002:000063f0       _S                         100253f0     libucrt:ceil_pentium4.obj
 0002:00006400       _NegZero                   10025400     libucrt:ceil_pentium4.obj
 0002:00006410       emask                      10025410     libucrt:log10_pentium4.obj
 0002:00006420       CC                         10025420     libucrt:log10_pentium4.obj
 0002:00006430       Magic                      10025430     libucrt:log10_pentium4.obj
 0002:00006440       hi_mask                    10025440     libucrt:log10_pentium4.obj
 0002:00006450       LOG10_2                    10025450     libucrt:log10_pentium4.obj
 0002:00006460       place_L                    10025460     libucrt:log10_pentium4.obj
 0002:00006480       One                        10025480     libucrt:log10_pentium4.obj
 0002:00006490       Zero                       10025490     libucrt:log10_pentium4.obj
 0002:000064a0       Two52                      100254a0     libucrt:log10_pentium4.obj
 0002:000064b0       Infs                       100254b0     libucrt:log10_pentium4.obj
 0002:000064c0       NaN                        100254c0     libucrt:log10_pentium4.obj
 0002:000064d0       coeff                      100254d0     libucrt:log10_pentium4.obj
 0002:0000652e       _log2max                   1002552e     libucrt:87tran.obj
 0002:00006538       _smallarg                  10025538     libucrt:87tran.obj
 0002:00006542       _half                      10025542     libucrt:87tran.obj
 0002:0000658e       One                        1002558e     libucrt:87disp.obj
 0002:00006596       Three                      10025596     libucrt:87disp.obj
 0002:0000659e       XAMtoTagTab                1002559e     libucrt:87disp.obj
 0002:000065b0       One                        100255b0     libucrt:common.obj
 0002:000065c4       DblMax                     100255c4     libucrt:common.obj
 0002:000065cc       DblMin                     100255cc     libucrt:common.obj
 0002:000065d4       IeeeAdjO                   100255d4     libucrt:common.obj
 0002:000065dc       IeeeAdjU                   100255dc     libucrt:common.obj
 0002:000065e4       _infinity                  100255e4     libucrt:common.obj
 0002:000065ec       _zero                      100255ec     libucrt:common.obj
 0002:00006638       _over                      10025638     libucrt:fpctrl.obj
 0002:00006644       _under                     10025644     libucrt:fpctrl.obj
 0002:00006e78       ?_names@?1??_get_fname@@9@9 10025e78     libucrt:fpexcept.obj
 0002:000076c8       __sehtable$?_AtlVerifyStackAvailable@_ATL_SAFE_ALLOCA_IMPL@ATL@@YA_NK@Z 100266c8     SmartCardRW.obj
 0002:000076e8       __sehtable$___scrt_is_nonwritable_in_current_image 100266e8     LIBCMT:utility.obj
 0002:00007704       __catchsym$??2@YAPAXIABUnothrow_t@std@@@Z$2 10026704     LIBCMT:new_scalar_nothrow.obj
 0002:00007714       __unwindtable$??2@YAPAXIABUnothrow_t@std@@@Z 10026714     LIBCMT:new_scalar_nothrow.obj
 0002:00007724       __tryblocktable$??2@YAPAXIABUnothrow_t@std@@@Z 10026724     LIBCMT:new_scalar_nothrow.obj
 0002:00007738       __ehfuncinfo$??2@YAPAXIABUnothrow_t@std@@@Z 10026738     LIBCMT:new_scalar_nothrow.obj
 0002:00007760       __sehtable$?dllmain_crt_process_attach@@YAHQAUHINSTANCE__@@QAX@Z 10026760     LIBCMT:dll_dllmain.obj
 0002:00007780       __sehtable$?dllmain_crt_process_detach@@YAH_N@Z 10026780     LIBCMT:dll_dllmain.obj
 0002:000077a0       __sehtable$?dllmain_dispatch@@YAHQAUHINSTANCE__@@KQAX@Z 100267a0     LIBCMT:dll_dllmain.obj
 0002:00007850       __sehtable$?FrameUnwindToState@__FrameHandler3@@SAXPAUEHRegistrationNode@@PAXPBU_s_FuncInfo@@H@Z 10026850     libvcruntime:frame.obj
 0002:00007878       __sehtable$?CallCatchBlock@@YAPAXPAUEHExceptionRecord@@PAUEHRegistrationNode@@PAU_CONTEXT@@PBU_s_FuncInfo@@PAXHK@Z 10026878     libvcruntime:frame.obj
 0002:000078a0       __catchsym$?CallUnexpected@@YAXPBU_s_ESTypeList@@@Z$2 100268a0     libvcruntime:frame.obj
 0002:000078b0       __unwindtable$?CallUnexpected@@YAXPBU_s_ESTypeList@@@Z 100268b0     libvcruntime:frame.obj
 0002:000078c0       __tryblocktable$?CallUnexpected@@YAXPBU_s_ESTypeList@@@Z 100268c0     libvcruntime:frame.obj
 0002:000078d4       __ehfuncinfo$?CallUnexpected@@YAXPBU_s_ESTypeList@@@Z 100268d4     libvcruntime:frame.obj
 0002:000078f8       __sehtable$??$BuildCatchObjectHelperInternal@V__FrameHandler3@@@@YAHPAUEHExceptionRecord@@PAXPBU_s_HandlerType@@PBU_s_CatchableType@@@Z 100268f8     libvcruntime:frame.obj
 0002:00007918       __sehtable$??$BuildCatchObjectInternal@V__FrameHandler3@@@@YAXPAUEHExceptionRecord@@PAXPBU_s_HandlerType@@PBU_s_CatchableType@@@Z 10026918     libvcruntime:frame.obj
 0002:00007970       __sehtable$___DestructExceptionObject 10026970     libvcruntime:ehhelpers.obj
 0002:00007990       __sehtable$??R<lambda_6e4b09c48022b2350581041d5f6b0c4c>@@QBE@XZ 10026990     libucrt:exit.obj
 0002:000079b0       __sehtable$??$?RV<lambda_03b1d95aef87969028cfba75ccab2455>@@AAV<lambda_6e4b09c48022b2350581041d5f6b0c4c>@@V<lambda_22bdf7517842c4b3e53723af5aa32b9e>@@@?$__crt_seh_guarded_call@X@@QAEX$$QAV<lambda_03b1d95aef87969028cfba75ccab2455>@@AAV<lambda_6e4b09c48022b2350581041d5f6b0c4c>@@$$QAV<lambda_22bdf7517842c4b3e53723af5aa32b9e>@@@Z 100269b0     libucrt:exit.obj
 0002:000079d0       __sehtable$??$?RV<lambda_8e746cf0007f6ed984d6f78af1fec997>@@AAV<lambda_22ebabd17bc4fa466a2aca6d8deb888d>@@V<lambda_18ed0c0b38a6dc0daf1e7ac6d6adf05e>@@@?$__crt_seh_guarded_call@H@@QAEH$$QAV<lambda_8e746cf0007f6ed984d6f78af1fec997>@@AAV<lambda_22ebabd17bc4fa466a2aca6d8deb888d>@@$$QAV<lambda_18ed0c0b38a6dc0daf1e7ac6d6adf05e>@@@Z 100269d0     libucrt:onexit.obj
 0002:000079f0       __sehtable$??$?RV<lambda_69a2805e680e0e292e8ba93315fe43a8>@@AAV<lambda_f03950bc5685219e0bcd2087efbe011e>@@V<lambda_03fcd07e894ec930e3f35da366ca99d6>@@@?$__crt_seh_guarded_call@H@@QAEH$$QAV<lambda_69a2805e680e0e292e8ba93315fe43a8>@@AAV<lambda_f03950bc5685219e0bcd2087efbe011e>@@$$QAV<lambda_03fcd07e894ec930e3f35da366ca99d6>@@@Z 100269f0     libucrt:onexit.obj
 0002:00007a10       __sehtable$__query_new_handler 10026a10     libucrt:new_handler.obj
 0002:00007a30       __sehtable$_terminate      10026a30     libucrt:terminate.obj
 0002:00007a50       __sehtable$??$?RV<lambda_15ade71b0218206bbe3333a0c9b79046>@@AAV<lambda_da44e0f8b0f19ba52fefafb335991732>@@V<lambda_207f2d024fc103971653565357d6cd41>@@@?$__crt_seh_guarded_call@X@@QAEX$$QAV<lambda_15ade71b0218206bbe3333a0c9b79046>@@AAV<lambda_da44e0f8b0f19ba52fefafb335991732>@@$$QAV<lambda_207f2d024fc103971653565357d6cd41>@@@Z 10026a50     libucrt:per_thread_data.obj
 0002:00007a70       __sehtable$??$?RV<lambda_a7e850c220f1c8d1e6efeecdedd162c6>@@AAV<lambda_46720907175c18b6c9d2717bc0d2d362>@@V<lambda_9048902d66e8d99359bc9897bbb930a8>@@@?$__crt_seh_guarded_call@X@@QAEX$$QAV<lambda_a7e850c220f1c8d1e6efeecdedd162c6>@@AAV<lambda_46720907175c18b6c9d2717bc0d2d362>@@$$QAV<lambda_9048902d66e8d99359bc9897bbb930a8>@@@Z 10026a70     libucrt:per_thread_data.obj
 0002:00007a90       __sehtable$??$?RV<lambda_38edbb1296d33220d7e4dd0ed76b244a>@@AAV<lambda_5ce1d447e08cb34b2473517608e21441>@@V<lambda_fb385d3da700c9147fc39e65dd577a8c>@@@?$__crt_seh_guarded_call@X@@QAEX$$QAV<lambda_38edbb1296d33220d7e4dd0ed76b244a>@@AAV<lambda_5ce1d447e08cb34b2473517608e21441>@@$$QAV<lambda_fb385d3da700c9147fc39e65dd577a8c>@@@Z 10026a90     libucrt:per_thread_data.obj
 0002:00007ab0       __sehtable$??$?RV<lambda_6affb1475c98b40b75cdec977db92e3c>@@AAV<lambda_b8d4b9c228a6ecc3f80208dbb4b4a104>@@V<lambda_608742c3c92a14382c1684fc64f96c88>@@@?$__crt_seh_guarded_call@X@@QAEX$$QAV<lambda_6affb1475c98b40b75cdec977db92e3c>@@AAV<lambda_b8d4b9c228a6ecc3f80208dbb4b4a104>@@$$QAV<lambda_608742c3c92a14382c1684fc64f96c88>@@@Z 10026ab0     libucrt:per_thread_data.obj
 0002:00007ad0       __sehtable$??$?RV<lambda_e5124f882df8998aaf41531e079ba474>@@AAV<lambda_3e16ef9562a7dcce91392c22ab16ea36>@@V<lambda_e25ca0880e6ef98be67edffd8c599615>@@@?$__crt_seh_guarded_call@X@@QAEX$$QAV<lambda_e5124f882df8998aaf41531e079ba474>@@AAV<lambda_3e16ef9562a7dcce91392c22ab16ea36>@@$$QAV<lambda_e25ca0880e6ef98be67edffd8c599615>@@@Z 10026ad0     libucrt:wsetlocale.obj
 0002:00007af0       __sehtable$___acrt_initialize_lowio 10026af0     libucrt:ioinit.obj
 0002:00007b10       __sehtable$?update_thread_multibyte_data_internal@@YAPAU__crt_multibyte_data@@QAU__acrt_ptd@@QAPAU1@@Z 10026b10     libucrt:mbctype.obj
 0002:00007b30       __sehtable$??$?RV<lambda_ceb1ee4838e85a9d631eb091e2fbe199>@@AAV<lambda_ae742caa10f662c28703da3d2ea5e57e>@@V<lambda_cd08b5d6af4937fe54fc07d0c9bf6b37>@@@?$__crt_seh_guarded_call@X@@QAEX$$QAV<lambda_ceb1ee4838e85a9d631eb091e2fbe199>@@AAV<lambda_ae742caa10f662c28703da3d2ea5e57e>@@$$QAV<lambda_cd08b5d6af4937fe54fc07d0c9bf6b37>@@@Z 10026b30     libucrt:mbctype.obj
 0002:00007b50       __sehtable$_raise          10026b50     libucrt:signal.obj
 0002:00007b70       __sehtable$??$?RV<lambda_cbab9ec6f41b0180b23cc171c22676b0>@@AAV<lambda_44731a7d0e6d81c3e6aa82d741081786>@@V<lambda_4b292cb8dd18144e164572427af410ab>@@@?$__crt_seh_guarded_call@P6AXH@Z@@QAEP6AXH@Z$$QAV<lambda_cbab9ec6f41b0180b23cc171c22676b0>@@AAV<lambda_44731a7d0e6d81c3e6aa82d741081786>@@$$QAV<lambda_4b292cb8dd18144e164572427af410ab>@@@Z 10026b70     libucrt:signal.obj
 0002:00007b90       __sehtable$??$?RV<lambda_2866be3712abc81a800a822484c830d8>@@AAV<lambda_39ca0ed439415581b5b15c265174cece>@@V<lambda_2b24c74d71094a6cd0cb82e44167d71b>@@@?$__crt_seh_guarded_call@X@@QAEX$$QAV<lambda_2866be3712abc81a800a822484c830d8>@@AAV<lambda_39ca0ed439415581b5b15c265174cece>@@$$QAV<lambda_2b24c74d71094a6cd0cb82e44167d71b>@@@Z 10026b90     libucrt:fflush.obj
 0002:00007bb0       __sehtable$??$?RV<lambda_2cc53f568c5a2bb6f192f930a45d44ea>@@AAV<lambda_ab61a845afdef5b7c387490eaf3616ee>@@V<lambda_c2ffc0b7726aa6be21d5f0026187e748>@@@?$__crt_seh_guarded_call@X@@QAEX$$QAV<lambda_2cc53f568c5a2bb6f192f930a45d44ea>@@AAV<lambda_ab61a845afdef5b7c387490eaf3616ee>@@$$QAV<lambda_c2ffc0b7726aa6be21d5f0026187e748>@@@Z 10026bb0     libucrt:fflush.obj
 0002:00007bd0       __sehtable$___acrt_update_thread_locale_data 10026bd0     libucrt:locale_refcounting.obj
 0002:00007bf0       __sehtable$__fcloseall     10026bf0     libucrt:closeall.obj
 0002:00007c10       __sehtable$___acrt_lowio_ensure_fh_exists 10026c10     libucrt:osfinfo.obj
 0002:00007c30       __sehtable$??$?RV<lambda_9e9de3de5fa147e2223d7db92bc10aa6>@@AAV<lambda_38ce7e780aa69e748d6df282ebc68efe>@@V<lambda_8ca6da459f0f6780f1cff60fdc3d00e5>@@@?$__crt_seh_guarded_call@H@@QAEH$$QAV<lambda_9e9de3de5fa147e2223d7db92bc10aa6>@@AAV<lambda_38ce7e780aa69e748d6df282ebc68efe>@@$$QAV<lambda_8ca6da459f0f6780f1cff60fdc3d00e5>@@@Z 10026c30     libucrt:commit.obj
 0002:00007c50       __sehtable$__write         10026c50     libucrt:write.obj
 0002:00007c70       __sehtable$_fclose         10026c70     libucrt:fclose.obj
 0002:00007c90       __sehtable$??$?RV<lambda_218ce3db14220d0be481dae8ef3383b6>@@AAV<lambda_628dfdc04ba53c8bfc02c9951375f3f5>@@V<lambda_57dc472bd5c9d5f3b2cbca59b8a843ae>@@@?$__crt_seh_guarded_call@H@@QAEH$$QAV<lambda_218ce3db14220d0be481dae8ef3383b6>@@AAV<lambda_628dfdc04ba53c8bfc02c9951375f3f5>@@$$QAV<lambda_57dc472bd5c9d5f3b2cbca59b8a843ae>@@@Z 10026c90     libucrt:close.obj
 0002:00007cb0       __sehtable$__IsNonwritableInCurrentImage 10026cb0     LIBCMT:pesect.obj
 0002:00007ce0       .edata                     10026ce0     OPOSSmartCardRW.exp
 0002:00007d08       rgpv                       10026d08     OPOSSmartCardRW.exp
 0002:00007d18       rgszName                   10026d18     OPOSSmartCardRW.exp
 0002:00007d28       rgwOrd                     10026d28     OPOSSmartCardRW.exp
 0002:00007d30       szName                     10026d30     OPOSSmartCardRW.exp
 0002:00007d44       $N00001                    10026d44     OPOSSmartCardRW.exp
 0002:00007d54       $N00002                    10026d54     OPOSSmartCardRW.exp
 0002:00007d66       $N00003                    10026d66     OPOSSmartCardRW.exp
 0002:00007d78       $N00004                    10026d78     OPOSSmartCardRW.exp
 0002:00008386       .idata$6                   10027386     kernel32:KERNEL32.dll
 0002:0000859a       .idata$6                   1002759a     user32:USER32.dll
 0002:000086ce       .idata$6                   100276ce     gdi32:GDI32.dll
 0002:00008774       .idata$6                   10027774     advapi32:ADVAPI32.dll
 0002:00008890       .idata$6                   10027890     ole32:ole32.dll
 0002:0000889a       .idata$6                   1002789a     oleaut32:OLEAUT32.dll
 0003:00000110       ?ObjectMap@@3PAU_ATL_OBJMAP_ENTRY30@ATL@@A 10028110     SmartCardRW.obj
 0003:000001bc       ?s_RequiredMethodsPerRelease@@3PAHA 100281bc     SmartCardRWImpl.obj
 0003:000001c8       ?s_SOMethodNames@@3PAPADA  100281c8     SmartCardRWImpl.obj
 0003:00000250       ?__vcrt_flsindex@@3KA      10028250     libvcruntime:per_thread_data.obj
 0003:00000270       ?errno_no_memory@@3HA      10028270     libucrt:errno.obj
 0003:00000274       ?doserrno_no_memory@@3KA   10028274     libucrt:errno.obj
 0003:00000280       ?__acrt_flsindex@@3KA      10028280     libucrt:per_thread_data.obj
 0003:00000618       __mbctypes                 10028618     libucrt:mbctype.obj
 0003:00000720       __mbcasemaps               10028720     libucrt:mbctype.obj
 0003:00000820       ?__rgctypeflag@@3PADA      10028820     libucrt:mbctype.obj
 0003:00000828       ?__rgcode_page_info@@3PAUcode_page_info@@A 10028828     libucrt:mbctype.obj
 0003:00000a80       ?__dcrt_lowio_console_output_handle@@3PAXA 10028a80     libucrt:initcon.obj
 0003:00000c18       ?is_initialized_as_dll@@3_NA 10028c18     LIBCMT:utility.obj
 0003:00000c19       ?module_local_atexit_table_initialized@@3_NA 10028c19     LIBCMT:utility.obj
 0003:00000c1c       ?module_local_atexit_table@@3U_onexit_table_t@@A 10028c1c     LIBCMT:utility.obj
 0003:00000c28       ?module_local_at_quick_exit_table@@3U_onexit_table_t@@A 10028c28     LIBCMT:utility.obj
 0003:00000c34       ?g_tss_cv@@3U_RTL_CONDITION_VARIABLE@@A 10028c34     LIBCMT:thread_safe_statics.obj
 0003:00000c38       ?g_tss_event@@3PAXA        10028c38     LIBCMT:thread_safe_statics.obj
 0003:00000c3c       ?g_tss_mutex@@3U_RTL_CRITICAL_SECTION@@A 10028c3c     LIBCMT:thread_safe_statics.obj
 0003:00000c54       ?g_sleep_condition_variable_cs@@3P6GHPAU_RTL_CONDITION_VARIABLE@@PAU_RTL_CRITICAL_SECTION@@K@ZA 10028c54     LIBCMT:thread_safe_statics.obj
 0003:00000c58       ?g_wake_all_condition_variable@@3P6GXPAU_RTL_CONDITION_VARIABLE@@@ZA 10028c58     LIBCMT:thread_safe_statics.obj
 0003:00000c60       _GS_ExceptionRecord        10028c60     LIBCMT:gs_report.obj
 0003:00000cb0       _GS_ContextRecord          10028cb0     LIBCMT:gs_report.obj
 0003:00000f80       ?__proc_attached@@3HA      10028f80     LIBCMT:dll_dllmain.obj
 0003:00000fdc       ?AllocateData@@3P6GPAUAtlThunkData_t@@XZA 10028fdc     atls:atlthunk.obj
 0003:00000fe0       ?InitData@@3P6GXPAUAtlThunkData_t@@PAXI@ZA 10028fe0     atls:atlthunk.obj
 0003:00000fe4       ?DataToCode@@3P6GP6GJPAUHWND__@@IIJ@ZPAUAtlThunkData_t@@@ZA 10028fe4     atls:atlthunk.obj
 0003:00000fe8       ?FreeData@@3P6GXPAUAtlThunkData_t@@@ZA 10028fe8     atls:atlthunk.obj
 0003:00000fec       ?Initialized@@3_NA         10028fec     atls:atlthunk.obj
 0003:00000ff8       ?__vcrt_startup_thread_ptd@@3U__vcrt_ptd@@A 10028ff8     libvcruntime:per_thread_data.obj
 0003:00001020       ___vcrt_lock_table         10029020     libvcruntime:locks.obj
 0003:00001038       ___vcrt_locks_initialized  10029038     libvcruntime:locks.obj
 0003:00001064       ?heap@@3V_HeapManager@@A   10029064     libvcruntime:undname.obj
 0003:00001078       ?module_handles@@3PAPAUHINSTANCE__@@A 10029078     libvcruntime:winapi_downlevel.obj
 0003:00001084       ?function_pointers@@3PAPAXA 10029084     libvcruntime:winapi_downlevel.obj
 0003:0000109c       ?__acrt_invalid_parameter_handler@@3V?$dual_state_global@P6AXPB_W00II@Z@__crt_state_management@@A 1002909c     libucrt:invalid_parameter.obj
 0003:000010a0       ?c_termination_complete@@3JA 100290a0     libucrt:exit.obj
 0003:000010a4       ?thread_local_exit_callback_func@@3P6GXPAXK0@ZA 100290a4     libucrt:exit.obj
 0003:000010b0       ?program_name@?1???$common_configure_argv@D@@YAHW4_crt_argv_mode@@@Z@4PADA 100290b0     libucrt:argv_parsing.obj
 0003:000011e0       ?__acrt_new_handler@@3V?$dual_state_global@P6AHI@Z@__crt_state_management@@A 100291e0     libucrt:new_handler.obj
 0003:000011e8       ?module_handles@@3PAPAUHINSTANCE__@@A 100291e8     libucrt:winapi_thunks.obj
 0003:00001238       ?encoded_function_pointers@@3PAPAXA 10029238     libucrt:winapi_thunks.obj
 0003:000012c0       ?internal_state@?1??_mbtowc_l@@9@4U_Mbstatet@@A 100292c0     libucrt:mbtowc.obj
 0003:000012d0       ?enable_percent_n@@3IA     100292d0     libucrt:printf_count_output.obj
 0003:000014f0       ?__acrt_lock_table@@3PAU_RTL_CRITICAL_SECTION@@A 100294f0     libucrt:locks.obj
 0003:00001640       ?__acrt_locks_initialized@@3IA 10029640     libucrt:locks.obj
 0003:00001650       ?fSystemSet@@3HA           10029650     libucrt:mbctype.obj
 0003:00001654       ?initialized@?1??__acrt_initialize_multibyte@@9@4_NA 10029654     libucrt:mbctype.obj
 0003:00001674       ?ctrlc_action@@3V?$dual_state_global@P6AXH@Z@__crt_state_management@@A 10029674     libucrt:signal.obj
 0003:00001678       ?ctrlbreak_action@@3V?$dual_state_global@P6AXH@Z@__crt_state_management@@A 10029678     libucrt:signal.obj
 0003:0000167c       ?abort_action@@3V?$dual_state_global@P6AXH@Z@__crt_state_management@@A 1002967c     libucrt:signal.obj
 0003:00001680       ?term_action@@3V?$dual_state_global@P6AXH@Z@__crt_state_management@@A 10029680     libucrt:signal.obj
 0003:00001684       ?user_matherr@@3V?$dual_state_global@P6AHPAU_exception@@@Z@__crt_state_management@@A 10029684     libucrt:matherr.obj
 0003:00001688       ?__acrt_global_new_mode@@3V?$dual_state_global@J@__crt_state_management@@A 10029688     libucrt:new_mode.obj
 0003:00001694       ?internal_pst@?1??__mbrtoc32_utf8@__crt_mbstring@@YAIPA_UPBDIPAU_Mbstatet@@@Z@4U3@A 10029694     libucrt:mbrtoc32.obj
 0003:0000169c       ?__acrt_app_type@@3W4_crt_app_type@@A 1002969c     libucrt:report_runtime_error.obj
 0003:000016a4       __pmatherr_set             100296a4     libucrt:libm_error.obj
 0004:00000220       $R000000                   1002a220     SmartCardRW.res
 0004:00000b98       $R000978                   1002ab98     SmartCardRW.res
 0004:00000c80       $R000A60                   1002ac80     SmartCardRW.res
 0004:00000ee8       $R000CC8                   1002aee8     SmartCardRW.res
 0004:000013c0       $R0011A0                   1002b3c0     SmartCardRW.res
 0004:000043e8       $R0041C8                   1002e3e8     SmartCardRW.res
 0004:00004420       $R004200                   1002e420     SmartCardRW.res
