 OPOSMSR

 Timestamp is 61a75af5 (Wed Dec  1 20:22:29 2021)

 Preferred load address is 10000000

 Start         Length     Name                   Class
 0001:00000000 00000080H .text$di                CODE
 0001:00000080 0001f2b8H .text$mn                CODE
 0001:0001f338 000000d8H .text$x                 CODE
 0001:0001f410 00000042H .text$yd                CODE
 0002:00000000 00000300H .idata$5                DATA
 0002:00000300 00000008H .00cfg                  DATA
 0002:00000308 00000004H .CRT$XCA                DATA
 0002:0000030c 00000004H .CRT$XCL                DATA
 0002:00000310 00000010H .CRT$XCU                DATA
 0002:00000320 00000004H .CRT$XCZ                DATA
 0002:00000324 00000004H .CRT$XIA                DATA
 0002:00000328 00000010H .CRT$XIC                DATA
 0002:00000338 00000004H .CRT$XIZ                DATA
 0002:0000033c 00000004H .CRT$XLA                DATA
 0002:00000340 00000004H .CRT$XLZ                DATA
 0002:00000344 00000004H .CRT$XPA                DATA
 0002:00000348 00000008H .CRT$XPX                DATA
 0002:00000350 00000004H .CRT$XPXA               DATA
 0002:00000354 00000004H .CRT$XPZ                DATA
 0002:00000358 00000004H .CRT$XTA                DATA
 0002:0000035c 00000004H .CRT$XTZ                DATA
 0002:00000360 00000000H .gfids$y                DATA
 0002:00000360 00007020H .rdata                  DATA
 0002:00007380 00000000H .rdata$CastGuardVftablesA DATA
 0002:00007380 00000000H .rdata$CastGuardVftablesC DATA
 0002:00007380 00000018H .rdata$T                DATA
 0002:00007398 00000178H .rdata$r                DATA
 0002:00007510 0000002cH .rdata$sxdata           DATA
 0002:0000753c 00000030H .rdata$voltmd           DATA
 0002:0000756c 00000404H .rdata$zzzdbg           DATA
 0002:00007970 00000004H .rtc$IAA                DATA
 0002:00007974 00000004H .rtc$IZZ                DATA
 0002:00007978 00000004H .rtc$TAA                DATA
 0002:0000797c 00000004H .rtc$TZZ                DATA
 0002:00007980 00000004H .tls                    DATA
 0002:00007984 00000004H .tls$                   DATA
 0002:00007988 00000008H .tls$ZZZ                DATA
 0002:00007990 000006dcH .xdata$x                DATA
 0002:0000806c 00000004H ATL$__a                 DATA
 0002:00008070 00000010H ATL$__z                 DATA
 0002:00008080 000000a4H .edata                  DATA
 0002:00008124 00000078H .idata$2                DATA
 0002:0000819c 00000014H .idata$3                DATA
 0002:000081b0 00000300H .idata$4                DATA
 0002:000084b0 00000bceH .idata$6                DATA
 0003:00000000 00000ac0H .data                   DATA
 0003:00000ac0 00000080H .data$r                 DATA
 0003:00000b40 00000018H .data$rs                DATA
 0003:00000b58 00000b80H .bss                    DATA
 0004:00000000 00000220H .rsrc$01                DATA
 0004:00000220 00005b88H .rsrc$02                DATA

  Address         Publics by Value              Rva+Base       Lib:Object

 0000:00000000       ___guard_fids_count        00000000     <absolute>
 0000:00000000       ___guard_eh_cont_table     00000000     <absolute>
 0000:00000000       ___guard_longjmp_table     00000000     <absolute>
 0000:00000000       ___arm64x_extra_rfe_table  00000000     <absolute>
 0000:00000000       ___arm64x_redirection_metadata 00000000     <absolute>
 0000:00000000       ___guard_iat_count         00000000     <absolute>
 0000:00000000       ___guard_eh_cont_count     00000000     <absolute>
 0000:00000000       __except_list              00000000     <absolute>
 0000:00000000       ___x64_code_ranges_to_entry_points_count 00000000     <absolute>
 0000:00000000       ___hybrid_code_map_count   00000000     <absolute>
 0000:00000000       ___x64_code_ranges_to_entry_points 00000000     <absolute>
 0000:00000000       ___guard_iat_table         00000000     <absolute>
 0000:00000000       ___arm64x_native_entrypoint 00000000     <absolute>
 0000:00000000       ___hybrid_code_map         00000000     <absolute>
 0000:00000000       ___arm64x_extra_rfe_table_size 00000000     <absolute>
 0000:00000000       ___guard_longjmp_count     00000000     <absolute>
 0000:00000000       ___guard_check_icall_a64n_fptr 00000000     <absolute>
 0000:00000000       ___arm64x_redirection_metadata_count 00000000     <absolute>
 0000:00000000       ___hybrid_auxiliary_iat    00000000     <absolute>
 0000:00000000       ___dynamic_value_reloc_table 00000000     <absolute>
 0000:00000000       ___AbsoluteZero            00000000     <absolute>
 0000:00000000       ___enclave_config          00000000     <absolute>
 0000:00000000       ___guard_fids_table        00000000     <absolute>
 0000:00000000       ___hybrid_auxiliary_iat_copy 00000000     <absolute>
 0000:0000000b       ___safe_se_handler_count   0000000b     <absolute>
 0000:0000002c       __tls_array                0000002c     <absolute>
 0000:00000100       ___guard_flags             00000100     <absolute>
 0000:00000000       ___ImageBase               10000000     <linker-defined>
 0001:00000080       ?DupWide@_CW@@AAEXXZ       10001080 f   CWString.obj
 0001:0000009c       ?cw_dup@@YGXPBDAAHAAPA_W1@Z 1000109c f   CWString.obj
 0001:00000124       ?cw_memcpy@@YGHPA_WPBDH@Z  10001124 f   CWString.obj
 0001:00000150       ?cw_strcpy@@YAHPA_WPBD@Z   10001150 f   CWString.obj
 0001:00000163       ?cw_strlen@@YAHPBD@Z       10001163 f   CWString.obj
 0001:0000017c       ??0CAtlComModule@ATL@@QAE@XZ 1000117c f i OposVariant.obj
 0001:000001c1       ??0CAtlWinModule@ATL@@QAE@XZ 100011c1 f i OposVariant.obj
 0001:000001f8       ??0OposDispParms@@QAE@PAVOposVariant@@H@Z 100011f8 f   OposVariant.obj
 0001:00000269       ??1OposDispParms@@QAE@XZ   10001269 f   OposVariant.obj
 0001:00000277       ??A?$CSimpleArray@GV?$CSimpleArrayEqualHelper@G@ATL@@@ATL@@QAEAAGH@Z 10001277 f i OposVariant.obj
 0001:0000029c       ??_Estringdispid@CComTypeInfoHolder@ATL@@QAEPAXI@Z 1000129c f i OposVariant.obj
 0001:00000308       ?AtlWinModuleInit@ATL@@YGJPAU_ATL_WIN_MODULE70@1@@Z 10001308 f i OposVariant.obj
 0001:0000032e       ?AtlWinModuleTerm@ATL@@YGJPAU_ATL_WIN_MODULE70@1@PAUHINSTANCE__@@@Z 1000132e f i OposVariant.obj
 0001:00000391       ?ChangeBSTR@OposVariant@@QAEXPAPA_WAAJ@Z 10001391 f   OposVariant.obj
 0001:000003d2       ?ChangeLONG@OposVariant@@QAEXPAJAAJ@Z 100013d2 f   OposVariant.obj
 0001:00000413       ?GetLONG@OposVariant@@QAEJXZ 10001413 f   OposVariant.obj
 0001:0000042e       ?Init@CComCriticalSection@ATL@@QAEJXZ 1000142e f i OposVariant.obj
 0001:00000456       ?RemoveAll@?$CSimpleArray@PAUHINSTANCE__@@V?$CSimpleArrayEqualHelper@PAUHINSTANCE__@@@ATL@@@ATL@@QAEXXZ 10001456 f i atls:atlbase.obj
 0001:00000456       ?RemoveAll@?$CSimpleArray@GV?$CSimpleArrayEqualHelper@G@ATL@@@ATL@@QAEXXZ 10001456 f i OposVariant.obj
 0001:00000473       ?SetBSTR@OposVariant@@QAEXPA_WAAJ@Z 10001473 f   OposVariant.obj
 0001:000004a7       ?SetBSTR_Copy@OposVariant@@QAEXPA_WAAJ@Z 100014a7 f   OposVariant.obj
 0001:000004f7       ?SetBSTR_InOutPtr@OposVariant@@QAE_NPAPA_WAAJ@Z 100014f7 f   OposVariant.obj
 0001:0000052e       ?SetBSTR_OutPtr@OposVariant@@QAE_NPAPA_WAAJ@Z 1000152e f   OposVariant.obj
 0001:0000054a       ?SetDispatch_Ptr@OposVariant@@QAEXPAUIDispatch@@AAJ@Z 1000154a f   OposVariant.obj
 0001:00000585       ?SetLONG@OposVariant@@QAEXJ@Z 10001585 f   OposVariant.obj
 0001:000005a7       ?SetLONG_Ptr@OposVariant@@QAEXPAJAAJ@Z 100015a7 f   OposVariant.obj
 0001:000005da       ?SetString@OposVariant@@QAEXPB_WAAJ@Z 100015da f   OposVariant.obj
 0001:00000620       ?SetVARIANT@OposVariant@@QAEXAAUtagVARIANT@@GAAJ@Z 10001620 f   OposVariant.obj
 0001:00000667       ?SetVARIANT_BOOL@OposVariant@@QAEXF@Z 10001667 f   OposVariant.obj
 0001:00000691       ?Term@CAtlComModule@ATL@@QAEXXZ 10001691 f i OposVariant.obj
 0001:000006db       ?_AtlRaiseException@ATL@@YAXKK@Z 100016db f i OposVariant.obj
 0001:000006f0       ?OnDrawAdvanced@CComControlBase@ATL@@UAEJAAUATL_DRAWINFO@@@Z 100016f0 f i MSR.obj
 0001:000007e3       ?ObjectMain@CComObjectRootBase@ATL@@SGX_N@Z 100017e3 f i MSR.obj
 0001:000007e3       ?OnFinalMessage@?$CWindowImplBaseT@VCWindow@ATL@@V?$CWinTraits@$0FGAAAAAA@$0A@@2@@ATL@@UAEXPAUHWND__@@@Z 100017e3 f i MSR.obj
 0001:000007e6       ?GetObjectDescription@?$CComCoClass@VCOPOSMSR@@$1?CLSID_OPOSMSR@@3U_GUID@@B@ATL@@SGPB_WXZ 100017e6 f i MSR.obj
 0001:000007e6       ?GetCategoryMap@CComObjectRootBase@ATL@@SAPBU_ATL_CATMAP_ENTRY@2@XZ 100017e6 f i MSR.obj
 0001:000007e9       ?Next@?$CComEnumImpl@UIEnumConnections@@$1?_GUID_b196b287_bab4_101a_b69c_00aa00341d07@@3U__s_GUID@@BUtagCONNECTDATA@@V?$_Copy@UtagCONNECTDATA@@@ATL@@@ATL@@UAGJKPAUtagCONNECTDATA@@PAK@Z 100017e9 f i MSR.obj
 0001:000008b8       ?Skip@?$CComEnumImpl@UIEnumConnections@@$1?_GUID_b196b287_bab4_101a_b69c_00aa00341d07@@3U__s_GUID@@BUtagCONNECTDATA@@V?$_Copy@UtagCONNECTDATA@@@ATL@@@ATL@@UAGJK@Z 100018b8 f i MSR.obj
 0001:000008e5       ?Reset@?$CComEnumImpl@UIEnumConnections@@$1?_GUID_b196b287_bab4_101a_b69c_00aa00341d07@@3U__s_GUID@@BUtagCONNECTDATA@@V?$_Copy@UtagCONNECTDATA@@@ATL@@@ATL@@UAGJXZ 100018e5 f i MSR.obj
 0001:000008e5       ?Reset@?$CComEnumImpl@UIEnumConnectionPoints@@$1?_GUID_b196b285_bab4_101a_b69c_00aa00341d07@@3U__s_GUID@@BPAUIConnectionPoint@@V?$_CopyInterface@UIConnectionPoint@@@ATL@@@ATL@@UAGJXZ 100018e5 f i MSR.obj
 0001:000008f7       ?Clone@?$CComEnumImpl@UIEnumConnections@@$1?_GUID_b196b287_bab4_101a_b69c_00aa00341d07@@3U__s_GUID@@BUtagCONNECTDATA@@V?$_Copy@UtagCONNECTDATA@@@ATL@@@ATL@@UAGJPAPAUIEnumConnections@@@Z 100018f7 f i MSR.obj
 0001:000009d8       ?AddRef@?$CComObject@V?$CComEnum@UIEnumConnectionPoints@@$1?_GUID_b196b285_bab4_101a_b69c_00aa00341d07@@3U__s_GUID@@BPAUIConnectionPoint@@V?$_CopyInterface@UIConnectionPoint@@@ATL@@VCComSingleThreadModel@6@@ATL@@@ATL@@UAGKXZ 100019d8 f i MSR.obj
 0001:000009d8       ?AddRef@?$CComObject@V?$CComEnum@UIEnumConnections@@$1?_GUID_b196b287_bab4_101a_b69c_00aa00341d07@@3U__s_GUID@@BUtagCONNECTDATA@@V?$_Copy@UtagCONNECTDATA@@@ATL@@VCComSingleThreadModel@6@@ATL@@@ATL@@UAGKXZ 100019d8 f i MSR.obj
 0001:000009e9       ?Release@?$CComObject@V?$CComEnum@UIEnumConnections@@$1?_GUID_b196b287_bab4_101a_b69c_00aa00341d07@@3U__s_GUID@@BUtagCONNECTDATA@@V?$_Copy@UtagCONNECTDATA@@@ATL@@VCComSingleThreadModel@6@@ATL@@@ATL@@UAGKXZ 100019e9 f i MSR.obj
 0001:000009e9       ?Release@?$CComObject@V?$CComEnum@UIEnumConnectionPoints@@$1?_GUID_b196b285_bab4_101a_b69c_00aa00341d07@@3U__s_GUID@@BPAUIConnectionPoint@@V?$_CopyInterface@UIConnectionPoint@@@ATL@@VCComSingleThreadModel@6@@ATL@@@ATL@@UAGKXZ 100019e9 f i MSR.obj
 0001:00000a25       ?QueryInterface@?$CComObject@V?$CComEnum@UIEnumConnections@@$1?_GUID_b196b287_bab4_101a_b69c_00aa00341d07@@3U__s_GUID@@BUtagCONNECTDATA@@V?$_Copy@UtagCONNECTDATA@@@ATL@@VCComSingleThreadModel@6@@ATL@@@ATL@@UAGJABU_GUID@@PAPAX@Z 10001a25 f i MSR.obj
 0001:00000a3f       ??_G?$CComObject@V?$CComEnum@UIEnumConnections@@$1?_GUID_b196b287_bab4_101a_b69c_00aa00341d07@@3U__s_GUID@@BUtagCONNECTDATA@@V?$_Copy@UtagCONNECTDATA@@@ATL@@VCComSingleThreadModel@6@@ATL@@@ATL@@UAEPAXI@Z 10001a3f f i MSR.obj
 0001:00000a3f       ??_E?$CComObject@V?$CComEnum@UIEnumConnections@@$1?_GUID_b196b287_bab4_101a_b69c_00aa00341d07@@3U__s_GUID@@BUtagCONNECTDATA@@V?$_Copy@UtagCONNECTDATA@@@ATL@@VCComSingleThreadModel@6@@ATL@@@ATL@@UAEPAXI@Z 10001a3f f i MSR.obj
 0001:00000a61       ?CreateInstance@CComClassFactory@ATL@@UAGJPAUIUnknown@@ABU_GUID@@PAPAX@Z 10001a61 f i MSR.obj
 0001:00000a9f       ?LockServer@CComClassFactory@ATL@@UAGJH@Z 10001a9f f i MSR.obj
 0001:00000abe       ??_GCComClassFactory@ATL@@UAEPAXI@Z 10001abe f i MSR.obj
 0001:00000abe       ??_ECComClassFactory@ATL@@UAEPAXI@Z 10001abe f i MSR.obj
 0001:00000ae9       ??_E?$CComObject@VCOPOSMSR@@@ATL@@W3AEPAXI@Z 10001ae9 f i MSR.obj
 0001:00000af1       ??_E?$CComObject@VCOPOSMSR@@@ATL@@WEM@AEPAXI@Z 10001af1 f i MSR.obj
 0001:00000af9       ?QueryInterface@?$CComObject@VCOPOSMSR@@@ATL@@WHA@AGJABU_GUID@@PAPAX@Z 10001af9 f i MSR.obj
 0001:00000b03       ?AddRef@?$CComObject@VCOPOSMSR@@@ATL@@WHA@AGKXZ 10001b03 f i MSR.obj
 0001:00000b0d       ?Release@?$CComObject@VCOPOSMSR@@@ATL@@WHA@AGKXZ 10001b0d f i MSR.obj
 0001:00000b17       ?QueryInterface@?$CComObject@VCOPOSMSR@@@ATL@@WHE@AGJABU_GUID@@PAPAX@Z 10001b17 f i MSR.obj
 0001:00000b21       ?AddRef@?$CComObject@VCOPOSMSR@@@ATL@@WHE@AGKXZ 10001b21 f i MSR.obj
 0001:00000b2b       ?Release@?$CComObject@VCOPOSMSR@@@ATL@@WHE@AGKXZ 10001b2b f i MSR.obj
 0001:00000b35       ?QueryInterface@?$CComObject@VCOPOSMSR@@@ATL@@WHI@AGJABU_GUID@@PAPAX@Z 10001b35 f i MSR.obj
 0001:00000b3f       ?AddRef@?$CComObject@VCOPOSMSR@@@ATL@@WHI@AGKXZ 10001b3f f i MSR.obj
 0001:00000b49       ?Release@?$CComObject@VCOPOSMSR@@@ATL@@WHI@AGKXZ 10001b49 f i MSR.obj
 0001:00000b53       ?QueryInterface@?$CComObject@VCOPOSMSR@@@ATL@@WHM@AGJABU_GUID@@PAPAX@Z 10001b53 f i MSR.obj
 0001:00000b5d       ?AddRef@?$CComObject@VCOPOSMSR@@@ATL@@WHM@AGKXZ 10001b5d f i MSR.obj
 0001:00000b67       ?Release@?$CComObject@VCOPOSMSR@@@ATL@@WHM@AGKXZ 10001b67 f i MSR.obj
 0001:00000b71       ?QueryInterface@?$CComObject@VCOPOSMSR@@@ATL@@WIA@AGJABU_GUID@@PAPAX@Z 10001b71 f i MSR.obj
 0001:00000b7e       ?AddRef@?$CComObject@VCOPOSMSR@@@ATL@@WIA@AGKXZ 10001b7e f i MSR.obj
 0001:00000b8b       ?Release@?$CComObject@VCOPOSMSR@@@ATL@@WIA@AGKXZ 10001b8b f i MSR.obj
 0001:00000b98       ?QueryInterface@?$CComObject@VCOPOSMSR@@@ATL@@WIE@AGJABU_GUID@@PAPAX@Z 10001b98 f i MSR.obj
 0001:00000ba5       ?AddRef@?$CComObject@VCOPOSMSR@@@ATL@@WIE@AGKXZ 10001ba5 f i MSR.obj
 0001:00000bb2       ?Release@?$CComObject@VCOPOSMSR@@@ATL@@WIE@AGKXZ 10001bb2 f i MSR.obj
 0001:00000bbf       ?QueryInterface@?$CComObject@VCOPOSMSR@@@ATL@@WII@AGJABU_GUID@@PAPAX@Z 10001bbf f i MSR.obj
 0001:00000bcc       ?AddRef@?$CComObject@VCOPOSMSR@@@ATL@@WII@AGKXZ 10001bcc f i MSR.obj
 0001:00000bd9       ?Release@?$CComObject@VCOPOSMSR@@@ATL@@WII@AGKXZ 10001bd9 f i MSR.obj
 0001:00000be6       ?QueryInterface@?$CComObject@VCOPOSMSR@@@ATL@@WIM@AGJABU_GUID@@PAPAX@Z 10001be6 f i MSR.obj
 0001:00000bf3       ?AddRef@?$CComObject@VCOPOSMSR@@@ATL@@WIM@AGKXZ 10001bf3 f i MSR.obj
 0001:00000c00       ?Release@?$CComObject@VCOPOSMSR@@@ATL@@WIM@AGKXZ 10001c00 f i MSR.obj
 0001:00000c0d       ?QueryInterface@?$CComObject@VCOPOSMSR@@@ATL@@WJA@AGJABU_GUID@@PAPAX@Z 10001c0d f i MSR.obj
 0001:00000c1a       ?AddRef@?$CComObject@VCOPOSMSR@@@ATL@@WJA@AGKXZ 10001c1a f i MSR.obj
 0001:00000c27       ?Release@?$CComObject@VCOPOSMSR@@@ATL@@WJA@AGKXZ 10001c27 f i MSR.obj
 0001:00000c34       ?QueryInterface@?$CComObject@VCOPOSMSR@@@ATL@@WJE@AGJABU_GUID@@PAPAX@Z 10001c34 f i MSR.obj
 0001:00000c41       ?AddRef@?$CComObject@VCOPOSMSR@@@ATL@@WJE@AGKXZ 10001c41 f i MSR.obj
 0001:00000c4e       ?Release@?$CComObject@VCOPOSMSR@@@ATL@@WJE@AGKXZ 10001c4e f i MSR.obj
 0001:00000c5b       ?QueryInterface@?$CComObject@VCOPOSMSR@@@ATL@@WJI@AGJABU_GUID@@PAPAX@Z 10001c5b f i MSR.obj
 0001:00000c68       ?AddRef@?$CComObject@VCOPOSMSR@@@ATL@@WJI@AGKXZ 10001c68 f i MSR.obj
 0001:00000c75       ?Release@?$CComObject@VCOPOSMSR@@@ATL@@WJI@AGKXZ 10001c75 f i MSR.obj
 0001:00000c82       ?QueryInterface@?$CComObject@VCOPOSMSR@@@ATL@@WJM@AGJABU_GUID@@PAPAX@Z 10001c82 f i MSR.obj
 0001:00000c8f       ?AddRef@?$CComObject@VCOPOSMSR@@@ATL@@WJM@AGKXZ 10001c8f f i MSR.obj
 0001:00000c9c       ?Release@?$CComObject@VCOPOSMSR@@@ATL@@WJM@AGKXZ 10001c9c f i MSR.obj
 0001:00000ca9       ?QueryInterface@?$CComObject@VCOPOSMSR@@@ATL@@WKA@AGJABU_GUID@@PAPAX@Z 10001ca9 f i MSR.obj
 0001:00000cb6       ?AddRef@?$CComObject@VCOPOSMSR@@@ATL@@WKA@AGKXZ 10001cb6 f i MSR.obj
 0001:00000cc3       ?Release@?$CComObject@VCOPOSMSR@@@ATL@@WKA@AGKXZ 10001cc3 f i MSR.obj
 0001:00000cd0       ?AddRef@?$CComObject@VCOPOSMSR@@@ATL@@WKI@AGKXZ 10001cd0 f i MSR.obj
 0001:00000cdd       ?Release@?$CComObject@VCOPOSMSR@@@ATL@@WKI@AGKXZ 10001cdd f i MSR.obj
 0001:00000cea       ?AddRef@?$CComObject@VCOPOSMSR@@@ATL@@WLE@AGKXZ 10001cea f i MSR.obj
 0001:00000cf7       ?Release@?$CComObject@VCOPOSMSR@@@ATL@@WLE@AGKXZ 10001cf7 f i MSR.obj
 0001:00000d04       ??_E?$CComContainedObject@VCOPOSMSR@@@ATL@@W3AEPAXI@Z 10001d04 f i MSR.obj
 0001:00000d0c       ??_E?$CComContainedObject@VCOPOSMSR@@@ATL@@WEM@AEPAXI@Z 10001d0c f i MSR.obj
 0001:00000d14       ?QueryInterface@?$CComContainedObject@VCOPOSMSR@@@ATL@@WHA@AGJABU_GUID@@PAPAX@Z 10001d14 f i MSR.obj
 0001:00000d1e       ?AddRef@?$CComContainedObject@VCOPOSMSR@@@ATL@@WHA@AGKXZ 10001d1e f i MSR.obj
 0001:00000d28       ?Release@?$CComContainedObject@VCOPOSMSR@@@ATL@@WHA@AGKXZ 10001d28 f i MSR.obj
 0001:00000d32       ?QueryInterface@?$CComContainedObject@VCOPOSMSR@@@ATL@@WHE@AGJABU_GUID@@PAPAX@Z 10001d32 f i MSR.obj
 0001:00000d3c       ?AddRef@?$CComContainedObject@VCOPOSMSR@@@ATL@@WHE@AGKXZ 10001d3c f i MSR.obj
 0001:00000d46       ?Release@?$CComContainedObject@VCOPOSMSR@@@ATL@@WHE@AGKXZ 10001d46 f i MSR.obj
 0001:00000d50       ?QueryInterface@?$CComContainedObject@VCOPOSMSR@@@ATL@@WHI@AGJABU_GUID@@PAPAX@Z 10001d50 f i MSR.obj
 0001:00000d5a       ?AddRef@?$CComContainedObject@VCOPOSMSR@@@ATL@@WHI@AGKXZ 10001d5a f i MSR.obj
 0001:00000d64       ?Release@?$CComContainedObject@VCOPOSMSR@@@ATL@@WHI@AGKXZ 10001d64 f i MSR.obj
 0001:00000d6e       ?QueryInterface@?$CComContainedObject@VCOPOSMSR@@@ATL@@WHM@AGJABU_GUID@@PAPAX@Z 10001d6e f i MSR.obj
 0001:00000d78       ?AddRef@?$CComContainedObject@VCOPOSMSR@@@ATL@@WHM@AGKXZ 10001d78 f i MSR.obj
 0001:00000d82       ?Release@?$CComContainedObject@VCOPOSMSR@@@ATL@@WHM@AGKXZ 10001d82 f i MSR.obj
 0001:00000d8c       ?QueryInterface@?$CComContainedObject@VCOPOSMSR@@@ATL@@WIA@AGJABU_GUID@@PAPAX@Z 10001d8c f i MSR.obj
 0001:00000d99       ?AddRef@?$CComContainedObject@VCOPOSMSR@@@ATL@@WIA@AGKXZ 10001d99 f i MSR.obj
 0001:00000da6       ?Release@?$CComContainedObject@VCOPOSMSR@@@ATL@@WIA@AGKXZ 10001da6 f i MSR.obj
 0001:00000db3       ?QueryInterface@?$CComContainedObject@VCOPOSMSR@@@ATL@@WIE@AGJABU_GUID@@PAPAX@Z 10001db3 f i MSR.obj
 0001:00000dc0       ?AddRef@?$CComContainedObject@VCOPOSMSR@@@ATL@@WIE@AGKXZ 10001dc0 f i MSR.obj
 0001:00000dcd       ?Release@?$CComContainedObject@VCOPOSMSR@@@ATL@@WIE@AGKXZ 10001dcd f i MSR.obj
 0001:00000dda       ?QueryInterface@?$CComContainedObject@VCOPOSMSR@@@ATL@@WII@AGJABU_GUID@@PAPAX@Z 10001dda f i MSR.obj
 0001:00000de7       ?AddRef@?$CComContainedObject@VCOPOSMSR@@@ATL@@WII@AGKXZ 10001de7 f i MSR.obj
 0001:00000df4       ?Release@?$CComContainedObject@VCOPOSMSR@@@ATL@@WII@AGKXZ 10001df4 f i MSR.obj
 0001:00000e01       ?QueryInterface@?$CComContainedObject@VCOPOSMSR@@@ATL@@WIM@AGJABU_GUID@@PAPAX@Z 10001e01 f i MSR.obj
 0001:00000e0e       ?AddRef@?$CComContainedObject@VCOPOSMSR@@@ATL@@WIM@AGKXZ 10001e0e f i MSR.obj
 0001:00000e1b       ?Release@?$CComContainedObject@VCOPOSMSR@@@ATL@@WIM@AGKXZ 10001e1b f i MSR.obj
 0001:00000e28       ?QueryInterface@?$CComContainedObject@VCOPOSMSR@@@ATL@@WJA@AGJABU_GUID@@PAPAX@Z 10001e28 f i MSR.obj
 0001:00000e35       ?AddRef@?$CComContainedObject@VCOPOSMSR@@@ATL@@WJA@AGKXZ 10001e35 f i MSR.obj
 0001:00000e42       ?Release@?$CComContainedObject@VCOPOSMSR@@@ATL@@WJA@AGKXZ 10001e42 f i MSR.obj
 0001:00000e4f       ?QueryInterface@?$CComContainedObject@VCOPOSMSR@@@ATL@@WJE@AGJABU_GUID@@PAPAX@Z 10001e4f f i MSR.obj
 0001:00000e5c       ?AddRef@?$CComContainedObject@VCOPOSMSR@@@ATL@@WJE@AGKXZ 10001e5c f i MSR.obj
 0001:00000e69       ?Release@?$CComContainedObject@VCOPOSMSR@@@ATL@@WJE@AGKXZ 10001e69 f i MSR.obj
 0001:00000e76       ?QueryInterface@?$CComContainedObject@VCOPOSMSR@@@ATL@@WJI@AGJABU_GUID@@PAPAX@Z 10001e76 f i MSR.obj
 0001:00000e83       ?AddRef@?$CComContainedObject@VCOPOSMSR@@@ATL@@WJI@AGKXZ 10001e83 f i MSR.obj
 0001:00000e90       ?Release@?$CComContainedObject@VCOPOSMSR@@@ATL@@WJI@AGKXZ 10001e90 f i MSR.obj
 0001:00000e9d       ?QueryInterface@?$CComContainedObject@VCOPOSMSR@@@ATL@@WJM@AGJABU_GUID@@PAPAX@Z 10001e9d f i MSR.obj
 0001:00000eaa       ?AddRef@?$CComContainedObject@VCOPOSMSR@@@ATL@@WJM@AGKXZ 10001eaa f i MSR.obj
 0001:00000eb7       ?Release@?$CComContainedObject@VCOPOSMSR@@@ATL@@WJM@AGKXZ 10001eb7 f i MSR.obj
 0001:00000ec4       ?QueryInterface@?$CComContainedObject@VCOPOSMSR@@@ATL@@WKA@AGJABU_GUID@@PAPAX@Z 10001ec4 f i MSR.obj
 0001:00000ed1       ?AddRef@?$CComContainedObject@VCOPOSMSR@@@ATL@@WKA@AGKXZ 10001ed1 f i MSR.obj
 0001:00000ede       ?Release@?$CComContainedObject@VCOPOSMSR@@@ATL@@WKA@AGKXZ 10001ede f i MSR.obj
 0001:00000eeb       ?AddRef@?$CComContainedObject@VCOPOSMSR@@@ATL@@WKI@AGKXZ 10001eeb f i MSR.obj
 0001:00000ef8       ?Release@?$CComContainedObject@VCOPOSMSR@@@ATL@@WKI@AGKXZ 10001ef8 f i MSR.obj
 0001:00000f05       ?AddRef@?$CComContainedObject@VCOPOSMSR@@@ATL@@WLE@AGKXZ 10001f05 f i MSR.obj
 0001:00000f12       ?Release@?$CComContainedObject@VCOPOSMSR@@@ATL@@WLE@AGKXZ 10001f12 f i MSR.obj
 0001:00000f1f       ?GetWindowProc@?$CWindowImplBaseT@VCWindow@ATL@@V?$CWinTraits@$0FGAAAAAA@$0A@@2@@ATL@@UAEP6GJPAUHWND__@@IIJ@ZXZ 10001f1f f i MSR.obj
 0001:00000f25       ?StartWindowProc@?$CWindowImplBaseT@VCWindow@ATL@@V?$CWinTraits@$0FGAAAAAA@$0A@@2@@ATL@@SGJPAUHWND__@@IIJ@Z 10001f25 f i MSR.obj
 0001:00000f79       ?GetTypeInfoCount@?$IDispatchImpl@UIOPOSMSR@@$1?IID_IOPOSMSR@@3U_GUID@@B$1?LIBID_OposMSR_CCO@@3U3@B$00$0A@VCComTypeInfoHolder@ATL@@@ATL@@UAGJPAI@Z 10001f79 f i MSR.obj
 0001:00000f96       ?GetTypeInfo@?$IDispatchImpl@UIOPOSMSR@@$1?IID_IOPOSMSR@@3U_GUID@@B$1?LIBID_OposMSR_CCO@@3U3@B$00$0A@VCComTypeInfoHolder@ATL@@@ATL@@UAGJIKPAPAUITypeInfo@@@Z 10001f96 f i MSR.obj
 0001:00000fba       ?GetIDsOfNames@?$IDispatchImpl@UIOPOSMSR@@$1?IID_IOPOSMSR@@3U_GUID@@B$1?LIBID_OposMSR_CCO@@3U3@B$00$0A@VCComTypeInfoHolder@ATL@@@ATL@@UAGJABU_GUID@@PAPA_WIKPAJ@Z 10001fba f i MSR.obj
 0001:00000fda       ?Invoke@?$IDispatchImpl@UIOPOSMSR@@$1?IID_IOPOSMSR@@3U_GUID@@B$1?LIBID_OposMSR_CCO@@3U3@B$00$0A@VCComTypeInfoHolder@ATL@@@ATL@@UAGJJABU_GUID@@KGPAUtagDISPPARAMS@@PAUtagVARIANT@@PAUtagEXCEPINFO@@PAI@Z 10001fda f i MSR.obj
 0001:00000fe8       ?CreateControlWindow@?$CComControl@VCOPOSMSR@@V?$CWindowImpl@VCOPOSMSR@@VCWindow@ATL@@V?$CWinTraits@$0FGAAAAAA@$0A@@3@@ATL@@@ATL@@UAEPAUHWND__@@PAU3@AAUtagRECT@@@Z 10001fe8 f i MSR.obj
 0001:00001017       ?ControlQueryInterface@?$CComControl@VCOPOSMSR@@V?$CWindowImpl@VCOPOSMSR@@VCWindow@ATL@@V?$CWinTraits@$0FGAAAAAA@$0A@@3@@ATL@@@ATL@@UAEJABU_GUID@@PAPAX@Z 10002017 f i MSR.obj
 0001:00001032       ?GetClassID@?$IPersistStorageImpl@VCOPOSMSR@@@ATL@@UAGJPAU_GUID@@@Z 10002032 f i MSR.obj
 0001:00001032       ?GetUserClassID@?$IOleObjectImpl@VCOPOSMSR@@@ATL@@UAGJPAU_GUID@@@Z 10002032 f i MSR.obj
 0001:00001032       ?GetClassID@?$IPersistStreamInitImpl@VCOPOSMSR@@@ATL@@UAGJPAU_GUID@@@Z 10002032 f i MSR.obj
 0001:00001056       ?IsDirty@?$IPersistStreamInitImpl@VCOPOSMSR@@@ATL@@UAGJXZ 10002056 f i MSR.obj
 0001:00001075       ?Load@?$IPersistStreamInitImpl@VCOPOSMSR@@@ATL@@UAGJPAUIStream@@@Z 10002075 f i MSR.obj
 0001:00001094       ?Save@?$IPersistStreamInitImpl@VCOPOSMSR@@@ATL@@UAGJPAUIStream@@H@Z 10002094 f i MSR.obj
 0001:000010b6       ?GetSizeMax@?$IPersistStreamInitImpl@VCOPOSMSR@@@ATL@@UAGJPAT_ULARGE_INTEGER@@@Z 100020b6 f i MSR.obj
 0001:00001295       ?InitNew@?$IPersistStreamInitImpl@VCOPOSMSR@@@ATL@@UAGJXZ 10002295 f i MSR.obj
 0001:000012b2       ?SetColorScheme@?$IOleObjectImpl@VCOPOSMSR@@@ATL@@UAGJPAUtagLOGPALETTE@@@Z 100022b2 f i MSR.obj
 0001:000012b2       ?SOOutputCompleteDummy@COPOSMSR@@MAGJJ@Z 100022b2 f i MSR.obj
 0001:000012b2       ?GetDropTarget@?$IOleInPlaceObjectWindowlessImpl@VCOPOSMSR@@@ATL@@UAGJPAPAUIDropTarget@@@Z 100022b2 f i MSR.obj
 0001:000012b2       ?Unfreeze@?$IViewObjectExImpl@VCOPOSMSR@@@ATL@@UAGJK@Z 100022b2 f i MSR.obj
 0001:000012b2       ?OnMnemonic@?$IOleControlImpl@VCOPOSMSR@@@ATL@@UAGJPAUtagMSG@@@Z 100022b2 f i MSR.obj
 0001:000012b2       ?ContextSensitiveHelp@?$IOleInPlaceActiveObjectImpl@VCOPOSMSR@@@ATL@@UAGJH@Z 100022b2 f i MSR.obj
 0001:000012b2       ?ContextSensitiveHelp@?$IOleInPlaceObjectWindowlessImpl@VCOPOSMSR@@@ATL@@UAGJH@Z 100022b2 f i MSR.obj
 0001:000012b2       ?GetControlInfo@?$IOleControlImpl@VCOPOSMSR@@@ATL@@UAGJPAUtagCONTROLINFO@@@Z 100022b2 f i MSR.obj
 0001:000012b2       ?QueryGetData@?$IDataObjectImpl@VCOPOSMSR@@@ATL@@UAGJPAUtagFORMATETC@@@Z 100022b2 f i MSR.obj
 0001:000012ba       ?OnFrameWindowActivate@?$IOleInPlaceActiveObjectImpl@VCOPOSMSR@@@ATL@@UAGJH@Z 100022ba f i MSR.obj
 0001:000012ba       ?SaveCompleted@?$IPersistStorageImpl@VCOPOSMSR@@@ATL@@UAGJPAUIStorage@@@Z 100022ba f i MSR.obj
 0001:000012ba       ?EnableModeless@?$IOleInPlaceActiveObjectImpl@VCOPOSMSR@@@ATL@@UAGJH@Z 100022ba f i MSR.obj
 0001:000012ba       ?OnAmbientPropertyChange@?$IOleControlImpl@VCOPOSMSR@@@ATL@@UAGJJ@Z 100022ba f i MSR.obj
 0001:000012bf       ?SetClientSite@?$IOleObjectImpl@VCOPOSMSR@@@ATL@@UAGJPAUIOleClientSite@@@Z 100022bf f i MSR.obj
 0001:000012dc       ?GetClientSite@?$IOleObjectImpl@VCOPOSMSR@@@ATL@@UAGJPAPAUIOleClientSite@@@Z 100022dc f i MSR.obj
 0001:000012f9       ?SetHostNames@?$IOleObjectImpl@VCOPOSMSR@@@ATL@@UAGJPB_W0@Z 100022f9 f i MSR.obj
 0001:000012fe       ?Close@?$IOleObjectImpl@VCOPOSMSR@@@ATL@@UAGJK@Z 100022fe f i MSR.obj
 0001:0000131b       ?SetMoniker@?$IOleObjectImpl@VCOPOSMSR@@@ATL@@UAGJKPAUIMoniker@@@Z 1000231b f i MSR.obj
 0001:0000131b       ?EnumFormatEtc@?$IDataObjectImpl@VCOPOSMSR@@@ATL@@UAGJKPAPAUIEnumFORMATETC@@@Z 1000231b f i MSR.obj
 0001:0000131b       ?GetClipboardData@?$IOleObjectImpl@VCOPOSMSR@@@ATL@@UAGJKPAPAUIDataObject@@@Z 1000231b f i MSR.obj
 0001:0000131b       ?GetDataHere@?$IDataObjectImpl@VCOPOSMSR@@@ATL@@UAGJPAUtagFORMATETC@@PAUtagSTGMEDIUM@@@Z 1000231b f i MSR.obj
 0001:0000131b       ?GetRect@?$IViewObjectExImpl@VCOPOSMSR@@@ATL@@UAGJKPAU_RECTL@@@Z 1000231b f i MSR.obj
 0001:0000131b       ?GetCanonicalFormatEtc@?$IDataObjectImpl@VCOPOSMSR@@@ATL@@UAGJPAUtagFORMATETC@@0@Z 1000231b f i MSR.obj
 0001:0000131b       ?QueryInterface@CRegObject@ATL@@UAGJABU_GUID@@PAPAX@Z 1000231b f i MSR.obj
 0001:00001323       ?SetData@?$IDataObjectImpl@VCOPOSMSR@@@ATL@@UAGJPAUtagFORMATETC@@PAUtagSTGMEDIUM@@H@Z 10002323 f i MSR.obj
 0001:00001323       ?InitFromData@?$IOleObjectImpl@VCOPOSMSR@@@ATL@@UAGJPAUIDataObject@@HK@Z 10002323 f i MSR.obj
 0001:00001323       ?GetMoniker@?$IOleObjectImpl@VCOPOSMSR@@@ATL@@UAGJKKPAPAUIMoniker@@@Z 10002323 f i MSR.obj
 0001:0000132b       ?DoVerb@?$IOleObjectImpl@VCOPOSMSR@@@ATL@@UAGJJPAUtagMSG@@PAUIOleClientSite@@JPAUHWND__@@PBUtagRECT@@@Z 1000232b f i MSR.obj
 0001:0000141f       ?EnumVerbs@?$IOleObjectImpl@VCOPOSMSR@@@ATL@@UAGJPAPAUIEnumOLEVERB@@@Z 1000241f f i MSR.obj
 0001:00001441       ?HandsOffStorage@?$IPersistStorageImpl@VCOPOSMSR@@@ATL@@UAGJXZ 10002441 f i MSR.obj
 0001:00001441       ?Release@CRegObject@ATL@@UAGKXZ 10002441 f i MSR.obj
 0001:00001441       ?IsUpToDate@?$IOleObjectImpl@VCOPOSMSR@@@ATL@@UAGJXZ 10002441 f i MSR.obj
 0001:00001441       ?Update@?$IOleObjectImpl@VCOPOSMSR@@@ATL@@UAGJXZ 10002441 f i MSR.obj
 0001:00001446       ?GetUserType@?$IOleObjectImpl@VCOPOSMSR@@@ATL@@UAGJKPAPA_W@Z 10002446 f i MSR.obj
 0001:0000145e       ?SetExtent@?$IOleObjectImpl@VCOPOSMSR@@@ATL@@UAGJKPAUtagSIZE@@@Z 1000245e f i MSR.obj
 0001:0000147e       ?GetExtent@?$IOleObjectImpl@VCOPOSMSR@@@ATL@@UAGJKPAUtagSIZE@@@Z 1000247e f i MSR.obj
 0001:000014bc       ?Advise@?$IOleObjectImpl@VCOPOSMSR@@@ATL@@UAGJPAUIAdviseSink@@PAK@Z 100024bc f i MSR.obj
 0001:000014dc       ?Unadvise@?$IOleObjectImpl@VCOPOSMSR@@@ATL@@UAGJK@Z 100024dc f i MSR.obj
 0001:0000150b       ?EnumAdvise@?$IOleObjectImpl@VCOPOSMSR@@@ATL@@UAGJPAPAUIEnumSTATDATA@@@Z 1000250b f i MSR.obj
 0001:0000154b       ?GetMiscStatus@?$IOleObjectImpl@VCOPOSMSR@@@ATL@@UAGJKPAK@Z 1000254b f i MSR.obj
 0001:00001563       ?GetWindow@?$IOleInPlaceActiveObjectImpl@VCOPOSMSR@@@ATL@@UAGJPAPAUHWND__@@@Z 10002563 f i MSR.obj
 0001:000015b0       ?TranslateAcceleratorW@?$IOleInPlaceActiveObjectImpl@VCOPOSMSR@@@ATL@@UAGJPAUtagMSG@@@Z 100025b0 f i MSR.obj
 0001:0000165e       ?OnDocWindowActivate@?$IOleInPlaceActiveObjectImpl@VCOPOSMSR@@@ATL@@UAGJH@Z 1000265e f i MSR.obj
 0001:00001680       ?ResizeBorder@?$IOleInPlaceActiveObjectImpl@VCOPOSMSR@@@ATL@@UAGJPBUtagRECT@@PAUIOleInPlaceUIWindow@@H@Z 10002680 f i MSR.obj
 0001:00001685       ?Draw@?$IViewObjectExImpl@VCOPOSMSR@@@ATL@@UAGJKJPAXPAUtagDVTARGETDEVICE@@PAUHDC__@@2PBU_RECTL@@3P6GHK@ZK@Z 10002685 f i MSR.obj
 0001:000016b7       ?GetColorSet@?$IViewObjectExImpl@VCOPOSMSR@@@ATL@@UAGJKJPAXPAUtagDVTARGETDEVICE@@PAUHDC__@@PAPAUtagLOGPALETTE@@@Z 100026b7 f i MSR.obj
 0001:000016bf       ?Freeze@?$IViewObjectExImpl@VCOPOSMSR@@@ATL@@UAGJKJPAXPAK@Z 100026bf f i MSR.obj
 0001:000016c7       ?SetAdvise@?$IViewObjectExImpl@VCOPOSMSR@@@ATL@@UAGJKKPAUIAdviseSink@@@Z 100026c7 f i MSR.obj
 0001:000016e6       ?GetAdvise@?$IViewObjectExImpl@VCOPOSMSR@@@ATL@@UAGJPAK0PAPAUIAdviseSink@@@Z 100026e6 f i MSR.obj
 0001:0000171b       ?GetExtent@?$IViewObjectExImpl@VCOPOSMSR@@@ATL@@UAGJKJPAUtagDVTARGETDEVICE@@PAUtagSIZE@@@Z 1000271b f i MSR.obj
 0001:0000174c       ?GetViewStatus@?$IViewObjectExImpl@VCOPOSMSR@@@ATL@@UAGJPAK@Z 1000274c f i MSR.obj
 0001:00001769       ?QueryHitPoint@?$IViewObjectExImpl@VCOPOSMSR@@@ATL@@UAGJKPBUtagRECT@@UtagPOINT@@JPAK@Z 10002769 f i MSR.obj
 0001:000017aa       ?QueryHitRect@?$IViewObjectExImpl@VCOPOSMSR@@@ATL@@UAGJKPBUtagRECT@@0JPAK@Z 100027aa f i MSR.obj
 0001:00001805       ?GetNaturalExtent@?$IViewObjectExImpl@VCOPOSMSR@@@ATL@@UAGJKJPAUtagDVTARGETDEVICE@@PAUHDC__@@PAUtagExtentInfo@@PAUtagSIZE@@@Z 10002805 f i MSR.obj
 0001:00001850       ?GetWindow@?$IOleInPlaceObjectWindowlessImpl@VCOPOSMSR@@@ATL@@UAGJPAPAUHWND__@@@Z 10002850 f i MSR.obj
 0001:0000189d       ?InPlaceDeactivate@?$IOleInPlaceObjectWindowlessImpl@VCOPOSMSR@@@ATL@@UAGJXZ 1000289d f i MSR.obj
 0001:000018b7       ?UIDeactivate@?$IOleInPlaceObjectWindowlessImpl@VCOPOSMSR@@@ATL@@UAGJXZ 100028b7 f i MSR.obj
 0001:000018d1       ?SetObjectRects@?$IOleInPlaceObjectWindowlessImpl@VCOPOSMSR@@@ATL@@UAGJPBUtagRECT@@0@Z 100028d1 f i MSR.obj
 0001:000018f1       ?ReactivateAndUndo@?$IOleInPlaceObjectWindowlessImpl@VCOPOSMSR@@@ATL@@UAGJXZ 100028f1 f i MSR.obj
 0001:000018f9       ?OnWindowMessage@?$IOleInPlaceObjectWindowlessImpl@VCOPOSMSR@@@ATL@@UAGJIIJPAJ@Z 100028f9 f i MSR.obj
 0001:00001969       ?EnumConnectionPoints@?$IConnectionPointContainerImpl@VCOPOSMSR@@@ATL@@UAGJPAPAUIEnumConnectionPoints@@@Z 10002969 f i MSR.obj
 0001:00001af9       ?FindConnectionPoint@?$IConnectionPointContainerImpl@VCOPOSMSR@@@ATL@@UAGJABU_GUID@@PAPAUIConnectionPoint@@@Z 10002af9 f i MSR.obj
 0001:00001b9c       ?IsDirty@?$IPersistStorageImpl@VCOPOSMSR@@@ATL@@UAGJXZ 10002b9c f i MSR.obj
 0001:00001bcc       ?InitNew@?$IPersistStorageImpl@VCOPOSMSR@@@ATL@@UAGJPAUIStorage@@@Z 10002bcc f i MSR.obj
 0001:00001bfc       ?Load@?$IPersistStorageImpl@VCOPOSMSR@@@ATL@@UAGJPAUIStorage@@@Z 10002bfc f i MSR.obj
 0001:00001c68       ?Save@?$IPersistStorageImpl@VCOPOSMSR@@@ATL@@UAGJPAUIStorage@@H@Z 10002c68 f i MSR.obj
 0001:00001cdb       ?Lock@CAtlModule@ATL@@UAEJXZ 10002cdb f i MSR.obj
 0001:00001ce5       ?Unlock@CAtlModule@ATL@@UAEJXZ 10002ce5 f i MSR.obj
 0001:00001cef       ?GetLockCount@CAtlModule@ATL@@UAEJXZ 10002cef f i MSR.obj
 0001:00001cf3       ?GetGITPtr@CAtlModule@ATL@@UAEJPAPAUIGlobalInterfaceTable@@@Z 10002cf3 f i MSR.obj
 0001:00001d3f       ?GetPages@?$ISpecifyPropertyPagesImpl@VCOPOSMSR@@@ATL@@UAGJPAUtagCAUUID@@@Z 10002d3f f i MSR.obj
 0001:00001d56       ?QuickActivate@?$IQuickActivateImpl@VCOPOSMSR@@@ATL@@UAGJPAUtagQACONTAINER@@PAUtagQACONTROL@@@Z 10002d56 f i MSR.obj
 0001:00001d79       ?SetContentExtent@?$IQuickActivateImpl@VCOPOSMSR@@@ATL@@UAGJPAUtagSIZE@@@Z 10002d79 f i MSR.obj
 0001:00001da5       ?GetContentExtent@?$IQuickActivateImpl@VCOPOSMSR@@@ATL@@UAGJPAUtagSIZE@@@Z 10002da5 f i MSR.obj
 0001:00001de1       ?GetData@?$IDataObjectImpl@VCOPOSMSR@@@ATL@@UAGJPAUtagFORMATETC@@PAUtagSTGMEDIUM@@@Z 10002de1 f i MSR.obj
 0001:00001e04       ?DAdvise@?$IDataObjectImpl@VCOPOSMSR@@@ATL@@UAGJPAUtagFORMATETC@@KPAUIAdviseSink@@PAK@Z 10002e04 f i MSR.obj
 0001:00001e45       ?DUnadvise@?$IDataObjectImpl@VCOPOSMSR@@@ATL@@UAGJK@Z 10002e45 f i MSR.obj
 0001:00001e73       ?EnumDAdvise@?$IDataObjectImpl@VCOPOSMSR@@@ATL@@UAGJPAPAUIEnumSTATDATA@@@Z 10002e73 f i MSR.obj
 0001:00001eb2       ?GetClassInfoW@?$IProvideClassInfo2Impl@$1?CLSID_OPOSMSR@@3U_GUID@@B$1?DIID__IOPOSMSREvents@@3U2@B$1?LIBID_OposMSR_CCO@@3U2@B$00$0A@VCComTypeInfoHolder@ATL@@@ATL@@UAGJPAPAUITypeInfo@@@Z 10002eb2 f i MSR.obj
 0001:00001ec8       ?GetGUID@?$IProvideClassInfo2Impl@$1?CLSID_OPOSMSR@@3U_GUID@@B$1?DIID__IOPOSMSREvents@@3U2@B$1?LIBID_OposMSR_CCO@@3U2@B$00$0A@VCComTypeInfoHolder@ATL@@@ATL@@UAGJKPAU_GUID@@@Z 10002ec8 f i MSR.obj
 0001:00001f06       ?FAccessAllowed@?$IObjectSafetyImpl@VCOPOSMSR@@$02@ATL@@MAEHXZ 10002f06 f i MSR.obj
 0001:00001f06       __get_startup_argv_mode    10002f06 f i LIBCMT:argv_mode.obj
 0001:00001f0a       ?GetInterfaceSafetyOptions@?$IObjectSafetyImpl@VCOPOSMSR@@$02@ATL@@UAGJABU_GUID@@PAK1@Z 10002f0a f i MSR.obj
 0001:00001f7d       ?SetInterfaceSafetyOptions@?$IObjectSafetyImpl@VCOPOSMSR@@$02@ATL@@UAGJABU_GUID@@KK@Z 10002f7d f i MSR.obj
 0001:00001ff7       ?_LocCPQueryInterface@?$IConnectionPointImpl@VCOPOSMSR@@$1?DIID__IOPOSMSREvents@@3U_GUID@@BVCComDynamicUnkArray@ATL@@@ATL@@UAGJABU_GUID@@PAPAX@Z 10002ff7 f i MSR.obj
 0001:00001ff7       ?_LocCPQueryInterface@?$IConnectionPointImpl@VCOPOSMSR@@$1?IID_IPropertyNotifySink@@3U_GUID@@BVCComDynamicUnkArray@ATL@@@ATL@@UAGJABU_GUID@@PAPAX@Z 10002ff7 f i MSR.obj
 0001:00002044       ?GetConnectionInterface@?$IConnectionPointImpl@VCOPOSMSR@@$1?IID_IPropertyNotifySink@@3U_GUID@@BVCComDynamicUnkArray@ATL@@@ATL@@UAGJPAU_GUID@@@Z 10003044 f i MSR.obj
 0001:00002068       ?GetConnectionPointContainer@?$IConnectionPointImpl@VCOPOSMSR@@$1?IID_IPropertyNotifySink@@3U_GUID@@BVCComDynamicUnkArray@ATL@@@ATL@@UAGJPAPAUIConnectionPointContainer@@@Z 10003068 f i MSR.obj
 0001:0000208b       ?Advise@?$IConnectionPointImpl@VCOPOSMSR@@$1?DIID__IOPOSMSREvents@@3U_GUID@@BVCComDynamicUnkArray@ATL@@@ATL@@UAGJPAUIUnknown@@PAK@Z 1000308b f i MSR.obj
 0001:0000208b       ?Advise@?$IConnectionPointImpl@VCOPOSMSR@@$1?IID_IPropertyNotifySink@@3U_GUID@@BVCComDynamicUnkArray@ATL@@@ATL@@UAGJPAUIUnknown@@PAK@Z 1000308b f i MSR.obj
 0001:0000212b       ?Unadvise@?$IConnectionPointImpl@VCOPOSMSR@@$1?IID_IPropertyNotifySink@@3U_GUID@@BVCComDynamicUnkArray@ATL@@@ATL@@UAGJK@Z 1000312b f i MSR.obj
 0001:0000212b       ?Unadvise@?$IConnectionPointImpl@VCOPOSMSR@@$1?DIID__IOPOSMSREvents@@3U_GUID@@BVCComDynamicUnkArray@ATL@@@ATL@@UAGJK@Z 1000312b f i MSR.obj
 0001:0000216b       ?EnumConnections@?$IConnectionPointImpl@VCOPOSMSR@@$1?IID_IPropertyNotifySink@@3U_GUID@@BVCComDynamicUnkArray@ATL@@@ATL@@UAGJPAPAUIEnumConnections@@@Z 1000316b f i MSR.obj
 0001:0000216b       ?EnumConnections@?$IConnectionPointImpl@VCOPOSMSR@@$1?DIID__IOPOSMSREvents@@3U_GUID@@BVCComDynamicUnkArray@ATL@@@ATL@@UAGJPAPAUIEnumConnections@@@Z 1000316b f i MSR.obj
 0001:0000226e       ?AddCommonRGSReplacements@?$CAtlModuleT@VCComModule@ATL@@@ATL@@UAEJPAUIRegistrarBase@@@Z 1000326e f i MSR.obj
 0001:00002288       ?GetConnectionInterface@?$IConnectionPointImpl@VCOPOSMSR@@$1?DIID__IOPOSMSREvents@@3U_GUID@@BVCComDynamicUnkArray@ATL@@@ATL@@UAGJPAU_GUID@@@Z 10003288 f i MSR.obj
 0001:000022ac       ?GetConnectionPointContainer@?$IConnectionPointImpl@VCOPOSMSR@@$1?DIID__IOPOSMSREvents@@3U_GUID@@BVCComDynamicUnkArray@ATL@@@ATL@@UAGJPAPAUIConnectionPointContainer@@@Z 100032ac f i MSR.obj
 0001:000022cf       ?UpdateRegistryFromResourceD@CComModule@ATL@@UAGJPB_WHPAU_ATL_REGMAP_ENTRY@2@@Z 100032cf f i MSR.obj
 0001:000022cf       ?UpdateRegistryFromResourceD@CComModule@ATL@@UAGJIHPAU_ATL_REGMAP_ENTRY@2@@Z 100032cf f i MSR.obj
 0001:000022d7       ?UpdateRegistryFromResource@CComModule@ATL@@UAGJPB_WHPAU_ATL_REGMAP_ENTRY@2@@Z 100032d7 f i MSR.obj
 0001:000022e0       ?UpdateRegistryFromResource@CComModule@ATL@@UAGJIHPAU_ATL_REGMAP_ENTRY@2@@Z 100032e0 f i MSR.obj
 0001:000022e9       ?UpdateRegistry@COPOSMSR@@SGJH@Z 100032e9 f i MSR.obj
 0001:00002301       ??_ECComModule@ATL@@UAEPAXI@Z 10003301 f i MSR.obj
 0001:00002301       ??_GCComModule@ATL@@UAEPAXI@Z 10003301 f i MSR.obj
 0001:00002329       ?ProcessWindowMessage@COPOSMSR@@UAEHPAUHWND__@@IIJAAJK@Z 10003329 f i MSR.obj
 0001:00002376       ?SOData@COPOSMSR@@MAGJJ@Z  10003376 f i MSR.obj
 0001:000023af       ?SODirectIO@COPOSMSR@@MAGJJPAJPAPA_W@Z 100033af f i MSR.obj
 0001:000023f8       ?SOError@COPOSMSR@@MAGJJJJPAJ@Z 100033f8 f i MSR.obj
 0001:0000244d       ?SOStatusUpdate@COPOSMSR@@MAGJJ@Z 1000344d f i MSR.obj
 0001:00002486       ?CreateInstance@?$CComCreator@V?$CComObjectCached@VCComClassFactory@ATL@@@ATL@@@ATL@@SGJPAXABU_GUID@@PAPAX@Z 10003486 f i MSR.obj
 0001:00002527       ?CreateInstance@?$CComCreator2@V?$CComCreator@V?$CComObject@VCOPOSMSR@@@ATL@@@ATL@@V?$CComCreator@V?$CComAggObject@VCOPOSMSR@@@ATL@@@2@@ATL@@SGJPAXABU_GUID@@PAPAX@Z 10003527 f i MSR.obj
 0001:00002547       ?AddRef@?$CComObjectCached@VCComClassFactory@ATL@@@ATL@@UAGKXZ 10003547 f i MSR.obj
 0001:0000256e       ?Release@?$CComObjectCached@VCComClassFactory@ATL@@@ATL@@UAGKXZ 1000356e f i MSR.obj
 0001:000025a4       ?QueryInterface@?$CComObjectCached@VCComClassFactory@ATL@@@ATL@@UAGJABU_GUID@@PAPAX@Z 100035a4 f i MSR.obj
 0001:000025be       ??_E?$CComObjectCached@VCComClassFactory@ATL@@@ATL@@UAEPAXI@Z 100035be f i MSR.obj
 0001:000025be       ??_G?$CComObjectCached@VCComClassFactory@ATL@@@ATL@@UAEPAXI@Z 100035be f i MSR.obj
 0001:000025e0       ?Next@?$CComEnumImpl@UIEnumConnectionPoints@@$1?_GUID_b196b285_bab4_101a_b69c_00aa00341d07@@3U__s_GUID@@BPAUIConnectionPoint@@V?$_CopyInterface@UIConnectionPoint@@@ATL@@@ATL@@UAGJKPAPAUIConnectionPoint@@PAK@Z 100035e0 f i MSR.obj
 0001:000026af       ?Skip@?$CComEnumImpl@UIEnumConnectionPoints@@$1?_GUID_b196b285_bab4_101a_b69c_00aa00341d07@@3U__s_GUID@@BPAUIConnectionPoint@@V?$_CopyInterface@UIConnectionPoint@@@ATL@@@ATL@@UAGJK@Z 100036af f i MSR.obj
 0001:000026dc       ?Clone@?$CComEnumImpl@UIEnumConnectionPoints@@$1?_GUID_b196b285_bab4_101a_b69c_00aa00341d07@@3U__s_GUID@@BPAUIConnectionPoint@@V?$_CopyInterface@UIConnectionPoint@@@ATL@@@ATL@@UAGJPAPAUIEnumConnectionPoints@@@Z 100036dc f i MSR.obj
 0001:000027bd       ?QueryInterface@?$CComObject@V?$CComEnum@UIEnumConnectionPoints@@$1?_GUID_b196b285_bab4_101a_b69c_00aa00341d07@@3U__s_GUID@@BPAUIConnectionPoint@@V?$_CopyInterface@UIConnectionPoint@@@ATL@@VCComSingleThreadModel@6@@ATL@@@ATL@@UAGJABU_GUID@@PAPAX@Z 100037bd f i MSR.obj
 0001:000027d7       ??_E?$CComObject@V?$CComEnum@UIEnumConnectionPoints@@$1?_GUID_b196b285_bab4_101a_b69c_00aa00341d07@@3U__s_GUID@@BPAUIConnectionPoint@@V?$_CopyInterface@UIConnectionPoint@@@ATL@@VCComSingleThreadModel@6@@ATL@@@ATL@@UAEPAXI@Z 100037d7 f i MSR.obj
 0001:000027d7       ??_G?$CComObject@V?$CComEnum@UIEnumConnectionPoints@@$1?_GUID_b196b285_bab4_101a_b69c_00aa00341d07@@3U__s_GUID@@BPAUIConnectionPoint@@V?$_CopyInterface@UIConnectionPoint@@@ATL@@VCComSingleThreadModel@6@@ATL@@@ATL@@UAEPAXI@Z 100037d7 f i MSR.obj
 0001:000027f9       ?AddRef@CRegObject@ATL@@UAGKXZ 100037f9 f i MSR.obj
 0001:000027ff       ?AddReplacement@CRegObject@ATL@@UAGJPB_W0@Z 100037ff f i MSR.obj
 0001:00002838       ?ClearReplacements@CRegObject@ATL@@UAGJXZ 10003838 f i MSR.obj
 0001:0000284a       ??_GCRegObject@ATL@@UAEPAXI@Z 1000384a f i MSR.obj
 0001:0000284a       ??_ECRegObject@ATL@@UAEPAXI@Z 1000384a f i MSR.obj
 0001:0000286c       ?AddRef@?$CComAggObject@VCOPOSMSR@@@ATL@@UAGKXZ 1000386c f i MSR.obj
 0001:0000287d       ?Release@?$CComAggObject@VCOPOSMSR@@@ATL@@UAGKXZ 1000387d f i MSR.obj
 0001:000028b9       ?QueryInterface@?$CComAggObject@VCOPOSMSR@@@ATL@@UAGJABU_GUID@@PAPAX@Z 100038b9 f i MSR.obj
 0001:00002908       ?AddRef@?$CComContainedObject@VCOPOSMSR@@@ATL@@UAGKXZ 10003908 f i MSR.obj
 0001:0000291e       ?Release@?$CComContainedObject@VCOPOSMSR@@@ATL@@UAGKXZ 1000391e f i MSR.obj
 0001:00002934       ?QueryInterface@?$CComContainedObject@VCOPOSMSR@@@ATL@@UAGJABU_GUID@@PAPAX@Z 10003934 f i MSR.obj
 0001:0000294f       ??_G?$CComAggObject@VCOPOSMSR@@@ATL@@UAEPAXI@Z 1000394f f i MSR.obj
 0001:0000294f       ??_E?$CComAggObject@VCOPOSMSR@@@ATL@@UAEPAXI@Z 1000394f f i MSR.obj
 0001:00002974       ?AddRef@?$CComObject@VCOPOSMSR@@@ATL@@UAGKXZ 10003974 f i MSR.obj
 0001:0000298b       ?Release@?$CComObject@VCOPOSMSR@@@ATL@@UAGKXZ 1000398b f i MSR.obj
 0001:000029cd       ?QueryInterface@?$CComObject@VCOPOSMSR@@@ATL@@UAGJABU_GUID@@PAPAX@Z 100039cd f i MSR.obj
 0001:000029e7       ??$?4UITypeInfo2@@@?$CComPtr@UITypeInfo@@@ATL@@QAEPAUITypeInfo@@ABV?$CComPtr@UITypeInfo2@@@1@@Z 100039e7 f i MSR.obj
 0001:00002a14       ??$AtlAdd@K@ATL@@YAJPAKKK@Z 10003a14 f i MSR.obj
 0001:00002a37       ??$AtlAdd@_K@ATL@@YAJPA_K_K1@Z 10003a37 f i MSR.obj
 0001:00002a6f       ??$AtlAddThrow@K@ATL@@YAKKK@Z 10003a6f f i MSR.obj
 0001:00002a95       ??$AtlModuleRegisterWndClassInfoT@VAtlModuleRegisterWndClassInfoParamW@ATL@@@ATL@@YAGPAU_ATL_BASE_MODULE70@0@PAU_ATL_WIN_MODULE70@0@PAU_ATL_WNDCLASSINFOW@0@PAP6GJPAUHWND__@@IIJ@ZVAtlModuleRegisterWndClassInfoParamW@0@@Z 10003a95 f i MSR.obj
 0001:00002be2       ??$AtlMultiply@H@ATL@@YAJPAHHH@Z 10003be2 f i MSR.obj
 0001:00002c1a       ??$AtlMultiply@I@ATL@@YAJPAIII@Z 10003c1a f i MSR.obj
 0001:00002c1a       ??$AtlMultiply@K@ATL@@YAJPAKKK@Z 10003c1a f i MSR.obj
 0001:00002c3c       ??$AtlMultiplyThrow@I@ATL@@YAIII@Z 10003c3c f i MSR.obj
 0001:00002c62       ??0?$CComAggObject@VCOPOSMSR@@@ATL@@QAE@PAX@Z 10003c62 f i MSR.obj
 0001:00002c8f       ??0?$CComContainedObject@VCOPOSMSR@@@ATL@@QAE@PAX@Z 10003c8f f i MSR.obj
 0001:00002d48       ??0?$CComObject@V?$CComEnum@UIEnumConnectionPoints@@$1?_GUID_b196b285_bab4_101a_b69c_00aa00341d07@@3U__s_GUID@@BPAUIConnectionPoint@@V?$_CopyInterface@UIConnectionPoint@@@ATL@@VCComSingleThreadModel@6@@ATL@@@ATL@@QAE@PAX@Z 10003d48 f i MSR.obj
 0001:00002d76       ??0?$CComObject@V?$CComEnum@UIEnumConnections@@$1?_GUID_b196b287_bab4_101a_b69c_00aa00341d07@@3U__s_GUID@@BUtagCONNECTDATA@@V?$_Copy@UtagCONNECTDATA@@@ATL@@VCComSingleThreadModel@6@@ATL@@@ATL@@QAE@PAX@Z 10003d76 f i MSR.obj
 0001:00002da4       ??0?$CComObject@VCOPOSMSR@@@ATL@@QAE@PAX@Z 10003da4 f i MSR.obj
 0001:00002e5b       ??0?$CComQIPtr@UIOleControlSite@@$1?_GUID_b196b289_bab4_101a_b69c_00aa00341d07@@3U__s_GUID@@B@ATL@@QAE@PAUIUnknown@@@Z 10003e5b f i MSR.obj
 0001:00002e84       ??0CAtlModule@ATL@@QAE@XZ  10003e84 f i MSR.obj
 0001:00002ec5       ??0CParseBuffer@CRegParser@ATL@@QAE@H@Z 10003ec5 f i MSR.obj
 0001:00002efb       ??0_ATL_MSG@ATL@@QAE@PAUHWND__@@IIJH@Z 10003efb f i MSR.obj
 0001:00002f33       ??1?$CComAggObject@VCOPOSMSR@@@ATL@@UAE@XZ 10003f33 f i MSR.obj
 0001:00002f57       ??1?$CComEnumImpl@UIEnumConnectionPoints@@$1?_GUID_b196b285_bab4_101a_b69c_00aa00341d07@@3U__s_GUID@@BPAUIConnectionPoint@@V?$_CopyInterface@UIConnectionPoint@@@ATL@@@ATL@@UAE@XZ 10003f57 f i MSR.obj
 0001:00002f93       ??1?$CComEnumImpl@UIEnumConnections@@$1?_GUID_b196b287_bab4_101a_b69c_00aa00341d07@@3U__s_GUID@@BUtagCONNECTDATA@@V?$_Copy@UtagCONNECTDATA@@@ATL@@@ATL@@UAE@XZ 10003f93 f i MSR.obj
 0001:00002fcf       ??1?$CComObject@V?$CComEnum@UIEnumConnectionPoints@@$1?_GUID_b196b285_bab4_101a_b69c_00aa00341d07@@3U__s_GUID@@BPAUIConnectionPoint@@V?$_CopyInterface@UIConnectionPoint@@@ATL@@VCComSingleThreadModel@6@@ATL@@@ATL@@UAE@XZ 10003fcf f i MSR.obj
 0001:00002ff2       ??1?$CComObject@V?$CComEnum@UIEnumConnections@@$1?_GUID_b196b287_bab4_101a_b69c_00aa00341d07@@3U__s_GUID@@BUtagCONNECTDATA@@V?$_Copy@UtagCONNECTDATA@@@ATL@@VCComSingleThreadModel@6@@ATL@@@ATL@@UAE@XZ 10003ff2 f i MSR.obj
 0001:00003015       ??1?$CComObject@VCOPOSMSR@@@ATL@@UAE@XZ 10004015 f i MSR.obj
 0001:000030d3       ??1?$CComObjectCached@VCComClassFactory@ATL@@@ATL@@UAE@XZ 100040d3 f i MSR.obj
 0001:000030e9       ??1?$CComObjectRootEx@VCComMultiThreadModel@ATL@@@ATL@@QAE@XZ 100040e9 f i MSR.obj
 0001:000030fe       ??1CRegObject@ATL@@UAE@XZ  100040fe f i MSR.obj
 0001:0000311e       ??4?$CComPtr@UIUnknown@@@ATL@@QAEPAUIUnknown@@PAU2@@Z 1000411e f i MSR.obj
 0001:0000311e       ??4?$CComPtr@UIOleClientSite@@@ATL@@QAEPAUIOleClientSite@@PAU2@@Z 1000411e f i MSR.obj
 0001:0000311e       ??4?$CComPtr@UIAdviseSink@@@ATL@@QAEPAUIAdviseSink@@PAU2@@Z 1000411e f i MSR.obj
 0001:0000314c       ??_G?$CComContainedObject@VCOPOSMSR@@@ATL@@UAEPAXI@Z 1000414c f i MSR.obj
 0001:0000314c       ??_E?$CComContainedObject@VCOPOSMSR@@@ATL@@UAEPAXI@Z 1000414c f i MSR.obj
 0001:00003171       ??_G?$CComObject@VCOPOSMSR@@@ATL@@UAEPAXI@Z 10004171 f i MSR.obj
 0001:00003171       ??_E?$CComObject@VCOPOSMSR@@@ATL@@UAEPAXI@Z 10004171 f i MSR.obj
 0001:00003196       ?Add@?$CSimpleArray@GV?$CSimpleArrayEqualHelper@G@ATL@@@ATL@@QAEHABG@Z 10004196 f i MSR.obj
 0001:00003210       ?Add@?$CSimpleMap@PA_WPA_WVCExpansionVectorEqualHelper@ATL@@@ATL@@QAEHABQA_W0@Z 10004210 f i MSR.obj
 0001:00003265       ?Add@CComDynamicUnkArray@ATL@@QAEKPAUIUnknown@@@Z 10004265 f i MSR.obj
 0001:00003316       ?Add@CExpansionVector@ATL@@QAEHPB_W0@Z 10004316 f i MSR.obj
 0001:0000341f       ?AddString@CParseBuffer@CRegParser@ATL@@QAEHPB_W@Z 1000441f f i MSR.obj
 0001:00003454       ?AddTermFunc@CAtlModule@ATL@@QAEJP6GXK@ZK@Z 10004454 f i MSR.obj
 0001:000034c0       ?AddValue@CRegParser@ATL@@IAEJAAVCRegKey@2@PB_WPA_W@Z 100044c0 f i MSR.obj
 0001:000037da       ?Allocate@?$CAtlSafeAllocBufferManager@VCCRTAllocator@ATL@@@_ATL_SAFE_ALLOCA_IMPL@ATL@@QAEPAXK@Z 100047da f i MSR.obj
 0001:00003807       ?Allocate@?$CTempBuffer@E$0BAA@VCCRTAllocator@ATL@@@ATL@@QAEPAEI@Z 10004807 f i MSR.obj
 0001:00003836       ?Allocate@?$CTempBuffer@_W$0BAA@VCCRTAllocator@ATL@@@ATL@@QAEPA_WI@Z 10004836 f i MSR.obj
 0001:00003865       ?Allocate@?$CTempBuffer@_W$0EAA@VCCRTAllocator@ATL@@@ATL@@QAEPA_WI@Z 10004865 f i MSR.obj
 0001:00003894       ?AllocateHeap@?$CTempBuffer@E$0BAA@VCCRTAllocator@ATL@@@ATL@@AAEXI@Z 10004894 f i MSR.obj
 0001:00003894       ?AllocateHeap@?$CTempBuffer@_W$0EAA@VCCRTAllocator@ATL@@@ATL@@AAEXI@Z 10004894 f i MSR.obj
 0001:00003894       ?AllocateHeap@?$CTempBuffer@_W$0BAA@VCCRTAllocator@ATL@@@ATL@@AAEXI@Z 10004894 f i MSR.obj
 0001:000038b9       ?Append@CParseBuffer@CRegParser@ATL@@QAEHPB_WH@Z 100048b9 f i MSR.obj
 0001:00003945       ?AtlCoTaskMemCAlloc@ATL@@YAPAXKK@Z 10004945 f i MSR.obj
 0001:00003972       ?AtlCoTaskMemRecalloc@ATL@@YAPAXPAXKK@Z 10004972 f i MSR.obj
 0001:000039a2       ?AtlComModuleGetClassObject@ATL@@YGJPAU_ATL_COM_MODULE70@1@ABU_GUID@@1PAPAX@Z 100049a2 f i MSR.obj
 0001:00003a97       ?AtlComModuleRegisterServer@ATL@@YGJPAU_ATL_COM_MODULE70@1@HPBU_GUID@@@Z 10004a97 f i MSR.obj
 0001:00003b1f       ?AtlComModuleUnregisterServer@ATL@@YGJPAU_ATL_COM_MODULE70@1@HPBU_GUID@@@Z 10004b1f f i MSR.obj
 0001:00003ba7       ?AtlComQIPtrAssign2@ATL@@YAXPAPAUIUnknown@@PAU2@ABU_GUID@@@Z 10004ba7 f i MSR.obj
 0001:00003bd6       ?AtlCreateTargetDC@ATL@@YGPAUHDC__@@PAU2@PAUtagDVTARGETDEVICE@@@Z 10004bd6 f i MSR.obj
 0001:00003c3f       ?AtlCrtErrorCheck@ATL@@YAHH@Z 10004c3f f i MSR.obj
 0001:00003c7a       ?AtlHiMetricToPixel@ATL@@YGXPBUtagSIZE@@PAU2@@Z 10004c7a f i MSR.obj
 0001:00003cef       ?AtlHresultFromLastError@ATL@@YAJXZ 10004cef f i MSR.obj
 0001:00003d06       ?AtlHresultFromWin32@ATL@@YAJK@Z 10004d06 f i MSR.obj
 0001:00003d1b       ?AtlInternalOleLoadFromStream@ATL@@YAJPAUIStream@@ABU_GUID@@PAPAXTClassesAllowedInStream@1@K@Z 10004d1b f i MSR.obj
 0001:00003e44       ?AtlInternalQueryInterface@ATL@@YGJPAXPBU_ATL_INTMAP_ENTRY@1@ABU_GUID@@PAPAX@Z 10004e44 f i MSR.obj
 0001:00003ee7       ?AtlLoadTypeLib@ATL@@YGJPAUHINSTANCE__@@PB_WPAPA_WPAPAUITypeLib@@@Z 10004ee7 f i MSR.obj
 0001:000040c5       ?AtlRegisterClassCategoriesHelper@ATL@@YGJABU_GUID@@PBU_ATL_CATMAP_ENTRY@1@H@Z 100050c5 f i MSR.obj
 0001:000043c1       ?AtlRegisterTypeLib@ATL@@YGJPAUHINSTANCE__@@PB_W@Z 100053c1 f i MSR.obj
 0001:00004549       ?AtlThrowImpl@ATL@@YGXJ@Z  10005549 f i MSR.obj
 0001:00004567       ?AtlUnRegisterTypeLib@ATL@@YGJPAUHINSTANCE__@@PB_W@Z 10005567 f i MSR.obj
 0001:00004612       ?AtlWinModuleAddCreateWndData@ATL@@YGXPAU_ATL_WIN_MODULE70@1@PAU_AtlCreateWndData@1@PAX@Z 10005612 f i MSR.obj
 0001:00004666       ?AtlWinModuleExtractCreateWndData@ATL@@YGPAXPAU_ATL_WIN_MODULE70@1@@Z 10005666 f i MSR.obj
 0001:000046ca       ?AtlWinModuleRegisterClassExW@ATL@@YGGPAU_ATL_WIN_MODULE70@1@PBUtagWNDCLASSEXW@@@Z 100056ca f i MSR.obj
 0001:00004709       ?CanForceRemoveKey@CRegParser@ATL@@IAEHPB_W@Z 10005709 f i MSR.obj
 0001:00004738       ?ChToByte@CRegParser@ATL@@KAE_W@Z 10005738 f i MSR.obj
 0001:000047c0       ?Cleanup@CComTypeInfoHolder@ATL@@SGXK@Z 100057c0 f i MSR.obj
 0001:000047f3       ?ClearReplacements@CExpansionVector@ATL@@QAEJXZ 100057f3 f i MSR.obj
 0001:00004830       ?Close@CRegKey@ATL@@QAEJXZ 10005830 f i MSR.obj
 0001:0000484a       ?CreateInstance@?$CComCreator@V?$CComAggObject@VCOPOSMSR@@@ATL@@@ATL@@SGJPAXABU_GUID@@PAPAX@Z 1000584a f i MSR.obj
 0001:000048bf       ?CreateInstance@?$CComCreator@V?$CComObject@VCOPOSMSR@@@ATL@@@ATL@@SGJPAXABU_GUID@@PAPAX@Z 100058bf f i MSR.obj
 0001:00004948       ?CreateInstance@?$CComObject@V?$CComEnum@UIEnumConnectionPoints@@$1?_GUID_b196b285_bab4_101a_b69c_00aa00341d07@@3U__s_GUID@@BPAUIConnectionPoint@@V?$_CopyInterface@UIConnectionPoint@@@ATL@@VCComSingleThreadModel@6@@ATL@@@ATL@@SGJPAPAV12@@Z 10005948 f i MSR.obj
 0001:00004992       ?CreateInstance@?$CComObject@V?$CComEnum@UIEnumConnections@@$1?_GUID_b196b287_bab4_101a_b69c_00aa00341d07@@3U__s_GUID@@BUtagCONNECTDATA@@V?$_Copy@UtagCONNECTDATA@@@ATL@@VCComSingleThreadModel@6@@ATL@@@ATL@@SGJPAPAV12@@Z 10005992 f i MSR.obj
 0001:000049dc       ?DefaultReflectionHandler@?$CWindowImplRoot@VCWindow@ATL@@@ATL@@SAHPAUHWND__@@IIJAAJ@Z 100059dc f i MSR.obj
 0001:00004a7c       ?DeleteSubKey@CRegKey@ATL@@QAEJPB_W@Z 10005a7c f i MSR.obj
 0001:00004af5       ?DoEvent@COPOSMSR@@IAEXIIJ@Z 10005af5 f i MSR.obj
 0001:00004b75       ?DoVerbHide@?$IOleObjectImpl@VCOPOSMSR@@@ATL@@QAEJPBUtagRECT@@PAUHWND__@@@Z 10005b75 f i MSR.obj
 0001:00004bab       ?DoVerbInPlaceActivate@?$IOleObjectImpl@VCOPOSMSR@@@ATL@@QAEJPBUtagRECT@@PAUHWND__@@@Z 10005bab f i MSR.obj
 0001:00004bde       ?DoVerbPrimary@?$IOleObjectImpl@VCOPOSMSR@@@ATL@@QAEJPBUtagRECT@@PAUHWND__@@@Z 10005bde f i MSR.obj
 0001:00004c6a       ?DoVerbProperties@CComControlBase@ATL@@QAEJPBUtagRECT@@PAUHWND__@@@Z 10005c6a f i MSR.obj
 0001:00004de9       ?DoVerbUIActivate@?$IOleObjectImpl@VCOPOSMSR@@@ATL@@QAEJPBUtagRECT@@PAUHWND__@@@Z 10005de9 f i MSR.obj
 0001:00004e26       ?DoesVerbActivate@CComControlBase@ATL@@QAEHJ@Z 10005e26 f i MSR.obj
 0001:00004e4a       ?DoesVerbUIActivate@CComControlBase@ATL@@QAEHJ@Z 10005e4a f i MSR.obj
 0001:00004e7f       ?EndOfVar@CRegParser@ATL@@IAEHXZ 10005e7f f i MSR.obj
 0001:00004e9f       ?EscapeSingleQuote@CAtlModule@ATL@@SAXPA_WIPB_W@Z 10005e9f f i MSR.obj
 0001:00004eee       ?FindKey@?$CSimpleMap@PA_WPA_WVCExpansionVectorEqualHelper@ATL@@@ATL@@QBEHABQA_W@Z 10005eee f i MSR.obj
 0001:00004f25       ?FireTheEvent@?$CProxy_IOPOSEvents@VCOPOSMSR@@@@IAEXPAVOposVariant@@IAAJPB_WJ@Z 10005f25 f i MSR.obj
 0001:00004fb7       ?FireViewChange@CComControlBase@ATL@@QAEJXZ 10005fb7 f i MSR.obj
 0001:00005000       ?Fire_DataEvent@?$CProxy_IOPOSEvents@VCOPOSMSR@@@@QAEXJ@Z 10006000 f i MSR.obj
 0001:00005096       ?Fire_DirectIOEvent@?$CProxy_IOPOSEvents@VCOPOSMSR@@@@QAEXJPAJPAPA_W@Z 10006096 f i MSR.obj
 0001:00005182       ?Fire_ErrorEvent@?$CProxy_IOPOSEvents@VCOPOSMSR@@@@QAEXJJJPAJ@Z 10006182 f i MSR.obj
 0001:00005273       ?Fire_StatusUpdateEvent@?$CProxy_IOPOSEvents@VCOPOSMSR@@@@QAEXJ@Z 10006273 f i MSR.obj
 0001:00005309       ?FreeHeap@?$CTempBuffer@E$0BAA@VCCRTAllocator@ATL@@@ATL@@AAEXXZ 10006309 f i MSR.obj
 0001:00005309       ?FreeHeap@?$CTempBuffer@_W$0EAA@VCCRTAllocator@ATL@@@ATL@@AAEXXZ 10006309 f i MSR.obj
 0001:00005309       ?FreeHeap@?$CTempBuffer@_W$0BAA@VCCRTAllocator@ATL@@@ATL@@AAEXXZ 10006309 f i MSR.obj
 0001:00005312       ?GetAmbientLocaleID@CComControlBase@ATL@@QAEJAAK@Z 10006312 f i MSR.obj
 0001:0000536e       ?GetAmbientUserMode@CComControlBase@ATL@@QAEJAAH@Z 1000636e f i MSR.obj
 0001:000053de       ?GetAt@CComDynamicUnkArray@ATL@@QAEPAUIUnknown@@H@Z 100063de f i MSR.obj
 0001:000053fa       ?GetClassObject@CComModule@ATL@@QAEJABU_GUID@@0PAPAX@Z 100063fa f i MSR.obj
 0001:0000549c       ?GetConnMap@COPOSMSR@@SAPBU_ATL_CONNMAP_ENTRY@ATL@@PAH@Z 1000649c f i MSR.obj
 0001:0000550c       ?GetCookie@CComDynamicUnkArray@ATL@@QAGKPAPAUIUnknown@@@Z 1000650c f i MSR.obj
 0001:00005544       ?GetIDsOfNames@CComTypeInfoHolder@ATL@@QAEJABU_GUID@@PAPA_WIKPAJ@Z 10006544 f i MSR.obj
 0001:00005664       ?GetKeyAt@?$CSimpleMap@PA_WPA_WVCExpansionVectorEqualHelper@ATL@@@ATL@@QBEAAPA_WH@Z 10006664 f i MSR.obj
 0001:00005689       ?GetPagesHelper@?$ISpecifyPropertyPagesImpl@VCOPOSMSR@@@ATL@@IAEJPAUtagCAUUID@@PBUATL_PROPMAP_ENTRY@2@@Z 10006689 f i MSR.obj
 0001:000057b0       ?GetProperty@?$CComPtr@UIDispatch@@@ATL@@SAJPAUIDispatch@@JPAUtagVARIANT@@@Z 100067b0 f i MSR.obj
 0001:000057ff       ?GetSizeMax@CComVariant@ATL@@QBEJPAT_ULARGE_INTEGER@@@Z 100067ff f i MSR.obj
 0001:000059c1       ?GetTI@CComTypeInfoHolder@ATL@@QAEJK@Z 100069c1 f i MSR.obj
 0001:00005ba1       ?GetTI@CComTypeInfoHolder@ATL@@QAEJKPAPAUITypeInfo@@@Z 10006ba1 f i MSR.obj
 0001:00005bdf       ?GetUnknown@CComDynamicUnkArray@ATL@@QAGPAUIUnknown@@K@Z 10006bdf f i MSR.obj
 0001:00005c00       ?GetValueAt@?$CSimpleMap@PA_WPA_WVCExpansionVectorEqualHelper@ATL@@@ATL@@QBEAAPA_WH@Z 10006c00 f i MSR.obj
 0001:00005c26       ?GetZoomInfo@CComControlBase@ATL@@QAEXAAUATL_DRAWINFO@@@Z 10006c26 f i MSR.obj
 0001:00005cb9       ?HKeyFromString@CRegParser@ATL@@KAPAUHKEY__@@PA_W@Z 10006cb9 f i MSR.obj
 0001:00005ce7       ?HasSubKeys@CRegParser@ATL@@IAEHPAUHKEY__@@@Z 10006ce7 f i MSR.obj
 0001:00005d1c       ?IDataObject_GetData@CComControlBase@ATL@@QAEJPAUtagFORMATETC@@PAUtagSTGMEDIUM@@@Z 10006d1c f i MSR.obj
 0001:00005ebe       ?IOleInPlaceObject_InPlaceDeactivate@CComControlBase@ATL@@QAEJXZ 10006ebe f i MSR.obj
 0001:00005f45       ?IOleInPlaceObject_SetObjectRects@CComControlBase@ATL@@QAEJPBUtagRECT@@0@Z 10006f45 f i MSR.obj
 0001:00006012       ?IOleInPlaceObject_UIDeactivate@CComControlBase@ATL@@QAEJXZ 10007012 f i MSR.obj
 0001:000060d4       ?IOleObject_Advise@CComControlBase@ATL@@QAEJPAUIAdviseSink@@PAK@Z 100070d4 f i MSR.obj
 0001:000060fe       ?IOleObject_Close@CComControlBase@ATL@@QAEJK@Z 100070fe f i MSR.obj
 0001:000061e2       ?IOleObject_GetClientSite@CComControlBase@ATL@@QAEJPAPAUIOleClientSite@@@Z 100071e2 f i MSR.obj
 0001:0000620b       ?IOleObject_SetClientSite@CComControlBase@ATL@@QAEJPAUIOleClientSite@@@Z 1000720b f i MSR.obj
 0001:0000624a       ?IOleObject_SetExtent@CComControlBase@ATL@@QAEJKPAUtagSIZE@@@Z 1000724a f i MSR.obj
 0001:000062fc       ?IPSI_GetIPersistStreamInit@?$IPersistStorageImpl@VCOPOSMSR@@@ATL@@AAEPAUIPersistStreamInit@@XZ 100072fc f i MSR.obj
 0001:000063a4       ?IPersistStreamInit_Load@?$IPersistStreamInitImpl@VCOPOSMSR@@@ATL@@QAEJPAUIStream@@PBUATL_PROPMAP_ENTRY@2@@Z 100073a4 f i MSR.obj
 0001:0000661a       ?IPersistStreamInit_Save@?$IPersistStreamInitImpl@VCOPOSMSR@@@ATL@@QAEJPAUIStream@@HPBUATL_PROPMAP_ENTRY@2@@Z 1000761a f i MSR.obj
 0001:00006809       ?IQuickActivate_QuickActivate@CComControlBase@ATL@@QAEJPAUtagQACONTAINER@@PAUtagQACONTROL@@@Z 10007809 f i MSR.obj
 0001:00006a4b       ?IViewObject_Draw@CComControlBase@ATL@@QAEJKJPAXPAUtagDVTARGETDEVICE@@PAUHDC__@@2PBU_RECTL@@3@Z 10007a4b f i MSR.obj
 0001:00006af3       ?InPlaceActivate@CComControlBase@ATL@@QAEJJPBUtagRECT@@@Z 10007af3 f i MSR.obj
 0001:00006d65       ?Init@?$CComEnumImpl@UIEnumConnectionPoints@@$1?_GUID_b196b285_bab4_101a_b69c_00aa00341d07@@3U__s_GUID@@BPAUIConnectionPoint@@V?$_CopyInterface@UIConnectionPoint@@@ATL@@@ATL@@QAEJPAPAUIConnectionPoint@@0PAUIUnknown@@W4CComEnumFlags@2@@Z 10007d65 f i MSR.obj
 0001:00006e41       ?Init@?$CComEnumImpl@UIEnumConnections@@$1?_GUID_b196b287_bab4_101a_b69c_00aa00341d07@@3U__s_GUID@@BUtagCONNECTDATA@@V?$_Copy@UtagCONNECTDATA@@@ATL@@@ATL@@QAEJPAUtagCONNECTDATA@@0PAUIUnknown@@W4CComEnumFlags@2@@Z 10007e41 f i MSR.obj
 0001:00006f1d       ?Init@CComModule@ATL@@QAEJPAU_ATL_OBJMAP_ENTRY30@2@PAUHINSTANCE__@@PBU_GUID@@@Z 10007f1d f i MSR.obj
 0001:00006f7c       ?Init@CDynamicStdCallThunk2@ATL@@QAEHKPAX@Z 10007f7c f i MSR.obj
 0001:00006fa7       ?InlineIsEqualUnknown@ATL@@YGHABU_GUID@@@Z 10007fa7 f i MSR.obj
 0001:00006fcf       ?InternalSetAtIndex@?$CSimpleMap@PA_WPA_WVCExpansionVectorEqualHelper@ATL@@@ATL@@QAEXHABQA_W0@Z 10007fcf f i MSR.obj
 0001:00006ff9       ?Invoke@CComTypeInfoHolder@ATL@@QAEJPAUIDispatch@@JABU_GUID@@KGPAUtagDISPPARAMS@@PAUtagVARIANT@@PAUtagEXCEPINFO@@PAI@Z 10007ff9 f i MSR.obj
 0001:0000703a       ?IsEqualObject@?$CComPtrBase@UITypeInfo@@@ATL@@QAE_NPAUIUnknown@@@Z 1000803a f i MSR.obj
 0001:0000703a       ?IsEqualObject@?$CComPtrBase@UIOleClientSite@@@ATL@@QAE_NPAUIUnknown@@@Z 1000803a f i MSR.obj
 0001:000070a6       ?IsSpace@CRegParser@ATL@@IAEH_W@Z 100080a6 f i MSR.obj
 0001:000070cc       ?LoadNameCache@CComTypeInfoHolder@ATL@@QAEJPAUITypeInfo@@@Z 100080cc f i MSR.obj
 0001:00007201       ?Lookup@?$CSimpleMap@PA_WPA_WVCExpansionVectorEqualHelper@ATL@@@ATL@@QBEPA_WABQA_W@Z 10008201 f i MSR.obj
 0001:00007227       ?NextToken@CRegParser@ATL@@IAEJPA_W@Z 10008227 f i MSR.obj
 0001:00007356       ?OnKillFocus@CComControlBase@ATL@@QAEJIIJAAH@Z 10008356 f i MSR.obj
 0001:000073b1       ?OnMouseActivate@CComControlBase@ATL@@QAEJIIJAAH@Z 100083b1 f i MSR.obj
 0001:0000741f       ?OnPaint@CComControlBase@ATL@@QAEJIIJAAH@Z 1000841f f i MSR.obj
 0001:000074d6       ?OnSetFocus@CComControlBase@ATL@@QAEJIIJAAH@Z 100084d6 f i MSR.obj
 0001:00007561       ?Open@CRegKey@ATL@@QAEJPAUHKEY__@@PB_WK@Z 10008561 f i MSR.obj
 0001:000075b6       ?PreProcessBuffer@CRegParser@ATL@@QAEJPA_WPAPA_W@Z 100085b6 f i MSR.obj
 0001:00007826       ?ProcessWindowMessage@?$CComControl@VCOPOSMSR@@V?$CWindowImpl@VCOPOSMSR@@VCWindow@ATL@@V?$CWinTraits@$0FGAAAAAA@$0A@@3@@ATL@@@ATL@@UAEHPAUHWND__@@IIJAAJK@Z 10008826 f i MSR.obj
 0001:000078ce       ?ReadFromStream@CComBSTR@ATL@@QAEJPAUIStream@@@Z 100088ce f i MSR.obj
 0001:000079f1       ?ReadFromStream@CComVariant@ATL@@QAEJPAUIStream@@GTClassesAllowedInStream@2@K@Z 100089f1 f i MSR.obj
 0001:00007b7b       ?RecurseDeleteKey@CRegKey@ATL@@QAEJPB_W@Z 10008b7b f i MSR.obj
 0001:00007c69       ?RegCreateKeyExW@CAtlTransactionManager@ATL@@QAEJPAUHKEY__@@PB_WKPA_WKKQAU_SECURITY_ATTRIBUTES@@PAPAU3@PAK@Z 10008c69 f i MSR.obj
 0001:00007ccc       ?RegDeleteKeyW@CAtlTransactionManager@ATL@@QAEJPAUHKEY__@@PB_W@Z 10008ccc f i MSR.obj
 0001:00007d1e       ?RegOpenKeyExW@CAtlTransactionManager@ATL@@QAEJPAUHKEY__@@PB_WKKPAPAU3@@Z 10008d1e f i MSR.obj
 0001:00007d75       ?Register@_ATL_WNDCLASSINFOW@ATL@@QAEGPAP6GJPAUHWND__@@IIJ@Z@Z 10008d75 f i MSR.obj
 0001:00007d95       ?RegisterBuffer@CRegParser@ATL@@QAEJPA_WH@Z 10008d95 f i MSR.obj
 0001:00007edc       ?RegisterFromResource@CRegObject@ATL@@IAEJPB_W00H@Z 10008edc f i MSR.obj
 0001:00008012       ?RegisterServer@?$CAtlModuleT@VCComModule@ATL@@@ATL@@QAEJHPBU_GUID@@@Z 10009012 f i MSR.obj
 0001:00008040       ?RegisterServer@CComModule@ATL@@QAEJHPBU_GUID@@@Z 10009040 f i MSR.obj
 0001:000080b1       ?RegisterSubkeys@CRegParser@ATL@@IAEJPA_WPAUHKEY__@@HH@Z 100090b1 f i MSR.obj
 0001:0000870d       ?Remove@CComDynamicUnkArray@ATL@@QAEHK@Z 1000970d f i MSR.obj
 0001:00008736       ?RemoveAll@?$CSimpleMap@PA_WPA_WVCExpansionVectorEqualHelper@ATL@@@ATL@@QAEXXZ 10009736 f i MSR.obj
 0001:00008762       ?ResourceRegisterSz@CRegObject@ATL@@QAGJPB_W00@Z 10009762 f i MSR.obj
 0001:0000878f       ?ResourceUnregisterSz@CRegObject@ATL@@QAGJPB_W00@Z 1000978f f i MSR.obj
 0001:000087bc       ?SendOnDataChange@CComControlBase@ATL@@QAEJK@Z 100097bc f i MSR.obj
 0001:00008809       ?SetControlFocus@CComControlBase@ATL@@QAEHH@Z 10009809 f i MSR.obj
 0001:000088a4       ?SetMultiStringValue@CRegKey@ATL@@QAEJPB_W0@Z 100098a4 f i MSR.obj
 0001:00008900       ?SetStringValue@CRegKey@ATL@@QAEJPB_W0K@Z 10009900 f i MSR.obj
 0001:00008949       ?SkipAssignment@CRegParser@ATL@@IAEJPA_W@Z 10009949 f i MSR.obj
 0001:000089b5       ?SkipWhiteSpace@CRegParser@ATL@@IAEXXZ 100099b5 f i MSR.obj
 0001:000089de       ?StrChrW@CRegParser@ATL@@KAPA_WPA_W_W@Z 100099de f i MSR.obj
 0001:00008a1b       ?Term@CAtlModule@ATL@@QAEXXZ 10009a1b f i MSR.obj
 0001:00008a98       ?Term@CComModule@ATL@@QAEXXZ 10009a98 f i MSR.obj
 0001:00008af0       ?UnregisterServer@?$CAtlModuleT@VCComModule@ATL@@@ATL@@QAEJHPBU_GUID@@@Z 10009af0 f i MSR.obj
 0001:00008b16       ?UnregisterServer@CComModule@ATL@@QAEJHPBU_GUID@@@Z 10009b16 f i MSR.obj
 0001:00008b87       ?UpdateRegistryFromResource@CAtlModule@ATL@@QAGJIHPAU_ATL_REGMAP_ENTRY@2@@Z 10009b87 f i MSR.obj
 0001:00008d52       ?UpdateRegistryFromResource@CAtlModule@ATL@@QAGJPB_WHPAU_ATL_REGMAP_ENTRY@2@@Z 10009d52 f i MSR.obj
 0001:00008f23       ?VTFromRegType@CRegParser@ATL@@KAHPB_WAAG@Z 10009f23 f i MSR.obj
 0001:00008f90       ?WindowProc@?$CWindowImplBaseT@VCWindow@ATL@@V?$CWinTraits@$0FGAAAAAA@$0A@@2@@ATL@@SGJPAUHWND__@@IIJ@Z 10009f90 f i MSR.obj
 0001:0000907e       ?WriteToStream@CComBSTR@ATL@@QAEJPAUIStream@@@Z 1000a07e f i MSR.obj
 0001:000090e0       ?WriteToStream@CComVariant@ATL@@QAEJPAUIStream@@@Z 1000a0e0 f i MSR.obj
 0001:0000925a       ?WriteToStream@CComVariant@ATL@@QAEJPAUIStream@@G@Z 1000a25a f i MSR.obj
 0001:000092c3       ?_AtlInitialConstruct@?$CComObjectRootEx@VCComMultiThreadModel@ATL@@@ATL@@QAEJXZ 1000a2c3 f i MSR.obj
 0001:000092d8       ?_AtlVerifyStackAvailable@_ATL_SAFE_ALLOCA_IMPL@ATL@@YA_NK@Z 1000a2d8 f i MSR.obj
 0001:00009356       ?atlCreate@?$CWindowImpl@VCOPOSMSR@@VCWindow@ATL@@V?$CWinTraits@$0FGAAAAAA@$0A@@3@@ATL@@QAEPAUHWND__@@PAU3@V_U_RECT@2@PB_WKKV_U_MENUorID@2@PAX@Z 1000a356 f i MSR.obj
 0001:000093a1       ?atlCreate@?$CWindowImplBaseT@VCWindow@ATL@@V?$CWinTraits@$0FGAAAAAA@$0A@@2@@ATL@@QAEPAUHWND__@@PAU3@V_U_RECT@2@PB_WKKV_U_MENUorID@2@GPAX@Z 1000a3a1 f i MSR.obj
 0001:0000943d       ?copy@?$_Copy@UtagCONNECTDATA@@@ATL@@SAJPAUtagCONNECTDATA@@PBU3@@Z 1000a43d f i MSR.obj
 0001:00009473       ?copy@?$_CopyInterface@UIConnectionPoint@@@ATL@@SAJPAPAUIConnectionPoint@@PBQAU3@@Z 1000a473 f i MSR.obj
 0001:000094a1       ?memcpy_s@Checked@ATL@@YAXPAXIPBXI@Z 1000a4a1 f i MSR.obj
 0001:000094c0       ?ocscpy_s@@YA_NPA_WIPB_W@Z 1000a4c0 f i MSR.obj
 0001:0000950a       ?wcscpy_s@Checked@ATL@@YAXPA_WIPB_W@Z 1000a50a f i MSR.obj
 0001:00009526       _DllCanUnloadNow@0         1000a526 f   MSR.obj
 0001:00009532       _DllGetClassObject@12      1000a532 f   MSR.obj
 0001:00009540       _DllMain@12                1000a540 f   MSR.obj
 0001:00009582       _DllRegisterServer@0       1000a582 f   MSR.obj
 0001:00009591       _DllUnregisterServer@0     1000a591 f   MSR.obj
 0001:000095a0       _InlineIsEqualGUID         1000a5a0 f i MSR.obj
 0001:000095d0       ___local_stdio_printf_options 1000a5d0 f i MSR.obj
 0001:000095d6       __vswprintf_s_l            1000a5d6 f i MSR.obj
 0001:00009683       _swprintf_s                1000a683 f i MSR.obj
 0001:0000969f       ??0?$CComControl@VCOPOSMSR@@V?$CWindowImpl@VCOPOSMSR@@VCWindow@ATL@@V?$CWinTraits@$0FGAAAAAA@$0A@@3@@ATL@@@ATL@@QAE@XZ 1000a69f f i MSRImpl.obj
 0001:000096c6       ??0?$CProxy_IOPOSEvents@VCOPOSMSR@@@@QAE@XZ 1000a6c6 f i MSRImpl.obj
 0001:000096e6       ??0CComControlBase@ATL@@QAE@AAPAUHWND__@@@Z 1000a6e6 f i MSRImpl.obj
 0001:00009736       ??0COPOSMSR@@QAE@XZ        1000a736 f   MSRImpl.obj
 0001:0000976c       ??1?$CComControl@VCOPOSMSR@@V?$CWindowImpl@VCOPOSMSR@@VCWindow@ATL@@V?$CWinTraits@$0FGAAAAAA@$0A@@3@@ATL@@@ATL@@UAE@XZ 1000a76c f i MSRImpl.obj
 0001:00009785       ??1?$IConnectionPointImpl@VCOPOSMSR@@$1?DIID__IOPOSMSREvents@@3U_GUID@@BVCComDynamicUnkArray@ATL@@@ATL@@QAE@XZ 1000a785 f i MSRImpl.obj
 0001:00009785       ??1?$IConnectionPointImpl@VCOPOSMSR@@$1?IID_IPropertyNotifySink@@3U_GUID@@BVCComDynamicUnkArray@ATL@@@ATL@@QAE@XZ 1000a785 f i MSRImpl.obj
 0001:000097c2       ??1CComControlBase@ATL@@UAE@XZ 1000a7c2 f i MSRImpl.obj
 0001:00009825       ??1COPOSMSR@@UAE@XZ        1000a825 f   MSRImpl.obj
 0001:0000986d       ?AuthenticateDevice@COPOSMSR@@UAGJPA_WPAJ@Z 1000a86d f   MSRImpl.obj
 0001:000098c4       ?CheckHealth@COPOSMSR@@UAGJJPAJ@Z 1000a8c4 f   MSRImpl.obj
 0001:00009913       ?ClaimDevice@COPOSMSR@@UAGJJPAJ@Z 1000a913 f   MSRImpl.obj
 0001:00009988       ?ClearInput@COPOSMSR@@UAGJPAJ@Z 1000a988 f   MSRImpl.obj
 0001:000099a3       ?ClearInputProperties@COPOSMSR@@UAGJPAJ@Z 1000a9a3 f   MSRImpl.obj
 0001:000099be       ?Close@COPOSMSR@@UAGJPAJ@Z 1000a9be f   MSRImpl.obj
 0001:00009a2c       ?CompareFirmwareVersion@COPOSMSR@@UAGJPA_WPAJ1@Z 1000aa2c f   MSRImpl.obj
 0001:00009aac       ?DeauthenticateDevice@COPOSMSR@@UAGJPA_WPAJ@Z 1000aaac f   MSRImpl.obj
 0001:00009b03       ?DirectIO@COPOSMSR@@UAGJJPAJPAPA_W0@Z 1000ab03 f   MSRImpl.obj
 0001:00009bb1       ?DoInvoke@COPOSMSR@@IAEJJPAVOposVariant@@IHPAJ_N@Z 1000abb1 f   MSRImpl.obj
 0001:00009c8d       ?EventClose@COPOSMSR@@IAEXXZ 1000ac8d f i MSRImpl.obj
 0001:00009cc0       ?EventInit@COPOSMSR@@IAEJXZ 1000acc0 f i MSRImpl.obj
 0001:00009d94       ?EventUninit@COPOSMSR@@IAEXXZ 1000ad94 f i MSRImpl.obj
 0001:00009de6       ?EventWindowProc@COPOSMSR@@IAGJIIJ@Z 1000ade6 f i MSRImpl.obj
 0001:00009eba       ?FinalConstruct@COPOSMSR@@QAEJXZ 1000aeba f   MSRImpl.obj
 0001:00009ef3       ?FireEventCleanup@COPOSMSR@@IAEXXZ 1000aef3 f i MSRImpl.obj
 0001:00009f09       ?FireEventSetup@COPOSMSR@@IAE_NXZ 1000af09 f i MSRImpl.obj
 0001:00009f3d       ?FreezeEvents@COPOSMSR@@MAGJH@Z 1000af3d f   MSRImpl.obj
 0001:00009f96       ?GetOposProp@COPOSMSR@@IAEJJPAFJ@Z 1000af96 f   MSRImpl.obj
 0001:00009fb9       ?GetOposProp@COPOSMSR@@IAEJJPAJJ@Z 1000afb9 f   MSRImpl.obj
 0001:0000a088       ?GetOposProp@COPOSMSR@@IAEJJPAPA_WJ@Z 1000b088 f   MSRImpl.obj
 0001:0000a164       ?OnDraw@COPOSMSR@@MAEJAAUATL_DRAWINFO@@@Z 1000b164 f   MSRImpl.obj
 0001:0000a204       ?Open@COPOSMSR@@UAGJPA_WPAJ@Z 1000b204 f   MSRImpl.obj
 0001:0000aa40       ?ReleaseDevice@COPOSMSR@@UAGJPAJ@Z 1000ba40 f   MSRImpl.obj
 0001:0000aa8f       ?ResetStatistics@COPOSMSR@@UAGJPA_WPAJ@Z 1000ba8f f   MSRImpl.obj
 0001:0000aae6       ?RetrieveCardProperty@COPOSMSR@@UAGJPA_WPAPA_WPAJ@Z 1000bae6 f   MSRImpl.obj
 0001:0000ab66       ?RetrieveDeviceAuthenticationData@COPOSMSR@@UAGJPAPA_WPAJ@Z 1000bb66 f   MSRImpl.obj
 0001:0000abbd       ?RetrieveStatistics@COPOSMSR@@UAGJPAPA_WPAJ@Z 1000bbbd f   MSRImpl.obj
 0001:0000ac14       ?SOProcessID@COPOSMSR@@UAGJPAJ@Z 1000bc14 f   MSRImpl.obj
 0001:0000ac28       ?SetCOFreezeEvents@COPOSMSR@@IAEXF@Z 1000bc28 f   MSRImpl.obj
 0001:0000acc8       ?SetOposProp@COPOSMSR@@IAEJJJJ@Z 1000bcc8 f   MSRImpl.obj
 0001:0000adbf       ?SetOposProp@COPOSMSR@@IAEJJPA_WJ@Z 1000bdbf f   MSRImpl.obj
 0001:0000aec0       ?UpdateFirmware@COPOSMSR@@UAGJPA_WPAJ@Z 1000bec0 f   MSRImpl.obj
 0001:0000af17       ?UpdateKey@COPOSMSR@@UAGJPA_W0PAJ@Z 1000bf17 f   MSRImpl.obj
 0001:0000af97       ?UpdateStatistics@COPOSMSR@@UAGJPA_WPAJ@Z 1000bf97 f   MSRImpl.obj
 0001:0000afee       ?WriteTracks@COPOSMSR@@UAGJUtagVARIANT@@JPAJ@Z 1000bfee f   MSRImpl.obj
 0001:0000b070       ?get_AccountNumber@COPOSMSR@@UAGJPAPA_W@Z 1000c070 f   MSRImpl.obj
 0001:0000b089       ?get_AdditionalSecurityInformation@COPOSMSR@@UAGJPAPA_W@Z 1000c089 f   MSRImpl.obj
 0001:0000b0a2       ?get_AutoDisable@COPOSMSR@@UAGJPAF@Z 1000c0a2 f   MSRImpl.obj
 0001:0000b0b8       ?get_BinaryConversion@COPOSMSR@@UAGJPAJ@Z 1000c0b8 f   MSRImpl.obj
 0001:0000b0ce       ?get_CapCardAuthentication@COPOSMSR@@UAGJPAPA_W@Z 1000c0ce f   MSRImpl.obj
 0001:0000b0e7       ?get_CapCompareFirmwareVersion@COPOSMSR@@UAGJPAF@Z 1000c0e7 f   MSRImpl.obj
 0001:0000b100       ?get_CapDataEncryption@COPOSMSR@@UAGJPAJ@Z 1000c100 f   MSRImpl.obj
 0001:0000b119       ?get_CapDeviceAuthentication@COPOSMSR@@UAGJPAJ@Z 1000c119 f   MSRImpl.obj
 0001:0000b132       ?get_CapISO@COPOSMSR@@UAGJPAF@Z 1000c132 f   MSRImpl.obj
 0001:0000b14b       ?get_CapJISOne@COPOSMSR@@UAGJPAF@Z 1000c14b f   MSRImpl.obj
 0001:0000b164       ?get_CapJISTwo@COPOSMSR@@UAGJPAF@Z 1000c164 f   MSRImpl.obj
 0001:0000b17d       ?get_CapPowerReporting@COPOSMSR@@UAGJPAJ@Z 1000c17d f   MSRImpl.obj
 0001:0000b196       ?get_CapStatisticsReporting@COPOSMSR@@UAGJPAF@Z 1000c196 f   MSRImpl.obj
 0001:0000b1af       ?get_CapTrackDataMasking@COPOSMSR@@UAGJPAF@Z 1000c1af f   MSRImpl.obj
 0001:0000b1c8       ?get_CapTransmitSentinels@COPOSMSR@@UAGJPAF@Z 1000c1c8 f   MSRImpl.obj
 0001:0000b1e1       ?get_CapUpdateFirmware@COPOSMSR@@UAGJPAF@Z 1000c1e1 f   MSRImpl.obj
 0001:0000b1fa       ?get_CapUpdateStatistics@COPOSMSR@@UAGJPAF@Z 1000c1fa f   MSRImpl.obj
 0001:0000b213       ?get_CapWritableTracks@COPOSMSR@@UAGJPAJ@Z 1000c213 f   MSRImpl.obj
 0001:0000b22c       ?get_CardAuthenticationData@COPOSMSR@@UAGJPAPA_W@Z 1000c22c f   MSRImpl.obj
 0001:0000b245       ?get_CardAuthenticationDataLength@COPOSMSR@@UAGJPAJ@Z 1000c245 f   MSRImpl.obj
 0001:0000b25e       ?get_CardPropertyList@COPOSMSR@@UAGJPAPA_W@Z 1000c25e f   MSRImpl.obj
 0001:0000b277       ?get_CardType@COPOSMSR@@UAGJPAPA_W@Z 1000c277 f   MSRImpl.obj
 0001:0000b290       ?get_CardTypeList@COPOSMSR@@UAGJPAPA_W@Z 1000c290 f   MSRImpl.obj
 0001:0000b2a9       ?get_CheckHealthText@COPOSMSR@@UAGJPAPA_W@Z 1000c2a9 f   MSRImpl.obj
 0001:0000b2c2       ?get_Claimed@COPOSMSR@@UAGJPAF@Z 1000c2c2 f   MSRImpl.obj
 0001:0000b2d8       ?get_ControlObjectDescription@COPOSMSR@@UAGJPAPA_W@Z 1000c2d8 f   MSRImpl.obj
 0001:0000b326       ?get_ControlObjectVersion@COPOSMSR@@UAGJPAJ@Z 1000c326 f   MSRImpl.obj
 0001:0000b339       ?get_DataCount@COPOSMSR@@UAGJPAJ@Z 1000c339 f   MSRImpl.obj
 0001:0000b34f       ?get_DataEncryptionAlgorithm@COPOSMSR@@UAGJPAJ@Z 1000c34f f   MSRImpl.obj
 0001:0000b368       ?get_DataEventEnabled@COPOSMSR@@UAGJPAF@Z 1000c368 f   MSRImpl.obj
 0001:0000b37e       ?get_DecodeData@COPOSMSR@@UAGJPAF@Z 1000c37e f   MSRImpl.obj
 0001:0000b397       ?get_DeviceAuthenticated@COPOSMSR@@UAGJPAF@Z 1000c397 f   MSRImpl.obj
 0001:0000b3b0       ?get_DeviceAuthenticationProtocol@COPOSMSR@@UAGJPAJ@Z 1000c3b0 f   MSRImpl.obj
 0001:0000b3c9       ?get_DeviceDescription@COPOSMSR@@UAGJPAPA_W@Z 1000c3c9 f   MSRImpl.obj
 0001:0000b3e2       ?get_DeviceEnabled@COPOSMSR@@UAGJPAF@Z 1000c3e2 f   MSRImpl.obj
 0001:0000b3f8       ?get_DeviceName@COPOSMSR@@UAGJPAPA_W@Z 1000c3f8 f   MSRImpl.obj
 0001:0000b411       ?get_EncodingMaxLength@COPOSMSR@@UAGJPAJ@Z 1000c411 f   MSRImpl.obj
 0001:0000b42a       ?get_ErrorReportingType@COPOSMSR@@UAGJPAJ@Z 1000c42a f   MSRImpl.obj
 0001:0000b443       ?get_ExpirationDate@COPOSMSR@@UAGJPAPA_W@Z 1000c443 f   MSRImpl.obj
 0001:0000b45c       ?get_FirstName@COPOSMSR@@UAGJPAPA_W@Z 1000c45c f   MSRImpl.obj
 0001:0000b475       ?get_FreezeEvents@COPOSMSR@@UAGJPAF@Z 1000c475 f   MSRImpl.obj
 0001:0000b48b       ?get_MiddleInitial@COPOSMSR@@UAGJPAPA_W@Z 1000c48b f   MSRImpl.obj
 0001:0000b4a4       ?get_OpenResult@COPOSMSR@@UAGJPAJ@Z 1000c4a4 f   MSRImpl.obj
 0001:0000b4bb       ?get_ParseDecodedData@COPOSMSR@@UAGJPAF@Z 1000c4bb f   MSRImpl.obj
 0001:0000b4bb       ?get_ParseDecodeData@COPOSMSR@@UAGJPAF@Z 1000c4bb f   MSRImpl.obj
 0001:0000b4d4       ?get_PowerNotify@COPOSMSR@@UAGJPAJ@Z 1000c4d4 f   MSRImpl.obj
 0001:0000b4ea       ?get_PowerState@COPOSMSR@@UAGJPAJ@Z 1000c4ea f   MSRImpl.obj
 0001:0000b500       ?get_ResultCode@COPOSMSR@@UAGJPAJ@Z 1000c500 f   MSRImpl.obj
 0001:0000b53e       ?get_ResultCodeExtended@COPOSMSR@@UAGJPAJ@Z 1000c53e f   MSRImpl.obj
 0001:0000b554       ?get_ServiceCode@COPOSMSR@@UAGJPAPA_W@Z 1000c554 f   MSRImpl.obj
 0001:0000b56d       ?get_ServiceObjectDescription@COPOSMSR@@UAGJPAPA_W@Z 1000c56d f   MSRImpl.obj
 0001:0000b586       ?get_ServiceObjectVersion@COPOSMSR@@UAGJPAJ@Z 1000c586 f   MSRImpl.obj
 0001:0000b59c       ?get_State@COPOSMSR@@UAGJPAJ@Z 1000c59c f   MSRImpl.obj
 0001:0000b5c8       ?get_Suffix@COPOSMSR@@UAGJPAPA_W@Z 1000c5c8 f   MSRImpl.obj
 0001:0000b5e1       ?get_Surname@COPOSMSR@@UAGJPAPA_W@Z 1000c5e1 f   MSRImpl.obj
 0001:0000b5fa       ?get_Title@COPOSMSR@@UAGJPAPA_W@Z 1000c5fa f   MSRImpl.obj
 0001:0000b613       ?get_Track1Data@COPOSMSR@@UAGJPAPA_W@Z 1000c613 f   MSRImpl.obj
 0001:0000b62c       ?get_Track1DiscretionaryData@COPOSMSR@@UAGJPAPA_W@Z 1000c62c f   MSRImpl.obj
 0001:0000b645       ?get_Track1EncryptedData@COPOSMSR@@UAGJPAPA_W@Z 1000c645 f   MSRImpl.obj
 0001:0000b65e       ?get_Track1EncryptedDataLength@COPOSMSR@@UAGJPAJ@Z 1000c65e f   MSRImpl.obj
 0001:0000b677       ?get_Track2Data@COPOSMSR@@UAGJPAPA_W@Z 1000c677 f   MSRImpl.obj
 0001:0000b690       ?get_Track2DiscretionaryData@COPOSMSR@@UAGJPAPA_W@Z 1000c690 f   MSRImpl.obj
 0001:0000b6a9       ?get_Track2EncryptedData@COPOSMSR@@UAGJPAPA_W@Z 1000c6a9 f   MSRImpl.obj
 0001:0000b6c2       ?get_Track2EncryptedDataLength@COPOSMSR@@UAGJPAJ@Z 1000c6c2 f   MSRImpl.obj
 0001:0000b6db       ?get_Track3Data@COPOSMSR@@UAGJPAPA_W@Z 1000c6db f   MSRImpl.obj
 0001:0000b6f4       ?get_Track3EncryptedData@COPOSMSR@@UAGJPAPA_W@Z 1000c6f4 f   MSRImpl.obj
 0001:0000b70d       ?get_Track3EncryptedDataLength@COPOSMSR@@UAGJPAJ@Z 1000c70d f   MSRImpl.obj
 0001:0000b726       ?get_Track4Data@COPOSMSR@@UAGJPAPA_W@Z 1000c726 f   MSRImpl.obj
 0001:0000b73f       ?get_Track4EncryptedData@COPOSMSR@@UAGJPAPA_W@Z 1000c73f f   MSRImpl.obj
 0001:0000b758       ?get_Track4EncryptedDataLength@COPOSMSR@@UAGJPAJ@Z 1000c758 f   MSRImpl.obj
 0001:0000b771       ?get_TracksToRead@COPOSMSR@@UAGJPAJ@Z 1000c771 f   MSRImpl.obj
 0001:0000b78a       ?get_TracksToWrite@COPOSMSR@@UAGJPAJ@Z 1000c78a f   MSRImpl.obj
 0001:0000b7a3       ?get_TransmitSentinels@COPOSMSR@@UAGJPAF@Z 1000c7a3 f   MSRImpl.obj
 0001:0000b7bc       ?get_WriteCardType@COPOSMSR@@UAGJPAPA_W@Z 1000c7bc f   MSRImpl.obj
 0001:0000b7d5       ?put_AutoDisable@COPOSMSR@@UAGJF@Z 1000c7d5 f   MSRImpl.obj
 0001:0000b7f2       ?put_BinaryConversion@COPOSMSR@@UAGJJ@Z 1000c7f2 f   MSRImpl.obj
 0001:0000b808       ?put_DataEncryptionAlgorithm@COPOSMSR@@UAGJJ@Z 1000c808 f   MSRImpl.obj
 0001:0000b821       ?put_DataEventEnabled@COPOSMSR@@UAGJF@Z 1000c821 f   MSRImpl.obj
 0001:0000b83e       ?put_DecodeData@COPOSMSR@@UAGJF@Z 1000c83e f   MSRImpl.obj
 0001:0000b85e       ?put_DeviceEnabled@COPOSMSR@@UAGJF@Z 1000c85e f   MSRImpl.obj
 0001:0000b87b       ?put_ErrorReportingType@COPOSMSR@@UAGJJ@Z 1000c87b f   MSRImpl.obj
 0001:0000b894       ?put_FreezeEvents@COPOSMSR@@UAGJF@Z 1000c894 f   MSRImpl.obj
 0001:0000b8e0       ?put_ParseDecodedData@COPOSMSR@@UAGJF@Z 1000c8e0 f   MSRImpl.obj
 0001:0000b8e0       ?put_ParseDecodeData@COPOSMSR@@UAGJF@Z 1000c8e0 f   MSRImpl.obj
 0001:0000b900       ?put_PowerNotify@COPOSMSR@@UAGJJ@Z 1000c900 f   MSRImpl.obj
 0001:0000b916       ?put_TracksToRead@COPOSMSR@@UAGJJ@Z 1000c916 f   MSRImpl.obj
 0001:0000b92f       ?put_TracksToWrite@COPOSMSR@@UAGJJ@Z 1000c92f f   MSRImpl.obj
 0001:0000b948       ?put_TransmitSentinels@COPOSMSR@@UAGJF@Z 1000c948 f   MSRImpl.obj
 0001:0000b968       ?put_WriteCardType@COPOSMSR@@UAGJPA_W@Z 1000c968 f   MSRImpl.obj
 0001:0000b981       ?s_EventWindowProc@COPOSMSR@@KGJPAUHWND__@@IIJ@Z 1000c981 f i MSRImpl.obj
 0001:0000b9d3       ??_U@YAPAXI@Z              1000c9d3 f   LIBCMT:new_array.obj
 0001:0000b9dc       ??3@YAXPAXI@Z              1000c9dc f   LIBCMT:delete_scalar_size.obj
 0001:0000b9ea       ??_V@YAXPAX@Z              1000c9ea f   LIBCMT:delete_array.obj
 0001:0000b9ef       ??_V@YAXPAXI@Z             1000c9ef f   LIBCMT:delete_array_size.obj
 0001:0000ba41       ___scrt_acquire_startup_lock 1000ca41 f   LIBCMT:utility.obj
 0001:0000ba73       ___scrt_dllmain_after_initialize_c 1000ca73 f   LIBCMT:utility.obj
 0001:0000ba9e       ___scrt_dllmain_before_initialize_c 1000ca9e f   LIBCMT:utility.obj
 0001:0000baac       ___scrt_dllmain_crt_thread_attach 1000caac f   LIBCMT:utility.obj
 0001:0000bacb       ___scrt_dllmain_crt_thread_detach 1000cacb f   LIBCMT:utility.obj
 0001:0000bad8       ___scrt_dllmain_exception_filter 1000cad8 f   LIBCMT:utility.obj
 0001:0000bb0c       ___scrt_dllmain_uninitialize_c 1000cb0c f   LIBCMT:utility.obj
 0001:0000bb2f       ___scrt_dllmain_uninitialize_critical 1000cb2f f   LIBCMT:utility.obj
 0001:0000bb3c       ___scrt_initialize_crt     1000cb3c f   LIBCMT:utility.obj
 0001:0000bb75       ___scrt_initialize_onexit_tables 1000cb75 f   LIBCMT:utility.obj
 0001:0000bbfc       ___scrt_is_nonwritable_in_current_image 1000cbfc f   LIBCMT:utility.obj
 0001:0000bc90       ___scrt_release_startup_lock 1000cc90 f   LIBCMT:utility.obj
 0001:0000bcad       ___scrt_uninitialize_crt   1000ccad f   LIBCMT:utility.obj
 0001:0000bcd5       __onexit                   1000ccd5 f   LIBCMT:utility.obj
 0001:0000bd02       _atexit                    1000cd02 f   LIBCMT:utility.obj
 0001:0000bd17       ??3@YAXPAX@Z               1000cd17 f   LIBCMT:delete_scalar.obj
 0001:0000bde1       __Init_thread_footer       1000cde1 f   LIBCMT:thread_safe_statics.obj
 0001:0000be2b       __Init_thread_header       1000ce2b f   LIBCMT:thread_safe_statics.obj
 0001:0000be7d       __Init_thread_notify       1000ce7d f   LIBCMT:thread_safe_statics.obj
 0001:0000beb3       __Init_thread_wait         1000ceb3 f   LIBCMT:thread_safe_statics.obj
 0001:0000bf01       ___raise_securityfailure   1000cf01 f   LIBCMT:gs_report.obj
 0001:0000bf29       ___report_gsfailure        1000cf29 f   LIBCMT:gs_report.obj
 0001:0000c023       ___report_rangecheckfailure 1000d023 f   LIBCMT:gs_report.obj
 0001:0000c02f       ___report_securityfailure  1000d02f f   LIBCMT:gs_report.obj
 0001:0000c0fe       ??2@YAPAXIABUnothrow_t@std@@@Z 1000d0fe f   LIBCMT:new_scalar_nothrow.obj
 0001:0000c153       ??_U@YAPAXIABUnothrow_t@std@@@Z 1000d153 f   LIBCMT:new_array_nothrow.obj
 0001:0000c15c       @__security_check_cookie@4 1000d15c f   LIBCMT:secchk.obj
 0001:0000c170       __SEH_prolog4_GS           1000d170 f   LIBCMT:sehprolg4gs.obj
 0001:0000c1c0       __alloca_probe_16          1000d1c0 f   LIBCMT:alloca16.obj
 0001:0000c1d6       __alloca_probe_8           1000d1d6     LIBCMT:alloca16.obj
 0001:0000c1f0       __alloca_probe             1000d1f0 f   LIBCMT:chkstk.obj
 0001:0000c1f0       __chkstk                   1000d1f0 f   LIBCMT:chkstk.obj
 0001:0000c55b       __DllMainCRTStartup@12     1000d55b f   LIBCMT:dll_dllmain.obj
 0001:0000c57e       ??2@YAPAXI@Z               1000d57e f   LIBCMT:new_scalar.obj
 0001:0000c5ae       ___isa_available_init      1000d5ae f   LIBCMT:cpu_disp.obj
 0001:0000c782       ___scrt_is_ucrt_dll_in_use 1000d782 f   LIBCMT:ucrt_detection.obj
 0001:0000c78e       ___scrt_fastfail           1000d78e f   LIBCMT:utility_desktop.obj
 0001:0000c8a9       __crt_debugger_hook        1000d8a9 f   LIBCMT:utility_desktop.obj
 0001:0000c8c0       __SEH_prolog4              1000d8c0 f   LIBCMT:sehprolg4.obj
 0001:0000c905       @_guard_check_icall_nop@4  1000d905 f i LIBCMT:guard_support.obj
 0001:0000c955       ___security_init_cookie    1000d955 f   LIBCMT:gs_support.obj
 0001:0000c9a0       ?__scrt_initialize_type_info@@YAXXZ 1000d9a0 f   LIBCMT:tncleanup.obj
 0001:0000c9ac       ?__scrt_uninitialize_type_info@@YAXXZ 1000d9ac f   LIBCMT:tncleanup.obj
 0001:0000c9b8       ___local_stdio_scanf_options 1000d9b8 f i LIBCMT:default_local_stdio_options.obj
 0001:0000c9be       ___scrt_initialize_default_local_stdio_options 1000d9be f   LIBCMT:default_local_stdio_options.obj
 0001:0000c9db       ___scrt_get_dyn_tls_init_callback 1000d9db f   LIBCMT:dyn_tls_init.obj
 0001:0000c9e1       __RTC_Initialize           1000d9e1 f   LIBCMT:initsect.obj
 0001:0000ca0d       __RTC_Terminate            1000da0d f   LIBCMT:initsect.obj
 0001:0000ca39       ??0bad_alloc@std@@QAE@ABV01@@Z 1000da39 f i LIBCMT:throw_bad_alloc.obj
 0001:0000ca54       ??0bad_alloc@std@@QAE@XZ   1000da54 f i LIBCMT:throw_bad_alloc.obj
 0001:0000ca6c       ??0bad_array_new_length@std@@QAE@ABV01@@Z 1000da6c f i LIBCMT:throw_bad_alloc.obj
 0001:0000ca87       ??0bad_array_new_length@std@@QAE@XZ 1000da87 f i LIBCMT:throw_bad_alloc.obj
[...]
 0002:00006650       CC                         10027650     libucrt:log10_pentium4.obj
 0002:00006660       Magic                      10027660     libucrt:log10_pentium4.obj
 0002:00006670       hi_mask                    10027670     libucrt:log10_pentium4.obj
 0002:00006680       LOG10_2                    10027680     libucrt:log10_pentium4.obj
 0002:00006690       place_L                    10027690     libucrt:log10_pentium4.obj
 0002:000066b0       One                        100276b0     libucrt:log10_pentium4.obj
 0002:000066c0       Zero                       100276c0     libucrt:log10_pentium4.obj
 0002:000066d0       Two52                      100276d0     libucrt:log10_pentium4.obj
 0002:000066e0       Infs                       100276e0     libucrt:log10_pentium4.obj
 0002:000066f0       NaN                        100276f0     libucrt:log10_pentium4.obj
 0002:00006700       coeff                      10027700     libucrt:log10_pentium4.obj
 0002:0000675e       _log2max                   1002775e     libucrt:87tran.obj
 0002:00006768       _smallarg                  10027768     libucrt:87tran.obj
 0002:00006772       _half                      10027772     libucrt:87tran.obj
 0002:000067be       One                        100277be     libucrt:87disp.obj
 0002:000067c6       Three                      100277c6     libucrt:87disp.obj
 0002:000067ce       XAMtoTagTab                100277ce     libucrt:87disp.obj
 0002:000067e0       One                        100277e0     libucrt:common.obj
 0002:000067f4       DblMax                     100277f4     libucrt:common.obj
 0002:000067fc       DblMin                     100277fc     libucrt:common.obj
 0002:00006804       IeeeAdjO                   10027804     libucrt:common.obj
 0002:0000680c       IeeeAdjU                   1002780c     libucrt:common.obj
 0002:00006814       _infinity                  10027814     libucrt:common.obj
 0002:0000681c       _zero                      1002781c     libucrt:common.obj
 0002:00006868       _over                      10027868     libucrt:fpctrl.obj
 0002:00006874       _under                     10027874     libucrt:fpctrl.obj
 0002:000070a8       ?_names@?1??_get_fname@@9@4QBU<unnamed-type-_names>@?1??1@YAPADI@Z@B 100280a8     libucrt:fpexcept.obj
 0002:00007250       two32                      10028250     LIBCMT:ftol2.obj
 0002:00007254       two63                      10028254     LIBCMT:ftol2.obj
 0002:00007258       _NaN                       10028258     LIBCMT:ftol2.obj
 0002:00007990       __sehtable$?_AtlVerifyStackAvailable@_ATL_SAFE_ALLOCA_IMPL@ATL@@YA_NK@Z 10028990     MSR.obj
 0002:000079b0       __sehtable$___scrt_is_nonwritable_in_current_image 100289b0     LIBCMT:utility.obj
 0002:000079cc       __catchsym$??2@YAPAXIABUnothrow_t@std@@@Z$2 100289cc     LIBCMT:new_scalar_nothrow.obj
 0002:000079dc       __unwindtable$??2@YAPAXIABUnothrow_t@std@@@Z 100289dc     LIBCMT:new_scalar_nothrow.obj
 0002:000079ec       __tryblocktable$??2@YAPAXIABUnothrow_t@std@@@Z 100289ec     LIBCMT:new_scalar_nothrow.obj
 0002:00007a00       __ehfuncinfo$??2@YAPAXIABUnothrow_t@std@@@Z 10028a00     LIBCMT:new_scalar_nothrow.obj
 0002:00007a28       __sehtable$?dllmain_crt_process_attach@@YAHQAUHINSTANCE__@@QAX@Z 10028a28     LIBCMT:dll_dllmain.obj
 0002:00007a48       __sehtable$?dllmain_crt_process_detach@@YAH_N@Z 10028a48     LIBCMT:dll_dllmain.obj
 0002:00007a70       __sehtable$?dllmain_dispatch@@YAHQAUHINSTANCE__@@KQAX@Z 10028a70     LIBCMT:dll_dllmain.obj
 0002:00007b20       __sehtable$___DestructExceptionObject 10028b20     libvcruntime:ehhelpers.obj
 0002:00007b40       __sehtable$?FrameUnwindToState@__FrameHandler3@@SAXPAUEHRegistrationNode@@PAXPBU_s_FuncInfo@@H@Z 10028b40     libvcruntime:frame.obj
 0002:00007b68       __sehtable$?CallCatchBlock@@YAPAXPAUEHExceptionRecord@@PAUEHRegistrationNode@@PAU_CONTEXT@@PBU_s_FuncInfo@@PAXHK@Z 10028b68     libvcruntime:frame.obj
 0002:00007b90       __catchsym$?CallUnexpected@@YAXPBU_s_ESTypeList@@@Z$2 10028b90     libvcruntime:frame.obj
 0002:00007ba0       __unwindtable$?CallUnexpected@@YAXPBU_s_ESTypeList@@@Z 10028ba0     libvcruntime:frame.obj
 0002:00007bb0       __tryblocktable$?CallUnexpected@@YAXPBU_s_ESTypeList@@@Z 10028bb0     libvcruntime:frame.obj
 0002:00007bc4       __ehfuncinfo$?CallUnexpected@@YAXPBU_s_ESTypeList@@@Z 10028bc4     libvcruntime:frame.obj
 0002:00007be8       __sehtable$??$BuildCatchObjectHelperInternal@V__FrameHandler3@@@@YAHPAUEHExceptionRecord@@PAXPBU_s_HandlerType@@PBU_s_CatchableType@@@Z 10028be8     libvcruntime:frame.obj
 0002:00007c08       __sehtable$??$BuildCatchObjectInternal@V__FrameHandler3@@@@YAXPAUEHExceptionRecord@@PAXPBU_s_HandlerType@@PBU_s_CatchableType@@@Z 10028c08     libvcruntime:frame.obj
 0002:00007c5c       __ehfuncinfo$?write_double_translated_ansi_nolock@@YA?AUwrite_result@?A0x17268360@@HQBDIAAV__crt_cached_ptd_host@@@Z 10028c5c     libucrt:write.obj
 0002:00007c5c       __ehfuncinfo$?try_cor_exit_process@@YAXI@Z 10028c5c     libucrt:exit.obj
 0002:00007c80       __unwindtable$?common_exit@@YAXHW4_crt_exit_cleanup_mode@@W4_crt_exit_return_mode@@@Z 10028c80     libucrt:exit.obj
 0002:00007c88       __ehfuncinfo$?common_exit@@YAXHW4_crt_exit_cleanup_mode@@W4_crt_exit_return_mode@@@Z 10028c88     libucrt:exit.obj
 0002:00007cb0       __sehtable$??R<lambda_6e4b09c48022b2350581041d5f6b0c4c>@@QBE@XZ 10028cb0     libucrt:exit.obj
 0002:00007cd0       __sehtable$??$?RV<lambda_03b1d95aef87969028cfba75ccab2455>@@AAV<lambda_6e4b09c48022b2350581041d5f6b0c4c>@@V<lambda_22bdf7517842c4b3e53723af5aa32b9e>@@@?$__crt_seh_guarded_call@X@@QAEX$$QAV<lambda_03b1d95aef87969028cfba75ccab2455>@@AAV<lambda_6e4b09c48022b2350581041d5f6b0c4c>@@$$QAV<lambda_22bdf7517842c4b3e53723af5aa32b9e>@@@Z 10028cd0     libucrt:exit.obj
 0002:00007cec       __unwindtable$___dcrt_uninitialize_environments_nolock 10028cec     libucrt:environment_initialization.obj
 0002:00007cfc       __ehfuncinfo$___dcrt_uninitialize_environments_nolock 10028cfc     libucrt:environment_initialization.obj
 0002:00007d20       __unwindtable$__execute_onexit_table 10028d20     libucrt:onexit.obj
 0002:00007d28       __ehfuncinfo$__execute_onexit_table 10028d28     libucrt:onexit.obj
 0002:00007d50       __sehtable$??$?RV<lambda_8e746cf0007f6ed984d6f78af1fec997>@@AAV<lambda_22ebabd17bc4fa466a2aca6d8deb888d>@@V<lambda_18ed0c0b38a6dc0daf1e7ac6d6adf05e>@@@?$__crt_seh_guarded_call@H@@QAEH$$QAV<lambda_8e746cf0007f6ed984d6f78af1fec997>@@AAV<lambda_22ebabd17bc4fa466a2aca6d8deb888d>@@$$QAV<lambda_18ed0c0b38a6dc0daf1e7ac6d6adf05e>@@@Z 10028d50     libucrt:onexit.obj
 0002:00007d70       __sehtable$??$?RV<lambda_69a2805e680e0e292e8ba93315fe43a8>@@AAV<lambda_f03950bc5685219e0bcd2087efbe011e>@@V<lambda_03fcd07e894ec930e3f35da366ca99d6>@@@?$__crt_seh_guarded_call@H@@QAEH$$QAV<lambda_69a2805e680e0e292e8ba93315fe43a8>@@AAV<lambda_f03950bc5685219e0bcd2087efbe011e>@@$$QAV<lambda_03fcd07e894ec930e3f35da366ca99d6>@@@Z 10028d70     libucrt:onexit.obj
 0002:00007d90       __sehtable$__query_new_handler 10028d90     libucrt:new_handler.obj
 0002:00007db0       __sehtable$_terminate      10028db0     libucrt:terminate.obj
 0002:00007dd0       __sehtable$??$?RV<lambda_15ade71b0218206bbe3333a0c9b79046>@@AAV<lambda_da44e0f8b0f19ba52fefafb335991732>@@V<lambda_207f2d024fc103971653565357d6cd41>@@@?$__crt_seh_guarded_call@X@@QAEX$$QAV<lambda_15ade71b0218206bbe3333a0c9b79046>@@AAV<lambda_da44e0f8b0f19ba52fefafb335991732>@@$$QAV<lambda_207f2d024fc103971653565357d6cd41>@@@Z 10028dd0     libucrt:per_thread_data.obj
 0002:00007df0       __sehtable$??$?RV<lambda_a7e850c220f1c8d1e6efeecdedd162c6>@@AAV<lambda_46720907175c18b6c9d2717bc0d2d362>@@V<lambda_9048902d66e8d99359bc9897bbb930a8>@@@?$__crt_seh_guarded_call@X@@QAEX$$QAV<lambda_a7e850c220f1c8d1e6efeecdedd162c6>@@AAV<lambda_46720907175c18b6c9d2717bc0d2d362>@@$$QAV<lambda_9048902d66e8d99359bc9897bbb930a8>@@@Z 10028df0     libucrt:per_thread_data.obj
 0002:00007e10       __sehtable$??$?RV<lambda_38edbb1296d33220d7e4dd0ed76b244a>@@AAV<lambda_5ce1d447e08cb34b2473517608e21441>@@V<lambda_fb385d3da700c9147fc39e65dd577a8c>@@@?$__crt_seh_guarded_call@X@@QAEX$$QAV<lambda_38edbb1296d33220d7e4dd0ed76b244a>@@AAV<lambda_5ce1d447e08cb34b2473517608e21441>@@$$QAV<lambda_fb385d3da700c9147fc39e65dd577a8c>@@@Z 10028e10     libucrt:per_thread_data.obj
 0002:00007e30       __sehtable$??$?RV<lambda_6affb1475c98b40b75cdec977db92e3c>@@AAV<lambda_b8d4b9c228a6ecc3f80208dbb4b4a104>@@V<lambda_608742c3c92a14382c1684fc64f96c88>@@@?$__crt_seh_guarded_call@X@@QAEX$$QAV<lambda_6affb1475c98b40b75cdec977db92e3c>@@AAV<lambda_b8d4b9c228a6ecc3f80208dbb4b4a104>@@$$QAV<lambda_608742c3c92a14382c1684fc64f96c88>@@@Z 10028e30     libucrt:per_thread_data.obj
 0002:00007e50       __sehtable$??$?RV<lambda_e5124f882df8998aaf41531e079ba474>@@AAV<lambda_3e16ef9562a7dcce91392c22ab16ea36>@@V<lambda_e25ca0880e6ef98be67edffd8c599615>@@@?$__crt_seh_guarded_call@X@@QAEX$$QAV<lambda_e5124f882df8998aaf41531e079ba474>@@AAV<lambda_3e16ef9562a7dcce91392c22ab16ea36>@@$$QAV<lambda_e25ca0880e6ef98be67edffd8c599615>@@@Z 10028e50     libucrt:wsetlocale.obj
 0002:00007e70       __sehtable$___acrt_initialize_lowio 10028e70     libucrt:ioinit.obj
 0002:00007e90       __sehtable$?update_thread_multibyte_data_internal@@YAPAU__crt_multibyte_data@@QAU__acrt_ptd@@QAPAU1@@Z 10028e90     libucrt:mbctype.obj
 0002:00007eb0       __sehtable$??$?RV<lambda_ceb1ee4838e85a9d631eb091e2fbe199>@@AAV<lambda_ae742caa10f662c28703da3d2ea5e57e>@@V<lambda_cd08b5d6af4937fe54fc07d0c9bf6b37>@@@?$__crt_seh_guarded_call@X@@QAEX$$QAV<lambda_ceb1ee4838e85a9d631eb091e2fbe199>@@AAV<lambda_ae742caa10f662c28703da3d2ea5e57e>@@$$QAV<lambda_cd08b5d6af4937fe54fc07d0c9bf6b37>@@@Z 10028eb0     libucrt:mbctype.obj
 0002:00007ed0       __sehtable$_raise          10028ed0     libucrt:signal.obj
 0002:00007ef0       __sehtable$??$?RV<lambda_cbab9ec6f41b0180b23cc171c22676b0>@@AAV<lambda_44731a7d0e6d81c3e6aa82d741081786>@@V<lambda_4b292cb8dd18144e164572427af410ab>@@@?$__crt_seh_guarded_call@P6AXH@Z@@QAEP6AXH@Z$$QAV<lambda_cbab9ec6f41b0180b23cc171c22676b0>@@AAV<lambda_44731a7d0e6d81c3e6aa82d741081786>@@$$QAV<lambda_4b292cb8dd18144e164572427af410ab>@@@Z 10028ef0     libucrt:signal.obj
 0002:00007f10       __sehtable$??$?RV<lambda_2866be3712abc81a800a822484c830d8>@@AAV<lambda_39ca0ed439415581b5b15c265174cece>@@V<lambda_2b24c74d71094a6cd0cb82e44167d71b>@@@?$__crt_seh_guarded_call@X@@QAEX$$QAV<lambda_2866be3712abc81a800a822484c830d8>@@AAV<lambda_39ca0ed439415581b5b15c265174cece>@@$$QAV<lambda_2b24c74d71094a6cd0cb82e44167d71b>@@@Z 10028f10     libucrt:fflush.obj
 0002:00007f30       __sehtable$??$?RV<lambda_2cc53f568c5a2bb6f192f930a45d44ea>@@AAV<lambda_ab61a845afdef5b7c387490eaf3616ee>@@V<lambda_c2ffc0b7726aa6be21d5f0026187e748>@@@?$__crt_seh_guarded_call@X@@QAEX$$QAV<lambda_2cc53f568c5a2bb6f192f930a45d44ea>@@AAV<lambda_ab61a845afdef5b7c387490eaf3616ee>@@$$QAV<lambda_c2ffc0b7726aa6be21d5f0026187e748>@@@Z 10028f30     libucrt:fflush.obj
 0002:00007f50       __sehtable$___acrt_update_thread_locale_data 10028f50     libucrt:locale_refcounting.obj
 0002:00007f70       __sehtable$__fcloseall     10028f70     libucrt:closeall.obj
 0002:00007f90       __sehtable$___acrt_lowio_ensure_fh_exists 10028f90     libucrt:osfinfo.obj
 0002:00007fb0       __sehtable$??$?RV<lambda_9e9de3de5fa147e2223d7db92bc10aa6>@@AAV<lambda_38ce7e780aa69e748d6df282ebc68efe>@@V<lambda_8ca6da459f0f6780f1cff60fdc3d00e5>@@@?$__crt_seh_guarded_call@H@@QAEH$$QAV<lambda_9e9de3de5fa147e2223d7db92bc10aa6>@@AAV<lambda_38ce7e780aa69e748d6df282ebc68efe>@@$$QAV<lambda_8ca6da459f0f6780f1cff60fdc3d00e5>@@@Z 10028fb0     libucrt:commit.obj
 0002:00007fd0       __sehtable$__write_internal 10028fd0     libucrt:write.obj
 0002:00007ff0       __sehtable$?_fclose_internal@@YAHQAU_iobuf@@AAV__crt_cached_ptd_host@@@Z 10028ff0     libucrt:fclose.obj
 0002:00008010       __sehtable$??$?RV<lambda_d422a76eb4c3bf3ad751449ab71a6ea4>@@AAV<lambda_c9ba49e555ba839a7b07aa3fbecb7617>@@V<lambda_9476263c8ee91a25d21c55370bdb50de>@@@?$__crt_seh_guarded_call@H@@QAEH$$QAV<lambda_d422a76eb4c3bf3ad751449ab71a6ea4>@@AAV<lambda_c9ba49e555ba839a7b07aa3fbecb7617>@@$$QAV<lambda_9476263c8ee91a25d21c55370bdb50de>@@@Z 10029010     libucrt:close.obj
 0002:00008030       __sehtable$___set_fpsr_sse2 10029030     libucrt:fpctrl.obj
 0002:00008050       __sehtable$__IsNonwritableInCurrentImage 10029050     LIBCMT:pesect.obj
 0002:00008080       .edata                     10029080     OPOSMSR.exp
 0002:000080a8       rgpv                       100290a8     OPOSMSR.exp
 0002:000080b8       rgszName                   100290b8     OPOSMSR.exp
 0002:000080c8       rgwOrd                     100290c8     OPOSMSR.exp
 0002:000080d0       szName                     100290d0     OPOSMSR.exp
 0002:000080dc       $N00001                    100290dc     OPOSMSR.exp
 0002:000080ec       $N00002                    100290ec     OPOSMSR.exp
 0002:000080fe       $N00003                    100290fe     OPOSMSR.exp
 0002:00008110       $N00004                    10029110     OPOSMSR.exp
 0002:00008722       .idata$6                   10029722     kernel32:KERNEL32.dll
 0002:00008936       .idata$6                   10029936     user32:USER32.dll
 0002:00008a6a       .idata$6                   10029a6a     gdi32:GDI32.dll
 0002:00008b10       .idata$6                   10029b10     advapi32:ADVAPI32.dll
 0002:00008c2c       .idata$6                   10029c2c     ole32:ole32.dll
 0002:00008c36       .idata$6                   10029c36     oleaut32:OLEAUT32.dll
 0003:00000110       ?ObjectMap@@3PAU_ATL_OBJMAP_ENTRY30@ATL@@A 1002b110     MSR.obj
 0003:000001b8       ?s_SOMethodNames@@3PAPADA  1002b1b8     MSRImpl.obj
 0003:0000021c       ?s_RequiredMethodsPerRelease@@3PAHA 1002b21c     MSRImpl.obj
 0003:00000270       ?__vcrt_flsindex@@3KA      1002b270     libvcruntime:per_thread_data.obj
 0003:00000290       ?errno_no_memory@@3HA      1002b290     libucrt:errno.obj
 0003:00000294       ?doserrno_no_memory@@3KA   1002b294     libucrt:errno.obj
 0003:000002a0       ?__acrt_flsindex@@3KA      1002b2a0     libucrt:per_thread_data.obj
 0003:00000638       __mbctypes                 1002b638     libucrt:mbctype.obj
 0003:00000740       __mbcasemaps               1002b740     libucrt:mbctype.obj
 0003:00000840       ?__rgctypeflag@@3PADA      1002b840     libucrt:mbctype.obj
 0003:00000848       ?__rgcode_page_info@@3PAUcode_page_info@@A 1002b848     libucrt:mbctype.obj
 0003:00000aa0       ?__dcrt_lowio_console_output_handle@@3PAXA 1002baa0     libucrt:initcon.obj
 0003:00000aa4       ?__DAZ_ENABLED@?1??__set_fpsr_sse2@@9@9 1002baa4     libucrt:fpctrl.obj
 0003:00000c38       ?is_initialized_as_dll@@3_NA 1002bc38     LIBCMT:utility.obj
 0003:00000c39       ?module_local_atexit_table_initialized@@3_NA 1002bc39     LIBCMT:utility.obj
 0003:00000c3c       ?module_local_atexit_table@@3U_onexit_table_t@@A 1002bc3c     LIBCMT:utility.obj
 0003:00000c48       ?module_local_at_quick_exit_table@@3U_onexit_table_t@@A 1002bc48     LIBCMT:utility.obj
 0003:00000c54       ?g_tss_cv@@3U_RTL_CONDITION_VARIABLE@@A 1002bc54     LIBCMT:thread_safe_statics.obj
 0003:00000c58       ?g_tss_event@@3PAXA        1002bc58     LIBCMT:thread_safe_statics.obj
 0003:00000c5c       ?g_tss_mutex@@3U_RTL_CRITICAL_SECTION@@A 1002bc5c     LIBCMT:thread_safe_statics.obj
 0003:00000c74       ?g_sleep_condition_variable_cs@@3P6GHPAU_RTL_CONDITION_VARIABLE@@PAU_RTL_CRITICAL_SECTION@@K@ZA 1002bc74     LIBCMT:thread_safe_statics.obj
 0003:00000c78       ?g_wake_all_condition_variable@@3P6GXPAU_RTL_CONDITION_VARIABLE@@@ZA 1002bc78     LIBCMT:thread_safe_statics.obj
 0003:00000c80       _GS_ExceptionRecord        1002bc80     LIBCMT:gs_report.obj
 0003:00000cd0       _GS_ContextRecord          1002bcd0     LIBCMT:gs_report.obj
 0003:00000fa0       ?__proc_attached@@3HA      1002bfa0     LIBCMT:dll_dllmain.obj
 0003:00000ffc       ?AllocateData@@3P6GPAUAtlThunkData_t@@XZA 1002bffc     atls:atlthunk.obj
 0003:00001000       ?InitData@@3P6GXPAUAtlThunkData_t@@PAXI@ZA 1002c000     atls:atlthunk.obj
 0003:00001004       ?DataToCode@@3P6GP6GJPAUHWND__@@IIJ@ZPAUAtlThunkData_t@@@ZA 1002c004     atls:atlthunk.obj
 0003:00001008       ?FreeData@@3P6GXPAUAtlThunkData_t@@@ZA 1002c008     atls:atlthunk.obj
 0003:0000100c       ?Initialized@@3_NA         1002c00c     atls:atlthunk.obj
 0003:0000101c       ?__vcrt_startup_thread_ptd@@3U__vcrt_ptd@@A 1002c01c     libvcruntime:per_thread_data.obj
 0003:00001044       ___vcrt_lock_table         1002c044     libvcruntime:locks.obj
 0003:0000105c       ___vcrt_locks_initialized  1002c05c     libvcruntime:locks.obj
 0003:00001088       ?heap@@3V_HeapManager@@A   1002c088     libvcruntime:undname.obj
 0003:0000109c       ?module_handles@@3PAPAUHINSTANCE__@@A 1002c09c     libvcruntime:winapi_downlevel.obj
 0003:000010a8       ?function_pointers@@3PAPAXA 1002c0a8     libvcruntime:winapi_downlevel.obj
 0003:000010bc       ?__acrt_invalid_parameter_handler@@3V?$dual_state_global@P6AXPB_W00II@Z@__crt_state_management@@A 1002c0bc     libucrt:invalid_parameter.obj
 0003:000010c0       ?c_termination_complete@@3JA 1002c0c0     libucrt:exit.obj
 0003:000010c4       ?thread_local_exit_callback_func@@3P6GXPAXK0@ZA 1002c0c4     libucrt:exit.obj
 0003:000010d0       ?program_name@?1???$common_configure_argv@D@@YAHW4_crt_argv_mode@@@Z@4PADA 1002c0d0     libucrt:argv_parsing.obj
 0003:00001200       ?__acrt_new_handler@@3V?$dual_state_global@P6AHI@Z@__crt_state_management@@A 1002c200     libucrt:new_handler.obj
 0003:00001210       ?module_handles@@3PAPAUHINSTANCE__@@A 1002c210     libucrt:winapi_thunks.obj
 0003:00001260       ?encoded_function_pointers@@3PAPAXA 1002c260     libucrt:winapi_thunks.obj
 0003:000012e8       ?internal_state@?1??_mbtowc_internal@@9@4U_Mbstatet@@A 1002c2e8     libucrt:mbtowc.obj
 0003:000012f8       ?enable_percent_n@@3IA     1002c2f8     libucrt:printf_count_output.obj
 0003:00001510       ?__acrt_lock_table@@3PAU_RTL_CRITICAL_SECTION@@A 1002c510     libucrt:locks.obj
 0003:00001660       ?__acrt_locks_initialized@@3IA 1002c660     libucrt:locks.obj
 0003:00001670       ?fSystemSet@@3HA           1002c670     libucrt:mbctype.obj
 0003:00001674       ?initialized@?1??__acrt_initialize_multibyte@@9@4_NA 1002c674     libucrt:mbctype.obj
 0003:00001694       ?ctrlc_action@@3V?$dual_state_global@P6AXH@Z@__crt_state_management@@A 1002c694     libucrt:signal.obj
 0003:00001698       ?ctrlbreak_action@@3V?$dual_state_global@P6AXH@Z@__crt_state_management@@A 1002c698     libucrt:signal.obj
 0003:0000169c       ?abort_action@@3V?$dual_state_global@P6AXH@Z@__crt_state_management@@A 1002c69c     libucrt:signal.obj
 0003:000016a0       ?term_action@@3V?$dual_state_global@P6AXH@Z@__crt_state_management@@A 1002c6a0     libucrt:signal.obj
 0003:000016a4       ?user_matherr@@3V?$dual_state_global@P6AHPAU_exception@@@Z@__crt_state_management@@A 1002c6a4     libucrt:matherr.obj
 0003:000016b0       ?__acrt_global_new_mode@@3V?$dual_state_global@J@__crt_state_management@@A 1002c6b0     libucrt:new_mode.obj
 0003:000016b4       ?internal_pst@?1??__mbrtoc32_utf8@__crt_mbstring@@YAIPA_UPBDIPAU_Mbstatet@@AAV__crt_cached_ptd_host@@@Z@4U3@A 1002c6b4     libucrt:mbrtoc32.obj
 0003:000016bc       ?__acrt_app_type@@3W4_crt_app_type@@A 1002c6bc     libucrt:report_runtime_error.obj
 0003:000016c4       __pmatherr_set             1002c6c4     libucrt:libm_error.obj
 0004:00000220       $R000000                   1002d220     MSR.res
 0004:00000b90       $R000970                   1002db90     MSR.res
 0004:00000c78       $R000A58                   1002dc78     MSR.res
 0004:00000ee0       $R000CC0                   1002dee0     MSR.res
 0004:00001410       $R0011F0                   1002e410     MSR.res
 0004:00005c00       $R0059E0                   10032c00     MSR.res
 0004:00005c28       $R005A08                   10032c28     MSR.res
