 OPOSElectronicJournal

 Timestamp is 61a75b48 (Wed Dec  1 20:23:52 2021)

 Preferred load address is 10000000

 Start         Length     Name                   Class
 0001:00000000 00000080H .text$di                CODE
 0001:00000080 0001f418H .text$mn                CODE
 0001:0001f498 000000d8H .text$x                 CODE
 0001:0001f570 00000042H .text$yd                CODE
 0002:00000000 000002fcH .idata$5                DATA
 0002:000002fc 00000008H .00cfg                  DATA
 0002:00000304 00000004H .CRT$XCA                DATA
 0002:00000308 00000004H .CRT$XCL                DATA
 0002:0000030c 00000010H .CRT$XCU                DATA
 0002:0000031c 00000004H .CRT$XCZ                DATA
 0002:00000320 00000004H .CRT$XIA                DATA
 0002:00000324 00000010H .CRT$XIC                DATA
 0002:00000334 00000004H .CRT$XIZ                DATA
 0002:00000338 00000004H .CRT$XLA                DATA
 0002:0000033c 00000004H .CRT$XLZ                DATA
 0002:00000340 00000004H .CRT$XPA                DATA
 0002:00000344 00000008H .CRT$XPX                DATA
 0002:0000034c 00000004H .CRT$XPXA               DATA
 0002:00000350 00000004H .CRT$XPZ                DATA
 0002:00000354 00000004H .CRT$XTA                DATA
 0002:00000358 00000008H .CRT$XTZ                DATA
 0002:0000035c 00000000H .gfids$y                DATA
 0002:00000360 00007020H .rdata                  DATA
 0002:00007380 00000000H .rdata$CastGuardVftablesA DATA
 0002:00007380 00000000H .rdata$CastGuardVftablesC DATA
 0002:00007380 00000018H .rdata$T                DATA
 0002:00007398 00000178H .rdata$r                DATA
 0002:00007510 0000002cH .rdata$sxdata           DATA
 0002:0000753c 00000030H .rdata$voltmd           DATA
 0002:0000756c 00000410H .rdata$zzzdbg           DATA
 0002:0000797c 00000004H .rtc$IAA                DATA
 0002:00007980 00000004H .rtc$IZZ                DATA
 0002:00007984 00000004H .rtc$TAA                DATA
 0002:00007988 00000004H .rtc$TZZ                DATA
 0002:0000798c 00000004H .tls                    DATA
 0002:00007990 00000004H .tls$                   DATA
 0002:00007994 00000004H .tls$ZZZ                DATA
 0002:00007998 000006dcH .xdata$x                DATA
 0002:00008074 00000004H ATL$__a                 DATA
 0002:00008078 00000008H ATL$__z                 DATA
 0002:00008080 000000b4H .edata                  DATA
 0002:00008134 00000078H .idata$2                DATA
 0002:000081ac 00000014H .idata$3                DATA
 0002:000081c0 000002fcH .idata$4                DATA
 0002:000084bc 00000bceH .idata$6                DATA
 0003:00000000 00000af0H .data                   DATA
 0003:00000af0 00000080H .data$r                 DATA
 0003:00000b70 00000018H .data$rs                DATA
 0003:00000b88 00000b80H .bss                    DATA
 0004:00000000 00000220H .rsrc$01                DATA
 0004:00000220 000050e8H .rsrc$02                DATA

  Address         Publics by Value              Rva+Base       Lib:Object

 0000:00000000       ___guard_fids_count        00000000     <absolute>
 0000:00000000       ___guard_longjmp_table     00000000     <absolute>
 0000:00000000       ___guard_eh_cont_table     00000000     <absolute>
 0000:00000000       ___arm64x_extra_rfe_table  00000000     <absolute>
 0000:00000000       ___arm64x_redirection_metadata 00000000     <absolute>
 0000:00000000       ___guard_eh_cont_count     00000000     <absolute>
 0000:00000000       ___guard_iat_count         00000000     <absolute>
 0000:00000000       __except_list              00000000     <absolute>
 0000:00000000       ___x64_code_ranges_to_entry_points_count 00000000     <absolute>
 0000:00000000       ___hybrid_code_map_count   00000000     <absolute>
 0000:00000000       ___x64_code_ranges_to_entry_points 00000000     <absolute>
 0000:00000000       ___guard_iat_table         00000000     <absolute>
 0000:00000000       ___arm64x_native_entrypoint 00000000     <absolute>
 0000:00000000       ___hybrid_code_map         00000000     <absolute>
 0000:00000000       ___arm64x_extra_rfe_table_size 00000000     <absolute>
 0000:00000000       ___guard_longjmp_count     00000000     <absolute>
 0000:00000000       ___guard_check_icall_a64n_fptr 00000000     <absolute>
 0000:00000000       ___arm64x_redirection_metadata_count 00000000     <absolute>
 0000:00000000       ___hybrid_auxiliary_iat    00000000     <absolute>
 0000:00000000       ___dynamic_value_reloc_table 00000000     <absolute>
 0000:00000000       ___AbsoluteZero            00000000     <absolute>
 0000:00000000       ___enclave_config          00000000     <absolute>
 0000:00000000       ___guard_fids_table        00000000     <absolute>
 0000:00000000       ___hybrid_auxiliary_iat_copy 00000000     <absolute>
 0000:0000000b       ___safe_se_handler_count   0000000b     <absolute>
 0000:0000002c       __tls_array                0000002c     <absolute>
 0000:00000100       ___guard_flags             00000100     <absolute>
 0000:00000000       ___ImageBase               10000000     <linker-defined>
 0001:00000080       ?DupWide@_CW@@AAEXXZ       10001080 f   CWString.obj
 0001:0000009c       ?cw_dup@@YGXPBDAAHAAPA_W1@Z 1000109c f   CWString.obj
 0001:00000124       ?cw_memcpy@@YGHPA_WPBDH@Z  10001124 f   CWString.obj
 0001:00000150       ?cw_strcpy@@YAHPA_WPBD@Z   10001150 f   CWString.obj
 0001:00000163       ?cw_strlen@@YAHPBD@Z       10001163 f   CWString.obj
 0001:0000017c       ??0CAtlComModule@ATL@@QAE@XZ 1000117c f i OposVariant.obj
 0001:000001c1       ??0CAtlWinModule@ATL@@QAE@XZ 100011c1 f i OposVariant.obj
 0001:000001f8       ??0OposDispParms@@QAE@PAVOposVariant@@H@Z 100011f8 f   OposVariant.obj
 0001:00000269       ??1OposDispParms@@QAE@XZ   10001269 f   OposVariant.obj
 0001:00000277       ??A?$CSimpleArray@GV?$CSimpleArrayEqualHelper@G@ATL@@@ATL@@QAEAAGH@Z 10001277 f i OposVariant.obj
 0001:0000029c       ??_Estringdispid@CComTypeInfoHolder@ATL@@QAEPAXI@Z 1000129c f i OposVariant.obj
 0001:00000308       ?AtlWinModuleInit@ATL@@YGJPAU_ATL_WIN_MODULE70@1@@Z 10001308 f i OposVariant.obj
 0001:0000032e       ?AtlWinModuleTerm@ATL@@YGJPAU_ATL_WIN_MODULE70@1@PAUHINSTANCE__@@@Z 1000132e f i OposVariant.obj
 0001:00000391       ?ChangeBSTR@OposVariant@@QAEXPAPA_WAAJ@Z 10001391 f   OposVariant.obj
 0001:000003d2       ?ChangeCURRENCY@OposVariant@@QAEXPATtagCY@@AAJ@Z 100013d2 f   OposVariant.obj
 0001:00000421       ?ChangeLONG@OposVariant@@QAEXPAJAAJ@Z 10001421 f   OposVariant.obj
 0001:00000462       ?GetLONG@OposVariant@@QAEJXZ 10001462 f   OposVariant.obj
 0001:0000047d       ?Init@CComCriticalSection@ATL@@QAEJXZ 1000147d f i OposVariant.obj
 0001:000004a5       ?RemoveAll@?$CSimpleArray@GV?$CSimpleArrayEqualHelper@G@ATL@@@ATL@@QAEXXZ 100014a5 f i OposVariant.obj
 0001:000004a5       ?RemoveAll@?$CSimpleArray@PAUHINSTANCE__@@V?$CSimpleArrayEqualHelper@PAUHINSTANCE__@@@ATL@@@ATL@@QAEXXZ 100014a5 f i atls:atlbase.obj
 0001:000004c2       ?SetBSTR@OposVariant@@QAEXPA_WAAJ@Z 100014c2 f   OposVariant.obj
 0001:000004f6       ?SetBSTR_Copy@OposVariant@@QAEXPA_WAAJ@Z 100014f6 f   OposVariant.obj
 0001:00000546       ?SetBSTR_InOutPtr@OposVariant@@QAE_NPAPA_WAAJ@Z 10001546 f   OposVariant.obj
 0001:0000057d       ?SetBSTR_OutPtr@OposVariant@@QAE_NPAPA_WAAJ@Z 1000157d f   OposVariant.obj
 0001:00000599       ?SetDispatch_Ptr@OposVariant@@QAEXPAUIDispatch@@AAJ@Z 10001599 f   OposVariant.obj
 0001:000005d4       ?SetLONG@OposVariant@@QAEXJ@Z 100015d4 f   OposVariant.obj
 0001:000005f6       ?SetLONG_Ptr@OposVariant@@QAEXPAJAAJ@Z 100015f6 f   OposVariant.obj
 0001:00000629       ?SetString@OposVariant@@QAEXPB_WAAJ@Z 10001629 f   OposVariant.obj
 0001:0000066f       ?SetVARIANT_BOOL@OposVariant@@QAEXF@Z 1000166f f   OposVariant.obj
 0001:00000699       ?Term@CAtlComModule@ATL@@QAEXXZ 10001699 f i OposVariant.obj
 0001:000006e3       ?_AtlRaiseException@ATL@@YAXKK@Z 100016e3 f i OposVariant.obj
 0001:000006f8       ?OnDrawAdvanced@CComControlBase@ATL@@UAEJAAUATL_DRAWINFO@@@Z 100016f8 f i ElectronicJournal.obj
 0001:000007eb       ?Next@?$CComEnumImpl@UIEnumConnections@@$1?_GUID_b196b287_bab4_101a_b69c_00aa00341d07@@3U__s_GUID@@BUtagCONNECTDATA@@V?$_Copy@UtagCONNECTDATA@@@ATL@@@ATL@@UAGJKPAUtagCONNECTDATA@@PAK@Z 100017eb f i ElectronicJournal.obj
 0001:000008ba       ?Skip@?$CComEnumImpl@UIEnumConnections@@$1?_GUID_b196b287_bab4_101a_b69c_00aa00341d07@@3U__s_GUID@@BUtagCONNECTDATA@@V?$_Copy@UtagCONNECTDATA@@@ATL@@@ATL@@UAGJK@Z 100018ba f i ElectronicJournal.obj
 0001:000008e7       ?Reset@?$CComEnumImpl@UIEnumConnectionPoints@@$1?_GUID_b196b285_bab4_101a_b69c_00aa00341d07@@3U__s_GUID@@BPAUIConnectionPoint@@V?$_CopyInterface@UIConnectionPoint@@@ATL@@@ATL@@UAGJXZ 100018e7 f i ElectronicJournal.obj
 0001:000008e7       ?Reset@?$CComEnumImpl@UIEnumConnections@@$1?_GUID_b196b287_bab4_101a_b69c_00aa00341d07@@3U__s_GUID@@BUtagCONNECTDATA@@V?$_Copy@UtagCONNECTDATA@@@ATL@@@ATL@@UAGJXZ 100018e7 f i ElectronicJournal.obj
 0001:000008f9       ?Clone@?$CComEnumImpl@UIEnumConnections@@$1?_GUID_b196b287_bab4_101a_b69c_00aa00341d07@@3U__s_GUID@@BUtagCONNECTDATA@@V?$_Copy@UtagCONNECTDATA@@@ATL@@@ATL@@UAGJPAPAUIEnumConnections@@@Z 100018f9 f i ElectronicJournal.obj
 0001:000009da       ?OnFinalMessage@?$CWindowImplBaseT@VCWindow@ATL@@V?$CWinTraits@$0FGAAAAAA@$0A@@2@@ATL@@UAEXPAUHWND__@@@Z 100019da f i ElectronicJournal.obj
 0001:000009da       ?ObjectMain@CComObjectRootBase@ATL@@SGX_N@Z 100019da f i ElectronicJournal.obj
 0001:000009dd       ?GetCategoryMap@CComObjectRootBase@ATL@@SAPBU_ATL_CATMAP_ENTRY@2@XZ 100019dd f i ElectronicJournal.obj
 0001:000009dd       ?GetObjectDescription@?$CComCoClass@VCOPOSElectronicJournal@@$1?CLSID_OPOSElectronicJournal@@3U_GUID@@B@ATL@@SGPB_WXZ 100019dd f i ElectronicJournal.obj
 0001:000009e0       ?AddRef@?$CComObject@V?$CComEnum@UIEnumConnections@@$1?_GUID_b196b287_bab4_101a_b69c_00aa00341d07@@3U__s_GUID@@BUtagCONNECTDATA@@V?$_Copy@UtagCONNECTDATA@@@ATL@@VCComSingleThreadModel@6@@ATL@@@ATL@@UAGKXZ 100019e0 f i ElectronicJournal.obj
 0001:000009e0       ?AddRef@?$CComObject@V?$CComEnum@UIEnumConnectionPoints@@$1?_GUID_b196b285_bab4_101a_b69c_00aa00341d07@@3U__s_GUID@@BPAUIConnectionPoint@@V?$_CopyInterface@UIConnectionPoint@@@ATL@@VCComSingleThreadModel@6@@ATL@@@ATL@@UAGKXZ 100019e0 f i ElectronicJournal.obj
 0001:000009f1       ?Release@?$CComObject@V?$CComEnum@UIEnumConnections@@$1?_GUID_b196b287_bab4_101a_b69c_00aa00341d07@@3U__s_GUID@@BUtagCONNECTDATA@@V?$_Copy@UtagCONNECTDATA@@@ATL@@VCComSingleThreadModel@6@@ATL@@@ATL@@UAGKXZ 100019f1 f i ElectronicJournal.obj
 0001:000009f1       ?Release@?$CComObject@V?$CComEnum@UIEnumConnectionPoints@@$1?_GUID_b196b285_bab4_101a_b69c_00aa00341d07@@3U__s_GUID@@BPAUIConnectionPoint@@V?$_CopyInterface@UIConnectionPoint@@@ATL@@VCComSingleThreadModel@6@@ATL@@@ATL@@UAGKXZ 100019f1 f i ElectronicJournal.obj
 0001:00000a2d       ?QueryInterface@?$CComObject@V?$CComEnum@UIEnumConnections@@$1?_GUID_b196b287_bab4_101a_b69c_00aa00341d07@@3U__s_GUID@@BUtagCONNECTDATA@@V?$_Copy@UtagCONNECTDATA@@@ATL@@VCComSingleThreadModel@6@@ATL@@@ATL@@UAGJABU_GUID@@PAPAX@Z 10001a2d f i ElectronicJournal.obj
 0001:00000a47       ??_E?$CComObject@V?$CComEnum@UIEnumConnections@@$1?_GUID_b196b287_bab4_101a_b69c_00aa00341d07@@3U__s_GUID@@BUtagCONNECTDATA@@V?$_Copy@UtagCONNECTDATA@@@ATL@@VCComSingleThreadModel@6@@ATL@@@ATL@@UAEPAXI@Z 10001a47 f i ElectronicJournal.obj
 0001:00000a47       ??_G?$CComObject@V?$CComEnum@UIEnumConnections@@$1?_GUID_b196b287_bab4_101a_b69c_00aa00341d07@@3U__s_GUID@@BUtagCONNECTDATA@@V?$_Copy@UtagCONNECTDATA@@@ATL@@VCComSingleThreadModel@6@@ATL@@@ATL@@UAEPAXI@Z 10001a47 f i ElectronicJournal.obj
 0001:00000a69       ?CreateInstance@CComClassFactory@ATL@@UAGJPAUIUnknown@@ABU_GUID@@PAPAX@Z 10001a69 f i ElectronicJournal.obj
 0001:00000aa7       ?LockServer@CComClassFactory@ATL@@UAGJH@Z 10001aa7 f i ElectronicJournal.obj
 0001:00000ac6       ??_GCComClassFactory@ATL@@UAEPAXI@Z 10001ac6 f i ElectronicJournal.obj
 0001:00000ac6       ??_ECComClassFactory@ATL@@UAEPAXI@Z 10001ac6 f i ElectronicJournal.obj
 0001:00000af1       ??_E?$CComObject@VCOPOSElectronicJournal@@@ATL@@W3AEPAXI@Z 10001af1 f i ElectronicJournal.obj
 0001:00000af9       ??_E?$CComObject@VCOPOSElectronicJournal@@@ATL@@WEM@AEPAXI@Z 10001af9 f i ElectronicJournal.obj
 0001:00000b01       ?QueryInterface@?$CComObject@VCOPOSElectronicJournal@@@ATL@@WHA@AGJABU_GUID@@PAPAX@Z 10001b01 f i ElectronicJournal.obj
 0001:00000b0b       ?AddRef@?$CComObject@VCOPOSElectronicJournal@@@ATL@@WHA@AGKXZ 10001b0b f i ElectronicJournal.obj
 0001:00000b15       ?Release@?$CComObject@VCOPOSElectronicJournal@@@ATL@@WHA@AGKXZ 10001b15 f i ElectronicJournal.obj
 0001:00000b1f       ?QueryInterface@?$CComObject@VCOPOSElectronicJournal@@@ATL@@WHE@AGJABU_GUID@@PAPAX@Z 10001b1f f i ElectronicJournal.obj
 0001:00000b29       ?AddRef@?$CComObject@VCOPOSElectronicJournal@@@ATL@@WHE@AGKXZ 10001b29 f i ElectronicJournal.obj
 0001:00000b33       ?Release@?$CComObject@VCOPOSElectronicJournal@@@ATL@@WHE@AGKXZ 10001b33 f i ElectronicJournal.obj
 0001:00000b3d       ?QueryInterface@?$CComObject@VCOPOSElectronicJournal@@@ATL@@WHI@AGJABU_GUID@@PAPAX@Z 10001b3d f i ElectronicJournal.obj
 0001:00000b47       ?AddRef@?$CComObject@VCOPOSElectronicJournal@@@ATL@@WHI@AGKXZ 10001b47 f i ElectronicJournal.obj
 0001:00000b51       ?Release@?$CComObject@VCOPOSElectronicJournal@@@ATL@@WHI@AGKXZ 10001b51 f i ElectronicJournal.obj
 0001:00000b5b       ?QueryInterface@?$CComObject@VCOPOSElectronicJournal@@@ATL@@WHM@AGJABU_GUID@@PAPAX@Z 10001b5b f i ElectronicJournal.obj
 0001:00000b65       ?AddRef@?$CComObject@VCOPOSElectronicJournal@@@ATL@@WHM@AGKXZ 10001b65 f i ElectronicJournal.obj
 0001:00000b6f       ?Release@?$CComObject@VCOPOSElectronicJournal@@@ATL@@WHM@AGKXZ 10001b6f f i ElectronicJournal.obj
 0001:00000b79       ?QueryInterface@?$CComObject@VCOPOSElectronicJournal@@@ATL@@WIA@AGJABU_GUID@@PAPAX@Z 10001b79 f i ElectronicJournal.obj
 0001:00000b86       ?AddRef@?$CComObject@VCOPOSElectronicJournal@@@ATL@@WIA@AGKXZ 10001b86 f i ElectronicJournal.obj
 0001:00000b93       ?Release@?$CComObject@VCOPOSElectronicJournal@@@ATL@@WIA@AGKXZ 10001b93 f i ElectronicJournal.obj
 0001:00000ba0       ?QueryInterface@?$CComObject@VCOPOSElectronicJournal@@@ATL@@WIE@AGJABU_GUID@@PAPAX@Z 10001ba0 f i ElectronicJournal.obj
 0001:00000bad       ?AddRef@?$CComObject@VCOPOSElectronicJournal@@@ATL@@WIE@AGKXZ 10001bad f i ElectronicJournal.obj
 0001:00000bba       ?Release@?$CComObject@VCOPOSElectronicJournal@@@ATL@@WIE@AGKXZ 10001bba f i ElectronicJournal.obj
 0001:00000bc7       ?QueryInterface@?$CComObject@VCOPOSElectronicJournal@@@ATL@@WII@AGJABU_GUID@@PAPAX@Z 10001bc7 f i ElectronicJournal.obj
 0001:00000bd4       ?AddRef@?$CComObject@VCOPOSElectronicJournal@@@ATL@@WII@AGKXZ 10001bd4 f i ElectronicJournal.obj
 0001:00000be1       ?Release@?$CComObject@VCOPOSElectronicJournal@@@ATL@@WII@AGKXZ 10001be1 f i ElectronicJournal.obj
 0001:00000bee       ?QueryInterface@?$CComObject@VCOPOSElectronicJournal@@@ATL@@WIM@AGJABU_GUID@@PAPAX@Z 10001bee f i ElectronicJournal.obj
 0001:00000bfb       ?AddRef@?$CComObject@VCOPOSElectronicJournal@@@ATL@@WIM@AGKXZ 10001bfb f i ElectronicJournal.obj
 0001:00000c08       ?Release@?$CComObject@VCOPOSElectronicJournal@@@ATL@@WIM@AGKXZ 10001c08 f i ElectronicJournal.obj
 0001:00000c15       ?QueryInterface@?$CComObject@VCOPOSElectronicJournal@@@ATL@@WJA@AGJABU_GUID@@PAPAX@Z 10001c15 f i ElectronicJournal.obj
 0001:00000c22       ?AddRef@?$CComObject@VCOPOSElectronicJournal@@@ATL@@WJA@AGKXZ 10001c22 f i ElectronicJournal.obj
 0001:00000c2f       ?Release@?$CComObject@VCOPOSElectronicJournal@@@ATL@@WJA@AGKXZ 10001c2f f i ElectronicJournal.obj
 0001:00000c3c       ?QueryInterface@?$CComObject@VCOPOSElectronicJournal@@@ATL@@WJE@AGJABU_GUID@@PAPAX@Z 10001c3c f i ElectronicJournal.obj
 0001:00000c49       ?AddRef@?$CComObject@VCOPOSElectronicJournal@@@ATL@@WJE@AGKXZ 10001c49 f i ElectronicJournal.obj
 0001:00000c56       ?Release@?$CComObject@VCOPOSElectronicJournal@@@ATL@@WJE@AGKXZ 10001c56 f i ElectronicJournal.obj
 0001:00000c63       ?QueryInterface@?$CComObject@VCOPOSElectronicJournal@@@ATL@@WJI@AGJABU_GUID@@PAPAX@Z 10001c63 f i ElectronicJournal.obj
 0001:00000c70       ?AddRef@?$CComObject@VCOPOSElectronicJournal@@@ATL@@WJI@AGKXZ 10001c70 f i ElectronicJournal.obj
 0001:00000c7d       ?Release@?$CComObject@VCOPOSElectronicJournal@@@ATL@@WJI@AGKXZ 10001c7d f i ElectronicJournal.obj
 0001:00000c8a       ?QueryInterface@?$CComObject@VCOPOSElectronicJournal@@@ATL@@WJM@AGJABU_GUID@@PAPAX@Z 10001c8a f i ElectronicJournal.obj
 0001:00000c97       ?AddRef@?$CComObject@VCOPOSElectronicJournal@@@ATL@@WJM@AGKXZ 10001c97 f i ElectronicJournal.obj
 0001:00000ca4       ?Release@?$CComObject@VCOPOSElectronicJournal@@@ATL@@WJM@AGKXZ 10001ca4 f i ElectronicJournal.obj
 0001:00000cb1       ?QueryInterface@?$CComObject@VCOPOSElectronicJournal@@@ATL@@WKA@AGJABU_GUID@@PAPAX@Z 10001cb1 f i ElectronicJournal.obj
 0001:00000cbe       ?AddRef@?$CComObject@VCOPOSElectronicJournal@@@ATL@@WKA@AGKXZ 10001cbe f i ElectronicJournal.obj
 0001:00000ccb       ?Release@?$CComObject@VCOPOSElectronicJournal@@@ATL@@WKA@AGKXZ 10001ccb f i ElectronicJournal.obj
 0001:00000cd8       ?AddRef@?$CComObject@VCOPOSElectronicJournal@@@ATL@@WKI@AGKXZ 10001cd8 f i ElectronicJournal.obj
 0001:00000ce5       ?Release@?$CComObject@VCOPOSElectronicJournal@@@ATL@@WKI@AGKXZ 10001ce5 f i ElectronicJournal.obj
 0001:00000cf2       ?AddRef@?$CComObject@VCOPOSElectronicJournal@@@ATL@@WLE@AGKXZ 10001cf2 f i ElectronicJournal.obj
 0001:00000cff       ?Release@?$CComObject@VCOPOSElectronicJournal@@@ATL@@WLE@AGKXZ 10001cff f i ElectronicJournal.obj
 0001:00000d0c       ??_E?$CComContainedObject@VCOPOSElectronicJournal@@@ATL@@W3AEPAXI@Z 10001d0c f i ElectronicJournal.obj
 0001:00000d14       ??_E?$CComContainedObject@VCOPOSElectronicJournal@@@ATL@@WEM@AEPAXI@Z 10001d14 f i ElectronicJournal.obj
 0001:00000d1c       ?QueryInterface@?$CComContainedObject@VCOPOSElectronicJournal@@@ATL@@WHA@AGJABU_GUID@@PAPAX@Z 10001d1c f i ElectronicJournal.obj
 0001:00000d26       ?AddRef@?$CComContainedObject@VCOPOSElectronicJournal@@@ATL@@WHA@AGKXZ 10001d26 f i ElectronicJournal.obj
 0001:00000d30       ?Release@?$CComContainedObject@VCOPOSElectronicJournal@@@ATL@@WHA@AGKXZ 10001d30 f i ElectronicJournal.obj
 0001:00000d3a       ?QueryInterface@?$CComContainedObject@VCOPOSElectronicJournal@@@ATL@@WHE@AGJABU_GUID@@PAPAX@Z 10001d3a f i ElectronicJournal.obj
 0001:00000d44       ?AddRef@?$CComContainedObject@VCOPOSElectronicJournal@@@ATL@@WHE@AGKXZ 10001d44 f i ElectronicJournal.obj
 0001:00000d4e       ?Release@?$CComContainedObject@VCOPOSElectronicJournal@@@ATL@@WHE@AGKXZ 10001d4e f i ElectronicJournal.obj
 0001:00000d58       ?QueryInterface@?$CComContainedObject@VCOPOSElectronicJournal@@@ATL@@WHI@AGJABU_GUID@@PAPAX@Z 10001d58 f i ElectronicJournal.obj
 0001:00000d62       ?AddRef@?$CComContainedObject@VCOPOSElectronicJournal@@@ATL@@WHI@AGKXZ 10001d62 f i ElectronicJournal.obj
 0001:00000d6c       ?Release@?$CComContainedObject@VCOPOSElectronicJournal@@@ATL@@WHI@AGKXZ 10001d6c f i ElectronicJournal.obj
 0001:00000d76       ?QueryInterface@?$CComContainedObject@VCOPOSElectronicJournal@@@ATL@@WHM@AGJABU_GUID@@PAPAX@Z 10001d76 f i ElectronicJournal.obj
 0001:00000d80       ?AddRef@?$CComContainedObject@VCOPOSElectronicJournal@@@ATL@@WHM@AGKXZ 10001d80 f i ElectronicJournal.obj
 0001:00000d8a       ?Release@?$CComContainedObject@VCOPOSElectronicJournal@@@ATL@@WHM@AGKXZ 10001d8a f i ElectronicJournal.obj
 0001:00000d94       ?QueryInterface@?$CComContainedObject@VCOPOSElectronicJournal@@@ATL@@WIA@AGJABU_GUID@@PAPAX@Z 10001d94 f i ElectronicJournal.obj
 0001:00000da1       ?AddRef@?$CComContainedObject@VCOPOSElectronicJournal@@@ATL@@WIA@AGKXZ 10001da1 f i ElectronicJournal.obj
 0001:00000dae       ?Release@?$CComContainedObject@VCOPOSElectronicJournal@@@ATL@@WIA@AGKXZ 10001dae f i ElectronicJournal.obj
 0001:00000dbb       ?QueryInterface@?$CComContainedObject@VCOPOSElectronicJournal@@@ATL@@WIE@AGJABU_GUID@@PAPAX@Z 10001dbb f i ElectronicJournal.obj
 0001:00000dc8       ?AddRef@?$CComContainedObject@VCOPOSElectronicJournal@@@ATL@@WIE@AGKXZ 10001dc8 f i ElectronicJournal.obj
 0001:00000dd5       ?Release@?$CComContainedObject@VCOPOSElectronicJournal@@@ATL@@WIE@AGKXZ 10001dd5 f i ElectronicJournal.obj
 0001:00000de2       ?QueryInterface@?$CComContainedObject@VCOPOSElectronicJournal@@@ATL@@WII@AGJABU_GUID@@PAPAX@Z 10001de2 f i ElectronicJournal.obj
 0001:00000def       ?AddRef@?$CComContainedObject@VCOPOSElectronicJournal@@@ATL@@WII@AGKXZ 10001def f i ElectronicJournal.obj
 0001:00000dfc       ?Release@?$CComContainedObject@VCOPOSElectronicJournal@@@ATL@@WII@AGKXZ 10001dfc f i ElectronicJournal.obj
 0001:00000e09       ?QueryInterface@?$CComContainedObject@VCOPOSElectronicJournal@@@ATL@@WIM@AGJABU_GUID@@PAPAX@Z 10001e09 f i ElectronicJournal.obj
 0001:00000e16       ?AddRef@?$CComContainedObject@VCOPOSElectronicJournal@@@ATL@@WIM@AGKXZ 10001e16 f i ElectronicJournal.obj
 0001:00000e23       ?Release@?$CComContainedObject@VCOPOSElectronicJournal@@@ATL@@WIM@AGKXZ 10001e23 f i ElectronicJournal.obj
 0001:00000e30       ?QueryInterface@?$CComContainedObject@VCOPOSElectronicJournal@@@ATL@@WJA@AGJABU_GUID@@PAPAX@Z 10001e30 f i ElectronicJournal.obj
 0001:00000e3d       ?AddRef@?$CComContainedObject@VCOPOSElectronicJournal@@@ATL@@WJA@AGKXZ 10001e3d f i ElectronicJournal.obj
 0001:00000e4a       ?Release@?$CComContainedObject@VCOPOSElectronicJournal@@@ATL@@WJA@AGKXZ 10001e4a f i ElectronicJournal.obj
 0001:00000e57       ?QueryInterface@?$CComContainedObject@VCOPOSElectronicJournal@@@ATL@@WJE@AGJABU_GUID@@PAPAX@Z 10001e57 f i ElectronicJournal.obj
 0001:00000e64       ?AddRef@?$CComContainedObject@VCOPOSElectronicJournal@@@ATL@@WJE@AGKXZ 10001e64 f i ElectronicJournal.obj
 0001:00000e71       ?Release@?$CComContainedObject@VCOPOSElectronicJournal@@@ATL@@WJE@AGKXZ 10001e71 f i ElectronicJournal.obj
 0001:00000e7e       ?QueryInterface@?$CComContainedObject@VCOPOSElectronicJournal@@@ATL@@WJI@AGJABU_GUID@@PAPAX@Z 10001e7e f i ElectronicJournal.obj
 0001:00000e8b       ?AddRef@?$CComContainedObject@VCOPOSElectronicJournal@@@ATL@@WJI@AGKXZ 10001e8b f i ElectronicJournal.obj
 0001:00000e98       ?Release@?$CComContainedObject@VCOPOSElectronicJournal@@@ATL@@WJI@AGKXZ 10001e98 f i ElectronicJournal.obj
 0001:00000ea5       ?QueryInterface@?$CComContainedObject@VCOPOSElectronicJournal@@@ATL@@WJM@AGJABU_GUID@@PAPAX@Z 10001ea5 f i ElectronicJournal.obj
 0001:00000eb2       ?AddRef@?$CComContainedObject@VCOPOSElectronicJournal@@@ATL@@WJM@AGKXZ 10001eb2 f i ElectronicJournal.obj
 0001:00000ebf       ?Release@?$CComContainedObject@VCOPOSElectronicJournal@@@ATL@@WJM@AGKXZ 10001ebf f i ElectronicJournal.obj
 0001:00000ecc       ?QueryInterface@?$CComContainedObject@VCOPOSElectronicJournal@@@ATL@@WKA@AGJABU_GUID@@PAPAX@Z 10001ecc f i ElectronicJournal.obj
 0001:00000ed9       ?AddRef@?$CComContainedObject@VCOPOSElectronicJournal@@@ATL@@WKA@AGKXZ 10001ed9 f i ElectronicJournal.obj
 0001:00000ee6       ?Release@?$CComContainedObject@VCOPOSElectronicJournal@@@ATL@@WKA@AGKXZ 10001ee6 f i ElectronicJournal.obj
 0001:00000ef3       ?AddRef@?$CComContainedObject@VCOPOSElectronicJournal@@@ATL@@WKI@AGKXZ 10001ef3 f i ElectronicJournal.obj
 0001:00000f00       ?Release@?$CComContainedObject@VCOPOSElectronicJournal@@@ATL@@WKI@AGKXZ 10001f00 f i ElectronicJournal.obj
 0001:00000f0d       ?AddRef@?$CComContainedObject@VCOPOSElectronicJournal@@@ATL@@WLE@AGKXZ 10001f0d f i ElectronicJournal.obj
 0001:00000f1a       ?Release@?$CComContainedObject@VCOPOSElectronicJournal@@@ATL@@WLE@AGKXZ 10001f1a f i ElectronicJournal.obj
 0001:00000f27       ?GetWindowProc@?$CWindowImplBaseT@VCWindow@ATL@@V?$CWinTraits@$0FGAAAAAA@$0A@@2@@ATL@@UAEP6GJPAUHWND__@@IIJ@ZXZ 10001f27 f i ElectronicJournal.obj
 0001:00000f2d       ?StartWindowProc@?$CWindowImplBaseT@VCWindow@ATL@@V?$CWinTraits@$0FGAAAAAA@$0A@@2@@ATL@@SGJPAUHWND__@@IIJ@Z 10001f2d f i ElectronicJournal.obj
 0001:00000f81       ?GetTypeInfoCount@?$IDispatchImpl@UIOPOSElectronicJournal@@$1?IID_IOPOSElectronicJournal@@3U_GUID@@B$1?LIBID_OposElectronicJournal_CCO@@3U3@B$00$0A@VCComTypeInfoHolder@ATL@@@ATL@@UAGJPAI@Z 10001f81 f i ElectronicJournal.obj
 0001:00000f9e       ?GetTypeInfo@?$IDispatchImpl@UIOPOSElectronicJournal@@$1?IID_IOPOSElectronicJournal@@3U_GUID@@B$1?LIBID_OposElectronicJournal_CCO@@3U3@B$00$0A@VCComTypeInfoHolder@ATL@@@ATL@@UAGJIKPAPAUITypeInfo@@@Z 10001f9e f i ElectronicJournal.obj
 0001:00000fc2       ?GetIDsOfNames@?$IDispatchImpl@UIOPOSElectronicJournal@@$1?IID_IOPOSElectronicJournal@@3U_GUID@@B$1?LIBID_OposElectronicJournal_CCO@@3U3@B$00$0A@VCComTypeInfoHolder@ATL@@@ATL@@UAGJABU_GUID@@PAPA_WIKPAJ@Z 10001fc2 f i ElectronicJournal.obj
 0001:00000fe2       ?Invoke@?$IDispatchImpl@UIOPOSElectronicJournal@@$1?IID_IOPOSElectronicJournal@@3U_GUID@@B$1?LIBID_OposElectronicJournal_CCO@@3U3@B$00$0A@VCComTypeInfoHolder@ATL@@@ATL@@UAGJJABU_GUID@@KGPAUtagDISPPARAMS@@PAUtagVARIANT@@PAUtagEXCEPINFO@@PAI@Z 10001fe2 f i ElectronicJournal.obj
 0001:00000ff0       ?CreateControlWindow@?$CComControl@VCOPOSElectronicJournal@@V?$CWindowImpl@VCOPOSElectronicJournal@@VCWindow@ATL@@V?$CWinTraits@$0FGAAAAAA@$0A@@3@@ATL@@@ATL@@UAEPAUHWND__@@PAU3@AAUtagRECT@@@Z 10001ff0 f i ElectronicJournal.obj
 0001:0000101f       ?ControlQueryInterface@?$CComControl@VCOPOSElectronicJournal@@V?$CWindowImpl@VCOPOSElectronicJournal@@VCWindow@ATL@@V?$CWinTraits@$0FGAAAAAA@$0A@@3@@ATL@@@ATL@@UAEJABU_GUID@@PAPAX@Z 1000201f f i ElectronicJournal.obj
 0001:0000103a       ?GetClassID@?$IPersistStorageImpl@VCOPOSElectronicJournal@@@ATL@@UAGJPAU_GUID@@@Z 1000203a f i ElectronicJournal.obj
 0001:0000103a       ?GetClassID@?$IPersistStreamInitImpl@VCOPOSElectronicJournal@@@ATL@@UAGJPAU_GUID@@@Z 1000203a f i ElectronicJournal.obj
 0001:0000103a       ?GetUserClassID@?$IOleObjectImpl@VCOPOSElectronicJournal@@@ATL@@UAGJPAU_GUID@@@Z 1000203a f i ElectronicJournal.obj
 0001:0000105e       ?IsDirty@?$IPersistStreamInitImpl@VCOPOSElectronicJournal@@@ATL@@UAGJXZ 1000205e f i ElectronicJournal.obj
 0001:0000107d       ?Load@?$IPersistStreamInitImpl@VCOPOSElectronicJournal@@@ATL@@UAGJPAUIStream@@@Z 1000207d f i ElectronicJournal.obj
 0001:0000109c       ?Save@?$IPersistStreamInitImpl@VCOPOSElectronicJournal@@@ATL@@UAGJPAUIStream@@H@Z 1000209c f i ElectronicJournal.obj
 0001:000010be       ?GetSizeMax@?$IPersistStreamInitImpl@VCOPOSElectronicJournal@@@ATL@@UAGJPAT_ULARGE_INTEGER@@@Z 100020be f i ElectronicJournal.obj
 0001:0000129d       ?InitNew@?$IPersistStreamInitImpl@VCOPOSElectronicJournal@@@ATL@@UAGJXZ 1000229d f i ElectronicJournal.obj
 0001:000012ba       ?GetDropTarget@?$IOleInPlaceObjectWindowlessImpl@VCOPOSElectronicJournal@@@ATL@@UAGJPAPAUIDropTarget@@@Z 100022ba f i ElectronicJournal.obj
 0001:000012ba       ?QueryGetData@?$IDataObjectImpl@VCOPOSElectronicJournal@@@ATL@@UAGJPAUtagFORMATETC@@@Z 100022ba f i ElectronicJournal.obj
 0001:000012ba       ?OnMnemonic@?$IOleControlImpl@VCOPOSElectronicJournal@@@ATL@@UAGJPAUtagMSG@@@Z 100022ba f i ElectronicJournal.obj
 0001:000012ba       ?GetControlInfo@?$IOleControlImpl@VCOPOSElectronicJournal@@@ATL@@UAGJPAUtagCONTROLINFO@@@Z 100022ba f i ElectronicJournal.obj
 0001:000012ba       ?ContextSensitiveHelp@?$IOleInPlaceActiveObjectImpl@VCOPOSElectronicJournal@@@ATL@@UAGJH@Z 100022ba f i ElectronicJournal.obj
 0001:000012ba       ?SetColorScheme@?$IOleObjectImpl@VCOPOSElectronicJournal@@@ATL@@UAGJPAUtagLOGPALETTE@@@Z 100022ba f i ElectronicJournal.obj
 0001:000012ba       ?ContextSensitiveHelp@?$IOleInPlaceObjectWindowlessImpl@VCOPOSElectronicJournal@@@ATL@@UAGJH@Z 100022ba f i ElectronicJournal.obj
 0001:000012ba       ?Unfreeze@?$IViewObjectExImpl@VCOPOSElectronicJournal@@@ATL@@UAGJK@Z 100022ba f i ElectronicJournal.obj
 0001:000012c2       ?OnFrameWindowActivate@?$IOleInPlaceActiveObjectImpl@VCOPOSElectronicJournal@@@ATL@@UAGJH@Z 100022c2 f i ElectronicJournal.obj
 0001:000012c2       ?OnAmbientPropertyChange@?$IOleControlImpl@VCOPOSElectronicJournal@@@ATL@@UAGJJ@Z 100022c2 f i ElectronicJournal.obj
 0001:000012c2       ?SaveCompleted@?$IPersistStorageImpl@VCOPOSElectronicJournal@@@ATL@@UAGJPAUIStorage@@@Z 100022c2 f i ElectronicJournal.obj
 0001:000012c2       ?EnableModeless@?$IOleInPlaceActiveObjectImpl@VCOPOSElectronicJournal@@@ATL@@UAGJH@Z 100022c2 f i ElectronicJournal.obj
 0001:000012c7       ?SetClientSite@?$IOleObjectImpl@VCOPOSElectronicJournal@@@ATL@@UAGJPAUIOleClientSite@@@Z 100022c7 f i ElectronicJournal.obj
 0001:000012e4       ?GetClientSite@?$IOleObjectImpl@VCOPOSElectronicJournal@@@ATL@@UAGJPAPAUIOleClientSite@@@Z 100022e4 f i ElectronicJournal.obj
 0001:00001301       ?SetHostNames@?$IOleObjectImpl@VCOPOSElectronicJournal@@@ATL@@UAGJPB_W0@Z 10002301 f i ElectronicJournal.obj
 0001:00001306       ?Close@?$IOleObjectImpl@VCOPOSElectronicJournal@@@ATL@@UAGJK@Z 10002306 f i ElectronicJournal.obj
 0001:00001323       ?GetRect@?$IViewObjectExImpl@VCOPOSElectronicJournal@@@ATL@@UAGJKPAU_RECTL@@@Z 10002323 f i ElectronicJournal.obj
 0001:00001323       ?GetDataHere@?$IDataObjectImpl@VCOPOSElectronicJournal@@@ATL@@UAGJPAUtagFORMATETC@@PAUtagSTGMEDIUM@@@Z 10002323 f i ElectronicJournal.obj
 0001:00001323       ?QueryInterface@CRegObject@ATL@@UAGJABU_GUID@@PAPAX@Z 10002323 f i ElectronicJournal.obj
 0001:00001323       ?GetCanonicalFormatEtc@?$IDataObjectImpl@VCOPOSElectronicJournal@@@ATL@@UAGJPAUtagFORMATETC@@0@Z 10002323 f i ElectronicJournal.obj
 0001:00001323       ?SetMoniker@?$IOleObjectImpl@VCOPOSElectronicJournal@@@ATL@@UAGJKPAUIMoniker@@@Z 10002323 f i ElectronicJournal.obj
 0001:00001323       ?GetClipboardData@?$IOleObjectImpl@VCOPOSElectronicJournal@@@ATL@@UAGJKPAPAUIDataObject@@@Z 10002323 f i ElectronicJournal.obj
 0001:00001323       ?EnumFormatEtc@?$IDataObjectImpl@VCOPOSElectronicJournal@@@ATL@@UAGJKPAPAUIEnumFORMATETC@@@Z 10002323 f i ElectronicJournal.obj
 0001:0000132b       ?SetData@?$IDataObjectImpl@VCOPOSElectronicJournal@@@ATL@@UAGJPAUtagFORMATETC@@PAUtagSTGMEDIUM@@H@Z 1000232b f i ElectronicJournal.obj
 0001:0000132b       ?GetMoniker@?$IOleObjectImpl@VCOPOSElectronicJournal@@@ATL@@UAGJKKPAPAUIMoniker@@@Z 1000232b f i ElectronicJournal.obj
 0001:0000132b       ?InitFromData@?$IOleObjectImpl@VCOPOSElectronicJournal@@@ATL@@UAGJPAUIDataObject@@HK@Z 1000232b f i ElectronicJournal.obj
 0001:00001333       ?DoVerb@?$IOleObjectImpl@VCOPOSElectronicJournal@@@ATL@@UAGJJPAUtagMSG@@PAUIOleClientSite@@JPAUHWND__@@PBUtagRECT@@@Z 10002333 f i ElectronicJournal.obj
 0001:00001427       ?EnumVerbs@?$IOleObjectImpl@VCOPOSElectronicJournal@@@ATL@@UAGJPAPAUIEnumOLEVERB@@@Z 10002427 f i ElectronicJournal.obj
 0001:00001449       ?Update@?$IOleObjectImpl@VCOPOSElectronicJournal@@@ATL@@UAGJXZ 10002449 f i ElectronicJournal.obj
 0001:00001449       ?Release@CRegObject@ATL@@UAGKXZ 10002449 f i ElectronicJournal.obj
 0001:00001449       ?HandsOffStorage@?$IPersistStorageImpl@VCOPOSElectronicJournal@@@ATL@@UAGJXZ 10002449 f i ElectronicJournal.obj
 0001:00001449       ?IsUpToDate@?$IOleObjectImpl@VCOPOSElectronicJournal@@@ATL@@UAGJXZ 10002449 f i ElectronicJournal.obj
 0001:0000144e       ?GetUserType@?$IOleObjectImpl@VCOPOSElectronicJournal@@@ATL@@UAGJKPAPA_W@Z 1000244e f i ElectronicJournal.obj
 0001:00001466       ?SetExtent@?$IOleObjectImpl@VCOPOSElectronicJournal@@@ATL@@UAGJKPAUtagSIZE@@@Z 10002466 f i ElectronicJournal.obj
 0001:00001486       ?GetExtent@?$IOleObjectImpl@VCOPOSElectronicJournal@@@ATL@@UAGJKPAUtagSIZE@@@Z 10002486 f i ElectronicJournal.obj
 0001:000014c4       ?Advise@?$IOleObjectImpl@VCOPOSElectronicJournal@@@ATL@@UAGJPAUIAdviseSink@@PAK@Z 100024c4 f i ElectronicJournal.obj
 0001:000014e4       ?Unadvise@?$IOleObjectImpl@VCOPOSElectronicJournal@@@ATL@@UAGJK@Z 100024e4 f i ElectronicJournal.obj
 0001:00001513       ?EnumAdvise@?$IOleObjectImpl@VCOPOSElectronicJournal@@@ATL@@UAGJPAPAUIEnumSTATDATA@@@Z 10002513 f i ElectronicJournal.obj
 0001:00001553       ?GetMiscStatus@?$IOleObjectImpl@VCOPOSElectronicJournal@@@ATL@@UAGJKPAK@Z 10002553 f i ElectronicJournal.obj
 0001:0000156b       ?GetWindow@?$IOleInPlaceActiveObjectImpl@VCOPOSElectronicJournal@@@ATL@@UAGJPAPAUHWND__@@@Z 1000256b f i ElectronicJournal.obj
 0001:000015b8       ?TranslateAcceleratorW@?$IOleInPlaceActiveObjectImpl@VCOPOSElectronicJournal@@@ATL@@UAGJPAUtagMSG@@@Z 100025b8 f i ElectronicJournal.obj
 0001:00001666       ?OnDocWindowActivate@?$IOleInPlaceActiveObjectImpl@VCOPOSElectronicJournal@@@ATL@@UAGJH@Z 10002666 f i ElectronicJournal.obj
 0001:00001688       ?ResizeBorder@?$IOleInPlaceActiveObjectImpl@VCOPOSElectronicJournal@@@ATL@@UAGJPBUtagRECT@@PAUIOleInPlaceUIWindow@@H@Z 10002688 f i ElectronicJournal.obj
 0001:0000168d       ?Draw@?$IViewObjectExImpl@VCOPOSElectronicJournal@@@ATL@@UAGJKJPAXPAUtagDVTARGETDEVICE@@PAUHDC__@@2PBU_RECTL@@3P6GHK@ZK@Z 1000268d f i ElectronicJournal.obj
 0001:000016bf       ?GetColorSet@?$IViewObjectExImpl@VCOPOSElectronicJournal@@@ATL@@UAGJKJPAXPAUtagDVTARGETDEVICE@@PAUHDC__@@PAPAUtagLOGPALETTE@@@Z 100026bf f i ElectronicJournal.obj
 0001:000016c7       ?Freeze@?$IViewObjectExImpl@VCOPOSElectronicJournal@@@ATL@@UAGJKJPAXPAK@Z 100026c7 f i ElectronicJournal.obj
 0001:000016cf       ?SetAdvise@?$IViewObjectExImpl@VCOPOSElectronicJournal@@@ATL@@UAGJKKPAUIAdviseSink@@@Z 100026cf f i ElectronicJournal.obj
 0001:000016ee       ?GetAdvise@?$IViewObjectExImpl@VCOPOSElectronicJournal@@@ATL@@UAGJPAK0PAPAUIAdviseSink@@@Z 100026ee f i ElectronicJournal.obj
 0001:00001723       ?GetExtent@?$IViewObjectExImpl@VCOPOSElectronicJournal@@@ATL@@UAGJKJPAUtagDVTARGETDEVICE@@PAUtagSIZE@@@Z 10002723 f i ElectronicJournal.obj
 0001:00001754       ?GetViewStatus@?$IViewObjectExImpl@VCOPOSElectronicJournal@@@ATL@@UAGJPAK@Z 10002754 f i ElectronicJournal.obj
 0001:00001771       ?QueryHitPoint@?$IViewObjectExImpl@VCOPOSElectronicJournal@@@ATL@@UAGJKPBUtagRECT@@UtagPOINT@@JPAK@Z 10002771 f i ElectronicJournal.obj
 0001:000017b2       ?QueryHitRect@?$IViewObjectExImpl@VCOPOSElectronicJournal@@@ATL@@UAGJKPBUtagRECT@@0JPAK@Z 100027b2 f i ElectronicJournal.obj
 0001:0000180d       ?GetNaturalExtent@?$IViewObjectExImpl@VCOPOSElectronicJournal@@@ATL@@UAGJKJPAUtagDVTARGETDEVICE@@PAUHDC__@@PAUtagExtentInfo@@PAUtagSIZE@@@Z 1000280d f i ElectronicJournal.obj
 0001:00001858       ?GetWindow@?$IOleInPlaceObjectWindowlessImpl@VCOPOSElectronicJournal@@@ATL@@UAGJPAPAUHWND__@@@Z 10002858 f i ElectronicJournal.obj
 0001:000018a5       ?InPlaceDeactivate@?$IOleInPlaceObjectWindowlessImpl@VCOPOSElectronicJournal@@@ATL@@UAGJXZ 100028a5 f i ElectronicJournal.obj
 0001:000018bf       ?UIDeactivate@?$IOleInPlaceObjectWindowlessImpl@VCOPOSElectronicJournal@@@ATL@@UAGJXZ 100028bf f i ElectronicJournal.obj
 0001:000018d9       ?SetObjectRects@?$IOleInPlaceObjectWindowlessImpl@VCOPOSElectronicJournal@@@ATL@@UAGJPBUtagRECT@@0@Z 100028d9 f i ElectronicJournal.obj
 0001:000018f9       ?ReactivateAndUndo@?$IOleInPlaceObjectWindowlessImpl@VCOPOSElectronicJournal@@@ATL@@UAGJXZ 100028f9 f i ElectronicJournal.obj
 0001:00001901       ?OnWindowMessage@?$IOleInPlaceObjectWindowlessImpl@VCOPOSElectronicJournal@@@ATL@@UAGJIIJPAJ@Z 10002901 f i ElectronicJournal.obj
 0001:00001971       ?EnumConnectionPoints@?$IConnectionPointContainerImpl@VCOPOSElectronicJournal@@@ATL@@UAGJPAPAUIEnumConnectionPoints@@@Z 10002971 f i ElectronicJournal.obj
 0001:00001b01       ?FindConnectionPoint@?$IConnectionPointContainerImpl@VCOPOSElectronicJournal@@@ATL@@UAGJABU_GUID@@PAPAUIConnectionPoint@@@Z 10002b01 f i ElectronicJournal.obj
 0001:00001ba4       ?IsDirty@?$IPersistStorageImpl@VCOPOSElectronicJournal@@@ATL@@UAGJXZ 10002ba4 f i ElectronicJournal.obj
 0001:00001bd4       ?InitNew@?$IPersistStorageImpl@VCOPOSElectronicJournal@@@ATL@@UAGJPAUIStorage@@@Z 10002bd4 f i ElectronicJournal.obj
 0001:00001c04       ?Load@?$IPersistStorageImpl@VCOPOSElectronicJournal@@@ATL@@UAGJPAUIStorage@@@Z 10002c04 f i ElectronicJournal.obj
 0001:00001c70       ?Save@?$IPersistStorageImpl@VCOPOSElectronicJournal@@@ATL@@UAGJPAUIStorage@@H@Z 10002c70 f i ElectronicJournal.obj
 0001:00001ce3       ?GetPages@?$ISpecifyPropertyPagesImpl@VCOPOSElectronicJournal@@@ATL@@UAGJPAUtagCAUUID@@@Z 10002ce3 f i ElectronicJournal.obj
 0001:00001cfa       ?QuickActivate@?$IQuickActivateImpl@VCOPOSElectronicJournal@@@ATL@@UAGJPAUtagQACONTAINER@@PAUtagQACONTROL@@@Z 10002cfa f i ElectronicJournal.obj
 0001:00001d1d       ?SetContentExtent@?$IQuickActivateImpl@VCOPOSElectronicJournal@@@ATL@@UAGJPAUtagSIZE@@@Z 10002d1d f i ElectronicJournal.obj
 0001:00001d49       ?GetContentExtent@?$IQuickActivateImpl@VCOPOSElectronicJournal@@@ATL@@UAGJPAUtagSIZE@@@Z 10002d49 f i ElectronicJournal.obj
 0001:00001d85       ?GetData@?$IDataObjectImpl@VCOPOSElectronicJournal@@@ATL@@UAGJPAUtagFORMATETC@@PAUtagSTGMEDIUM@@@Z 10002d85 f i ElectronicJournal.obj
 0001:00001da8       ?DAdvise@?$IDataObjectImpl@VCOPOSElectronicJournal@@@ATL@@UAGJPAUtagFORMATETC@@KPAUIAdviseSink@@PAK@Z 10002da8 f i ElectronicJournal.obj
 0001:00001de9       ?DUnadvise@?$IDataObjectImpl@VCOPOSElectronicJournal@@@ATL@@UAGJK@Z 10002de9 f i ElectronicJournal.obj
 0001:00001e17       ?EnumDAdvise@?$IDataObjectImpl@VCOPOSElectronicJournal@@@ATL@@UAGJPAPAUIEnumSTATDATA@@@Z 10002e17 f i ElectronicJournal.obj
 0001:00001e56       ?GetClassInfoW@?$IProvideClassInfo2Impl@$1?CLSID_OPOSElectronicJournal@@3U_GUID@@B$1?DIID__IOPOSElectronicJournalEvents@@3U2@B$1?LIBID_OposElectronicJournal_CCO@@3U2@B$00$0A@VCComTypeInfoHolder@ATL@@@ATL@@UAGJPAPAUITypeInfo@@@Z 10002e56 f i ElectronicJournal.obj
 0001:00001e6c       ?GetGUID@?$IProvideClassInfo2Impl@$1?CLSID_OPOSElectronicJournal@@3U_GUID@@B$1?DIID__IOPOSElectronicJournalEvents@@3U2@B$1?LIBID_OposElectronicJournal_CCO@@3U2@B$00$0A@VCComTypeInfoHolder@ATL@@@ATL@@UAGJKPAU_GUID@@@Z 10002e6c f i ElectronicJournal.obj
 0001:00001eaa       ?Lock@CAtlModule@ATL@@UAEJXZ 10002eaa f i ElectronicJournal.obj
 0001:00001eb4       ?Unlock@CAtlModule@ATL@@UAEJXZ 10002eb4 f i ElectronicJournal.obj
 0001:00001ebe       ?GetLockCount@CAtlModule@ATL@@UAEJXZ 10002ebe f i ElectronicJournal.obj
 0001:00001ec2       ?GetGITPtr@CAtlModule@ATL@@UAEJPAPAUIGlobalInterfaceTable@@@Z 10002ec2 f i ElectronicJournal.obj
 0001:00001f0e       ?FAccessAllowed@?$IObjectSafetyImpl@VCOPOSElectronicJournal@@$02@ATL@@MAEHXZ 10002f0e f i ElectronicJournal.obj
 0001:00001f0e       __get_startup_argv_mode    10002f0e f i LIBCMT:argv_mode.obj
 0001:00001f12       ?GetInterfaceSafetyOptions@?$IObjectSafetyImpl@VCOPOSElectronicJournal@@$02@ATL@@UAGJABU_GUID@@PAK1@Z 10002f12 f i ElectronicJournal.obj
 0001:00001f85       ?SetInterfaceSafetyOptions@?$IObjectSafetyImpl@VCOPOSElectronicJournal@@$02@ATL@@UAGJABU_GUID@@KK@Z 10002f85 f i ElectronicJournal.obj
 0001:00001fff       ?_LocCPQueryInterface@?$IConnectionPointImpl@VCOPOSElectronicJournal@@$1?DIID__IOPOSElectronicJournalEvents@@3U_GUID@@BVCComDynamicUnkArray@ATL@@@ATL@@UAGJABU_GUID@@PAPAX@Z 10002fff f i ElectronicJournal.obj
 0001:00001fff       ?_LocCPQueryInterface@?$IConnectionPointImpl@VCOPOSElectronicJournal@@$1?IID_IPropertyNotifySink@@3U_GUID@@BVCComDynamicUnkArray@ATL@@@ATL@@UAGJABU_GUID@@PAPAX@Z 10002fff f i ElectronicJournal.obj
 0001:0000204c       ?GetConnectionInterface@?$IConnectionPointImpl@VCOPOSElectronicJournal@@$1?IID_IPropertyNotifySink@@3U_GUID@@BVCComDynamicUnkArray@ATL@@@ATL@@UAGJPAU_GUID@@@Z 1000304c f i ElectronicJournal.obj
 0001:00002070       ?GetConnectionPointContainer@?$IConnectionPointImpl@VCOPOSElectronicJournal@@$1?IID_IPropertyNotifySink@@3U_GUID@@BVCComDynamicUnkArray@ATL@@@ATL@@UAGJPAPAUIConnectionPointContainer@@@Z 10003070 f i ElectronicJournal.obj
 0001:00002093       ?Advise@?$IConnectionPointImpl@VCOPOSElectronicJournal@@$1?DIID__IOPOSElectronicJournalEvents@@3U_GUID@@BVCComDynamicUnkArray@ATL@@@ATL@@UAGJPAUIUnknown@@PAK@Z 10003093 f i ElectronicJournal.obj
 0001:00002093       ?Advise@?$IConnectionPointImpl@VCOPOSElectronicJournal@@$1?IID_IPropertyNotifySink@@3U_GUID@@BVCComDynamicUnkArray@ATL@@@ATL@@UAGJPAUIUnknown@@PAK@Z 10003093 f i ElectronicJournal.obj
 0001:00002133       ?Unadvise@?$IConnectionPointImpl@VCOPOSElectronicJournal@@$1?IID_IPropertyNotifySink@@3U_GUID@@BVCComDynamicUnkArray@ATL@@@ATL@@UAGJK@Z 10003133 f i ElectronicJournal.obj
 0001:00002133       ?Unadvise@?$IConnectionPointImpl@VCOPOSElectronicJournal@@$1?DIID__IOPOSElectronicJournalEvents@@3U_GUID@@BVCComDynamicUnkArray@ATL@@@ATL@@UAGJK@Z 10003133 f i ElectronicJournal.obj
 0001:00002173       ?EnumConnections@?$IConnectionPointImpl@VCOPOSElectronicJournal@@$1?IID_IPropertyNotifySink@@3U_GUID@@BVCComDynamicUnkArray@ATL@@@ATL@@UAGJPAPAUIEnumConnections@@@Z 10003173 f i ElectronicJournal.obj
 0001:00002173       ?EnumConnections@?$IConnectionPointImpl@VCOPOSElectronicJournal@@$1?DIID__IOPOSElectronicJournalEvents@@3U_GUID@@BVCComDynamicUnkArray@ATL@@@ATL@@UAGJPAPAUIEnumConnections@@@Z 10003173 f i ElectronicJournal.obj
 0001:00002276       ?GetConnectionInterface@?$IConnectionPointImpl@VCOPOSElectronicJournal@@$1?DIID__IOPOSElectronicJournalEvents@@3U_GUID@@BVCComDynamicUnkArray@ATL@@@ATL@@UAGJPAU_GUID@@@Z 10003276 f i ElectronicJournal.obj
 0001:0000229a       ?GetConnectionPointContainer@?$IConnectionPointImpl@VCOPOSElectronicJournal@@$1?DIID__IOPOSElectronicJournalEvents@@3U_GUID@@BVCComDynamicUnkArray@ATL@@@ATL@@UAGJPAPAUIConnectionPointContainer@@@Z 1000329a f i ElectronicJournal.obj
 0001:000022bd       ?AddCommonRGSReplacements@?$CAtlModuleT@VCComModule@ATL@@@ATL@@UAEJPAUIRegistrarBase@@@Z 100032bd f i ElectronicJournal.obj
 0001:000022d7       ?UpdateRegistry@COPOSElectronicJournal@@SGJH@Z 100032d7 f i ElectronicJournal.obj
 0001:000022ef       ?ProcessWindowMessage@COPOSElectronicJournal@@UAEHPAUHWND__@@IIJAAJK@Z 100032ef f i ElectronicJournal.obj
 0001:0000233c       ?UpdateRegistryFromResourceD@CComModule@ATL@@UAGJPB_WHPAU_ATL_REGMAP_ENTRY@2@@Z 1000333c f i ElectronicJournal.obj
 0001:0000233c       ?UpdateRegistryFromResourceD@CComModule@ATL@@UAGJIHPAU_ATL_REGMAP_ENTRY@2@@Z 1000333c f i ElectronicJournal.obj
 0001:00002344       ?UpdateRegistryFromResource@CComModule@ATL@@UAGJPB_WHPAU_ATL_REGMAP_ENTRY@2@@Z 10003344 f i ElectronicJournal.obj
 0001:0000234d       ?UpdateRegistryFromResource@CComModule@ATL@@UAGJIHPAU_ATL_REGMAP_ENTRY@2@@Z 1000334d f i ElectronicJournal.obj
 0001:00002356       ?SOData@COPOSElectronicJournal@@MAGJJ@Z 10003356 f i ElectronicJournal.obj
 0001:0000238f       ?SODirectIO@COPOSElectronicJournal@@MAGJJPAJPAPA_W@Z 1000338f f i ElectronicJournal.obj
 0001:000023d8       ?SOError@COPOSElectronicJournal@@MAGJJJJPAJ@Z 100033d8 f i ElectronicJournal.obj
 0001:0000242d       ?SOOutputComplete@COPOSElectronicJournal@@MAGJJ@Z 1000342d f i ElectronicJournal.obj
 0001:00002466       ?SOStatusUpdate@COPOSElectronicJournal@@MAGJJ@Z 10003466 f i ElectronicJournal.obj
 0001:0000249f       ??_GCComModule@ATL@@UAEPAXI@Z 1000349f f i ElectronicJournal.obj
 0001:0000249f       ??_ECComModule@ATL@@UAEPAXI@Z 1000349f f i ElectronicJournal.obj
 0001:000024c7       ?CreateInstance@?$CComCreator@V?$CComObjectCached@VCComClassFactory@ATL@@@ATL@@@ATL@@SGJPAXABU_GUID@@PAPAX@Z 100034c7 f i ElectronicJournal.obj
 0001:00002568       ?CreateInstance@?$CComCreator2@V?$CComCreator@V?$CComObject@VCOPOSElectronicJournal@@@ATL@@@ATL@@V?$CComCreator@V?$CComAggObject@VCOPOSElectronicJournal@@@ATL@@@2@@ATL@@SGJPAXABU_GUID@@PAPAX@Z 10003568 f i ElectronicJournal.obj
 0001:00002588       ?AddRef@?$CComObjectCached@VCComClassFactory@ATL@@@ATL@@UAGKXZ 10003588 f i ElectronicJournal.obj
 0001:000025af       ?Release@?$CComObjectCached@VCComClassFactory@ATL@@@ATL@@UAGKXZ 100035af f i ElectronicJournal.obj
 0001:000025e5       ?QueryInterface@?$CComObjectCached@VCComClassFactory@ATL@@@ATL@@UAGJABU_GUID@@PAPAX@Z 100035e5 f i ElectronicJournal.obj
 0001:000025ff       ??_G?$CComObjectCached@VCComClassFactory@ATL@@@ATL@@UAEPAXI@Z 100035ff f i ElectronicJournal.obj
 0001:000025ff       ??_E?$CComObjectCached@VCComClassFactory@ATL@@@ATL@@UAEPAXI@Z 100035ff f i ElectronicJournal.obj
 0001:00002621       ?Next@?$CComEnumImpl@UIEnumConnectionPoints@@$1?_GUID_b196b285_bab4_101a_b69c_00aa00341d07@@3U__s_GUID@@BPAUIConnectionPoint@@V?$_CopyInterface@UIConnectionPoint@@@ATL@@@ATL@@UAGJKPAPAUIConnectionPoint@@PAK@Z 10003621 f i ElectronicJournal.obj
 0001:000026f0       ?Skip@?$CComEnumImpl@UIEnumConnectionPoints@@$1?_GUID_b196b285_bab4_101a_b69c_00aa00341d07@@3U__s_GUID@@BPAUIConnectionPoint@@V?$_CopyInterface@UIConnectionPoint@@@ATL@@@ATL@@UAGJK@Z 100036f0 f i ElectronicJournal.obj
 0001:0000271d       ?Clone@?$CComEnumImpl@UIEnumConnectionPoints@@$1?_GUID_b196b285_bab4_101a_b69c_00aa00341d07@@3U__s_GUID@@BPAUIConnectionPoint@@V?$_CopyInterface@UIConnectionPoint@@@ATL@@@ATL@@UAGJPAPAUIEnumConnectionPoints@@@Z 1000371d f i ElectronicJournal.obj
 0001:000027fe       ?QueryInterface@?$CComObject@V?$CComEnum@UIEnumConnectionPoints@@$1?_GUID_b196b285_bab4_101a_b69c_00aa00341d07@@3U__s_GUID@@BPAUIConnectionPoint@@V?$_CopyInterface@UIConnectionPoint@@@ATL@@VCComSingleThreadModel@6@@ATL@@@ATL@@UAGJABU_GUID@@PAPAX@Z 100037fe f i ElectronicJournal.obj
 0001:00002818       ??_G?$CComObject@V?$CComEnum@UIEnumConnectionPoints@@$1?_GUID_b196b285_bab4_101a_b69c_00aa00341d07@@3U__s_GUID@@BPAUIConnectionPoint@@V?$_CopyInterface@UIConnectionPoint@@@ATL@@VCComSingleThreadModel@6@@ATL@@@ATL@@UAEPAXI@Z 10003818 f i ElectronicJournal.obj
 0001:00002818       ??_E?$CComObject@V?$CComEnum@UIEnumConnectionPoints@@$1?_GUID_b196b285_bab4_101a_b69c_00aa00341d07@@3U__s_GUID@@BPAUIConnectionPoint@@V?$_CopyInterface@UIConnectionPoint@@@ATL@@VCComSingleThreadModel@6@@ATL@@@ATL@@UAEPAXI@Z 10003818 f i ElectronicJournal.obj
 0001:0000283a       ?AddRef@CRegObject@ATL@@UAGKXZ 1000383a f i ElectronicJournal.obj
 0001:00002840       ?AddReplacement@CRegObject@ATL@@UAGJPB_W0@Z 10003840 f i ElectronicJournal.obj
 0001:00002879       ?ClearReplacements@CRegObject@ATL@@UAGJXZ 10003879 f i ElectronicJournal.obj
 0001:0000288b       ??_GCRegObject@ATL@@UAEPAXI@Z 1000388b f i ElectronicJournal.obj
 0001:0000288b       ??_ECRegObject@ATL@@UAEPAXI@Z 1000388b f i ElectronicJournal.obj
 0001:000028ad       ?AddRef@?$CComAggObject@VCOPOSElectronicJournal@@@ATL@@UAGKXZ 100038ad f i ElectronicJournal.obj
 0001:000028be       ?Release@?$CComAggObject@VCOPOSElectronicJournal@@@ATL@@UAGKXZ 100038be f i ElectronicJournal.obj
 0001:000028fa       ?QueryInterface@?$CComAggObject@VCOPOSElectronicJournal@@@ATL@@UAGJABU_GUID@@PAPAX@Z 100038fa f i ElectronicJournal.obj
 0001:00002949       ?AddRef@?$CComContainedObject@VCOPOSElectronicJournal@@@ATL@@UAGKXZ 10003949 f i ElectronicJournal.obj
 0001:0000295f       ?Release@?$CComContainedObject@VCOPOSElectronicJournal@@@ATL@@UAGKXZ 1000395f f i ElectronicJournal.obj
 0001:00002975       ?QueryInterface@?$CComContainedObject@VCOPOSElectronicJournal@@@ATL@@UAGJABU_GUID@@PAPAX@Z 10003975 f i ElectronicJournal.obj
 0001:00002990       ??_G?$CComAggObject@VCOPOSElectronicJournal@@@ATL@@UAEPAXI@Z 10003990 f i ElectronicJournal.obj
 0001:00002990       ??_E?$CComAggObject@VCOPOSElectronicJournal@@@ATL@@UAEPAXI@Z 10003990 f i ElectronicJournal.obj
 0001:000029b5       ?AddRef@?$CComObject@VCOPOSElectronicJournal@@@ATL@@UAGKXZ 100039b5 f i ElectronicJournal.obj
 0001:000029cc       ?Release@?$CComObject@VCOPOSElectronicJournal@@@ATL@@UAGKXZ 100039cc f i ElectronicJournal.obj
 0001:00002a0e       ?QueryInterface@?$CComObject@VCOPOSElectronicJournal@@@ATL@@UAGJABU_GUID@@PAPAX@Z 10003a0e f i ElectronicJournal.obj
 0001:00002a28       ??$?4UITypeInfo2@@@?$CComPtr@UITypeInfo@@@ATL@@QAEPAUITypeInfo@@ABV?$CComPtr@UITypeInfo2@@@1@@Z 10003a28 f i ElectronicJournal.obj
 0001:00002a55       ??$AtlAdd@K@ATL@@YAJPAKKK@Z 10003a55 f i ElectronicJournal.obj
 0001:00002a78       ??$AtlAdd@_K@ATL@@YAJPA_K_K1@Z 10003a78 f i ElectronicJournal.obj
 0001:00002ab0       ??$AtlAddThrow@K@ATL@@YAKKK@Z 10003ab0 f i ElectronicJournal.obj
 0001:00002ad6       ??$AtlModuleRegisterWndClassInfoT@VAtlModuleRegisterWndClassInfoParamW@ATL@@@ATL@@YAGPAU_ATL_BASE_MODULE70@0@PAU_ATL_WIN_MODULE70@0@PAU_ATL_WNDCLASSINFOW@0@PAP6GJPAUHWND__@@IIJ@ZVAtlModuleRegisterWndClassInfoParamW@0@@Z 10003ad6 f i ElectronicJournal.obj
 0001:00002c23       ??$AtlMultiply@H@ATL@@YAJPAHHH@Z 10003c23 f i ElectronicJournal.obj
 0001:00002c5b       ??$AtlMultiply@I@ATL@@YAJPAIII@Z 10003c5b f i ElectronicJournal.obj
 0001:00002c5b       ??$AtlMultiply@K@ATL@@YAJPAKKK@Z 10003c5b f i ElectronicJournal.obj
 0001:00002c7d       ??$AtlMultiplyThrow@I@ATL@@YAIII@Z 10003c7d f i ElectronicJournal.obj
 0001:00002ca3       ??0?$CComAggObject@VCOPOSElectronicJournal@@@ATL@@QAE@PAX@Z 10003ca3 f i ElectronicJournal.obj
 0001:00002cd0       ??0?$CComContainedObject@VCOPOSElectronicJournal@@@ATL@@QAE@PAX@Z 10003cd0 f i ElectronicJournal.obj
 0001:00002d89       ??0?$CComObject@V?$CComEnum@UIEnumConnectionPoints@@$1?_GUID_b196b285_bab4_101a_b69c_00aa00341d07@@3U__s_GUID@@BPAUIConnectionPoint@@V?$_CopyInterface@UIConnectionPoint@@@ATL@@VCComSingleThreadModel@6@@ATL@@@ATL@@QAE@PAX@Z 10003d89 f i ElectronicJournal.obj
 0001:00002db7       ??0?$CComObject@V?$CComEnum@UIEnumConnections@@$1?_GUID_b196b287_bab4_101a_b69c_00aa00341d07@@3U__s_GUID@@BUtagCONNECTDATA@@V?$_Copy@UtagCONNECTDATA@@@ATL@@VCComSingleThreadModel@6@@ATL@@@ATL@@QAE@PAX@Z 10003db7 f i ElectronicJournal.obj
 0001:00002de5       ??0?$CComObject@VCOPOSElectronicJournal@@@ATL@@QAE@PAX@Z 10003de5 f i ElectronicJournal.obj
 0001:00002e9c       ??0?$CComQIPtr@UIOleControlSite@@$1?_GUID_b196b289_bab4_101a_b69c_00aa00341d07@@3U__s_GUID@@B@ATL@@QAE@PAUIUnknown@@@Z 10003e9c f i ElectronicJournal.obj
 0001:00002ec5       ??0CAtlModule@ATL@@QAE@XZ  10003ec5 f i ElectronicJournal.obj
 0001:00002f06       ??0CParseBuffer@CRegParser@ATL@@QAE@H@Z 10003f06 f i ElectronicJournal.obj
 0001:00002f3c       ??0_ATL_MSG@ATL@@QAE@PAUHWND__@@IIJH@Z 10003f3c f i ElectronicJournal.obj
 0001:00002f74       ??1?$CComAggObject@VCOPOSElectronicJournal@@@ATL@@UAE@XZ 10003f74 f i ElectronicJournal.obj
 0001:00002f98       ??1?$CComEnumImpl@UIEnumConnectionPoints@@$1?_GUID_b196b285_bab4_101a_b69c_00aa00341d07@@3U__s_GUID@@BPAUIConnectionPoint@@V?$_CopyInterface@UIConnectionPoint@@@ATL@@@ATL@@UAE@XZ 10003f98 f i ElectronicJournal.obj
 0001:00002fd4       ??1?$CComEnumImpl@UIEnumConnections@@$1?_GUID_b196b287_bab4_101a_b69c_00aa00341d07@@3U__s_GUID@@BUtagCONNECTDATA@@V?$_Copy@UtagCONNECTDATA@@@ATL@@@ATL@@UAE@XZ 10003fd4 f i ElectronicJournal.obj
 0001:00003010       ??1?$CComObject@V?$CComEnum@UIEnumConnectionPoints@@$1?_GUID_b196b285_bab4_101a_b69c_00aa00341d07@@3U__s_GUID@@BPAUIConnectionPoint@@V?$_CopyInterface@UIConnectionPoint@@@ATL@@VCComSingleThreadModel@6@@ATL@@@ATL@@UAE@XZ 10004010 f i ElectronicJournal.obj
 0001:00003033       ??1?$CComObject@V?$CComEnum@UIEnumConnections@@$1?_GUID_b196b287_bab4_101a_b69c_00aa00341d07@@3U__s_GUID@@BUtagCONNECTDATA@@V?$_Copy@UtagCONNECTDATA@@@ATL@@VCComSingleThreadModel@6@@ATL@@@ATL@@UAE@XZ 10004033 f i ElectronicJournal.obj
 0001:00003056       ??1?$CComObject@VCOPOSElectronicJournal@@@ATL@@UAE@XZ 10004056 f i ElectronicJournal.obj
 0001:00003114       ??1?$CComObjectCached@VCComClassFactory@ATL@@@ATL@@UAE@XZ 10004114 f i ElectronicJournal.obj
 0001:0000312a       ??1?$CComObjectRootEx@VCComMultiThreadModel@ATL@@@ATL@@QAE@XZ 1000412a f i ElectronicJournal.obj
 0001:0000313f       ??1CRegObject@ATL@@UAE@XZ  1000413f f i ElectronicJournal.obj
 0001:0000315f       ??4?$CComPtr@UIOleClientSite@@@ATL@@QAEPAUIOleClientSite@@PAU2@@Z 1000415f f i ElectronicJournal.obj
 0001:0000315f       ??4?$CComPtr@UIAdviseSink@@@ATL@@QAEPAUIAdviseSink@@PAU2@@Z 1000415f f i ElectronicJournal.obj
 0001:0000315f       ??4?$CComPtr@UIUnknown@@@ATL@@QAEPAUIUnknown@@PAU2@@Z 1000415f f i ElectronicJournal.obj
 0001:0000318d       ??_G?$CComContainedObject@VCOPOSElectronicJournal@@@ATL@@UAEPAXI@Z 1000418d f i ElectronicJournal.obj
 0001:0000318d       ??_E?$CComContainedObject@VCOPOSElectronicJournal@@@ATL@@UAEPAXI@Z 1000418d f i ElectronicJournal.obj
 0001:000031b2       ??_E?$CComObject@VCOPOSElectronicJournal@@@ATL@@UAEPAXI@Z 100041b2 f i ElectronicJournal.obj
 0001:000031b2       ??_G?$CComObject@VCOPOSElectronicJournal@@@ATL@@UAEPAXI@Z 100041b2 f i ElectronicJournal.obj
 0001:000031d7       ?Add@?$CSimpleArray@GV?$CSimpleArrayEqualHelper@G@ATL@@@ATL@@QAEHABG@Z 100041d7 f i ElectronicJournal.obj
 0001:00003251       ?Add@?$CSimpleMap@PA_WPA_WVCExpansionVectorEqualHelper@ATL@@@ATL@@QAEHABQA_W0@Z 10004251 f i ElectronicJournal.obj
 0001:000032a6       ?Add@CComDynamicUnkArray@ATL@@QAEKPAUIUnknown@@@Z 100042a6 f i ElectronicJournal.obj
 0001:00003357       ?Add@CExpansionVector@ATL@@QAEHPB_W0@Z 10004357 f i ElectronicJournal.obj
 0001:00003460       ?AddString@CParseBuffer@CRegParser@ATL@@QAEHPB_W@Z 10004460 f i ElectronicJournal.obj
 0001:00003495       ?AddTermFunc@CAtlModule@ATL@@QAEJP6GXK@ZK@Z 10004495 f i ElectronicJournal.obj
 0001:00003501       ?AddValue@CRegParser@ATL@@IAEJAAVCRegKey@2@PB_WPA_W@Z 10004501 f i ElectronicJournal.obj
 0001:0000381b       ?Allocate@?$CAtlSafeAllocBufferManager@VCCRTAllocator@ATL@@@_ATL_SAFE_ALLOCA_IMPL@ATL@@QAEPAXK@Z 1000481b f i ElectronicJournal.obj
 0001:00003848       ?Allocate@?$CTempBuffer@E$0BAA@VCCRTAllocator@ATL@@@ATL@@QAEPAEI@Z 10004848 f i ElectronicJournal.obj
 0001:00003877       ?Allocate@?$CTempBuffer@_W$0BAA@VCCRTAllocator@ATL@@@ATL@@QAEPA_WI@Z 10004877 f i ElectronicJournal.obj
 0001:000038a6       ?Allocate@?$CTempBuffer@_W$0EAA@VCCRTAllocator@ATL@@@ATL@@QAEPA_WI@Z 100048a6 f i ElectronicJournal.obj
 0001:000038d5       ?AllocateHeap@?$CTempBuffer@_W$0BAA@VCCRTAllocator@ATL@@@ATL@@AAEXI@Z 100048d5 f i ElectronicJournal.obj
 0001:000038d5       ?AllocateHeap@?$CTempBuffer@_W$0EAA@VCCRTAllocator@ATL@@@ATL@@AAEXI@Z 100048d5 f i ElectronicJournal.obj
 0001:000038d5       ?AllocateHeap@?$CTempBuffer@E$0BAA@VCCRTAllocator@ATL@@@ATL@@AAEXI@Z 100048d5 f i ElectronicJournal.obj
 0001:000038fa       ?Append@CParseBuffer@CRegParser@ATL@@QAEHPB_WH@Z 100048fa f i ElectronicJournal.obj
 0001:00003986       ?AtlCoTaskMemCAlloc@ATL@@YAPAXKK@Z 10004986 f i ElectronicJournal.obj
 0001:000039b3       ?AtlCoTaskMemRecalloc@ATL@@YAPAXPAXKK@Z 100049b3 f i ElectronicJournal.obj
 0001:000039e3       ?AtlComModuleGetClassObject@ATL@@YGJPAU_ATL_COM_MODULE70@1@ABU_GUID@@1PAPAX@Z 100049e3 f i ElectronicJournal.obj
 0001:00003ad8       ?AtlComModuleRegisterServer@ATL@@YGJPAU_ATL_COM_MODULE70@1@HPBU_GUID@@@Z 10004ad8 f i ElectronicJournal.obj
 0001:00003b60       ?AtlComModuleUnregisterServer@ATL@@YGJPAU_ATL_COM_MODULE70@1@HPBU_GUID@@@Z 10004b60 f i ElectronicJournal.obj
 0001:00003be8       ?AtlComQIPtrAssign2@ATL@@YAXPAPAUIUnknown@@PAU2@ABU_GUID@@@Z 10004be8 f i ElectronicJournal.obj
 0001:00003c17       ?AtlCreateTargetDC@ATL@@YGPAUHDC__@@PAU2@PAUtagDVTARGETDEVICE@@@Z 10004c17 f i ElectronicJournal.obj
 0001:00003c80       ?AtlCrtErrorCheck@ATL@@YAHH@Z 10004c80 f i ElectronicJournal.obj
 0001:00003cbb       ?AtlHiMetricToPixel@ATL@@YGXPBUtagSIZE@@PAU2@@Z 10004cbb f i ElectronicJournal.obj
 0001:00003d30       ?AtlHresultFromLastError@ATL@@YAJXZ 10004d30 f i ElectronicJournal.obj
 0001:00003d47       ?AtlHresultFromWin32@ATL@@YAJK@Z 10004d47 f i ElectronicJournal.obj
 0001:00003d5c       ?AtlInternalOleLoadFromStream@ATL@@YAJPAUIStream@@ABU_GUID@@PAPAXTClassesAllowedInStream@1@K@Z 10004d5c f i ElectronicJournal.obj
 0001:00003e85       ?AtlInternalQueryInterface@ATL@@YGJPAXPBU_ATL_INTMAP_ENTRY@1@ABU_GUID@@PAPAX@Z 10004e85 f i ElectronicJournal.obj
 0001:00003f28       ?AtlLoadTypeLib@ATL@@YGJPAUHINSTANCE__@@PB_WPAPA_WPAPAUITypeLib@@@Z 10004f28 f i ElectronicJournal.obj
 0001:00004106       ?AtlRegisterClassCategoriesHelper@ATL@@YGJABU_GUID@@PBU_ATL_CATMAP_ENTRY@1@H@Z 10005106 f i ElectronicJournal.obj
 0001:00004402       ?AtlRegisterTypeLib@ATL@@YGJPAUHINSTANCE__@@PB_W@Z 10005402 f i ElectronicJournal.obj
 0001:0000458a       ?AtlThrowImpl@ATL@@YGXJ@Z  1000558a f i ElectronicJournal.obj
 0001:000045a8       ?AtlUnRegisterTypeLib@ATL@@YGJPAUHINSTANCE__@@PB_W@Z 100055a8 f i ElectronicJournal.obj
 0001:00004653       ?AtlWinModuleAddCreateWndData@ATL@@YGXPAU_ATL_WIN_MODULE70@1@PAU_AtlCreateWndData@1@PAX@Z 10005653 f i ElectronicJournal.obj
 0001:000046a7       ?AtlWinModuleExtractCreateWndData@ATL@@YGPAXPAU_ATL_WIN_MODULE70@1@@Z 100056a7 f i ElectronicJournal.obj
 0001:0000470b       ?AtlWinModuleRegisterClassExW@ATL@@YGGPAU_ATL_WIN_MODULE70@1@PBUtagWNDCLASSEXW@@@Z 1000570b f i ElectronicJournal.obj
 0001:0000474a       ?CanForceRemoveKey@CRegParser@ATL@@IAEHPB_W@Z 1000574a f i ElectronicJournal.obj
 0001:00004779       ?ChToByte@CRegParser@ATL@@KAE_W@Z 10005779 f i ElectronicJournal.obj
 0001:00004801       ?Cleanup@CComTypeInfoHolder@ATL@@SGXK@Z 10005801 f i ElectronicJournal.obj
 0001:00004834       ?ClearReplacements@CExpansionVector@ATL@@QAEJXZ 10005834 f i ElectronicJournal.obj
 0001:00004871       ?Close@CRegKey@ATL@@QAEJXZ 10005871 f i ElectronicJournal.obj
 0001:0000488b       ?CreateInstance@?$CComCreator@V?$CComAggObject@VCOPOSElectronicJournal@@@ATL@@@ATL@@SGJPAXABU_GUID@@PAPAX@Z 1000588b f i ElectronicJournal.obj
 0001:00004900       ?CreateInstance@?$CComCreator@V?$CComObject@VCOPOSElectronicJournal@@@ATL@@@ATL@@SGJPAXABU_GUID@@PAPAX@Z 10005900 f i ElectronicJournal.obj
 0001:00004989       ?CreateInstance@?$CComObject@V?$CComEnum@UIEnumConnectionPoints@@$1?_GUID_b196b285_bab4_101a_b69c_00aa00341d07@@3U__s_GUID@@BPAUIConnectionPoint@@V?$_CopyInterface@UIConnectionPoint@@@ATL@@VCComSingleThreadModel@6@@ATL@@@ATL@@SGJPAPAV12@@Z 10005989 f i ElectronicJournal.obj
 0001:000049d3       ?CreateInstance@?$CComObject@V?$CComEnum@UIEnumConnections@@$1?_GUID_b196b287_bab4_101a_b69c_00aa00341d07@@3U__s_GUID@@BUtagCONNECTDATA@@V?$_Copy@UtagCONNECTDATA@@@ATL@@VCComSingleThreadModel@6@@ATL@@@ATL@@SGJPAPAV12@@Z 100059d3 f i ElectronicJournal.obj
 0001:00004a1d       ?DefaultReflectionHandler@?$CWindowImplRoot@VCWindow@ATL@@@ATL@@SAHPAUHWND__@@IIJAAJ@Z 10005a1d f i ElectronicJournal.obj
 0001:00004abd       ?DeleteSubKey@CRegKey@ATL@@QAEJPB_W@Z 10005abd f i ElectronicJournal.obj
 0001:00004b36       ?DoEvent@COPOSElectronicJournal@@IAEXIIJ@Z 10005b36 f i ElectronicJournal.obj
 0001:00004bb6       ?DoVerbHide@?$IOleObjectImpl@VCOPOSElectronicJournal@@@ATL@@QAEJPBUtagRECT@@PAUHWND__@@@Z 10005bb6 f i ElectronicJournal.obj
 0001:00004bec       ?DoVerbInPlaceActivate@?$IOleObjectImpl@VCOPOSElectronicJournal@@@ATL@@QAEJPBUtagRECT@@PAUHWND__@@@Z 10005bec f i ElectronicJournal.obj
 0001:00004c1f       ?DoVerbPrimary@?$IOleObjectImpl@VCOPOSElectronicJournal@@@ATL@@QAEJPBUtagRECT@@PAUHWND__@@@Z 10005c1f f i ElectronicJournal.obj
 0001:00004cab       ?DoVerbProperties@CComControlBase@ATL@@QAEJPBUtagRECT@@PAUHWND__@@@Z 10005cab f i ElectronicJournal.obj
 0001:00004e2a       ?DoVerbUIActivate@?$IOleObjectImpl@VCOPOSElectronicJournal@@@ATL@@QAEJPBUtagRECT@@PAUHWND__@@@Z 10005e2a f i ElectronicJournal.obj
 0001:00004e67       ?DoesVerbActivate@CComControlBase@ATL@@QAEHJ@Z 10005e67 f i ElectronicJournal.obj
 0001:00004e8b       ?DoesVerbUIActivate@CComControlBase@ATL@@QAEHJ@Z 10005e8b f i ElectronicJournal.obj
 0001:00004ec0       ?EndOfVar@CRegParser@ATL@@IAEHXZ 10005ec0 f i ElectronicJournal.obj
 0001:00004ee0       ?EscapeSingleQuote@CAtlModule@ATL@@SAXPA_WIPB_W@Z 10005ee0 f i ElectronicJournal.obj
 0001:00004f2f       ?FindKey@?$CSimpleMap@PA_WPA_WVCExpansionVectorEqualHelper@ATL@@@ATL@@QBEHABQA_W@Z 10005f2f f i ElectronicJournal.obj
 0001:00004f66       ?FireTheEvent@?$CProxy_IOPOSEvents@VCOPOSElectronicJournal@@@@IAEXPAVOposVariant@@IAAJPB_WJ@Z 10005f66 f i ElectronicJournal.obj
 0001:00004ff8       ?FireViewChange@CComControlBase@ATL@@QAEJXZ 10005ff8 f i ElectronicJournal.obj
 0001:00005041       ?Fire_DataEvent@?$CProxy_IOPOSEvents@VCOPOSElectronicJournal@@@@QAEXJ@Z 10006041 f i ElectronicJournal.obj
 0001:000050d7       ?Fire_DirectIOEvent@?$CProxy_IOPOSEvents@VCOPOSElectronicJournal@@@@QAEXJPAJPAPA_W@Z 100060d7 f i ElectronicJournal.obj
 0001:000051c3       ?Fire_ErrorEvent@?$CProxy_IOPOSEvents@VCOPOSElectronicJournal@@@@QAEXJJJPAJ@Z 100061c3 f i ElectronicJournal.obj
 0001:000052b4       ?Fire_OutputCompleteEvent@?$CProxy_IOPOSEvents@VCOPOSElectronicJournal@@@@QAEXJ@Z 100062b4 f i ElectronicJournal.obj
 0001:0000534a       ?Fire_StatusUpdateEvent@?$CProxy_IOPOSEvents@VCOPOSElectronicJournal@@@@QAEXJ@Z 1000634a f i ElectronicJournal.obj
 0001:000053e0       ?FreeHeap@?$CTempBuffer@_W$0EAA@VCCRTAllocator@ATL@@@ATL@@AAEXXZ 100063e0 f i ElectronicJournal.obj
 0001:000053e0       ?FreeHeap@?$CTempBuffer@_W$0BAA@VCCRTAllocator@ATL@@@ATL@@AAEXXZ 100063e0 f i ElectronicJournal.obj
 0001:000053e0       ?FreeHeap@?$CTempBuffer@E$0BAA@VCCRTAllocator@ATL@@@ATL@@AAEXXZ 100063e0 f i ElectronicJournal.obj
 0001:000053e9       ?GetAmbientLocaleID@CComControlBase@ATL@@QAEJAAK@Z 100063e9 f i ElectronicJournal.obj
 0001:00005445       ?GetAmbientUserMode@CComControlBase@ATL@@QAEJAAH@Z 10006445 f i ElectronicJournal.obj
 0001:000054b5       ?GetAt@CComDynamicUnkArray@ATL@@QAEPAUIUnknown@@H@Z 100064b5 f i ElectronicJournal.obj
 0001:000054d1       ?GetClassObject@CComModule@ATL@@QAEJABU_GUID@@0PAPAX@Z 100064d1 f i ElectronicJournal.obj
 0001:00005573       ?GetConnMap@COPOSElectronicJournal@@SAPBU_ATL_CONNMAP_ENTRY@ATL@@PAH@Z 10006573 f i ElectronicJournal.obj
 0001:000055e3       ?GetCookie@CComDynamicUnkArray@ATL@@QAGKPAPAUIUnknown@@@Z 100065e3 f i ElectronicJournal.obj
 0001:0000561b       ?GetIDsOfNames@CComTypeInfoHolder@ATL@@QAEJABU_GUID@@PAPA_WIKPAJ@Z 1000661b f i ElectronicJournal.obj
 0001:0000573b       ?GetKeyAt@?$CSimpleMap@PA_WPA_WVCExpansionVectorEqualHelper@ATL@@@ATL@@QBEAAPA_WH@Z 1000673b f i ElectronicJournal.obj
 0001:00005760       ?GetPagesHelper@?$ISpecifyPropertyPagesImpl@VCOPOSElectronicJournal@@@ATL@@IAEJPAUtagCAUUID@@PBUATL_PROPMAP_ENTRY@2@@Z 10006760 f i ElectronicJournal.obj
 0001:00005887       ?GetProperty@?$CComPtr@UIDispatch@@@ATL@@SAJPAUIDispatch@@JPAUtagVARIANT@@@Z 10006887 f i ElectronicJournal.obj
 0001:000058d6       ?GetSizeMax@CComVariant@ATL@@QBEJPAT_ULARGE_INTEGER@@@Z 100068d6 f i ElectronicJournal.obj
 0001:00005a98       ?GetTI@CComTypeInfoHolder@ATL@@QAEJK@Z 10006a98 f i ElectronicJournal.obj
 0001:00005c78       ?GetTI@CComTypeInfoHolder@ATL@@QAEJKPAPAUITypeInfo@@@Z 10006c78 f i ElectronicJournal.obj
 0001:00005cb6       ?GetUnknown@CComDynamicUnkArray@ATL@@QAGPAUIUnknown@@K@Z 10006cb6 f i ElectronicJournal.obj
 0001:00005cd7       ?GetValueAt@?$CSimpleMap@PA_WPA_WVCExpansionVectorEqualHelper@ATL@@@ATL@@QBEAAPA_WH@Z 10006cd7 f i ElectronicJournal.obj
 0001:00005cfd       ?GetZoomInfo@CComControlBase@ATL@@QAEXAAUATL_DRAWINFO@@@Z 10006cfd f i ElectronicJournal.obj
 0001:00005d90       ?HKeyFromString@CRegParser@ATL@@KAPAUHKEY__@@PA_W@Z 10006d90 f i ElectronicJournal.obj
 0001:00005dbe       ?HasSubKeys@CRegParser@ATL@@IAEHPAUHKEY__@@@Z 10006dbe f i ElectronicJournal.obj
 0001:00005df3       ?IDataObject_GetData@CComControlBase@ATL@@QAEJPAUtagFORMATETC@@PAUtagSTGMEDIUM@@@Z 10006df3 f i ElectronicJournal.obj
 0001:00005f95       ?IOleInPlaceObject_InPlaceDeactivate@CComControlBase@ATL@@QAEJXZ 10006f95 f i ElectronicJournal.obj
 0001:0000601c       ?IOleInPlaceObject_SetObjectRects@CComControlBase@ATL@@QAEJPBUtagRECT@@0@Z 1000701c f i ElectronicJournal.obj
 0001:000060e9       ?IOleInPlaceObject_UIDeactivate@CComControlBase@ATL@@QAEJXZ 100070e9 f i ElectronicJournal.obj
 0001:000061ab       ?IOleObject_Advise@CComControlBase@ATL@@QAEJPAUIAdviseSink@@PAK@Z 100071ab f i ElectronicJournal.obj
 0001:000061d5       ?IOleObject_Close@CComControlBase@ATL@@QAEJK@Z 100071d5 f i ElectronicJournal.obj
 0001:000062b9       ?IOleObject_GetClientSite@CComControlBase@ATL@@QAEJPAPAUIOleClientSite@@@Z 100072b9 f i ElectronicJournal.obj
 0001:000062e2       ?IOleObject_SetClientSite@CComControlBase@ATL@@QAEJPAUIOleClientSite@@@Z 100072e2 f i ElectronicJournal.obj
 0001:00006321       ?IOleObject_SetExtent@CComControlBase@ATL@@QAEJKPAUtagSIZE@@@Z 10007321 f i ElectronicJournal.obj
 0001:000063d3       ?IPSI_GetIPersistStreamInit@?$IPersistStorageImpl@VCOPOSElectronicJournal@@@ATL@@AAEPAUIPersistStreamInit@@XZ 100073d3 f i ElectronicJournal.obj
 0001:0000647b       ?IPersistStreamInit_Load@?$IPersistStreamInitImpl@VCOPOSElectronicJournal@@@ATL@@QAEJPAUIStream@@PBUATL_PROPMAP_ENTRY@2@@Z 1000747b f i ElectronicJournal.obj
 0001:000066f1       ?IPersistStreamInit_Save@?$IPersistStreamInitImpl@VCOPOSElectronicJournal@@@ATL@@QAEJPAUIStream@@HPBUATL_PROPMAP_ENTRY@2@@Z 100076f1 f i ElectronicJournal.obj
 0001:000068e0       ?IQuickActivate_QuickActivate@CComControlBase@ATL@@QAEJPAUtagQACONTAINER@@PAUtagQACONTROL@@@Z 100078e0 f i ElectronicJournal.obj
 0001:00006b22       ?IViewObject_Draw@CComControlBase@ATL@@QAEJKJPAXPAUtagDVTARGETDEVICE@@PAUHDC__@@2PBU_RECTL@@3@Z 10007b22 f i ElectronicJournal.obj
 0001:00006bca       ?InPlaceActivate@CComControlBase@ATL@@QAEJJPBUtagRECT@@@Z 10007bca f i ElectronicJournal.obj
 0001:00006e3c       ?Init@?$CComEnumImpl@UIEnumConnectionPoints@@$1?_GUID_b196b285_bab4_101a_b69c_00aa00341d07@@3U__s_GUID@@BPAUIConnectionPoint@@V?$_CopyInterface@UIConnectionPoint@@@ATL@@@ATL@@QAEJPAPAUIConnectionPoint@@0PAUIUnknown@@W4CComEnumFlags@2@@Z 10007e3c f i ElectronicJournal.obj
 0001:00006f18       ?Init@?$CComEnumImpl@UIEnumConnections@@$1?_GUID_b196b287_bab4_101a_b69c_00aa00341d07@@3U__s_GUID@@BUtagCONNECTDATA@@V?$_Copy@UtagCONNECTDATA@@@ATL@@@ATL@@QAEJPAUtagCONNECTDATA@@0PAUIUnknown@@W4CComEnumFlags@2@@Z 10007f18 f i ElectronicJournal.obj
 0001:00006ff4       ?Init@CComModule@ATL@@QAEJPAU_ATL_OBJMAP_ENTRY30@2@PAUHINSTANCE__@@PBU_GUID@@@Z 10007ff4 f i ElectronicJournal.obj
 0001:00007053       ?Init@CDynamicStdCallThunk2@ATL@@QAEHKPAX@Z 10008053 f i ElectronicJournal.obj
 0001:0000707e       ?InlineIsEqualUnknown@ATL@@YGHABU_GUID@@@Z 1000807e f i ElectronicJournal.obj
 0001:000070a6       ?InternalSetAtIndex@?$CSimpleMap@PA_WPA_WVCExpansionVectorEqualHelper@ATL@@@ATL@@QAEXHABQA_W0@Z 100080a6 f i ElectronicJournal.obj
 0001:000070d0       ?Invoke@CComTypeInfoHolder@ATL@@QAEJPAUIDispatch@@JABU_GUID@@KGPAUtagDISPPARAMS@@PAUtagVARIANT@@PAUtagEXCEPINFO@@PAI@Z 100080d0 f i ElectronicJournal.obj
 0001:00007111       ?IsEqualObject@?$CComPtrBase@UITypeInfo@@@ATL@@QAE_NPAUIUnknown@@@Z 10008111 f i ElectronicJournal.obj
 0001:00007111       ?IsEqualObject@?$CComPtrBase@UIOleClientSite@@@ATL@@QAE_NPAUIUnknown@@@Z 10008111 f i ElectronicJournal.obj
 0001:0000717d       ?IsSpace@CRegParser@ATL@@IAEH_W@Z 1000817d f i ElectronicJournal.obj
 0001:000071a3       ?LoadNameCache@CComTypeInfoHolder@ATL@@QAEJPAUITypeInfo@@@Z 100081a3 f i ElectronicJournal.obj
 0001:000072d8       ?Lookup@?$CSimpleMap@PA_WPA_WVCExpansionVectorEqualHelper@ATL@@@ATL@@QBEPA_WABQA_W@Z 100082d8 f i ElectronicJournal.obj
 0001:000072fe       ?NextToken@CRegParser@ATL@@IAEJPA_W@Z 100082fe f i ElectronicJournal.obj
 0001:0000742d       ?OnKillFocus@CComControlBase@ATL@@QAEJIIJAAH@Z 1000842d f i ElectronicJournal.obj
 0001:00007488       ?OnMouseActivate@CComControlBase@ATL@@QAEJIIJAAH@Z 10008488 f i ElectronicJournal.obj
 0001:000074f6       ?OnPaint@CComControlBase@ATL@@QAEJIIJAAH@Z 100084f6 f i ElectronicJournal.obj
 0001:000075ad       ?OnSetFocus@CComControlBase@ATL@@QAEJIIJAAH@Z 100085ad f i ElectronicJournal.obj
 0001:00007638       ?Open@CRegKey@ATL@@QAEJPAUHKEY__@@PB_WK@Z 10008638 f i ElectronicJournal.obj
 0001:0000768d       ?PreProcessBuffer@CRegParser@ATL@@QAEJPA_WPAPA_W@Z 1000868d f i ElectronicJournal.obj
 0001:000078fd       ?ProcessWindowMessage@?$CComControl@VCOPOSElectronicJournal@@V?$CWindowImpl@VCOPOSElectronicJournal@@VCWindow@ATL@@V?$CWinTraits@$0FGAAAAAA@$0A@@3@@ATL@@@ATL@@UAEHPAUHWND__@@IIJAAJK@Z 100088fd f i ElectronicJournal.obj
 0001:000079a5       ?ReadFromStream@CComBSTR@ATL@@QAEJPAUIStream@@@Z 100089a5 f i ElectronicJournal.obj
 0001:00007ac8       ?ReadFromStream@CComVariant@ATL@@QAEJPAUIStream@@GTClassesAllowedInStream@2@K@Z 10008ac8 f i ElectronicJournal.obj
 0001:00007c52       ?RecurseDeleteKey@CRegKey@ATL@@QAEJPB_W@Z 10008c52 f i ElectronicJournal.obj
 0001:00007d40       ?RegCreateKeyExW@CAtlTransactionManager@ATL@@QAEJPAUHKEY__@@PB_WKPA_WKKQAU_SECURITY_ATTRIBUTES@@PAPAU3@PAK@Z 10008d40 f i ElectronicJournal.obj
 0001:00007da3       ?RegDeleteKeyW@CAtlTransactionManager@ATL@@QAEJPAUHKEY__@@PB_W@Z 10008da3 f i ElectronicJournal.obj
 0001:00007df5       ?RegOpenKeyExW@CAtlTransactionManager@ATL@@QAEJPAUHKEY__@@PB_WKKPAPAU3@@Z 10008df5 f i ElectronicJournal.obj
 0001:00007e4c       ?Register@_ATL_WNDCLASSINFOW@ATL@@QAEGPAP6GJPAUHWND__@@IIJ@Z@Z 10008e4c f i ElectronicJournal.obj
 0001:00007e6c       ?RegisterBuffer@CRegParser@ATL@@QAEJPA_WH@Z 10008e6c f i ElectronicJournal.obj
 0001:00007fb3       ?RegisterFromResource@CRegObject@ATL@@IAEJPB_W00H@Z 10008fb3 f i ElectronicJournal.obj
 0001:000080e9       ?RegisterServer@?$CAtlModuleT@VCComModule@ATL@@@ATL@@QAEJHPBU_GUID@@@Z 100090e9 f i ElectronicJournal.obj
 0001:00008117       ?RegisterServer@CComModule@ATL@@QAEJHPBU_GUID@@@Z 10009117 f i ElectronicJournal.obj
 0001:00008188       ?RegisterSubkeys@CRegParser@ATL@@IAEJPA_WPAUHKEY__@@HH@Z 10009188 f i ElectronicJournal.obj
 0001:000087e4       ?Remove@CComDynamicUnkArray@ATL@@QAEHK@Z 100097e4 f i ElectronicJournal.obj
 0001:0000880d       ?RemoveAll@?$CSimpleMap@PA_WPA_WVCExpansionVectorEqualHelper@ATL@@@ATL@@QAEXXZ 1000980d f i ElectronicJournal.obj
 0001:00008839       ?ResourceRegisterSz@CRegObject@ATL@@QAGJPB_W00@Z 10009839 f i ElectronicJournal.obj
 0001:00008866       ?ResourceUnregisterSz@CRegObject@ATL@@QAGJPB_W00@Z 10009866 f i ElectronicJournal.obj
 0001:00008893       ?SendOnDataChange@CComControlBase@ATL@@QAEJK@Z 10009893 f i ElectronicJournal.obj
 0001:000088e0       ?SetControlFocus@CComControlBase@ATL@@QAEHH@Z 100098e0 f i ElectronicJournal.obj
 0001:0000897b       ?SetMultiStringValue@CRegKey@ATL@@QAEJPB_W0@Z 1000997b f i ElectronicJournal.obj
 0001:000089d7       ?SetStringValue@CRegKey@ATL@@QAEJPB_W0K@Z 100099d7 f i ElectronicJournal.obj
 0001:00008a20       ?SkipAssignment@CRegParser@ATL@@IAEJPA_W@Z 10009a20 f i ElectronicJournal.obj
 0001:00008a8c       ?SkipWhiteSpace@CRegParser@ATL@@IAEXXZ 10009a8c f i ElectronicJournal.obj
 0001:00008ab5       ?StrChrW@CRegParser@ATL@@KAPA_WPA_W_W@Z 10009ab5 f i ElectronicJournal.obj
 0001:00008af2       ?Term@CAtlModule@ATL@@QAEXXZ 10009af2 f i ElectronicJournal.obj
 0001:00008b6f       ?Term@CComModule@ATL@@QAEXXZ 10009b6f f i ElectronicJournal.obj
 0001:00008bc7       ?UnregisterServer@?$CAtlModuleT@VCComModule@ATL@@@ATL@@QAEJHPBU_GUID@@@Z 10009bc7 f i ElectronicJournal.obj
 0001:00008bed       ?UnregisterServer@CComModule@ATL@@QAEJHPBU_GUID@@@Z 10009bed f i ElectronicJournal.obj
 0001:00008c5e       ?UpdateRegistryFromResource@CAtlModule@ATL@@QAGJIHPAU_ATL_REGMAP_ENTRY@2@@Z 10009c5e f i ElectronicJournal.obj
 0001:00008e29       ?UpdateRegistryFromResource@CAtlModule@ATL@@QAGJPB_WHPAU_ATL_REGMAP_ENTRY@2@@Z 10009e29 f i ElectronicJournal.obj
 0001:00008ffa       ?VTFromRegType@CRegParser@ATL@@KAHPB_WAAG@Z 10009ffa f i ElectronicJournal.obj
 0001:00009067       ?WindowProc@?$CWindowImplBaseT@VCWindow@ATL@@V?$CWinTraits@$0FGAAAAAA@$0A@@2@@ATL@@SGJPAUHWND__@@IIJ@Z 1000a067 f i ElectronicJournal.obj
 0001:00009155       ?WriteToStream@CComBSTR@ATL@@QAEJPAUIStream@@@Z 1000a155 f i ElectronicJournal.obj
 0001:000091b7       ?WriteToStream@CComVariant@ATL@@QAEJPAUIStream@@@Z 1000a1b7 f i ElectronicJournal.obj
 0001:00009331       ?WriteToStream@CComVariant@ATL@@QAEJPAUIStream@@G@Z 1000a331 f i ElectronicJournal.obj
 0001:0000939a       ?_AtlInitialConstruct@?$CComObjectRootEx@VCComMultiThreadModel@ATL@@@ATL@@QAEJXZ 1000a39a f i ElectronicJournal.obj
 0001:000093af       ?_AtlVerifyStackAvailable@_ATL_SAFE_ALLOCA_IMPL@ATL@@YA_NK@Z 1000a3af f i ElectronicJournal.obj
 0001:0000942d       ?atlCreate@?$CWindowImpl@VCOPOSElectronicJournal@@VCWindow@ATL@@V?$CWinTraits@$0FGAAAAAA@$0A@@3@@ATL@@QAEPAUHWND__@@PAU3@V_U_RECT@2@PB_WKKV_U_MENUorID@2@PAX@Z 1000a42d f i ElectronicJournal.obj
 0001:00009478       ?atlCreate@?$CWindowImplBaseT@VCWindow@ATL@@V?$CWinTraits@$0FGAAAAAA@$0A@@2@@ATL@@QAEPAUHWND__@@PAU3@V_U_RECT@2@PB_WKKV_U_MENUorID@2@GPAX@Z 1000a478 f i ElectronicJournal.obj
 0001:00009514       ?copy@?$_Copy@UtagCONNECTDATA@@@ATL@@SAJPAUtagCONNECTDATA@@PBU3@@Z 1000a514 f i ElectronicJournal.obj
 0001:0000954a       ?copy@?$_CopyInterface@UIConnectionPoint@@@ATL@@SAJPAPAUIConnectionPoint@@PBQAU3@@Z 1000a54a f i ElectronicJournal.obj
 0001:00009578       ?memcpy_s@Checked@ATL@@YAXPAXIPBXI@Z 1000a578 f i ElectronicJournal.obj
 0001:00009597       ?ocscpy_s@@YA_NPA_WIPB_W@Z 1000a597 f i ElectronicJournal.obj
 0001:000095e1       ?wcscpy_s@Checked@ATL@@YAXPA_WIPB_W@Z 1000a5e1 f i ElectronicJournal.obj
 0001:000095fd       _DllCanUnloadNow@0         1000a5fd f   ElectronicJournal.obj
 0001:00009609       _DllGetClassObject@12      1000a609 f   ElectronicJournal.obj
 0001:00009617       _DllMain@12                1000a617 f   ElectronicJournal.obj
 0001:00009659       _DllRegisterServer@0       1000a659 f   ElectronicJournal.obj
 0001:00009668       _DllUnregisterServer@0     1000a668 f   ElectronicJournal.obj
 0001:00009677       _InlineIsEqualGUID         1000a677 f i ElectronicJournal.obj
 0001:000096a7       ___local_stdio_printf_options 1000a6a7 f i ElectronicJournal.obj
 0001:000096ad       __vswprintf_s_l            1000a6ad f i ElectronicJournal.obj
 0001:0000975a       _swprintf_s                1000a75a f i ElectronicJournal.obj
 0001:00009776       ??0?$CComControl@VCOPOSElectronicJournal@@V?$CWindowImpl@VCOPOSElectronicJournal@@VCWindow@ATL@@V?$CWinTraits@$0FGAAAAAA@$0A@@3@@ATL@@@ATL@@QAE@XZ 1000a776 f i ElectronicJournalImpl.obj
 0001:0000979d       ??0?$CProxy_IOPOSEvents@VCOPOSElectronicJournal@@@@QAE@XZ 1000a79d f i ElectronicJournalImpl.obj
 0001:000097c0       ??0CComControlBase@ATL@@QAE@AAPAUHWND__@@@Z 1000a7c0 f i ElectronicJournalImpl.obj
 0001:00009810       ??0COPOSElectronicJournal@@QAE@XZ 1000a810 f   ElectronicJournalImpl.obj
 0001:00009846       ??1?$CComControl@VCOPOSElectronicJournal@@V?$CWindowImpl@VCOPOSElectronicJournal@@VCWindow@ATL@@V?$CWinTraits@$0FGAAAAAA@$0A@@3@@ATL@@@ATL@@UAE@XZ 1000a846 f i ElectronicJournalImpl.obj
 0001:0000985f       ??1?$IConnectionPointImpl@VCOPOSElectronicJournal@@$1?IID_IPropertyNotifySink@@3U_GUID@@BVCComDynamicUnkArray@ATL@@@ATL@@QAE@XZ 1000a85f f i ElectronicJournalImpl.obj
 0001:0000985f       ??1?$IConnectionPointImpl@VCOPOSElectronicJournal@@$1?DIID__IOPOSElectronicJournalEvents@@3U_GUID@@BVCComDynamicUnkArray@ATL@@@ATL@@QAE@XZ 1000a85f f i ElectronicJournalImpl.obj
 0001:0000989c       ??1CComControlBase@ATL@@UAE@XZ 1000a89c f i ElectronicJournalImpl.obj
 0001:000098ff       ??1COPOSElectronicJournal@@UAE@XZ 1000a8ff f   ElectronicJournalImpl.obj
 0001:00009947       ?AddMarker@COPOSElectronicJournal@@UAGJPA_WPAJ@Z 1000a947 f   ElectronicJournalImpl.obj
 0001:0000999e       ?CancelPrintContent@COPOSElectronicJournal@@UAGJPAJ@Z 1000a99e f   ElectronicJournalImpl.obj
 0001:000099b9       ?CancelQueryContent@COPOSElectronicJournal@@UAGJPAJ@Z 1000a9b9 f   ElectronicJournalImpl.obj
 0001:000099d4       ?CheckHealth@COPOSElectronicJournal@@UAGJJPAJ@Z 1000a9d4 f   ElectronicJournalImpl.obj
 0001:00009a23       ?ClaimDevice@COPOSElectronicJournal@@UAGJJPAJ@Z 1000aa23 f   ElectronicJournalImpl.obj
 0001:00009a98       ?ClearInput@COPOSElectronicJournal@@UAGJPAJ@Z 1000aa98 f   ElectronicJournalImpl.obj
 0001:00009ab3       ?ClearOutput@COPOSElectronicJournal@@UAGJPAJ@Z 1000aab3 f   ElectronicJournalImpl.obj
 0001:00009ace       ?Close@COPOSElectronicJournal@@UAGJPAJ@Z 1000aace f   ElectronicJournalImpl.obj
 0001:00009b3c       ?CompareFirmwareVersion@COPOSElectronicJournal@@UAGJPA_WPAJ1@Z 1000ab3c f   ElectronicJournalImpl.obj
 0001:00009bbc       ?DirectIO@COPOSElectronicJournal@@UAGJJPAJPAPA_W0@Z 1000abbc f   ElectronicJournalImpl.obj
 0001:00009c6a       ?DoInvoke@COPOSElectronicJournal@@IAEJJPAVOposVariant@@IHPAJ_N@Z 1000ac6a f   ElectronicJournalImpl.obj
 0001:00009d46       ?EraseMedium@COPOSElectronicJournal@@UAGJPAJ@Z 1000ad46 f   ElectronicJournalImpl.obj
 0001:00009d61       ?EventClose@COPOSElectronicJournal@@IAEXXZ 1000ad61 f i ElectronicJournalImpl.obj
 0001:00009d94       ?EventInit@COPOSElectronicJournal@@IAEJXZ 1000ad94 f i ElectronicJournalImpl.obj
 0001:00009e68       ?EventUninit@COPOSElectronicJournal@@IAEXXZ 1000ae68 f i ElectronicJournalImpl.obj
 0001:00009eba       ?EventWindowProc@COPOSElectronicJournal@@IAGJIIJ@Z 1000aeba f i ElectronicJournalImpl.obj
 0001:00009fb8       ?FinalConstruct@COPOSElectronicJournal@@QAEJXZ 1000afb8 f   ElectronicJournalImpl.obj
 0001:00009ff1       ?FireEventCleanup@COPOSElectronicJournal@@IAEXXZ 1000aff1 f i ElectronicJournalImpl.obj
 0001:0000a007       ?FireEventSetup@COPOSElectronicJournal@@IAE_NXZ 1000b007 f i ElectronicJournalImpl.obj
 0001:0000a03b       ?FreezeEvents@COPOSElectronicJournal@@MAGJH@Z 1000b03b f   ElectronicJournalImpl.obj
 0001:0000a094       ?GetOposProp@COPOSElectronicJournal@@IAEJJPAFJ@Z 1000b094 f   ElectronicJournalImpl.obj
 0001:0000a0b7       ?GetOposProp@COPOSElectronicJournal@@IAEJJPAJJ@Z 1000b0b7 f   ElectronicJournalImpl.obj
 0001:0000a186       ?GetOposProp@COPOSElectronicJournal@@IAEJJPAPA_WJ@Z 1000b186 f   ElectronicJournalImpl.obj
 0001:0000a262       ?InitializeMedium@COPOSElectronicJournal@@UAGJPA_WPAJ@Z 1000b262 f   ElectronicJournalImpl.obj
 0001:0000a2b9       ?OnDraw@COPOSElectronicJournal@@MAEJAAUATL_DRAWINFO@@@Z 1000b2b9 f   ElectronicJournalImpl.obj
 0001:0000a359       ?Open@COPOSElectronicJournal@@UAGJPA_WPAJ@Z 1000b359 f   ElectronicJournalImpl.obj
 0001:0000ab94       ?PrintContent@COPOSElectronicJournal@@UAGJPA_W0PAJ@Z 1000bb94 f   ElectronicJournalImpl.obj
 0001:0000ac14       ?PrintContentFile@COPOSElectronicJournal@@UAGJPA_WPAJ@Z 1000bc14 f   ElectronicJournalImpl.obj
 0001:0000ac6b       ?QueryContent@COPOSElectronicJournal@@UAGJPA_W00PAJ@Z 1000bc6b f   ElectronicJournalImpl.obj
 0001:0000ad23       ?ReleaseDevice@COPOSElectronicJournal@@UAGJPAJ@Z 1000bd23 f   ElectronicJournalImpl.obj
 0001:0000ad72       ?ResetStatistics@COPOSElectronicJournal@@UAGJPA_WPAJ@Z 1000bd72 f   ElectronicJournalImpl.obj
 0001:0000adc9       ?ResumePrintContent@COPOSElectronicJournal@@UAGJPAJ@Z 1000bdc9 f   ElectronicJournalImpl.obj
 0001:0000ade4       ?ResumeQueryContent@COPOSElectronicJournal@@UAGJPAJ@Z 1000bde4 f   ElectronicJournalImpl.obj
 0001:0000adff       ?RetrieveCurrentMarker@COPOSElectronicJournal@@UAGJJPAPA_WPAJ@Z 1000bdff f   ElectronicJournalImpl.obj
 0001:0000ae7b       ?RetrieveMarker@COPOSElectronicJournal@@UAGJJJJPAPA_WPAJ@Z 1000be7b f   ElectronicJournalImpl.obj
 0001:0000af2a       ?RetrieveMarkerByDateTime@COPOSElectronicJournal@@UAGJJPA_W0PAPA_WPAJ@Z 1000bf2a f   ElectronicJournalImpl.obj
 0001:0000afed       ?RetrieveMarkersDateTime@COPOSElectronicJournal@@UAGJPA_WPAPA_WPAJ@Z 1000bfed f   ElectronicJournalImpl.obj
 0001:0000b06d       ?RetrieveStatistics@COPOSElectronicJournal@@UAGJPAPA_WPAJ@Z 1000c06d f   ElectronicJournalImpl.obj
 0001:0000b0c4       ?SOProcessID@COPOSElectronicJournal@@UAGJPAJ@Z 1000c0c4 f   ElectronicJournalImpl.obj
 0001:0000b0d8       ?SetCOFreezeEvents@COPOSElectronicJournal@@IAEXF@Z 1000c0d8 f   ElectronicJournalImpl.obj
 0001:0000b178       ?SetOposProp@COPOSElectronicJournal@@IAEJJJJ@Z 1000c178 f   ElectronicJournalImpl.obj
 0001:0000b26f       ?SuspendPrintContent@COPOSElectronicJournal@@UAGJPAJ@Z 1000c26f f   ElectronicJournalImpl.obj
 0001:0000b28a       ?SuspendQueryContent@COPOSElectronicJournal@@UAGJPAJ@Z 1000c28a f   ElectronicJournalImpl.obj
 0001:0000b2a5       ?UpdateFirmware@COPOSElectronicJournal@@UAGJPA_WPAJ@Z 1000c2a5 f   ElectronicJournalImpl.obj
 0001:0000b2fc       ?UpdateStatistics@COPOSElectronicJournal@@UAGJPA_WPAJ@Z 1000c2fc f   ElectronicJournalImpl.obj
 0001:0000b353       ?get_AsyncMode@COPOSElectronicJournal@@UAGJPAF@Z 1000c353 f   ElectronicJournalImpl.obj
[...]
 0002:00006690       LOG10_2                    10027690     libucrt:log10_pentium4.obj
 0002:000066a0       place_L                    100276a0     libucrt:log10_pentium4.obj
 0002:000066c0       One                        100276c0     libucrt:log10_pentium4.obj
 0002:000066d0       Zero                       100276d0     libucrt:log10_pentium4.obj
 0002:000066e0       Two52                      100276e0     libucrt:log10_pentium4.obj
 0002:000066f0       Infs                       100276f0     libucrt:log10_pentium4.obj
 0002:00006700       NaN                        10027700     libucrt:log10_pentium4.obj
 0002:00006710       coeff                      10027710     libucrt:log10_pentium4.obj
 0002:0000676e       _log2max                   1002776e     libucrt:87tran.obj
 0002:00006778       _smallarg                  10027778     libucrt:87tran.obj
 0002:00006782       _half                      10027782     libucrt:87tran.obj
 0002:000067ce       One                        100277ce     libucrt:87disp.obj
 0002:000067d6       Three                      100277d6     libucrt:87disp.obj
 0002:000067de       XAMtoTagTab                100277de     libucrt:87disp.obj
 0002:000067f0       One                        100277f0     libucrt:common.obj
 0002:00006804       DblMax                     10027804     libucrt:common.obj
 0002:0000680c       DblMin                     1002780c     libucrt:common.obj
 0002:00006814       IeeeAdjO                   10027814     libucrt:common.obj
 0002:0000681c       IeeeAdjU                   1002781c     libucrt:common.obj
 0002:00006824       _infinity                  10027824     libucrt:common.obj
 0002:0000682c       _zero                      1002782c     libucrt:common.obj
 0002:00006878       _over                      10027878     libucrt:fpctrl.obj
 0002:00006884       _under                     10027884     libucrt:fpctrl.obj
 0002:000070b8       ?_names@?1??_get_fname@@9@4QBU<unnamed-type-_names>@?1??1@YAPADI@Z@B 100280b8     libucrt:fpexcept.obj
 0002:00007260       two32                      10028260     LIBCMT:ftol2.obj
 0002:00007264       two63                      10028264     LIBCMT:ftol2.obj
 0002:00007268       _NaN                       10028268     LIBCMT:ftol2.obj
 0002:00007998       __sehtable$?_AtlVerifyStackAvailable@_ATL_SAFE_ALLOCA_IMPL@ATL@@YA_NK@Z 10028998     ElectronicJournal.obj
 0002:000079b8       __sehtable$___scrt_is_nonwritable_in_current_image 100289b8     LIBCMT:utility.obj
 0002:000079d4       __catchsym$??2@YAPAXIABUnothrow_t@std@@@Z$2 100289d4     LIBCMT:new_scalar_nothrow.obj
 0002:000079e4       __unwindtable$??2@YAPAXIABUnothrow_t@std@@@Z 100289e4     LIBCMT:new_scalar_nothrow.obj
 0002:000079f4       __tryblocktable$??2@YAPAXIABUnothrow_t@std@@@Z 100289f4     LIBCMT:new_scalar_nothrow.obj
 0002:00007a08       __ehfuncinfo$??2@YAPAXIABUnothrow_t@std@@@Z 10028a08     LIBCMT:new_scalar_nothrow.obj
 0002:00007a30       __sehtable$?dllmain_crt_process_attach@@YAHQAUHINSTANCE__@@QAX@Z 10028a30     LIBCMT:dll_dllmain.obj
 0002:00007a50       __sehtable$?dllmain_crt_process_detach@@YAH_N@Z 10028a50     LIBCMT:dll_dllmain.obj
 0002:00007a78       __sehtable$?dllmain_dispatch@@YAHQAUHINSTANCE__@@KQAX@Z 10028a78     LIBCMT:dll_dllmain.obj
 0002:00007b28       __sehtable$___DestructExceptionObject 10028b28     libvcruntime:ehhelpers.obj
 0002:00007b48       __sehtable$?FrameUnwindToState@__FrameHandler3@@SAXPAUEHRegistrationNode@@PAXPBU_s_FuncInfo@@H@Z 10028b48     libvcruntime:frame.obj
 0002:00007b70       __sehtable$?CallCatchBlock@@YAPAXPAUEHExceptionRecord@@PAUEHRegistrationNode@@PAU_CONTEXT@@PBU_s_FuncInfo@@PAXHK@Z 10028b70     libvcruntime:frame.obj
 0002:00007b98       __catchsym$?CallUnexpected@@YAXPBU_s_ESTypeList@@@Z$2 10028b98     libvcruntime:frame.obj
 0002:00007ba8       __unwindtable$?CallUnexpected@@YAXPBU_s_ESTypeList@@@Z 10028ba8     libvcruntime:frame.obj
 0002:00007bb8       __tryblocktable$?CallUnexpected@@YAXPBU_s_ESTypeList@@@Z 10028bb8     libvcruntime:frame.obj
 0002:00007bcc       __ehfuncinfo$?CallUnexpected@@YAXPBU_s_ESTypeList@@@Z 10028bcc     libvcruntime:frame.obj
 0002:00007bf0       __sehtable$??$BuildCatchObjectHelperInternal@V__FrameHandler3@@@@YAHPAUEHExceptionRecord@@PAXPBU_s_HandlerType@@PBU_s_CatchableType@@@Z 10028bf0     libvcruntime:frame.obj
 0002:00007c10       __sehtable$??$BuildCatchObjectInternal@V__FrameHandler3@@@@YAXPAUEHExceptionRecord@@PAXPBU_s_HandlerType@@PBU_s_CatchableType@@@Z 10028c10     libvcruntime:frame.obj
 0002:00007c64       __ehfuncinfo$?write_double_translated_ansi_nolock@@YA?AUwrite_result@?A0x17268360@@HQBDIAAV__crt_cached_ptd_host@@@Z 10028c64     libucrt:write.obj
 0002:00007c64       __ehfuncinfo$?try_cor_exit_process@@YAXI@Z 10028c64     libucrt:exit.obj
 0002:00007c88       __unwindtable$?common_exit@@YAXHW4_crt_exit_cleanup_mode@@W4_crt_exit_return_mode@@@Z 10028c88     libucrt:exit.obj
 0002:00007c90       __ehfuncinfo$?common_exit@@YAXHW4_crt_exit_cleanup_mode@@W4_crt_exit_return_mode@@@Z 10028c90     libucrt:exit.obj
 0002:00007cb8       __sehtable$??R<lambda_6e4b09c48022b2350581041d5f6b0c4c>@@QBE@XZ 10028cb8     libucrt:exit.obj
 0002:00007cd8       __sehtable$??$?RV<lambda_03b1d95aef87969028cfba75ccab2455>@@AAV<lambda_6e4b09c48022b2350581041d5f6b0c4c>@@V<lambda_22bdf7517842c4b3e53723af5aa32b9e>@@@?$__crt_seh_guarded_call@X@@QAEX$$QAV<lambda_03b1d95aef87969028cfba75ccab2455>@@AAV<lambda_6e4b09c48022b2350581041d5f6b0c4c>@@$$QAV<lambda_22bdf7517842c4b3e53723af5aa32b9e>@@@Z 10028cd8     libucrt:exit.obj
 0002:00007cf4       __unwindtable$___dcrt_uninitialize_environments_nolock 10028cf4     libucrt:environment_initialization.obj
 0002:00007d04       __ehfuncinfo$___dcrt_uninitialize_environments_nolock 10028d04     libucrt:environment_initialization.obj
 0002:00007d28       __unwindtable$__execute_onexit_table 10028d28     libucrt:onexit.obj
 0002:00007d30       __ehfuncinfo$__execute_onexit_table 10028d30     libucrt:onexit.obj
 0002:00007d58       __sehtable$??$?RV<lambda_8e746cf0007f6ed984d6f78af1fec997>@@AAV<lambda_22ebabd17bc4fa466a2aca6d8deb888d>@@V<lambda_18ed0c0b38a6dc0daf1e7ac6d6adf05e>@@@?$__crt_seh_guarded_call@H@@QAEH$$QAV<lambda_8e746cf0007f6ed984d6f78af1fec997>@@AAV<lambda_22ebabd17bc4fa466a2aca6d8deb888d>@@$$QAV<lambda_18ed0c0b38a6dc0daf1e7ac6d6adf05e>@@@Z 10028d58     libucrt:onexit.obj
 0002:00007d78       __sehtable$??$?RV<lambda_69a2805e680e0e292e8ba93315fe43a8>@@AAV<lambda_f03950bc5685219e0bcd2087efbe011e>@@V<lambda_03fcd07e894ec930e3f35da366ca99d6>@@@?$__crt_seh_guarded_call@H@@QAEH$$QAV<lambda_69a2805e680e0e292e8ba93315fe43a8>@@AAV<lambda_f03950bc5685219e0bcd2087efbe011e>@@$$QAV<lambda_03fcd07e894ec930e3f35da366ca99d6>@@@Z 10028d78     libucrt:onexit.obj
 0002:00007d98       __sehtable$__query_new_handler 10028d98     libucrt:new_handler.obj
 0002:00007db8       __sehtable$_terminate      10028db8     libucrt:terminate.obj
 0002:00007dd8       __sehtable$??$?RV<lambda_15ade71b0218206bbe3333a0c9b79046>@@AAV<lambda_da44e0f8b0f19ba52fefafb335991732>@@V<lambda_207f2d024fc103971653565357d6cd41>@@@?$__crt_seh_guarded_call@X@@QAEX$$QAV<lambda_15ade71b0218206bbe3333a0c9b79046>@@AAV<lambda_da44e0f8b0f19ba52fefafb335991732>@@$$QAV<lambda_207f2d024fc103971653565357d6cd41>@@@Z 10028dd8     libucrt:per_thread_data.obj
 0002:00007df8       __sehtable$??$?RV<lambda_a7e850c220f1c8d1e6efeecdedd162c6>@@AAV<lambda_46720907175c18b6c9d2717bc0d2d362>@@V<lambda_9048902d66e8d99359bc9897bbb930a8>@@@?$__crt_seh_guarded_call@X@@QAEX$$QAV<lambda_a7e850c220f1c8d1e6efeecdedd162c6>@@AAV<lambda_46720907175c18b6c9d2717bc0d2d362>@@$$QAV<lambda_9048902d66e8d99359bc9897bbb930a8>@@@Z 10028df8     libucrt:per_thread_data.obj
 0002:00007e18       __sehtable$??$?RV<lambda_38edbb1296d33220d7e4dd0ed76b244a>@@AAV<lambda_5ce1d447e08cb34b2473517608e21441>@@V<lambda_fb385d3da700c9147fc39e65dd577a8c>@@@?$__crt_seh_guarded_call@X@@QAEX$$QAV<lambda_38edbb1296d33220d7e4dd0ed76b244a>@@AAV<lambda_5ce1d447e08cb34b2473517608e21441>@@$$QAV<lambda_fb385d3da700c9147fc39e65dd577a8c>@@@Z 10028e18     libucrt:per_thread_data.obj
 0002:00007e38       __sehtable$??$?RV<lambda_6affb1475c98b40b75cdec977db92e3c>@@AAV<lambda_b8d4b9c228a6ecc3f80208dbb4b4a104>@@V<lambda_608742c3c92a14382c1684fc64f96c88>@@@?$__crt_seh_guarded_call@X@@QAEX$$QAV<lambda_6affb1475c98b40b75cdec977db92e3c>@@AAV<lambda_b8d4b9c228a6ecc3f80208dbb4b4a104>@@$$QAV<lambda_608742c3c92a14382c1684fc64f96c88>@@@Z 10028e38     libucrt:per_thread_data.obj
 0002:00007e58       __sehtable$??$?RV<lambda_e5124f882df8998aaf41531e079ba474>@@AAV<lambda_3e16ef9562a7dcce91392c22ab16ea36>@@V<lambda_e25ca0880e6ef98be67edffd8c599615>@@@?$__crt_seh_guarded_call@X@@QAEX$$QAV<lambda_e5124f882df8998aaf41531e079ba474>@@AAV<lambda_3e16ef9562a7dcce91392c22ab16ea36>@@$$QAV<lambda_e25ca0880e6ef98be67edffd8c599615>@@@Z 10028e58     libucrt:wsetlocale.obj
 0002:00007e78       __sehtable$___acrt_initialize_lowio 10028e78     libucrt:ioinit.obj
 0002:00007e98       __sehtable$?update_thread_multibyte_data_internal@@YAPAU__crt_multibyte_data@@QAU__acrt_ptd@@QAPAU1@@Z 10028e98     libucrt:mbctype.obj
 0002:00007eb8       __sehtable$??$?RV<lambda_ceb1ee4838e85a9d631eb091e2fbe199>@@AAV<lambda_ae742caa10f662c28703da3d2ea5e57e>@@V<lambda_cd08b5d6af4937fe54fc07d0c9bf6b37>@@@?$__crt_seh_guarded_call@X@@QAEX$$QAV<lambda_ceb1ee4838e85a9d631eb091e2fbe199>@@AAV<lambda_ae742caa10f662c28703da3d2ea5e57e>@@$$QAV<lambda_cd08b5d6af4937fe54fc07d0c9bf6b37>@@@Z 10028eb8     libucrt:mbctype.obj
 0002:00007ed8       __sehtable$_raise          10028ed8     libucrt:signal.obj
 0002:00007ef8       __sehtable$??$?RV<lambda_cbab9ec6f41b0180b23cc171c22676b0>@@AAV<lambda_44731a7d0e6d81c3e6aa82d741081786>@@V<lambda_4b292cb8dd18144e164572427af410ab>@@@?$__crt_seh_guarded_call@P6AXH@Z@@QAEP6AXH@Z$$QAV<lambda_cbab9ec6f41b0180b23cc171c22676b0>@@AAV<lambda_44731a7d0e6d81c3e6aa82d741081786>@@$$QAV<lambda_4b292cb8dd18144e164572427af410ab>@@@Z 10028ef8     libucrt:signal.obj
 0002:00007f18       __sehtable$??$?RV<lambda_2866be3712abc81a800a822484c830d8>@@AAV<lambda_39ca0ed439415581b5b15c265174cece>@@V<lambda_2b24c74d71094a6cd0cb82e44167d71b>@@@?$__crt_seh_guarded_call@X@@QAEX$$QAV<lambda_2866be3712abc81a800a822484c830d8>@@AAV<lambda_39ca0ed439415581b5b15c265174cece>@@$$QAV<lambda_2b24c74d71094a6cd0cb82e44167d71b>@@@Z 10028f18     libucrt:fflush.obj
 0002:00007f38       __sehtable$??$?RV<lambda_2cc53f568c5a2bb6f192f930a45d44ea>@@AAV<lambda_ab61a845afdef5b7c387490eaf3616ee>@@V<lambda_c2ffc0b7726aa6be21d5f0026187e748>@@@?$__crt_seh_guarded_call@X@@QAEX$$QAV<lambda_2cc53f568c5a2bb6f192f930a45d44ea>@@AAV<lambda_ab61a845afdef5b7c387490eaf3616ee>@@$$QAV<lambda_c2ffc0b7726aa6be21d5f0026187e748>@@@Z 10028f38     libucrt:fflush.obj
 0002:00007f58       __sehtable$___acrt_update_thread_locale_data 10028f58     libucrt:locale_refcounting.obj
 0002:00007f78       __sehtable$__fcloseall     10028f78     libucrt:closeall.obj
 0002:00007f98       __sehtable$___acrt_lowio_ensure_fh_exists 10028f98     libucrt:osfinfo.obj
 0002:00007fb8       __sehtable$??$?RV<lambda_9e9de3de5fa147e2223d7db92bc10aa6>@@AAV<lambda_38ce7e780aa69e748d6df282ebc68efe>@@V<lambda_8ca6da459f0f6780f1cff60fdc3d00e5>@@@?$__crt_seh_guarded_call@H@@QAEH$$QAV<lambda_9e9de3de5fa147e2223d7db92bc10aa6>@@AAV<lambda_38ce7e780aa69e748d6df282ebc68efe>@@$$QAV<lambda_8ca6da459f0f6780f1cff60fdc3d00e5>@@@Z 10028fb8     libucrt:commit.obj
 0002:00007fd8       __sehtable$__write_internal 10028fd8     libucrt:write.obj
 0002:00007ff8       __sehtable$?_fclose_internal@@YAHQAU_iobuf@@AAV__crt_cached_ptd_host@@@Z 10028ff8     libucrt:fclose.obj
 0002:00008018       __sehtable$??$?RV<lambda_d422a76eb4c3bf3ad751449ab71a6ea4>@@AAV<lambda_c9ba49e555ba839a7b07aa3fbecb7617>@@V<lambda_9476263c8ee91a25d21c55370bdb50de>@@@?$__crt_seh_guarded_call@H@@QAEH$$QAV<lambda_d422a76eb4c3bf3ad751449ab71a6ea4>@@AAV<lambda_c9ba49e555ba839a7b07aa3fbecb7617>@@$$QAV<lambda_9476263c8ee91a25d21c55370bdb50de>@@@Z 10029018     libucrt:close.obj
 0002:00008038       __sehtable$___set_fpsr_sse2 10029038     libucrt:fpctrl.obj
 0002:00008058       __sehtable$__IsNonwritableInCurrentImage 10029058     LIBCMT:pesect.obj
 0002:00008080       .edata                     10029080     OPOSElectronicJournal.exp
 0002:000080a8       rgpv                       100290a8     OPOSElectronicJournal.exp
 0002:000080b8       rgszName                   100290b8     OPOSElectronicJournal.exp
 0002:000080c8       rgwOrd                     100290c8     OPOSElectronicJournal.exp
 0002:000080d0       szName                     100290d0     OPOSElectronicJournal.exp
 0002:000080ea       $N00001                    100290ea     OPOSElectronicJournal.exp
 0002:000080fa       $N00002                    100290fa     OPOSElectronicJournal.exp
 0002:0000810c       $N00003                    1002910c     OPOSElectronicJournal.exp
 0002:0000811e       $N00004                    1002911e     OPOSElectronicJournal.exp
 0002:0000872e       .idata$6                   1002972e     kernel32:KERNEL32.dll
 0002:00008942       .idata$6                   10029942     user32:USER32.dll
 0002:00008a76       .idata$6                   10029a76     gdi32:GDI32.dll
 0002:00008b1c       .idata$6                   10029b1c     advapi32:ADVAPI32.dll
 0002:00008c38       .idata$6                   10029c38     ole32:ole32.dll
 0002:00008c42       .idata$6                   10029c42     oleaut32:OLEAUT32.dll
 0003:00000110       ?ObjectMap@@3PAU_ATL_OBJMAP_ENTRY30@ATL@@A 1002b110     ElectronicJournal.obj
 0003:000001e8       ?s_SOMethodNames@@3PAPADA  1002b1e8     ElectronicJournalImpl.obj
 0003:0000027c       ?s_RequiredMethodsPerRelease@@3PAHA 1002b27c     ElectronicJournalImpl.obj
 0003:000002a0       ?__vcrt_flsindex@@3KA      1002b2a0     libvcruntime:per_thread_data.obj
 0003:000002c0       ?errno_no_memory@@3HA      1002b2c0     libucrt:errno.obj
 0003:000002c4       ?doserrno_no_memory@@3KA   1002b2c4     libucrt:errno.obj
 0003:000002d0       ?__acrt_flsindex@@3KA      1002b2d0     libucrt:per_thread_data.obj
 0003:00000668       __mbctypes                 1002b668     libucrt:mbctype.obj
 0003:00000770       __mbcasemaps               1002b770     libucrt:mbctype.obj
 0003:00000870       ?__rgctypeflag@@3PADA      1002b870     libucrt:mbctype.obj
 0003:00000878       ?__rgcode_page_info@@3PAUcode_page_info@@A 1002b878     libucrt:mbctype.obj
 0003:00000ad0       ?__dcrt_lowio_console_output_handle@@3PAXA 1002bad0     libucrt:initcon.obj
 0003:00000ad4       ?__DAZ_ENABLED@?1??__set_fpsr_sse2@@9@9 1002bad4     libucrt:fpctrl.obj
 0003:00000c68       ?is_initialized_as_dll@@3_NA 1002bc68     LIBCMT:utility.obj
 0003:00000c69       ?module_local_atexit_table_initialized@@3_NA 1002bc69     LIBCMT:utility.obj
 0003:00000c6c       ?module_local_atexit_table@@3U_onexit_table_t@@A 1002bc6c     LIBCMT:utility.obj
 0003:00000c78       ?module_local_at_quick_exit_table@@3U_onexit_table_t@@A 1002bc78     LIBCMT:utility.obj
 0003:00000c84       ?g_tss_cv@@3U_RTL_CONDITION_VARIABLE@@A 1002bc84     LIBCMT:thread_safe_statics.obj
 0003:00000c88       ?g_tss_event@@3PAXA        1002bc88     LIBCMT:thread_safe_statics.obj
 0003:00000c8c       ?g_tss_mutex@@3U_RTL_CRITICAL_SECTION@@A 1002bc8c     LIBCMT:thread_safe_statics.obj
 0003:00000ca4       ?g_sleep_condition_variable_cs@@3P6GHPAU_RTL_CONDITION_VARIABLE@@PAU_RTL_CRITICAL_SECTION@@K@ZA 1002bca4     LIBCMT:thread_safe_statics.obj
 0003:00000ca8       ?g_wake_all_condition_variable@@3P6GXPAU_RTL_CONDITION_VARIABLE@@@ZA 1002bca8     LIBCMT:thread_safe_statics.obj
 0003:00000cb0       _GS_ExceptionRecord        1002bcb0     LIBCMT:gs_report.obj
 0003:00000d00       _GS_ContextRecord          1002bd00     LIBCMT:gs_report.obj
 0003:00000fd0       ?__proc_attached@@3HA      1002bfd0     LIBCMT:dll_dllmain.obj
 0003:0000102c       ?AllocateData@@3P6GPAUAtlThunkData_t@@XZA 1002c02c     atls:atlthunk.obj
 0003:00001030       ?InitData@@3P6GXPAUAtlThunkData_t@@PAXI@ZA 1002c030     atls:atlthunk.obj
 0003:00001034       ?DataToCode@@3P6GP6GJPAUHWND__@@IIJ@ZPAUAtlThunkData_t@@@ZA 1002c034     atls:atlthunk.obj
 0003:00001038       ?FreeData@@3P6GXPAUAtlThunkData_t@@@ZA 1002c038     atls:atlthunk.obj
 0003:0000103c       ?Initialized@@3_NA         1002c03c     atls:atlthunk.obj
 0003:0000104c       ?__vcrt_startup_thread_ptd@@3U__vcrt_ptd@@A 1002c04c     libvcruntime:per_thread_data.obj
 0003:00001074       ___vcrt_lock_table         1002c074     libvcruntime:locks.obj
 0003:0000108c       ___vcrt_locks_initialized  1002c08c     libvcruntime:locks.obj
 0003:000010b8       ?heap@@3V_HeapManager@@A   1002c0b8     libvcruntime:undname.obj
 0003:000010cc       ?module_handles@@3PAPAUHINSTANCE__@@A 1002c0cc     libvcruntime:winapi_downlevel.obj
 0003:000010d8       ?function_pointers@@3PAPAXA 1002c0d8     libvcruntime:winapi_downlevel.obj
 0003:000010ec       ?__acrt_invalid_parameter_handler@@3V?$dual_state_global@P6AXPB_W00II@Z@__crt_state_management@@A 1002c0ec     libucrt:invalid_parameter.obj
 0003:000010f0       ?c_termination_complete@@3JA 1002c0f0     libucrt:exit.obj
 0003:000010f4       ?thread_local_exit_callback_func@@3P6GXPAXK0@ZA 1002c0f4     libucrt:exit.obj
 0003:00001100       ?program_name@?1???$common_configure_argv@D@@YAHW4_crt_argv_mode@@@Z@4PADA 1002c100     libucrt:argv_parsing.obj
 0003:00001230       ?__acrt_new_handler@@3V?$dual_state_global@P6AHI@Z@__crt_state_management@@A 1002c230     libucrt:new_handler.obj
 0003:00001240       ?module_handles@@3PAPAUHINSTANCE__@@A 1002c240     libucrt:winapi_thunks.obj
 0003:00001290       ?encoded_function_pointers@@3PAPAXA 1002c290     libucrt:winapi_thunks.obj
 0003:00001318       ?internal_state@?1??_mbtowc_internal@@9@4U_Mbstatet@@A 1002c318     libucrt:mbtowc.obj
 0003:00001328       ?enable_percent_n@@3IA     1002c328     libucrt:printf_count_output.obj
 0003:00001540       ?__acrt_lock_table@@3PAU_RTL_CRITICAL_SECTION@@A 1002c540     libucrt:locks.obj
 0003:00001690       ?__acrt_locks_initialized@@3IA 1002c690     libucrt:locks.obj
 0003:000016a0       ?fSystemSet@@3HA           1002c6a0     libucrt:mbctype.obj
 0003:000016a4       ?initialized@?1??__acrt_initialize_multibyte@@9@4_NA 1002c6a4     libucrt:mbctype.obj
 0003:000016c4       ?ctrlc_action@@3V?$dual_state_global@P6AXH@Z@__crt_state_management@@A 1002c6c4     libucrt:signal.obj
 0003:000016c8       ?ctrlbreak_action@@3V?$dual_state_global@P6AXH@Z@__crt_state_management@@A 1002c6c8     libucrt:signal.obj
 0003:000016cc       ?abort_action@@3V?$dual_state_global@P6AXH@Z@__crt_state_management@@A 1002c6cc     libucrt:signal.obj
 0003:000016d0       ?term_action@@3V?$dual_state_global@P6AXH@Z@__crt_state_management@@A 1002c6d0     libucrt:signal.obj
 0003:000016d4       ?user_matherr@@3V?$dual_state_global@P6AHPAU_exception@@@Z@__crt_state_management@@A 1002c6d4     libucrt:matherr.obj
 0003:000016e0       ?__acrt_global_new_mode@@3V?$dual_state_global@J@__crt_state_management@@A 1002c6e0     libucrt:new_mode.obj
 0003:000016e4       ?internal_pst@?1??__mbrtoc32_utf8@__crt_mbstring@@YAIPA_UPBDIPAU_Mbstatet@@AAV__crt_cached_ptd_host@@@Z@4U3@A 1002c6e4     libucrt:mbrtoc32.obj
 0003:000016ec       ?__acrt_app_type@@3W4_crt_app_type@@A 1002c6ec     libucrt:report_runtime_error.obj
 0003:000016f4       __pmatherr_set             1002c6f4     libucrt:libm_error.obj
 0004:00000220       $R000000                   1002d220     ElectronicJournal.res
 0004:00000be0       $R0009C0                   1002dbe0     ElectronicJournal.res
 0004:00000cc8       $R000AA8                   1002dcc8     ElectronicJournal.res
 0004:00000f30       $R000D10                   1002df30     ElectronicJournal.res
 0004:00001470       $R001250                   1002e470     ElectronicJournal.res
 0004:00005140       $R004F20                   10032140     ElectronicJournal.res
 0004:00005188       $R004F68                   10032188     ElectronicJournal.res
