 OPOSPINPad

 Timestamp is 600f799d (Tue Jan 26 11:08:29 2021)

 Preferred load address is 10000000

 Start         Length     Name                   Class
 0001:00000000 00000080H .text$di                CODE
 0001:00000080 0001e823H .text$mn                CODE
 0001:0001e8a3 0000003aH .text$x                 CODE
 0001:0001e8dd 00000042H .text$yd                CODE
 0002:00000000 000002fcH .idata$5                DATA
 0002:000002fc 00000004H .00cfg                  DATA
 0002:00000300 00000004H .CRT$XCA                DATA
 0002:00000304 00000004H .CRT$XCL                DATA
 0002:00000308 00000010H .CRT$XCU                DATA
 0002:00000318 00000004H .CRT$XCZ                DATA
 0002:0000031c 00000004H .CRT$XIA                DATA
 0002:00000320 00000010H .CRT$XIC                DATA
 0002:00000330 00000004H .CRT$XIZ                DATA
 0002:00000334 00000004H .CRT$XLA                DATA
 0002:00000338 00000004H .CRT$XLZ                DATA
 0002:0000033c 00000004H .CRT$XPA                DATA
 0002:00000340 00000008H .CRT$XPX                DATA
 0002:00000348 00000004H .CRT$XPXA               DATA
 0002:0000034c 00000004H .CRT$XPZ                DATA
 0002:00000350 00000004H .CRT$XTA                DATA
 0002:00000354 0000000cH .CRT$XTZ                DATA
 0002:00000358 00000000H .gfids$y                DATA
 0002:00000360 00007420H .rdata                  DATA
 0002:00007780 00000000H .rdata$CastGuardVftablesA DATA
 0002:00007780 00000000H .rdata$CastGuardVftablesC DATA
 0002:00007780 00000018H .rdata$T                DATA
 0002:00007798 00000178H .rdata$r                DATA
 0002:00007910 0000001cH .rdata$sxdata           DATA
 0002:0000792c 000003dcH .rdata$zzzdbg           DATA
 0002:00007d08 00000004H .rtc$IAA                DATA
 0002:00007d0c 00000004H .rtc$IZZ                DATA
 0002:00007d10 00000004H .rtc$TAA                DATA
 0002:00007d14 00000004H .rtc$TZZ                DATA
 0002:00007d18 00000004H .tls                    DATA
 0002:00007d1c 00000004H .tls$                   DATA
 0002:00007d20 00000008H .tls$ZZZ                DATA
 0002:00007d28 0000062cH .xdata$x                DATA
 0002:00008354 00000004H ATL$__a                 DATA
 0002:00008358 00000008H ATL$__z                 DATA
 0002:00008360 000000a8H .edata                  DATA
 0002:00008408 00000078H .idata$2                DATA
 0002:00008480 00000014H .idata$3                DATA
 0002:00008494 000002fcH .idata$4                DATA
 0002:00008790 00000bceH .idata$6                DATA
 0003:00000000 00000ac0H .data                   DATA
 0003:00000ac0 00000098H .data$r                 DATA
 0003:00000b58 00000b88H .bss                    DATA
 0004:00000000 00000220H .rsrc$01                DATA
 0004:00000220 00004ba8H .rsrc$02                DATA

  Address         Publics by Value              Rva+Base       Lib:Object

 0000:00000000       ___guard_longjmp_count     00000000     <absolute>
 0000:00000000       ___arm64x_native_entrypoint 00000000     <absolute>
 0000:00000000       ___guard_longjmp_table     00000000     <absolute>
 0000:00000000       ___volatile_metadata       00000000     <absolute>
 0000:00000000       ___arm64x_extra_rfe_table  00000000     <absolute>
 0000:00000000       ___arm64x_redirection_metadata 00000000     <absolute>
 0000:00000000       ___arm64x_redirection_metadata_count 00000000     <absolute>
 0000:00000000       ___guard_eh_cont_count     00000000     <absolute>
 0000:00000000       ___guard_eh_cont_table     00000000     <absolute>
 0000:00000000       ___hybrid_code_map_count   00000000     <absolute>
 0000:00000000       ___guard_iat_count         00000000     <absolute>
 0000:00000000       ___x64_code_ranges_to_entry_points 00000000     <absolute>
 0000:00000000       __except_list              00000000     <absolute>
 0000:00000000       ___guard_fids_count        00000000     <absolute>
 0000:00000000       ___x64_code_ranges_to_entry_points_count 00000000     <absolute>
 0000:00000000       ___hybrid_code_map         00000000     <absolute>
 0000:00000000       ___arm64x_extra_rfe_table_size 00000000     <absolute>
 0000:00000000       ___enclave_config          00000000     <absolute>
 0000:00000000       ___guard_fids_table        00000000     <absolute>
 0000:00000000       ___guard_iat_table         00000000     <absolute>
 0000:00000000       ___hybrid_auxiliary_iat    00000000     <absolute>
 0000:00000000       ___dynamic_value_reloc_table 00000000     <absolute>
 0000:00000000       ___AbsoluteZero            00000000     <absolute>
 0000:00000007       ___safe_se_handler_count   00000007     <absolute>
 0000:0000002c       __tls_array                0000002c     <absolute>
 0000:00000100       ___guard_flags             00000100     <absolute>
 0000:00000000       ___ImageBase               10000000     <linker-defined>
 0001:00000080       ?DupWide@_CW@@AAEXXZ       10001080 f   CWString.obj
 0001:0000009c       ?cw_dup@@YGXPBDAAHAAPA_W1@Z 1000109c f   CWString.obj
 0001:00000124       ?cw_memcpy@@YGHPA_WPBDH@Z  10001124 f   CWString.obj
 0001:00000150       ?cw_strcpy@@YAHPA_WPBD@Z   10001150 f   CWString.obj
 0001:00000163       ?cw_strlen@@YAHPBD@Z       10001163 f   CWString.obj
 0001:0000017c       ??0CAtlComModule@ATL@@QAE@XZ 1000117c f i OposVariant.obj
 0001:000001c1       ??0CAtlWinModule@ATL@@QAE@XZ 100011c1 f i OposVariant.obj
 0001:000001f8       ??0OposDispParms@@QAE@PAVOposVariant@@H@Z 100011f8 f   OposVariant.obj
 0001:00000269       ??1OposDispParms@@QAE@XZ   10001269 f   OposVariant.obj
 0001:00000277       ??A?$CSimpleArray@GV?$CSimpleArrayEqualHelper@G@ATL@@@ATL@@QAEAAGH@Z 10001277 f i OposVariant.obj
 0001:0000029c       ??_Estringdispid@CComTypeInfoHolder@ATL@@QAEPAXI@Z 1000129c f i OposVariant.obj
 0001:00000308       ?AtlWinModuleInit@ATL@@YGJPAU_ATL_WIN_MODULE70@1@@Z 10001308 f i OposVariant.obj
 0001:0000032e       ?AtlWinModuleTerm@ATL@@YGJPAU_ATL_WIN_MODULE70@1@PAUHINSTANCE__@@@Z 1000132e f i OposVariant.obj
 0001:00000391       ?ChangeBSTR@OposVariant@@QAEXPAPA_WAAJ@Z 10001391 f   OposVariant.obj
 0001:000003d2       ?ChangeCURRENCY@OposVariant@@QAEXPATtagCY@@AAJ@Z 100013d2 f   OposVariant.obj
 0001:00000421       ?ChangeLONG@OposVariant@@QAEXPAJAAJ@Z 10001421 f   OposVariant.obj
 0001:00000462       ?GetLONG@OposVariant@@QAEJXZ 10001462 f   OposVariant.obj
 0001:0000047d       ?Init@CComCriticalSection@ATL@@QAEJXZ 1000147d f i OposVariant.obj
 0001:000004a5       ?RemoveAll@?$CSimpleArray@GV?$CSimpleArrayEqualHelper@G@ATL@@@ATL@@QAEXXZ 100014a5 f i OposVariant.obj
 0001:000004a5       ?RemoveAll@?$CSimpleArray@PAUHINSTANCE__@@V?$CSimpleArrayEqualHelper@PAUHINSTANCE__@@@ATL@@@ATL@@QAEXXZ 100014a5 f i atls:atlbase.obj
 0001:000004c2       ?SetBSTR@OposVariant@@QAEXPA_WAAJ@Z 100014c2 f   OposVariant.obj
 0001:000004f6       ?SetBSTR_Copy@OposVariant@@QAEXPA_WAAJ@Z 100014f6 f   OposVariant.obj
 0001:00000546       ?SetBSTR_InOutPtr@OposVariant@@QAE_NPAPA_WAAJ@Z 10001546 f   OposVariant.obj
 0001:0000057d       ?SetBSTR_OutPtr@OposVariant@@QAE_NPAPA_WAAJ@Z 1000157d f   OposVariant.obj
 0001:00000599       ?SetCURRENCY@OposVariant@@QAEXTtagCY@@@Z 10001599 f   OposVariant.obj
 0001:000005c1       ?SetDispatch_Ptr@OposVariant@@QAEXPAUIDispatch@@AAJ@Z 100015c1 f   OposVariant.obj
 0001:000005fc       ?SetLONG@OposVariant@@QAEXJ@Z 100015fc f   OposVariant.obj
 0001:0000061e       ?SetLONG_Ptr@OposVariant@@QAEXPAJAAJ@Z 1000161e f   OposVariant.obj
 0001:00000651       ?SetString@OposVariant@@QAEXPB_WAAJ@Z 10001651 f   OposVariant.obj
 0001:00000697       ?SetVARIANT_BOOL@OposVariant@@QAEXF@Z 10001697 f   OposVariant.obj
 0001:000006c1       ?Term@CAtlComModule@ATL@@QAEXXZ 100016c1 f i OposVariant.obj
 0001:0000070b       ?_AtlRaiseException@ATL@@YAXKK@Z 1000170b f i OposVariant.obj
 0001:00000720       ??_E?$CComObject@VCOPOSPINPad@@@ATL@@W3AEPAXI@Z 10001720 f i PINPad.obj
 0001:00000728       ??_E?$CComObject@VCOPOSPINPad@@@ATL@@WEM@AEPAXI@Z 10001728 f i PINPad.obj
 0001:00000730       ?QueryInterface@?$CComObject@VCOPOSPINPad@@@ATL@@WHA@AGJABU_GUID@@PAPAX@Z 10001730 f i PINPad.obj
 0001:0000073a       ?AddRef@?$CComObject@VCOPOSPINPad@@@ATL@@WHA@AGKXZ 1000173a f i PINPad.obj
 0001:00000744       ?Release@?$CComObject@VCOPOSPINPad@@@ATL@@WHA@AGKXZ 10001744 f i PINPad.obj
 0001:0000074e       ?QueryInterface@?$CComObject@VCOPOSPINPad@@@ATL@@WHE@AGJABU_GUID@@PAPAX@Z 1000174e f i PINPad.obj
 0001:00000758       ?AddRef@?$CComObject@VCOPOSPINPad@@@ATL@@WHE@AGKXZ 10001758 f i PINPad.obj
 0001:00000762       ?Release@?$CComObject@VCOPOSPINPad@@@ATL@@WHE@AGKXZ 10001762 f i PINPad.obj
 0001:0000076c       ?QueryInterface@?$CComObject@VCOPOSPINPad@@@ATL@@WHI@AGJABU_GUID@@PAPAX@Z 1000176c f i PINPad.obj
 0001:00000776       ?AddRef@?$CComObject@VCOPOSPINPad@@@ATL@@WHI@AGKXZ 10001776 f i PINPad.obj
 0001:00000780       ?Release@?$CComObject@VCOPOSPINPad@@@ATL@@WHI@AGKXZ 10001780 f i PINPad.obj
 0001:0000078a       ?QueryInterface@?$CComObject@VCOPOSPINPad@@@ATL@@WHM@AGJABU_GUID@@PAPAX@Z 1000178a f i PINPad.obj
 0001:00000794       ?AddRef@?$CComObject@VCOPOSPINPad@@@ATL@@WHM@AGKXZ 10001794 f i PINPad.obj
 0001:0000079e       ?Release@?$CComObject@VCOPOSPINPad@@@ATL@@WHM@AGKXZ 1000179e f i PINPad.obj
 0001:000007a8       ?QueryInterface@?$CComObject@VCOPOSPINPad@@@ATL@@WIA@AGJABU_GUID@@PAPAX@Z 100017a8 f i PINPad.obj
 0001:000007b5       ?AddRef@?$CComObject@VCOPOSPINPad@@@ATL@@WIA@AGKXZ 100017b5 f i PINPad.obj
 0001:000007c2       ?Release@?$CComObject@VCOPOSPINPad@@@ATL@@WIA@AGKXZ 100017c2 f i PINPad.obj
 0001:000007cf       ?QueryInterface@?$CComObject@VCOPOSPINPad@@@ATL@@WIE@AGJABU_GUID@@PAPAX@Z 100017cf f i PINPad.obj
 0001:000007dc       ?AddRef@?$CComObject@VCOPOSPINPad@@@ATL@@WIE@AGKXZ 100017dc f i PINPad.obj
 0001:000007e9       ?Release@?$CComObject@VCOPOSPINPad@@@ATL@@WIE@AGKXZ 100017e9 f i PINPad.obj
 0001:000007f6       ?QueryInterface@?$CComObject@VCOPOSPINPad@@@ATL@@WII@AGJABU_GUID@@PAPAX@Z 100017f6 f i PINPad.obj
 0001:00000803       ?AddRef@?$CComObject@VCOPOSPINPad@@@ATL@@WII@AGKXZ 10001803 f i PINPad.obj
 0001:00000810       ?Release@?$CComObject@VCOPOSPINPad@@@ATL@@WII@AGKXZ 10001810 f i PINPad.obj
 0001:0000081d       ?QueryInterface@?$CComObject@VCOPOSPINPad@@@ATL@@WIM@AGJABU_GUID@@PAPAX@Z 1000181d f i PINPad.obj
 0001:0000082a       ?AddRef@?$CComObject@VCOPOSPINPad@@@ATL@@WIM@AGKXZ 1000182a f i PINPad.obj
 0001:00000837       ?Release@?$CComObject@VCOPOSPINPad@@@ATL@@WIM@AGKXZ 10001837 f i PINPad.obj
 0001:00000844       ?QueryInterface@?$CComObject@VCOPOSPINPad@@@ATL@@WJA@AGJABU_GUID@@PAPAX@Z 10001844 f i PINPad.obj
 0001:00000851       ?AddRef@?$CComObject@VCOPOSPINPad@@@ATL@@WJA@AGKXZ 10001851 f i PINPad.obj
 0001:0000085e       ?Release@?$CComObject@VCOPOSPINPad@@@ATL@@WJA@AGKXZ 1000185e f i PINPad.obj
 0001:0000086b       ?QueryInterface@?$CComObject@VCOPOSPINPad@@@ATL@@WJE@AGJABU_GUID@@PAPAX@Z 1000186b f i PINPad.obj
 0001:00000878       ?AddRef@?$CComObject@VCOPOSPINPad@@@ATL@@WJE@AGKXZ 10001878 f i PINPad.obj
 0001:00000885       ?Release@?$CComObject@VCOPOSPINPad@@@ATL@@WJE@AGKXZ 10001885 f i PINPad.obj
 0001:00000892       ?QueryInterface@?$CComObject@VCOPOSPINPad@@@ATL@@WJI@AGJABU_GUID@@PAPAX@Z 10001892 f i PINPad.obj
 0001:0000089f       ?AddRef@?$CComObject@VCOPOSPINPad@@@ATL@@WJI@AGKXZ 1000189f f i PINPad.obj
 0001:000008ac       ?Release@?$CComObject@VCOPOSPINPad@@@ATL@@WJI@AGKXZ 100018ac f i PINPad.obj
 0001:000008b9       ?QueryInterface@?$CComObject@VCOPOSPINPad@@@ATL@@WJM@AGJABU_GUID@@PAPAX@Z 100018b9 f i PINPad.obj
 0001:000008c6       ?AddRef@?$CComObject@VCOPOSPINPad@@@ATL@@WJM@AGKXZ 100018c6 f i PINPad.obj
 0001:000008d3       ?Release@?$CComObject@VCOPOSPINPad@@@ATL@@WJM@AGKXZ 100018d3 f i PINPad.obj
 0001:000008e0       ?QueryInterface@?$CComObject@VCOPOSPINPad@@@ATL@@WKA@AGJABU_GUID@@PAPAX@Z 100018e0 f i PINPad.obj
 0001:000008ed       ?AddRef@?$CComObject@VCOPOSPINPad@@@ATL@@WKA@AGKXZ 100018ed f i PINPad.obj
 0001:000008fa       ?Release@?$CComObject@VCOPOSPINPad@@@ATL@@WKA@AGKXZ 100018fa f i PINPad.obj
 0001:00000907       ?AddRef@?$CComObject@VCOPOSPINPad@@@ATL@@WKI@AGKXZ 10001907 f i PINPad.obj
 0001:00000914       ?Release@?$CComObject@VCOPOSPINPad@@@ATL@@WKI@AGKXZ 10001914 f i PINPad.obj
 0001:00000921       ?AddRef@?$CComObject@VCOPOSPINPad@@@ATL@@WLE@AGKXZ 10001921 f i PINPad.obj
 0001:0000092e       ?Release@?$CComObject@VCOPOSPINPad@@@ATL@@WLE@AGKXZ 1000192e f i PINPad.obj
 0001:0000093b       ??_E?$CComContainedObject@VCOPOSPINPad@@@ATL@@W3AEPAXI@Z 1000193b f i PINPad.obj
 0001:00000943       ??_E?$CComContainedObject@VCOPOSPINPad@@@ATL@@WEM@AEPAXI@Z 10001943 f i PINPad.obj
 0001:0000094b       ?QueryInterface@?$CComContainedObject@VCOPOSPINPad@@@ATL@@WHA@AGJABU_GUID@@PAPAX@Z 1000194b f i PINPad.obj
 0001:00000955       ?AddRef@?$CComContainedObject@VCOPOSPINPad@@@ATL@@WHA@AGKXZ 10001955 f i PINPad.obj
 0001:0000095f       ?Release@?$CComContainedObject@VCOPOSPINPad@@@ATL@@WHA@AGKXZ 1000195f f i PINPad.obj
 0001:00000969       ?QueryInterface@?$CComContainedObject@VCOPOSPINPad@@@ATL@@WHE@AGJABU_GUID@@PAPAX@Z 10001969 f i PINPad.obj
 0001:00000973       ?AddRef@?$CComContainedObject@VCOPOSPINPad@@@ATL@@WHE@AGKXZ 10001973 f i PINPad.obj
 0001:0000097d       ?Release@?$CComContainedObject@VCOPOSPINPad@@@ATL@@WHE@AGKXZ 1000197d f i PINPad.obj
 0001:00000987       ?QueryInterface@?$CComContainedObject@VCOPOSPINPad@@@ATL@@WHI@AGJABU_GUID@@PAPAX@Z 10001987 f i PINPad.obj
 0001:00000991       ?CreateInstance@CComClassFactory@ATL@@UAGJPAUIUnknown@@ABU_GUID@@PAPAX@Z 10001991 f i PINPad.obj
 0001:000009cf       ?AddRef@?$CComContainedObject@VCOPOSPINPad@@@ATL@@WHI@AGKXZ 100019cf f i PINPad.obj
 0001:000009d9       ?Release@?$CComContainedObject@VCOPOSPINPad@@@ATL@@WHI@AGKXZ 100019d9 f i PINPad.obj
 0001:000009e3       ?LockServer@CComClassFactory@ATL@@UAGJH@Z 100019e3 f i PINPad.obj
 0001:00000a02       ?QueryInterface@?$CComContainedObject@VCOPOSPINPad@@@ATL@@WHM@AGJABU_GUID@@PAPAX@Z 10001a02 f i PINPad.obj
 0001:00000a0c       ?AddRef@?$CComContainedObject@VCOPOSPINPad@@@ATL@@WHM@AGKXZ 10001a0c f i PINPad.obj
 0001:00000a16       ?Release@?$CComContainedObject@VCOPOSPINPad@@@ATL@@WHM@AGKXZ 10001a16 f i PINPad.obj
 0001:00000a20       ?QueryInterface@?$CComContainedObject@VCOPOSPINPad@@@ATL@@WIA@AGJABU_GUID@@PAPAX@Z 10001a20 f i PINPad.obj
 0001:00000a2d       ?AddRef@?$CComContainedObject@VCOPOSPINPad@@@ATL@@WIA@AGKXZ 10001a2d f i PINPad.obj
 0001:00000a3a       ?Release@?$CComContainedObject@VCOPOSPINPad@@@ATL@@WIA@AGKXZ 10001a3a f i PINPad.obj
 0001:00000a47       ?QueryInterface@?$CComContainedObject@VCOPOSPINPad@@@ATL@@WIE@AGJABU_GUID@@PAPAX@Z 10001a47 f i PINPad.obj
 0001:00000a54       ?AddRef@?$CComContainedObject@VCOPOSPINPad@@@ATL@@WIE@AGKXZ 10001a54 f i PINPad.obj
 0001:00000a61       ?Release@?$CComContainedObject@VCOPOSPINPad@@@ATL@@WIE@AGKXZ 10001a61 f i PINPad.obj
 0001:00000a6e       ?QueryInterface@?$CComContainedObject@VCOPOSPINPad@@@ATL@@WII@AGJABU_GUID@@PAPAX@Z 10001a6e f i PINPad.obj
 0001:00000a7b       ?AddRef@?$CComContainedObject@VCOPOSPINPad@@@ATL@@WII@AGKXZ 10001a7b f i PINPad.obj
 0001:00000a88       ?Release@?$CComContainedObject@VCOPOSPINPad@@@ATL@@WII@AGKXZ 10001a88 f i PINPad.obj
 0001:00000a95       ?QueryInterface@?$CComContainedObject@VCOPOSPINPad@@@ATL@@WIM@AGJABU_GUID@@PAPAX@Z 10001a95 f i PINPad.obj
 0001:00000aa2       ??_ECComClassFactory@ATL@@UAEPAXI@Z 10001aa2 f i PINPad.obj
 0001:00000aa2       ??_GCComClassFactory@ATL@@UAEPAXI@Z 10001aa2 f i PINPad.obj
 0001:00000acd       ?AddRef@?$CComContainedObject@VCOPOSPINPad@@@ATL@@WIM@AGKXZ 10001acd f i PINPad.obj
 0001:00000ada       ?Release@?$CComContainedObject@VCOPOSPINPad@@@ATL@@WIM@AGKXZ 10001ada f i PINPad.obj
 0001:00000ae7       ?QueryInterface@?$CComContainedObject@VCOPOSPINPad@@@ATL@@WJA@AGJABU_GUID@@PAPAX@Z 10001ae7 f i PINPad.obj
 0001:00000af4       ?AddRef@?$CComContainedObject@VCOPOSPINPad@@@ATL@@WJA@AGKXZ 10001af4 f i PINPad.obj
 0001:00000b01       ?Release@?$CComContainedObject@VCOPOSPINPad@@@ATL@@WJA@AGKXZ 10001b01 f i PINPad.obj
 0001:00000b0e       ?QueryInterface@?$CComContainedObject@VCOPOSPINPad@@@ATL@@WJE@AGJABU_GUID@@PAPAX@Z 10001b0e f i PINPad.obj
 0001:00000b1b       ?AddRef@?$CComContainedObject@VCOPOSPINPad@@@ATL@@WJE@AGKXZ 10001b1b f i PINPad.obj
 0001:00000b28       ?Release@?$CComContainedObject@VCOPOSPINPad@@@ATL@@WJE@AGKXZ 10001b28 f i PINPad.obj
 0001:00000b35       ?QueryInterface@?$CComContainedObject@VCOPOSPINPad@@@ATL@@WJI@AGJABU_GUID@@PAPAX@Z 10001b35 f i PINPad.obj
 0001:00000b42       ?AddRef@?$CComContainedObject@VCOPOSPINPad@@@ATL@@WJI@AGKXZ 10001b42 f i PINPad.obj
 0001:00000b4f       ?Release@?$CComContainedObject@VCOPOSPINPad@@@ATL@@WJI@AGKXZ 10001b4f f i PINPad.obj
 0001:00000b5c       ?QueryInterface@?$CComContainedObject@VCOPOSPINPad@@@ATL@@WJM@AGJABU_GUID@@PAPAX@Z 10001b5c f i PINPad.obj
 0001:00000b69       ?AddRef@?$CComContainedObject@VCOPOSPINPad@@@ATL@@WJM@AGKXZ 10001b69 f i PINPad.obj
 0001:00000b76       ?Release@?$CComContainedObject@VCOPOSPINPad@@@ATL@@WJM@AGKXZ 10001b76 f i PINPad.obj
 0001:00000b83       ?QueryInterface@?$CComContainedObject@VCOPOSPINPad@@@ATL@@WKA@AGJABU_GUID@@PAPAX@Z 10001b83 f i PINPad.obj
 0001:00000b90       ?AddRef@?$CComContainedObject@VCOPOSPINPad@@@ATL@@WKA@AGKXZ 10001b90 f i PINPad.obj
 0001:00000b9d       ?Release@?$CComContainedObject@VCOPOSPINPad@@@ATL@@WKA@AGKXZ 10001b9d f i PINPad.obj
 0001:00000baa       ?AddRef@?$CComContainedObject@VCOPOSPINPad@@@ATL@@WKI@AGKXZ 10001baa f i PINPad.obj
 0001:00000bb7       ?Release@?$CComContainedObject@VCOPOSPINPad@@@ATL@@WKI@AGKXZ 10001bb7 f i PINPad.obj
 0001:00000bc4       ?AddRef@?$CComContainedObject@VCOPOSPINPad@@@ATL@@WLE@AGKXZ 10001bc4 f i PINPad.obj
 0001:00000bd1       ?Release@?$CComContainedObject@VCOPOSPINPad@@@ATL@@WLE@AGKXZ 10001bd1 f i PINPad.obj
 0001:00000bde       ?GetWindowProc@?$CWindowImplBaseT@VCWindow@ATL@@V?$CWinTraits@$0FGAAAAAA@$0A@@2@@ATL@@UAEP6GJPAUHWND__@@IIJ@ZXZ 10001bde f i PINPad.obj
 0001:00000be4       ?StartWindowProc@?$CWindowImplBaseT@VCWindow@ATL@@V?$CWinTraits@$0FGAAAAAA@$0A@@2@@ATL@@SGJPAUHWND__@@IIJ@Z 10001be4 f i PINPad.obj
 0001:00000c38       ?OnFinalMessage@?$CWindowImplBaseT@VCWindow@ATL@@V?$CWinTraits@$0FGAAAAAA@$0A@@2@@ATL@@UAEXPAUHWND__@@@Z 10001c38 f i PINPad.obj
 0001:00000c38       ?ObjectMain@CComObjectRootBase@ATL@@SGX_N@Z 10001c38 f i PINPad.obj
 0001:00000c3b       ?GetTypeInfoCount@?$IDispatchImpl@UIOPOSPINPad@@$1?IID_IOPOSPINPad@@3U_GUID@@B$1?LIBID_OposPINPad_CCO@@3U3@B$00$0A@VCComTypeInfoHolder@ATL@@@ATL@@UAGJPAI@Z 10001c3b f i PINPad.obj
 0001:00000c58       ?GetTypeInfo@?$IDispatchImpl@UIOPOSPINPad@@$1?IID_IOPOSPINPad@@3U_GUID@@B$1?LIBID_OposPINPad_CCO@@3U3@B$00$0A@VCComTypeInfoHolder@ATL@@@ATL@@UAGJIKPAPAUITypeInfo@@@Z 10001c58 f i PINPad.obj
 0001:00000c7c       ?GetIDsOfNames@?$IDispatchImpl@UIOPOSPINPad@@$1?IID_IOPOSPINPad@@3U_GUID@@B$1?LIBID_OposPINPad_CCO@@3U3@B$00$0A@VCComTypeInfoHolder@ATL@@@ATL@@UAGJABU_GUID@@PAPA_WIKPAJ@Z 10001c7c f i PINPad.obj
 0001:00000c9c       ?Invoke@?$IDispatchImpl@UIOPOSPINPad@@$1?IID_IOPOSPINPad@@3U_GUID@@B$1?LIBID_OposPINPad_CCO@@3U3@B$00$0A@VCComTypeInfoHolder@ATL@@@ATL@@UAGJJABU_GUID@@KGPAUtagDISPPARAMS@@PAUtagVARIANT@@PAUtagEXCEPINFO@@PAI@Z 10001c9c f i PINPad.obj
 0001:00000caa       ?CreateControlWindow@?$CComControl@VCOPOSPINPad@@V?$CWindowImpl@VCOPOSPINPad@@VCWindow@ATL@@V?$CWinTraits@$0FGAAAAAA@$0A@@3@@ATL@@@ATL@@UAEPAUHWND__@@PAU3@AAUtagRECT@@@Z 10001caa f i PINPad.obj
 0001:00000cd9       ?ControlQueryInterface@?$CComControl@VCOPOSPINPad@@V?$CWindowImpl@VCOPOSPINPad@@VCWindow@ATL@@V?$CWinTraits@$0FGAAAAAA@$0A@@3@@ATL@@@ATL@@UAEJABU_GUID@@PAPAX@Z 10001cd9 f i PINPad.obj
 0001:00000cf4       ?GetClassID@?$IPersistStorageImpl@VCOPOSPINPad@@@ATL@@UAGJPAU_GUID@@@Z 10001cf4 f i PINPad.obj
 0001:00000cf4       ?GetClassID@?$IPersistStreamInitImpl@VCOPOSPINPad@@@ATL@@UAGJPAU_GUID@@@Z 10001cf4 f i PINPad.obj
 0001:00000cf4       ?GetUserClassID@?$IOleObjectImpl@VCOPOSPINPad@@@ATL@@UAGJPAU_GUID@@@Z 10001cf4 f i PINPad.obj
 0001:00000d18       ?IsDirty@?$IPersistStreamInitImpl@VCOPOSPINPad@@@ATL@@UAGJXZ 10001d18 f i PINPad.obj
 0001:00000d37       ?Load@?$IPersistStreamInitImpl@VCOPOSPINPad@@@ATL@@UAGJPAUIStream@@@Z 10001d37 f i PINPad.obj
 0001:00000d56       ?Save@?$IPersistStreamInitImpl@VCOPOSPINPad@@@ATL@@UAGJPAUIStream@@H@Z 10001d56 f i PINPad.obj
 0001:00000d78       ?GetSizeMax@?$IPersistStreamInitImpl@VCOPOSPINPad@@@ATL@@UAGJPAT_ULARGE_INTEGER@@@Z 10001d78 f i PINPad.obj
 0001:00000f57       ?InitNew@?$IPersistStreamInitImpl@VCOPOSPINPad@@@ATL@@UAGJXZ 10001f57 f i PINPad.obj
 0001:00000f74       ?OnMnemonic@?$IOleControlImpl@VCOPOSPINPad@@@ATL@@UAGJPAUtagMSG@@@Z 10001f74 f i PINPad.obj
 0001:00000f74       ?GetControlInfo@?$IOleControlImpl@VCOPOSPINPad@@@ATL@@UAGJPAUtagCONTROLINFO@@@Z 10001f74 f i PINPad.obj
 0001:00000f74       ?GetDropTarget@?$IOleInPlaceObjectWindowlessImpl@VCOPOSPINPad@@@ATL@@UAGJPAPAUIDropTarget@@@Z 10001f74 f i PINPad.obj
 0001:00000f74       ?SetColorScheme@?$IOleObjectImpl@VCOPOSPINPad@@@ATL@@UAGJPAUtagLOGPALETTE@@@Z 10001f74 f i PINPad.obj
 0001:00000f74       ?ContextSensitiveHelp@?$IOleInPlaceActiveObjectImpl@VCOPOSPINPad@@@ATL@@UAGJH@Z 10001f74 f i PINPad.obj
 0001:00000f74       ?SOOutputCompleteDummy@COPOSPINPad@@MAGJJ@Z 10001f74 f i PINPad.obj
 0001:00000f74       ?ContextSensitiveHelp@?$IOleInPlaceObjectWindowlessImpl@VCOPOSPINPad@@@ATL@@UAGJH@Z 10001f74 f i PINPad.obj
 0001:00000f74       ?Unfreeze@?$IViewObjectExImpl@VCOPOSPINPad@@@ATL@@UAGJK@Z 10001f74 f i PINPad.obj
 0001:00000f74       ?QueryGetData@?$IDataObjectImpl@VCOPOSPINPad@@@ATL@@UAGJPAUtagFORMATETC@@@Z 10001f74 f i PINPad.obj
 0001:00000f7c       ?EnableModeless@?$IOleInPlaceActiveObjectImpl@VCOPOSPINPad@@@ATL@@UAGJH@Z 10001f7c f i PINPad.obj
 0001:00000f7c       ?OnFrameWindowActivate@?$IOleInPlaceActiveObjectImpl@VCOPOSPINPad@@@ATL@@UAGJH@Z 10001f7c f i PINPad.obj
 0001:00000f7c       ?OnAmbientPropertyChange@?$IOleControlImpl@VCOPOSPINPad@@@ATL@@UAGJJ@Z 10001f7c f i PINPad.obj
 0001:00000f7c       ?SaveCompleted@?$IPersistStorageImpl@VCOPOSPINPad@@@ATL@@UAGJPAUIStorage@@@Z 10001f7c f i PINPad.obj
 0001:00000f81       ?SetClientSite@?$IOleObjectImpl@VCOPOSPINPad@@@ATL@@UAGJPAUIOleClientSite@@@Z 10001f81 f i PINPad.obj
 0001:00000f9e       ?GetClientSite@?$IOleObjectImpl@VCOPOSPINPad@@@ATL@@UAGJPAPAUIOleClientSite@@@Z 10001f9e f i PINPad.obj
 0001:00000fbb       ?SetHostNames@?$IOleObjectImpl@VCOPOSPINPad@@@ATL@@UAGJPB_W0@Z 10001fbb f i PINPad.obj
 0001:00000fc0       ?Close@?$IOleObjectImpl@VCOPOSPINPad@@@ATL@@UAGJK@Z 10001fc0 f i PINPad.obj
 0001:00000fdd       ?GetClipboardData@?$IOleObjectImpl@VCOPOSPINPad@@@ATL@@UAGJKPAPAUIDataObject@@@Z 10001fdd f i PINPad.obj
 0001:00000fdd       ?QueryInterface@CRegObject@ATL@@UAGJABU_GUID@@PAPAX@Z 10001fdd f i PINPad.obj
 0001:00000fdd       ?EnumFormatEtc@?$IDataObjectImpl@VCOPOSPINPad@@@ATL@@UAGJKPAPAUIEnumFORMATETC@@@Z 10001fdd f i PINPad.obj
 0001:00000fdd       ?GetCanonicalFormatEtc@?$IDataObjectImpl@VCOPOSPINPad@@@ATL@@UAGJPAUtagFORMATETC@@0@Z 10001fdd f i PINPad.obj
 0001:00000fdd       ?GetRect@?$IViewObjectExImpl@VCOPOSPINPad@@@ATL@@UAGJKPAU_RECTL@@@Z 10001fdd f i PINPad.obj
 0001:00000fdd       ?GetDataHere@?$IDataObjectImpl@VCOPOSPINPad@@@ATL@@UAGJPAUtagFORMATETC@@PAUtagSTGMEDIUM@@@Z 10001fdd f i PINPad.obj
 0001:00000fdd       ?SetMoniker@?$IOleObjectImpl@VCOPOSPINPad@@@ATL@@UAGJKPAUIMoniker@@@Z 10001fdd f i PINPad.obj
 0001:00000fe5       ?SetData@?$IDataObjectImpl@VCOPOSPINPad@@@ATL@@UAGJPAUtagFORMATETC@@PAUtagSTGMEDIUM@@H@Z 10001fe5 f i PINPad.obj
 0001:00000fe5       ?GetMoniker@?$IOleObjectImpl@VCOPOSPINPad@@@ATL@@UAGJKKPAPAUIMoniker@@@Z 10001fe5 f i PINPad.obj
 0001:00000fe5       ?InitFromData@?$IOleObjectImpl@VCOPOSPINPad@@@ATL@@UAGJPAUIDataObject@@HK@Z 10001fe5 f i PINPad.obj
 0001:00000fed       ?DoVerb@?$IOleObjectImpl@VCOPOSPINPad@@@ATL@@UAGJJPAUtagMSG@@PAUIOleClientSite@@JPAUHWND__@@PBUtagRECT@@@Z 10001fed f i PINPad.obj
 0001:000010e1       ?EnumVerbs@?$IOleObjectImpl@VCOPOSPINPad@@@ATL@@UAGJPAPAUIEnumOLEVERB@@@Z 100020e1 f i PINPad.obj
 0001:00001103       ?IsUpToDate@?$IOleObjectImpl@VCOPOSPINPad@@@ATL@@UAGJXZ 10002103 f i PINPad.obj
 0001:00001103       ?Release@CRegObject@ATL@@UAGKXZ 10002103 f i PINPad.obj
 0001:00001103       ?Update@?$IOleObjectImpl@VCOPOSPINPad@@@ATL@@UAGJXZ 10002103 f i PINPad.obj
 0001:00001103       ?HandsOffStorage@?$IPersistStorageImpl@VCOPOSPINPad@@@ATL@@UAGJXZ 10002103 f i PINPad.obj
 0001:00001108       ?GetUserType@?$IOleObjectImpl@VCOPOSPINPad@@@ATL@@UAGJKPAPA_W@Z 10002108 f i PINPad.obj
 0001:00001120       ?SetExtent@?$IOleObjectImpl@VCOPOSPINPad@@@ATL@@UAGJKPAUtagSIZE@@@Z 10002120 f i PINPad.obj
 0001:00001140       ?GetExtent@?$IOleObjectImpl@VCOPOSPINPad@@@ATL@@UAGJKPAUtagSIZE@@@Z 10002140 f i PINPad.obj
 0001:0000117e       ?Advise@?$IOleObjectImpl@VCOPOSPINPad@@@ATL@@UAGJPAUIAdviseSink@@PAK@Z 1000217e f i PINPad.obj
 0001:0000119e       ?Unadvise@?$IOleObjectImpl@VCOPOSPINPad@@@ATL@@UAGJK@Z 1000219e f i PINPad.obj
 0001:000011cd       ?EnumAdvise@?$IOleObjectImpl@VCOPOSPINPad@@@ATL@@UAGJPAPAUIEnumSTATDATA@@@Z 100021cd f i PINPad.obj
 0001:0000120d       ?GetMiscStatus@?$IOleObjectImpl@VCOPOSPINPad@@@ATL@@UAGJKPAK@Z 1000220d f i PINPad.obj
 0001:00001225       ?GetWindow@?$IOleInPlaceActiveObjectImpl@VCOPOSPINPad@@@ATL@@UAGJPAPAUHWND__@@@Z 10002225 f i PINPad.obj
 0001:00001272       ?TranslateAcceleratorW@?$IOleInPlaceActiveObjectImpl@VCOPOSPINPad@@@ATL@@UAGJPAUtagMSG@@@Z 10002272 f i PINPad.obj
 0001:00001320       ?OnDocWindowActivate@?$IOleInPlaceActiveObjectImpl@VCOPOSPINPad@@@ATL@@UAGJH@Z 10002320 f i PINPad.obj
 0001:00001342       ?ResizeBorder@?$IOleInPlaceActiveObjectImpl@VCOPOSPINPad@@@ATL@@UAGJPBUtagRECT@@PAUIOleInPlaceUIWindow@@H@Z 10002342 f i PINPad.obj
 0001:00001347       ?Draw@?$IViewObjectExImpl@VCOPOSPINPad@@@ATL@@UAGJKJPAXPAUtagDVTARGETDEVICE@@PAUHDC__@@2PBU_RECTL@@3P6GHK@ZK@Z 10002347 f i PINPad.obj
 0001:00001379       ?GetColorSet@?$IViewObjectExImpl@VCOPOSPINPad@@@ATL@@UAGJKJPAXPAUtagDVTARGETDEVICE@@PAUHDC__@@PAPAUtagLOGPALETTE@@@Z 10002379 f i PINPad.obj
 0001:00001381       ?Freeze@?$IViewObjectExImpl@VCOPOSPINPad@@@ATL@@UAGJKJPAXPAK@Z 10002381 f i PINPad.obj
 0001:00001389       ?SetAdvise@?$IViewObjectExImpl@VCOPOSPINPad@@@ATL@@UAGJKKPAUIAdviseSink@@@Z 10002389 f i PINPad.obj
 0001:000013a8       ?GetAdvise@?$IViewObjectExImpl@VCOPOSPINPad@@@ATL@@UAGJPAK0PAPAUIAdviseSink@@@Z 100023a8 f i PINPad.obj
 0001:000013dd       ?GetExtent@?$IViewObjectExImpl@VCOPOSPINPad@@@ATL@@UAGJKJPAUtagDVTARGETDEVICE@@PAUtagSIZE@@@Z 100023dd f i PINPad.obj
 0001:0000140e       ?GetViewStatus@?$IViewObjectExImpl@VCOPOSPINPad@@@ATL@@UAGJPAK@Z 1000240e f i PINPad.obj
 0001:0000142b       ?QueryHitPoint@?$IViewObjectExImpl@VCOPOSPINPad@@@ATL@@UAGJKPBUtagRECT@@UtagPOINT@@JPAK@Z 1000242b f i PINPad.obj
 0001:0000146c       ?QueryHitRect@?$IViewObjectExImpl@VCOPOSPINPad@@@ATL@@UAGJKPBUtagRECT@@0JPAK@Z 1000246c f i PINPad.obj
 0001:000014c7       ?GetNaturalExtent@?$IViewObjectExImpl@VCOPOSPINPad@@@ATL@@UAGJKJPAUtagDVTARGETDEVICE@@PAUHDC__@@PAUtagExtentInfo@@PAUtagSIZE@@@Z 100024c7 f i PINPad.obj
 0001:00001512       ?GetWindow@?$IOleInPlaceObjectWindowlessImpl@VCOPOSPINPad@@@ATL@@UAGJPAPAUHWND__@@@Z 10002512 f i PINPad.obj
 0001:0000155f       ?InPlaceDeactivate@?$IOleInPlaceObjectWindowlessImpl@VCOPOSPINPad@@@ATL@@UAGJXZ 1000255f f i PINPad.obj
 0001:00001579       ?UIDeactivate@?$IOleInPlaceObjectWindowlessImpl@VCOPOSPINPad@@@ATL@@UAGJXZ 10002579 f i PINPad.obj
 0001:00001593       ?SetObjectRects@?$IOleInPlaceObjectWindowlessImpl@VCOPOSPINPad@@@ATL@@UAGJPBUtagRECT@@0@Z 10002593 f i PINPad.obj
 0001:000015b3       ?ReactivateAndUndo@?$IOleInPlaceObjectWindowlessImpl@VCOPOSPINPad@@@ATL@@UAGJXZ 100025b3 f i PINPad.obj
 0001:000015bb       ?OnWindowMessage@?$IOleInPlaceObjectWindowlessImpl@VCOPOSPINPad@@@ATL@@UAGJIIJPAJ@Z 100025bb f i PINPad.obj
 0001:0000162b       ?EnumConnectionPoints@?$IConnectionPointContainerImpl@VCOPOSPINPad@@@ATL@@UAGJPAPAUIEnumConnectionPoints@@@Z 1000262b f i PINPad.obj
 0001:000017b7       ?FindConnectionPoint@?$IConnectionPointContainerImpl@VCOPOSPINPad@@@ATL@@UAGJABU_GUID@@PAPAUIConnectionPoint@@@Z 100027b7 f i PINPad.obj
 0001:0000185a       ?IsDirty@?$IPersistStorageImpl@VCOPOSPINPad@@@ATL@@UAGJXZ 1000285a f i PINPad.obj
 0001:0000188a       ?InitNew@?$IPersistStorageImpl@VCOPOSPINPad@@@ATL@@UAGJPAUIStorage@@@Z 1000288a f i PINPad.obj
 0001:000018ba       ?Load@?$IPersistStorageImpl@VCOPOSPINPad@@@ATL@@UAGJPAUIStorage@@@Z 100028ba f i PINPad.obj
 0001:00001926       ?Save@?$IPersistStorageImpl@VCOPOSPINPad@@@ATL@@UAGJPAUIStorage@@H@Z 10002926 f i PINPad.obj
 0001:00001999       ?GetPages@?$ISpecifyPropertyPagesImpl@VCOPOSPINPad@@@ATL@@UAGJPAUtagCAUUID@@@Z 10002999 f i PINPad.obj
 0001:000019b0       ?QuickActivate@?$IQuickActivateImpl@VCOPOSPINPad@@@ATL@@UAGJPAUtagQACONTAINER@@PAUtagQACONTROL@@@Z 100029b0 f i PINPad.obj
 0001:000019d3       ?SetContentExtent@?$IQuickActivateImpl@VCOPOSPINPad@@@ATL@@UAGJPAUtagSIZE@@@Z 100029d3 f i PINPad.obj
 0001:000019ff       ?GetContentExtent@?$IQuickActivateImpl@VCOPOSPINPad@@@ATL@@UAGJPAUtagSIZE@@@Z 100029ff f i PINPad.obj
 0001:00001a3b       ?GetData@?$IDataObjectImpl@VCOPOSPINPad@@@ATL@@UAGJPAUtagFORMATETC@@PAUtagSTGMEDIUM@@@Z 10002a3b f i PINPad.obj
 0001:00001a5e       ?DAdvise@?$IDataObjectImpl@VCOPOSPINPad@@@ATL@@UAGJPAUtagFORMATETC@@KPAUIAdviseSink@@PAK@Z 10002a5e f i PINPad.obj
 0001:00001a9f       ?DUnadvise@?$IDataObjectImpl@VCOPOSPINPad@@@ATL@@UAGJK@Z 10002a9f f i PINPad.obj
 0001:00001acd       ?EnumDAdvise@?$IDataObjectImpl@VCOPOSPINPad@@@ATL@@UAGJPAPAUIEnumSTATDATA@@@Z 10002acd f i PINPad.obj
 0001:00001b0c       ?GetClassInfoW@?$IProvideClassInfo2Impl@$1?CLSID_OPOSPINPad@@3U_GUID@@B$1?DIID__IOPOSPINPadEvents@@3U2@B$1?LIBID_OposPINPad_CCO@@3U2@B$00$0A@VCComTypeInfoHolder@ATL@@@ATL@@UAGJPAPAUITypeInfo@@@Z 10002b0c f i PINPad.obj
 0001:00001b22       ?GetGUID@?$IProvideClassInfo2Impl@$1?CLSID_OPOSPINPad@@3U_GUID@@B$1?DIID__IOPOSPINPadEvents@@3U2@B$1?LIBID_OposPINPad_CCO@@3U2@B$00$0A@VCComTypeInfoHolder@ATL@@@ATL@@UAGJKPAU_GUID@@@Z 10002b22 f i PINPad.obj
 0001:00001b60       ?FAccessAllowed@?$IObjectSafetyImpl@VCOPOSPINPad@@$02@ATL@@MAEHXZ 10002b60 f i PINPad.obj
 0001:00001b60       __get_startup_argv_mode    10002b60 f i LIBCMT:argv_mode.obj
 0001:00001b64       ?GetInterfaceSafetyOptions@?$IObjectSafetyImpl@VCOPOSPINPad@@$02@ATL@@UAGJABU_GUID@@PAK1@Z 10002b64 f i PINPad.obj
 0001:00001bd8       ?SetInterfaceSafetyOptions@?$IObjectSafetyImpl@VCOPOSPINPad@@$02@ATL@@UAGJABU_GUID@@KK@Z 10002bd8 f i PINPad.obj
 0001:00001c52       ?_LocCPQueryInterface@?$IConnectionPointImpl@VCOPOSPINPad@@$1?IID_IPropertyNotifySink@@3U_GUID@@BVCComDynamicUnkArray@ATL@@@ATL@@UAGJABU_GUID@@PAPAX@Z 10002c52 f i PINPad.obj
 0001:00001c52       ?_LocCPQueryInterface@?$IConnectionPointImpl@VCOPOSPINPad@@$1?DIID__IOPOSPINPadEvents@@3U_GUID@@BVCComDynamicUnkArray@ATL@@@ATL@@UAGJABU_GUID@@PAPAX@Z 10002c52 f i PINPad.obj
 0001:00001c9f       ?GetConnectionInterface@?$IConnectionPointImpl@VCOPOSPINPad@@$1?IID_IPropertyNotifySink@@3U_GUID@@BVCComDynamicUnkArray@ATL@@@ATL@@UAGJPAU_GUID@@@Z 10002c9f f i PINPad.obj
 0001:00001cc3       ?GetConnectionPointContainer@?$IConnectionPointImpl@VCOPOSPINPad@@$1?IID_IPropertyNotifySink@@3U_GUID@@BVCComDynamicUnkArray@ATL@@@ATL@@UAGJPAPAUIConnectionPointContainer@@@Z 10002cc3 f i PINPad.obj
 0001:00001ce6       ?Advise@?$IConnectionPointImpl@VCOPOSPINPad@@$1?IID_IPropertyNotifySink@@3U_GUID@@BVCComDynamicUnkArray@ATL@@@ATL@@UAGJPAUIUnknown@@PAK@Z 10002ce6 f i PINPad.obj
 0001:00001ce6       ?Advise@?$IConnectionPointImpl@VCOPOSPINPad@@$1?DIID__IOPOSPINPadEvents@@3U_GUID@@BVCComDynamicUnkArray@ATL@@@ATL@@UAGJPAUIUnknown@@PAK@Z 10002ce6 f i PINPad.obj
 0001:00001d86       ?Unadvise@?$IConnectionPointImpl@VCOPOSPINPad@@$1?DIID__IOPOSPINPadEvents@@3U_GUID@@BVCComDynamicUnkArray@ATL@@@ATL@@UAGJK@Z 10002d86 f i PINPad.obj
 0001:00001d86       ?Unadvise@?$IConnectionPointImpl@VCOPOSPINPad@@$1?IID_IPropertyNotifySink@@3U_GUID@@BVCComDynamicUnkArray@ATL@@@ATL@@UAGJK@Z 10002d86 f i PINPad.obj
 0001:00001dc6       ?EnumConnections@?$IConnectionPointImpl@VCOPOSPINPad@@$1?IID_IPropertyNotifySink@@3U_GUID@@BVCComDynamicUnkArray@ATL@@@ATL@@UAGJPAPAUIEnumConnections@@@Z 10002dc6 f i PINPad.obj
 0001:00001dc6       ?EnumConnections@?$IConnectionPointImpl@VCOPOSPINPad@@$1?DIID__IOPOSPINPadEvents@@3U_GUID@@BVCComDynamicUnkArray@ATL@@@ATL@@UAGJPAPAUIEnumConnections@@@Z 10002dc6 f i PINPad.obj
 0001:00001ec1       ?GetObjectDescription@?$CComCoClass@VCOPOSPINPad@@$1?CLSID_OPOSPINPad@@3U_GUID@@B@ATL@@SGPB_WXZ 10002ec1 f i PINPad.obj
 0001:00001ec1       ?GetCategoryMap@CComObjectRootBase@ATL@@SAPBU_ATL_CATMAP_ENTRY@2@XZ 10002ec1 f i PINPad.obj
 0001:00001ec4       ?GetConnectionInterface@?$IConnectionPointImpl@VCOPOSPINPad@@$1?DIID__IOPOSPINPadEvents@@3U_GUID@@BVCComDynamicUnkArray@ATL@@@ATL@@UAGJPAU_GUID@@@Z 10002ec4 f i PINPad.obj
 0001:00001ee8       ?GetConnectionPointContainer@?$IConnectionPointImpl@VCOPOSPINPad@@$1?DIID__IOPOSPINPadEvents@@3U_GUID@@BVCComDynamicUnkArray@ATL@@@ATL@@UAGJPAPAUIConnectionPointContainer@@@Z 10002ee8 f i PINPad.obj
 0001:00001f0b       ?Lock@CAtlModule@ATL@@UAEJXZ 10002f0b f i PINPad.obj
 0001:00001f15       ?Unlock@CAtlModule@ATL@@UAEJXZ 10002f15 f i PINPad.obj
 0001:00001f1f       ?GetLockCount@CAtlModule@ATL@@UAEJXZ 10002f1f f i PINPad.obj
 0001:00001f23       ?GetGITPtr@CAtlModule@ATL@@UAEJPAPAUIGlobalInterfaceTable@@@Z 10002f23 f i PINPad.obj
 0001:00001f6f       ?UpdateRegistry@COPOSPINPad@@SGJH@Z 10002f6f f i PINPad.obj
 0001:00001f87       ?ProcessWindowMessage@COPOSPINPad@@UAEHPAUHWND__@@IIJAAJK@Z 10002f87 f i PINPad.obj
 0001:00001fd0       ?SOData@COPOSPINPad@@MAGJJ@Z 10002fd0 f i PINPad.obj
 0001:00002009       ?SODirectIO@COPOSPINPad@@MAGJJPAJPAPA_W@Z 10003009 f i PINPad.obj
 0001:00002052       ?SOError@COPOSPINPad@@MAGJJJJPAJ@Z 10003052 f i PINPad.obj
 0001:000020a7       ?SOStatusUpdate@COPOSPINPad@@MAGJJ@Z 100030a7 f i PINPad.obj
 0001:000020e0       ?AddCommonRGSReplacements@?$CAtlModuleT@VCComModule@ATL@@@ATL@@UAEJPAUIRegistrarBase@@@Z 100030e0 f i PINPad.obj
 0001:000020fa       ?UpdateRegistryFromResourceD@CComModule@ATL@@UAGJPB_WHPAU_ATL_REGMAP_ENTRY@2@@Z 100030fa f i PINPad.obj
 0001:000020fa       ?UpdateRegistryFromResourceD@CComModule@ATL@@UAGJIHPAU_ATL_REGMAP_ENTRY@2@@Z 100030fa f i PINPad.obj
 0001:00002102       ?UpdateRegistryFromResource@CComModule@ATL@@UAGJPB_WHPAU_ATL_REGMAP_ENTRY@2@@Z 10003102 f i PINPad.obj
 0001:0000210b       ?UpdateRegistryFromResource@CComModule@ATL@@UAGJIHPAU_ATL_REGMAP_ENTRY@2@@Z 1000310b f i PINPad.obj
 0001:00002114       ??_GCComModule@ATL@@UAEPAXI@Z 10003114 f i PINPad.obj
 0001:00002114       ??_ECComModule@ATL@@UAEPAXI@Z 10003114 f i PINPad.obj
 0001:0000213c       ?CreateInstance@?$CComCreator@V?$CComObjectCached@VCComClassFactory@ATL@@@ATL@@@ATL@@SGJPAXABU_GUID@@PAPAX@Z 1000313c f i PINPad.obj
 0001:000021dc       ?CreateInstance@?$CComCreator2@V?$CComCreator@V?$CComObject@VCOPOSPINPad@@@ATL@@@ATL@@V?$CComCreator@V?$CComAggObject@VCOPOSPINPad@@@ATL@@@2@@ATL@@SGJPAXABU_GUID@@PAPAX@Z 100031dc f i PINPad.obj
 0001:000021fc       ?AddRef@?$CComObjectCached@VCComClassFactory@ATL@@@ATL@@UAGKXZ 100031fc f i PINPad.obj
 0001:00002223       ?Release@?$CComObjectCached@VCComClassFactory@ATL@@@ATL@@UAGKXZ 10003223 f i PINPad.obj
 0001:00002259       ?QueryInterface@?$CComObjectCached@VCComClassFactory@ATL@@@ATL@@UAGJABU_GUID@@PAPAX@Z 10003259 f i PINPad.obj
 0001:00002273       ??_E?$CComObjectCached@VCComClassFactory@ATL@@@ATL@@UAEPAXI@Z 10003273 f i PINPad.obj
 0001:00002273       ??_G?$CComObjectCached@VCComClassFactory@ATL@@@ATL@@UAEPAXI@Z 10003273 f i PINPad.obj
 0001:00002295       ?Next@?$CComEnumImpl@UIEnumConnectionPoints@@$1?_GUID_b196b285_bab4_101a_b69c_00aa00341d07@@3U__s_GUID@@BPAUIConnectionPoint@@V?$_CopyInterface@UIConnectionPoint@@@ATL@@@ATL@@UAGJKPAPAUIConnectionPoint@@PAK@Z 10003295 f i PINPad.obj
 0001:0000236c       ?Skip@?$CComEnumImpl@UIEnumConnectionPoints@@$1?_GUID_b196b285_bab4_101a_b69c_00aa00341d07@@3U__s_GUID@@BPAUIConnectionPoint@@V?$_CopyInterface@UIConnectionPoint@@@ATL@@@ATL@@UAGJK@Z 1000336c f i PINPad.obj
 0001:00002399       ?Reset@?$CComEnumImpl@UIEnumConnections@@$1?_GUID_b196b287_bab4_101a_b69c_00aa00341d07@@3U__s_GUID@@BUtagCONNECTDATA@@V?$_Copy@UtagCONNECTDATA@@@ATL@@@ATL@@UAGJXZ 10003399 f i PINPad.obj
 0001:00002399       ?Reset@?$CComEnumImpl@UIEnumConnectionPoints@@$1?_GUID_b196b285_bab4_101a_b69c_00aa00341d07@@3U__s_GUID@@BPAUIConnectionPoint@@V?$_CopyInterface@UIConnectionPoint@@@ATL@@@ATL@@UAGJXZ 10003399 f i PINPad.obj
 0001:000023ab       ?Clone@?$CComEnumImpl@UIEnumConnectionPoints@@$1?_GUID_b196b285_bab4_101a_b69c_00aa00341d07@@3U__s_GUID@@BPAUIConnectionPoint@@V?$_CopyInterface@UIConnectionPoint@@@ATL@@@ATL@@UAGJPAPAUIEnumConnectionPoints@@@Z 100033ab f i PINPad.obj
 0001:0000248c       ?AddRef@?$CComObject@V?$CComEnum@UIEnumConnectionPoints@@$1?_GUID_b196b285_bab4_101a_b69c_00aa00341d07@@3U__s_GUID@@BPAUIConnectionPoint@@V?$_CopyInterface@UIConnectionPoint@@@ATL@@VCComSingleThreadModel@6@@ATL@@@ATL@@UAGKXZ 1000348c f i PINPad.obj
 0001:0000248c       ?AddRef@?$CComObject@V?$CComEnum@UIEnumConnections@@$1?_GUID_b196b287_bab4_101a_b69c_00aa00341d07@@3U__s_GUID@@BUtagCONNECTDATA@@V?$_Copy@UtagCONNECTDATA@@@ATL@@VCComSingleThreadModel@6@@ATL@@@ATL@@UAGKXZ 1000348c f i PINPad.obj
 0001:0000249d       ?Release@?$CComObject@V?$CComEnum@UIEnumConnectionPoints@@$1?_GUID_b196b285_bab4_101a_b69c_00aa00341d07@@3U__s_GUID@@BPAUIConnectionPoint@@V?$_CopyInterface@UIConnectionPoint@@@ATL@@VCComSingleThreadModel@6@@ATL@@@ATL@@UAGKXZ 1000349d f i PINPad.obj
 0001:0000249d       ?Release@?$CComObject@V?$CComEnum@UIEnumConnections@@$1?_GUID_b196b287_bab4_101a_b69c_00aa00341d07@@3U__s_GUID@@BUtagCONNECTDATA@@V?$_Copy@UtagCONNECTDATA@@@ATL@@VCComSingleThreadModel@6@@ATL@@@ATL@@UAGKXZ 1000349d f i PINPad.obj
 0001:000024d9       ?QueryInterface@?$CComObject@V?$CComEnum@UIEnumConnectionPoints@@$1?_GUID_b196b285_bab4_101a_b69c_00aa00341d07@@3U__s_GUID@@BPAUIConnectionPoint@@V?$_CopyInterface@UIConnectionPoint@@@ATL@@VCComSingleThreadModel@6@@ATL@@@ATL@@UAGJABU_GUID@@PAPAX@Z 100034d9 f i PINPad.obj
 0001:000024f3       ??_G?$CComObject@V?$CComEnum@UIEnumConnectionPoints@@$1?_GUID_b196b285_bab4_101a_b69c_00aa00341d07@@3U__s_GUID@@BPAUIConnectionPoint@@V?$_CopyInterface@UIConnectionPoint@@@ATL@@VCComSingleThreadModel@6@@ATL@@@ATL@@UAEPAXI@Z 100034f3 f i PINPad.obj
 0001:000024f3       ??_E?$CComObject@V?$CComEnum@UIEnumConnectionPoints@@$1?_GUID_b196b285_bab4_101a_b69c_00aa00341d07@@3U__s_GUID@@BPAUIConnectionPoint@@V?$_CopyInterface@UIConnectionPoint@@@ATL@@VCComSingleThreadModel@6@@ATL@@@ATL@@UAEPAXI@Z 100034f3 f i PINPad.obj
 0001:00002515       ?AddRef@CRegObject@ATL@@UAGKXZ 10003515 f i PINPad.obj
 0001:0000251b       ?AddReplacement@CRegObject@ATL@@UAGJPB_W0@Z 1000351b f i PINPad.obj
 0001:00002554       ?ClearReplacements@CRegObject@ATL@@UAGJXZ 10003554 f i PINPad.obj
 0001:00002566       ??_ECRegObject@ATL@@UAEPAXI@Z 10003566 f i PINPad.obj
 0001:00002566       ??_GCRegObject@ATL@@UAEPAXI@Z 10003566 f i PINPad.obj
 0001:00002588       ?AddRef@?$CComAggObject@VCOPOSPINPad@@@ATL@@UAGKXZ 10003588 f i PINPad.obj
 0001:00002599       ?Release@?$CComAggObject@VCOPOSPINPad@@@ATL@@UAGKXZ 10003599 f i PINPad.obj
 0001:000025d5       ?QueryInterface@?$CComAggObject@VCOPOSPINPad@@@ATL@@UAGJABU_GUID@@PAPAX@Z 100035d5 f i PINPad.obj
 0001:00002624       ?AddRef@?$CComContainedObject@VCOPOSPINPad@@@ATL@@UAGKXZ 10003624 f i PINPad.obj
 0001:0000263a       ?Release@?$CComContainedObject@VCOPOSPINPad@@@ATL@@UAGKXZ 1000363a f i PINPad.obj
 0001:00002650       ?QueryInterface@?$CComContainedObject@VCOPOSPINPad@@@ATL@@UAGJABU_GUID@@PAPAX@Z 10003650 f i PINPad.obj
 0001:0000266b       ??_E?$CComAggObject@VCOPOSPINPad@@@ATL@@UAEPAXI@Z 1000366b f i PINPad.obj
 0001:0000266b       ??_G?$CComAggObject@VCOPOSPINPad@@@ATL@@UAEPAXI@Z 1000366b f i PINPad.obj
 0001:00002690       ?AddRef@?$CComObject@VCOPOSPINPad@@@ATL@@UAGKXZ 10003690 f i PINPad.obj
 0001:000026a7       ?Release@?$CComObject@VCOPOSPINPad@@@ATL@@UAGKXZ 100036a7 f i PINPad.obj
 0001:000026e9       ?QueryInterface@?$CComObject@VCOPOSPINPad@@@ATL@@UAGJABU_GUID@@PAPAX@Z 100036e9 f i PINPad.obj
 0001:00002703       ?OnDrawAdvanced@CComControlBase@ATL@@UAEJAAUATL_DRAWINFO@@@Z 10003703 f i PINPad.obj
 0001:000027f6       ?Next@?$CComEnumImpl@UIEnumConnections@@$1?_GUID_b196b287_bab4_101a_b69c_00aa00341d07@@3U__s_GUID@@BUtagCONNECTDATA@@V?$_Copy@UtagCONNECTDATA@@@ATL@@@ATL@@UAGJKPAUtagCONNECTDATA@@PAK@Z 100037f6 f i PINPad.obj
 0001:000028cd       ?Skip@?$CComEnumImpl@UIEnumConnections@@$1?_GUID_b196b287_bab4_101a_b69c_00aa00341d07@@3U__s_GUID@@BUtagCONNECTDATA@@V?$_Copy@UtagCONNECTDATA@@@ATL@@@ATL@@UAGJK@Z 100038cd f i PINPad.obj
 0001:000028fa       ?Clone@?$CComEnumImpl@UIEnumConnections@@$1?_GUID_b196b287_bab4_101a_b69c_00aa00341d07@@3U__s_GUID@@BUtagCONNECTDATA@@V?$_Copy@UtagCONNECTDATA@@@ATL@@@ATL@@UAGJPAPAUIEnumConnections@@@Z 100038fa f i PINPad.obj
 0001:000029db       ?QueryInterface@?$CComObject@V?$CComEnum@UIEnumConnections@@$1?_GUID_b196b287_bab4_101a_b69c_00aa00341d07@@3U__s_GUID@@BUtagCONNECTDATA@@V?$_Copy@UtagCONNECTDATA@@@ATL@@VCComSingleThreadModel@6@@ATL@@@ATL@@UAGJABU_GUID@@PAPAX@Z 100039db f i PINPad.obj
 0001:000029f5       ??_G?$CComObject@V?$CComEnum@UIEnumConnections@@$1?_GUID_b196b287_bab4_101a_b69c_00aa00341d07@@3U__s_GUID@@BUtagCONNECTDATA@@V?$_Copy@UtagCONNECTDATA@@@ATL@@VCComSingleThreadModel@6@@ATL@@@ATL@@UAEPAXI@Z 100039f5 f i PINPad.obj
 0001:000029f5       ??_E?$CComObject@V?$CComEnum@UIEnumConnections@@$1?_GUID_b196b287_bab4_101a_b69c_00aa00341d07@@3U__s_GUID@@BUtagCONNECTDATA@@V?$_Copy@UtagCONNECTDATA@@@ATL@@VCComSingleThreadModel@6@@ATL@@@ATL@@UAEPAXI@Z 100039f5 f i PINPad.obj
 0001:00002a17       ??$?4UITypeInfo2@@@?$CComPtr@UITypeInfo@@@ATL@@QAEPAUITypeInfo@@ABV?$CComPtr@UITypeInfo2@@@1@@Z 10003a17 f i PINPad.obj
 0001:00002a44       ??$AtlAdd@K@ATL@@YAJPAKKK@Z 10003a44 f i PINPad.obj
 0001:00002a67       ??$AtlAdd@_K@ATL@@YAJPA_K_K1@Z 10003a67 f i PINPad.obj
 0001:00002a9f       ??$AtlAddThrow@K@ATL@@YAKKK@Z 10003a9f f i PINPad.obj
 0001:00002ac5       ??$AtlModuleRegisterWndClassInfoT@VAtlModuleRegisterWndClassInfoParamW@ATL@@@ATL@@YAGPAU_ATL_BASE_MODULE70@0@PAU_ATL_WIN_MODULE70@0@PAU_ATL_WNDCLASSINFOW@0@PAP6GJPAUHWND__@@IIJ@ZVAtlModuleRegisterWndClassInfoParamW@0@@Z 10003ac5 f i PINPad.obj
 0001:00002c13       ??$AtlMultiply@H@ATL@@YAJPAHHH@Z 10003c13 f i PINPad.obj
 0001:00002c4b       ??$AtlMultiply@I@ATL@@YAJPAIII@Z 10003c4b f i PINPad.obj
 0001:00002c4b       ??$AtlMultiply@K@ATL@@YAJPAKKK@Z 10003c4b f i PINPad.obj
 0001:00002c6d       ??$AtlMultiplyThrow@I@ATL@@YAIII@Z 10003c6d f i PINPad.obj
 0001:00002c93       ??0?$CComAggObject@VCOPOSPINPad@@@ATL@@QAE@PAX@Z 10003c93 f i PINPad.obj
 0001:00002cc0       ??0?$CComContainedObject@VCOPOSPINPad@@@ATL@@QAE@PAX@Z 10003cc0 f i PINPad.obj
 0001:00002d79       ??0?$CComObject@V?$CComEnum@UIEnumConnectionPoints@@$1?_GUID_b196b285_bab4_101a_b69c_00aa00341d07@@3U__s_GUID@@BPAUIConnectionPoint@@V?$_CopyInterface@UIConnectionPoint@@@ATL@@VCComSingleThreadModel@6@@ATL@@@ATL@@QAE@PAX@Z 10003d79 f i PINPad.obj
 0001:00002da7       ??0?$CComObject@V?$CComEnum@UIEnumConnections@@$1?_GUID_b196b287_bab4_101a_b69c_00aa00341d07@@3U__s_GUID@@BUtagCONNECTDATA@@V?$_Copy@UtagCONNECTDATA@@@ATL@@VCComSingleThreadModel@6@@ATL@@@ATL@@QAE@PAX@Z 10003da7 f i PINPad.obj
 0001:00002dd5       ??0?$CComObject@VCOPOSPINPad@@@ATL@@QAE@PAX@Z 10003dd5 f i PINPad.obj
 0001:00002e8c       ??0?$CComQIPtr@UIOleControlSite@@$1?_GUID_b196b289_bab4_101a_b69c_00aa00341d07@@3U__s_GUID@@B@ATL@@QAE@PAUIUnknown@@@Z 10003e8c f i PINPad.obj
 0001:00002eb5       ??0CAtlModule@ATL@@QAE@XZ  10003eb5 f i PINPad.obj
 0001:00002ef6       ??0CParseBuffer@CRegParser@ATL@@QAE@H@Z 10003ef6 f i PINPad.obj
 0001:00002f2c       ??0_ATL_MSG@ATL@@QAE@PAUHWND__@@IIJH@Z 10003f2c f i PINPad.obj
 0001:00002f64       ??1?$CComAggObject@VCOPOSPINPad@@@ATL@@UAE@XZ 10003f64 f i PINPad.obj
 0001:00002f88       ??1?$CComEnumImpl@UIEnumConnectionPoints@@$1?_GUID_b196b285_bab4_101a_b69c_00aa00341d07@@3U__s_GUID@@BPAUIConnectionPoint@@V?$_CopyInterface@UIConnectionPoint@@@ATL@@@ATL@@UAE@XZ 10003f88 f i PINPad.obj
 0001:00002fc8       ??1?$CComEnumImpl@UIEnumConnections@@$1?_GUID_b196b287_bab4_101a_b69c_00aa00341d07@@3U__s_GUID@@BUtagCONNECTDATA@@V?$_Copy@UtagCONNECTDATA@@@ATL@@@ATL@@UAE@XZ 10003fc8 f i PINPad.obj
 0001:00003008       ??1?$CComObject@V?$CComEnum@UIEnumConnectionPoints@@$1?_GUID_b196b285_bab4_101a_b69c_00aa00341d07@@3U__s_GUID@@BPAUIConnectionPoint@@V?$_CopyInterface@UIConnectionPoint@@@ATL@@VCComSingleThreadModel@6@@ATL@@@ATL@@UAE@XZ 10004008 f i PINPad.obj
 0001:0000302b       ??1?$CComObject@V?$CComEnum@UIEnumConnections@@$1?_GUID_b196b287_bab4_101a_b69c_00aa00341d07@@3U__s_GUID@@BUtagCONNECTDATA@@V?$_Copy@UtagCONNECTDATA@@@ATL@@VCComSingleThreadModel@6@@ATL@@@ATL@@UAE@XZ 1000402b f i PINPad.obj
 0001:0000304e       ??1?$CComObject@VCOPOSPINPad@@@ATL@@UAE@XZ 1000404e f i PINPad.obj
 0001:0000310c       ??1?$CComObjectCached@VCComClassFactory@ATL@@@ATL@@UAE@XZ 1000410c f i PINPad.obj
 0001:00003122       ??1?$CComObjectRootEx@VCComMultiThreadModel@ATL@@@ATL@@QAE@XZ 10004122 f i PINPad.obj
 0001:00003137       ??1CRegObject@ATL@@UAE@XZ  10004137 f i PINPad.obj
 0001:00003157       ??4?$CComPtr@UIUnknown@@@ATL@@QAEPAUIUnknown@@PAU2@@Z 10004157 f i PINPad.obj
 0001:00003157       ??4?$CComPtr@UIOleClientSite@@@ATL@@QAEPAUIOleClientSite@@PAU2@@Z 10004157 f i PINPad.obj
 0001:00003157       ??4?$CComPtr@UIAdviseSink@@@ATL@@QAEPAUIAdviseSink@@PAU2@@Z 10004157 f i PINPad.obj
 0001:0000318b       ??_G?$CComContainedObject@VCOPOSPINPad@@@ATL@@UAEPAXI@Z 1000418b f i PINPad.obj
 0001:0000318b       ??_E?$CComContainedObject@VCOPOSPINPad@@@ATL@@UAEPAXI@Z 1000418b f i PINPad.obj
 0001:000031b0       ??_E?$CComObject@VCOPOSPINPad@@@ATL@@UAEPAXI@Z 100041b0 f i PINPad.obj
 0001:000031b0       ??_G?$CComObject@VCOPOSPINPad@@@ATL@@UAEPAXI@Z 100041b0 f i PINPad.obj
 0001:000031d5       ?Add@?$CSimpleArray@GV?$CSimpleArrayEqualHelper@G@ATL@@@ATL@@QAEHABG@Z 100041d5 f i PINPad.obj
 0001:00003259       ?Add@?$CSimpleMap@PA_WPA_WVCExpansionVectorEqualHelper@ATL@@@ATL@@QAEHABQA_W0@Z 10004259 f i PINPad.obj
 0001:000032ae       ?Add@CComDynamicUnkArray@ATL@@QAEKPAUIUnknown@@@Z 100042ae f i PINPad.obj
 0001:00003364       ?Add@CExpansionVector@ATL@@QAEHPB_W0@Z 10004364 f i PINPad.obj
 0001:0000346d       ?AddString@CParseBuffer@CRegParser@ATL@@QAEHPB_W@Z 1000446d f i PINPad.obj
 0001:000034a2       ?AddTermFunc@CAtlModule@ATL@@QAEJP6GXK@ZK@Z 100044a2 f i PINPad.obj
 0001:00003505       ?AddValue@CRegParser@ATL@@IAEJAAVCRegKey@2@PB_WPA_W@Z 10004505 f i PINPad.obj
 0001:0000381f       ?Allocate@?$CAtlSafeAllocBufferManager@VCCRTAllocator@ATL@@@_ATL_SAFE_ALLOCA_IMPL@ATL@@QAEPAXK@Z 1000481f f i PINPad.obj
 0001:0000384c       ?Allocate@?$CTempBuffer@E$0BAA@VCCRTAllocator@ATL@@@ATL@@QAEPAEI@Z 1000484c f i PINPad.obj
 0001:0000387b       ?Allocate@?$CTempBuffer@_W$0BAA@VCCRTAllocator@ATL@@@ATL@@QAEPA_WI@Z 1000487b f i PINPad.obj
 0001:000038aa       ?Allocate@?$CTempBuffer@_W$0EAA@VCCRTAllocator@ATL@@@ATL@@QAEPA_WI@Z 100048aa f i PINPad.obj
 0001:000038d9       ?AllocateHeap@?$CTempBuffer@_W$0EAA@VCCRTAllocator@ATL@@@ATL@@AAEXI@Z 100048d9 f i PINPad.obj
 0001:000038d9       ?AllocateHeap@?$CTempBuffer@E$0BAA@VCCRTAllocator@ATL@@@ATL@@AAEXI@Z 100048d9 f i PINPad.obj
 0001:000038d9       ?AllocateHeap@?$CTempBuffer@_W$0BAA@VCCRTAllocator@ATL@@@ATL@@AAEXI@Z 100048d9 f i PINPad.obj
 0001:000038fe       ?Append@CParseBuffer@CRegParser@ATL@@QAEHPB_WH@Z 100048fe f i PINPad.obj
 0001:0000398c       ?AtlCoTaskMemCAlloc@ATL@@YAPAXKK@Z 1000498c f i PINPad.obj
 0001:000039b9       ?AtlCoTaskMemRecalloc@ATL@@YAPAXPAXKK@Z 100049b9 f i PINPad.obj
 0001:000039e9       ?AtlComModuleGetClassObject@ATL@@YGJPAU_ATL_COM_MODULE70@1@ABU_GUID@@1PAPAX@Z 100049e9 f i PINPad.obj
 0001:00003adc       ?AtlComModuleRegisterServer@ATL@@YGJPAU_ATL_COM_MODULE70@1@HPBU_GUID@@@Z 10004adc f i PINPad.obj
 0001:00003b64       ?AtlComModuleUnregisterServer@ATL@@YGJPAU_ATL_COM_MODULE70@1@HPBU_GUID@@@Z 10004b64 f i PINPad.obj
 0001:00003bec       ?AtlComQIPtrAssign2@ATL@@YAXPAPAUIUnknown@@PAU2@ABU_GUID@@@Z 10004bec f i PINPad.obj
 0001:00003c1b       ?AtlCreateTargetDC@ATL@@YGPAUHDC__@@PAU2@PAUtagDVTARGETDEVICE@@@Z 10004c1b f i PINPad.obj
 0001:00003c84       ?AtlCrtErrorCheck@ATL@@YAHH@Z 10004c84 f i PINPad.obj
 0001:00003cbf       ?AtlHiMetricToPixel@ATL@@YGXPBUtagSIZE@@PAU2@@Z 10004cbf f i PINPad.obj
 0001:00003d34       ?AtlHresultFromLastError@ATL@@YAJXZ 10004d34 f i PINPad.obj
 0001:00003d4b       ?AtlHresultFromWin32@ATL@@YAJK@Z 10004d4b f i PINPad.obj
 0001:00003d60       ?AtlInternalOleLoadFromStream@ATL@@YAJPAUIStream@@ABU_GUID@@PAPAXTClassesAllowedInStream@1@K@Z 10004d60 f i PINPad.obj
 0001:00003e7e       ?AtlInternalQueryInterface@ATL@@YGJPAXPBU_ATL_INTMAP_ENTRY@1@ABU_GUID@@PAPAX@Z 10004e7e f i PINPad.obj
 0001:00003f21       ?AtlLoadTypeLib@ATL@@YGJPAUHINSTANCE__@@PB_WPAPA_WPAPAUITypeLib@@@Z 10004f21 f i PINPad.obj
 0001:000040ff       ?AtlRegisterClassCategoriesHelper@ATL@@YGJABU_GUID@@PBU_ATL_CATMAP_ENTRY@1@H@Z 100050ff f i PINPad.obj
 0001:000043fb       ?AtlRegisterTypeLib@ATL@@YGJPAUHINSTANCE__@@PB_W@Z 100053fb f i PINPad.obj
 0001:00004583       ?AtlThrowImpl@ATL@@YGXJ@Z  10005583 f i PINPad.obj
 0001:000045a1       ?AtlUnRegisterTypeLib@ATL@@YGJPAUHINSTANCE__@@PB_W@Z 100055a1 f i PINPad.obj
 0001:0000464c       ?AtlWinModuleAddCreateWndData@ATL@@YGXPAU_ATL_WIN_MODULE70@1@PAU_AtlCreateWndData@1@PAX@Z 1000564c f i PINPad.obj
 0001:000046a0       ?AtlWinModuleExtractCreateWndData@ATL@@YGPAXPAU_ATL_WIN_MODULE70@1@@Z 100056a0 f i PINPad.obj
 0001:00004703       ?AtlWinModuleRegisterClassExW@ATL@@YGGPAU_ATL_WIN_MODULE70@1@PBUtagWNDCLASSEXW@@@Z 10005703 f i PINPad.obj
 0001:00004742       ?CanForceRemoveKey@CRegParser@ATL@@IAEHPB_W@Z 10005742 f i PINPad.obj
 0001:00004771       ?ChToByte@CRegParser@ATL@@KAE_W@Z 10005771 f i PINPad.obj
 0001:000047a4       ?Cleanup@CComTypeInfoHolder@ATL@@SGXK@Z 100057a4 f i PINPad.obj
 0001:000047d7       ?ClearReplacements@CExpansionVector@ATL@@QAEJXZ 100057d7 f i PINPad.obj
 0001:00004814       ?Close@CRegKey@ATL@@QAEJXZ 10005814 f i PINPad.obj
 0001:0000482e       ?CreateInstance@?$CComCreator@V?$CComAggObject@VCOPOSPINPad@@@ATL@@@ATL@@SGJPAXABU_GUID@@PAPAX@Z 1000582e f i PINPad.obj
 0001:000048a3       ?CreateInstance@?$CComCreator@V?$CComObject@VCOPOSPINPad@@@ATL@@@ATL@@SGJPAXABU_GUID@@PAPAX@Z 100058a3 f i PINPad.obj
 0001:00004923       ?CreateInstance@?$CComObject@V?$CComEnum@UIEnumConnectionPoints@@$1?_GUID_b196b285_bab4_101a_b69c_00aa00341d07@@3U__s_GUID@@BPAUIConnectionPoint@@V?$_CopyInterface@UIConnectionPoint@@@ATL@@VCComSingleThreadModel@6@@ATL@@@ATL@@SGJPAPAV12@@Z 10005923 f i PINPad.obj
 0001:0000496d       ?CreateInstance@?$CComObject@V?$CComEnum@UIEnumConnections@@$1?_GUID_b196b287_bab4_101a_b69c_00aa00341d07@@3U__s_GUID@@BUtagCONNECTDATA@@V?$_Copy@UtagCONNECTDATA@@@ATL@@VCComSingleThreadModel@6@@ATL@@@ATL@@SGJPAPAV12@@Z 1000596d f i PINPad.obj
 0001:000049b7       ?DefaultReflectionHandler@?$CWindowImplRoot@VCWindow@ATL@@@ATL@@SAHPAUHWND__@@IIJAAJ@Z 100059b7 f i PINPad.obj
 0001:00004a2a       ?DeleteSubKey@CRegKey@ATL@@QAEJPB_W@Z 10005a2a f i PINPad.obj
 0001:00004aa3       ?DoEvent@COPOSPINPad@@IAEXIIJ@Z 10005aa3 f i PINPad.obj
 0001:00004b23       ?DoVerbHide@?$IOleObjectImpl@VCOPOSPINPad@@@ATL@@QAEJPBUtagRECT@@PAUHWND__@@@Z 10005b23 f i PINPad.obj
 0001:00004b59       ?DoVerbInPlaceActivate@?$IOleObjectImpl@VCOPOSPINPad@@@ATL@@QAEJPBUtagRECT@@PAUHWND__@@@Z 10005b59 f i PINPad.obj
 0001:00004b8c       ?DoVerbPrimary@?$IOleObjectImpl@VCOPOSPINPad@@@ATL@@QAEJPBUtagRECT@@PAUHWND__@@@Z 10005b8c f i PINPad.obj
 0001:00004c18       ?DoVerbProperties@CComControlBase@ATL@@QAEJPBUtagRECT@@PAUHWND__@@@Z 10005c18 f i PINPad.obj
 0001:00004d97       ?DoVerbUIActivate@?$IOleObjectImpl@VCOPOSPINPad@@@ATL@@QAEJPBUtagRECT@@PAUHWND__@@@Z 10005d97 f i PINPad.obj
 0001:00004dd4       ?DoesVerbActivate@CComControlBase@ATL@@QAEHJ@Z 10005dd4 f i PINPad.obj
 0001:00004df5       ?DoesVerbUIActivate@CComControlBase@ATL@@QAEHJ@Z 10005df5 f i PINPad.obj
 0001:00004e2a       ?EndOfVar@CRegParser@ATL@@IAEHXZ 10005e2a f i PINPad.obj
 0001:00004e4a       ?EscapeSingleQuote@CAtlModule@ATL@@SAXPA_WIPB_W@Z 10005e4a f i PINPad.obj
 0001:00004e99       ?FindKey@?$CSimpleMap@PA_WPA_WVCExpansionVectorEqualHelper@ATL@@@ATL@@QBEHABQA_W@Z 10005e99 f i PINPad.obj
 0001:00004ed0       ?FireTheEvent@?$CProxy_IOPOSEvents@VCOPOSPINPad@@@@IAEXPAVOposVariant@@IAAJPB_WJ@Z 10005ed0 f i PINPad.obj
 0001:00004f62       ?FireViewChange@CComControlBase@ATL@@QAEJXZ 10005f62 f i PINPad.obj
 0001:00004fab       ?Fire_DataEvent@?$CProxy_IOPOSEvents@VCOPOSPINPad@@@@QAEXJ@Z 10005fab f i PINPad.obj
 0001:00005041       ?Fire_DirectIOEvent@?$CProxy_IOPOSEvents@VCOPOSPINPad@@@@QAEXJPAJPAPA_W@Z 10006041 f i PINPad.obj
 0001:0000512d       ?Fire_ErrorEvent@?$CProxy_IOPOSEvents@VCOPOSPINPad@@@@QAEXJJJPAJ@Z 1000612d f i PINPad.obj
 0001:0000521e       ?Fire_StatusUpdateEvent@?$CProxy_IOPOSEvents@VCOPOSPINPad@@@@QAEXJ@Z 1000621e f i PINPad.obj
 0001:000052b4       ?FreeHeap@?$CTempBuffer@_W$0BAA@VCCRTAllocator@ATL@@@ATL@@AAEXXZ 100062b4 f i PINPad.obj
 0001:000052b4       ?FreeHeap@?$CTempBuffer@E$0BAA@VCCRTAllocator@ATL@@@ATL@@AAEXXZ 100062b4 f i PINPad.obj
 0001:000052b4       ?FreeHeap@?$CTempBuffer@_W$0EAA@VCCRTAllocator@ATL@@@ATL@@AAEXXZ 100062b4 f i PINPad.obj
 0001:000052bd       ?GetAmbientLocaleID@CComControlBase@ATL@@QAEJAAK@Z 100062bd f i PINPad.obj
 0001:00005319       ?GetAmbientUserMode@CComControlBase@ATL@@QAEJAAH@Z 10006319 f i PINPad.obj
 0001:00005389       ?GetAt@CComDynamicUnkArray@ATL@@QAEPAUIUnknown@@H@Z 10006389 f i PINPad.obj
 0001:000053a5       ?GetClassObject@CComModule@ATL@@QAEJABU_GUID@@0PAPAX@Z 100063a5 f i PINPad.obj
 0001:00005447       ?GetConnMap@COPOSPINPad@@SAPBU_ATL_CONNMAP_ENTRY@ATL@@PAH@Z 10006447 f i PINPad.obj
 0001:000054b7       ?GetCookie@CComDynamicUnkArray@ATL@@QAGKPAPAUIUnknown@@@Z 100064b7 f i PINPad.obj
 0001:000054ef       ?GetIDsOfNames@CComTypeInfoHolder@ATL@@QAEJABU_GUID@@PAPA_WIKPAJ@Z 100064ef f i PINPad.obj
 0001:00005616       ?GetKeyAt@?$CSimpleMap@PA_WPA_WVCExpansionVectorEqualHelper@ATL@@@ATL@@QBEAAPA_WH@Z 10006616 f i PINPad.obj
 0001:0000563b       ?GetPagesHelper@?$ISpecifyPropertyPagesImpl@VCOPOSPINPad@@@ATL@@IAEJPAUtagCAUUID@@PBUATL_PROPMAP_ENTRY@2@@Z 1000663b f i PINPad.obj
 0001:00005762       ?GetProperty@?$CComPtr@UIDispatch@@@ATL@@SAJPAUIDispatch@@JPAUtagVARIANT@@@Z 10006762 f i PINPad.obj
 0001:000057b1       ?GetSizeMax@CComVariant@ATL@@QBEJPAT_ULARGE_INTEGER@@@Z 100067b1 f i PINPad.obj
 0001:00005973       ?GetTI@CComTypeInfoHolder@ATL@@QAEJK@Z 10006973 f i PINPad.obj
 0001:00005b52       ?GetTI@CComTypeInfoHolder@ATL@@QAEJKPAPAUITypeInfo@@@Z 10006b52 f i PINPad.obj
 0001:00005b94       ?GetUnknown@CComDynamicUnkArray@ATL@@QAGPAUIUnknown@@K@Z 10006b94 f i PINPad.obj
 0001:00005bb5       ?GetValueAt@?$CSimpleMap@PA_WPA_WVCExpansionVectorEqualHelper@ATL@@@ATL@@QBEAAPA_WH@Z 10006bb5 f i PINPad.obj
 0001:00005bdb       ?GetZoomInfo@CComControlBase@ATL@@QAEXAAUATL_DRAWINFO@@@Z 10006bdb f i PINPad.obj
 0001:00005c6e       ?HKeyFromString@CRegParser@ATL@@KAPAUHKEY__@@PA_W@Z 10006c6e f i PINPad.obj
 0001:00005c9c       ?HasSubKeys@CRegParser@ATL@@IAEHPAUHKEY__@@@Z 10006c9c f i PINPad.obj
 0001:00005cd1       ?IDataObject_GetData@CComControlBase@ATL@@QAEJPAUtagFORMATETC@@PAUtagSTGMEDIUM@@@Z 10006cd1 f i PINPad.obj
 0001:00005e77       ?IOleInPlaceObject_InPlaceDeactivate@CComControlBase@ATL@@QAEJXZ 10006e77 f i PINPad.obj
 0001:00005efe       ?IOleInPlaceObject_SetObjectRects@CComControlBase@ATL@@QAEJPBUtagRECT@@0@Z 10006efe f i PINPad.obj
 0001:00005fcb       ?IOleInPlaceObject_UIDeactivate@CComControlBase@ATL@@QAEJXZ 10006fcb f i PINPad.obj
 0001:0000608d       ?IOleObject_Advise@CComControlBase@ATL@@QAEJPAUIAdviseSink@@PAK@Z 1000708d f i PINPad.obj
 0001:000060b7       ?IOleObject_Close@CComControlBase@ATL@@QAEJK@Z 100070b7 f i PINPad.obj
 0001:0000619b       ?IOleObject_GetClientSite@CComControlBase@ATL@@QAEJPAPAUIOleClientSite@@@Z 1000719b f i PINPad.obj
 0001:000061c4       ?IOleObject_SetClientSite@CComControlBase@ATL@@QAEJPAUIOleClientSite@@@Z 100071c4 f i PINPad.obj
 0001:00006203       ?IOleObject_SetExtent@CComControlBase@ATL@@QAEJKPAUtagSIZE@@@Z 10007203 f i PINPad.obj
 0001:000062b5       ?IPSI_GetIPersistStreamInit@?$IPersistStorageImpl@VCOPOSPINPad@@@ATL@@AAEPAUIPersistStreamInit@@XZ 100072b5 f i PINPad.obj
 0001:0000635d       ?IPersistStreamInit_Load@?$IPersistStreamInitImpl@VCOPOSPINPad@@@ATL@@QAEJPAUIStream@@PBUATL_PROPMAP_ENTRY@2@@Z 1000735d f i PINPad.obj
 0001:000065d2       ?IPersistStreamInit_Save@?$IPersistStreamInitImpl@VCOPOSPINPad@@@ATL@@QAEJPAUIStream@@HPBUATL_PROPMAP_ENTRY@2@@Z 100075d2 f i PINPad.obj
 0001:000067c0       ?IQuickActivate_QuickActivate@CComControlBase@ATL@@QAEJPAUtagQACONTAINER@@PAUtagQACONTROL@@@Z 100077c0 f i PINPad.obj
 0001:00006a02       ?IViewObject_Draw@CComControlBase@ATL@@QAEJKJPAXPAUtagDVTARGETDEVICE@@PAUHDC__@@2PBU_RECTL@@3@Z 10007a02 f i PINPad.obj
 0001:00006aaa       ?InPlaceActivate@CComControlBase@ATL@@QAEJJPBUtagRECT@@@Z 10007aaa f i PINPad.obj
 0001:00006d1b       ?Init@?$CComEnumImpl@UIEnumConnectionPoints@@$1?_GUID_b196b285_bab4_101a_b69c_00aa00341d07@@3U__s_GUID@@BPAUIConnectionPoint@@V?$_CopyInterface@UIConnectionPoint@@@ATL@@@ATL@@QAEJPAPAUIConnectionPoint@@0PAUIUnknown@@W4CComEnumFlags@2@@Z 10007d1b f i PINPad.obj
 0001:00006dfa       ?Init@?$CComEnumImpl@UIEnumConnections@@$1?_GUID_b196b287_bab4_101a_b69c_00aa00341d07@@3U__s_GUID@@BUtagCONNECTDATA@@V?$_Copy@UtagCONNECTDATA@@@ATL@@@ATL@@QAEJPAUtagCONNECTDATA@@0PAUIUnknown@@W4CComEnumFlags@2@@Z 10007dfa f i PINPad.obj
 0001:00006ed9       ?Init@CComModule@ATL@@QAEJPAU_ATL_OBJMAP_ENTRY30@2@PAUHINSTANCE__@@PBU_GUID@@@Z 10007ed9 f i PINPad.obj
 0001:00006f38       ?Init@CDynamicStdCallThunk2@ATL@@QAEHKPAX@Z 10007f38 f i PINPad.obj
 0001:00006f63       ?InlineIsEqualUnknown@ATL@@YGHABU_GUID@@@Z 10007f63 f i PINPad.obj
 0001:00006f8b       ?InternalSetAtIndex@?$CSimpleMap@PA_WPA_WVCExpansionVectorEqualHelper@ATL@@@ATL@@QAEXHABQA_W0@Z 10007f8b f i PINPad.obj
 0001:00006fb5       ?Invoke@CComTypeInfoHolder@ATL@@QAEJPAUIDispatch@@JABU_GUID@@KGPAUtagDISPPARAMS@@PAUtagVARIANT@@PAUtagEXCEPINFO@@PAI@Z 10007fb5 f i PINPad.obj
 0001:00006ff8       ?IsEqualObject@?$CComPtrBase@UIOleClientSite@@@ATL@@QAE_NPAUIUnknown@@@Z 10007ff8 f i PINPad.obj
 0001:00006ff8       ?IsEqualObject@?$CComPtrBase@UITypeInfo@@@ATL@@QAE_NPAUIUnknown@@@Z 10007ff8 f i PINPad.obj
 0001:00007065       ?IsSpace@CRegParser@ATL@@IAEH_W@Z 10008065 f i PINPad.obj
 0001:0000708f       ?LoadNameCache@CComTypeInfoHolder@ATL@@QAEJPAUITypeInfo@@@Z 1000808f f i PINPad.obj
 0001:000071c4       ?Lookup@?$CSimpleMap@PA_WPA_WVCExpansionVectorEqualHelper@ATL@@@ATL@@QBEPA_WABQA_W@Z 100081c4 f i PINPad.obj
 0001:000071ea       ?NextToken@CRegParser@ATL@@IAEJPA_W@Z 100081ea f i PINPad.obj
 0001:00007322       ?OnKillFocus@CComControlBase@ATL@@QAEJIIJAAH@Z 10008322 f i PINPad.obj
 0001:0000737d       ?OnMouseActivate@CComControlBase@ATL@@QAEJIIJAAH@Z 1000837d f i PINPad.obj
 0001:000073eb       ?OnPaint@CComControlBase@ATL@@QAEJIIJAAH@Z 100083eb f i PINPad.obj
 0001:0000749d       ?OnSetFocus@CComControlBase@ATL@@QAEJIIJAAH@Z 1000849d f i PINPad.obj
 0001:00007526       ?Open@CRegKey@ATL@@QAEJPAUHKEY__@@PB_WK@Z 10008526 f i PINPad.obj
 0001:0000757b       ?PreProcessBuffer@CRegParser@ATL@@QAEJPA_WPAPA_W@Z 1000857b f i PINPad.obj
 0001:000077ea       ?ProcessWindowMessage@?$CComControl@VCOPOSPINPad@@V?$CWindowImpl@VCOPOSPINPad@@VCWindow@ATL@@V?$CWinTraits@$0FGAAAAAA@$0A@@3@@ATL@@@ATL@@UAEHPAUHWND__@@IIJAAJK@Z 100087ea f i PINPad.obj
 0001:00007889       ?ReadFromStream@CComBSTR@ATL@@QAEJPAUIStream@@@Z 10008889 f i PINPad.obj
 0001:000079ac       ?ReadFromStream@CComVariant@ATL@@QAEJPAUIStream@@GTClassesAllowedInStream@2@K@Z 100089ac f i PINPad.obj
 0001:00007b36       ?RecurseDeleteKey@CRegKey@ATL@@QAEJPB_W@Z 10008b36 f i PINPad.obj
 0001:00007c24       ?RegCreateKeyExW@CAtlTransactionManager@ATL@@QAEJPAUHKEY__@@PB_WKPA_WKKQAU_SECURITY_ATTRIBUTES@@PAPAU3@PAK@Z 10008c24 f i PINPad.obj
 0001:00007c87       ?RegDeleteKeyW@CAtlTransactionManager@ATL@@QAEJPAUHKEY__@@PB_W@Z 10008c87 f i PINPad.obj
 0001:00007cd9       ?RegOpenKeyExW@CAtlTransactionManager@ATL@@QAEJPAUHKEY__@@PB_WKKPAPAU3@@Z 10008cd9 f i PINPad.obj
 0001:00007d30       ?Register@_ATL_WNDCLASSINFOW@ATL@@QAEGPAP6GJPAUHWND__@@IIJ@Z@Z 10008d30 f i PINPad.obj
 0001:00007d50       ?RegisterBuffer@CRegParser@ATL@@QAEJPA_WH@Z 10008d50 f i PINPad.obj
 0001:00007e97       ?RegisterFromResource@CRegObject@ATL@@IAEJPB_W00H@Z 10008e97 f i PINPad.obj
 0001:00007fcd       ?RegisterServer@?$CAtlModuleT@VCComModule@ATL@@@ATL@@QAEJHPBU_GUID@@@Z 10008fcd f i PINPad.obj
 0001:00007ffb       ?RegisterServer@CComModule@ATL@@QAEJHPBU_GUID@@@Z 10008ffb f i PINPad.obj
 0001:00008071       ?RegisterSubkeys@CRegParser@ATL@@IAEJPA_WPAUHKEY__@@HH@Z 10009071 f i PINPad.obj
 0001:0000871e       ?Remove@CComDynamicUnkArray@ATL@@QAEHK@Z 1000971e f i PINPad.obj
 0001:00008747       ?RemoveAll@?$CSimpleMap@PA_WPA_WVCExpansionVectorEqualHelper@ATL@@@ATL@@QAEXXZ 10009747 f i PINPad.obj
 0001:00008773       ?ResourceRegisterSz@CRegObject@ATL@@QAGJPB_W00@Z 10009773 f i PINPad.obj
 0001:000087a0       ?ResourceUnregisterSz@CRegObject@ATL@@QAGJPB_W00@Z 100097a0 f i PINPad.obj
 0001:000087cd       ?SendOnDataChange@CComControlBase@ATL@@QAEJK@Z 100097cd f i PINPad.obj
 0001:0000881a       ?SetControlFocus@CComControlBase@ATL@@QAEHH@Z 1000981a f i PINPad.obj
 0001:000088b7       ?SetMultiStringValue@CRegKey@ATL@@QAEJPB_W0@Z 100098b7 f i PINPad.obj
 0001:00008913       ?SetStringValue@CRegKey@ATL@@QAEJPB_W0K@Z 10009913 f i PINPad.obj
 0001:0000895c       ?SkipAssignment@CRegParser@ATL@@IAEJPA_W@Z 1000995c f i PINPad.obj
 0001:000089c1       ?SkipWhiteSpace@CRegParser@ATL@@IAEXXZ 100099c1 f i PINPad.obj
 0001:000089e3       ?StrChrW@CRegParser@ATL@@KAPA_WPA_W_W@Z 100099e3 f i PINPad.obj
 0001:00008a20       ?Term@CAtlModule@ATL@@QAEXXZ 10009a20 f i PINPad.obj
 0001:00008a73       ?Term@CComModule@ATL@@QAEXXZ 10009a73 f i PINPad.obj
 0001:00008acb       ?UnregisterServer@?$CAtlModuleT@VCComModule@ATL@@@ATL@@QAEJHPBU_GUID@@@Z 10009acb f i PINPad.obj
 0001:00008af1       ?UnregisterServer@CComModule@ATL@@QAEJHPBU_GUID@@@Z 10009af1 f i PINPad.obj
 0001:00008b67       ?UpdateRegistryFromResource@CAtlModule@ATL@@QAGJIHPAU_ATL_REGMAP_ENTRY@2@@Z 10009b67 f i PINPad.obj
 0001:00008d32       ?UpdateRegistryFromResource@CAtlModule@ATL@@QAGJPB_WHPAU_ATL_REGMAP_ENTRY@2@@Z 10009d32 f i PINPad.obj
 0001:00008f03       ?VTFromRegType@CRegParser@ATL@@KAHPB_WAAG@Z 10009f03 f i PINPad.obj
 0001:00008f70       ?WindowProc@?$CWindowImplBaseT@VCWindow@ATL@@V?$CWinTraits@$0FGAAAAAA@$0A@@2@@ATL@@SGJPAUHWND__@@IIJ@Z 10009f70 f i PINPad.obj
 0001:00009062       ?WriteToStream@CComBSTR@ATL@@QAEJPAUIStream@@@Z 1000a062 f i PINPad.obj
 0001:000090c4       ?WriteToStream@CComVariant@ATL@@QAEJPAUIStream@@@Z 1000a0c4 f i PINPad.obj
 0001:0000923e       ?WriteToStream@CComVariant@ATL@@QAEJPAUIStream@@G@Z 1000a23e f i PINPad.obj
 0001:000092a7       ?_AtlInitialConstruct@?$CComObjectRootEx@VCComMultiThreadModel@ATL@@@ATL@@QAEJXZ 1000a2a7 f i PINPad.obj
 0001:000092bc       ?_AtlVerifyStackAvailable@_ATL_SAFE_ALLOCA_IMPL@ATL@@YA_NK@Z 1000a2bc f i PINPad.obj
 0001:0000933a       ?atlCreate@?$CWindowImpl@VCOPOSPINPad@@VCWindow@ATL@@V?$CWinTraits@$0FGAAAAAA@$0A@@3@@ATL@@QAEPAUHWND__@@PAU3@V_U_RECT@2@PB_WKKV_U_MENUorID@2@PAX@Z 1000a33a f i PINPad.obj
 0001:0000937e       ?atlCreate@?$CWindowImplBaseT@VCWindow@ATL@@V?$CWinTraits@$0FGAAAAAA@$0A@@2@@ATL@@QAEPAUHWND__@@PAU3@V_U_RECT@2@PB_WKKV_U_MENUorID@2@GPAX@Z 1000a37e f i PINPad.obj
 0001:0000941a       ?copy@?$_Copy@UtagCONNECTDATA@@@ATL@@SAJPAUtagCONNECTDATA@@PBU3@@Z 1000a41a f i PINPad.obj
 0001:00009450       ?copy@?$_CopyInterface@UIConnectionPoint@@@ATL@@SAJPAPAUIConnectionPoint@@PBQAU3@@Z 1000a450 f i PINPad.obj
 0001:0000947e       ?memcpy_s@Checked@ATL@@YAXPAXIPBXI@Z 1000a47e f i PINPad.obj
 0001:0000949d       ?ocscpy_s@@YA_NPA_WIPB_W@Z 1000a49d f i PINPad.obj
 0001:000094e7       ?wcscpy_s@Checked@ATL@@YAXPA_WIPB_W@Z 1000a4e7 f i PINPad.obj
 0001:00009503       _DllCanUnloadNow@0         1000a503 f   PINPad.obj
 0001:0000950f       _DllGetClassObject@12      1000a50f f   PINPad.obj
 0001:0000951d       _DllMain@12                1000a51d f   PINPad.obj
 0001:0000955f       _DllRegisterServer@0       1000a55f f   PINPad.obj
 0001:0000956e       _DllUnregisterServer@0     1000a56e f   PINPad.obj
 0001:0000957d       _InlineIsEqualGUID         1000a57d f i PINPad.obj
 0001:000095ad       ___local_stdio_printf_options 1000a5ad f i PINPad.obj
 0001:000095b3       __vswprintf_s_l            1000a5b3 f i PINPad.obj
 0001:00009660       _swprintf_s                1000a660 f i PINPad.obj
 0001:0000967c       ??0?$CComControl@VCOPOSPINPad@@V?$CWindowImpl@VCOPOSPINPad@@VCWindow@ATL@@V?$CWinTraits@$0FGAAAAAA@$0A@@3@@ATL@@@ATL@@QAE@XZ 1000a67c f i PINPadImpl.obj
 0001:000096a3       ??0?$CProxy_IOPOSEvents@VCOPOSPINPad@@@@QAE@XZ 1000a6a3 f i PINPadImpl.obj
 0001:000096c3       ??0CComControlBase@ATL@@QAE@AAPAUHWND__@@@Z 1000a6c3 f i PINPadImpl.obj
 0001:00009713       ??0COPOSPINPad@@QAE@XZ     1000a713 f   PINPadImpl.obj
 0001:00009749       ??1?$CComControl@VCOPOSPINPad@@V?$CWindowImpl@VCOPOSPINPad@@VCWindow@ATL@@V?$CWinTraits@$0FGAAAAAA@$0A@@3@@ATL@@@ATL@@UAE@XZ 1000a749 f i PINPadImpl.obj
 0001:00009762       ??1?$IConnectionPointImpl@VCOPOSPINPad@@$1?IID_IPropertyNotifySink@@3U_GUID@@BVCComDynamicUnkArray@ATL@@@ATL@@QAE@XZ 1000a762 f i PINPadImpl.obj
 0001:00009762       ??1?$IConnectionPointImpl@VCOPOSPINPad@@$1?DIID__IOPOSPINPadEvents@@3U_GUID@@BVCComDynamicUnkArray@ATL@@@ATL@@QAE@XZ 1000a762 f i PINPadImpl.obj
 0001:0000979f       ??1CComControlBase@ATL@@UAE@XZ 1000a79f f i PINPadImpl.obj
 0001:00009802       ??1COPOSPINPad@@UAE@XZ     1000a802 f   PINPadImpl.obj
 0001:0000984a       ?BeginEFTTransaction@COPOSPINPad@@UAGJPA_WJPAJ@Z 1000a84a f   PINPadImpl.obj
 0001:000098c6       ?CheckHealth@COPOSPINPad@@UAGJJPAJ@Z 1000a8c6 f   PINPadImpl.obj
 0001:00009915       ?ClaimDevice@COPOSPINPad@@UAGJJPAJ@Z 1000a915 f   PINPadImpl.obj
 0001:0000998a       ?ClearInput@COPOSPINPad@@UAGJPAJ@Z 1000a98a f   PINPadImpl.obj
 0001:000099a5       ?ClearInputProperties@COPOSPINPad@@UAGJPAJ@Z 1000a9a5 f   PINPadImpl.obj
 0001:000099c0       ?Close@COPOSPINPad@@UAGJPAJ@Z 1000a9c0 f   PINPadImpl.obj
 0001:00009a2e       ?CompareFirmwareVersion@COPOSPINPad@@UAGJPA_WPAJ1@Z 1000aa2e f   PINPadImpl.obj
 0001:00009aae       ?ComputeMAC@COPOSPINPad@@UAGJPA_WPAPA_WPAJ@Z 1000aaae f   PINPadImpl.obj
 0001:00009b2e       ?DirectIO@COPOSPINPad@@UAGJJPAJPAPA_W0@Z 1000ab2e f   PINPadImpl.obj
 0001:00009bdc       ?DoInvoke@COPOSPINPad@@IAEJJPAVOposVariant@@IHPAJ_N@Z 1000abdc f   PINPadImpl.obj
 0001:00009cb8       ?EnablePINEntry@COPOSPINPad@@UAGJPAJ@Z 1000acb8 f   PINPadImpl.obj
 0001:00009cd3       ?EndEFTTransaction@COPOSPINPad@@UAGJJPAJ@Z 1000acd3 f   PINPadImpl.obj
 0001:00009d22       ?EventClose@COPOSPINPad@@IAEXXZ 1000ad22 f i PINPadImpl.obj
 0001:00009d55       ?EventInit@COPOSPINPad@@IAEJXZ 1000ad55 f i PINPadImpl.obj
 0001:00009e21       ?EventUninit@COPOSPINPad@@IAEXXZ 1000ae21 f i PINPadImpl.obj
 0001:00009e73       ?EventWindowProc@COPOSPINPad@@IAGJIIJ@Z 1000ae73 f i PINPadImpl.obj
 0001:00009f47       ?FinalConstruct@COPOSPINPad@@QAEJXZ 1000af47 f   PINPadImpl.obj
 0001:00009f80       ?FireEventCleanup@COPOSPINPad@@IAEXXZ 1000af80 f i PINPadImpl.obj
 0001:00009f96       ?FireEventSetup@COPOSPINPad@@IAE_NXZ 1000af96 f i PINPadImpl.obj
 0001:00009fca       ?FreezeEvents@COPOSPINPad@@MAGJH@Z 1000afca f   PINPadImpl.obj
 0001:0000a02a       ?GetOposProp@COPOSPINPad@@IAEJJPAFJ@Z 1000b02a f   PINPadImpl.obj
 0001:0000a04d       ?GetOposProp@COPOSPINPad@@IAEJJPAJJ@Z 1000b04d f   PINPadImpl.obj
 0001:0000a11c       ?GetOposProp@COPOSPINPad@@IAEJJPAPA_WJ@Z 1000b11c f   PINPadImpl.obj
 0001:0000a1f8       ?OnDraw@COPOSPINPad@@MAEJAAUATL_DRAWINFO@@@Z 1000b1f8 f   PINPadImpl.obj
 0001:0000a298       ?Open@COPOSPINPad@@UAGJPA_WPAJ@Z 1000b298 f   PINPadImpl.obj
 0001:0000aade       ?ReleaseDevice@COPOSPINPad@@UAGJPAJ@Z 1000bade f   PINPadImpl.obj
 0001:0000ab2d       ?ResetStatistics@COPOSPINPad@@UAGJPA_WPAJ@Z 1000bb2d f   PINPadImpl.obj
 0001:0000ab84       ?RetrieveStatistics@COPOSPINPad@@UAGJPAPA_WPAJ@Z 1000bb84 f   PINPadImpl.obj
 0001:0000abdb       ?SOProcessID@COPOSPINPad@@UAGJPAJ@Z 1000bbdb f   PINPadImpl.obj
 0001:0000abef       ?SetCOFreezeEvents@COPOSPINPad@@IAEXF@Z 1000bbef f   PINPadImpl.obj
 0001:0000ac8f       ?SetOposProp@COPOSPINPad@@IAEJJJJ@Z 1000bc8f f   PINPadImpl.obj
 0001:0000ad86       ?SetOposProp@COPOSPINPad@@IAEJJPA_WJ@Z 1000bd86 f   PINPadImpl.obj
 0001:0000ae87       ?UpdateFirmware@COPOSPINPad@@UAGJPA_WPAJ@Z 1000be87 f   PINPadImpl.obj
 0001:0000aede       ?UpdateKey@COPOSPINPad@@UAGJJPA_WPAJ@Z 1000bede f   PINPadImpl.obj
 0001:0000af5a       ?UpdateStatistics@COPOSPINPad@@UAGJPA_WPAJ@Z 1000bf5a f   PINPadImpl.obj
 0001:0000afb1       ?VerifyMAC@COPOSPINPad@@UAGJPA_WPAJ@Z 1000bfb1 f   PINPadImpl.obj
 0001:0000b008       ?get_AccountNumber@COPOSPINPad@@UAGJPAPA_W@Z 1000c008 f   PINPadImpl.obj
 0001:0000b021       ?get_AdditionalSecurityInformation@COPOSPINPad@@UAGJPAPA_W@Z 1000c021 f   PINPadImpl.obj
 0001:0000b03a       ?get_Amount@COPOSPINPad@@UAGJPATtagCY@@@Z 1000c03a f   PINPadImpl.obj
 0001:0000b0cb       ?get_AvailableLanguagesList@COPOSPINPad@@UAGJPAPA_W@Z 1000c0cb f   PINPadImpl.obj
 0001:0000b0e4       ?get_AvailablePromptsList@COPOSPINPad@@UAGJPAPA_W@Z 1000c0e4 f   PINPadImpl.obj
 0001:0000b0fd       ?get_BinaryConversion@COPOSPINPad@@UAGJPAJ@Z 1000c0fd f   PINPadImpl.obj
 0001:0000b113       ?get_CapCompareFirmwareVersion@COPOSPINPad@@UAGJPAF@Z 1000c113 f   PINPadImpl.obj
 0001:0000b12c       ?get_CapDisplay@COPOSPINPad@@UAGJPAJ@Z 1000c12c f   PINPadImpl.obj
 0001:0000b145       ?get_CapKeyboard@COPOSPINPad@@UAGJPAF@Z 1000c145 f   PINPadImpl.obj
 0001:0000b15e       ?get_CapLanguage@COPOSPINPad@@UAGJPAJ@Z 1000c15e f   PINPadImpl.obj
 0001:0000b177       ?get_CapMACCalculation@COPOSPINPad@@UAGJPAF@Z 1000c177 f   PINPadImpl.obj
 0001:0000b190       ?get_CapPowerReporting@COPOSPINPad@@UAGJPAJ@Z 1000c190 f   PINPadImpl.obj
 0001:0000b1a9       ?get_CapStatisticsReporting@COPOSPINPad@@UAGJPAF@Z 1000c1a9 f   PINPadImpl.obj
 0001:0000b1c2       ?get_CapTone@COPOSPINPad@@UAGJPAF@Z 1000c1c2 f   PINPadImpl.obj
 0001:0000b1db       ?get_CapUpdateFirmware@COPOSPINPad@@UAGJPAF@Z 1000c1db f   PINPadImpl.obj
 0001:0000b1f4       ?get_CapUpdateStatistics@COPOSPINPad@@UAGJPAF@Z 1000c1f4 f   PINPadImpl.obj
 0001:0000b20d       ?get_CheckHealthText@COPOSPINPad@@UAGJPAPA_W@Z 1000c20d f   PINPadImpl.obj
 0001:0000b226       ?get_Claimed@COPOSPINPad@@UAGJPAF@Z 1000c226 f   PINPadImpl.obj
 0001:0000b23c       ?get_ControlObjectDescription@COPOSPINPad@@UAGJPAPA_W@Z 1000c23c f   PINPadImpl.obj
 0001:0000b28a       ?get_ControlObjectVersion@COPOSPINPad@@UAGJPAJ@Z 1000c28a f   PINPadImpl.obj
 0001:0000b29d       ?get_DataCount@COPOSPINPad@@UAGJPAJ@Z 1000c29d f   PINPadImpl.obj
 0001:0000b2b3       ?get_DataEventEnabled@COPOSPINPad@@UAGJPAF@Z 1000c2b3 f   PINPadImpl.obj
 0001:0000b2c9       ?get_DeviceDescription@COPOSPINPad@@UAGJPAPA_W@Z 1000c2c9 f   PINPadImpl.obj
 0001:0000b2e2       ?get_DeviceEnabled@COPOSPINPad@@UAGJPAF@Z 1000c2e2 f   PINPadImpl.obj
 0001:0000b2f8       ?get_DeviceName@COPOSPINPad@@UAGJPAPA_W@Z 1000c2f8 f   PINPadImpl.obj
 0001:0000b311       ?get_EncryptedPIN@COPOSPINPad@@UAGJPAPA_W@Z 1000c311 f   PINPadImpl.obj
 0001:0000b32a       ?get_FreezeEvents@COPOSPINPad@@UAGJPAF@Z 1000c32a f   PINPadImpl.obj
 0001:0000b340       ?get_MaximumPINLength@COPOSPINPad@@UAGJPAJ@Z 1000c340 f   PINPadImpl.obj
 0001:0000b359       ?get_MerchantID@COPOSPINPad@@UAGJPAPA_W@Z 1000c359 f   PINPadImpl.obj
 0001:0000b372       ?get_MinimumPINLength@COPOSPINPad@@UAGJPAJ@Z 1000c372 f   PINPadImpl.obj
 0001:0000b38b       ?get_OpenResult@COPOSPINPad@@UAGJPAJ@Z 1000c38b f   PINPadImpl.obj
 0001:0000b3a2       ?get_PINEntryEnabled@COPOSPINPad@@UAGJPAF@Z 1000c3a2 f   PINPadImpl.obj
 0001:0000b3bb       ?get_PowerNotify@COPOSPINPad@@UAGJPAJ@Z 1000c3bb f   PINPadImpl.obj
 0001:0000b3d1       ?get_PowerState@COPOSPINPad@@UAGJPAJ@Z 1000c3d1 f   PINPadImpl.obj
 0001:0000b3e7       ?get_Prompt@COPOSPINPad@@UAGJPAJ@Z 1000c3e7 f   PINPadImpl.obj
 0001:0000b400       ?get_PromptLanguage@COPOSPINPad@@UAGJPAJ@Z 1000c400 f   PINPadImpl.obj
 0001:0000b419       ?get_ResultCode@COPOSPINPad@@UAGJPAJ@Z 1000c419 f   PINPadImpl.obj
 0001:0000b457       ?get_ResultCodeExtended@COPOSPINPad@@UAGJPAJ@Z 1000c457 f   PINPadImpl.obj
 0001:0000b46d       ?get_ServiceObjectDescription@COPOSPINPad@@UAGJPAPA_W@Z 1000c46d f   PINPadImpl.obj
 0001:0000b486       ?get_ServiceObjectVersion@COPOSPINPad@@UAGJPAJ@Z 1000c486 f   PINPadImpl.obj
 0001:0000b49c       ?get_State@COPOSPINPad@@UAGJPAJ@Z 1000c49c f   PINPadImpl.obj
 0001:0000b4c8       ?get_TerminalID@COPOSPINPad@@UAGJPAPA_W@Z 1000c4c8 f   PINPadImpl.obj
 0001:0000b4e1       ?get_Track1Data@COPOSPINPad@@UAGJPAPA_W@Z 1000c4e1 f   PINPadImpl.obj
 0001:0000b4fa       ?get_Track2Data@COPOSPINPad@@UAGJPAPA_W@Z 1000c4fa f   PINPadImpl.obj
 0001:0000b513       ?get_Track3Data@COPOSPINPad@@UAGJPAPA_W@Z 1000c513 f   PINPadImpl.obj
 0001:0000b52c       ?get_Track4Data@COPOSPINPad@@UAGJPAPA_W@Z 1000c52c f   PINPadImpl.obj
 0001:0000b545       ?get_TransactionType@COPOSPINPad@@UAGJPAJ@Z 1000c545 f   PINPadImpl.obj
 0001:0000b55e       ?put_AccountNumber@COPOSPINPad@@UAGJPA_W@Z 1000c55e f   PINPadImpl.obj
 0001:0000b577       ?put_Amount@COPOSPINPad@@UAGJTtagCY@@@Z 1000c577 f   PINPadImpl.obj
 0001:0000b618       ?put_BinaryConversion@COPOSPINPad@@UAGJJ@Z 1000c618 f   PINPadImpl.obj
 0001:0000b62e       ?put_DataEventEnabled@COPOSPINPad@@UAGJF@Z 1000c62e f   PINPadImpl.obj
 0001:0000b64b       ?put_DeviceEnabled@COPOSPINPad@@UAGJF@Z 1000c64b f   PINPadImpl.obj
 0001:0000b668       ?put_FreezeEvents@COPOSPINPad@@UAGJF@Z 1000c668 f   PINPadImpl.obj
 0001:0000b6b4       ?put_MaximumPINLength@COPOSPINPad@@UAGJJ@Z 1000c6b4 f   PINPadImpl.obj
 0001:0000b6cd       ?put_MerchantID@COPOSPINPad@@UAGJPA_W@Z 1000c6cd f   PINPadImpl.obj
 0001:0000b6e6       ?put_MinimumPINLength@COPOSPINPad@@UAGJJ@Z 1000c6e6 f   PINPadImpl.obj
 0001:0000b6ff       ?put_PowerNotify@COPOSPINPad@@UAGJJ@Z 1000c6ff f   PINPadImpl.obj
 0001:0000b715       ?put_Prompt@COPOSPINPad@@UAGJJ@Z 1000c715 f   PINPadImpl.obj
 0001:0000b72e       ?put_PromptLanguage@COPOSPINPad@@UAGJJ@Z 1000c72e f   PINPadImpl.obj
 0001:0000b747       ?put_TerminalID@COPOSPINPad@@UAGJPA_W@Z 1000c747 f   PINPadImpl.obj
 0001:0000b760       ?put_Track1Data@COPOSPINPad@@UAGJPA_W@Z 1000c760 f   PINPadImpl.obj
 0001:0000b779       ?put_Track2Data@COPOSPINPad@@UAGJPA_W@Z 1000c779 f   PINPadImpl.obj
 0001:0000b792       ?put_Track3Data@COPOSPINPad@@UAGJPA_W@Z 1000c792 f   PINPadImpl.obj
 0001:0000b7ab       ?put_Track4Data@COPOSPINPad@@UAGJPA_W@Z 1000c7ab f   PINPadImpl.obj
 0001:0000b7c4       ?put_TransactionType@COPOSPINPad@@UAGJJ@Z 1000c7c4 f   PINPadImpl.obj
 0001:0000b7dd       ?s_EventWindowProc@COPOSPINPad@@KGJPAUHWND__@@IIJ@Z 1000c7dd f i PINPadImpl.obj
 0001:0000b82f       ??_U@YAPAXI@Z              1000c82f f   LIBCMT:new_array.obj
 0001:0000b838       ??3@YAXPAXI@Z              1000c838 f   LIBCMT:delete_scalar_size.obj
 0001:0000b846       ??_V@YAXPAX@Z              1000c846 f   LIBCMT:delete_array.obj
 0001:0000b84b       ??_V@YAXPAXI@Z             1000c84b f   LIBCMT:delete_array_size.obj
 0001:0000b89d       ___scrt_acquire_startup_lock 1000c89d f   LIBCMT:utility.obj
 0001:0000b8cf       ___scrt_dllmain_after_initialize_c 1000c8cf f   LIBCMT:utility.obj
 0001:0000b8fa       ___scrt_dllmain_before_initialize_c 1000c8fa f   LIBCMT:utility.obj
 0001:0000b908       ___scrt_dllmain_crt_thread_attach 1000c908 f   LIBCMT:utility.obj
 0001:0000b927       ___scrt_dllmain_crt_thread_detach 1000c927 f   LIBCMT:utility.obj
 0001:0000b934       ___scrt_dllmain_exception_filter 1000c934 f   LIBCMT:utility.obj
 0001:0000b968       ___scrt_dllmain_uninitialize_c 1000c968 f   LIBCMT:utility.obj
 0001:0000b98b       ___scrt_dllmain_uninitialize_critical 1000c98b f   LIBCMT:utility.obj
 0001:0000b998       ___scrt_initialize_crt     1000c998 f   LIBCMT:utility.obj
 0001:0000b9d1       ___scrt_initialize_onexit_tables 1000c9d1 f   LIBCMT:utility.obj
 0001:0000ba58       ___scrt_is_nonwritable_in_current_image 1000ca58 f   LIBCMT:utility.obj
 0001:0000baec       ___scrt_release_startup_lock 1000caec f   LIBCMT:utility.obj
 0001:0000bb09       ___scrt_uninitialize_crt   1000cb09 f   LIBCMT:utility.obj
 0001:0000bb31       __onexit                   1000cb31 f   LIBCMT:utility.obj
 0001:0000bb5e       _atexit                    1000cb5e f   LIBCMT:utility.obj
 0001:0000bb73       ??3@YAXPAX@Z               1000cb73 f   LIBCMT:delete_scalar.obj
 0001:0000bc3d       __Init_thread_footer       1000cc3d f   LIBCMT:thread_safe_statics.obj
 0001:0000bc87       __Init_thread_header       1000cc87 f   LIBCMT:thread_safe_statics.obj
 0001:0000bcd9       __Init_thread_notify       1000ccd9 f   LIBCMT:thread_safe_statics.obj
 0001:0000bd0f       __Init_thread_wait         1000cd0f f   LIBCMT:thread_safe_statics.obj
 0001:0000bd5d       ___raise_securityfailure   1000cd5d f   LIBCMT:gs_report.obj
 0001:0000bd85       ___report_gsfailure        1000cd85 f   LIBCMT:gs_report.obj
 0001:0000be7e       ___report_rangecheckfailure 1000ce7e f   LIBCMT:gs_report.obj
 0001:0000be8a       ___report_securityfailure  1000ce8a f   LIBCMT:gs_report.obj
 0001:0000bf58       ??2@YAPAXIABUnothrow_t@std@@@Z 1000cf58 f   LIBCMT:new_scalar_nothrow.obj
 0001:0000bfad       ??_U@YAPAXIABUnothrow_t@std@@@Z 1000cfad f   LIBCMT:new_array_nothrow.obj
 0001:0000bfb6       @__security_check_cookie@4 1000cfb6 f   LIBCMT:secchk.obj
 0001:0000bfd0       __SEH_prolog4_GS           1000cfd0 f   LIBCMT:sehprolg4gs.obj
 0001:0000c017       __SEH_epilog4_GS           1000d017 f   LIBCMT:sehprolg4gs.obj
 0001:0000c030       __alloca_probe_16          1000d030 f   LIBCMT:alloca16.obj
 0001:0000c046       __alloca_probe_8           1000d046     LIBCMT:alloca16.obj
 0001:0000c060       __alloca_probe             1000d060 f   LIBCMT:chkstk.obj
 0001:0000c060       __chkstk                   1000d060 f   LIBCMT:chkstk.obj
 0001:0000c3cd       __DllMainCRTStartup@12     1000d3cd f   LIBCMT:dll_dllmain.obj
 0001:0000c3f0       ??2@YAPAXI@Z               1000d3f0 f   LIBCMT:new_scalar.obj
 0001:0000c420       ___isa_available_init      1000d420 f   LIBCMT:cpu_disp.obj
 0001:0000c5f0       ___scrt_is_ucrt_dll_in_use 1000d5f0 f   LIBCMT:ucrt_detection.obj
 0001:0000c5fc       ___scrt_fastfail           1000d5fc f   LIBCMT:utility_desktop.obj
 0001:0000c716       __crt_debugger_hook        1000d716 f   LIBCMT:utility_desktop.obj
 0001:0000c720       __SEH_prolog4              1000d720 f   LIBCMT:sehprolg4.obj
 0001:0000c764       __SEH_epilog4              1000d764 f   LIBCMT:sehprolg4.obj
 0001:0000c778       @_guard_check_icall_nop@4  1000d778 f i LIBCMT:guard_support.obj
 0001:0000c7c8       ___security_init_cookie    1000d7c8 f   LIBCMT:gs_support.obj
 0001:0000c813       ?__scrt_initialize_type_info@@YAXXZ 1000d813 f   LIBCMT:tncleanup.obj
 0001:0000c81f       ?__scrt_uninitialize_type_info@@YAXXZ 1000d81f f   LIBCMT:tncleanup.obj
 0001:0000c82b       ___local_stdio_scanf_options 1000d82b f i LIBCMT:default_local_stdio_options.obj
 0001:0000c831       ___scrt_initialize_default_local_stdio_options 1000d831 f   LIBCMT:default_local_stdio_options.obj
[...]
 0002:000031c8       ?strings@?1??fp_format_nan_or_infinity@@YAHW4__acrt_fp_class@@_NPADI1@Z@4QAY03QBDA 100231c8     libucrt:cvt.obj
 0002:00003710       ?_mb_locale_names@@3QBQB_WB 10023710     libucrt:mbctype.obj
 0002:00003f58       ?LcidToLocaleNameTable@?A0x881e4c05@@3QBULcidToLocaleName@1@B 10023f58     libucrt:lcidtoname_downlevel.obj
 0002:00005080       ?LocaleNameToIndexTable@?A0x881e4c05@@3QBULocaleNameIndex@1@B 10025080     libucrt:lcidtoname_downlevel.obj
 0002:000069c0       LOG_name                   100269c0     libucrt:log10_impl.obj
 0002:000069d0       _One                       100269d0     libucrt:ceil_pentium4.obj
 0002:000069e0       _Bns                       100269e0     libucrt:ceil_pentium4.obj
 0002:000069f0       _Zero                      100269f0     libucrt:ceil_pentium4.obj
 0002:00006a00       _S                         10026a00     libucrt:ceil_pentium4.obj
 0002:00006a10       _NegZero                   10026a10     libucrt:ceil_pentium4.obj
 0002:00006a20       emask                      10026a20     libucrt:log10_pentium4.obj
 0002:00006a30       CC                         10026a30     libucrt:log10_pentium4.obj
 0002:00006a40       Magic                      10026a40     libucrt:log10_pentium4.obj
 0002:00006a50       hi_mask                    10026a50     libucrt:log10_pentium4.obj
 0002:00006a60       LOG10_2                    10026a60     libucrt:log10_pentium4.obj
 0002:00006a70       place_L                    10026a70     libucrt:log10_pentium4.obj
 0002:00006a90       One                        10026a90     libucrt:log10_pentium4.obj
 0002:00006aa0       Zero                       10026aa0     libucrt:log10_pentium4.obj
 0002:00006ab0       Two52                      10026ab0     libucrt:log10_pentium4.obj
 0002:00006ac0       Infs                       10026ac0     libucrt:log10_pentium4.obj
 0002:00006ad0       NaN                        10026ad0     libucrt:log10_pentium4.obj
 0002:00006ae0       coeff                      10026ae0     libucrt:log10_pentium4.obj
 0002:00006b3e       _log2max                   10026b3e     libucrt:87tran.obj
 0002:00006b48       _smallarg                  10026b48     libucrt:87tran.obj
 0002:00006b52       _half                      10026b52     libucrt:87tran.obj
 0002:00006b9e       One                        10026b9e     libucrt:87disp.obj
 0002:00006ba6       Three                      10026ba6     libucrt:87disp.obj
 0002:00006bae       XAMtoTagTab                10026bae     libucrt:87disp.obj
 0002:00006bc0       One                        10026bc0     libucrt:common.obj
 0002:00006bd4       DblMax                     10026bd4     libucrt:common.obj
 0002:00006bdc       DblMin                     10026bdc     libucrt:common.obj
 0002:00006be4       IeeeAdjO                   10026be4     libucrt:common.obj
 0002:00006bec       IeeeAdjU                   10026bec     libucrt:common.obj
 0002:00006bf4       _infinity                  10026bf4     libucrt:common.obj
 0002:00006bfc       _zero                      10026bfc     libucrt:common.obj
 0002:00006c48       _over                      10026c48     libucrt:fpctrl.obj
 0002:00006c54       _under                     10026c54     libucrt:fpctrl.obj
 0002:00007488       ?_names@?1??_get_fname@@9@9 10027488     libucrt:fpexcept.obj
 0002:00007630       two32                      10027630     LIBCMT:ftol2.obj
 0002:00007634       two63                      10027634     LIBCMT:ftol2.obj
 0002:00007638       _NaN                       10027638     LIBCMT:ftol2.obj
 0002:00007d28       __sehtable$?_AtlVerifyStackAvailable@_ATL_SAFE_ALLOCA_IMPL@ATL@@YA_NK@Z 10027d28     PINPad.obj
 0002:00007d48       __sehtable$___scrt_is_nonwritable_in_current_image 10027d48     LIBCMT:utility.obj
 0002:00007d64       __catchsym$??2@YAPAXIABUnothrow_t@std@@@Z$2 10027d64     LIBCMT:new_scalar_nothrow.obj
 0002:00007d74       __unwindtable$??2@YAPAXIABUnothrow_t@std@@@Z 10027d74     LIBCMT:new_scalar_nothrow.obj
 0002:00007d84       __tryblocktable$??2@YAPAXIABUnothrow_t@std@@@Z 10027d84     LIBCMT:new_scalar_nothrow.obj
 0002:00007d98       __ehfuncinfo$??2@YAPAXIABUnothrow_t@std@@@Z 10027d98     LIBCMT:new_scalar_nothrow.obj
 0002:00007dc0       __sehtable$?dllmain_crt_process_attach@@YAHQAUHINSTANCE__@@QAX@Z 10027dc0     LIBCMT:dll_dllmain.obj
 0002:00007de0       __sehtable$?dllmain_crt_process_detach@@YAH_N@Z 10027de0     LIBCMT:dll_dllmain.obj
 0002:00007e08       __sehtable$?dllmain_dispatch@@YAHQAUHINSTANCE__@@KQAX@Z 10027e08     LIBCMT:dll_dllmain.obj
 0002:00007eb8       __sehtable$___DestructExceptionObject 10027eb8     libvcruntime:ehhelpers.obj
 0002:00007ed8       __sehtable$?FrameUnwindToState@__FrameHandler3@@SAXPAUEHRegistrationNode@@PAXPBU_s_FuncInfo@@H@Z 10027ed8     libvcruntime:frame.obj
 0002:00007f00       __sehtable$?CallCatchBlock@@YAPAXPAUEHExceptionRecord@@PAUEHRegistrationNode@@PAU_CONTEXT@@PBU_s_FuncInfo@@PAXHK@Z 10027f00     libvcruntime:frame.obj
 0002:00007f28       __catchsym$?CallUnexpected@@YAXPBU_s_ESTypeList@@@Z$2 10027f28     libvcruntime:frame.obj
 0002:00007f38       __unwindtable$?CallUnexpected@@YAXPBU_s_ESTypeList@@@Z 10027f38     libvcruntime:frame.obj
 0002:00007f48       __tryblocktable$?CallUnexpected@@YAXPBU_s_ESTypeList@@@Z 10027f48     libvcruntime:frame.obj
 0002:00007f5c       __ehfuncinfo$?CallUnexpected@@YAXPBU_s_ESTypeList@@@Z 10027f5c     libvcruntime:frame.obj
 0002:00007f80       __sehtable$??$BuildCatchObjectHelperInternal@V__FrameHandler3@@@@YAHPAUEHExceptionRecord@@PAXPBU_s_HandlerType@@PBU_s_CatchableType@@@Z 10027f80     libvcruntime:frame.obj
 0002:00007fa0       __sehtable$??$BuildCatchObjectInternal@V__FrameHandler3@@@@YAXPAUEHExceptionRecord@@PAXPBU_s_HandlerType@@PBU_s_CatchableType@@@Z 10027fa0     libvcruntime:frame.obj
 0002:00007ff8       __sehtable$??R<lambda_6e4b09c48022b2350581041d5f6b0c4c>@@QBE@XZ 10027ff8     libucrt:exit.obj
 0002:00008018       __sehtable$??$?RV<lambda_03b1d95aef87969028cfba75ccab2455>@@AAV<lambda_6e4b09c48022b2350581041d5f6b0c4c>@@V<lambda_22bdf7517842c4b3e53723af5aa32b9e>@@@?$__crt_seh_guarded_call@X@@QAEX$$QAV<lambda_03b1d95aef87969028cfba75ccab2455>@@AAV<lambda_6e4b09c48022b2350581041d5f6b0c4c>@@$$QAV<lambda_22bdf7517842c4b3e53723af5aa32b9e>@@@Z 10028018     libucrt:exit.obj
 0002:00008038       __sehtable$??$?RV<lambda_8e746cf0007f6ed984d6f78af1fec997>@@AAV<lambda_22ebabd17bc4fa466a2aca6d8deb888d>@@V<lambda_18ed0c0b38a6dc0daf1e7ac6d6adf05e>@@@?$__crt_seh_guarded_call@H@@QAEH$$QAV<lambda_8e746cf0007f6ed984d6f78af1fec997>@@AAV<lambda_22ebabd17bc4fa466a2aca6d8deb888d>@@$$QAV<lambda_18ed0c0b38a6dc0daf1e7ac6d6adf05e>@@@Z 10028038     libucrt:onexit.obj
 0002:00008058       __sehtable$??$?RV<lambda_69a2805e680e0e292e8ba93315fe43a8>@@AAV<lambda_f03950bc5685219e0bcd2087efbe011e>@@V<lambda_03fcd07e894ec930e3f35da366ca99d6>@@@?$__crt_seh_guarded_call@H@@QAEH$$QAV<lambda_69a2805e680e0e292e8ba93315fe43a8>@@AAV<lambda_f03950bc5685219e0bcd2087efbe011e>@@$$QAV<lambda_03fcd07e894ec930e3f35da366ca99d6>@@@Z 10028058     libucrt:onexit.obj
 0002:00008078       __sehtable$__query_new_handler 10028078     libucrt:new_handler.obj
 0002:00008098       __sehtable$_terminate      10028098     libucrt:terminate.obj
 0002:000080b8       __sehtable$??$?RV<lambda_15ade71b0218206bbe3333a0c9b79046>@@AAV<lambda_da44e0f8b0f19ba52fefafb335991732>@@V<lambda_207f2d024fc103971653565357d6cd41>@@@?$__crt_seh_guarded_call@X@@QAEX$$QAV<lambda_15ade71b0218206bbe3333a0c9b79046>@@AAV<lambda_da44e0f8b0f19ba52fefafb335991732>@@$$QAV<lambda_207f2d024fc103971653565357d6cd41>@@@Z 100280b8     libucrt:per_thread_data.obj
 0002:000080d8       __sehtable$??$?RV<lambda_a7e850c220f1c8d1e6efeecdedd162c6>@@AAV<lambda_46720907175c18b6c9d2717bc0d2d362>@@V<lambda_9048902d66e8d99359bc9897bbb930a8>@@@?$__crt_seh_guarded_call@X@@QAEX$$QAV<lambda_a7e850c220f1c8d1e6efeecdedd162c6>@@AAV<lambda_46720907175c18b6c9d2717bc0d2d362>@@$$QAV<lambda_9048902d66e8d99359bc9897bbb930a8>@@@Z 100280d8     libucrt:per_thread_data.obj
 0002:000080f8       __sehtable$??$?RV<lambda_38edbb1296d33220d7e4dd0ed76b244a>@@AAV<lambda_5ce1d447e08cb34b2473517608e21441>@@V<lambda_fb385d3da700c9147fc39e65dd577a8c>@@@?$__crt_seh_guarded_call@X@@QAEX$$QAV<lambda_38edbb1296d33220d7e4dd0ed76b244a>@@AAV<lambda_5ce1d447e08cb34b2473517608e21441>@@$$QAV<lambda_fb385d3da700c9147fc39e65dd577a8c>@@@Z 100280f8     libucrt:per_thread_data.obj
 0002:00008118       __sehtable$??$?RV<lambda_6affb1475c98b40b75cdec977db92e3c>@@AAV<lambda_b8d4b9c228a6ecc3f80208dbb4b4a104>@@V<lambda_608742c3c92a14382c1684fc64f96c88>@@@?$__crt_seh_guarded_call@X@@QAEX$$QAV<lambda_6affb1475c98b40b75cdec977db92e3c>@@AAV<lambda_b8d4b9c228a6ecc3f80208dbb4b4a104>@@$$QAV<lambda_608742c3c92a14382c1684fc64f96c88>@@@Z 10028118     libucrt:per_thread_data.obj
 0002:00008138       __sehtable$??$?RV<lambda_e5124f882df8998aaf41531e079ba474>@@AAV<lambda_3e16ef9562a7dcce91392c22ab16ea36>@@V<lambda_e25ca0880e6ef98be67edffd8c599615>@@@?$__crt_seh_guarded_call@X@@QAEX$$QAV<lambda_e5124f882df8998aaf41531e079ba474>@@AAV<lambda_3e16ef9562a7dcce91392c22ab16ea36>@@$$QAV<lambda_e25ca0880e6ef98be67edffd8c599615>@@@Z 10028138     libucrt:wsetlocale.obj
 0002:00008158       __sehtable$___acrt_initialize_lowio 10028158     libucrt:ioinit.obj
 0002:00008178       __sehtable$?update_thread_multibyte_data_internal@@YAPAU__crt_multibyte_data@@QAU__acrt_ptd@@QAPAU1@@Z 10028178     libucrt:mbctype.obj
 0002:00008198       __sehtable$??$?RV<lambda_ceb1ee4838e85a9d631eb091e2fbe199>@@AAV<lambda_ae742caa10f662c28703da3d2ea5e57e>@@V<lambda_cd08b5d6af4937fe54fc07d0c9bf6b37>@@@?$__crt_seh_guarded_call@X@@QAEX$$QAV<lambda_ceb1ee4838e85a9d631eb091e2fbe199>@@AAV<lambda_ae742caa10f662c28703da3d2ea5e57e>@@$$QAV<lambda_cd08b5d6af4937fe54fc07d0c9bf6b37>@@@Z 10028198     libucrt:mbctype.obj
 0002:000081b8       __sehtable$_raise          100281b8     libucrt:signal.obj
 0002:000081d8       __sehtable$??$?RV<lambda_cbab9ec6f41b0180b23cc171c22676b0>@@AAV<lambda_44731a7d0e6d81c3e6aa82d741081786>@@V<lambda_4b292cb8dd18144e164572427af410ab>@@@?$__crt_seh_guarded_call@P6AXH@Z@@QAEP6AXH@Z$$QAV<lambda_cbab9ec6f41b0180b23cc171c22676b0>@@AAV<lambda_44731a7d0e6d81c3e6aa82d741081786>@@$$QAV<lambda_4b292cb8dd18144e164572427af410ab>@@@Z 100281d8     libucrt:signal.obj
 0002:000081f8       __sehtable$??$?RV<lambda_2866be3712abc81a800a822484c830d8>@@AAV<lambda_39ca0ed439415581b5b15c265174cece>@@V<lambda_2b24c74d71094a6cd0cb82e44167d71b>@@@?$__crt_seh_guarded_call@X@@QAEX$$QAV<lambda_2866be3712abc81a800a822484c830d8>@@AAV<lambda_39ca0ed439415581b5b15c265174cece>@@$$QAV<lambda_2b24c74d71094a6cd0cb82e44167d71b>@@@Z 100281f8     libucrt:fflush.obj
 0002:00008218       __sehtable$??$?RV<lambda_2cc53f568c5a2bb6f192f930a45d44ea>@@AAV<lambda_ab61a845afdef5b7c387490eaf3616ee>@@V<lambda_c2ffc0b7726aa6be21d5f0026187e748>@@@?$__crt_seh_guarded_call@X@@QAEX$$QAV<lambda_2cc53f568c5a2bb6f192f930a45d44ea>@@AAV<lambda_ab61a845afdef5b7c387490eaf3616ee>@@$$QAV<lambda_c2ffc0b7726aa6be21d5f0026187e748>@@@Z 10028218     libucrt:fflush.obj
 0002:00008238       __sehtable$___acrt_update_thread_locale_data 10028238     libucrt:locale_refcounting.obj
 0002:00008258       __sehtable$__fcloseall     10028258     libucrt:closeall.obj
 0002:00008278       __sehtable$___acrt_lowio_ensure_fh_exists 10028278     libucrt:osfinfo.obj
 0002:00008298       __sehtable$??$?RV<lambda_9e9de3de5fa147e2223d7db92bc10aa6>@@AAV<lambda_38ce7e780aa69e748d6df282ebc68efe>@@V<lambda_8ca6da459f0f6780f1cff60fdc3d00e5>@@@?$__crt_seh_guarded_call@H@@QAEH$$QAV<lambda_9e9de3de5fa147e2223d7db92bc10aa6>@@AAV<lambda_38ce7e780aa69e748d6df282ebc68efe>@@$$QAV<lambda_8ca6da459f0f6780f1cff60fdc3d00e5>@@@Z 10028298     libucrt:commit.obj
 0002:000082b8       __sehtable$__write         100282b8     libucrt:write.obj
 0002:000082d8       __sehtable$_fclose         100282d8     libucrt:fclose.obj
 0002:000082f8       __sehtable$??$?RV<lambda_218ce3db14220d0be481dae8ef3383b6>@@AAV<lambda_628dfdc04ba53c8bfc02c9951375f3f5>@@V<lambda_57dc472bd5c9d5f3b2cbca59b8a843ae>@@@?$__crt_seh_guarded_call@H@@QAEH$$QAV<lambda_218ce3db14220d0be481dae8ef3383b6>@@AAV<lambda_628dfdc04ba53c8bfc02c9951375f3f5>@@$$QAV<lambda_57dc472bd5c9d5f3b2cbca59b8a843ae>@@@Z 100282f8     libucrt:close.obj
 0002:00008318       __sehtable$___set_fpsr_sse2 10028318     libucrt:fpctrl.obj
 0002:00008338       __sehtable$__IsNonwritableInCurrentImage 10028338     LIBCMT:pesect.obj
 0002:00008360       .edata                     10028360     OPOSPINPad.exp
 0002:00008388       rgpv                       10028388     OPOSPINPad.exp
 0002:00008398       rgszName                   10028398     OPOSPINPad.exp
 0002:000083a8       rgwOrd                     100283a8     OPOSPINPad.exp
 0002:000083b0       szName                     100283b0     OPOSPINPad.exp
 0002:000083bf       $N00001                    100283bf     OPOSPINPad.exp
 0002:000083cf       $N00002                    100283cf     OPOSPINPad.exp
 0002:000083e1       $N00003                    100283e1     OPOSPINPad.exp
 0002:000083f3       $N00004                    100283f3     OPOSPINPad.exp
 0002:00008a02       .idata$6                   10028a02     kernel32:KERNEL32.dll
 0002:00008c16       .idata$6                   10028c16     user32:USER32.dll
 0002:00008d4a       .idata$6                   10028d4a     gdi32:GDI32.dll
 0002:00008df0       .idata$6                   10028df0     advapi32:ADVAPI32.dll
 0002:00008f0c       .idata$6                   10028f0c     ole32:ole32.dll
 0002:00008f16       .idata$6                   10028f16     oleaut32:OLEAUT32.dll
 0003:00000110       ?ObjectMap@@3PAU_ATL_OBJMAP_ENTRY30@ATL@@A 1002a110     PINPad.obj
 0003:000001c0       ?s_SOMethodNames@@3PAPADA  1002a1c0     PINPadImpl.obj
 0003:0000022c       ?s_RequiredMethodsPerRelease@@3PAHA 1002a22c     PINPadImpl.obj
 0003:00000270       ?__vcrt_flsindex@@3KA      1002a270     libvcruntime:per_thread_data.obj
 0003:00000290       ?errno_no_memory@@3HA      1002a290     libucrt:errno.obj
 0003:00000294       ?doserrno_no_memory@@3KA   1002a294     libucrt:errno.obj
 0003:000002a0       ?__acrt_flsindex@@3KA      1002a2a0     libucrt:per_thread_data.obj
 0003:00000638       __mbctypes                 1002a638     libucrt:mbctype.obj
 0003:00000740       __mbcasemaps               1002a740     libucrt:mbctype.obj
 0003:00000840       ?__rgctypeflag@@3PADA      1002a840     libucrt:mbctype.obj
 0003:00000848       ?__rgcode_page_info@@3PAUcode_page_info@@A 1002a848     libucrt:mbctype.obj
 0003:00000aa0       ?__dcrt_lowio_console_output_handle@@3PAXA 1002aaa0     libucrt:initcon.obj
 0003:00000aa4       ?__DAZ_ENABLED@?1??__set_fpsr_sse2@@9@9 1002aaa4     libucrt:fpctrl.obj
 0003:00000c38       ?is_initialized_as_dll@@3_NA 1002ac38     LIBCMT:utility.obj
 0003:00000c39       ?module_local_atexit_table_initialized@@3_NA 1002ac39     LIBCMT:utility.obj
 0003:00000c3c       ?module_local_atexit_table@@3U_onexit_table_t@@A 1002ac3c     LIBCMT:utility.obj
 0003:00000c48       ?module_local_at_quick_exit_table@@3U_onexit_table_t@@A 1002ac48     LIBCMT:utility.obj
 0003:00000c54       ?g_tss_cv@@3U_RTL_CONDITION_VARIABLE@@A 1002ac54     LIBCMT:thread_safe_statics.obj
 0003:00000c58       ?g_tss_event@@3PAXA        1002ac58     LIBCMT:thread_safe_statics.obj
 0003:00000c5c       ?g_tss_mutex@@3U_RTL_CRITICAL_SECTION@@A 1002ac5c     LIBCMT:thread_safe_statics.obj
 0003:00000c74       ?g_sleep_condition_variable_cs@@3P6GHPAU_RTL_CONDITION_VARIABLE@@PAU_RTL_CRITICAL_SECTION@@K@ZA 1002ac74     LIBCMT:thread_safe_statics.obj
 0003:00000c78       ?g_wake_all_condition_variable@@3P6GXPAU_RTL_CONDITION_VARIABLE@@@ZA 1002ac78     LIBCMT:thread_safe_statics.obj
 0003:00000c80       _GS_ExceptionRecord        1002ac80     LIBCMT:gs_report.obj
 0003:00000cd0       _GS_ContextRecord          1002acd0     LIBCMT:gs_report.obj
 0003:00000fa0       ?__proc_attached@@3HA      1002afa0     LIBCMT:dll_dllmain.obj
 0003:00001004       ?AllocateData@@3P6GPAUAtlThunkData_t@@XZA 1002b004     atls:atlthunk.obj
 0003:00001008       ?InitData@@3P6GXPAUAtlThunkData_t@@PAXI@ZA 1002b008     atls:atlthunk.obj
 0003:0000100c       ?DataToCode@@3P6GP6GJPAUHWND__@@IIJ@ZPAUAtlThunkData_t@@@ZA 1002b00c     atls:atlthunk.obj
 0003:00001010       ?FreeData@@3P6GXPAUAtlThunkData_t@@@ZA 1002b010     atls:atlthunk.obj
 0003:00001014       ?Initialized@@3_NA         1002b014     atls:atlthunk.obj
 0003:00001024       ?__vcrt_startup_thread_ptd@@3U__vcrt_ptd@@A 1002b024     libvcruntime:per_thread_data.obj
 0003:0000104c       ___vcrt_lock_table         1002b04c     libvcruntime:locks.obj
 0003:00001064       ___vcrt_locks_initialized  1002b064     libvcruntime:locks.obj
 0003:00001090       ?heap@@3V_HeapManager@@A   1002b090     libvcruntime:undname.obj
 0003:000010a4       ?module_handles@@3PAPAUHINSTANCE__@@A 1002b0a4     libvcruntime:winapi_downlevel.obj
 0003:000010b0       ?function_pointers@@3PAPAXA 1002b0b0     libvcruntime:winapi_downlevel.obj
 0003:000010c4       ?__acrt_invalid_parameter_handler@@3V?$dual_state_global@P6AXPB_W00II@Z@__crt_state_management@@A 1002b0c4     libucrt:invalid_parameter.obj
 0003:000010c8       ?c_termination_complete@@3JA 1002b0c8     libucrt:exit.obj
 0003:000010cc       ?thread_local_exit_callback_func@@3P6GXPAXK0@ZA 1002b0cc     libucrt:exit.obj
 0003:000010d8       ?program_name@?1???$common_configure_argv@D@@YAHW4_crt_argv_mode@@@Z@4PADA 1002b0d8     libucrt:argv_parsing.obj
 0003:00001208       ?__acrt_new_handler@@3V?$dual_state_global@P6AHI@Z@__crt_state_management@@A 1002b208     libucrt:new_handler.obj
 0003:00001210       ?module_handles@@3PAPAUHINSTANCE__@@A 1002b210     libucrt:winapi_thunks.obj
 0003:00001260       ?encoded_function_pointers@@3PAPAXA 1002b260     libucrt:winapi_thunks.obj
 0003:000012e8       ?internal_state@?1??_mbtowc_l@@9@4U_Mbstatet@@A 1002b2e8     libucrt:mbtowc.obj
 0003:000012f8       ?enable_percent_n@@3IA     1002b2f8     libucrt:printf_count_output.obj
 0003:00001518       ?__acrt_lock_table@@3PAU_RTL_CRITICAL_SECTION@@A 1002b518     libucrt:locks.obj
 0003:00001668       ?__acrt_locks_initialized@@3IA 1002b668     libucrt:locks.obj
 0003:00001678       ?fSystemSet@@3HA           1002b678     libucrt:mbctype.obj
 0003:0000167c       ?initialized@?1??__acrt_initialize_multibyte@@9@4_NA 1002b67c     libucrt:mbctype.obj
 0003:0000169c       ?ctrlc_action@@3V?$dual_state_global@P6AXH@Z@__crt_state_management@@A 1002b69c     libucrt:signal.obj
 0003:000016a0       ?ctrlbreak_action@@3V?$dual_state_global@P6AXH@Z@__crt_state_management@@A 1002b6a0     libucrt:signal.obj
 0003:000016a4       ?abort_action@@3V?$dual_state_global@P6AXH@Z@__crt_state_management@@A 1002b6a4     libucrt:signal.obj
 0003:000016a8       ?term_action@@3V?$dual_state_global@P6AXH@Z@__crt_state_management@@A 1002b6a8     libucrt:signal.obj
 0003:000016ac       ?user_matherr@@3V?$dual_state_global@P6AHPAU_exception@@@Z@__crt_state_management@@A 1002b6ac     libucrt:matherr.obj
 0003:000016b0       ?__acrt_global_new_mode@@3V?$dual_state_global@J@__crt_state_management@@A 1002b6b0     libucrt:new_mode.obj
 0003:000016bc       ?internal_pst@?1??__mbrtoc32_utf8@__crt_mbstring@@YAIPA_UPBDIPAU_Mbstatet@@@Z@4U3@A 1002b6bc     libucrt:mbrtoc32.obj
 0003:000016c4       ?__acrt_app_type@@3W4_crt_app_type@@A 1002b6c4     libucrt:report_runtime_error.obj
 0003:000016cc       __pmatherr_set             1002b6cc     libucrt:libm_error.obj
 0004:00000220       $R000000                   1002c220     PINPad.res
 0004:00000ba0       $R000980                   1002cba0     PINPad.res
 0004:00000c88       $R000A68                   1002cc88     PINPad.res
 0004:00000ef0       $R000CD0                   1002cef0     PINPad.res
 0004:00001438       $R001218                   1002d438     PINPad.res
 0004:00004c18       $R0049F8                   10030c18     PINPad.res
 0004:00004c48       $R004A28                   10030c48     PINPad.res
