 OPOSMICR

 Timestamp is 5b863e0e (Wed Aug 29 15:32:46 2018)

 Preferred load address is 10000000

 Start         Length     Name                   Class
 0001:00000000 00000080H .text$di                CODE
 0001:00000080 0001cfebH .text$mn                CODE
 0001:0001d06b 00000051H .text$x                 CODE
 0001:0001d0bc 00000042H .text$yd                CODE
 0002:00000000 000002fcH .idata$5                DATA
 0002:000002fc 00000004H .00cfg                  DATA
 0002:00000300 00000004H .CRT$XCA                DATA
 0002:00000304 00000004H .CRT$XCL                DATA
 0002:00000308 00000010H .CRT$XCU                DATA
 0002:00000318 00000004H .CRT$XCZ                DATA
 0002:0000031c 00000004H .CRT$XIA                DATA
 0002:00000320 00000010H .CRT$XIC                DATA
 0002:00000330 00000004H .CRT$XIZ                DATA
 0002:00000334 00000004H .CRT$XLA                DATA
 0002:00000338 00000004H .CRT$XLZ                DATA
 0002:0000033c 00000004H .CRT$XPA                DATA
 0002:00000340 00000008H .CRT$XPX                DATA
 0002:00000348 00000004H .CRT$XPXA               DATA
 0002:0000034c 00000004H .CRT$XPZ                DATA
 0002:00000350 00000004H .CRT$XTA                DATA
 0002:00000354 0000000cH .CRT$XTZ                DATA
 0002:00000358 00000000H .gfids$y                DATA
 0002:00000360 00006da8H .rdata                  DATA
 0002:00007108 00000018H .rdata$T                DATA
 0002:00007120 00000180H .rdata$r                DATA
 0002:000072a0 00000020H .rdata$sxdata           DATA
 0002:000072c0 000003d8H .rdata$zzzdbg           DATA
 0002:00007698 00000004H .rtc$IAA                DATA
 0002:0000769c 00000004H .rtc$IZZ                DATA
 0002:000076a0 00000004H .rtc$TAA                DATA
 0002:000076a4 00000004H .rtc$TZZ                DATA
 0002:000076a8 00000004H .tls                    DATA
 0002:000076ac 00000004H .tls$                   DATA
 0002:000076b0 00000008H .tls$ZZZ                DATA
 0002:000076b8 00000624H .xdata$x                DATA
 0002:00007cdc 00000004H ATL$__a                 DATA
 0002:00007ce0 00000010H ATL$__z                 DATA
 0002:00007cf0 000000a8H .edata                  DATA
 0002:00007d98 00000078H .idata$2                DATA
 0002:00007e10 00000014H .idata$3                DATA
 0002:00007e24 000002fcH .idata$4                DATA
 0002:00008120 00000bc0H .idata$6                DATA
 0003:00000000 000009a0H .data                   DATA
 0003:000009a0 00000098H .data$r                 DATA
 0003:00000a38 00000b68H .bss                    DATA
 0004:00000000 00000220H .rsrc$01                DATA
 0004:00000220 00003fc0H .rsrc$02                DATA

  Address         Publics by Value              Rva+Base       Lib:Object

 0000:00000000       ___guard_iat_count         00000000     <absolute>
 0000:00000000       ___guard_longjmp_count     00000000     <absolute>
 0000:00000000       ___guard_fids_count        00000000     <absolute>
 0000:00000000       ___guard_longjmp_table     00000000     <absolute>
 0000:00000000       ___hybrid_code_map_count   00000000     <absolute>
 0000:00000000       __except_list              00000000     <absolute>
 0000:00000000       ___guard_fids_table        00000000     <absolute>
 0000:00000000       ___hybrid_auxiliary_iat    00000000     <absolute>
 0000:00000000       ___dynamic_value_reloc_table 00000000     <absolute>
 0000:00000000       ___guard_iat_table         00000000     <absolute>
 0000:00000000       ___volatile_metadata       00000000     <absolute>
 0000:00000000       ___enclave_config          00000000     <absolute>
 0000:00000000       ___hybrid_code_map         00000000     <absolute>
 0000:00000008       ___safe_se_handler_count   00000008     <absolute>
 0000:0000002c       __tls_array                0000002c     <absolute>
 0000:00000100       ___guard_flags             00000100     <absolute>
 0000:00000000       ___ImageBase               10000000     <linker-defined>
 0001:00000080       ?DupWide@_CW@@AAEXXZ       10001080 f   CWString.obj
 0001:0000009c       ?cw_dup@@YGXPBDAAHAAPA_W1@Z 1000109c f   CWString.obj
 0001:0000010b       ?cw_memcpy@@YGHPA_WPBDH@Z  1000110b f   CWString.obj
 0001:00000137       ?cw_strcpy@@YAHPA_WPBD@Z   10001137 f   CWString.obj
 0001:0000014a       ?cw_strlen@@YAHPBD@Z       1000114a f   CWString.obj
 0001:00000163       ??0CAtlComModule@ATL@@QAE@XZ 10001163 f i OposVariant.obj
 0001:000001a8       ??0CAtlWinModule@ATL@@QAE@XZ 100011a8 f i OposVariant.obj
 0001:000001df       ??0OposDispParms@@QAE@PAVOposVariant@@H@Z 100011df f   OposVariant.obj
 0001:00000250       ??1OposDispParms@@QAE@XZ   10001250 f   OposVariant.obj
 0001:0000025e       ??A?$CSimpleArray@GV?$CSimpleArrayEqualHelper@G@ATL@@@ATL@@QAEAAGH@Z 1000125e f i OposVariant.obj
 0001:00000283       ??_Estringdispid@CComTypeInfoHolder@ATL@@QAEPAXI@Z 10001283 f i OposVariant.obj
 0001:000002ef       ?AtlWinModuleInit@ATL@@YGJPAU_ATL_WIN_MODULE70@1@@Z 100012ef f i OposVariant.obj
 0001:00000315       ?AtlWinModuleTerm@ATL@@YGJPAU_ATL_WIN_MODULE70@1@PAUHINSTANCE__@@@Z 10001315 f i OposVariant.obj
 0001:00000378       ?ChangeBSTR@OposVariant@@QAEXPAPA_WAAJ@Z 10001378 f   OposVariant.obj
 0001:000003b9       ?ChangeLONG@OposVariant@@QAEXPAJAAJ@Z 100013b9 f   OposVariant.obj
 0001:000003fa       ?GetLONG@OposVariant@@QAEJXZ 100013fa f   OposVariant.obj
 0001:00000415       ?Init@CComCriticalSection@ATL@@QAEJXZ 10001415 f i OposVariant.obj
 0001:0000043c       ?RemoveAll@?$CSimpleArray@PAUHINSTANCE__@@V?$CSimpleArrayEqualHelper@PAUHINSTANCE__@@@ATL@@@ATL@@QAEXXZ 1000143c f i atls:atlbase.obj
 0001:0000043c       ?RemoveAll@?$CSimpleArray@GV?$CSimpleArrayEqualHelper@G@ATL@@@ATL@@QAEXXZ 1000143c f i OposVariant.obj
 0001:00000459       ?SetBSTR@OposVariant@@QAEXPA_WAAJ@Z 10001459 f   OposVariant.obj
 0001:0000048d       ?SetBSTR_Copy@OposVariant@@QAEXPA_WAAJ@Z 1000148d f   OposVariant.obj
 0001:000004dd       ?SetBSTR_InOutPtr@OposVariant@@QAE_NPAPA_WAAJ@Z 100014dd f   OposVariant.obj
 0001:00000514       ?SetDispatch_Ptr@OposVariant@@QAEXPAUIDispatch@@AAJ@Z 10001514 f   OposVariant.obj
 0001:0000054f       ?SetLONG@OposVariant@@QAEXJ@Z 1000154f f   OposVariant.obj
 0001:00000571       ?SetLONG_Ptr@OposVariant@@QAEXPAJAAJ@Z 10001571 f   OposVariant.obj
 0001:000005a4       ?SetString@OposVariant@@QAEXPB_WAAJ@Z 100015a4 f   OposVariant.obj
 0001:000005ea       ?SetVARIANT_BOOL@OposVariant@@QAEXF@Z 100015ea f   OposVariant.obj
 0001:00000614       ?Term@CAtlComModule@ATL@@QAEXXZ 10001614 f i OposVariant.obj
 0001:0000065e       ?_AtlRaiseException@ATL@@YAXKK@Z 1000165e f i OposVariant.obj
 0001:00000673       ?GetColorSet@?$IViewObjectExImpl@VCOPOSMICR@@@ATL@@UAGJKJPAXPAUtagDVTARGETDEVICE@@PAUHDC__@@PAPAUtagLOGPALETTE@@@Z 10001673 f i MICR.obj
 0001:0000067b       ?Freeze@?$IViewObjectExImpl@VCOPOSMICR@@@ATL@@UAGJKJPAXPAK@Z 1000167b f i MICR.obj
 0001:00000683       ?GetControlInfo@?$IOleControlImpl@VCOPOSMICR@@@ATL@@UAGJPAUtagCONTROLINFO@@@Z 10001683 f i MICR.obj
 0001:00000683       ?SOOutputCompleteDummy@COPOSMICR@@MAGJJ@Z 10001683 f i MICR.obj
 0001:00000683       ?OnMnemonic@?$IOleControlImpl@VCOPOSMICR@@@ATL@@UAGJPAUtagMSG@@@Z 10001683 f i MICR.obj
 0001:00000683       ?QueryGetData@?$IDataObjectImpl@VCOPOSMICR@@@ATL@@UAGJPAUtagFORMATETC@@@Z 10001683 f i MICR.obj
 0001:00000683       ?Unfreeze@?$IViewObjectExImpl@VCOPOSMICR@@@ATL@@UAGJK@Z 10001683 f i MICR.obj
 0001:00000683       ?GetDropTarget@?$IOleInPlaceObjectWindowlessImpl@VCOPOSMICR@@@ATL@@UAGJPAPAUIDropTarget@@@Z 10001683 f i MICR.obj
 0001:00000683       ?SetColorScheme@?$IOleObjectImpl@VCOPOSMICR@@@ATL@@UAGJPAUtagLOGPALETTE@@@Z 10001683 f i MICR.obj
 0001:00000683       ?ContextSensitiveHelp@?$IOleInPlaceActiveObjectImpl@VCOPOSMICR@@@ATL@@UAGJH@Z 10001683 f i MICR.obj
 0001:00000683       ?ContextSensitiveHelp@?$IOleInPlaceObjectWindowlessImpl@VCOPOSMICR@@@ATL@@UAGJH@Z 10001683 f i MICR.obj
 0001:0000068b       ?SetAdvise@?$IViewObjectExImpl@VCOPOSMICR@@@ATL@@UAGJKKPAUIAdviseSink@@@Z 1000168b f i MICR.obj
 0001:000006aa       ?GetAdvise@?$IViewObjectExImpl@VCOPOSMICR@@@ATL@@UAGJPAK0PAPAUIAdviseSink@@@Z 100016aa f i MICR.obj
 0001:000006df       ?GetExtent@?$IViewObjectExImpl@VCOPOSMICR@@@ATL@@UAGJKJPAUtagDVTARGETDEVICE@@PAUtagSIZE@@@Z 100016df f i MICR.obj
 0001:00000710       ?GetDataHere@?$IDataObjectImpl@VCOPOSMICR@@@ATL@@UAGJPAUtagFORMATETC@@PAUtagSTGMEDIUM@@@Z 10001710 f i MICR.obj
 0001:00000710       ?EnumFormatEtc@?$IDataObjectImpl@VCOPOSMICR@@@ATL@@UAGJKPAPAUIEnumFORMATETC@@@Z 10001710 f i MICR.obj
 0001:00000710       ?GetRect@?$IViewObjectExImpl@VCOPOSMICR@@@ATL@@UAGJKPAU_RECTL@@@Z 10001710 f i MICR.obj
 0001:00000710       ?QueryInterface@CRegObject@ATL@@UAGJABU_GUID@@PAPAX@Z 10001710 f i MICR.obj
 0001:00000710       ?SetMoniker@?$IOleObjectImpl@VCOPOSMICR@@@ATL@@UAGJKPAUIMoniker@@@Z 10001710 f i MICR.obj
 0001:00000710       ?GetClipboardData@?$IOleObjectImpl@VCOPOSMICR@@@ATL@@UAGJKPAPAUIDataObject@@@Z 10001710 f i MICR.obj
 0001:00000710       ?GetCanonicalFormatEtc@?$IDataObjectImpl@VCOPOSMICR@@@ATL@@UAGJPAUtagFORMATETC@@0@Z 10001710 f i MICR.obj
 0001:00000718       ?GetViewStatus@?$IViewObjectExImpl@VCOPOSMICR@@@ATL@@UAGJPAK@Z 10001718 f i MICR.obj
 0001:00000735       ?QueryHitPoint@?$IViewObjectExImpl@VCOPOSMICR@@@ATL@@UAGJKPBUtagRECT@@UtagPOINT@@JPAK@Z 10001735 f i MICR.obj
 0001:00000776       ?QueryHitRect@?$IViewObjectExImpl@VCOPOSMICR@@@ATL@@UAGJKPBUtagRECT@@0JPAK@Z 10001776 f i MICR.obj
 0001:000007d1       ?GetNaturalExtent@?$IViewObjectExImpl@VCOPOSMICR@@@ATL@@UAGJKJPAUtagDVTARGETDEVICE@@PAUHDC__@@PAUtagExtentInfo@@PAUtagSIZE@@@Z 100017d1 f i MICR.obj
 0001:0000081c       ?GetWindow@?$IOleInPlaceObjectWindowlessImpl@VCOPOSMICR@@@ATL@@UAGJPAPAUHWND__@@@Z 1000181c f i MICR.obj
 0001:00000869       ?InPlaceDeactivate@?$IOleInPlaceObjectWindowlessImpl@VCOPOSMICR@@@ATL@@UAGJXZ 10001869 f i MICR.obj
 0001:00000883       ?UIDeactivate@?$IOleInPlaceObjectWindowlessImpl@VCOPOSMICR@@@ATL@@UAGJXZ 10001883 f i MICR.obj
 0001:0000089d       ?SetObjectRects@?$IOleInPlaceObjectWindowlessImpl@VCOPOSMICR@@@ATL@@UAGJPBUtagRECT@@0@Z 1000189d f i MICR.obj
 0001:000008bd       ?ReactivateAndUndo@?$IOleInPlaceObjectWindowlessImpl@VCOPOSMICR@@@ATL@@UAGJXZ 100018bd f i MICR.obj
 0001:000008c5       ?OnWindowMessage@?$IOleInPlaceObjectWindowlessImpl@VCOPOSMICR@@@ATL@@UAGJIIJPAJ@Z 100018c5 f i MICR.obj
 0001:00000935       ?EnumConnectionPoints@?$IConnectionPointContainerImpl@VCOPOSMICR@@@ATL@@UAGJPAPAUIEnumConnectionPoints@@@Z 10001935 f i MICR.obj
 0001:00000aaf       ?FindConnectionPoint@?$IConnectionPointContainerImpl@VCOPOSMICR@@@ATL@@UAGJABU_GUID@@PAPAUIConnectionPoint@@@Z 10001aaf f i MICR.obj
 0001:00000b52       ?GetClassID@?$IPersistStorageImpl@VCOPOSMICR@@@ATL@@UAGJPAU_GUID@@@Z 10001b52 f i MICR.obj
 0001:00000b52       ?GetUserClassID@?$IOleObjectImpl@VCOPOSMICR@@@ATL@@UAGJPAU_GUID@@@Z 10001b52 f i MICR.obj
 0001:00000b52       ?GetClassID@?$IPersistStreamInitImpl@VCOPOSMICR@@@ATL@@UAGJPAU_GUID@@@Z 10001b52 f i MICR.obj
 0001:00000b76       ?IsDirty@?$IPersistStorageImpl@VCOPOSMICR@@@ATL@@UAGJXZ 10001b76 f i MICR.obj
 0001:00000baa       ?InitNew@?$IPersistStorageImpl@VCOPOSMICR@@@ATL@@UAGJPAUIStorage@@@Z 10001baa f i MICR.obj
 0001:00000bde       ?Load@?$IPersistStorageImpl@VCOPOSMICR@@@ATL@@UAGJPAUIStorage@@@Z 10001bde f i MICR.obj
 0001:00000c4a       ?Save@?$IPersistStorageImpl@VCOPOSMICR@@@ATL@@UAGJPAUIStorage@@H@Z 10001c4a f i MICR.obj
 0001:00000cbd       ?OnAmbientPropertyChange@?$IOleControlImpl@VCOPOSMICR@@@ATL@@UAGJJ@Z 10001cbd f i MICR.obj
 0001:00000cbd       ?EnableModeless@?$IOleInPlaceActiveObjectImpl@VCOPOSMICR@@@ATL@@UAGJH@Z 10001cbd f i MICR.obj
 0001:00000cbd       ?SaveCompleted@?$IPersistStorageImpl@VCOPOSMICR@@@ATL@@UAGJPAUIStorage@@@Z 10001cbd f i MICR.obj
 0001:00000cbd       ?OnFrameWindowActivate@?$IOleInPlaceActiveObjectImpl@VCOPOSMICR@@@ATL@@UAGJH@Z 10001cbd f i MICR.obj
 0001:00000cc2       ?Release@CRegObject@ATL@@UAGKXZ 10001cc2 f i MICR.obj
 0001:00000cc2       ?IsUpToDate@?$IOleObjectImpl@VCOPOSMICR@@@ATL@@UAGJXZ 10001cc2 f i MICR.obj
 0001:00000cc2       ?Update@?$IOleObjectImpl@VCOPOSMICR@@@ATL@@UAGJXZ 10001cc2 f i MICR.obj
 0001:00000cc2       ?HandsOffStorage@?$IPersistStorageImpl@VCOPOSMICR@@@ATL@@UAGJXZ 10001cc2 f i MICR.obj
 0001:00000cc7       ?GetPages@?$ISpecifyPropertyPagesImpl@VCOPOSMICR@@@ATL@@UAGJPAUtagCAUUID@@@Z 10001cc7 f i MICR.obj
 0001:00000cde       ?QuickActivate@?$IQuickActivateImpl@VCOPOSMICR@@@ATL@@UAGJPAUtagQACONTAINER@@PAUtagQACONTROL@@@Z 10001cde f i MICR.obj
 0001:00000d01       ?SetContentExtent@?$IQuickActivateImpl@VCOPOSMICR@@@ATL@@UAGJPAUtagSIZE@@@Z 10001d01 f i MICR.obj
 0001:00000d2d       ?GetContentExtent@?$IQuickActivateImpl@VCOPOSMICR@@@ATL@@UAGJPAUtagSIZE@@@Z 10001d2d f i MICR.obj
 0001:00000d4d       ?GetData@?$IDataObjectImpl@VCOPOSMICR@@@ATL@@UAGJPAUtagFORMATETC@@PAUtagSTGMEDIUM@@@Z 10001d4d f i MICR.obj
 0001:00000d70       ?InitFromData@?$IOleObjectImpl@VCOPOSMICR@@@ATL@@UAGJPAUIDataObject@@HK@Z 10001d70 f i MICR.obj
 0001:00000d70       ?SetData@?$IDataObjectImpl@VCOPOSMICR@@@ATL@@UAGJPAUtagFORMATETC@@PAUtagSTGMEDIUM@@H@Z 10001d70 f i MICR.obj
 0001:00000d70       ?GetMoniker@?$IOleObjectImpl@VCOPOSMICR@@@ATL@@UAGJKKPAPAUIMoniker@@@Z 10001d70 f i MICR.obj
 0001:00000d78       ?DAdvise@?$IDataObjectImpl@VCOPOSMICR@@@ATL@@UAGJPAUtagFORMATETC@@KPAUIAdviseSink@@PAK@Z 10001d78 f i MICR.obj
 0001:00000db9       ?DUnadvise@?$IDataObjectImpl@VCOPOSMICR@@@ATL@@UAGJK@Z 10001db9 f i MICR.obj
 0001:00000de7       ?EnumDAdvise@?$IDataObjectImpl@VCOPOSMICR@@@ATL@@UAGJPAPAUIEnumSTATDATA@@@Z 10001de7 f i MICR.obj
 0001:00000e26       ?GetClassInfoW@?$IProvideClassInfo2Impl@$1?CLSID_OPOSMICR@@3U_GUID@@B$1?DIID__IOPOSMICREvents@@3U2@B$1?LIBID_OposMICR_CCO@@3U2@B$00$0A@VCComTypeInfoHolder@ATL@@@ATL@@UAGJPAPAUITypeInfo@@@Z 10001e26 f i MICR.obj
 0001:00000e3c       ?GetGUID@?$IProvideClassInfo2Impl@$1?CLSID_OPOSMICR@@3U_GUID@@B$1?DIID__IOPOSMICREvents@@3U2@B$1?LIBID_OposMICR_CCO@@3U2@B$00$0A@VCComTypeInfoHolder@ATL@@@ATL@@UAGJKPAU_GUID@@@Z 10001e3c f i MICR.obj
 0001:00000e7a       ?FAccessAllowed@?$IObjectSafetyImpl@VCOPOSMICR@@$02@ATL@@MAEHXZ 10001e7a f i MICR.obj
 0001:00000e7a       __get_startup_argv_mode    10001e7a f i LIBCMT:argv_mode.obj
 0001:00000e7e       ?GetInterfaceSafetyOptions@?$IObjectSafetyImpl@VCOPOSMICR@@$02@ATL@@UAGJABU_GUID@@PAK1@Z 10001e7e f i MICR.obj
 0001:00000ef2       ?SetInterfaceSafetyOptions@?$IObjectSafetyImpl@VCOPOSMICR@@$02@ATL@@UAGJABU_GUID@@KK@Z 10001ef2 f i MICR.obj
 0001:00000f6c       ?_LocCPQueryInterface@?$IConnectionPointImpl@VCOPOSMICR@@$1?DIID__IOPOSMICREvents@@3U_GUID@@BVCComDynamicUnkArray@ATL@@@ATL@@UAGJABU_GUID@@PAPAX@Z 10001f6c f i MICR.obj
 0001:00000f6c       ?_LocCPQueryInterface@?$IConnectionPointImpl@VCOPOSMICR@@$1?IID_IPropertyNotifySink@@3U_GUID@@BVCComDynamicUnkArray@ATL@@@ATL@@UAGJABU_GUID@@PAPAX@Z 10001f6c f i MICR.obj
 0001:00000fb9       ?GetConnectionInterface@?$IConnectionPointImpl@VCOPOSMICR@@$1?IID_IPropertyNotifySink@@3U_GUID@@BVCComDynamicUnkArray@ATL@@@ATL@@UAGJPAU_GUID@@@Z 10001fb9 f i MICR.obj
 0001:00000fdd       ?GetConnectionPointContainer@?$IConnectionPointImpl@VCOPOSMICR@@$1?IID_IPropertyNotifySink@@3U_GUID@@BVCComDynamicUnkArray@ATL@@@ATL@@UAGJPAPAUIConnectionPointContainer@@@Z 10001fdd f i MICR.obj
 0001:00001000       ?Advise@?$IConnectionPointImpl@VCOPOSMICR@@$1?DIID__IOPOSMICREvents@@3U_GUID@@BVCComDynamicUnkArray@ATL@@@ATL@@UAGJPAUIUnknown@@PAK@Z 10002000 f i MICR.obj
 0001:00001000       ?Advise@?$IConnectionPointImpl@VCOPOSMICR@@$1?IID_IPropertyNotifySink@@3U_GUID@@BVCComDynamicUnkArray@ATL@@@ATL@@UAGJPAUIUnknown@@PAK@Z 10002000 f i MICR.obj
 0001:000010a1       ?Unadvise@?$IConnectionPointImpl@VCOPOSMICR@@$1?IID_IPropertyNotifySink@@3U_GUID@@BVCComDynamicUnkArray@ATL@@@ATL@@UAGJK@Z 100020a1 f i MICR.obj
 0001:000010a1       ?Unadvise@?$IConnectionPointImpl@VCOPOSMICR@@$1?DIID__IOPOSMICREvents@@3U_GUID@@BVCComDynamicUnkArray@ATL@@@ATL@@UAGJK@Z 100020a1 f i MICR.obj
 0001:000010e1       ?EnumConnections@?$IConnectionPointImpl@VCOPOSMICR@@$1?IID_IPropertyNotifySink@@3U_GUID@@BVCComDynamicUnkArray@ATL@@@ATL@@UAGJPAPAUIEnumConnections@@@Z 100020e1 f i MICR.obj
 0001:000010e1       ?EnumConnections@?$IConnectionPointImpl@VCOPOSMICR@@$1?DIID__IOPOSMICREvents@@3U_GUID@@BVCComDynamicUnkArray@ATL@@@ATL@@UAGJPAPAUIEnumConnections@@@Z 100020e1 f i MICR.obj
 0001:000011e7       ?GetObjectDescription@?$CComCoClass@VCOPOSMICR@@$1?CLSID_OPOSMICR@@3U_GUID@@B@ATL@@SGPB_WXZ 100021e7 f i MICR.obj
 0001:000011e7       ?GetCategoryMap@CComObjectRootBase@ATL@@SAPBU_ATL_CATMAP_ENTRY@2@XZ 100021e7 f i MICR.obj
 0001:000011ea       ?GetConnectionInterface@?$IConnectionPointImpl@VCOPOSMICR@@$1?DIID__IOPOSMICREvents@@3U_GUID@@BVCComDynamicUnkArray@ATL@@@ATL@@UAGJPAU_GUID@@@Z 100021ea f i MICR.obj
 0001:0000120e       ?GetConnectionPointContainer@?$IConnectionPointImpl@VCOPOSMICR@@$1?DIID__IOPOSMICREvents@@3U_GUID@@BVCComDynamicUnkArray@ATL@@@ATL@@UAGJPAPAUIConnectionPointContainer@@@Z 1000220e f i MICR.obj
 0001:00001231       ?UpdateRegistry@COPOSMICR@@SGJH@Z 10002231 f i MICR.obj
 0001:00001249       ?ProcessWindowMessage@COPOSMICR@@UAEHPAUHWND__@@IIJAAJK@Z 10002249 f i MICR.obj
 0001:00001292       ?SOData@COPOSMICR@@MAGJJ@Z 10002292 f i MICR.obj
 0001:000012cb       ?SODirectIO@COPOSMICR@@MAGJJPAJPAPA_W@Z 100022cb f i MICR.obj
 0001:00001314       ?SOError@COPOSMICR@@MAGJJJJPAJ@Z 10002314 f i MICR.obj
 0001:00001369       ?SOStatusUpdate@COPOSMICR@@MAGJJ@Z 10002369 f i MICR.obj
 0001:000013a2       ?AddRef@CRegObject@ATL@@UAGKXZ 100023a2 f i MICR.obj
 0001:000013a8       ?AddReplacement@CRegObject@ATL@@UAGJPB_W0@Z 100023a8 f i MICR.obj
 0001:000013e1       ?ClearReplacements@CRegObject@ATL@@UAGJXZ 100023e1 f i MICR.obj
 0001:000013f3       ?CreateInstance@?$CComCreator@V?$CComObjectCached@VCComClassFactory@ATL@@@ATL@@@ATL@@SGJPAXABU_GUID@@PAPAX@Z 100023f3 f i MICR.obj
 0001:00001486       ?CreateInstance@?$CComCreator2@V?$CComCreator@V?$CComObject@VCOPOSMICR@@@ATL@@@ATL@@V?$CComCreator@V?$CComAggObject@VCOPOSMICR@@@ATL@@@2@@ATL@@SGJPAXABU_GUID@@PAPAX@Z 10002486 f i MICR.obj
 0001:000014a6       ??_ECRegObject@ATL@@UAEPAXI@Z 100024a6 f i MICR.obj
 0001:000014a6       ??_GCRegObject@ATL@@UAEPAXI@Z 100024a6 f i MICR.obj
 0001:000014c8       ?Next@?$CComEnumImpl@UIEnumConnectionPoints@@$1?_GUID_b196b285_bab4_101a_b69c_00aa00341d07@@3U__s_GUID@@BPAUIConnectionPoint@@V?$_CopyInterface@UIConnectionPoint@@@ATL@@@ATL@@UAGJKPAPAUIConnectionPoint@@PAK@Z 100024c8 f i MICR.obj
 0001:0000159f       ?Skip@?$CComEnumImpl@UIEnumConnectionPoints@@$1?_GUID_b196b285_bab4_101a_b69c_00aa00341d07@@3U__s_GUID@@BPAUIConnectionPoint@@V?$_CopyInterface@UIConnectionPoint@@@ATL@@@ATL@@UAGJK@Z 1000259f f i MICR.obj
 0001:000015cc       ?Reset@?$CComEnumImpl@UIEnumConnectionPoints@@$1?_GUID_b196b285_bab4_101a_b69c_00aa00341d07@@3U__s_GUID@@BPAUIConnectionPoint@@V?$_CopyInterface@UIConnectionPoint@@@ATL@@@ATL@@UAGJXZ 100025cc f i MICR.obj
 0001:000015cc       ?Reset@?$CComEnumImpl@UIEnumConnections@@$1?_GUID_b196b287_bab4_101a_b69c_00aa00341d07@@3U__s_GUID@@BUtagCONNECTDATA@@V?$_Copy@UtagCONNECTDATA@@@ATL@@@ATL@@UAGJXZ 100025cc f i MICR.obj
 0001:000015de       ?Clone@?$CComEnumImpl@UIEnumConnectionPoints@@$1?_GUID_b196b285_bab4_101a_b69c_00aa00341d07@@3U__s_GUID@@BPAUIConnectionPoint@@V?$_CopyInterface@UIConnectionPoint@@@ATL@@@ATL@@UAGJPAPAUIEnumConnectionPoints@@@Z 100025de f i MICR.obj
 0001:000016bd       ?AddRef@?$CComObject@V?$CComEnum@UIEnumConnections@@$1?_GUID_b196b287_bab4_101a_b69c_00aa00341d07@@3U__s_GUID@@BUtagCONNECTDATA@@V?$_Copy@UtagCONNECTDATA@@@ATL@@VCComSingleThreadModel@6@@ATL@@@ATL@@UAGKXZ 100026bd f i MICR.obj
 0001:000016bd       ?AddRef@?$CComObject@V?$CComEnum@UIEnumConnectionPoints@@$1?_GUID_b196b285_bab4_101a_b69c_00aa00341d07@@3U__s_GUID@@BPAUIConnectionPoint@@V?$_CopyInterface@UIConnectionPoint@@@ATL@@VCComSingleThreadModel@6@@ATL@@@ATL@@UAGKXZ 100026bd f i MICR.obj
 0001:000016ce       ?Release@?$CComObject@V?$CComEnum@UIEnumConnections@@$1?_GUID_b196b287_bab4_101a_b69c_00aa00341d07@@3U__s_GUID@@BUtagCONNECTDATA@@V?$_Copy@UtagCONNECTDATA@@@ATL@@VCComSingleThreadModel@6@@ATL@@@ATL@@UAGKXZ 100026ce f i MICR.obj
 0001:000016ce       ?Release@?$CComObject@V?$CComEnum@UIEnumConnectionPoints@@$1?_GUID_b196b285_bab4_101a_b69c_00aa00341d07@@3U__s_GUID@@BPAUIConnectionPoint@@V?$_CopyInterface@UIConnectionPoint@@@ATL@@VCComSingleThreadModel@6@@ATL@@@ATL@@UAGKXZ 100026ce f i MICR.obj
 0001:0000170a       ?QueryInterface@?$CComObject@V?$CComEnum@UIEnumConnectionPoints@@$1?_GUID_b196b285_bab4_101a_b69c_00aa00341d07@@3U__s_GUID@@BPAUIConnectionPoint@@V?$_CopyInterface@UIConnectionPoint@@@ATL@@VCComSingleThreadModel@6@@ATL@@@ATL@@UAGJABU_GUID@@PAPAX@Z 1000270a f i MICR.obj
 0001:00001724       ??_E?$CComObject@V?$CComEnum@UIEnumConnectionPoints@@$1?_GUID_b196b285_bab4_101a_b69c_00aa00341d07@@3U__s_GUID@@BPAUIConnectionPoint@@V?$_CopyInterface@UIConnectionPoint@@@ATL@@VCComSingleThreadModel@6@@ATL@@@ATL@@UAEPAXI@Z 10002724 f i MICR.obj
 0001:00001724       ??_G?$CComObject@V?$CComEnum@UIEnumConnectionPoints@@$1?_GUID_b196b285_bab4_101a_b69c_00aa00341d07@@3U__s_GUID@@BPAUIConnectionPoint@@V?$_CopyInterface@UIConnectionPoint@@@ATL@@VCComSingleThreadModel@6@@ATL@@@ATL@@UAEPAXI@Z 10002724 f i MICR.obj
 0001:00001746       ?AddRef@?$CComObjectCached@VCComClassFactory@ATL@@@ATL@@UAGKXZ 10002746 f i MICR.obj
 0001:0000176d       ?Release@?$CComObjectCached@VCComClassFactory@ATL@@@ATL@@UAGKXZ 1000276d f i MICR.obj
 0001:000017a3       ?QueryInterface@?$CComObjectCached@VCComClassFactory@ATL@@@ATL@@UAGJABU_GUID@@PAPAX@Z 100027a3 f i MICR.obj
 0001:000017bd       ??_G?$CComObjectCached@VCComClassFactory@ATL@@@ATL@@UAEPAXI@Z 100027bd f i MICR.obj
 0001:000017bd       ??_E?$CComObjectCached@VCComClassFactory@ATL@@@ATL@@UAEPAXI@Z 100027bd f i MICR.obj
 0001:000017df       ?AddRef@?$CComAggObject@VCOPOSMICR@@@ATL@@UAGKXZ 100027df f i MICR.obj
 0001:000017f0       ?Release@?$CComAggObject@VCOPOSMICR@@@ATL@@UAGKXZ 100027f0 f i MICR.obj
 0001:0000182c       ?QueryInterface@?$CComAggObject@VCOPOSMICR@@@ATL@@UAGJABU_GUID@@PAPAX@Z 1000282c f i MICR.obj
 0001:0000187b       ?AddRef@?$CComContainedObject@VCOPOSMICR@@@ATL@@UAGKXZ 1000287b f i MICR.obj
 0001:00001891       ?Release@?$CComContainedObject@VCOPOSMICR@@@ATL@@UAGKXZ 10002891 f i MICR.obj
 0001:000018a7       ?QueryInterface@?$CComContainedObject@VCOPOSMICR@@@ATL@@UAGJABU_GUID@@PAPAX@Z 100028a7 f i MICR.obj
 0001:000018c2       ??_G?$CComAggObject@VCOPOSMICR@@@ATL@@UAEPAXI@Z 100028c2 f i MICR.obj
 0001:000018c2       ??_E?$CComAggObject@VCOPOSMICR@@@ATL@@UAEPAXI@Z 100028c2 f i MICR.obj
 0001:000018e7       ?AddRef@?$CComObject@VCOPOSMICR@@@ATL@@UAGKXZ 100028e7 f i MICR.obj
 0001:000018fe       ?Release@?$CComObject@VCOPOSMICR@@@ATL@@UAGKXZ 100028fe f i MICR.obj
 0001:00001940       ?QueryInterface@?$CComObject@VCOPOSMICR@@@ATL@@UAGJABU_GUID@@PAPAX@Z 10002940 f i MICR.obj
 0001:0000195a       ?OnFinalMessage@?$CWindowImplBaseT@VCWindow@ATL@@V?$CWinTraits@$0FGAAAAAA@$0A@@2@@ATL@@UAEXPAUHWND__@@@Z 1000295a f i MICR.obj
 0001:0000195a       ?ObjectMain@CComObjectRootBase@ATL@@SGX_N@Z 1000295a f i MICR.obj
 0001:0000195d       ?OnDrawAdvanced@CComControlBase@ATL@@UAEJAAUATL_DRAWINFO@@@Z 1000295d f i MICR.obj
 0001:00001a4c       ?CreateInstance@CComClassFactory@ATL@@UAGJPAUIUnknown@@ABU_GUID@@PAPAX@Z 10002a4c f i MICR.obj
 0001:00001a8a       ?LockServer@CComClassFactory@ATL@@UAGJH@Z 10002a8a f i MICR.obj
 0001:00001aa9       ??_GCComClassFactory@ATL@@UAEPAXI@Z 10002aa9 f i MICR.obj
 0001:00001aa9       ??_ECComClassFactory@ATL@@UAEPAXI@Z 10002aa9 f i MICR.obj
 0001:00001ad4       ?Next@?$CComEnumImpl@UIEnumConnections@@$1?_GUID_b196b287_bab4_101a_b69c_00aa00341d07@@3U__s_GUID@@BUtagCONNECTDATA@@V?$_Copy@UtagCONNECTDATA@@@ATL@@@ATL@@UAGJKPAUtagCONNECTDATA@@PAK@Z 10002ad4 f i MICR.obj
 0001:00001bab       ?Skip@?$CComEnumImpl@UIEnumConnections@@$1?_GUID_b196b287_bab4_101a_b69c_00aa00341d07@@3U__s_GUID@@BUtagCONNECTDATA@@V?$_Copy@UtagCONNECTDATA@@@ATL@@@ATL@@UAGJK@Z 10002bab f i MICR.obj
 0001:00001bd8       ?Clone@?$CComEnumImpl@UIEnumConnections@@$1?_GUID_b196b287_bab4_101a_b69c_00aa00341d07@@3U__s_GUID@@BUtagCONNECTDATA@@V?$_Copy@UtagCONNECTDATA@@@ATL@@@ATL@@UAGJPAPAUIEnumConnections@@@Z 10002bd8 f i MICR.obj
 0001:00001cb7       ?QueryInterface@?$CComObject@V?$CComEnum@UIEnumConnections@@$1?_GUID_b196b287_bab4_101a_b69c_00aa00341d07@@3U__s_GUID@@BUtagCONNECTDATA@@V?$_Copy@UtagCONNECTDATA@@@ATL@@VCComSingleThreadModel@6@@ATL@@@ATL@@UAGJABU_GUID@@PAPAX@Z 10002cb7 f i MICR.obj
 0001:00001cd1       ??_E?$CComObject@V?$CComEnum@UIEnumConnections@@$1?_GUID_b196b287_bab4_101a_b69c_00aa00341d07@@3U__s_GUID@@BUtagCONNECTDATA@@V?$_Copy@UtagCONNECTDATA@@@ATL@@VCComSingleThreadModel@6@@ATL@@@ATL@@UAEPAXI@Z 10002cd1 f i MICR.obj
 0001:00001cd1       ??_G?$CComObject@V?$CComEnum@UIEnumConnections@@$1?_GUID_b196b287_bab4_101a_b69c_00aa00341d07@@3U__s_GUID@@BUtagCONNECTDATA@@V?$_Copy@UtagCONNECTDATA@@@ATL@@VCComSingleThreadModel@6@@ATL@@@ATL@@UAEPAXI@Z 10002cd1 f i MICR.obj
 0001:00001cf3       ??_E?$CComObject@VCOPOSMICR@@@ATL@@W3AEPAXI@Z 10002cf3 f i MICR.obj
 0001:00001cfb       ??_E?$CComObject@VCOPOSMICR@@@ATL@@WEM@AEPAXI@Z 10002cfb f i MICR.obj
 0001:00001d03       ?QueryInterface@?$CComObject@VCOPOSMICR@@@ATL@@WHA@AGJABU_GUID@@PAPAX@Z 10002d03 f i MICR.obj
 0001:00001d0d       ?AddRef@?$CComObject@VCOPOSMICR@@@ATL@@WHA@AGKXZ 10002d0d f i MICR.obj
 0001:00001d17       ?Release@?$CComObject@VCOPOSMICR@@@ATL@@WHA@AGKXZ 10002d17 f i MICR.obj
 0001:00001d21       ?QueryInterface@?$CComObject@VCOPOSMICR@@@ATL@@WHE@AGJABU_GUID@@PAPAX@Z 10002d21 f i MICR.obj
 0001:00001d2b       ?AddRef@?$CComObject@VCOPOSMICR@@@ATL@@WHE@AGKXZ 10002d2b f i MICR.obj
 0001:00001d35       ?Release@?$CComObject@VCOPOSMICR@@@ATL@@WHE@AGKXZ 10002d35 f i MICR.obj
 0001:00001d3f       ?QueryInterface@?$CComObject@VCOPOSMICR@@@ATL@@WHI@AGJABU_GUID@@PAPAX@Z 10002d3f f i MICR.obj
 0001:00001d49       ?AddRef@?$CComObject@VCOPOSMICR@@@ATL@@WHI@AGKXZ 10002d49 f i MICR.obj
 0001:00001d53       ?Release@?$CComObject@VCOPOSMICR@@@ATL@@WHI@AGKXZ 10002d53 f i MICR.obj
 0001:00001d5d       ?QueryInterface@?$CComObject@VCOPOSMICR@@@ATL@@WHM@AGJABU_GUID@@PAPAX@Z 10002d5d f i MICR.obj
 0001:00001d67       ?AddRef@?$CComObject@VCOPOSMICR@@@ATL@@WHM@AGKXZ 10002d67 f i MICR.obj
 0001:00001d71       ?Release@?$CComObject@VCOPOSMICR@@@ATL@@WHM@AGKXZ 10002d71 f i MICR.obj
 0001:00001d7b       ?QueryInterface@?$CComObject@VCOPOSMICR@@@ATL@@WIA@AGJABU_GUID@@PAPAX@Z 10002d7b f i MICR.obj
 0001:00001d88       ?AddRef@?$CComObject@VCOPOSMICR@@@ATL@@WIA@AGKXZ 10002d88 f i MICR.obj
 0001:00001d95       ?Release@?$CComObject@VCOPOSMICR@@@ATL@@WIA@AGKXZ 10002d95 f i MICR.obj
 0001:00001da2       ?QueryInterface@?$CComObject@VCOPOSMICR@@@ATL@@WIE@AGJABU_GUID@@PAPAX@Z 10002da2 f i MICR.obj
 0001:00001daf       ?AddRef@?$CComObject@VCOPOSMICR@@@ATL@@WIE@AGKXZ 10002daf f i MICR.obj
 0001:00001dbc       ?Release@?$CComObject@VCOPOSMICR@@@ATL@@WIE@AGKXZ 10002dbc f i MICR.obj
 0001:00001dc9       ?QueryInterface@?$CComObject@VCOPOSMICR@@@ATL@@WII@AGJABU_GUID@@PAPAX@Z 10002dc9 f i MICR.obj
 0001:00001dd6       ?AddRef@?$CComObject@VCOPOSMICR@@@ATL@@WII@AGKXZ 10002dd6 f i MICR.obj
 0001:00001de3       ?Release@?$CComObject@VCOPOSMICR@@@ATL@@WII@AGKXZ 10002de3 f i MICR.obj
 0001:00001df0       ?QueryInterface@?$CComObject@VCOPOSMICR@@@ATL@@WIM@AGJABU_GUID@@PAPAX@Z 10002df0 f i MICR.obj
 0001:00001dfd       ?AddRef@?$CComObject@VCOPOSMICR@@@ATL@@WIM@AGKXZ 10002dfd f i MICR.obj
 0001:00001e0a       ?Release@?$CComObject@VCOPOSMICR@@@ATL@@WIM@AGKXZ 10002e0a f i MICR.obj
 0001:00001e17       ?QueryInterface@?$CComObject@VCOPOSMICR@@@ATL@@WJA@AGJABU_GUID@@PAPAX@Z 10002e17 f i MICR.obj
 0001:00001e24       ?AddRef@?$CComObject@VCOPOSMICR@@@ATL@@WJA@AGKXZ 10002e24 f i MICR.obj
 0001:00001e31       ?Release@?$CComObject@VCOPOSMICR@@@ATL@@WJA@AGKXZ 10002e31 f i MICR.obj
 0001:00001e3e       ?QueryInterface@?$CComObject@VCOPOSMICR@@@ATL@@WJE@AGJABU_GUID@@PAPAX@Z 10002e3e f i MICR.obj
 0001:00001e4b       ?AddRef@?$CComObject@VCOPOSMICR@@@ATL@@WJE@AGKXZ 10002e4b f i MICR.obj
 0001:00001e58       ?Release@?$CComObject@VCOPOSMICR@@@ATL@@WJE@AGKXZ 10002e58 f i MICR.obj
 0001:00001e65       ?QueryInterface@?$CComObject@VCOPOSMICR@@@ATL@@WJI@AGJABU_GUID@@PAPAX@Z 10002e65 f i MICR.obj
 0001:00001e72       ?AddRef@?$CComObject@VCOPOSMICR@@@ATL@@WJI@AGKXZ 10002e72 f i MICR.obj
 0001:00001e7f       ?Release@?$CComObject@VCOPOSMICR@@@ATL@@WJI@AGKXZ 10002e7f f i MICR.obj
 0001:00001e8c       ?QueryInterface@?$CComObject@VCOPOSMICR@@@ATL@@WJM@AGJABU_GUID@@PAPAX@Z 10002e8c f i MICR.obj
 0001:00001e99       ?AddRef@?$CComObject@VCOPOSMICR@@@ATL@@WJM@AGKXZ 10002e99 f i MICR.obj
 0001:00001ea6       ?Release@?$CComObject@VCOPOSMICR@@@ATL@@WJM@AGKXZ 10002ea6 f i MICR.obj
 0001:00001eb3       ?QueryInterface@?$CComObject@VCOPOSMICR@@@ATL@@WKA@AGJABU_GUID@@PAPAX@Z 10002eb3 f i MICR.obj
 0001:00001ec0       ?AddRef@?$CComObject@VCOPOSMICR@@@ATL@@WKA@AGKXZ 10002ec0 f i MICR.obj
 0001:00001ecd       ?Release@?$CComObject@VCOPOSMICR@@@ATL@@WKA@AGKXZ 10002ecd f i MICR.obj
 0001:00001eda       ?AddRef@?$CComObject@VCOPOSMICR@@@ATL@@WKI@AGKXZ 10002eda f i MICR.obj
 0001:00001ee7       ?Release@?$CComObject@VCOPOSMICR@@@ATL@@WKI@AGKXZ 10002ee7 f i MICR.obj
 0001:00001ef4       ?AddRef@?$CComObject@VCOPOSMICR@@@ATL@@WLE@AGKXZ 10002ef4 f i MICR.obj
 0001:00001f01       ?Release@?$CComObject@VCOPOSMICR@@@ATL@@WLE@AGKXZ 10002f01 f i MICR.obj
 0001:00001f0e       ??_E?$CComContainedObject@VCOPOSMICR@@@ATL@@W3AEPAXI@Z 10002f0e f i MICR.obj
 0001:00001f16       ??_E?$CComContainedObject@VCOPOSMICR@@@ATL@@WEM@AEPAXI@Z 10002f16 f i MICR.obj
 0001:00001f1e       ?QueryInterface@?$CComContainedObject@VCOPOSMICR@@@ATL@@WHA@AGJABU_GUID@@PAPAX@Z 10002f1e f i MICR.obj
 0001:00001f28       ?AddRef@?$CComContainedObject@VCOPOSMICR@@@ATL@@WHA@AGKXZ 10002f28 f i MICR.obj
 0001:00001f32       ?Release@?$CComContainedObject@VCOPOSMICR@@@ATL@@WHA@AGKXZ 10002f32 f i MICR.obj
 0001:00001f3c       ?QueryInterface@?$CComContainedObject@VCOPOSMICR@@@ATL@@WHE@AGJABU_GUID@@PAPAX@Z 10002f3c f i MICR.obj
 0001:00001f46       ?AddRef@?$CComContainedObject@VCOPOSMICR@@@ATL@@WHE@AGKXZ 10002f46 f i MICR.obj
 0001:00001f50       ?Release@?$CComContainedObject@VCOPOSMICR@@@ATL@@WHE@AGKXZ 10002f50 f i MICR.obj
 0001:00001f5a       ?QueryInterface@?$CComContainedObject@VCOPOSMICR@@@ATL@@WHI@AGJABU_GUID@@PAPAX@Z 10002f5a f i MICR.obj
 0001:00001f64       ?AddRef@?$CComContainedObject@VCOPOSMICR@@@ATL@@WHI@AGKXZ 10002f64 f i MICR.obj
 0001:00001f6e       ?Release@?$CComContainedObject@VCOPOSMICR@@@ATL@@WHI@AGKXZ 10002f6e f i MICR.obj
 0001:00001f78       ?QueryInterface@?$CComContainedObject@VCOPOSMICR@@@ATL@@WHM@AGJABU_GUID@@PAPAX@Z 10002f78 f i MICR.obj
 0001:00001f82       ?AddRef@?$CComContainedObject@VCOPOSMICR@@@ATL@@WHM@AGKXZ 10002f82 f i MICR.obj
 0001:00001f8c       ?Release@?$CComContainedObject@VCOPOSMICR@@@ATL@@WHM@AGKXZ 10002f8c f i MICR.obj
 0001:00001f96       ?QueryInterface@?$CComContainedObject@VCOPOSMICR@@@ATL@@WIA@AGJABU_GUID@@PAPAX@Z 10002f96 f i MICR.obj
 0001:00001fa3       ?AddRef@?$CComContainedObject@VCOPOSMICR@@@ATL@@WIA@AGKXZ 10002fa3 f i MICR.obj
 0001:00001fb0       ?Release@?$CComContainedObject@VCOPOSMICR@@@ATL@@WIA@AGKXZ 10002fb0 f i MICR.obj
 0001:00001fbd       ?QueryInterface@?$CComContainedObject@VCOPOSMICR@@@ATL@@WIE@AGJABU_GUID@@PAPAX@Z 10002fbd f i MICR.obj
 0001:00001fca       ?AddRef@?$CComContainedObject@VCOPOSMICR@@@ATL@@WIE@AGKXZ 10002fca f i MICR.obj
 0001:00001fd7       ?Release@?$CComContainedObject@VCOPOSMICR@@@ATL@@WIE@AGKXZ 10002fd7 f i MICR.obj
 0001:00001fe4       ?QueryInterface@?$CComContainedObject@VCOPOSMICR@@@ATL@@WII@AGJABU_GUID@@PAPAX@Z 10002fe4 f i MICR.obj
 0001:00001ff1       ?AddRef@?$CComContainedObject@VCOPOSMICR@@@ATL@@WII@AGKXZ 10002ff1 f i MICR.obj
 0001:00001ffe       ?Release@?$CComContainedObject@VCOPOSMICR@@@ATL@@WII@AGKXZ 10002ffe f i MICR.obj
 0001:0000200b       ?QueryInterface@?$CComContainedObject@VCOPOSMICR@@@ATL@@WIM@AGJABU_GUID@@PAPAX@Z 1000300b f i MICR.obj
 0001:00002018       ?AddRef@?$CComContainedObject@VCOPOSMICR@@@ATL@@WIM@AGKXZ 10003018 f i MICR.obj
 0001:00002025       ?Release@?$CComContainedObject@VCOPOSMICR@@@ATL@@WIM@AGKXZ 10003025 f i MICR.obj
 0001:00002032       ?QueryInterface@?$CComContainedObject@VCOPOSMICR@@@ATL@@WJA@AGJABU_GUID@@PAPAX@Z 10003032 f i MICR.obj
 0001:0000203f       ?AddRef@?$CComContainedObject@VCOPOSMICR@@@ATL@@WJA@AGKXZ 1000303f f i MICR.obj
 0001:0000204c       ?Release@?$CComContainedObject@VCOPOSMICR@@@ATL@@WJA@AGKXZ 1000304c f i MICR.obj
 0001:00002059       ?QueryInterface@?$CComContainedObject@VCOPOSMICR@@@ATL@@WJE@AGJABU_GUID@@PAPAX@Z 10003059 f i MICR.obj
 0001:00002066       ?AddRef@?$CComContainedObject@VCOPOSMICR@@@ATL@@WJE@AGKXZ 10003066 f i MICR.obj
 0001:00002073       ?Release@?$CComContainedObject@VCOPOSMICR@@@ATL@@WJE@AGKXZ 10003073 f i MICR.obj
 0001:00002080       ?QueryInterface@?$CComContainedObject@VCOPOSMICR@@@ATL@@WJI@AGJABU_GUID@@PAPAX@Z 10003080 f i MICR.obj
 0001:0000208d       ?AddRef@?$CComContainedObject@VCOPOSMICR@@@ATL@@WJI@AGKXZ 1000308d f i MICR.obj
 0001:0000209a       ?Release@?$CComContainedObject@VCOPOSMICR@@@ATL@@WJI@AGKXZ 1000309a f i MICR.obj
 0001:000020a7       ?QueryInterface@?$CComContainedObject@VCOPOSMICR@@@ATL@@WJM@AGJABU_GUID@@PAPAX@Z 100030a7 f i MICR.obj
 0001:000020b4       ?AddRef@?$CComContainedObject@VCOPOSMICR@@@ATL@@WJM@AGKXZ 100030b4 f i MICR.obj
 0001:000020c1       ?Release@?$CComContainedObject@VCOPOSMICR@@@ATL@@WJM@AGKXZ 100030c1 f i MICR.obj
 0001:000020ce       ?QueryInterface@?$CComContainedObject@VCOPOSMICR@@@ATL@@WKA@AGJABU_GUID@@PAPAX@Z 100030ce f i MICR.obj
 0001:000020db       ?AddRef@?$CComContainedObject@VCOPOSMICR@@@ATL@@WKA@AGKXZ 100030db f i MICR.obj
 0001:000020e8       ?Release@?$CComContainedObject@VCOPOSMICR@@@ATL@@WKA@AGKXZ 100030e8 f i MICR.obj
 0001:000020f5       ?AddRef@?$CComContainedObject@VCOPOSMICR@@@ATL@@WKI@AGKXZ 100030f5 f i MICR.obj
 0001:00002102       ?Release@?$CComContainedObject@VCOPOSMICR@@@ATL@@WKI@AGKXZ 10003102 f i MICR.obj
 0001:0000210f       ?AddRef@?$CComContainedObject@VCOPOSMICR@@@ATL@@WLE@AGKXZ 1000310f f i MICR.obj
 0001:0000211c       ?Release@?$CComContainedObject@VCOPOSMICR@@@ATL@@WLE@AGKXZ 1000311c f i MICR.obj
 0001:00002129       ?Lock@CAtlModule@ATL@@UAEJXZ 10003129 f i MICR.obj
 0001:00002133       ?Unlock@CAtlModule@ATL@@UAEJXZ 10003133 f i MICR.obj
 0001:0000213d       ?GetLockCount@CAtlModule@ATL@@UAEJXZ 1000313d f i MICR.obj
 0001:00002141       ?GetGITPtr@CAtlModule@ATL@@UAEJPAPAUIGlobalInterfaceTable@@@Z 10003141 f i MICR.obj
 0001:0000218d       ?GetWindowProc@?$CWindowImplBaseT@VCWindow@ATL@@V?$CWinTraits@$0FGAAAAAA@$0A@@2@@ATL@@UAEP6GJPAUHWND__@@IIJ@ZXZ 1000318d f i MICR.obj
 0001:00002193       ?StartWindowProc@?$CWindowImplBaseT@VCWindow@ATL@@V?$CWinTraits@$0FGAAAAAA@$0A@@2@@ATL@@SGJPAUHWND__@@IIJ@Z 10003193 f i MICR.obj
 0001:000021e7       ?AddCommonRGSReplacements@?$CAtlModuleT@VCComModule@ATL@@@ATL@@UAEJPAUIRegistrarBase@@@Z 100031e7 f i MICR.obj
 0001:00002201       ?GetTypeInfoCount@?$IDispatchImpl@UIOPOSMICR@@$1?IID_IOPOSMICR@@3U_GUID@@B$1?LIBID_OposMICR_CCO@@3U3@B$00$0A@VCComTypeInfoHolder@ATL@@@ATL@@UAGJPAI@Z 10003201 f i MICR.obj
 0001:0000221e       ?GetTypeInfo@?$IDispatchImpl@UIOPOSMICR@@$1?IID_IOPOSMICR@@3U_GUID@@B$1?LIBID_OposMICR_CCO@@3U3@B$00$0A@VCComTypeInfoHolder@ATL@@@ATL@@UAGJIKPAPAUITypeInfo@@@Z 1000321e f i MICR.obj
 0001:00002242       ?GetIDsOfNames@?$IDispatchImpl@UIOPOSMICR@@$1?IID_IOPOSMICR@@3U_GUID@@B$1?LIBID_OposMICR_CCO@@3U3@B$00$0A@VCComTypeInfoHolder@ATL@@@ATL@@UAGJABU_GUID@@PAPA_WIKPAJ@Z 10003242 f i MICR.obj
 0001:00002262       ?Invoke@?$IDispatchImpl@UIOPOSMICR@@$1?IID_IOPOSMICR@@3U_GUID@@B$1?LIBID_OposMICR_CCO@@3U3@B$00$0A@VCComTypeInfoHolder@ATL@@@ATL@@UAGJJABU_GUID@@KGPAUtagDISPPARAMS@@PAUtagVARIANT@@PAUtagEXCEPINFO@@PAI@Z 10003262 f i MICR.obj
 0001:00002270       ?UpdateRegistryFromResourceD@CComModule@ATL@@UAGJPB_WHPAU_ATL_REGMAP_ENTRY@2@@Z 10003270 f i MICR.obj
 0001:00002270       ?UpdateRegistryFromResourceD@CComModule@ATL@@UAGJIHPAU_ATL_REGMAP_ENTRY@2@@Z 10003270 f i MICR.obj
 0001:00002278       ?UpdateRegistryFromResource@CComModule@ATL@@UAGJPB_WHPAU_ATL_REGMAP_ENTRY@2@@Z 10003278 f i MICR.obj
 0001:00002281       ?UpdateRegistryFromResource@CComModule@ATL@@UAGJIHPAU_ATL_REGMAP_ENTRY@2@@Z 10003281 f i MICR.obj
 0001:0000228a       ?CreateControlWindow@?$CComControl@VCOPOSMICR@@V?$CWindowImpl@VCOPOSMICR@@VCWindow@ATL@@V?$CWinTraits@$0FGAAAAAA@$0A@@3@@ATL@@@ATL@@UAEPAUHWND__@@PAU3@AAUtagRECT@@@Z 1000328a f i MICR.obj
 0001:000022b9       ?ControlQueryInterface@?$CComControl@VCOPOSMICR@@V?$CWindowImpl@VCOPOSMICR@@VCWindow@ATL@@V?$CWinTraits@$0FGAAAAAA@$0A@@3@@ATL@@@ATL@@UAEJABU_GUID@@PAPAX@Z 100032b9 f i MICR.obj
 0001:000022d4       ??_GCComModule@ATL@@UAEPAXI@Z 100032d4 f i MICR.obj
 0001:000022d4       ??_ECComModule@ATL@@UAEPAXI@Z 100032d4 f i MICR.obj
 0001:000022fc       ?IsDirty@?$IPersistStreamInitImpl@VCOPOSMICR@@@ATL@@UAGJXZ 100032fc f i MICR.obj
 0001:0000231b       ?Load@?$IPersistStreamInitImpl@VCOPOSMICR@@@ATL@@UAGJPAUIStream@@@Z 1000331b f i MICR.obj
 0001:0000233a       ?Save@?$IPersistStreamInitImpl@VCOPOSMICR@@@ATL@@UAGJPAUIStream@@H@Z 1000333a f i MICR.obj
 0001:0000235c       ?GetSizeMax@?$IPersistStreamInitImpl@VCOPOSMICR@@@ATL@@UAGJPAT_ULARGE_INTEGER@@@Z 1000335c f i MICR.obj
 0001:00002511       ?InitNew@?$IPersistStreamInitImpl@VCOPOSMICR@@@ATL@@UAGJXZ 10003511 f i MICR.obj
 0001:0000252e       ?SetClientSite@?$IOleObjectImpl@VCOPOSMICR@@@ATL@@UAGJPAUIOleClientSite@@@Z 1000352e f i MICR.obj
 0001:0000254b       ?GetClientSite@?$IOleObjectImpl@VCOPOSMICR@@@ATL@@UAGJPAPAUIOleClientSite@@@Z 1000354b f i MICR.obj
 0001:00002568       ?SetHostNames@?$IOleObjectImpl@VCOPOSMICR@@@ATL@@UAGJPB_W0@Z 10003568 f i MICR.obj
 0001:0000256d       ?Close@?$IOleObjectImpl@VCOPOSMICR@@@ATL@@UAGJK@Z 1000356d f i MICR.obj
 0001:0000258a       ?DoVerb@?$IOleObjectImpl@VCOPOSMICR@@@ATL@@UAGJJPAUtagMSG@@PAUIOleClientSite@@JPAUHWND__@@PBUtagRECT@@@Z 1000358a f i MICR.obj
 0001:000026a2       ?EnumVerbs@?$IOleObjectImpl@VCOPOSMICR@@@ATL@@UAGJPAPAUIEnumOLEVERB@@@Z 100036a2 f i MICR.obj
 0001:000026c4       ?GetUserType@?$IOleObjectImpl@VCOPOSMICR@@@ATL@@UAGJKPAPA_W@Z 100036c4 f i MICR.obj
 0001:000026dc       ?SetExtent@?$IOleObjectImpl@VCOPOSMICR@@@ATL@@UAGJKPAUtagSIZE@@@Z 100036dc f i MICR.obj
 0001:000026fc       ?GetExtent@?$IOleObjectImpl@VCOPOSMICR@@@ATL@@UAGJKPAUtagSIZE@@@Z 100036fc f i MICR.obj
 0001:0000273a       ?Advise@?$IOleObjectImpl@VCOPOSMICR@@@ATL@@UAGJPAUIAdviseSink@@PAK@Z 1000373a f i MICR.obj
 0001:0000275a       ?Unadvise@?$IOleObjectImpl@VCOPOSMICR@@@ATL@@UAGJK@Z 1000375a f i MICR.obj
 0001:00002789       ?EnumAdvise@?$IOleObjectImpl@VCOPOSMICR@@@ATL@@UAGJPAPAUIEnumSTATDATA@@@Z 10003789 f i MICR.obj
 0001:000027c9       ?GetMiscStatus@?$IOleObjectImpl@VCOPOSMICR@@@ATL@@UAGJKPAK@Z 100037c9 f i MICR.obj
 0001:000027e1       ?GetWindow@?$IOleInPlaceActiveObjectImpl@VCOPOSMICR@@@ATL@@UAGJPAPAUHWND__@@@Z 100037e1 f i MICR.obj
 0001:0000282e       ?TranslateAcceleratorW@?$IOleInPlaceActiveObjectImpl@VCOPOSMICR@@@ATL@@UAGJPAUtagMSG@@@Z 1000382e f i MICR.obj
 0001:000028cc       ?OnDocWindowActivate@?$IOleInPlaceActiveObjectImpl@VCOPOSMICR@@@ATL@@UAGJH@Z 100038cc f i MICR.obj
 0001:000028ee       ?ResizeBorder@?$IOleInPlaceActiveObjectImpl@VCOPOSMICR@@@ATL@@UAGJPBUtagRECT@@PAUIOleInPlaceUIWindow@@H@Z 100038ee f i MICR.obj
 0001:000028f3       ?Draw@?$IViewObjectExImpl@VCOPOSMICR@@@ATL@@UAGJKJPAXPAUtagDVTARGETDEVICE@@PAUHDC__@@2PBU_RECTL@@3P6GHK@ZK@Z 100038f3 f i MICR.obj
 0001:00002925       ??$?4UITypeInfo2@@@?$CComPtr@UITypeInfo@@@ATL@@QAEPAUITypeInfo@@ABV?$CComPtr@UITypeInfo2@@@1@@Z 10003925 f i MICR.obj
 0001:00002952       ??$AtlAdd@K@ATL@@YAJPAKKK@Z 10003952 f i MICR.obj
 0001:00002975       ??$AtlAdd@_K@ATL@@YAJPA_K_K1@Z 10003975 f i MICR.obj
 0001:000029ad       ??$AtlAddThrow@K@ATL@@YAKKK@Z 100039ad f i MICR.obj
 0001:000029d3       ??$AtlModuleRegisterWndClassInfoT@VAtlModuleRegisterWndClassInfoParamW@ATL@@@ATL@@YAGPAU_ATL_BASE_MODULE70@0@PAU_ATL_WIN_MODULE70@0@PAU_ATL_WNDCLASSINFOW@0@PAP6GJPAUHWND__@@IIJ@ZVAtlModuleRegisterWndClassInfoParamW@0@@Z 100039d3 f i MICR.obj
 0001:00002b21       ??$AtlMultiply@H@ATL@@YAJPAHHH@Z 10003b21 f i MICR.obj
 0001:00002b59       ??$AtlMultiply@K@ATL@@YAJPAKKK@Z 10003b59 f i MICR.obj
 0001:00002b59       ??$AtlMultiply@I@ATL@@YAJPAIII@Z 10003b59 f i MICR.obj
 0001:00002b7b       ??$AtlMultiplyThrow@I@ATL@@YAIII@Z 10003b7b f i MICR.obj
 0001:00002ba1       ??0?$CComAggObject@VCOPOSMICR@@@ATL@@QAE@PAX@Z 10003ba1 f i MICR.obj
 0001:00002bce       ??0?$CComContainedObject@VCOPOSMICR@@@ATL@@QAE@PAX@Z 10003bce f i MICR.obj
 0001:00002c87       ??0?$CComObject@V?$CComEnum@UIEnumConnectionPoints@@$1?_GUID_b196b285_bab4_101a_b69c_00aa00341d07@@3U__s_GUID@@BPAUIConnectionPoint@@V?$_CopyInterface@UIConnectionPoint@@@ATL@@VCComSingleThreadModel@6@@ATL@@@ATL@@QAE@PAX@Z 10003c87 f i MICR.obj
 0001:00002cb5       ??0?$CComObject@V?$CComEnum@UIEnumConnections@@$1?_GUID_b196b287_bab4_101a_b69c_00aa00341d07@@3U__s_GUID@@BUtagCONNECTDATA@@V?$_Copy@UtagCONNECTDATA@@@ATL@@VCComSingleThreadModel@6@@ATL@@@ATL@@QAE@PAX@Z 10003cb5 f i MICR.obj
 0001:00002ce3       ??0?$CComObject@VCOPOSMICR@@@ATL@@QAE@PAX@Z 10003ce3 f i MICR.obj
 0001:00002d9a       ??0?$CComQIPtr@UIOleControlSite@@$1?_GUID_b196b289_bab4_101a_b69c_00aa00341d07@@3U__s_GUID@@B@ATL@@QAE@PAUIUnknown@@@Z 10003d9a f i MICR.obj
 0001:00002dc3       ??0CAtlModule@ATL@@QAE@XZ  10003dc3 f i MICR.obj
 0001:00002e04       ??0CParseBuffer@CRegParser@ATL@@QAE@H@Z 10003e04 f i MICR.obj
 0001:00002e3a       ??0_ATL_MSG@ATL@@QAE@PAUHWND__@@IIJH@Z 10003e3a f i MICR.obj
 0001:00002e72       ??1?$CComAggObject@VCOPOSMICR@@@ATL@@UAE@XZ 10003e72 f i MICR.obj
 0001:00002e96       ??1?$CComEnumImpl@UIEnumConnectionPoints@@$1?_GUID_b196b285_bab4_101a_b69c_00aa00341d07@@3U__s_GUID@@BPAUIConnectionPoint@@V?$_CopyInterface@UIConnectionPoint@@@ATL@@@ATL@@UAE@XZ 10003e96 f i MICR.obj
 0001:00002ed6       ??1?$CComEnumImpl@UIEnumConnections@@$1?_GUID_b196b287_bab4_101a_b69c_00aa00341d07@@3U__s_GUID@@BUtagCONNECTDATA@@V?$_Copy@UtagCONNECTDATA@@@ATL@@@ATL@@UAE@XZ 10003ed6 f i MICR.obj
 0001:00002f16       ??1?$CComObject@V?$CComEnum@UIEnumConnectionPoints@@$1?_GUID_b196b285_bab4_101a_b69c_00aa00341d07@@3U__s_GUID@@BPAUIConnectionPoint@@V?$_CopyInterface@UIConnectionPoint@@@ATL@@VCComSingleThreadModel@6@@ATL@@@ATL@@UAE@XZ 10003f16 f i MICR.obj
 0001:00002f39       ??1?$CComObject@V?$CComEnum@UIEnumConnections@@$1?_GUID_b196b287_bab4_101a_b69c_00aa00341d07@@3U__s_GUID@@BUtagCONNECTDATA@@V?$_Copy@UtagCONNECTDATA@@@ATL@@VCComSingleThreadModel@6@@ATL@@@ATL@@UAE@XZ 10003f39 f i MICR.obj
 0001:00002f5c       ??1?$CComObject@VCOPOSMICR@@@ATL@@UAE@XZ 10003f5c f i MICR.obj
 0001:0000301a       ??1?$CComObjectCached@VCComClassFactory@ATL@@@ATL@@UAE@XZ 1000401a f i MICR.obj
 0001:00003030       ??1?$CComObjectRootEx@VCComMultiThreadModel@ATL@@@ATL@@QAE@XZ 10004030 f i MICR.obj
 0001:00003045       ??1CRegObject@ATL@@UAE@XZ  10004045 f i MICR.obj
 0001:00003065       ??4?$CComPtr@UIUnknown@@@ATL@@QAEPAUIUnknown@@PAU2@@Z 10004065 f i MICR.obj
 0001:00003065       ??4?$CComPtr@UIOleClientSite@@@ATL@@QAEPAUIOleClientSite@@PAU2@@Z 10004065 f i MICR.obj
 0001:00003065       ??4?$CComPtr@UIAdviseSink@@@ATL@@QAEPAUIAdviseSink@@PAU2@@Z 10004065 f i MICR.obj
 0001:00003099       ??4?$CComQIPtr@UIOleObject@@$1?_GUID_00000112_0000_0000_c000_000000000046@@3U__s_GUID@@B@ATL@@QAEPAUIOleObject@@PAUIUnknown@@@Z 10004099 f i MICR.obj
 0001:000030be       ??4?$CComQIPtr@UISpecifyPropertyPages@@$1?_GUID_b196b28b_bab4_101a_b69c_00aa00341d07@@3U__s_GUID@@B@ATL@@QAEPAUISpecifyPropertyPages@@PAUIUnknown@@@Z 100040be f i MICR.obj
 0001:000030e3       ??_G?$CComContainedObject@VCOPOSMICR@@@ATL@@UAEPAXI@Z 100040e3 f i MICR.obj
 0001:000030e3       ??_E?$CComContainedObject@VCOPOSMICR@@@ATL@@UAEPAXI@Z 100040e3 f i MICR.obj
 0001:00003108       ??_E?$CComObject@VCOPOSMICR@@@ATL@@UAEPAXI@Z 10004108 f i MICR.obj
 0001:00003108       ??_G?$CComObject@VCOPOSMICR@@@ATL@@UAEPAXI@Z 10004108 f i MICR.obj
 0001:0000312d       ?Add@?$CSimpleArray@GV?$CSimpleArrayEqualHelper@G@ATL@@@ATL@@QAEHABG@Z 1000412d f i MICR.obj
 0001:000031b1       ?Add@?$CSimpleMap@PA_WPA_WVCExpansionVectorEqualHelper@ATL@@@ATL@@QAEHABQA_W0@Z 100041b1 f i MICR.obj
 0001:00003206       ?Add@CComDynamicUnkArray@ATL@@QAEKPAUIUnknown@@@Z 10004206 f i MICR.obj
 0001:000032c1       ?Add@CExpansionVector@ATL@@QAEHPB_W0@Z 100042c1 f i MICR.obj
 0001:000033c5       ?AddString@CParseBuffer@CRegParser@ATL@@QAEHPB_W@Z 100043c5 f i MICR.obj
 0001:000033fa       ?AddValue@CRegParser@ATL@@IAEJAAVCRegKey@2@PB_WPA_W@Z 100043fa f i MICR.obj
 0001:0000371b       ?Allocate@?$CAtlSafeAllocBufferManager@VCCRTAllocator@ATL@@@_ATL_SAFE_ALLOCA_IMPL@ATL@@QAEPAXK@Z 1000471b f i MICR.obj
 0001:00003748       ?Allocate@?$CTempBuffer@E$0BAA@VCCRTAllocator@ATL@@@ATL@@QAEPAEI@Z 10004748 f i MICR.obj
 0001:00003777       ?Allocate@?$CTempBuffer@_W$0BAA@VCCRTAllocator@ATL@@@ATL@@QAEPA_WI@Z 10004777 f i MICR.obj
 0001:000037a6       ?Allocate@?$CTempBuffer@_W$0EAA@VCCRTAllocator@ATL@@@ATL@@QAEPA_WI@Z 100047a6 f i MICR.obj
 0001:000037d5       ?AllocateHeap@?$CTempBuffer@_W$0BAA@VCCRTAllocator@ATL@@@ATL@@AAEXI@Z 100047d5 f i MICR.obj
 0001:000037d5       ?AllocateHeap@?$CTempBuffer@_W$0EAA@VCCRTAllocator@ATL@@@ATL@@AAEXI@Z 100047d5 f i MICR.obj
 0001:000037d5       ?AllocateHeap@?$CTempBuffer@E$0BAA@VCCRTAllocator@ATL@@@ATL@@AAEXI@Z 100047d5 f i MICR.obj
 0001:000037fa       ?Append@CParseBuffer@CRegParser@ATL@@QAEHPB_WH@Z 100047fa f i MICR.obj
 0001:00003888       ?AtlCallTermFunc@ATL@@YGXPAU_ATL_MODULE70@1@@Z 10004888 f i MICR.obj
 0001:000038cc       ?AtlCoTaskMemCAlloc@ATL@@YAPAXKK@Z 100048cc f i MICR.obj
 0001:000038f9       ?AtlCoTaskMemRecalloc@ATL@@YAPAXPAXKK@Z 100048f9 f i MICR.obj
 0001:00003929       ?AtlComModuleGetClassObject@ATL@@YGJPAU_ATL_COM_MODULE70@1@ABU_GUID@@1PAPAX@Z 10004929 f i MICR.obj
 0001:00003a1c       ?AtlComModuleRegisterServer@ATL@@YGJPAU_ATL_COM_MODULE70@1@HPBU_GUID@@@Z 10004a1c f i MICR.obj
 0001:00003aa4       ?AtlComModuleUnregisterServer@ATL@@YGJPAU_ATL_COM_MODULE70@1@HPBU_GUID@@@Z 10004aa4 f i MICR.obj
 0001:00003b2c       ?AtlComQIPtrAssign2@ATL@@YAXPAPAUIUnknown@@PAU2@ABU_GUID@@@Z 10004b2c f i MICR.obj
 0001:00003b5b       ?AtlCreateTargetDC@ATL@@YGPAUHDC__@@PAU2@PAUtagDVTARGETDEVICE@@@Z 10004b5b f i MICR.obj
 0001:00003bc4       ?AtlCrtErrorCheck@ATL@@YAHH@Z 10004bc4 f i MICR.obj
 0001:00003bff       ?AtlHiMetricToPixel@ATL@@YGXPBUtagSIZE@@PAU2@@Z 10004bff f i MICR.obj
 0001:00003c74       ?AtlHresultFromLastError@ATL@@YAJXZ 10004c74 f i MICR.obj
 0001:00003c8b       ?AtlHresultFromWin32@ATL@@YAJK@Z 10004c8b f i MICR.obj
 0001:00003ca0       ?AtlIPersistStreamInit_Load@ATL@@YGJPAUIStream@@PBUATL_PROPMAP_ENTRY@1@PAXPAUIUnknown@@@Z 10004ca0 f i MICR.obj
 0001:00003e80       ?AtlIPersistStreamInit_Save@ATL@@YGJPAUIStream@@HPBUATL_PROPMAP_ENTRY@1@PAXPAUIUnknown@@@Z 10004e80 f i MICR.obj
 0001:00004018       ?AtlInternalOleLoadFromStream@ATL@@YAJPAUIStream@@ABU_GUID@@PAPAXTClassesAllowedInStream@1@K@Z 10005018 f i MICR.obj
 0001:0000413e       ?AtlInternalQueryInterface@ATL@@YGJPAXPBU_ATL_INTMAP_ENTRY@1@ABU_GUID@@PAPAX@Z 1000513e f i MICR.obj
 0001:000041e1       ?AtlLoadTypeLib@ATL@@YGJPAUHINSTANCE__@@PB_WPAPA_WPAPAUITypeLib@@@Z 100051e1 f i MICR.obj
 0001:000043bf       ?AtlModuleAddTermFunc@ATL@@YGJPAU_ATL_MODULE70@1@P6GXK@ZK@Z 100053bf f i MICR.obj
 0001:0000441c       ?AtlRegisterClassCategoriesHelper@ATL@@YGJABU_GUID@@PBU_ATL_CATMAP_ENTRY@1@H@Z 1000541c f i MICR.obj
 0001:000046fc       ?AtlRegisterTypeLib@ATL@@YGJPAUHINSTANCE__@@PB_W@Z 100056fc f i MICR.obj
 0001:00004884       ?AtlThrowImpl@ATL@@YGXJ@Z  10005884 f i MICR.obj
 0001:000048a2       ?AtlUnRegisterTypeLib@ATL@@YGJPAUHINSTANCE__@@PB_W@Z 100058a2 f i MICR.obj
 0001:0000494d       ?AtlWinModuleAddCreateWndData@ATL@@YGXPAU_ATL_WIN_MODULE70@1@PAU_AtlCreateWndData@1@PAX@Z 1000594d f i MICR.obj
 0001:000049a1       ?AtlWinModuleExtractCreateWndData@ATL@@YGPAXPAU_ATL_WIN_MODULE70@1@@Z 100059a1 f i MICR.obj
 0001:00004a04       ?AtlWinModuleRegisterClassExW@ATL@@YGGPAU_ATL_WIN_MODULE70@1@PBUtagWNDCLASSEXW@@@Z 10005a04 f i MICR.obj
 0001:00004a43       ?CanForceRemoveKey@CRegParser@ATL@@IAEHPB_W@Z 10005a43 f i MICR.obj
 0001:00004a72       ?ChToByte@CRegParser@ATL@@KAE_W@Z 10005a72 f i MICR.obj
 0001:00004aa5       ?Cleanup@CComTypeInfoHolder@ATL@@SGXK@Z 10005aa5 f i MICR.obj
 0001:00004ad8       ?ClearReplacements@CExpansionVector@ATL@@QAEJXZ 10005ad8 f i MICR.obj
 0001:00004b15       ?Close@CRegKey@ATL@@QAEJXZ 10005b15 f i MICR.obj
 0001:00004b2f       ?Create@?$CWindowImpl@VCOPOSMICR@@VCWindow@ATL@@V?$CWinTraits@$0FGAAAAAA@$0A@@3@@ATL@@QAEPAUHWND__@@PAU3@V_U_RECT@2@PB_WKKV_U_MENUorID@2@PAX@Z 10005b2f f i MICR.obj
 0001:00004b73       ?Create@?$CWindowImplBaseT@VCWindow@ATL@@V?$CWinTraits@$0FGAAAAAA@$0A@@2@@ATL@@QAEPAUHWND__@@PAU3@V_U_RECT@2@PB_WKKV_U_MENUorID@2@GPAX@Z 10005b73 f i MICR.obj
 0001:00004c0f       ?Create@CRegKey@ATL@@QAEJPAUHKEY__@@PB_WPA_WKKPAU_SECURITY_ATTRIBUTES@@PAK@Z 10005c0f f i MICR.obj
 0001:00004c72       ?CreateInstance@?$CComCreator@V?$CComAggObject@VCOPOSMICR@@@ATL@@@ATL@@SGJPAXABU_GUID@@PAPAX@Z 10005c72 f i MICR.obj
 0001:00004ce8       ?CreateInstance@?$CComCreator@V?$CComObject@VCOPOSMICR@@@ATL@@@ATL@@SGJPAXABU_GUID@@PAPAX@Z 10005ce8 f i MICR.obj
 0001:00004d69       ?CreateInstance@?$CComObject@V?$CComEnum@UIEnumConnectionPoints@@$1?_GUID_b196b285_bab4_101a_b69c_00aa00341d07@@3U__s_GUID@@BPAUIConnectionPoint@@V?$_CopyInterface@UIConnectionPoint@@@ATL@@VCComSingleThreadModel@6@@ATL@@@ATL@@SGJPAPAV12@@Z 10005d69 f i MICR.obj
 0001:00004db0       ?CreateInstance@?$CComObject@V?$CComEnum@UIEnumConnections@@$1?_GUID_b196b287_bab4_101a_b69c_00aa00341d07@@3U__s_GUID@@BUtagCONNECTDATA@@V?$_Copy@UtagCONNECTDATA@@@ATL@@VCComSingleThreadModel@6@@ATL@@@ATL@@SGJPAPAV12@@Z 10005db0 f i MICR.obj
 0001:00004df7       ?DefaultReflectionHandler@?$CWindowImplRoot@VCWindow@ATL@@@ATL@@SAHPAUHWND__@@IIJAAJ@Z 10005df7 f i MICR.obj
 0001:00004e6a       ?DeleteSubKey@CRegKey@ATL@@QAEJPB_W@Z 10005e6a f i MICR.obj
 0001:00004e8d       ?DoEvent@COPOSMICR@@IAEXIIJ@Z 10005e8d f i MICR.obj
 0001:00004f0d       ?DoVerbHide@?$IOleObjectImpl@VCOPOSMICR@@@ATL@@QAEJPBUtagRECT@@PAUHWND__@@@Z 10005f0d f i MICR.obj
 0001:00004f43       ?DoVerbInPlaceActivate@?$IOleObjectImpl@VCOPOSMICR@@@ATL@@QAEJPBUtagRECT@@PAUHWND__@@@Z 10005f43 f i MICR.obj
 0001:00004f76       ?DoVerbPrimary@?$IOleObjectImpl@VCOPOSMICR@@@ATL@@QAEJPBUtagRECT@@PAUHWND__@@@Z 10005f76 f i MICR.obj
 0001:00005002       ?DoVerbProperties@CComControlBase@ATL@@QAEJPBUtagRECT@@PAUHWND__@@@Z 10006002 f i MICR.obj
 0001:00005129       ?DoVerbShow@?$IOleObjectImpl@VCOPOSMICR@@@ATL@@QAEJPBUtagRECT@@PAUHWND__@@@Z 10006129 f i MICR.obj
 0001:0000514e       ?DoVerbUIActivate@?$IOleObjectImpl@VCOPOSMICR@@@ATL@@QAEJPBUtagRECT@@PAUHWND__@@@Z 1000614e f i MICR.obj
 0001:0000518b       ?DoesVerbActivate@CComControlBase@ATL@@QAEHJ@Z 1000618b f i MICR.obj
 0001:000051ac       ?DoesVerbUIActivate@CComControlBase@ATL@@QAEHJ@Z 100061ac f i MICR.obj
 0001:000051e1       ?EndOfVar@CRegParser@ATL@@IAEHXZ 100061e1 f i MICR.obj
 0001:00005201       ?EscapeSingleQuote@CAtlModule@ATL@@SAXPA_WIPB_W@Z 10006201 f i MICR.obj
 0001:00005250       ?FindKey@?$CSimpleMap@PA_WPA_WVCExpansionVectorEqualHelper@ATL@@@ATL@@QBEHABQA_W@Z 10006250 f i MICR.obj
 0001:00005287       ?FireTheEvent@?$CProxy_IOPOSEvents@VCOPOSMICR@@@@IAEXPAVOposVariant@@IAAJPB_WJ@Z 10006287 f i MICR.obj
 0001:00005319       ?FireViewChange@CComControlBase@ATL@@QAEJXZ 10006319 f i MICR.obj
 0001:00005362       ?Fire_DataEvent@?$CProxy_IOPOSEvents@VCOPOSMICR@@@@QAEXJ@Z 10006362 f i MICR.obj
 0001:000053ee       ?Fire_DirectIOEvent@?$CProxy_IOPOSEvents@VCOPOSMICR@@@@QAEXJPAJPAPA_W@Z 100063ee f i MICR.obj
 0001:000054d4       ?Fire_ErrorEvent@?$CProxy_IOPOSEvents@VCOPOSMICR@@@@QAEXJJJPAJ@Z 100064d4 f i MICR.obj
 0001:000055bb       ?Fire_StatusUpdateEvent@?$CProxy_IOPOSEvents@VCOPOSMICR@@@@QAEXJ@Z 100065bb f i MICR.obj
 0001:00005647       ?FreeHeap@?$CTempBuffer@_W$0BAA@VCCRTAllocator@ATL@@@ATL@@AAEXXZ 10006647 f i MICR.obj
 0001:00005647       ?FreeHeap@?$CTempBuffer@_W$0EAA@VCCRTAllocator@ATL@@@ATL@@AAEXXZ 10006647 f i MICR.obj
 0001:00005647       ?FreeHeap@?$CTempBuffer@E$0BAA@VCCRTAllocator@ATL@@@ATL@@AAEXXZ 10006647 f i MICR.obj
 0001:00005650       ?GetAmbientLocaleID@CComControlBase@ATL@@QAEJAAK@Z 10006650 f i MICR.obj
 0001:000056ac       ?GetAmbientUserMode@CComControlBase@ATL@@QAEJAAH@Z 100066ac f i MICR.obj
 0001:0000571c       ?GetAt@CComDynamicUnkArray@ATL@@QAEPAUIUnknown@@H@Z 1000671c f i MICR.obj
 0001:00005738       ?GetClassObject@CComModule@ATL@@QAEJABU_GUID@@0PAPAX@Z 10006738 f i MICR.obj
 0001:000057da       ?GetConnMap@COPOSMICR@@SAPBU_ATL_CONNMAP_ENTRY@ATL@@PAH@Z 100067da f i MICR.obj
 0001:0000584a       ?GetCookie@CComDynamicUnkArray@ATL@@QAGKPAPAUIUnknown@@@Z 1000684a f i MICR.obj
 0001:00005882       ?GetIDsOfNames@CComTypeInfoHolder@ATL@@QAEJABU_GUID@@PAPA_WIKPAJ@Z 10006882 f i MICR.obj
 0001:00005990       ?GetKeyAt@?$CSimpleMap@PA_WPA_WVCExpansionVectorEqualHelper@ATL@@@ATL@@QBEAAPA_WH@Z 10006990 f i MICR.obj
 0001:000059b5       ?GetPagesHelper@?$ISpecifyPropertyPagesImpl@VCOPOSMICR@@@ATL@@IAEJPAUtagCAUUID@@PBUATL_PROPMAP_ENTRY@2@@Z 100069b5 f i MICR.obj
 0001:00005adc       ?GetProperty@?$CComPtr@UIDispatch@@@ATL@@SAJPAUIDispatch@@JPAUtagVARIANT@@@Z 10006adc f i MICR.obj
 0001:00005b2b       ?GetSizeMax@CComVariant@ATL@@QBEJPAT_ULARGE_INTEGER@@@Z 10006b2b f i MICR.obj
 0001:00005ce5       ?GetStreamSize@CComBSTR@ATL@@SAKPA_W@Z 10006ce5 f i MICR.obj
 0001:00005cff       ?GetTI@CComTypeInfoHolder@ATL@@QAEJK@Z 10006cff f i MICR.obj
 0001:00005ee8       ?GetTI@CComTypeInfoHolder@ATL@@QAEJKPAPAUITypeInfo@@@Z 10006ee8 f i MICR.obj
 0001:00005f2a       ?GetUnknown@CComDynamicUnkArray@ATL@@QAGPAUIUnknown@@K@Z 10006f2a f i MICR.obj
 0001:00005f4b       ?GetValueAt@?$CSimpleMap@PA_WPA_WVCExpansionVectorEqualHelper@ATL@@@ATL@@QBEAAPA_WH@Z 10006f4b f i MICR.obj
 0001:00005f71       ?GetZoomInfo@CComControlBase@ATL@@QAEXAAUATL_DRAWINFO@@@Z 10006f71 f i MICR.obj
 0001:00006004       ?HKeyFromString@CRegParser@ATL@@KAPAUHKEY__@@PA_W@Z 10007004 f i MICR.obj
 0001:00006032       ?HasSubKeys@CRegParser@ATL@@IAEHPAUHKEY__@@@Z 10007032 f i MICR.obj
 0001:00006067       ?IDataObject_GetData@CComControlBase@ATL@@QAEJPAUtagFORMATETC@@PAUtagSTGMEDIUM@@@Z 10007067 f i MICR.obj
 0001:0000620d       ?IOleInPlaceObject_InPlaceDeactivate@CComControlBase@ATL@@QAEJXZ 1000720d f i MICR.obj
 0001:00006294       ?IOleInPlaceObject_SetObjectRects@CComControlBase@ATL@@QAEJPBUtagRECT@@0@Z 10007294 f i MICR.obj
 0001:00006361       ?IOleInPlaceObject_UIDeactivate@CComControlBase@ATL@@QAEJXZ 10007361 f i MICR.obj
 0001:00006423       ?IOleObject_Advise@CComControlBase@ATL@@QAEJPAUIAdviseSink@@PAK@Z 10007423 f i MICR.obj
 0001:0000644d       ?IOleObject_Close@CComControlBase@ATL@@QAEJK@Z 1000744d f i MICR.obj
 0001:00006531       ?IOleObject_GetClientSite@CComControlBase@ATL@@QAEJPAPAUIOleClientSite@@@Z 10007531 f i MICR.obj
 0001:0000655a       ?IOleObject_SetClientSite@CComControlBase@ATL@@QAEJPAUIOleClientSite@@@Z 1000755a f i MICR.obj
 0001:00006599       ?IOleObject_SetExtent@CComControlBase@ATL@@QAEJKPAUtagSIZE@@@Z 10007599 f i MICR.obj
 0001:0000664d       ?IPSI_GetIPersistStreamInit@?$IPersistStorageImpl@VCOPOSMICR@@@ATL@@AAEPAUIPersistStreamInit@@XZ 1000764d f i MICR.obj
 0001:0000668f       ?IPersistStreamInit_Load@?$IPersistStreamInitImpl@VCOPOSMICR@@@ATL@@QAEJPAUIStream@@PBUATL_PROPMAP_ENTRY@2@@Z 1000768f f i MICR.obj
 0001:000066bb       ?IPersistStreamInit_Save@?$IPersistStreamInitImpl@VCOPOSMICR@@@ATL@@QAEJPAUIStream@@HPBUATL_PROPMAP_ENTRY@2@@Z 100076bb f i MICR.obj
 0001:000066f0       ?IQuickActivate_QuickActivate@CComControlBase@ATL@@QAEJPAUtagQACONTAINER@@PAUtagQACONTROL@@@Z 100076f0 f i MICR.obj
 0001:00006932       ?IViewObject_Draw@CComControlBase@ATL@@QAEJKJPAXPAUtagDVTARGETDEVICE@@PAUHDC__@@2PBU_RECTL@@3@Z 10007932 f i MICR.obj
 0001:000069da       ?InPlaceActivate@CComControlBase@ATL@@QAEJJPBUtagRECT@@@Z 100079da f i MICR.obj
 0001:00006c4b       ?Init@?$CComEnumImpl@UIEnumConnectionPoints@@$1?_GUID_b196b285_bab4_101a_b69c_00aa00341d07@@3U__s_GUID@@BPAUIConnectionPoint@@V?$_CopyInterface@UIConnectionPoint@@@ATL@@@ATL@@QAEJPAPAUIConnectionPoint@@0PAUIUnknown@@W4CComEnumFlags@2@@Z 10007c4b f i MICR.obj
 0001:00006d2a       ?Init@?$CComEnumImpl@UIEnumConnections@@$1?_GUID_b196b287_bab4_101a_b69c_00aa00341d07@@3U__s_GUID@@BUtagCONNECTDATA@@V?$_Copy@UtagCONNECTDATA@@@ATL@@@ATL@@QAEJPAUtagCONNECTDATA@@0PAUIUnknown@@W4CComEnumFlags@2@@Z 10007d2a f i MICR.obj
 0001:00006e09       ?Init@CComModule@ATL@@QAEJPAU_ATL_OBJMAP_ENTRY30@2@PAUHINSTANCE__@@PBU_GUID@@@Z 10007e09 f i MICR.obj
 0001:00006e68       ?Init@CDynamicStdCallThunk2@ATL@@QAEHKPAX@Z 10007e68 f i MICR.obj
 0001:00006e93       ?InlineIsEqualUnknown@ATL@@YGHABU_GUID@@@Z 10007e93 f i MICR.obj
 0001:00006ebb       ?InternalGetSite@CComControlBase@ATL@@QAEJABU_GUID@@PAPAX@Z 10007ebb f i MICR.obj
 0001:00006ee9       ?InternalSetAtIndex@?$CSimpleMap@PA_WPA_WVCExpansionVectorEqualHelper@ATL@@@ATL@@QAEXHABQA_W0@Z 10007ee9 f i MICR.obj
 0001:00006f13       ?Invoke@CComTypeInfoHolder@ATL@@QAEJPAUIDispatch@@JABU_GUID@@KGPAUtagDISPPARAMS@@PAUtagVARIANT@@PAUtagEXCEPINFO@@PAI@Z 10007f13 f i MICR.obj
 0001:00006f56       ?IsEqualObject@?$CComPtrBase@UITypeInfo@@@ATL@@QAE_NPAUIUnknown@@@Z 10007f56 f i MICR.obj
 0001:00006f56       ?IsEqualObject@?$CComPtrBase@UIOleClientSite@@@ATL@@QAE_NPAUIUnknown@@@Z 10007f56 f i MICR.obj
 0001:00006fc3       ?IsSpace@CRegParser@ATL@@IAEH_W@Z 10007fc3 f i MICR.obj
 0001:00006fed       ?LoadNameCache@CComTypeInfoHolder@ATL@@QAEJPAUITypeInfo@@@Z 10007fed f i MICR.obj
 0001:0000713b       ?Lookup@?$CSimpleMap@PA_WPA_WVCExpansionVectorEqualHelper@ATL@@@ATL@@QBEPA_WABQA_W@Z 1000813b f i MICR.obj
 0001:00007161       ?NextToken@CRegParser@ATL@@IAEJPA_W@Z 10008161 f i MICR.obj
 0001:00007299       ?OnKillFocus@CComControlBase@ATL@@QAEJIIJAAH@Z 10008299 f i MICR.obj
 0001:000072f4       ?OnMouseActivate@CComControlBase@ATL@@QAEJIIJAAH@Z 100082f4 f i MICR.obj
 0001:00007362       ?OnPaint@CComControlBase@ATL@@QAEJIIJAAH@Z 10008362 f i MICR.obj
 0001:00007414       ?OnSetFocus@CComControlBase@ATL@@QAEJIIJAAH@Z 10008414 f i MICR.obj
 0001:0000749d       ?Open@CRegKey@ATL@@QAEJPAUHKEY__@@PB_WK@Z 1000849d f i MICR.obj
 0001:000074e6       ?PreProcessBuffer@CRegParser@ATL@@QAEJPA_WPAPA_W@Z 100084e6 f i MICR.obj
 0001:00007750       ?ProcessWindowMessage@?$CComControl@VCOPOSMICR@@V?$CWindowImpl@VCOPOSMICR@@VCWindow@ATL@@V?$CWinTraits@$0FGAAAAAA@$0A@@3@@ATL@@@ATL@@UAEHPAUHWND__@@IIJAAJK@Z 10008750 f i MICR.obj
 0001:000077ef       ?PutProperty@?$CComPtr@UIDispatch@@@ATL@@SAJPAUIDispatch@@JPAUtagVARIANT@@@Z 100087ef f i MICR.obj
 0001:00007881       ?ReadFromStream@CComBSTR@ATL@@QAEJPAUIStream@@@Z 10008881 f i MICR.obj
 0001:000079af       ?ReadFromStream@CComVariant@ATL@@QAEJPAUIStream@@GTClassesAllowedInStream@2@K@Z 100089af f i MICR.obj
 0001:00007b35       ?RecurseDeleteKey@CRegKey@ATL@@QAEJPB_W@Z 10008b35 f i MICR.obj
 0001:00007bf7       ?RegCreateKeyExW@CAtlTransactionManager@ATL@@QAEJPAUHKEY__@@PB_WKPA_WKKQAU_SECURITY_ATTRIBUTES@@PAPAU3@PAK@Z 10008bf7 f i MICR.obj
 0001:00007c5a       ?RegDeleteKeyW@CAtlTransactionManager@ATL@@QAEJPAUHKEY__@@PB_W@Z 10008c5a f i MICR.obj
 0001:00007cac       ?RegOpenKeyExW@CAtlTransactionManager@ATL@@QAEJPAUHKEY__@@PB_WKKPAPAU3@@Z 10008cac f i MICR.obj
 0001:00007d03       ?Register@_ATL_WNDCLASSINFOW@ATL@@QAEGPAP6GJPAUHWND__@@IIJ@Z@Z 10008d03 f i MICR.obj
 0001:00007d23       ?RegisterBuffer@CRegParser@ATL@@QAEJPA_WH@Z 10008d23 f i MICR.obj
 0001:00007e5c       ?RegisterFromResource@CRegObject@ATL@@IAEJPB_W00H@Z 10008e5c f i MICR.obj
 0001:00007f92       ?RegisterServer@?$CAtlModuleT@VCComModule@ATL@@@ATL@@QAEJHPBU_GUID@@@Z 10008f92 f i MICR.obj
 0001:00007fc0       ?RegisterServer@CComModule@ATL@@QAEJHPBU_GUID@@@Z 10008fc0 f i MICR.obj
 0001:00008036       ?RegisterSubkeys@CRegParser@ATL@@IAEJPA_WPAUHKEY__@@HH@Z 10009036 f i MICR.obj
 0001:00008605       ?Remove@CComDynamicUnkArray@ATL@@QAEHK@Z 10009605 f i MICR.obj
 0001:0000862e       ?RemoveAll@?$CSimpleMap@PA_WPA_WVCExpansionVectorEqualHelper@ATL@@@ATL@@QAEXXZ 1000962e f i MICR.obj
 0001:0000865a       ?ResourceRegisterSz@CRegObject@ATL@@QAGJPB_W00@Z 1000965a f i MICR.obj
 0001:00008687       ?ResourceUnregisterSz@CRegObject@ATL@@QAGJPB_W00@Z 10009687 f i MICR.obj
 0001:000086b4       ?SendOnDataChange@CComControlBase@ATL@@QAEJK@Z 100096b4 f i MICR.obj
 0001:00008701       ?SetControlFocus@CComControlBase@ATL@@QAEHH@Z 10009701 f i MICR.obj
 0001:0000879e       ?SetMultiStringValue@CRegKey@ATL@@QAEJPB_W0@Z 1000979e f i MICR.obj
 0001:000087fa       ?SetStringValue@CRegKey@ATL@@QAEJPB_W0K@Z 100097fa f i MICR.obj
 0001:00008843       ?SkipAssignment@CRegParser@ATL@@IAEJPA_W@Z 10009843 f i MICR.obj
 0001:000088a8       ?SkipWhiteSpace@CRegParser@ATL@@IAEXXZ 100098a8 f i MICR.obj
 0001:000088ca       ?StrChrW@CRegParser@ATL@@KAPA_WPA_W_W@Z 100098ca f i MICR.obj
 0001:00008907       ?Term@CAtlModule@ATL@@QAEXXZ 10009907 f i MICR.obj
 0001:00008940       ?Term@CComModule@ATL@@QAEXXZ 10009940 f i MICR.obj
 0001:00008998       ?UnregisterServer@?$CAtlModuleT@VCComModule@ATL@@@ATL@@QAEJHPBU_GUID@@@Z 10009998 f i MICR.obj
 0001:000089be       ?UnregisterServer@CComModule@ATL@@QAEJHPBU_GUID@@@Z 100099be f i MICR.obj
 0001:00008a34       ?UpdateRegistryFromResource@CAtlModule@ATL@@QAGJIHPAU_ATL_REGMAP_ENTRY@2@@Z 10009a34 f i MICR.obj
 0001:00008bff       ?UpdateRegistryFromResource@CAtlModule@ATL@@QAGJPB_WHPAU_ATL_REGMAP_ENTRY@2@@Z 10009bff f i MICR.obj
 0001:00008dd0       ?VTFromRegType@CRegParser@ATL@@KAHPB_WAAG@Z 10009dd0 f i MICR.obj
 0001:00008e3d       ?WindowProc@?$CWindowImplBaseT@VCWindow@ATL@@V?$CWinTraits@$0FGAAAAAA@$0A@@2@@ATL@@SGJPAUHWND__@@IIJ@Z 10009e3d f i MICR.obj
 0001:00008f2f       ?WriteToStream@CComBSTR@ATL@@QAEJPAUIStream@@@Z 10009f2f f i MICR.obj
 0001:00008f86       ?WriteToStream@CComVariant@ATL@@QAEJPAUIStream@@@Z 10009f86 f i MICR.obj
 0001:00009100       ?WriteToStream@CComVariant@ATL@@QAEJPAUIStream@@G@Z 1000a100 f i MICR.obj
 0001:00009169       ?_AtlInitialConstruct@?$CComObjectRootEx@VCComMultiThreadModel@ATL@@@ATL@@QAEJXZ 1000a169 f i MICR.obj
 0001:0000917e       ?_AtlVerifyStackAvailable@_ATL_SAFE_ALLOCA_IMPL@ATL@@YA_NK@Z 1000a17e f i MICR.obj
 0001:000091fc       ?copy@?$_Copy@UtagCONNECTDATA@@@ATL@@SAJPAUtagCONNECTDATA@@PBU3@@Z 1000a1fc f i MICR.obj
 0001:00009232       ?copy@?$_CopyInterface@UIConnectionPoint@@@ATL@@SAJPAPAUIConnectionPoint@@PBQAU3@@Z 1000a232 f i MICR.obj
 0001:00009260       ?memcpy_s@Checked@ATL@@YAXPAXIPBXI@Z 1000a260 f i MICR.obj
 0001:0000927f       ?ocscpy_s@@YA_NPA_WIPB_W@Z 1000a27f f i MICR.obj
 0001:000092ae       ?ocslen@@YAHPB_W@Z         1000a2ae f i MICR.obj
 0001:000092ce       ?wcscpy_s@Checked@ATL@@YAXPA_WIPB_W@Z 1000a2ce f i MICR.obj
 0001:000092ea       _DllCanUnloadNow@0         1000a2ea f   MICR.obj
 0001:000092f6       _DllGetClassObject@12      1000a2f6 f   MICR.obj
 0001:00009304       _DllMain@12                1000a304 f   MICR.obj
 0001:00009346       _DllRegisterServer@0       1000a346 f   MICR.obj
 0001:00009355       _DllUnregisterServer@0     1000a355 f   MICR.obj
 0001:00009364       _InlineIsEqualGUID         1000a364 f i MICR.obj
 0001:00009394       ___local_stdio_printf_options 1000a394 f i MICR.obj
 0001:0000939a       __vswprintf_s_l            1000a39a f i MICR.obj
 0001:00009447       _swprintf_s                1000a447 f i MICR.obj
 0001:00009463       ??0?$CComControl@VCOPOSMICR@@V?$CWindowImpl@VCOPOSMICR@@VCWindow@ATL@@V?$CWinTraits@$0FGAAAAAA@$0A@@3@@ATL@@@ATL@@QAE@XZ 1000a463 f i MICRImpl.obj
 0001:0000948a       ??0?$CProxy_IOPOSEvents@VCOPOSMICR@@@@QAE@XZ 1000a48a f i MICRImpl.obj
 0001:000094aa       ??0CComControlBase@ATL@@QAE@AAPAUHWND__@@@Z 1000a4aa f i MICRImpl.obj
 0001:000094f4       ??0COPOSMICR@@QAE@XZ       1000a4f4 f   MICRImpl.obj
 0001:0000952a       ??1?$CComControl@VCOPOSMICR@@V?$CWindowImpl@VCOPOSMICR@@VCWindow@ATL@@V?$CWinTraits@$0FGAAAAAA@$0A@@3@@ATL@@@ATL@@UAE@XZ 1000a52a f i MICRImpl.obj
 0001:00009543       ??1?$IConnectionPointImpl@VCOPOSMICR@@$1?IID_IPropertyNotifySink@@3U_GUID@@BVCComDynamicUnkArray@ATL@@@ATL@@QAE@XZ 1000a543 f i MICRImpl.obj
 0001:00009543       ??1?$IConnectionPointImpl@VCOPOSMICR@@$1?DIID__IOPOSMICREvents@@3U_GUID@@BVCComDynamicUnkArray@ATL@@@ATL@@QAE@XZ 1000a543 f i MICRImpl.obj
 0001:00009580       ??1CComControlBase@ATL@@UAE@XZ 1000a580 f i MICRImpl.obj
 0001:000095e3       ??1COPOSMICR@@UAE@XZ       1000a5e3 f   MICRImpl.obj
 0001:0000962b       ??1OposVariantResult@@QAE@XZ 1000a62b f i MICRImpl.obj
 0001:0000964c       ??1_CW@@QAE@XZ             1000a64c f i MICRImpl.obj
 0001:00009665       ?BeginInsertion@COPOSMICR@@UAGJJPAJ@Z 1000a665 f   MICRImpl.obj
 0001:000096b4       ?BeginRemoval@COPOSMICR@@UAGJJPAJ@Z 1000a6b4 f   MICRImpl.obj
 0001:00009703       ?CheckHealth@COPOSMICR@@UAGJJPAJ@Z 1000a703 f   MICRImpl.obj
 0001:00009752       ?ClaimDevice@COPOSMICR@@UAGJJPAJ@Z 1000a752 f   MICRImpl.obj
 0001:000097c7       ?ClearInput@COPOSMICR@@UAGJPAJ@Z 1000a7c7 f   MICRImpl.obj
 0001:000097e2       ?ClearInputProperties@COPOSMICR@@UAGJPAJ@Z 1000a7e2 f   MICRImpl.obj
 0001:000097fd       ?Close@COPOSMICR@@UAGJPAJ@Z 1000a7fd f   MICRImpl.obj
 0001:0000986b       ?CompareFirmwareVersion@COPOSMICR@@UAGJPA_WPAJ1@Z 1000a86b f   MICRImpl.obj
 0001:000098eb       ?DirectIO@COPOSMICR@@UAGJJPAJPAPA_W0@Z 1000a8eb f   MICRImpl.obj
 0001:00009999       ?DoInvoke@COPOSMICR@@IAEJJPAVOposVariant@@IHPAJ_N@Z 1000a999 f   MICRImpl.obj
 0001:00009a5b       ?EndInsertion@COPOSMICR@@UAGJPAJ@Z 1000aa5b f   MICRImpl.obj
 0001:00009a76       ?EndRemoval@COPOSMICR@@UAGJPAJ@Z 1000aa76 f   MICRImpl.obj
 0001:00009a91       ?EventClose@COPOSMICR@@IAEXXZ 1000aa91 f i MICRImpl.obj
 0001:00009ac4       ?EventInit@COPOSMICR@@IAEJXZ 1000aac4 f i MICRImpl.obj
 0001:00009b90       ?EventUninit@COPOSMICR@@IAEXXZ 1000ab90 f i MICRImpl.obj
 0001:00009be2       ?EventWindowProc@COPOSMICR@@IAGJIIJ@Z 1000abe2 f i MICRImpl.obj
 0001:00009cb6       ?FinalConstruct@COPOSMICR@@QAEJXZ 1000acb6 f   MICRImpl.obj
 0001:00009cef       ?FireEventCleanup@COPOSMICR@@IAEXXZ 1000acef f i MICRImpl.obj
 0001:00009d05       ?FireEventSetup@COPOSMICR@@IAE_NXZ 1000ad05 f i MICRImpl.obj
 0001:00009d39       ?FreezeEvents@COPOSMICR@@MAGJH@Z 1000ad39 f   MICRImpl.obj
 0001:00009d99       ?GetOposProp@COPOSMICR@@IAEJJPAFJ@Z 1000ad99 f   MICRImpl.obj
 0001:00009dbc       ?GetOposProp@COPOSMICR@@IAEJJPAJJ@Z 1000adbc f   MICRImpl.obj
 0001:00009e7a       ?GetOposProp@COPOSMICR@@IAEJJPAPA_WJ@Z 1000ae7a f   MICRImpl.obj
 0001:00009f45       ?OnDraw@COPOSMICR@@MAEJAAUATL_DRAWINFO@@@Z 1000af45 f   MICRImpl.obj
 0001:00009fe5       ?Open@COPOSMICR@@UAGJPA_WPAJ@Z 1000afe5 f   MICRImpl.obj
 0001:0000a77f       ?ReleaseDevice@COPOSMICR@@UAGJPAJ@Z 1000b77f f   MICRImpl.obj
 0001:0000a7ce       ?ResetStatistics@COPOSMICR@@UAGJPA_WPAJ@Z 1000b7ce f   MICRImpl.obj
 0001:0000a825       ?RetrieveStatistics@COPOSMICR@@UAGJPAPA_WPAJ@Z 1000b825 f   MICRImpl.obj
 0001:0000a87c       ?SOProcessID@COPOSMICR@@UAGJPAJ@Z 1000b87c f   MICRImpl.obj
 0001:0000a890       ?SetCOFreezeEvents@COPOSMICR@@IAEXF@Z 1000b890 f   MICRImpl.obj
 0001:0000a91b       ?SetOposProp@COPOSMICR@@IAEJJJJ@Z 1000b91b f   MICRImpl.obj
 0001:0000a9f9       ?UpdateFirmware@COPOSMICR@@UAGJPA_WPAJ@Z 1000b9f9 f   MICRImpl.obj
 0001:0000aa50       ?UpdateStatistics@COPOSMICR@@UAGJPA_WPAJ@Z 1000ba50 f   MICRImpl.obj
 0001:0000aaa7       ?get_AccountNumber@COPOSMICR@@UAGJPAPA_W@Z 1000baa7 f   MICRImpl.obj
 0001:0000aac0       ?get_Amount@COPOSMICR@@UAGJPAPA_W@Z 1000bac0 f   MICRImpl.obj
 0001:0000aad9       ?get_AutoDisable@COPOSMICR@@UAGJPAF@Z 1000bad9 f   MICRImpl.obj
 0001:0000aaef       ?get_BankNumber@COPOSMICR@@UAGJPAPA_W@Z 1000baef f   MICRImpl.obj
 0001:0000ab08       ?get_BinaryConversion@COPOSMICR@@UAGJPAJ@Z 1000bb08 f   MICRImpl.obj
 0001:0000ab1e       ?get_CapCompareFirmwareVersion@COPOSMICR@@UAGJPAF@Z 1000bb1e f   MICRImpl.obj
 0001:0000ab37       ?get_CapPowerReporting@COPOSMICR@@UAGJPAJ@Z 1000bb37 f   MICRImpl.obj
 0001:0000ab50       ?get_CapStatisticsReporting@COPOSMICR@@UAGJPAF@Z 1000bb50 f   MICRImpl.obj
 0001:0000ab69       ?get_CapUpdateFirmware@COPOSMICR@@UAGJPAF@Z 1000bb69 f   MICRImpl.obj
 0001:0000ab82       ?get_CapUpdateStatistics@COPOSMICR@@UAGJPAF@Z 1000bb82 f   MICRImpl.obj
 0001:0000ab9b       ?get_CapValidationDevice@COPOSMICR@@UAGJPAF@Z 1000bb9b f   MICRImpl.obj
 0001:0000abb4       ?get_CheckHealthText@COPOSMICR@@UAGJPAPA_W@Z 1000bbb4 f   MICRImpl.obj
 0001:0000abcd       ?get_CheckType@COPOSMICR@@UAGJPAJ@Z 1000bbcd f   MICRImpl.obj
 0001:0000abe6       ?get_Claimed@COPOSMICR@@UAGJPAF@Z 1000bbe6 f   MICRImpl.obj
 0001:0000abfc       ?get_ControlObjectDescription@COPOSMICR@@UAGJPAPA_W@Z 1000bbfc f   MICRImpl.obj
 0001:0000ac39       ?get_ControlObjectVersion@COPOSMICR@@UAGJPAJ@Z 1000bc39 f   MICRImpl.obj
 0001:0000ac4c       ?get_CountryCode@COPOSMICR@@UAGJPAJ@Z 1000bc4c f   MICRImpl.obj
 0001:0000ac65       ?get_DataCount@COPOSMICR@@UAGJPAJ@Z 1000bc65 f   MICRImpl.obj
 0001:0000ac7b       ?get_DataEventEnabled@COPOSMICR@@UAGJPAF@Z 1000bc7b f   MICRImpl.obj
 0001:0000ac91       ?get_DeviceDescription@COPOSMICR@@UAGJPAPA_W@Z 1000bc91 f   MICRImpl.obj
 0001:0000acaa       ?get_DeviceEnabled@COPOSMICR@@UAGJPAF@Z 1000bcaa f   MICRImpl.obj
 0001:0000acc0       ?get_DeviceName@COPOSMICR@@UAGJPAPA_W@Z 1000bcc0 f   MICRImpl.obj
 0001:0000acd9       ?get_EPC@COPOSMICR@@UAGJPAPA_W@Z 1000bcd9 f   MICRImpl.obj
 0001:0000acf2       ?get_FreezeEvents@COPOSMICR@@UAGJPAF@Z 1000bcf2 f   MICRImpl.obj
 0001:0000ad08       ?get_OpenResult@COPOSMICR@@UAGJPAJ@Z 1000bd08 f   MICRImpl.obj
 0001:0000ad1f       ?get_PowerNotify@COPOSMICR@@UAGJPAJ@Z 1000bd1f f   MICRImpl.obj
 0001:0000ad35       ?get_PowerState@COPOSMICR@@UAGJPAJ@Z 1000bd35 f   MICRImpl.obj
 0001:0000ad4b       ?get_RawData@COPOSMICR@@UAGJPAPA_W@Z 1000bd4b f   MICRImpl.obj
 0001:0000ad64       ?get_ResultCode@COPOSMICR@@UAGJPAJ@Z 1000bd64 f   MICRImpl.obj
 0001:0000ada2       ?get_ResultCodeExtended@COPOSMICR@@UAGJPAJ@Z 1000bda2 f   MICRImpl.obj
 0001:0000adb8       ?get_SerialNumber@COPOSMICR@@UAGJPAPA_W@Z 1000bdb8 f   MICRImpl.obj
 0001:0000add1       ?get_ServiceObjectDescription@COPOSMICR@@UAGJPAPA_W@Z 1000bdd1 f   MICRImpl.obj
 0001:0000adea       ?get_ServiceObjectVersion@COPOSMICR@@UAGJPAJ@Z 1000bdea f   MICRImpl.obj
 0001:0000ae00       ?get_State@COPOSMICR@@UAGJPAJ@Z 1000be00 f   MICRImpl.obj
 0001:0000ae2c       ?get_TransitNumber@COPOSMICR@@UAGJPAPA_W@Z 1000be2c f   MICRImpl.obj
 0001:0000ae45       ?put_AutoDisable@COPOSMICR@@UAGJF@Z 1000be45 f   MICRImpl.obj
 0001:0000ae62       ?put_BinaryConversion@COPOSMICR@@UAGJJ@Z 1000be62 f   MICRImpl.obj
 0001:0000ae78       ?put_DataEventEnabled@COPOSMICR@@UAGJF@Z 1000be78 f   MICRImpl.obj
 0001:0000ae95       ?put_DeviceEnabled@COPOSMICR@@UAGJF@Z 1000be95 f   MICRImpl.obj
 0001:0000aeb2       ?put_FreezeEvents@COPOSMICR@@UAGJF@Z 1000beb2 f   MICRImpl.obj
 0001:0000aefe       ?put_PowerNotify@COPOSMICR@@UAGJJ@Z 1000befe f   MICRImpl.obj
 0001:0000af14       ?s_EventWindowProc@COPOSMICR@@KGJPAUHWND__@@IIJ@Z 1000bf14 f i MICRImpl.obj
 0001:0000af66       ??_U@YAPAXI@Z              1000bf66 f   LIBCMT:new_array.obj
 0001:0000af6f       ??3@YAXPAXI@Z              1000bf6f f   LIBCMT:delete_scalar_size.obj
 0001:0000af7d       ??_V@YAXPAX@Z              1000bf7d f   LIBCMT:delete_array.obj
 0001:0000af82       ??_V@YAXPAXI@Z             1000bf82 f   LIBCMT:delete_array_size.obj
 0001:0000af90       ??$__crt_fast_encode_pointer@P6GXPAU_RTL_CONDITION_VARIABLE@@@Z@@YAP6GXPAU_RTL_CONDITION_VARIABLE@@@ZQ6GX0@Z@Z 1000bf90 f i LIBCMT:thread_safe_statics.obj
 0001:0000af90       ??$__crt_fast_encode_pointer@PAP6AXXZ@@YAPAP6AXXZQAP6AXXZ@Z 1000bf90 f i LIBCMT:utility.obj
 0001:0000af90       ??$__crt_fast_encode_pointer@P6GHPAU_RTL_CONDITION_VARIABLE@@PAU_RTL_CRITICAL_SECTION@@K@Z@@YAP6GHPAU_RTL_CONDITION_VARIABLE@@PAU_RTL_CRITICAL_SECTION@@K@ZQ6GH01K@Z@Z 1000bf90 f i LIBCMT:thread_safe_statics.obj
 0001:0000af90       ??$__crt_fast_encode_pointer@PAX@@YAPAXQAX@Z 1000bf90 f i libvcruntime:winapi_downlevel.obj
 0001:0000aff1       ___scrt_acquire_startup_lock 1000bff1 f   LIBCMT:utility.obj
 0001:0000b023       ___scrt_dllmain_after_initialize_c 1000c023 f   LIBCMT:utility.obj
 0001:0000b04e       ___scrt_dllmain_before_initialize_c 1000c04e f   LIBCMT:utility.obj
 0001:0000b05c       ___scrt_dllmain_crt_thread_attach 1000c05c f   LIBCMT:utility.obj
 0001:0000b07b       ___scrt_dllmain_crt_thread_detach 1000c07b f   LIBCMT:utility.obj
 0001:0000b088       ___scrt_dllmain_exception_filter 1000c088 f   LIBCMT:utility.obj
 0001:0000b0bc       ___scrt_dllmain_uninitialize_c 1000c0bc f   LIBCMT:utility.obj
 0001:0000b0df       ___scrt_dllmain_uninitialize_critical 1000c0df f   LIBCMT:utility.obj
 0001:0000b0ec       ___scrt_initialize_crt     1000c0ec f   LIBCMT:utility.obj
 0001:0000b125       ___scrt_initialize_onexit_tables 1000c125 f   LIBCMT:utility.obj
 0001:0000b1ca       ___scrt_is_nonwritable_in_current_image 1000c1ca f   LIBCMT:utility.obj
 0001:0000b25e       ___scrt_release_startup_lock 1000c25e f   LIBCMT:utility.obj
 0001:0000b27b       ___scrt_uninitialize_crt   1000c27b f   LIBCMT:utility.obj
 0001:0000b2a3       __onexit                   1000c2a3 f   LIBCMT:utility.obj
 0001:0000b2de       _atexit                    1000c2de f   LIBCMT:utility.obj
 0001:0000b2f3       ??3@YAXPAX@Z               1000c2f3 f   LIBCMT:delete_scalar.obj
 0001:0000b42a       __Init_thread_footer       1000c42a f   LIBCMT:thread_safe_statics.obj
 0001:0000b474       __Init_thread_header       1000c474 f   LIBCMT:thread_safe_statics.obj
 0001:0000b4c6       __Init_thread_notify       1000c4c6 f   LIBCMT:thread_safe_statics.obj
 0001:0000b508       __Init_thread_wait         1000c508 f   LIBCMT:thread_safe_statics.obj
 0001:0000b568       ___raise_securityfailure   1000c568 f   LIBCMT:gs_report.obj
 0001:0000b590       ___report_gsfailure        1000c590 f   LIBCMT:gs_report.obj
 0001:0000b689       ___report_rangecheckfailure 1000c689 f   LIBCMT:gs_report.obj
 0001:0000b695       ___report_securityfailure  1000c695 f   LIBCMT:gs_report.obj
 0001:0000b763       ??2@YAPAXIABUnothrow_t@std@@@Z 1000c763 f   LIBCMT:new_scalar_nothrow.obj
 0001:0000b7b3       ??_U@YAPAXIABUnothrow_t@std@@@Z 1000c7b3 f   LIBCMT:new_array_nothrow.obj
 0001:0000b7bc       @__security_check_cookie@4 1000c7bc f   LIBCMT:_secchk_.obj
 0001:0000b7d0       __SEH_prolog4_GS           1000c7d0 f   LIBCMT:_sehprolg4gs_.obj
 0001:0000b819       __SEH_epilog4_GS           1000c819 f   LIBCMT:_sehprolg4gs_.obj
 0001:0000b830       __alloca_probe_16          1000c830 f   LIBCMT:alloca16.obj
 0001:0000b846       __alloca_probe_8           1000c846     LIBCMT:alloca16.obj
 0001:0000b860       __alloca_probe             1000c860 f   LIBCMT:chkstk.obj
 0001:0000b860       __chkstk                   1000c860 f   LIBCMT:chkstk.obj
 0001:0000bbad       __DllMainCRTStartup@12     1000cbad f   LIBCMT:dll_dllmain.obj
 0001:0000bbd0       ??2@YAPAXI@Z               1000cbd0 f   LIBCMT:new_scalar.obj
 0001:0000bc00       ___isa_available_init      1000cc00 f   LIBCMT:_cpu_disp_.obj
 0001:0000bd97       ___scrt_is_ucrt_dll_in_use 1000cd97 f   LIBCMT:ucrt_detection.obj
 0001:0000bda3       ___scrt_fastfail           1000cda3 f   LIBCMT:utility_desktop.obj
 0001:0000bebd       __crt_debugger_hook        1000cebd f   LIBCMT:utility_desktop.obj
 0001:0000bed0       __SEH_prolog4              1000ced0 f   LIBCMT:_sehprolg4_.obj
 0001:0000bf16       __SEH_epilog4              1000cf16 f   LIBCMT:_sehprolg4_.obj
 0001:0000bf2b       @_guard_check_icall_nop@4  1000cf2b f i LIBCMT:guard_support.obj
 0001:0000bf79       ___security_init_cookie    1000cf79 f   LIBCMT:gs_support.obj
 0001:0000bfc4       ?__scrt_initialize_type_info@@YAXXZ 1000cfc4 f   LIBCMT:tncleanup.obj
 0001:0000bfd0       ?__scrt_uninitialize_type_info@@YAXXZ 1000cfd0 f   LIBCMT:tncleanup.obj
 0001:0000bfdc       ___local_stdio_scanf_options 1000cfdc f i LIBCMT:default_local_stdio_options.obj
 0001:0000bfe2       ___scrt_initialize_default_local_stdio_options 1000cfe2 f   LIBCMT:default_local_stdio_options.obj
 0001:0000bfff       ___scrt_get_dyn_tls_init_callback 1000cfff f   LIBCMT:dyn_tls_init.obj
 0001:0000c005       __RTC_Initialize           1000d005 f   LIBCMT:_initsect_.obj
 0001:0000c031       __RTC_Terminate            1000d031 f   LIBCMT:_initsect_.obj
 0001:0000c05d       ??0bad_alloc@std@@QAE@ABV01@@Z 1000d05d f i LIBCMT:throw_bad_alloc.obj
 0001:0000c078       ??0bad_alloc@std@@QAE@XZ   1000d078 f i LIBCMT:throw_bad_alloc.obj
 0001:0000c090       ??0bad_array_new_length@std@@QAE@ABV01@@Z 1000d090 f i LIBCMT:throw_bad_alloc.obj
 0001:0000c0ab       ??0bad_array_new_length@std@@QAE@XZ 1000d0ab f i LIBCMT:throw_bad_alloc.obj
 0001:0000c0c3       ??0exception@std@@QAE@ABV01@@Z 1000d0c3 f i LIBCMT:throw_bad_alloc.obj
 0001:0000c0ef       ??1bad_alloc@std@@UAE@XZ   1000d0ef f i LIBCMT:throw_bad_alloc.obj
 0001:0000c0ef       ??1bad_exception@std@@UAE@XZ 1000d0ef f i libvcruntime:frame.obj
 0001:0000c0ef       ??1bad_array_new_length@std@@UAE@XZ 1000d0ef f i LIBCMT:throw_bad_alloc.obj
 0001:0000c100       ??_Gexception@std@@UAEPAXI@Z 1000d100 f i LIBCMT:throw_bad_alloc.obj
 0001:0000c100       ??_Gbad_exception@std@@UAEPAXI@Z 1000d100 f i libvcruntime:frame.obj
 0001:0000c100       ??_Ebad_array_new_length@std@@UAEPAXI@Z 1000d100 f i LIBCMT:throw_bad_alloc.obj
 0001:0000c100       ??_Ebad_exception@std@@UAEPAXI@Z 1000d100 f i libvcruntime:frame.obj
 0001:0000c100       ??_Eexception@std@@UAEPAXI@Z 1000d100 f i LIBCMT:throw_bad_alloc.obj
 0001:0000c100       ??_Gbad_alloc@std@@UAEPAXI@Z 1000d100 f i LIBCMT:throw_bad_alloc.obj
 0001:0000c100       ??_Gbad_array_new_length@std@@UAEPAXI@Z 1000d100 f i LIBCMT:throw_bad_alloc.obj
 0001:0000c100       ??_Ebad_alloc@std@@UAEPAXI@Z 1000d100 f i LIBCMT:throw_bad_alloc.obj
 0001:0000c12d       ?__scrt_throw_std_bad_alloc@@YAXXZ 1000d12d f   LIBCMT:throw_bad_alloc.obj
 0001:0000c14a       ?__scrt_throw_std_bad_array_new_length@@YAXXZ 1000d14a f   LIBCMT:throw_bad_alloc.obj
 0001:0000c167       ?what@exception@std@@UBEPBDXZ 1000d167 f i LIBCMT:throw_bad_alloc.obj
 0001:0000c174       ??_Gtype_info@@UAEPAXI@Z   1000d174 f i LIBCMT:std_type_info_static.obj
 0001:0000c174       ??_Etype_info@@UAEPAXI@Z   1000d174 f i LIBCMT:std_type_info_static.obj
 0001:0000c197       ??0CAtlBaseModule@ATL@@QAE@XZ 1000d197 f   atls:atlbase.obj
 0001:0000c1ea       ??0_ATL_BASE_MODULE70@ATL@@QAE@XZ 1000d1ea f i atls:atlbase.obj
 0001:0000c20d       ??1CAtlBaseModule@ATL@@QAE@XZ 1000d20d f   atls:atlbase.obj
 0001:0000c2fa       ?Init@_stdcallthunk@ATL@@QAEHKPAX@Z 1000d2fa f i atls:atlthunk.obj
 0001:0000c32f       ?__AllocStdCallThunk_cmn@@YAPAXXZ 1000d32f f   atls:atlthunk.obj
 0001:0000c3f5       ?__FreeStdCallThunk_cmn@@YAXPAX@Z 1000d3f5 f   atls:atlthunk.obj
 0001:0000c490       _AtlThunk_AllocateData@0   1000d490 f   atls:atlthunk.obj
 0001:0000c4f5       _AtlThunk_DataToCode@4     1000d4f5 f   atls:atlthunk.obj
 0001:0000c53c       _AtlThunk_FreeData@4       1000d53c f   atls:atlthunk.obj
 0001:0000c592       _AtlThunk_InitData@12      1000d592 f   atls:atlthunk.obj
 0001:0000c5e1       __get_purecall_handler     1000d5e1 f   libvcruntime:purevirt.obj
 0001:0000c5f6       __purecall                 1000d5f6 f   libvcruntime:purevirt.obj
 0001:0000c612       _wcsstr                    1000d612 f   libvcruntime:wcsstr.obj
[...]
 0002:00002b60       ?candidate_modules@?1??try_get_LCMapStringEx@@YAP6GHPB_WK0HPA_WHPAU_nlsversioninfo@@PAXJ@ZXZ@4QBW4module_id@?A0x391cf84c@@B 10021b60     libucrt:winapi_thunks.obj
 0002:00002b78       ?candidate_modules@?1??try_get_LocaleNameToLCID@@YAP6GKPB_WK@ZXZ@4QBW4module_id@?A0x391cf84c@@B 10021b78     libucrt:winapi_thunks.obj
 0002:00002b94       ?candidate_modules@?1??try_get_AppPolicyGetProcessTerminationMethod@@YAP6GJPAXPAW4AppPolicyProcessTerminationMethod@@@ZXZ@4QBW4module_id@?A0x391cf84c@@B 10021b94     libucrt:winapi_thunks.obj
 0002:00002bc0       ?candidate_modules@?1??try_get_SetThreadStackGuarantee@@YAP6GHPAK@ZXZ@4QBW4module_id@?A0x391cf84c@@B 10021bc0     libucrt:winapi_thunks.obj
 0002:000030ec       ?_mb_locale_names@@3QBQB_WB 100220ec     libucrt:mbctype.obj
 0002:00003938       ?LcidToLocaleNameTable@?A0x881e4c05@@3QBULcidToLocaleName@1@B 10022938     libucrt:lcidtoname_downlevel.obj
 0002:00004a60       ?LocaleNameToIndexTable@?A0x881e4c05@@3QBULocaleNameIndex@1@B 10023a60     libucrt:lcidtoname_downlevel.obj
 0002:000063a0       LOG_name                   100253a0     libucrt:log10.obj
 0002:000063b0       _One                       100253b0     libucrt:ceil_pentium4.obj
 0002:000063c0       _Bns                       100253c0     libucrt:ceil_pentium4.obj
 0002:000063d0       _Zero                      100253d0     libucrt:ceil_pentium4.obj
 0002:000063e0       _S                         100253e0     libucrt:ceil_pentium4.obj
 0002:000063f0       _NegZero                   100253f0     libucrt:ceil_pentium4.obj
 0002:00006400       emask                      10025400     libucrt:log10_pentium4.obj
 0002:00006410       CC                         10025410     libucrt:log10_pentium4.obj
 0002:00006420       Magic                      10025420     libucrt:log10_pentium4.obj
 0002:00006430       hi_mask                    10025430     libucrt:log10_pentium4.obj
 0002:00006440       LOG10_2                    10025440     libucrt:log10_pentium4.obj
 0002:00006450       place_L                    10025450     libucrt:log10_pentium4.obj
 0002:00006470       One                        10025470     libucrt:log10_pentium4.obj
 0002:00006480       Zero                       10025480     libucrt:log10_pentium4.obj
 0002:00006490       Two52                      10025490     libucrt:log10_pentium4.obj
 0002:000064a0       Infs                       100254a0     libucrt:log10_pentium4.obj
 0002:000064b0       NaN                        100254b0     libucrt:log10_pentium4.obj
 0002:000064c0       coeff                      100254c0     libucrt:log10_pentium4.obj
 0002:0000651e       _log2max                   1002551e     libucrt:87tran.obj
 0002:00006528       _smallarg                  10025528     libucrt:87tran.obj
 0002:00006532       _half                      10025532     libucrt:87tran.obj
 0002:0000657e       One                        1002557e     libucrt:87disp.obj
 0002:00006586       Three                      10025586     libucrt:87disp.obj
 0002:0000658e       XAMtoTagTab                1002558e     libucrt:87disp.obj
 0002:000065a0       One                        100255a0     libucrt:common.obj
 0002:000065b4       DblMax                     100255b4     libucrt:common.obj
 0002:000065bc       DblMin                     100255bc     libucrt:common.obj
 0002:000065c4       IeeeAdjO                   100255c4     libucrt:common.obj
 0002:000065cc       IeeeAdjU                   100255cc     libucrt:common.obj
 0002:000065d4       _infinity                  100255d4     libucrt:common.obj
 0002:000065dc       _zero                      100255dc     libucrt:common.obj
 0002:00006618       _over                      10025618     libucrt:fpctrl.obj
 0002:00006624       _under                     10025624     libucrt:fpctrl.obj
 0002:00006e58       ?_names@?1??_get_fname@@9@9 10025e58     libucrt:fpexcept.obj
 0002:000076b8       __sehtable$?_AtlVerifyStackAvailable@_ATL_SAFE_ALLOCA_IMPL@ATL@@YA_NK@Z 100266b8     MICR.obj
 0002:000076d8       __sehtable$___scrt_is_nonwritable_in_current_image 100266d8     LIBCMT:utility.obj
 0002:000076f4       __ehfuncinfo$?__scrt_initialize_thread_safe_statics_platform_specific@@YAXXZ 100266f4     LIBCMT:thread_safe_statics.obj
 0002:00007718       __catchsym$??2@YAPAXIABUnothrow_t@std@@@Z$2 10026718     LIBCMT:new_scalar_nothrow.obj
 0002:00007728       __unwindtable$??2@YAPAXIABUnothrow_t@std@@@Z 10026728     LIBCMT:new_scalar_nothrow.obj
 0002:00007738       __tryblocktable$??2@YAPAXIABUnothrow_t@std@@@Z 10026738     LIBCMT:new_scalar_nothrow.obj
 0002:0000774c       __ehfuncinfo$??2@YAPAXIABUnothrow_t@std@@@Z 1002674c     LIBCMT:new_scalar_nothrow.obj
 0002:00007770       __sehtable$?dllmain_crt_process_attach@@YAHQAUHINSTANCE__@@QAX@Z 10026770     LIBCMT:dll_dllmain.obj
 0002:00007790       __sehtable$?dllmain_crt_process_detach@@YAH_N@Z 10026790     LIBCMT:dll_dllmain.obj
 0002:000077b0       __sehtable$?dllmain_dispatch@@YAHQAUHINSTANCE__@@KQAX@Z 100267b0     LIBCMT:dll_dllmain.obj
 0002:00007860       __sehtable$?FrameUnwindToState@__FrameHandler3@@SAXPAUEHRegistrationNode@@PAXPBU_s_FuncInfo@@H@Z 10026860     libvcruntime:frame.obj
 0002:00007888       __sehtable$?CallCatchBlock@@YAPAXPAUEHExceptionRecord@@PAUEHRegistrationNode@@PAU_CONTEXT@@PBU_s_FuncInfo@@PAXHK@Z 10026888     libvcruntime:frame.obj
 0002:000078b0       __catchsym$?CallUnexpected@@YAXPBU_s_ESTypeList@@@Z$2 100268b0     libvcruntime:frame.obj
 0002:000078c0       __unwindtable$?CallUnexpected@@YAXPBU_s_ESTypeList@@@Z 100268c0     libvcruntime:frame.obj
 0002:000078d0       __tryblocktable$?CallUnexpected@@YAXPBU_s_ESTypeList@@@Z 100268d0     libvcruntime:frame.obj
 0002:000078e4       __ehfuncinfo$?CallUnexpected@@YAXPBU_s_ESTypeList@@@Z 100268e4     libvcruntime:frame.obj
 0002:00007908       __sehtable$??$BuildCatchObjectHelperInternal@$$CBU_s_HandlerType@@@@YAHPAUEHExceptionRecord@@PAXPBU_s_HandlerType@@PBU_s_CatchableType@@@Z 10026908     libvcruntime:frame.obj
 0002:00007928       __sehtable$??$BuildCatchObjectInternal@$$CBU_s_HandlerType@@@@YAXPAUEHExceptionRecord@@PAXPBU_s_HandlerType@@PBU_s_CatchableType@@@Z 10026928     libvcruntime:frame.obj
 0002:00007980       __sehtable$___DestructExceptionObject 10026980     libvcruntime:ehhelpers.obj
 0002:000079a0       __sehtable$??R<lambda_6e4b09c48022b2350581041d5f6b0c4c>@@QBE@XZ 100269a0     libucrt:exit.obj
 0002:000079c0       __sehtable$??$?RV<lambda_03b1d95aef87969028cfba75ccab2455>@@AAV<lambda_6e4b09c48022b2350581041d5f6b0c4c>@@V<lambda_22bdf7517842c4b3e53723af5aa32b9e>@@@?$__crt_seh_guarded_call@X@@QAEX$$QAV<lambda_03b1d95aef87969028cfba75ccab2455>@@AAV<lambda_6e4b09c48022b2350581041d5f6b0c4c>@@$$QAV<lambda_22bdf7517842c4b3e53723af5aa32b9e>@@@Z 100269c0     libucrt:exit.obj
 0002:000079e0       __sehtable$??$?RV<lambda_8e746cf0007f6ed984d6f78af1fec997>@@AAV<lambda_22ebabd17bc4fa466a2aca6d8deb888d>@@V<lambda_18ed0c0b38a6dc0daf1e7ac6d6adf05e>@@@?$__crt_seh_guarded_call@H@@QAEH$$QAV<lambda_8e746cf0007f6ed984d6f78af1fec997>@@AAV<lambda_22ebabd17bc4fa466a2aca6d8deb888d>@@$$QAV<lambda_18ed0c0b38a6dc0daf1e7ac6d6adf05e>@@@Z 100269e0     libucrt:onexit.obj
 0002:00007a00       __sehtable$??$?RV<lambda_69a2805e680e0e292e8ba93315fe43a8>@@AAV<lambda_f03950bc5685219e0bcd2087efbe011e>@@V<lambda_03fcd07e894ec930e3f35da366ca99d6>@@@?$__crt_seh_guarded_call@H@@QAEH$$QAV<lambda_69a2805e680e0e292e8ba93315fe43a8>@@AAV<lambda_f03950bc5685219e0bcd2087efbe011e>@@$$QAV<lambda_03fcd07e894ec930e3f35da366ca99d6>@@@Z 10026a00     libucrt:onexit.obj
 0002:00007a20       __sehtable$__query_new_handler 10026a20     libucrt:new_handler.obj
 0002:00007a40       __sehtable$_terminate      10026a40     libucrt:terminate.obj
 0002:00007a60       __sehtable$??$?RV<lambda_15ade71b0218206bbe3333a0c9b79046>@@AAV<lambda_da44e0f8b0f19ba52fefafb335991732>@@V<lambda_207f2d024fc103971653565357d6cd41>@@@?$__crt_seh_guarded_call@X@@QAEX$$QAV<lambda_15ade71b0218206bbe3333a0c9b79046>@@AAV<lambda_da44e0f8b0f19ba52fefafb335991732>@@$$QAV<lambda_207f2d024fc103971653565357d6cd41>@@@Z 10026a60     libucrt:per_thread_data.obj
 0002:00007a80       __sehtable$??$?RV<lambda_a7e850c220f1c8d1e6efeecdedd162c6>@@AAV<lambda_46720907175c18b6c9d2717bc0d2d362>@@V<lambda_9048902d66e8d99359bc9897bbb930a8>@@@?$__crt_seh_guarded_call@X@@QAEX$$QAV<lambda_a7e850c220f1c8d1e6efeecdedd162c6>@@AAV<lambda_46720907175c18b6c9d2717bc0d2d362>@@$$QAV<lambda_9048902d66e8d99359bc9897bbb930a8>@@@Z 10026a80     libucrt:per_thread_data.obj
 0002:00007aa0       __sehtable$??$?RV<lambda_38edbb1296d33220d7e4dd0ed76b244a>@@AAV<lambda_5ce1d447e08cb34b2473517608e21441>@@V<lambda_fb385d3da700c9147fc39e65dd577a8c>@@@?$__crt_seh_guarded_call@X@@QAEX$$QAV<lambda_38edbb1296d33220d7e4dd0ed76b244a>@@AAV<lambda_5ce1d447e08cb34b2473517608e21441>@@$$QAV<lambda_fb385d3da700c9147fc39e65dd577a8c>@@@Z 10026aa0     libucrt:per_thread_data.obj
 0002:00007ac0       __sehtable$??$?RV<lambda_6affb1475c98b40b75cdec977db92e3c>@@AAV<lambda_b8d4b9c228a6ecc3f80208dbb4b4a104>@@V<lambda_608742c3c92a14382c1684fc64f96c88>@@@?$__crt_seh_guarded_call@X@@QAEX$$QAV<lambda_6affb1475c98b40b75cdec977db92e3c>@@AAV<lambda_b8d4b9c228a6ecc3f80208dbb4b4a104>@@$$QAV<lambda_608742c3c92a14382c1684fc64f96c88>@@@Z 10026ac0     libucrt:per_thread_data.obj
 0002:00007ae0       __sehtable$??$?RV<lambda_e5124f882df8998aaf41531e079ba474>@@AAV<lambda_3e16ef9562a7dcce91392c22ab16ea36>@@V<lambda_e25ca0880e6ef98be67edffd8c599615>@@@?$__crt_seh_guarded_call@X@@QAEX$$QAV<lambda_e5124f882df8998aaf41531e079ba474>@@AAV<lambda_3e16ef9562a7dcce91392c22ab16ea36>@@$$QAV<lambda_e25ca0880e6ef98be67edffd8c599615>@@@Z 10026ae0     libucrt:wsetlocale.obj
 0002:00007b00       __sehtable$___acrt_initialize_lowio 10026b00     libucrt:ioinit.obj
 0002:00007b20       __sehtable$?update_thread_multibyte_data_internal@@YAPAU__crt_multibyte_data@@QAU__acrt_ptd@@QAU1@@Z 10026b20     libucrt:mbctype.obj
 0002:00007b40       __sehtable$??$?RV<lambda_ceb1ee4838e85a9d631eb091e2fbe199>@@AAV<lambda_ae742caa10f662c28703da3d2ea5e57e>@@V<lambda_cd08b5d6af4937fe54fc07d0c9bf6b37>@@@?$__crt_seh_guarded_call@X@@QAEX$$QAV<lambda_ceb1ee4838e85a9d631eb091e2fbe199>@@AAV<lambda_ae742caa10f662c28703da3d2ea5e57e>@@$$QAV<lambda_cd08b5d6af4937fe54fc07d0c9bf6b37>@@@Z 10026b40     libucrt:mbctype.obj
 0002:00007b60       __sehtable$_raise          10026b60     libucrt:signal.obj
 0002:00007b80       __sehtable$??$?RV<lambda_cbab9ec6f41b0180b23cc171c22676b0>@@AAV<lambda_44731a7d0e6d81c3e6aa82d741081786>@@V<lambda_4b292cb8dd18144e164572427af410ab>@@@?$__crt_seh_guarded_call@P6AXH@Z@@QAEP6AXH@Z$$QAV<lambda_cbab9ec6f41b0180b23cc171c22676b0>@@AAV<lambda_44731a7d0e6d81c3e6aa82d741081786>@@$$QAV<lambda_4b292cb8dd18144e164572427af410ab>@@@Z 10026b80     libucrt:signal.obj
 0002:00007ba0       __sehtable$___acrt_update_thread_locale_data 10026ba0     libucrt:locale_refcounting.obj
 0002:00007bc0       __sehtable$__fcloseall     10026bc0     libucrt:closeall.obj
 0002:00007be0       __sehtable$??$?RV<lambda_2866be3712abc81a800a822484c830d8>@@AAV<lambda_39ca0ed439415581b5b15c265174cece>@@V<lambda_2b24c74d71094a6cd0cb82e44167d71b>@@@?$__crt_seh_guarded_call@X@@QAEX$$QAV<lambda_2866be3712abc81a800a822484c830d8>@@AAV<lambda_39ca0ed439415581b5b15c265174cece>@@$$QAV<lambda_2b24c74d71094a6cd0cb82e44167d71b>@@@Z 10026be0     libucrt:fflush.obj
 0002:00007c00       __sehtable$??$?RV<lambda_2cc53f568c5a2bb6f192f930a45d44ea>@@AAV<lambda_ab61a845afdef5b7c387490eaf3616ee>@@V<lambda_c2ffc0b7726aa6be21d5f0026187e748>@@@?$__crt_seh_guarded_call@X@@QAEX$$QAV<lambda_2cc53f568c5a2bb6f192f930a45d44ea>@@AAV<lambda_ab61a845afdef5b7c387490eaf3616ee>@@$$QAV<lambda_c2ffc0b7726aa6be21d5f0026187e748>@@@Z 10026c00     libucrt:fflush.obj
 0002:00007c20       __sehtable$___acrt_lowio_ensure_fh_exists 10026c20     libucrt:osfinfo.obj
 0002:00007c40       __sehtable$__write         10026c40     libucrt:write.obj
 0002:00007c60       __sehtable$_fclose         10026c60     libucrt:fclose.obj
 0002:00007c80       __sehtable$??$?RV<lambda_9e9de3de5fa147e2223d7db92bc10aa6>@@AAV<lambda_38ce7e780aa69e748d6df282ebc68efe>@@V<lambda_8ca6da459f0f6780f1cff60fdc3d00e5>@@@?$__crt_seh_guarded_call@H@@QAEH$$QAV<lambda_9e9de3de5fa147e2223d7db92bc10aa6>@@AAV<lambda_38ce7e780aa69e748d6df282ebc68efe>@@$$QAV<lambda_8ca6da459f0f6780f1cff60fdc3d00e5>@@@Z 10026c80     libucrt:commit.obj
 0002:00007ca0       __sehtable$??$?RV<lambda_218ce3db14220d0be481dae8ef3383b6>@@AAV<lambda_628dfdc04ba53c8bfc02c9951375f3f5>@@V<lambda_57dc472bd5c9d5f3b2cbca59b8a843ae>@@@?$__crt_seh_guarded_call@H@@QAEH$$QAV<lambda_218ce3db14220d0be481dae8ef3383b6>@@AAV<lambda_628dfdc04ba53c8bfc02c9951375f3f5>@@$$QAV<lambda_57dc472bd5c9d5f3b2cbca59b8a843ae>@@@Z 10026ca0     libucrt:close.obj
 0002:00007cc0       __sehtable$__IsNonwritableInCurrentImage 10026cc0     LIBCMT:pesect.obj
 0002:00007cf0       .edata                     10026cf0     OPOSMICR.exp
 0002:00007d18       rgpv                       10026d18     OPOSMICR.exp
 0002:00007d28       rgszName                   10026d28     OPOSMICR.exp
 0002:00007d38       rgwOrd                     10026d38     OPOSMICR.exp
 0002:00007d40       szName                     10026d40     OPOSMICR.exp
 0002:00007d4d       $N00001                    10026d4d     OPOSMICR.exp
 0002:00007d5d       $N00002                    10026d5d     OPOSMICR.exp
 0002:00007d6f       $N00003                    10026d6f     OPOSMICR.exp
 0002:00007d81       $N00004                    10026d81     OPOSMICR.exp
 0002:0000839c       .idata$6                   1002739c     kernel32:KERNEL32.dll
 0002:000085b0       .idata$6                   100275b0     user32:USER32.dll
 0002:000086e4       .idata$6                   100276e4     gdi32:GDI32.dll
 0002:0000878a       .idata$6                   1002778a     advapi32:ADVAPI32.dll
 0002:000088a6       .idata$6                   100278a6     ole32:ole32.dll
 0002:000088b0       .idata$6                   100278b0     oleaut32:OLEAUT32.dll
 0003:00000110       ?ObjectMap@@3PAU_ATL_OBJMAP_ENTRY30@ATL@@A 10028110     MICR.obj
 0003:000001a4       ?s_RequiredMethodsPerRelease@@3PAHA 100281a4     MICRImpl.obj
 0003:000001d0       ?s_SOMethodNames@@3PAPADA  100281d0     MICRImpl.obj
 0003:00000250       ?__vcrt_flsindex@@3KA      10028250     libvcruntime:per_thread_data.obj
 0003:00000270       ?errno_no_memory@@3HA      10028270     libucrt:errno.obj
 0003:00000274       ?doserrno_no_memory@@3KA   10028274     libucrt:errno.obj
 0003:00000280       ?__acrt_flsindex@@3KA      10028280     libucrt:per_thread_data.obj
 0003:000003f8       __mbctypes                 100283f8     libucrt:mbctype.obj
 0003:00000500       __mbcasemaps               10028500     libucrt:mbctype.obj
 0003:00000600       ?__rgctypeflag@@3PADA      10028600     libucrt:mbctype.obj
 0003:00000608       ?__rgcode_page_info@@3PAUcode_page_info@@A 10028608     libucrt:mbctype.obj
 0003:00000b10       ?is_initialized_as_dll@@3_NA 10028b10     LIBCMT:utility.obj
 0003:00000b11       ?module_local_atexit_table_initialized@@3_NA 10028b11     LIBCMT:utility.obj
 0003:00000b14       ?module_local_atexit_table@@3U_onexit_table_t@@A 10028b14     LIBCMT:utility.obj
 0003:00000b20       ?module_local_at_quick_exit_table@@3U_onexit_table_t@@A 10028b20     LIBCMT:utility.obj
 0003:00000b2c       ?_Tss_mutex@@3U_RTL_CRITICAL_SECTION@@A 10028b2c     LIBCMT:thread_safe_statics.obj
 0003:00000b44       ?_Tss_cv@@3U_RTL_CONDITION_VARIABLE@@A 10028b44     LIBCMT:thread_safe_statics.obj
 0003:00000b48       ?_Tss_event@@3PAXA         10028b48     LIBCMT:thread_safe_statics.obj
 0003:00000b4c       ?encoded_sleep_condition_variable_cs@@3P6GHPAU_RTL_CONDITION_VARIABLE@@PAU_RTL_CRITICAL_SECTION@@K@ZA 10028b4c     LIBCMT:thread_safe_statics.obj
 0003:00000b50       ?encoded_wake_all_condition_variable@@3P6GXPAU_RTL_CONDITION_VARIABLE@@@ZA 10028b50     LIBCMT:thread_safe_statics.obj
 0003:00000b58       _GS_ExceptionRecord        10028b58     LIBCMT:gs_report.obj
 0003:00000ba8       _GS_ContextRecord          10028ba8     LIBCMT:gs_report.obj
 0003:00000e78       ?__proc_attached@@3HA      10028e78     LIBCMT:dll_dllmain.obj
 0003:00000ed4       ?AllocateData@@3P6GPAUAtlThunkData_t@@XZA 10028ed4     atls:atlthunk.obj
 0003:00000ed8       ?InitData@@3P6GXPAUAtlThunkData_t@@PAXI@ZA 10028ed8     atls:atlthunk.obj
 0003:00000edc       ?DataToCode@@3P6GP6GJPAUHWND__@@IIJ@ZPAUAtlThunkData_t@@@ZA 10028edc     atls:atlthunk.obj
 0003:00000ee0       ?FreeData@@3P6GXPAUAtlThunkData_t@@@ZA 10028ee0     atls:atlthunk.obj
 0003:00000ee4       ?Initialized@@3_NA         10028ee4     atls:atlthunk.obj
 0003:00000ef0       ?__vcrt_startup_thread_ptd@@3U__vcrt_ptd@@A 10028ef0     libvcruntime:per_thread_data.obj
 0003:00000f18       ___vcrt_lock_table         10028f18     libvcruntime:locks.obj
 0003:00000f30       ___vcrt_locks_initialized  10028f30     libvcruntime:locks.obj
 0003:00000f34       ?module_handles@@3PAPAUHINSTANCE__@@A 10028f34     libvcruntime:winapi_downlevel.obj
 0003:00000f40       ?encoded_function_pointers@@3PAPAXA 10028f40     libvcruntime:winapi_downlevel.obj
 0003:00000f7c       ?heap@@3V_HeapManager@@A   10028f7c     libvcruntime:undname.obj
 0003:00000f94       ?__acrt_invalid_parameter_handler@@3V?$dual_state_global@P6AXPB_W00II@Z@__crt_state_management@@A 10028f94     libucrt:invalid_parameter.obj
 0003:00000f98       ?c_termination_complete@@3JA 10028f98     libucrt:exit.obj
 0003:00000f9c       ?thread_local_exit_callback_func@@3P6GXPAXK0@ZA 10028f9c     libucrt:exit.obj
 0003:00000fa8       ?program_name@?1???$common_configure_argv@D@@YAHW4_crt_argv_mode@@@Z@4PADA 10028fa8     libucrt:argv_parsing.obj
 0003:000010d8       ?__acrt_new_handler@@3V?$dual_state_global@P6AHI@Z@__crt_state_management@@A 100290d8     libucrt:new_handler.obj
 0003:000010e0       ?module_handles@@3PAPAUHINSTANCE__@@A 100290e0     libucrt:winapi_thunks.obj
 0003:00001130       ?encoded_function_pointers@@3PAPAXA 10029130     libucrt:winapi_thunks.obj
 0003:000011c0       ?enable_percent_n@@3IA     100291c0     libucrt:printf_count_output.obj
 0003:000013e0       ?__acrt_lock_table@@3PAU_RTL_CRITICAL_SECTION@@A 100293e0     libucrt:locks.obj
 0003:00001530       ?__acrt_locks_initialized@@3IA 10029530     libucrt:locks.obj
 0003:00001540       ?fSystemSet@@3HA           10029540     libucrt:mbctype.obj
 0003:00001544       ?initialized@?1??__acrt_initialize_multibyte@@9@4_NA 10029544     libucrt:mbctype.obj
 0003:00001564       ?ctrlc_action@@3V?$dual_state_global@P6AXH@Z@__crt_state_management@@A 10029564     libucrt:signal.obj
 0003:00001568       ?ctrlbreak_action@@3V?$dual_state_global@P6AXH@Z@__crt_state_management@@A 10029568     libucrt:signal.obj
 0003:0000156c       ?abort_action@@3V?$dual_state_global@P6AXH@Z@__crt_state_management@@A 1002956c     libucrt:signal.obj
 0003:00001570       ?term_action@@3V?$dual_state_global@P6AXH@Z@__crt_state_management@@A 10029570     libucrt:signal.obj
 0003:00001574       ?user_matherr@@3V?$dual_state_global@P6AHPAU_exception@@@Z@__crt_state_management@@A 10029574     libucrt:matherr.obj
 0003:00001578       ?__acrt_global_new_mode@@3V?$dual_state_global@J@__crt_state_management@@A 10029578     libucrt:new_mode.obj
 0003:00001584       ?__acrt_app_type@@3W4_crt_app_type@@A 10029584     libucrt:report_runtime_error.obj
 0003:0000158c       __pmatherr_set             1002958c     libucrt:libm_error.obj
 0004:00000220       $R000000                   1002a220     MICR.res
 0004:00000b70       $R000950                   1002ab70     MICR.res
 0004:00000c58       $R000A38                   1002ac58     MICR.res
 0004:00000ec0       $R000CA0                   1002aec0     MICR.res
 0004:000013b8       $R001198                   1002b3b8     MICR.res
 0004:00004038       $R003E18                   1002e038     MICR.res
 0004:00004060       $R003E40                   1002e060     MICR.res
