 OPOSBumpBar

 Timestamp is 5ed45730 (Mon Jun  1 10:17:36 2020)

 Preferred load address is 10000000

 Start         Length     Name                   Class
 0001:00000000 00000080H .text$di                CODE
 0001:00000080 0001e403H .text$mn                CODE
 0001:0001e483 00000036H .text$x                 CODE
 0001:0001e4b9 00000042H .text$yd                CODE
 0002:00000000 000002fcH .idata$5                DATA
 0002:000002fc 00000004H .00cfg                  DATA
 0002:00000300 00000004H .CRT$XCA                DATA
 0002:00000304 00000004H .CRT$XCL                DATA
 0002:00000308 00000010H .CRT$XCU                DATA
 0002:00000318 00000004H .CRT$XCZ                DATA
 0002:0000031c 00000004H .CRT$XIA                DATA
 0002:00000320 00000010H .CRT$XIC                DATA
 0002:00000330 00000004H .CRT$XIZ                DATA
 0002:00000334 00000004H .CRT$XLA                DATA
 0002:00000338 00000004H .CRT$XLZ                DATA
 0002:0000033c 00000004H .CRT$XPA                DATA
 0002:00000340 00000008H .CRT$XPX                DATA
 0002:00000348 00000004H .CRT$XPXA               DATA
 0002:0000034c 00000004H .CRT$XPZ                DATA
 0002:00000350 00000004H .CRT$XTA                DATA
 0002:00000354 0000000cH .CRT$XTZ                DATA
 0002:00000358 00000000H .gfids$y                DATA
 0002:00000360 000072e8H .rdata                  DATA
 0002:00007648 00000018H .rdata$T                DATA
 0002:00007660 00000178H .rdata$r                DATA
 0002:000077d8 0000001cH .rdata$sxdata           DATA
 0002:000077f4 000003dcH .rdata$zzzdbg           DATA
 0002:00007bd0 00000004H .rtc$IAA                DATA
 0002:00007bd4 00000004H .rtc$IZZ                DATA
 0002:00007bd8 00000004H .rtc$TAA                DATA
 0002:00007bdc 00000004H .rtc$TZZ                DATA
 0002:00007be0 00000004H .tls                    DATA
 0002:00007be4 00000004H .tls$                   DATA
 0002:00007be8 00000008H .tls$ZZZ                DATA
 0002:00007bf0 0000062cH .xdata$x                DATA
 0002:0000821c 00000004H ATL$__a                 DATA
 0002:00008220 00000010H ATL$__z                 DATA
 0002:00008230 000000a8H .edata                  DATA
 0002:000082d8 00000078H .idata$2                DATA
 0002:00008350 00000014H .idata$3                DATA
 0002:00008364 000002fcH .idata$4                DATA
 0002:00008660 00000bceH .idata$6                DATA
 0003:00000000 00000aa0H .data                   DATA
 0003:00000aa0 00000098H .data$r                 DATA
 0003:00000b38 00000b80H .bss                    DATA
 0004:00000000 00000220H .rsrc$01                DATA
 0004:00000220 000042f0H .rsrc$02                DATA

  Address         Publics by Value              Rva+Base       Lib:Object

 0000:00000000       ___arm64x_redirection_metadata 00000000     <absolute>
 0000:00000000       ___x64_code_ranges_to_entry_points 00000000     <absolute>
 0000:00000000       ___guard_iat_count         00000000     <absolute>
 0000:00000000       ___guard_fids_count        00000000     <absolute>
 0000:00000000       ___guard_longjmp_table     00000000     <absolute>
 0000:00000000       ___hybrid_code_map_count   00000000     <absolute>
 0000:00000000       ___dynamic_value_reloc_table 00000000     <absolute>
 0000:00000000       ___guard_longjmp_count     00000000     <absolute>
 0000:00000000       __except_list              00000000     <absolute>
 0000:00000000       ___arm64x_native_entrypoint 00000000     <absolute>
 0000:00000000       ___guard_fids_table        00000000     <absolute>
 0000:00000000       ___guard_eh_cont_count     00000000     <absolute>
 0000:00000000       ___hybrid_auxiliary_iat    00000000     <absolute>
 0000:00000000       ___guard_iat_table         00000000     <absolute>
 0000:00000000       ___volatile_metadata       00000000     <absolute>
 0000:00000000       ___enclave_config          00000000     <absolute>
 0000:00000000       ___AbsoluteZero            00000000     <absolute>
 0000:00000000       ___guard_eh_cont_table     00000000     <absolute>
 0000:00000000       ___hybrid_code_map         00000000     <absolute>
 0000:00000007       ___safe_se_handler_count   00000007     <absolute>
 0000:0000002c       __tls_array                0000002c     <absolute>
 0000:00000100       ___guard_flags             00000100     <absolute>
 0000:00000000       ___ImageBase               10000000     <linker-defined>
 0001:00000080       ?DupWide@_CW@@AAEXXZ       10001080 f   CWString.obj
 0001:0000009c       ?cw_dup@@YGXPBDAAHAAPA_W1@Z 1000109c f   CWString.obj
 0001:00000124       ?cw_memcpy@@YGHPA_WPBDH@Z  10001124 f   CWString.obj
 0001:00000150       ?cw_strcpy@@YAHPA_WPBD@Z   10001150 f   CWString.obj
 0001:00000163       ?cw_strlen@@YAHPBD@Z       10001163 f   CWString.obj
 0001:0000017c       ??0CAtlComModule@ATL@@QAE@XZ 1000117c f i OposVariant.obj
 0001:000001c1       ??0CAtlWinModule@ATL@@QAE@XZ 100011c1 f i OposVariant.obj
 0001:000001f8       ??0OposDispParms@@QAE@PAVOposVariant@@H@Z 100011f8 f   OposVariant.obj
 0001:00000269       ??1OposDispParms@@QAE@XZ   10001269 f   OposVariant.obj
 0001:00000277       ??A?$CSimpleArray@GV?$CSimpleArrayEqualHelper@G@ATL@@@ATL@@QAEAAGH@Z 10001277 f i OposVariant.obj
 0001:0000029c       ??_Estringdispid@CComTypeInfoHolder@ATL@@QAEPAXI@Z 1000129c f i OposVariant.obj
 0001:00000308       ?AtlWinModuleInit@ATL@@YGJPAU_ATL_WIN_MODULE70@1@@Z 10001308 f i OposVariant.obj
 0001:0000032e       ?AtlWinModuleTerm@ATL@@YGJPAU_ATL_WIN_MODULE70@1@PAUHINSTANCE__@@@Z 1000132e f i OposVariant.obj
 0001:00000391       ?ChangeBSTR@OposVariant@@QAEXPAPA_WAAJ@Z 10001391 f   OposVariant.obj
 0001:000003d2       ?ChangeLONG@OposVariant@@QAEXPAJAAJ@Z 100013d2 f   OposVariant.obj
 0001:00000413       ?GetLONG@OposVariant@@QAEJXZ 10001413 f   OposVariant.obj
 0001:0000042e       ?Init@CComCriticalSection@ATL@@QAEJXZ 1000142e f i OposVariant.obj
 0001:00000456       ?RemoveAll@?$CSimpleArray@PAUHINSTANCE__@@V?$CSimpleArrayEqualHelper@PAUHINSTANCE__@@@ATL@@@ATL@@QAEXXZ 10001456 f i atls:atlbase.obj
 0001:00000456       ?RemoveAll@?$CSimpleArray@GV?$CSimpleArrayEqualHelper@G@ATL@@@ATL@@QAEXXZ 10001456 f i OposVariant.obj
 0001:00000473       ?SetBSTR@OposVariant@@QAEXPA_WAAJ@Z 10001473 f   OposVariant.obj
 0001:000004a7       ?SetBSTR_Copy@OposVariant@@QAEXPA_WAAJ@Z 100014a7 f   OposVariant.obj
 0001:000004f7       ?SetBSTR_InOutPtr@OposVariant@@QAE_NPAPA_WAAJ@Z 100014f7 f   OposVariant.obj
 0001:0000052e       ?SetDispatch_Ptr@OposVariant@@QAEXPAUIDispatch@@AAJ@Z 1000152e f   OposVariant.obj
 0001:00000569       ?SetLONG@OposVariant@@QAEXJ@Z 10001569 f   OposVariant.obj
 0001:0000058b       ?SetLONG_Ptr@OposVariant@@QAEXPAJAAJ@Z 1000158b f   OposVariant.obj
 0001:000005be       ?SetString@OposVariant@@QAEXPB_WAAJ@Z 100015be f   OposVariant.obj
 0001:00000604       ?SetVARIANT_BOOL@OposVariant@@QAEXF@Z 10001604 f   OposVariant.obj
 0001:0000062e       ?Term@CAtlComModule@ATL@@QAEXXZ 1000162e f i OposVariant.obj
 0001:00000678       ?_AtlRaiseException@ATL@@YAXKK@Z 10001678 f i OposVariant.obj
 0001:0000068d       ??_E?$CComObject@VCOPOSBumpBar@@@ATL@@W3AEPAXI@Z 1000168d f i BumpBar.obj
 0001:00000695       ??_E?$CComObject@VCOPOSBumpBar@@@ATL@@WEM@AEPAXI@Z 10001695 f i BumpBar.obj
 0001:0000069d       ?QueryInterface@?$CComObject@VCOPOSBumpBar@@@ATL@@WHA@AGJABU_GUID@@PAPAX@Z 1000169d f i BumpBar.obj
 0001:000006a7       ?AddRef@?$CComObject@VCOPOSBumpBar@@@ATL@@WHA@AGKXZ 100016a7 f i BumpBar.obj
 0001:000006b1       ?Release@?$CComObject@VCOPOSBumpBar@@@ATL@@WHA@AGKXZ 100016b1 f i BumpBar.obj
 0001:000006bb       ?QueryInterface@?$CComObject@VCOPOSBumpBar@@@ATL@@WHE@AGJABU_GUID@@PAPAX@Z 100016bb f i BumpBar.obj
 0001:000006c5       ?AddRef@?$CComObject@VCOPOSBumpBar@@@ATL@@WHE@AGKXZ 100016c5 f i BumpBar.obj
 0001:000006cf       ?Release@?$CComObject@VCOPOSBumpBar@@@ATL@@WHE@AGKXZ 100016cf f i BumpBar.obj
 0001:000006d9       ?QueryInterface@?$CComObject@VCOPOSBumpBar@@@ATL@@WHI@AGJABU_GUID@@PAPAX@Z 100016d9 f i BumpBar.obj
 0001:000006e3       ?AddRef@?$CComObject@VCOPOSBumpBar@@@ATL@@WHI@AGKXZ 100016e3 f i BumpBar.obj
 0001:000006ed       ?Release@?$CComObject@VCOPOSBumpBar@@@ATL@@WHI@AGKXZ 100016ed f i BumpBar.obj
 0001:000006f7       ?QueryInterface@?$CComObject@VCOPOSBumpBar@@@ATL@@WHM@AGJABU_GUID@@PAPAX@Z 100016f7 f i BumpBar.obj
 0001:00000701       ?AddRef@?$CComObject@VCOPOSBumpBar@@@ATL@@WHM@AGKXZ 10001701 f i BumpBar.obj
 0001:0000070b       ?Release@?$CComObject@VCOPOSBumpBar@@@ATL@@WHM@AGKXZ 1000170b f i BumpBar.obj
 0001:00000715       ?QueryInterface@?$CComObject@VCOPOSBumpBar@@@ATL@@WIA@AGJABU_GUID@@PAPAX@Z 10001715 f i BumpBar.obj
 0001:00000722       ?AddRef@?$CComObject@VCOPOSBumpBar@@@ATL@@WIA@AGKXZ 10001722 f i BumpBar.obj
 0001:0000072f       ?Release@?$CComObject@VCOPOSBumpBar@@@ATL@@WIA@AGKXZ 1000172f f i BumpBar.obj
 0001:0000073c       ?QueryInterface@?$CComObject@VCOPOSBumpBar@@@ATL@@WIE@AGJABU_GUID@@PAPAX@Z 1000173c f i BumpBar.obj
 0001:00000749       ?AddRef@?$CComObject@VCOPOSBumpBar@@@ATL@@WIE@AGKXZ 10001749 f i BumpBar.obj
 0001:00000756       ?Release@?$CComObject@VCOPOSBumpBar@@@ATL@@WIE@AGKXZ 10001756 f i BumpBar.obj
 0001:00000763       ?QueryInterface@?$CComObject@VCOPOSBumpBar@@@ATL@@WII@AGJABU_GUID@@PAPAX@Z 10001763 f i BumpBar.obj
 0001:00000770       ?AddRef@?$CComObject@VCOPOSBumpBar@@@ATL@@WII@AGKXZ 10001770 f i BumpBar.obj
 0001:0000077d       ?Release@?$CComObject@VCOPOSBumpBar@@@ATL@@WII@AGKXZ 1000177d f i BumpBar.obj
 0001:0000078a       ?QueryInterface@?$CComObject@VCOPOSBumpBar@@@ATL@@WIM@AGJABU_GUID@@PAPAX@Z 1000178a f i BumpBar.obj
 0001:00000797       ?AddRef@?$CComObject@VCOPOSBumpBar@@@ATL@@WIM@AGKXZ 10001797 f i BumpBar.obj
 0001:000007a4       ?Release@?$CComObject@VCOPOSBumpBar@@@ATL@@WIM@AGKXZ 100017a4 f i BumpBar.obj
 0001:000007b1       ?QueryInterface@?$CComObject@VCOPOSBumpBar@@@ATL@@WJA@AGJABU_GUID@@PAPAX@Z 100017b1 f i BumpBar.obj
 0001:000007be       ?AddRef@?$CComObject@VCOPOSBumpBar@@@ATL@@WJA@AGKXZ 100017be f i BumpBar.obj
 0001:000007cb       ?Release@?$CComObject@VCOPOSBumpBar@@@ATL@@WJA@AGKXZ 100017cb f i BumpBar.obj
 0001:000007d8       ?QueryInterface@?$CComObject@VCOPOSBumpBar@@@ATL@@WJE@AGJABU_GUID@@PAPAX@Z 100017d8 f i BumpBar.obj
 0001:000007e5       ?AddRef@?$CComObject@VCOPOSBumpBar@@@ATL@@WJE@AGKXZ 100017e5 f i BumpBar.obj
 0001:000007f2       ?Release@?$CComObject@VCOPOSBumpBar@@@ATL@@WJE@AGKXZ 100017f2 f i BumpBar.obj
 0001:000007ff       ?QueryInterface@?$CComObject@VCOPOSBumpBar@@@ATL@@WJI@AGJABU_GUID@@PAPAX@Z 100017ff f i BumpBar.obj
 0001:0000080c       ?AddRef@?$CComObject@VCOPOSBumpBar@@@ATL@@WJI@AGKXZ 1000180c f i BumpBar.obj
 0001:00000819       ?Release@?$CComObject@VCOPOSBumpBar@@@ATL@@WJI@AGKXZ 10001819 f i BumpBar.obj
 0001:00000826       ?QueryInterface@?$CComObject@VCOPOSBumpBar@@@ATL@@WJM@AGJABU_GUID@@PAPAX@Z 10001826 f i BumpBar.obj
 0001:00000833       ?AddRef@?$CComObject@VCOPOSBumpBar@@@ATL@@WJM@AGKXZ 10001833 f i BumpBar.obj
 0001:00000840       ?Release@?$CComObject@VCOPOSBumpBar@@@ATL@@WJM@AGKXZ 10001840 f i BumpBar.obj
 0001:0000084d       ?QueryInterface@?$CComObject@VCOPOSBumpBar@@@ATL@@WKA@AGJABU_GUID@@PAPAX@Z 1000184d f i BumpBar.obj
 0001:0000085a       ?AddRef@?$CComObject@VCOPOSBumpBar@@@ATL@@WKA@AGKXZ 1000185a f i BumpBar.obj
 0001:00000867       ?Release@?$CComObject@VCOPOSBumpBar@@@ATL@@WKA@AGKXZ 10001867 f i BumpBar.obj
 0001:00000874       ?AddRef@?$CComObject@VCOPOSBumpBar@@@ATL@@WKI@AGKXZ 10001874 f i BumpBar.obj
 0001:00000881       ?Release@?$CComObject@VCOPOSBumpBar@@@ATL@@WKI@AGKXZ 10001881 f i BumpBar.obj
 0001:0000088e       ?AddRef@?$CComObject@VCOPOSBumpBar@@@ATL@@WLE@AGKXZ 1000188e f i BumpBar.obj
 0001:0000089b       ?Release@?$CComObject@VCOPOSBumpBar@@@ATL@@WLE@AGKXZ 1000189b f i BumpBar.obj
 0001:000008a8       ??_E?$CComContainedObject@VCOPOSBumpBar@@@ATL@@W3AEPAXI@Z 100018a8 f i BumpBar.obj
 0001:000008b0       ??_E?$CComContainedObject@VCOPOSBumpBar@@@ATL@@WEM@AEPAXI@Z 100018b0 f i BumpBar.obj
 0001:000008b8       ?QueryInterface@?$CComContainedObject@VCOPOSBumpBar@@@ATL@@WHA@AGJABU_GUID@@PAPAX@Z 100018b8 f i BumpBar.obj
 0001:000008c2       ?AddRef@?$CComContainedObject@VCOPOSBumpBar@@@ATL@@WHA@AGKXZ 100018c2 f i BumpBar.obj
 0001:000008cc       ?Release@?$CComContainedObject@VCOPOSBumpBar@@@ATL@@WHA@AGKXZ 100018cc f i BumpBar.obj
 0001:000008d6       ?QueryInterface@?$CComContainedObject@VCOPOSBumpBar@@@ATL@@WHE@AGJABU_GUID@@PAPAX@Z 100018d6 f i BumpBar.obj
 0001:000008e0       ?AddRef@?$CComContainedObject@VCOPOSBumpBar@@@ATL@@WHE@AGKXZ 100018e0 f i BumpBar.obj
 0001:000008ea       ?Release@?$CComContainedObject@VCOPOSBumpBar@@@ATL@@WHE@AGKXZ 100018ea f i BumpBar.obj
 0001:000008f4       ?QueryInterface@?$CComContainedObject@VCOPOSBumpBar@@@ATL@@WHI@AGJABU_GUID@@PAPAX@Z 100018f4 f i BumpBar.obj
 0001:000008fe       ?AddRef@?$CComContainedObject@VCOPOSBumpBar@@@ATL@@WHI@AGKXZ 100018fe f i BumpBar.obj
 0001:00000908       ?Release@?$CComContainedObject@VCOPOSBumpBar@@@ATL@@WHI@AGKXZ 10001908 f i BumpBar.obj
 0001:00000912       ?QueryInterface@?$CComContainedObject@VCOPOSBumpBar@@@ATL@@WHM@AGJABU_GUID@@PAPAX@Z 10001912 f i BumpBar.obj
 0001:0000091c       ?AddRef@?$CComContainedObject@VCOPOSBumpBar@@@ATL@@WHM@AGKXZ 1000191c f i BumpBar.obj
 0001:00000926       ?Release@?$CComContainedObject@VCOPOSBumpBar@@@ATL@@WHM@AGKXZ 10001926 f i BumpBar.obj
 0001:00000930       ?QueryInterface@?$CComContainedObject@VCOPOSBumpBar@@@ATL@@WIA@AGJABU_GUID@@PAPAX@Z 10001930 f i BumpBar.obj
 0001:0000093d       ?AddRef@?$CComContainedObject@VCOPOSBumpBar@@@ATL@@WIA@AGKXZ 1000193d f i BumpBar.obj
 0001:0000094a       ?Release@?$CComContainedObject@VCOPOSBumpBar@@@ATL@@WIA@AGKXZ 1000194a f i BumpBar.obj
 0001:00000957       ?QueryInterface@?$CComContainedObject@VCOPOSBumpBar@@@ATL@@WIE@AGJABU_GUID@@PAPAX@Z 10001957 f i BumpBar.obj
 0001:00000964       ?AddRef@?$CComContainedObject@VCOPOSBumpBar@@@ATL@@WIE@AGKXZ 10001964 f i BumpBar.obj
 0001:00000971       ?Release@?$CComContainedObject@VCOPOSBumpBar@@@ATL@@WIE@AGKXZ 10001971 f i BumpBar.obj
 0001:0000097e       ?QueryInterface@?$CComContainedObject@VCOPOSBumpBar@@@ATL@@WII@AGJABU_GUID@@PAPAX@Z 1000197e f i BumpBar.obj
 0001:0000098b       ?AddRef@?$CComContainedObject@VCOPOSBumpBar@@@ATL@@WII@AGKXZ 1000198b f i BumpBar.obj
 0001:00000998       ?Release@?$CComContainedObject@VCOPOSBumpBar@@@ATL@@WII@AGKXZ 10001998 f i BumpBar.obj
 0001:000009a5       ?QueryInterface@?$CComContainedObject@VCOPOSBumpBar@@@ATL@@WIM@AGJABU_GUID@@PAPAX@Z 100019a5 f i BumpBar.obj
 0001:000009b2       ?AddRef@?$CComContainedObject@VCOPOSBumpBar@@@ATL@@WIM@AGKXZ 100019b2 f i BumpBar.obj
 0001:000009bf       ?Release@?$CComContainedObject@VCOPOSBumpBar@@@ATL@@WIM@AGKXZ 100019bf f i BumpBar.obj
 0001:000009cc       ?QueryInterface@?$CComContainedObject@VCOPOSBumpBar@@@ATL@@WJA@AGJABU_GUID@@PAPAX@Z 100019cc f i BumpBar.obj
 0001:000009d9       ?AddRef@?$CComContainedObject@VCOPOSBumpBar@@@ATL@@WJA@AGKXZ 100019d9 f i BumpBar.obj
 0001:000009e6       ?Release@?$CComContainedObject@VCOPOSBumpBar@@@ATL@@WJA@AGKXZ 100019e6 f i BumpBar.obj
 0001:000009f3       ?QueryInterface@?$CComContainedObject@VCOPOSBumpBar@@@ATL@@WJE@AGJABU_GUID@@PAPAX@Z 100019f3 f i BumpBar.obj
 0001:00000a00       ?AddRef@?$CComContainedObject@VCOPOSBumpBar@@@ATL@@WJE@AGKXZ 10001a00 f i BumpBar.obj
 0001:00000a0d       ?Release@?$CComContainedObject@VCOPOSBumpBar@@@ATL@@WJE@AGKXZ 10001a0d f i BumpBar.obj
 0001:00000a1a       ?QueryInterface@?$CComContainedObject@VCOPOSBumpBar@@@ATL@@WJI@AGJABU_GUID@@PAPAX@Z 10001a1a f i BumpBar.obj
 0001:00000a27       ?AddRef@?$CComContainedObject@VCOPOSBumpBar@@@ATL@@WJI@AGKXZ 10001a27 f i BumpBar.obj
 0001:00000a34       ?Release@?$CComContainedObject@VCOPOSBumpBar@@@ATL@@WJI@AGKXZ 10001a34 f i BumpBar.obj
 0001:00000a41       ?QueryInterface@?$CComContainedObject@VCOPOSBumpBar@@@ATL@@WJM@AGJABU_GUID@@PAPAX@Z 10001a41 f i BumpBar.obj
 0001:00000a4e       ?AddRef@?$CComContainedObject@VCOPOSBumpBar@@@ATL@@WJM@AGKXZ 10001a4e f i BumpBar.obj
 0001:00000a5b       ?Release@?$CComContainedObject@VCOPOSBumpBar@@@ATL@@WJM@AGKXZ 10001a5b f i BumpBar.obj
 0001:00000a68       ?QueryInterface@?$CComContainedObject@VCOPOSBumpBar@@@ATL@@WKA@AGJABU_GUID@@PAPAX@Z 10001a68 f i BumpBar.obj
 0001:00000a75       ?AddRef@?$CComContainedObject@VCOPOSBumpBar@@@ATL@@WKA@AGKXZ 10001a75 f i BumpBar.obj
 0001:00000a82       ?Release@?$CComContainedObject@VCOPOSBumpBar@@@ATL@@WKA@AGKXZ 10001a82 f i BumpBar.obj
 0001:00000a8f       ?AddRef@?$CComContainedObject@VCOPOSBumpBar@@@ATL@@WKI@AGKXZ 10001a8f f i BumpBar.obj
 0001:00000a9c       ?Release@?$CComContainedObject@VCOPOSBumpBar@@@ATL@@WKI@AGKXZ 10001a9c f i BumpBar.obj
 0001:00000aa9       ?AddRef@?$CComContainedObject@VCOPOSBumpBar@@@ATL@@WLE@AGKXZ 10001aa9 f i BumpBar.obj
 0001:00000ab6       ?Release@?$CComContainedObject@VCOPOSBumpBar@@@ATL@@WLE@AGKXZ 10001ab6 f i BumpBar.obj
 0001:00000ac3       ?CreateInstance@CComClassFactory@ATL@@UAGJPAUIUnknown@@ABU_GUID@@PAPAX@Z 10001ac3 f i BumpBar.obj
 0001:00000b01       ?LockServer@CComClassFactory@ATL@@UAGJH@Z 10001b01 f i BumpBar.obj
 0001:00000b20       ??_ECComClassFactory@ATL@@UAEPAXI@Z 10001b20 f i BumpBar.obj
 0001:00000b20       ??_GCComClassFactory@ATL@@UAEPAXI@Z 10001b20 f i BumpBar.obj
 0001:00000b4b       ?GetWindowProc@?$CWindowImplBaseT@VCWindow@ATL@@V?$CWinTraits@$0FGAAAAAA@$0A@@2@@ATL@@UAEP6GJPAUHWND__@@IIJ@ZXZ 10001b4b f i BumpBar.obj
 0001:00000b51       ?StartWindowProc@?$CWindowImplBaseT@VCWindow@ATL@@V?$CWinTraits@$0FGAAAAAA@$0A@@2@@ATL@@SGJPAUHWND__@@IIJ@Z 10001b51 f i BumpBar.obj
 0001:00000ba5       ?ObjectMain@CComObjectRootBase@ATL@@SGX_N@Z 10001ba5 f i BumpBar.obj
 0001:00000ba5       ?OnFinalMessage@?$CWindowImplBaseT@VCWindow@ATL@@V?$CWinTraits@$0FGAAAAAA@$0A@@2@@ATL@@UAEXPAUHWND__@@@Z 10001ba5 f i BumpBar.obj
 0001:00000ba8       ?GetTypeInfoCount@?$IDispatchImpl@UIOPOSBumpBar@@$1?IID_IOPOSBumpBar@@3U_GUID@@B$1?LIBID_OposBumpBar_CCO@@3U3@B$00$0A@VCComTypeInfoHolder@ATL@@@ATL@@UAGJPAI@Z 10001ba8 f i BumpBar.obj
 0001:00000bc5       ?GetTypeInfo@?$IDispatchImpl@UIOPOSBumpBar@@$1?IID_IOPOSBumpBar@@3U_GUID@@B$1?LIBID_OposBumpBar_CCO@@3U3@B$00$0A@VCComTypeInfoHolder@ATL@@@ATL@@UAGJIKPAPAUITypeInfo@@@Z 10001bc5 f i BumpBar.obj
 0001:00000be9       ?GetIDsOfNames@?$IDispatchImpl@UIOPOSBumpBar@@$1?IID_IOPOSBumpBar@@3U_GUID@@B$1?LIBID_OposBumpBar_CCO@@3U3@B$00$0A@VCComTypeInfoHolder@ATL@@@ATL@@UAGJABU_GUID@@PAPA_WIKPAJ@Z 10001be9 f i BumpBar.obj
 0001:00000c09       ?Invoke@?$IDispatchImpl@UIOPOSBumpBar@@$1?IID_IOPOSBumpBar@@3U_GUID@@B$1?LIBID_OposBumpBar_CCO@@3U3@B$00$0A@VCComTypeInfoHolder@ATL@@@ATL@@UAGJJABU_GUID@@KGPAUtagDISPPARAMS@@PAUtagVARIANT@@PAUtagEXCEPINFO@@PAI@Z 10001c09 f i BumpBar.obj
 0001:00000c17       ?CreateControlWindow@?$CComControl@VCOPOSBumpBar@@V?$CWindowImpl@VCOPOSBumpBar@@VCWindow@ATL@@V?$CWinTraits@$0FGAAAAAA@$0A@@3@@ATL@@@ATL@@UAEPAUHWND__@@PAU3@AAUtagRECT@@@Z 10001c17 f i BumpBar.obj
 0001:00000c46       ?ControlQueryInterface@?$CComControl@VCOPOSBumpBar@@V?$CWindowImpl@VCOPOSBumpBar@@VCWindow@ATL@@V?$CWinTraits@$0FGAAAAAA@$0A@@3@@ATL@@@ATL@@UAEJABU_GUID@@PAPAX@Z 10001c46 f i BumpBar.obj
 0001:00000c61       ?GetUserClassID@?$IOleObjectImpl@VCOPOSBumpBar@@@ATL@@UAGJPAU_GUID@@@Z 10001c61 f i BumpBar.obj
 0001:00000c61       ?GetClassID@?$IPersistStreamInitImpl@VCOPOSBumpBar@@@ATL@@UAGJPAU_GUID@@@Z 10001c61 f i BumpBar.obj
 0001:00000c61       ?GetClassID@?$IPersistStorageImpl@VCOPOSBumpBar@@@ATL@@UAGJPAU_GUID@@@Z 10001c61 f i BumpBar.obj
 0001:00000c85       ?IsDirty@?$IPersistStreamInitImpl@VCOPOSBumpBar@@@ATL@@UAGJXZ 10001c85 f i BumpBar.obj
 0001:00000ca4       ?Load@?$IPersistStreamInitImpl@VCOPOSBumpBar@@@ATL@@UAGJPAUIStream@@@Z 10001ca4 f i BumpBar.obj
 0001:00000cc3       ?Save@?$IPersistStreamInitImpl@VCOPOSBumpBar@@@ATL@@UAGJPAUIStream@@H@Z 10001cc3 f i BumpBar.obj
 0001:00000ce5       ?GetSizeMax@?$IPersistStreamInitImpl@VCOPOSBumpBar@@@ATL@@UAGJPAT_ULARGE_INTEGER@@@Z 10001ce5 f i BumpBar.obj
 0001:00000ec4       ?InitNew@?$IPersistStreamInitImpl@VCOPOSBumpBar@@@ATL@@UAGJXZ 10001ec4 f i BumpBar.obj
 0001:00000ee1       ?QueryGetData@?$IDataObjectImpl@VCOPOSBumpBar@@@ATL@@UAGJPAUtagFORMATETC@@@Z 10001ee1 f i BumpBar.obj
 0001:00000ee1       ?GetDropTarget@?$IOleInPlaceObjectWindowlessImpl@VCOPOSBumpBar@@@ATL@@UAGJPAPAUIDropTarget@@@Z 10001ee1 f i BumpBar.obj
 0001:00000ee1       ?SetColorScheme@?$IOleObjectImpl@VCOPOSBumpBar@@@ATL@@UAGJPAUtagLOGPALETTE@@@Z 10001ee1 f i BumpBar.obj
 0001:00000ee1       ?ContextSensitiveHelp@?$IOleInPlaceActiveObjectImpl@VCOPOSBumpBar@@@ATL@@UAGJH@Z 10001ee1 f i BumpBar.obj
 0001:00000ee1       ?GetControlInfo@?$IOleControlImpl@VCOPOSBumpBar@@@ATL@@UAGJPAUtagCONTROLINFO@@@Z 10001ee1 f i BumpBar.obj
 0001:00000ee1       ?OnMnemonic@?$IOleControlImpl@VCOPOSBumpBar@@@ATL@@UAGJPAUtagMSG@@@Z 10001ee1 f i BumpBar.obj
 0001:00000ee1       ?ContextSensitiveHelp@?$IOleInPlaceObjectWindowlessImpl@VCOPOSBumpBar@@@ATL@@UAGJH@Z 10001ee1 f i BumpBar.obj
 0001:00000ee1       ?Unfreeze@?$IViewObjectExImpl@VCOPOSBumpBar@@@ATL@@UAGJK@Z 10001ee1 f i BumpBar.obj
 0001:00000ee9       ?OnFrameWindowActivate@?$IOleInPlaceActiveObjectImpl@VCOPOSBumpBar@@@ATL@@UAGJH@Z 10001ee9 f i BumpBar.obj
 0001:00000ee9       ?SaveCompleted@?$IPersistStorageImpl@VCOPOSBumpBar@@@ATL@@UAGJPAUIStorage@@@Z 10001ee9 f i BumpBar.obj
 0001:00000ee9       ?OnAmbientPropertyChange@?$IOleControlImpl@VCOPOSBumpBar@@@ATL@@UAGJJ@Z 10001ee9 f i BumpBar.obj
 0001:00000ee9       ?EnableModeless@?$IOleInPlaceActiveObjectImpl@VCOPOSBumpBar@@@ATL@@UAGJH@Z 10001ee9 f i BumpBar.obj
 0001:00000eee       ?SetClientSite@?$IOleObjectImpl@VCOPOSBumpBar@@@ATL@@UAGJPAUIOleClientSite@@@Z 10001eee f i BumpBar.obj
 0001:00000f0b       ?GetClientSite@?$IOleObjectImpl@VCOPOSBumpBar@@@ATL@@UAGJPAPAUIOleClientSite@@@Z 10001f0b f i BumpBar.obj
 0001:00000f28       ?SetHostNames@?$IOleObjectImpl@VCOPOSBumpBar@@@ATL@@UAGJPB_W0@Z 10001f28 f i BumpBar.obj
 0001:00000f2d       ?Close@?$IOleObjectImpl@VCOPOSBumpBar@@@ATL@@UAGJK@Z 10001f2d f i BumpBar.obj
 0001:00000f4a       ?GetDataHere@?$IDataObjectImpl@VCOPOSBumpBar@@@ATL@@UAGJPAUtagFORMATETC@@PAUtagSTGMEDIUM@@@Z 10001f4a f i BumpBar.obj
 0001:00000f4a       ?SetMoniker@?$IOleObjectImpl@VCOPOSBumpBar@@@ATL@@UAGJKPAUIMoniker@@@Z 10001f4a f i BumpBar.obj
 0001:00000f4a       ?GetClipboardData@?$IOleObjectImpl@VCOPOSBumpBar@@@ATL@@UAGJKPAPAUIDataObject@@@Z 10001f4a f i BumpBar.obj
 0001:00000f4a       ?QueryInterface@CRegObject@ATL@@UAGJABU_GUID@@PAPAX@Z 10001f4a f i BumpBar.obj
 0001:00000f4a       ?EnumFormatEtc@?$IDataObjectImpl@VCOPOSBumpBar@@@ATL@@UAGJKPAPAUIEnumFORMATETC@@@Z 10001f4a f i BumpBar.obj
 0001:00000f4a       ?GetRect@?$IViewObjectExImpl@VCOPOSBumpBar@@@ATL@@UAGJKPAU_RECTL@@@Z 10001f4a f i BumpBar.obj
 0001:00000f4a       ?GetCanonicalFormatEtc@?$IDataObjectImpl@VCOPOSBumpBar@@@ATL@@UAGJPAUtagFORMATETC@@0@Z 10001f4a f i BumpBar.obj
 0001:00000f52       ?SetData@?$IDataObjectImpl@VCOPOSBumpBar@@@ATL@@UAGJPAUtagFORMATETC@@PAUtagSTGMEDIUM@@H@Z 10001f52 f i BumpBar.obj
 0001:00000f52       ?GetMoniker@?$IOleObjectImpl@VCOPOSBumpBar@@@ATL@@UAGJKKPAPAUIMoniker@@@Z 10001f52 f i BumpBar.obj
 0001:00000f52       ?InitFromData@?$IOleObjectImpl@VCOPOSBumpBar@@@ATL@@UAGJPAUIDataObject@@HK@Z 10001f52 f i BumpBar.obj
 0001:00000f5a       ?DoVerb@?$IOleObjectImpl@VCOPOSBumpBar@@@ATL@@UAGJJPAUtagMSG@@PAUIOleClientSite@@JPAUHWND__@@PBUtagRECT@@@Z 10001f5a f i BumpBar.obj
 0001:0000104e       ?EnumVerbs@?$IOleObjectImpl@VCOPOSBumpBar@@@ATL@@UAGJPAPAUIEnumOLEVERB@@@Z 1000204e f i BumpBar.obj
 0001:00001070       ?Release@CRegObject@ATL@@UAGKXZ 10002070 f i BumpBar.obj
 0001:00001070       ?Update@?$IOleObjectImpl@VCOPOSBumpBar@@@ATL@@UAGJXZ 10002070 f i BumpBar.obj
 0001:00001070       ?IsUpToDate@?$IOleObjectImpl@VCOPOSBumpBar@@@ATL@@UAGJXZ 10002070 f i BumpBar.obj
 0001:00001070       ?HandsOffStorage@?$IPersistStorageImpl@VCOPOSBumpBar@@@ATL@@UAGJXZ 10002070 f i BumpBar.obj
 0001:00001075       ?GetUserType@?$IOleObjectImpl@VCOPOSBumpBar@@@ATL@@UAGJKPAPA_W@Z 10002075 f i BumpBar.obj
 0001:0000108d       ?SetExtent@?$IOleObjectImpl@VCOPOSBumpBar@@@ATL@@UAGJKPAUtagSIZE@@@Z 1000208d f i BumpBar.obj
 0001:000010ad       ?GetExtent@?$IOleObjectImpl@VCOPOSBumpBar@@@ATL@@UAGJKPAUtagSIZE@@@Z 100020ad f i BumpBar.obj
 0001:000010eb       ?Advise@?$IOleObjectImpl@VCOPOSBumpBar@@@ATL@@UAGJPAUIAdviseSink@@PAK@Z 100020eb f i BumpBar.obj
 0001:0000110b       ?Unadvise@?$IOleObjectImpl@VCOPOSBumpBar@@@ATL@@UAGJK@Z 1000210b f i BumpBar.obj
 0001:0000113a       ?EnumAdvise@?$IOleObjectImpl@VCOPOSBumpBar@@@ATL@@UAGJPAPAUIEnumSTATDATA@@@Z 1000213a f i BumpBar.obj
 0001:0000117a       ?GetMiscStatus@?$IOleObjectImpl@VCOPOSBumpBar@@@ATL@@UAGJKPAK@Z 1000217a f i BumpBar.obj
 0001:00001192       ?GetWindow@?$IOleInPlaceActiveObjectImpl@VCOPOSBumpBar@@@ATL@@UAGJPAPAUHWND__@@@Z 10002192 f i BumpBar.obj
 0001:000011df       ?TranslateAcceleratorW@?$IOleInPlaceActiveObjectImpl@VCOPOSBumpBar@@@ATL@@UAGJPAUtagMSG@@@Z 100021df f i BumpBar.obj
 0001:0000128d       ?OnDocWindowActivate@?$IOleInPlaceActiveObjectImpl@VCOPOSBumpBar@@@ATL@@UAGJH@Z 1000228d f i BumpBar.obj
 0001:000012af       ?ResizeBorder@?$IOleInPlaceActiveObjectImpl@VCOPOSBumpBar@@@ATL@@UAGJPBUtagRECT@@PAUIOleInPlaceUIWindow@@H@Z 100022af f i BumpBar.obj
 0001:000012b4       ?Draw@?$IViewObjectExImpl@VCOPOSBumpBar@@@ATL@@UAGJKJPAXPAUtagDVTARGETDEVICE@@PAUHDC__@@2PBU_RECTL@@3P6GHK@ZK@Z 100022b4 f i BumpBar.obj
 0001:000012e6       ?GetColorSet@?$IViewObjectExImpl@VCOPOSBumpBar@@@ATL@@UAGJKJPAXPAUtagDVTARGETDEVICE@@PAUHDC__@@PAPAUtagLOGPALETTE@@@Z 100022e6 f i BumpBar.obj
 0001:000012ee       ?Freeze@?$IViewObjectExImpl@VCOPOSBumpBar@@@ATL@@UAGJKJPAXPAK@Z 100022ee f i BumpBar.obj
 0001:000012f6       ?SetAdvise@?$IViewObjectExImpl@VCOPOSBumpBar@@@ATL@@UAGJKKPAUIAdviseSink@@@Z 100022f6 f i BumpBar.obj
 0001:00001315       ?GetAdvise@?$IViewObjectExImpl@VCOPOSBumpBar@@@ATL@@UAGJPAK0PAPAUIAdviseSink@@@Z 10002315 f i BumpBar.obj
 0001:0000134a       ?GetExtent@?$IViewObjectExImpl@VCOPOSBumpBar@@@ATL@@UAGJKJPAUtagDVTARGETDEVICE@@PAUtagSIZE@@@Z 1000234a f i BumpBar.obj
 0001:0000137b       ?GetViewStatus@?$IViewObjectExImpl@VCOPOSBumpBar@@@ATL@@UAGJPAK@Z 1000237b f i BumpBar.obj
 0001:00001398       ?QueryHitPoint@?$IViewObjectExImpl@VCOPOSBumpBar@@@ATL@@UAGJKPBUtagRECT@@UtagPOINT@@JPAK@Z 10002398 f i BumpBar.obj
 0001:000013d9       ?QueryHitRect@?$IViewObjectExImpl@VCOPOSBumpBar@@@ATL@@UAGJKPBUtagRECT@@0JPAK@Z 100023d9 f i BumpBar.obj
 0001:00001434       ?GetNaturalExtent@?$IViewObjectExImpl@VCOPOSBumpBar@@@ATL@@UAGJKJPAUtagDVTARGETDEVICE@@PAUHDC__@@PAUtagExtentInfo@@PAUtagSIZE@@@Z 10002434 f i BumpBar.obj
 0001:0000147f       ?GetWindow@?$IOleInPlaceObjectWindowlessImpl@VCOPOSBumpBar@@@ATL@@UAGJPAPAUHWND__@@@Z 1000247f f i BumpBar.obj
 0001:000014cc       ?InPlaceDeactivate@?$IOleInPlaceObjectWindowlessImpl@VCOPOSBumpBar@@@ATL@@UAGJXZ 100024cc f i BumpBar.obj
 0001:000014e6       ?UIDeactivate@?$IOleInPlaceObjectWindowlessImpl@VCOPOSBumpBar@@@ATL@@UAGJXZ 100024e6 f i BumpBar.obj
 0001:00001500       ?SetObjectRects@?$IOleInPlaceObjectWindowlessImpl@VCOPOSBumpBar@@@ATL@@UAGJPBUtagRECT@@0@Z 10002500 f i BumpBar.obj
 0001:00001520       ?ReactivateAndUndo@?$IOleInPlaceObjectWindowlessImpl@VCOPOSBumpBar@@@ATL@@UAGJXZ 10002520 f i BumpBar.obj
 0001:00001528       ?OnWindowMessage@?$IOleInPlaceObjectWindowlessImpl@VCOPOSBumpBar@@@ATL@@UAGJIIJPAJ@Z 10002528 f i BumpBar.obj
 0001:00001598       ?EnumConnectionPoints@?$IConnectionPointContainerImpl@VCOPOSBumpBar@@@ATL@@UAGJPAPAUIEnumConnectionPoints@@@Z 10002598 f i BumpBar.obj
 0001:00001724       ?FindConnectionPoint@?$IConnectionPointContainerImpl@VCOPOSBumpBar@@@ATL@@UAGJABU_GUID@@PAPAUIConnectionPoint@@@Z 10002724 f i BumpBar.obj
 0001:000017c7       ?IsDirty@?$IPersistStorageImpl@VCOPOSBumpBar@@@ATL@@UAGJXZ 100027c7 f i BumpBar.obj
 0001:000017f7       ?InitNew@?$IPersistStorageImpl@VCOPOSBumpBar@@@ATL@@UAGJPAUIStorage@@@Z 100027f7 f i BumpBar.obj
 0001:00001827       ?Load@?$IPersistStorageImpl@VCOPOSBumpBar@@@ATL@@UAGJPAUIStorage@@@Z 10002827 f i BumpBar.obj
 0001:00001893       ?Save@?$IPersistStorageImpl@VCOPOSBumpBar@@@ATL@@UAGJPAUIStorage@@H@Z 10002893 f i BumpBar.obj
 0001:00001906       ?GetPages@?$ISpecifyPropertyPagesImpl@VCOPOSBumpBar@@@ATL@@UAGJPAUtagCAUUID@@@Z 10002906 f i BumpBar.obj
 0001:0000191d       ?QuickActivate@?$IQuickActivateImpl@VCOPOSBumpBar@@@ATL@@UAGJPAUtagQACONTAINER@@PAUtagQACONTROL@@@Z 1000291d f i BumpBar.obj
 0001:00001940       ?SetContentExtent@?$IQuickActivateImpl@VCOPOSBumpBar@@@ATL@@UAGJPAUtagSIZE@@@Z 10002940 f i BumpBar.obj
 0001:0000196c       ?GetContentExtent@?$IQuickActivateImpl@VCOPOSBumpBar@@@ATL@@UAGJPAUtagSIZE@@@Z 1000296c f i BumpBar.obj
 0001:000019a6       ?GetData@?$IDataObjectImpl@VCOPOSBumpBar@@@ATL@@UAGJPAUtagFORMATETC@@PAUtagSTGMEDIUM@@@Z 100029a6 f i BumpBar.obj
 0001:000019c9       ?DAdvise@?$IDataObjectImpl@VCOPOSBumpBar@@@ATL@@UAGJPAUtagFORMATETC@@KPAUIAdviseSink@@PAK@Z 100029c9 f i BumpBar.obj
 0001:00001a0a       ?DUnadvise@?$IDataObjectImpl@VCOPOSBumpBar@@@ATL@@UAGJK@Z 10002a0a f i BumpBar.obj
 0001:00001a38       ?EnumDAdvise@?$IDataObjectImpl@VCOPOSBumpBar@@@ATL@@UAGJPAPAUIEnumSTATDATA@@@Z 10002a38 f i BumpBar.obj
 0001:00001a77       ?GetClassInfoW@?$IProvideClassInfo2Impl@$1?CLSID_OPOSBumpBar@@3U_GUID@@B$1?DIID__IOPOSBumpBarEvents@@3U2@B$1?LIBID_OposBumpBar_CCO@@3U2@B$00$0A@VCComTypeInfoHolder@ATL@@@ATL@@UAGJPAPAUITypeInfo@@@Z 10002a77 f i BumpBar.obj
 0001:00001a8d       ?GetGUID@?$IProvideClassInfo2Impl@$1?CLSID_OPOSBumpBar@@3U_GUID@@B$1?DIID__IOPOSBumpBarEvents@@3U2@B$1?LIBID_OposBumpBar_CCO@@3U2@B$00$0A@VCComTypeInfoHolder@ATL@@@ATL@@UAGJKPAU_GUID@@@Z 10002a8d f i BumpBar.obj
 0001:00001acb       ?FAccessAllowed@?$IObjectSafetyImpl@VCOPOSBumpBar@@$02@ATL@@MAEHXZ 10002acb f i BumpBar.obj
 0001:00001acb       __get_startup_argv_mode    10002acb f i LIBCMT:argv_mode.obj
 0001:00001acf       ?GetInterfaceSafetyOptions@?$IObjectSafetyImpl@VCOPOSBumpBar@@$02@ATL@@UAGJABU_GUID@@PAK1@Z 10002acf f i BumpBar.obj
 0001:00001b43       ?SetInterfaceSafetyOptions@?$IObjectSafetyImpl@VCOPOSBumpBar@@$02@ATL@@UAGJABU_GUID@@KK@Z 10002b43 f i BumpBar.obj
 0001:00001bbd       ?_LocCPQueryInterface@?$IConnectionPointImpl@VCOPOSBumpBar@@$1?DIID__IOPOSBumpBarEvents@@3U_GUID@@BVCComDynamicUnkArray@ATL@@@ATL@@UAGJABU_GUID@@PAPAX@Z 10002bbd f i BumpBar.obj
 0001:00001bbd       ?_LocCPQueryInterface@?$IConnectionPointImpl@VCOPOSBumpBar@@$1?IID_IPropertyNotifySink@@3U_GUID@@BVCComDynamicUnkArray@ATL@@@ATL@@UAGJABU_GUID@@PAPAX@Z 10002bbd f i BumpBar.obj
 0001:00001c0a       ?GetConnectionInterface@?$IConnectionPointImpl@VCOPOSBumpBar@@$1?IID_IPropertyNotifySink@@3U_GUID@@BVCComDynamicUnkArray@ATL@@@ATL@@UAGJPAU_GUID@@@Z 10002c0a f i BumpBar.obj
 0001:00001c2e       ?GetConnectionPointContainer@?$IConnectionPointImpl@VCOPOSBumpBar@@$1?IID_IPropertyNotifySink@@3U_GUID@@BVCComDynamicUnkArray@ATL@@@ATL@@UAGJPAPAUIConnectionPointContainer@@@Z 10002c2e f i BumpBar.obj
 0001:00001c51       ?Advise@?$IConnectionPointImpl@VCOPOSBumpBar@@$1?IID_IPropertyNotifySink@@3U_GUID@@BVCComDynamicUnkArray@ATL@@@ATL@@UAGJPAUIUnknown@@PAK@Z 10002c51 f i BumpBar.obj
 0001:00001c51       ?Advise@?$IConnectionPointImpl@VCOPOSBumpBar@@$1?DIID__IOPOSBumpBarEvents@@3U_GUID@@BVCComDynamicUnkArray@ATL@@@ATL@@UAGJPAUIUnknown@@PAK@Z 10002c51 f i BumpBar.obj
 0001:00001cf1       ?Unadvise@?$IConnectionPointImpl@VCOPOSBumpBar@@$1?DIID__IOPOSBumpBarEvents@@3U_GUID@@BVCComDynamicUnkArray@ATL@@@ATL@@UAGJK@Z 10002cf1 f i BumpBar.obj
 0001:00001cf1       ?Unadvise@?$IConnectionPointImpl@VCOPOSBumpBar@@$1?IID_IPropertyNotifySink@@3U_GUID@@BVCComDynamicUnkArray@ATL@@@ATL@@UAGJK@Z 10002cf1 f i BumpBar.obj
 0001:00001d31       ?EnumConnections@?$IConnectionPointImpl@VCOPOSBumpBar@@$1?DIID__IOPOSBumpBarEvents@@3U_GUID@@BVCComDynamicUnkArray@ATL@@@ATL@@UAGJPAPAUIEnumConnections@@@Z 10002d31 f i BumpBar.obj
 0001:00001d31       ?EnumConnections@?$IConnectionPointImpl@VCOPOSBumpBar@@$1?IID_IPropertyNotifySink@@3U_GUID@@BVCComDynamicUnkArray@ATL@@@ATL@@UAGJPAPAUIEnumConnections@@@Z 10002d31 f i BumpBar.obj
 0001:00001e2c       ?GetObjectDescription@?$CComCoClass@VCOPOSBumpBar@@$1?CLSID_OPOSBumpBar@@3U_GUID@@B@ATL@@SGPB_WXZ 10002e2c f i BumpBar.obj
 0001:00001e2c       ?GetCategoryMap@CComObjectRootBase@ATL@@SAPBU_ATL_CATMAP_ENTRY@2@XZ 10002e2c f i BumpBar.obj
 0001:00001e2f       ?GetConnectionInterface@?$IConnectionPointImpl@VCOPOSBumpBar@@$1?DIID__IOPOSBumpBarEvents@@3U_GUID@@BVCComDynamicUnkArray@ATL@@@ATL@@UAGJPAU_GUID@@@Z 10002e2f f i BumpBar.obj
 0001:00001e53       ?GetConnectionPointContainer@?$IConnectionPointImpl@VCOPOSBumpBar@@$1?DIID__IOPOSBumpBarEvents@@3U_GUID@@BVCComDynamicUnkArray@ATL@@@ATL@@UAGJPAPAUIConnectionPointContainer@@@Z 10002e53 f i BumpBar.obj
 0001:00001e76       ?UpdateRegistry@COPOSBumpBar@@SGJH@Z 10002e76 f i BumpBar.obj
 0001:00001e8e       ?ProcessWindowMessage@COPOSBumpBar@@UAEHPAUHWND__@@IIJAAJK@Z 10002e8e f i BumpBar.obj
 0001:00001ed7       ?SOData@COPOSBumpBar@@MAGJJ@Z 10002ed7 f i BumpBar.obj
 0001:00001f10       ?SODirectIO@COPOSBumpBar@@MAGJJPAJPAPA_W@Z 10002f10 f i BumpBar.obj
 0001:00001f59       ?SOError@COPOSBumpBar@@MAGJJJJPAJ@Z 10002f59 f i BumpBar.obj
 0001:00001fae       ?SOOutputComplete@COPOSBumpBar@@MAGJJ@Z 10002fae f i BumpBar.obj
 0001:00001fe7       ?SOStatusUpdate@COPOSBumpBar@@MAGJJ@Z 10002fe7 f i BumpBar.obj
 0001:00002020       ?Lock@CAtlModule@ATL@@UAEJXZ 10003020 f i BumpBar.obj
 0001:0000202a       ?Unlock@CAtlModule@ATL@@UAEJXZ 1000302a f i BumpBar.obj
 0001:00002034       ?GetLockCount@CAtlModule@ATL@@UAEJXZ 10003034 f i BumpBar.obj
 0001:00002038       ?GetGITPtr@CAtlModule@ATL@@UAEJPAPAUIGlobalInterfaceTable@@@Z 10003038 f i BumpBar.obj
 0001:00002084       ?AddCommonRGSReplacements@?$CAtlModuleT@VCComModule@ATL@@@ATL@@UAEJPAUIRegistrarBase@@@Z 10003084 f i BumpBar.obj
 0001:0000209e       ?UpdateRegistryFromResourceD@CComModule@ATL@@UAGJIHPAU_ATL_REGMAP_ENTRY@2@@Z 1000309e f i BumpBar.obj
 0001:0000209e       ?UpdateRegistryFromResourceD@CComModule@ATL@@UAGJPB_WHPAU_ATL_REGMAP_ENTRY@2@@Z 1000309e f i BumpBar.obj
 0001:000020a6       ?UpdateRegistryFromResource@CComModule@ATL@@UAGJPB_WHPAU_ATL_REGMAP_ENTRY@2@@Z 100030a6 f i BumpBar.obj
 0001:000020af       ?UpdateRegistryFromResource@CComModule@ATL@@UAGJIHPAU_ATL_REGMAP_ENTRY@2@@Z 100030af f i BumpBar.obj
 0001:000020b8       ??_GCComModule@ATL@@UAEPAXI@Z 100030b8 f i BumpBar.obj
 0001:000020b8       ??_ECComModule@ATL@@UAEPAXI@Z 100030b8 f i BumpBar.obj
 0001:000020e0       ?CreateInstance@?$CComCreator@V?$CComObjectCached@VCComClassFactory@ATL@@@ATL@@@ATL@@SGJPAXABU_GUID@@PAPAX@Z 100030e0 f i BumpBar.obj
 0001:00002180       ?CreateInstance@?$CComCreator2@V?$CComCreator@V?$CComObject@VCOPOSBumpBar@@@ATL@@@ATL@@V?$CComCreator@V?$CComAggObject@VCOPOSBumpBar@@@ATL@@@2@@ATL@@SGJPAXABU_GUID@@PAPAX@Z 10003180 f i BumpBar.obj
 0001:000021a0       ?AddRef@?$CComObjectCached@VCComClassFactory@ATL@@@ATL@@UAGKXZ 100031a0 f i BumpBar.obj
 0001:000021c7       ?Release@?$CComObjectCached@VCComClassFactory@ATL@@@ATL@@UAGKXZ 100031c7 f i BumpBar.obj
 0001:000021fd       ?QueryInterface@?$CComObjectCached@VCComClassFactory@ATL@@@ATL@@UAGJABU_GUID@@PAPAX@Z 100031fd f i BumpBar.obj
 0001:00002217       ??_E?$CComObjectCached@VCComClassFactory@ATL@@@ATL@@UAEPAXI@Z 10003217 f i BumpBar.obj
 0001:00002217       ??_G?$CComObjectCached@VCComClassFactory@ATL@@@ATL@@UAEPAXI@Z 10003217 f i BumpBar.obj
 0001:00002239       ?Next@?$CComEnumImpl@UIEnumConnectionPoints@@$1?_GUID_b196b285_bab4_101a_b69c_00aa00341d07@@3U__s_GUID@@BPAUIConnectionPoint@@V?$_CopyInterface@UIConnectionPoint@@@ATL@@@ATL@@UAGJKPAPAUIConnectionPoint@@PAK@Z 10003239 f i BumpBar.obj
 0001:00002310       ?Skip@?$CComEnumImpl@UIEnumConnectionPoints@@$1?_GUID_b196b285_bab4_101a_b69c_00aa00341d07@@3U__s_GUID@@BPAUIConnectionPoint@@V?$_CopyInterface@UIConnectionPoint@@@ATL@@@ATL@@UAGJK@Z 10003310 f i BumpBar.obj
 0001:0000233d       ?Reset@?$CComEnumImpl@UIEnumConnections@@$1?_GUID_b196b287_bab4_101a_b69c_00aa00341d07@@3U__s_GUID@@BUtagCONNECTDATA@@V?$_Copy@UtagCONNECTDATA@@@ATL@@@ATL@@UAGJXZ 1000333d f i BumpBar.obj
 0001:0000233d       ?Reset@?$CComEnumImpl@UIEnumConnectionPoints@@$1?_GUID_b196b285_bab4_101a_b69c_00aa00341d07@@3U__s_GUID@@BPAUIConnectionPoint@@V?$_CopyInterface@UIConnectionPoint@@@ATL@@@ATL@@UAGJXZ 1000333d f i BumpBar.obj
 0001:0000234f       ?Clone@?$CComEnumImpl@UIEnumConnectionPoints@@$1?_GUID_b196b285_bab4_101a_b69c_00aa00341d07@@3U__s_GUID@@BPAUIConnectionPoint@@V?$_CopyInterface@UIConnectionPoint@@@ATL@@@ATL@@UAGJPAPAUIEnumConnectionPoints@@@Z 1000334f f i BumpBar.obj
 0001:00002430       ?AddRef@?$CComObject@V?$CComEnum@UIEnumConnections@@$1?_GUID_b196b287_bab4_101a_b69c_00aa00341d07@@3U__s_GUID@@BUtagCONNECTDATA@@V?$_Copy@UtagCONNECTDATA@@@ATL@@VCComSingleThreadModel@6@@ATL@@@ATL@@UAGKXZ 10003430 f i BumpBar.obj
 0001:00002430       ?AddRef@?$CComObject@V?$CComEnum@UIEnumConnectionPoints@@$1?_GUID_b196b285_bab4_101a_b69c_00aa00341d07@@3U__s_GUID@@BPAUIConnectionPoint@@V?$_CopyInterface@UIConnectionPoint@@@ATL@@VCComSingleThreadModel@6@@ATL@@@ATL@@UAGKXZ 10003430 f i BumpBar.obj
 0001:00002441       ?Release@?$CComObject@V?$CComEnum@UIEnumConnections@@$1?_GUID_b196b287_bab4_101a_b69c_00aa00341d07@@3U__s_GUID@@BUtagCONNECTDATA@@V?$_Copy@UtagCONNECTDATA@@@ATL@@VCComSingleThreadModel@6@@ATL@@@ATL@@UAGKXZ 10003441 f i BumpBar.obj
 0001:00002441       ?Release@?$CComObject@V?$CComEnum@UIEnumConnectionPoints@@$1?_GUID_b196b285_bab4_101a_b69c_00aa00341d07@@3U__s_GUID@@BPAUIConnectionPoint@@V?$_CopyInterface@UIConnectionPoint@@@ATL@@VCComSingleThreadModel@6@@ATL@@@ATL@@UAGKXZ 10003441 f i BumpBar.obj
 0001:0000247d       ?QueryInterface@?$CComObject@V?$CComEnum@UIEnumConnectionPoints@@$1?_GUID_b196b285_bab4_101a_b69c_00aa00341d07@@3U__s_GUID@@BPAUIConnectionPoint@@V?$_CopyInterface@UIConnectionPoint@@@ATL@@VCComSingleThreadModel@6@@ATL@@@ATL@@UAGJABU_GUID@@PAPAX@Z 1000347d f i BumpBar.obj
 0001:00002497       ??_E?$CComObject@V?$CComEnum@UIEnumConnectionPoints@@$1?_GUID_b196b285_bab4_101a_b69c_00aa00341d07@@3U__s_GUID@@BPAUIConnectionPoint@@V?$_CopyInterface@UIConnectionPoint@@@ATL@@VCComSingleThreadModel@6@@ATL@@@ATL@@UAEPAXI@Z 10003497 f i BumpBar.obj
 0001:00002497       ??_G?$CComObject@V?$CComEnum@UIEnumConnectionPoints@@$1?_GUID_b196b285_bab4_101a_b69c_00aa00341d07@@3U__s_GUID@@BPAUIConnectionPoint@@V?$_CopyInterface@UIConnectionPoint@@@ATL@@VCComSingleThreadModel@6@@ATL@@@ATL@@UAEPAXI@Z 10003497 f i BumpBar.obj
 0001:000024b9       ?AddRef@CRegObject@ATL@@UAGKXZ 100034b9 f i BumpBar.obj
 0001:000024bf       ?AddReplacement@CRegObject@ATL@@UAGJPB_W0@Z 100034bf f i BumpBar.obj
 0001:000024f8       ?ClearReplacements@CRegObject@ATL@@UAGJXZ 100034f8 f i BumpBar.obj
 0001:0000250a       ??_GCRegObject@ATL@@UAEPAXI@Z 1000350a f i BumpBar.obj
 0001:0000250a       ??_ECRegObject@ATL@@UAEPAXI@Z 1000350a f i BumpBar.obj
 0001:0000252c       ?AddRef@?$CComAggObject@VCOPOSBumpBar@@@ATL@@UAGKXZ 1000352c f i BumpBar.obj
 0001:0000253d       ?Release@?$CComAggObject@VCOPOSBumpBar@@@ATL@@UAGKXZ 1000353d f i BumpBar.obj
 0001:00002579       ?QueryInterface@?$CComAggObject@VCOPOSBumpBar@@@ATL@@UAGJABU_GUID@@PAPAX@Z 10003579 f i BumpBar.obj
 0001:000025c8       ?AddRef@?$CComContainedObject@VCOPOSBumpBar@@@ATL@@UAGKXZ 100035c8 f i BumpBar.obj
 0001:000025de       ?Release@?$CComContainedObject@VCOPOSBumpBar@@@ATL@@UAGKXZ 100035de f i BumpBar.obj
 0001:000025f4       ?QueryInterface@?$CComContainedObject@VCOPOSBumpBar@@@ATL@@UAGJABU_GUID@@PAPAX@Z 100035f4 f i BumpBar.obj
 0001:0000260f       ??_G?$CComAggObject@VCOPOSBumpBar@@@ATL@@UAEPAXI@Z 1000360f f i BumpBar.obj
 0001:0000260f       ??_E?$CComAggObject@VCOPOSBumpBar@@@ATL@@UAEPAXI@Z 1000360f f i BumpBar.obj
 0001:00002634       ?AddRef@?$CComObject@VCOPOSBumpBar@@@ATL@@UAGKXZ 10003634 f i BumpBar.obj
 0001:0000264b       ?Release@?$CComObject@VCOPOSBumpBar@@@ATL@@UAGKXZ 1000364b f i BumpBar.obj
 0001:0000268d       ?QueryInterface@?$CComObject@VCOPOSBumpBar@@@ATL@@UAGJABU_GUID@@PAPAX@Z 1000368d f i BumpBar.obj
 0001:000026a7       ?OnDrawAdvanced@CComControlBase@ATL@@UAEJAAUATL_DRAWINFO@@@Z 100036a7 f i BumpBar.obj
 0001:0000279a       ?Next@?$CComEnumImpl@UIEnumConnections@@$1?_GUID_b196b287_bab4_101a_b69c_00aa00341d07@@3U__s_GUID@@BUtagCONNECTDATA@@V?$_Copy@UtagCONNECTDATA@@@ATL@@@ATL@@UAGJKPAUtagCONNECTDATA@@PAK@Z 1000379a f i BumpBar.obj
 0001:00002871       ?Skip@?$CComEnumImpl@UIEnumConnections@@$1?_GUID_b196b287_bab4_101a_b69c_00aa00341d07@@3U__s_GUID@@BUtagCONNECTDATA@@V?$_Copy@UtagCONNECTDATA@@@ATL@@@ATL@@UAGJK@Z 10003871 f i BumpBar.obj
 0001:0000289e       ?Clone@?$CComEnumImpl@UIEnumConnections@@$1?_GUID_b196b287_bab4_101a_b69c_00aa00341d07@@3U__s_GUID@@BUtagCONNECTDATA@@V?$_Copy@UtagCONNECTDATA@@@ATL@@@ATL@@UAGJPAPAUIEnumConnections@@@Z 1000389e f i BumpBar.obj
 0001:0000297f       ?QueryInterface@?$CComObject@V?$CComEnum@UIEnumConnections@@$1?_GUID_b196b287_bab4_101a_b69c_00aa00341d07@@3U__s_GUID@@BUtagCONNECTDATA@@V?$_Copy@UtagCONNECTDATA@@@ATL@@VCComSingleThreadModel@6@@ATL@@@ATL@@UAGJABU_GUID@@PAPAX@Z 1000397f f i BumpBar.obj
 0001:00002999       ??_E?$CComObject@V?$CComEnum@UIEnumConnections@@$1?_GUID_b196b287_bab4_101a_b69c_00aa00341d07@@3U__s_GUID@@BUtagCONNECTDATA@@V?$_Copy@UtagCONNECTDATA@@@ATL@@VCComSingleThreadModel@6@@ATL@@@ATL@@UAEPAXI@Z 10003999 f i BumpBar.obj
 0001:00002999       ??_G?$CComObject@V?$CComEnum@UIEnumConnections@@$1?_GUID_b196b287_bab4_101a_b69c_00aa00341d07@@3U__s_GUID@@BUtagCONNECTDATA@@V?$_Copy@UtagCONNECTDATA@@@ATL@@VCComSingleThreadModel@6@@ATL@@@ATL@@UAEPAXI@Z 10003999 f i BumpBar.obj
 0001:000029bb       ??$?4UITypeInfo2@@@?$CComPtr@UITypeInfo@@@ATL@@QAEPAUITypeInfo@@ABV?$CComPtr@UITypeInfo2@@@1@@Z 100039bb f i BumpBar.obj
 0001:000029e8       ??$AtlAdd@K@ATL@@YAJPAKKK@Z 100039e8 f i BumpBar.obj
 0001:00002a0b       ??$AtlAdd@_K@ATL@@YAJPA_K_K1@Z 10003a0b f i BumpBar.obj
 0001:00002a43       ??$AtlAddThrow@K@ATL@@YAKKK@Z 10003a43 f i BumpBar.obj
 0001:00002a69       ??$AtlModuleRegisterWndClassInfoT@VAtlModuleRegisterWndClassInfoParamW@ATL@@@ATL@@YAGPAU_ATL_BASE_MODULE70@0@PAU_ATL_WIN_MODULE70@0@PAU_ATL_WNDCLASSINFOW@0@PAP6GJPAUHWND__@@IIJ@ZVAtlModuleRegisterWndClassInfoParamW@0@@Z 10003a69 f i BumpBar.obj
 0001:00002bb7       ??$AtlMultiply@H@ATL@@YAJPAHHH@Z 10003bb7 f i BumpBar.obj
 0001:00002bef       ??$AtlMultiply@I@ATL@@YAJPAIII@Z 10003bef f i BumpBar.obj
 0001:00002bef       ??$AtlMultiply@K@ATL@@YAJPAKKK@Z 10003bef f i BumpBar.obj
 0001:00002c11       ??$AtlMultiplyThrow@I@ATL@@YAIII@Z 10003c11 f i BumpBar.obj
 0001:00002c37       ??0?$CComAggObject@VCOPOSBumpBar@@@ATL@@QAE@PAX@Z 10003c37 f i BumpBar.obj
 0001:00002c64       ??0?$CComContainedObject@VCOPOSBumpBar@@@ATL@@QAE@PAX@Z 10003c64 f i BumpBar.obj
 0001:00002d1d       ??0?$CComObject@V?$CComEnum@UIEnumConnectionPoints@@$1?_GUID_b196b285_bab4_101a_b69c_00aa00341d07@@3U__s_GUID@@BPAUIConnectionPoint@@V?$_CopyInterface@UIConnectionPoint@@@ATL@@VCComSingleThreadModel@6@@ATL@@@ATL@@QAE@PAX@Z 10003d1d f i BumpBar.obj
 0001:00002d4b       ??0?$CComObject@V?$CComEnum@UIEnumConnections@@$1?_GUID_b196b287_bab4_101a_b69c_00aa00341d07@@3U__s_GUID@@BUtagCONNECTDATA@@V?$_Copy@UtagCONNECTDATA@@@ATL@@VCComSingleThreadModel@6@@ATL@@@ATL@@QAE@PAX@Z 10003d4b f i BumpBar.obj
 0001:00002d79       ??0?$CComObject@VCOPOSBumpBar@@@ATL@@QAE@PAX@Z 10003d79 f i BumpBar.obj
 0001:00002e30       ??0?$CComQIPtr@UIOleControlSite@@$1?_GUID_b196b289_bab4_101a_b69c_00aa00341d07@@3U__s_GUID@@B@ATL@@QAE@PAUIUnknown@@@Z 10003e30 f i BumpBar.obj
 0001:00002e59       ??0CAtlModule@ATL@@QAE@XZ  10003e59 f i BumpBar.obj
 0001:00002e9a       ??0CParseBuffer@CRegParser@ATL@@QAE@H@Z 10003e9a f i BumpBar.obj
 0001:00002ed0       ??0_ATL_MSG@ATL@@QAE@PAUHWND__@@IIJH@Z 10003ed0 f i BumpBar.obj
 0001:00002f08       ??1?$CComAggObject@VCOPOSBumpBar@@@ATL@@UAE@XZ 10003f08 f i BumpBar.obj
 0001:00002f2c       ??1?$CComEnumImpl@UIEnumConnectionPoints@@$1?_GUID_b196b285_bab4_101a_b69c_00aa00341d07@@3U__s_GUID@@BPAUIConnectionPoint@@V?$_CopyInterface@UIConnectionPoint@@@ATL@@@ATL@@UAE@XZ 10003f2c f i BumpBar.obj
 0001:00002f6c       ??1?$CComEnumImpl@UIEnumConnections@@$1?_GUID_b196b287_bab4_101a_b69c_00aa00341d07@@3U__s_GUID@@BUtagCONNECTDATA@@V?$_Copy@UtagCONNECTDATA@@@ATL@@@ATL@@UAE@XZ 10003f6c f i BumpBar.obj
 0001:00002fac       ??1?$CComObject@V?$CComEnum@UIEnumConnectionPoints@@$1?_GUID_b196b285_bab4_101a_b69c_00aa00341d07@@3U__s_GUID@@BPAUIConnectionPoint@@V?$_CopyInterface@UIConnectionPoint@@@ATL@@VCComSingleThreadModel@6@@ATL@@@ATL@@UAE@XZ 10003fac f i BumpBar.obj
 0001:00002fcf       ??1?$CComObject@V?$CComEnum@UIEnumConnections@@$1?_GUID_b196b287_bab4_101a_b69c_00aa00341d07@@3U__s_GUID@@BUtagCONNECTDATA@@V?$_Copy@UtagCONNECTDATA@@@ATL@@VCComSingleThreadModel@6@@ATL@@@ATL@@UAE@XZ 10003fcf f i BumpBar.obj
 0001:00002ff2       ??1?$CComObject@VCOPOSBumpBar@@@ATL@@UAE@XZ 10003ff2 f i BumpBar.obj
 0001:000030b0       ??1?$CComObjectCached@VCComClassFactory@ATL@@@ATL@@UAE@XZ 100040b0 f i BumpBar.obj
 0001:000030c6       ??1?$CComObjectRootEx@VCComMultiThreadModel@ATL@@@ATL@@QAE@XZ 100040c6 f i BumpBar.obj
 0001:000030db       ??1CRegObject@ATL@@UAE@XZ  100040db f i BumpBar.obj
 0001:000030fb       ??4?$CComPtr@UIAdviseSink@@@ATL@@QAEPAUIAdviseSink@@PAU2@@Z 100040fb f i BumpBar.obj
 0001:000030fb       ??4?$CComPtr@UIOleClientSite@@@ATL@@QAEPAUIOleClientSite@@PAU2@@Z 100040fb f i BumpBar.obj
 0001:000030fb       ??4?$CComPtr@UIUnknown@@@ATL@@QAEPAUIUnknown@@PAU2@@Z 100040fb f i BumpBar.obj
 0001:0000312f       ??_E?$CComContainedObject@VCOPOSBumpBar@@@ATL@@UAEPAXI@Z 1000412f f i BumpBar.obj
 0001:0000312f       ??_G?$CComContainedObject@VCOPOSBumpBar@@@ATL@@UAEPAXI@Z 1000412f f i BumpBar.obj
 0001:00003154       ??_G?$CComObject@VCOPOSBumpBar@@@ATL@@UAEPAXI@Z 10004154 f i BumpBar.obj
 0001:00003154       ??_E?$CComObject@VCOPOSBumpBar@@@ATL@@UAEPAXI@Z 10004154 f i BumpBar.obj
 0001:00003179       ?Add@?$CSimpleArray@GV?$CSimpleArrayEqualHelper@G@ATL@@@ATL@@QAEHABG@Z 10004179 f i BumpBar.obj
 0001:000031fd       ?Add@?$CSimpleMap@PA_WPA_WVCExpansionVectorEqualHelper@ATL@@@ATL@@QAEHABQA_W0@Z 100041fd f i BumpBar.obj
 0001:00003252       ?Add@CComDynamicUnkArray@ATL@@QAEKPAUIUnknown@@@Z 10004252 f i BumpBar.obj
 0001:00003308       ?Add@CExpansionVector@ATL@@QAEHPB_W0@Z 10004308 f i BumpBar.obj
 0001:00003411       ?AddString@CParseBuffer@CRegParser@ATL@@QAEHPB_W@Z 10004411 f i BumpBar.obj
 0001:00003446       ?AddTermFunc@CAtlModule@ATL@@QAEJP6GXK@ZK@Z 10004446 f i BumpBar.obj
 0001:000034a9       ?AddValue@CRegParser@ATL@@IAEJAAVCRegKey@2@PB_WPA_W@Z 100044a9 f i BumpBar.obj
 0001:000037c3       ?Allocate@?$CAtlSafeAllocBufferManager@VCCRTAllocator@ATL@@@_ATL_SAFE_ALLOCA_IMPL@ATL@@QAEPAXK@Z 100047c3 f i BumpBar.obj
 0001:000037f0       ?Allocate@?$CTempBuffer@E$0BAA@VCCRTAllocator@ATL@@@ATL@@QAEPAEI@Z 100047f0 f i BumpBar.obj
 0001:0000381f       ?Allocate@?$CTempBuffer@_W$0BAA@VCCRTAllocator@ATL@@@ATL@@QAEPA_WI@Z 1000481f f i BumpBar.obj
 0001:0000384e       ?Allocate@?$CTempBuffer@_W$0EAA@VCCRTAllocator@ATL@@@ATL@@QAEPA_WI@Z 1000484e f i BumpBar.obj
 0001:0000387d       ?AllocateHeap@?$CTempBuffer@_W$0BAA@VCCRTAllocator@ATL@@@ATL@@AAEXI@Z 1000487d f i BumpBar.obj
 0001:0000387d       ?AllocateHeap@?$CTempBuffer@_W$0EAA@VCCRTAllocator@ATL@@@ATL@@AAEXI@Z 1000487d f i BumpBar.obj
 0001:0000387d       ?AllocateHeap@?$CTempBuffer@E$0BAA@VCCRTAllocator@ATL@@@ATL@@AAEXI@Z 1000487d f i BumpBar.obj
 0001:000038a2       ?Append@CParseBuffer@CRegParser@ATL@@QAEHPB_WH@Z 100048a2 f i BumpBar.obj
 0001:00003930       ?AtlCoTaskMemCAlloc@ATL@@YAPAXKK@Z 10004930 f i BumpBar.obj
 0001:0000395d       ?AtlCoTaskMemRecalloc@ATL@@YAPAXPAXKK@Z 1000495d f i BumpBar.obj
 0001:0000398d       ?AtlComModuleGetClassObject@ATL@@YGJPAU_ATL_COM_MODULE70@1@ABU_GUID@@1PAPAX@Z 1000498d f i BumpBar.obj
 0001:00003a80       ?AtlComModuleRegisterServer@ATL@@YGJPAU_ATL_COM_MODULE70@1@HPBU_GUID@@@Z 10004a80 f i BumpBar.obj
 0001:00003b08       ?AtlComModuleUnregisterServer@ATL@@YGJPAU_ATL_COM_MODULE70@1@HPBU_GUID@@@Z 10004b08 f i BumpBar.obj
 0001:00003b90       ?AtlComQIPtrAssign2@ATL@@YAXPAPAUIUnknown@@PAU2@ABU_GUID@@@Z 10004b90 f i BumpBar.obj
 0001:00003bbf       ?AtlCreateTargetDC@ATL@@YGPAUHDC__@@PAU2@PAUtagDVTARGETDEVICE@@@Z 10004bbf f i BumpBar.obj
 0001:00003c28       ?AtlCrtErrorCheck@ATL@@YAHH@Z 10004c28 f i BumpBar.obj
 0001:00003c63       ?AtlHiMetricToPixel@ATL@@YGXPBUtagSIZE@@PAU2@@Z 10004c63 f i BumpBar.obj
 0001:00003cd8       ?AtlHresultFromLastError@ATL@@YAJXZ 10004cd8 f i BumpBar.obj
 0001:00003cef       ?AtlHresultFromWin32@ATL@@YAJK@Z 10004cef f i BumpBar.obj
 0001:00003d04       ?AtlInternalOleLoadFromStream@ATL@@YAJPAUIStream@@ABU_GUID@@PAPAXTClassesAllowedInStream@1@K@Z 10004d04 f i BumpBar.obj
 0001:00003e22       ?AtlInternalQueryInterface@ATL@@YGJPAXPBU_ATL_INTMAP_ENTRY@1@ABU_GUID@@PAPAX@Z 10004e22 f i BumpBar.obj
 0001:00003ec5       ?AtlLoadTypeLib@ATL@@YGJPAUHINSTANCE__@@PB_WPAPA_WPAPAUITypeLib@@@Z 10004ec5 f i BumpBar.obj
 0001:000040a3       ?AtlRegisterClassCategoriesHelper@ATL@@YGJABU_GUID@@PBU_ATL_CATMAP_ENTRY@1@H@Z 100050a3 f i BumpBar.obj
 0001:0000439f       ?AtlRegisterTypeLib@ATL@@YGJPAUHINSTANCE__@@PB_W@Z 1000539f f i BumpBar.obj
 0001:00004527       ?AtlThrowImpl@ATL@@YGXJ@Z  10005527 f i BumpBar.obj
 0001:00004545       ?AtlUnRegisterTypeLib@ATL@@YGJPAUHINSTANCE__@@PB_W@Z 10005545 f i BumpBar.obj
 0001:000045f0       ?AtlWinModuleAddCreateWndData@ATL@@YGXPAU_ATL_WIN_MODULE70@1@PAU_AtlCreateWndData@1@PAX@Z 100055f0 f i BumpBar.obj
 0001:00004644       ?AtlWinModuleExtractCreateWndData@ATL@@YGPAXPAU_ATL_WIN_MODULE70@1@@Z 10005644 f i BumpBar.obj
 0001:000046a7       ?AtlWinModuleRegisterClassExW@ATL@@YGGPAU_ATL_WIN_MODULE70@1@PBUtagWNDCLASSEXW@@@Z 100056a7 f i BumpBar.obj
 0001:000046e6       ?CanForceRemoveKey@CRegParser@ATL@@IAEHPB_W@Z 100056e6 f i BumpBar.obj
 0001:00004715       ?ChToByte@CRegParser@ATL@@KAE_W@Z 10005715 f i BumpBar.obj
 0001:00004748       ?Cleanup@CComTypeInfoHolder@ATL@@SGXK@Z 10005748 f i BumpBar.obj
 0001:0000477b       ?ClearReplacements@CExpansionVector@ATL@@QAEJXZ 1000577b f i BumpBar.obj
 0001:000047b8       ?Close@CRegKey@ATL@@QAEJXZ 100057b8 f i BumpBar.obj
 0001:000047d2       ?CreateInstance@?$CComCreator@V?$CComAggObject@VCOPOSBumpBar@@@ATL@@@ATL@@SGJPAXABU_GUID@@PAPAX@Z 100057d2 f i BumpBar.obj
 0001:00004847       ?CreateInstance@?$CComCreator@V?$CComObject@VCOPOSBumpBar@@@ATL@@@ATL@@SGJPAXABU_GUID@@PAPAX@Z 10005847 f i BumpBar.obj
 0001:000048c7       ?CreateInstance@?$CComObject@V?$CComEnum@UIEnumConnectionPoints@@$1?_GUID_b196b285_bab4_101a_b69c_00aa00341d07@@3U__s_GUID@@BPAUIConnectionPoint@@V?$_CopyInterface@UIConnectionPoint@@@ATL@@VCComSingleThreadModel@6@@ATL@@@ATL@@SGJPAPAV12@@Z 100058c7 f i BumpBar.obj
 0001:00004911       ?CreateInstance@?$CComObject@V?$CComEnum@UIEnumConnections@@$1?_GUID_b196b287_bab4_101a_b69c_00aa00341d07@@3U__s_GUID@@BUtagCONNECTDATA@@V?$_Copy@UtagCONNECTDATA@@@ATL@@VCComSingleThreadModel@6@@ATL@@@ATL@@SGJPAPAV12@@Z 10005911 f i BumpBar.obj
 0001:0000495b       ?DefaultReflectionHandler@?$CWindowImplRoot@VCWindow@ATL@@@ATL@@SAHPAUHWND__@@IIJAAJ@Z 1000595b f i BumpBar.obj
 0001:000049ce       ?DeleteSubKey@CRegKey@ATL@@QAEJPB_W@Z 100059ce f i BumpBar.obj
 0001:00004a47       ?DoEvent@COPOSBumpBar@@IAEXIIJ@Z 10005a47 f i BumpBar.obj
 0001:00004ac7       ?DoVerbHide@?$IOleObjectImpl@VCOPOSBumpBar@@@ATL@@QAEJPBUtagRECT@@PAUHWND__@@@Z 10005ac7 f i BumpBar.obj
 0001:00004afd       ?DoVerbInPlaceActivate@?$IOleObjectImpl@VCOPOSBumpBar@@@ATL@@QAEJPBUtagRECT@@PAUHWND__@@@Z 10005afd f i BumpBar.obj
 0001:00004b30       ?DoVerbPrimary@?$IOleObjectImpl@VCOPOSBumpBar@@@ATL@@QAEJPBUtagRECT@@PAUHWND__@@@Z 10005b30 f i BumpBar.obj
 0001:00004bbc       ?DoVerbProperties@CComControlBase@ATL@@QAEJPBUtagRECT@@PAUHWND__@@@Z 10005bbc f i BumpBar.obj
 0001:00004d3b       ?DoVerbUIActivate@?$IOleObjectImpl@VCOPOSBumpBar@@@ATL@@QAEJPBUtagRECT@@PAUHWND__@@@Z 10005d3b f i BumpBar.obj
 0001:00004d78       ?DoesVerbActivate@CComControlBase@ATL@@QAEHJ@Z 10005d78 f i BumpBar.obj
 0001:00004d99       ?DoesVerbUIActivate@CComControlBase@ATL@@QAEHJ@Z 10005d99 f i BumpBar.obj
 0001:00004dce       ?EndOfVar@CRegParser@ATL@@IAEHXZ 10005dce f i BumpBar.obj
 0001:00004dee       ?EscapeSingleQuote@CAtlModule@ATL@@SAXPA_WIPB_W@Z 10005dee f i BumpBar.obj
 0001:00004e3d       ?FindKey@?$CSimpleMap@PA_WPA_WVCExpansionVectorEqualHelper@ATL@@@ATL@@QBEHABQA_W@Z 10005e3d f i BumpBar.obj
 0001:00004e74       ?FireTheEvent@?$CProxy_IOPOSEvents@VCOPOSBumpBar@@@@IAEXPAVOposVariant@@IAAJPB_WJ@Z 10005e74 f i BumpBar.obj
 0001:00004f06       ?FireViewChange@CComControlBase@ATL@@QAEJXZ 10005f06 f i BumpBar.obj
 0001:00004f4f       ?Fire_DataEvent@?$CProxy_IOPOSEvents@VCOPOSBumpBar@@@@QAEXJ@Z 10005f4f f i BumpBar.obj
 0001:00004fe5       ?Fire_DirectIOEvent@?$CProxy_IOPOSEvents@VCOPOSBumpBar@@@@QAEXJPAJPAPA_W@Z 10005fe5 f i BumpBar.obj
 0001:000050d1       ?Fire_ErrorEvent@?$CProxy_IOPOSEvents@VCOPOSBumpBar@@@@QAEXJJJPAJ@Z 100060d1 f i BumpBar.obj
 0001:000051c2       ?Fire_OutputCompleteEvent@?$CProxy_IOPOSEvents@VCOPOSBumpBar@@@@QAEXJ@Z 100061c2 f i BumpBar.obj
 0001:00005258       ?Fire_StatusUpdateEvent@?$CProxy_IOPOSEvents@VCOPOSBumpBar@@@@QAEXJ@Z 10006258 f i BumpBar.obj
 0001:000052ee       ?FreeHeap@?$CTempBuffer@E$0BAA@VCCRTAllocator@ATL@@@ATL@@AAEXXZ 100062ee f i BumpBar.obj
 0001:000052ee       ?FreeHeap@?$CTempBuffer@_W$0BAA@VCCRTAllocator@ATL@@@ATL@@AAEXXZ 100062ee f i BumpBar.obj
 0001:000052ee       ?FreeHeap@?$CTempBuffer@_W$0EAA@VCCRTAllocator@ATL@@@ATL@@AAEXXZ 100062ee f i BumpBar.obj
 0001:000052f7       ?GetAmbientLocaleID@CComControlBase@ATL@@QAEJAAK@Z 100062f7 f i BumpBar.obj
 0001:00005353       ?GetAmbientUserMode@CComControlBase@ATL@@QAEJAAH@Z 10006353 f i BumpBar.obj
 0001:000053c3       ?GetAt@CComDynamicUnkArray@ATL@@QAEPAUIUnknown@@H@Z 100063c3 f i BumpBar.obj
 0001:000053df       ?GetClassObject@CComModule@ATL@@QAEJABU_GUID@@0PAPAX@Z 100063df f i BumpBar.obj
 0001:00005481       ?GetConnMap@COPOSBumpBar@@SAPBU_ATL_CONNMAP_ENTRY@ATL@@PAH@Z 10006481 f i BumpBar.obj
 0001:000054f1       ?GetCookie@CComDynamicUnkArray@ATL@@QAGKPAPAUIUnknown@@@Z 100064f1 f i BumpBar.obj
 0001:00005529       ?GetIDsOfNames@CComTypeInfoHolder@ATL@@QAEJABU_GUID@@PAPA_WIKPAJ@Z 10006529 f i BumpBar.obj
 0001:00005650       ?GetKeyAt@?$CSimpleMap@PA_WPA_WVCExpansionVectorEqualHelper@ATL@@@ATL@@QBEAAPA_WH@Z 10006650 f i BumpBar.obj
 0001:00005675       ?GetPagesHelper@?$ISpecifyPropertyPagesImpl@VCOPOSBumpBar@@@ATL@@IAEJPAUtagCAUUID@@PBUATL_PROPMAP_ENTRY@2@@Z 10006675 f i BumpBar.obj
 0001:0000579c       ?GetProperty@?$CComPtr@UIDispatch@@@ATL@@SAJPAUIDispatch@@JPAUtagVARIANT@@@Z 1000679c f i BumpBar.obj
 0001:000057eb       ?GetSizeMax@CComVariant@ATL@@QBEJPAT_ULARGE_INTEGER@@@Z 100067eb f i BumpBar.obj
 0001:000059ad       ?GetTI@CComTypeInfoHolder@ATL@@QAEJK@Z 100069ad f i BumpBar.obj
 0001:00005b8c       ?GetTI@CComTypeInfoHolder@ATL@@QAEJKPAPAUITypeInfo@@@Z 10006b8c f i BumpBar.obj
 0001:00005bce       ?GetUnknown@CComDynamicUnkArray@ATL@@QAGPAUIUnknown@@K@Z 10006bce f i BumpBar.obj
 0001:00005bef       ?GetValueAt@?$CSimpleMap@PA_WPA_WVCExpansionVectorEqualHelper@ATL@@@ATL@@QBEAAPA_WH@Z 10006bef f i BumpBar.obj
 0001:00005c15       ?GetZoomInfo@CComControlBase@ATL@@QAEXAAUATL_DRAWINFO@@@Z 10006c15 f i BumpBar.obj
 0001:00005ca8       ?HKeyFromString@CRegParser@ATL@@KAPAUHKEY__@@PA_W@Z 10006ca8 f i BumpBar.obj
 0001:00005cd6       ?HasSubKeys@CRegParser@ATL@@IAEHPAUHKEY__@@@Z 10006cd6 f i BumpBar.obj
 0001:00005d0b       ?IDataObject_GetData@CComControlBase@ATL@@QAEJPAUtagFORMATETC@@PAUtagSTGMEDIUM@@@Z 10006d0b f i BumpBar.obj
 0001:00005eb1       ?IOleInPlaceObject_InPlaceDeactivate@CComControlBase@ATL@@QAEJXZ 10006eb1 f i BumpBar.obj
 0001:00005f38       ?IOleInPlaceObject_SetObjectRects@CComControlBase@ATL@@QAEJPBUtagRECT@@0@Z 10006f38 f i BumpBar.obj
 0001:00006005       ?IOleInPlaceObject_UIDeactivate@CComControlBase@ATL@@QAEJXZ 10007005 f i BumpBar.obj
 0001:000060c7       ?IOleObject_Advise@CComControlBase@ATL@@QAEJPAUIAdviseSink@@PAK@Z 100070c7 f i BumpBar.obj
 0001:000060f1       ?IOleObject_Close@CComControlBase@ATL@@QAEJK@Z 100070f1 f i BumpBar.obj
 0001:000061d5       ?IOleObject_GetClientSite@CComControlBase@ATL@@QAEJPAPAUIOleClientSite@@@Z 100071d5 f i BumpBar.obj
 0001:000061fe       ?IOleObject_SetClientSite@CComControlBase@ATL@@QAEJPAUIOleClientSite@@@Z 100071fe f i BumpBar.obj
 0001:0000623d       ?IOleObject_SetExtent@CComControlBase@ATL@@QAEJKPAUtagSIZE@@@Z 1000723d f i BumpBar.obj
 0001:000062f1       ?IPSI_GetIPersistStreamInit@?$IPersistStorageImpl@VCOPOSBumpBar@@@ATL@@AAEPAUIPersistStreamInit@@XZ 100072f1 f i BumpBar.obj
 0001:00006399       ?IPersistStreamInit_Load@?$IPersistStreamInitImpl@VCOPOSBumpBar@@@ATL@@QAEJPAUIStream@@PBUATL_PROPMAP_ENTRY@2@@Z 10007399 f i BumpBar.obj
 0001:0000660e       ?IPersistStreamInit_Save@?$IPersistStreamInitImpl@VCOPOSBumpBar@@@ATL@@QAEJPAUIStream@@HPBUATL_PROPMAP_ENTRY@2@@Z 1000760e f i BumpBar.obj
 0001:000067fc       ?IQuickActivate_QuickActivate@CComControlBase@ATL@@QAEJPAUtagQACONTAINER@@PAUtagQACONTROL@@@Z 100077fc f i BumpBar.obj
 0001:00006a3e       ?IViewObject_Draw@CComControlBase@ATL@@QAEJKJPAXPAUtagDVTARGETDEVICE@@PAUHDC__@@2PBU_RECTL@@3@Z 10007a3e f i BumpBar.obj
 0001:00006ae6       ?InPlaceActivate@CComControlBase@ATL@@QAEJJPBUtagRECT@@@Z 10007ae6 f i BumpBar.obj
 0001:00006d57       ?Init@?$CComEnumImpl@UIEnumConnectionPoints@@$1?_GUID_b196b285_bab4_101a_b69c_00aa00341d07@@3U__s_GUID@@BPAUIConnectionPoint@@V?$_CopyInterface@UIConnectionPoint@@@ATL@@@ATL@@QAEJPAPAUIConnectionPoint@@0PAUIUnknown@@W4CComEnumFlags@2@@Z 10007d57 f i BumpBar.obj
 0001:00006e36       ?Init@?$CComEnumImpl@UIEnumConnections@@$1?_GUID_b196b287_bab4_101a_b69c_00aa00341d07@@3U__s_GUID@@BUtagCONNECTDATA@@V?$_Copy@UtagCONNECTDATA@@@ATL@@@ATL@@QAEJPAUtagCONNECTDATA@@0PAUIUnknown@@W4CComEnumFlags@2@@Z 10007e36 f i BumpBar.obj
 0001:00006f15       ?Init@CComModule@ATL@@QAEJPAU_ATL_OBJMAP_ENTRY30@2@PAUHINSTANCE__@@PBU_GUID@@@Z 10007f15 f i BumpBar.obj
 0001:00006f74       ?Init@CDynamicStdCallThunk2@ATL@@QAEHKPAX@Z 10007f74 f i BumpBar.obj
 0001:00006f9f       ?InlineIsEqualUnknown@ATL@@YGHABU_GUID@@@Z 10007f9f f i BumpBar.obj
 0001:00006fc7       ?InternalSetAtIndex@?$CSimpleMap@PA_WPA_WVCExpansionVectorEqualHelper@ATL@@@ATL@@QAEXHABQA_W0@Z 10007fc7 f i BumpBar.obj
 0001:00006ff1       ?Invoke@CComTypeInfoHolder@ATL@@QAEJPAUIDispatch@@JABU_GUID@@KGPAUtagDISPPARAMS@@PAUtagVARIANT@@PAUtagEXCEPINFO@@PAI@Z 10007ff1 f i BumpBar.obj
 0001:00007034       ?IsEqualObject@?$CComPtrBase@UITypeInfo@@@ATL@@QAE_NPAUIUnknown@@@Z 10008034 f i BumpBar.obj
 0001:00007034       ?IsEqualObject@?$CComPtrBase@UIOleClientSite@@@ATL@@QAE_NPAUIUnknown@@@Z 10008034 f i BumpBar.obj
 0001:000070a1       ?IsSpace@CRegParser@ATL@@IAEH_W@Z 100080a1 f i BumpBar.obj
 0001:000070cb       ?LoadNameCache@CComTypeInfoHolder@ATL@@QAEJPAUITypeInfo@@@Z 100080cb f i BumpBar.obj
 0001:00007200       ?Lookup@?$CSimpleMap@PA_WPA_WVCExpansionVectorEqualHelper@ATL@@@ATL@@QBEPA_WABQA_W@Z 10008200 f i BumpBar.obj
 0001:00007226       ?NextToken@CRegParser@ATL@@IAEJPA_W@Z 10008226 f i BumpBar.obj
 0001:0000735e       ?OnKillFocus@CComControlBase@ATL@@QAEJIIJAAH@Z 1000835e f i BumpBar.obj
 0001:000073b9       ?OnMouseActivate@CComControlBase@ATL@@QAEJIIJAAH@Z 100083b9 f i BumpBar.obj
 0001:00007427       ?OnPaint@CComControlBase@ATL@@QAEJIIJAAH@Z 10008427 f i BumpBar.obj
 0001:000074d9       ?OnSetFocus@CComControlBase@ATL@@QAEJIIJAAH@Z 100084d9 f i BumpBar.obj
 0001:00007562       ?Open@CRegKey@ATL@@QAEJPAUHKEY__@@PB_WK@Z 10008562 f i BumpBar.obj
 0001:000075b7       ?PreProcessBuffer@CRegParser@ATL@@QAEJPA_WPAPA_W@Z 100085b7 f i BumpBar.obj
 0001:00007826       ?ProcessWindowMessage@?$CComControl@VCOPOSBumpBar@@V?$CWindowImpl@VCOPOSBumpBar@@VCWindow@ATL@@V?$CWinTraits@$0FGAAAAAA@$0A@@3@@ATL@@@ATL@@UAEHPAUHWND__@@IIJAAJK@Z 10008826 f i BumpBar.obj
 0001:000078c5       ?ReadFromStream@CComBSTR@ATL@@QAEJPAUIStream@@@Z 100088c5 f i BumpBar.obj
 0001:000079e8       ?ReadFromStream@CComVariant@ATL@@QAEJPAUIStream@@GTClassesAllowedInStream@2@K@Z 100089e8 f i BumpBar.obj
 0001:00007b72       ?RecurseDeleteKey@CRegKey@ATL@@QAEJPB_W@Z 10008b72 f i BumpBar.obj
 0001:00007c60       ?RegCreateKeyExW@CAtlTransactionManager@ATL@@QAEJPAUHKEY__@@PB_WKPA_WKKQAU_SECURITY_ATTRIBUTES@@PAPAU3@PAK@Z 10008c60 f i BumpBar.obj
 0001:00007cc3       ?RegDeleteKeyW@CAtlTransactionManager@ATL@@QAEJPAUHKEY__@@PB_W@Z 10008cc3 f i BumpBar.obj
 0001:00007d15       ?RegOpenKeyExW@CAtlTransactionManager@ATL@@QAEJPAUHKEY__@@PB_WKKPAPAU3@@Z 10008d15 f i BumpBar.obj
 0001:00007d6c       ?Register@_ATL_WNDCLASSINFOW@ATL@@QAEGPAP6GJPAUHWND__@@IIJ@Z@Z 10008d6c f i BumpBar.obj
 0001:00007d8c       ?RegisterBuffer@CRegParser@ATL@@QAEJPA_WH@Z 10008d8c f i BumpBar.obj
 0001:00007ed3       ?RegisterFromResource@CRegObject@ATL@@IAEJPB_W00H@Z 10008ed3 f i BumpBar.obj
 0001:00008009       ?RegisterServer@?$CAtlModuleT@VCComModule@ATL@@@ATL@@QAEJHPBU_GUID@@@Z 10009009 f i BumpBar.obj
 0001:00008037       ?RegisterServer@CComModule@ATL@@QAEJHPBU_GUID@@@Z 10009037 f i BumpBar.obj
 0001:000080ad       ?RegisterSubkeys@CRegParser@ATL@@IAEJPA_WPAUHKEY__@@HH@Z 100090ad f i BumpBar.obj
 0001:0000875a       ?Remove@CComDynamicUnkArray@ATL@@QAEHK@Z 1000975a f i BumpBar.obj
 0001:00008783       ?RemoveAll@?$CSimpleMap@PA_WPA_WVCExpansionVectorEqualHelper@ATL@@@ATL@@QAEXXZ 10009783 f i BumpBar.obj
 0001:000087af       ?ResourceRegisterSz@CRegObject@ATL@@QAGJPB_W00@Z 100097af f i BumpBar.obj
 0001:000087dc       ?ResourceUnregisterSz@CRegObject@ATL@@QAGJPB_W00@Z 100097dc f i BumpBar.obj
 0001:00008809       ?SendOnDataChange@CComControlBase@ATL@@QAEJK@Z 10009809 f i BumpBar.obj
 0001:00008856       ?SetControlFocus@CComControlBase@ATL@@QAEHH@Z 10009856 f i BumpBar.obj
 0001:000088f3       ?SetMultiStringValue@CRegKey@ATL@@QAEJPB_W0@Z 100098f3 f i BumpBar.obj
 0001:0000894f       ?SetStringValue@CRegKey@ATL@@QAEJPB_W0K@Z 1000994f f i BumpBar.obj
 0001:00008998       ?SkipAssignment@CRegParser@ATL@@IAEJPA_W@Z 10009998 f i BumpBar.obj
 0001:000089fd       ?SkipWhiteSpace@CRegParser@ATL@@IAEXXZ 100099fd f i BumpBar.obj
 0001:00008a1f       ?StrChrW@CRegParser@ATL@@KAPA_WPA_W_W@Z 10009a1f f i BumpBar.obj
 0001:00008a5c       ?Term@CAtlModule@ATL@@QAEXXZ 10009a5c f i BumpBar.obj
 0001:00008aaf       ?Term@CComModule@ATL@@QAEXXZ 10009aaf f i BumpBar.obj
 0001:00008b07       ?UnregisterServer@?$CAtlModuleT@VCComModule@ATL@@@ATL@@QAEJHPBU_GUID@@@Z 10009b07 f i BumpBar.obj
 0001:00008b2d       ?UnregisterServer@CComModule@ATL@@QAEJHPBU_GUID@@@Z 10009b2d f i BumpBar.obj
 0001:00008ba3       ?UpdateRegistryFromResource@CAtlModule@ATL@@QAGJIHPAU_ATL_REGMAP_ENTRY@2@@Z 10009ba3 f i BumpBar.obj
 0001:00008d6e       ?UpdateRegistryFromResource@CAtlModule@ATL@@QAGJPB_WHPAU_ATL_REGMAP_ENTRY@2@@Z 10009d6e f i BumpBar.obj
 0001:00008f3f       ?VTFromRegType@CRegParser@ATL@@KAHPB_WAAG@Z 10009f3f f i BumpBar.obj
 0001:00008fac       ?WindowProc@?$CWindowImplBaseT@VCWindow@ATL@@V?$CWinTraits@$0FGAAAAAA@$0A@@2@@ATL@@SGJPAUHWND__@@IIJ@Z 10009fac f i BumpBar.obj
 0001:0000909e       ?WriteToStream@CComBSTR@ATL@@QAEJPAUIStream@@@Z 1000a09e f i BumpBar.obj
 0001:00009100       ?WriteToStream@CComVariant@ATL@@QAEJPAUIStream@@@Z 1000a100 f i BumpBar.obj
 0001:0000927a       ?WriteToStream@CComVariant@ATL@@QAEJPAUIStream@@G@Z 1000a27a f i BumpBar.obj
 0001:000092e3       ?_AtlInitialConstruct@?$CComObjectRootEx@VCComMultiThreadModel@ATL@@@ATL@@QAEJXZ 1000a2e3 f i BumpBar.obj
 0001:000092f8       ?_AtlVerifyStackAvailable@_ATL_SAFE_ALLOCA_IMPL@ATL@@YA_NK@Z 1000a2f8 f i BumpBar.obj
 0001:00009376       ?atlCreate@?$CWindowImpl@VCOPOSBumpBar@@VCWindow@ATL@@V?$CWinTraits@$0FGAAAAAA@$0A@@3@@ATL@@QAEPAUHWND__@@PAU3@V_U_RECT@2@PB_WKKV_U_MENUorID@2@PAX@Z 1000a376 f i BumpBar.obj
 0001:000093ba       ?atlCreate@?$CWindowImplBaseT@VCWindow@ATL@@V?$CWinTraits@$0FGAAAAAA@$0A@@2@@ATL@@QAEPAUHWND__@@PAU3@V_U_RECT@2@PB_WKKV_U_MENUorID@2@GPAX@Z 1000a3ba f i BumpBar.obj
 0001:00009456       ?copy@?$_Copy@UtagCONNECTDATA@@@ATL@@SAJPAUtagCONNECTDATA@@PBU3@@Z 1000a456 f i BumpBar.obj
 0001:0000948c       ?copy@?$_CopyInterface@UIConnectionPoint@@@ATL@@SAJPAPAUIConnectionPoint@@PBQAU3@@Z 1000a48c f i BumpBar.obj
 0001:000094ba       ?memcpy_s@Checked@ATL@@YAXPAXIPBXI@Z 1000a4ba f i BumpBar.obj
 0001:000094d9       ?ocscpy_s@@YA_NPA_WIPB_W@Z 1000a4d9 f i BumpBar.obj
 0001:00009523       ?wcscpy_s@Checked@ATL@@YAXPA_WIPB_W@Z 1000a523 f i BumpBar.obj
 0001:0000953f       _DllCanUnloadNow@0         1000a53f f   BumpBar.obj
 0001:0000954b       _DllGetClassObject@12      1000a54b f   BumpBar.obj
 0001:00009559       _DllMain@12                1000a559 f   BumpBar.obj
 0001:0000959b       _DllRegisterServer@0       1000a59b f   BumpBar.obj
 0001:000095aa       _DllUnregisterServer@0     1000a5aa f   BumpBar.obj
 0001:000095b9       _InlineIsEqualGUID         1000a5b9 f i BumpBar.obj
 0001:000095e9       ___local_stdio_printf_options 1000a5e9 f i BumpBar.obj
 0001:000095ef       __vswprintf_s_l            1000a5ef f i BumpBar.obj
 0001:0000969c       _swprintf_s                1000a69c f i BumpBar.obj
 0001:000096b8       ??0?$CComControl@VCOPOSBumpBar@@V?$CWindowImpl@VCOPOSBumpBar@@VCWindow@ATL@@V?$CWinTraits@$0FGAAAAAA@$0A@@3@@ATL@@@ATL@@QAE@XZ 1000a6b8 f i BumpBarImpl.obj
 0001:000096df       ??0?$CProxy_IOPOSEvents@VCOPOSBumpBar@@@@QAE@XZ 1000a6df f i BumpBarImpl.obj
 0001:00009702       ??0CComControlBase@ATL@@QAE@AAPAUHWND__@@@Z 1000a702 f i BumpBarImpl.obj
 0001:0000974c       ??0COPOSBumpBar@@QAE@XZ    1000a74c f   BumpBarImpl.obj
 0001:00009782       ??1?$CComControl@VCOPOSBumpBar@@V?$CWindowImpl@VCOPOSBumpBar@@VCWindow@ATL@@V?$CWinTraits@$0FGAAAAAA@$0A@@3@@ATL@@@ATL@@UAE@XZ 1000a782 f i BumpBarImpl.obj
 0001:0000979b       ??1?$IConnectionPointImpl@VCOPOSBumpBar@@$1?DIID__IOPOSBumpBarEvents@@3U_GUID@@BVCComDynamicUnkArray@ATL@@@ATL@@QAE@XZ 1000a79b f i BumpBarImpl.obj
 0001:0000979b       ??1?$IConnectionPointImpl@VCOPOSBumpBar@@$1?IID_IPropertyNotifySink@@3U_GUID@@BVCComDynamicUnkArray@ATL@@@ATL@@QAE@XZ 1000a79b f i BumpBarImpl.obj
 0001:000097d8       ??1CComControlBase@ATL@@UAE@XZ 1000a7d8 f i BumpBarImpl.obj
 0001:0000983b       ??1COPOSBumpBar@@UAE@XZ    1000a83b f   BumpBarImpl.obj
 0001:00009883       ?BumpBarSound@COPOSBumpBar@@UAGJJJJJJPAJ@Z 1000a883 f   BumpBarImpl.obj
 0001:0000992f       ?CheckHealth@COPOSBumpBar@@UAGJJPAJ@Z 1000a92f f   BumpBarImpl.obj
 0001:0000997e       ?ClaimDevice@COPOSBumpBar@@UAGJJPAJ@Z 1000a97e f   BumpBarImpl.obj
 0001:000099f3       ?ClearInput@COPOSBumpBar@@UAGJPAJ@Z 1000a9f3 f   BumpBarImpl.obj
 0001:00009a0e       ?ClearOutput@COPOSBumpBar@@UAGJPAJ@Z 1000aa0e f   BumpBarImpl.obj
 0001:00009a29       ?Close@COPOSBumpBar@@UAGJPAJ@Z 1000aa29 f   BumpBarImpl.obj
 0001:00009a97       ?CompareFirmwareVersion@COPOSBumpBar@@UAGJPA_WPAJ1@Z 1000aa97 f   BumpBarImpl.obj
 0001:00009b17       ?DirectIO@COPOSBumpBar@@UAGJJPAJPAPA_W0@Z 1000ab17 f   BumpBarImpl.obj
 0001:00009bc5       ?DoInvoke@COPOSBumpBar@@IAEJJPAVOposVariant@@IHPAJ_N@Z 1000abc5 f   BumpBarImpl.obj
 0001:00009ca1       ?EventClose@COPOSBumpBar@@IAEXXZ 1000aca1 f i BumpBarImpl.obj
 0001:00009cd4       ?EventInit@COPOSBumpBar@@IAEJXZ 1000acd4 f i BumpBarImpl.obj
 0001:00009da0       ?EventUninit@COPOSBumpBar@@IAEXXZ 1000ada0 f i BumpBarImpl.obj
 0001:00009df2       ?EventWindowProc@COPOSBumpBar@@IAGJIIJ@Z 1000adf2 f i BumpBarImpl.obj
 0001:00009ef0       ?FinalConstruct@COPOSBumpBar@@QAEJXZ 1000aef0 f   BumpBarImpl.obj
 0001:00009f29       ?FireEventCleanup@COPOSBumpBar@@IAEXXZ 1000af29 f i BumpBarImpl.obj
 0001:00009f3f       ?FireEventSetup@COPOSBumpBar@@IAE_NXZ 1000af3f f i BumpBarImpl.obj
 0001:00009f73       ?FreezeEvents@COPOSBumpBar@@MAGJH@Z 1000af73 f   BumpBarImpl.obj
 0001:00009fd3       ?GetOposProp@COPOSBumpBar@@IAEJJPAFJ@Z 1000afd3 f   BumpBarImpl.obj
 0001:00009ff6       ?GetOposProp@COPOSBumpBar@@IAEJJPAJJ@Z 1000aff6 f   BumpBarImpl.obj
 0001:0000a0c5       ?GetOposProp@COPOSBumpBar@@IAEJJPAPA_WJ@Z 1000b0c5 f   BumpBarImpl.obj
 0001:0000a1a1       ?OnDraw@COPOSBumpBar@@MAEJAAUATL_DRAWINFO@@@Z 1000b1a1 f   BumpBarImpl.obj
 0001:0000a241       ?Open@COPOSBumpBar@@UAGJPA_WPAJ@Z 1000b241 f   BumpBarImpl.obj
 0001:0000aa87       ?ReleaseDevice@COPOSBumpBar@@UAGJPAJ@Z 1000ba87 f   BumpBarImpl.obj
 0001:0000aad6       ?ResetStatistics@COPOSBumpBar@@UAGJPA_WPAJ@Z 1000bad6 f   BumpBarImpl.obj
 0001:0000ab2d       ?RetrieveStatistics@COPOSBumpBar@@UAGJPAPA_WPAJ@Z 1000bb2d f   BumpBarImpl.obj
 0001:0000ab84       ?SOProcessID@COPOSBumpBar@@UAGJPAJ@Z 1000bb84 f   BumpBarImpl.obj
 0001:0000ab98       ?SetCOFreezeEvents@COPOSBumpBar@@IAEXF@Z 1000bb98 f   BumpBarImpl.obj
 0001:0000ac38       ?SetKeyTranslation@COPOSBumpBar@@UAGJJJJPAJ@Z 1000bc38 f   BumpBarImpl.obj
 0001:0000acce       ?SetOposProp@COPOSBumpBar@@IAEJJJJ@Z 1000bcce f   BumpBarImpl.obj
 0001:0000adc5       ?UpdateFirmware@COPOSBumpBar@@UAGJPA_WPAJ@Z 1000bdc5 f   BumpBarImpl.obj
 0001:0000ae1c       ?UpdateStatistics@COPOSBumpBar@@UAGJPA_WPAJ@Z 1000be1c f   BumpBarImpl.obj
 0001:0000ae73       ?get_AsyncMode@COPOSBumpBar@@UAGJPAF@Z 1000be73 f   BumpBarImpl.obj
 0001:0000ae8c       ?get_AutoToneDuration@COPOSBumpBar@@UAGJPAJ@Z 1000be8c f   BumpBarImpl.obj
 0001:0000aea5       ?get_AutoToneFrequency@COPOSBumpBar@@UAGJPAJ@Z 1000bea5 f   BumpBarImpl.obj
 0001:0000aebe       ?get_BinaryConversion@COPOSBumpBar@@UAGJPAJ@Z 1000bebe f   BumpBarImpl.obj
 0001:0000aed4       ?get_BumpBarDataCount@COPOSBumpBar@@UAGJPAJ@Z 1000bed4 f   BumpBarImpl.obj
 0001:0000aeed       ?get_CapCompareFirmwareVersion@COPOSBumpBar@@UAGJPAF@Z 1000beed f   BumpBarImpl.obj
 0001:0000af06       ?get_CapPowerReporting@COPOSBumpBar@@UAGJPAJ@Z 1000bf06 f   BumpBarImpl.obj
 0001:0000af1f       ?get_CapStatisticsReporting@COPOSBumpBar@@UAGJPAF@Z 1000bf1f f   BumpBarImpl.obj
 0001:0000af38       ?get_CapTone@COPOSBumpBar@@UAGJPAF@Z 1000bf38 f   BumpBarImpl.obj
 0001:0000af51       ?get_CapUpdateFirmware@COPOSBumpBar@@UAGJPAF@Z 1000bf51 f   BumpBarImpl.obj
 0001:0000af6a       ?get_CapUpdateStatistics@COPOSBumpBar@@UAGJPAF@Z 1000bf6a f   BumpBarImpl.obj
 0001:0000af83       ?get_CheckHealthText@COPOSBumpBar@@UAGJPAPA_W@Z 1000bf83 f   BumpBarImpl.obj
 0001:0000af9c       ?get_Claimed@COPOSBumpBar@@UAGJPAF@Z 1000bf9c f   BumpBarImpl.obj
 0001:0000afb2       ?get_ControlObjectDescription@COPOSBumpBar@@UAGJPAPA_W@Z 1000bfb2 f   BumpBarImpl.obj
 0001:0000b000       ?get_ControlObjectVersion@COPOSBumpBar@@UAGJPAJ@Z 1000c000 f   BumpBarImpl.obj
 0001:0000b013       ?get_CurrentUnitID@COPOSBumpBar@@UAGJPAJ@Z 1000c013 f   BumpBarImpl.obj
 0001:0000b02c       ?get_DataCount@COPOSBumpBar@@UAGJPAJ@Z 1000c02c f   BumpBarImpl.obj
 0001:0000b042       ?get_DataEventEnabled@COPOSBumpBar@@UAGJPAF@Z 1000c042 f   BumpBarImpl.obj
 0001:0000b058       ?get_DeviceDescription@COPOSBumpBar@@UAGJPAPA_W@Z 1000c058 f   BumpBarImpl.obj
 0001:0000b071       ?get_DeviceEnabled@COPOSBumpBar@@UAGJPAF@Z 1000c071 f   BumpBarImpl.obj
 0001:0000b087       ?get_DeviceName@COPOSBumpBar@@UAGJPAPA_W@Z 1000c087 f   BumpBarImpl.obj
 0001:0000b0a0       ?get_ErrorString@COPOSBumpBar@@UAGJPAPA_W@Z 1000c0a0 f   BumpBarImpl.obj
 0001:0000b0b9       ?get_ErrorUnits@COPOSBumpBar@@UAGJPAJ@Z 1000c0b9 f   BumpBarImpl.obj
 0001:0000b0d2       ?get_EventString@COPOSBumpBar@@UAGJPAPA_W@Z 1000c0d2 f   BumpBarImpl.obj
 0001:0000b0eb       ?get_EventUnitID@COPOSBumpBar@@UAGJPAJ@Z 1000c0eb f   BumpBarImpl.obj
 0001:0000b104       ?get_EventUnits@COPOSBumpBar@@UAGJPAJ@Z 1000c104 f   BumpBarImpl.obj
 0001:0000b11d       ?get_FreezeEvents@COPOSBumpBar@@UAGJPAF@Z 1000c11d f   BumpBarImpl.obj
 0001:0000b133       ?get_Keys@COPOSBumpBar@@UAGJPAJ@Z 1000c133 f   BumpBarImpl.obj
 0001:0000b14c       ?get_OpenResult@COPOSBumpBar@@UAGJPAJ@Z 1000c14c f   BumpBarImpl.obj
 0001:0000b163       ?get_OutputID@COPOSBumpBar@@UAGJPAJ@Z 1000c163 f   BumpBarImpl.obj
 0001:0000b179       ?get_PowerNotify@COPOSBumpBar@@UAGJPAJ@Z 1000c179 f   BumpBarImpl.obj
 0001:0000b18f       ?get_PowerState@COPOSBumpBar@@UAGJPAJ@Z 1000c18f f   BumpBarImpl.obj
 0001:0000b1a5       ?get_ResultCode@COPOSBumpBar@@UAGJPAJ@Z 1000c1a5 f   BumpBarImpl.obj
 0001:0000b1e3       ?get_ResultCodeExtended@COPOSBumpBar@@UAGJPAJ@Z 1000c1e3 f   BumpBarImpl.obj
 0001:0000b1f9       ?get_ServiceObjectDescription@COPOSBumpBar@@UAGJPAPA_W@Z 1000c1f9 f   BumpBarImpl.obj
 0001:0000b212       ?get_ServiceObjectVersion@COPOSBumpBar@@UAGJPAJ@Z 1000c212 f   BumpBarImpl.obj
 0001:0000b228       ?get_State@COPOSBumpBar@@UAGJPAJ@Z 1000c228 f   BumpBarImpl.obj
 0001:0000b254       ?get_Timeout@COPOSBumpBar@@UAGJPAJ@Z 1000c254 f   BumpBarImpl.obj
 0001:0000b26d       ?get_UnitsOnline@COPOSBumpBar@@UAGJPAJ@Z 1000c26d f   BumpBarImpl.obj
 0001:0000b286       ?put_AsyncMode@COPOSBumpBar@@UAGJF@Z 1000c286 f   BumpBarImpl.obj
 0001:0000b2a6       ?put_AutoToneDuration@COPOSBumpBar@@UAGJJ@Z 1000c2a6 f   BumpBarImpl.obj
 0001:0000b2bf       ?put_AutoToneFrequency@COPOSBumpBar@@UAGJJ@Z 1000c2bf f   BumpBarImpl.obj
 0001:0000b2d8       ?put_BinaryConversion@COPOSBumpBar@@UAGJJ@Z 1000c2d8 f   BumpBarImpl.obj
 0001:0000b2ee       ?put_CurrentUnitID@COPOSBumpBar@@UAGJJ@Z 1000c2ee f   BumpBarImpl.obj
 0001:0000b307       ?put_DataEventEnabled@COPOSBumpBar@@UAGJF@Z 1000c307 f   BumpBarImpl.obj
 0001:0000b324       ?put_DeviceEnabled@COPOSBumpBar@@UAGJF@Z 1000c324 f   BumpBarImpl.obj
 0001:0000b341       ?put_FreezeEvents@COPOSBumpBar@@UAGJF@Z 1000c341 f   BumpBarImpl.obj
 0001:0000b38d       ?put_PowerNotify@COPOSBumpBar@@UAGJJ@Z 1000c38d f   BumpBarImpl.obj
 0001:0000b3a3       ?put_Timeout@COPOSBumpBar@@UAGJJ@Z 1000c3a3 f   BumpBarImpl.obj
 0001:0000b3bc       ?s_EventWindowProc@COPOSBumpBar@@KGJPAUHWND__@@IIJ@Z 1000c3bc f i BumpBarImpl.obj
 0001:0000b40e       ??_U@YAPAXI@Z              1000c40e f   LIBCMT:new_array.obj
 0001:0000b417       ??3@YAXPAXI@Z              1000c417 f   LIBCMT:delete_scalar_size.obj
 0001:0000b425       ??_V@YAXPAX@Z              1000c425 f   LIBCMT:delete_array.obj
 0001:0000b42a       ??_V@YAXPAXI@Z             1000c42a f   LIBCMT:delete_array_size.obj
 0001:0000b47c       ___scrt_acquire_startup_lock 1000c47c f   LIBCMT:utility.obj
 0001:0000b4ae       ___scrt_dllmain_after_initialize_c 1000c4ae f   LIBCMT:utility.obj
 0001:0000b4d9       ___scrt_dllmain_before_initialize_c 1000c4d9 f   LIBCMT:utility.obj
 0001:0000b4e7       ___scrt_dllmain_crt_thread_attach 1000c4e7 f   LIBCMT:utility.obj
 0001:0000b506       ___scrt_dllmain_crt_thread_detach 1000c506 f   LIBCMT:utility.obj
 0001:0000b513       ___scrt_dllmain_exception_filter 1000c513 f   LIBCMT:utility.obj
 0001:0000b547       ___scrt_dllmain_uninitialize_c 1000c547 f   LIBCMT:utility.obj
 0001:0000b56a       ___scrt_dllmain_uninitialize_critical 1000c56a f   LIBCMT:utility.obj
 0001:0000b577       ___scrt_initialize_crt     1000c577 f   LIBCMT:utility.obj
 0001:0000b5b0       ___scrt_initialize_onexit_tables 1000c5b0 f   LIBCMT:utility.obj
 0001:0000b637       ___scrt_is_nonwritable_in_current_image 1000c637 f   LIBCMT:utility.obj
 0001:0000b6cb       ___scrt_release_startup_lock 1000c6cb f   LIBCMT:utility.obj
 0001:0000b6e8       ___scrt_uninitialize_crt   1000c6e8 f   LIBCMT:utility.obj
 0001:0000b710       __onexit                   1000c710 f   LIBCMT:utility.obj
 0001:0000b73d       _atexit                    1000c73d f   LIBCMT:utility.obj
 0001:0000b752       ??3@YAXPAX@Z               1000c752 f   LIBCMT:delete_scalar.obj
 0001:0000b81c       __Init_thread_footer       1000c81c f   LIBCMT:thread_safe_statics.obj
 0001:0000b866       __Init_thread_header       1000c866 f   LIBCMT:thread_safe_statics.obj
 0001:0000b8b8       __Init_thread_notify       1000c8b8 f   LIBCMT:thread_safe_statics.obj
 0001:0000b8ee       __Init_thread_wait         1000c8ee f   LIBCMT:thread_safe_statics.obj
 0001:0000b93c       ___raise_securityfailure   1000c93c f   LIBCMT:gs_report.obj
 0001:0000b964       ___report_gsfailure        1000c964 f   LIBCMT:gs_report.obj
 0001:0000ba5d       ___report_rangecheckfailure 1000ca5d f   LIBCMT:gs_report.obj
 0001:0000ba69       ___report_securityfailure  1000ca69 f   LIBCMT:gs_report.obj
 0001:0000bb37       ??2@YAPAXIABUnothrow_t@std@@@Z 1000cb37 f   LIBCMT:new_scalar_nothrow.obj
 0001:0000bb87       ??_U@YAPAXIABUnothrow_t@std@@@Z 1000cb87 f   LIBCMT:new_array_nothrow.obj
 0001:0000bb90       @__security_check_cookie@4 1000cb90 f   LIBCMT:secchk.obj
 0001:0000bbb0       __SEH_prolog4_GS           1000cbb0 f   LIBCMT:sehprolg4gs.obj
 0001:0000bbf9       __SEH_epilog4_GS           1000cbf9 f   LIBCMT:sehprolg4gs.obj
 0001:0000bc10       __alloca_probe_16          1000cc10 f   LIBCMT:alloca16.obj
 0001:0000bc26       __alloca_probe_8           1000cc26     LIBCMT:alloca16.obj
 0001:0000bc40       __alloca_probe             1000cc40 f   LIBCMT:chkstk.obj
 0001:0000bc40       __chkstk                   1000cc40 f   LIBCMT:chkstk.obj
 0001:0000bfad       __DllMainCRTStartup@12     1000cfad f   LIBCMT:dll_dllmain.obj
 0001:0000bfd0       ??2@YAPAXI@Z               1000cfd0 f   LIBCMT:new_scalar.obj
 0001:0000c000       ___isa_available_init      1000d000 f   LIBCMT:cpu_disp.obj
 0001:0000c1d0       ___scrt_is_ucrt_dll_in_use 1000d1d0 f   LIBCMT:ucrt_detection.obj
 0001:0000c1dc       ___scrt_fastfail           1000d1dc f   LIBCMT:utility_desktop.obj
 0001:0000c2f6       __crt_debugger_hook        1000d2f6 f   LIBCMT:utility_desktop.obj
 0001:0000c300       __SEH_prolog4              1000d300 f   LIBCMT:sehprolg4.obj
 0001:0000c346       __SEH_epilog4              1000d346 f   LIBCMT:sehprolg4.obj
 0001:0000c35b       @_guard_check_icall_nop@4  1000d35b f i LIBCMT:guard_support.obj
 0001:0000c3a9       ___security_init_cookie    1000d3a9 f   LIBCMT:gs_support.obj
 0001:0000c3f4       ?__scrt_initialize_type_info@@YAXXZ 1000d3f4 f   LIBCMT:tncleanup.obj
 0001:0000c400       ?__scrt_uninitialize_type_info@@YAXXZ 1000d400 f   LIBCMT:tncleanup.obj
 0001:0000c40c       ___local_stdio_scanf_options 1000d40c f i LIBCMT:default_local_stdio_options.obj
 0001:0000c412       ___scrt_initialize_default_local_stdio_options 1000d412 f   LIBCMT:default_local_stdio_options.obj
 0001:0000c42f       ___scrt_get_dyn_tls_init_callback 1000d42f f   LIBCMT:dyn_tls_init.obj
 0001:0000c435       __RTC_Initialize           1000d435 f   LIBCMT:initsect.obj
 0001:0000c461       __RTC_Terminate            1000d461 f   LIBCMT:initsect.obj
 0001:0000c48d       ??0bad_alloc@std@@QAE@ABV01@@Z 1000d48d f i LIBCMT:throw_bad_alloc.obj
 0001:0000c4a8       ??0bad_alloc@std@@QAE@XZ   1000d4a8 f i LIBCMT:throw_bad_alloc.obj
 0001:0000c4c0       ??0bad_array_new_length@std@@QAE@ABV01@@Z 1000d4c0 f i LIBCMT:throw_bad_alloc.obj
 0001:0000c4db       ??0bad_array_new_length@std@@QAE@XZ 1000d4db f i LIBCMT:throw_bad_alloc.obj
 0001:0000c4f3       ??0exception@std@@QAE@ABV01@@Z 1000d4f3 f i LIBCMT:throw_bad_alloc.obj
 0001:0000c51f       ??1bad_alloc@std@@UAE@XZ   1000d51f f i LIBCMT:throw_bad_alloc.obj
 0001:0000c51f       ??1bad_exception@std@@UAE@XZ 1000d51f f i libvcruntime:frame.obj
 0001:0000c51f       ??1bad_array_new_length@std@@UAE@XZ 1000d51f f i LIBCMT:throw_bad_alloc.obj
 0001:0000c530       ??_Gbad_exception@std@@UAEPAXI@Z 1000d530 f i libvcruntime:frame.obj
 0001:0000c530       ??_Ebad_exception@std@@UAEPAXI@Z 1000d530 f i libvcruntime:frame.obj
 0001:0000c530       ??_Gbad_alloc@std@@UAEPAXI@Z 1000d530 f i LIBCMT:throw_bad_alloc.obj
 0001:0000c530       ??_Eexception@std@@UAEPAXI@Z 1000d530 f i LIBCMT:throw_bad_alloc.obj
 0001:0000c530       ??_Ebad_alloc@std@@UAEPAXI@Z 1000d530 f i LIBCMT:throw_bad_alloc.obj
 0001:0000c530       ??_Ebad_array_new_length@std@@UAEPAXI@Z 1000d530 f i LIBCMT:throw_bad_alloc.obj
 0001:0000c530       ??_Gexception@std@@UAEPAXI@Z 1000d530 f i LIBCMT:throw_bad_alloc.obj
[...]
 0002:000030d0       ?strings@?1??fp_format_nan_or_infinity@@YAHW4__acrt_fp_class@@_NPADI1@Z@4QAY03QBDA 100230d0     libucrt:cvt.obj
 0002:00003618       ?_mb_locale_names@@3QBQB_WB 10023618     libucrt:mbctype.obj
 0002:00003e60       ?LcidToLocaleNameTable@?A0x881e4c05@@3QBULcidToLocaleName@1@B 10023e60     libucrt:lcidtoname_downlevel.obj
 0002:00004f88       ?LocaleNameToIndexTable@?A0x881e4c05@@3QBULocaleNameIndex@1@B 10024f88     libucrt:lcidtoname_downlevel.obj
 0002:000068c0       LOG_name                   100268c0     libucrt:log10_impl.obj
 0002:000068d0       _One                       100268d0     libucrt:ceil_pentium4.obj
 0002:000068e0       _Bns                       100268e0     libucrt:ceil_pentium4.obj
 0002:000068f0       _Zero                      100268f0     libucrt:ceil_pentium4.obj
 0002:00006900       _S                         10026900     libucrt:ceil_pentium4.obj
 0002:00006910       _NegZero                   10026910     libucrt:ceil_pentium4.obj
 0002:00006920       emask                      10026920     libucrt:log10_pentium4.obj
 0002:00006930       CC                         10026930     libucrt:log10_pentium4.obj
 0002:00006940       Magic                      10026940     libucrt:log10_pentium4.obj
 0002:00006950       hi_mask                    10026950     libucrt:log10_pentium4.obj
 0002:00006960       LOG10_2                    10026960     libucrt:log10_pentium4.obj
 0002:00006970       place_L                    10026970     libucrt:log10_pentium4.obj
 0002:00006990       One                        10026990     libucrt:log10_pentium4.obj
 0002:000069a0       Zero                       100269a0     libucrt:log10_pentium4.obj
 0002:000069b0       Two52                      100269b0     libucrt:log10_pentium4.obj
 0002:000069c0       Infs                       100269c0     libucrt:log10_pentium4.obj
 0002:000069d0       NaN                        100269d0     libucrt:log10_pentium4.obj
 0002:000069e0       coeff                      100269e0     libucrt:log10_pentium4.obj
 0002:00006a3e       _log2max                   10026a3e     libucrt:87tran.obj
 0002:00006a48       _smallarg                  10026a48     libucrt:87tran.obj
 0002:00006a52       _half                      10026a52     libucrt:87tran.obj
 0002:00006a9e       One                        10026a9e     libucrt:87disp.obj
 0002:00006aa6       Three                      10026aa6     libucrt:87disp.obj
 0002:00006aae       XAMtoTagTab                10026aae     libucrt:87disp.obj
 0002:00006ac0       One                        10026ac0     libucrt:common.obj
 0002:00006ad4       DblMax                     10026ad4     libucrt:common.obj
 0002:00006adc       DblMin                     10026adc     libucrt:common.obj
 0002:00006ae4       IeeeAdjO                   10026ae4     libucrt:common.obj
 0002:00006aec       IeeeAdjU                   10026aec     libucrt:common.obj
 0002:00006af4       _infinity                  10026af4     libucrt:common.obj
 0002:00006afc       _zero                      10026afc     libucrt:common.obj
 0002:00006b48       _over                      10026b48     libucrt:fpctrl.obj
 0002:00006b54       _under                     10026b54     libucrt:fpctrl.obj
 0002:00007388       ?_names@?1??_get_fname@@9@9 10027388     libucrt:fpexcept.obj
 0002:00007530       two32                      10027530     LIBCMT:ftol2.obj
 0002:00007534       two63                      10027534     LIBCMT:ftol2.obj
 0002:00007538       _NaN                       10027538     LIBCMT:ftol2.obj
 0002:00007bf0       __sehtable$?_AtlVerifyStackAvailable@_ATL_SAFE_ALLOCA_IMPL@ATL@@YA_NK@Z 10027bf0     BumpBar.obj
 0002:00007c10       __sehtable$___scrt_is_nonwritable_in_current_image 10027c10     LIBCMT:utility.obj
 0002:00007c2c       __catchsym$??2@YAPAXIABUnothrow_t@std@@@Z$2 10027c2c     LIBCMT:new_scalar_nothrow.obj
 0002:00007c3c       __unwindtable$??2@YAPAXIABUnothrow_t@std@@@Z 10027c3c     LIBCMT:new_scalar_nothrow.obj
 0002:00007c4c       __tryblocktable$??2@YAPAXIABUnothrow_t@std@@@Z 10027c4c     LIBCMT:new_scalar_nothrow.obj
 0002:00007c60       __ehfuncinfo$??2@YAPAXIABUnothrow_t@std@@@Z 10027c60     LIBCMT:new_scalar_nothrow.obj
 0002:00007c88       __sehtable$?dllmain_crt_process_attach@@YAHQAUHINSTANCE__@@QAX@Z 10027c88     LIBCMT:dll_dllmain.obj
 0002:00007ca8       __sehtable$?dllmain_crt_process_detach@@YAH_N@Z 10027ca8     LIBCMT:dll_dllmain.obj
 0002:00007cd0       __sehtable$?dllmain_dispatch@@YAHQAUHINSTANCE__@@KQAX@Z 10027cd0     LIBCMT:dll_dllmain.obj
 0002:00007d80       __sehtable$___DestructExceptionObject 10027d80     libvcruntime:ehhelpers.obj
 0002:00007da0       __sehtable$?FrameUnwindToState@__FrameHandler3@@SAXPAUEHRegistrationNode@@PAXPBU_s_FuncInfo@@H@Z 10027da0     libvcruntime:frame.obj
 0002:00007dc8       __sehtable$?CallCatchBlock@@YAPAXPAUEHExceptionRecord@@PAUEHRegistrationNode@@PAU_CONTEXT@@PBU_s_FuncInfo@@PAXHK@Z 10027dc8     libvcruntime:frame.obj
 0002:00007df0       __catchsym$?CallUnexpected@@YAXPBU_s_ESTypeList@@@Z$2 10027df0     libvcruntime:frame.obj
 0002:00007e00       __unwindtable$?CallUnexpected@@YAXPBU_s_ESTypeList@@@Z 10027e00     libvcruntime:frame.obj
 0002:00007e10       __tryblocktable$?CallUnexpected@@YAXPBU_s_ESTypeList@@@Z 10027e10     libvcruntime:frame.obj
 0002:00007e24       __ehfuncinfo$?CallUnexpected@@YAXPBU_s_ESTypeList@@@Z 10027e24     libvcruntime:frame.obj
 0002:00007e48       __sehtable$??$BuildCatchObjectHelperInternal@V__FrameHandler3@@@@YAHPAUEHExceptionRecord@@PAXPBU_s_HandlerType@@PBU_s_CatchableType@@@Z 10027e48     libvcruntime:frame.obj
 0002:00007e68       __sehtable$??$BuildCatchObjectInternal@V__FrameHandler3@@@@YAXPAUEHExceptionRecord@@PAXPBU_s_HandlerType@@PBU_s_CatchableType@@@Z 10027e68     libvcruntime:frame.obj
 0002:00007ec0       __sehtable$??R<lambda_6e4b09c48022b2350581041d5f6b0c4c>@@QBE@XZ 10027ec0     libucrt:exit.obj
 0002:00007ee0       __sehtable$??$?RV<lambda_03b1d95aef87969028cfba75ccab2455>@@AAV<lambda_6e4b09c48022b2350581041d5f6b0c4c>@@V<lambda_22bdf7517842c4b3e53723af5aa32b9e>@@@?$__crt_seh_guarded_call@X@@QAEX$$QAV<lambda_03b1d95aef87969028cfba75ccab2455>@@AAV<lambda_6e4b09c48022b2350581041d5f6b0c4c>@@$$QAV<lambda_22bdf7517842c4b3e53723af5aa32b9e>@@@Z 10027ee0     libucrt:exit.obj
 0002:00007f00       __sehtable$??$?RV<lambda_8e746cf0007f6ed984d6f78af1fec997>@@AAV<lambda_22ebabd17bc4fa466a2aca6d8deb888d>@@V<lambda_18ed0c0b38a6dc0daf1e7ac6d6adf05e>@@@?$__crt_seh_guarded_call@H@@QAEH$$QAV<lambda_8e746cf0007f6ed984d6f78af1fec997>@@AAV<lambda_22ebabd17bc4fa466a2aca6d8deb888d>@@$$QAV<lambda_18ed0c0b38a6dc0daf1e7ac6d6adf05e>@@@Z 10027f00     libucrt:onexit.obj
 0002:00007f20       __sehtable$??$?RV<lambda_69a2805e680e0e292e8ba93315fe43a8>@@AAV<lambda_f03950bc5685219e0bcd2087efbe011e>@@V<lambda_03fcd07e894ec930e3f35da366ca99d6>@@@?$__crt_seh_guarded_call@H@@QAEH$$QAV<lambda_69a2805e680e0e292e8ba93315fe43a8>@@AAV<lambda_f03950bc5685219e0bcd2087efbe011e>@@$$QAV<lambda_03fcd07e894ec930e3f35da366ca99d6>@@@Z 10027f20     libucrt:onexit.obj
 0002:00007f40       __sehtable$__query_new_handler 10027f40     libucrt:new_handler.obj
 0002:00007f60       __sehtable$_terminate      10027f60     libucrt:terminate.obj
 0002:00007f80       __sehtable$??$?RV<lambda_15ade71b0218206bbe3333a0c9b79046>@@AAV<lambda_da44e0f8b0f19ba52fefafb335991732>@@V<lambda_207f2d024fc103971653565357d6cd41>@@@?$__crt_seh_guarded_call@X@@QAEX$$QAV<lambda_15ade71b0218206bbe3333a0c9b79046>@@AAV<lambda_da44e0f8b0f19ba52fefafb335991732>@@$$QAV<lambda_207f2d024fc103971653565357d6cd41>@@@Z 10027f80     libucrt:per_thread_data.obj
 0002:00007fa0       __sehtable$??$?RV<lambda_a7e850c220f1c8d1e6efeecdedd162c6>@@AAV<lambda_46720907175c18b6c9d2717bc0d2d362>@@V<lambda_9048902d66e8d99359bc9897bbb930a8>@@@?$__crt_seh_guarded_call@X@@QAEX$$QAV<lambda_a7e850c220f1c8d1e6efeecdedd162c6>@@AAV<lambda_46720907175c18b6c9d2717bc0d2d362>@@$$QAV<lambda_9048902d66e8d99359bc9897bbb930a8>@@@Z 10027fa0     libucrt:per_thread_data.obj
 0002:00007fc0       __sehtable$??$?RV<lambda_38edbb1296d33220d7e4dd0ed76b244a>@@AAV<lambda_5ce1d447e08cb34b2473517608e21441>@@V<lambda_fb385d3da700c9147fc39e65dd577a8c>@@@?$__crt_seh_guarded_call@X@@QAEX$$QAV<lambda_38edbb1296d33220d7e4dd0ed76b244a>@@AAV<lambda_5ce1d447e08cb34b2473517608e21441>@@$$QAV<lambda_fb385d3da700c9147fc39e65dd577a8c>@@@Z 10027fc0     libucrt:per_thread_data.obj
 0002:00007fe0       __sehtable$??$?RV<lambda_6affb1475c98b40b75cdec977db92e3c>@@AAV<lambda_b8d4b9c228a6ecc3f80208dbb4b4a104>@@V<lambda_608742c3c92a14382c1684fc64f96c88>@@@?$__crt_seh_guarded_call@X@@QAEX$$QAV<lambda_6affb1475c98b40b75cdec977db92e3c>@@AAV<lambda_b8d4b9c228a6ecc3f80208dbb4b4a104>@@$$QAV<lambda_608742c3c92a14382c1684fc64f96c88>@@@Z 10027fe0     libucrt:per_thread_data.obj
 0002:00008000       __sehtable$??$?RV<lambda_e5124f882df8998aaf41531e079ba474>@@AAV<lambda_3e16ef9562a7dcce91392c22ab16ea36>@@V<lambda_e25ca0880e6ef98be67edffd8c599615>@@@?$__crt_seh_guarded_call@X@@QAEX$$QAV<lambda_e5124f882df8998aaf41531e079ba474>@@AAV<lambda_3e16ef9562a7dcce91392c22ab16ea36>@@$$QAV<lambda_e25ca0880e6ef98be67edffd8c599615>@@@Z 10028000     libucrt:wsetlocale.obj
 0002:00008020       __sehtable$___acrt_initialize_lowio 10028020     libucrt:ioinit.obj
 0002:00008040       __sehtable$?update_thread_multibyte_data_internal@@YAPAU__crt_multibyte_data@@QAU__acrt_ptd@@QAPAU1@@Z 10028040     libucrt:mbctype.obj
 0002:00008060       __sehtable$??$?RV<lambda_ceb1ee4838e85a9d631eb091e2fbe199>@@AAV<lambda_ae742caa10f662c28703da3d2ea5e57e>@@V<lambda_cd08b5d6af4937fe54fc07d0c9bf6b37>@@@?$__crt_seh_guarded_call@X@@QAEX$$QAV<lambda_ceb1ee4838e85a9d631eb091e2fbe199>@@AAV<lambda_ae742caa10f662c28703da3d2ea5e57e>@@$$QAV<lambda_cd08b5d6af4937fe54fc07d0c9bf6b37>@@@Z 10028060     libucrt:mbctype.obj
 0002:00008080       __sehtable$_raise          10028080     libucrt:signal.obj
 0002:000080a0       __sehtable$??$?RV<lambda_cbab9ec6f41b0180b23cc171c22676b0>@@AAV<lambda_44731a7d0e6d81c3e6aa82d741081786>@@V<lambda_4b292cb8dd18144e164572427af410ab>@@@?$__crt_seh_guarded_call@P6AXH@Z@@QAEP6AXH@Z$$QAV<lambda_cbab9ec6f41b0180b23cc171c22676b0>@@AAV<lambda_44731a7d0e6d81c3e6aa82d741081786>@@$$QAV<lambda_4b292cb8dd18144e164572427af410ab>@@@Z 100280a0     libucrt:signal.obj
 0002:000080c0       __sehtable$??$?RV<lambda_2866be3712abc81a800a822484c830d8>@@AAV<lambda_39ca0ed439415581b5b15c265174cece>@@V<lambda_2b24c74d71094a6cd0cb82e44167d71b>@@@?$__crt_seh_guarded_call@X@@QAEX$$QAV<lambda_2866be3712abc81a800a822484c830d8>@@AAV<lambda_39ca0ed439415581b5b15c265174cece>@@$$QAV<lambda_2b24c74d71094a6cd0cb82e44167d71b>@@@Z 100280c0     libucrt:fflush.obj
 0002:000080e0       __sehtable$??$?RV<lambda_2cc53f568c5a2bb6f192f930a45d44ea>@@AAV<lambda_ab61a845afdef5b7c387490eaf3616ee>@@V<lambda_c2ffc0b7726aa6be21d5f0026187e748>@@@?$__crt_seh_guarded_call@X@@QAEX$$QAV<lambda_2cc53f568c5a2bb6f192f930a45d44ea>@@AAV<lambda_ab61a845afdef5b7c387490eaf3616ee>@@$$QAV<lambda_c2ffc0b7726aa6be21d5f0026187e748>@@@Z 100280e0     libucrt:fflush.obj
 0002:00008100       __sehtable$___acrt_update_thread_locale_data 10028100     libucrt:locale_refcounting.obj
 0002:00008120       __sehtable$__fcloseall     10028120     libucrt:closeall.obj
 0002:00008140       __sehtable$___acrt_lowio_ensure_fh_exists 10028140     libucrt:osfinfo.obj
 0002:00008160       __sehtable$??$?RV<lambda_9e9de3de5fa147e2223d7db92bc10aa6>@@AAV<lambda_38ce7e780aa69e748d6df282ebc68efe>@@V<lambda_8ca6da459f0f6780f1cff60fdc3d00e5>@@@?$__crt_seh_guarded_call@H@@QAEH$$QAV<lambda_9e9de3de5fa147e2223d7db92bc10aa6>@@AAV<lambda_38ce7e780aa69e748d6df282ebc68efe>@@$$QAV<lambda_8ca6da459f0f6780f1cff60fdc3d00e5>@@@Z 10028160     libucrt:commit.obj
 0002:00008180       __sehtable$__write         10028180     libucrt:write.obj
 0002:000081a0       __sehtable$_fclose         100281a0     libucrt:fclose.obj
 0002:000081c0       __sehtable$??$?RV<lambda_218ce3db14220d0be481dae8ef3383b6>@@AAV<lambda_628dfdc04ba53c8bfc02c9951375f3f5>@@V<lambda_57dc472bd5c9d5f3b2cbca59b8a843ae>@@@?$__crt_seh_guarded_call@H@@QAEH$$QAV<lambda_218ce3db14220d0be481dae8ef3383b6>@@AAV<lambda_628dfdc04ba53c8bfc02c9951375f3f5>@@$$QAV<lambda_57dc472bd5c9d5f3b2cbca59b8a843ae>@@@Z 100281c0     libucrt:close.obj
 0002:000081e0       __sehtable$___set_fpsr_sse2 100281e0     libucrt:fpctrl.obj
 0002:00008200       __sehtable$__IsNonwritableInCurrentImage 10028200     LIBCMT:pesect.obj
 0002:00008230       .edata                     10028230     OPOSBumpBar.exp
 0002:00008258       rgpv                       10028258     OPOSBumpBar.exp
 0002:00008268       rgszName                   10028268     OPOSBumpBar.exp
 0002:00008278       rgwOrd                     10028278     OPOSBumpBar.exp
 0002:00008280       szName                     10028280     OPOSBumpBar.exp
 0002:00008290       $N00001                    10028290     OPOSBumpBar.exp
 0002:000082a0       $N00002                    100282a0     OPOSBumpBar.exp
 0002:000082b2       $N00003                    100282b2     OPOSBumpBar.exp
 0002:000082c4       $N00004                    100282c4     OPOSBumpBar.exp
 0002:000088d2       .idata$6                   100288d2     kernel32:KERNEL32.dll
 0002:00008ae6       .idata$6                   10028ae6     user32:USER32.dll
 0002:00008c1a       .idata$6                   10028c1a     gdi32:GDI32.dll
 0002:00008cc0       .idata$6                   10028cc0     advapi32:ADVAPI32.dll
 0002:00008ddc       .idata$6                   10028ddc     ole32:ole32.dll
 0002:00008de6       .idata$6                   10028de6     oleaut32:OLEAUT32.dll
 0003:00000110       ?ObjectMap@@3PAU_ATL_OBJMAP_ENTRY30@ATL@@A 1002a110     BumpBar.obj
 0003:000001c4       ?s_RequiredMethodsPerRelease@@3PAHA 1002a1c4     BumpBarImpl.obj
 0003:000001e0       ?s_SOMethodNames@@3PAPADA  1002a1e0     BumpBarImpl.obj
 0003:00000250       ?__vcrt_flsindex@@3KA      1002a250     libvcruntime:per_thread_data.obj
 0003:00000270       ?errno_no_memory@@3HA      1002a270     libucrt:errno.obj
 0003:00000274       ?doserrno_no_memory@@3KA   1002a274     libucrt:errno.obj
 0003:00000280       ?__acrt_flsindex@@3KA      1002a280     libucrt:per_thread_data.obj
 0003:00000618       __mbctypes                 1002a618     libucrt:mbctype.obj
 0003:00000720       __mbcasemaps               1002a720     libucrt:mbctype.obj
 0003:00000820       ?__rgctypeflag@@3PADA      1002a820     libucrt:mbctype.obj
 0003:00000828       ?__rgcode_page_info@@3PAUcode_page_info@@A 1002a828     libucrt:mbctype.obj
 0003:00000a80       ?__dcrt_lowio_console_output_handle@@3PAXA 1002aa80     libucrt:initcon.obj
 0003:00000a84       ?__DAZ_ENABLED@?1??__set_fpsr_sse2@@9@9 1002aa84     libucrt:fpctrl.obj
 0003:00000c18       ?is_initialized_as_dll@@3_NA 1002ac18     LIBCMT:utility.obj
 0003:00000c19       ?module_local_atexit_table_initialized@@3_NA 1002ac19     LIBCMT:utility.obj
 0003:00000c1c       ?module_local_atexit_table@@3U_onexit_table_t@@A 1002ac1c     LIBCMT:utility.obj
 0003:00000c28       ?module_local_at_quick_exit_table@@3U_onexit_table_t@@A 1002ac28     LIBCMT:utility.obj
 0003:00000c34       ?g_tss_cv@@3U_RTL_CONDITION_VARIABLE@@A 1002ac34     LIBCMT:thread_safe_statics.obj
 0003:00000c38       ?g_tss_event@@3PAXA        1002ac38     LIBCMT:thread_safe_statics.obj
 0003:00000c3c       ?g_tss_mutex@@3U_RTL_CRITICAL_SECTION@@A 1002ac3c     LIBCMT:thread_safe_statics.obj
 0003:00000c54       ?g_sleep_condition_variable_cs@@3P6GHPAU_RTL_CONDITION_VARIABLE@@PAU_RTL_CRITICAL_SECTION@@K@ZA 1002ac54     LIBCMT:thread_safe_statics.obj
 0003:00000c58       ?g_wake_all_condition_variable@@3P6GXPAU_RTL_CONDITION_VARIABLE@@@ZA 1002ac58     LIBCMT:thread_safe_statics.obj
 0003:00000c60       _GS_ExceptionRecord        1002ac60     LIBCMT:gs_report.obj
 0003:00000cb0       _GS_ContextRecord          1002acb0     LIBCMT:gs_report.obj
 0003:00000f80       ?__proc_attached@@3HA      1002af80     LIBCMT:dll_dllmain.obj
 0003:00000fdc       ?AllocateData@@3P6GPAUAtlThunkData_t@@XZA 1002afdc     atls:atlthunk.obj
 0003:00000fe0       ?InitData@@3P6GXPAUAtlThunkData_t@@PAXI@ZA 1002afe0     atls:atlthunk.obj
 0003:00000fe4       ?DataToCode@@3P6GP6GJPAUHWND__@@IIJ@ZPAUAtlThunkData_t@@@ZA 1002afe4     atls:atlthunk.obj
 0003:00000fe8       ?FreeData@@3P6GXPAUAtlThunkData_t@@@ZA 1002afe8     atls:atlthunk.obj
 0003:00000fec       ?Initialized@@3_NA         1002afec     atls:atlthunk.obj
 0003:00000ffc       ?__vcrt_startup_thread_ptd@@3U__vcrt_ptd@@A 1002affc     libvcruntime:per_thread_data.obj
 0003:00001024       ___vcrt_lock_table         1002b024     libvcruntime:locks.obj
 0003:0000103c       ___vcrt_locks_initialized  1002b03c     libvcruntime:locks.obj
 0003:00001068       ?heap@@3V_HeapManager@@A   1002b068     libvcruntime:undname.obj
 0003:0000107c       ?module_handles@@3PAPAUHINSTANCE__@@A 1002b07c     libvcruntime:winapi_downlevel.obj
 0003:00001088       ?function_pointers@@3PAPAXA 1002b088     libvcruntime:winapi_downlevel.obj
 0003:0000109c       ?__acrt_invalid_parameter_handler@@3V?$dual_state_global@P6AXPB_W00II@Z@__crt_state_management@@A 1002b09c     libucrt:invalid_parameter.obj
 0003:000010a0       ?c_termination_complete@@3JA 1002b0a0     libucrt:exit.obj
 0003:000010a4       ?thread_local_exit_callback_func@@3P6GXPAXK0@ZA 1002b0a4     libucrt:exit.obj
 0003:000010b0       ?program_name@?1???$common_configure_argv@D@@YAHW4_crt_argv_mode@@@Z@4PADA 1002b0b0     libucrt:argv_parsing.obj
 0003:000011e0       ?__acrt_new_handler@@3V?$dual_state_global@P6AHI@Z@__crt_state_management@@A 1002b1e0     libucrt:new_handler.obj
 0003:000011e8       ?module_handles@@3PAPAUHINSTANCE__@@A 1002b1e8     libucrt:winapi_thunks.obj
 0003:00001238       ?encoded_function_pointers@@3PAPAXA 1002b238     libucrt:winapi_thunks.obj
 0003:000012c0       ?internal_state@?1??_mbtowc_l@@9@4U_Mbstatet@@A 1002b2c0     libucrt:mbtowc.obj
 0003:000012d0       ?enable_percent_n@@3IA     1002b2d0     libucrt:printf_count_output.obj
 0003:000014f0       ?__acrt_lock_table@@3PAU_RTL_CRITICAL_SECTION@@A 1002b4f0     libucrt:locks.obj
 0003:00001640       ?__acrt_locks_initialized@@3IA 1002b640     libucrt:locks.obj
 0003:00001650       ?fSystemSet@@3HA           1002b650     libucrt:mbctype.obj
 0003:00001654       ?initialized@?1??__acrt_initialize_multibyte@@9@4_NA 1002b654     libucrt:mbctype.obj
 0003:00001674       ?ctrlc_action@@3V?$dual_state_global@P6AXH@Z@__crt_state_management@@A 1002b674     libucrt:signal.obj
 0003:00001678       ?ctrlbreak_action@@3V?$dual_state_global@P6AXH@Z@__crt_state_management@@A 1002b678     libucrt:signal.obj
 0003:0000167c       ?abort_action@@3V?$dual_state_global@P6AXH@Z@__crt_state_management@@A 1002b67c     libucrt:signal.obj
 0003:00001680       ?term_action@@3V?$dual_state_global@P6AXH@Z@__crt_state_management@@A 1002b680     libucrt:signal.obj
 0003:00001684       ?user_matherr@@3V?$dual_state_global@P6AHPAU_exception@@@Z@__crt_state_management@@A 1002b684     libucrt:matherr.obj
 0003:00001688       ?__acrt_global_new_mode@@3V?$dual_state_global@J@__crt_state_management@@A 1002b688     libucrt:new_mode.obj
 0003:00001694       ?internal_pst@?1??__mbrtoc32_utf8@__crt_mbstring@@YAIPA_UPBDIPAU_Mbstatet@@@Z@4U3@A 1002b694     libucrt:mbrtoc32.obj
 0003:0000169c       ?__acrt_app_type@@3W4_crt_app_type@@A 1002b69c     libucrt:report_runtime_error.obj
 0003:000016a4       __pmatherr_set             1002b6a4     libucrt:libm_error.obj
 0004:00000220       $R000000                   1002c220     BumpBar.res
 0004:00000ba8       $R000988                   1002cba8     BumpBar.res
 0004:00000c90       $R000A70                   1002cc90     BumpBar.res
 0004:00000ef8       $R000CD8                   1002cef8     BumpBar.res
 0004:00001448       $R001228                   1002d448     BumpBar.res
 0004:00004360       $R004140                   10030360     BumpBar.res
 0004:00004390       $R004170                   10030390     BumpBar.res
