 OPOSBumpBar

 Timestamp is 61a75b7e (Wed Dec  1 20:24:46 2021)

 Preferred load address is 10000000

 Start         Length     Name                   Class
 0001:00000000 00000080H .text$di                CODE
 0001:00000080 0001ed48H .text$mn                CODE
 0001:0001edc8 000000d8H .text$x                 CODE
 0001:0001eea0 00000042H .text$yd                CODE
 0002:00000000 000002fcH .idata$5                DATA
 0002:000002fc 00000008H .00cfg                  DATA
 0002:00000304 00000004H .CRT$XCA                DATA
 0002:00000308 00000004H .CRT$XCL                DATA
 0002:0000030c 00000010H .CRT$XCU                DATA
 0002:0000031c 00000004H .CRT$XCZ                DATA
 0002:00000320 00000004H .CRT$XIA                DATA
 0002:00000324 00000010H .CRT$XIC                DATA
 0002:00000334 00000004H .CRT$XIZ                DATA
 0002:00000338 00000004H .CRT$XLA                DATA
 0002:0000033c 00000004H .CRT$XLZ                DATA
 0002:00000340 00000004H .CRT$XPA                DATA
 0002:00000344 00000008H .CRT$XPX                DATA
 0002:0000034c 00000004H .CRT$XPXA               DATA
 0002:00000350 00000004H .CRT$XPZ                DATA
 0002:00000354 00000004H .CRT$XTA                DATA
 0002:00000358 00000008H .CRT$XTZ                DATA
 0002:0000035c 00000000H .gfids$y                DATA
 0002:00000360 00006e60H .rdata                  DATA
 0002:000071c0 00000000H .rdata$CastGuardVftablesA DATA
 0002:000071c0 00000000H .rdata$CastGuardVftablesC DATA
 0002:000071c0 00000018H .rdata$T                DATA
 0002:000071d8 00000178H .rdata$r                DATA
 0002:00007350 0000002cH .rdata$sxdata           DATA
 0002:0000737c 00000030H .rdata$voltmd           DATA
 0002:000073ac 00000408H .rdata$zzzdbg           DATA
 0002:000077b4 00000004H .rtc$IAA                DATA
 0002:000077b8 00000004H .rtc$IZZ                DATA
 0002:000077bc 00000004H .rtc$TAA                DATA
 0002:000077c0 00000004H .rtc$TZZ                DATA
 0002:000077c4 00000004H .tls                    DATA
 0002:000077c8 00000004H .tls$                   DATA
 0002:000077cc 00000004H .tls$ZZZ                DATA
 0002:000077d0 000006dcH .xdata$x                DATA
 0002:00007eac 00000004H ATL$__a                 DATA
 0002:00007eb0 00000010H ATL$__z                 DATA
 0002:00007ec0 000000a8H .edata                  DATA
 0002:00007f68 00000078H .idata$2                DATA
 0002:00007fe0 00000014H .idata$3                DATA
 0002:00007ff4 000002fcH .idata$4                DATA
 0002:000082f0 00000bceH .idata$6                DATA
 0003:00000000 00000aa0H .data                   DATA
 0003:00000aa0 00000080H .data$r                 DATA
 0003:00000b20 00000018H .data$rs                DATA
 0003:00000b38 00000b80H .bss                    DATA
 0004:00000000 00000220H .rsrc$01                DATA
 0004:00000220 000042f0H .rsrc$02                DATA

  Address         Publics by Value              Rva+Base       Lib:Object

 0000:00000000       ___guard_fids_count        00000000     <absolute>
 0000:00000000       ___guard_eh_cont_table     00000000     <absolute>
 0000:00000000       ___guard_longjmp_table     00000000     <absolute>
 0000:00000000       ___arm64x_extra_rfe_table  00000000     <absolute>
 0000:00000000       ___arm64x_redirection_metadata 00000000     <absolute>
 0000:00000000       ___guard_iat_count         00000000     <absolute>
 0000:00000000       ___guard_eh_cont_count     00000000     <absolute>
 0000:00000000       __except_list              00000000     <absolute>
 0000:00000000       ___x64_code_ranges_to_entry_points_count 00000000     <absolute>
 0000:00000000       ___hybrid_code_map_count   00000000     <absolute>
 0000:00000000       ___x64_code_ranges_to_entry_points 00000000     <absolute>
 0000:00000000       ___guard_iat_table         00000000     <absolute>
 0000:00000000       ___arm64x_native_entrypoint 00000000     <absolute>
 0000:00000000       ___hybrid_code_map         00000000     <absolute>
 0000:00000000       ___arm64x_extra_rfe_table_size 00000000     <absolute>
 0000:00000000       ___guard_longjmp_count     00000000     <absolute>
 0000:00000000       ___guard_check_icall_a64n_fptr 00000000     <absolute>
 0000:00000000       ___arm64x_redirection_metadata_count 00000000     <absolute>
 0000:00000000       ___hybrid_auxiliary_iat    00000000     <absolute>
 0000:00000000       ___dynamic_value_reloc_table 00000000     <absolute>
 0000:00000000       ___AbsoluteZero            00000000     <absolute>
 0000:00000000       ___enclave_config          00000000     <absolute>
 0000:00000000       ___guard_fids_table        00000000     <absolute>
 0000:00000000       ___hybrid_auxiliary_iat_copy 00000000     <absolute>
 0000:0000000b       ___safe_se_handler_count   0000000b     <absolute>
 0000:0000002c       __tls_array                0000002c     <absolute>
 0000:00000100       ___guard_flags             00000100     <absolute>
 0000:00000000       ___ImageBase               10000000     <linker-defined>
 0001:00000080       ?DupWide@_CW@@AAEXXZ       10001080 f   CWString.obj
 0001:0000009c       ?cw_dup@@YGXPBDAAHAAPA_W1@Z 1000109c f   CWString.obj
 0001:00000124       ?cw_memcpy@@YGHPA_WPBDH@Z  10001124 f   CWString.obj
 0001:00000150       ?cw_strcpy@@YAHPA_WPBD@Z   10001150 f   CWString.obj
 0001:00000163       ?cw_strlen@@YAHPBD@Z       10001163 f   CWString.obj
 0001:0000017c       ??0CAtlComModule@ATL@@QAE@XZ 1000117c f i OposVariant.obj
 0001:000001c1       ??0CAtlWinModule@ATL@@QAE@XZ 100011c1 f i OposVariant.obj
 0001:000001f8       ??0OposDispParms@@QAE@PAVOposVariant@@H@Z 100011f8 f   OposVariant.obj
 0001:00000269       ??1OposDispParms@@QAE@XZ   10001269 f   OposVariant.obj
 0001:00000277       ??A?$CSimpleArray@GV?$CSimpleArrayEqualHelper@G@ATL@@@ATL@@QAEAAGH@Z 10001277 f i OposVariant.obj
 0001:0000029c       ??_Estringdispid@CComTypeInfoHolder@ATL@@QAEPAXI@Z 1000129c f i OposVariant.obj
 0001:00000308       ?AtlWinModuleInit@ATL@@YGJPAU_ATL_WIN_MODULE70@1@@Z 10001308 f i OposVariant.obj
 0001:0000032e       ?AtlWinModuleTerm@ATL@@YGJPAU_ATL_WIN_MODULE70@1@PAUHINSTANCE__@@@Z 1000132e f i OposVariant.obj
 0001:00000391       ?ChangeBSTR@OposVariant@@QAEXPAPA_WAAJ@Z 10001391 f   OposVariant.obj
 0001:000003d2       ?ChangeLONG@OposVariant@@QAEXPAJAAJ@Z 100013d2 f   OposVariant.obj
 0001:00000413       ?GetLONG@OposVariant@@QAEJXZ 10001413 f   OposVariant.obj
 0001:0000042e       ?Init@CComCriticalSection@ATL@@QAEJXZ 1000142e f i OposVariant.obj
 0001:00000456       ?RemoveAll@?$CSimpleArray@GV?$CSimpleArrayEqualHelper@G@ATL@@@ATL@@QAEXXZ 10001456 f i OposVariant.obj
 0001:00000456       ?RemoveAll@?$CSimpleArray@PAUHINSTANCE__@@V?$CSimpleArrayEqualHelper@PAUHINSTANCE__@@@ATL@@@ATL@@QAEXXZ 10001456 f i atls:atlbase.obj
 0001:00000473       ?SetBSTR@OposVariant@@QAEXPA_WAAJ@Z 10001473 f   OposVariant.obj
 0001:000004a7       ?SetBSTR_Copy@OposVariant@@QAEXPA_WAAJ@Z 100014a7 f   OposVariant.obj
 0001:000004f7       ?SetBSTR_InOutPtr@OposVariant@@QAE_NPAPA_WAAJ@Z 100014f7 f   OposVariant.obj
 0001:0000052e       ?SetDispatch_Ptr@OposVariant@@QAEXPAUIDispatch@@AAJ@Z 1000152e f   OposVariant.obj
 0001:00000569       ?SetLONG@OposVariant@@QAEXJ@Z 10001569 f   OposVariant.obj
 0001:0000058b       ?SetLONG_Ptr@OposVariant@@QAEXPAJAAJ@Z 1000158b f   OposVariant.obj
 0001:000005be       ?SetString@OposVariant@@QAEXPB_WAAJ@Z 100015be f   OposVariant.obj
 0001:00000604       ?SetVARIANT_BOOL@OposVariant@@QAEXF@Z 10001604 f   OposVariant.obj
 0001:0000062e       ?Term@CAtlComModule@ATL@@QAEXXZ 1000162e f i OposVariant.obj
 0001:00000678       ?_AtlRaiseException@ATL@@YAXKK@Z 10001678 f i OposVariant.obj
 0001:0000068d       ?OnDrawAdvanced@CComControlBase@ATL@@UAEJAAUATL_DRAWINFO@@@Z 1000168d f i BumpBar.obj
 0001:00000780       ?Next@?$CComEnumImpl@UIEnumConnections@@$1?_GUID_b196b287_bab4_101a_b69c_00aa00341d07@@3U__s_GUID@@BUtagCONNECTDATA@@V?$_Copy@UtagCONNECTDATA@@@ATL@@@ATL@@UAGJKPAUtagCONNECTDATA@@PAK@Z 10001780 f i BumpBar.obj
 0001:0000084f       ?Skip@?$CComEnumImpl@UIEnumConnections@@$1?_GUID_b196b287_bab4_101a_b69c_00aa00341d07@@3U__s_GUID@@BUtagCONNECTDATA@@V?$_Copy@UtagCONNECTDATA@@@ATL@@@ATL@@UAGJK@Z 1000184f f i BumpBar.obj
 0001:0000087c       ?Reset@?$CComEnumImpl@UIEnumConnections@@$1?_GUID_b196b287_bab4_101a_b69c_00aa00341d07@@3U__s_GUID@@BUtagCONNECTDATA@@V?$_Copy@UtagCONNECTDATA@@@ATL@@@ATL@@UAGJXZ 1000187c f i BumpBar.obj
 0001:0000087c       ?Reset@?$CComEnumImpl@UIEnumConnectionPoints@@$1?_GUID_b196b285_bab4_101a_b69c_00aa00341d07@@3U__s_GUID@@BPAUIConnectionPoint@@V?$_CopyInterface@UIConnectionPoint@@@ATL@@@ATL@@UAGJXZ 1000187c f i BumpBar.obj
 0001:0000088e       ?Clone@?$CComEnumImpl@UIEnumConnections@@$1?_GUID_b196b287_bab4_101a_b69c_00aa00341d07@@3U__s_GUID@@BUtagCONNECTDATA@@V?$_Copy@UtagCONNECTDATA@@@ATL@@@ATL@@UAGJPAPAUIEnumConnections@@@Z 1000188e f i BumpBar.obj
 0001:0000096f       ?AddRef@?$CComObject@V?$CComEnum@UIEnumConnections@@$1?_GUID_b196b287_bab4_101a_b69c_00aa00341d07@@3U__s_GUID@@BUtagCONNECTDATA@@V?$_Copy@UtagCONNECTDATA@@@ATL@@VCComSingleThreadModel@6@@ATL@@@ATL@@UAGKXZ 1000196f f i BumpBar.obj
 0001:0000096f       ?AddRef@?$CComObject@V?$CComEnum@UIEnumConnectionPoints@@$1?_GUID_b196b285_bab4_101a_b69c_00aa00341d07@@3U__s_GUID@@BPAUIConnectionPoint@@V?$_CopyInterface@UIConnectionPoint@@@ATL@@VCComSingleThreadModel@6@@ATL@@@ATL@@UAGKXZ 1000196f f i BumpBar.obj
 0001:00000980       ?Release@?$CComObject@V?$CComEnum@UIEnumConnections@@$1?_GUID_b196b287_bab4_101a_b69c_00aa00341d07@@3U__s_GUID@@BUtagCONNECTDATA@@V?$_Copy@UtagCONNECTDATA@@@ATL@@VCComSingleThreadModel@6@@ATL@@@ATL@@UAGKXZ 10001980 f i BumpBar.obj
 0001:00000980       ?Release@?$CComObject@V?$CComEnum@UIEnumConnectionPoints@@$1?_GUID_b196b285_bab4_101a_b69c_00aa00341d07@@3U__s_GUID@@BPAUIConnectionPoint@@V?$_CopyInterface@UIConnectionPoint@@@ATL@@VCComSingleThreadModel@6@@ATL@@@ATL@@UAGKXZ 10001980 f i BumpBar.obj
 0001:000009bc       ?QueryInterface@?$CComObject@V?$CComEnum@UIEnumConnections@@$1?_GUID_b196b287_bab4_101a_b69c_00aa00341d07@@3U__s_GUID@@BUtagCONNECTDATA@@V?$_Copy@UtagCONNECTDATA@@@ATL@@VCComSingleThreadModel@6@@ATL@@@ATL@@UAGJABU_GUID@@PAPAX@Z 100019bc f i BumpBar.obj
 0001:000009d6       ??_E?$CComObject@V?$CComEnum@UIEnumConnections@@$1?_GUID_b196b287_bab4_101a_b69c_00aa00341d07@@3U__s_GUID@@BUtagCONNECTDATA@@V?$_Copy@UtagCONNECTDATA@@@ATL@@VCComSingleThreadModel@6@@ATL@@@ATL@@UAEPAXI@Z 100019d6 f i BumpBar.obj
 0001:000009d6       ??_G?$CComObject@V?$CComEnum@UIEnumConnections@@$1?_GUID_b196b287_bab4_101a_b69c_00aa00341d07@@3U__s_GUID@@BUtagCONNECTDATA@@V?$_Copy@UtagCONNECTDATA@@@ATL@@VCComSingleThreadModel@6@@ATL@@@ATL@@UAEPAXI@Z 100019d6 f i BumpBar.obj
 0001:000009f8       ?ObjectMain@CComObjectRootBase@ATL@@SGX_N@Z 100019f8 f i BumpBar.obj
 0001:000009f8       ?OnFinalMessage@?$CWindowImplBaseT@VCWindow@ATL@@V?$CWinTraits@$0FGAAAAAA@$0A@@2@@ATL@@UAEXPAUHWND__@@@Z 100019f8 f i BumpBar.obj
 0001:000009fb       ?GetCategoryMap@CComObjectRootBase@ATL@@SAPBU_ATL_CATMAP_ENTRY@2@XZ 100019fb f i BumpBar.obj
 0001:000009fb       ?GetObjectDescription@?$CComCoClass@VCOPOSBumpBar@@$1?CLSID_OPOSBumpBar@@3U_GUID@@B@ATL@@SGPB_WXZ 100019fb f i BumpBar.obj
 0001:000009fe       ?CreateInstance@CComClassFactory@ATL@@UAGJPAUIUnknown@@ABU_GUID@@PAPAX@Z 100019fe f i BumpBar.obj
 0001:00000a3c       ?LockServer@CComClassFactory@ATL@@UAGJH@Z 10001a3c f i BumpBar.obj
 0001:00000a5b       ??_ECComClassFactory@ATL@@UAEPAXI@Z 10001a5b f i BumpBar.obj
 0001:00000a5b       ??_GCComClassFactory@ATL@@UAEPAXI@Z 10001a5b f i BumpBar.obj
 0001:00000a86       ??_E?$CComObject@VCOPOSBumpBar@@@ATL@@W3AEPAXI@Z 10001a86 f i BumpBar.obj
 0001:00000a8e       ??_E?$CComObject@VCOPOSBumpBar@@@ATL@@WEM@AEPAXI@Z 10001a8e f i BumpBar.obj
 0001:00000a96       ?QueryInterface@?$CComObject@VCOPOSBumpBar@@@ATL@@WHA@AGJABU_GUID@@PAPAX@Z 10001a96 f i BumpBar.obj
 0001:00000aa0       ?AddRef@?$CComObject@VCOPOSBumpBar@@@ATL@@WHA@AGKXZ 10001aa0 f i BumpBar.obj
 0001:00000aaa       ?Release@?$CComObject@VCOPOSBumpBar@@@ATL@@WHA@AGKXZ 10001aaa f i BumpBar.obj
 0001:00000ab4       ?QueryInterface@?$CComObject@VCOPOSBumpBar@@@ATL@@WHE@AGJABU_GUID@@PAPAX@Z 10001ab4 f i BumpBar.obj
 0001:00000abe       ?AddRef@?$CComObject@VCOPOSBumpBar@@@ATL@@WHE@AGKXZ 10001abe f i BumpBar.obj
 0001:00000ac8       ?Release@?$CComObject@VCOPOSBumpBar@@@ATL@@WHE@AGKXZ 10001ac8 f i BumpBar.obj
 0001:00000ad2       ?QueryInterface@?$CComObject@VCOPOSBumpBar@@@ATL@@WHI@AGJABU_GUID@@PAPAX@Z 10001ad2 f i BumpBar.obj
 0001:00000adc       ?AddRef@?$CComObject@VCOPOSBumpBar@@@ATL@@WHI@AGKXZ 10001adc f i BumpBar.obj
 0001:00000ae6       ?Release@?$CComObject@VCOPOSBumpBar@@@ATL@@WHI@AGKXZ 10001ae6 f i BumpBar.obj
 0001:00000af0       ?QueryInterface@?$CComObject@VCOPOSBumpBar@@@ATL@@WHM@AGJABU_GUID@@PAPAX@Z 10001af0 f i BumpBar.obj
 0001:00000afa       ?AddRef@?$CComObject@VCOPOSBumpBar@@@ATL@@WHM@AGKXZ 10001afa f i BumpBar.obj
 0001:00000b04       ?Release@?$CComObject@VCOPOSBumpBar@@@ATL@@WHM@AGKXZ 10001b04 f i BumpBar.obj
 0001:00000b0e       ?QueryInterface@?$CComObject@VCOPOSBumpBar@@@ATL@@WIA@AGJABU_GUID@@PAPAX@Z 10001b0e f i BumpBar.obj
 0001:00000b1b       ?AddRef@?$CComObject@VCOPOSBumpBar@@@ATL@@WIA@AGKXZ 10001b1b f i BumpBar.obj
 0001:00000b28       ?Release@?$CComObject@VCOPOSBumpBar@@@ATL@@WIA@AGKXZ 10001b28 f i BumpBar.obj
 0001:00000b35       ?QueryInterface@?$CComObject@VCOPOSBumpBar@@@ATL@@WIE@AGJABU_GUID@@PAPAX@Z 10001b35 f i BumpBar.obj
 0001:00000b42       ?AddRef@?$CComObject@VCOPOSBumpBar@@@ATL@@WIE@AGKXZ 10001b42 f i BumpBar.obj
 0001:00000b4f       ?Release@?$CComObject@VCOPOSBumpBar@@@ATL@@WIE@AGKXZ 10001b4f f i BumpBar.obj
 0001:00000b5c       ?QueryInterface@?$CComObject@VCOPOSBumpBar@@@ATL@@WII@AGJABU_GUID@@PAPAX@Z 10001b5c f i BumpBar.obj
 0001:00000b69       ?AddRef@?$CComObject@VCOPOSBumpBar@@@ATL@@WII@AGKXZ 10001b69 f i BumpBar.obj
 0001:00000b76       ?Release@?$CComObject@VCOPOSBumpBar@@@ATL@@WII@AGKXZ 10001b76 f i BumpBar.obj
 0001:00000b83       ?QueryInterface@?$CComObject@VCOPOSBumpBar@@@ATL@@WIM@AGJABU_GUID@@PAPAX@Z 10001b83 f i BumpBar.obj
 0001:00000b90       ?AddRef@?$CComObject@VCOPOSBumpBar@@@ATL@@WIM@AGKXZ 10001b90 f i BumpBar.obj
 0001:00000b9d       ?Release@?$CComObject@VCOPOSBumpBar@@@ATL@@WIM@AGKXZ 10001b9d f i BumpBar.obj
 0001:00000baa       ?QueryInterface@?$CComObject@VCOPOSBumpBar@@@ATL@@WJA@AGJABU_GUID@@PAPAX@Z 10001baa f i BumpBar.obj
 0001:00000bb7       ?AddRef@?$CComObject@VCOPOSBumpBar@@@ATL@@WJA@AGKXZ 10001bb7 f i BumpBar.obj
 0001:00000bc4       ?Release@?$CComObject@VCOPOSBumpBar@@@ATL@@WJA@AGKXZ 10001bc4 f i BumpBar.obj
 0001:00000bd1       ?QueryInterface@?$CComObject@VCOPOSBumpBar@@@ATL@@WJE@AGJABU_GUID@@PAPAX@Z 10001bd1 f i BumpBar.obj
 0001:00000bde       ?AddRef@?$CComObject@VCOPOSBumpBar@@@ATL@@WJE@AGKXZ 10001bde f i BumpBar.obj
 0001:00000beb       ?Release@?$CComObject@VCOPOSBumpBar@@@ATL@@WJE@AGKXZ 10001beb f i BumpBar.obj
 0001:00000bf8       ?QueryInterface@?$CComObject@VCOPOSBumpBar@@@ATL@@WJI@AGJABU_GUID@@PAPAX@Z 10001bf8 f i BumpBar.obj
 0001:00000c05       ?AddRef@?$CComObject@VCOPOSBumpBar@@@ATL@@WJI@AGKXZ 10001c05 f i BumpBar.obj
 0001:00000c12       ?Release@?$CComObject@VCOPOSBumpBar@@@ATL@@WJI@AGKXZ 10001c12 f i BumpBar.obj
 0001:00000c1f       ?QueryInterface@?$CComObject@VCOPOSBumpBar@@@ATL@@WJM@AGJABU_GUID@@PAPAX@Z 10001c1f f i BumpBar.obj
 0001:00000c2c       ?AddRef@?$CComObject@VCOPOSBumpBar@@@ATL@@WJM@AGKXZ 10001c2c f i BumpBar.obj
 0001:00000c39       ?Release@?$CComObject@VCOPOSBumpBar@@@ATL@@WJM@AGKXZ 10001c39 f i BumpBar.obj
 0001:00000c46       ?QueryInterface@?$CComObject@VCOPOSBumpBar@@@ATL@@WKA@AGJABU_GUID@@PAPAX@Z 10001c46 f i BumpBar.obj
 0001:00000c53       ?AddRef@?$CComObject@VCOPOSBumpBar@@@ATL@@WKA@AGKXZ 10001c53 f i BumpBar.obj
 0001:00000c60       ?Release@?$CComObject@VCOPOSBumpBar@@@ATL@@WKA@AGKXZ 10001c60 f i BumpBar.obj
 0001:00000c6d       ?AddRef@?$CComObject@VCOPOSBumpBar@@@ATL@@WKI@AGKXZ 10001c6d f i BumpBar.obj
 0001:00000c7a       ?Release@?$CComObject@VCOPOSBumpBar@@@ATL@@WKI@AGKXZ 10001c7a f i BumpBar.obj
 0001:00000c87       ?AddRef@?$CComObject@VCOPOSBumpBar@@@ATL@@WLE@AGKXZ 10001c87 f i BumpBar.obj
 0001:00000c94       ?Release@?$CComObject@VCOPOSBumpBar@@@ATL@@WLE@AGKXZ 10001c94 f i BumpBar.obj
 0001:00000ca1       ??_E?$CComContainedObject@VCOPOSBumpBar@@@ATL@@W3AEPAXI@Z 10001ca1 f i BumpBar.obj
 0001:00000ca9       ??_E?$CComContainedObject@VCOPOSBumpBar@@@ATL@@WEM@AEPAXI@Z 10001ca9 f i BumpBar.obj
 0001:00000cb1       ?QueryInterface@?$CComContainedObject@VCOPOSBumpBar@@@ATL@@WHA@AGJABU_GUID@@PAPAX@Z 10001cb1 f i BumpBar.obj
 0001:00000cbb       ?AddRef@?$CComContainedObject@VCOPOSBumpBar@@@ATL@@WHA@AGKXZ 10001cbb f i BumpBar.obj
 0001:00000cc5       ?Release@?$CComContainedObject@VCOPOSBumpBar@@@ATL@@WHA@AGKXZ 10001cc5 f i BumpBar.obj
 0001:00000ccf       ?QueryInterface@?$CComContainedObject@VCOPOSBumpBar@@@ATL@@WHE@AGJABU_GUID@@PAPAX@Z 10001ccf f i BumpBar.obj
 0001:00000cd9       ?AddRef@?$CComContainedObject@VCOPOSBumpBar@@@ATL@@WHE@AGKXZ 10001cd9 f i BumpBar.obj
 0001:00000ce3       ?Release@?$CComContainedObject@VCOPOSBumpBar@@@ATL@@WHE@AGKXZ 10001ce3 f i BumpBar.obj
 0001:00000ced       ?QueryInterface@?$CComContainedObject@VCOPOSBumpBar@@@ATL@@WHI@AGJABU_GUID@@PAPAX@Z 10001ced f i BumpBar.obj
 0001:00000cf7       ?AddRef@?$CComContainedObject@VCOPOSBumpBar@@@ATL@@WHI@AGKXZ 10001cf7 f i BumpBar.obj
 0001:00000d01       ?Release@?$CComContainedObject@VCOPOSBumpBar@@@ATL@@WHI@AGKXZ 10001d01 f i BumpBar.obj
 0001:00000d0b       ?QueryInterface@?$CComContainedObject@VCOPOSBumpBar@@@ATL@@WHM@AGJABU_GUID@@PAPAX@Z 10001d0b f i BumpBar.obj
 0001:00000d15       ?AddRef@?$CComContainedObject@VCOPOSBumpBar@@@ATL@@WHM@AGKXZ 10001d15 f i BumpBar.obj
 0001:00000d1f       ?Release@?$CComContainedObject@VCOPOSBumpBar@@@ATL@@WHM@AGKXZ 10001d1f f i BumpBar.obj
 0001:00000d29       ?QueryInterface@?$CComContainedObject@VCOPOSBumpBar@@@ATL@@WIA@AGJABU_GUID@@PAPAX@Z 10001d29 f i BumpBar.obj
 0001:00000d36       ?AddRef@?$CComContainedObject@VCOPOSBumpBar@@@ATL@@WIA@AGKXZ 10001d36 f i BumpBar.obj
 0001:00000d43       ?Release@?$CComContainedObject@VCOPOSBumpBar@@@ATL@@WIA@AGKXZ 10001d43 f i BumpBar.obj
 0001:00000d50       ?QueryInterface@?$CComContainedObject@VCOPOSBumpBar@@@ATL@@WIE@AGJABU_GUID@@PAPAX@Z 10001d50 f i BumpBar.obj
 0001:00000d5d       ?AddRef@?$CComContainedObject@VCOPOSBumpBar@@@ATL@@WIE@AGKXZ 10001d5d f i BumpBar.obj
 0001:00000d6a       ?Release@?$CComContainedObject@VCOPOSBumpBar@@@ATL@@WIE@AGKXZ 10001d6a f i BumpBar.obj
 0001:00000d77       ?QueryInterface@?$CComContainedObject@VCOPOSBumpBar@@@ATL@@WII@AGJABU_GUID@@PAPAX@Z 10001d77 f i BumpBar.obj
 0001:00000d84       ?AddRef@?$CComContainedObject@VCOPOSBumpBar@@@ATL@@WII@AGKXZ 10001d84 f i BumpBar.obj
 0001:00000d91       ?Release@?$CComContainedObject@VCOPOSBumpBar@@@ATL@@WII@AGKXZ 10001d91 f i BumpBar.obj
 0001:00000d9e       ?QueryInterface@?$CComContainedObject@VCOPOSBumpBar@@@ATL@@WIM@AGJABU_GUID@@PAPAX@Z 10001d9e f i BumpBar.obj
 0001:00000dab       ?AddRef@?$CComContainedObject@VCOPOSBumpBar@@@ATL@@WIM@AGKXZ 10001dab f i BumpBar.obj
 0001:00000db8       ?Release@?$CComContainedObject@VCOPOSBumpBar@@@ATL@@WIM@AGKXZ 10001db8 f i BumpBar.obj
 0001:00000dc5       ?QueryInterface@?$CComContainedObject@VCOPOSBumpBar@@@ATL@@WJA@AGJABU_GUID@@PAPAX@Z 10001dc5 f i BumpBar.obj
 0001:00000dd2       ?AddRef@?$CComContainedObject@VCOPOSBumpBar@@@ATL@@WJA@AGKXZ 10001dd2 f i BumpBar.obj
 0001:00000ddf       ?Release@?$CComContainedObject@VCOPOSBumpBar@@@ATL@@WJA@AGKXZ 10001ddf f i BumpBar.obj
 0001:00000dec       ?QueryInterface@?$CComContainedObject@VCOPOSBumpBar@@@ATL@@WJE@AGJABU_GUID@@PAPAX@Z 10001dec f i BumpBar.obj
 0001:00000df9       ?AddRef@?$CComContainedObject@VCOPOSBumpBar@@@ATL@@WJE@AGKXZ 10001df9 f i BumpBar.obj
 0001:00000e06       ?Release@?$CComContainedObject@VCOPOSBumpBar@@@ATL@@WJE@AGKXZ 10001e06 f i BumpBar.obj
 0001:00000e13       ?QueryInterface@?$CComContainedObject@VCOPOSBumpBar@@@ATL@@WJI@AGJABU_GUID@@PAPAX@Z 10001e13 f i BumpBar.obj
 0001:00000e20       ?AddRef@?$CComContainedObject@VCOPOSBumpBar@@@ATL@@WJI@AGKXZ 10001e20 f i BumpBar.obj
 0001:00000e2d       ?Release@?$CComContainedObject@VCOPOSBumpBar@@@ATL@@WJI@AGKXZ 10001e2d f i BumpBar.obj
 0001:00000e3a       ?QueryInterface@?$CComContainedObject@VCOPOSBumpBar@@@ATL@@WJM@AGJABU_GUID@@PAPAX@Z 10001e3a f i BumpBar.obj
 0001:00000e47       ?AddRef@?$CComContainedObject@VCOPOSBumpBar@@@ATL@@WJM@AGKXZ 10001e47 f i BumpBar.obj
 0001:00000e54       ?Release@?$CComContainedObject@VCOPOSBumpBar@@@ATL@@WJM@AGKXZ 10001e54 f i BumpBar.obj
 0001:00000e61       ?QueryInterface@?$CComContainedObject@VCOPOSBumpBar@@@ATL@@WKA@AGJABU_GUID@@PAPAX@Z 10001e61 f i BumpBar.obj
 0001:00000e6e       ?AddRef@?$CComContainedObject@VCOPOSBumpBar@@@ATL@@WKA@AGKXZ 10001e6e f i BumpBar.obj
 0001:00000e7b       ?Release@?$CComContainedObject@VCOPOSBumpBar@@@ATL@@WKA@AGKXZ 10001e7b f i BumpBar.obj
 0001:00000e88       ?AddRef@?$CComContainedObject@VCOPOSBumpBar@@@ATL@@WKI@AGKXZ 10001e88 f i BumpBar.obj
 0001:00000e95       ?Release@?$CComContainedObject@VCOPOSBumpBar@@@ATL@@WKI@AGKXZ 10001e95 f i BumpBar.obj
 0001:00000ea2       ?AddRef@?$CComContainedObject@VCOPOSBumpBar@@@ATL@@WLE@AGKXZ 10001ea2 f i BumpBar.obj
 0001:00000eaf       ?Release@?$CComContainedObject@VCOPOSBumpBar@@@ATL@@WLE@AGKXZ 10001eaf f i BumpBar.obj
 0001:00000ebc       ?GetWindowProc@?$CWindowImplBaseT@VCWindow@ATL@@V?$CWinTraits@$0FGAAAAAA@$0A@@2@@ATL@@UAEP6GJPAUHWND__@@IIJ@ZXZ 10001ebc f i BumpBar.obj
 0001:00000ec2       ?StartWindowProc@?$CWindowImplBaseT@VCWindow@ATL@@V?$CWinTraits@$0FGAAAAAA@$0A@@2@@ATL@@SGJPAUHWND__@@IIJ@Z 10001ec2 f i BumpBar.obj
 0001:00000f16       ?GetTypeInfoCount@?$IDispatchImpl@UIOPOSBumpBar@@$1?IID_IOPOSBumpBar@@3U_GUID@@B$1?LIBID_OposBumpBar_CCO@@3U3@B$00$0A@VCComTypeInfoHolder@ATL@@@ATL@@UAGJPAI@Z 10001f16 f i BumpBar.obj
 0001:00000f33       ?GetTypeInfo@?$IDispatchImpl@UIOPOSBumpBar@@$1?IID_IOPOSBumpBar@@3U_GUID@@B$1?LIBID_OposBumpBar_CCO@@3U3@B$00$0A@VCComTypeInfoHolder@ATL@@@ATL@@UAGJIKPAPAUITypeInfo@@@Z 10001f33 f i BumpBar.obj
 0001:00000f57       ?GetIDsOfNames@?$IDispatchImpl@UIOPOSBumpBar@@$1?IID_IOPOSBumpBar@@3U_GUID@@B$1?LIBID_OposBumpBar_CCO@@3U3@B$00$0A@VCComTypeInfoHolder@ATL@@@ATL@@UAGJABU_GUID@@PAPA_WIKPAJ@Z 10001f57 f i BumpBar.obj
 0001:00000f77       ?Invoke@?$IDispatchImpl@UIOPOSBumpBar@@$1?IID_IOPOSBumpBar@@3U_GUID@@B$1?LIBID_OposBumpBar_CCO@@3U3@B$00$0A@VCComTypeInfoHolder@ATL@@@ATL@@UAGJJABU_GUID@@KGPAUtagDISPPARAMS@@PAUtagVARIANT@@PAUtagEXCEPINFO@@PAI@Z 10001f77 f i BumpBar.obj
 0001:00000f85       ?CreateControlWindow@?$CComControl@VCOPOSBumpBar@@V?$CWindowImpl@VCOPOSBumpBar@@VCWindow@ATL@@V?$CWinTraits@$0FGAAAAAA@$0A@@3@@ATL@@@ATL@@UAEPAUHWND__@@PAU3@AAUtagRECT@@@Z 10001f85 f i BumpBar.obj
 0001:00000fb4       ?ControlQueryInterface@?$CComControl@VCOPOSBumpBar@@V?$CWindowImpl@VCOPOSBumpBar@@VCWindow@ATL@@V?$CWinTraits@$0FGAAAAAA@$0A@@3@@ATL@@@ATL@@UAEJABU_GUID@@PAPAX@Z 10001fb4 f i BumpBar.obj
 0001:00000fcf       ?GetClassID@?$IPersistStreamInitImpl@VCOPOSBumpBar@@@ATL@@UAGJPAU_GUID@@@Z 10001fcf f i BumpBar.obj
 0001:00000fcf       ?GetUserClassID@?$IOleObjectImpl@VCOPOSBumpBar@@@ATL@@UAGJPAU_GUID@@@Z 10001fcf f i BumpBar.obj
 0001:00000fcf       ?GetClassID@?$IPersistStorageImpl@VCOPOSBumpBar@@@ATL@@UAGJPAU_GUID@@@Z 10001fcf f i BumpBar.obj
 0001:00000ff3       ?IsDirty@?$IPersistStreamInitImpl@VCOPOSBumpBar@@@ATL@@UAGJXZ 10001ff3 f i BumpBar.obj
 0001:00001012       ?Load@?$IPersistStreamInitImpl@VCOPOSBumpBar@@@ATL@@UAGJPAUIStream@@@Z 10002012 f i BumpBar.obj
 0001:00001031       ?Save@?$IPersistStreamInitImpl@VCOPOSBumpBar@@@ATL@@UAGJPAUIStream@@H@Z 10002031 f i BumpBar.obj
 0001:00001053       ?GetSizeMax@?$IPersistStreamInitImpl@VCOPOSBumpBar@@@ATL@@UAGJPAT_ULARGE_INTEGER@@@Z 10002053 f i BumpBar.obj
 0001:00001232       ?InitNew@?$IPersistStreamInitImpl@VCOPOSBumpBar@@@ATL@@UAGJXZ 10002232 f i BumpBar.obj
 0001:0000124f       ?OnMnemonic@?$IOleControlImpl@VCOPOSBumpBar@@@ATL@@UAGJPAUtagMSG@@@Z 1000224f f i BumpBar.obj
 0001:0000124f       ?QueryGetData@?$IDataObjectImpl@VCOPOSBumpBar@@@ATL@@UAGJPAUtagFORMATETC@@@Z 1000224f f i BumpBar.obj
 0001:0000124f       ?ContextSensitiveHelp@?$IOleInPlaceActiveObjectImpl@VCOPOSBumpBar@@@ATL@@UAGJH@Z 1000224f f i BumpBar.obj
 0001:0000124f       ?GetControlInfo@?$IOleControlImpl@VCOPOSBumpBar@@@ATL@@UAGJPAUtagCONTROLINFO@@@Z 1000224f f i BumpBar.obj
 0001:0000124f       ?GetDropTarget@?$IOleInPlaceObjectWindowlessImpl@VCOPOSBumpBar@@@ATL@@UAGJPAPAUIDropTarget@@@Z 1000224f f i BumpBar.obj
 0001:0000124f       ?ContextSensitiveHelp@?$IOleInPlaceObjectWindowlessImpl@VCOPOSBumpBar@@@ATL@@UAGJH@Z 1000224f f i BumpBar.obj
 0001:0000124f       ?Unfreeze@?$IViewObjectExImpl@VCOPOSBumpBar@@@ATL@@UAGJK@Z 1000224f f i BumpBar.obj
 0001:0000124f       ?SetColorScheme@?$IOleObjectImpl@VCOPOSBumpBar@@@ATL@@UAGJPAUtagLOGPALETTE@@@Z 1000224f f i BumpBar.obj
 0001:00001257       ?SaveCompleted@?$IPersistStorageImpl@VCOPOSBumpBar@@@ATL@@UAGJPAUIStorage@@@Z 10002257 f i BumpBar.obj
 0001:00001257       ?OnAmbientPropertyChange@?$IOleControlImpl@VCOPOSBumpBar@@@ATL@@UAGJJ@Z 10002257 f i BumpBar.obj
 0001:00001257       ?OnFrameWindowActivate@?$IOleInPlaceActiveObjectImpl@VCOPOSBumpBar@@@ATL@@UAGJH@Z 10002257 f i BumpBar.obj
 0001:00001257       ?EnableModeless@?$IOleInPlaceActiveObjectImpl@VCOPOSBumpBar@@@ATL@@UAGJH@Z 10002257 f i BumpBar.obj
 0001:0000125c       ?SetClientSite@?$IOleObjectImpl@VCOPOSBumpBar@@@ATL@@UAGJPAUIOleClientSite@@@Z 1000225c f i BumpBar.obj
 0001:00001279       ?GetClientSite@?$IOleObjectImpl@VCOPOSBumpBar@@@ATL@@UAGJPAPAUIOleClientSite@@@Z 10002279 f i BumpBar.obj
 0001:00001296       ?SetHostNames@?$IOleObjectImpl@VCOPOSBumpBar@@@ATL@@UAGJPB_W0@Z 10002296 f i BumpBar.obj
 0001:0000129b       ?Close@?$IOleObjectImpl@VCOPOSBumpBar@@@ATL@@UAGJK@Z 1000229b f i BumpBar.obj
 0001:000012b8       ?EnumFormatEtc@?$IDataObjectImpl@VCOPOSBumpBar@@@ATL@@UAGJKPAPAUIEnumFORMATETC@@@Z 100022b8 f i BumpBar.obj
 0001:000012b8       ?GetRect@?$IViewObjectExImpl@VCOPOSBumpBar@@@ATL@@UAGJKPAU_RECTL@@@Z 100022b8 f i BumpBar.obj
 0001:000012b8       ?GetDataHere@?$IDataObjectImpl@VCOPOSBumpBar@@@ATL@@UAGJPAUtagFORMATETC@@PAUtagSTGMEDIUM@@@Z 100022b8 f i BumpBar.obj
 0001:000012b8       ?SetMoniker@?$IOleObjectImpl@VCOPOSBumpBar@@@ATL@@UAGJKPAUIMoniker@@@Z 100022b8 f i BumpBar.obj
 0001:000012b8       ?GetCanonicalFormatEtc@?$IDataObjectImpl@VCOPOSBumpBar@@@ATL@@UAGJPAUtagFORMATETC@@0@Z 100022b8 f i BumpBar.obj
 0001:000012b8       ?GetClipboardData@?$IOleObjectImpl@VCOPOSBumpBar@@@ATL@@UAGJKPAPAUIDataObject@@@Z 100022b8 f i BumpBar.obj
 0001:000012b8       ?QueryInterface@CRegObject@ATL@@UAGJABU_GUID@@PAPAX@Z 100022b8 f i BumpBar.obj
 0001:000012c0       ?GetMoniker@?$IOleObjectImpl@VCOPOSBumpBar@@@ATL@@UAGJKKPAPAUIMoniker@@@Z 100022c0 f i BumpBar.obj
 0001:000012c0       ?InitFromData@?$IOleObjectImpl@VCOPOSBumpBar@@@ATL@@UAGJPAUIDataObject@@HK@Z 100022c0 f i BumpBar.obj
 0001:000012c0       ?SetData@?$IDataObjectImpl@VCOPOSBumpBar@@@ATL@@UAGJPAUtagFORMATETC@@PAUtagSTGMEDIUM@@H@Z 100022c0 f i BumpBar.obj
 0001:000012c8       ?DoVerb@?$IOleObjectImpl@VCOPOSBumpBar@@@ATL@@UAGJJPAUtagMSG@@PAUIOleClientSite@@JPAUHWND__@@PBUtagRECT@@@Z 100022c8 f i BumpBar.obj
 0001:000013bc       ?EnumVerbs@?$IOleObjectImpl@VCOPOSBumpBar@@@ATL@@UAGJPAPAUIEnumOLEVERB@@@Z 100023bc f i BumpBar.obj
 0001:000013de       ?HandsOffStorage@?$IPersistStorageImpl@VCOPOSBumpBar@@@ATL@@UAGJXZ 100023de f i BumpBar.obj
 0001:000013de       ?Update@?$IOleObjectImpl@VCOPOSBumpBar@@@ATL@@UAGJXZ 100023de f i BumpBar.obj
 0001:000013de       ?IsUpToDate@?$IOleObjectImpl@VCOPOSBumpBar@@@ATL@@UAGJXZ 100023de f i BumpBar.obj
 0001:000013de       ?Release@CRegObject@ATL@@UAGKXZ 100023de f i BumpBar.obj
 0001:000013e3       ?GetUserType@?$IOleObjectImpl@VCOPOSBumpBar@@@ATL@@UAGJKPAPA_W@Z 100023e3 f i BumpBar.obj
 0001:000013fb       ?SetExtent@?$IOleObjectImpl@VCOPOSBumpBar@@@ATL@@UAGJKPAUtagSIZE@@@Z 100023fb f i BumpBar.obj
 0001:0000141b       ?GetExtent@?$IOleObjectImpl@VCOPOSBumpBar@@@ATL@@UAGJKPAUtagSIZE@@@Z 1000241b f i BumpBar.obj
 0001:00001459       ?Advise@?$IOleObjectImpl@VCOPOSBumpBar@@@ATL@@UAGJPAUIAdviseSink@@PAK@Z 10002459 f i BumpBar.obj
 0001:00001479       ?Unadvise@?$IOleObjectImpl@VCOPOSBumpBar@@@ATL@@UAGJK@Z 10002479 f i BumpBar.obj
 0001:000014a8       ?EnumAdvise@?$IOleObjectImpl@VCOPOSBumpBar@@@ATL@@UAGJPAPAUIEnumSTATDATA@@@Z 100024a8 f i BumpBar.obj
 0001:000014e8       ?GetMiscStatus@?$IOleObjectImpl@VCOPOSBumpBar@@@ATL@@UAGJKPAK@Z 100024e8 f i BumpBar.obj
 0001:00001500       ?GetWindow@?$IOleInPlaceActiveObjectImpl@VCOPOSBumpBar@@@ATL@@UAGJPAPAUHWND__@@@Z 10002500 f i BumpBar.obj
 0001:0000154d       ?TranslateAcceleratorW@?$IOleInPlaceActiveObjectImpl@VCOPOSBumpBar@@@ATL@@UAGJPAUtagMSG@@@Z 1000254d f i BumpBar.obj
 0001:000015fb       ?OnDocWindowActivate@?$IOleInPlaceActiveObjectImpl@VCOPOSBumpBar@@@ATL@@UAGJH@Z 100025fb f i BumpBar.obj
 0001:0000161d       ?ResizeBorder@?$IOleInPlaceActiveObjectImpl@VCOPOSBumpBar@@@ATL@@UAGJPBUtagRECT@@PAUIOleInPlaceUIWindow@@H@Z 1000261d f i BumpBar.obj
 0001:00001622       ?Draw@?$IViewObjectExImpl@VCOPOSBumpBar@@@ATL@@UAGJKJPAXPAUtagDVTARGETDEVICE@@PAUHDC__@@2PBU_RECTL@@3P6GHK@ZK@Z 10002622 f i BumpBar.obj
 0001:00001654       ?GetColorSet@?$IViewObjectExImpl@VCOPOSBumpBar@@@ATL@@UAGJKJPAXPAUtagDVTARGETDEVICE@@PAUHDC__@@PAPAUtagLOGPALETTE@@@Z 10002654 f i BumpBar.obj
 0001:0000165c       ?Freeze@?$IViewObjectExImpl@VCOPOSBumpBar@@@ATL@@UAGJKJPAXPAK@Z 1000265c f i BumpBar.obj
 0001:00001664       ?SetAdvise@?$IViewObjectExImpl@VCOPOSBumpBar@@@ATL@@UAGJKKPAUIAdviseSink@@@Z 10002664 f i BumpBar.obj
 0001:00001683       ?GetAdvise@?$IViewObjectExImpl@VCOPOSBumpBar@@@ATL@@UAGJPAK0PAPAUIAdviseSink@@@Z 10002683 f i BumpBar.obj
 0001:000016b8       ?GetExtent@?$IViewObjectExImpl@VCOPOSBumpBar@@@ATL@@UAGJKJPAUtagDVTARGETDEVICE@@PAUtagSIZE@@@Z 100026b8 f i BumpBar.obj
 0001:000016e9       ?GetViewStatus@?$IViewObjectExImpl@VCOPOSBumpBar@@@ATL@@UAGJPAK@Z 100026e9 f i BumpBar.obj
 0001:00001706       ?QueryHitPoint@?$IViewObjectExImpl@VCOPOSBumpBar@@@ATL@@UAGJKPBUtagRECT@@UtagPOINT@@JPAK@Z 10002706 f i BumpBar.obj
 0001:00001747       ?QueryHitRect@?$IViewObjectExImpl@VCOPOSBumpBar@@@ATL@@UAGJKPBUtagRECT@@0JPAK@Z 10002747 f i BumpBar.obj
 0001:000017a2       ?GetNaturalExtent@?$IViewObjectExImpl@VCOPOSBumpBar@@@ATL@@UAGJKJPAUtagDVTARGETDEVICE@@PAUHDC__@@PAUtagExtentInfo@@PAUtagSIZE@@@Z 100027a2 f i BumpBar.obj
 0001:000017ed       ?GetWindow@?$IOleInPlaceObjectWindowlessImpl@VCOPOSBumpBar@@@ATL@@UAGJPAPAUHWND__@@@Z 100027ed f i BumpBar.obj
 0001:0000183a       ?InPlaceDeactivate@?$IOleInPlaceObjectWindowlessImpl@VCOPOSBumpBar@@@ATL@@UAGJXZ 1000283a f i BumpBar.obj
 0001:00001854       ?UIDeactivate@?$IOleInPlaceObjectWindowlessImpl@VCOPOSBumpBar@@@ATL@@UAGJXZ 10002854 f i BumpBar.obj
 0001:0000186e       ?SetObjectRects@?$IOleInPlaceObjectWindowlessImpl@VCOPOSBumpBar@@@ATL@@UAGJPBUtagRECT@@0@Z 1000286e f i BumpBar.obj
 0001:0000188e       ?ReactivateAndUndo@?$IOleInPlaceObjectWindowlessImpl@VCOPOSBumpBar@@@ATL@@UAGJXZ 1000288e f i BumpBar.obj
 0001:00001896       ?OnWindowMessage@?$IOleInPlaceObjectWindowlessImpl@VCOPOSBumpBar@@@ATL@@UAGJIIJPAJ@Z 10002896 f i BumpBar.obj
 0001:00001906       ?EnumConnectionPoints@?$IConnectionPointContainerImpl@VCOPOSBumpBar@@@ATL@@UAGJPAPAUIEnumConnectionPoints@@@Z 10002906 f i BumpBar.obj
 0001:00001a96       ?FindConnectionPoint@?$IConnectionPointContainerImpl@VCOPOSBumpBar@@@ATL@@UAGJABU_GUID@@PAPAUIConnectionPoint@@@Z 10002a96 f i BumpBar.obj
 0001:00001b39       ?IsDirty@?$IPersistStorageImpl@VCOPOSBumpBar@@@ATL@@UAGJXZ 10002b39 f i BumpBar.obj
 0001:00001b69       ?InitNew@?$IPersistStorageImpl@VCOPOSBumpBar@@@ATL@@UAGJPAUIStorage@@@Z 10002b69 f i BumpBar.obj
 0001:00001b99       ?Load@?$IPersistStorageImpl@VCOPOSBumpBar@@@ATL@@UAGJPAUIStorage@@@Z 10002b99 f i BumpBar.obj
 0001:00001c05       ?Save@?$IPersistStorageImpl@VCOPOSBumpBar@@@ATL@@UAGJPAUIStorage@@H@Z 10002c05 f i BumpBar.obj
 0001:00001c78       ?GetPages@?$ISpecifyPropertyPagesImpl@VCOPOSBumpBar@@@ATL@@UAGJPAUtagCAUUID@@@Z 10002c78 f i BumpBar.obj
 0001:00001c8f       ?QuickActivate@?$IQuickActivateImpl@VCOPOSBumpBar@@@ATL@@UAGJPAUtagQACONTAINER@@PAUtagQACONTROL@@@Z 10002c8f f i BumpBar.obj
 0001:00001cb2       ?SetContentExtent@?$IQuickActivateImpl@VCOPOSBumpBar@@@ATL@@UAGJPAUtagSIZE@@@Z 10002cb2 f i BumpBar.obj
 0001:00001cde       ?GetContentExtent@?$IQuickActivateImpl@VCOPOSBumpBar@@@ATL@@UAGJPAUtagSIZE@@@Z 10002cde f i BumpBar.obj
 0001:00001d1a       ?GetData@?$IDataObjectImpl@VCOPOSBumpBar@@@ATL@@UAGJPAUtagFORMATETC@@PAUtagSTGMEDIUM@@@Z 10002d1a f i BumpBar.obj
 0001:00001d3d       ?DAdvise@?$IDataObjectImpl@VCOPOSBumpBar@@@ATL@@UAGJPAUtagFORMATETC@@KPAUIAdviseSink@@PAK@Z 10002d3d f i BumpBar.obj
 0001:00001d7e       ?DUnadvise@?$IDataObjectImpl@VCOPOSBumpBar@@@ATL@@UAGJK@Z 10002d7e f i BumpBar.obj
 0001:00001dac       ?EnumDAdvise@?$IDataObjectImpl@VCOPOSBumpBar@@@ATL@@UAGJPAPAUIEnumSTATDATA@@@Z 10002dac f i BumpBar.obj
 0001:00001deb       ?GetClassInfoW@?$IProvideClassInfo2Impl@$1?CLSID_OPOSBumpBar@@3U_GUID@@B$1?DIID__IOPOSBumpBarEvents@@3U2@B$1?LIBID_OposBumpBar_CCO@@3U2@B$00$0A@VCComTypeInfoHolder@ATL@@@ATL@@UAGJPAPAUITypeInfo@@@Z 10002deb f i BumpBar.obj
 0001:00001e01       ?GetGUID@?$IProvideClassInfo2Impl@$1?CLSID_OPOSBumpBar@@3U_GUID@@B$1?DIID__IOPOSBumpBarEvents@@3U2@B$1?LIBID_OposBumpBar_CCO@@3U2@B$00$0A@VCComTypeInfoHolder@ATL@@@ATL@@UAGJKPAU_GUID@@@Z 10002e01 f i BumpBar.obj
 0001:00001e3f       ?FAccessAllowed@?$IObjectSafetyImpl@VCOPOSBumpBar@@$02@ATL@@MAEHXZ 10002e3f f i BumpBar.obj
 0001:00001e3f       __get_startup_argv_mode    10002e3f f i LIBCMT:argv_mode.obj
 0001:00001e43       ?GetInterfaceSafetyOptions@?$IObjectSafetyImpl@VCOPOSBumpBar@@$02@ATL@@UAGJABU_GUID@@PAK1@Z 10002e43 f i BumpBar.obj
 0001:00001eb6       ?SetInterfaceSafetyOptions@?$IObjectSafetyImpl@VCOPOSBumpBar@@$02@ATL@@UAGJABU_GUID@@KK@Z 10002eb6 f i BumpBar.obj
 0001:00001f30       ?Lock@CAtlModule@ATL@@UAEJXZ 10002f30 f i BumpBar.obj
 0001:00001f3a       ?Unlock@CAtlModule@ATL@@UAEJXZ 10002f3a f i BumpBar.obj
 0001:00001f44       ?GetLockCount@CAtlModule@ATL@@UAEJXZ 10002f44 f i BumpBar.obj
 0001:00001f48       ?GetGITPtr@CAtlModule@ATL@@UAEJPAPAUIGlobalInterfaceTable@@@Z 10002f48 f i BumpBar.obj
 0001:00001f94       ?_LocCPQueryInterface@?$IConnectionPointImpl@VCOPOSBumpBar@@$1?DIID__IOPOSBumpBarEvents@@3U_GUID@@BVCComDynamicUnkArray@ATL@@@ATL@@UAGJABU_GUID@@PAPAX@Z 10002f94 f i BumpBar.obj
 0001:00001f94       ?_LocCPQueryInterface@?$IConnectionPointImpl@VCOPOSBumpBar@@$1?IID_IPropertyNotifySink@@3U_GUID@@BVCComDynamicUnkArray@ATL@@@ATL@@UAGJABU_GUID@@PAPAX@Z 10002f94 f i BumpBar.obj
 0001:00001fe1       ?GetConnectionInterface@?$IConnectionPointImpl@VCOPOSBumpBar@@$1?IID_IPropertyNotifySink@@3U_GUID@@BVCComDynamicUnkArray@ATL@@@ATL@@UAGJPAU_GUID@@@Z 10002fe1 f i BumpBar.obj
 0001:00002005       ?GetConnectionPointContainer@?$IConnectionPointImpl@VCOPOSBumpBar@@$1?IID_IPropertyNotifySink@@3U_GUID@@BVCComDynamicUnkArray@ATL@@@ATL@@UAGJPAPAUIConnectionPointContainer@@@Z 10003005 f i BumpBar.obj
 0001:00002028       ?Advise@?$IConnectionPointImpl@VCOPOSBumpBar@@$1?DIID__IOPOSBumpBarEvents@@3U_GUID@@BVCComDynamicUnkArray@ATL@@@ATL@@UAGJPAUIUnknown@@PAK@Z 10003028 f i BumpBar.obj
 0001:00002028       ?Advise@?$IConnectionPointImpl@VCOPOSBumpBar@@$1?IID_IPropertyNotifySink@@3U_GUID@@BVCComDynamicUnkArray@ATL@@@ATL@@UAGJPAUIUnknown@@PAK@Z 10003028 f i BumpBar.obj
 0001:000020c8       ?Unadvise@?$IConnectionPointImpl@VCOPOSBumpBar@@$1?IID_IPropertyNotifySink@@3U_GUID@@BVCComDynamicUnkArray@ATL@@@ATL@@UAGJK@Z 100030c8 f i BumpBar.obj
 0001:000020c8       ?Unadvise@?$IConnectionPointImpl@VCOPOSBumpBar@@$1?DIID__IOPOSBumpBarEvents@@3U_GUID@@BVCComDynamicUnkArray@ATL@@@ATL@@UAGJK@Z 100030c8 f i BumpBar.obj
 0001:00002108       ?EnumConnections@?$IConnectionPointImpl@VCOPOSBumpBar@@$1?IID_IPropertyNotifySink@@3U_GUID@@BVCComDynamicUnkArray@ATL@@@ATL@@UAGJPAPAUIEnumConnections@@@Z 10003108 f i BumpBar.obj
 0001:00002108       ?EnumConnections@?$IConnectionPointImpl@VCOPOSBumpBar@@$1?DIID__IOPOSBumpBarEvents@@3U_GUID@@BVCComDynamicUnkArray@ATL@@@ATL@@UAGJPAPAUIEnumConnections@@@Z 10003108 f i BumpBar.obj
 0001:0000220b       ?GetConnectionInterface@?$IConnectionPointImpl@VCOPOSBumpBar@@$1?DIID__IOPOSBumpBarEvents@@3U_GUID@@BVCComDynamicUnkArray@ATL@@@ATL@@UAGJPAU_GUID@@@Z 1000320b f i BumpBar.obj
 0001:0000222f       ?GetConnectionPointContainer@?$IConnectionPointImpl@VCOPOSBumpBar@@$1?DIID__IOPOSBumpBarEvents@@3U_GUID@@BVCComDynamicUnkArray@ATL@@@ATL@@UAGJPAPAUIConnectionPointContainer@@@Z 1000322f f i BumpBar.obj
 0001:00002252       ?AddCommonRGSReplacements@?$CAtlModuleT@VCComModule@ATL@@@ATL@@UAEJPAUIRegistrarBase@@@Z 10003252 f i BumpBar.obj
 0001:0000226c       ?UpdateRegistry@COPOSBumpBar@@SGJH@Z 1000326c f i BumpBar.obj
 0001:00002284       ?ProcessWindowMessage@COPOSBumpBar@@UAEHPAUHWND__@@IIJAAJK@Z 10003284 f i BumpBar.obj
 0001:000022d1       ?SOData@COPOSBumpBar@@MAGJJ@Z 100032d1 f i BumpBar.obj
 0001:0000230a       ?SODirectIO@COPOSBumpBar@@MAGJJPAJPAPA_W@Z 1000330a f i BumpBar.obj
 0001:00002353       ?SOError@COPOSBumpBar@@MAGJJJJPAJ@Z 10003353 f i BumpBar.obj
 0001:000023a8       ?SOOutputComplete@COPOSBumpBar@@MAGJJ@Z 100033a8 f i BumpBar.obj
 0001:000023e1       ?SOStatusUpdate@COPOSBumpBar@@MAGJJ@Z 100033e1 f i BumpBar.obj
 0001:0000241a       ?UpdateRegistryFromResourceD@CComModule@ATL@@UAGJPB_WHPAU_ATL_REGMAP_ENTRY@2@@Z 1000341a f i BumpBar.obj
 0001:0000241a       ?UpdateRegistryFromResourceD@CComModule@ATL@@UAGJIHPAU_ATL_REGMAP_ENTRY@2@@Z 1000341a f i BumpBar.obj
 0001:00002422       ?UpdateRegistryFromResource@CComModule@ATL@@UAGJPB_WHPAU_ATL_REGMAP_ENTRY@2@@Z 10003422 f i BumpBar.obj
 0001:0000242b       ?UpdateRegistryFromResource@CComModule@ATL@@UAGJIHPAU_ATL_REGMAP_ENTRY@2@@Z 1000342b f i BumpBar.obj
 0001:00002434       ??_ECComModule@ATL@@UAEPAXI@Z 10003434 f i BumpBar.obj
 0001:00002434       ??_GCComModule@ATL@@UAEPAXI@Z 10003434 f i BumpBar.obj
 0001:0000245c       ?CreateInstance@?$CComCreator@V?$CComObjectCached@VCComClassFactory@ATL@@@ATL@@@ATL@@SGJPAXABU_GUID@@PAPAX@Z 1000345c f i BumpBar.obj
 0001:000024fd       ?CreateInstance@?$CComCreator2@V?$CComCreator@V?$CComObject@VCOPOSBumpBar@@@ATL@@@ATL@@V?$CComCreator@V?$CComAggObject@VCOPOSBumpBar@@@ATL@@@2@@ATL@@SGJPAXABU_GUID@@PAPAX@Z 100034fd f i BumpBar.obj
 0001:0000251d       ?AddRef@?$CComObjectCached@VCComClassFactory@ATL@@@ATL@@UAGKXZ 1000351d f i BumpBar.obj
 0001:00002544       ?Release@?$CComObjectCached@VCComClassFactory@ATL@@@ATL@@UAGKXZ 10003544 f i BumpBar.obj
 0001:0000257a       ?QueryInterface@?$CComObjectCached@VCComClassFactory@ATL@@@ATL@@UAGJABU_GUID@@PAPAX@Z 1000357a f i BumpBar.obj
 0001:00002594       ??_G?$CComObjectCached@VCComClassFactory@ATL@@@ATL@@UAEPAXI@Z 10003594 f i BumpBar.obj
 0001:00002594       ??_E?$CComObjectCached@VCComClassFactory@ATL@@@ATL@@UAEPAXI@Z 10003594 f i BumpBar.obj
 0001:000025b6       ?Next@?$CComEnumImpl@UIEnumConnectionPoints@@$1?_GUID_b196b285_bab4_101a_b69c_00aa00341d07@@3U__s_GUID@@BPAUIConnectionPoint@@V?$_CopyInterface@UIConnectionPoint@@@ATL@@@ATL@@UAGJKPAPAUIConnectionPoint@@PAK@Z 100035b6 f i BumpBar.obj
 0001:00002685       ?Skip@?$CComEnumImpl@UIEnumConnectionPoints@@$1?_GUID_b196b285_bab4_101a_b69c_00aa00341d07@@3U__s_GUID@@BPAUIConnectionPoint@@V?$_CopyInterface@UIConnectionPoint@@@ATL@@@ATL@@UAGJK@Z 10003685 f i BumpBar.obj
 0001:000026b2       ?Clone@?$CComEnumImpl@UIEnumConnectionPoints@@$1?_GUID_b196b285_bab4_101a_b69c_00aa00341d07@@3U__s_GUID@@BPAUIConnectionPoint@@V?$_CopyInterface@UIConnectionPoint@@@ATL@@@ATL@@UAGJPAPAUIEnumConnectionPoints@@@Z 100036b2 f i BumpBar.obj
 0001:00002793       ?QueryInterface@?$CComObject@V?$CComEnum@UIEnumConnectionPoints@@$1?_GUID_b196b285_bab4_101a_b69c_00aa00341d07@@3U__s_GUID@@BPAUIConnectionPoint@@V?$_CopyInterface@UIConnectionPoint@@@ATL@@VCComSingleThreadModel@6@@ATL@@@ATL@@UAGJABU_GUID@@PAPAX@Z 10003793 f i BumpBar.obj
 0001:000027ad       ??_G?$CComObject@V?$CComEnum@UIEnumConnectionPoints@@$1?_GUID_b196b285_bab4_101a_b69c_00aa00341d07@@3U__s_GUID@@BPAUIConnectionPoint@@V?$_CopyInterface@UIConnectionPoint@@@ATL@@VCComSingleThreadModel@6@@ATL@@@ATL@@UAEPAXI@Z 100037ad f i BumpBar.obj
 0001:000027ad       ??_E?$CComObject@V?$CComEnum@UIEnumConnectionPoints@@$1?_GUID_b196b285_bab4_101a_b69c_00aa00341d07@@3U__s_GUID@@BPAUIConnectionPoint@@V?$_CopyInterface@UIConnectionPoint@@@ATL@@VCComSingleThreadModel@6@@ATL@@@ATL@@UAEPAXI@Z 100037ad f i BumpBar.obj
 0001:000027cf       ?AddRef@CRegObject@ATL@@UAGKXZ 100037cf f i BumpBar.obj
 0001:000027d5       ?AddReplacement@CRegObject@ATL@@UAGJPB_W0@Z 100037d5 f i BumpBar.obj
 0001:0000280e       ?ClearReplacements@CRegObject@ATL@@UAGJXZ 1000380e f i BumpBar.obj
 0001:00002820       ??_GCRegObject@ATL@@UAEPAXI@Z 10003820 f i BumpBar.obj
 0001:00002820       ??_ECRegObject@ATL@@UAEPAXI@Z 10003820 f i BumpBar.obj
 0001:00002842       ?AddRef@?$CComAggObject@VCOPOSBumpBar@@@ATL@@UAGKXZ 10003842 f i BumpBar.obj
 0001:00002853       ?Release@?$CComAggObject@VCOPOSBumpBar@@@ATL@@UAGKXZ 10003853 f i BumpBar.obj
 0001:0000288f       ?QueryInterface@?$CComAggObject@VCOPOSBumpBar@@@ATL@@UAGJABU_GUID@@PAPAX@Z 1000388f f i BumpBar.obj
 0001:000028de       ?AddRef@?$CComContainedObject@VCOPOSBumpBar@@@ATL@@UAGKXZ 100038de f i BumpBar.obj
 0001:000028f4       ?Release@?$CComContainedObject@VCOPOSBumpBar@@@ATL@@UAGKXZ 100038f4 f i BumpBar.obj
 0001:0000290a       ?QueryInterface@?$CComContainedObject@VCOPOSBumpBar@@@ATL@@UAGJABU_GUID@@PAPAX@Z 1000390a f i BumpBar.obj
 0001:00002925       ??_G?$CComAggObject@VCOPOSBumpBar@@@ATL@@UAEPAXI@Z 10003925 f i BumpBar.obj
 0001:00002925       ??_E?$CComAggObject@VCOPOSBumpBar@@@ATL@@UAEPAXI@Z 10003925 f i BumpBar.obj
 0001:0000294a       ?AddRef@?$CComObject@VCOPOSBumpBar@@@ATL@@UAGKXZ 1000394a f i BumpBar.obj
 0001:00002961       ?Release@?$CComObject@VCOPOSBumpBar@@@ATL@@UAGKXZ 10003961 f i BumpBar.obj
 0001:000029a3       ?QueryInterface@?$CComObject@VCOPOSBumpBar@@@ATL@@UAGJABU_GUID@@PAPAX@Z 100039a3 f i BumpBar.obj
 0001:000029bd       ??$?4UITypeInfo2@@@?$CComPtr@UITypeInfo@@@ATL@@QAEPAUITypeInfo@@ABV?$CComPtr@UITypeInfo2@@@1@@Z 100039bd f i BumpBar.obj
 0001:000029ea       ??$AtlAdd@K@ATL@@YAJPAKKK@Z 100039ea f i BumpBar.obj
 0001:00002a0d       ??$AtlAdd@_K@ATL@@YAJPA_K_K1@Z 10003a0d f i BumpBar.obj
 0001:00002a45       ??$AtlAddThrow@K@ATL@@YAKKK@Z 10003a45 f i BumpBar.obj
 0001:00002a6b       ??$AtlModuleRegisterWndClassInfoT@VAtlModuleRegisterWndClassInfoParamW@ATL@@@ATL@@YAGPAU_ATL_BASE_MODULE70@0@PAU_ATL_WIN_MODULE70@0@PAU_ATL_WNDCLASSINFOW@0@PAP6GJPAUHWND__@@IIJ@ZVAtlModuleRegisterWndClassInfoParamW@0@@Z 10003a6b f i BumpBar.obj
 0001:00002bb8       ??$AtlMultiply@H@ATL@@YAJPAHHH@Z 10003bb8 f i BumpBar.obj
 0001:00002bf0       ??$AtlMultiply@I@ATL@@YAJPAIII@Z 10003bf0 f i BumpBar.obj
 0001:00002bf0       ??$AtlMultiply@K@ATL@@YAJPAKKK@Z 10003bf0 f i BumpBar.obj
 0001:00002c12       ??$AtlMultiplyThrow@I@ATL@@YAIII@Z 10003c12 f i BumpBar.obj
 0001:00002c38       ??0?$CComAggObject@VCOPOSBumpBar@@@ATL@@QAE@PAX@Z 10003c38 f i BumpBar.obj
 0001:00002c65       ??0?$CComContainedObject@VCOPOSBumpBar@@@ATL@@QAE@PAX@Z 10003c65 f i BumpBar.obj
 0001:00002d1e       ??0?$CComObject@V?$CComEnum@UIEnumConnectionPoints@@$1?_GUID_b196b285_bab4_101a_b69c_00aa00341d07@@3U__s_GUID@@BPAUIConnectionPoint@@V?$_CopyInterface@UIConnectionPoint@@@ATL@@VCComSingleThreadModel@6@@ATL@@@ATL@@QAE@PAX@Z 10003d1e f i BumpBar.obj
 0001:00002d4c       ??0?$CComObject@V?$CComEnum@UIEnumConnections@@$1?_GUID_b196b287_bab4_101a_b69c_00aa00341d07@@3U__s_GUID@@BUtagCONNECTDATA@@V?$_Copy@UtagCONNECTDATA@@@ATL@@VCComSingleThreadModel@6@@ATL@@@ATL@@QAE@PAX@Z 10003d4c f i BumpBar.obj
 0001:00002d7a       ??0?$CComObject@VCOPOSBumpBar@@@ATL@@QAE@PAX@Z 10003d7a f i BumpBar.obj
 0001:00002e31       ??0?$CComQIPtr@UIOleControlSite@@$1?_GUID_b196b289_bab4_101a_b69c_00aa00341d07@@3U__s_GUID@@B@ATL@@QAE@PAUIUnknown@@@Z 10003e31 f i BumpBar.obj
 0001:00002e5a       ??0CAtlModule@ATL@@QAE@XZ  10003e5a f i BumpBar.obj
 0001:00002e9b       ??0CParseBuffer@CRegParser@ATL@@QAE@H@Z 10003e9b f i BumpBar.obj
 0001:00002ed1       ??0_ATL_MSG@ATL@@QAE@PAUHWND__@@IIJH@Z 10003ed1 f i BumpBar.obj
 0001:00002f09       ??1?$CComAggObject@VCOPOSBumpBar@@@ATL@@UAE@XZ 10003f09 f i BumpBar.obj
 0001:00002f2d       ??1?$CComEnumImpl@UIEnumConnectionPoints@@$1?_GUID_b196b285_bab4_101a_b69c_00aa00341d07@@3U__s_GUID@@BPAUIConnectionPoint@@V?$_CopyInterface@UIConnectionPoint@@@ATL@@@ATL@@UAE@XZ 10003f2d f i BumpBar.obj
 0001:00002f69       ??1?$CComEnumImpl@UIEnumConnections@@$1?_GUID_b196b287_bab4_101a_b69c_00aa00341d07@@3U__s_GUID@@BUtagCONNECTDATA@@V?$_Copy@UtagCONNECTDATA@@@ATL@@@ATL@@UAE@XZ 10003f69 f i BumpBar.obj
 0001:00002fa5       ??1?$CComObject@V?$CComEnum@UIEnumConnectionPoints@@$1?_GUID_b196b285_bab4_101a_b69c_00aa00341d07@@3U__s_GUID@@BPAUIConnectionPoint@@V?$_CopyInterface@UIConnectionPoint@@@ATL@@VCComSingleThreadModel@6@@ATL@@@ATL@@UAE@XZ 10003fa5 f i BumpBar.obj
 0001:00002fc8       ??1?$CComObject@V?$CComEnum@UIEnumConnections@@$1?_GUID_b196b287_bab4_101a_b69c_00aa00341d07@@3U__s_GUID@@BUtagCONNECTDATA@@V?$_Copy@UtagCONNECTDATA@@@ATL@@VCComSingleThreadModel@6@@ATL@@@ATL@@UAE@XZ 10003fc8 f i BumpBar.obj
 0001:00002feb       ??1?$CComObject@VCOPOSBumpBar@@@ATL@@UAE@XZ 10003feb f i BumpBar.obj
 0001:000030a9       ??1?$CComObjectCached@VCComClassFactory@ATL@@@ATL@@UAE@XZ 100040a9 f i BumpBar.obj
 0001:000030bf       ??1?$CComObjectRootEx@VCComMultiThreadModel@ATL@@@ATL@@QAE@XZ 100040bf f i BumpBar.obj
 0001:000030d4       ??1CRegObject@ATL@@UAE@XZ  100040d4 f i BumpBar.obj
 0001:000030f4       ??4?$CComPtr@UIUnknown@@@ATL@@QAEPAUIUnknown@@PAU2@@Z 100040f4 f i BumpBar.obj
 0001:000030f4       ??4?$CComPtr@UIAdviseSink@@@ATL@@QAEPAUIAdviseSink@@PAU2@@Z 100040f4 f i BumpBar.obj
 0001:000030f4       ??4?$CComPtr@UIOleClientSite@@@ATL@@QAEPAUIOleClientSite@@PAU2@@Z 100040f4 f i BumpBar.obj
 0001:00003122       ??_E?$CComContainedObject@VCOPOSBumpBar@@@ATL@@UAEPAXI@Z 10004122 f i BumpBar.obj
 0001:00003122       ??_G?$CComContainedObject@VCOPOSBumpBar@@@ATL@@UAEPAXI@Z 10004122 f i BumpBar.obj
 0001:00003147       ??_G?$CComObject@VCOPOSBumpBar@@@ATL@@UAEPAXI@Z 10004147 f i BumpBar.obj
 0001:00003147       ??_E?$CComObject@VCOPOSBumpBar@@@ATL@@UAEPAXI@Z 10004147 f i BumpBar.obj
 0001:0000316c       ?Add@?$CSimpleArray@GV?$CSimpleArrayEqualHelper@G@ATL@@@ATL@@QAEHABG@Z 1000416c f i BumpBar.obj
 0001:000031e6       ?Add@?$CSimpleMap@PA_WPA_WVCExpansionVectorEqualHelper@ATL@@@ATL@@QAEHABQA_W0@Z 100041e6 f i BumpBar.obj
 0001:0000323b       ?Add@CComDynamicUnkArray@ATL@@QAEKPAUIUnknown@@@Z 1000423b f i BumpBar.obj
 0001:000032ec       ?Add@CExpansionVector@ATL@@QAEHPB_W0@Z 100042ec f i BumpBar.obj
 0001:000033f5       ?AddString@CParseBuffer@CRegParser@ATL@@QAEHPB_W@Z 100043f5 f i BumpBar.obj
 0001:0000342a       ?AddTermFunc@CAtlModule@ATL@@QAEJP6GXK@ZK@Z 1000442a f i BumpBar.obj
 0001:00003496       ?AddValue@CRegParser@ATL@@IAEJAAVCRegKey@2@PB_WPA_W@Z 10004496 f i BumpBar.obj
 0001:000037b0       ?Allocate@?$CAtlSafeAllocBufferManager@VCCRTAllocator@ATL@@@_ATL_SAFE_ALLOCA_IMPL@ATL@@QAEPAXK@Z 100047b0 f i BumpBar.obj
 0001:000037dd       ?Allocate@?$CTempBuffer@E$0BAA@VCCRTAllocator@ATL@@@ATL@@QAEPAEI@Z 100047dd f i BumpBar.obj
 0001:0000380c       ?Allocate@?$CTempBuffer@_W$0BAA@VCCRTAllocator@ATL@@@ATL@@QAEPA_WI@Z 1000480c f i BumpBar.obj
 0001:0000383b       ?Allocate@?$CTempBuffer@_W$0EAA@VCCRTAllocator@ATL@@@ATL@@QAEPA_WI@Z 1000483b f i BumpBar.obj
 0001:0000386a       ?AllocateHeap@?$CTempBuffer@_W$0BAA@VCCRTAllocator@ATL@@@ATL@@AAEXI@Z 1000486a f i BumpBar.obj
 0001:0000386a       ?AllocateHeap@?$CTempBuffer@E$0BAA@VCCRTAllocator@ATL@@@ATL@@AAEXI@Z 1000486a f i BumpBar.obj
 0001:0000386a       ?AllocateHeap@?$CTempBuffer@_W$0EAA@VCCRTAllocator@ATL@@@ATL@@AAEXI@Z 1000486a f i BumpBar.obj
 0001:0000388f       ?Append@CParseBuffer@CRegParser@ATL@@QAEHPB_WH@Z 1000488f f i BumpBar.obj
 0001:0000391b       ?AtlCoTaskMemCAlloc@ATL@@YAPAXKK@Z 1000491b f i BumpBar.obj
 0001:00003948       ?AtlCoTaskMemRecalloc@ATL@@YAPAXPAXKK@Z 10004948 f i BumpBar.obj
 0001:00003978       ?AtlComModuleGetClassObject@ATL@@YGJPAU_ATL_COM_MODULE70@1@ABU_GUID@@1PAPAX@Z 10004978 f i BumpBar.obj
 0001:00003a6d       ?AtlComModuleRegisterServer@ATL@@YGJPAU_ATL_COM_MODULE70@1@HPBU_GUID@@@Z 10004a6d f i BumpBar.obj
 0001:00003af5       ?AtlComModuleUnregisterServer@ATL@@YGJPAU_ATL_COM_MODULE70@1@HPBU_GUID@@@Z 10004af5 f i BumpBar.obj
 0001:00003b7d       ?AtlComQIPtrAssign2@ATL@@YAXPAPAUIUnknown@@PAU2@ABU_GUID@@@Z 10004b7d f i BumpBar.obj
 0001:00003bac       ?AtlCreateTargetDC@ATL@@YGPAUHDC__@@PAU2@PAUtagDVTARGETDEVICE@@@Z 10004bac f i BumpBar.obj
 0001:00003c15       ?AtlCrtErrorCheck@ATL@@YAHH@Z 10004c15 f i BumpBar.obj
 0001:00003c50       ?AtlHiMetricToPixel@ATL@@YGXPBUtagSIZE@@PAU2@@Z 10004c50 f i BumpBar.obj
 0001:00003cc5       ?AtlHresultFromLastError@ATL@@YAJXZ 10004cc5 f i BumpBar.obj
 0001:00003cdc       ?AtlHresultFromWin32@ATL@@YAJK@Z 10004cdc f i BumpBar.obj
 0001:00003cf1       ?AtlInternalOleLoadFromStream@ATL@@YAJPAUIStream@@ABU_GUID@@PAPAXTClassesAllowedInStream@1@K@Z 10004cf1 f i BumpBar.obj
 0001:00003e1a       ?AtlInternalQueryInterface@ATL@@YGJPAXPBU_ATL_INTMAP_ENTRY@1@ABU_GUID@@PAPAX@Z 10004e1a f i BumpBar.obj
 0001:00003ebd       ?AtlLoadTypeLib@ATL@@YGJPAUHINSTANCE__@@PB_WPAPA_WPAPAUITypeLib@@@Z 10004ebd f i BumpBar.obj
 0001:0000409b       ?AtlRegisterClassCategoriesHelper@ATL@@YGJABU_GUID@@PBU_ATL_CATMAP_ENTRY@1@H@Z 1000509b f i BumpBar.obj
 0001:00004397       ?AtlRegisterTypeLib@ATL@@YGJPAUHINSTANCE__@@PB_W@Z 10005397 f i BumpBar.obj
 0001:0000451f       ?AtlThrowImpl@ATL@@YGXJ@Z  1000551f f i BumpBar.obj
 0001:0000453d       ?AtlUnRegisterTypeLib@ATL@@YGJPAUHINSTANCE__@@PB_W@Z 1000553d f i BumpBar.obj
 0001:000045e8       ?AtlWinModuleAddCreateWndData@ATL@@YGXPAU_ATL_WIN_MODULE70@1@PAU_AtlCreateWndData@1@PAX@Z 100055e8 f i BumpBar.obj
 0001:0000463c       ?AtlWinModuleExtractCreateWndData@ATL@@YGPAXPAU_ATL_WIN_MODULE70@1@@Z 1000563c f i BumpBar.obj
 0001:000046a0       ?AtlWinModuleRegisterClassExW@ATL@@YGGPAU_ATL_WIN_MODULE70@1@PBUtagWNDCLASSEXW@@@Z 100056a0 f i BumpBar.obj
 0001:000046df       ?CanForceRemoveKey@CRegParser@ATL@@IAEHPB_W@Z 100056df f i BumpBar.obj
 0001:0000470e       ?ChToByte@CRegParser@ATL@@KAE_W@Z 1000570e f i BumpBar.obj
 0001:00004796       ?Cleanup@CComTypeInfoHolder@ATL@@SGXK@Z 10005796 f i BumpBar.obj
 0001:000047c9       ?ClearReplacements@CExpansionVector@ATL@@QAEJXZ 100057c9 f i BumpBar.obj
 0001:00004806       ?Close@CRegKey@ATL@@QAEJXZ 10005806 f i BumpBar.obj
 0001:00004820       ?CreateInstance@?$CComCreator@V?$CComAggObject@VCOPOSBumpBar@@@ATL@@@ATL@@SGJPAXABU_GUID@@PAPAX@Z 10005820 f i BumpBar.obj
 0001:00004895       ?CreateInstance@?$CComCreator@V?$CComObject@VCOPOSBumpBar@@@ATL@@@ATL@@SGJPAXABU_GUID@@PAPAX@Z 10005895 f i BumpBar.obj
 0001:0000491e       ?CreateInstance@?$CComObject@V?$CComEnum@UIEnumConnectionPoints@@$1?_GUID_b196b285_bab4_101a_b69c_00aa00341d07@@3U__s_GUID@@BPAUIConnectionPoint@@V?$_CopyInterface@UIConnectionPoint@@@ATL@@VCComSingleThreadModel@6@@ATL@@@ATL@@SGJPAPAV12@@Z 1000591e f i BumpBar.obj
 0001:00004968       ?CreateInstance@?$CComObject@V?$CComEnum@UIEnumConnections@@$1?_GUID_b196b287_bab4_101a_b69c_00aa00341d07@@3U__s_GUID@@BUtagCONNECTDATA@@V?$_Copy@UtagCONNECTDATA@@@ATL@@VCComSingleThreadModel@6@@ATL@@@ATL@@SGJPAPAV12@@Z 10005968 f i BumpBar.obj
 0001:000049b2       ?DefaultReflectionHandler@?$CWindowImplRoot@VCWindow@ATL@@@ATL@@SAHPAUHWND__@@IIJAAJ@Z 100059b2 f i BumpBar.obj
 0001:00004a52       ?DeleteSubKey@CRegKey@ATL@@QAEJPB_W@Z 10005a52 f i BumpBar.obj
 0001:00004acb       ?DoEvent@COPOSBumpBar@@IAEXIIJ@Z 10005acb f i BumpBar.obj
 0001:00004b4b       ?DoVerbHide@?$IOleObjectImpl@VCOPOSBumpBar@@@ATL@@QAEJPBUtagRECT@@PAUHWND__@@@Z 10005b4b f i BumpBar.obj
 0001:00004b81       ?DoVerbInPlaceActivate@?$IOleObjectImpl@VCOPOSBumpBar@@@ATL@@QAEJPBUtagRECT@@PAUHWND__@@@Z 10005b81 f i BumpBar.obj
 0001:00004bb4       ?DoVerbPrimary@?$IOleObjectImpl@VCOPOSBumpBar@@@ATL@@QAEJPBUtagRECT@@PAUHWND__@@@Z 10005bb4 f i BumpBar.obj
 0001:00004c40       ?DoVerbProperties@CComControlBase@ATL@@QAEJPBUtagRECT@@PAUHWND__@@@Z 10005c40 f i BumpBar.obj
 0001:00004dbf       ?DoVerbUIActivate@?$IOleObjectImpl@VCOPOSBumpBar@@@ATL@@QAEJPBUtagRECT@@PAUHWND__@@@Z 10005dbf f i BumpBar.obj
 0001:00004dfc       ?DoesVerbActivate@CComControlBase@ATL@@QAEHJ@Z 10005dfc f i BumpBar.obj
 0001:00004e20       ?DoesVerbUIActivate@CComControlBase@ATL@@QAEHJ@Z 10005e20 f i BumpBar.obj
 0001:00004e55       ?EndOfVar@CRegParser@ATL@@IAEHXZ 10005e55 f i BumpBar.obj
 0001:00004e75       ?EscapeSingleQuote@CAtlModule@ATL@@SAXPA_WIPB_W@Z 10005e75 f i BumpBar.obj
 0001:00004ec4       ?FindKey@?$CSimpleMap@PA_WPA_WVCExpansionVectorEqualHelper@ATL@@@ATL@@QBEHABQA_W@Z 10005ec4 f i BumpBar.obj
 0001:00004efb       ?FireTheEvent@?$CProxy_IOPOSEvents@VCOPOSBumpBar@@@@IAEXPAVOposVariant@@IAAJPB_WJ@Z 10005efb f i BumpBar.obj
 0001:00004f8d       ?FireViewChange@CComControlBase@ATL@@QAEJXZ 10005f8d f i BumpBar.obj
 0001:00004fd6       ?Fire_DataEvent@?$CProxy_IOPOSEvents@VCOPOSBumpBar@@@@QAEXJ@Z 10005fd6 f i BumpBar.obj
 0001:0000506c       ?Fire_DirectIOEvent@?$CProxy_IOPOSEvents@VCOPOSBumpBar@@@@QAEXJPAJPAPA_W@Z 1000606c f i BumpBar.obj
 0001:00005158       ?Fire_ErrorEvent@?$CProxy_IOPOSEvents@VCOPOSBumpBar@@@@QAEXJJJPAJ@Z 10006158 f i BumpBar.obj
 0001:00005249       ?Fire_OutputCompleteEvent@?$CProxy_IOPOSEvents@VCOPOSBumpBar@@@@QAEXJ@Z 10006249 f i BumpBar.obj
 0001:000052df       ?Fire_StatusUpdateEvent@?$CProxy_IOPOSEvents@VCOPOSBumpBar@@@@QAEXJ@Z 100062df f i BumpBar.obj
 0001:00005375       ?FreeHeap@?$CTempBuffer@_W$0EAA@VCCRTAllocator@ATL@@@ATL@@AAEXXZ 10006375 f i BumpBar.obj
 0001:00005375       ?FreeHeap@?$CTempBuffer@_W$0BAA@VCCRTAllocator@ATL@@@ATL@@AAEXXZ 10006375 f i BumpBar.obj
 0001:00005375       ?FreeHeap@?$CTempBuffer@E$0BAA@VCCRTAllocator@ATL@@@ATL@@AAEXXZ 10006375 f i BumpBar.obj
 0001:0000537e       ?GetAmbientLocaleID@CComControlBase@ATL@@QAEJAAK@Z 1000637e f i BumpBar.obj
 0001:000053da       ?GetAmbientUserMode@CComControlBase@ATL@@QAEJAAH@Z 100063da f i BumpBar.obj
 0001:0000544a       ?GetAt@CComDynamicUnkArray@ATL@@QAEPAUIUnknown@@H@Z 1000644a f i BumpBar.obj
 0001:00005466       ?GetClassObject@CComModule@ATL@@QAEJABU_GUID@@0PAPAX@Z 10006466 f i BumpBar.obj
 0001:00005508       ?GetConnMap@COPOSBumpBar@@SAPBU_ATL_CONNMAP_ENTRY@ATL@@PAH@Z 10006508 f i BumpBar.obj
 0001:00005578       ?GetCookie@CComDynamicUnkArray@ATL@@QAGKPAPAUIUnknown@@@Z 10006578 f i BumpBar.obj
 0001:000055b0       ?GetIDsOfNames@CComTypeInfoHolder@ATL@@QAEJABU_GUID@@PAPA_WIKPAJ@Z 100065b0 f i BumpBar.obj
 0001:000056d0       ?GetKeyAt@?$CSimpleMap@PA_WPA_WVCExpansionVectorEqualHelper@ATL@@@ATL@@QBEAAPA_WH@Z 100066d0 f i BumpBar.obj
 0001:000056f5       ?GetPagesHelper@?$ISpecifyPropertyPagesImpl@VCOPOSBumpBar@@@ATL@@IAEJPAUtagCAUUID@@PBUATL_PROPMAP_ENTRY@2@@Z 100066f5 f i BumpBar.obj
 0001:0000581c       ?GetProperty@?$CComPtr@UIDispatch@@@ATL@@SAJPAUIDispatch@@JPAUtagVARIANT@@@Z 1000681c f i BumpBar.obj
 0001:0000586b       ?GetSizeMax@CComVariant@ATL@@QBEJPAT_ULARGE_INTEGER@@@Z 1000686b f i BumpBar.obj
 0001:00005a2d       ?GetTI@CComTypeInfoHolder@ATL@@QAEJK@Z 10006a2d f i BumpBar.obj
 0001:00005c0d       ?GetTI@CComTypeInfoHolder@ATL@@QAEJKPAPAUITypeInfo@@@Z 10006c0d f i BumpBar.obj
 0001:00005c4b       ?GetUnknown@CComDynamicUnkArray@ATL@@QAGPAUIUnknown@@K@Z 10006c4b f i BumpBar.obj
 0001:00005c6c       ?GetValueAt@?$CSimpleMap@PA_WPA_WVCExpansionVectorEqualHelper@ATL@@@ATL@@QBEAAPA_WH@Z 10006c6c f i BumpBar.obj
 0001:00005c92       ?GetZoomInfo@CComControlBase@ATL@@QAEXAAUATL_DRAWINFO@@@Z 10006c92 f i BumpBar.obj
 0001:00005d25       ?HKeyFromString@CRegParser@ATL@@KAPAUHKEY__@@PA_W@Z 10006d25 f i BumpBar.obj
 0001:00005d53       ?HasSubKeys@CRegParser@ATL@@IAEHPAUHKEY__@@@Z 10006d53 f i BumpBar.obj
 0001:00005d88       ?IDataObject_GetData@CComControlBase@ATL@@QAEJPAUtagFORMATETC@@PAUtagSTGMEDIUM@@@Z 10006d88 f i BumpBar.obj
 0001:00005f2a       ?IOleInPlaceObject_InPlaceDeactivate@CComControlBase@ATL@@QAEJXZ 10006f2a f i BumpBar.obj
 0001:00005fb1       ?IOleInPlaceObject_SetObjectRects@CComControlBase@ATL@@QAEJPBUtagRECT@@0@Z 10006fb1 f i BumpBar.obj
 0001:0000607e       ?IOleInPlaceObject_UIDeactivate@CComControlBase@ATL@@QAEJXZ 1000707e f i BumpBar.obj
 0001:00006140       ?IOleObject_Advise@CComControlBase@ATL@@QAEJPAUIAdviseSink@@PAK@Z 10007140 f i BumpBar.obj
 0001:0000616a       ?IOleObject_Close@CComControlBase@ATL@@QAEJK@Z 1000716a f i BumpBar.obj
 0001:0000624e       ?IOleObject_GetClientSite@CComControlBase@ATL@@QAEJPAPAUIOleClientSite@@@Z 1000724e f i BumpBar.obj
 0001:00006277       ?IOleObject_SetClientSite@CComControlBase@ATL@@QAEJPAUIOleClientSite@@@Z 10007277 f i BumpBar.obj
 0001:000062b6       ?IOleObject_SetExtent@CComControlBase@ATL@@QAEJKPAUtagSIZE@@@Z 100072b6 f i BumpBar.obj
 0001:00006368       ?IPSI_GetIPersistStreamInit@?$IPersistStorageImpl@VCOPOSBumpBar@@@ATL@@AAEPAUIPersistStreamInit@@XZ 10007368 f i BumpBar.obj
 0001:00006410       ?IPersistStreamInit_Load@?$IPersistStreamInitImpl@VCOPOSBumpBar@@@ATL@@QAEJPAUIStream@@PBUATL_PROPMAP_ENTRY@2@@Z 10007410 f i BumpBar.obj
 0001:00006686       ?IPersistStreamInit_Save@?$IPersistStreamInitImpl@VCOPOSBumpBar@@@ATL@@QAEJPAUIStream@@HPBUATL_PROPMAP_ENTRY@2@@Z 10007686 f i BumpBar.obj
 0001:00006875       ?IQuickActivate_QuickActivate@CComControlBase@ATL@@QAEJPAUtagQACONTAINER@@PAUtagQACONTROL@@@Z 10007875 f i BumpBar.obj
 0001:00006ab7       ?IViewObject_Draw@CComControlBase@ATL@@QAEJKJPAXPAUtagDVTARGETDEVICE@@PAUHDC__@@2PBU_RECTL@@3@Z 10007ab7 f i BumpBar.obj
 0001:00006b5f       ?InPlaceActivate@CComControlBase@ATL@@QAEJJPBUtagRECT@@@Z 10007b5f f i BumpBar.obj
 0001:00006dd1       ?Init@?$CComEnumImpl@UIEnumConnectionPoints@@$1?_GUID_b196b285_bab4_101a_b69c_00aa00341d07@@3U__s_GUID@@BPAUIConnectionPoint@@V?$_CopyInterface@UIConnectionPoint@@@ATL@@@ATL@@QAEJPAPAUIConnectionPoint@@0PAUIUnknown@@W4CComEnumFlags@2@@Z 10007dd1 f i BumpBar.obj
 0001:00006ead       ?Init@?$CComEnumImpl@UIEnumConnections@@$1?_GUID_b196b287_bab4_101a_b69c_00aa00341d07@@3U__s_GUID@@BUtagCONNECTDATA@@V?$_Copy@UtagCONNECTDATA@@@ATL@@@ATL@@QAEJPAUtagCONNECTDATA@@0PAUIUnknown@@W4CComEnumFlags@2@@Z 10007ead f i BumpBar.obj
 0001:00006f89       ?Init@CComModule@ATL@@QAEJPAU_ATL_OBJMAP_ENTRY30@2@PAUHINSTANCE__@@PBU_GUID@@@Z 10007f89 f i BumpBar.obj
 0001:00006fe8       ?Init@CDynamicStdCallThunk2@ATL@@QAEHKPAX@Z 10007fe8 f i BumpBar.obj
 0001:00007013       ?InlineIsEqualUnknown@ATL@@YGHABU_GUID@@@Z 10008013 f i BumpBar.obj
 0001:0000703b       ?InternalSetAtIndex@?$CSimpleMap@PA_WPA_WVCExpansionVectorEqualHelper@ATL@@@ATL@@QAEXHABQA_W0@Z 1000803b f i BumpBar.obj
 0001:00007065       ?Invoke@CComTypeInfoHolder@ATL@@QAEJPAUIDispatch@@JABU_GUID@@KGPAUtagDISPPARAMS@@PAUtagVARIANT@@PAUtagEXCEPINFO@@PAI@Z 10008065 f i BumpBar.obj
 0001:000070a6       ?IsEqualObject@?$CComPtrBase@UIOleClientSite@@@ATL@@QAE_NPAUIUnknown@@@Z 100080a6 f i BumpBar.obj
 0001:000070a6       ?IsEqualObject@?$CComPtrBase@UITypeInfo@@@ATL@@QAE_NPAUIUnknown@@@Z 100080a6 f i BumpBar.obj
 0001:00007112       ?IsSpace@CRegParser@ATL@@IAEH_W@Z 10008112 f i BumpBar.obj
 0001:00007138       ?LoadNameCache@CComTypeInfoHolder@ATL@@QAEJPAUITypeInfo@@@Z 10008138 f i BumpBar.obj
 0001:0000726d       ?Lookup@?$CSimpleMap@PA_WPA_WVCExpansionVectorEqualHelper@ATL@@@ATL@@QBEPA_WABQA_W@Z 1000826d f i BumpBar.obj
 0001:00007293       ?NextToken@CRegParser@ATL@@IAEJPA_W@Z 10008293 f i BumpBar.obj
 0001:000073c2       ?OnKillFocus@CComControlBase@ATL@@QAEJIIJAAH@Z 100083c2 f i BumpBar.obj
 0001:0000741d       ?OnMouseActivate@CComControlBase@ATL@@QAEJIIJAAH@Z 1000841d f i BumpBar.obj
 0001:0000748b       ?OnPaint@CComControlBase@ATL@@QAEJIIJAAH@Z 1000848b f i BumpBar.obj
 0001:00007542       ?OnSetFocus@CComControlBase@ATL@@QAEJIIJAAH@Z 10008542 f i BumpBar.obj
 0001:000075cd       ?Open@CRegKey@ATL@@QAEJPAUHKEY__@@PB_WK@Z 100085cd f i BumpBar.obj
 0001:00007622       ?PreProcessBuffer@CRegParser@ATL@@QAEJPA_WPAPA_W@Z 10008622 f i BumpBar.obj
 0001:00007892       ?ProcessWindowMessage@?$CComControl@VCOPOSBumpBar@@V?$CWindowImpl@VCOPOSBumpBar@@VCWindow@ATL@@V?$CWinTraits@$0FGAAAAAA@$0A@@3@@ATL@@@ATL@@UAEHPAUHWND__@@IIJAAJK@Z 10008892 f i BumpBar.obj
 0001:0000793a       ?ReadFromStream@CComBSTR@ATL@@QAEJPAUIStream@@@Z 1000893a f i BumpBar.obj
 0001:00007a5d       ?ReadFromStream@CComVariant@ATL@@QAEJPAUIStream@@GTClassesAllowedInStream@2@K@Z 10008a5d f i BumpBar.obj
 0001:00007be7       ?RecurseDeleteKey@CRegKey@ATL@@QAEJPB_W@Z 10008be7 f i BumpBar.obj
 0001:00007cd5       ?RegCreateKeyExW@CAtlTransactionManager@ATL@@QAEJPAUHKEY__@@PB_WKPA_WKKQAU_SECURITY_ATTRIBUTES@@PAPAU3@PAK@Z 10008cd5 f i BumpBar.obj
 0001:00007d38       ?RegDeleteKeyW@CAtlTransactionManager@ATL@@QAEJPAUHKEY__@@PB_W@Z 10008d38 f i BumpBar.obj
 0001:00007d8a       ?RegOpenKeyExW@CAtlTransactionManager@ATL@@QAEJPAUHKEY__@@PB_WKKPAPAU3@@Z 10008d8a f i BumpBar.obj
 0001:00007de1       ?Register@_ATL_WNDCLASSINFOW@ATL@@QAEGPAP6GJPAUHWND__@@IIJ@Z@Z 10008de1 f i BumpBar.obj
 0001:00007e01       ?RegisterBuffer@CRegParser@ATL@@QAEJPA_WH@Z 10008e01 f i BumpBar.obj
 0001:00007f48       ?RegisterFromResource@CRegObject@ATL@@IAEJPB_W00H@Z 10008f48 f i BumpBar.obj
 0001:0000807e       ?RegisterServer@?$CAtlModuleT@VCComModule@ATL@@@ATL@@QAEJHPBU_GUID@@@Z 1000907e f i BumpBar.obj
 0001:000080ac       ?RegisterServer@CComModule@ATL@@QAEJHPBU_GUID@@@Z 100090ac f i BumpBar.obj
 0001:0000811d       ?RegisterSubkeys@CRegParser@ATL@@IAEJPA_WPAUHKEY__@@HH@Z 1000911d f i BumpBar.obj
 0001:00008779       ?Remove@CComDynamicUnkArray@ATL@@QAEHK@Z 10009779 f i BumpBar.obj
 0001:000087a2       ?RemoveAll@?$CSimpleMap@PA_WPA_WVCExpansionVectorEqualHelper@ATL@@@ATL@@QAEXXZ 100097a2 f i BumpBar.obj
 0001:000087ce       ?ResourceRegisterSz@CRegObject@ATL@@QAGJPB_W00@Z 100097ce f i BumpBar.obj
 0001:000087fb       ?ResourceUnregisterSz@CRegObject@ATL@@QAGJPB_W00@Z 100097fb f i BumpBar.obj
 0001:00008828       ?SendOnDataChange@CComControlBase@ATL@@QAEJK@Z 10009828 f i BumpBar.obj
 0001:00008875       ?SetControlFocus@CComControlBase@ATL@@QAEHH@Z 10009875 f i BumpBar.obj
 0001:00008910       ?SetMultiStringValue@CRegKey@ATL@@QAEJPB_W0@Z 10009910 f i BumpBar.obj
 0001:0000896c       ?SetStringValue@CRegKey@ATL@@QAEJPB_W0K@Z 1000996c f i BumpBar.obj
 0001:000089b5       ?SkipAssignment@CRegParser@ATL@@IAEJPA_W@Z 100099b5 f i BumpBar.obj
 0001:00008a21       ?SkipWhiteSpace@CRegParser@ATL@@IAEXXZ 10009a21 f i BumpBar.obj
 0001:00008a4a       ?StrChrW@CRegParser@ATL@@KAPA_WPA_W_W@Z 10009a4a f i BumpBar.obj
 0001:00008a87       ?Term@CAtlModule@ATL@@QAEXXZ 10009a87 f i BumpBar.obj
 0001:00008b04       ?Term@CComModule@ATL@@QAEXXZ 10009b04 f i BumpBar.obj
 0001:00008b5c       ?UnregisterServer@?$CAtlModuleT@VCComModule@ATL@@@ATL@@QAEJHPBU_GUID@@@Z 10009b5c f i BumpBar.obj
 0001:00008b82       ?UnregisterServer@CComModule@ATL@@QAEJHPBU_GUID@@@Z 10009b82 f i BumpBar.obj
 0001:00008bf3       ?UpdateRegistryFromResource@CAtlModule@ATL@@QAGJIHPAU_ATL_REGMAP_ENTRY@2@@Z 10009bf3 f i BumpBar.obj
 0001:00008dbe       ?UpdateRegistryFromResource@CAtlModule@ATL@@QAGJPB_WHPAU_ATL_REGMAP_ENTRY@2@@Z 10009dbe f i BumpBar.obj
 0001:00008f8f       ?VTFromRegType@CRegParser@ATL@@KAHPB_WAAG@Z 10009f8f f i BumpBar.obj
 0001:00008ffc       ?WindowProc@?$CWindowImplBaseT@VCWindow@ATL@@V?$CWinTraits@$0FGAAAAAA@$0A@@2@@ATL@@SGJPAUHWND__@@IIJ@Z 10009ffc f i BumpBar.obj
 0001:000090ea       ?WriteToStream@CComBSTR@ATL@@QAEJPAUIStream@@@Z 1000a0ea f i BumpBar.obj
 0001:0000914c       ?WriteToStream@CComVariant@ATL@@QAEJPAUIStream@@@Z 1000a14c f i BumpBar.obj
 0001:000092c6       ?WriteToStream@CComVariant@ATL@@QAEJPAUIStream@@G@Z 1000a2c6 f i BumpBar.obj
 0001:0000932f       ?_AtlInitialConstruct@?$CComObjectRootEx@VCComMultiThreadModel@ATL@@@ATL@@QAEJXZ 1000a32f f i BumpBar.obj
 0001:00009344       ?_AtlVerifyStackAvailable@_ATL_SAFE_ALLOCA_IMPL@ATL@@YA_NK@Z 1000a344 f i BumpBar.obj
 0001:000093c2       ?atlCreate@?$CWindowImpl@VCOPOSBumpBar@@VCWindow@ATL@@V?$CWinTraits@$0FGAAAAAA@$0A@@3@@ATL@@QAEPAUHWND__@@PAU3@V_U_RECT@2@PB_WKKV_U_MENUorID@2@PAX@Z 1000a3c2 f i BumpBar.obj
 0001:0000940d       ?atlCreate@?$CWindowImplBaseT@VCWindow@ATL@@V?$CWinTraits@$0FGAAAAAA@$0A@@2@@ATL@@QAEPAUHWND__@@PAU3@V_U_RECT@2@PB_WKKV_U_MENUorID@2@GPAX@Z 1000a40d f i BumpBar.obj
 0001:000094a9       ?copy@?$_Copy@UtagCONNECTDATA@@@ATL@@SAJPAUtagCONNECTDATA@@PBU3@@Z 1000a4a9 f i BumpBar.obj
 0001:000094df       ?copy@?$_CopyInterface@UIConnectionPoint@@@ATL@@SAJPAPAUIConnectionPoint@@PBQAU3@@Z 1000a4df f i BumpBar.obj
 0001:0000950d       ?memcpy_s@Checked@ATL@@YAXPAXIPBXI@Z 1000a50d f i BumpBar.obj
 0001:0000952c       ?ocscpy_s@@YA_NPA_WIPB_W@Z 1000a52c f i BumpBar.obj
 0001:00009576       ?wcscpy_s@Checked@ATL@@YAXPA_WIPB_W@Z 1000a576 f i BumpBar.obj
 0001:00009592       _DllCanUnloadNow@0         1000a592 f   BumpBar.obj
 0001:0000959e       _DllGetClassObject@12      1000a59e f   BumpBar.obj
 0001:000095ac       _DllMain@12                1000a5ac f   BumpBar.obj
 0001:000095ee       _DllRegisterServer@0       1000a5ee f   BumpBar.obj
 0001:000095fd       _DllUnregisterServer@0     1000a5fd f   BumpBar.obj
 0001:0000960c       _InlineIsEqualGUID         1000a60c f i BumpBar.obj
 0001:0000963c       ___local_stdio_printf_options 1000a63c f i BumpBar.obj
 0001:00009642       __vswprintf_s_l            1000a642 f i BumpBar.obj
 0001:000096ef       _swprintf_s                1000a6ef f i BumpBar.obj
 0001:0000970b       ??0?$CComControl@VCOPOSBumpBar@@V?$CWindowImpl@VCOPOSBumpBar@@VCWindow@ATL@@V?$CWinTraits@$0FGAAAAAA@$0A@@3@@ATL@@@ATL@@QAE@XZ 1000a70b f i BumpBarImpl.obj
 0001:00009732       ??0?$CProxy_IOPOSEvents@VCOPOSBumpBar@@@@QAE@XZ 1000a732 f i BumpBarImpl.obj
 0001:00009755       ??0CComControlBase@ATL@@QAE@AAPAUHWND__@@@Z 1000a755 f i BumpBarImpl.obj
 0001:000097a5       ??0COPOSBumpBar@@QAE@XZ    1000a7a5 f   BumpBarImpl.obj
 0001:000097db       ??1?$CComControl@VCOPOSBumpBar@@V?$CWindowImpl@VCOPOSBumpBar@@VCWindow@ATL@@V?$CWinTraits@$0FGAAAAAA@$0A@@3@@ATL@@@ATL@@UAE@XZ 1000a7db f i BumpBarImpl.obj
 0001:000097f4       ??1?$IConnectionPointImpl@VCOPOSBumpBar@@$1?IID_IPropertyNotifySink@@3U_GUID@@BVCComDynamicUnkArray@ATL@@@ATL@@QAE@XZ 1000a7f4 f i BumpBarImpl.obj
 0001:000097f4       ??1?$IConnectionPointImpl@VCOPOSBumpBar@@$1?DIID__IOPOSBumpBarEvents@@3U_GUID@@BVCComDynamicUnkArray@ATL@@@ATL@@QAE@XZ 1000a7f4 f i BumpBarImpl.obj
 0001:00009831       ??1CComControlBase@ATL@@UAE@XZ 1000a831 f i BumpBarImpl.obj
 0001:00009894       ??1COPOSBumpBar@@UAE@XZ    1000a894 f   BumpBarImpl.obj
 0001:000098dc       ?BumpBarSound@COPOSBumpBar@@UAGJJJJJJPAJ@Z 1000a8dc f   BumpBarImpl.obj
 0001:00009988       ?CheckHealth@COPOSBumpBar@@UAGJJPAJ@Z 1000a988 f   BumpBarImpl.obj
 0001:000099d7       ?ClaimDevice@COPOSBumpBar@@UAGJJPAJ@Z 1000a9d7 f   BumpBarImpl.obj
 0001:00009a4c       ?ClearInput@COPOSBumpBar@@UAGJPAJ@Z 1000aa4c f   BumpBarImpl.obj
 0001:00009a67       ?ClearOutput@COPOSBumpBar@@UAGJPAJ@Z 1000aa67 f   BumpBarImpl.obj
 0001:00009a82       ?Close@COPOSBumpBar@@UAGJPAJ@Z 1000aa82 f   BumpBarImpl.obj
 0001:00009af0       ?CompareFirmwareVersion@COPOSBumpBar@@UAGJPA_WPAJ1@Z 1000aaf0 f   BumpBarImpl.obj
 0001:00009b70       ?DirectIO@COPOSBumpBar@@UAGJJPAJPAPA_W0@Z 1000ab70 f   BumpBarImpl.obj
 0001:00009c1e       ?DoInvoke@COPOSBumpBar@@IAEJJPAVOposVariant@@IHPAJ_N@Z 1000ac1e f   BumpBarImpl.obj
 0001:00009cfa       ?EventClose@COPOSBumpBar@@IAEXXZ 1000acfa f i BumpBarImpl.obj
 0001:00009d2d       ?EventInit@COPOSBumpBar@@IAEJXZ 1000ad2d f i BumpBarImpl.obj
 0001:00009e01       ?EventUninit@COPOSBumpBar@@IAEXXZ 1000ae01 f i BumpBarImpl.obj
 0001:00009e53       ?EventWindowProc@COPOSBumpBar@@IAGJIIJ@Z 1000ae53 f i BumpBarImpl.obj
 0001:00009f51       ?FinalConstruct@COPOSBumpBar@@QAEJXZ 1000af51 f   BumpBarImpl.obj
 0001:00009f8a       ?FireEventCleanup@COPOSBumpBar@@IAEXXZ 1000af8a f i BumpBarImpl.obj
 0001:00009fa0       ?FireEventSetup@COPOSBumpBar@@IAE_NXZ 1000afa0 f i BumpBarImpl.obj
 0001:00009fd4       ?FreezeEvents@COPOSBumpBar@@MAGJH@Z 1000afd4 f   BumpBarImpl.obj
 0001:0000a02d       ?GetOposProp@COPOSBumpBar@@IAEJJPAFJ@Z 1000b02d f   BumpBarImpl.obj
 0001:0000a050       ?GetOposProp@COPOSBumpBar@@IAEJJPAJJ@Z 1000b050 f   BumpBarImpl.obj
 0001:0000a11f       ?GetOposProp@COPOSBumpBar@@IAEJJPAPA_WJ@Z 1000b11f f   BumpBarImpl.obj
 0001:0000a1fb       ?OnDraw@COPOSBumpBar@@MAEJAAUATL_DRAWINFO@@@Z 1000b1fb f   BumpBarImpl.obj
 0001:0000a29b       ?Open@COPOSBumpBar@@UAGJPA_WPAJ@Z 1000b29b f   BumpBarImpl.obj
 0001:0000aada       ?ReleaseDevice@COPOSBumpBar@@UAGJPAJ@Z 1000bada f   BumpBarImpl.obj
 0001:0000ab29       ?ResetStatistics@COPOSBumpBar@@UAGJPA_WPAJ@Z 1000bb29 f   BumpBarImpl.obj
 0001:0000ab80       ?RetrieveStatistics@COPOSBumpBar@@UAGJPAPA_WPAJ@Z 1000bb80 f   BumpBarImpl.obj
 0001:0000abd7       ?SOProcessID@COPOSBumpBar@@UAGJPAJ@Z 1000bbd7 f   BumpBarImpl.obj
 0001:0000abeb       ?SetCOFreezeEvents@COPOSBumpBar@@IAEXF@Z 1000bbeb f   BumpBarImpl.obj
 0001:0000ac8b       ?SetKeyTranslation@COPOSBumpBar@@UAGJJJJPAJ@Z 1000bc8b f   BumpBarImpl.obj
 0001:0000ad21       ?SetOposProp@COPOSBumpBar@@IAEJJJJ@Z 1000bd21 f   BumpBarImpl.obj
 0001:0000ae18       ?UpdateFirmware@COPOSBumpBar@@UAGJPA_WPAJ@Z 1000be18 f   BumpBarImpl.obj
 0001:0000ae6f       ?UpdateStatistics@COPOSBumpBar@@UAGJPA_WPAJ@Z 1000be6f f   BumpBarImpl.obj
 0001:0000aec6       ?get_AsyncMode@COPOSBumpBar@@UAGJPAF@Z 1000bec6 f   BumpBarImpl.obj
 0001:0000aedf       ?get_AutoToneDuration@COPOSBumpBar@@UAGJPAJ@Z 1000bedf f   BumpBarImpl.obj
 0001:0000aef8       ?get_AutoToneFrequency@COPOSBumpBar@@UAGJPAJ@Z 1000bef8 f   BumpBarImpl.obj
 0001:0000af11       ?get_BinaryConversion@COPOSBumpBar@@UAGJPAJ@Z 1000bf11 f   BumpBarImpl.obj
 0001:0000af27       ?get_BumpBarDataCount@COPOSBumpBar@@UAGJPAJ@Z 1000bf27 f   BumpBarImpl.obj
 0001:0000af40       ?get_CapCompareFirmwareVersion@COPOSBumpBar@@UAGJPAF@Z 1000bf40 f   BumpBarImpl.obj
 0001:0000af59       ?get_CapPowerReporting@COPOSBumpBar@@UAGJPAJ@Z 1000bf59 f   BumpBarImpl.obj
 0001:0000af72       ?get_CapStatisticsReporting@COPOSBumpBar@@UAGJPAF@Z 1000bf72 f   BumpBarImpl.obj
 0001:0000af8b       ?get_CapTone@COPOSBumpBar@@UAGJPAF@Z 1000bf8b f   BumpBarImpl.obj
 0001:0000afa4       ?get_CapUpdateFirmware@COPOSBumpBar@@UAGJPAF@Z 1000bfa4 f   BumpBarImpl.obj
 0001:0000afbd       ?get_CapUpdateStatistics@COPOSBumpBar@@UAGJPAF@Z 1000bfbd f   BumpBarImpl.obj
 0001:0000afd6       ?get_CheckHealthText@COPOSBumpBar@@UAGJPAPA_W@Z 1000bfd6 f   BumpBarImpl.obj
 0001:0000afef       ?get_Claimed@COPOSBumpBar@@UAGJPAF@Z 1000bfef f   BumpBarImpl.obj
 0001:0000b005       ?get_ControlObjectDescription@COPOSBumpBar@@UAGJPAPA_W@Z 1000c005 f   BumpBarImpl.obj
 0001:0000b053       ?get_ControlObjectVersion@COPOSBumpBar@@UAGJPAJ@Z 1000c053 f   BumpBarImpl.obj
 0001:0000b066       ?get_CurrentUnitID@COPOSBumpBar@@UAGJPAJ@Z 1000c066 f   BumpBarImpl.obj
 0001:0000b07f       ?get_DataCount@COPOSBumpBar@@UAGJPAJ@Z 1000c07f f   BumpBarImpl.obj
 0001:0000b095       ?get_DataEventEnabled@COPOSBumpBar@@UAGJPAF@Z 1000c095 f   BumpBarImpl.obj
 0001:0000b0ab       ?get_DeviceDescription@COPOSBumpBar@@UAGJPAPA_W@Z 1000c0ab f   BumpBarImpl.obj
 0001:0000b0c4       ?get_DeviceEnabled@COPOSBumpBar@@UAGJPAF@Z 1000c0c4 f   BumpBarImpl.obj
 0001:0000b0da       ?get_DeviceName@COPOSBumpBar@@UAGJPAPA_W@Z 1000c0da f   BumpBarImpl.obj
 0001:0000b0f3       ?get_ErrorString@COPOSBumpBar@@UAGJPAPA_W@Z 1000c0f3 f   BumpBarImpl.obj
 0001:0000b10c       ?get_ErrorUnits@COPOSBumpBar@@UAGJPAJ@Z 1000c10c f   BumpBarImpl.obj
 0001:0000b125       ?get_EventString@COPOSBumpBar@@UAGJPAPA_W@Z 1000c125 f   BumpBarImpl.obj
 0001:0000b13e       ?get_EventUnitID@COPOSBumpBar@@UAGJPAJ@Z 1000c13e f   BumpBarImpl.obj
 0001:0000b157       ?get_EventUnits@COPOSBumpBar@@UAGJPAJ@Z 1000c157 f   BumpBarImpl.obj
 0001:0000b170       ?get_FreezeEvents@COPOSBumpBar@@UAGJPAF@Z 1000c170 f   BumpBarImpl.obj
 0001:0000b186       ?get_Keys@COPOSBumpBar@@UAGJPAJ@Z 1000c186 f   BumpBarImpl.obj
 0001:0000b19f       ?get_OpenResult@COPOSBumpBar@@UAGJPAJ@Z 1000c19f f   BumpBarImpl.obj
 0001:0000b1b6       ?get_OutputID@COPOSBumpBar@@UAGJPAJ@Z 1000c1b6 f   BumpBarImpl.obj
 0001:0000b1cc       ?get_PowerNotify@COPOSBumpBar@@UAGJPAJ@Z 1000c1cc f   BumpBarImpl.obj
 0001:0000b1e2       ?get_PowerState@COPOSBumpBar@@UAGJPAJ@Z 1000c1e2 f   BumpBarImpl.obj
 0001:0000b1f8       ?get_ResultCode@COPOSBumpBar@@UAGJPAJ@Z 1000c1f8 f   BumpBarImpl.obj
 0001:0000b236       ?get_ResultCodeExtended@COPOSBumpBar@@UAGJPAJ@Z 1000c236 f   BumpBarImpl.obj
 0001:0000b24c       ?get_ServiceObjectDescription@COPOSBumpBar@@UAGJPAPA_W@Z 1000c24c f   BumpBarImpl.obj
 0001:0000b265       ?get_ServiceObjectVersion@COPOSBumpBar@@UAGJPAJ@Z 1000c265 f   BumpBarImpl.obj
 0001:0000b27b       ?get_State@COPOSBumpBar@@UAGJPAJ@Z 1000c27b f   BumpBarImpl.obj
 0001:0000b2a7       ?get_Timeout@COPOSBumpBar@@UAGJPAJ@Z 1000c2a7 f   BumpBarImpl.obj
 0001:0000b2c0       ?get_UnitsOnline@COPOSBumpBar@@UAGJPAJ@Z 1000c2c0 f   BumpBarImpl.obj
 0001:0000b2d9       ?put_AsyncMode@COPOSBumpBar@@UAGJF@Z 1000c2d9 f   BumpBarImpl.obj
 0001:0000b2f9       ?put_AutoToneDuration@COPOSBumpBar@@UAGJJ@Z 1000c2f9 f   BumpBarImpl.obj
 0001:0000b312       ?put_AutoToneFrequency@COPOSBumpBar@@UAGJJ@Z 1000c312 f   BumpBarImpl.obj
 0001:0000b32b       ?put_BinaryConversion@COPOSBumpBar@@UAGJJ@Z 1000c32b f   BumpBarImpl.obj
 0001:0000b341       ?put_CurrentUnitID@COPOSBumpBar@@UAGJJ@Z 1000c341 f   BumpBarImpl.obj
 0001:0000b35a       ?put_DataEventEnabled@COPOSBumpBar@@UAGJF@Z 1000c35a f   BumpBarImpl.obj
 0001:0000b377       ?put_DeviceEnabled@COPOSBumpBar@@UAGJF@Z 1000c377 f   BumpBarImpl.obj
 0001:0000b394       ?put_FreezeEvents@COPOSBumpBar@@UAGJF@Z 1000c394 f   BumpBarImpl.obj
 0001:0000b3e0       ?put_PowerNotify@COPOSBumpBar@@UAGJJ@Z 1000c3e0 f   BumpBarImpl.obj
 0001:0000b3f6       ?put_Timeout@COPOSBumpBar@@UAGJJ@Z 1000c3f6 f   BumpBarImpl.obj
 0001:0000b40f       ?s_EventWindowProc@COPOSBumpBar@@KGJPAUHWND__@@IIJ@Z 1000c40f f i BumpBarImpl.obj
 0001:0000b461       ??_U@YAPAXI@Z              1000c461 f   LIBCMT:new_array.obj
 0001:0000b46a       ??3@YAXPAXI@Z              1000c46a f   LIBCMT:delete_scalar_size.obj
 0001:0000b478       ??_V@YAXPAX@Z              1000c478 f   LIBCMT:delete_array.obj
 0001:0000b47d       ??_V@YAXPAXI@Z             1000c47d f   LIBCMT:delete_array_size.obj
 0001:0000b4cf       ___scrt_acquire_startup_lock 1000c4cf f   LIBCMT:utility.obj
 0001:0000b501       ___scrt_dllmain_after_initialize_c 1000c501 f   LIBCMT:utility.obj
 0001:0000b52c       ___scrt_dllmain_before_initialize_c 1000c52c f   LIBCMT:utility.obj
 0001:0000b53a       ___scrt_dllmain_crt_thread_attach 1000c53a f   LIBCMT:utility.obj
 0001:0000b559       ___scrt_dllmain_crt_thread_detach 1000c559 f   LIBCMT:utility.obj
 0001:0000b566       ___scrt_dllmain_exception_filter 1000c566 f   LIBCMT:utility.obj
 0001:0000b59a       ___scrt_dllmain_uninitialize_c 1000c59a f   LIBCMT:utility.obj
 0001:0000b5bd       ___scrt_dllmain_uninitialize_critical 1000c5bd f   LIBCMT:utility.obj
 0001:0000b5ca       ___scrt_initialize_crt     1000c5ca f   LIBCMT:utility.obj
 0001:0000b603       ___scrt_initialize_onexit_tables 1000c603 f   LIBCMT:utility.obj
 0001:0000b68a       ___scrt_is_nonwritable_in_current_image 1000c68a f   LIBCMT:utility.obj
 0001:0000b71e       ___scrt_release_startup_lock 1000c71e f   LIBCMT:utility.obj
 0001:0000b73b       ___scrt_uninitialize_crt   1000c73b f   LIBCMT:utility.obj
 0001:0000b763       __onexit                   1000c763 f   LIBCMT:utility.obj
 0001:0000b790       _atexit                    1000c790 f   LIBCMT:utility.obj
 0001:0000b7a5       ??3@YAXPAX@Z               1000c7a5 f   LIBCMT:delete_scalar.obj
 0001:0000b86f       __Init_thread_footer       1000c86f f   LIBCMT:thread_safe_statics.obj
 0001:0000b8b9       __Init_thread_header       1000c8b9 f   LIBCMT:thread_safe_statics.obj
 0001:0000b90b       __Init_thread_notify       1000c90b f   LIBCMT:thread_safe_statics.obj
 0001:0000b941       __Init_thread_wait         1000c941 f   LIBCMT:thread_safe_statics.obj
 0001:0000b98f       ___raise_securityfailure   1000c98f f   LIBCMT:gs_report.obj
 0001:0000b9b7       ___report_gsfailure        1000c9b7 f   LIBCMT:gs_report.obj
 0001:0000bab1       ___report_rangecheckfailure 1000cab1 f   LIBCMT:gs_report.obj
 0001:0000babd       ___report_securityfailure  1000cabd f   LIBCMT:gs_report.obj
 0001:0000bb8c       ??2@YAPAXIABUnothrow_t@std@@@Z 1000cb8c f   LIBCMT:new_scalar_nothrow.obj
 0001:0000bbe1       ??_U@YAPAXIABUnothrow_t@std@@@Z 1000cbe1 f   LIBCMT:new_array_nothrow.obj
 0001:0000bbea       @__security_check_cookie@4 1000cbea f   LIBCMT:secchk.obj
 0001:0000bc00       __SEH_prolog4_GS           1000cc00 f   LIBCMT:sehprolg4gs.obj
 0001:0000bc50       __alloca_probe_16          1000cc50 f   LIBCMT:alloca16.obj
 0001:0000bc66       __alloca_probe_8           1000cc66     LIBCMT:alloca16.obj
 0001:0000bc80       __chkstk                   1000cc80 f   LIBCMT:chkstk.obj
 0001:0000bc80       __alloca_probe             1000cc80 f   LIBCMT:chkstk.obj
 0001:0000bfeb       __DllMainCRTStartup@12     1000cfeb f   LIBCMT:dll_dllmain.obj
 0001:0000c00e       ??2@YAPAXI@Z               1000d00e f   LIBCMT:new_scalar.obj
 0001:0000c03e       ___isa_available_init      1000d03e f   LIBCMT:cpu_disp.obj
 0001:0000c212       ___scrt_is_ucrt_dll_in_use 1000d212 f   LIBCMT:ucrt_detection.obj
 0001:0000c21e       ___scrt_fastfail           1000d21e f   LIBCMT:utility_desktop.obj
 0001:0000c339       __crt_debugger_hook        1000d339 f   LIBCMT:utility_desktop.obj
 0001:0000c350       __SEH_prolog4              1000d350 f   LIBCMT:sehprolg4.obj
 0001:0000c395       @_guard_check_icall_nop@4  1000d395 f i LIBCMT:guard_support.obj
 0001:0000c3e5       ___security_init_cookie    1000d3e5 f   LIBCMT:gs_support.obj
 0001:0000c430       ?__scrt_initialize_type_info@@YAXXZ 1000d430 f   LIBCMT:tncleanup.obj
 0001:0000c43c       ?__scrt_uninitialize_type_info@@YAXXZ 1000d43c f   LIBCMT:tncleanup.obj
 0001:0000c448       ___local_stdio_scanf_options 1000d448 f i LIBCMT:default_local_stdio_options.obj
 0001:0000c44e       ___scrt_initialize_default_local_stdio_options 1000d44e f   LIBCMT:default_local_stdio_options.obj
 0001:0000c46b       ___scrt_get_dyn_tls_init_callback 1000d46b f   LIBCMT:dyn_tls_init.obj
 0001:0000c471       __RTC_Initialize           1000d471 f   LIBCMT:initsect.obj
 0001:0000c49d       __RTC_Terminate            1000d49d f   LIBCMT:initsect.obj
 0001:0000c4c9       ??0bad_alloc@std@@QAE@ABV01@@Z 1000d4c9 f i LIBCMT:throw_bad_alloc.obj
 0001:0000c4e4       ??0bad_alloc@std@@QAE@XZ   1000d4e4 f i LIBCMT:throw_bad_alloc.obj
 0001:0000c4fc       ??0bad_array_new_length@std@@QAE@ABV01@@Z 1000d4fc f i LIBCMT:throw_bad_alloc.obj
 0001:0000c517       ??0bad_array_new_length@std@@QAE@XZ 1000d517 f i LIBCMT:throw_bad_alloc.obj
 0001:0000c52f       ??0exception@std@@QAE@ABV01@@Z 1000d52f f i LIBCMT:throw_bad_alloc.obj
 0001:0000c55b       ??1bad_alloc@std@@UAE@XZ   1000d55b f i LIBCMT:throw_bad_alloc.obj
 0001:0000c55b       ??1bad_array_new_length@std@@UAE@XZ 1000d55b f i LIBCMT:throw_bad_alloc.obj
 0001:0000c55b       ??1bad_exception@std@@UAE@XZ 1000d55b f i libvcruntime:frame.obj
 0001:0000c56c       ??_Ebad_exception@std@@UAEPAXI@Z 1000d56c f i libvcruntime:frame.obj
 0001:0000c56c       ??_Gexception@std@@UAEPAXI@Z 1000d56c f i LIBCMT:throw_bad_alloc.obj
 0001:0000c56c       ??_Gbad_exception@std@@UAEPAXI@Z 1000d56c f i libvcruntime:frame.obj
[...]
 0002:00006480       CC                         10026480     libucrt:log10_pentium4.obj
 0002:00006490       Magic                      10026490     libucrt:log10_pentium4.obj
 0002:000064a0       hi_mask                    100264a0     libucrt:log10_pentium4.obj
 0002:000064b0       LOG10_2                    100264b0     libucrt:log10_pentium4.obj
 0002:000064c0       place_L                    100264c0     libucrt:log10_pentium4.obj
 0002:000064e0       One                        100264e0     libucrt:log10_pentium4.obj
 0002:000064f0       Zero                       100264f0     libucrt:log10_pentium4.obj
 0002:00006500       Two52                      10026500     libucrt:log10_pentium4.obj
 0002:00006510       Infs                       10026510     libucrt:log10_pentium4.obj
 0002:00006520       NaN                        10026520     libucrt:log10_pentium4.obj
 0002:00006530       coeff                      10026530     libucrt:log10_pentium4.obj
 0002:0000658e       _log2max                   1002658e     libucrt:87tran.obj
 0002:00006598       _smallarg                  10026598     libucrt:87tran.obj
 0002:000065a2       _half                      100265a2     libucrt:87tran.obj
 0002:000065ee       One                        100265ee     libucrt:87disp.obj
 0002:000065f6       Three                      100265f6     libucrt:87disp.obj
 0002:000065fe       XAMtoTagTab                100265fe     libucrt:87disp.obj
 0002:00006610       One                        10026610     libucrt:common.obj
 0002:00006624       DblMax                     10026624     libucrt:common.obj
 0002:0000662c       DblMin                     1002662c     libucrt:common.obj
 0002:00006634       IeeeAdjO                   10026634     libucrt:common.obj
 0002:0000663c       IeeeAdjU                   1002663c     libucrt:common.obj
 0002:00006644       _infinity                  10026644     libucrt:common.obj
 0002:0000664c       _zero                      1002664c     libucrt:common.obj
 0002:00006698       _over                      10026698     libucrt:fpctrl.obj
 0002:000066a4       _under                     100266a4     libucrt:fpctrl.obj
 0002:00006ed8       ?_names@?1??_get_fname@@9@4QBU<unnamed-type-_names>@?1??1@YAPADI@Z@B 10026ed8     libucrt:fpexcept.obj
 0002:00007080       two32                      10027080     LIBCMT:ftol2.obj
 0002:00007084       two63                      10027084     LIBCMT:ftol2.obj
 0002:00007088       _NaN                       10027088     LIBCMT:ftol2.obj
 0002:000077d0       __sehtable$?_AtlVerifyStackAvailable@_ATL_SAFE_ALLOCA_IMPL@ATL@@YA_NK@Z 100277d0     BumpBar.obj
 0002:000077f0       __sehtable$___scrt_is_nonwritable_in_current_image 100277f0     LIBCMT:utility.obj
 0002:0000780c       __catchsym$??2@YAPAXIABUnothrow_t@std@@@Z$2 1002780c     LIBCMT:new_scalar_nothrow.obj
 0002:0000781c       __unwindtable$??2@YAPAXIABUnothrow_t@std@@@Z 1002781c     LIBCMT:new_scalar_nothrow.obj
 0002:0000782c       __tryblocktable$??2@YAPAXIABUnothrow_t@std@@@Z 1002782c     LIBCMT:new_scalar_nothrow.obj
 0002:00007840       __ehfuncinfo$??2@YAPAXIABUnothrow_t@std@@@Z 10027840     LIBCMT:new_scalar_nothrow.obj
 0002:00007868       __sehtable$?dllmain_crt_process_attach@@YAHQAUHINSTANCE__@@QAX@Z 10027868     LIBCMT:dll_dllmain.obj
 0002:00007888       __sehtable$?dllmain_crt_process_detach@@YAH_N@Z 10027888     LIBCMT:dll_dllmain.obj
 0002:000078b0       __sehtable$?dllmain_dispatch@@YAHQAUHINSTANCE__@@KQAX@Z 100278b0     LIBCMT:dll_dllmain.obj
 0002:00007960       __sehtable$___DestructExceptionObject 10027960     libvcruntime:ehhelpers.obj
 0002:00007980       __sehtable$?FrameUnwindToState@__FrameHandler3@@SAXPAUEHRegistrationNode@@PAXPBU_s_FuncInfo@@H@Z 10027980     libvcruntime:frame.obj
 0002:000079a8       __sehtable$?CallCatchBlock@@YAPAXPAUEHExceptionRecord@@PAUEHRegistrationNode@@PAU_CONTEXT@@PBU_s_FuncInfo@@PAXHK@Z 100279a8     libvcruntime:frame.obj
 0002:000079d0       __catchsym$?CallUnexpected@@YAXPBU_s_ESTypeList@@@Z$2 100279d0     libvcruntime:frame.obj
 0002:000079e0       __unwindtable$?CallUnexpected@@YAXPBU_s_ESTypeList@@@Z 100279e0     libvcruntime:frame.obj
 0002:000079f0       __tryblocktable$?CallUnexpected@@YAXPBU_s_ESTypeList@@@Z 100279f0     libvcruntime:frame.obj
 0002:00007a04       __ehfuncinfo$?CallUnexpected@@YAXPBU_s_ESTypeList@@@Z 10027a04     libvcruntime:frame.obj
 0002:00007a28       __sehtable$??$BuildCatchObjectHelperInternal@V__FrameHandler3@@@@YAHPAUEHExceptionRecord@@PAXPBU_s_HandlerType@@PBU_s_CatchableType@@@Z 10027a28     libvcruntime:frame.obj
 0002:00007a48       __sehtable$??$BuildCatchObjectInternal@V__FrameHandler3@@@@YAXPAUEHExceptionRecord@@PAXPBU_s_HandlerType@@PBU_s_CatchableType@@@Z 10027a48     libvcruntime:frame.obj
 0002:00007a9c       __ehfuncinfo$?write_double_translated_ansi_nolock@@YA?AUwrite_result@?A0x17268360@@HQBDIAAV__crt_cached_ptd_host@@@Z 10027a9c     libucrt:write.obj
 0002:00007a9c       __ehfuncinfo$?try_cor_exit_process@@YAXI@Z 10027a9c     libucrt:exit.obj
 0002:00007ac0       __unwindtable$?common_exit@@YAXHW4_crt_exit_cleanup_mode@@W4_crt_exit_return_mode@@@Z 10027ac0     libucrt:exit.obj
 0002:00007ac8       __ehfuncinfo$?common_exit@@YAXHW4_crt_exit_cleanup_mode@@W4_crt_exit_return_mode@@@Z 10027ac8     libucrt:exit.obj
 0002:00007af0       __sehtable$??R<lambda_6e4b09c48022b2350581041d5f6b0c4c>@@QBE@XZ 10027af0     libucrt:exit.obj
 0002:00007b10       __sehtable$??$?RV<lambda_03b1d95aef87969028cfba75ccab2455>@@AAV<lambda_6e4b09c48022b2350581041d5f6b0c4c>@@V<lambda_22bdf7517842c4b3e53723af5aa32b9e>@@@?$__crt_seh_guarded_call@X@@QAEX$$QAV<lambda_03b1d95aef87969028cfba75ccab2455>@@AAV<lambda_6e4b09c48022b2350581041d5f6b0c4c>@@$$QAV<lambda_22bdf7517842c4b3e53723af5aa32b9e>@@@Z 10027b10     libucrt:exit.obj
 0002:00007b2c       __unwindtable$___dcrt_uninitialize_environments_nolock 10027b2c     libucrt:environment_initialization.obj
 0002:00007b3c       __ehfuncinfo$___dcrt_uninitialize_environments_nolock 10027b3c     libucrt:environment_initialization.obj
 0002:00007b60       __unwindtable$__execute_onexit_table 10027b60     libucrt:onexit.obj
 0002:00007b68       __ehfuncinfo$__execute_onexit_table 10027b68     libucrt:onexit.obj
 0002:00007b90       __sehtable$??$?RV<lambda_8e746cf0007f6ed984d6f78af1fec997>@@AAV<lambda_22ebabd17bc4fa466a2aca6d8deb888d>@@V<lambda_18ed0c0b38a6dc0daf1e7ac6d6adf05e>@@@?$__crt_seh_guarded_call@H@@QAEH$$QAV<lambda_8e746cf0007f6ed984d6f78af1fec997>@@AAV<lambda_22ebabd17bc4fa466a2aca6d8deb888d>@@$$QAV<lambda_18ed0c0b38a6dc0daf1e7ac6d6adf05e>@@@Z 10027b90     libucrt:onexit.obj
 0002:00007bb0       __sehtable$??$?RV<lambda_69a2805e680e0e292e8ba93315fe43a8>@@AAV<lambda_f03950bc5685219e0bcd2087efbe011e>@@V<lambda_03fcd07e894ec930e3f35da366ca99d6>@@@?$__crt_seh_guarded_call@H@@QAEH$$QAV<lambda_69a2805e680e0e292e8ba93315fe43a8>@@AAV<lambda_f03950bc5685219e0bcd2087efbe011e>@@$$QAV<lambda_03fcd07e894ec930e3f35da366ca99d6>@@@Z 10027bb0     libucrt:onexit.obj
 0002:00007bd0       __sehtable$__query_new_handler 10027bd0     libucrt:new_handler.obj
 0002:00007bf0       __sehtable$_terminate      10027bf0     libucrt:terminate.obj
 0002:00007c10       __sehtable$??$?RV<lambda_15ade71b0218206bbe3333a0c9b79046>@@AAV<lambda_da44e0f8b0f19ba52fefafb335991732>@@V<lambda_207f2d024fc103971653565357d6cd41>@@@?$__crt_seh_guarded_call@X@@QAEX$$QAV<lambda_15ade71b0218206bbe3333a0c9b79046>@@AAV<lambda_da44e0f8b0f19ba52fefafb335991732>@@$$QAV<lambda_207f2d024fc103971653565357d6cd41>@@@Z 10027c10     libucrt:per_thread_data.obj
 0002:00007c30       __sehtable$??$?RV<lambda_a7e850c220f1c8d1e6efeecdedd162c6>@@AAV<lambda_46720907175c18b6c9d2717bc0d2d362>@@V<lambda_9048902d66e8d99359bc9897bbb930a8>@@@?$__crt_seh_guarded_call@X@@QAEX$$QAV<lambda_a7e850c220f1c8d1e6efeecdedd162c6>@@AAV<lambda_46720907175c18b6c9d2717bc0d2d362>@@$$QAV<lambda_9048902d66e8d99359bc9897bbb930a8>@@@Z 10027c30     libucrt:per_thread_data.obj
 0002:00007c50       __sehtable$??$?RV<lambda_38edbb1296d33220d7e4dd0ed76b244a>@@AAV<lambda_5ce1d447e08cb34b2473517608e21441>@@V<lambda_fb385d3da700c9147fc39e65dd577a8c>@@@?$__crt_seh_guarded_call@X@@QAEX$$QAV<lambda_38edbb1296d33220d7e4dd0ed76b244a>@@AAV<lambda_5ce1d447e08cb34b2473517608e21441>@@$$QAV<lambda_fb385d3da700c9147fc39e65dd577a8c>@@@Z 10027c50     libucrt:per_thread_data.obj
 0002:00007c70       __sehtable$??$?RV<lambda_6affb1475c98b40b75cdec977db92e3c>@@AAV<lambda_b8d4b9c228a6ecc3f80208dbb4b4a104>@@V<lambda_608742c3c92a14382c1684fc64f96c88>@@@?$__crt_seh_guarded_call@X@@QAEX$$QAV<lambda_6affb1475c98b40b75cdec977db92e3c>@@AAV<lambda_b8d4b9c228a6ecc3f80208dbb4b4a104>@@$$QAV<lambda_608742c3c92a14382c1684fc64f96c88>@@@Z 10027c70     libucrt:per_thread_data.obj
 0002:00007c90       __sehtable$??$?RV<lambda_e5124f882df8998aaf41531e079ba474>@@AAV<lambda_3e16ef9562a7dcce91392c22ab16ea36>@@V<lambda_e25ca0880e6ef98be67edffd8c599615>@@@?$__crt_seh_guarded_call@X@@QAEX$$QAV<lambda_e5124f882df8998aaf41531e079ba474>@@AAV<lambda_3e16ef9562a7dcce91392c22ab16ea36>@@$$QAV<lambda_e25ca0880e6ef98be67edffd8c599615>@@@Z 10027c90     libucrt:wsetlocale.obj
 0002:00007cb0       __sehtable$___acrt_initialize_lowio 10027cb0     libucrt:ioinit.obj
 0002:00007cd0       __sehtable$?update_thread_multibyte_data_internal@@YAPAU__crt_multibyte_data@@QAU__acrt_ptd@@QAPAU1@@Z 10027cd0     libucrt:mbctype.obj
 0002:00007cf0       __sehtable$??$?RV<lambda_ceb1ee4838e85a9d631eb091e2fbe199>@@AAV<lambda_ae742caa10f662c28703da3d2ea5e57e>@@V<lambda_cd08b5d6af4937fe54fc07d0c9bf6b37>@@@?$__crt_seh_guarded_call@X@@QAEX$$QAV<lambda_ceb1ee4838e85a9d631eb091e2fbe199>@@AAV<lambda_ae742caa10f662c28703da3d2ea5e57e>@@$$QAV<lambda_cd08b5d6af4937fe54fc07d0c9bf6b37>@@@Z 10027cf0     libucrt:mbctype.obj
 0002:00007d10       __sehtable$_raise          10027d10     libucrt:signal.obj
 0002:00007d30       __sehtable$??$?RV<lambda_cbab9ec6f41b0180b23cc171c22676b0>@@AAV<lambda_44731a7d0e6d81c3e6aa82d741081786>@@V<lambda_4b292cb8dd18144e164572427af410ab>@@@?$__crt_seh_guarded_call@P6AXH@Z@@QAEP6AXH@Z$$QAV<lambda_cbab9ec6f41b0180b23cc171c22676b0>@@AAV<lambda_44731a7d0e6d81c3e6aa82d741081786>@@$$QAV<lambda_4b292cb8dd18144e164572427af410ab>@@@Z 10027d30     libucrt:signal.obj
 0002:00007d50       __sehtable$??$?RV<lambda_2866be3712abc81a800a822484c830d8>@@AAV<lambda_39ca0ed439415581b5b15c265174cece>@@V<lambda_2b24c74d71094a6cd0cb82e44167d71b>@@@?$__crt_seh_guarded_call@X@@QAEX$$QAV<lambda_2866be3712abc81a800a822484c830d8>@@AAV<lambda_39ca0ed439415581b5b15c265174cece>@@$$QAV<lambda_2b24c74d71094a6cd0cb82e44167d71b>@@@Z 10027d50     libucrt:fflush.obj
 0002:00007d70       __sehtable$??$?RV<lambda_2cc53f568c5a2bb6f192f930a45d44ea>@@AAV<lambda_ab61a845afdef5b7c387490eaf3616ee>@@V<lambda_c2ffc0b7726aa6be21d5f0026187e748>@@@?$__crt_seh_guarded_call@X@@QAEX$$QAV<lambda_2cc53f568c5a2bb6f192f930a45d44ea>@@AAV<lambda_ab61a845afdef5b7c387490eaf3616ee>@@$$QAV<lambda_c2ffc0b7726aa6be21d5f0026187e748>@@@Z 10027d70     libucrt:fflush.obj
 0002:00007d90       __sehtable$___acrt_update_thread_locale_data 10027d90     libucrt:locale_refcounting.obj
 0002:00007db0       __sehtable$__fcloseall     10027db0     libucrt:closeall.obj
 0002:00007dd0       __sehtable$___acrt_lowio_ensure_fh_exists 10027dd0     libucrt:osfinfo.obj
 0002:00007df0       __sehtable$??$?RV<lambda_9e9de3de5fa147e2223d7db92bc10aa6>@@AAV<lambda_38ce7e780aa69e748d6df282ebc68efe>@@V<lambda_8ca6da459f0f6780f1cff60fdc3d00e5>@@@?$__crt_seh_guarded_call@H@@QAEH$$QAV<lambda_9e9de3de5fa147e2223d7db92bc10aa6>@@AAV<lambda_38ce7e780aa69e748d6df282ebc68efe>@@$$QAV<lambda_8ca6da459f0f6780f1cff60fdc3d00e5>@@@Z 10027df0     libucrt:commit.obj
 0002:00007e10       __sehtable$__write_internal 10027e10     libucrt:write.obj
 0002:00007e30       __sehtable$?_fclose_internal@@YAHQAU_iobuf@@AAV__crt_cached_ptd_host@@@Z 10027e30     libucrt:fclose.obj
 0002:00007e50       __sehtable$??$?RV<lambda_d422a76eb4c3bf3ad751449ab71a6ea4>@@AAV<lambda_c9ba49e555ba839a7b07aa3fbecb7617>@@V<lambda_9476263c8ee91a25d21c55370bdb50de>@@@?$__crt_seh_guarded_call@H@@QAEH$$QAV<lambda_d422a76eb4c3bf3ad751449ab71a6ea4>@@AAV<lambda_c9ba49e555ba839a7b07aa3fbecb7617>@@$$QAV<lambda_9476263c8ee91a25d21c55370bdb50de>@@@Z 10027e50     libucrt:close.obj
 0002:00007e70       __sehtable$___set_fpsr_sse2 10027e70     libucrt:fpctrl.obj
 0002:00007e90       __sehtable$__IsNonwritableInCurrentImage 10027e90     LIBCMT:pesect.obj
 0002:00007ec0       .edata                     10027ec0     OPOSBumpBar.exp
 0002:00007ee8       rgpv                       10027ee8     OPOSBumpBar.exp
 0002:00007ef8       rgszName                   10027ef8     OPOSBumpBar.exp
 0002:00007f08       rgwOrd                     10027f08     OPOSBumpBar.exp
 0002:00007f10       szName                     10027f10     OPOSBumpBar.exp
 0002:00007f20       $N00001                    10027f20     OPOSBumpBar.exp
 0002:00007f30       $N00002                    10027f30     OPOSBumpBar.exp
 0002:00007f42       $N00003                    10027f42     OPOSBumpBar.exp
 0002:00007f54       $N00004                    10027f54     OPOSBumpBar.exp
 0002:00008562       .idata$6                   10028562     kernel32:KERNEL32.dll
 0002:00008776       .idata$6                   10028776     user32:USER32.dll
 0002:000088aa       .idata$6                   100288aa     gdi32:GDI32.dll
 0002:00008950       .idata$6                   10028950     advapi32:ADVAPI32.dll
 0002:00008a6c       .idata$6                   10028a6c     ole32:ole32.dll
 0002:00008a76       .idata$6                   10028a76     oleaut32:OLEAUT32.dll
 0003:00000110       ?ObjectMap@@3PAU_ATL_OBJMAP_ENTRY30@ATL@@A 10029110     BumpBar.obj
 0003:000001c4       ?s_RequiredMethodsPerRelease@@3PAHA 100291c4     BumpBarImpl.obj
 0003:000001e0       ?s_SOMethodNames@@3PAPADA  100291e0     BumpBarImpl.obj
 0003:00000250       ?__vcrt_flsindex@@3KA      10029250     libvcruntime:per_thread_data.obj
 0003:00000270       ?errno_no_memory@@3HA      10029270     libucrt:errno.obj
 0003:00000274       ?doserrno_no_memory@@3KA   10029274     libucrt:errno.obj
 0003:00000280       ?__acrt_flsindex@@3KA      10029280     libucrt:per_thread_data.obj
 0003:00000618       __mbctypes                 10029618     libucrt:mbctype.obj
 0003:00000720       __mbcasemaps               10029720     libucrt:mbctype.obj
 0003:00000820       ?__rgctypeflag@@3PADA      10029820     libucrt:mbctype.obj
 0003:00000828       ?__rgcode_page_info@@3PAUcode_page_info@@A 10029828     libucrt:mbctype.obj
 0003:00000a80       ?__dcrt_lowio_console_output_handle@@3PAXA 10029a80     libucrt:initcon.obj
 0003:00000a84       ?__DAZ_ENABLED@?1??__set_fpsr_sse2@@9@9 10029a84     libucrt:fpctrl.obj
 0003:00000c18       ?is_initialized_as_dll@@3_NA 10029c18     LIBCMT:utility.obj
 0003:00000c19       ?module_local_atexit_table_initialized@@3_NA 10029c19     LIBCMT:utility.obj
 0003:00000c1c       ?module_local_atexit_table@@3U_onexit_table_t@@A 10029c1c     LIBCMT:utility.obj
 0003:00000c28       ?module_local_at_quick_exit_table@@3U_onexit_table_t@@A 10029c28     LIBCMT:utility.obj
 0003:00000c34       ?g_tss_cv@@3U_RTL_CONDITION_VARIABLE@@A 10029c34     LIBCMT:thread_safe_statics.obj
 0003:00000c38       ?g_tss_event@@3PAXA        10029c38     LIBCMT:thread_safe_statics.obj
 0003:00000c3c       ?g_tss_mutex@@3U_RTL_CRITICAL_SECTION@@A 10029c3c     LIBCMT:thread_safe_statics.obj
 0003:00000c54       ?g_sleep_condition_variable_cs@@3P6GHPAU_RTL_CONDITION_VARIABLE@@PAU_RTL_CRITICAL_SECTION@@K@ZA 10029c54     LIBCMT:thread_safe_statics.obj
 0003:00000c58       ?g_wake_all_condition_variable@@3P6GXPAU_RTL_CONDITION_VARIABLE@@@ZA 10029c58     LIBCMT:thread_safe_statics.obj
 0003:00000c60       _GS_ExceptionRecord        10029c60     LIBCMT:gs_report.obj
 0003:00000cb0       _GS_ContextRecord          10029cb0     LIBCMT:gs_report.obj
 0003:00000f80       ?__proc_attached@@3HA      10029f80     LIBCMT:dll_dllmain.obj
 0003:00000fdc       ?AllocateData@@3P6GPAUAtlThunkData_t@@XZA 10029fdc     atls:atlthunk.obj
 0003:00000fe0       ?InitData@@3P6GXPAUAtlThunkData_t@@PAXI@ZA 10029fe0     atls:atlthunk.obj
 0003:00000fe4       ?DataToCode@@3P6GP6GJPAUHWND__@@IIJ@ZPAUAtlThunkData_t@@@ZA 10029fe4     atls:atlthunk.obj
 0003:00000fe8       ?FreeData@@3P6GXPAUAtlThunkData_t@@@ZA 10029fe8     atls:atlthunk.obj
 0003:00000fec       ?Initialized@@3_NA         10029fec     atls:atlthunk.obj
 0003:00000ffc       ?__vcrt_startup_thread_ptd@@3U__vcrt_ptd@@A 10029ffc     libvcruntime:per_thread_data.obj
 0003:00001024       ___vcrt_lock_table         1002a024     libvcruntime:locks.obj
 0003:0000103c       ___vcrt_locks_initialized  1002a03c     libvcruntime:locks.obj
 0003:00001068       ?heap@@3V_HeapManager@@A   1002a068     libvcruntime:undname.obj
 0003:0000107c       ?module_handles@@3PAPAUHINSTANCE__@@A 1002a07c     libvcruntime:winapi_downlevel.obj
 0003:00001088       ?function_pointers@@3PAPAXA 1002a088     libvcruntime:winapi_downlevel.obj
 0003:0000109c       ?__acrt_invalid_parameter_handler@@3V?$dual_state_global@P6AXPB_W00II@Z@__crt_state_management@@A 1002a09c     libucrt:invalid_parameter.obj
 0003:000010a0       ?c_termination_complete@@3JA 1002a0a0     libucrt:exit.obj
 0003:000010a4       ?thread_local_exit_callback_func@@3P6GXPAXK0@ZA 1002a0a4     libucrt:exit.obj
 0003:000010b0       ?program_name@?1???$common_configure_argv@D@@YAHW4_crt_argv_mode@@@Z@4PADA 1002a0b0     libucrt:argv_parsing.obj
 0003:000011e0       ?__acrt_new_handler@@3V?$dual_state_global@P6AHI@Z@__crt_state_management@@A 1002a1e0     libucrt:new_handler.obj
 0003:000011f0       ?module_handles@@3PAPAUHINSTANCE__@@A 1002a1f0     libucrt:winapi_thunks.obj
 0003:00001240       ?encoded_function_pointers@@3PAPAXA 1002a240     libucrt:winapi_thunks.obj
 0003:000012c8       ?internal_state@?1??_mbtowc_internal@@9@4U_Mbstatet@@A 1002a2c8     libucrt:mbtowc.obj
 0003:000012d8       ?enable_percent_n@@3IA     1002a2d8     libucrt:printf_count_output.obj
 0003:000014f0       ?__acrt_lock_table@@3PAU_RTL_CRITICAL_SECTION@@A 1002a4f0     libucrt:locks.obj
 0003:00001640       ?__acrt_locks_initialized@@3IA 1002a640     libucrt:locks.obj
 0003:00001650       ?fSystemSet@@3HA           1002a650     libucrt:mbctype.obj
 0003:00001654       ?initialized@?1??__acrt_initialize_multibyte@@9@4_NA 1002a654     libucrt:mbctype.obj
 0003:00001674       ?ctrlc_action@@3V?$dual_state_global@P6AXH@Z@__crt_state_management@@A 1002a674     libucrt:signal.obj
 0003:00001678       ?ctrlbreak_action@@3V?$dual_state_global@P6AXH@Z@__crt_state_management@@A 1002a678     libucrt:signal.obj
 0003:0000167c       ?abort_action@@3V?$dual_state_global@P6AXH@Z@__crt_state_management@@A 1002a67c     libucrt:signal.obj
 0003:00001680       ?term_action@@3V?$dual_state_global@P6AXH@Z@__crt_state_management@@A 1002a680     libucrt:signal.obj
 0003:00001684       ?user_matherr@@3V?$dual_state_global@P6AHPAU_exception@@@Z@__crt_state_management@@A 1002a684     libucrt:matherr.obj
 0003:00001690       ?__acrt_global_new_mode@@3V?$dual_state_global@J@__crt_state_management@@A 1002a690     libucrt:new_mode.obj
 0003:00001694       ?internal_pst@?1??__mbrtoc32_utf8@__crt_mbstring@@YAIPA_UPBDIPAU_Mbstatet@@AAV__crt_cached_ptd_host@@@Z@4U3@A 1002a694     libucrt:mbrtoc32.obj
 0003:0000169c       ?__acrt_app_type@@3W4_crt_app_type@@A 1002a69c     libucrt:report_runtime_error.obj
 0003:000016a4       __pmatherr_set             1002a6a4     libucrt:libm_error.obj
 0004:00000220       $R000000                   1002b220     BumpBar.res
 0004:00000ba8       $R000988                   1002bba8     BumpBar.res
 0004:00000c90       $R000A70                   1002bc90     BumpBar.res
 0004:00000ef8       $R000CD8                   1002bef8     BumpBar.res
 0004:00001448       $R001228                   1002c448     BumpBar.res
 0004:00004360       $R004140                   1002f360     BumpBar.res
 0004:00004390       $R004170                   1002f390     BumpBar.res
