 OPOSCheckScanner

 Timestamp is 5b863cfe (Wed Aug 29 15:28:14 2018)

 Preferred load address is 10000000

 Start         Length     Name                   Class
 0001:00000000 00000080H .text$di                CODE
 0001:00000080 0001d5dbH .text$mn                CODE
 0001:0001d65b 00000051H .text$x                 CODE
 0001:0001d6ac 00000042H .text$yd                CODE
 0002:00000000 000002fcH .idata$5                DATA
 0002:000002fc 00000004H .00cfg                  DATA
 0002:00000300 00000004H .CRT$XCA                DATA
 0002:00000304 00000004H .CRT$XCL                DATA
 0002:00000308 00000010H .CRT$XCU                DATA
 0002:00000318 00000004H .CRT$XCZ                DATA
 0002:0000031c 00000004H .CRT$XIA                DATA
 0002:00000320 00000010H .CRT$XIC                DATA
 0002:00000330 00000004H .CRT$XIZ                DATA
 0002:00000334 00000004H .CRT$XLA                DATA
 0002:00000338 00000004H .CRT$XLZ                DATA
 0002:0000033c 00000004H .CRT$XPA                DATA
 0002:00000340 00000008H .CRT$XPX                DATA
 0002:00000348 00000004H .CRT$XPXA               DATA
 0002:0000034c 00000004H .CRT$XPZ                DATA
 0002:00000350 00000004H .CRT$XTA                DATA
 0002:00000354 0000000cH .CRT$XTZ                DATA
 0002:00000358 00000000H .gfids$y                DATA
 0002:00000360 00006f28H .rdata                  DATA
 0002:00007288 00000018H .rdata$T                DATA
 0002:000072a0 00000180H .rdata$r                DATA
 0002:00007420 00000020H .rdata$sxdata           DATA
 0002:00007440 000003e0H .rdata$zzzdbg           DATA
 0002:00007820 00000004H .rtc$IAA                DATA
 0002:00007824 00000004H .rtc$IZZ                DATA
 0002:00007828 00000004H .rtc$TAA                DATA
 0002:0000782c 00000004H .rtc$TZZ                DATA
 0002:00007830 00000004H .tls                    DATA
 0002:00007834 00000004H .tls$                   DATA
 0002:00007838 00000008H .tls$ZZZ                DATA
 0002:00007840 00000624H .xdata$x                DATA
 0002:00007e64 00000004H ATL$__a                 DATA
 0002:00007e68 00000008H ATL$__z                 DATA
 0002:00007e70 000000b0H .edata                  DATA
 0002:00007f20 00000078H .idata$2                DATA
 0002:00007f98 00000014H .idata$3                DATA
 0002:00007fac 000002fcH .idata$4                DATA
 0002:000082a8 00000bc0H .idata$6                DATA
 0003:00000000 000009b0H .data                   DATA
 0003:000009b0 00000098H .data$r                 DATA
 0003:00000a48 00000b68H .bss                    DATA
 0004:00000000 00000220H .rsrc$01                DATA
 0004:00000220 000050a0H .rsrc$02                DATA

  Address         Publics by Value              Rva+Base       Lib:Object

 0000:00000000       ___guard_iat_count         00000000     <absolute>
 0000:00000000       ___guard_fids_count        00000000     <absolute>
 0000:00000000       ___guard_longjmp_table     00000000     <absolute>
 0000:00000000       ___guard_longjmp_count     00000000     <absolute>
 0000:00000000       ___hybrid_code_map_count   00000000     <absolute>
 0000:00000000       __except_list              00000000     <absolute>
 0000:00000000       ___guard_fids_table        00000000     <absolute>
 0000:00000000       ___hybrid_auxiliary_iat    00000000     <absolute>
 0000:00000000       ___dynamic_value_reloc_table 00000000     <absolute>
 0000:00000000       ___guard_iat_table         00000000     <absolute>
 0000:00000000       ___volatile_metadata       00000000     <absolute>
 0000:00000000       ___enclave_config          00000000     <absolute>
 0000:00000000       ___hybrid_code_map         00000000     <absolute>
 0000:00000008       ___safe_se_handler_count   00000008     <absolute>
 0000:0000002c       __tls_array                0000002c     <absolute>
 0000:00000100       ___guard_flags             00000100     <absolute>
 0000:00000000       ___ImageBase               10000000     <linker-defined>
 0001:00000080       ?DupWide@_CW@@AAEXXZ       10001080 f   CWString.obj
 0001:0000009c       ?cw_dup@@YGXPBDAAHAAPA_W1@Z 1000109c f   CWString.obj
 0001:0000010b       ?cw_memcpy@@YGHPA_WPBDH@Z  1000110b f   CWString.obj
 0001:00000137       ?cw_strcpy@@YAHPA_WPBD@Z   10001137 f   CWString.obj
 0001:0000014a       ?cw_strlen@@YAHPBD@Z       1000114a f   CWString.obj
 0001:00000163       ??0CAtlComModule@ATL@@QAE@XZ 10001163 f i OposVariant.obj
 0001:000001a8       ??0CAtlWinModule@ATL@@QAE@XZ 100011a8 f i OposVariant.obj
 0001:000001df       ??0OposDispParms@@QAE@PAVOposVariant@@H@Z 100011df f   OposVariant.obj
 0001:00000250       ??1OposDispParms@@QAE@XZ   10001250 f   OposVariant.obj
 0001:0000025e       ??A?$CSimpleArray@GV?$CSimpleArrayEqualHelper@G@ATL@@@ATL@@QAEAAGH@Z 1000125e f i OposVariant.obj
 0001:00000283       ??_Estringdispid@CComTypeInfoHolder@ATL@@QAEPAXI@Z 10001283 f i OposVariant.obj
 0001:000002ef       ?AtlWinModuleInit@ATL@@YGJPAU_ATL_WIN_MODULE70@1@@Z 100012ef f i OposVariant.obj
 0001:00000315       ?AtlWinModuleTerm@ATL@@YGJPAU_ATL_WIN_MODULE70@1@PAUHINSTANCE__@@@Z 10001315 f i OposVariant.obj
 0001:00000378       ?ChangeBSTR@OposVariant@@QAEXPAPA_WAAJ@Z 10001378 f   OposVariant.obj
 0001:000003b9       ?ChangeLONG@OposVariant@@QAEXPAJAAJ@Z 100013b9 f   OposVariant.obj
 0001:000003fa       ?GetLONG@OposVariant@@QAEJXZ 100013fa f   OposVariant.obj
 0001:00000415       ?Init@CComCriticalSection@ATL@@QAEJXZ 10001415 f i OposVariant.obj
 0001:0000043c       ?RemoveAll@?$CSimpleArray@PAUHINSTANCE__@@V?$CSimpleArrayEqualHelper@PAUHINSTANCE__@@@ATL@@@ATL@@QAEXXZ 1000143c f i atls:atlbase.obj
 0001:0000043c       ?RemoveAll@?$CSimpleArray@GV?$CSimpleArrayEqualHelper@G@ATL@@@ATL@@QAEXXZ 1000143c f i OposVariant.obj
 0001:00000459       ?SetBSTR@OposVariant@@QAEXPA_WAAJ@Z 10001459 f   OposVariant.obj
 0001:0000048d       ?SetBSTR_Copy@OposVariant@@QAEXPA_WAAJ@Z 1000148d f   OposVariant.obj
 0001:000004dd       ?SetBSTR_InOutPtr@OposVariant@@QAE_NPAPA_WAAJ@Z 100014dd f   OposVariant.obj
 0001:00000514       ?SetDispatch_Ptr@OposVariant@@QAEXPAUIDispatch@@AAJ@Z 10001514 f   OposVariant.obj
 0001:0000054f       ?SetLONG@OposVariant@@QAEXJ@Z 1000154f f   OposVariant.obj
 0001:00000571       ?SetLONG_Ptr@OposVariant@@QAEXPAJAAJ@Z 10001571 f   OposVariant.obj
 0001:000005a4       ?SetString@OposVariant@@QAEXPB_WAAJ@Z 100015a4 f   OposVariant.obj
 0001:000005ea       ?SetVARIANT_BOOL@OposVariant@@QAEXF@Z 100015ea f   OposVariant.obj
 0001:00000614       ?Term@CAtlComModule@ATL@@QAEXXZ 10001614 f i OposVariant.obj
 0001:0000065e       ?_AtlRaiseException@ATL@@YAXKK@Z 1000165e f i OposVariant.obj
 0001:00000673       ?Unadvise@?$IOleObjectImpl@VCOPOSCheckScanner@@@ATL@@UAGJK@Z 10001673 f i CheckScanner.obj
 0001:000006a2       ?EnumAdvise@?$IOleObjectImpl@VCOPOSCheckScanner@@@ATL@@UAGJPAPAUIEnumSTATDATA@@@Z 100016a2 f i CheckScanner.obj
 0001:000006e2       ?GetMiscStatus@?$IOleObjectImpl@VCOPOSCheckScanner@@@ATL@@UAGJKPAK@Z 100016e2 f i CheckScanner.obj
 0001:000006fa       ?QueryGetData@?$IDataObjectImpl@VCOPOSCheckScanner@@@ATL@@UAGJPAUtagFORMATETC@@@Z 100016fa f i CheckScanner.obj
 0001:000006fa       ?GetControlInfo@?$IOleControlImpl@VCOPOSCheckScanner@@@ATL@@UAGJPAUtagCONTROLINFO@@@Z 100016fa f i CheckScanner.obj
 0001:000006fa       ?Unfreeze@?$IViewObjectExImpl@VCOPOSCheckScanner@@@ATL@@UAGJK@Z 100016fa f i CheckScanner.obj
 0001:000006fa       ?ContextSensitiveHelp@?$IOleInPlaceObjectWindowlessImpl@VCOPOSCheckScanner@@@ATL@@UAGJH@Z 100016fa f i CheckScanner.obj
 0001:000006fa       ?OnMnemonic@?$IOleControlImpl@VCOPOSCheckScanner@@@ATL@@UAGJPAUtagMSG@@@Z 100016fa f i CheckScanner.obj
 0001:000006fa       ?GetDropTarget@?$IOleInPlaceObjectWindowlessImpl@VCOPOSCheckScanner@@@ATL@@UAGJPAPAUIDropTarget@@@Z 100016fa f i CheckScanner.obj
 0001:000006fa       ?SetColorScheme@?$IOleObjectImpl@VCOPOSCheckScanner@@@ATL@@UAGJPAUtagLOGPALETTE@@@Z 100016fa f i CheckScanner.obj
 0001:000006fa       ?ContextSensitiveHelp@?$IOleInPlaceActiveObjectImpl@VCOPOSCheckScanner@@@ATL@@UAGJH@Z 100016fa f i CheckScanner.obj
 0001:000006fa       ?SOOutputCompleteDummy@COPOSCheckScanner@@MAGJJ@Z 100016fa f i CheckScanner.obj
 0001:00000702       ?GetWindow@?$IOleInPlaceActiveObjectImpl@VCOPOSCheckScanner@@@ATL@@UAGJPAPAUHWND__@@@Z 10001702 f i CheckScanner.obj
 0001:0000074f       ?TranslateAcceleratorW@?$IOleInPlaceActiveObjectImpl@VCOPOSCheckScanner@@@ATL@@UAGJPAUtagMSG@@@Z 1000174f f i CheckScanner.obj
 0001:000007ed       ?SaveCompleted@?$IPersistStorageImpl@VCOPOSCheckScanner@@@ATL@@UAGJPAUIStorage@@@Z 100017ed f i CheckScanner.obj
 0001:000007ed       ?OnFrameWindowActivate@?$IOleInPlaceActiveObjectImpl@VCOPOSCheckScanner@@@ATL@@UAGJH@Z 100017ed f i CheckScanner.obj
 0001:000007ed       ?EnableModeless@?$IOleInPlaceActiveObjectImpl@VCOPOSCheckScanner@@@ATL@@UAGJH@Z 100017ed f i CheckScanner.obj
 0001:000007ed       ?OnAmbientPropertyChange@?$IOleControlImpl@VCOPOSCheckScanner@@@ATL@@UAGJJ@Z 100017ed f i CheckScanner.obj
 0001:000007f2       ?OnDocWindowActivate@?$IOleInPlaceActiveObjectImpl@VCOPOSCheckScanner@@@ATL@@UAGJH@Z 100017f2 f i CheckScanner.obj
 0001:00000814       ?ResizeBorder@?$IOleInPlaceActiveObjectImpl@VCOPOSCheckScanner@@@ATL@@UAGJPBUtagRECT@@PAUIOleInPlaceUIWindow@@H@Z 10001814 f i CheckScanner.obj
 0001:00000819       ?Draw@?$IViewObjectExImpl@VCOPOSCheckScanner@@@ATL@@UAGJKJPAXPAUtagDVTARGETDEVICE@@PAUHDC__@@2PBU_RECTL@@3P6GHK@ZK@Z 10001819 f i CheckScanner.obj
 0001:0000084b       ?GetColorSet@?$IViewObjectExImpl@VCOPOSCheckScanner@@@ATL@@UAGJKJPAXPAUtagDVTARGETDEVICE@@PAUHDC__@@PAPAUtagLOGPALETTE@@@Z 1000184b f i CheckScanner.obj
 0001:00000853       ?Freeze@?$IViewObjectExImpl@VCOPOSCheckScanner@@@ATL@@UAGJKJPAXPAK@Z 10001853 f i CheckScanner.obj
 0001:0000085b       ?SetAdvise@?$IViewObjectExImpl@VCOPOSCheckScanner@@@ATL@@UAGJKKPAUIAdviseSink@@@Z 1000185b f i CheckScanner.obj
 0001:0000087a       ?GetAdvise@?$IViewObjectExImpl@VCOPOSCheckScanner@@@ATL@@UAGJPAK0PAPAUIAdviseSink@@@Z 1000187a f i CheckScanner.obj
 0001:000008af       ?GetExtent@?$IViewObjectExImpl@VCOPOSCheckScanner@@@ATL@@UAGJKJPAUtagDVTARGETDEVICE@@PAUtagSIZE@@@Z 100018af f i CheckScanner.obj
 0001:000008e0       ?EnumFormatEtc@?$IDataObjectImpl@VCOPOSCheckScanner@@@ATL@@UAGJKPAPAUIEnumFORMATETC@@@Z 100018e0 f i CheckScanner.obj
 0001:000008e0       ?SetMoniker@?$IOleObjectImpl@VCOPOSCheckScanner@@@ATL@@UAGJKPAUIMoniker@@@Z 100018e0 f i CheckScanner.obj
 0001:000008e0       ?QueryInterface@CRegObject@ATL@@UAGJABU_GUID@@PAPAX@Z 100018e0 f i CheckScanner.obj
 0001:000008e0       ?GetRect@?$IViewObjectExImpl@VCOPOSCheckScanner@@@ATL@@UAGJKPAU_RECTL@@@Z 100018e0 f i CheckScanner.obj
 0001:000008e0       ?GetClipboardData@?$IOleObjectImpl@VCOPOSCheckScanner@@@ATL@@UAGJKPAPAUIDataObject@@@Z 100018e0 f i CheckScanner.obj
 0001:000008e0       ?GetDataHere@?$IDataObjectImpl@VCOPOSCheckScanner@@@ATL@@UAGJPAUtagFORMATETC@@PAUtagSTGMEDIUM@@@Z 100018e0 f i CheckScanner.obj
 0001:000008e0       ?GetCanonicalFormatEtc@?$IDataObjectImpl@VCOPOSCheckScanner@@@ATL@@UAGJPAUtagFORMATETC@@0@Z 100018e0 f i CheckScanner.obj
 0001:000008e8       ?GetViewStatus@?$IViewObjectExImpl@VCOPOSCheckScanner@@@ATL@@UAGJPAK@Z 100018e8 f i CheckScanner.obj
 0001:00000905       ?QueryHitPoint@?$IViewObjectExImpl@VCOPOSCheckScanner@@@ATL@@UAGJKPBUtagRECT@@UtagPOINT@@JPAK@Z 10001905 f i CheckScanner.obj
 0001:00000946       ?QueryHitRect@?$IViewObjectExImpl@VCOPOSCheckScanner@@@ATL@@UAGJKPBUtagRECT@@0JPAK@Z 10001946 f i CheckScanner.obj
 0001:000009a1       ?GetNaturalExtent@?$IViewObjectExImpl@VCOPOSCheckScanner@@@ATL@@UAGJKJPAUtagDVTARGETDEVICE@@PAUHDC__@@PAUtagExtentInfo@@PAUtagSIZE@@@Z 100019a1 f i CheckScanner.obj
 0001:000009ec       ?GetWindow@?$IOleInPlaceObjectWindowlessImpl@VCOPOSCheckScanner@@@ATL@@UAGJPAPAUHWND__@@@Z 100019ec f i CheckScanner.obj
 0001:00000a39       ?InPlaceDeactivate@?$IOleInPlaceObjectWindowlessImpl@VCOPOSCheckScanner@@@ATL@@UAGJXZ 10001a39 f i CheckScanner.obj
 0001:00000a53       ?UIDeactivate@?$IOleInPlaceObjectWindowlessImpl@VCOPOSCheckScanner@@@ATL@@UAGJXZ 10001a53 f i CheckScanner.obj
 0001:00000a6d       ?SetObjectRects@?$IOleInPlaceObjectWindowlessImpl@VCOPOSCheckScanner@@@ATL@@UAGJPBUtagRECT@@0@Z 10001a6d f i CheckScanner.obj
 0001:00000a8d       ?ReactivateAndUndo@?$IOleInPlaceObjectWindowlessImpl@VCOPOSCheckScanner@@@ATL@@UAGJXZ 10001a8d f i CheckScanner.obj
 0001:00000a95       ?OnWindowMessage@?$IOleInPlaceObjectWindowlessImpl@VCOPOSCheckScanner@@@ATL@@UAGJIIJPAJ@Z 10001a95 f i CheckScanner.obj
 0001:00000b05       ?EnumConnectionPoints@?$IConnectionPointContainerImpl@VCOPOSCheckScanner@@@ATL@@UAGJPAPAUIEnumConnectionPoints@@@Z 10001b05 f i CheckScanner.obj
 0001:00000c7f       ?FindConnectionPoint@?$IConnectionPointContainerImpl@VCOPOSCheckScanner@@@ATL@@UAGJABU_GUID@@PAPAUIConnectionPoint@@@Z 10001c7f f i CheckScanner.obj
 0001:00000d22       ?GetClassID@?$IPersistStorageImpl@VCOPOSCheckScanner@@@ATL@@UAGJPAU_GUID@@@Z 10001d22 f i CheckScanner.obj
 0001:00000d22       ?GetClassID@?$IPersistStreamInitImpl@VCOPOSCheckScanner@@@ATL@@UAGJPAU_GUID@@@Z 10001d22 f i CheckScanner.obj
 0001:00000d22       ?GetUserClassID@?$IOleObjectImpl@VCOPOSCheckScanner@@@ATL@@UAGJPAU_GUID@@@Z 10001d22 f i CheckScanner.obj
 0001:00000d46       ?IsDirty@?$IPersistStorageImpl@VCOPOSCheckScanner@@@ATL@@UAGJXZ 10001d46 f i CheckScanner.obj
 0001:00000d7a       ?InitNew@?$IPersistStorageImpl@VCOPOSCheckScanner@@@ATL@@UAGJPAUIStorage@@@Z 10001d7a f i CheckScanner.obj
 0001:00000dae       ?Load@?$IPersistStorageImpl@VCOPOSCheckScanner@@@ATL@@UAGJPAUIStorage@@@Z 10001dae f i CheckScanner.obj
 0001:00000e1a       ?Save@?$IPersistStorageImpl@VCOPOSCheckScanner@@@ATL@@UAGJPAUIStorage@@H@Z 10001e1a f i CheckScanner.obj
 0001:00000e8d       ?Update@?$IOleObjectImpl@VCOPOSCheckScanner@@@ATL@@UAGJXZ 10001e8d f i CheckScanner.obj
 0001:00000e8d       ?Release@CRegObject@ATL@@UAGKXZ 10001e8d f i CheckScanner.obj
 0001:00000e8d       ?HandsOffStorage@?$IPersistStorageImpl@VCOPOSCheckScanner@@@ATL@@UAGJXZ 10001e8d f i CheckScanner.obj
 0001:00000e8d       ?IsUpToDate@?$IOleObjectImpl@VCOPOSCheckScanner@@@ATL@@UAGJXZ 10001e8d f i CheckScanner.obj
 0001:00000e92       ?GetPages@?$ISpecifyPropertyPagesImpl@VCOPOSCheckScanner@@@ATL@@UAGJPAUtagCAUUID@@@Z 10001e92 f i CheckScanner.obj
 0001:00000ea9       ?QuickActivate@?$IQuickActivateImpl@VCOPOSCheckScanner@@@ATL@@UAGJPAUtagQACONTAINER@@PAUtagQACONTROL@@@Z 10001ea9 f i CheckScanner.obj
 0001:00000ecc       ?SetContentExtent@?$IQuickActivateImpl@VCOPOSCheckScanner@@@ATL@@UAGJPAUtagSIZE@@@Z 10001ecc f i CheckScanner.obj
 0001:00000ef8       ?GetContentExtent@?$IQuickActivateImpl@VCOPOSCheckScanner@@@ATL@@UAGJPAUtagSIZE@@@Z 10001ef8 f i CheckScanner.obj
 0001:00000f18       ?GetData@?$IDataObjectImpl@VCOPOSCheckScanner@@@ATL@@UAGJPAUtagFORMATETC@@PAUtagSTGMEDIUM@@@Z 10001f18 f i CheckScanner.obj
 0001:00000f3b       ?InitFromData@?$IOleObjectImpl@VCOPOSCheckScanner@@@ATL@@UAGJPAUIDataObject@@HK@Z 10001f3b f i CheckScanner.obj
 0001:00000f3b       ?GetMoniker@?$IOleObjectImpl@VCOPOSCheckScanner@@@ATL@@UAGJKKPAPAUIMoniker@@@Z 10001f3b f i CheckScanner.obj
 0001:00000f3b       ?SetData@?$IDataObjectImpl@VCOPOSCheckScanner@@@ATL@@UAGJPAUtagFORMATETC@@PAUtagSTGMEDIUM@@H@Z 10001f3b f i CheckScanner.obj
 0001:00000f43       ?DAdvise@?$IDataObjectImpl@VCOPOSCheckScanner@@@ATL@@UAGJPAUtagFORMATETC@@KPAUIAdviseSink@@PAK@Z 10001f43 f i CheckScanner.obj
 0001:00000f84       ?DUnadvise@?$IDataObjectImpl@VCOPOSCheckScanner@@@ATL@@UAGJK@Z 10001f84 f i CheckScanner.obj
 0001:00000fb2       ?EnumDAdvise@?$IDataObjectImpl@VCOPOSCheckScanner@@@ATL@@UAGJPAPAUIEnumSTATDATA@@@Z 10001fb2 f i CheckScanner.obj
 0001:00000ff1       ?GetClassInfoW@?$IProvideClassInfo2Impl@$1?CLSID_OPOSCheckScanner@@3U_GUID@@B$1?DIID__IOPOSCheckScannerEvents@@3U2@B$1?LIBID_OposCheckScanner_CCO@@3U2@B$00$0A@VCComTypeInfoHolder@ATL@@@ATL@@UAGJPAPAUITypeInfo@@@Z 10001ff1 f i CheckScanner.obj
 0001:00001007       ?GetGUID@?$IProvideClassInfo2Impl@$1?CLSID_OPOSCheckScanner@@3U_GUID@@B$1?DIID__IOPOSCheckScannerEvents@@3U2@B$1?LIBID_OposCheckScanner_CCO@@3U2@B$00$0A@VCComTypeInfoHolder@ATL@@@ATL@@UAGJKPAU_GUID@@@Z 10002007 f i CheckScanner.obj
 0001:00001045       __get_startup_argv_mode    10002045 f i LIBCMT:argv_mode.obj
 0001:00001045       ?FAccessAllowed@?$IObjectSafetyImpl@VCOPOSCheckScanner@@$02@ATL@@MAEHXZ 10002045 f i CheckScanner.obj
 0001:00001049       ?GetInterfaceSafetyOptions@?$IObjectSafetyImpl@VCOPOSCheckScanner@@$02@ATL@@UAGJABU_GUID@@PAK1@Z 10002049 f i CheckScanner.obj
 0001:000010bd       ?SetInterfaceSafetyOptions@?$IObjectSafetyImpl@VCOPOSCheckScanner@@$02@ATL@@UAGJABU_GUID@@KK@Z 100020bd f i CheckScanner.obj
 0001:00001137       ?_LocCPQueryInterface@?$IConnectionPointImpl@VCOPOSCheckScanner@@$1?DIID__IOPOSCheckScannerEvents@@3U_GUID@@BVCComDynamicUnkArray@ATL@@@ATL@@UAGJABU_GUID@@PAPAX@Z 10002137 f i CheckScanner.obj
 0001:00001137       ?_LocCPQueryInterface@?$IConnectionPointImpl@VCOPOSCheckScanner@@$1?IID_IPropertyNotifySink@@3U_GUID@@BVCComDynamicUnkArray@ATL@@@ATL@@UAGJABU_GUID@@PAPAX@Z 10002137 f i CheckScanner.obj
 0001:00001184       ?GetConnectionInterface@?$IConnectionPointImpl@VCOPOSCheckScanner@@$1?IID_IPropertyNotifySink@@3U_GUID@@BVCComDynamicUnkArray@ATL@@@ATL@@UAGJPAU_GUID@@@Z 10002184 f i CheckScanner.obj
 0001:000011a8       ?GetConnectionPointContainer@?$IConnectionPointImpl@VCOPOSCheckScanner@@$1?IID_IPropertyNotifySink@@3U_GUID@@BVCComDynamicUnkArray@ATL@@@ATL@@UAGJPAPAUIConnectionPointContainer@@@Z 100021a8 f i CheckScanner.obj
 0001:000011cb       ?Advise@?$IConnectionPointImpl@VCOPOSCheckScanner@@$1?DIID__IOPOSCheckScannerEvents@@3U_GUID@@BVCComDynamicUnkArray@ATL@@@ATL@@UAGJPAUIUnknown@@PAK@Z 100021cb f i CheckScanner.obj
 0001:000011cb       ?Advise@?$IConnectionPointImpl@VCOPOSCheckScanner@@$1?IID_IPropertyNotifySink@@3U_GUID@@BVCComDynamicUnkArray@ATL@@@ATL@@UAGJPAUIUnknown@@PAK@Z 100021cb f i CheckScanner.obj
 0001:0000126c       ?Unadvise@?$IConnectionPointImpl@VCOPOSCheckScanner@@$1?DIID__IOPOSCheckScannerEvents@@3U_GUID@@BVCComDynamicUnkArray@ATL@@@ATL@@UAGJK@Z 1000226c f i CheckScanner.obj
 0001:0000126c       ?Unadvise@?$IConnectionPointImpl@VCOPOSCheckScanner@@$1?IID_IPropertyNotifySink@@3U_GUID@@BVCComDynamicUnkArray@ATL@@@ATL@@UAGJK@Z 1000226c f i CheckScanner.obj
 0001:000012ac       ?EnumConnections@?$IConnectionPointImpl@VCOPOSCheckScanner@@$1?IID_IPropertyNotifySink@@3U_GUID@@BVCComDynamicUnkArray@ATL@@@ATL@@UAGJPAPAUIEnumConnections@@@Z 100022ac f i CheckScanner.obj
 0001:000012ac       ?EnumConnections@?$IConnectionPointImpl@VCOPOSCheckScanner@@$1?DIID__IOPOSCheckScannerEvents@@3U_GUID@@BVCComDynamicUnkArray@ATL@@@ATL@@UAGJPAPAUIEnumConnections@@@Z 100022ac f i CheckScanner.obj
 0001:000013b2       ?GetObjectDescription@?$CComCoClass@VCOPOSCheckScanner@@$1?CLSID_OPOSCheckScanner@@3U_GUID@@B@ATL@@SGPB_WXZ 100023b2 f i CheckScanner.obj
 0001:000013b2       ?GetCategoryMap@CComObjectRootBase@ATL@@SAPBU_ATL_CATMAP_ENTRY@2@XZ 100023b2 f i CheckScanner.obj
 0001:000013b5       ?GetConnectionInterface@?$IConnectionPointImpl@VCOPOSCheckScanner@@$1?DIID__IOPOSCheckScannerEvents@@3U_GUID@@BVCComDynamicUnkArray@ATL@@@ATL@@UAGJPAU_GUID@@@Z 100023b5 f i CheckScanner.obj
 0001:000013d9       ?GetConnectionPointContainer@?$IConnectionPointImpl@VCOPOSCheckScanner@@$1?DIID__IOPOSCheckScannerEvents@@3U_GUID@@BVCComDynamicUnkArray@ATL@@@ATL@@UAGJPAPAUIConnectionPointContainer@@@Z 100023d9 f i CheckScanner.obj
 0001:000013fc       ?UpdateRegistry@COPOSCheckScanner@@SGJH@Z 100023fc f i CheckScanner.obj
 0001:00001414       ?ProcessWindowMessage@COPOSCheckScanner@@UAEHPAUHWND__@@IIJAAJK@Z 10002414 f i CheckScanner.obj
 0001:0000145d       ?SOData@COPOSCheckScanner@@MAGJJ@Z 1000245d f i CheckScanner.obj
 0001:00001496       ?SODirectIO@COPOSCheckScanner@@MAGJJPAJPAPA_W@Z 10002496 f i CheckScanner.obj
 0001:000014df       ?SOError@COPOSCheckScanner@@MAGJJJJPAJ@Z 100024df f i CheckScanner.obj
 0001:00001534       ?SOStatusUpdate@COPOSCheckScanner@@MAGJJ@Z 10002534 f i CheckScanner.obj
 0001:0000156d       ?AddRef@CRegObject@ATL@@UAGKXZ 1000256d f i CheckScanner.obj
 0001:00001573       ?AddReplacement@CRegObject@ATL@@UAGJPB_W0@Z 10002573 f i CheckScanner.obj
 0001:000015ac       ?ClearReplacements@CRegObject@ATL@@UAGJXZ 100025ac f i CheckScanner.obj
 0001:000015be       ??_ECRegObject@ATL@@UAEPAXI@Z 100025be f i CheckScanner.obj
 0001:000015be       ??_GCRegObject@ATL@@UAEPAXI@Z 100025be f i CheckScanner.obj
 0001:000015e0       ?CreateInstance@?$CComCreator@V?$CComObjectCached@VCComClassFactory@ATL@@@ATL@@@ATL@@SGJPAXABU_GUID@@PAPAX@Z 100025e0 f i CheckScanner.obj
 0001:00001673       ?CreateInstance@?$CComCreator2@V?$CComCreator@V?$CComObject@VCOPOSCheckScanner@@@ATL@@@ATL@@V?$CComCreator@V?$CComAggObject@VCOPOSCheckScanner@@@ATL@@@2@@ATL@@SGJPAXABU_GUID@@PAPAX@Z 10002673 f i CheckScanner.obj
 0001:00001693       ?Next@?$CComEnumImpl@UIEnumConnectionPoints@@$1?_GUID_b196b285_bab4_101a_b69c_00aa00341d07@@3U__s_GUID@@BPAUIConnectionPoint@@V?$_CopyInterface@UIConnectionPoint@@@ATL@@@ATL@@UAGJKPAPAUIConnectionPoint@@PAK@Z 10002693 f i CheckScanner.obj
 0001:0000176a       ?Skip@?$CComEnumImpl@UIEnumConnectionPoints@@$1?_GUID_b196b285_bab4_101a_b69c_00aa00341d07@@3U__s_GUID@@BPAUIConnectionPoint@@V?$_CopyInterface@UIConnectionPoint@@@ATL@@@ATL@@UAGJK@Z 1000276a f i CheckScanner.obj
 0001:00001797       ?Reset@?$CComEnumImpl@UIEnumConnectionPoints@@$1?_GUID_b196b285_bab4_101a_b69c_00aa00341d07@@3U__s_GUID@@BPAUIConnectionPoint@@V?$_CopyInterface@UIConnectionPoint@@@ATL@@@ATL@@UAGJXZ 10002797 f i CheckScanner.obj
 0001:00001797       ?Reset@?$CComEnumImpl@UIEnumConnections@@$1?_GUID_b196b287_bab4_101a_b69c_00aa00341d07@@3U__s_GUID@@BUtagCONNECTDATA@@V?$_Copy@UtagCONNECTDATA@@@ATL@@@ATL@@UAGJXZ 10002797 f i CheckScanner.obj
 0001:000017a9       ?Clone@?$CComEnumImpl@UIEnumConnectionPoints@@$1?_GUID_b196b285_bab4_101a_b69c_00aa00341d07@@3U__s_GUID@@BPAUIConnectionPoint@@V?$_CopyInterface@UIConnectionPoint@@@ATL@@@ATL@@UAGJPAPAUIEnumConnectionPoints@@@Z 100027a9 f i CheckScanner.obj
 0001:00001888       ?AddRef@?$CComObject@V?$CComEnum@UIEnumConnections@@$1?_GUID_b196b287_bab4_101a_b69c_00aa00341d07@@3U__s_GUID@@BUtagCONNECTDATA@@V?$_Copy@UtagCONNECTDATA@@@ATL@@VCComSingleThreadModel@6@@ATL@@@ATL@@UAGKXZ 10002888 f i CheckScanner.obj
 0001:00001888       ?AddRef@?$CComObject@V?$CComEnum@UIEnumConnectionPoints@@$1?_GUID_b196b285_bab4_101a_b69c_00aa00341d07@@3U__s_GUID@@BPAUIConnectionPoint@@V?$_CopyInterface@UIConnectionPoint@@@ATL@@VCComSingleThreadModel@6@@ATL@@@ATL@@UAGKXZ 10002888 f i CheckScanner.obj
 0001:00001899       ?Release@?$CComObject@V?$CComEnum@UIEnumConnectionPoints@@$1?_GUID_b196b285_bab4_101a_b69c_00aa00341d07@@3U__s_GUID@@BPAUIConnectionPoint@@V?$_CopyInterface@UIConnectionPoint@@@ATL@@VCComSingleThreadModel@6@@ATL@@@ATL@@UAGKXZ 10002899 f i CheckScanner.obj
 0001:00001899       ?Release@?$CComObject@V?$CComEnum@UIEnumConnections@@$1?_GUID_b196b287_bab4_101a_b69c_00aa00341d07@@3U__s_GUID@@BUtagCONNECTDATA@@V?$_Copy@UtagCONNECTDATA@@@ATL@@VCComSingleThreadModel@6@@ATL@@@ATL@@UAGKXZ 10002899 f i CheckScanner.obj
 0001:000018d5       ?QueryInterface@?$CComObject@V?$CComEnum@UIEnumConnectionPoints@@$1?_GUID_b196b285_bab4_101a_b69c_00aa00341d07@@3U__s_GUID@@BPAUIConnectionPoint@@V?$_CopyInterface@UIConnectionPoint@@@ATL@@VCComSingleThreadModel@6@@ATL@@@ATL@@UAGJABU_GUID@@PAPAX@Z 100028d5 f i CheckScanner.obj
 0001:000018ef       ??_G?$CComObject@V?$CComEnum@UIEnumConnectionPoints@@$1?_GUID_b196b285_bab4_101a_b69c_00aa00341d07@@3U__s_GUID@@BPAUIConnectionPoint@@V?$_CopyInterface@UIConnectionPoint@@@ATL@@VCComSingleThreadModel@6@@ATL@@@ATL@@UAEPAXI@Z 100028ef f i CheckScanner.obj
 0001:000018ef       ??_E?$CComObject@V?$CComEnum@UIEnumConnectionPoints@@$1?_GUID_b196b285_bab4_101a_b69c_00aa00341d07@@3U__s_GUID@@BPAUIConnectionPoint@@V?$_CopyInterface@UIConnectionPoint@@@ATL@@VCComSingleThreadModel@6@@ATL@@@ATL@@UAEPAXI@Z 100028ef f i CheckScanner.obj
 0001:00001911       ?AddRef@?$CComObjectCached@VCComClassFactory@ATL@@@ATL@@UAGKXZ 10002911 f i CheckScanner.obj
 0001:00001938       ?Release@?$CComObjectCached@VCComClassFactory@ATL@@@ATL@@UAGKXZ 10002938 f i CheckScanner.obj
 0001:0000196e       ?QueryInterface@?$CComObjectCached@VCComClassFactory@ATL@@@ATL@@UAGJABU_GUID@@PAPAX@Z 1000296e f i CheckScanner.obj
 0001:00001988       ??_E?$CComObjectCached@VCComClassFactory@ATL@@@ATL@@UAEPAXI@Z 10002988 f i CheckScanner.obj
 0001:00001988       ??_G?$CComObjectCached@VCComClassFactory@ATL@@@ATL@@UAEPAXI@Z 10002988 f i CheckScanner.obj
 0001:000019aa       ?AddRef@?$CComAggObject@VCOPOSCheckScanner@@@ATL@@UAGKXZ 100029aa f i CheckScanner.obj
 0001:000019bb       ?Release@?$CComAggObject@VCOPOSCheckScanner@@@ATL@@UAGKXZ 100029bb f i CheckScanner.obj
 0001:000019f7       ?QueryInterface@?$CComAggObject@VCOPOSCheckScanner@@@ATL@@UAGJABU_GUID@@PAPAX@Z 100029f7 f i CheckScanner.obj
 0001:00001a46       ?AddRef@?$CComContainedObject@VCOPOSCheckScanner@@@ATL@@UAGKXZ 10002a46 f i CheckScanner.obj
 0001:00001a5c       ?Release@?$CComContainedObject@VCOPOSCheckScanner@@@ATL@@UAGKXZ 10002a5c f i CheckScanner.obj
 0001:00001a72       ?QueryInterface@?$CComContainedObject@VCOPOSCheckScanner@@@ATL@@UAGJABU_GUID@@PAPAX@Z 10002a72 f i CheckScanner.obj
 0001:00001a8d       ??_E?$CComAggObject@VCOPOSCheckScanner@@@ATL@@UAEPAXI@Z 10002a8d f i CheckScanner.obj
 0001:00001a8d       ??_G?$CComAggObject@VCOPOSCheckScanner@@@ATL@@UAEPAXI@Z 10002a8d f i CheckScanner.obj
 0001:00001ab2       ?AddRef@?$CComObject@VCOPOSCheckScanner@@@ATL@@UAGKXZ 10002ab2 f i CheckScanner.obj
 0001:00001ac9       ?Release@?$CComObject@VCOPOSCheckScanner@@@ATL@@UAGKXZ 10002ac9 f i CheckScanner.obj
 0001:00001b0b       ?QueryInterface@?$CComObject@VCOPOSCheckScanner@@@ATL@@UAGJABU_GUID@@PAPAX@Z 10002b0b f i CheckScanner.obj
 0001:00001b25       ?OnFinalMessage@?$CWindowImplBaseT@VCWindow@ATL@@V?$CWinTraits@$0FGAAAAAA@$0A@@2@@ATL@@UAEXPAUHWND__@@@Z 10002b25 f i CheckScanner.obj
 0001:00001b25       ?ObjectMain@CComObjectRootBase@ATL@@SGX_N@Z 10002b25 f i CheckScanner.obj
 0001:00001b28       ?OnDrawAdvanced@CComControlBase@ATL@@UAEJAAUATL_DRAWINFO@@@Z 10002b28 f i CheckScanner.obj
 0001:00001c17       ?CreateInstance@CComClassFactory@ATL@@UAGJPAUIUnknown@@ABU_GUID@@PAPAX@Z 10002c17 f i CheckScanner.obj
 0001:00001c55       ?LockServer@CComClassFactory@ATL@@UAGJH@Z 10002c55 f i CheckScanner.obj
 0001:00001c74       ??_GCComClassFactory@ATL@@UAEPAXI@Z 10002c74 f i CheckScanner.obj
 0001:00001c74       ??_ECComClassFactory@ATL@@UAEPAXI@Z 10002c74 f i CheckScanner.obj
 0001:00001c9f       ?Next@?$CComEnumImpl@UIEnumConnections@@$1?_GUID_b196b287_bab4_101a_b69c_00aa00341d07@@3U__s_GUID@@BUtagCONNECTDATA@@V?$_Copy@UtagCONNECTDATA@@@ATL@@@ATL@@UAGJKPAUtagCONNECTDATA@@PAK@Z 10002c9f f i CheckScanner.obj
 0001:00001d76       ?Skip@?$CComEnumImpl@UIEnumConnections@@$1?_GUID_b196b287_bab4_101a_b69c_00aa00341d07@@3U__s_GUID@@BUtagCONNECTDATA@@V?$_Copy@UtagCONNECTDATA@@@ATL@@@ATL@@UAGJK@Z 10002d76 f i CheckScanner.obj
 0001:00001da3       ?Clone@?$CComEnumImpl@UIEnumConnections@@$1?_GUID_b196b287_bab4_101a_b69c_00aa00341d07@@3U__s_GUID@@BUtagCONNECTDATA@@V?$_Copy@UtagCONNECTDATA@@@ATL@@@ATL@@UAGJPAPAUIEnumConnections@@@Z 10002da3 f i CheckScanner.obj
 0001:00001e82       ?QueryInterface@?$CComObject@V?$CComEnum@UIEnumConnections@@$1?_GUID_b196b287_bab4_101a_b69c_00aa00341d07@@3U__s_GUID@@BUtagCONNECTDATA@@V?$_Copy@UtagCONNECTDATA@@@ATL@@VCComSingleThreadModel@6@@ATL@@@ATL@@UAGJABU_GUID@@PAPAX@Z 10002e82 f i CheckScanner.obj
 0001:00001e9c       ??_G?$CComObject@V?$CComEnum@UIEnumConnections@@$1?_GUID_b196b287_bab4_101a_b69c_00aa00341d07@@3U__s_GUID@@BUtagCONNECTDATA@@V?$_Copy@UtagCONNECTDATA@@@ATL@@VCComSingleThreadModel@6@@ATL@@@ATL@@UAEPAXI@Z 10002e9c f i CheckScanner.obj
 0001:00001e9c       ??_E?$CComObject@V?$CComEnum@UIEnumConnections@@$1?_GUID_b196b287_bab4_101a_b69c_00aa00341d07@@3U__s_GUID@@BUtagCONNECTDATA@@V?$_Copy@UtagCONNECTDATA@@@ATL@@VCComSingleThreadModel@6@@ATL@@@ATL@@UAEPAXI@Z 10002e9c f i CheckScanner.obj
 0001:00001ebe       ??_E?$CComObject@VCOPOSCheckScanner@@@ATL@@W3AEPAXI@Z 10002ebe f i CheckScanner.obj
 0001:00001ec6       ??_E?$CComObject@VCOPOSCheckScanner@@@ATL@@WEM@AEPAXI@Z 10002ec6 f i CheckScanner.obj
 0001:00001ece       ?QueryInterface@?$CComObject@VCOPOSCheckScanner@@@ATL@@WHA@AGJABU_GUID@@PAPAX@Z 10002ece f i CheckScanner.obj
 0001:00001ed8       ?AddRef@?$CComObject@VCOPOSCheckScanner@@@ATL@@WHA@AGKXZ 10002ed8 f i CheckScanner.obj
 0001:00001ee2       ?Release@?$CComObject@VCOPOSCheckScanner@@@ATL@@WHA@AGKXZ 10002ee2 f i CheckScanner.obj
 0001:00001eec       ?QueryInterface@?$CComObject@VCOPOSCheckScanner@@@ATL@@WHE@AGJABU_GUID@@PAPAX@Z 10002eec f i CheckScanner.obj
 0001:00001ef6       ?AddRef@?$CComObject@VCOPOSCheckScanner@@@ATL@@WHE@AGKXZ 10002ef6 f i CheckScanner.obj
 0001:00001f00       ?Release@?$CComObject@VCOPOSCheckScanner@@@ATL@@WHE@AGKXZ 10002f00 f i CheckScanner.obj
 0001:00001f0a       ?QueryInterface@?$CComObject@VCOPOSCheckScanner@@@ATL@@WHI@AGJABU_GUID@@PAPAX@Z 10002f0a f i CheckScanner.obj
 0001:00001f14       ?AddRef@?$CComObject@VCOPOSCheckScanner@@@ATL@@WHI@AGKXZ 10002f14 f i CheckScanner.obj
 0001:00001f1e       ?Release@?$CComObject@VCOPOSCheckScanner@@@ATL@@WHI@AGKXZ 10002f1e f i CheckScanner.obj
 0001:00001f28       ?QueryInterface@?$CComObject@VCOPOSCheckScanner@@@ATL@@WHM@AGJABU_GUID@@PAPAX@Z 10002f28 f i CheckScanner.obj
 0001:00001f32       ?AddRef@?$CComObject@VCOPOSCheckScanner@@@ATL@@WHM@AGKXZ 10002f32 f i CheckScanner.obj
 0001:00001f3c       ?Release@?$CComObject@VCOPOSCheckScanner@@@ATL@@WHM@AGKXZ 10002f3c f i CheckScanner.obj
 0001:00001f46       ?QueryInterface@?$CComObject@VCOPOSCheckScanner@@@ATL@@WIA@AGJABU_GUID@@PAPAX@Z 10002f46 f i CheckScanner.obj
 0001:00001f53       ?AddRef@?$CComObject@VCOPOSCheckScanner@@@ATL@@WIA@AGKXZ 10002f53 f i CheckScanner.obj
 0001:00001f60       ?Release@?$CComObject@VCOPOSCheckScanner@@@ATL@@WIA@AGKXZ 10002f60 f i CheckScanner.obj
 0001:00001f6d       ?QueryInterface@?$CComObject@VCOPOSCheckScanner@@@ATL@@WIE@AGJABU_GUID@@PAPAX@Z 10002f6d f i CheckScanner.obj
 0001:00001f7a       ?AddRef@?$CComObject@VCOPOSCheckScanner@@@ATL@@WIE@AGKXZ 10002f7a f i CheckScanner.obj
 0001:00001f87       ?Release@?$CComObject@VCOPOSCheckScanner@@@ATL@@WIE@AGKXZ 10002f87 f i CheckScanner.obj
 0001:00001f94       ?QueryInterface@?$CComObject@VCOPOSCheckScanner@@@ATL@@WII@AGJABU_GUID@@PAPAX@Z 10002f94 f i CheckScanner.obj
 0001:00001fa1       ?AddRef@?$CComObject@VCOPOSCheckScanner@@@ATL@@WII@AGKXZ 10002fa1 f i CheckScanner.obj
 0001:00001fae       ?Release@?$CComObject@VCOPOSCheckScanner@@@ATL@@WII@AGKXZ 10002fae f i CheckScanner.obj
 0001:00001fbb       ?QueryInterface@?$CComObject@VCOPOSCheckScanner@@@ATL@@WIM@AGJABU_GUID@@PAPAX@Z 10002fbb f i CheckScanner.obj
 0001:00001fc8       ?AddRef@?$CComObject@VCOPOSCheckScanner@@@ATL@@WIM@AGKXZ 10002fc8 f i CheckScanner.obj
 0001:00001fd5       ?Release@?$CComObject@VCOPOSCheckScanner@@@ATL@@WIM@AGKXZ 10002fd5 f i CheckScanner.obj
 0001:00001fe2       ?QueryInterface@?$CComObject@VCOPOSCheckScanner@@@ATL@@WJA@AGJABU_GUID@@PAPAX@Z 10002fe2 f i CheckScanner.obj
 0001:00001fef       ?AddRef@?$CComObject@VCOPOSCheckScanner@@@ATL@@WJA@AGKXZ 10002fef f i CheckScanner.obj
 0001:00001ffc       ?Release@?$CComObject@VCOPOSCheckScanner@@@ATL@@WJA@AGKXZ 10002ffc f i CheckScanner.obj
 0001:00002009       ?QueryInterface@?$CComObject@VCOPOSCheckScanner@@@ATL@@WJE@AGJABU_GUID@@PAPAX@Z 10003009 f i CheckScanner.obj
 0001:00002016       ?AddRef@?$CComObject@VCOPOSCheckScanner@@@ATL@@WJE@AGKXZ 10003016 f i CheckScanner.obj
 0001:00002023       ?Release@?$CComObject@VCOPOSCheckScanner@@@ATL@@WJE@AGKXZ 10003023 f i CheckScanner.obj
 0001:00002030       ?QueryInterface@?$CComObject@VCOPOSCheckScanner@@@ATL@@WJI@AGJABU_GUID@@PAPAX@Z 10003030 f i CheckScanner.obj
 0001:0000203d       ?AddRef@?$CComObject@VCOPOSCheckScanner@@@ATL@@WJI@AGKXZ 1000303d f i CheckScanner.obj
 0001:0000204a       ?Release@?$CComObject@VCOPOSCheckScanner@@@ATL@@WJI@AGKXZ 1000304a f i CheckScanner.obj
 0001:00002057       ?QueryInterface@?$CComObject@VCOPOSCheckScanner@@@ATL@@WJM@AGJABU_GUID@@PAPAX@Z 10003057 f i CheckScanner.obj
 0001:00002064       ?AddRef@?$CComObject@VCOPOSCheckScanner@@@ATL@@WJM@AGKXZ 10003064 f i CheckScanner.obj
 0001:00002071       ?Release@?$CComObject@VCOPOSCheckScanner@@@ATL@@WJM@AGKXZ 10003071 f i CheckScanner.obj
 0001:0000207e       ?QueryInterface@?$CComObject@VCOPOSCheckScanner@@@ATL@@WKA@AGJABU_GUID@@PAPAX@Z 1000307e f i CheckScanner.obj
 0001:0000208b       ?AddRef@?$CComObject@VCOPOSCheckScanner@@@ATL@@WKA@AGKXZ 1000308b f i CheckScanner.obj
 0001:00002098       ?Release@?$CComObject@VCOPOSCheckScanner@@@ATL@@WKA@AGKXZ 10003098 f i CheckScanner.obj
 0001:000020a5       ?AddRef@?$CComObject@VCOPOSCheckScanner@@@ATL@@WKI@AGKXZ 100030a5 f i CheckScanner.obj
 0001:000020b2       ?Release@?$CComObject@VCOPOSCheckScanner@@@ATL@@WKI@AGKXZ 100030b2 f i CheckScanner.obj
 0001:000020bf       ?AddRef@?$CComObject@VCOPOSCheckScanner@@@ATL@@WLE@AGKXZ 100030bf f i CheckScanner.obj
 0001:000020cc       ?Release@?$CComObject@VCOPOSCheckScanner@@@ATL@@WLE@AGKXZ 100030cc f i CheckScanner.obj
 0001:000020d9       ??_E?$CComContainedObject@VCOPOSCheckScanner@@@ATL@@W3AEPAXI@Z 100030d9 f i CheckScanner.obj
 0001:000020e1       ??_E?$CComContainedObject@VCOPOSCheckScanner@@@ATL@@WEM@AEPAXI@Z 100030e1 f i CheckScanner.obj
 0001:000020e9       ?QueryInterface@?$CComContainedObject@VCOPOSCheckScanner@@@ATL@@WHA@AGJABU_GUID@@PAPAX@Z 100030e9 f i CheckScanner.obj
 0001:000020f3       ?AddRef@?$CComContainedObject@VCOPOSCheckScanner@@@ATL@@WHA@AGKXZ 100030f3 f i CheckScanner.obj
 0001:000020fd       ?Release@?$CComContainedObject@VCOPOSCheckScanner@@@ATL@@WHA@AGKXZ 100030fd f i CheckScanner.obj
 0001:00002107       ?QueryInterface@?$CComContainedObject@VCOPOSCheckScanner@@@ATL@@WHE@AGJABU_GUID@@PAPAX@Z 10003107 f i CheckScanner.obj
 0001:00002111       ?AddRef@?$CComContainedObject@VCOPOSCheckScanner@@@ATL@@WHE@AGKXZ 10003111 f i CheckScanner.obj
 0001:0000211b       ?Release@?$CComContainedObject@VCOPOSCheckScanner@@@ATL@@WHE@AGKXZ 1000311b f i CheckScanner.obj
 0001:00002125       ?QueryInterface@?$CComContainedObject@VCOPOSCheckScanner@@@ATL@@WHI@AGJABU_GUID@@PAPAX@Z 10003125 f i CheckScanner.obj
 0001:0000212f       ?AddRef@?$CComContainedObject@VCOPOSCheckScanner@@@ATL@@WHI@AGKXZ 1000312f f i CheckScanner.obj
 0001:00002139       ?Release@?$CComContainedObject@VCOPOSCheckScanner@@@ATL@@WHI@AGKXZ 10003139 f i CheckScanner.obj
 0001:00002143       ?QueryInterface@?$CComContainedObject@VCOPOSCheckScanner@@@ATL@@WHM@AGJABU_GUID@@PAPAX@Z 10003143 f i CheckScanner.obj
 0001:0000214d       ?AddRef@?$CComContainedObject@VCOPOSCheckScanner@@@ATL@@WHM@AGKXZ 1000314d f i CheckScanner.obj
 0001:00002157       ?Release@?$CComContainedObject@VCOPOSCheckScanner@@@ATL@@WHM@AGKXZ 10003157 f i CheckScanner.obj
 0001:00002161       ?QueryInterface@?$CComContainedObject@VCOPOSCheckScanner@@@ATL@@WIA@AGJABU_GUID@@PAPAX@Z 10003161 f i CheckScanner.obj
 0001:0000216e       ?AddRef@?$CComContainedObject@VCOPOSCheckScanner@@@ATL@@WIA@AGKXZ 1000316e f i CheckScanner.obj
 0001:0000217b       ?Release@?$CComContainedObject@VCOPOSCheckScanner@@@ATL@@WIA@AGKXZ 1000317b f i CheckScanner.obj
 0001:00002188       ?QueryInterface@?$CComContainedObject@VCOPOSCheckScanner@@@ATL@@WIE@AGJABU_GUID@@PAPAX@Z 10003188 f i CheckScanner.obj
 0001:00002195       ?AddRef@?$CComContainedObject@VCOPOSCheckScanner@@@ATL@@WIE@AGKXZ 10003195 f i CheckScanner.obj
 0001:000021a2       ?Release@?$CComContainedObject@VCOPOSCheckScanner@@@ATL@@WIE@AGKXZ 100031a2 f i CheckScanner.obj
 0001:000021af       ?QueryInterface@?$CComContainedObject@VCOPOSCheckScanner@@@ATL@@WII@AGJABU_GUID@@PAPAX@Z 100031af f i CheckScanner.obj
 0001:000021bc       ?AddRef@?$CComContainedObject@VCOPOSCheckScanner@@@ATL@@WII@AGKXZ 100031bc f i CheckScanner.obj
 0001:000021c9       ?Release@?$CComContainedObject@VCOPOSCheckScanner@@@ATL@@WII@AGKXZ 100031c9 f i CheckScanner.obj
 0001:000021d6       ?QueryInterface@?$CComContainedObject@VCOPOSCheckScanner@@@ATL@@WIM@AGJABU_GUID@@PAPAX@Z 100031d6 f i CheckScanner.obj
 0001:000021e3       ?AddRef@?$CComContainedObject@VCOPOSCheckScanner@@@ATL@@WIM@AGKXZ 100031e3 f i CheckScanner.obj
 0001:000021f0       ?Release@?$CComContainedObject@VCOPOSCheckScanner@@@ATL@@WIM@AGKXZ 100031f0 f i CheckScanner.obj
 0001:000021fd       ?QueryInterface@?$CComContainedObject@VCOPOSCheckScanner@@@ATL@@WJA@AGJABU_GUID@@PAPAX@Z 100031fd f i CheckScanner.obj
 0001:0000220a       ?AddRef@?$CComContainedObject@VCOPOSCheckScanner@@@ATL@@WJA@AGKXZ 1000320a f i CheckScanner.obj
 0001:00002217       ?Release@?$CComContainedObject@VCOPOSCheckScanner@@@ATL@@WJA@AGKXZ 10003217 f i CheckScanner.obj
 0001:00002224       ?QueryInterface@?$CComContainedObject@VCOPOSCheckScanner@@@ATL@@WJE@AGJABU_GUID@@PAPAX@Z 10003224 f i CheckScanner.obj
 0001:00002231       ?AddRef@?$CComContainedObject@VCOPOSCheckScanner@@@ATL@@WJE@AGKXZ 10003231 f i CheckScanner.obj
 0001:0000223e       ?Release@?$CComContainedObject@VCOPOSCheckScanner@@@ATL@@WJE@AGKXZ 1000323e f i CheckScanner.obj
 0001:0000224b       ?QueryInterface@?$CComContainedObject@VCOPOSCheckScanner@@@ATL@@WJI@AGJABU_GUID@@PAPAX@Z 1000324b f i CheckScanner.obj
 0001:00002258       ?AddRef@?$CComContainedObject@VCOPOSCheckScanner@@@ATL@@WJI@AGKXZ 10003258 f i CheckScanner.obj
 0001:00002265       ?Release@?$CComContainedObject@VCOPOSCheckScanner@@@ATL@@WJI@AGKXZ 10003265 f i CheckScanner.obj
 0001:00002272       ?QueryInterface@?$CComContainedObject@VCOPOSCheckScanner@@@ATL@@WJM@AGJABU_GUID@@PAPAX@Z 10003272 f i CheckScanner.obj
 0001:0000227f       ?AddRef@?$CComContainedObject@VCOPOSCheckScanner@@@ATL@@WJM@AGKXZ 1000327f f i CheckScanner.obj
 0001:0000228c       ?Release@?$CComContainedObject@VCOPOSCheckScanner@@@ATL@@WJM@AGKXZ 1000328c f i CheckScanner.obj
 0001:00002299       ?QueryInterface@?$CComContainedObject@VCOPOSCheckScanner@@@ATL@@WKA@AGJABU_GUID@@PAPAX@Z 10003299 f i CheckScanner.obj
 0001:000022a6       ?AddRef@?$CComContainedObject@VCOPOSCheckScanner@@@ATL@@WKA@AGKXZ 100032a6 f i CheckScanner.obj
 0001:000022b3       ?Release@?$CComContainedObject@VCOPOSCheckScanner@@@ATL@@WKA@AGKXZ 100032b3 f i CheckScanner.obj
 0001:000022c0       ?AddRef@?$CComContainedObject@VCOPOSCheckScanner@@@ATL@@WKI@AGKXZ 100032c0 f i CheckScanner.obj
 0001:000022cd       ?Release@?$CComContainedObject@VCOPOSCheckScanner@@@ATL@@WKI@AGKXZ 100032cd f i CheckScanner.obj
 0001:000022da       ?AddRef@?$CComContainedObject@VCOPOSCheckScanner@@@ATL@@WLE@AGKXZ 100032da f i CheckScanner.obj
 0001:000022e7       ?Release@?$CComContainedObject@VCOPOSCheckScanner@@@ATL@@WLE@AGKXZ 100032e7 f i CheckScanner.obj
 0001:000022f4       ?Lock@CAtlModule@ATL@@UAEJXZ 100032f4 f i CheckScanner.obj
 0001:000022fe       ?Unlock@CAtlModule@ATL@@UAEJXZ 100032fe f i CheckScanner.obj
 0001:00002308       ?GetLockCount@CAtlModule@ATL@@UAEJXZ 10003308 f i CheckScanner.obj
 0001:0000230c       ?GetGITPtr@CAtlModule@ATL@@UAEJPAPAUIGlobalInterfaceTable@@@Z 1000330c f i CheckScanner.obj
 0001:00002358       ?GetWindowProc@?$CWindowImplBaseT@VCWindow@ATL@@V?$CWinTraits@$0FGAAAAAA@$0A@@2@@ATL@@UAEP6GJPAUHWND__@@IIJ@ZXZ 10003358 f i CheckScanner.obj
 0001:0000235e       ?StartWindowProc@?$CWindowImplBaseT@VCWindow@ATL@@V?$CWinTraits@$0FGAAAAAA@$0A@@2@@ATL@@SGJPAUHWND__@@IIJ@Z 1000335e f i CheckScanner.obj
 0001:000023b2       ?AddCommonRGSReplacements@?$CAtlModuleT@VCComModule@ATL@@@ATL@@UAEJPAUIRegistrarBase@@@Z 100033b2 f i CheckScanner.obj
 0001:000023cc       ?UpdateRegistryFromResourceD@CComModule@ATL@@UAGJPB_WHPAU_ATL_REGMAP_ENTRY@2@@Z 100033cc f i CheckScanner.obj
 0001:000023cc       ?UpdateRegistryFromResourceD@CComModule@ATL@@UAGJIHPAU_ATL_REGMAP_ENTRY@2@@Z 100033cc f i CheckScanner.obj
 0001:000023d4       ?UpdateRegistryFromResource@CComModule@ATL@@UAGJPB_WHPAU_ATL_REGMAP_ENTRY@2@@Z 100033d4 f i CheckScanner.obj
 0001:000023dd       ?UpdateRegistryFromResource@CComModule@ATL@@UAGJIHPAU_ATL_REGMAP_ENTRY@2@@Z 100033dd f i CheckScanner.obj
 0001:000023e6       ?GetTypeInfoCount@?$IDispatchImpl@UIOPOSCheckScanner@@$1?IID_IOPOSCheckScanner@@3U_GUID@@B$1?LIBID_OposCheckScanner_CCO@@3U3@B$00$0A@VCComTypeInfoHolder@ATL@@@ATL@@UAGJPAI@Z 100033e6 f i CheckScanner.obj
 0001:00002403       ?GetTypeInfo@?$IDispatchImpl@UIOPOSCheckScanner@@$1?IID_IOPOSCheckScanner@@3U_GUID@@B$1?LIBID_OposCheckScanner_CCO@@3U3@B$00$0A@VCComTypeInfoHolder@ATL@@@ATL@@UAGJIKPAPAUITypeInfo@@@Z 10003403 f i CheckScanner.obj
 0001:00002427       ?GetIDsOfNames@?$IDispatchImpl@UIOPOSCheckScanner@@$1?IID_IOPOSCheckScanner@@3U_GUID@@B$1?LIBID_OposCheckScanner_CCO@@3U3@B$00$0A@VCComTypeInfoHolder@ATL@@@ATL@@UAGJABU_GUID@@PAPA_WIKPAJ@Z 10003427 f i CheckScanner.obj
 0001:00002447       ?Invoke@?$IDispatchImpl@UIOPOSCheckScanner@@$1?IID_IOPOSCheckScanner@@3U_GUID@@B$1?LIBID_OposCheckScanner_CCO@@3U3@B$00$0A@VCComTypeInfoHolder@ATL@@@ATL@@UAGJJABU_GUID@@KGPAUtagDISPPARAMS@@PAUtagVARIANT@@PAUtagEXCEPINFO@@PAI@Z 10003447 f i CheckScanner.obj
 0001:00002455       ??_ECComModule@ATL@@UAEPAXI@Z 10003455 f i CheckScanner.obj
 0001:00002455       ??_GCComModule@ATL@@UAEPAXI@Z 10003455 f i CheckScanner.obj
 0001:0000247d       ?CreateControlWindow@?$CComControl@VCOPOSCheckScanner@@V?$CWindowImpl@VCOPOSCheckScanner@@VCWindow@ATL@@V?$CWinTraits@$0FGAAAAAA@$0A@@3@@ATL@@@ATL@@UAEPAUHWND__@@PAU3@AAUtagRECT@@@Z 1000347d f i CheckScanner.obj
 0001:000024ac       ?ControlQueryInterface@?$CComControl@VCOPOSCheckScanner@@V?$CWindowImpl@VCOPOSCheckScanner@@VCWindow@ATL@@V?$CWinTraits@$0FGAAAAAA@$0A@@3@@ATL@@@ATL@@UAEJABU_GUID@@PAPAX@Z 100034ac f i CheckScanner.obj
 0001:000024c7       ?IsDirty@?$IPersistStreamInitImpl@VCOPOSCheckScanner@@@ATL@@UAGJXZ 100034c7 f i CheckScanner.obj
 0001:000024e6       ?Load@?$IPersistStreamInitImpl@VCOPOSCheckScanner@@@ATL@@UAGJPAUIStream@@@Z 100034e6 f i CheckScanner.obj
 0001:00002505       ?Save@?$IPersistStreamInitImpl@VCOPOSCheckScanner@@@ATL@@UAGJPAUIStream@@H@Z 10003505 f i CheckScanner.obj
 0001:00002527       ?GetSizeMax@?$IPersistStreamInitImpl@VCOPOSCheckScanner@@@ATL@@UAGJPAT_ULARGE_INTEGER@@@Z 10003527 f i CheckScanner.obj
 0001:000026dc       ?InitNew@?$IPersistStreamInitImpl@VCOPOSCheckScanner@@@ATL@@UAGJXZ 100036dc f i CheckScanner.obj
 0001:000026f9       ?SetClientSite@?$IOleObjectImpl@VCOPOSCheckScanner@@@ATL@@UAGJPAUIOleClientSite@@@Z 100036f9 f i CheckScanner.obj
 0001:00002716       ?GetClientSite@?$IOleObjectImpl@VCOPOSCheckScanner@@@ATL@@UAGJPAPAUIOleClientSite@@@Z 10003716 f i CheckScanner.obj
 0001:00002733       ?SetHostNames@?$IOleObjectImpl@VCOPOSCheckScanner@@@ATL@@UAGJPB_W0@Z 10003733 f i CheckScanner.obj
 0001:00002738       ?Close@?$IOleObjectImpl@VCOPOSCheckScanner@@@ATL@@UAGJK@Z 10003738 f i CheckScanner.obj
 0001:00002755       ?DoVerb@?$IOleObjectImpl@VCOPOSCheckScanner@@@ATL@@UAGJJPAUtagMSG@@PAUIOleClientSite@@JPAUHWND__@@PBUtagRECT@@@Z 10003755 f i CheckScanner.obj
 0001:0000286d       ?EnumVerbs@?$IOleObjectImpl@VCOPOSCheckScanner@@@ATL@@UAGJPAPAUIEnumOLEVERB@@@Z 1000386d f i CheckScanner.obj
 0001:0000288f       ?GetUserType@?$IOleObjectImpl@VCOPOSCheckScanner@@@ATL@@UAGJKPAPA_W@Z 1000388f f i CheckScanner.obj
 0001:000028a7       ?SetExtent@?$IOleObjectImpl@VCOPOSCheckScanner@@@ATL@@UAGJKPAUtagSIZE@@@Z 100038a7 f i CheckScanner.obj
 0001:000028c7       ?GetExtent@?$IOleObjectImpl@VCOPOSCheckScanner@@@ATL@@UAGJKPAUtagSIZE@@@Z 100038c7 f i CheckScanner.obj
 0001:00002905       ?Advise@?$IOleObjectImpl@VCOPOSCheckScanner@@@ATL@@UAGJPAUIAdviseSink@@PAK@Z 10003905 f i CheckScanner.obj
 0001:00002925       ??$?4UITypeInfo2@@@?$CComPtr@UITypeInfo@@@ATL@@QAEPAUITypeInfo@@ABV?$CComPtr@UITypeInfo2@@@1@@Z 10003925 f i CheckScanner.obj
 0001:00002952       ??$AtlAdd@K@ATL@@YAJPAKKK@Z 10003952 f i CheckScanner.obj
 0001:00002975       ??$AtlAdd@_K@ATL@@YAJPA_K_K1@Z 10003975 f i CheckScanner.obj
 0001:000029ad       ??$AtlAddThrow@K@ATL@@YAKKK@Z 100039ad f i CheckScanner.obj
 0001:000029d3       ??$AtlModuleRegisterWndClassInfoT@VAtlModuleRegisterWndClassInfoParamW@ATL@@@ATL@@YAGPAU_ATL_BASE_MODULE70@0@PAU_ATL_WIN_MODULE70@0@PAU_ATL_WNDCLASSINFOW@0@PAP6GJPAUHWND__@@IIJ@ZVAtlModuleRegisterWndClassInfoParamW@0@@Z 100039d3 f i CheckScanner.obj
 0001:00002b21       ??$AtlMultiply@H@ATL@@YAJPAHHH@Z 10003b21 f i CheckScanner.obj
 0001:00002b59       ??$AtlMultiply@I@ATL@@YAJPAIII@Z 10003b59 f i CheckScanner.obj
 0001:00002b59       ??$AtlMultiply@K@ATL@@YAJPAKKK@Z 10003b59 f i CheckScanner.obj
 0001:00002b7b       ??$AtlMultiplyThrow@I@ATL@@YAIII@Z 10003b7b f i CheckScanner.obj
 0001:00002ba1       ??0?$CComAggObject@VCOPOSCheckScanner@@@ATL@@QAE@PAX@Z 10003ba1 f i CheckScanner.obj
 0001:00002bce       ??0?$CComContainedObject@VCOPOSCheckScanner@@@ATL@@QAE@PAX@Z 10003bce f i CheckScanner.obj
 0001:00002c87       ??0?$CComObject@V?$CComEnum@UIEnumConnectionPoints@@$1?_GUID_b196b285_bab4_101a_b69c_00aa00341d07@@3U__s_GUID@@BPAUIConnectionPoint@@V?$_CopyInterface@UIConnectionPoint@@@ATL@@VCComSingleThreadModel@6@@ATL@@@ATL@@QAE@PAX@Z 10003c87 f i CheckScanner.obj
 0001:00002cb5       ??0?$CComObject@V?$CComEnum@UIEnumConnections@@$1?_GUID_b196b287_bab4_101a_b69c_00aa00341d07@@3U__s_GUID@@BUtagCONNECTDATA@@V?$_Copy@UtagCONNECTDATA@@@ATL@@VCComSingleThreadModel@6@@ATL@@@ATL@@QAE@PAX@Z 10003cb5 f i CheckScanner.obj
 0001:00002ce3       ??0?$CComObject@VCOPOSCheckScanner@@@ATL@@QAE@PAX@Z 10003ce3 f i CheckScanner.obj
 0001:00002d9a       ??0?$CComQIPtr@UIOleControlSite@@$1?_GUID_b196b289_bab4_101a_b69c_00aa00341d07@@3U__s_GUID@@B@ATL@@QAE@PAUIUnknown@@@Z 10003d9a f i CheckScanner.obj
 0001:00002dc3       ??0CAtlModule@ATL@@QAE@XZ  10003dc3 f i CheckScanner.obj
 0001:00002e04       ??0CParseBuffer@CRegParser@ATL@@QAE@H@Z 10003e04 f i CheckScanner.obj
 0001:00002e3a       ??0_ATL_MSG@ATL@@QAE@PAUHWND__@@IIJH@Z 10003e3a f i CheckScanner.obj
 0001:00002e72       ??1?$CComAggObject@VCOPOSCheckScanner@@@ATL@@UAE@XZ 10003e72 f i CheckScanner.obj
 0001:00002e96       ??1?$CComEnumImpl@UIEnumConnectionPoints@@$1?_GUID_b196b285_bab4_101a_b69c_00aa00341d07@@3U__s_GUID@@BPAUIConnectionPoint@@V?$_CopyInterface@UIConnectionPoint@@@ATL@@@ATL@@UAE@XZ 10003e96 f i CheckScanner.obj
 0001:00002ed6       ??1?$CComEnumImpl@UIEnumConnections@@$1?_GUID_b196b287_bab4_101a_b69c_00aa00341d07@@3U__s_GUID@@BUtagCONNECTDATA@@V?$_Copy@UtagCONNECTDATA@@@ATL@@@ATL@@UAE@XZ 10003ed6 f i CheckScanner.obj
 0001:00002f16       ??1?$CComObject@V?$CComEnum@UIEnumConnectionPoints@@$1?_GUID_b196b285_bab4_101a_b69c_00aa00341d07@@3U__s_GUID@@BPAUIConnectionPoint@@V?$_CopyInterface@UIConnectionPoint@@@ATL@@VCComSingleThreadModel@6@@ATL@@@ATL@@UAE@XZ 10003f16 f i CheckScanner.obj
 0001:00002f39       ??1?$CComObject@V?$CComEnum@UIEnumConnections@@$1?_GUID_b196b287_bab4_101a_b69c_00aa00341d07@@3U__s_GUID@@BUtagCONNECTDATA@@V?$_Copy@UtagCONNECTDATA@@@ATL@@VCComSingleThreadModel@6@@ATL@@@ATL@@UAE@XZ 10003f39 f i CheckScanner.obj
 0001:00002f5c       ??1?$CComObject@VCOPOSCheckScanner@@@ATL@@UAE@XZ 10003f5c f i CheckScanner.obj
 0001:0000301a       ??1?$CComObjectCached@VCComClassFactory@ATL@@@ATL@@UAE@XZ 1000401a f i CheckScanner.obj
 0001:00003030       ??1?$CComObjectRootEx@VCComMultiThreadModel@ATL@@@ATL@@QAE@XZ 10004030 f i CheckScanner.obj
 0001:00003045       ??1CRegObject@ATL@@UAE@XZ  10004045 f i CheckScanner.obj
 0001:00003065       ??4?$CComPtr@UIUnknown@@@ATL@@QAEPAUIUnknown@@PAU2@@Z 10004065 f i CheckScanner.obj
 0001:00003065       ??4?$CComPtr@UIOleClientSite@@@ATL@@QAEPAUIOleClientSite@@PAU2@@Z 10004065 f i CheckScanner.obj
 0001:00003065       ??4?$CComPtr@UIAdviseSink@@@ATL@@QAEPAUIAdviseSink@@PAU2@@Z 10004065 f i CheckScanner.obj
 0001:00003099       ??4?$CComQIPtr@UIOleObject@@$1?_GUID_00000112_0000_0000_c000_000000000046@@3U__s_GUID@@B@ATL@@QAEPAUIOleObject@@PAUIUnknown@@@Z 10004099 f i CheckScanner.obj
 0001:000030be       ??4?$CComQIPtr@UISpecifyPropertyPages@@$1?_GUID_b196b28b_bab4_101a_b69c_00aa00341d07@@3U__s_GUID@@B@ATL@@QAEPAUISpecifyPropertyPages@@PAUIUnknown@@@Z 100040be f i CheckScanner.obj
 0001:000030e3       ??_G?$CComContainedObject@VCOPOSCheckScanner@@@ATL@@UAEPAXI@Z 100040e3 f i CheckScanner.obj
 0001:000030e3       ??_E?$CComContainedObject@VCOPOSCheckScanner@@@ATL@@UAEPAXI@Z 100040e3 f i CheckScanner.obj
 0001:00003108       ??_E?$CComObject@VCOPOSCheckScanner@@@ATL@@UAEPAXI@Z 10004108 f i CheckScanner.obj
 0001:00003108       ??_G?$CComObject@VCOPOSCheckScanner@@@ATL@@UAEPAXI@Z 10004108 f i CheckScanner.obj
 0001:0000312d       ?Add@?$CSimpleArray@GV?$CSimpleArrayEqualHelper@G@ATL@@@ATL@@QAEHABG@Z 1000412d f i CheckScanner.obj
 0001:000031b1       ?Add@?$CSimpleMap@PA_WPA_WVCExpansionVectorEqualHelper@ATL@@@ATL@@QAEHABQA_W0@Z 100041b1 f i CheckScanner.obj
 0001:00003206       ?Add@CComDynamicUnkArray@ATL@@QAEKPAUIUnknown@@@Z 10004206 f i CheckScanner.obj
 0001:000032c1       ?Add@CExpansionVector@ATL@@QAEHPB_W0@Z 100042c1 f i CheckScanner.obj
 0001:000033c5       ?AddString@CParseBuffer@CRegParser@ATL@@QAEHPB_W@Z 100043c5 f i CheckScanner.obj
 0001:000033fa       ?AddValue@CRegParser@ATL@@IAEJAAVCRegKey@2@PB_WPA_W@Z 100043fa f i CheckScanner.obj
 0001:0000371b       ?Allocate@?$CAtlSafeAllocBufferManager@VCCRTAllocator@ATL@@@_ATL_SAFE_ALLOCA_IMPL@ATL@@QAEPAXK@Z 1000471b f i CheckScanner.obj
 0001:00003748       ?Allocate@?$CTempBuffer@E$0BAA@VCCRTAllocator@ATL@@@ATL@@QAEPAEI@Z 10004748 f i CheckScanner.obj
 0001:00003777       ?Allocate@?$CTempBuffer@_W$0BAA@VCCRTAllocator@ATL@@@ATL@@QAEPA_WI@Z 10004777 f i CheckScanner.obj
 0001:000037a6       ?Allocate@?$CTempBuffer@_W$0EAA@VCCRTAllocator@ATL@@@ATL@@QAEPA_WI@Z 100047a6 f i CheckScanner.obj
 0001:000037d5       ?AllocateHeap@?$CTempBuffer@E$0BAA@VCCRTAllocator@ATL@@@ATL@@AAEXI@Z 100047d5 f i CheckScanner.obj
 0001:000037d5       ?AllocateHeap@?$CTempBuffer@_W$0EAA@VCCRTAllocator@ATL@@@ATL@@AAEXI@Z 100047d5 f i CheckScanner.obj
 0001:000037d5       ?AllocateHeap@?$CTempBuffer@_W$0BAA@VCCRTAllocator@ATL@@@ATL@@AAEXI@Z 100047d5 f i CheckScanner.obj
 0001:000037fa       ?Append@CParseBuffer@CRegParser@ATL@@QAEHPB_WH@Z 100047fa f i CheckScanner.obj
 0001:00003888       ?AtlCallTermFunc@ATL@@YGXPAU_ATL_MODULE70@1@@Z 10004888 f i CheckScanner.obj
 0001:000038cc       ?AtlCoTaskMemCAlloc@ATL@@YAPAXKK@Z 100048cc f i CheckScanner.obj
 0001:000038f9       ?AtlCoTaskMemRecalloc@ATL@@YAPAXPAXKK@Z 100048f9 f i CheckScanner.obj
 0001:00003929       ?AtlComModuleGetClassObject@ATL@@YGJPAU_ATL_COM_MODULE70@1@ABU_GUID@@1PAPAX@Z 10004929 f i CheckScanner.obj
 0001:00003a1c       ?AtlComModuleRegisterServer@ATL@@YGJPAU_ATL_COM_MODULE70@1@HPBU_GUID@@@Z 10004a1c f i CheckScanner.obj
 0001:00003aa4       ?AtlComModuleUnregisterServer@ATL@@YGJPAU_ATL_COM_MODULE70@1@HPBU_GUID@@@Z 10004aa4 f i CheckScanner.obj
 0001:00003b2c       ?AtlComQIPtrAssign2@ATL@@YAXPAPAUIUnknown@@PAU2@ABU_GUID@@@Z 10004b2c f i CheckScanner.obj
 0001:00003b5b       ?AtlCreateTargetDC@ATL@@YGPAUHDC__@@PAU2@PAUtagDVTARGETDEVICE@@@Z 10004b5b f i CheckScanner.obj
 0001:00003bc4       ?AtlCrtErrorCheck@ATL@@YAHH@Z 10004bc4 f i CheckScanner.obj
 0001:00003bff       ?AtlHiMetricToPixel@ATL@@YGXPBUtagSIZE@@PAU2@@Z 10004bff f i CheckScanner.obj
 0001:00003c74       ?AtlHresultFromLastError@ATL@@YAJXZ 10004c74 f i CheckScanner.obj
 0001:00003c8b       ?AtlHresultFromWin32@ATL@@YAJK@Z 10004c8b f i CheckScanner.obj
 0001:00003ca0       ?AtlIPersistStreamInit_Load@ATL@@YGJPAUIStream@@PBUATL_PROPMAP_ENTRY@1@PAXPAUIUnknown@@@Z 10004ca0 f i CheckScanner.obj
 0001:00003e80       ?AtlIPersistStreamInit_Save@ATL@@YGJPAUIStream@@HPBUATL_PROPMAP_ENTRY@1@PAXPAUIUnknown@@@Z 10004e80 f i CheckScanner.obj
 0001:00004018       ?AtlInternalOleLoadFromStream@ATL@@YAJPAUIStream@@ABU_GUID@@PAPAXTClassesAllowedInStream@1@K@Z 10005018 f i CheckScanner.obj
 0001:0000413e       ?AtlInternalQueryInterface@ATL@@YGJPAXPBU_ATL_INTMAP_ENTRY@1@ABU_GUID@@PAPAX@Z 1000513e f i CheckScanner.obj
 0001:000041e1       ?AtlLoadTypeLib@ATL@@YGJPAUHINSTANCE__@@PB_WPAPA_WPAPAUITypeLib@@@Z 100051e1 f i CheckScanner.obj
 0001:000043bf       ?AtlModuleAddTermFunc@ATL@@YGJPAU_ATL_MODULE70@1@P6GXK@ZK@Z 100053bf f i CheckScanner.obj
 0001:0000441c       ?AtlRegisterClassCategoriesHelper@ATL@@YGJABU_GUID@@PBU_ATL_CATMAP_ENTRY@1@H@Z 1000541c f i CheckScanner.obj
 0001:000046fc       ?AtlRegisterTypeLib@ATL@@YGJPAUHINSTANCE__@@PB_W@Z 100056fc f i CheckScanner.obj
 0001:00004884       ?AtlThrowImpl@ATL@@YGXJ@Z  10005884 f i CheckScanner.obj
 0001:000048a2       ?AtlUnRegisterTypeLib@ATL@@YGJPAUHINSTANCE__@@PB_W@Z 100058a2 f i CheckScanner.obj
 0001:0000494d       ?AtlWinModuleAddCreateWndData@ATL@@YGXPAU_ATL_WIN_MODULE70@1@PAU_AtlCreateWndData@1@PAX@Z 1000594d f i CheckScanner.obj
 0001:000049a1       ?AtlWinModuleExtractCreateWndData@ATL@@YGPAXPAU_ATL_WIN_MODULE70@1@@Z 100059a1 f i CheckScanner.obj
 0001:00004a04       ?AtlWinModuleRegisterClassExW@ATL@@YGGPAU_ATL_WIN_MODULE70@1@PBUtagWNDCLASSEXW@@@Z 10005a04 f i CheckScanner.obj
 0001:00004a43       ?CanForceRemoveKey@CRegParser@ATL@@IAEHPB_W@Z 10005a43 f i CheckScanner.obj
 0001:00004a72       ?ChToByte@CRegParser@ATL@@KAE_W@Z 10005a72 f i CheckScanner.obj
 0001:00004aa5       ?Cleanup@CComTypeInfoHolder@ATL@@SGXK@Z 10005aa5 f i CheckScanner.obj
 0001:00004ad8       ?ClearReplacements@CExpansionVector@ATL@@QAEJXZ 10005ad8 f i CheckScanner.obj
 0001:00004b15       ?Close@CRegKey@ATL@@QAEJXZ 10005b15 f i CheckScanner.obj
 0001:00004b2f       ?Create@?$CWindowImpl@VCOPOSCheckScanner@@VCWindow@ATL@@V?$CWinTraits@$0FGAAAAAA@$0A@@3@@ATL@@QAEPAUHWND__@@PAU3@V_U_RECT@2@PB_WKKV_U_MENUorID@2@PAX@Z 10005b2f f i CheckScanner.obj
 0001:00004b73       ?Create@?$CWindowImplBaseT@VCWindow@ATL@@V?$CWinTraits@$0FGAAAAAA@$0A@@2@@ATL@@QAEPAUHWND__@@PAU3@V_U_RECT@2@PB_WKKV_U_MENUorID@2@GPAX@Z 10005b73 f i CheckScanner.obj
 0001:00004c0f       ?Create@CRegKey@ATL@@QAEJPAUHKEY__@@PB_WPA_WKKPAU_SECURITY_ATTRIBUTES@@PAK@Z 10005c0f f i CheckScanner.obj
 0001:00004c72       ?CreateInstance@?$CComCreator@V?$CComAggObject@VCOPOSCheckScanner@@@ATL@@@ATL@@SGJPAXABU_GUID@@PAPAX@Z 10005c72 f i CheckScanner.obj
 0001:00004ce8       ?CreateInstance@?$CComCreator@V?$CComObject@VCOPOSCheckScanner@@@ATL@@@ATL@@SGJPAXABU_GUID@@PAPAX@Z 10005ce8 f i CheckScanner.obj
 0001:00004d69       ?CreateInstance@?$CComObject@V?$CComEnum@UIEnumConnectionPoints@@$1?_GUID_b196b285_bab4_101a_b69c_00aa00341d07@@3U__s_GUID@@BPAUIConnectionPoint@@V?$_CopyInterface@UIConnectionPoint@@@ATL@@VCComSingleThreadModel@6@@ATL@@@ATL@@SGJPAPAV12@@Z 10005d69 f i CheckScanner.obj
 0001:00004db0       ?CreateInstance@?$CComObject@V?$CComEnum@UIEnumConnections@@$1?_GUID_b196b287_bab4_101a_b69c_00aa00341d07@@3U__s_GUID@@BUtagCONNECTDATA@@V?$_Copy@UtagCONNECTDATA@@@ATL@@VCComSingleThreadModel@6@@ATL@@@ATL@@SGJPAPAV12@@Z 10005db0 f i CheckScanner.obj
 0001:00004df7       ?DefaultReflectionHandler@?$CWindowImplRoot@VCWindow@ATL@@@ATL@@SAHPAUHWND__@@IIJAAJ@Z 10005df7 f i CheckScanner.obj
 0001:00004e6a       ?DeleteSubKey@CRegKey@ATL@@QAEJPB_W@Z 10005e6a f i CheckScanner.obj
 0001:00004e8d       ?DoEvent@COPOSCheckScanner@@IAEXIIJ@Z 10005e8d f i CheckScanner.obj
 0001:00004f0d       ?DoVerbHide@?$IOleObjectImpl@VCOPOSCheckScanner@@@ATL@@QAEJPBUtagRECT@@PAUHWND__@@@Z 10005f0d f i CheckScanner.obj
 0001:00004f43       ?DoVerbInPlaceActivate@?$IOleObjectImpl@VCOPOSCheckScanner@@@ATL@@QAEJPBUtagRECT@@PAUHWND__@@@Z 10005f43 f i CheckScanner.obj
 0001:00004f76       ?DoVerbPrimary@?$IOleObjectImpl@VCOPOSCheckScanner@@@ATL@@QAEJPBUtagRECT@@PAUHWND__@@@Z 10005f76 f i CheckScanner.obj
 0001:00005002       ?DoVerbProperties@CComControlBase@ATL@@QAEJPBUtagRECT@@PAUHWND__@@@Z 10006002 f i CheckScanner.obj
 0001:00005129       ?DoVerbShow@?$IOleObjectImpl@VCOPOSCheckScanner@@@ATL@@QAEJPBUtagRECT@@PAUHWND__@@@Z 10006129 f i CheckScanner.obj
 0001:0000514e       ?DoVerbUIActivate@?$IOleObjectImpl@VCOPOSCheckScanner@@@ATL@@QAEJPBUtagRECT@@PAUHWND__@@@Z 1000614e f i CheckScanner.obj
 0001:0000518b       ?DoesVerbActivate@CComControlBase@ATL@@QAEHJ@Z 1000618b f i CheckScanner.obj
 0001:000051ac       ?DoesVerbUIActivate@CComControlBase@ATL@@QAEHJ@Z 100061ac f i CheckScanner.obj
 0001:000051e1       ?EndOfVar@CRegParser@ATL@@IAEHXZ 100061e1 f i CheckScanner.obj
 0001:00005201       ?EscapeSingleQuote@CAtlModule@ATL@@SAXPA_WIPB_W@Z 10006201 f i CheckScanner.obj
 0001:00005250       ?FindKey@?$CSimpleMap@PA_WPA_WVCExpansionVectorEqualHelper@ATL@@@ATL@@QBEHABQA_W@Z 10006250 f i CheckScanner.obj
 0001:00005287       ?FireTheEvent@?$CProxy_IOPOSEvents@VCOPOSCheckScanner@@@@IAEXPAVOposVariant@@IAAJPB_WJ@Z 10006287 f i CheckScanner.obj
 0001:00005319       ?FireViewChange@CComControlBase@ATL@@QAEJXZ 10006319 f i CheckScanner.obj
 0001:00005362       ?Fire_DataEvent@?$CProxy_IOPOSEvents@VCOPOSCheckScanner@@@@QAEXJ@Z 10006362 f i CheckScanner.obj
 0001:000053ee       ?Fire_DirectIOEvent@?$CProxy_IOPOSEvents@VCOPOSCheckScanner@@@@QAEXJPAJPAPA_W@Z 100063ee f i CheckScanner.obj
 0001:000054d4       ?Fire_ErrorEvent@?$CProxy_IOPOSEvents@VCOPOSCheckScanner@@@@QAEXJJJPAJ@Z 100064d4 f i CheckScanner.obj
 0001:000055bb       ?Fire_StatusUpdateEvent@?$CProxy_IOPOSEvents@VCOPOSCheckScanner@@@@QAEXJ@Z 100065bb f i CheckScanner.obj
 0001:00005647       ?FreeHeap@?$CTempBuffer@_W$0EAA@VCCRTAllocator@ATL@@@ATL@@AAEXXZ 10006647 f i CheckScanner.obj
 0001:00005647       ?FreeHeap@?$CTempBuffer@E$0BAA@VCCRTAllocator@ATL@@@ATL@@AAEXXZ 10006647 f i CheckScanner.obj
 0001:00005647       ?FreeHeap@?$CTempBuffer@_W$0BAA@VCCRTAllocator@ATL@@@ATL@@AAEXXZ 10006647 f i CheckScanner.obj
 0001:00005650       ?GetAmbientLocaleID@CComControlBase@ATL@@QAEJAAK@Z 10006650 f i CheckScanner.obj
 0001:000056ac       ?GetAmbientUserMode@CComControlBase@ATL@@QAEJAAH@Z 100066ac f i CheckScanner.obj
 0001:0000571c       ?GetAt@CComDynamicUnkArray@ATL@@QAEPAUIUnknown@@H@Z 1000671c f i CheckScanner.obj
 0001:00005738       ?GetClassObject@CComModule@ATL@@QAEJABU_GUID@@0PAPAX@Z 10006738 f i CheckScanner.obj
 0001:000057da       ?GetConnMap@COPOSCheckScanner@@SAPBU_ATL_CONNMAP_ENTRY@ATL@@PAH@Z 100067da f i CheckScanner.obj
 0001:0000584a       ?GetCookie@CComDynamicUnkArray@ATL@@QAGKPAPAUIUnknown@@@Z 1000684a f i CheckScanner.obj
 0001:00005882       ?GetIDsOfNames@CComTypeInfoHolder@ATL@@QAEJABU_GUID@@PAPA_WIKPAJ@Z 10006882 f i CheckScanner.obj
 0001:00005990       ?GetKeyAt@?$CSimpleMap@PA_WPA_WVCExpansionVectorEqualHelper@ATL@@@ATL@@QBEAAPA_WH@Z 10006990 f i CheckScanner.obj
 0001:000059b5       ?GetPagesHelper@?$ISpecifyPropertyPagesImpl@VCOPOSCheckScanner@@@ATL@@IAEJPAUtagCAUUID@@PBUATL_PROPMAP_ENTRY@2@@Z 100069b5 f i CheckScanner.obj
 0001:00005adc       ?GetProperty@?$CComPtr@UIDispatch@@@ATL@@SAJPAUIDispatch@@JPAUtagVARIANT@@@Z 10006adc f i CheckScanner.obj
 0001:00005b2b       ?GetSizeMax@CComVariant@ATL@@QBEJPAT_ULARGE_INTEGER@@@Z 10006b2b f i CheckScanner.obj
 0001:00005ce5       ?GetStreamSize@CComBSTR@ATL@@SAKPA_W@Z 10006ce5 f i CheckScanner.obj
 0001:00005cff       ?GetTI@CComTypeInfoHolder@ATL@@QAEJK@Z 10006cff f i CheckScanner.obj
 0001:00005ee8       ?GetTI@CComTypeInfoHolder@ATL@@QAEJKPAPAUITypeInfo@@@Z 10006ee8 f i CheckScanner.obj
 0001:00005f2a       ?GetUnknown@CComDynamicUnkArray@ATL@@QAGPAUIUnknown@@K@Z 10006f2a f i CheckScanner.obj
 0001:00005f4b       ?GetValueAt@?$CSimpleMap@PA_WPA_WVCExpansionVectorEqualHelper@ATL@@@ATL@@QBEAAPA_WH@Z 10006f4b f i CheckScanner.obj
 0001:00005f71       ?GetZoomInfo@CComControlBase@ATL@@QAEXAAUATL_DRAWINFO@@@Z 10006f71 f i CheckScanner.obj
 0001:00006004       ?HKeyFromString@CRegParser@ATL@@KAPAUHKEY__@@PA_W@Z 10007004 f i CheckScanner.obj
 0001:00006032       ?HasSubKeys@CRegParser@ATL@@IAEHPAUHKEY__@@@Z 10007032 f i CheckScanner.obj
 0001:00006067       ?IDataObject_GetData@CComControlBase@ATL@@QAEJPAUtagFORMATETC@@PAUtagSTGMEDIUM@@@Z 10007067 f i CheckScanner.obj
 0001:0000620d       ?IOleInPlaceObject_InPlaceDeactivate@CComControlBase@ATL@@QAEJXZ 1000720d f i CheckScanner.obj
 0001:00006294       ?IOleInPlaceObject_SetObjectRects@CComControlBase@ATL@@QAEJPBUtagRECT@@0@Z 10007294 f i CheckScanner.obj
 0001:00006361       ?IOleInPlaceObject_UIDeactivate@CComControlBase@ATL@@QAEJXZ 10007361 f i CheckScanner.obj
 0001:00006423       ?IOleObject_Advise@CComControlBase@ATL@@QAEJPAUIAdviseSink@@PAK@Z 10007423 f i CheckScanner.obj
 0001:0000644d       ?IOleObject_Close@CComControlBase@ATL@@QAEJK@Z 1000744d f i CheckScanner.obj
 0001:00006531       ?IOleObject_GetClientSite@CComControlBase@ATL@@QAEJPAPAUIOleClientSite@@@Z 10007531 f i CheckScanner.obj
 0001:0000655a       ?IOleObject_SetClientSite@CComControlBase@ATL@@QAEJPAUIOleClientSite@@@Z 1000755a f i CheckScanner.obj
 0001:00006599       ?IOleObject_SetExtent@CComControlBase@ATL@@QAEJKPAUtagSIZE@@@Z 10007599 f i CheckScanner.obj
 0001:0000664d       ?IPSI_GetIPersistStreamInit@?$IPersistStorageImpl@VCOPOSCheckScanner@@@ATL@@AAEPAUIPersistStreamInit@@XZ 1000764d f i CheckScanner.obj
 0001:0000668f       ?IPersistStreamInit_Load@?$IPersistStreamInitImpl@VCOPOSCheckScanner@@@ATL@@QAEJPAUIStream@@PBUATL_PROPMAP_ENTRY@2@@Z 1000768f f i CheckScanner.obj
 0001:000066bb       ?IPersistStreamInit_Save@?$IPersistStreamInitImpl@VCOPOSCheckScanner@@@ATL@@QAEJPAUIStream@@HPBUATL_PROPMAP_ENTRY@2@@Z 100076bb f i CheckScanner.obj
 0001:000066f0       ?IQuickActivate_QuickActivate@CComControlBase@ATL@@QAEJPAUtagQACONTAINER@@PAUtagQACONTROL@@@Z 100076f0 f i CheckScanner.obj
 0001:00006932       ?IViewObject_Draw@CComControlBase@ATL@@QAEJKJPAXPAUtagDVTARGETDEVICE@@PAUHDC__@@2PBU_RECTL@@3@Z 10007932 f i CheckScanner.obj
 0001:000069da       ?InPlaceActivate@CComControlBase@ATL@@QAEJJPBUtagRECT@@@Z 100079da f i CheckScanner.obj
 0001:00006c4b       ?Init@?$CComEnumImpl@UIEnumConnectionPoints@@$1?_GUID_b196b285_bab4_101a_b69c_00aa00341d07@@3U__s_GUID@@BPAUIConnectionPoint@@V?$_CopyInterface@UIConnectionPoint@@@ATL@@@ATL@@QAEJPAPAUIConnectionPoint@@0PAUIUnknown@@W4CComEnumFlags@2@@Z 10007c4b f i CheckScanner.obj
 0001:00006d2a       ?Init@?$CComEnumImpl@UIEnumConnections@@$1?_GUID_b196b287_bab4_101a_b69c_00aa00341d07@@3U__s_GUID@@BUtagCONNECTDATA@@V?$_Copy@UtagCONNECTDATA@@@ATL@@@ATL@@QAEJPAUtagCONNECTDATA@@0PAUIUnknown@@W4CComEnumFlags@2@@Z 10007d2a f i CheckScanner.obj
 0001:00006e09       ?Init@CComModule@ATL@@QAEJPAU_ATL_OBJMAP_ENTRY30@2@PAUHINSTANCE__@@PBU_GUID@@@Z 10007e09 f i CheckScanner.obj
 0001:00006e68       ?Init@CDynamicStdCallThunk2@ATL@@QAEHKPAX@Z 10007e68 f i CheckScanner.obj
 0001:00006e93       ?InlineIsEqualUnknown@ATL@@YGHABU_GUID@@@Z 10007e93 f i CheckScanner.obj
 0001:00006ebb       ?InternalGetSite@CComControlBase@ATL@@QAEJABU_GUID@@PAPAX@Z 10007ebb f i CheckScanner.obj
 0001:00006ee9       ?InternalSetAtIndex@?$CSimpleMap@PA_WPA_WVCExpansionVectorEqualHelper@ATL@@@ATL@@QAEXHABQA_W0@Z 10007ee9 f i CheckScanner.obj
 0001:00006f13       ?Invoke@CComTypeInfoHolder@ATL@@QAEJPAUIDispatch@@JABU_GUID@@KGPAUtagDISPPARAMS@@PAUtagVARIANT@@PAUtagEXCEPINFO@@PAI@Z 10007f13 f i CheckScanner.obj
 0001:00006f56       ?IsEqualObject@?$CComPtrBase@UITypeInfo@@@ATL@@QAE_NPAUIUnknown@@@Z 10007f56 f i CheckScanner.obj
 0001:00006f56       ?IsEqualObject@?$CComPtrBase@UIOleClientSite@@@ATL@@QAE_NPAUIUnknown@@@Z 10007f56 f i CheckScanner.obj
 0001:00006fc3       ?IsSpace@CRegParser@ATL@@IAEH_W@Z 10007fc3 f i CheckScanner.obj
 0001:00006fed       ?LoadNameCache@CComTypeInfoHolder@ATL@@QAEJPAUITypeInfo@@@Z 10007fed f i CheckScanner.obj
 0001:0000713b       ?Lookup@?$CSimpleMap@PA_WPA_WVCExpansionVectorEqualHelper@ATL@@@ATL@@QBEPA_WABQA_W@Z 1000813b f i CheckScanner.obj
 0001:00007161       ?NextToken@CRegParser@ATL@@IAEJPA_W@Z 10008161 f i CheckScanner.obj
 0001:00007299       ?OnKillFocus@CComControlBase@ATL@@QAEJIIJAAH@Z 10008299 f i CheckScanner.obj
 0001:000072f4       ?OnMouseActivate@CComControlBase@ATL@@QAEJIIJAAH@Z 100082f4 f i CheckScanner.obj
 0001:00007362       ?OnPaint@CComControlBase@ATL@@QAEJIIJAAH@Z 10008362 f i CheckScanner.obj
 0001:00007414       ?OnSetFocus@CComControlBase@ATL@@QAEJIIJAAH@Z 10008414 f i CheckScanner.obj
 0001:0000749d       ?Open@CRegKey@ATL@@QAEJPAUHKEY__@@PB_WK@Z 1000849d f i CheckScanner.obj
 0001:000074e6       ?PreProcessBuffer@CRegParser@ATL@@QAEJPA_WPAPA_W@Z 100084e6 f i CheckScanner.obj
 0001:00007750       ?ProcessWindowMessage@?$CComControl@VCOPOSCheckScanner@@V?$CWindowImpl@VCOPOSCheckScanner@@VCWindow@ATL@@V?$CWinTraits@$0FGAAAAAA@$0A@@3@@ATL@@@ATL@@UAEHPAUHWND__@@IIJAAJK@Z 10008750 f i CheckScanner.obj
 0001:000077ef       ?PutProperty@?$CComPtr@UIDispatch@@@ATL@@SAJPAUIDispatch@@JPAUtagVARIANT@@@Z 100087ef f i CheckScanner.obj
 0001:00007881       ?ReadFromStream@CComBSTR@ATL@@QAEJPAUIStream@@@Z 10008881 f i CheckScanner.obj
 0001:000079af       ?ReadFromStream@CComVariant@ATL@@QAEJPAUIStream@@GTClassesAllowedInStream@2@K@Z 100089af f i CheckScanner.obj
 0001:00007b35       ?RecurseDeleteKey@CRegKey@ATL@@QAEJPB_W@Z 10008b35 f i CheckScanner.obj
 0001:00007bf7       ?RegCreateKeyExW@CAtlTransactionManager@ATL@@QAEJPAUHKEY__@@PB_WKPA_WKKQAU_SECURITY_ATTRIBUTES@@PAPAU3@PAK@Z 10008bf7 f i CheckScanner.obj
 0001:00007c5a       ?RegDeleteKeyW@CAtlTransactionManager@ATL@@QAEJPAUHKEY__@@PB_W@Z 10008c5a f i CheckScanner.obj
 0001:00007cac       ?RegOpenKeyExW@CAtlTransactionManager@ATL@@QAEJPAUHKEY__@@PB_WKKPAPAU3@@Z 10008cac f i CheckScanner.obj
 0001:00007d03       ?Register@_ATL_WNDCLASSINFOW@ATL@@QAEGPAP6GJPAUHWND__@@IIJ@Z@Z 10008d03 f i CheckScanner.obj
 0001:00007d23       ?RegisterBuffer@CRegParser@ATL@@QAEJPA_WH@Z 10008d23 f i CheckScanner.obj
 0001:00007e5c       ?RegisterFromResource@CRegObject@ATL@@IAEJPB_W00H@Z 10008e5c f i CheckScanner.obj
 0001:00007f92       ?RegisterServer@?$CAtlModuleT@VCComModule@ATL@@@ATL@@QAEJHPBU_GUID@@@Z 10008f92 f i CheckScanner.obj
 0001:00007fc0       ?RegisterServer@CComModule@ATL@@QAEJHPBU_GUID@@@Z 10008fc0 f i CheckScanner.obj
 0001:00008036       ?RegisterSubkeys@CRegParser@ATL@@IAEJPA_WPAUHKEY__@@HH@Z 10009036 f i CheckScanner.obj
 0001:00008605       ?Remove@CComDynamicUnkArray@ATL@@QAEHK@Z 10009605 f i CheckScanner.obj
 0001:0000862e       ?RemoveAll@?$CSimpleMap@PA_WPA_WVCExpansionVectorEqualHelper@ATL@@@ATL@@QAEXXZ 1000962e f i CheckScanner.obj
 0001:0000865a       ?ResourceRegisterSz@CRegObject@ATL@@QAGJPB_W00@Z 1000965a f i CheckScanner.obj
 0001:00008687       ?ResourceUnregisterSz@CRegObject@ATL@@QAGJPB_W00@Z 10009687 f i CheckScanner.obj
 0001:000086b4       ?SendOnDataChange@CComControlBase@ATL@@QAEJK@Z 100096b4 f i CheckScanner.obj
 0001:00008701       ?SetControlFocus@CComControlBase@ATL@@QAEHH@Z 10009701 f i CheckScanner.obj
 0001:0000879e       ?SetMultiStringValue@CRegKey@ATL@@QAEJPB_W0@Z 1000979e f i CheckScanner.obj
 0001:000087fa       ?SetStringValue@CRegKey@ATL@@QAEJPB_W0K@Z 100097fa f i CheckScanner.obj
 0001:00008843       ?SkipAssignment@CRegParser@ATL@@IAEJPA_W@Z 10009843 f i CheckScanner.obj
 0001:000088a8       ?SkipWhiteSpace@CRegParser@ATL@@IAEXXZ 100098a8 f i CheckScanner.obj
 0001:000088ca       ?StrChrW@CRegParser@ATL@@KAPA_WPA_W_W@Z 100098ca f i CheckScanner.obj
 0001:00008907       ?Term@CAtlModule@ATL@@QAEXXZ 10009907 f i CheckScanner.obj
 0001:00008940       ?Term@CComModule@ATL@@QAEXXZ 10009940 f i CheckScanner.obj
 0001:00008998       ?UnregisterServer@?$CAtlModuleT@VCComModule@ATL@@@ATL@@QAEJHPBU_GUID@@@Z 10009998 f i CheckScanner.obj
 0001:000089be       ?UnregisterServer@CComModule@ATL@@QAEJHPBU_GUID@@@Z 100099be f i CheckScanner.obj
 0001:00008a34       ?UpdateRegistryFromResource@CAtlModule@ATL@@QAGJIHPAU_ATL_REGMAP_ENTRY@2@@Z 10009a34 f i CheckScanner.obj
 0001:00008bff       ?UpdateRegistryFromResource@CAtlModule@ATL@@QAGJPB_WHPAU_ATL_REGMAP_ENTRY@2@@Z 10009bff f i CheckScanner.obj
 0001:00008dd0       ?VTFromRegType@CRegParser@ATL@@KAHPB_WAAG@Z 10009dd0 f i CheckScanner.obj
 0001:00008e3d       ?WindowProc@?$CWindowImplBaseT@VCWindow@ATL@@V?$CWinTraits@$0FGAAAAAA@$0A@@2@@ATL@@SGJPAUHWND__@@IIJ@Z 10009e3d f i CheckScanner.obj
 0001:00008f2f       ?WriteToStream@CComBSTR@ATL@@QAEJPAUIStream@@@Z 10009f2f f i CheckScanner.obj
 0001:00008f86       ?WriteToStream@CComVariant@ATL@@QAEJPAUIStream@@@Z 10009f86 f i CheckScanner.obj
 0001:00009100       ?WriteToStream@CComVariant@ATL@@QAEJPAUIStream@@G@Z 1000a100 f i CheckScanner.obj
 0001:00009169       ?_AtlInitialConstruct@?$CComObjectRootEx@VCComMultiThreadModel@ATL@@@ATL@@QAEJXZ 1000a169 f i CheckScanner.obj
 0001:0000917e       ?_AtlVerifyStackAvailable@_ATL_SAFE_ALLOCA_IMPL@ATL@@YA_NK@Z 1000a17e f i CheckScanner.obj
 0001:000091fc       ?copy@?$_Copy@UtagCONNECTDATA@@@ATL@@SAJPAUtagCONNECTDATA@@PBU3@@Z 1000a1fc f i CheckScanner.obj
 0001:00009232       ?copy@?$_CopyInterface@UIConnectionPoint@@@ATL@@SAJPAPAUIConnectionPoint@@PBQAU3@@Z 1000a232 f i CheckScanner.obj
 0001:00009260       ?memcpy_s@Checked@ATL@@YAXPAXIPBXI@Z 1000a260 f i CheckScanner.obj
 0001:0000927f       ?ocscpy_s@@YA_NPA_WIPB_W@Z 1000a27f f i CheckScanner.obj
 0001:000092ae       ?ocslen@@YAHPB_W@Z         1000a2ae f i CheckScanner.obj
 0001:000092ce       ?wcscpy_s@Checked@ATL@@YAXPA_WIPB_W@Z 1000a2ce f i CheckScanner.obj
 0001:000092ea       _DllCanUnloadNow@0         1000a2ea f   CheckScanner.obj
 0001:000092f6       _DllGetClassObject@12      1000a2f6 f   CheckScanner.obj
 0001:00009304       _DllMain@12                1000a304 f   CheckScanner.obj
 0001:00009346       _DllRegisterServer@0       1000a346 f   CheckScanner.obj
 0001:00009355       _DllUnregisterServer@0     1000a355 f   CheckScanner.obj
 0001:00009364       _InlineIsEqualGUID         1000a364 f i CheckScanner.obj
 0001:00009394       ___local_stdio_printf_options 1000a394 f i CheckScanner.obj
 0001:0000939a       __vswprintf_s_l            1000a39a f i CheckScanner.obj
 0001:00009447       _swprintf_s                1000a447 f i CheckScanner.obj
 0001:00009463       ??0?$CComControl@VCOPOSCheckScanner@@V?$CWindowImpl@VCOPOSCheckScanner@@VCWindow@ATL@@V?$CWinTraits@$0FGAAAAAA@$0A@@3@@ATL@@@ATL@@QAE@XZ 1000a463 f i CheckScannerImpl.obj
 0001:0000948a       ??0?$CProxy_IOPOSEvents@VCOPOSCheckScanner@@@@QAE@XZ 1000a48a f i CheckScannerImpl.obj
 0001:000094aa       ??0CComControlBase@ATL@@QAE@AAPAUHWND__@@@Z 1000a4aa f i CheckScannerImpl.obj
 0001:000094f4       ??0COPOSCheckScanner@@QAE@XZ 1000a4f4 f   CheckScannerImpl.obj
 0001:0000952a       ??1?$CComControl@VCOPOSCheckScanner@@V?$CWindowImpl@VCOPOSCheckScanner@@VCWindow@ATL@@V?$CWinTraits@$0FGAAAAAA@$0A@@3@@ATL@@@ATL@@UAE@XZ 1000a52a f i CheckScannerImpl.obj
 0001:00009543       ??1?$IConnectionPointImpl@VCOPOSCheckScanner@@$1?IID_IPropertyNotifySink@@3U_GUID@@BVCComDynamicUnkArray@ATL@@@ATL@@QAE@XZ 1000a543 f i CheckScannerImpl.obj
 0001:00009543       ??1?$IConnectionPointImpl@VCOPOSCheckScanner@@$1?DIID__IOPOSCheckScannerEvents@@3U_GUID@@BVCComDynamicUnkArray@ATL@@@ATL@@QAE@XZ 1000a543 f i CheckScannerImpl.obj
 0001:00009580       ??1CComControlBase@ATL@@UAE@XZ 1000a580 f i CheckScannerImpl.obj
 0001:000095e3       ??1COPOSCheckScanner@@UAE@XZ 1000a5e3 f   CheckScannerImpl.obj
 0001:0000962b       ??1OposVariantResult@@QAE@XZ 1000a62b f i CheckScannerImpl.obj
 0001:0000964c       ??1_CW@@QAE@XZ             1000a64c f i CheckScannerImpl.obj
 0001:00009665       ?BeginInsertion@COPOSCheckScanner@@UAGJJPAJ@Z 1000a665 f   CheckScannerImpl.obj
 0001:000096b4       ?BeginRemoval@COPOSCheckScanner@@UAGJJPAJ@Z 1000a6b4 f   CheckScannerImpl.obj
 0001:00009703       ?CheckHealth@COPOSCheckScanner@@UAGJJPAJ@Z 1000a703 f   CheckScannerImpl.obj
 0001:00009752       ?ClaimDevice@COPOSCheckScanner@@UAGJJPAJ@Z 1000a752 f   CheckScannerImpl.obj
 0001:000097c7       ?ClearImage@COPOSCheckScanner@@UAGJJPAJ@Z 1000a7c7 f   CheckScannerImpl.obj
 0001:00009816       ?ClearInput@COPOSCheckScanner@@UAGJPAJ@Z 1000a816 f   CheckScannerImpl.obj
 0001:00009831       ?ClearInputProperties@COPOSCheckScanner@@UAGJPAJ@Z 1000a831 f   CheckScannerImpl.obj
 0001:0000984c       ?Close@COPOSCheckScanner@@UAGJPAJ@Z 1000a84c f   CheckScannerImpl.obj
 0001:000098ba       ?CompareFirmwareVersion@COPOSCheckScanner@@UAGJPA_WPAJ1@Z 1000a8ba f   CheckScannerImpl.obj
 0001:0000993a       ?DefineCropArea@COPOSCheckScanner@@UAGJJJJJJPAJ@Z 1000a93a f   CheckScannerImpl.obj
 0001:000099e6       ?DirectIO@COPOSCheckScanner@@UAGJJPAJPAPA_W0@Z 1000a9e6 f   CheckScannerImpl.obj
 0001:00009a94       ?DoInvoke@COPOSCheckScanner@@IAEJJPAVOposVariant@@IHPAJ_N@Z 1000aa94 f   CheckScannerImpl.obj
 0001:00009b56       ?EndInsertion@COPOSCheckScanner@@UAGJPAJ@Z 1000ab56 f   CheckScannerImpl.obj
 0001:00009b71       ?EndRemoval@COPOSCheckScanner@@UAGJPAJ@Z 1000ab71 f   CheckScannerImpl.obj
 0001:00009b8c       ?EventClose@COPOSCheckScanner@@IAEXXZ 1000ab8c f i CheckScannerImpl.obj
 0001:00009bbf       ?EventInit@COPOSCheckScanner@@IAEJXZ 1000abbf f i CheckScannerImpl.obj
 0001:00009c8b       ?EventUninit@COPOSCheckScanner@@IAEXXZ 1000ac8b f i CheckScannerImpl.obj
 0001:00009cdd       ?EventWindowProc@COPOSCheckScanner@@IAGJIIJ@Z 1000acdd f i CheckScannerImpl.obj
 0001:00009db1       ?FinalConstruct@COPOSCheckScanner@@QAEJXZ 1000adb1 f   CheckScannerImpl.obj
 0001:00009dea       ?FireEventCleanup@COPOSCheckScanner@@IAEXXZ 1000adea f i CheckScannerImpl.obj
 0001:00009e00       ?FireEventSetup@COPOSCheckScanner@@IAE_NXZ 1000ae00 f i CheckScannerImpl.obj
 0001:00009e34       ?FreezeEvents@COPOSCheckScanner@@MAGJH@Z 1000ae34 f   CheckScannerImpl.obj
 0001:00009e94       ?GetOposProp@COPOSCheckScanner@@IAEJJPAFJ@Z 1000ae94 f   CheckScannerImpl.obj
 0001:00009eb7       ?GetOposProp@COPOSCheckScanner@@IAEJJPAJJ@Z 1000aeb7 f   CheckScannerImpl.obj
 0001:00009f75       ?GetOposProp@COPOSCheckScanner@@IAEJJPAPA_WJ@Z 1000af75 f   CheckScannerImpl.obj
 0001:0000a040       ?OnDraw@COPOSCheckScanner@@MAEJAAUATL_DRAWINFO@@@Z 1000b040 f   CheckScannerImpl.obj
 0001:0000a0e0       ?Open@COPOSCheckScanner@@UAGJPA_WPAJ@Z 1000b0e0 f   CheckScannerImpl.obj
 0001:0000a87d       ?ReleaseDevice@COPOSCheckScanner@@UAGJPAJ@Z 1000b87d f   CheckScannerImpl.obj
 0001:0000a8cc       ?ResetStatistics@COPOSCheckScanner@@UAGJPA_WPAJ@Z 1000b8cc f   CheckScannerImpl.obj
 0001:0000a923       ?RetrieveImage@COPOSCheckScanner@@UAGJJPAJ@Z 1000b923 f   CheckScannerImpl.obj
 0001:0000a972       ?RetrieveMemory@COPOSCheckScanner@@UAGJJPAJ@Z 1000b972 f   CheckScannerImpl.obj
 0001:0000a9c1       ?RetrieveStatistics@COPOSCheckScanner@@UAGJPAPA_WPAJ@Z 1000b9c1 f   CheckScannerImpl.obj
 0001:0000aa18       ?SOProcessID@COPOSCheckScanner@@UAGJPAJ@Z 1000ba18 f   CheckScannerImpl.obj
 0001:0000aa2c       ?SetCOFreezeEvents@COPOSCheckScanner@@IAEXF@Z 1000ba2c f   CheckScannerImpl.obj
 0001:0000aab7       ?SetOposProp@COPOSCheckScanner@@IAEJJJJ@Z 1000bab7 f   CheckScannerImpl.obj
 0001:0000ab95       ?SetOposProp@COPOSCheckScanner@@IAEJJPA_WJ@Z 1000bb95 f   CheckScannerImpl.obj
 0001:0000ac81       ?StoreImage@COPOSCheckScanner@@UAGJJPAJ@Z 1000bc81 f   CheckScannerImpl.obj
 0001:0000acd0       ?UpdateFirmware@COPOSCheckScanner@@UAGJPA_WPAJ@Z 1000bcd0 f   CheckScannerImpl.obj
 0001:0000ad27       ?UpdateStatistics@COPOSCheckScanner@@UAGJPA_WPAJ@Z 1000bd27 f   CheckScannerImpl.obj
 0001:0000ad7e       ?get_AutoDisable@COPOSCheckScanner@@UAGJPAF@Z 1000bd7e f   CheckScannerImpl.obj
 0001:0000ad94       ?get_BinaryConversion@COPOSCheckScanner@@UAGJPAJ@Z 1000bd94 f   CheckScannerImpl.obj
 0001:0000adaa       ?get_CapAutoContrast@COPOSCheckScanner@@UAGJPAF@Z 1000bdaa f   CheckScannerImpl.obj
 0001:0000adc3       ?get_CapAutoGenerateFileID@COPOSCheckScanner@@UAGJPAF@Z 1000bdc3 f   CheckScannerImpl.obj
 0001:0000addc       ?get_CapAutoGenerateImageTagData@COPOSCheckScanner@@UAGJPAF@Z 1000bddc f   CheckScannerImpl.obj
 0001:0000adf5       ?get_CapAutoSize@COPOSCheckScanner@@UAGJPAF@Z 1000bdf5 f   CheckScannerImpl.obj
 0001:0000ae0e       ?get_CapColor@COPOSCheckScanner@@UAGJPAJ@Z 1000be0e f   CheckScannerImpl.obj
 0001:0000ae27       ?get_CapCompareFirmwareVersion@COPOSCheckScanner@@UAGJPAF@Z 1000be27 f   CheckScannerImpl.obj
 0001:0000ae40       ?get_CapConcurrentMICR@COPOSCheckScanner@@UAGJPAF@Z 1000be40 f   CheckScannerImpl.obj
 0001:0000ae59       ?get_CapContrast@COPOSCheckScanner@@UAGJPAF@Z 1000be59 f   CheckScannerImpl.obj
 0001:0000ae72       ?get_CapDefineCropArea@COPOSCheckScanner@@UAGJPAF@Z 1000be72 f   CheckScannerImpl.obj
 0001:0000ae8b       ?get_CapImageFormat@COPOSCheckScanner@@UAGJPAJ@Z 1000be8b f   CheckScannerImpl.obj
 0001:0000aea4       ?get_CapImageTagData@COPOSCheckScanner@@UAGJPAF@Z 1000bea4 f   CheckScannerImpl.obj
 0001:0000aebd       ?get_CapMICRDevice@COPOSCheckScanner@@UAGJPAF@Z 1000bebd f   CheckScannerImpl.obj
 0001:0000aed6       ?get_CapPowerReporting@COPOSCheckScanner@@UAGJPAJ@Z 1000bed6 f   CheckScannerImpl.obj
 0001:0000aeef       ?get_CapStatisticsReporting@COPOSCheckScanner@@UAGJPAF@Z 1000beef f   CheckScannerImpl.obj
 0001:0000af08       ?get_CapStoreImageFiles@COPOSCheckScanner@@UAGJPAF@Z 1000bf08 f   CheckScannerImpl.obj
 0001:0000af21       ?get_CapUpdateFirmware@COPOSCheckScanner@@UAGJPAF@Z 1000bf21 f   CheckScannerImpl.obj
 0001:0000af3a       ?get_CapUpdateStatistics@COPOSCheckScanner@@UAGJPAF@Z 1000bf3a f   CheckScannerImpl.obj
 0001:0000af53       ?get_CapValidationDevice@COPOSCheckScanner@@UAGJPAF@Z 1000bf53 f   CheckScannerImpl.obj
 0001:0000af6c       ?get_CheckHealthText@COPOSCheckScanner@@UAGJPAPA_W@Z 1000bf6c f   CheckScannerImpl.obj
 0001:0000af85       ?get_Claimed@COPOSCheckScanner@@UAGJPAF@Z 1000bf85 f   CheckScannerImpl.obj
 0001:0000af9b       ?get_Color@COPOSCheckScanner@@UAGJPAJ@Z 1000bf9b f   CheckScannerImpl.obj
 0001:0000afb4       ?get_ConcurrentMICR@COPOSCheckScanner@@UAGJPAF@Z 1000bfb4 f   CheckScannerImpl.obj
 0001:0000afcd       ?get_Contrast@COPOSCheckScanner@@UAGJPAJ@Z 1000bfcd f   CheckScannerImpl.obj
 0001:0000afe6       ?get_ControlObjectDescription@COPOSCheckScanner@@UAGJPAPA_W@Z 1000bfe6 f   CheckScannerImpl.obj
 0001:0000b023       ?get_ControlObjectVersion@COPOSCheckScanner@@UAGJPAJ@Z 1000c023 f   CheckScannerImpl.obj
 0001:0000b036       ?get_CropAreaCount@COPOSCheckScanner@@UAGJPAJ@Z 1000c036 f   CheckScannerImpl.obj
 0001:0000b04f       ?get_DataCount@COPOSCheckScanner@@UAGJPAJ@Z 1000c04f f   CheckScannerImpl.obj
 0001:0000b065       ?get_DataEventEnabled@COPOSCheckScanner@@UAGJPAF@Z 1000c065 f   CheckScannerImpl.obj
 0001:0000b07b       ?get_DeviceDescription@COPOSCheckScanner@@UAGJPAPA_W@Z 1000c07b f   CheckScannerImpl.obj
 0001:0000b094       ?get_DeviceEnabled@COPOSCheckScanner@@UAGJPAF@Z 1000c094 f   CheckScannerImpl.obj
 0001:0000b0aa       ?get_DeviceName@COPOSCheckScanner@@UAGJPAPA_W@Z 1000c0aa f   CheckScannerImpl.obj
 0001:0000b0c3       ?get_DocumentHeight@COPOSCheckScanner@@UAGJPAJ@Z 1000c0c3 f   CheckScannerImpl.obj
 0001:0000b0dc       ?get_DocumentWidth@COPOSCheckScanner@@UAGJPAJ@Z 1000c0dc f   CheckScannerImpl.obj
 0001:0000b0f5       ?get_FileID@COPOSCheckScanner@@UAGJPAPA_W@Z 1000c0f5 f   CheckScannerImpl.obj
 0001:0000b10e       ?get_FileIndex@COPOSCheckScanner@@UAGJPAJ@Z 1000c10e f   CheckScannerImpl.obj
 0001:0000b127       ?get_FreezeEvents@COPOSCheckScanner@@UAGJPAF@Z 1000c127 f   CheckScannerImpl.obj
 0001:0000b13d       ?get_ImageData@COPOSCheckScanner@@UAGJPAPA_W@Z 1000c13d f   CheckScannerImpl.obj
 0001:0000b156       ?get_ImageFormat@COPOSCheckScanner@@UAGJPAJ@Z 1000c156 f   CheckScannerImpl.obj
 0001:0000b16f       ?get_ImageMemoryStatus@COPOSCheckScanner@@UAGJPAJ@Z 1000c16f f   CheckScannerImpl.obj
 0001:0000b188       ?get_ImageTagData@COPOSCheckScanner@@UAGJPAPA_W@Z 1000c188 f   CheckScannerImpl.obj
 0001:0000b1a1       ?get_MapMode@COPOSCheckScanner@@UAGJPAJ@Z 1000c1a1 f   CheckScannerImpl.obj
 0001:0000b1ba       ?get_MaxCropAreas@COPOSCheckScanner@@UAGJPAJ@Z 1000c1ba f   CheckScannerImpl.obj
 0001:0000b1d3       ?get_OpenResult@COPOSCheckScanner@@UAGJPAJ@Z 1000c1d3 f   CheckScannerImpl.obj
 0001:0000b1ea       ?get_PowerNotify@COPOSCheckScanner@@UAGJPAJ@Z 1000c1ea f   CheckScannerImpl.obj
[...]
 0002:00002cf8       ?candidate_modules@?1??try_get_LocaleNameToLCID@@YAP6GKPB_WK@ZXZ@4QBW4module_id@?A0x391cf84c@@B 10021cf8     libucrt:winapi_thunks.obj
 0002:00002d14       ?candidate_modules@?1??try_get_AppPolicyGetProcessTerminationMethod@@YAP6GJPAXPAW4AppPolicyProcessTerminationMethod@@@ZXZ@4QBW4module_id@?A0x391cf84c@@B 10021d14     libucrt:winapi_thunks.obj
 0002:00002d40       ?candidate_modules@?1??try_get_SetThreadStackGuarantee@@YAP6GHPAK@ZXZ@4QBW4module_id@?A0x391cf84c@@B 10021d40     libucrt:winapi_thunks.obj
 0002:0000326c       ?_mb_locale_names@@3QBQB_WB 1002226c     libucrt:mbctype.obj
 0002:00003ab8       ?LcidToLocaleNameTable@?A0x881e4c05@@3QBULcidToLocaleName@1@B 10022ab8     libucrt:lcidtoname_downlevel.obj
 0002:00004be0       ?LocaleNameToIndexTable@?A0x881e4c05@@3QBULocaleNameIndex@1@B 10023be0     libucrt:lcidtoname_downlevel.obj
 0002:00006520       LOG_name                   10025520     libucrt:log10.obj
 0002:00006530       _One                       10025530     libucrt:ceil_pentium4.obj
 0002:00006540       _Bns                       10025540     libucrt:ceil_pentium4.obj
 0002:00006550       _Zero                      10025550     libucrt:ceil_pentium4.obj
 0002:00006560       _S                         10025560     libucrt:ceil_pentium4.obj
 0002:00006570       _NegZero                   10025570     libucrt:ceil_pentium4.obj
 0002:00006580       emask                      10025580     libucrt:log10_pentium4.obj
 0002:00006590       CC                         10025590     libucrt:log10_pentium4.obj
 0002:000065a0       Magic                      100255a0     libucrt:log10_pentium4.obj
 0002:000065b0       hi_mask                    100255b0     libucrt:log10_pentium4.obj
 0002:000065c0       LOG10_2                    100255c0     libucrt:log10_pentium4.obj
 0002:000065d0       place_L                    100255d0     libucrt:log10_pentium4.obj
 0002:000065f0       One                        100255f0     libucrt:log10_pentium4.obj
 0002:00006600       Zero                       10025600     libucrt:log10_pentium4.obj
 0002:00006610       Two52                      10025610     libucrt:log10_pentium4.obj
 0002:00006620       Infs                       10025620     libucrt:log10_pentium4.obj
 0002:00006630       NaN                        10025630     libucrt:log10_pentium4.obj
 0002:00006640       coeff                      10025640     libucrt:log10_pentium4.obj
 0002:0000669e       _log2max                   1002569e     libucrt:87tran.obj
 0002:000066a8       _smallarg                  100256a8     libucrt:87tran.obj
 0002:000066b2       _half                      100256b2     libucrt:87tran.obj
 0002:000066fe       One                        100256fe     libucrt:87disp.obj
 0002:00006706       Three                      10025706     libucrt:87disp.obj
 0002:0000670e       XAMtoTagTab                1002570e     libucrt:87disp.obj
 0002:00006720       One                        10025720     libucrt:common.obj
 0002:00006734       DblMax                     10025734     libucrt:common.obj
 0002:0000673c       DblMin                     1002573c     libucrt:common.obj
 0002:00006744       IeeeAdjO                   10025744     libucrt:common.obj
 0002:0000674c       IeeeAdjU                   1002574c     libucrt:common.obj
 0002:00006754       _infinity                  10025754     libucrt:common.obj
 0002:0000675c       _zero                      1002575c     libucrt:common.obj
 0002:00006798       _over                      10025798     libucrt:fpctrl.obj
 0002:000067a4       _under                     100257a4     libucrt:fpctrl.obj
 0002:00006fd8       ?_names@?1??_get_fname@@9@9 10025fd8     libucrt:fpexcept.obj
 0002:00007840       __sehtable$?_AtlVerifyStackAvailable@_ATL_SAFE_ALLOCA_IMPL@ATL@@YA_NK@Z 10026840     CheckScanner.obj
 0002:00007860       __sehtable$___scrt_is_nonwritable_in_current_image 10026860     LIBCMT:utility.obj
 0002:0000787c       __ehfuncinfo$?__scrt_initialize_thread_safe_statics_platform_specific@@YAXXZ 1002687c     LIBCMT:thread_safe_statics.obj
 0002:000078a0       __catchsym$??2@YAPAXIABUnothrow_t@std@@@Z$2 100268a0     LIBCMT:new_scalar_nothrow.obj
 0002:000078b0       __unwindtable$??2@YAPAXIABUnothrow_t@std@@@Z 100268b0     LIBCMT:new_scalar_nothrow.obj
 0002:000078c0       __tryblocktable$??2@YAPAXIABUnothrow_t@std@@@Z 100268c0     LIBCMT:new_scalar_nothrow.obj
 0002:000078d4       __ehfuncinfo$??2@YAPAXIABUnothrow_t@std@@@Z 100268d4     LIBCMT:new_scalar_nothrow.obj
 0002:000078f8       __sehtable$?dllmain_crt_process_attach@@YAHQAUHINSTANCE__@@QAX@Z 100268f8     LIBCMT:dll_dllmain.obj
 0002:00007918       __sehtable$?dllmain_crt_process_detach@@YAH_N@Z 10026918     LIBCMT:dll_dllmain.obj
 0002:00007938       __sehtable$?dllmain_dispatch@@YAHQAUHINSTANCE__@@KQAX@Z 10026938     LIBCMT:dll_dllmain.obj
 0002:000079e8       __sehtable$?FrameUnwindToState@__FrameHandler3@@SAXPAUEHRegistrationNode@@PAXPBU_s_FuncInfo@@H@Z 100269e8     libvcruntime:frame.obj
 0002:00007a10       __sehtable$?CallCatchBlock@@YAPAXPAUEHExceptionRecord@@PAUEHRegistrationNode@@PAU_CONTEXT@@PBU_s_FuncInfo@@PAXHK@Z 10026a10     libvcruntime:frame.obj
 0002:00007a38       __catchsym$?CallUnexpected@@YAXPBU_s_ESTypeList@@@Z$2 10026a38     libvcruntime:frame.obj
 0002:00007a48       __unwindtable$?CallUnexpected@@YAXPBU_s_ESTypeList@@@Z 10026a48     libvcruntime:frame.obj
 0002:00007a58       __tryblocktable$?CallUnexpected@@YAXPBU_s_ESTypeList@@@Z 10026a58     libvcruntime:frame.obj
 0002:00007a6c       __ehfuncinfo$?CallUnexpected@@YAXPBU_s_ESTypeList@@@Z 10026a6c     libvcruntime:frame.obj
 0002:00007a90       __sehtable$??$BuildCatchObjectHelperInternal@$$CBU_s_HandlerType@@@@YAHPAUEHExceptionRecord@@PAXPBU_s_HandlerType@@PBU_s_CatchableType@@@Z 10026a90     libvcruntime:frame.obj
 0002:00007ab0       __sehtable$??$BuildCatchObjectInternal@$$CBU_s_HandlerType@@@@YAXPAUEHExceptionRecord@@PAXPBU_s_HandlerType@@PBU_s_CatchableType@@@Z 10026ab0     libvcruntime:frame.obj
 0002:00007b08       __sehtable$___DestructExceptionObject 10026b08     libvcruntime:ehhelpers.obj
 0002:00007b28       __sehtable$??R<lambda_6e4b09c48022b2350581041d5f6b0c4c>@@QBE@XZ 10026b28     libucrt:exit.obj
 0002:00007b48       __sehtable$??$?RV<lambda_03b1d95aef87969028cfba75ccab2455>@@AAV<lambda_6e4b09c48022b2350581041d5f6b0c4c>@@V<lambda_22bdf7517842c4b3e53723af5aa32b9e>@@@?$__crt_seh_guarded_call@X@@QAEX$$QAV<lambda_03b1d95aef87969028cfba75ccab2455>@@AAV<lambda_6e4b09c48022b2350581041d5f6b0c4c>@@$$QAV<lambda_22bdf7517842c4b3e53723af5aa32b9e>@@@Z 10026b48     libucrt:exit.obj
 0002:00007b68       __sehtable$??$?RV<lambda_8e746cf0007f6ed984d6f78af1fec997>@@AAV<lambda_22ebabd17bc4fa466a2aca6d8deb888d>@@V<lambda_18ed0c0b38a6dc0daf1e7ac6d6adf05e>@@@?$__crt_seh_guarded_call@H@@QAEH$$QAV<lambda_8e746cf0007f6ed984d6f78af1fec997>@@AAV<lambda_22ebabd17bc4fa466a2aca6d8deb888d>@@$$QAV<lambda_18ed0c0b38a6dc0daf1e7ac6d6adf05e>@@@Z 10026b68     libucrt:onexit.obj
 0002:00007b88       __sehtable$??$?RV<lambda_69a2805e680e0e292e8ba93315fe43a8>@@AAV<lambda_f03950bc5685219e0bcd2087efbe011e>@@V<lambda_03fcd07e894ec930e3f35da366ca99d6>@@@?$__crt_seh_guarded_call@H@@QAEH$$QAV<lambda_69a2805e680e0e292e8ba93315fe43a8>@@AAV<lambda_f03950bc5685219e0bcd2087efbe011e>@@$$QAV<lambda_03fcd07e894ec930e3f35da366ca99d6>@@@Z 10026b88     libucrt:onexit.obj
 0002:00007ba8       __sehtable$__query_new_handler 10026ba8     libucrt:new_handler.obj
 0002:00007bc8       __sehtable$_terminate      10026bc8     libucrt:terminate.obj
 0002:00007be8       __sehtable$??$?RV<lambda_15ade71b0218206bbe3333a0c9b79046>@@AAV<lambda_da44e0f8b0f19ba52fefafb335991732>@@V<lambda_207f2d024fc103971653565357d6cd41>@@@?$__crt_seh_guarded_call@X@@QAEX$$QAV<lambda_15ade71b0218206bbe3333a0c9b79046>@@AAV<lambda_da44e0f8b0f19ba52fefafb335991732>@@$$QAV<lambda_207f2d024fc103971653565357d6cd41>@@@Z 10026be8     libucrt:per_thread_data.obj
 0002:00007c08       __sehtable$??$?RV<lambda_a7e850c220f1c8d1e6efeecdedd162c6>@@AAV<lambda_46720907175c18b6c9d2717bc0d2d362>@@V<lambda_9048902d66e8d99359bc9897bbb930a8>@@@?$__crt_seh_guarded_call@X@@QAEX$$QAV<lambda_a7e850c220f1c8d1e6efeecdedd162c6>@@AAV<lambda_46720907175c18b6c9d2717bc0d2d362>@@$$QAV<lambda_9048902d66e8d99359bc9897bbb930a8>@@@Z 10026c08     libucrt:per_thread_data.obj
 0002:00007c28       __sehtable$??$?RV<lambda_38edbb1296d33220d7e4dd0ed76b244a>@@AAV<lambda_5ce1d447e08cb34b2473517608e21441>@@V<lambda_fb385d3da700c9147fc39e65dd577a8c>@@@?$__crt_seh_guarded_call@X@@QAEX$$QAV<lambda_38edbb1296d33220d7e4dd0ed76b244a>@@AAV<lambda_5ce1d447e08cb34b2473517608e21441>@@$$QAV<lambda_fb385d3da700c9147fc39e65dd577a8c>@@@Z 10026c28     libucrt:per_thread_data.obj
 0002:00007c48       __sehtable$??$?RV<lambda_6affb1475c98b40b75cdec977db92e3c>@@AAV<lambda_b8d4b9c228a6ecc3f80208dbb4b4a104>@@V<lambda_608742c3c92a14382c1684fc64f96c88>@@@?$__crt_seh_guarded_call@X@@QAEX$$QAV<lambda_6affb1475c98b40b75cdec977db92e3c>@@AAV<lambda_b8d4b9c228a6ecc3f80208dbb4b4a104>@@$$QAV<lambda_608742c3c92a14382c1684fc64f96c88>@@@Z 10026c48     libucrt:per_thread_data.obj
 0002:00007c68       __sehtable$??$?RV<lambda_e5124f882df8998aaf41531e079ba474>@@AAV<lambda_3e16ef9562a7dcce91392c22ab16ea36>@@V<lambda_e25ca0880e6ef98be67edffd8c599615>@@@?$__crt_seh_guarded_call@X@@QAEX$$QAV<lambda_e5124f882df8998aaf41531e079ba474>@@AAV<lambda_3e16ef9562a7dcce91392c22ab16ea36>@@$$QAV<lambda_e25ca0880e6ef98be67edffd8c599615>@@@Z 10026c68     libucrt:wsetlocale.obj
 0002:00007c88       __sehtable$___acrt_initialize_lowio 10026c88     libucrt:ioinit.obj
 0002:00007ca8       __sehtable$?update_thread_multibyte_data_internal@@YAPAU__crt_multibyte_data@@QAU__acrt_ptd@@QAU1@@Z 10026ca8     libucrt:mbctype.obj
 0002:00007cc8       __sehtable$??$?RV<lambda_ceb1ee4838e85a9d631eb091e2fbe199>@@AAV<lambda_ae742caa10f662c28703da3d2ea5e57e>@@V<lambda_cd08b5d6af4937fe54fc07d0c9bf6b37>@@@?$__crt_seh_guarded_call@X@@QAEX$$QAV<lambda_ceb1ee4838e85a9d631eb091e2fbe199>@@AAV<lambda_ae742caa10f662c28703da3d2ea5e57e>@@$$QAV<lambda_cd08b5d6af4937fe54fc07d0c9bf6b37>@@@Z 10026cc8     libucrt:mbctype.obj
 0002:00007ce8       __sehtable$_raise          10026ce8     libucrt:signal.obj
 0002:00007d08       __sehtable$??$?RV<lambda_cbab9ec6f41b0180b23cc171c22676b0>@@AAV<lambda_44731a7d0e6d81c3e6aa82d741081786>@@V<lambda_4b292cb8dd18144e164572427af410ab>@@@?$__crt_seh_guarded_call@P6AXH@Z@@QAEP6AXH@Z$$QAV<lambda_cbab9ec6f41b0180b23cc171c22676b0>@@AAV<lambda_44731a7d0e6d81c3e6aa82d741081786>@@$$QAV<lambda_4b292cb8dd18144e164572427af410ab>@@@Z 10026d08     libucrt:signal.obj
 0002:00007d28       __sehtable$___acrt_update_thread_locale_data 10026d28     libucrt:locale_refcounting.obj
 0002:00007d48       __sehtable$__fcloseall     10026d48     libucrt:closeall.obj
 0002:00007d68       __sehtable$??$?RV<lambda_2866be3712abc81a800a822484c830d8>@@AAV<lambda_39ca0ed439415581b5b15c265174cece>@@V<lambda_2b24c74d71094a6cd0cb82e44167d71b>@@@?$__crt_seh_guarded_call@X@@QAEX$$QAV<lambda_2866be3712abc81a800a822484c830d8>@@AAV<lambda_39ca0ed439415581b5b15c265174cece>@@$$QAV<lambda_2b24c74d71094a6cd0cb82e44167d71b>@@@Z 10026d68     libucrt:fflush.obj
 0002:00007d88       __sehtable$??$?RV<lambda_2cc53f568c5a2bb6f192f930a45d44ea>@@AAV<lambda_ab61a845afdef5b7c387490eaf3616ee>@@V<lambda_c2ffc0b7726aa6be21d5f0026187e748>@@@?$__crt_seh_guarded_call@X@@QAEX$$QAV<lambda_2cc53f568c5a2bb6f192f930a45d44ea>@@AAV<lambda_ab61a845afdef5b7c387490eaf3616ee>@@$$QAV<lambda_c2ffc0b7726aa6be21d5f0026187e748>@@@Z 10026d88     libucrt:fflush.obj
 0002:00007da8       __sehtable$___acrt_lowio_ensure_fh_exists 10026da8     libucrt:osfinfo.obj
 0002:00007dc8       __sehtable$__write         10026dc8     libucrt:write.obj
 0002:00007de8       __sehtable$_fclose         10026de8     libucrt:fclose.obj
 0002:00007e08       __sehtable$??$?RV<lambda_9e9de3de5fa147e2223d7db92bc10aa6>@@AAV<lambda_38ce7e780aa69e748d6df282ebc68efe>@@V<lambda_8ca6da459f0f6780f1cff60fdc3d00e5>@@@?$__crt_seh_guarded_call@H@@QAEH$$QAV<lambda_9e9de3de5fa147e2223d7db92bc10aa6>@@AAV<lambda_38ce7e780aa69e748d6df282ebc68efe>@@$$QAV<lambda_8ca6da459f0f6780f1cff60fdc3d00e5>@@@Z 10026e08     libucrt:commit.obj
 0002:00007e28       __sehtable$??$?RV<lambda_218ce3db14220d0be481dae8ef3383b6>@@AAV<lambda_628dfdc04ba53c8bfc02c9951375f3f5>@@V<lambda_57dc472bd5c9d5f3b2cbca59b8a843ae>@@@?$__crt_seh_guarded_call@H@@QAEH$$QAV<lambda_218ce3db14220d0be481dae8ef3383b6>@@AAV<lambda_628dfdc04ba53c8bfc02c9951375f3f5>@@$$QAV<lambda_57dc472bd5c9d5f3b2cbca59b8a843ae>@@@Z 10026e28     libucrt:close.obj
 0002:00007e48       __sehtable$__IsNonwritableInCurrentImage 10026e48     LIBCMT:pesect.obj
 0002:00007e70       .edata                     10026e70     OPOSCheckScanner.exp
 0002:00007e98       rgpv                       10026e98     OPOSCheckScanner.exp
 0002:00007ea8       rgszName                   10026ea8     OPOSCheckScanner.exp
 0002:00007eb8       rgwOrd                     10026eb8     OPOSCheckScanner.exp
 0002:00007ec0       szName                     10026ec0     OPOSCheckScanner.exp
 0002:00007ed5       $N00001                    10026ed5     OPOSCheckScanner.exp
 0002:00007ee5       $N00002                    10026ee5     OPOSCheckScanner.exp
 0002:00007ef7       $N00003                    10026ef7     OPOSCheckScanner.exp
 0002:00007f09       $N00004                    10026f09     OPOSCheckScanner.exp
 0002:00008524       .idata$6                   10027524     kernel32:KERNEL32.dll
 0002:00008738       .idata$6                   10027738     user32:USER32.dll
 0002:0000886c       .idata$6                   1002786c     gdi32:GDI32.dll
 0002:00008912       .idata$6                   10027912     advapi32:ADVAPI32.dll
 0002:00008a2e       .idata$6                   10027a2e     ole32:ole32.dll
 0002:00008a38       .idata$6                   10027a38     oleaut32:OLEAUT32.dll
 0003:00000110       ?ObjectMap@@3PAU_ATL_OBJMAP_ENTRY30@ATL@@A 10028110     CheckScanner.obj
 0003:000001c0       ?s_SOMethodNames@@3PAPADA  100281c0     CheckScannerImpl.obj
 0003:00000230       ?s_RequiredMethodsPerRelease@@3PAHA 10028230     CheckScannerImpl.obj
 0003:00000260       ?__vcrt_flsindex@@3KA      10028260     libvcruntime:per_thread_data.obj
 0003:00000280       ?errno_no_memory@@3HA      10028280     libucrt:errno.obj
 0003:00000284       ?doserrno_no_memory@@3KA   10028284     libucrt:errno.obj
 0003:00000290       ?__acrt_flsindex@@3KA      10028290     libucrt:per_thread_data.obj
 0003:00000408       __mbctypes                 10028408     libucrt:mbctype.obj
 0003:00000510       __mbcasemaps               10028510     libucrt:mbctype.obj
 0003:00000610       ?__rgctypeflag@@3PADA      10028610     libucrt:mbctype.obj
 0003:00000618       ?__rgcode_page_info@@3PAUcode_page_info@@A 10028618     libucrt:mbctype.obj
 0003:00000b20       ?is_initialized_as_dll@@3_NA 10028b20     LIBCMT:utility.obj
 0003:00000b21       ?module_local_atexit_table_initialized@@3_NA 10028b21     LIBCMT:utility.obj
 0003:00000b24       ?module_local_atexit_table@@3U_onexit_table_t@@A 10028b24     LIBCMT:utility.obj
 0003:00000b30       ?module_local_at_quick_exit_table@@3U_onexit_table_t@@A 10028b30     LIBCMT:utility.obj
 0003:00000b3c       ?_Tss_mutex@@3U_RTL_CRITICAL_SECTION@@A 10028b3c     LIBCMT:thread_safe_statics.obj
 0003:00000b54       ?_Tss_cv@@3U_RTL_CONDITION_VARIABLE@@A 10028b54     LIBCMT:thread_safe_statics.obj
 0003:00000b58       ?_Tss_event@@3PAXA         10028b58     LIBCMT:thread_safe_statics.obj
 0003:00000b5c       ?encoded_sleep_condition_variable_cs@@3P6GHPAU_RTL_CONDITION_VARIABLE@@PAU_RTL_CRITICAL_SECTION@@K@ZA 10028b5c     LIBCMT:thread_safe_statics.obj
 0003:00000b60       ?encoded_wake_all_condition_variable@@3P6GXPAU_RTL_CONDITION_VARIABLE@@@ZA 10028b60     LIBCMT:thread_safe_statics.obj
 0003:00000b68       _GS_ExceptionRecord        10028b68     LIBCMT:gs_report.obj
 0003:00000bb8       _GS_ContextRecord          10028bb8     LIBCMT:gs_report.obj
 0003:00000e88       ?__proc_attached@@3HA      10028e88     LIBCMT:dll_dllmain.obj
 0003:00000ee4       ?AllocateData@@3P6GPAUAtlThunkData_t@@XZA 10028ee4     atls:atlthunk.obj
 0003:00000ee8       ?InitData@@3P6GXPAUAtlThunkData_t@@PAXI@ZA 10028ee8     atls:atlthunk.obj
 0003:00000eec       ?DataToCode@@3P6GP6GJPAUHWND__@@IIJ@ZPAUAtlThunkData_t@@@ZA 10028eec     atls:atlthunk.obj
 0003:00000ef0       ?FreeData@@3P6GXPAUAtlThunkData_t@@@ZA 10028ef0     atls:atlthunk.obj
 0003:00000ef4       ?Initialized@@3_NA         10028ef4     atls:atlthunk.obj
 0003:00000f00       ?__vcrt_startup_thread_ptd@@3U__vcrt_ptd@@A 10028f00     libvcruntime:per_thread_data.obj
 0003:00000f28       ___vcrt_lock_table         10028f28     libvcruntime:locks.obj
 0003:00000f40       ___vcrt_locks_initialized  10028f40     libvcruntime:locks.obj
 0003:00000f44       ?module_handles@@3PAPAUHINSTANCE__@@A 10028f44     libvcruntime:winapi_downlevel.obj
 0003:00000f50       ?encoded_function_pointers@@3PAPAXA 10028f50     libvcruntime:winapi_downlevel.obj
 0003:00000f8c       ?heap@@3V_HeapManager@@A   10028f8c     libvcruntime:undname.obj
 0003:00000fa4       ?__acrt_invalid_parameter_handler@@3V?$dual_state_global@P6AXPB_W00II@Z@__crt_state_management@@A 10028fa4     libucrt:invalid_parameter.obj
 0003:00000fa8       ?c_termination_complete@@3JA 10028fa8     libucrt:exit.obj
 0003:00000fac       ?thread_local_exit_callback_func@@3P6GXPAXK0@ZA 10028fac     libucrt:exit.obj
 0003:00000fb8       ?program_name@?1???$common_configure_argv@D@@YAHW4_crt_argv_mode@@@Z@4PADA 10028fb8     libucrt:argv_parsing.obj
 0003:000010e8       ?__acrt_new_handler@@3V?$dual_state_global@P6AHI@Z@__crt_state_management@@A 100290e8     libucrt:new_handler.obj
 0003:000010f0       ?module_handles@@3PAPAUHINSTANCE__@@A 100290f0     libucrt:winapi_thunks.obj
 0003:00001140       ?encoded_function_pointers@@3PAPAXA 10029140     libucrt:winapi_thunks.obj
 0003:000011d0       ?enable_percent_n@@3IA     100291d0     libucrt:printf_count_output.obj
 0003:000013f0       ?__acrt_lock_table@@3PAU_RTL_CRITICAL_SECTION@@A 100293f0     libucrt:locks.obj
 0003:00001540       ?__acrt_locks_initialized@@3IA 10029540     libucrt:locks.obj
 0003:00001550       ?fSystemSet@@3HA           10029550     libucrt:mbctype.obj
 0003:00001554       ?initialized@?1??__acrt_initialize_multibyte@@9@4_NA 10029554     libucrt:mbctype.obj
 0003:00001574       ?ctrlc_action@@3V?$dual_state_global@P6AXH@Z@__crt_state_management@@A 10029574     libucrt:signal.obj
 0003:00001578       ?ctrlbreak_action@@3V?$dual_state_global@P6AXH@Z@__crt_state_management@@A 10029578     libucrt:signal.obj
 0003:0000157c       ?abort_action@@3V?$dual_state_global@P6AXH@Z@__crt_state_management@@A 1002957c     libucrt:signal.obj
 0003:00001580       ?term_action@@3V?$dual_state_global@P6AXH@Z@__crt_state_management@@A 10029580     libucrt:signal.obj
 0003:00001584       ?user_matherr@@3V?$dual_state_global@P6AHPAU_exception@@@Z@__crt_state_management@@A 10029584     libucrt:matherr.obj
 0003:00001588       ?__acrt_global_new_mode@@3V?$dual_state_global@J@__crt_state_management@@A 10029588     libucrt:new_mode.obj
 0003:00001594       ?__acrt_app_type@@3W4_crt_app_type@@A 10029594     libucrt:report_runtime_error.obj
 0003:0000159c       __pmatherr_set             1002959c     libucrt:libm_error.obj
 0004:00000220       $R000000                   1002a220     CheckScanner.res
 0004:00000ba0       $R000980                   1002aba0     CheckScanner.res
 0004:00000c88       $R000A68                   1002ac88     CheckScanner.res
 0004:00000ef0       $R000CD0                   1002aef0     CheckScanner.res
 0004:000013d0       $R0011B0                   1002b3d0     CheckScanner.res
 0004:00005108       $R004EE8                   1002f108     CheckScanner.res
 0004:00005140       $R004F20                   1002f140     CheckScanner.res
