 OPOSSmartCardRW

 Timestamp is 600f7ac2 (Tue Jan 26 11:13:22 2021)

 Preferred load address is 10000000

 Start         Length     Name                   Class
 0001:00000000 00000080H .text$di                CODE
 0001:00000080 0001e4a3H .text$mn                CODE
 0001:0001e523 0000003aH .text$x                 CODE
 0001:0001e55d 00000042H .text$yd                CODE
 0002:00000000 000002fcH .idata$5                DATA
 0002:000002fc 00000004H .00cfg                  DATA
 0002:00000300 00000004H .CRT$XCA                DATA
 0002:00000304 00000004H .CRT$XCL                DATA
 0002:00000308 00000010H .CRT$XCU                DATA
 0002:00000318 00000004H .CRT$XCZ                DATA
 0002:0000031c 00000004H .CRT$XIA                DATA
 0002:00000320 00000010H .CRT$XIC                DATA
 0002:00000330 00000004H .CRT$XIZ                DATA
 0002:00000334 00000004H .CRT$XLA                DATA
 0002:00000338 00000004H .CRT$XLZ                DATA
 0002:0000033c 00000004H .CRT$XPA                DATA
 0002:00000340 00000008H .CRT$XPX                DATA
 0002:00000348 00000004H .CRT$XPXA               DATA
 0002:0000034c 00000004H .CRT$XPZ                DATA
 0002:00000350 00000004H .CRT$XTA                DATA
 0002:00000354 0000000cH .CRT$XTZ                DATA
 0002:00000358 00000000H .gfids$y                DATA
 0002:00000360 00007360H .rdata                  DATA
 0002:000076c0 00000000H .rdata$CastGuardVftablesA DATA
 0002:000076c0 00000000H .rdata$CastGuardVftablesC DATA
 0002:000076c0 00000018H .rdata$T                DATA
 0002:000076d8 00000178H .rdata$r                DATA
 0002:00007850 0000001cH .rdata$sxdata           DATA
 0002:0000786c 000003e0H .rdata$zzzdbg           DATA
 0002:00007c4c 00000004H .rtc$IAA                DATA
 0002:00007c50 00000004H .rtc$IZZ                DATA
 0002:00007c54 00000004H .rtc$TAA                DATA
 0002:00007c58 00000004H .rtc$TZZ                DATA
 0002:00007c5c 00000004H .tls                    DATA
 0002:00007c60 00000004H .tls$                   DATA
 0002:00007c64 00000004H .tls$ZZZ                DATA
 0002:00007c68 0000062cH .xdata$x                DATA
 0002:00008294 00000004H ATL$__a                 DATA
 0002:00008298 00000008H ATL$__z                 DATA
 0002:000082a0 000000acH .edata                  DATA
 0002:0000834c 00000078H .idata$2                DATA
 0002:000083c4 00000014H .idata$3                DATA
 0002:000083d8 000002fcH .idata$4                DATA
 0002:000086d4 00000bceH .idata$6                DATA
 0003:00000000 00000ab0H .data                   DATA
 0003:00000ab0 00000098H .data$r                 DATA
 0003:00000b48 00000b88H .bss                    DATA
 0004:00000000 00000220H .rsrc$01                DATA
 0004:00000220 000043f0H .rsrc$02                DATA

  Address         Publics by Value              Rva+Base       Lib:Object

 0000:00000000       ___guard_fids_count        00000000     <absolute>
 0000:00000000       ___guard_longjmp_table     00000000     <absolute>
 0000:00000000       ___guard_eh_cont_table     00000000     <absolute>
 0000:00000000       ___volatile_metadata       00000000     <absolute>
 0000:00000000       ___arm64x_extra_rfe_table  00000000     <absolute>
 0000:00000000       ___arm64x_redirection_metadata 00000000     <absolute>
 0000:00000000       ___guard_iat_count         00000000     <absolute>
 0000:00000000       ___guard_eh_cont_count     00000000     <absolute>
 0000:00000000       __except_list              00000000     <absolute>
 0000:00000000       ___x64_code_ranges_to_entry_points_count 00000000     <absolute>
 0000:00000000       ___hybrid_code_map_count   00000000     <absolute>
 0000:00000000       ___x64_code_ranges_to_entry_points 00000000     <absolute>
 0000:00000000       ___guard_iat_table         00000000     <absolute>
 0000:00000000       ___arm64x_native_entrypoint 00000000     <absolute>
 0000:00000000       ___hybrid_code_map         00000000     <absolute>
 0000:00000000       ___arm64x_extra_rfe_table_size 00000000     <absolute>
 0000:00000000       ___guard_longjmp_count     00000000     <absolute>
 0000:00000000       ___arm64x_redirection_metadata_count 00000000     <absolute>
 0000:00000000       ___hybrid_auxiliary_iat    00000000     <absolute>
 0000:00000000       ___dynamic_value_reloc_table 00000000     <absolute>
 0000:00000000       ___AbsoluteZero            00000000     <absolute>
 0000:00000000       ___enclave_config          00000000     <absolute>
 0000:00000000       ___guard_fids_table        00000000     <absolute>
 0000:00000007       ___safe_se_handler_count   00000007     <absolute>
 0000:0000002c       __tls_array                0000002c     <absolute>
 0000:00000100       ___guard_flags             00000100     <absolute>
 0000:00000000       ___ImageBase               10000000     <linker-defined>
 0001:00000080       ?DupWide@_CW@@AAEXXZ       10001080 f   CWString.obj
 0001:0000009c       ?cw_dup@@YGXPBDAAHAAPA_W1@Z 1000109c f   CWString.obj
 0001:00000124       ?cw_memcpy@@YGHPA_WPBDH@Z  10001124 f   CWString.obj
 0001:00000150       ?cw_strcpy@@YAHPA_WPBD@Z   10001150 f   CWString.obj
 0001:00000163       ?cw_strlen@@YAHPBD@Z       10001163 f   CWString.obj
 0001:0000017c       ??0CAtlComModule@ATL@@QAE@XZ 1000117c f i OposVariant.obj
 0001:000001c1       ??0CAtlWinModule@ATL@@QAE@XZ 100011c1 f i OposVariant.obj
 0001:000001f8       ??0OposDispParms@@QAE@PAVOposVariant@@H@Z 100011f8 f   OposVariant.obj
 0001:00000269       ??1OposDispParms@@QAE@XZ   10001269 f   OposVariant.obj
 0001:00000277       ??A?$CSimpleArray@GV?$CSimpleArrayEqualHelper@G@ATL@@@ATL@@QAEAAGH@Z 10001277 f i OposVariant.obj
 0001:0000029c       ??_Estringdispid@CComTypeInfoHolder@ATL@@QAEPAXI@Z 1000129c f i OposVariant.obj
 0001:00000308       ?AtlWinModuleInit@ATL@@YGJPAU_ATL_WIN_MODULE70@1@@Z 10001308 f i OposVariant.obj
 0001:0000032e       ?AtlWinModuleTerm@ATL@@YGJPAU_ATL_WIN_MODULE70@1@PAUHINSTANCE__@@@Z 1000132e f i OposVariant.obj
 0001:00000391       ?ChangeBSTR@OposVariant@@QAEXPAPA_WAAJ@Z 10001391 f   OposVariant.obj
 0001:000003d2       ?ChangeLONG@OposVariant@@QAEXPAJAAJ@Z 100013d2 f   OposVariant.obj
 0001:00000413       ?GetLONG@OposVariant@@QAEJXZ 10001413 f   OposVariant.obj
 0001:0000042e       ?Init@CComCriticalSection@ATL@@QAEJXZ 1000142e f i OposVariant.obj
 0001:00000456       ?RemoveAll@?$CSimpleArray@GV?$CSimpleArrayEqualHelper@G@ATL@@@ATL@@QAEXXZ 10001456 f i OposVariant.obj
 0001:00000456       ?RemoveAll@?$CSimpleArray@PAUHINSTANCE__@@V?$CSimpleArrayEqualHelper@PAUHINSTANCE__@@@ATL@@@ATL@@QAEXXZ 10001456 f i atls:atlbase.obj
 0001:00000473       ?SetBSTR@OposVariant@@QAEXPA_WAAJ@Z 10001473 f   OposVariant.obj
 0001:000004a7       ?SetBSTR_Copy@OposVariant@@QAEXPA_WAAJ@Z 100014a7 f   OposVariant.obj
 0001:000004f7       ?SetBSTR_InOutPtr@OposVariant@@QAE_NPAPA_WAAJ@Z 100014f7 f   OposVariant.obj
 0001:0000052e       ?SetDispatch_Ptr@OposVariant@@QAEXPAUIDispatch@@AAJ@Z 1000152e f   OposVariant.obj
 0001:00000569       ?SetLONG@OposVariant@@QAEXJ@Z 10001569 f   OposVariant.obj
 0001:0000058b       ?SetLONG_Ptr@OposVariant@@QAEXPAJAAJ@Z 1000158b f   OposVariant.obj
 0001:000005be       ?SetString@OposVariant@@QAEXPB_WAAJ@Z 100015be f   OposVariant.obj
 0001:00000604       ?SetVARIANT_BOOL@OposVariant@@QAEXF@Z 10001604 f   OposVariant.obj
 0001:0000062e       ?Term@CAtlComModule@ATL@@QAEXXZ 1000162e f i OposVariant.obj
 0001:00000678       ?_AtlRaiseException@ATL@@YAXKK@Z 10001678 f i OposVariant.obj
 0001:0000068d       ??_E?$CComObject@VCOPOSSmartCardRW@@@ATL@@W3AEPAXI@Z 1000168d f i SmartCardRW.obj
 0001:00000695       ??_E?$CComObject@VCOPOSSmartCardRW@@@ATL@@WEM@AEPAXI@Z 10001695 f i SmartCardRW.obj
 0001:0000069d       ?QueryInterface@?$CComObject@VCOPOSSmartCardRW@@@ATL@@WHA@AGJABU_GUID@@PAPAX@Z 1000169d f i SmartCardRW.obj
 0001:000006a7       ?AddRef@?$CComObject@VCOPOSSmartCardRW@@@ATL@@WHA@AGKXZ 100016a7 f i SmartCardRW.obj
 0001:000006b1       ?Release@?$CComObject@VCOPOSSmartCardRW@@@ATL@@WHA@AGKXZ 100016b1 f i SmartCardRW.obj
 0001:000006bb       ?QueryInterface@?$CComObject@VCOPOSSmartCardRW@@@ATL@@WHE@AGJABU_GUID@@PAPAX@Z 100016bb f i SmartCardRW.obj
 0001:000006c5       ?AddRef@?$CComObject@VCOPOSSmartCardRW@@@ATL@@WHE@AGKXZ 100016c5 f i SmartCardRW.obj
 0001:000006cf       ?Release@?$CComObject@VCOPOSSmartCardRW@@@ATL@@WHE@AGKXZ 100016cf f i SmartCardRW.obj
 0001:000006d9       ?QueryInterface@?$CComObject@VCOPOSSmartCardRW@@@ATL@@WHI@AGJABU_GUID@@PAPAX@Z 100016d9 f i SmartCardRW.obj
 0001:000006e3       ?AddRef@?$CComObject@VCOPOSSmartCardRW@@@ATL@@WHI@AGKXZ 100016e3 f i SmartCardRW.obj
 0001:000006ed       ?Release@?$CComObject@VCOPOSSmartCardRW@@@ATL@@WHI@AGKXZ 100016ed f i SmartCardRW.obj
 0001:000006f7       ?QueryInterface@?$CComObject@VCOPOSSmartCardRW@@@ATL@@WHM@AGJABU_GUID@@PAPAX@Z 100016f7 f i SmartCardRW.obj
 0001:00000701       ?AddRef@?$CComObject@VCOPOSSmartCardRW@@@ATL@@WHM@AGKXZ 10001701 f i SmartCardRW.obj
 0001:0000070b       ?Release@?$CComObject@VCOPOSSmartCardRW@@@ATL@@WHM@AGKXZ 1000170b f i SmartCardRW.obj
 0001:00000715       ?QueryInterface@?$CComObject@VCOPOSSmartCardRW@@@ATL@@WIA@AGJABU_GUID@@PAPAX@Z 10001715 f i SmartCardRW.obj
 0001:00000722       ?AddRef@?$CComObject@VCOPOSSmartCardRW@@@ATL@@WIA@AGKXZ 10001722 f i SmartCardRW.obj
 0001:0000072f       ?Release@?$CComObject@VCOPOSSmartCardRW@@@ATL@@WIA@AGKXZ 1000172f f i SmartCardRW.obj
 0001:0000073c       ?QueryInterface@?$CComObject@VCOPOSSmartCardRW@@@ATL@@WIE@AGJABU_GUID@@PAPAX@Z 1000173c f i SmartCardRW.obj
 0001:00000749       ?AddRef@?$CComObject@VCOPOSSmartCardRW@@@ATL@@WIE@AGKXZ 10001749 f i SmartCardRW.obj
 0001:00000756       ?Release@?$CComObject@VCOPOSSmartCardRW@@@ATL@@WIE@AGKXZ 10001756 f i SmartCardRW.obj
 0001:00000763       ?QueryInterface@?$CComObject@VCOPOSSmartCardRW@@@ATL@@WII@AGJABU_GUID@@PAPAX@Z 10001763 f i SmartCardRW.obj
 0001:00000770       ?AddRef@?$CComObject@VCOPOSSmartCardRW@@@ATL@@WII@AGKXZ 10001770 f i SmartCardRW.obj
 0001:0000077d       ?Release@?$CComObject@VCOPOSSmartCardRW@@@ATL@@WII@AGKXZ 1000177d f i SmartCardRW.obj
 0001:0000078a       ?QueryInterface@?$CComObject@VCOPOSSmartCardRW@@@ATL@@WIM@AGJABU_GUID@@PAPAX@Z 1000178a f i SmartCardRW.obj
 0001:00000797       ?AddRef@?$CComObject@VCOPOSSmartCardRW@@@ATL@@WIM@AGKXZ 10001797 f i SmartCardRW.obj
 0001:000007a4       ?Release@?$CComObject@VCOPOSSmartCardRW@@@ATL@@WIM@AGKXZ 100017a4 f i SmartCardRW.obj
 0001:000007b1       ?QueryInterface@?$CComObject@VCOPOSSmartCardRW@@@ATL@@WJA@AGJABU_GUID@@PAPAX@Z 100017b1 f i SmartCardRW.obj
 0001:000007be       ?AddRef@?$CComObject@VCOPOSSmartCardRW@@@ATL@@WJA@AGKXZ 100017be f i SmartCardRW.obj
 0001:000007cb       ?Release@?$CComObject@VCOPOSSmartCardRW@@@ATL@@WJA@AGKXZ 100017cb f i SmartCardRW.obj
 0001:000007d8       ?QueryInterface@?$CComObject@VCOPOSSmartCardRW@@@ATL@@WJE@AGJABU_GUID@@PAPAX@Z 100017d8 f i SmartCardRW.obj
 0001:000007e5       ?AddRef@?$CComObject@VCOPOSSmartCardRW@@@ATL@@WJE@AGKXZ 100017e5 f i SmartCardRW.obj
 0001:000007f2       ?Release@?$CComObject@VCOPOSSmartCardRW@@@ATL@@WJE@AGKXZ 100017f2 f i SmartCardRW.obj
 0001:000007ff       ?QueryInterface@?$CComObject@VCOPOSSmartCardRW@@@ATL@@WJI@AGJABU_GUID@@PAPAX@Z 100017ff f i SmartCardRW.obj
 0001:0000080c       ?AddRef@?$CComObject@VCOPOSSmartCardRW@@@ATL@@WJI@AGKXZ 1000180c f i SmartCardRW.obj
 0001:00000819       ?Release@?$CComObject@VCOPOSSmartCardRW@@@ATL@@WJI@AGKXZ 10001819 f i SmartCardRW.obj
 0001:00000826       ?QueryInterface@?$CComObject@VCOPOSSmartCardRW@@@ATL@@WJM@AGJABU_GUID@@PAPAX@Z 10001826 f i SmartCardRW.obj
 0001:00000833       ?AddRef@?$CComObject@VCOPOSSmartCardRW@@@ATL@@WJM@AGKXZ 10001833 f i SmartCardRW.obj
 0001:00000840       ?Release@?$CComObject@VCOPOSSmartCardRW@@@ATL@@WJM@AGKXZ 10001840 f i SmartCardRW.obj
 0001:0000084d       ?QueryInterface@?$CComObject@VCOPOSSmartCardRW@@@ATL@@WKA@AGJABU_GUID@@PAPAX@Z 1000184d f i SmartCardRW.obj
 0001:0000085a       ?AddRef@?$CComObject@VCOPOSSmartCardRW@@@ATL@@WKA@AGKXZ 1000185a f i SmartCardRW.obj
 0001:00000867       ?Release@?$CComObject@VCOPOSSmartCardRW@@@ATL@@WKA@AGKXZ 10001867 f i SmartCardRW.obj
 0001:00000874       ?AddRef@?$CComObject@VCOPOSSmartCardRW@@@ATL@@WKI@AGKXZ 10001874 f i SmartCardRW.obj
 0001:00000881       ?Release@?$CComObject@VCOPOSSmartCardRW@@@ATL@@WKI@AGKXZ 10001881 f i SmartCardRW.obj
 0001:0000088e       ?AddRef@?$CComObject@VCOPOSSmartCardRW@@@ATL@@WLE@AGKXZ 1000188e f i SmartCardRW.obj
 0001:0000089b       ?Release@?$CComObject@VCOPOSSmartCardRW@@@ATL@@WLE@AGKXZ 1000189b f i SmartCardRW.obj
 0001:000008a8       ??_E?$CComContainedObject@VCOPOSSmartCardRW@@@ATL@@W3AEPAXI@Z 100018a8 f i SmartCardRW.obj
 0001:000008b0       ??_E?$CComContainedObject@VCOPOSSmartCardRW@@@ATL@@WEM@AEPAXI@Z 100018b0 f i SmartCardRW.obj
 0001:000008b8       ?QueryInterface@?$CComContainedObject@VCOPOSSmartCardRW@@@ATL@@WHA@AGJABU_GUID@@PAPAX@Z 100018b8 f i SmartCardRW.obj
 0001:000008c2       ?AddRef@?$CComContainedObject@VCOPOSSmartCardRW@@@ATL@@WHA@AGKXZ 100018c2 f i SmartCardRW.obj
 0001:000008cc       ?Release@?$CComContainedObject@VCOPOSSmartCardRW@@@ATL@@WHA@AGKXZ 100018cc f i SmartCardRW.obj
 0001:000008d6       ?QueryInterface@?$CComContainedObject@VCOPOSSmartCardRW@@@ATL@@WHE@AGJABU_GUID@@PAPAX@Z 100018d6 f i SmartCardRW.obj
 0001:000008e0       ?AddRef@?$CComContainedObject@VCOPOSSmartCardRW@@@ATL@@WHE@AGKXZ 100018e0 f i SmartCardRW.obj
 0001:000008ea       ?Release@?$CComContainedObject@VCOPOSSmartCardRW@@@ATL@@WHE@AGKXZ 100018ea f i SmartCardRW.obj
 0001:000008f4       ?QueryInterface@?$CComContainedObject@VCOPOSSmartCardRW@@@ATL@@WHI@AGJABU_GUID@@PAPAX@Z 100018f4 f i SmartCardRW.obj
 0001:000008fe       ?AddRef@?$CComContainedObject@VCOPOSSmartCardRW@@@ATL@@WHI@AGKXZ 100018fe f i SmartCardRW.obj
 0001:00000908       ?Release@?$CComContainedObject@VCOPOSSmartCardRW@@@ATL@@WHI@AGKXZ 10001908 f i SmartCardRW.obj
 0001:00000912       ?QueryInterface@?$CComContainedObject@VCOPOSSmartCardRW@@@ATL@@WHM@AGJABU_GUID@@PAPAX@Z 10001912 f i SmartCardRW.obj
 0001:0000091c       ?AddRef@?$CComContainedObject@VCOPOSSmartCardRW@@@ATL@@WHM@AGKXZ 1000191c f i SmartCardRW.obj
 0001:00000926       ?Release@?$CComContainedObject@VCOPOSSmartCardRW@@@ATL@@WHM@AGKXZ 10001926 f i SmartCardRW.obj
 0001:00000930       ?QueryInterface@?$CComContainedObject@VCOPOSSmartCardRW@@@ATL@@WIA@AGJABU_GUID@@PAPAX@Z 10001930 f i SmartCardRW.obj
 0001:0000093d       ?AddRef@?$CComContainedObject@VCOPOSSmartCardRW@@@ATL@@WIA@AGKXZ 1000193d f i SmartCardRW.obj
 0001:0000094a       ?Release@?$CComContainedObject@VCOPOSSmartCardRW@@@ATL@@WIA@AGKXZ 1000194a f i SmartCardRW.obj
 0001:00000957       ?QueryInterface@?$CComContainedObject@VCOPOSSmartCardRW@@@ATL@@WIE@AGJABU_GUID@@PAPAX@Z 10001957 f i SmartCardRW.obj
 0001:00000964       ?AddRef@?$CComContainedObject@VCOPOSSmartCardRW@@@ATL@@WIE@AGKXZ 10001964 f i SmartCardRW.obj
 0001:00000971       ?Release@?$CComContainedObject@VCOPOSSmartCardRW@@@ATL@@WIE@AGKXZ 10001971 f i SmartCardRW.obj
 0001:0000097e       ?QueryInterface@?$CComContainedObject@VCOPOSSmartCardRW@@@ATL@@WII@AGJABU_GUID@@PAPAX@Z 1000197e f i SmartCardRW.obj
 0001:0000098b       ?AddRef@?$CComContainedObject@VCOPOSSmartCardRW@@@ATL@@WII@AGKXZ 1000198b f i SmartCardRW.obj
 0001:00000998       ?Release@?$CComContainedObject@VCOPOSSmartCardRW@@@ATL@@WII@AGKXZ 10001998 f i SmartCardRW.obj
 0001:000009a5       ?QueryInterface@?$CComContainedObject@VCOPOSSmartCardRW@@@ATL@@WIM@AGJABU_GUID@@PAPAX@Z 100019a5 f i SmartCardRW.obj
 0001:000009b2       ?AddRef@?$CComContainedObject@VCOPOSSmartCardRW@@@ATL@@WIM@AGKXZ 100019b2 f i SmartCardRW.obj
 0001:000009bf       ?Release@?$CComContainedObject@VCOPOSSmartCardRW@@@ATL@@WIM@AGKXZ 100019bf f i SmartCardRW.obj
 0001:000009cc       ?QueryInterface@?$CComContainedObject@VCOPOSSmartCardRW@@@ATL@@WJA@AGJABU_GUID@@PAPAX@Z 100019cc f i SmartCardRW.obj
 0001:000009d9       ?AddRef@?$CComContainedObject@VCOPOSSmartCardRW@@@ATL@@WJA@AGKXZ 100019d9 f i SmartCardRW.obj
 0001:000009e6       ?Release@?$CComContainedObject@VCOPOSSmartCardRW@@@ATL@@WJA@AGKXZ 100019e6 f i SmartCardRW.obj
 0001:000009f3       ?QueryInterface@?$CComContainedObject@VCOPOSSmartCardRW@@@ATL@@WJE@AGJABU_GUID@@PAPAX@Z 100019f3 f i SmartCardRW.obj
 0001:00000a00       ?AddRef@?$CComContainedObject@VCOPOSSmartCardRW@@@ATL@@WJE@AGKXZ 10001a00 f i SmartCardRW.obj
 0001:00000a0d       ?Release@?$CComContainedObject@VCOPOSSmartCardRW@@@ATL@@WJE@AGKXZ 10001a0d f i SmartCardRW.obj
 0001:00000a1a       ?QueryInterface@?$CComContainedObject@VCOPOSSmartCardRW@@@ATL@@WJI@AGJABU_GUID@@PAPAX@Z 10001a1a f i SmartCardRW.obj
 0001:00000a27       ?AddRef@?$CComContainedObject@VCOPOSSmartCardRW@@@ATL@@WJI@AGKXZ 10001a27 f i SmartCardRW.obj
 0001:00000a34       ?Release@?$CComContainedObject@VCOPOSSmartCardRW@@@ATL@@WJI@AGKXZ 10001a34 f i SmartCardRW.obj
 0001:00000a41       ?QueryInterface@?$CComContainedObject@VCOPOSSmartCardRW@@@ATL@@WJM@AGJABU_GUID@@PAPAX@Z 10001a41 f i SmartCardRW.obj
 0001:00000a4e       ?AddRef@?$CComContainedObject@VCOPOSSmartCardRW@@@ATL@@WJM@AGKXZ 10001a4e f i SmartCardRW.obj
 0001:00000a5b       ?Release@?$CComContainedObject@VCOPOSSmartCardRW@@@ATL@@WJM@AGKXZ 10001a5b f i SmartCardRW.obj
 0001:00000a68       ?QueryInterface@?$CComContainedObject@VCOPOSSmartCardRW@@@ATL@@WKA@AGJABU_GUID@@PAPAX@Z 10001a68 f i SmartCardRW.obj
 0001:00000a75       ?AddRef@?$CComContainedObject@VCOPOSSmartCardRW@@@ATL@@WKA@AGKXZ 10001a75 f i SmartCardRW.obj
 0001:00000a82       ?Release@?$CComContainedObject@VCOPOSSmartCardRW@@@ATL@@WKA@AGKXZ 10001a82 f i SmartCardRW.obj
 0001:00000a8f       ?AddRef@?$CComContainedObject@VCOPOSSmartCardRW@@@ATL@@WKI@AGKXZ 10001a8f f i SmartCardRW.obj
 0001:00000a9c       ?Release@?$CComContainedObject@VCOPOSSmartCardRW@@@ATL@@WKI@AGKXZ 10001a9c f i SmartCardRW.obj
 0001:00000aa9       ?AddRef@?$CComContainedObject@VCOPOSSmartCardRW@@@ATL@@WLE@AGKXZ 10001aa9 f i SmartCardRW.obj
 0001:00000ab6       ?Release@?$CComContainedObject@VCOPOSSmartCardRW@@@ATL@@WLE@AGKXZ 10001ab6 f i SmartCardRW.obj
 0001:00000ac3       ?CreateInstance@CComClassFactory@ATL@@UAGJPAUIUnknown@@ABU_GUID@@PAPAX@Z 10001ac3 f i SmartCardRW.obj
 0001:00000b01       ?LockServer@CComClassFactory@ATL@@UAGJH@Z 10001b01 f i SmartCardRW.obj
 0001:00000b20       ??_ECComClassFactory@ATL@@UAEPAXI@Z 10001b20 f i SmartCardRW.obj
 0001:00000b20       ??_GCComClassFactory@ATL@@UAEPAXI@Z 10001b20 f i SmartCardRW.obj
 0001:00000b4b       ?GetWindowProc@?$CWindowImplBaseT@VCWindow@ATL@@V?$CWinTraits@$0FGAAAAAA@$0A@@2@@ATL@@UAEP6GJPAUHWND__@@IIJ@ZXZ 10001b4b f i SmartCardRW.obj
 0001:00000b51       ?StartWindowProc@?$CWindowImplBaseT@VCWindow@ATL@@V?$CWinTraits@$0FGAAAAAA@$0A@@2@@ATL@@SGJPAUHWND__@@IIJ@Z 10001b51 f i SmartCardRW.obj
 0001:00000ba5       ?OnFinalMessage@?$CWindowImplBaseT@VCWindow@ATL@@V?$CWinTraits@$0FGAAAAAA@$0A@@2@@ATL@@UAEXPAUHWND__@@@Z 10001ba5 f i SmartCardRW.obj
 0001:00000ba5       ?ObjectMain@CComObjectRootBase@ATL@@SGX_N@Z 10001ba5 f i SmartCardRW.obj
 0001:00000ba8       ?GetTypeInfoCount@?$IDispatchImpl@UIOPOSSmartCardRW@@$1?IID_IOPOSSmartCardRW@@3U_GUID@@B$1?LIBID_OposSmartCardRW_CCO@@3U3@B$00$0A@VCComTypeInfoHolder@ATL@@@ATL@@UAGJPAI@Z 10001ba8 f i SmartCardRW.obj
 0001:00000bc5       ?GetTypeInfo@?$IDispatchImpl@UIOPOSSmartCardRW@@$1?IID_IOPOSSmartCardRW@@3U_GUID@@B$1?LIBID_OposSmartCardRW_CCO@@3U3@B$00$0A@VCComTypeInfoHolder@ATL@@@ATL@@UAGJIKPAPAUITypeInfo@@@Z 10001bc5 f i SmartCardRW.obj
 0001:00000be9       ?GetIDsOfNames@?$IDispatchImpl@UIOPOSSmartCardRW@@$1?IID_IOPOSSmartCardRW@@3U_GUID@@B$1?LIBID_OposSmartCardRW_CCO@@3U3@B$00$0A@VCComTypeInfoHolder@ATL@@@ATL@@UAGJABU_GUID@@PAPA_WIKPAJ@Z 10001be9 f i SmartCardRW.obj
 0001:00000c09       ?Invoke@?$IDispatchImpl@UIOPOSSmartCardRW@@$1?IID_IOPOSSmartCardRW@@3U_GUID@@B$1?LIBID_OposSmartCardRW_CCO@@3U3@B$00$0A@VCComTypeInfoHolder@ATL@@@ATL@@UAGJJABU_GUID@@KGPAUtagDISPPARAMS@@PAUtagVARIANT@@PAUtagEXCEPINFO@@PAI@Z 10001c09 f i SmartCardRW.obj
 0001:00000c17       ?CreateControlWindow@?$CComControl@VCOPOSSmartCardRW@@V?$CWindowImpl@VCOPOSSmartCardRW@@VCWindow@ATL@@V?$CWinTraits@$0FGAAAAAA@$0A@@3@@ATL@@@ATL@@UAEPAUHWND__@@PAU3@AAUtagRECT@@@Z 10001c17 f i SmartCardRW.obj
 0001:00000c46       ?ControlQueryInterface@?$CComControl@VCOPOSSmartCardRW@@V?$CWindowImpl@VCOPOSSmartCardRW@@VCWindow@ATL@@V?$CWinTraits@$0FGAAAAAA@$0A@@3@@ATL@@@ATL@@UAEJABU_GUID@@PAPAX@Z 10001c46 f i SmartCardRW.obj
 0001:00000c61       ?GetClassID@?$IPersistStorageImpl@VCOPOSSmartCardRW@@@ATL@@UAGJPAU_GUID@@@Z 10001c61 f i SmartCardRW.obj
 0001:00000c61       ?GetUserClassID@?$IOleObjectImpl@VCOPOSSmartCardRW@@@ATL@@UAGJPAU_GUID@@@Z 10001c61 f i SmartCardRW.obj
 0001:00000c61       ?GetClassID@?$IPersistStreamInitImpl@VCOPOSSmartCardRW@@@ATL@@UAGJPAU_GUID@@@Z 10001c61 f i SmartCardRW.obj
 0001:00000c85       ?IsDirty@?$IPersistStreamInitImpl@VCOPOSSmartCardRW@@@ATL@@UAGJXZ 10001c85 f i SmartCardRW.obj
 0001:00000ca4       ?Load@?$IPersistStreamInitImpl@VCOPOSSmartCardRW@@@ATL@@UAGJPAUIStream@@@Z 10001ca4 f i SmartCardRW.obj
 0001:00000cc3       ?Save@?$IPersistStreamInitImpl@VCOPOSSmartCardRW@@@ATL@@UAGJPAUIStream@@H@Z 10001cc3 f i SmartCardRW.obj
 0001:00000ce5       ?GetSizeMax@?$IPersistStreamInitImpl@VCOPOSSmartCardRW@@@ATL@@UAGJPAT_ULARGE_INTEGER@@@Z 10001ce5 f i SmartCardRW.obj
 0001:00000ec4       ?InitNew@?$IPersistStreamInitImpl@VCOPOSSmartCardRW@@@ATL@@UAGJXZ 10001ec4 f i SmartCardRW.obj
 0001:00000ee1       ?GetDropTarget@?$IOleInPlaceObjectWindowlessImpl@VCOPOSSmartCardRW@@@ATL@@UAGJPAPAUIDropTarget@@@Z 10001ee1 f i SmartCardRW.obj
 0001:00000ee1       ?SetColorScheme@?$IOleObjectImpl@VCOPOSSmartCardRW@@@ATL@@UAGJPAUtagLOGPALETTE@@@Z 10001ee1 f i SmartCardRW.obj
 0001:00000ee1       ?ContextSensitiveHelp@?$IOleInPlaceObjectWindowlessImpl@VCOPOSSmartCardRW@@@ATL@@UAGJH@Z 10001ee1 f i SmartCardRW.obj
 0001:00000ee1       ?Unfreeze@?$IViewObjectExImpl@VCOPOSSmartCardRW@@@ATL@@UAGJK@Z 10001ee1 f i SmartCardRW.obj
 0001:00000ee1       ?ContextSensitiveHelp@?$IOleInPlaceActiveObjectImpl@VCOPOSSmartCardRW@@@ATL@@UAGJH@Z 10001ee1 f i SmartCardRW.obj
 0001:00000ee1       ?QueryGetData@?$IDataObjectImpl@VCOPOSSmartCardRW@@@ATL@@UAGJPAUtagFORMATETC@@@Z 10001ee1 f i SmartCardRW.obj
 0001:00000ee1       ?GetControlInfo@?$IOleControlImpl@VCOPOSSmartCardRW@@@ATL@@UAGJPAUtagCONTROLINFO@@@Z 10001ee1 f i SmartCardRW.obj
 0001:00000ee1       ?OnMnemonic@?$IOleControlImpl@VCOPOSSmartCardRW@@@ATL@@UAGJPAUtagMSG@@@Z 10001ee1 f i SmartCardRW.obj
 0001:00000ee9       ?OnFrameWindowActivate@?$IOleInPlaceActiveObjectImpl@VCOPOSSmartCardRW@@@ATL@@UAGJH@Z 10001ee9 f i SmartCardRW.obj
 0001:00000ee9       ?SaveCompleted@?$IPersistStorageImpl@VCOPOSSmartCardRW@@@ATL@@UAGJPAUIStorage@@@Z 10001ee9 f i SmartCardRW.obj
 0001:00000ee9       ?EnableModeless@?$IOleInPlaceActiveObjectImpl@VCOPOSSmartCardRW@@@ATL@@UAGJH@Z 10001ee9 f i SmartCardRW.obj
 0001:00000ee9       ?OnAmbientPropertyChange@?$IOleControlImpl@VCOPOSSmartCardRW@@@ATL@@UAGJJ@Z 10001ee9 f i SmartCardRW.obj
 0001:00000eee       ?SetClientSite@?$IOleObjectImpl@VCOPOSSmartCardRW@@@ATL@@UAGJPAUIOleClientSite@@@Z 10001eee f i SmartCardRW.obj
 0001:00000f0b       ?GetClientSite@?$IOleObjectImpl@VCOPOSSmartCardRW@@@ATL@@UAGJPAPAUIOleClientSite@@@Z 10001f0b f i SmartCardRW.obj
 0001:00000f28       ?SetHostNames@?$IOleObjectImpl@VCOPOSSmartCardRW@@@ATL@@UAGJPB_W0@Z 10001f28 f i SmartCardRW.obj
 0001:00000f2d       ?Close@?$IOleObjectImpl@VCOPOSSmartCardRW@@@ATL@@UAGJK@Z 10001f2d f i SmartCardRW.obj
 0001:00000f4a       ?GetDataHere@?$IDataObjectImpl@VCOPOSSmartCardRW@@@ATL@@UAGJPAUtagFORMATETC@@PAUtagSTGMEDIUM@@@Z 10001f4a f i SmartCardRW.obj
 0001:00000f4a       ?EnumFormatEtc@?$IDataObjectImpl@VCOPOSSmartCardRW@@@ATL@@UAGJKPAPAUIEnumFORMATETC@@@Z 10001f4a f i SmartCardRW.obj
 0001:00000f4a       ?GetRect@?$IViewObjectExImpl@VCOPOSSmartCardRW@@@ATL@@UAGJKPAU_RECTL@@@Z 10001f4a f i SmartCardRW.obj
 0001:00000f4a       ?QueryInterface@CRegObject@ATL@@UAGJABU_GUID@@PAPAX@Z 10001f4a f i SmartCardRW.obj
 0001:00000f4a       ?SetMoniker@?$IOleObjectImpl@VCOPOSSmartCardRW@@@ATL@@UAGJKPAUIMoniker@@@Z 10001f4a f i SmartCardRW.obj
 0001:00000f4a       ?GetCanonicalFormatEtc@?$IDataObjectImpl@VCOPOSSmartCardRW@@@ATL@@UAGJPAUtagFORMATETC@@0@Z 10001f4a f i SmartCardRW.obj
 0001:00000f4a       ?GetClipboardData@?$IOleObjectImpl@VCOPOSSmartCardRW@@@ATL@@UAGJKPAPAUIDataObject@@@Z 10001f4a f i SmartCardRW.obj
 0001:00000f52       ?SetData@?$IDataObjectImpl@VCOPOSSmartCardRW@@@ATL@@UAGJPAUtagFORMATETC@@PAUtagSTGMEDIUM@@H@Z 10001f52 f i SmartCardRW.obj
 0001:00000f52       ?InitFromData@?$IOleObjectImpl@VCOPOSSmartCardRW@@@ATL@@UAGJPAUIDataObject@@HK@Z 10001f52 f i SmartCardRW.obj
 0001:00000f52       ?GetMoniker@?$IOleObjectImpl@VCOPOSSmartCardRW@@@ATL@@UAGJKKPAPAUIMoniker@@@Z 10001f52 f i SmartCardRW.obj
 0001:00000f5a       ?DoVerb@?$IOleObjectImpl@VCOPOSSmartCardRW@@@ATL@@UAGJJPAUtagMSG@@PAUIOleClientSite@@JPAUHWND__@@PBUtagRECT@@@Z 10001f5a f i SmartCardRW.obj
 0001:0000104e       ?EnumVerbs@?$IOleObjectImpl@VCOPOSSmartCardRW@@@ATL@@UAGJPAPAUIEnumOLEVERB@@@Z 1000204e f i SmartCardRW.obj
 0001:00001070       ?Update@?$IOleObjectImpl@VCOPOSSmartCardRW@@@ATL@@UAGJXZ 10002070 f i SmartCardRW.obj
 0001:00001070       ?IsUpToDate@?$IOleObjectImpl@VCOPOSSmartCardRW@@@ATL@@UAGJXZ 10002070 f i SmartCardRW.obj
 0001:00001070       ?HandsOffStorage@?$IPersistStorageImpl@VCOPOSSmartCardRW@@@ATL@@UAGJXZ 10002070 f i SmartCardRW.obj
 0001:00001070       ?Release@CRegObject@ATL@@UAGKXZ 10002070 f i SmartCardRW.obj
 0001:00001075       ?GetUserType@?$IOleObjectImpl@VCOPOSSmartCardRW@@@ATL@@UAGJKPAPA_W@Z 10002075 f i SmartCardRW.obj
 0001:0000108d       ?SetExtent@?$IOleObjectImpl@VCOPOSSmartCardRW@@@ATL@@UAGJKPAUtagSIZE@@@Z 1000208d f i SmartCardRW.obj
 0001:000010ad       ?GetExtent@?$IOleObjectImpl@VCOPOSSmartCardRW@@@ATL@@UAGJKPAUtagSIZE@@@Z 100020ad f i SmartCardRW.obj
 0001:000010eb       ?Advise@?$IOleObjectImpl@VCOPOSSmartCardRW@@@ATL@@UAGJPAUIAdviseSink@@PAK@Z 100020eb f i SmartCardRW.obj
 0001:0000110b       ?Unadvise@?$IOleObjectImpl@VCOPOSSmartCardRW@@@ATL@@UAGJK@Z 1000210b f i SmartCardRW.obj
 0001:0000113a       ?EnumAdvise@?$IOleObjectImpl@VCOPOSSmartCardRW@@@ATL@@UAGJPAPAUIEnumSTATDATA@@@Z 1000213a f i SmartCardRW.obj
 0001:0000117a       ?GetMiscStatus@?$IOleObjectImpl@VCOPOSSmartCardRW@@@ATL@@UAGJKPAK@Z 1000217a f i SmartCardRW.obj
 0001:00001192       ?GetWindow@?$IOleInPlaceActiveObjectImpl@VCOPOSSmartCardRW@@@ATL@@UAGJPAPAUHWND__@@@Z 10002192 f i SmartCardRW.obj
 0001:000011df       ?TranslateAcceleratorW@?$IOleInPlaceActiveObjectImpl@VCOPOSSmartCardRW@@@ATL@@UAGJPAUtagMSG@@@Z 100021df f i SmartCardRW.obj
 0001:0000128d       ?OnDocWindowActivate@?$IOleInPlaceActiveObjectImpl@VCOPOSSmartCardRW@@@ATL@@UAGJH@Z 1000228d f i SmartCardRW.obj
 0001:000012af       ?ResizeBorder@?$IOleInPlaceActiveObjectImpl@VCOPOSSmartCardRW@@@ATL@@UAGJPBUtagRECT@@PAUIOleInPlaceUIWindow@@H@Z 100022af f i SmartCardRW.obj
 0001:000012b4       ?Draw@?$IViewObjectExImpl@VCOPOSSmartCardRW@@@ATL@@UAGJKJPAXPAUtagDVTARGETDEVICE@@PAUHDC__@@2PBU_RECTL@@3P6GHK@ZK@Z 100022b4 f i SmartCardRW.obj
 0001:000012e6       ?GetColorSet@?$IViewObjectExImpl@VCOPOSSmartCardRW@@@ATL@@UAGJKJPAXPAUtagDVTARGETDEVICE@@PAUHDC__@@PAPAUtagLOGPALETTE@@@Z 100022e6 f i SmartCardRW.obj
 0001:000012ee       ?Freeze@?$IViewObjectExImpl@VCOPOSSmartCardRW@@@ATL@@UAGJKJPAXPAK@Z 100022ee f i SmartCardRW.obj
 0001:000012f6       ?SetAdvise@?$IViewObjectExImpl@VCOPOSSmartCardRW@@@ATL@@UAGJKKPAUIAdviseSink@@@Z 100022f6 f i SmartCardRW.obj
 0001:00001315       ?GetAdvise@?$IViewObjectExImpl@VCOPOSSmartCardRW@@@ATL@@UAGJPAK0PAPAUIAdviseSink@@@Z 10002315 f i SmartCardRW.obj
 0001:0000134a       ?GetExtent@?$IViewObjectExImpl@VCOPOSSmartCardRW@@@ATL@@UAGJKJPAUtagDVTARGETDEVICE@@PAUtagSIZE@@@Z 1000234a f i SmartCardRW.obj
 0001:0000137b       ?GetViewStatus@?$IViewObjectExImpl@VCOPOSSmartCardRW@@@ATL@@UAGJPAK@Z 1000237b f i SmartCardRW.obj
 0001:00001398       ?QueryHitPoint@?$IViewObjectExImpl@VCOPOSSmartCardRW@@@ATL@@UAGJKPBUtagRECT@@UtagPOINT@@JPAK@Z 10002398 f i SmartCardRW.obj
 0001:000013d9       ?QueryHitRect@?$IViewObjectExImpl@VCOPOSSmartCardRW@@@ATL@@UAGJKPBUtagRECT@@0JPAK@Z 100023d9 f i SmartCardRW.obj
 0001:00001434       ?GetNaturalExtent@?$IViewObjectExImpl@VCOPOSSmartCardRW@@@ATL@@UAGJKJPAUtagDVTARGETDEVICE@@PAUHDC__@@PAUtagExtentInfo@@PAUtagSIZE@@@Z 10002434 f i SmartCardRW.obj
 0001:0000147f       ?GetWindow@?$IOleInPlaceObjectWindowlessImpl@VCOPOSSmartCardRW@@@ATL@@UAGJPAPAUHWND__@@@Z 1000247f f i SmartCardRW.obj
 0001:000014cc       ?InPlaceDeactivate@?$IOleInPlaceObjectWindowlessImpl@VCOPOSSmartCardRW@@@ATL@@UAGJXZ 100024cc f i SmartCardRW.obj
 0001:000014e6       ?UIDeactivate@?$IOleInPlaceObjectWindowlessImpl@VCOPOSSmartCardRW@@@ATL@@UAGJXZ 100024e6 f i SmartCardRW.obj
 0001:00001500       ?SetObjectRects@?$IOleInPlaceObjectWindowlessImpl@VCOPOSSmartCardRW@@@ATL@@UAGJPBUtagRECT@@0@Z 10002500 f i SmartCardRW.obj
 0001:00001520       ?ReactivateAndUndo@?$IOleInPlaceObjectWindowlessImpl@VCOPOSSmartCardRW@@@ATL@@UAGJXZ 10002520 f i SmartCardRW.obj
 0001:00001528       ?OnWindowMessage@?$IOleInPlaceObjectWindowlessImpl@VCOPOSSmartCardRW@@@ATL@@UAGJIIJPAJ@Z 10002528 f i SmartCardRW.obj
 0001:00001598       ?EnumConnectionPoints@?$IConnectionPointContainerImpl@VCOPOSSmartCardRW@@@ATL@@UAGJPAPAUIEnumConnectionPoints@@@Z 10002598 f i SmartCardRW.obj
 0001:00001724       ?FindConnectionPoint@?$IConnectionPointContainerImpl@VCOPOSSmartCardRW@@@ATL@@UAGJABU_GUID@@PAPAUIConnectionPoint@@@Z 10002724 f i SmartCardRW.obj
 0001:000017c7       ?IsDirty@?$IPersistStorageImpl@VCOPOSSmartCardRW@@@ATL@@UAGJXZ 100027c7 f i SmartCardRW.obj
 0001:000017f7       ?InitNew@?$IPersistStorageImpl@VCOPOSSmartCardRW@@@ATL@@UAGJPAUIStorage@@@Z 100027f7 f i SmartCardRW.obj
 0001:00001827       ?Load@?$IPersistStorageImpl@VCOPOSSmartCardRW@@@ATL@@UAGJPAUIStorage@@@Z 10002827 f i SmartCardRW.obj
 0001:00001893       ?Save@?$IPersistStorageImpl@VCOPOSSmartCardRW@@@ATL@@UAGJPAUIStorage@@H@Z 10002893 f i SmartCardRW.obj
 0001:00001906       ?GetPages@?$ISpecifyPropertyPagesImpl@VCOPOSSmartCardRW@@@ATL@@UAGJPAUtagCAUUID@@@Z 10002906 f i SmartCardRW.obj
 0001:0000191d       ?QuickActivate@?$IQuickActivateImpl@VCOPOSSmartCardRW@@@ATL@@UAGJPAUtagQACONTAINER@@PAUtagQACONTROL@@@Z 1000291d f i SmartCardRW.obj
 0001:00001940       ?SetContentExtent@?$IQuickActivateImpl@VCOPOSSmartCardRW@@@ATL@@UAGJPAUtagSIZE@@@Z 10002940 f i SmartCardRW.obj
 0001:0000196c       ?GetContentExtent@?$IQuickActivateImpl@VCOPOSSmartCardRW@@@ATL@@UAGJPAUtagSIZE@@@Z 1000296c f i SmartCardRW.obj
 0001:000019a8       ?GetData@?$IDataObjectImpl@VCOPOSSmartCardRW@@@ATL@@UAGJPAUtagFORMATETC@@PAUtagSTGMEDIUM@@@Z 100029a8 f i SmartCardRW.obj
 0001:000019cb       ?DAdvise@?$IDataObjectImpl@VCOPOSSmartCardRW@@@ATL@@UAGJPAUtagFORMATETC@@KPAUIAdviseSink@@PAK@Z 100029cb f i SmartCardRW.obj
 0001:00001a0c       ?DUnadvise@?$IDataObjectImpl@VCOPOSSmartCardRW@@@ATL@@UAGJK@Z 10002a0c f i SmartCardRW.obj
 0001:00001a3a       ?EnumDAdvise@?$IDataObjectImpl@VCOPOSSmartCardRW@@@ATL@@UAGJPAPAUIEnumSTATDATA@@@Z 10002a3a f i SmartCardRW.obj
 0001:00001a79       ?GetClassInfoW@?$IProvideClassInfo2Impl@$1?CLSID_OPOSSmartCardRW@@3U_GUID@@B$1?DIID__IOPOSSmartCardRWEvents@@3U2@B$1?LIBID_OposSmartCardRW_CCO@@3U2@B$00$0A@VCComTypeInfoHolder@ATL@@@ATL@@UAGJPAPAUITypeInfo@@@Z 10002a79 f i SmartCardRW.obj
 0001:00001a8f       ?GetGUID@?$IProvideClassInfo2Impl@$1?CLSID_OPOSSmartCardRW@@3U_GUID@@B$1?DIID__IOPOSSmartCardRWEvents@@3U2@B$1?LIBID_OposSmartCardRW_CCO@@3U2@B$00$0A@VCComTypeInfoHolder@ATL@@@ATL@@UAGJKPAU_GUID@@@Z 10002a8f f i SmartCardRW.obj
 0001:00001acd       ?FAccessAllowed@?$IObjectSafetyImpl@VCOPOSSmartCardRW@@$02@ATL@@MAEHXZ 10002acd f i SmartCardRW.obj
 0001:00001acd       __get_startup_argv_mode    10002acd f i LIBCMT:argv_mode.obj
 0001:00001ad1       ?GetInterfaceSafetyOptions@?$IObjectSafetyImpl@VCOPOSSmartCardRW@@$02@ATL@@UAGJABU_GUID@@PAK1@Z 10002ad1 f i SmartCardRW.obj
 0001:00001b45       ?SetInterfaceSafetyOptions@?$IObjectSafetyImpl@VCOPOSSmartCardRW@@$02@ATL@@UAGJABU_GUID@@KK@Z 10002b45 f i SmartCardRW.obj
 0001:00001bbf       ?_LocCPQueryInterface@?$IConnectionPointImpl@VCOPOSSmartCardRW@@$1?DIID__IOPOSSmartCardRWEvents@@3U_GUID@@BVCComDynamicUnkArray@ATL@@@ATL@@UAGJABU_GUID@@PAPAX@Z 10002bbf f i SmartCardRW.obj
 0001:00001bbf       ?_LocCPQueryInterface@?$IConnectionPointImpl@VCOPOSSmartCardRW@@$1?IID_IPropertyNotifySink@@3U_GUID@@BVCComDynamicUnkArray@ATL@@@ATL@@UAGJABU_GUID@@PAPAX@Z 10002bbf f i SmartCardRW.obj
 0001:00001c0c       ?GetConnectionInterface@?$IConnectionPointImpl@VCOPOSSmartCardRW@@$1?IID_IPropertyNotifySink@@3U_GUID@@BVCComDynamicUnkArray@ATL@@@ATL@@UAGJPAU_GUID@@@Z 10002c0c f i SmartCardRW.obj
 0001:00001c30       ?GetConnectionPointContainer@?$IConnectionPointImpl@VCOPOSSmartCardRW@@$1?IID_IPropertyNotifySink@@3U_GUID@@BVCComDynamicUnkArray@ATL@@@ATL@@UAGJPAPAUIConnectionPointContainer@@@Z 10002c30 f i SmartCardRW.obj
 0001:00001c53       ?Advise@?$IConnectionPointImpl@VCOPOSSmartCardRW@@$1?IID_IPropertyNotifySink@@3U_GUID@@BVCComDynamicUnkArray@ATL@@@ATL@@UAGJPAUIUnknown@@PAK@Z 10002c53 f i SmartCardRW.obj
 0001:00001c53       ?Advise@?$IConnectionPointImpl@VCOPOSSmartCardRW@@$1?DIID__IOPOSSmartCardRWEvents@@3U_GUID@@BVCComDynamicUnkArray@ATL@@@ATL@@UAGJPAUIUnknown@@PAK@Z 10002c53 f i SmartCardRW.obj
 0001:00001cf3       ?Unadvise@?$IConnectionPointImpl@VCOPOSSmartCardRW@@$1?DIID__IOPOSSmartCardRWEvents@@3U_GUID@@BVCComDynamicUnkArray@ATL@@@ATL@@UAGJK@Z 10002cf3 f i SmartCardRW.obj
 0001:00001cf3       ?Unadvise@?$IConnectionPointImpl@VCOPOSSmartCardRW@@$1?IID_IPropertyNotifySink@@3U_GUID@@BVCComDynamicUnkArray@ATL@@@ATL@@UAGJK@Z 10002cf3 f i SmartCardRW.obj
 0001:00001d33       ?EnumConnections@?$IConnectionPointImpl@VCOPOSSmartCardRW@@$1?IID_IPropertyNotifySink@@3U_GUID@@BVCComDynamicUnkArray@ATL@@@ATL@@UAGJPAPAUIEnumConnections@@@Z 10002d33 f i SmartCardRW.obj
 0001:00001d33       ?EnumConnections@?$IConnectionPointImpl@VCOPOSSmartCardRW@@$1?DIID__IOPOSSmartCardRWEvents@@3U_GUID@@BVCComDynamicUnkArray@ATL@@@ATL@@UAGJPAPAUIEnumConnections@@@Z 10002d33 f i SmartCardRW.obj
 0001:00001e2e       ?GetCategoryMap@CComObjectRootBase@ATL@@SAPBU_ATL_CATMAP_ENTRY@2@XZ 10002e2e f i SmartCardRW.obj
 0001:00001e2e       ?GetObjectDescription@?$CComCoClass@VCOPOSSmartCardRW@@$1?CLSID_OPOSSmartCardRW@@3U_GUID@@B@ATL@@SGPB_WXZ 10002e2e f i SmartCardRW.obj
 0001:00001e31       ?GetConnectionInterface@?$IConnectionPointImpl@VCOPOSSmartCardRW@@$1?DIID__IOPOSSmartCardRWEvents@@3U_GUID@@BVCComDynamicUnkArray@ATL@@@ATL@@UAGJPAU_GUID@@@Z 10002e31 f i SmartCardRW.obj
 0001:00001e55       ?GetConnectionPointContainer@?$IConnectionPointImpl@VCOPOSSmartCardRW@@$1?DIID__IOPOSSmartCardRWEvents@@3U_GUID@@BVCComDynamicUnkArray@ATL@@@ATL@@UAGJPAPAUIConnectionPointContainer@@@Z 10002e55 f i SmartCardRW.obj
 0001:00001e78       ?UpdateRegistry@COPOSSmartCardRW@@SGJH@Z 10002e78 f i SmartCardRW.obj
 0001:00001e90       ?Lock@CAtlModule@ATL@@UAEJXZ 10002e90 f i SmartCardRW.obj
 0001:00001e9a       ?Unlock@CAtlModule@ATL@@UAEJXZ 10002e9a f i SmartCardRW.obj
 0001:00001ea4       ?GetLockCount@CAtlModule@ATL@@UAEJXZ 10002ea4 f i SmartCardRW.obj
 0001:00001ea8       ?ProcessWindowMessage@COPOSSmartCardRW@@UAEHPAUHWND__@@IIJAAJK@Z 10002ea8 f i SmartCardRW.obj
 0001:00001ef1       ?GetGITPtr@CAtlModule@ATL@@UAEJPAPAUIGlobalInterfaceTable@@@Z 10002ef1 f i SmartCardRW.obj
 0001:00001f3d       ?SOData@COPOSSmartCardRW@@MAGJJ@Z 10002f3d f i SmartCardRW.obj
 0001:00001f76       ?SODirectIO@COPOSSmartCardRW@@MAGJJPAJPAPA_W@Z 10002f76 f i SmartCardRW.obj
 0001:00001fbf       ?SOError@COPOSSmartCardRW@@MAGJJJJPAJ@Z 10002fbf f i SmartCardRW.obj
 0001:00002014       ?SOOutputComplete@COPOSSmartCardRW@@MAGJJ@Z 10003014 f i SmartCardRW.obj
 0001:0000204d       ?SOStatusUpdate@COPOSSmartCardRW@@MAGJJ@Z 1000304d f i SmartCardRW.obj
 0001:00002086       ?AddCommonRGSReplacements@?$CAtlModuleT@VCComModule@ATL@@@ATL@@UAEJPAUIRegistrarBase@@@Z 10003086 f i SmartCardRW.obj
 0001:000020a0       ?UpdateRegistryFromResourceD@CComModule@ATL@@UAGJPB_WHPAU_ATL_REGMAP_ENTRY@2@@Z 100030a0 f i SmartCardRW.obj
 0001:000020a0       ?UpdateRegistryFromResourceD@CComModule@ATL@@UAGJIHPAU_ATL_REGMAP_ENTRY@2@@Z 100030a0 f i SmartCardRW.obj
 0001:000020a8       ?UpdateRegistryFromResource@CComModule@ATL@@UAGJPB_WHPAU_ATL_REGMAP_ENTRY@2@@Z 100030a8 f i SmartCardRW.obj
 0001:000020b1       ?UpdateRegistryFromResource@CComModule@ATL@@UAGJIHPAU_ATL_REGMAP_ENTRY@2@@Z 100030b1 f i SmartCardRW.obj
 0001:000020ba       ??_ECComModule@ATL@@UAEPAXI@Z 100030ba f i SmartCardRW.obj
 0001:000020ba       ??_GCComModule@ATL@@UAEPAXI@Z 100030ba f i SmartCardRW.obj
 0001:000020e2       ?CreateInstance@?$CComCreator@V?$CComObjectCached@VCComClassFactory@ATL@@@ATL@@@ATL@@SGJPAXABU_GUID@@PAPAX@Z 100030e2 f i SmartCardRW.obj
 0001:00002182       ?CreateInstance@?$CComCreator2@V?$CComCreator@V?$CComObject@VCOPOSSmartCardRW@@@ATL@@@ATL@@V?$CComCreator@V?$CComAggObject@VCOPOSSmartCardRW@@@ATL@@@2@@ATL@@SGJPAXABU_GUID@@PAPAX@Z 10003182 f i SmartCardRW.obj
 0001:000021a2       ?AddRef@?$CComObjectCached@VCComClassFactory@ATL@@@ATL@@UAGKXZ 100031a2 f i SmartCardRW.obj
 0001:000021c9       ?Release@?$CComObjectCached@VCComClassFactory@ATL@@@ATL@@UAGKXZ 100031c9 f i SmartCardRW.obj
 0001:000021ff       ?QueryInterface@?$CComObjectCached@VCComClassFactory@ATL@@@ATL@@UAGJABU_GUID@@PAPAX@Z 100031ff f i SmartCardRW.obj
 0001:00002219       ??_G?$CComObjectCached@VCComClassFactory@ATL@@@ATL@@UAEPAXI@Z 10003219 f i SmartCardRW.obj
 0001:00002219       ??_E?$CComObjectCached@VCComClassFactory@ATL@@@ATL@@UAEPAXI@Z 10003219 f i SmartCardRW.obj
 0001:0000223b       ?Next@?$CComEnumImpl@UIEnumConnectionPoints@@$1?_GUID_b196b285_bab4_101a_b69c_00aa00341d07@@3U__s_GUID@@BPAUIConnectionPoint@@V?$_CopyInterface@UIConnectionPoint@@@ATL@@@ATL@@UAGJKPAPAUIConnectionPoint@@PAK@Z 1000323b f i SmartCardRW.obj
 0001:00002312       ?Skip@?$CComEnumImpl@UIEnumConnectionPoints@@$1?_GUID_b196b285_bab4_101a_b69c_00aa00341d07@@3U__s_GUID@@BPAUIConnectionPoint@@V?$_CopyInterface@UIConnectionPoint@@@ATL@@@ATL@@UAGJK@Z 10003312 f i SmartCardRW.obj
 0001:0000233f       ?Reset@?$CComEnumImpl@UIEnumConnectionPoints@@$1?_GUID_b196b285_bab4_101a_b69c_00aa00341d07@@3U__s_GUID@@BPAUIConnectionPoint@@V?$_CopyInterface@UIConnectionPoint@@@ATL@@@ATL@@UAGJXZ 1000333f f i SmartCardRW.obj
 0001:0000233f       ?Reset@?$CComEnumImpl@UIEnumConnections@@$1?_GUID_b196b287_bab4_101a_b69c_00aa00341d07@@3U__s_GUID@@BUtagCONNECTDATA@@V?$_Copy@UtagCONNECTDATA@@@ATL@@@ATL@@UAGJXZ 1000333f f i SmartCardRW.obj
 0001:00002351       ?Clone@?$CComEnumImpl@UIEnumConnectionPoints@@$1?_GUID_b196b285_bab4_101a_b69c_00aa00341d07@@3U__s_GUID@@BPAUIConnectionPoint@@V?$_CopyInterface@UIConnectionPoint@@@ATL@@@ATL@@UAGJPAPAUIEnumConnectionPoints@@@Z 10003351 f i SmartCardRW.obj
 0001:00002432       ?AddRef@?$CComObject@V?$CComEnum@UIEnumConnections@@$1?_GUID_b196b287_bab4_101a_b69c_00aa00341d07@@3U__s_GUID@@BUtagCONNECTDATA@@V?$_Copy@UtagCONNECTDATA@@@ATL@@VCComSingleThreadModel@6@@ATL@@@ATL@@UAGKXZ 10003432 f i SmartCardRW.obj
 0001:00002432       ?AddRef@?$CComObject@V?$CComEnum@UIEnumConnectionPoints@@$1?_GUID_b196b285_bab4_101a_b69c_00aa00341d07@@3U__s_GUID@@BPAUIConnectionPoint@@V?$_CopyInterface@UIConnectionPoint@@@ATL@@VCComSingleThreadModel@6@@ATL@@@ATL@@UAGKXZ 10003432 f i SmartCardRW.obj
 0001:00002443       ?Release@?$CComObject@V?$CComEnum@UIEnumConnections@@$1?_GUID_b196b287_bab4_101a_b69c_00aa00341d07@@3U__s_GUID@@BUtagCONNECTDATA@@V?$_Copy@UtagCONNECTDATA@@@ATL@@VCComSingleThreadModel@6@@ATL@@@ATL@@UAGKXZ 10003443 f i SmartCardRW.obj
 0001:00002443       ?Release@?$CComObject@V?$CComEnum@UIEnumConnectionPoints@@$1?_GUID_b196b285_bab4_101a_b69c_00aa00341d07@@3U__s_GUID@@BPAUIConnectionPoint@@V?$_CopyInterface@UIConnectionPoint@@@ATL@@VCComSingleThreadModel@6@@ATL@@@ATL@@UAGKXZ 10003443 f i SmartCardRW.obj
 0001:0000247f       ?QueryInterface@?$CComObject@V?$CComEnum@UIEnumConnectionPoints@@$1?_GUID_b196b285_bab4_101a_b69c_00aa00341d07@@3U__s_GUID@@BPAUIConnectionPoint@@V?$_CopyInterface@UIConnectionPoint@@@ATL@@VCComSingleThreadModel@6@@ATL@@@ATL@@UAGJABU_GUID@@PAPAX@Z 1000347f f i SmartCardRW.obj
 0001:00002499       ??_G?$CComObject@V?$CComEnum@UIEnumConnectionPoints@@$1?_GUID_b196b285_bab4_101a_b69c_00aa00341d07@@3U__s_GUID@@BPAUIConnectionPoint@@V?$_CopyInterface@UIConnectionPoint@@@ATL@@VCComSingleThreadModel@6@@ATL@@@ATL@@UAEPAXI@Z 10003499 f i SmartCardRW.obj
 0001:00002499       ??_E?$CComObject@V?$CComEnum@UIEnumConnectionPoints@@$1?_GUID_b196b285_bab4_101a_b69c_00aa00341d07@@3U__s_GUID@@BPAUIConnectionPoint@@V?$_CopyInterface@UIConnectionPoint@@@ATL@@VCComSingleThreadModel@6@@ATL@@@ATL@@UAEPAXI@Z 10003499 f i SmartCardRW.obj
 0001:000024bb       ?AddRef@CRegObject@ATL@@UAGKXZ 100034bb f i SmartCardRW.obj
 0001:000024c1       ?AddReplacement@CRegObject@ATL@@UAGJPB_W0@Z 100034c1 f i SmartCardRW.obj
 0001:000024fa       ?ClearReplacements@CRegObject@ATL@@UAGJXZ 100034fa f i SmartCardRW.obj
 0001:0000250c       ??_ECRegObject@ATL@@UAEPAXI@Z 1000350c f i SmartCardRW.obj
 0001:0000250c       ??_GCRegObject@ATL@@UAEPAXI@Z 1000350c f i SmartCardRW.obj
 0001:0000252e       ?AddRef@?$CComAggObject@VCOPOSSmartCardRW@@@ATL@@UAGKXZ 1000352e f i SmartCardRW.obj
 0001:0000253f       ?Release@?$CComAggObject@VCOPOSSmartCardRW@@@ATL@@UAGKXZ 1000353f f i SmartCardRW.obj
 0001:0000257b       ?QueryInterface@?$CComAggObject@VCOPOSSmartCardRW@@@ATL@@UAGJABU_GUID@@PAPAX@Z 1000357b f i SmartCardRW.obj
 0001:000025ca       ?AddRef@?$CComContainedObject@VCOPOSSmartCardRW@@@ATL@@UAGKXZ 100035ca f i SmartCardRW.obj
 0001:000025e0       ?Release@?$CComContainedObject@VCOPOSSmartCardRW@@@ATL@@UAGKXZ 100035e0 f i SmartCardRW.obj
 0001:000025f6       ?QueryInterface@?$CComContainedObject@VCOPOSSmartCardRW@@@ATL@@UAGJABU_GUID@@PAPAX@Z 100035f6 f i SmartCardRW.obj
 0001:00002611       ??_E?$CComAggObject@VCOPOSSmartCardRW@@@ATL@@UAEPAXI@Z 10003611 f i SmartCardRW.obj
 0001:00002611       ??_G?$CComAggObject@VCOPOSSmartCardRW@@@ATL@@UAEPAXI@Z 10003611 f i SmartCardRW.obj
 0001:00002636       ?AddRef@?$CComObject@VCOPOSSmartCardRW@@@ATL@@UAGKXZ 10003636 f i SmartCardRW.obj
 0001:0000264d       ?Release@?$CComObject@VCOPOSSmartCardRW@@@ATL@@UAGKXZ 1000364d f i SmartCardRW.obj
 0001:0000268f       ?QueryInterface@?$CComObject@VCOPOSSmartCardRW@@@ATL@@UAGJABU_GUID@@PAPAX@Z 1000368f f i SmartCardRW.obj
 0001:000026a9       ?OnDrawAdvanced@CComControlBase@ATL@@UAEJAAUATL_DRAWINFO@@@Z 100036a9 f i SmartCardRW.obj
 0001:0000279c       ?Next@?$CComEnumImpl@UIEnumConnections@@$1?_GUID_b196b287_bab4_101a_b69c_00aa00341d07@@3U__s_GUID@@BUtagCONNECTDATA@@V?$_Copy@UtagCONNECTDATA@@@ATL@@@ATL@@UAGJKPAUtagCONNECTDATA@@PAK@Z 1000379c f i SmartCardRW.obj
 0001:00002873       ?Skip@?$CComEnumImpl@UIEnumConnections@@$1?_GUID_b196b287_bab4_101a_b69c_00aa00341d07@@3U__s_GUID@@BUtagCONNECTDATA@@V?$_Copy@UtagCONNECTDATA@@@ATL@@@ATL@@UAGJK@Z 10003873 f i SmartCardRW.obj
 0001:000028a0       ?Clone@?$CComEnumImpl@UIEnumConnections@@$1?_GUID_b196b287_bab4_101a_b69c_00aa00341d07@@3U__s_GUID@@BUtagCONNECTDATA@@V?$_Copy@UtagCONNECTDATA@@@ATL@@@ATL@@UAGJPAPAUIEnumConnections@@@Z 100038a0 f i SmartCardRW.obj
 0001:00002981       ?QueryInterface@?$CComObject@V?$CComEnum@UIEnumConnections@@$1?_GUID_b196b287_bab4_101a_b69c_00aa00341d07@@3U__s_GUID@@BUtagCONNECTDATA@@V?$_Copy@UtagCONNECTDATA@@@ATL@@VCComSingleThreadModel@6@@ATL@@@ATL@@UAGJABU_GUID@@PAPAX@Z 10003981 f i SmartCardRW.obj
 0001:0000299b       ??_E?$CComObject@V?$CComEnum@UIEnumConnections@@$1?_GUID_b196b287_bab4_101a_b69c_00aa00341d07@@3U__s_GUID@@BUtagCONNECTDATA@@V?$_Copy@UtagCONNECTDATA@@@ATL@@VCComSingleThreadModel@6@@ATL@@@ATL@@UAEPAXI@Z 1000399b f i SmartCardRW.obj
 0001:0000299b       ??_G?$CComObject@V?$CComEnum@UIEnumConnections@@$1?_GUID_b196b287_bab4_101a_b69c_00aa00341d07@@3U__s_GUID@@BUtagCONNECTDATA@@V?$_Copy@UtagCONNECTDATA@@@ATL@@VCComSingleThreadModel@6@@ATL@@@ATL@@UAEPAXI@Z 1000399b f i SmartCardRW.obj
 0001:000029bd       ??$?4UITypeInfo2@@@?$CComPtr@UITypeInfo@@@ATL@@QAEPAUITypeInfo@@ABV?$CComPtr@UITypeInfo2@@@1@@Z 100039bd f i SmartCardRW.obj
 0001:000029ea       ??$AtlAdd@K@ATL@@YAJPAKKK@Z 100039ea f i SmartCardRW.obj
 0001:00002a0d       ??$AtlAdd@_K@ATL@@YAJPA_K_K1@Z 10003a0d f i SmartCardRW.obj
 0001:00002a45       ??$AtlAddThrow@K@ATL@@YAKKK@Z 10003a45 f i SmartCardRW.obj
 0001:00002a6b       ??$AtlModuleRegisterWndClassInfoT@VAtlModuleRegisterWndClassInfoParamW@ATL@@@ATL@@YAGPAU_ATL_BASE_MODULE70@0@PAU_ATL_WIN_MODULE70@0@PAU_ATL_WNDCLASSINFOW@0@PAP6GJPAUHWND__@@IIJ@ZVAtlModuleRegisterWndClassInfoParamW@0@@Z 10003a6b f i SmartCardRW.obj
 0001:00002bb9       ??$AtlMultiply@H@ATL@@YAJPAHHH@Z 10003bb9 f i SmartCardRW.obj
 0001:00002bf1       ??$AtlMultiply@I@ATL@@YAJPAIII@Z 10003bf1 f i SmartCardRW.obj
 0001:00002bf1       ??$AtlMultiply@K@ATL@@YAJPAKKK@Z 10003bf1 f i SmartCardRW.obj
 0001:00002c13       ??$AtlMultiplyThrow@I@ATL@@YAIII@Z 10003c13 f i SmartCardRW.obj
 0001:00002c39       ??0?$CComAggObject@VCOPOSSmartCardRW@@@ATL@@QAE@PAX@Z 10003c39 f i SmartCardRW.obj
 0001:00002c66       ??0?$CComContainedObject@VCOPOSSmartCardRW@@@ATL@@QAE@PAX@Z 10003c66 f i SmartCardRW.obj
 0001:00002d1f       ??0?$CComObject@V?$CComEnum@UIEnumConnectionPoints@@$1?_GUID_b196b285_bab4_101a_b69c_00aa00341d07@@3U__s_GUID@@BPAUIConnectionPoint@@V?$_CopyInterface@UIConnectionPoint@@@ATL@@VCComSingleThreadModel@6@@ATL@@@ATL@@QAE@PAX@Z 10003d1f f i SmartCardRW.obj
 0001:00002d4d       ??0?$CComObject@V?$CComEnum@UIEnumConnections@@$1?_GUID_b196b287_bab4_101a_b69c_00aa00341d07@@3U__s_GUID@@BUtagCONNECTDATA@@V?$_Copy@UtagCONNECTDATA@@@ATL@@VCComSingleThreadModel@6@@ATL@@@ATL@@QAE@PAX@Z 10003d4d f i SmartCardRW.obj
 0001:00002d7b       ??0?$CComObject@VCOPOSSmartCardRW@@@ATL@@QAE@PAX@Z 10003d7b f i SmartCardRW.obj
 0001:00002e32       ??0?$CComQIPtr@UIOleControlSite@@$1?_GUID_b196b289_bab4_101a_b69c_00aa00341d07@@3U__s_GUID@@B@ATL@@QAE@PAUIUnknown@@@Z 10003e32 f i SmartCardRW.obj
 0001:00002e5b       ??0CAtlModule@ATL@@QAE@XZ  10003e5b f i SmartCardRW.obj
 0001:00002e9c       ??0CParseBuffer@CRegParser@ATL@@QAE@H@Z 10003e9c f i SmartCardRW.obj
 0001:00002ed2       ??0_ATL_MSG@ATL@@QAE@PAUHWND__@@IIJH@Z 10003ed2 f i SmartCardRW.obj
 0001:00002f0a       ??1?$CComAggObject@VCOPOSSmartCardRW@@@ATL@@UAE@XZ 10003f0a f i SmartCardRW.obj
 0001:00002f2e       ??1?$CComEnumImpl@UIEnumConnectionPoints@@$1?_GUID_b196b285_bab4_101a_b69c_00aa00341d07@@3U__s_GUID@@BPAUIConnectionPoint@@V?$_CopyInterface@UIConnectionPoint@@@ATL@@@ATL@@UAE@XZ 10003f2e f i SmartCardRW.obj
 0001:00002f6e       ??1?$CComEnumImpl@UIEnumConnections@@$1?_GUID_b196b287_bab4_101a_b69c_00aa00341d07@@3U__s_GUID@@BUtagCONNECTDATA@@V?$_Copy@UtagCONNECTDATA@@@ATL@@@ATL@@UAE@XZ 10003f6e f i SmartCardRW.obj
 0001:00002fae       ??1?$CComObject@V?$CComEnum@UIEnumConnectionPoints@@$1?_GUID_b196b285_bab4_101a_b69c_00aa00341d07@@3U__s_GUID@@BPAUIConnectionPoint@@V?$_CopyInterface@UIConnectionPoint@@@ATL@@VCComSingleThreadModel@6@@ATL@@@ATL@@UAE@XZ 10003fae f i SmartCardRW.obj
 0001:00002fd1       ??1?$CComObject@V?$CComEnum@UIEnumConnections@@$1?_GUID_b196b287_bab4_101a_b69c_00aa00341d07@@3U__s_GUID@@BUtagCONNECTDATA@@V?$_Copy@UtagCONNECTDATA@@@ATL@@VCComSingleThreadModel@6@@ATL@@@ATL@@UAE@XZ 10003fd1 f i SmartCardRW.obj
 0001:00002ff4       ??1?$CComObject@VCOPOSSmartCardRW@@@ATL@@UAE@XZ 10003ff4 f i SmartCardRW.obj
 0001:000030b2       ??1?$CComObjectCached@VCComClassFactory@ATL@@@ATL@@UAE@XZ 100040b2 f i SmartCardRW.obj
 0001:000030c8       ??1?$CComObjectRootEx@VCComMultiThreadModel@ATL@@@ATL@@QAE@XZ 100040c8 f i SmartCardRW.obj
 0001:000030dd       ??1CRegObject@ATL@@UAE@XZ  100040dd f i SmartCardRW.obj
 0001:000030fd       ??4?$CComPtr@UIAdviseSink@@@ATL@@QAEPAUIAdviseSink@@PAU2@@Z 100040fd f i SmartCardRW.obj
 0001:000030fd       ??4?$CComPtr@UIUnknown@@@ATL@@QAEPAUIUnknown@@PAU2@@Z 100040fd f i SmartCardRW.obj
 0001:000030fd       ??4?$CComPtr@UIOleClientSite@@@ATL@@QAEPAUIOleClientSite@@PAU2@@Z 100040fd f i SmartCardRW.obj
 0001:00003131       ??_G?$CComContainedObject@VCOPOSSmartCardRW@@@ATL@@UAEPAXI@Z 10004131 f i SmartCardRW.obj
 0001:00003131       ??_E?$CComContainedObject@VCOPOSSmartCardRW@@@ATL@@UAEPAXI@Z 10004131 f i SmartCardRW.obj
 0001:00003156       ??_G?$CComObject@VCOPOSSmartCardRW@@@ATL@@UAEPAXI@Z 10004156 f i SmartCardRW.obj
 0001:00003156       ??_E?$CComObject@VCOPOSSmartCardRW@@@ATL@@UAEPAXI@Z 10004156 f i SmartCardRW.obj
 0001:0000317b       ?Add@?$CSimpleArray@GV?$CSimpleArrayEqualHelper@G@ATL@@@ATL@@QAEHABG@Z 1000417b f i SmartCardRW.obj
 0001:000031ff       ?Add@?$CSimpleMap@PA_WPA_WVCExpansionVectorEqualHelper@ATL@@@ATL@@QAEHABQA_W0@Z 100041ff f i SmartCardRW.obj
 0001:00003254       ?Add@CComDynamicUnkArray@ATL@@QAEKPAUIUnknown@@@Z 10004254 f i SmartCardRW.obj
 0001:0000330a       ?Add@CExpansionVector@ATL@@QAEHPB_W0@Z 1000430a f i SmartCardRW.obj
 0001:00003413       ?AddString@CParseBuffer@CRegParser@ATL@@QAEHPB_W@Z 10004413 f i SmartCardRW.obj
 0001:00003448       ?AddTermFunc@CAtlModule@ATL@@QAEJP6GXK@ZK@Z 10004448 f i SmartCardRW.obj
 0001:000034ab       ?AddValue@CRegParser@ATL@@IAEJAAVCRegKey@2@PB_WPA_W@Z 100044ab f i SmartCardRW.obj
 0001:000037c5       ?Allocate@?$CAtlSafeAllocBufferManager@VCCRTAllocator@ATL@@@_ATL_SAFE_ALLOCA_IMPL@ATL@@QAEPAXK@Z 100047c5 f i SmartCardRW.obj
 0001:000037f2       ?Allocate@?$CTempBuffer@E$0BAA@VCCRTAllocator@ATL@@@ATL@@QAEPAEI@Z 100047f2 f i SmartCardRW.obj
 0001:00003821       ?Allocate@?$CTempBuffer@_W$0BAA@VCCRTAllocator@ATL@@@ATL@@QAEPA_WI@Z 10004821 f i SmartCardRW.obj
 0001:00003850       ?Allocate@?$CTempBuffer@_W$0EAA@VCCRTAllocator@ATL@@@ATL@@QAEPA_WI@Z 10004850 f i SmartCardRW.obj
 0001:0000387f       ?AllocateHeap@?$CTempBuffer@_W$0BAA@VCCRTAllocator@ATL@@@ATL@@AAEXI@Z 1000487f f i SmartCardRW.obj
 0001:0000387f       ?AllocateHeap@?$CTempBuffer@_W$0EAA@VCCRTAllocator@ATL@@@ATL@@AAEXI@Z 1000487f f i SmartCardRW.obj
 0001:0000387f       ?AllocateHeap@?$CTempBuffer@E$0BAA@VCCRTAllocator@ATL@@@ATL@@AAEXI@Z 1000487f f i SmartCardRW.obj
 0001:000038a4       ?Append@CParseBuffer@CRegParser@ATL@@QAEHPB_WH@Z 100048a4 f i SmartCardRW.obj
 0001:00003932       ?AtlCoTaskMemCAlloc@ATL@@YAPAXKK@Z 10004932 f i SmartCardRW.obj
 0001:0000395f       ?AtlCoTaskMemRecalloc@ATL@@YAPAXPAXKK@Z 1000495f f i SmartCardRW.obj
 0001:0000398f       ?AtlComModuleGetClassObject@ATL@@YGJPAU_ATL_COM_MODULE70@1@ABU_GUID@@1PAPAX@Z 1000498f f i SmartCardRW.obj
 0001:00003a82       ?AtlComModuleRegisterServer@ATL@@YGJPAU_ATL_COM_MODULE70@1@HPBU_GUID@@@Z 10004a82 f i SmartCardRW.obj
 0001:00003b0a       ?AtlComModuleUnregisterServer@ATL@@YGJPAU_ATL_COM_MODULE70@1@HPBU_GUID@@@Z 10004b0a f i SmartCardRW.obj
 0001:00003b92       ?AtlComQIPtrAssign2@ATL@@YAXPAPAUIUnknown@@PAU2@ABU_GUID@@@Z 10004b92 f i SmartCardRW.obj
 0001:00003bc1       ?AtlCreateTargetDC@ATL@@YGPAUHDC__@@PAU2@PAUtagDVTARGETDEVICE@@@Z 10004bc1 f i SmartCardRW.obj
 0001:00003c2a       ?AtlCrtErrorCheck@ATL@@YAHH@Z 10004c2a f i SmartCardRW.obj
 0001:00003c65       ?AtlHiMetricToPixel@ATL@@YGXPBUtagSIZE@@PAU2@@Z 10004c65 f i SmartCardRW.obj
 0001:00003cda       ?AtlHresultFromLastError@ATL@@YAJXZ 10004cda f i SmartCardRW.obj
 0001:00003cf1       ?AtlHresultFromWin32@ATL@@YAJK@Z 10004cf1 f i SmartCardRW.obj
 0001:00003d06       ?AtlInternalOleLoadFromStream@ATL@@YAJPAUIStream@@ABU_GUID@@PAPAXTClassesAllowedInStream@1@K@Z 10004d06 f i SmartCardRW.obj
 0001:00003e24       ?AtlInternalQueryInterface@ATL@@YGJPAXPBU_ATL_INTMAP_ENTRY@1@ABU_GUID@@PAPAX@Z 10004e24 f i SmartCardRW.obj
 0001:00003ec7       ?AtlLoadTypeLib@ATL@@YGJPAUHINSTANCE__@@PB_WPAPA_WPAPAUITypeLib@@@Z 10004ec7 f i SmartCardRW.obj
 0001:000040a5       ?AtlRegisterClassCategoriesHelper@ATL@@YGJABU_GUID@@PBU_ATL_CATMAP_ENTRY@1@H@Z 100050a5 f i SmartCardRW.obj
 0001:000043a1       ?AtlRegisterTypeLib@ATL@@YGJPAUHINSTANCE__@@PB_W@Z 100053a1 f i SmartCardRW.obj
 0001:00004529       ?AtlThrowImpl@ATL@@YGXJ@Z  10005529 f i SmartCardRW.obj
 0001:00004547       ?AtlUnRegisterTypeLib@ATL@@YGJPAUHINSTANCE__@@PB_W@Z 10005547 f i SmartCardRW.obj
 0001:000045f2       ?AtlWinModuleAddCreateWndData@ATL@@YGXPAU_ATL_WIN_MODULE70@1@PAU_AtlCreateWndData@1@PAX@Z 100055f2 f i SmartCardRW.obj
 0001:00004646       ?AtlWinModuleExtractCreateWndData@ATL@@YGPAXPAU_ATL_WIN_MODULE70@1@@Z 10005646 f i SmartCardRW.obj
 0001:000046a9       ?AtlWinModuleRegisterClassExW@ATL@@YGGPAU_ATL_WIN_MODULE70@1@PBUtagWNDCLASSEXW@@@Z 100056a9 f i SmartCardRW.obj
 0001:000046e8       ?CanForceRemoveKey@CRegParser@ATL@@IAEHPB_W@Z 100056e8 f i SmartCardRW.obj
 0001:00004717       ?ChToByte@CRegParser@ATL@@KAE_W@Z 10005717 f i SmartCardRW.obj
 0001:0000474a       ?Cleanup@CComTypeInfoHolder@ATL@@SGXK@Z 1000574a f i SmartCardRW.obj
 0001:0000477d       ?ClearReplacements@CExpansionVector@ATL@@QAEJXZ 1000577d f i SmartCardRW.obj
 0001:000047ba       ?Close@CRegKey@ATL@@QAEJXZ 100057ba f i SmartCardRW.obj
 0001:000047d4       ?CreateInstance@?$CComCreator@V?$CComAggObject@VCOPOSSmartCardRW@@@ATL@@@ATL@@SGJPAXABU_GUID@@PAPAX@Z 100057d4 f i SmartCardRW.obj
 0001:00004849       ?CreateInstance@?$CComCreator@V?$CComObject@VCOPOSSmartCardRW@@@ATL@@@ATL@@SGJPAXABU_GUID@@PAPAX@Z 10005849 f i SmartCardRW.obj
 0001:000048c9       ?CreateInstance@?$CComObject@V?$CComEnum@UIEnumConnectionPoints@@$1?_GUID_b196b285_bab4_101a_b69c_00aa00341d07@@3U__s_GUID@@BPAUIConnectionPoint@@V?$_CopyInterface@UIConnectionPoint@@@ATL@@VCComSingleThreadModel@6@@ATL@@@ATL@@SGJPAPAV12@@Z 100058c9 f i SmartCardRW.obj
 0001:00004913       ?CreateInstance@?$CComObject@V?$CComEnum@UIEnumConnections@@$1?_GUID_b196b287_bab4_101a_b69c_00aa00341d07@@3U__s_GUID@@BUtagCONNECTDATA@@V?$_Copy@UtagCONNECTDATA@@@ATL@@VCComSingleThreadModel@6@@ATL@@@ATL@@SGJPAPAV12@@Z 10005913 f i SmartCardRW.obj
 0001:0000495d       ?DefaultReflectionHandler@?$CWindowImplRoot@VCWindow@ATL@@@ATL@@SAHPAUHWND__@@IIJAAJ@Z 1000595d f i SmartCardRW.obj
 0001:000049d0       ?DeleteSubKey@CRegKey@ATL@@QAEJPB_W@Z 100059d0 f i SmartCardRW.obj
 0001:00004a49       ?DoEvent@COPOSSmartCardRW@@IAEXIIJ@Z 10005a49 f i SmartCardRW.obj
 0001:00004ac9       ?DoVerbHide@?$IOleObjectImpl@VCOPOSSmartCardRW@@@ATL@@QAEJPBUtagRECT@@PAUHWND__@@@Z 10005ac9 f i SmartCardRW.obj
 0001:00004aff       ?DoVerbInPlaceActivate@?$IOleObjectImpl@VCOPOSSmartCardRW@@@ATL@@QAEJPBUtagRECT@@PAUHWND__@@@Z 10005aff f i SmartCardRW.obj
 0001:00004b32       ?DoVerbPrimary@?$IOleObjectImpl@VCOPOSSmartCardRW@@@ATL@@QAEJPBUtagRECT@@PAUHWND__@@@Z 10005b32 f i SmartCardRW.obj
 0001:00004bbe       ?DoVerbProperties@CComControlBase@ATL@@QAEJPBUtagRECT@@PAUHWND__@@@Z 10005bbe f i SmartCardRW.obj
 0001:00004d3d       ?DoVerbUIActivate@?$IOleObjectImpl@VCOPOSSmartCardRW@@@ATL@@QAEJPBUtagRECT@@PAUHWND__@@@Z 10005d3d f i SmartCardRW.obj
 0001:00004d7a       ?DoesVerbActivate@CComControlBase@ATL@@QAEHJ@Z 10005d7a f i SmartCardRW.obj
 0001:00004d9b       ?DoesVerbUIActivate@CComControlBase@ATL@@QAEHJ@Z 10005d9b f i SmartCardRW.obj
 0001:00004dd0       ?EndOfVar@CRegParser@ATL@@IAEHXZ 10005dd0 f i SmartCardRW.obj
 0001:00004df0       ?EscapeSingleQuote@CAtlModule@ATL@@SAXPA_WIPB_W@Z 10005df0 f i SmartCardRW.obj
 0001:00004e3f       ?FindKey@?$CSimpleMap@PA_WPA_WVCExpansionVectorEqualHelper@ATL@@@ATL@@QBEHABQA_W@Z 10005e3f f i SmartCardRW.obj
 0001:00004e76       ?FireTheEvent@?$CProxy_IOPOSEvents@VCOPOSSmartCardRW@@@@IAEXPAVOposVariant@@IAAJPB_WJ@Z 10005e76 f i SmartCardRW.obj
 0001:00004f08       ?FireViewChange@CComControlBase@ATL@@QAEJXZ 10005f08 f i SmartCardRW.obj
 0001:00004f51       ?Fire_DataEvent@?$CProxy_IOPOSEvents@VCOPOSSmartCardRW@@@@QAEXJ@Z 10005f51 f i SmartCardRW.obj
 0001:00004fe7       ?Fire_DirectIOEvent@?$CProxy_IOPOSEvents@VCOPOSSmartCardRW@@@@QAEXJPAJPAPA_W@Z 10005fe7 f i SmartCardRW.obj
 0001:000050d3       ?Fire_ErrorEvent@?$CProxy_IOPOSEvents@VCOPOSSmartCardRW@@@@QAEXJJJPAJ@Z 100060d3 f i SmartCardRW.obj
 0001:000051c4       ?Fire_OutputCompleteEvent@?$CProxy_IOPOSEvents@VCOPOSSmartCardRW@@@@QAEXJ@Z 100061c4 f i SmartCardRW.obj
 0001:0000525a       ?Fire_StatusUpdateEvent@?$CProxy_IOPOSEvents@VCOPOSSmartCardRW@@@@QAEXJ@Z 1000625a f i SmartCardRW.obj
 0001:000052f0       ?FreeHeap@?$CTempBuffer@E$0BAA@VCCRTAllocator@ATL@@@ATL@@AAEXXZ 100062f0 f i SmartCardRW.obj
 0001:000052f0       ?FreeHeap@?$CTempBuffer@_W$0EAA@VCCRTAllocator@ATL@@@ATL@@AAEXXZ 100062f0 f i SmartCardRW.obj
 0001:000052f0       ?FreeHeap@?$CTempBuffer@_W$0BAA@VCCRTAllocator@ATL@@@ATL@@AAEXXZ 100062f0 f i SmartCardRW.obj
 0001:000052f9       ?GetAmbientLocaleID@CComControlBase@ATL@@QAEJAAK@Z 100062f9 f i SmartCardRW.obj
 0001:00005355       ?GetAmbientUserMode@CComControlBase@ATL@@QAEJAAH@Z 10006355 f i SmartCardRW.obj
 0001:000053c5       ?GetAt@CComDynamicUnkArray@ATL@@QAEPAUIUnknown@@H@Z 100063c5 f i SmartCardRW.obj
 0001:000053e1       ?GetClassObject@CComModule@ATL@@QAEJABU_GUID@@0PAPAX@Z 100063e1 f i SmartCardRW.obj
 0001:00005483       ?GetConnMap@COPOSSmartCardRW@@SAPBU_ATL_CONNMAP_ENTRY@ATL@@PAH@Z 10006483 f i SmartCardRW.obj
 0001:000054f3       ?GetCookie@CComDynamicUnkArray@ATL@@QAGKPAPAUIUnknown@@@Z 100064f3 f i SmartCardRW.obj
 0001:0000552b       ?GetIDsOfNames@CComTypeInfoHolder@ATL@@QAEJABU_GUID@@PAPA_WIKPAJ@Z 1000652b f i SmartCardRW.obj
 0001:00005652       ?GetKeyAt@?$CSimpleMap@PA_WPA_WVCExpansionVectorEqualHelper@ATL@@@ATL@@QBEAAPA_WH@Z 10006652 f i SmartCardRW.obj
 0001:00005677       ?GetPagesHelper@?$ISpecifyPropertyPagesImpl@VCOPOSSmartCardRW@@@ATL@@IAEJPAUtagCAUUID@@PBUATL_PROPMAP_ENTRY@2@@Z 10006677 f i SmartCardRW.obj
 0001:0000579e       ?GetProperty@?$CComPtr@UIDispatch@@@ATL@@SAJPAUIDispatch@@JPAUtagVARIANT@@@Z 1000679e f i SmartCardRW.obj
 0001:000057ed       ?GetSizeMax@CComVariant@ATL@@QBEJPAT_ULARGE_INTEGER@@@Z 100067ed f i SmartCardRW.obj
 0001:000059af       ?GetTI@CComTypeInfoHolder@ATL@@QAEJK@Z 100069af f i SmartCardRW.obj
 0001:00005b8e       ?GetTI@CComTypeInfoHolder@ATL@@QAEJKPAPAUITypeInfo@@@Z 10006b8e f i SmartCardRW.obj
 0001:00005bd0       ?GetUnknown@CComDynamicUnkArray@ATL@@QAGPAUIUnknown@@K@Z 10006bd0 f i SmartCardRW.obj
 0001:00005bf1       ?GetValueAt@?$CSimpleMap@PA_WPA_WVCExpansionVectorEqualHelper@ATL@@@ATL@@QBEAAPA_WH@Z 10006bf1 f i SmartCardRW.obj
 0001:00005c17       ?GetZoomInfo@CComControlBase@ATL@@QAEXAAUATL_DRAWINFO@@@Z 10006c17 f i SmartCardRW.obj
 0001:00005caa       ?HKeyFromString@CRegParser@ATL@@KAPAUHKEY__@@PA_W@Z 10006caa f i SmartCardRW.obj
 0001:00005cd8       ?HasSubKeys@CRegParser@ATL@@IAEHPAUHKEY__@@@Z 10006cd8 f i SmartCardRW.obj
 0001:00005d0d       ?IDataObject_GetData@CComControlBase@ATL@@QAEJPAUtagFORMATETC@@PAUtagSTGMEDIUM@@@Z 10006d0d f i SmartCardRW.obj
 0001:00005eb3       ?IOleInPlaceObject_InPlaceDeactivate@CComControlBase@ATL@@QAEJXZ 10006eb3 f i SmartCardRW.obj
 0001:00005f3a       ?IOleInPlaceObject_SetObjectRects@CComControlBase@ATL@@QAEJPBUtagRECT@@0@Z 10006f3a f i SmartCardRW.obj
 0001:00006007       ?IOleInPlaceObject_UIDeactivate@CComControlBase@ATL@@QAEJXZ 10007007 f i SmartCardRW.obj
 0001:000060c9       ?IOleObject_Advise@CComControlBase@ATL@@QAEJPAUIAdviseSink@@PAK@Z 100070c9 f i SmartCardRW.obj
 0001:000060f3       ?IOleObject_Close@CComControlBase@ATL@@QAEJK@Z 100070f3 f i SmartCardRW.obj
 0001:000061d7       ?IOleObject_GetClientSite@CComControlBase@ATL@@QAEJPAPAUIOleClientSite@@@Z 100071d7 f i SmartCardRW.obj
 0001:00006200       ?IOleObject_SetClientSite@CComControlBase@ATL@@QAEJPAUIOleClientSite@@@Z 10007200 f i SmartCardRW.obj
 0001:0000623f       ?IOleObject_SetExtent@CComControlBase@ATL@@QAEJKPAUtagSIZE@@@Z 1000723f f i SmartCardRW.obj
 0001:000062f1       ?IPSI_GetIPersistStreamInit@?$IPersistStorageImpl@VCOPOSSmartCardRW@@@ATL@@AAEPAUIPersistStreamInit@@XZ 100072f1 f i SmartCardRW.obj
 0001:00006399       ?IPersistStreamInit_Load@?$IPersistStreamInitImpl@VCOPOSSmartCardRW@@@ATL@@QAEJPAUIStream@@PBUATL_PROPMAP_ENTRY@2@@Z 10007399 f i SmartCardRW.obj
 0001:0000660e       ?IPersistStreamInit_Save@?$IPersistStreamInitImpl@VCOPOSSmartCardRW@@@ATL@@QAEJPAUIStream@@HPBUATL_PROPMAP_ENTRY@2@@Z 1000760e f i SmartCardRW.obj
 0001:000067fc       ?IQuickActivate_QuickActivate@CComControlBase@ATL@@QAEJPAUtagQACONTAINER@@PAUtagQACONTROL@@@Z 100077fc f i SmartCardRW.obj
 0001:00006a3e       ?IViewObject_Draw@CComControlBase@ATL@@QAEJKJPAXPAUtagDVTARGETDEVICE@@PAUHDC__@@2PBU_RECTL@@3@Z 10007a3e f i SmartCardRW.obj
 0001:00006ae6       ?InPlaceActivate@CComControlBase@ATL@@QAEJJPBUtagRECT@@@Z 10007ae6 f i SmartCardRW.obj
 0001:00006d57       ?Init@?$CComEnumImpl@UIEnumConnectionPoints@@$1?_GUID_b196b285_bab4_101a_b69c_00aa00341d07@@3U__s_GUID@@BPAUIConnectionPoint@@V?$_CopyInterface@UIConnectionPoint@@@ATL@@@ATL@@QAEJPAPAUIConnectionPoint@@0PAUIUnknown@@W4CComEnumFlags@2@@Z 10007d57 f i SmartCardRW.obj
 0001:00006e36       ?Init@?$CComEnumImpl@UIEnumConnections@@$1?_GUID_b196b287_bab4_101a_b69c_00aa00341d07@@3U__s_GUID@@BUtagCONNECTDATA@@V?$_Copy@UtagCONNECTDATA@@@ATL@@@ATL@@QAEJPAUtagCONNECTDATA@@0PAUIUnknown@@W4CComEnumFlags@2@@Z 10007e36 f i SmartCardRW.obj
 0001:00006f15       ?Init@CComModule@ATL@@QAEJPAU_ATL_OBJMAP_ENTRY30@2@PAUHINSTANCE__@@PBU_GUID@@@Z 10007f15 f i SmartCardRW.obj
 0001:00006f74       ?Init@CDynamicStdCallThunk2@ATL@@QAEHKPAX@Z 10007f74 f i SmartCardRW.obj
 0001:00006f9f       ?InlineIsEqualUnknown@ATL@@YGHABU_GUID@@@Z 10007f9f f i SmartCardRW.obj
 0001:00006fc7       ?InternalSetAtIndex@?$CSimpleMap@PA_WPA_WVCExpansionVectorEqualHelper@ATL@@@ATL@@QAEXHABQA_W0@Z 10007fc7 f i SmartCardRW.obj
 0001:00006ff1       ?Invoke@CComTypeInfoHolder@ATL@@QAEJPAUIDispatch@@JABU_GUID@@KGPAUtagDISPPARAMS@@PAUtagVARIANT@@PAUtagEXCEPINFO@@PAI@Z 10007ff1 f i SmartCardRW.obj
 0001:00007034       ?IsEqualObject@?$CComPtrBase@UIOleClientSite@@@ATL@@QAE_NPAUIUnknown@@@Z 10008034 f i SmartCardRW.obj
 0001:00007034       ?IsEqualObject@?$CComPtrBase@UITypeInfo@@@ATL@@QAE_NPAUIUnknown@@@Z 10008034 f i SmartCardRW.obj
 0001:000070a1       ?IsSpace@CRegParser@ATL@@IAEH_W@Z 100080a1 f i SmartCardRW.obj
 0001:000070cb       ?LoadNameCache@CComTypeInfoHolder@ATL@@QAEJPAUITypeInfo@@@Z 100080cb f i SmartCardRW.obj
 0001:00007200       ?Lookup@?$CSimpleMap@PA_WPA_WVCExpansionVectorEqualHelper@ATL@@@ATL@@QBEPA_WABQA_W@Z 10008200 f i SmartCardRW.obj
 0001:00007226       ?NextToken@CRegParser@ATL@@IAEJPA_W@Z 10008226 f i SmartCardRW.obj
 0001:0000735e       ?OnKillFocus@CComControlBase@ATL@@QAEJIIJAAH@Z 1000835e f i SmartCardRW.obj
 0001:000073b9       ?OnMouseActivate@CComControlBase@ATL@@QAEJIIJAAH@Z 100083b9 f i SmartCardRW.obj
 0001:00007427       ?OnPaint@CComControlBase@ATL@@QAEJIIJAAH@Z 10008427 f i SmartCardRW.obj
 0001:000074d9       ?OnSetFocus@CComControlBase@ATL@@QAEJIIJAAH@Z 100084d9 f i SmartCardRW.obj
 0001:00007562       ?Open@CRegKey@ATL@@QAEJPAUHKEY__@@PB_WK@Z 10008562 f i SmartCardRW.obj
 0001:000075b7       ?PreProcessBuffer@CRegParser@ATL@@QAEJPA_WPAPA_W@Z 100085b7 f i SmartCardRW.obj
 0001:00007826       ?ProcessWindowMessage@?$CComControl@VCOPOSSmartCardRW@@V?$CWindowImpl@VCOPOSSmartCardRW@@VCWindow@ATL@@V?$CWinTraits@$0FGAAAAAA@$0A@@3@@ATL@@@ATL@@UAEHPAUHWND__@@IIJAAJK@Z 10008826 f i SmartCardRW.obj
 0001:000078c5       ?ReadFromStream@CComBSTR@ATL@@QAEJPAUIStream@@@Z 100088c5 f i SmartCardRW.obj
 0001:000079e8       ?ReadFromStream@CComVariant@ATL@@QAEJPAUIStream@@GTClassesAllowedInStream@2@K@Z 100089e8 f i SmartCardRW.obj
 0001:00007b72       ?RecurseDeleteKey@CRegKey@ATL@@QAEJPB_W@Z 10008b72 f i SmartCardRW.obj
 0001:00007c60       ?RegCreateKeyExW@CAtlTransactionManager@ATL@@QAEJPAUHKEY__@@PB_WKPA_WKKQAU_SECURITY_ATTRIBUTES@@PAPAU3@PAK@Z 10008c60 f i SmartCardRW.obj
 0001:00007cc3       ?RegDeleteKeyW@CAtlTransactionManager@ATL@@QAEJPAUHKEY__@@PB_W@Z 10008cc3 f i SmartCardRW.obj
 0001:00007d15       ?RegOpenKeyExW@CAtlTransactionManager@ATL@@QAEJPAUHKEY__@@PB_WKKPAPAU3@@Z 10008d15 f i SmartCardRW.obj
 0001:00007d6c       ?Register@_ATL_WNDCLASSINFOW@ATL@@QAEGPAP6GJPAUHWND__@@IIJ@Z@Z 10008d6c f i SmartCardRW.obj
 0001:00007d8c       ?RegisterBuffer@CRegParser@ATL@@QAEJPA_WH@Z 10008d8c f i SmartCardRW.obj
 0001:00007ed3       ?RegisterFromResource@CRegObject@ATL@@IAEJPB_W00H@Z 10008ed3 f i SmartCardRW.obj
 0001:00008009       ?RegisterServer@?$CAtlModuleT@VCComModule@ATL@@@ATL@@QAEJHPBU_GUID@@@Z 10009009 f i SmartCardRW.obj
 0001:00008037       ?RegisterServer@CComModule@ATL@@QAEJHPBU_GUID@@@Z 10009037 f i SmartCardRW.obj
 0001:000080ad       ?RegisterSubkeys@CRegParser@ATL@@IAEJPA_WPAUHKEY__@@HH@Z 100090ad f i SmartCardRW.obj
 0001:0000875a       ?Remove@CComDynamicUnkArray@ATL@@QAEHK@Z 1000975a f i SmartCardRW.obj
 0001:00008783       ?RemoveAll@?$CSimpleMap@PA_WPA_WVCExpansionVectorEqualHelper@ATL@@@ATL@@QAEXXZ 10009783 f i SmartCardRW.obj
 0001:000087af       ?ResourceRegisterSz@CRegObject@ATL@@QAGJPB_W00@Z 100097af f i SmartCardRW.obj
 0001:000087dc       ?ResourceUnregisterSz@CRegObject@ATL@@QAGJPB_W00@Z 100097dc f i SmartCardRW.obj
 0001:00008809       ?SendOnDataChange@CComControlBase@ATL@@QAEJK@Z 10009809 f i SmartCardRW.obj
 0001:00008856       ?SetControlFocus@CComControlBase@ATL@@QAEHH@Z 10009856 f i SmartCardRW.obj
 0001:000088f3       ?SetMultiStringValue@CRegKey@ATL@@QAEJPB_W0@Z 100098f3 f i SmartCardRW.obj
 0001:0000894f       ?SetStringValue@CRegKey@ATL@@QAEJPB_W0K@Z 1000994f f i SmartCardRW.obj
 0001:00008998       ?SkipAssignment@CRegParser@ATL@@IAEJPA_W@Z 10009998 f i SmartCardRW.obj
 0001:000089fd       ?SkipWhiteSpace@CRegParser@ATL@@IAEXXZ 100099fd f i SmartCardRW.obj
 0001:00008a1f       ?StrChrW@CRegParser@ATL@@KAPA_WPA_W_W@Z 10009a1f f i SmartCardRW.obj
 0001:00008a5c       ?Term@CAtlModule@ATL@@QAEXXZ 10009a5c f i SmartCardRW.obj
 0001:00008aaf       ?Term@CComModule@ATL@@QAEXXZ 10009aaf f i SmartCardRW.obj
 0001:00008b07       ?UnregisterServer@?$CAtlModuleT@VCComModule@ATL@@@ATL@@QAEJHPBU_GUID@@@Z 10009b07 f i SmartCardRW.obj
 0001:00008b2d       ?UnregisterServer@CComModule@ATL@@QAEJHPBU_GUID@@@Z 10009b2d f i SmartCardRW.obj
 0001:00008ba3       ?UpdateRegistryFromResource@CAtlModule@ATL@@QAGJIHPAU_ATL_REGMAP_ENTRY@2@@Z 10009ba3 f i SmartCardRW.obj
 0001:00008d6e       ?UpdateRegistryFromResource@CAtlModule@ATL@@QAGJPB_WHPAU_ATL_REGMAP_ENTRY@2@@Z 10009d6e f i SmartCardRW.obj
 0001:00008f3f       ?VTFromRegType@CRegParser@ATL@@KAHPB_WAAG@Z 10009f3f f i SmartCardRW.obj
 0001:00008fac       ?WindowProc@?$CWindowImplBaseT@VCWindow@ATL@@V?$CWinTraits@$0FGAAAAAA@$0A@@2@@ATL@@SGJPAUHWND__@@IIJ@Z 10009fac f i SmartCardRW.obj
 0001:0000909e       ?WriteToStream@CComBSTR@ATL@@QAEJPAUIStream@@@Z 1000a09e f i SmartCardRW.obj
 0001:00009100       ?WriteToStream@CComVariant@ATL@@QAEJPAUIStream@@@Z 1000a100 f i SmartCardRW.obj
 0001:0000927a       ?WriteToStream@CComVariant@ATL@@QAEJPAUIStream@@G@Z 1000a27a f i SmartCardRW.obj
 0001:000092e3       ?_AtlInitialConstruct@?$CComObjectRootEx@VCComMultiThreadModel@ATL@@@ATL@@QAEJXZ 1000a2e3 f i SmartCardRW.obj
 0001:000092f8       ?_AtlVerifyStackAvailable@_ATL_SAFE_ALLOCA_IMPL@ATL@@YA_NK@Z 1000a2f8 f i SmartCardRW.obj
 0001:00009376       ?atlCreate@?$CWindowImpl@VCOPOSSmartCardRW@@VCWindow@ATL@@V?$CWinTraits@$0FGAAAAAA@$0A@@3@@ATL@@QAEPAUHWND__@@PAU3@V_U_RECT@2@PB_WKKV_U_MENUorID@2@PAX@Z 1000a376 f i SmartCardRW.obj
 0001:000093ba       ?atlCreate@?$CWindowImplBaseT@VCWindow@ATL@@V?$CWinTraits@$0FGAAAAAA@$0A@@2@@ATL@@QAEPAUHWND__@@PAU3@V_U_RECT@2@PB_WKKV_U_MENUorID@2@GPAX@Z 1000a3ba f i SmartCardRW.obj
 0001:00009456       ?copy@?$_Copy@UtagCONNECTDATA@@@ATL@@SAJPAUtagCONNECTDATA@@PBU3@@Z 1000a456 f i SmartCardRW.obj
 0001:0000948c       ?copy@?$_CopyInterface@UIConnectionPoint@@@ATL@@SAJPAPAUIConnectionPoint@@PBQAU3@@Z 1000a48c f i SmartCardRW.obj
 0001:000094ba       ?memcpy_s@Checked@ATL@@YAXPAXIPBXI@Z 1000a4ba f i SmartCardRW.obj
 0001:000094d9       ?ocscpy_s@@YA_NPA_WIPB_W@Z 1000a4d9 f i SmartCardRW.obj
 0001:00009523       ?wcscpy_s@Checked@ATL@@YAXPA_WIPB_W@Z 1000a523 f i SmartCardRW.obj
 0001:0000953f       _DllCanUnloadNow@0         1000a53f f   SmartCardRW.obj
 0001:0000954b       _DllGetClassObject@12      1000a54b f   SmartCardRW.obj
 0001:00009559       _DllMain@12                1000a559 f   SmartCardRW.obj
 0001:0000959b       _DllRegisterServer@0       1000a59b f   SmartCardRW.obj
 0001:000095aa       _DllUnregisterServer@0     1000a5aa f   SmartCardRW.obj
 0001:000095b9       _InlineIsEqualGUID         1000a5b9 f i SmartCardRW.obj
 0001:000095e9       ___local_stdio_printf_options 1000a5e9 f i SmartCardRW.obj
 0001:000095ef       __vswprintf_s_l            1000a5ef f i SmartCardRW.obj
 0001:0000969c       _swprintf_s                1000a69c f i SmartCardRW.obj
 0001:000096b8       ??0?$CComControl@VCOPOSSmartCardRW@@V?$CWindowImpl@VCOPOSSmartCardRW@@VCWindow@ATL@@V?$CWinTraits@$0FGAAAAAA@$0A@@3@@ATL@@@ATL@@QAE@XZ 1000a6b8 f i SmartCardRWImpl.obj
 0001:000096df       ??0?$CProxy_IOPOSEvents@VCOPOSSmartCardRW@@@@QAE@XZ 1000a6df f i SmartCardRWImpl.obj
 0001:00009702       ??0CComControlBase@ATL@@QAE@AAPAUHWND__@@@Z 1000a702 f i SmartCardRWImpl.obj
 0001:00009752       ??0COPOSSmartCardRW@@QAE@XZ 1000a752 f   SmartCardRWImpl.obj
 0001:00009788       ??1?$CComControl@VCOPOSSmartCardRW@@V?$CWindowImpl@VCOPOSSmartCardRW@@VCWindow@ATL@@V?$CWinTraits@$0FGAAAAAA@$0A@@3@@ATL@@@ATL@@UAE@XZ 1000a788 f i SmartCardRWImpl.obj
 0001:000097a1       ??1?$IConnectionPointImpl@VCOPOSSmartCardRW@@$1?DIID__IOPOSSmartCardRWEvents@@3U_GUID@@BVCComDynamicUnkArray@ATL@@@ATL@@QAE@XZ 1000a7a1 f i SmartCardRWImpl.obj
 0001:000097a1       ??1?$IConnectionPointImpl@VCOPOSSmartCardRW@@$1?IID_IPropertyNotifySink@@3U_GUID@@BVCComDynamicUnkArray@ATL@@@ATL@@QAE@XZ 1000a7a1 f i SmartCardRWImpl.obj
 0001:000097de       ??1CComControlBase@ATL@@UAE@XZ 1000a7de f i SmartCardRWImpl.obj
 0001:00009841       ??1COPOSSmartCardRW@@UAE@XZ 1000a841 f   SmartCardRWImpl.obj
 0001:00009889       ?BeginInsertion@COPOSSmartCardRW@@UAGJJPAJ@Z 1000a889 f   SmartCardRWImpl.obj
 0001:000098d8       ?BeginRemoval@COPOSSmartCardRW@@UAGJJPAJ@Z 1000a8d8 f   SmartCardRWImpl.obj
 0001:00009927       ?CheckHealth@COPOSSmartCardRW@@UAGJJPAJ@Z 1000a927 f   SmartCardRWImpl.obj
 0001:00009976       ?ClaimDevice@COPOSSmartCardRW@@UAGJJPAJ@Z 1000a976 f   SmartCardRWImpl.obj
 0001:000099eb       ?ClearInput@COPOSSmartCardRW@@UAGJPAJ@Z 1000a9eb f   SmartCardRWImpl.obj
 0001:00009a06       ?ClearInputProperties@COPOSSmartCardRW@@UAGJPAJ@Z 1000aa06 f   SmartCardRWImpl.obj
 0001:00009a21       ?ClearOutput@COPOSSmartCardRW@@UAGJPAJ@Z 1000aa21 f   SmartCardRWImpl.obj
 0001:00009a3c       ?Close@COPOSSmartCardRW@@UAGJPAJ@Z 1000aa3c f   SmartCardRWImpl.obj
 0001:00009aaa       ?CompareFirmwareVersion@COPOSSmartCardRW@@UAGJPA_WPAJ1@Z 1000aaaa f   SmartCardRWImpl.obj
 0001:00009b2a       ?DirectIO@COPOSSmartCardRW@@UAGJJPAJPAPA_W0@Z 1000ab2a f   SmartCardRWImpl.obj
 0001:00009bd8       ?DoInvoke@COPOSSmartCardRW@@IAEJJPAVOposVariant@@IHPAJ_N@Z 1000abd8 f   SmartCardRWImpl.obj
 0001:00009cb4       ?EndInsertion@COPOSSmartCardRW@@UAGJPAJ@Z 1000acb4 f   SmartCardRWImpl.obj
 0001:00009ccf       ?EndRemoval@COPOSSmartCardRW@@UAGJPAJ@Z 1000accf f   SmartCardRWImpl.obj
 0001:00009cea       ?EventClose@COPOSSmartCardRW@@IAEXXZ 1000acea f i SmartCardRWImpl.obj
 0001:00009d1d       ?EventInit@COPOSSmartCardRW@@IAEJXZ 1000ad1d f i SmartCardRWImpl.obj
 0001:00009de9       ?EventUninit@COPOSSmartCardRW@@IAEXXZ 1000ade9 f i SmartCardRWImpl.obj
 0001:00009e3b       ?EventWindowProc@COPOSSmartCardRW@@IAGJIIJ@Z 1000ae3b f i SmartCardRWImpl.obj
 0001:00009f39       ?FinalConstruct@COPOSSmartCardRW@@QAEJXZ 1000af39 f   SmartCardRWImpl.obj
 0001:00009f72       ?FireEventCleanup@COPOSSmartCardRW@@IAEXXZ 1000af72 f i SmartCardRWImpl.obj
 0001:00009f88       ?FireEventSetup@COPOSSmartCardRW@@IAE_NXZ 1000af88 f i SmartCardRWImpl.obj
 0001:00009fbc       ?FreezeEvents@COPOSSmartCardRW@@MAGJH@Z 1000afbc f   SmartCardRWImpl.obj
 0001:0000a01c       ?GetOposProp@COPOSSmartCardRW@@IAEJJPAFJ@Z 1000b01c f   SmartCardRWImpl.obj
 0001:0000a03f       ?GetOposProp@COPOSSmartCardRW@@IAEJJPAJJ@Z 1000b03f f   SmartCardRWImpl.obj
 0001:0000a10e       ?GetOposProp@COPOSSmartCardRW@@IAEJJPAPA_WJ@Z 1000b10e f   SmartCardRWImpl.obj
 0001:0000a1ea       ?OnDraw@COPOSSmartCardRW@@MAEJAAUATL_DRAWINFO@@@Z 1000b1ea f   SmartCardRWImpl.obj
 0001:0000a28a       ?Open@COPOSSmartCardRW@@UAGJPA_WPAJ@Z 1000b28a f   SmartCardRWImpl.obj
 0001:0000aad1       ?ReadData@COPOSSmartCardRW@@UAGJJPAJPAPA_W0@Z 1000bad1 f   SmartCardRWImpl.obj
 0001:0000ab7f       ?ReleaseDevice@COPOSSmartCardRW@@UAGJPAJ@Z 1000bb7f f   SmartCardRWImpl.obj
 0001:0000abce       ?ResetStatistics@COPOSSmartCardRW@@UAGJPA_WPAJ@Z 1000bbce f   SmartCardRWImpl.obj
 0001:0000ac25       ?RetrieveStatistics@COPOSSmartCardRW@@UAGJPAPA_WPAJ@Z 1000bc25 f   SmartCardRWImpl.obj
 0001:0000ac7c       ?SOProcessID@COPOSSmartCardRW@@UAGJPAJ@Z 1000bc7c f   SmartCardRWImpl.obj
 0001:0000ac90       ?SetCOFreezeEvents@COPOSSmartCardRW@@IAEXF@Z 1000bc90 f   SmartCardRWImpl.obj
 0001:0000ad30       ?SetOposProp@COPOSSmartCardRW@@IAEJJJJ@Z 1000bd30 f   SmartCardRWImpl.obj
 0001:0000ae27       ?UpdateFirmware@COPOSSmartCardRW@@UAGJPA_WPAJ@Z 1000be27 f   SmartCardRWImpl.obj
 0001:0000ae7e       ?UpdateStatistics@COPOSSmartCardRW@@UAGJPA_WPAJ@Z 1000be7e f   SmartCardRWImpl.obj
 0001:0000aed5       ?WriteData@COPOSSmartCardRW@@UAGJJJPA_WPAJ@Z 1000bed5 f   SmartCardRWImpl.obj
 0001:0000af79       ?get_BinaryConversion@COPOSSmartCardRW@@UAGJPAJ@Z 1000bf79 f   SmartCardRWImpl.obj
 0001:0000af8f       ?get_CapCardErrorDetection@COPOSSmartCardRW@@UAGJPAF@Z 1000bf8f f   SmartCardRWImpl.obj
 0001:0000afa8       ?get_CapCompareFirmwareVersion@COPOSSmartCardRW@@UAGJPAF@Z 1000bfa8 f   SmartCardRWImpl.obj
 0001:0000afc1       ?get_CapInterfaceMode@COPOSSmartCardRW@@UAGJPAJ@Z 1000bfc1 f   SmartCardRWImpl.obj
 0001:0000afda       ?get_CapIsoEmvMode@COPOSSmartCardRW@@UAGJPAJ@Z 1000bfda f   SmartCardRWImpl.obj
 0001:0000aff3       ?get_CapPowerReporting@COPOSSmartCardRW@@UAGJPAJ@Z 1000bff3 f   SmartCardRWImpl.obj
 0001:0000b00c       ?get_CapSCPresentSensor@COPOSSmartCardRW@@UAGJPAJ@Z 1000c00c f   SmartCardRWImpl.obj
 0001:0000b025       ?get_CapSCSlots@COPOSSmartCardRW@@UAGJPAJ@Z 1000c025 f   SmartCardRWImpl.obj
 0001:0000b03e       ?get_CapStatisticsReporting@COPOSSmartCardRW@@UAGJPAF@Z 1000c03e f   SmartCardRWImpl.obj
 0001:0000b057       ?get_CapTransmissionProtocol@COPOSSmartCardRW@@UAGJPAJ@Z 1000c057 f   SmartCardRWImpl.obj
 0001:0000b070       ?get_CapUpdateFirmware@COPOSSmartCardRW@@UAGJPAF@Z 1000c070 f   SmartCardRWImpl.obj
 0001:0000b089       ?get_CapUpdateStatistics@COPOSSmartCardRW@@UAGJPAF@Z 1000c089 f   SmartCardRWImpl.obj
 0001:0000b0a2       ?get_CheckHealthText@COPOSSmartCardRW@@UAGJPAPA_W@Z 1000c0a2 f   SmartCardRWImpl.obj
 0001:0000b0bb       ?get_Claimed@COPOSSmartCardRW@@UAGJPAF@Z 1000c0bb f   SmartCardRWImpl.obj
 0001:0000b0d1       ?get_ControlObjectDescription@COPOSSmartCardRW@@UAGJPAPA_W@Z 1000c0d1 f   SmartCardRWImpl.obj
 0001:0000b11f       ?get_ControlObjectVersion@COPOSSmartCardRW@@UAGJPAJ@Z 1000c11f f   SmartCardRWImpl.obj
 0001:0000b132       ?get_DataCount@COPOSSmartCardRW@@UAGJPAJ@Z 1000c132 f   SmartCardRWImpl.obj
 0001:0000b148       ?get_DataEventEnabled@COPOSSmartCardRW@@UAGJPAF@Z 1000c148 f   SmartCardRWImpl.obj
 0001:0000b15e       ?get_DeviceDescription@COPOSSmartCardRW@@UAGJPAPA_W@Z 1000c15e f   SmartCardRWImpl.obj
 0001:0000b177       ?get_DeviceEnabled@COPOSSmartCardRW@@UAGJPAF@Z 1000c177 f   SmartCardRWImpl.obj
 0001:0000b18d       ?get_DeviceName@COPOSSmartCardRW@@UAGJPAPA_W@Z 1000c18d f   SmartCardRWImpl.obj
 0001:0000b1a6       ?get_FreezeEvents@COPOSSmartCardRW@@UAGJPAF@Z 1000c1a6 f   SmartCardRWImpl.obj
 0001:0000b1bc       ?get_InterfaceMode@COPOSSmartCardRW@@UAGJPAJ@Z 1000c1bc f   SmartCardRWImpl.obj
 0001:0000b1d5       ?get_IsoEmvMode@COPOSSmartCardRW@@UAGJPAJ@Z 1000c1d5 f   SmartCardRWImpl.obj
 0001:0000b1ee       ?get_OpenResult@COPOSSmartCardRW@@UAGJPAJ@Z 1000c1ee f   SmartCardRWImpl.obj
 0001:0000b205       ?get_OutputID@COPOSSmartCardRW@@UAGJPAJ@Z 1000c205 f   SmartCardRWImpl.obj
 0001:0000b21b       ?get_PowerNotify@COPOSSmartCardRW@@UAGJPAJ@Z 1000c21b f   SmartCardRWImpl.obj
 0001:0000b231       ?get_PowerState@COPOSSmartCardRW@@UAGJPAJ@Z 1000c231 f   SmartCardRWImpl.obj
 0001:0000b247       ?get_ResultCode@COPOSSmartCardRW@@UAGJPAJ@Z 1000c247 f   SmartCardRWImpl.obj
 0001:0000b285       ?get_ResultCodeExtended@COPOSSmartCardRW@@UAGJPAJ@Z 1000c285 f   SmartCardRWImpl.obj
 0001:0000b29b       ?get_SCPresentSensor@COPOSSmartCardRW@@UAGJPAJ@Z 1000c29b f   SmartCardRWImpl.obj
 0001:0000b2b4       ?get_SCSlot@COPOSSmartCardRW@@UAGJPAJ@Z 1000c2b4 f   SmartCardRWImpl.obj
 0001:0000b2cd       ?get_ServiceObjectDescription@COPOSSmartCardRW@@UAGJPAPA_W@Z 1000c2cd f   SmartCardRWImpl.obj
 0001:0000b2e6       ?get_ServiceObjectVersion@COPOSSmartCardRW@@UAGJPAJ@Z 1000c2e6 f   SmartCardRWImpl.obj
 0001:0000b2fc       ?get_State@COPOSSmartCardRW@@UAGJPAJ@Z 1000c2fc f   SmartCardRWImpl.obj
 0001:0000b328       ?get_TransactionInProgress@COPOSSmartCardRW@@UAGJPAF@Z 1000c328 f   SmartCardRWImpl.obj
 0001:0000b341       ?get_TransmissionProtocol@COPOSSmartCardRW@@UAGJPAJ@Z 1000c341 f   SmartCardRWImpl.obj
 0001:0000b35a       ?put_BinaryConversion@COPOSSmartCardRW@@UAGJJ@Z 1000c35a f   SmartCardRWImpl.obj
 0001:0000b370       ?put_DataEventEnabled@COPOSSmartCardRW@@UAGJF@Z 1000c370 f   SmartCardRWImpl.obj
 0001:0000b38d       ?put_DeviceEnabled@COPOSSmartCardRW@@UAGJF@Z 1000c38d f   SmartCardRWImpl.obj
 0001:0000b3aa       ?put_FreezeEvents@COPOSSmartCardRW@@UAGJF@Z 1000c3aa f   SmartCardRWImpl.obj
 0001:0000b3f6       ?put_InterfaceMode@COPOSSmartCardRW@@UAGJJ@Z 1000c3f6 f   SmartCardRWImpl.obj
 0001:0000b40f       ?put_IsoEmvMode@COPOSSmartCardRW@@UAGJJ@Z 1000c40f f   SmartCardRWImpl.obj
 0001:0000b428       ?put_PowerNotify@COPOSSmartCardRW@@UAGJJ@Z 1000c428 f   SmartCardRWImpl.obj
 0001:0000b43e       ?put_SCSlot@COPOSSmartCardRW@@UAGJJ@Z 1000c43e f   SmartCardRWImpl.obj
 0001:0000b457       ?s_EventWindowProc@COPOSSmartCardRW@@KGJPAUHWND__@@IIJ@Z 1000c457 f i SmartCardRWImpl.obj
 0001:0000b4a9       ??_U@YAPAXI@Z              1000c4a9 f   LIBCMT:new_array.obj
 0001:0000b4b2       ??3@YAXPAXI@Z              1000c4b2 f   LIBCMT:delete_scalar_size.obj
 0001:0000b4c0       ??_V@YAXPAX@Z              1000c4c0 f   LIBCMT:delete_array.obj
 0001:0000b4c5       ??_V@YAXPAXI@Z             1000c4c5 f   LIBCMT:delete_array_size.obj
 0001:0000b517       ___scrt_acquire_startup_lock 1000c517 f   LIBCMT:utility.obj
 0001:0000b549       ___scrt_dllmain_after_initialize_c 1000c549 f   LIBCMT:utility.obj
 0001:0000b574       ___scrt_dllmain_before_initialize_c 1000c574 f   LIBCMT:utility.obj
 0001:0000b582       ___scrt_dllmain_crt_thread_attach 1000c582 f   LIBCMT:utility.obj
 0001:0000b5a1       ___scrt_dllmain_crt_thread_detach 1000c5a1 f   LIBCMT:utility.obj
 0001:0000b5ae       ___scrt_dllmain_exception_filter 1000c5ae f   LIBCMT:utility.obj
 0001:0000b5e2       ___scrt_dllmain_uninitialize_c 1000c5e2 f   LIBCMT:utility.obj
 0001:0000b605       ___scrt_dllmain_uninitialize_critical 1000c605 f   LIBCMT:utility.obj
 0001:0000b612       ___scrt_initialize_crt     1000c612 f   LIBCMT:utility.obj
 0001:0000b64b       ___scrt_initialize_onexit_tables 1000c64b f   LIBCMT:utility.obj
 0001:0000b6d2       ___scrt_is_nonwritable_in_current_image 1000c6d2 f   LIBCMT:utility.obj
 0001:0000b766       ___scrt_release_startup_lock 1000c766 f   LIBCMT:utility.obj
 0001:0000b783       ___scrt_uninitialize_crt   1000c783 f   LIBCMT:utility.obj
 0001:0000b7ab       __onexit                   1000c7ab f   LIBCMT:utility.obj
 0001:0000b7d8       _atexit                    1000c7d8 f   LIBCMT:utility.obj
 0001:0000b7ed       ??3@YAXPAX@Z               1000c7ed f   LIBCMT:delete_scalar.obj
 0001:0000b8b7       __Init_thread_footer       1000c8b7 f   LIBCMT:thread_safe_statics.obj
 0001:0000b901       __Init_thread_header       1000c901 f   LIBCMT:thread_safe_statics.obj
[...]
 0002:00003670       ?_mb_locale_names@@3QBQB_WB 10023670     libucrt:mbctype.obj
 0002:00003eb8       ?LcidToLocaleNameTable@?A0x881e4c05@@3QBULcidToLocaleName@1@B 10023eb8     libucrt:lcidtoname_downlevel.obj
 0002:00004fe0       ?LocaleNameToIndexTable@?A0x881e4c05@@3QBULocaleNameIndex@1@B 10024fe0     libucrt:lcidtoname_downlevel.obj
 0002:00006920       LOG_name                   10026920     libucrt:log10_impl.obj
 0002:00006930       _One                       10026930     libucrt:ceil_pentium4.obj
 0002:00006940       _Bns                       10026940     libucrt:ceil_pentium4.obj
 0002:00006950       _Zero                      10026950     libucrt:ceil_pentium4.obj
 0002:00006960       _S                         10026960     libucrt:ceil_pentium4.obj
 0002:00006970       _NegZero                   10026970     libucrt:ceil_pentium4.obj
 0002:00006980       emask                      10026980     libucrt:log10_pentium4.obj
 0002:00006990       CC                         10026990     libucrt:log10_pentium4.obj
 0002:000069a0       Magic                      100269a0     libucrt:log10_pentium4.obj
 0002:000069b0       hi_mask                    100269b0     libucrt:log10_pentium4.obj
 0002:000069c0       LOG10_2                    100269c0     libucrt:log10_pentium4.obj
 0002:000069d0       place_L                    100269d0     libucrt:log10_pentium4.obj
 0002:000069f0       One                        100269f0     libucrt:log10_pentium4.obj
 0002:00006a00       Zero                       10026a00     libucrt:log10_pentium4.obj
 0002:00006a10       Two52                      10026a10     libucrt:log10_pentium4.obj
 0002:00006a20       Infs                       10026a20     libucrt:log10_pentium4.obj
 0002:00006a30       NaN                        10026a30     libucrt:log10_pentium4.obj
 0002:00006a40       coeff                      10026a40     libucrt:log10_pentium4.obj
 0002:00006a9e       _log2max                   10026a9e     libucrt:87tran.obj
 0002:00006aa8       _smallarg                  10026aa8     libucrt:87tran.obj
 0002:00006ab2       _half                      10026ab2     libucrt:87tran.obj
 0002:00006afe       One                        10026afe     libucrt:87disp.obj
 0002:00006b06       Three                      10026b06     libucrt:87disp.obj
 0002:00006b0e       XAMtoTagTab                10026b0e     libucrt:87disp.obj
 0002:00006b20       One                        10026b20     libucrt:common.obj
 0002:00006b34       DblMax                     10026b34     libucrt:common.obj
 0002:00006b3c       DblMin                     10026b3c     libucrt:common.obj
 0002:00006b44       IeeeAdjO                   10026b44     libucrt:common.obj
 0002:00006b4c       IeeeAdjU                   10026b4c     libucrt:common.obj
 0002:00006b54       _infinity                  10026b54     libucrt:common.obj
 0002:00006b5c       _zero                      10026b5c     libucrt:common.obj
 0002:00006ba8       _over                      10026ba8     libucrt:fpctrl.obj
 0002:00006bb4       _under                     10026bb4     libucrt:fpctrl.obj
 0002:000073e8       ?_names@?1??_get_fname@@9@9 100273e8     libucrt:fpexcept.obj
 0002:00007590       two32                      10027590     LIBCMT:ftol2.obj
 0002:00007594       two63                      10027594     LIBCMT:ftol2.obj
 0002:00007598       _NaN                       10027598     LIBCMT:ftol2.obj
 0002:00007c68       __sehtable$?_AtlVerifyStackAvailable@_ATL_SAFE_ALLOCA_IMPL@ATL@@YA_NK@Z 10027c68     SmartCardRW.obj
 0002:00007c88       __sehtable$___scrt_is_nonwritable_in_current_image 10027c88     LIBCMT:utility.obj
 0002:00007ca4       __catchsym$??2@YAPAXIABUnothrow_t@std@@@Z$2 10027ca4     LIBCMT:new_scalar_nothrow.obj
 0002:00007cb4       __unwindtable$??2@YAPAXIABUnothrow_t@std@@@Z 10027cb4     LIBCMT:new_scalar_nothrow.obj
 0002:00007cc4       __tryblocktable$??2@YAPAXIABUnothrow_t@std@@@Z 10027cc4     LIBCMT:new_scalar_nothrow.obj
 0002:00007cd8       __ehfuncinfo$??2@YAPAXIABUnothrow_t@std@@@Z 10027cd8     LIBCMT:new_scalar_nothrow.obj
 0002:00007d00       __sehtable$?dllmain_crt_process_attach@@YAHQAUHINSTANCE__@@QAX@Z 10027d00     LIBCMT:dll_dllmain.obj
 0002:00007d20       __sehtable$?dllmain_crt_process_detach@@YAH_N@Z 10027d20     LIBCMT:dll_dllmain.obj
 0002:00007d48       __sehtable$?dllmain_dispatch@@YAHQAUHINSTANCE__@@KQAX@Z 10027d48     LIBCMT:dll_dllmain.obj
 0002:00007df8       __sehtable$___DestructExceptionObject 10027df8     libvcruntime:ehhelpers.obj
 0002:00007e18       __sehtable$?FrameUnwindToState@__FrameHandler3@@SAXPAUEHRegistrationNode@@PAXPBU_s_FuncInfo@@H@Z 10027e18     libvcruntime:frame.obj
 0002:00007e40       __sehtable$?CallCatchBlock@@YAPAXPAUEHExceptionRecord@@PAUEHRegistrationNode@@PAU_CONTEXT@@PBU_s_FuncInfo@@PAXHK@Z 10027e40     libvcruntime:frame.obj
 0002:00007e68       __catchsym$?CallUnexpected@@YAXPBU_s_ESTypeList@@@Z$2 10027e68     libvcruntime:frame.obj
 0002:00007e78       __unwindtable$?CallUnexpected@@YAXPBU_s_ESTypeList@@@Z 10027e78     libvcruntime:frame.obj
 0002:00007e88       __tryblocktable$?CallUnexpected@@YAXPBU_s_ESTypeList@@@Z 10027e88     libvcruntime:frame.obj
 0002:00007e9c       __ehfuncinfo$?CallUnexpected@@YAXPBU_s_ESTypeList@@@Z 10027e9c     libvcruntime:frame.obj
 0002:00007ec0       __sehtable$??$BuildCatchObjectHelperInternal@V__FrameHandler3@@@@YAHPAUEHExceptionRecord@@PAXPBU_s_HandlerType@@PBU_s_CatchableType@@@Z 10027ec0     libvcruntime:frame.obj
 0002:00007ee0       __sehtable$??$BuildCatchObjectInternal@V__FrameHandler3@@@@YAXPAUEHExceptionRecord@@PAXPBU_s_HandlerType@@PBU_s_CatchableType@@@Z 10027ee0     libvcruntime:frame.obj
 0002:00007f38       __sehtable$??R<lambda_6e4b09c48022b2350581041d5f6b0c4c>@@QBE@XZ 10027f38     libucrt:exit.obj
 0002:00007f58       __sehtable$??$?RV<lambda_03b1d95aef87969028cfba75ccab2455>@@AAV<lambda_6e4b09c48022b2350581041d5f6b0c4c>@@V<lambda_22bdf7517842c4b3e53723af5aa32b9e>@@@?$__crt_seh_guarded_call@X@@QAEX$$QAV<lambda_03b1d95aef87969028cfba75ccab2455>@@AAV<lambda_6e4b09c48022b2350581041d5f6b0c4c>@@$$QAV<lambda_22bdf7517842c4b3e53723af5aa32b9e>@@@Z 10027f58     libucrt:exit.obj
 0002:00007f78       __sehtable$??$?RV<lambda_8e746cf0007f6ed984d6f78af1fec997>@@AAV<lambda_22ebabd17bc4fa466a2aca6d8deb888d>@@V<lambda_18ed0c0b38a6dc0daf1e7ac6d6adf05e>@@@?$__crt_seh_guarded_call@H@@QAEH$$QAV<lambda_8e746cf0007f6ed984d6f78af1fec997>@@AAV<lambda_22ebabd17bc4fa466a2aca6d8deb888d>@@$$QAV<lambda_18ed0c0b38a6dc0daf1e7ac6d6adf05e>@@@Z 10027f78     libucrt:onexit.obj
 0002:00007f98       __sehtable$??$?RV<lambda_69a2805e680e0e292e8ba93315fe43a8>@@AAV<lambda_f03950bc5685219e0bcd2087efbe011e>@@V<lambda_03fcd07e894ec930e3f35da366ca99d6>@@@?$__crt_seh_guarded_call@H@@QAEH$$QAV<lambda_69a2805e680e0e292e8ba93315fe43a8>@@AAV<lambda_f03950bc5685219e0bcd2087efbe011e>@@$$QAV<lambda_03fcd07e894ec930e3f35da366ca99d6>@@@Z 10027f98     libucrt:onexit.obj
 0002:00007fb8       __sehtable$__query_new_handler 10027fb8     libucrt:new_handler.obj
 0002:00007fd8       __sehtable$_terminate      10027fd8     libucrt:terminate.obj
 0002:00007ff8       __sehtable$??$?RV<lambda_15ade71b0218206bbe3333a0c9b79046>@@AAV<lambda_da44e0f8b0f19ba52fefafb335991732>@@V<lambda_207f2d024fc103971653565357d6cd41>@@@?$__crt_seh_guarded_call@X@@QAEX$$QAV<lambda_15ade71b0218206bbe3333a0c9b79046>@@AAV<lambda_da44e0f8b0f19ba52fefafb335991732>@@$$QAV<lambda_207f2d024fc103971653565357d6cd41>@@@Z 10027ff8     libucrt:per_thread_data.obj
 0002:00008018       __sehtable$??$?RV<lambda_a7e850c220f1c8d1e6efeecdedd162c6>@@AAV<lambda_46720907175c18b6c9d2717bc0d2d362>@@V<lambda_9048902d66e8d99359bc9897bbb930a8>@@@?$__crt_seh_guarded_call@X@@QAEX$$QAV<lambda_a7e850c220f1c8d1e6efeecdedd162c6>@@AAV<lambda_46720907175c18b6c9d2717bc0d2d362>@@$$QAV<lambda_9048902d66e8d99359bc9897bbb930a8>@@@Z 10028018     libucrt:per_thread_data.obj
 0002:00008038       __sehtable$??$?RV<lambda_38edbb1296d33220d7e4dd0ed76b244a>@@AAV<lambda_5ce1d447e08cb34b2473517608e21441>@@V<lambda_fb385d3da700c9147fc39e65dd577a8c>@@@?$__crt_seh_guarded_call@X@@QAEX$$QAV<lambda_38edbb1296d33220d7e4dd0ed76b244a>@@AAV<lambda_5ce1d447e08cb34b2473517608e21441>@@$$QAV<lambda_fb385d3da700c9147fc39e65dd577a8c>@@@Z 10028038     libucrt:per_thread_data.obj
 0002:00008058       __sehtable$??$?RV<lambda_6affb1475c98b40b75cdec977db92e3c>@@AAV<lambda_b8d4b9c228a6ecc3f80208dbb4b4a104>@@V<lambda_608742c3c92a14382c1684fc64f96c88>@@@?$__crt_seh_guarded_call@X@@QAEX$$QAV<lambda_6affb1475c98b40b75cdec977db92e3c>@@AAV<lambda_b8d4b9c228a6ecc3f80208dbb4b4a104>@@$$QAV<lambda_608742c3c92a14382c1684fc64f96c88>@@@Z 10028058     libucrt:per_thread_data.obj
 0002:00008078       __sehtable$??$?RV<lambda_e5124f882df8998aaf41531e079ba474>@@AAV<lambda_3e16ef9562a7dcce91392c22ab16ea36>@@V<lambda_e25ca0880e6ef98be67edffd8c599615>@@@?$__crt_seh_guarded_call@X@@QAEX$$QAV<lambda_e5124f882df8998aaf41531e079ba474>@@AAV<lambda_3e16ef9562a7dcce91392c22ab16ea36>@@$$QAV<lambda_e25ca0880e6ef98be67edffd8c599615>@@@Z 10028078     libucrt:wsetlocale.obj
 0002:00008098       __sehtable$___acrt_initialize_lowio 10028098     libucrt:ioinit.obj
 0002:000080b8       __sehtable$?update_thread_multibyte_data_internal@@YAPAU__crt_multibyte_data@@QAU__acrt_ptd@@QAPAU1@@Z 100280b8     libucrt:mbctype.obj
 0002:000080d8       __sehtable$??$?RV<lambda_ceb1ee4838e85a9d631eb091e2fbe199>@@AAV<lambda_ae742caa10f662c28703da3d2ea5e57e>@@V<lambda_cd08b5d6af4937fe54fc07d0c9bf6b37>@@@?$__crt_seh_guarded_call@X@@QAEX$$QAV<lambda_ceb1ee4838e85a9d631eb091e2fbe199>@@AAV<lambda_ae742caa10f662c28703da3d2ea5e57e>@@$$QAV<lambda_cd08b5d6af4937fe54fc07d0c9bf6b37>@@@Z 100280d8     libucrt:mbctype.obj
 0002:000080f8       __sehtable$_raise          100280f8     libucrt:signal.obj
 0002:00008118       __sehtable$??$?RV<lambda_cbab9ec6f41b0180b23cc171c22676b0>@@AAV<lambda_44731a7d0e6d81c3e6aa82d741081786>@@V<lambda_4b292cb8dd18144e164572427af410ab>@@@?$__crt_seh_guarded_call@P6AXH@Z@@QAEP6AXH@Z$$QAV<lambda_cbab9ec6f41b0180b23cc171c22676b0>@@AAV<lambda_44731a7d0e6d81c3e6aa82d741081786>@@$$QAV<lambda_4b292cb8dd18144e164572427af410ab>@@@Z 10028118     libucrt:signal.obj
 0002:00008138       __sehtable$??$?RV<lambda_2866be3712abc81a800a822484c830d8>@@AAV<lambda_39ca0ed439415581b5b15c265174cece>@@V<lambda_2b24c74d71094a6cd0cb82e44167d71b>@@@?$__crt_seh_guarded_call@X@@QAEX$$QAV<lambda_2866be3712abc81a800a822484c830d8>@@AAV<lambda_39ca0ed439415581b5b15c265174cece>@@$$QAV<lambda_2b24c74d71094a6cd0cb82e44167d71b>@@@Z 10028138     libucrt:fflush.obj
 0002:00008158       __sehtable$??$?RV<lambda_2cc53f568c5a2bb6f192f930a45d44ea>@@AAV<lambda_ab61a845afdef5b7c387490eaf3616ee>@@V<lambda_c2ffc0b7726aa6be21d5f0026187e748>@@@?$__crt_seh_guarded_call@X@@QAEX$$QAV<lambda_2cc53f568c5a2bb6f192f930a45d44ea>@@AAV<lambda_ab61a845afdef5b7c387490eaf3616ee>@@$$QAV<lambda_c2ffc0b7726aa6be21d5f0026187e748>@@@Z 10028158     libucrt:fflush.obj
 0002:00008178       __sehtable$___acrt_update_thread_locale_data 10028178     libucrt:locale_refcounting.obj
 0002:00008198       __sehtable$__fcloseall     10028198     libucrt:closeall.obj
 0002:000081b8       __sehtable$___acrt_lowio_ensure_fh_exists 100281b8     libucrt:osfinfo.obj
 0002:000081d8       __sehtable$??$?RV<lambda_9e9de3de5fa147e2223d7db92bc10aa6>@@AAV<lambda_38ce7e780aa69e748d6df282ebc68efe>@@V<lambda_8ca6da459f0f6780f1cff60fdc3d00e5>@@@?$__crt_seh_guarded_call@H@@QAEH$$QAV<lambda_9e9de3de5fa147e2223d7db92bc10aa6>@@AAV<lambda_38ce7e780aa69e748d6df282ebc68efe>@@$$QAV<lambda_8ca6da459f0f6780f1cff60fdc3d00e5>@@@Z 100281d8     libucrt:commit.obj
 0002:000081f8       __sehtable$__write         100281f8     libucrt:write.obj
 0002:00008218       __sehtable$_fclose         10028218     libucrt:fclose.obj
 0002:00008238       __sehtable$??$?RV<lambda_218ce3db14220d0be481dae8ef3383b6>@@AAV<lambda_628dfdc04ba53c8bfc02c9951375f3f5>@@V<lambda_57dc472bd5c9d5f3b2cbca59b8a843ae>@@@?$__crt_seh_guarded_call@H@@QAEH$$QAV<lambda_218ce3db14220d0be481dae8ef3383b6>@@AAV<lambda_628dfdc04ba53c8bfc02c9951375f3f5>@@$$QAV<lambda_57dc472bd5c9d5f3b2cbca59b8a843ae>@@@Z 10028238     libucrt:close.obj
 0002:00008258       __sehtable$___set_fpsr_sse2 10028258     libucrt:fpctrl.obj
 0002:00008278       __sehtable$__IsNonwritableInCurrentImage 10028278     LIBCMT:pesect.obj
 0002:000082a0       .edata                     100282a0     OPOSSmartCardRW.exp
 0002:000082c8       rgpv                       100282c8     OPOSSmartCardRW.exp
 0002:000082d8       rgszName                   100282d8     OPOSSmartCardRW.exp
 0002:000082e8       rgwOrd                     100282e8     OPOSSmartCardRW.exp
 0002:000082f0       szName                     100282f0     OPOSSmartCardRW.exp
 0002:00008304       $N00001                    10028304     OPOSSmartCardRW.exp
 0002:00008314       $N00002                    10028314     OPOSSmartCardRW.exp
 0002:00008326       $N00003                    10028326     OPOSSmartCardRW.exp
 0002:00008338       $N00004                    10028338     OPOSSmartCardRW.exp
 0002:00008946       .idata$6                   10028946     kernel32:KERNEL32.dll
 0002:00008b5a       .idata$6                   10028b5a     user32:USER32.dll
 0002:00008c8e       .idata$6                   10028c8e     gdi32:GDI32.dll
 0002:00008d34       .idata$6                   10028d34     advapi32:ADVAPI32.dll
 0002:00008e50       .idata$6                   10028e50     ole32:ole32.dll
 0002:00008e5a       .idata$6                   10028e5a     oleaut32:OLEAUT32.dll
 0003:00000110       ?ObjectMap@@3PAU_ATL_OBJMAP_ENTRY30@ATL@@A 1002a110     SmartCardRW.obj
 0003:000001d0       ?s_SOMethodNames@@3PAPADA  1002a1d0     SmartCardRWImpl.obj
 0003:00000238       ?s_RequiredMethodsPerRelease@@3PAHA 1002a238     SmartCardRWImpl.obj
 0003:00000260       ?__vcrt_flsindex@@3KA      1002a260     libvcruntime:per_thread_data.obj
 0003:00000280       ?errno_no_memory@@3HA      1002a280     libucrt:errno.obj
 0003:00000284       ?doserrno_no_memory@@3KA   1002a284     libucrt:errno.obj
 0003:00000290       ?__acrt_flsindex@@3KA      1002a290     libucrt:per_thread_data.obj
 0003:00000628       __mbctypes                 1002a628     libucrt:mbctype.obj
 0003:00000730       __mbcasemaps               1002a730     libucrt:mbctype.obj
 0003:00000830       ?__rgctypeflag@@3PADA      1002a830     libucrt:mbctype.obj
 0003:00000838       ?__rgcode_page_info@@3PAUcode_page_info@@A 1002a838     libucrt:mbctype.obj
 0003:00000a90       ?__dcrt_lowio_console_output_handle@@3PAXA 1002aa90     libucrt:initcon.obj
 0003:00000a94       ?__DAZ_ENABLED@?1??__set_fpsr_sse2@@9@9 1002aa94     libucrt:fpctrl.obj
 0003:00000c28       ?is_initialized_as_dll@@3_NA 1002ac28     LIBCMT:utility.obj
 0003:00000c29       ?module_local_atexit_table_initialized@@3_NA 1002ac29     LIBCMT:utility.obj
 0003:00000c2c       ?module_local_atexit_table@@3U_onexit_table_t@@A 1002ac2c     LIBCMT:utility.obj
 0003:00000c38       ?module_local_at_quick_exit_table@@3U_onexit_table_t@@A 1002ac38     LIBCMT:utility.obj
 0003:00000c44       ?g_tss_cv@@3U_RTL_CONDITION_VARIABLE@@A 1002ac44     LIBCMT:thread_safe_statics.obj
 0003:00000c48       ?g_tss_event@@3PAXA        1002ac48     LIBCMT:thread_safe_statics.obj
 0003:00000c4c       ?g_tss_mutex@@3U_RTL_CRITICAL_SECTION@@A 1002ac4c     LIBCMT:thread_safe_statics.obj
 0003:00000c64       ?g_sleep_condition_variable_cs@@3P6GHPAU_RTL_CONDITION_VARIABLE@@PAU_RTL_CRITICAL_SECTION@@K@ZA 1002ac64     LIBCMT:thread_safe_statics.obj
 0003:00000c68       ?g_wake_all_condition_variable@@3P6GXPAU_RTL_CONDITION_VARIABLE@@@ZA 1002ac68     LIBCMT:thread_safe_statics.obj
 0003:00000c70       _GS_ExceptionRecord        1002ac70     LIBCMT:gs_report.obj
 0003:00000cc0       _GS_ContextRecord          1002acc0     LIBCMT:gs_report.obj
 0003:00000f90       ?__proc_attached@@3HA      1002af90     LIBCMT:dll_dllmain.obj
 0003:00000ff4       ?AllocateData@@3P6GPAUAtlThunkData_t@@XZA 1002aff4     atls:atlthunk.obj
 0003:00000ff8       ?InitData@@3P6GXPAUAtlThunkData_t@@PAXI@ZA 1002aff8     atls:atlthunk.obj
 0003:00000ffc       ?DataToCode@@3P6GP6GJPAUHWND__@@IIJ@ZPAUAtlThunkData_t@@@ZA 1002affc     atls:atlthunk.obj
 0003:00001000       ?FreeData@@3P6GXPAUAtlThunkData_t@@@ZA 1002b000     atls:atlthunk.obj
 0003:00001004       ?Initialized@@3_NA         1002b004     atls:atlthunk.obj
 0003:00001014       ?__vcrt_startup_thread_ptd@@3U__vcrt_ptd@@A 1002b014     libvcruntime:per_thread_data.obj
 0003:0000103c       ___vcrt_lock_table         1002b03c     libvcruntime:locks.obj
 0003:00001054       ___vcrt_locks_initialized  1002b054     libvcruntime:locks.obj
 0003:00001080       ?heap@@3V_HeapManager@@A   1002b080     libvcruntime:undname.obj
 0003:00001094       ?module_handles@@3PAPAUHINSTANCE__@@A 1002b094     libvcruntime:winapi_downlevel.obj
 0003:000010a0       ?function_pointers@@3PAPAXA 1002b0a0     libvcruntime:winapi_downlevel.obj
 0003:000010b4       ?__acrt_invalid_parameter_handler@@3V?$dual_state_global@P6AXPB_W00II@Z@__crt_state_management@@A 1002b0b4     libucrt:invalid_parameter.obj
 0003:000010b8       ?c_termination_complete@@3JA 1002b0b8     libucrt:exit.obj
 0003:000010bc       ?thread_local_exit_callback_func@@3P6GXPAXK0@ZA 1002b0bc     libucrt:exit.obj
 0003:000010c8       ?program_name@?1???$common_configure_argv@D@@YAHW4_crt_argv_mode@@@Z@4PADA 1002b0c8     libucrt:argv_parsing.obj
 0003:000011f8       ?__acrt_new_handler@@3V?$dual_state_global@P6AHI@Z@__crt_state_management@@A 1002b1f8     libucrt:new_handler.obj
 0003:00001200       ?module_handles@@3PAPAUHINSTANCE__@@A 1002b200     libucrt:winapi_thunks.obj
 0003:00001250       ?encoded_function_pointers@@3PAPAXA 1002b250     libucrt:winapi_thunks.obj
 0003:000012d8       ?internal_state@?1??_mbtowc_l@@9@4U_Mbstatet@@A 1002b2d8     libucrt:mbtowc.obj
 0003:000012e8       ?enable_percent_n@@3IA     1002b2e8     libucrt:printf_count_output.obj
 0003:00001508       ?__acrt_lock_table@@3PAU_RTL_CRITICAL_SECTION@@A 1002b508     libucrt:locks.obj
 0003:00001658       ?__acrt_locks_initialized@@3IA 1002b658     libucrt:locks.obj
 0003:00001668       ?fSystemSet@@3HA           1002b668     libucrt:mbctype.obj
 0003:0000166c       ?initialized@?1??__acrt_initialize_multibyte@@9@4_NA 1002b66c     libucrt:mbctype.obj
 0003:0000168c       ?ctrlc_action@@3V?$dual_state_global@P6AXH@Z@__crt_state_management@@A 1002b68c     libucrt:signal.obj
 0003:00001690       ?ctrlbreak_action@@3V?$dual_state_global@P6AXH@Z@__crt_state_management@@A 1002b690     libucrt:signal.obj
 0003:00001694       ?abort_action@@3V?$dual_state_global@P6AXH@Z@__crt_state_management@@A 1002b694     libucrt:signal.obj
 0003:00001698       ?term_action@@3V?$dual_state_global@P6AXH@Z@__crt_state_management@@A 1002b698     libucrt:signal.obj
 0003:0000169c       ?user_matherr@@3V?$dual_state_global@P6AHPAU_exception@@@Z@__crt_state_management@@A 1002b69c     libucrt:matherr.obj
 0003:000016a0       ?__acrt_global_new_mode@@3V?$dual_state_global@J@__crt_state_management@@A 1002b6a0     libucrt:new_mode.obj
 0003:000016ac       ?internal_pst@?1??__mbrtoc32_utf8@__crt_mbstring@@YAIPA_UPBDIPAU_Mbstatet@@@Z@4U3@A 1002b6ac     libucrt:mbrtoc32.obj
 0003:000016b4       ?__acrt_app_type@@3W4_crt_app_type@@A 1002b6b4     libucrt:report_runtime_error.obj
 0003:000016bc       __pmatherr_set             1002b6bc     libucrt:libm_error.obj
 0004:00000220       $R000000                   1002c220     SmartCardRW.res
 0004:00000bc0       $R0009A0                   1002cbc0     SmartCardRW.res
 0004:00000ca8       $R000A88                   1002cca8     SmartCardRW.res
 0004:00000f10       $R000CF0                   1002cf10     SmartCardRW.res
 0004:00001420       $R001200                   1002d420     SmartCardRW.res
 0004:00004458       $R004238                   10030458     SmartCardRW.res
 0004:00004490       $R004270                   10030490     SmartCardRW.res
