 OPOSElectronicJournal

 Timestamp is 5d429dc8 (Thu Aug  1 17:07:36 2019)

 Preferred load address is 10000000

 Start         Length     Name                   Class
 0001:00000000 00000080H .text$di                CODE
 0001:00000080 0001dd13H .text$mn                CODE
 0001:0001dd93 00000036H .text$x                 CODE
 0001:0001ddc9 00000042H .text$yd                CODE
 0002:00000000 000002fcH .idata$5                DATA
 0002:000002fc 00000004H .00cfg                  DATA
 0002:00000300 00000004H .CRT$XCA                DATA
 0002:00000304 00000004H .CRT$XCL                DATA
 0002:00000308 00000010H .CRT$XCU                DATA
 0002:00000318 00000004H .CRT$XCZ                DATA
 0002:0000031c 00000004H .CRT$XIA                DATA
 0002:00000320 00000010H .CRT$XIC                DATA
 0002:00000330 00000004H .CRT$XIZ                DATA
 0002:00000334 00000004H .CRT$XLA                DATA
 0002:00000338 00000004H .CRT$XLZ                DATA
 0002:0000033c 00000004H .CRT$XPA                DATA
 0002:00000340 00000008H .CRT$XPX                DATA
 0002:00000348 00000004H .CRT$XPXA               DATA
 0002:0000034c 00000004H .CRT$XPZ                DATA
 0002:00000350 00000004H .CRT$XTA                DATA
 0002:00000354 0000000cH .CRT$XTZ                DATA
 0002:00000358 00000000H .gfids$y                DATA
 0002:00000360 00006f4cH .rdata                  DATA
 0002:000072ac 00000018H .rdata$T                DATA
 0002:000072c4 0000017cH .rdata$r                DATA
 0002:00007440 0000001cH .rdata$sxdata           DATA
 0002:0000745c 000003e4H .rdata$zzzdbg           DATA
 0002:00007840 00000004H .rtc$IAA                DATA
 0002:00007844 00000004H .rtc$IZZ                DATA
 0002:00007848 00000004H .rtc$TAA                DATA
 0002:0000784c 00000004H .rtc$TZZ                DATA
 0002:00007850 00000004H .tls                    DATA
 0002:00007854 00000004H .tls$                   DATA
 0002:00007858 00000008H .tls$ZZZ                DATA
 0002:00007860 00000604H .xdata$x                DATA
 0002:00007e64 00000004H ATL$__a                 DATA
 0002:00007e68 00000008H ATL$__z                 DATA
 0002:00007e70 000000b4H .edata                  DATA
 0002:00007f24 00000078H .idata$2                DATA
 0002:00007f9c 00000014H .idata$3                DATA
 0002:00007fb0 000002fcH .idata$4                DATA
 0002:000082ac 00000bc8H .idata$6                DATA
 0003:00000000 00000ad0H .data                   DATA
 0003:00000ad0 00000098H .data$r                 DATA
 0003:00000b68 00000b80H .bss                    DATA
 0004:00000000 00000220H .rsrc$01                DATA
 0004:00000220 00005070H .rsrc$02                DATA

  Address         Publics by Value              Rva+Base       Lib:Object

 0000:00000000       ___guard_fids_count        00000000     <absolute>
 0000:00000000       ___guard_iat_count         00000000     <absolute>
 0000:00000000       ___hybrid_code_map_count   00000000     <absolute>
 0000:00000000       ___dynamic_value_reloc_table 00000000     <absolute>
 0000:00000000       ___guard_longjmp_count     00000000     <absolute>
 0000:00000000       __except_list              00000000     <absolute>
 0000:00000000       ___guard_fids_table        00000000     <absolute>
 0000:00000000       ___guard_longjmp_table     00000000     <absolute>
 0000:00000000       ___hybrid_auxiliary_iat    00000000     <absolute>
 0000:00000000       ___guard_iat_table         00000000     <absolute>
 0000:00000000       ___volatile_metadata       00000000     <absolute>
 0000:00000000       ___enclave_config          00000000     <absolute>
 0000:00000000       ___AbsoluteZero            00000000     <absolute>
 0000:00000000       ___hybrid_code_map         00000000     <absolute>
 0000:00000007       ___safe_se_handler_count   00000007     <absolute>
 0000:0000002c       __tls_array                0000002c     <absolute>
 0000:00000100       ___guard_flags             00000100     <absolute>
 0000:00000000       ___ImageBase               10000000     <linker-defined>
 0001:00000080       ?DupWide@_CW@@AAEXXZ       10001080 f   CWString.obj
 0001:0000009c       ?cw_dup@@YGXPBDAAHAAPA_W1@Z 1000109c f   CWString.obj
 0001:0000010b       ?cw_memcpy@@YGHPA_WPBDH@Z  1000110b f   CWString.obj
 0001:00000137       ?cw_strcpy@@YAHPA_WPBD@Z   10001137 f   CWString.obj
 0001:0000014a       ?cw_strlen@@YAHPBD@Z       1000114a f   CWString.obj
 0001:00000163       ??0CAtlComModule@ATL@@QAE@XZ 10001163 f i OposVariant.obj
 0001:000001a8       ??0CAtlWinModule@ATL@@QAE@XZ 100011a8 f i OposVariant.obj
 0001:000001df       ??0OposDispParms@@QAE@PAVOposVariant@@H@Z 100011df f   OposVariant.obj
 0001:00000250       ??1OposDispParms@@QAE@XZ   10001250 f   OposVariant.obj
 0001:0000025e       ??A?$CSimpleArray@GV?$CSimpleArrayEqualHelper@G@ATL@@@ATL@@QAEAAGH@Z 1000125e f i OposVariant.obj
 0001:00000283       ??_Estringdispid@CComTypeInfoHolder@ATL@@QAEPAXI@Z 10001283 f i OposVariant.obj
 0001:000002ef       ?AtlWinModuleInit@ATL@@YGJPAU_ATL_WIN_MODULE70@1@@Z 100012ef f i OposVariant.obj
 0001:00000315       ?AtlWinModuleTerm@ATL@@YGJPAU_ATL_WIN_MODULE70@1@PAUHINSTANCE__@@@Z 10001315 f i OposVariant.obj
 0001:00000378       ?ChangeBSTR@OposVariant@@QAEXPAPA_WAAJ@Z 10001378 f   OposVariant.obj
 0001:000003b9       ?ChangeCURRENCY@OposVariant@@QAEXPATtagCY@@AAJ@Z 100013b9 f   OposVariant.obj
 0001:00000408       ?ChangeLONG@OposVariant@@QAEXPAJAAJ@Z 10001408 f   OposVariant.obj
 0001:00000449       ?GetLONG@OposVariant@@QAEJXZ 10001449 f   OposVariant.obj
 0001:00000464       ?Init@CComCriticalSection@ATL@@QAEJXZ 10001464 f i OposVariant.obj
 0001:0000048c       ?RemoveAll@?$CSimpleArray@GV?$CSimpleArrayEqualHelper@G@ATL@@@ATL@@QAEXXZ 1000148c f i OposVariant.obj
 0001:0000048c       ?RemoveAll@?$CSimpleArray@PAUHINSTANCE__@@V?$CSimpleArrayEqualHelper@PAUHINSTANCE__@@@ATL@@@ATL@@QAEXXZ 1000148c f i atls:atlbase.obj
 0001:000004a9       ?SetBSTR@OposVariant@@QAEXPA_WAAJ@Z 100014a9 f   OposVariant.obj
 0001:000004dd       ?SetBSTR_Copy@OposVariant@@QAEXPA_WAAJ@Z 100014dd f   OposVariant.obj
 0001:0000052d       ?SetBSTR_InOutPtr@OposVariant@@QAE_NPAPA_WAAJ@Z 1000152d f   OposVariant.obj
 0001:00000564       ?SetBSTR_OutPtr@OposVariant@@QAE_NPAPA_WAAJ@Z 10001564 f   OposVariant.obj
 0001:00000580       ?SetDispatch_Ptr@OposVariant@@QAEXPAUIDispatch@@AAJ@Z 10001580 f   OposVariant.obj
 0001:000005bb       ?SetLONG@OposVariant@@QAEXJ@Z 100015bb f   OposVariant.obj
 0001:000005dd       ?SetLONG_Ptr@OposVariant@@QAEXPAJAAJ@Z 100015dd f   OposVariant.obj
 0001:00000610       ?SetString@OposVariant@@QAEXPB_WAAJ@Z 10001610 f   OposVariant.obj
 0001:00000656       ?SetVARIANT_BOOL@OposVariant@@QAEXF@Z 10001656 f   OposVariant.obj
 0001:00000680       ?Term@CAtlComModule@ATL@@QAEXXZ 10001680 f i OposVariant.obj
 0001:000006ca       ?_AtlRaiseException@ATL@@YAXKK@Z 100016ca f i OposVariant.obj
 0001:000006df       ?AddRef@?$CComObjectCached@VCComClassFactory@ATL@@@ATL@@UAGKXZ 100016df f i ElectronicJournal.obj
 0001:00000706       ?Release@?$CComObjectCached@VCComClassFactory@ATL@@@ATL@@UAGKXZ 10001706 f i ElectronicJournal.obj
 0001:0000073c       ?QueryInterface@?$CComObjectCached@VCComClassFactory@ATL@@@ATL@@UAGJABU_GUID@@PAPAX@Z 1000173c f i ElectronicJournal.obj
 0001:00000756       ??_G?$CComObjectCached@VCComClassFactory@ATL@@@ATL@@UAEPAXI@Z 10001756 f i ElectronicJournal.obj
 0001:00000756       ??_E?$CComObjectCached@VCComClassFactory@ATL@@@ATL@@UAEPAXI@Z 10001756 f i ElectronicJournal.obj
 0001:00000778       ?AddRef@?$CComAggObject@VCOPOSElectronicJournal@@@ATL@@UAGKXZ 10001778 f i ElectronicJournal.obj
 0001:00000789       ?Release@?$CComAggObject@VCOPOSElectronicJournal@@@ATL@@UAGKXZ 10001789 f i ElectronicJournal.obj
 0001:000007c5       ?QueryInterface@?$CComAggObject@VCOPOSElectronicJournal@@@ATL@@UAGJABU_GUID@@PAPAX@Z 100017c5 f i ElectronicJournal.obj
 0001:00000814       ?AddRef@?$CComContainedObject@VCOPOSElectronicJournal@@@ATL@@UAGKXZ 10001814 f i ElectronicJournal.obj
 0001:0000082a       ?Release@?$CComContainedObject@VCOPOSElectronicJournal@@@ATL@@UAGKXZ 1000182a f i ElectronicJournal.obj
 0001:00000840       ?QueryInterface@?$CComContainedObject@VCOPOSElectronicJournal@@@ATL@@UAGJABU_GUID@@PAPAX@Z 10001840 f i ElectronicJournal.obj
 0001:0000085b       ??_E?$CComAggObject@VCOPOSElectronicJournal@@@ATL@@UAEPAXI@Z 1000185b f i ElectronicJournal.obj
 0001:0000085b       ??_G?$CComAggObject@VCOPOSElectronicJournal@@@ATL@@UAEPAXI@Z 1000185b f i ElectronicJournal.obj
 0001:00000880       ?AddRef@?$CComObject@VCOPOSElectronicJournal@@@ATL@@UAGKXZ 10001880 f i ElectronicJournal.obj
 0001:00000897       ?Release@?$CComObject@VCOPOSElectronicJournal@@@ATL@@UAGKXZ 10001897 f i ElectronicJournal.obj
 0001:000008d9       ?QueryInterface@?$CComObject@VCOPOSElectronicJournal@@@ATL@@UAGJABU_GUID@@PAPAX@Z 100018d9 f i ElectronicJournal.obj
 0001:000008f3       ?Lock@CAtlModule@ATL@@UAEJXZ 100018f3 f i ElectronicJournal.obj
 0001:000008fd       ?Unlock@CAtlModule@ATL@@UAEJXZ 100018fd f i ElectronicJournal.obj
 0001:00000907       ?GetLockCount@CAtlModule@ATL@@UAEJXZ 10001907 f i ElectronicJournal.obj
 0001:0000090b       ?GetGITPtr@CAtlModule@ATL@@UAEJPAPAUIGlobalInterfaceTable@@@Z 1000190b f i ElectronicJournal.obj
 0001:00000957       ?AddCommonRGSReplacements@?$CAtlModuleT@VCComModule@ATL@@@ATL@@UAEJPAUIRegistrarBase@@@Z 10001957 f i ElectronicJournal.obj
 0001:00000971       ?UpdateRegistryFromResourceD@CComModule@ATL@@UAGJPB_WHPAU_ATL_REGMAP_ENTRY@2@@Z 10001971 f i ElectronicJournal.obj
 0001:00000971       ?UpdateRegistryFromResourceD@CComModule@ATL@@UAGJIHPAU_ATL_REGMAP_ENTRY@2@@Z 10001971 f i ElectronicJournal.obj
 0001:00000979       ?UpdateRegistryFromResource@CComModule@ATL@@UAGJPB_WHPAU_ATL_REGMAP_ENTRY@2@@Z 10001979 f i ElectronicJournal.obj
 0001:00000982       ?UpdateRegistryFromResource@CComModule@ATL@@UAGJIHPAU_ATL_REGMAP_ENTRY@2@@Z 10001982 f i ElectronicJournal.obj
 0001:0000098b       ??_ECComModule@ATL@@UAEPAXI@Z 1000198b f i ElectronicJournal.obj
 0001:0000098b       ??_GCComModule@ATL@@UAEPAXI@Z 1000198b f i ElectronicJournal.obj
 0001:000009b3       ?OnDrawAdvanced@CComControlBase@ATL@@UAEJAAUATL_DRAWINFO@@@Z 100019b3 f i ElectronicJournal.obj
 0001:00000aa2       ?Next@?$CComEnumImpl@UIEnumConnections@@$1?_GUID_b196b287_bab4_101a_b69c_00aa00341d07@@3U__s_GUID@@BUtagCONNECTDATA@@V?$_Copy@UtagCONNECTDATA@@@ATL@@@ATL@@UAGJKPAUtagCONNECTDATA@@PAK@Z 10001aa2 f i ElectronicJournal.obj
 0001:00000b79       ?Skip@?$CComEnumImpl@UIEnumConnections@@$1?_GUID_b196b287_bab4_101a_b69c_00aa00341d07@@3U__s_GUID@@BUtagCONNECTDATA@@V?$_Copy@UtagCONNECTDATA@@@ATL@@@ATL@@UAGJK@Z 10001b79 f i ElectronicJournal.obj
 0001:00000ba6       ?Reset@?$CComEnumImpl@UIEnumConnectionPoints@@$1?_GUID_b196b285_bab4_101a_b69c_00aa00341d07@@3U__s_GUID@@BPAUIConnectionPoint@@V?$_CopyInterface@UIConnectionPoint@@@ATL@@@ATL@@UAGJXZ 10001ba6 f i ElectronicJournal.obj
 0001:00000ba6       ?Reset@?$CComEnumImpl@UIEnumConnections@@$1?_GUID_b196b287_bab4_101a_b69c_00aa00341d07@@3U__s_GUID@@BUtagCONNECTDATA@@V?$_Copy@UtagCONNECTDATA@@@ATL@@@ATL@@UAGJXZ 10001ba6 f i ElectronicJournal.obj
 0001:00000bb8       ?Clone@?$CComEnumImpl@UIEnumConnections@@$1?_GUID_b196b287_bab4_101a_b69c_00aa00341d07@@3U__s_GUID@@BUtagCONNECTDATA@@V?$_Copy@UtagCONNECTDATA@@@ATL@@@ATL@@UAGJPAPAUIEnumConnections@@@Z 10001bb8 f i ElectronicJournal.obj
 0001:00000c99       ?AddRef@?$CComObject@V?$CComEnum@UIEnumConnections@@$1?_GUID_b196b287_bab4_101a_b69c_00aa00341d07@@3U__s_GUID@@BUtagCONNECTDATA@@V?$_Copy@UtagCONNECTDATA@@@ATL@@VCComSingleThreadModel@6@@ATL@@@ATL@@UAGKXZ 10001c99 f i ElectronicJournal.obj
 0001:00000c99       ?AddRef@?$CComObject@V?$CComEnum@UIEnumConnectionPoints@@$1?_GUID_b196b285_bab4_101a_b69c_00aa00341d07@@3U__s_GUID@@BPAUIConnectionPoint@@V?$_CopyInterface@UIConnectionPoint@@@ATL@@VCComSingleThreadModel@6@@ATL@@@ATL@@UAGKXZ 10001c99 f i ElectronicJournal.obj
 0001:00000caa       ?Release@?$CComObject@V?$CComEnum@UIEnumConnections@@$1?_GUID_b196b287_bab4_101a_b69c_00aa00341d07@@3U__s_GUID@@BUtagCONNECTDATA@@V?$_Copy@UtagCONNECTDATA@@@ATL@@VCComSingleThreadModel@6@@ATL@@@ATL@@UAGKXZ 10001caa f i ElectronicJournal.obj
 0001:00000caa       ?Release@?$CComObject@V?$CComEnum@UIEnumConnectionPoints@@$1?_GUID_b196b285_bab4_101a_b69c_00aa00341d07@@3U__s_GUID@@BPAUIConnectionPoint@@V?$_CopyInterface@UIConnectionPoint@@@ATL@@VCComSingleThreadModel@6@@ATL@@@ATL@@UAGKXZ 10001caa f i ElectronicJournal.obj
 0001:00000ce6       ?QueryInterface@?$CComObject@V?$CComEnum@UIEnumConnections@@$1?_GUID_b196b287_bab4_101a_b69c_00aa00341d07@@3U__s_GUID@@BUtagCONNECTDATA@@V?$_Copy@UtagCONNECTDATA@@@ATL@@VCComSingleThreadModel@6@@ATL@@@ATL@@UAGJABU_GUID@@PAPAX@Z 10001ce6 f i ElectronicJournal.obj
 0001:00000d00       ??_E?$CComObject@V?$CComEnum@UIEnumConnections@@$1?_GUID_b196b287_bab4_101a_b69c_00aa00341d07@@3U__s_GUID@@BUtagCONNECTDATA@@V?$_Copy@UtagCONNECTDATA@@@ATL@@VCComSingleThreadModel@6@@ATL@@@ATL@@UAEPAXI@Z 10001d00 f i ElectronicJournal.obj
 0001:00000d00       ??_G?$CComObject@V?$CComEnum@UIEnumConnections@@$1?_GUID_b196b287_bab4_101a_b69c_00aa00341d07@@3U__s_GUID@@BUtagCONNECTDATA@@V?$_Copy@UtagCONNECTDATA@@@ATL@@VCComSingleThreadModel@6@@ATL@@@ATL@@UAEPAXI@Z 10001d00 f i ElectronicJournal.obj
 0001:00000d22       ?SetMoniker@?$IOleObjectImpl@VCOPOSElectronicJournal@@@ATL@@UAGJKPAUIMoniker@@@Z 10001d22 f i ElectronicJournal.obj
 0001:00000d22       ?GetClipboardData@?$IOleObjectImpl@VCOPOSElectronicJournal@@@ATL@@UAGJKPAPAUIDataObject@@@Z 10001d22 f i ElectronicJournal.obj
 0001:00000d22       ?GetRect@?$IViewObjectExImpl@VCOPOSElectronicJournal@@@ATL@@UAGJKPAU_RECTL@@@Z 10001d22 f i ElectronicJournal.obj
 0001:00000d22       ?QueryInterface@CRegObject@ATL@@UAGJABU_GUID@@PAPAX@Z 10001d22 f i ElectronicJournal.obj
 0001:00000d22       ?EnumFormatEtc@?$IDataObjectImpl@VCOPOSElectronicJournal@@@ATL@@UAGJKPAPAUIEnumFORMATETC@@@Z 10001d22 f i ElectronicJournal.obj
 0001:00000d22       ?GetDataHere@?$IDataObjectImpl@VCOPOSElectronicJournal@@@ATL@@UAGJPAUtagFORMATETC@@PAUtagSTGMEDIUM@@@Z 10001d22 f i ElectronicJournal.obj
 0001:00000d22       ?GetCanonicalFormatEtc@?$IDataObjectImpl@VCOPOSElectronicJournal@@@ATL@@UAGJPAUtagFORMATETC@@0@Z 10001d22 f i ElectronicJournal.obj
 0001:00000d2a       ?AddRef@CRegObject@ATL@@UAGKXZ 10001d2a f i ElectronicJournal.obj
 0001:00000d30       ?HandsOffStorage@?$IPersistStorageImpl@VCOPOSElectronicJournal@@@ATL@@UAGJXZ 10001d30 f i ElectronicJournal.obj
 0001:00000d30       ?Release@CRegObject@ATL@@UAGKXZ 10001d30 f i ElectronicJournal.obj
 0001:00000d30       ?IsUpToDate@?$IOleObjectImpl@VCOPOSElectronicJournal@@@ATL@@UAGJXZ 10001d30 f i ElectronicJournal.obj
 0001:00000d30       ?Update@?$IOleObjectImpl@VCOPOSElectronicJournal@@@ATL@@UAGJXZ 10001d30 f i ElectronicJournal.obj
 0001:00000d35       ?AddReplacement@CRegObject@ATL@@UAGJPB_W0@Z 10001d35 f i ElectronicJournal.obj
 0001:00000d6e       ?ClearReplacements@CRegObject@ATL@@UAGJXZ 10001d6e f i ElectronicJournal.obj
 0001:00000d80       ??_ECRegObject@ATL@@UAEPAXI@Z 10001d80 f i ElectronicJournal.obj
 0001:00000d80       ??_GCRegObject@ATL@@UAEPAXI@Z 10001d80 f i ElectronicJournal.obj
 0001:00000da2       ??_E?$CComObject@VCOPOSElectronicJournal@@@ATL@@W3AEPAXI@Z 10001da2 f i ElectronicJournal.obj
 0001:00000daa       ??_E?$CComObject@VCOPOSElectronicJournal@@@ATL@@WEM@AEPAXI@Z 10001daa f i ElectronicJournal.obj
 0001:00000db2       ?QueryInterface@?$CComObject@VCOPOSElectronicJournal@@@ATL@@WHA@AGJABU_GUID@@PAPAX@Z 10001db2 f i ElectronicJournal.obj
 0001:00000dbc       ?AddRef@?$CComObject@VCOPOSElectronicJournal@@@ATL@@WHA@AGKXZ 10001dbc f i ElectronicJournal.obj
 0001:00000dc6       ?Release@?$CComObject@VCOPOSElectronicJournal@@@ATL@@WHA@AGKXZ 10001dc6 f i ElectronicJournal.obj
 0001:00000dd0       ?QueryInterface@?$CComObject@VCOPOSElectronicJournal@@@ATL@@WHE@AGJABU_GUID@@PAPAX@Z 10001dd0 f i ElectronicJournal.obj
 0001:00000dda       ?AddRef@?$CComObject@VCOPOSElectronicJournal@@@ATL@@WHE@AGKXZ 10001dda f i ElectronicJournal.obj
 0001:00000de4       ?Release@?$CComObject@VCOPOSElectronicJournal@@@ATL@@WHE@AGKXZ 10001de4 f i ElectronicJournal.obj
 0001:00000dee       ?QueryInterface@?$CComObject@VCOPOSElectronicJournal@@@ATL@@WHI@AGJABU_GUID@@PAPAX@Z 10001dee f i ElectronicJournal.obj
 0001:00000df8       ?AddRef@?$CComObject@VCOPOSElectronicJournal@@@ATL@@WHI@AGKXZ 10001df8 f i ElectronicJournal.obj
 0001:00000e02       ?Release@?$CComObject@VCOPOSElectronicJournal@@@ATL@@WHI@AGKXZ 10001e02 f i ElectronicJournal.obj
 0001:00000e0c       ?QueryInterface@?$CComObject@VCOPOSElectronicJournal@@@ATL@@WHM@AGJABU_GUID@@PAPAX@Z 10001e0c f i ElectronicJournal.obj
 0001:00000e16       ?AddRef@?$CComObject@VCOPOSElectronicJournal@@@ATL@@WHM@AGKXZ 10001e16 f i ElectronicJournal.obj
 0001:00000e20       ?Release@?$CComObject@VCOPOSElectronicJournal@@@ATL@@WHM@AGKXZ 10001e20 f i ElectronicJournal.obj
 0001:00000e2a       ?QueryInterface@?$CComObject@VCOPOSElectronicJournal@@@ATL@@WIA@AGJABU_GUID@@PAPAX@Z 10001e2a f i ElectronicJournal.obj
 0001:00000e37       ?AddRef@?$CComObject@VCOPOSElectronicJournal@@@ATL@@WIA@AGKXZ 10001e37 f i ElectronicJournal.obj
 0001:00000e44       ?Release@?$CComObject@VCOPOSElectronicJournal@@@ATL@@WIA@AGKXZ 10001e44 f i ElectronicJournal.obj
 0001:00000e51       ?QueryInterface@?$CComObject@VCOPOSElectronicJournal@@@ATL@@WIE@AGJABU_GUID@@PAPAX@Z 10001e51 f i ElectronicJournal.obj
 0001:00000e5e       ?AddRef@?$CComObject@VCOPOSElectronicJournal@@@ATL@@WIE@AGKXZ 10001e5e f i ElectronicJournal.obj
 0001:00000e6b       ?Release@?$CComObject@VCOPOSElectronicJournal@@@ATL@@WIE@AGKXZ 10001e6b f i ElectronicJournal.obj
 0001:00000e78       ?QueryInterface@?$CComObject@VCOPOSElectronicJournal@@@ATL@@WII@AGJABU_GUID@@PAPAX@Z 10001e78 f i ElectronicJournal.obj
 0001:00000e85       ?AddRef@?$CComObject@VCOPOSElectronicJournal@@@ATL@@WII@AGKXZ 10001e85 f i ElectronicJournal.obj
 0001:00000e92       ?Release@?$CComObject@VCOPOSElectronicJournal@@@ATL@@WII@AGKXZ 10001e92 f i ElectronicJournal.obj
 0001:00000e9f       ?QueryInterface@?$CComObject@VCOPOSElectronicJournal@@@ATL@@WIM@AGJABU_GUID@@PAPAX@Z 10001e9f f i ElectronicJournal.obj
 0001:00000eac       ?AddRef@?$CComObject@VCOPOSElectronicJournal@@@ATL@@WIM@AGKXZ 10001eac f i ElectronicJournal.obj
 0001:00000eb9       ?Release@?$CComObject@VCOPOSElectronicJournal@@@ATL@@WIM@AGKXZ 10001eb9 f i ElectronicJournal.obj
 0001:00000ec6       ?QueryInterface@?$CComObject@VCOPOSElectronicJournal@@@ATL@@WJA@AGJABU_GUID@@PAPAX@Z 10001ec6 f i ElectronicJournal.obj
 0001:00000ed3       ?AddRef@?$CComObject@VCOPOSElectronicJournal@@@ATL@@WJA@AGKXZ 10001ed3 f i ElectronicJournal.obj
 0001:00000ee0       ?Release@?$CComObject@VCOPOSElectronicJournal@@@ATL@@WJA@AGKXZ 10001ee0 f i ElectronicJournal.obj
 0001:00000eed       ?QueryInterface@?$CComObject@VCOPOSElectronicJournal@@@ATL@@WJE@AGJABU_GUID@@PAPAX@Z 10001eed f i ElectronicJournal.obj
 0001:00000efa       ?AddRef@?$CComObject@VCOPOSElectronicJournal@@@ATL@@WJE@AGKXZ 10001efa f i ElectronicJournal.obj
 0001:00000f07       ?Release@?$CComObject@VCOPOSElectronicJournal@@@ATL@@WJE@AGKXZ 10001f07 f i ElectronicJournal.obj
 0001:00000f14       ?QueryInterface@?$CComObject@VCOPOSElectronicJournal@@@ATL@@WJI@AGJABU_GUID@@PAPAX@Z 10001f14 f i ElectronicJournal.obj
 0001:00000f21       ?AddRef@?$CComObject@VCOPOSElectronicJournal@@@ATL@@WJI@AGKXZ 10001f21 f i ElectronicJournal.obj
 0001:00000f2e       ?Release@?$CComObject@VCOPOSElectronicJournal@@@ATL@@WJI@AGKXZ 10001f2e f i ElectronicJournal.obj
 0001:00000f3b       ?QueryInterface@?$CComObject@VCOPOSElectronicJournal@@@ATL@@WJM@AGJABU_GUID@@PAPAX@Z 10001f3b f i ElectronicJournal.obj
 0001:00000f48       ?AddRef@?$CComObject@VCOPOSElectronicJournal@@@ATL@@WJM@AGKXZ 10001f48 f i ElectronicJournal.obj
 0001:00000f55       ?Release@?$CComObject@VCOPOSElectronicJournal@@@ATL@@WJM@AGKXZ 10001f55 f i ElectronicJournal.obj
 0001:00000f62       ?QueryInterface@?$CComObject@VCOPOSElectronicJournal@@@ATL@@WKA@AGJABU_GUID@@PAPAX@Z 10001f62 f i ElectronicJournal.obj
 0001:00000f6f       ?AddRef@?$CComObject@VCOPOSElectronicJournal@@@ATL@@WKA@AGKXZ 10001f6f f i ElectronicJournal.obj
 0001:00000f7c       ?Release@?$CComObject@VCOPOSElectronicJournal@@@ATL@@WKA@AGKXZ 10001f7c f i ElectronicJournal.obj
 0001:00000f89       ?AddRef@?$CComObject@VCOPOSElectronicJournal@@@ATL@@WKI@AGKXZ 10001f89 f i ElectronicJournal.obj
 0001:00000f96       ?Release@?$CComObject@VCOPOSElectronicJournal@@@ATL@@WKI@AGKXZ 10001f96 f i ElectronicJournal.obj
 0001:00000fa3       ?AddRef@?$CComObject@VCOPOSElectronicJournal@@@ATL@@WLE@AGKXZ 10001fa3 f i ElectronicJournal.obj
 0001:00000fb0       ?Release@?$CComObject@VCOPOSElectronicJournal@@@ATL@@WLE@AGKXZ 10001fb0 f i ElectronicJournal.obj
 0001:00000fbd       ??_E?$CComContainedObject@VCOPOSElectronicJournal@@@ATL@@W3AEPAXI@Z 10001fbd f i ElectronicJournal.obj
 0001:00000fc5       ??_E?$CComContainedObject@VCOPOSElectronicJournal@@@ATL@@WEM@AEPAXI@Z 10001fc5 f i ElectronicJournal.obj
 0001:00000fcd       ?QueryInterface@?$CComContainedObject@VCOPOSElectronicJournal@@@ATL@@WHA@AGJABU_GUID@@PAPAX@Z 10001fcd f i ElectronicJournal.obj
 0001:00000fd7       ?AddRef@?$CComContainedObject@VCOPOSElectronicJournal@@@ATL@@WHA@AGKXZ 10001fd7 f i ElectronicJournal.obj
 0001:00000fe1       ?Release@?$CComContainedObject@VCOPOSElectronicJournal@@@ATL@@WHA@AGKXZ 10001fe1 f i ElectronicJournal.obj
 0001:00000feb       ?QueryInterface@?$CComContainedObject@VCOPOSElectronicJournal@@@ATL@@WHE@AGJABU_GUID@@PAPAX@Z 10001feb f i ElectronicJournal.obj
 0001:00000ff5       ?AddRef@?$CComContainedObject@VCOPOSElectronicJournal@@@ATL@@WHE@AGKXZ 10001ff5 f i ElectronicJournal.obj
 0001:00000fff       ?Release@?$CComContainedObject@VCOPOSElectronicJournal@@@ATL@@WHE@AGKXZ 10001fff f i ElectronicJournal.obj
 0001:00001009       ?QueryInterface@?$CComContainedObject@VCOPOSElectronicJournal@@@ATL@@WHI@AGJABU_GUID@@PAPAX@Z 10002009 f i ElectronicJournal.obj
 0001:00001013       ?AddRef@?$CComContainedObject@VCOPOSElectronicJournal@@@ATL@@WHI@AGKXZ 10002013 f i ElectronicJournal.obj
 0001:0000101d       ?Release@?$CComContainedObject@VCOPOSElectronicJournal@@@ATL@@WHI@AGKXZ 1000201d f i ElectronicJournal.obj
 0001:00001027       ?QueryInterface@?$CComContainedObject@VCOPOSElectronicJournal@@@ATL@@WHM@AGJABU_GUID@@PAPAX@Z 10002027 f i ElectronicJournal.obj
 0001:00001031       ?AddRef@?$CComContainedObject@VCOPOSElectronicJournal@@@ATL@@WHM@AGKXZ 10002031 f i ElectronicJournal.obj
 0001:0000103b       ?Release@?$CComContainedObject@VCOPOSElectronicJournal@@@ATL@@WHM@AGKXZ 1000203b f i ElectronicJournal.obj
 0001:00001045       ?QueryInterface@?$CComContainedObject@VCOPOSElectronicJournal@@@ATL@@WIA@AGJABU_GUID@@PAPAX@Z 10002045 f i ElectronicJournal.obj
 0001:00001052       ?AddRef@?$CComContainedObject@VCOPOSElectronicJournal@@@ATL@@WIA@AGKXZ 10002052 f i ElectronicJournal.obj
 0001:0000105f       ?Release@?$CComContainedObject@VCOPOSElectronicJournal@@@ATL@@WIA@AGKXZ 1000205f f i ElectronicJournal.obj
 0001:0000106c       ?QueryInterface@?$CComContainedObject@VCOPOSElectronicJournal@@@ATL@@WIE@AGJABU_GUID@@PAPAX@Z 1000206c f i ElectronicJournal.obj
 0001:00001079       ?AddRef@?$CComContainedObject@VCOPOSElectronicJournal@@@ATL@@WIE@AGKXZ 10002079 f i ElectronicJournal.obj
 0001:00001086       ?Release@?$CComContainedObject@VCOPOSElectronicJournal@@@ATL@@WIE@AGKXZ 10002086 f i ElectronicJournal.obj
 0001:00001093       ?QueryInterface@?$CComContainedObject@VCOPOSElectronicJournal@@@ATL@@WII@AGJABU_GUID@@PAPAX@Z 10002093 f i ElectronicJournal.obj
 0001:000010a0       ?AddRef@?$CComContainedObject@VCOPOSElectronicJournal@@@ATL@@WII@AGKXZ 100020a0 f i ElectronicJournal.obj
 0001:000010ad       ?Release@?$CComContainedObject@VCOPOSElectronicJournal@@@ATL@@WII@AGKXZ 100020ad f i ElectronicJournal.obj
 0001:000010ba       ?QueryInterface@?$CComContainedObject@VCOPOSElectronicJournal@@@ATL@@WIM@AGJABU_GUID@@PAPAX@Z 100020ba f i ElectronicJournal.obj
 0001:000010c7       ?AddRef@?$CComContainedObject@VCOPOSElectronicJournal@@@ATL@@WIM@AGKXZ 100020c7 f i ElectronicJournal.obj
 0001:000010d4       ?Release@?$CComContainedObject@VCOPOSElectronicJournal@@@ATL@@WIM@AGKXZ 100020d4 f i ElectronicJournal.obj
 0001:000010e1       ?QueryInterface@?$CComContainedObject@VCOPOSElectronicJournal@@@ATL@@WJA@AGJABU_GUID@@PAPAX@Z 100020e1 f i ElectronicJournal.obj
 0001:000010ee       ?AddRef@?$CComContainedObject@VCOPOSElectronicJournal@@@ATL@@WJA@AGKXZ 100020ee f i ElectronicJournal.obj
 0001:000010fb       ?Release@?$CComContainedObject@VCOPOSElectronicJournal@@@ATL@@WJA@AGKXZ 100020fb f i ElectronicJournal.obj
 0001:00001108       ?QueryInterface@?$CComContainedObject@VCOPOSElectronicJournal@@@ATL@@WJE@AGJABU_GUID@@PAPAX@Z 10002108 f i ElectronicJournal.obj
 0001:00001115       ?AddRef@?$CComContainedObject@VCOPOSElectronicJournal@@@ATL@@WJE@AGKXZ 10002115 f i ElectronicJournal.obj
 0001:00001122       ?Release@?$CComContainedObject@VCOPOSElectronicJournal@@@ATL@@WJE@AGKXZ 10002122 f i ElectronicJournal.obj
 0001:0000112f       ?QueryInterface@?$CComContainedObject@VCOPOSElectronicJournal@@@ATL@@WJI@AGJABU_GUID@@PAPAX@Z 1000212f f i ElectronicJournal.obj
 0001:0000113c       ?AddRef@?$CComContainedObject@VCOPOSElectronicJournal@@@ATL@@WJI@AGKXZ 1000213c f i ElectronicJournal.obj
 0001:00001149       ?Release@?$CComContainedObject@VCOPOSElectronicJournal@@@ATL@@WJI@AGKXZ 10002149 f i ElectronicJournal.obj
 0001:00001156       ?QueryInterface@?$CComContainedObject@VCOPOSElectronicJournal@@@ATL@@WJM@AGJABU_GUID@@PAPAX@Z 10002156 f i ElectronicJournal.obj
 0001:00001163       ?AddRef@?$CComContainedObject@VCOPOSElectronicJournal@@@ATL@@WJM@AGKXZ 10002163 f i ElectronicJournal.obj
 0001:00001170       ?Release@?$CComContainedObject@VCOPOSElectronicJournal@@@ATL@@WJM@AGKXZ 10002170 f i ElectronicJournal.obj
 0001:0000117d       ?QueryInterface@?$CComContainedObject@VCOPOSElectronicJournal@@@ATL@@WKA@AGJABU_GUID@@PAPAX@Z 1000217d f i ElectronicJournal.obj
 0001:0000118a       ?AddRef@?$CComContainedObject@VCOPOSElectronicJournal@@@ATL@@WKA@AGKXZ 1000218a f i ElectronicJournal.obj
 0001:00001197       ?Release@?$CComContainedObject@VCOPOSElectronicJournal@@@ATL@@WKA@AGKXZ 10002197 f i ElectronicJournal.obj
 0001:000011a4       ?AddRef@?$CComContainedObject@VCOPOSElectronicJournal@@@ATL@@WKI@AGKXZ 100021a4 f i ElectronicJournal.obj
 0001:000011b1       ?Release@?$CComContainedObject@VCOPOSElectronicJournal@@@ATL@@WKI@AGKXZ 100021b1 f i ElectronicJournal.obj
 0001:000011be       ?AddRef@?$CComContainedObject@VCOPOSElectronicJournal@@@ATL@@WLE@AGKXZ 100021be f i ElectronicJournal.obj
 0001:000011cb       ?Release@?$CComContainedObject@VCOPOSElectronicJournal@@@ATL@@WLE@AGKXZ 100021cb f i ElectronicJournal.obj
 0001:000011d8       ?GetWindowProc@?$CWindowImplBaseT@VCWindow@ATL@@V?$CWinTraits@$0FGAAAAAA@$0A@@2@@ATL@@UAEP6GJPAUHWND__@@IIJ@ZXZ 100021d8 f i ElectronicJournal.obj
 0001:000011de       ?StartWindowProc@?$CWindowImplBaseT@VCWindow@ATL@@V?$CWinTraits@$0FGAAAAAA@$0A@@2@@ATL@@SGJPAUHWND__@@IIJ@Z 100021de f i ElectronicJournal.obj
 0001:00001232       ?OnFinalMessage@?$CWindowImplBaseT@VCWindow@ATL@@V?$CWinTraits@$0FGAAAAAA@$0A@@2@@ATL@@UAEXPAUHWND__@@@Z 10002232 f i ElectronicJournal.obj
 0001:00001232       ?ObjectMain@CComObjectRootBase@ATL@@SGX_N@Z 10002232 f i ElectronicJournal.obj
 0001:00001235       ?GetTypeInfoCount@?$IDispatchImpl@UIOPOSElectronicJournal@@$1?IID_IOPOSElectronicJournal@@3U_GUID@@B$1?LIBID_OposElectronicJournal_CCO@@3U3@B$00$0A@VCComTypeInfoHolder@ATL@@@ATL@@UAGJPAI@Z 10002235 f i ElectronicJournal.obj
 0001:00001252       ?GetTypeInfo@?$IDispatchImpl@UIOPOSElectronicJournal@@$1?IID_IOPOSElectronicJournal@@3U_GUID@@B$1?LIBID_OposElectronicJournal_CCO@@3U3@B$00$0A@VCComTypeInfoHolder@ATL@@@ATL@@UAGJIKPAPAUITypeInfo@@@Z 10002252 f i ElectronicJournal.obj
 0001:00001276       ?GetIDsOfNames@?$IDispatchImpl@UIOPOSElectronicJournal@@$1?IID_IOPOSElectronicJournal@@3U_GUID@@B$1?LIBID_OposElectronicJournal_CCO@@3U3@B$00$0A@VCComTypeInfoHolder@ATL@@@ATL@@UAGJABU_GUID@@PAPA_WIKPAJ@Z 10002276 f i ElectronicJournal.obj
 0001:00001296       ?Invoke@?$IDispatchImpl@UIOPOSElectronicJournal@@$1?IID_IOPOSElectronicJournal@@3U_GUID@@B$1?LIBID_OposElectronicJournal_CCO@@3U3@B$00$0A@VCComTypeInfoHolder@ATL@@@ATL@@UAGJJABU_GUID@@KGPAUtagDISPPARAMS@@PAUtagVARIANT@@PAUtagEXCEPINFO@@PAI@Z 10002296 f i ElectronicJournal.obj
 0001:000012a4       ?CreateControlWindow@?$CComControl@VCOPOSElectronicJournal@@V?$CWindowImpl@VCOPOSElectronicJournal@@VCWindow@ATL@@V?$CWinTraits@$0FGAAAAAA@$0A@@3@@ATL@@@ATL@@UAEPAUHWND__@@PAU3@AAUtagRECT@@@Z 100022a4 f i ElectronicJournal.obj
 0001:000012d3       ?ControlQueryInterface@?$CComControl@VCOPOSElectronicJournal@@V?$CWindowImpl@VCOPOSElectronicJournal@@VCWindow@ATL@@V?$CWinTraits@$0FGAAAAAA@$0A@@3@@ATL@@@ATL@@UAEJABU_GUID@@PAPAX@Z 100022d3 f i ElectronicJournal.obj
 0001:000012ee       ?GetUserClassID@?$IOleObjectImpl@VCOPOSElectronicJournal@@@ATL@@UAGJPAU_GUID@@@Z 100022ee f i ElectronicJournal.obj
 0001:000012ee       ?GetClassID@?$IPersistStorageImpl@VCOPOSElectronicJournal@@@ATL@@UAGJPAU_GUID@@@Z 100022ee f i ElectronicJournal.obj
 0001:000012ee       ?GetClassID@?$IPersistStreamInitImpl@VCOPOSElectronicJournal@@@ATL@@UAGJPAU_GUID@@@Z 100022ee f i ElectronicJournal.obj
 0001:00001312       ?IsDirty@?$IPersistStreamInitImpl@VCOPOSElectronicJournal@@@ATL@@UAGJXZ 10002312 f i ElectronicJournal.obj
 0001:00001331       ?Load@?$IPersistStreamInitImpl@VCOPOSElectronicJournal@@@ATL@@UAGJPAUIStream@@@Z 10002331 f i ElectronicJournal.obj
 0001:00001350       ?Save@?$IPersistStreamInitImpl@VCOPOSElectronicJournal@@@ATL@@UAGJPAUIStream@@H@Z 10002350 f i ElectronicJournal.obj
 0001:00001372       ?GetSizeMax@?$IPersistStreamInitImpl@VCOPOSElectronicJournal@@@ATL@@UAGJPAT_ULARGE_INTEGER@@@Z 10002372 f i ElectronicJournal.obj
 0001:00001527       ?InitNew@?$IPersistStreamInitImpl@VCOPOSElectronicJournal@@@ATL@@UAGJXZ 10002527 f i ElectronicJournal.obj
 0001:00001544       ?OnMnemonic@?$IOleControlImpl@VCOPOSElectronicJournal@@@ATL@@UAGJPAUtagMSG@@@Z 10002544 f i ElectronicJournal.obj
 0001:00001544       ?ContextSensitiveHelp@?$IOleInPlaceActiveObjectImpl@VCOPOSElectronicJournal@@@ATL@@UAGJH@Z 10002544 f i ElectronicJournal.obj
 0001:00001544       ?GetDropTarget@?$IOleInPlaceObjectWindowlessImpl@VCOPOSElectronicJournal@@@ATL@@UAGJPAPAUIDropTarget@@@Z 10002544 f i ElectronicJournal.obj
 0001:00001544       ?SetColorScheme@?$IOleObjectImpl@VCOPOSElectronicJournal@@@ATL@@UAGJPAUtagLOGPALETTE@@@Z 10002544 f i ElectronicJournal.obj
 0001:00001544       ?Unfreeze@?$IViewObjectExImpl@VCOPOSElectronicJournal@@@ATL@@UAGJK@Z 10002544 f i ElectronicJournal.obj
 0001:00001544       ?GetControlInfo@?$IOleControlImpl@VCOPOSElectronicJournal@@@ATL@@UAGJPAUtagCONTROLINFO@@@Z 10002544 f i ElectronicJournal.obj
 0001:00001544       ?ContextSensitiveHelp@?$IOleInPlaceObjectWindowlessImpl@VCOPOSElectronicJournal@@@ATL@@UAGJH@Z 10002544 f i ElectronicJournal.obj
 0001:00001544       ?QueryGetData@?$IDataObjectImpl@VCOPOSElectronicJournal@@@ATL@@UAGJPAUtagFORMATETC@@@Z 10002544 f i ElectronicJournal.obj
 0001:0000154c       ?SaveCompleted@?$IPersistStorageImpl@VCOPOSElectronicJournal@@@ATL@@UAGJPAUIStorage@@@Z 1000254c f i ElectronicJournal.obj
 0001:0000154c       ?EnableModeless@?$IOleInPlaceActiveObjectImpl@VCOPOSElectronicJournal@@@ATL@@UAGJH@Z 1000254c f i ElectronicJournal.obj
 0001:0000154c       ?OnAmbientPropertyChange@?$IOleControlImpl@VCOPOSElectronicJournal@@@ATL@@UAGJJ@Z 1000254c f i ElectronicJournal.obj
 0001:0000154c       ?OnFrameWindowActivate@?$IOleInPlaceActiveObjectImpl@VCOPOSElectronicJournal@@@ATL@@UAGJH@Z 1000254c f i ElectronicJournal.obj
 0001:00001551       ?SetClientSite@?$IOleObjectImpl@VCOPOSElectronicJournal@@@ATL@@UAGJPAUIOleClientSite@@@Z 10002551 f i ElectronicJournal.obj
 0001:0000156e       ?GetClientSite@?$IOleObjectImpl@VCOPOSElectronicJournal@@@ATL@@UAGJPAPAUIOleClientSite@@@Z 1000256e f i ElectronicJournal.obj
 0001:0000158b       ?SetHostNames@?$IOleObjectImpl@VCOPOSElectronicJournal@@@ATL@@UAGJPB_W0@Z 1000258b f i ElectronicJournal.obj
 0001:00001590       ?Close@?$IOleObjectImpl@VCOPOSElectronicJournal@@@ATL@@UAGJK@Z 10002590 f i ElectronicJournal.obj
 0001:000015ad       ?GetMoniker@?$IOleObjectImpl@VCOPOSElectronicJournal@@@ATL@@UAGJKKPAPAUIMoniker@@@Z 100025ad f i ElectronicJournal.obj
 0001:000015ad       ?SetData@?$IDataObjectImpl@VCOPOSElectronicJournal@@@ATL@@UAGJPAUtagFORMATETC@@PAUtagSTGMEDIUM@@H@Z 100025ad f i ElectronicJournal.obj
 0001:000015ad       ?InitFromData@?$IOleObjectImpl@VCOPOSElectronicJournal@@@ATL@@UAGJPAUIDataObject@@HK@Z 100025ad f i ElectronicJournal.obj
 0001:000015b5       ?DoVerb@?$IOleObjectImpl@VCOPOSElectronicJournal@@@ATL@@UAGJJPAUtagMSG@@PAUIOleClientSite@@JPAUHWND__@@PBUtagRECT@@@Z 100025b5 f i ElectronicJournal.obj
 0001:000016cd       ?EnumVerbs@?$IOleObjectImpl@VCOPOSElectronicJournal@@@ATL@@UAGJPAPAUIEnumOLEVERB@@@Z 100026cd f i ElectronicJournal.obj
 0001:000016ef       ?GetUserType@?$IOleObjectImpl@VCOPOSElectronicJournal@@@ATL@@UAGJKPAPA_W@Z 100026ef f i ElectronicJournal.obj
 0001:00001707       ?SetExtent@?$IOleObjectImpl@VCOPOSElectronicJournal@@@ATL@@UAGJKPAUtagSIZE@@@Z 10002707 f i ElectronicJournal.obj
 0001:00001727       ?GetExtent@?$IOleObjectImpl@VCOPOSElectronicJournal@@@ATL@@UAGJKPAUtagSIZE@@@Z 10002727 f i ElectronicJournal.obj
 0001:00001765       ?Advise@?$IOleObjectImpl@VCOPOSElectronicJournal@@@ATL@@UAGJPAUIAdviseSink@@PAK@Z 10002765 f i ElectronicJournal.obj
 0001:00001785       ?Unadvise@?$IOleObjectImpl@VCOPOSElectronicJournal@@@ATL@@UAGJK@Z 10002785 f i ElectronicJournal.obj
 0001:000017b4       ?EnumAdvise@?$IOleObjectImpl@VCOPOSElectronicJournal@@@ATL@@UAGJPAPAUIEnumSTATDATA@@@Z 100027b4 f i ElectronicJournal.obj
 0001:000017f4       ?GetMiscStatus@?$IOleObjectImpl@VCOPOSElectronicJournal@@@ATL@@UAGJKPAK@Z 100027f4 f i ElectronicJournal.obj
 0001:0000180c       ?GetWindow@?$IOleInPlaceActiveObjectImpl@VCOPOSElectronicJournal@@@ATL@@UAGJPAPAUHWND__@@@Z 1000280c f i ElectronicJournal.obj
 0001:00001859       ?TranslateAcceleratorW@?$IOleInPlaceActiveObjectImpl@VCOPOSElectronicJournal@@@ATL@@UAGJPAUtagMSG@@@Z 10002859 f i ElectronicJournal.obj
 0001:000018f7       ?OnDocWindowActivate@?$IOleInPlaceActiveObjectImpl@VCOPOSElectronicJournal@@@ATL@@UAGJH@Z 100028f7 f i ElectronicJournal.obj
 0001:00001919       ?ResizeBorder@?$IOleInPlaceActiveObjectImpl@VCOPOSElectronicJournal@@@ATL@@UAGJPBUtagRECT@@PAUIOleInPlaceUIWindow@@H@Z 10002919 f i ElectronicJournal.obj
 0001:0000191e       ?Draw@?$IViewObjectExImpl@VCOPOSElectronicJournal@@@ATL@@UAGJKJPAXPAUtagDVTARGETDEVICE@@PAUHDC__@@2PBU_RECTL@@3P6GHK@ZK@Z 1000291e f i ElectronicJournal.obj
 0001:00001950       ?GetColorSet@?$IViewObjectExImpl@VCOPOSElectronicJournal@@@ATL@@UAGJKJPAXPAUtagDVTARGETDEVICE@@PAUHDC__@@PAPAUtagLOGPALETTE@@@Z 10002950 f i ElectronicJournal.obj
 0001:00001958       ?Freeze@?$IViewObjectExImpl@VCOPOSElectronicJournal@@@ATL@@UAGJKJPAXPAK@Z 10002958 f i ElectronicJournal.obj
 0001:00001960       ?SetAdvise@?$IViewObjectExImpl@VCOPOSElectronicJournal@@@ATL@@UAGJKKPAUIAdviseSink@@@Z 10002960 f i ElectronicJournal.obj
 0001:0000197f       ?GetAdvise@?$IViewObjectExImpl@VCOPOSElectronicJournal@@@ATL@@UAGJPAK0PAPAUIAdviseSink@@@Z 1000297f f i ElectronicJournal.obj
 0001:000019b4       ?GetExtent@?$IViewObjectExImpl@VCOPOSElectronicJournal@@@ATL@@UAGJKJPAUtagDVTARGETDEVICE@@PAUtagSIZE@@@Z 100029b4 f i ElectronicJournal.obj
 0001:000019e5       ?GetViewStatus@?$IViewObjectExImpl@VCOPOSElectronicJournal@@@ATL@@UAGJPAK@Z 100029e5 f i ElectronicJournal.obj
 0001:00001a02       ?QueryHitPoint@?$IViewObjectExImpl@VCOPOSElectronicJournal@@@ATL@@UAGJKPBUtagRECT@@UtagPOINT@@JPAK@Z 10002a02 f i ElectronicJournal.obj
 0001:00001a43       ?QueryHitRect@?$IViewObjectExImpl@VCOPOSElectronicJournal@@@ATL@@UAGJKPBUtagRECT@@0JPAK@Z 10002a43 f i ElectronicJournal.obj
 0001:00001a9e       ?GetNaturalExtent@?$IViewObjectExImpl@VCOPOSElectronicJournal@@@ATL@@UAGJKJPAUtagDVTARGETDEVICE@@PAUHDC__@@PAUtagExtentInfo@@PAUtagSIZE@@@Z 10002a9e f i ElectronicJournal.obj
 0001:00001ae9       ?GetWindow@?$IOleInPlaceObjectWindowlessImpl@VCOPOSElectronicJournal@@@ATL@@UAGJPAPAUHWND__@@@Z 10002ae9 f i ElectronicJournal.obj
 0001:00001b36       ?InPlaceDeactivate@?$IOleInPlaceObjectWindowlessImpl@VCOPOSElectronicJournal@@@ATL@@UAGJXZ 10002b36 f i ElectronicJournal.obj
 0001:00001b50       ?UIDeactivate@?$IOleInPlaceObjectWindowlessImpl@VCOPOSElectronicJournal@@@ATL@@UAGJXZ 10002b50 f i ElectronicJournal.obj
 0001:00001b6a       ?SetObjectRects@?$IOleInPlaceObjectWindowlessImpl@VCOPOSElectronicJournal@@@ATL@@UAGJPBUtagRECT@@0@Z 10002b6a f i ElectronicJournal.obj
 0001:00001b8a       ?ReactivateAndUndo@?$IOleInPlaceObjectWindowlessImpl@VCOPOSElectronicJournal@@@ATL@@UAGJXZ 10002b8a f i ElectronicJournal.obj
 0001:00001b92       ?OnWindowMessage@?$IOleInPlaceObjectWindowlessImpl@VCOPOSElectronicJournal@@@ATL@@UAGJIIJPAJ@Z 10002b92 f i ElectronicJournal.obj
 0001:00001c02       ?EnumConnectionPoints@?$IConnectionPointContainerImpl@VCOPOSElectronicJournal@@@ATL@@UAGJPAPAUIEnumConnectionPoints@@@Z 10002c02 f i ElectronicJournal.obj
 0001:00001d7c       ?FindConnectionPoint@?$IConnectionPointContainerImpl@VCOPOSElectronicJournal@@@ATL@@UAGJABU_GUID@@PAPAUIConnectionPoint@@@Z 10002d7c f i ElectronicJournal.obj
 0001:00001e1f       ?IsDirty@?$IPersistStorageImpl@VCOPOSElectronicJournal@@@ATL@@UAGJXZ 10002e1f f i ElectronicJournal.obj
 0001:00001e53       ?InitNew@?$IPersistStorageImpl@VCOPOSElectronicJournal@@@ATL@@UAGJPAUIStorage@@@Z 10002e53 f i ElectronicJournal.obj
 0001:00001e87       ?Load@?$IPersistStorageImpl@VCOPOSElectronicJournal@@@ATL@@UAGJPAUIStorage@@@Z 10002e87 f i ElectronicJournal.obj
 0001:00001ef3       ?Save@?$IPersistStorageImpl@VCOPOSElectronicJournal@@@ATL@@UAGJPAUIStorage@@H@Z 10002ef3 f i ElectronicJournal.obj
 0001:00001f66       ?GetPages@?$ISpecifyPropertyPagesImpl@VCOPOSElectronicJournal@@@ATL@@UAGJPAUtagCAUUID@@@Z 10002f66 f i ElectronicJournal.obj
 0001:00001f7d       ?QuickActivate@?$IQuickActivateImpl@VCOPOSElectronicJournal@@@ATL@@UAGJPAUtagQACONTAINER@@PAUtagQACONTROL@@@Z 10002f7d f i ElectronicJournal.obj
 0001:00001fa0       ?SetContentExtent@?$IQuickActivateImpl@VCOPOSElectronicJournal@@@ATL@@UAGJPAUtagSIZE@@@Z 10002fa0 f i ElectronicJournal.obj
 0001:00001fcc       ?GetContentExtent@?$IQuickActivateImpl@VCOPOSElectronicJournal@@@ATL@@UAGJPAUtagSIZE@@@Z 10002fcc f i ElectronicJournal.obj
 0001:00001fec       ?GetData@?$IDataObjectImpl@VCOPOSElectronicJournal@@@ATL@@UAGJPAUtagFORMATETC@@PAUtagSTGMEDIUM@@@Z 10002fec f i ElectronicJournal.obj
 0001:0000200f       ?DAdvise@?$IDataObjectImpl@VCOPOSElectronicJournal@@@ATL@@UAGJPAUtagFORMATETC@@KPAUIAdviseSink@@PAK@Z 1000300f f i ElectronicJournal.obj
 0001:00002050       ?DUnadvise@?$IDataObjectImpl@VCOPOSElectronicJournal@@@ATL@@UAGJK@Z 10003050 f i ElectronicJournal.obj
 0001:0000207e       ?EnumDAdvise@?$IDataObjectImpl@VCOPOSElectronicJournal@@@ATL@@UAGJPAPAUIEnumSTATDATA@@@Z 1000307e f i ElectronicJournal.obj
 0001:000020bd       ?GetClassInfoW@?$IProvideClassInfo2Impl@$1?CLSID_OPOSElectronicJournal@@3U_GUID@@B$1?DIID__IOPOSElectronicJournalEvents@@3U2@B$1?LIBID_OposElectronicJournal_CCO@@3U2@B$00$0A@VCComTypeInfoHolder@ATL@@@ATL@@UAGJPAPAUITypeInfo@@@Z 100030bd f i ElectronicJournal.obj
 0001:000020d3       ?GetGUID@?$IProvideClassInfo2Impl@$1?CLSID_OPOSElectronicJournal@@3U_GUID@@B$1?DIID__IOPOSElectronicJournalEvents@@3U2@B$1?LIBID_OposElectronicJournal_CCO@@3U2@B$00$0A@VCComTypeInfoHolder@ATL@@@ATL@@UAGJKPAU_GUID@@@Z 100030d3 f i ElectronicJournal.obj
 0001:00002111       ?FAccessAllowed@?$IObjectSafetyImpl@VCOPOSElectronicJournal@@$02@ATL@@MAEHXZ 10003111 f i ElectronicJournal.obj
 0001:00002111       __get_startup_argv_mode    10003111 f i LIBCMT:argv_mode.obj
 0001:00002115       ?GetInterfaceSafetyOptions@?$IObjectSafetyImpl@VCOPOSElectronicJournal@@$02@ATL@@UAGJABU_GUID@@PAK1@Z 10003115 f i ElectronicJournal.obj
 0001:00002189       ?SetInterfaceSafetyOptions@?$IObjectSafetyImpl@VCOPOSElectronicJournal@@$02@ATL@@UAGJABU_GUID@@KK@Z 10003189 f i ElectronicJournal.obj
 0001:00002203       ?_LocCPQueryInterface@?$IConnectionPointImpl@VCOPOSElectronicJournal@@$1?DIID__IOPOSElectronicJournalEvents@@3U_GUID@@BVCComDynamicUnkArray@ATL@@@ATL@@UAGJABU_GUID@@PAPAX@Z 10003203 f i ElectronicJournal.obj
 0001:00002203       ?_LocCPQueryInterface@?$IConnectionPointImpl@VCOPOSElectronicJournal@@$1?IID_IPropertyNotifySink@@3U_GUID@@BVCComDynamicUnkArray@ATL@@@ATL@@UAGJABU_GUID@@PAPAX@Z 10003203 f i ElectronicJournal.obj
 0001:00002250       ?GetConnectionInterface@?$IConnectionPointImpl@VCOPOSElectronicJournal@@$1?IID_IPropertyNotifySink@@3U_GUID@@BVCComDynamicUnkArray@ATL@@@ATL@@UAGJPAU_GUID@@@Z 10003250 f i ElectronicJournal.obj
 0001:00002274       ?GetConnectionPointContainer@?$IConnectionPointImpl@VCOPOSElectronicJournal@@$1?IID_IPropertyNotifySink@@3U_GUID@@BVCComDynamicUnkArray@ATL@@@ATL@@UAGJPAPAUIConnectionPointContainer@@@Z 10003274 f i ElectronicJournal.obj
 0001:00002297       ?Advise@?$IConnectionPointImpl@VCOPOSElectronicJournal@@$1?DIID__IOPOSElectronicJournalEvents@@3U_GUID@@BVCComDynamicUnkArray@ATL@@@ATL@@UAGJPAUIUnknown@@PAK@Z 10003297 f i ElectronicJournal.obj
 0001:00002297       ?Advise@?$IConnectionPointImpl@VCOPOSElectronicJournal@@$1?IID_IPropertyNotifySink@@3U_GUID@@BVCComDynamicUnkArray@ATL@@@ATL@@UAGJPAUIUnknown@@PAK@Z 10003297 f i ElectronicJournal.obj
 0001:00002338       ?Unadvise@?$IConnectionPointImpl@VCOPOSElectronicJournal@@$1?DIID__IOPOSElectronicJournalEvents@@3U_GUID@@BVCComDynamicUnkArray@ATL@@@ATL@@UAGJK@Z 10003338 f i ElectronicJournal.obj
 0001:00002338       ?Unadvise@?$IConnectionPointImpl@VCOPOSElectronicJournal@@$1?IID_IPropertyNotifySink@@3U_GUID@@BVCComDynamicUnkArray@ATL@@@ATL@@UAGJK@Z 10003338 f i ElectronicJournal.obj
 0001:00002378       ?EnumConnections@?$IConnectionPointImpl@VCOPOSElectronicJournal@@$1?IID_IPropertyNotifySink@@3U_GUID@@BVCComDynamicUnkArray@ATL@@@ATL@@UAGJPAPAUIEnumConnections@@@Z 10003378 f i ElectronicJournal.obj
 0001:00002378       ?EnumConnections@?$IConnectionPointImpl@VCOPOSElectronicJournal@@$1?DIID__IOPOSElectronicJournalEvents@@3U_GUID@@BVCComDynamicUnkArray@ATL@@@ATL@@UAGJPAPAUIEnumConnections@@@Z 10003378 f i ElectronicJournal.obj
 0001:0000247e       ?GetObjectDescription@?$CComCoClass@VCOPOSElectronicJournal@@$1?CLSID_OPOSElectronicJournal@@3U_GUID@@B@ATL@@SGPB_WXZ 1000347e f i ElectronicJournal.obj
 0001:0000247e       ?GetCategoryMap@CComObjectRootBase@ATL@@SAPBU_ATL_CATMAP_ENTRY@2@XZ 1000347e f i ElectronicJournal.obj
 0001:00002481       ?GetConnectionInterface@?$IConnectionPointImpl@VCOPOSElectronicJournal@@$1?DIID__IOPOSElectronicJournalEvents@@3U_GUID@@BVCComDynamicUnkArray@ATL@@@ATL@@UAGJPAU_GUID@@@Z 10003481 f i ElectronicJournal.obj
 0001:000024a5       ?GetConnectionPointContainer@?$IConnectionPointImpl@VCOPOSElectronicJournal@@$1?DIID__IOPOSElectronicJournalEvents@@3U_GUID@@BVCComDynamicUnkArray@ATL@@@ATL@@UAGJPAPAUIConnectionPointContainer@@@Z 100034a5 f i ElectronicJournal.obj
 0001:000024c8       ?UpdateRegistry@COPOSElectronicJournal@@SGJH@Z 100034c8 f i ElectronicJournal.obj
 0001:000024e0       ?ProcessWindowMessage@COPOSElectronicJournal@@UAEHPAUHWND__@@IIJAAJK@Z 100034e0 f i ElectronicJournal.obj
 0001:00002529       ?SOData@COPOSElectronicJournal@@MAGJJ@Z 10003529 f i ElectronicJournal.obj
 0001:00002562       ?SODirectIO@COPOSElectronicJournal@@MAGJJPAJPAPA_W@Z 10003562 f i ElectronicJournal.obj
 0001:000025ab       ?SOError@COPOSElectronicJournal@@MAGJJJJPAJ@Z 100035ab f i ElectronicJournal.obj
 0001:00002600       ?SOOutputComplete@COPOSElectronicJournal@@MAGJJ@Z 10003600 f i ElectronicJournal.obj
 0001:00002639       ?SOStatusUpdate@COPOSElectronicJournal@@MAGJJ@Z 10003639 f i ElectronicJournal.obj
 0001:00002672       ?CreateInstance@?$CComCreator@V?$CComObjectCached@VCComClassFactory@ATL@@@ATL@@@ATL@@SGJPAXABU_GUID@@PAPAX@Z 10003672 f i ElectronicJournal.obj
 0001:00002705       ?CreateInstance@?$CComCreator2@V?$CComCreator@V?$CComObject@VCOPOSElectronicJournal@@@ATL@@@ATL@@V?$CComCreator@V?$CComAggObject@VCOPOSElectronicJournal@@@ATL@@@2@@ATL@@SGJPAXABU_GUID@@PAPAX@Z 10003705 f i ElectronicJournal.obj
 0001:00002725       ?Next@?$CComEnumImpl@UIEnumConnectionPoints@@$1?_GUID_b196b285_bab4_101a_b69c_00aa00341d07@@3U__s_GUID@@BPAUIConnectionPoint@@V?$_CopyInterface@UIConnectionPoint@@@ATL@@@ATL@@UAGJKPAPAUIConnectionPoint@@PAK@Z 10003725 f i ElectronicJournal.obj
 0001:000027fc       ?Skip@?$CComEnumImpl@UIEnumConnectionPoints@@$1?_GUID_b196b285_bab4_101a_b69c_00aa00341d07@@3U__s_GUID@@BPAUIConnectionPoint@@V?$_CopyInterface@UIConnectionPoint@@@ATL@@@ATL@@UAGJK@Z 100037fc f i ElectronicJournal.obj
 0001:00002829       ?Clone@?$CComEnumImpl@UIEnumConnectionPoints@@$1?_GUID_b196b285_bab4_101a_b69c_00aa00341d07@@3U__s_GUID@@BPAUIConnectionPoint@@V?$_CopyInterface@UIConnectionPoint@@@ATL@@@ATL@@UAGJPAPAUIEnumConnectionPoints@@@Z 10003829 f i ElectronicJournal.obj
 0001:0000290a       ?QueryInterface@?$CComObject@V?$CComEnum@UIEnumConnectionPoints@@$1?_GUID_b196b285_bab4_101a_b69c_00aa00341d07@@3U__s_GUID@@BPAUIConnectionPoint@@V?$_CopyInterface@UIConnectionPoint@@@ATL@@VCComSingleThreadModel@6@@ATL@@@ATL@@UAGJABU_GUID@@PAPAX@Z 1000390a f i ElectronicJournal.obj
 0001:00002924       ??_G?$CComObject@V?$CComEnum@UIEnumConnectionPoints@@$1?_GUID_b196b285_bab4_101a_b69c_00aa00341d07@@3U__s_GUID@@BPAUIConnectionPoint@@V?$_CopyInterface@UIConnectionPoint@@@ATL@@VCComSingleThreadModel@6@@ATL@@@ATL@@UAEPAXI@Z 10003924 f i ElectronicJournal.obj
 0001:00002924       ??_E?$CComObject@V?$CComEnum@UIEnumConnectionPoints@@$1?_GUID_b196b285_bab4_101a_b69c_00aa00341d07@@3U__s_GUID@@BPAUIConnectionPoint@@V?$_CopyInterface@UIConnectionPoint@@@ATL@@VCComSingleThreadModel@6@@ATL@@@ATL@@UAEPAXI@Z 10003924 f i ElectronicJournal.obj
 0001:00002946       ?CreateInstance@CComClassFactory@ATL@@UAGJPAUIUnknown@@ABU_GUID@@PAPAX@Z 10003946 f i ElectronicJournal.obj
 0001:00002984       ?LockServer@CComClassFactory@ATL@@UAGJH@Z 10003984 f i ElectronicJournal.obj
 0001:000029a3       ??_GCComClassFactory@ATL@@UAEPAXI@Z 100039a3 f i ElectronicJournal.obj
 0001:000029a3       ??_ECComClassFactory@ATL@@UAEPAXI@Z 100039a3 f i ElectronicJournal.obj
 0001:000029ce       ??$?4UITypeInfo2@@@?$CComPtr@UITypeInfo@@@ATL@@QAEPAUITypeInfo@@ABV?$CComPtr@UITypeInfo2@@@1@@Z 100039ce f i ElectronicJournal.obj
 0001:000029fb       ??$AtlAdd@K@ATL@@YAJPAKKK@Z 100039fb f i ElectronicJournal.obj
 0001:00002a1e       ??$AtlAdd@_K@ATL@@YAJPA_K_K1@Z 10003a1e f i ElectronicJournal.obj
 0001:00002a56       ??$AtlAddThrow@K@ATL@@YAKKK@Z 10003a56 f i ElectronicJournal.obj
 0001:00002a7c       ??$AtlModuleRegisterWndClassInfoT@VAtlModuleRegisterWndClassInfoParamW@ATL@@@ATL@@YAGPAU_ATL_BASE_MODULE70@0@PAU_ATL_WIN_MODULE70@0@PAU_ATL_WNDCLASSINFOW@0@PAP6GJPAUHWND__@@IIJ@ZVAtlModuleRegisterWndClassInfoParamW@0@@Z 10003a7c f i ElectronicJournal.obj
 0001:00002bca       ??$AtlMultiply@H@ATL@@YAJPAHHH@Z 10003bca f i ElectronicJournal.obj
 0001:00002c02       ??$AtlMultiply@I@ATL@@YAJPAIII@Z 10003c02 f i ElectronicJournal.obj
 0001:00002c02       ??$AtlMultiply@K@ATL@@YAJPAKKK@Z 10003c02 f i ElectronicJournal.obj
 0001:00002c24       ??$AtlMultiplyThrow@I@ATL@@YAIII@Z 10003c24 f i ElectronicJournal.obj
 0001:00002c4a       ??0?$CComAggObject@VCOPOSElectronicJournal@@@ATL@@QAE@PAX@Z 10003c4a f i ElectronicJournal.obj
 0001:00002c77       ??0?$CComContainedObject@VCOPOSElectronicJournal@@@ATL@@QAE@PAX@Z 10003c77 f i ElectronicJournal.obj
 0001:00002d30       ??0?$CComObject@V?$CComEnum@UIEnumConnectionPoints@@$1?_GUID_b196b285_bab4_101a_b69c_00aa00341d07@@3U__s_GUID@@BPAUIConnectionPoint@@V?$_CopyInterface@UIConnectionPoint@@@ATL@@VCComSingleThreadModel@6@@ATL@@@ATL@@QAE@PAX@Z 10003d30 f i ElectronicJournal.obj
 0001:00002d5e       ??0?$CComObject@V?$CComEnum@UIEnumConnections@@$1?_GUID_b196b287_bab4_101a_b69c_00aa00341d07@@3U__s_GUID@@BUtagCONNECTDATA@@V?$_Copy@UtagCONNECTDATA@@@ATL@@VCComSingleThreadModel@6@@ATL@@@ATL@@QAE@PAX@Z 10003d5e f i ElectronicJournal.obj
 0001:00002d8c       ??0?$CComObject@VCOPOSElectronicJournal@@@ATL@@QAE@PAX@Z 10003d8c f i ElectronicJournal.obj
 0001:00002e43       ??0?$CComQIPtr@UIOleControlSite@@$1?_GUID_b196b289_bab4_101a_b69c_00aa00341d07@@3U__s_GUID@@B@ATL@@QAE@PAUIUnknown@@@Z 10003e43 f i ElectronicJournal.obj
 0001:00002e6c       ??0CAtlModule@ATL@@QAE@XZ  10003e6c f i ElectronicJournal.obj
 0001:00002ead       ??0CParseBuffer@CRegParser@ATL@@QAE@H@Z 10003ead f i ElectronicJournal.obj
 0001:00002ee3       ??0_ATL_MSG@ATL@@QAE@PAUHWND__@@IIJH@Z 10003ee3 f i ElectronicJournal.obj
 0001:00002f1b       ??1?$CComAggObject@VCOPOSElectronicJournal@@@ATL@@UAE@XZ 10003f1b f i ElectronicJournal.obj
 0001:00002f3f       ??1?$CComEnumImpl@UIEnumConnectionPoints@@$1?_GUID_b196b285_bab4_101a_b69c_00aa00341d07@@3U__s_GUID@@BPAUIConnectionPoint@@V?$_CopyInterface@UIConnectionPoint@@@ATL@@@ATL@@UAE@XZ 10003f3f f i ElectronicJournal.obj
 0001:00002f7f       ??1?$CComEnumImpl@UIEnumConnections@@$1?_GUID_b196b287_bab4_101a_b69c_00aa00341d07@@3U__s_GUID@@BUtagCONNECTDATA@@V?$_Copy@UtagCONNECTDATA@@@ATL@@@ATL@@UAE@XZ 10003f7f f i ElectronicJournal.obj
 0001:00002fbf       ??1?$CComObject@V?$CComEnum@UIEnumConnectionPoints@@$1?_GUID_b196b285_bab4_101a_b69c_00aa00341d07@@3U__s_GUID@@BPAUIConnectionPoint@@V?$_CopyInterface@UIConnectionPoint@@@ATL@@VCComSingleThreadModel@6@@ATL@@@ATL@@UAE@XZ 10003fbf f i ElectronicJournal.obj
 0001:00002fe2       ??1?$CComObject@V?$CComEnum@UIEnumConnections@@$1?_GUID_b196b287_bab4_101a_b69c_00aa00341d07@@3U__s_GUID@@BUtagCONNECTDATA@@V?$_Copy@UtagCONNECTDATA@@@ATL@@VCComSingleThreadModel@6@@ATL@@@ATL@@UAE@XZ 10003fe2 f i ElectronicJournal.obj
 0001:00003005       ??1?$CComObject@VCOPOSElectronicJournal@@@ATL@@UAE@XZ 10004005 f i ElectronicJournal.obj
 0001:000030c3       ??1?$CComObjectCached@VCComClassFactory@ATL@@@ATL@@UAE@XZ 100040c3 f i ElectronicJournal.obj
 0001:000030d9       ??1?$CComObjectRootEx@VCComMultiThreadModel@ATL@@@ATL@@QAE@XZ 100040d9 f i ElectronicJournal.obj
 0001:000030ee       ??1CRegObject@ATL@@UAE@XZ  100040ee f i ElectronicJournal.obj
 0001:0000310e       ??4?$CComPtr@UIOleClientSite@@@ATL@@QAEPAUIOleClientSite@@PAU2@@Z 1000410e f i ElectronicJournal.obj
 0001:0000310e       ??4?$CComPtr@UIAdviseSink@@@ATL@@QAEPAUIAdviseSink@@PAU2@@Z 1000410e f i ElectronicJournal.obj
 0001:0000310e       ??4?$CComPtr@UIUnknown@@@ATL@@QAEPAUIUnknown@@PAU2@@Z 1000410e f i ElectronicJournal.obj
 0001:00003142       ??4?$CComQIPtr@UIOleObject@@$1?_GUID_00000112_0000_0000_c000_000000000046@@3U__s_GUID@@B@ATL@@QAEPAUIOleObject@@PAUIUnknown@@@Z 10004142 f i ElectronicJournal.obj
 0001:00003167       ??4?$CComQIPtr@UISpecifyPropertyPages@@$1?_GUID_b196b28b_bab4_101a_b69c_00aa00341d07@@3U__s_GUID@@B@ATL@@QAEPAUISpecifyPropertyPages@@PAUIUnknown@@@Z 10004167 f i ElectronicJournal.obj
 0001:0000318c       ??_G?$CComContainedObject@VCOPOSElectronicJournal@@@ATL@@UAEPAXI@Z 1000418c f i ElectronicJournal.obj
 0001:0000318c       ??_E?$CComContainedObject@VCOPOSElectronicJournal@@@ATL@@UAEPAXI@Z 1000418c f i ElectronicJournal.obj
 0001:000031b1       ??_E?$CComObject@VCOPOSElectronicJournal@@@ATL@@UAEPAXI@Z 100041b1 f i ElectronicJournal.obj
 0001:000031b1       ??_G?$CComObject@VCOPOSElectronicJournal@@@ATL@@UAEPAXI@Z 100041b1 f i ElectronicJournal.obj
 0001:000031d6       ?Add@?$CSimpleArray@GV?$CSimpleArrayEqualHelper@G@ATL@@@ATL@@QAEHABG@Z 100041d6 f i ElectronicJournal.obj
 0001:0000325a       ?Add@?$CSimpleMap@PA_WPA_WVCExpansionVectorEqualHelper@ATL@@@ATL@@QAEHABQA_W0@Z 1000425a f i ElectronicJournal.obj
 0001:000032af       ?Add@CComDynamicUnkArray@ATL@@QAEKPAUIUnknown@@@Z 100042af f i ElectronicJournal.obj
 0001:00003365       ?Add@CExpansionVector@ATL@@QAEHPB_W0@Z 10004365 f i ElectronicJournal.obj
 0001:00003469       ?AddString@CParseBuffer@CRegParser@ATL@@QAEHPB_W@Z 10004469 f i ElectronicJournal.obj
 0001:0000349e       ?AddValue@CRegParser@ATL@@IAEJAAVCRegKey@2@PB_WPA_W@Z 1000449e f i ElectronicJournal.obj
 0001:000037bf       ?Allocate@?$CAtlSafeAllocBufferManager@VCCRTAllocator@ATL@@@_ATL_SAFE_ALLOCA_IMPL@ATL@@QAEPAXK@Z 100047bf f i ElectronicJournal.obj
 0001:000037ec       ?Allocate@?$CTempBuffer@E$0BAA@VCCRTAllocator@ATL@@@ATL@@QAEPAEI@Z 100047ec f i ElectronicJournal.obj
 0001:0000381b       ?Allocate@?$CTempBuffer@_W$0BAA@VCCRTAllocator@ATL@@@ATL@@QAEPA_WI@Z 1000481b f i ElectronicJournal.obj
 0001:0000384a       ?Allocate@?$CTempBuffer@_W$0EAA@VCCRTAllocator@ATL@@@ATL@@QAEPA_WI@Z 1000484a f i ElectronicJournal.obj
 0001:00003879       ?AllocateHeap@?$CTempBuffer@E$0BAA@VCCRTAllocator@ATL@@@ATL@@AAEXI@Z 10004879 f i ElectronicJournal.obj
 0001:00003879       ?AllocateHeap@?$CTempBuffer@_W$0EAA@VCCRTAllocator@ATL@@@ATL@@AAEXI@Z 10004879 f i ElectronicJournal.obj
 0001:00003879       ?AllocateHeap@?$CTempBuffer@_W$0BAA@VCCRTAllocator@ATL@@@ATL@@AAEXI@Z 10004879 f i ElectronicJournal.obj
 0001:0000389e       ?Append@CParseBuffer@CRegParser@ATL@@QAEHPB_WH@Z 1000489e f i ElectronicJournal.obj
 0001:0000392c       ?AtlCallTermFunc@ATL@@YGXPAU_ATL_MODULE70@1@@Z 1000492c f i ElectronicJournal.obj
 0001:00003970       ?AtlCoTaskMemCAlloc@ATL@@YAPAXKK@Z 10004970 f i ElectronicJournal.obj
 0001:0000399d       ?AtlCoTaskMemRecalloc@ATL@@YAPAXPAXKK@Z 1000499d f i ElectronicJournal.obj
 0001:000039cd       ?AtlComModuleGetClassObject@ATL@@YGJPAU_ATL_COM_MODULE70@1@ABU_GUID@@1PAPAX@Z 100049cd f i ElectronicJournal.obj
 0001:00003ac0       ?AtlComModuleRegisterServer@ATL@@YGJPAU_ATL_COM_MODULE70@1@HPBU_GUID@@@Z 10004ac0 f i ElectronicJournal.obj
 0001:00003b48       ?AtlComModuleUnregisterServer@ATL@@YGJPAU_ATL_COM_MODULE70@1@HPBU_GUID@@@Z 10004b48 f i ElectronicJournal.obj
 0001:00003bd0       ?AtlComQIPtrAssign2@ATL@@YAXPAPAUIUnknown@@PAU2@ABU_GUID@@@Z 10004bd0 f i ElectronicJournal.obj
 0001:00003bff       ?AtlCreateTargetDC@ATL@@YGPAUHDC__@@PAU2@PAUtagDVTARGETDEVICE@@@Z 10004bff f i ElectronicJournal.obj
 0001:00003c68       ?AtlCrtErrorCheck@ATL@@YAHH@Z 10004c68 f i ElectronicJournal.obj
 0001:00003ca3       ?AtlHiMetricToPixel@ATL@@YGXPBUtagSIZE@@PAU2@@Z 10004ca3 f i ElectronicJournal.obj
 0001:00003d18       ?AtlHresultFromLastError@ATL@@YAJXZ 10004d18 f i ElectronicJournal.obj
 0001:00003d2f       ?AtlHresultFromWin32@ATL@@YAJK@Z 10004d2f f i ElectronicJournal.obj
 0001:00003d44       ?AtlIPersistStreamInit_Load@ATL@@YGJPAUIStream@@PBUATL_PROPMAP_ENTRY@1@PAXPAUIUnknown@@@Z 10004d44 f i ElectronicJournal.obj
 0001:00003f24       ?AtlIPersistStreamInit_Save@ATL@@YGJPAUIStream@@HPBUATL_PROPMAP_ENTRY@1@PAXPAUIUnknown@@@Z 10004f24 f i ElectronicJournal.obj
 0001:000040bc       ?AtlInternalOleLoadFromStream@ATL@@YAJPAUIStream@@ABU_GUID@@PAPAXTClassesAllowedInStream@1@K@Z 100050bc f i ElectronicJournal.obj
 0001:000041e2       ?AtlInternalQueryInterface@ATL@@YGJPAXPBU_ATL_INTMAP_ENTRY@1@ABU_GUID@@PAPAX@Z 100051e2 f i ElectronicJournal.obj
 0001:00004285       ?AtlLoadTypeLib@ATL@@YGJPAUHINSTANCE__@@PB_WPAPA_WPAPAUITypeLib@@@Z 10005285 f i ElectronicJournal.obj
 0001:00004463       ?AtlModuleAddTermFunc@ATL@@YGJPAU_ATL_MODULE70@1@P6GXK@ZK@Z 10005463 f i ElectronicJournal.obj
 0001:000044c0       ?AtlRegisterClassCategoriesHelper@ATL@@YGJABU_GUID@@PBU_ATL_CATMAP_ENTRY@1@H@Z 100054c0 f i ElectronicJournal.obj
 0001:000047a0       ?AtlRegisterTypeLib@ATL@@YGJPAUHINSTANCE__@@PB_W@Z 100057a0 f i ElectronicJournal.obj
 0001:00004928       ?AtlThrowImpl@ATL@@YGXJ@Z  10005928 f i ElectronicJournal.obj
 0001:00004946       ?AtlUnRegisterTypeLib@ATL@@YGJPAUHINSTANCE__@@PB_W@Z 10005946 f i ElectronicJournal.obj
 0001:000049f1       ?AtlWinModuleAddCreateWndData@ATL@@YGXPAU_ATL_WIN_MODULE70@1@PAU_AtlCreateWndData@1@PAX@Z 100059f1 f i ElectronicJournal.obj
 0001:00004a45       ?AtlWinModuleExtractCreateWndData@ATL@@YGPAXPAU_ATL_WIN_MODULE70@1@@Z 10005a45 f i ElectronicJournal.obj
 0001:00004aa8       ?AtlWinModuleRegisterClassExW@ATL@@YGGPAU_ATL_WIN_MODULE70@1@PBUtagWNDCLASSEXW@@@Z 10005aa8 f i ElectronicJournal.obj
 0001:00004ae7       ?CanForceRemoveKey@CRegParser@ATL@@IAEHPB_W@Z 10005ae7 f i ElectronicJournal.obj
 0001:00004b16       ?ChToByte@CRegParser@ATL@@KAE_W@Z 10005b16 f i ElectronicJournal.obj
 0001:00004b49       ?Cleanup@CComTypeInfoHolder@ATL@@SGXK@Z 10005b49 f i ElectronicJournal.obj
 0001:00004b7c       ?ClearReplacements@CExpansionVector@ATL@@QAEJXZ 10005b7c f i ElectronicJournal.obj
 0001:00004bb9       ?Close@CRegKey@ATL@@QAEJXZ 10005bb9 f i ElectronicJournal.obj
 0001:00004bd3       ?CreateInstance@?$CComCreator@V?$CComAggObject@VCOPOSElectronicJournal@@@ATL@@@ATL@@SGJPAXABU_GUID@@PAPAX@Z 10005bd3 f i ElectronicJournal.obj
 0001:00004c49       ?CreateInstance@?$CComCreator@V?$CComObject@VCOPOSElectronicJournal@@@ATL@@@ATL@@SGJPAXABU_GUID@@PAPAX@Z 10005c49 f i ElectronicJournal.obj
 0001:00004cca       ?CreateInstance@?$CComObject@V?$CComEnum@UIEnumConnectionPoints@@$1?_GUID_b196b285_bab4_101a_b69c_00aa00341d07@@3U__s_GUID@@BPAUIConnectionPoint@@V?$_CopyInterface@UIConnectionPoint@@@ATL@@VCComSingleThreadModel@6@@ATL@@@ATL@@SGJPAPAV12@@Z 10005cca f i ElectronicJournal.obj
 0001:00004d11       ?CreateInstance@?$CComObject@V?$CComEnum@UIEnumConnections@@$1?_GUID_b196b287_bab4_101a_b69c_00aa00341d07@@3U__s_GUID@@BUtagCONNECTDATA@@V?$_Copy@UtagCONNECTDATA@@@ATL@@VCComSingleThreadModel@6@@ATL@@@ATL@@SGJPAPAV12@@Z 10005d11 f i ElectronicJournal.obj
 0001:00004d58       ?DefaultReflectionHandler@?$CWindowImplRoot@VCWindow@ATL@@@ATL@@SAHPAUHWND__@@IIJAAJ@Z 10005d58 f i ElectronicJournal.obj
 0001:00004dcb       ?DeleteSubKey@CRegKey@ATL@@QAEJPB_W@Z 10005dcb f i ElectronicJournal.obj
 0001:00004e44       ?DoEvent@COPOSElectronicJournal@@IAEXIIJ@Z 10005e44 f i ElectronicJournal.obj
 0001:00004ec4       ?DoVerbHide@?$IOleObjectImpl@VCOPOSElectronicJournal@@@ATL@@QAEJPBUtagRECT@@PAUHWND__@@@Z 10005ec4 f i ElectronicJournal.obj
 0001:00004efa       ?DoVerbInPlaceActivate@?$IOleObjectImpl@VCOPOSElectronicJournal@@@ATL@@QAEJPBUtagRECT@@PAUHWND__@@@Z 10005efa f i ElectronicJournal.obj
 0001:00004f2d       ?DoVerbPrimary@?$IOleObjectImpl@VCOPOSElectronicJournal@@@ATL@@QAEJPBUtagRECT@@PAUHWND__@@@Z 10005f2d f i ElectronicJournal.obj
 0001:00004fb9       ?DoVerbProperties@CComControlBase@ATL@@QAEJPBUtagRECT@@PAUHWND__@@@Z 10005fb9 f i ElectronicJournal.obj
 0001:000050e0       ?DoVerbShow@?$IOleObjectImpl@VCOPOSElectronicJournal@@@ATL@@QAEJPBUtagRECT@@PAUHWND__@@@Z 100060e0 f i ElectronicJournal.obj
 0001:00005105       ?DoVerbUIActivate@?$IOleObjectImpl@VCOPOSElectronicJournal@@@ATL@@QAEJPBUtagRECT@@PAUHWND__@@@Z 10006105 f i ElectronicJournal.obj
 0001:00005142       ?DoesVerbActivate@CComControlBase@ATL@@QAEHJ@Z 10006142 f i ElectronicJournal.obj
 0001:00005163       ?DoesVerbUIActivate@CComControlBase@ATL@@QAEHJ@Z 10006163 f i ElectronicJournal.obj
 0001:00005198       ?EndOfVar@CRegParser@ATL@@IAEHXZ 10006198 f i ElectronicJournal.obj
 0001:000051b8       ?EscapeSingleQuote@CAtlModule@ATL@@SAXPA_WIPB_W@Z 100061b8 f i ElectronicJournal.obj
 0001:00005207       ?FindKey@?$CSimpleMap@PA_WPA_WVCExpansionVectorEqualHelper@ATL@@@ATL@@QBEHABQA_W@Z 10006207 f i ElectronicJournal.obj
 0001:0000523e       ?FireTheEvent@?$CProxy_IOPOSEvents@VCOPOSElectronicJournal@@@@IAEXPAVOposVariant@@IAAJPB_WJ@Z 1000623e f i ElectronicJournal.obj
 0001:000052d0       ?FireViewChange@CComControlBase@ATL@@QAEJXZ 100062d0 f i ElectronicJournal.obj
 0001:00005319       ?Fire_DataEvent@?$CProxy_IOPOSEvents@VCOPOSElectronicJournal@@@@QAEXJ@Z 10006319 f i ElectronicJournal.obj
 0001:000053a5       ?Fire_DirectIOEvent@?$CProxy_IOPOSEvents@VCOPOSElectronicJournal@@@@QAEXJPAJPAPA_W@Z 100063a5 f i ElectronicJournal.obj
 0001:0000548b       ?Fire_ErrorEvent@?$CProxy_IOPOSEvents@VCOPOSElectronicJournal@@@@QAEXJJJPAJ@Z 1000648b f i ElectronicJournal.obj
 0001:00005572       ?Fire_OutputCompleteEvent@?$CProxy_IOPOSEvents@VCOPOSElectronicJournal@@@@QAEXJ@Z 10006572 f i ElectronicJournal.obj
 0001:000055fe       ?Fire_StatusUpdateEvent@?$CProxy_IOPOSEvents@VCOPOSElectronicJournal@@@@QAEXJ@Z 100065fe f i ElectronicJournal.obj
 0001:0000568a       ?FreeHeap@?$CTempBuffer@E$0BAA@VCCRTAllocator@ATL@@@ATL@@AAEXXZ 1000668a f i ElectronicJournal.obj
 0001:0000568a       ?FreeHeap@?$CTempBuffer@_W$0BAA@VCCRTAllocator@ATL@@@ATL@@AAEXXZ 1000668a f i ElectronicJournal.obj
 0001:0000568a       ?FreeHeap@?$CTempBuffer@_W$0EAA@VCCRTAllocator@ATL@@@ATL@@AAEXXZ 1000668a f i ElectronicJournal.obj
 0001:00005693       ?GetAmbientLocaleID@CComControlBase@ATL@@QAEJAAK@Z 10006693 f i ElectronicJournal.obj
 0001:000056ef       ?GetAmbientUserMode@CComControlBase@ATL@@QAEJAAH@Z 100066ef f i ElectronicJournal.obj
 0001:0000575f       ?GetAt@CComDynamicUnkArray@ATL@@QAEPAUIUnknown@@H@Z 1000675f f i ElectronicJournal.obj
 0001:0000577b       ?GetClassObject@CComModule@ATL@@QAEJABU_GUID@@0PAPAX@Z 1000677b f i ElectronicJournal.obj
 0001:0000581d       ?GetConnMap@COPOSElectronicJournal@@SAPBU_ATL_CONNMAP_ENTRY@ATL@@PAH@Z 1000681d f i ElectronicJournal.obj
 0001:0000588d       ?GetCookie@CComDynamicUnkArray@ATL@@QAGKPAPAUIUnknown@@@Z 1000688d f i ElectronicJournal.obj
 0001:000058c5       ?GetIDsOfNames@CComTypeInfoHolder@ATL@@QAEJABU_GUID@@PAPA_WIKPAJ@Z 100068c5 f i ElectronicJournal.obj
 0001:000059d3       ?GetKeyAt@?$CSimpleMap@PA_WPA_WVCExpansionVectorEqualHelper@ATL@@@ATL@@QBEAAPA_WH@Z 100069d3 f i ElectronicJournal.obj
 0001:000059f8       ?GetPagesHelper@?$ISpecifyPropertyPagesImpl@VCOPOSElectronicJournal@@@ATL@@IAEJPAUtagCAUUID@@PBUATL_PROPMAP_ENTRY@2@@Z 100069f8 f i ElectronicJournal.obj
 0001:00005b1f       ?GetProperty@?$CComPtr@UIDispatch@@@ATL@@SAJPAUIDispatch@@JPAUtagVARIANT@@@Z 10006b1f f i ElectronicJournal.obj
 0001:00005b6e       ?GetSizeMax@CComVariant@ATL@@QBEJPAT_ULARGE_INTEGER@@@Z 10006b6e f i ElectronicJournal.obj
 0001:00005d28       ?GetStreamSize@CComBSTR@ATL@@SAKPA_W@Z 10006d28 f i ElectronicJournal.obj
 0001:00005d42       ?GetTI@CComTypeInfoHolder@ATL@@QAEJK@Z 10006d42 f i ElectronicJournal.obj
 0001:00005f2b       ?GetTI@CComTypeInfoHolder@ATL@@QAEJKPAPAUITypeInfo@@@Z 10006f2b f i ElectronicJournal.obj
 0001:00005f6d       ?GetUnknown@CComDynamicUnkArray@ATL@@QAGPAUIUnknown@@K@Z 10006f6d f i ElectronicJournal.obj
 0001:00005f8e       ?GetValueAt@?$CSimpleMap@PA_WPA_WVCExpansionVectorEqualHelper@ATL@@@ATL@@QBEAAPA_WH@Z 10006f8e f i ElectronicJournal.obj
 0001:00005fb4       ?GetZoomInfo@CComControlBase@ATL@@QAEXAAUATL_DRAWINFO@@@Z 10006fb4 f i ElectronicJournal.obj
 0001:00006047       ?HKeyFromString@CRegParser@ATL@@KAPAUHKEY__@@PA_W@Z 10007047 f i ElectronicJournal.obj
 0001:00006075       ?HasSubKeys@CRegParser@ATL@@IAEHPAUHKEY__@@@Z 10007075 f i ElectronicJournal.obj
 0001:000060aa       ?IDataObject_GetData@CComControlBase@ATL@@QAEJPAUtagFORMATETC@@PAUtagSTGMEDIUM@@@Z 100070aa f i ElectronicJournal.obj
 0001:00006250       ?IOleInPlaceObject_InPlaceDeactivate@CComControlBase@ATL@@QAEJXZ 10007250 f i ElectronicJournal.obj
 0001:000062d7       ?IOleInPlaceObject_SetObjectRects@CComControlBase@ATL@@QAEJPBUtagRECT@@0@Z 100072d7 f i ElectronicJournal.obj
 0001:000063a4       ?IOleInPlaceObject_UIDeactivate@CComControlBase@ATL@@QAEJXZ 100073a4 f i ElectronicJournal.obj
 0001:00006466       ?IOleObject_Advise@CComControlBase@ATL@@QAEJPAUIAdviseSink@@PAK@Z 10007466 f i ElectronicJournal.obj
 0001:00006490       ?IOleObject_Close@CComControlBase@ATL@@QAEJK@Z 10007490 f i ElectronicJournal.obj
 0001:00006574       ?IOleObject_GetClientSite@CComControlBase@ATL@@QAEJPAPAUIOleClientSite@@@Z 10007574 f i ElectronicJournal.obj
 0001:0000659d       ?IOleObject_SetClientSite@CComControlBase@ATL@@QAEJPAUIOleClientSite@@@Z 1000759d f i ElectronicJournal.obj
 0001:000065dc       ?IOleObject_SetExtent@CComControlBase@ATL@@QAEJKPAUtagSIZE@@@Z 100075dc f i ElectronicJournal.obj
 0001:00006690       ?IPSI_GetIPersistStreamInit@?$IPersistStorageImpl@VCOPOSElectronicJournal@@@ATL@@AAEPAUIPersistStreamInit@@XZ 10007690 f i ElectronicJournal.obj
 0001:000066d2       ?IPersistStreamInit_Load@?$IPersistStreamInitImpl@VCOPOSElectronicJournal@@@ATL@@QAEJPAUIStream@@PBUATL_PROPMAP_ENTRY@2@@Z 100076d2 f i ElectronicJournal.obj
 0001:000066fe       ?IPersistStreamInit_Save@?$IPersistStreamInitImpl@VCOPOSElectronicJournal@@@ATL@@QAEJPAUIStream@@HPBUATL_PROPMAP_ENTRY@2@@Z 100076fe f i ElectronicJournal.obj
 0001:00006733       ?IQuickActivate_QuickActivate@CComControlBase@ATL@@QAEJPAUtagQACONTAINER@@PAUtagQACONTROL@@@Z 10007733 f i ElectronicJournal.obj
 0001:00006975       ?IViewObject_Draw@CComControlBase@ATL@@QAEJKJPAXPAUtagDVTARGETDEVICE@@PAUHDC__@@2PBU_RECTL@@3@Z 10007975 f i ElectronicJournal.obj
 0001:00006a1d       ?InPlaceActivate@CComControlBase@ATL@@QAEJJPBUtagRECT@@@Z 10007a1d f i ElectronicJournal.obj
 0001:00006c8e       ?Init@?$CComEnumImpl@UIEnumConnectionPoints@@$1?_GUID_b196b285_bab4_101a_b69c_00aa00341d07@@3U__s_GUID@@BPAUIConnectionPoint@@V?$_CopyInterface@UIConnectionPoint@@@ATL@@@ATL@@QAEJPAPAUIConnectionPoint@@0PAUIUnknown@@W4CComEnumFlags@2@@Z 10007c8e f i ElectronicJournal.obj
 0001:00006d6d       ?Init@?$CComEnumImpl@UIEnumConnections@@$1?_GUID_b196b287_bab4_101a_b69c_00aa00341d07@@3U__s_GUID@@BUtagCONNECTDATA@@V?$_Copy@UtagCONNECTDATA@@@ATL@@@ATL@@QAEJPAUtagCONNECTDATA@@0PAUIUnknown@@W4CComEnumFlags@2@@Z 10007d6d f i ElectronicJournal.obj
 0001:00006e4c       ?Init@CComModule@ATL@@QAEJPAU_ATL_OBJMAP_ENTRY30@2@PAUHINSTANCE__@@PBU_GUID@@@Z 10007e4c f i ElectronicJournal.obj
 0001:00006eab       ?Init@CDynamicStdCallThunk2@ATL@@QAEHKPAX@Z 10007eab f i ElectronicJournal.obj
 0001:00006ed6       ?InlineIsEqualUnknown@ATL@@YGHABU_GUID@@@Z 10007ed6 f i ElectronicJournal.obj
 0001:00006efe       ?InternalGetSite@CComControlBase@ATL@@QAEJABU_GUID@@PAPAX@Z 10007efe f i ElectronicJournal.obj
 0001:00006f2c       ?InternalSetAtIndex@?$CSimpleMap@PA_WPA_WVCExpansionVectorEqualHelper@ATL@@@ATL@@QAEXHABQA_W0@Z 10007f2c f i ElectronicJournal.obj
 0001:00006f56       ?Invoke@CComTypeInfoHolder@ATL@@QAEJPAUIDispatch@@JABU_GUID@@KGPAUtagDISPPARAMS@@PAUtagVARIANT@@PAUtagEXCEPINFO@@PAI@Z 10007f56 f i ElectronicJournal.obj
 0001:00006f99       ?IsEqualObject@?$CComPtrBase@UITypeInfo@@@ATL@@QAE_NPAUIUnknown@@@Z 10007f99 f i ElectronicJournal.obj
 0001:00006f99       ?IsEqualObject@?$CComPtrBase@UIOleClientSite@@@ATL@@QAE_NPAUIUnknown@@@Z 10007f99 f i ElectronicJournal.obj
 0001:00007006       ?IsSpace@CRegParser@ATL@@IAEH_W@Z 10008006 f i ElectronicJournal.obj
 0001:00007030       ?LoadNameCache@CComTypeInfoHolder@ATL@@QAEJPAUITypeInfo@@@Z 10008030 f i ElectronicJournal.obj
 0001:0000717e       ?Lookup@?$CSimpleMap@PA_WPA_WVCExpansionVectorEqualHelper@ATL@@@ATL@@QBEPA_WABQA_W@Z 1000817e f i ElectronicJournal.obj
 0001:000071a4       ?NextToken@CRegParser@ATL@@IAEJPA_W@Z 100081a4 f i ElectronicJournal.obj
 0001:000072dc       ?OnKillFocus@CComControlBase@ATL@@QAEJIIJAAH@Z 100082dc f i ElectronicJournal.obj
 0001:00007337       ?OnMouseActivate@CComControlBase@ATL@@QAEJIIJAAH@Z 10008337 f i ElectronicJournal.obj
 0001:000073a5       ?OnPaint@CComControlBase@ATL@@QAEJIIJAAH@Z 100083a5 f i ElectronicJournal.obj
 0001:00007457       ?OnSetFocus@CComControlBase@ATL@@QAEJIIJAAH@Z 10008457 f i ElectronicJournal.obj
 0001:000074e0       ?Open@CRegKey@ATL@@QAEJPAUHKEY__@@PB_WK@Z 100084e0 f i ElectronicJournal.obj
 0001:00007535       ?PreProcessBuffer@CRegParser@ATL@@QAEJPA_WPAPA_W@Z 10008535 f i ElectronicJournal.obj
 0001:0000779f       ?ProcessWindowMessage@?$CComControl@VCOPOSElectronicJournal@@V?$CWindowImpl@VCOPOSElectronicJournal@@VCWindow@ATL@@V?$CWinTraits@$0FGAAAAAA@$0A@@3@@ATL@@@ATL@@UAEHPAUHWND__@@IIJAAJK@Z 1000879f f i ElectronicJournal.obj
 0001:0000783e       ?PutProperty@?$CComPtr@UIDispatch@@@ATL@@SAJPAUIDispatch@@JPAUtagVARIANT@@@Z 1000883e f i ElectronicJournal.obj
 0001:000078d0       ?ReadFromStream@CComBSTR@ATL@@QAEJPAUIStream@@@Z 100088d0 f i ElectronicJournal.obj
 0001:000079fe       ?ReadFromStream@CComVariant@ATL@@QAEJPAUIStream@@GTClassesAllowedInStream@2@K@Z 100089fe f i ElectronicJournal.obj
 0001:00007b84       ?RecurseDeleteKey@CRegKey@ATL@@QAEJPB_W@Z 10008b84 f i ElectronicJournal.obj
 0001:00007c46       ?RegCreateKeyExW@CAtlTransactionManager@ATL@@QAEJPAUHKEY__@@PB_WKPA_WKKQAU_SECURITY_ATTRIBUTES@@PAPAU3@PAK@Z 10008c46 f i ElectronicJournal.obj
 0001:00007ca9       ?RegDeleteKeyW@CAtlTransactionManager@ATL@@QAEJPAUHKEY__@@PB_W@Z 10008ca9 f i ElectronicJournal.obj
 0001:00007cfb       ?RegOpenKeyExW@CAtlTransactionManager@ATL@@QAEJPAUHKEY__@@PB_WKKPAPAU3@@Z 10008cfb f i ElectronicJournal.obj
 0001:00007d52       ?Register@_ATL_WNDCLASSINFOW@ATL@@QAEGPAP6GJPAUHWND__@@IIJ@Z@Z 10008d52 f i ElectronicJournal.obj
 0001:00007d72       ?RegisterBuffer@CRegParser@ATL@@QAEJPA_WH@Z 10008d72 f i ElectronicJournal.obj
 0001:00007eab       ?RegisterFromResource@CRegObject@ATL@@IAEJPB_W00H@Z 10008eab f i ElectronicJournal.obj
 0001:00007fe1       ?RegisterServer@?$CAtlModuleT@VCComModule@ATL@@@ATL@@QAEJHPBU_GUID@@@Z 10008fe1 f i ElectronicJournal.obj
 0001:0000800f       ?RegisterServer@CComModule@ATL@@QAEJHPBU_GUID@@@Z 1000900f f i ElectronicJournal.obj
 0001:00008085       ?RegisterSubkeys@CRegParser@ATL@@IAEJPA_WPAUHKEY__@@HH@Z 10009085 f i ElectronicJournal.obj
 0001:00008657       ?Remove@CComDynamicUnkArray@ATL@@QAEHK@Z 10009657 f i ElectronicJournal.obj
 0001:00008680       ?RemoveAll@?$CSimpleMap@PA_WPA_WVCExpansionVectorEqualHelper@ATL@@@ATL@@QAEXXZ 10009680 f i ElectronicJournal.obj
 0001:000086ac       ?ResourceRegisterSz@CRegObject@ATL@@QAGJPB_W00@Z 100096ac f i ElectronicJournal.obj
 0001:000086d9       ?ResourceUnregisterSz@CRegObject@ATL@@QAGJPB_W00@Z 100096d9 f i ElectronicJournal.obj
 0001:00008706       ?SendOnDataChange@CComControlBase@ATL@@QAEJK@Z 10009706 f i ElectronicJournal.obj
 0001:00008753       ?SetControlFocus@CComControlBase@ATL@@QAEHH@Z 10009753 f i ElectronicJournal.obj
 0001:000087f0       ?SetMultiStringValue@CRegKey@ATL@@QAEJPB_W0@Z 100097f0 f i ElectronicJournal.obj
 0001:0000884c       ?SetStringValue@CRegKey@ATL@@QAEJPB_W0K@Z 1000984c f i ElectronicJournal.obj
 0001:00008895       ?SkipAssignment@CRegParser@ATL@@IAEJPA_W@Z 10009895 f i ElectronicJournal.obj
 0001:000088fa       ?SkipWhiteSpace@CRegParser@ATL@@IAEXXZ 100098fa f i ElectronicJournal.obj
 0001:0000891c       ?StrChrW@CRegParser@ATL@@KAPA_WPA_W_W@Z 1000991c f i ElectronicJournal.obj
 0001:00008959       ?Term@CAtlModule@ATL@@QAEXXZ 10009959 f i ElectronicJournal.obj
 0001:00008992       ?Term@CComModule@ATL@@QAEXXZ 10009992 f i ElectronicJournal.obj
 0001:000089ea       ?UnregisterServer@?$CAtlModuleT@VCComModule@ATL@@@ATL@@QAEJHPBU_GUID@@@Z 100099ea f i ElectronicJournal.obj
 0001:00008a10       ?UnregisterServer@CComModule@ATL@@QAEJHPBU_GUID@@@Z 10009a10 f i ElectronicJournal.obj
 0001:00008a86       ?UpdateRegistryFromResource@CAtlModule@ATL@@QAGJIHPAU_ATL_REGMAP_ENTRY@2@@Z 10009a86 f i ElectronicJournal.obj
 0001:00008c51       ?UpdateRegistryFromResource@CAtlModule@ATL@@QAGJPB_WHPAU_ATL_REGMAP_ENTRY@2@@Z 10009c51 f i ElectronicJournal.obj
 0001:00008e22       ?VTFromRegType@CRegParser@ATL@@KAHPB_WAAG@Z 10009e22 f i ElectronicJournal.obj
 0001:00008e8f       ?WindowProc@?$CWindowImplBaseT@VCWindow@ATL@@V?$CWinTraits@$0FGAAAAAA@$0A@@2@@ATL@@SGJPAUHWND__@@IIJ@Z 10009e8f f i ElectronicJournal.obj
 0001:00008f81       ?WriteToStream@CComBSTR@ATL@@QAEJPAUIStream@@@Z 10009f81 f i ElectronicJournal.obj
 0001:00008fd8       ?WriteToStream@CComVariant@ATL@@QAEJPAUIStream@@@Z 10009fd8 f i ElectronicJournal.obj
 0001:00009152       ?WriteToStream@CComVariant@ATL@@QAEJPAUIStream@@G@Z 1000a152 f i ElectronicJournal.obj
 0001:000091bb       ?_AtlInitialConstruct@?$CComObjectRootEx@VCComMultiThreadModel@ATL@@@ATL@@QAEJXZ 1000a1bb f i ElectronicJournal.obj
 0001:000091d0       ?_AtlVerifyStackAvailable@_ATL_SAFE_ALLOCA_IMPL@ATL@@YA_NK@Z 1000a1d0 f i ElectronicJournal.obj
 0001:0000924e       ?atlCreate@?$CWindowImpl@VCOPOSElectronicJournal@@VCWindow@ATL@@V?$CWinTraits@$0FGAAAAAA@$0A@@3@@ATL@@QAEPAUHWND__@@PAU3@V_U_RECT@2@PB_WKKV_U_MENUorID@2@PAX@Z 1000a24e f i ElectronicJournal.obj
 0001:00009292       ?atlCreate@?$CWindowImplBaseT@VCWindow@ATL@@V?$CWinTraits@$0FGAAAAAA@$0A@@2@@ATL@@QAEPAUHWND__@@PAU3@V_U_RECT@2@PB_WKKV_U_MENUorID@2@GPAX@Z 1000a292 f i ElectronicJournal.obj
 0001:0000932e       ?atlCreate@CRegKey@ATL@@QAEJPAUHKEY__@@PB_WPA_WKKPAU_SECURITY_ATTRIBUTES@@PAK@Z 1000a32e f i ElectronicJournal.obj
 0001:0000939d       ?copy@?$_Copy@UtagCONNECTDATA@@@ATL@@SAJPAUtagCONNECTDATA@@PBU3@@Z 1000a39d f i ElectronicJournal.obj
 0001:000093d3       ?copy@?$_CopyInterface@UIConnectionPoint@@@ATL@@SAJPAPAUIConnectionPoint@@PBQAU3@@Z 1000a3d3 f i ElectronicJournal.obj
 0001:00009401       ?memcpy_s@Checked@ATL@@YAXPAXIPBXI@Z 1000a401 f i ElectronicJournal.obj
 0001:00009420       ?ocscpy_s@@YA_NPA_WIPB_W@Z 1000a420 f i ElectronicJournal.obj
 0001:0000944f       ?ocslen@@YAHPB_W@Z         1000a44f f i ElectronicJournal.obj
 0001:0000946f       ?wcscpy_s@Checked@ATL@@YAXPA_WIPB_W@Z 1000a46f f i ElectronicJournal.obj
 0001:0000948b       _DllCanUnloadNow@0         1000a48b f   ElectronicJournal.obj
 0001:00009497       _DllGetClassObject@12      1000a497 f   ElectronicJournal.obj
 0001:000094a5       _DllMain@12                1000a4a5 f   ElectronicJournal.obj
 0001:000094e7       _DllRegisterServer@0       1000a4e7 f   ElectronicJournal.obj
 0001:000094f6       _DllUnregisterServer@0     1000a4f6 f   ElectronicJournal.obj
 0001:00009505       _InlineIsEqualGUID         1000a505 f i ElectronicJournal.obj
 0001:00009535       ___local_stdio_printf_options 1000a535 f i ElectronicJournal.obj
 0001:0000953b       __vswprintf_s_l            1000a53b f i ElectronicJournal.obj
 0001:000095e8       _swprintf_s                1000a5e8 f i ElectronicJournal.obj
 0001:00009604       ??0?$CComControl@VCOPOSElectronicJournal@@V?$CWindowImpl@VCOPOSElectronicJournal@@VCWindow@ATL@@V?$CWinTraits@$0FGAAAAAA@$0A@@3@@ATL@@@ATL@@QAE@XZ 1000a604 f i ElectronicJournalImpl.obj
 0001:0000962b       ??0?$CProxy_IOPOSEvents@VCOPOSElectronicJournal@@@@QAE@XZ 1000a62b f i ElectronicJournalImpl.obj
 0001:0000964e       ??0CComControlBase@ATL@@QAE@AAPAUHWND__@@@Z 1000a64e f i ElectronicJournalImpl.obj
 0001:00009698       ??0COPOSElectronicJournal@@QAE@XZ 1000a698 f   ElectronicJournalImpl.obj
 0001:000096ce       ??1?$CComControl@VCOPOSElectronicJournal@@V?$CWindowImpl@VCOPOSElectronicJournal@@VCWindow@ATL@@V?$CWinTraits@$0FGAAAAAA@$0A@@3@@ATL@@@ATL@@UAE@XZ 1000a6ce f i ElectronicJournalImpl.obj
 0001:000096e7       ??1?$IConnectionPointImpl@VCOPOSElectronicJournal@@$1?DIID__IOPOSElectronicJournalEvents@@3U_GUID@@BVCComDynamicUnkArray@ATL@@@ATL@@QAE@XZ 1000a6e7 f i ElectronicJournalImpl.obj
 0001:000096e7       ??1?$IConnectionPointImpl@VCOPOSElectronicJournal@@$1?IID_IPropertyNotifySink@@3U_GUID@@BVCComDynamicUnkArray@ATL@@@ATL@@QAE@XZ 1000a6e7 f i ElectronicJournalImpl.obj
 0001:00009724       ??1CComControlBase@ATL@@UAE@XZ 1000a724 f i ElectronicJournalImpl.obj
 0001:00009787       ??1COPOSElectronicJournal@@UAE@XZ 1000a787 f   ElectronicJournalImpl.obj
 0001:000097cf       ??1OposVariantResult@@QAE@XZ 1000a7cf f i ElectronicJournalImpl.obj
 0001:000097f0       ??1_CW@@QAE@XZ             1000a7f0 f i ElectronicJournalImpl.obj
 0001:00009809       ?AddMarker@COPOSElectronicJournal@@UAGJPA_WPAJ@Z 1000a809 f   ElectronicJournalImpl.obj
 0001:00009860       ?CancelPrintContent@COPOSElectronicJournal@@UAGJPAJ@Z 1000a860 f   ElectronicJournalImpl.obj
 0001:0000987b       ?CancelQueryContent@COPOSElectronicJournal@@UAGJPAJ@Z 1000a87b f   ElectronicJournalImpl.obj
 0001:00009896       ?CheckHealth@COPOSElectronicJournal@@UAGJJPAJ@Z 1000a896 f   ElectronicJournalImpl.obj
 0001:000098e5       ?ClaimDevice@COPOSElectronicJournal@@UAGJJPAJ@Z 1000a8e5 f   ElectronicJournalImpl.obj
 0001:0000995a       ?ClearInput@COPOSElectronicJournal@@UAGJPAJ@Z 1000a95a f   ElectronicJournalImpl.obj
 0001:00009975       ?ClearOutput@COPOSElectronicJournal@@UAGJPAJ@Z 1000a975 f   ElectronicJournalImpl.obj
 0001:00009990       ?Close@COPOSElectronicJournal@@UAGJPAJ@Z 1000a990 f   ElectronicJournalImpl.obj
 0001:000099fe       ?CompareFirmwareVersion@COPOSElectronicJournal@@UAGJPA_WPAJ1@Z 1000a9fe f   ElectronicJournalImpl.obj
 0001:00009a7e       ?DirectIO@COPOSElectronicJournal@@UAGJJPAJPAPA_W0@Z 1000aa7e f   ElectronicJournalImpl.obj
 0001:00009b2c       ?DoInvoke@COPOSElectronicJournal@@IAEJJPAVOposVariant@@IHPAJ_N@Z 1000ab2c f   ElectronicJournalImpl.obj
 0001:00009bee       ?EraseMedium@COPOSElectronicJournal@@UAGJPAJ@Z 1000abee f   ElectronicJournalImpl.obj
 0001:00009c09       ?EventClose@COPOSElectronicJournal@@IAEXXZ 1000ac09 f i ElectronicJournalImpl.obj
 0001:00009c3c       ?EventInit@COPOSElectronicJournal@@IAEJXZ 1000ac3c f i ElectronicJournalImpl.obj
 0001:00009d08       ?EventUninit@COPOSElectronicJournal@@IAEXXZ 1000ad08 f i ElectronicJournalImpl.obj
 0001:00009d5a       ?EventWindowProc@COPOSElectronicJournal@@IAGJIIJ@Z 1000ad5a f i ElectronicJournalImpl.obj
 0001:00009e58       ?FinalConstruct@COPOSElectronicJournal@@QAEJXZ 1000ae58 f   ElectronicJournalImpl.obj
 0001:00009e91       ?FireEventCleanup@COPOSElectronicJournal@@IAEXXZ 1000ae91 f i ElectronicJournalImpl.obj
 0001:00009ea7       ?FireEventSetup@COPOSElectronicJournal@@IAE_NXZ 1000aea7 f i ElectronicJournalImpl.obj
 0001:00009edb       ?FreezeEvents@COPOSElectronicJournal@@MAGJH@Z 1000aedb f   ElectronicJournalImpl.obj
 0001:00009f3b       ?GetOposProp@COPOSElectronicJournal@@IAEJJPAFJ@Z 1000af3b f   ElectronicJournalImpl.obj
 0001:00009f5e       ?GetOposProp@COPOSElectronicJournal@@IAEJJPAJJ@Z 1000af5e f   ElectronicJournalImpl.obj
 0001:0000a01c       ?GetOposProp@COPOSElectronicJournal@@IAEJJPAPA_WJ@Z 1000b01c f   ElectronicJournalImpl.obj
 0001:0000a0e7       ?InitializeMedium@COPOSElectronicJournal@@UAGJPA_WPAJ@Z 1000b0e7 f   ElectronicJournalImpl.obj
 0001:0000a13e       ?OnDraw@COPOSElectronicJournal@@MAEJAAUATL_DRAWINFO@@@Z 1000b13e f   ElectronicJournalImpl.obj
 0001:0000a1de       ?Open@COPOSElectronicJournal@@UAGJPA_WPAJ@Z 1000b1de f   ElectronicJournalImpl.obj
 0001:0000a977       ?PrintContent@COPOSElectronicJournal@@UAGJPA_W0PAJ@Z 1000b977 f   ElectronicJournalImpl.obj
 0001:0000a9f7       ?PrintContentFile@COPOSElectronicJournal@@UAGJPA_WPAJ@Z 1000b9f7 f   ElectronicJournalImpl.obj
 0001:0000aa4e       ?QueryContent@COPOSElectronicJournal@@UAGJPA_W00PAJ@Z 1000ba4e f   ElectronicJournalImpl.obj
 0001:0000ab06       ?ReleaseDevice@COPOSElectronicJournal@@UAGJPAJ@Z 1000bb06 f   ElectronicJournalImpl.obj
 0001:0000ab55       ?ResetStatistics@COPOSElectronicJournal@@UAGJPA_WPAJ@Z 1000bb55 f   ElectronicJournalImpl.obj
 0001:0000abac       ?ResumePrintContent@COPOSElectronicJournal@@UAGJPAJ@Z 1000bbac f   ElectronicJournalImpl.obj
 0001:0000abc7       ?ResumeQueryContent@COPOSElectronicJournal@@UAGJPAJ@Z 1000bbc7 f   ElectronicJournalImpl.obj
 0001:0000abe2       ?RetrieveCurrentMarker@COPOSElectronicJournal@@UAGJJPAPA_WPAJ@Z 1000bbe2 f   ElectronicJournalImpl.obj
 0001:0000ac5e       ?RetrieveMarker@COPOSElectronicJournal@@UAGJJJJPAPA_WPAJ@Z 1000bc5e f   ElectronicJournalImpl.obj
 0001:0000ad0d       ?RetrieveMarkerByDateTime@COPOSElectronicJournal@@UAGJJPA_W0PAPA_WPAJ@Z 1000bd0d f   ElectronicJournalImpl.obj
 0001:0000add0       ?RetrieveMarkersDateTime@COPOSElectronicJournal@@UAGJPA_WPAPA_WPAJ@Z 1000bdd0 f   ElectronicJournalImpl.obj
 0001:0000ae50       ?RetrieveStatistics@COPOSElectronicJournal@@UAGJPAPA_WPAJ@Z 1000be50 f   ElectronicJournalImpl.obj
 0001:0000aea7       ?SOProcessID@COPOSElectronicJournal@@UAGJPAJ@Z 1000bea7 f   ElectronicJournalImpl.obj
 0001:0000aebb       ?SetCOFreezeEvents@COPOSElectronicJournal@@IAEXF@Z 1000bebb f   ElectronicJournalImpl.obj
[...]
 0002:00002d48       ?strings@?1??fp_format_nan_or_infinity@@YAHW4__acrt_fp_class@@_NPADI1@Z@4QAY03QBDA 10021d48     libucrt:cvt.obj
 0002:00003290       ?_mb_locale_names@@3QBQB_WB 10022290     libucrt:mbctype.obj
 0002:00003ad8       ?LcidToLocaleNameTable@?A0x881e4c05@@3QBULcidToLocaleName@1@B 10022ad8     libucrt:lcidtoname_downlevel.obj
 0002:00004c00       ?LocaleNameToIndexTable@?A0x881e4c05@@3QBULocaleNameIndex@1@B 10023c00     libucrt:lcidtoname_downlevel.obj
 0002:00006458       ?large_power_indices@?1??multiply_by_power_of_ten@__crt_strtox@@YA_NAAUbig_integer@2@I@Z@4QBUunpack_index@?1??12@YA_N0I@Z@B 10025458     libucrt:cfout.obj
 0002:00006540       LOG_name                   10025540     libucrt:log10_impl.obj
 0002:00006550       _One                       10025550     libucrt:ceil_pentium4.obj
 0002:00006560       _Bns                       10025560     libucrt:ceil_pentium4.obj
 0002:00006570       _Zero                      10025570     libucrt:ceil_pentium4.obj
 0002:00006580       _S                         10025580     libucrt:ceil_pentium4.obj
 0002:00006590       _NegZero                   10025590     libucrt:ceil_pentium4.obj
 0002:000065a0       emask                      100255a0     libucrt:log10_pentium4.obj
 0002:000065b0       CC                         100255b0     libucrt:log10_pentium4.obj
 0002:000065c0       Magic                      100255c0     libucrt:log10_pentium4.obj
 0002:000065d0       hi_mask                    100255d0     libucrt:log10_pentium4.obj
 0002:000065e0       LOG10_2                    100255e0     libucrt:log10_pentium4.obj
 0002:000065f0       place_L                    100255f0     libucrt:log10_pentium4.obj
 0002:00006610       One                        10025610     libucrt:log10_pentium4.obj
 0002:00006620       Zero                       10025620     libucrt:log10_pentium4.obj
 0002:00006630       Two52                      10025630     libucrt:log10_pentium4.obj
 0002:00006640       Infs                       10025640     libucrt:log10_pentium4.obj
 0002:00006650       NaN                        10025650     libucrt:log10_pentium4.obj
 0002:00006660       coeff                      10025660     libucrt:log10_pentium4.obj
 0002:000066be       _log2max                   100256be     libucrt:87tran.obj
 0002:000066c8       _smallarg                  100256c8     libucrt:87tran.obj
 0002:000066d2       _half                      100256d2     libucrt:87tran.obj
 0002:0000671e       One                        1002571e     libucrt:87disp.obj
 0002:00006726       Three                      10025726     libucrt:87disp.obj
 0002:0000672e       XAMtoTagTab                1002572e     libucrt:87disp.obj
 0002:00006740       One                        10025740     libucrt:common.obj
 0002:00006754       DblMax                     10025754     libucrt:common.obj
 0002:0000675c       DblMin                     1002575c     libucrt:common.obj
 0002:00006764       IeeeAdjO                   10025764     libucrt:common.obj
 0002:0000676c       IeeeAdjU                   1002576c     libucrt:common.obj
 0002:00006774       _infinity                  10025774     libucrt:common.obj
 0002:0000677c       _zero                      1002577c     libucrt:common.obj
 0002:000067c8       _over                      100257c8     libucrt:fpctrl.obj
 0002:000067d4       _under                     100257d4     libucrt:fpctrl.obj
 0002:00007008       ?_names@?1??_get_fname@@9@9 10026008     libucrt:fpexcept.obj
 0002:00007860       __sehtable$?_AtlVerifyStackAvailable@_ATL_SAFE_ALLOCA_IMPL@ATL@@YA_NK@Z 10026860     ElectronicJournal.obj
 0002:00007880       __sehtable$___scrt_is_nonwritable_in_current_image 10026880     LIBCMT:utility.obj
 0002:0000789c       __catchsym$??2@YAPAXIABUnothrow_t@std@@@Z$2 1002689c     LIBCMT:new_scalar_nothrow.obj
 0002:000078ac       __unwindtable$??2@YAPAXIABUnothrow_t@std@@@Z 100268ac     LIBCMT:new_scalar_nothrow.obj
 0002:000078bc       __tryblocktable$??2@YAPAXIABUnothrow_t@std@@@Z 100268bc     LIBCMT:new_scalar_nothrow.obj
 0002:000078d0       __ehfuncinfo$??2@YAPAXIABUnothrow_t@std@@@Z 100268d0     LIBCMT:new_scalar_nothrow.obj
 0002:000078f8       __sehtable$?dllmain_crt_process_attach@@YAHQAUHINSTANCE__@@QAX@Z 100268f8     LIBCMT:dll_dllmain.obj
 0002:00007918       __sehtable$?dllmain_crt_process_detach@@YAH_N@Z 10026918     LIBCMT:dll_dllmain.obj
 0002:00007938       __sehtable$?dllmain_dispatch@@YAHQAUHINSTANCE__@@KQAX@Z 10026938     LIBCMT:dll_dllmain.obj
 0002:000079e8       __sehtable$?FrameUnwindToState@__FrameHandler3@@SAXPAUEHRegistrationNode@@PAXPBU_s_FuncInfo@@H@Z 100269e8     libvcruntime:frame.obj
 0002:00007a10       __sehtable$?CallCatchBlock@@YAPAXPAUEHExceptionRecord@@PAUEHRegistrationNode@@PAU_CONTEXT@@PBU_s_FuncInfo@@PAXHK@Z 10026a10     libvcruntime:frame.obj
 0002:00007a38       __catchsym$?CallUnexpected@@YAXPBU_s_ESTypeList@@@Z$2 10026a38     libvcruntime:frame.obj
 0002:00007a48       __unwindtable$?CallUnexpected@@YAXPBU_s_ESTypeList@@@Z 10026a48     libvcruntime:frame.obj
 0002:00007a58       __tryblocktable$?CallUnexpected@@YAXPBU_s_ESTypeList@@@Z 10026a58     libvcruntime:frame.obj
 0002:00007a6c       __ehfuncinfo$?CallUnexpected@@YAXPBU_s_ESTypeList@@@Z 10026a6c     libvcruntime:frame.obj
 0002:00007a90       __sehtable$??$BuildCatchObjectHelperInternal@V__FrameHandler3@@@@YAHPAUEHExceptionRecord@@PAXPBU_s_HandlerType@@PBU_s_CatchableType@@@Z 10026a90     libvcruntime:frame.obj
 0002:00007ab0       __sehtable$??$BuildCatchObjectInternal@V__FrameHandler3@@@@YAXPAUEHExceptionRecord@@PAXPBU_s_HandlerType@@PBU_s_CatchableType@@@Z 10026ab0     libvcruntime:frame.obj
 0002:00007b08       __sehtable$___DestructExceptionObject 10026b08     libvcruntime:ehhelpers.obj
 0002:00007b28       __sehtable$??R<lambda_6e4b09c48022b2350581041d5f6b0c4c>@@QBE@XZ 10026b28     libucrt:exit.obj
 0002:00007b48       __sehtable$??$?RV<lambda_03b1d95aef87969028cfba75ccab2455>@@AAV<lambda_6e4b09c48022b2350581041d5f6b0c4c>@@V<lambda_22bdf7517842c4b3e53723af5aa32b9e>@@@?$__crt_seh_guarded_call@X@@QAEX$$QAV<lambda_03b1d95aef87969028cfba75ccab2455>@@AAV<lambda_6e4b09c48022b2350581041d5f6b0c4c>@@$$QAV<lambda_22bdf7517842c4b3e53723af5aa32b9e>@@@Z 10026b48     libucrt:exit.obj
 0002:00007b68       __sehtable$??$?RV<lambda_8e746cf0007f6ed984d6f78af1fec997>@@AAV<lambda_22ebabd17bc4fa466a2aca6d8deb888d>@@V<lambda_18ed0c0b38a6dc0daf1e7ac6d6adf05e>@@@?$__crt_seh_guarded_call@H@@QAEH$$QAV<lambda_8e746cf0007f6ed984d6f78af1fec997>@@AAV<lambda_22ebabd17bc4fa466a2aca6d8deb888d>@@$$QAV<lambda_18ed0c0b38a6dc0daf1e7ac6d6adf05e>@@@Z 10026b68     libucrt:onexit.obj
 0002:00007b88       __sehtable$??$?RV<lambda_69a2805e680e0e292e8ba93315fe43a8>@@AAV<lambda_f03950bc5685219e0bcd2087efbe011e>@@V<lambda_03fcd07e894ec930e3f35da366ca99d6>@@@?$__crt_seh_guarded_call@H@@QAEH$$QAV<lambda_69a2805e680e0e292e8ba93315fe43a8>@@AAV<lambda_f03950bc5685219e0bcd2087efbe011e>@@$$QAV<lambda_03fcd07e894ec930e3f35da366ca99d6>@@@Z 10026b88     libucrt:onexit.obj
 0002:00007ba8       __sehtable$__query_new_handler 10026ba8     libucrt:new_handler.obj
 0002:00007bc8       __sehtable$_terminate      10026bc8     libucrt:terminate.obj
 0002:00007be8       __sehtable$??$?RV<lambda_15ade71b0218206bbe3333a0c9b79046>@@AAV<lambda_da44e0f8b0f19ba52fefafb335991732>@@V<lambda_207f2d024fc103971653565357d6cd41>@@@?$__crt_seh_guarded_call@X@@QAEX$$QAV<lambda_15ade71b0218206bbe3333a0c9b79046>@@AAV<lambda_da44e0f8b0f19ba52fefafb335991732>@@$$QAV<lambda_207f2d024fc103971653565357d6cd41>@@@Z 10026be8     libucrt:per_thread_data.obj
 0002:00007c08       __sehtable$??$?RV<lambda_a7e850c220f1c8d1e6efeecdedd162c6>@@AAV<lambda_46720907175c18b6c9d2717bc0d2d362>@@V<lambda_9048902d66e8d99359bc9897bbb930a8>@@@?$__crt_seh_guarded_call@X@@QAEX$$QAV<lambda_a7e850c220f1c8d1e6efeecdedd162c6>@@AAV<lambda_46720907175c18b6c9d2717bc0d2d362>@@$$QAV<lambda_9048902d66e8d99359bc9897bbb930a8>@@@Z 10026c08     libucrt:per_thread_data.obj
 0002:00007c28       __sehtable$??$?RV<lambda_38edbb1296d33220d7e4dd0ed76b244a>@@AAV<lambda_5ce1d447e08cb34b2473517608e21441>@@V<lambda_fb385d3da700c9147fc39e65dd577a8c>@@@?$__crt_seh_guarded_call@X@@QAEX$$QAV<lambda_38edbb1296d33220d7e4dd0ed76b244a>@@AAV<lambda_5ce1d447e08cb34b2473517608e21441>@@$$QAV<lambda_fb385d3da700c9147fc39e65dd577a8c>@@@Z 10026c28     libucrt:per_thread_data.obj
 0002:00007c48       __sehtable$??$?RV<lambda_6affb1475c98b40b75cdec977db92e3c>@@AAV<lambda_b8d4b9c228a6ecc3f80208dbb4b4a104>@@V<lambda_608742c3c92a14382c1684fc64f96c88>@@@?$__crt_seh_guarded_call@X@@QAEX$$QAV<lambda_6affb1475c98b40b75cdec977db92e3c>@@AAV<lambda_b8d4b9c228a6ecc3f80208dbb4b4a104>@@$$QAV<lambda_608742c3c92a14382c1684fc64f96c88>@@@Z 10026c48     libucrt:per_thread_data.obj
 0002:00007c68       __sehtable$??$?RV<lambda_e5124f882df8998aaf41531e079ba474>@@AAV<lambda_3e16ef9562a7dcce91392c22ab16ea36>@@V<lambda_e25ca0880e6ef98be67edffd8c599615>@@@?$__crt_seh_guarded_call@X@@QAEX$$QAV<lambda_e5124f882df8998aaf41531e079ba474>@@AAV<lambda_3e16ef9562a7dcce91392c22ab16ea36>@@$$QAV<lambda_e25ca0880e6ef98be67edffd8c599615>@@@Z 10026c68     libucrt:wsetlocale.obj
 0002:00007c88       __sehtable$___acrt_initialize_lowio 10026c88     libucrt:ioinit.obj
 0002:00007ca8       __sehtable$?update_thread_multibyte_data_internal@@YAPAU__crt_multibyte_data@@QAU__acrt_ptd@@QAPAU1@@Z 10026ca8     libucrt:mbctype.obj
 0002:00007cc8       __sehtable$??$?RV<lambda_ceb1ee4838e85a9d631eb091e2fbe199>@@AAV<lambda_ae742caa10f662c28703da3d2ea5e57e>@@V<lambda_cd08b5d6af4937fe54fc07d0c9bf6b37>@@@?$__crt_seh_guarded_call@X@@QAEX$$QAV<lambda_ceb1ee4838e85a9d631eb091e2fbe199>@@AAV<lambda_ae742caa10f662c28703da3d2ea5e57e>@@$$QAV<lambda_cd08b5d6af4937fe54fc07d0c9bf6b37>@@@Z 10026cc8     libucrt:mbctype.obj
 0002:00007ce8       __sehtable$_raise          10026ce8     libucrt:signal.obj
 0002:00007d08       __sehtable$??$?RV<lambda_cbab9ec6f41b0180b23cc171c22676b0>@@AAV<lambda_44731a7d0e6d81c3e6aa82d741081786>@@V<lambda_4b292cb8dd18144e164572427af410ab>@@@?$__crt_seh_guarded_call@P6AXH@Z@@QAEP6AXH@Z$$QAV<lambda_cbab9ec6f41b0180b23cc171c22676b0>@@AAV<lambda_44731a7d0e6d81c3e6aa82d741081786>@@$$QAV<lambda_4b292cb8dd18144e164572427af410ab>@@@Z 10026d08     libucrt:signal.obj
 0002:00007d28       __sehtable$??$?RV<lambda_2866be3712abc81a800a822484c830d8>@@AAV<lambda_39ca0ed439415581b5b15c265174cece>@@V<lambda_2b24c74d71094a6cd0cb82e44167d71b>@@@?$__crt_seh_guarded_call@X@@QAEX$$QAV<lambda_2866be3712abc81a800a822484c830d8>@@AAV<lambda_39ca0ed439415581b5b15c265174cece>@@$$QAV<lambda_2b24c74d71094a6cd0cb82e44167d71b>@@@Z 10026d28     libucrt:fflush.obj
 0002:00007d48       __sehtable$??$?RV<lambda_2cc53f568c5a2bb6f192f930a45d44ea>@@AAV<lambda_ab61a845afdef5b7c387490eaf3616ee>@@V<lambda_c2ffc0b7726aa6be21d5f0026187e748>@@@?$__crt_seh_guarded_call@X@@QAEX$$QAV<lambda_2cc53f568c5a2bb6f192f930a45d44ea>@@AAV<lambda_ab61a845afdef5b7c387490eaf3616ee>@@$$QAV<lambda_c2ffc0b7726aa6be21d5f0026187e748>@@@Z 10026d48     libucrt:fflush.obj
 0002:00007d68       __sehtable$___acrt_update_thread_locale_data 10026d68     libucrt:locale_refcounting.obj
 0002:00007d88       __sehtable$__fcloseall     10026d88     libucrt:closeall.obj
 0002:00007da8       __sehtable$___acrt_lowio_ensure_fh_exists 10026da8     libucrt:osfinfo.obj
 0002:00007dc8       __sehtable$??$?RV<lambda_9e9de3de5fa147e2223d7db92bc10aa6>@@AAV<lambda_38ce7e780aa69e748d6df282ebc68efe>@@V<lambda_8ca6da459f0f6780f1cff60fdc3d00e5>@@@?$__crt_seh_guarded_call@H@@QAEH$$QAV<lambda_9e9de3de5fa147e2223d7db92bc10aa6>@@AAV<lambda_38ce7e780aa69e748d6df282ebc68efe>@@$$QAV<lambda_8ca6da459f0f6780f1cff60fdc3d00e5>@@@Z 10026dc8     libucrt:commit.obj
 0002:00007de8       __sehtable$__write         10026de8     libucrt:write.obj
 0002:00007e08       __sehtable$_fclose         10026e08     libucrt:fclose.obj
 0002:00007e28       __sehtable$??$?RV<lambda_218ce3db14220d0be481dae8ef3383b6>@@AAV<lambda_628dfdc04ba53c8bfc02c9951375f3f5>@@V<lambda_57dc472bd5c9d5f3b2cbca59b8a843ae>@@@?$__crt_seh_guarded_call@H@@QAEH$$QAV<lambda_218ce3db14220d0be481dae8ef3383b6>@@AAV<lambda_628dfdc04ba53c8bfc02c9951375f3f5>@@$$QAV<lambda_57dc472bd5c9d5f3b2cbca59b8a843ae>@@@Z 10026e28     libucrt:close.obj
 0002:00007e48       __sehtable$__IsNonwritableInCurrentImage 10026e48     LIBCMT:pesect.obj
 0002:00007e70       .edata                     10026e70     OPOSElectronicJournal.exp
 0002:00007e98       rgpv                       10026e98     OPOSElectronicJournal.exp
 0002:00007ea8       rgszName                   10026ea8     OPOSElectronicJournal.exp
 0002:00007eb8       rgwOrd                     10026eb8     OPOSElectronicJournal.exp
 0002:00007ec0       szName                     10026ec0     OPOSElectronicJournal.exp
 0002:00007eda       $N00001                    10026eda     OPOSElectronicJournal.exp
 0002:00007eea       $N00002                    10026eea     OPOSElectronicJournal.exp
 0002:00007efc       $N00003                    10026efc     OPOSElectronicJournal.exp
 0002:00007f0e       $N00004                    10026f0e     OPOSElectronicJournal.exp
 0002:0000851e       .idata$6                   1002751e     kernel32:KERNEL32.dll
 0002:00008732       .idata$6                   10027732     user32:USER32.dll
 0002:00008866       .idata$6                   10027866     gdi32:GDI32.dll
 0002:0000890c       .idata$6                   1002790c     advapi32:ADVAPI32.dll
 0002:00008a28       .idata$6                   10027a28     ole32:ole32.dll
 0002:00008a32       .idata$6                   10027a32     oleaut32:OLEAUT32.dll
 0003:00000110       ?ObjectMap@@3PAU_ATL_OBJMAP_ENTRY30@ATL@@A 10028110     ElectronicJournal.obj
 0003:000001d0       ?s_SOMethodNames@@3PAPADA  100281d0     ElectronicJournalImpl.obj
 0003:00000264       ?s_RequiredMethodsPerRelease@@3PAHA 10028264     ElectronicJournalImpl.obj
 0003:00000280       ?__vcrt_flsindex@@3KA      10028280     libvcruntime:per_thread_data.obj
 0003:000002a0       ?errno_no_memory@@3HA      100282a0     libucrt:errno.obj
 0003:000002a4       ?doserrno_no_memory@@3KA   100282a4     libucrt:errno.obj
 0003:000002b0       ?__acrt_flsindex@@3KA      100282b0     libucrt:per_thread_data.obj
 0003:00000648       __mbctypes                 10028648     libucrt:mbctype.obj
 0003:00000750       __mbcasemaps               10028750     libucrt:mbctype.obj
 0003:00000850       ?__rgctypeflag@@3PADA      10028850     libucrt:mbctype.obj
 0003:00000858       ?__rgcode_page_info@@3PAUcode_page_info@@A 10028858     libucrt:mbctype.obj
 0003:00000ab0       ?__dcrt_lowio_console_output_handle@@3PAXA 10028ab0     libucrt:initcon.obj
 0003:00000c48       ?is_initialized_as_dll@@3_NA 10028c48     LIBCMT:utility.obj
 0003:00000c49       ?module_local_atexit_table_initialized@@3_NA 10028c49     LIBCMT:utility.obj
 0003:00000c4c       ?module_local_atexit_table@@3U_onexit_table_t@@A 10028c4c     LIBCMT:utility.obj
 0003:00000c58       ?module_local_at_quick_exit_table@@3U_onexit_table_t@@A 10028c58     LIBCMT:utility.obj
 0003:00000c64       ?g_tss_cv@@3U_RTL_CONDITION_VARIABLE@@A 10028c64     LIBCMT:thread_safe_statics.obj
 0003:00000c68       ?g_tss_event@@3PAXA        10028c68     LIBCMT:thread_safe_statics.obj
 0003:00000c6c       ?g_tss_mutex@@3U_RTL_CRITICAL_SECTION@@A 10028c6c     LIBCMT:thread_safe_statics.obj
 0003:00000c84       ?g_sleep_condition_variable_cs@@3P6GHPAU_RTL_CONDITION_VARIABLE@@PAU_RTL_CRITICAL_SECTION@@K@ZA 10028c84     LIBCMT:thread_safe_statics.obj
 0003:00000c88       ?g_wake_all_condition_variable@@3P6GXPAU_RTL_CONDITION_VARIABLE@@@ZA 10028c88     LIBCMT:thread_safe_statics.obj
 0003:00000c90       _GS_ExceptionRecord        10028c90     LIBCMT:gs_report.obj
 0003:00000ce0       _GS_ContextRecord          10028ce0     LIBCMT:gs_report.obj
 0003:00000fb0       ?__proc_attached@@3HA      10028fb0     LIBCMT:dll_dllmain.obj
 0003:0000100c       ?AllocateData@@3P6GPAUAtlThunkData_t@@XZA 1002900c     atls:atlthunk.obj
 0003:00001010       ?InitData@@3P6GXPAUAtlThunkData_t@@PAXI@ZA 10029010     atls:atlthunk.obj
 0003:00001014       ?DataToCode@@3P6GP6GJPAUHWND__@@IIJ@ZPAUAtlThunkData_t@@@ZA 10029014     atls:atlthunk.obj
 0003:00001018       ?FreeData@@3P6GXPAUAtlThunkData_t@@@ZA 10029018     atls:atlthunk.obj
 0003:0000101c       ?Initialized@@3_NA         1002901c     atls:atlthunk.obj
 0003:00001028       ?__vcrt_startup_thread_ptd@@3U__vcrt_ptd@@A 10029028     libvcruntime:per_thread_data.obj
 0003:00001050       ___vcrt_lock_table         10029050     libvcruntime:locks.obj
 0003:00001068       ___vcrt_locks_initialized  10029068     libvcruntime:locks.obj
 0003:00001094       ?heap@@3V_HeapManager@@A   10029094     libvcruntime:undname.obj
 0003:000010a8       ?module_handles@@3PAPAUHINSTANCE__@@A 100290a8     libvcruntime:winapi_downlevel.obj
 0003:000010b4       ?function_pointers@@3PAPAXA 100290b4     libvcruntime:winapi_downlevel.obj
 0003:000010cc       ?__acrt_invalid_parameter_handler@@3V?$dual_state_global@P6AXPB_W00II@Z@__crt_state_management@@A 100290cc     libucrt:invalid_parameter.obj
 0003:000010d0       ?c_termination_complete@@3JA 100290d0     libucrt:exit.obj
 0003:000010d4       ?thread_local_exit_callback_func@@3P6GXPAXK0@ZA 100290d4     libucrt:exit.obj
 0003:000010e0       ?program_name@?1???$common_configure_argv@D@@YAHW4_crt_argv_mode@@@Z@4PADA 100290e0     libucrt:argv_parsing.obj
 0003:00001210       ?__acrt_new_handler@@3V?$dual_state_global@P6AHI@Z@__crt_state_management@@A 10029210     libucrt:new_handler.obj
 0003:00001218       ?module_handles@@3PAPAUHINSTANCE__@@A 10029218     libucrt:winapi_thunks.obj
 0003:00001268       ?encoded_function_pointers@@3PAPAXA 10029268     libucrt:winapi_thunks.obj
 0003:000012f0       ?internal_state@?1??_mbtowc_l@@9@4U_Mbstatet@@A 100292f0     libucrt:mbtowc.obj
 0003:00001300       ?enable_percent_n@@3IA     10029300     libucrt:printf_count_output.obj
 0003:00001520       ?__acrt_lock_table@@3PAU_RTL_CRITICAL_SECTION@@A 10029520     libucrt:locks.obj
 0003:00001670       ?__acrt_locks_initialized@@3IA 10029670     libucrt:locks.obj
 0003:00001680       ?fSystemSet@@3HA           10029680     libucrt:mbctype.obj
 0003:00001684       ?initialized@?1??__acrt_initialize_multibyte@@9@4_NA 10029684     libucrt:mbctype.obj
 0003:000016a4       ?ctrlc_action@@3V?$dual_state_global@P6AXH@Z@__crt_state_management@@A 100296a4     libucrt:signal.obj
 0003:000016a8       ?ctrlbreak_action@@3V?$dual_state_global@P6AXH@Z@__crt_state_management@@A 100296a8     libucrt:signal.obj
 0003:000016ac       ?abort_action@@3V?$dual_state_global@P6AXH@Z@__crt_state_management@@A 100296ac     libucrt:signal.obj
 0003:000016b0       ?term_action@@3V?$dual_state_global@P6AXH@Z@__crt_state_management@@A 100296b0     libucrt:signal.obj
 0003:000016b4       ?user_matherr@@3V?$dual_state_global@P6AHPAU_exception@@@Z@__crt_state_management@@A 100296b4     libucrt:matherr.obj
 0003:000016b8       ?__acrt_global_new_mode@@3V?$dual_state_global@J@__crt_state_management@@A 100296b8     libucrt:new_mode.obj
 0003:000016c4       ?internal_pst@?1??__mbrtoc32_utf8@__crt_mbstring@@YAIPA_UPBDIPAU_Mbstatet@@@Z@4U3@A 100296c4     libucrt:mbrtoc32.obj
 0003:000016cc       ?__acrt_app_type@@3W4_crt_app_type@@A 100296cc     libucrt:report_runtime_error.obj
 0003:000016d4       __pmatherr_set             100296d4     libucrt:libm_error.obj
 0004:00000220       $R000000                   1002a220     ElectronicJournal.res
 0004:00000bb8       $R000998                   1002abb8     ElectronicJournal.res
 0004:00000ca0       $R000A80                   1002aca0     ElectronicJournal.res
 0004:00000f08       $R000CE8                   1002af08     ElectronicJournal.res
 0004:00001410       $R0011F0                   1002b410     ElectronicJournal.res
 0004:000050c8       $R004EA8                   1002f0c8     ElectronicJournal.res
 0004:00005110       $R004EF0                   1002f110     ElectronicJournal.res
