 OPOSSigCap

 Timestamp is 5defab06 (Tue Dec 10 23:26:14 2019)

 Preferred load address is 10000000

 Start         Length     Name                   Class
 0001:00000000 00000080H .text$di                CODE
 0001:00000080 0001d883H .text$mn                CODE
 0001:0001d903 00000036H .text$x                 CODE
 0001:0001d939 00000042H .text$yd                CODE
 0002:00000000 000002fcH .idata$5                DATA
 0002:000002fc 00000004H .00cfg                  DATA
 0002:00000300 00000004H .CRT$XCA                DATA
 0002:00000304 00000004H .CRT$XCL                DATA
 0002:00000308 00000010H .CRT$XCU                DATA
 0002:00000318 00000004H .CRT$XCZ                DATA
 0002:0000031c 00000004H .CRT$XIA                DATA
 0002:00000320 00000010H .CRT$XIC                DATA
 0002:00000330 00000004H .CRT$XIZ                DATA
 0002:00000334 00000004H .CRT$XLA                DATA
 0002:00000338 00000004H .CRT$XLZ                DATA
 0002:0000033c 00000004H .CRT$XPA                DATA
 0002:00000340 00000008H .CRT$XPX                DATA
 0002:00000348 00000004H .CRT$XPXA               DATA
 0002:0000034c 00000004H .CRT$XPZ                DATA
 0002:00000350 00000004H .CRT$XTA                DATA
 0002:00000354 0000000cH .CRT$XTZ                DATA
 0002:00000358 00000000H .gfids$y                DATA
 0002:00000360 00006f0cH .rdata                  DATA
 0002:0000726c 00000018H .rdata$T                DATA
 0002:00007284 0000017cH .rdata$r                DATA
 0002:00007400 0000001cH .rdata$sxdata           DATA
 0002:0000741c 000003dcH .rdata$zzzdbg           DATA
 0002:000077f8 00000004H .rtc$IAA                DATA
 0002:000077fc 00000004H .rtc$IZZ                DATA
 0002:00007800 00000004H .rtc$TAA                DATA
 0002:00007804 00000004H .rtc$TZZ                DATA
 0002:00007808 00000004H .tls                    DATA
 0002:0000780c 00000004H .tls$                   DATA
 0002:00007810 00000008H .tls$ZZZ                DATA
 0002:00007818 0000060cH .xdata$x                DATA
 0002:00007e24 00000004H ATL$__a                 DATA
 0002:00007e28 00000008H ATL$__z                 DATA
 0002:00007e30 000000a8H .edata                  DATA
 0002:00007ed8 00000078H .idata$2                DATA
 0002:00007f50 00000014H .idata$3                DATA
 0002:00007f64 000002fcH .idata$4                DATA
 0002:00008260 00000bc8H .idata$6                DATA
 0003:00000000 00000ab0H .data                   DATA
 0003:00000ab0 00000098H .data$r                 DATA
 0003:00000b48 00000b80H .bss                    DATA
 0004:00000000 00000220H .rsrc$01                DATA
 0004:00000220 00003f78H .rsrc$02                DATA

  Address         Publics by Value              Rva+Base       Lib:Object

 0000:00000000       ___guard_fids_count        00000000     <absolute>
 0000:00000000       ___hybrid_code_map_count   00000000     <absolute>
 0000:00000000       ___guard_iat_count         00000000     <absolute>
 0000:00000000       ___hybrid_auxiliary_iat    00000000     <absolute>
 0000:00000000       ___volatile_metadata       00000000     <absolute>
 0000:00000000       ___dynamic_value_reloc_table 00000000     <absolute>
 0000:00000000       ___guard_longjmp_count     00000000     <absolute>
 0000:00000000       ___guard_fids_table        00000000     <absolute>
 0000:00000000       ___guard_longjmp_table     00000000     <absolute>
 0000:00000000       ___AbsoluteZero            00000000     <absolute>
 0000:00000000       __except_list              00000000     <absolute>
 0000:00000000       ___guard_iat_table         00000000     <absolute>
 0000:00000000       ___enclave_config          00000000     <absolute>
 0000:00000000       ___hybrid_code_map         00000000     <absolute>
 0000:00000007       ___safe_se_handler_count   00000007     <absolute>
 0000:0000002c       __tls_array                0000002c     <absolute>
 0000:00000100       ___guard_flags             00000100     <absolute>
 0000:00000000       ___ImageBase               10000000     <linker-defined>
 0001:00000080       ?DupWide@_CW@@AAEXXZ       10001080 f   CWString.obj
 0001:0000009c       ?cw_dup@@YGXPBDAAHAAPA_W1@Z 1000109c f   CWString.obj
 0001:00000124       ?cw_memcpy@@YGHPA_WPBDH@Z  10001124 f   CWString.obj
 0001:00000150       ?cw_strcpy@@YAHPA_WPBD@Z   10001150 f   CWString.obj
 0001:00000163       ?cw_strlen@@YAHPBD@Z       10001163 f   CWString.obj
 0001:0000017c       ??0CAtlComModule@ATL@@QAE@XZ 1000117c f i OposVariant.obj
 0001:000001c1       ??0CAtlWinModule@ATL@@QAE@XZ 100011c1 f i OposVariant.obj
 0001:000001f8       ??0OposDispParms@@QAE@PAVOposVariant@@H@Z 100011f8 f   OposVariant.obj
 0001:00000269       ??1OposDispParms@@QAE@XZ   10001269 f   OposVariant.obj
 0001:00000277       ??A?$CSimpleArray@GV?$CSimpleArrayEqualHelper@G@ATL@@@ATL@@QAEAAGH@Z 10001277 f i OposVariant.obj
 0001:0000029c       ??_Estringdispid@CComTypeInfoHolder@ATL@@QAEPAXI@Z 1000129c f i OposVariant.obj
 0001:00000308       ?AtlWinModuleInit@ATL@@YGJPAU_ATL_WIN_MODULE70@1@@Z 10001308 f i OposVariant.obj
 0001:0000032e       ?AtlWinModuleTerm@ATL@@YGJPAU_ATL_WIN_MODULE70@1@PAUHINSTANCE__@@@Z 1000132e f i OposVariant.obj
 0001:00000391       ?ChangeBSTR@OposVariant@@QAEXPAPA_WAAJ@Z 10001391 f   OposVariant.obj
 0001:000003d2       ?ChangeLONG@OposVariant@@QAEXPAJAAJ@Z 100013d2 f   OposVariant.obj
 0001:00000413       ?GetLONG@OposVariant@@QAEJXZ 10001413 f   OposVariant.obj
 0001:0000042e       ?Init@CComCriticalSection@ATL@@QAEJXZ 1000142e f i OposVariant.obj
 0001:00000456       ?RemoveAll@?$CSimpleArray@GV?$CSimpleArrayEqualHelper@G@ATL@@@ATL@@QAEXXZ 10001456 f i OposVariant.obj
 0001:00000456       ?RemoveAll@?$CSimpleArray@PAUHINSTANCE__@@V?$CSimpleArrayEqualHelper@PAUHINSTANCE__@@@ATL@@@ATL@@QAEXXZ 10001456 f i atls:atlbase.obj
 0001:00000473       ?SetBSTR@OposVariant@@QAEXPA_WAAJ@Z 10001473 f   OposVariant.obj
 0001:000004a7       ?SetBSTR_Copy@OposVariant@@QAEXPA_WAAJ@Z 100014a7 f   OposVariant.obj
 0001:000004f7       ?SetBSTR_InOutPtr@OposVariant@@QAE_NPAPA_WAAJ@Z 100014f7 f   OposVariant.obj
 0001:0000052e       ?SetDispatch_Ptr@OposVariant@@QAEXPAUIDispatch@@AAJ@Z 1000152e f   OposVariant.obj
 0001:00000569       ?SetLONG@OposVariant@@QAEXJ@Z 10001569 f   OposVariant.obj
 0001:0000058b       ?SetLONG_Ptr@OposVariant@@QAEXPAJAAJ@Z 1000158b f   OposVariant.obj
 0001:000005be       ?SetString@OposVariant@@QAEXPB_WAAJ@Z 100015be f   OposVariant.obj
 0001:00000604       ?SetVARIANT_BOOL@OposVariant@@QAEXF@Z 10001604 f   OposVariant.obj
 0001:0000062e       ?Term@CAtlComModule@ATL@@QAEXXZ 1000162e f i OposVariant.obj
 0001:00000678       ?_AtlRaiseException@ATL@@YAXKK@Z 10001678 f i OposVariant.obj
 0001:0000068d       ?CreateInstance@CComClassFactory@ATL@@UAGJPAUIUnknown@@ABU_GUID@@PAPAX@Z 1000168d f i SigCap.obj
 0001:000006cb       ?LockServer@CComClassFactory@ATL@@UAGJH@Z 100016cb f i SigCap.obj
 0001:000006ea       ??_GCComClassFactory@ATL@@UAEPAXI@Z 100016ea f i SigCap.obj
 0001:000006ea       ??_ECComClassFactory@ATL@@UAEPAXI@Z 100016ea f i SigCap.obj
 0001:00000715       ?GetWindowProc@?$CWindowImplBaseT@VCWindow@ATL@@V?$CWinTraits@$0FGAAAAAA@$0A@@2@@ATL@@UAEP6GJPAUHWND__@@IIJ@ZXZ 10001715 f i SigCap.obj
 0001:0000071b       ?StartWindowProc@?$CWindowImplBaseT@VCWindow@ATL@@V?$CWinTraits@$0FGAAAAAA@$0A@@2@@ATL@@SGJPAUHWND__@@IIJ@Z 1000171b f i SigCap.obj
 0001:0000076f       ?OnFinalMessage@?$CWindowImplBaseT@VCWindow@ATL@@V?$CWinTraits@$0FGAAAAAA@$0A@@2@@ATL@@UAEXPAUHWND__@@@Z 1000176f f i SigCap.obj
 0001:0000076f       ?ObjectMain@CComObjectRootBase@ATL@@SGX_N@Z 1000176f f i SigCap.obj
 0001:00000772       ?GetTypeInfoCount@?$IDispatchImpl@UIOPOSSigCap@@$1?IID_IOPOSSigCap@@3U_GUID@@B$1?LIBID_OposSigCap_CCO@@3U3@B$00$0A@VCComTypeInfoHolder@ATL@@@ATL@@UAGJPAI@Z 10001772 f i SigCap.obj
 0001:0000078f       ?GetTypeInfo@?$IDispatchImpl@UIOPOSSigCap@@$1?IID_IOPOSSigCap@@3U_GUID@@B$1?LIBID_OposSigCap_CCO@@3U3@B$00$0A@VCComTypeInfoHolder@ATL@@@ATL@@UAGJIKPAPAUITypeInfo@@@Z 1000178f f i SigCap.obj
 0001:000007b3       ?GetIDsOfNames@?$IDispatchImpl@UIOPOSSigCap@@$1?IID_IOPOSSigCap@@3U_GUID@@B$1?LIBID_OposSigCap_CCO@@3U3@B$00$0A@VCComTypeInfoHolder@ATL@@@ATL@@UAGJABU_GUID@@PAPA_WIKPAJ@Z 100017b3 f i SigCap.obj
 0001:000007d3       ?Invoke@?$IDispatchImpl@UIOPOSSigCap@@$1?IID_IOPOSSigCap@@3U_GUID@@B$1?LIBID_OposSigCap_CCO@@3U3@B$00$0A@VCComTypeInfoHolder@ATL@@@ATL@@UAGJJABU_GUID@@KGPAUtagDISPPARAMS@@PAUtagVARIANT@@PAUtagEXCEPINFO@@PAI@Z 100017d3 f i SigCap.obj
 0001:000007e1       ?CreateControlWindow@?$CComControl@VCOPOSSigCap@@V?$CWindowImpl@VCOPOSSigCap@@VCWindow@ATL@@V?$CWinTraits@$0FGAAAAAA@$0A@@3@@ATL@@@ATL@@UAEPAUHWND__@@PAU3@AAUtagRECT@@@Z 100017e1 f i SigCap.obj
 0001:00000810       ?ControlQueryInterface@?$CComControl@VCOPOSSigCap@@V?$CWindowImpl@VCOPOSSigCap@@VCWindow@ATL@@V?$CWinTraits@$0FGAAAAAA@$0A@@3@@ATL@@@ATL@@UAEJABU_GUID@@PAPAX@Z 10001810 f i SigCap.obj
 0001:0000082b       ?GetClassID@?$IPersistStorageImpl@VCOPOSSigCap@@@ATL@@UAGJPAU_GUID@@@Z 1000182b f i SigCap.obj
 0001:0000082b       ?GetUserClassID@?$IOleObjectImpl@VCOPOSSigCap@@@ATL@@UAGJPAU_GUID@@@Z 1000182b f i SigCap.obj
 0001:0000082b       ?GetClassID@?$IPersistStreamInitImpl@VCOPOSSigCap@@@ATL@@UAGJPAU_GUID@@@Z 1000182b f i SigCap.obj
 0001:0000084f       ?IsDirty@?$IPersistStreamInitImpl@VCOPOSSigCap@@@ATL@@UAGJXZ 1000184f f i SigCap.obj
 0001:0000086e       ?Load@?$IPersistStreamInitImpl@VCOPOSSigCap@@@ATL@@UAGJPAUIStream@@@Z 1000186e f i SigCap.obj
 0001:0000088d       ?Save@?$IPersistStreamInitImpl@VCOPOSSigCap@@@ATL@@UAGJPAUIStream@@H@Z 1000188d f i SigCap.obj
 0001:000008af       ?GetSizeMax@?$IPersistStreamInitImpl@VCOPOSSigCap@@@ATL@@UAGJPAT_ULARGE_INTEGER@@@Z 100018af f i SigCap.obj
 0001:00000a8e       ?InitNew@?$IPersistStreamInitImpl@VCOPOSSigCap@@@ATL@@UAGJXZ 10001a8e f i SigCap.obj
 0001:00000aab       ?SetColorScheme@?$IOleObjectImpl@VCOPOSSigCap@@@ATL@@UAGJPAUtagLOGPALETTE@@@Z 10001aab f i SigCap.obj
 0001:00000aab       ?GetDropTarget@?$IOleInPlaceObjectWindowlessImpl@VCOPOSSigCap@@@ATL@@UAGJPAPAUIDropTarget@@@Z 10001aab f i SigCap.obj
 0001:00000aab       ?QueryGetData@?$IDataObjectImpl@VCOPOSSigCap@@@ATL@@UAGJPAUtagFORMATETC@@@Z 10001aab f i SigCap.obj
 0001:00000aab       ?GetControlInfo@?$IOleControlImpl@VCOPOSSigCap@@@ATL@@UAGJPAUtagCONTROLINFO@@@Z 10001aab f i SigCap.obj
 0001:00000aab       ?OnMnemonic@?$IOleControlImpl@VCOPOSSigCap@@@ATL@@UAGJPAUtagMSG@@@Z 10001aab f i SigCap.obj
 0001:00000aab       ?Unfreeze@?$IViewObjectExImpl@VCOPOSSigCap@@@ATL@@UAGJK@Z 10001aab f i SigCap.obj
 0001:00000aab       ?ContextSensitiveHelp@?$IOleInPlaceObjectWindowlessImpl@VCOPOSSigCap@@@ATL@@UAGJH@Z 10001aab f i SigCap.obj
 0001:00000aab       ?ContextSensitiveHelp@?$IOleInPlaceActiveObjectImpl@VCOPOSSigCap@@@ATL@@UAGJH@Z 10001aab f i SigCap.obj
 0001:00000aab       ?SOOutputCompleteDummy@COPOSSigCap@@MAGJJ@Z 10001aab f i SigCap.obj
 0001:00000ab3       ?SaveCompleted@?$IPersistStorageImpl@VCOPOSSigCap@@@ATL@@UAGJPAUIStorage@@@Z 10001ab3 f i SigCap.obj
 0001:00000ab3       ?OnFrameWindowActivate@?$IOleInPlaceActiveObjectImpl@VCOPOSSigCap@@@ATL@@UAGJH@Z 10001ab3 f i SigCap.obj
 0001:00000ab3       ?OnAmbientPropertyChange@?$IOleControlImpl@VCOPOSSigCap@@@ATL@@UAGJJ@Z 10001ab3 f i SigCap.obj
 0001:00000ab3       ?EnableModeless@?$IOleInPlaceActiveObjectImpl@VCOPOSSigCap@@@ATL@@UAGJH@Z 10001ab3 f i SigCap.obj
 0001:00000ab8       ?SetClientSite@?$IOleObjectImpl@VCOPOSSigCap@@@ATL@@UAGJPAUIOleClientSite@@@Z 10001ab8 f i SigCap.obj
 0001:00000ad5       ?GetClientSite@?$IOleObjectImpl@VCOPOSSigCap@@@ATL@@UAGJPAPAUIOleClientSite@@@Z 10001ad5 f i SigCap.obj
 0001:00000af2       ?SetHostNames@?$IOleObjectImpl@VCOPOSSigCap@@@ATL@@UAGJPB_W0@Z 10001af2 f i SigCap.obj
 0001:00000af7       ?Close@?$IOleObjectImpl@VCOPOSSigCap@@@ATL@@UAGJK@Z 10001af7 f i SigCap.obj
 0001:00000b14       ?QueryInterface@CRegObject@ATL@@UAGJABU_GUID@@PAPAX@Z 10001b14 f i SigCap.obj
 0001:00000b14       ?GetCanonicalFormatEtc@?$IDataObjectImpl@VCOPOSSigCap@@@ATL@@UAGJPAUtagFORMATETC@@0@Z 10001b14 f i SigCap.obj
 0001:00000b14       ?GetClipboardData@?$IOleObjectImpl@VCOPOSSigCap@@@ATL@@UAGJKPAPAUIDataObject@@@Z 10001b14 f i SigCap.obj
 0001:00000b14       ?EnumFormatEtc@?$IDataObjectImpl@VCOPOSSigCap@@@ATL@@UAGJKPAPAUIEnumFORMATETC@@@Z 10001b14 f i SigCap.obj
 0001:00000b14       ?GetDataHere@?$IDataObjectImpl@VCOPOSSigCap@@@ATL@@UAGJPAUtagFORMATETC@@PAUtagSTGMEDIUM@@@Z 10001b14 f i SigCap.obj
 0001:00000b14       ?SetMoniker@?$IOleObjectImpl@VCOPOSSigCap@@@ATL@@UAGJKPAUIMoniker@@@Z 10001b14 f i SigCap.obj
 0001:00000b14       ?GetRect@?$IViewObjectExImpl@VCOPOSSigCap@@@ATL@@UAGJKPAU_RECTL@@@Z 10001b14 f i SigCap.obj
 0001:00000b1c       ?SetData@?$IDataObjectImpl@VCOPOSSigCap@@@ATL@@UAGJPAUtagFORMATETC@@PAUtagSTGMEDIUM@@H@Z 10001b1c f i SigCap.obj
 0001:00000b1c       ?GetMoniker@?$IOleObjectImpl@VCOPOSSigCap@@@ATL@@UAGJKKPAPAUIMoniker@@@Z 10001b1c f i SigCap.obj
 0001:00000b1c       ?InitFromData@?$IOleObjectImpl@VCOPOSSigCap@@@ATL@@UAGJPAUIDataObject@@HK@Z 10001b1c f i SigCap.obj
 0001:00000b24       ?DoVerb@?$IOleObjectImpl@VCOPOSSigCap@@@ATL@@UAGJJPAUtagMSG@@PAUIOleClientSite@@JPAUHWND__@@PBUtagRECT@@@Z 10001b24 f i SigCap.obj
 0001:00000c18       ?EnumVerbs@?$IOleObjectImpl@VCOPOSSigCap@@@ATL@@UAGJPAPAUIEnumOLEVERB@@@Z 10001c18 f i SigCap.obj
 0001:00000c3a       ?Release@CRegObject@ATL@@UAGKXZ 10001c3a f i SigCap.obj
 0001:00000c3a       ?IsUpToDate@?$IOleObjectImpl@VCOPOSSigCap@@@ATL@@UAGJXZ 10001c3a f i SigCap.obj
 0001:00000c3a       ?Update@?$IOleObjectImpl@VCOPOSSigCap@@@ATL@@UAGJXZ 10001c3a f i SigCap.obj
 0001:00000c3a       ?HandsOffStorage@?$IPersistStorageImpl@VCOPOSSigCap@@@ATL@@UAGJXZ 10001c3a f i SigCap.obj
 0001:00000c3f       ?GetUserType@?$IOleObjectImpl@VCOPOSSigCap@@@ATL@@UAGJKPAPA_W@Z 10001c3f f i SigCap.obj
 0001:00000c57       ?SetExtent@?$IOleObjectImpl@VCOPOSSigCap@@@ATL@@UAGJKPAUtagSIZE@@@Z 10001c57 f i SigCap.obj
 0001:00000c77       ?GetExtent@?$IOleObjectImpl@VCOPOSSigCap@@@ATL@@UAGJKPAUtagSIZE@@@Z 10001c77 f i SigCap.obj
 0001:00000cb5       ?Advise@?$IOleObjectImpl@VCOPOSSigCap@@@ATL@@UAGJPAUIAdviseSink@@PAK@Z 10001cb5 f i SigCap.obj
 0001:00000cd5       ?Unadvise@?$IOleObjectImpl@VCOPOSSigCap@@@ATL@@UAGJK@Z 10001cd5 f i SigCap.obj
 0001:00000d04       ?EnumAdvise@?$IOleObjectImpl@VCOPOSSigCap@@@ATL@@UAGJPAPAUIEnumSTATDATA@@@Z 10001d04 f i SigCap.obj
 0001:00000d44       ?GetMiscStatus@?$IOleObjectImpl@VCOPOSSigCap@@@ATL@@UAGJKPAK@Z 10001d44 f i SigCap.obj
 0001:00000d5c       ?GetWindow@?$IOleInPlaceActiveObjectImpl@VCOPOSSigCap@@@ATL@@UAGJPAPAUHWND__@@@Z 10001d5c f i SigCap.obj
 0001:00000da9       ?TranslateAcceleratorW@?$IOleInPlaceActiveObjectImpl@VCOPOSSigCap@@@ATL@@UAGJPAUtagMSG@@@Z 10001da9 f i SigCap.obj
 0001:00000e57       ?OnDocWindowActivate@?$IOleInPlaceActiveObjectImpl@VCOPOSSigCap@@@ATL@@UAGJH@Z 10001e57 f i SigCap.obj
 0001:00000e79       ?ResizeBorder@?$IOleInPlaceActiveObjectImpl@VCOPOSSigCap@@@ATL@@UAGJPBUtagRECT@@PAUIOleInPlaceUIWindow@@H@Z 10001e79 f i SigCap.obj
 0001:00000e7e       ?Draw@?$IViewObjectExImpl@VCOPOSSigCap@@@ATL@@UAGJKJPAXPAUtagDVTARGETDEVICE@@PAUHDC__@@2PBU_RECTL@@3P6GHK@ZK@Z 10001e7e f i SigCap.obj
 0001:00000eb0       ?GetColorSet@?$IViewObjectExImpl@VCOPOSSigCap@@@ATL@@UAGJKJPAXPAUtagDVTARGETDEVICE@@PAUHDC__@@PAPAUtagLOGPALETTE@@@Z 10001eb0 f i SigCap.obj
 0001:00000eb8       ?Freeze@?$IViewObjectExImpl@VCOPOSSigCap@@@ATL@@UAGJKJPAXPAK@Z 10001eb8 f i SigCap.obj
 0001:00000ec0       ?SetAdvise@?$IViewObjectExImpl@VCOPOSSigCap@@@ATL@@UAGJKKPAUIAdviseSink@@@Z 10001ec0 f i SigCap.obj
 0001:00000edf       ?GetAdvise@?$IViewObjectExImpl@VCOPOSSigCap@@@ATL@@UAGJPAK0PAPAUIAdviseSink@@@Z 10001edf f i SigCap.obj
 0001:00000f14       ?GetExtent@?$IViewObjectExImpl@VCOPOSSigCap@@@ATL@@UAGJKJPAUtagDVTARGETDEVICE@@PAUtagSIZE@@@Z 10001f14 f i SigCap.obj
 0001:00000f45       ?GetViewStatus@?$IViewObjectExImpl@VCOPOSSigCap@@@ATL@@UAGJPAK@Z 10001f45 f i SigCap.obj
 0001:00000f62       ?QueryHitPoint@?$IViewObjectExImpl@VCOPOSSigCap@@@ATL@@UAGJKPBUtagRECT@@UtagPOINT@@JPAK@Z 10001f62 f i SigCap.obj
 0001:00000fa3       ?QueryHitRect@?$IViewObjectExImpl@VCOPOSSigCap@@@ATL@@UAGJKPBUtagRECT@@0JPAK@Z 10001fa3 f i SigCap.obj
 0001:00000ffe       ?GetNaturalExtent@?$IViewObjectExImpl@VCOPOSSigCap@@@ATL@@UAGJKJPAUtagDVTARGETDEVICE@@PAUHDC__@@PAUtagExtentInfo@@PAUtagSIZE@@@Z 10001ffe f i SigCap.obj
 0001:00001049       ?GetWindow@?$IOleInPlaceObjectWindowlessImpl@VCOPOSSigCap@@@ATL@@UAGJPAPAUHWND__@@@Z 10002049 f i SigCap.obj
 0001:00001096       ?InPlaceDeactivate@?$IOleInPlaceObjectWindowlessImpl@VCOPOSSigCap@@@ATL@@UAGJXZ 10002096 f i SigCap.obj
 0001:000010b0       ?UIDeactivate@?$IOleInPlaceObjectWindowlessImpl@VCOPOSSigCap@@@ATL@@UAGJXZ 100020b0 f i SigCap.obj
 0001:000010ca       ?SetObjectRects@?$IOleInPlaceObjectWindowlessImpl@VCOPOSSigCap@@@ATL@@UAGJPBUtagRECT@@0@Z 100020ca f i SigCap.obj
 0001:000010ea       ?ReactivateAndUndo@?$IOleInPlaceObjectWindowlessImpl@VCOPOSSigCap@@@ATL@@UAGJXZ 100020ea f i SigCap.obj
 0001:000010f2       ?OnWindowMessage@?$IOleInPlaceObjectWindowlessImpl@VCOPOSSigCap@@@ATL@@UAGJIIJPAJ@Z 100020f2 f i SigCap.obj
 0001:00001162       ?EnumConnectionPoints@?$IConnectionPointContainerImpl@VCOPOSSigCap@@@ATL@@UAGJPAPAUIEnumConnectionPoints@@@Z 10002162 f i SigCap.obj
 0001:000012dc       ?FindConnectionPoint@?$IConnectionPointContainerImpl@VCOPOSSigCap@@@ATL@@UAGJABU_GUID@@PAPAUIConnectionPoint@@@Z 100022dc f i SigCap.obj
 0001:0000137f       ?IsDirty@?$IPersistStorageImpl@VCOPOSSigCap@@@ATL@@UAGJXZ 1000237f f i SigCap.obj
 0001:000013b3       ?InitNew@?$IPersistStorageImpl@VCOPOSSigCap@@@ATL@@UAGJPAUIStorage@@@Z 100023b3 f i SigCap.obj
 0001:000013e7       ?Load@?$IPersistStorageImpl@VCOPOSSigCap@@@ATL@@UAGJPAUIStorage@@@Z 100023e7 f i SigCap.obj
 0001:00001453       ?Save@?$IPersistStorageImpl@VCOPOSSigCap@@@ATL@@UAGJPAUIStorage@@H@Z 10002453 f i SigCap.obj
 0001:000014c6       ?GetPages@?$ISpecifyPropertyPagesImpl@VCOPOSSigCap@@@ATL@@UAGJPAUtagCAUUID@@@Z 100024c6 f i SigCap.obj
 0001:000014dd       ?QuickActivate@?$IQuickActivateImpl@VCOPOSSigCap@@@ATL@@UAGJPAUtagQACONTAINER@@PAUtagQACONTROL@@@Z 100024dd f i SigCap.obj
 0001:00001500       ?SetContentExtent@?$IQuickActivateImpl@VCOPOSSigCap@@@ATL@@UAGJPAUtagSIZE@@@Z 10002500 f i SigCap.obj
 0001:0000152c       ?GetContentExtent@?$IQuickActivateImpl@VCOPOSSigCap@@@ATL@@UAGJPAUtagSIZE@@@Z 1000252c f i SigCap.obj
 0001:00001566       ?GetData@?$IDataObjectImpl@VCOPOSSigCap@@@ATL@@UAGJPAUtagFORMATETC@@PAUtagSTGMEDIUM@@@Z 10002566 f i SigCap.obj
 0001:00001589       ?DAdvise@?$IDataObjectImpl@VCOPOSSigCap@@@ATL@@UAGJPAUtagFORMATETC@@KPAUIAdviseSink@@PAK@Z 10002589 f i SigCap.obj
 0001:000015ca       ?DUnadvise@?$IDataObjectImpl@VCOPOSSigCap@@@ATL@@UAGJK@Z 100025ca f i SigCap.obj
 0001:000015f8       ?EnumDAdvise@?$IDataObjectImpl@VCOPOSSigCap@@@ATL@@UAGJPAPAUIEnumSTATDATA@@@Z 100025f8 f i SigCap.obj
 0001:00001637       ?GetClassInfoW@?$IProvideClassInfo2Impl@$1?CLSID_OPOSSigCap@@3U_GUID@@B$1?DIID__IOPOSSigCapEvents@@3U2@B$1?LIBID_OposSigCap_CCO@@3U2@B$00$0A@VCComTypeInfoHolder@ATL@@@ATL@@UAGJPAPAUITypeInfo@@@Z 10002637 f i SigCap.obj
 0001:0000164d       ?GetGUID@?$IProvideClassInfo2Impl@$1?CLSID_OPOSSigCap@@3U_GUID@@B$1?DIID__IOPOSSigCapEvents@@3U2@B$1?LIBID_OposSigCap_CCO@@3U2@B$00$0A@VCComTypeInfoHolder@ATL@@@ATL@@UAGJKPAU_GUID@@@Z 1000264d f i SigCap.obj
 0001:0000168b       __get_startup_argv_mode    1000268b f i LIBCMT:argv_mode.obj
 0001:0000168b       ?FAccessAllowed@?$IObjectSafetyImpl@VCOPOSSigCap@@$02@ATL@@MAEHXZ 1000268b f i SigCap.obj
 0001:0000168f       ?GetInterfaceSafetyOptions@?$IObjectSafetyImpl@VCOPOSSigCap@@$02@ATL@@UAGJABU_GUID@@PAK1@Z 1000268f f i SigCap.obj
 0001:00001703       ?SetInterfaceSafetyOptions@?$IObjectSafetyImpl@VCOPOSSigCap@@$02@ATL@@UAGJABU_GUID@@KK@Z 10002703 f i SigCap.obj
 0001:0000177d       ?_LocCPQueryInterface@?$IConnectionPointImpl@VCOPOSSigCap@@$1?IID_IPropertyNotifySink@@3U_GUID@@BVCComDynamicUnkArray@ATL@@@ATL@@UAGJABU_GUID@@PAPAX@Z 1000277d f i SigCap.obj
 0001:0000177d       ?_LocCPQueryInterface@?$IConnectionPointImpl@VCOPOSSigCap@@$1?DIID__IOPOSSigCapEvents@@3U_GUID@@BVCComDynamicUnkArray@ATL@@@ATL@@UAGJABU_GUID@@PAPAX@Z 1000277d f i SigCap.obj
 0001:000017ca       ?GetConnectionInterface@?$IConnectionPointImpl@VCOPOSSigCap@@$1?IID_IPropertyNotifySink@@3U_GUID@@BVCComDynamicUnkArray@ATL@@@ATL@@UAGJPAU_GUID@@@Z 100027ca f i SigCap.obj
 0001:000017ee       ?GetConnectionPointContainer@?$IConnectionPointImpl@VCOPOSSigCap@@$1?IID_IPropertyNotifySink@@3U_GUID@@BVCComDynamicUnkArray@ATL@@@ATL@@UAGJPAPAUIConnectionPointContainer@@@Z 100027ee f i SigCap.obj
 0001:00001811       ?Advise@?$IConnectionPointImpl@VCOPOSSigCap@@$1?IID_IPropertyNotifySink@@3U_GUID@@BVCComDynamicUnkArray@ATL@@@ATL@@UAGJPAUIUnknown@@PAK@Z 10002811 f i SigCap.obj
 0001:00001811       ?Advise@?$IConnectionPointImpl@VCOPOSSigCap@@$1?DIID__IOPOSSigCapEvents@@3U_GUID@@BVCComDynamicUnkArray@ATL@@@ATL@@UAGJPAUIUnknown@@PAK@Z 10002811 f i SigCap.obj
 0001:000018b2       ?Unadvise@?$IConnectionPointImpl@VCOPOSSigCap@@$1?IID_IPropertyNotifySink@@3U_GUID@@BVCComDynamicUnkArray@ATL@@@ATL@@UAGJK@Z 100028b2 f i SigCap.obj
 0001:000018b2       ?Unadvise@?$IConnectionPointImpl@VCOPOSSigCap@@$1?DIID__IOPOSSigCapEvents@@3U_GUID@@BVCComDynamicUnkArray@ATL@@@ATL@@UAGJK@Z 100028b2 f i SigCap.obj
 0001:000018f2       ?EnumConnections@?$IConnectionPointImpl@VCOPOSSigCap@@$1?IID_IPropertyNotifySink@@3U_GUID@@BVCComDynamicUnkArray@ATL@@@ATL@@UAGJPAPAUIEnumConnections@@@Z 100028f2 f i SigCap.obj
 0001:000018f2       ?EnumConnections@?$IConnectionPointImpl@VCOPOSSigCap@@$1?DIID__IOPOSSigCapEvents@@3U_GUID@@BVCComDynamicUnkArray@ATL@@@ATL@@UAGJPAPAUIEnumConnections@@@Z 100028f2 f i SigCap.obj
 0001:000019f8       ?GetObjectDescription@?$CComCoClass@VCOPOSSigCap@@$1?CLSID_OPOSSigCap@@3U_GUID@@B@ATL@@SGPB_WXZ 100029f8 f i SigCap.obj
 0001:000019f8       ?GetCategoryMap@CComObjectRootBase@ATL@@SAPBU_ATL_CATMAP_ENTRY@2@XZ 100029f8 f i SigCap.obj
 0001:000019fb       ?GetConnectionInterface@?$IConnectionPointImpl@VCOPOSSigCap@@$1?DIID__IOPOSSigCapEvents@@3U_GUID@@BVCComDynamicUnkArray@ATL@@@ATL@@UAGJPAU_GUID@@@Z 100029fb f i SigCap.obj
 0001:00001a1f       ?GetConnectionPointContainer@?$IConnectionPointImpl@VCOPOSSigCap@@$1?DIID__IOPOSSigCapEvents@@3U_GUID@@BVCComDynamicUnkArray@ATL@@@ATL@@UAGJPAPAUIConnectionPointContainer@@@Z 10002a1f f i SigCap.obj
 0001:00001a42       ?UpdateRegistry@COPOSSigCap@@SGJH@Z 10002a42 f i SigCap.obj
 0001:00001a5a       ?ProcessWindowMessage@COPOSSigCap@@UAEHPAUHWND__@@IIJAAJK@Z 10002a5a f i SigCap.obj
 0001:00001aa3       ?SOData@COPOSSigCap@@MAGJJ@Z 10002aa3 f i SigCap.obj
 0001:00001adc       ?SODirectIO@COPOSSigCap@@MAGJJPAJPAPA_W@Z 10002adc f i SigCap.obj
 0001:00001b25       ?SOError@COPOSSigCap@@MAGJJJJPAJ@Z 10002b25 f i SigCap.obj
 0001:00001b7a       ?SOStatusUpdate@COPOSSigCap@@MAGJJ@Z 10002b7a f i SigCap.obj
 0001:00001bb3       ?Lock@CAtlModule@ATL@@UAEJXZ 10002bb3 f i SigCap.obj
 0001:00001bbd       ?Unlock@CAtlModule@ATL@@UAEJXZ 10002bbd f i SigCap.obj
 0001:00001bc7       ?GetLockCount@CAtlModule@ATL@@UAEJXZ 10002bc7 f i SigCap.obj
 0001:00001bcb       ?GetGITPtr@CAtlModule@ATL@@UAEJPAPAUIGlobalInterfaceTable@@@Z 10002bcb f i SigCap.obj
 0001:00001c17       ?AddCommonRGSReplacements@?$CAtlModuleT@VCComModule@ATL@@@ATL@@UAEJPAUIRegistrarBase@@@Z 10002c17 f i SigCap.obj
 0001:00001c31       ?UpdateRegistryFromResourceD@CComModule@ATL@@UAGJPB_WHPAU_ATL_REGMAP_ENTRY@2@@Z 10002c31 f i SigCap.obj
 0001:00001c31       ?UpdateRegistryFromResourceD@CComModule@ATL@@UAGJIHPAU_ATL_REGMAP_ENTRY@2@@Z 10002c31 f i SigCap.obj
 0001:00001c39       ?UpdateRegistryFromResource@CComModule@ATL@@UAGJPB_WHPAU_ATL_REGMAP_ENTRY@2@@Z 10002c39 f i SigCap.obj
 0001:00001c42       ?UpdateRegistryFromResource@CComModule@ATL@@UAGJIHPAU_ATL_REGMAP_ENTRY@2@@Z 10002c42 f i SigCap.obj
 0001:00001c4b       ?CreateInstance@?$CComCreator@V?$CComObjectCached@VCComClassFactory@ATL@@@ATL@@@ATL@@SGJPAXABU_GUID@@PAPAX@Z 10002c4b f i SigCap.obj
 0001:00001cf7       ??_ECComModule@ATL@@UAEPAXI@Z 10002cf7 f i SigCap.obj
 0001:00001cf7       ??_GCComModule@ATL@@UAEPAXI@Z 10002cf7 f i SigCap.obj
 0001:00001d1f       ?CreateInstance@?$CComCreator2@V?$CComCreator@V?$CComObject@VCOPOSSigCap@@@ATL@@@ATL@@V?$CComCreator@V?$CComAggObject@VCOPOSSigCap@@@ATL@@@2@@ATL@@SGJPAXABU_GUID@@PAPAX@Z 10002d1f f i SigCap.obj
 0001:00001d3f       ?AddRef@?$CComObjectCached@VCComClassFactory@ATL@@@ATL@@UAGKXZ 10002d3f f i SigCap.obj
 0001:00001d66       ?Release@?$CComObjectCached@VCComClassFactory@ATL@@@ATL@@UAGKXZ 10002d66 f i SigCap.obj
 0001:00001d9c       ?QueryInterface@?$CComObjectCached@VCComClassFactory@ATL@@@ATL@@UAGJABU_GUID@@PAPAX@Z 10002d9c f i SigCap.obj
 0001:00001db6       ??_G?$CComObjectCached@VCComClassFactory@ATL@@@ATL@@UAEPAXI@Z 10002db6 f i SigCap.obj
 0001:00001db6       ??_E?$CComObjectCached@VCComClassFactory@ATL@@@ATL@@UAEPAXI@Z 10002db6 f i SigCap.obj
 0001:00001dd8       ?Next@?$CComEnumImpl@UIEnumConnectionPoints@@$1?_GUID_b196b285_bab4_101a_b69c_00aa00341d07@@3U__s_GUID@@BPAUIConnectionPoint@@V?$_CopyInterface@UIConnectionPoint@@@ATL@@@ATL@@UAGJKPAPAUIConnectionPoint@@PAK@Z 10002dd8 f i SigCap.obj
 0001:00001eaf       ?Skip@?$CComEnumImpl@UIEnumConnectionPoints@@$1?_GUID_b196b285_bab4_101a_b69c_00aa00341d07@@3U__s_GUID@@BPAUIConnectionPoint@@V?$_CopyInterface@UIConnectionPoint@@@ATL@@@ATL@@UAGJK@Z 10002eaf f i SigCap.obj
 0001:00001edc       ?Reset@?$CComEnumImpl@UIEnumConnections@@$1?_GUID_b196b287_bab4_101a_b69c_00aa00341d07@@3U__s_GUID@@BUtagCONNECTDATA@@V?$_Copy@UtagCONNECTDATA@@@ATL@@@ATL@@UAGJXZ 10002edc f i SigCap.obj
 0001:00001edc       ?Reset@?$CComEnumImpl@UIEnumConnectionPoints@@$1?_GUID_b196b285_bab4_101a_b69c_00aa00341d07@@3U__s_GUID@@BPAUIConnectionPoint@@V?$_CopyInterface@UIConnectionPoint@@@ATL@@@ATL@@UAGJXZ 10002edc f i SigCap.obj
 0001:00001eee       ?Clone@?$CComEnumImpl@UIEnumConnectionPoints@@$1?_GUID_b196b285_bab4_101a_b69c_00aa00341d07@@3U__s_GUID@@BPAUIConnectionPoint@@V?$_CopyInterface@UIConnectionPoint@@@ATL@@@ATL@@UAGJPAPAUIEnumConnectionPoints@@@Z 10002eee f i SigCap.obj
 0001:00001fcf       ?AddRef@?$CComObject@V?$CComEnum@UIEnumConnections@@$1?_GUID_b196b287_bab4_101a_b69c_00aa00341d07@@3U__s_GUID@@BUtagCONNECTDATA@@V?$_Copy@UtagCONNECTDATA@@@ATL@@VCComSingleThreadModel@6@@ATL@@@ATL@@UAGKXZ 10002fcf f i SigCap.obj
 0001:00001fcf       ?AddRef@?$CComObject@V?$CComEnum@UIEnumConnectionPoints@@$1?_GUID_b196b285_bab4_101a_b69c_00aa00341d07@@3U__s_GUID@@BPAUIConnectionPoint@@V?$_CopyInterface@UIConnectionPoint@@@ATL@@VCComSingleThreadModel@6@@ATL@@@ATL@@UAGKXZ 10002fcf f i SigCap.obj
 0001:00001fe0       ?Release@?$CComObject@V?$CComEnum@UIEnumConnectionPoints@@$1?_GUID_b196b285_bab4_101a_b69c_00aa00341d07@@3U__s_GUID@@BPAUIConnectionPoint@@V?$_CopyInterface@UIConnectionPoint@@@ATL@@VCComSingleThreadModel@6@@ATL@@@ATL@@UAGKXZ 10002fe0 f i SigCap.obj
 0001:00001fe0       ?Release@?$CComObject@V?$CComEnum@UIEnumConnections@@$1?_GUID_b196b287_bab4_101a_b69c_00aa00341d07@@3U__s_GUID@@BUtagCONNECTDATA@@V?$_Copy@UtagCONNECTDATA@@@ATL@@VCComSingleThreadModel@6@@ATL@@@ATL@@UAGKXZ 10002fe0 f i SigCap.obj
 0001:0000201c       ?QueryInterface@?$CComObject@V?$CComEnum@UIEnumConnectionPoints@@$1?_GUID_b196b285_bab4_101a_b69c_00aa00341d07@@3U__s_GUID@@BPAUIConnectionPoint@@V?$_CopyInterface@UIConnectionPoint@@@ATL@@VCComSingleThreadModel@6@@ATL@@@ATL@@UAGJABU_GUID@@PAPAX@Z 1000301c f i SigCap.obj
 0001:00002036       ??_E?$CComObject@V?$CComEnum@UIEnumConnectionPoints@@$1?_GUID_b196b285_bab4_101a_b69c_00aa00341d07@@3U__s_GUID@@BPAUIConnectionPoint@@V?$_CopyInterface@UIConnectionPoint@@@ATL@@VCComSingleThreadModel@6@@ATL@@@ATL@@UAEPAXI@Z 10003036 f i SigCap.obj
 0001:00002036       ??_G?$CComObject@V?$CComEnum@UIEnumConnectionPoints@@$1?_GUID_b196b285_bab4_101a_b69c_00aa00341d07@@3U__s_GUID@@BPAUIConnectionPoint@@V?$_CopyInterface@UIConnectionPoint@@@ATL@@VCComSingleThreadModel@6@@ATL@@@ATL@@UAEPAXI@Z 10003036 f i SigCap.obj
 0001:00002058       ?AddRef@CRegObject@ATL@@UAGKXZ 10003058 f i SigCap.obj
 0001:0000205e       ?AddReplacement@CRegObject@ATL@@UAGJPB_W0@Z 1000305e f i SigCap.obj
 0001:00002097       ?ClearReplacements@CRegObject@ATL@@UAGJXZ 10003097 f i SigCap.obj
 0001:000020a9       ??_ECRegObject@ATL@@UAEPAXI@Z 100030a9 f i SigCap.obj
 0001:000020a9       ??_GCRegObject@ATL@@UAEPAXI@Z 100030a9 f i SigCap.obj
 0001:000020cb       ?AddRef@?$CComAggObject@VCOPOSSigCap@@@ATL@@UAGKXZ 100030cb f i SigCap.obj
 0001:000020dc       ?Release@?$CComAggObject@VCOPOSSigCap@@@ATL@@UAGKXZ 100030dc f i SigCap.obj
 0001:00002118       ?QueryInterface@?$CComAggObject@VCOPOSSigCap@@@ATL@@UAGJABU_GUID@@PAPAX@Z 10003118 f i SigCap.obj
 0001:00002167       ?AddRef@?$CComContainedObject@VCOPOSSigCap@@@ATL@@UAGKXZ 10003167 f i SigCap.obj
 0001:0000217d       ?Release@?$CComContainedObject@VCOPOSSigCap@@@ATL@@UAGKXZ 1000317d f i SigCap.obj
 0001:00002193       ?QueryInterface@?$CComContainedObject@VCOPOSSigCap@@@ATL@@UAGJABU_GUID@@PAPAX@Z 10003193 f i SigCap.obj
 0001:000021ae       ??_E?$CComAggObject@VCOPOSSigCap@@@ATL@@UAEPAXI@Z 100031ae f i SigCap.obj
 0001:000021ae       ??_G?$CComAggObject@VCOPOSSigCap@@@ATL@@UAEPAXI@Z 100031ae f i SigCap.obj
 0001:000021d3       ?AddRef@?$CComObject@VCOPOSSigCap@@@ATL@@UAGKXZ 100031d3 f i SigCap.obj
 0001:000021ea       ?Release@?$CComObject@VCOPOSSigCap@@@ATL@@UAGKXZ 100031ea f i SigCap.obj
 0001:0000222c       ?QueryInterface@?$CComObject@VCOPOSSigCap@@@ATL@@UAGJABU_GUID@@PAPAX@Z 1000322c f i SigCap.obj
 0001:00002246       ?OnDrawAdvanced@CComControlBase@ATL@@UAEJAAUATL_DRAWINFO@@@Z 10003246 f i SigCap.obj
 0001:00002339       ?Next@?$CComEnumImpl@UIEnumConnections@@$1?_GUID_b196b287_bab4_101a_b69c_00aa00341d07@@3U__s_GUID@@BUtagCONNECTDATA@@V?$_Copy@UtagCONNECTDATA@@@ATL@@@ATL@@UAGJKPAUtagCONNECTDATA@@PAK@Z 10003339 f i SigCap.obj
 0001:00002410       ?Skip@?$CComEnumImpl@UIEnumConnections@@$1?_GUID_b196b287_bab4_101a_b69c_00aa00341d07@@3U__s_GUID@@BUtagCONNECTDATA@@V?$_Copy@UtagCONNECTDATA@@@ATL@@@ATL@@UAGJK@Z 10003410 f i SigCap.obj
 0001:0000243d       ?Clone@?$CComEnumImpl@UIEnumConnections@@$1?_GUID_b196b287_bab4_101a_b69c_00aa00341d07@@3U__s_GUID@@BUtagCONNECTDATA@@V?$_Copy@UtagCONNECTDATA@@@ATL@@@ATL@@UAGJPAPAUIEnumConnections@@@Z 1000343d f i SigCap.obj
 0001:0000251e       ?QueryInterface@?$CComObject@V?$CComEnum@UIEnumConnections@@$1?_GUID_b196b287_bab4_101a_b69c_00aa00341d07@@3U__s_GUID@@BUtagCONNECTDATA@@V?$_Copy@UtagCONNECTDATA@@@ATL@@VCComSingleThreadModel@6@@ATL@@@ATL@@UAGJABU_GUID@@PAPAX@Z 1000351e f i SigCap.obj
 0001:00002538       ??_E?$CComObject@V?$CComEnum@UIEnumConnections@@$1?_GUID_b196b287_bab4_101a_b69c_00aa00341d07@@3U__s_GUID@@BUtagCONNECTDATA@@V?$_Copy@UtagCONNECTDATA@@@ATL@@VCComSingleThreadModel@6@@ATL@@@ATL@@UAEPAXI@Z 10003538 f i SigCap.obj
 0001:00002538       ??_G?$CComObject@V?$CComEnum@UIEnumConnections@@$1?_GUID_b196b287_bab4_101a_b69c_00aa00341d07@@3U__s_GUID@@BUtagCONNECTDATA@@V?$_Copy@UtagCONNECTDATA@@@ATL@@VCComSingleThreadModel@6@@ATL@@@ATL@@UAEPAXI@Z 10003538 f i SigCap.obj
 0001:0000255a       ??_E?$CComObject@VCOPOSSigCap@@@ATL@@W3AEPAXI@Z 1000355a f i SigCap.obj
 0001:00002562       ??_E?$CComObject@VCOPOSSigCap@@@ATL@@WEM@AEPAXI@Z 10003562 f i SigCap.obj
 0001:0000256a       ?QueryInterface@?$CComObject@VCOPOSSigCap@@@ATL@@WHA@AGJABU_GUID@@PAPAX@Z 1000356a f i SigCap.obj
 0001:00002574       ?AddRef@?$CComObject@VCOPOSSigCap@@@ATL@@WHA@AGKXZ 10003574 f i SigCap.obj
 0001:0000257e       ?Release@?$CComObject@VCOPOSSigCap@@@ATL@@WHA@AGKXZ 1000357e f i SigCap.obj
 0001:00002588       ?QueryInterface@?$CComObject@VCOPOSSigCap@@@ATL@@WHE@AGJABU_GUID@@PAPAX@Z 10003588 f i SigCap.obj
 0001:00002592       ?AddRef@?$CComObject@VCOPOSSigCap@@@ATL@@WHE@AGKXZ 10003592 f i SigCap.obj
 0001:0000259c       ?Release@?$CComObject@VCOPOSSigCap@@@ATL@@WHE@AGKXZ 1000359c f i SigCap.obj
 0001:000025a6       ?QueryInterface@?$CComObject@VCOPOSSigCap@@@ATL@@WHI@AGJABU_GUID@@PAPAX@Z 100035a6 f i SigCap.obj
 0001:000025b0       ?AddRef@?$CComObject@VCOPOSSigCap@@@ATL@@WHI@AGKXZ 100035b0 f i SigCap.obj
 0001:000025ba       ?Release@?$CComObject@VCOPOSSigCap@@@ATL@@WHI@AGKXZ 100035ba f i SigCap.obj
 0001:000025c4       ?QueryInterface@?$CComObject@VCOPOSSigCap@@@ATL@@WHM@AGJABU_GUID@@PAPAX@Z 100035c4 f i SigCap.obj
 0001:000025ce       ?AddRef@?$CComObject@VCOPOSSigCap@@@ATL@@WHM@AGKXZ 100035ce f i SigCap.obj
 0001:000025d8       ?Release@?$CComObject@VCOPOSSigCap@@@ATL@@WHM@AGKXZ 100035d8 f i SigCap.obj
 0001:000025e2       ?QueryInterface@?$CComObject@VCOPOSSigCap@@@ATL@@WIA@AGJABU_GUID@@PAPAX@Z 100035e2 f i SigCap.obj
 0001:000025ef       ?AddRef@?$CComObject@VCOPOSSigCap@@@ATL@@WIA@AGKXZ 100035ef f i SigCap.obj
 0001:000025fc       ?Release@?$CComObject@VCOPOSSigCap@@@ATL@@WIA@AGKXZ 100035fc f i SigCap.obj
 0001:00002609       ?QueryInterface@?$CComObject@VCOPOSSigCap@@@ATL@@WIE@AGJABU_GUID@@PAPAX@Z 10003609 f i SigCap.obj
 0001:00002616       ?AddRef@?$CComObject@VCOPOSSigCap@@@ATL@@WIE@AGKXZ 10003616 f i SigCap.obj
 0001:00002623       ?Release@?$CComObject@VCOPOSSigCap@@@ATL@@WIE@AGKXZ 10003623 f i SigCap.obj
 0001:00002630       ?QueryInterface@?$CComObject@VCOPOSSigCap@@@ATL@@WII@AGJABU_GUID@@PAPAX@Z 10003630 f i SigCap.obj
 0001:0000263d       ?AddRef@?$CComObject@VCOPOSSigCap@@@ATL@@WII@AGKXZ 1000363d f i SigCap.obj
 0001:0000264a       ?Release@?$CComObject@VCOPOSSigCap@@@ATL@@WII@AGKXZ 1000364a f i SigCap.obj
 0001:00002657       ?QueryInterface@?$CComObject@VCOPOSSigCap@@@ATL@@WIM@AGJABU_GUID@@PAPAX@Z 10003657 f i SigCap.obj
 0001:00002664       ?AddRef@?$CComObject@VCOPOSSigCap@@@ATL@@WIM@AGKXZ 10003664 f i SigCap.obj
 0001:00002671       ?Release@?$CComObject@VCOPOSSigCap@@@ATL@@WIM@AGKXZ 10003671 f i SigCap.obj
 0001:0000267e       ?QueryInterface@?$CComObject@VCOPOSSigCap@@@ATL@@WJA@AGJABU_GUID@@PAPAX@Z 1000367e f i SigCap.obj
 0001:0000268b       ?AddRef@?$CComObject@VCOPOSSigCap@@@ATL@@WJA@AGKXZ 1000368b f i SigCap.obj
 0001:00002698       ?Release@?$CComObject@VCOPOSSigCap@@@ATL@@WJA@AGKXZ 10003698 f i SigCap.obj
 0001:000026a5       ?QueryInterface@?$CComObject@VCOPOSSigCap@@@ATL@@WJE@AGJABU_GUID@@PAPAX@Z 100036a5 f i SigCap.obj
 0001:000026b2       ?AddRef@?$CComObject@VCOPOSSigCap@@@ATL@@WJE@AGKXZ 100036b2 f i SigCap.obj
 0001:000026bf       ?Release@?$CComObject@VCOPOSSigCap@@@ATL@@WJE@AGKXZ 100036bf f i SigCap.obj
 0001:000026cc       ?QueryInterface@?$CComObject@VCOPOSSigCap@@@ATL@@WJI@AGJABU_GUID@@PAPAX@Z 100036cc f i SigCap.obj
 0001:000026d9       ?AddRef@?$CComObject@VCOPOSSigCap@@@ATL@@WJI@AGKXZ 100036d9 f i SigCap.obj
 0001:000026e6       ?Release@?$CComObject@VCOPOSSigCap@@@ATL@@WJI@AGKXZ 100036e6 f i SigCap.obj
 0001:000026f3       ?QueryInterface@?$CComObject@VCOPOSSigCap@@@ATL@@WJM@AGJABU_GUID@@PAPAX@Z 100036f3 f i SigCap.obj
 0001:00002700       ?AddRef@?$CComObject@VCOPOSSigCap@@@ATL@@WJM@AGKXZ 10003700 f i SigCap.obj
 0001:0000270d       ?Release@?$CComObject@VCOPOSSigCap@@@ATL@@WJM@AGKXZ 1000370d f i SigCap.obj
 0001:0000271a       ?QueryInterface@?$CComObject@VCOPOSSigCap@@@ATL@@WKA@AGJABU_GUID@@PAPAX@Z 1000371a f i SigCap.obj
 0001:00002727       ?AddRef@?$CComObject@VCOPOSSigCap@@@ATL@@WKA@AGKXZ 10003727 f i SigCap.obj
 0001:00002734       ?Release@?$CComObject@VCOPOSSigCap@@@ATL@@WKA@AGKXZ 10003734 f i SigCap.obj
 0001:00002741       ?AddRef@?$CComObject@VCOPOSSigCap@@@ATL@@WKI@AGKXZ 10003741 f i SigCap.obj
 0001:0000274e       ?Release@?$CComObject@VCOPOSSigCap@@@ATL@@WKI@AGKXZ 1000374e f i SigCap.obj
 0001:0000275b       ?AddRef@?$CComObject@VCOPOSSigCap@@@ATL@@WLE@AGKXZ 1000375b f i SigCap.obj
 0001:00002768       ?Release@?$CComObject@VCOPOSSigCap@@@ATL@@WLE@AGKXZ 10003768 f i SigCap.obj
 0001:00002775       ??_E?$CComContainedObject@VCOPOSSigCap@@@ATL@@W3AEPAXI@Z 10003775 f i SigCap.obj
 0001:0000277d       ??_E?$CComContainedObject@VCOPOSSigCap@@@ATL@@WEM@AEPAXI@Z 1000377d f i SigCap.obj
 0001:00002785       ?QueryInterface@?$CComContainedObject@VCOPOSSigCap@@@ATL@@WHA@AGJABU_GUID@@PAPAX@Z 10003785 f i SigCap.obj
 0001:0000278f       ?AddRef@?$CComContainedObject@VCOPOSSigCap@@@ATL@@WHA@AGKXZ 1000378f f i SigCap.obj
 0001:00002799       ?Release@?$CComContainedObject@VCOPOSSigCap@@@ATL@@WHA@AGKXZ 10003799 f i SigCap.obj
 0001:000027a3       ?QueryInterface@?$CComContainedObject@VCOPOSSigCap@@@ATL@@WHE@AGJABU_GUID@@PAPAX@Z 100037a3 f i SigCap.obj
 0001:000027ad       ?AddRef@?$CComContainedObject@VCOPOSSigCap@@@ATL@@WHE@AGKXZ 100037ad f i SigCap.obj
 0001:000027b7       ?Release@?$CComContainedObject@VCOPOSSigCap@@@ATL@@WHE@AGKXZ 100037b7 f i SigCap.obj
 0001:000027c1       ?QueryInterface@?$CComContainedObject@VCOPOSSigCap@@@ATL@@WHI@AGJABU_GUID@@PAPAX@Z 100037c1 f i SigCap.obj
 0001:000027cb       ?AddRef@?$CComContainedObject@VCOPOSSigCap@@@ATL@@WHI@AGKXZ 100037cb f i SigCap.obj
 0001:000027d5       ?Release@?$CComContainedObject@VCOPOSSigCap@@@ATL@@WHI@AGKXZ 100037d5 f i SigCap.obj
 0001:000027df       ?QueryInterface@?$CComContainedObject@VCOPOSSigCap@@@ATL@@WHM@AGJABU_GUID@@PAPAX@Z 100037df f i SigCap.obj
 0001:000027e9       ?AddRef@?$CComContainedObject@VCOPOSSigCap@@@ATL@@WHM@AGKXZ 100037e9 f i SigCap.obj
 0001:000027f3       ?Release@?$CComContainedObject@VCOPOSSigCap@@@ATL@@WHM@AGKXZ 100037f3 f i SigCap.obj
 0001:000027fd       ?QueryInterface@?$CComContainedObject@VCOPOSSigCap@@@ATL@@WIA@AGJABU_GUID@@PAPAX@Z 100037fd f i SigCap.obj
 0001:0000280a       ?AddRef@?$CComContainedObject@VCOPOSSigCap@@@ATL@@WIA@AGKXZ 1000380a f i SigCap.obj
 0001:00002817       ?Release@?$CComContainedObject@VCOPOSSigCap@@@ATL@@WIA@AGKXZ 10003817 f i SigCap.obj
 0001:00002824       ?QueryInterface@?$CComContainedObject@VCOPOSSigCap@@@ATL@@WIE@AGJABU_GUID@@PAPAX@Z 10003824 f i SigCap.obj
 0001:00002831       ?AddRef@?$CComContainedObject@VCOPOSSigCap@@@ATL@@WIE@AGKXZ 10003831 f i SigCap.obj
 0001:0000283e       ?Release@?$CComContainedObject@VCOPOSSigCap@@@ATL@@WIE@AGKXZ 1000383e f i SigCap.obj
 0001:0000284b       ?QueryInterface@?$CComContainedObject@VCOPOSSigCap@@@ATL@@WII@AGJABU_GUID@@PAPAX@Z 1000384b f i SigCap.obj
 0001:00002858       ?AddRef@?$CComContainedObject@VCOPOSSigCap@@@ATL@@WII@AGKXZ 10003858 f i SigCap.obj
 0001:00002865       ?Release@?$CComContainedObject@VCOPOSSigCap@@@ATL@@WII@AGKXZ 10003865 f i SigCap.obj
 0001:00002872       ?QueryInterface@?$CComContainedObject@VCOPOSSigCap@@@ATL@@WIM@AGJABU_GUID@@PAPAX@Z 10003872 f i SigCap.obj
 0001:0000287f       ?AddRef@?$CComContainedObject@VCOPOSSigCap@@@ATL@@WIM@AGKXZ 1000387f f i SigCap.obj
 0001:0000288c       ?Release@?$CComContainedObject@VCOPOSSigCap@@@ATL@@WIM@AGKXZ 1000388c f i SigCap.obj
 0001:00002899       ?QueryInterface@?$CComContainedObject@VCOPOSSigCap@@@ATL@@WJA@AGJABU_GUID@@PAPAX@Z 10003899 f i SigCap.obj
 0001:000028a6       ?AddRef@?$CComContainedObject@VCOPOSSigCap@@@ATL@@WJA@AGKXZ 100038a6 f i SigCap.obj
 0001:000028b3       ?Release@?$CComContainedObject@VCOPOSSigCap@@@ATL@@WJA@AGKXZ 100038b3 f i SigCap.obj
 0001:000028c0       ?QueryInterface@?$CComContainedObject@VCOPOSSigCap@@@ATL@@WJE@AGJABU_GUID@@PAPAX@Z 100038c0 f i SigCap.obj
 0001:000028cd       ?AddRef@?$CComContainedObject@VCOPOSSigCap@@@ATL@@WJE@AGKXZ 100038cd f i SigCap.obj
 0001:000028da       ?Release@?$CComContainedObject@VCOPOSSigCap@@@ATL@@WJE@AGKXZ 100038da f i SigCap.obj
 0001:000028e7       ?QueryInterface@?$CComContainedObject@VCOPOSSigCap@@@ATL@@WJI@AGJABU_GUID@@PAPAX@Z 100038e7 f i SigCap.obj
 0001:000028f4       ?AddRef@?$CComContainedObject@VCOPOSSigCap@@@ATL@@WJI@AGKXZ 100038f4 f i SigCap.obj
 0001:00002901       ?Release@?$CComContainedObject@VCOPOSSigCap@@@ATL@@WJI@AGKXZ 10003901 f i SigCap.obj
 0001:0000290e       ?QueryInterface@?$CComContainedObject@VCOPOSSigCap@@@ATL@@WJM@AGJABU_GUID@@PAPAX@Z 1000390e f i SigCap.obj
 0001:0000291b       ?AddRef@?$CComContainedObject@VCOPOSSigCap@@@ATL@@WJM@AGKXZ 1000391b f i SigCap.obj
 0001:00002928       ?Release@?$CComContainedObject@VCOPOSSigCap@@@ATL@@WJM@AGKXZ 10003928 f i SigCap.obj
 0001:00002935       ?QueryInterface@?$CComContainedObject@VCOPOSSigCap@@@ATL@@WKA@AGJABU_GUID@@PAPAX@Z 10003935 f i SigCap.obj
 0001:00002942       ?AddRef@?$CComContainedObject@VCOPOSSigCap@@@ATL@@WKA@AGKXZ 10003942 f i SigCap.obj
 0001:0000294f       ?Release@?$CComContainedObject@VCOPOSSigCap@@@ATL@@WKA@AGKXZ 1000394f f i SigCap.obj
 0001:0000295c       ?AddRef@?$CComContainedObject@VCOPOSSigCap@@@ATL@@WKI@AGKXZ 1000395c f i SigCap.obj
 0001:00002969       ?Release@?$CComContainedObject@VCOPOSSigCap@@@ATL@@WKI@AGKXZ 10003969 f i SigCap.obj
 0001:00002976       ?AddRef@?$CComContainedObject@VCOPOSSigCap@@@ATL@@WLE@AGKXZ 10003976 f i SigCap.obj
 0001:00002983       ?Release@?$CComContainedObject@VCOPOSSigCap@@@ATL@@WLE@AGKXZ 10003983 f i SigCap.obj
 0001:00002990       ??$?4UITypeInfo2@@@?$CComPtr@UITypeInfo@@@ATL@@QAEPAUITypeInfo@@ABV?$CComPtr@UITypeInfo2@@@1@@Z 10003990 f i SigCap.obj
 0001:000029bd       ??$AtlAdd@K@ATL@@YAJPAKKK@Z 100039bd f i SigCap.obj
 0001:000029e0       ??$AtlAdd@_K@ATL@@YAJPA_K_K1@Z 100039e0 f i SigCap.obj
 0001:00002a18       ??$AtlAddThrow@K@ATL@@YAKKK@Z 10003a18 f i SigCap.obj
 0001:00002a3e       ??$AtlModuleRegisterWndClassInfoT@VAtlModuleRegisterWndClassInfoParamW@ATL@@@ATL@@YAGPAU_ATL_BASE_MODULE70@0@PAU_ATL_WIN_MODULE70@0@PAU_ATL_WNDCLASSINFOW@0@PAP6GJPAUHWND__@@IIJ@ZVAtlModuleRegisterWndClassInfoParamW@0@@Z 10003a3e f i SigCap.obj
 0001:00002b8c       ??$AtlMultiply@H@ATL@@YAJPAHHH@Z 10003b8c f i SigCap.obj
 0001:00002bc4       ??$AtlMultiply@K@ATL@@YAJPAKKK@Z 10003bc4 f i SigCap.obj
 0001:00002bc4       ??$AtlMultiply@I@ATL@@YAJPAIII@Z 10003bc4 f i SigCap.obj
 0001:00002be6       ??$AtlMultiplyThrow@I@ATL@@YAIII@Z 10003be6 f i SigCap.obj
 0001:00002c0c       ??0?$CComAggObject@VCOPOSSigCap@@@ATL@@QAE@PAX@Z 10003c0c f i SigCap.obj
 0001:00002c39       ??0?$CComContainedObject@VCOPOSSigCap@@@ATL@@QAE@PAX@Z 10003c39 f i SigCap.obj
 0001:00002cf2       ??0?$CComObject@V?$CComEnum@UIEnumConnectionPoints@@$1?_GUID_b196b285_bab4_101a_b69c_00aa00341d07@@3U__s_GUID@@BPAUIConnectionPoint@@V?$_CopyInterface@UIConnectionPoint@@@ATL@@VCComSingleThreadModel@6@@ATL@@@ATL@@QAE@PAX@Z 10003cf2 f i SigCap.obj
 0001:00002d20       ??0?$CComObject@V?$CComEnum@UIEnumConnections@@$1?_GUID_b196b287_bab4_101a_b69c_00aa00341d07@@3U__s_GUID@@BUtagCONNECTDATA@@V?$_Copy@UtagCONNECTDATA@@@ATL@@VCComSingleThreadModel@6@@ATL@@@ATL@@QAE@PAX@Z 10003d20 f i SigCap.obj
 0001:00002d4e       ??0?$CComObject@VCOPOSSigCap@@@ATL@@QAE@PAX@Z 10003d4e f i SigCap.obj
 0001:00002e05       ??0?$CComQIPtr@UIOleControlSite@@$1?_GUID_b196b289_bab4_101a_b69c_00aa00341d07@@3U__s_GUID@@B@ATL@@QAE@PAUIUnknown@@@Z 10003e05 f i SigCap.obj
 0001:00002e2e       ??0CAtlModule@ATL@@QAE@XZ  10003e2e f i SigCap.obj
 0001:00002e6f       ??0CParseBuffer@CRegParser@ATL@@QAE@H@Z 10003e6f f i SigCap.obj
 0001:00002ea5       ??0_ATL_MSG@ATL@@QAE@PAUHWND__@@IIJH@Z 10003ea5 f i SigCap.obj
 0001:00002edd       ??1?$CComAggObject@VCOPOSSigCap@@@ATL@@UAE@XZ 10003edd f i SigCap.obj
 0001:00002f01       ??1?$CComEnumImpl@UIEnumConnectionPoints@@$1?_GUID_b196b285_bab4_101a_b69c_00aa00341d07@@3U__s_GUID@@BPAUIConnectionPoint@@V?$_CopyInterface@UIConnectionPoint@@@ATL@@@ATL@@UAE@XZ 10003f01 f i SigCap.obj
 0001:00002f41       ??1?$CComEnumImpl@UIEnumConnections@@$1?_GUID_b196b287_bab4_101a_b69c_00aa00341d07@@3U__s_GUID@@BUtagCONNECTDATA@@V?$_Copy@UtagCONNECTDATA@@@ATL@@@ATL@@UAE@XZ 10003f41 f i SigCap.obj
 0001:00002f81       ??1?$CComObject@V?$CComEnum@UIEnumConnectionPoints@@$1?_GUID_b196b285_bab4_101a_b69c_00aa00341d07@@3U__s_GUID@@BPAUIConnectionPoint@@V?$_CopyInterface@UIConnectionPoint@@@ATL@@VCComSingleThreadModel@6@@ATL@@@ATL@@UAE@XZ 10003f81 f i SigCap.obj
 0001:00002fa4       ??1?$CComObject@V?$CComEnum@UIEnumConnections@@$1?_GUID_b196b287_bab4_101a_b69c_00aa00341d07@@3U__s_GUID@@BUtagCONNECTDATA@@V?$_Copy@UtagCONNECTDATA@@@ATL@@VCComSingleThreadModel@6@@ATL@@@ATL@@UAE@XZ 10003fa4 f i SigCap.obj
 0001:00002fc7       ??1?$CComObject@VCOPOSSigCap@@@ATL@@UAE@XZ 10003fc7 f i SigCap.obj
 0001:00003085       ??1?$CComObjectCached@VCComClassFactory@ATL@@@ATL@@UAE@XZ 10004085 f i SigCap.obj
 0001:0000309b       ??1?$CComObjectRootEx@VCComMultiThreadModel@ATL@@@ATL@@QAE@XZ 1000409b f i SigCap.obj
 0001:000030b0       ??1CRegObject@ATL@@UAE@XZ  100040b0 f i SigCap.obj
 0001:000030d0       ??4?$CComPtr@UIAdviseSink@@@ATL@@QAEPAUIAdviseSink@@PAU2@@Z 100040d0 f i SigCap.obj
 0001:000030d0       ??4?$CComPtr@UIOleClientSite@@@ATL@@QAEPAUIOleClientSite@@PAU2@@Z 100040d0 f i SigCap.obj
 0001:000030d0       ??4?$CComPtr@UIUnknown@@@ATL@@QAEPAUIUnknown@@PAU2@@Z 100040d0 f i SigCap.obj
 0001:00003104       ??_G?$CComContainedObject@VCOPOSSigCap@@@ATL@@UAEPAXI@Z 10004104 f i SigCap.obj
 0001:00003104       ??_E?$CComContainedObject@VCOPOSSigCap@@@ATL@@UAEPAXI@Z 10004104 f i SigCap.obj
 0001:00003129       ??_G?$CComObject@VCOPOSSigCap@@@ATL@@UAEPAXI@Z 10004129 f i SigCap.obj
 0001:00003129       ??_E?$CComObject@VCOPOSSigCap@@@ATL@@UAEPAXI@Z 10004129 f i SigCap.obj
 0001:0000314e       ?Add@?$CSimpleArray@GV?$CSimpleArrayEqualHelper@G@ATL@@@ATL@@QAEHABG@Z 1000414e f i SigCap.obj
 0001:000031d2       ?Add@?$CSimpleMap@PA_WPA_WVCExpansionVectorEqualHelper@ATL@@@ATL@@QAEHABQA_W0@Z 100041d2 f i SigCap.obj
 0001:00003227       ?Add@CComDynamicUnkArray@ATL@@QAEKPAUIUnknown@@@Z 10004227 f i SigCap.obj
 0001:000032dd       ?Add@CExpansionVector@ATL@@QAEHPB_W0@Z 100042dd f i SigCap.obj
 0001:000033e6       ?AddString@CParseBuffer@CRegParser@ATL@@QAEHPB_W@Z 100043e6 f i SigCap.obj
 0001:0000341b       ?AddTermFunc@CAtlModule@ATL@@QAEJP6GXK@ZK@Z 1000441b f i SigCap.obj
 0001:0000347e       ?AddValue@CRegParser@ATL@@IAEJAAVCRegKey@2@PB_WPA_W@Z 1000447e f i SigCap.obj
 0001:00003798       ?Allocate@?$CAtlSafeAllocBufferManager@VCCRTAllocator@ATL@@@_ATL_SAFE_ALLOCA_IMPL@ATL@@QAEPAXK@Z 10004798 f i SigCap.obj
 0001:000037c5       ?Allocate@?$CTempBuffer@E$0BAA@VCCRTAllocator@ATL@@@ATL@@QAEPAEI@Z 100047c5 f i SigCap.obj
 0001:000037f4       ?Allocate@?$CTempBuffer@_W$0BAA@VCCRTAllocator@ATL@@@ATL@@QAEPA_WI@Z 100047f4 f i SigCap.obj
 0001:00003823       ?Allocate@?$CTempBuffer@_W$0EAA@VCCRTAllocator@ATL@@@ATL@@QAEPA_WI@Z 10004823 f i SigCap.obj
 0001:00003852       ?AllocateHeap@?$CTempBuffer@E$0BAA@VCCRTAllocator@ATL@@@ATL@@AAEXI@Z 10004852 f i SigCap.obj
 0001:00003852       ?AllocateHeap@?$CTempBuffer@_W$0BAA@VCCRTAllocator@ATL@@@ATL@@AAEXI@Z 10004852 f i SigCap.obj
 0001:00003852       ?AllocateHeap@?$CTempBuffer@_W$0EAA@VCCRTAllocator@ATL@@@ATL@@AAEXI@Z 10004852 f i SigCap.obj
 0001:00003877       ?Append@CParseBuffer@CRegParser@ATL@@QAEHPB_WH@Z 10004877 f i SigCap.obj
 0001:00003905       ?AtlCoTaskMemCAlloc@ATL@@YAPAXKK@Z 10004905 f i SigCap.obj
 0001:00003932       ?AtlCoTaskMemRecalloc@ATL@@YAPAXPAXKK@Z 10004932 f i SigCap.obj
 0001:00003962       ?AtlComModuleGetClassObject@ATL@@YGJPAU_ATL_COM_MODULE70@1@ABU_GUID@@1PAPAX@Z 10004962 f i SigCap.obj
 0001:00003a55       ?AtlComModuleRegisterServer@ATL@@YGJPAU_ATL_COM_MODULE70@1@HPBU_GUID@@@Z 10004a55 f i SigCap.obj
 0001:00003add       ?AtlComModuleUnregisterServer@ATL@@YGJPAU_ATL_COM_MODULE70@1@HPBU_GUID@@@Z 10004add f i SigCap.obj
 0001:00003b65       ?AtlComQIPtrAssign2@ATL@@YAXPAPAUIUnknown@@PAU2@ABU_GUID@@@Z 10004b65 f i SigCap.obj
 0001:00003b94       ?AtlCreateTargetDC@ATL@@YGPAUHDC__@@PAU2@PAUtagDVTARGETDEVICE@@@Z 10004b94 f i SigCap.obj
 0001:00003bfd       ?AtlCrtErrorCheck@ATL@@YAHH@Z 10004bfd f i SigCap.obj
 0001:00003c38       ?AtlHiMetricToPixel@ATL@@YGXPBUtagSIZE@@PAU2@@Z 10004c38 f i SigCap.obj
 0001:00003cad       ?AtlHresultFromLastError@ATL@@YAJXZ 10004cad f i SigCap.obj
 0001:00003cc4       ?AtlHresultFromWin32@ATL@@YAJK@Z 10004cc4 f i SigCap.obj
 0001:00003cd9       ?AtlInternalOleLoadFromStream@ATL@@YAJPAUIStream@@ABU_GUID@@PAPAXTClassesAllowedInStream@1@K@Z 10004cd9 f i SigCap.obj
 0001:00003dff       ?AtlInternalQueryInterface@ATL@@YGJPAXPBU_ATL_INTMAP_ENTRY@1@ABU_GUID@@PAPAX@Z 10004dff f i SigCap.obj
 0001:00003ea2       ?AtlLoadTypeLib@ATL@@YGJPAUHINSTANCE__@@PB_WPAPA_WPAPAUITypeLib@@@Z 10004ea2 f i SigCap.obj
 0001:00004080       ?AtlRegisterClassCategoriesHelper@ATL@@YGJABU_GUID@@PBU_ATL_CATMAP_ENTRY@1@H@Z 10005080 f i SigCap.obj
 0001:0000437c       ?AtlRegisterTypeLib@ATL@@YGJPAUHINSTANCE__@@PB_W@Z 1000537c f i SigCap.obj
 0001:00004504       ?AtlThrowImpl@ATL@@YGXJ@Z  10005504 f i SigCap.obj
 0001:00004522       ?AtlUnRegisterTypeLib@ATL@@YGJPAUHINSTANCE__@@PB_W@Z 10005522 f i SigCap.obj
 0001:000045cd       ?AtlWinModuleAddCreateWndData@ATL@@YGXPAU_ATL_WIN_MODULE70@1@PAU_AtlCreateWndData@1@PAX@Z 100055cd f i SigCap.obj
 0001:00004621       ?AtlWinModuleExtractCreateWndData@ATL@@YGPAXPAU_ATL_WIN_MODULE70@1@@Z 10005621 f i SigCap.obj
 0001:00004684       ?AtlWinModuleRegisterClassExW@ATL@@YGGPAU_ATL_WIN_MODULE70@1@PBUtagWNDCLASSEXW@@@Z 10005684 f i SigCap.obj
 0001:000046c3       ?CanForceRemoveKey@CRegParser@ATL@@IAEHPB_W@Z 100056c3 f i SigCap.obj
 0001:000046f2       ?ChToByte@CRegParser@ATL@@KAE_W@Z 100056f2 f i SigCap.obj
 0001:00004725       ?Cleanup@CComTypeInfoHolder@ATL@@SGXK@Z 10005725 f i SigCap.obj
 0001:00004758       ?ClearReplacements@CExpansionVector@ATL@@QAEJXZ 10005758 f i SigCap.obj
 0001:00004795       ?Close@CRegKey@ATL@@QAEJXZ 10005795 f i SigCap.obj
 0001:000047af       ?CreateInstance@?$CComCreator@V?$CComAggObject@VCOPOSSigCap@@@ATL@@@ATL@@SGJPAXABU_GUID@@PAPAX@Z 100057af f i SigCap.obj
 0001:00004825       ?CreateInstance@?$CComCreator@V?$CComObject@VCOPOSSigCap@@@ATL@@@ATL@@SGJPAXABU_GUID@@PAPAX@Z 10005825 f i SigCap.obj
 0001:000048a6       ?CreateInstance@?$CComObject@V?$CComEnum@UIEnumConnectionPoints@@$1?_GUID_b196b285_bab4_101a_b69c_00aa00341d07@@3U__s_GUID@@BPAUIConnectionPoint@@V?$_CopyInterface@UIConnectionPoint@@@ATL@@VCComSingleThreadModel@6@@ATL@@@ATL@@SGJPAPAV12@@Z 100058a6 f i SigCap.obj
 0001:000048ed       ?CreateInstance@?$CComObject@V?$CComEnum@UIEnumConnections@@$1?_GUID_b196b287_bab4_101a_b69c_00aa00341d07@@3U__s_GUID@@BUtagCONNECTDATA@@V?$_Copy@UtagCONNECTDATA@@@ATL@@VCComSingleThreadModel@6@@ATL@@@ATL@@SGJPAPAV12@@Z 100058ed f i SigCap.obj
 0001:00004934       ?DefaultReflectionHandler@?$CWindowImplRoot@VCWindow@ATL@@@ATL@@SAHPAUHWND__@@IIJAAJ@Z 10005934 f i SigCap.obj
 0001:000049a7       ?DeleteSubKey@CRegKey@ATL@@QAEJPB_W@Z 100059a7 f i SigCap.obj
 0001:00004a20       ?DoEvent@COPOSSigCap@@IAEXIIJ@Z 10005a20 f i SigCap.obj
 0001:00004aa0       ?DoVerbHide@?$IOleObjectImpl@VCOPOSSigCap@@@ATL@@QAEJPBUtagRECT@@PAUHWND__@@@Z 10005aa0 f i SigCap.obj
 0001:00004ad6       ?DoVerbInPlaceActivate@?$IOleObjectImpl@VCOPOSSigCap@@@ATL@@QAEJPBUtagRECT@@PAUHWND__@@@Z 10005ad6 f i SigCap.obj
 0001:00004b09       ?DoVerbPrimary@?$IOleObjectImpl@VCOPOSSigCap@@@ATL@@QAEJPBUtagRECT@@PAUHWND__@@@Z 10005b09 f i SigCap.obj
 0001:00004b95       ?DoVerbProperties@CComControlBase@ATL@@QAEJPBUtagRECT@@PAUHWND__@@@Z 10005b95 f i SigCap.obj
 0001:00004d14       ?DoVerbUIActivate@?$IOleObjectImpl@VCOPOSSigCap@@@ATL@@QAEJPBUtagRECT@@PAUHWND__@@@Z 10005d14 f i SigCap.obj
 0001:00004d51       ?DoesVerbActivate@CComControlBase@ATL@@QAEHJ@Z 10005d51 f i SigCap.obj
 0001:00004d72       ?DoesVerbUIActivate@CComControlBase@ATL@@QAEHJ@Z 10005d72 f i SigCap.obj
 0001:00004da7       ?EndOfVar@CRegParser@ATL@@IAEHXZ 10005da7 f i SigCap.obj
 0001:00004dc7       ?EscapeSingleQuote@CAtlModule@ATL@@SAXPA_WIPB_W@Z 10005dc7 f i SigCap.obj
 0001:00004e16       ?FindKey@?$CSimpleMap@PA_WPA_WVCExpansionVectorEqualHelper@ATL@@@ATL@@QBEHABQA_W@Z 10005e16 f i SigCap.obj
 0001:00004e4d       ?FireTheEvent@?$CProxy_IOPOSEvents@VCOPOSSigCap@@@@IAEXPAVOposVariant@@IAAJPB_WJ@Z 10005e4d f i SigCap.obj
 0001:00004edf       ?FireViewChange@CComControlBase@ATL@@QAEJXZ 10005edf f i SigCap.obj
 0001:00004f28       ?Fire_DataEvent@?$CProxy_IOPOSEvents@VCOPOSSigCap@@@@QAEXJ@Z 10005f28 f i SigCap.obj
 0001:00004fbb       ?Fire_DirectIOEvent@?$CProxy_IOPOSEvents@VCOPOSSigCap@@@@QAEXJPAJPAPA_W@Z 10005fbb f i SigCap.obj
 0001:000050a4       ?Fire_ErrorEvent@?$CProxy_IOPOSEvents@VCOPOSSigCap@@@@QAEXJJJPAJ@Z 100060a4 f i SigCap.obj
 0001:0000518e       ?Fire_StatusUpdateEvent@?$CProxy_IOPOSEvents@VCOPOSSigCap@@@@QAEXJ@Z 1000618e f i SigCap.obj
 0001:00005221       ?FreeHeap@?$CTempBuffer@_W$0EAA@VCCRTAllocator@ATL@@@ATL@@AAEXXZ 10006221 f i SigCap.obj
 0001:00005221       ?FreeHeap@?$CTempBuffer@_W$0BAA@VCCRTAllocator@ATL@@@ATL@@AAEXXZ 10006221 f i SigCap.obj
 0001:00005221       ?FreeHeap@?$CTempBuffer@E$0BAA@VCCRTAllocator@ATL@@@ATL@@AAEXXZ 10006221 f i SigCap.obj
 0001:0000522a       ?GetAmbientLocaleID@CComControlBase@ATL@@QAEJAAK@Z 1000622a f i SigCap.obj
 0001:00005286       ?GetAmbientUserMode@CComControlBase@ATL@@QAEJAAH@Z 10006286 f i SigCap.obj
 0001:000052f6       ?GetAt@CComDynamicUnkArray@ATL@@QAEPAUIUnknown@@H@Z 100062f6 f i SigCap.obj
 0001:00005312       ?GetClassObject@CComModule@ATL@@QAEJABU_GUID@@0PAPAX@Z 10006312 f i SigCap.obj
 0001:000053b4       ?GetConnMap@COPOSSigCap@@SAPBU_ATL_CONNMAP_ENTRY@ATL@@PAH@Z 100063b4 f i SigCap.obj
 0001:00005424       ?GetCookie@CComDynamicUnkArray@ATL@@QAGKPAPAUIUnknown@@@Z 10006424 f i SigCap.obj
 0001:0000545c       ?GetIDsOfNames@CComTypeInfoHolder@ATL@@QAEJABU_GUID@@PAPA_WIKPAJ@Z 1000645c f i SigCap.obj
 0001:00005583       ?GetKeyAt@?$CSimpleMap@PA_WPA_WVCExpansionVectorEqualHelper@ATL@@@ATL@@QBEAAPA_WH@Z 10006583 f i SigCap.obj
 0001:000055a8       ?GetPagesHelper@?$ISpecifyPropertyPagesImpl@VCOPOSSigCap@@@ATL@@IAEJPAUtagCAUUID@@PBUATL_PROPMAP_ENTRY@2@@Z 100065a8 f i SigCap.obj
 0001:000056cf       ?GetProperty@?$CComPtr@UIDispatch@@@ATL@@SAJPAUIDispatch@@JPAUtagVARIANT@@@Z 100066cf f i SigCap.obj
 0001:0000571e       ?GetSizeMax@CComVariant@ATL@@QBEJPAT_ULARGE_INTEGER@@@Z 1000671e f i SigCap.obj
 0001:000058e4       ?GetTI@CComTypeInfoHolder@ATL@@QAEJK@Z 100068e4 f i SigCap.obj
 0001:00005ac3       ?GetTI@CComTypeInfoHolder@ATL@@QAEJKPAPAUITypeInfo@@@Z 10006ac3 f i SigCap.obj
 0001:00005b05       ?GetUnknown@CComDynamicUnkArray@ATL@@QAGPAUIUnknown@@K@Z 10006b05 f i SigCap.obj
 0001:00005b26       ?GetValueAt@?$CSimpleMap@PA_WPA_WVCExpansionVectorEqualHelper@ATL@@@ATL@@QBEAAPA_WH@Z 10006b26 f i SigCap.obj
 0001:00005b4c       ?GetZoomInfo@CComControlBase@ATL@@QAEXAAUATL_DRAWINFO@@@Z 10006b4c f i SigCap.obj
 0001:00005bdf       ?HKeyFromString@CRegParser@ATL@@KAPAUHKEY__@@PA_W@Z 10006bdf f i SigCap.obj
 0001:00005c0d       ?HasSubKeys@CRegParser@ATL@@IAEHPAUHKEY__@@@Z 10006c0d f i SigCap.obj
 0001:00005c42       ?IDataObject_GetData@CComControlBase@ATL@@QAEJPAUtagFORMATETC@@PAUtagSTGMEDIUM@@@Z 10006c42 f i SigCap.obj
 0001:00005de8       ?IOleInPlaceObject_InPlaceDeactivate@CComControlBase@ATL@@QAEJXZ 10006de8 f i SigCap.obj
 0001:00005e6f       ?IOleInPlaceObject_SetObjectRects@CComControlBase@ATL@@QAEJPBUtagRECT@@0@Z 10006e6f f i SigCap.obj
 0001:00005f3c       ?IOleInPlaceObject_UIDeactivate@CComControlBase@ATL@@QAEJXZ 10006f3c f i SigCap.obj
 0001:00005ffe       ?IOleObject_Advise@CComControlBase@ATL@@QAEJPAUIAdviseSink@@PAK@Z 10006ffe f i SigCap.obj
 0001:00006028       ?IOleObject_Close@CComControlBase@ATL@@QAEJK@Z 10007028 f i SigCap.obj
 0001:0000610c       ?IOleObject_GetClientSite@CComControlBase@ATL@@QAEJPAPAUIOleClientSite@@@Z 1000710c f i SigCap.obj
 0001:00006135       ?IOleObject_SetClientSite@CComControlBase@ATL@@QAEJPAUIOleClientSite@@@Z 10007135 f i SigCap.obj
 0001:00006174       ?IOleObject_SetExtent@CComControlBase@ATL@@QAEJKPAUtagSIZE@@@Z 10007174 f i SigCap.obj
 0001:00006228       ?IPSI_GetIPersistStreamInit@?$IPersistStorageImpl@VCOPOSSigCap@@@ATL@@AAEPAUIPersistStreamInit@@XZ 10007228 f i SigCap.obj
 0001:000062d0       ?IPersistStreamInit_Load@?$IPersistStreamInitImpl@VCOPOSSigCap@@@ATL@@QAEJPAUIStream@@PBUATL_PROPMAP_ENTRY@2@@Z 100072d0 f i SigCap.obj
 0001:0000654c       ?IPersistStreamInit_Save@?$IPersistStreamInitImpl@VCOPOSSigCap@@@ATL@@QAEJPAUIStream@@HPBUATL_PROPMAP_ENTRY@2@@Z 1000754c f i SigCap.obj
 0001:0000673a       ?IQuickActivate_QuickActivate@CComControlBase@ATL@@QAEJPAUtagQACONTAINER@@PAUtagQACONTROL@@@Z 1000773a f i SigCap.obj
 0001:0000697c       ?IViewObject_Draw@CComControlBase@ATL@@QAEJKJPAXPAUtagDVTARGETDEVICE@@PAUHDC__@@2PBU_RECTL@@3@Z 1000797c f i SigCap.obj
 0001:00006a24       ?InPlaceActivate@CComControlBase@ATL@@QAEJJPBUtagRECT@@@Z 10007a24 f i SigCap.obj
 0001:00006c95       ?Init@?$CComEnumImpl@UIEnumConnectionPoints@@$1?_GUID_b196b285_bab4_101a_b69c_00aa00341d07@@3U__s_GUID@@BPAUIConnectionPoint@@V?$_CopyInterface@UIConnectionPoint@@@ATL@@@ATL@@QAEJPAPAUIConnectionPoint@@0PAUIUnknown@@W4CComEnumFlags@2@@Z 10007c95 f i SigCap.obj
 0001:00006d74       ?Init@?$CComEnumImpl@UIEnumConnections@@$1?_GUID_b196b287_bab4_101a_b69c_00aa00341d07@@3U__s_GUID@@BUtagCONNECTDATA@@V?$_Copy@UtagCONNECTDATA@@@ATL@@@ATL@@QAEJPAUtagCONNECTDATA@@0PAUIUnknown@@W4CComEnumFlags@2@@Z 10007d74 f i SigCap.obj
 0001:00006e53       ?Init@CComModule@ATL@@QAEJPAU_ATL_OBJMAP_ENTRY30@2@PAUHINSTANCE__@@PBU_GUID@@@Z 10007e53 f i SigCap.obj
 0001:00006eb2       ?Init@CDynamicStdCallThunk2@ATL@@QAEHKPAX@Z 10007eb2 f i SigCap.obj
 0001:00006edd       ?InlineIsEqualUnknown@ATL@@YGHABU_GUID@@@Z 10007edd f i SigCap.obj
 0001:00006f05       ?InternalSetAtIndex@?$CSimpleMap@PA_WPA_WVCExpansionVectorEqualHelper@ATL@@@ATL@@QAEXHABQA_W0@Z 10007f05 f i SigCap.obj
 0001:00006f2f       ?Invoke@CComTypeInfoHolder@ATL@@QAEJPAUIDispatch@@JABU_GUID@@KGPAUtagDISPPARAMS@@PAUtagVARIANT@@PAUtagEXCEPINFO@@PAI@Z 10007f2f f i SigCap.obj
 0001:00006f72       ?IsEqualObject@?$CComPtrBase@UIOleClientSite@@@ATL@@QAE_NPAUIUnknown@@@Z 10007f72 f i SigCap.obj
 0001:00006f72       ?IsEqualObject@?$CComPtrBase@UITypeInfo@@@ATL@@QAE_NPAUIUnknown@@@Z 10007f72 f i SigCap.obj
 0001:00006fdf       ?IsSpace@CRegParser@ATL@@IAEH_W@Z 10007fdf f i SigCap.obj
 0001:00007009       ?LoadNameCache@CComTypeInfoHolder@ATL@@QAEJPAUITypeInfo@@@Z 10008009 f i SigCap.obj
 0001:00007155       ?Lookup@?$CSimpleMap@PA_WPA_WVCExpansionVectorEqualHelper@ATL@@@ATL@@QBEPA_WABQA_W@Z 10008155 f i SigCap.obj
 0001:0000717b       ?NextToken@CRegParser@ATL@@IAEJPA_W@Z 1000817b f i SigCap.obj
 0001:000072b3       ?OnKillFocus@CComControlBase@ATL@@QAEJIIJAAH@Z 100082b3 f i SigCap.obj
 0001:0000730e       ?OnMouseActivate@CComControlBase@ATL@@QAEJIIJAAH@Z 1000830e f i SigCap.obj
 0001:0000737c       ?OnPaint@CComControlBase@ATL@@QAEJIIJAAH@Z 1000837c f i SigCap.obj
 0001:0000742e       ?OnSetFocus@CComControlBase@ATL@@QAEJIIJAAH@Z 1000842e f i SigCap.obj
 0001:000074b7       ?Open@CRegKey@ATL@@QAEJPAUHKEY__@@PB_WK@Z 100084b7 f i SigCap.obj
 0001:0000750c       ?PreProcessBuffer@CRegParser@ATL@@QAEJPA_WPAPA_W@Z 1000850c f i SigCap.obj
 0001:00007776       ?ProcessWindowMessage@?$CComControl@VCOPOSSigCap@@V?$CWindowImpl@VCOPOSSigCap@@VCWindow@ATL@@V?$CWinTraits@$0FGAAAAAA@$0A@@3@@ATL@@@ATL@@UAEHPAUHWND__@@IIJAAJK@Z 10008776 f i SigCap.obj
 0001:00007815       ?ReadFromStream@CComBSTR@ATL@@QAEJPAUIStream@@@Z 10008815 f i SigCap.obj
 0001:00007943       ?ReadFromStream@CComVariant@ATL@@QAEJPAUIStream@@GTClassesAllowedInStream@2@K@Z 10008943 f i SigCap.obj
 0001:00007ac9       ?RecurseDeleteKey@CRegKey@ATL@@QAEJPB_W@Z 10008ac9 f i SigCap.obj
 0001:00007bb7       ?RegCreateKeyExW@CAtlTransactionManager@ATL@@QAEJPAUHKEY__@@PB_WKPA_WKKQAU_SECURITY_ATTRIBUTES@@PAPAU3@PAK@Z 10008bb7 f i SigCap.obj
 0001:00007c1a       ?RegDeleteKeyW@CAtlTransactionManager@ATL@@QAEJPAUHKEY__@@PB_W@Z 10008c1a f i SigCap.obj
 0001:00007c6c       ?RegOpenKeyExW@CAtlTransactionManager@ATL@@QAEJPAUHKEY__@@PB_WKKPAPAU3@@Z 10008c6c f i SigCap.obj
 0001:00007cc3       ?Register@_ATL_WNDCLASSINFOW@ATL@@QAEGPAP6GJPAUHWND__@@IIJ@Z@Z 10008cc3 f i SigCap.obj
 0001:00007ce3       ?RegisterBuffer@CRegParser@ATL@@QAEJPA_WH@Z 10008ce3 f i SigCap.obj
 0001:00007e1c       ?RegisterFromResource@CRegObject@ATL@@IAEJPB_W00H@Z 10008e1c f i SigCap.obj
 0001:00007f52       ?RegisterServer@?$CAtlModuleT@VCComModule@ATL@@@ATL@@QAEJHPBU_GUID@@@Z 10008f52 f i SigCap.obj
 0001:00007f80       ?RegisterServer@CComModule@ATL@@QAEJHPBU_GUID@@@Z 10008f80 f i SigCap.obj
 0001:00007ff6       ?RegisterSubkeys@CRegParser@ATL@@IAEJPA_WPAUHKEY__@@HH@Z 10008ff6 f i SigCap.obj
 0001:0000869d       ?Remove@CComDynamicUnkArray@ATL@@QAEHK@Z 1000969d f i SigCap.obj
 0001:000086c6       ?RemoveAll@?$CSimpleMap@PA_WPA_WVCExpansionVectorEqualHelper@ATL@@@ATL@@QAEXXZ 100096c6 f i SigCap.obj
 0001:000086f2       ?ResourceRegisterSz@CRegObject@ATL@@QAGJPB_W00@Z 100096f2 f i SigCap.obj
 0001:0000871f       ?ResourceUnregisterSz@CRegObject@ATL@@QAGJPB_W00@Z 1000971f f i SigCap.obj
 0001:0000874c       ?SendOnDataChange@CComControlBase@ATL@@QAEJK@Z 1000974c f i SigCap.obj
 0001:00008799       ?SetControlFocus@CComControlBase@ATL@@QAEHH@Z 10009799 f i SigCap.obj
 0001:00008836       ?SetMultiStringValue@CRegKey@ATL@@QAEJPB_W0@Z 10009836 f i SigCap.obj
 0001:00008892       ?SetStringValue@CRegKey@ATL@@QAEJPB_W0K@Z 10009892 f i SigCap.obj
 0001:000088db       ?SkipAssignment@CRegParser@ATL@@IAEJPA_W@Z 100098db f i SigCap.obj
 0001:00008940       ?SkipWhiteSpace@CRegParser@ATL@@IAEXXZ 10009940 f i SigCap.obj
 0001:00008962       ?StrChrW@CRegParser@ATL@@KAPA_WPA_W_W@Z 10009962 f i SigCap.obj
 0001:0000899f       ?Term@CAtlModule@ATL@@QAEXXZ 1000999f f i SigCap.obj
 0001:000089f2       ?Term@CComModule@ATL@@QAEXXZ 100099f2 f i SigCap.obj
 0001:00008a4a       ?UnregisterServer@?$CAtlModuleT@VCComModule@ATL@@@ATL@@QAEJHPBU_GUID@@@Z 10009a4a f i SigCap.obj
 0001:00008a70       ?UnregisterServer@CComModule@ATL@@QAEJHPBU_GUID@@@Z 10009a70 f i SigCap.obj
 0001:00008ae6       ?UpdateRegistryFromResource@CAtlModule@ATL@@QAGJIHPAU_ATL_REGMAP_ENTRY@2@@Z 10009ae6 f i SigCap.obj
 0001:00008cb1       ?UpdateRegistryFromResource@CAtlModule@ATL@@QAGJPB_WHPAU_ATL_REGMAP_ENTRY@2@@Z 10009cb1 f i SigCap.obj
 0001:00008e82       ?VTFromRegType@CRegParser@ATL@@KAHPB_WAAG@Z 10009e82 f i SigCap.obj
 0001:00008eef       ?WindowProc@?$CWindowImplBaseT@VCWindow@ATL@@V?$CWinTraits@$0FGAAAAAA@$0A@@2@@ATL@@SGJPAUHWND__@@IIJ@Z 10009eef f i SigCap.obj
 0001:00008fe1       ?WriteToStream@CComBSTR@ATL@@QAEJPAUIStream@@@Z 10009fe1 f i SigCap.obj
 0001:00009043       ?WriteToStream@CComVariant@ATL@@QAEJPAUIStream@@@Z 1000a043 f i SigCap.obj
 0001:000091bd       ?WriteToStream@CComVariant@ATL@@QAEJPAUIStream@@G@Z 1000a1bd f i SigCap.obj
 0001:00009226       ?_AtlInitialConstruct@?$CComObjectRootEx@VCComMultiThreadModel@ATL@@@ATL@@QAEJXZ 1000a226 f i SigCap.obj
 0001:0000923b       ?_AtlVerifyStackAvailable@_ATL_SAFE_ALLOCA_IMPL@ATL@@YA_NK@Z 1000a23b f i SigCap.obj
 0001:000092b9       ?atlCreate@?$CWindowImpl@VCOPOSSigCap@@VCWindow@ATL@@V?$CWinTraits@$0FGAAAAAA@$0A@@3@@ATL@@QAEPAUHWND__@@PAU3@V_U_RECT@2@PB_WKKV_U_MENUorID@2@PAX@Z 1000a2b9 f i SigCap.obj
 0001:000092fd       ?atlCreate@?$CWindowImplBaseT@VCWindow@ATL@@V?$CWinTraits@$0FGAAAAAA@$0A@@2@@ATL@@QAEPAUHWND__@@PAU3@V_U_RECT@2@PB_WKKV_U_MENUorID@2@GPAX@Z 1000a2fd f i SigCap.obj
 0001:00009399       ?copy@?$_Copy@UtagCONNECTDATA@@@ATL@@SAJPAUtagCONNECTDATA@@PBU3@@Z 1000a399 f i SigCap.obj
 0001:000093cf       ?copy@?$_CopyInterface@UIConnectionPoint@@@ATL@@SAJPAPAUIConnectionPoint@@PBQAU3@@Z 1000a3cf f i SigCap.obj
 0001:000093fd       ?memcpy_s@Checked@ATL@@YAXPAXIPBXI@Z 1000a3fd f i SigCap.obj
 0001:0000941c       ?ocscpy_s@@YA_NPA_WIPB_W@Z 1000a41c f i SigCap.obj
 0001:00009466       ?wcscpy_s@Checked@ATL@@YAXPA_WIPB_W@Z 1000a466 f i SigCap.obj
 0001:00009482       _DllCanUnloadNow@0         1000a482 f   SigCap.obj
 0001:0000948e       _DllGetClassObject@12      1000a48e f   SigCap.obj
 0001:0000949c       _DllMain@12                1000a49c f   SigCap.obj
 0001:000094de       _DllRegisterServer@0       1000a4de f   SigCap.obj
 0001:000094ed       _DllUnregisterServer@0     1000a4ed f   SigCap.obj
 0001:000094fc       _InlineIsEqualGUID         1000a4fc f i SigCap.obj
 0001:0000952c       ___local_stdio_printf_options 1000a52c f i SigCap.obj
 0001:00009532       __vswprintf_s_l            1000a532 f i SigCap.obj
 0001:000095df       _swprintf_s                1000a5df f i SigCap.obj
 0001:000095fb       ??0?$CComControl@VCOPOSSigCap@@V?$CWindowImpl@VCOPOSSigCap@@VCWindow@ATL@@V?$CWinTraits@$0FGAAAAAA@$0A@@3@@ATL@@@ATL@@QAE@XZ 1000a5fb f i SigCapImpl.obj
 0001:00009622       ??0?$CProxy_IOPOSEvents@VCOPOSSigCap@@@@QAE@XZ 1000a622 f i SigCapImpl.obj
 0001:00009642       ??0CComControlBase@ATL@@QAE@AAPAUHWND__@@@Z 1000a642 f i SigCapImpl.obj
 0001:0000968c       ??0COPOSSigCap@@QAE@XZ     1000a68c f   SigCapImpl.obj
 0001:000096c2       ??1?$CComControl@VCOPOSSigCap@@V?$CWindowImpl@VCOPOSSigCap@@VCWindow@ATL@@V?$CWinTraits@$0FGAAAAAA@$0A@@3@@ATL@@@ATL@@UAE@XZ 1000a6c2 f i SigCapImpl.obj
 0001:000096db       ??1?$IConnectionPointImpl@VCOPOSSigCap@@$1?IID_IPropertyNotifySink@@3U_GUID@@BVCComDynamicUnkArray@ATL@@@ATL@@QAE@XZ 1000a6db f i SigCapImpl.obj
 0001:000096db       ??1?$IConnectionPointImpl@VCOPOSSigCap@@$1?DIID__IOPOSSigCapEvents@@3U_GUID@@BVCComDynamicUnkArray@ATL@@@ATL@@QAE@XZ 1000a6db f i SigCapImpl.obj
 0001:00009718       ??1CComControlBase@ATL@@UAE@XZ 1000a718 f i SigCapImpl.obj
 0001:0000977b       ??1COPOSSigCap@@UAE@XZ     1000a77b f   SigCapImpl.obj
 0001:000097c3       ?BeginCapture@COPOSSigCap@@UAGJPA_WPAJ@Z 1000a7c3 f   SigCapImpl.obj
 0001:0000981a       ?CheckHealth@COPOSSigCap@@UAGJJPAJ@Z 1000a81a f   SigCapImpl.obj
 0001:00009869       ?ClaimDevice@COPOSSigCap@@UAGJJPAJ@Z 1000a869 f   SigCapImpl.obj
 0001:000098de       ?ClearInput@COPOSSigCap@@UAGJPAJ@Z 1000a8de f   SigCapImpl.obj
 0001:000098f9       ?ClearInputProperties@COPOSSigCap@@UAGJPAJ@Z 1000a8f9 f   SigCapImpl.obj
 0001:00009914       ?Close@COPOSSigCap@@UAGJPAJ@Z 1000a914 f   SigCapImpl.obj
 0001:00009982       ?CompareFirmwareVersion@COPOSSigCap@@UAGJPA_WPAJ1@Z 1000a982 f   SigCapImpl.obj
 0001:00009a02       ?DirectIO@COPOSSigCap@@UAGJJPAJPAPA_W0@Z 1000aa02 f   SigCapImpl.obj
 0001:00009ab0       ?DoInvoke@COPOSSigCap@@IAEJJPAVOposVariant@@IHPAJ_N@Z 1000aab0 f   SigCapImpl.obj
 0001:00009b8c       ?EndCapture@COPOSSigCap@@UAGJPAJ@Z 1000ab8c f   SigCapImpl.obj
 0001:00009ba7       ?EventClose@COPOSSigCap@@IAEXXZ 1000aba7 f i SigCapImpl.obj
 0001:00009bda       ?EventInit@COPOSSigCap@@IAEJXZ 1000abda f i SigCapImpl.obj
 0001:00009ca6       ?EventUninit@COPOSSigCap@@IAEXXZ 1000aca6 f i SigCapImpl.obj
 0001:00009cf8       ?EventWindowProc@COPOSSigCap@@IAGJIIJ@Z 1000acf8 f i SigCapImpl.obj
 0001:00009dcc       ?FinalConstruct@COPOSSigCap@@QAEJXZ 1000adcc f   SigCapImpl.obj
 0001:00009e05       ?FireEventCleanup@COPOSSigCap@@IAEXXZ 1000ae05 f i SigCapImpl.obj
 0001:00009e1b       ?FireEventSetup@COPOSSigCap@@IAE_NXZ 1000ae1b f i SigCapImpl.obj
 0001:00009e4f       ?FreezeEvents@COPOSSigCap@@MAGJH@Z 1000ae4f f   SigCapImpl.obj
 0001:00009eaf       ?GetOposProp@COPOSSigCap@@IAEJJPAFJ@Z 1000aeaf f   SigCapImpl.obj
 0001:00009ed2       ?GetOposProp@COPOSSigCap@@IAEJJPAJJ@Z 1000aed2 f   SigCapImpl.obj
 0001:00009fa1       ?GetOposProp@COPOSSigCap@@IAEJJPAPA_WJ@Z 1000afa1 f   SigCapImpl.obj
 0001:0000a07d       ?OnDraw@COPOSSigCap@@MAEJAAUATL_DRAWINFO@@@Z 1000b07d f   SigCapImpl.obj
 0001:0000a11d       ?Open@COPOSSigCap@@UAGJPA_WPAJ@Z 1000b11d f   SigCapImpl.obj
 0001:0000a960       ?ReleaseDevice@COPOSSigCap@@UAGJPAJ@Z 1000b960 f   SigCapImpl.obj
 0001:0000a9af       ?ResetStatistics@COPOSSigCap@@UAGJPA_WPAJ@Z 1000b9af f   SigCapImpl.obj
 0001:0000aa06       ?RetrieveStatistics@COPOSSigCap@@UAGJPAPA_WPAJ@Z 1000ba06 f   SigCapImpl.obj
 0001:0000aa5d       ?SOProcessID@COPOSSigCap@@UAGJPAJ@Z 1000ba5d f   SigCapImpl.obj
 0001:0000aa71       ?SetCOFreezeEvents@COPOSSigCap@@IAEXF@Z 1000ba71 f   SigCapImpl.obj
 0001:0000ab11       ?SetOposProp@COPOSSigCap@@IAEJJJJ@Z 1000bb11 f   SigCapImpl.obj
 0001:0000ac08       ?UpdateFirmware@COPOSSigCap@@UAGJPA_WPAJ@Z 1000bc08 f   SigCapImpl.obj
 0001:0000ac5f       ?UpdateStatistics@COPOSSigCap@@UAGJPA_WPAJ@Z 1000bc5f f   SigCapImpl.obj
 0001:0000acb6       ?get_AutoDisable@COPOSSigCap@@UAGJPAF@Z 1000bcb6 f   SigCapImpl.obj
 0001:0000accc       ?get_BinaryConversion@COPOSSigCap@@UAGJPAJ@Z 1000bccc f   SigCapImpl.obj
 0001:0000ace2       ?get_CapCompareFirmwareVersion@COPOSSigCap@@UAGJPAF@Z 1000bce2 f   SigCapImpl.obj
 0001:0000acfb       ?get_CapDisplay@COPOSSigCap@@UAGJPAF@Z 1000bcfb f   SigCapImpl.obj
 0001:0000ad14       ?get_CapPowerReporting@COPOSSigCap@@UAGJPAJ@Z 1000bd14 f   SigCapImpl.obj
 0001:0000ad2d       ?get_CapRealTimeData@COPOSSigCap@@UAGJPAF@Z 1000bd2d f   SigCapImpl.obj
 0001:0000ad46       ?get_CapStatisticsReporting@COPOSSigCap@@UAGJPAF@Z 1000bd46 f   SigCapImpl.obj
 0001:0000ad5f       ?get_CapUpdateFirmware@COPOSSigCap@@UAGJPAF@Z 1000bd5f f   SigCapImpl.obj
 0001:0000ad78       ?get_CapUpdateStatistics@COPOSSigCap@@UAGJPAF@Z 1000bd78 f   SigCapImpl.obj
 0001:0000ad91       ?get_CapUserTerminated@COPOSSigCap@@UAGJPAF@Z 1000bd91 f   SigCapImpl.obj
 0001:0000adaa       ?get_CheckHealthText@COPOSSigCap@@UAGJPAPA_W@Z 1000bdaa f   SigCapImpl.obj
 0001:0000adc3       ?get_Claimed@COPOSSigCap@@UAGJPAF@Z 1000bdc3 f   SigCapImpl.obj
 0001:0000add9       ?get_ControlObjectDescription@COPOSSigCap@@UAGJPAPA_W@Z 1000bdd9 f   SigCapImpl.obj
 0001:0000ae27       ?get_ControlObjectVersion@COPOSSigCap@@UAGJPAJ@Z 1000be27 f   SigCapImpl.obj
 0001:0000ae3a       ?get_DataCount@COPOSSigCap@@UAGJPAJ@Z 1000be3a f   SigCapImpl.obj
 0001:0000ae50       ?get_DataEventEnabled@COPOSSigCap@@UAGJPAF@Z 1000be50 f   SigCapImpl.obj
 0001:0000ae66       ?get_DeviceDescription@COPOSSigCap@@UAGJPAPA_W@Z 1000be66 f   SigCapImpl.obj
 0001:0000ae7f       ?get_DeviceEnabled@COPOSSigCap@@UAGJPAF@Z 1000be7f f   SigCapImpl.obj
 0001:0000ae95       ?get_DeviceName@COPOSSigCap@@UAGJPAPA_W@Z 1000be95 f   SigCapImpl.obj
 0001:0000aeae       ?get_FreezeEvents@COPOSSigCap@@UAGJPAF@Z 1000beae f   SigCapImpl.obj
 0001:0000aec4       ?get_MaximumX@COPOSSigCap@@UAGJPAJ@Z 1000bec4 f   SigCapImpl.obj
 0001:0000aedd       ?get_MaximumY@COPOSSigCap@@UAGJPAJ@Z 1000bedd f   SigCapImpl.obj
 0001:0000aef6       ?get_OpenResult@COPOSSigCap@@UAGJPAJ@Z 1000bef6 f   SigCapImpl.obj
 0001:0000af0d       ?get_PointArray@COPOSSigCap@@UAGJPAPA_W@Z 1000bf0d f   SigCapImpl.obj
 0001:0000af26       ?get_PowerNotify@COPOSSigCap@@UAGJPAJ@Z 1000bf26 f   SigCapImpl.obj
 0001:0000af3c       ?get_PowerState@COPOSSigCap@@UAGJPAJ@Z 1000bf3c f   SigCapImpl.obj
 0001:0000af52       ?get_RawData@COPOSSigCap@@UAGJPAPA_W@Z 1000bf52 f   SigCapImpl.obj
 0001:0000af6b       ?get_RealTimeDataEnabled@COPOSSigCap@@UAGJPAF@Z 1000bf6b f   SigCapImpl.obj
 0001:0000af84       ?get_ResultCode@COPOSSigCap@@UAGJPAJ@Z 1000bf84 f   SigCapImpl.obj
 0001:0000afc2       ?get_ResultCodeExtended@COPOSSigCap@@UAGJPAJ@Z 1000bfc2 f   SigCapImpl.obj
 0001:0000afd8       ?get_ServiceObjectDescription@COPOSSigCap@@UAGJPAPA_W@Z 1000bfd8 f   SigCapImpl.obj
 0001:0000aff1       ?get_ServiceObjectVersion@COPOSSigCap@@UAGJPAJ@Z 1000bff1 f   SigCapImpl.obj
 0001:0000b007       ?get_State@COPOSSigCap@@UAGJPAJ@Z 1000c007 f   SigCapImpl.obj
 0001:0000b033       ?get_TotalPoints@COPOSSigCap@@UAGJPAJ@Z 1000c033 f   SigCapImpl.obj
 0001:0000b04c       ?put_AutoDisable@COPOSSigCap@@UAGJF@Z 1000c04c f   SigCapImpl.obj
 0001:0000b069       ?put_BinaryConversion@COPOSSigCap@@UAGJJ@Z 1000c069 f   SigCapImpl.obj
 0001:0000b07f       ?put_DataEventEnabled@COPOSSigCap@@UAGJF@Z 1000c07f f   SigCapImpl.obj
 0001:0000b09c       ?put_DeviceEnabled@COPOSSigCap@@UAGJF@Z 1000c09c f   SigCapImpl.obj
 0001:0000b0b9       ?put_FreezeEvents@COPOSSigCap@@UAGJF@Z 1000c0b9 f   SigCapImpl.obj
 0001:0000b105       ?put_PowerNotify@COPOSSigCap@@UAGJJ@Z 1000c105 f   SigCapImpl.obj
 0001:0000b11b       ?put_RealTimeDataEnabled@COPOSSigCap@@UAGJF@Z 1000c11b f   SigCapImpl.obj
 0001:0000b13b       ?s_EventWindowProc@COPOSSigCap@@KGJPAUHWND__@@IIJ@Z 1000c13b f i SigCapImpl.obj
 0001:0000b18d       ??_U@YAPAXI@Z              1000c18d f   LIBCMT:new_array.obj
 0001:0000b196       ??3@YAXPAXI@Z              1000c196 f   LIBCMT:delete_scalar_size.obj
 0001:0000b1a4       ??_V@YAXPAX@Z              1000c1a4 f   LIBCMT:delete_array.obj
 0001:0000b1a9       ??_V@YAXPAXI@Z             1000c1a9 f   LIBCMT:delete_array_size.obj
 0001:0000b1fb       ___scrt_acquire_startup_lock 1000c1fb f   LIBCMT:utility.obj
 0001:0000b22d       ___scrt_dllmain_after_initialize_c 1000c22d f   LIBCMT:utility.obj
 0001:0000b258       ___scrt_dllmain_before_initialize_c 1000c258 f   LIBCMT:utility.obj
 0001:0000b266       ___scrt_dllmain_crt_thread_attach 1000c266 f   LIBCMT:utility.obj
 0001:0000b285       ___scrt_dllmain_crt_thread_detach 1000c285 f   LIBCMT:utility.obj
 0001:0000b292       ___scrt_dllmain_exception_filter 1000c292 f   LIBCMT:utility.obj
 0001:0000b2c6       ___scrt_dllmain_uninitialize_c 1000c2c6 f   LIBCMT:utility.obj
 0001:0000b2e9       ___scrt_dllmain_uninitialize_critical 1000c2e9 f   LIBCMT:utility.obj
 0001:0000b2f6       ___scrt_initialize_crt     1000c2f6 f   LIBCMT:utility.obj
 0001:0000b32f       ___scrt_initialize_onexit_tables 1000c32f f   LIBCMT:utility.obj
 0001:0000b3b6       ___scrt_is_nonwritable_in_current_image 1000c3b6 f   LIBCMT:utility.obj
 0001:0000b44a       ___scrt_release_startup_lock 1000c44a f   LIBCMT:utility.obj
 0001:0000b467       ___scrt_uninitialize_crt   1000c467 f   LIBCMT:utility.obj
 0001:0000b48f       __onexit                   1000c48f f   LIBCMT:utility.obj
 0001:0000b4bc       _atexit                    1000c4bc f   LIBCMT:utility.obj
 0001:0000b4d1       ??3@YAXPAX@Z               1000c4d1 f   LIBCMT:delete_scalar.obj
 0001:0000b59b       __Init_thread_footer       1000c59b f   LIBCMT:thread_safe_statics.obj
 0001:0000b5e5       __Init_thread_header       1000c5e5 f   LIBCMT:thread_safe_statics.obj
 0001:0000b637       __Init_thread_notify       1000c637 f   LIBCMT:thread_safe_statics.obj
 0001:0000b66d       __Init_thread_wait         1000c66d f   LIBCMT:thread_safe_statics.obj
 0001:0000b6bb       ___raise_securityfailure   1000c6bb f   LIBCMT:gs_report.obj
 0001:0000b6e3       ___report_gsfailure        1000c6e3 f   LIBCMT:gs_report.obj
 0001:0000b7dc       ___report_rangecheckfailure 1000c7dc f   LIBCMT:gs_report.obj
 0001:0000b7e8       ___report_securityfailure  1000c7e8 f   LIBCMT:gs_report.obj
 0001:0000b8b6       ??2@YAPAXIABUnothrow_t@std@@@Z 1000c8b6 f   LIBCMT:new_scalar_nothrow.obj
 0001:0000b906       ??_U@YAPAXIABUnothrow_t@std@@@Z 1000c906 f   LIBCMT:new_array_nothrow.obj
 0001:0000b90f       @__security_check_cookie@4 1000c90f f   LIBCMT:secchk.obj
 0001:0000b920       __SEH_prolog4_GS           1000c920 f   LIBCMT:sehprolg4gs.obj
 0001:0000b969       __SEH_epilog4_GS           1000c969 f   LIBCMT:sehprolg4gs.obj
 0001:0000b980       __alloca_probe_16          1000c980 f   LIBCMT:alloca16.obj
 0001:0000b996       __alloca_probe_8           1000c996     LIBCMT:alloca16.obj
 0001:0000b9b0       __alloca_probe             1000c9b0 f   LIBCMT:chkstk.obj
 0001:0000b9b0       __chkstk                   1000c9b0 f   LIBCMT:chkstk.obj
 0001:0000bd18       __DllMainCRTStartup@12     1000cd18 f   LIBCMT:dll_dllmain.obj
 0001:0000bd3b       ??2@YAPAXI@Z               1000cd3b f   LIBCMT:new_scalar.obj
 0001:0000bd6b       ___isa_available_init      1000cd6b f   LIBCMT:cpu_disp.obj
 0001:0000bf3b       ___scrt_is_ucrt_dll_in_use 1000cf3b f   LIBCMT:ucrt_detection.obj
 0001:0000bf47       ___scrt_fastfail           1000cf47 f   LIBCMT:utility_desktop.obj
 0001:0000c061       __crt_debugger_hook        1000d061 f   LIBCMT:utility_desktop.obj
 0001:0000c070       __SEH_prolog4              1000d070 f   LIBCMT:sehprolg4.obj
 0001:0000c0b6       __SEH_epilog4              1000d0b6 f   LIBCMT:sehprolg4.obj
 0001:0000c0cb       @_guard_check_icall_nop@4  1000d0cb f i LIBCMT:guard_support.obj
 0001:0000c119       ___security_init_cookie    1000d119 f   LIBCMT:gs_support.obj
 0001:0000c164       ?__scrt_initialize_type_info@@YAXXZ 1000d164 f   LIBCMT:tncleanup.obj
 0001:0000c170       ?__scrt_uninitialize_type_info@@YAXXZ 1000d170 f   LIBCMT:tncleanup.obj
 0001:0000c17c       ___local_stdio_scanf_options 1000d17c f i LIBCMT:default_local_stdio_options.obj
 0001:0000c182       ___scrt_initialize_default_local_stdio_options 1000d182 f   LIBCMT:default_local_stdio_options.obj
 0001:0000c19f       ___scrt_get_dyn_tls_init_callback 1000d19f f   LIBCMT:dyn_tls_init.obj
 0001:0000c1a5       __RTC_Initialize           1000d1a5 f   LIBCMT:initsect.obj
 0001:0000c1d1       __RTC_Terminate            1000d1d1 f   LIBCMT:initsect.obj
 0001:0000c1fd       ??0bad_alloc@std@@QAE@ABV01@@Z 1000d1fd f i LIBCMT:throw_bad_alloc.obj
 0001:0000c218       ??0bad_alloc@std@@QAE@XZ   1000d218 f i LIBCMT:throw_bad_alloc.obj
 0001:0000c230       ??0bad_array_new_length@std@@QAE@ABV01@@Z 1000d230 f i LIBCMT:throw_bad_alloc.obj
 0001:0000c24b       ??0bad_array_new_length@std@@QAE@XZ 1000d24b f i LIBCMT:throw_bad_alloc.obj
 0001:0000c263       ??0exception@std@@QAE@ABV01@@Z 1000d263 f i LIBCMT:throw_bad_alloc.obj
 0001:0000c28f       ??1bad_array_new_length@std@@UAE@XZ 1000d28f f i LIBCMT:throw_bad_alloc.obj
 0001:0000c28f       ??1bad_alloc@std@@UAE@XZ   1000d28f f i LIBCMT:throw_bad_alloc.obj
 0001:0000c28f       ??1bad_exception@std@@UAE@XZ 1000d28f f i libvcruntime:frame.obj
 0001:0000c2a0       ??_Ebad_alloc@std@@UAEPAXI@Z 1000d2a0 f i LIBCMT:throw_bad_alloc.obj
 0001:0000c2a0       ??_Gexception@std@@UAEPAXI@Z 1000d2a0 f i LIBCMT:throw_bad_alloc.obj
 0001:0000c2a0       ??_Gbad_exception@std@@UAEPAXI@Z 1000d2a0 f i libvcruntime:frame.obj
 0001:0000c2a0       ??_Ebad_array_new_length@std@@UAEPAXI@Z 1000d2a0 f i LIBCMT:throw_bad_alloc.obj
 0001:0000c2a0       ??_Gbad_array_new_length@std@@UAEPAXI@Z 1000d2a0 f i LIBCMT:throw_bad_alloc.obj
 0001:0000c2a0       ??_Eexception@std@@UAEPAXI@Z 1000d2a0 f i LIBCMT:throw_bad_alloc.obj
 0001:0000c2a0       ??_Gbad_alloc@std@@UAEPAXI@Z 1000d2a0 f i LIBCMT:throw_bad_alloc.obj
 0001:0000c2a0       ??_Ebad_exception@std@@UAEPAXI@Z 1000d2a0 f i libvcruntime:frame.obj
 0001:0000c2cd       ?__scrt_throw_std_bad_alloc@@YAXXZ 1000d2cd f   LIBCMT:throw_bad_alloc.obj
 0001:0000c2ea       ?__scrt_throw_std_bad_array_new_length@@YAXXZ 1000d2ea f   LIBCMT:throw_bad_alloc.obj
 0001:0000c307       ?what@exception@std@@UBEPBDXZ 1000d307 f i LIBCMT:throw_bad_alloc.obj
 0001:0000c314       ??_Etype_info@@UAEPAXI@Z   1000d314 f i LIBCMT:std_type_info_static.obj
 0001:0000c314       ??_Gtype_info@@UAEPAXI@Z   1000d314 f i LIBCMT:std_type_info_static.obj
 0001:0000c337       ??0CAtlBaseModule@ATL@@QAE@XZ 1000d337 f   atls:atlbase.obj
 0001:0000c38a       ??0_ATL_BASE_MODULE70@ATL@@QAE@XZ 1000d38a f i atls:atlbase.obj
 0001:0000c3ad       ??1CAtlBaseModule@ATL@@QAE@XZ 1000d3ad f   atls:atlbase.obj
 0001:0000c49a       ?Init@_stdcallthunk@ATL@@QAEHKPAX@Z 1000d49a f i atls:atlthunk.obj
 0001:0000c4cf       ?__AllocStdCallThunk_cmn@@YAPAXXZ 1000d4cf f   atls:atlthunk.obj
 0001:0000c595       ?__FreeStdCallThunk_cmn@@YAXPAX@Z 1000d595 f   atls:atlthunk.obj
 0001:0000c630       _AtlThunk_AllocateData@0   1000d630 f   atls:atlthunk.obj
 0001:0000c695       _AtlThunk_DataToCode@4     1000d695 f   atls:atlthunk.obj
 0001:0000c6dc       _AtlThunk_FreeData@4       1000d6dc f   atls:atlthunk.obj
 0001:0000c732       _AtlThunk_InitData@12      1000d732 f   atls:atlthunk.obj
 0001:0000c781       __get_purecall_handler     1000d781 f   libvcruntime:purevirt.obj
 0001:0000c787       __purecall                 1000d787 f   libvcruntime:purevirt.obj
 0001:0000c7a3       _wcsstr                    1000d7a3 f   libvcruntime:wcsstr.obj
 0001:0000ca60       __except_handler4          1000da60 f   libvcruntime:chandler4.obj
 0001:0000cbbe       _memcmp                    1000dbbe f   libvcruntime:memcmp.obj
 0001:0000db70       _memcpy                    1000eb70 f   libvcruntime:memcpy.obj
 0001:0000e0f0       _memset                    1000f0f0 f   libvcruntime:memset.obj
 0001:0000e24a       ___vcrt_initialize         1000f24a f   libvcruntime:initialization.obj
[...]
 0002:00002d00       ?strings@?1??fp_format_nan_or_infinity@@YAHW4__acrt_fp_class@@_NPADI1@Z@4QAY03QBDA 10021d00     libucrt:cvt.obj
 0002:00003248       ?_mb_locale_names@@3QBQB_WB 10022248     libucrt:mbctype.obj
 0002:00003a90       ?LcidToLocaleNameTable@?A0x881e4c05@@3QBULcidToLocaleName@1@B 10022a90     libucrt:lcidtoname_downlevel.obj
 0002:00004bb8       ?LocaleNameToIndexTable@?A0x881e4c05@@3QBULocaleNameIndex@1@B 10023bb8     libucrt:lcidtoname_downlevel.obj
 0002:00006410       ?large_power_indices@?1??multiply_by_power_of_ten@__crt_strtox@@YA_NAAUbig_integer@2@I@Z@4QBUunpack_index@?1??12@YA_N0I@Z@B 10025410     libucrt:cfout.obj
 0002:000064f0       LOG_name                   100254f0     libucrt:log10_impl.obj
 0002:00006500       _One                       10025500     libucrt:ceil_pentium4.obj
 0002:00006510       _Bns                       10025510     libucrt:ceil_pentium4.obj
 0002:00006520       _Zero                      10025520     libucrt:ceil_pentium4.obj
 0002:00006530       _S                         10025530     libucrt:ceil_pentium4.obj
 0002:00006540       _NegZero                   10025540     libucrt:ceil_pentium4.obj
 0002:00006550       emask                      10025550     libucrt:log10_pentium4.obj
 0002:00006560       CC                         10025560     libucrt:log10_pentium4.obj
 0002:00006570       Magic                      10025570     libucrt:log10_pentium4.obj
 0002:00006580       hi_mask                    10025580     libucrt:log10_pentium4.obj
 0002:00006590       LOG10_2                    10025590     libucrt:log10_pentium4.obj
 0002:000065a0       place_L                    100255a0     libucrt:log10_pentium4.obj
 0002:000065c0       One                        100255c0     libucrt:log10_pentium4.obj
 0002:000065d0       Zero                       100255d0     libucrt:log10_pentium4.obj
 0002:000065e0       Two52                      100255e0     libucrt:log10_pentium4.obj
 0002:000065f0       Infs                       100255f0     libucrt:log10_pentium4.obj
 0002:00006600       NaN                        10025600     libucrt:log10_pentium4.obj
 0002:00006610       coeff                      10025610     libucrt:log10_pentium4.obj
 0002:0000666e       _log2max                   1002566e     libucrt:87tran.obj
 0002:00006678       _smallarg                  10025678     libucrt:87tran.obj
 0002:00006682       _half                      10025682     libucrt:87tran.obj
 0002:000066ce       One                        100256ce     libucrt:87disp.obj
 0002:000066d6       Three                      100256d6     libucrt:87disp.obj
 0002:000066de       XAMtoTagTab                100256de     libucrt:87disp.obj
 0002:000066f0       One                        100256f0     libucrt:common.obj
 0002:00006704       DblMax                     10025704     libucrt:common.obj
 0002:0000670c       DblMin                     1002570c     libucrt:common.obj
 0002:00006714       IeeeAdjO                   10025714     libucrt:common.obj
 0002:0000671c       IeeeAdjU                   1002571c     libucrt:common.obj
 0002:00006724       _infinity                  10025724     libucrt:common.obj
 0002:0000672c       _zero                      1002572c     libucrt:common.obj
 0002:00006778       _over                      10025778     libucrt:fpctrl.obj
 0002:00006784       _under                     10025784     libucrt:fpctrl.obj
 0002:00006fb8       ?_names@?1??_get_fname@@9@9 10025fb8     libucrt:fpexcept.obj
 0002:00007160       two32                      10026160     LIBCMT:ftol2.obj
 0002:00007164       two63                      10026164     LIBCMT:ftol2.obj
 0002:00007168       _NaN                       10026168     LIBCMT:ftol2.obj
 0002:00007818       __sehtable$?_AtlVerifyStackAvailable@_ATL_SAFE_ALLOCA_IMPL@ATL@@YA_NK@Z 10026818     SigCap.obj
 0002:00007838       __sehtable$___scrt_is_nonwritable_in_current_image 10026838     LIBCMT:utility.obj
 0002:00007854       __catchsym$??2@YAPAXIABUnothrow_t@std@@@Z$2 10026854     LIBCMT:new_scalar_nothrow.obj
 0002:00007864       __unwindtable$??2@YAPAXIABUnothrow_t@std@@@Z 10026864     LIBCMT:new_scalar_nothrow.obj
 0002:00007874       __tryblocktable$??2@YAPAXIABUnothrow_t@std@@@Z 10026874     LIBCMT:new_scalar_nothrow.obj
 0002:00007888       __ehfuncinfo$??2@YAPAXIABUnothrow_t@std@@@Z 10026888     LIBCMT:new_scalar_nothrow.obj
 0002:000078b0       __sehtable$?dllmain_crt_process_attach@@YAHQAUHINSTANCE__@@QAX@Z 100268b0     LIBCMT:dll_dllmain.obj
 0002:000078d0       __sehtable$?dllmain_crt_process_detach@@YAH_N@Z 100268d0     LIBCMT:dll_dllmain.obj
 0002:000078f8       __sehtable$?dllmain_dispatch@@YAHQAUHINSTANCE__@@KQAX@Z 100268f8     LIBCMT:dll_dllmain.obj
 0002:000079a8       __sehtable$___DestructExceptionObject 100269a8     libvcruntime:ehhelpers.obj
 0002:000079c8       __sehtable$?FrameUnwindToState@__FrameHandler3@@SAXPAUEHRegistrationNode@@PAXPBU_s_FuncInfo@@H@Z 100269c8     libvcruntime:frame.obj
 0002:000079f0       __sehtable$?CallCatchBlock@@YAPAXPAUEHExceptionRecord@@PAUEHRegistrationNode@@PAU_CONTEXT@@PBU_s_FuncInfo@@PAXHK@Z 100269f0     libvcruntime:frame.obj
 0002:00007a18       __catchsym$?CallUnexpected@@YAXPBU_s_ESTypeList@@@Z$2 10026a18     libvcruntime:frame.obj
 0002:00007a28       __unwindtable$?CallUnexpected@@YAXPBU_s_ESTypeList@@@Z 10026a28     libvcruntime:frame.obj
 0002:00007a38       __tryblocktable$?CallUnexpected@@YAXPBU_s_ESTypeList@@@Z 10026a38     libvcruntime:frame.obj
 0002:00007a4c       __ehfuncinfo$?CallUnexpected@@YAXPBU_s_ESTypeList@@@Z 10026a4c     libvcruntime:frame.obj
 0002:00007a70       __sehtable$??$BuildCatchObjectHelperInternal@V__FrameHandler3@@@@YAHPAUEHExceptionRecord@@PAXPBU_s_HandlerType@@PBU_s_CatchableType@@@Z 10026a70     libvcruntime:frame.obj
 0002:00007a90       __sehtable$??$BuildCatchObjectInternal@V__FrameHandler3@@@@YAXPAUEHExceptionRecord@@PAXPBU_s_HandlerType@@PBU_s_CatchableType@@@Z 10026a90     libvcruntime:frame.obj
 0002:00007ae8       __sehtable$??R<lambda_6e4b09c48022b2350581041d5f6b0c4c>@@QBE@XZ 10026ae8     libucrt:exit.obj
 0002:00007b08       __sehtable$??$?RV<lambda_03b1d95aef87969028cfba75ccab2455>@@AAV<lambda_6e4b09c48022b2350581041d5f6b0c4c>@@V<lambda_22bdf7517842c4b3e53723af5aa32b9e>@@@?$__crt_seh_guarded_call@X@@QAEX$$QAV<lambda_03b1d95aef87969028cfba75ccab2455>@@AAV<lambda_6e4b09c48022b2350581041d5f6b0c4c>@@$$QAV<lambda_22bdf7517842c4b3e53723af5aa32b9e>@@@Z 10026b08     libucrt:exit.obj
 0002:00007b28       __sehtable$??$?RV<lambda_8e746cf0007f6ed984d6f78af1fec997>@@AAV<lambda_22ebabd17bc4fa466a2aca6d8deb888d>@@V<lambda_18ed0c0b38a6dc0daf1e7ac6d6adf05e>@@@?$__crt_seh_guarded_call@H@@QAEH$$QAV<lambda_8e746cf0007f6ed984d6f78af1fec997>@@AAV<lambda_22ebabd17bc4fa466a2aca6d8deb888d>@@$$QAV<lambda_18ed0c0b38a6dc0daf1e7ac6d6adf05e>@@@Z 10026b28     libucrt:onexit.obj
 0002:00007b48       __sehtable$??$?RV<lambda_69a2805e680e0e292e8ba93315fe43a8>@@AAV<lambda_f03950bc5685219e0bcd2087efbe011e>@@V<lambda_03fcd07e894ec930e3f35da366ca99d6>@@@?$__crt_seh_guarded_call@H@@QAEH$$QAV<lambda_69a2805e680e0e292e8ba93315fe43a8>@@AAV<lambda_f03950bc5685219e0bcd2087efbe011e>@@$$QAV<lambda_03fcd07e894ec930e3f35da366ca99d6>@@@Z 10026b48     libucrt:onexit.obj
 0002:00007b68       __sehtable$__query_new_handler 10026b68     libucrt:new_handler.obj
 0002:00007b88       __sehtable$_terminate      10026b88     libucrt:terminate.obj
 0002:00007ba8       __sehtable$??$?RV<lambda_15ade71b0218206bbe3333a0c9b79046>@@AAV<lambda_da44e0f8b0f19ba52fefafb335991732>@@V<lambda_207f2d024fc103971653565357d6cd41>@@@?$__crt_seh_guarded_call@X@@QAEX$$QAV<lambda_15ade71b0218206bbe3333a0c9b79046>@@AAV<lambda_da44e0f8b0f19ba52fefafb335991732>@@$$QAV<lambda_207f2d024fc103971653565357d6cd41>@@@Z 10026ba8     libucrt:per_thread_data.obj
 0002:00007bc8       __sehtable$??$?RV<lambda_a7e850c220f1c8d1e6efeecdedd162c6>@@AAV<lambda_46720907175c18b6c9d2717bc0d2d362>@@V<lambda_9048902d66e8d99359bc9897bbb930a8>@@@?$__crt_seh_guarded_call@X@@QAEX$$QAV<lambda_a7e850c220f1c8d1e6efeecdedd162c6>@@AAV<lambda_46720907175c18b6c9d2717bc0d2d362>@@$$QAV<lambda_9048902d66e8d99359bc9897bbb930a8>@@@Z 10026bc8     libucrt:per_thread_data.obj
 0002:00007be8       __sehtable$??$?RV<lambda_38edbb1296d33220d7e4dd0ed76b244a>@@AAV<lambda_5ce1d447e08cb34b2473517608e21441>@@V<lambda_fb385d3da700c9147fc39e65dd577a8c>@@@?$__crt_seh_guarded_call@X@@QAEX$$QAV<lambda_38edbb1296d33220d7e4dd0ed76b244a>@@AAV<lambda_5ce1d447e08cb34b2473517608e21441>@@$$QAV<lambda_fb385d3da700c9147fc39e65dd577a8c>@@@Z 10026be8     libucrt:per_thread_data.obj
 0002:00007c08       __sehtable$??$?RV<lambda_6affb1475c98b40b75cdec977db92e3c>@@AAV<lambda_b8d4b9c228a6ecc3f80208dbb4b4a104>@@V<lambda_608742c3c92a14382c1684fc64f96c88>@@@?$__crt_seh_guarded_call@X@@QAEX$$QAV<lambda_6affb1475c98b40b75cdec977db92e3c>@@AAV<lambda_b8d4b9c228a6ecc3f80208dbb4b4a104>@@$$QAV<lambda_608742c3c92a14382c1684fc64f96c88>@@@Z 10026c08     libucrt:per_thread_data.obj
 0002:00007c28       __sehtable$??$?RV<lambda_e5124f882df8998aaf41531e079ba474>@@AAV<lambda_3e16ef9562a7dcce91392c22ab16ea36>@@V<lambda_e25ca0880e6ef98be67edffd8c599615>@@@?$__crt_seh_guarded_call@X@@QAEX$$QAV<lambda_e5124f882df8998aaf41531e079ba474>@@AAV<lambda_3e16ef9562a7dcce91392c22ab16ea36>@@$$QAV<lambda_e25ca0880e6ef98be67edffd8c599615>@@@Z 10026c28     libucrt:wsetlocale.obj
 0002:00007c48       __sehtable$___acrt_initialize_lowio 10026c48     libucrt:ioinit.obj
 0002:00007c68       __sehtable$?update_thread_multibyte_data_internal@@YAPAU__crt_multibyte_data@@QAU__acrt_ptd@@QAPAU1@@Z 10026c68     libucrt:mbctype.obj
 0002:00007c88       __sehtable$??$?RV<lambda_ceb1ee4838e85a9d631eb091e2fbe199>@@AAV<lambda_ae742caa10f662c28703da3d2ea5e57e>@@V<lambda_cd08b5d6af4937fe54fc07d0c9bf6b37>@@@?$__crt_seh_guarded_call@X@@QAEX$$QAV<lambda_ceb1ee4838e85a9d631eb091e2fbe199>@@AAV<lambda_ae742caa10f662c28703da3d2ea5e57e>@@$$QAV<lambda_cd08b5d6af4937fe54fc07d0c9bf6b37>@@@Z 10026c88     libucrt:mbctype.obj
 0002:00007ca8       __sehtable$_raise          10026ca8     libucrt:signal.obj
 0002:00007cc8       __sehtable$??$?RV<lambda_cbab9ec6f41b0180b23cc171c22676b0>@@AAV<lambda_44731a7d0e6d81c3e6aa82d741081786>@@V<lambda_4b292cb8dd18144e164572427af410ab>@@@?$__crt_seh_guarded_call@P6AXH@Z@@QAEP6AXH@Z$$QAV<lambda_cbab9ec6f41b0180b23cc171c22676b0>@@AAV<lambda_44731a7d0e6d81c3e6aa82d741081786>@@$$QAV<lambda_4b292cb8dd18144e164572427af410ab>@@@Z 10026cc8     libucrt:signal.obj
 0002:00007ce8       __sehtable$??$?RV<lambda_2866be3712abc81a800a822484c830d8>@@AAV<lambda_39ca0ed439415581b5b15c265174cece>@@V<lambda_2b24c74d71094a6cd0cb82e44167d71b>@@@?$__crt_seh_guarded_call@X@@QAEX$$QAV<lambda_2866be3712abc81a800a822484c830d8>@@AAV<lambda_39ca0ed439415581b5b15c265174cece>@@$$QAV<lambda_2b24c74d71094a6cd0cb82e44167d71b>@@@Z 10026ce8     libucrt:fflush.obj
 0002:00007d08       __sehtable$??$?RV<lambda_2cc53f568c5a2bb6f192f930a45d44ea>@@AAV<lambda_ab61a845afdef5b7c387490eaf3616ee>@@V<lambda_c2ffc0b7726aa6be21d5f0026187e748>@@@?$__crt_seh_guarded_call@X@@QAEX$$QAV<lambda_2cc53f568c5a2bb6f192f930a45d44ea>@@AAV<lambda_ab61a845afdef5b7c387490eaf3616ee>@@$$QAV<lambda_c2ffc0b7726aa6be21d5f0026187e748>@@@Z 10026d08     libucrt:fflush.obj
 0002:00007d28       __sehtable$___acrt_update_thread_locale_data 10026d28     libucrt:locale_refcounting.obj
 0002:00007d48       __sehtable$__fcloseall     10026d48     libucrt:closeall.obj
 0002:00007d68       __sehtable$___acrt_lowio_ensure_fh_exists 10026d68     libucrt:osfinfo.obj
 0002:00007d88       __sehtable$??$?RV<lambda_9e9de3de5fa147e2223d7db92bc10aa6>@@AAV<lambda_38ce7e780aa69e748d6df282ebc68efe>@@V<lambda_8ca6da459f0f6780f1cff60fdc3d00e5>@@@?$__crt_seh_guarded_call@H@@QAEH$$QAV<lambda_9e9de3de5fa147e2223d7db92bc10aa6>@@AAV<lambda_38ce7e780aa69e748d6df282ebc68efe>@@$$QAV<lambda_8ca6da459f0f6780f1cff60fdc3d00e5>@@@Z 10026d88     libucrt:commit.obj
 0002:00007da8       __sehtable$__write         10026da8     libucrt:write.obj
 0002:00007dc8       __sehtable$_fclose         10026dc8     libucrt:fclose.obj
 0002:00007de8       __sehtable$??$?RV<lambda_218ce3db14220d0be481dae8ef3383b6>@@AAV<lambda_628dfdc04ba53c8bfc02c9951375f3f5>@@V<lambda_57dc472bd5c9d5f3b2cbca59b8a843ae>@@@?$__crt_seh_guarded_call@H@@QAEH$$QAV<lambda_218ce3db14220d0be481dae8ef3383b6>@@AAV<lambda_628dfdc04ba53c8bfc02c9951375f3f5>@@$$QAV<lambda_57dc472bd5c9d5f3b2cbca59b8a843ae>@@@Z 10026de8     libucrt:close.obj
 0002:00007e08       __sehtable$__IsNonwritableInCurrentImage 10026e08     LIBCMT:pesect.obj
 0002:00007e30       .edata                     10026e30     OPOSSigCap.exp
 0002:00007e58       rgpv                       10026e58     OPOSSigCap.exp
 0002:00007e68       rgszName                   10026e68     OPOSSigCap.exp
 0002:00007e78       rgwOrd                     10026e78     OPOSSigCap.exp
 0002:00007e80       szName                     10026e80     OPOSSigCap.exp
 0002:00007e8f       $N00001                    10026e8f     OPOSSigCap.exp
 0002:00007e9f       $N00002                    10026e9f     OPOSSigCap.exp
 0002:00007eb1       $N00003                    10026eb1     OPOSSigCap.exp
 0002:00007ec3       $N00004                    10026ec3     OPOSSigCap.exp
 0002:000084d2       .idata$6                   100274d2     kernel32:KERNEL32.dll
 0002:000086e6       .idata$6                   100276e6     user32:USER32.dll
 0002:0000881a       .idata$6                   1002781a     gdi32:GDI32.dll
 0002:000088c0       .idata$6                   100278c0     advapi32:ADVAPI32.dll
 0002:000089dc       .idata$6                   100279dc     ole32:ole32.dll
 0002:000089e6       .idata$6                   100279e6     oleaut32:OLEAUT32.dll
 0003:00000110       ?ObjectMap@@3PAU_ATL_OBJMAP_ENTRY30@ATL@@A 10028110     SigCap.obj
 0003:000001c0       ?s_SOMethodNames@@3PAPADA  100281c0     SigCapImpl.obj
 0003:00000214       ?s_RequiredMethodsPerRelease@@3PAHA 10028214     SigCapImpl.obj
 0003:00000260       ?__vcrt_flsindex@@3KA      10028260     libvcruntime:per_thread_data.obj
 0003:00000280       ?errno_no_memory@@3HA      10028280     libucrt:errno.obj
 0003:00000284       ?doserrno_no_memory@@3KA   10028284     libucrt:errno.obj
 0003:00000290       ?__acrt_flsindex@@3KA      10028290     libucrt:per_thread_data.obj
 0003:00000628       __mbctypes                 10028628     libucrt:mbctype.obj
 0003:00000730       __mbcasemaps               10028730     libucrt:mbctype.obj
 0003:00000830       ?__rgctypeflag@@3PADA      10028830     libucrt:mbctype.obj
 0003:00000838       ?__rgcode_page_info@@3PAUcode_page_info@@A 10028838     libucrt:mbctype.obj
 0003:00000a90       ?__dcrt_lowio_console_output_handle@@3PAXA 10028a90     libucrt:initcon.obj
 0003:00000c28       ?is_initialized_as_dll@@3_NA 10028c28     LIBCMT:utility.obj
 0003:00000c29       ?module_local_atexit_table_initialized@@3_NA 10028c29     LIBCMT:utility.obj
 0003:00000c2c       ?module_local_atexit_table@@3U_onexit_table_t@@A 10028c2c     LIBCMT:utility.obj
 0003:00000c38       ?module_local_at_quick_exit_table@@3U_onexit_table_t@@A 10028c38     LIBCMT:utility.obj
 0003:00000c44       ?g_tss_cv@@3U_RTL_CONDITION_VARIABLE@@A 10028c44     LIBCMT:thread_safe_statics.obj
 0003:00000c48       ?g_tss_event@@3PAXA        10028c48     LIBCMT:thread_safe_statics.obj
 0003:00000c4c       ?g_tss_mutex@@3U_RTL_CRITICAL_SECTION@@A 10028c4c     LIBCMT:thread_safe_statics.obj
 0003:00000c64       ?g_sleep_condition_variable_cs@@3P6GHPAU_RTL_CONDITION_VARIABLE@@PAU_RTL_CRITICAL_SECTION@@K@ZA 10028c64     LIBCMT:thread_safe_statics.obj
 0003:00000c68       ?g_wake_all_condition_variable@@3P6GXPAU_RTL_CONDITION_VARIABLE@@@ZA 10028c68     LIBCMT:thread_safe_statics.obj
 0003:00000c70       _GS_ExceptionRecord        10028c70     LIBCMT:gs_report.obj
 0003:00000cc0       _GS_ContextRecord          10028cc0     LIBCMT:gs_report.obj
 0003:00000f90       ?__proc_attached@@3HA      10028f90     LIBCMT:dll_dllmain.obj
 0003:00000fec       ?AllocateData@@3P6GPAUAtlThunkData_t@@XZA 10028fec     atls:atlthunk.obj
 0003:00000ff0       ?InitData@@3P6GXPAUAtlThunkData_t@@PAXI@ZA 10028ff0     atls:atlthunk.obj
 0003:00000ff4       ?DataToCode@@3P6GP6GJPAUHWND__@@IIJ@ZPAUAtlThunkData_t@@@ZA 10028ff4     atls:atlthunk.obj
 0003:00000ff8       ?FreeData@@3P6GXPAUAtlThunkData_t@@@ZA 10028ff8     atls:atlthunk.obj
 0003:00000ffc       ?Initialized@@3_NA         10028ffc     atls:atlthunk.obj
 0003:0000100c       ?__vcrt_startup_thread_ptd@@3U__vcrt_ptd@@A 1002900c     libvcruntime:per_thread_data.obj
 0003:00001034       ___vcrt_lock_table         10029034     libvcruntime:locks.obj
 0003:0000104c       ___vcrt_locks_initialized  1002904c     libvcruntime:locks.obj
 0003:00001078       ?heap@@3V_HeapManager@@A   10029078     libvcruntime:undname.obj
 0003:0000108c       ?module_handles@@3PAPAUHINSTANCE__@@A 1002908c     libvcruntime:winapi_downlevel.obj
 0003:00001098       ?function_pointers@@3PAPAXA 10029098     libvcruntime:winapi_downlevel.obj
 0003:000010ac       ?__acrt_invalid_parameter_handler@@3V?$dual_state_global@P6AXPB_W00II@Z@__crt_state_management@@A 100290ac     libucrt:invalid_parameter.obj
 0003:000010b0       ?c_termination_complete@@3JA 100290b0     libucrt:exit.obj
 0003:000010b4       ?thread_local_exit_callback_func@@3P6GXPAXK0@ZA 100290b4     libucrt:exit.obj
 0003:000010c0       ?program_name@?1???$common_configure_argv@D@@YAHW4_crt_argv_mode@@@Z@4PADA 100290c0     libucrt:argv_parsing.obj
 0003:000011f0       ?__acrt_new_handler@@3V?$dual_state_global@P6AHI@Z@__crt_state_management@@A 100291f0     libucrt:new_handler.obj
 0003:000011f8       ?module_handles@@3PAPAUHINSTANCE__@@A 100291f8     libucrt:winapi_thunks.obj
 0003:00001248       ?encoded_function_pointers@@3PAPAXA 10029248     libucrt:winapi_thunks.obj
 0003:000012d0       ?internal_state@?1??_mbtowc_l@@9@4U_Mbstatet@@A 100292d0     libucrt:mbtowc.obj
 0003:000012e0       ?enable_percent_n@@3IA     100292e0     libucrt:printf_count_output.obj
 0003:00001500       ?__acrt_lock_table@@3PAU_RTL_CRITICAL_SECTION@@A 10029500     libucrt:locks.obj
 0003:00001650       ?__acrt_locks_initialized@@3IA 10029650     libucrt:locks.obj
 0003:00001660       ?fSystemSet@@3HA           10029660     libucrt:mbctype.obj
 0003:00001664       ?initialized@?1??__acrt_initialize_multibyte@@9@4_NA 10029664     libucrt:mbctype.obj
 0003:00001684       ?ctrlc_action@@3V?$dual_state_global@P6AXH@Z@__crt_state_management@@A 10029684     libucrt:signal.obj
 0003:00001688       ?ctrlbreak_action@@3V?$dual_state_global@P6AXH@Z@__crt_state_management@@A 10029688     libucrt:signal.obj
 0003:0000168c       ?abort_action@@3V?$dual_state_global@P6AXH@Z@__crt_state_management@@A 1002968c     libucrt:signal.obj
 0003:00001690       ?term_action@@3V?$dual_state_global@P6AXH@Z@__crt_state_management@@A 10029690     libucrt:signal.obj
 0003:00001694       ?user_matherr@@3V?$dual_state_global@P6AHPAU_exception@@@Z@__crt_state_management@@A 10029694     libucrt:matherr.obj
 0003:00001698       ?__acrt_global_new_mode@@3V?$dual_state_global@J@__crt_state_management@@A 10029698     libucrt:new_mode.obj
 0003:000016a4       ?internal_pst@?1??__mbrtoc32_utf8@__crt_mbstring@@YAIPA_UPBDIPAU_Mbstatet@@@Z@4U3@A 100296a4     libucrt:mbrtoc32.obj
 0003:000016ac       ?__acrt_app_type@@3W4_crt_app_type@@A 100296ac     libucrt:report_runtime_error.obj
 0003:000016b4       __pmatherr_set             100296b4     libucrt:libm_error.obj
 0004:00000220       $R000000                   1002a220     SigCap.res
 0004:00000ba0       $R000980                   1002aba0     SigCap.res
 0004:00000c88       $R000A68                   1002ac88     SigCap.res
 0004:00000ef0       $R000CD0                   1002aef0     SigCap.res
 0004:00001438       $R001218                   1002b438     SigCap.res
 0004:00003fe8       $R003DC8                   1002dfe8     SigCap.res
 0004:00004018       $R003DF8                   1002e018     SigCap.res
