 OPOSBumpBar

 Timestamp is 5defa854 (Tue Dec 10 23:14:44 2019)

 Preferred load address is 10000000

 Start         Length     Name                   Class
 0001:00000000 00000080H .text$di                CODE
 0001:00000080 0001db13H .text$mn                CODE
 0001:0001db93 00000036H .text$x                 CODE
 0001:0001dbc9 00000042H .text$yd                CODE
 0002:00000000 000002fcH .idata$5                DATA
 0002:000002fc 00000004H .00cfg                  DATA
 0002:00000300 00000004H .CRT$XCA                DATA
 0002:00000304 00000004H .CRT$XCL                DATA
 0002:00000308 00000010H .CRT$XCU                DATA
 0002:00000318 00000004H .CRT$XCZ                DATA
 0002:0000031c 00000004H .CRT$XIA                DATA
 0002:00000320 00000010H .CRT$XIC                DATA
 0002:00000330 00000004H .CRT$XIZ                DATA
 0002:00000334 00000004H .CRT$XLA                DATA
 0002:00000338 00000004H .CRT$XLZ                DATA
 0002:0000033c 00000004H .CRT$XPA                DATA
 0002:00000340 00000008H .CRT$XPX                DATA
 0002:00000348 00000004H .CRT$XPXA               DATA
 0002:0000034c 00000004H .CRT$XPZ                DATA
 0002:00000350 00000004H .CRT$XTA                DATA
 0002:00000354 0000000cH .CRT$XTZ                DATA
 0002:00000358 00000000H .gfids$y                DATA
 0002:00000360 00006f3cH .rdata                  DATA
 0002:0000729c 00000018H .rdata$T                DATA
 0002:000072b4 0000017cH .rdata$r                DATA
 0002:00007430 0000001cH .rdata$sxdata           DATA
 0002:0000744c 000003dcH .rdata$zzzdbg           DATA
 0002:00007828 00000004H .rtc$IAA                DATA
 0002:0000782c 00000004H .rtc$IZZ                DATA
 0002:00007830 00000004H .rtc$TAA                DATA
 0002:00007834 00000004H .rtc$TZZ                DATA
 0002:00007838 00000004H .tls                    DATA
 0002:0000783c 00000004H .tls$                   DATA
 0002:00007840 00000008H .tls$ZZZ                DATA
 0002:00007848 0000060cH .xdata$x                DATA
 0002:00007e54 00000004H ATL$__a                 DATA
 0002:00007e58 00000008H ATL$__z                 DATA
 0002:00007e60 000000a8H .edata                  DATA
 0002:00007f08 00000078H .idata$2                DATA
 0002:00007f80 00000014H .idata$3                DATA
 0002:00007f94 000002fcH .idata$4                DATA
 0002:00008290 00000bc8H .idata$6                DATA
 0003:00000000 00000aa0H .data                   DATA
 0003:00000aa0 00000098H .data$r                 DATA
 0003:00000b38 00000b80H .bss                    DATA
 0004:00000000 00000220H .rsrc$01                DATA
 0004:00000220 000042f0H .rsrc$02                DATA

  Address         Publics by Value              Rva+Base       Lib:Object

 0000:00000000       ___guard_fids_count        00000000     <absolute>
 0000:00000000       ___guard_iat_count         00000000     <absolute>
 0000:00000000       ___hybrid_code_map_count   00000000     <absolute>
 0000:00000000       ___dynamic_value_reloc_table 00000000     <absolute>
 0000:00000000       ___guard_longjmp_count     00000000     <absolute>
 0000:00000000       __except_list              00000000     <absolute>
 0000:00000000       ___guard_fids_table        00000000     <absolute>
 0000:00000000       ___guard_longjmp_table     00000000     <absolute>
 0000:00000000       ___hybrid_auxiliary_iat    00000000     <absolute>
 0000:00000000       ___guard_iat_table         00000000     <absolute>
 0000:00000000       ___volatile_metadata       00000000     <absolute>
 0000:00000000       ___enclave_config          00000000     <absolute>
 0000:00000000       ___AbsoluteZero            00000000     <absolute>
 0000:00000000       ___hybrid_code_map         00000000     <absolute>
 0000:00000007       ___safe_se_handler_count   00000007     <absolute>
 0000:0000002c       __tls_array                0000002c     <absolute>
 0000:00000100       ___guard_flags             00000100     <absolute>
 0000:00000000       ___ImageBase               10000000     <linker-defined>
 0001:00000080       ?DupWide@_CW@@AAEXXZ       10001080 f   CWString.obj
 0001:0000009c       ?cw_dup@@YGXPBDAAHAAPA_W1@Z 1000109c f   CWString.obj
 0001:00000124       ?cw_memcpy@@YGHPA_WPBDH@Z  10001124 f   CWString.obj
 0001:00000150       ?cw_strcpy@@YAHPA_WPBD@Z   10001150 f   CWString.obj
 0001:00000163       ?cw_strlen@@YAHPBD@Z       10001163 f   CWString.obj
 0001:0000017c       ??0CAtlComModule@ATL@@QAE@XZ 1000117c f i OposVariant.obj
 0001:000001c1       ??0CAtlWinModule@ATL@@QAE@XZ 100011c1 f i OposVariant.obj
 0001:000001f8       ??0OposDispParms@@QAE@PAVOposVariant@@H@Z 100011f8 f   OposVariant.obj
 0001:00000269       ??1OposDispParms@@QAE@XZ   10001269 f   OposVariant.obj
 0001:00000277       ??A?$CSimpleArray@GV?$CSimpleArrayEqualHelper@G@ATL@@@ATL@@QAEAAGH@Z 10001277 f i OposVariant.obj
 0001:0000029c       ??_Estringdispid@CComTypeInfoHolder@ATL@@QAEPAXI@Z 1000129c f i OposVariant.obj
 0001:00000308       ?AtlWinModuleInit@ATL@@YGJPAU_ATL_WIN_MODULE70@1@@Z 10001308 f i OposVariant.obj
 0001:0000032e       ?AtlWinModuleTerm@ATL@@YGJPAU_ATL_WIN_MODULE70@1@PAUHINSTANCE__@@@Z 1000132e f i OposVariant.obj
 0001:00000391       ?ChangeBSTR@OposVariant@@QAEXPAPA_WAAJ@Z 10001391 f   OposVariant.obj
 0001:000003d2       ?ChangeLONG@OposVariant@@QAEXPAJAAJ@Z 100013d2 f   OposVariant.obj
 0001:00000413       ?GetLONG@OposVariant@@QAEJXZ 10001413 f   OposVariant.obj
 0001:0000042e       ?Init@CComCriticalSection@ATL@@QAEJXZ 1000142e f i OposVariant.obj
 0001:00000456       ?RemoveAll@?$CSimpleArray@GV?$CSimpleArrayEqualHelper@G@ATL@@@ATL@@QAEXXZ 10001456 f i OposVariant.obj
 0001:00000456       ?RemoveAll@?$CSimpleArray@PAUHINSTANCE__@@V?$CSimpleArrayEqualHelper@PAUHINSTANCE__@@@ATL@@@ATL@@QAEXXZ 10001456 f i atls:atlbase.obj
 0001:00000473       ?SetBSTR@OposVariant@@QAEXPA_WAAJ@Z 10001473 f   OposVariant.obj
 0001:000004a7       ?SetBSTR_Copy@OposVariant@@QAEXPA_WAAJ@Z 100014a7 f   OposVariant.obj
 0001:000004f7       ?SetBSTR_InOutPtr@OposVariant@@QAE_NPAPA_WAAJ@Z 100014f7 f   OposVariant.obj
 0001:0000052e       ?SetDispatch_Ptr@OposVariant@@QAEXPAUIDispatch@@AAJ@Z 1000152e f   OposVariant.obj
 0001:00000569       ?SetLONG@OposVariant@@QAEXJ@Z 10001569 f   OposVariant.obj
 0001:0000058b       ?SetLONG_Ptr@OposVariant@@QAEXPAJAAJ@Z 1000158b f   OposVariant.obj
 0001:000005be       ?SetString@OposVariant@@QAEXPB_WAAJ@Z 100015be f   OposVariant.obj
 0001:00000604       ?SetVARIANT_BOOL@OposVariant@@QAEXF@Z 10001604 f   OposVariant.obj
 0001:0000062e       ?Term@CAtlComModule@ATL@@QAEXXZ 1000162e f i OposVariant.obj
 0001:00000678       ?_AtlRaiseException@ATL@@YAXKK@Z 10001678 f i OposVariant.obj
 0001:0000068d       ?CreateInstance@CComClassFactory@ATL@@UAGJPAUIUnknown@@ABU_GUID@@PAPAX@Z 1000168d f i BumpBar.obj
 0001:000006cb       ?LockServer@CComClassFactory@ATL@@UAGJH@Z 100016cb f i BumpBar.obj
 0001:000006ea       ??_ECComClassFactory@ATL@@UAEPAXI@Z 100016ea f i BumpBar.obj
 0001:000006ea       ??_GCComClassFactory@ATL@@UAEPAXI@Z 100016ea f i BumpBar.obj
 0001:00000715       ?GetWindowProc@?$CWindowImplBaseT@VCWindow@ATL@@V?$CWinTraits@$0FGAAAAAA@$0A@@2@@ATL@@UAEP6GJPAUHWND__@@IIJ@ZXZ 10001715 f i BumpBar.obj
 0001:0000071b       ?StartWindowProc@?$CWindowImplBaseT@VCWindow@ATL@@V?$CWinTraits@$0FGAAAAAA@$0A@@2@@ATL@@SGJPAUHWND__@@IIJ@Z 1000171b f i BumpBar.obj
 0001:0000076f       ?ObjectMain@CComObjectRootBase@ATL@@SGX_N@Z 1000176f f i BumpBar.obj
 0001:0000076f       ?OnFinalMessage@?$CWindowImplBaseT@VCWindow@ATL@@V?$CWinTraits@$0FGAAAAAA@$0A@@2@@ATL@@UAEXPAUHWND__@@@Z 1000176f f i BumpBar.obj
 0001:00000772       ?GetTypeInfoCount@?$IDispatchImpl@UIOPOSBumpBar@@$1?IID_IOPOSBumpBar@@3U_GUID@@B$1?LIBID_OposBumpBar_CCO@@3U3@B$00$0A@VCComTypeInfoHolder@ATL@@@ATL@@UAGJPAI@Z 10001772 f i BumpBar.obj
 0001:0000078f       ?GetTypeInfo@?$IDispatchImpl@UIOPOSBumpBar@@$1?IID_IOPOSBumpBar@@3U_GUID@@B$1?LIBID_OposBumpBar_CCO@@3U3@B$00$0A@VCComTypeInfoHolder@ATL@@@ATL@@UAGJIKPAPAUITypeInfo@@@Z 1000178f f i BumpBar.obj
 0001:000007b3       ?GetIDsOfNames@?$IDispatchImpl@UIOPOSBumpBar@@$1?IID_IOPOSBumpBar@@3U_GUID@@B$1?LIBID_OposBumpBar_CCO@@3U3@B$00$0A@VCComTypeInfoHolder@ATL@@@ATL@@UAGJABU_GUID@@PAPA_WIKPAJ@Z 100017b3 f i BumpBar.obj
 0001:000007d3       ?Invoke@?$IDispatchImpl@UIOPOSBumpBar@@$1?IID_IOPOSBumpBar@@3U_GUID@@B$1?LIBID_OposBumpBar_CCO@@3U3@B$00$0A@VCComTypeInfoHolder@ATL@@@ATL@@UAGJJABU_GUID@@KGPAUtagDISPPARAMS@@PAUtagVARIANT@@PAUtagEXCEPINFO@@PAI@Z 100017d3 f i BumpBar.obj
 0001:000007e1       ?CreateControlWindow@?$CComControl@VCOPOSBumpBar@@V?$CWindowImpl@VCOPOSBumpBar@@VCWindow@ATL@@V?$CWinTraits@$0FGAAAAAA@$0A@@3@@ATL@@@ATL@@UAEPAUHWND__@@PAU3@AAUtagRECT@@@Z 100017e1 f i BumpBar.obj
 0001:00000810       ?ControlQueryInterface@?$CComControl@VCOPOSBumpBar@@V?$CWindowImpl@VCOPOSBumpBar@@VCWindow@ATL@@V?$CWinTraits@$0FGAAAAAA@$0A@@3@@ATL@@@ATL@@UAEJABU_GUID@@PAPAX@Z 10001810 f i BumpBar.obj
 0001:0000082b       ?GetUserClassID@?$IOleObjectImpl@VCOPOSBumpBar@@@ATL@@UAGJPAU_GUID@@@Z 1000182b f i BumpBar.obj
 0001:0000082b       ?GetClassID@?$IPersistStreamInitImpl@VCOPOSBumpBar@@@ATL@@UAGJPAU_GUID@@@Z 1000182b f i BumpBar.obj
 0001:0000082b       ?GetClassID@?$IPersistStorageImpl@VCOPOSBumpBar@@@ATL@@UAGJPAU_GUID@@@Z 1000182b f i BumpBar.obj
 0001:0000084f       ?IsDirty@?$IPersistStreamInitImpl@VCOPOSBumpBar@@@ATL@@UAGJXZ 1000184f f i BumpBar.obj
 0001:0000086e       ?Load@?$IPersistStreamInitImpl@VCOPOSBumpBar@@@ATL@@UAGJPAUIStream@@@Z 1000186e f i BumpBar.obj
 0001:0000088d       ?Save@?$IPersistStreamInitImpl@VCOPOSBumpBar@@@ATL@@UAGJPAUIStream@@H@Z 1000188d f i BumpBar.obj
 0001:000008af       ?GetSizeMax@?$IPersistStreamInitImpl@VCOPOSBumpBar@@@ATL@@UAGJPAT_ULARGE_INTEGER@@@Z 100018af f i BumpBar.obj
 0001:00000a8e       ?InitNew@?$IPersistStreamInitImpl@VCOPOSBumpBar@@@ATL@@UAGJXZ 10001a8e f i BumpBar.obj
 0001:00000aab       ?GetControlInfo@?$IOleControlImpl@VCOPOSBumpBar@@@ATL@@UAGJPAUtagCONTROLINFO@@@Z 10001aab f i BumpBar.obj
 0001:00000aab       ?ContextSensitiveHelp@?$IOleInPlaceActiveObjectImpl@VCOPOSBumpBar@@@ATL@@UAGJH@Z 10001aab f i BumpBar.obj
 0001:00000aab       ?Unfreeze@?$IViewObjectExImpl@VCOPOSBumpBar@@@ATL@@UAGJK@Z 10001aab f i BumpBar.obj
 0001:00000aab       ?GetDropTarget@?$IOleInPlaceObjectWindowlessImpl@VCOPOSBumpBar@@@ATL@@UAGJPAPAUIDropTarget@@@Z 10001aab f i BumpBar.obj
 0001:00000aab       ?QueryGetData@?$IDataObjectImpl@VCOPOSBumpBar@@@ATL@@UAGJPAUtagFORMATETC@@@Z 10001aab f i BumpBar.obj
 0001:00000aab       ?SetColorScheme@?$IOleObjectImpl@VCOPOSBumpBar@@@ATL@@UAGJPAUtagLOGPALETTE@@@Z 10001aab f i BumpBar.obj
 0001:00000aab       ?ContextSensitiveHelp@?$IOleInPlaceObjectWindowlessImpl@VCOPOSBumpBar@@@ATL@@UAGJH@Z 10001aab f i BumpBar.obj
 0001:00000aab       ?OnMnemonic@?$IOleControlImpl@VCOPOSBumpBar@@@ATL@@UAGJPAUtagMSG@@@Z 10001aab f i BumpBar.obj
 0001:00000ab3       ?OnAmbientPropertyChange@?$IOleControlImpl@VCOPOSBumpBar@@@ATL@@UAGJJ@Z 10001ab3 f i BumpBar.obj
 0001:00000ab3       ?OnFrameWindowActivate@?$IOleInPlaceActiveObjectImpl@VCOPOSBumpBar@@@ATL@@UAGJH@Z 10001ab3 f i BumpBar.obj
 0001:00000ab3       ?SaveCompleted@?$IPersistStorageImpl@VCOPOSBumpBar@@@ATL@@UAGJPAUIStorage@@@Z 10001ab3 f i BumpBar.obj
 0001:00000ab3       ?EnableModeless@?$IOleInPlaceActiveObjectImpl@VCOPOSBumpBar@@@ATL@@UAGJH@Z 10001ab3 f i BumpBar.obj
 0001:00000ab8       ?SetClientSite@?$IOleObjectImpl@VCOPOSBumpBar@@@ATL@@UAGJPAUIOleClientSite@@@Z 10001ab8 f i BumpBar.obj
 0001:00000ad5       ?GetClientSite@?$IOleObjectImpl@VCOPOSBumpBar@@@ATL@@UAGJPAPAUIOleClientSite@@@Z 10001ad5 f i BumpBar.obj
 0001:00000af2       ?SetHostNames@?$IOleObjectImpl@VCOPOSBumpBar@@@ATL@@UAGJPB_W0@Z 10001af2 f i BumpBar.obj
 0001:00000af7       ?Close@?$IOleObjectImpl@VCOPOSBumpBar@@@ATL@@UAGJK@Z 10001af7 f i BumpBar.obj
 0001:00000b14       ?GetDataHere@?$IDataObjectImpl@VCOPOSBumpBar@@@ATL@@UAGJPAUtagFORMATETC@@PAUtagSTGMEDIUM@@@Z 10001b14 f i BumpBar.obj
 0001:00000b14       ?SetMoniker@?$IOleObjectImpl@VCOPOSBumpBar@@@ATL@@UAGJKPAUIMoniker@@@Z 10001b14 f i BumpBar.obj
 0001:00000b14       ?EnumFormatEtc@?$IDataObjectImpl@VCOPOSBumpBar@@@ATL@@UAGJKPAPAUIEnumFORMATETC@@@Z 10001b14 f i BumpBar.obj
 0001:00000b14       ?QueryInterface@CRegObject@ATL@@UAGJABU_GUID@@PAPAX@Z 10001b14 f i BumpBar.obj
 0001:00000b14       ?GetCanonicalFormatEtc@?$IDataObjectImpl@VCOPOSBumpBar@@@ATL@@UAGJPAUtagFORMATETC@@0@Z 10001b14 f i BumpBar.obj
 0001:00000b14       ?GetRect@?$IViewObjectExImpl@VCOPOSBumpBar@@@ATL@@UAGJKPAU_RECTL@@@Z 10001b14 f i BumpBar.obj
 0001:00000b14       ?GetClipboardData@?$IOleObjectImpl@VCOPOSBumpBar@@@ATL@@UAGJKPAPAUIDataObject@@@Z 10001b14 f i BumpBar.obj
 0001:00000b1c       ?GetMoniker@?$IOleObjectImpl@VCOPOSBumpBar@@@ATL@@UAGJKKPAPAUIMoniker@@@Z 10001b1c f i BumpBar.obj
 0001:00000b1c       ?SetData@?$IDataObjectImpl@VCOPOSBumpBar@@@ATL@@UAGJPAUtagFORMATETC@@PAUtagSTGMEDIUM@@H@Z 10001b1c f i BumpBar.obj
 0001:00000b1c       ?InitFromData@?$IOleObjectImpl@VCOPOSBumpBar@@@ATL@@UAGJPAUIDataObject@@HK@Z 10001b1c f i BumpBar.obj
 0001:00000b24       ?DoVerb@?$IOleObjectImpl@VCOPOSBumpBar@@@ATL@@UAGJJPAUtagMSG@@PAUIOleClientSite@@JPAUHWND__@@PBUtagRECT@@@Z 10001b24 f i BumpBar.obj
 0001:00000c18       ?EnumVerbs@?$IOleObjectImpl@VCOPOSBumpBar@@@ATL@@UAGJPAPAUIEnumOLEVERB@@@Z 10001c18 f i BumpBar.obj
 0001:00000c3a       ?Update@?$IOleObjectImpl@VCOPOSBumpBar@@@ATL@@UAGJXZ 10001c3a f i BumpBar.obj
 0001:00000c3a       ?Release@CRegObject@ATL@@UAGKXZ 10001c3a f i BumpBar.obj
 0001:00000c3a       ?IsUpToDate@?$IOleObjectImpl@VCOPOSBumpBar@@@ATL@@UAGJXZ 10001c3a f i BumpBar.obj
 0001:00000c3a       ?HandsOffStorage@?$IPersistStorageImpl@VCOPOSBumpBar@@@ATL@@UAGJXZ 10001c3a f i BumpBar.obj
 0001:00000c3f       ?GetUserType@?$IOleObjectImpl@VCOPOSBumpBar@@@ATL@@UAGJKPAPA_W@Z 10001c3f f i BumpBar.obj
 0001:00000c57       ?SetExtent@?$IOleObjectImpl@VCOPOSBumpBar@@@ATL@@UAGJKPAUtagSIZE@@@Z 10001c57 f i BumpBar.obj
 0001:00000c77       ?GetExtent@?$IOleObjectImpl@VCOPOSBumpBar@@@ATL@@UAGJKPAUtagSIZE@@@Z 10001c77 f i BumpBar.obj
 0001:00000cb5       ?Advise@?$IOleObjectImpl@VCOPOSBumpBar@@@ATL@@UAGJPAUIAdviseSink@@PAK@Z 10001cb5 f i BumpBar.obj
 0001:00000cd5       ?Unadvise@?$IOleObjectImpl@VCOPOSBumpBar@@@ATL@@UAGJK@Z 10001cd5 f i BumpBar.obj
 0001:00000d04       ?EnumAdvise@?$IOleObjectImpl@VCOPOSBumpBar@@@ATL@@UAGJPAPAUIEnumSTATDATA@@@Z 10001d04 f i BumpBar.obj
 0001:00000d44       ?GetMiscStatus@?$IOleObjectImpl@VCOPOSBumpBar@@@ATL@@UAGJKPAK@Z 10001d44 f i BumpBar.obj
 0001:00000d5c       ?GetWindow@?$IOleInPlaceActiveObjectImpl@VCOPOSBumpBar@@@ATL@@UAGJPAPAUHWND__@@@Z 10001d5c f i BumpBar.obj
 0001:00000da9       ?TranslateAcceleratorW@?$IOleInPlaceActiveObjectImpl@VCOPOSBumpBar@@@ATL@@UAGJPAUtagMSG@@@Z 10001da9 f i BumpBar.obj
 0001:00000e57       ?OnDocWindowActivate@?$IOleInPlaceActiveObjectImpl@VCOPOSBumpBar@@@ATL@@UAGJH@Z 10001e57 f i BumpBar.obj
 0001:00000e79       ?ResizeBorder@?$IOleInPlaceActiveObjectImpl@VCOPOSBumpBar@@@ATL@@UAGJPBUtagRECT@@PAUIOleInPlaceUIWindow@@H@Z 10001e79 f i BumpBar.obj
 0001:00000e7e       ?Draw@?$IViewObjectExImpl@VCOPOSBumpBar@@@ATL@@UAGJKJPAXPAUtagDVTARGETDEVICE@@PAUHDC__@@2PBU_RECTL@@3P6GHK@ZK@Z 10001e7e f i BumpBar.obj
 0001:00000eb0       ?GetColorSet@?$IViewObjectExImpl@VCOPOSBumpBar@@@ATL@@UAGJKJPAXPAUtagDVTARGETDEVICE@@PAUHDC__@@PAPAUtagLOGPALETTE@@@Z 10001eb0 f i BumpBar.obj
 0001:00000eb8       ?Freeze@?$IViewObjectExImpl@VCOPOSBumpBar@@@ATL@@UAGJKJPAXPAK@Z 10001eb8 f i BumpBar.obj
 0001:00000ec0       ?SetAdvise@?$IViewObjectExImpl@VCOPOSBumpBar@@@ATL@@UAGJKKPAUIAdviseSink@@@Z 10001ec0 f i BumpBar.obj
 0001:00000edf       ?GetAdvise@?$IViewObjectExImpl@VCOPOSBumpBar@@@ATL@@UAGJPAK0PAPAUIAdviseSink@@@Z 10001edf f i BumpBar.obj
 0001:00000f14       ?GetExtent@?$IViewObjectExImpl@VCOPOSBumpBar@@@ATL@@UAGJKJPAUtagDVTARGETDEVICE@@PAUtagSIZE@@@Z 10001f14 f i BumpBar.obj
 0001:00000f45       ?GetViewStatus@?$IViewObjectExImpl@VCOPOSBumpBar@@@ATL@@UAGJPAK@Z 10001f45 f i BumpBar.obj
 0001:00000f62       ?QueryHitPoint@?$IViewObjectExImpl@VCOPOSBumpBar@@@ATL@@UAGJKPBUtagRECT@@UtagPOINT@@JPAK@Z 10001f62 f i BumpBar.obj
 0001:00000fa3       ?QueryHitRect@?$IViewObjectExImpl@VCOPOSBumpBar@@@ATL@@UAGJKPBUtagRECT@@0JPAK@Z 10001fa3 f i BumpBar.obj
 0001:00000ffe       ?GetNaturalExtent@?$IViewObjectExImpl@VCOPOSBumpBar@@@ATL@@UAGJKJPAUtagDVTARGETDEVICE@@PAUHDC__@@PAUtagExtentInfo@@PAUtagSIZE@@@Z 10001ffe f i BumpBar.obj
 0001:00001049       ?GetWindow@?$IOleInPlaceObjectWindowlessImpl@VCOPOSBumpBar@@@ATL@@UAGJPAPAUHWND__@@@Z 10002049 f i BumpBar.obj
 0001:00001096       ?InPlaceDeactivate@?$IOleInPlaceObjectWindowlessImpl@VCOPOSBumpBar@@@ATL@@UAGJXZ 10002096 f i BumpBar.obj
 0001:000010b0       ?UIDeactivate@?$IOleInPlaceObjectWindowlessImpl@VCOPOSBumpBar@@@ATL@@UAGJXZ 100020b0 f i BumpBar.obj
 0001:000010ca       ?SetObjectRects@?$IOleInPlaceObjectWindowlessImpl@VCOPOSBumpBar@@@ATL@@UAGJPBUtagRECT@@0@Z 100020ca f i BumpBar.obj
 0001:000010ea       ?ReactivateAndUndo@?$IOleInPlaceObjectWindowlessImpl@VCOPOSBumpBar@@@ATL@@UAGJXZ 100020ea f i BumpBar.obj
 0001:000010f2       ?OnWindowMessage@?$IOleInPlaceObjectWindowlessImpl@VCOPOSBumpBar@@@ATL@@UAGJIIJPAJ@Z 100020f2 f i BumpBar.obj
 0001:00001162       ?EnumConnectionPoints@?$IConnectionPointContainerImpl@VCOPOSBumpBar@@@ATL@@UAGJPAPAUIEnumConnectionPoints@@@Z 10002162 f i BumpBar.obj
 0001:000012dc       ?FindConnectionPoint@?$IConnectionPointContainerImpl@VCOPOSBumpBar@@@ATL@@UAGJABU_GUID@@PAPAUIConnectionPoint@@@Z 100022dc f i BumpBar.obj
 0001:0000137f       ?IsDirty@?$IPersistStorageImpl@VCOPOSBumpBar@@@ATL@@UAGJXZ 1000237f f i BumpBar.obj
 0001:000013b3       ?InitNew@?$IPersistStorageImpl@VCOPOSBumpBar@@@ATL@@UAGJPAUIStorage@@@Z 100023b3 f i BumpBar.obj
 0001:000013e7       ?Load@?$IPersistStorageImpl@VCOPOSBumpBar@@@ATL@@UAGJPAUIStorage@@@Z 100023e7 f i BumpBar.obj
 0001:00001453       ?Save@?$IPersistStorageImpl@VCOPOSBumpBar@@@ATL@@UAGJPAUIStorage@@H@Z 10002453 f i BumpBar.obj
 0001:000014c6       ?GetPages@?$ISpecifyPropertyPagesImpl@VCOPOSBumpBar@@@ATL@@UAGJPAUtagCAUUID@@@Z 100024c6 f i BumpBar.obj
 0001:000014dd       ?QuickActivate@?$IQuickActivateImpl@VCOPOSBumpBar@@@ATL@@UAGJPAUtagQACONTAINER@@PAUtagQACONTROL@@@Z 100024dd f i BumpBar.obj
 0001:00001500       ?SetContentExtent@?$IQuickActivateImpl@VCOPOSBumpBar@@@ATL@@UAGJPAUtagSIZE@@@Z 10002500 f i BumpBar.obj
 0001:0000152c       ?GetContentExtent@?$IQuickActivateImpl@VCOPOSBumpBar@@@ATL@@UAGJPAUtagSIZE@@@Z 1000252c f i BumpBar.obj
 0001:00001566       ?GetData@?$IDataObjectImpl@VCOPOSBumpBar@@@ATL@@UAGJPAUtagFORMATETC@@PAUtagSTGMEDIUM@@@Z 10002566 f i BumpBar.obj
 0001:00001589       ?DAdvise@?$IDataObjectImpl@VCOPOSBumpBar@@@ATL@@UAGJPAUtagFORMATETC@@KPAUIAdviseSink@@PAK@Z 10002589 f i BumpBar.obj
 0001:000015ca       ?DUnadvise@?$IDataObjectImpl@VCOPOSBumpBar@@@ATL@@UAGJK@Z 100025ca f i BumpBar.obj
 0001:000015f8       ?EnumDAdvise@?$IDataObjectImpl@VCOPOSBumpBar@@@ATL@@UAGJPAPAUIEnumSTATDATA@@@Z 100025f8 f i BumpBar.obj
 0001:00001637       ?GetClassInfoW@?$IProvideClassInfo2Impl@$1?CLSID_OPOSBumpBar@@3U_GUID@@B$1?DIID__IOPOSBumpBarEvents@@3U2@B$1?LIBID_OposBumpBar_CCO@@3U2@B$00$0A@VCComTypeInfoHolder@ATL@@@ATL@@UAGJPAPAUITypeInfo@@@Z 10002637 f i BumpBar.obj
 0001:0000164d       ?GetGUID@?$IProvideClassInfo2Impl@$1?CLSID_OPOSBumpBar@@3U_GUID@@B$1?DIID__IOPOSBumpBarEvents@@3U2@B$1?LIBID_OposBumpBar_CCO@@3U2@B$00$0A@VCComTypeInfoHolder@ATL@@@ATL@@UAGJKPAU_GUID@@@Z 1000264d f i BumpBar.obj
 0001:0000168b       __get_startup_argv_mode    1000268b f i LIBCMT:argv_mode.obj
 0001:0000168b       ?FAccessAllowed@?$IObjectSafetyImpl@VCOPOSBumpBar@@$02@ATL@@MAEHXZ 1000268b f i BumpBar.obj
 0001:0000168f       ?GetInterfaceSafetyOptions@?$IObjectSafetyImpl@VCOPOSBumpBar@@$02@ATL@@UAGJABU_GUID@@PAK1@Z 1000268f f i BumpBar.obj
 0001:00001703       ?SetInterfaceSafetyOptions@?$IObjectSafetyImpl@VCOPOSBumpBar@@$02@ATL@@UAGJABU_GUID@@KK@Z 10002703 f i BumpBar.obj
 0001:0000177d       ?_LocCPQueryInterface@?$IConnectionPointImpl@VCOPOSBumpBar@@$1?DIID__IOPOSBumpBarEvents@@3U_GUID@@BVCComDynamicUnkArray@ATL@@@ATL@@UAGJABU_GUID@@PAPAX@Z 1000277d f i BumpBar.obj
 0001:0000177d       ?_LocCPQueryInterface@?$IConnectionPointImpl@VCOPOSBumpBar@@$1?IID_IPropertyNotifySink@@3U_GUID@@BVCComDynamicUnkArray@ATL@@@ATL@@UAGJABU_GUID@@PAPAX@Z 1000277d f i BumpBar.obj
 0001:000017ca       ?GetConnectionInterface@?$IConnectionPointImpl@VCOPOSBumpBar@@$1?IID_IPropertyNotifySink@@3U_GUID@@BVCComDynamicUnkArray@ATL@@@ATL@@UAGJPAU_GUID@@@Z 100027ca f i BumpBar.obj
 0001:000017ee       ?GetConnectionPointContainer@?$IConnectionPointImpl@VCOPOSBumpBar@@$1?IID_IPropertyNotifySink@@3U_GUID@@BVCComDynamicUnkArray@ATL@@@ATL@@UAGJPAPAUIConnectionPointContainer@@@Z 100027ee f i BumpBar.obj
 0001:00001811       ?Advise@?$IConnectionPointImpl@VCOPOSBumpBar@@$1?DIID__IOPOSBumpBarEvents@@3U_GUID@@BVCComDynamicUnkArray@ATL@@@ATL@@UAGJPAUIUnknown@@PAK@Z 10002811 f i BumpBar.obj
 0001:00001811       ?Advise@?$IConnectionPointImpl@VCOPOSBumpBar@@$1?IID_IPropertyNotifySink@@3U_GUID@@BVCComDynamicUnkArray@ATL@@@ATL@@UAGJPAUIUnknown@@PAK@Z 10002811 f i BumpBar.obj
 0001:000018b2       ?Unadvise@?$IConnectionPointImpl@VCOPOSBumpBar@@$1?DIID__IOPOSBumpBarEvents@@3U_GUID@@BVCComDynamicUnkArray@ATL@@@ATL@@UAGJK@Z 100028b2 f i BumpBar.obj
 0001:000018b2       ?Unadvise@?$IConnectionPointImpl@VCOPOSBumpBar@@$1?IID_IPropertyNotifySink@@3U_GUID@@BVCComDynamicUnkArray@ATL@@@ATL@@UAGJK@Z 100028b2 f i BumpBar.obj
 0001:000018f2       ?EnumConnections@?$IConnectionPointImpl@VCOPOSBumpBar@@$1?DIID__IOPOSBumpBarEvents@@3U_GUID@@BVCComDynamicUnkArray@ATL@@@ATL@@UAGJPAPAUIEnumConnections@@@Z 100028f2 f i BumpBar.obj
 0001:000018f2       ?EnumConnections@?$IConnectionPointImpl@VCOPOSBumpBar@@$1?IID_IPropertyNotifySink@@3U_GUID@@BVCComDynamicUnkArray@ATL@@@ATL@@UAGJPAPAUIEnumConnections@@@Z 100028f2 f i BumpBar.obj
 0001:000019f8       ?GetCategoryMap@CComObjectRootBase@ATL@@SAPBU_ATL_CATMAP_ENTRY@2@XZ 100029f8 f i BumpBar.obj
 0001:000019f8       ?GetObjectDescription@?$CComCoClass@VCOPOSBumpBar@@$1?CLSID_OPOSBumpBar@@3U_GUID@@B@ATL@@SGPB_WXZ 100029f8 f i BumpBar.obj
 0001:000019fb       ?GetConnectionInterface@?$IConnectionPointImpl@VCOPOSBumpBar@@$1?DIID__IOPOSBumpBarEvents@@3U_GUID@@BVCComDynamicUnkArray@ATL@@@ATL@@UAGJPAU_GUID@@@Z 100029fb f i BumpBar.obj
 0001:00001a1f       ?GetConnectionPointContainer@?$IConnectionPointImpl@VCOPOSBumpBar@@$1?DIID__IOPOSBumpBarEvents@@3U_GUID@@BVCComDynamicUnkArray@ATL@@@ATL@@UAGJPAPAUIConnectionPointContainer@@@Z 10002a1f f i BumpBar.obj
 0001:00001a42       ?UpdateRegistry@COPOSBumpBar@@SGJH@Z 10002a42 f i BumpBar.obj
 0001:00001a5a       ?ProcessWindowMessage@COPOSBumpBar@@UAEHPAUHWND__@@IIJAAJK@Z 10002a5a f i BumpBar.obj
 0001:00001aa3       ?SOData@COPOSBumpBar@@MAGJJ@Z 10002aa3 f i BumpBar.obj
 0001:00001adc       ?SODirectIO@COPOSBumpBar@@MAGJJPAJPAPA_W@Z 10002adc f i BumpBar.obj
 0001:00001b25       ?SOError@COPOSBumpBar@@MAGJJJJPAJ@Z 10002b25 f i BumpBar.obj
 0001:00001b7a       ?SOOutputComplete@COPOSBumpBar@@MAGJJ@Z 10002b7a f i BumpBar.obj
 0001:00001bb3       ?SOStatusUpdate@COPOSBumpBar@@MAGJJ@Z 10002bb3 f i BumpBar.obj
 0001:00001bec       ?Lock@CAtlModule@ATL@@UAEJXZ 10002bec f i BumpBar.obj
 0001:00001bf6       ?Unlock@CAtlModule@ATL@@UAEJXZ 10002bf6 f i BumpBar.obj
 0001:00001c00       ?GetLockCount@CAtlModule@ATL@@UAEJXZ 10002c00 f i BumpBar.obj
 0001:00001c04       ?GetGITPtr@CAtlModule@ATL@@UAEJPAPAUIGlobalInterfaceTable@@@Z 10002c04 f i BumpBar.obj
 0001:00001c50       ?AddCommonRGSReplacements@?$CAtlModuleT@VCComModule@ATL@@@ATL@@UAEJPAUIRegistrarBase@@@Z 10002c50 f i BumpBar.obj
 0001:00001c6a       ?UpdateRegistryFromResourceD@CComModule@ATL@@UAGJPB_WHPAU_ATL_REGMAP_ENTRY@2@@Z 10002c6a f i BumpBar.obj
 0001:00001c6a       ?UpdateRegistryFromResourceD@CComModule@ATL@@UAGJIHPAU_ATL_REGMAP_ENTRY@2@@Z 10002c6a f i BumpBar.obj
 0001:00001c72       ?UpdateRegistryFromResource@CComModule@ATL@@UAGJPB_WHPAU_ATL_REGMAP_ENTRY@2@@Z 10002c72 f i BumpBar.obj
 0001:00001c7b       ?UpdateRegistryFromResource@CComModule@ATL@@UAGJIHPAU_ATL_REGMAP_ENTRY@2@@Z 10002c7b f i BumpBar.obj
 0001:00001c84       ??_ECComModule@ATL@@UAEPAXI@Z 10002c84 f i BumpBar.obj
 0001:00001c84       ??_GCComModule@ATL@@UAEPAXI@Z 10002c84 f i BumpBar.obj
 0001:00001cac       ?CreateInstance@?$CComCreator@V?$CComObjectCached@VCComClassFactory@ATL@@@ATL@@@ATL@@SGJPAXABU_GUID@@PAPAX@Z 10002cac f i BumpBar.obj
 0001:00001d58       ?CreateInstance@?$CComCreator2@V?$CComCreator@V?$CComObject@VCOPOSBumpBar@@@ATL@@@ATL@@V?$CComCreator@V?$CComAggObject@VCOPOSBumpBar@@@ATL@@@2@@ATL@@SGJPAXABU_GUID@@PAPAX@Z 10002d58 f i BumpBar.obj
 0001:00001d78       ?AddRef@?$CComObjectCached@VCComClassFactory@ATL@@@ATL@@UAGKXZ 10002d78 f i BumpBar.obj
 0001:00001d9f       ?Release@?$CComObjectCached@VCComClassFactory@ATL@@@ATL@@UAGKXZ 10002d9f f i BumpBar.obj
 0001:00001dd5       ?QueryInterface@?$CComObjectCached@VCComClassFactory@ATL@@@ATL@@UAGJABU_GUID@@PAPAX@Z 10002dd5 f i BumpBar.obj
 0001:00001def       ??_G?$CComObjectCached@VCComClassFactory@ATL@@@ATL@@UAEPAXI@Z 10002def f i BumpBar.obj
 0001:00001def       ??_E?$CComObjectCached@VCComClassFactory@ATL@@@ATL@@UAEPAXI@Z 10002def f i BumpBar.obj
 0001:00001e11       ?Next@?$CComEnumImpl@UIEnumConnectionPoints@@$1?_GUID_b196b285_bab4_101a_b69c_00aa00341d07@@3U__s_GUID@@BPAUIConnectionPoint@@V?$_CopyInterface@UIConnectionPoint@@@ATL@@@ATL@@UAGJKPAPAUIConnectionPoint@@PAK@Z 10002e11 f i BumpBar.obj
 0001:00001ee8       ?Skip@?$CComEnumImpl@UIEnumConnectionPoints@@$1?_GUID_b196b285_bab4_101a_b69c_00aa00341d07@@3U__s_GUID@@BPAUIConnectionPoint@@V?$_CopyInterface@UIConnectionPoint@@@ATL@@@ATL@@UAGJK@Z 10002ee8 f i BumpBar.obj
 0001:00001f15       ?Reset@?$CComEnumImpl@UIEnumConnections@@$1?_GUID_b196b287_bab4_101a_b69c_00aa00341d07@@3U__s_GUID@@BUtagCONNECTDATA@@V?$_Copy@UtagCONNECTDATA@@@ATL@@@ATL@@UAGJXZ 10002f15 f i BumpBar.obj
 0001:00001f15       ?Reset@?$CComEnumImpl@UIEnumConnectionPoints@@$1?_GUID_b196b285_bab4_101a_b69c_00aa00341d07@@3U__s_GUID@@BPAUIConnectionPoint@@V?$_CopyInterface@UIConnectionPoint@@@ATL@@@ATL@@UAGJXZ 10002f15 f i BumpBar.obj
 0001:00001f27       ?Clone@?$CComEnumImpl@UIEnumConnectionPoints@@$1?_GUID_b196b285_bab4_101a_b69c_00aa00341d07@@3U__s_GUID@@BPAUIConnectionPoint@@V?$_CopyInterface@UIConnectionPoint@@@ATL@@@ATL@@UAGJPAPAUIEnumConnectionPoints@@@Z 10002f27 f i BumpBar.obj
 0001:00002008       ?AddRef@?$CComObject@V?$CComEnum@UIEnumConnectionPoints@@$1?_GUID_b196b285_bab4_101a_b69c_00aa00341d07@@3U__s_GUID@@BPAUIConnectionPoint@@V?$_CopyInterface@UIConnectionPoint@@@ATL@@VCComSingleThreadModel@6@@ATL@@@ATL@@UAGKXZ 10003008 f i BumpBar.obj
 0001:00002008       ?AddRef@?$CComObject@V?$CComEnum@UIEnumConnections@@$1?_GUID_b196b287_bab4_101a_b69c_00aa00341d07@@3U__s_GUID@@BUtagCONNECTDATA@@V?$_Copy@UtagCONNECTDATA@@@ATL@@VCComSingleThreadModel@6@@ATL@@@ATL@@UAGKXZ 10003008 f i BumpBar.obj
 0001:00002019       ?Release@?$CComObject@V?$CComEnum@UIEnumConnectionPoints@@$1?_GUID_b196b285_bab4_101a_b69c_00aa00341d07@@3U__s_GUID@@BPAUIConnectionPoint@@V?$_CopyInterface@UIConnectionPoint@@@ATL@@VCComSingleThreadModel@6@@ATL@@@ATL@@UAGKXZ 10003019 f i BumpBar.obj
 0001:00002019       ?Release@?$CComObject@V?$CComEnum@UIEnumConnections@@$1?_GUID_b196b287_bab4_101a_b69c_00aa00341d07@@3U__s_GUID@@BUtagCONNECTDATA@@V?$_Copy@UtagCONNECTDATA@@@ATL@@VCComSingleThreadModel@6@@ATL@@@ATL@@UAGKXZ 10003019 f i BumpBar.obj
 0001:00002055       ?QueryInterface@?$CComObject@V?$CComEnum@UIEnumConnectionPoints@@$1?_GUID_b196b285_bab4_101a_b69c_00aa00341d07@@3U__s_GUID@@BPAUIConnectionPoint@@V?$_CopyInterface@UIConnectionPoint@@@ATL@@VCComSingleThreadModel@6@@ATL@@@ATL@@UAGJABU_GUID@@PAPAX@Z 10003055 f i BumpBar.obj
 0001:0000206f       ??_G?$CComObject@V?$CComEnum@UIEnumConnectionPoints@@$1?_GUID_b196b285_bab4_101a_b69c_00aa00341d07@@3U__s_GUID@@BPAUIConnectionPoint@@V?$_CopyInterface@UIConnectionPoint@@@ATL@@VCComSingleThreadModel@6@@ATL@@@ATL@@UAEPAXI@Z 1000306f f i BumpBar.obj
 0001:0000206f       ??_E?$CComObject@V?$CComEnum@UIEnumConnectionPoints@@$1?_GUID_b196b285_bab4_101a_b69c_00aa00341d07@@3U__s_GUID@@BPAUIConnectionPoint@@V?$_CopyInterface@UIConnectionPoint@@@ATL@@VCComSingleThreadModel@6@@ATL@@@ATL@@UAEPAXI@Z 1000306f f i BumpBar.obj
 0001:00002091       ?AddRef@CRegObject@ATL@@UAGKXZ 10003091 f i BumpBar.obj
 0001:00002097       ?AddReplacement@CRegObject@ATL@@UAGJPB_W0@Z 10003097 f i BumpBar.obj
 0001:000020d0       ?ClearReplacements@CRegObject@ATL@@UAGJXZ 100030d0 f i BumpBar.obj
 0001:000020e2       ??_ECRegObject@ATL@@UAEPAXI@Z 100030e2 f i BumpBar.obj
 0001:000020e2       ??_GCRegObject@ATL@@UAEPAXI@Z 100030e2 f i BumpBar.obj
 0001:00002104       ?AddRef@?$CComAggObject@VCOPOSBumpBar@@@ATL@@UAGKXZ 10003104 f i BumpBar.obj
 0001:00002115       ?Release@?$CComAggObject@VCOPOSBumpBar@@@ATL@@UAGKXZ 10003115 f i BumpBar.obj
 0001:00002151       ?QueryInterface@?$CComAggObject@VCOPOSBumpBar@@@ATL@@UAGJABU_GUID@@PAPAX@Z 10003151 f i BumpBar.obj
 0001:000021a0       ?AddRef@?$CComContainedObject@VCOPOSBumpBar@@@ATL@@UAGKXZ 100031a0 f i BumpBar.obj
 0001:000021b6       ?Release@?$CComContainedObject@VCOPOSBumpBar@@@ATL@@UAGKXZ 100031b6 f i BumpBar.obj
 0001:000021cc       ?QueryInterface@?$CComContainedObject@VCOPOSBumpBar@@@ATL@@UAGJABU_GUID@@PAPAX@Z 100031cc f i BumpBar.obj
 0001:000021e7       ??_E?$CComAggObject@VCOPOSBumpBar@@@ATL@@UAEPAXI@Z 100031e7 f i BumpBar.obj
 0001:000021e7       ??_G?$CComAggObject@VCOPOSBumpBar@@@ATL@@UAEPAXI@Z 100031e7 f i BumpBar.obj
 0001:0000220c       ?AddRef@?$CComObject@VCOPOSBumpBar@@@ATL@@UAGKXZ 1000320c f i BumpBar.obj
 0001:00002223       ?Release@?$CComObject@VCOPOSBumpBar@@@ATL@@UAGKXZ 10003223 f i BumpBar.obj
 0001:00002265       ?QueryInterface@?$CComObject@VCOPOSBumpBar@@@ATL@@UAGJABU_GUID@@PAPAX@Z 10003265 f i BumpBar.obj
 0001:0000227f       ?OnDrawAdvanced@CComControlBase@ATL@@UAEJAAUATL_DRAWINFO@@@Z 1000327f f i BumpBar.obj
 0001:00002372       ?Next@?$CComEnumImpl@UIEnumConnections@@$1?_GUID_b196b287_bab4_101a_b69c_00aa00341d07@@3U__s_GUID@@BUtagCONNECTDATA@@V?$_Copy@UtagCONNECTDATA@@@ATL@@@ATL@@UAGJKPAUtagCONNECTDATA@@PAK@Z 10003372 f i BumpBar.obj
 0001:00002449       ?Skip@?$CComEnumImpl@UIEnumConnections@@$1?_GUID_b196b287_bab4_101a_b69c_00aa00341d07@@3U__s_GUID@@BUtagCONNECTDATA@@V?$_Copy@UtagCONNECTDATA@@@ATL@@@ATL@@UAGJK@Z 10003449 f i BumpBar.obj
 0001:00002476       ?Clone@?$CComEnumImpl@UIEnumConnections@@$1?_GUID_b196b287_bab4_101a_b69c_00aa00341d07@@3U__s_GUID@@BUtagCONNECTDATA@@V?$_Copy@UtagCONNECTDATA@@@ATL@@@ATL@@UAGJPAPAUIEnumConnections@@@Z 10003476 f i BumpBar.obj
 0001:00002557       ?QueryInterface@?$CComObject@V?$CComEnum@UIEnumConnections@@$1?_GUID_b196b287_bab4_101a_b69c_00aa00341d07@@3U__s_GUID@@BUtagCONNECTDATA@@V?$_Copy@UtagCONNECTDATA@@@ATL@@VCComSingleThreadModel@6@@ATL@@@ATL@@UAGJABU_GUID@@PAPAX@Z 10003557 f i BumpBar.obj
 0001:00002571       ??_G?$CComObject@V?$CComEnum@UIEnumConnections@@$1?_GUID_b196b287_bab4_101a_b69c_00aa00341d07@@3U__s_GUID@@BUtagCONNECTDATA@@V?$_Copy@UtagCONNECTDATA@@@ATL@@VCComSingleThreadModel@6@@ATL@@@ATL@@UAEPAXI@Z 10003571 f i BumpBar.obj
 0001:00002571       ??_E?$CComObject@V?$CComEnum@UIEnumConnections@@$1?_GUID_b196b287_bab4_101a_b69c_00aa00341d07@@3U__s_GUID@@BUtagCONNECTDATA@@V?$_Copy@UtagCONNECTDATA@@@ATL@@VCComSingleThreadModel@6@@ATL@@@ATL@@UAEPAXI@Z 10003571 f i BumpBar.obj
 0001:00002593       ??_E?$CComObject@VCOPOSBumpBar@@@ATL@@W3AEPAXI@Z 10003593 f i BumpBar.obj
 0001:0000259b       ??_E?$CComObject@VCOPOSBumpBar@@@ATL@@WEM@AEPAXI@Z 1000359b f i BumpBar.obj
 0001:000025a3       ?QueryInterface@?$CComObject@VCOPOSBumpBar@@@ATL@@WHA@AGJABU_GUID@@PAPAX@Z 100035a3 f i BumpBar.obj
 0001:000025ad       ?AddRef@?$CComObject@VCOPOSBumpBar@@@ATL@@WHA@AGKXZ 100035ad f i BumpBar.obj
 0001:000025b7       ?Release@?$CComObject@VCOPOSBumpBar@@@ATL@@WHA@AGKXZ 100035b7 f i BumpBar.obj
 0001:000025c1       ?QueryInterface@?$CComObject@VCOPOSBumpBar@@@ATL@@WHE@AGJABU_GUID@@PAPAX@Z 100035c1 f i BumpBar.obj
 0001:000025cb       ?AddRef@?$CComObject@VCOPOSBumpBar@@@ATL@@WHE@AGKXZ 100035cb f i BumpBar.obj
 0001:000025d5       ?Release@?$CComObject@VCOPOSBumpBar@@@ATL@@WHE@AGKXZ 100035d5 f i BumpBar.obj
 0001:000025df       ?QueryInterface@?$CComObject@VCOPOSBumpBar@@@ATL@@WHI@AGJABU_GUID@@PAPAX@Z 100035df f i BumpBar.obj
 0001:000025e9       ?AddRef@?$CComObject@VCOPOSBumpBar@@@ATL@@WHI@AGKXZ 100035e9 f i BumpBar.obj
 0001:000025f3       ?Release@?$CComObject@VCOPOSBumpBar@@@ATL@@WHI@AGKXZ 100035f3 f i BumpBar.obj
 0001:000025fd       ?QueryInterface@?$CComObject@VCOPOSBumpBar@@@ATL@@WHM@AGJABU_GUID@@PAPAX@Z 100035fd f i BumpBar.obj
 0001:00002607       ?AddRef@?$CComObject@VCOPOSBumpBar@@@ATL@@WHM@AGKXZ 10003607 f i BumpBar.obj
 0001:00002611       ?Release@?$CComObject@VCOPOSBumpBar@@@ATL@@WHM@AGKXZ 10003611 f i BumpBar.obj
 0001:0000261b       ?QueryInterface@?$CComObject@VCOPOSBumpBar@@@ATL@@WIA@AGJABU_GUID@@PAPAX@Z 1000361b f i BumpBar.obj
 0001:00002628       ?AddRef@?$CComObject@VCOPOSBumpBar@@@ATL@@WIA@AGKXZ 10003628 f i BumpBar.obj
 0001:00002635       ?Release@?$CComObject@VCOPOSBumpBar@@@ATL@@WIA@AGKXZ 10003635 f i BumpBar.obj
 0001:00002642       ?QueryInterface@?$CComObject@VCOPOSBumpBar@@@ATL@@WIE@AGJABU_GUID@@PAPAX@Z 10003642 f i BumpBar.obj
 0001:0000264f       ?AddRef@?$CComObject@VCOPOSBumpBar@@@ATL@@WIE@AGKXZ 1000364f f i BumpBar.obj
 0001:0000265c       ?Release@?$CComObject@VCOPOSBumpBar@@@ATL@@WIE@AGKXZ 1000365c f i BumpBar.obj
 0001:00002669       ?QueryInterface@?$CComObject@VCOPOSBumpBar@@@ATL@@WII@AGJABU_GUID@@PAPAX@Z 10003669 f i BumpBar.obj
 0001:00002676       ?AddRef@?$CComObject@VCOPOSBumpBar@@@ATL@@WII@AGKXZ 10003676 f i BumpBar.obj
 0001:00002683       ?Release@?$CComObject@VCOPOSBumpBar@@@ATL@@WII@AGKXZ 10003683 f i BumpBar.obj
 0001:00002690       ?QueryInterface@?$CComObject@VCOPOSBumpBar@@@ATL@@WIM@AGJABU_GUID@@PAPAX@Z 10003690 f i BumpBar.obj
 0001:0000269d       ?AddRef@?$CComObject@VCOPOSBumpBar@@@ATL@@WIM@AGKXZ 1000369d f i BumpBar.obj
 0001:000026aa       ?Release@?$CComObject@VCOPOSBumpBar@@@ATL@@WIM@AGKXZ 100036aa f i BumpBar.obj
 0001:000026b7       ?QueryInterface@?$CComObject@VCOPOSBumpBar@@@ATL@@WJA@AGJABU_GUID@@PAPAX@Z 100036b7 f i BumpBar.obj
 0001:000026c4       ?AddRef@?$CComObject@VCOPOSBumpBar@@@ATL@@WJA@AGKXZ 100036c4 f i BumpBar.obj
 0001:000026d1       ?Release@?$CComObject@VCOPOSBumpBar@@@ATL@@WJA@AGKXZ 100036d1 f i BumpBar.obj
 0001:000026de       ?QueryInterface@?$CComObject@VCOPOSBumpBar@@@ATL@@WJE@AGJABU_GUID@@PAPAX@Z 100036de f i BumpBar.obj
 0001:000026eb       ?AddRef@?$CComObject@VCOPOSBumpBar@@@ATL@@WJE@AGKXZ 100036eb f i BumpBar.obj
 0001:000026f8       ?Release@?$CComObject@VCOPOSBumpBar@@@ATL@@WJE@AGKXZ 100036f8 f i BumpBar.obj
 0001:00002705       ?QueryInterface@?$CComObject@VCOPOSBumpBar@@@ATL@@WJI@AGJABU_GUID@@PAPAX@Z 10003705 f i BumpBar.obj
 0001:00002712       ?AddRef@?$CComObject@VCOPOSBumpBar@@@ATL@@WJI@AGKXZ 10003712 f i BumpBar.obj
 0001:0000271f       ?Release@?$CComObject@VCOPOSBumpBar@@@ATL@@WJI@AGKXZ 1000371f f i BumpBar.obj
 0001:0000272c       ?QueryInterface@?$CComObject@VCOPOSBumpBar@@@ATL@@WJM@AGJABU_GUID@@PAPAX@Z 1000372c f i BumpBar.obj
 0001:00002739       ?AddRef@?$CComObject@VCOPOSBumpBar@@@ATL@@WJM@AGKXZ 10003739 f i BumpBar.obj
 0001:00002746       ?Release@?$CComObject@VCOPOSBumpBar@@@ATL@@WJM@AGKXZ 10003746 f i BumpBar.obj
 0001:00002753       ?QueryInterface@?$CComObject@VCOPOSBumpBar@@@ATL@@WKA@AGJABU_GUID@@PAPAX@Z 10003753 f i BumpBar.obj
 0001:00002760       ?AddRef@?$CComObject@VCOPOSBumpBar@@@ATL@@WKA@AGKXZ 10003760 f i BumpBar.obj
 0001:0000276d       ?Release@?$CComObject@VCOPOSBumpBar@@@ATL@@WKA@AGKXZ 1000376d f i BumpBar.obj
 0001:0000277a       ?AddRef@?$CComObject@VCOPOSBumpBar@@@ATL@@WKI@AGKXZ 1000377a f i BumpBar.obj
 0001:00002787       ?Release@?$CComObject@VCOPOSBumpBar@@@ATL@@WKI@AGKXZ 10003787 f i BumpBar.obj
 0001:00002794       ?AddRef@?$CComObject@VCOPOSBumpBar@@@ATL@@WLE@AGKXZ 10003794 f i BumpBar.obj
 0001:000027a1       ?Release@?$CComObject@VCOPOSBumpBar@@@ATL@@WLE@AGKXZ 100037a1 f i BumpBar.obj
 0001:000027ae       ??_E?$CComContainedObject@VCOPOSBumpBar@@@ATL@@W3AEPAXI@Z 100037ae f i BumpBar.obj
 0001:000027b6       ??_E?$CComContainedObject@VCOPOSBumpBar@@@ATL@@WEM@AEPAXI@Z 100037b6 f i BumpBar.obj
 0001:000027be       ?QueryInterface@?$CComContainedObject@VCOPOSBumpBar@@@ATL@@WHA@AGJABU_GUID@@PAPAX@Z 100037be f i BumpBar.obj
 0001:000027c8       ?AddRef@?$CComContainedObject@VCOPOSBumpBar@@@ATL@@WHA@AGKXZ 100037c8 f i BumpBar.obj
 0001:000027d2       ?Release@?$CComContainedObject@VCOPOSBumpBar@@@ATL@@WHA@AGKXZ 100037d2 f i BumpBar.obj
 0001:000027dc       ?QueryInterface@?$CComContainedObject@VCOPOSBumpBar@@@ATL@@WHE@AGJABU_GUID@@PAPAX@Z 100037dc f i BumpBar.obj
 0001:000027e6       ?AddRef@?$CComContainedObject@VCOPOSBumpBar@@@ATL@@WHE@AGKXZ 100037e6 f i BumpBar.obj
 0001:000027f0       ?Release@?$CComContainedObject@VCOPOSBumpBar@@@ATL@@WHE@AGKXZ 100037f0 f i BumpBar.obj
 0001:000027fa       ?QueryInterface@?$CComContainedObject@VCOPOSBumpBar@@@ATL@@WHI@AGJABU_GUID@@PAPAX@Z 100037fa f i BumpBar.obj
 0001:00002804       ?AddRef@?$CComContainedObject@VCOPOSBumpBar@@@ATL@@WHI@AGKXZ 10003804 f i BumpBar.obj
 0001:0000280e       ?Release@?$CComContainedObject@VCOPOSBumpBar@@@ATL@@WHI@AGKXZ 1000380e f i BumpBar.obj
 0001:00002818       ?QueryInterface@?$CComContainedObject@VCOPOSBumpBar@@@ATL@@WHM@AGJABU_GUID@@PAPAX@Z 10003818 f i BumpBar.obj
 0001:00002822       ?AddRef@?$CComContainedObject@VCOPOSBumpBar@@@ATL@@WHM@AGKXZ 10003822 f i BumpBar.obj
 0001:0000282c       ?Release@?$CComContainedObject@VCOPOSBumpBar@@@ATL@@WHM@AGKXZ 1000382c f i BumpBar.obj
 0001:00002836       ?QueryInterface@?$CComContainedObject@VCOPOSBumpBar@@@ATL@@WIA@AGJABU_GUID@@PAPAX@Z 10003836 f i BumpBar.obj
 0001:00002843       ?AddRef@?$CComContainedObject@VCOPOSBumpBar@@@ATL@@WIA@AGKXZ 10003843 f i BumpBar.obj
 0001:00002850       ?Release@?$CComContainedObject@VCOPOSBumpBar@@@ATL@@WIA@AGKXZ 10003850 f i BumpBar.obj
 0001:0000285d       ?QueryInterface@?$CComContainedObject@VCOPOSBumpBar@@@ATL@@WIE@AGJABU_GUID@@PAPAX@Z 1000385d f i BumpBar.obj
 0001:0000286a       ?AddRef@?$CComContainedObject@VCOPOSBumpBar@@@ATL@@WIE@AGKXZ 1000386a f i BumpBar.obj
 0001:00002877       ?Release@?$CComContainedObject@VCOPOSBumpBar@@@ATL@@WIE@AGKXZ 10003877 f i BumpBar.obj
 0001:00002884       ?QueryInterface@?$CComContainedObject@VCOPOSBumpBar@@@ATL@@WII@AGJABU_GUID@@PAPAX@Z 10003884 f i BumpBar.obj
 0001:00002891       ?AddRef@?$CComContainedObject@VCOPOSBumpBar@@@ATL@@WII@AGKXZ 10003891 f i BumpBar.obj
 0001:0000289e       ?Release@?$CComContainedObject@VCOPOSBumpBar@@@ATL@@WII@AGKXZ 1000389e f i BumpBar.obj
 0001:000028ab       ?QueryInterface@?$CComContainedObject@VCOPOSBumpBar@@@ATL@@WIM@AGJABU_GUID@@PAPAX@Z 100038ab f i BumpBar.obj
 0001:000028b8       ?AddRef@?$CComContainedObject@VCOPOSBumpBar@@@ATL@@WIM@AGKXZ 100038b8 f i BumpBar.obj
 0001:000028c5       ?Release@?$CComContainedObject@VCOPOSBumpBar@@@ATL@@WIM@AGKXZ 100038c5 f i BumpBar.obj
 0001:000028d2       ?QueryInterface@?$CComContainedObject@VCOPOSBumpBar@@@ATL@@WJA@AGJABU_GUID@@PAPAX@Z 100038d2 f i BumpBar.obj
 0001:000028df       ?AddRef@?$CComContainedObject@VCOPOSBumpBar@@@ATL@@WJA@AGKXZ 100038df f i BumpBar.obj
 0001:000028ec       ?Release@?$CComContainedObject@VCOPOSBumpBar@@@ATL@@WJA@AGKXZ 100038ec f i BumpBar.obj
 0001:000028f9       ?QueryInterface@?$CComContainedObject@VCOPOSBumpBar@@@ATL@@WJE@AGJABU_GUID@@PAPAX@Z 100038f9 f i BumpBar.obj
 0001:00002906       ?AddRef@?$CComContainedObject@VCOPOSBumpBar@@@ATL@@WJE@AGKXZ 10003906 f i BumpBar.obj
 0001:00002913       ?Release@?$CComContainedObject@VCOPOSBumpBar@@@ATL@@WJE@AGKXZ 10003913 f i BumpBar.obj
 0001:00002920       ?QueryInterface@?$CComContainedObject@VCOPOSBumpBar@@@ATL@@WJI@AGJABU_GUID@@PAPAX@Z 10003920 f i BumpBar.obj
 0001:0000292d       ?AddRef@?$CComContainedObject@VCOPOSBumpBar@@@ATL@@WJI@AGKXZ 1000392d f i BumpBar.obj
 0001:0000293a       ?Release@?$CComContainedObject@VCOPOSBumpBar@@@ATL@@WJI@AGKXZ 1000393a f i BumpBar.obj
 0001:00002947       ?QueryInterface@?$CComContainedObject@VCOPOSBumpBar@@@ATL@@WJM@AGJABU_GUID@@PAPAX@Z 10003947 f i BumpBar.obj
 0001:00002954       ?AddRef@?$CComContainedObject@VCOPOSBumpBar@@@ATL@@WJM@AGKXZ 10003954 f i BumpBar.obj
 0001:00002961       ?Release@?$CComContainedObject@VCOPOSBumpBar@@@ATL@@WJM@AGKXZ 10003961 f i BumpBar.obj
 0001:0000296e       ?QueryInterface@?$CComContainedObject@VCOPOSBumpBar@@@ATL@@WKA@AGJABU_GUID@@PAPAX@Z 1000396e f i BumpBar.obj
 0001:0000297b       ?AddRef@?$CComContainedObject@VCOPOSBumpBar@@@ATL@@WKA@AGKXZ 1000397b f i BumpBar.obj
 0001:00002988       ?Release@?$CComContainedObject@VCOPOSBumpBar@@@ATL@@WKA@AGKXZ 10003988 f i BumpBar.obj
 0001:00002995       ?AddRef@?$CComContainedObject@VCOPOSBumpBar@@@ATL@@WKI@AGKXZ 10003995 f i BumpBar.obj
 0001:000029a2       ?Release@?$CComContainedObject@VCOPOSBumpBar@@@ATL@@WKI@AGKXZ 100039a2 f i BumpBar.obj
 0001:000029af       ?AddRef@?$CComContainedObject@VCOPOSBumpBar@@@ATL@@WLE@AGKXZ 100039af f i BumpBar.obj
 0001:000029bc       ?Release@?$CComContainedObject@VCOPOSBumpBar@@@ATL@@WLE@AGKXZ 100039bc f i BumpBar.obj
 0001:000029c9       ??$?4UITypeInfo2@@@?$CComPtr@UITypeInfo@@@ATL@@QAEPAUITypeInfo@@ABV?$CComPtr@UITypeInfo2@@@1@@Z 100039c9 f i BumpBar.obj
 0001:000029f6       ??$AtlAdd@K@ATL@@YAJPAKKK@Z 100039f6 f i BumpBar.obj
 0001:00002a19       ??$AtlAdd@_K@ATL@@YAJPA_K_K1@Z 10003a19 f i BumpBar.obj
 0001:00002a51       ??$AtlAddThrow@K@ATL@@YAKKK@Z 10003a51 f i BumpBar.obj
 0001:00002a77       ??$AtlModuleRegisterWndClassInfoT@VAtlModuleRegisterWndClassInfoParamW@ATL@@@ATL@@YAGPAU_ATL_BASE_MODULE70@0@PAU_ATL_WIN_MODULE70@0@PAU_ATL_WNDCLASSINFOW@0@PAP6GJPAUHWND__@@IIJ@ZVAtlModuleRegisterWndClassInfoParamW@0@@Z 10003a77 f i BumpBar.obj
 0001:00002bc5       ??$AtlMultiply@H@ATL@@YAJPAHHH@Z 10003bc5 f i BumpBar.obj
 0001:00002bfd       ??$AtlMultiply@K@ATL@@YAJPAKKK@Z 10003bfd f i BumpBar.obj
 0001:00002bfd       ??$AtlMultiply@I@ATL@@YAJPAIII@Z 10003bfd f i BumpBar.obj
 0001:00002c1f       ??$AtlMultiplyThrow@I@ATL@@YAIII@Z 10003c1f f i BumpBar.obj
 0001:00002c45       ??0?$CComAggObject@VCOPOSBumpBar@@@ATL@@QAE@PAX@Z 10003c45 f i BumpBar.obj
 0001:00002c72       ??0?$CComContainedObject@VCOPOSBumpBar@@@ATL@@QAE@PAX@Z 10003c72 f i BumpBar.obj
 0001:00002d2b       ??0?$CComObject@V?$CComEnum@UIEnumConnectionPoints@@$1?_GUID_b196b285_bab4_101a_b69c_00aa00341d07@@3U__s_GUID@@BPAUIConnectionPoint@@V?$_CopyInterface@UIConnectionPoint@@@ATL@@VCComSingleThreadModel@6@@ATL@@@ATL@@QAE@PAX@Z 10003d2b f i BumpBar.obj
 0001:00002d59       ??0?$CComObject@V?$CComEnum@UIEnumConnections@@$1?_GUID_b196b287_bab4_101a_b69c_00aa00341d07@@3U__s_GUID@@BUtagCONNECTDATA@@V?$_Copy@UtagCONNECTDATA@@@ATL@@VCComSingleThreadModel@6@@ATL@@@ATL@@QAE@PAX@Z 10003d59 f i BumpBar.obj
 0001:00002d87       ??0?$CComObject@VCOPOSBumpBar@@@ATL@@QAE@PAX@Z 10003d87 f i BumpBar.obj
 0001:00002e3e       ??0?$CComQIPtr@UIOleControlSite@@$1?_GUID_b196b289_bab4_101a_b69c_00aa00341d07@@3U__s_GUID@@B@ATL@@QAE@PAUIUnknown@@@Z 10003e3e f i BumpBar.obj
 0001:00002e67       ??0CAtlModule@ATL@@QAE@XZ  10003e67 f i BumpBar.obj
 0001:00002ea8       ??0CParseBuffer@CRegParser@ATL@@QAE@H@Z 10003ea8 f i BumpBar.obj
 0001:00002ede       ??0_ATL_MSG@ATL@@QAE@PAUHWND__@@IIJH@Z 10003ede f i BumpBar.obj
 0001:00002f16       ??1?$CComAggObject@VCOPOSBumpBar@@@ATL@@UAE@XZ 10003f16 f i BumpBar.obj
 0001:00002f3a       ??1?$CComEnumImpl@UIEnumConnectionPoints@@$1?_GUID_b196b285_bab4_101a_b69c_00aa00341d07@@3U__s_GUID@@BPAUIConnectionPoint@@V?$_CopyInterface@UIConnectionPoint@@@ATL@@@ATL@@UAE@XZ 10003f3a f i BumpBar.obj
 0001:00002f7a       ??1?$CComEnumImpl@UIEnumConnections@@$1?_GUID_b196b287_bab4_101a_b69c_00aa00341d07@@3U__s_GUID@@BUtagCONNECTDATA@@V?$_Copy@UtagCONNECTDATA@@@ATL@@@ATL@@UAE@XZ 10003f7a f i BumpBar.obj
 0001:00002fba       ??1?$CComObject@V?$CComEnum@UIEnumConnectionPoints@@$1?_GUID_b196b285_bab4_101a_b69c_00aa00341d07@@3U__s_GUID@@BPAUIConnectionPoint@@V?$_CopyInterface@UIConnectionPoint@@@ATL@@VCComSingleThreadModel@6@@ATL@@@ATL@@UAE@XZ 10003fba f i BumpBar.obj
 0001:00002fdd       ??1?$CComObject@V?$CComEnum@UIEnumConnections@@$1?_GUID_b196b287_bab4_101a_b69c_00aa00341d07@@3U__s_GUID@@BUtagCONNECTDATA@@V?$_Copy@UtagCONNECTDATA@@@ATL@@VCComSingleThreadModel@6@@ATL@@@ATL@@UAE@XZ 10003fdd f i BumpBar.obj
 0001:00003000       ??1?$CComObject@VCOPOSBumpBar@@@ATL@@UAE@XZ 10004000 f i BumpBar.obj
 0001:000030be       ??1?$CComObjectCached@VCComClassFactory@ATL@@@ATL@@UAE@XZ 100040be f i BumpBar.obj
 0001:000030d4       ??1?$CComObjectRootEx@VCComMultiThreadModel@ATL@@@ATL@@QAE@XZ 100040d4 f i BumpBar.obj
 0001:000030e9       ??1CRegObject@ATL@@UAE@XZ  100040e9 f i BumpBar.obj
 0001:00003109       ??4?$CComPtr@UIOleClientSite@@@ATL@@QAEPAUIOleClientSite@@PAU2@@Z 10004109 f i BumpBar.obj
 0001:00003109       ??4?$CComPtr@UIUnknown@@@ATL@@QAEPAUIUnknown@@PAU2@@Z 10004109 f i BumpBar.obj
 0001:00003109       ??4?$CComPtr@UIAdviseSink@@@ATL@@QAEPAUIAdviseSink@@PAU2@@Z 10004109 f i BumpBar.obj
 0001:0000313d       ??_E?$CComContainedObject@VCOPOSBumpBar@@@ATL@@UAEPAXI@Z 1000413d f i BumpBar.obj
 0001:0000313d       ??_G?$CComContainedObject@VCOPOSBumpBar@@@ATL@@UAEPAXI@Z 1000413d f i BumpBar.obj
 0001:00003162       ??_G?$CComObject@VCOPOSBumpBar@@@ATL@@UAEPAXI@Z 10004162 f i BumpBar.obj
 0001:00003162       ??_E?$CComObject@VCOPOSBumpBar@@@ATL@@UAEPAXI@Z 10004162 f i BumpBar.obj
 0001:00003187       ?Add@?$CSimpleArray@GV?$CSimpleArrayEqualHelper@G@ATL@@@ATL@@QAEHABG@Z 10004187 f i BumpBar.obj
 0001:0000320b       ?Add@?$CSimpleMap@PA_WPA_WVCExpansionVectorEqualHelper@ATL@@@ATL@@QAEHABQA_W0@Z 1000420b f i BumpBar.obj
 0001:00003260       ?Add@CComDynamicUnkArray@ATL@@QAEKPAUIUnknown@@@Z 10004260 f i BumpBar.obj
 0001:00003316       ?Add@CExpansionVector@ATL@@QAEHPB_W0@Z 10004316 f i BumpBar.obj
 0001:0000341f       ?AddString@CParseBuffer@CRegParser@ATL@@QAEHPB_W@Z 1000441f f i BumpBar.obj
 0001:00003454       ?AddTermFunc@CAtlModule@ATL@@QAEJP6GXK@ZK@Z 10004454 f i BumpBar.obj
 0001:000034b7       ?AddValue@CRegParser@ATL@@IAEJAAVCRegKey@2@PB_WPA_W@Z 100044b7 f i BumpBar.obj
 0001:000037d1       ?Allocate@?$CAtlSafeAllocBufferManager@VCCRTAllocator@ATL@@@_ATL_SAFE_ALLOCA_IMPL@ATL@@QAEPAXK@Z 100047d1 f i BumpBar.obj
 0001:000037fe       ?Allocate@?$CTempBuffer@E$0BAA@VCCRTAllocator@ATL@@@ATL@@QAEPAEI@Z 100047fe f i BumpBar.obj
 0001:0000382d       ?Allocate@?$CTempBuffer@_W$0BAA@VCCRTAllocator@ATL@@@ATL@@QAEPA_WI@Z 1000482d f i BumpBar.obj
 0001:0000385c       ?Allocate@?$CTempBuffer@_W$0EAA@VCCRTAllocator@ATL@@@ATL@@QAEPA_WI@Z 1000485c f i BumpBar.obj
 0001:0000388b       ?AllocateHeap@?$CTempBuffer@_W$0BAA@VCCRTAllocator@ATL@@@ATL@@AAEXI@Z 1000488b f i BumpBar.obj
 0001:0000388b       ?AllocateHeap@?$CTempBuffer@E$0BAA@VCCRTAllocator@ATL@@@ATL@@AAEXI@Z 1000488b f i BumpBar.obj
 0001:0000388b       ?AllocateHeap@?$CTempBuffer@_W$0EAA@VCCRTAllocator@ATL@@@ATL@@AAEXI@Z 1000488b f i BumpBar.obj
 0001:000038b0       ?Append@CParseBuffer@CRegParser@ATL@@QAEHPB_WH@Z 100048b0 f i BumpBar.obj
 0001:0000393e       ?AtlCoTaskMemCAlloc@ATL@@YAPAXKK@Z 1000493e f i BumpBar.obj
 0001:0000396b       ?AtlCoTaskMemRecalloc@ATL@@YAPAXPAXKK@Z 1000496b f i BumpBar.obj
 0001:0000399b       ?AtlComModuleGetClassObject@ATL@@YGJPAU_ATL_COM_MODULE70@1@ABU_GUID@@1PAPAX@Z 1000499b f i BumpBar.obj
 0001:00003a8e       ?AtlComModuleRegisterServer@ATL@@YGJPAU_ATL_COM_MODULE70@1@HPBU_GUID@@@Z 10004a8e f i BumpBar.obj
 0001:00003b16       ?AtlComModuleUnregisterServer@ATL@@YGJPAU_ATL_COM_MODULE70@1@HPBU_GUID@@@Z 10004b16 f i BumpBar.obj
 0001:00003b9e       ?AtlComQIPtrAssign2@ATL@@YAXPAPAUIUnknown@@PAU2@ABU_GUID@@@Z 10004b9e f i BumpBar.obj
 0001:00003bcd       ?AtlCreateTargetDC@ATL@@YGPAUHDC__@@PAU2@PAUtagDVTARGETDEVICE@@@Z 10004bcd f i BumpBar.obj
 0001:00003c36       ?AtlCrtErrorCheck@ATL@@YAHH@Z 10004c36 f i BumpBar.obj
 0001:00003c71       ?AtlHiMetricToPixel@ATL@@YGXPBUtagSIZE@@PAU2@@Z 10004c71 f i BumpBar.obj
 0001:00003ce6       ?AtlHresultFromLastError@ATL@@YAJXZ 10004ce6 f i BumpBar.obj
 0001:00003cfd       ?AtlHresultFromWin32@ATL@@YAJK@Z 10004cfd f i BumpBar.obj
 0001:00003d12       ?AtlInternalOleLoadFromStream@ATL@@YAJPAUIStream@@ABU_GUID@@PAPAXTClassesAllowedInStream@1@K@Z 10004d12 f i BumpBar.obj
 0001:00003e38       ?AtlInternalQueryInterface@ATL@@YGJPAXPBU_ATL_INTMAP_ENTRY@1@ABU_GUID@@PAPAX@Z 10004e38 f i BumpBar.obj
 0001:00003edb       ?AtlLoadTypeLib@ATL@@YGJPAUHINSTANCE__@@PB_WPAPA_WPAPAUITypeLib@@@Z 10004edb f i BumpBar.obj
 0001:000040b9       ?AtlRegisterClassCategoriesHelper@ATL@@YGJABU_GUID@@PBU_ATL_CATMAP_ENTRY@1@H@Z 100050b9 f i BumpBar.obj
 0001:000043b5       ?AtlRegisterTypeLib@ATL@@YGJPAUHINSTANCE__@@PB_W@Z 100053b5 f i BumpBar.obj
 0001:0000453d       ?AtlThrowImpl@ATL@@YGXJ@Z  1000553d f i BumpBar.obj
 0001:0000455b       ?AtlUnRegisterTypeLib@ATL@@YGJPAUHINSTANCE__@@PB_W@Z 1000555b f i BumpBar.obj
 0001:00004606       ?AtlWinModuleAddCreateWndData@ATL@@YGXPAU_ATL_WIN_MODULE70@1@PAU_AtlCreateWndData@1@PAX@Z 10005606 f i BumpBar.obj
 0001:0000465a       ?AtlWinModuleExtractCreateWndData@ATL@@YGPAXPAU_ATL_WIN_MODULE70@1@@Z 1000565a f i BumpBar.obj
 0001:000046bd       ?AtlWinModuleRegisterClassExW@ATL@@YGGPAU_ATL_WIN_MODULE70@1@PBUtagWNDCLASSEXW@@@Z 100056bd f i BumpBar.obj
 0001:000046fc       ?CanForceRemoveKey@CRegParser@ATL@@IAEHPB_W@Z 100056fc f i BumpBar.obj
 0001:0000472b       ?ChToByte@CRegParser@ATL@@KAE_W@Z 1000572b f i BumpBar.obj
 0001:0000475e       ?Cleanup@CComTypeInfoHolder@ATL@@SGXK@Z 1000575e f i BumpBar.obj
 0001:00004791       ?ClearReplacements@CExpansionVector@ATL@@QAEJXZ 10005791 f i BumpBar.obj
 0001:000047ce       ?Close@CRegKey@ATL@@QAEJXZ 100057ce f i BumpBar.obj
 0001:000047e8       ?CreateInstance@?$CComCreator@V?$CComAggObject@VCOPOSBumpBar@@@ATL@@@ATL@@SGJPAXABU_GUID@@PAPAX@Z 100057e8 f i BumpBar.obj
 0001:0000485e       ?CreateInstance@?$CComCreator@V?$CComObject@VCOPOSBumpBar@@@ATL@@@ATL@@SGJPAXABU_GUID@@PAPAX@Z 1000585e f i BumpBar.obj
 0001:000048df       ?CreateInstance@?$CComObject@V?$CComEnum@UIEnumConnectionPoints@@$1?_GUID_b196b285_bab4_101a_b69c_00aa00341d07@@3U__s_GUID@@BPAUIConnectionPoint@@V?$_CopyInterface@UIConnectionPoint@@@ATL@@VCComSingleThreadModel@6@@ATL@@@ATL@@SGJPAPAV12@@Z 100058df f i BumpBar.obj
 0001:00004926       ?CreateInstance@?$CComObject@V?$CComEnum@UIEnumConnections@@$1?_GUID_b196b287_bab4_101a_b69c_00aa00341d07@@3U__s_GUID@@BUtagCONNECTDATA@@V?$_Copy@UtagCONNECTDATA@@@ATL@@VCComSingleThreadModel@6@@ATL@@@ATL@@SGJPAPAV12@@Z 10005926 f i BumpBar.obj
 0001:0000496d       ?DefaultReflectionHandler@?$CWindowImplRoot@VCWindow@ATL@@@ATL@@SAHPAUHWND__@@IIJAAJ@Z 1000596d f i BumpBar.obj
 0001:000049e0       ?DeleteSubKey@CRegKey@ATL@@QAEJPB_W@Z 100059e0 f i BumpBar.obj
 0001:00004a59       ?DoEvent@COPOSBumpBar@@IAEXIIJ@Z 10005a59 f i BumpBar.obj
 0001:00004ad9       ?DoVerbHide@?$IOleObjectImpl@VCOPOSBumpBar@@@ATL@@QAEJPBUtagRECT@@PAUHWND__@@@Z 10005ad9 f i BumpBar.obj
 0001:00004b0f       ?DoVerbInPlaceActivate@?$IOleObjectImpl@VCOPOSBumpBar@@@ATL@@QAEJPBUtagRECT@@PAUHWND__@@@Z 10005b0f f i BumpBar.obj
 0001:00004b42       ?DoVerbPrimary@?$IOleObjectImpl@VCOPOSBumpBar@@@ATL@@QAEJPBUtagRECT@@PAUHWND__@@@Z 10005b42 f i BumpBar.obj
 0001:00004bce       ?DoVerbProperties@CComControlBase@ATL@@QAEJPBUtagRECT@@PAUHWND__@@@Z 10005bce f i BumpBar.obj
 0001:00004d4d       ?DoVerbUIActivate@?$IOleObjectImpl@VCOPOSBumpBar@@@ATL@@QAEJPBUtagRECT@@PAUHWND__@@@Z 10005d4d f i BumpBar.obj
 0001:00004d8a       ?DoesVerbActivate@CComControlBase@ATL@@QAEHJ@Z 10005d8a f i BumpBar.obj
 0001:00004dab       ?DoesVerbUIActivate@CComControlBase@ATL@@QAEHJ@Z 10005dab f i BumpBar.obj
 0001:00004de0       ?EndOfVar@CRegParser@ATL@@IAEHXZ 10005de0 f i BumpBar.obj
 0001:00004e00       ?EscapeSingleQuote@CAtlModule@ATL@@SAXPA_WIPB_W@Z 10005e00 f i BumpBar.obj
 0001:00004e4f       ?FindKey@?$CSimpleMap@PA_WPA_WVCExpansionVectorEqualHelper@ATL@@@ATL@@QBEHABQA_W@Z 10005e4f f i BumpBar.obj
 0001:00004e86       ?FireTheEvent@?$CProxy_IOPOSEvents@VCOPOSBumpBar@@@@IAEXPAVOposVariant@@IAAJPB_WJ@Z 10005e86 f i BumpBar.obj
 0001:00004f18       ?FireViewChange@CComControlBase@ATL@@QAEJXZ 10005f18 f i BumpBar.obj
 0001:00004f61       ?Fire_DataEvent@?$CProxy_IOPOSEvents@VCOPOSBumpBar@@@@QAEXJ@Z 10005f61 f i BumpBar.obj
 0001:00004ff4       ?Fire_DirectIOEvent@?$CProxy_IOPOSEvents@VCOPOSBumpBar@@@@QAEXJPAJPAPA_W@Z 10005ff4 f i BumpBar.obj
 0001:000050dd       ?Fire_ErrorEvent@?$CProxy_IOPOSEvents@VCOPOSBumpBar@@@@QAEXJJJPAJ@Z 100060dd f i BumpBar.obj
 0001:000051c7       ?Fire_OutputCompleteEvent@?$CProxy_IOPOSEvents@VCOPOSBumpBar@@@@QAEXJ@Z 100061c7 f i BumpBar.obj
 0001:0000525a       ?Fire_StatusUpdateEvent@?$CProxy_IOPOSEvents@VCOPOSBumpBar@@@@QAEXJ@Z 1000625a f i BumpBar.obj
 0001:000052ed       ?FreeHeap@?$CTempBuffer@_W$0BAA@VCCRTAllocator@ATL@@@ATL@@AAEXXZ 100062ed f i BumpBar.obj
 0001:000052ed       ?FreeHeap@?$CTempBuffer@_W$0EAA@VCCRTAllocator@ATL@@@ATL@@AAEXXZ 100062ed f i BumpBar.obj
 0001:000052ed       ?FreeHeap@?$CTempBuffer@E$0BAA@VCCRTAllocator@ATL@@@ATL@@AAEXXZ 100062ed f i BumpBar.obj
 0001:000052f6       ?GetAmbientLocaleID@CComControlBase@ATL@@QAEJAAK@Z 100062f6 f i BumpBar.obj
 0001:00005352       ?GetAmbientUserMode@CComControlBase@ATL@@QAEJAAH@Z 10006352 f i BumpBar.obj
 0001:000053c2       ?GetAt@CComDynamicUnkArray@ATL@@QAEPAUIUnknown@@H@Z 100063c2 f i BumpBar.obj
 0001:000053de       ?GetClassObject@CComModule@ATL@@QAEJABU_GUID@@0PAPAX@Z 100063de f i BumpBar.obj
 0001:00005480       ?GetConnMap@COPOSBumpBar@@SAPBU_ATL_CONNMAP_ENTRY@ATL@@PAH@Z 10006480 f i BumpBar.obj
 0001:000054f0       ?GetCookie@CComDynamicUnkArray@ATL@@QAGKPAPAUIUnknown@@@Z 100064f0 f i BumpBar.obj
 0001:00005528       ?GetIDsOfNames@CComTypeInfoHolder@ATL@@QAEJABU_GUID@@PAPA_WIKPAJ@Z 10006528 f i BumpBar.obj
 0001:0000564f       ?GetKeyAt@?$CSimpleMap@PA_WPA_WVCExpansionVectorEqualHelper@ATL@@@ATL@@QBEAAPA_WH@Z 1000664f f i BumpBar.obj
 0001:00005674       ?GetPagesHelper@?$ISpecifyPropertyPagesImpl@VCOPOSBumpBar@@@ATL@@IAEJPAUtagCAUUID@@PBUATL_PROPMAP_ENTRY@2@@Z 10006674 f i BumpBar.obj
 0001:0000579b       ?GetProperty@?$CComPtr@UIDispatch@@@ATL@@SAJPAUIDispatch@@JPAUtagVARIANT@@@Z 1000679b f i BumpBar.obj
 0001:000057ea       ?GetSizeMax@CComVariant@ATL@@QBEJPAT_ULARGE_INTEGER@@@Z 100067ea f i BumpBar.obj
 0001:000059b0       ?GetTI@CComTypeInfoHolder@ATL@@QAEJK@Z 100069b0 f i BumpBar.obj
 0001:00005b8f       ?GetTI@CComTypeInfoHolder@ATL@@QAEJKPAPAUITypeInfo@@@Z 10006b8f f i BumpBar.obj
 0001:00005bd1       ?GetUnknown@CComDynamicUnkArray@ATL@@QAGPAUIUnknown@@K@Z 10006bd1 f i BumpBar.obj
 0001:00005bf2       ?GetValueAt@?$CSimpleMap@PA_WPA_WVCExpansionVectorEqualHelper@ATL@@@ATL@@QBEAAPA_WH@Z 10006bf2 f i BumpBar.obj
 0001:00005c18       ?GetZoomInfo@CComControlBase@ATL@@QAEXAAUATL_DRAWINFO@@@Z 10006c18 f i BumpBar.obj
 0001:00005cab       ?HKeyFromString@CRegParser@ATL@@KAPAUHKEY__@@PA_W@Z 10006cab f i BumpBar.obj
 0001:00005cd9       ?HasSubKeys@CRegParser@ATL@@IAEHPAUHKEY__@@@Z 10006cd9 f i BumpBar.obj
 0001:00005d0e       ?IDataObject_GetData@CComControlBase@ATL@@QAEJPAUtagFORMATETC@@PAUtagSTGMEDIUM@@@Z 10006d0e f i BumpBar.obj
 0001:00005eb4       ?IOleInPlaceObject_InPlaceDeactivate@CComControlBase@ATL@@QAEJXZ 10006eb4 f i BumpBar.obj
 0001:00005f3b       ?IOleInPlaceObject_SetObjectRects@CComControlBase@ATL@@QAEJPBUtagRECT@@0@Z 10006f3b f i BumpBar.obj
 0001:00006008       ?IOleInPlaceObject_UIDeactivate@CComControlBase@ATL@@QAEJXZ 10007008 f i BumpBar.obj
 0001:000060ca       ?IOleObject_Advise@CComControlBase@ATL@@QAEJPAUIAdviseSink@@PAK@Z 100070ca f i BumpBar.obj
 0001:000060f4       ?IOleObject_Close@CComControlBase@ATL@@QAEJK@Z 100070f4 f i BumpBar.obj
 0001:000061d8       ?IOleObject_GetClientSite@CComControlBase@ATL@@QAEJPAPAUIOleClientSite@@@Z 100071d8 f i BumpBar.obj
 0001:00006201       ?IOleObject_SetClientSite@CComControlBase@ATL@@QAEJPAUIOleClientSite@@@Z 10007201 f i BumpBar.obj
 0001:00006240       ?IOleObject_SetExtent@CComControlBase@ATL@@QAEJKPAUtagSIZE@@@Z 10007240 f i BumpBar.obj
 0001:000062f4       ?IPSI_GetIPersistStreamInit@?$IPersistStorageImpl@VCOPOSBumpBar@@@ATL@@AAEPAUIPersistStreamInit@@XZ 100072f4 f i BumpBar.obj
 0001:0000639c       ?IPersistStreamInit_Load@?$IPersistStreamInitImpl@VCOPOSBumpBar@@@ATL@@QAEJPAUIStream@@PBUATL_PROPMAP_ENTRY@2@@Z 1000739c f i BumpBar.obj
 0001:00006618       ?IPersistStreamInit_Save@?$IPersistStreamInitImpl@VCOPOSBumpBar@@@ATL@@QAEJPAUIStream@@HPBUATL_PROPMAP_ENTRY@2@@Z 10007618 f i BumpBar.obj
 0001:00006806       ?IQuickActivate_QuickActivate@CComControlBase@ATL@@QAEJPAUtagQACONTAINER@@PAUtagQACONTROL@@@Z 10007806 f i BumpBar.obj
 0001:00006a48       ?IViewObject_Draw@CComControlBase@ATL@@QAEJKJPAXPAUtagDVTARGETDEVICE@@PAUHDC__@@2PBU_RECTL@@3@Z 10007a48 f i BumpBar.obj
 0001:00006af0       ?InPlaceActivate@CComControlBase@ATL@@QAEJJPBUtagRECT@@@Z 10007af0 f i BumpBar.obj
 0001:00006d61       ?Init@?$CComEnumImpl@UIEnumConnectionPoints@@$1?_GUID_b196b285_bab4_101a_b69c_00aa00341d07@@3U__s_GUID@@BPAUIConnectionPoint@@V?$_CopyInterface@UIConnectionPoint@@@ATL@@@ATL@@QAEJPAPAUIConnectionPoint@@0PAUIUnknown@@W4CComEnumFlags@2@@Z 10007d61 f i BumpBar.obj
 0001:00006e40       ?Init@?$CComEnumImpl@UIEnumConnections@@$1?_GUID_b196b287_bab4_101a_b69c_00aa00341d07@@3U__s_GUID@@BUtagCONNECTDATA@@V?$_Copy@UtagCONNECTDATA@@@ATL@@@ATL@@QAEJPAUtagCONNECTDATA@@0PAUIUnknown@@W4CComEnumFlags@2@@Z 10007e40 f i BumpBar.obj
 0001:00006f1f       ?Init@CComModule@ATL@@QAEJPAU_ATL_OBJMAP_ENTRY30@2@PAUHINSTANCE__@@PBU_GUID@@@Z 10007f1f f i BumpBar.obj
 0001:00006f7e       ?Init@CDynamicStdCallThunk2@ATL@@QAEHKPAX@Z 10007f7e f i BumpBar.obj
 0001:00006fa9       ?InlineIsEqualUnknown@ATL@@YGHABU_GUID@@@Z 10007fa9 f i BumpBar.obj
 0001:00006fd1       ?InternalSetAtIndex@?$CSimpleMap@PA_WPA_WVCExpansionVectorEqualHelper@ATL@@@ATL@@QAEXHABQA_W0@Z 10007fd1 f i BumpBar.obj
 0001:00006ffb       ?Invoke@CComTypeInfoHolder@ATL@@QAEJPAUIDispatch@@JABU_GUID@@KGPAUtagDISPPARAMS@@PAUtagVARIANT@@PAUtagEXCEPINFO@@PAI@Z 10007ffb f i BumpBar.obj
 0001:0000703e       ?IsEqualObject@?$CComPtrBase@UIOleClientSite@@@ATL@@QAE_NPAUIUnknown@@@Z 1000803e f i BumpBar.obj
 0001:0000703e       ?IsEqualObject@?$CComPtrBase@UITypeInfo@@@ATL@@QAE_NPAUIUnknown@@@Z 1000803e f i BumpBar.obj
 0001:000070ab       ?IsSpace@CRegParser@ATL@@IAEH_W@Z 100080ab f i BumpBar.obj
 0001:000070d5       ?LoadNameCache@CComTypeInfoHolder@ATL@@QAEJPAUITypeInfo@@@Z 100080d5 f i BumpBar.obj
 0001:00007221       ?Lookup@?$CSimpleMap@PA_WPA_WVCExpansionVectorEqualHelper@ATL@@@ATL@@QBEPA_WABQA_W@Z 10008221 f i BumpBar.obj
 0001:00007247       ?NextToken@CRegParser@ATL@@IAEJPA_W@Z 10008247 f i BumpBar.obj
 0001:0000737f       ?OnKillFocus@CComControlBase@ATL@@QAEJIIJAAH@Z 1000837f f i BumpBar.obj
 0001:000073da       ?OnMouseActivate@CComControlBase@ATL@@QAEJIIJAAH@Z 100083da f i BumpBar.obj
 0001:00007448       ?OnPaint@CComControlBase@ATL@@QAEJIIJAAH@Z 10008448 f i BumpBar.obj
 0001:000074fa       ?OnSetFocus@CComControlBase@ATL@@QAEJIIJAAH@Z 100084fa f i BumpBar.obj
 0001:00007583       ?Open@CRegKey@ATL@@QAEJPAUHKEY__@@PB_WK@Z 10008583 f i BumpBar.obj
 0001:000075d8       ?PreProcessBuffer@CRegParser@ATL@@QAEJPA_WPAPA_W@Z 100085d8 f i BumpBar.obj
 0001:00007842       ?ProcessWindowMessage@?$CComControl@VCOPOSBumpBar@@V?$CWindowImpl@VCOPOSBumpBar@@VCWindow@ATL@@V?$CWinTraits@$0FGAAAAAA@$0A@@3@@ATL@@@ATL@@UAEHPAUHWND__@@IIJAAJK@Z 10008842 f i BumpBar.obj
 0001:000078e1       ?ReadFromStream@CComBSTR@ATL@@QAEJPAUIStream@@@Z 100088e1 f i BumpBar.obj
 0001:00007a0f       ?ReadFromStream@CComVariant@ATL@@QAEJPAUIStream@@GTClassesAllowedInStream@2@K@Z 10008a0f f i BumpBar.obj
 0001:00007b95       ?RecurseDeleteKey@CRegKey@ATL@@QAEJPB_W@Z 10008b95 f i BumpBar.obj
 0001:00007c83       ?RegCreateKeyExW@CAtlTransactionManager@ATL@@QAEJPAUHKEY__@@PB_WKPA_WKKQAU_SECURITY_ATTRIBUTES@@PAPAU3@PAK@Z 10008c83 f i BumpBar.obj
 0001:00007ce6       ?RegDeleteKeyW@CAtlTransactionManager@ATL@@QAEJPAUHKEY__@@PB_W@Z 10008ce6 f i BumpBar.obj
 0001:00007d38       ?RegOpenKeyExW@CAtlTransactionManager@ATL@@QAEJPAUHKEY__@@PB_WKKPAPAU3@@Z 10008d38 f i BumpBar.obj
 0001:00007d8f       ?Register@_ATL_WNDCLASSINFOW@ATL@@QAEGPAP6GJPAUHWND__@@IIJ@Z@Z 10008d8f f i BumpBar.obj
 0001:00007daf       ?RegisterBuffer@CRegParser@ATL@@QAEJPA_WH@Z 10008daf f i BumpBar.obj
 0001:00007ee8       ?RegisterFromResource@CRegObject@ATL@@IAEJPB_W00H@Z 10008ee8 f i BumpBar.obj
 0001:0000801e       ?RegisterServer@?$CAtlModuleT@VCComModule@ATL@@@ATL@@QAEJHPBU_GUID@@@Z 1000901e f i BumpBar.obj
 0001:0000804c       ?RegisterServer@CComModule@ATL@@QAEJHPBU_GUID@@@Z 1000904c f i BumpBar.obj
 0001:000080c2       ?RegisterSubkeys@CRegParser@ATL@@IAEJPA_WPAUHKEY__@@HH@Z 100090c2 f i BumpBar.obj
 0001:00008769       ?Remove@CComDynamicUnkArray@ATL@@QAEHK@Z 10009769 f i BumpBar.obj
 0001:00008792       ?RemoveAll@?$CSimpleMap@PA_WPA_WVCExpansionVectorEqualHelper@ATL@@@ATL@@QAEXXZ 10009792 f i BumpBar.obj
 0001:000087be       ?ResourceRegisterSz@CRegObject@ATL@@QAGJPB_W00@Z 100097be f i BumpBar.obj
 0001:000087eb       ?ResourceUnregisterSz@CRegObject@ATL@@QAGJPB_W00@Z 100097eb f i BumpBar.obj
 0001:00008818       ?SendOnDataChange@CComControlBase@ATL@@QAEJK@Z 10009818 f i BumpBar.obj
 0001:00008865       ?SetControlFocus@CComControlBase@ATL@@QAEHH@Z 10009865 f i BumpBar.obj
 0001:00008902       ?SetMultiStringValue@CRegKey@ATL@@QAEJPB_W0@Z 10009902 f i BumpBar.obj
 0001:0000895e       ?SetStringValue@CRegKey@ATL@@QAEJPB_W0K@Z 1000995e f i BumpBar.obj
 0001:000089a7       ?SkipAssignment@CRegParser@ATL@@IAEJPA_W@Z 100099a7 f i BumpBar.obj
 0001:00008a0c       ?SkipWhiteSpace@CRegParser@ATL@@IAEXXZ 10009a0c f i BumpBar.obj
 0001:00008a2e       ?StrChrW@CRegParser@ATL@@KAPA_WPA_W_W@Z 10009a2e f i BumpBar.obj
 0001:00008a6b       ?Term@CAtlModule@ATL@@QAEXXZ 10009a6b f i BumpBar.obj
 0001:00008abe       ?Term@CComModule@ATL@@QAEXXZ 10009abe f i BumpBar.obj
 0001:00008b16       ?UnregisterServer@?$CAtlModuleT@VCComModule@ATL@@@ATL@@QAEJHPBU_GUID@@@Z 10009b16 f i BumpBar.obj
 0001:00008b3c       ?UnregisterServer@CComModule@ATL@@QAEJHPBU_GUID@@@Z 10009b3c f i BumpBar.obj
 0001:00008bb2       ?UpdateRegistryFromResource@CAtlModule@ATL@@QAGJIHPAU_ATL_REGMAP_ENTRY@2@@Z 10009bb2 f i BumpBar.obj
 0001:00008d7d       ?UpdateRegistryFromResource@CAtlModule@ATL@@QAGJPB_WHPAU_ATL_REGMAP_ENTRY@2@@Z 10009d7d f i BumpBar.obj
 0001:00008f4e       ?VTFromRegType@CRegParser@ATL@@KAHPB_WAAG@Z 10009f4e f i BumpBar.obj
 0001:00008fbb       ?WindowProc@?$CWindowImplBaseT@VCWindow@ATL@@V?$CWinTraits@$0FGAAAAAA@$0A@@2@@ATL@@SGJPAUHWND__@@IIJ@Z 10009fbb f i BumpBar.obj
 0001:000090ad       ?WriteToStream@CComBSTR@ATL@@QAEJPAUIStream@@@Z 1000a0ad f i BumpBar.obj
 0001:0000910f       ?WriteToStream@CComVariant@ATL@@QAEJPAUIStream@@@Z 1000a10f f i BumpBar.obj
 0001:00009289       ?WriteToStream@CComVariant@ATL@@QAEJPAUIStream@@G@Z 1000a289 f i BumpBar.obj
 0001:000092f2       ?_AtlInitialConstruct@?$CComObjectRootEx@VCComMultiThreadModel@ATL@@@ATL@@QAEJXZ 1000a2f2 f i BumpBar.obj
 0001:00009307       ?_AtlVerifyStackAvailable@_ATL_SAFE_ALLOCA_IMPL@ATL@@YA_NK@Z 1000a307 f i BumpBar.obj
 0001:00009385       ?atlCreate@?$CWindowImpl@VCOPOSBumpBar@@VCWindow@ATL@@V?$CWinTraits@$0FGAAAAAA@$0A@@3@@ATL@@QAEPAUHWND__@@PAU3@V_U_RECT@2@PB_WKKV_U_MENUorID@2@PAX@Z 1000a385 f i BumpBar.obj
 0001:000093c9       ?atlCreate@?$CWindowImplBaseT@VCWindow@ATL@@V?$CWinTraits@$0FGAAAAAA@$0A@@2@@ATL@@QAEPAUHWND__@@PAU3@V_U_RECT@2@PB_WKKV_U_MENUorID@2@GPAX@Z 1000a3c9 f i BumpBar.obj
 0001:00009465       ?copy@?$_Copy@UtagCONNECTDATA@@@ATL@@SAJPAUtagCONNECTDATA@@PBU3@@Z 1000a465 f i BumpBar.obj
 0001:0000949b       ?copy@?$_CopyInterface@UIConnectionPoint@@@ATL@@SAJPAPAUIConnectionPoint@@PBQAU3@@Z 1000a49b f i BumpBar.obj
 0001:000094c9       ?memcpy_s@Checked@ATL@@YAXPAXIPBXI@Z 1000a4c9 f i BumpBar.obj
 0001:000094e8       ?ocscpy_s@@YA_NPA_WIPB_W@Z 1000a4e8 f i BumpBar.obj
 0001:00009532       ?wcscpy_s@Checked@ATL@@YAXPA_WIPB_W@Z 1000a532 f i BumpBar.obj
 0001:0000954e       _DllCanUnloadNow@0         1000a54e f   BumpBar.obj
 0001:0000955a       _DllGetClassObject@12      1000a55a f   BumpBar.obj
 0001:00009568       _DllMain@12                1000a568 f   BumpBar.obj
 0001:000095aa       _DllRegisterServer@0       1000a5aa f   BumpBar.obj
 0001:000095b9       _DllUnregisterServer@0     1000a5b9 f   BumpBar.obj
 0001:000095c8       _InlineIsEqualGUID         1000a5c8 f i BumpBar.obj
 0001:000095f8       ___local_stdio_printf_options 1000a5f8 f i BumpBar.obj
 0001:000095fe       __vswprintf_s_l            1000a5fe f i BumpBar.obj
 0001:000096ab       _swprintf_s                1000a6ab f i BumpBar.obj
 0001:000096c7       ??0?$CComControl@VCOPOSBumpBar@@V?$CWindowImpl@VCOPOSBumpBar@@VCWindow@ATL@@V?$CWinTraits@$0FGAAAAAA@$0A@@3@@ATL@@@ATL@@QAE@XZ 1000a6c7 f i BumpBarImpl.obj
 0001:000096ee       ??0?$CProxy_IOPOSEvents@VCOPOSBumpBar@@@@QAE@XZ 1000a6ee f i BumpBarImpl.obj
 0001:00009711       ??0CComControlBase@ATL@@QAE@AAPAUHWND__@@@Z 1000a711 f i BumpBarImpl.obj
 0001:0000975b       ??0COPOSBumpBar@@QAE@XZ    1000a75b f   BumpBarImpl.obj
 0001:00009791       ??1?$CComControl@VCOPOSBumpBar@@V?$CWindowImpl@VCOPOSBumpBar@@VCWindow@ATL@@V?$CWinTraits@$0FGAAAAAA@$0A@@3@@ATL@@@ATL@@UAE@XZ 1000a791 f i BumpBarImpl.obj
 0001:000097aa       ??1?$IConnectionPointImpl@VCOPOSBumpBar@@$1?DIID__IOPOSBumpBarEvents@@3U_GUID@@BVCComDynamicUnkArray@ATL@@@ATL@@QAE@XZ 1000a7aa f i BumpBarImpl.obj
 0001:000097aa       ??1?$IConnectionPointImpl@VCOPOSBumpBar@@$1?IID_IPropertyNotifySink@@3U_GUID@@BVCComDynamicUnkArray@ATL@@@ATL@@QAE@XZ 1000a7aa f i BumpBarImpl.obj
 0001:000097e7       ??1CComControlBase@ATL@@UAE@XZ 1000a7e7 f i BumpBarImpl.obj
 0001:0000984a       ??1COPOSBumpBar@@UAE@XZ    1000a84a f   BumpBarImpl.obj
 0001:00009892       ?BumpBarSound@COPOSBumpBar@@UAGJJJJJJPAJ@Z 1000a892 f   BumpBarImpl.obj
 0001:0000993e       ?CheckHealth@COPOSBumpBar@@UAGJJPAJ@Z 1000a93e f   BumpBarImpl.obj
 0001:0000998d       ?ClaimDevice@COPOSBumpBar@@UAGJJPAJ@Z 1000a98d f   BumpBarImpl.obj
 0001:00009a02       ?ClearInput@COPOSBumpBar@@UAGJPAJ@Z 1000aa02 f   BumpBarImpl.obj
 0001:00009a1d       ?ClearOutput@COPOSBumpBar@@UAGJPAJ@Z 1000aa1d f   BumpBarImpl.obj
 0001:00009a38       ?Close@COPOSBumpBar@@UAGJPAJ@Z 1000aa38 f   BumpBarImpl.obj
 0001:00009aa6       ?CompareFirmwareVersion@COPOSBumpBar@@UAGJPA_WPAJ1@Z 1000aaa6 f   BumpBarImpl.obj
 0001:00009b26       ?DirectIO@COPOSBumpBar@@UAGJJPAJPAPA_W0@Z 1000ab26 f   BumpBarImpl.obj
 0001:00009bd4       ?DoInvoke@COPOSBumpBar@@IAEJJPAVOposVariant@@IHPAJ_N@Z 1000abd4 f   BumpBarImpl.obj
 0001:00009cb0       ?EventClose@COPOSBumpBar@@IAEXXZ 1000acb0 f i BumpBarImpl.obj
 0001:00009ce3       ?EventInit@COPOSBumpBar@@IAEJXZ 1000ace3 f i BumpBarImpl.obj
 0001:00009daf       ?EventUninit@COPOSBumpBar@@IAEXXZ 1000adaf f i BumpBarImpl.obj
 0001:00009e01       ?EventWindowProc@COPOSBumpBar@@IAGJIIJ@Z 1000ae01 f i BumpBarImpl.obj
 0001:00009eff       ?FinalConstruct@COPOSBumpBar@@QAEJXZ 1000aeff f   BumpBarImpl.obj
 0001:00009f38       ?FireEventCleanup@COPOSBumpBar@@IAEXXZ 1000af38 f i BumpBarImpl.obj
 0001:00009f4e       ?FireEventSetup@COPOSBumpBar@@IAE_NXZ 1000af4e f i BumpBarImpl.obj
 0001:00009f82       ?FreezeEvents@COPOSBumpBar@@MAGJH@Z 1000af82 f   BumpBarImpl.obj
 0001:00009fe2       ?GetOposProp@COPOSBumpBar@@IAEJJPAFJ@Z 1000afe2 f   BumpBarImpl.obj
 0001:0000a005       ?GetOposProp@COPOSBumpBar@@IAEJJPAJJ@Z 1000b005 f   BumpBarImpl.obj
 0001:0000a0d4       ?GetOposProp@COPOSBumpBar@@IAEJJPAPA_WJ@Z 1000b0d4 f   BumpBarImpl.obj
 0001:0000a1b0       ?OnDraw@COPOSBumpBar@@MAEJAAUATL_DRAWINFO@@@Z 1000b1b0 f   BumpBarImpl.obj
 0001:0000a250       ?Open@COPOSBumpBar@@UAGJPA_WPAJ@Z 1000b250 f   BumpBarImpl.obj
 0001:0000aa96       ?ReleaseDevice@COPOSBumpBar@@UAGJPAJ@Z 1000ba96 f   BumpBarImpl.obj
 0001:0000aae5       ?ResetStatistics@COPOSBumpBar@@UAGJPA_WPAJ@Z 1000bae5 f   BumpBarImpl.obj
 0001:0000ab3c       ?RetrieveStatistics@COPOSBumpBar@@UAGJPAPA_WPAJ@Z 1000bb3c f   BumpBarImpl.obj
 0001:0000ab93       ?SOProcessID@COPOSBumpBar@@UAGJPAJ@Z 1000bb93 f   BumpBarImpl.obj
 0001:0000aba7       ?SetCOFreezeEvents@COPOSBumpBar@@IAEXF@Z 1000bba7 f   BumpBarImpl.obj
 0001:0000ac47       ?SetKeyTranslation@COPOSBumpBar@@UAGJJJJPAJ@Z 1000bc47 f   BumpBarImpl.obj
 0001:0000acdd       ?SetOposProp@COPOSBumpBar@@IAEJJJJ@Z 1000bcdd f   BumpBarImpl.obj
 0001:0000add4       ?UpdateFirmware@COPOSBumpBar@@UAGJPA_WPAJ@Z 1000bdd4 f   BumpBarImpl.obj
 0001:0000ae2b       ?UpdateStatistics@COPOSBumpBar@@UAGJPA_WPAJ@Z 1000be2b f   BumpBarImpl.obj
 0001:0000ae82       ?get_AsyncMode@COPOSBumpBar@@UAGJPAF@Z 1000be82 f   BumpBarImpl.obj
 0001:0000ae9b       ?get_AutoToneDuration@COPOSBumpBar@@UAGJPAJ@Z 1000be9b f   BumpBarImpl.obj
 0001:0000aeb4       ?get_AutoToneFrequency@COPOSBumpBar@@UAGJPAJ@Z 1000beb4 f   BumpBarImpl.obj
 0001:0000aecd       ?get_BinaryConversion@COPOSBumpBar@@UAGJPAJ@Z 1000becd f   BumpBarImpl.obj
 0001:0000aee3       ?get_BumpBarDataCount@COPOSBumpBar@@UAGJPAJ@Z 1000bee3 f   BumpBarImpl.obj
 0001:0000aefc       ?get_CapCompareFirmwareVersion@COPOSBumpBar@@UAGJPAF@Z 1000befc f   BumpBarImpl.obj
 0001:0000af15       ?get_CapPowerReporting@COPOSBumpBar@@UAGJPAJ@Z 1000bf15 f   BumpBarImpl.obj
 0001:0000af2e       ?get_CapStatisticsReporting@COPOSBumpBar@@UAGJPAF@Z 1000bf2e f   BumpBarImpl.obj
 0001:0000af47       ?get_CapTone@COPOSBumpBar@@UAGJPAF@Z 1000bf47 f   BumpBarImpl.obj
 0001:0000af60       ?get_CapUpdateFirmware@COPOSBumpBar@@UAGJPAF@Z 1000bf60 f   BumpBarImpl.obj
 0001:0000af79       ?get_CapUpdateStatistics@COPOSBumpBar@@UAGJPAF@Z 1000bf79 f   BumpBarImpl.obj
 0001:0000af92       ?get_CheckHealthText@COPOSBumpBar@@UAGJPAPA_W@Z 1000bf92 f   BumpBarImpl.obj
 0001:0000afab       ?get_Claimed@COPOSBumpBar@@UAGJPAF@Z 1000bfab f   BumpBarImpl.obj
 0001:0000afc1       ?get_ControlObjectDescription@COPOSBumpBar@@UAGJPAPA_W@Z 1000bfc1 f   BumpBarImpl.obj
 0001:0000b00f       ?get_ControlObjectVersion@COPOSBumpBar@@UAGJPAJ@Z 1000c00f f   BumpBarImpl.obj
 0001:0000b022       ?get_CurrentUnitID@COPOSBumpBar@@UAGJPAJ@Z 1000c022 f   BumpBarImpl.obj
 0001:0000b03b       ?get_DataCount@COPOSBumpBar@@UAGJPAJ@Z 1000c03b f   BumpBarImpl.obj
 0001:0000b051       ?get_DataEventEnabled@COPOSBumpBar@@UAGJPAF@Z 1000c051 f   BumpBarImpl.obj
 0001:0000b067       ?get_DeviceDescription@COPOSBumpBar@@UAGJPAPA_W@Z 1000c067 f   BumpBarImpl.obj
 0001:0000b080       ?get_DeviceEnabled@COPOSBumpBar@@UAGJPAF@Z 1000c080 f   BumpBarImpl.obj
 0001:0000b096       ?get_DeviceName@COPOSBumpBar@@UAGJPAPA_W@Z 1000c096 f   BumpBarImpl.obj
 0001:0000b0af       ?get_ErrorString@COPOSBumpBar@@UAGJPAPA_W@Z 1000c0af f   BumpBarImpl.obj
 0001:0000b0c8       ?get_ErrorUnits@COPOSBumpBar@@UAGJPAJ@Z 1000c0c8 f   BumpBarImpl.obj
 0001:0000b0e1       ?get_EventString@COPOSBumpBar@@UAGJPAPA_W@Z 1000c0e1 f   BumpBarImpl.obj
 0001:0000b0fa       ?get_EventUnitID@COPOSBumpBar@@UAGJPAJ@Z 1000c0fa f   BumpBarImpl.obj
 0001:0000b113       ?get_EventUnits@COPOSBumpBar@@UAGJPAJ@Z 1000c113 f   BumpBarImpl.obj
 0001:0000b12c       ?get_FreezeEvents@COPOSBumpBar@@UAGJPAF@Z 1000c12c f   BumpBarImpl.obj
 0001:0000b142       ?get_Keys@COPOSBumpBar@@UAGJPAJ@Z 1000c142 f   BumpBarImpl.obj
 0001:0000b15b       ?get_OpenResult@COPOSBumpBar@@UAGJPAJ@Z 1000c15b f   BumpBarImpl.obj
 0001:0000b172       ?get_OutputID@COPOSBumpBar@@UAGJPAJ@Z 1000c172 f   BumpBarImpl.obj
 0001:0000b188       ?get_PowerNotify@COPOSBumpBar@@UAGJPAJ@Z 1000c188 f   BumpBarImpl.obj
 0001:0000b19e       ?get_PowerState@COPOSBumpBar@@UAGJPAJ@Z 1000c19e f   BumpBarImpl.obj
 0001:0000b1b4       ?get_ResultCode@COPOSBumpBar@@UAGJPAJ@Z 1000c1b4 f   BumpBarImpl.obj
 0001:0000b1f2       ?get_ResultCodeExtended@COPOSBumpBar@@UAGJPAJ@Z 1000c1f2 f   BumpBarImpl.obj
 0001:0000b208       ?get_ServiceObjectDescription@COPOSBumpBar@@UAGJPAPA_W@Z 1000c208 f   BumpBarImpl.obj
 0001:0000b221       ?get_ServiceObjectVersion@COPOSBumpBar@@UAGJPAJ@Z 1000c221 f   BumpBarImpl.obj
 0001:0000b237       ?get_State@COPOSBumpBar@@UAGJPAJ@Z 1000c237 f   BumpBarImpl.obj
 0001:0000b263       ?get_Timeout@COPOSBumpBar@@UAGJPAJ@Z 1000c263 f   BumpBarImpl.obj
 0001:0000b27c       ?get_UnitsOnline@COPOSBumpBar@@UAGJPAJ@Z 1000c27c f   BumpBarImpl.obj
 0001:0000b295       ?put_AsyncMode@COPOSBumpBar@@UAGJF@Z 1000c295 f   BumpBarImpl.obj
 0001:0000b2b5       ?put_AutoToneDuration@COPOSBumpBar@@UAGJJ@Z 1000c2b5 f   BumpBarImpl.obj
 0001:0000b2ce       ?put_AutoToneFrequency@COPOSBumpBar@@UAGJJ@Z 1000c2ce f   BumpBarImpl.obj
 0001:0000b2e7       ?put_BinaryConversion@COPOSBumpBar@@UAGJJ@Z 1000c2e7 f   BumpBarImpl.obj
 0001:0000b2fd       ?put_CurrentUnitID@COPOSBumpBar@@UAGJJ@Z 1000c2fd f   BumpBarImpl.obj
 0001:0000b316       ?put_DataEventEnabled@COPOSBumpBar@@UAGJF@Z 1000c316 f   BumpBarImpl.obj
 0001:0000b333       ?put_DeviceEnabled@COPOSBumpBar@@UAGJF@Z 1000c333 f   BumpBarImpl.obj
 0001:0000b350       ?put_FreezeEvents@COPOSBumpBar@@UAGJF@Z 1000c350 f   BumpBarImpl.obj
 0001:0000b39c       ?put_PowerNotify@COPOSBumpBar@@UAGJJ@Z 1000c39c f   BumpBarImpl.obj
 0001:0000b3b2       ?put_Timeout@COPOSBumpBar@@UAGJJ@Z 1000c3b2 f   BumpBarImpl.obj
 0001:0000b3cb       ?s_EventWindowProc@COPOSBumpBar@@KGJPAUHWND__@@IIJ@Z 1000c3cb f i BumpBarImpl.obj
 0001:0000b41d       ??_U@YAPAXI@Z              1000c41d f   LIBCMT:new_array.obj
 0001:0000b426       ??3@YAXPAXI@Z              1000c426 f   LIBCMT:delete_scalar_size.obj
 0001:0000b434       ??_V@YAXPAX@Z              1000c434 f   LIBCMT:delete_array.obj
 0001:0000b439       ??_V@YAXPAXI@Z             1000c439 f   LIBCMT:delete_array_size.obj
 0001:0000b48b       ___scrt_acquire_startup_lock 1000c48b f   LIBCMT:utility.obj
 0001:0000b4bd       ___scrt_dllmain_after_initialize_c 1000c4bd f   LIBCMT:utility.obj
 0001:0000b4e8       ___scrt_dllmain_before_initialize_c 1000c4e8 f   LIBCMT:utility.obj
 0001:0000b4f6       ___scrt_dllmain_crt_thread_attach 1000c4f6 f   LIBCMT:utility.obj
 0001:0000b515       ___scrt_dllmain_crt_thread_detach 1000c515 f   LIBCMT:utility.obj
 0001:0000b522       ___scrt_dllmain_exception_filter 1000c522 f   LIBCMT:utility.obj
 0001:0000b556       ___scrt_dllmain_uninitialize_c 1000c556 f   LIBCMT:utility.obj
 0001:0000b579       ___scrt_dllmain_uninitialize_critical 1000c579 f   LIBCMT:utility.obj
 0001:0000b586       ___scrt_initialize_crt     1000c586 f   LIBCMT:utility.obj
 0001:0000b5bf       ___scrt_initialize_onexit_tables 1000c5bf f   LIBCMT:utility.obj
 0001:0000b646       ___scrt_is_nonwritable_in_current_image 1000c646 f   LIBCMT:utility.obj
 0001:0000b6da       ___scrt_release_startup_lock 1000c6da f   LIBCMT:utility.obj
 0001:0000b6f7       ___scrt_uninitialize_crt   1000c6f7 f   LIBCMT:utility.obj
 0001:0000b71f       __onexit                   1000c71f f   LIBCMT:utility.obj
 0001:0000b74c       _atexit                    1000c74c f   LIBCMT:utility.obj
 0001:0000b761       ??3@YAXPAX@Z               1000c761 f   LIBCMT:delete_scalar.obj
 0001:0000b82b       __Init_thread_footer       1000c82b f   LIBCMT:thread_safe_statics.obj
 0001:0000b875       __Init_thread_header       1000c875 f   LIBCMT:thread_safe_statics.obj
 0001:0000b8c7       __Init_thread_notify       1000c8c7 f   LIBCMT:thread_safe_statics.obj
 0001:0000b8fd       __Init_thread_wait         1000c8fd f   LIBCMT:thread_safe_statics.obj
 0001:0000b94b       ___raise_securityfailure   1000c94b f   LIBCMT:gs_report.obj
 0001:0000b973       ___report_gsfailure        1000c973 f   LIBCMT:gs_report.obj
 0001:0000ba6c       ___report_rangecheckfailure 1000ca6c f   LIBCMT:gs_report.obj
 0001:0000ba78       ___report_securityfailure  1000ca78 f   LIBCMT:gs_report.obj
 0001:0000bb46       ??2@YAPAXIABUnothrow_t@std@@@Z 1000cb46 f   LIBCMT:new_scalar_nothrow.obj
 0001:0000bb96       ??_U@YAPAXIABUnothrow_t@std@@@Z 1000cb96 f   LIBCMT:new_array_nothrow.obj
 0001:0000bb9f       @__security_check_cookie@4 1000cb9f f   LIBCMT:secchk.obj
 0001:0000bbb0       __SEH_prolog4_GS           1000cbb0 f   LIBCMT:sehprolg4gs.obj
 0001:0000bbf9       __SEH_epilog4_GS           1000cbf9 f   LIBCMT:sehprolg4gs.obj
 0001:0000bc10       __alloca_probe_16          1000cc10 f   LIBCMT:alloca16.obj
 0001:0000bc26       __alloca_probe_8           1000cc26     LIBCMT:alloca16.obj
 0001:0000bc40       __chkstk                   1000cc40 f   LIBCMT:chkstk.obj
 0001:0000bc40       __alloca_probe             1000cc40 f   LIBCMT:chkstk.obj
 0001:0000bfa8       __DllMainCRTStartup@12     1000cfa8 f   LIBCMT:dll_dllmain.obj
 0001:0000bfcb       ??2@YAPAXI@Z               1000cfcb f   LIBCMT:new_scalar.obj
 0001:0000bffb       ___isa_available_init      1000cffb f   LIBCMT:cpu_disp.obj
 0001:0000c1cb       ___scrt_is_ucrt_dll_in_use 1000d1cb f   LIBCMT:ucrt_detection.obj
 0001:0000c1d7       ___scrt_fastfail           1000d1d7 f   LIBCMT:utility_desktop.obj
 0001:0000c2f1       __crt_debugger_hook        1000d2f1 f   LIBCMT:utility_desktop.obj
 0001:0000c300       __SEH_prolog4              1000d300 f   LIBCMT:sehprolg4.obj
 0001:0000c346       __SEH_epilog4              1000d346 f   LIBCMT:sehprolg4.obj
 0001:0000c35b       @_guard_check_icall_nop@4  1000d35b f i LIBCMT:guard_support.obj
 0001:0000c3a9       ___security_init_cookie    1000d3a9 f   LIBCMT:gs_support.obj
 0001:0000c3f4       ?__scrt_initialize_type_info@@YAXXZ 1000d3f4 f   LIBCMT:tncleanup.obj
 0001:0000c400       ?__scrt_uninitialize_type_info@@YAXXZ 1000d400 f   LIBCMT:tncleanup.obj
 0001:0000c40c       ___local_stdio_scanf_options 1000d40c f i LIBCMT:default_local_stdio_options.obj
 0001:0000c412       ___scrt_initialize_default_local_stdio_options 1000d412 f   LIBCMT:default_local_stdio_options.obj
 0001:0000c42f       ___scrt_get_dyn_tls_init_callback 1000d42f f   LIBCMT:dyn_tls_init.obj
 0001:0000c435       __RTC_Initialize           1000d435 f   LIBCMT:initsect.obj
 0001:0000c461       __RTC_Terminate            1000d461 f   LIBCMT:initsect.obj
 0001:0000c48d       ??0bad_alloc@std@@QAE@ABV01@@Z 1000d48d f i LIBCMT:throw_bad_alloc.obj
 0001:0000c4a8       ??0bad_alloc@std@@QAE@XZ   1000d4a8 f i LIBCMT:throw_bad_alloc.obj
 0001:0000c4c0       ??0bad_array_new_length@std@@QAE@ABV01@@Z 1000d4c0 f i LIBCMT:throw_bad_alloc.obj
 0001:0000c4db       ??0bad_array_new_length@std@@QAE@XZ 1000d4db f i LIBCMT:throw_bad_alloc.obj
 0001:0000c4f3       ??0exception@std@@QAE@ABV01@@Z 1000d4f3 f i LIBCMT:throw_bad_alloc.obj
 0001:0000c51f       ??1bad_alloc@std@@UAE@XZ   1000d51f f i LIBCMT:throw_bad_alloc.obj
 0001:0000c51f       ??1bad_exception@std@@UAE@XZ 1000d51f f i libvcruntime:frame.obj
 0001:0000c51f       ??1bad_array_new_length@std@@UAE@XZ 1000d51f f i LIBCMT:throw_bad_alloc.obj
 0001:0000c530       ??_Gexception@std@@UAEPAXI@Z 1000d530 f i LIBCMT:throw_bad_alloc.obj
 0001:0000c530       ??_Eexception@std@@UAEPAXI@Z 1000d530 f i LIBCMT:throw_bad_alloc.obj
 0001:0000c530       ??_Gbad_array_new_length@std@@UAEPAXI@Z 1000d530 f i LIBCMT:throw_bad_alloc.obj
 0001:0000c530       ??_Ebad_array_new_length@std@@UAEPAXI@Z 1000d530 f i LIBCMT:throw_bad_alloc.obj
 0001:0000c530       ??_Ebad_exception@std@@UAEPAXI@Z 1000d530 f i libvcruntime:frame.obj
 0001:0000c530       ??_Gbad_alloc@std@@UAEPAXI@Z 1000d530 f i LIBCMT:throw_bad_alloc.obj
 0001:0000c530       ??_Gbad_exception@std@@UAEPAXI@Z 1000d530 f i libvcruntime:frame.obj
 0001:0000c530       ??_Ebad_alloc@std@@UAEPAXI@Z 1000d530 f i LIBCMT:throw_bad_alloc.obj
 0001:0000c55d       ?__scrt_throw_std_bad_alloc@@YAXXZ 1000d55d f   LIBCMT:throw_bad_alloc.obj
 0001:0000c57a       ?__scrt_throw_std_bad_array_new_length@@YAXXZ 1000d57a f   LIBCMT:throw_bad_alloc.obj
 0001:0000c597       ?what@exception@std@@UBEPBDXZ 1000d597 f i LIBCMT:throw_bad_alloc.obj
[...]
 0002:00002d30       ?strings@?1??fp_format_nan_or_infinity@@YAHW4__acrt_fp_class@@_NPADI1@Z@4QAY03QBDA 10021d30     libucrt:cvt.obj
 0002:00003278       ?_mb_locale_names@@3QBQB_WB 10022278     libucrt:mbctype.obj
 0002:00003ac0       ?LcidToLocaleNameTable@?A0x881e4c05@@3QBULcidToLocaleName@1@B 10022ac0     libucrt:lcidtoname_downlevel.obj
 0002:00004be8       ?LocaleNameToIndexTable@?A0x881e4c05@@3QBULocaleNameIndex@1@B 10023be8     libucrt:lcidtoname_downlevel.obj
 0002:00006440       ?large_power_indices@?1??multiply_by_power_of_ten@__crt_strtox@@YA_NAAUbig_integer@2@I@Z@4QBUunpack_index@?1??12@YA_N0I@Z@B 10025440     libucrt:cfout.obj
 0002:00006520       LOG_name                   10025520     libucrt:log10_impl.obj
 0002:00006530       _One                       10025530     libucrt:ceil_pentium4.obj
 0002:00006540       _Bns                       10025540     libucrt:ceil_pentium4.obj
 0002:00006550       _Zero                      10025550     libucrt:ceil_pentium4.obj
 0002:00006560       _S                         10025560     libucrt:ceil_pentium4.obj
 0002:00006570       _NegZero                   10025570     libucrt:ceil_pentium4.obj
 0002:00006580       emask                      10025580     libucrt:log10_pentium4.obj
 0002:00006590       CC                         10025590     libucrt:log10_pentium4.obj
 0002:000065a0       Magic                      100255a0     libucrt:log10_pentium4.obj
 0002:000065b0       hi_mask                    100255b0     libucrt:log10_pentium4.obj
 0002:000065c0       LOG10_2                    100255c0     libucrt:log10_pentium4.obj
 0002:000065d0       place_L                    100255d0     libucrt:log10_pentium4.obj
 0002:000065f0       One                        100255f0     libucrt:log10_pentium4.obj
 0002:00006600       Zero                       10025600     libucrt:log10_pentium4.obj
 0002:00006610       Two52                      10025610     libucrt:log10_pentium4.obj
 0002:00006620       Infs                       10025620     libucrt:log10_pentium4.obj
 0002:00006630       NaN                        10025630     libucrt:log10_pentium4.obj
 0002:00006640       coeff                      10025640     libucrt:log10_pentium4.obj
 0002:0000669e       _log2max                   1002569e     libucrt:87tran.obj
 0002:000066a8       _smallarg                  100256a8     libucrt:87tran.obj
 0002:000066b2       _half                      100256b2     libucrt:87tran.obj
 0002:000066fe       One                        100256fe     libucrt:87disp.obj
 0002:00006706       Three                      10025706     libucrt:87disp.obj
 0002:0000670e       XAMtoTagTab                1002570e     libucrt:87disp.obj
 0002:00006720       One                        10025720     libucrt:common.obj
 0002:00006734       DblMax                     10025734     libucrt:common.obj
 0002:0000673c       DblMin                     1002573c     libucrt:common.obj
 0002:00006744       IeeeAdjO                   10025744     libucrt:common.obj
 0002:0000674c       IeeeAdjU                   1002574c     libucrt:common.obj
 0002:00006754       _infinity                  10025754     libucrt:common.obj
 0002:0000675c       _zero                      1002575c     libucrt:common.obj
 0002:000067a8       _over                      100257a8     libucrt:fpctrl.obj
 0002:000067b4       _under                     100257b4     libucrt:fpctrl.obj
 0002:00006fe8       ?_names@?1??_get_fname@@9@9 10025fe8     libucrt:fpexcept.obj
 0002:00007190       two32                      10026190     LIBCMT:ftol2.obj
 0002:00007194       two63                      10026194     LIBCMT:ftol2.obj
 0002:00007198       _NaN                       10026198     LIBCMT:ftol2.obj
 0002:00007848       __sehtable$?_AtlVerifyStackAvailable@_ATL_SAFE_ALLOCA_IMPL@ATL@@YA_NK@Z 10026848     BumpBar.obj
 0002:00007868       __sehtable$___scrt_is_nonwritable_in_current_image 10026868     LIBCMT:utility.obj
 0002:00007884       __catchsym$??2@YAPAXIABUnothrow_t@std@@@Z$2 10026884     LIBCMT:new_scalar_nothrow.obj
 0002:00007894       __unwindtable$??2@YAPAXIABUnothrow_t@std@@@Z 10026894     LIBCMT:new_scalar_nothrow.obj
 0002:000078a4       __tryblocktable$??2@YAPAXIABUnothrow_t@std@@@Z 100268a4     LIBCMT:new_scalar_nothrow.obj
 0002:000078b8       __ehfuncinfo$??2@YAPAXIABUnothrow_t@std@@@Z 100268b8     LIBCMT:new_scalar_nothrow.obj
 0002:000078e0       __sehtable$?dllmain_crt_process_attach@@YAHQAUHINSTANCE__@@QAX@Z 100268e0     LIBCMT:dll_dllmain.obj
 0002:00007900       __sehtable$?dllmain_crt_process_detach@@YAH_N@Z 10026900     LIBCMT:dll_dllmain.obj
 0002:00007928       __sehtable$?dllmain_dispatch@@YAHQAUHINSTANCE__@@KQAX@Z 10026928     LIBCMT:dll_dllmain.obj
 0002:000079d8       __sehtable$___DestructExceptionObject 100269d8     libvcruntime:ehhelpers.obj
 0002:000079f8       __sehtable$?FrameUnwindToState@__FrameHandler3@@SAXPAUEHRegistrationNode@@PAXPBU_s_FuncInfo@@H@Z 100269f8     libvcruntime:frame.obj
 0002:00007a20       __sehtable$?CallCatchBlock@@YAPAXPAUEHExceptionRecord@@PAUEHRegistrationNode@@PAU_CONTEXT@@PBU_s_FuncInfo@@PAXHK@Z 10026a20     libvcruntime:frame.obj
 0002:00007a48       __catchsym$?CallUnexpected@@YAXPBU_s_ESTypeList@@@Z$2 10026a48     libvcruntime:frame.obj
 0002:00007a58       __unwindtable$?CallUnexpected@@YAXPBU_s_ESTypeList@@@Z 10026a58     libvcruntime:frame.obj
 0002:00007a68       __tryblocktable$?CallUnexpected@@YAXPBU_s_ESTypeList@@@Z 10026a68     libvcruntime:frame.obj
 0002:00007a7c       __ehfuncinfo$?CallUnexpected@@YAXPBU_s_ESTypeList@@@Z 10026a7c     libvcruntime:frame.obj
 0002:00007aa0       __sehtable$??$BuildCatchObjectHelperInternal@V__FrameHandler3@@@@YAHPAUEHExceptionRecord@@PAXPBU_s_HandlerType@@PBU_s_CatchableType@@@Z 10026aa0     libvcruntime:frame.obj
 0002:00007ac0       __sehtable$??$BuildCatchObjectInternal@V__FrameHandler3@@@@YAXPAUEHExceptionRecord@@PAXPBU_s_HandlerType@@PBU_s_CatchableType@@@Z 10026ac0     libvcruntime:frame.obj
 0002:00007b18       __sehtable$??R<lambda_6e4b09c48022b2350581041d5f6b0c4c>@@QBE@XZ 10026b18     libucrt:exit.obj
 0002:00007b38       __sehtable$??$?RV<lambda_03b1d95aef87969028cfba75ccab2455>@@AAV<lambda_6e4b09c48022b2350581041d5f6b0c4c>@@V<lambda_22bdf7517842c4b3e53723af5aa32b9e>@@@?$__crt_seh_guarded_call@X@@QAEX$$QAV<lambda_03b1d95aef87969028cfba75ccab2455>@@AAV<lambda_6e4b09c48022b2350581041d5f6b0c4c>@@$$QAV<lambda_22bdf7517842c4b3e53723af5aa32b9e>@@@Z 10026b38     libucrt:exit.obj
 0002:00007b58       __sehtable$??$?RV<lambda_8e746cf0007f6ed984d6f78af1fec997>@@AAV<lambda_22ebabd17bc4fa466a2aca6d8deb888d>@@V<lambda_18ed0c0b38a6dc0daf1e7ac6d6adf05e>@@@?$__crt_seh_guarded_call@H@@QAEH$$QAV<lambda_8e746cf0007f6ed984d6f78af1fec997>@@AAV<lambda_22ebabd17bc4fa466a2aca6d8deb888d>@@$$QAV<lambda_18ed0c0b38a6dc0daf1e7ac6d6adf05e>@@@Z 10026b58     libucrt:onexit.obj
 0002:00007b78       __sehtable$??$?RV<lambda_69a2805e680e0e292e8ba93315fe43a8>@@AAV<lambda_f03950bc5685219e0bcd2087efbe011e>@@V<lambda_03fcd07e894ec930e3f35da366ca99d6>@@@?$__crt_seh_guarded_call@H@@QAEH$$QAV<lambda_69a2805e680e0e292e8ba93315fe43a8>@@AAV<lambda_f03950bc5685219e0bcd2087efbe011e>@@$$QAV<lambda_03fcd07e894ec930e3f35da366ca99d6>@@@Z 10026b78     libucrt:onexit.obj
 0002:00007b98       __sehtable$__query_new_handler 10026b98     libucrt:new_handler.obj
 0002:00007bb8       __sehtable$_terminate      10026bb8     libucrt:terminate.obj
 0002:00007bd8       __sehtable$??$?RV<lambda_15ade71b0218206bbe3333a0c9b79046>@@AAV<lambda_da44e0f8b0f19ba52fefafb335991732>@@V<lambda_207f2d024fc103971653565357d6cd41>@@@?$__crt_seh_guarded_call@X@@QAEX$$QAV<lambda_15ade71b0218206bbe3333a0c9b79046>@@AAV<lambda_da44e0f8b0f19ba52fefafb335991732>@@$$QAV<lambda_207f2d024fc103971653565357d6cd41>@@@Z 10026bd8     libucrt:per_thread_data.obj
 0002:00007bf8       __sehtable$??$?RV<lambda_a7e850c220f1c8d1e6efeecdedd162c6>@@AAV<lambda_46720907175c18b6c9d2717bc0d2d362>@@V<lambda_9048902d66e8d99359bc9897bbb930a8>@@@?$__crt_seh_guarded_call@X@@QAEX$$QAV<lambda_a7e850c220f1c8d1e6efeecdedd162c6>@@AAV<lambda_46720907175c18b6c9d2717bc0d2d362>@@$$QAV<lambda_9048902d66e8d99359bc9897bbb930a8>@@@Z 10026bf8     libucrt:per_thread_data.obj
 0002:00007c18       __sehtable$??$?RV<lambda_38edbb1296d33220d7e4dd0ed76b244a>@@AAV<lambda_5ce1d447e08cb34b2473517608e21441>@@V<lambda_fb385d3da700c9147fc39e65dd577a8c>@@@?$__crt_seh_guarded_call@X@@QAEX$$QAV<lambda_38edbb1296d33220d7e4dd0ed76b244a>@@AAV<lambda_5ce1d447e08cb34b2473517608e21441>@@$$QAV<lambda_fb385d3da700c9147fc39e65dd577a8c>@@@Z 10026c18     libucrt:per_thread_data.obj
 0002:00007c38       __sehtable$??$?RV<lambda_6affb1475c98b40b75cdec977db92e3c>@@AAV<lambda_b8d4b9c228a6ecc3f80208dbb4b4a104>@@V<lambda_608742c3c92a14382c1684fc64f96c88>@@@?$__crt_seh_guarded_call@X@@QAEX$$QAV<lambda_6affb1475c98b40b75cdec977db92e3c>@@AAV<lambda_b8d4b9c228a6ecc3f80208dbb4b4a104>@@$$QAV<lambda_608742c3c92a14382c1684fc64f96c88>@@@Z 10026c38     libucrt:per_thread_data.obj
 0002:00007c58       __sehtable$??$?RV<lambda_e5124f882df8998aaf41531e079ba474>@@AAV<lambda_3e16ef9562a7dcce91392c22ab16ea36>@@V<lambda_e25ca0880e6ef98be67edffd8c599615>@@@?$__crt_seh_guarded_call@X@@QAEX$$QAV<lambda_e5124f882df8998aaf41531e079ba474>@@AAV<lambda_3e16ef9562a7dcce91392c22ab16ea36>@@$$QAV<lambda_e25ca0880e6ef98be67edffd8c599615>@@@Z 10026c58     libucrt:wsetlocale.obj
 0002:00007c78       __sehtable$___acrt_initialize_lowio 10026c78     libucrt:ioinit.obj
 0002:00007c98       __sehtable$?update_thread_multibyte_data_internal@@YAPAU__crt_multibyte_data@@QAU__acrt_ptd@@QAPAU1@@Z 10026c98     libucrt:mbctype.obj
 0002:00007cb8       __sehtable$??$?RV<lambda_ceb1ee4838e85a9d631eb091e2fbe199>@@AAV<lambda_ae742caa10f662c28703da3d2ea5e57e>@@V<lambda_cd08b5d6af4937fe54fc07d0c9bf6b37>@@@?$__crt_seh_guarded_call@X@@QAEX$$QAV<lambda_ceb1ee4838e85a9d631eb091e2fbe199>@@AAV<lambda_ae742caa10f662c28703da3d2ea5e57e>@@$$QAV<lambda_cd08b5d6af4937fe54fc07d0c9bf6b37>@@@Z 10026cb8     libucrt:mbctype.obj
 0002:00007cd8       __sehtable$_raise          10026cd8     libucrt:signal.obj
 0002:00007cf8       __sehtable$??$?RV<lambda_cbab9ec6f41b0180b23cc171c22676b0>@@AAV<lambda_44731a7d0e6d81c3e6aa82d741081786>@@V<lambda_4b292cb8dd18144e164572427af410ab>@@@?$__crt_seh_guarded_call@P6AXH@Z@@QAEP6AXH@Z$$QAV<lambda_cbab9ec6f41b0180b23cc171c22676b0>@@AAV<lambda_44731a7d0e6d81c3e6aa82d741081786>@@$$QAV<lambda_4b292cb8dd18144e164572427af410ab>@@@Z 10026cf8     libucrt:signal.obj
 0002:00007d18       __sehtable$??$?RV<lambda_2866be3712abc81a800a822484c830d8>@@AAV<lambda_39ca0ed439415581b5b15c265174cece>@@V<lambda_2b24c74d71094a6cd0cb82e44167d71b>@@@?$__crt_seh_guarded_call@X@@QAEX$$QAV<lambda_2866be3712abc81a800a822484c830d8>@@AAV<lambda_39ca0ed439415581b5b15c265174cece>@@$$QAV<lambda_2b24c74d71094a6cd0cb82e44167d71b>@@@Z 10026d18     libucrt:fflush.obj
 0002:00007d38       __sehtable$??$?RV<lambda_2cc53f568c5a2bb6f192f930a45d44ea>@@AAV<lambda_ab61a845afdef5b7c387490eaf3616ee>@@V<lambda_c2ffc0b7726aa6be21d5f0026187e748>@@@?$__crt_seh_guarded_call@X@@QAEX$$QAV<lambda_2cc53f568c5a2bb6f192f930a45d44ea>@@AAV<lambda_ab61a845afdef5b7c387490eaf3616ee>@@$$QAV<lambda_c2ffc0b7726aa6be21d5f0026187e748>@@@Z 10026d38     libucrt:fflush.obj
 0002:00007d58       __sehtable$___acrt_update_thread_locale_data 10026d58     libucrt:locale_refcounting.obj
 0002:00007d78       __sehtable$__fcloseall     10026d78     libucrt:closeall.obj
 0002:00007d98       __sehtable$___acrt_lowio_ensure_fh_exists 10026d98     libucrt:osfinfo.obj
 0002:00007db8       __sehtable$??$?RV<lambda_9e9de3de5fa147e2223d7db92bc10aa6>@@AAV<lambda_38ce7e780aa69e748d6df282ebc68efe>@@V<lambda_8ca6da459f0f6780f1cff60fdc3d00e5>@@@?$__crt_seh_guarded_call@H@@QAEH$$QAV<lambda_9e9de3de5fa147e2223d7db92bc10aa6>@@AAV<lambda_38ce7e780aa69e748d6df282ebc68efe>@@$$QAV<lambda_8ca6da459f0f6780f1cff60fdc3d00e5>@@@Z 10026db8     libucrt:commit.obj
 0002:00007dd8       __sehtable$__write         10026dd8     libucrt:write.obj
 0002:00007df8       __sehtable$_fclose         10026df8     libucrt:fclose.obj
 0002:00007e18       __sehtable$??$?RV<lambda_218ce3db14220d0be481dae8ef3383b6>@@AAV<lambda_628dfdc04ba53c8bfc02c9951375f3f5>@@V<lambda_57dc472bd5c9d5f3b2cbca59b8a843ae>@@@?$__crt_seh_guarded_call@H@@QAEH$$QAV<lambda_218ce3db14220d0be481dae8ef3383b6>@@AAV<lambda_628dfdc04ba53c8bfc02c9951375f3f5>@@$$QAV<lambda_57dc472bd5c9d5f3b2cbca59b8a843ae>@@@Z 10026e18     libucrt:close.obj
 0002:00007e38       __sehtable$__IsNonwritableInCurrentImage 10026e38     LIBCMT:pesect.obj
 0002:00007e60       .edata                     10026e60     OPOSBumpBar.exp
 0002:00007e88       rgpv                       10026e88     OPOSBumpBar.exp
 0002:00007e98       rgszName                   10026e98     OPOSBumpBar.exp
 0002:00007ea8       rgwOrd                     10026ea8     OPOSBumpBar.exp
 0002:00007eb0       szName                     10026eb0     OPOSBumpBar.exp
 0002:00007ec0       $N00001                    10026ec0     OPOSBumpBar.exp
 0002:00007ed0       $N00002                    10026ed0     OPOSBumpBar.exp
 0002:00007ee2       $N00003                    10026ee2     OPOSBumpBar.exp
 0002:00007ef4       $N00004                    10026ef4     OPOSBumpBar.exp
 0002:00008502       .idata$6                   10027502     kernel32:KERNEL32.dll
 0002:00008716       .idata$6                   10027716     user32:USER32.dll
 0002:0000884a       .idata$6                   1002784a     gdi32:GDI32.dll
 0002:000088f0       .idata$6                   100278f0     advapi32:ADVAPI32.dll
 0002:00008a0c       .idata$6                   10027a0c     ole32:ole32.dll
 0002:00008a16       .idata$6                   10027a16     oleaut32:OLEAUT32.dll
 0003:00000110       ?ObjectMap@@3PAU_ATL_OBJMAP_ENTRY30@ATL@@A 10028110     BumpBar.obj
 0003:000001c4       ?s_RequiredMethodsPerRelease@@3PAHA 100281c4     BumpBarImpl.obj
 0003:000001e0       ?s_SOMethodNames@@3PAPADA  100281e0     BumpBarImpl.obj
 0003:00000250       ?__vcrt_flsindex@@3KA      10028250     libvcruntime:per_thread_data.obj
 0003:00000270       ?errno_no_memory@@3HA      10028270     libucrt:errno.obj
 0003:00000274       ?doserrno_no_memory@@3KA   10028274     libucrt:errno.obj
 0003:00000280       ?__acrt_flsindex@@3KA      10028280     libucrt:per_thread_data.obj
 0003:00000618       __mbctypes                 10028618     libucrt:mbctype.obj
 0003:00000720       __mbcasemaps               10028720     libucrt:mbctype.obj
 0003:00000820       ?__rgctypeflag@@3PADA      10028820     libucrt:mbctype.obj
 0003:00000828       ?__rgcode_page_info@@3PAUcode_page_info@@A 10028828     libucrt:mbctype.obj
 0003:00000a80       ?__dcrt_lowio_console_output_handle@@3PAXA 10028a80     libucrt:initcon.obj
 0003:00000c18       ?is_initialized_as_dll@@3_NA 10028c18     LIBCMT:utility.obj
 0003:00000c19       ?module_local_atexit_table_initialized@@3_NA 10028c19     LIBCMT:utility.obj
 0003:00000c1c       ?module_local_atexit_table@@3U_onexit_table_t@@A 10028c1c     LIBCMT:utility.obj
 0003:00000c28       ?module_local_at_quick_exit_table@@3U_onexit_table_t@@A 10028c28     LIBCMT:utility.obj
 0003:00000c34       ?g_tss_cv@@3U_RTL_CONDITION_VARIABLE@@A 10028c34     LIBCMT:thread_safe_statics.obj
 0003:00000c38       ?g_tss_event@@3PAXA        10028c38     LIBCMT:thread_safe_statics.obj
 0003:00000c3c       ?g_tss_mutex@@3U_RTL_CRITICAL_SECTION@@A 10028c3c     LIBCMT:thread_safe_statics.obj
 0003:00000c54       ?g_sleep_condition_variable_cs@@3P6GHPAU_RTL_CONDITION_VARIABLE@@PAU_RTL_CRITICAL_SECTION@@K@ZA 10028c54     LIBCMT:thread_safe_statics.obj
 0003:00000c58       ?g_wake_all_condition_variable@@3P6GXPAU_RTL_CONDITION_VARIABLE@@@ZA 10028c58     LIBCMT:thread_safe_statics.obj
 0003:00000c60       _GS_ExceptionRecord        10028c60     LIBCMT:gs_report.obj
 0003:00000cb0       _GS_ContextRecord          10028cb0     LIBCMT:gs_report.obj
 0003:00000f80       ?__proc_attached@@3HA      10028f80     LIBCMT:dll_dllmain.obj
 0003:00000fdc       ?AllocateData@@3P6GPAUAtlThunkData_t@@XZA 10028fdc     atls:atlthunk.obj
 0003:00000fe0       ?InitData@@3P6GXPAUAtlThunkData_t@@PAXI@ZA 10028fe0     atls:atlthunk.obj
 0003:00000fe4       ?DataToCode@@3P6GP6GJPAUHWND__@@IIJ@ZPAUAtlThunkData_t@@@ZA 10028fe4     atls:atlthunk.obj
 0003:00000fe8       ?FreeData@@3P6GXPAUAtlThunkData_t@@@ZA 10028fe8     atls:atlthunk.obj
 0003:00000fec       ?Initialized@@3_NA         10028fec     atls:atlthunk.obj
 0003:00000ffc       ?__vcrt_startup_thread_ptd@@3U__vcrt_ptd@@A 10028ffc     libvcruntime:per_thread_data.obj
 0003:00001024       ___vcrt_lock_table         10029024     libvcruntime:locks.obj
 0003:0000103c       ___vcrt_locks_initialized  1002903c     libvcruntime:locks.obj
 0003:00001068       ?heap@@3V_HeapManager@@A   10029068     libvcruntime:undname.obj
 0003:0000107c       ?module_handles@@3PAPAUHINSTANCE__@@A 1002907c     libvcruntime:winapi_downlevel.obj
 0003:00001088       ?function_pointers@@3PAPAXA 10029088     libvcruntime:winapi_downlevel.obj
 0003:0000109c       ?__acrt_invalid_parameter_handler@@3V?$dual_state_global@P6AXPB_W00II@Z@__crt_state_management@@A 1002909c     libucrt:invalid_parameter.obj
 0003:000010a0       ?c_termination_complete@@3JA 100290a0     libucrt:exit.obj
 0003:000010a4       ?thread_local_exit_callback_func@@3P6GXPAXK0@ZA 100290a4     libucrt:exit.obj
 0003:000010b0       ?program_name@?1???$common_configure_argv@D@@YAHW4_crt_argv_mode@@@Z@4PADA 100290b0     libucrt:argv_parsing.obj
 0003:000011e0       ?__acrt_new_handler@@3V?$dual_state_global@P6AHI@Z@__crt_state_management@@A 100291e0     libucrt:new_handler.obj
 0003:000011e8       ?module_handles@@3PAPAUHINSTANCE__@@A 100291e8     libucrt:winapi_thunks.obj
 0003:00001238       ?encoded_function_pointers@@3PAPAXA 10029238     libucrt:winapi_thunks.obj
 0003:000012c0       ?internal_state@?1??_mbtowc_l@@9@4U_Mbstatet@@A 100292c0     libucrt:mbtowc.obj
 0003:000012d0       ?enable_percent_n@@3IA     100292d0     libucrt:printf_count_output.obj
 0003:000014f0       ?__acrt_lock_table@@3PAU_RTL_CRITICAL_SECTION@@A 100294f0     libucrt:locks.obj
 0003:00001640       ?__acrt_locks_initialized@@3IA 10029640     libucrt:locks.obj
 0003:00001650       ?fSystemSet@@3HA           10029650     libucrt:mbctype.obj
 0003:00001654       ?initialized@?1??__acrt_initialize_multibyte@@9@4_NA 10029654     libucrt:mbctype.obj
 0003:00001674       ?ctrlc_action@@3V?$dual_state_global@P6AXH@Z@__crt_state_management@@A 10029674     libucrt:signal.obj
 0003:00001678       ?ctrlbreak_action@@3V?$dual_state_global@P6AXH@Z@__crt_state_management@@A 10029678     libucrt:signal.obj
 0003:0000167c       ?abort_action@@3V?$dual_state_global@P6AXH@Z@__crt_state_management@@A 1002967c     libucrt:signal.obj
 0003:00001680       ?term_action@@3V?$dual_state_global@P6AXH@Z@__crt_state_management@@A 10029680     libucrt:signal.obj
 0003:00001684       ?user_matherr@@3V?$dual_state_global@P6AHPAU_exception@@@Z@__crt_state_management@@A 10029684     libucrt:matherr.obj
 0003:00001688       ?__acrt_global_new_mode@@3V?$dual_state_global@J@__crt_state_management@@A 10029688     libucrt:new_mode.obj
 0003:00001694       ?internal_pst@?1??__mbrtoc32_utf8@__crt_mbstring@@YAIPA_UPBDIPAU_Mbstatet@@@Z@4U3@A 10029694     libucrt:mbrtoc32.obj
 0003:0000169c       ?__acrt_app_type@@3W4_crt_app_type@@A 1002969c     libucrt:report_runtime_error.obj
 0003:000016a4       __pmatherr_set             100296a4     libucrt:libm_error.obj
 0004:00000220       $R000000                   1002a220     BumpBar.res
 0004:00000ba8       $R000988                   1002aba8     BumpBar.res
 0004:00000c90       $R000A70                   1002ac90     BumpBar.res
 0004:00000ef8       $R000CD8                   1002aef8     BumpBar.res
 0004:00001448       $R001228                   1002b448     BumpBar.res
 0004:00004360       $R004140                   1002e360     BumpBar.res
 0004:00004390       $R004170                   1002e390     BumpBar.res
