 OPOSElectronicJournal

 Timestamp is 5defa8ff (Tue Dec 10 23:17:35 2019)

 Preferred load address is 10000000

 Start         Length     Name                   Class
 0001:00000000 00000080H .text$di                CODE
 0001:00000080 0001e1f3H .text$mn                CODE
 0001:0001e273 00000036H .text$x                 CODE
 0001:0001e2a9 00000042H .text$yd                CODE
 0002:00000000 000002fcH .idata$5                DATA
 0002:000002fc 00000004H .00cfg                  DATA
 0002:00000300 00000004H .CRT$XCA                DATA
 0002:00000304 00000004H .CRT$XCL                DATA
 0002:00000308 00000010H .CRT$XCU                DATA
 0002:00000318 00000004H .CRT$XCZ                DATA
 0002:0000031c 00000004H .CRT$XIA                DATA
 0002:00000320 00000010H .CRT$XIC                DATA
 0002:00000330 00000004H .CRT$XIZ                DATA
 0002:00000334 00000004H .CRT$XLA                DATA
 0002:00000338 00000004H .CRT$XLZ                DATA
 0002:0000033c 00000004H .CRT$XPA                DATA
 0002:00000340 00000008H .CRT$XPX                DATA
 0002:00000348 00000004H .CRT$XPXA               DATA
 0002:0000034c 00000004H .CRT$XPZ                DATA
 0002:00000350 00000004H .CRT$XTA                DATA
 0002:00000354 0000000cH .CRT$XTZ                DATA
 0002:00000358 00000000H .gfids$y                DATA
 0002:00000360 0000712cH .rdata                  DATA
 0002:0000748c 00000018H .rdata$T                DATA
 0002:000074a4 0000017cH .rdata$r                DATA
 0002:00007620 0000001cH .rdata$sxdata           DATA
 0002:0000763c 000003e4H .rdata$zzzdbg           DATA
 0002:00007a20 00000004H .rtc$IAA                DATA
 0002:00007a24 00000004H .rtc$IZZ                DATA
 0002:00007a28 00000004H .rtc$TAA                DATA
 0002:00007a2c 00000004H .rtc$TZZ                DATA
 0002:00007a30 00000004H .tls                    DATA
 0002:00007a34 00000004H .tls$                   DATA
 0002:00007a38 00000008H .tls$ZZZ                DATA
 0002:00007a40 0000060cH .xdata$x                DATA
 0002:0000804c 00000004H ATL$__a                 DATA
 0002:00008050 00000010H ATL$__z                 DATA
 0002:00008060 000000b4H .edata                  DATA
 0002:00008114 00000078H .idata$2                DATA
 0002:0000818c 00000014H .idata$3                DATA
 0002:000081a0 000002fcH .idata$4                DATA
 0002:0000849c 00000bc8H .idata$6                DATA
 0003:00000000 00000af0H .data                   DATA
 0003:00000af0 00000098H .data$r                 DATA
 0003:00000b88 00000b80H .bss                    DATA
 0004:00000000 00000220H .rsrc$01                DATA
 0004:00000220 000050e8H .rsrc$02                DATA

  Address         Publics by Value              Rva+Base       Lib:Object

 0000:00000000       ___guard_fids_count        00000000     <absolute>
 0000:00000000       ___guard_iat_count         00000000     <absolute>
 0000:00000000       ___hybrid_code_map_count   00000000     <absolute>
 0000:00000000       ___dynamic_value_reloc_table 00000000     <absolute>
 0000:00000000       ___guard_longjmp_count     00000000     <absolute>
 0000:00000000       __except_list              00000000     <absolute>
 0000:00000000       ___guard_fids_table        00000000     <absolute>
 0000:00000000       ___guard_longjmp_table     00000000     <absolute>
 0000:00000000       ___hybrid_auxiliary_iat    00000000     <absolute>
 0000:00000000       ___guard_iat_table         00000000     <absolute>
 0000:00000000       ___volatile_metadata       00000000     <absolute>
 0000:00000000       ___enclave_config          00000000     <absolute>
 0000:00000000       ___AbsoluteZero            00000000     <absolute>
 0000:00000000       ___hybrid_code_map         00000000     <absolute>
 0000:00000007       ___safe_se_handler_count   00000007     <absolute>
 0000:0000002c       __tls_array                0000002c     <absolute>
 0000:00000100       ___guard_flags             00000100     <absolute>
 0000:00000000       ___ImageBase               10000000     <linker-defined>
 0001:00000080       ?DupWide@_CW@@AAEXXZ       10001080 f   CWString.obj
 0001:0000009c       ?cw_dup@@YGXPBDAAHAAPA_W1@Z 1000109c f   CWString.obj
 0001:00000124       ?cw_memcpy@@YGHPA_WPBDH@Z  10001124 f   CWString.obj
 0001:00000150       ?cw_strcpy@@YAHPA_WPBD@Z   10001150 f   CWString.obj
 0001:00000163       ?cw_strlen@@YAHPBD@Z       10001163 f   CWString.obj
 0001:0000017c       ??0CAtlComModule@ATL@@QAE@XZ 1000117c f i OposVariant.obj
 0001:000001c1       ??0CAtlWinModule@ATL@@QAE@XZ 100011c1 f i OposVariant.obj
 0001:000001f8       ??0OposDispParms@@QAE@PAVOposVariant@@H@Z 100011f8 f   OposVariant.obj
 0001:00000269       ??1OposDispParms@@QAE@XZ   10001269 f   OposVariant.obj
 0001:00000277       ??A?$CSimpleArray@GV?$CSimpleArrayEqualHelper@G@ATL@@@ATL@@QAEAAGH@Z 10001277 f i OposVariant.obj
 0001:0000029c       ??_Estringdispid@CComTypeInfoHolder@ATL@@QAEPAXI@Z 1000129c f i OposVariant.obj
 0001:00000308       ?AtlWinModuleInit@ATL@@YGJPAU_ATL_WIN_MODULE70@1@@Z 10001308 f i OposVariant.obj
 0001:0000032e       ?AtlWinModuleTerm@ATL@@YGJPAU_ATL_WIN_MODULE70@1@PAUHINSTANCE__@@@Z 1000132e f i OposVariant.obj
 0001:00000391       ?ChangeBSTR@OposVariant@@QAEXPAPA_WAAJ@Z 10001391 f   OposVariant.obj
 0001:000003d2       ?ChangeCURRENCY@OposVariant@@QAEXPATtagCY@@AAJ@Z 100013d2 f   OposVariant.obj
 0001:00000421       ?ChangeLONG@OposVariant@@QAEXPAJAAJ@Z 10001421 f   OposVariant.obj
 0001:00000462       ?GetLONG@OposVariant@@QAEJXZ 10001462 f   OposVariant.obj
 0001:0000047d       ?Init@CComCriticalSection@ATL@@QAEJXZ 1000147d f i OposVariant.obj
 0001:000004a5       ?RemoveAll@?$CSimpleArray@PAUHINSTANCE__@@V?$CSimpleArrayEqualHelper@PAUHINSTANCE__@@@ATL@@@ATL@@QAEXXZ 100014a5 f i atls:atlbase.obj
 0001:000004a5       ?RemoveAll@?$CSimpleArray@GV?$CSimpleArrayEqualHelper@G@ATL@@@ATL@@QAEXXZ 100014a5 f i OposVariant.obj
 0001:000004c2       ?SetBSTR@OposVariant@@QAEXPA_WAAJ@Z 100014c2 f   OposVariant.obj
 0001:000004f6       ?SetBSTR_Copy@OposVariant@@QAEXPA_WAAJ@Z 100014f6 f   OposVariant.obj
 0001:00000546       ?SetBSTR_InOutPtr@OposVariant@@QAE_NPAPA_WAAJ@Z 10001546 f   OposVariant.obj
 0001:0000057d       ?SetBSTR_OutPtr@OposVariant@@QAE_NPAPA_WAAJ@Z 1000157d f   OposVariant.obj
 0001:00000599       ?SetDispatch_Ptr@OposVariant@@QAEXPAUIDispatch@@AAJ@Z 10001599 f   OposVariant.obj
 0001:000005d4       ?SetLONG@OposVariant@@QAEXJ@Z 100015d4 f   OposVariant.obj
 0001:000005f6       ?SetLONG_Ptr@OposVariant@@QAEXPAJAAJ@Z 100015f6 f   OposVariant.obj
 0001:00000629       ?SetString@OposVariant@@QAEXPB_WAAJ@Z 10001629 f   OposVariant.obj
 0001:0000066f       ?SetVARIANT_BOOL@OposVariant@@QAEXF@Z 1000166f f   OposVariant.obj
 0001:00000699       ?Term@CAtlComModule@ATL@@QAEXXZ 10001699 f i OposVariant.obj
 0001:000006e3       ?_AtlRaiseException@ATL@@YAXKK@Z 100016e3 f i OposVariant.obj
 0001:000006f8       ?CreateInstance@CComClassFactory@ATL@@UAGJPAUIUnknown@@ABU_GUID@@PAPAX@Z 100016f8 f i ElectronicJournal.obj
 0001:00000736       ?LockServer@CComClassFactory@ATL@@UAGJH@Z 10001736 f i ElectronicJournal.obj
 0001:00000755       ??_ECComClassFactory@ATL@@UAEPAXI@Z 10001755 f i ElectronicJournal.obj
 0001:00000755       ??_GCComClassFactory@ATL@@UAEPAXI@Z 10001755 f i ElectronicJournal.obj
 0001:00000780       ?GetWindowProc@?$CWindowImplBaseT@VCWindow@ATL@@V?$CWinTraits@$0FGAAAAAA@$0A@@2@@ATL@@UAEP6GJPAUHWND__@@IIJ@ZXZ 10001780 f i ElectronicJournal.obj
 0001:00000786       ?StartWindowProc@?$CWindowImplBaseT@VCWindow@ATL@@V?$CWinTraits@$0FGAAAAAA@$0A@@2@@ATL@@SGJPAUHWND__@@IIJ@Z 10001786 f i ElectronicJournal.obj
 0001:000007da       ?ObjectMain@CComObjectRootBase@ATL@@SGX_N@Z 100017da f i ElectronicJournal.obj
 0001:000007da       ?OnFinalMessage@?$CWindowImplBaseT@VCWindow@ATL@@V?$CWinTraits@$0FGAAAAAA@$0A@@2@@ATL@@UAEXPAUHWND__@@@Z 100017da f i ElectronicJournal.obj
 0001:000007dd       ?GetTypeInfoCount@?$IDispatchImpl@UIOPOSElectronicJournal@@$1?IID_IOPOSElectronicJournal@@3U_GUID@@B$1?LIBID_OposElectronicJournal_CCO@@3U3@B$00$0A@VCComTypeInfoHolder@ATL@@@ATL@@UAGJPAI@Z 100017dd f i ElectronicJournal.obj
 0001:000007fa       ?GetTypeInfo@?$IDispatchImpl@UIOPOSElectronicJournal@@$1?IID_IOPOSElectronicJournal@@3U_GUID@@B$1?LIBID_OposElectronicJournal_CCO@@3U3@B$00$0A@VCComTypeInfoHolder@ATL@@@ATL@@UAGJIKPAPAUITypeInfo@@@Z 100017fa f i ElectronicJournal.obj
 0001:0000081e       ?GetIDsOfNames@?$IDispatchImpl@UIOPOSElectronicJournal@@$1?IID_IOPOSElectronicJournal@@3U_GUID@@B$1?LIBID_OposElectronicJournal_CCO@@3U3@B$00$0A@VCComTypeInfoHolder@ATL@@@ATL@@UAGJABU_GUID@@PAPA_WIKPAJ@Z 1000181e f i ElectronicJournal.obj
 0001:0000083e       ?Invoke@?$IDispatchImpl@UIOPOSElectronicJournal@@$1?IID_IOPOSElectronicJournal@@3U_GUID@@B$1?LIBID_OposElectronicJournal_CCO@@3U3@B$00$0A@VCComTypeInfoHolder@ATL@@@ATL@@UAGJJABU_GUID@@KGPAUtagDISPPARAMS@@PAUtagVARIANT@@PAUtagEXCEPINFO@@PAI@Z 1000183e f i ElectronicJournal.obj
 0001:0000084c       ?CreateControlWindow@?$CComControl@VCOPOSElectronicJournal@@V?$CWindowImpl@VCOPOSElectronicJournal@@VCWindow@ATL@@V?$CWinTraits@$0FGAAAAAA@$0A@@3@@ATL@@@ATL@@UAEPAUHWND__@@PAU3@AAUtagRECT@@@Z 1000184c f i ElectronicJournal.obj
 0001:0000087b       ?ControlQueryInterface@?$CComControl@VCOPOSElectronicJournal@@V?$CWindowImpl@VCOPOSElectronicJournal@@VCWindow@ATL@@V?$CWinTraits@$0FGAAAAAA@$0A@@3@@ATL@@@ATL@@UAEJABU_GUID@@PAPAX@Z 1000187b f i ElectronicJournal.obj
 0001:00000896       ?GetClassID@?$IPersistStorageImpl@VCOPOSElectronicJournal@@@ATL@@UAGJPAU_GUID@@@Z 10001896 f i ElectronicJournal.obj
 0001:00000896       ?GetUserClassID@?$IOleObjectImpl@VCOPOSElectronicJournal@@@ATL@@UAGJPAU_GUID@@@Z 10001896 f i ElectronicJournal.obj
 0001:00000896       ?GetClassID@?$IPersistStreamInitImpl@VCOPOSElectronicJournal@@@ATL@@UAGJPAU_GUID@@@Z 10001896 f i ElectronicJournal.obj
 0001:000008ba       ?IsDirty@?$IPersistStreamInitImpl@VCOPOSElectronicJournal@@@ATL@@UAGJXZ 100018ba f i ElectronicJournal.obj
 0001:000008d9       ?Load@?$IPersistStreamInitImpl@VCOPOSElectronicJournal@@@ATL@@UAGJPAUIStream@@@Z 100018d9 f i ElectronicJournal.obj
 0001:000008f8       ?Save@?$IPersistStreamInitImpl@VCOPOSElectronicJournal@@@ATL@@UAGJPAUIStream@@H@Z 100018f8 f i ElectronicJournal.obj
 0001:0000091a       ?GetSizeMax@?$IPersistStreamInitImpl@VCOPOSElectronicJournal@@@ATL@@UAGJPAT_ULARGE_INTEGER@@@Z 1000191a f i ElectronicJournal.obj
 0001:00000af9       ?InitNew@?$IPersistStreamInitImpl@VCOPOSElectronicJournal@@@ATL@@UAGJXZ 10001af9 f i ElectronicJournal.obj
 0001:00000b16       ?GetDropTarget@?$IOleInPlaceObjectWindowlessImpl@VCOPOSElectronicJournal@@@ATL@@UAGJPAPAUIDropTarget@@@Z 10001b16 f i ElectronicJournal.obj
 0001:00000b16       ?QueryGetData@?$IDataObjectImpl@VCOPOSElectronicJournal@@@ATL@@UAGJPAUtagFORMATETC@@@Z 10001b16 f i ElectronicJournal.obj
 0001:00000b16       ?OnMnemonic@?$IOleControlImpl@VCOPOSElectronicJournal@@@ATL@@UAGJPAUtagMSG@@@Z 10001b16 f i ElectronicJournal.obj
 0001:00000b16       ?Unfreeze@?$IViewObjectExImpl@VCOPOSElectronicJournal@@@ATL@@UAGJK@Z 10001b16 f i ElectronicJournal.obj
 0001:00000b16       ?SetColorScheme@?$IOleObjectImpl@VCOPOSElectronicJournal@@@ATL@@UAGJPAUtagLOGPALETTE@@@Z 10001b16 f i ElectronicJournal.obj
 0001:00000b16       ?GetControlInfo@?$IOleControlImpl@VCOPOSElectronicJournal@@@ATL@@UAGJPAUtagCONTROLINFO@@@Z 10001b16 f i ElectronicJournal.obj
 0001:00000b16       ?ContextSensitiveHelp@?$IOleInPlaceActiveObjectImpl@VCOPOSElectronicJournal@@@ATL@@UAGJH@Z 10001b16 f i ElectronicJournal.obj
 0001:00000b16       ?ContextSensitiveHelp@?$IOleInPlaceObjectWindowlessImpl@VCOPOSElectronicJournal@@@ATL@@UAGJH@Z 10001b16 f i ElectronicJournal.obj
 0001:00000b1e       ?OnAmbientPropertyChange@?$IOleControlImpl@VCOPOSElectronicJournal@@@ATL@@UAGJJ@Z 10001b1e f i ElectronicJournal.obj
 0001:00000b1e       ?EnableModeless@?$IOleInPlaceActiveObjectImpl@VCOPOSElectronicJournal@@@ATL@@UAGJH@Z 10001b1e f i ElectronicJournal.obj
 0001:00000b1e       ?OnFrameWindowActivate@?$IOleInPlaceActiveObjectImpl@VCOPOSElectronicJournal@@@ATL@@UAGJH@Z 10001b1e f i ElectronicJournal.obj
 0001:00000b1e       ?SaveCompleted@?$IPersistStorageImpl@VCOPOSElectronicJournal@@@ATL@@UAGJPAUIStorage@@@Z 10001b1e f i ElectronicJournal.obj
 0001:00000b23       ?SetClientSite@?$IOleObjectImpl@VCOPOSElectronicJournal@@@ATL@@UAGJPAUIOleClientSite@@@Z 10001b23 f i ElectronicJournal.obj
 0001:00000b40       ?GetClientSite@?$IOleObjectImpl@VCOPOSElectronicJournal@@@ATL@@UAGJPAPAUIOleClientSite@@@Z 10001b40 f i ElectronicJournal.obj
 0001:00000b5d       ?SetHostNames@?$IOleObjectImpl@VCOPOSElectronicJournal@@@ATL@@UAGJPB_W0@Z 10001b5d f i ElectronicJournal.obj
 0001:00000b62       ?Close@?$IOleObjectImpl@VCOPOSElectronicJournal@@@ATL@@UAGJK@Z 10001b62 f i ElectronicJournal.obj
 0001:00000b7f       ?GetCanonicalFormatEtc@?$IDataObjectImpl@VCOPOSElectronicJournal@@@ATL@@UAGJPAUtagFORMATETC@@0@Z 10001b7f f i ElectronicJournal.obj
 0001:00000b7f       ?GetClipboardData@?$IOleObjectImpl@VCOPOSElectronicJournal@@@ATL@@UAGJKPAPAUIDataObject@@@Z 10001b7f f i ElectronicJournal.obj
 0001:00000b7f       ?SetMoniker@?$IOleObjectImpl@VCOPOSElectronicJournal@@@ATL@@UAGJKPAUIMoniker@@@Z 10001b7f f i ElectronicJournal.obj
 0001:00000b7f       ?EnumFormatEtc@?$IDataObjectImpl@VCOPOSElectronicJournal@@@ATL@@UAGJKPAPAUIEnumFORMATETC@@@Z 10001b7f f i ElectronicJournal.obj
 0001:00000b7f       ?GetRect@?$IViewObjectExImpl@VCOPOSElectronicJournal@@@ATL@@UAGJKPAU_RECTL@@@Z 10001b7f f i ElectronicJournal.obj
 0001:00000b7f       ?QueryInterface@CRegObject@ATL@@UAGJABU_GUID@@PAPAX@Z 10001b7f f i ElectronicJournal.obj
 0001:00000b7f       ?GetDataHere@?$IDataObjectImpl@VCOPOSElectronicJournal@@@ATL@@UAGJPAUtagFORMATETC@@PAUtagSTGMEDIUM@@@Z 10001b7f f i ElectronicJournal.obj
 0001:00000b87       ?InitFromData@?$IOleObjectImpl@VCOPOSElectronicJournal@@@ATL@@UAGJPAUIDataObject@@HK@Z 10001b87 f i ElectronicJournal.obj
 0001:00000b87       ?GetMoniker@?$IOleObjectImpl@VCOPOSElectronicJournal@@@ATL@@UAGJKKPAPAUIMoniker@@@Z 10001b87 f i ElectronicJournal.obj
 0001:00000b87       ?SetData@?$IDataObjectImpl@VCOPOSElectronicJournal@@@ATL@@UAGJPAUtagFORMATETC@@PAUtagSTGMEDIUM@@H@Z 10001b87 f i ElectronicJournal.obj
 0001:00000b8f       ?DoVerb@?$IOleObjectImpl@VCOPOSElectronicJournal@@@ATL@@UAGJJPAUtagMSG@@PAUIOleClientSite@@JPAUHWND__@@PBUtagRECT@@@Z 10001b8f f i ElectronicJournal.obj
 0001:00000c83       ?EnumVerbs@?$IOleObjectImpl@VCOPOSElectronicJournal@@@ATL@@UAGJPAPAUIEnumOLEVERB@@@Z 10001c83 f i ElectronicJournal.obj
 0001:00000ca5       ?HandsOffStorage@?$IPersistStorageImpl@VCOPOSElectronicJournal@@@ATL@@UAGJXZ 10001ca5 f i ElectronicJournal.obj
 0001:00000ca5       ?Release@CRegObject@ATL@@UAGKXZ 10001ca5 f i ElectronicJournal.obj
 0001:00000ca5       ?IsUpToDate@?$IOleObjectImpl@VCOPOSElectronicJournal@@@ATL@@UAGJXZ 10001ca5 f i ElectronicJournal.obj
 0001:00000ca5       ?Update@?$IOleObjectImpl@VCOPOSElectronicJournal@@@ATL@@UAGJXZ 10001ca5 f i ElectronicJournal.obj
 0001:00000caa       ?GetUserType@?$IOleObjectImpl@VCOPOSElectronicJournal@@@ATL@@UAGJKPAPA_W@Z 10001caa f i ElectronicJournal.obj
 0001:00000cc2       ?SetExtent@?$IOleObjectImpl@VCOPOSElectronicJournal@@@ATL@@UAGJKPAUtagSIZE@@@Z 10001cc2 f i ElectronicJournal.obj
 0001:00000ce2       ?GetExtent@?$IOleObjectImpl@VCOPOSElectronicJournal@@@ATL@@UAGJKPAUtagSIZE@@@Z 10001ce2 f i ElectronicJournal.obj
 0001:00000d20       ?Advise@?$IOleObjectImpl@VCOPOSElectronicJournal@@@ATL@@UAGJPAUIAdviseSink@@PAK@Z 10001d20 f i ElectronicJournal.obj
 0001:00000d40       ?Unadvise@?$IOleObjectImpl@VCOPOSElectronicJournal@@@ATL@@UAGJK@Z 10001d40 f i ElectronicJournal.obj
 0001:00000d6f       ?EnumAdvise@?$IOleObjectImpl@VCOPOSElectronicJournal@@@ATL@@UAGJPAPAUIEnumSTATDATA@@@Z 10001d6f f i ElectronicJournal.obj
 0001:00000daf       ?GetMiscStatus@?$IOleObjectImpl@VCOPOSElectronicJournal@@@ATL@@UAGJKPAK@Z 10001daf f i ElectronicJournal.obj
 0001:00000dc7       ?GetWindow@?$IOleInPlaceActiveObjectImpl@VCOPOSElectronicJournal@@@ATL@@UAGJPAPAUHWND__@@@Z 10001dc7 f i ElectronicJournal.obj
 0001:00000e14       ?TranslateAcceleratorW@?$IOleInPlaceActiveObjectImpl@VCOPOSElectronicJournal@@@ATL@@UAGJPAUtagMSG@@@Z 10001e14 f i ElectronicJournal.obj
 0001:00000ec2       ?OnDocWindowActivate@?$IOleInPlaceActiveObjectImpl@VCOPOSElectronicJournal@@@ATL@@UAGJH@Z 10001ec2 f i ElectronicJournal.obj
 0001:00000ee4       ?ResizeBorder@?$IOleInPlaceActiveObjectImpl@VCOPOSElectronicJournal@@@ATL@@UAGJPBUtagRECT@@PAUIOleInPlaceUIWindow@@H@Z 10001ee4 f i ElectronicJournal.obj
 0001:00000ee9       ?Draw@?$IViewObjectExImpl@VCOPOSElectronicJournal@@@ATL@@UAGJKJPAXPAUtagDVTARGETDEVICE@@PAUHDC__@@2PBU_RECTL@@3P6GHK@ZK@Z 10001ee9 f i ElectronicJournal.obj
 0001:00000f1b       ?GetColorSet@?$IViewObjectExImpl@VCOPOSElectronicJournal@@@ATL@@UAGJKJPAXPAUtagDVTARGETDEVICE@@PAUHDC__@@PAPAUtagLOGPALETTE@@@Z 10001f1b f i ElectronicJournal.obj
 0001:00000f23       ?Freeze@?$IViewObjectExImpl@VCOPOSElectronicJournal@@@ATL@@UAGJKJPAXPAK@Z 10001f23 f i ElectronicJournal.obj
 0001:00000f2b       ?SetAdvise@?$IViewObjectExImpl@VCOPOSElectronicJournal@@@ATL@@UAGJKKPAUIAdviseSink@@@Z 10001f2b f i ElectronicJournal.obj
 0001:00000f4a       ?GetAdvise@?$IViewObjectExImpl@VCOPOSElectronicJournal@@@ATL@@UAGJPAK0PAPAUIAdviseSink@@@Z 10001f4a f i ElectronicJournal.obj
 0001:00000f7f       ?GetExtent@?$IViewObjectExImpl@VCOPOSElectronicJournal@@@ATL@@UAGJKJPAUtagDVTARGETDEVICE@@PAUtagSIZE@@@Z 10001f7f f i ElectronicJournal.obj
 0001:00000fb0       ?GetViewStatus@?$IViewObjectExImpl@VCOPOSElectronicJournal@@@ATL@@UAGJPAK@Z 10001fb0 f i ElectronicJournal.obj
 0001:00000fcd       ?QueryHitPoint@?$IViewObjectExImpl@VCOPOSElectronicJournal@@@ATL@@UAGJKPBUtagRECT@@UtagPOINT@@JPAK@Z 10001fcd f i ElectronicJournal.obj
 0001:0000100e       ?QueryHitRect@?$IViewObjectExImpl@VCOPOSElectronicJournal@@@ATL@@UAGJKPBUtagRECT@@0JPAK@Z 1000200e f i ElectronicJournal.obj
 0001:00001069       ?GetNaturalExtent@?$IViewObjectExImpl@VCOPOSElectronicJournal@@@ATL@@UAGJKJPAUtagDVTARGETDEVICE@@PAUHDC__@@PAUtagExtentInfo@@PAUtagSIZE@@@Z 10002069 f i ElectronicJournal.obj
 0001:000010b4       ?GetWindow@?$IOleInPlaceObjectWindowlessImpl@VCOPOSElectronicJournal@@@ATL@@UAGJPAPAUHWND__@@@Z 100020b4 f i ElectronicJournal.obj
 0001:00001101       ?InPlaceDeactivate@?$IOleInPlaceObjectWindowlessImpl@VCOPOSElectronicJournal@@@ATL@@UAGJXZ 10002101 f i ElectronicJournal.obj
 0001:0000111b       ?UIDeactivate@?$IOleInPlaceObjectWindowlessImpl@VCOPOSElectronicJournal@@@ATL@@UAGJXZ 1000211b f i ElectronicJournal.obj
 0001:00001135       ?SetObjectRects@?$IOleInPlaceObjectWindowlessImpl@VCOPOSElectronicJournal@@@ATL@@UAGJPBUtagRECT@@0@Z 10002135 f i ElectronicJournal.obj
 0001:00001155       ?ReactivateAndUndo@?$IOleInPlaceObjectWindowlessImpl@VCOPOSElectronicJournal@@@ATL@@UAGJXZ 10002155 f i ElectronicJournal.obj
 0001:0000115d       ?OnWindowMessage@?$IOleInPlaceObjectWindowlessImpl@VCOPOSElectronicJournal@@@ATL@@UAGJIIJPAJ@Z 1000215d f i ElectronicJournal.obj
 0001:000011cd       ?EnumConnectionPoints@?$IConnectionPointContainerImpl@VCOPOSElectronicJournal@@@ATL@@UAGJPAPAUIEnumConnectionPoints@@@Z 100021cd f i ElectronicJournal.obj
 0001:00001347       ?FindConnectionPoint@?$IConnectionPointContainerImpl@VCOPOSElectronicJournal@@@ATL@@UAGJABU_GUID@@PAPAUIConnectionPoint@@@Z 10002347 f i ElectronicJournal.obj
 0001:000013ea       ?IsDirty@?$IPersistStorageImpl@VCOPOSElectronicJournal@@@ATL@@UAGJXZ 100023ea f i ElectronicJournal.obj
 0001:0000141e       ?InitNew@?$IPersistStorageImpl@VCOPOSElectronicJournal@@@ATL@@UAGJPAUIStorage@@@Z 1000241e f i ElectronicJournal.obj
 0001:00001452       ?Load@?$IPersistStorageImpl@VCOPOSElectronicJournal@@@ATL@@UAGJPAUIStorage@@@Z 10002452 f i ElectronicJournal.obj
 0001:000014be       ?Save@?$IPersistStorageImpl@VCOPOSElectronicJournal@@@ATL@@UAGJPAUIStorage@@H@Z 100024be f i ElectronicJournal.obj
 0001:00001531       ?GetPages@?$ISpecifyPropertyPagesImpl@VCOPOSElectronicJournal@@@ATL@@UAGJPAUtagCAUUID@@@Z 10002531 f i ElectronicJournal.obj
 0001:00001548       ?QuickActivate@?$IQuickActivateImpl@VCOPOSElectronicJournal@@@ATL@@UAGJPAUtagQACONTAINER@@PAUtagQACONTROL@@@Z 10002548 f i ElectronicJournal.obj
 0001:0000156b       ?SetContentExtent@?$IQuickActivateImpl@VCOPOSElectronicJournal@@@ATL@@UAGJPAUtagSIZE@@@Z 1000256b f i ElectronicJournal.obj
 0001:00001597       ?GetContentExtent@?$IQuickActivateImpl@VCOPOSElectronicJournal@@@ATL@@UAGJPAUtagSIZE@@@Z 10002597 f i ElectronicJournal.obj
 0001:000015d1       ?GetData@?$IDataObjectImpl@VCOPOSElectronicJournal@@@ATL@@UAGJPAUtagFORMATETC@@PAUtagSTGMEDIUM@@@Z 100025d1 f i ElectronicJournal.obj
 0001:000015f4       ?DAdvise@?$IDataObjectImpl@VCOPOSElectronicJournal@@@ATL@@UAGJPAUtagFORMATETC@@KPAUIAdviseSink@@PAK@Z 100025f4 f i ElectronicJournal.obj
 0001:00001635       ?DUnadvise@?$IDataObjectImpl@VCOPOSElectronicJournal@@@ATL@@UAGJK@Z 10002635 f i ElectronicJournal.obj
 0001:00001663       ?EnumDAdvise@?$IDataObjectImpl@VCOPOSElectronicJournal@@@ATL@@UAGJPAPAUIEnumSTATDATA@@@Z 10002663 f i ElectronicJournal.obj
 0001:000016a2       ?GetClassInfoW@?$IProvideClassInfo2Impl@$1?CLSID_OPOSElectronicJournal@@3U_GUID@@B$1?DIID__IOPOSElectronicJournalEvents@@3U2@B$1?LIBID_OposElectronicJournal_CCO@@3U2@B$00$0A@VCComTypeInfoHolder@ATL@@@ATL@@UAGJPAPAUITypeInfo@@@Z 100026a2 f i ElectronicJournal.obj
 0001:000016b8       ?GetGUID@?$IProvideClassInfo2Impl@$1?CLSID_OPOSElectronicJournal@@3U_GUID@@B$1?DIID__IOPOSElectronicJournalEvents@@3U2@B$1?LIBID_OposElectronicJournal_CCO@@3U2@B$00$0A@VCComTypeInfoHolder@ATL@@@ATL@@UAGJKPAU_GUID@@@Z 100026b8 f i ElectronicJournal.obj
 0001:000016f6       ?FAccessAllowed@?$IObjectSafetyImpl@VCOPOSElectronicJournal@@$02@ATL@@MAEHXZ 100026f6 f i ElectronicJournal.obj
 0001:000016f6       __get_startup_argv_mode    100026f6 f i LIBCMT:argv_mode.obj
 0001:000016fa       ?GetInterfaceSafetyOptions@?$IObjectSafetyImpl@VCOPOSElectronicJournal@@$02@ATL@@UAGJABU_GUID@@PAK1@Z 100026fa f i ElectronicJournal.obj
 0001:0000176e       ?SetInterfaceSafetyOptions@?$IObjectSafetyImpl@VCOPOSElectronicJournal@@$02@ATL@@UAGJABU_GUID@@KK@Z 1000276e f i ElectronicJournal.obj
 0001:000017e8       ?_LocCPQueryInterface@?$IConnectionPointImpl@VCOPOSElectronicJournal@@$1?DIID__IOPOSElectronicJournalEvents@@3U_GUID@@BVCComDynamicUnkArray@ATL@@@ATL@@UAGJABU_GUID@@PAPAX@Z 100027e8 f i ElectronicJournal.obj
 0001:000017e8       ?_LocCPQueryInterface@?$IConnectionPointImpl@VCOPOSElectronicJournal@@$1?IID_IPropertyNotifySink@@3U_GUID@@BVCComDynamicUnkArray@ATL@@@ATL@@UAGJABU_GUID@@PAPAX@Z 100027e8 f i ElectronicJournal.obj
 0001:00001835       ?GetConnectionInterface@?$IConnectionPointImpl@VCOPOSElectronicJournal@@$1?IID_IPropertyNotifySink@@3U_GUID@@BVCComDynamicUnkArray@ATL@@@ATL@@UAGJPAU_GUID@@@Z 10002835 f i ElectronicJournal.obj
 0001:00001859       ?GetConnectionPointContainer@?$IConnectionPointImpl@VCOPOSElectronicJournal@@$1?IID_IPropertyNotifySink@@3U_GUID@@BVCComDynamicUnkArray@ATL@@@ATL@@UAGJPAPAUIConnectionPointContainer@@@Z 10002859 f i ElectronicJournal.obj
 0001:0000187c       ?Advise@?$IConnectionPointImpl@VCOPOSElectronicJournal@@$1?IID_IPropertyNotifySink@@3U_GUID@@BVCComDynamicUnkArray@ATL@@@ATL@@UAGJPAUIUnknown@@PAK@Z 1000287c f i ElectronicJournal.obj
 0001:0000187c       ?Advise@?$IConnectionPointImpl@VCOPOSElectronicJournal@@$1?DIID__IOPOSElectronicJournalEvents@@3U_GUID@@BVCComDynamicUnkArray@ATL@@@ATL@@UAGJPAUIUnknown@@PAK@Z 1000287c f i ElectronicJournal.obj
 0001:0000191d       ?Unadvise@?$IConnectionPointImpl@VCOPOSElectronicJournal@@$1?DIID__IOPOSElectronicJournalEvents@@3U_GUID@@BVCComDynamicUnkArray@ATL@@@ATL@@UAGJK@Z 1000291d f i ElectronicJournal.obj
 0001:0000191d       ?Unadvise@?$IConnectionPointImpl@VCOPOSElectronicJournal@@$1?IID_IPropertyNotifySink@@3U_GUID@@BVCComDynamicUnkArray@ATL@@@ATL@@UAGJK@Z 1000291d f i ElectronicJournal.obj
 0001:0000195d       ?EnumConnections@?$IConnectionPointImpl@VCOPOSElectronicJournal@@$1?IID_IPropertyNotifySink@@3U_GUID@@BVCComDynamicUnkArray@ATL@@@ATL@@UAGJPAPAUIEnumConnections@@@Z 1000295d f i ElectronicJournal.obj
 0001:0000195d       ?EnumConnections@?$IConnectionPointImpl@VCOPOSElectronicJournal@@$1?DIID__IOPOSElectronicJournalEvents@@3U_GUID@@BVCComDynamicUnkArray@ATL@@@ATL@@UAGJPAPAUIEnumConnections@@@Z 1000295d f i ElectronicJournal.obj
 0001:00001a63       ?GetObjectDescription@?$CComCoClass@VCOPOSElectronicJournal@@$1?CLSID_OPOSElectronicJournal@@3U_GUID@@B@ATL@@SGPB_WXZ 10002a63 f i ElectronicJournal.obj
 0001:00001a63       ?GetCategoryMap@CComObjectRootBase@ATL@@SAPBU_ATL_CATMAP_ENTRY@2@XZ 10002a63 f i ElectronicJournal.obj
 0001:00001a66       ?GetConnectionInterface@?$IConnectionPointImpl@VCOPOSElectronicJournal@@$1?DIID__IOPOSElectronicJournalEvents@@3U_GUID@@BVCComDynamicUnkArray@ATL@@@ATL@@UAGJPAU_GUID@@@Z 10002a66 f i ElectronicJournal.obj
 0001:00001a8a       ?GetConnectionPointContainer@?$IConnectionPointImpl@VCOPOSElectronicJournal@@$1?DIID__IOPOSElectronicJournalEvents@@3U_GUID@@BVCComDynamicUnkArray@ATL@@@ATL@@UAGJPAPAUIConnectionPointContainer@@@Z 10002a8a f i ElectronicJournal.obj
 0001:00001aad       ?UpdateRegistry@COPOSElectronicJournal@@SGJH@Z 10002aad f i ElectronicJournal.obj
 0001:00001ac5       ?ProcessWindowMessage@COPOSElectronicJournal@@UAEHPAUHWND__@@IIJAAJK@Z 10002ac5 f i ElectronicJournal.obj
 0001:00001b0e       ?SOData@COPOSElectronicJournal@@MAGJJ@Z 10002b0e f i ElectronicJournal.obj
 0001:00001b47       ?SODirectIO@COPOSElectronicJournal@@MAGJJPAJPAPA_W@Z 10002b47 f i ElectronicJournal.obj
 0001:00001b90       ?SOError@COPOSElectronicJournal@@MAGJJJJPAJ@Z 10002b90 f i ElectronicJournal.obj
 0001:00001be5       ?SOOutputComplete@COPOSElectronicJournal@@MAGJJ@Z 10002be5 f i ElectronicJournal.obj
 0001:00001c1e       ?SOStatusUpdate@COPOSElectronicJournal@@MAGJJ@Z 10002c1e f i ElectronicJournal.obj
 0001:00001c57       ?Lock@CAtlModule@ATL@@UAEJXZ 10002c57 f i ElectronicJournal.obj
 0001:00001c61       ?Unlock@CAtlModule@ATL@@UAEJXZ 10002c61 f i ElectronicJournal.obj
 0001:00001c6b       ?GetLockCount@CAtlModule@ATL@@UAEJXZ 10002c6b f i ElectronicJournal.obj
 0001:00001c6f       ?GetGITPtr@CAtlModule@ATL@@UAEJPAPAUIGlobalInterfaceTable@@@Z 10002c6f f i ElectronicJournal.obj
 0001:00001cbb       ?AddCommonRGSReplacements@?$CAtlModuleT@VCComModule@ATL@@@ATL@@UAEJPAUIRegistrarBase@@@Z 10002cbb f i ElectronicJournal.obj
 0001:00001cd5       ?UpdateRegistryFromResourceD@CComModule@ATL@@UAGJIHPAU_ATL_REGMAP_ENTRY@2@@Z 10002cd5 f i ElectronicJournal.obj
 0001:00001cd5       ?UpdateRegistryFromResourceD@CComModule@ATL@@UAGJPB_WHPAU_ATL_REGMAP_ENTRY@2@@Z 10002cd5 f i ElectronicJournal.obj
 0001:00001cdd       ?UpdateRegistryFromResource@CComModule@ATL@@UAGJPB_WHPAU_ATL_REGMAP_ENTRY@2@@Z 10002cdd f i ElectronicJournal.obj
 0001:00001ce6       ?UpdateRegistryFromResource@CComModule@ATL@@UAGJIHPAU_ATL_REGMAP_ENTRY@2@@Z 10002ce6 f i ElectronicJournal.obj
 0001:00001cef       ??_GCComModule@ATL@@UAEPAXI@Z 10002cef f i ElectronicJournal.obj
 0001:00001cef       ??_ECComModule@ATL@@UAEPAXI@Z 10002cef f i ElectronicJournal.obj
 0001:00001d17       ?CreateInstance@?$CComCreator@V?$CComObjectCached@VCComClassFactory@ATL@@@ATL@@@ATL@@SGJPAXABU_GUID@@PAPAX@Z 10002d17 f i ElectronicJournal.obj
 0001:00001dc3       ?CreateInstance@?$CComCreator2@V?$CComCreator@V?$CComObject@VCOPOSElectronicJournal@@@ATL@@@ATL@@V?$CComCreator@V?$CComAggObject@VCOPOSElectronicJournal@@@ATL@@@2@@ATL@@SGJPAXABU_GUID@@PAPAX@Z 10002dc3 f i ElectronicJournal.obj
 0001:00001de3       ?AddRef@?$CComObjectCached@VCComClassFactory@ATL@@@ATL@@UAGKXZ 10002de3 f i ElectronicJournal.obj
 0001:00001e0a       ?Release@?$CComObjectCached@VCComClassFactory@ATL@@@ATL@@UAGKXZ 10002e0a f i ElectronicJournal.obj
 0001:00001e40       ?QueryInterface@?$CComObjectCached@VCComClassFactory@ATL@@@ATL@@UAGJABU_GUID@@PAPAX@Z 10002e40 f i ElectronicJournal.obj
 0001:00001e5a       ??_G?$CComObjectCached@VCComClassFactory@ATL@@@ATL@@UAEPAXI@Z 10002e5a f i ElectronicJournal.obj
 0001:00001e5a       ??_E?$CComObjectCached@VCComClassFactory@ATL@@@ATL@@UAEPAXI@Z 10002e5a f i ElectronicJournal.obj
 0001:00001e7c       ?Next@?$CComEnumImpl@UIEnumConnectionPoints@@$1?_GUID_b196b285_bab4_101a_b69c_00aa00341d07@@3U__s_GUID@@BPAUIConnectionPoint@@V?$_CopyInterface@UIConnectionPoint@@@ATL@@@ATL@@UAGJKPAPAUIConnectionPoint@@PAK@Z 10002e7c f i ElectronicJournal.obj
 0001:00001f53       ?Skip@?$CComEnumImpl@UIEnumConnectionPoints@@$1?_GUID_b196b285_bab4_101a_b69c_00aa00341d07@@3U__s_GUID@@BPAUIConnectionPoint@@V?$_CopyInterface@UIConnectionPoint@@@ATL@@@ATL@@UAGJK@Z 10002f53 f i ElectronicJournal.obj
 0001:00001f80       ?Reset@?$CComEnumImpl@UIEnumConnections@@$1?_GUID_b196b287_bab4_101a_b69c_00aa00341d07@@3U__s_GUID@@BUtagCONNECTDATA@@V?$_Copy@UtagCONNECTDATA@@@ATL@@@ATL@@UAGJXZ 10002f80 f i ElectronicJournal.obj
 0001:00001f80       ?Reset@?$CComEnumImpl@UIEnumConnectionPoints@@$1?_GUID_b196b285_bab4_101a_b69c_00aa00341d07@@3U__s_GUID@@BPAUIConnectionPoint@@V?$_CopyInterface@UIConnectionPoint@@@ATL@@@ATL@@UAGJXZ 10002f80 f i ElectronicJournal.obj
 0001:00001f92       ?Clone@?$CComEnumImpl@UIEnumConnectionPoints@@$1?_GUID_b196b285_bab4_101a_b69c_00aa00341d07@@3U__s_GUID@@BPAUIConnectionPoint@@V?$_CopyInterface@UIConnectionPoint@@@ATL@@@ATL@@UAGJPAPAUIEnumConnectionPoints@@@Z 10002f92 f i ElectronicJournal.obj
 0001:00002073       ?AddRef@?$CComObject@V?$CComEnum@UIEnumConnectionPoints@@$1?_GUID_b196b285_bab4_101a_b69c_00aa00341d07@@3U__s_GUID@@BPAUIConnectionPoint@@V?$_CopyInterface@UIConnectionPoint@@@ATL@@VCComSingleThreadModel@6@@ATL@@@ATL@@UAGKXZ 10003073 f i ElectronicJournal.obj
 0001:00002073       ?AddRef@?$CComObject@V?$CComEnum@UIEnumConnections@@$1?_GUID_b196b287_bab4_101a_b69c_00aa00341d07@@3U__s_GUID@@BUtagCONNECTDATA@@V?$_Copy@UtagCONNECTDATA@@@ATL@@VCComSingleThreadModel@6@@ATL@@@ATL@@UAGKXZ 10003073 f i ElectronicJournal.obj
 0001:00002084       ?Release@?$CComObject@V?$CComEnum@UIEnumConnections@@$1?_GUID_b196b287_bab4_101a_b69c_00aa00341d07@@3U__s_GUID@@BUtagCONNECTDATA@@V?$_Copy@UtagCONNECTDATA@@@ATL@@VCComSingleThreadModel@6@@ATL@@@ATL@@UAGKXZ 10003084 f i ElectronicJournal.obj
 0001:00002084       ?Release@?$CComObject@V?$CComEnum@UIEnumConnectionPoints@@$1?_GUID_b196b285_bab4_101a_b69c_00aa00341d07@@3U__s_GUID@@BPAUIConnectionPoint@@V?$_CopyInterface@UIConnectionPoint@@@ATL@@VCComSingleThreadModel@6@@ATL@@@ATL@@UAGKXZ 10003084 f i ElectronicJournal.obj
 0001:000020c0       ?QueryInterface@?$CComObject@V?$CComEnum@UIEnumConnectionPoints@@$1?_GUID_b196b285_bab4_101a_b69c_00aa00341d07@@3U__s_GUID@@BPAUIConnectionPoint@@V?$_CopyInterface@UIConnectionPoint@@@ATL@@VCComSingleThreadModel@6@@ATL@@@ATL@@UAGJABU_GUID@@PAPAX@Z 100030c0 f i ElectronicJournal.obj
 0001:000020da       ??_E?$CComObject@V?$CComEnum@UIEnumConnectionPoints@@$1?_GUID_b196b285_bab4_101a_b69c_00aa00341d07@@3U__s_GUID@@BPAUIConnectionPoint@@V?$_CopyInterface@UIConnectionPoint@@@ATL@@VCComSingleThreadModel@6@@ATL@@@ATL@@UAEPAXI@Z 100030da f i ElectronicJournal.obj
 0001:000020da       ??_G?$CComObject@V?$CComEnum@UIEnumConnectionPoints@@$1?_GUID_b196b285_bab4_101a_b69c_00aa00341d07@@3U__s_GUID@@BPAUIConnectionPoint@@V?$_CopyInterface@UIConnectionPoint@@@ATL@@VCComSingleThreadModel@6@@ATL@@@ATL@@UAEPAXI@Z 100030da f i ElectronicJournal.obj
 0001:000020fc       ?AddRef@CRegObject@ATL@@UAGKXZ 100030fc f i ElectronicJournal.obj
 0001:00002102       ?AddReplacement@CRegObject@ATL@@UAGJPB_W0@Z 10003102 f i ElectronicJournal.obj
 0001:0000213b       ?ClearReplacements@CRegObject@ATL@@UAGJXZ 1000313b f i ElectronicJournal.obj
 0001:0000214d       ??_GCRegObject@ATL@@UAEPAXI@Z 1000314d f i ElectronicJournal.obj
 0001:0000214d       ??_ECRegObject@ATL@@UAEPAXI@Z 1000314d f i ElectronicJournal.obj
 0001:0000216f       ?AddRef@?$CComAggObject@VCOPOSElectronicJournal@@@ATL@@UAGKXZ 1000316f f i ElectronicJournal.obj
 0001:00002180       ?Release@?$CComAggObject@VCOPOSElectronicJournal@@@ATL@@UAGKXZ 10003180 f i ElectronicJournal.obj
 0001:000021bc       ?QueryInterface@?$CComAggObject@VCOPOSElectronicJournal@@@ATL@@UAGJABU_GUID@@PAPAX@Z 100031bc f i ElectronicJournal.obj
 0001:0000220b       ?AddRef@?$CComContainedObject@VCOPOSElectronicJournal@@@ATL@@UAGKXZ 1000320b f i ElectronicJournal.obj
 0001:00002221       ?Release@?$CComContainedObject@VCOPOSElectronicJournal@@@ATL@@UAGKXZ 10003221 f i ElectronicJournal.obj
 0001:00002237       ?QueryInterface@?$CComContainedObject@VCOPOSElectronicJournal@@@ATL@@UAGJABU_GUID@@PAPAX@Z 10003237 f i ElectronicJournal.obj
 0001:00002252       ??_G?$CComAggObject@VCOPOSElectronicJournal@@@ATL@@UAEPAXI@Z 10003252 f i ElectronicJournal.obj
 0001:00002252       ??_E?$CComAggObject@VCOPOSElectronicJournal@@@ATL@@UAEPAXI@Z 10003252 f i ElectronicJournal.obj
 0001:00002277       ?AddRef@?$CComObject@VCOPOSElectronicJournal@@@ATL@@UAGKXZ 10003277 f i ElectronicJournal.obj
 0001:0000228e       ?Release@?$CComObject@VCOPOSElectronicJournal@@@ATL@@UAGKXZ 1000328e f i ElectronicJournal.obj
 0001:000022d0       ?QueryInterface@?$CComObject@VCOPOSElectronicJournal@@@ATL@@UAGJABU_GUID@@PAPAX@Z 100032d0 f i ElectronicJournal.obj
 0001:000022ea       ?OnDrawAdvanced@CComControlBase@ATL@@UAEJAAUATL_DRAWINFO@@@Z 100032ea f i ElectronicJournal.obj
 0001:000023dd       ?Next@?$CComEnumImpl@UIEnumConnections@@$1?_GUID_b196b287_bab4_101a_b69c_00aa00341d07@@3U__s_GUID@@BUtagCONNECTDATA@@V?$_Copy@UtagCONNECTDATA@@@ATL@@@ATL@@UAGJKPAUtagCONNECTDATA@@PAK@Z 100033dd f i ElectronicJournal.obj
 0001:000024b4       ?Skip@?$CComEnumImpl@UIEnumConnections@@$1?_GUID_b196b287_bab4_101a_b69c_00aa00341d07@@3U__s_GUID@@BUtagCONNECTDATA@@V?$_Copy@UtagCONNECTDATA@@@ATL@@@ATL@@UAGJK@Z 100034b4 f i ElectronicJournal.obj
 0001:000024e1       ?Clone@?$CComEnumImpl@UIEnumConnections@@$1?_GUID_b196b287_bab4_101a_b69c_00aa00341d07@@3U__s_GUID@@BUtagCONNECTDATA@@V?$_Copy@UtagCONNECTDATA@@@ATL@@@ATL@@UAGJPAPAUIEnumConnections@@@Z 100034e1 f i ElectronicJournal.obj
 0001:000025c2       ?QueryInterface@?$CComObject@V?$CComEnum@UIEnumConnections@@$1?_GUID_b196b287_bab4_101a_b69c_00aa00341d07@@3U__s_GUID@@BUtagCONNECTDATA@@V?$_Copy@UtagCONNECTDATA@@@ATL@@VCComSingleThreadModel@6@@ATL@@@ATL@@UAGJABU_GUID@@PAPAX@Z 100035c2 f i ElectronicJournal.obj
 0001:000025dc       ??_E?$CComObject@V?$CComEnum@UIEnumConnections@@$1?_GUID_b196b287_bab4_101a_b69c_00aa00341d07@@3U__s_GUID@@BUtagCONNECTDATA@@V?$_Copy@UtagCONNECTDATA@@@ATL@@VCComSingleThreadModel@6@@ATL@@@ATL@@UAEPAXI@Z 100035dc f i ElectronicJournal.obj
 0001:000025dc       ??_G?$CComObject@V?$CComEnum@UIEnumConnections@@$1?_GUID_b196b287_bab4_101a_b69c_00aa00341d07@@3U__s_GUID@@BUtagCONNECTDATA@@V?$_Copy@UtagCONNECTDATA@@@ATL@@VCComSingleThreadModel@6@@ATL@@@ATL@@UAEPAXI@Z 100035dc f i ElectronicJournal.obj
 0001:000025fe       ??_E?$CComObject@VCOPOSElectronicJournal@@@ATL@@W3AEPAXI@Z 100035fe f i ElectronicJournal.obj
 0001:00002606       ??_E?$CComObject@VCOPOSElectronicJournal@@@ATL@@WEM@AEPAXI@Z 10003606 f i ElectronicJournal.obj
 0001:0000260e       ?QueryInterface@?$CComObject@VCOPOSElectronicJournal@@@ATL@@WHA@AGJABU_GUID@@PAPAX@Z 1000360e f i ElectronicJournal.obj
 0001:00002618       ?AddRef@?$CComObject@VCOPOSElectronicJournal@@@ATL@@WHA@AGKXZ 10003618 f i ElectronicJournal.obj
 0001:00002622       ?Release@?$CComObject@VCOPOSElectronicJournal@@@ATL@@WHA@AGKXZ 10003622 f i ElectronicJournal.obj
 0001:0000262c       ?QueryInterface@?$CComObject@VCOPOSElectronicJournal@@@ATL@@WHE@AGJABU_GUID@@PAPAX@Z 1000362c f i ElectronicJournal.obj
 0001:00002636       ?AddRef@?$CComObject@VCOPOSElectronicJournal@@@ATL@@WHE@AGKXZ 10003636 f i ElectronicJournal.obj
 0001:00002640       ?Release@?$CComObject@VCOPOSElectronicJournal@@@ATL@@WHE@AGKXZ 10003640 f i ElectronicJournal.obj
 0001:0000264a       ?QueryInterface@?$CComObject@VCOPOSElectronicJournal@@@ATL@@WHI@AGJABU_GUID@@PAPAX@Z 1000364a f i ElectronicJournal.obj
 0001:00002654       ?AddRef@?$CComObject@VCOPOSElectronicJournal@@@ATL@@WHI@AGKXZ 10003654 f i ElectronicJournal.obj
 0001:0000265e       ?Release@?$CComObject@VCOPOSElectronicJournal@@@ATL@@WHI@AGKXZ 1000365e f i ElectronicJournal.obj
 0001:00002668       ?QueryInterface@?$CComObject@VCOPOSElectronicJournal@@@ATL@@WHM@AGJABU_GUID@@PAPAX@Z 10003668 f i ElectronicJournal.obj
 0001:00002672       ?AddRef@?$CComObject@VCOPOSElectronicJournal@@@ATL@@WHM@AGKXZ 10003672 f i ElectronicJournal.obj
 0001:0000267c       ?Release@?$CComObject@VCOPOSElectronicJournal@@@ATL@@WHM@AGKXZ 1000367c f i ElectronicJournal.obj
 0001:00002686       ?QueryInterface@?$CComObject@VCOPOSElectronicJournal@@@ATL@@WIA@AGJABU_GUID@@PAPAX@Z 10003686 f i ElectronicJournal.obj
 0001:00002693       ?AddRef@?$CComObject@VCOPOSElectronicJournal@@@ATL@@WIA@AGKXZ 10003693 f i ElectronicJournal.obj
 0001:000026a0       ?Release@?$CComObject@VCOPOSElectronicJournal@@@ATL@@WIA@AGKXZ 100036a0 f i ElectronicJournal.obj
 0001:000026ad       ?QueryInterface@?$CComObject@VCOPOSElectronicJournal@@@ATL@@WIE@AGJABU_GUID@@PAPAX@Z 100036ad f i ElectronicJournal.obj
 0001:000026ba       ?AddRef@?$CComObject@VCOPOSElectronicJournal@@@ATL@@WIE@AGKXZ 100036ba f i ElectronicJournal.obj
 0001:000026c7       ?Release@?$CComObject@VCOPOSElectronicJournal@@@ATL@@WIE@AGKXZ 100036c7 f i ElectronicJournal.obj
 0001:000026d4       ?QueryInterface@?$CComObject@VCOPOSElectronicJournal@@@ATL@@WII@AGJABU_GUID@@PAPAX@Z 100036d4 f i ElectronicJournal.obj
 0001:000026e1       ?AddRef@?$CComObject@VCOPOSElectronicJournal@@@ATL@@WII@AGKXZ 100036e1 f i ElectronicJournal.obj
 0001:000026ee       ?Release@?$CComObject@VCOPOSElectronicJournal@@@ATL@@WII@AGKXZ 100036ee f i ElectronicJournal.obj
 0001:000026fb       ?QueryInterface@?$CComObject@VCOPOSElectronicJournal@@@ATL@@WIM@AGJABU_GUID@@PAPAX@Z 100036fb f i ElectronicJournal.obj
 0001:00002708       ?AddRef@?$CComObject@VCOPOSElectronicJournal@@@ATL@@WIM@AGKXZ 10003708 f i ElectronicJournal.obj
 0001:00002715       ?Release@?$CComObject@VCOPOSElectronicJournal@@@ATL@@WIM@AGKXZ 10003715 f i ElectronicJournal.obj
 0001:00002722       ?QueryInterface@?$CComObject@VCOPOSElectronicJournal@@@ATL@@WJA@AGJABU_GUID@@PAPAX@Z 10003722 f i ElectronicJournal.obj
 0001:0000272f       ?AddRef@?$CComObject@VCOPOSElectronicJournal@@@ATL@@WJA@AGKXZ 1000372f f i ElectronicJournal.obj
 0001:0000273c       ?Release@?$CComObject@VCOPOSElectronicJournal@@@ATL@@WJA@AGKXZ 1000373c f i ElectronicJournal.obj
 0001:00002749       ?QueryInterface@?$CComObject@VCOPOSElectronicJournal@@@ATL@@WJE@AGJABU_GUID@@PAPAX@Z 10003749 f i ElectronicJournal.obj
 0001:00002756       ?AddRef@?$CComObject@VCOPOSElectronicJournal@@@ATL@@WJE@AGKXZ 10003756 f i ElectronicJournal.obj
 0001:00002763       ?Release@?$CComObject@VCOPOSElectronicJournal@@@ATL@@WJE@AGKXZ 10003763 f i ElectronicJournal.obj
 0001:00002770       ?QueryInterface@?$CComObject@VCOPOSElectronicJournal@@@ATL@@WJI@AGJABU_GUID@@PAPAX@Z 10003770 f i ElectronicJournal.obj
 0001:0000277d       ?AddRef@?$CComObject@VCOPOSElectronicJournal@@@ATL@@WJI@AGKXZ 1000377d f i ElectronicJournal.obj
 0001:0000278a       ?Release@?$CComObject@VCOPOSElectronicJournal@@@ATL@@WJI@AGKXZ 1000378a f i ElectronicJournal.obj
 0001:00002797       ?QueryInterface@?$CComObject@VCOPOSElectronicJournal@@@ATL@@WJM@AGJABU_GUID@@PAPAX@Z 10003797 f i ElectronicJournal.obj
 0001:000027a4       ?AddRef@?$CComObject@VCOPOSElectronicJournal@@@ATL@@WJM@AGKXZ 100037a4 f i ElectronicJournal.obj
 0001:000027b1       ?Release@?$CComObject@VCOPOSElectronicJournal@@@ATL@@WJM@AGKXZ 100037b1 f i ElectronicJournal.obj
 0001:000027be       ?QueryInterface@?$CComObject@VCOPOSElectronicJournal@@@ATL@@WKA@AGJABU_GUID@@PAPAX@Z 100037be f i ElectronicJournal.obj
 0001:000027cb       ?AddRef@?$CComObject@VCOPOSElectronicJournal@@@ATL@@WKA@AGKXZ 100037cb f i ElectronicJournal.obj
 0001:000027d8       ?Release@?$CComObject@VCOPOSElectronicJournal@@@ATL@@WKA@AGKXZ 100037d8 f i ElectronicJournal.obj
 0001:000027e5       ?AddRef@?$CComObject@VCOPOSElectronicJournal@@@ATL@@WKI@AGKXZ 100037e5 f i ElectronicJournal.obj
 0001:000027f2       ?Release@?$CComObject@VCOPOSElectronicJournal@@@ATL@@WKI@AGKXZ 100037f2 f i ElectronicJournal.obj
 0001:000027ff       ?AddRef@?$CComObject@VCOPOSElectronicJournal@@@ATL@@WLE@AGKXZ 100037ff f i ElectronicJournal.obj
 0001:0000280c       ?Release@?$CComObject@VCOPOSElectronicJournal@@@ATL@@WLE@AGKXZ 1000380c f i ElectronicJournal.obj
 0001:00002819       ??_E?$CComContainedObject@VCOPOSElectronicJournal@@@ATL@@W3AEPAXI@Z 10003819 f i ElectronicJournal.obj
 0001:00002821       ??_E?$CComContainedObject@VCOPOSElectronicJournal@@@ATL@@WEM@AEPAXI@Z 10003821 f i ElectronicJournal.obj
 0001:00002829       ?QueryInterface@?$CComContainedObject@VCOPOSElectronicJournal@@@ATL@@WHA@AGJABU_GUID@@PAPAX@Z 10003829 f i ElectronicJournal.obj
 0001:00002833       ?AddRef@?$CComContainedObject@VCOPOSElectronicJournal@@@ATL@@WHA@AGKXZ 10003833 f i ElectronicJournal.obj
 0001:0000283d       ?Release@?$CComContainedObject@VCOPOSElectronicJournal@@@ATL@@WHA@AGKXZ 1000383d f i ElectronicJournal.obj
 0001:00002847       ?QueryInterface@?$CComContainedObject@VCOPOSElectronicJournal@@@ATL@@WHE@AGJABU_GUID@@PAPAX@Z 10003847 f i ElectronicJournal.obj
 0001:00002851       ?AddRef@?$CComContainedObject@VCOPOSElectronicJournal@@@ATL@@WHE@AGKXZ 10003851 f i ElectronicJournal.obj
 0001:0000285b       ?Release@?$CComContainedObject@VCOPOSElectronicJournal@@@ATL@@WHE@AGKXZ 1000385b f i ElectronicJournal.obj
 0001:00002865       ?QueryInterface@?$CComContainedObject@VCOPOSElectronicJournal@@@ATL@@WHI@AGJABU_GUID@@PAPAX@Z 10003865 f i ElectronicJournal.obj
 0001:0000286f       ?AddRef@?$CComContainedObject@VCOPOSElectronicJournal@@@ATL@@WHI@AGKXZ 1000386f f i ElectronicJournal.obj
 0001:00002879       ?Release@?$CComContainedObject@VCOPOSElectronicJournal@@@ATL@@WHI@AGKXZ 10003879 f i ElectronicJournal.obj
 0001:00002883       ?QueryInterface@?$CComContainedObject@VCOPOSElectronicJournal@@@ATL@@WHM@AGJABU_GUID@@PAPAX@Z 10003883 f i ElectronicJournal.obj
 0001:0000288d       ?AddRef@?$CComContainedObject@VCOPOSElectronicJournal@@@ATL@@WHM@AGKXZ 1000388d f i ElectronicJournal.obj
 0001:00002897       ?Release@?$CComContainedObject@VCOPOSElectronicJournal@@@ATL@@WHM@AGKXZ 10003897 f i ElectronicJournal.obj
 0001:000028a1       ?QueryInterface@?$CComContainedObject@VCOPOSElectronicJournal@@@ATL@@WIA@AGJABU_GUID@@PAPAX@Z 100038a1 f i ElectronicJournal.obj
 0001:000028ae       ?AddRef@?$CComContainedObject@VCOPOSElectronicJournal@@@ATL@@WIA@AGKXZ 100038ae f i ElectronicJournal.obj
 0001:000028bb       ?Release@?$CComContainedObject@VCOPOSElectronicJournal@@@ATL@@WIA@AGKXZ 100038bb f i ElectronicJournal.obj
 0001:000028c8       ?QueryInterface@?$CComContainedObject@VCOPOSElectronicJournal@@@ATL@@WIE@AGJABU_GUID@@PAPAX@Z 100038c8 f i ElectronicJournal.obj
 0001:000028d5       ?AddRef@?$CComContainedObject@VCOPOSElectronicJournal@@@ATL@@WIE@AGKXZ 100038d5 f i ElectronicJournal.obj
 0001:000028e2       ?Release@?$CComContainedObject@VCOPOSElectronicJournal@@@ATL@@WIE@AGKXZ 100038e2 f i ElectronicJournal.obj
 0001:000028ef       ?QueryInterface@?$CComContainedObject@VCOPOSElectronicJournal@@@ATL@@WII@AGJABU_GUID@@PAPAX@Z 100038ef f i ElectronicJournal.obj
 0001:000028fc       ?AddRef@?$CComContainedObject@VCOPOSElectronicJournal@@@ATL@@WII@AGKXZ 100038fc f i ElectronicJournal.obj
 0001:00002909       ?Release@?$CComContainedObject@VCOPOSElectronicJournal@@@ATL@@WII@AGKXZ 10003909 f i ElectronicJournal.obj
 0001:00002916       ?QueryInterface@?$CComContainedObject@VCOPOSElectronicJournal@@@ATL@@WIM@AGJABU_GUID@@PAPAX@Z 10003916 f i ElectronicJournal.obj
 0001:00002923       ?AddRef@?$CComContainedObject@VCOPOSElectronicJournal@@@ATL@@WIM@AGKXZ 10003923 f i ElectronicJournal.obj
 0001:00002930       ?Release@?$CComContainedObject@VCOPOSElectronicJournal@@@ATL@@WIM@AGKXZ 10003930 f i ElectronicJournal.obj
 0001:0000293d       ?QueryInterface@?$CComContainedObject@VCOPOSElectronicJournal@@@ATL@@WJA@AGJABU_GUID@@PAPAX@Z 1000393d f i ElectronicJournal.obj
 0001:0000294a       ?AddRef@?$CComContainedObject@VCOPOSElectronicJournal@@@ATL@@WJA@AGKXZ 1000394a f i ElectronicJournal.obj
 0001:00002957       ?Release@?$CComContainedObject@VCOPOSElectronicJournal@@@ATL@@WJA@AGKXZ 10003957 f i ElectronicJournal.obj
 0001:00002964       ?QueryInterface@?$CComContainedObject@VCOPOSElectronicJournal@@@ATL@@WJE@AGJABU_GUID@@PAPAX@Z 10003964 f i ElectronicJournal.obj
 0001:00002971       ?AddRef@?$CComContainedObject@VCOPOSElectronicJournal@@@ATL@@WJE@AGKXZ 10003971 f i ElectronicJournal.obj
 0001:0000297e       ?Release@?$CComContainedObject@VCOPOSElectronicJournal@@@ATL@@WJE@AGKXZ 1000397e f i ElectronicJournal.obj
 0001:0000298b       ?QueryInterface@?$CComContainedObject@VCOPOSElectronicJournal@@@ATL@@WJI@AGJABU_GUID@@PAPAX@Z 1000398b f i ElectronicJournal.obj
 0001:00002998       ?AddRef@?$CComContainedObject@VCOPOSElectronicJournal@@@ATL@@WJI@AGKXZ 10003998 f i ElectronicJournal.obj
 0001:000029a5       ?Release@?$CComContainedObject@VCOPOSElectronicJournal@@@ATL@@WJI@AGKXZ 100039a5 f i ElectronicJournal.obj
 0001:000029b2       ?QueryInterface@?$CComContainedObject@VCOPOSElectronicJournal@@@ATL@@WJM@AGJABU_GUID@@PAPAX@Z 100039b2 f i ElectronicJournal.obj
 0001:000029bf       ?AddRef@?$CComContainedObject@VCOPOSElectronicJournal@@@ATL@@WJM@AGKXZ 100039bf f i ElectronicJournal.obj
 0001:000029cc       ?Release@?$CComContainedObject@VCOPOSElectronicJournal@@@ATL@@WJM@AGKXZ 100039cc f i ElectronicJournal.obj
 0001:000029d9       ?QueryInterface@?$CComContainedObject@VCOPOSElectronicJournal@@@ATL@@WKA@AGJABU_GUID@@PAPAX@Z 100039d9 f i ElectronicJournal.obj
 0001:000029e6       ?AddRef@?$CComContainedObject@VCOPOSElectronicJournal@@@ATL@@WKA@AGKXZ 100039e6 f i ElectronicJournal.obj
 0001:000029f3       ?Release@?$CComContainedObject@VCOPOSElectronicJournal@@@ATL@@WKA@AGKXZ 100039f3 f i ElectronicJournal.obj
 0001:00002a00       ?AddRef@?$CComContainedObject@VCOPOSElectronicJournal@@@ATL@@WKI@AGKXZ 10003a00 f i ElectronicJournal.obj
 0001:00002a0d       ?Release@?$CComContainedObject@VCOPOSElectronicJournal@@@ATL@@WKI@AGKXZ 10003a0d f i ElectronicJournal.obj
 0001:00002a1a       ?AddRef@?$CComContainedObject@VCOPOSElectronicJournal@@@ATL@@WLE@AGKXZ 10003a1a f i ElectronicJournal.obj
 0001:00002a27       ?Release@?$CComContainedObject@VCOPOSElectronicJournal@@@ATL@@WLE@AGKXZ 10003a27 f i ElectronicJournal.obj
 0001:00002a34       ??$?4UITypeInfo2@@@?$CComPtr@UITypeInfo@@@ATL@@QAEPAUITypeInfo@@ABV?$CComPtr@UITypeInfo2@@@1@@Z 10003a34 f i ElectronicJournal.obj
 0001:00002a61       ??$AtlAdd@K@ATL@@YAJPAKKK@Z 10003a61 f i ElectronicJournal.obj
 0001:00002a84       ??$AtlAdd@_K@ATL@@YAJPA_K_K1@Z 10003a84 f i ElectronicJournal.obj
 0001:00002abc       ??$AtlAddThrow@K@ATL@@YAKKK@Z 10003abc f i ElectronicJournal.obj
 0001:00002ae2       ??$AtlModuleRegisterWndClassInfoT@VAtlModuleRegisterWndClassInfoParamW@ATL@@@ATL@@YAGPAU_ATL_BASE_MODULE70@0@PAU_ATL_WIN_MODULE70@0@PAU_ATL_WNDCLASSINFOW@0@PAP6GJPAUHWND__@@IIJ@ZVAtlModuleRegisterWndClassInfoParamW@0@@Z 10003ae2 f i ElectronicJournal.obj
 0001:00002c30       ??$AtlMultiply@H@ATL@@YAJPAHHH@Z 10003c30 f i ElectronicJournal.obj
 0001:00002c68       ??$AtlMultiply@K@ATL@@YAJPAKKK@Z 10003c68 f i ElectronicJournal.obj
 0001:00002c68       ??$AtlMultiply@I@ATL@@YAJPAIII@Z 10003c68 f i ElectronicJournal.obj
 0001:00002c8a       ??$AtlMultiplyThrow@I@ATL@@YAIII@Z 10003c8a f i ElectronicJournal.obj
 0001:00002cb0       ??0?$CComAggObject@VCOPOSElectronicJournal@@@ATL@@QAE@PAX@Z 10003cb0 f i ElectronicJournal.obj
 0001:00002cdd       ??0?$CComContainedObject@VCOPOSElectronicJournal@@@ATL@@QAE@PAX@Z 10003cdd f i ElectronicJournal.obj
 0001:00002d96       ??0?$CComObject@V?$CComEnum@UIEnumConnectionPoints@@$1?_GUID_b196b285_bab4_101a_b69c_00aa00341d07@@3U__s_GUID@@BPAUIConnectionPoint@@V?$_CopyInterface@UIConnectionPoint@@@ATL@@VCComSingleThreadModel@6@@ATL@@@ATL@@QAE@PAX@Z 10003d96 f i ElectronicJournal.obj
 0001:00002dc4       ??0?$CComObject@V?$CComEnum@UIEnumConnections@@$1?_GUID_b196b287_bab4_101a_b69c_00aa00341d07@@3U__s_GUID@@BUtagCONNECTDATA@@V?$_Copy@UtagCONNECTDATA@@@ATL@@VCComSingleThreadModel@6@@ATL@@@ATL@@QAE@PAX@Z 10003dc4 f i ElectronicJournal.obj
 0001:00002df2       ??0?$CComObject@VCOPOSElectronicJournal@@@ATL@@QAE@PAX@Z 10003df2 f i ElectronicJournal.obj
 0001:00002ea9       ??0?$CComQIPtr@UIOleControlSite@@$1?_GUID_b196b289_bab4_101a_b69c_00aa00341d07@@3U__s_GUID@@B@ATL@@QAE@PAUIUnknown@@@Z 10003ea9 f i ElectronicJournal.obj
 0001:00002ed2       ??0CAtlModule@ATL@@QAE@XZ  10003ed2 f i ElectronicJournal.obj
 0001:00002f13       ??0CParseBuffer@CRegParser@ATL@@QAE@H@Z 10003f13 f i ElectronicJournal.obj
 0001:00002f49       ??0_ATL_MSG@ATL@@QAE@PAUHWND__@@IIJH@Z 10003f49 f i ElectronicJournal.obj
 0001:00002f81       ??1?$CComAggObject@VCOPOSElectronicJournal@@@ATL@@UAE@XZ 10003f81 f i ElectronicJournal.obj
 0001:00002fa5       ??1?$CComEnumImpl@UIEnumConnectionPoints@@$1?_GUID_b196b285_bab4_101a_b69c_00aa00341d07@@3U__s_GUID@@BPAUIConnectionPoint@@V?$_CopyInterface@UIConnectionPoint@@@ATL@@@ATL@@UAE@XZ 10003fa5 f i ElectronicJournal.obj
 0001:00002fe5       ??1?$CComEnumImpl@UIEnumConnections@@$1?_GUID_b196b287_bab4_101a_b69c_00aa00341d07@@3U__s_GUID@@BUtagCONNECTDATA@@V?$_Copy@UtagCONNECTDATA@@@ATL@@@ATL@@UAE@XZ 10003fe5 f i ElectronicJournal.obj
 0001:00003025       ??1?$CComObject@V?$CComEnum@UIEnumConnectionPoints@@$1?_GUID_b196b285_bab4_101a_b69c_00aa00341d07@@3U__s_GUID@@BPAUIConnectionPoint@@V?$_CopyInterface@UIConnectionPoint@@@ATL@@VCComSingleThreadModel@6@@ATL@@@ATL@@UAE@XZ 10004025 f i ElectronicJournal.obj
 0001:00003048       ??1?$CComObject@V?$CComEnum@UIEnumConnections@@$1?_GUID_b196b287_bab4_101a_b69c_00aa00341d07@@3U__s_GUID@@BUtagCONNECTDATA@@V?$_Copy@UtagCONNECTDATA@@@ATL@@VCComSingleThreadModel@6@@ATL@@@ATL@@UAE@XZ 10004048 f i ElectronicJournal.obj
 0001:0000306b       ??1?$CComObject@VCOPOSElectronicJournal@@@ATL@@UAE@XZ 1000406b f i ElectronicJournal.obj
 0001:00003129       ??1?$CComObjectCached@VCComClassFactory@ATL@@@ATL@@UAE@XZ 10004129 f i ElectronicJournal.obj
 0001:0000313f       ??1?$CComObjectRootEx@VCComMultiThreadModel@ATL@@@ATL@@QAE@XZ 1000413f f i ElectronicJournal.obj
 0001:00003154       ??1CRegObject@ATL@@UAE@XZ  10004154 f i ElectronicJournal.obj
 0001:00003174       ??4?$CComPtr@UIOleClientSite@@@ATL@@QAEPAUIOleClientSite@@PAU2@@Z 10004174 f i ElectronicJournal.obj
 0001:00003174       ??4?$CComPtr@UIUnknown@@@ATL@@QAEPAUIUnknown@@PAU2@@Z 10004174 f i ElectronicJournal.obj
 0001:00003174       ??4?$CComPtr@UIAdviseSink@@@ATL@@QAEPAUIAdviseSink@@PAU2@@Z 10004174 f i ElectronicJournal.obj
 0001:000031a8       ??_G?$CComContainedObject@VCOPOSElectronicJournal@@@ATL@@UAEPAXI@Z 100041a8 f i ElectronicJournal.obj
 0001:000031a8       ??_E?$CComContainedObject@VCOPOSElectronicJournal@@@ATL@@UAEPAXI@Z 100041a8 f i ElectronicJournal.obj
 0001:000031cd       ??_E?$CComObject@VCOPOSElectronicJournal@@@ATL@@UAEPAXI@Z 100041cd f i ElectronicJournal.obj
 0001:000031cd       ??_G?$CComObject@VCOPOSElectronicJournal@@@ATL@@UAEPAXI@Z 100041cd f i ElectronicJournal.obj
 0001:000031f2       ?Add@?$CSimpleArray@GV?$CSimpleArrayEqualHelper@G@ATL@@@ATL@@QAEHABG@Z 100041f2 f i ElectronicJournal.obj
 0001:00003276       ?Add@?$CSimpleMap@PA_WPA_WVCExpansionVectorEqualHelper@ATL@@@ATL@@QAEHABQA_W0@Z 10004276 f i ElectronicJournal.obj
 0001:000032cb       ?Add@CComDynamicUnkArray@ATL@@QAEKPAUIUnknown@@@Z 100042cb f i ElectronicJournal.obj
 0001:00003381       ?Add@CExpansionVector@ATL@@QAEHPB_W0@Z 10004381 f i ElectronicJournal.obj
 0001:0000348a       ?AddString@CParseBuffer@CRegParser@ATL@@QAEHPB_W@Z 1000448a f i ElectronicJournal.obj
 0001:000034bf       ?AddTermFunc@CAtlModule@ATL@@QAEJP6GXK@ZK@Z 100044bf f i ElectronicJournal.obj
 0001:00003522       ?AddValue@CRegParser@ATL@@IAEJAAVCRegKey@2@PB_WPA_W@Z 10004522 f i ElectronicJournal.obj
 0001:0000383c       ?Allocate@?$CAtlSafeAllocBufferManager@VCCRTAllocator@ATL@@@_ATL_SAFE_ALLOCA_IMPL@ATL@@QAEPAXK@Z 1000483c f i ElectronicJournal.obj
 0001:00003869       ?Allocate@?$CTempBuffer@E$0BAA@VCCRTAllocator@ATL@@@ATL@@QAEPAEI@Z 10004869 f i ElectronicJournal.obj
 0001:00003898       ?Allocate@?$CTempBuffer@_W$0BAA@VCCRTAllocator@ATL@@@ATL@@QAEPA_WI@Z 10004898 f i ElectronicJournal.obj
 0001:000038c7       ?Allocate@?$CTempBuffer@_W$0EAA@VCCRTAllocator@ATL@@@ATL@@QAEPA_WI@Z 100048c7 f i ElectronicJournal.obj
 0001:000038f6       ?AllocateHeap@?$CTempBuffer@E$0BAA@VCCRTAllocator@ATL@@@ATL@@AAEXI@Z 100048f6 f i ElectronicJournal.obj
 0001:000038f6       ?AllocateHeap@?$CTempBuffer@_W$0BAA@VCCRTAllocator@ATL@@@ATL@@AAEXI@Z 100048f6 f i ElectronicJournal.obj
 0001:000038f6       ?AllocateHeap@?$CTempBuffer@_W$0EAA@VCCRTAllocator@ATL@@@ATL@@AAEXI@Z 100048f6 f i ElectronicJournal.obj
 0001:0000391b       ?Append@CParseBuffer@CRegParser@ATL@@QAEHPB_WH@Z 1000491b f i ElectronicJournal.obj
 0001:000039a9       ?AtlCoTaskMemCAlloc@ATL@@YAPAXKK@Z 100049a9 f i ElectronicJournal.obj
 0001:000039d6       ?AtlCoTaskMemRecalloc@ATL@@YAPAXPAXKK@Z 100049d6 f i ElectronicJournal.obj
 0001:00003a06       ?AtlComModuleGetClassObject@ATL@@YGJPAU_ATL_COM_MODULE70@1@ABU_GUID@@1PAPAX@Z 10004a06 f i ElectronicJournal.obj
 0001:00003af9       ?AtlComModuleRegisterServer@ATL@@YGJPAU_ATL_COM_MODULE70@1@HPBU_GUID@@@Z 10004af9 f i ElectronicJournal.obj
 0001:00003b81       ?AtlComModuleUnregisterServer@ATL@@YGJPAU_ATL_COM_MODULE70@1@HPBU_GUID@@@Z 10004b81 f i ElectronicJournal.obj
 0001:00003c09       ?AtlComQIPtrAssign2@ATL@@YAXPAPAUIUnknown@@PAU2@ABU_GUID@@@Z 10004c09 f i ElectronicJournal.obj
 0001:00003c38       ?AtlCreateTargetDC@ATL@@YGPAUHDC__@@PAU2@PAUtagDVTARGETDEVICE@@@Z 10004c38 f i ElectronicJournal.obj
 0001:00003ca1       ?AtlCrtErrorCheck@ATL@@YAHH@Z 10004ca1 f i ElectronicJournal.obj
 0001:00003cdc       ?AtlHiMetricToPixel@ATL@@YGXPBUtagSIZE@@PAU2@@Z 10004cdc f i ElectronicJournal.obj
 0001:00003d51       ?AtlHresultFromLastError@ATL@@YAJXZ 10004d51 f i ElectronicJournal.obj
 0001:00003d68       ?AtlHresultFromWin32@ATL@@YAJK@Z 10004d68 f i ElectronicJournal.obj
 0001:00003d7d       ?AtlInternalOleLoadFromStream@ATL@@YAJPAUIStream@@ABU_GUID@@PAPAXTClassesAllowedInStream@1@K@Z 10004d7d f i ElectronicJournal.obj
 0001:00003ea3       ?AtlInternalQueryInterface@ATL@@YGJPAXPBU_ATL_INTMAP_ENTRY@1@ABU_GUID@@PAPAX@Z 10004ea3 f i ElectronicJournal.obj
 0001:00003f46       ?AtlLoadTypeLib@ATL@@YGJPAUHINSTANCE__@@PB_WPAPA_WPAPAUITypeLib@@@Z 10004f46 f i ElectronicJournal.obj
 0001:00004124       ?AtlRegisterClassCategoriesHelper@ATL@@YGJABU_GUID@@PBU_ATL_CATMAP_ENTRY@1@H@Z 10005124 f i ElectronicJournal.obj
 0001:00004420       ?AtlRegisterTypeLib@ATL@@YGJPAUHINSTANCE__@@PB_W@Z 10005420 f i ElectronicJournal.obj
 0001:000045a8       ?AtlThrowImpl@ATL@@YGXJ@Z  100055a8 f i ElectronicJournal.obj
 0001:000045c6       ?AtlUnRegisterTypeLib@ATL@@YGJPAUHINSTANCE__@@PB_W@Z 100055c6 f i ElectronicJournal.obj
 0001:00004671       ?AtlWinModuleAddCreateWndData@ATL@@YGXPAU_ATL_WIN_MODULE70@1@PAU_AtlCreateWndData@1@PAX@Z 10005671 f i ElectronicJournal.obj
 0001:000046c5       ?AtlWinModuleExtractCreateWndData@ATL@@YGPAXPAU_ATL_WIN_MODULE70@1@@Z 100056c5 f i ElectronicJournal.obj
 0001:00004728       ?AtlWinModuleRegisterClassExW@ATL@@YGGPAU_ATL_WIN_MODULE70@1@PBUtagWNDCLASSEXW@@@Z 10005728 f i ElectronicJournal.obj
 0001:00004767       ?CanForceRemoveKey@CRegParser@ATL@@IAEHPB_W@Z 10005767 f i ElectronicJournal.obj
 0001:00004796       ?ChToByte@CRegParser@ATL@@KAE_W@Z 10005796 f i ElectronicJournal.obj
 0001:000047c9       ?Cleanup@CComTypeInfoHolder@ATL@@SGXK@Z 100057c9 f i ElectronicJournal.obj
 0001:000047fc       ?ClearReplacements@CExpansionVector@ATL@@QAEJXZ 100057fc f i ElectronicJournal.obj
 0001:00004839       ?Close@CRegKey@ATL@@QAEJXZ 10005839 f i ElectronicJournal.obj
 0001:00004853       ?CreateInstance@?$CComCreator@V?$CComAggObject@VCOPOSElectronicJournal@@@ATL@@@ATL@@SGJPAXABU_GUID@@PAPAX@Z 10005853 f i ElectronicJournal.obj
 0001:000048c9       ?CreateInstance@?$CComCreator@V?$CComObject@VCOPOSElectronicJournal@@@ATL@@@ATL@@SGJPAXABU_GUID@@PAPAX@Z 100058c9 f i ElectronicJournal.obj
 0001:0000494a       ?CreateInstance@?$CComObject@V?$CComEnum@UIEnumConnectionPoints@@$1?_GUID_b196b285_bab4_101a_b69c_00aa00341d07@@3U__s_GUID@@BPAUIConnectionPoint@@V?$_CopyInterface@UIConnectionPoint@@@ATL@@VCComSingleThreadModel@6@@ATL@@@ATL@@SGJPAPAV12@@Z 1000594a f i ElectronicJournal.obj
 0001:00004991       ?CreateInstance@?$CComObject@V?$CComEnum@UIEnumConnections@@$1?_GUID_b196b287_bab4_101a_b69c_00aa00341d07@@3U__s_GUID@@BUtagCONNECTDATA@@V?$_Copy@UtagCONNECTDATA@@@ATL@@VCComSingleThreadModel@6@@ATL@@@ATL@@SGJPAPAV12@@Z 10005991 f i ElectronicJournal.obj
 0001:000049d8       ?DefaultReflectionHandler@?$CWindowImplRoot@VCWindow@ATL@@@ATL@@SAHPAUHWND__@@IIJAAJ@Z 100059d8 f i ElectronicJournal.obj
 0001:00004a4b       ?DeleteSubKey@CRegKey@ATL@@QAEJPB_W@Z 10005a4b f i ElectronicJournal.obj
 0001:00004ac4       ?DoEvent@COPOSElectronicJournal@@IAEXIIJ@Z 10005ac4 f i ElectronicJournal.obj
 0001:00004b44       ?DoVerbHide@?$IOleObjectImpl@VCOPOSElectronicJournal@@@ATL@@QAEJPBUtagRECT@@PAUHWND__@@@Z 10005b44 f i ElectronicJournal.obj
 0001:00004b7a       ?DoVerbInPlaceActivate@?$IOleObjectImpl@VCOPOSElectronicJournal@@@ATL@@QAEJPBUtagRECT@@PAUHWND__@@@Z 10005b7a f i ElectronicJournal.obj
 0001:00004bad       ?DoVerbPrimary@?$IOleObjectImpl@VCOPOSElectronicJournal@@@ATL@@QAEJPBUtagRECT@@PAUHWND__@@@Z 10005bad f i ElectronicJournal.obj
 0001:00004c39       ?DoVerbProperties@CComControlBase@ATL@@QAEJPBUtagRECT@@PAUHWND__@@@Z 10005c39 f i ElectronicJournal.obj
 0001:00004db8       ?DoVerbUIActivate@?$IOleObjectImpl@VCOPOSElectronicJournal@@@ATL@@QAEJPBUtagRECT@@PAUHWND__@@@Z 10005db8 f i ElectronicJournal.obj
 0001:00004df5       ?DoesVerbActivate@CComControlBase@ATL@@QAEHJ@Z 10005df5 f i ElectronicJournal.obj
 0001:00004e16       ?DoesVerbUIActivate@CComControlBase@ATL@@QAEHJ@Z 10005e16 f i ElectronicJournal.obj
 0001:00004e4b       ?EndOfVar@CRegParser@ATL@@IAEHXZ 10005e4b f i ElectronicJournal.obj
 0001:00004e6b       ?EscapeSingleQuote@CAtlModule@ATL@@SAXPA_WIPB_W@Z 10005e6b f i ElectronicJournal.obj
 0001:00004eba       ?FindKey@?$CSimpleMap@PA_WPA_WVCExpansionVectorEqualHelper@ATL@@@ATL@@QBEHABQA_W@Z 10005eba f i ElectronicJournal.obj
 0001:00004ef1       ?FireTheEvent@?$CProxy_IOPOSEvents@VCOPOSElectronicJournal@@@@IAEXPAVOposVariant@@IAAJPB_WJ@Z 10005ef1 f i ElectronicJournal.obj
 0001:00004f83       ?FireViewChange@CComControlBase@ATL@@QAEJXZ 10005f83 f i ElectronicJournal.obj
 0001:00004fcc       ?Fire_DataEvent@?$CProxy_IOPOSEvents@VCOPOSElectronicJournal@@@@QAEXJ@Z 10005fcc f i ElectronicJournal.obj
 0001:0000505f       ?Fire_DirectIOEvent@?$CProxy_IOPOSEvents@VCOPOSElectronicJournal@@@@QAEXJPAJPAPA_W@Z 1000605f f i ElectronicJournal.obj
 0001:00005148       ?Fire_ErrorEvent@?$CProxy_IOPOSEvents@VCOPOSElectronicJournal@@@@QAEXJJJPAJ@Z 10006148 f i ElectronicJournal.obj
 0001:00005232       ?Fire_OutputCompleteEvent@?$CProxy_IOPOSEvents@VCOPOSElectronicJournal@@@@QAEXJ@Z 10006232 f i ElectronicJournal.obj
 0001:000052c5       ?Fire_StatusUpdateEvent@?$CProxy_IOPOSEvents@VCOPOSElectronicJournal@@@@QAEXJ@Z 100062c5 f i ElectronicJournal.obj
 0001:00005358       ?FreeHeap@?$CTempBuffer@E$0BAA@VCCRTAllocator@ATL@@@ATL@@AAEXXZ 10006358 f i ElectronicJournal.obj
 0001:00005358       ?FreeHeap@?$CTempBuffer@_W$0EAA@VCCRTAllocator@ATL@@@ATL@@AAEXXZ 10006358 f i ElectronicJournal.obj
 0001:00005358       ?FreeHeap@?$CTempBuffer@_W$0BAA@VCCRTAllocator@ATL@@@ATL@@AAEXXZ 10006358 f i ElectronicJournal.obj
 0001:00005361       ?GetAmbientLocaleID@CComControlBase@ATL@@QAEJAAK@Z 10006361 f i ElectronicJournal.obj
 0001:000053bd       ?GetAmbientUserMode@CComControlBase@ATL@@QAEJAAH@Z 100063bd f i ElectronicJournal.obj
 0001:0000542d       ?GetAt@CComDynamicUnkArray@ATL@@QAEPAUIUnknown@@H@Z 1000642d f i ElectronicJournal.obj
 0001:00005449       ?GetClassObject@CComModule@ATL@@QAEJABU_GUID@@0PAPAX@Z 10006449 f i ElectronicJournal.obj
 0001:000054eb       ?GetConnMap@COPOSElectronicJournal@@SAPBU_ATL_CONNMAP_ENTRY@ATL@@PAH@Z 100064eb f i ElectronicJournal.obj
 0001:0000555b       ?GetCookie@CComDynamicUnkArray@ATL@@QAGKPAPAUIUnknown@@@Z 1000655b f i ElectronicJournal.obj
 0001:00005593       ?GetIDsOfNames@CComTypeInfoHolder@ATL@@QAEJABU_GUID@@PAPA_WIKPAJ@Z 10006593 f i ElectronicJournal.obj
 0001:000056ba       ?GetKeyAt@?$CSimpleMap@PA_WPA_WVCExpansionVectorEqualHelper@ATL@@@ATL@@QBEAAPA_WH@Z 100066ba f i ElectronicJournal.obj
 0001:000056df       ?GetPagesHelper@?$ISpecifyPropertyPagesImpl@VCOPOSElectronicJournal@@@ATL@@IAEJPAUtagCAUUID@@PBUATL_PROPMAP_ENTRY@2@@Z 100066df f i ElectronicJournal.obj
 0001:00005806       ?GetProperty@?$CComPtr@UIDispatch@@@ATL@@SAJPAUIDispatch@@JPAUtagVARIANT@@@Z 10006806 f i ElectronicJournal.obj
 0001:00005855       ?GetSizeMax@CComVariant@ATL@@QBEJPAT_ULARGE_INTEGER@@@Z 10006855 f i ElectronicJournal.obj
 0001:00005a1b       ?GetTI@CComTypeInfoHolder@ATL@@QAEJK@Z 10006a1b f i ElectronicJournal.obj
 0001:00005bfa       ?GetTI@CComTypeInfoHolder@ATL@@QAEJKPAPAUITypeInfo@@@Z 10006bfa f i ElectronicJournal.obj
 0001:00005c3c       ?GetUnknown@CComDynamicUnkArray@ATL@@QAGPAUIUnknown@@K@Z 10006c3c f i ElectronicJournal.obj
 0001:00005c5d       ?GetValueAt@?$CSimpleMap@PA_WPA_WVCExpansionVectorEqualHelper@ATL@@@ATL@@QBEAAPA_WH@Z 10006c5d f i ElectronicJournal.obj
 0001:00005c83       ?GetZoomInfo@CComControlBase@ATL@@QAEXAAUATL_DRAWINFO@@@Z 10006c83 f i ElectronicJournal.obj
 0001:00005d16       ?HKeyFromString@CRegParser@ATL@@KAPAUHKEY__@@PA_W@Z 10006d16 f i ElectronicJournal.obj
 0001:00005d44       ?HasSubKeys@CRegParser@ATL@@IAEHPAUHKEY__@@@Z 10006d44 f i ElectronicJournal.obj
 0001:00005d79       ?IDataObject_GetData@CComControlBase@ATL@@QAEJPAUtagFORMATETC@@PAUtagSTGMEDIUM@@@Z 10006d79 f i ElectronicJournal.obj
 0001:00005f1f       ?IOleInPlaceObject_InPlaceDeactivate@CComControlBase@ATL@@QAEJXZ 10006f1f f i ElectronicJournal.obj
 0001:00005fa6       ?IOleInPlaceObject_SetObjectRects@CComControlBase@ATL@@QAEJPBUtagRECT@@0@Z 10006fa6 f i ElectronicJournal.obj
 0001:00006073       ?IOleInPlaceObject_UIDeactivate@CComControlBase@ATL@@QAEJXZ 10007073 f i ElectronicJournal.obj
 0001:00006135       ?IOleObject_Advise@CComControlBase@ATL@@QAEJPAUIAdviseSink@@PAK@Z 10007135 f i ElectronicJournal.obj
 0001:0000615f       ?IOleObject_Close@CComControlBase@ATL@@QAEJK@Z 1000715f f i ElectronicJournal.obj
 0001:00006243       ?IOleObject_GetClientSite@CComControlBase@ATL@@QAEJPAPAUIOleClientSite@@@Z 10007243 f i ElectronicJournal.obj
 0001:0000626c       ?IOleObject_SetClientSite@CComControlBase@ATL@@QAEJPAUIOleClientSite@@@Z 1000726c f i ElectronicJournal.obj
 0001:000062ab       ?IOleObject_SetExtent@CComControlBase@ATL@@QAEJKPAUtagSIZE@@@Z 100072ab f i ElectronicJournal.obj
 0001:0000635f       ?IPSI_GetIPersistStreamInit@?$IPersistStorageImpl@VCOPOSElectronicJournal@@@ATL@@AAEPAUIPersistStreamInit@@XZ 1000735f f i ElectronicJournal.obj
 0001:00006407       ?IPersistStreamInit_Load@?$IPersistStreamInitImpl@VCOPOSElectronicJournal@@@ATL@@QAEJPAUIStream@@PBUATL_PROPMAP_ENTRY@2@@Z 10007407 f i ElectronicJournal.obj
 0001:00006683       ?IPersistStreamInit_Save@?$IPersistStreamInitImpl@VCOPOSElectronicJournal@@@ATL@@QAEJPAUIStream@@HPBUATL_PROPMAP_ENTRY@2@@Z 10007683 f i ElectronicJournal.obj
 0001:00006871       ?IQuickActivate_QuickActivate@CComControlBase@ATL@@QAEJPAUtagQACONTAINER@@PAUtagQACONTROL@@@Z 10007871 f i ElectronicJournal.obj
 0001:00006ab3       ?IViewObject_Draw@CComControlBase@ATL@@QAEJKJPAXPAUtagDVTARGETDEVICE@@PAUHDC__@@2PBU_RECTL@@3@Z 10007ab3 f i ElectronicJournal.obj
 0001:00006b5b       ?InPlaceActivate@CComControlBase@ATL@@QAEJJPBUtagRECT@@@Z 10007b5b f i ElectronicJournal.obj
 0001:00006dcc       ?Init@?$CComEnumImpl@UIEnumConnectionPoints@@$1?_GUID_b196b285_bab4_101a_b69c_00aa00341d07@@3U__s_GUID@@BPAUIConnectionPoint@@V?$_CopyInterface@UIConnectionPoint@@@ATL@@@ATL@@QAEJPAPAUIConnectionPoint@@0PAUIUnknown@@W4CComEnumFlags@2@@Z 10007dcc f i ElectronicJournal.obj
 0001:00006eab       ?Init@?$CComEnumImpl@UIEnumConnections@@$1?_GUID_b196b287_bab4_101a_b69c_00aa00341d07@@3U__s_GUID@@BUtagCONNECTDATA@@V?$_Copy@UtagCONNECTDATA@@@ATL@@@ATL@@QAEJPAUtagCONNECTDATA@@0PAUIUnknown@@W4CComEnumFlags@2@@Z 10007eab f i ElectronicJournal.obj
 0001:00006f8a       ?Init@CComModule@ATL@@QAEJPAU_ATL_OBJMAP_ENTRY30@2@PAUHINSTANCE__@@PBU_GUID@@@Z 10007f8a f i ElectronicJournal.obj
 0001:00006fe9       ?Init@CDynamicStdCallThunk2@ATL@@QAEHKPAX@Z 10007fe9 f i ElectronicJournal.obj
 0001:00007014       ?InlineIsEqualUnknown@ATL@@YGHABU_GUID@@@Z 10008014 f i ElectronicJournal.obj
 0001:0000703c       ?InternalSetAtIndex@?$CSimpleMap@PA_WPA_WVCExpansionVectorEqualHelper@ATL@@@ATL@@QAEXHABQA_W0@Z 1000803c f i ElectronicJournal.obj
 0001:00007066       ?Invoke@CComTypeInfoHolder@ATL@@QAEJPAUIDispatch@@JABU_GUID@@KGPAUtagDISPPARAMS@@PAUtagVARIANT@@PAUtagEXCEPINFO@@PAI@Z 10008066 f i ElectronicJournal.obj
 0001:000070a9       ?IsEqualObject@?$CComPtrBase@UITypeInfo@@@ATL@@QAE_NPAUIUnknown@@@Z 100080a9 f i ElectronicJournal.obj
 0001:000070a9       ?IsEqualObject@?$CComPtrBase@UIOleClientSite@@@ATL@@QAE_NPAUIUnknown@@@Z 100080a9 f i ElectronicJournal.obj
 0001:00007116       ?IsSpace@CRegParser@ATL@@IAEH_W@Z 10008116 f i ElectronicJournal.obj
 0001:00007140       ?LoadNameCache@CComTypeInfoHolder@ATL@@QAEJPAUITypeInfo@@@Z 10008140 f i ElectronicJournal.obj
 0001:0000728c       ?Lookup@?$CSimpleMap@PA_WPA_WVCExpansionVectorEqualHelper@ATL@@@ATL@@QBEPA_WABQA_W@Z 1000828c f i ElectronicJournal.obj
 0001:000072b2       ?NextToken@CRegParser@ATL@@IAEJPA_W@Z 100082b2 f i ElectronicJournal.obj
 0001:000073ea       ?OnKillFocus@CComControlBase@ATL@@QAEJIIJAAH@Z 100083ea f i ElectronicJournal.obj
 0001:00007445       ?OnMouseActivate@CComControlBase@ATL@@QAEJIIJAAH@Z 10008445 f i ElectronicJournal.obj
 0001:000074b3       ?OnPaint@CComControlBase@ATL@@QAEJIIJAAH@Z 100084b3 f i ElectronicJournal.obj
 0001:00007565       ?OnSetFocus@CComControlBase@ATL@@QAEJIIJAAH@Z 10008565 f i ElectronicJournal.obj
 0001:000075ee       ?Open@CRegKey@ATL@@QAEJPAUHKEY__@@PB_WK@Z 100085ee f i ElectronicJournal.obj
 0001:00007643       ?PreProcessBuffer@CRegParser@ATL@@QAEJPA_WPAPA_W@Z 10008643 f i ElectronicJournal.obj
 0001:000078ad       ?ProcessWindowMessage@?$CComControl@VCOPOSElectronicJournal@@V?$CWindowImpl@VCOPOSElectronicJournal@@VCWindow@ATL@@V?$CWinTraits@$0FGAAAAAA@$0A@@3@@ATL@@@ATL@@UAEHPAUHWND__@@IIJAAJK@Z 100088ad f i ElectronicJournal.obj
 0001:0000794c       ?ReadFromStream@CComBSTR@ATL@@QAEJPAUIStream@@@Z 1000894c f i ElectronicJournal.obj
 0001:00007a7a       ?ReadFromStream@CComVariant@ATL@@QAEJPAUIStream@@GTClassesAllowedInStream@2@K@Z 10008a7a f i ElectronicJournal.obj
 0001:00007c00       ?RecurseDeleteKey@CRegKey@ATL@@QAEJPB_W@Z 10008c00 f i ElectronicJournal.obj
 0001:00007cee       ?RegCreateKeyExW@CAtlTransactionManager@ATL@@QAEJPAUHKEY__@@PB_WKPA_WKKQAU_SECURITY_ATTRIBUTES@@PAPAU3@PAK@Z 10008cee f i ElectronicJournal.obj
 0001:00007d51       ?RegDeleteKeyW@CAtlTransactionManager@ATL@@QAEJPAUHKEY__@@PB_W@Z 10008d51 f i ElectronicJournal.obj
 0001:00007da3       ?RegOpenKeyExW@CAtlTransactionManager@ATL@@QAEJPAUHKEY__@@PB_WKKPAPAU3@@Z 10008da3 f i ElectronicJournal.obj
 0001:00007dfa       ?Register@_ATL_WNDCLASSINFOW@ATL@@QAEGPAP6GJPAUHWND__@@IIJ@Z@Z 10008dfa f i ElectronicJournal.obj
 0001:00007e1a       ?RegisterBuffer@CRegParser@ATL@@QAEJPA_WH@Z 10008e1a f i ElectronicJournal.obj
 0001:00007f53       ?RegisterFromResource@CRegObject@ATL@@IAEJPB_W00H@Z 10008f53 f i ElectronicJournal.obj
 0001:00008089       ?RegisterServer@?$CAtlModuleT@VCComModule@ATL@@@ATL@@QAEJHPBU_GUID@@@Z 10009089 f i ElectronicJournal.obj
 0001:000080b7       ?RegisterServer@CComModule@ATL@@QAEJHPBU_GUID@@@Z 100090b7 f i ElectronicJournal.obj
 0001:0000812d       ?RegisterSubkeys@CRegParser@ATL@@IAEJPA_WPAUHKEY__@@HH@Z 1000912d f i ElectronicJournal.obj
 0001:000087d4       ?Remove@CComDynamicUnkArray@ATL@@QAEHK@Z 100097d4 f i ElectronicJournal.obj
 0001:000087fd       ?RemoveAll@?$CSimpleMap@PA_WPA_WVCExpansionVectorEqualHelper@ATL@@@ATL@@QAEXXZ 100097fd f i ElectronicJournal.obj
 0001:00008829       ?ResourceRegisterSz@CRegObject@ATL@@QAGJPB_W00@Z 10009829 f i ElectronicJournal.obj
 0001:00008856       ?ResourceUnregisterSz@CRegObject@ATL@@QAGJPB_W00@Z 10009856 f i ElectronicJournal.obj
 0001:00008883       ?SendOnDataChange@CComControlBase@ATL@@QAEJK@Z 10009883 f i ElectronicJournal.obj
 0001:000088d0       ?SetControlFocus@CComControlBase@ATL@@QAEHH@Z 100098d0 f i ElectronicJournal.obj
 0001:0000896d       ?SetMultiStringValue@CRegKey@ATL@@QAEJPB_W0@Z 1000996d f i ElectronicJournal.obj
 0001:000089c9       ?SetStringValue@CRegKey@ATL@@QAEJPB_W0K@Z 100099c9 f i ElectronicJournal.obj
 0001:00008a12       ?SkipAssignment@CRegParser@ATL@@IAEJPA_W@Z 10009a12 f i ElectronicJournal.obj
 0001:00008a77       ?SkipWhiteSpace@CRegParser@ATL@@IAEXXZ 10009a77 f i ElectronicJournal.obj
 0001:00008a99       ?StrChrW@CRegParser@ATL@@KAPA_WPA_W_W@Z 10009a99 f i ElectronicJournal.obj
 0001:00008ad6       ?Term@CAtlModule@ATL@@QAEXXZ 10009ad6 f i ElectronicJournal.obj
 0001:00008b29       ?Term@CComModule@ATL@@QAEXXZ 10009b29 f i ElectronicJournal.obj
 0001:00008b81       ?UnregisterServer@?$CAtlModuleT@VCComModule@ATL@@@ATL@@QAEJHPBU_GUID@@@Z 10009b81 f i ElectronicJournal.obj
 0001:00008ba7       ?UnregisterServer@CComModule@ATL@@QAEJHPBU_GUID@@@Z 10009ba7 f i ElectronicJournal.obj
 0001:00008c1d       ?UpdateRegistryFromResource@CAtlModule@ATL@@QAGJIHPAU_ATL_REGMAP_ENTRY@2@@Z 10009c1d f i ElectronicJournal.obj
 0001:00008de8       ?UpdateRegistryFromResource@CAtlModule@ATL@@QAGJPB_WHPAU_ATL_REGMAP_ENTRY@2@@Z 10009de8 f i ElectronicJournal.obj
 0001:00008fb9       ?VTFromRegType@CRegParser@ATL@@KAHPB_WAAG@Z 10009fb9 f i ElectronicJournal.obj
 0001:00009026       ?WindowProc@?$CWindowImplBaseT@VCWindow@ATL@@V?$CWinTraits@$0FGAAAAAA@$0A@@2@@ATL@@SGJPAUHWND__@@IIJ@Z 1000a026 f i ElectronicJournal.obj
 0001:00009118       ?WriteToStream@CComBSTR@ATL@@QAEJPAUIStream@@@Z 1000a118 f i ElectronicJournal.obj
 0001:0000917a       ?WriteToStream@CComVariant@ATL@@QAEJPAUIStream@@@Z 1000a17a f i ElectronicJournal.obj
 0001:000092f4       ?WriteToStream@CComVariant@ATL@@QAEJPAUIStream@@G@Z 1000a2f4 f i ElectronicJournal.obj
 0001:0000935d       ?_AtlInitialConstruct@?$CComObjectRootEx@VCComMultiThreadModel@ATL@@@ATL@@QAEJXZ 1000a35d f i ElectronicJournal.obj
 0001:00009372       ?_AtlVerifyStackAvailable@_ATL_SAFE_ALLOCA_IMPL@ATL@@YA_NK@Z 1000a372 f i ElectronicJournal.obj
 0001:000093f0       ?atlCreate@?$CWindowImpl@VCOPOSElectronicJournal@@VCWindow@ATL@@V?$CWinTraits@$0FGAAAAAA@$0A@@3@@ATL@@QAEPAUHWND__@@PAU3@V_U_RECT@2@PB_WKKV_U_MENUorID@2@PAX@Z 1000a3f0 f i ElectronicJournal.obj
 0001:00009434       ?atlCreate@?$CWindowImplBaseT@VCWindow@ATL@@V?$CWinTraits@$0FGAAAAAA@$0A@@2@@ATL@@QAEPAUHWND__@@PAU3@V_U_RECT@2@PB_WKKV_U_MENUorID@2@GPAX@Z 1000a434 f i ElectronicJournal.obj
 0001:000094d0       ?copy@?$_Copy@UtagCONNECTDATA@@@ATL@@SAJPAUtagCONNECTDATA@@PBU3@@Z 1000a4d0 f i ElectronicJournal.obj
 0001:00009506       ?copy@?$_CopyInterface@UIConnectionPoint@@@ATL@@SAJPAPAUIConnectionPoint@@PBQAU3@@Z 1000a506 f i ElectronicJournal.obj
 0001:00009534       ?memcpy_s@Checked@ATL@@YAXPAXIPBXI@Z 1000a534 f i ElectronicJournal.obj
 0001:00009553       ?ocscpy_s@@YA_NPA_WIPB_W@Z 1000a553 f i ElectronicJournal.obj
 0001:0000959d       ?wcscpy_s@Checked@ATL@@YAXPA_WIPB_W@Z 1000a59d f i ElectronicJournal.obj
 0001:000095b9       _DllCanUnloadNow@0         1000a5b9 f   ElectronicJournal.obj
 0001:000095c5       _DllGetClassObject@12      1000a5c5 f   ElectronicJournal.obj
 0001:000095d3       _DllMain@12                1000a5d3 f   ElectronicJournal.obj
 0001:00009615       _DllRegisterServer@0       1000a615 f   ElectronicJournal.obj
 0001:00009624       _DllUnregisterServer@0     1000a624 f   ElectronicJournal.obj
 0001:00009633       _InlineIsEqualGUID         1000a633 f i ElectronicJournal.obj
 0001:00009663       ___local_stdio_printf_options 1000a663 f i ElectronicJournal.obj
 0001:00009669       __vswprintf_s_l            1000a669 f i ElectronicJournal.obj
 0001:00009716       _swprintf_s                1000a716 f i ElectronicJournal.obj
 0001:00009732       ??0?$CComControl@VCOPOSElectronicJournal@@V?$CWindowImpl@VCOPOSElectronicJournal@@VCWindow@ATL@@V?$CWinTraits@$0FGAAAAAA@$0A@@3@@ATL@@@ATL@@QAE@XZ 1000a732 f i ElectronicJournalImpl.obj
 0001:00009759       ??0?$CProxy_IOPOSEvents@VCOPOSElectronicJournal@@@@QAE@XZ 1000a759 f i ElectronicJournalImpl.obj
 0001:0000977c       ??0CComControlBase@ATL@@QAE@AAPAUHWND__@@@Z 1000a77c f i ElectronicJournalImpl.obj
 0001:000097c6       ??0COPOSElectronicJournal@@QAE@XZ 1000a7c6 f   ElectronicJournalImpl.obj
 0001:000097fc       ??1?$CComControl@VCOPOSElectronicJournal@@V?$CWindowImpl@VCOPOSElectronicJournal@@VCWindow@ATL@@V?$CWinTraits@$0FGAAAAAA@$0A@@3@@ATL@@@ATL@@UAE@XZ 1000a7fc f i ElectronicJournalImpl.obj
 0001:00009815       ??1?$IConnectionPointImpl@VCOPOSElectronicJournal@@$1?IID_IPropertyNotifySink@@3U_GUID@@BVCComDynamicUnkArray@ATL@@@ATL@@QAE@XZ 1000a815 f i ElectronicJournalImpl.obj
 0001:00009815       ??1?$IConnectionPointImpl@VCOPOSElectronicJournal@@$1?DIID__IOPOSElectronicJournalEvents@@3U_GUID@@BVCComDynamicUnkArray@ATL@@@ATL@@QAE@XZ 1000a815 f i ElectronicJournalImpl.obj
 0001:00009852       ??1CComControlBase@ATL@@UAE@XZ 1000a852 f i ElectronicJournalImpl.obj
 0001:000098b5       ??1COPOSElectronicJournal@@UAE@XZ 1000a8b5 f   ElectronicJournalImpl.obj
 0001:000098fd       ?AddMarker@COPOSElectronicJournal@@UAGJPA_WPAJ@Z 1000a8fd f   ElectronicJournalImpl.obj
 0001:00009954       ?CancelPrintContent@COPOSElectronicJournal@@UAGJPAJ@Z 1000a954 f   ElectronicJournalImpl.obj
 0001:0000996f       ?CancelQueryContent@COPOSElectronicJournal@@UAGJPAJ@Z 1000a96f f   ElectronicJournalImpl.obj
 0001:0000998a       ?CheckHealth@COPOSElectronicJournal@@UAGJJPAJ@Z 1000a98a f   ElectronicJournalImpl.obj
 0001:000099d9       ?ClaimDevice@COPOSElectronicJournal@@UAGJJPAJ@Z 1000a9d9 f   ElectronicJournalImpl.obj
 0001:00009a4e       ?ClearInput@COPOSElectronicJournal@@UAGJPAJ@Z 1000aa4e f   ElectronicJournalImpl.obj
 0001:00009a69       ?ClearOutput@COPOSElectronicJournal@@UAGJPAJ@Z 1000aa69 f   ElectronicJournalImpl.obj
 0001:00009a84       ?Close@COPOSElectronicJournal@@UAGJPAJ@Z 1000aa84 f   ElectronicJournalImpl.obj
 0001:00009af2       ?CompareFirmwareVersion@COPOSElectronicJournal@@UAGJPA_WPAJ1@Z 1000aaf2 f   ElectronicJournalImpl.obj
 0001:00009b72       ?DirectIO@COPOSElectronicJournal@@UAGJJPAJPAPA_W0@Z 1000ab72 f   ElectronicJournalImpl.obj
 0001:00009c20       ?DoInvoke@COPOSElectronicJournal@@IAEJJPAVOposVariant@@IHPAJ_N@Z 1000ac20 f   ElectronicJournalImpl.obj
 0001:00009cfc       ?EraseMedium@COPOSElectronicJournal@@UAGJPAJ@Z 1000acfc f   ElectronicJournalImpl.obj
 0001:00009d17       ?EventClose@COPOSElectronicJournal@@IAEXXZ 1000ad17 f i ElectronicJournalImpl.obj
 0001:00009d4a       ?EventInit@COPOSElectronicJournal@@IAEJXZ 1000ad4a f i ElectronicJournalImpl.obj
 0001:00009e16       ?EventUninit@COPOSElectronicJournal@@IAEXXZ 1000ae16 f i ElectronicJournalImpl.obj
 0001:00009e68       ?EventWindowProc@COPOSElectronicJournal@@IAGJIIJ@Z 1000ae68 f i ElectronicJournalImpl.obj
 0001:00009f66       ?FinalConstruct@COPOSElectronicJournal@@QAEJXZ 1000af66 f   ElectronicJournalImpl.obj
 0001:00009f9f       ?FireEventCleanup@COPOSElectronicJournal@@IAEXXZ 1000af9f f i ElectronicJournalImpl.obj
 0001:00009fb5       ?FireEventSetup@COPOSElectronicJournal@@IAE_NXZ 1000afb5 f i ElectronicJournalImpl.obj
 0001:00009fe9       ?FreezeEvents@COPOSElectronicJournal@@MAGJH@Z 1000afe9 f   ElectronicJournalImpl.obj
 0001:0000a049       ?GetOposProp@COPOSElectronicJournal@@IAEJJPAFJ@Z 1000b049 f   ElectronicJournalImpl.obj
 0001:0000a06c       ?GetOposProp@COPOSElectronicJournal@@IAEJJPAJJ@Z 1000b06c f   ElectronicJournalImpl.obj
 0001:0000a13b       ?GetOposProp@COPOSElectronicJournal@@IAEJJPAPA_WJ@Z 1000b13b f   ElectronicJournalImpl.obj
 0001:0000a217       ?InitializeMedium@COPOSElectronicJournal@@UAGJPA_WPAJ@Z 1000b217 f   ElectronicJournalImpl.obj
 0001:0000a26e       ?OnDraw@COPOSElectronicJournal@@MAEJAAUATL_DRAWINFO@@@Z 1000b26e f   ElectronicJournalImpl.obj
 0001:0000a30e       ?Open@COPOSElectronicJournal@@UAGJPA_WPAJ@Z 1000b30e f   ElectronicJournalImpl.obj
 0001:0000ab50       ?PrintContent@COPOSElectronicJournal@@UAGJPA_W0PAJ@Z 1000bb50 f   ElectronicJournalImpl.obj
 0001:0000abd0       ?PrintContentFile@COPOSElectronicJournal@@UAGJPA_WPAJ@Z 1000bbd0 f   ElectronicJournalImpl.obj
 0001:0000ac27       ?QueryContent@COPOSElectronicJournal@@UAGJPA_W00PAJ@Z 1000bc27 f   ElectronicJournalImpl.obj
 0001:0000acdf       ?ReleaseDevice@COPOSElectronicJournal@@UAGJPAJ@Z 1000bcdf f   ElectronicJournalImpl.obj
 0001:0000ad2e       ?ResetStatistics@COPOSElectronicJournal@@UAGJPA_WPAJ@Z 1000bd2e f   ElectronicJournalImpl.obj
 0001:0000ad85       ?ResumePrintContent@COPOSElectronicJournal@@UAGJPAJ@Z 1000bd85 f   ElectronicJournalImpl.obj
 0001:0000ada0       ?ResumeQueryContent@COPOSElectronicJournal@@UAGJPAJ@Z 1000bda0 f   ElectronicJournalImpl.obj
 0001:0000adbb       ?RetrieveCurrentMarker@COPOSElectronicJournal@@UAGJJPAPA_WPAJ@Z 1000bdbb f   ElectronicJournalImpl.obj
 0001:0000ae37       ?RetrieveMarker@COPOSElectronicJournal@@UAGJJJJPAPA_WPAJ@Z 1000be37 f   ElectronicJournalImpl.obj
 0001:0000aee6       ?RetrieveMarkerByDateTime@COPOSElectronicJournal@@UAGJJPA_W0PAPA_WPAJ@Z 1000bee6 f   ElectronicJournalImpl.obj
 0001:0000afa9       ?RetrieveMarkersDateTime@COPOSElectronicJournal@@UAGJPA_WPAPA_WPAJ@Z 1000bfa9 f   ElectronicJournalImpl.obj
 0001:0000b029       ?RetrieveStatistics@COPOSElectronicJournal@@UAGJPAPA_WPAJ@Z 1000c029 f   ElectronicJournalImpl.obj
 0001:0000b080       ?SOProcessID@COPOSElectronicJournal@@UAGJPAJ@Z 1000c080 f   ElectronicJournalImpl.obj
 0001:0000b094       ?SetCOFreezeEvents@COPOSElectronicJournal@@IAEXF@Z 1000c094 f   ElectronicJournalImpl.obj
 0001:0000b134       ?SetOposProp@COPOSElectronicJournal@@IAEJJJJ@Z 1000c134 f   ElectronicJournalImpl.obj
 0001:0000b22b       ?SuspendPrintContent@COPOSElectronicJournal@@UAGJPAJ@Z 1000c22b f   ElectronicJournalImpl.obj
 0001:0000b246       ?SuspendQueryContent@COPOSElectronicJournal@@UAGJPAJ@Z 1000c246 f   ElectronicJournalImpl.obj
 0001:0000b261       ?UpdateFirmware@COPOSElectronicJournal@@UAGJPA_WPAJ@Z 1000c261 f   ElectronicJournalImpl.obj
 0001:0000b2b8       ?UpdateStatistics@COPOSElectronicJournal@@UAGJPA_WPAJ@Z 1000c2b8 f   ElectronicJournalImpl.obj
 0001:0000b30f       ?get_AsyncMode@COPOSElectronicJournal@@UAGJPAF@Z 1000c30f f   ElectronicJournalImpl.obj
 0001:0000b328       ?get_AutoDisable@COPOSElectronicJournal@@UAGJPAF@Z 1000c328 f   ElectronicJournalImpl.obj
 0001:0000b33e       ?get_BinaryConversion@COPOSElectronicJournal@@UAGJPAJ@Z 1000c33e f   ElectronicJournalImpl.obj
 0001:0000b354       ?get_CapAddMarker@COPOSElectronicJournal@@UAGJPAF@Z 1000c354 f   ElectronicJournalImpl.obj
 0001:0000b36d       ?get_CapCompareFirmwareVersion@COPOSElectronicJournal@@UAGJPAF@Z 1000c36d f   ElectronicJournalImpl.obj
 0001:0000b386       ?get_CapErasableMedium@COPOSElectronicJournal@@UAGJPAF@Z 1000c386 f   ElectronicJournalImpl.obj
 0001:0000b39f       ?get_CapInitializeMedium@COPOSElectronicJournal@@UAGJPAF@Z 1000c39f f   ElectronicJournalImpl.obj
 0001:0000b3b8       ?get_CapMediumIsAvailable@COPOSElectronicJournal@@UAGJPAF@Z 1000c3b8 f   ElectronicJournalImpl.obj
 0001:0000b3d1       ?get_CapPowerReporting@COPOSElectronicJournal@@UAGJPAJ@Z 1000c3d1 f   ElectronicJournalImpl.obj
 0001:0000b3ea       ?get_CapPrintContent@COPOSElectronicJournal@@UAGJPAF@Z 1000c3ea f   ElectronicJournalImpl.obj
[...]
 0002:00003ca8       ?LcidToLocaleNameTable@?A0x881e4c05@@3QBULcidToLocaleName@1@B 10023ca8     libucrt:lcidtoname_downlevel.obj
 0002:00004dd0       ?LocaleNameToIndexTable@?A0x881e4c05@@3QBULocaleNameIndex@1@B 10024dd0     libucrt:lcidtoname_downlevel.obj
 0002:00006628       ?large_power_indices@?1??multiply_by_power_of_ten@__crt_strtox@@YA_NAAUbig_integer@2@I@Z@4QBUunpack_index@?1??12@YA_N0I@Z@B 10026628     libucrt:cfout.obj
 0002:00006710       LOG_name                   10026710     libucrt:log10_impl.obj
 0002:00006720       _One                       10026720     libucrt:ceil_pentium4.obj
 0002:00006730       _Bns                       10026730     libucrt:ceil_pentium4.obj
 0002:00006740       _Zero                      10026740     libucrt:ceil_pentium4.obj
 0002:00006750       _S                         10026750     libucrt:ceil_pentium4.obj
 0002:00006760       _NegZero                   10026760     libucrt:ceil_pentium4.obj
 0002:00006770       emask                      10026770     libucrt:log10_pentium4.obj
 0002:00006780       CC                         10026780     libucrt:log10_pentium4.obj
 0002:00006790       Magic                      10026790     libucrt:log10_pentium4.obj
 0002:000067a0       hi_mask                    100267a0     libucrt:log10_pentium4.obj
 0002:000067b0       LOG10_2                    100267b0     libucrt:log10_pentium4.obj
 0002:000067c0       place_L                    100267c0     libucrt:log10_pentium4.obj
 0002:000067e0       One                        100267e0     libucrt:log10_pentium4.obj
 0002:000067f0       Zero                       100267f0     libucrt:log10_pentium4.obj
 0002:00006800       Two52                      10026800     libucrt:log10_pentium4.obj
 0002:00006810       Infs                       10026810     libucrt:log10_pentium4.obj
 0002:00006820       NaN                        10026820     libucrt:log10_pentium4.obj
 0002:00006830       coeff                      10026830     libucrt:log10_pentium4.obj
 0002:0000688e       _log2max                   1002688e     libucrt:87tran.obj
 0002:00006898       _smallarg                  10026898     libucrt:87tran.obj
 0002:000068a2       _half                      100268a2     libucrt:87tran.obj
 0002:000068ee       One                        100268ee     libucrt:87disp.obj
 0002:000068f6       Three                      100268f6     libucrt:87disp.obj
 0002:000068fe       XAMtoTagTab                100268fe     libucrt:87disp.obj
 0002:00006910       One                        10026910     libucrt:common.obj
 0002:00006924       DblMax                     10026924     libucrt:common.obj
 0002:0000692c       DblMin                     1002692c     libucrt:common.obj
 0002:00006934       IeeeAdjO                   10026934     libucrt:common.obj
 0002:0000693c       IeeeAdjU                   1002693c     libucrt:common.obj
 0002:00006944       _infinity                  10026944     libucrt:common.obj
 0002:0000694c       _zero                      1002694c     libucrt:common.obj
 0002:00006998       _over                      10026998     libucrt:fpctrl.obj
 0002:000069a4       _under                     100269a4     libucrt:fpctrl.obj
 0002:000071d8       ?_names@?1??_get_fname@@9@9 100271d8     libucrt:fpexcept.obj
 0002:00007380       two32                      10027380     LIBCMT:ftol2.obj
 0002:00007384       two63                      10027384     LIBCMT:ftol2.obj
 0002:00007388       _NaN                       10027388     LIBCMT:ftol2.obj
 0002:00007a40       __sehtable$?_AtlVerifyStackAvailable@_ATL_SAFE_ALLOCA_IMPL@ATL@@YA_NK@Z 10027a40     ElectronicJournal.obj
 0002:00007a60       __sehtable$___scrt_is_nonwritable_in_current_image 10027a60     LIBCMT:utility.obj
 0002:00007a7c       __catchsym$??2@YAPAXIABUnothrow_t@std@@@Z$2 10027a7c     LIBCMT:new_scalar_nothrow.obj
 0002:00007a8c       __unwindtable$??2@YAPAXIABUnothrow_t@std@@@Z 10027a8c     LIBCMT:new_scalar_nothrow.obj
 0002:00007a9c       __tryblocktable$??2@YAPAXIABUnothrow_t@std@@@Z 10027a9c     LIBCMT:new_scalar_nothrow.obj
 0002:00007ab0       __ehfuncinfo$??2@YAPAXIABUnothrow_t@std@@@Z 10027ab0     LIBCMT:new_scalar_nothrow.obj
 0002:00007ad8       __sehtable$?dllmain_crt_process_attach@@YAHQAUHINSTANCE__@@QAX@Z 10027ad8     LIBCMT:dll_dllmain.obj
 0002:00007af8       __sehtable$?dllmain_crt_process_detach@@YAH_N@Z 10027af8     LIBCMT:dll_dllmain.obj
 0002:00007b20       __sehtable$?dllmain_dispatch@@YAHQAUHINSTANCE__@@KQAX@Z 10027b20     LIBCMT:dll_dllmain.obj
 0002:00007bd0       __sehtable$___DestructExceptionObject 10027bd0     libvcruntime:ehhelpers.obj
 0002:00007bf0       __sehtable$?FrameUnwindToState@__FrameHandler3@@SAXPAUEHRegistrationNode@@PAXPBU_s_FuncInfo@@H@Z 10027bf0     libvcruntime:frame.obj
 0002:00007c18       __sehtable$?CallCatchBlock@@YAPAXPAUEHExceptionRecord@@PAUEHRegistrationNode@@PAU_CONTEXT@@PBU_s_FuncInfo@@PAXHK@Z 10027c18     libvcruntime:frame.obj
 0002:00007c40       __catchsym$?CallUnexpected@@YAXPBU_s_ESTypeList@@@Z$2 10027c40     libvcruntime:frame.obj
 0002:00007c50       __unwindtable$?CallUnexpected@@YAXPBU_s_ESTypeList@@@Z 10027c50     libvcruntime:frame.obj
 0002:00007c60       __tryblocktable$?CallUnexpected@@YAXPBU_s_ESTypeList@@@Z 10027c60     libvcruntime:frame.obj
 0002:00007c74       __ehfuncinfo$?CallUnexpected@@YAXPBU_s_ESTypeList@@@Z 10027c74     libvcruntime:frame.obj
 0002:00007c98       __sehtable$??$BuildCatchObjectHelperInternal@V__FrameHandler3@@@@YAHPAUEHExceptionRecord@@PAXPBU_s_HandlerType@@PBU_s_CatchableType@@@Z 10027c98     libvcruntime:frame.obj
 0002:00007cb8       __sehtable$??$BuildCatchObjectInternal@V__FrameHandler3@@@@YAXPAUEHExceptionRecord@@PAXPBU_s_HandlerType@@PBU_s_CatchableType@@@Z 10027cb8     libvcruntime:frame.obj
 0002:00007d10       __sehtable$??R<lambda_6e4b09c48022b2350581041d5f6b0c4c>@@QBE@XZ 10027d10     libucrt:exit.obj
 0002:00007d30       __sehtable$??$?RV<lambda_03b1d95aef87969028cfba75ccab2455>@@AAV<lambda_6e4b09c48022b2350581041d5f6b0c4c>@@V<lambda_22bdf7517842c4b3e53723af5aa32b9e>@@@?$__crt_seh_guarded_call@X@@QAEX$$QAV<lambda_03b1d95aef87969028cfba75ccab2455>@@AAV<lambda_6e4b09c48022b2350581041d5f6b0c4c>@@$$QAV<lambda_22bdf7517842c4b3e53723af5aa32b9e>@@@Z 10027d30     libucrt:exit.obj
 0002:00007d50       __sehtable$??$?RV<lambda_8e746cf0007f6ed984d6f78af1fec997>@@AAV<lambda_22ebabd17bc4fa466a2aca6d8deb888d>@@V<lambda_18ed0c0b38a6dc0daf1e7ac6d6adf05e>@@@?$__crt_seh_guarded_call@H@@QAEH$$QAV<lambda_8e746cf0007f6ed984d6f78af1fec997>@@AAV<lambda_22ebabd17bc4fa466a2aca6d8deb888d>@@$$QAV<lambda_18ed0c0b38a6dc0daf1e7ac6d6adf05e>@@@Z 10027d50     libucrt:onexit.obj
 0002:00007d70       __sehtable$??$?RV<lambda_69a2805e680e0e292e8ba93315fe43a8>@@AAV<lambda_f03950bc5685219e0bcd2087efbe011e>@@V<lambda_03fcd07e894ec930e3f35da366ca99d6>@@@?$__crt_seh_guarded_call@H@@QAEH$$QAV<lambda_69a2805e680e0e292e8ba93315fe43a8>@@AAV<lambda_f03950bc5685219e0bcd2087efbe011e>@@$$QAV<lambda_03fcd07e894ec930e3f35da366ca99d6>@@@Z 10027d70     libucrt:onexit.obj
 0002:00007d90       __sehtable$__query_new_handler 10027d90     libucrt:new_handler.obj
 0002:00007db0       __sehtable$_terminate      10027db0     libucrt:terminate.obj
 0002:00007dd0       __sehtable$??$?RV<lambda_15ade71b0218206bbe3333a0c9b79046>@@AAV<lambda_da44e0f8b0f19ba52fefafb335991732>@@V<lambda_207f2d024fc103971653565357d6cd41>@@@?$__crt_seh_guarded_call@X@@QAEX$$QAV<lambda_15ade71b0218206bbe3333a0c9b79046>@@AAV<lambda_da44e0f8b0f19ba52fefafb335991732>@@$$QAV<lambda_207f2d024fc103971653565357d6cd41>@@@Z 10027dd0     libucrt:per_thread_data.obj
 0002:00007df0       __sehtable$??$?RV<lambda_a7e850c220f1c8d1e6efeecdedd162c6>@@AAV<lambda_46720907175c18b6c9d2717bc0d2d362>@@V<lambda_9048902d66e8d99359bc9897bbb930a8>@@@?$__crt_seh_guarded_call@X@@QAEX$$QAV<lambda_a7e850c220f1c8d1e6efeecdedd162c6>@@AAV<lambda_46720907175c18b6c9d2717bc0d2d362>@@$$QAV<lambda_9048902d66e8d99359bc9897bbb930a8>@@@Z 10027df0     libucrt:per_thread_data.obj
 0002:00007e10       __sehtable$??$?RV<lambda_38edbb1296d33220d7e4dd0ed76b244a>@@AAV<lambda_5ce1d447e08cb34b2473517608e21441>@@V<lambda_fb385d3da700c9147fc39e65dd577a8c>@@@?$__crt_seh_guarded_call@X@@QAEX$$QAV<lambda_38edbb1296d33220d7e4dd0ed76b244a>@@AAV<lambda_5ce1d447e08cb34b2473517608e21441>@@$$QAV<lambda_fb385d3da700c9147fc39e65dd577a8c>@@@Z 10027e10     libucrt:per_thread_data.obj
 0002:00007e30       __sehtable$??$?RV<lambda_6affb1475c98b40b75cdec977db92e3c>@@AAV<lambda_b8d4b9c228a6ecc3f80208dbb4b4a104>@@V<lambda_608742c3c92a14382c1684fc64f96c88>@@@?$__crt_seh_guarded_call@X@@QAEX$$QAV<lambda_6affb1475c98b40b75cdec977db92e3c>@@AAV<lambda_b8d4b9c228a6ecc3f80208dbb4b4a104>@@$$QAV<lambda_608742c3c92a14382c1684fc64f96c88>@@@Z 10027e30     libucrt:per_thread_data.obj
 0002:00007e50       __sehtable$??$?RV<lambda_e5124f882df8998aaf41531e079ba474>@@AAV<lambda_3e16ef9562a7dcce91392c22ab16ea36>@@V<lambda_e25ca0880e6ef98be67edffd8c599615>@@@?$__crt_seh_guarded_call@X@@QAEX$$QAV<lambda_e5124f882df8998aaf41531e079ba474>@@AAV<lambda_3e16ef9562a7dcce91392c22ab16ea36>@@$$QAV<lambda_e25ca0880e6ef98be67edffd8c599615>@@@Z 10027e50     libucrt:wsetlocale.obj
 0002:00007e70       __sehtable$___acrt_initialize_lowio 10027e70     libucrt:ioinit.obj
 0002:00007e90       __sehtable$?update_thread_multibyte_data_internal@@YAPAU__crt_multibyte_data@@QAU__acrt_ptd@@QAPAU1@@Z 10027e90     libucrt:mbctype.obj
 0002:00007eb0       __sehtable$??$?RV<lambda_ceb1ee4838e85a9d631eb091e2fbe199>@@AAV<lambda_ae742caa10f662c28703da3d2ea5e57e>@@V<lambda_cd08b5d6af4937fe54fc07d0c9bf6b37>@@@?$__crt_seh_guarded_call@X@@QAEX$$QAV<lambda_ceb1ee4838e85a9d631eb091e2fbe199>@@AAV<lambda_ae742caa10f662c28703da3d2ea5e57e>@@$$QAV<lambda_cd08b5d6af4937fe54fc07d0c9bf6b37>@@@Z 10027eb0     libucrt:mbctype.obj
 0002:00007ed0       __sehtable$_raise          10027ed0     libucrt:signal.obj
 0002:00007ef0       __sehtable$??$?RV<lambda_cbab9ec6f41b0180b23cc171c22676b0>@@AAV<lambda_44731a7d0e6d81c3e6aa82d741081786>@@V<lambda_4b292cb8dd18144e164572427af410ab>@@@?$__crt_seh_guarded_call@P6AXH@Z@@QAEP6AXH@Z$$QAV<lambda_cbab9ec6f41b0180b23cc171c22676b0>@@AAV<lambda_44731a7d0e6d81c3e6aa82d741081786>@@$$QAV<lambda_4b292cb8dd18144e164572427af410ab>@@@Z 10027ef0     libucrt:signal.obj
 0002:00007f10       __sehtable$??$?RV<lambda_2866be3712abc81a800a822484c830d8>@@AAV<lambda_39ca0ed439415581b5b15c265174cece>@@V<lambda_2b24c74d71094a6cd0cb82e44167d71b>@@@?$__crt_seh_guarded_call@X@@QAEX$$QAV<lambda_2866be3712abc81a800a822484c830d8>@@AAV<lambda_39ca0ed439415581b5b15c265174cece>@@$$QAV<lambda_2b24c74d71094a6cd0cb82e44167d71b>@@@Z 10027f10     libucrt:fflush.obj
 0002:00007f30       __sehtable$??$?RV<lambda_2cc53f568c5a2bb6f192f930a45d44ea>@@AAV<lambda_ab61a845afdef5b7c387490eaf3616ee>@@V<lambda_c2ffc0b7726aa6be21d5f0026187e748>@@@?$__crt_seh_guarded_call@X@@QAEX$$QAV<lambda_2cc53f568c5a2bb6f192f930a45d44ea>@@AAV<lambda_ab61a845afdef5b7c387490eaf3616ee>@@$$QAV<lambda_c2ffc0b7726aa6be21d5f0026187e748>@@@Z 10027f30     libucrt:fflush.obj
 0002:00007f50       __sehtable$___acrt_update_thread_locale_data 10027f50     libucrt:locale_refcounting.obj
 0002:00007f70       __sehtable$__fcloseall     10027f70     libucrt:closeall.obj
 0002:00007f90       __sehtable$___acrt_lowio_ensure_fh_exists 10027f90     libucrt:osfinfo.obj
 0002:00007fb0       __sehtable$??$?RV<lambda_9e9de3de5fa147e2223d7db92bc10aa6>@@AAV<lambda_38ce7e780aa69e748d6df282ebc68efe>@@V<lambda_8ca6da459f0f6780f1cff60fdc3d00e5>@@@?$__crt_seh_guarded_call@H@@QAEH$$QAV<lambda_9e9de3de5fa147e2223d7db92bc10aa6>@@AAV<lambda_38ce7e780aa69e748d6df282ebc68efe>@@$$QAV<lambda_8ca6da459f0f6780f1cff60fdc3d00e5>@@@Z 10027fb0     libucrt:commit.obj
 0002:00007fd0       __sehtable$__write         10027fd0     libucrt:write.obj
 0002:00007ff0       __sehtable$_fclose         10027ff0     libucrt:fclose.obj
 0002:00008010       __sehtable$??$?RV<lambda_218ce3db14220d0be481dae8ef3383b6>@@AAV<lambda_628dfdc04ba53c8bfc02c9951375f3f5>@@V<lambda_57dc472bd5c9d5f3b2cbca59b8a843ae>@@@?$__crt_seh_guarded_call@H@@QAEH$$QAV<lambda_218ce3db14220d0be481dae8ef3383b6>@@AAV<lambda_628dfdc04ba53c8bfc02c9951375f3f5>@@$$QAV<lambda_57dc472bd5c9d5f3b2cbca59b8a843ae>@@@Z 10028010     libucrt:close.obj
 0002:00008030       __sehtable$__IsNonwritableInCurrentImage 10028030     LIBCMT:pesect.obj
 0002:00008060       .edata                     10028060     OPOSElectronicJournal.exp
 0002:00008088       rgpv                       10028088     OPOSElectronicJournal.exp
 0002:00008098       rgszName                   10028098     OPOSElectronicJournal.exp
 0002:000080a8       rgwOrd                     100280a8     OPOSElectronicJournal.exp
 0002:000080b0       szName                     100280b0     OPOSElectronicJournal.exp
 0002:000080ca       $N00001                    100280ca     OPOSElectronicJournal.exp
 0002:000080da       $N00002                    100280da     OPOSElectronicJournal.exp
 0002:000080ec       $N00003                    100280ec     OPOSElectronicJournal.exp
 0002:000080fe       $N00004                    100280fe     OPOSElectronicJournal.exp
 0002:0000870e       .idata$6                   1002870e     kernel32:KERNEL32.dll
 0002:00008922       .idata$6                   10028922     user32:USER32.dll
 0002:00008a56       .idata$6                   10028a56     gdi32:GDI32.dll
 0002:00008afc       .idata$6                   10028afc     advapi32:ADVAPI32.dll
 0002:00008c18       .idata$6                   10028c18     ole32:ole32.dll
 0002:00008c22       .idata$6                   10028c22     oleaut32:OLEAUT32.dll
 0003:00000110       ?ObjectMap@@3PAU_ATL_OBJMAP_ENTRY30@ATL@@A 1002a110     ElectronicJournal.obj
 0003:000001e8       ?s_SOMethodNames@@3PAPADA  1002a1e8     ElectronicJournalImpl.obj
 0003:0000027c       ?s_RequiredMethodsPerRelease@@3PAHA 1002a27c     ElectronicJournalImpl.obj
 0003:000002a0       ?__vcrt_flsindex@@3KA      1002a2a0     libvcruntime:per_thread_data.obj
 0003:000002c0       ?errno_no_memory@@3HA      1002a2c0     libucrt:errno.obj
 0003:000002c4       ?doserrno_no_memory@@3KA   1002a2c4     libucrt:errno.obj
 0003:000002d0       ?__acrt_flsindex@@3KA      1002a2d0     libucrt:per_thread_data.obj
 0003:00000668       __mbctypes                 1002a668     libucrt:mbctype.obj
 0003:00000770       __mbcasemaps               1002a770     libucrt:mbctype.obj
 0003:00000870       ?__rgctypeflag@@3PADA      1002a870     libucrt:mbctype.obj
 0003:00000878       ?__rgcode_page_info@@3PAUcode_page_info@@A 1002a878     libucrt:mbctype.obj
 0003:00000ad0       ?__dcrt_lowio_console_output_handle@@3PAXA 1002aad0     libucrt:initcon.obj
 0003:00000c68       ?is_initialized_as_dll@@3_NA 1002ac68     LIBCMT:utility.obj
 0003:00000c69       ?module_local_atexit_table_initialized@@3_NA 1002ac69     LIBCMT:utility.obj
 0003:00000c6c       ?module_local_atexit_table@@3U_onexit_table_t@@A 1002ac6c     LIBCMT:utility.obj
 0003:00000c78       ?module_local_at_quick_exit_table@@3U_onexit_table_t@@A 1002ac78     LIBCMT:utility.obj
 0003:00000c84       ?g_tss_cv@@3U_RTL_CONDITION_VARIABLE@@A 1002ac84     LIBCMT:thread_safe_statics.obj
 0003:00000c88       ?g_tss_event@@3PAXA        1002ac88     LIBCMT:thread_safe_statics.obj
 0003:00000c8c       ?g_tss_mutex@@3U_RTL_CRITICAL_SECTION@@A 1002ac8c     LIBCMT:thread_safe_statics.obj
 0003:00000ca4       ?g_sleep_condition_variable_cs@@3P6GHPAU_RTL_CONDITION_VARIABLE@@PAU_RTL_CRITICAL_SECTION@@K@ZA 1002aca4     LIBCMT:thread_safe_statics.obj
 0003:00000ca8       ?g_wake_all_condition_variable@@3P6GXPAU_RTL_CONDITION_VARIABLE@@@ZA 1002aca8     LIBCMT:thread_safe_statics.obj
 0003:00000cb0       _GS_ExceptionRecord        1002acb0     LIBCMT:gs_report.obj
 0003:00000d00       _GS_ContextRecord          1002ad00     LIBCMT:gs_report.obj
 0003:00000fd0       ?__proc_attached@@3HA      1002afd0     LIBCMT:dll_dllmain.obj
 0003:0000102c       ?AllocateData@@3P6GPAUAtlThunkData_t@@XZA 1002b02c     atls:atlthunk.obj
 0003:00001030       ?InitData@@3P6GXPAUAtlThunkData_t@@PAXI@ZA 1002b030     atls:atlthunk.obj
 0003:00001034       ?DataToCode@@3P6GP6GJPAUHWND__@@IIJ@ZPAUAtlThunkData_t@@@ZA 1002b034     atls:atlthunk.obj
 0003:00001038       ?FreeData@@3P6GXPAUAtlThunkData_t@@@ZA 1002b038     atls:atlthunk.obj
 0003:0000103c       ?Initialized@@3_NA         1002b03c     atls:atlthunk.obj
 0003:0000104c       ?__vcrt_startup_thread_ptd@@3U__vcrt_ptd@@A 1002b04c     libvcruntime:per_thread_data.obj
 0003:00001074       ___vcrt_lock_table         1002b074     libvcruntime:locks.obj
 0003:0000108c       ___vcrt_locks_initialized  1002b08c     libvcruntime:locks.obj
 0003:000010b8       ?heap@@3V_HeapManager@@A   1002b0b8     libvcruntime:undname.obj
 0003:000010cc       ?module_handles@@3PAPAUHINSTANCE__@@A 1002b0cc     libvcruntime:winapi_downlevel.obj
 0003:000010d8       ?function_pointers@@3PAPAXA 1002b0d8     libvcruntime:winapi_downlevel.obj
 0003:000010ec       ?__acrt_invalid_parameter_handler@@3V?$dual_state_global@P6AXPB_W00II@Z@__crt_state_management@@A 1002b0ec     libucrt:invalid_parameter.obj
 0003:000010f0       ?c_termination_complete@@3JA 1002b0f0     libucrt:exit.obj
 0003:000010f4       ?thread_local_exit_callback_func@@3P6GXPAXK0@ZA 1002b0f4     libucrt:exit.obj
 0003:00001100       ?program_name@?1???$common_configure_argv@D@@YAHW4_crt_argv_mode@@@Z@4PADA 1002b100     libucrt:argv_parsing.obj
 0003:00001230       ?__acrt_new_handler@@3V?$dual_state_global@P6AHI@Z@__crt_state_management@@A 1002b230     libucrt:new_handler.obj
 0003:00001238       ?module_handles@@3PAPAUHINSTANCE__@@A 1002b238     libucrt:winapi_thunks.obj
 0003:00001288       ?encoded_function_pointers@@3PAPAXA 1002b288     libucrt:winapi_thunks.obj
 0003:00001310       ?internal_state@?1??_mbtowc_l@@9@4U_Mbstatet@@A 1002b310     libucrt:mbtowc.obj
 0003:00001320       ?enable_percent_n@@3IA     1002b320     libucrt:printf_count_output.obj
 0003:00001540       ?__acrt_lock_table@@3PAU_RTL_CRITICAL_SECTION@@A 1002b540     libucrt:locks.obj
 0003:00001690       ?__acrt_locks_initialized@@3IA 1002b690     libucrt:locks.obj
 0003:000016a0       ?fSystemSet@@3HA           1002b6a0     libucrt:mbctype.obj
 0003:000016a4       ?initialized@?1??__acrt_initialize_multibyte@@9@4_NA 1002b6a4     libucrt:mbctype.obj
 0003:000016c4       ?ctrlc_action@@3V?$dual_state_global@P6AXH@Z@__crt_state_management@@A 1002b6c4     libucrt:signal.obj
 0003:000016c8       ?ctrlbreak_action@@3V?$dual_state_global@P6AXH@Z@__crt_state_management@@A 1002b6c8     libucrt:signal.obj
 0003:000016cc       ?abort_action@@3V?$dual_state_global@P6AXH@Z@__crt_state_management@@A 1002b6cc     libucrt:signal.obj
 0003:000016d0       ?term_action@@3V?$dual_state_global@P6AXH@Z@__crt_state_management@@A 1002b6d0     libucrt:signal.obj
 0003:000016d4       ?user_matherr@@3V?$dual_state_global@P6AHPAU_exception@@@Z@__crt_state_management@@A 1002b6d4     libucrt:matherr.obj
 0003:000016d8       ?__acrt_global_new_mode@@3V?$dual_state_global@J@__crt_state_management@@A 1002b6d8     libucrt:new_mode.obj
 0003:000016e4       ?internal_pst@?1??__mbrtoc32_utf8@__crt_mbstring@@YAIPA_UPBDIPAU_Mbstatet@@@Z@4U3@A 1002b6e4     libucrt:mbrtoc32.obj
 0003:000016ec       ?__acrt_app_type@@3W4_crt_app_type@@A 1002b6ec     libucrt:report_runtime_error.obj
 0003:000016f4       __pmatherr_set             1002b6f4     libucrt:libm_error.obj
 0004:00000220       $R000000                   1002c220     ElectronicJournal.res
 0004:00000be0       $R0009C0                   1002cbe0     ElectronicJournal.res
 0004:00000cc8       $R000AA8                   1002ccc8     ElectronicJournal.res
 0004:00000f30       $R000D10                   1002cf30     ElectronicJournal.res
 0004:00001470       $R001250                   1002d470     ElectronicJournal.res
 0004:00005140       $R004F20                   10031140     ElectronicJournal.res
 0004:00005188       $R004F68                   10031188     ElectronicJournal.res
