 OPOSPOSPower

 Timestamp is 600f79f5 (Tue Jan 26 11:09:57 2021)

 Preferred load address is 10000000

 Start         Length     Name                   Class
 0001:00000000 00000080H .text$di                CODE
 0001:00000080 0001dfc3H .text$mn                CODE
 0001:0001e043 0000003aH .text$x                 CODE
 0001:0001e07d 00000042H .text$yd                CODE
 0002:00000000 000002fcH .idata$5                DATA
 0002:000002fc 00000004H .00cfg                  DATA
 0002:00000300 00000004H .CRT$XCA                DATA
 0002:00000304 00000004H .CRT$XCL                DATA
 0002:00000308 00000010H .CRT$XCU                DATA
 0002:00000318 00000004H .CRT$XCZ                DATA
 0002:0000031c 00000004H .CRT$XIA                DATA
 0002:00000320 00000010H .CRT$XIC                DATA
 0002:00000330 00000004H .CRT$XIZ                DATA
 0002:00000334 00000004H .CRT$XLA                DATA
 0002:00000338 00000004H .CRT$XLZ                DATA
 0002:0000033c 00000004H .CRT$XPA                DATA
 0002:00000340 00000008H .CRT$XPX                DATA
 0002:00000348 00000004H .CRT$XPXA               DATA
 0002:0000034c 00000004H .CRT$XPZ                DATA
 0002:00000350 00000004H .CRT$XTA                DATA
 0002:00000354 0000000cH .CRT$XTZ                DATA
 0002:00000358 00000000H .gfids$y                DATA
 0002:00000360 000072a0H .rdata                  DATA
 0002:00007600 00000000H .rdata$CastGuardVftablesA DATA
 0002:00007600 00000000H .rdata$CastGuardVftablesC DATA
 0002:00007600 00000018H .rdata$T                DATA
 0002:00007618 00000178H .rdata$r                DATA
 0002:00007790 0000001cH .rdata$sxdata           DATA
 0002:000077ac 000003dcH .rdata$zzzdbg           DATA
 0002:00007b88 00000004H .rtc$IAA                DATA
 0002:00007b8c 00000004H .rtc$IZZ                DATA
 0002:00007b90 00000004H .rtc$TAA                DATA
 0002:00007b94 00000004H .rtc$TZZ                DATA
 0002:00007b98 00000004H .tls                    DATA
 0002:00007b9c 00000004H .tls$                   DATA
 0002:00007ba0 00000008H .tls$ZZZ                DATA
 0002:00007ba8 0000062cH .xdata$x                DATA
 0002:000081d4 00000004H ATL$__a                 DATA
 0002:000081d8 00000008H ATL$__z                 DATA
 0002:000081e0 000000acH .edata                  DATA
 0002:0000828c 00000078H .idata$2                DATA
 0002:00008304 00000014H .idata$3                DATA
 0002:00008318 000002fcH .idata$4                DATA
 0002:00008614 00000bceH .idata$6                DATA
 0003:00000000 00000aa0H .data                   DATA
 0003:00000aa0 00000098H .data$r                 DATA
 0003:00000b38 00000b88H .bss                    DATA
 0004:00000000 00000220H .rsrc$01                DATA
 0004:00000220 000043d0H .rsrc$02                DATA

  Address         Publics by Value              Rva+Base       Lib:Object

 0000:00000000       ___guard_fids_count        00000000     <absolute>
 0000:00000000       ___guard_longjmp_table     00000000     <absolute>
 0000:00000000       ___volatile_metadata       00000000     <absolute>
 0000:00000000       ___arm64x_extra_rfe_table  00000000     <absolute>
 0000:00000000       ___guard_eh_cont_table     00000000     <absolute>
 0000:00000000       ___arm64x_redirection_metadata 00000000     <absolute>
 0000:00000000       ___guard_eh_cont_count     00000000     <absolute>
 0000:00000000       ___guard_iat_count         00000000     <absolute>
 0000:00000000       __except_list              00000000     <absolute>
 0000:00000000       ___hybrid_code_map_count   00000000     <absolute>
 0000:00000000       ___x64_code_ranges_to_entry_points_count 00000000     <absolute>
 0000:00000000       ___x64_code_ranges_to_entry_points 00000000     <absolute>
 0000:00000000       ___guard_iat_table         00000000     <absolute>
 0000:00000000       ___arm64x_native_entrypoint 00000000     <absolute>
 0000:00000000       ___hybrid_code_map         00000000     <absolute>
 0000:00000000       ___arm64x_extra_rfe_table_size 00000000     <absolute>
 0000:00000000       ___guard_longjmp_count     00000000     <absolute>
 0000:00000000       ___arm64x_redirection_metadata_count 00000000     <absolute>
 0000:00000000       ___hybrid_auxiliary_iat    00000000     <absolute>
 0000:00000000       ___dynamic_value_reloc_table 00000000     <absolute>
 0000:00000000       ___AbsoluteZero            00000000     <absolute>
 0000:00000000       ___enclave_config          00000000     <absolute>
 0000:00000000       ___guard_fids_table        00000000     <absolute>
 0000:00000007       ___safe_se_handler_count   00000007     <absolute>
 0000:0000002c       __tls_array                0000002c     <absolute>
 0000:00000100       ___guard_flags             00000100     <absolute>
 0000:00000000       ___ImageBase               10000000     <linker-defined>
 0001:00000080       ?DupWide@_CW@@AAEXXZ       10001080 f   CWString.obj
 0001:0000009c       ?cw_dup@@YGXPBDAAHAAPA_W1@Z 1000109c f   CWString.obj
 0001:00000124       ?cw_memcpy@@YGHPA_WPBDH@Z  10001124 f   CWString.obj
 0001:00000150       ?cw_strcpy@@YAHPA_WPBD@Z   10001150 f   CWString.obj
 0001:00000163       ?cw_strlen@@YAHPBD@Z       10001163 f   CWString.obj
 0001:0000017c       ??0CAtlComModule@ATL@@QAE@XZ 1000117c f i OposVariant.obj
 0001:000001c1       ??0CAtlWinModule@ATL@@QAE@XZ 100011c1 f i OposVariant.obj
 0001:000001f8       ??0OposDispParms@@QAE@PAVOposVariant@@H@Z 100011f8 f   OposVariant.obj
 0001:00000269       ??1OposDispParms@@QAE@XZ   10001269 f   OposVariant.obj
 0001:00000277       ??A?$CSimpleArray@GV?$CSimpleArrayEqualHelper@G@ATL@@@ATL@@QAEAAGH@Z 10001277 f i OposVariant.obj
 0001:0000029c       ??_Estringdispid@CComTypeInfoHolder@ATL@@QAEPAXI@Z 1000129c f i OposVariant.obj
 0001:00000308       ?AtlWinModuleInit@ATL@@YGJPAU_ATL_WIN_MODULE70@1@@Z 10001308 f i OposVariant.obj
 0001:0000032e       ?AtlWinModuleTerm@ATL@@YGJPAU_ATL_WIN_MODULE70@1@PAUHINSTANCE__@@@Z 1000132e f i OposVariant.obj
 0001:00000391       ?ChangeBSTR@OposVariant@@QAEXPAPA_WAAJ@Z 10001391 f   OposVariant.obj
 0001:000003d2       ?ChangeLONG@OposVariant@@QAEXPAJAAJ@Z 100013d2 f   OposVariant.obj
 0001:00000413       ?GetLONG@OposVariant@@QAEJXZ 10001413 f   OposVariant.obj
 0001:0000042e       ?Init@CComCriticalSection@ATL@@QAEJXZ 1000142e f i OposVariant.obj
 0001:00000456       ?RemoveAll@?$CSimpleArray@PAUHINSTANCE__@@V?$CSimpleArrayEqualHelper@PAUHINSTANCE__@@@ATL@@@ATL@@QAEXXZ 10001456 f i atls:atlbase.obj
 0001:00000456       ?RemoveAll@?$CSimpleArray@GV?$CSimpleArrayEqualHelper@G@ATL@@@ATL@@QAEXXZ 10001456 f i OposVariant.obj
 0001:00000473       ?SetBSTR@OposVariant@@QAEXPA_WAAJ@Z 10001473 f   OposVariant.obj
 0001:000004a7       ?SetBSTR_Copy@OposVariant@@QAEXPA_WAAJ@Z 100014a7 f   OposVariant.obj
 0001:000004f7       ?SetBSTR_InOutPtr@OposVariant@@QAE_NPAPA_WAAJ@Z 100014f7 f   OposVariant.obj
 0001:0000052e       ?SetDispatch_Ptr@OposVariant@@QAEXPAUIDispatch@@AAJ@Z 1000152e f   OposVariant.obj
 0001:00000569       ?SetLONG@OposVariant@@QAEXJ@Z 10001569 f   OposVariant.obj
 0001:0000058b       ?SetLONG_Ptr@OposVariant@@QAEXPAJAAJ@Z 1000158b f   OposVariant.obj
 0001:000005be       ?SetString@OposVariant@@QAEXPB_WAAJ@Z 100015be f   OposVariant.obj
 0001:00000604       ?SetVARIANT_BOOL@OposVariant@@QAEXF@Z 10001604 f   OposVariant.obj
 0001:0000062e       ?Term@CAtlComModule@ATL@@QAEXXZ 1000162e f i OposVariant.obj
 0001:00000678       ?_AtlRaiseException@ATL@@YAXKK@Z 10001678 f i OposVariant.obj
 0001:0000068d       ?QueryInterface@?$CComObject@VCOPOSPOSPower@@@ATL@@WIA@AGJABU_GUID@@PAPAX@Z 1000168d f i POSPower.obj
 0001:0000069a       ?AddRef@?$CComObject@VCOPOSPOSPower@@@ATL@@WIA@AGKXZ 1000169a f i POSPower.obj
 0001:000006a7       ?Release@?$CComObject@VCOPOSPOSPower@@@ATL@@WIA@AGKXZ 100016a7 f i POSPower.obj
 0001:000006b4       ?QueryInterface@?$CComObject@VCOPOSPOSPower@@@ATL@@WIE@AGJABU_GUID@@PAPAX@Z 100016b4 f i POSPower.obj
 0001:000006c1       ?AddRef@?$CComObject@VCOPOSPOSPower@@@ATL@@WIE@AGKXZ 100016c1 f i POSPower.obj
 0001:000006ce       ?Release@?$CComObject@VCOPOSPOSPower@@@ATL@@WIE@AGKXZ 100016ce f i POSPower.obj
 0001:000006db       ?QueryInterface@?$CComObject@VCOPOSPOSPower@@@ATL@@WII@AGJABU_GUID@@PAPAX@Z 100016db f i POSPower.obj
 0001:000006e8       ?AddRef@?$CComObject@VCOPOSPOSPower@@@ATL@@WII@AGKXZ 100016e8 f i POSPower.obj
 0001:000006f5       ?Release@?$CComObject@VCOPOSPOSPower@@@ATL@@WII@AGKXZ 100016f5 f i POSPower.obj
 0001:00000702       ?QueryInterface@?$CComObject@VCOPOSPOSPower@@@ATL@@WIM@AGJABU_GUID@@PAPAX@Z 10001702 f i POSPower.obj
 0001:0000070f       ?AddRef@?$CComObject@VCOPOSPOSPower@@@ATL@@WIM@AGKXZ 1000170f f i POSPower.obj
 0001:0000071c       ?Release@?$CComObject@VCOPOSPOSPower@@@ATL@@WIM@AGKXZ 1000171c f i POSPower.obj
 0001:00000729       ?QueryInterface@?$CComObject@VCOPOSPOSPower@@@ATL@@WJA@AGJABU_GUID@@PAPAX@Z 10001729 f i POSPower.obj
 0001:00000736       ?AddRef@?$CComObject@VCOPOSPOSPower@@@ATL@@WJA@AGKXZ 10001736 f i POSPower.obj
 0001:00000743       ?Release@?$CComObject@VCOPOSPOSPower@@@ATL@@WJA@AGKXZ 10001743 f i POSPower.obj
 0001:00000750       ?QueryInterface@?$CComObject@VCOPOSPOSPower@@@ATL@@WJE@AGJABU_GUID@@PAPAX@Z 10001750 f i POSPower.obj
 0001:0000075d       ?AddRef@?$CComObject@VCOPOSPOSPower@@@ATL@@WJE@AGKXZ 1000175d f i POSPower.obj
 0001:0000076a       ?Release@?$CComObject@VCOPOSPOSPower@@@ATL@@WJE@AGKXZ 1000176a f i POSPower.obj
 0001:00000777       ?QueryInterface@?$CComObject@VCOPOSPOSPower@@@ATL@@WJI@AGJABU_GUID@@PAPAX@Z 10001777 f i POSPower.obj
 0001:00000784       ?AddRef@?$CComObject@VCOPOSPOSPower@@@ATL@@WJI@AGKXZ 10001784 f i POSPower.obj
 0001:00000791       ?Release@?$CComObject@VCOPOSPOSPower@@@ATL@@WJI@AGKXZ 10001791 f i POSPower.obj
 0001:0000079e       ?QueryInterface@?$CComObject@VCOPOSPOSPower@@@ATL@@WJM@AGJABU_GUID@@PAPAX@Z 1000179e f i POSPower.obj
 0001:000007ab       ?AddRef@?$CComObject@VCOPOSPOSPower@@@ATL@@WJM@AGKXZ 100017ab f i POSPower.obj
 0001:000007b8       ?Release@?$CComObject@VCOPOSPOSPower@@@ATL@@WJM@AGKXZ 100017b8 f i POSPower.obj
 0001:000007c5       ?QueryInterface@?$CComObject@VCOPOSPOSPower@@@ATL@@WKA@AGJABU_GUID@@PAPAX@Z 100017c5 f i POSPower.obj
 0001:000007d2       ?AddRef@?$CComObject@VCOPOSPOSPower@@@ATL@@WKA@AGKXZ 100017d2 f i POSPower.obj
 0001:000007df       ?Release@?$CComObject@VCOPOSPOSPower@@@ATL@@WKA@AGKXZ 100017df f i POSPower.obj
 0001:000007ec       ?AddRef@?$CComObject@VCOPOSPOSPower@@@ATL@@WKI@AGKXZ 100017ec f i POSPower.obj
 0001:000007f9       ?Release@?$CComObject@VCOPOSPOSPower@@@ATL@@WKI@AGKXZ 100017f9 f i POSPower.obj
 0001:00000806       ?AddRef@?$CComObject@VCOPOSPOSPower@@@ATL@@WLE@AGKXZ 10001806 f i POSPower.obj
 0001:00000813       ?Release@?$CComObject@VCOPOSPOSPower@@@ATL@@WLE@AGKXZ 10001813 f i POSPower.obj
 0001:00000820       ??_E?$CComContainedObject@VCOPOSPOSPower@@@ATL@@W3AEPAXI@Z 10001820 f i POSPower.obj
 0001:00000828       ??_E?$CComContainedObject@VCOPOSPOSPower@@@ATL@@WEM@AEPAXI@Z 10001828 f i POSPower.obj
 0001:00000830       ?QueryInterface@?$CComContainedObject@VCOPOSPOSPower@@@ATL@@WHA@AGJABU_GUID@@PAPAX@Z 10001830 f i POSPower.obj
 0001:0000083a       ?AddRef@?$CComContainedObject@VCOPOSPOSPower@@@ATL@@WHA@AGKXZ 1000183a f i POSPower.obj
 0001:00000844       ?Release@?$CComContainedObject@VCOPOSPOSPower@@@ATL@@WHA@AGKXZ 10001844 f i POSPower.obj
 0001:0000084e       ?QueryInterface@?$CComContainedObject@VCOPOSPOSPower@@@ATL@@WHE@AGJABU_GUID@@PAPAX@Z 1000184e f i POSPower.obj
 0001:00000858       ?AddRef@?$CComContainedObject@VCOPOSPOSPower@@@ATL@@WHE@AGKXZ 10001858 f i POSPower.obj
 0001:00000862       ?Release@?$CComContainedObject@VCOPOSPOSPower@@@ATL@@WHE@AGKXZ 10001862 f i POSPower.obj
 0001:0000086c       ?QueryInterface@?$CComContainedObject@VCOPOSPOSPower@@@ATL@@WHI@AGJABU_GUID@@PAPAX@Z 1000186c f i POSPower.obj
 0001:00000876       ?AddRef@?$CComContainedObject@VCOPOSPOSPower@@@ATL@@WHI@AGKXZ 10001876 f i POSPower.obj
 0001:00000880       ?Release@?$CComContainedObject@VCOPOSPOSPower@@@ATL@@WHI@AGKXZ 10001880 f i POSPower.obj
 0001:0000088a       ?QueryInterface@?$CComContainedObject@VCOPOSPOSPower@@@ATL@@WHM@AGJABU_GUID@@PAPAX@Z 1000188a f i POSPower.obj
 0001:00000894       ?AddRef@?$CComContainedObject@VCOPOSPOSPower@@@ATL@@WHM@AGKXZ 10001894 f i POSPower.obj
 0001:0000089e       ?Release@?$CComContainedObject@VCOPOSPOSPower@@@ATL@@WHM@AGKXZ 1000189e f i POSPower.obj
 0001:000008a8       ?QueryInterface@?$CComContainedObject@VCOPOSPOSPower@@@ATL@@WIA@AGJABU_GUID@@PAPAX@Z 100018a8 f i POSPower.obj
 0001:000008b5       ?AddRef@?$CComContainedObject@VCOPOSPOSPower@@@ATL@@WIA@AGKXZ 100018b5 f i POSPower.obj
 0001:000008c2       ?Release@?$CComContainedObject@VCOPOSPOSPower@@@ATL@@WIA@AGKXZ 100018c2 f i POSPower.obj
 0001:000008cf       ?QueryInterface@?$CComContainedObject@VCOPOSPOSPower@@@ATL@@WIE@AGJABU_GUID@@PAPAX@Z 100018cf f i POSPower.obj
 0001:000008dc       ?AddRef@?$CComContainedObject@VCOPOSPOSPower@@@ATL@@WIE@AGKXZ 100018dc f i POSPower.obj
 0001:000008e9       ?Release@?$CComContainedObject@VCOPOSPOSPower@@@ATL@@WIE@AGKXZ 100018e9 f i POSPower.obj
 0001:000008f6       ?QueryInterface@?$CComContainedObject@VCOPOSPOSPower@@@ATL@@WII@AGJABU_GUID@@PAPAX@Z 100018f6 f i POSPower.obj
 0001:00000903       ?AddRef@?$CComContainedObject@VCOPOSPOSPower@@@ATL@@WII@AGKXZ 10001903 f i POSPower.obj
 0001:00000910       ?Release@?$CComContainedObject@VCOPOSPOSPower@@@ATL@@WII@AGKXZ 10001910 f i POSPower.obj
 0001:0000091d       ?QueryInterface@?$CComContainedObject@VCOPOSPOSPower@@@ATL@@WIM@AGJABU_GUID@@PAPAX@Z 1000191d f i POSPower.obj
 0001:0000092a       ?AddRef@?$CComContainedObject@VCOPOSPOSPower@@@ATL@@WIM@AGKXZ 1000192a f i POSPower.obj
 0001:00000937       ?Release@?$CComContainedObject@VCOPOSPOSPower@@@ATL@@WIM@AGKXZ 10001937 f i POSPower.obj
 0001:00000944       ?QueryInterface@?$CComContainedObject@VCOPOSPOSPower@@@ATL@@WJA@AGJABU_GUID@@PAPAX@Z 10001944 f i POSPower.obj
 0001:00000951       ?AddRef@?$CComContainedObject@VCOPOSPOSPower@@@ATL@@WJA@AGKXZ 10001951 f i POSPower.obj
 0001:0000095e       ?Release@?$CComContainedObject@VCOPOSPOSPower@@@ATL@@WJA@AGKXZ 1000195e f i POSPower.obj
 0001:0000096b       ?QueryInterface@?$CComContainedObject@VCOPOSPOSPower@@@ATL@@WJE@AGJABU_GUID@@PAPAX@Z 1000196b f i POSPower.obj
 0001:00000978       ?AddRef@?$CComContainedObject@VCOPOSPOSPower@@@ATL@@WJE@AGKXZ 10001978 f i POSPower.obj
 0001:00000985       ?Release@?$CComContainedObject@VCOPOSPOSPower@@@ATL@@WJE@AGKXZ 10001985 f i POSPower.obj
 0001:00000992       ?QueryInterface@?$CComContainedObject@VCOPOSPOSPower@@@ATL@@WJI@AGJABU_GUID@@PAPAX@Z 10001992 f i POSPower.obj
 0001:0000099f       ?AddRef@?$CComContainedObject@VCOPOSPOSPower@@@ATL@@WJI@AGKXZ 1000199f f i POSPower.obj
 0001:000009ac       ?Release@?$CComContainedObject@VCOPOSPOSPower@@@ATL@@WJI@AGKXZ 100019ac f i POSPower.obj
 0001:000009b9       ?QueryInterface@?$CComContainedObject@VCOPOSPOSPower@@@ATL@@WJM@AGJABU_GUID@@PAPAX@Z 100019b9 f i POSPower.obj
 0001:000009c6       ?AddRef@?$CComContainedObject@VCOPOSPOSPower@@@ATL@@WJM@AGKXZ 100019c6 f i POSPower.obj
 0001:000009d3       ?Release@?$CComContainedObject@VCOPOSPOSPower@@@ATL@@WJM@AGKXZ 100019d3 f i POSPower.obj
 0001:000009e0       ?QueryInterface@?$CComContainedObject@VCOPOSPOSPower@@@ATL@@WKA@AGJABU_GUID@@PAPAX@Z 100019e0 f i POSPower.obj
 0001:000009ed       ?AddRef@?$CComContainedObject@VCOPOSPOSPower@@@ATL@@WKA@AGKXZ 100019ed f i POSPower.obj
 0001:000009fa       ?Release@?$CComContainedObject@VCOPOSPOSPower@@@ATL@@WKA@AGKXZ 100019fa f i POSPower.obj
 0001:00000a07       ?AddRef@?$CComContainedObject@VCOPOSPOSPower@@@ATL@@WKI@AGKXZ 10001a07 f i POSPower.obj
 0001:00000a14       ?Release@?$CComContainedObject@VCOPOSPOSPower@@@ATL@@WKI@AGKXZ 10001a14 f i POSPower.obj
 0001:00000a21       ?AddRef@?$CComContainedObject@VCOPOSPOSPower@@@ATL@@WLE@AGKXZ 10001a21 f i POSPower.obj
 0001:00000a2e       ?Release@?$CComContainedObject@VCOPOSPOSPower@@@ATL@@WLE@AGKXZ 10001a2e f i POSPower.obj
 0001:00000a3b       ?CreateInstance@CComClassFactory@ATL@@UAGJPAUIUnknown@@ABU_GUID@@PAPAX@Z 10001a3b f i POSPower.obj
 0001:00000a79       ?LockServer@CComClassFactory@ATL@@UAGJH@Z 10001a79 f i POSPower.obj
 0001:00000a98       ??_ECComClassFactory@ATL@@UAEPAXI@Z 10001a98 f i POSPower.obj
 0001:00000a98       ??_GCComClassFactory@ATL@@UAEPAXI@Z 10001a98 f i POSPower.obj
 0001:00000ac3       ?GetWindowProc@?$CWindowImplBaseT@VCWindow@ATL@@V?$CWinTraits@$0FGAAAAAA@$0A@@2@@ATL@@UAEP6GJPAUHWND__@@IIJ@ZXZ 10001ac3 f i POSPower.obj
 0001:00000ac9       ?StartWindowProc@?$CWindowImplBaseT@VCWindow@ATL@@V?$CWinTraits@$0FGAAAAAA@$0A@@2@@ATL@@SGJPAUHWND__@@IIJ@Z 10001ac9 f i POSPower.obj
 0001:00000b1d       ?ObjectMain@CComObjectRootBase@ATL@@SGX_N@Z 10001b1d f i POSPower.obj
 0001:00000b1d       ?OnFinalMessage@?$CWindowImplBaseT@VCWindow@ATL@@V?$CWinTraits@$0FGAAAAAA@$0A@@2@@ATL@@UAEXPAUHWND__@@@Z 10001b1d f i POSPower.obj
 0001:00000b20       ?GetTypeInfoCount@?$IDispatchImpl@UIOPOSPOSPower@@$1?IID_IOPOSPOSPower@@3U_GUID@@B$1?LIBID_OposPOSPower_CCO@@3U3@B$00$0A@VCComTypeInfoHolder@ATL@@@ATL@@UAGJPAI@Z 10001b20 f i POSPower.obj
 0001:00000b3d       ?GetTypeInfo@?$IDispatchImpl@UIOPOSPOSPower@@$1?IID_IOPOSPOSPower@@3U_GUID@@B$1?LIBID_OposPOSPower_CCO@@3U3@B$00$0A@VCComTypeInfoHolder@ATL@@@ATL@@UAGJIKPAPAUITypeInfo@@@Z 10001b3d f i POSPower.obj
 0001:00000b61       ?GetIDsOfNames@?$IDispatchImpl@UIOPOSPOSPower@@$1?IID_IOPOSPOSPower@@3U_GUID@@B$1?LIBID_OposPOSPower_CCO@@3U3@B$00$0A@VCComTypeInfoHolder@ATL@@@ATL@@UAGJABU_GUID@@PAPA_WIKPAJ@Z 10001b61 f i POSPower.obj
 0001:00000b81       ?Invoke@?$IDispatchImpl@UIOPOSPOSPower@@$1?IID_IOPOSPOSPower@@3U_GUID@@B$1?LIBID_OposPOSPower_CCO@@3U3@B$00$0A@VCComTypeInfoHolder@ATL@@@ATL@@UAGJJABU_GUID@@KGPAUtagDISPPARAMS@@PAUtagVARIANT@@PAUtagEXCEPINFO@@PAI@Z 10001b81 f i POSPower.obj
 0001:00000b8f       ?CreateControlWindow@?$CComControl@VCOPOSPOSPower@@V?$CWindowImpl@VCOPOSPOSPower@@VCWindow@ATL@@V?$CWinTraits@$0FGAAAAAA@$0A@@3@@ATL@@@ATL@@UAEPAUHWND__@@PAU3@AAUtagRECT@@@Z 10001b8f f i POSPower.obj
 0001:00000bbe       ?ControlQueryInterface@?$CComControl@VCOPOSPOSPower@@V?$CWindowImpl@VCOPOSPOSPower@@VCWindow@ATL@@V?$CWinTraits@$0FGAAAAAA@$0A@@3@@ATL@@@ATL@@UAEJABU_GUID@@PAPAX@Z 10001bbe f i POSPower.obj
 0001:00000bd9       ?GetClassID@?$IPersistStreamInitImpl@VCOPOSPOSPower@@@ATL@@UAGJPAU_GUID@@@Z 10001bd9 f i POSPower.obj
 0001:00000bd9       ?GetClassID@?$IPersistStorageImpl@VCOPOSPOSPower@@@ATL@@UAGJPAU_GUID@@@Z 10001bd9 f i POSPower.obj
 0001:00000bd9       ?GetUserClassID@?$IOleObjectImpl@VCOPOSPOSPower@@@ATL@@UAGJPAU_GUID@@@Z 10001bd9 f i POSPower.obj
 0001:00000bfd       ?IsDirty@?$IPersistStreamInitImpl@VCOPOSPOSPower@@@ATL@@UAGJXZ 10001bfd f i POSPower.obj
 0001:00000c1c       ?Load@?$IPersistStreamInitImpl@VCOPOSPOSPower@@@ATL@@UAGJPAUIStream@@@Z 10001c1c f i POSPower.obj
 0001:00000c3b       ?Save@?$IPersistStreamInitImpl@VCOPOSPOSPower@@@ATL@@UAGJPAUIStream@@H@Z 10001c3b f i POSPower.obj
 0001:00000c5d       ?GetSizeMax@?$IPersistStreamInitImpl@VCOPOSPOSPower@@@ATL@@UAGJPAT_ULARGE_INTEGER@@@Z 10001c5d f i POSPower.obj
 0001:00000e3c       ?InitNew@?$IPersistStreamInitImpl@VCOPOSPOSPower@@@ATL@@UAGJXZ 10001e3c f i POSPower.obj
 0001:00000e59       ?ContextSensitiveHelp@?$IOleInPlaceActiveObjectImpl@VCOPOSPOSPower@@@ATL@@UAGJH@Z 10001e59 f i POSPower.obj
 0001:00000e59       ?SOOutputCompleteDummy@COPOSPOSPower@@MAGJJ@Z 10001e59 f i POSPower.obj
 0001:00000e59       ?SetColorScheme@?$IOleObjectImpl@VCOPOSPOSPower@@@ATL@@UAGJPAUtagLOGPALETTE@@@Z 10001e59 f i POSPower.obj
 0001:00000e59       ?OnMnemonic@?$IOleControlImpl@VCOPOSPOSPower@@@ATL@@UAGJPAUtagMSG@@@Z 10001e59 f i POSPower.obj
 0001:00000e59       ?ContextSensitiveHelp@?$IOleInPlaceObjectWindowlessImpl@VCOPOSPOSPower@@@ATL@@UAGJH@Z 10001e59 f i POSPower.obj
 0001:00000e59       ?GetControlInfo@?$IOleControlImpl@VCOPOSPOSPower@@@ATL@@UAGJPAUtagCONTROLINFO@@@Z 10001e59 f i POSPower.obj
 0001:00000e59       ?Unfreeze@?$IViewObjectExImpl@VCOPOSPOSPower@@@ATL@@UAGJK@Z 10001e59 f i POSPower.obj
 0001:00000e59       ?GetDropTarget@?$IOleInPlaceObjectWindowlessImpl@VCOPOSPOSPower@@@ATL@@UAGJPAPAUIDropTarget@@@Z 10001e59 f i POSPower.obj
 0001:00000e59       ?QueryGetData@?$IDataObjectImpl@VCOPOSPOSPower@@@ATL@@UAGJPAUtagFORMATETC@@@Z 10001e59 f i POSPower.obj
 0001:00000e59       ?SODataDummy@COPOSPOSPower@@MAGJJ@Z 10001e59 f i POSPower.obj
 0001:00000e61       ?OnAmbientPropertyChange@?$IOleControlImpl@VCOPOSPOSPower@@@ATL@@UAGJJ@Z 10001e61 f i POSPower.obj
 0001:00000e61       ?EnableModeless@?$IOleInPlaceActiveObjectImpl@VCOPOSPOSPower@@@ATL@@UAGJH@Z 10001e61 f i POSPower.obj
 0001:00000e61       ?OnFrameWindowActivate@?$IOleInPlaceActiveObjectImpl@VCOPOSPOSPower@@@ATL@@UAGJH@Z 10001e61 f i POSPower.obj
 0001:00000e61       ?SaveCompleted@?$IPersistStorageImpl@VCOPOSPOSPower@@@ATL@@UAGJPAUIStorage@@@Z 10001e61 f i POSPower.obj
 0001:00000e66       ?SetClientSite@?$IOleObjectImpl@VCOPOSPOSPower@@@ATL@@UAGJPAUIOleClientSite@@@Z 10001e66 f i POSPower.obj
 0001:00000e83       ?GetClientSite@?$IOleObjectImpl@VCOPOSPOSPower@@@ATL@@UAGJPAPAUIOleClientSite@@@Z 10001e83 f i POSPower.obj
 0001:00000ea0       ?SetHostNames@?$IOleObjectImpl@VCOPOSPOSPower@@@ATL@@UAGJPB_W0@Z 10001ea0 f i POSPower.obj
 0001:00000ea5       ?Close@?$IOleObjectImpl@VCOPOSPOSPower@@@ATL@@UAGJK@Z 10001ea5 f i POSPower.obj
 0001:00000ec2       ?GetCanonicalFormatEtc@?$IDataObjectImpl@VCOPOSPOSPower@@@ATL@@UAGJPAUtagFORMATETC@@0@Z 10001ec2 f i POSPower.obj
 0001:00000ec2       ?QueryInterface@CRegObject@ATL@@UAGJABU_GUID@@PAPAX@Z 10001ec2 f i POSPower.obj
 0001:00000ec2       ?GetRect@?$IViewObjectExImpl@VCOPOSPOSPower@@@ATL@@UAGJKPAU_RECTL@@@Z 10001ec2 f i POSPower.obj
 0001:00000ec2       ?GetClipboardData@?$IOleObjectImpl@VCOPOSPOSPower@@@ATL@@UAGJKPAPAUIDataObject@@@Z 10001ec2 f i POSPower.obj
 0001:00000ec2       ?EnumFormatEtc@?$IDataObjectImpl@VCOPOSPOSPower@@@ATL@@UAGJKPAPAUIEnumFORMATETC@@@Z 10001ec2 f i POSPower.obj
 0001:00000ec2       ?GetDataHere@?$IDataObjectImpl@VCOPOSPOSPower@@@ATL@@UAGJPAUtagFORMATETC@@PAUtagSTGMEDIUM@@@Z 10001ec2 f i POSPower.obj
 0001:00000ec2       ?SetMoniker@?$IOleObjectImpl@VCOPOSPOSPower@@@ATL@@UAGJKPAUIMoniker@@@Z 10001ec2 f i POSPower.obj
 0001:00000eca       ?InitFromData@?$IOleObjectImpl@VCOPOSPOSPower@@@ATL@@UAGJPAUIDataObject@@HK@Z 10001eca f i POSPower.obj
 0001:00000eca       ?GetMoniker@?$IOleObjectImpl@VCOPOSPOSPower@@@ATL@@UAGJKKPAPAUIMoniker@@@Z 10001eca f i POSPower.obj
 0001:00000eca       ?SetData@?$IDataObjectImpl@VCOPOSPOSPower@@@ATL@@UAGJPAUtagFORMATETC@@PAUtagSTGMEDIUM@@H@Z 10001eca f i POSPower.obj
 0001:00000ed2       ?DoVerb@?$IOleObjectImpl@VCOPOSPOSPower@@@ATL@@UAGJJPAUtagMSG@@PAUIOleClientSite@@JPAUHWND__@@PBUtagRECT@@@Z 10001ed2 f i POSPower.obj
 0001:00000fc6       ?EnumVerbs@?$IOleObjectImpl@VCOPOSPOSPower@@@ATL@@UAGJPAPAUIEnumOLEVERB@@@Z 10001fc6 f i POSPower.obj
 0001:00000fe8       ?HandsOffStorage@?$IPersistStorageImpl@VCOPOSPOSPower@@@ATL@@UAGJXZ 10001fe8 f i POSPower.obj
 0001:00000fe8       ?IsUpToDate@?$IOleObjectImpl@VCOPOSPOSPower@@@ATL@@UAGJXZ 10001fe8 f i POSPower.obj
 0001:00000fe8       ?Release@CRegObject@ATL@@UAGKXZ 10001fe8 f i POSPower.obj
 0001:00000fe8       ?Update@?$IOleObjectImpl@VCOPOSPOSPower@@@ATL@@UAGJXZ 10001fe8 f i POSPower.obj
 0001:00000fed       ?GetUserType@?$IOleObjectImpl@VCOPOSPOSPower@@@ATL@@UAGJKPAPA_W@Z 10001fed f i POSPower.obj
 0001:00001005       ?SetExtent@?$IOleObjectImpl@VCOPOSPOSPower@@@ATL@@UAGJKPAUtagSIZE@@@Z 10002005 f i POSPower.obj
 0001:00001025       ?GetExtent@?$IOleObjectImpl@VCOPOSPOSPower@@@ATL@@UAGJKPAUtagSIZE@@@Z 10002025 f i POSPower.obj
 0001:00001063       ?Advise@?$IOleObjectImpl@VCOPOSPOSPower@@@ATL@@UAGJPAUIAdviseSink@@PAK@Z 10002063 f i POSPower.obj
 0001:00001083       ?Unadvise@?$IOleObjectImpl@VCOPOSPOSPower@@@ATL@@UAGJK@Z 10002083 f i POSPower.obj
 0001:000010b2       ?EnumAdvise@?$IOleObjectImpl@VCOPOSPOSPower@@@ATL@@UAGJPAPAUIEnumSTATDATA@@@Z 100020b2 f i POSPower.obj
 0001:000010f2       ?GetMiscStatus@?$IOleObjectImpl@VCOPOSPOSPower@@@ATL@@UAGJKPAK@Z 100020f2 f i POSPower.obj
 0001:0000110a       ?GetWindow@?$IOleInPlaceActiveObjectImpl@VCOPOSPOSPower@@@ATL@@UAGJPAPAUHWND__@@@Z 1000210a f i POSPower.obj
 0001:00001157       ?TranslateAcceleratorW@?$IOleInPlaceActiveObjectImpl@VCOPOSPOSPower@@@ATL@@UAGJPAUtagMSG@@@Z 10002157 f i POSPower.obj
 0001:00001205       ?OnDocWindowActivate@?$IOleInPlaceActiveObjectImpl@VCOPOSPOSPower@@@ATL@@UAGJH@Z 10002205 f i POSPower.obj
 0001:00001227       ?ResizeBorder@?$IOleInPlaceActiveObjectImpl@VCOPOSPOSPower@@@ATL@@UAGJPBUtagRECT@@PAUIOleInPlaceUIWindow@@H@Z 10002227 f i POSPower.obj
 0001:0000122c       ?Draw@?$IViewObjectExImpl@VCOPOSPOSPower@@@ATL@@UAGJKJPAXPAUtagDVTARGETDEVICE@@PAUHDC__@@2PBU_RECTL@@3P6GHK@ZK@Z 1000222c f i POSPower.obj
 0001:0000125e       ?GetColorSet@?$IViewObjectExImpl@VCOPOSPOSPower@@@ATL@@UAGJKJPAXPAUtagDVTARGETDEVICE@@PAUHDC__@@PAPAUtagLOGPALETTE@@@Z 1000225e f i POSPower.obj
 0001:00001266       ?Freeze@?$IViewObjectExImpl@VCOPOSPOSPower@@@ATL@@UAGJKJPAXPAK@Z 10002266 f i POSPower.obj
 0001:00001266       ?SOErrorDummy@COPOSPOSPower@@MAGJJJJPAJ@Z 10002266 f i POSPower.obj
 0001:0000126e       ?SetAdvise@?$IViewObjectExImpl@VCOPOSPOSPower@@@ATL@@UAGJKKPAUIAdviseSink@@@Z 1000226e f i POSPower.obj
 0001:0000128d       ?GetAdvise@?$IViewObjectExImpl@VCOPOSPOSPower@@@ATL@@UAGJPAK0PAPAUIAdviseSink@@@Z 1000228d f i POSPower.obj
 0001:000012c2       ?GetExtent@?$IViewObjectExImpl@VCOPOSPOSPower@@@ATL@@UAGJKJPAUtagDVTARGETDEVICE@@PAUtagSIZE@@@Z 100022c2 f i POSPower.obj
 0001:000012f3       ?GetViewStatus@?$IViewObjectExImpl@VCOPOSPOSPower@@@ATL@@UAGJPAK@Z 100022f3 f i POSPower.obj
 0001:00001310       ?QueryHitPoint@?$IViewObjectExImpl@VCOPOSPOSPower@@@ATL@@UAGJKPBUtagRECT@@UtagPOINT@@JPAK@Z 10002310 f i POSPower.obj
 0001:00001351       ?QueryHitRect@?$IViewObjectExImpl@VCOPOSPOSPower@@@ATL@@UAGJKPBUtagRECT@@0JPAK@Z 10002351 f i POSPower.obj
 0001:000013ac       ?GetNaturalExtent@?$IViewObjectExImpl@VCOPOSPOSPower@@@ATL@@UAGJKJPAUtagDVTARGETDEVICE@@PAUHDC__@@PAUtagExtentInfo@@PAUtagSIZE@@@Z 100023ac f i POSPower.obj
 0001:000013f7       ?GetWindow@?$IOleInPlaceObjectWindowlessImpl@VCOPOSPOSPower@@@ATL@@UAGJPAPAUHWND__@@@Z 100023f7 f i POSPower.obj
 0001:00001444       ?InPlaceDeactivate@?$IOleInPlaceObjectWindowlessImpl@VCOPOSPOSPower@@@ATL@@UAGJXZ 10002444 f i POSPower.obj
 0001:0000145e       ?UIDeactivate@?$IOleInPlaceObjectWindowlessImpl@VCOPOSPOSPower@@@ATL@@UAGJXZ 1000245e f i POSPower.obj
 0001:00001478       ?SetObjectRects@?$IOleInPlaceObjectWindowlessImpl@VCOPOSPOSPower@@@ATL@@UAGJPBUtagRECT@@0@Z 10002478 f i POSPower.obj
 0001:00001498       ?ReactivateAndUndo@?$IOleInPlaceObjectWindowlessImpl@VCOPOSPOSPower@@@ATL@@UAGJXZ 10002498 f i POSPower.obj
 0001:000014a0       ?OnWindowMessage@?$IOleInPlaceObjectWindowlessImpl@VCOPOSPOSPower@@@ATL@@UAGJIIJPAJ@Z 100024a0 f i POSPower.obj
 0001:00001510       ?EnumConnectionPoints@?$IConnectionPointContainerImpl@VCOPOSPOSPower@@@ATL@@UAGJPAPAUIEnumConnectionPoints@@@Z 10002510 f i POSPower.obj
 0001:0000169c       ?FindConnectionPoint@?$IConnectionPointContainerImpl@VCOPOSPOSPower@@@ATL@@UAGJABU_GUID@@PAPAUIConnectionPoint@@@Z 1000269c f i POSPower.obj
 0001:0000173f       ?IsDirty@?$IPersistStorageImpl@VCOPOSPOSPower@@@ATL@@UAGJXZ 1000273f f i POSPower.obj
 0001:0000176f       ?InitNew@?$IPersistStorageImpl@VCOPOSPOSPower@@@ATL@@UAGJPAUIStorage@@@Z 1000276f f i POSPower.obj
 0001:0000179f       ?Load@?$IPersistStorageImpl@VCOPOSPOSPower@@@ATL@@UAGJPAUIStorage@@@Z 1000279f f i POSPower.obj
 0001:0000180b       ?Save@?$IPersistStorageImpl@VCOPOSPOSPower@@@ATL@@UAGJPAUIStorage@@H@Z 1000280b f i POSPower.obj
 0001:0000187e       ?GetPages@?$ISpecifyPropertyPagesImpl@VCOPOSPOSPower@@@ATL@@UAGJPAUtagCAUUID@@@Z 1000287e f i POSPower.obj
 0001:00001895       ?QuickActivate@?$IQuickActivateImpl@VCOPOSPOSPower@@@ATL@@UAGJPAUtagQACONTAINER@@PAUtagQACONTROL@@@Z 10002895 f i POSPower.obj
 0001:000018b8       ?SetContentExtent@?$IQuickActivateImpl@VCOPOSPOSPower@@@ATL@@UAGJPAUtagSIZE@@@Z 100028b8 f i POSPower.obj
 0001:000018e4       ?GetContentExtent@?$IQuickActivateImpl@VCOPOSPOSPower@@@ATL@@UAGJPAUtagSIZE@@@Z 100028e4 f i POSPower.obj
 0001:00001920       ?GetData@?$IDataObjectImpl@VCOPOSPOSPower@@@ATL@@UAGJPAUtagFORMATETC@@PAUtagSTGMEDIUM@@@Z 10002920 f i POSPower.obj
 0001:00001943       ?DAdvise@?$IDataObjectImpl@VCOPOSPOSPower@@@ATL@@UAGJPAUtagFORMATETC@@KPAUIAdviseSink@@PAK@Z 10002943 f i POSPower.obj
 0001:00001984       ?DUnadvise@?$IDataObjectImpl@VCOPOSPOSPower@@@ATL@@UAGJK@Z 10002984 f i POSPower.obj
 0001:000019b2       ?EnumDAdvise@?$IDataObjectImpl@VCOPOSPOSPower@@@ATL@@UAGJPAPAUIEnumSTATDATA@@@Z 100029b2 f i POSPower.obj
 0001:000019f1       ?GetClassInfoW@?$IProvideClassInfo2Impl@$1?CLSID_OPOSPOSPower@@3U_GUID@@B$1?DIID__IOPOSPOSPowerEvents@@3U2@B$1?LIBID_OposPOSPower_CCO@@3U2@B$00$0A@VCComTypeInfoHolder@ATL@@@ATL@@UAGJPAPAUITypeInfo@@@Z 100029f1 f i POSPower.obj
 0001:00001a07       ?GetGUID@?$IProvideClassInfo2Impl@$1?CLSID_OPOSPOSPower@@3U_GUID@@B$1?DIID__IOPOSPOSPowerEvents@@3U2@B$1?LIBID_OposPOSPower_CCO@@3U2@B$00$0A@VCComTypeInfoHolder@ATL@@@ATL@@UAGJKPAU_GUID@@@Z 10002a07 f i POSPower.obj
 0001:00001a45       __get_startup_argv_mode    10002a45 f i LIBCMT:argv_mode.obj
 0001:00001a45       ?FAccessAllowed@?$IObjectSafetyImpl@VCOPOSPOSPower@@$02@ATL@@MAEHXZ 10002a45 f i POSPower.obj
 0001:00001a49       ?GetInterfaceSafetyOptions@?$IObjectSafetyImpl@VCOPOSPOSPower@@$02@ATL@@UAGJABU_GUID@@PAK1@Z 10002a49 f i POSPower.obj
 0001:00001abd       ?SetInterfaceSafetyOptions@?$IObjectSafetyImpl@VCOPOSPOSPower@@$02@ATL@@UAGJABU_GUID@@KK@Z 10002abd f i POSPower.obj
 0001:00001b37       ?_LocCPQueryInterface@?$IConnectionPointImpl@VCOPOSPOSPower@@$1?DIID__IOPOSPOSPowerEvents@@3U_GUID@@BVCComDynamicUnkArray@ATL@@@ATL@@UAGJABU_GUID@@PAPAX@Z 10002b37 f i POSPower.obj
 0001:00001b37       ?_LocCPQueryInterface@?$IConnectionPointImpl@VCOPOSPOSPower@@$1?IID_IPropertyNotifySink@@3U_GUID@@BVCComDynamicUnkArray@ATL@@@ATL@@UAGJABU_GUID@@PAPAX@Z 10002b37 f i POSPower.obj
 0001:00001b84       ?GetConnectionInterface@?$IConnectionPointImpl@VCOPOSPOSPower@@$1?IID_IPropertyNotifySink@@3U_GUID@@BVCComDynamicUnkArray@ATL@@@ATL@@UAGJPAU_GUID@@@Z 10002b84 f i POSPower.obj
 0001:00001ba8       ?GetConnectionPointContainer@?$IConnectionPointImpl@VCOPOSPOSPower@@$1?IID_IPropertyNotifySink@@3U_GUID@@BVCComDynamicUnkArray@ATL@@@ATL@@UAGJPAPAUIConnectionPointContainer@@@Z 10002ba8 f i POSPower.obj
 0001:00001bcb       ?Advise@?$IConnectionPointImpl@VCOPOSPOSPower@@$1?IID_IPropertyNotifySink@@3U_GUID@@BVCComDynamicUnkArray@ATL@@@ATL@@UAGJPAUIUnknown@@PAK@Z 10002bcb f i POSPower.obj
 0001:00001bcb       ?Advise@?$IConnectionPointImpl@VCOPOSPOSPower@@$1?DIID__IOPOSPOSPowerEvents@@3U_GUID@@BVCComDynamicUnkArray@ATL@@@ATL@@UAGJPAUIUnknown@@PAK@Z 10002bcb f i POSPower.obj
 0001:00001c6b       ?Unadvise@?$IConnectionPointImpl@VCOPOSPOSPower@@$1?IID_IPropertyNotifySink@@3U_GUID@@BVCComDynamicUnkArray@ATL@@@ATL@@UAGJK@Z 10002c6b f i POSPower.obj
 0001:00001c6b       ?Unadvise@?$IConnectionPointImpl@VCOPOSPOSPower@@$1?DIID__IOPOSPOSPowerEvents@@3U_GUID@@BVCComDynamicUnkArray@ATL@@@ATL@@UAGJK@Z 10002c6b f i POSPower.obj
 0001:00001cab       ?EnumConnections@?$IConnectionPointImpl@VCOPOSPOSPower@@$1?IID_IPropertyNotifySink@@3U_GUID@@BVCComDynamicUnkArray@ATL@@@ATL@@UAGJPAPAUIEnumConnections@@@Z 10002cab f i POSPower.obj
 0001:00001cab       ?EnumConnections@?$IConnectionPointImpl@VCOPOSPOSPower@@$1?DIID__IOPOSPOSPowerEvents@@3U_GUID@@BVCComDynamicUnkArray@ATL@@@ATL@@UAGJPAPAUIEnumConnections@@@Z 10002cab f i POSPower.obj
 0001:00001da6       ?GetCategoryMap@CComObjectRootBase@ATL@@SAPBU_ATL_CATMAP_ENTRY@2@XZ 10002da6 f i POSPower.obj
 0001:00001da6       ?GetObjectDescription@?$CComCoClass@VCOPOSPOSPower@@$1?CLSID_OPOSPOSPower@@3U_GUID@@B@ATL@@SGPB_WXZ 10002da6 f i POSPower.obj
 0001:00001da9       ?GetConnectionInterface@?$IConnectionPointImpl@VCOPOSPOSPower@@$1?DIID__IOPOSPOSPowerEvents@@3U_GUID@@BVCComDynamicUnkArray@ATL@@@ATL@@UAGJPAU_GUID@@@Z 10002da9 f i POSPower.obj
 0001:00001dcd       ?GetConnectionPointContainer@?$IConnectionPointImpl@VCOPOSPOSPower@@$1?DIID__IOPOSPOSPowerEvents@@3U_GUID@@BVCComDynamicUnkArray@ATL@@@ATL@@UAGJPAPAUIConnectionPointContainer@@@Z 10002dcd f i POSPower.obj
 0001:00001df0       ?UpdateRegistry@COPOSPOSPower@@SGJH@Z 10002df0 f i POSPower.obj
 0001:00001e08       ?ProcessWindowMessage@COPOSPOSPower@@UAEHPAUHWND__@@IIJAAJK@Z 10002e08 f i POSPower.obj
 0001:00001e51       ?SODirectIO@COPOSPOSPower@@MAGJJPAJPAPA_W@Z 10002e51 f i POSPower.obj
 0001:00001e9a       ?Lock@CAtlModule@ATL@@UAEJXZ 10002e9a f i POSPower.obj
 0001:00001ea4       ?Unlock@CAtlModule@ATL@@UAEJXZ 10002ea4 f i POSPower.obj
 0001:00001eae       ?GetLockCount@CAtlModule@ATL@@UAEJXZ 10002eae f i POSPower.obj
 0001:00001eb2       ?SOStatusUpdate@COPOSPOSPower@@MAGJJ@Z 10002eb2 f i POSPower.obj
 0001:00001eeb       ?GetGITPtr@CAtlModule@ATL@@UAEJPAPAUIGlobalInterfaceTable@@@Z 10002eeb f i POSPower.obj
 0001:00001f37       ?AddCommonRGSReplacements@?$CAtlModuleT@VCComModule@ATL@@@ATL@@UAEJPAUIRegistrarBase@@@Z 10002f37 f i POSPower.obj
 0001:00001f51       ?UpdateRegistryFromResourceD@CComModule@ATL@@UAGJPB_WHPAU_ATL_REGMAP_ENTRY@2@@Z 10002f51 f i POSPower.obj
 0001:00001f51       ?UpdateRegistryFromResourceD@CComModule@ATL@@UAGJIHPAU_ATL_REGMAP_ENTRY@2@@Z 10002f51 f i POSPower.obj
 0001:00001f59       ?UpdateRegistryFromResource@CComModule@ATL@@UAGJPB_WHPAU_ATL_REGMAP_ENTRY@2@@Z 10002f59 f i POSPower.obj
 0001:00001f62       ?UpdateRegistryFromResource@CComModule@ATL@@UAGJIHPAU_ATL_REGMAP_ENTRY@2@@Z 10002f62 f i POSPower.obj
 0001:00001f6b       ??_ECComModule@ATL@@UAEPAXI@Z 10002f6b f i POSPower.obj
 0001:00001f6b       ??_GCComModule@ATL@@UAEPAXI@Z 10002f6b f i POSPower.obj
 0001:00001f93       ?CreateInstance@?$CComCreator@V?$CComObjectCached@VCComClassFactory@ATL@@@ATL@@@ATL@@SGJPAXABU_GUID@@PAPAX@Z 10002f93 f i POSPower.obj
 0001:00002033       ?CreateInstance@?$CComCreator2@V?$CComCreator@V?$CComObject@VCOPOSPOSPower@@@ATL@@@ATL@@V?$CComCreator@V?$CComAggObject@VCOPOSPOSPower@@@ATL@@@2@@ATL@@SGJPAXABU_GUID@@PAPAX@Z 10003033 f i POSPower.obj
 0001:00002053       ?AddRef@?$CComObjectCached@VCComClassFactory@ATL@@@ATL@@UAGKXZ 10003053 f i POSPower.obj
 0001:0000207a       ?Release@?$CComObjectCached@VCComClassFactory@ATL@@@ATL@@UAGKXZ 1000307a f i POSPower.obj
 0001:000020b0       ?QueryInterface@?$CComObjectCached@VCComClassFactory@ATL@@@ATL@@UAGJABU_GUID@@PAPAX@Z 100030b0 f i POSPower.obj
 0001:000020ca       ??_E?$CComObjectCached@VCComClassFactory@ATL@@@ATL@@UAEPAXI@Z 100030ca f i POSPower.obj
 0001:000020ca       ??_G?$CComObjectCached@VCComClassFactory@ATL@@@ATL@@UAEPAXI@Z 100030ca f i POSPower.obj
 0001:000020ec       ?Next@?$CComEnumImpl@UIEnumConnectionPoints@@$1?_GUID_b196b285_bab4_101a_b69c_00aa00341d07@@3U__s_GUID@@BPAUIConnectionPoint@@V?$_CopyInterface@UIConnectionPoint@@@ATL@@@ATL@@UAGJKPAPAUIConnectionPoint@@PAK@Z 100030ec f i POSPower.obj
 0001:000021c3       ?Skip@?$CComEnumImpl@UIEnumConnectionPoints@@$1?_GUID_b196b285_bab4_101a_b69c_00aa00341d07@@3U__s_GUID@@BPAUIConnectionPoint@@V?$_CopyInterface@UIConnectionPoint@@@ATL@@@ATL@@UAGJK@Z 100031c3 f i POSPower.obj
 0001:000021f0       ?Reset@?$CComEnumImpl@UIEnumConnections@@$1?_GUID_b196b287_bab4_101a_b69c_00aa00341d07@@3U__s_GUID@@BUtagCONNECTDATA@@V?$_Copy@UtagCONNECTDATA@@@ATL@@@ATL@@UAGJXZ 100031f0 f i POSPower.obj
 0001:000021f0       ?Reset@?$CComEnumImpl@UIEnumConnectionPoints@@$1?_GUID_b196b285_bab4_101a_b69c_00aa00341d07@@3U__s_GUID@@BPAUIConnectionPoint@@V?$_CopyInterface@UIConnectionPoint@@@ATL@@@ATL@@UAGJXZ 100031f0 f i POSPower.obj
 0001:00002202       ?Clone@?$CComEnumImpl@UIEnumConnectionPoints@@$1?_GUID_b196b285_bab4_101a_b69c_00aa00341d07@@3U__s_GUID@@BPAUIConnectionPoint@@V?$_CopyInterface@UIConnectionPoint@@@ATL@@@ATL@@UAGJPAPAUIEnumConnectionPoints@@@Z 10003202 f i POSPower.obj
 0001:000022e3       ?AddRef@?$CComObject@V?$CComEnum@UIEnumConnections@@$1?_GUID_b196b287_bab4_101a_b69c_00aa00341d07@@3U__s_GUID@@BUtagCONNECTDATA@@V?$_Copy@UtagCONNECTDATA@@@ATL@@VCComSingleThreadModel@6@@ATL@@@ATL@@UAGKXZ 100032e3 f i POSPower.obj
 0001:000022e3       ?AddRef@?$CComObject@V?$CComEnum@UIEnumConnectionPoints@@$1?_GUID_b196b285_bab4_101a_b69c_00aa00341d07@@3U__s_GUID@@BPAUIConnectionPoint@@V?$_CopyInterface@UIConnectionPoint@@@ATL@@VCComSingleThreadModel@6@@ATL@@@ATL@@UAGKXZ 100032e3 f i POSPower.obj
 0001:000022f4       ?Release@?$CComObject@V?$CComEnum@UIEnumConnectionPoints@@$1?_GUID_b196b285_bab4_101a_b69c_00aa00341d07@@3U__s_GUID@@BPAUIConnectionPoint@@V?$_CopyInterface@UIConnectionPoint@@@ATL@@VCComSingleThreadModel@6@@ATL@@@ATL@@UAGKXZ 100032f4 f i POSPower.obj
 0001:000022f4       ?Release@?$CComObject@V?$CComEnum@UIEnumConnections@@$1?_GUID_b196b287_bab4_101a_b69c_00aa00341d07@@3U__s_GUID@@BUtagCONNECTDATA@@V?$_Copy@UtagCONNECTDATA@@@ATL@@VCComSingleThreadModel@6@@ATL@@@ATL@@UAGKXZ 100032f4 f i POSPower.obj
 0001:00002330       ?QueryInterface@?$CComObject@V?$CComEnum@UIEnumConnectionPoints@@$1?_GUID_b196b285_bab4_101a_b69c_00aa00341d07@@3U__s_GUID@@BPAUIConnectionPoint@@V?$_CopyInterface@UIConnectionPoint@@@ATL@@VCComSingleThreadModel@6@@ATL@@@ATL@@UAGJABU_GUID@@PAPAX@Z 10003330 f i POSPower.obj
 0001:0000234a       ??_E?$CComObject@V?$CComEnum@UIEnumConnectionPoints@@$1?_GUID_b196b285_bab4_101a_b69c_00aa00341d07@@3U__s_GUID@@BPAUIConnectionPoint@@V?$_CopyInterface@UIConnectionPoint@@@ATL@@VCComSingleThreadModel@6@@ATL@@@ATL@@UAEPAXI@Z 1000334a f i POSPower.obj
 0001:0000234a       ??_G?$CComObject@V?$CComEnum@UIEnumConnectionPoints@@$1?_GUID_b196b285_bab4_101a_b69c_00aa00341d07@@3U__s_GUID@@BPAUIConnectionPoint@@V?$_CopyInterface@UIConnectionPoint@@@ATL@@VCComSingleThreadModel@6@@ATL@@@ATL@@UAEPAXI@Z 1000334a f i POSPower.obj
 0001:0000236c       ?AddRef@CRegObject@ATL@@UAGKXZ 1000336c f i POSPower.obj
 0001:00002372       ?AddReplacement@CRegObject@ATL@@UAGJPB_W0@Z 10003372 f i POSPower.obj
 0001:000023ab       ?ClearReplacements@CRegObject@ATL@@UAGJXZ 100033ab f i POSPower.obj
 0001:000023bd       ??_GCRegObject@ATL@@UAEPAXI@Z 100033bd f i POSPower.obj
 0001:000023bd       ??_ECRegObject@ATL@@UAEPAXI@Z 100033bd f i POSPower.obj
 0001:000023df       ?AddRef@?$CComAggObject@VCOPOSPOSPower@@@ATL@@UAGKXZ 100033df f i POSPower.obj
 0001:000023f0       ?Release@?$CComAggObject@VCOPOSPOSPower@@@ATL@@UAGKXZ 100033f0 f i POSPower.obj
 0001:0000242c       ?QueryInterface@?$CComAggObject@VCOPOSPOSPower@@@ATL@@UAGJABU_GUID@@PAPAX@Z 1000342c f i POSPower.obj
 0001:0000247b       ?AddRef@?$CComContainedObject@VCOPOSPOSPower@@@ATL@@UAGKXZ 1000347b f i POSPower.obj
 0001:00002491       ?Release@?$CComContainedObject@VCOPOSPOSPower@@@ATL@@UAGKXZ 10003491 f i POSPower.obj
 0001:000024a7       ?QueryInterface@?$CComContainedObject@VCOPOSPOSPower@@@ATL@@UAGJABU_GUID@@PAPAX@Z 100034a7 f i POSPower.obj
 0001:000024c2       ??_E?$CComAggObject@VCOPOSPOSPower@@@ATL@@UAEPAXI@Z 100034c2 f i POSPower.obj
 0001:000024c2       ??_G?$CComAggObject@VCOPOSPOSPower@@@ATL@@UAEPAXI@Z 100034c2 f i POSPower.obj
 0001:000024e7       ?AddRef@?$CComObject@VCOPOSPOSPower@@@ATL@@UAGKXZ 100034e7 f i POSPower.obj
 0001:000024fe       ?Release@?$CComObject@VCOPOSPOSPower@@@ATL@@UAGKXZ 100034fe f i POSPower.obj
 0001:00002540       ?QueryInterface@?$CComObject@VCOPOSPOSPower@@@ATL@@UAGJABU_GUID@@PAPAX@Z 10003540 f i POSPower.obj
 0001:0000255a       ?OnDrawAdvanced@CComControlBase@ATL@@UAEJAAUATL_DRAWINFO@@@Z 1000355a f i POSPower.obj
 0001:0000264d       ?Next@?$CComEnumImpl@UIEnumConnections@@$1?_GUID_b196b287_bab4_101a_b69c_00aa00341d07@@3U__s_GUID@@BUtagCONNECTDATA@@V?$_Copy@UtagCONNECTDATA@@@ATL@@@ATL@@UAGJKPAUtagCONNECTDATA@@PAK@Z 1000364d f i POSPower.obj
 0001:00002724       ?Skip@?$CComEnumImpl@UIEnumConnections@@$1?_GUID_b196b287_bab4_101a_b69c_00aa00341d07@@3U__s_GUID@@BUtagCONNECTDATA@@V?$_Copy@UtagCONNECTDATA@@@ATL@@@ATL@@UAGJK@Z 10003724 f i POSPower.obj
 0001:00002751       ?Clone@?$CComEnumImpl@UIEnumConnections@@$1?_GUID_b196b287_bab4_101a_b69c_00aa00341d07@@3U__s_GUID@@BUtagCONNECTDATA@@V?$_Copy@UtagCONNECTDATA@@@ATL@@@ATL@@UAGJPAPAUIEnumConnections@@@Z 10003751 f i POSPower.obj
 0001:00002832       ?QueryInterface@?$CComObject@V?$CComEnum@UIEnumConnections@@$1?_GUID_b196b287_bab4_101a_b69c_00aa00341d07@@3U__s_GUID@@BUtagCONNECTDATA@@V?$_Copy@UtagCONNECTDATA@@@ATL@@VCComSingleThreadModel@6@@ATL@@@ATL@@UAGJABU_GUID@@PAPAX@Z 10003832 f i POSPower.obj
 0001:0000284c       ??_E?$CComObject@V?$CComEnum@UIEnumConnections@@$1?_GUID_b196b287_bab4_101a_b69c_00aa00341d07@@3U__s_GUID@@BUtagCONNECTDATA@@V?$_Copy@UtagCONNECTDATA@@@ATL@@VCComSingleThreadModel@6@@ATL@@@ATL@@UAEPAXI@Z 1000384c f i POSPower.obj
 0001:0000284c       ??_G?$CComObject@V?$CComEnum@UIEnumConnections@@$1?_GUID_b196b287_bab4_101a_b69c_00aa00341d07@@3U__s_GUID@@BUtagCONNECTDATA@@V?$_Copy@UtagCONNECTDATA@@@ATL@@VCComSingleThreadModel@6@@ATL@@@ATL@@UAEPAXI@Z 1000384c f i POSPower.obj
 0001:0000286e       ??_E?$CComObject@VCOPOSPOSPower@@@ATL@@W3AEPAXI@Z 1000386e f i POSPower.obj
 0001:00002876       ??_E?$CComObject@VCOPOSPOSPower@@@ATL@@WEM@AEPAXI@Z 10003876 f i POSPower.obj
 0001:0000287e       ?QueryInterface@?$CComObject@VCOPOSPOSPower@@@ATL@@WHA@AGJABU_GUID@@PAPAX@Z 1000387e f i POSPower.obj
 0001:00002888       ?AddRef@?$CComObject@VCOPOSPOSPower@@@ATL@@WHA@AGKXZ 10003888 f i POSPower.obj
 0001:00002892       ?Release@?$CComObject@VCOPOSPOSPower@@@ATL@@WHA@AGKXZ 10003892 f i POSPower.obj
 0001:0000289c       ?QueryInterface@?$CComObject@VCOPOSPOSPower@@@ATL@@WHE@AGJABU_GUID@@PAPAX@Z 1000389c f i POSPower.obj
 0001:000028a6       ?AddRef@?$CComObject@VCOPOSPOSPower@@@ATL@@WHE@AGKXZ 100038a6 f i POSPower.obj
 0001:000028b0       ?Release@?$CComObject@VCOPOSPOSPower@@@ATL@@WHE@AGKXZ 100038b0 f i POSPower.obj
 0001:000028ba       ?QueryInterface@?$CComObject@VCOPOSPOSPower@@@ATL@@WHI@AGJABU_GUID@@PAPAX@Z 100038ba f i POSPower.obj
 0001:000028c4       ?AddRef@?$CComObject@VCOPOSPOSPower@@@ATL@@WHI@AGKXZ 100038c4 f i POSPower.obj
 0001:000028ce       ?Release@?$CComObject@VCOPOSPOSPower@@@ATL@@WHI@AGKXZ 100038ce f i POSPower.obj
 0001:000028d8       ?QueryInterface@?$CComObject@VCOPOSPOSPower@@@ATL@@WHM@AGJABU_GUID@@PAPAX@Z 100038d8 f i POSPower.obj
 0001:000028e2       ?AddRef@?$CComObject@VCOPOSPOSPower@@@ATL@@WHM@AGKXZ 100038e2 f i POSPower.obj
 0001:000028ec       ?Release@?$CComObject@VCOPOSPOSPower@@@ATL@@WHM@AGKXZ 100038ec f i POSPower.obj
 0001:000028f6       ??$?4UITypeInfo2@@@?$CComPtr@UITypeInfo@@@ATL@@QAEPAUITypeInfo@@ABV?$CComPtr@UITypeInfo2@@@1@@Z 100038f6 f i POSPower.obj
 0001:00002923       ??$AtlAdd@K@ATL@@YAJPAKKK@Z 10003923 f i POSPower.obj
 0001:00002946       ??$AtlAdd@_K@ATL@@YAJPA_K_K1@Z 10003946 f i POSPower.obj
 0001:0000297e       ??$AtlAddThrow@K@ATL@@YAKKK@Z 1000397e f i POSPower.obj
 0001:000029a4       ??$AtlModuleRegisterWndClassInfoT@VAtlModuleRegisterWndClassInfoParamW@ATL@@@ATL@@YAGPAU_ATL_BASE_MODULE70@0@PAU_ATL_WIN_MODULE70@0@PAU_ATL_WNDCLASSINFOW@0@PAP6GJPAUHWND__@@IIJ@ZVAtlModuleRegisterWndClassInfoParamW@0@@Z 100039a4 f i POSPower.obj
 0001:00002af2       ??$AtlMultiply@H@ATL@@YAJPAHHH@Z 10003af2 f i POSPower.obj
 0001:00002b2a       ??$AtlMultiply@K@ATL@@YAJPAKKK@Z 10003b2a f i POSPower.obj
 0001:00002b2a       ??$AtlMultiply@I@ATL@@YAJPAIII@Z 10003b2a f i POSPower.obj
 0001:00002b4c       ??$AtlMultiplyThrow@I@ATL@@YAIII@Z 10003b4c f i POSPower.obj
 0001:00002b72       ??0?$CComAggObject@VCOPOSPOSPower@@@ATL@@QAE@PAX@Z 10003b72 f i POSPower.obj
 0001:00002b9f       ??0?$CComContainedObject@VCOPOSPOSPower@@@ATL@@QAE@PAX@Z 10003b9f f i POSPower.obj
 0001:00002c58       ??0?$CComObject@V?$CComEnum@UIEnumConnectionPoints@@$1?_GUID_b196b285_bab4_101a_b69c_00aa00341d07@@3U__s_GUID@@BPAUIConnectionPoint@@V?$_CopyInterface@UIConnectionPoint@@@ATL@@VCComSingleThreadModel@6@@ATL@@@ATL@@QAE@PAX@Z 10003c58 f i POSPower.obj
 0001:00002c86       ??0?$CComObject@V?$CComEnum@UIEnumConnections@@$1?_GUID_b196b287_bab4_101a_b69c_00aa00341d07@@3U__s_GUID@@BUtagCONNECTDATA@@V?$_Copy@UtagCONNECTDATA@@@ATL@@VCComSingleThreadModel@6@@ATL@@@ATL@@QAE@PAX@Z 10003c86 f i POSPower.obj
 0001:00002cb4       ??0?$CComObject@VCOPOSPOSPower@@@ATL@@QAE@PAX@Z 10003cb4 f i POSPower.obj
 0001:00002d6b       ??0?$CComQIPtr@UIOleControlSite@@$1?_GUID_b196b289_bab4_101a_b69c_00aa00341d07@@3U__s_GUID@@B@ATL@@QAE@PAUIUnknown@@@Z 10003d6b f i POSPower.obj
 0001:00002d94       ??0CAtlModule@ATL@@QAE@XZ  10003d94 f i POSPower.obj
 0001:00002dd5       ??0CParseBuffer@CRegParser@ATL@@QAE@H@Z 10003dd5 f i POSPower.obj
 0001:00002e0b       ??0_ATL_MSG@ATL@@QAE@PAUHWND__@@IIJH@Z 10003e0b f i POSPower.obj
 0001:00002e43       ??1?$CComAggObject@VCOPOSPOSPower@@@ATL@@UAE@XZ 10003e43 f i POSPower.obj
 0001:00002e67       ??1?$CComEnumImpl@UIEnumConnectionPoints@@$1?_GUID_b196b285_bab4_101a_b69c_00aa00341d07@@3U__s_GUID@@BPAUIConnectionPoint@@V?$_CopyInterface@UIConnectionPoint@@@ATL@@@ATL@@UAE@XZ 10003e67 f i POSPower.obj
 0001:00002ea7       ??1?$CComEnumImpl@UIEnumConnections@@$1?_GUID_b196b287_bab4_101a_b69c_00aa00341d07@@3U__s_GUID@@BUtagCONNECTDATA@@V?$_Copy@UtagCONNECTDATA@@@ATL@@@ATL@@UAE@XZ 10003ea7 f i POSPower.obj
 0001:00002ee7       ??1?$CComObject@V?$CComEnum@UIEnumConnectionPoints@@$1?_GUID_b196b285_bab4_101a_b69c_00aa00341d07@@3U__s_GUID@@BPAUIConnectionPoint@@V?$_CopyInterface@UIConnectionPoint@@@ATL@@VCComSingleThreadModel@6@@ATL@@@ATL@@UAE@XZ 10003ee7 f i POSPower.obj
 0001:00002f0a       ??1?$CComObject@V?$CComEnum@UIEnumConnections@@$1?_GUID_b196b287_bab4_101a_b69c_00aa00341d07@@3U__s_GUID@@BUtagCONNECTDATA@@V?$_Copy@UtagCONNECTDATA@@@ATL@@VCComSingleThreadModel@6@@ATL@@@ATL@@UAE@XZ 10003f0a f i POSPower.obj
 0001:00002f2d       ??1?$CComObject@VCOPOSPOSPower@@@ATL@@UAE@XZ 10003f2d f i POSPower.obj
 0001:00002feb       ??1?$CComObjectCached@VCComClassFactory@ATL@@@ATL@@UAE@XZ 10003feb f i POSPower.obj
 0001:00003001       ??1?$CComObjectRootEx@VCComMultiThreadModel@ATL@@@ATL@@QAE@XZ 10004001 f i POSPower.obj
 0001:00003016       ??1CRegObject@ATL@@UAE@XZ  10004016 f i POSPower.obj
 0001:00003036       ??4?$CComPtr@UIUnknown@@@ATL@@QAEPAUIUnknown@@PAU2@@Z 10004036 f i POSPower.obj
 0001:00003036       ??4?$CComPtr@UIOleClientSite@@@ATL@@QAEPAUIOleClientSite@@PAU2@@Z 10004036 f i POSPower.obj
 0001:00003036       ??4?$CComPtr@UIAdviseSink@@@ATL@@QAEPAUIAdviseSink@@PAU2@@Z 10004036 f i POSPower.obj
 0001:0000306a       ??_E?$CComContainedObject@VCOPOSPOSPower@@@ATL@@UAEPAXI@Z 1000406a f i POSPower.obj
 0001:0000306a       ??_G?$CComContainedObject@VCOPOSPOSPower@@@ATL@@UAEPAXI@Z 1000406a f i POSPower.obj
 0001:0000308f       ??_G?$CComObject@VCOPOSPOSPower@@@ATL@@UAEPAXI@Z 1000408f f i POSPower.obj
 0001:0000308f       ??_E?$CComObject@VCOPOSPOSPower@@@ATL@@UAEPAXI@Z 1000408f f i POSPower.obj
 0001:000030b4       ?Add@?$CSimpleArray@GV?$CSimpleArrayEqualHelper@G@ATL@@@ATL@@QAEHABG@Z 100040b4 f i POSPower.obj
 0001:00003138       ?Add@?$CSimpleMap@PA_WPA_WVCExpansionVectorEqualHelper@ATL@@@ATL@@QAEHABQA_W0@Z 10004138 f i POSPower.obj
 0001:0000318d       ?Add@CComDynamicUnkArray@ATL@@QAEKPAUIUnknown@@@Z 1000418d f i POSPower.obj
 0001:00003243       ?Add@CExpansionVector@ATL@@QAEHPB_W0@Z 10004243 f i POSPower.obj
 0001:0000334c       ?AddString@CParseBuffer@CRegParser@ATL@@QAEHPB_W@Z 1000434c f i POSPower.obj
 0001:00003381       ?AddTermFunc@CAtlModule@ATL@@QAEJP6GXK@ZK@Z 10004381 f i POSPower.obj
 0001:000033e4       ?AddValue@CRegParser@ATL@@IAEJAAVCRegKey@2@PB_WPA_W@Z 100043e4 f i POSPower.obj
 0001:000036fe       ?Allocate@?$CAtlSafeAllocBufferManager@VCCRTAllocator@ATL@@@_ATL_SAFE_ALLOCA_IMPL@ATL@@QAEPAXK@Z 100046fe f i POSPower.obj
 0001:0000372b       ?Allocate@?$CTempBuffer@E$0BAA@VCCRTAllocator@ATL@@@ATL@@QAEPAEI@Z 1000472b f i POSPower.obj
 0001:0000375a       ?Allocate@?$CTempBuffer@_W$0BAA@VCCRTAllocator@ATL@@@ATL@@QAEPA_WI@Z 1000475a f i POSPower.obj
 0001:00003789       ?Allocate@?$CTempBuffer@_W$0EAA@VCCRTAllocator@ATL@@@ATL@@QAEPA_WI@Z 10004789 f i POSPower.obj
 0001:000037b8       ?AllocateHeap@?$CTempBuffer@_W$0BAA@VCCRTAllocator@ATL@@@ATL@@AAEXI@Z 100047b8 f i POSPower.obj
 0001:000037b8       ?AllocateHeap@?$CTempBuffer@_W$0EAA@VCCRTAllocator@ATL@@@ATL@@AAEXI@Z 100047b8 f i POSPower.obj
 0001:000037b8       ?AllocateHeap@?$CTempBuffer@E$0BAA@VCCRTAllocator@ATL@@@ATL@@AAEXI@Z 100047b8 f i POSPower.obj
 0001:000037dd       ?Append@CParseBuffer@CRegParser@ATL@@QAEHPB_WH@Z 100047dd f i POSPower.obj
 0001:0000386b       ?AtlCoTaskMemCAlloc@ATL@@YAPAXKK@Z 1000486b f i POSPower.obj
 0001:00003898       ?AtlCoTaskMemRecalloc@ATL@@YAPAXPAXKK@Z 10004898 f i POSPower.obj
 0001:000038c8       ?AtlComModuleGetClassObject@ATL@@YGJPAU_ATL_COM_MODULE70@1@ABU_GUID@@1PAPAX@Z 100048c8 f i POSPower.obj
 0001:000039bb       ?AtlComModuleRegisterServer@ATL@@YGJPAU_ATL_COM_MODULE70@1@HPBU_GUID@@@Z 100049bb f i POSPower.obj
 0001:00003a43       ?AtlComModuleUnregisterServer@ATL@@YGJPAU_ATL_COM_MODULE70@1@HPBU_GUID@@@Z 10004a43 f i POSPower.obj
 0001:00003acb       ?AtlComQIPtrAssign2@ATL@@YAXPAPAUIUnknown@@PAU2@ABU_GUID@@@Z 10004acb f i POSPower.obj
 0001:00003afa       ?AtlCreateTargetDC@ATL@@YGPAUHDC__@@PAU2@PAUtagDVTARGETDEVICE@@@Z 10004afa f i POSPower.obj
 0001:00003b63       ?AtlCrtErrorCheck@ATL@@YAHH@Z 10004b63 f i POSPower.obj
 0001:00003b9e       ?AtlHiMetricToPixel@ATL@@YGXPBUtagSIZE@@PAU2@@Z 10004b9e f i POSPower.obj
 0001:00003c13       ?AtlHresultFromLastError@ATL@@YAJXZ 10004c13 f i POSPower.obj
 0001:00003c2a       ?AtlHresultFromWin32@ATL@@YAJK@Z 10004c2a f i POSPower.obj
 0001:00003c3f       ?AtlInternalOleLoadFromStream@ATL@@YAJPAUIStream@@ABU_GUID@@PAPAXTClassesAllowedInStream@1@K@Z 10004c3f f i POSPower.obj
 0001:00003d5d       ?AtlInternalQueryInterface@ATL@@YGJPAXPBU_ATL_INTMAP_ENTRY@1@ABU_GUID@@PAPAX@Z 10004d5d f i POSPower.obj
 0001:00003e00       ?AtlLoadTypeLib@ATL@@YGJPAUHINSTANCE__@@PB_WPAPA_WPAPAUITypeLib@@@Z 10004e00 f i POSPower.obj
 0001:00003fde       ?AtlRegisterClassCategoriesHelper@ATL@@YGJABU_GUID@@PBU_ATL_CATMAP_ENTRY@1@H@Z 10004fde f i POSPower.obj
 0001:000042da       ?AtlRegisterTypeLib@ATL@@YGJPAUHINSTANCE__@@PB_W@Z 100052da f i POSPower.obj
 0001:00004462       ?AtlThrowImpl@ATL@@YGXJ@Z  10005462 f i POSPower.obj
 0001:00004480       ?AtlUnRegisterTypeLib@ATL@@YGJPAUHINSTANCE__@@PB_W@Z 10005480 f i POSPower.obj
 0001:0000452b       ?AtlWinModuleAddCreateWndData@ATL@@YGXPAU_ATL_WIN_MODULE70@1@PAU_AtlCreateWndData@1@PAX@Z 1000552b f i POSPower.obj
 0001:0000457f       ?AtlWinModuleExtractCreateWndData@ATL@@YGPAXPAU_ATL_WIN_MODULE70@1@@Z 1000557f f i POSPower.obj
 0001:000045e2       ?AtlWinModuleRegisterClassExW@ATL@@YGGPAU_ATL_WIN_MODULE70@1@PBUtagWNDCLASSEXW@@@Z 100055e2 f i POSPower.obj
 0001:00004621       ?CanForceRemoveKey@CRegParser@ATL@@IAEHPB_W@Z 10005621 f i POSPower.obj
 0001:00004650       ?ChToByte@CRegParser@ATL@@KAE_W@Z 10005650 f i POSPower.obj
 0001:00004683       ?Cleanup@CComTypeInfoHolder@ATL@@SGXK@Z 10005683 f i POSPower.obj
 0001:000046b6       ?ClearReplacements@CExpansionVector@ATL@@QAEJXZ 100056b6 f i POSPower.obj
 0001:000046f3       ?Close@CRegKey@ATL@@QAEJXZ 100056f3 f i POSPower.obj
 0001:0000470d       ?CreateInstance@?$CComCreator@V?$CComAggObject@VCOPOSPOSPower@@@ATL@@@ATL@@SGJPAXABU_GUID@@PAPAX@Z 1000570d f i POSPower.obj
 0001:00004782       ?CreateInstance@?$CComCreator@V?$CComObject@VCOPOSPOSPower@@@ATL@@@ATL@@SGJPAXABU_GUID@@PAPAX@Z 10005782 f i POSPower.obj
 0001:00004802       ?CreateInstance@?$CComObject@V?$CComEnum@UIEnumConnectionPoints@@$1?_GUID_b196b285_bab4_101a_b69c_00aa00341d07@@3U__s_GUID@@BPAUIConnectionPoint@@V?$_CopyInterface@UIConnectionPoint@@@ATL@@VCComSingleThreadModel@6@@ATL@@@ATL@@SGJPAPAV12@@Z 10005802 f i POSPower.obj
 0001:0000484c       ?CreateInstance@?$CComObject@V?$CComEnum@UIEnumConnections@@$1?_GUID_b196b287_bab4_101a_b69c_00aa00341d07@@3U__s_GUID@@BUtagCONNECTDATA@@V?$_Copy@UtagCONNECTDATA@@@ATL@@VCComSingleThreadModel@6@@ATL@@@ATL@@SGJPAPAV12@@Z 1000584c f i POSPower.obj
 0001:00004896       ?DefaultReflectionHandler@?$CWindowImplRoot@VCWindow@ATL@@@ATL@@SAHPAUHWND__@@IIJAAJ@Z 10005896 f i POSPower.obj
 0001:00004909       ?DeleteSubKey@CRegKey@ATL@@QAEJPB_W@Z 10005909 f i POSPower.obj
 0001:00004982       ?DoEvent@COPOSPOSPower@@IAEXIIJ@Z 10005982 f i POSPower.obj
 0001:00004a02       ?DoVerbHide@?$IOleObjectImpl@VCOPOSPOSPower@@@ATL@@QAEJPBUtagRECT@@PAUHWND__@@@Z 10005a02 f i POSPower.obj
 0001:00004a38       ?DoVerbInPlaceActivate@?$IOleObjectImpl@VCOPOSPOSPower@@@ATL@@QAEJPBUtagRECT@@PAUHWND__@@@Z 10005a38 f i POSPower.obj
 0001:00004a6b       ?DoVerbPrimary@?$IOleObjectImpl@VCOPOSPOSPower@@@ATL@@QAEJPBUtagRECT@@PAUHWND__@@@Z 10005a6b f i POSPower.obj
 0001:00004af7       ?DoVerbProperties@CComControlBase@ATL@@QAEJPBUtagRECT@@PAUHWND__@@@Z 10005af7 f i POSPower.obj
 0001:00004c76       ?DoVerbUIActivate@?$IOleObjectImpl@VCOPOSPOSPower@@@ATL@@QAEJPBUtagRECT@@PAUHWND__@@@Z 10005c76 f i POSPower.obj
 0001:00004cb3       ?DoesVerbActivate@CComControlBase@ATL@@QAEHJ@Z 10005cb3 f i POSPower.obj
 0001:00004cd4       ?DoesVerbUIActivate@CComControlBase@ATL@@QAEHJ@Z 10005cd4 f i POSPower.obj
 0001:00004d09       ?EndOfVar@CRegParser@ATL@@IAEHXZ 10005d09 f i POSPower.obj
 0001:00004d29       ?EscapeSingleQuote@CAtlModule@ATL@@SAXPA_WIPB_W@Z 10005d29 f i POSPower.obj
 0001:00004d78       ?FindKey@?$CSimpleMap@PA_WPA_WVCExpansionVectorEqualHelper@ATL@@@ATL@@QBEHABQA_W@Z 10005d78 f i POSPower.obj
 0001:00004daf       ?FireTheEvent@?$CProxy_IOPOSEvents@VCOPOSPOSPower@@@@IAEXPAVOposVariant@@IAAJPB_WJ@Z 10005daf f i POSPower.obj
 0001:00004e41       ?FireViewChange@CComControlBase@ATL@@QAEJXZ 10005e41 f i POSPower.obj
 0001:00004e8a       ?Fire_DirectIOEvent@?$CProxy_IOPOSEvents@VCOPOSPOSPower@@@@QAEXJPAJPAPA_W@Z 10005e8a f i POSPower.obj
 0001:00004f76       ?Fire_StatusUpdateEvent@?$CProxy_IOPOSEvents@VCOPOSPOSPower@@@@QAEXJ@Z 10005f76 f i POSPower.obj
 0001:0000500c       ?FreeHeap@?$CTempBuffer@_W$0BAA@VCCRTAllocator@ATL@@@ATL@@AAEXXZ 1000600c f i POSPower.obj
 0001:0000500c       ?FreeHeap@?$CTempBuffer@E$0BAA@VCCRTAllocator@ATL@@@ATL@@AAEXXZ 1000600c f i POSPower.obj
 0001:0000500c       ?FreeHeap@?$CTempBuffer@_W$0EAA@VCCRTAllocator@ATL@@@ATL@@AAEXXZ 1000600c f i POSPower.obj
 0001:00005015       ?GetAmbientLocaleID@CComControlBase@ATL@@QAEJAAK@Z 10006015 f i POSPower.obj
 0001:00005071       ?GetAmbientUserMode@CComControlBase@ATL@@QAEJAAH@Z 10006071 f i POSPower.obj
 0001:000050e1       ?GetAt@CComDynamicUnkArray@ATL@@QAEPAUIUnknown@@H@Z 100060e1 f i POSPower.obj
 0001:000050fd       ?GetClassObject@CComModule@ATL@@QAEJABU_GUID@@0PAPAX@Z 100060fd f i POSPower.obj
 0001:0000519f       ?GetConnMap@COPOSPOSPower@@SAPBU_ATL_CONNMAP_ENTRY@ATL@@PAH@Z 1000619f f i POSPower.obj
 0001:0000520f       ?GetCookie@CComDynamicUnkArray@ATL@@QAGKPAPAUIUnknown@@@Z 1000620f f i POSPower.obj
 0001:00005247       ?GetIDsOfNames@CComTypeInfoHolder@ATL@@QAEJABU_GUID@@PAPA_WIKPAJ@Z 10006247 f i POSPower.obj
 0001:0000536e       ?GetKeyAt@?$CSimpleMap@PA_WPA_WVCExpansionVectorEqualHelper@ATL@@@ATL@@QBEAAPA_WH@Z 1000636e f i POSPower.obj
 0001:00005393       ?GetPagesHelper@?$ISpecifyPropertyPagesImpl@VCOPOSPOSPower@@@ATL@@IAEJPAUtagCAUUID@@PBUATL_PROPMAP_ENTRY@2@@Z 10006393 f i POSPower.obj
 0001:000054ba       ?GetProperty@?$CComPtr@UIDispatch@@@ATL@@SAJPAUIDispatch@@JPAUtagVARIANT@@@Z 100064ba f i POSPower.obj
 0001:00005509       ?GetSizeMax@CComVariant@ATL@@QBEJPAT_ULARGE_INTEGER@@@Z 10006509 f i POSPower.obj
 0001:000056cb       ?GetTI@CComTypeInfoHolder@ATL@@QAEJK@Z 100066cb f i POSPower.obj
 0001:000058aa       ?GetTI@CComTypeInfoHolder@ATL@@QAEJKPAPAUITypeInfo@@@Z 100068aa f i POSPower.obj
 0001:000058ec       ?GetUnknown@CComDynamicUnkArray@ATL@@QAGPAUIUnknown@@K@Z 100068ec f i POSPower.obj
 0001:0000590d       ?GetValueAt@?$CSimpleMap@PA_WPA_WVCExpansionVectorEqualHelper@ATL@@@ATL@@QBEAAPA_WH@Z 1000690d f i POSPower.obj
 0001:00005933       ?GetZoomInfo@CComControlBase@ATL@@QAEXAAUATL_DRAWINFO@@@Z 10006933 f i POSPower.obj
 0001:000059c6       ?HKeyFromString@CRegParser@ATL@@KAPAUHKEY__@@PA_W@Z 100069c6 f i POSPower.obj
 0001:000059f4       ?HasSubKeys@CRegParser@ATL@@IAEHPAUHKEY__@@@Z 100069f4 f i POSPower.obj
 0001:00005a29       ?IDataObject_GetData@CComControlBase@ATL@@QAEJPAUtagFORMATETC@@PAUtagSTGMEDIUM@@@Z 10006a29 f i POSPower.obj
 0001:00005bcf       ?IOleInPlaceObject_InPlaceDeactivate@CComControlBase@ATL@@QAEJXZ 10006bcf f i POSPower.obj
 0001:00005c56       ?IOleInPlaceObject_SetObjectRects@CComControlBase@ATL@@QAEJPBUtagRECT@@0@Z 10006c56 f i POSPower.obj
 0001:00005d23       ?IOleInPlaceObject_UIDeactivate@CComControlBase@ATL@@QAEJXZ 10006d23 f i POSPower.obj
 0001:00005de5       ?IOleObject_Advise@CComControlBase@ATL@@QAEJPAUIAdviseSink@@PAK@Z 10006de5 f i POSPower.obj
 0001:00005e0f       ?IOleObject_Close@CComControlBase@ATL@@QAEJK@Z 10006e0f f i POSPower.obj
 0001:00005ef3       ?IOleObject_GetClientSite@CComControlBase@ATL@@QAEJPAPAUIOleClientSite@@@Z 10006ef3 f i POSPower.obj
 0001:00005f1c       ?IOleObject_SetClientSite@CComControlBase@ATL@@QAEJPAUIOleClientSite@@@Z 10006f1c f i POSPower.obj
 0001:00005f5b       ?IOleObject_SetExtent@CComControlBase@ATL@@QAEJKPAUtagSIZE@@@Z 10006f5b f i POSPower.obj
 0001:0000600d       ?IPSI_GetIPersistStreamInit@?$IPersistStorageImpl@VCOPOSPOSPower@@@ATL@@AAEPAUIPersistStreamInit@@XZ 1000700d f i POSPower.obj
 0001:000060b5       ?IPersistStreamInit_Load@?$IPersistStreamInitImpl@VCOPOSPOSPower@@@ATL@@QAEJPAUIStream@@PBUATL_PROPMAP_ENTRY@2@@Z 100070b5 f i POSPower.obj
 0001:0000632a       ?IPersistStreamInit_Save@?$IPersistStreamInitImpl@VCOPOSPOSPower@@@ATL@@QAEJPAUIStream@@HPBUATL_PROPMAP_ENTRY@2@@Z 1000732a f i POSPower.obj
 0001:00006518       ?IQuickActivate_QuickActivate@CComControlBase@ATL@@QAEJPAUtagQACONTAINER@@PAUtagQACONTROL@@@Z 10007518 f i POSPower.obj
 0001:0000675a       ?IViewObject_Draw@CComControlBase@ATL@@QAEJKJPAXPAUtagDVTARGETDEVICE@@PAUHDC__@@2PBU_RECTL@@3@Z 1000775a f i POSPower.obj
 0001:00006802       ?InPlaceActivate@CComControlBase@ATL@@QAEJJPBUtagRECT@@@Z 10007802 f i POSPower.obj
 0001:00006a73       ?Init@?$CComEnumImpl@UIEnumConnectionPoints@@$1?_GUID_b196b285_bab4_101a_b69c_00aa00341d07@@3U__s_GUID@@BPAUIConnectionPoint@@V?$_CopyInterface@UIConnectionPoint@@@ATL@@@ATL@@QAEJPAPAUIConnectionPoint@@0PAUIUnknown@@W4CComEnumFlags@2@@Z 10007a73 f i POSPower.obj
 0001:00006b52       ?Init@?$CComEnumImpl@UIEnumConnections@@$1?_GUID_b196b287_bab4_101a_b69c_00aa00341d07@@3U__s_GUID@@BUtagCONNECTDATA@@V?$_Copy@UtagCONNECTDATA@@@ATL@@@ATL@@QAEJPAUtagCONNECTDATA@@0PAUIUnknown@@W4CComEnumFlags@2@@Z 10007b52 f i POSPower.obj
 0001:00006c31       ?Init@CComModule@ATL@@QAEJPAU_ATL_OBJMAP_ENTRY30@2@PAUHINSTANCE__@@PBU_GUID@@@Z 10007c31 f i POSPower.obj
 0001:00006c90       ?Init@CDynamicStdCallThunk2@ATL@@QAEHKPAX@Z 10007c90 f i POSPower.obj
 0001:00006cbb       ?InlineIsEqualUnknown@ATL@@YGHABU_GUID@@@Z 10007cbb f i POSPower.obj
 0001:00006ce3       ?InternalSetAtIndex@?$CSimpleMap@PA_WPA_WVCExpansionVectorEqualHelper@ATL@@@ATL@@QAEXHABQA_W0@Z 10007ce3 f i POSPower.obj
 0001:00006d0d       ?Invoke@CComTypeInfoHolder@ATL@@QAEJPAUIDispatch@@JABU_GUID@@KGPAUtagDISPPARAMS@@PAUtagVARIANT@@PAUtagEXCEPINFO@@PAI@Z 10007d0d f i POSPower.obj
 0001:00006d50       ?IsEqualObject@?$CComPtrBase@UITypeInfo@@@ATL@@QAE_NPAUIUnknown@@@Z 10007d50 f i POSPower.obj
 0001:00006d50       ?IsEqualObject@?$CComPtrBase@UIOleClientSite@@@ATL@@QAE_NPAUIUnknown@@@Z 10007d50 f i POSPower.obj
 0001:00006dbd       ?IsSpace@CRegParser@ATL@@IAEH_W@Z 10007dbd f i POSPower.obj
 0001:00006de7       ?LoadNameCache@CComTypeInfoHolder@ATL@@QAEJPAUITypeInfo@@@Z 10007de7 f i POSPower.obj
 0001:00006f1c       ?Lookup@?$CSimpleMap@PA_WPA_WVCExpansionVectorEqualHelper@ATL@@@ATL@@QBEPA_WABQA_W@Z 10007f1c f i POSPower.obj
 0001:00006f42       ?NextToken@CRegParser@ATL@@IAEJPA_W@Z 10007f42 f i POSPower.obj
 0001:0000707a       ?OnKillFocus@CComControlBase@ATL@@QAEJIIJAAH@Z 1000807a f i POSPower.obj
 0001:000070d5       ?OnMouseActivate@CComControlBase@ATL@@QAEJIIJAAH@Z 100080d5 f i POSPower.obj
 0001:00007143       ?OnPaint@CComControlBase@ATL@@QAEJIIJAAH@Z 10008143 f i POSPower.obj
 0001:000071f5       ?OnSetFocus@CComControlBase@ATL@@QAEJIIJAAH@Z 100081f5 f i POSPower.obj
 0001:0000727e       ?Open@CRegKey@ATL@@QAEJPAUHKEY__@@PB_WK@Z 1000827e f i POSPower.obj
 0001:000072d3       ?PreProcessBuffer@CRegParser@ATL@@QAEJPA_WPAPA_W@Z 100082d3 f i POSPower.obj
 0001:00007542       ?ProcessWindowMessage@?$CComControl@VCOPOSPOSPower@@V?$CWindowImpl@VCOPOSPOSPower@@VCWindow@ATL@@V?$CWinTraits@$0FGAAAAAA@$0A@@3@@ATL@@@ATL@@UAEHPAUHWND__@@IIJAAJK@Z 10008542 f i POSPower.obj
 0001:000075e1       ?ReadFromStream@CComBSTR@ATL@@QAEJPAUIStream@@@Z 100085e1 f i POSPower.obj
 0001:00007704       ?ReadFromStream@CComVariant@ATL@@QAEJPAUIStream@@GTClassesAllowedInStream@2@K@Z 10008704 f i POSPower.obj
 0001:0000788e       ?RecurseDeleteKey@CRegKey@ATL@@QAEJPB_W@Z 1000888e f i POSPower.obj
 0001:0000797c       ?RegCreateKeyExW@CAtlTransactionManager@ATL@@QAEJPAUHKEY__@@PB_WKPA_WKKQAU_SECURITY_ATTRIBUTES@@PAPAU3@PAK@Z 1000897c f i POSPower.obj
 0001:000079df       ?RegDeleteKeyW@CAtlTransactionManager@ATL@@QAEJPAUHKEY__@@PB_W@Z 100089df f i POSPower.obj
 0001:00007a31       ?RegOpenKeyExW@CAtlTransactionManager@ATL@@QAEJPAUHKEY__@@PB_WKKPAPAU3@@Z 10008a31 f i POSPower.obj
 0001:00007a88       ?Register@_ATL_WNDCLASSINFOW@ATL@@QAEGPAP6GJPAUHWND__@@IIJ@Z@Z 10008a88 f i POSPower.obj
 0001:00007aa8       ?RegisterBuffer@CRegParser@ATL@@QAEJPA_WH@Z 10008aa8 f i POSPower.obj
 0001:00007bef       ?RegisterFromResource@CRegObject@ATL@@IAEJPB_W00H@Z 10008bef f i POSPower.obj
 0001:00007d25       ?RegisterServer@?$CAtlModuleT@VCComModule@ATL@@@ATL@@QAEJHPBU_GUID@@@Z 10008d25 f i POSPower.obj
 0001:00007d53       ?RegisterServer@CComModule@ATL@@QAEJHPBU_GUID@@@Z 10008d53 f i POSPower.obj
 0001:00007dc9       ?RegisterSubkeys@CRegParser@ATL@@IAEJPA_WPAUHKEY__@@HH@Z 10008dc9 f i POSPower.obj
 0001:00008476       ?Remove@CComDynamicUnkArray@ATL@@QAEHK@Z 10009476 f i POSPower.obj
 0001:0000849f       ?RemoveAll@?$CSimpleMap@PA_WPA_WVCExpansionVectorEqualHelper@ATL@@@ATL@@QAEXXZ 1000949f f i POSPower.obj
 0001:000084cb       ?ResourceRegisterSz@CRegObject@ATL@@QAGJPB_W00@Z 100094cb f i POSPower.obj
 0001:000084f8       ?ResourceUnregisterSz@CRegObject@ATL@@QAGJPB_W00@Z 100094f8 f i POSPower.obj
 0001:00008525       ?SendOnDataChange@CComControlBase@ATL@@QAEJK@Z 10009525 f i POSPower.obj
 0001:00008572       ?SetControlFocus@CComControlBase@ATL@@QAEHH@Z 10009572 f i POSPower.obj
 0001:0000860f       ?SetMultiStringValue@CRegKey@ATL@@QAEJPB_W0@Z 1000960f f i POSPower.obj
 0001:0000866b       ?SetStringValue@CRegKey@ATL@@QAEJPB_W0K@Z 1000966b f i POSPower.obj
 0001:000086b4       ?SkipAssignment@CRegParser@ATL@@IAEJPA_W@Z 100096b4 f i POSPower.obj
 0001:00008719       ?SkipWhiteSpace@CRegParser@ATL@@IAEXXZ 10009719 f i POSPower.obj
 0001:0000873b       ?StrChrW@CRegParser@ATL@@KAPA_WPA_W_W@Z 1000973b f i POSPower.obj
 0001:00008778       ?Term@CAtlModule@ATL@@QAEXXZ 10009778 f i POSPower.obj
 0001:000087cb       ?Term@CComModule@ATL@@QAEXXZ 100097cb f i POSPower.obj
 0001:00008823       ?UnregisterServer@?$CAtlModuleT@VCComModule@ATL@@@ATL@@QAEJHPBU_GUID@@@Z 10009823 f i POSPower.obj
 0001:00008849       ?UnregisterServer@CComModule@ATL@@QAEJHPBU_GUID@@@Z 10009849 f i POSPower.obj
 0001:000088bf       ?UpdateRegistryFromResource@CAtlModule@ATL@@QAGJIHPAU_ATL_REGMAP_ENTRY@2@@Z 100098bf f i POSPower.obj
 0001:00008a8a       ?UpdateRegistryFromResource@CAtlModule@ATL@@QAGJPB_WHPAU_ATL_REGMAP_ENTRY@2@@Z 10009a8a f i POSPower.obj
 0001:00008c5b       ?VTFromRegType@CRegParser@ATL@@KAHPB_WAAG@Z 10009c5b f i POSPower.obj
 0001:00008cc8       ?WindowProc@?$CWindowImplBaseT@VCWindow@ATL@@V?$CWinTraits@$0FGAAAAAA@$0A@@2@@ATL@@SGJPAUHWND__@@IIJ@Z 10009cc8 f i POSPower.obj
 0001:00008dba       ?WriteToStream@CComBSTR@ATL@@QAEJPAUIStream@@@Z 10009dba f i POSPower.obj
 0001:00008e1c       ?WriteToStream@CComVariant@ATL@@QAEJPAUIStream@@@Z 10009e1c f i POSPower.obj
 0001:00008f96       ?WriteToStream@CComVariant@ATL@@QAEJPAUIStream@@G@Z 10009f96 f i POSPower.obj
 0001:00008fff       ?_AtlInitialConstruct@?$CComObjectRootEx@VCComMultiThreadModel@ATL@@@ATL@@QAEJXZ 10009fff f i POSPower.obj
 0001:00009014       ?_AtlVerifyStackAvailable@_ATL_SAFE_ALLOCA_IMPL@ATL@@YA_NK@Z 1000a014 f i POSPower.obj
 0001:00009092       ?atlCreate@?$CWindowImpl@VCOPOSPOSPower@@VCWindow@ATL@@V?$CWinTraits@$0FGAAAAAA@$0A@@3@@ATL@@QAEPAUHWND__@@PAU3@V_U_RECT@2@PB_WKKV_U_MENUorID@2@PAX@Z 1000a092 f i POSPower.obj
 0001:000090d6       ?atlCreate@?$CWindowImplBaseT@VCWindow@ATL@@V?$CWinTraits@$0FGAAAAAA@$0A@@2@@ATL@@QAEPAUHWND__@@PAU3@V_U_RECT@2@PB_WKKV_U_MENUorID@2@GPAX@Z 1000a0d6 f i POSPower.obj
 0001:00009172       ?copy@?$_Copy@UtagCONNECTDATA@@@ATL@@SAJPAUtagCONNECTDATA@@PBU3@@Z 1000a172 f i POSPower.obj
 0001:000091a8       ?copy@?$_CopyInterface@UIConnectionPoint@@@ATL@@SAJPAPAUIConnectionPoint@@PBQAU3@@Z 1000a1a8 f i POSPower.obj
 0001:000091d6       ?memcpy_s@Checked@ATL@@YAXPAXIPBXI@Z 1000a1d6 f i POSPower.obj
 0001:000091f5       ?ocscpy_s@@YA_NPA_WIPB_W@Z 1000a1f5 f i POSPower.obj
 0001:0000923f       ?wcscpy_s@Checked@ATL@@YAXPA_WIPB_W@Z 1000a23f f i POSPower.obj
 0001:0000925b       _DllCanUnloadNow@0         1000a25b f   POSPower.obj
 0001:00009267       _DllGetClassObject@12      1000a267 f   POSPower.obj
 0001:00009275       _DllMain@12                1000a275 f   POSPower.obj
 0001:000092b7       _DllRegisterServer@0       1000a2b7 f   POSPower.obj
 0001:000092c6       _DllUnregisterServer@0     1000a2c6 f   POSPower.obj
 0001:000092d5       _InlineIsEqualGUID         1000a2d5 f i POSPower.obj
 0001:00009305       ___local_stdio_printf_options 1000a305 f i POSPower.obj
 0001:0000930b       __vswprintf_s_l            1000a30b f i POSPower.obj
 0001:000093b8       _swprintf_s                1000a3b8 f i POSPower.obj
 0001:000093d4       ??0?$CComControl@VCOPOSPOSPower@@V?$CWindowImpl@VCOPOSPOSPower@@VCWindow@ATL@@V?$CWinTraits@$0FGAAAAAA@$0A@@3@@ATL@@@ATL@@QAE@XZ 1000a3d4 f i POSPowerImpl.obj
 0001:000093fb       ??0CComControlBase@ATL@@QAE@AAPAUHWND__@@@Z 1000a3fb f i POSPowerImpl.obj
 0001:0000944b       ??0COPOSPOSPower@@QAE@XZ   1000a44b f   POSPowerImpl.obj
 0001:0000949a       ??1?$CComControl@VCOPOSPOSPower@@V?$CWindowImpl@VCOPOSPOSPower@@VCWindow@ATL@@V?$CWinTraits@$0FGAAAAAA@$0A@@3@@ATL@@@ATL@@UAE@XZ 1000a49a f i POSPowerImpl.obj
 0001:000094b3       ??1?$IConnectionPointImpl@VCOPOSPOSPower@@$1?IID_IPropertyNotifySink@@3U_GUID@@BVCComDynamicUnkArray@ATL@@@ATL@@QAE@XZ 1000a4b3 f i POSPowerImpl.obj
 0001:000094b3       ??1?$IConnectionPointImpl@VCOPOSPOSPower@@$1?DIID__IOPOSPOSPowerEvents@@3U_GUID@@BVCComDynamicUnkArray@ATL@@@ATL@@QAE@XZ 1000a4b3 f i POSPowerImpl.obj
 0001:000094f0       ??1CComControlBase@ATL@@UAE@XZ 1000a4f0 f i POSPowerImpl.obj
 0001:00009553       ??1COPOSPOSPower@@UAE@XZ   1000a553 f   POSPowerImpl.obj
 0001:0000959b       ?CheckHealth@COPOSPOSPower@@UAGJJPAJ@Z 1000a59b f   POSPowerImpl.obj
 0001:000095ea       ?ClaimDevice@COPOSPOSPower@@UAGJJPAJ@Z 1000a5ea f   POSPowerImpl.obj
 0001:00009658       ?Close@COPOSPOSPower@@UAGJPAJ@Z 1000a658 f   POSPowerImpl.obj
 0001:000096c6       ?CompareFirmwareVersion@COPOSPOSPower@@UAGJPA_WPAJ1@Z 1000a6c6 f   POSPowerImpl.obj
 0001:00009746       ?DirectIO@COPOSPOSPower@@UAGJJPAJPAPA_W0@Z 1000a746 f   POSPowerImpl.obj
 0001:000097f4       ?DoInvoke@COPOSPOSPower@@IAEJJPAVOposVariant@@IHPAJ_N@Z 1000a7f4 f   POSPowerImpl.obj
 0001:000098d0       ?EventClose@COPOSPOSPower@@IAEXXZ 1000a8d0 f i POSPowerImpl.obj
 0001:00009903       ?EventInit@COPOSPOSPower@@IAEJXZ 1000a903 f i POSPowerImpl.obj
 0001:000099cf       ?EventUninit@COPOSPOSPower@@IAEXXZ 1000a9cf f i POSPowerImpl.obj
 0001:00009a21       ?EventWindowProc@COPOSPOSPower@@IAGJIIJ@Z 1000aa21 f i POSPowerImpl.obj
 0001:00009a98       ?FinalConstruct@COPOSPOSPower@@QAEJXZ 1000aa98 f   POSPowerImpl.obj
 0001:00009ad1       ?FireEventCleanup@COPOSPOSPower@@IAEXXZ 1000aad1 f i POSPowerImpl.obj
 0001:00009ae7       ?FireEventSetup@COPOSPOSPower@@IAE_NXZ 1000aae7 f i POSPowerImpl.obj
 0001:00009b1b       ?FreezeEvents@COPOSPOSPower@@MAGJH@Z 1000ab1b f   POSPowerImpl.obj
 0001:00009b6c       ?GetOposProp@COPOSPOSPower@@IAEJJPAFJ@Z 1000ab6c f   POSPowerImpl.obj
 0001:00009b8f       ?GetOposProp@COPOSPOSPower@@IAEJJPAJJ@Z 1000ab8f f   POSPowerImpl.obj
 0001:00009c5e       ?GetOposProp@COPOSPOSPower@@IAEJJPAPA_WJ@Z 1000ac5e f   POSPowerImpl.obj
 0001:00009d3a       ?OnDraw@COPOSPOSPower@@MAEJAAUATL_DRAWINFO@@@Z 1000ad3a f   POSPowerImpl.obj
 0001:00009dda       ?Open@COPOSPOSPower@@UAGJPA_WPAJ@Z 1000adda f   POSPowerImpl.obj
 0001:0000a621       ?ReleaseDevice@COPOSPOSPower@@UAGJPAJ@Z 1000b621 f   POSPowerImpl.obj
 0001:0000a658       ?ResetStatistics@COPOSPOSPower@@UAGJPA_WPAJ@Z 1000b658 f   POSPowerImpl.obj
 0001:0000a6af       ?RestartPOS@COPOSPOSPower@@UAGJPAJ@Z 1000b6af f   POSPowerImpl.obj
 0001:0000a6ca       ?RetrieveStatistics@COPOSPOSPower@@UAGJPAPA_WPAJ@Z 1000b6ca f   POSPowerImpl.obj
 0001:0000a721       ?SOProcessID@COPOSPOSPower@@UAGJPAJ@Z 1000b721 f   POSPowerImpl.obj
 0001:0000a735       ?SetCOFreezeEvents@COPOSPOSPower@@IAEXF@Z 1000b735 f   POSPowerImpl.obj
 0001:0000a7d5       ?SetOposProp@COPOSPOSPower@@IAEJJJJ@Z 1000b7d5 f   POSPowerImpl.obj
 0001:0000a8cc       ?ShutdownPOS@COPOSPOSPower@@UAGJPAJ@Z 1000b8cc f   POSPowerImpl.obj
 0001:0000a8e7       ?StandbyPOS@COPOSPOSPower@@UAGJJPAJ@Z 1000b8e7 f   POSPowerImpl.obj
 0001:0000a936       ?SuspendPOS@COPOSPOSPower@@UAGJJPAJ@Z 1000b936 f   POSPowerImpl.obj
 0001:0000a985       ?UpdateFirmware@COPOSPOSPower@@UAGJPA_WPAJ@Z 1000b985 f   POSPowerImpl.obj
 0001:0000a9dc       ?UpdateStatistics@COPOSPOSPower@@UAGJPA_WPAJ@Z 1000b9dc f   POSPowerImpl.obj
 0001:0000aa33       ?get_BatteryCapacityRemaining@COPOSPOSPower@@UAGJPAJ@Z 1000ba33 f   POSPowerImpl.obj
 0001:0000aa4c       ?get_BatteryCriticallyLowThreshold@COPOSPOSPower@@UAGJPAJ@Z 1000ba4c f   POSPowerImpl.obj
 0001:0000aa65       ?get_BatteryLowThreshold@COPOSPOSPower@@UAGJPAJ@Z 1000ba65 f   POSPowerImpl.obj
 0001:0000aa7e       ?get_BinaryConversion@COPOSPOSPower@@UAGJPAJ@Z 1000ba7e f   POSPowerImpl.obj
 0001:0000aa94       ?get_CapBatteryCapacityRemaining@COPOSPOSPower@@UAGJPAF@Z 1000ba94 f   POSPowerImpl.obj
 0001:0000aaad       ?get_CapCompareFirmwareVersion@COPOSPOSPower@@UAGJPAF@Z 1000baad f   POSPowerImpl.obj
 0001:0000aac6       ?get_CapFanAlarm@COPOSPOSPower@@UAGJPAF@Z 1000bac6 f   POSPowerImpl.obj
 0001:0000aadf       ?get_CapHeatAlarm@COPOSPOSPower@@UAGJPAF@Z 1000badf f   POSPowerImpl.obj
 0001:0000aaf8       ?get_CapPowerReporting@COPOSPOSPower@@UAGJPAJ@Z 1000baf8 f   POSPowerImpl.obj
 0001:0000ab11       ?get_CapQuickCharge@COPOSPOSPower@@UAGJPAF@Z 1000bb11 f   POSPowerImpl.obj
 0001:0000ab2a       ?get_CapRestartPOS@COPOSPOSPower@@UAGJPAF@Z 1000bb2a f   POSPowerImpl.obj
 0001:0000ab43       ?get_CapShutdownPOS@COPOSPOSPower@@UAGJPAF@Z 1000bb43 f   POSPowerImpl.obj
 0001:0000ab5c       ?get_CapStandbyPOS@COPOSPOSPower@@UAGJPAF@Z 1000bb5c f   POSPowerImpl.obj
 0001:0000ab75       ?get_CapStatisticsReporting@COPOSPOSPower@@UAGJPAF@Z 1000bb75 f   POSPowerImpl.obj
 0001:0000ab8e       ?get_CapSuspendPOS@COPOSPOSPower@@UAGJPAF@Z 1000bb8e f   POSPowerImpl.obj
 0001:0000aba7       ?get_CapUPSChargeState@COPOSPOSPower@@UAGJPAJ@Z 1000bba7 f   POSPowerImpl.obj
 0001:0000abc0       ?get_CapUpdateFirmware@COPOSPOSPower@@UAGJPAF@Z 1000bbc0 f   POSPowerImpl.obj
 0001:0000abd9       ?get_CapUpdateStatistics@COPOSPOSPower@@UAGJPAF@Z 1000bbd9 f   POSPowerImpl.obj
 0001:0000abf2       ?get_CapVariableBatteryCriticallyLowThreshold@COPOSPOSPower@@UAGJPAF@Z 1000bbf2 f   POSPowerImpl.obj
 0001:0000ac0b       ?get_CapVariableBatteryLowThreshold@COPOSPOSPower@@UAGJPAF@Z 1000bc0b f   POSPowerImpl.obj
 0001:0000ac24       ?get_CheckHealthText@COPOSPOSPower@@UAGJPAPA_W@Z 1000bc24 f   POSPowerImpl.obj
 0001:0000ac3d       ?get_Claimed@COPOSPOSPower@@UAGJPAF@Z 1000bc3d f   POSPowerImpl.obj
 0001:0000ac53       ?get_ControlObjectDescription@COPOSPOSPower@@UAGJPAPA_W@Z 1000bc53 f   POSPowerImpl.obj
 0001:0000aca1       ?get_ControlObjectVersion@COPOSPOSPower@@UAGJPAJ@Z 1000bca1 f   POSPowerImpl.obj
 0001:0000acb4       ?get_DeviceDescription@COPOSPOSPower@@UAGJPAPA_W@Z 1000bcb4 f   POSPowerImpl.obj
 0001:0000accd       ?get_DeviceEnabled@COPOSPOSPower@@UAGJPAF@Z 1000bccd f   POSPowerImpl.obj
 0001:0000ace3       ?get_DeviceName@COPOSPOSPower@@UAGJPAPA_W@Z 1000bce3 f   POSPowerImpl.obj
 0001:0000acfc       ?get_EnforcedShutdownDelayTime@COPOSPOSPower@@UAGJPAJ@Z 1000bcfc f   POSPowerImpl.obj
 0001:0000ad15       ?get_FreezeEvents@COPOSPOSPower@@UAGJPAF@Z 1000bd15 f   POSPowerImpl.obj
 0001:0000ad2b       ?get_OpenResult@COPOSPOSPower@@UAGJPAJ@Z 1000bd2b f   POSPowerImpl.obj
 0001:0000ad42       ?get_PowerFailDelayTime@COPOSPOSPower@@UAGJPAJ@Z 1000bd42 f   POSPowerImpl.obj
 0001:0000ad5b       ?get_PowerNotify@COPOSPOSPower@@UAGJPAJ@Z 1000bd5b f   POSPowerImpl.obj
 0001:0000ad71       ?get_PowerSource@COPOSPOSPower@@UAGJPAJ@Z 1000bd71 f   POSPowerImpl.obj
 0001:0000ad8a       ?get_PowerState@COPOSPOSPower@@UAGJPAJ@Z 1000bd8a f   POSPowerImpl.obj
 0001:0000ada0       ?get_QuickChargeMode@COPOSPOSPower@@UAGJPAF@Z 1000bda0 f   POSPowerImpl.obj
 0001:0000adb9       ?get_QuickChargeTime@COPOSPOSPower@@UAGJPAJ@Z 1000bdb9 f   POSPowerImpl.obj
 0001:0000add2       ?get_ResultCode@COPOSPOSPower@@UAGJPAJ@Z 1000bdd2 f   POSPowerImpl.obj
 0001:0000ae10       ?get_ResultCodeExtended@COPOSPOSPower@@UAGJPAJ@Z 1000be10 f   POSPowerImpl.obj
 0001:0000ae26       ?get_ServiceObjectDescription@COPOSPOSPower@@UAGJPAPA_W@Z 1000be26 f   POSPowerImpl.obj
 0001:0000ae3f       ?get_ServiceObjectVersion@COPOSPOSPower@@UAGJPAJ@Z 1000be3f f   POSPowerImpl.obj
 0001:0000ae55       ?get_State@COPOSPOSPower@@UAGJPAJ@Z 1000be55 f   POSPowerImpl.obj
 0001:0000ae81       ?get_UPSChargeState@COPOSPOSPower@@UAGJPAJ@Z 1000be81 f   POSPowerImpl.obj
 0001:0000ae9a       ?put_BatteryCriticallyLowThreshold@COPOSPOSPower@@UAGJJ@Z 1000be9a f   POSPowerImpl.obj
 0001:0000aeb3       ?put_BatteryLowThreshold@COPOSPOSPower@@UAGJJ@Z 1000beb3 f   POSPowerImpl.obj
 0001:0000aecc       ?put_BinaryConversion@COPOSPOSPower@@UAGJJ@Z 1000becc f   POSPowerImpl.obj
 0001:0000aee2       ?put_DeviceEnabled@COPOSPOSPower@@UAGJF@Z 1000bee2 f   POSPowerImpl.obj
 0001:0000aeff       ?put_EnforcedShutdownDelayTime@COPOSPOSPower@@UAGJJ@Z 1000beff f   POSPowerImpl.obj
 0001:0000af18       ?put_FreezeEvents@COPOSPOSPower@@UAGJF@Z 1000bf18 f   POSPowerImpl.obj
 0001:0000af64       ?put_PowerNotify@COPOSPOSPower@@UAGJJ@Z 1000bf64 f   POSPowerImpl.obj
 0001:0000af7a       ?s_EventWindowProc@COPOSPOSPower@@KGJPAUHWND__@@IIJ@Z 1000bf7a f i POSPowerImpl.obj
 0001:0000afcc       ??_U@YAPAXI@Z              1000bfcc f   LIBCMT:new_array.obj
 0001:0000afd5       ??3@YAXPAXI@Z              1000bfd5 f   LIBCMT:delete_scalar_size.obj
 0001:0000afe3       ??_V@YAXPAX@Z              1000bfe3 f   LIBCMT:delete_array.obj
 0001:0000afe8       ??_V@YAXPAXI@Z             1000bfe8 f   LIBCMT:delete_array_size.obj
 0001:0000b03a       ___scrt_acquire_startup_lock 1000c03a f   LIBCMT:utility.obj
 0001:0000b06c       ___scrt_dllmain_after_initialize_c 1000c06c f   LIBCMT:utility.obj
 0001:0000b097       ___scrt_dllmain_before_initialize_c 1000c097 f   LIBCMT:utility.obj
 0001:0000b0a5       ___scrt_dllmain_crt_thread_attach 1000c0a5 f   LIBCMT:utility.obj
 0001:0000b0c4       ___scrt_dllmain_crt_thread_detach 1000c0c4 f   LIBCMT:utility.obj
 0001:0000b0d1       ___scrt_dllmain_exception_filter 1000c0d1 f   LIBCMT:utility.obj
 0001:0000b105       ___scrt_dllmain_uninitialize_c 1000c105 f   LIBCMT:utility.obj
 0001:0000b128       ___scrt_dllmain_uninitialize_critical 1000c128 f   LIBCMT:utility.obj
 0001:0000b135       ___scrt_initialize_crt     1000c135 f   LIBCMT:utility.obj
 0001:0000b16e       ___scrt_initialize_onexit_tables 1000c16e f   LIBCMT:utility.obj
 0001:0000b1f5       ___scrt_is_nonwritable_in_current_image 1000c1f5 f   LIBCMT:utility.obj
 0001:0000b289       ___scrt_release_startup_lock 1000c289 f   LIBCMT:utility.obj
 0001:0000b2a6       ___scrt_uninitialize_crt   1000c2a6 f   LIBCMT:utility.obj
 0001:0000b2ce       __onexit                   1000c2ce f   LIBCMT:utility.obj
 0001:0000b2fb       _atexit                    1000c2fb f   LIBCMT:utility.obj
 0001:0000b310       ??3@YAXPAX@Z               1000c310 f   LIBCMT:delete_scalar.obj
 0001:0000b3da       __Init_thread_footer       1000c3da f   LIBCMT:thread_safe_statics.obj
 0001:0000b424       __Init_thread_header       1000c424 f   LIBCMT:thread_safe_statics.obj
 0001:0000b476       __Init_thread_notify       1000c476 f   LIBCMT:thread_safe_statics.obj
 0001:0000b4ac       __Init_thread_wait         1000c4ac f   LIBCMT:thread_safe_statics.obj
 0001:0000b4fa       ___raise_securityfailure   1000c4fa f   LIBCMT:gs_report.obj
 0001:0000b522       ___report_gsfailure        1000c522 f   LIBCMT:gs_report.obj
 0001:0000b61b       ___report_rangecheckfailure 1000c61b f   LIBCMT:gs_report.obj
 0001:0000b627       ___report_securityfailure  1000c627 f   LIBCMT:gs_report.obj
 0001:0000b6f5       ??2@YAPAXIABUnothrow_t@std@@@Z 1000c6f5 f   LIBCMT:new_scalar_nothrow.obj
 0001:0000b74a       ??_U@YAPAXIABUnothrow_t@std@@@Z 1000c74a f   LIBCMT:new_array_nothrow.obj
 0001:0000b753       @__security_check_cookie@4 1000c753 f   LIBCMT:secchk.obj
 0001:0000b770       __SEH_prolog4_GS           1000c770 f   LIBCMT:sehprolg4gs.obj
 0001:0000b7b7       __SEH_epilog4_GS           1000c7b7 f   LIBCMT:sehprolg4gs.obj
 0001:0000b7d0       __alloca_probe_16          1000c7d0 f   LIBCMT:alloca16.obj
 0001:0000b7e6       __alloca_probe_8           1000c7e6     LIBCMT:alloca16.obj
 0001:0000b800       __alloca_probe             1000c800 f   LIBCMT:chkstk.obj
 0001:0000b800       __chkstk                   1000c800 f   LIBCMT:chkstk.obj
 0001:0000bb6d       __DllMainCRTStartup@12     1000cb6d f   LIBCMT:dll_dllmain.obj
 0001:0000bb90       ??2@YAPAXI@Z               1000cb90 f   LIBCMT:new_scalar.obj
 0001:0000bbc0       ___isa_available_init      1000cbc0 f   LIBCMT:cpu_disp.obj
 0001:0000bd90       ___scrt_is_ucrt_dll_in_use 1000cd90 f   LIBCMT:ucrt_detection.obj
 0001:0000bd9c       ___scrt_fastfail           1000cd9c f   LIBCMT:utility_desktop.obj
 0001:0000beb6       __crt_debugger_hook        1000ceb6 f   LIBCMT:utility_desktop.obj
 0001:0000bec0       __SEH_prolog4              1000cec0 f   LIBCMT:sehprolg4.obj
 0001:0000bf04       __SEH_epilog4              1000cf04 f   LIBCMT:sehprolg4.obj
 0001:0000bf18       @_guard_check_icall_nop@4  1000cf18 f i LIBCMT:guard_support.obj
 0001:0000bf68       ___security_init_cookie    1000cf68 f   LIBCMT:gs_support.obj
 0001:0000bfb3       ?__scrt_initialize_type_info@@YAXXZ 1000cfb3 f   LIBCMT:tncleanup.obj
 0001:0000bfbf       ?__scrt_uninitialize_type_info@@YAXXZ 1000cfbf f   LIBCMT:tncleanup.obj
 0001:0000bfcb       ___local_stdio_scanf_options 1000cfcb f i LIBCMT:default_local_stdio_options.obj
 0001:0000bfd1       ___scrt_initialize_default_local_stdio_options 1000cfd1 f   LIBCMT:default_local_stdio_options.obj
 0001:0000bfee       ___scrt_get_dyn_tls_init_callback 1000cfee f   LIBCMT:dyn_tls_init.obj
 0001:0000bff4       __RTC_Initialize           1000cff4 f   LIBCMT:initsect.obj
 0001:0000c020       __RTC_Terminate            1000d020 f   LIBCMT:initsect.obj
 0001:0000c04c       ??0bad_alloc@std@@QAE@ABV01@@Z 1000d04c f i LIBCMT:throw_bad_alloc.obj
 0001:0000c067       ??0bad_alloc@std@@QAE@XZ   1000d067 f i LIBCMT:throw_bad_alloc.obj
 0001:0000c07f       ??0bad_array_new_length@std@@QAE@ABV01@@Z 1000d07f f i LIBCMT:throw_bad_alloc.obj
 0001:0000c09a       ??0bad_array_new_length@std@@QAE@XZ 1000d09a f i LIBCMT:throw_bad_alloc.obj
[...]
 0002:000035c0       ?_mb_locale_names@@3QBQB_WB 100235c0     libucrt:mbctype.obj
 0002:00003e08       ?LcidToLocaleNameTable@?A0x881e4c05@@3QBULcidToLocaleName@1@B 10023e08     libucrt:lcidtoname_downlevel.obj
 0002:00004f30       ?LocaleNameToIndexTable@?A0x881e4c05@@3QBULocaleNameIndex@1@B 10024f30     libucrt:lcidtoname_downlevel.obj
 0002:00006870       LOG_name                   10026870     libucrt:log10_impl.obj
 0002:00006880       _One                       10026880     libucrt:ceil_pentium4.obj
 0002:00006890       _Bns                       10026890     libucrt:ceil_pentium4.obj
 0002:000068a0       _Zero                      100268a0     libucrt:ceil_pentium4.obj
 0002:000068b0       _S                         100268b0     libucrt:ceil_pentium4.obj
 0002:000068c0       _NegZero                   100268c0     libucrt:ceil_pentium4.obj
 0002:000068d0       emask                      100268d0     libucrt:log10_pentium4.obj
 0002:000068e0       CC                         100268e0     libucrt:log10_pentium4.obj
 0002:000068f0       Magic                      100268f0     libucrt:log10_pentium4.obj
 0002:00006900       hi_mask                    10026900     libucrt:log10_pentium4.obj
 0002:00006910       LOG10_2                    10026910     libucrt:log10_pentium4.obj
 0002:00006920       place_L                    10026920     libucrt:log10_pentium4.obj
 0002:00006940       One                        10026940     libucrt:log10_pentium4.obj
 0002:00006950       Zero                       10026950     libucrt:log10_pentium4.obj
 0002:00006960       Two52                      10026960     libucrt:log10_pentium4.obj
 0002:00006970       Infs                       10026970     libucrt:log10_pentium4.obj
 0002:00006980       NaN                        10026980     libucrt:log10_pentium4.obj
 0002:00006990       coeff                      10026990     libucrt:log10_pentium4.obj
 0002:000069ee       _log2max                   100269ee     libucrt:87tran.obj
 0002:000069f8       _smallarg                  100269f8     libucrt:87tran.obj
 0002:00006a02       _half                      10026a02     libucrt:87tran.obj
 0002:00006a4e       One                        10026a4e     libucrt:87disp.obj
 0002:00006a56       Three                      10026a56     libucrt:87disp.obj
 0002:00006a5e       XAMtoTagTab                10026a5e     libucrt:87disp.obj
 0002:00006a70       One                        10026a70     libucrt:common.obj
 0002:00006a84       DblMax                     10026a84     libucrt:common.obj
 0002:00006a8c       DblMin                     10026a8c     libucrt:common.obj
 0002:00006a94       IeeeAdjO                   10026a94     libucrt:common.obj
 0002:00006a9c       IeeeAdjU                   10026a9c     libucrt:common.obj
 0002:00006aa4       _infinity                  10026aa4     libucrt:common.obj
 0002:00006aac       _zero                      10026aac     libucrt:common.obj
 0002:00006af8       _over                      10026af8     libucrt:fpctrl.obj
 0002:00006b04       _under                     10026b04     libucrt:fpctrl.obj
 0002:00007338       ?_names@?1??_get_fname@@9@9 10027338     libucrt:fpexcept.obj
 0002:000074e0       two32                      100274e0     LIBCMT:ftol2.obj
 0002:000074e4       two63                      100274e4     LIBCMT:ftol2.obj
 0002:000074e8       _NaN                       100274e8     LIBCMT:ftol2.obj
 0002:00007ba8       __sehtable$?_AtlVerifyStackAvailable@_ATL_SAFE_ALLOCA_IMPL@ATL@@YA_NK@Z 10027ba8     POSPower.obj
 0002:00007bc8       __sehtable$___scrt_is_nonwritable_in_current_image 10027bc8     LIBCMT:utility.obj
 0002:00007be4       __catchsym$??2@YAPAXIABUnothrow_t@std@@@Z$2 10027be4     LIBCMT:new_scalar_nothrow.obj
 0002:00007bf4       __unwindtable$??2@YAPAXIABUnothrow_t@std@@@Z 10027bf4     LIBCMT:new_scalar_nothrow.obj
 0002:00007c04       __tryblocktable$??2@YAPAXIABUnothrow_t@std@@@Z 10027c04     LIBCMT:new_scalar_nothrow.obj
 0002:00007c18       __ehfuncinfo$??2@YAPAXIABUnothrow_t@std@@@Z 10027c18     LIBCMT:new_scalar_nothrow.obj
 0002:00007c40       __sehtable$?dllmain_crt_process_attach@@YAHQAUHINSTANCE__@@QAX@Z 10027c40     LIBCMT:dll_dllmain.obj
 0002:00007c60       __sehtable$?dllmain_crt_process_detach@@YAH_N@Z 10027c60     LIBCMT:dll_dllmain.obj
 0002:00007c88       __sehtable$?dllmain_dispatch@@YAHQAUHINSTANCE__@@KQAX@Z 10027c88     LIBCMT:dll_dllmain.obj
 0002:00007d38       __sehtable$___DestructExceptionObject 10027d38     libvcruntime:ehhelpers.obj
 0002:00007d58       __sehtable$?FrameUnwindToState@__FrameHandler3@@SAXPAUEHRegistrationNode@@PAXPBU_s_FuncInfo@@H@Z 10027d58     libvcruntime:frame.obj
 0002:00007d80       __sehtable$?CallCatchBlock@@YAPAXPAUEHExceptionRecord@@PAUEHRegistrationNode@@PAU_CONTEXT@@PBU_s_FuncInfo@@PAXHK@Z 10027d80     libvcruntime:frame.obj
 0002:00007da8       __catchsym$?CallUnexpected@@YAXPBU_s_ESTypeList@@@Z$2 10027da8     libvcruntime:frame.obj
 0002:00007db8       __unwindtable$?CallUnexpected@@YAXPBU_s_ESTypeList@@@Z 10027db8     libvcruntime:frame.obj
 0002:00007dc8       __tryblocktable$?CallUnexpected@@YAXPBU_s_ESTypeList@@@Z 10027dc8     libvcruntime:frame.obj
 0002:00007ddc       __ehfuncinfo$?CallUnexpected@@YAXPBU_s_ESTypeList@@@Z 10027ddc     libvcruntime:frame.obj
 0002:00007e00       __sehtable$??$BuildCatchObjectHelperInternal@V__FrameHandler3@@@@YAHPAUEHExceptionRecord@@PAXPBU_s_HandlerType@@PBU_s_CatchableType@@@Z 10027e00     libvcruntime:frame.obj
 0002:00007e20       __sehtable$??$BuildCatchObjectInternal@V__FrameHandler3@@@@YAXPAUEHExceptionRecord@@PAXPBU_s_HandlerType@@PBU_s_CatchableType@@@Z 10027e20     libvcruntime:frame.obj
 0002:00007e78       __sehtable$??R<lambda_6e4b09c48022b2350581041d5f6b0c4c>@@QBE@XZ 10027e78     libucrt:exit.obj
 0002:00007e98       __sehtable$??$?RV<lambda_03b1d95aef87969028cfba75ccab2455>@@AAV<lambda_6e4b09c48022b2350581041d5f6b0c4c>@@V<lambda_22bdf7517842c4b3e53723af5aa32b9e>@@@?$__crt_seh_guarded_call@X@@QAEX$$QAV<lambda_03b1d95aef87969028cfba75ccab2455>@@AAV<lambda_6e4b09c48022b2350581041d5f6b0c4c>@@$$QAV<lambda_22bdf7517842c4b3e53723af5aa32b9e>@@@Z 10027e98     libucrt:exit.obj
 0002:00007eb8       __sehtable$??$?RV<lambda_8e746cf0007f6ed984d6f78af1fec997>@@AAV<lambda_22ebabd17bc4fa466a2aca6d8deb888d>@@V<lambda_18ed0c0b38a6dc0daf1e7ac6d6adf05e>@@@?$__crt_seh_guarded_call@H@@QAEH$$QAV<lambda_8e746cf0007f6ed984d6f78af1fec997>@@AAV<lambda_22ebabd17bc4fa466a2aca6d8deb888d>@@$$QAV<lambda_18ed0c0b38a6dc0daf1e7ac6d6adf05e>@@@Z 10027eb8     libucrt:onexit.obj
 0002:00007ed8       __sehtable$??$?RV<lambda_69a2805e680e0e292e8ba93315fe43a8>@@AAV<lambda_f03950bc5685219e0bcd2087efbe011e>@@V<lambda_03fcd07e894ec930e3f35da366ca99d6>@@@?$__crt_seh_guarded_call@H@@QAEH$$QAV<lambda_69a2805e680e0e292e8ba93315fe43a8>@@AAV<lambda_f03950bc5685219e0bcd2087efbe011e>@@$$QAV<lambda_03fcd07e894ec930e3f35da366ca99d6>@@@Z 10027ed8     libucrt:onexit.obj
 0002:00007ef8       __sehtable$__query_new_handler 10027ef8     libucrt:new_handler.obj
 0002:00007f18       __sehtable$_terminate      10027f18     libucrt:terminate.obj
 0002:00007f38       __sehtable$??$?RV<lambda_15ade71b0218206bbe3333a0c9b79046>@@AAV<lambda_da44e0f8b0f19ba52fefafb335991732>@@V<lambda_207f2d024fc103971653565357d6cd41>@@@?$__crt_seh_guarded_call@X@@QAEX$$QAV<lambda_15ade71b0218206bbe3333a0c9b79046>@@AAV<lambda_da44e0f8b0f19ba52fefafb335991732>@@$$QAV<lambda_207f2d024fc103971653565357d6cd41>@@@Z 10027f38     libucrt:per_thread_data.obj
 0002:00007f58       __sehtable$??$?RV<lambda_a7e850c220f1c8d1e6efeecdedd162c6>@@AAV<lambda_46720907175c18b6c9d2717bc0d2d362>@@V<lambda_9048902d66e8d99359bc9897bbb930a8>@@@?$__crt_seh_guarded_call@X@@QAEX$$QAV<lambda_a7e850c220f1c8d1e6efeecdedd162c6>@@AAV<lambda_46720907175c18b6c9d2717bc0d2d362>@@$$QAV<lambda_9048902d66e8d99359bc9897bbb930a8>@@@Z 10027f58     libucrt:per_thread_data.obj
 0002:00007f78       __sehtable$??$?RV<lambda_38edbb1296d33220d7e4dd0ed76b244a>@@AAV<lambda_5ce1d447e08cb34b2473517608e21441>@@V<lambda_fb385d3da700c9147fc39e65dd577a8c>@@@?$__crt_seh_guarded_call@X@@QAEX$$QAV<lambda_38edbb1296d33220d7e4dd0ed76b244a>@@AAV<lambda_5ce1d447e08cb34b2473517608e21441>@@$$QAV<lambda_fb385d3da700c9147fc39e65dd577a8c>@@@Z 10027f78     libucrt:per_thread_data.obj
 0002:00007f98       __sehtable$??$?RV<lambda_6affb1475c98b40b75cdec977db92e3c>@@AAV<lambda_b8d4b9c228a6ecc3f80208dbb4b4a104>@@V<lambda_608742c3c92a14382c1684fc64f96c88>@@@?$__crt_seh_guarded_call@X@@QAEX$$QAV<lambda_6affb1475c98b40b75cdec977db92e3c>@@AAV<lambda_b8d4b9c228a6ecc3f80208dbb4b4a104>@@$$QAV<lambda_608742c3c92a14382c1684fc64f96c88>@@@Z 10027f98     libucrt:per_thread_data.obj
 0002:00007fb8       __sehtable$??$?RV<lambda_e5124f882df8998aaf41531e079ba474>@@AAV<lambda_3e16ef9562a7dcce91392c22ab16ea36>@@V<lambda_e25ca0880e6ef98be67edffd8c599615>@@@?$__crt_seh_guarded_call@X@@QAEX$$QAV<lambda_e5124f882df8998aaf41531e079ba474>@@AAV<lambda_3e16ef9562a7dcce91392c22ab16ea36>@@$$QAV<lambda_e25ca0880e6ef98be67edffd8c599615>@@@Z 10027fb8     libucrt:wsetlocale.obj
 0002:00007fd8       __sehtable$___acrt_initialize_lowio 10027fd8     libucrt:ioinit.obj
 0002:00007ff8       __sehtable$?update_thread_multibyte_data_internal@@YAPAU__crt_multibyte_data@@QAU__acrt_ptd@@QAPAU1@@Z 10027ff8     libucrt:mbctype.obj
 0002:00008018       __sehtable$??$?RV<lambda_ceb1ee4838e85a9d631eb091e2fbe199>@@AAV<lambda_ae742caa10f662c28703da3d2ea5e57e>@@V<lambda_cd08b5d6af4937fe54fc07d0c9bf6b37>@@@?$__crt_seh_guarded_call@X@@QAEX$$QAV<lambda_ceb1ee4838e85a9d631eb091e2fbe199>@@AAV<lambda_ae742caa10f662c28703da3d2ea5e57e>@@$$QAV<lambda_cd08b5d6af4937fe54fc07d0c9bf6b37>@@@Z 10028018     libucrt:mbctype.obj
 0002:00008038       __sehtable$_raise          10028038     libucrt:signal.obj
 0002:00008058       __sehtable$??$?RV<lambda_cbab9ec6f41b0180b23cc171c22676b0>@@AAV<lambda_44731a7d0e6d81c3e6aa82d741081786>@@V<lambda_4b292cb8dd18144e164572427af410ab>@@@?$__crt_seh_guarded_call@P6AXH@Z@@QAEP6AXH@Z$$QAV<lambda_cbab9ec6f41b0180b23cc171c22676b0>@@AAV<lambda_44731a7d0e6d81c3e6aa82d741081786>@@$$QAV<lambda_4b292cb8dd18144e164572427af410ab>@@@Z 10028058     libucrt:signal.obj
 0002:00008078       __sehtable$??$?RV<lambda_2866be3712abc81a800a822484c830d8>@@AAV<lambda_39ca0ed439415581b5b15c265174cece>@@V<lambda_2b24c74d71094a6cd0cb82e44167d71b>@@@?$__crt_seh_guarded_call@X@@QAEX$$QAV<lambda_2866be3712abc81a800a822484c830d8>@@AAV<lambda_39ca0ed439415581b5b15c265174cece>@@$$QAV<lambda_2b24c74d71094a6cd0cb82e44167d71b>@@@Z 10028078     libucrt:fflush.obj
 0002:00008098       __sehtable$??$?RV<lambda_2cc53f568c5a2bb6f192f930a45d44ea>@@AAV<lambda_ab61a845afdef5b7c387490eaf3616ee>@@V<lambda_c2ffc0b7726aa6be21d5f0026187e748>@@@?$__crt_seh_guarded_call@X@@QAEX$$QAV<lambda_2cc53f568c5a2bb6f192f930a45d44ea>@@AAV<lambda_ab61a845afdef5b7c387490eaf3616ee>@@$$QAV<lambda_c2ffc0b7726aa6be21d5f0026187e748>@@@Z 10028098     libucrt:fflush.obj
 0002:000080b8       __sehtable$___acrt_update_thread_locale_data 100280b8     libucrt:locale_refcounting.obj
 0002:000080d8       __sehtable$__fcloseall     100280d8     libucrt:closeall.obj
 0002:000080f8       __sehtable$___acrt_lowio_ensure_fh_exists 100280f8     libucrt:osfinfo.obj
 0002:00008118       __sehtable$??$?RV<lambda_9e9de3de5fa147e2223d7db92bc10aa6>@@AAV<lambda_38ce7e780aa69e748d6df282ebc68efe>@@V<lambda_8ca6da459f0f6780f1cff60fdc3d00e5>@@@?$__crt_seh_guarded_call@H@@QAEH$$QAV<lambda_9e9de3de5fa147e2223d7db92bc10aa6>@@AAV<lambda_38ce7e780aa69e748d6df282ebc68efe>@@$$QAV<lambda_8ca6da459f0f6780f1cff60fdc3d00e5>@@@Z 10028118     libucrt:commit.obj
 0002:00008138       __sehtable$__write         10028138     libucrt:write.obj
 0002:00008158       __sehtable$_fclose         10028158     libucrt:fclose.obj
 0002:00008178       __sehtable$??$?RV<lambda_218ce3db14220d0be481dae8ef3383b6>@@AAV<lambda_628dfdc04ba53c8bfc02c9951375f3f5>@@V<lambda_57dc472bd5c9d5f3b2cbca59b8a843ae>@@@?$__crt_seh_guarded_call@H@@QAEH$$QAV<lambda_218ce3db14220d0be481dae8ef3383b6>@@AAV<lambda_628dfdc04ba53c8bfc02c9951375f3f5>@@$$QAV<lambda_57dc472bd5c9d5f3b2cbca59b8a843ae>@@@Z 10028178     libucrt:close.obj
 0002:00008198       __sehtable$___set_fpsr_sse2 10028198     libucrt:fpctrl.obj
 0002:000081b8       __sehtable$__IsNonwritableInCurrentImage 100281b8     LIBCMT:pesect.obj
 0002:000081e0       .edata                     100281e0     OPOSPOSPower.exp
 0002:00008208       rgpv                       10028208     OPOSPOSPower.exp
 0002:00008218       rgszName                   10028218     OPOSPOSPower.exp
 0002:00008228       rgwOrd                     10028228     OPOSPOSPower.exp
 0002:00008230       szName                     10028230     OPOSPOSPower.exp
 0002:00008241       $N00001                    10028241     OPOSPOSPower.exp
 0002:00008251       $N00002                    10028251     OPOSPOSPower.exp
 0002:00008263       $N00003                    10028263     OPOSPOSPower.exp
 0002:00008275       $N00004                    10028275     OPOSPOSPower.exp
 0002:00008886       .idata$6                   10028886     kernel32:KERNEL32.dll
 0002:00008a9a       .idata$6                   10028a9a     user32:USER32.dll
 0002:00008bce       .idata$6                   10028bce     gdi32:GDI32.dll
 0002:00008c74       .idata$6                   10028c74     advapi32:ADVAPI32.dll
 0002:00008d90       .idata$6                   10028d90     ole32:ole32.dll
 0002:00008d9a       .idata$6                   10028d9a     oleaut32:OLEAUT32.dll
 0003:00000110       ?ObjectMap@@3PAU_ATL_OBJMAP_ENTRY30@ATL@@A 1002a110     POSPower.obj
 0003:000001c4       ?s_RequiredMethodsPerRelease@@3PAHA 1002a1c4     POSPowerImpl.obj
 0003:000001d8       ?s_SOMethodNames@@3PAPADA  1002a1d8     POSPowerImpl.obj
 0003:00000250       ?__vcrt_flsindex@@3KA      1002a250     libvcruntime:per_thread_data.obj
 0003:00000270       ?errno_no_memory@@3HA      1002a270     libucrt:errno.obj
 0003:00000274       ?doserrno_no_memory@@3KA   1002a274     libucrt:errno.obj
 0003:00000280       ?__acrt_flsindex@@3KA      1002a280     libucrt:per_thread_data.obj
 0003:00000618       __mbctypes                 1002a618     libucrt:mbctype.obj
 0003:00000720       __mbcasemaps               1002a720     libucrt:mbctype.obj
 0003:00000820       ?__rgctypeflag@@3PADA      1002a820     libucrt:mbctype.obj
 0003:00000828       ?__rgcode_page_info@@3PAUcode_page_info@@A 1002a828     libucrt:mbctype.obj
 0003:00000a80       ?__dcrt_lowio_console_output_handle@@3PAXA 1002aa80     libucrt:initcon.obj
 0003:00000a84       ?__DAZ_ENABLED@?1??__set_fpsr_sse2@@9@9 1002aa84     libucrt:fpctrl.obj
 0003:00000c18       ?is_initialized_as_dll@@3_NA 1002ac18     LIBCMT:utility.obj
 0003:00000c19       ?module_local_atexit_table_initialized@@3_NA 1002ac19     LIBCMT:utility.obj
 0003:00000c1c       ?module_local_atexit_table@@3U_onexit_table_t@@A 1002ac1c     LIBCMT:utility.obj
 0003:00000c28       ?module_local_at_quick_exit_table@@3U_onexit_table_t@@A 1002ac28     LIBCMT:utility.obj
 0003:00000c34       ?g_tss_cv@@3U_RTL_CONDITION_VARIABLE@@A 1002ac34     LIBCMT:thread_safe_statics.obj
 0003:00000c38       ?g_tss_event@@3PAXA        1002ac38     LIBCMT:thread_safe_statics.obj
 0003:00000c3c       ?g_tss_mutex@@3U_RTL_CRITICAL_SECTION@@A 1002ac3c     LIBCMT:thread_safe_statics.obj
 0003:00000c54       ?g_sleep_condition_variable_cs@@3P6GHPAU_RTL_CONDITION_VARIABLE@@PAU_RTL_CRITICAL_SECTION@@K@ZA 1002ac54     LIBCMT:thread_safe_statics.obj
 0003:00000c58       ?g_wake_all_condition_variable@@3P6GXPAU_RTL_CONDITION_VARIABLE@@@ZA 1002ac58     LIBCMT:thread_safe_statics.obj
 0003:00000c60       _GS_ExceptionRecord        1002ac60     LIBCMT:gs_report.obj
 0003:00000cb0       _GS_ContextRecord          1002acb0     LIBCMT:gs_report.obj
 0003:00000f80       ?__proc_attached@@3HA      1002af80     LIBCMT:dll_dllmain.obj
 0003:00000fe4       ?AllocateData@@3P6GPAUAtlThunkData_t@@XZA 1002afe4     atls:atlthunk.obj
 0003:00000fe8       ?InitData@@3P6GXPAUAtlThunkData_t@@PAXI@ZA 1002afe8     atls:atlthunk.obj
 0003:00000fec       ?DataToCode@@3P6GP6GJPAUHWND__@@IIJ@ZPAUAtlThunkData_t@@@ZA 1002afec     atls:atlthunk.obj
 0003:00000ff0       ?FreeData@@3P6GXPAUAtlThunkData_t@@@ZA 1002aff0     atls:atlthunk.obj
 0003:00000ff4       ?Initialized@@3_NA         1002aff4     atls:atlthunk.obj
 0003:00001004       ?__vcrt_startup_thread_ptd@@3U__vcrt_ptd@@A 1002b004     libvcruntime:per_thread_data.obj
 0003:0000102c       ___vcrt_lock_table         1002b02c     libvcruntime:locks.obj
 0003:00001044       ___vcrt_locks_initialized  1002b044     libvcruntime:locks.obj
 0003:00001070       ?heap@@3V_HeapManager@@A   1002b070     libvcruntime:undname.obj
 0003:00001084       ?module_handles@@3PAPAUHINSTANCE__@@A 1002b084     libvcruntime:winapi_downlevel.obj
 0003:00001090       ?function_pointers@@3PAPAXA 1002b090     libvcruntime:winapi_downlevel.obj
 0003:000010a4       ?__acrt_invalid_parameter_handler@@3V?$dual_state_global@P6AXPB_W00II@Z@__crt_state_management@@A 1002b0a4     libucrt:invalid_parameter.obj
 0003:000010a8       ?c_termination_complete@@3JA 1002b0a8     libucrt:exit.obj
 0003:000010ac       ?thread_local_exit_callback_func@@3P6GXPAXK0@ZA 1002b0ac     libucrt:exit.obj
 0003:000010b8       ?program_name@?1???$common_configure_argv@D@@YAHW4_crt_argv_mode@@@Z@4PADA 1002b0b8     libucrt:argv_parsing.obj
 0003:000011e8       ?__acrt_new_handler@@3V?$dual_state_global@P6AHI@Z@__crt_state_management@@A 1002b1e8     libucrt:new_handler.obj
 0003:000011f0       ?module_handles@@3PAPAUHINSTANCE__@@A 1002b1f0     libucrt:winapi_thunks.obj
 0003:00001240       ?encoded_function_pointers@@3PAPAXA 1002b240     libucrt:winapi_thunks.obj
 0003:000012c8       ?internal_state@?1??_mbtowc_l@@9@4U_Mbstatet@@A 1002b2c8     libucrt:mbtowc.obj
 0003:000012d8       ?enable_percent_n@@3IA     1002b2d8     libucrt:printf_count_output.obj
 0003:000014f8       ?__acrt_lock_table@@3PAU_RTL_CRITICAL_SECTION@@A 1002b4f8     libucrt:locks.obj
 0003:00001648       ?__acrt_locks_initialized@@3IA 1002b648     libucrt:locks.obj
 0003:00001658       ?fSystemSet@@3HA           1002b658     libucrt:mbctype.obj
 0003:0000165c       ?initialized@?1??__acrt_initialize_multibyte@@9@4_NA 1002b65c     libucrt:mbctype.obj
 0003:0000167c       ?ctrlc_action@@3V?$dual_state_global@P6AXH@Z@__crt_state_management@@A 1002b67c     libucrt:signal.obj
 0003:00001680       ?ctrlbreak_action@@3V?$dual_state_global@P6AXH@Z@__crt_state_management@@A 1002b680     libucrt:signal.obj
 0003:00001684       ?abort_action@@3V?$dual_state_global@P6AXH@Z@__crt_state_management@@A 1002b684     libucrt:signal.obj
 0003:00001688       ?term_action@@3V?$dual_state_global@P6AXH@Z@__crt_state_management@@A 1002b688     libucrt:signal.obj
 0003:0000168c       ?user_matherr@@3V?$dual_state_global@P6AHPAU_exception@@@Z@__crt_state_management@@A 1002b68c     libucrt:matherr.obj
 0003:00001690       ?__acrt_global_new_mode@@3V?$dual_state_global@J@__crt_state_management@@A 1002b690     libucrt:new_mode.obj
 0003:0000169c       ?internal_pst@?1??__mbrtoc32_utf8@__crt_mbstring@@YAIPA_UPBDIPAU_Mbstatet@@@Z@4U3@A 1002b69c     libucrt:mbrtoc32.obj
 0003:000016a4       ?__acrt_app_type@@3W4_crt_app_type@@A 1002b6a4     libucrt:report_runtime_error.obj
 0003:000016ac       __pmatherr_set             1002b6ac     libucrt:libm_error.obj
 0004:00000220       $R000000                   1002c220     POSPower.res
 0004:00000bb0       $R000990                   1002cbb0     POSPower.res
 0004:00000c98       $R000A78                   1002cc98     POSPower.res
 0004:00000f00       $R000CE0                   1002cf00     POSPower.res
 0004:00001458       $R001238                   1002d458     POSPower.res
 0004:00004440       $R004220                   10030440     POSPower.res
 0004:00004470       $R004250                   10030470     POSPower.res
