 OPOSPointCardRW

 Timestamp is 5c44394a (Sun Jan 20 18:03:06 2019)

 Preferred load address is 10000000

 Start         Length     Name                   Class
 0001:00000000 00000080H .text$di                CODE
 0001:00000080 0001d5fbH .text$mn                CODE
 0001:0001d67b 00000051H .text$x                 CODE
 0001:0001d6cc 00000042H .text$yd                CODE
 0002:00000000 00000300H .idata$5                DATA
 0002:00000300 00000004H .00cfg                  DATA
 0002:00000304 00000004H .CRT$XCA                DATA
 0002:00000308 00000004H .CRT$XCL                DATA
 0002:0000030c 00000010H .CRT$XCU                DATA
 0002:0000031c 00000004H .CRT$XCZ                DATA
 0002:00000320 00000004H .CRT$XIA                DATA
 0002:00000324 00000010H .CRT$XIC                DATA
 0002:00000334 00000004H .CRT$XIZ                DATA
 0002:00000338 00000004H .CRT$XLA                DATA
 0002:0000033c 00000004H .CRT$XLZ                DATA
 0002:00000340 00000004H .CRT$XPA                DATA
 0002:00000344 00000008H .CRT$XPX                DATA
 0002:0000034c 00000004H .CRT$XPXA               DATA
 0002:00000350 00000004H .CRT$XPZ                DATA
 0002:00000354 00000004H .CRT$XTA                DATA
 0002:00000358 00000008H .CRT$XTZ                DATA
 0002:0000035c 00000000H .gfids$x                DATA
 0002:0000035c 00000000H .gfids$y                DATA
 0002:00000360 00007098H .rdata                  DATA
 0002:000073f8 00000018H .rdata$T                DATA
 0002:00007410 00000180H .rdata$r                DATA
 0002:00007590 00000020H .rdata$sxdata           DATA
 0002:000075b0 000003e0H .rdata$zzzdbg           DATA
 0002:00007990 00000004H .rtc$IAA                DATA
 0002:00007994 00000004H .rtc$IZZ                DATA
 0002:00007998 00000004H .rtc$TAA                DATA
 0002:0000799c 00000004H .rtc$TZZ                DATA
 0002:000079a0 00000004H .tls                    DATA
 0002:000079a4 00000004H .tls$                   DATA
 0002:000079a8 00000008H .tls$ZZZ                DATA
 0002:000079b0 000005f4H .xdata$x                DATA
 0002:00007fa4 00000004H ATL$__a                 DATA
 0002:00007fa8 00000008H ATL$__z                 DATA
 0002:00007fb0 000000acH .edata                  DATA
 0002:0000805c 00000078H .idata$2                DATA
 0002:000080d4 00000014H .idata$3                DATA
 0002:000080e8 00000300H .idata$4                DATA
 0002:000083e8 00000bdeH .idata$6                DATA
 0003:00000000 000009c0H .data                   DATA
 0003:000009c0 00000098H .data$r                 DATA
 0003:00000a58 00000b5cH .bss                    DATA
 0004:00000000 00000220H .rsrc$01                DATA
 0004:00000220 00005d78H .rsrc$02                DATA

  Address         Publics by Value              Rva+Base       Lib:Object

 0000:00000000       ___guard_fids_count        00000000     <absolute>
 0000:00000000       ___hybrid_code_map_count   00000000     <absolute>
 0000:00000000       ___hybrid_auxiliary_iat    00000000     <absolute>
 0000:00000000       __except_list              00000000     <absolute>
 0000:00000000       ___guard_fids_table        00000000     <absolute>
 0000:00000000       ___guard_longjmp_table     00000000     <absolute>
 0000:00000000       ___guard_iat_count         00000000     <absolute>
 0000:00000000       ___volatile_metadata       00000000     <absolute>
 0000:00000000       ___guard_iat_table         00000000     <absolute>
 0000:00000000       ___enclave_config          00000000     <absolute>
 0000:00000000       ___dynamic_value_reloc_table 00000000     <absolute>
 0000:00000000       ___guard_longjmp_count     00000000     <absolute>
 0000:00000000       ___hybrid_code_map         00000000     <absolute>
 0000:00000008       ___safe_se_handler_count   00000008     <absolute>
 0000:0000002c       __tls_array                0000002c     <absolute>
 0000:00000100       ___guard_flags             00000100     <absolute>
 0000:00000000       ___ImageBase               10000000     <linker-defined>
 0001:00000080       ?DupWide@_CW@@AAEXXZ       10001080 f   CWString.obj
 0001:0000009c       ?cw_dup@@YGXPBDAAHAAPA_W1@Z 1000109c f   CWString.obj
 0001:0000010b       ?cw_memcpy@@YGHPA_WPBDH@Z  1000110b f   CWString.obj
 0001:00000137       ?cw_strcpy@@YAHPA_WPBD@Z   10001137 f   CWString.obj
 0001:0000014a       ?cw_strlen@@YAHPBD@Z       1000114a f   CWString.obj
 0001:00000163       ??0CAtlComModule@ATL@@QAE@XZ 10001163 f i OposVariant.obj
 0001:000001a8       ??0CAtlWinModule@ATL@@QAE@XZ 100011a8 f i OposVariant.obj
 0001:000001df       ??0OposDispParms@@QAE@PAVOposVariant@@H@Z 100011df f   OposVariant.obj
 0001:00000250       ??1OposDispParms@@QAE@XZ   10001250 f   OposVariant.obj
 0001:0000025e       ??A?$CSimpleArray@GV?$CSimpleArrayEqualHelper@G@ATL@@@ATL@@QAEAAGH@Z 1000125e f i OposVariant.obj
 0001:00000283       ??_Estringdispid@CComTypeInfoHolder@ATL@@QAEPAXI@Z 10001283 f i OposVariant.obj
 0001:000002ef       ?AtlWinModuleInit@ATL@@YGJPAU_ATL_WIN_MODULE70@1@@Z 100012ef f i OposVariant.obj
 0001:00000315       ?AtlWinModuleTerm@ATL@@YGJPAU_ATL_WIN_MODULE70@1@PAUHINSTANCE__@@@Z 10001315 f i OposVariant.obj
 0001:00000378       ?ChangeBSTR@OposVariant@@QAEXPAPA_WAAJ@Z 10001378 f   OposVariant.obj
 0001:000003b9       ?ChangeLONG@OposVariant@@QAEXPAJAAJ@Z 100013b9 f   OposVariant.obj
 0001:000003fa       ?GetLONG@OposVariant@@QAEJXZ 100013fa f   OposVariant.obj
 0001:00000415       ?Init@CComCriticalSection@ATL@@QAEJXZ 10001415 f i OposVariant.obj
 0001:0000043d       ?RemoveAll@?$CSimpleArray@PAUHINSTANCE__@@V?$CSimpleArrayEqualHelper@PAUHINSTANCE__@@@ATL@@@ATL@@QAEXXZ 1000143d f i atls:atlbase.obj
 0001:0000043d       ?RemoveAll@?$CSimpleArray@GV?$CSimpleArrayEqualHelper@G@ATL@@@ATL@@QAEXXZ 1000143d f i OposVariant.obj
 0001:0000045a       ?SetBSTR@OposVariant@@QAEXPA_WAAJ@Z 1000145a f   OposVariant.obj
 0001:0000048e       ?SetBSTR_Copy@OposVariant@@QAEXPA_WAAJ@Z 1000148e f   OposVariant.obj
 0001:000004de       ?SetBSTR_InOutPtr@OposVariant@@QAE_NPAPA_WAAJ@Z 100014de f   OposVariant.obj
 0001:00000515       ?SetDispatch_Ptr@OposVariant@@QAEXPAUIDispatch@@AAJ@Z 10001515 f   OposVariant.obj
 0001:00000550       ?SetLONG@OposVariant@@QAEXJ@Z 10001550 f   OposVariant.obj
 0001:00000572       ?SetLONG_Ptr@OposVariant@@QAEXPAJAAJ@Z 10001572 f   OposVariant.obj
 0001:000005a5       ?SetString@OposVariant@@QAEXPB_WAAJ@Z 100015a5 f   OposVariant.obj
 0001:000005eb       ?SetVARIANT_BOOL@OposVariant@@QAEXF@Z 100015eb f   OposVariant.obj
 0001:00000615       ?Term@CAtlComModule@ATL@@QAEXXZ 10001615 f i OposVariant.obj
 0001:0000065f       ?_AtlRaiseException@ATL@@YAXKK@Z 1000165f f i OposVariant.obj
 0001:00000674       ?AddRef@?$CComObjectCached@VCComClassFactory@ATL@@@ATL@@UAGKXZ 10001674 f i PointCardRW.obj
 0001:0000069b       ?Release@?$CComObjectCached@VCComClassFactory@ATL@@@ATL@@UAGKXZ 1000169b f i PointCardRW.obj
 0001:000006d1       ?QueryInterface@?$CComObjectCached@VCComClassFactory@ATL@@@ATL@@UAGJABU_GUID@@PAPAX@Z 100016d1 f i PointCardRW.obj
 0001:000006eb       ??_G?$CComObjectCached@VCComClassFactory@ATL@@@ATL@@UAEPAXI@Z 100016eb f i PointCardRW.obj
 0001:000006eb       ??_E?$CComObjectCached@VCComClassFactory@ATL@@@ATL@@UAEPAXI@Z 100016eb f i PointCardRW.obj
 0001:0000070d       ?AddRef@?$CComAggObject@VCOPOSPointCardRW@@@ATL@@UAGKXZ 1000170d f i PointCardRW.obj
 0001:0000071e       ?Release@?$CComAggObject@VCOPOSPointCardRW@@@ATL@@UAGKXZ 1000171e f i PointCardRW.obj
 0001:0000075a       ?QueryInterface@?$CComAggObject@VCOPOSPointCardRW@@@ATL@@UAGJABU_GUID@@PAPAX@Z 1000175a f i PointCardRW.obj
 0001:000007a9       ?AddRef@?$CComContainedObject@VCOPOSPointCardRW@@@ATL@@UAGKXZ 100017a9 f i PointCardRW.obj
 0001:000007bf       ?Release@?$CComContainedObject@VCOPOSPointCardRW@@@ATL@@UAGKXZ 100017bf f i PointCardRW.obj
 0001:000007d5       ?QueryInterface@?$CComContainedObject@VCOPOSPointCardRW@@@ATL@@UAGJABU_GUID@@PAPAX@Z 100017d5 f i PointCardRW.obj
 0001:000007f0       ??_G?$CComAggObject@VCOPOSPointCardRW@@@ATL@@UAEPAXI@Z 100017f0 f i PointCardRW.obj
 0001:000007f0       ??_E?$CComAggObject@VCOPOSPointCardRW@@@ATL@@UAEPAXI@Z 100017f0 f i PointCardRW.obj
 0001:00000815       ?AddRef@?$CComObject@VCOPOSPointCardRW@@@ATL@@UAGKXZ 10001815 f i PointCardRW.obj
 0001:0000082c       ?Release@?$CComObject@VCOPOSPointCardRW@@@ATL@@UAGKXZ 1000182c f i PointCardRW.obj
 0001:0000086e       ?QueryInterface@?$CComObject@VCOPOSPointCardRW@@@ATL@@UAGJABU_GUID@@PAPAX@Z 1000186e f i PointCardRW.obj
 0001:00000888       ?OnFinalMessage@?$CWindowImplBaseT@VCWindow@ATL@@V?$CWinTraits@$0FGAAAAAA@$0A@@2@@ATL@@UAEXPAUHWND__@@@Z 10001888 f i PointCardRW.obj
 0001:00000888       ?ObjectMain@CComObjectRootBase@ATL@@SGX_N@Z 10001888 f i PointCardRW.obj
 0001:0000088b       ?GetObjectDescription@?$CComCoClass@VCOPOSPointCardRW@@$1?CLSID_OPOSPointCardRW@@3U_GUID@@B@ATL@@SGPB_WXZ 1000188b f i PointCardRW.obj
 0001:0000088b       ?GetCategoryMap@CComObjectRootBase@ATL@@SAPBU_ATL_CATMAP_ENTRY@2@XZ 1000188b f i PointCardRW.obj
 0001:0000088e       ?CreateInstance@CComClassFactory@ATL@@UAGJPAUIUnknown@@ABU_GUID@@PAPAX@Z 1000188e f i PointCardRW.obj
 0001:000008cc       ?LockServer@CComClassFactory@ATL@@UAGJH@Z 100018cc f i PointCardRW.obj
 0001:000008eb       ??_ECComClassFactory@ATL@@UAEPAXI@Z 100018eb f i PointCardRW.obj
 0001:000008eb       ??_GCComClassFactory@ATL@@UAEPAXI@Z 100018eb f i PointCardRW.obj
 0001:00000916       ?OnDrawAdvanced@CComControlBase@ATL@@UAEJAAUATL_DRAWINFO@@@Z 10001916 f i PointCardRW.obj
 0001:00000a05       ?Next@?$CComEnumImpl@UIEnumConnections@@$1?_GUID_b196b287_bab4_101a_b69c_00aa00341d07@@3U__s_GUID@@BUtagCONNECTDATA@@V?$_Copy@UtagCONNECTDATA@@@ATL@@@ATL@@UAGJKPAUtagCONNECTDATA@@PAK@Z 10001a05 f i PointCardRW.obj
 0001:00000adc       ?Skip@?$CComEnumImpl@UIEnumConnections@@$1?_GUID_b196b287_bab4_101a_b69c_00aa00341d07@@3U__s_GUID@@BUtagCONNECTDATA@@V?$_Copy@UtagCONNECTDATA@@@ATL@@@ATL@@UAGJK@Z 10001adc f i PointCardRW.obj
 0001:00000b09       ?Reset@?$CComEnumImpl@UIEnumConnections@@$1?_GUID_b196b287_bab4_101a_b69c_00aa00341d07@@3U__s_GUID@@BUtagCONNECTDATA@@V?$_Copy@UtagCONNECTDATA@@@ATL@@@ATL@@UAGJXZ 10001b09 f i PointCardRW.obj
 0001:00000b09       ?Reset@?$CComEnumImpl@UIEnumConnectionPoints@@$1?_GUID_b196b285_bab4_101a_b69c_00aa00341d07@@3U__s_GUID@@BPAUIConnectionPoint@@V?$_CopyInterface@UIConnectionPoint@@@ATL@@@ATL@@UAGJXZ 10001b09 f i PointCardRW.obj
 0001:00000b1b       ?Clone@?$CComEnumImpl@UIEnumConnections@@$1?_GUID_b196b287_bab4_101a_b69c_00aa00341d07@@3U__s_GUID@@BUtagCONNECTDATA@@V?$_Copy@UtagCONNECTDATA@@@ATL@@@ATL@@UAGJPAPAUIEnumConnections@@@Z 10001b1b f i PointCardRW.obj
 0001:00000bfa       ?AddRef@?$CComObject@V?$CComEnum@UIEnumConnectionPoints@@$1?_GUID_b196b285_bab4_101a_b69c_00aa00341d07@@3U__s_GUID@@BPAUIConnectionPoint@@V?$_CopyInterface@UIConnectionPoint@@@ATL@@VCComSingleThreadModel@6@@ATL@@@ATL@@UAGKXZ 10001bfa f i PointCardRW.obj
 0001:00000bfa       ?AddRef@?$CComObject@V?$CComEnum@UIEnumConnections@@$1?_GUID_b196b287_bab4_101a_b69c_00aa00341d07@@3U__s_GUID@@BUtagCONNECTDATA@@V?$_Copy@UtagCONNECTDATA@@@ATL@@VCComSingleThreadModel@6@@ATL@@@ATL@@UAGKXZ 10001bfa f i PointCardRW.obj
 0001:00000c0b       ?Release@?$CComObject@V?$CComEnum@UIEnumConnections@@$1?_GUID_b196b287_bab4_101a_b69c_00aa00341d07@@3U__s_GUID@@BUtagCONNECTDATA@@V?$_Copy@UtagCONNECTDATA@@@ATL@@VCComSingleThreadModel@6@@ATL@@@ATL@@UAGKXZ 10001c0b f i PointCardRW.obj
 0001:00000c0b       ?Release@?$CComObject@V?$CComEnum@UIEnumConnectionPoints@@$1?_GUID_b196b285_bab4_101a_b69c_00aa00341d07@@3U__s_GUID@@BPAUIConnectionPoint@@V?$_CopyInterface@UIConnectionPoint@@@ATL@@VCComSingleThreadModel@6@@ATL@@@ATL@@UAGKXZ 10001c0b f i PointCardRW.obj
 0001:00000c47       ?QueryInterface@?$CComObject@V?$CComEnum@UIEnumConnections@@$1?_GUID_b196b287_bab4_101a_b69c_00aa00341d07@@3U__s_GUID@@BUtagCONNECTDATA@@V?$_Copy@UtagCONNECTDATA@@@ATL@@VCComSingleThreadModel@6@@ATL@@@ATL@@UAGJABU_GUID@@PAPAX@Z 10001c47 f i PointCardRW.obj
 0001:00000c61       ??_E?$CComObject@V?$CComEnum@UIEnumConnections@@$1?_GUID_b196b287_bab4_101a_b69c_00aa00341d07@@3U__s_GUID@@BUtagCONNECTDATA@@V?$_Copy@UtagCONNECTDATA@@@ATL@@VCComSingleThreadModel@6@@ATL@@@ATL@@UAEPAXI@Z 10001c61 f i PointCardRW.obj
 0001:00000c61       ??_G?$CComObject@V?$CComEnum@UIEnumConnections@@$1?_GUID_b196b287_bab4_101a_b69c_00aa00341d07@@3U__s_GUID@@BUtagCONNECTDATA@@V?$_Copy@UtagCONNECTDATA@@@ATL@@VCComSingleThreadModel@6@@ATL@@@ATL@@UAEPAXI@Z 10001c61 f i PointCardRW.obj
 0001:00000c83       ??_E?$CComObject@VCOPOSPointCardRW@@@ATL@@W3AEPAXI@Z 10001c83 f i PointCardRW.obj
 0001:00000c8b       ??_E?$CComObject@VCOPOSPointCardRW@@@ATL@@WEM@AEPAXI@Z 10001c8b f i PointCardRW.obj
 0001:00000c93       ?QueryInterface@?$CComObject@VCOPOSPointCardRW@@@ATL@@WHA@AGJABU_GUID@@PAPAX@Z 10001c93 f i PointCardRW.obj
 0001:00000c9d       ?AddRef@?$CComObject@VCOPOSPointCardRW@@@ATL@@WHA@AGKXZ 10001c9d f i PointCardRW.obj
 0001:00000ca7       ?Release@?$CComObject@VCOPOSPointCardRW@@@ATL@@WHA@AGKXZ 10001ca7 f i PointCardRW.obj
 0001:00000cb1       ?QueryInterface@?$CComObject@VCOPOSPointCardRW@@@ATL@@WHE@AGJABU_GUID@@PAPAX@Z 10001cb1 f i PointCardRW.obj
 0001:00000cbb       ?AddRef@?$CComObject@VCOPOSPointCardRW@@@ATL@@WHE@AGKXZ 10001cbb f i PointCardRW.obj
 0001:00000cc5       ?Release@?$CComObject@VCOPOSPointCardRW@@@ATL@@WHE@AGKXZ 10001cc5 f i PointCardRW.obj
 0001:00000ccf       ?QueryInterface@?$CComObject@VCOPOSPointCardRW@@@ATL@@WHI@AGJABU_GUID@@PAPAX@Z 10001ccf f i PointCardRW.obj
 0001:00000cd9       ?AddRef@?$CComObject@VCOPOSPointCardRW@@@ATL@@WHI@AGKXZ 10001cd9 f i PointCardRW.obj
 0001:00000ce3       ?Release@?$CComObject@VCOPOSPointCardRW@@@ATL@@WHI@AGKXZ 10001ce3 f i PointCardRW.obj
 0001:00000ced       ?QueryInterface@?$CComObject@VCOPOSPointCardRW@@@ATL@@WHM@AGJABU_GUID@@PAPAX@Z 10001ced f i PointCardRW.obj
 0001:00000cf7       ?AddRef@?$CComObject@VCOPOSPointCardRW@@@ATL@@WHM@AGKXZ 10001cf7 f i PointCardRW.obj
 0001:00000d01       ?Release@?$CComObject@VCOPOSPointCardRW@@@ATL@@WHM@AGKXZ 10001d01 f i PointCardRW.obj
 0001:00000d0b       ?QueryInterface@?$CComObject@VCOPOSPointCardRW@@@ATL@@WIA@AGJABU_GUID@@PAPAX@Z 10001d0b f i PointCardRW.obj
 0001:00000d18       ?AddRef@?$CComObject@VCOPOSPointCardRW@@@ATL@@WIA@AGKXZ 10001d18 f i PointCardRW.obj
 0001:00000d25       ?Release@?$CComObject@VCOPOSPointCardRW@@@ATL@@WIA@AGKXZ 10001d25 f i PointCardRW.obj
 0001:00000d32       ?QueryInterface@?$CComObject@VCOPOSPointCardRW@@@ATL@@WIE@AGJABU_GUID@@PAPAX@Z 10001d32 f i PointCardRW.obj
 0001:00000d3f       ?AddRef@?$CComObject@VCOPOSPointCardRW@@@ATL@@WIE@AGKXZ 10001d3f f i PointCardRW.obj
 0001:00000d4c       ?Release@?$CComObject@VCOPOSPointCardRW@@@ATL@@WIE@AGKXZ 10001d4c f i PointCardRW.obj
 0001:00000d59       ?QueryInterface@?$CComObject@VCOPOSPointCardRW@@@ATL@@WII@AGJABU_GUID@@PAPAX@Z 10001d59 f i PointCardRW.obj
 0001:00000d66       ?AddRef@?$CComObject@VCOPOSPointCardRW@@@ATL@@WII@AGKXZ 10001d66 f i PointCardRW.obj
 0001:00000d73       ?Release@?$CComObject@VCOPOSPointCardRW@@@ATL@@WII@AGKXZ 10001d73 f i PointCardRW.obj
 0001:00000d80       ?QueryInterface@?$CComObject@VCOPOSPointCardRW@@@ATL@@WIM@AGJABU_GUID@@PAPAX@Z 10001d80 f i PointCardRW.obj
 0001:00000d8d       ?AddRef@?$CComObject@VCOPOSPointCardRW@@@ATL@@WIM@AGKXZ 10001d8d f i PointCardRW.obj
 0001:00000d9a       ?Release@?$CComObject@VCOPOSPointCardRW@@@ATL@@WIM@AGKXZ 10001d9a f i PointCardRW.obj
 0001:00000da7       ?QueryInterface@?$CComObject@VCOPOSPointCardRW@@@ATL@@WJA@AGJABU_GUID@@PAPAX@Z 10001da7 f i PointCardRW.obj
 0001:00000db4       ?AddRef@?$CComObject@VCOPOSPointCardRW@@@ATL@@WJA@AGKXZ 10001db4 f i PointCardRW.obj
 0001:00000dc1       ?Release@?$CComObject@VCOPOSPointCardRW@@@ATL@@WJA@AGKXZ 10001dc1 f i PointCardRW.obj
 0001:00000dce       ?QueryInterface@?$CComObject@VCOPOSPointCardRW@@@ATL@@WJE@AGJABU_GUID@@PAPAX@Z 10001dce f i PointCardRW.obj
 0001:00000ddb       ?AddRef@?$CComObject@VCOPOSPointCardRW@@@ATL@@WJE@AGKXZ 10001ddb f i PointCardRW.obj
 0001:00000de8       ?Release@?$CComObject@VCOPOSPointCardRW@@@ATL@@WJE@AGKXZ 10001de8 f i PointCardRW.obj
 0001:00000df5       ?QueryInterface@?$CComObject@VCOPOSPointCardRW@@@ATL@@WJI@AGJABU_GUID@@PAPAX@Z 10001df5 f i PointCardRW.obj
 0001:00000e02       ?AddRef@?$CComObject@VCOPOSPointCardRW@@@ATL@@WJI@AGKXZ 10001e02 f i PointCardRW.obj
 0001:00000e0f       ?Release@?$CComObject@VCOPOSPointCardRW@@@ATL@@WJI@AGKXZ 10001e0f f i PointCardRW.obj
 0001:00000e1c       ?QueryInterface@?$CComObject@VCOPOSPointCardRW@@@ATL@@WJM@AGJABU_GUID@@PAPAX@Z 10001e1c f i PointCardRW.obj
 0001:00000e29       ?AddRef@?$CComObject@VCOPOSPointCardRW@@@ATL@@WJM@AGKXZ 10001e29 f i PointCardRW.obj
 0001:00000e36       ?Release@?$CComObject@VCOPOSPointCardRW@@@ATL@@WJM@AGKXZ 10001e36 f i PointCardRW.obj
 0001:00000e43       ?QueryInterface@?$CComObject@VCOPOSPointCardRW@@@ATL@@WKA@AGJABU_GUID@@PAPAX@Z 10001e43 f i PointCardRW.obj
 0001:00000e50       ?AddRef@?$CComObject@VCOPOSPointCardRW@@@ATL@@WKA@AGKXZ 10001e50 f i PointCardRW.obj
 0001:00000e5d       ?Release@?$CComObject@VCOPOSPointCardRW@@@ATL@@WKA@AGKXZ 10001e5d f i PointCardRW.obj
 0001:00000e6a       ?AddRef@?$CComObject@VCOPOSPointCardRW@@@ATL@@WKI@AGKXZ 10001e6a f i PointCardRW.obj
 0001:00000e77       ?Release@?$CComObject@VCOPOSPointCardRW@@@ATL@@WKI@AGKXZ 10001e77 f i PointCardRW.obj
 0001:00000e84       ?AddRef@?$CComObject@VCOPOSPointCardRW@@@ATL@@WLE@AGKXZ 10001e84 f i PointCardRW.obj
 0001:00000e91       ?Release@?$CComObject@VCOPOSPointCardRW@@@ATL@@WLE@AGKXZ 10001e91 f i PointCardRW.obj
 0001:00000e9e       ??_E?$CComContainedObject@VCOPOSPointCardRW@@@ATL@@W3AEPAXI@Z 10001e9e f i PointCardRW.obj
 0001:00000ea6       ??_E?$CComContainedObject@VCOPOSPointCardRW@@@ATL@@WEM@AEPAXI@Z 10001ea6 f i PointCardRW.obj
 0001:00000eae       ?QueryInterface@?$CComContainedObject@VCOPOSPointCardRW@@@ATL@@WHA@AGJABU_GUID@@PAPAX@Z 10001eae f i PointCardRW.obj
 0001:00000eb8       ?AddRef@?$CComContainedObject@VCOPOSPointCardRW@@@ATL@@WHA@AGKXZ 10001eb8 f i PointCardRW.obj
 0001:00000ec2       ?Release@?$CComContainedObject@VCOPOSPointCardRW@@@ATL@@WHA@AGKXZ 10001ec2 f i PointCardRW.obj
 0001:00000ecc       ?QueryInterface@?$CComContainedObject@VCOPOSPointCardRW@@@ATL@@WHE@AGJABU_GUID@@PAPAX@Z 10001ecc f i PointCardRW.obj
 0001:00000ed6       ?AddRef@?$CComContainedObject@VCOPOSPointCardRW@@@ATL@@WHE@AGKXZ 10001ed6 f i PointCardRW.obj
 0001:00000ee0       ?Release@?$CComContainedObject@VCOPOSPointCardRW@@@ATL@@WHE@AGKXZ 10001ee0 f i PointCardRW.obj
 0001:00000eea       ?QueryInterface@?$CComContainedObject@VCOPOSPointCardRW@@@ATL@@WHI@AGJABU_GUID@@PAPAX@Z 10001eea f i PointCardRW.obj
 0001:00000ef4       ?AddRef@?$CComContainedObject@VCOPOSPointCardRW@@@ATL@@WHI@AGKXZ 10001ef4 f i PointCardRW.obj
 0001:00000efe       ?Release@?$CComContainedObject@VCOPOSPointCardRW@@@ATL@@WHI@AGKXZ 10001efe f i PointCardRW.obj
 0001:00000f08       ?QueryInterface@?$CComContainedObject@VCOPOSPointCardRW@@@ATL@@WHM@AGJABU_GUID@@PAPAX@Z 10001f08 f i PointCardRW.obj
 0001:00000f12       ?AddRef@?$CComContainedObject@VCOPOSPointCardRW@@@ATL@@WHM@AGKXZ 10001f12 f i PointCardRW.obj
 0001:00000f1c       ?Release@?$CComContainedObject@VCOPOSPointCardRW@@@ATL@@WHM@AGKXZ 10001f1c f i PointCardRW.obj
 0001:00000f26       ?QueryInterface@?$CComContainedObject@VCOPOSPointCardRW@@@ATL@@WIA@AGJABU_GUID@@PAPAX@Z 10001f26 f i PointCardRW.obj
 0001:00000f33       ?AddRef@?$CComContainedObject@VCOPOSPointCardRW@@@ATL@@WIA@AGKXZ 10001f33 f i PointCardRW.obj
 0001:00000f40       ?Release@?$CComContainedObject@VCOPOSPointCardRW@@@ATL@@WIA@AGKXZ 10001f40 f i PointCardRW.obj
 0001:00000f4d       ?QueryInterface@?$CComContainedObject@VCOPOSPointCardRW@@@ATL@@WIE@AGJABU_GUID@@PAPAX@Z 10001f4d f i PointCardRW.obj
 0001:00000f5a       ?AddRef@?$CComContainedObject@VCOPOSPointCardRW@@@ATL@@WIE@AGKXZ 10001f5a f i PointCardRW.obj
 0001:00000f67       ?Release@?$CComContainedObject@VCOPOSPointCardRW@@@ATL@@WIE@AGKXZ 10001f67 f i PointCardRW.obj
 0001:00000f74       ?QueryInterface@?$CComContainedObject@VCOPOSPointCardRW@@@ATL@@WII@AGJABU_GUID@@PAPAX@Z 10001f74 f i PointCardRW.obj
 0001:00000f81       ?AddRef@?$CComContainedObject@VCOPOSPointCardRW@@@ATL@@WII@AGKXZ 10001f81 f i PointCardRW.obj
 0001:00000f8e       ?Release@?$CComContainedObject@VCOPOSPointCardRW@@@ATL@@WII@AGKXZ 10001f8e f i PointCardRW.obj
 0001:00000f9b       ?QueryInterface@?$CComContainedObject@VCOPOSPointCardRW@@@ATL@@WIM@AGJABU_GUID@@PAPAX@Z 10001f9b f i PointCardRW.obj
 0001:00000fa8       ?AddRef@?$CComContainedObject@VCOPOSPointCardRW@@@ATL@@WIM@AGKXZ 10001fa8 f i PointCardRW.obj
 0001:00000fb5       ?Release@?$CComContainedObject@VCOPOSPointCardRW@@@ATL@@WIM@AGKXZ 10001fb5 f i PointCardRW.obj
 0001:00000fc2       ?QueryInterface@?$CComContainedObject@VCOPOSPointCardRW@@@ATL@@WJA@AGJABU_GUID@@PAPAX@Z 10001fc2 f i PointCardRW.obj
 0001:00000fcf       ?AddRef@?$CComContainedObject@VCOPOSPointCardRW@@@ATL@@WJA@AGKXZ 10001fcf f i PointCardRW.obj
 0001:00000fdc       ?Release@?$CComContainedObject@VCOPOSPointCardRW@@@ATL@@WJA@AGKXZ 10001fdc f i PointCardRW.obj
 0001:00000fe9       ?QueryInterface@?$CComContainedObject@VCOPOSPointCardRW@@@ATL@@WJE@AGJABU_GUID@@PAPAX@Z 10001fe9 f i PointCardRW.obj
 0001:00000ff6       ?AddRef@?$CComContainedObject@VCOPOSPointCardRW@@@ATL@@WJE@AGKXZ 10001ff6 f i PointCardRW.obj
 0001:00001003       ?Release@?$CComContainedObject@VCOPOSPointCardRW@@@ATL@@WJE@AGKXZ 10002003 f i PointCardRW.obj
 0001:00001010       ?QueryInterface@?$CComContainedObject@VCOPOSPointCardRW@@@ATL@@WJI@AGJABU_GUID@@PAPAX@Z 10002010 f i PointCardRW.obj
 0001:0000101d       ?AddRef@?$CComContainedObject@VCOPOSPointCardRW@@@ATL@@WJI@AGKXZ 1000201d f i PointCardRW.obj
 0001:0000102a       ?Release@?$CComContainedObject@VCOPOSPointCardRW@@@ATL@@WJI@AGKXZ 1000202a f i PointCardRW.obj
 0001:00001037       ?QueryInterface@?$CComContainedObject@VCOPOSPointCardRW@@@ATL@@WJM@AGJABU_GUID@@PAPAX@Z 10002037 f i PointCardRW.obj
 0001:00001044       ?AddRef@?$CComContainedObject@VCOPOSPointCardRW@@@ATL@@WJM@AGKXZ 10002044 f i PointCardRW.obj
 0001:00001051       ?Release@?$CComContainedObject@VCOPOSPointCardRW@@@ATL@@WJM@AGKXZ 10002051 f i PointCardRW.obj
 0001:0000105e       ?QueryInterface@?$CComContainedObject@VCOPOSPointCardRW@@@ATL@@WKA@AGJABU_GUID@@PAPAX@Z 1000205e f i PointCardRW.obj
 0001:0000106b       ?AddRef@?$CComContainedObject@VCOPOSPointCardRW@@@ATL@@WKA@AGKXZ 1000206b f i PointCardRW.obj
 0001:00001078       ?Release@?$CComContainedObject@VCOPOSPointCardRW@@@ATL@@WKA@AGKXZ 10002078 f i PointCardRW.obj
 0001:00001085       ?AddRef@?$CComContainedObject@VCOPOSPointCardRW@@@ATL@@WKI@AGKXZ 10002085 f i PointCardRW.obj
 0001:00001092       ?Release@?$CComContainedObject@VCOPOSPointCardRW@@@ATL@@WKI@AGKXZ 10002092 f i PointCardRW.obj
 0001:0000109f       ?AddRef@?$CComContainedObject@VCOPOSPointCardRW@@@ATL@@WLE@AGKXZ 1000209f f i PointCardRW.obj
 0001:000010ac       ?Release@?$CComContainedObject@VCOPOSPointCardRW@@@ATL@@WLE@AGKXZ 100020ac f i PointCardRW.obj
 0001:000010b9       ?Lock@CAtlModule@ATL@@UAEJXZ 100020b9 f i PointCardRW.obj
 0001:000010c3       ?Unlock@CAtlModule@ATL@@UAEJXZ 100020c3 f i PointCardRW.obj
 0001:000010cd       ?GetLockCount@CAtlModule@ATL@@UAEJXZ 100020cd f i PointCardRW.obj
 0001:000010d1       ?GetGITPtr@CAtlModule@ATL@@UAEJPAPAUIGlobalInterfaceTable@@@Z 100020d1 f i PointCardRW.obj
 0001:0000111d       ?AddCommonRGSReplacements@?$CAtlModuleT@VCComModule@ATL@@@ATL@@UAEJPAUIRegistrarBase@@@Z 1000211d f i PointCardRW.obj
 0001:00001137       ?UpdateRegistryFromResourceD@CComModule@ATL@@UAGJPB_WHPAU_ATL_REGMAP_ENTRY@2@@Z 10002137 f i PointCardRW.obj
 0001:00001137       ?UpdateRegistryFromResourceD@CComModule@ATL@@UAGJIHPAU_ATL_REGMAP_ENTRY@2@@Z 10002137 f i PointCardRW.obj
 0001:0000113f       ?UpdateRegistryFromResource@CComModule@ATL@@UAGJPB_WHPAU_ATL_REGMAP_ENTRY@2@@Z 1000213f f i PointCardRW.obj
 0001:00001148       ?UpdateRegistryFromResource@CComModule@ATL@@UAGJIHPAU_ATL_REGMAP_ENTRY@2@@Z 10002148 f i PointCardRW.obj
 0001:00001151       ??_ECComModule@ATL@@UAEPAXI@Z 10002151 f i PointCardRW.obj
 0001:00001151       ??_GCComModule@ATL@@UAEPAXI@Z 10002151 f i PointCardRW.obj
 0001:00001179       ?GetWindowProc@?$CWindowImplBaseT@VCWindow@ATL@@V?$CWinTraits@$0FGAAAAAA@$0A@@2@@ATL@@UAEP6GJPAUHWND__@@IIJ@ZXZ 10002179 f i PointCardRW.obj
 0001:0000117f       ?StartWindowProc@?$CWindowImplBaseT@VCWindow@ATL@@V?$CWinTraits@$0FGAAAAAA@$0A@@2@@ATL@@SGJPAUHWND__@@IIJ@Z 1000217f f i PointCardRW.obj
 0001:000011d3       ?GetTypeInfoCount@?$IDispatchImpl@UIOPOSPointCardRW@@$1?IID_IOPOSPointCardRW@@3U_GUID@@B$1?LIBID_OposPointCardRW_CCO@@3U3@B$00$0A@VCComTypeInfoHolder@ATL@@@ATL@@UAGJPAI@Z 100021d3 f i PointCardRW.obj
 0001:000011f0       ?GetTypeInfo@?$IDispatchImpl@UIOPOSPointCardRW@@$1?IID_IOPOSPointCardRW@@3U_GUID@@B$1?LIBID_OposPointCardRW_CCO@@3U3@B$00$0A@VCComTypeInfoHolder@ATL@@@ATL@@UAGJIKPAPAUITypeInfo@@@Z 100021f0 f i PointCardRW.obj
 0001:00001214       ?GetIDsOfNames@?$IDispatchImpl@UIOPOSPointCardRW@@$1?IID_IOPOSPointCardRW@@3U_GUID@@B$1?LIBID_OposPointCardRW_CCO@@3U3@B$00$0A@VCComTypeInfoHolder@ATL@@@ATL@@UAGJABU_GUID@@PAPA_WIKPAJ@Z 10002214 f i PointCardRW.obj
 0001:00001234       ?Invoke@?$IDispatchImpl@UIOPOSPointCardRW@@$1?IID_IOPOSPointCardRW@@3U_GUID@@B$1?LIBID_OposPointCardRW_CCO@@3U3@B$00$0A@VCComTypeInfoHolder@ATL@@@ATL@@UAGJJABU_GUID@@KGPAUtagDISPPARAMS@@PAUtagVARIANT@@PAUtagEXCEPINFO@@PAI@Z 10002234 f i PointCardRW.obj
 0001:00001242       ?CreateControlWindow@?$CComControl@VCOPOSPointCardRW@@V?$CWindowImpl@VCOPOSPointCardRW@@VCWindow@ATL@@V?$CWinTraits@$0FGAAAAAA@$0A@@3@@ATL@@@ATL@@UAEPAUHWND__@@PAU3@AAUtagRECT@@@Z 10002242 f i PointCardRW.obj
 0001:00001271       ?ControlQueryInterface@?$CComControl@VCOPOSPointCardRW@@V?$CWindowImpl@VCOPOSPointCardRW@@VCWindow@ATL@@V?$CWinTraits@$0FGAAAAAA@$0A@@3@@ATL@@@ATL@@UAEJABU_GUID@@PAPAX@Z 10002271 f i PointCardRW.obj
 0001:0000128c       ?GetUserClassID@?$IOleObjectImpl@VCOPOSPointCardRW@@@ATL@@UAGJPAU_GUID@@@Z 1000228c f i PointCardRW.obj
 0001:0000128c       ?GetClassID@?$IPersistStreamInitImpl@VCOPOSPointCardRW@@@ATL@@UAGJPAU_GUID@@@Z 1000228c f i PointCardRW.obj
 0001:0000128c       ?GetClassID@?$IPersistStorageImpl@VCOPOSPointCardRW@@@ATL@@UAGJPAU_GUID@@@Z 1000228c f i PointCardRW.obj
 0001:000012b0       ?IsDirty@?$IPersistStreamInitImpl@VCOPOSPointCardRW@@@ATL@@UAGJXZ 100022b0 f i PointCardRW.obj
 0001:000012cf       ?Load@?$IPersistStreamInitImpl@VCOPOSPointCardRW@@@ATL@@UAGJPAUIStream@@@Z 100022cf f i PointCardRW.obj
 0001:000012ee       ?Save@?$IPersistStreamInitImpl@VCOPOSPointCardRW@@@ATL@@UAGJPAUIStream@@H@Z 100022ee f i PointCardRW.obj
 0001:00001310       ?GetSizeMax@?$IPersistStreamInitImpl@VCOPOSPointCardRW@@@ATL@@UAGJPAT_ULARGE_INTEGER@@@Z 10002310 f i PointCardRW.obj
 0001:000014c5       ?InitNew@?$IPersistStreamInitImpl@VCOPOSPointCardRW@@@ATL@@UAGJXZ 100024c5 f i PointCardRW.obj
 0001:000014e2       ?Unfreeze@?$IViewObjectExImpl@VCOPOSPointCardRW@@@ATL@@UAGJK@Z 100024e2 f i PointCardRW.obj
 0001:000014e2       ?SetColorScheme@?$IOleObjectImpl@VCOPOSPointCardRW@@@ATL@@UAGJPAUtagLOGPALETTE@@@Z 100024e2 f i PointCardRW.obj
 0001:000014e2       ?ContextSensitiveHelp@?$IOleInPlaceObjectWindowlessImpl@VCOPOSPointCardRW@@@ATL@@UAGJH@Z 100024e2 f i PointCardRW.obj
 0001:000014e2       ?GetControlInfo@?$IOleControlImpl@VCOPOSPointCardRW@@@ATL@@UAGJPAUtagCONTROLINFO@@@Z 100024e2 f i PointCardRW.obj
 0001:000014e2       ?GetDropTarget@?$IOleInPlaceObjectWindowlessImpl@VCOPOSPointCardRW@@@ATL@@UAGJPAPAUIDropTarget@@@Z 100024e2 f i PointCardRW.obj
 0001:000014e2       ?OnMnemonic@?$IOleControlImpl@VCOPOSPointCardRW@@@ATL@@UAGJPAUtagMSG@@@Z 100024e2 f i PointCardRW.obj
 0001:000014e2       ?QueryGetData@?$IDataObjectImpl@VCOPOSPointCardRW@@@ATL@@UAGJPAUtagFORMATETC@@@Z 100024e2 f i PointCardRW.obj
 0001:000014e2       ?ContextSensitiveHelp@?$IOleInPlaceActiveObjectImpl@VCOPOSPointCardRW@@@ATL@@UAGJH@Z 100024e2 f i PointCardRW.obj
 0001:000014ea       ?OnFrameWindowActivate@?$IOleInPlaceActiveObjectImpl@VCOPOSPointCardRW@@@ATL@@UAGJH@Z 100024ea f i PointCardRW.obj
 0001:000014ea       ?SaveCompleted@?$IPersistStorageImpl@VCOPOSPointCardRW@@@ATL@@UAGJPAUIStorage@@@Z 100024ea f i PointCardRW.obj
 0001:000014ea       ?EnableModeless@?$IOleInPlaceActiveObjectImpl@VCOPOSPointCardRW@@@ATL@@UAGJH@Z 100024ea f i PointCardRW.obj
 0001:000014ea       ?OnAmbientPropertyChange@?$IOleControlImpl@VCOPOSPointCardRW@@@ATL@@UAGJJ@Z 100024ea f i PointCardRW.obj
 0001:000014ef       ?SetClientSite@?$IOleObjectImpl@VCOPOSPointCardRW@@@ATL@@UAGJPAUIOleClientSite@@@Z 100024ef f i PointCardRW.obj
 0001:0000150c       ?GetClientSite@?$IOleObjectImpl@VCOPOSPointCardRW@@@ATL@@UAGJPAPAUIOleClientSite@@@Z 1000250c f i PointCardRW.obj
 0001:00001529       ?SetHostNames@?$IOleObjectImpl@VCOPOSPointCardRW@@@ATL@@UAGJPB_W0@Z 10002529 f i PointCardRW.obj
 0001:0000152e       ?Close@?$IOleObjectImpl@VCOPOSPointCardRW@@@ATL@@UAGJK@Z 1000252e f i PointCardRW.obj
 0001:0000154b       ?SetMoniker@?$IOleObjectImpl@VCOPOSPointCardRW@@@ATL@@UAGJKPAUIMoniker@@@Z 1000254b f i PointCardRW.obj
 0001:0000154b       ?QueryInterface@CRegObject@ATL@@UAGJABU_GUID@@PAPAX@Z 1000254b f i PointCardRW.obj
 0001:0000154b       ?EnumFormatEtc@?$IDataObjectImpl@VCOPOSPointCardRW@@@ATL@@UAGJKPAPAUIEnumFORMATETC@@@Z 1000254b f i PointCardRW.obj
 0001:0000154b       ?GetClipboardData@?$IOleObjectImpl@VCOPOSPointCardRW@@@ATL@@UAGJKPAPAUIDataObject@@@Z 1000254b f i PointCardRW.obj
 0001:0000154b       ?GetCanonicalFormatEtc@?$IDataObjectImpl@VCOPOSPointCardRW@@@ATL@@UAGJPAUtagFORMATETC@@0@Z 1000254b f i PointCardRW.obj
 0001:0000154b       ?GetDataHere@?$IDataObjectImpl@VCOPOSPointCardRW@@@ATL@@UAGJPAUtagFORMATETC@@PAUtagSTGMEDIUM@@@Z 1000254b f i PointCardRW.obj
 0001:0000154b       ?GetRect@?$IViewObjectExImpl@VCOPOSPointCardRW@@@ATL@@UAGJKPAU_RECTL@@@Z 1000254b f i PointCardRW.obj
 0001:00001553       ?InitFromData@?$IOleObjectImpl@VCOPOSPointCardRW@@@ATL@@UAGJPAUIDataObject@@HK@Z 10002553 f i PointCardRW.obj
 0001:00001553       ?SetData@?$IDataObjectImpl@VCOPOSPointCardRW@@@ATL@@UAGJPAUtagFORMATETC@@PAUtagSTGMEDIUM@@H@Z 10002553 f i PointCardRW.obj
 0001:00001553       ?GetMoniker@?$IOleObjectImpl@VCOPOSPointCardRW@@@ATL@@UAGJKKPAPAUIMoniker@@@Z 10002553 f i PointCardRW.obj
 0001:0000155b       ?DoVerb@?$IOleObjectImpl@VCOPOSPointCardRW@@@ATL@@UAGJJPAUtagMSG@@PAUIOleClientSite@@JPAUHWND__@@PBUtagRECT@@@Z 1000255b f i PointCardRW.obj
 0001:00001673       ?EnumVerbs@?$IOleObjectImpl@VCOPOSPointCardRW@@@ATL@@UAGJPAPAUIEnumOLEVERB@@@Z 10002673 f i PointCardRW.obj
 0001:00001695       ?Update@?$IOleObjectImpl@VCOPOSPointCardRW@@@ATL@@UAGJXZ 10002695 f i PointCardRW.obj
 0001:00001695       ?IsUpToDate@?$IOleObjectImpl@VCOPOSPointCardRW@@@ATL@@UAGJXZ 10002695 f i PointCardRW.obj
 0001:00001695       ?HandsOffStorage@?$IPersistStorageImpl@VCOPOSPointCardRW@@@ATL@@UAGJXZ 10002695 f i PointCardRW.obj
 0001:00001695       ?Release@CRegObject@ATL@@UAGKXZ 10002695 f i PointCardRW.obj
 0001:0000169a       ?GetUserType@?$IOleObjectImpl@VCOPOSPointCardRW@@@ATL@@UAGJKPAPA_W@Z 1000269a f i PointCardRW.obj
 0001:000016b2       ?SetExtent@?$IOleObjectImpl@VCOPOSPointCardRW@@@ATL@@UAGJKPAUtagSIZE@@@Z 100026b2 f i PointCardRW.obj
 0001:000016d2       ?GetExtent@?$IOleObjectImpl@VCOPOSPointCardRW@@@ATL@@UAGJKPAUtagSIZE@@@Z 100026d2 f i PointCardRW.obj
 0001:00001710       ?Advise@?$IOleObjectImpl@VCOPOSPointCardRW@@@ATL@@UAGJPAUIAdviseSink@@PAK@Z 10002710 f i PointCardRW.obj
 0001:00001730       ?Unadvise@?$IOleObjectImpl@VCOPOSPointCardRW@@@ATL@@UAGJK@Z 10002730 f i PointCardRW.obj
 0001:0000175f       ?EnumAdvise@?$IOleObjectImpl@VCOPOSPointCardRW@@@ATL@@UAGJPAPAUIEnumSTATDATA@@@Z 1000275f f i PointCardRW.obj
 0001:0000179f       ?GetMiscStatus@?$IOleObjectImpl@VCOPOSPointCardRW@@@ATL@@UAGJKPAK@Z 1000279f f i PointCardRW.obj
 0001:000017b7       ?GetWindow@?$IOleInPlaceActiveObjectImpl@VCOPOSPointCardRW@@@ATL@@UAGJPAPAUHWND__@@@Z 100027b7 f i PointCardRW.obj
 0001:00001804       ?TranslateAcceleratorW@?$IOleInPlaceActiveObjectImpl@VCOPOSPointCardRW@@@ATL@@UAGJPAUtagMSG@@@Z 10002804 f i PointCardRW.obj
 0001:000018a2       ?OnDocWindowActivate@?$IOleInPlaceActiveObjectImpl@VCOPOSPointCardRW@@@ATL@@UAGJH@Z 100028a2 f i PointCardRW.obj
 0001:000018c4       ?ResizeBorder@?$IOleInPlaceActiveObjectImpl@VCOPOSPointCardRW@@@ATL@@UAGJPBUtagRECT@@PAUIOleInPlaceUIWindow@@H@Z 100028c4 f i PointCardRW.obj
 0001:000018c9       ?Draw@?$IViewObjectExImpl@VCOPOSPointCardRW@@@ATL@@UAGJKJPAXPAUtagDVTARGETDEVICE@@PAUHDC__@@2PBU_RECTL@@3P6GHK@ZK@Z 100028c9 f i PointCardRW.obj
 0001:000018fb       ?GetColorSet@?$IViewObjectExImpl@VCOPOSPointCardRW@@@ATL@@UAGJKJPAXPAUtagDVTARGETDEVICE@@PAUHDC__@@PAPAUtagLOGPALETTE@@@Z 100028fb f i PointCardRW.obj
 0001:00001903       ?Freeze@?$IViewObjectExImpl@VCOPOSPointCardRW@@@ATL@@UAGJKJPAXPAK@Z 10002903 f i PointCardRW.obj
 0001:0000190b       ?SetAdvise@?$IViewObjectExImpl@VCOPOSPointCardRW@@@ATL@@UAGJKKPAUIAdviseSink@@@Z 1000290b f i PointCardRW.obj
 0001:0000192a       ?GetAdvise@?$IViewObjectExImpl@VCOPOSPointCardRW@@@ATL@@UAGJPAK0PAPAUIAdviseSink@@@Z 1000292a f i PointCardRW.obj
 0001:0000195f       ?GetExtent@?$IViewObjectExImpl@VCOPOSPointCardRW@@@ATL@@UAGJKJPAUtagDVTARGETDEVICE@@PAUtagSIZE@@@Z 1000295f f i PointCardRW.obj
 0001:00001990       ?GetViewStatus@?$IViewObjectExImpl@VCOPOSPointCardRW@@@ATL@@UAGJPAK@Z 10002990 f i PointCardRW.obj
 0001:000019ad       ?QueryHitPoint@?$IViewObjectExImpl@VCOPOSPointCardRW@@@ATL@@UAGJKPBUtagRECT@@UtagPOINT@@JPAK@Z 100029ad f i PointCardRW.obj
 0001:000019ee       ?QueryHitRect@?$IViewObjectExImpl@VCOPOSPointCardRW@@@ATL@@UAGJKPBUtagRECT@@0JPAK@Z 100029ee f i PointCardRW.obj
 0001:00001a49       ?GetNaturalExtent@?$IViewObjectExImpl@VCOPOSPointCardRW@@@ATL@@UAGJKJPAUtagDVTARGETDEVICE@@PAUHDC__@@PAUtagExtentInfo@@PAUtagSIZE@@@Z 10002a49 f i PointCardRW.obj
 0001:00001a94       ?GetWindow@?$IOleInPlaceObjectWindowlessImpl@VCOPOSPointCardRW@@@ATL@@UAGJPAPAUHWND__@@@Z 10002a94 f i PointCardRW.obj
 0001:00001ae1       ?InPlaceDeactivate@?$IOleInPlaceObjectWindowlessImpl@VCOPOSPointCardRW@@@ATL@@UAGJXZ 10002ae1 f i PointCardRW.obj
 0001:00001afb       ?UIDeactivate@?$IOleInPlaceObjectWindowlessImpl@VCOPOSPointCardRW@@@ATL@@UAGJXZ 10002afb f i PointCardRW.obj
 0001:00001b15       ?SetObjectRects@?$IOleInPlaceObjectWindowlessImpl@VCOPOSPointCardRW@@@ATL@@UAGJPBUtagRECT@@0@Z 10002b15 f i PointCardRW.obj
 0001:00001b35       ?ReactivateAndUndo@?$IOleInPlaceObjectWindowlessImpl@VCOPOSPointCardRW@@@ATL@@UAGJXZ 10002b35 f i PointCardRW.obj
 0001:00001b3d       ?OnWindowMessage@?$IOleInPlaceObjectWindowlessImpl@VCOPOSPointCardRW@@@ATL@@UAGJIIJPAJ@Z 10002b3d f i PointCardRW.obj
 0001:00001bad       ?EnumConnectionPoints@?$IConnectionPointContainerImpl@VCOPOSPointCardRW@@@ATL@@UAGJPAPAUIEnumConnectionPoints@@@Z 10002bad f i PointCardRW.obj
 0001:00001d27       ?FindConnectionPoint@?$IConnectionPointContainerImpl@VCOPOSPointCardRW@@@ATL@@UAGJABU_GUID@@PAPAUIConnectionPoint@@@Z 10002d27 f i PointCardRW.obj
 0001:00001dca       ?IsDirty@?$IPersistStorageImpl@VCOPOSPointCardRW@@@ATL@@UAGJXZ 10002dca f i PointCardRW.obj
 0001:00001dfe       ?InitNew@?$IPersistStorageImpl@VCOPOSPointCardRW@@@ATL@@UAGJPAUIStorage@@@Z 10002dfe f i PointCardRW.obj
 0001:00001e32       ?Load@?$IPersistStorageImpl@VCOPOSPointCardRW@@@ATL@@UAGJPAUIStorage@@@Z 10002e32 f i PointCardRW.obj
 0001:00001e9e       ?Save@?$IPersistStorageImpl@VCOPOSPointCardRW@@@ATL@@UAGJPAUIStorage@@H@Z 10002e9e f i PointCardRW.obj
 0001:00001f11       ?GetPages@?$ISpecifyPropertyPagesImpl@VCOPOSPointCardRW@@@ATL@@UAGJPAUtagCAUUID@@@Z 10002f11 f i PointCardRW.obj
 0001:00001f28       ?QuickActivate@?$IQuickActivateImpl@VCOPOSPointCardRW@@@ATL@@UAGJPAUtagQACONTAINER@@PAUtagQACONTROL@@@Z 10002f28 f i PointCardRW.obj
 0001:00001f4b       ?SetContentExtent@?$IQuickActivateImpl@VCOPOSPointCardRW@@@ATL@@UAGJPAUtagSIZE@@@Z 10002f4b f i PointCardRW.obj
 0001:00001f77       ?GetContentExtent@?$IQuickActivateImpl@VCOPOSPointCardRW@@@ATL@@UAGJPAUtagSIZE@@@Z 10002f77 f i PointCardRW.obj
 0001:00001f97       ?GetData@?$IDataObjectImpl@VCOPOSPointCardRW@@@ATL@@UAGJPAUtagFORMATETC@@PAUtagSTGMEDIUM@@@Z 10002f97 f i PointCardRW.obj
 0001:00001fba       ?DAdvise@?$IDataObjectImpl@VCOPOSPointCardRW@@@ATL@@UAGJPAUtagFORMATETC@@KPAUIAdviseSink@@PAK@Z 10002fba f i PointCardRW.obj
 0001:00001ffb       ?DUnadvise@?$IDataObjectImpl@VCOPOSPointCardRW@@@ATL@@UAGJK@Z 10002ffb f i PointCardRW.obj
 0001:00002029       ?EnumDAdvise@?$IDataObjectImpl@VCOPOSPointCardRW@@@ATL@@UAGJPAPAUIEnumSTATDATA@@@Z 10003029 f i PointCardRW.obj
 0001:00002068       ?GetClassInfoW@?$IProvideClassInfo2Impl@$1?CLSID_OPOSPointCardRW@@3U_GUID@@B$1?DIID__IOPOSPointCardRWEvents@@3U2@B$1?LIBID_OposPointCardRW_CCO@@3U2@B$00$0A@VCComTypeInfoHolder@ATL@@@ATL@@UAGJPAPAUITypeInfo@@@Z 10003068 f i PointCardRW.obj
 0001:0000207e       ?GetGUID@?$IProvideClassInfo2Impl@$1?CLSID_OPOSPointCardRW@@3U_GUID@@B$1?DIID__IOPOSPointCardRWEvents@@3U2@B$1?LIBID_OposPointCardRW_CCO@@3U2@B$00$0A@VCComTypeInfoHolder@ATL@@@ATL@@UAGJKPAU_GUID@@@Z 1000307e f i PointCardRW.obj
 0001:000020bc       ?FAccessAllowed@?$IObjectSafetyImpl@VCOPOSPointCardRW@@$02@ATL@@MAEHXZ 100030bc f i PointCardRW.obj
 0001:000020bc       __get_startup_argv_mode    100030bc f i LIBCMT:argv_mode.obj
 0001:000020c0       ?GetInterfaceSafetyOptions@?$IObjectSafetyImpl@VCOPOSPointCardRW@@$02@ATL@@UAGJABU_GUID@@PAK1@Z 100030c0 f i PointCardRW.obj
 0001:00002134       ?SetInterfaceSafetyOptions@?$IObjectSafetyImpl@VCOPOSPointCardRW@@$02@ATL@@UAGJABU_GUID@@KK@Z 10003134 f i PointCardRW.obj
 0001:000021ae       ?AddRef@CRegObject@ATL@@UAGKXZ 100031ae f i PointCardRW.obj
 0001:000021b4       ?AddReplacement@CRegObject@ATL@@UAGJPB_W0@Z 100031b4 f i PointCardRW.obj
 0001:000021ed       ?ClearReplacements@CRegObject@ATL@@UAGJXZ 100031ed f i PointCardRW.obj
 0001:000021ff       ?_LocCPQueryInterface@?$IConnectionPointImpl@VCOPOSPointCardRW@@$1?IID_IPropertyNotifySink@@3U_GUID@@BVCComDynamicUnkArray@ATL@@@ATL@@UAGJABU_GUID@@PAPAX@Z 100031ff f i PointCardRW.obj
 0001:000021ff       ?_LocCPQueryInterface@?$IConnectionPointImpl@VCOPOSPointCardRW@@$1?DIID__IOPOSPointCardRWEvents@@3U_GUID@@BVCComDynamicUnkArray@ATL@@@ATL@@UAGJABU_GUID@@PAPAX@Z 100031ff f i PointCardRW.obj
 0001:0000224c       ?GetConnectionInterface@?$IConnectionPointImpl@VCOPOSPointCardRW@@$1?IID_IPropertyNotifySink@@3U_GUID@@BVCComDynamicUnkArray@ATL@@@ATL@@UAGJPAU_GUID@@@Z 1000324c f i PointCardRW.obj
 0001:00002270       ?GetConnectionPointContainer@?$IConnectionPointImpl@VCOPOSPointCardRW@@$1?IID_IPropertyNotifySink@@3U_GUID@@BVCComDynamicUnkArray@ATL@@@ATL@@UAGJPAPAUIConnectionPointContainer@@@Z 10003270 f i PointCardRW.obj
 0001:00002293       ?Advise@?$IConnectionPointImpl@VCOPOSPointCardRW@@$1?IID_IPropertyNotifySink@@3U_GUID@@BVCComDynamicUnkArray@ATL@@@ATL@@UAGJPAUIUnknown@@PAK@Z 10003293 f i PointCardRW.obj
 0001:00002293       ?Advise@?$IConnectionPointImpl@VCOPOSPointCardRW@@$1?DIID__IOPOSPointCardRWEvents@@3U_GUID@@BVCComDynamicUnkArray@ATL@@@ATL@@UAGJPAUIUnknown@@PAK@Z 10003293 f i PointCardRW.obj
 0001:00002334       ?Unadvise@?$IConnectionPointImpl@VCOPOSPointCardRW@@$1?IID_IPropertyNotifySink@@3U_GUID@@BVCComDynamicUnkArray@ATL@@@ATL@@UAGJK@Z 10003334 f i PointCardRW.obj
 0001:00002334       ?Unadvise@?$IConnectionPointImpl@VCOPOSPointCardRW@@$1?DIID__IOPOSPointCardRWEvents@@3U_GUID@@BVCComDynamicUnkArray@ATL@@@ATL@@UAGJK@Z 10003334 f i PointCardRW.obj
 0001:00002374       ?EnumConnections@?$IConnectionPointImpl@VCOPOSPointCardRW@@$1?IID_IPropertyNotifySink@@3U_GUID@@BVCComDynamicUnkArray@ATL@@@ATL@@UAGJPAPAUIEnumConnections@@@Z 10003374 f i PointCardRW.obj
 0001:00002374       ?EnumConnections@?$IConnectionPointImpl@VCOPOSPointCardRW@@$1?DIID__IOPOSPointCardRWEvents@@3U_GUID@@BVCComDynamicUnkArray@ATL@@@ATL@@UAGJPAPAUIEnumConnections@@@Z 10003374 f i PointCardRW.obj
 0001:0000247a       ??_GCRegObject@ATL@@UAEPAXI@Z 1000347a f i PointCardRW.obj
 0001:0000247a       ??_ECRegObject@ATL@@UAEPAXI@Z 1000347a f i PointCardRW.obj
 0001:0000249c       ?GetConnectionInterface@?$IConnectionPointImpl@VCOPOSPointCardRW@@$1?DIID__IOPOSPointCardRWEvents@@3U_GUID@@BVCComDynamicUnkArray@ATL@@@ATL@@UAGJPAU_GUID@@@Z 1000349c f i PointCardRW.obj
 0001:000024c0       ?GetConnectionPointContainer@?$IConnectionPointImpl@VCOPOSPointCardRW@@$1?DIID__IOPOSPointCardRWEvents@@3U_GUID@@BVCComDynamicUnkArray@ATL@@@ATL@@UAGJPAPAUIConnectionPointContainer@@@Z 100034c0 f i PointCardRW.obj
 0001:000024e3       ?UpdateRegistry@COPOSPointCardRW@@SGJH@Z 100034e3 f i PointCardRW.obj
 0001:000024fb       ?ProcessWindowMessage@COPOSPointCardRW@@UAEHPAUHWND__@@IIJAAJK@Z 100034fb f i PointCardRW.obj
 0001:00002544       ?SOData@COPOSPointCardRW@@MAGJJ@Z 10003544 f i PointCardRW.obj
 0001:0000257d       ?SODirectIO@COPOSPointCardRW@@MAGJJPAJPAPA_W@Z 1000357d f i PointCardRW.obj
 0001:000025c6       ?SOError@COPOSPointCardRW@@MAGJJJJPAJ@Z 100035c6 f i PointCardRW.obj
 0001:0000261b       ?SOOutputComplete@COPOSPointCardRW@@MAGJJ@Z 1000361b f i PointCardRW.obj
 0001:00002654       ?SOStatusUpdate@COPOSPointCardRW@@MAGJJ@Z 10003654 f i PointCardRW.obj
 0001:0000268d       ?CreateInstance@?$CComCreator@V?$CComObjectCached@VCComClassFactory@ATL@@@ATL@@@ATL@@SGJPAXABU_GUID@@PAPAX@Z 1000368d f i PointCardRW.obj
 0001:00002720       ?CreateInstance@?$CComCreator2@V?$CComCreator@V?$CComObject@VCOPOSPointCardRW@@@ATL@@@ATL@@V?$CComCreator@V?$CComAggObject@VCOPOSPointCardRW@@@ATL@@@2@@ATL@@SGJPAXABU_GUID@@PAPAX@Z 10003720 f i PointCardRW.obj
 0001:00002740       ?Next@?$CComEnumImpl@UIEnumConnectionPoints@@$1?_GUID_b196b285_bab4_101a_b69c_00aa00341d07@@3U__s_GUID@@BPAUIConnectionPoint@@V?$_CopyInterface@UIConnectionPoint@@@ATL@@@ATL@@UAGJKPAPAUIConnectionPoint@@PAK@Z 10003740 f i PointCardRW.obj
 0001:00002817       ?Skip@?$CComEnumImpl@UIEnumConnectionPoints@@$1?_GUID_b196b285_bab4_101a_b69c_00aa00341d07@@3U__s_GUID@@BPAUIConnectionPoint@@V?$_CopyInterface@UIConnectionPoint@@@ATL@@@ATL@@UAGJK@Z 10003817 f i PointCardRW.obj
 0001:00002844       ?Clone@?$CComEnumImpl@UIEnumConnectionPoints@@$1?_GUID_b196b285_bab4_101a_b69c_00aa00341d07@@3U__s_GUID@@BPAUIConnectionPoint@@V?$_CopyInterface@UIConnectionPoint@@@ATL@@@ATL@@UAGJPAPAUIEnumConnectionPoints@@@Z 10003844 f i PointCardRW.obj
 0001:00002923       ?QueryInterface@?$CComObject@V?$CComEnum@UIEnumConnectionPoints@@$1?_GUID_b196b285_bab4_101a_b69c_00aa00341d07@@3U__s_GUID@@BPAUIConnectionPoint@@V?$_CopyInterface@UIConnectionPoint@@@ATL@@VCComSingleThreadModel@6@@ATL@@@ATL@@UAGJABU_GUID@@PAPAX@Z 10003923 f i PointCardRW.obj
 0001:0000293d       ??_E?$CComObject@V?$CComEnum@UIEnumConnectionPoints@@$1?_GUID_b196b285_bab4_101a_b69c_00aa00341d07@@3U__s_GUID@@BPAUIConnectionPoint@@V?$_CopyInterface@UIConnectionPoint@@@ATL@@VCComSingleThreadModel@6@@ATL@@@ATL@@UAEPAXI@Z 1000393d f i PointCardRW.obj
 0001:0000293d       ??_G?$CComObject@V?$CComEnum@UIEnumConnectionPoints@@$1?_GUID_b196b285_bab4_101a_b69c_00aa00341d07@@3U__s_GUID@@BPAUIConnectionPoint@@V?$_CopyInterface@UIConnectionPoint@@@ATL@@VCComSingleThreadModel@6@@ATL@@@ATL@@UAEPAXI@Z 1000393d f i PointCardRW.obj
 0001:0000295f       ??$?4UITypeInfo2@@@?$CComPtr@UITypeInfo@@@ATL@@QAEPAUITypeInfo@@ABV?$CComPtr@UITypeInfo2@@@1@@Z 1000395f f i PointCardRW.obj
 0001:0000298c       ??$AtlAdd@K@ATL@@YAJPAKKK@Z 1000398c f i PointCardRW.obj
 0001:000029af       ??$AtlAdd@_K@ATL@@YAJPA_K_K1@Z 100039af f i PointCardRW.obj
 0001:000029e7       ??$AtlAddThrow@K@ATL@@YAKKK@Z 100039e7 f i PointCardRW.obj
 0001:00002a0d       ??$AtlModuleRegisterWndClassInfoT@VAtlModuleRegisterWndClassInfoParamW@ATL@@@ATL@@YAGPAU_ATL_BASE_MODULE70@0@PAU_ATL_WIN_MODULE70@0@PAU_ATL_WNDCLASSINFOW@0@PAP6GJPAUHWND__@@IIJ@ZVAtlModuleRegisterWndClassInfoParamW@0@@Z 10003a0d f i PointCardRW.obj
 0001:00002b5b       ??$AtlMultiply@H@ATL@@YAJPAHHH@Z 10003b5b f i PointCardRW.obj
 0001:00002b93       ??$AtlMultiply@K@ATL@@YAJPAKKK@Z 10003b93 f i PointCardRW.obj
 0001:00002b93       ??$AtlMultiply@I@ATL@@YAJPAIII@Z 10003b93 f i PointCardRW.obj
 0001:00002bb5       ??$AtlMultiplyThrow@I@ATL@@YAIII@Z 10003bb5 f i PointCardRW.obj
 0001:00002bdb       ??0?$CComAggObject@VCOPOSPointCardRW@@@ATL@@QAE@PAX@Z 10003bdb f i PointCardRW.obj
 0001:00002c08       ??0?$CComContainedObject@VCOPOSPointCardRW@@@ATL@@QAE@PAX@Z 10003c08 f i PointCardRW.obj
 0001:00002cc1       ??0?$CComObject@V?$CComEnum@UIEnumConnectionPoints@@$1?_GUID_b196b285_bab4_101a_b69c_00aa00341d07@@3U__s_GUID@@BPAUIConnectionPoint@@V?$_CopyInterface@UIConnectionPoint@@@ATL@@VCComSingleThreadModel@6@@ATL@@@ATL@@QAE@PAX@Z 10003cc1 f i PointCardRW.obj
 0001:00002cef       ??0?$CComObject@V?$CComEnum@UIEnumConnections@@$1?_GUID_b196b287_bab4_101a_b69c_00aa00341d07@@3U__s_GUID@@BUtagCONNECTDATA@@V?$_Copy@UtagCONNECTDATA@@@ATL@@VCComSingleThreadModel@6@@ATL@@@ATL@@QAE@PAX@Z 10003cef f i PointCardRW.obj
 0001:00002d1d       ??0?$CComObject@VCOPOSPointCardRW@@@ATL@@QAE@PAX@Z 10003d1d f i PointCardRW.obj
 0001:00002dd4       ??0?$CComQIPtr@UIOleControlSite@@$1?_GUID_b196b289_bab4_101a_b69c_00aa00341d07@@3U__s_GUID@@B@ATL@@QAE@PAUIUnknown@@@Z 10003dd4 f i PointCardRW.obj
 0001:00002dfd       ??0CAtlModule@ATL@@QAE@XZ  10003dfd f i PointCardRW.obj
 0001:00002e3e       ??0CParseBuffer@CRegParser@ATL@@QAE@H@Z 10003e3e f i PointCardRW.obj
 0001:00002e74       ??0_ATL_MSG@ATL@@QAE@PAUHWND__@@IIJH@Z 10003e74 f i PointCardRW.obj
 0001:00002eac       ??1?$CComAggObject@VCOPOSPointCardRW@@@ATL@@UAE@XZ 10003eac f i PointCardRW.obj
 0001:00002ed0       ??1?$CComEnumImpl@UIEnumConnectionPoints@@$1?_GUID_b196b285_bab4_101a_b69c_00aa00341d07@@3U__s_GUID@@BPAUIConnectionPoint@@V?$_CopyInterface@UIConnectionPoint@@@ATL@@@ATL@@UAE@XZ 10003ed0 f i PointCardRW.obj
 0001:00002f10       ??1?$CComEnumImpl@UIEnumConnections@@$1?_GUID_b196b287_bab4_101a_b69c_00aa00341d07@@3U__s_GUID@@BUtagCONNECTDATA@@V?$_Copy@UtagCONNECTDATA@@@ATL@@@ATL@@UAE@XZ 10003f10 f i PointCardRW.obj
 0001:00002f50       ??1?$CComObject@V?$CComEnum@UIEnumConnectionPoints@@$1?_GUID_b196b285_bab4_101a_b69c_00aa00341d07@@3U__s_GUID@@BPAUIConnectionPoint@@V?$_CopyInterface@UIConnectionPoint@@@ATL@@VCComSingleThreadModel@6@@ATL@@@ATL@@UAE@XZ 10003f50 f i PointCardRW.obj
 0001:00002f73       ??1?$CComObject@V?$CComEnum@UIEnumConnections@@$1?_GUID_b196b287_bab4_101a_b69c_00aa00341d07@@3U__s_GUID@@BUtagCONNECTDATA@@V?$_Copy@UtagCONNECTDATA@@@ATL@@VCComSingleThreadModel@6@@ATL@@@ATL@@UAE@XZ 10003f73 f i PointCardRW.obj
 0001:00002f96       ??1?$CComObject@VCOPOSPointCardRW@@@ATL@@UAE@XZ 10003f96 f i PointCardRW.obj
 0001:00003054       ??1?$CComObjectCached@VCComClassFactory@ATL@@@ATL@@UAE@XZ 10004054 f i PointCardRW.obj
 0001:0000306a       ??1?$CComObjectRootEx@VCComMultiThreadModel@ATL@@@ATL@@QAE@XZ 1000406a f i PointCardRW.obj
 0001:0000307f       ??1CRegObject@ATL@@UAE@XZ  1000407f f i PointCardRW.obj
 0001:0000309f       ??4?$CComPtr@UIUnknown@@@ATL@@QAEPAUIUnknown@@PAU2@@Z 1000409f f i PointCardRW.obj
 0001:0000309f       ??4?$CComPtr@UIAdviseSink@@@ATL@@QAEPAUIAdviseSink@@PAU2@@Z 1000409f f i PointCardRW.obj
 0001:0000309f       ??4?$CComPtr@UIOleClientSite@@@ATL@@QAEPAUIOleClientSite@@PAU2@@Z 1000409f f i PointCardRW.obj
 0001:000030d3       ??4?$CComQIPtr@UIOleObject@@$1?_GUID_00000112_0000_0000_c000_000000000046@@3U__s_GUID@@B@ATL@@QAEPAUIOleObject@@PAUIUnknown@@@Z 100040d3 f i PointCardRW.obj
 0001:000030f8       ??4?$CComQIPtr@UISpecifyPropertyPages@@$1?_GUID_b196b28b_bab4_101a_b69c_00aa00341d07@@3U__s_GUID@@B@ATL@@QAEPAUISpecifyPropertyPages@@PAUIUnknown@@@Z 100040f8 f i PointCardRW.obj
 0001:0000311d       ??_E?$CComContainedObject@VCOPOSPointCardRW@@@ATL@@UAEPAXI@Z 1000411d f i PointCardRW.obj
 0001:0000311d       ??_G?$CComContainedObject@VCOPOSPointCardRW@@@ATL@@UAEPAXI@Z 1000411d f i PointCardRW.obj
 0001:00003142       ??_G?$CComObject@VCOPOSPointCardRW@@@ATL@@UAEPAXI@Z 10004142 f i PointCardRW.obj
 0001:00003142       ??_E?$CComObject@VCOPOSPointCardRW@@@ATL@@UAEPAXI@Z 10004142 f i PointCardRW.obj
 0001:00003167       ?Add@?$CSimpleArray@GV?$CSimpleArrayEqualHelper@G@ATL@@@ATL@@QAEHABG@Z 10004167 f i PointCardRW.obj
 0001:000031eb       ?Add@?$CSimpleMap@PA_WPA_WVCExpansionVectorEqualHelper@ATL@@@ATL@@QAEHABQA_W0@Z 100041eb f i PointCardRW.obj
 0001:00003240       ?Add@CComDynamicUnkArray@ATL@@QAEKPAUIUnknown@@@Z 10004240 f i PointCardRW.obj
 0001:000032fb       ?Add@CExpansionVector@ATL@@QAEHPB_W0@Z 100042fb f i PointCardRW.obj
 0001:000033ff       ?AddString@CParseBuffer@CRegParser@ATL@@QAEHPB_W@Z 100043ff f i PointCardRW.obj
 0001:00003434       ?AddValue@CRegParser@ATL@@IAEJAAVCRegKey@2@PB_WPA_W@Z 10004434 f i PointCardRW.obj
 0001:00003755       ?Allocate@?$CAtlSafeAllocBufferManager@VCCRTAllocator@ATL@@@_ATL_SAFE_ALLOCA_IMPL@ATL@@QAEPAXK@Z 10004755 f i PointCardRW.obj
 0001:00003782       ?Allocate@?$CTempBuffer@E$0BAA@VCCRTAllocator@ATL@@@ATL@@QAEPAEI@Z 10004782 f i PointCardRW.obj
 0001:000037b1       ?Allocate@?$CTempBuffer@_W$0BAA@VCCRTAllocator@ATL@@@ATL@@QAEPA_WI@Z 100047b1 f i PointCardRW.obj
 0001:000037e0       ?Allocate@?$CTempBuffer@_W$0EAA@VCCRTAllocator@ATL@@@ATL@@QAEPA_WI@Z 100047e0 f i PointCardRW.obj
 0001:0000380f       ?AllocateHeap@?$CTempBuffer@E$0BAA@VCCRTAllocator@ATL@@@ATL@@AAEXI@Z 1000480f f i PointCardRW.obj
 0001:0000380f       ?AllocateHeap@?$CTempBuffer@_W$0BAA@VCCRTAllocator@ATL@@@ATL@@AAEXI@Z 1000480f f i PointCardRW.obj
 0001:0000380f       ?AllocateHeap@?$CTempBuffer@_W$0EAA@VCCRTAllocator@ATL@@@ATL@@AAEXI@Z 1000480f f i PointCardRW.obj
 0001:00003834       ?Append@CParseBuffer@CRegParser@ATL@@QAEHPB_WH@Z 10004834 f i PointCardRW.obj
 0001:000038c2       ?AtlCallTermFunc@ATL@@YGXPAU_ATL_MODULE70@1@@Z 100048c2 f i PointCardRW.obj
 0001:00003906       ?AtlCoTaskMemCAlloc@ATL@@YAPAXKK@Z 10004906 f i PointCardRW.obj
 0001:00003933       ?AtlCoTaskMemRecalloc@ATL@@YAPAXPAXKK@Z 10004933 f i PointCardRW.obj
 0001:00003963       ?AtlComModuleGetClassObject@ATL@@YGJPAU_ATL_COM_MODULE70@1@ABU_GUID@@1PAPAX@Z 10004963 f i PointCardRW.obj
 0001:00003a56       ?AtlComModuleRegisterServer@ATL@@YGJPAU_ATL_COM_MODULE70@1@HPBU_GUID@@@Z 10004a56 f i PointCardRW.obj
 0001:00003ade       ?AtlComModuleUnregisterServer@ATL@@YGJPAU_ATL_COM_MODULE70@1@HPBU_GUID@@@Z 10004ade f i PointCardRW.obj
 0001:00003b66       ?AtlComQIPtrAssign2@ATL@@YAXPAPAUIUnknown@@PAU2@ABU_GUID@@@Z 10004b66 f i PointCardRW.obj
 0001:00003b95       ?AtlCreateTargetDC@ATL@@YGPAUHDC__@@PAU2@PAUtagDVTARGETDEVICE@@@Z 10004b95 f i PointCardRW.obj
 0001:00003bfe       ?AtlCrtErrorCheck@ATL@@YAHH@Z 10004bfe f i PointCardRW.obj
 0001:00003c39       ?AtlHiMetricToPixel@ATL@@YGXPBUtagSIZE@@PAU2@@Z 10004c39 f i PointCardRW.obj
 0001:00003cae       ?AtlHresultFromLastError@ATL@@YAJXZ 10004cae f i PointCardRW.obj
 0001:00003cc5       ?AtlHresultFromWin32@ATL@@YAJK@Z 10004cc5 f i PointCardRW.obj
 0001:00003cda       ?AtlIPersistStreamInit_Load@ATL@@YGJPAUIStream@@PBUATL_PROPMAP_ENTRY@1@PAXPAUIUnknown@@@Z 10004cda f i PointCardRW.obj
 0001:00003eba       ?AtlIPersistStreamInit_Save@ATL@@YGJPAUIStream@@HPBUATL_PROPMAP_ENTRY@1@PAXPAUIUnknown@@@Z 10004eba f i PointCardRW.obj
 0001:00004052       ?AtlInternalOleLoadFromStream@ATL@@YAJPAUIStream@@ABU_GUID@@PAPAXTClassesAllowedInStream@1@K@Z 10005052 f i PointCardRW.obj
 0001:00004178       ?AtlInternalQueryInterface@ATL@@YGJPAXPBU_ATL_INTMAP_ENTRY@1@ABU_GUID@@PAPAX@Z 10005178 f i PointCardRW.obj
 0001:0000421b       ?AtlLoadTypeLib@ATL@@YGJPAUHINSTANCE__@@PB_WPAPA_WPAPAUITypeLib@@@Z 1000521b f i PointCardRW.obj
 0001:000043f9       ?AtlModuleAddTermFunc@ATL@@YGJPAU_ATL_MODULE70@1@P6GXK@ZK@Z 100053f9 f i PointCardRW.obj
 0001:00004456       ?AtlRegisterClassCategoriesHelper@ATL@@YGJABU_GUID@@PBU_ATL_CATMAP_ENTRY@1@H@Z 10005456 f i PointCardRW.obj
 0001:00004736       ?AtlRegisterTypeLib@ATL@@YGJPAUHINSTANCE__@@PB_W@Z 10005736 f i PointCardRW.obj
 0001:000048be       ?AtlThrowImpl@ATL@@YGXJ@Z  100058be f i PointCardRW.obj
 0001:000048dc       ?AtlUnRegisterTypeLib@ATL@@YGJPAUHINSTANCE__@@PB_W@Z 100058dc f i PointCardRW.obj
 0001:00004987       ?AtlWinModuleAddCreateWndData@ATL@@YGXPAU_ATL_WIN_MODULE70@1@PAU_AtlCreateWndData@1@PAX@Z 10005987 f i PointCardRW.obj
 0001:000049db       ?AtlWinModuleExtractCreateWndData@ATL@@YGPAXPAU_ATL_WIN_MODULE70@1@@Z 100059db f i PointCardRW.obj
 0001:00004a3e       ?AtlWinModuleRegisterClassExW@ATL@@YGGPAU_ATL_WIN_MODULE70@1@PBUtagWNDCLASSEXW@@@Z 10005a3e f i PointCardRW.obj
 0001:00004a7d       ?CanForceRemoveKey@CRegParser@ATL@@IAEHPB_W@Z 10005a7d f i PointCardRW.obj
 0001:00004aac       ?ChToByte@CRegParser@ATL@@KAE_W@Z 10005aac f i PointCardRW.obj
 0001:00004adf       ?Cleanup@CComTypeInfoHolder@ATL@@SGXK@Z 10005adf f i PointCardRW.obj
 0001:00004b12       ?ClearReplacements@CExpansionVector@ATL@@QAEJXZ 10005b12 f i PointCardRW.obj
 0001:00004b4f       ?Close@CRegKey@ATL@@QAEJXZ 10005b4f f i PointCardRW.obj
 0001:00004b69       ?CreateInstance@?$CComCreator@V?$CComAggObject@VCOPOSPointCardRW@@@ATL@@@ATL@@SGJPAXABU_GUID@@PAPAX@Z 10005b69 f i PointCardRW.obj
 0001:00004bdf       ?CreateInstance@?$CComCreator@V?$CComObject@VCOPOSPointCardRW@@@ATL@@@ATL@@SGJPAXABU_GUID@@PAPAX@Z 10005bdf f i PointCardRW.obj
 0001:00004c60       ?CreateInstance@?$CComObject@V?$CComEnum@UIEnumConnectionPoints@@$1?_GUID_b196b285_bab4_101a_b69c_00aa00341d07@@3U__s_GUID@@BPAUIConnectionPoint@@V?$_CopyInterface@UIConnectionPoint@@@ATL@@VCComSingleThreadModel@6@@ATL@@@ATL@@SGJPAPAV12@@Z 10005c60 f i PointCardRW.obj
 0001:00004ca7       ?CreateInstance@?$CComObject@V?$CComEnum@UIEnumConnections@@$1?_GUID_b196b287_bab4_101a_b69c_00aa00341d07@@3U__s_GUID@@BUtagCONNECTDATA@@V?$_Copy@UtagCONNECTDATA@@@ATL@@VCComSingleThreadModel@6@@ATL@@@ATL@@SGJPAPAV12@@Z 10005ca7 f i PointCardRW.obj
 0001:00004cee       ?DefaultReflectionHandler@?$CWindowImplRoot@VCWindow@ATL@@@ATL@@SAHPAUHWND__@@IIJAAJ@Z 10005cee f i PointCardRW.obj
 0001:00004d61       ?DeleteSubKey@CRegKey@ATL@@QAEJPB_W@Z 10005d61 f i PointCardRW.obj
 0001:00004dda       ?DoEvent@COPOSPointCardRW@@IAEXIIJ@Z 10005dda f i PointCardRW.obj
 0001:00004e5a       ?DoVerbHide@?$IOleObjectImpl@VCOPOSPointCardRW@@@ATL@@QAEJPBUtagRECT@@PAUHWND__@@@Z 10005e5a f i PointCardRW.obj
 0001:00004e90       ?DoVerbInPlaceActivate@?$IOleObjectImpl@VCOPOSPointCardRW@@@ATL@@QAEJPBUtagRECT@@PAUHWND__@@@Z 10005e90 f i PointCardRW.obj
 0001:00004ec3       ?DoVerbPrimary@?$IOleObjectImpl@VCOPOSPointCardRW@@@ATL@@QAEJPBUtagRECT@@PAUHWND__@@@Z 10005ec3 f i PointCardRW.obj
 0001:00004f4f       ?DoVerbProperties@CComControlBase@ATL@@QAEJPBUtagRECT@@PAUHWND__@@@Z 10005f4f f i PointCardRW.obj
 0001:00005076       ?DoVerbShow@?$IOleObjectImpl@VCOPOSPointCardRW@@@ATL@@QAEJPBUtagRECT@@PAUHWND__@@@Z 10006076 f i PointCardRW.obj
 0001:0000509b       ?DoVerbUIActivate@?$IOleObjectImpl@VCOPOSPointCardRW@@@ATL@@QAEJPBUtagRECT@@PAUHWND__@@@Z 1000609b f i PointCardRW.obj
 0001:000050d8       ?DoesVerbActivate@CComControlBase@ATL@@QAEHJ@Z 100060d8 f i PointCardRW.obj
 0001:000050f9       ?DoesVerbUIActivate@CComControlBase@ATL@@QAEHJ@Z 100060f9 f i PointCardRW.obj
 0001:0000512e       ?EndOfVar@CRegParser@ATL@@IAEHXZ 1000612e f i PointCardRW.obj
 0001:0000514e       ?EscapeSingleQuote@CAtlModule@ATL@@SAXPA_WIPB_W@Z 1000614e f i PointCardRW.obj
 0001:0000519d       ?FindKey@?$CSimpleMap@PA_WPA_WVCExpansionVectorEqualHelper@ATL@@@ATL@@QBEHABQA_W@Z 1000619d f i PointCardRW.obj
 0001:000051d4       ?FireTheEvent@?$CProxy_IOPOSEvents@VCOPOSPointCardRW@@@@IAEXPAVOposVariant@@IAAJPB_WJ@Z 100061d4 f i PointCardRW.obj
 0001:00005266       ?FireViewChange@CComControlBase@ATL@@QAEJXZ 10006266 f i PointCardRW.obj
 0001:000052af       ?Fire_DataEvent@?$CProxy_IOPOSEvents@VCOPOSPointCardRW@@@@QAEXJ@Z 100062af f i PointCardRW.obj
 0001:0000533b       ?Fire_DirectIOEvent@?$CProxy_IOPOSEvents@VCOPOSPointCardRW@@@@QAEXJPAJPAPA_W@Z 1000633b f i PointCardRW.obj
 0001:00005421       ?Fire_ErrorEvent@?$CProxy_IOPOSEvents@VCOPOSPointCardRW@@@@QAEXJJJPAJ@Z 10006421 f i PointCardRW.obj
 0001:00005508       ?Fire_OutputCompleteEvent@?$CProxy_IOPOSEvents@VCOPOSPointCardRW@@@@QAEXJ@Z 10006508 f i PointCardRW.obj
 0001:00005594       ?Fire_StatusUpdateEvent@?$CProxy_IOPOSEvents@VCOPOSPointCardRW@@@@QAEXJ@Z 10006594 f i PointCardRW.obj
 0001:00005620       ?FreeHeap@?$CTempBuffer@E$0BAA@VCCRTAllocator@ATL@@@ATL@@AAEXXZ 10006620 f i PointCardRW.obj
 0001:00005620       ?FreeHeap@?$CTempBuffer@_W$0EAA@VCCRTAllocator@ATL@@@ATL@@AAEXXZ 10006620 f i PointCardRW.obj
 0001:00005620       ?FreeHeap@?$CTempBuffer@_W$0BAA@VCCRTAllocator@ATL@@@ATL@@AAEXXZ 10006620 f i PointCardRW.obj
 0001:00005629       ?GetAmbientLocaleID@CComControlBase@ATL@@QAEJAAK@Z 10006629 f i PointCardRW.obj
 0001:00005685       ?GetAmbientUserMode@CComControlBase@ATL@@QAEJAAH@Z 10006685 f i PointCardRW.obj
 0001:000056f5       ?GetAt@CComDynamicUnkArray@ATL@@QAEPAUIUnknown@@H@Z 100066f5 f i PointCardRW.obj
 0001:00005711       ?GetClassObject@CComModule@ATL@@QAEJABU_GUID@@0PAPAX@Z 10006711 f i PointCardRW.obj
 0001:000057b3       ?GetConnMap@COPOSPointCardRW@@SAPBU_ATL_CONNMAP_ENTRY@ATL@@PAH@Z 100067b3 f i PointCardRW.obj
 0001:00005823       ?GetCookie@CComDynamicUnkArray@ATL@@QAGKPAPAUIUnknown@@@Z 10006823 f i PointCardRW.obj
 0001:0000585b       ?GetIDsOfNames@CComTypeInfoHolder@ATL@@QAEJABU_GUID@@PAPA_WIKPAJ@Z 1000685b f i PointCardRW.obj
 0001:00005969       ?GetKeyAt@?$CSimpleMap@PA_WPA_WVCExpansionVectorEqualHelper@ATL@@@ATL@@QBEAAPA_WH@Z 10006969 f i PointCardRW.obj
 0001:0000598e       ?GetPagesHelper@?$ISpecifyPropertyPagesImpl@VCOPOSPointCardRW@@@ATL@@IAEJPAUtagCAUUID@@PBUATL_PROPMAP_ENTRY@2@@Z 1000698e f i PointCardRW.obj
 0001:00005ab5       ?GetProperty@?$CComPtr@UIDispatch@@@ATL@@SAJPAUIDispatch@@JPAUtagVARIANT@@@Z 10006ab5 f i PointCardRW.obj
 0001:00005b04       ?GetSizeMax@CComVariant@ATL@@QBEJPAT_ULARGE_INTEGER@@@Z 10006b04 f i PointCardRW.obj
 0001:00005cbe       ?GetStreamSize@CComBSTR@ATL@@SAKPA_W@Z 10006cbe f i PointCardRW.obj
 0001:00005cd8       ?GetTI@CComTypeInfoHolder@ATL@@QAEJK@Z 10006cd8 f i PointCardRW.obj
 0001:00005ec1       ?GetTI@CComTypeInfoHolder@ATL@@QAEJKPAPAUITypeInfo@@@Z 10006ec1 f i PointCardRW.obj
 0001:00005f03       ?GetUnknown@CComDynamicUnkArray@ATL@@QAGPAUIUnknown@@K@Z 10006f03 f i PointCardRW.obj
 0001:00005f24       ?GetValueAt@?$CSimpleMap@PA_WPA_WVCExpansionVectorEqualHelper@ATL@@@ATL@@QBEAAPA_WH@Z 10006f24 f i PointCardRW.obj
 0001:00005f4a       ?GetZoomInfo@CComControlBase@ATL@@QAEXAAUATL_DRAWINFO@@@Z 10006f4a f i PointCardRW.obj
 0001:00005fdd       ?HKeyFromString@CRegParser@ATL@@KAPAUHKEY__@@PA_W@Z 10006fdd f i PointCardRW.obj
 0001:0000600b       ?HasSubKeys@CRegParser@ATL@@IAEHPAUHKEY__@@@Z 1000700b f i PointCardRW.obj
 0001:00006040       ?IDataObject_GetData@CComControlBase@ATL@@QAEJPAUtagFORMATETC@@PAUtagSTGMEDIUM@@@Z 10007040 f i PointCardRW.obj
 0001:000061e6       ?IOleInPlaceObject_InPlaceDeactivate@CComControlBase@ATL@@QAEJXZ 100071e6 f i PointCardRW.obj
 0001:0000626d       ?IOleInPlaceObject_SetObjectRects@CComControlBase@ATL@@QAEJPBUtagRECT@@0@Z 1000726d f i PointCardRW.obj
 0001:0000633a       ?IOleInPlaceObject_UIDeactivate@CComControlBase@ATL@@QAEJXZ 1000733a f i PointCardRW.obj
 0001:000063fc       ?IOleObject_Advise@CComControlBase@ATL@@QAEJPAUIAdviseSink@@PAK@Z 100073fc f i PointCardRW.obj
 0001:00006426       ?IOleObject_Close@CComControlBase@ATL@@QAEJK@Z 10007426 f i PointCardRW.obj
 0001:0000650a       ?IOleObject_GetClientSite@CComControlBase@ATL@@QAEJPAPAUIOleClientSite@@@Z 1000750a f i PointCardRW.obj
 0001:00006533       ?IOleObject_SetClientSite@CComControlBase@ATL@@QAEJPAUIOleClientSite@@@Z 10007533 f i PointCardRW.obj
 0001:00006572       ?IOleObject_SetExtent@CComControlBase@ATL@@QAEJKPAUtagSIZE@@@Z 10007572 f i PointCardRW.obj
 0001:00006626       ?IPSI_GetIPersistStreamInit@?$IPersistStorageImpl@VCOPOSPointCardRW@@@ATL@@AAEPAUIPersistStreamInit@@XZ 10007626 f i PointCardRW.obj
 0001:00006668       ?IPersistStreamInit_Load@?$IPersistStreamInitImpl@VCOPOSPointCardRW@@@ATL@@QAEJPAUIStream@@PBUATL_PROPMAP_ENTRY@2@@Z 10007668 f i PointCardRW.obj
 0001:00006694       ?IPersistStreamInit_Save@?$IPersistStreamInitImpl@VCOPOSPointCardRW@@@ATL@@QAEJPAUIStream@@HPBUATL_PROPMAP_ENTRY@2@@Z 10007694 f i PointCardRW.obj
 0001:000066c9       ?IQuickActivate_QuickActivate@CComControlBase@ATL@@QAEJPAUtagQACONTAINER@@PAUtagQACONTROL@@@Z 100076c9 f i PointCardRW.obj
 0001:0000690b       ?IViewObject_Draw@CComControlBase@ATL@@QAEJKJPAXPAUtagDVTARGETDEVICE@@PAUHDC__@@2PBU_RECTL@@3@Z 1000790b f i PointCardRW.obj
 0001:000069b3       ?InPlaceActivate@CComControlBase@ATL@@QAEJJPBUtagRECT@@@Z 100079b3 f i PointCardRW.obj
 0001:00006c24       ?Init@?$CComEnumImpl@UIEnumConnectionPoints@@$1?_GUID_b196b285_bab4_101a_b69c_00aa00341d07@@3U__s_GUID@@BPAUIConnectionPoint@@V?$_CopyInterface@UIConnectionPoint@@@ATL@@@ATL@@QAEJPAPAUIConnectionPoint@@0PAUIUnknown@@W4CComEnumFlags@2@@Z 10007c24 f i PointCardRW.obj
 0001:00006d03       ?Init@?$CComEnumImpl@UIEnumConnections@@$1?_GUID_b196b287_bab4_101a_b69c_00aa00341d07@@3U__s_GUID@@BUtagCONNECTDATA@@V?$_Copy@UtagCONNECTDATA@@@ATL@@@ATL@@QAEJPAUtagCONNECTDATA@@0PAUIUnknown@@W4CComEnumFlags@2@@Z 10007d03 f i PointCardRW.obj
 0001:00006de2       ?Init@CComModule@ATL@@QAEJPAU_ATL_OBJMAP_ENTRY30@2@PAUHINSTANCE__@@PBU_GUID@@@Z 10007de2 f i PointCardRW.obj
 0001:00006e41       ?Init@CDynamicStdCallThunk2@ATL@@QAEHKPAX@Z 10007e41 f i PointCardRW.obj
 0001:00006e6c       ?InlineIsEqualUnknown@ATL@@YGHABU_GUID@@@Z 10007e6c f i PointCardRW.obj
 0001:00006e94       ?InternalGetSite@CComControlBase@ATL@@QAEJABU_GUID@@PAPAX@Z 10007e94 f i PointCardRW.obj
 0001:00006ec2       ?InternalSetAtIndex@?$CSimpleMap@PA_WPA_WVCExpansionVectorEqualHelper@ATL@@@ATL@@QAEXHABQA_W0@Z 10007ec2 f i PointCardRW.obj
 0001:00006eec       ?Invoke@CComTypeInfoHolder@ATL@@QAEJPAUIDispatch@@JABU_GUID@@KGPAUtagDISPPARAMS@@PAUtagVARIANT@@PAUtagEXCEPINFO@@PAI@Z 10007eec f i PointCardRW.obj
 0001:00006f2f       ?IsEqualObject@?$CComPtrBase@UIOleClientSite@@@ATL@@QAE_NPAUIUnknown@@@Z 10007f2f f i PointCardRW.obj
 0001:00006f2f       ?IsEqualObject@?$CComPtrBase@UITypeInfo@@@ATL@@QAE_NPAUIUnknown@@@Z 10007f2f f i PointCardRW.obj
 0001:00006f9c       ?IsSpace@CRegParser@ATL@@IAEH_W@Z 10007f9c f i PointCardRW.obj
 0001:00006fc6       ?LoadNameCache@CComTypeInfoHolder@ATL@@QAEJPAUITypeInfo@@@Z 10007fc6 f i PointCardRW.obj
 0001:00007114       ?Lookup@?$CSimpleMap@PA_WPA_WVCExpansionVectorEqualHelper@ATL@@@ATL@@QBEPA_WABQA_W@Z 10008114 f i PointCardRW.obj
 0001:0000713a       ?NextToken@CRegParser@ATL@@IAEJPA_W@Z 1000813a f i PointCardRW.obj
 0001:00007272       ?OnKillFocus@CComControlBase@ATL@@QAEJIIJAAH@Z 10008272 f i PointCardRW.obj
 0001:000072cd       ?OnMouseActivate@CComControlBase@ATL@@QAEJIIJAAH@Z 100082cd f i PointCardRW.obj
 0001:0000733b       ?OnPaint@CComControlBase@ATL@@QAEJIIJAAH@Z 1000833b f i PointCardRW.obj
 0001:000073ed       ?OnSetFocus@CComControlBase@ATL@@QAEJIIJAAH@Z 100083ed f i PointCardRW.obj
 0001:00007476       ?Open@CRegKey@ATL@@QAEJPAUHKEY__@@PB_WK@Z 10008476 f i PointCardRW.obj
 0001:000074cb       ?PreProcessBuffer@CRegParser@ATL@@QAEJPA_WPAPA_W@Z 100084cb f i PointCardRW.obj
 0001:00007735       ?ProcessWindowMessage@?$CComControl@VCOPOSPointCardRW@@V?$CWindowImpl@VCOPOSPointCardRW@@VCWindow@ATL@@V?$CWinTraits@$0FGAAAAAA@$0A@@3@@ATL@@@ATL@@UAEHPAUHWND__@@IIJAAJK@Z 10008735 f i PointCardRW.obj
 0001:000077d4       ?PutProperty@?$CComPtr@UIDispatch@@@ATL@@SAJPAUIDispatch@@JPAUtagVARIANT@@@Z 100087d4 f i PointCardRW.obj
 0001:00007866       ?ReadFromStream@CComBSTR@ATL@@QAEJPAUIStream@@@Z 10008866 f i PointCardRW.obj
 0001:00007994       ?ReadFromStream@CComVariant@ATL@@QAEJPAUIStream@@GTClassesAllowedInStream@2@K@Z 10008994 f i PointCardRW.obj
 0001:00007b1a       ?RecurseDeleteKey@CRegKey@ATL@@QAEJPB_W@Z 10008b1a f i PointCardRW.obj
 0001:00007bdc       ?RegCreateKeyExW@CAtlTransactionManager@ATL@@QAEJPAUHKEY__@@PB_WKPA_WKKQAU_SECURITY_ATTRIBUTES@@PAPAU3@PAK@Z 10008bdc f i PointCardRW.obj
 0001:00007c3f       ?RegDeleteKeyW@CAtlTransactionManager@ATL@@QAEJPAUHKEY__@@PB_W@Z 10008c3f f i PointCardRW.obj
 0001:00007c91       ?RegOpenKeyExW@CAtlTransactionManager@ATL@@QAEJPAUHKEY__@@PB_WKKPAPAU3@@Z 10008c91 f i PointCardRW.obj
 0001:00007ce8       ?Register@_ATL_WNDCLASSINFOW@ATL@@QAEGPAP6GJPAUHWND__@@IIJ@Z@Z 10008ce8 f i PointCardRW.obj
 0001:00007d08       ?RegisterBuffer@CRegParser@ATL@@QAEJPA_WH@Z 10008d08 f i PointCardRW.obj
 0001:00007e41       ?RegisterFromResource@CRegObject@ATL@@IAEJPB_W00H@Z 10008e41 f i PointCardRW.obj
 0001:00007f77       ?RegisterServer@?$CAtlModuleT@VCComModule@ATL@@@ATL@@QAEJHPBU_GUID@@@Z 10008f77 f i PointCardRW.obj
 0001:00007fa5       ?RegisterServer@CComModule@ATL@@QAEJHPBU_GUID@@@Z 10008fa5 f i PointCardRW.obj
 0001:0000801b       ?RegisterSubkeys@CRegParser@ATL@@IAEJPA_WPAUHKEY__@@HH@Z 1000901b f i PointCardRW.obj
 0001:000085ea       ?Remove@CComDynamicUnkArray@ATL@@QAEHK@Z 100095ea f i PointCardRW.obj
 0001:00008613       ?RemoveAll@?$CSimpleMap@PA_WPA_WVCExpansionVectorEqualHelper@ATL@@@ATL@@QAEXXZ 10009613 f i PointCardRW.obj
 0001:0000863f       ?ResourceRegisterSz@CRegObject@ATL@@QAGJPB_W00@Z 1000963f f i PointCardRW.obj
 0001:0000866c       ?ResourceUnregisterSz@CRegObject@ATL@@QAGJPB_W00@Z 1000966c f i PointCardRW.obj
 0001:00008699       ?SendOnDataChange@CComControlBase@ATL@@QAEJK@Z 10009699 f i PointCardRW.obj
 0001:000086e6       ?SetControlFocus@CComControlBase@ATL@@QAEHH@Z 100096e6 f i PointCardRW.obj
 0001:00008783       ?SetMultiStringValue@CRegKey@ATL@@QAEJPB_W0@Z 10009783 f i PointCardRW.obj
 0001:000087df       ?SetStringValue@CRegKey@ATL@@QAEJPB_W0K@Z 100097df f i PointCardRW.obj
 0001:00008828       ?SkipAssignment@CRegParser@ATL@@IAEJPA_W@Z 10009828 f i PointCardRW.obj
 0001:0000888d       ?SkipWhiteSpace@CRegParser@ATL@@IAEXXZ 1000988d f i PointCardRW.obj
 0001:000088af       ?StrChrW@CRegParser@ATL@@KAPA_WPA_W_W@Z 100098af f i PointCardRW.obj
 0001:000088ec       ?Term@CAtlModule@ATL@@QAEXXZ 100098ec f i PointCardRW.obj
 0001:00008925       ?Term@CComModule@ATL@@QAEXXZ 10009925 f i PointCardRW.obj
 0001:0000897d       ?UnregisterServer@?$CAtlModuleT@VCComModule@ATL@@@ATL@@QAEJHPBU_GUID@@@Z 1000997d f i PointCardRW.obj
 0001:000089a3       ?UnregisterServer@CComModule@ATL@@QAEJHPBU_GUID@@@Z 100099a3 f i PointCardRW.obj
 0001:00008a19       ?UpdateRegistryFromResource@CAtlModule@ATL@@QAGJIHPAU_ATL_REGMAP_ENTRY@2@@Z 10009a19 f i PointCardRW.obj
 0001:00008be4       ?UpdateRegistryFromResource@CAtlModule@ATL@@QAGJPB_WHPAU_ATL_REGMAP_ENTRY@2@@Z 10009be4 f i PointCardRW.obj
 0001:00008db5       ?VTFromRegType@CRegParser@ATL@@KAHPB_WAAG@Z 10009db5 f i PointCardRW.obj
 0001:00008e22       ?WindowProc@?$CWindowImplBaseT@VCWindow@ATL@@V?$CWinTraits@$0FGAAAAAA@$0A@@2@@ATL@@SGJPAUHWND__@@IIJ@Z 10009e22 f i PointCardRW.obj
 0001:00008f14       ?WriteToStream@CComBSTR@ATL@@QAEJPAUIStream@@@Z 10009f14 f i PointCardRW.obj
 0001:00008f6b       ?WriteToStream@CComVariant@ATL@@QAEJPAUIStream@@@Z 10009f6b f i PointCardRW.obj
 0001:000090e5       ?WriteToStream@CComVariant@ATL@@QAEJPAUIStream@@G@Z 1000a0e5 f i PointCardRW.obj
 0001:0000914e       ?_AtlInitialConstruct@?$CComObjectRootEx@VCComMultiThreadModel@ATL@@@ATL@@QAEJXZ 1000a14e f i PointCardRW.obj
 0001:00009163       ?_AtlVerifyStackAvailable@_ATL_SAFE_ALLOCA_IMPL@ATL@@YA_NK@Z 1000a163 f i PointCardRW.obj
 0001:000091e1       ?atlCreate@?$CWindowImpl@VCOPOSPointCardRW@@VCWindow@ATL@@V?$CWinTraits@$0FGAAAAAA@$0A@@3@@ATL@@QAEPAUHWND__@@PAU3@V_U_RECT@2@PB_WKKV_U_MENUorID@2@PAX@Z 1000a1e1 f i PointCardRW.obj
 0001:00009225       ?atlCreate@?$CWindowImplBaseT@VCWindow@ATL@@V?$CWinTraits@$0FGAAAAAA@$0A@@2@@ATL@@QAEPAUHWND__@@PAU3@V_U_RECT@2@PB_WKKV_U_MENUorID@2@GPAX@Z 1000a225 f i PointCardRW.obj
 0001:000092c1       ?atlCreate@CRegKey@ATL@@QAEJPAUHKEY__@@PB_WPA_WKKPAU_SECURITY_ATTRIBUTES@@PAK@Z 1000a2c1 f i PointCardRW.obj
 0001:00009330       ?copy@?$_Copy@UtagCONNECTDATA@@@ATL@@SAJPAUtagCONNECTDATA@@PBU3@@Z 1000a330 f i PointCardRW.obj
 0001:00009366       ?copy@?$_CopyInterface@UIConnectionPoint@@@ATL@@SAJPAPAUIConnectionPoint@@PBQAU3@@Z 1000a366 f i PointCardRW.obj
 0001:00009394       ?memcpy_s@Checked@ATL@@YAXPAXIPBXI@Z 1000a394 f i PointCardRW.obj
 0001:000093b3       ?ocscpy_s@@YA_NPA_WIPB_W@Z 1000a3b3 f i PointCardRW.obj
 0001:000093e2       ?ocslen@@YAHPB_W@Z         1000a3e2 f i PointCardRW.obj
 0001:00009402       ?wcscpy_s@Checked@ATL@@YAXPA_WIPB_W@Z 1000a402 f i PointCardRW.obj
 0001:0000941e       _DllCanUnloadNow@0         1000a41e f   PointCardRW.obj
 0001:0000942a       _DllGetClassObject@12      1000a42a f   PointCardRW.obj
 0001:00009438       _DllMain@12                1000a438 f   PointCardRW.obj
 0001:0000947a       _DllRegisterServer@0       1000a47a f   PointCardRW.obj
 0001:00009489       _DllUnregisterServer@0     1000a489 f   PointCardRW.obj
 0001:00009498       _InlineIsEqualGUID         1000a498 f i PointCardRW.obj
 0001:000094c8       ___local_stdio_printf_options 1000a4c8 f i PointCardRW.obj
 0001:000094ce       __vswprintf_s_l            1000a4ce f i PointCardRW.obj
 0001:0000957b       _swprintf_s                1000a57b f i PointCardRW.obj
 0001:00009597       ??0?$CComControl@VCOPOSPointCardRW@@V?$CWindowImpl@VCOPOSPointCardRW@@VCWindow@ATL@@V?$CWinTraits@$0FGAAAAAA@$0A@@3@@ATL@@@ATL@@QAE@XZ 1000a597 f i PointCardRWImpl.obj
 0001:000095be       ??0?$CProxy_IOPOSEvents@VCOPOSPointCardRW@@@@QAE@XZ 1000a5be f i PointCardRWImpl.obj
 0001:000095e1       ??0CComControlBase@ATL@@QAE@AAPAUHWND__@@@Z 1000a5e1 f i PointCardRWImpl.obj
 0001:0000962b       ??0COPOSPointCardRW@@QAE@XZ 1000a62b f   PointCardRWImpl.obj
 0001:00009661       ??1?$CComControl@VCOPOSPointCardRW@@V?$CWindowImpl@VCOPOSPointCardRW@@VCWindow@ATL@@V?$CWinTraits@$0FGAAAAAA@$0A@@3@@ATL@@@ATL@@UAE@XZ 1000a661 f i PointCardRWImpl.obj
 0001:0000967a       ??1?$IConnectionPointImpl@VCOPOSPointCardRW@@$1?IID_IPropertyNotifySink@@3U_GUID@@BVCComDynamicUnkArray@ATL@@@ATL@@QAE@XZ 1000a67a f i PointCardRWImpl.obj
 0001:0000967a       ??1?$IConnectionPointImpl@VCOPOSPointCardRW@@$1?DIID__IOPOSPointCardRWEvents@@3U_GUID@@BVCComDynamicUnkArray@ATL@@@ATL@@QAE@XZ 1000a67a f i PointCardRWImpl.obj
 0001:000096b7       ??1CComControlBase@ATL@@UAE@XZ 1000a6b7 f i PointCardRWImpl.obj
 0001:0000971a       ??1COPOSPointCardRW@@UAE@XZ 1000a71a f   PointCardRWImpl.obj
 0001:00009762       ??1OposVariantResult@@QAE@XZ 1000a762 f i PointCardRWImpl.obj
 0001:00009783       ??1_CW@@QAE@XZ             1000a783 f i PointCardRWImpl.obj
 0001:0000979c       ?BeginInsertion@COPOSPointCardRW@@UAGJJPAJ@Z 1000a79c f   PointCardRWImpl.obj
 0001:000097eb       ?BeginRemoval@COPOSPointCardRW@@UAGJJPAJ@Z 1000a7eb f   PointCardRWImpl.obj
 0001:0000983a       ?CheckHealth@COPOSPointCardRW@@UAGJJPAJ@Z 1000a83a f   PointCardRWImpl.obj
 0001:00009889       ?ClaimDevice@COPOSPointCardRW@@UAGJJPAJ@Z 1000a889 f   PointCardRWImpl.obj
 0001:000098fe       ?CleanCard@COPOSPointCardRW@@UAGJPAJ@Z 1000a8fe f   PointCardRWImpl.obj
 0001:00009919       ?ClearInput@COPOSPointCardRW@@UAGJPAJ@Z 1000a919 f   PointCardRWImpl.obj
 0001:00009934       ?ClearInputProperties@COPOSPointCardRW@@UAGJPAJ@Z 1000a934 f   PointCardRWImpl.obj
 0001:0000994f       ?ClearOutput@COPOSPointCardRW@@UAGJPAJ@Z 1000a94f f   PointCardRWImpl.obj
 0001:0000996a       ?ClearPrintWrite@COPOSPointCardRW@@UAGJJJJJJPAJ@Z 1000a96a f   PointCardRWImpl.obj
 0001:00009a16       ?Close@COPOSPointCardRW@@UAGJPAJ@Z 1000aa16 f   PointCardRWImpl.obj
 0001:00009a84       ?CompareFirmwareVersion@COPOSPointCardRW@@UAGJPA_WPAJ1@Z 1000aa84 f   PointCardRWImpl.obj
 0001:00009b04       ?DirectIO@COPOSPointCardRW@@UAGJJPAJPAPA_W0@Z 1000ab04 f   PointCardRWImpl.obj
 0001:00009bb2       ?DoInvoke@COPOSPointCardRW@@IAEJJPAVOposVariant@@IHPAJ_N@Z 1000abb2 f   PointCardRWImpl.obj
 0001:00009c74       ?EndInsertion@COPOSPointCardRW@@UAGJPAJ@Z 1000ac74 f   PointCardRWImpl.obj
 0001:00009c8f       ?EndRemoval@COPOSPointCardRW@@UAGJPAJ@Z 1000ac8f f   PointCardRWImpl.obj
 0001:00009caa       ?EventClose@COPOSPointCardRW@@IAEXXZ 1000acaa f i PointCardRWImpl.obj
 0001:00009cdd       ?EventInit@COPOSPointCardRW@@IAEJXZ 1000acdd f i PointCardRWImpl.obj
 0001:00009da9       ?EventUninit@COPOSPointCardRW@@IAEXXZ 1000ada9 f i PointCardRWImpl.obj
 0001:00009dfb       ?EventWindowProc@COPOSPointCardRW@@IAGJIIJ@Z 1000adfb f i PointCardRWImpl.obj
 0001:00009ef9       ?FinalConstruct@COPOSPointCardRW@@QAEJXZ 1000aef9 f   PointCardRWImpl.obj
 0001:00009f32       ?FireEventCleanup@COPOSPointCardRW@@IAEXXZ 1000af32 f i PointCardRWImpl.obj
 0001:00009f48       ?FireEventSetup@COPOSPointCardRW@@IAE_NXZ 1000af48 f i PointCardRWImpl.obj
 0001:00009f7c       ?FreezeEvents@COPOSPointCardRW@@MAGJH@Z 1000af7c f   PointCardRWImpl.obj
 0001:00009fdc       ?GetOposProp@COPOSPointCardRW@@IAEJJPAFJ@Z 1000afdc f   PointCardRWImpl.obj
 0001:00009fff       ?GetOposProp@COPOSPointCardRW@@IAEJJPAJJ@Z 1000afff f   PointCardRWImpl.obj
 0001:0000a0bd       ?GetOposProp@COPOSPointCardRW@@IAEJJPAPA_WJ@Z 1000b0bd f   PointCardRWImpl.obj
 0001:0000a188       ?OnDraw@COPOSPointCardRW@@MAEJAAUATL_DRAWINFO@@@Z 1000b188 f   PointCardRWImpl.obj
 0001:0000a228       ?Open@COPOSPointCardRW@@UAGJPA_WPAJ@Z 1000b228 f   PointCardRWImpl.obj
 0001:0000a9dd       ?PrintWrite@COPOSPointCardRW@@UAGJJJJPA_WPAJ@Z 1000b9dd f   PointCardRWImpl.obj
 0001:0000aa8c       ?ReleaseDevice@COPOSPointCardRW@@UAGJPAJ@Z 1000ba8c f   PointCardRWImpl.obj
 0001:0000aadb       ?ResetStatistics@COPOSPointCardRW@@UAGJPA_WPAJ@Z 1000badb f   PointCardRWImpl.obj
 0001:0000ab32       ?RetrieveStatistics@COPOSPointCardRW@@UAGJPAPA_WPAJ@Z 1000bb32 f   PointCardRWImpl.obj
 0001:0000ab89       ?RotatePrint@COPOSPointCardRW@@UAGJJPAJ@Z 1000bb89 f   PointCardRWImpl.obj
 0001:0000abd8       ?SOProcessID@COPOSPointCardRW@@UAGJPAJ@Z 1000bbd8 f   PointCardRWImpl.obj
 0001:0000abec       ?SetCOFreezeEvents@COPOSPointCardRW@@IAEXF@Z 1000bbec f   PointCardRWImpl.obj
 0001:0000ac77       ?SetOposProp@COPOSPointCardRW@@IAEJJJJ@Z 1000bc77 f   PointCardRWImpl.obj
 0001:0000ad55       ?SetOposProp@COPOSPointCardRW@@IAEJJPA_WJ@Z 1000bd55 f   PointCardRWImpl.obj
 0001:0000ae41       ?UpdateFirmware@COPOSPointCardRW@@UAGJPA_WPAJ@Z 1000be41 f   PointCardRWImpl.obj
 0001:0000ae98       ?UpdateStatistics@COPOSPointCardRW@@UAGJPA_WPAJ@Z 1000be98 f   PointCardRWImpl.obj
 0001:0000aeef       ?ValidateData@COPOSPointCardRW@@UAGJPA_WPAJ@Z 1000beef f   PointCardRWImpl.obj
 0001:0000af46       ?get_BinaryConversion@COPOSPointCardRW@@UAGJPAJ@Z 1000bf46 f   PointCardRWImpl.obj
 0001:0000af5c       ?get_CapBold@COPOSPointCardRW@@UAGJPAF@Z 1000bf5c f   PointCardRWImpl.obj
 0001:0000af75       ?get_CapCardEntranceSensor@COPOSPointCardRW@@UAGJPAF@Z 1000bf75 f   PointCardRWImpl.obj
 0001:0000af8e       ?get_CapCharacterSet@COPOSPointCardRW@@UAGJPAJ@Z 1000bf8e f   PointCardRWImpl.obj
 0001:0000afa7       ?get_CapCleanCard@COPOSPointCardRW@@UAGJPAF@Z 1000bfa7 f   PointCardRWImpl.obj
 0001:0000afc0       ?get_CapClearPrint@COPOSPointCardRW@@UAGJPAF@Z 1000bfc0 f   PointCardRWImpl.obj
 0001:0000afd9       ?get_CapCompareFirmwareVersion@COPOSPointCardRW@@UAGJPAF@Z 1000bfd9 f   PointCardRWImpl.obj
 0001:0000aff2       ?get_CapDhigh@COPOSPointCardRW@@UAGJPAF@Z 1000bff2 f   PointCardRWImpl.obj
 0001:0000b00b       ?get_CapDwide@COPOSPointCardRW@@UAGJPAF@Z 1000c00b f   PointCardRWImpl.obj
 0001:0000b024       ?get_CapDwideDhigh@COPOSPointCardRW@@UAGJPAF@Z 1000c024 f   PointCardRWImpl.obj
 0001:0000b03d       ?get_CapItalic@COPOSPointCardRW@@UAGJPAF@Z 1000c03d f   PointCardRWImpl.obj
 0001:0000b056       ?get_CapLeft90@COPOSPointCardRW@@UAGJPAF@Z 1000c056 f   PointCardRWImpl.obj
 0001:0000b06f       ?get_CapMapCharacterSet@COPOSPointCardRW@@UAGJPAF@Z 1000c06f f   PointCardRWImpl.obj
 0001:0000b088       ?get_CapPowerReporting@COPOSPointCardRW@@UAGJPAJ@Z 1000c088 f   PointCardRWImpl.obj
 0001:0000b0a1       ?get_CapPrint@COPOSPointCardRW@@UAGJPAF@Z 1000c0a1 f   PointCardRWImpl.obj
 0001:0000b0ba       ?get_CapPrintMode@COPOSPointCardRW@@UAGJPAF@Z 1000c0ba f   PointCardRWImpl.obj
 0001:0000b0d3       ?get_CapRight90@COPOSPointCardRW@@UAGJPAF@Z 1000c0d3 f   PointCardRWImpl.obj
 0001:0000b0ec       ?get_CapRotate180@COPOSPointCardRW@@UAGJPAF@Z 1000c0ec f   PointCardRWImpl.obj
 0001:0000b105       ?get_CapStatisticsReporting@COPOSPointCardRW@@UAGJPAF@Z 1000c105 f   PointCardRWImpl.obj
 0001:0000b11e       ?get_CapTracksToRead@COPOSPointCardRW@@UAGJPAJ@Z 1000c11e f   PointCardRWImpl.obj
 0001:0000b137       ?get_CapTracksToWrite@COPOSPointCardRW@@UAGJPAJ@Z 1000c137 f   PointCardRWImpl.obj
 0001:0000b150       ?get_CapUpdateFirmware@COPOSPointCardRW@@UAGJPAF@Z 1000c150 f   PointCardRWImpl.obj
 0001:0000b169       ?get_CapUpdateStatistics@COPOSPointCardRW@@UAGJPAF@Z 1000c169 f   PointCardRWImpl.obj
 0001:0000b182       ?get_CardState@COPOSPointCardRW@@UAGJPAJ@Z 1000c182 f   PointCardRWImpl.obj
 0001:0000b19b       ?get_CharacterSet@COPOSPointCardRW@@UAGJPAJ@Z 1000c19b f   PointCardRWImpl.obj
 0001:0000b1b4       ?get_CharacterSetList@COPOSPointCardRW@@UAGJPAPA_W@Z 1000c1b4 f   PointCardRWImpl.obj
 0001:0000b1cd       ?get_CheckHealthText@COPOSPointCardRW@@UAGJPAPA_W@Z 1000c1cd f   PointCardRWImpl.obj
 0001:0000b1e6       ?get_Claimed@COPOSPointCardRW@@UAGJPAF@Z 1000c1e6 f   PointCardRWImpl.obj
 0001:0000b1fc       ?get_ControlObjectDescription@COPOSPointCardRW@@UAGJPAPA_W@Z 1000c1fc f   PointCardRWImpl.obj
 0001:0000b239       ?get_ControlObjectVersion@COPOSPointCardRW@@UAGJPAJ@Z 1000c239 f   PointCardRWImpl.obj
 0001:0000b24c       ?get_DataCount@COPOSPointCardRW@@UAGJPAJ@Z 1000c24c f   PointCardRWImpl.obj
 0001:0000b262       ?get_DataEventEnabled@COPOSPointCardRW@@UAGJPAF@Z 1000c262 f   PointCardRWImpl.obj
 0001:0000b278       ?get_DeviceDescription@COPOSPointCardRW@@UAGJPAPA_W@Z 1000c278 f   PointCardRWImpl.obj
 0001:0000b291       ?get_DeviceEnabled@COPOSPointCardRW@@UAGJPAF@Z 1000c291 f   PointCardRWImpl.obj
 0001:0000b2a7       ?get_DeviceName@COPOSPointCardRW@@UAGJPAPA_W@Z 1000c2a7 f   PointCardRWImpl.obj
 0001:0000b2c0       ?get_FontTypeFaceList@COPOSPointCardRW@@UAGJPAPA_W@Z 1000c2c0 f   PointCardRWImpl.obj
 0001:0000b2d9       ?get_FreezeEvents@COPOSPointCardRW@@UAGJPAF@Z 1000c2d9 f   PointCardRWImpl.obj
 0001:0000b2ef       ?get_LineChars@COPOSPointCardRW@@UAGJPAJ@Z 1000c2ef f   PointCardRWImpl.obj
 0001:0000b308       ?get_LineCharsList@COPOSPointCardRW@@UAGJPAPA_W@Z 1000c308 f   PointCardRWImpl.obj
 0001:0000b321       ?get_LineHeight@COPOSPointCardRW@@UAGJPAJ@Z 1000c321 f   PointCardRWImpl.obj
 0001:0000b33a       ?get_LineSpacing@COPOSPointCardRW@@UAGJPAJ@Z 1000c33a f   PointCardRWImpl.obj
 0001:0000b353       ?get_LineWidth@COPOSPointCardRW@@UAGJPAJ@Z 1000c353 f   PointCardRWImpl.obj
 0001:0000b36c       ?get_MapCharacterSet@COPOSPointCardRW@@UAGJPAF@Z 1000c36c f   PointCardRWImpl.obj
 0001:0000b385       ?get_MapMode@COPOSPointCardRW@@UAGJPAJ@Z 1000c385 f   PointCardRWImpl.obj
 0001:0000b39e       ?get_MaxLine@COPOSPointCardRW@@UAGJPAJ@Z 1000c39e f   PointCardRWImpl.obj
 0001:0000b3b7       ?get_OpenResult@COPOSPointCardRW@@UAGJPAJ@Z 1000c3b7 f   PointCardRWImpl.obj
 0001:0000b3ce       ?get_OutputID@COPOSPointCardRW@@UAGJPAJ@Z 1000c3ce f   PointCardRWImpl.obj
 0001:0000b3e4       ?get_PowerNotify@COPOSPointCardRW@@UAGJPAJ@Z 1000c3e4 f   PointCardRWImpl.obj
 0001:0000b3fa       ?get_PowerState@COPOSPointCardRW@@UAGJPAJ@Z 1000c3fa f   PointCardRWImpl.obj
 0001:0000b410       ?get_PrintHeight@COPOSPointCardRW@@UAGJPAJ@Z 1000c410 f   PointCardRWImpl.obj
 0001:0000b429       ?get_ReadState1@COPOSPointCardRW@@UAGJPAJ@Z 1000c429 f   PointCardRWImpl.obj
 0001:0000b442       ?get_ReadState2@COPOSPointCardRW@@UAGJPAJ@Z 1000c442 f   PointCardRWImpl.obj
 0001:0000b45b       ?get_RecvLength1@COPOSPointCardRW@@UAGJPAJ@Z 1000c45b f   PointCardRWImpl.obj
 0001:0000b474       ?get_RecvLength2@COPOSPointCardRW@@UAGJPAJ@Z 1000c474 f   PointCardRWImpl.obj
[...]
 0002:00001d7c       ?candidate_modules@?1??try_get_FlsGetValue@@YAP6GPAXK@ZXZ@4QBW4module_id@?A0x5d2a34d3@@B 10020d7c     libvcruntime:winapi_downlevel.obj
 0002:00001d90       ?candidate_modules@?1??try_get_FlsSetValue@@YAP6GHKPAX@ZXZ@4QBW4module_id@?A0x5d2a34d3@@B 10020d90     libvcruntime:winapi_downlevel.obj
 0002:00001da4       ?candidate_modules@?1??try_get_InitializeCriticalSectionEx@@YAP6GHPAU_RTL_CRITICAL_SECTION@@KK@ZXZ@4QBW4module_id@?A0x5d2a34d3@@B 10020da4     libvcruntime:winapi_downlevel.obj
 0002:00001de8       ?tokenTable@@3QBQBDB       10020de8     libvcruntime:undname.obj
 0002:00001e28       ?nameTable@@3QBQBDB        10020e28     libvcruntime:undname.obj
 0002:00001f70       ?rttiTable@@3QBQBDB        10020f70     libvcruntime:undname.obj
 0002:00002588       _errtable                  10021588     libucrt:errno.obj
 0002:00002830       ___acrt_initializers       10021830     libucrt:initialization.obj
 0002:000028a8       _module_names              100218a8     libucrt:winapi_thunks.obj
 0002:00002df0       ?candidate_modules@?1??try_get_FlsAlloc@@YAP6GKP6GXPAX@Z@ZXZ@4QBW4module_id@?A0x352e5c4b@@B 10021df0     libucrt:winapi_thunks.obj
 0002:00002e04       ?candidate_modules@?1??try_get_FlsFree@@YAP6GHK@ZXZ@4QBW4module_id@?A0x352e5c4b@@B 10021e04     libucrt:winapi_thunks.obj
 0002:00002e14       ?candidate_modules@?1??try_get_FlsGetValue@@YAP6GPAXK@ZXZ@4QBW4module_id@?A0x352e5c4b@@B 10021e14     libucrt:winapi_thunks.obj
 0002:00002e28       ?candidate_modules@?1??try_get_FlsSetValue@@YAP6GHKPAX@ZXZ@4QBW4module_id@?A0x352e5c4b@@B 10021e28     libucrt:winapi_thunks.obj
 0002:00002e3c       ?candidate_modules@?1??try_get_GetCurrentPackageId@@YAP6GJPAIPAE@ZXZ@4QBW4module_id@?A0x352e5c4b@@B 10021e3c     libucrt:winapi_thunks.obj
 0002:00002e58       ?candidate_modules@?1??try_get_InitializeCriticalSectionEx@@YAP6GHPAU_RTL_CRITICAL_SECTION@@KK@ZXZ@4QBW4module_id@?A0x352e5c4b@@B 10021e58     libucrt:winapi_thunks.obj
 0002:00002e7c       ?candidate_modules@?1??try_get_LCMapStringEx@@YAP6GHPB_WK0HPA_WHPAU_nlsversioninfo@@PAXJ@ZXZ@4QBW4module_id@?A0x352e5c4b@@B 10021e7c     libucrt:winapi_thunks.obj
 0002:00002e94       ?candidate_modules@?1??try_get_LocaleNameToLCID@@YAP6GKPB_WK@ZXZ@4QBW4module_id@?A0x352e5c4b@@B 10021e94     libucrt:winapi_thunks.obj
 0002:00002eb0       ?candidate_modules@?1??try_get_SetThreadStackGuarantee@@YAP6GHPAK@ZXZ@4QBW4module_id@?A0x352e5c4b@@B 10021eb0     libucrt:winapi_thunks.obj
 0002:000033dc       __mb_locale_names          100223dc     libucrt:mbctype.obj
 0002:00003c28       _LcidToLocaleNameTable     10022c28     libucrt:lcidtoname_downlevel.obj
 0002:00004d50       _LocaleNameToIndexTable    10023d50     libucrt:lcidtoname_downlevel.obj
 0002:00006690       LOG_name                   10025690     libucrt:log10.obj
 0002:000066a0       _One                       100256a0     libucrt:ceil_pentium4.obj
 0002:000066b0       _Bns                       100256b0     libucrt:ceil_pentium4.obj
 0002:000066c0       _Zero                      100256c0     libucrt:ceil_pentium4.obj
 0002:000066d0       _S                         100256d0     libucrt:ceil_pentium4.obj
 0002:000066e0       _NegZero                   100256e0     libucrt:ceil_pentium4.obj
 0002:000066f0       emask                      100256f0     libucrt:log10_pentium4.obj
 0002:00006700       CC                         10025700     libucrt:log10_pentium4.obj
 0002:00006710       Magic                      10025710     libucrt:log10_pentium4.obj
 0002:00006720       hi_mask                    10025720     libucrt:log10_pentium4.obj
 0002:00006730       LOG10_2                    10025730     libucrt:log10_pentium4.obj
 0002:00006740       place_L                    10025740     libucrt:log10_pentium4.obj
 0002:00006760       One                        10025760     libucrt:log10_pentium4.obj
 0002:00006770       Zero                       10025770     libucrt:log10_pentium4.obj
 0002:00006780       Two52                      10025780     libucrt:log10_pentium4.obj
 0002:00006790       Infs                       10025790     libucrt:log10_pentium4.obj
 0002:000067a0       NaN                        100257a0     libucrt:log10_pentium4.obj
 0002:000067b0       coeff                      100257b0     libucrt:log10_pentium4.obj
 0002:0000680e       _log2max                   1002580e     libucrt:87tran.obj
 0002:00006818       _smallarg                  10025818     libucrt:87tran.obj
 0002:00006822       _half                      10025822     libucrt:87tran.obj
 0002:0000686e       One                        1002586e     libucrt:87disp.obj
 0002:00006876       Three                      10025876     libucrt:87disp.obj
 0002:0000687e       XAMtoTagTab                1002587e     libucrt:87disp.obj
 0002:00006890       One                        10025890     libucrt:common.obj
 0002:000068a4       DblMax                     100258a4     libucrt:common.obj
 0002:000068ac       DblMin                     100258ac     libucrt:common.obj
 0002:000068b4       IeeeAdjO                   100258b4     libucrt:common.obj
 0002:000068bc       IeeeAdjU                   100258bc     libucrt:common.obj
 0002:000068c4       _infinity                  100258c4     libucrt:common.obj
 0002:000068cc       _zero                      100258cc     libucrt:common.obj
 0002:00006908       _over                      10025908     libucrt:fpctrl.obj
 0002:00006914       _under                     10025914     libucrt:fpctrl.obj
 0002:000071d8       ?_names@?1??_get_fname@@9@9 100261d8     libucrt:fpexcept.obj
 0002:000079b0       __sehtable$?_AtlVerifyStackAvailable@_ATL_SAFE_ALLOCA_IMPL@ATL@@YA_NK@Z 100269b0     PointCardRW.obj
 0002:000079d0       __sehtable$___scrt_is_nonwritable_in_current_image 100269d0     LIBCMT:utility.obj
 0002:000079ec       __ehfuncinfo$?__scrt_initialize_thread_safe_statics_platform_specific@@YAXXZ 100269ec     LIBCMT:thread_safe_statics.obj
 0002:00007a10       __catchsym$??2@YAPAXIABUnothrow_t@std@@@Z$2 10026a10     LIBCMT:new_scalar_nothrow.obj
 0002:00007a20       __unwindtable$??2@YAPAXIABUnothrow_t@std@@@Z 10026a20     LIBCMT:new_scalar_nothrow.obj
 0002:00007a30       __tryblocktable$??2@YAPAXIABUnothrow_t@std@@@Z 10026a30     LIBCMT:new_scalar_nothrow.obj
 0002:00007a44       __ehfuncinfo$??2@YAPAXIABUnothrow_t@std@@@Z 10026a44     LIBCMT:new_scalar_nothrow.obj
 0002:00007a68       __sehtable$?dllmain_crt_process_attach@@YAHQAUHINSTANCE__@@QAX@Z 10026a68     LIBCMT:dll_dllmain.obj
 0002:00007a88       __sehtable$?dllmain_crt_process_detach@@YAH_N@Z 10026a88     LIBCMT:dll_dllmain.obj
 0002:00007aa8       __sehtable$?dllmain_dispatch@@YAHQAUHINSTANCE__@@KQAX@Z 10026aa8     LIBCMT:dll_dllmain.obj
 0002:00007b58       __sehtable$?FrameUnwindToState@__FrameHandler3@@SAXPAUEHRegistrationNode@@PAXPBU_s_FuncInfo@@H@Z 10026b58     libvcruntime:frame.obj
 0002:00007b80       __sehtable$?CallCatchBlock@@YAPAXPAUEHExceptionRecord@@PAUEHRegistrationNode@@PAU_CONTEXT@@PBU_s_FuncInfo@@PAXHK@Z 10026b80     libvcruntime:frame.obj
 0002:00007ba8       __catchsym$?CallUnexpected@@YAXPBU_s_ESTypeList@@@Z$2 10026ba8     libvcruntime:frame.obj
 0002:00007bb8       __unwindtable$?CallUnexpected@@YAXPBU_s_ESTypeList@@@Z 10026bb8     libvcruntime:frame.obj
 0002:00007bc8       __tryblocktable$?CallUnexpected@@YAXPBU_s_ESTypeList@@@Z 10026bc8     libvcruntime:frame.obj
 0002:00007bdc       __ehfuncinfo$?CallUnexpected@@YAXPBU_s_ESTypeList@@@Z 10026bdc     libvcruntime:frame.obj
 0002:00007c00       __sehtable$??$BuildCatchObjectHelperInternal@V__FrameHandler3@@@@YAHPAUEHExceptionRecord@@PAXPBU_s_HandlerType@@PBU_s_CatchableType@@@Z 10026c00     libvcruntime:frame.obj
 0002:00007c20       __sehtable$??$BuildCatchObjectInternal@V__FrameHandler3@@@@YAXPAUEHExceptionRecord@@PAXPBU_s_HandlerType@@PBU_s_CatchableType@@@Z 10026c20     libvcruntime:frame.obj
 0002:00007c78       __sehtable$___DestructExceptionObject 10026c78     libvcruntime:ehhelpers.obj
 0002:00007c98       __sehtable$?common_exit@@YAXHW4_crt_exit_cleanup_mode@@W4_crt_exit_return_mode@@@Z 10026c98     libucrt:exit.obj
 0002:00007cc0       __sehtable$??$?RV<lambda_800076c951b434888f4765a74a194fcc>@@AAV<lambda_4e60a939b0d047cfe11ddc22648dfba9>@@V<lambda_6dbb1268764f43b569ce7b67e331d33a>@@@?$__crt_seh_guarded_call@H@@QAEH$$QAV<lambda_800076c951b434888f4765a74a194fcc>@@AAV<lambda_4e60a939b0d047cfe11ddc22648dfba9>@@$$QAV<lambda_6dbb1268764f43b569ce7b67e331d33a>@@@Z 10026cc0     libucrt:onexit.obj
 0002:00007ce0       __sehtable$??$?RV<lambda_995298e7d72eb4c2aab26c0585b3abe5>@@AAV<lambda_275893d493268fdec8709772e3fcec0e>@@V<lambda_293819299cbf9a7022e18b56a874bb5c>@@@?$__crt_seh_guarded_call@H@@QAEH$$QAV<lambda_995298e7d72eb4c2aab26c0585b3abe5>@@AAV<lambda_275893d493268fdec8709772e3fcec0e>@@$$QAV<lambda_293819299cbf9a7022e18b56a874bb5c>@@@Z 10026ce0     libucrt:onexit.obj
 0002:00007d00       __sehtable$__query_new_handler 10026d00     libucrt:new_handler.obj
 0002:00007d20       __sehtable$_terminate      10026d20     libucrt:terminate.obj
 0002:00007d40       __sehtable$??$?RV<lambda_9df27f884b057bc3edfc946cb5b7cf47>@@AAV<lambda_e69574bed617af4e071282c136b37893>@@V<lambda_cc0d902bcbbeb830f749456577db4721>@@@?$__crt_seh_guarded_call@X@@QAEX$$QAV<lambda_9df27f884b057bc3edfc946cb5b7cf47>@@AAV<lambda_e69574bed617af4e071282c136b37893>@@$$QAV<lambda_cc0d902bcbbeb830f749456577db4721>@@@Z 10026d40     libucrt:per_thread_data.obj
 0002:00007d60       __sehtable$??$?RV<lambda_3518db117f0e7cdb002338c5d3c47b6c>@@AAV<lambda_b2ea41f6bbb362cd97d94c6828d90b61>@@V<lambda_abdedf541bb04549bc734292b4a045d4>@@@?$__crt_seh_guarded_call@X@@QAEX$$QAV<lambda_3518db117f0e7cdb002338c5d3c47b6c>@@AAV<lambda_b2ea41f6bbb362cd97d94c6828d90b61>@@$$QAV<lambda_abdedf541bb04549bc734292b4a045d4>@@@Z 10026d60     libucrt:per_thread_data.obj
 0002:00007d80       __sehtable$??$?RV<lambda_51b6e8b1eb166f2a3faf91f424b38130>@@AAV<lambda_6250bd4b2a391816dd638c3bf72b0bcb>@@V<lambda_0b5a4a3e68152e1d9b943535f5f47bed>@@@?$__crt_seh_guarded_call@X@@QAEX$$QAV<lambda_51b6e8b1eb166f2a3faf91f424b38130>@@AAV<lambda_6250bd4b2a391816dd638c3bf72b0bcb>@@$$QAV<lambda_0b5a4a3e68152e1d9b943535f5f47bed>@@@Z 10026d80     libucrt:per_thread_data.obj
 0002:00007da0       __sehtable$??$?RV<lambda_5b71d36f03204c0beab531769a5b5694>@@AAV<lambda_be2b3da3f62db62e9dad5dc70221a656>@@V<lambda_8f9ce462984622f9bf76b59e2aaaf805>@@@?$__crt_seh_guarded_call@X@@QAEX$$QAV<lambda_5b71d36f03204c0beab531769a5b5694>@@AAV<lambda_be2b3da3f62db62e9dad5dc70221a656>@@$$QAV<lambda_8f9ce462984622f9bf76b59e2aaaf805>@@@Z 10026da0     libucrt:per_thread_data.obj
 0002:00007dc0       __sehtable$___acrt_uninitialize_locale 10026dc0     libucrt:wsetlocale.obj
 0002:00007de0       __sehtable$___acrt_initialize_lowio 10026de0     libucrt:ioinit.obj
 0002:00007e00       __sehtable$___acrt_update_thread_multibyte_data 10026e00     libucrt:mbctype.obj
 0002:00007e20       __sehtable$??$?RV<lambda_978dc153c237d78434369da87b74ff60>@@AAV<lambda_ad1ced32f4ac17aa236e5ef05d6b3b7c>@@V<lambda_4a8533e2866a575feecb8298ce776b0d>@@@?$__crt_seh_guarded_call@X@@QAEX$$QAV<lambda_978dc153c237d78434369da87b74ff60>@@AAV<lambda_ad1ced32f4ac17aa236e5ef05d6b3b7c>@@$$QAV<lambda_4a8533e2866a575feecb8298ce776b0d>@@@Z 10026e20     libucrt:mbctype.obj
 0002:00007e40       __sehtable$_raise          10026e40     libucrt:signal.obj
 0002:00007e60       __sehtable$??$?RV<lambda_a048d3beccc847880fc8490e18b82769>@@AAV<lambda_ec61778202f4f5fc7e7711acc23c3bca>@@V<lambda_f7496a158712204296dd6628a163878e>@@@?$__crt_seh_guarded_call@P6AXH@Z@@QAEP6AXH@Z$$QAV<lambda_a048d3beccc847880fc8490e18b82769>@@AAV<lambda_ec61778202f4f5fc7e7711acc23c3bca>@@$$QAV<lambda_f7496a158712204296dd6628a163878e>@@@Z 10026e60     libucrt:signal.obj
 0002:00007e80       __sehtable$___acrt_update_thread_locale_data 10026e80     libucrt:locale_refcounting.obj
 0002:00007ea0       __sehtable$__fcloseall     10026ea0     libucrt:closeall.obj
 0002:00007ec0       __sehtable$_common_flush_all 10026ec0     libucrt:fflush.obj
 0002:00007ee8       __sehtable$___acrt_lowio_ensure_fh_exists 10026ee8     libucrt:osfinfo.obj
 0002:00007f08       __sehtable$__write         10026f08     libucrt:write.obj
 0002:00007f28       __sehtable$_fclose         10026f28     libucrt:fclose.obj
 0002:00007f48       __sehtable$??$?RV<lambda_61cee617f5178ae960314fd4d05640a0>@@AAV<lambda_6978c1fb23f02e42e1d9e99668cc68aa>@@V<lambda_9cd88cf8ad10232537feb2133f08c833>@@@?$__crt_seh_guarded_call@H@@QAEH$$QAV<lambda_61cee617f5178ae960314fd4d05640a0>@@AAV<lambda_6978c1fb23f02e42e1d9e99668cc68aa>@@$$QAV<lambda_9cd88cf8ad10232537feb2133f08c833>@@@Z 10026f48     libucrt:commit.obj
 0002:00007f68       __sehtable$??$?RV<lambda_123407a5e2ac06da108355a851863b7a>@@AAV<lambda_2fe9b910cf3cbf4a0ab98a02ba45b3ec>@@V<lambda_ae55bdf541ad94d75914d381c370e64d>@@@?$__crt_seh_guarded_call@H@@QAEH$$QAV<lambda_123407a5e2ac06da108355a851863b7a>@@AAV<lambda_2fe9b910cf3cbf4a0ab98a02ba45b3ec>@@$$QAV<lambda_ae55bdf541ad94d75914d381c370e64d>@@@Z 10026f68     libucrt:close.obj
 0002:00007f88       __sehtable$__IsNonwritableInCurrentImage 10026f88     LIBCMT:pesect.obj
 0002:00007fb0       .edata                     10026fb0     OPOSPointCardRW.exp
 0002:00007fd8       rgpv                       10026fd8     OPOSPointCardRW.exp
 0002:00007fe8       rgszName                   10026fe8     OPOSPointCardRW.exp
 0002:00007ff8       rgwOrd                     10026ff8     OPOSPointCardRW.exp
 0002:00008000       szName                     10027000     OPOSPointCardRW.exp
 0002:00008014       $N00001                    10027014     OPOSPointCardRW.exp
 0002:00008024       $N00002                    10027024     OPOSPointCardRW.exp
 0002:00008036       $N00003                    10027036     OPOSPointCardRW.exp
 0002:00008048       $N00004                    10027048     OPOSPointCardRW.exp
 0002:0000865a       .idata$6                   1002765a     kernel32:KERNEL32.dll
 0002:0000886e       .idata$6                   1002786e     user32:USER32.dll
 0002:000089a2       .idata$6                   100279a2     gdi32:GDI32.dll
 0002:00008a48       .idata$6                   10027a48     advapi32:ADVAPI32.dll
 0002:00008b64       .idata$6                   10027b64     ole32:ole32.dll
 0002:00008b6e       .idata$6                   10027b6e     oleaut32:OLEAUT32.dll
 0003:00000110       ?ObjectMap@@3PAU_ATL_OBJMAP_ENTRY30@ATL@@A 10028110     PointCardRW.obj
 0003:000001c0       ?s_SOMethodNames@@3PAPADA  100281c0     PointCardRWImpl.obj
 0003:00000234       ?s_RequiredMethodsPerRelease@@3PAHA 10028234     PointCardRWImpl.obj
 0003:00000270       ?__vcrt_flsindex@@3KA      10028270     libvcruntime:per_thread_data.obj
 0003:00000290       _errno_no_memory           10028290     libucrt:errno.obj
 0003:00000294       _doserrno_no_memory        10028294     libucrt:errno.obj
 0003:000002a0       ___acrt_flsindex           100282a0     libucrt:per_thread_data.obj
 0003:00000414       ___rgctypeflag             10028414     libucrt:mbctype.obj
 0003:00000418       ___rgcode_page_info        10028418     libucrt:mbctype.obj
 0003:00000b38       ?is_initialized_as_dll@@3_NA 10028b38     LIBCMT:utility.obj
 0003:00000b39       ?module_local_atexit_table_initialized@@3_NA 10028b39     LIBCMT:utility.obj
 0003:00000b3c       ?module_local_atexit_table@@3U_onexit_table_t@@A 10028b3c     LIBCMT:utility.obj
 0003:00000b48       ?module_local_at_quick_exit_table@@3U_onexit_table_t@@A 10028b48     LIBCMT:utility.obj
 0003:00000b54       ?_Tss_mutex@@3U_RTL_CRITICAL_SECTION@@A 10028b54     LIBCMT:thread_safe_statics.obj
 0003:00000b6c       ?_Tss_cv@@3U_RTL_CONDITION_VARIABLE@@A 10028b6c     LIBCMT:thread_safe_statics.obj
 0003:00000b70       ?_Tss_event@@3PAXA         10028b70     LIBCMT:thread_safe_statics.obj
 0003:00000b74       ?encoded_sleep_condition_variable_cs@@3P6GHPAU_RTL_CONDITION_VARIABLE@@PAU_RTL_CRITICAL_SECTION@@K@ZA 10028b74     LIBCMT:thread_safe_statics.obj
 0003:00000b78       ?encoded_wake_all_condition_variable@@3P6GXPAU_RTL_CONDITION_VARIABLE@@@ZA 10028b78     LIBCMT:thread_safe_statics.obj
 0003:00000b80       _GS_ExceptionRecord        10028b80     LIBCMT:gs_report.obj
 0003:00000bd0       _GS_ContextRecord          10028bd0     LIBCMT:gs_report.obj
 0003:00000ea0       ?__proc_attached@@3HA      10028ea0     LIBCMT:dll_dllmain.obj
 0003:00000efc       ?AllocateData@@3P6GPAUAtlThunkData_t@@XZA 10028efc     atls:atlthunk.obj
 0003:00000f00       ?InitData@@3P6GXPAUAtlThunkData_t@@PAXI@ZA 10028f00     atls:atlthunk.obj
 0003:00000f04       ?DataToCode@@3P6GP6GJPAUHWND__@@IIJ@ZPAUAtlThunkData_t@@@ZA 10028f04     atls:atlthunk.obj
 0003:00000f08       ?FreeData@@3P6GXPAUAtlThunkData_t@@@ZA 10028f08     atls:atlthunk.obj
 0003:00000f0c       ?Initialized@@3_NA         10028f0c     atls:atlthunk.obj
 0003:00000f18       ?__vcrt_startup_thread_ptd@@3U__vcrt_ptd@@A 10028f18     libvcruntime:per_thread_data.obj
 0003:00000f40       ___vcrt_lock_table         10028f40     libvcruntime:locks.obj
 0003:00000f58       ___vcrt_locks_initialized  10028f58     libvcruntime:locks.obj
 0003:00000f5c       ?module_handles@@3PAPAUHINSTANCE__@@A 10028f5c     libvcruntime:winapi_downlevel.obj
 0003:00000f68       ?encoded_function_pointers@@3PAPAXA 10028f68     libvcruntime:winapi_downlevel.obj
 0003:00000fa4       ?heap@@3V_HeapManager@@A   10028fa4     libvcruntime:undname.obj
 0003:00000fbc       ___acrt_invalid_parameter_handler 10028fbc     libucrt:invalid_parameter.obj
 0003:00000fc0       _c_termination_complete    10028fc0     libucrt:exit.obj
 0003:00000fc4       _thread_local_exit_callback_func 10028fc4     libucrt:exit.obj
 0003:00000fc8       ?c_exit_complete@?5??common_exit@@YAXHW4_crt_exit_cleanup_mode@@W4_crt_exit_return_mode@@@Z@4_NA 10028fc8     libucrt:exit.obj
 0003:00000fd0       ?program_name@?5???$common_configure_argv@D@@YAHW4_crt_argv_mode@@@Z@4PADA 10028fd0     libucrt:argv_parsing.obj
 0003:00001100       ___acrt_new_handler        10029100     libucrt:new_handler.obj
 0003:00001108       _module_handles            10029108     libucrt:winapi_thunks.obj
 0003:00001158       _encoded_function_pointers 10029158     libucrt:winapi_thunks.obj
 0003:000011d8       ?state_cache@?1??__acrt_is_packaged_app@@9@4JA 100291d8     libucrt:winapi_thunks.obj
 0003:000011e4       _enable_percent_n          100291e4     libucrt:printf_count_output.obj
 0003:00001400       ___acrt_lock_table         10029400     libucrt:locks.obj
 0003:00001538       ___acrt_locks_initialized  10029538     libucrt:locks.obj
 0003:00001554       _fSystemSet                10029554     libucrt:mbctype.obj
 0003:00001558       ?initialized@?1??__acrt_initialize_multibyte@@9@4_NA 10029558     libucrt:mbctype.obj
 0003:00001578       _ctrlc_action              10029578     libucrt:signal.obj
 0003:0000157c       _ctrlbreak_action          1002957c     libucrt:signal.obj
 0003:00001580       _abort_action              10029580     libucrt:signal.obj
 0003:00001584       _term_action               10029584     libucrt:signal.obj
 0003:00001588       _user_matherr              10029588     libucrt:matherr.obj
 0003:0000158c       ___acrt_global_new_mode    1002958c     libucrt:new_mode.obj
 0003:00001598       ___acrt_app_type           10029598     libucrt:report_runtime_error.obj
 0003:000015a0       __pmatherr_set             100295a0     libucrt:libm_error.obj
 0004:00000220       $R000000                   1002a220     PointCardRW.res
 0004:00000b98       $R000978                   1002ab98     PointCardRW.res
 0004:00000c80       $R000A60                   1002ac80     PointCardRW.res
 0004:00000ee8       $R000CC8                   1002aee8     PointCardRW.res
 0004:00001418       $R0011F8                   1002b418     PointCardRW.res
 0004:00005de0       $R005BC0                   1002fde0     PointCardRW.res
 0004:00005e18       $R005BF8                   1002fe18     PointCardRW.res
