 OPOSMSR

 Timestamp is 5b863e3f (Wed Aug 29 15:33:35 2018)

 Preferred load address is 10000000

 Start         Length     Name                   Class
 0001:00000000 00000080H .text$di                CODE
 0001:00000080 0001d78bH .text$mn                CODE
 0001:0001d80b 00000051H .text$x                 CODE
 0001:0001d85c 00000042H .text$yd                CODE
 0002:00000000 00000300H .idata$5                DATA
 0002:00000300 00000004H .00cfg                  DATA
 0002:00000304 00000004H .CRT$XCA                DATA
 0002:00000308 00000004H .CRT$XCL                DATA
 0002:0000030c 00000010H .CRT$XCU                DATA
 0002:0000031c 00000004H .CRT$XCZ                DATA
 0002:00000320 00000004H .CRT$XIA                DATA
 0002:00000324 00000010H .CRT$XIC                DATA
 0002:00000334 00000004H .CRT$XIZ                DATA
 0002:00000338 00000004H .CRT$XLA                DATA
 0002:0000033c 00000004H .CRT$XLZ                DATA
 0002:00000340 00000004H .CRT$XPA                DATA
 0002:00000344 00000008H .CRT$XPX                DATA
 0002:0000034c 00000004H .CRT$XPXA               DATA
 0002:00000350 00000004H .CRT$XPZ                DATA
 0002:00000354 00000004H .CRT$XTA                DATA
 0002:00000358 00000008H .CRT$XTZ                DATA
 0002:0000035c 00000000H .gfids$y                DATA
 0002:00000360 00006f98H .rdata                  DATA
 0002:000072f8 00000018H .rdata$T                DATA
 0002:00007310 00000180H .rdata$r                DATA
 0002:00007490 00000020H .rdata$sxdata           DATA
 0002:000074b0 000003d8H .rdata$zzzdbg           DATA
 0002:00007888 00000004H .rtc$IAA                DATA
 0002:0000788c 00000004H .rtc$IZZ                DATA
 0002:00007890 00000004H .rtc$TAA                DATA
 0002:00007894 00000004H .rtc$TZZ                DATA
 0002:00007898 00000004H .tls                    DATA
 0002:0000789c 00000004H .tls$                   DATA
 0002:000078a0 00000008H .tls$ZZZ                DATA
 0002:000078a8 00000624H .xdata$x                DATA
 0002:00007ecc 00000004H ATL$__a                 DATA
 0002:00007ed0 00000010H ATL$__z                 DATA
 0002:00007ee0 000000a4H .edata                  DATA
 0002:00007f84 00000078H .idata$2                DATA
 0002:00007ffc 00000014H .idata$3                DATA
 0002:00008010 00000300H .idata$4                DATA
 0002:00008310 00000bc0H .idata$6                DATA
 0003:00000000 000009b0H .data                   DATA
 0003:000009b0 00000098H .data$r                 DATA
 0003:00000a48 00000b68H .bss                    DATA
 0004:00000000 00000220H .rsrc$01                DATA
 0004:00000220 00005b08H .rsrc$02                DATA

  Address         Publics by Value              Rva+Base       Lib:Object

 0000:00000000       ___guard_fids_count        00000000     <absolute>
 0000:00000000       ___hybrid_code_map_count   00000000     <absolute>
 0000:00000000       ___hybrid_auxiliary_iat    00000000     <absolute>
 0000:00000000       ___guard_iat_count         00000000     <absolute>
 0000:00000000       ___guard_fids_table        00000000     <absolute>
 0000:00000000       ___guard_longjmp_table     00000000     <absolute>
 0000:00000000       ___volatile_metadata       00000000     <absolute>
 0000:00000000       ___guard_iat_table         00000000     <absolute>
 0000:00000000       ___dynamic_value_reloc_table 00000000     <absolute>
 0000:00000000       __except_list              00000000     <absolute>
 0000:00000000       ___guard_longjmp_count     00000000     <absolute>
 0000:00000000       ___enclave_config          00000000     <absolute>
 0000:00000000       ___hybrid_code_map         00000000     <absolute>
 0000:00000008       ___safe_se_handler_count   00000008     <absolute>
 0000:0000002c       __tls_array                0000002c     <absolute>
 0000:00000100       ___guard_flags             00000100     <absolute>
 0000:00000000       ___ImageBase               10000000     <linker-defined>
 0001:00000080       ?DupWide@_CW@@AAEXXZ       10001080 f   CWString.obj
 0001:0000009c       ?cw_dup@@YGXPBDAAHAAPA_W1@Z 1000109c f   CWString.obj
 0001:0000010b       ?cw_memcpy@@YGHPA_WPBDH@Z  1000110b f   CWString.obj
 0001:00000137       ?cw_strcpy@@YAHPA_WPBD@Z   10001137 f   CWString.obj
 0001:0000014a       ?cw_strlen@@YAHPBD@Z       1000114a f   CWString.obj
 0001:00000163       ??0CAtlComModule@ATL@@QAE@XZ 10001163 f i OposVariant.obj
 0001:000001a8       ??0CAtlWinModule@ATL@@QAE@XZ 100011a8 f i OposVariant.obj
 0001:000001df       ??0OposDispParms@@QAE@PAVOposVariant@@H@Z 100011df f   OposVariant.obj
 0001:00000250       ??1OposDispParms@@QAE@XZ   10001250 f   OposVariant.obj
 0001:0000025e       ??A?$CSimpleArray@GV?$CSimpleArrayEqualHelper@G@ATL@@@ATL@@QAEAAGH@Z 1000125e f i OposVariant.obj
 0001:00000283       ??_Estringdispid@CComTypeInfoHolder@ATL@@QAEPAXI@Z 10001283 f i OposVariant.obj
 0001:000002ef       ?AtlWinModuleInit@ATL@@YGJPAU_ATL_WIN_MODULE70@1@@Z 100012ef f i OposVariant.obj
 0001:00000315       ?AtlWinModuleTerm@ATL@@YGJPAU_ATL_WIN_MODULE70@1@PAUHINSTANCE__@@@Z 10001315 f i OposVariant.obj
 0001:00000378       ?ChangeBSTR@OposVariant@@QAEXPAPA_WAAJ@Z 10001378 f   OposVariant.obj
 0001:000003b9       ?ChangeLONG@OposVariant@@QAEXPAJAAJ@Z 100013b9 f   OposVariant.obj
 0001:000003fa       ?GetLONG@OposVariant@@QAEJXZ 100013fa f   OposVariant.obj
 0001:00000415       ?Init@CComCriticalSection@ATL@@QAEJXZ 10001415 f i OposVariant.obj
 0001:0000043c       ?RemoveAll@?$CSimpleArray@GV?$CSimpleArrayEqualHelper@G@ATL@@@ATL@@QAEXXZ 1000143c f i OposVariant.obj
 0001:0000043c       ?RemoveAll@?$CSimpleArray@PAUHINSTANCE__@@V?$CSimpleArrayEqualHelper@PAUHINSTANCE__@@@ATL@@@ATL@@QAEXXZ 1000143c f i atls:atlbase.obj
 0001:00000459       ?SetBSTR@OposVariant@@QAEXPA_WAAJ@Z 10001459 f   OposVariant.obj
 0001:0000048d       ?SetBSTR_Copy@OposVariant@@QAEXPA_WAAJ@Z 1000148d f   OposVariant.obj
 0001:000004dd       ?SetBSTR_InOutPtr@OposVariant@@QAE_NPAPA_WAAJ@Z 100014dd f   OposVariant.obj
 0001:00000514       ?SetBSTR_OutPtr@OposVariant@@QAE_NPAPA_WAAJ@Z 10001514 f   OposVariant.obj
 0001:00000530       ?SetDispatch_Ptr@OposVariant@@QAEXPAUIDispatch@@AAJ@Z 10001530 f   OposVariant.obj
 0001:0000056b       ?SetLONG@OposVariant@@QAEXJ@Z 1000156b f   OposVariant.obj
 0001:0000058d       ?SetLONG_Ptr@OposVariant@@QAEXPAJAAJ@Z 1000158d f   OposVariant.obj
 0001:000005c0       ?SetString@OposVariant@@QAEXPB_WAAJ@Z 100015c0 f   OposVariant.obj
 0001:00000606       ?SetVARIANT@OposVariant@@QAEXAAUtagVARIANT@@GAAJ@Z 10001606 f   OposVariant.obj
 0001:0000064d       ?SetVARIANT_BOOL@OposVariant@@QAEXF@Z 1000164d f   OposVariant.obj
 0001:00000677       ?Term@CAtlComModule@ATL@@QAEXXZ 10001677 f i OposVariant.obj
 0001:000006c1       ?_AtlRaiseException@ATL@@YAXKK@Z 100016c1 f i OposVariant.obj
 0001:000006d6       ?SetClientSite@?$IOleObjectImpl@VCOPOSMSR@@@ATL@@UAGJPAUIOleClientSite@@@Z 100016d6 f i MSR.obj
 0001:000006f3       ?GetClientSite@?$IOleObjectImpl@VCOPOSMSR@@@ATL@@UAGJPAPAUIOleClientSite@@@Z 100016f3 f i MSR.obj
 0001:00000710       ?SetHostNames@?$IOleObjectImpl@VCOPOSMSR@@@ATL@@UAGJPB_W0@Z 10001710 f i MSR.obj
 0001:00000715       ?Close@?$IOleObjectImpl@VCOPOSMSR@@@ATL@@UAGJK@Z 10001715 f i MSR.obj
 0001:00000732       ?GetCanonicalFormatEtc@?$IDataObjectImpl@VCOPOSMSR@@@ATL@@UAGJPAUtagFORMATETC@@0@Z 10001732 f i MSR.obj
 0001:00000732       ?GetDataHere@?$IDataObjectImpl@VCOPOSMSR@@@ATL@@UAGJPAUtagFORMATETC@@PAUtagSTGMEDIUM@@@Z 10001732 f i MSR.obj
 0001:00000732       ?EnumFormatEtc@?$IDataObjectImpl@VCOPOSMSR@@@ATL@@UAGJKPAPAUIEnumFORMATETC@@@Z 10001732 f i MSR.obj
 0001:00000732       ?QueryInterface@CRegObject@ATL@@UAGJABU_GUID@@PAPAX@Z 10001732 f i MSR.obj
 0001:00000732       ?GetClipboardData@?$IOleObjectImpl@VCOPOSMSR@@@ATL@@UAGJKPAPAUIDataObject@@@Z 10001732 f i MSR.obj
 0001:00000732       ?GetRect@?$IViewObjectExImpl@VCOPOSMSR@@@ATL@@UAGJKPAU_RECTL@@@Z 10001732 f i MSR.obj
 0001:00000732       ?SetMoniker@?$IOleObjectImpl@VCOPOSMSR@@@ATL@@UAGJKPAUIMoniker@@@Z 10001732 f i MSR.obj
 0001:0000073a       ?InitFromData@?$IOleObjectImpl@VCOPOSMSR@@@ATL@@UAGJPAUIDataObject@@HK@Z 1000173a f i MSR.obj
 0001:0000073a       ?GetMoniker@?$IOleObjectImpl@VCOPOSMSR@@@ATL@@UAGJKKPAPAUIMoniker@@@Z 1000173a f i MSR.obj
 0001:0000073a       ?SetData@?$IDataObjectImpl@VCOPOSMSR@@@ATL@@UAGJPAUtagFORMATETC@@PAUtagSTGMEDIUM@@H@Z 1000173a f i MSR.obj
 0001:00000742       ?DoVerb@?$IOleObjectImpl@VCOPOSMSR@@@ATL@@UAGJJPAUtagMSG@@PAUIOleClientSite@@JPAUHWND__@@PBUtagRECT@@@Z 10001742 f i MSR.obj
 0001:0000085a       ?EnumVerbs@?$IOleObjectImpl@VCOPOSMSR@@@ATL@@UAGJPAPAUIEnumOLEVERB@@@Z 1000185a f i MSR.obj
 0001:0000087c       ?IsUpToDate@?$IOleObjectImpl@VCOPOSMSR@@@ATL@@UAGJXZ 1000187c f i MSR.obj
 0001:0000087c       ?Update@?$IOleObjectImpl@VCOPOSMSR@@@ATL@@UAGJXZ 1000187c f i MSR.obj
 0001:0000087c       ?HandsOffStorage@?$IPersistStorageImpl@VCOPOSMSR@@@ATL@@UAGJXZ 1000187c f i MSR.obj
 0001:0000087c       ?Release@CRegObject@ATL@@UAGKXZ 1000187c f i MSR.obj
 0001:00000881       ?GetUserClassID@?$IOleObjectImpl@VCOPOSMSR@@@ATL@@UAGJPAU_GUID@@@Z 10001881 f i MSR.obj
 0001:00000881       ?GetClassID@?$IPersistStreamInitImpl@VCOPOSMSR@@@ATL@@UAGJPAU_GUID@@@Z 10001881 f i MSR.obj
 0001:00000881       ?GetClassID@?$IPersistStorageImpl@VCOPOSMSR@@@ATL@@UAGJPAU_GUID@@@Z 10001881 f i MSR.obj
 0001:000008a5       ?GetUserType@?$IOleObjectImpl@VCOPOSMSR@@@ATL@@UAGJKPAPA_W@Z 100018a5 f i MSR.obj
 0001:000008bd       ?SetExtent@?$IOleObjectImpl@VCOPOSMSR@@@ATL@@UAGJKPAUtagSIZE@@@Z 100018bd f i MSR.obj
 0001:000008dd       ?GetExtent@?$IOleObjectImpl@VCOPOSMSR@@@ATL@@UAGJKPAUtagSIZE@@@Z 100018dd f i MSR.obj
 0001:0000091b       ?Advise@?$IOleObjectImpl@VCOPOSMSR@@@ATL@@UAGJPAUIAdviseSink@@PAK@Z 1000191b f i MSR.obj
 0001:0000093b       ?Unadvise@?$IOleObjectImpl@VCOPOSMSR@@@ATL@@UAGJK@Z 1000193b f i MSR.obj
 0001:0000096a       ?EnumAdvise@?$IOleObjectImpl@VCOPOSMSR@@@ATL@@UAGJPAPAUIEnumSTATDATA@@@Z 1000196a f i MSR.obj
 0001:000009aa       ?GetMiscStatus@?$IOleObjectImpl@VCOPOSMSR@@@ATL@@UAGJKPAK@Z 100019aa f i MSR.obj
 0001:000009c2       ?GetDropTarget@?$IOleInPlaceObjectWindowlessImpl@VCOPOSMSR@@@ATL@@UAGJPAPAUIDropTarget@@@Z 100019c2 f i MSR.obj
 0001:000009c2       ?ContextSensitiveHelp@?$IOleInPlaceObjectWindowlessImpl@VCOPOSMSR@@@ATL@@UAGJH@Z 100019c2 f i MSR.obj
 0001:000009c2       ?QueryGetData@?$IDataObjectImpl@VCOPOSMSR@@@ATL@@UAGJPAUtagFORMATETC@@@Z 100019c2 f i MSR.obj
 0001:000009c2       ?SOOutputCompleteDummy@COPOSMSR@@MAGJJ@Z 100019c2 f i MSR.obj
 0001:000009c2       ?GetControlInfo@?$IOleControlImpl@VCOPOSMSR@@@ATL@@UAGJPAUtagCONTROLINFO@@@Z 100019c2 f i MSR.obj
 0001:000009c2       ?OnMnemonic@?$IOleControlImpl@VCOPOSMSR@@@ATL@@UAGJPAUtagMSG@@@Z 100019c2 f i MSR.obj
 0001:000009c2       ?SetColorScheme@?$IOleObjectImpl@VCOPOSMSR@@@ATL@@UAGJPAUtagLOGPALETTE@@@Z 100019c2 f i MSR.obj
 0001:000009c2       ?Unfreeze@?$IViewObjectExImpl@VCOPOSMSR@@@ATL@@UAGJK@Z 100019c2 f i MSR.obj
 0001:000009c2       ?ContextSensitiveHelp@?$IOleInPlaceActiveObjectImpl@VCOPOSMSR@@@ATL@@UAGJH@Z 100019c2 f i MSR.obj
 0001:000009ca       ?GetWindow@?$IOleInPlaceActiveObjectImpl@VCOPOSMSR@@@ATL@@UAGJPAPAUHWND__@@@Z 100019ca f i MSR.obj
 0001:00000a17       ?TranslateAcceleratorW@?$IOleInPlaceActiveObjectImpl@VCOPOSMSR@@@ATL@@UAGJPAUtagMSG@@@Z 10001a17 f i MSR.obj
 0001:00000ab5       ?SaveCompleted@?$IPersistStorageImpl@VCOPOSMSR@@@ATL@@UAGJPAUIStorage@@@Z 10001ab5 f i MSR.obj
 0001:00000ab5       ?OnFrameWindowActivate@?$IOleInPlaceActiveObjectImpl@VCOPOSMSR@@@ATL@@UAGJH@Z 10001ab5 f i MSR.obj
 0001:00000ab5       ?OnAmbientPropertyChange@?$IOleControlImpl@VCOPOSMSR@@@ATL@@UAGJJ@Z 10001ab5 f i MSR.obj
 0001:00000ab5       ?EnableModeless@?$IOleInPlaceActiveObjectImpl@VCOPOSMSR@@@ATL@@UAGJH@Z 10001ab5 f i MSR.obj
 0001:00000aba       ?OnDocWindowActivate@?$IOleInPlaceActiveObjectImpl@VCOPOSMSR@@@ATL@@UAGJH@Z 10001aba f i MSR.obj
 0001:00000adc       ?ResizeBorder@?$IOleInPlaceActiveObjectImpl@VCOPOSMSR@@@ATL@@UAGJPBUtagRECT@@PAUIOleInPlaceUIWindow@@H@Z 10001adc f i MSR.obj
 0001:00000ae1       ?Draw@?$IViewObjectExImpl@VCOPOSMSR@@@ATL@@UAGJKJPAXPAUtagDVTARGETDEVICE@@PAUHDC__@@2PBU_RECTL@@3P6GHK@ZK@Z 10001ae1 f i MSR.obj
 0001:00000b13       ?GetColorSet@?$IViewObjectExImpl@VCOPOSMSR@@@ATL@@UAGJKJPAXPAUtagDVTARGETDEVICE@@PAUHDC__@@PAPAUtagLOGPALETTE@@@Z 10001b13 f i MSR.obj
 0001:00000b1b       ?Freeze@?$IViewObjectExImpl@VCOPOSMSR@@@ATL@@UAGJKJPAXPAK@Z 10001b1b f i MSR.obj
 0001:00000b23       ?SetAdvise@?$IViewObjectExImpl@VCOPOSMSR@@@ATL@@UAGJKKPAUIAdviseSink@@@Z 10001b23 f i MSR.obj
 0001:00000b42       ?GetAdvise@?$IViewObjectExImpl@VCOPOSMSR@@@ATL@@UAGJPAK0PAPAUIAdviseSink@@@Z 10001b42 f i MSR.obj
 0001:00000b77       ?GetExtent@?$IViewObjectExImpl@VCOPOSMSR@@@ATL@@UAGJKJPAUtagDVTARGETDEVICE@@PAUtagSIZE@@@Z 10001b77 f i MSR.obj
 0001:00000ba8       ?GetViewStatus@?$IViewObjectExImpl@VCOPOSMSR@@@ATL@@UAGJPAK@Z 10001ba8 f i MSR.obj
 0001:00000bc5       ?QueryHitPoint@?$IViewObjectExImpl@VCOPOSMSR@@@ATL@@UAGJKPBUtagRECT@@UtagPOINT@@JPAK@Z 10001bc5 f i MSR.obj
 0001:00000c06       ?QueryHitRect@?$IViewObjectExImpl@VCOPOSMSR@@@ATL@@UAGJKPBUtagRECT@@0JPAK@Z 10001c06 f i MSR.obj
 0001:00000c61       ?GetNaturalExtent@?$IViewObjectExImpl@VCOPOSMSR@@@ATL@@UAGJKJPAUtagDVTARGETDEVICE@@PAUHDC__@@PAUtagExtentInfo@@PAUtagSIZE@@@Z 10001c61 f i MSR.obj
 0001:00000cac       ?GetWindow@?$IOleInPlaceObjectWindowlessImpl@VCOPOSMSR@@@ATL@@UAGJPAPAUHWND__@@@Z 10001cac f i MSR.obj
 0001:00000cf9       ?InPlaceDeactivate@?$IOleInPlaceObjectWindowlessImpl@VCOPOSMSR@@@ATL@@UAGJXZ 10001cf9 f i MSR.obj
 0001:00000d13       ?UIDeactivate@?$IOleInPlaceObjectWindowlessImpl@VCOPOSMSR@@@ATL@@UAGJXZ 10001d13 f i MSR.obj
 0001:00000d2d       ?SetObjectRects@?$IOleInPlaceObjectWindowlessImpl@VCOPOSMSR@@@ATL@@UAGJPBUtagRECT@@0@Z 10001d2d f i MSR.obj
 0001:00000d4d       ?ReactivateAndUndo@?$IOleInPlaceObjectWindowlessImpl@VCOPOSMSR@@@ATL@@UAGJXZ 10001d4d f i MSR.obj
 0001:00000d55       ?OnWindowMessage@?$IOleInPlaceObjectWindowlessImpl@VCOPOSMSR@@@ATL@@UAGJIIJPAJ@Z 10001d55 f i MSR.obj
 0001:00000dc5       ?EnumConnectionPoints@?$IConnectionPointContainerImpl@VCOPOSMSR@@@ATL@@UAGJPAPAUIEnumConnectionPoints@@@Z 10001dc5 f i MSR.obj
 0001:00000f3f       ?FindConnectionPoint@?$IConnectionPointContainerImpl@VCOPOSMSR@@@ATL@@UAGJABU_GUID@@PAPAUIConnectionPoint@@@Z 10001f3f f i MSR.obj
 0001:00000fe2       ?IsDirty@?$IPersistStorageImpl@VCOPOSMSR@@@ATL@@UAGJXZ 10001fe2 f i MSR.obj
 0001:00001016       ?InitNew@?$IPersistStorageImpl@VCOPOSMSR@@@ATL@@UAGJPAUIStorage@@@Z 10002016 f i MSR.obj
 0001:0000104a       ?Load@?$IPersistStorageImpl@VCOPOSMSR@@@ATL@@UAGJPAUIStorage@@@Z 1000204a f i MSR.obj
 0001:000010b6       ?Save@?$IPersistStorageImpl@VCOPOSMSR@@@ATL@@UAGJPAUIStorage@@H@Z 100020b6 f i MSR.obj
 0001:00001129       ?GetPages@?$ISpecifyPropertyPagesImpl@VCOPOSMSR@@@ATL@@UAGJPAUtagCAUUID@@@Z 10002129 f i MSR.obj
 0001:00001140       ?QuickActivate@?$IQuickActivateImpl@VCOPOSMSR@@@ATL@@UAGJPAUtagQACONTAINER@@PAUtagQACONTROL@@@Z 10002140 f i MSR.obj
 0001:00001163       ?SetContentExtent@?$IQuickActivateImpl@VCOPOSMSR@@@ATL@@UAGJPAUtagSIZE@@@Z 10002163 f i MSR.obj
 0001:0000118f       ?GetContentExtent@?$IQuickActivateImpl@VCOPOSMSR@@@ATL@@UAGJPAUtagSIZE@@@Z 1000218f f i MSR.obj
 0001:000011af       ?GetData@?$IDataObjectImpl@VCOPOSMSR@@@ATL@@UAGJPAUtagFORMATETC@@PAUtagSTGMEDIUM@@@Z 100021af f i MSR.obj
 0001:000011d2       ?DAdvise@?$IDataObjectImpl@VCOPOSMSR@@@ATL@@UAGJPAUtagFORMATETC@@KPAUIAdviseSink@@PAK@Z 100021d2 f i MSR.obj
 0001:00001213       ?DUnadvise@?$IDataObjectImpl@VCOPOSMSR@@@ATL@@UAGJK@Z 10002213 f i MSR.obj
 0001:00001241       ?EnumDAdvise@?$IDataObjectImpl@VCOPOSMSR@@@ATL@@UAGJPAPAUIEnumSTATDATA@@@Z 10002241 f i MSR.obj
 0001:00001280       ?GetClassInfoW@?$IProvideClassInfo2Impl@$1?CLSID_OPOSMSR@@3U_GUID@@B$1?DIID__IOPOSMSREvents@@3U2@B$1?LIBID_OposMSR_CCO@@3U2@B$00$0A@VCComTypeInfoHolder@ATL@@@ATL@@UAGJPAPAUITypeInfo@@@Z 10002280 f i MSR.obj
 0001:00001296       ?GetGUID@?$IProvideClassInfo2Impl@$1?CLSID_OPOSMSR@@3U_GUID@@B$1?DIID__IOPOSMSREvents@@3U2@B$1?LIBID_OposMSR_CCO@@3U2@B$00$0A@VCComTypeInfoHolder@ATL@@@ATL@@UAGJKPAU_GUID@@@Z 10002296 f i MSR.obj
 0001:000012d4       ?FAccessAllowed@?$IObjectSafetyImpl@VCOPOSMSR@@$02@ATL@@MAEHXZ 100022d4 f i MSR.obj
 0001:000012d4       __get_startup_argv_mode    100022d4 f i LIBCMT:argv_mode.obj
 0001:000012d8       ?GetInterfaceSafetyOptions@?$IObjectSafetyImpl@VCOPOSMSR@@$02@ATL@@UAGJABU_GUID@@PAK1@Z 100022d8 f i MSR.obj
 0001:0000134c       ?SetInterfaceSafetyOptions@?$IObjectSafetyImpl@VCOPOSMSR@@$02@ATL@@UAGJABU_GUID@@KK@Z 1000234c f i MSR.obj
 0001:000013c6       ?_LocCPQueryInterface@?$IConnectionPointImpl@VCOPOSMSR@@$1?DIID__IOPOSMSREvents@@3U_GUID@@BVCComDynamicUnkArray@ATL@@@ATL@@UAGJABU_GUID@@PAPAX@Z 100023c6 f i MSR.obj
 0001:000013c6       ?_LocCPQueryInterface@?$IConnectionPointImpl@VCOPOSMSR@@$1?IID_IPropertyNotifySink@@3U_GUID@@BVCComDynamicUnkArray@ATL@@@ATL@@UAGJABU_GUID@@PAPAX@Z 100023c6 f i MSR.obj
 0001:00001413       ?GetConnectionInterface@?$IConnectionPointImpl@VCOPOSMSR@@$1?IID_IPropertyNotifySink@@3U_GUID@@BVCComDynamicUnkArray@ATL@@@ATL@@UAGJPAU_GUID@@@Z 10002413 f i MSR.obj
 0001:00001437       ?GetConnectionPointContainer@?$IConnectionPointImpl@VCOPOSMSR@@$1?IID_IPropertyNotifySink@@3U_GUID@@BVCComDynamicUnkArray@ATL@@@ATL@@UAGJPAPAUIConnectionPointContainer@@@Z 10002437 f i MSR.obj
 0001:0000145a       ?Advise@?$IConnectionPointImpl@VCOPOSMSR@@$1?IID_IPropertyNotifySink@@3U_GUID@@BVCComDynamicUnkArray@ATL@@@ATL@@UAGJPAUIUnknown@@PAK@Z 1000245a f i MSR.obj
 0001:0000145a       ?Advise@?$IConnectionPointImpl@VCOPOSMSR@@$1?DIID__IOPOSMSREvents@@3U_GUID@@BVCComDynamicUnkArray@ATL@@@ATL@@UAGJPAUIUnknown@@PAK@Z 1000245a f i MSR.obj
 0001:000014fb       ?Unadvise@?$IConnectionPointImpl@VCOPOSMSR@@$1?DIID__IOPOSMSREvents@@3U_GUID@@BVCComDynamicUnkArray@ATL@@@ATL@@UAGJK@Z 100024fb f i MSR.obj
 0001:000014fb       ?Unadvise@?$IConnectionPointImpl@VCOPOSMSR@@$1?IID_IPropertyNotifySink@@3U_GUID@@BVCComDynamicUnkArray@ATL@@@ATL@@UAGJK@Z 100024fb f i MSR.obj
 0001:0000153b       ?EnumConnections@?$IConnectionPointImpl@VCOPOSMSR@@$1?DIID__IOPOSMSREvents@@3U_GUID@@BVCComDynamicUnkArray@ATL@@@ATL@@UAGJPAPAUIEnumConnections@@@Z 1000253b f i MSR.obj
 0001:0000153b       ?EnumConnections@?$IConnectionPointImpl@VCOPOSMSR@@$1?IID_IPropertyNotifySink@@3U_GUID@@BVCComDynamicUnkArray@ATL@@@ATL@@UAGJPAPAUIEnumConnections@@@Z 1000253b f i MSR.obj
 0001:00001641       ?GetCategoryMap@CComObjectRootBase@ATL@@SAPBU_ATL_CATMAP_ENTRY@2@XZ 10002641 f i MSR.obj
 0001:00001641       ?GetObjectDescription@?$CComCoClass@VCOPOSMSR@@$1?CLSID_OPOSMSR@@3U_GUID@@B@ATL@@SGPB_WXZ 10002641 f i MSR.obj
 0001:00001644       ?GetConnectionInterface@?$IConnectionPointImpl@VCOPOSMSR@@$1?DIID__IOPOSMSREvents@@3U_GUID@@BVCComDynamicUnkArray@ATL@@@ATL@@UAGJPAU_GUID@@@Z 10002644 f i MSR.obj
 0001:00001668       ?GetConnectionPointContainer@?$IConnectionPointImpl@VCOPOSMSR@@$1?DIID__IOPOSMSREvents@@3U_GUID@@BVCComDynamicUnkArray@ATL@@@ATL@@UAGJPAPAUIConnectionPointContainer@@@Z 10002668 f i MSR.obj
 0001:0000168b       ?UpdateRegistry@COPOSMSR@@SGJH@Z 1000268b f i MSR.obj
 0001:000016a3       ?ProcessWindowMessage@COPOSMSR@@UAEHPAUHWND__@@IIJAAJK@Z 100026a3 f i MSR.obj
 0001:000016ec       ?SOData@COPOSMSR@@MAGJJ@Z  100026ec f i MSR.obj
 0001:00001725       ?SODirectIO@COPOSMSR@@MAGJJPAJPAPA_W@Z 10002725 f i MSR.obj
 0001:0000176e       ?SOError@COPOSMSR@@MAGJJJJPAJ@Z 1000276e f i MSR.obj
 0001:000017c3       ?SOStatusUpdate@COPOSMSR@@MAGJJ@Z 100027c3 f i MSR.obj
 0001:000017fc       ?AddRef@CRegObject@ATL@@UAGKXZ 100027fc f i MSR.obj
 0001:00001802       ?AddReplacement@CRegObject@ATL@@UAGJPB_W0@Z 10002802 f i MSR.obj
 0001:0000183b       ?ClearReplacements@CRegObject@ATL@@UAGJXZ 1000283b f i MSR.obj
 0001:0000184d       ??_GCRegObject@ATL@@UAEPAXI@Z 1000284d f i MSR.obj
 0001:0000184d       ??_ECRegObject@ATL@@UAEPAXI@Z 1000284d f i MSR.obj
 0001:0000186f       ?CreateInstance@?$CComCreator@V?$CComObjectCached@VCComClassFactory@ATL@@@ATL@@@ATL@@SGJPAXABU_GUID@@PAPAX@Z 1000286f f i MSR.obj
 0001:00001902       ?CreateInstance@?$CComCreator2@V?$CComCreator@V?$CComObject@VCOPOSMSR@@@ATL@@@ATL@@V?$CComCreator@V?$CComAggObject@VCOPOSMSR@@@ATL@@@2@@ATL@@SGJPAXABU_GUID@@PAPAX@Z 10002902 f i MSR.obj
 0001:00001922       ?Next@?$CComEnumImpl@UIEnumConnectionPoints@@$1?_GUID_b196b285_bab4_101a_b69c_00aa00341d07@@3U__s_GUID@@BPAUIConnectionPoint@@V?$_CopyInterface@UIConnectionPoint@@@ATL@@@ATL@@UAGJKPAPAUIConnectionPoint@@PAK@Z 10002922 f i MSR.obj
 0001:000019f9       ?Skip@?$CComEnumImpl@UIEnumConnectionPoints@@$1?_GUID_b196b285_bab4_101a_b69c_00aa00341d07@@3U__s_GUID@@BPAUIConnectionPoint@@V?$_CopyInterface@UIConnectionPoint@@@ATL@@@ATL@@UAGJK@Z 100029f9 f i MSR.obj
 0001:00001a26       ?Reset@?$CComEnumImpl@UIEnumConnections@@$1?_GUID_b196b287_bab4_101a_b69c_00aa00341d07@@3U__s_GUID@@BUtagCONNECTDATA@@V?$_Copy@UtagCONNECTDATA@@@ATL@@@ATL@@UAGJXZ 10002a26 f i MSR.obj
 0001:00001a26       ?Reset@?$CComEnumImpl@UIEnumConnectionPoints@@$1?_GUID_b196b285_bab4_101a_b69c_00aa00341d07@@3U__s_GUID@@BPAUIConnectionPoint@@V?$_CopyInterface@UIConnectionPoint@@@ATL@@@ATL@@UAGJXZ 10002a26 f i MSR.obj
 0001:00001a38       ?Clone@?$CComEnumImpl@UIEnumConnectionPoints@@$1?_GUID_b196b285_bab4_101a_b69c_00aa00341d07@@3U__s_GUID@@BPAUIConnectionPoint@@V?$_CopyInterface@UIConnectionPoint@@@ATL@@@ATL@@UAGJPAPAUIEnumConnectionPoints@@@Z 10002a38 f i MSR.obj
 0001:00001b17       ?AddRef@?$CComObject@V?$CComEnum@UIEnumConnections@@$1?_GUID_b196b287_bab4_101a_b69c_00aa00341d07@@3U__s_GUID@@BUtagCONNECTDATA@@V?$_Copy@UtagCONNECTDATA@@@ATL@@VCComSingleThreadModel@6@@ATL@@@ATL@@UAGKXZ 10002b17 f i MSR.obj
 0001:00001b17       ?AddRef@?$CComObject@V?$CComEnum@UIEnumConnectionPoints@@$1?_GUID_b196b285_bab4_101a_b69c_00aa00341d07@@3U__s_GUID@@BPAUIConnectionPoint@@V?$_CopyInterface@UIConnectionPoint@@@ATL@@VCComSingleThreadModel@6@@ATL@@@ATL@@UAGKXZ 10002b17 f i MSR.obj
 0001:00001b28       ?Release@?$CComObject@V?$CComEnum@UIEnumConnections@@$1?_GUID_b196b287_bab4_101a_b69c_00aa00341d07@@3U__s_GUID@@BUtagCONNECTDATA@@V?$_Copy@UtagCONNECTDATA@@@ATL@@VCComSingleThreadModel@6@@ATL@@@ATL@@UAGKXZ 10002b28 f i MSR.obj
 0001:00001b28       ?Release@?$CComObject@V?$CComEnum@UIEnumConnectionPoints@@$1?_GUID_b196b285_bab4_101a_b69c_00aa00341d07@@3U__s_GUID@@BPAUIConnectionPoint@@V?$_CopyInterface@UIConnectionPoint@@@ATL@@VCComSingleThreadModel@6@@ATL@@@ATL@@UAGKXZ 10002b28 f i MSR.obj
 0001:00001b64       ?QueryInterface@?$CComObject@V?$CComEnum@UIEnumConnectionPoints@@$1?_GUID_b196b285_bab4_101a_b69c_00aa00341d07@@3U__s_GUID@@BPAUIConnectionPoint@@V?$_CopyInterface@UIConnectionPoint@@@ATL@@VCComSingleThreadModel@6@@ATL@@@ATL@@UAGJABU_GUID@@PAPAX@Z 10002b64 f i MSR.obj
 0001:00001b7e       ??_G?$CComObject@V?$CComEnum@UIEnumConnectionPoints@@$1?_GUID_b196b285_bab4_101a_b69c_00aa00341d07@@3U__s_GUID@@BPAUIConnectionPoint@@V?$_CopyInterface@UIConnectionPoint@@@ATL@@VCComSingleThreadModel@6@@ATL@@@ATL@@UAEPAXI@Z 10002b7e f i MSR.obj
 0001:00001b7e       ??_E?$CComObject@V?$CComEnum@UIEnumConnectionPoints@@$1?_GUID_b196b285_bab4_101a_b69c_00aa00341d07@@3U__s_GUID@@BPAUIConnectionPoint@@V?$_CopyInterface@UIConnectionPoint@@@ATL@@VCComSingleThreadModel@6@@ATL@@@ATL@@UAEPAXI@Z 10002b7e f i MSR.obj
 0001:00001ba0       ?AddRef@?$CComObjectCached@VCComClassFactory@ATL@@@ATL@@UAGKXZ 10002ba0 f i MSR.obj
 0001:00001bc7       ?Release@?$CComObjectCached@VCComClassFactory@ATL@@@ATL@@UAGKXZ 10002bc7 f i MSR.obj
 0001:00001bfd       ?QueryInterface@?$CComObjectCached@VCComClassFactory@ATL@@@ATL@@UAGJABU_GUID@@PAPAX@Z 10002bfd f i MSR.obj
 0001:00001c17       ??_G?$CComObjectCached@VCComClassFactory@ATL@@@ATL@@UAEPAXI@Z 10002c17 f i MSR.obj
 0001:00001c17       ??_E?$CComObjectCached@VCComClassFactory@ATL@@@ATL@@UAEPAXI@Z 10002c17 f i MSR.obj
 0001:00001c39       ?AddRef@?$CComAggObject@VCOPOSMSR@@@ATL@@UAGKXZ 10002c39 f i MSR.obj
 0001:00001c4a       ?Release@?$CComAggObject@VCOPOSMSR@@@ATL@@UAGKXZ 10002c4a f i MSR.obj
 0001:00001c86       ?QueryInterface@?$CComAggObject@VCOPOSMSR@@@ATL@@UAGJABU_GUID@@PAPAX@Z 10002c86 f i MSR.obj
 0001:00001cd5       ?AddRef@?$CComContainedObject@VCOPOSMSR@@@ATL@@UAGKXZ 10002cd5 f i MSR.obj
 0001:00001ceb       ?Release@?$CComContainedObject@VCOPOSMSR@@@ATL@@UAGKXZ 10002ceb f i MSR.obj
 0001:00001d01       ?QueryInterface@?$CComContainedObject@VCOPOSMSR@@@ATL@@UAGJABU_GUID@@PAPAX@Z 10002d01 f i MSR.obj
 0001:00001d1c       ??_E?$CComAggObject@VCOPOSMSR@@@ATL@@UAEPAXI@Z 10002d1c f i MSR.obj
 0001:00001d1c       ??_G?$CComAggObject@VCOPOSMSR@@@ATL@@UAEPAXI@Z 10002d1c f i MSR.obj
 0001:00001d41       ?AddRef@?$CComObject@VCOPOSMSR@@@ATL@@UAGKXZ 10002d41 f i MSR.obj
 0001:00001d58       ?Release@?$CComObject@VCOPOSMSR@@@ATL@@UAGKXZ 10002d58 f i MSR.obj
 0001:00001d9a       ?QueryInterface@?$CComObject@VCOPOSMSR@@@ATL@@UAGJABU_GUID@@PAPAX@Z 10002d9a f i MSR.obj
 0001:00001db4       ?ObjectMain@CComObjectRootBase@ATL@@SGX_N@Z 10002db4 f i MSR.obj
 0001:00001db4       ?OnFinalMessage@?$CWindowImplBaseT@VCWindow@ATL@@V?$CWinTraits@$0FGAAAAAA@$0A@@2@@ATL@@UAEXPAUHWND__@@@Z 10002db4 f i MSR.obj
 0001:00001db7       ?OnDrawAdvanced@CComControlBase@ATL@@UAEJAAUATL_DRAWINFO@@@Z 10002db7 f i MSR.obj
 0001:00001ea6       ?CreateInstance@CComClassFactory@ATL@@UAGJPAUIUnknown@@ABU_GUID@@PAPAX@Z 10002ea6 f i MSR.obj
 0001:00001ee4       ?LockServer@CComClassFactory@ATL@@UAGJH@Z 10002ee4 f i MSR.obj
 0001:00001f03       ??_ECComClassFactory@ATL@@UAEPAXI@Z 10002f03 f i MSR.obj
 0001:00001f03       ??_GCComClassFactory@ATL@@UAEPAXI@Z 10002f03 f i MSR.obj
 0001:00001f2e       ?Next@?$CComEnumImpl@UIEnumConnections@@$1?_GUID_b196b287_bab4_101a_b69c_00aa00341d07@@3U__s_GUID@@BUtagCONNECTDATA@@V?$_Copy@UtagCONNECTDATA@@@ATL@@@ATL@@UAGJKPAUtagCONNECTDATA@@PAK@Z 10002f2e f i MSR.obj
 0001:00002005       ?Skip@?$CComEnumImpl@UIEnumConnections@@$1?_GUID_b196b287_bab4_101a_b69c_00aa00341d07@@3U__s_GUID@@BUtagCONNECTDATA@@V?$_Copy@UtagCONNECTDATA@@@ATL@@@ATL@@UAGJK@Z 10003005 f i MSR.obj
 0001:00002032       ?Clone@?$CComEnumImpl@UIEnumConnections@@$1?_GUID_b196b287_bab4_101a_b69c_00aa00341d07@@3U__s_GUID@@BUtagCONNECTDATA@@V?$_Copy@UtagCONNECTDATA@@@ATL@@@ATL@@UAGJPAPAUIEnumConnections@@@Z 10003032 f i MSR.obj
 0001:00002111       ?QueryInterface@?$CComObject@V?$CComEnum@UIEnumConnections@@$1?_GUID_b196b287_bab4_101a_b69c_00aa00341d07@@3U__s_GUID@@BUtagCONNECTDATA@@V?$_Copy@UtagCONNECTDATA@@@ATL@@VCComSingleThreadModel@6@@ATL@@@ATL@@UAGJABU_GUID@@PAPAX@Z 10003111 f i MSR.obj
 0001:0000212b       ??_G?$CComObject@V?$CComEnum@UIEnumConnections@@$1?_GUID_b196b287_bab4_101a_b69c_00aa00341d07@@3U__s_GUID@@BUtagCONNECTDATA@@V?$_Copy@UtagCONNECTDATA@@@ATL@@VCComSingleThreadModel@6@@ATL@@@ATL@@UAEPAXI@Z 1000312b f i MSR.obj
 0001:0000212b       ??_E?$CComObject@V?$CComEnum@UIEnumConnections@@$1?_GUID_b196b287_bab4_101a_b69c_00aa00341d07@@3U__s_GUID@@BUtagCONNECTDATA@@V?$_Copy@UtagCONNECTDATA@@@ATL@@VCComSingleThreadModel@6@@ATL@@@ATL@@UAEPAXI@Z 1000312b f i MSR.obj
 0001:0000214d       ??_E?$CComObject@VCOPOSMSR@@@ATL@@W3AEPAXI@Z 1000314d f i MSR.obj
 0001:00002155       ??_E?$CComObject@VCOPOSMSR@@@ATL@@WEM@AEPAXI@Z 10003155 f i MSR.obj
 0001:0000215d       ?QueryInterface@?$CComObject@VCOPOSMSR@@@ATL@@WHA@AGJABU_GUID@@PAPAX@Z 1000315d f i MSR.obj
 0001:00002167       ?AddRef@?$CComObject@VCOPOSMSR@@@ATL@@WHA@AGKXZ 10003167 f i MSR.obj
 0001:00002171       ?Release@?$CComObject@VCOPOSMSR@@@ATL@@WHA@AGKXZ 10003171 f i MSR.obj
 0001:0000217b       ?QueryInterface@?$CComObject@VCOPOSMSR@@@ATL@@WHE@AGJABU_GUID@@PAPAX@Z 1000317b f i MSR.obj
 0001:00002185       ?AddRef@?$CComObject@VCOPOSMSR@@@ATL@@WHE@AGKXZ 10003185 f i MSR.obj
 0001:0000218f       ?Release@?$CComObject@VCOPOSMSR@@@ATL@@WHE@AGKXZ 1000318f f i MSR.obj
 0001:00002199       ?QueryInterface@?$CComObject@VCOPOSMSR@@@ATL@@WHI@AGJABU_GUID@@PAPAX@Z 10003199 f i MSR.obj
 0001:000021a3       ?AddRef@?$CComObject@VCOPOSMSR@@@ATL@@WHI@AGKXZ 100031a3 f i MSR.obj
 0001:000021ad       ?Release@?$CComObject@VCOPOSMSR@@@ATL@@WHI@AGKXZ 100031ad f i MSR.obj
 0001:000021b7       ?QueryInterface@?$CComObject@VCOPOSMSR@@@ATL@@WHM@AGJABU_GUID@@PAPAX@Z 100031b7 f i MSR.obj
 0001:000021c1       ?AddRef@?$CComObject@VCOPOSMSR@@@ATL@@WHM@AGKXZ 100031c1 f i MSR.obj
 0001:000021cb       ?Release@?$CComObject@VCOPOSMSR@@@ATL@@WHM@AGKXZ 100031cb f i MSR.obj
 0001:000021d5       ?QueryInterface@?$CComObject@VCOPOSMSR@@@ATL@@WIA@AGJABU_GUID@@PAPAX@Z 100031d5 f i MSR.obj
 0001:000021e2       ?AddRef@?$CComObject@VCOPOSMSR@@@ATL@@WIA@AGKXZ 100031e2 f i MSR.obj
 0001:000021ef       ?Release@?$CComObject@VCOPOSMSR@@@ATL@@WIA@AGKXZ 100031ef f i MSR.obj
 0001:000021fc       ?QueryInterface@?$CComObject@VCOPOSMSR@@@ATL@@WIE@AGJABU_GUID@@PAPAX@Z 100031fc f i MSR.obj
 0001:00002209       ?AddRef@?$CComObject@VCOPOSMSR@@@ATL@@WIE@AGKXZ 10003209 f i MSR.obj
 0001:00002216       ?Release@?$CComObject@VCOPOSMSR@@@ATL@@WIE@AGKXZ 10003216 f i MSR.obj
 0001:00002223       ?QueryInterface@?$CComObject@VCOPOSMSR@@@ATL@@WII@AGJABU_GUID@@PAPAX@Z 10003223 f i MSR.obj
 0001:00002230       ?AddRef@?$CComObject@VCOPOSMSR@@@ATL@@WII@AGKXZ 10003230 f i MSR.obj
 0001:0000223d       ?Release@?$CComObject@VCOPOSMSR@@@ATL@@WII@AGKXZ 1000323d f i MSR.obj
 0001:0000224a       ?QueryInterface@?$CComObject@VCOPOSMSR@@@ATL@@WIM@AGJABU_GUID@@PAPAX@Z 1000324a f i MSR.obj
 0001:00002257       ?AddRef@?$CComObject@VCOPOSMSR@@@ATL@@WIM@AGKXZ 10003257 f i MSR.obj
 0001:00002264       ?Release@?$CComObject@VCOPOSMSR@@@ATL@@WIM@AGKXZ 10003264 f i MSR.obj
 0001:00002271       ?QueryInterface@?$CComObject@VCOPOSMSR@@@ATL@@WJA@AGJABU_GUID@@PAPAX@Z 10003271 f i MSR.obj
 0001:0000227e       ?AddRef@?$CComObject@VCOPOSMSR@@@ATL@@WJA@AGKXZ 1000327e f i MSR.obj
 0001:0000228b       ?Release@?$CComObject@VCOPOSMSR@@@ATL@@WJA@AGKXZ 1000328b f i MSR.obj
 0001:00002298       ?QueryInterface@?$CComObject@VCOPOSMSR@@@ATL@@WJE@AGJABU_GUID@@PAPAX@Z 10003298 f i MSR.obj
 0001:000022a5       ?AddRef@?$CComObject@VCOPOSMSR@@@ATL@@WJE@AGKXZ 100032a5 f i MSR.obj
 0001:000022b2       ?Release@?$CComObject@VCOPOSMSR@@@ATL@@WJE@AGKXZ 100032b2 f i MSR.obj
 0001:000022bf       ?QueryInterface@?$CComObject@VCOPOSMSR@@@ATL@@WJI@AGJABU_GUID@@PAPAX@Z 100032bf f i MSR.obj
 0001:000022cc       ?AddRef@?$CComObject@VCOPOSMSR@@@ATL@@WJI@AGKXZ 100032cc f i MSR.obj
 0001:000022d9       ?Release@?$CComObject@VCOPOSMSR@@@ATL@@WJI@AGKXZ 100032d9 f i MSR.obj
 0001:000022e6       ?QueryInterface@?$CComObject@VCOPOSMSR@@@ATL@@WJM@AGJABU_GUID@@PAPAX@Z 100032e6 f i MSR.obj
 0001:000022f3       ?AddRef@?$CComObject@VCOPOSMSR@@@ATL@@WJM@AGKXZ 100032f3 f i MSR.obj
 0001:00002300       ?Release@?$CComObject@VCOPOSMSR@@@ATL@@WJM@AGKXZ 10003300 f i MSR.obj
 0001:0000230d       ?QueryInterface@?$CComObject@VCOPOSMSR@@@ATL@@WKA@AGJABU_GUID@@PAPAX@Z 1000330d f i MSR.obj
 0001:0000231a       ?AddRef@?$CComObject@VCOPOSMSR@@@ATL@@WKA@AGKXZ 1000331a f i MSR.obj
 0001:00002327       ?Release@?$CComObject@VCOPOSMSR@@@ATL@@WKA@AGKXZ 10003327 f i MSR.obj
 0001:00002334       ?AddRef@?$CComObject@VCOPOSMSR@@@ATL@@WKI@AGKXZ 10003334 f i MSR.obj
 0001:00002341       ?Release@?$CComObject@VCOPOSMSR@@@ATL@@WKI@AGKXZ 10003341 f i MSR.obj
 0001:0000234e       ?AddRef@?$CComObject@VCOPOSMSR@@@ATL@@WLE@AGKXZ 1000334e f i MSR.obj
 0001:0000235b       ?Release@?$CComObject@VCOPOSMSR@@@ATL@@WLE@AGKXZ 1000335b f i MSR.obj
 0001:00002368       ??_E?$CComContainedObject@VCOPOSMSR@@@ATL@@W3AEPAXI@Z 10003368 f i MSR.obj
 0001:00002370       ??_E?$CComContainedObject@VCOPOSMSR@@@ATL@@WEM@AEPAXI@Z 10003370 f i MSR.obj
 0001:00002378       ?QueryInterface@?$CComContainedObject@VCOPOSMSR@@@ATL@@WHA@AGJABU_GUID@@PAPAX@Z 10003378 f i MSR.obj
 0001:00002382       ?AddRef@?$CComContainedObject@VCOPOSMSR@@@ATL@@WHA@AGKXZ 10003382 f i MSR.obj
 0001:0000238c       ?Release@?$CComContainedObject@VCOPOSMSR@@@ATL@@WHA@AGKXZ 1000338c f i MSR.obj
 0001:00002396       ?QueryInterface@?$CComContainedObject@VCOPOSMSR@@@ATL@@WHE@AGJABU_GUID@@PAPAX@Z 10003396 f i MSR.obj
 0001:000023a0       ?AddRef@?$CComContainedObject@VCOPOSMSR@@@ATL@@WHE@AGKXZ 100033a0 f i MSR.obj
 0001:000023aa       ?Release@?$CComContainedObject@VCOPOSMSR@@@ATL@@WHE@AGKXZ 100033aa f i MSR.obj
 0001:000023b4       ?QueryInterface@?$CComContainedObject@VCOPOSMSR@@@ATL@@WHI@AGJABU_GUID@@PAPAX@Z 100033b4 f i MSR.obj
 0001:000023be       ?AddRef@?$CComContainedObject@VCOPOSMSR@@@ATL@@WHI@AGKXZ 100033be f i MSR.obj
 0001:000023c8       ?Release@?$CComContainedObject@VCOPOSMSR@@@ATL@@WHI@AGKXZ 100033c8 f i MSR.obj
 0001:000023d2       ?QueryInterface@?$CComContainedObject@VCOPOSMSR@@@ATL@@WHM@AGJABU_GUID@@PAPAX@Z 100033d2 f i MSR.obj
 0001:000023dc       ?AddRef@?$CComContainedObject@VCOPOSMSR@@@ATL@@WHM@AGKXZ 100033dc f i MSR.obj
 0001:000023e6       ?Release@?$CComContainedObject@VCOPOSMSR@@@ATL@@WHM@AGKXZ 100033e6 f i MSR.obj
 0001:000023f0       ?QueryInterface@?$CComContainedObject@VCOPOSMSR@@@ATL@@WIA@AGJABU_GUID@@PAPAX@Z 100033f0 f i MSR.obj
 0001:000023fd       ?AddRef@?$CComContainedObject@VCOPOSMSR@@@ATL@@WIA@AGKXZ 100033fd f i MSR.obj
 0001:0000240a       ?Release@?$CComContainedObject@VCOPOSMSR@@@ATL@@WIA@AGKXZ 1000340a f i MSR.obj
 0001:00002417       ?QueryInterface@?$CComContainedObject@VCOPOSMSR@@@ATL@@WIE@AGJABU_GUID@@PAPAX@Z 10003417 f i MSR.obj
 0001:00002424       ?AddRef@?$CComContainedObject@VCOPOSMSR@@@ATL@@WIE@AGKXZ 10003424 f i MSR.obj
 0001:00002431       ?Release@?$CComContainedObject@VCOPOSMSR@@@ATL@@WIE@AGKXZ 10003431 f i MSR.obj
 0001:0000243e       ?QueryInterface@?$CComContainedObject@VCOPOSMSR@@@ATL@@WII@AGJABU_GUID@@PAPAX@Z 1000343e f i MSR.obj
 0001:0000244b       ?AddRef@?$CComContainedObject@VCOPOSMSR@@@ATL@@WII@AGKXZ 1000344b f i MSR.obj
 0001:00002458       ?Release@?$CComContainedObject@VCOPOSMSR@@@ATL@@WII@AGKXZ 10003458 f i MSR.obj
 0001:00002465       ?QueryInterface@?$CComContainedObject@VCOPOSMSR@@@ATL@@WIM@AGJABU_GUID@@PAPAX@Z 10003465 f i MSR.obj
 0001:00002472       ?AddRef@?$CComContainedObject@VCOPOSMSR@@@ATL@@WIM@AGKXZ 10003472 f i MSR.obj
 0001:0000247f       ?Release@?$CComContainedObject@VCOPOSMSR@@@ATL@@WIM@AGKXZ 1000347f f i MSR.obj
 0001:0000248c       ?QueryInterface@?$CComContainedObject@VCOPOSMSR@@@ATL@@WJA@AGJABU_GUID@@PAPAX@Z 1000348c f i MSR.obj
 0001:00002499       ?AddRef@?$CComContainedObject@VCOPOSMSR@@@ATL@@WJA@AGKXZ 10003499 f i MSR.obj
 0001:000024a6       ?Release@?$CComContainedObject@VCOPOSMSR@@@ATL@@WJA@AGKXZ 100034a6 f i MSR.obj
 0001:000024b3       ?QueryInterface@?$CComContainedObject@VCOPOSMSR@@@ATL@@WJE@AGJABU_GUID@@PAPAX@Z 100034b3 f i MSR.obj
 0001:000024c0       ?AddRef@?$CComContainedObject@VCOPOSMSR@@@ATL@@WJE@AGKXZ 100034c0 f i MSR.obj
 0001:000024cd       ?Release@?$CComContainedObject@VCOPOSMSR@@@ATL@@WJE@AGKXZ 100034cd f i MSR.obj
 0001:000024da       ?QueryInterface@?$CComContainedObject@VCOPOSMSR@@@ATL@@WJI@AGJABU_GUID@@PAPAX@Z 100034da f i MSR.obj
 0001:000024e7       ?AddRef@?$CComContainedObject@VCOPOSMSR@@@ATL@@WJI@AGKXZ 100034e7 f i MSR.obj
 0001:000024f4       ?Release@?$CComContainedObject@VCOPOSMSR@@@ATL@@WJI@AGKXZ 100034f4 f i MSR.obj
 0001:00002501       ?QueryInterface@?$CComContainedObject@VCOPOSMSR@@@ATL@@WJM@AGJABU_GUID@@PAPAX@Z 10003501 f i MSR.obj
 0001:0000250e       ?AddRef@?$CComContainedObject@VCOPOSMSR@@@ATL@@WJM@AGKXZ 1000350e f i MSR.obj
 0001:0000251b       ?Release@?$CComContainedObject@VCOPOSMSR@@@ATL@@WJM@AGKXZ 1000351b f i MSR.obj
 0001:00002528       ?QueryInterface@?$CComContainedObject@VCOPOSMSR@@@ATL@@WKA@AGJABU_GUID@@PAPAX@Z 10003528 f i MSR.obj
 0001:00002535       ?AddRef@?$CComContainedObject@VCOPOSMSR@@@ATL@@WKA@AGKXZ 10003535 f i MSR.obj
 0001:00002542       ?Release@?$CComContainedObject@VCOPOSMSR@@@ATL@@WKA@AGKXZ 10003542 f i MSR.obj
 0001:0000254f       ?AddRef@?$CComContainedObject@VCOPOSMSR@@@ATL@@WKI@AGKXZ 1000354f f i MSR.obj
 0001:0000255c       ?Release@?$CComContainedObject@VCOPOSMSR@@@ATL@@WKI@AGKXZ 1000355c f i MSR.obj
 0001:00002569       ?AddRef@?$CComContainedObject@VCOPOSMSR@@@ATL@@WLE@AGKXZ 10003569 f i MSR.obj
 0001:00002576       ?Release@?$CComContainedObject@VCOPOSMSR@@@ATL@@WLE@AGKXZ 10003576 f i MSR.obj
 0001:00002583       ?Lock@CAtlModule@ATL@@UAEJXZ 10003583 f i MSR.obj
 0001:0000258d       ?Unlock@CAtlModule@ATL@@UAEJXZ 1000358d f i MSR.obj
 0001:00002597       ?GetLockCount@CAtlModule@ATL@@UAEJXZ 10003597 f i MSR.obj
 0001:0000259b       ?GetGITPtr@CAtlModule@ATL@@UAEJPAPAUIGlobalInterfaceTable@@@Z 1000359b f i MSR.obj
 0001:000025e7       ?GetWindowProc@?$CWindowImplBaseT@VCWindow@ATL@@V?$CWinTraits@$0FGAAAAAA@$0A@@2@@ATL@@UAEP6GJPAUHWND__@@IIJ@ZXZ 100035e7 f i MSR.obj
 0001:000025ed       ?StartWindowProc@?$CWindowImplBaseT@VCWindow@ATL@@V?$CWinTraits@$0FGAAAAAA@$0A@@2@@ATL@@SGJPAUHWND__@@IIJ@Z 100035ed f i MSR.obj
 0001:00002641       ?AddCommonRGSReplacements@?$CAtlModuleT@VCComModule@ATL@@@ATL@@UAEJPAUIRegistrarBase@@@Z 10003641 f i MSR.obj
 0001:0000265b       ?UpdateRegistryFromResourceD@CComModule@ATL@@UAGJIHPAU_ATL_REGMAP_ENTRY@2@@Z 1000365b f i MSR.obj
 0001:0000265b       ?UpdateRegistryFromResourceD@CComModule@ATL@@UAGJPB_WHPAU_ATL_REGMAP_ENTRY@2@@Z 1000365b f i MSR.obj
 0001:00002663       ?UpdateRegistryFromResource@CComModule@ATL@@UAGJPB_WHPAU_ATL_REGMAP_ENTRY@2@@Z 10003663 f i MSR.obj
 0001:0000266c       ?UpdateRegistryFromResource@CComModule@ATL@@UAGJIHPAU_ATL_REGMAP_ENTRY@2@@Z 1000366c f i MSR.obj
 0001:00002675       ??_GCComModule@ATL@@UAEPAXI@Z 10003675 f i MSR.obj
 0001:00002675       ??_ECComModule@ATL@@UAEPAXI@Z 10003675 f i MSR.obj
 0001:0000269d       ?GetTypeInfoCount@?$IDispatchImpl@UIOPOSMSR@@$1?IID_IOPOSMSR@@3U_GUID@@B$1?LIBID_OposMSR_CCO@@3U3@B$00$0A@VCComTypeInfoHolder@ATL@@@ATL@@UAGJPAI@Z 1000369d f i MSR.obj
 0001:000026ba       ?GetTypeInfo@?$IDispatchImpl@UIOPOSMSR@@$1?IID_IOPOSMSR@@3U_GUID@@B$1?LIBID_OposMSR_CCO@@3U3@B$00$0A@VCComTypeInfoHolder@ATL@@@ATL@@UAGJIKPAPAUITypeInfo@@@Z 100036ba f i MSR.obj
 0001:000026de       ?GetIDsOfNames@?$IDispatchImpl@UIOPOSMSR@@$1?IID_IOPOSMSR@@3U_GUID@@B$1?LIBID_OposMSR_CCO@@3U3@B$00$0A@VCComTypeInfoHolder@ATL@@@ATL@@UAGJABU_GUID@@PAPA_WIKPAJ@Z 100036de f i MSR.obj
 0001:000026fe       ?Invoke@?$IDispatchImpl@UIOPOSMSR@@$1?IID_IOPOSMSR@@3U_GUID@@B$1?LIBID_OposMSR_CCO@@3U3@B$00$0A@VCComTypeInfoHolder@ATL@@@ATL@@UAGJJABU_GUID@@KGPAUtagDISPPARAMS@@PAUtagVARIANT@@PAUtagEXCEPINFO@@PAI@Z 100036fe f i MSR.obj
 0001:0000270c       ?CreateControlWindow@?$CComControl@VCOPOSMSR@@V?$CWindowImpl@VCOPOSMSR@@VCWindow@ATL@@V?$CWinTraits@$0FGAAAAAA@$0A@@3@@ATL@@@ATL@@UAEPAUHWND__@@PAU3@AAUtagRECT@@@Z 1000370c f i MSR.obj
 0001:0000273b       ?ControlQueryInterface@?$CComControl@VCOPOSMSR@@V?$CWindowImpl@VCOPOSMSR@@VCWindow@ATL@@V?$CWinTraits@$0FGAAAAAA@$0A@@3@@ATL@@@ATL@@UAEJABU_GUID@@PAPAX@Z 1000373b f i MSR.obj
 0001:00002756       ?IsDirty@?$IPersistStreamInitImpl@VCOPOSMSR@@@ATL@@UAGJXZ 10003756 f i MSR.obj
 0001:00002775       ?Load@?$IPersistStreamInitImpl@VCOPOSMSR@@@ATL@@UAGJPAUIStream@@@Z 10003775 f i MSR.obj
 0001:00002794       ?Save@?$IPersistStreamInitImpl@VCOPOSMSR@@@ATL@@UAGJPAUIStream@@H@Z 10003794 f i MSR.obj
 0001:000027b6       ?GetSizeMax@?$IPersistStreamInitImpl@VCOPOSMSR@@@ATL@@UAGJPAT_ULARGE_INTEGER@@@Z 100037b6 f i MSR.obj
 0001:0000296b       ?InitNew@?$IPersistStreamInitImpl@VCOPOSMSR@@@ATL@@UAGJXZ 1000396b f i MSR.obj
 0001:00002988       ??$?4UITypeInfo2@@@?$CComPtr@UITypeInfo@@@ATL@@QAEPAUITypeInfo@@ABV?$CComPtr@UITypeInfo2@@@1@@Z 10003988 f i MSR.obj
 0001:000029b5       ??$AtlAdd@K@ATL@@YAJPAKKK@Z 100039b5 f i MSR.obj
 0001:000029d8       ??$AtlAdd@_K@ATL@@YAJPA_K_K1@Z 100039d8 f i MSR.obj
 0001:00002a10       ??$AtlAddThrow@K@ATL@@YAKKK@Z 10003a10 f i MSR.obj
 0001:00002a36       ??$AtlModuleRegisterWndClassInfoT@VAtlModuleRegisterWndClassInfoParamW@ATL@@@ATL@@YAGPAU_ATL_BASE_MODULE70@0@PAU_ATL_WIN_MODULE70@0@PAU_ATL_WNDCLASSINFOW@0@PAP6GJPAUHWND__@@IIJ@ZVAtlModuleRegisterWndClassInfoParamW@0@@Z 10003a36 f i MSR.obj
 0001:00002b84       ??$AtlMultiply@H@ATL@@YAJPAHHH@Z 10003b84 f i MSR.obj
 0001:00002bbc       ??$AtlMultiply@I@ATL@@YAJPAIII@Z 10003bbc f i MSR.obj
 0001:00002bbc       ??$AtlMultiply@K@ATL@@YAJPAKKK@Z 10003bbc f i MSR.obj
 0001:00002bde       ??$AtlMultiplyThrow@I@ATL@@YAIII@Z 10003bde f i MSR.obj
 0001:00002c04       ??0?$CComAggObject@VCOPOSMSR@@@ATL@@QAE@PAX@Z 10003c04 f i MSR.obj
 0001:00002c31       ??0?$CComContainedObject@VCOPOSMSR@@@ATL@@QAE@PAX@Z 10003c31 f i MSR.obj
 0001:00002cea       ??0?$CComObject@V?$CComEnum@UIEnumConnectionPoints@@$1?_GUID_b196b285_bab4_101a_b69c_00aa00341d07@@3U__s_GUID@@BPAUIConnectionPoint@@V?$_CopyInterface@UIConnectionPoint@@@ATL@@VCComSingleThreadModel@6@@ATL@@@ATL@@QAE@PAX@Z 10003cea f i MSR.obj
 0001:00002d18       ??0?$CComObject@V?$CComEnum@UIEnumConnections@@$1?_GUID_b196b287_bab4_101a_b69c_00aa00341d07@@3U__s_GUID@@BUtagCONNECTDATA@@V?$_Copy@UtagCONNECTDATA@@@ATL@@VCComSingleThreadModel@6@@ATL@@@ATL@@QAE@PAX@Z 10003d18 f i MSR.obj
 0001:00002d46       ??0?$CComObject@VCOPOSMSR@@@ATL@@QAE@PAX@Z 10003d46 f i MSR.obj
 0001:00002dfd       ??0?$CComQIPtr@UIOleControlSite@@$1?_GUID_b196b289_bab4_101a_b69c_00aa00341d07@@3U__s_GUID@@B@ATL@@QAE@PAUIUnknown@@@Z 10003dfd f i MSR.obj
 0001:00002e26       ??0CAtlModule@ATL@@QAE@XZ  10003e26 f i MSR.obj
 0001:00002e67       ??0CParseBuffer@CRegParser@ATL@@QAE@H@Z 10003e67 f i MSR.obj
 0001:00002e9d       ??0_ATL_MSG@ATL@@QAE@PAUHWND__@@IIJH@Z 10003e9d f i MSR.obj
 0001:00002ed5       ??1?$CComAggObject@VCOPOSMSR@@@ATL@@UAE@XZ 10003ed5 f i MSR.obj
 0001:00002ef9       ??1?$CComEnumImpl@UIEnumConnectionPoints@@$1?_GUID_b196b285_bab4_101a_b69c_00aa00341d07@@3U__s_GUID@@BPAUIConnectionPoint@@V?$_CopyInterface@UIConnectionPoint@@@ATL@@@ATL@@UAE@XZ 10003ef9 f i MSR.obj
 0001:00002f39       ??1?$CComEnumImpl@UIEnumConnections@@$1?_GUID_b196b287_bab4_101a_b69c_00aa00341d07@@3U__s_GUID@@BUtagCONNECTDATA@@V?$_Copy@UtagCONNECTDATA@@@ATL@@@ATL@@UAE@XZ 10003f39 f i MSR.obj
 0001:00002f79       ??1?$CComObject@V?$CComEnum@UIEnumConnectionPoints@@$1?_GUID_b196b285_bab4_101a_b69c_00aa00341d07@@3U__s_GUID@@BPAUIConnectionPoint@@V?$_CopyInterface@UIConnectionPoint@@@ATL@@VCComSingleThreadModel@6@@ATL@@@ATL@@UAE@XZ 10003f79 f i MSR.obj
 0001:00002f9c       ??1?$CComObject@V?$CComEnum@UIEnumConnections@@$1?_GUID_b196b287_bab4_101a_b69c_00aa00341d07@@3U__s_GUID@@BUtagCONNECTDATA@@V?$_Copy@UtagCONNECTDATA@@@ATL@@VCComSingleThreadModel@6@@ATL@@@ATL@@UAE@XZ 10003f9c f i MSR.obj
 0001:00002fbf       ??1?$CComObject@VCOPOSMSR@@@ATL@@UAE@XZ 10003fbf f i MSR.obj
 0001:0000307d       ??1?$CComObjectCached@VCComClassFactory@ATL@@@ATL@@UAE@XZ 1000407d f i MSR.obj
 0001:00003093       ??1?$CComObjectRootEx@VCComMultiThreadModel@ATL@@@ATL@@QAE@XZ 10004093 f i MSR.obj
 0001:000030a8       ??1CRegObject@ATL@@UAE@XZ  100040a8 f i MSR.obj
 0001:000030c8       ??4?$CComPtr@UIUnknown@@@ATL@@QAEPAUIUnknown@@PAU2@@Z 100040c8 f i MSR.obj
 0001:000030c8       ??4?$CComPtr@UIAdviseSink@@@ATL@@QAEPAUIAdviseSink@@PAU2@@Z 100040c8 f i MSR.obj
 0001:000030c8       ??4?$CComPtr@UIOleClientSite@@@ATL@@QAEPAUIOleClientSite@@PAU2@@Z 100040c8 f i MSR.obj
 0001:000030fc       ??4?$CComQIPtr@UIOleObject@@$1?_GUID_00000112_0000_0000_c000_000000000046@@3U__s_GUID@@B@ATL@@QAEPAUIOleObject@@PAUIUnknown@@@Z 100040fc f i MSR.obj
 0001:00003121       ??4?$CComQIPtr@UISpecifyPropertyPages@@$1?_GUID_b196b28b_bab4_101a_b69c_00aa00341d07@@3U__s_GUID@@B@ATL@@QAEPAUISpecifyPropertyPages@@PAUIUnknown@@@Z 10004121 f i MSR.obj
 0001:00003146       ??_G?$CComContainedObject@VCOPOSMSR@@@ATL@@UAEPAXI@Z 10004146 f i MSR.obj
 0001:00003146       ??_E?$CComContainedObject@VCOPOSMSR@@@ATL@@UAEPAXI@Z 10004146 f i MSR.obj
 0001:0000316b       ??_E?$CComObject@VCOPOSMSR@@@ATL@@UAEPAXI@Z 1000416b f i MSR.obj
 0001:0000316b       ??_G?$CComObject@VCOPOSMSR@@@ATL@@UAEPAXI@Z 1000416b f i MSR.obj
 0001:00003190       ?Add@?$CSimpleArray@GV?$CSimpleArrayEqualHelper@G@ATL@@@ATL@@QAEHABG@Z 10004190 f i MSR.obj
 0001:00003214       ?Add@?$CSimpleMap@PA_WPA_WVCExpansionVectorEqualHelper@ATL@@@ATL@@QAEHABQA_W0@Z 10004214 f i MSR.obj
 0001:00003269       ?Add@CComDynamicUnkArray@ATL@@QAEKPAUIUnknown@@@Z 10004269 f i MSR.obj
 0001:00003324       ?Add@CExpansionVector@ATL@@QAEHPB_W0@Z 10004324 f i MSR.obj
 0001:00003428       ?AddString@CParseBuffer@CRegParser@ATL@@QAEHPB_W@Z 10004428 f i MSR.obj
 0001:0000345d       ?AddValue@CRegParser@ATL@@IAEJAAVCRegKey@2@PB_WPA_W@Z 1000445d f i MSR.obj
 0001:0000377e       ?Allocate@?$CAtlSafeAllocBufferManager@VCCRTAllocator@ATL@@@_ATL_SAFE_ALLOCA_IMPL@ATL@@QAEPAXK@Z 1000477e f i MSR.obj
 0001:000037ab       ?Allocate@?$CTempBuffer@E$0BAA@VCCRTAllocator@ATL@@@ATL@@QAEPAEI@Z 100047ab f i MSR.obj
 0001:000037da       ?Allocate@?$CTempBuffer@_W$0BAA@VCCRTAllocator@ATL@@@ATL@@QAEPA_WI@Z 100047da f i MSR.obj
 0001:00003809       ?Allocate@?$CTempBuffer@_W$0EAA@VCCRTAllocator@ATL@@@ATL@@QAEPA_WI@Z 10004809 f i MSR.obj
 0001:00003838       ?AllocateHeap@?$CTempBuffer@E$0BAA@VCCRTAllocator@ATL@@@ATL@@AAEXI@Z 10004838 f i MSR.obj
 0001:00003838       ?AllocateHeap@?$CTempBuffer@_W$0BAA@VCCRTAllocator@ATL@@@ATL@@AAEXI@Z 10004838 f i MSR.obj
 0001:00003838       ?AllocateHeap@?$CTempBuffer@_W$0EAA@VCCRTAllocator@ATL@@@ATL@@AAEXI@Z 10004838 f i MSR.obj
 0001:0000385d       ?Append@CParseBuffer@CRegParser@ATL@@QAEHPB_WH@Z 1000485d f i MSR.obj
 0001:000038eb       ?AtlCallTermFunc@ATL@@YGXPAU_ATL_MODULE70@1@@Z 100048eb f i MSR.obj
 0001:0000392f       ?AtlCoTaskMemCAlloc@ATL@@YAPAXKK@Z 1000492f f i MSR.obj
 0001:0000395c       ?AtlCoTaskMemRecalloc@ATL@@YAPAXPAXKK@Z 1000495c f i MSR.obj
 0001:0000398c       ?AtlComModuleGetClassObject@ATL@@YGJPAU_ATL_COM_MODULE70@1@ABU_GUID@@1PAPAX@Z 1000498c f i MSR.obj
 0001:00003a7f       ?AtlComModuleRegisterServer@ATL@@YGJPAU_ATL_COM_MODULE70@1@HPBU_GUID@@@Z 10004a7f f i MSR.obj
 0001:00003b07       ?AtlComModuleUnregisterServer@ATL@@YGJPAU_ATL_COM_MODULE70@1@HPBU_GUID@@@Z 10004b07 f i MSR.obj
 0001:00003b8f       ?AtlComQIPtrAssign2@ATL@@YAXPAPAUIUnknown@@PAU2@ABU_GUID@@@Z 10004b8f f i MSR.obj
 0001:00003bbe       ?AtlCreateTargetDC@ATL@@YGPAUHDC__@@PAU2@PAUtagDVTARGETDEVICE@@@Z 10004bbe f i MSR.obj
 0001:00003c27       ?AtlCrtErrorCheck@ATL@@YAHH@Z 10004c27 f i MSR.obj
 0001:00003c62       ?AtlHiMetricToPixel@ATL@@YGXPBUtagSIZE@@PAU2@@Z 10004c62 f i MSR.obj
 0001:00003cd7       ?AtlHresultFromLastError@ATL@@YAJXZ 10004cd7 f i MSR.obj
 0001:00003cee       ?AtlHresultFromWin32@ATL@@YAJK@Z 10004cee f i MSR.obj
 0001:00003d03       ?AtlIPersistStreamInit_Load@ATL@@YGJPAUIStream@@PBUATL_PROPMAP_ENTRY@1@PAXPAUIUnknown@@@Z 10004d03 f i MSR.obj
 0001:00003ee3       ?AtlIPersistStreamInit_Save@ATL@@YGJPAUIStream@@HPBUATL_PROPMAP_ENTRY@1@PAXPAUIUnknown@@@Z 10004ee3 f i MSR.obj
 0001:0000407b       ?AtlInternalOleLoadFromStream@ATL@@YAJPAUIStream@@ABU_GUID@@PAPAXTClassesAllowedInStream@1@K@Z 1000507b f i MSR.obj
 0001:000041a1       ?AtlInternalQueryInterface@ATL@@YGJPAXPBU_ATL_INTMAP_ENTRY@1@ABU_GUID@@PAPAX@Z 100051a1 f i MSR.obj
 0001:00004244       ?AtlLoadTypeLib@ATL@@YGJPAUHINSTANCE__@@PB_WPAPA_WPAPAUITypeLib@@@Z 10005244 f i MSR.obj
 0001:00004422       ?AtlModuleAddTermFunc@ATL@@YGJPAU_ATL_MODULE70@1@P6GXK@ZK@Z 10005422 f i MSR.obj
 0001:0000447f       ?AtlRegisterClassCategoriesHelper@ATL@@YGJABU_GUID@@PBU_ATL_CATMAP_ENTRY@1@H@Z 1000547f f i MSR.obj
 0001:0000475f       ?AtlRegisterTypeLib@ATL@@YGJPAUHINSTANCE__@@PB_W@Z 1000575f f i MSR.obj
 0001:000048e7       ?AtlThrowImpl@ATL@@YGXJ@Z  100058e7 f i MSR.obj
 0001:00004905       ?AtlUnRegisterTypeLib@ATL@@YGJPAUHINSTANCE__@@PB_W@Z 10005905 f i MSR.obj
 0001:000049b0       ?AtlWinModuleAddCreateWndData@ATL@@YGXPAU_ATL_WIN_MODULE70@1@PAU_AtlCreateWndData@1@PAX@Z 100059b0 f i MSR.obj
 0001:00004a04       ?AtlWinModuleExtractCreateWndData@ATL@@YGPAXPAU_ATL_WIN_MODULE70@1@@Z 10005a04 f i MSR.obj
 0001:00004a67       ?AtlWinModuleRegisterClassExW@ATL@@YGGPAU_ATL_WIN_MODULE70@1@PBUtagWNDCLASSEXW@@@Z 10005a67 f i MSR.obj
 0001:00004aa6       ?CanForceRemoveKey@CRegParser@ATL@@IAEHPB_W@Z 10005aa6 f i MSR.obj
 0001:00004ad5       ?ChToByte@CRegParser@ATL@@KAE_W@Z 10005ad5 f i MSR.obj
 0001:00004b08       ?Cleanup@CComTypeInfoHolder@ATL@@SGXK@Z 10005b08 f i MSR.obj
 0001:00004b3b       ?ClearReplacements@CExpansionVector@ATL@@QAEJXZ 10005b3b f i MSR.obj
 0001:00004b78       ?Close@CRegKey@ATL@@QAEJXZ 10005b78 f i MSR.obj
 0001:00004b92       ?Create@?$CWindowImpl@VCOPOSMSR@@VCWindow@ATL@@V?$CWinTraits@$0FGAAAAAA@$0A@@3@@ATL@@QAEPAUHWND__@@PAU3@V_U_RECT@2@PB_WKKV_U_MENUorID@2@PAX@Z 10005b92 f i MSR.obj
 0001:00004bd6       ?Create@?$CWindowImplBaseT@VCWindow@ATL@@V?$CWinTraits@$0FGAAAAAA@$0A@@2@@ATL@@QAEPAUHWND__@@PAU3@V_U_RECT@2@PB_WKKV_U_MENUorID@2@GPAX@Z 10005bd6 f i MSR.obj
 0001:00004c72       ?Create@CRegKey@ATL@@QAEJPAUHKEY__@@PB_WPA_WKKPAU_SECURITY_ATTRIBUTES@@PAK@Z 10005c72 f i MSR.obj
 0001:00004cd5       ?CreateInstance@?$CComCreator@V?$CComAggObject@VCOPOSMSR@@@ATL@@@ATL@@SGJPAXABU_GUID@@PAPAX@Z 10005cd5 f i MSR.obj
 0001:00004d4b       ?CreateInstance@?$CComCreator@V?$CComObject@VCOPOSMSR@@@ATL@@@ATL@@SGJPAXABU_GUID@@PAPAX@Z 10005d4b f i MSR.obj
 0001:00004dcc       ?CreateInstance@?$CComObject@V?$CComEnum@UIEnumConnectionPoints@@$1?_GUID_b196b285_bab4_101a_b69c_00aa00341d07@@3U__s_GUID@@BPAUIConnectionPoint@@V?$_CopyInterface@UIConnectionPoint@@@ATL@@VCComSingleThreadModel@6@@ATL@@@ATL@@SGJPAPAV12@@Z 10005dcc f i MSR.obj
 0001:00004e13       ?CreateInstance@?$CComObject@V?$CComEnum@UIEnumConnections@@$1?_GUID_b196b287_bab4_101a_b69c_00aa00341d07@@3U__s_GUID@@BUtagCONNECTDATA@@V?$_Copy@UtagCONNECTDATA@@@ATL@@VCComSingleThreadModel@6@@ATL@@@ATL@@SGJPAPAV12@@Z 10005e13 f i MSR.obj
 0001:00004e5a       ?DefaultReflectionHandler@?$CWindowImplRoot@VCWindow@ATL@@@ATL@@SAHPAUHWND__@@IIJAAJ@Z 10005e5a f i MSR.obj
 0001:00004ecd       ?DeleteSubKey@CRegKey@ATL@@QAEJPB_W@Z 10005ecd f i MSR.obj
 0001:00004ef0       ?DoEvent@COPOSMSR@@IAEXIIJ@Z 10005ef0 f i MSR.obj
 0001:00004f70       ?DoVerbHide@?$IOleObjectImpl@VCOPOSMSR@@@ATL@@QAEJPBUtagRECT@@PAUHWND__@@@Z 10005f70 f i MSR.obj
 0001:00004fa6       ?DoVerbInPlaceActivate@?$IOleObjectImpl@VCOPOSMSR@@@ATL@@QAEJPBUtagRECT@@PAUHWND__@@@Z 10005fa6 f i MSR.obj
 0001:00004fd9       ?DoVerbPrimary@?$IOleObjectImpl@VCOPOSMSR@@@ATL@@QAEJPBUtagRECT@@PAUHWND__@@@Z 10005fd9 f i MSR.obj
 0001:00005065       ?DoVerbProperties@CComControlBase@ATL@@QAEJPBUtagRECT@@PAUHWND__@@@Z 10006065 f i MSR.obj
 0001:0000518c       ?DoVerbShow@?$IOleObjectImpl@VCOPOSMSR@@@ATL@@QAEJPBUtagRECT@@PAUHWND__@@@Z 1000618c f i MSR.obj
 0001:000051b1       ?DoVerbUIActivate@?$IOleObjectImpl@VCOPOSMSR@@@ATL@@QAEJPBUtagRECT@@PAUHWND__@@@Z 100061b1 f i MSR.obj
 0001:000051ee       ?DoesVerbActivate@CComControlBase@ATL@@QAEHJ@Z 100061ee f i MSR.obj
 0001:0000520f       ?DoesVerbUIActivate@CComControlBase@ATL@@QAEHJ@Z 1000620f f i MSR.obj
 0001:00005244       ?EndOfVar@CRegParser@ATL@@IAEHXZ 10006244 f i MSR.obj
 0001:00005264       ?EscapeSingleQuote@CAtlModule@ATL@@SAXPA_WIPB_W@Z 10006264 f i MSR.obj
 0001:000052b3       ?FindKey@?$CSimpleMap@PA_WPA_WVCExpansionVectorEqualHelper@ATL@@@ATL@@QBEHABQA_W@Z 100062b3 f i MSR.obj
 0001:000052ea       ?FireTheEvent@?$CProxy_IOPOSEvents@VCOPOSMSR@@@@IAEXPAVOposVariant@@IAAJPB_WJ@Z 100062ea f i MSR.obj
 0001:0000537c       ?FireViewChange@CComControlBase@ATL@@QAEJXZ 1000637c f i MSR.obj
 0001:000053c5       ?Fire_DataEvent@?$CProxy_IOPOSEvents@VCOPOSMSR@@@@QAEXJ@Z 100063c5 f i MSR.obj
 0001:00005451       ?Fire_DirectIOEvent@?$CProxy_IOPOSEvents@VCOPOSMSR@@@@QAEXJPAJPAPA_W@Z 10006451 f i MSR.obj
 0001:00005537       ?Fire_ErrorEvent@?$CProxy_IOPOSEvents@VCOPOSMSR@@@@QAEXJJJPAJ@Z 10006537 f i MSR.obj
 0001:0000561e       ?Fire_StatusUpdateEvent@?$CProxy_IOPOSEvents@VCOPOSMSR@@@@QAEXJ@Z 1000661e f i MSR.obj
 0001:000056aa       ?FreeHeap@?$CTempBuffer@_W$0BAA@VCCRTAllocator@ATL@@@ATL@@AAEXXZ 100066aa f i MSR.obj
 0001:000056aa       ?FreeHeap@?$CTempBuffer@E$0BAA@VCCRTAllocator@ATL@@@ATL@@AAEXXZ 100066aa f i MSR.obj
 0001:000056aa       ?FreeHeap@?$CTempBuffer@_W$0EAA@VCCRTAllocator@ATL@@@ATL@@AAEXXZ 100066aa f i MSR.obj
 0001:000056b3       ?GetAmbientLocaleID@CComControlBase@ATL@@QAEJAAK@Z 100066b3 f i MSR.obj
 0001:0000570f       ?GetAmbientUserMode@CComControlBase@ATL@@QAEJAAH@Z 1000670f f i MSR.obj
 0001:0000577f       ?GetAt@CComDynamicUnkArray@ATL@@QAEPAUIUnknown@@H@Z 1000677f f i MSR.obj
 0001:0000579b       ?GetClassObject@CComModule@ATL@@QAEJABU_GUID@@0PAPAX@Z 1000679b f i MSR.obj
 0001:0000583d       ?GetConnMap@COPOSMSR@@SAPBU_ATL_CONNMAP_ENTRY@ATL@@PAH@Z 1000683d f i MSR.obj
 0001:000058ad       ?GetCookie@CComDynamicUnkArray@ATL@@QAGKPAPAUIUnknown@@@Z 100068ad f i MSR.obj
 0001:000058e5       ?GetIDsOfNames@CComTypeInfoHolder@ATL@@QAEJABU_GUID@@PAPA_WIKPAJ@Z 100068e5 f i MSR.obj
 0001:000059f3       ?GetKeyAt@?$CSimpleMap@PA_WPA_WVCExpansionVectorEqualHelper@ATL@@@ATL@@QBEAAPA_WH@Z 100069f3 f i MSR.obj
 0001:00005a18       ?GetPagesHelper@?$ISpecifyPropertyPagesImpl@VCOPOSMSR@@@ATL@@IAEJPAUtagCAUUID@@PBUATL_PROPMAP_ENTRY@2@@Z 10006a18 f i MSR.obj
 0001:00005b3f       ?GetProperty@?$CComPtr@UIDispatch@@@ATL@@SAJPAUIDispatch@@JPAUtagVARIANT@@@Z 10006b3f f i MSR.obj
 0001:00005b8e       ?GetSizeMax@CComVariant@ATL@@QBEJPAT_ULARGE_INTEGER@@@Z 10006b8e f i MSR.obj
 0001:00005d48       ?GetStreamSize@CComBSTR@ATL@@SAKPA_W@Z 10006d48 f i MSR.obj
 0001:00005d62       ?GetTI@CComTypeInfoHolder@ATL@@QAEJK@Z 10006d62 f i MSR.obj
 0001:00005f4b       ?GetTI@CComTypeInfoHolder@ATL@@QAEJKPAPAUITypeInfo@@@Z 10006f4b f i MSR.obj
 0001:00005f8d       ?GetUnknown@CComDynamicUnkArray@ATL@@QAGPAUIUnknown@@K@Z 10006f8d f i MSR.obj
 0001:00005fae       ?GetValueAt@?$CSimpleMap@PA_WPA_WVCExpansionVectorEqualHelper@ATL@@@ATL@@QBEAAPA_WH@Z 10006fae f i MSR.obj
 0001:00005fd4       ?GetZoomInfo@CComControlBase@ATL@@QAEXAAUATL_DRAWINFO@@@Z 10006fd4 f i MSR.obj
 0001:00006067       ?HKeyFromString@CRegParser@ATL@@KAPAUHKEY__@@PA_W@Z 10007067 f i MSR.obj
 0001:00006095       ?HasSubKeys@CRegParser@ATL@@IAEHPAUHKEY__@@@Z 10007095 f i MSR.obj
 0001:000060ca       ?IDataObject_GetData@CComControlBase@ATL@@QAEJPAUtagFORMATETC@@PAUtagSTGMEDIUM@@@Z 100070ca f i MSR.obj
 0001:00006270       ?IOleInPlaceObject_InPlaceDeactivate@CComControlBase@ATL@@QAEJXZ 10007270 f i MSR.obj
 0001:000062f7       ?IOleInPlaceObject_SetObjectRects@CComControlBase@ATL@@QAEJPBUtagRECT@@0@Z 100072f7 f i MSR.obj
 0001:000063c4       ?IOleInPlaceObject_UIDeactivate@CComControlBase@ATL@@QAEJXZ 100073c4 f i MSR.obj
 0001:00006486       ?IOleObject_Advise@CComControlBase@ATL@@QAEJPAUIAdviseSink@@PAK@Z 10007486 f i MSR.obj
 0001:000064b0       ?IOleObject_Close@CComControlBase@ATL@@QAEJK@Z 100074b0 f i MSR.obj
 0001:00006594       ?IOleObject_GetClientSite@CComControlBase@ATL@@QAEJPAPAUIOleClientSite@@@Z 10007594 f i MSR.obj
 0001:000065bd       ?IOleObject_SetClientSite@CComControlBase@ATL@@QAEJPAUIOleClientSite@@@Z 100075bd f i MSR.obj
 0001:000065fc       ?IOleObject_SetExtent@CComControlBase@ATL@@QAEJKPAUtagSIZE@@@Z 100075fc f i MSR.obj
 0001:000066b0       ?IPSI_GetIPersistStreamInit@?$IPersistStorageImpl@VCOPOSMSR@@@ATL@@AAEPAUIPersistStreamInit@@XZ 100076b0 f i MSR.obj
 0001:000066f2       ?IPersistStreamInit_Load@?$IPersistStreamInitImpl@VCOPOSMSR@@@ATL@@QAEJPAUIStream@@PBUATL_PROPMAP_ENTRY@2@@Z 100076f2 f i MSR.obj
 0001:0000671e       ?IPersistStreamInit_Save@?$IPersistStreamInitImpl@VCOPOSMSR@@@ATL@@QAEJPAUIStream@@HPBUATL_PROPMAP_ENTRY@2@@Z 1000771e f i MSR.obj
 0001:00006753       ?IQuickActivate_QuickActivate@CComControlBase@ATL@@QAEJPAUtagQACONTAINER@@PAUtagQACONTROL@@@Z 10007753 f i MSR.obj
 0001:00006995       ?IViewObject_Draw@CComControlBase@ATL@@QAEJKJPAXPAUtagDVTARGETDEVICE@@PAUHDC__@@2PBU_RECTL@@3@Z 10007995 f i MSR.obj
 0001:00006a3d       ?InPlaceActivate@CComControlBase@ATL@@QAEJJPBUtagRECT@@@Z 10007a3d f i MSR.obj
 0001:00006cae       ?Init@?$CComEnumImpl@UIEnumConnectionPoints@@$1?_GUID_b196b285_bab4_101a_b69c_00aa00341d07@@3U__s_GUID@@BPAUIConnectionPoint@@V?$_CopyInterface@UIConnectionPoint@@@ATL@@@ATL@@QAEJPAPAUIConnectionPoint@@0PAUIUnknown@@W4CComEnumFlags@2@@Z 10007cae f i MSR.obj
 0001:00006d8d       ?Init@?$CComEnumImpl@UIEnumConnections@@$1?_GUID_b196b287_bab4_101a_b69c_00aa00341d07@@3U__s_GUID@@BUtagCONNECTDATA@@V?$_Copy@UtagCONNECTDATA@@@ATL@@@ATL@@QAEJPAUtagCONNECTDATA@@0PAUIUnknown@@W4CComEnumFlags@2@@Z 10007d8d f i MSR.obj
 0001:00006e6c       ?Init@CComModule@ATL@@QAEJPAU_ATL_OBJMAP_ENTRY30@2@PAUHINSTANCE__@@PBU_GUID@@@Z 10007e6c f i MSR.obj
 0001:00006ecb       ?Init@CDynamicStdCallThunk2@ATL@@QAEHKPAX@Z 10007ecb f i MSR.obj
 0001:00006ef6       ?InlineIsEqualUnknown@ATL@@YGHABU_GUID@@@Z 10007ef6 f i MSR.obj
 0001:00006f1e       ?InternalGetSite@CComControlBase@ATL@@QAEJABU_GUID@@PAPAX@Z 10007f1e f i MSR.obj
 0001:00006f4c       ?InternalSetAtIndex@?$CSimpleMap@PA_WPA_WVCExpansionVectorEqualHelper@ATL@@@ATL@@QAEXHABQA_W0@Z 10007f4c f i MSR.obj
 0001:00006f76       ?Invoke@CComTypeInfoHolder@ATL@@QAEJPAUIDispatch@@JABU_GUID@@KGPAUtagDISPPARAMS@@PAUtagVARIANT@@PAUtagEXCEPINFO@@PAI@Z 10007f76 f i MSR.obj
 0001:00006fb9       ?IsEqualObject@?$CComPtrBase@UIOleClientSite@@@ATL@@QAE_NPAUIUnknown@@@Z 10007fb9 f i MSR.obj
 0001:00006fb9       ?IsEqualObject@?$CComPtrBase@UITypeInfo@@@ATL@@QAE_NPAUIUnknown@@@Z 10007fb9 f i MSR.obj
 0001:00007026       ?IsSpace@CRegParser@ATL@@IAEH_W@Z 10008026 f i MSR.obj
 0001:00007050       ?LoadNameCache@CComTypeInfoHolder@ATL@@QAEJPAUITypeInfo@@@Z 10008050 f i MSR.obj
 0001:0000719e       ?Lookup@?$CSimpleMap@PA_WPA_WVCExpansionVectorEqualHelper@ATL@@@ATL@@QBEPA_WABQA_W@Z 1000819e f i MSR.obj
 0001:000071c4       ?NextToken@CRegParser@ATL@@IAEJPA_W@Z 100081c4 f i MSR.obj
 0001:000072fc       ?OnKillFocus@CComControlBase@ATL@@QAEJIIJAAH@Z 100082fc f i MSR.obj
 0001:00007357       ?OnMouseActivate@CComControlBase@ATL@@QAEJIIJAAH@Z 10008357 f i MSR.obj
 0001:000073c5       ?OnPaint@CComControlBase@ATL@@QAEJIIJAAH@Z 100083c5 f i MSR.obj
 0001:00007477       ?OnSetFocus@CComControlBase@ATL@@QAEJIIJAAH@Z 10008477 f i MSR.obj
 0001:00007500       ?Open@CRegKey@ATL@@QAEJPAUHKEY__@@PB_WK@Z 10008500 f i MSR.obj
 0001:00007549       ?PreProcessBuffer@CRegParser@ATL@@QAEJPA_WPAPA_W@Z 10008549 f i MSR.obj
 0001:000077b3       ?ProcessWindowMessage@?$CComControl@VCOPOSMSR@@V?$CWindowImpl@VCOPOSMSR@@VCWindow@ATL@@V?$CWinTraits@$0FGAAAAAA@$0A@@3@@ATL@@@ATL@@UAEHPAUHWND__@@IIJAAJK@Z 100087b3 f i MSR.obj
 0001:00007852       ?PutProperty@?$CComPtr@UIDispatch@@@ATL@@SAJPAUIDispatch@@JPAUtagVARIANT@@@Z 10008852 f i MSR.obj
 0001:000078e4       ?ReadFromStream@CComBSTR@ATL@@QAEJPAUIStream@@@Z 100088e4 f i MSR.obj
 0001:00007a12       ?ReadFromStream@CComVariant@ATL@@QAEJPAUIStream@@GTClassesAllowedInStream@2@K@Z 10008a12 f i MSR.obj
 0001:00007b98       ?RecurseDeleteKey@CRegKey@ATL@@QAEJPB_W@Z 10008b98 f i MSR.obj
 0001:00007c5a       ?RegCreateKeyExW@CAtlTransactionManager@ATL@@QAEJPAUHKEY__@@PB_WKPA_WKKQAU_SECURITY_ATTRIBUTES@@PAPAU3@PAK@Z 10008c5a f i MSR.obj
 0001:00007cbd       ?RegDeleteKeyW@CAtlTransactionManager@ATL@@QAEJPAUHKEY__@@PB_W@Z 10008cbd f i MSR.obj
 0001:00007d0f       ?RegOpenKeyExW@CAtlTransactionManager@ATL@@QAEJPAUHKEY__@@PB_WKKPAPAU3@@Z 10008d0f f i MSR.obj
 0001:00007d66       ?Register@_ATL_WNDCLASSINFOW@ATL@@QAEGPAP6GJPAUHWND__@@IIJ@Z@Z 10008d66 f i MSR.obj
 0001:00007d86       ?RegisterBuffer@CRegParser@ATL@@QAEJPA_WH@Z 10008d86 f i MSR.obj
 0001:00007ebf       ?RegisterFromResource@CRegObject@ATL@@IAEJPB_W00H@Z 10008ebf f i MSR.obj
 0001:00007ff5       ?RegisterServer@?$CAtlModuleT@VCComModule@ATL@@@ATL@@QAEJHPBU_GUID@@@Z 10008ff5 f i MSR.obj
 0001:00008023       ?RegisterServer@CComModule@ATL@@QAEJHPBU_GUID@@@Z 10009023 f i MSR.obj
 0001:00008099       ?RegisterSubkeys@CRegParser@ATL@@IAEJPA_WPAUHKEY__@@HH@Z 10009099 f i MSR.obj
 0001:00008668       ?Remove@CComDynamicUnkArray@ATL@@QAEHK@Z 10009668 f i MSR.obj
 0001:00008691       ?RemoveAll@?$CSimpleMap@PA_WPA_WVCExpansionVectorEqualHelper@ATL@@@ATL@@QAEXXZ 10009691 f i MSR.obj
 0001:000086bd       ?ResourceRegisterSz@CRegObject@ATL@@QAGJPB_W00@Z 100096bd f i MSR.obj
 0001:000086ea       ?ResourceUnregisterSz@CRegObject@ATL@@QAGJPB_W00@Z 100096ea f i MSR.obj
 0001:00008717       ?SendOnDataChange@CComControlBase@ATL@@QAEJK@Z 10009717 f i MSR.obj
 0001:00008764       ?SetControlFocus@CComControlBase@ATL@@QAEHH@Z 10009764 f i MSR.obj
 0001:00008801       ?SetMultiStringValue@CRegKey@ATL@@QAEJPB_W0@Z 10009801 f i MSR.obj
 0001:0000885d       ?SetStringValue@CRegKey@ATL@@QAEJPB_W0K@Z 1000985d f i MSR.obj
 0001:000088a6       ?SkipAssignment@CRegParser@ATL@@IAEJPA_W@Z 100098a6 f i MSR.obj
 0001:0000890b       ?SkipWhiteSpace@CRegParser@ATL@@IAEXXZ 1000990b f i MSR.obj
 0001:0000892d       ?StrChrW@CRegParser@ATL@@KAPA_WPA_W_W@Z 1000992d f i MSR.obj
 0001:0000896a       ?Term@CAtlModule@ATL@@QAEXXZ 1000996a f i MSR.obj
 0001:000089a3       ?Term@CComModule@ATL@@QAEXXZ 100099a3 f i MSR.obj
 0001:000089fb       ?UnregisterServer@?$CAtlModuleT@VCComModule@ATL@@@ATL@@QAEJHPBU_GUID@@@Z 100099fb f i MSR.obj
 0001:00008a21       ?UnregisterServer@CComModule@ATL@@QAEJHPBU_GUID@@@Z 10009a21 f i MSR.obj
 0001:00008a97       ?UpdateRegistryFromResource@CAtlModule@ATL@@QAGJIHPAU_ATL_REGMAP_ENTRY@2@@Z 10009a97 f i MSR.obj
 0001:00008c62       ?UpdateRegistryFromResource@CAtlModule@ATL@@QAGJPB_WHPAU_ATL_REGMAP_ENTRY@2@@Z 10009c62 f i MSR.obj
 0001:00008e33       ?VTFromRegType@CRegParser@ATL@@KAHPB_WAAG@Z 10009e33 f i MSR.obj
 0001:00008ea0       ?WindowProc@?$CWindowImplBaseT@VCWindow@ATL@@V?$CWinTraits@$0FGAAAAAA@$0A@@2@@ATL@@SGJPAUHWND__@@IIJ@Z 10009ea0 f i MSR.obj
 0001:00008f92       ?WriteToStream@CComBSTR@ATL@@QAEJPAUIStream@@@Z 10009f92 f i MSR.obj
 0001:00008fe9       ?WriteToStream@CComVariant@ATL@@QAEJPAUIStream@@@Z 10009fe9 f i MSR.obj
 0001:00009163       ?WriteToStream@CComVariant@ATL@@QAEJPAUIStream@@G@Z 1000a163 f i MSR.obj
 0001:000091cc       ?_AtlInitialConstruct@?$CComObjectRootEx@VCComMultiThreadModel@ATL@@@ATL@@QAEJXZ 1000a1cc f i MSR.obj
 0001:000091e1       ?_AtlVerifyStackAvailable@_ATL_SAFE_ALLOCA_IMPL@ATL@@YA_NK@Z 1000a1e1 f i MSR.obj
 0001:0000925f       ?copy@?$_Copy@UtagCONNECTDATA@@@ATL@@SAJPAUtagCONNECTDATA@@PBU3@@Z 1000a25f f i MSR.obj
 0001:00009295       ?copy@?$_CopyInterface@UIConnectionPoint@@@ATL@@SAJPAPAUIConnectionPoint@@PBQAU3@@Z 1000a295 f i MSR.obj
 0001:000092c3       ?memcpy_s@Checked@ATL@@YAXPAXIPBXI@Z 1000a2c3 f i MSR.obj
 0001:000092e2       ?ocscpy_s@@YA_NPA_WIPB_W@Z 1000a2e2 f i MSR.obj
 0001:00009311       ?ocslen@@YAHPB_W@Z         1000a311 f i MSR.obj
 0001:00009331       ?wcscpy_s@Checked@ATL@@YAXPA_WIPB_W@Z 1000a331 f i MSR.obj
 0001:0000934d       _DllCanUnloadNow@0         1000a34d f   MSR.obj
 0001:00009359       _DllGetClassObject@12      1000a359 f   MSR.obj
 0001:00009367       _DllMain@12                1000a367 f   MSR.obj
 0001:000093a9       _DllRegisterServer@0       1000a3a9 f   MSR.obj
 0001:000093b8       _DllUnregisterServer@0     1000a3b8 f   MSR.obj
 0001:000093c7       _InlineIsEqualGUID         1000a3c7 f i MSR.obj
 0001:000093f7       ___local_stdio_printf_options 1000a3f7 f i MSR.obj
 0001:000093fd       __vswprintf_s_l            1000a3fd f i MSR.obj
 0001:000094aa       _swprintf_s                1000a4aa f i MSR.obj
 0001:000094c6       ??0?$CComControl@VCOPOSMSR@@V?$CWindowImpl@VCOPOSMSR@@VCWindow@ATL@@V?$CWinTraits@$0FGAAAAAA@$0A@@3@@ATL@@@ATL@@QAE@XZ 1000a4c6 f i MSRImpl.obj
 0001:000094ed       ??0?$CProxy_IOPOSEvents@VCOPOSMSR@@@@QAE@XZ 1000a4ed f i MSRImpl.obj
 0001:0000950d       ??0CComControlBase@ATL@@QAE@AAPAUHWND__@@@Z 1000a50d f i MSRImpl.obj
 0001:00009557       ??0COPOSMSR@@QAE@XZ        1000a557 f   MSRImpl.obj
 0001:0000958d       ??1?$CComControl@VCOPOSMSR@@V?$CWindowImpl@VCOPOSMSR@@VCWindow@ATL@@V?$CWinTraits@$0FGAAAAAA@$0A@@3@@ATL@@@ATL@@UAE@XZ 1000a58d f i MSRImpl.obj
 0001:000095a6       ??1?$IConnectionPointImpl@VCOPOSMSR@@$1?DIID__IOPOSMSREvents@@3U_GUID@@BVCComDynamicUnkArray@ATL@@@ATL@@QAE@XZ 1000a5a6 f i MSRImpl.obj
 0001:000095a6       ??1?$IConnectionPointImpl@VCOPOSMSR@@$1?IID_IPropertyNotifySink@@3U_GUID@@BVCComDynamicUnkArray@ATL@@@ATL@@QAE@XZ 1000a5a6 f i MSRImpl.obj
 0001:000095e3       ??1CComControlBase@ATL@@UAE@XZ 1000a5e3 f i MSRImpl.obj
 0001:00009646       ??1COPOSMSR@@UAE@XZ        1000a646 f   MSRImpl.obj
 0001:0000968e       ??1OposVariantResult@@QAE@XZ 1000a68e f i MSRImpl.obj
 0001:000096af       ??1_CW@@QAE@XZ             1000a6af f i MSRImpl.obj
 0001:000096c8       ?AuthenticateDevice@COPOSMSR@@UAGJPA_WPAJ@Z 1000a6c8 f   MSRImpl.obj
 0001:0000971f       ?CheckHealth@COPOSMSR@@UAGJJPAJ@Z 1000a71f f   MSRImpl.obj
 0001:0000976e       ?ClaimDevice@COPOSMSR@@UAGJJPAJ@Z 1000a76e f   MSRImpl.obj
 0001:000097e3       ?ClearInput@COPOSMSR@@UAGJPAJ@Z 1000a7e3 f   MSRImpl.obj
 0001:000097fe       ?ClearInputProperties@COPOSMSR@@UAGJPAJ@Z 1000a7fe f   MSRImpl.obj
 0001:00009819       ?Close@COPOSMSR@@UAGJPAJ@Z 1000a819 f   MSRImpl.obj
 0001:00009887       ?CompareFirmwareVersion@COPOSMSR@@UAGJPA_WPAJ1@Z 1000a887 f   MSRImpl.obj
 0001:00009907       ?DeauthenticateDevice@COPOSMSR@@UAGJPA_WPAJ@Z 1000a907 f   MSRImpl.obj
 0001:0000995e       ?DirectIO@COPOSMSR@@UAGJJPAJPAPA_W0@Z 1000a95e f   MSRImpl.obj
 0001:00009a0c       ?DoInvoke@COPOSMSR@@IAEJJPAVOposVariant@@IHPAJ_N@Z 1000aa0c f   MSRImpl.obj
 0001:00009ace       ?EventClose@COPOSMSR@@IAEXXZ 1000aace f i MSRImpl.obj
 0001:00009b01       ?EventInit@COPOSMSR@@IAEJXZ 1000ab01 f i MSRImpl.obj
 0001:00009bcd       ?EventUninit@COPOSMSR@@IAEXXZ 1000abcd f i MSRImpl.obj
 0001:00009c1f       ?EventWindowProc@COPOSMSR@@IAGJIIJ@Z 1000ac1f f i MSRImpl.obj
 0001:00009cf3       ?FinalConstruct@COPOSMSR@@QAEJXZ 1000acf3 f   MSRImpl.obj
 0001:00009d2c       ?FireEventCleanup@COPOSMSR@@IAEXXZ 1000ad2c f i MSRImpl.obj
 0001:00009d42       ?FireEventSetup@COPOSMSR@@IAE_NXZ 1000ad42 f i MSRImpl.obj
 0001:00009d76       ?FreezeEvents@COPOSMSR@@MAGJH@Z 1000ad76 f   MSRImpl.obj
 0001:00009dd6       ?GetOposProp@COPOSMSR@@IAEJJPAFJ@Z 1000add6 f   MSRImpl.obj
 0001:00009df9       ?GetOposProp@COPOSMSR@@IAEJJPAJJ@Z 1000adf9 f   MSRImpl.obj
 0001:00009eb7       ?GetOposProp@COPOSMSR@@IAEJJPAPA_WJ@Z 1000aeb7 f   MSRImpl.obj
 0001:00009f82       ?OnDraw@COPOSMSR@@MAEJAAUATL_DRAWINFO@@@Z 1000af82 f   MSRImpl.obj
 0001:0000a022       ?Open@COPOSMSR@@UAGJPA_WPAJ@Z 1000b022 f   MSRImpl.obj
 0001:0000a7bc       ?ReleaseDevice@COPOSMSR@@UAGJPAJ@Z 1000b7bc f   MSRImpl.obj
 0001:0000a80b       ?ResetStatistics@COPOSMSR@@UAGJPA_WPAJ@Z 1000b80b f   MSRImpl.obj
 0001:0000a862       ?RetrieveCardProperty@COPOSMSR@@UAGJPA_WPAPA_WPAJ@Z 1000b862 f   MSRImpl.obj
 0001:0000a8e2       ?RetrieveDeviceAuthenticationData@COPOSMSR@@UAGJPAPA_WPAJ@Z 1000b8e2 f   MSRImpl.obj
 0001:0000a939       ?RetrieveStatistics@COPOSMSR@@UAGJPAPA_WPAJ@Z 1000b939 f   MSRImpl.obj
 0001:0000a990       ?SOProcessID@COPOSMSR@@UAGJPAJ@Z 1000b990 f   MSRImpl.obj
 0001:0000a9a4       ?SetCOFreezeEvents@COPOSMSR@@IAEXF@Z 1000b9a4 f   MSRImpl.obj
 0001:0000aa2f       ?SetOposProp@COPOSMSR@@IAEJJJJ@Z 1000ba2f f   MSRImpl.obj
 0001:0000ab0d       ?SetOposProp@COPOSMSR@@IAEJJPA_WJ@Z 1000bb0d f   MSRImpl.obj
 0001:0000abf9       ?UpdateFirmware@COPOSMSR@@UAGJPA_WPAJ@Z 1000bbf9 f   MSRImpl.obj
 0001:0000ac50       ?UpdateKey@COPOSMSR@@UAGJPA_W0PAJ@Z 1000bc50 f   MSRImpl.obj
 0001:0000acd0       ?UpdateStatistics@COPOSMSR@@UAGJPA_WPAJ@Z 1000bcd0 f   MSRImpl.obj
 0001:0000ad27       ?WriteTracks@COPOSMSR@@UAGJUtagVARIANT@@JPAJ@Z 1000bd27 f   MSRImpl.obj
 0001:0000ada9       ?get_AccountNumber@COPOSMSR@@UAGJPAPA_W@Z 1000bda9 f   MSRImpl.obj
 0001:0000adc2       ?get_AdditionalSecurityInformation@COPOSMSR@@UAGJPAPA_W@Z 1000bdc2 f   MSRImpl.obj
 0001:0000addb       ?get_AutoDisable@COPOSMSR@@UAGJPAF@Z 1000bddb f   MSRImpl.obj
 0001:0000adf1       ?get_BinaryConversion@COPOSMSR@@UAGJPAJ@Z 1000bdf1 f   MSRImpl.obj
 0001:0000ae07       ?get_CapCardAuthentication@COPOSMSR@@UAGJPAPA_W@Z 1000be07 f   MSRImpl.obj
 0001:0000ae20       ?get_CapCompareFirmwareVersion@COPOSMSR@@UAGJPAF@Z 1000be20 f   MSRImpl.obj
 0001:0000ae39       ?get_CapDataEncryption@COPOSMSR@@UAGJPAJ@Z 1000be39 f   MSRImpl.obj
 0001:0000ae52       ?get_CapDeviceAuthentication@COPOSMSR@@UAGJPAJ@Z 1000be52 f   MSRImpl.obj
 0001:0000ae6b       ?get_CapISO@COPOSMSR@@UAGJPAF@Z 1000be6b f   MSRImpl.obj
 0001:0000ae84       ?get_CapJISOne@COPOSMSR@@UAGJPAF@Z 1000be84 f   MSRImpl.obj
 0001:0000ae9d       ?get_CapJISTwo@COPOSMSR@@UAGJPAF@Z 1000be9d f   MSRImpl.obj
 0001:0000aeb6       ?get_CapPowerReporting@COPOSMSR@@UAGJPAJ@Z 1000beb6 f   MSRImpl.obj
 0001:0000aecf       ?get_CapStatisticsReporting@COPOSMSR@@UAGJPAF@Z 1000becf f   MSRImpl.obj
 0001:0000aee8       ?get_CapTrackDataMasking@COPOSMSR@@UAGJPAF@Z 1000bee8 f   MSRImpl.obj
 0001:0000af01       ?get_CapTransmitSentinels@COPOSMSR@@UAGJPAF@Z 1000bf01 f   MSRImpl.obj
 0001:0000af1a       ?get_CapUpdateFirmware@COPOSMSR@@UAGJPAF@Z 1000bf1a f   MSRImpl.obj
 0001:0000af33       ?get_CapUpdateStatistics@COPOSMSR@@UAGJPAF@Z 1000bf33 f   MSRImpl.obj
 0001:0000af4c       ?get_CapWritableTracks@COPOSMSR@@UAGJPAJ@Z 1000bf4c f   MSRImpl.obj
 0001:0000af65       ?get_CardAuthenticationData@COPOSMSR@@UAGJPAPA_W@Z 1000bf65 f   MSRImpl.obj
 0001:0000af7e       ?get_CardAuthenticationDataLength@COPOSMSR@@UAGJPAJ@Z 1000bf7e f   MSRImpl.obj
 0001:0000af97       ?get_CardPropertyList@COPOSMSR@@UAGJPAPA_W@Z 1000bf97 f   MSRImpl.obj
 0001:0000afb0       ?get_CardType@COPOSMSR@@UAGJPAPA_W@Z 1000bfb0 f   MSRImpl.obj
 0001:0000afc9       ?get_CardTypeList@COPOSMSR@@UAGJPAPA_W@Z 1000bfc9 f   MSRImpl.obj
 0001:0000afe2       ?get_CheckHealthText@COPOSMSR@@UAGJPAPA_W@Z 1000bfe2 f   MSRImpl.obj
 0001:0000affb       ?get_Claimed@COPOSMSR@@UAGJPAF@Z 1000bffb f   MSRImpl.obj
 0001:0000b011       ?get_ControlObjectDescription@COPOSMSR@@UAGJPAPA_W@Z 1000c011 f   MSRImpl.obj
 0001:0000b04e       ?get_ControlObjectVersion@COPOSMSR@@UAGJPAJ@Z 1000c04e f   MSRImpl.obj
 0001:0000b061       ?get_DataCount@COPOSMSR@@UAGJPAJ@Z 1000c061 f   MSRImpl.obj
 0001:0000b077       ?get_DataEncryptionAlgorithm@COPOSMSR@@UAGJPAJ@Z 1000c077 f   MSRImpl.obj
 0001:0000b090       ?get_DataEventEnabled@COPOSMSR@@UAGJPAF@Z 1000c090 f   MSRImpl.obj
 0001:0000b0a6       ?get_DecodeData@COPOSMSR@@UAGJPAF@Z 1000c0a6 f   MSRImpl.obj
 0001:0000b0bf       ?get_DeviceAuthenticated@COPOSMSR@@UAGJPAF@Z 1000c0bf f   MSRImpl.obj
 0001:0000b0d8       ?get_DeviceAuthenticationProtocol@COPOSMSR@@UAGJPAJ@Z 1000c0d8 f   MSRImpl.obj
 0001:0000b0f1       ?get_DeviceDescription@COPOSMSR@@UAGJPAPA_W@Z 1000c0f1 f   MSRImpl.obj
 0001:0000b10a       ?get_DeviceEnabled@COPOSMSR@@UAGJPAF@Z 1000c10a f   MSRImpl.obj
 0001:0000b120       ?get_DeviceName@COPOSMSR@@UAGJPAPA_W@Z 1000c120 f   MSRImpl.obj
 0001:0000b139       ?get_EncodingMaxLength@COPOSMSR@@UAGJPAJ@Z 1000c139 f   MSRImpl.obj
 0001:0000b152       ?get_ErrorReportingType@COPOSMSR@@UAGJPAJ@Z 1000c152 f   MSRImpl.obj
 0001:0000b16b       ?get_ExpirationDate@COPOSMSR@@UAGJPAPA_W@Z 1000c16b f   MSRImpl.obj
 0001:0000b184       ?get_FirstName@COPOSMSR@@UAGJPAPA_W@Z 1000c184 f   MSRImpl.obj
 0001:0000b19d       ?get_FreezeEvents@COPOSMSR@@UAGJPAF@Z 1000c19d f   MSRImpl.obj
 0001:0000b1b3       ?get_MiddleInitial@COPOSMSR@@UAGJPAPA_W@Z 1000c1b3 f   MSRImpl.obj
 0001:0000b1cc       ?get_OpenResult@COPOSMSR@@UAGJPAJ@Z 1000c1cc f   MSRImpl.obj
 0001:0000b1e3       ?get_ParseDecodeData@COPOSMSR@@UAGJPAF@Z 1000c1e3 f   MSRImpl.obj
 0001:0000b1e3       ?get_ParseDecodedData@COPOSMSR@@UAGJPAF@Z 1000c1e3 f   MSRImpl.obj
 0001:0000b1fc       ?get_PowerNotify@COPOSMSR@@UAGJPAJ@Z 1000c1fc f   MSRImpl.obj
 0001:0000b212       ?get_PowerState@COPOSMSR@@UAGJPAJ@Z 1000c212 f   MSRImpl.obj
 0001:0000b228       ?get_ResultCode@COPOSMSR@@UAGJPAJ@Z 1000c228 f   MSRImpl.obj
 0001:0000b266       ?get_ResultCodeExtended@COPOSMSR@@UAGJPAJ@Z 1000c266 f   MSRImpl.obj
 0001:0000b27c       ?get_ServiceCode@COPOSMSR@@UAGJPAPA_W@Z 1000c27c f   MSRImpl.obj
 0001:0000b295       ?get_ServiceObjectDescription@COPOSMSR@@UAGJPAPA_W@Z 1000c295 f   MSRImpl.obj
 0001:0000b2ae       ?get_ServiceObjectVersion@COPOSMSR@@UAGJPAJ@Z 1000c2ae f   MSRImpl.obj
 0001:0000b2c4       ?get_State@COPOSMSR@@UAGJPAJ@Z 1000c2c4 f   MSRImpl.obj
 0001:0000b2f0       ?get_Suffix@COPOSMSR@@UAGJPAPA_W@Z 1000c2f0 f   MSRImpl.obj
 0001:0000b309       ?get_Surname@COPOSMSR@@UAGJPAPA_W@Z 1000c309 f   MSRImpl.obj
 0001:0000b322       ?get_Title@COPOSMSR@@UAGJPAPA_W@Z 1000c322 f   MSRImpl.obj
 0001:0000b33b       ?get_Track1Data@COPOSMSR@@UAGJPAPA_W@Z 1000c33b f   MSRImpl.obj
 0001:0000b354       ?get_Track1DiscretionaryData@COPOSMSR@@UAGJPAPA_W@Z 1000c354 f   MSRImpl.obj
 0001:0000b36d       ?get_Track1EncryptedData@COPOSMSR@@UAGJPAPA_W@Z 1000c36d f   MSRImpl.obj
 0001:0000b386       ?get_Track1EncryptedDataLength@COPOSMSR@@UAGJPAJ@Z 1000c386 f   MSRImpl.obj
 0001:0000b39f       ?get_Track2Data@COPOSMSR@@UAGJPAPA_W@Z 1000c39f f   MSRImpl.obj
 0001:0000b3b8       ?get_Track2DiscretionaryData@COPOSMSR@@UAGJPAPA_W@Z 1000c3b8 f   MSRImpl.obj
 0001:0000b3d1       ?get_Track2EncryptedData@COPOSMSR@@UAGJPAPA_W@Z 1000c3d1 f   MSRImpl.obj
 0001:0000b3ea       ?get_Track2EncryptedDataLength@COPOSMSR@@UAGJPAJ@Z 1000c3ea f   MSRImpl.obj
 0001:0000b403       ?get_Track3Data@COPOSMSR@@UAGJPAPA_W@Z 1000c403 f   MSRImpl.obj
 0001:0000b41c       ?get_Track3EncryptedData@COPOSMSR@@UAGJPAPA_W@Z 1000c41c f   MSRImpl.obj
 0001:0000b435       ?get_Track3EncryptedDataLength@COPOSMSR@@UAGJPAJ@Z 1000c435 f   MSRImpl.obj
 0001:0000b44e       ?get_Track4Data@COPOSMSR@@UAGJPAPA_W@Z 1000c44e f   MSRImpl.obj
 0001:0000b467       ?get_Track4EncryptedData@COPOSMSR@@UAGJPAPA_W@Z 1000c467 f   MSRImpl.obj
 0001:0000b480       ?get_Track4EncryptedDataLength@COPOSMSR@@UAGJPAJ@Z 1000c480 f   MSRImpl.obj
 0001:0000b499       ?get_TracksToRead@COPOSMSR@@UAGJPAJ@Z 1000c499 f   MSRImpl.obj
 0001:0000b4b2       ?get_TracksToWrite@COPOSMSR@@UAGJPAJ@Z 1000c4b2 f   MSRImpl.obj
 0001:0000b4cb       ?get_TransmitSentinels@COPOSMSR@@UAGJPAF@Z 1000c4cb f   MSRImpl.obj
 0001:0000b4e4       ?get_WriteCardType@COPOSMSR@@UAGJPAPA_W@Z 1000c4e4 f   MSRImpl.obj
 0001:0000b4fd       ?put_AutoDisable@COPOSMSR@@UAGJF@Z 1000c4fd f   MSRImpl.obj
 0001:0000b51a       ?put_BinaryConversion@COPOSMSR@@UAGJJ@Z 1000c51a f   MSRImpl.obj
 0001:0000b530       ?put_DataEncryptionAlgorithm@COPOSMSR@@UAGJJ@Z 1000c530 f   MSRImpl.obj
 0001:0000b549       ?put_DataEventEnabled@COPOSMSR@@UAGJF@Z 1000c549 f   MSRImpl.obj
 0001:0000b566       ?put_DecodeData@COPOSMSR@@UAGJF@Z 1000c566 f   MSRImpl.obj
 0001:0000b586       ?put_DeviceEnabled@COPOSMSR@@UAGJF@Z 1000c586 f   MSRImpl.obj
 0001:0000b5a3       ?put_ErrorReportingType@COPOSMSR@@UAGJJ@Z 1000c5a3 f   MSRImpl.obj
 0001:0000b5bc       ?put_FreezeEvents@COPOSMSR@@UAGJF@Z 1000c5bc f   MSRImpl.obj
 0001:0000b608       ?put_ParseDecodeData@COPOSMSR@@UAGJF@Z 1000c608 f   MSRImpl.obj
 0001:0000b608       ?put_ParseDecodedData@COPOSMSR@@UAGJF@Z 1000c608 f   MSRImpl.obj
 0001:0000b628       ?put_PowerNotify@COPOSMSR@@UAGJJ@Z 1000c628 f   MSRImpl.obj
 0001:0000b63e       ?put_TracksToRead@COPOSMSR@@UAGJJ@Z 1000c63e f   MSRImpl.obj
 0001:0000b657       ?put_TracksToWrite@COPOSMSR@@UAGJJ@Z 1000c657 f   MSRImpl.obj
 0001:0000b670       ?put_TransmitSentinels@COPOSMSR@@UAGJF@Z 1000c670 f   MSRImpl.obj
 0001:0000b690       ?put_WriteCardType@COPOSMSR@@UAGJPA_W@Z 1000c690 f   MSRImpl.obj
 0001:0000b6a9       ?s_EventWindowProc@COPOSMSR@@KGJPAUHWND__@@IIJ@Z 1000c6a9 f i MSRImpl.obj
 0001:0000b6fb       ??_U@YAPAXI@Z              1000c6fb f   LIBCMT:new_array.obj
 0001:0000b704       ??3@YAXPAXI@Z              1000c704 f   LIBCMT:delete_scalar_size.obj
 0001:0000b712       ??_V@YAXPAX@Z              1000c712 f   LIBCMT:delete_array.obj
 0001:0000b717       ??_V@YAXPAXI@Z             1000c717 f   LIBCMT:delete_array_size.obj
 0001:0000b725       ??$__crt_fast_encode_pointer@P6GXPAU_RTL_CONDITION_VARIABLE@@@Z@@YAP6GXPAU_RTL_CONDITION_VARIABLE@@@ZQ6GX0@Z@Z 1000c725 f i LIBCMT:thread_safe_statics.obj
 0001:0000b725       ??$__crt_fast_encode_pointer@PAX@@YAPAXQAX@Z 1000c725 f i libvcruntime:winapi_downlevel.obj
 0001:0000b725       ??$__crt_fast_encode_pointer@PAP6AXXZ@@YAPAP6AXXZQAP6AXXZ@Z 1000c725 f i LIBCMT:utility.obj
 0001:0000b725       ??$__crt_fast_encode_pointer@P6GHPAU_RTL_CONDITION_VARIABLE@@PAU_RTL_CRITICAL_SECTION@@K@Z@@YAP6GHPAU_RTL_CONDITION_VARIABLE@@PAU_RTL_CRITICAL_SECTION@@K@ZQ6GH01K@Z@Z 1000c725 f i LIBCMT:thread_safe_statics.obj
 0001:0000b786       ___scrt_acquire_startup_lock 1000c786 f   LIBCMT:utility.obj
 0001:0000b7b8       ___scrt_dllmain_after_initialize_c 1000c7b8 f   LIBCMT:utility.obj
 0001:0000b7e3       ___scrt_dllmain_before_initialize_c 1000c7e3 f   LIBCMT:utility.obj
 0001:0000b7f1       ___scrt_dllmain_crt_thread_attach 1000c7f1 f   LIBCMT:utility.obj
 0001:0000b810       ___scrt_dllmain_crt_thread_detach 1000c810 f   LIBCMT:utility.obj
 0001:0000b81d       ___scrt_dllmain_exception_filter 1000c81d f   LIBCMT:utility.obj
 0001:0000b851       ___scrt_dllmain_uninitialize_c 1000c851 f   LIBCMT:utility.obj
 0001:0000b874       ___scrt_dllmain_uninitialize_critical 1000c874 f   LIBCMT:utility.obj
 0001:0000b881       ___scrt_initialize_crt     1000c881 f   LIBCMT:utility.obj
 0001:0000b8ba       ___scrt_initialize_onexit_tables 1000c8ba f   LIBCMT:utility.obj
 0001:0000b95f       ___scrt_is_nonwritable_in_current_image 1000c95f f   LIBCMT:utility.obj
 0001:0000b9f3       ___scrt_release_startup_lock 1000c9f3 f   LIBCMT:utility.obj
 0001:0000ba10       ___scrt_uninitialize_crt   1000ca10 f   LIBCMT:utility.obj
 0001:0000ba38       __onexit                   1000ca38 f   LIBCMT:utility.obj
 0001:0000ba73       _atexit                    1000ca73 f   LIBCMT:utility.obj
 0001:0000ba88       ??3@YAXPAX@Z               1000ca88 f   LIBCMT:delete_scalar.obj
 0001:0000bbbf       __Init_thread_footer       1000cbbf f   LIBCMT:thread_safe_statics.obj
 0001:0000bc09       __Init_thread_header       1000cc09 f   LIBCMT:thread_safe_statics.obj
 0001:0000bc5b       __Init_thread_notify       1000cc5b f   LIBCMT:thread_safe_statics.obj
 0001:0000bc9d       __Init_thread_wait         1000cc9d f   LIBCMT:thread_safe_statics.obj
 0001:0000bcfd       ___raise_securityfailure   1000ccfd f   LIBCMT:gs_report.obj
 0001:0000bd25       ___report_gsfailure        1000cd25 f   LIBCMT:gs_report.obj
 0001:0000be1e       ___report_rangecheckfailure 1000ce1e f   LIBCMT:gs_report.obj
 0001:0000be2a       ___report_securityfailure  1000ce2a f   LIBCMT:gs_report.obj
 0001:0000bef8       ??2@YAPAXIABUnothrow_t@std@@@Z 1000cef8 f   LIBCMT:new_scalar_nothrow.obj
 0001:0000bf48       ??_U@YAPAXIABUnothrow_t@std@@@Z 1000cf48 f   LIBCMT:new_array_nothrow.obj
 0001:0000bf51       @__security_check_cookie@4 1000cf51 f   LIBCMT:_secchk_.obj
 0001:0000bf70       __SEH_prolog4_GS           1000cf70 f   LIBCMT:_sehprolg4gs_.obj
 0001:0000bfb9       __SEH_epilog4_GS           1000cfb9 f   LIBCMT:_sehprolg4gs_.obj
 0001:0000bfd0       __alloca_probe_16          1000cfd0 f   LIBCMT:alloca16.obj
 0001:0000bfe6       __alloca_probe_8           1000cfe6     LIBCMT:alloca16.obj
 0001:0000c000       __alloca_probe             1000d000 f   LIBCMT:chkstk.obj
 0001:0000c000       __chkstk                   1000d000 f   LIBCMT:chkstk.obj
 0001:0000c34d       __DllMainCRTStartup@12     1000d34d f   LIBCMT:dll_dllmain.obj
 0001:0000c370       ??2@YAPAXI@Z               1000d370 f   LIBCMT:new_scalar.obj
 0001:0000c3a0       ___isa_available_init      1000d3a0 f   LIBCMT:_cpu_disp_.obj
 0001:0000c537       ___scrt_is_ucrt_dll_in_use 1000d537 f   LIBCMT:ucrt_detection.obj
 0001:0000c543       ___scrt_fastfail           1000d543 f   LIBCMT:utility_desktop.obj
 0001:0000c65d       __crt_debugger_hook        1000d65d f   LIBCMT:utility_desktop.obj
 0001:0000c670       __SEH_prolog4              1000d670 f   LIBCMT:_sehprolg4_.obj
 0001:0000c6b6       __SEH_epilog4              1000d6b6 f   LIBCMT:_sehprolg4_.obj
[...]
 0002:00002d50       ?candidate_modules@?1??try_get_LCMapStringEx@@YAP6GHPB_WK0HPA_WHPAU_nlsversioninfo@@PAXJ@ZXZ@4QBW4module_id@?A0x391cf84c@@B 10021d50     libucrt:winapi_thunks.obj
 0002:00002d68       ?candidate_modules@?1??try_get_LocaleNameToLCID@@YAP6GKPB_WK@ZXZ@4QBW4module_id@?A0x391cf84c@@B 10021d68     libucrt:winapi_thunks.obj
 0002:00002d84       ?candidate_modules@?1??try_get_AppPolicyGetProcessTerminationMethod@@YAP6GJPAXPAW4AppPolicyProcessTerminationMethod@@@ZXZ@4QBW4module_id@?A0x391cf84c@@B 10021d84     libucrt:winapi_thunks.obj
 0002:00002db0       ?candidate_modules@?1??try_get_SetThreadStackGuarantee@@YAP6GHPAK@ZXZ@4QBW4module_id@?A0x391cf84c@@B 10021db0     libucrt:winapi_thunks.obj
 0002:000032dc       ?_mb_locale_names@@3QBQB_WB 100222dc     libucrt:mbctype.obj
 0002:00003b28       ?LcidToLocaleNameTable@?A0x881e4c05@@3QBULcidToLocaleName@1@B 10022b28     libucrt:lcidtoname_downlevel.obj
 0002:00004c50       ?LocaleNameToIndexTable@?A0x881e4c05@@3QBULocaleNameIndex@1@B 10023c50     libucrt:lcidtoname_downlevel.obj
 0002:00006590       LOG_name                   10025590     libucrt:log10.obj
 0002:000065a0       _One                       100255a0     libucrt:ceil_pentium4.obj
 0002:000065b0       _Bns                       100255b0     libucrt:ceil_pentium4.obj
 0002:000065c0       _Zero                      100255c0     libucrt:ceil_pentium4.obj
 0002:000065d0       _S                         100255d0     libucrt:ceil_pentium4.obj
 0002:000065e0       _NegZero                   100255e0     libucrt:ceil_pentium4.obj
 0002:000065f0       emask                      100255f0     libucrt:log10_pentium4.obj
 0002:00006600       CC                         10025600     libucrt:log10_pentium4.obj
 0002:00006610       Magic                      10025610     libucrt:log10_pentium4.obj
 0002:00006620       hi_mask                    10025620     libucrt:log10_pentium4.obj
 0002:00006630       LOG10_2                    10025630     libucrt:log10_pentium4.obj
 0002:00006640       place_L                    10025640     libucrt:log10_pentium4.obj
 0002:00006660       One                        10025660     libucrt:log10_pentium4.obj
 0002:00006670       Zero                       10025670     libucrt:log10_pentium4.obj
 0002:00006680       Two52                      10025680     libucrt:log10_pentium4.obj
 0002:00006690       Infs                       10025690     libucrt:log10_pentium4.obj
 0002:000066a0       NaN                        100256a0     libucrt:log10_pentium4.obj
 0002:000066b0       coeff                      100256b0     libucrt:log10_pentium4.obj
 0002:0000670e       _log2max                   1002570e     libucrt:87tran.obj
 0002:00006718       _smallarg                  10025718     libucrt:87tran.obj
 0002:00006722       _half                      10025722     libucrt:87tran.obj
 0002:0000676e       One                        1002576e     libucrt:87disp.obj
 0002:00006776       Three                      10025776     libucrt:87disp.obj
 0002:0000677e       XAMtoTagTab                1002577e     libucrt:87disp.obj
 0002:00006790       One                        10025790     libucrt:common.obj
 0002:000067a4       DblMax                     100257a4     libucrt:common.obj
 0002:000067ac       DblMin                     100257ac     libucrt:common.obj
 0002:000067b4       IeeeAdjO                   100257b4     libucrt:common.obj
 0002:000067bc       IeeeAdjU                   100257bc     libucrt:common.obj
 0002:000067c4       _infinity                  100257c4     libucrt:common.obj
 0002:000067cc       _zero                      100257cc     libucrt:common.obj
 0002:00006808       _over                      10025808     libucrt:fpctrl.obj
 0002:00006814       _under                     10025814     libucrt:fpctrl.obj
 0002:00007048       ?_names@?1??_get_fname@@9@9 10026048     libucrt:fpexcept.obj
 0002:000078a8       __sehtable$?_AtlVerifyStackAvailable@_ATL_SAFE_ALLOCA_IMPL@ATL@@YA_NK@Z 100268a8     MSR.obj
 0002:000078c8       __sehtable$___scrt_is_nonwritable_in_current_image 100268c8     LIBCMT:utility.obj
 0002:000078e4       __ehfuncinfo$?__scrt_initialize_thread_safe_statics_platform_specific@@YAXXZ 100268e4     LIBCMT:thread_safe_statics.obj
 0002:00007908       __catchsym$??2@YAPAXIABUnothrow_t@std@@@Z$2 10026908     LIBCMT:new_scalar_nothrow.obj
 0002:00007918       __unwindtable$??2@YAPAXIABUnothrow_t@std@@@Z 10026918     LIBCMT:new_scalar_nothrow.obj
 0002:00007928       __tryblocktable$??2@YAPAXIABUnothrow_t@std@@@Z 10026928     LIBCMT:new_scalar_nothrow.obj
 0002:0000793c       __ehfuncinfo$??2@YAPAXIABUnothrow_t@std@@@Z 1002693c     LIBCMT:new_scalar_nothrow.obj
 0002:00007960       __sehtable$?dllmain_crt_process_attach@@YAHQAUHINSTANCE__@@QAX@Z 10026960     LIBCMT:dll_dllmain.obj
 0002:00007980       __sehtable$?dllmain_crt_process_detach@@YAH_N@Z 10026980     LIBCMT:dll_dllmain.obj
 0002:000079a0       __sehtable$?dllmain_dispatch@@YAHQAUHINSTANCE__@@KQAX@Z 100269a0     LIBCMT:dll_dllmain.obj
 0002:00007a50       __sehtable$?FrameUnwindToState@__FrameHandler3@@SAXPAUEHRegistrationNode@@PAXPBU_s_FuncInfo@@H@Z 10026a50     libvcruntime:frame.obj
 0002:00007a78       __sehtable$?CallCatchBlock@@YAPAXPAUEHExceptionRecord@@PAUEHRegistrationNode@@PAU_CONTEXT@@PBU_s_FuncInfo@@PAXHK@Z 10026a78     libvcruntime:frame.obj
 0002:00007aa0       __catchsym$?CallUnexpected@@YAXPBU_s_ESTypeList@@@Z$2 10026aa0     libvcruntime:frame.obj
 0002:00007ab0       __unwindtable$?CallUnexpected@@YAXPBU_s_ESTypeList@@@Z 10026ab0     libvcruntime:frame.obj
 0002:00007ac0       __tryblocktable$?CallUnexpected@@YAXPBU_s_ESTypeList@@@Z 10026ac0     libvcruntime:frame.obj
 0002:00007ad4       __ehfuncinfo$?CallUnexpected@@YAXPBU_s_ESTypeList@@@Z 10026ad4     libvcruntime:frame.obj
 0002:00007af8       __sehtable$??$BuildCatchObjectHelperInternal@$$CBU_s_HandlerType@@@@YAHPAUEHExceptionRecord@@PAXPBU_s_HandlerType@@PBU_s_CatchableType@@@Z 10026af8     libvcruntime:frame.obj
 0002:00007b18       __sehtable$??$BuildCatchObjectInternal@$$CBU_s_HandlerType@@@@YAXPAUEHExceptionRecord@@PAXPBU_s_HandlerType@@PBU_s_CatchableType@@@Z 10026b18     libvcruntime:frame.obj
 0002:00007b70       __sehtable$___DestructExceptionObject 10026b70     libvcruntime:ehhelpers.obj
 0002:00007b90       __sehtable$??R<lambda_6e4b09c48022b2350581041d5f6b0c4c>@@QBE@XZ 10026b90     libucrt:exit.obj
 0002:00007bb0       __sehtable$??$?RV<lambda_03b1d95aef87969028cfba75ccab2455>@@AAV<lambda_6e4b09c48022b2350581041d5f6b0c4c>@@V<lambda_22bdf7517842c4b3e53723af5aa32b9e>@@@?$__crt_seh_guarded_call@X@@QAEX$$QAV<lambda_03b1d95aef87969028cfba75ccab2455>@@AAV<lambda_6e4b09c48022b2350581041d5f6b0c4c>@@$$QAV<lambda_22bdf7517842c4b3e53723af5aa32b9e>@@@Z 10026bb0     libucrt:exit.obj
 0002:00007bd0       __sehtable$??$?RV<lambda_8e746cf0007f6ed984d6f78af1fec997>@@AAV<lambda_22ebabd17bc4fa466a2aca6d8deb888d>@@V<lambda_18ed0c0b38a6dc0daf1e7ac6d6adf05e>@@@?$__crt_seh_guarded_call@H@@QAEH$$QAV<lambda_8e746cf0007f6ed984d6f78af1fec997>@@AAV<lambda_22ebabd17bc4fa466a2aca6d8deb888d>@@$$QAV<lambda_18ed0c0b38a6dc0daf1e7ac6d6adf05e>@@@Z 10026bd0     libucrt:onexit.obj
 0002:00007bf0       __sehtable$??$?RV<lambda_69a2805e680e0e292e8ba93315fe43a8>@@AAV<lambda_f03950bc5685219e0bcd2087efbe011e>@@V<lambda_03fcd07e894ec930e3f35da366ca99d6>@@@?$__crt_seh_guarded_call@H@@QAEH$$QAV<lambda_69a2805e680e0e292e8ba93315fe43a8>@@AAV<lambda_f03950bc5685219e0bcd2087efbe011e>@@$$QAV<lambda_03fcd07e894ec930e3f35da366ca99d6>@@@Z 10026bf0     libucrt:onexit.obj
 0002:00007c10       __sehtable$__query_new_handler 10026c10     libucrt:new_handler.obj
 0002:00007c30       __sehtable$_terminate      10026c30     libucrt:terminate.obj
 0002:00007c50       __sehtable$??$?RV<lambda_15ade71b0218206bbe3333a0c9b79046>@@AAV<lambda_da44e0f8b0f19ba52fefafb335991732>@@V<lambda_207f2d024fc103971653565357d6cd41>@@@?$__crt_seh_guarded_call@X@@QAEX$$QAV<lambda_15ade71b0218206bbe3333a0c9b79046>@@AAV<lambda_da44e0f8b0f19ba52fefafb335991732>@@$$QAV<lambda_207f2d024fc103971653565357d6cd41>@@@Z 10026c50     libucrt:per_thread_data.obj
 0002:00007c70       __sehtable$??$?RV<lambda_a7e850c220f1c8d1e6efeecdedd162c6>@@AAV<lambda_46720907175c18b6c9d2717bc0d2d362>@@V<lambda_9048902d66e8d99359bc9897bbb930a8>@@@?$__crt_seh_guarded_call@X@@QAEX$$QAV<lambda_a7e850c220f1c8d1e6efeecdedd162c6>@@AAV<lambda_46720907175c18b6c9d2717bc0d2d362>@@$$QAV<lambda_9048902d66e8d99359bc9897bbb930a8>@@@Z 10026c70     libucrt:per_thread_data.obj
 0002:00007c90       __sehtable$??$?RV<lambda_38edbb1296d33220d7e4dd0ed76b244a>@@AAV<lambda_5ce1d447e08cb34b2473517608e21441>@@V<lambda_fb385d3da700c9147fc39e65dd577a8c>@@@?$__crt_seh_guarded_call@X@@QAEX$$QAV<lambda_38edbb1296d33220d7e4dd0ed76b244a>@@AAV<lambda_5ce1d447e08cb34b2473517608e21441>@@$$QAV<lambda_fb385d3da700c9147fc39e65dd577a8c>@@@Z 10026c90     libucrt:per_thread_data.obj
 0002:00007cb0       __sehtable$??$?RV<lambda_6affb1475c98b40b75cdec977db92e3c>@@AAV<lambda_b8d4b9c228a6ecc3f80208dbb4b4a104>@@V<lambda_608742c3c92a14382c1684fc64f96c88>@@@?$__crt_seh_guarded_call@X@@QAEX$$QAV<lambda_6affb1475c98b40b75cdec977db92e3c>@@AAV<lambda_b8d4b9c228a6ecc3f80208dbb4b4a104>@@$$QAV<lambda_608742c3c92a14382c1684fc64f96c88>@@@Z 10026cb0     libucrt:per_thread_data.obj
 0002:00007cd0       __sehtable$??$?RV<lambda_e5124f882df8998aaf41531e079ba474>@@AAV<lambda_3e16ef9562a7dcce91392c22ab16ea36>@@V<lambda_e25ca0880e6ef98be67edffd8c599615>@@@?$__crt_seh_guarded_call@X@@QAEX$$QAV<lambda_e5124f882df8998aaf41531e079ba474>@@AAV<lambda_3e16ef9562a7dcce91392c22ab16ea36>@@$$QAV<lambda_e25ca0880e6ef98be67edffd8c599615>@@@Z 10026cd0     libucrt:wsetlocale.obj
 0002:00007cf0       __sehtable$___acrt_initialize_lowio 10026cf0     libucrt:ioinit.obj
 0002:00007d10       __sehtable$?update_thread_multibyte_data_internal@@YAPAU__crt_multibyte_data@@QAU__acrt_ptd@@QAU1@@Z 10026d10     libucrt:mbctype.obj
 0002:00007d30       __sehtable$??$?RV<lambda_ceb1ee4838e85a9d631eb091e2fbe199>@@AAV<lambda_ae742caa10f662c28703da3d2ea5e57e>@@V<lambda_cd08b5d6af4937fe54fc07d0c9bf6b37>@@@?$__crt_seh_guarded_call@X@@QAEX$$QAV<lambda_ceb1ee4838e85a9d631eb091e2fbe199>@@AAV<lambda_ae742caa10f662c28703da3d2ea5e57e>@@$$QAV<lambda_cd08b5d6af4937fe54fc07d0c9bf6b37>@@@Z 10026d30     libucrt:mbctype.obj
 0002:00007d50       __sehtable$_raise          10026d50     libucrt:signal.obj
 0002:00007d70       __sehtable$??$?RV<lambda_cbab9ec6f41b0180b23cc171c22676b0>@@AAV<lambda_44731a7d0e6d81c3e6aa82d741081786>@@V<lambda_4b292cb8dd18144e164572427af410ab>@@@?$__crt_seh_guarded_call@P6AXH@Z@@QAEP6AXH@Z$$QAV<lambda_cbab9ec6f41b0180b23cc171c22676b0>@@AAV<lambda_44731a7d0e6d81c3e6aa82d741081786>@@$$QAV<lambda_4b292cb8dd18144e164572427af410ab>@@@Z 10026d70     libucrt:signal.obj
 0002:00007d90       __sehtable$___acrt_update_thread_locale_data 10026d90     libucrt:locale_refcounting.obj
 0002:00007db0       __sehtable$__fcloseall     10026db0     libucrt:closeall.obj
 0002:00007dd0       __sehtable$??$?RV<lambda_2866be3712abc81a800a822484c830d8>@@AAV<lambda_39ca0ed439415581b5b15c265174cece>@@V<lambda_2b24c74d71094a6cd0cb82e44167d71b>@@@?$__crt_seh_guarded_call@X@@QAEX$$QAV<lambda_2866be3712abc81a800a822484c830d8>@@AAV<lambda_39ca0ed439415581b5b15c265174cece>@@$$QAV<lambda_2b24c74d71094a6cd0cb82e44167d71b>@@@Z 10026dd0     libucrt:fflush.obj
 0002:00007df0       __sehtable$??$?RV<lambda_2cc53f568c5a2bb6f192f930a45d44ea>@@AAV<lambda_ab61a845afdef5b7c387490eaf3616ee>@@V<lambda_c2ffc0b7726aa6be21d5f0026187e748>@@@?$__crt_seh_guarded_call@X@@QAEX$$QAV<lambda_2cc53f568c5a2bb6f192f930a45d44ea>@@AAV<lambda_ab61a845afdef5b7c387490eaf3616ee>@@$$QAV<lambda_c2ffc0b7726aa6be21d5f0026187e748>@@@Z 10026df0     libucrt:fflush.obj
 0002:00007e10       __sehtable$___acrt_lowio_ensure_fh_exists 10026e10     libucrt:osfinfo.obj
 0002:00007e30       __sehtable$__write         10026e30     libucrt:write.obj
 0002:00007e50       __sehtable$_fclose         10026e50     libucrt:fclose.obj
 0002:00007e70       __sehtable$??$?RV<lambda_9e9de3de5fa147e2223d7db92bc10aa6>@@AAV<lambda_38ce7e780aa69e748d6df282ebc68efe>@@V<lambda_8ca6da459f0f6780f1cff60fdc3d00e5>@@@?$__crt_seh_guarded_call@H@@QAEH$$QAV<lambda_9e9de3de5fa147e2223d7db92bc10aa6>@@AAV<lambda_38ce7e780aa69e748d6df282ebc68efe>@@$$QAV<lambda_8ca6da459f0f6780f1cff60fdc3d00e5>@@@Z 10026e70     libucrt:commit.obj
 0002:00007e90       __sehtable$??$?RV<lambda_218ce3db14220d0be481dae8ef3383b6>@@AAV<lambda_628dfdc04ba53c8bfc02c9951375f3f5>@@V<lambda_57dc472bd5c9d5f3b2cbca59b8a843ae>@@@?$__crt_seh_guarded_call@H@@QAEH$$QAV<lambda_218ce3db14220d0be481dae8ef3383b6>@@AAV<lambda_628dfdc04ba53c8bfc02c9951375f3f5>@@$$QAV<lambda_57dc472bd5c9d5f3b2cbca59b8a843ae>@@@Z 10026e90     libucrt:close.obj
 0002:00007eb0       __sehtable$__IsNonwritableInCurrentImage 10026eb0     LIBCMT:pesect.obj
 0002:00007ee0       .edata                     10026ee0     OPOSMSR.exp
 0002:00007f08       rgpv                       10026f08     OPOSMSR.exp
 0002:00007f18       rgszName                   10026f18     OPOSMSR.exp
 0002:00007f28       rgwOrd                     10026f28     OPOSMSR.exp
 0002:00007f30       szName                     10026f30     OPOSMSR.exp
 0002:00007f3c       $N00001                    10026f3c     OPOSMSR.exp
 0002:00007f4c       $N00002                    10026f4c     OPOSMSR.exp
 0002:00007f5e       $N00003                    10026f5e     OPOSMSR.exp
 0002:00007f70       $N00004                    10026f70     OPOSMSR.exp
 0002:0000858c       .idata$6                   1002758c     kernel32:KERNEL32.dll
 0002:000087a0       .idata$6                   100277a0     user32:USER32.dll
 0002:000088d4       .idata$6                   100278d4     gdi32:GDI32.dll
 0002:0000897a       .idata$6                   1002797a     advapi32:ADVAPI32.dll
 0002:00008a96       .idata$6                   10027a96     ole32:ole32.dll
 0002:00008aa0       .idata$6                   10027aa0     oleaut32:OLEAUT32.dll
 0003:00000110       ?ObjectMap@@3PAU_ATL_OBJMAP_ENTRY30@ATL@@A 10028110     MSR.obj
 0003:000001a8       ?s_SOMethodNames@@3PAPADA  100281a8     MSRImpl.obj
 0003:0000020c       ?s_RequiredMethodsPerRelease@@3PAHA 1002820c     MSRImpl.obj
 0003:00000260       ?__vcrt_flsindex@@3KA      10028260     libvcruntime:per_thread_data.obj
 0003:00000280       ?errno_no_memory@@3HA      10028280     libucrt:errno.obj
 0003:00000284       ?doserrno_no_memory@@3KA   10028284     libucrt:errno.obj
 0003:00000290       ?__acrt_flsindex@@3KA      10028290     libucrt:per_thread_data.obj
 0003:00000408       __mbctypes                 10028408     libucrt:mbctype.obj
 0003:00000510       __mbcasemaps               10028510     libucrt:mbctype.obj
 0003:00000610       ?__rgctypeflag@@3PADA      10028610     libucrt:mbctype.obj
 0003:00000618       ?__rgcode_page_info@@3PAUcode_page_info@@A 10028618     libucrt:mbctype.obj
 0003:00000b20       ?is_initialized_as_dll@@3_NA 10028b20     LIBCMT:utility.obj
 0003:00000b21       ?module_local_atexit_table_initialized@@3_NA 10028b21     LIBCMT:utility.obj
 0003:00000b24       ?module_local_atexit_table@@3U_onexit_table_t@@A 10028b24     LIBCMT:utility.obj
 0003:00000b30       ?module_local_at_quick_exit_table@@3U_onexit_table_t@@A 10028b30     LIBCMT:utility.obj
 0003:00000b3c       ?_Tss_mutex@@3U_RTL_CRITICAL_SECTION@@A 10028b3c     LIBCMT:thread_safe_statics.obj
 0003:00000b54       ?_Tss_cv@@3U_RTL_CONDITION_VARIABLE@@A 10028b54     LIBCMT:thread_safe_statics.obj
 0003:00000b58       ?_Tss_event@@3PAXA         10028b58     LIBCMT:thread_safe_statics.obj
 0003:00000b5c       ?encoded_sleep_condition_variable_cs@@3P6GHPAU_RTL_CONDITION_VARIABLE@@PAU_RTL_CRITICAL_SECTION@@K@ZA 10028b5c     LIBCMT:thread_safe_statics.obj
 0003:00000b60       ?encoded_wake_all_condition_variable@@3P6GXPAU_RTL_CONDITION_VARIABLE@@@ZA 10028b60     LIBCMT:thread_safe_statics.obj
 0003:00000b68       _GS_ExceptionRecord        10028b68     LIBCMT:gs_report.obj
 0003:00000bb8       _GS_ContextRecord          10028bb8     LIBCMT:gs_report.obj
 0003:00000e88       ?__proc_attached@@3HA      10028e88     LIBCMT:dll_dllmain.obj
 0003:00000ee4       ?AllocateData@@3P6GPAUAtlThunkData_t@@XZA 10028ee4     atls:atlthunk.obj
 0003:00000ee8       ?InitData@@3P6GXPAUAtlThunkData_t@@PAXI@ZA 10028ee8     atls:atlthunk.obj
 0003:00000eec       ?DataToCode@@3P6GP6GJPAUHWND__@@IIJ@ZPAUAtlThunkData_t@@@ZA 10028eec     atls:atlthunk.obj
 0003:00000ef0       ?FreeData@@3P6GXPAUAtlThunkData_t@@@ZA 10028ef0     atls:atlthunk.obj
 0003:00000ef4       ?Initialized@@3_NA         10028ef4     atls:atlthunk.obj
 0003:00000f00       ?__vcrt_startup_thread_ptd@@3U__vcrt_ptd@@A 10028f00     libvcruntime:per_thread_data.obj
 0003:00000f28       ___vcrt_lock_table         10028f28     libvcruntime:locks.obj
 0003:00000f40       ___vcrt_locks_initialized  10028f40     libvcruntime:locks.obj
 0003:00000f44       ?module_handles@@3PAPAUHINSTANCE__@@A 10028f44     libvcruntime:winapi_downlevel.obj
 0003:00000f50       ?encoded_function_pointers@@3PAPAXA 10028f50     libvcruntime:winapi_downlevel.obj
 0003:00000f8c       ?heap@@3V_HeapManager@@A   10028f8c     libvcruntime:undname.obj
 0003:00000fa4       ?__acrt_invalid_parameter_handler@@3V?$dual_state_global@P6AXPB_W00II@Z@__crt_state_management@@A 10028fa4     libucrt:invalid_parameter.obj
 0003:00000fa8       ?c_termination_complete@@3JA 10028fa8     libucrt:exit.obj
 0003:00000fac       ?thread_local_exit_callback_func@@3P6GXPAXK0@ZA 10028fac     libucrt:exit.obj
 0003:00000fb8       ?program_name@?1???$common_configure_argv@D@@YAHW4_crt_argv_mode@@@Z@4PADA 10028fb8     libucrt:argv_parsing.obj
 0003:000010e8       ?__acrt_new_handler@@3V?$dual_state_global@P6AHI@Z@__crt_state_management@@A 100290e8     libucrt:new_handler.obj
 0003:000010f0       ?module_handles@@3PAPAUHINSTANCE__@@A 100290f0     libucrt:winapi_thunks.obj
 0003:00001140       ?encoded_function_pointers@@3PAPAXA 10029140     libucrt:winapi_thunks.obj
 0003:000011d0       ?enable_percent_n@@3IA     100291d0     libucrt:printf_count_output.obj
 0003:000013f0       ?__acrt_lock_table@@3PAU_RTL_CRITICAL_SECTION@@A 100293f0     libucrt:locks.obj
 0003:00001540       ?__acrt_locks_initialized@@3IA 10029540     libucrt:locks.obj
 0003:00001550       ?fSystemSet@@3HA           10029550     libucrt:mbctype.obj
 0003:00001554       ?initialized@?1??__acrt_initialize_multibyte@@9@4_NA 10029554     libucrt:mbctype.obj
 0003:00001574       ?ctrlc_action@@3V?$dual_state_global@P6AXH@Z@__crt_state_management@@A 10029574     libucrt:signal.obj
 0003:00001578       ?ctrlbreak_action@@3V?$dual_state_global@P6AXH@Z@__crt_state_management@@A 10029578     libucrt:signal.obj
 0003:0000157c       ?abort_action@@3V?$dual_state_global@P6AXH@Z@__crt_state_management@@A 1002957c     libucrt:signal.obj
 0003:00001580       ?term_action@@3V?$dual_state_global@P6AXH@Z@__crt_state_management@@A 10029580     libucrt:signal.obj
 0003:00001584       ?user_matherr@@3V?$dual_state_global@P6AHPAU_exception@@@Z@__crt_state_management@@A 10029584     libucrt:matherr.obj
 0003:00001588       ?__acrt_global_new_mode@@3V?$dual_state_global@J@__crt_state_management@@A 10029588     libucrt:new_mode.obj
 0003:00001594       ?__acrt_app_type@@3W4_crt_app_type@@A 10029594     libucrt:report_runtime_error.obj
 0003:0000159c       __pmatherr_set             1002959c     libucrt:libm_error.obj
 0004:00000220       $R000000                   1002a220     MSR.res
 0004:00000b68       $R000948                   1002ab68     MSR.res
 0004:00000c50       $R000A30                   1002ac50     MSR.res
 0004:00000eb8       $R000C98                   1002aeb8     MSR.res
 0004:000013a8       $R001188                   1002b3a8     MSR.res
 0004:00005b80       $R005960                   1002fb80     MSR.res
 0004:00005ba8       $R005988                   1002fba8     MSR.res
