 OPOSImageScanner

 Timestamp is 5defa963 (Tue Dec 10 23:19:15 2019)

 Preferred load address is 10000000

 Start         Length     Name                   Class
 0001:00000000 00000080H .text$di                CODE
 0001:00000080 0001d9e3H .text$mn                CODE
 0001:0001da63 00000036H .text$x                 CODE
 0001:0001da99 00000042H .text$yd                CODE
 0002:00000000 000002fcH .idata$5                DATA
 0002:000002fc 00000004H .00cfg                  DATA
 0002:00000300 00000004H .CRT$XCA                DATA
 0002:00000304 00000004H .CRT$XCL                DATA
 0002:00000308 00000010H .CRT$XCU                DATA
 0002:00000318 00000004H .CRT$XCZ                DATA
 0002:0000031c 00000004H .CRT$XIA                DATA
 0002:00000320 00000010H .CRT$XIC                DATA
 0002:00000330 00000004H .CRT$XIZ                DATA
 0002:00000334 00000004H .CRT$XLA                DATA
 0002:00000338 00000004H .CRT$XLZ                DATA
 0002:0000033c 00000004H .CRT$XPA                DATA
 0002:00000340 00000008H .CRT$XPX                DATA
 0002:00000348 00000004H .CRT$XPXA               DATA
 0002:0000034c 00000004H .CRT$XPZ                DATA
 0002:00000350 00000004H .CRT$XTA                DATA
 0002:00000354 0000000cH .CRT$XTZ                DATA
 0002:00000358 00000000H .gfids$y                DATA
 0002:00000360 00006f2cH .rdata                  DATA
 0002:0000728c 00000018H .rdata$T                DATA
 0002:000072a4 0000017cH .rdata$r                DATA
 0002:00007420 0000001cH .rdata$sxdata           DATA
 0002:0000743c 000003e0H .rdata$zzzdbg           DATA
 0002:0000781c 00000004H .rtc$IAA                DATA
 0002:00007820 00000004H .rtc$IZZ                DATA
 0002:00007824 00000004H .rtc$TAA                DATA
 0002:00007828 00000004H .rtc$TZZ                DATA
 0002:0000782c 00000004H .tls                    DATA
 0002:00007830 00000004H .tls$                   DATA
 0002:00007834 00000004H .tls$ZZZ                DATA
 0002:00007838 0000060cH .xdata$x                DATA
 0002:00007e44 00000004H ATL$__a                 DATA
 0002:00007e48 00000008H ATL$__z                 DATA
 0002:00007e50 000000b0H .edata                  DATA
 0002:00007f00 00000078H .idata$2                DATA
 0002:00007f78 00000014H .idata$3                DATA
 0002:00007f8c 000002fcH .idata$4                DATA
 0002:00008288 00000bc8H .idata$6                DATA
 0003:00000000 00000a90H .data                   DATA
 0003:00000a90 00000098H .data$r                 DATA
 0003:00000b28 00000b80H .bss                    DATA
 0004:00000000 00000220H .rsrc$01                DATA
 0004:00000220 000043c8H .rsrc$02                DATA

  Address         Publics by Value              Rva+Base       Lib:Object

 0000:00000000       ___guard_fids_count        00000000     <absolute>
 0000:00000000       ___guard_iat_count         00000000     <absolute>
 0000:00000000       ___hybrid_code_map_count   00000000     <absolute>
 0000:00000000       ___dynamic_value_reloc_table 00000000     <absolute>
 0000:00000000       ___guard_longjmp_count     00000000     <absolute>
 0000:00000000       __except_list              00000000     <absolute>
 0000:00000000       ___guard_fids_table        00000000     <absolute>
 0000:00000000       ___guard_longjmp_table     00000000     <absolute>
 0000:00000000       ___hybrid_auxiliary_iat    00000000     <absolute>
 0000:00000000       ___guard_iat_table         00000000     <absolute>
 0000:00000000       ___volatile_metadata       00000000     <absolute>
 0000:00000000       ___enclave_config          00000000     <absolute>
 0000:00000000       ___AbsoluteZero            00000000     <absolute>
 0000:00000000       ___hybrid_code_map         00000000     <absolute>
 0000:00000007       ___safe_se_handler_count   00000007     <absolute>
 0000:0000002c       __tls_array                0000002c     <absolute>
 0000:00000100       ___guard_flags             00000100     <absolute>
 0000:00000000       ___ImageBase               10000000     <linker-defined>
 0001:00000080       ?DupWide@_CW@@AAEXXZ       10001080 f   CWString.obj
 0001:0000009c       ?cw_dup@@YGXPBDAAHAAPA_W1@Z 1000109c f   CWString.obj
 0001:00000124       ?cw_memcpy@@YGHPA_WPBDH@Z  10001124 f   CWString.obj
 0001:00000150       ?cw_strcpy@@YAHPA_WPBD@Z   10001150 f   CWString.obj
 0001:00000163       ?cw_strlen@@YAHPBD@Z       10001163 f   CWString.obj
 0001:0000017c       ??0CAtlComModule@ATL@@QAE@XZ 1000117c f i OposVariant.obj
 0001:000001c1       ??0CAtlWinModule@ATL@@QAE@XZ 100011c1 f i OposVariant.obj
 0001:000001f8       ??0OposDispParms@@QAE@PAVOposVariant@@H@Z 100011f8 f   OposVariant.obj
 0001:00000269       ??1OposDispParms@@QAE@XZ   10001269 f   OposVariant.obj
 0001:00000277       ??A?$CSimpleArray@GV?$CSimpleArrayEqualHelper@G@ATL@@@ATL@@QAEAAGH@Z 10001277 f i OposVariant.obj
 0001:0000029c       ??_Estringdispid@CComTypeInfoHolder@ATL@@QAEPAXI@Z 1000129c f i OposVariant.obj
 0001:00000308       ?AtlWinModuleInit@ATL@@YGJPAU_ATL_WIN_MODULE70@1@@Z 10001308 f i OposVariant.obj
 0001:0000032e       ?AtlWinModuleTerm@ATL@@YGJPAU_ATL_WIN_MODULE70@1@PAUHINSTANCE__@@@Z 1000132e f i OposVariant.obj
 0001:00000391       ?ChangeBSTR@OposVariant@@QAEXPAPA_WAAJ@Z 10001391 f   OposVariant.obj
 0001:000003d2       ?ChangeLONG@OposVariant@@QAEXPAJAAJ@Z 100013d2 f   OposVariant.obj
 0001:00000413       ?GetLONG@OposVariant@@QAEJXZ 10001413 f   OposVariant.obj
 0001:0000042e       ?Init@CComCriticalSection@ATL@@QAEJXZ 1000142e f i OposVariant.obj
 0001:00000456       ?RemoveAll@?$CSimpleArray@PAUHINSTANCE__@@V?$CSimpleArrayEqualHelper@PAUHINSTANCE__@@@ATL@@@ATL@@QAEXXZ 10001456 f i atls:atlbase.obj
 0001:00000456       ?RemoveAll@?$CSimpleArray@GV?$CSimpleArrayEqualHelper@G@ATL@@@ATL@@QAEXXZ 10001456 f i OposVariant.obj
 0001:00000473       ?SetBSTR@OposVariant@@QAEXPA_WAAJ@Z 10001473 f   OposVariant.obj
 0001:000004a7       ?SetBSTR_Copy@OposVariant@@QAEXPA_WAAJ@Z 100014a7 f   OposVariant.obj
 0001:000004f7       ?SetBSTR_InOutPtr@OposVariant@@QAE_NPAPA_WAAJ@Z 100014f7 f   OposVariant.obj
 0001:0000052e       ?SetDispatch_Ptr@OposVariant@@QAEXPAUIDispatch@@AAJ@Z 1000152e f   OposVariant.obj
 0001:00000569       ?SetLONG@OposVariant@@QAEXJ@Z 10001569 f   OposVariant.obj
 0001:0000058b       ?SetLONG_Ptr@OposVariant@@QAEXPAJAAJ@Z 1000158b f   OposVariant.obj
 0001:000005be       ?SetString@OposVariant@@QAEXPB_WAAJ@Z 100015be f   OposVariant.obj
 0001:00000604       ?SetVARIANT_BOOL@OposVariant@@QAEXF@Z 10001604 f   OposVariant.obj
 0001:0000062e       ?Term@CAtlComModule@ATL@@QAEXXZ 1000162e f i OposVariant.obj
 0001:00000678       ?_AtlRaiseException@ATL@@YAXKK@Z 10001678 f i OposVariant.obj
 0001:0000068d       ?CreateInstance@CComClassFactory@ATL@@UAGJPAUIUnknown@@ABU_GUID@@PAPAX@Z 1000168d f i ImageScanner.obj
 0001:000006cb       ?LockServer@CComClassFactory@ATL@@UAGJH@Z 100016cb f i ImageScanner.obj
 0001:000006ea       ??_GCComClassFactory@ATL@@UAEPAXI@Z 100016ea f i ImageScanner.obj
 0001:000006ea       ??_ECComClassFactory@ATL@@UAEPAXI@Z 100016ea f i ImageScanner.obj
 0001:00000715       ?GetWindowProc@?$CWindowImplBaseT@VCWindow@ATL@@V?$CWinTraits@$0FGAAAAAA@$0A@@2@@ATL@@UAEP6GJPAUHWND__@@IIJ@ZXZ 10001715 f i ImageScanner.obj
 0001:0000071b       ?StartWindowProc@?$CWindowImplBaseT@VCWindow@ATL@@V?$CWinTraits@$0FGAAAAAA@$0A@@2@@ATL@@SGJPAUHWND__@@IIJ@Z 1000171b f i ImageScanner.obj
 0001:0000076f       ?ObjectMain@CComObjectRootBase@ATL@@SGX_N@Z 1000176f f i ImageScanner.obj
 0001:0000076f       ?OnFinalMessage@?$CWindowImplBaseT@VCWindow@ATL@@V?$CWinTraits@$0FGAAAAAA@$0A@@2@@ATL@@UAEXPAUHWND__@@@Z 1000176f f i ImageScanner.obj
 0001:00000772       ?GetTypeInfoCount@?$IDispatchImpl@UIOPOSImageScanner@@$1?IID_IOPOSImageScanner@@3U_GUID@@B$1?LIBID_OposImageScanner_CCO@@3U3@B$00$0A@VCComTypeInfoHolder@ATL@@@ATL@@UAGJPAI@Z 10001772 f i ImageScanner.obj
 0001:0000078f       ?GetTypeInfo@?$IDispatchImpl@UIOPOSImageScanner@@$1?IID_IOPOSImageScanner@@3U_GUID@@B$1?LIBID_OposImageScanner_CCO@@3U3@B$00$0A@VCComTypeInfoHolder@ATL@@@ATL@@UAGJIKPAPAUITypeInfo@@@Z 1000178f f i ImageScanner.obj
 0001:000007b3       ?GetIDsOfNames@?$IDispatchImpl@UIOPOSImageScanner@@$1?IID_IOPOSImageScanner@@3U_GUID@@B$1?LIBID_OposImageScanner_CCO@@3U3@B$00$0A@VCComTypeInfoHolder@ATL@@@ATL@@UAGJABU_GUID@@PAPA_WIKPAJ@Z 100017b3 f i ImageScanner.obj
 0001:000007d3       ?Invoke@?$IDispatchImpl@UIOPOSImageScanner@@$1?IID_IOPOSImageScanner@@3U_GUID@@B$1?LIBID_OposImageScanner_CCO@@3U3@B$00$0A@VCComTypeInfoHolder@ATL@@@ATL@@UAGJJABU_GUID@@KGPAUtagDISPPARAMS@@PAUtagVARIANT@@PAUtagEXCEPINFO@@PAI@Z 100017d3 f i ImageScanner.obj
 0001:000007e1       ?CreateControlWindow@?$CComControl@VCOPOSImageScanner@@V?$CWindowImpl@VCOPOSImageScanner@@VCWindow@ATL@@V?$CWinTraits@$0FGAAAAAA@$0A@@3@@ATL@@@ATL@@UAEPAUHWND__@@PAU3@AAUtagRECT@@@Z 100017e1 f i ImageScanner.obj
 0001:00000810       ?ControlQueryInterface@?$CComControl@VCOPOSImageScanner@@V?$CWindowImpl@VCOPOSImageScanner@@VCWindow@ATL@@V?$CWinTraits@$0FGAAAAAA@$0A@@3@@ATL@@@ATL@@UAEJABU_GUID@@PAPAX@Z 10001810 f i ImageScanner.obj
 0001:0000082b       ?GetUserClassID@?$IOleObjectImpl@VCOPOSImageScanner@@@ATL@@UAGJPAU_GUID@@@Z 1000182b f i ImageScanner.obj
 0001:0000082b       ?GetClassID@?$IPersistStreamInitImpl@VCOPOSImageScanner@@@ATL@@UAGJPAU_GUID@@@Z 1000182b f i ImageScanner.obj
 0001:0000082b       ?GetClassID@?$IPersistStorageImpl@VCOPOSImageScanner@@@ATL@@UAGJPAU_GUID@@@Z 1000182b f i ImageScanner.obj
 0001:0000084f       ?IsDirty@?$IPersistStreamInitImpl@VCOPOSImageScanner@@@ATL@@UAGJXZ 1000184f f i ImageScanner.obj
 0001:0000086e       ?Load@?$IPersistStreamInitImpl@VCOPOSImageScanner@@@ATL@@UAGJPAUIStream@@@Z 1000186e f i ImageScanner.obj
 0001:0000088d       ?Save@?$IPersistStreamInitImpl@VCOPOSImageScanner@@@ATL@@UAGJPAUIStream@@H@Z 1000188d f i ImageScanner.obj
 0001:000008af       ?GetSizeMax@?$IPersistStreamInitImpl@VCOPOSImageScanner@@@ATL@@UAGJPAT_ULARGE_INTEGER@@@Z 100018af f i ImageScanner.obj
 0001:00000a8e       ?InitNew@?$IPersistStreamInitImpl@VCOPOSImageScanner@@@ATL@@UAGJXZ 10001a8e f i ImageScanner.obj
 0001:00000aab       ?GetControlInfo@?$IOleControlImpl@VCOPOSImageScanner@@@ATL@@UAGJPAUtagCONTROLINFO@@@Z 10001aab f i ImageScanner.obj
 0001:00000aab       ?Unfreeze@?$IViewObjectExImpl@VCOPOSImageScanner@@@ATL@@UAGJK@Z 10001aab f i ImageScanner.obj
 0001:00000aab       ?SetColorScheme@?$IOleObjectImpl@VCOPOSImageScanner@@@ATL@@UAGJPAUtagLOGPALETTE@@@Z 10001aab f i ImageScanner.obj
 0001:00000aab       ?ContextSensitiveHelp@?$IOleInPlaceObjectWindowlessImpl@VCOPOSImageScanner@@@ATL@@UAGJH@Z 10001aab f i ImageScanner.obj
 0001:00000aab       ?ContextSensitiveHelp@?$IOleInPlaceActiveObjectImpl@VCOPOSImageScanner@@@ATL@@UAGJH@Z 10001aab f i ImageScanner.obj
 0001:00000aab       ?SOOutputCompleteDummy@COPOSImageScanner@@MAGJJ@Z 10001aab f i ImageScanner.obj
 0001:00000aab       ?QueryGetData@?$IDataObjectImpl@VCOPOSImageScanner@@@ATL@@UAGJPAUtagFORMATETC@@@Z 10001aab f i ImageScanner.obj
 0001:00000aab       ?GetDropTarget@?$IOleInPlaceObjectWindowlessImpl@VCOPOSImageScanner@@@ATL@@UAGJPAPAUIDropTarget@@@Z 10001aab f i ImageScanner.obj
 0001:00000aab       ?OnMnemonic@?$IOleControlImpl@VCOPOSImageScanner@@@ATL@@UAGJPAUtagMSG@@@Z 10001aab f i ImageScanner.obj
 0001:00000ab3       ?SaveCompleted@?$IPersistStorageImpl@VCOPOSImageScanner@@@ATL@@UAGJPAUIStorage@@@Z 10001ab3 f i ImageScanner.obj
 0001:00000ab3       ?OnFrameWindowActivate@?$IOleInPlaceActiveObjectImpl@VCOPOSImageScanner@@@ATL@@UAGJH@Z 10001ab3 f i ImageScanner.obj
 0001:00000ab3       ?EnableModeless@?$IOleInPlaceActiveObjectImpl@VCOPOSImageScanner@@@ATL@@UAGJH@Z 10001ab3 f i ImageScanner.obj
 0001:00000ab3       ?OnAmbientPropertyChange@?$IOleControlImpl@VCOPOSImageScanner@@@ATL@@UAGJJ@Z 10001ab3 f i ImageScanner.obj
 0001:00000ab8       ?SetClientSite@?$IOleObjectImpl@VCOPOSImageScanner@@@ATL@@UAGJPAUIOleClientSite@@@Z 10001ab8 f i ImageScanner.obj
 0001:00000ad5       ?GetClientSite@?$IOleObjectImpl@VCOPOSImageScanner@@@ATL@@UAGJPAPAUIOleClientSite@@@Z 10001ad5 f i ImageScanner.obj
 0001:00000af2       ?SetHostNames@?$IOleObjectImpl@VCOPOSImageScanner@@@ATL@@UAGJPB_W0@Z 10001af2 f i ImageScanner.obj
 0001:00000af7       ?Close@?$IOleObjectImpl@VCOPOSImageScanner@@@ATL@@UAGJK@Z 10001af7 f i ImageScanner.obj
 0001:00000b14       ?EnumFormatEtc@?$IDataObjectImpl@VCOPOSImageScanner@@@ATL@@UAGJKPAPAUIEnumFORMATETC@@@Z 10001b14 f i ImageScanner.obj
 0001:00000b14       ?GetClipboardData@?$IOleObjectImpl@VCOPOSImageScanner@@@ATL@@UAGJKPAPAUIDataObject@@@Z 10001b14 f i ImageScanner.obj
 0001:00000b14       ?GetDataHere@?$IDataObjectImpl@VCOPOSImageScanner@@@ATL@@UAGJPAUtagFORMATETC@@PAUtagSTGMEDIUM@@@Z 10001b14 f i ImageScanner.obj
 0001:00000b14       ?GetRect@?$IViewObjectExImpl@VCOPOSImageScanner@@@ATL@@UAGJKPAU_RECTL@@@Z 10001b14 f i ImageScanner.obj
 0001:00000b14       ?QueryInterface@CRegObject@ATL@@UAGJABU_GUID@@PAPAX@Z 10001b14 f i ImageScanner.obj
 0001:00000b14       ?GetCanonicalFormatEtc@?$IDataObjectImpl@VCOPOSImageScanner@@@ATL@@UAGJPAUtagFORMATETC@@0@Z 10001b14 f i ImageScanner.obj
 0001:00000b14       ?SetMoniker@?$IOleObjectImpl@VCOPOSImageScanner@@@ATL@@UAGJKPAUIMoniker@@@Z 10001b14 f i ImageScanner.obj
 0001:00000b1c       ?GetMoniker@?$IOleObjectImpl@VCOPOSImageScanner@@@ATL@@UAGJKKPAPAUIMoniker@@@Z 10001b1c f i ImageScanner.obj
 0001:00000b1c       ?InitFromData@?$IOleObjectImpl@VCOPOSImageScanner@@@ATL@@UAGJPAUIDataObject@@HK@Z 10001b1c f i ImageScanner.obj
 0001:00000b1c       ?SetData@?$IDataObjectImpl@VCOPOSImageScanner@@@ATL@@UAGJPAUtagFORMATETC@@PAUtagSTGMEDIUM@@H@Z 10001b1c f i ImageScanner.obj
 0001:00000b24       ?DoVerb@?$IOleObjectImpl@VCOPOSImageScanner@@@ATL@@UAGJJPAUtagMSG@@PAUIOleClientSite@@JPAUHWND__@@PBUtagRECT@@@Z 10001b24 f i ImageScanner.obj
 0001:00000c18       ?EnumVerbs@?$IOleObjectImpl@VCOPOSImageScanner@@@ATL@@UAGJPAPAUIEnumOLEVERB@@@Z 10001c18 f i ImageScanner.obj
 0001:00000c3a       ?Update@?$IOleObjectImpl@VCOPOSImageScanner@@@ATL@@UAGJXZ 10001c3a f i ImageScanner.obj
 0001:00000c3a       ?HandsOffStorage@?$IPersistStorageImpl@VCOPOSImageScanner@@@ATL@@UAGJXZ 10001c3a f i ImageScanner.obj
 0001:00000c3a       ?Release@CRegObject@ATL@@UAGKXZ 10001c3a f i ImageScanner.obj
 0001:00000c3a       ?IsUpToDate@?$IOleObjectImpl@VCOPOSImageScanner@@@ATL@@UAGJXZ 10001c3a f i ImageScanner.obj
 0001:00000c3f       ?GetUserType@?$IOleObjectImpl@VCOPOSImageScanner@@@ATL@@UAGJKPAPA_W@Z 10001c3f f i ImageScanner.obj
 0001:00000c57       ?SetExtent@?$IOleObjectImpl@VCOPOSImageScanner@@@ATL@@UAGJKPAUtagSIZE@@@Z 10001c57 f i ImageScanner.obj
 0001:00000c77       ?GetExtent@?$IOleObjectImpl@VCOPOSImageScanner@@@ATL@@UAGJKPAUtagSIZE@@@Z 10001c77 f i ImageScanner.obj
 0001:00000cb5       ?Advise@?$IOleObjectImpl@VCOPOSImageScanner@@@ATL@@UAGJPAUIAdviseSink@@PAK@Z 10001cb5 f i ImageScanner.obj
 0001:00000cd5       ?Unadvise@?$IOleObjectImpl@VCOPOSImageScanner@@@ATL@@UAGJK@Z 10001cd5 f i ImageScanner.obj
 0001:00000d04       ?EnumAdvise@?$IOleObjectImpl@VCOPOSImageScanner@@@ATL@@UAGJPAPAUIEnumSTATDATA@@@Z 10001d04 f i ImageScanner.obj
 0001:00000d44       ?GetMiscStatus@?$IOleObjectImpl@VCOPOSImageScanner@@@ATL@@UAGJKPAK@Z 10001d44 f i ImageScanner.obj
 0001:00000d5c       ?GetWindow@?$IOleInPlaceActiveObjectImpl@VCOPOSImageScanner@@@ATL@@UAGJPAPAUHWND__@@@Z 10001d5c f i ImageScanner.obj
 0001:00000da9       ?TranslateAcceleratorW@?$IOleInPlaceActiveObjectImpl@VCOPOSImageScanner@@@ATL@@UAGJPAUtagMSG@@@Z 10001da9 f i ImageScanner.obj
 0001:00000e57       ?OnDocWindowActivate@?$IOleInPlaceActiveObjectImpl@VCOPOSImageScanner@@@ATL@@UAGJH@Z 10001e57 f i ImageScanner.obj
 0001:00000e79       ?ResizeBorder@?$IOleInPlaceActiveObjectImpl@VCOPOSImageScanner@@@ATL@@UAGJPBUtagRECT@@PAUIOleInPlaceUIWindow@@H@Z 10001e79 f i ImageScanner.obj
 0001:00000e7e       ?Draw@?$IViewObjectExImpl@VCOPOSImageScanner@@@ATL@@UAGJKJPAXPAUtagDVTARGETDEVICE@@PAUHDC__@@2PBU_RECTL@@3P6GHK@ZK@Z 10001e7e f i ImageScanner.obj
 0001:00000eb0       ?GetColorSet@?$IViewObjectExImpl@VCOPOSImageScanner@@@ATL@@UAGJKJPAXPAUtagDVTARGETDEVICE@@PAUHDC__@@PAPAUtagLOGPALETTE@@@Z 10001eb0 f i ImageScanner.obj
 0001:00000eb8       ?Freeze@?$IViewObjectExImpl@VCOPOSImageScanner@@@ATL@@UAGJKJPAXPAK@Z 10001eb8 f i ImageScanner.obj
 0001:00000ec0       ?SetAdvise@?$IViewObjectExImpl@VCOPOSImageScanner@@@ATL@@UAGJKKPAUIAdviseSink@@@Z 10001ec0 f i ImageScanner.obj
 0001:00000edf       ?GetAdvise@?$IViewObjectExImpl@VCOPOSImageScanner@@@ATL@@UAGJPAK0PAPAUIAdviseSink@@@Z 10001edf f i ImageScanner.obj
 0001:00000f14       ?GetExtent@?$IViewObjectExImpl@VCOPOSImageScanner@@@ATL@@UAGJKJPAUtagDVTARGETDEVICE@@PAUtagSIZE@@@Z 10001f14 f i ImageScanner.obj
 0001:00000f45       ?GetViewStatus@?$IViewObjectExImpl@VCOPOSImageScanner@@@ATL@@UAGJPAK@Z 10001f45 f i ImageScanner.obj
 0001:00000f62       ?QueryHitPoint@?$IViewObjectExImpl@VCOPOSImageScanner@@@ATL@@UAGJKPBUtagRECT@@UtagPOINT@@JPAK@Z 10001f62 f i ImageScanner.obj
 0001:00000fa3       ?QueryHitRect@?$IViewObjectExImpl@VCOPOSImageScanner@@@ATL@@UAGJKPBUtagRECT@@0JPAK@Z 10001fa3 f i ImageScanner.obj
 0001:00000ffe       ?GetNaturalExtent@?$IViewObjectExImpl@VCOPOSImageScanner@@@ATL@@UAGJKJPAUtagDVTARGETDEVICE@@PAUHDC__@@PAUtagExtentInfo@@PAUtagSIZE@@@Z 10001ffe f i ImageScanner.obj
 0001:00001049       ?GetWindow@?$IOleInPlaceObjectWindowlessImpl@VCOPOSImageScanner@@@ATL@@UAGJPAPAUHWND__@@@Z 10002049 f i ImageScanner.obj
 0001:00001096       ?InPlaceDeactivate@?$IOleInPlaceObjectWindowlessImpl@VCOPOSImageScanner@@@ATL@@UAGJXZ 10002096 f i ImageScanner.obj
 0001:000010b0       ?UIDeactivate@?$IOleInPlaceObjectWindowlessImpl@VCOPOSImageScanner@@@ATL@@UAGJXZ 100020b0 f i ImageScanner.obj
 0001:000010ca       ?SetObjectRects@?$IOleInPlaceObjectWindowlessImpl@VCOPOSImageScanner@@@ATL@@UAGJPBUtagRECT@@0@Z 100020ca f i ImageScanner.obj
 0001:000010ea       ?ReactivateAndUndo@?$IOleInPlaceObjectWindowlessImpl@VCOPOSImageScanner@@@ATL@@UAGJXZ 100020ea f i ImageScanner.obj
 0001:000010f2       ?OnWindowMessage@?$IOleInPlaceObjectWindowlessImpl@VCOPOSImageScanner@@@ATL@@UAGJIIJPAJ@Z 100020f2 f i ImageScanner.obj
 0001:00001162       ?EnumConnectionPoints@?$IConnectionPointContainerImpl@VCOPOSImageScanner@@@ATL@@UAGJPAPAUIEnumConnectionPoints@@@Z 10002162 f i ImageScanner.obj
 0001:000012dc       ?FindConnectionPoint@?$IConnectionPointContainerImpl@VCOPOSImageScanner@@@ATL@@UAGJABU_GUID@@PAPAUIConnectionPoint@@@Z 100022dc f i ImageScanner.obj
 0001:0000137f       ?IsDirty@?$IPersistStorageImpl@VCOPOSImageScanner@@@ATL@@UAGJXZ 1000237f f i ImageScanner.obj
 0001:000013b3       ?InitNew@?$IPersistStorageImpl@VCOPOSImageScanner@@@ATL@@UAGJPAUIStorage@@@Z 100023b3 f i ImageScanner.obj
 0001:000013e7       ?Load@?$IPersistStorageImpl@VCOPOSImageScanner@@@ATL@@UAGJPAUIStorage@@@Z 100023e7 f i ImageScanner.obj
 0001:00001453       ?Save@?$IPersistStorageImpl@VCOPOSImageScanner@@@ATL@@UAGJPAUIStorage@@H@Z 10002453 f i ImageScanner.obj
 0001:000014c6       ?GetPages@?$ISpecifyPropertyPagesImpl@VCOPOSImageScanner@@@ATL@@UAGJPAUtagCAUUID@@@Z 100024c6 f i ImageScanner.obj
 0001:000014dd       ?QuickActivate@?$IQuickActivateImpl@VCOPOSImageScanner@@@ATL@@UAGJPAUtagQACONTAINER@@PAUtagQACONTROL@@@Z 100024dd f i ImageScanner.obj
 0001:00001500       ?SetContentExtent@?$IQuickActivateImpl@VCOPOSImageScanner@@@ATL@@UAGJPAUtagSIZE@@@Z 10002500 f i ImageScanner.obj
 0001:0000152c       ?GetContentExtent@?$IQuickActivateImpl@VCOPOSImageScanner@@@ATL@@UAGJPAUtagSIZE@@@Z 1000252c f i ImageScanner.obj
 0001:00001566       ?GetData@?$IDataObjectImpl@VCOPOSImageScanner@@@ATL@@UAGJPAUtagFORMATETC@@PAUtagSTGMEDIUM@@@Z 10002566 f i ImageScanner.obj
 0001:00001589       ?DAdvise@?$IDataObjectImpl@VCOPOSImageScanner@@@ATL@@UAGJPAUtagFORMATETC@@KPAUIAdviseSink@@PAK@Z 10002589 f i ImageScanner.obj
 0001:000015ca       ?DUnadvise@?$IDataObjectImpl@VCOPOSImageScanner@@@ATL@@UAGJK@Z 100025ca f i ImageScanner.obj
 0001:000015f8       ?EnumDAdvise@?$IDataObjectImpl@VCOPOSImageScanner@@@ATL@@UAGJPAPAUIEnumSTATDATA@@@Z 100025f8 f i ImageScanner.obj
 0001:00001637       ?GetClassInfoW@?$IProvideClassInfo2Impl@$1?CLSID_OPOSImageScanner@@3U_GUID@@B$1?DIID__IOPOSImageScannerEvents@@3U2@B$1?LIBID_OposImageScanner_CCO@@3U2@B$00$0A@VCComTypeInfoHolder@ATL@@@ATL@@UAGJPAPAUITypeInfo@@@Z 10002637 f i ImageScanner.obj
 0001:0000164d       ?GetGUID@?$IProvideClassInfo2Impl@$1?CLSID_OPOSImageScanner@@3U_GUID@@B$1?DIID__IOPOSImageScannerEvents@@3U2@B$1?LIBID_OposImageScanner_CCO@@3U2@B$00$0A@VCComTypeInfoHolder@ATL@@@ATL@@UAGJKPAU_GUID@@@Z 1000264d f i ImageScanner.obj
 0001:0000168b       __get_startup_argv_mode    1000268b f i LIBCMT:argv_mode.obj
 0001:0000168b       ?FAccessAllowed@?$IObjectSafetyImpl@VCOPOSImageScanner@@$02@ATL@@MAEHXZ 1000268b f i ImageScanner.obj
 0001:0000168f       ?GetInterfaceSafetyOptions@?$IObjectSafetyImpl@VCOPOSImageScanner@@$02@ATL@@UAGJABU_GUID@@PAK1@Z 1000268f f i ImageScanner.obj
 0001:00001703       ?SetInterfaceSafetyOptions@?$IObjectSafetyImpl@VCOPOSImageScanner@@$02@ATL@@UAGJABU_GUID@@KK@Z 10002703 f i ImageScanner.obj
 0001:0000177d       ?_LocCPQueryInterface@?$IConnectionPointImpl@VCOPOSImageScanner@@$1?DIID__IOPOSImageScannerEvents@@3U_GUID@@BVCComDynamicUnkArray@ATL@@@ATL@@UAGJABU_GUID@@PAPAX@Z 1000277d f i ImageScanner.obj
 0001:0000177d       ?_LocCPQueryInterface@?$IConnectionPointImpl@VCOPOSImageScanner@@$1?IID_IPropertyNotifySink@@3U_GUID@@BVCComDynamicUnkArray@ATL@@@ATL@@UAGJABU_GUID@@PAPAX@Z 1000277d f i ImageScanner.obj
 0001:000017ca       ?GetConnectionInterface@?$IConnectionPointImpl@VCOPOSImageScanner@@$1?IID_IPropertyNotifySink@@3U_GUID@@BVCComDynamicUnkArray@ATL@@@ATL@@UAGJPAU_GUID@@@Z 100027ca f i ImageScanner.obj
 0001:000017ee       ?GetConnectionPointContainer@?$IConnectionPointImpl@VCOPOSImageScanner@@$1?IID_IPropertyNotifySink@@3U_GUID@@BVCComDynamicUnkArray@ATL@@@ATL@@UAGJPAPAUIConnectionPointContainer@@@Z 100027ee f i ImageScanner.obj
 0001:00001811       ?Advise@?$IConnectionPointImpl@VCOPOSImageScanner@@$1?DIID__IOPOSImageScannerEvents@@3U_GUID@@BVCComDynamicUnkArray@ATL@@@ATL@@UAGJPAUIUnknown@@PAK@Z 10002811 f i ImageScanner.obj
 0001:00001811       ?Advise@?$IConnectionPointImpl@VCOPOSImageScanner@@$1?IID_IPropertyNotifySink@@3U_GUID@@BVCComDynamicUnkArray@ATL@@@ATL@@UAGJPAUIUnknown@@PAK@Z 10002811 f i ImageScanner.obj
 0001:000018b2       ?Unadvise@?$IConnectionPointImpl@VCOPOSImageScanner@@$1?DIID__IOPOSImageScannerEvents@@3U_GUID@@BVCComDynamicUnkArray@ATL@@@ATL@@UAGJK@Z 100028b2 f i ImageScanner.obj
 0001:000018b2       ?Unadvise@?$IConnectionPointImpl@VCOPOSImageScanner@@$1?IID_IPropertyNotifySink@@3U_GUID@@BVCComDynamicUnkArray@ATL@@@ATL@@UAGJK@Z 100028b2 f i ImageScanner.obj
 0001:000018f2       ?EnumConnections@?$IConnectionPointImpl@VCOPOSImageScanner@@$1?DIID__IOPOSImageScannerEvents@@3U_GUID@@BVCComDynamicUnkArray@ATL@@@ATL@@UAGJPAPAUIEnumConnections@@@Z 100028f2 f i ImageScanner.obj
 0001:000018f2       ?EnumConnections@?$IConnectionPointImpl@VCOPOSImageScanner@@$1?IID_IPropertyNotifySink@@3U_GUID@@BVCComDynamicUnkArray@ATL@@@ATL@@UAGJPAPAUIEnumConnections@@@Z 100028f2 f i ImageScanner.obj
 0001:000019f8       ?GetCategoryMap@CComObjectRootBase@ATL@@SAPBU_ATL_CATMAP_ENTRY@2@XZ 100029f8 f i ImageScanner.obj
 0001:000019f8       ?GetObjectDescription@?$CComCoClass@VCOPOSImageScanner@@$1?CLSID_OPOSImageScanner@@3U_GUID@@B@ATL@@SGPB_WXZ 100029f8 f i ImageScanner.obj
 0001:000019fb       ?GetConnectionInterface@?$IConnectionPointImpl@VCOPOSImageScanner@@$1?DIID__IOPOSImageScannerEvents@@3U_GUID@@BVCComDynamicUnkArray@ATL@@@ATL@@UAGJPAU_GUID@@@Z 100029fb f i ImageScanner.obj
 0001:00001a1f       ?GetConnectionPointContainer@?$IConnectionPointImpl@VCOPOSImageScanner@@$1?DIID__IOPOSImageScannerEvents@@3U_GUID@@BVCComDynamicUnkArray@ATL@@@ATL@@UAGJPAPAUIConnectionPointContainer@@@Z 10002a1f f i ImageScanner.obj
 0001:00001a42       ?UpdateRegistry@COPOSImageScanner@@SGJH@Z 10002a42 f i ImageScanner.obj
 0001:00001a5a       ?ProcessWindowMessage@COPOSImageScanner@@UAEHPAUHWND__@@IIJAAJK@Z 10002a5a f i ImageScanner.obj
 0001:00001aa3       ?SOData@COPOSImageScanner@@MAGJJ@Z 10002aa3 f i ImageScanner.obj
 0001:00001adc       ?SODirectIO@COPOSImageScanner@@MAGJJPAJPAPA_W@Z 10002adc f i ImageScanner.obj
 0001:00001b25       ?SOError@COPOSImageScanner@@MAGJJJJPAJ@Z 10002b25 f i ImageScanner.obj
 0001:00001b7a       ?SOStatusUpdate@COPOSImageScanner@@MAGJJ@Z 10002b7a f i ImageScanner.obj
 0001:00001bb3       ?Lock@CAtlModule@ATL@@UAEJXZ 10002bb3 f i ImageScanner.obj
 0001:00001bbd       ?Unlock@CAtlModule@ATL@@UAEJXZ 10002bbd f i ImageScanner.obj
 0001:00001bc7       ?GetLockCount@CAtlModule@ATL@@UAEJXZ 10002bc7 f i ImageScanner.obj
 0001:00001bcb       ?GetGITPtr@CAtlModule@ATL@@UAEJPAPAUIGlobalInterfaceTable@@@Z 10002bcb f i ImageScanner.obj
 0001:00001c17       ?AddCommonRGSReplacements@?$CAtlModuleT@VCComModule@ATL@@@ATL@@UAEJPAUIRegistrarBase@@@Z 10002c17 f i ImageScanner.obj
 0001:00001c31       ?UpdateRegistryFromResourceD@CComModule@ATL@@UAGJPB_WHPAU_ATL_REGMAP_ENTRY@2@@Z 10002c31 f i ImageScanner.obj
 0001:00001c31       ?UpdateRegistryFromResourceD@CComModule@ATL@@UAGJIHPAU_ATL_REGMAP_ENTRY@2@@Z 10002c31 f i ImageScanner.obj
 0001:00001c39       ?UpdateRegistryFromResource@CComModule@ATL@@UAGJPB_WHPAU_ATL_REGMAP_ENTRY@2@@Z 10002c39 f i ImageScanner.obj
 0001:00001c42       ?UpdateRegistryFromResource@CComModule@ATL@@UAGJIHPAU_ATL_REGMAP_ENTRY@2@@Z 10002c42 f i ImageScanner.obj
 0001:00001c4b       ?CreateInstance@?$CComCreator@V?$CComObjectCached@VCComClassFactory@ATL@@@ATL@@@ATL@@SGJPAXABU_GUID@@PAPAX@Z 10002c4b f i ImageScanner.obj
 0001:00001cf7       ??_ECComModule@ATL@@UAEPAXI@Z 10002cf7 f i ImageScanner.obj
 0001:00001cf7       ??_GCComModule@ATL@@UAEPAXI@Z 10002cf7 f i ImageScanner.obj
 0001:00001d1f       ?CreateInstance@?$CComCreator2@V?$CComCreator@V?$CComObject@VCOPOSImageScanner@@@ATL@@@ATL@@V?$CComCreator@V?$CComAggObject@VCOPOSImageScanner@@@ATL@@@2@@ATL@@SGJPAXABU_GUID@@PAPAX@Z 10002d1f f i ImageScanner.obj
 0001:00001d3f       ?AddRef@?$CComObjectCached@VCComClassFactory@ATL@@@ATL@@UAGKXZ 10002d3f f i ImageScanner.obj
 0001:00001d66       ?Release@?$CComObjectCached@VCComClassFactory@ATL@@@ATL@@UAGKXZ 10002d66 f i ImageScanner.obj
 0001:00001d9c       ?QueryInterface@?$CComObjectCached@VCComClassFactory@ATL@@@ATL@@UAGJABU_GUID@@PAPAX@Z 10002d9c f i ImageScanner.obj
 0001:00001db6       ??_E?$CComObjectCached@VCComClassFactory@ATL@@@ATL@@UAEPAXI@Z 10002db6 f i ImageScanner.obj
 0001:00001db6       ??_G?$CComObjectCached@VCComClassFactory@ATL@@@ATL@@UAEPAXI@Z 10002db6 f i ImageScanner.obj
 0001:00001dd8       ?Next@?$CComEnumImpl@UIEnumConnectionPoints@@$1?_GUID_b196b285_bab4_101a_b69c_00aa00341d07@@3U__s_GUID@@BPAUIConnectionPoint@@V?$_CopyInterface@UIConnectionPoint@@@ATL@@@ATL@@UAGJKPAPAUIConnectionPoint@@PAK@Z 10002dd8 f i ImageScanner.obj
 0001:00001eaf       ?Skip@?$CComEnumImpl@UIEnumConnectionPoints@@$1?_GUID_b196b285_bab4_101a_b69c_00aa00341d07@@3U__s_GUID@@BPAUIConnectionPoint@@V?$_CopyInterface@UIConnectionPoint@@@ATL@@@ATL@@UAGJK@Z 10002eaf f i ImageScanner.obj
 0001:00001edc       ?Reset@?$CComEnumImpl@UIEnumConnectionPoints@@$1?_GUID_b196b285_bab4_101a_b69c_00aa00341d07@@3U__s_GUID@@BPAUIConnectionPoint@@V?$_CopyInterface@UIConnectionPoint@@@ATL@@@ATL@@UAGJXZ 10002edc f i ImageScanner.obj
 0001:00001edc       ?Reset@?$CComEnumImpl@UIEnumConnections@@$1?_GUID_b196b287_bab4_101a_b69c_00aa00341d07@@3U__s_GUID@@BUtagCONNECTDATA@@V?$_Copy@UtagCONNECTDATA@@@ATL@@@ATL@@UAGJXZ 10002edc f i ImageScanner.obj
 0001:00001eee       ?Clone@?$CComEnumImpl@UIEnumConnectionPoints@@$1?_GUID_b196b285_bab4_101a_b69c_00aa00341d07@@3U__s_GUID@@BPAUIConnectionPoint@@V?$_CopyInterface@UIConnectionPoint@@@ATL@@@ATL@@UAGJPAPAUIEnumConnectionPoints@@@Z 10002eee f i ImageScanner.obj
 0001:00001fcf       ?AddRef@?$CComObject@V?$CComEnum@UIEnumConnections@@$1?_GUID_b196b287_bab4_101a_b69c_00aa00341d07@@3U__s_GUID@@BUtagCONNECTDATA@@V?$_Copy@UtagCONNECTDATA@@@ATL@@VCComSingleThreadModel@6@@ATL@@@ATL@@UAGKXZ 10002fcf f i ImageScanner.obj
 0001:00001fcf       ?AddRef@?$CComObject@V?$CComEnum@UIEnumConnectionPoints@@$1?_GUID_b196b285_bab4_101a_b69c_00aa00341d07@@3U__s_GUID@@BPAUIConnectionPoint@@V?$_CopyInterface@UIConnectionPoint@@@ATL@@VCComSingleThreadModel@6@@ATL@@@ATL@@UAGKXZ 10002fcf f i ImageScanner.obj
 0001:00001fe0       ?Release@?$CComObject@V?$CComEnum@UIEnumConnections@@$1?_GUID_b196b287_bab4_101a_b69c_00aa00341d07@@3U__s_GUID@@BUtagCONNECTDATA@@V?$_Copy@UtagCONNECTDATA@@@ATL@@VCComSingleThreadModel@6@@ATL@@@ATL@@UAGKXZ 10002fe0 f i ImageScanner.obj
 0001:00001fe0       ?Release@?$CComObject@V?$CComEnum@UIEnumConnectionPoints@@$1?_GUID_b196b285_bab4_101a_b69c_00aa00341d07@@3U__s_GUID@@BPAUIConnectionPoint@@V?$_CopyInterface@UIConnectionPoint@@@ATL@@VCComSingleThreadModel@6@@ATL@@@ATL@@UAGKXZ 10002fe0 f i ImageScanner.obj
 0001:0000201c       ?QueryInterface@?$CComObject@V?$CComEnum@UIEnumConnectionPoints@@$1?_GUID_b196b285_bab4_101a_b69c_00aa00341d07@@3U__s_GUID@@BPAUIConnectionPoint@@V?$_CopyInterface@UIConnectionPoint@@@ATL@@VCComSingleThreadModel@6@@ATL@@@ATL@@UAGJABU_GUID@@PAPAX@Z 1000301c f i ImageScanner.obj
 0001:00002036       ??_E?$CComObject@V?$CComEnum@UIEnumConnectionPoints@@$1?_GUID_b196b285_bab4_101a_b69c_00aa00341d07@@3U__s_GUID@@BPAUIConnectionPoint@@V?$_CopyInterface@UIConnectionPoint@@@ATL@@VCComSingleThreadModel@6@@ATL@@@ATL@@UAEPAXI@Z 10003036 f i ImageScanner.obj
 0001:00002036       ??_G?$CComObject@V?$CComEnum@UIEnumConnectionPoints@@$1?_GUID_b196b285_bab4_101a_b69c_00aa00341d07@@3U__s_GUID@@BPAUIConnectionPoint@@V?$_CopyInterface@UIConnectionPoint@@@ATL@@VCComSingleThreadModel@6@@ATL@@@ATL@@UAEPAXI@Z 10003036 f i ImageScanner.obj
 0001:00002058       ?AddRef@CRegObject@ATL@@UAGKXZ 10003058 f i ImageScanner.obj
 0001:0000205e       ?AddReplacement@CRegObject@ATL@@UAGJPB_W0@Z 1000305e f i ImageScanner.obj
 0001:00002097       ?ClearReplacements@CRegObject@ATL@@UAGJXZ 10003097 f i ImageScanner.obj
 0001:000020a9       ??_GCRegObject@ATL@@UAEPAXI@Z 100030a9 f i ImageScanner.obj
 0001:000020a9       ??_ECRegObject@ATL@@UAEPAXI@Z 100030a9 f i ImageScanner.obj
 0001:000020cb       ?AddRef@?$CComAggObject@VCOPOSImageScanner@@@ATL@@UAGKXZ 100030cb f i ImageScanner.obj
 0001:000020dc       ?Release@?$CComAggObject@VCOPOSImageScanner@@@ATL@@UAGKXZ 100030dc f i ImageScanner.obj
 0001:00002118       ?QueryInterface@?$CComAggObject@VCOPOSImageScanner@@@ATL@@UAGJABU_GUID@@PAPAX@Z 10003118 f i ImageScanner.obj
 0001:00002167       ?AddRef@?$CComContainedObject@VCOPOSImageScanner@@@ATL@@UAGKXZ 10003167 f i ImageScanner.obj
 0001:0000217d       ?Release@?$CComContainedObject@VCOPOSImageScanner@@@ATL@@UAGKXZ 1000317d f i ImageScanner.obj
 0001:00002193       ?QueryInterface@?$CComContainedObject@VCOPOSImageScanner@@@ATL@@UAGJABU_GUID@@PAPAX@Z 10003193 f i ImageScanner.obj
 0001:000021ae       ??_G?$CComAggObject@VCOPOSImageScanner@@@ATL@@UAEPAXI@Z 100031ae f i ImageScanner.obj
 0001:000021ae       ??_E?$CComAggObject@VCOPOSImageScanner@@@ATL@@UAEPAXI@Z 100031ae f i ImageScanner.obj
 0001:000021d3       ?AddRef@?$CComObject@VCOPOSImageScanner@@@ATL@@UAGKXZ 100031d3 f i ImageScanner.obj
 0001:000021ea       ?Release@?$CComObject@VCOPOSImageScanner@@@ATL@@UAGKXZ 100031ea f i ImageScanner.obj
 0001:0000222c       ?QueryInterface@?$CComObject@VCOPOSImageScanner@@@ATL@@UAGJABU_GUID@@PAPAX@Z 1000322c f i ImageScanner.obj
 0001:00002246       ?OnDrawAdvanced@CComControlBase@ATL@@UAEJAAUATL_DRAWINFO@@@Z 10003246 f i ImageScanner.obj
 0001:00002339       ?Next@?$CComEnumImpl@UIEnumConnections@@$1?_GUID_b196b287_bab4_101a_b69c_00aa00341d07@@3U__s_GUID@@BUtagCONNECTDATA@@V?$_Copy@UtagCONNECTDATA@@@ATL@@@ATL@@UAGJKPAUtagCONNECTDATA@@PAK@Z 10003339 f i ImageScanner.obj
 0001:00002410       ?Skip@?$CComEnumImpl@UIEnumConnections@@$1?_GUID_b196b287_bab4_101a_b69c_00aa00341d07@@3U__s_GUID@@BUtagCONNECTDATA@@V?$_Copy@UtagCONNECTDATA@@@ATL@@@ATL@@UAGJK@Z 10003410 f i ImageScanner.obj
 0001:0000243d       ?Clone@?$CComEnumImpl@UIEnumConnections@@$1?_GUID_b196b287_bab4_101a_b69c_00aa00341d07@@3U__s_GUID@@BUtagCONNECTDATA@@V?$_Copy@UtagCONNECTDATA@@@ATL@@@ATL@@UAGJPAPAUIEnumConnections@@@Z 1000343d f i ImageScanner.obj
 0001:0000251e       ?QueryInterface@?$CComObject@V?$CComEnum@UIEnumConnections@@$1?_GUID_b196b287_bab4_101a_b69c_00aa00341d07@@3U__s_GUID@@BUtagCONNECTDATA@@V?$_Copy@UtagCONNECTDATA@@@ATL@@VCComSingleThreadModel@6@@ATL@@@ATL@@UAGJABU_GUID@@PAPAX@Z 1000351e f i ImageScanner.obj
 0001:00002538       ??_G?$CComObject@V?$CComEnum@UIEnumConnections@@$1?_GUID_b196b287_bab4_101a_b69c_00aa00341d07@@3U__s_GUID@@BUtagCONNECTDATA@@V?$_Copy@UtagCONNECTDATA@@@ATL@@VCComSingleThreadModel@6@@ATL@@@ATL@@UAEPAXI@Z 10003538 f i ImageScanner.obj
 0001:00002538       ??_E?$CComObject@V?$CComEnum@UIEnumConnections@@$1?_GUID_b196b287_bab4_101a_b69c_00aa00341d07@@3U__s_GUID@@BUtagCONNECTDATA@@V?$_Copy@UtagCONNECTDATA@@@ATL@@VCComSingleThreadModel@6@@ATL@@@ATL@@UAEPAXI@Z 10003538 f i ImageScanner.obj
 0001:0000255a       ??_E?$CComObject@VCOPOSImageScanner@@@ATL@@W3AEPAXI@Z 1000355a f i ImageScanner.obj
 0001:00002562       ??_E?$CComObject@VCOPOSImageScanner@@@ATL@@WEM@AEPAXI@Z 10003562 f i ImageScanner.obj
 0001:0000256a       ?QueryInterface@?$CComObject@VCOPOSImageScanner@@@ATL@@WHA@AGJABU_GUID@@PAPAX@Z 1000356a f i ImageScanner.obj
 0001:00002574       ?AddRef@?$CComObject@VCOPOSImageScanner@@@ATL@@WHA@AGKXZ 10003574 f i ImageScanner.obj
 0001:0000257e       ?Release@?$CComObject@VCOPOSImageScanner@@@ATL@@WHA@AGKXZ 1000357e f i ImageScanner.obj
 0001:00002588       ?QueryInterface@?$CComObject@VCOPOSImageScanner@@@ATL@@WHE@AGJABU_GUID@@PAPAX@Z 10003588 f i ImageScanner.obj
 0001:00002592       ?AddRef@?$CComObject@VCOPOSImageScanner@@@ATL@@WHE@AGKXZ 10003592 f i ImageScanner.obj
 0001:0000259c       ?Release@?$CComObject@VCOPOSImageScanner@@@ATL@@WHE@AGKXZ 1000359c f i ImageScanner.obj
 0001:000025a6       ?QueryInterface@?$CComObject@VCOPOSImageScanner@@@ATL@@WHI@AGJABU_GUID@@PAPAX@Z 100035a6 f i ImageScanner.obj
 0001:000025b0       ?AddRef@?$CComObject@VCOPOSImageScanner@@@ATL@@WHI@AGKXZ 100035b0 f i ImageScanner.obj
 0001:000025ba       ?Release@?$CComObject@VCOPOSImageScanner@@@ATL@@WHI@AGKXZ 100035ba f i ImageScanner.obj
 0001:000025c4       ?QueryInterface@?$CComObject@VCOPOSImageScanner@@@ATL@@WHM@AGJABU_GUID@@PAPAX@Z 100035c4 f i ImageScanner.obj
 0001:000025ce       ?AddRef@?$CComObject@VCOPOSImageScanner@@@ATL@@WHM@AGKXZ 100035ce f i ImageScanner.obj
 0001:000025d8       ?Release@?$CComObject@VCOPOSImageScanner@@@ATL@@WHM@AGKXZ 100035d8 f i ImageScanner.obj
 0001:000025e2       ?QueryInterface@?$CComObject@VCOPOSImageScanner@@@ATL@@WIA@AGJABU_GUID@@PAPAX@Z 100035e2 f i ImageScanner.obj
 0001:000025ef       ?AddRef@?$CComObject@VCOPOSImageScanner@@@ATL@@WIA@AGKXZ 100035ef f i ImageScanner.obj
 0001:000025fc       ?Release@?$CComObject@VCOPOSImageScanner@@@ATL@@WIA@AGKXZ 100035fc f i ImageScanner.obj
 0001:00002609       ?QueryInterface@?$CComObject@VCOPOSImageScanner@@@ATL@@WIE@AGJABU_GUID@@PAPAX@Z 10003609 f i ImageScanner.obj
 0001:00002616       ?AddRef@?$CComObject@VCOPOSImageScanner@@@ATL@@WIE@AGKXZ 10003616 f i ImageScanner.obj
 0001:00002623       ?Release@?$CComObject@VCOPOSImageScanner@@@ATL@@WIE@AGKXZ 10003623 f i ImageScanner.obj
 0001:00002630       ?QueryInterface@?$CComObject@VCOPOSImageScanner@@@ATL@@WII@AGJABU_GUID@@PAPAX@Z 10003630 f i ImageScanner.obj
 0001:0000263d       ?AddRef@?$CComObject@VCOPOSImageScanner@@@ATL@@WII@AGKXZ 1000363d f i ImageScanner.obj
 0001:0000264a       ?Release@?$CComObject@VCOPOSImageScanner@@@ATL@@WII@AGKXZ 1000364a f i ImageScanner.obj
 0001:00002657       ?QueryInterface@?$CComObject@VCOPOSImageScanner@@@ATL@@WIM@AGJABU_GUID@@PAPAX@Z 10003657 f i ImageScanner.obj
 0001:00002664       ?AddRef@?$CComObject@VCOPOSImageScanner@@@ATL@@WIM@AGKXZ 10003664 f i ImageScanner.obj
 0001:00002671       ?Release@?$CComObject@VCOPOSImageScanner@@@ATL@@WIM@AGKXZ 10003671 f i ImageScanner.obj
 0001:0000267e       ?QueryInterface@?$CComObject@VCOPOSImageScanner@@@ATL@@WJA@AGJABU_GUID@@PAPAX@Z 1000367e f i ImageScanner.obj
 0001:0000268b       ?AddRef@?$CComObject@VCOPOSImageScanner@@@ATL@@WJA@AGKXZ 1000368b f i ImageScanner.obj
 0001:00002698       ?Release@?$CComObject@VCOPOSImageScanner@@@ATL@@WJA@AGKXZ 10003698 f i ImageScanner.obj
 0001:000026a5       ?QueryInterface@?$CComObject@VCOPOSImageScanner@@@ATL@@WJE@AGJABU_GUID@@PAPAX@Z 100036a5 f i ImageScanner.obj
 0001:000026b2       ?AddRef@?$CComObject@VCOPOSImageScanner@@@ATL@@WJE@AGKXZ 100036b2 f i ImageScanner.obj
 0001:000026bf       ?Release@?$CComObject@VCOPOSImageScanner@@@ATL@@WJE@AGKXZ 100036bf f i ImageScanner.obj
 0001:000026cc       ?QueryInterface@?$CComObject@VCOPOSImageScanner@@@ATL@@WJI@AGJABU_GUID@@PAPAX@Z 100036cc f i ImageScanner.obj
 0001:000026d9       ?AddRef@?$CComObject@VCOPOSImageScanner@@@ATL@@WJI@AGKXZ 100036d9 f i ImageScanner.obj
 0001:000026e6       ?Release@?$CComObject@VCOPOSImageScanner@@@ATL@@WJI@AGKXZ 100036e6 f i ImageScanner.obj
 0001:000026f3       ?QueryInterface@?$CComObject@VCOPOSImageScanner@@@ATL@@WJM@AGJABU_GUID@@PAPAX@Z 100036f3 f i ImageScanner.obj
 0001:00002700       ?AddRef@?$CComObject@VCOPOSImageScanner@@@ATL@@WJM@AGKXZ 10003700 f i ImageScanner.obj
 0001:0000270d       ?Release@?$CComObject@VCOPOSImageScanner@@@ATL@@WJM@AGKXZ 1000370d f i ImageScanner.obj
 0001:0000271a       ?QueryInterface@?$CComObject@VCOPOSImageScanner@@@ATL@@WKA@AGJABU_GUID@@PAPAX@Z 1000371a f i ImageScanner.obj
 0001:00002727       ?AddRef@?$CComObject@VCOPOSImageScanner@@@ATL@@WKA@AGKXZ 10003727 f i ImageScanner.obj
 0001:00002734       ?Release@?$CComObject@VCOPOSImageScanner@@@ATL@@WKA@AGKXZ 10003734 f i ImageScanner.obj
 0001:00002741       ?AddRef@?$CComObject@VCOPOSImageScanner@@@ATL@@WKI@AGKXZ 10003741 f i ImageScanner.obj
 0001:0000274e       ?Release@?$CComObject@VCOPOSImageScanner@@@ATL@@WKI@AGKXZ 1000374e f i ImageScanner.obj
 0001:0000275b       ?AddRef@?$CComObject@VCOPOSImageScanner@@@ATL@@WLE@AGKXZ 1000375b f i ImageScanner.obj
 0001:00002768       ?Release@?$CComObject@VCOPOSImageScanner@@@ATL@@WLE@AGKXZ 10003768 f i ImageScanner.obj
 0001:00002775       ??_E?$CComContainedObject@VCOPOSImageScanner@@@ATL@@W3AEPAXI@Z 10003775 f i ImageScanner.obj
 0001:0000277d       ??_E?$CComContainedObject@VCOPOSImageScanner@@@ATL@@WEM@AEPAXI@Z 1000377d f i ImageScanner.obj
 0001:00002785       ?QueryInterface@?$CComContainedObject@VCOPOSImageScanner@@@ATL@@WHA@AGJABU_GUID@@PAPAX@Z 10003785 f i ImageScanner.obj
 0001:0000278f       ?AddRef@?$CComContainedObject@VCOPOSImageScanner@@@ATL@@WHA@AGKXZ 1000378f f i ImageScanner.obj
 0001:00002799       ?Release@?$CComContainedObject@VCOPOSImageScanner@@@ATL@@WHA@AGKXZ 10003799 f i ImageScanner.obj
 0001:000027a3       ?QueryInterface@?$CComContainedObject@VCOPOSImageScanner@@@ATL@@WHE@AGJABU_GUID@@PAPAX@Z 100037a3 f i ImageScanner.obj
 0001:000027ad       ?AddRef@?$CComContainedObject@VCOPOSImageScanner@@@ATL@@WHE@AGKXZ 100037ad f i ImageScanner.obj
 0001:000027b7       ?Release@?$CComContainedObject@VCOPOSImageScanner@@@ATL@@WHE@AGKXZ 100037b7 f i ImageScanner.obj
 0001:000027c1       ?QueryInterface@?$CComContainedObject@VCOPOSImageScanner@@@ATL@@WHI@AGJABU_GUID@@PAPAX@Z 100037c1 f i ImageScanner.obj
 0001:000027cb       ?AddRef@?$CComContainedObject@VCOPOSImageScanner@@@ATL@@WHI@AGKXZ 100037cb f i ImageScanner.obj
 0001:000027d5       ?Release@?$CComContainedObject@VCOPOSImageScanner@@@ATL@@WHI@AGKXZ 100037d5 f i ImageScanner.obj
 0001:000027df       ?QueryInterface@?$CComContainedObject@VCOPOSImageScanner@@@ATL@@WHM@AGJABU_GUID@@PAPAX@Z 100037df f i ImageScanner.obj
 0001:000027e9       ?AddRef@?$CComContainedObject@VCOPOSImageScanner@@@ATL@@WHM@AGKXZ 100037e9 f i ImageScanner.obj
 0001:000027f3       ?Release@?$CComContainedObject@VCOPOSImageScanner@@@ATL@@WHM@AGKXZ 100037f3 f i ImageScanner.obj
 0001:000027fd       ?QueryInterface@?$CComContainedObject@VCOPOSImageScanner@@@ATL@@WIA@AGJABU_GUID@@PAPAX@Z 100037fd f i ImageScanner.obj
 0001:0000280a       ?AddRef@?$CComContainedObject@VCOPOSImageScanner@@@ATL@@WIA@AGKXZ 1000380a f i ImageScanner.obj
 0001:00002817       ?Release@?$CComContainedObject@VCOPOSImageScanner@@@ATL@@WIA@AGKXZ 10003817 f i ImageScanner.obj
 0001:00002824       ?QueryInterface@?$CComContainedObject@VCOPOSImageScanner@@@ATL@@WIE@AGJABU_GUID@@PAPAX@Z 10003824 f i ImageScanner.obj
 0001:00002831       ?AddRef@?$CComContainedObject@VCOPOSImageScanner@@@ATL@@WIE@AGKXZ 10003831 f i ImageScanner.obj
 0001:0000283e       ?Release@?$CComContainedObject@VCOPOSImageScanner@@@ATL@@WIE@AGKXZ 1000383e f i ImageScanner.obj
 0001:0000284b       ?QueryInterface@?$CComContainedObject@VCOPOSImageScanner@@@ATL@@WII@AGJABU_GUID@@PAPAX@Z 1000384b f i ImageScanner.obj
 0001:00002858       ?AddRef@?$CComContainedObject@VCOPOSImageScanner@@@ATL@@WII@AGKXZ 10003858 f i ImageScanner.obj
 0001:00002865       ?Release@?$CComContainedObject@VCOPOSImageScanner@@@ATL@@WII@AGKXZ 10003865 f i ImageScanner.obj
 0001:00002872       ?QueryInterface@?$CComContainedObject@VCOPOSImageScanner@@@ATL@@WIM@AGJABU_GUID@@PAPAX@Z 10003872 f i ImageScanner.obj
 0001:0000287f       ?AddRef@?$CComContainedObject@VCOPOSImageScanner@@@ATL@@WIM@AGKXZ 1000387f f i ImageScanner.obj
 0001:0000288c       ?Release@?$CComContainedObject@VCOPOSImageScanner@@@ATL@@WIM@AGKXZ 1000388c f i ImageScanner.obj
 0001:00002899       ?QueryInterface@?$CComContainedObject@VCOPOSImageScanner@@@ATL@@WJA@AGJABU_GUID@@PAPAX@Z 10003899 f i ImageScanner.obj
 0001:000028a6       ?AddRef@?$CComContainedObject@VCOPOSImageScanner@@@ATL@@WJA@AGKXZ 100038a6 f i ImageScanner.obj
 0001:000028b3       ?Release@?$CComContainedObject@VCOPOSImageScanner@@@ATL@@WJA@AGKXZ 100038b3 f i ImageScanner.obj
 0001:000028c0       ?QueryInterface@?$CComContainedObject@VCOPOSImageScanner@@@ATL@@WJE@AGJABU_GUID@@PAPAX@Z 100038c0 f i ImageScanner.obj
 0001:000028cd       ?AddRef@?$CComContainedObject@VCOPOSImageScanner@@@ATL@@WJE@AGKXZ 100038cd f i ImageScanner.obj
 0001:000028da       ?Release@?$CComContainedObject@VCOPOSImageScanner@@@ATL@@WJE@AGKXZ 100038da f i ImageScanner.obj
 0001:000028e7       ?QueryInterface@?$CComContainedObject@VCOPOSImageScanner@@@ATL@@WJI@AGJABU_GUID@@PAPAX@Z 100038e7 f i ImageScanner.obj
 0001:000028f4       ?AddRef@?$CComContainedObject@VCOPOSImageScanner@@@ATL@@WJI@AGKXZ 100038f4 f i ImageScanner.obj
 0001:00002901       ?Release@?$CComContainedObject@VCOPOSImageScanner@@@ATL@@WJI@AGKXZ 10003901 f i ImageScanner.obj
 0001:0000290e       ?QueryInterface@?$CComContainedObject@VCOPOSImageScanner@@@ATL@@WJM@AGJABU_GUID@@PAPAX@Z 1000390e f i ImageScanner.obj
 0001:0000291b       ?AddRef@?$CComContainedObject@VCOPOSImageScanner@@@ATL@@WJM@AGKXZ 1000391b f i ImageScanner.obj
 0001:00002928       ?Release@?$CComContainedObject@VCOPOSImageScanner@@@ATL@@WJM@AGKXZ 10003928 f i ImageScanner.obj
 0001:00002935       ?QueryInterface@?$CComContainedObject@VCOPOSImageScanner@@@ATL@@WKA@AGJABU_GUID@@PAPAX@Z 10003935 f i ImageScanner.obj
 0001:00002942       ?AddRef@?$CComContainedObject@VCOPOSImageScanner@@@ATL@@WKA@AGKXZ 10003942 f i ImageScanner.obj
 0001:0000294f       ?Release@?$CComContainedObject@VCOPOSImageScanner@@@ATL@@WKA@AGKXZ 1000394f f i ImageScanner.obj
 0001:0000295c       ?AddRef@?$CComContainedObject@VCOPOSImageScanner@@@ATL@@WKI@AGKXZ 1000395c f i ImageScanner.obj
 0001:00002969       ?Release@?$CComContainedObject@VCOPOSImageScanner@@@ATL@@WKI@AGKXZ 10003969 f i ImageScanner.obj
 0001:00002976       ?AddRef@?$CComContainedObject@VCOPOSImageScanner@@@ATL@@WLE@AGKXZ 10003976 f i ImageScanner.obj
 0001:00002983       ?Release@?$CComContainedObject@VCOPOSImageScanner@@@ATL@@WLE@AGKXZ 10003983 f i ImageScanner.obj
 0001:00002990       ??$?4UITypeInfo2@@@?$CComPtr@UITypeInfo@@@ATL@@QAEPAUITypeInfo@@ABV?$CComPtr@UITypeInfo2@@@1@@Z 10003990 f i ImageScanner.obj
 0001:000029bd       ??$AtlAdd@K@ATL@@YAJPAKKK@Z 100039bd f i ImageScanner.obj
 0001:000029e0       ??$AtlAdd@_K@ATL@@YAJPA_K_K1@Z 100039e0 f i ImageScanner.obj
 0001:00002a18       ??$AtlAddThrow@K@ATL@@YAKKK@Z 10003a18 f i ImageScanner.obj
 0001:00002a3e       ??$AtlModuleRegisterWndClassInfoT@VAtlModuleRegisterWndClassInfoParamW@ATL@@@ATL@@YAGPAU_ATL_BASE_MODULE70@0@PAU_ATL_WIN_MODULE70@0@PAU_ATL_WNDCLASSINFOW@0@PAP6GJPAUHWND__@@IIJ@ZVAtlModuleRegisterWndClassInfoParamW@0@@Z 10003a3e f i ImageScanner.obj
 0001:00002b8c       ??$AtlMultiply@H@ATL@@YAJPAHHH@Z 10003b8c f i ImageScanner.obj
 0001:00002bc4       ??$AtlMultiply@K@ATL@@YAJPAKKK@Z 10003bc4 f i ImageScanner.obj
 0001:00002bc4       ??$AtlMultiply@I@ATL@@YAJPAIII@Z 10003bc4 f i ImageScanner.obj
 0001:00002be6       ??$AtlMultiplyThrow@I@ATL@@YAIII@Z 10003be6 f i ImageScanner.obj
 0001:00002c0c       ??0?$CComAggObject@VCOPOSImageScanner@@@ATL@@QAE@PAX@Z 10003c0c f i ImageScanner.obj
 0001:00002c39       ??0?$CComContainedObject@VCOPOSImageScanner@@@ATL@@QAE@PAX@Z 10003c39 f i ImageScanner.obj
 0001:00002cf2       ??0?$CComObject@V?$CComEnum@UIEnumConnectionPoints@@$1?_GUID_b196b285_bab4_101a_b69c_00aa00341d07@@3U__s_GUID@@BPAUIConnectionPoint@@V?$_CopyInterface@UIConnectionPoint@@@ATL@@VCComSingleThreadModel@6@@ATL@@@ATL@@QAE@PAX@Z 10003cf2 f i ImageScanner.obj
 0001:00002d20       ??0?$CComObject@V?$CComEnum@UIEnumConnections@@$1?_GUID_b196b287_bab4_101a_b69c_00aa00341d07@@3U__s_GUID@@BUtagCONNECTDATA@@V?$_Copy@UtagCONNECTDATA@@@ATL@@VCComSingleThreadModel@6@@ATL@@@ATL@@QAE@PAX@Z 10003d20 f i ImageScanner.obj
 0001:00002d4e       ??0?$CComObject@VCOPOSImageScanner@@@ATL@@QAE@PAX@Z 10003d4e f i ImageScanner.obj
 0001:00002e05       ??0?$CComQIPtr@UIOleControlSite@@$1?_GUID_b196b289_bab4_101a_b69c_00aa00341d07@@3U__s_GUID@@B@ATL@@QAE@PAUIUnknown@@@Z 10003e05 f i ImageScanner.obj
 0001:00002e2e       ??0CAtlModule@ATL@@QAE@XZ  10003e2e f i ImageScanner.obj
 0001:00002e6f       ??0CParseBuffer@CRegParser@ATL@@QAE@H@Z 10003e6f f i ImageScanner.obj
 0001:00002ea5       ??0_ATL_MSG@ATL@@QAE@PAUHWND__@@IIJH@Z 10003ea5 f i ImageScanner.obj
 0001:00002edd       ??1?$CComAggObject@VCOPOSImageScanner@@@ATL@@UAE@XZ 10003edd f i ImageScanner.obj
 0001:00002f01       ??1?$CComEnumImpl@UIEnumConnectionPoints@@$1?_GUID_b196b285_bab4_101a_b69c_00aa00341d07@@3U__s_GUID@@BPAUIConnectionPoint@@V?$_CopyInterface@UIConnectionPoint@@@ATL@@@ATL@@UAE@XZ 10003f01 f i ImageScanner.obj
 0001:00002f41       ??1?$CComEnumImpl@UIEnumConnections@@$1?_GUID_b196b287_bab4_101a_b69c_00aa00341d07@@3U__s_GUID@@BUtagCONNECTDATA@@V?$_Copy@UtagCONNECTDATA@@@ATL@@@ATL@@UAE@XZ 10003f41 f i ImageScanner.obj
 0001:00002f81       ??1?$CComObject@V?$CComEnum@UIEnumConnectionPoints@@$1?_GUID_b196b285_bab4_101a_b69c_00aa00341d07@@3U__s_GUID@@BPAUIConnectionPoint@@V?$_CopyInterface@UIConnectionPoint@@@ATL@@VCComSingleThreadModel@6@@ATL@@@ATL@@UAE@XZ 10003f81 f i ImageScanner.obj
 0001:00002fa4       ??1?$CComObject@V?$CComEnum@UIEnumConnections@@$1?_GUID_b196b287_bab4_101a_b69c_00aa00341d07@@3U__s_GUID@@BUtagCONNECTDATA@@V?$_Copy@UtagCONNECTDATA@@@ATL@@VCComSingleThreadModel@6@@ATL@@@ATL@@UAE@XZ 10003fa4 f i ImageScanner.obj
 0001:00002fc7       ??1?$CComObject@VCOPOSImageScanner@@@ATL@@UAE@XZ 10003fc7 f i ImageScanner.obj
 0001:00003085       ??1?$CComObjectCached@VCComClassFactory@ATL@@@ATL@@UAE@XZ 10004085 f i ImageScanner.obj
 0001:0000309b       ??1?$CComObjectRootEx@VCComMultiThreadModel@ATL@@@ATL@@QAE@XZ 1000409b f i ImageScanner.obj
 0001:000030b0       ??1CRegObject@ATL@@UAE@XZ  100040b0 f i ImageScanner.obj
 0001:000030d0       ??4?$CComPtr@UIOleClientSite@@@ATL@@QAEPAUIOleClientSite@@PAU2@@Z 100040d0 f i ImageScanner.obj
 0001:000030d0       ??4?$CComPtr@UIUnknown@@@ATL@@QAEPAUIUnknown@@PAU2@@Z 100040d0 f i ImageScanner.obj
 0001:000030d0       ??4?$CComPtr@UIAdviseSink@@@ATL@@QAEPAUIAdviseSink@@PAU2@@Z 100040d0 f i ImageScanner.obj
 0001:00003104       ??_G?$CComContainedObject@VCOPOSImageScanner@@@ATL@@UAEPAXI@Z 10004104 f i ImageScanner.obj
 0001:00003104       ??_E?$CComContainedObject@VCOPOSImageScanner@@@ATL@@UAEPAXI@Z 10004104 f i ImageScanner.obj
 0001:00003129       ??_G?$CComObject@VCOPOSImageScanner@@@ATL@@UAEPAXI@Z 10004129 f i ImageScanner.obj
 0001:00003129       ??_E?$CComObject@VCOPOSImageScanner@@@ATL@@UAEPAXI@Z 10004129 f i ImageScanner.obj
 0001:0000314e       ?Add@?$CSimpleArray@GV?$CSimpleArrayEqualHelper@G@ATL@@@ATL@@QAEHABG@Z 1000414e f i ImageScanner.obj
 0001:000031d2       ?Add@?$CSimpleMap@PA_WPA_WVCExpansionVectorEqualHelper@ATL@@@ATL@@QAEHABQA_W0@Z 100041d2 f i ImageScanner.obj
 0001:00003227       ?Add@CComDynamicUnkArray@ATL@@QAEKPAUIUnknown@@@Z 10004227 f i ImageScanner.obj
 0001:000032dd       ?Add@CExpansionVector@ATL@@QAEHPB_W0@Z 100042dd f i ImageScanner.obj
 0001:000033e6       ?AddString@CParseBuffer@CRegParser@ATL@@QAEHPB_W@Z 100043e6 f i ImageScanner.obj
 0001:0000341b       ?AddTermFunc@CAtlModule@ATL@@QAEJP6GXK@ZK@Z 1000441b f i ImageScanner.obj
 0001:0000347e       ?AddValue@CRegParser@ATL@@IAEJAAVCRegKey@2@PB_WPA_W@Z 1000447e f i ImageScanner.obj
 0001:00003798       ?Allocate@?$CAtlSafeAllocBufferManager@VCCRTAllocator@ATL@@@_ATL_SAFE_ALLOCA_IMPL@ATL@@QAEPAXK@Z 10004798 f i ImageScanner.obj
 0001:000037c5       ?Allocate@?$CTempBuffer@E$0BAA@VCCRTAllocator@ATL@@@ATL@@QAEPAEI@Z 100047c5 f i ImageScanner.obj
 0001:000037f4       ?Allocate@?$CTempBuffer@_W$0BAA@VCCRTAllocator@ATL@@@ATL@@QAEPA_WI@Z 100047f4 f i ImageScanner.obj
 0001:00003823       ?Allocate@?$CTempBuffer@_W$0EAA@VCCRTAllocator@ATL@@@ATL@@QAEPA_WI@Z 10004823 f i ImageScanner.obj
 0001:00003852       ?AllocateHeap@?$CTempBuffer@_W$0EAA@VCCRTAllocator@ATL@@@ATL@@AAEXI@Z 10004852 f i ImageScanner.obj
 0001:00003852       ?AllocateHeap@?$CTempBuffer@E$0BAA@VCCRTAllocator@ATL@@@ATL@@AAEXI@Z 10004852 f i ImageScanner.obj
 0001:00003852       ?AllocateHeap@?$CTempBuffer@_W$0BAA@VCCRTAllocator@ATL@@@ATL@@AAEXI@Z 10004852 f i ImageScanner.obj
 0001:00003877       ?Append@CParseBuffer@CRegParser@ATL@@QAEHPB_WH@Z 10004877 f i ImageScanner.obj
 0001:00003905       ?AtlCoTaskMemCAlloc@ATL@@YAPAXKK@Z 10004905 f i ImageScanner.obj
 0001:00003932       ?AtlCoTaskMemRecalloc@ATL@@YAPAXPAXKK@Z 10004932 f i ImageScanner.obj
 0001:00003962       ?AtlComModuleGetClassObject@ATL@@YGJPAU_ATL_COM_MODULE70@1@ABU_GUID@@1PAPAX@Z 10004962 f i ImageScanner.obj
 0001:00003a55       ?AtlComModuleRegisterServer@ATL@@YGJPAU_ATL_COM_MODULE70@1@HPBU_GUID@@@Z 10004a55 f i ImageScanner.obj
 0001:00003add       ?AtlComModuleUnregisterServer@ATL@@YGJPAU_ATL_COM_MODULE70@1@HPBU_GUID@@@Z 10004add f i ImageScanner.obj
 0001:00003b65       ?AtlComQIPtrAssign2@ATL@@YAXPAPAUIUnknown@@PAU2@ABU_GUID@@@Z 10004b65 f i ImageScanner.obj
 0001:00003b94       ?AtlCreateTargetDC@ATL@@YGPAUHDC__@@PAU2@PAUtagDVTARGETDEVICE@@@Z 10004b94 f i ImageScanner.obj
 0001:00003bfd       ?AtlCrtErrorCheck@ATL@@YAHH@Z 10004bfd f i ImageScanner.obj
 0001:00003c38       ?AtlHiMetricToPixel@ATL@@YGXPBUtagSIZE@@PAU2@@Z 10004c38 f i ImageScanner.obj
 0001:00003cad       ?AtlHresultFromLastError@ATL@@YAJXZ 10004cad f i ImageScanner.obj
 0001:00003cc4       ?AtlHresultFromWin32@ATL@@YAJK@Z 10004cc4 f i ImageScanner.obj
 0001:00003cd9       ?AtlInternalOleLoadFromStream@ATL@@YAJPAUIStream@@ABU_GUID@@PAPAXTClassesAllowedInStream@1@K@Z 10004cd9 f i ImageScanner.obj
 0001:00003dff       ?AtlInternalQueryInterface@ATL@@YGJPAXPBU_ATL_INTMAP_ENTRY@1@ABU_GUID@@PAPAX@Z 10004dff f i ImageScanner.obj
 0001:00003ea2       ?AtlLoadTypeLib@ATL@@YGJPAUHINSTANCE__@@PB_WPAPA_WPAPAUITypeLib@@@Z 10004ea2 f i ImageScanner.obj
 0001:00004080       ?AtlRegisterClassCategoriesHelper@ATL@@YGJABU_GUID@@PBU_ATL_CATMAP_ENTRY@1@H@Z 10005080 f i ImageScanner.obj
 0001:0000437c       ?AtlRegisterTypeLib@ATL@@YGJPAUHINSTANCE__@@PB_W@Z 1000537c f i ImageScanner.obj
 0001:00004504       ?AtlThrowImpl@ATL@@YGXJ@Z  10005504 f i ImageScanner.obj
 0001:00004522       ?AtlUnRegisterTypeLib@ATL@@YGJPAUHINSTANCE__@@PB_W@Z 10005522 f i ImageScanner.obj
 0001:000045cd       ?AtlWinModuleAddCreateWndData@ATL@@YGXPAU_ATL_WIN_MODULE70@1@PAU_AtlCreateWndData@1@PAX@Z 100055cd f i ImageScanner.obj
 0001:00004621       ?AtlWinModuleExtractCreateWndData@ATL@@YGPAXPAU_ATL_WIN_MODULE70@1@@Z 10005621 f i ImageScanner.obj
 0001:00004684       ?AtlWinModuleRegisterClassExW@ATL@@YGGPAU_ATL_WIN_MODULE70@1@PBUtagWNDCLASSEXW@@@Z 10005684 f i ImageScanner.obj
 0001:000046c3       ?CanForceRemoveKey@CRegParser@ATL@@IAEHPB_W@Z 100056c3 f i ImageScanner.obj
 0001:000046f2       ?ChToByte@CRegParser@ATL@@KAE_W@Z 100056f2 f i ImageScanner.obj
 0001:00004725       ?Cleanup@CComTypeInfoHolder@ATL@@SGXK@Z 10005725 f i ImageScanner.obj
 0001:00004758       ?ClearReplacements@CExpansionVector@ATL@@QAEJXZ 10005758 f i ImageScanner.obj
 0001:00004795       ?Close@CRegKey@ATL@@QAEJXZ 10005795 f i ImageScanner.obj
 0001:000047af       ?CreateInstance@?$CComCreator@V?$CComAggObject@VCOPOSImageScanner@@@ATL@@@ATL@@SGJPAXABU_GUID@@PAPAX@Z 100057af f i ImageScanner.obj
 0001:00004825       ?CreateInstance@?$CComCreator@V?$CComObject@VCOPOSImageScanner@@@ATL@@@ATL@@SGJPAXABU_GUID@@PAPAX@Z 10005825 f i ImageScanner.obj
 0001:000048a6       ?CreateInstance@?$CComObject@V?$CComEnum@UIEnumConnectionPoints@@$1?_GUID_b196b285_bab4_101a_b69c_00aa00341d07@@3U__s_GUID@@BPAUIConnectionPoint@@V?$_CopyInterface@UIConnectionPoint@@@ATL@@VCComSingleThreadModel@6@@ATL@@@ATL@@SGJPAPAV12@@Z 100058a6 f i ImageScanner.obj
 0001:000048ed       ?CreateInstance@?$CComObject@V?$CComEnum@UIEnumConnections@@$1?_GUID_b196b287_bab4_101a_b69c_00aa00341d07@@3U__s_GUID@@BUtagCONNECTDATA@@V?$_Copy@UtagCONNECTDATA@@@ATL@@VCComSingleThreadModel@6@@ATL@@@ATL@@SGJPAPAV12@@Z 100058ed f i ImageScanner.obj
 0001:00004934       ?DefaultReflectionHandler@?$CWindowImplRoot@VCWindow@ATL@@@ATL@@SAHPAUHWND__@@IIJAAJ@Z 10005934 f i ImageScanner.obj
 0001:000049a7       ?DeleteSubKey@CRegKey@ATL@@QAEJPB_W@Z 100059a7 f i ImageScanner.obj
 0001:00004a20       ?DoEvent@COPOSImageScanner@@IAEXIIJ@Z 10005a20 f i ImageScanner.obj
 0001:00004aa0       ?DoVerbHide@?$IOleObjectImpl@VCOPOSImageScanner@@@ATL@@QAEJPBUtagRECT@@PAUHWND__@@@Z 10005aa0 f i ImageScanner.obj
 0001:00004ad6       ?DoVerbInPlaceActivate@?$IOleObjectImpl@VCOPOSImageScanner@@@ATL@@QAEJPBUtagRECT@@PAUHWND__@@@Z 10005ad6 f i ImageScanner.obj
 0001:00004b09       ?DoVerbPrimary@?$IOleObjectImpl@VCOPOSImageScanner@@@ATL@@QAEJPBUtagRECT@@PAUHWND__@@@Z 10005b09 f i ImageScanner.obj
 0001:00004b95       ?DoVerbProperties@CComControlBase@ATL@@QAEJPBUtagRECT@@PAUHWND__@@@Z 10005b95 f i ImageScanner.obj
 0001:00004d14       ?DoVerbUIActivate@?$IOleObjectImpl@VCOPOSImageScanner@@@ATL@@QAEJPBUtagRECT@@PAUHWND__@@@Z 10005d14 f i ImageScanner.obj
 0001:00004d51       ?DoesVerbActivate@CComControlBase@ATL@@QAEHJ@Z 10005d51 f i ImageScanner.obj
 0001:00004d72       ?DoesVerbUIActivate@CComControlBase@ATL@@QAEHJ@Z 10005d72 f i ImageScanner.obj
 0001:00004da7       ?EndOfVar@CRegParser@ATL@@IAEHXZ 10005da7 f i ImageScanner.obj
 0001:00004dc7       ?EscapeSingleQuote@CAtlModule@ATL@@SAXPA_WIPB_W@Z 10005dc7 f i ImageScanner.obj
 0001:00004e16       ?FindKey@?$CSimpleMap@PA_WPA_WVCExpansionVectorEqualHelper@ATL@@@ATL@@QBEHABQA_W@Z 10005e16 f i ImageScanner.obj
 0001:00004e4d       ?FireTheEvent@?$CProxy_IOPOSEvents@VCOPOSImageScanner@@@@IAEXPAVOposVariant@@IAAJPB_WJ@Z 10005e4d f i ImageScanner.obj
 0001:00004edf       ?FireViewChange@CComControlBase@ATL@@QAEJXZ 10005edf f i ImageScanner.obj
 0001:00004f28       ?Fire_DataEvent@?$CProxy_IOPOSEvents@VCOPOSImageScanner@@@@QAEXJ@Z 10005f28 f i ImageScanner.obj
 0001:00004fbb       ?Fire_DirectIOEvent@?$CProxy_IOPOSEvents@VCOPOSImageScanner@@@@QAEXJPAJPAPA_W@Z 10005fbb f i ImageScanner.obj
 0001:000050a4       ?Fire_ErrorEvent@?$CProxy_IOPOSEvents@VCOPOSImageScanner@@@@QAEXJJJPAJ@Z 100060a4 f i ImageScanner.obj
 0001:0000518e       ?Fire_StatusUpdateEvent@?$CProxy_IOPOSEvents@VCOPOSImageScanner@@@@QAEXJ@Z 1000618e f i ImageScanner.obj
 0001:00005221       ?FreeHeap@?$CTempBuffer@_W$0BAA@VCCRTAllocator@ATL@@@ATL@@AAEXXZ 10006221 f i ImageScanner.obj
 0001:00005221       ?FreeHeap@?$CTempBuffer@_W$0EAA@VCCRTAllocator@ATL@@@ATL@@AAEXXZ 10006221 f i ImageScanner.obj
 0001:00005221       ?FreeHeap@?$CTempBuffer@E$0BAA@VCCRTAllocator@ATL@@@ATL@@AAEXXZ 10006221 f i ImageScanner.obj
 0001:0000522a       ?GetAmbientLocaleID@CComControlBase@ATL@@QAEJAAK@Z 1000622a f i ImageScanner.obj
 0001:00005286       ?GetAmbientUserMode@CComControlBase@ATL@@QAEJAAH@Z 10006286 f i ImageScanner.obj
 0001:000052f6       ?GetAt@CComDynamicUnkArray@ATL@@QAEPAUIUnknown@@H@Z 100062f6 f i ImageScanner.obj
 0001:00005312       ?GetClassObject@CComModule@ATL@@QAEJABU_GUID@@0PAPAX@Z 10006312 f i ImageScanner.obj
 0001:000053b4       ?GetConnMap@COPOSImageScanner@@SAPBU_ATL_CONNMAP_ENTRY@ATL@@PAH@Z 100063b4 f i ImageScanner.obj
 0001:00005424       ?GetCookie@CComDynamicUnkArray@ATL@@QAGKPAPAUIUnknown@@@Z 10006424 f i ImageScanner.obj
 0001:0000545c       ?GetIDsOfNames@CComTypeInfoHolder@ATL@@QAEJABU_GUID@@PAPA_WIKPAJ@Z 1000645c f i ImageScanner.obj
 0001:00005583       ?GetKeyAt@?$CSimpleMap@PA_WPA_WVCExpansionVectorEqualHelper@ATL@@@ATL@@QBEAAPA_WH@Z 10006583 f i ImageScanner.obj
 0001:000055a8       ?GetPagesHelper@?$ISpecifyPropertyPagesImpl@VCOPOSImageScanner@@@ATL@@IAEJPAUtagCAUUID@@PBUATL_PROPMAP_ENTRY@2@@Z 100065a8 f i ImageScanner.obj
 0001:000056cf       ?GetProperty@?$CComPtr@UIDispatch@@@ATL@@SAJPAUIDispatch@@JPAUtagVARIANT@@@Z 100066cf f i ImageScanner.obj
 0001:0000571e       ?GetSizeMax@CComVariant@ATL@@QBEJPAT_ULARGE_INTEGER@@@Z 1000671e f i ImageScanner.obj
 0001:000058e4       ?GetTI@CComTypeInfoHolder@ATL@@QAEJK@Z 100068e4 f i ImageScanner.obj
 0001:00005ac3       ?GetTI@CComTypeInfoHolder@ATL@@QAEJKPAPAUITypeInfo@@@Z 10006ac3 f i ImageScanner.obj
 0001:00005b05       ?GetUnknown@CComDynamicUnkArray@ATL@@QAGPAUIUnknown@@K@Z 10006b05 f i ImageScanner.obj
 0001:00005b26       ?GetValueAt@?$CSimpleMap@PA_WPA_WVCExpansionVectorEqualHelper@ATL@@@ATL@@QBEAAPA_WH@Z 10006b26 f i ImageScanner.obj
 0001:00005b4c       ?GetZoomInfo@CComControlBase@ATL@@QAEXAAUATL_DRAWINFO@@@Z 10006b4c f i ImageScanner.obj
 0001:00005bdf       ?HKeyFromString@CRegParser@ATL@@KAPAUHKEY__@@PA_W@Z 10006bdf f i ImageScanner.obj
 0001:00005c0d       ?HasSubKeys@CRegParser@ATL@@IAEHPAUHKEY__@@@Z 10006c0d f i ImageScanner.obj
 0001:00005c42       ?IDataObject_GetData@CComControlBase@ATL@@QAEJPAUtagFORMATETC@@PAUtagSTGMEDIUM@@@Z 10006c42 f i ImageScanner.obj
 0001:00005de8       ?IOleInPlaceObject_InPlaceDeactivate@CComControlBase@ATL@@QAEJXZ 10006de8 f i ImageScanner.obj
 0001:00005e6f       ?IOleInPlaceObject_SetObjectRects@CComControlBase@ATL@@QAEJPBUtagRECT@@0@Z 10006e6f f i ImageScanner.obj
 0001:00005f3c       ?IOleInPlaceObject_UIDeactivate@CComControlBase@ATL@@QAEJXZ 10006f3c f i ImageScanner.obj
 0001:00005ffe       ?IOleObject_Advise@CComControlBase@ATL@@QAEJPAUIAdviseSink@@PAK@Z 10006ffe f i ImageScanner.obj
 0001:00006028       ?IOleObject_Close@CComControlBase@ATL@@QAEJK@Z 10007028 f i ImageScanner.obj
 0001:0000610c       ?IOleObject_GetClientSite@CComControlBase@ATL@@QAEJPAPAUIOleClientSite@@@Z 1000710c f i ImageScanner.obj
 0001:00006135       ?IOleObject_SetClientSite@CComControlBase@ATL@@QAEJPAUIOleClientSite@@@Z 10007135 f i ImageScanner.obj
 0001:00006174       ?IOleObject_SetExtent@CComControlBase@ATL@@QAEJKPAUtagSIZE@@@Z 10007174 f i ImageScanner.obj
 0001:00006228       ?IPSI_GetIPersistStreamInit@?$IPersistStorageImpl@VCOPOSImageScanner@@@ATL@@AAEPAUIPersistStreamInit@@XZ 10007228 f i ImageScanner.obj
 0001:000062d0       ?IPersistStreamInit_Load@?$IPersistStreamInitImpl@VCOPOSImageScanner@@@ATL@@QAEJPAUIStream@@PBUATL_PROPMAP_ENTRY@2@@Z 100072d0 f i ImageScanner.obj
 0001:0000654c       ?IPersistStreamInit_Save@?$IPersistStreamInitImpl@VCOPOSImageScanner@@@ATL@@QAEJPAUIStream@@HPBUATL_PROPMAP_ENTRY@2@@Z 1000754c f i ImageScanner.obj
 0001:0000673a       ?IQuickActivate_QuickActivate@CComControlBase@ATL@@QAEJPAUtagQACONTAINER@@PAUtagQACONTROL@@@Z 1000773a f i ImageScanner.obj
 0001:0000697c       ?IViewObject_Draw@CComControlBase@ATL@@QAEJKJPAXPAUtagDVTARGETDEVICE@@PAUHDC__@@2PBU_RECTL@@3@Z 1000797c f i ImageScanner.obj
 0001:00006a24       ?InPlaceActivate@CComControlBase@ATL@@QAEJJPBUtagRECT@@@Z 10007a24 f i ImageScanner.obj
 0001:00006c95       ?Init@?$CComEnumImpl@UIEnumConnectionPoints@@$1?_GUID_b196b285_bab4_101a_b69c_00aa00341d07@@3U__s_GUID@@BPAUIConnectionPoint@@V?$_CopyInterface@UIConnectionPoint@@@ATL@@@ATL@@QAEJPAPAUIConnectionPoint@@0PAUIUnknown@@W4CComEnumFlags@2@@Z 10007c95 f i ImageScanner.obj
 0001:00006d74       ?Init@?$CComEnumImpl@UIEnumConnections@@$1?_GUID_b196b287_bab4_101a_b69c_00aa00341d07@@3U__s_GUID@@BUtagCONNECTDATA@@V?$_Copy@UtagCONNECTDATA@@@ATL@@@ATL@@QAEJPAUtagCONNECTDATA@@0PAUIUnknown@@W4CComEnumFlags@2@@Z 10007d74 f i ImageScanner.obj
 0001:00006e53       ?Init@CComModule@ATL@@QAEJPAU_ATL_OBJMAP_ENTRY30@2@PAUHINSTANCE__@@PBU_GUID@@@Z 10007e53 f i ImageScanner.obj
 0001:00006eb2       ?Init@CDynamicStdCallThunk2@ATL@@QAEHKPAX@Z 10007eb2 f i ImageScanner.obj
 0001:00006edd       ?InlineIsEqualUnknown@ATL@@YGHABU_GUID@@@Z 10007edd f i ImageScanner.obj
 0001:00006f05       ?InternalSetAtIndex@?$CSimpleMap@PA_WPA_WVCExpansionVectorEqualHelper@ATL@@@ATL@@QAEXHABQA_W0@Z 10007f05 f i ImageScanner.obj
 0001:00006f2f       ?Invoke@CComTypeInfoHolder@ATL@@QAEJPAUIDispatch@@JABU_GUID@@KGPAUtagDISPPARAMS@@PAUtagVARIANT@@PAUtagEXCEPINFO@@PAI@Z 10007f2f f i ImageScanner.obj
 0001:00006f72       ?IsEqualObject@?$CComPtrBase@UITypeInfo@@@ATL@@QAE_NPAUIUnknown@@@Z 10007f72 f i ImageScanner.obj
 0001:00006f72       ?IsEqualObject@?$CComPtrBase@UIOleClientSite@@@ATL@@QAE_NPAUIUnknown@@@Z 10007f72 f i ImageScanner.obj
 0001:00006fdf       ?IsSpace@CRegParser@ATL@@IAEH_W@Z 10007fdf f i ImageScanner.obj
 0001:00007009       ?LoadNameCache@CComTypeInfoHolder@ATL@@QAEJPAUITypeInfo@@@Z 10008009 f i ImageScanner.obj
 0001:00007155       ?Lookup@?$CSimpleMap@PA_WPA_WVCExpansionVectorEqualHelper@ATL@@@ATL@@QBEPA_WABQA_W@Z 10008155 f i ImageScanner.obj
 0001:0000717b       ?NextToken@CRegParser@ATL@@IAEJPA_W@Z 1000817b f i ImageScanner.obj
 0001:000072b3       ?OnKillFocus@CComControlBase@ATL@@QAEJIIJAAH@Z 100082b3 f i ImageScanner.obj
 0001:0000730e       ?OnMouseActivate@CComControlBase@ATL@@QAEJIIJAAH@Z 1000830e f i ImageScanner.obj
 0001:0000737c       ?OnPaint@CComControlBase@ATL@@QAEJIIJAAH@Z 1000837c f i ImageScanner.obj
 0001:0000742e       ?OnSetFocus@CComControlBase@ATL@@QAEJIIJAAH@Z 1000842e f i ImageScanner.obj
 0001:000074b7       ?Open@CRegKey@ATL@@QAEJPAUHKEY__@@PB_WK@Z 100084b7 f i ImageScanner.obj
 0001:0000750c       ?PreProcessBuffer@CRegParser@ATL@@QAEJPA_WPAPA_W@Z 1000850c f i ImageScanner.obj
 0001:00007776       ?ProcessWindowMessage@?$CComControl@VCOPOSImageScanner@@V?$CWindowImpl@VCOPOSImageScanner@@VCWindow@ATL@@V?$CWinTraits@$0FGAAAAAA@$0A@@3@@ATL@@@ATL@@UAEHPAUHWND__@@IIJAAJK@Z 10008776 f i ImageScanner.obj
 0001:00007815       ?ReadFromStream@CComBSTR@ATL@@QAEJPAUIStream@@@Z 10008815 f i ImageScanner.obj
 0001:00007943       ?ReadFromStream@CComVariant@ATL@@QAEJPAUIStream@@GTClassesAllowedInStream@2@K@Z 10008943 f i ImageScanner.obj
 0001:00007ac9       ?RecurseDeleteKey@CRegKey@ATL@@QAEJPB_W@Z 10008ac9 f i ImageScanner.obj
 0001:00007bb7       ?RegCreateKeyExW@CAtlTransactionManager@ATL@@QAEJPAUHKEY__@@PB_WKPA_WKKQAU_SECURITY_ATTRIBUTES@@PAPAU3@PAK@Z 10008bb7 f i ImageScanner.obj
 0001:00007c1a       ?RegDeleteKeyW@CAtlTransactionManager@ATL@@QAEJPAUHKEY__@@PB_W@Z 10008c1a f i ImageScanner.obj
 0001:00007c6c       ?RegOpenKeyExW@CAtlTransactionManager@ATL@@QAEJPAUHKEY__@@PB_WKKPAPAU3@@Z 10008c6c f i ImageScanner.obj
 0001:00007cc3       ?Register@_ATL_WNDCLASSINFOW@ATL@@QAEGPAP6GJPAUHWND__@@IIJ@Z@Z 10008cc3 f i ImageScanner.obj
 0001:00007ce3       ?RegisterBuffer@CRegParser@ATL@@QAEJPA_WH@Z 10008ce3 f i ImageScanner.obj
 0001:00007e1c       ?RegisterFromResource@CRegObject@ATL@@IAEJPB_W00H@Z 10008e1c f i ImageScanner.obj
 0001:00007f52       ?RegisterServer@?$CAtlModuleT@VCComModule@ATL@@@ATL@@QAEJHPBU_GUID@@@Z 10008f52 f i ImageScanner.obj
 0001:00007f80       ?RegisterServer@CComModule@ATL@@QAEJHPBU_GUID@@@Z 10008f80 f i ImageScanner.obj
 0001:00007ff6       ?RegisterSubkeys@CRegParser@ATL@@IAEJPA_WPAUHKEY__@@HH@Z 10008ff6 f i ImageScanner.obj
 0001:0000869d       ?Remove@CComDynamicUnkArray@ATL@@QAEHK@Z 1000969d f i ImageScanner.obj
 0001:000086c6       ?RemoveAll@?$CSimpleMap@PA_WPA_WVCExpansionVectorEqualHelper@ATL@@@ATL@@QAEXXZ 100096c6 f i ImageScanner.obj
 0001:000086f2       ?ResourceRegisterSz@CRegObject@ATL@@QAGJPB_W00@Z 100096f2 f i ImageScanner.obj
 0001:0000871f       ?ResourceUnregisterSz@CRegObject@ATL@@QAGJPB_W00@Z 1000971f f i ImageScanner.obj
 0001:0000874c       ?SendOnDataChange@CComControlBase@ATL@@QAEJK@Z 1000974c f i ImageScanner.obj
 0001:00008799       ?SetControlFocus@CComControlBase@ATL@@QAEHH@Z 10009799 f i ImageScanner.obj
 0001:00008836       ?SetMultiStringValue@CRegKey@ATL@@QAEJPB_W0@Z 10009836 f i ImageScanner.obj
 0001:00008892       ?SetStringValue@CRegKey@ATL@@QAEJPB_W0K@Z 10009892 f i ImageScanner.obj
 0001:000088db       ?SkipAssignment@CRegParser@ATL@@IAEJPA_W@Z 100098db f i ImageScanner.obj
 0001:00008940       ?SkipWhiteSpace@CRegParser@ATL@@IAEXXZ 10009940 f i ImageScanner.obj
 0001:00008962       ?StrChrW@CRegParser@ATL@@KAPA_WPA_W_W@Z 10009962 f i ImageScanner.obj
 0001:0000899f       ?Term@CAtlModule@ATL@@QAEXXZ 1000999f f i ImageScanner.obj
 0001:000089f2       ?Term@CComModule@ATL@@QAEXXZ 100099f2 f i ImageScanner.obj
 0001:00008a4a       ?UnregisterServer@?$CAtlModuleT@VCComModule@ATL@@@ATL@@QAEJHPBU_GUID@@@Z 10009a4a f i ImageScanner.obj
 0001:00008a70       ?UnregisterServer@CComModule@ATL@@QAEJHPBU_GUID@@@Z 10009a70 f i ImageScanner.obj
 0001:00008ae6       ?UpdateRegistryFromResource@CAtlModule@ATL@@QAGJIHPAU_ATL_REGMAP_ENTRY@2@@Z 10009ae6 f i ImageScanner.obj
 0001:00008cb1       ?UpdateRegistryFromResource@CAtlModule@ATL@@QAGJPB_WHPAU_ATL_REGMAP_ENTRY@2@@Z 10009cb1 f i ImageScanner.obj
 0001:00008e82       ?VTFromRegType@CRegParser@ATL@@KAHPB_WAAG@Z 10009e82 f i ImageScanner.obj
 0001:00008eef       ?WindowProc@?$CWindowImplBaseT@VCWindow@ATL@@V?$CWinTraits@$0FGAAAAAA@$0A@@2@@ATL@@SGJPAUHWND__@@IIJ@Z 10009eef f i ImageScanner.obj
 0001:00008fe1       ?WriteToStream@CComBSTR@ATL@@QAEJPAUIStream@@@Z 10009fe1 f i ImageScanner.obj
 0001:00009043       ?WriteToStream@CComVariant@ATL@@QAEJPAUIStream@@@Z 1000a043 f i ImageScanner.obj
 0001:000091bd       ?WriteToStream@CComVariant@ATL@@QAEJPAUIStream@@G@Z 1000a1bd f i ImageScanner.obj
 0001:00009226       ?_AtlInitialConstruct@?$CComObjectRootEx@VCComMultiThreadModel@ATL@@@ATL@@QAEJXZ 1000a226 f i ImageScanner.obj
 0001:0000923b       ?_AtlVerifyStackAvailable@_ATL_SAFE_ALLOCA_IMPL@ATL@@YA_NK@Z 1000a23b f i ImageScanner.obj
 0001:000092b9       ?atlCreate@?$CWindowImpl@VCOPOSImageScanner@@VCWindow@ATL@@V?$CWinTraits@$0FGAAAAAA@$0A@@3@@ATL@@QAEPAUHWND__@@PAU3@V_U_RECT@2@PB_WKKV_U_MENUorID@2@PAX@Z 1000a2b9 f i ImageScanner.obj
 0001:000092fd       ?atlCreate@?$CWindowImplBaseT@VCWindow@ATL@@V?$CWinTraits@$0FGAAAAAA@$0A@@2@@ATL@@QAEPAUHWND__@@PAU3@V_U_RECT@2@PB_WKKV_U_MENUorID@2@GPAX@Z 1000a2fd f i ImageScanner.obj
 0001:00009399       ?copy@?$_Copy@UtagCONNECTDATA@@@ATL@@SAJPAUtagCONNECTDATA@@PBU3@@Z 1000a399 f i ImageScanner.obj
 0001:000093cf       ?copy@?$_CopyInterface@UIConnectionPoint@@@ATL@@SAJPAPAUIConnectionPoint@@PBQAU3@@Z 1000a3cf f i ImageScanner.obj
 0001:000093fd       ?memcpy_s@Checked@ATL@@YAXPAXIPBXI@Z 1000a3fd f i ImageScanner.obj
 0001:0000941c       ?ocscpy_s@@YA_NPA_WIPB_W@Z 1000a41c f i ImageScanner.obj
 0001:00009466       ?wcscpy_s@Checked@ATL@@YAXPA_WIPB_W@Z 1000a466 f i ImageScanner.obj
 0001:00009482       _DllCanUnloadNow@0         1000a482 f   ImageScanner.obj
 0001:0000948e       _DllGetClassObject@12      1000a48e f   ImageScanner.obj
 0001:0000949c       _DllMain@12                1000a49c f   ImageScanner.obj
 0001:000094de       _DllRegisterServer@0       1000a4de f   ImageScanner.obj
 0001:000094ed       _DllUnregisterServer@0     1000a4ed f   ImageScanner.obj
 0001:000094fc       _InlineIsEqualGUID         1000a4fc f i ImageScanner.obj
 0001:0000952c       ___local_stdio_printf_options 1000a52c f i ImageScanner.obj
 0001:00009532       __vswprintf_s_l            1000a532 f i ImageScanner.obj
 0001:000095df       _swprintf_s                1000a5df f i ImageScanner.obj
 0001:000095fb       ??0?$CComControl@VCOPOSImageScanner@@V?$CWindowImpl@VCOPOSImageScanner@@VCWindow@ATL@@V?$CWinTraits@$0FGAAAAAA@$0A@@3@@ATL@@@ATL@@QAE@XZ 1000a5fb f i ImageScannerImpl.obj
 0001:00009622       ??0?$CProxy_IOPOSEvents@VCOPOSImageScanner@@@@QAE@XZ 1000a622 f i ImageScannerImpl.obj
 0001:00009642       ??0CComControlBase@ATL@@QAE@AAPAUHWND__@@@Z 1000a642 f i ImageScannerImpl.obj
 0001:0000968c       ??0COPOSImageScanner@@QAE@XZ 1000a68c f   ImageScannerImpl.obj
 0001:000096c2       ??1?$CComControl@VCOPOSImageScanner@@V?$CWindowImpl@VCOPOSImageScanner@@VCWindow@ATL@@V?$CWinTraits@$0FGAAAAAA@$0A@@3@@ATL@@@ATL@@UAE@XZ 1000a6c2 f i ImageScannerImpl.obj
 0001:000096db       ??1?$IConnectionPointImpl@VCOPOSImageScanner@@$1?IID_IPropertyNotifySink@@3U_GUID@@BVCComDynamicUnkArray@ATL@@@ATL@@QAE@XZ 1000a6db f i ImageScannerImpl.obj
 0001:000096db       ??1?$IConnectionPointImpl@VCOPOSImageScanner@@$1?DIID__IOPOSImageScannerEvents@@3U_GUID@@BVCComDynamicUnkArray@ATL@@@ATL@@QAE@XZ 1000a6db f i ImageScannerImpl.obj
 0001:00009718       ??1CComControlBase@ATL@@UAE@XZ 1000a718 f i ImageScannerImpl.obj
 0001:0000977b       ??1COPOSImageScanner@@UAE@XZ 1000a77b f   ImageScannerImpl.obj
 0001:000097c3       ?CheckHealth@COPOSImageScanner@@UAGJJPAJ@Z 1000a7c3 f   ImageScannerImpl.obj
 0001:00009812       ?ClaimDevice@COPOSImageScanner@@UAGJJPAJ@Z 1000a812 f   ImageScannerImpl.obj
 0001:00009887       ?ClearInput@COPOSImageScanner@@UAGJPAJ@Z 1000a887 f   ImageScannerImpl.obj
 0001:000098a2       ?ClearInputProperties@COPOSImageScanner@@UAGJPAJ@Z 1000a8a2 f   ImageScannerImpl.obj
 0001:000098bd       ?Close@COPOSImageScanner@@UAGJPAJ@Z 1000a8bd f   ImageScannerImpl.obj
 0001:0000992b       ?CompareFirmwareVersion@COPOSImageScanner@@UAGJPA_WPAJ1@Z 1000a92b f   ImageScannerImpl.obj
 0001:000099ab       ?DirectIO@COPOSImageScanner@@UAGJJPAJPAPA_W0@Z 1000a9ab f   ImageScannerImpl.obj
 0001:00009a59       ?DoInvoke@COPOSImageScanner@@IAEJJPAVOposVariant@@IHPAJ_N@Z 1000aa59 f   ImageScannerImpl.obj
 0001:00009b35       ?EventClose@COPOSImageScanner@@IAEXXZ 1000ab35 f i ImageScannerImpl.obj
 0001:00009b68       ?EventInit@COPOSImageScanner@@IAEJXZ 1000ab68 f i ImageScannerImpl.obj
 0001:00009c34       ?EventUninit@COPOSImageScanner@@IAEXXZ 1000ac34 f i ImageScannerImpl.obj
 0001:00009c86       ?EventWindowProc@COPOSImageScanner@@IAGJIIJ@Z 1000ac86 f i ImageScannerImpl.obj
 0001:00009d5a       ?FinalConstruct@COPOSImageScanner@@QAEJXZ 1000ad5a f   ImageScannerImpl.obj
 0001:00009d93       ?FireEventCleanup@COPOSImageScanner@@IAEXXZ 1000ad93 f i ImageScannerImpl.obj
 0001:00009da9       ?FireEventSetup@COPOSImageScanner@@IAE_NXZ 1000ada9 f i ImageScannerImpl.obj
 0001:00009ddd       ?FreezeEvents@COPOSImageScanner@@MAGJH@Z 1000addd f   ImageScannerImpl.obj
 0001:00009e3d       ?GetOposProp@COPOSImageScanner@@IAEJJPAFJ@Z 1000ae3d f   ImageScannerImpl.obj
 0001:00009e60       ?GetOposProp@COPOSImageScanner@@IAEJJPAJJ@Z 1000ae60 f   ImageScannerImpl.obj
 0001:00009f2f       ?GetOposProp@COPOSImageScanner@@IAEJJPAPA_WJ@Z 1000af2f f   ImageScannerImpl.obj
 0001:0000a00b       ?OnDraw@COPOSImageScanner@@MAEJAAUATL_DRAWINFO@@@Z 1000b00b f   ImageScannerImpl.obj
 0001:0000a0ab       ?Open@COPOSImageScanner@@UAGJPA_WPAJ@Z 1000b0ab f   ImageScannerImpl.obj
 0001:0000a8ed       ?ReleaseDevice@COPOSImageScanner@@UAGJPAJ@Z 1000b8ed f   ImageScannerImpl.obj
 0001:0000a93c       ?ResetStatistics@COPOSImageScanner@@UAGJPA_WPAJ@Z 1000b93c f   ImageScannerImpl.obj
 0001:0000a993       ?RetrieveStatistics@COPOSImageScanner@@UAGJPAPA_WPAJ@Z 1000b993 f   ImageScannerImpl.obj
 0001:0000a9ea       ?SOProcessID@COPOSImageScanner@@UAGJPAJ@Z 1000b9ea f   ImageScannerImpl.obj
 0001:0000a9fe       ?SetCOFreezeEvents@COPOSImageScanner@@IAEXF@Z 1000b9fe f   ImageScannerImpl.obj
 0001:0000aa9e       ?SetOposProp@COPOSImageScanner@@IAEJJJJ@Z 1000ba9e f   ImageScannerImpl.obj
 0001:0000ab95       ?StartSession@COPOSImageScanner@@UAGJPAJ@Z 1000bb95 f   ImageScannerImpl.obj
 0001:0000abb0       ?StopSession@COPOSImageScanner@@UAGJPAJ@Z 1000bbb0 f   ImageScannerImpl.obj
 0001:0000abcb       ?UpdateFirmware@COPOSImageScanner@@UAGJPA_WPAJ@Z 1000bbcb f   ImageScannerImpl.obj
 0001:0000ac22       ?UpdateStatistics@COPOSImageScanner@@UAGJPA_WPAJ@Z 1000bc22 f   ImageScannerImpl.obj
 0001:0000ac79       ?get_AimMode@COPOSImageScanner@@UAGJPAF@Z 1000bc79 f   ImageScannerImpl.obj
 0001:0000ac92       ?get_AutoDisable@COPOSImageScanner@@UAGJPAF@Z 1000bc92 f   ImageScannerImpl.obj
 0001:0000aca8       ?get_BinaryConversion@COPOSImageScanner@@UAGJPAJ@Z 1000bca8 f   ImageScannerImpl.obj
 0001:0000acbe       ?get_BitsPerPixel@COPOSImageScanner@@UAGJPAJ@Z 1000bcbe f   ImageScannerImpl.obj
 0001:0000acd7       ?get_CapAim@COPOSImageScanner@@UAGJPAF@Z 1000bcd7 f   ImageScannerImpl.obj
 0001:0000acf0       ?get_CapCompareFirmwareVersion@COPOSImageScanner@@UAGJPAF@Z 1000bcf0 f   ImageScannerImpl.obj
 0001:0000ad09       ?get_CapDecodeData@COPOSImageScanner@@UAGJPAF@Z 1000bd09 f   ImageScannerImpl.obj
 0001:0000ad22       ?get_CapHostTriggered@COPOSImageScanner@@UAGJPAF@Z 1000bd22 f   ImageScannerImpl.obj
 0001:0000ad3b       ?get_CapIlluminate@COPOSImageScanner@@UAGJPAF@Z 1000bd3b f   ImageScannerImpl.obj
 0001:0000ad54       ?get_CapImageData@COPOSImageScanner@@UAGJPAF@Z 1000bd54 f   ImageScannerImpl.obj
 0001:0000ad6d       ?get_CapImageQuality@COPOSImageScanner@@UAGJPAF@Z 1000bd6d f   ImageScannerImpl.obj
 0001:0000ad86       ?get_CapPowerReporting@COPOSImageScanner@@UAGJPAJ@Z 1000bd86 f   ImageScannerImpl.obj
 0001:0000ad9f       ?get_CapStatisticsReporting@COPOSImageScanner@@UAGJPAF@Z 1000bd9f f   ImageScannerImpl.obj
 0001:0000adb8       ?get_CapUpdateFirmware@COPOSImageScanner@@UAGJPAF@Z 1000bdb8 f   ImageScannerImpl.obj
 0001:0000add1       ?get_CapUpdateStatistics@COPOSImageScanner@@UAGJPAF@Z 1000bdd1 f   ImageScannerImpl.obj
 0001:0000adea       ?get_CapVideoData@COPOSImageScanner@@UAGJPAF@Z 1000bdea f   ImageScannerImpl.obj
 0001:0000ae03       ?get_CheckHealthText@COPOSImageScanner@@UAGJPAPA_W@Z 1000be03 f   ImageScannerImpl.obj
 0001:0000ae1c       ?get_Claimed@COPOSImageScanner@@UAGJPAF@Z 1000be1c f   ImageScannerImpl.obj
 0001:0000ae32       ?get_ControlObjectDescription@COPOSImageScanner@@UAGJPAPA_W@Z 1000be32 f   ImageScannerImpl.obj
 0001:0000ae80       ?get_ControlObjectVersion@COPOSImageScanner@@UAGJPAJ@Z 1000be80 f   ImageScannerImpl.obj
 0001:0000ae93       ?get_DataCount@COPOSImageScanner@@UAGJPAJ@Z 1000be93 f   ImageScannerImpl.obj
 0001:0000aea9       ?get_DataEventEnabled@COPOSImageScanner@@UAGJPAF@Z 1000bea9 f   ImageScannerImpl.obj
 0001:0000aebf       ?get_DeviceDescription@COPOSImageScanner@@UAGJPAPA_W@Z 1000bebf f   ImageScannerImpl.obj
 0001:0000aed8       ?get_DeviceEnabled@COPOSImageScanner@@UAGJPAF@Z 1000bed8 f   ImageScannerImpl.obj
 0001:0000aeee       ?get_DeviceName@COPOSImageScanner@@UAGJPAPA_W@Z 1000beee f   ImageScannerImpl.obj
 0001:0000af07       ?get_FrameData@COPOSImageScanner@@UAGJPAPA_W@Z 1000bf07 f   ImageScannerImpl.obj
 0001:0000af20       ?get_FrameType@COPOSImageScanner@@UAGJPAJ@Z 1000bf20 f   ImageScannerImpl.obj
 0001:0000af39       ?get_FreezeEvents@COPOSImageScanner@@UAGJPAF@Z 1000bf39 f   ImageScannerImpl.obj
 0001:0000af4f       ?get_IlluminateMode@COPOSImageScanner@@UAGJPAF@Z 1000bf4f f   ImageScannerImpl.obj
 0001:0000af68       ?get_ImageHeight@COPOSImageScanner@@UAGJPAJ@Z 1000bf68 f   ImageScannerImpl.obj
 0001:0000af81       ?get_ImageLength@COPOSImageScanner@@UAGJPAJ@Z 1000bf81 f   ImageScannerImpl.obj
 0001:0000af9a       ?get_ImageMode@COPOSImageScanner@@UAGJPAJ@Z 1000bf9a f   ImageScannerImpl.obj
 0001:0000afb3       ?get_ImageQuality@COPOSImageScanner@@UAGJPAJ@Z 1000bfb3 f   ImageScannerImpl.obj
 0001:0000afcc       ?get_ImageType@COPOSImageScanner@@UAGJPAJ@Z 1000bfcc f   ImageScannerImpl.obj
 0001:0000afe5       ?get_ImageWidth@COPOSImageScanner@@UAGJPAJ@Z 1000bfe5 f   ImageScannerImpl.obj
 0001:0000affe       ?get_OpenResult@COPOSImageScanner@@UAGJPAJ@Z 1000bffe f   ImageScannerImpl.obj
 0001:0000b015       ?get_PowerNotify@COPOSImageScanner@@UAGJPAJ@Z 1000c015 f   ImageScannerImpl.obj
 0001:0000b02b       ?get_PowerState@COPOSImageScanner@@UAGJPAJ@Z 1000c02b f   ImageScannerImpl.obj
 0001:0000b041       ?get_ResultCode@COPOSImageScanner@@UAGJPAJ@Z 1000c041 f   ImageScannerImpl.obj
 0001:0000b07f       ?get_ResultCodeExtended@COPOSImageScanner@@UAGJPAJ@Z 1000c07f f   ImageScannerImpl.obj
 0001:0000b095       ?get_ServiceObjectDescription@COPOSImageScanner@@UAGJPAPA_W@Z 1000c095 f   ImageScannerImpl.obj
 0001:0000b0ae       ?get_ServiceObjectVersion@COPOSImageScanner@@UAGJPAJ@Z 1000c0ae f   ImageScannerImpl.obj
 0001:0000b0c4       ?get_State@COPOSImageScanner@@UAGJPAJ@Z 1000c0c4 f   ImageScannerImpl.obj
 0001:0000b0f0       ?get_VideoCount@COPOSImageScanner@@UAGJPAJ@Z 1000c0f0 f   ImageScannerImpl.obj
 0001:0000b109       ?get_VideoRate@COPOSImageScanner@@UAGJPAJ@Z 1000c109 f   ImageScannerImpl.obj
 0001:0000b122       ?put_AimMode@COPOSImageScanner@@UAGJF@Z 1000c122 f   ImageScannerImpl.obj
 0001:0000b142       ?put_AutoDisable@COPOSImageScanner@@UAGJF@Z 1000c142 f   ImageScannerImpl.obj
 0001:0000b15f       ?put_BinaryConversion@COPOSImageScanner@@UAGJJ@Z 1000c15f f   ImageScannerImpl.obj
 0001:0000b175       ?put_DataEventEnabled@COPOSImageScanner@@UAGJF@Z 1000c175 f   ImageScannerImpl.obj
 0001:0000b192       ?put_DeviceEnabled@COPOSImageScanner@@UAGJF@Z 1000c192 f   ImageScannerImpl.obj
 0001:0000b1af       ?put_FreezeEvents@COPOSImageScanner@@UAGJF@Z 1000c1af f   ImageScannerImpl.obj
 0001:0000b1fb       ?put_IlluminateMode@COPOSImageScanner@@UAGJF@Z 1000c1fb f   ImageScannerImpl.obj
 0001:0000b21b       ?put_ImageMode@COPOSImageScanner@@UAGJJ@Z 1000c21b f   ImageScannerImpl.obj
 0001:0000b234       ?put_ImageQuality@COPOSImageScanner@@UAGJJ@Z 1000c234 f   ImageScannerImpl.obj
 0001:0000b24d       ?put_PowerNotify@COPOSImageScanner@@UAGJJ@Z 1000c24d f   ImageScannerImpl.obj
 0001:0000b263       ?put_VideoCount@COPOSImageScanner@@UAGJJ@Z 1000c263 f   ImageScannerImpl.obj
 0001:0000b27c       ?put_VideoRate@COPOSImageScanner@@UAGJJ@Z 1000c27c f   ImageScannerImpl.obj
 0001:0000b295       ?s_EventWindowProc@COPOSImageScanner@@KGJPAUHWND__@@IIJ@Z 1000c295 f i ImageScannerImpl.obj
 0001:0000b2e7       ??_U@YAPAXI@Z              1000c2e7 f   LIBCMT:new_array.obj
 0001:0000b2f0       ??3@YAXPAXI@Z              1000c2f0 f   LIBCMT:delete_scalar_size.obj
 0001:0000b2fe       ??_V@YAXPAX@Z              1000c2fe f   LIBCMT:delete_array.obj
 0001:0000b303       ??_V@YAXPAXI@Z             1000c303 f   LIBCMT:delete_array_size.obj
 0001:0000b355       ___scrt_acquire_startup_lock 1000c355 f   LIBCMT:utility.obj
 0001:0000b387       ___scrt_dllmain_after_initialize_c 1000c387 f   LIBCMT:utility.obj
 0001:0000b3b2       ___scrt_dllmain_before_initialize_c 1000c3b2 f   LIBCMT:utility.obj
 0001:0000b3c0       ___scrt_dllmain_crt_thread_attach 1000c3c0 f   LIBCMT:utility.obj
 0001:0000b3df       ___scrt_dllmain_crt_thread_detach 1000c3df f   LIBCMT:utility.obj
 0001:0000b3ec       ___scrt_dllmain_exception_filter 1000c3ec f   LIBCMT:utility.obj
 0001:0000b420       ___scrt_dllmain_uninitialize_c 1000c420 f   LIBCMT:utility.obj
 0001:0000b443       ___scrt_dllmain_uninitialize_critical 1000c443 f   LIBCMT:utility.obj
 0001:0000b450       ___scrt_initialize_crt     1000c450 f   LIBCMT:utility.obj
 0001:0000b489       ___scrt_initialize_onexit_tables 1000c489 f   LIBCMT:utility.obj
[...]
 0002:00003268       ?_mb_locale_names@@3QBQB_WB 10022268     libucrt:mbctype.obj
 0002:00003ab0       ?LcidToLocaleNameTable@?A0x881e4c05@@3QBULcidToLocaleName@1@B 10022ab0     libucrt:lcidtoname_downlevel.obj
 0002:00004bd8       ?LocaleNameToIndexTable@?A0x881e4c05@@3QBULocaleNameIndex@1@B 10023bd8     libucrt:lcidtoname_downlevel.obj
 0002:00006430       ?large_power_indices@?1??multiply_by_power_of_ten@__crt_strtox@@YA_NAAUbig_integer@2@I@Z@4QBUunpack_index@?1??12@YA_N0I@Z@B 10025430     libucrt:cfout.obj
 0002:00006510       LOG_name                   10025510     libucrt:log10_impl.obj
 0002:00006520       _One                       10025520     libucrt:ceil_pentium4.obj
 0002:00006530       _Bns                       10025530     libucrt:ceil_pentium4.obj
 0002:00006540       _Zero                      10025540     libucrt:ceil_pentium4.obj
 0002:00006550       _S                         10025550     libucrt:ceil_pentium4.obj
 0002:00006560       _NegZero                   10025560     libucrt:ceil_pentium4.obj
 0002:00006570       emask                      10025570     libucrt:log10_pentium4.obj
 0002:00006580       CC                         10025580     libucrt:log10_pentium4.obj
 0002:00006590       Magic                      10025590     libucrt:log10_pentium4.obj
 0002:000065a0       hi_mask                    100255a0     libucrt:log10_pentium4.obj
 0002:000065b0       LOG10_2                    100255b0     libucrt:log10_pentium4.obj
 0002:000065c0       place_L                    100255c0     libucrt:log10_pentium4.obj
 0002:000065e0       One                        100255e0     libucrt:log10_pentium4.obj
 0002:000065f0       Zero                       100255f0     libucrt:log10_pentium4.obj
 0002:00006600       Two52                      10025600     libucrt:log10_pentium4.obj
 0002:00006610       Infs                       10025610     libucrt:log10_pentium4.obj
 0002:00006620       NaN                        10025620     libucrt:log10_pentium4.obj
 0002:00006630       coeff                      10025630     libucrt:log10_pentium4.obj
 0002:0000668e       _log2max                   1002568e     libucrt:87tran.obj
 0002:00006698       _smallarg                  10025698     libucrt:87tran.obj
 0002:000066a2       _half                      100256a2     libucrt:87tran.obj
 0002:000066ee       One                        100256ee     libucrt:87disp.obj
 0002:000066f6       Three                      100256f6     libucrt:87disp.obj
 0002:000066fe       XAMtoTagTab                100256fe     libucrt:87disp.obj
 0002:00006710       One                        10025710     libucrt:common.obj
 0002:00006724       DblMax                     10025724     libucrt:common.obj
 0002:0000672c       DblMin                     1002572c     libucrt:common.obj
 0002:00006734       IeeeAdjO                   10025734     libucrt:common.obj
 0002:0000673c       IeeeAdjU                   1002573c     libucrt:common.obj
 0002:00006744       _infinity                  10025744     libucrt:common.obj
 0002:0000674c       _zero                      1002574c     libucrt:common.obj
 0002:00006798       _over                      10025798     libucrt:fpctrl.obj
 0002:000067a4       _under                     100257a4     libucrt:fpctrl.obj
 0002:00006fd8       ?_names@?1??_get_fname@@9@9 10025fd8     libucrt:fpexcept.obj
 0002:00007180       two32                      10026180     LIBCMT:ftol2.obj
 0002:00007184       two63                      10026184     LIBCMT:ftol2.obj
 0002:00007188       _NaN                       10026188     LIBCMT:ftol2.obj
 0002:00007838       __sehtable$?_AtlVerifyStackAvailable@_ATL_SAFE_ALLOCA_IMPL@ATL@@YA_NK@Z 10026838     ImageScanner.obj
 0002:00007858       __sehtable$___scrt_is_nonwritable_in_current_image 10026858     LIBCMT:utility.obj
 0002:00007874       __catchsym$??2@YAPAXIABUnothrow_t@std@@@Z$2 10026874     LIBCMT:new_scalar_nothrow.obj
 0002:00007884       __unwindtable$??2@YAPAXIABUnothrow_t@std@@@Z 10026884     LIBCMT:new_scalar_nothrow.obj
 0002:00007894       __tryblocktable$??2@YAPAXIABUnothrow_t@std@@@Z 10026894     LIBCMT:new_scalar_nothrow.obj
 0002:000078a8       __ehfuncinfo$??2@YAPAXIABUnothrow_t@std@@@Z 100268a8     LIBCMT:new_scalar_nothrow.obj
 0002:000078d0       __sehtable$?dllmain_crt_process_attach@@YAHQAUHINSTANCE__@@QAX@Z 100268d0     LIBCMT:dll_dllmain.obj
 0002:000078f0       __sehtable$?dllmain_crt_process_detach@@YAH_N@Z 100268f0     LIBCMT:dll_dllmain.obj
 0002:00007918       __sehtable$?dllmain_dispatch@@YAHQAUHINSTANCE__@@KQAX@Z 10026918     LIBCMT:dll_dllmain.obj
 0002:000079c8       __sehtable$___DestructExceptionObject 100269c8     libvcruntime:ehhelpers.obj
 0002:000079e8       __sehtable$?FrameUnwindToState@__FrameHandler3@@SAXPAUEHRegistrationNode@@PAXPBU_s_FuncInfo@@H@Z 100269e8     libvcruntime:frame.obj
 0002:00007a10       __sehtable$?CallCatchBlock@@YAPAXPAUEHExceptionRecord@@PAUEHRegistrationNode@@PAU_CONTEXT@@PBU_s_FuncInfo@@PAXHK@Z 10026a10     libvcruntime:frame.obj
 0002:00007a38       __catchsym$?CallUnexpected@@YAXPBU_s_ESTypeList@@@Z$2 10026a38     libvcruntime:frame.obj
 0002:00007a48       __unwindtable$?CallUnexpected@@YAXPBU_s_ESTypeList@@@Z 10026a48     libvcruntime:frame.obj
 0002:00007a58       __tryblocktable$?CallUnexpected@@YAXPBU_s_ESTypeList@@@Z 10026a58     libvcruntime:frame.obj
 0002:00007a6c       __ehfuncinfo$?CallUnexpected@@YAXPBU_s_ESTypeList@@@Z 10026a6c     libvcruntime:frame.obj
 0002:00007a90       __sehtable$??$BuildCatchObjectHelperInternal@V__FrameHandler3@@@@YAHPAUEHExceptionRecord@@PAXPBU_s_HandlerType@@PBU_s_CatchableType@@@Z 10026a90     libvcruntime:frame.obj
 0002:00007ab0       __sehtable$??$BuildCatchObjectInternal@V__FrameHandler3@@@@YAXPAUEHExceptionRecord@@PAXPBU_s_HandlerType@@PBU_s_CatchableType@@@Z 10026ab0     libvcruntime:frame.obj
 0002:00007b08       __sehtable$??R<lambda_6e4b09c48022b2350581041d5f6b0c4c>@@QBE@XZ 10026b08     libucrt:exit.obj
 0002:00007b28       __sehtable$??$?RV<lambda_03b1d95aef87969028cfba75ccab2455>@@AAV<lambda_6e4b09c48022b2350581041d5f6b0c4c>@@V<lambda_22bdf7517842c4b3e53723af5aa32b9e>@@@?$__crt_seh_guarded_call@X@@QAEX$$QAV<lambda_03b1d95aef87969028cfba75ccab2455>@@AAV<lambda_6e4b09c48022b2350581041d5f6b0c4c>@@$$QAV<lambda_22bdf7517842c4b3e53723af5aa32b9e>@@@Z 10026b28     libucrt:exit.obj
 0002:00007b48       __sehtable$??$?RV<lambda_8e746cf0007f6ed984d6f78af1fec997>@@AAV<lambda_22ebabd17bc4fa466a2aca6d8deb888d>@@V<lambda_18ed0c0b38a6dc0daf1e7ac6d6adf05e>@@@?$__crt_seh_guarded_call@H@@QAEH$$QAV<lambda_8e746cf0007f6ed984d6f78af1fec997>@@AAV<lambda_22ebabd17bc4fa466a2aca6d8deb888d>@@$$QAV<lambda_18ed0c0b38a6dc0daf1e7ac6d6adf05e>@@@Z 10026b48     libucrt:onexit.obj
 0002:00007b68       __sehtable$??$?RV<lambda_69a2805e680e0e292e8ba93315fe43a8>@@AAV<lambda_f03950bc5685219e0bcd2087efbe011e>@@V<lambda_03fcd07e894ec930e3f35da366ca99d6>@@@?$__crt_seh_guarded_call@H@@QAEH$$QAV<lambda_69a2805e680e0e292e8ba93315fe43a8>@@AAV<lambda_f03950bc5685219e0bcd2087efbe011e>@@$$QAV<lambda_03fcd07e894ec930e3f35da366ca99d6>@@@Z 10026b68     libucrt:onexit.obj
 0002:00007b88       __sehtable$__query_new_handler 10026b88     libucrt:new_handler.obj
 0002:00007ba8       __sehtable$_terminate      10026ba8     libucrt:terminate.obj
 0002:00007bc8       __sehtable$??$?RV<lambda_15ade71b0218206bbe3333a0c9b79046>@@AAV<lambda_da44e0f8b0f19ba52fefafb335991732>@@V<lambda_207f2d024fc103971653565357d6cd41>@@@?$__crt_seh_guarded_call@X@@QAEX$$QAV<lambda_15ade71b0218206bbe3333a0c9b79046>@@AAV<lambda_da44e0f8b0f19ba52fefafb335991732>@@$$QAV<lambda_207f2d024fc103971653565357d6cd41>@@@Z 10026bc8     libucrt:per_thread_data.obj
 0002:00007be8       __sehtable$??$?RV<lambda_a7e850c220f1c8d1e6efeecdedd162c6>@@AAV<lambda_46720907175c18b6c9d2717bc0d2d362>@@V<lambda_9048902d66e8d99359bc9897bbb930a8>@@@?$__crt_seh_guarded_call@X@@QAEX$$QAV<lambda_a7e850c220f1c8d1e6efeecdedd162c6>@@AAV<lambda_46720907175c18b6c9d2717bc0d2d362>@@$$QAV<lambda_9048902d66e8d99359bc9897bbb930a8>@@@Z 10026be8     libucrt:per_thread_data.obj
 0002:00007c08       __sehtable$??$?RV<lambda_38edbb1296d33220d7e4dd0ed76b244a>@@AAV<lambda_5ce1d447e08cb34b2473517608e21441>@@V<lambda_fb385d3da700c9147fc39e65dd577a8c>@@@?$__crt_seh_guarded_call@X@@QAEX$$QAV<lambda_38edbb1296d33220d7e4dd0ed76b244a>@@AAV<lambda_5ce1d447e08cb34b2473517608e21441>@@$$QAV<lambda_fb385d3da700c9147fc39e65dd577a8c>@@@Z 10026c08     libucrt:per_thread_data.obj
 0002:00007c28       __sehtable$??$?RV<lambda_6affb1475c98b40b75cdec977db92e3c>@@AAV<lambda_b8d4b9c228a6ecc3f80208dbb4b4a104>@@V<lambda_608742c3c92a14382c1684fc64f96c88>@@@?$__crt_seh_guarded_call@X@@QAEX$$QAV<lambda_6affb1475c98b40b75cdec977db92e3c>@@AAV<lambda_b8d4b9c228a6ecc3f80208dbb4b4a104>@@$$QAV<lambda_608742c3c92a14382c1684fc64f96c88>@@@Z 10026c28     libucrt:per_thread_data.obj
 0002:00007c48       __sehtable$??$?RV<lambda_e5124f882df8998aaf41531e079ba474>@@AAV<lambda_3e16ef9562a7dcce91392c22ab16ea36>@@V<lambda_e25ca0880e6ef98be67edffd8c599615>@@@?$__crt_seh_guarded_call@X@@QAEX$$QAV<lambda_e5124f882df8998aaf41531e079ba474>@@AAV<lambda_3e16ef9562a7dcce91392c22ab16ea36>@@$$QAV<lambda_e25ca0880e6ef98be67edffd8c599615>@@@Z 10026c48     libucrt:wsetlocale.obj
 0002:00007c68       __sehtable$___acrt_initialize_lowio 10026c68     libucrt:ioinit.obj
 0002:00007c88       __sehtable$?update_thread_multibyte_data_internal@@YAPAU__crt_multibyte_data@@QAU__acrt_ptd@@QAPAU1@@Z 10026c88     libucrt:mbctype.obj
 0002:00007ca8       __sehtable$??$?RV<lambda_ceb1ee4838e85a9d631eb091e2fbe199>@@AAV<lambda_ae742caa10f662c28703da3d2ea5e57e>@@V<lambda_cd08b5d6af4937fe54fc07d0c9bf6b37>@@@?$__crt_seh_guarded_call@X@@QAEX$$QAV<lambda_ceb1ee4838e85a9d631eb091e2fbe199>@@AAV<lambda_ae742caa10f662c28703da3d2ea5e57e>@@$$QAV<lambda_cd08b5d6af4937fe54fc07d0c9bf6b37>@@@Z 10026ca8     libucrt:mbctype.obj
 0002:00007cc8       __sehtable$_raise          10026cc8     libucrt:signal.obj
 0002:00007ce8       __sehtable$??$?RV<lambda_cbab9ec6f41b0180b23cc171c22676b0>@@AAV<lambda_44731a7d0e6d81c3e6aa82d741081786>@@V<lambda_4b292cb8dd18144e164572427af410ab>@@@?$__crt_seh_guarded_call@P6AXH@Z@@QAEP6AXH@Z$$QAV<lambda_cbab9ec6f41b0180b23cc171c22676b0>@@AAV<lambda_44731a7d0e6d81c3e6aa82d741081786>@@$$QAV<lambda_4b292cb8dd18144e164572427af410ab>@@@Z 10026ce8     libucrt:signal.obj
 0002:00007d08       __sehtable$??$?RV<lambda_2866be3712abc81a800a822484c830d8>@@AAV<lambda_39ca0ed439415581b5b15c265174cece>@@V<lambda_2b24c74d71094a6cd0cb82e44167d71b>@@@?$__crt_seh_guarded_call@X@@QAEX$$QAV<lambda_2866be3712abc81a800a822484c830d8>@@AAV<lambda_39ca0ed439415581b5b15c265174cece>@@$$QAV<lambda_2b24c74d71094a6cd0cb82e44167d71b>@@@Z 10026d08     libucrt:fflush.obj
 0002:00007d28       __sehtable$??$?RV<lambda_2cc53f568c5a2bb6f192f930a45d44ea>@@AAV<lambda_ab61a845afdef5b7c387490eaf3616ee>@@V<lambda_c2ffc0b7726aa6be21d5f0026187e748>@@@?$__crt_seh_guarded_call@X@@QAEX$$QAV<lambda_2cc53f568c5a2bb6f192f930a45d44ea>@@AAV<lambda_ab61a845afdef5b7c387490eaf3616ee>@@$$QAV<lambda_c2ffc0b7726aa6be21d5f0026187e748>@@@Z 10026d28     libucrt:fflush.obj
 0002:00007d48       __sehtable$___acrt_update_thread_locale_data 10026d48     libucrt:locale_refcounting.obj
 0002:00007d68       __sehtable$__fcloseall     10026d68     libucrt:closeall.obj
 0002:00007d88       __sehtable$___acrt_lowio_ensure_fh_exists 10026d88     libucrt:osfinfo.obj
 0002:00007da8       __sehtable$??$?RV<lambda_9e9de3de5fa147e2223d7db92bc10aa6>@@AAV<lambda_38ce7e780aa69e748d6df282ebc68efe>@@V<lambda_8ca6da459f0f6780f1cff60fdc3d00e5>@@@?$__crt_seh_guarded_call@H@@QAEH$$QAV<lambda_9e9de3de5fa147e2223d7db92bc10aa6>@@AAV<lambda_38ce7e780aa69e748d6df282ebc68efe>@@$$QAV<lambda_8ca6da459f0f6780f1cff60fdc3d00e5>@@@Z 10026da8     libucrt:commit.obj
 0002:00007dc8       __sehtable$__write         10026dc8     libucrt:write.obj
 0002:00007de8       __sehtable$_fclose         10026de8     libucrt:fclose.obj
 0002:00007e08       __sehtable$??$?RV<lambda_218ce3db14220d0be481dae8ef3383b6>@@AAV<lambda_628dfdc04ba53c8bfc02c9951375f3f5>@@V<lambda_57dc472bd5c9d5f3b2cbca59b8a843ae>@@@?$__crt_seh_guarded_call@H@@QAEH$$QAV<lambda_218ce3db14220d0be481dae8ef3383b6>@@AAV<lambda_628dfdc04ba53c8bfc02c9951375f3f5>@@$$QAV<lambda_57dc472bd5c9d5f3b2cbca59b8a843ae>@@@Z 10026e08     libucrt:close.obj
 0002:00007e28       __sehtable$__IsNonwritableInCurrentImage 10026e28     LIBCMT:pesect.obj
 0002:00007e50       .edata                     10026e50     OPOSImageScanner.exp
 0002:00007e78       rgpv                       10026e78     OPOSImageScanner.exp
 0002:00007e88       rgszName                   10026e88     OPOSImageScanner.exp
 0002:00007e98       rgwOrd                     10026e98     OPOSImageScanner.exp
 0002:00007ea0       szName                     10026ea0     OPOSImageScanner.exp
 0002:00007eb5       $N00001                    10026eb5     OPOSImageScanner.exp
 0002:00007ec5       $N00002                    10026ec5     OPOSImageScanner.exp
 0002:00007ed7       $N00003                    10026ed7     OPOSImageScanner.exp
 0002:00007ee9       $N00004                    10026ee9     OPOSImageScanner.exp
 0002:000084fa       .idata$6                   100274fa     kernel32:KERNEL32.dll
 0002:0000870e       .idata$6                   1002770e     user32:USER32.dll
 0002:00008842       .idata$6                   10027842     gdi32:GDI32.dll
 0002:000088e8       .idata$6                   100278e8     advapi32:ADVAPI32.dll
 0002:00008a04       .idata$6                   10027a04     ole32:ole32.dll
 0002:00008a0e       .idata$6                   10027a0e     oleaut32:OLEAUT32.dll
 0003:00000110       ?ObjectMap@@3PAU_ATL_OBJMAP_ENTRY30@ATL@@A 10028110     ImageScanner.obj
 0003:000001d0       ?s_SOMethodNames@@3PAPADA  100281d0     ImageScannerImpl.obj
 0003:00000224       ?s_RequiredMethodsPerRelease@@3PAHA 10028224     ImageScannerImpl.obj
 0003:00000240       ?__vcrt_flsindex@@3KA      10028240     libvcruntime:per_thread_data.obj
 0003:00000260       ?errno_no_memory@@3HA      10028260     libucrt:errno.obj
 0003:00000264       ?doserrno_no_memory@@3KA   10028264     libucrt:errno.obj
 0003:00000270       ?__acrt_flsindex@@3KA      10028270     libucrt:per_thread_data.obj
 0003:00000608       __mbctypes                 10028608     libucrt:mbctype.obj
 0003:00000710       __mbcasemaps               10028710     libucrt:mbctype.obj
 0003:00000810       ?__rgctypeflag@@3PADA      10028810     libucrt:mbctype.obj
 0003:00000818       ?__rgcode_page_info@@3PAUcode_page_info@@A 10028818     libucrt:mbctype.obj
 0003:00000a70       ?__dcrt_lowio_console_output_handle@@3PAXA 10028a70     libucrt:initcon.obj
 0003:00000c08       ?is_initialized_as_dll@@3_NA 10028c08     LIBCMT:utility.obj
 0003:00000c09       ?module_local_atexit_table_initialized@@3_NA 10028c09     LIBCMT:utility.obj
 0003:00000c0c       ?module_local_atexit_table@@3U_onexit_table_t@@A 10028c0c     LIBCMT:utility.obj
 0003:00000c18       ?module_local_at_quick_exit_table@@3U_onexit_table_t@@A 10028c18     LIBCMT:utility.obj
 0003:00000c24       ?g_tss_cv@@3U_RTL_CONDITION_VARIABLE@@A 10028c24     LIBCMT:thread_safe_statics.obj
 0003:00000c28       ?g_tss_event@@3PAXA        10028c28     LIBCMT:thread_safe_statics.obj
 0003:00000c2c       ?g_tss_mutex@@3U_RTL_CRITICAL_SECTION@@A 10028c2c     LIBCMT:thread_safe_statics.obj
 0003:00000c44       ?g_sleep_condition_variable_cs@@3P6GHPAU_RTL_CONDITION_VARIABLE@@PAU_RTL_CRITICAL_SECTION@@K@ZA 10028c44     LIBCMT:thread_safe_statics.obj
 0003:00000c48       ?g_wake_all_condition_variable@@3P6GXPAU_RTL_CONDITION_VARIABLE@@@ZA 10028c48     LIBCMT:thread_safe_statics.obj
 0003:00000c50       _GS_ExceptionRecord        10028c50     LIBCMT:gs_report.obj
 0003:00000ca0       _GS_ContextRecord          10028ca0     LIBCMT:gs_report.obj
 0003:00000f70       ?__proc_attached@@3HA      10028f70     LIBCMT:dll_dllmain.obj
 0003:00000fcc       ?AllocateData@@3P6GPAUAtlThunkData_t@@XZA 10028fcc     atls:atlthunk.obj
 0003:00000fd0       ?InitData@@3P6GXPAUAtlThunkData_t@@PAXI@ZA 10028fd0     atls:atlthunk.obj
 0003:00000fd4       ?DataToCode@@3P6GP6GJPAUHWND__@@IIJ@ZPAUAtlThunkData_t@@@ZA 10028fd4     atls:atlthunk.obj
 0003:00000fd8       ?FreeData@@3P6GXPAUAtlThunkData_t@@@ZA 10028fd8     atls:atlthunk.obj
 0003:00000fdc       ?Initialized@@3_NA         10028fdc     atls:atlthunk.obj
 0003:00000fec       ?__vcrt_startup_thread_ptd@@3U__vcrt_ptd@@A 10028fec     libvcruntime:per_thread_data.obj
 0003:00001014       ___vcrt_lock_table         10029014     libvcruntime:locks.obj
 0003:0000102c       ___vcrt_locks_initialized  1002902c     libvcruntime:locks.obj
 0003:00001058       ?heap@@3V_HeapManager@@A   10029058     libvcruntime:undname.obj
 0003:0000106c       ?module_handles@@3PAPAUHINSTANCE__@@A 1002906c     libvcruntime:winapi_downlevel.obj
 0003:00001078       ?function_pointers@@3PAPAXA 10029078     libvcruntime:winapi_downlevel.obj
 0003:0000108c       ?__acrt_invalid_parameter_handler@@3V?$dual_state_global@P6AXPB_W00II@Z@__crt_state_management@@A 1002908c     libucrt:invalid_parameter.obj
 0003:00001090       ?c_termination_complete@@3JA 10029090     libucrt:exit.obj
 0003:00001094       ?thread_local_exit_callback_func@@3P6GXPAXK0@ZA 10029094     libucrt:exit.obj
 0003:000010a0       ?program_name@?1???$common_configure_argv@D@@YAHW4_crt_argv_mode@@@Z@4PADA 100290a0     libucrt:argv_parsing.obj
 0003:000011d0       ?__acrt_new_handler@@3V?$dual_state_global@P6AHI@Z@__crt_state_management@@A 100291d0     libucrt:new_handler.obj
 0003:000011d8       ?module_handles@@3PAPAUHINSTANCE__@@A 100291d8     libucrt:winapi_thunks.obj
 0003:00001228       ?encoded_function_pointers@@3PAPAXA 10029228     libucrt:winapi_thunks.obj
 0003:000012b0       ?internal_state@?1??_mbtowc_l@@9@4U_Mbstatet@@A 100292b0     libucrt:mbtowc.obj
 0003:000012c0       ?enable_percent_n@@3IA     100292c0     libucrt:printf_count_output.obj
 0003:000014e0       ?__acrt_lock_table@@3PAU_RTL_CRITICAL_SECTION@@A 100294e0     libucrt:locks.obj
 0003:00001630       ?__acrt_locks_initialized@@3IA 10029630     libucrt:locks.obj
 0003:00001640       ?fSystemSet@@3HA           10029640     libucrt:mbctype.obj
 0003:00001644       ?initialized@?1??__acrt_initialize_multibyte@@9@4_NA 10029644     libucrt:mbctype.obj
 0003:00001664       ?ctrlc_action@@3V?$dual_state_global@P6AXH@Z@__crt_state_management@@A 10029664     libucrt:signal.obj
 0003:00001668       ?ctrlbreak_action@@3V?$dual_state_global@P6AXH@Z@__crt_state_management@@A 10029668     libucrt:signal.obj
 0003:0000166c       ?abort_action@@3V?$dual_state_global@P6AXH@Z@__crt_state_management@@A 1002966c     libucrt:signal.obj
 0003:00001670       ?term_action@@3V?$dual_state_global@P6AXH@Z@__crt_state_management@@A 10029670     libucrt:signal.obj
 0003:00001674       ?user_matherr@@3V?$dual_state_global@P6AHPAU_exception@@@Z@__crt_state_management@@A 10029674     libucrt:matherr.obj
 0003:00001678       ?__acrt_global_new_mode@@3V?$dual_state_global@J@__crt_state_management@@A 10029678     libucrt:new_mode.obj
 0003:00001684       ?internal_pst@?1??__mbrtoc32_utf8@__crt_mbstring@@YAIPA_UPBDIPAU_Mbstatet@@@Z@4U3@A 10029684     libucrt:mbrtoc32.obj
 0003:0000168c       ?__acrt_app_type@@3W4_crt_app_type@@A 1002968c     libucrt:report_runtime_error.obj
 0003:00001694       __pmatherr_set             10029694     libucrt:libm_error.obj
 0004:00000220       $R000000                   1002a220     ImageScanner.res
 0004:00000bc8       $R0009A8                   1002abc8     ImageScanner.res
 0004:00000cb0       $R000A90                   1002acb0     ImageScanner.res
 0004:00000f18       $R000CF8                   1002af18     ImageScanner.res
 0004:00001430       $R001210                   1002b430     ImageScanner.res
 0004:00004430       $R004210                   1002e430     ImageScanner.res
 0004:00004468       $R004248                   1002e468     ImageScanner.res
