 OPOSSigCap

 Timestamp is 5b863f22 (Wed Aug 29 15:37:22 2018)

 Preferred load address is 10000000

 Start         Length     Name                   Class
 0001:00000000 00000080H .text$di                CODE
 0001:00000080 0001cf9bH .text$mn                CODE
 0001:0001d01b 00000051H .text$x                 CODE
 0001:0001d06c 00000042H .text$yd                CODE
 0002:00000000 000002fcH .idata$5                DATA
 0002:000002fc 00000004H .00cfg                  DATA
 0002:00000300 00000004H .CRT$XCA                DATA
 0002:00000304 00000004H .CRT$XCL                DATA
 0002:00000308 00000010H .CRT$XCU                DATA
 0002:00000318 00000004H .CRT$XCZ                DATA
 0002:0000031c 00000004H .CRT$XIA                DATA
 0002:00000320 00000010H .CRT$XIC                DATA
 0002:00000330 00000004H .CRT$XIZ                DATA
 0002:00000334 00000004H .CRT$XLA                DATA
 0002:00000338 00000004H .CRT$XLZ                DATA
 0002:0000033c 00000004H .CRT$XPA                DATA
 0002:00000340 00000008H .CRT$XPX                DATA
 0002:00000348 00000004H .CRT$XPXA               DATA
 0002:0000034c 00000004H .CRT$XPZ                DATA
 0002:00000350 00000004H .CRT$XTA                DATA
 0002:00000354 0000000cH .CRT$XTZ                DATA
 0002:00000358 00000000H .gfids$y                DATA
 0002:00000360 00006d88H .rdata                  DATA
 0002:000070e8 00000018H .rdata$T                DATA
 0002:00007100 00000180H .rdata$r                DATA
 0002:00007280 00000020H .rdata$sxdata           DATA
 0002:000072a0 000003dcH .rdata$zzzdbg           DATA
 0002:0000767c 00000004H .rtc$IAA                DATA
 0002:00007680 00000004H .rtc$IZZ                DATA
 0002:00007684 00000004H .rtc$TAA                DATA
 0002:00007688 00000004H .rtc$TZZ                DATA
 0002:0000768c 00000004H .tls                    DATA
 0002:00007690 00000004H .tls$                   DATA
 0002:00007694 00000004H .tls$ZZZ                DATA
 0002:00007698 00000624H .xdata$x                DATA
 0002:00007cbc 00000004H ATL$__a                 DATA
 0002:00007cc0 00000010H ATL$__z                 DATA
 0002:00007cd0 000000a8H .edata                  DATA
 0002:00007d78 00000078H .idata$2                DATA
 0002:00007df0 00000014H .idata$3                DATA
 0002:00007e04 000002fcH .idata$4                DATA
 0002:00008100 00000bc0H .idata$6                DATA
 0003:00000000 000009a0H .data                   DATA
 0003:000009a0 00000098H .data$r                 DATA
 0003:00000a38 00000b68H .bss                    DATA
 0004:00000000 00000220H .rsrc$01                DATA
 0004:00000220 00003f00H .rsrc$02                DATA

  Address         Publics by Value              Rva+Base       Lib:Object

 0000:00000000       ___guard_iat_count         00000000     <absolute>
 0000:00000000       ___guard_longjmp_count     00000000     <absolute>
 0000:00000000       ___guard_fids_count        00000000     <absolute>
 0000:00000000       ___guard_longjmp_table     00000000     <absolute>
 0000:00000000       ___hybrid_code_map_count   00000000     <absolute>
 0000:00000000       __except_list              00000000     <absolute>
 0000:00000000       ___guard_fids_table        00000000     <absolute>
 0000:00000000       ___hybrid_auxiliary_iat    00000000     <absolute>
 0000:00000000       ___dynamic_value_reloc_table 00000000     <absolute>
 0000:00000000       ___guard_iat_table         00000000     <absolute>
 0000:00000000       ___volatile_metadata       00000000     <absolute>
 0000:00000000       ___enclave_config          00000000     <absolute>
 0000:00000000       ___hybrid_code_map         00000000     <absolute>
 0000:00000008       ___safe_se_handler_count   00000008     <absolute>
 0000:0000002c       __tls_array                0000002c     <absolute>
 0000:00000100       ___guard_flags             00000100     <absolute>
 0000:00000000       ___ImageBase               10000000     <linker-defined>
 0001:00000080       ?DupWide@_CW@@AAEXXZ       10001080 f   CWString.obj
 0001:0000009c       ?cw_dup@@YGXPBDAAHAAPA_W1@Z 1000109c f   CWString.obj
 0001:0000010b       ?cw_memcpy@@YGHPA_WPBDH@Z  1000110b f   CWString.obj
 0001:00000137       ?cw_strcpy@@YAHPA_WPBD@Z   10001137 f   CWString.obj
 0001:0000014a       ?cw_strlen@@YAHPBD@Z       1000114a f   CWString.obj
 0001:00000163       ??0CAtlComModule@ATL@@QAE@XZ 10001163 f i OposVariant.obj
 0001:000001a8       ??0CAtlWinModule@ATL@@QAE@XZ 100011a8 f i OposVariant.obj
 0001:000001df       ??0OposDispParms@@QAE@PAVOposVariant@@H@Z 100011df f   OposVariant.obj
 0001:00000250       ??1OposDispParms@@QAE@XZ   10001250 f   OposVariant.obj
 0001:0000025e       ??A?$CSimpleArray@GV?$CSimpleArrayEqualHelper@G@ATL@@@ATL@@QAEAAGH@Z 1000125e f i OposVariant.obj
 0001:00000283       ??_Estringdispid@CComTypeInfoHolder@ATL@@QAEPAXI@Z 10001283 f i OposVariant.obj
 0001:000002ef       ?AtlWinModuleInit@ATL@@YGJPAU_ATL_WIN_MODULE70@1@@Z 100012ef f i OposVariant.obj
 0001:00000315       ?AtlWinModuleTerm@ATL@@YGJPAU_ATL_WIN_MODULE70@1@PAUHINSTANCE__@@@Z 10001315 f i OposVariant.obj
 0001:00000378       ?ChangeBSTR@OposVariant@@QAEXPAPA_WAAJ@Z 10001378 f   OposVariant.obj
 0001:000003b9       ?ChangeLONG@OposVariant@@QAEXPAJAAJ@Z 100013b9 f   OposVariant.obj
 0001:000003fa       ?GetLONG@OposVariant@@QAEJXZ 100013fa f   OposVariant.obj
 0001:00000415       ?Init@CComCriticalSection@ATL@@QAEJXZ 10001415 f i OposVariant.obj
 0001:0000043c       ?RemoveAll@?$CSimpleArray@GV?$CSimpleArrayEqualHelper@G@ATL@@@ATL@@QAEXXZ 1000143c f i OposVariant.obj
 0001:0000043c       ?RemoveAll@?$CSimpleArray@PAUHINSTANCE__@@V?$CSimpleArrayEqualHelper@PAUHINSTANCE__@@@ATL@@@ATL@@QAEXXZ 1000143c f i atls:atlbase.obj
 0001:00000459       ?SetBSTR@OposVariant@@QAEXPA_WAAJ@Z 10001459 f   OposVariant.obj
 0001:0000048d       ?SetBSTR_Copy@OposVariant@@QAEXPA_WAAJ@Z 1000148d f   OposVariant.obj
 0001:000004dd       ?SetBSTR_InOutPtr@OposVariant@@QAE_NPAPA_WAAJ@Z 100014dd f   OposVariant.obj
 0001:00000514       ?SetDispatch_Ptr@OposVariant@@QAEXPAUIDispatch@@AAJ@Z 10001514 f   OposVariant.obj
 0001:0000054f       ?SetLONG@OposVariant@@QAEXJ@Z 1000154f f   OposVariant.obj
 0001:00000571       ?SetLONG_Ptr@OposVariant@@QAEXPAJAAJ@Z 10001571 f   OposVariant.obj
 0001:000005a4       ?SetString@OposVariant@@QAEXPB_WAAJ@Z 100015a4 f   OposVariant.obj
 0001:000005ea       ?SetVARIANT_BOOL@OposVariant@@QAEXF@Z 100015ea f   OposVariant.obj
 0001:00000614       ?Term@CAtlComModule@ATL@@QAEXXZ 10001614 f i OposVariant.obj
 0001:0000065e       ?_AtlRaiseException@ATL@@YAXKK@Z 1000165e f i OposVariant.obj
 0001:00000673       ?Freeze@?$IViewObjectExImpl@VCOPOSSigCap@@@ATL@@UAGJKJPAXPAK@Z 10001673 f i SigCap.obj
 0001:0000067b       ?QueryGetData@?$IDataObjectImpl@VCOPOSSigCap@@@ATL@@UAGJPAUtagFORMATETC@@@Z 1000167b f i SigCap.obj
 0001:0000067b       ?OnMnemonic@?$IOleControlImpl@VCOPOSSigCap@@@ATL@@UAGJPAUtagMSG@@@Z 1000167b f i SigCap.obj
 0001:0000067b       ?SetColorScheme@?$IOleObjectImpl@VCOPOSSigCap@@@ATL@@UAGJPAUtagLOGPALETTE@@@Z 1000167b f i SigCap.obj
 0001:0000067b       ?SOOutputCompleteDummy@COPOSSigCap@@MAGJJ@Z 1000167b f i SigCap.obj
 0001:0000067b       ?ContextSensitiveHelp@?$IOleInPlaceActiveObjectImpl@VCOPOSSigCap@@@ATL@@UAGJH@Z 1000167b f i SigCap.obj
 0001:0000067b       ?ContextSensitiveHelp@?$IOleInPlaceObjectWindowlessImpl@VCOPOSSigCap@@@ATL@@UAGJH@Z 1000167b f i SigCap.obj
 0001:0000067b       ?Unfreeze@?$IViewObjectExImpl@VCOPOSSigCap@@@ATL@@UAGJK@Z 1000167b f i SigCap.obj
 0001:0000067b       ?GetControlInfo@?$IOleControlImpl@VCOPOSSigCap@@@ATL@@UAGJPAUtagCONTROLINFO@@@Z 1000167b f i SigCap.obj
 0001:0000067b       ?GetDropTarget@?$IOleInPlaceObjectWindowlessImpl@VCOPOSSigCap@@@ATL@@UAGJPAPAUIDropTarget@@@Z 1000167b f i SigCap.obj
 0001:00000683       ?SetAdvise@?$IViewObjectExImpl@VCOPOSSigCap@@@ATL@@UAGJKKPAUIAdviseSink@@@Z 10001683 f i SigCap.obj
 0001:000006a2       ?GetAdvise@?$IViewObjectExImpl@VCOPOSSigCap@@@ATL@@UAGJPAK0PAPAUIAdviseSink@@@Z 100016a2 f i SigCap.obj
 0001:000006d7       ?GetExtent@?$IViewObjectExImpl@VCOPOSSigCap@@@ATL@@UAGJKJPAUtagDVTARGETDEVICE@@PAUtagSIZE@@@Z 100016d7 f i SigCap.obj
 0001:00000708       ?SetMoniker@?$IOleObjectImpl@VCOPOSSigCap@@@ATL@@UAGJKPAUIMoniker@@@Z 10001708 f i SigCap.obj
 0001:00000708       ?GetDataHere@?$IDataObjectImpl@VCOPOSSigCap@@@ATL@@UAGJPAUtagFORMATETC@@PAUtagSTGMEDIUM@@@Z 10001708 f i SigCap.obj
 0001:00000708       ?GetClipboardData@?$IOleObjectImpl@VCOPOSSigCap@@@ATL@@UAGJKPAPAUIDataObject@@@Z 10001708 f i SigCap.obj
 0001:00000708       ?EnumFormatEtc@?$IDataObjectImpl@VCOPOSSigCap@@@ATL@@UAGJKPAPAUIEnumFORMATETC@@@Z 10001708 f i SigCap.obj
 0001:00000708       ?GetCanonicalFormatEtc@?$IDataObjectImpl@VCOPOSSigCap@@@ATL@@UAGJPAUtagFORMATETC@@0@Z 10001708 f i SigCap.obj
 0001:00000708       ?QueryInterface@CRegObject@ATL@@UAGJABU_GUID@@PAPAX@Z 10001708 f i SigCap.obj
 0001:00000708       ?GetRect@?$IViewObjectExImpl@VCOPOSSigCap@@@ATL@@UAGJKPAU_RECTL@@@Z 10001708 f i SigCap.obj
 0001:00000710       ?GetViewStatus@?$IViewObjectExImpl@VCOPOSSigCap@@@ATL@@UAGJPAK@Z 10001710 f i SigCap.obj
 0001:0000072d       ?QueryHitPoint@?$IViewObjectExImpl@VCOPOSSigCap@@@ATL@@UAGJKPBUtagRECT@@UtagPOINT@@JPAK@Z 1000172d f i SigCap.obj
 0001:0000076e       ?QueryHitRect@?$IViewObjectExImpl@VCOPOSSigCap@@@ATL@@UAGJKPBUtagRECT@@0JPAK@Z 1000176e f i SigCap.obj
 0001:000007c9       ?GetNaturalExtent@?$IViewObjectExImpl@VCOPOSSigCap@@@ATL@@UAGJKJPAUtagDVTARGETDEVICE@@PAUHDC__@@PAUtagExtentInfo@@PAUtagSIZE@@@Z 100017c9 f i SigCap.obj
 0001:00000814       ?GetWindow@?$IOleInPlaceObjectWindowlessImpl@VCOPOSSigCap@@@ATL@@UAGJPAPAUHWND__@@@Z 10001814 f i SigCap.obj
 0001:00000861       ?InPlaceDeactivate@?$IOleInPlaceObjectWindowlessImpl@VCOPOSSigCap@@@ATL@@UAGJXZ 10001861 f i SigCap.obj
 0001:0000087b       ?UIDeactivate@?$IOleInPlaceObjectWindowlessImpl@VCOPOSSigCap@@@ATL@@UAGJXZ 1000187b f i SigCap.obj
 0001:00000895       ?SetObjectRects@?$IOleInPlaceObjectWindowlessImpl@VCOPOSSigCap@@@ATL@@UAGJPBUtagRECT@@0@Z 10001895 f i SigCap.obj
 0001:000008b5       ?ReactivateAndUndo@?$IOleInPlaceObjectWindowlessImpl@VCOPOSSigCap@@@ATL@@UAGJXZ 100018b5 f i SigCap.obj
 0001:000008bd       ?OnWindowMessage@?$IOleInPlaceObjectWindowlessImpl@VCOPOSSigCap@@@ATL@@UAGJIIJPAJ@Z 100018bd f i SigCap.obj
 0001:0000092d       ?EnumConnectionPoints@?$IConnectionPointContainerImpl@VCOPOSSigCap@@@ATL@@UAGJPAPAUIEnumConnectionPoints@@@Z 1000192d f i SigCap.obj
 0001:00000aa7       ?FindConnectionPoint@?$IConnectionPointContainerImpl@VCOPOSSigCap@@@ATL@@UAGJABU_GUID@@PAPAUIConnectionPoint@@@Z 10001aa7 f i SigCap.obj
 0001:00000b4a       ?GetUserClassID@?$IOleObjectImpl@VCOPOSSigCap@@@ATL@@UAGJPAU_GUID@@@Z 10001b4a f i SigCap.obj
 0001:00000b4a       ?GetClassID@?$IPersistStreamInitImpl@VCOPOSSigCap@@@ATL@@UAGJPAU_GUID@@@Z 10001b4a f i SigCap.obj
 0001:00000b4a       ?GetClassID@?$IPersistStorageImpl@VCOPOSSigCap@@@ATL@@UAGJPAU_GUID@@@Z 10001b4a f i SigCap.obj
 0001:00000b6e       ?IsDirty@?$IPersistStorageImpl@VCOPOSSigCap@@@ATL@@UAGJXZ 10001b6e f i SigCap.obj
 0001:00000ba2       ?InitNew@?$IPersistStorageImpl@VCOPOSSigCap@@@ATL@@UAGJPAUIStorage@@@Z 10001ba2 f i SigCap.obj
 0001:00000bd6       ?Load@?$IPersistStorageImpl@VCOPOSSigCap@@@ATL@@UAGJPAUIStorage@@@Z 10001bd6 f i SigCap.obj
 0001:00000c42       ?Save@?$IPersistStorageImpl@VCOPOSSigCap@@@ATL@@UAGJPAUIStorage@@H@Z 10001c42 f i SigCap.obj
 0001:00000cb5       ?OnAmbientPropertyChange@?$IOleControlImpl@VCOPOSSigCap@@@ATL@@UAGJJ@Z 10001cb5 f i SigCap.obj
 0001:00000cb5       ?EnableModeless@?$IOleInPlaceActiveObjectImpl@VCOPOSSigCap@@@ATL@@UAGJH@Z 10001cb5 f i SigCap.obj
 0001:00000cb5       ?SaveCompleted@?$IPersistStorageImpl@VCOPOSSigCap@@@ATL@@UAGJPAUIStorage@@@Z 10001cb5 f i SigCap.obj
 0001:00000cb5       ?OnFrameWindowActivate@?$IOleInPlaceActiveObjectImpl@VCOPOSSigCap@@@ATL@@UAGJH@Z 10001cb5 f i SigCap.obj
 0001:00000cba       ?HandsOffStorage@?$IPersistStorageImpl@VCOPOSSigCap@@@ATL@@UAGJXZ 10001cba f i SigCap.obj
 0001:00000cba       ?IsUpToDate@?$IOleObjectImpl@VCOPOSSigCap@@@ATL@@UAGJXZ 10001cba f i SigCap.obj
 0001:00000cba       ?Release@CRegObject@ATL@@UAGKXZ 10001cba f i SigCap.obj
 0001:00000cba       ?Update@?$IOleObjectImpl@VCOPOSSigCap@@@ATL@@UAGJXZ 10001cba f i SigCap.obj
 0001:00000cbf       ?GetPages@?$ISpecifyPropertyPagesImpl@VCOPOSSigCap@@@ATL@@UAGJPAUtagCAUUID@@@Z 10001cbf f i SigCap.obj
 0001:00000cd6       ?QuickActivate@?$IQuickActivateImpl@VCOPOSSigCap@@@ATL@@UAGJPAUtagQACONTAINER@@PAUtagQACONTROL@@@Z 10001cd6 f i SigCap.obj
 0001:00000cf9       ?SetContentExtent@?$IQuickActivateImpl@VCOPOSSigCap@@@ATL@@UAGJPAUtagSIZE@@@Z 10001cf9 f i SigCap.obj
 0001:00000d25       ?GetContentExtent@?$IQuickActivateImpl@VCOPOSSigCap@@@ATL@@UAGJPAUtagSIZE@@@Z 10001d25 f i SigCap.obj
 0001:00000d45       ?GetData@?$IDataObjectImpl@VCOPOSSigCap@@@ATL@@UAGJPAUtagFORMATETC@@PAUtagSTGMEDIUM@@@Z 10001d45 f i SigCap.obj
 0001:00000d68       ?GetMoniker@?$IOleObjectImpl@VCOPOSSigCap@@@ATL@@UAGJKKPAPAUIMoniker@@@Z 10001d68 f i SigCap.obj
 0001:00000d68       ?SetData@?$IDataObjectImpl@VCOPOSSigCap@@@ATL@@UAGJPAUtagFORMATETC@@PAUtagSTGMEDIUM@@H@Z 10001d68 f i SigCap.obj
 0001:00000d68       ?InitFromData@?$IOleObjectImpl@VCOPOSSigCap@@@ATL@@UAGJPAUIDataObject@@HK@Z 10001d68 f i SigCap.obj
 0001:00000d70       ?DAdvise@?$IDataObjectImpl@VCOPOSSigCap@@@ATL@@UAGJPAUtagFORMATETC@@KPAUIAdviseSink@@PAK@Z 10001d70 f i SigCap.obj
 0001:00000db1       ?DUnadvise@?$IDataObjectImpl@VCOPOSSigCap@@@ATL@@UAGJK@Z 10001db1 f i SigCap.obj
 0001:00000ddf       ?EnumDAdvise@?$IDataObjectImpl@VCOPOSSigCap@@@ATL@@UAGJPAPAUIEnumSTATDATA@@@Z 10001ddf f i SigCap.obj
 0001:00000e1e       ?GetClassInfoW@?$IProvideClassInfo2Impl@$1?CLSID_OPOSSigCap@@3U_GUID@@B$1?DIID__IOPOSSigCapEvents@@3U2@B$1?LIBID_OposSigCap_CCO@@3U2@B$00$0A@VCComTypeInfoHolder@ATL@@@ATL@@UAGJPAPAUITypeInfo@@@Z 10001e1e f i SigCap.obj
 0001:00000e34       ?GetGUID@?$IProvideClassInfo2Impl@$1?CLSID_OPOSSigCap@@3U_GUID@@B$1?DIID__IOPOSSigCapEvents@@3U2@B$1?LIBID_OposSigCap_CCO@@3U2@B$00$0A@VCComTypeInfoHolder@ATL@@@ATL@@UAGJKPAU_GUID@@@Z 10001e34 f i SigCap.obj
 0001:00000e72       __get_startup_argv_mode    10001e72 f i LIBCMT:argv_mode.obj
 0001:00000e72       ?FAccessAllowed@?$IObjectSafetyImpl@VCOPOSSigCap@@$02@ATL@@MAEHXZ 10001e72 f i SigCap.obj
 0001:00000e76       ?GetInterfaceSafetyOptions@?$IObjectSafetyImpl@VCOPOSSigCap@@$02@ATL@@UAGJABU_GUID@@PAK1@Z 10001e76 f i SigCap.obj
 0001:00000eea       ?SetInterfaceSafetyOptions@?$IObjectSafetyImpl@VCOPOSSigCap@@$02@ATL@@UAGJABU_GUID@@KK@Z 10001eea f i SigCap.obj
 0001:00000f64       ?_LocCPQueryInterface@?$IConnectionPointImpl@VCOPOSSigCap@@$1?IID_IPropertyNotifySink@@3U_GUID@@BVCComDynamicUnkArray@ATL@@@ATL@@UAGJABU_GUID@@PAPAX@Z 10001f64 f i SigCap.obj
 0001:00000f64       ?_LocCPQueryInterface@?$IConnectionPointImpl@VCOPOSSigCap@@$1?DIID__IOPOSSigCapEvents@@3U_GUID@@BVCComDynamicUnkArray@ATL@@@ATL@@UAGJABU_GUID@@PAPAX@Z 10001f64 f i SigCap.obj
 0001:00000fb1       ?GetConnectionInterface@?$IConnectionPointImpl@VCOPOSSigCap@@$1?IID_IPropertyNotifySink@@3U_GUID@@BVCComDynamicUnkArray@ATL@@@ATL@@UAGJPAU_GUID@@@Z 10001fb1 f i SigCap.obj
 0001:00000fd5       ?GetConnectionPointContainer@?$IConnectionPointImpl@VCOPOSSigCap@@$1?IID_IPropertyNotifySink@@3U_GUID@@BVCComDynamicUnkArray@ATL@@@ATL@@UAGJPAPAUIConnectionPointContainer@@@Z 10001fd5 f i SigCap.obj
 0001:00000ff8       ?Advise@?$IConnectionPointImpl@VCOPOSSigCap@@$1?IID_IPropertyNotifySink@@3U_GUID@@BVCComDynamicUnkArray@ATL@@@ATL@@UAGJPAUIUnknown@@PAK@Z 10001ff8 f i SigCap.obj
 0001:00000ff8       ?Advise@?$IConnectionPointImpl@VCOPOSSigCap@@$1?DIID__IOPOSSigCapEvents@@3U_GUID@@BVCComDynamicUnkArray@ATL@@@ATL@@UAGJPAUIUnknown@@PAK@Z 10001ff8 f i SigCap.obj
 0001:00001099       ?Unadvise@?$IConnectionPointImpl@VCOPOSSigCap@@$1?DIID__IOPOSSigCapEvents@@3U_GUID@@BVCComDynamicUnkArray@ATL@@@ATL@@UAGJK@Z 10002099 f i SigCap.obj
 0001:00001099       ?Unadvise@?$IConnectionPointImpl@VCOPOSSigCap@@$1?IID_IPropertyNotifySink@@3U_GUID@@BVCComDynamicUnkArray@ATL@@@ATL@@UAGJK@Z 10002099 f i SigCap.obj
 0001:000010d9       ?EnumConnections@?$IConnectionPointImpl@VCOPOSSigCap@@$1?IID_IPropertyNotifySink@@3U_GUID@@BVCComDynamicUnkArray@ATL@@@ATL@@UAGJPAPAUIEnumConnections@@@Z 100020d9 f i SigCap.obj
 0001:000010d9       ?EnumConnections@?$IConnectionPointImpl@VCOPOSSigCap@@$1?DIID__IOPOSSigCapEvents@@3U_GUID@@BVCComDynamicUnkArray@ATL@@@ATL@@UAGJPAPAUIEnumConnections@@@Z 100020d9 f i SigCap.obj
 0001:000011df       ?GetCategoryMap@CComObjectRootBase@ATL@@SAPBU_ATL_CATMAP_ENTRY@2@XZ 100021df f i SigCap.obj
 0001:000011df       ?GetObjectDescription@?$CComCoClass@VCOPOSSigCap@@$1?CLSID_OPOSSigCap@@3U_GUID@@B@ATL@@SGPB_WXZ 100021df f i SigCap.obj
 0001:000011e2       ?GetConnectionInterface@?$IConnectionPointImpl@VCOPOSSigCap@@$1?DIID__IOPOSSigCapEvents@@3U_GUID@@BVCComDynamicUnkArray@ATL@@@ATL@@UAGJPAU_GUID@@@Z 100021e2 f i SigCap.obj
 0001:00001206       ?GetConnectionPointContainer@?$IConnectionPointImpl@VCOPOSSigCap@@$1?DIID__IOPOSSigCapEvents@@3U_GUID@@BVCComDynamicUnkArray@ATL@@@ATL@@UAGJPAPAUIConnectionPointContainer@@@Z 10002206 f i SigCap.obj
 0001:00001229       ?UpdateRegistry@COPOSSigCap@@SGJH@Z 10002229 f i SigCap.obj
 0001:00001241       ?ProcessWindowMessage@COPOSSigCap@@UAEHPAUHWND__@@IIJAAJK@Z 10002241 f i SigCap.obj
 0001:0000128a       ?SOData@COPOSSigCap@@MAGJJ@Z 1000228a f i SigCap.obj
 0001:000012c3       ?SODirectIO@COPOSSigCap@@MAGJJPAJPAPA_W@Z 100022c3 f i SigCap.obj
 0001:0000130c       ?SOError@COPOSSigCap@@MAGJJJJPAJ@Z 1000230c f i SigCap.obj
 0001:00001361       ?SOStatusUpdate@COPOSSigCap@@MAGJJ@Z 10002361 f i SigCap.obj
 0001:0000139a       ?AddRef@CRegObject@ATL@@UAGKXZ 1000239a f i SigCap.obj
 0001:000013a0       ?AddReplacement@CRegObject@ATL@@UAGJPB_W0@Z 100023a0 f i SigCap.obj
 0001:000013d9       ?ClearReplacements@CRegObject@ATL@@UAGJXZ 100023d9 f i SigCap.obj
 0001:000013eb       ?CreateInstance@?$CComCreator@V?$CComObjectCached@VCComClassFactory@ATL@@@ATL@@@ATL@@SGJPAXABU_GUID@@PAPAX@Z 100023eb f i SigCap.obj
 0001:0000147e       ?CreateInstance@?$CComCreator2@V?$CComCreator@V?$CComObject@VCOPOSSigCap@@@ATL@@@ATL@@V?$CComCreator@V?$CComAggObject@VCOPOSSigCap@@@ATL@@@2@@ATL@@SGJPAXABU_GUID@@PAPAX@Z 1000247e f i SigCap.obj
 0001:0000149e       ??_GCRegObject@ATL@@UAEPAXI@Z 1000249e f i SigCap.obj
 0001:0000149e       ??_ECRegObject@ATL@@UAEPAXI@Z 1000249e f i SigCap.obj
 0001:000014c0       ?Next@?$CComEnumImpl@UIEnumConnectionPoints@@$1?_GUID_b196b285_bab4_101a_b69c_00aa00341d07@@3U__s_GUID@@BPAUIConnectionPoint@@V?$_CopyInterface@UIConnectionPoint@@@ATL@@@ATL@@UAGJKPAPAUIConnectionPoint@@PAK@Z 100024c0 f i SigCap.obj
 0001:00001597       ?Skip@?$CComEnumImpl@UIEnumConnectionPoints@@$1?_GUID_b196b285_bab4_101a_b69c_00aa00341d07@@3U__s_GUID@@BPAUIConnectionPoint@@V?$_CopyInterface@UIConnectionPoint@@@ATL@@@ATL@@UAGJK@Z 10002597 f i SigCap.obj
 0001:000015c4       ?Reset@?$CComEnumImpl@UIEnumConnections@@$1?_GUID_b196b287_bab4_101a_b69c_00aa00341d07@@3U__s_GUID@@BUtagCONNECTDATA@@V?$_Copy@UtagCONNECTDATA@@@ATL@@@ATL@@UAGJXZ 100025c4 f i SigCap.obj
 0001:000015c4       ?Reset@?$CComEnumImpl@UIEnumConnectionPoints@@$1?_GUID_b196b285_bab4_101a_b69c_00aa00341d07@@3U__s_GUID@@BPAUIConnectionPoint@@V?$_CopyInterface@UIConnectionPoint@@@ATL@@@ATL@@UAGJXZ 100025c4 f i SigCap.obj
 0001:000015d6       ?Clone@?$CComEnumImpl@UIEnumConnectionPoints@@$1?_GUID_b196b285_bab4_101a_b69c_00aa00341d07@@3U__s_GUID@@BPAUIConnectionPoint@@V?$_CopyInterface@UIConnectionPoint@@@ATL@@@ATL@@UAGJPAPAUIEnumConnectionPoints@@@Z 100025d6 f i SigCap.obj
 0001:000016b5       ?AddRef@?$CComObject@V?$CComEnum@UIEnumConnectionPoints@@$1?_GUID_b196b285_bab4_101a_b69c_00aa00341d07@@3U__s_GUID@@BPAUIConnectionPoint@@V?$_CopyInterface@UIConnectionPoint@@@ATL@@VCComSingleThreadModel@6@@ATL@@@ATL@@UAGKXZ 100026b5 f i SigCap.obj
 0001:000016b5       ?AddRef@?$CComObject@V?$CComEnum@UIEnumConnections@@$1?_GUID_b196b287_bab4_101a_b69c_00aa00341d07@@3U__s_GUID@@BUtagCONNECTDATA@@V?$_Copy@UtagCONNECTDATA@@@ATL@@VCComSingleThreadModel@6@@ATL@@@ATL@@UAGKXZ 100026b5 f i SigCap.obj
 0001:000016c6       ?Release@?$CComObject@V?$CComEnum@UIEnumConnections@@$1?_GUID_b196b287_bab4_101a_b69c_00aa00341d07@@3U__s_GUID@@BUtagCONNECTDATA@@V?$_Copy@UtagCONNECTDATA@@@ATL@@VCComSingleThreadModel@6@@ATL@@@ATL@@UAGKXZ 100026c6 f i SigCap.obj
 0001:000016c6       ?Release@?$CComObject@V?$CComEnum@UIEnumConnectionPoints@@$1?_GUID_b196b285_bab4_101a_b69c_00aa00341d07@@3U__s_GUID@@BPAUIConnectionPoint@@V?$_CopyInterface@UIConnectionPoint@@@ATL@@VCComSingleThreadModel@6@@ATL@@@ATL@@UAGKXZ 100026c6 f i SigCap.obj
 0001:00001702       ?QueryInterface@?$CComObject@V?$CComEnum@UIEnumConnectionPoints@@$1?_GUID_b196b285_bab4_101a_b69c_00aa00341d07@@3U__s_GUID@@BPAUIConnectionPoint@@V?$_CopyInterface@UIConnectionPoint@@@ATL@@VCComSingleThreadModel@6@@ATL@@@ATL@@UAGJABU_GUID@@PAPAX@Z 10002702 f i SigCap.obj
 0001:0000171c       ??_G?$CComObject@V?$CComEnum@UIEnumConnectionPoints@@$1?_GUID_b196b285_bab4_101a_b69c_00aa00341d07@@3U__s_GUID@@BPAUIConnectionPoint@@V?$_CopyInterface@UIConnectionPoint@@@ATL@@VCComSingleThreadModel@6@@ATL@@@ATL@@UAEPAXI@Z 1000271c f i SigCap.obj
 0001:0000171c       ??_E?$CComObject@V?$CComEnum@UIEnumConnectionPoints@@$1?_GUID_b196b285_bab4_101a_b69c_00aa00341d07@@3U__s_GUID@@BPAUIConnectionPoint@@V?$_CopyInterface@UIConnectionPoint@@@ATL@@VCComSingleThreadModel@6@@ATL@@@ATL@@UAEPAXI@Z 1000271c f i SigCap.obj
 0001:0000173e       ?AddRef@?$CComObjectCached@VCComClassFactory@ATL@@@ATL@@UAGKXZ 1000273e f i SigCap.obj
 0001:00001765       ?Release@?$CComObjectCached@VCComClassFactory@ATL@@@ATL@@UAGKXZ 10002765 f i SigCap.obj
 0001:0000179b       ?QueryInterface@?$CComObjectCached@VCComClassFactory@ATL@@@ATL@@UAGJABU_GUID@@PAPAX@Z 1000279b f i SigCap.obj
 0001:000017b5       ??_E?$CComObjectCached@VCComClassFactory@ATL@@@ATL@@UAEPAXI@Z 100027b5 f i SigCap.obj
 0001:000017b5       ??_G?$CComObjectCached@VCComClassFactory@ATL@@@ATL@@UAEPAXI@Z 100027b5 f i SigCap.obj
 0001:000017d7       ?AddRef@?$CComAggObject@VCOPOSSigCap@@@ATL@@UAGKXZ 100027d7 f i SigCap.obj
 0001:000017e8       ?Release@?$CComAggObject@VCOPOSSigCap@@@ATL@@UAGKXZ 100027e8 f i SigCap.obj
 0001:00001824       ?QueryInterface@?$CComAggObject@VCOPOSSigCap@@@ATL@@UAGJABU_GUID@@PAPAX@Z 10002824 f i SigCap.obj
 0001:00001873       ?AddRef@?$CComContainedObject@VCOPOSSigCap@@@ATL@@UAGKXZ 10002873 f i SigCap.obj
 0001:00001889       ?Release@?$CComContainedObject@VCOPOSSigCap@@@ATL@@UAGKXZ 10002889 f i SigCap.obj
 0001:0000189f       ?QueryInterface@?$CComContainedObject@VCOPOSSigCap@@@ATL@@UAGJABU_GUID@@PAPAX@Z 1000289f f i SigCap.obj
 0001:000018ba       ??_E?$CComAggObject@VCOPOSSigCap@@@ATL@@UAEPAXI@Z 100028ba f i SigCap.obj
 0001:000018ba       ??_G?$CComAggObject@VCOPOSSigCap@@@ATL@@UAEPAXI@Z 100028ba f i SigCap.obj
 0001:000018df       ?AddRef@?$CComObject@VCOPOSSigCap@@@ATL@@UAGKXZ 100028df f i SigCap.obj
 0001:000018f6       ?Release@?$CComObject@VCOPOSSigCap@@@ATL@@UAGKXZ 100028f6 f i SigCap.obj
 0001:00001938       ?QueryInterface@?$CComObject@VCOPOSSigCap@@@ATL@@UAGJABU_GUID@@PAPAX@Z 10002938 f i SigCap.obj
 0001:00001952       ?ObjectMain@CComObjectRootBase@ATL@@SGX_N@Z 10002952 f i SigCap.obj
 0001:00001952       ?OnFinalMessage@?$CWindowImplBaseT@VCWindow@ATL@@V?$CWinTraits@$0FGAAAAAA@$0A@@2@@ATL@@UAEXPAUHWND__@@@Z 10002952 f i SigCap.obj
 0001:00001955       ?OnDrawAdvanced@CComControlBase@ATL@@UAEJAAUATL_DRAWINFO@@@Z 10002955 f i SigCap.obj
 0001:00001a44       ?CreateInstance@CComClassFactory@ATL@@UAGJPAUIUnknown@@ABU_GUID@@PAPAX@Z 10002a44 f i SigCap.obj
 0001:00001a82       ?LockServer@CComClassFactory@ATL@@UAGJH@Z 10002a82 f i SigCap.obj
 0001:00001aa1       ??_ECComClassFactory@ATL@@UAEPAXI@Z 10002aa1 f i SigCap.obj
 0001:00001aa1       ??_GCComClassFactory@ATL@@UAEPAXI@Z 10002aa1 f i SigCap.obj
 0001:00001acc       ?Next@?$CComEnumImpl@UIEnumConnections@@$1?_GUID_b196b287_bab4_101a_b69c_00aa00341d07@@3U__s_GUID@@BUtagCONNECTDATA@@V?$_Copy@UtagCONNECTDATA@@@ATL@@@ATL@@UAGJKPAUtagCONNECTDATA@@PAK@Z 10002acc f i SigCap.obj
 0001:00001ba3       ?Skip@?$CComEnumImpl@UIEnumConnections@@$1?_GUID_b196b287_bab4_101a_b69c_00aa00341d07@@3U__s_GUID@@BUtagCONNECTDATA@@V?$_Copy@UtagCONNECTDATA@@@ATL@@@ATL@@UAGJK@Z 10002ba3 f i SigCap.obj
 0001:00001bd0       ?Clone@?$CComEnumImpl@UIEnumConnections@@$1?_GUID_b196b287_bab4_101a_b69c_00aa00341d07@@3U__s_GUID@@BUtagCONNECTDATA@@V?$_Copy@UtagCONNECTDATA@@@ATL@@@ATL@@UAGJPAPAUIEnumConnections@@@Z 10002bd0 f i SigCap.obj
 0001:00001caf       ?QueryInterface@?$CComObject@V?$CComEnum@UIEnumConnections@@$1?_GUID_b196b287_bab4_101a_b69c_00aa00341d07@@3U__s_GUID@@BUtagCONNECTDATA@@V?$_Copy@UtagCONNECTDATA@@@ATL@@VCComSingleThreadModel@6@@ATL@@@ATL@@UAGJABU_GUID@@PAPAX@Z 10002caf f i SigCap.obj
 0001:00001cc9       ??_E?$CComObject@V?$CComEnum@UIEnumConnections@@$1?_GUID_b196b287_bab4_101a_b69c_00aa00341d07@@3U__s_GUID@@BUtagCONNECTDATA@@V?$_Copy@UtagCONNECTDATA@@@ATL@@VCComSingleThreadModel@6@@ATL@@@ATL@@UAEPAXI@Z 10002cc9 f i SigCap.obj
 0001:00001cc9       ??_G?$CComObject@V?$CComEnum@UIEnumConnections@@$1?_GUID_b196b287_bab4_101a_b69c_00aa00341d07@@3U__s_GUID@@BUtagCONNECTDATA@@V?$_Copy@UtagCONNECTDATA@@@ATL@@VCComSingleThreadModel@6@@ATL@@@ATL@@UAEPAXI@Z 10002cc9 f i SigCap.obj
 0001:00001ceb       ??_E?$CComObject@VCOPOSSigCap@@@ATL@@W3AEPAXI@Z 10002ceb f i SigCap.obj
 0001:00001cf3       ??_E?$CComObject@VCOPOSSigCap@@@ATL@@WEM@AEPAXI@Z 10002cf3 f i SigCap.obj
 0001:00001cfb       ?QueryInterface@?$CComObject@VCOPOSSigCap@@@ATL@@WHA@AGJABU_GUID@@PAPAX@Z 10002cfb f i SigCap.obj
 0001:00001d05       ?AddRef@?$CComObject@VCOPOSSigCap@@@ATL@@WHA@AGKXZ 10002d05 f i SigCap.obj
 0001:00001d0f       ?Release@?$CComObject@VCOPOSSigCap@@@ATL@@WHA@AGKXZ 10002d0f f i SigCap.obj
 0001:00001d19       ?QueryInterface@?$CComObject@VCOPOSSigCap@@@ATL@@WHE@AGJABU_GUID@@PAPAX@Z 10002d19 f i SigCap.obj
 0001:00001d23       ?AddRef@?$CComObject@VCOPOSSigCap@@@ATL@@WHE@AGKXZ 10002d23 f i SigCap.obj
 0001:00001d2d       ?Release@?$CComObject@VCOPOSSigCap@@@ATL@@WHE@AGKXZ 10002d2d f i SigCap.obj
 0001:00001d37       ?QueryInterface@?$CComObject@VCOPOSSigCap@@@ATL@@WHI@AGJABU_GUID@@PAPAX@Z 10002d37 f i SigCap.obj
 0001:00001d41       ?AddRef@?$CComObject@VCOPOSSigCap@@@ATL@@WHI@AGKXZ 10002d41 f i SigCap.obj
 0001:00001d4b       ?Release@?$CComObject@VCOPOSSigCap@@@ATL@@WHI@AGKXZ 10002d4b f i SigCap.obj
 0001:00001d55       ?QueryInterface@?$CComObject@VCOPOSSigCap@@@ATL@@WHM@AGJABU_GUID@@PAPAX@Z 10002d55 f i SigCap.obj
 0001:00001d5f       ?AddRef@?$CComObject@VCOPOSSigCap@@@ATL@@WHM@AGKXZ 10002d5f f i SigCap.obj
 0001:00001d69       ?Release@?$CComObject@VCOPOSSigCap@@@ATL@@WHM@AGKXZ 10002d69 f i SigCap.obj
 0001:00001d73       ?QueryInterface@?$CComObject@VCOPOSSigCap@@@ATL@@WIA@AGJABU_GUID@@PAPAX@Z 10002d73 f i SigCap.obj
 0001:00001d80       ?AddRef@?$CComObject@VCOPOSSigCap@@@ATL@@WIA@AGKXZ 10002d80 f i SigCap.obj
 0001:00001d8d       ?Release@?$CComObject@VCOPOSSigCap@@@ATL@@WIA@AGKXZ 10002d8d f i SigCap.obj
 0001:00001d9a       ?QueryInterface@?$CComObject@VCOPOSSigCap@@@ATL@@WIE@AGJABU_GUID@@PAPAX@Z 10002d9a f i SigCap.obj
 0001:00001da7       ?AddRef@?$CComObject@VCOPOSSigCap@@@ATL@@WIE@AGKXZ 10002da7 f i SigCap.obj
 0001:00001db4       ?Release@?$CComObject@VCOPOSSigCap@@@ATL@@WIE@AGKXZ 10002db4 f i SigCap.obj
 0001:00001dc1       ?QueryInterface@?$CComObject@VCOPOSSigCap@@@ATL@@WII@AGJABU_GUID@@PAPAX@Z 10002dc1 f i SigCap.obj
 0001:00001dce       ?AddRef@?$CComObject@VCOPOSSigCap@@@ATL@@WII@AGKXZ 10002dce f i SigCap.obj
 0001:00001ddb       ?Release@?$CComObject@VCOPOSSigCap@@@ATL@@WII@AGKXZ 10002ddb f i SigCap.obj
 0001:00001de8       ?QueryInterface@?$CComObject@VCOPOSSigCap@@@ATL@@WIM@AGJABU_GUID@@PAPAX@Z 10002de8 f i SigCap.obj
 0001:00001df5       ?AddRef@?$CComObject@VCOPOSSigCap@@@ATL@@WIM@AGKXZ 10002df5 f i SigCap.obj
 0001:00001e02       ?Release@?$CComObject@VCOPOSSigCap@@@ATL@@WIM@AGKXZ 10002e02 f i SigCap.obj
 0001:00001e0f       ?QueryInterface@?$CComObject@VCOPOSSigCap@@@ATL@@WJA@AGJABU_GUID@@PAPAX@Z 10002e0f f i SigCap.obj
 0001:00001e1c       ?AddRef@?$CComObject@VCOPOSSigCap@@@ATL@@WJA@AGKXZ 10002e1c f i SigCap.obj
 0001:00001e29       ?Release@?$CComObject@VCOPOSSigCap@@@ATL@@WJA@AGKXZ 10002e29 f i SigCap.obj
 0001:00001e36       ?QueryInterface@?$CComObject@VCOPOSSigCap@@@ATL@@WJE@AGJABU_GUID@@PAPAX@Z 10002e36 f i SigCap.obj
 0001:00001e43       ?AddRef@?$CComObject@VCOPOSSigCap@@@ATL@@WJE@AGKXZ 10002e43 f i SigCap.obj
 0001:00001e50       ?Release@?$CComObject@VCOPOSSigCap@@@ATL@@WJE@AGKXZ 10002e50 f i SigCap.obj
 0001:00001e5d       ?QueryInterface@?$CComObject@VCOPOSSigCap@@@ATL@@WJI@AGJABU_GUID@@PAPAX@Z 10002e5d f i SigCap.obj
 0001:00001e6a       ?AddRef@?$CComObject@VCOPOSSigCap@@@ATL@@WJI@AGKXZ 10002e6a f i SigCap.obj
 0001:00001e77       ?Release@?$CComObject@VCOPOSSigCap@@@ATL@@WJI@AGKXZ 10002e77 f i SigCap.obj
 0001:00001e84       ?QueryInterface@?$CComObject@VCOPOSSigCap@@@ATL@@WJM@AGJABU_GUID@@PAPAX@Z 10002e84 f i SigCap.obj
 0001:00001e91       ?AddRef@?$CComObject@VCOPOSSigCap@@@ATL@@WJM@AGKXZ 10002e91 f i SigCap.obj
 0001:00001e9e       ?Release@?$CComObject@VCOPOSSigCap@@@ATL@@WJM@AGKXZ 10002e9e f i SigCap.obj
 0001:00001eab       ?QueryInterface@?$CComObject@VCOPOSSigCap@@@ATL@@WKA@AGJABU_GUID@@PAPAX@Z 10002eab f i SigCap.obj
 0001:00001eb8       ?AddRef@?$CComObject@VCOPOSSigCap@@@ATL@@WKA@AGKXZ 10002eb8 f i SigCap.obj
 0001:00001ec5       ?Release@?$CComObject@VCOPOSSigCap@@@ATL@@WKA@AGKXZ 10002ec5 f i SigCap.obj
 0001:00001ed2       ?AddRef@?$CComObject@VCOPOSSigCap@@@ATL@@WKI@AGKXZ 10002ed2 f i SigCap.obj
 0001:00001edf       ?Release@?$CComObject@VCOPOSSigCap@@@ATL@@WKI@AGKXZ 10002edf f i SigCap.obj
 0001:00001eec       ?AddRef@?$CComObject@VCOPOSSigCap@@@ATL@@WLE@AGKXZ 10002eec f i SigCap.obj
 0001:00001ef9       ?Release@?$CComObject@VCOPOSSigCap@@@ATL@@WLE@AGKXZ 10002ef9 f i SigCap.obj
 0001:00001f06       ??_E?$CComContainedObject@VCOPOSSigCap@@@ATL@@W3AEPAXI@Z 10002f06 f i SigCap.obj
 0001:00001f0e       ??_E?$CComContainedObject@VCOPOSSigCap@@@ATL@@WEM@AEPAXI@Z 10002f0e f i SigCap.obj
 0001:00001f16       ?QueryInterface@?$CComContainedObject@VCOPOSSigCap@@@ATL@@WHA@AGJABU_GUID@@PAPAX@Z 10002f16 f i SigCap.obj
 0001:00001f20       ?AddRef@?$CComContainedObject@VCOPOSSigCap@@@ATL@@WHA@AGKXZ 10002f20 f i SigCap.obj
 0001:00001f2a       ?Release@?$CComContainedObject@VCOPOSSigCap@@@ATL@@WHA@AGKXZ 10002f2a f i SigCap.obj
 0001:00001f34       ?QueryInterface@?$CComContainedObject@VCOPOSSigCap@@@ATL@@WHE@AGJABU_GUID@@PAPAX@Z 10002f34 f i SigCap.obj
 0001:00001f3e       ?AddRef@?$CComContainedObject@VCOPOSSigCap@@@ATL@@WHE@AGKXZ 10002f3e f i SigCap.obj
 0001:00001f48       ?Release@?$CComContainedObject@VCOPOSSigCap@@@ATL@@WHE@AGKXZ 10002f48 f i SigCap.obj
 0001:00001f52       ?QueryInterface@?$CComContainedObject@VCOPOSSigCap@@@ATL@@WHI@AGJABU_GUID@@PAPAX@Z 10002f52 f i SigCap.obj
 0001:00001f5c       ?AddRef@?$CComContainedObject@VCOPOSSigCap@@@ATL@@WHI@AGKXZ 10002f5c f i SigCap.obj
 0001:00001f66       ?Release@?$CComContainedObject@VCOPOSSigCap@@@ATL@@WHI@AGKXZ 10002f66 f i SigCap.obj
 0001:00001f70       ?QueryInterface@?$CComContainedObject@VCOPOSSigCap@@@ATL@@WHM@AGJABU_GUID@@PAPAX@Z 10002f70 f i SigCap.obj
 0001:00001f7a       ?AddRef@?$CComContainedObject@VCOPOSSigCap@@@ATL@@WHM@AGKXZ 10002f7a f i SigCap.obj
 0001:00001f84       ?Release@?$CComContainedObject@VCOPOSSigCap@@@ATL@@WHM@AGKXZ 10002f84 f i SigCap.obj
 0001:00001f8e       ?QueryInterface@?$CComContainedObject@VCOPOSSigCap@@@ATL@@WIA@AGJABU_GUID@@PAPAX@Z 10002f8e f i SigCap.obj
 0001:00001f9b       ?AddRef@?$CComContainedObject@VCOPOSSigCap@@@ATL@@WIA@AGKXZ 10002f9b f i SigCap.obj
 0001:00001fa8       ?Release@?$CComContainedObject@VCOPOSSigCap@@@ATL@@WIA@AGKXZ 10002fa8 f i SigCap.obj
 0001:00001fb5       ?QueryInterface@?$CComContainedObject@VCOPOSSigCap@@@ATL@@WIE@AGJABU_GUID@@PAPAX@Z 10002fb5 f i SigCap.obj
 0001:00001fc2       ?AddRef@?$CComContainedObject@VCOPOSSigCap@@@ATL@@WIE@AGKXZ 10002fc2 f i SigCap.obj
 0001:00001fcf       ?Release@?$CComContainedObject@VCOPOSSigCap@@@ATL@@WIE@AGKXZ 10002fcf f i SigCap.obj
 0001:00001fdc       ?QueryInterface@?$CComContainedObject@VCOPOSSigCap@@@ATL@@WII@AGJABU_GUID@@PAPAX@Z 10002fdc f i SigCap.obj
 0001:00001fe9       ?AddRef@?$CComContainedObject@VCOPOSSigCap@@@ATL@@WII@AGKXZ 10002fe9 f i SigCap.obj
 0001:00001ff6       ?Release@?$CComContainedObject@VCOPOSSigCap@@@ATL@@WII@AGKXZ 10002ff6 f i SigCap.obj
 0001:00002003       ?QueryInterface@?$CComContainedObject@VCOPOSSigCap@@@ATL@@WIM@AGJABU_GUID@@PAPAX@Z 10003003 f i SigCap.obj
 0001:00002010       ?AddRef@?$CComContainedObject@VCOPOSSigCap@@@ATL@@WIM@AGKXZ 10003010 f i SigCap.obj
 0001:0000201d       ?Release@?$CComContainedObject@VCOPOSSigCap@@@ATL@@WIM@AGKXZ 1000301d f i SigCap.obj
 0001:0000202a       ?QueryInterface@?$CComContainedObject@VCOPOSSigCap@@@ATL@@WJA@AGJABU_GUID@@PAPAX@Z 1000302a f i SigCap.obj
 0001:00002037       ?AddRef@?$CComContainedObject@VCOPOSSigCap@@@ATL@@WJA@AGKXZ 10003037 f i SigCap.obj
 0001:00002044       ?Release@?$CComContainedObject@VCOPOSSigCap@@@ATL@@WJA@AGKXZ 10003044 f i SigCap.obj
 0001:00002051       ?QueryInterface@?$CComContainedObject@VCOPOSSigCap@@@ATL@@WJE@AGJABU_GUID@@PAPAX@Z 10003051 f i SigCap.obj
 0001:0000205e       ?AddRef@?$CComContainedObject@VCOPOSSigCap@@@ATL@@WJE@AGKXZ 1000305e f i SigCap.obj
 0001:0000206b       ?Release@?$CComContainedObject@VCOPOSSigCap@@@ATL@@WJE@AGKXZ 1000306b f i SigCap.obj
 0001:00002078       ?QueryInterface@?$CComContainedObject@VCOPOSSigCap@@@ATL@@WJI@AGJABU_GUID@@PAPAX@Z 10003078 f i SigCap.obj
 0001:00002085       ?AddRef@?$CComContainedObject@VCOPOSSigCap@@@ATL@@WJI@AGKXZ 10003085 f i SigCap.obj
 0001:00002092       ?Release@?$CComContainedObject@VCOPOSSigCap@@@ATL@@WJI@AGKXZ 10003092 f i SigCap.obj
 0001:0000209f       ?QueryInterface@?$CComContainedObject@VCOPOSSigCap@@@ATL@@WJM@AGJABU_GUID@@PAPAX@Z 1000309f f i SigCap.obj
 0001:000020ac       ?AddRef@?$CComContainedObject@VCOPOSSigCap@@@ATL@@WJM@AGKXZ 100030ac f i SigCap.obj
 0001:000020b9       ?Release@?$CComContainedObject@VCOPOSSigCap@@@ATL@@WJM@AGKXZ 100030b9 f i SigCap.obj
 0001:000020c6       ?QueryInterface@?$CComContainedObject@VCOPOSSigCap@@@ATL@@WKA@AGJABU_GUID@@PAPAX@Z 100030c6 f i SigCap.obj
 0001:000020d3       ?AddRef@?$CComContainedObject@VCOPOSSigCap@@@ATL@@WKA@AGKXZ 100030d3 f i SigCap.obj
 0001:000020e0       ?Release@?$CComContainedObject@VCOPOSSigCap@@@ATL@@WKA@AGKXZ 100030e0 f i SigCap.obj
 0001:000020ed       ?AddRef@?$CComContainedObject@VCOPOSSigCap@@@ATL@@WKI@AGKXZ 100030ed f i SigCap.obj
 0001:000020fa       ?Release@?$CComContainedObject@VCOPOSSigCap@@@ATL@@WKI@AGKXZ 100030fa f i SigCap.obj
 0001:00002107       ?AddRef@?$CComContainedObject@VCOPOSSigCap@@@ATL@@WLE@AGKXZ 10003107 f i SigCap.obj
 0001:00002114       ?Release@?$CComContainedObject@VCOPOSSigCap@@@ATL@@WLE@AGKXZ 10003114 f i SigCap.obj
 0001:00002121       ?Lock@CAtlModule@ATL@@UAEJXZ 10003121 f i SigCap.obj
 0001:0000212b       ?Unlock@CAtlModule@ATL@@UAEJXZ 1000312b f i SigCap.obj
 0001:00002135       ?GetLockCount@CAtlModule@ATL@@UAEJXZ 10003135 f i SigCap.obj
 0001:00002139       ?GetGITPtr@CAtlModule@ATL@@UAEJPAPAUIGlobalInterfaceTable@@@Z 10003139 f i SigCap.obj
 0001:00002185       ?GetWindowProc@?$CWindowImplBaseT@VCWindow@ATL@@V?$CWinTraits@$0FGAAAAAA@$0A@@2@@ATL@@UAEP6GJPAUHWND__@@IIJ@ZXZ 10003185 f i SigCap.obj
 0001:0000218b       ?StartWindowProc@?$CWindowImplBaseT@VCWindow@ATL@@V?$CWinTraits@$0FGAAAAAA@$0A@@2@@ATL@@SGJPAUHWND__@@IIJ@Z 1000318b f i SigCap.obj
 0001:000021df       ?AddCommonRGSReplacements@?$CAtlModuleT@VCComModule@ATL@@@ATL@@UAEJPAUIRegistrarBase@@@Z 100031df f i SigCap.obj
 0001:000021f9       ?GetTypeInfoCount@?$IDispatchImpl@UIOPOSSigCap@@$1?IID_IOPOSSigCap@@3U_GUID@@B$1?LIBID_OposSigCap_CCO@@3U3@B$00$0A@VCComTypeInfoHolder@ATL@@@ATL@@UAGJPAI@Z 100031f9 f i SigCap.obj
 0001:00002216       ?GetTypeInfo@?$IDispatchImpl@UIOPOSSigCap@@$1?IID_IOPOSSigCap@@3U_GUID@@B$1?LIBID_OposSigCap_CCO@@3U3@B$00$0A@VCComTypeInfoHolder@ATL@@@ATL@@UAGJIKPAPAUITypeInfo@@@Z 10003216 f i SigCap.obj
 0001:0000223a       ?GetIDsOfNames@?$IDispatchImpl@UIOPOSSigCap@@$1?IID_IOPOSSigCap@@3U_GUID@@B$1?LIBID_OposSigCap_CCO@@3U3@B$00$0A@VCComTypeInfoHolder@ATL@@@ATL@@UAGJABU_GUID@@PAPA_WIKPAJ@Z 1000323a f i SigCap.obj
 0001:0000225a       ?Invoke@?$IDispatchImpl@UIOPOSSigCap@@$1?IID_IOPOSSigCap@@3U_GUID@@B$1?LIBID_OposSigCap_CCO@@3U3@B$00$0A@VCComTypeInfoHolder@ATL@@@ATL@@UAGJJABU_GUID@@KGPAUtagDISPPARAMS@@PAUtagVARIANT@@PAUtagEXCEPINFO@@PAI@Z 1000325a f i SigCap.obj
 0001:00002268       ?UpdateRegistryFromResourceD@CComModule@ATL@@UAGJPB_WHPAU_ATL_REGMAP_ENTRY@2@@Z 10003268 f i SigCap.obj
 0001:00002268       ?UpdateRegistryFromResourceD@CComModule@ATL@@UAGJIHPAU_ATL_REGMAP_ENTRY@2@@Z 10003268 f i SigCap.obj
 0001:00002270       ?UpdateRegistryFromResource@CComModule@ATL@@UAGJPB_WHPAU_ATL_REGMAP_ENTRY@2@@Z 10003270 f i SigCap.obj
 0001:00002279       ?UpdateRegistryFromResource@CComModule@ATL@@UAGJIHPAU_ATL_REGMAP_ENTRY@2@@Z 10003279 f i SigCap.obj
 0001:00002282       ?CreateControlWindow@?$CComControl@VCOPOSSigCap@@V?$CWindowImpl@VCOPOSSigCap@@VCWindow@ATL@@V?$CWinTraits@$0FGAAAAAA@$0A@@3@@ATL@@@ATL@@UAEPAUHWND__@@PAU3@AAUtagRECT@@@Z 10003282 f i SigCap.obj
 0001:000022b1       ?ControlQueryInterface@?$CComControl@VCOPOSSigCap@@V?$CWindowImpl@VCOPOSSigCap@@VCWindow@ATL@@V?$CWinTraits@$0FGAAAAAA@$0A@@3@@ATL@@@ATL@@UAEJABU_GUID@@PAPAX@Z 100032b1 f i SigCap.obj
 0001:000022cc       ?IsDirty@?$IPersistStreamInitImpl@VCOPOSSigCap@@@ATL@@UAGJXZ 100032cc f i SigCap.obj
 0001:000022eb       ??_GCComModule@ATL@@UAEPAXI@Z 100032eb f i SigCap.obj
 0001:000022eb       ??_ECComModule@ATL@@UAEPAXI@Z 100032eb f i SigCap.obj
 0001:00002313       ?Load@?$IPersistStreamInitImpl@VCOPOSSigCap@@@ATL@@UAGJPAUIStream@@@Z 10003313 f i SigCap.obj
 0001:00002332       ?Save@?$IPersistStreamInitImpl@VCOPOSSigCap@@@ATL@@UAGJPAUIStream@@H@Z 10003332 f i SigCap.obj
 0001:00002354       ?GetSizeMax@?$IPersistStreamInitImpl@VCOPOSSigCap@@@ATL@@UAGJPAT_ULARGE_INTEGER@@@Z 10003354 f i SigCap.obj
 0001:00002509       ?InitNew@?$IPersistStreamInitImpl@VCOPOSSigCap@@@ATL@@UAGJXZ 10003509 f i SigCap.obj
 0001:00002526       ?SetClientSite@?$IOleObjectImpl@VCOPOSSigCap@@@ATL@@UAGJPAUIOleClientSite@@@Z 10003526 f i SigCap.obj
 0001:00002543       ?GetClientSite@?$IOleObjectImpl@VCOPOSSigCap@@@ATL@@UAGJPAPAUIOleClientSite@@@Z 10003543 f i SigCap.obj
 0001:00002560       ?SetHostNames@?$IOleObjectImpl@VCOPOSSigCap@@@ATL@@UAGJPB_W0@Z 10003560 f i SigCap.obj
 0001:00002565       ?Close@?$IOleObjectImpl@VCOPOSSigCap@@@ATL@@UAGJK@Z 10003565 f i SigCap.obj
 0001:00002582       ?DoVerb@?$IOleObjectImpl@VCOPOSSigCap@@@ATL@@UAGJJPAUtagMSG@@PAUIOleClientSite@@JPAUHWND__@@PBUtagRECT@@@Z 10003582 f i SigCap.obj
 0001:0000269a       ?EnumVerbs@?$IOleObjectImpl@VCOPOSSigCap@@@ATL@@UAGJPAPAUIEnumOLEVERB@@@Z 1000369a f i SigCap.obj
 0001:000026bc       ?GetUserType@?$IOleObjectImpl@VCOPOSSigCap@@@ATL@@UAGJKPAPA_W@Z 100036bc f i SigCap.obj
 0001:000026d4       ?SetExtent@?$IOleObjectImpl@VCOPOSSigCap@@@ATL@@UAGJKPAUtagSIZE@@@Z 100036d4 f i SigCap.obj
 0001:000026f4       ?GetExtent@?$IOleObjectImpl@VCOPOSSigCap@@@ATL@@UAGJKPAUtagSIZE@@@Z 100036f4 f i SigCap.obj
 0001:00002732       ?Advise@?$IOleObjectImpl@VCOPOSSigCap@@@ATL@@UAGJPAUIAdviseSink@@PAK@Z 10003732 f i SigCap.obj
 0001:00002752       ?Unadvise@?$IOleObjectImpl@VCOPOSSigCap@@@ATL@@UAGJK@Z 10003752 f i SigCap.obj
 0001:00002781       ?EnumAdvise@?$IOleObjectImpl@VCOPOSSigCap@@@ATL@@UAGJPAPAUIEnumSTATDATA@@@Z 10003781 f i SigCap.obj
 0001:000027c1       ?GetMiscStatus@?$IOleObjectImpl@VCOPOSSigCap@@@ATL@@UAGJKPAK@Z 100037c1 f i SigCap.obj
 0001:000027d9       ?GetWindow@?$IOleInPlaceActiveObjectImpl@VCOPOSSigCap@@@ATL@@UAGJPAPAUHWND__@@@Z 100037d9 f i SigCap.obj
 0001:00002826       ?TranslateAcceleratorW@?$IOleInPlaceActiveObjectImpl@VCOPOSSigCap@@@ATL@@UAGJPAUtagMSG@@@Z 10003826 f i SigCap.obj
 0001:000028c4       ?OnDocWindowActivate@?$IOleInPlaceActiveObjectImpl@VCOPOSSigCap@@@ATL@@UAGJH@Z 100038c4 f i SigCap.obj
 0001:000028e6       ?ResizeBorder@?$IOleInPlaceActiveObjectImpl@VCOPOSSigCap@@@ATL@@UAGJPBUtagRECT@@PAUIOleInPlaceUIWindow@@H@Z 100038e6 f i SigCap.obj
 0001:000028eb       ?Draw@?$IViewObjectExImpl@VCOPOSSigCap@@@ATL@@UAGJKJPAXPAUtagDVTARGETDEVICE@@PAUHDC__@@2PBU_RECTL@@3P6GHK@ZK@Z 100038eb f i SigCap.obj
 0001:0000291d       ?GetColorSet@?$IViewObjectExImpl@VCOPOSSigCap@@@ATL@@UAGJKJPAXPAUtagDVTARGETDEVICE@@PAUHDC__@@PAPAUtagLOGPALETTE@@@Z 1000391d f i SigCap.obj
 0001:00002925       ??$?4UITypeInfo2@@@?$CComPtr@UITypeInfo@@@ATL@@QAEPAUITypeInfo@@ABV?$CComPtr@UITypeInfo2@@@1@@Z 10003925 f i SigCap.obj
 0001:00002952       ??$AtlAdd@K@ATL@@YAJPAKKK@Z 10003952 f i SigCap.obj
 0001:00002975       ??$AtlAdd@_K@ATL@@YAJPA_K_K1@Z 10003975 f i SigCap.obj
 0001:000029ad       ??$AtlAddThrow@K@ATL@@YAKKK@Z 100039ad f i SigCap.obj
 0001:000029d3       ??$AtlModuleRegisterWndClassInfoT@VAtlModuleRegisterWndClassInfoParamW@ATL@@@ATL@@YAGPAU_ATL_BASE_MODULE70@0@PAU_ATL_WIN_MODULE70@0@PAU_ATL_WNDCLASSINFOW@0@PAP6GJPAUHWND__@@IIJ@ZVAtlModuleRegisterWndClassInfoParamW@0@@Z 100039d3 f i SigCap.obj
 0001:00002b21       ??$AtlMultiply@H@ATL@@YAJPAHHH@Z 10003b21 f i SigCap.obj
 0001:00002b59       ??$AtlMultiply@K@ATL@@YAJPAKKK@Z 10003b59 f i SigCap.obj
 0001:00002b59       ??$AtlMultiply@I@ATL@@YAJPAIII@Z 10003b59 f i SigCap.obj
 0001:00002b7b       ??$AtlMultiplyThrow@I@ATL@@YAIII@Z 10003b7b f i SigCap.obj
 0001:00002ba1       ??0?$CComAggObject@VCOPOSSigCap@@@ATL@@QAE@PAX@Z 10003ba1 f i SigCap.obj
 0001:00002bce       ??0?$CComContainedObject@VCOPOSSigCap@@@ATL@@QAE@PAX@Z 10003bce f i SigCap.obj
 0001:00002c87       ??0?$CComObject@V?$CComEnum@UIEnumConnectionPoints@@$1?_GUID_b196b285_bab4_101a_b69c_00aa00341d07@@3U__s_GUID@@BPAUIConnectionPoint@@V?$_CopyInterface@UIConnectionPoint@@@ATL@@VCComSingleThreadModel@6@@ATL@@@ATL@@QAE@PAX@Z 10003c87 f i SigCap.obj
 0001:00002cb5       ??0?$CComObject@V?$CComEnum@UIEnumConnections@@$1?_GUID_b196b287_bab4_101a_b69c_00aa00341d07@@3U__s_GUID@@BUtagCONNECTDATA@@V?$_Copy@UtagCONNECTDATA@@@ATL@@VCComSingleThreadModel@6@@ATL@@@ATL@@QAE@PAX@Z 10003cb5 f i SigCap.obj
 0001:00002ce3       ??0?$CComObject@VCOPOSSigCap@@@ATL@@QAE@PAX@Z 10003ce3 f i SigCap.obj
 0001:00002d9a       ??0?$CComQIPtr@UIOleControlSite@@$1?_GUID_b196b289_bab4_101a_b69c_00aa00341d07@@3U__s_GUID@@B@ATL@@QAE@PAUIUnknown@@@Z 10003d9a f i SigCap.obj
 0001:00002dc3       ??0CAtlModule@ATL@@QAE@XZ  10003dc3 f i SigCap.obj
 0001:00002e04       ??0CParseBuffer@CRegParser@ATL@@QAE@H@Z 10003e04 f i SigCap.obj
 0001:00002e3a       ??0_ATL_MSG@ATL@@QAE@PAUHWND__@@IIJH@Z 10003e3a f i SigCap.obj
 0001:00002e72       ??1?$CComAggObject@VCOPOSSigCap@@@ATL@@UAE@XZ 10003e72 f i SigCap.obj
 0001:00002e96       ??1?$CComEnumImpl@UIEnumConnectionPoints@@$1?_GUID_b196b285_bab4_101a_b69c_00aa00341d07@@3U__s_GUID@@BPAUIConnectionPoint@@V?$_CopyInterface@UIConnectionPoint@@@ATL@@@ATL@@UAE@XZ 10003e96 f i SigCap.obj
 0001:00002ed6       ??1?$CComEnumImpl@UIEnumConnections@@$1?_GUID_b196b287_bab4_101a_b69c_00aa00341d07@@3U__s_GUID@@BUtagCONNECTDATA@@V?$_Copy@UtagCONNECTDATA@@@ATL@@@ATL@@UAE@XZ 10003ed6 f i SigCap.obj
 0001:00002f16       ??1?$CComObject@V?$CComEnum@UIEnumConnectionPoints@@$1?_GUID_b196b285_bab4_101a_b69c_00aa00341d07@@3U__s_GUID@@BPAUIConnectionPoint@@V?$_CopyInterface@UIConnectionPoint@@@ATL@@VCComSingleThreadModel@6@@ATL@@@ATL@@UAE@XZ 10003f16 f i SigCap.obj
 0001:00002f39       ??1?$CComObject@V?$CComEnum@UIEnumConnections@@$1?_GUID_b196b287_bab4_101a_b69c_00aa00341d07@@3U__s_GUID@@BUtagCONNECTDATA@@V?$_Copy@UtagCONNECTDATA@@@ATL@@VCComSingleThreadModel@6@@ATL@@@ATL@@UAE@XZ 10003f39 f i SigCap.obj
 0001:00002f5c       ??1?$CComObject@VCOPOSSigCap@@@ATL@@UAE@XZ 10003f5c f i SigCap.obj
 0001:0000301a       ??1?$CComObjectCached@VCComClassFactory@ATL@@@ATL@@UAE@XZ 1000401a f i SigCap.obj
 0001:00003030       ??1?$CComObjectRootEx@VCComMultiThreadModel@ATL@@@ATL@@QAE@XZ 10004030 f i SigCap.obj
 0001:00003045       ??1CRegObject@ATL@@UAE@XZ  10004045 f i SigCap.obj
 0001:00003065       ??4?$CComPtr@UIOleClientSite@@@ATL@@QAEPAUIOleClientSite@@PAU2@@Z 10004065 f i SigCap.obj
 0001:00003065       ??4?$CComPtr@UIAdviseSink@@@ATL@@QAEPAUIAdviseSink@@PAU2@@Z 10004065 f i SigCap.obj
 0001:00003065       ??4?$CComPtr@UIUnknown@@@ATL@@QAEPAUIUnknown@@PAU2@@Z 10004065 f i SigCap.obj
 0001:00003099       ??4?$CComQIPtr@UIOleObject@@$1?_GUID_00000112_0000_0000_c000_000000000046@@3U__s_GUID@@B@ATL@@QAEPAUIOleObject@@PAUIUnknown@@@Z 10004099 f i SigCap.obj
 0001:000030be       ??4?$CComQIPtr@UISpecifyPropertyPages@@$1?_GUID_b196b28b_bab4_101a_b69c_00aa00341d07@@3U__s_GUID@@B@ATL@@QAEPAUISpecifyPropertyPages@@PAUIUnknown@@@Z 100040be f i SigCap.obj
 0001:000030e3       ??_E?$CComContainedObject@VCOPOSSigCap@@@ATL@@UAEPAXI@Z 100040e3 f i SigCap.obj
 0001:000030e3       ??_G?$CComContainedObject@VCOPOSSigCap@@@ATL@@UAEPAXI@Z 100040e3 f i SigCap.obj
 0001:00003108       ??_E?$CComObject@VCOPOSSigCap@@@ATL@@UAEPAXI@Z 10004108 f i SigCap.obj
 0001:00003108       ??_G?$CComObject@VCOPOSSigCap@@@ATL@@UAEPAXI@Z 10004108 f i SigCap.obj
 0001:0000312d       ?Add@?$CSimpleArray@GV?$CSimpleArrayEqualHelper@G@ATL@@@ATL@@QAEHABG@Z 1000412d f i SigCap.obj
 0001:000031b1       ?Add@?$CSimpleMap@PA_WPA_WVCExpansionVectorEqualHelper@ATL@@@ATL@@QAEHABQA_W0@Z 100041b1 f i SigCap.obj
 0001:00003206       ?Add@CComDynamicUnkArray@ATL@@QAEKPAUIUnknown@@@Z 10004206 f i SigCap.obj
 0001:000032c1       ?Add@CExpansionVector@ATL@@QAEHPB_W0@Z 100042c1 f i SigCap.obj
 0001:000033c5       ?AddString@CParseBuffer@CRegParser@ATL@@QAEHPB_W@Z 100043c5 f i SigCap.obj
 0001:000033fa       ?AddValue@CRegParser@ATL@@IAEJAAVCRegKey@2@PB_WPA_W@Z 100043fa f i SigCap.obj
 0001:0000371b       ?Allocate@?$CAtlSafeAllocBufferManager@VCCRTAllocator@ATL@@@_ATL_SAFE_ALLOCA_IMPL@ATL@@QAEPAXK@Z 1000471b f i SigCap.obj
 0001:00003748       ?Allocate@?$CTempBuffer@E$0BAA@VCCRTAllocator@ATL@@@ATL@@QAEPAEI@Z 10004748 f i SigCap.obj
 0001:00003777       ?Allocate@?$CTempBuffer@_W$0BAA@VCCRTAllocator@ATL@@@ATL@@QAEPA_WI@Z 10004777 f i SigCap.obj
 0001:000037a6       ?Allocate@?$CTempBuffer@_W$0EAA@VCCRTAllocator@ATL@@@ATL@@QAEPA_WI@Z 100047a6 f i SigCap.obj
 0001:000037d5       ?AllocateHeap@?$CTempBuffer@_W$0BAA@VCCRTAllocator@ATL@@@ATL@@AAEXI@Z 100047d5 f i SigCap.obj
 0001:000037d5       ?AllocateHeap@?$CTempBuffer@E$0BAA@VCCRTAllocator@ATL@@@ATL@@AAEXI@Z 100047d5 f i SigCap.obj
 0001:000037d5       ?AllocateHeap@?$CTempBuffer@_W$0EAA@VCCRTAllocator@ATL@@@ATL@@AAEXI@Z 100047d5 f i SigCap.obj
 0001:000037fa       ?Append@CParseBuffer@CRegParser@ATL@@QAEHPB_WH@Z 100047fa f i SigCap.obj
 0001:00003888       ?AtlCallTermFunc@ATL@@YGXPAU_ATL_MODULE70@1@@Z 10004888 f i SigCap.obj
 0001:000038cc       ?AtlCoTaskMemCAlloc@ATL@@YAPAXKK@Z 100048cc f i SigCap.obj
 0001:000038f9       ?AtlCoTaskMemRecalloc@ATL@@YAPAXPAXKK@Z 100048f9 f i SigCap.obj
 0001:00003929       ?AtlComModuleGetClassObject@ATL@@YGJPAU_ATL_COM_MODULE70@1@ABU_GUID@@1PAPAX@Z 10004929 f i SigCap.obj
 0001:00003a1c       ?AtlComModuleRegisterServer@ATL@@YGJPAU_ATL_COM_MODULE70@1@HPBU_GUID@@@Z 10004a1c f i SigCap.obj
 0001:00003aa4       ?AtlComModuleUnregisterServer@ATL@@YGJPAU_ATL_COM_MODULE70@1@HPBU_GUID@@@Z 10004aa4 f i SigCap.obj
 0001:00003b2c       ?AtlComQIPtrAssign2@ATL@@YAXPAPAUIUnknown@@PAU2@ABU_GUID@@@Z 10004b2c f i SigCap.obj
 0001:00003b5b       ?AtlCreateTargetDC@ATL@@YGPAUHDC__@@PAU2@PAUtagDVTARGETDEVICE@@@Z 10004b5b f i SigCap.obj
 0001:00003bc4       ?AtlCrtErrorCheck@ATL@@YAHH@Z 10004bc4 f i SigCap.obj
 0001:00003bff       ?AtlHiMetricToPixel@ATL@@YGXPBUtagSIZE@@PAU2@@Z 10004bff f i SigCap.obj
 0001:00003c74       ?AtlHresultFromLastError@ATL@@YAJXZ 10004c74 f i SigCap.obj
 0001:00003c8b       ?AtlHresultFromWin32@ATL@@YAJK@Z 10004c8b f i SigCap.obj
 0001:00003ca0       ?AtlIPersistStreamInit_Load@ATL@@YGJPAUIStream@@PBUATL_PROPMAP_ENTRY@1@PAXPAUIUnknown@@@Z 10004ca0 f i SigCap.obj
 0001:00003e80       ?AtlIPersistStreamInit_Save@ATL@@YGJPAUIStream@@HPBUATL_PROPMAP_ENTRY@1@PAXPAUIUnknown@@@Z 10004e80 f i SigCap.obj
 0001:00004018       ?AtlInternalOleLoadFromStream@ATL@@YAJPAUIStream@@ABU_GUID@@PAPAXTClassesAllowedInStream@1@K@Z 10005018 f i SigCap.obj
 0001:0000413e       ?AtlInternalQueryInterface@ATL@@YGJPAXPBU_ATL_INTMAP_ENTRY@1@ABU_GUID@@PAPAX@Z 1000513e f i SigCap.obj
 0001:000041e1       ?AtlLoadTypeLib@ATL@@YGJPAUHINSTANCE__@@PB_WPAPA_WPAPAUITypeLib@@@Z 100051e1 f i SigCap.obj
 0001:000043bf       ?AtlModuleAddTermFunc@ATL@@YGJPAU_ATL_MODULE70@1@P6GXK@ZK@Z 100053bf f i SigCap.obj
 0001:0000441c       ?AtlRegisterClassCategoriesHelper@ATL@@YGJABU_GUID@@PBU_ATL_CATMAP_ENTRY@1@H@Z 1000541c f i SigCap.obj
 0001:000046fc       ?AtlRegisterTypeLib@ATL@@YGJPAUHINSTANCE__@@PB_W@Z 100056fc f i SigCap.obj
 0001:00004884       ?AtlThrowImpl@ATL@@YGXJ@Z  10005884 f i SigCap.obj
 0001:000048a2       ?AtlUnRegisterTypeLib@ATL@@YGJPAUHINSTANCE__@@PB_W@Z 100058a2 f i SigCap.obj
 0001:0000494d       ?AtlWinModuleAddCreateWndData@ATL@@YGXPAU_ATL_WIN_MODULE70@1@PAU_AtlCreateWndData@1@PAX@Z 1000594d f i SigCap.obj
 0001:000049a1       ?AtlWinModuleExtractCreateWndData@ATL@@YGPAXPAU_ATL_WIN_MODULE70@1@@Z 100059a1 f i SigCap.obj
 0001:00004a04       ?AtlWinModuleRegisterClassExW@ATL@@YGGPAU_ATL_WIN_MODULE70@1@PBUtagWNDCLASSEXW@@@Z 10005a04 f i SigCap.obj
 0001:00004a43       ?CanForceRemoveKey@CRegParser@ATL@@IAEHPB_W@Z 10005a43 f i SigCap.obj
 0001:00004a72       ?ChToByte@CRegParser@ATL@@KAE_W@Z 10005a72 f i SigCap.obj
 0001:00004aa5       ?Cleanup@CComTypeInfoHolder@ATL@@SGXK@Z 10005aa5 f i SigCap.obj
 0001:00004ad8       ?ClearReplacements@CExpansionVector@ATL@@QAEJXZ 10005ad8 f i SigCap.obj
 0001:00004b15       ?Close@CRegKey@ATL@@QAEJXZ 10005b15 f i SigCap.obj
 0001:00004b2f       ?Create@?$CWindowImpl@VCOPOSSigCap@@VCWindow@ATL@@V?$CWinTraits@$0FGAAAAAA@$0A@@3@@ATL@@QAEPAUHWND__@@PAU3@V_U_RECT@2@PB_WKKV_U_MENUorID@2@PAX@Z 10005b2f f i SigCap.obj
 0001:00004b73       ?Create@?$CWindowImplBaseT@VCWindow@ATL@@V?$CWinTraits@$0FGAAAAAA@$0A@@2@@ATL@@QAEPAUHWND__@@PAU3@V_U_RECT@2@PB_WKKV_U_MENUorID@2@GPAX@Z 10005b73 f i SigCap.obj
 0001:00004c0f       ?Create@CRegKey@ATL@@QAEJPAUHKEY__@@PB_WPA_WKKPAU_SECURITY_ATTRIBUTES@@PAK@Z 10005c0f f i SigCap.obj
 0001:00004c72       ?CreateInstance@?$CComCreator@V?$CComAggObject@VCOPOSSigCap@@@ATL@@@ATL@@SGJPAXABU_GUID@@PAPAX@Z 10005c72 f i SigCap.obj
 0001:00004ce8       ?CreateInstance@?$CComCreator@V?$CComObject@VCOPOSSigCap@@@ATL@@@ATL@@SGJPAXABU_GUID@@PAPAX@Z 10005ce8 f i SigCap.obj
 0001:00004d69       ?CreateInstance@?$CComObject@V?$CComEnum@UIEnumConnectionPoints@@$1?_GUID_b196b285_bab4_101a_b69c_00aa00341d07@@3U__s_GUID@@BPAUIConnectionPoint@@V?$_CopyInterface@UIConnectionPoint@@@ATL@@VCComSingleThreadModel@6@@ATL@@@ATL@@SGJPAPAV12@@Z 10005d69 f i SigCap.obj
 0001:00004db0       ?CreateInstance@?$CComObject@V?$CComEnum@UIEnumConnections@@$1?_GUID_b196b287_bab4_101a_b69c_00aa00341d07@@3U__s_GUID@@BUtagCONNECTDATA@@V?$_Copy@UtagCONNECTDATA@@@ATL@@VCComSingleThreadModel@6@@ATL@@@ATL@@SGJPAPAV12@@Z 10005db0 f i SigCap.obj
 0001:00004df7       ?DefaultReflectionHandler@?$CWindowImplRoot@VCWindow@ATL@@@ATL@@SAHPAUHWND__@@IIJAAJ@Z 10005df7 f i SigCap.obj
 0001:00004e6a       ?DeleteSubKey@CRegKey@ATL@@QAEJPB_W@Z 10005e6a f i SigCap.obj
 0001:00004e8d       ?DoEvent@COPOSSigCap@@IAEXIIJ@Z 10005e8d f i SigCap.obj
 0001:00004f0d       ?DoVerbHide@?$IOleObjectImpl@VCOPOSSigCap@@@ATL@@QAEJPBUtagRECT@@PAUHWND__@@@Z 10005f0d f i SigCap.obj
 0001:00004f43       ?DoVerbInPlaceActivate@?$IOleObjectImpl@VCOPOSSigCap@@@ATL@@QAEJPBUtagRECT@@PAUHWND__@@@Z 10005f43 f i SigCap.obj
 0001:00004f76       ?DoVerbPrimary@?$IOleObjectImpl@VCOPOSSigCap@@@ATL@@QAEJPBUtagRECT@@PAUHWND__@@@Z 10005f76 f i SigCap.obj
 0001:00005002       ?DoVerbProperties@CComControlBase@ATL@@QAEJPBUtagRECT@@PAUHWND__@@@Z 10006002 f i SigCap.obj
 0001:00005129       ?DoVerbShow@?$IOleObjectImpl@VCOPOSSigCap@@@ATL@@QAEJPBUtagRECT@@PAUHWND__@@@Z 10006129 f i SigCap.obj
 0001:0000514e       ?DoVerbUIActivate@?$IOleObjectImpl@VCOPOSSigCap@@@ATL@@QAEJPBUtagRECT@@PAUHWND__@@@Z 1000614e f i SigCap.obj
 0001:0000518b       ?DoesVerbActivate@CComControlBase@ATL@@QAEHJ@Z 1000618b f i SigCap.obj
 0001:000051ac       ?DoesVerbUIActivate@CComControlBase@ATL@@QAEHJ@Z 100061ac f i SigCap.obj
 0001:000051e1       ?EndOfVar@CRegParser@ATL@@IAEHXZ 100061e1 f i SigCap.obj
 0001:00005201       ?EscapeSingleQuote@CAtlModule@ATL@@SAXPA_WIPB_W@Z 10006201 f i SigCap.obj
 0001:00005250       ?FindKey@?$CSimpleMap@PA_WPA_WVCExpansionVectorEqualHelper@ATL@@@ATL@@QBEHABQA_W@Z 10006250 f i SigCap.obj
 0001:00005287       ?FireTheEvent@?$CProxy_IOPOSEvents@VCOPOSSigCap@@@@IAEXPAVOposVariant@@IAAJPB_WJ@Z 10006287 f i SigCap.obj
 0001:00005319       ?FireViewChange@CComControlBase@ATL@@QAEJXZ 10006319 f i SigCap.obj
 0001:00005362       ?Fire_DataEvent@?$CProxy_IOPOSEvents@VCOPOSSigCap@@@@QAEXJ@Z 10006362 f i SigCap.obj
 0001:000053ee       ?Fire_DirectIOEvent@?$CProxy_IOPOSEvents@VCOPOSSigCap@@@@QAEXJPAJPAPA_W@Z 100063ee f i SigCap.obj
 0001:000054d4       ?Fire_ErrorEvent@?$CProxy_IOPOSEvents@VCOPOSSigCap@@@@QAEXJJJPAJ@Z 100064d4 f i SigCap.obj
 0001:000055bb       ?Fire_StatusUpdateEvent@?$CProxy_IOPOSEvents@VCOPOSSigCap@@@@QAEXJ@Z 100065bb f i SigCap.obj
 0001:00005647       ?FreeHeap@?$CTempBuffer@_W$0BAA@VCCRTAllocator@ATL@@@ATL@@AAEXXZ 10006647 f i SigCap.obj
 0001:00005647       ?FreeHeap@?$CTempBuffer@E$0BAA@VCCRTAllocator@ATL@@@ATL@@AAEXXZ 10006647 f i SigCap.obj
 0001:00005647       ?FreeHeap@?$CTempBuffer@_W$0EAA@VCCRTAllocator@ATL@@@ATL@@AAEXXZ 10006647 f i SigCap.obj
 0001:00005650       ?GetAmbientLocaleID@CComControlBase@ATL@@QAEJAAK@Z 10006650 f i SigCap.obj
 0001:000056ac       ?GetAmbientUserMode@CComControlBase@ATL@@QAEJAAH@Z 100066ac f i SigCap.obj
 0001:0000571c       ?GetAt@CComDynamicUnkArray@ATL@@QAEPAUIUnknown@@H@Z 1000671c f i SigCap.obj
 0001:00005738       ?GetClassObject@CComModule@ATL@@QAEJABU_GUID@@0PAPAX@Z 10006738 f i SigCap.obj
 0001:000057da       ?GetConnMap@COPOSSigCap@@SAPBU_ATL_CONNMAP_ENTRY@ATL@@PAH@Z 100067da f i SigCap.obj
 0001:0000584a       ?GetCookie@CComDynamicUnkArray@ATL@@QAGKPAPAUIUnknown@@@Z 1000684a f i SigCap.obj
 0001:00005882       ?GetIDsOfNames@CComTypeInfoHolder@ATL@@QAEJABU_GUID@@PAPA_WIKPAJ@Z 10006882 f i SigCap.obj
 0001:00005990       ?GetKeyAt@?$CSimpleMap@PA_WPA_WVCExpansionVectorEqualHelper@ATL@@@ATL@@QBEAAPA_WH@Z 10006990 f i SigCap.obj
 0001:000059b5       ?GetPagesHelper@?$ISpecifyPropertyPagesImpl@VCOPOSSigCap@@@ATL@@IAEJPAUtagCAUUID@@PBUATL_PROPMAP_ENTRY@2@@Z 100069b5 f i SigCap.obj
 0001:00005adc       ?GetProperty@?$CComPtr@UIDispatch@@@ATL@@SAJPAUIDispatch@@JPAUtagVARIANT@@@Z 10006adc f i SigCap.obj
 0001:00005b2b       ?GetSizeMax@CComVariant@ATL@@QBEJPAT_ULARGE_INTEGER@@@Z 10006b2b f i SigCap.obj
 0001:00005ce5       ?GetStreamSize@CComBSTR@ATL@@SAKPA_W@Z 10006ce5 f i SigCap.obj
 0001:00005cff       ?GetTI@CComTypeInfoHolder@ATL@@QAEJK@Z 10006cff f i SigCap.obj
 0001:00005ee8       ?GetTI@CComTypeInfoHolder@ATL@@QAEJKPAPAUITypeInfo@@@Z 10006ee8 f i SigCap.obj
 0001:00005f2a       ?GetUnknown@CComDynamicUnkArray@ATL@@QAGPAUIUnknown@@K@Z 10006f2a f i SigCap.obj
 0001:00005f4b       ?GetValueAt@?$CSimpleMap@PA_WPA_WVCExpansionVectorEqualHelper@ATL@@@ATL@@QBEAAPA_WH@Z 10006f4b f i SigCap.obj
 0001:00005f71       ?GetZoomInfo@CComControlBase@ATL@@QAEXAAUATL_DRAWINFO@@@Z 10006f71 f i SigCap.obj
 0001:00006004       ?HKeyFromString@CRegParser@ATL@@KAPAUHKEY__@@PA_W@Z 10007004 f i SigCap.obj
 0001:00006032       ?HasSubKeys@CRegParser@ATL@@IAEHPAUHKEY__@@@Z 10007032 f i SigCap.obj
 0001:00006067       ?IDataObject_GetData@CComControlBase@ATL@@QAEJPAUtagFORMATETC@@PAUtagSTGMEDIUM@@@Z 10007067 f i SigCap.obj
 0001:0000620d       ?IOleInPlaceObject_InPlaceDeactivate@CComControlBase@ATL@@QAEJXZ 1000720d f i SigCap.obj
 0001:00006294       ?IOleInPlaceObject_SetObjectRects@CComControlBase@ATL@@QAEJPBUtagRECT@@0@Z 10007294 f i SigCap.obj
 0001:00006361       ?IOleInPlaceObject_UIDeactivate@CComControlBase@ATL@@QAEJXZ 10007361 f i SigCap.obj
 0001:00006423       ?IOleObject_Advise@CComControlBase@ATL@@QAEJPAUIAdviseSink@@PAK@Z 10007423 f i SigCap.obj
 0001:0000644d       ?IOleObject_Close@CComControlBase@ATL@@QAEJK@Z 1000744d f i SigCap.obj
 0001:00006531       ?IOleObject_GetClientSite@CComControlBase@ATL@@QAEJPAPAUIOleClientSite@@@Z 10007531 f i SigCap.obj
 0001:0000655a       ?IOleObject_SetClientSite@CComControlBase@ATL@@QAEJPAUIOleClientSite@@@Z 1000755a f i SigCap.obj
 0001:00006599       ?IOleObject_SetExtent@CComControlBase@ATL@@QAEJKPAUtagSIZE@@@Z 10007599 f i SigCap.obj
 0001:0000664d       ?IPSI_GetIPersistStreamInit@?$IPersistStorageImpl@VCOPOSSigCap@@@ATL@@AAEPAUIPersistStreamInit@@XZ 1000764d f i SigCap.obj
 0001:0000668f       ?IPersistStreamInit_Load@?$IPersistStreamInitImpl@VCOPOSSigCap@@@ATL@@QAEJPAUIStream@@PBUATL_PROPMAP_ENTRY@2@@Z 1000768f f i SigCap.obj
 0001:000066bb       ?IPersistStreamInit_Save@?$IPersistStreamInitImpl@VCOPOSSigCap@@@ATL@@QAEJPAUIStream@@HPBUATL_PROPMAP_ENTRY@2@@Z 100076bb f i SigCap.obj
 0001:000066f0       ?IQuickActivate_QuickActivate@CComControlBase@ATL@@QAEJPAUtagQACONTAINER@@PAUtagQACONTROL@@@Z 100076f0 f i SigCap.obj
 0001:00006932       ?IViewObject_Draw@CComControlBase@ATL@@QAEJKJPAXPAUtagDVTARGETDEVICE@@PAUHDC__@@2PBU_RECTL@@3@Z 10007932 f i SigCap.obj
 0001:000069da       ?InPlaceActivate@CComControlBase@ATL@@QAEJJPBUtagRECT@@@Z 100079da f i SigCap.obj
 0001:00006c4b       ?Init@?$CComEnumImpl@UIEnumConnectionPoints@@$1?_GUID_b196b285_bab4_101a_b69c_00aa00341d07@@3U__s_GUID@@BPAUIConnectionPoint@@V?$_CopyInterface@UIConnectionPoint@@@ATL@@@ATL@@QAEJPAPAUIConnectionPoint@@0PAUIUnknown@@W4CComEnumFlags@2@@Z 10007c4b f i SigCap.obj
 0001:00006d2a       ?Init@?$CComEnumImpl@UIEnumConnections@@$1?_GUID_b196b287_bab4_101a_b69c_00aa00341d07@@3U__s_GUID@@BUtagCONNECTDATA@@V?$_Copy@UtagCONNECTDATA@@@ATL@@@ATL@@QAEJPAUtagCONNECTDATA@@0PAUIUnknown@@W4CComEnumFlags@2@@Z 10007d2a f i SigCap.obj
 0001:00006e09       ?Init@CComModule@ATL@@QAEJPAU_ATL_OBJMAP_ENTRY30@2@PAUHINSTANCE__@@PBU_GUID@@@Z 10007e09 f i SigCap.obj
 0001:00006e68       ?Init@CDynamicStdCallThunk2@ATL@@QAEHKPAX@Z 10007e68 f i SigCap.obj
 0001:00006e93       ?InlineIsEqualUnknown@ATL@@YGHABU_GUID@@@Z 10007e93 f i SigCap.obj
 0001:00006ebb       ?InternalGetSite@CComControlBase@ATL@@QAEJABU_GUID@@PAPAX@Z 10007ebb f i SigCap.obj
 0001:00006ee9       ?InternalSetAtIndex@?$CSimpleMap@PA_WPA_WVCExpansionVectorEqualHelper@ATL@@@ATL@@QAEXHABQA_W0@Z 10007ee9 f i SigCap.obj
 0001:00006f13       ?Invoke@CComTypeInfoHolder@ATL@@QAEJPAUIDispatch@@JABU_GUID@@KGPAUtagDISPPARAMS@@PAUtagVARIANT@@PAUtagEXCEPINFO@@PAI@Z 10007f13 f i SigCap.obj
 0001:00006f56       ?IsEqualObject@?$CComPtrBase@UIOleClientSite@@@ATL@@QAE_NPAUIUnknown@@@Z 10007f56 f i SigCap.obj
 0001:00006f56       ?IsEqualObject@?$CComPtrBase@UITypeInfo@@@ATL@@QAE_NPAUIUnknown@@@Z 10007f56 f i SigCap.obj
 0001:00006fc3       ?IsSpace@CRegParser@ATL@@IAEH_W@Z 10007fc3 f i SigCap.obj
 0001:00006fed       ?LoadNameCache@CComTypeInfoHolder@ATL@@QAEJPAUITypeInfo@@@Z 10007fed f i SigCap.obj
 0001:0000713b       ?Lookup@?$CSimpleMap@PA_WPA_WVCExpansionVectorEqualHelper@ATL@@@ATL@@QBEPA_WABQA_W@Z 1000813b f i SigCap.obj
 0001:00007161       ?NextToken@CRegParser@ATL@@IAEJPA_W@Z 10008161 f i SigCap.obj
 0001:00007299       ?OnKillFocus@CComControlBase@ATL@@QAEJIIJAAH@Z 10008299 f i SigCap.obj
 0001:000072f4       ?OnMouseActivate@CComControlBase@ATL@@QAEJIIJAAH@Z 100082f4 f i SigCap.obj
 0001:00007362       ?OnPaint@CComControlBase@ATL@@QAEJIIJAAH@Z 10008362 f i SigCap.obj
 0001:00007414       ?OnSetFocus@CComControlBase@ATL@@QAEJIIJAAH@Z 10008414 f i SigCap.obj
 0001:0000749d       ?Open@CRegKey@ATL@@QAEJPAUHKEY__@@PB_WK@Z 1000849d f i SigCap.obj
 0001:000074e6       ?PreProcessBuffer@CRegParser@ATL@@QAEJPA_WPAPA_W@Z 100084e6 f i SigCap.obj
 0001:00007750       ?ProcessWindowMessage@?$CComControl@VCOPOSSigCap@@V?$CWindowImpl@VCOPOSSigCap@@VCWindow@ATL@@V?$CWinTraits@$0FGAAAAAA@$0A@@3@@ATL@@@ATL@@UAEHPAUHWND__@@IIJAAJK@Z 10008750 f i SigCap.obj
 0001:000077ef       ?PutProperty@?$CComPtr@UIDispatch@@@ATL@@SAJPAUIDispatch@@JPAUtagVARIANT@@@Z 100087ef f i SigCap.obj
 0001:00007881       ?ReadFromStream@CComBSTR@ATL@@QAEJPAUIStream@@@Z 10008881 f i SigCap.obj
 0001:000079af       ?ReadFromStream@CComVariant@ATL@@QAEJPAUIStream@@GTClassesAllowedInStream@2@K@Z 100089af f i SigCap.obj
 0001:00007b35       ?RecurseDeleteKey@CRegKey@ATL@@QAEJPB_W@Z 10008b35 f i SigCap.obj
 0001:00007bf7       ?RegCreateKeyExW@CAtlTransactionManager@ATL@@QAEJPAUHKEY__@@PB_WKPA_WKKQAU_SECURITY_ATTRIBUTES@@PAPAU3@PAK@Z 10008bf7 f i SigCap.obj
 0001:00007c5a       ?RegDeleteKeyW@CAtlTransactionManager@ATL@@QAEJPAUHKEY__@@PB_W@Z 10008c5a f i SigCap.obj
 0001:00007cac       ?RegOpenKeyExW@CAtlTransactionManager@ATL@@QAEJPAUHKEY__@@PB_WKKPAPAU3@@Z 10008cac f i SigCap.obj
 0001:00007d03       ?Register@_ATL_WNDCLASSINFOW@ATL@@QAEGPAP6GJPAUHWND__@@IIJ@Z@Z 10008d03 f i SigCap.obj
 0001:00007d23       ?RegisterBuffer@CRegParser@ATL@@QAEJPA_WH@Z 10008d23 f i SigCap.obj
 0001:00007e5c       ?RegisterFromResource@CRegObject@ATL@@IAEJPB_W00H@Z 10008e5c f i SigCap.obj
 0001:00007f92       ?RegisterServer@?$CAtlModuleT@VCComModule@ATL@@@ATL@@QAEJHPBU_GUID@@@Z 10008f92 f i SigCap.obj
 0001:00007fc0       ?RegisterServer@CComModule@ATL@@QAEJHPBU_GUID@@@Z 10008fc0 f i SigCap.obj
 0001:00008036       ?RegisterSubkeys@CRegParser@ATL@@IAEJPA_WPAUHKEY__@@HH@Z 10009036 f i SigCap.obj
 0001:00008605       ?Remove@CComDynamicUnkArray@ATL@@QAEHK@Z 10009605 f i SigCap.obj
 0001:0000862e       ?RemoveAll@?$CSimpleMap@PA_WPA_WVCExpansionVectorEqualHelper@ATL@@@ATL@@QAEXXZ 1000962e f i SigCap.obj
 0001:0000865a       ?ResourceRegisterSz@CRegObject@ATL@@QAGJPB_W00@Z 1000965a f i SigCap.obj
 0001:00008687       ?ResourceUnregisterSz@CRegObject@ATL@@QAGJPB_W00@Z 10009687 f i SigCap.obj
 0001:000086b4       ?SendOnDataChange@CComControlBase@ATL@@QAEJK@Z 100096b4 f i SigCap.obj
 0001:00008701       ?SetControlFocus@CComControlBase@ATL@@QAEHH@Z 10009701 f i SigCap.obj
 0001:0000879e       ?SetMultiStringValue@CRegKey@ATL@@QAEJPB_W0@Z 1000979e f i SigCap.obj
 0001:000087fa       ?SetStringValue@CRegKey@ATL@@QAEJPB_W0K@Z 100097fa f i SigCap.obj
 0001:00008843       ?SkipAssignment@CRegParser@ATL@@IAEJPA_W@Z 10009843 f i SigCap.obj
 0001:000088a8       ?SkipWhiteSpace@CRegParser@ATL@@IAEXXZ 100098a8 f i SigCap.obj
 0001:000088ca       ?StrChrW@CRegParser@ATL@@KAPA_WPA_W_W@Z 100098ca f i SigCap.obj
 0001:00008907       ?Term@CAtlModule@ATL@@QAEXXZ 10009907 f i SigCap.obj
 0001:00008940       ?Term@CComModule@ATL@@QAEXXZ 10009940 f i SigCap.obj
 0001:00008998       ?UnregisterServer@?$CAtlModuleT@VCComModule@ATL@@@ATL@@QAEJHPBU_GUID@@@Z 10009998 f i SigCap.obj
 0001:000089be       ?UnregisterServer@CComModule@ATL@@QAEJHPBU_GUID@@@Z 100099be f i SigCap.obj
 0001:00008a34       ?UpdateRegistryFromResource@CAtlModule@ATL@@QAGJIHPAU_ATL_REGMAP_ENTRY@2@@Z 10009a34 f i SigCap.obj
 0001:00008bff       ?UpdateRegistryFromResource@CAtlModule@ATL@@QAGJPB_WHPAU_ATL_REGMAP_ENTRY@2@@Z 10009bff f i SigCap.obj
 0001:00008dd0       ?VTFromRegType@CRegParser@ATL@@KAHPB_WAAG@Z 10009dd0 f i SigCap.obj
 0001:00008e3d       ?WindowProc@?$CWindowImplBaseT@VCWindow@ATL@@V?$CWinTraits@$0FGAAAAAA@$0A@@2@@ATL@@SGJPAUHWND__@@IIJ@Z 10009e3d f i SigCap.obj
 0001:00008f2f       ?WriteToStream@CComBSTR@ATL@@QAEJPAUIStream@@@Z 10009f2f f i SigCap.obj
 0001:00008f86       ?WriteToStream@CComVariant@ATL@@QAEJPAUIStream@@@Z 10009f86 f i SigCap.obj
 0001:00009100       ?WriteToStream@CComVariant@ATL@@QAEJPAUIStream@@G@Z 1000a100 f i SigCap.obj
 0001:00009169       ?_AtlInitialConstruct@?$CComObjectRootEx@VCComMultiThreadModel@ATL@@@ATL@@QAEJXZ 1000a169 f i SigCap.obj
 0001:0000917e       ?_AtlVerifyStackAvailable@_ATL_SAFE_ALLOCA_IMPL@ATL@@YA_NK@Z 1000a17e f i SigCap.obj
 0001:000091fc       ?copy@?$_Copy@UtagCONNECTDATA@@@ATL@@SAJPAUtagCONNECTDATA@@PBU3@@Z 1000a1fc f i SigCap.obj
 0001:00009232       ?copy@?$_CopyInterface@UIConnectionPoint@@@ATL@@SAJPAPAUIConnectionPoint@@PBQAU3@@Z 1000a232 f i SigCap.obj
 0001:00009260       ?memcpy_s@Checked@ATL@@YAXPAXIPBXI@Z 1000a260 f i SigCap.obj
 0001:0000927f       ?ocscpy_s@@YA_NPA_WIPB_W@Z 1000a27f f i SigCap.obj
 0001:000092ae       ?ocslen@@YAHPB_W@Z         1000a2ae f i SigCap.obj
 0001:000092ce       ?wcscpy_s@Checked@ATL@@YAXPA_WIPB_W@Z 1000a2ce f i SigCap.obj
 0001:000092ea       _DllCanUnloadNow@0         1000a2ea f   SigCap.obj
 0001:000092f6       _DllGetClassObject@12      1000a2f6 f   SigCap.obj
 0001:00009304       _DllMain@12                1000a304 f   SigCap.obj
 0001:00009346       _DllRegisterServer@0       1000a346 f   SigCap.obj
 0001:00009355       _DllUnregisterServer@0     1000a355 f   SigCap.obj
 0001:00009364       _InlineIsEqualGUID         1000a364 f i SigCap.obj
 0001:00009394       ___local_stdio_printf_options 1000a394 f i SigCap.obj
 0001:0000939a       __vswprintf_s_l            1000a39a f i SigCap.obj
 0001:00009447       _swprintf_s                1000a447 f i SigCap.obj
 0001:00009463       ??0?$CComControl@VCOPOSSigCap@@V?$CWindowImpl@VCOPOSSigCap@@VCWindow@ATL@@V?$CWinTraits@$0FGAAAAAA@$0A@@3@@ATL@@@ATL@@QAE@XZ 1000a463 f i SigCapImpl.obj
 0001:0000948a       ??0?$CProxy_IOPOSEvents@VCOPOSSigCap@@@@QAE@XZ 1000a48a f i SigCapImpl.obj
 0001:000094aa       ??0CComControlBase@ATL@@QAE@AAPAUHWND__@@@Z 1000a4aa f i SigCapImpl.obj
 0001:000094f4       ??0COPOSSigCap@@QAE@XZ     1000a4f4 f   SigCapImpl.obj
 0001:0000952a       ??1?$CComControl@VCOPOSSigCap@@V?$CWindowImpl@VCOPOSSigCap@@VCWindow@ATL@@V?$CWinTraits@$0FGAAAAAA@$0A@@3@@ATL@@@ATL@@UAE@XZ 1000a52a f i SigCapImpl.obj
 0001:00009543       ??1?$IConnectionPointImpl@VCOPOSSigCap@@$1?DIID__IOPOSSigCapEvents@@3U_GUID@@BVCComDynamicUnkArray@ATL@@@ATL@@QAE@XZ 1000a543 f i SigCapImpl.obj
 0001:00009543       ??1?$IConnectionPointImpl@VCOPOSSigCap@@$1?IID_IPropertyNotifySink@@3U_GUID@@BVCComDynamicUnkArray@ATL@@@ATL@@QAE@XZ 1000a543 f i SigCapImpl.obj
 0001:00009580       ??1CComControlBase@ATL@@UAE@XZ 1000a580 f i SigCapImpl.obj
 0001:000095e3       ??1COPOSSigCap@@UAE@XZ     1000a5e3 f   SigCapImpl.obj
 0001:0000962b       ??1OposVariantResult@@QAE@XZ 1000a62b f i SigCapImpl.obj
 0001:0000964c       ??1_CW@@QAE@XZ             1000a64c f i SigCapImpl.obj
 0001:00009665       ?BeginCapture@COPOSSigCap@@UAGJPA_WPAJ@Z 1000a665 f   SigCapImpl.obj
 0001:000096bc       ?CheckHealth@COPOSSigCap@@UAGJJPAJ@Z 1000a6bc f   SigCapImpl.obj
 0001:0000970b       ?ClaimDevice@COPOSSigCap@@UAGJJPAJ@Z 1000a70b f   SigCapImpl.obj
 0001:00009780       ?ClearInput@COPOSSigCap@@UAGJPAJ@Z 1000a780 f   SigCapImpl.obj
 0001:0000979b       ?ClearInputProperties@COPOSSigCap@@UAGJPAJ@Z 1000a79b f   SigCapImpl.obj
 0001:000097b6       ?Close@COPOSSigCap@@UAGJPAJ@Z 1000a7b6 f   SigCapImpl.obj
 0001:00009824       ?CompareFirmwareVersion@COPOSSigCap@@UAGJPA_WPAJ1@Z 1000a824 f   SigCapImpl.obj
 0001:000098a4       ?DirectIO@COPOSSigCap@@UAGJJPAJPAPA_W0@Z 1000a8a4 f   SigCapImpl.obj
 0001:00009952       ?DoInvoke@COPOSSigCap@@IAEJJPAVOposVariant@@IHPAJ_N@Z 1000a952 f   SigCapImpl.obj
 0001:00009a14       ?EndCapture@COPOSSigCap@@UAGJPAJ@Z 1000aa14 f   SigCapImpl.obj
 0001:00009a2f       ?EventClose@COPOSSigCap@@IAEXXZ 1000aa2f f i SigCapImpl.obj
 0001:00009a62       ?EventInit@COPOSSigCap@@IAEJXZ 1000aa62 f i SigCapImpl.obj
 0001:00009b2e       ?EventUninit@COPOSSigCap@@IAEXXZ 1000ab2e f i SigCapImpl.obj
 0001:00009b80       ?EventWindowProc@COPOSSigCap@@IAGJIIJ@Z 1000ab80 f i SigCapImpl.obj
 0001:00009c54       ?FinalConstruct@COPOSSigCap@@QAEJXZ 1000ac54 f   SigCapImpl.obj
 0001:00009c8d       ?FireEventCleanup@COPOSSigCap@@IAEXXZ 1000ac8d f i SigCapImpl.obj
 0001:00009ca3       ?FireEventSetup@COPOSSigCap@@IAE_NXZ 1000aca3 f i SigCapImpl.obj
 0001:00009cd7       ?FreezeEvents@COPOSSigCap@@MAGJH@Z 1000acd7 f   SigCapImpl.obj
 0001:00009d37       ?GetOposProp@COPOSSigCap@@IAEJJPAFJ@Z 1000ad37 f   SigCapImpl.obj
 0001:00009d5a       ?GetOposProp@COPOSSigCap@@IAEJJPAJJ@Z 1000ad5a f   SigCapImpl.obj
 0001:00009e18       ?GetOposProp@COPOSSigCap@@IAEJJPAPA_WJ@Z 1000ae18 f   SigCapImpl.obj
 0001:00009ee3       ?OnDraw@COPOSSigCap@@MAEJAAUATL_DRAWINFO@@@Z 1000aee3 f   SigCapImpl.obj
 0001:00009f83       ?Open@COPOSSigCap@@UAGJPA_WPAJ@Z 1000af83 f   SigCapImpl.obj
 0001:0000a71d       ?ReleaseDevice@COPOSSigCap@@UAGJPAJ@Z 1000b71d f   SigCapImpl.obj
 0001:0000a76c       ?ResetStatistics@COPOSSigCap@@UAGJPA_WPAJ@Z 1000b76c f   SigCapImpl.obj
 0001:0000a7c3       ?RetrieveStatistics@COPOSSigCap@@UAGJPAPA_WPAJ@Z 1000b7c3 f   SigCapImpl.obj
 0001:0000a81a       ?SOProcessID@COPOSSigCap@@UAGJPAJ@Z 1000b81a f   SigCapImpl.obj
 0001:0000a82e       ?SetCOFreezeEvents@COPOSSigCap@@IAEXF@Z 1000b82e f   SigCapImpl.obj
 0001:0000a8b9       ?SetOposProp@COPOSSigCap@@IAEJJJJ@Z 1000b8b9 f   SigCapImpl.obj
 0001:0000a997       ?UpdateFirmware@COPOSSigCap@@UAGJPA_WPAJ@Z 1000b997 f   SigCapImpl.obj
 0001:0000a9ee       ?UpdateStatistics@COPOSSigCap@@UAGJPA_WPAJ@Z 1000b9ee f   SigCapImpl.obj
 0001:0000aa45       ?get_AutoDisable@COPOSSigCap@@UAGJPAF@Z 1000ba45 f   SigCapImpl.obj
 0001:0000aa5b       ?get_BinaryConversion@COPOSSigCap@@UAGJPAJ@Z 1000ba5b f   SigCapImpl.obj
 0001:0000aa71       ?get_CapCompareFirmwareVersion@COPOSSigCap@@UAGJPAF@Z 1000ba71 f   SigCapImpl.obj
 0001:0000aa8a       ?get_CapDisplay@COPOSSigCap@@UAGJPAF@Z 1000ba8a f   SigCapImpl.obj
 0001:0000aaa3       ?get_CapPowerReporting@COPOSSigCap@@UAGJPAJ@Z 1000baa3 f   SigCapImpl.obj
 0001:0000aabc       ?get_CapRealTimeData@COPOSSigCap@@UAGJPAF@Z 1000babc f   SigCapImpl.obj
 0001:0000aad5       ?get_CapStatisticsReporting@COPOSSigCap@@UAGJPAF@Z 1000bad5 f   SigCapImpl.obj
 0001:0000aaee       ?get_CapUpdateFirmware@COPOSSigCap@@UAGJPAF@Z 1000baee f   SigCapImpl.obj
 0001:0000ab07       ?get_CapUpdateStatistics@COPOSSigCap@@UAGJPAF@Z 1000bb07 f   SigCapImpl.obj
 0001:0000ab20       ?get_CapUserTerminated@COPOSSigCap@@UAGJPAF@Z 1000bb20 f   SigCapImpl.obj
 0001:0000ab39       ?get_CheckHealthText@COPOSSigCap@@UAGJPAPA_W@Z 1000bb39 f   SigCapImpl.obj
 0001:0000ab52       ?get_Claimed@COPOSSigCap@@UAGJPAF@Z 1000bb52 f   SigCapImpl.obj
 0001:0000ab68       ?get_ControlObjectDescription@COPOSSigCap@@UAGJPAPA_W@Z 1000bb68 f   SigCapImpl.obj
 0001:0000aba5       ?get_ControlObjectVersion@COPOSSigCap@@UAGJPAJ@Z 1000bba5 f   SigCapImpl.obj
 0001:0000abb8       ?get_DataCount@COPOSSigCap@@UAGJPAJ@Z 1000bbb8 f   SigCapImpl.obj
 0001:0000abce       ?get_DataEventEnabled@COPOSSigCap@@UAGJPAF@Z 1000bbce f   SigCapImpl.obj
 0001:0000abe4       ?get_DeviceDescription@COPOSSigCap@@UAGJPAPA_W@Z 1000bbe4 f   SigCapImpl.obj
 0001:0000abfd       ?get_DeviceEnabled@COPOSSigCap@@UAGJPAF@Z 1000bbfd f   SigCapImpl.obj
 0001:0000ac13       ?get_DeviceName@COPOSSigCap@@UAGJPAPA_W@Z 1000bc13 f   SigCapImpl.obj
 0001:0000ac2c       ?get_FreezeEvents@COPOSSigCap@@UAGJPAF@Z 1000bc2c f   SigCapImpl.obj
 0001:0000ac42       ?get_MaximumX@COPOSSigCap@@UAGJPAJ@Z 1000bc42 f   SigCapImpl.obj
 0001:0000ac5b       ?get_MaximumY@COPOSSigCap@@UAGJPAJ@Z 1000bc5b f   SigCapImpl.obj
 0001:0000ac74       ?get_OpenResult@COPOSSigCap@@UAGJPAJ@Z 1000bc74 f   SigCapImpl.obj
 0001:0000ac8b       ?get_PointArray@COPOSSigCap@@UAGJPAPA_W@Z 1000bc8b f   SigCapImpl.obj
 0001:0000aca4       ?get_PowerNotify@COPOSSigCap@@UAGJPAJ@Z 1000bca4 f   SigCapImpl.obj
 0001:0000acba       ?get_PowerState@COPOSSigCap@@UAGJPAJ@Z 1000bcba f   SigCapImpl.obj
 0001:0000acd0       ?get_RawData@COPOSSigCap@@UAGJPAPA_W@Z 1000bcd0 f   SigCapImpl.obj
 0001:0000ace9       ?get_RealTimeDataEnabled@COPOSSigCap@@UAGJPAF@Z 1000bce9 f   SigCapImpl.obj
 0001:0000ad02       ?get_ResultCode@COPOSSigCap@@UAGJPAJ@Z 1000bd02 f   SigCapImpl.obj
 0001:0000ad40       ?get_ResultCodeExtended@COPOSSigCap@@UAGJPAJ@Z 1000bd40 f   SigCapImpl.obj
 0001:0000ad56       ?get_ServiceObjectDescription@COPOSSigCap@@UAGJPAPA_W@Z 1000bd56 f   SigCapImpl.obj
 0001:0000ad6f       ?get_ServiceObjectVersion@COPOSSigCap@@UAGJPAJ@Z 1000bd6f f   SigCapImpl.obj
 0001:0000ad85       ?get_State@COPOSSigCap@@UAGJPAJ@Z 1000bd85 f   SigCapImpl.obj
 0001:0000adb1       ?get_TotalPoints@COPOSSigCap@@UAGJPAJ@Z 1000bdb1 f   SigCapImpl.obj
 0001:0000adca       ?put_AutoDisable@COPOSSigCap@@UAGJF@Z 1000bdca f   SigCapImpl.obj
 0001:0000ade7       ?put_BinaryConversion@COPOSSigCap@@UAGJJ@Z 1000bde7 f   SigCapImpl.obj
 0001:0000adfd       ?put_DataEventEnabled@COPOSSigCap@@UAGJF@Z 1000bdfd f   SigCapImpl.obj
 0001:0000ae1a       ?put_DeviceEnabled@COPOSSigCap@@UAGJF@Z 1000be1a f   SigCapImpl.obj
 0001:0000ae37       ?put_FreezeEvents@COPOSSigCap@@UAGJF@Z 1000be37 f   SigCapImpl.obj
 0001:0000ae83       ?put_PowerNotify@COPOSSigCap@@UAGJJ@Z 1000be83 f   SigCapImpl.obj
 0001:0000ae99       ?put_RealTimeDataEnabled@COPOSSigCap@@UAGJF@Z 1000be99 f   SigCapImpl.obj
 0001:0000aeb9       ?s_EventWindowProc@COPOSSigCap@@KGJPAUHWND__@@IIJ@Z 1000beb9 f i SigCapImpl.obj
 0001:0000af0b       ??_U@YAPAXI@Z              1000bf0b f   LIBCMT:new_array.obj
 0001:0000af14       ??3@YAXPAXI@Z              1000bf14 f   LIBCMT:delete_scalar_size.obj
 0001:0000af22       ??_V@YAXPAX@Z              1000bf22 f   LIBCMT:delete_array.obj
 0001:0000af27       ??_V@YAXPAXI@Z             1000bf27 f   LIBCMT:delete_array_size.obj
 0001:0000af35       ??$__crt_fast_encode_pointer@P6GHPAU_RTL_CONDITION_VARIABLE@@PAU_RTL_CRITICAL_SECTION@@K@Z@@YAP6GHPAU_RTL_CONDITION_VARIABLE@@PAU_RTL_CRITICAL_SECTION@@K@ZQ6GH01K@Z@Z 1000bf35 f i LIBCMT:thread_safe_statics.obj
 0001:0000af35       ??$__crt_fast_encode_pointer@PAP6AXXZ@@YAPAP6AXXZQAP6AXXZ@Z 1000bf35 f i LIBCMT:utility.obj
 0001:0000af35       ??$__crt_fast_encode_pointer@PAX@@YAPAXQAX@Z 1000bf35 f i libvcruntime:winapi_downlevel.obj
 0001:0000af35       ??$__crt_fast_encode_pointer@P6GXPAU_RTL_CONDITION_VARIABLE@@@Z@@YAP6GXPAU_RTL_CONDITION_VARIABLE@@@ZQ6GX0@Z@Z 1000bf35 f i LIBCMT:thread_safe_statics.obj
 0001:0000af96       ___scrt_acquire_startup_lock 1000bf96 f   LIBCMT:utility.obj
 0001:0000afc8       ___scrt_dllmain_after_initialize_c 1000bfc8 f   LIBCMT:utility.obj
 0001:0000aff3       ___scrt_dllmain_before_initialize_c 1000bff3 f   LIBCMT:utility.obj
 0001:0000b001       ___scrt_dllmain_crt_thread_attach 1000c001 f   LIBCMT:utility.obj
 0001:0000b020       ___scrt_dllmain_crt_thread_detach 1000c020 f   LIBCMT:utility.obj
 0001:0000b02d       ___scrt_dllmain_exception_filter 1000c02d f   LIBCMT:utility.obj
 0001:0000b061       ___scrt_dllmain_uninitialize_c 1000c061 f   LIBCMT:utility.obj
 0001:0000b084       ___scrt_dllmain_uninitialize_critical 1000c084 f   LIBCMT:utility.obj
 0001:0000b091       ___scrt_initialize_crt     1000c091 f   LIBCMT:utility.obj
 0001:0000b0ca       ___scrt_initialize_onexit_tables 1000c0ca f   LIBCMT:utility.obj
 0001:0000b16f       ___scrt_is_nonwritable_in_current_image 1000c16f f   LIBCMT:utility.obj
 0001:0000b203       ___scrt_release_startup_lock 1000c203 f   LIBCMT:utility.obj
 0001:0000b220       ___scrt_uninitialize_crt   1000c220 f   LIBCMT:utility.obj
 0001:0000b248       __onexit                   1000c248 f   LIBCMT:utility.obj
 0001:0000b283       _atexit                    1000c283 f   LIBCMT:utility.obj
 0001:0000b298       ??3@YAXPAX@Z               1000c298 f   LIBCMT:delete_scalar.obj
 0001:0000b3cf       __Init_thread_footer       1000c3cf f   LIBCMT:thread_safe_statics.obj
 0001:0000b419       __Init_thread_header       1000c419 f   LIBCMT:thread_safe_statics.obj
 0001:0000b46b       __Init_thread_notify       1000c46b f   LIBCMT:thread_safe_statics.obj
 0001:0000b4ad       __Init_thread_wait         1000c4ad f   LIBCMT:thread_safe_statics.obj
 0001:0000b50d       ___raise_securityfailure   1000c50d f   LIBCMT:gs_report.obj
 0001:0000b535       ___report_gsfailure        1000c535 f   LIBCMT:gs_report.obj
 0001:0000b62e       ___report_rangecheckfailure 1000c62e f   LIBCMT:gs_report.obj
 0001:0000b63a       ___report_securityfailure  1000c63a f   LIBCMT:gs_report.obj
 0001:0000b708       ??2@YAPAXIABUnothrow_t@std@@@Z 1000c708 f   LIBCMT:new_scalar_nothrow.obj
 0001:0000b758       ??_U@YAPAXIABUnothrow_t@std@@@Z 1000c758 f   LIBCMT:new_array_nothrow.obj
 0001:0000b761       @__security_check_cookie@4 1000c761 f   LIBCMT:_secchk_.obj
 0001:0000b780       __SEH_prolog4_GS           1000c780 f   LIBCMT:_sehprolg4gs_.obj
 0001:0000b7c9       __SEH_epilog4_GS           1000c7c9 f   LIBCMT:_sehprolg4gs_.obj
 0001:0000b7e0       __alloca_probe_16          1000c7e0 f   LIBCMT:alloca16.obj
 0001:0000b7f6       __alloca_probe_8           1000c7f6     LIBCMT:alloca16.obj
 0001:0000b810       __chkstk                   1000c810 f   LIBCMT:chkstk.obj
 0001:0000b810       __alloca_probe             1000c810 f   LIBCMT:chkstk.obj
 0001:0000bb5d       __DllMainCRTStartup@12     1000cb5d f   LIBCMT:dll_dllmain.obj
 0001:0000bb80       ??2@YAPAXI@Z               1000cb80 f   LIBCMT:new_scalar.obj
 0001:0000bbb0       ___isa_available_init      1000cbb0 f   LIBCMT:_cpu_disp_.obj
 0001:0000bd47       ___scrt_is_ucrt_dll_in_use 1000cd47 f   LIBCMT:ucrt_detection.obj
 0001:0000bd53       ___scrt_fastfail           1000cd53 f   LIBCMT:utility_desktop.obj
 0001:0000be6d       __crt_debugger_hook        1000ce6d f   LIBCMT:utility_desktop.obj
 0001:0000be80       __SEH_prolog4              1000ce80 f   LIBCMT:_sehprolg4_.obj
 0001:0000bec6       __SEH_epilog4              1000cec6 f   LIBCMT:_sehprolg4_.obj
 0001:0000bedb       @_guard_check_icall_nop@4  1000cedb f i LIBCMT:guard_support.obj
 0001:0000bf29       ___security_init_cookie    1000cf29 f   LIBCMT:gs_support.obj
 0001:0000bf74       ?__scrt_initialize_type_info@@YAXXZ 1000cf74 f   LIBCMT:tncleanup.obj
 0001:0000bf80       ?__scrt_uninitialize_type_info@@YAXXZ 1000cf80 f   LIBCMT:tncleanup.obj
 0001:0000bf8c       ___local_stdio_scanf_options 1000cf8c f i LIBCMT:default_local_stdio_options.obj
 0001:0000bf92       ___scrt_initialize_default_local_stdio_options 1000cf92 f   LIBCMT:default_local_stdio_options.obj
 0001:0000bfaf       ___scrt_get_dyn_tls_init_callback 1000cfaf f   LIBCMT:dyn_tls_init.obj
 0001:0000bfb5       __RTC_Initialize           1000cfb5 f   LIBCMT:_initsect_.obj
 0001:0000bfe1       __RTC_Terminate            1000cfe1 f   LIBCMT:_initsect_.obj
 0001:0000c00d       ??0bad_alloc@std@@QAE@ABV01@@Z 1000d00d f i LIBCMT:throw_bad_alloc.obj
 0001:0000c028       ??0bad_alloc@std@@QAE@XZ   1000d028 f i LIBCMT:throw_bad_alloc.obj
 0001:0000c040       ??0bad_array_new_length@std@@QAE@ABV01@@Z 1000d040 f i LIBCMT:throw_bad_alloc.obj
 0001:0000c05b       ??0bad_array_new_length@std@@QAE@XZ 1000d05b f i LIBCMT:throw_bad_alloc.obj
 0001:0000c073       ??0exception@std@@QAE@ABV01@@Z 1000d073 f i LIBCMT:throw_bad_alloc.obj
 0001:0000c09f       ??1bad_array_new_length@std@@UAE@XZ 1000d09f f i LIBCMT:throw_bad_alloc.obj
 0001:0000c09f       ??1bad_exception@std@@UAE@XZ 1000d09f f i libvcruntime:frame.obj
 0001:0000c09f       ??1bad_alloc@std@@UAE@XZ   1000d09f f i LIBCMT:throw_bad_alloc.obj
 0001:0000c0b0       ??_Gexception@std@@UAEPAXI@Z 1000d0b0 f i LIBCMT:throw_bad_alloc.obj
 0001:0000c0b0       ??_Ebad_exception@std@@UAEPAXI@Z 1000d0b0 f i libvcruntime:frame.obj
 0001:0000c0b0       ??_Ebad_array_new_length@std@@UAEPAXI@Z 1000d0b0 f i LIBCMT:throw_bad_alloc.obj
 0001:0000c0b0       ??_Eexception@std@@UAEPAXI@Z 1000d0b0 f i LIBCMT:throw_bad_alloc.obj
 0001:0000c0b0       ??_Gbad_exception@std@@UAEPAXI@Z 1000d0b0 f i libvcruntime:frame.obj
 0001:0000c0b0       ??_Gbad_alloc@std@@UAEPAXI@Z 1000d0b0 f i LIBCMT:throw_bad_alloc.obj
 0001:0000c0b0       ??_Ebad_alloc@std@@UAEPAXI@Z 1000d0b0 f i LIBCMT:throw_bad_alloc.obj
[...]
 0002:00002b48       ?candidate_modules@?1??try_get_LCMapStringEx@@YAP6GHPB_WK0HPA_WHPAU_nlsversioninfo@@PAXJ@ZXZ@4QBW4module_id@?A0x391cf84c@@B 10021b48     libucrt:winapi_thunks.obj
 0002:00002b60       ?candidate_modules@?1??try_get_LocaleNameToLCID@@YAP6GKPB_WK@ZXZ@4QBW4module_id@?A0x391cf84c@@B 10021b60     libucrt:winapi_thunks.obj
 0002:00002b7c       ?candidate_modules@?1??try_get_AppPolicyGetProcessTerminationMethod@@YAP6GJPAXPAW4AppPolicyProcessTerminationMethod@@@ZXZ@4QBW4module_id@?A0x391cf84c@@B 10021b7c     libucrt:winapi_thunks.obj
 0002:00002ba8       ?candidate_modules@?1??try_get_SetThreadStackGuarantee@@YAP6GHPAK@ZXZ@4QBW4module_id@?A0x391cf84c@@B 10021ba8     libucrt:winapi_thunks.obj
 0002:000030d4       ?_mb_locale_names@@3QBQB_WB 100220d4     libucrt:mbctype.obj
 0002:00003920       ?LcidToLocaleNameTable@?A0x881e4c05@@3QBULcidToLocaleName@1@B 10022920     libucrt:lcidtoname_downlevel.obj
 0002:00004a48       ?LocaleNameToIndexTable@?A0x881e4c05@@3QBULocaleNameIndex@1@B 10023a48     libucrt:lcidtoname_downlevel.obj
 0002:00006380       LOG_name                   10025380     libucrt:log10.obj
 0002:00006390       _One                       10025390     libucrt:ceil_pentium4.obj
 0002:000063a0       _Bns                       100253a0     libucrt:ceil_pentium4.obj
 0002:000063b0       _Zero                      100253b0     libucrt:ceil_pentium4.obj
 0002:000063c0       _S                         100253c0     libucrt:ceil_pentium4.obj
 0002:000063d0       _NegZero                   100253d0     libucrt:ceil_pentium4.obj
 0002:000063e0       emask                      100253e0     libucrt:log10_pentium4.obj
 0002:000063f0       CC                         100253f0     libucrt:log10_pentium4.obj
 0002:00006400       Magic                      10025400     libucrt:log10_pentium4.obj
 0002:00006410       hi_mask                    10025410     libucrt:log10_pentium4.obj
 0002:00006420       LOG10_2                    10025420     libucrt:log10_pentium4.obj
 0002:00006430       place_L                    10025430     libucrt:log10_pentium4.obj
 0002:00006450       One                        10025450     libucrt:log10_pentium4.obj
 0002:00006460       Zero                       10025460     libucrt:log10_pentium4.obj
 0002:00006470       Two52                      10025470     libucrt:log10_pentium4.obj
 0002:00006480       Infs                       10025480     libucrt:log10_pentium4.obj
 0002:00006490       NaN                        10025490     libucrt:log10_pentium4.obj
 0002:000064a0       coeff                      100254a0     libucrt:log10_pentium4.obj
 0002:000064fe       _log2max                   100254fe     libucrt:87tran.obj
 0002:00006508       _smallarg                  10025508     libucrt:87tran.obj
 0002:00006512       _half                      10025512     libucrt:87tran.obj
 0002:0000655e       One                        1002555e     libucrt:87disp.obj
 0002:00006566       Three                      10025566     libucrt:87disp.obj
 0002:0000656e       XAMtoTagTab                1002556e     libucrt:87disp.obj
 0002:00006580       One                        10025580     libucrt:common.obj
 0002:00006594       DblMax                     10025594     libucrt:common.obj
 0002:0000659c       DblMin                     1002559c     libucrt:common.obj
 0002:000065a4       IeeeAdjO                   100255a4     libucrt:common.obj
 0002:000065ac       IeeeAdjU                   100255ac     libucrt:common.obj
 0002:000065b4       _infinity                  100255b4     libucrt:common.obj
 0002:000065bc       _zero                      100255bc     libucrt:common.obj
 0002:000065f8       _over                      100255f8     libucrt:fpctrl.obj
 0002:00006604       _under                     10025604     libucrt:fpctrl.obj
 0002:00006e38       ?_names@?1??_get_fname@@9@9 10025e38     libucrt:fpexcept.obj
 0002:00007698       __sehtable$?_AtlVerifyStackAvailable@_ATL_SAFE_ALLOCA_IMPL@ATL@@YA_NK@Z 10026698     SigCap.obj
 0002:000076b8       __sehtable$___scrt_is_nonwritable_in_current_image 100266b8     LIBCMT:utility.obj
 0002:000076d4       __ehfuncinfo$?__scrt_initialize_thread_safe_statics_platform_specific@@YAXXZ 100266d4     LIBCMT:thread_safe_statics.obj
 0002:000076f8       __catchsym$??2@YAPAXIABUnothrow_t@std@@@Z$2 100266f8     LIBCMT:new_scalar_nothrow.obj
 0002:00007708       __unwindtable$??2@YAPAXIABUnothrow_t@std@@@Z 10026708     LIBCMT:new_scalar_nothrow.obj
 0002:00007718       __tryblocktable$??2@YAPAXIABUnothrow_t@std@@@Z 10026718     LIBCMT:new_scalar_nothrow.obj
 0002:0000772c       __ehfuncinfo$??2@YAPAXIABUnothrow_t@std@@@Z 1002672c     LIBCMT:new_scalar_nothrow.obj
 0002:00007750       __sehtable$?dllmain_crt_process_attach@@YAHQAUHINSTANCE__@@QAX@Z 10026750     LIBCMT:dll_dllmain.obj
 0002:00007770       __sehtable$?dllmain_crt_process_detach@@YAH_N@Z 10026770     LIBCMT:dll_dllmain.obj
 0002:00007790       __sehtable$?dllmain_dispatch@@YAHQAUHINSTANCE__@@KQAX@Z 10026790     LIBCMT:dll_dllmain.obj
 0002:00007840       __sehtable$?FrameUnwindToState@__FrameHandler3@@SAXPAUEHRegistrationNode@@PAXPBU_s_FuncInfo@@H@Z 10026840     libvcruntime:frame.obj
 0002:00007868       __sehtable$?CallCatchBlock@@YAPAXPAUEHExceptionRecord@@PAUEHRegistrationNode@@PAU_CONTEXT@@PBU_s_FuncInfo@@PAXHK@Z 10026868     libvcruntime:frame.obj
 0002:00007890       __catchsym$?CallUnexpected@@YAXPBU_s_ESTypeList@@@Z$2 10026890     libvcruntime:frame.obj
 0002:000078a0       __unwindtable$?CallUnexpected@@YAXPBU_s_ESTypeList@@@Z 100268a0     libvcruntime:frame.obj
 0002:000078b0       __tryblocktable$?CallUnexpected@@YAXPBU_s_ESTypeList@@@Z 100268b0     libvcruntime:frame.obj
 0002:000078c4       __ehfuncinfo$?CallUnexpected@@YAXPBU_s_ESTypeList@@@Z 100268c4     libvcruntime:frame.obj
 0002:000078e8       __sehtable$??$BuildCatchObjectHelperInternal@$$CBU_s_HandlerType@@@@YAHPAUEHExceptionRecord@@PAXPBU_s_HandlerType@@PBU_s_CatchableType@@@Z 100268e8     libvcruntime:frame.obj
 0002:00007908       __sehtable$??$BuildCatchObjectInternal@$$CBU_s_HandlerType@@@@YAXPAUEHExceptionRecord@@PAXPBU_s_HandlerType@@PBU_s_CatchableType@@@Z 10026908     libvcruntime:frame.obj
 0002:00007960       __sehtable$___DestructExceptionObject 10026960     libvcruntime:ehhelpers.obj
 0002:00007980       __sehtable$??R<lambda_6e4b09c48022b2350581041d5f6b0c4c>@@QBE@XZ 10026980     libucrt:exit.obj
 0002:000079a0       __sehtable$??$?RV<lambda_03b1d95aef87969028cfba75ccab2455>@@AAV<lambda_6e4b09c48022b2350581041d5f6b0c4c>@@V<lambda_22bdf7517842c4b3e53723af5aa32b9e>@@@?$__crt_seh_guarded_call@X@@QAEX$$QAV<lambda_03b1d95aef87969028cfba75ccab2455>@@AAV<lambda_6e4b09c48022b2350581041d5f6b0c4c>@@$$QAV<lambda_22bdf7517842c4b3e53723af5aa32b9e>@@@Z 100269a0     libucrt:exit.obj
 0002:000079c0       __sehtable$??$?RV<lambda_8e746cf0007f6ed984d6f78af1fec997>@@AAV<lambda_22ebabd17bc4fa466a2aca6d8deb888d>@@V<lambda_18ed0c0b38a6dc0daf1e7ac6d6adf05e>@@@?$__crt_seh_guarded_call@H@@QAEH$$QAV<lambda_8e746cf0007f6ed984d6f78af1fec997>@@AAV<lambda_22ebabd17bc4fa466a2aca6d8deb888d>@@$$QAV<lambda_18ed0c0b38a6dc0daf1e7ac6d6adf05e>@@@Z 100269c0     libucrt:onexit.obj
 0002:000079e0       __sehtable$??$?RV<lambda_69a2805e680e0e292e8ba93315fe43a8>@@AAV<lambda_f03950bc5685219e0bcd2087efbe011e>@@V<lambda_03fcd07e894ec930e3f35da366ca99d6>@@@?$__crt_seh_guarded_call@H@@QAEH$$QAV<lambda_69a2805e680e0e292e8ba93315fe43a8>@@AAV<lambda_f03950bc5685219e0bcd2087efbe011e>@@$$QAV<lambda_03fcd07e894ec930e3f35da366ca99d6>@@@Z 100269e0     libucrt:onexit.obj
 0002:00007a00       __sehtable$__query_new_handler 10026a00     libucrt:new_handler.obj
 0002:00007a20       __sehtable$_terminate      10026a20     libucrt:terminate.obj
 0002:00007a40       __sehtable$??$?RV<lambda_15ade71b0218206bbe3333a0c9b79046>@@AAV<lambda_da44e0f8b0f19ba52fefafb335991732>@@V<lambda_207f2d024fc103971653565357d6cd41>@@@?$__crt_seh_guarded_call@X@@QAEX$$QAV<lambda_15ade71b0218206bbe3333a0c9b79046>@@AAV<lambda_da44e0f8b0f19ba52fefafb335991732>@@$$QAV<lambda_207f2d024fc103971653565357d6cd41>@@@Z 10026a40     libucrt:per_thread_data.obj
 0002:00007a60       __sehtable$??$?RV<lambda_a7e850c220f1c8d1e6efeecdedd162c6>@@AAV<lambda_46720907175c18b6c9d2717bc0d2d362>@@V<lambda_9048902d66e8d99359bc9897bbb930a8>@@@?$__crt_seh_guarded_call@X@@QAEX$$QAV<lambda_a7e850c220f1c8d1e6efeecdedd162c6>@@AAV<lambda_46720907175c18b6c9d2717bc0d2d362>@@$$QAV<lambda_9048902d66e8d99359bc9897bbb930a8>@@@Z 10026a60     libucrt:per_thread_data.obj
 0002:00007a80       __sehtable$??$?RV<lambda_38edbb1296d33220d7e4dd0ed76b244a>@@AAV<lambda_5ce1d447e08cb34b2473517608e21441>@@V<lambda_fb385d3da700c9147fc39e65dd577a8c>@@@?$__crt_seh_guarded_call@X@@QAEX$$QAV<lambda_38edbb1296d33220d7e4dd0ed76b244a>@@AAV<lambda_5ce1d447e08cb34b2473517608e21441>@@$$QAV<lambda_fb385d3da700c9147fc39e65dd577a8c>@@@Z 10026a80     libucrt:per_thread_data.obj
 0002:00007aa0       __sehtable$??$?RV<lambda_6affb1475c98b40b75cdec977db92e3c>@@AAV<lambda_b8d4b9c228a6ecc3f80208dbb4b4a104>@@V<lambda_608742c3c92a14382c1684fc64f96c88>@@@?$__crt_seh_guarded_call@X@@QAEX$$QAV<lambda_6affb1475c98b40b75cdec977db92e3c>@@AAV<lambda_b8d4b9c228a6ecc3f80208dbb4b4a104>@@$$QAV<lambda_608742c3c92a14382c1684fc64f96c88>@@@Z 10026aa0     libucrt:per_thread_data.obj
 0002:00007ac0       __sehtable$??$?RV<lambda_e5124f882df8998aaf41531e079ba474>@@AAV<lambda_3e16ef9562a7dcce91392c22ab16ea36>@@V<lambda_e25ca0880e6ef98be67edffd8c599615>@@@?$__crt_seh_guarded_call@X@@QAEX$$QAV<lambda_e5124f882df8998aaf41531e079ba474>@@AAV<lambda_3e16ef9562a7dcce91392c22ab16ea36>@@$$QAV<lambda_e25ca0880e6ef98be67edffd8c599615>@@@Z 10026ac0     libucrt:wsetlocale.obj
 0002:00007ae0       __sehtable$___acrt_initialize_lowio 10026ae0     libucrt:ioinit.obj
 0002:00007b00       __sehtable$?update_thread_multibyte_data_internal@@YAPAU__crt_multibyte_data@@QAU__acrt_ptd@@QAU1@@Z 10026b00     libucrt:mbctype.obj
 0002:00007b20       __sehtable$??$?RV<lambda_ceb1ee4838e85a9d631eb091e2fbe199>@@AAV<lambda_ae742caa10f662c28703da3d2ea5e57e>@@V<lambda_cd08b5d6af4937fe54fc07d0c9bf6b37>@@@?$__crt_seh_guarded_call@X@@QAEX$$QAV<lambda_ceb1ee4838e85a9d631eb091e2fbe199>@@AAV<lambda_ae742caa10f662c28703da3d2ea5e57e>@@$$QAV<lambda_cd08b5d6af4937fe54fc07d0c9bf6b37>@@@Z 10026b20     libucrt:mbctype.obj
 0002:00007b40       __sehtable$_raise          10026b40     libucrt:signal.obj
 0002:00007b60       __sehtable$??$?RV<lambda_cbab9ec6f41b0180b23cc171c22676b0>@@AAV<lambda_44731a7d0e6d81c3e6aa82d741081786>@@V<lambda_4b292cb8dd18144e164572427af410ab>@@@?$__crt_seh_guarded_call@P6AXH@Z@@QAEP6AXH@Z$$QAV<lambda_cbab9ec6f41b0180b23cc171c22676b0>@@AAV<lambda_44731a7d0e6d81c3e6aa82d741081786>@@$$QAV<lambda_4b292cb8dd18144e164572427af410ab>@@@Z 10026b60     libucrt:signal.obj
 0002:00007b80       __sehtable$___acrt_update_thread_locale_data 10026b80     libucrt:locale_refcounting.obj
 0002:00007ba0       __sehtable$__fcloseall     10026ba0     libucrt:closeall.obj
 0002:00007bc0       __sehtable$??$?RV<lambda_2866be3712abc81a800a822484c830d8>@@AAV<lambda_39ca0ed439415581b5b15c265174cece>@@V<lambda_2b24c74d71094a6cd0cb82e44167d71b>@@@?$__crt_seh_guarded_call@X@@QAEX$$QAV<lambda_2866be3712abc81a800a822484c830d8>@@AAV<lambda_39ca0ed439415581b5b15c265174cece>@@$$QAV<lambda_2b24c74d71094a6cd0cb82e44167d71b>@@@Z 10026bc0     libucrt:fflush.obj
 0002:00007be0       __sehtable$??$?RV<lambda_2cc53f568c5a2bb6f192f930a45d44ea>@@AAV<lambda_ab61a845afdef5b7c387490eaf3616ee>@@V<lambda_c2ffc0b7726aa6be21d5f0026187e748>@@@?$__crt_seh_guarded_call@X@@QAEX$$QAV<lambda_2cc53f568c5a2bb6f192f930a45d44ea>@@AAV<lambda_ab61a845afdef5b7c387490eaf3616ee>@@$$QAV<lambda_c2ffc0b7726aa6be21d5f0026187e748>@@@Z 10026be0     libucrt:fflush.obj
 0002:00007c00       __sehtable$___acrt_lowio_ensure_fh_exists 10026c00     libucrt:osfinfo.obj
 0002:00007c20       __sehtable$__write         10026c20     libucrt:write.obj
 0002:00007c40       __sehtable$_fclose         10026c40     libucrt:fclose.obj
 0002:00007c60       __sehtable$??$?RV<lambda_9e9de3de5fa147e2223d7db92bc10aa6>@@AAV<lambda_38ce7e780aa69e748d6df282ebc68efe>@@V<lambda_8ca6da459f0f6780f1cff60fdc3d00e5>@@@?$__crt_seh_guarded_call@H@@QAEH$$QAV<lambda_9e9de3de5fa147e2223d7db92bc10aa6>@@AAV<lambda_38ce7e780aa69e748d6df282ebc68efe>@@$$QAV<lambda_8ca6da459f0f6780f1cff60fdc3d00e5>@@@Z 10026c60     libucrt:commit.obj
 0002:00007c80       __sehtable$??$?RV<lambda_218ce3db14220d0be481dae8ef3383b6>@@AAV<lambda_628dfdc04ba53c8bfc02c9951375f3f5>@@V<lambda_57dc472bd5c9d5f3b2cbca59b8a843ae>@@@?$__crt_seh_guarded_call@H@@QAEH$$QAV<lambda_218ce3db14220d0be481dae8ef3383b6>@@AAV<lambda_628dfdc04ba53c8bfc02c9951375f3f5>@@$$QAV<lambda_57dc472bd5c9d5f3b2cbca59b8a843ae>@@@Z 10026c80     libucrt:close.obj
 0002:00007ca0       __sehtable$__IsNonwritableInCurrentImage 10026ca0     LIBCMT:pesect.obj
 0002:00007cd0       .edata                     10026cd0     OPOSSigCap.exp
 0002:00007cf8       rgpv                       10026cf8     OPOSSigCap.exp
 0002:00007d08       rgszName                   10026d08     OPOSSigCap.exp
 0002:00007d18       rgwOrd                     10026d18     OPOSSigCap.exp
 0002:00007d20       szName                     10026d20     OPOSSigCap.exp
 0002:00007d2f       $N00001                    10026d2f     OPOSSigCap.exp
 0002:00007d3f       $N00002                    10026d3f     OPOSSigCap.exp
 0002:00007d51       $N00003                    10026d51     OPOSSigCap.exp
 0002:00007d63       $N00004                    10026d63     OPOSSigCap.exp
 0002:0000837c       .idata$6                   1002737c     kernel32:KERNEL32.dll
 0002:00008590       .idata$6                   10027590     user32:USER32.dll
 0002:000086c4       .idata$6                   100276c4     gdi32:GDI32.dll
 0002:0000876a       .idata$6                   1002776a     advapi32:ADVAPI32.dll
 0002:00008886       .idata$6                   10027886     ole32:ole32.dll
 0002:00008890       .idata$6                   10027890     oleaut32:OLEAUT32.dll
 0003:00000110       ?ObjectMap@@3PAU_ATL_OBJMAP_ENTRY30@ATL@@A 10028110     SigCap.obj
 0003:000001b0       ?s_SOMethodNames@@3PAPADA  100281b0     SigCapImpl.obj
 0003:00000204       ?s_RequiredMethodsPerRelease@@3PAHA 10028204     SigCapImpl.obj
 0003:00000250       ?__vcrt_flsindex@@3KA      10028250     libvcruntime:per_thread_data.obj
 0003:00000270       ?errno_no_memory@@3HA      10028270     libucrt:errno.obj
 0003:00000274       ?doserrno_no_memory@@3KA   10028274     libucrt:errno.obj
 0003:00000280       ?__acrt_flsindex@@3KA      10028280     libucrt:per_thread_data.obj
 0003:000003f8       __mbctypes                 100283f8     libucrt:mbctype.obj
 0003:00000500       __mbcasemaps               10028500     libucrt:mbctype.obj
 0003:00000600       ?__rgctypeflag@@3PADA      10028600     libucrt:mbctype.obj
 0003:00000608       ?__rgcode_page_info@@3PAUcode_page_info@@A 10028608     libucrt:mbctype.obj
 0003:00000b10       ?is_initialized_as_dll@@3_NA 10028b10     LIBCMT:utility.obj
 0003:00000b11       ?module_local_atexit_table_initialized@@3_NA 10028b11     LIBCMT:utility.obj
 0003:00000b14       ?module_local_atexit_table@@3U_onexit_table_t@@A 10028b14     LIBCMT:utility.obj
 0003:00000b20       ?module_local_at_quick_exit_table@@3U_onexit_table_t@@A 10028b20     LIBCMT:utility.obj
 0003:00000b2c       ?_Tss_mutex@@3U_RTL_CRITICAL_SECTION@@A 10028b2c     LIBCMT:thread_safe_statics.obj
 0003:00000b44       ?_Tss_cv@@3U_RTL_CONDITION_VARIABLE@@A 10028b44     LIBCMT:thread_safe_statics.obj
 0003:00000b48       ?_Tss_event@@3PAXA         10028b48     LIBCMT:thread_safe_statics.obj
 0003:00000b4c       ?encoded_sleep_condition_variable_cs@@3P6GHPAU_RTL_CONDITION_VARIABLE@@PAU_RTL_CRITICAL_SECTION@@K@ZA 10028b4c     LIBCMT:thread_safe_statics.obj
 0003:00000b50       ?encoded_wake_all_condition_variable@@3P6GXPAU_RTL_CONDITION_VARIABLE@@@ZA 10028b50     LIBCMT:thread_safe_statics.obj
 0003:00000b58       _GS_ExceptionRecord        10028b58     LIBCMT:gs_report.obj
 0003:00000ba8       _GS_ContextRecord          10028ba8     LIBCMT:gs_report.obj
 0003:00000e78       ?__proc_attached@@3HA      10028e78     LIBCMT:dll_dllmain.obj
 0003:00000ed4       ?AllocateData@@3P6GPAUAtlThunkData_t@@XZA 10028ed4     atls:atlthunk.obj
 0003:00000ed8       ?InitData@@3P6GXPAUAtlThunkData_t@@PAXI@ZA 10028ed8     atls:atlthunk.obj
 0003:00000edc       ?DataToCode@@3P6GP6GJPAUHWND__@@IIJ@ZPAUAtlThunkData_t@@@ZA 10028edc     atls:atlthunk.obj
 0003:00000ee0       ?FreeData@@3P6GXPAUAtlThunkData_t@@@ZA 10028ee0     atls:atlthunk.obj
 0003:00000ee4       ?Initialized@@3_NA         10028ee4     atls:atlthunk.obj
 0003:00000ef0       ?__vcrt_startup_thread_ptd@@3U__vcrt_ptd@@A 10028ef0     libvcruntime:per_thread_data.obj
 0003:00000f18       ___vcrt_lock_table         10028f18     libvcruntime:locks.obj
 0003:00000f30       ___vcrt_locks_initialized  10028f30     libvcruntime:locks.obj
 0003:00000f34       ?module_handles@@3PAPAUHINSTANCE__@@A 10028f34     libvcruntime:winapi_downlevel.obj
 0003:00000f40       ?encoded_function_pointers@@3PAPAXA 10028f40     libvcruntime:winapi_downlevel.obj
 0003:00000f7c       ?heap@@3V_HeapManager@@A   10028f7c     libvcruntime:undname.obj
 0003:00000f94       ?__acrt_invalid_parameter_handler@@3V?$dual_state_global@P6AXPB_W00II@Z@__crt_state_management@@A 10028f94     libucrt:invalid_parameter.obj
 0003:00000f98       ?c_termination_complete@@3JA 10028f98     libucrt:exit.obj
 0003:00000f9c       ?thread_local_exit_callback_func@@3P6GXPAXK0@ZA 10028f9c     libucrt:exit.obj
 0003:00000fa8       ?program_name@?1???$common_configure_argv@D@@YAHW4_crt_argv_mode@@@Z@4PADA 10028fa8     libucrt:argv_parsing.obj
 0003:000010d8       ?__acrt_new_handler@@3V?$dual_state_global@P6AHI@Z@__crt_state_management@@A 100290d8     libucrt:new_handler.obj
 0003:000010e0       ?module_handles@@3PAPAUHINSTANCE__@@A 100290e0     libucrt:winapi_thunks.obj
 0003:00001130       ?encoded_function_pointers@@3PAPAXA 10029130     libucrt:winapi_thunks.obj
 0003:000011c0       ?enable_percent_n@@3IA     100291c0     libucrt:printf_count_output.obj
 0003:000013e0       ?__acrt_lock_table@@3PAU_RTL_CRITICAL_SECTION@@A 100293e0     libucrt:locks.obj
 0003:00001530       ?__acrt_locks_initialized@@3IA 10029530     libucrt:locks.obj
 0003:00001540       ?fSystemSet@@3HA           10029540     libucrt:mbctype.obj
 0003:00001544       ?initialized@?1??__acrt_initialize_multibyte@@9@4_NA 10029544     libucrt:mbctype.obj
 0003:00001564       ?ctrlc_action@@3V?$dual_state_global@P6AXH@Z@__crt_state_management@@A 10029564     libucrt:signal.obj
 0003:00001568       ?ctrlbreak_action@@3V?$dual_state_global@P6AXH@Z@__crt_state_management@@A 10029568     libucrt:signal.obj
 0003:0000156c       ?abort_action@@3V?$dual_state_global@P6AXH@Z@__crt_state_management@@A 1002956c     libucrt:signal.obj
 0003:00001570       ?term_action@@3V?$dual_state_global@P6AXH@Z@__crt_state_management@@A 10029570     libucrt:signal.obj
 0003:00001574       ?user_matherr@@3V?$dual_state_global@P6AHPAU_exception@@@Z@__crt_state_management@@A 10029574     libucrt:matherr.obj
 0003:00001578       ?__acrt_global_new_mode@@3V?$dual_state_global@J@__crt_state_management@@A 10029578     libucrt:new_mode.obj
 0003:00001584       ?__acrt_app_type@@3W4_crt_app_type@@A 10029584     libucrt:report_runtime_error.obj
 0003:0000158c       __pmatherr_set             1002958c     libucrt:libm_error.obj
 0004:00000220       $R000000                   1002a220     SigCap.res
 0004:00000b78       $R000958                   1002ab78     SigCap.res
 0004:00000c60       $R000A40                   1002ac60     SigCap.res
 0004:00000ec8       $R000CA8                   1002aec8     SigCap.res
 0004:000013d0       $R0011B0                   1002b3d0     SigCap.res
 0004:00003f70       $R003D50                   1002df70     SigCap.res
 0004:00003fa0       $R003D80                   1002dfa0     SigCap.res
