 OPOSImageScanner

 Timestamp is 5ed45841 (Mon Jun  1 10:22:09 2020)

 Preferred load address is 10000000

 Start         Length     Name                   Class
 0001:00000000 00000080H .text$di                CODE
 0001:00000080 0001e2c3H .text$mn                CODE
 0001:0001e343 00000036H .text$x                 CODE
 0001:0001e379 00000042H .text$yd                CODE
 0002:00000000 000002fcH .idata$5                DATA
 0002:000002fc 00000004H .00cfg                  DATA
 0002:00000300 00000004H .CRT$XCA                DATA
 0002:00000304 00000004H .CRT$XCL                DATA
 0002:00000308 00000010H .CRT$XCU                DATA
 0002:00000318 00000004H .CRT$XCZ                DATA
 0002:0000031c 00000004H .CRT$XIA                DATA
 0002:00000320 00000010H .CRT$XIC                DATA
 0002:00000330 00000004H .CRT$XIZ                DATA
 0002:00000334 00000004H .CRT$XLA                DATA
 0002:00000338 00000004H .CRT$XLZ                DATA
 0002:0000033c 00000004H .CRT$XPA                DATA
 0002:00000340 00000008H .CRT$XPX                DATA
 0002:00000348 00000004H .CRT$XPXA               DATA
 0002:0000034c 00000004H .CRT$XPZ                DATA
 0002:00000350 00000004H .CRT$XTA                DATA
 0002:00000354 0000000cH .CRT$XTZ                DATA
 0002:00000358 00000000H .gfids$y                DATA
 0002:00000360 000072d8H .rdata                  DATA
 0002:00007638 00000018H .rdata$T                DATA
 0002:00007650 00000178H .rdata$r                DATA
 0002:000077c8 0000001cH .rdata$sxdata           DATA
 0002:000077e4 000003e0H .rdata$zzzdbg           DATA
 0002:00007bc4 00000004H .rtc$IAA                DATA
 0002:00007bc8 00000004H .rtc$IZZ                DATA
 0002:00007bcc 00000004H .rtc$TAA                DATA
 0002:00007bd0 00000004H .rtc$TZZ                DATA
 0002:00007bd4 00000004H .tls                    DATA
 0002:00007bd8 00000004H .tls$                   DATA
 0002:00007bdc 00000004H .tls$ZZZ                DATA
 0002:00007be0 0000062cH .xdata$x                DATA
 0002:0000820c 00000004H ATL$__a                 DATA
 0002:00008210 00000010H ATL$__z                 DATA
 0002:00008220 000000b0H .edata                  DATA
 0002:000082d0 00000078H .idata$2                DATA
 0002:00008348 00000014H .idata$3                DATA
 0002:0000835c 000002fcH .idata$4                DATA
 0002:00008658 00000bceH .idata$6                DATA
 0003:00000000 00000a90H .data                   DATA
 0003:00000a90 00000098H .data$r                 DATA
 0003:00000b28 00000b80H .bss                    DATA
 0004:00000000 00000220H .rsrc$01                DATA
 0004:00000220 000043c8H .rsrc$02                DATA

  Address         Publics by Value              Rva+Base       Lib:Object

 0000:00000000       ___arm64x_redirection_metadata 00000000     <absolute>
 0000:00000000       ___x64_code_ranges_to_entry_points 00000000     <absolute>
 0000:00000000       ___guard_iat_count         00000000     <absolute>
 0000:00000000       ___guard_fids_count        00000000     <absolute>
 0000:00000000       ___guard_longjmp_table     00000000     <absolute>
 0000:00000000       ___hybrid_code_map_count   00000000     <absolute>
 0000:00000000       ___dynamic_value_reloc_table 00000000     <absolute>
 0000:00000000       ___guard_longjmp_count     00000000     <absolute>
 0000:00000000       __except_list              00000000     <absolute>
 0000:00000000       ___arm64x_native_entrypoint 00000000     <absolute>
 0000:00000000       ___guard_fids_table        00000000     <absolute>
 0000:00000000       ___guard_eh_cont_count     00000000     <absolute>
 0000:00000000       ___hybrid_auxiliary_iat    00000000     <absolute>
 0000:00000000       ___guard_iat_table         00000000     <absolute>
 0000:00000000       ___volatile_metadata       00000000     <absolute>
 0000:00000000       ___enclave_config          00000000     <absolute>
 0000:00000000       ___AbsoluteZero            00000000     <absolute>
 0000:00000000       ___guard_eh_cont_table     00000000     <absolute>
 0000:00000000       ___hybrid_code_map         00000000     <absolute>
 0000:00000007       ___safe_se_handler_count   00000007     <absolute>
 0000:0000002c       __tls_array                0000002c     <absolute>
 0000:00000100       ___guard_flags             00000100     <absolute>
 0000:00000000       ___ImageBase               10000000     <linker-defined>
 0001:00000080       ?DupWide@_CW@@AAEXXZ       10001080 f   CWString.obj
 0001:0000009c       ?cw_dup@@YGXPBDAAHAAPA_W1@Z 1000109c f   CWString.obj
 0001:00000124       ?cw_memcpy@@YGHPA_WPBDH@Z  10001124 f   CWString.obj
 0001:00000150       ?cw_strcpy@@YAHPA_WPBD@Z   10001150 f   CWString.obj
 0001:00000163       ?cw_strlen@@YAHPBD@Z       10001163 f   CWString.obj
 0001:0000017c       ??0CAtlComModule@ATL@@QAE@XZ 1000117c f i OposVariant.obj
 0001:000001c1       ??0CAtlWinModule@ATL@@QAE@XZ 100011c1 f i OposVariant.obj
 0001:000001f8       ??0OposDispParms@@QAE@PAVOposVariant@@H@Z 100011f8 f   OposVariant.obj
 0001:00000269       ??1OposDispParms@@QAE@XZ   10001269 f   OposVariant.obj
 0001:00000277       ??A?$CSimpleArray@GV?$CSimpleArrayEqualHelper@G@ATL@@@ATL@@QAEAAGH@Z 10001277 f i OposVariant.obj
 0001:0000029c       ??_Estringdispid@CComTypeInfoHolder@ATL@@QAEPAXI@Z 1000129c f i OposVariant.obj
 0001:00000308       ?AtlWinModuleInit@ATL@@YGJPAU_ATL_WIN_MODULE70@1@@Z 10001308 f i OposVariant.obj
 0001:0000032e       ?AtlWinModuleTerm@ATL@@YGJPAU_ATL_WIN_MODULE70@1@PAUHINSTANCE__@@@Z 1000132e f i OposVariant.obj
 0001:00000391       ?ChangeBSTR@OposVariant@@QAEXPAPA_WAAJ@Z 10001391 f   OposVariant.obj
 0001:000003d2       ?ChangeLONG@OposVariant@@QAEXPAJAAJ@Z 100013d2 f   OposVariant.obj
 0001:00000413       ?GetLONG@OposVariant@@QAEJXZ 10001413 f   OposVariant.obj
 0001:0000042e       ?Init@CComCriticalSection@ATL@@QAEJXZ 1000142e f i OposVariant.obj
 0001:00000456       ?RemoveAll@?$CSimpleArray@PAUHINSTANCE__@@V?$CSimpleArrayEqualHelper@PAUHINSTANCE__@@@ATL@@@ATL@@QAEXXZ 10001456 f i atls:atlbase.obj
 0001:00000456       ?RemoveAll@?$CSimpleArray@GV?$CSimpleArrayEqualHelper@G@ATL@@@ATL@@QAEXXZ 10001456 f i OposVariant.obj
 0001:00000473       ?SetBSTR@OposVariant@@QAEXPA_WAAJ@Z 10001473 f   OposVariant.obj
 0001:000004a7       ?SetBSTR_Copy@OposVariant@@QAEXPA_WAAJ@Z 100014a7 f   OposVariant.obj
 0001:000004f7       ?SetBSTR_InOutPtr@OposVariant@@QAE_NPAPA_WAAJ@Z 100014f7 f   OposVariant.obj
 0001:0000052e       ?SetDispatch_Ptr@OposVariant@@QAEXPAUIDispatch@@AAJ@Z 1000152e f   OposVariant.obj
 0001:00000569       ?SetLONG@OposVariant@@QAEXJ@Z 10001569 f   OposVariant.obj
 0001:0000058b       ?SetLONG_Ptr@OposVariant@@QAEXPAJAAJ@Z 1000158b f   OposVariant.obj
 0001:000005be       ?SetString@OposVariant@@QAEXPB_WAAJ@Z 100015be f   OposVariant.obj
 0001:00000604       ?SetVARIANT_BOOL@OposVariant@@QAEXF@Z 10001604 f   OposVariant.obj
 0001:0000062e       ?Term@CAtlComModule@ATL@@QAEXXZ 1000162e f i OposVariant.obj
 0001:00000678       ?_AtlRaiseException@ATL@@YAXKK@Z 10001678 f i OposVariant.obj
 0001:0000068d       ?Release@?$CComObject@VCOPOSImageScanner@@@ATL@@WJI@AGKXZ 1000168d f i ImageScanner.obj
 0001:0000069a       ?QueryInterface@?$CComObject@VCOPOSImageScanner@@@ATL@@WJM@AGJABU_GUID@@PAPAX@Z 1000169a f i ImageScanner.obj
 0001:000006a7       ?AddRef@?$CComObject@VCOPOSImageScanner@@@ATL@@WJM@AGKXZ 100016a7 f i ImageScanner.obj
 0001:000006b4       ?Release@?$CComObject@VCOPOSImageScanner@@@ATL@@WJM@AGKXZ 100016b4 f i ImageScanner.obj
 0001:000006c1       ?QueryInterface@?$CComObject@VCOPOSImageScanner@@@ATL@@WKA@AGJABU_GUID@@PAPAX@Z 100016c1 f i ImageScanner.obj
 0001:000006ce       ?AddRef@?$CComObject@VCOPOSImageScanner@@@ATL@@WKA@AGKXZ 100016ce f i ImageScanner.obj
 0001:000006db       ?Release@?$CComObject@VCOPOSImageScanner@@@ATL@@WKA@AGKXZ 100016db f i ImageScanner.obj
 0001:000006e8       ?AddRef@?$CComObject@VCOPOSImageScanner@@@ATL@@WKI@AGKXZ 100016e8 f i ImageScanner.obj
 0001:000006f5       ?Release@?$CComObject@VCOPOSImageScanner@@@ATL@@WKI@AGKXZ 100016f5 f i ImageScanner.obj
 0001:00000702       ?AddRef@?$CComObject@VCOPOSImageScanner@@@ATL@@WLE@AGKXZ 10001702 f i ImageScanner.obj
 0001:0000070f       ?Release@?$CComObject@VCOPOSImageScanner@@@ATL@@WLE@AGKXZ 1000170f f i ImageScanner.obj
 0001:0000071c       ??_E?$CComContainedObject@VCOPOSImageScanner@@@ATL@@W3AEPAXI@Z 1000171c f i ImageScanner.obj
 0001:00000724       ??_E?$CComContainedObject@VCOPOSImageScanner@@@ATL@@WEM@AEPAXI@Z 10001724 f i ImageScanner.obj
 0001:0000072c       ?QueryInterface@?$CComContainedObject@VCOPOSImageScanner@@@ATL@@WHA@AGJABU_GUID@@PAPAX@Z 1000172c f i ImageScanner.obj
 0001:00000736       ?AddRef@?$CComContainedObject@VCOPOSImageScanner@@@ATL@@WHA@AGKXZ 10001736 f i ImageScanner.obj
 0001:00000740       ?Release@?$CComContainedObject@VCOPOSImageScanner@@@ATL@@WHA@AGKXZ 10001740 f i ImageScanner.obj
 0001:0000074a       ?QueryInterface@?$CComContainedObject@VCOPOSImageScanner@@@ATL@@WHE@AGJABU_GUID@@PAPAX@Z 1000174a f i ImageScanner.obj
 0001:00000754       ?AddRef@?$CComContainedObject@VCOPOSImageScanner@@@ATL@@WHE@AGKXZ 10001754 f i ImageScanner.obj
 0001:0000075e       ?Release@?$CComContainedObject@VCOPOSImageScanner@@@ATL@@WHE@AGKXZ 1000175e f i ImageScanner.obj
 0001:00000768       ?QueryInterface@?$CComContainedObject@VCOPOSImageScanner@@@ATL@@WHI@AGJABU_GUID@@PAPAX@Z 10001768 f i ImageScanner.obj
 0001:00000772       ?AddRef@?$CComContainedObject@VCOPOSImageScanner@@@ATL@@WHI@AGKXZ 10001772 f i ImageScanner.obj
 0001:0000077c       ?Release@?$CComContainedObject@VCOPOSImageScanner@@@ATL@@WHI@AGKXZ 1000177c f i ImageScanner.obj
 0001:00000786       ?QueryInterface@?$CComContainedObject@VCOPOSImageScanner@@@ATL@@WHM@AGJABU_GUID@@PAPAX@Z 10001786 f i ImageScanner.obj
 0001:00000790       ?AddRef@?$CComContainedObject@VCOPOSImageScanner@@@ATL@@WHM@AGKXZ 10001790 f i ImageScanner.obj
 0001:0000079a       ?Release@?$CComContainedObject@VCOPOSImageScanner@@@ATL@@WHM@AGKXZ 1000179a f i ImageScanner.obj
 0001:000007a4       ?QueryInterface@?$CComContainedObject@VCOPOSImageScanner@@@ATL@@WIA@AGJABU_GUID@@PAPAX@Z 100017a4 f i ImageScanner.obj
 0001:000007b1       ?AddRef@?$CComContainedObject@VCOPOSImageScanner@@@ATL@@WIA@AGKXZ 100017b1 f i ImageScanner.obj
 0001:000007be       ?Release@?$CComContainedObject@VCOPOSImageScanner@@@ATL@@WIA@AGKXZ 100017be f i ImageScanner.obj
 0001:000007cb       ?QueryInterface@?$CComContainedObject@VCOPOSImageScanner@@@ATL@@WIE@AGJABU_GUID@@PAPAX@Z 100017cb f i ImageScanner.obj
 0001:000007d8       ?AddRef@?$CComContainedObject@VCOPOSImageScanner@@@ATL@@WIE@AGKXZ 100017d8 f i ImageScanner.obj
 0001:000007e5       ?Release@?$CComContainedObject@VCOPOSImageScanner@@@ATL@@WIE@AGKXZ 100017e5 f i ImageScanner.obj
 0001:000007f2       ?QueryInterface@?$CComContainedObject@VCOPOSImageScanner@@@ATL@@WII@AGJABU_GUID@@PAPAX@Z 100017f2 f i ImageScanner.obj
 0001:000007ff       ?AddRef@?$CComContainedObject@VCOPOSImageScanner@@@ATL@@WII@AGKXZ 100017ff f i ImageScanner.obj
 0001:0000080c       ?Release@?$CComContainedObject@VCOPOSImageScanner@@@ATL@@WII@AGKXZ 1000180c f i ImageScanner.obj
 0001:00000819       ?QueryInterface@?$CComContainedObject@VCOPOSImageScanner@@@ATL@@WIM@AGJABU_GUID@@PAPAX@Z 10001819 f i ImageScanner.obj
 0001:00000826       ?AddRef@?$CComContainedObject@VCOPOSImageScanner@@@ATL@@WIM@AGKXZ 10001826 f i ImageScanner.obj
 0001:00000833       ?Release@?$CComContainedObject@VCOPOSImageScanner@@@ATL@@WIM@AGKXZ 10001833 f i ImageScanner.obj
 0001:00000840       ?QueryInterface@?$CComContainedObject@VCOPOSImageScanner@@@ATL@@WJA@AGJABU_GUID@@PAPAX@Z 10001840 f i ImageScanner.obj
 0001:0000084d       ?AddRef@?$CComContainedObject@VCOPOSImageScanner@@@ATL@@WJA@AGKXZ 1000184d f i ImageScanner.obj
 0001:0000085a       ?Release@?$CComContainedObject@VCOPOSImageScanner@@@ATL@@WJA@AGKXZ 1000185a f i ImageScanner.obj
 0001:00000867       ?QueryInterface@?$CComContainedObject@VCOPOSImageScanner@@@ATL@@WJE@AGJABU_GUID@@PAPAX@Z 10001867 f i ImageScanner.obj
 0001:00000874       ?AddRef@?$CComContainedObject@VCOPOSImageScanner@@@ATL@@WJE@AGKXZ 10001874 f i ImageScanner.obj
 0001:00000881       ?Release@?$CComContainedObject@VCOPOSImageScanner@@@ATL@@WJE@AGKXZ 10001881 f i ImageScanner.obj
 0001:0000088e       ?QueryInterface@?$CComContainedObject@VCOPOSImageScanner@@@ATL@@WJI@AGJABU_GUID@@PAPAX@Z 1000188e f i ImageScanner.obj
 0001:0000089b       ?AddRef@?$CComContainedObject@VCOPOSImageScanner@@@ATL@@WJI@AGKXZ 1000189b f i ImageScanner.obj
 0001:000008a8       ?Release@?$CComContainedObject@VCOPOSImageScanner@@@ATL@@WJI@AGKXZ 100018a8 f i ImageScanner.obj
 0001:000008b5       ?QueryInterface@?$CComContainedObject@VCOPOSImageScanner@@@ATL@@WJM@AGJABU_GUID@@PAPAX@Z 100018b5 f i ImageScanner.obj
 0001:000008c2       ?AddRef@?$CComContainedObject@VCOPOSImageScanner@@@ATL@@WJM@AGKXZ 100018c2 f i ImageScanner.obj
 0001:000008cf       ?Release@?$CComContainedObject@VCOPOSImageScanner@@@ATL@@WJM@AGKXZ 100018cf f i ImageScanner.obj
 0001:000008dc       ?QueryInterface@?$CComContainedObject@VCOPOSImageScanner@@@ATL@@WKA@AGJABU_GUID@@PAPAX@Z 100018dc f i ImageScanner.obj
 0001:000008e9       ?AddRef@?$CComContainedObject@VCOPOSImageScanner@@@ATL@@WKA@AGKXZ 100018e9 f i ImageScanner.obj
 0001:000008f6       ?Release@?$CComContainedObject@VCOPOSImageScanner@@@ATL@@WKA@AGKXZ 100018f6 f i ImageScanner.obj
 0001:00000903       ?AddRef@?$CComContainedObject@VCOPOSImageScanner@@@ATL@@WKI@AGKXZ 10001903 f i ImageScanner.obj
 0001:00000910       ?Release@?$CComContainedObject@VCOPOSImageScanner@@@ATL@@WKI@AGKXZ 10001910 f i ImageScanner.obj
 0001:0000091d       ?AddRef@?$CComContainedObject@VCOPOSImageScanner@@@ATL@@WLE@AGKXZ 1000191d f i ImageScanner.obj
 0001:0000092a       ?Release@?$CComContainedObject@VCOPOSImageScanner@@@ATL@@WLE@AGKXZ 1000192a f i ImageScanner.obj
 0001:00000937       ?CreateInstance@CComClassFactory@ATL@@UAGJPAUIUnknown@@ABU_GUID@@PAPAX@Z 10001937 f i ImageScanner.obj
 0001:00000975       ?LockServer@CComClassFactory@ATL@@UAGJH@Z 10001975 f i ImageScanner.obj
 0001:00000994       ??_ECComClassFactory@ATL@@UAEPAXI@Z 10001994 f i ImageScanner.obj
 0001:00000994       ??_GCComClassFactory@ATL@@UAEPAXI@Z 10001994 f i ImageScanner.obj
 0001:000009bf       ?GetWindowProc@?$CWindowImplBaseT@VCWindow@ATL@@V?$CWinTraits@$0FGAAAAAA@$0A@@2@@ATL@@UAEP6GJPAUHWND__@@IIJ@ZXZ 100019bf f i ImageScanner.obj
 0001:000009c5       ?StartWindowProc@?$CWindowImplBaseT@VCWindow@ATL@@V?$CWinTraits@$0FGAAAAAA@$0A@@2@@ATL@@SGJPAUHWND__@@IIJ@Z 100019c5 f i ImageScanner.obj
 0001:00000a19       ?ObjectMain@CComObjectRootBase@ATL@@SGX_N@Z 10001a19 f i ImageScanner.obj
 0001:00000a19       ?OnFinalMessage@?$CWindowImplBaseT@VCWindow@ATL@@V?$CWinTraits@$0FGAAAAAA@$0A@@2@@ATL@@UAEXPAUHWND__@@@Z 10001a19 f i ImageScanner.obj
 0001:00000a1c       ?GetTypeInfoCount@?$IDispatchImpl@UIOPOSImageScanner@@$1?IID_IOPOSImageScanner@@3U_GUID@@B$1?LIBID_OposImageScanner_CCO@@3U3@B$00$0A@VCComTypeInfoHolder@ATL@@@ATL@@UAGJPAI@Z 10001a1c f i ImageScanner.obj
 0001:00000a39       ?GetTypeInfo@?$IDispatchImpl@UIOPOSImageScanner@@$1?IID_IOPOSImageScanner@@3U_GUID@@B$1?LIBID_OposImageScanner_CCO@@3U3@B$00$0A@VCComTypeInfoHolder@ATL@@@ATL@@UAGJIKPAPAUITypeInfo@@@Z 10001a39 f i ImageScanner.obj
 0001:00000a5d       ?GetIDsOfNames@?$IDispatchImpl@UIOPOSImageScanner@@$1?IID_IOPOSImageScanner@@3U_GUID@@B$1?LIBID_OposImageScanner_CCO@@3U3@B$00$0A@VCComTypeInfoHolder@ATL@@@ATL@@UAGJABU_GUID@@PAPA_WIKPAJ@Z 10001a5d f i ImageScanner.obj
 0001:00000a7d       ?Invoke@?$IDispatchImpl@UIOPOSImageScanner@@$1?IID_IOPOSImageScanner@@3U_GUID@@B$1?LIBID_OposImageScanner_CCO@@3U3@B$00$0A@VCComTypeInfoHolder@ATL@@@ATL@@UAGJJABU_GUID@@KGPAUtagDISPPARAMS@@PAUtagVARIANT@@PAUtagEXCEPINFO@@PAI@Z 10001a7d f i ImageScanner.obj
 0001:00000a8b       ?CreateControlWindow@?$CComControl@VCOPOSImageScanner@@V?$CWindowImpl@VCOPOSImageScanner@@VCWindow@ATL@@V?$CWinTraits@$0FGAAAAAA@$0A@@3@@ATL@@@ATL@@UAEPAUHWND__@@PAU3@AAUtagRECT@@@Z 10001a8b f i ImageScanner.obj
 0001:00000aba       ?ControlQueryInterface@?$CComControl@VCOPOSImageScanner@@V?$CWindowImpl@VCOPOSImageScanner@@VCWindow@ATL@@V?$CWinTraits@$0FGAAAAAA@$0A@@3@@ATL@@@ATL@@UAEJABU_GUID@@PAPAX@Z 10001aba f i ImageScanner.obj
 0001:00000ad5       ?GetClassID@?$IPersistStorageImpl@VCOPOSImageScanner@@@ATL@@UAGJPAU_GUID@@@Z 10001ad5 f i ImageScanner.obj
 0001:00000ad5       ?GetClassID@?$IPersistStreamInitImpl@VCOPOSImageScanner@@@ATL@@UAGJPAU_GUID@@@Z 10001ad5 f i ImageScanner.obj
 0001:00000ad5       ?GetUserClassID@?$IOleObjectImpl@VCOPOSImageScanner@@@ATL@@UAGJPAU_GUID@@@Z 10001ad5 f i ImageScanner.obj
 0001:00000af9       ?IsDirty@?$IPersistStreamInitImpl@VCOPOSImageScanner@@@ATL@@UAGJXZ 10001af9 f i ImageScanner.obj
 0001:00000b18       ?Load@?$IPersistStreamInitImpl@VCOPOSImageScanner@@@ATL@@UAGJPAUIStream@@@Z 10001b18 f i ImageScanner.obj
 0001:00000b37       ?Save@?$IPersistStreamInitImpl@VCOPOSImageScanner@@@ATL@@UAGJPAUIStream@@H@Z 10001b37 f i ImageScanner.obj
 0001:00000b59       ?GetSizeMax@?$IPersistStreamInitImpl@VCOPOSImageScanner@@@ATL@@UAGJPAT_ULARGE_INTEGER@@@Z 10001b59 f i ImageScanner.obj
 0001:00000d38       ?InitNew@?$IPersistStreamInitImpl@VCOPOSImageScanner@@@ATL@@UAGJXZ 10001d38 f i ImageScanner.obj
 0001:00000d55       ?OnMnemonic@?$IOleControlImpl@VCOPOSImageScanner@@@ATL@@UAGJPAUtagMSG@@@Z 10001d55 f i ImageScanner.obj
 0001:00000d55       ?SetColorScheme@?$IOleObjectImpl@VCOPOSImageScanner@@@ATL@@UAGJPAUtagLOGPALETTE@@@Z 10001d55 f i ImageScanner.obj
 0001:00000d55       ?Unfreeze@?$IViewObjectExImpl@VCOPOSImageScanner@@@ATL@@UAGJK@Z 10001d55 f i ImageScanner.obj
 0001:00000d55       ?SOOutputCompleteDummy@COPOSImageScanner@@MAGJJ@Z 10001d55 f i ImageScanner.obj
 0001:00000d55       ?ContextSensitiveHelp@?$IOleInPlaceActiveObjectImpl@VCOPOSImageScanner@@@ATL@@UAGJH@Z 10001d55 f i ImageScanner.obj
 0001:00000d55       ?QueryGetData@?$IDataObjectImpl@VCOPOSImageScanner@@@ATL@@UAGJPAUtagFORMATETC@@@Z 10001d55 f i ImageScanner.obj
 0001:00000d55       ?GetDropTarget@?$IOleInPlaceObjectWindowlessImpl@VCOPOSImageScanner@@@ATL@@UAGJPAPAUIDropTarget@@@Z 10001d55 f i ImageScanner.obj
 0001:00000d55       ?GetControlInfo@?$IOleControlImpl@VCOPOSImageScanner@@@ATL@@UAGJPAUtagCONTROLINFO@@@Z 10001d55 f i ImageScanner.obj
 0001:00000d55       ?ContextSensitiveHelp@?$IOleInPlaceObjectWindowlessImpl@VCOPOSImageScanner@@@ATL@@UAGJH@Z 10001d55 f i ImageScanner.obj
 0001:00000d5d       ?EnableModeless@?$IOleInPlaceActiveObjectImpl@VCOPOSImageScanner@@@ATL@@UAGJH@Z 10001d5d f i ImageScanner.obj
 0001:00000d5d       ?SaveCompleted@?$IPersistStorageImpl@VCOPOSImageScanner@@@ATL@@UAGJPAUIStorage@@@Z 10001d5d f i ImageScanner.obj
 0001:00000d5d       ?OnAmbientPropertyChange@?$IOleControlImpl@VCOPOSImageScanner@@@ATL@@UAGJJ@Z 10001d5d f i ImageScanner.obj
 0001:00000d5d       ?OnFrameWindowActivate@?$IOleInPlaceActiveObjectImpl@VCOPOSImageScanner@@@ATL@@UAGJH@Z 10001d5d f i ImageScanner.obj
 0001:00000d62       ?SetClientSite@?$IOleObjectImpl@VCOPOSImageScanner@@@ATL@@UAGJPAUIOleClientSite@@@Z 10001d62 f i ImageScanner.obj
 0001:00000d7f       ?GetClientSite@?$IOleObjectImpl@VCOPOSImageScanner@@@ATL@@UAGJPAPAUIOleClientSite@@@Z 10001d7f f i ImageScanner.obj
 0001:00000d9c       ?SetHostNames@?$IOleObjectImpl@VCOPOSImageScanner@@@ATL@@UAGJPB_W0@Z 10001d9c f i ImageScanner.obj
 0001:00000da1       ?Close@?$IOleObjectImpl@VCOPOSImageScanner@@@ATL@@UAGJK@Z 10001da1 f i ImageScanner.obj
 0001:00000dbe       ?EnumFormatEtc@?$IDataObjectImpl@VCOPOSImageScanner@@@ATL@@UAGJKPAPAUIEnumFORMATETC@@@Z 10001dbe f i ImageScanner.obj
 0001:00000dbe       ?GetClipboardData@?$IOleObjectImpl@VCOPOSImageScanner@@@ATL@@UAGJKPAPAUIDataObject@@@Z 10001dbe f i ImageScanner.obj
 0001:00000dbe       ?GetCanonicalFormatEtc@?$IDataObjectImpl@VCOPOSImageScanner@@@ATL@@UAGJPAUtagFORMATETC@@0@Z 10001dbe f i ImageScanner.obj
 0001:00000dbe       ?QueryInterface@CRegObject@ATL@@UAGJABU_GUID@@PAPAX@Z 10001dbe f i ImageScanner.obj
 0001:00000dbe       ?GetDataHere@?$IDataObjectImpl@VCOPOSImageScanner@@@ATL@@UAGJPAUtagFORMATETC@@PAUtagSTGMEDIUM@@@Z 10001dbe f i ImageScanner.obj
 0001:00000dbe       ?GetRect@?$IViewObjectExImpl@VCOPOSImageScanner@@@ATL@@UAGJKPAU_RECTL@@@Z 10001dbe f i ImageScanner.obj
 0001:00000dbe       ?SetMoniker@?$IOleObjectImpl@VCOPOSImageScanner@@@ATL@@UAGJKPAUIMoniker@@@Z 10001dbe f i ImageScanner.obj
 0001:00000dc6       ?GetMoniker@?$IOleObjectImpl@VCOPOSImageScanner@@@ATL@@UAGJKKPAPAUIMoniker@@@Z 10001dc6 f i ImageScanner.obj
 0001:00000dc6       ?SetData@?$IDataObjectImpl@VCOPOSImageScanner@@@ATL@@UAGJPAUtagFORMATETC@@PAUtagSTGMEDIUM@@H@Z 10001dc6 f i ImageScanner.obj
 0001:00000dc6       ?InitFromData@?$IOleObjectImpl@VCOPOSImageScanner@@@ATL@@UAGJPAUIDataObject@@HK@Z 10001dc6 f i ImageScanner.obj
 0001:00000dce       ?DoVerb@?$IOleObjectImpl@VCOPOSImageScanner@@@ATL@@UAGJJPAUtagMSG@@PAUIOleClientSite@@JPAUHWND__@@PBUtagRECT@@@Z 10001dce f i ImageScanner.obj
 0001:00000ec2       ?EnumVerbs@?$IOleObjectImpl@VCOPOSImageScanner@@@ATL@@UAGJPAPAUIEnumOLEVERB@@@Z 10001ec2 f i ImageScanner.obj
 0001:00000ee4       ?IsUpToDate@?$IOleObjectImpl@VCOPOSImageScanner@@@ATL@@UAGJXZ 10001ee4 f i ImageScanner.obj
 0001:00000ee4       ?HandsOffStorage@?$IPersistStorageImpl@VCOPOSImageScanner@@@ATL@@UAGJXZ 10001ee4 f i ImageScanner.obj
 0001:00000ee4       ?Release@CRegObject@ATL@@UAGKXZ 10001ee4 f i ImageScanner.obj
 0001:00000ee4       ?Update@?$IOleObjectImpl@VCOPOSImageScanner@@@ATL@@UAGJXZ 10001ee4 f i ImageScanner.obj
 0001:00000ee9       ?GetUserType@?$IOleObjectImpl@VCOPOSImageScanner@@@ATL@@UAGJKPAPA_W@Z 10001ee9 f i ImageScanner.obj
 0001:00000f01       ?SetExtent@?$IOleObjectImpl@VCOPOSImageScanner@@@ATL@@UAGJKPAUtagSIZE@@@Z 10001f01 f i ImageScanner.obj
 0001:00000f21       ?GetExtent@?$IOleObjectImpl@VCOPOSImageScanner@@@ATL@@UAGJKPAUtagSIZE@@@Z 10001f21 f i ImageScanner.obj
 0001:00000f5f       ?Advise@?$IOleObjectImpl@VCOPOSImageScanner@@@ATL@@UAGJPAUIAdviseSink@@PAK@Z 10001f5f f i ImageScanner.obj
 0001:00000f7f       ?Unadvise@?$IOleObjectImpl@VCOPOSImageScanner@@@ATL@@UAGJK@Z 10001f7f f i ImageScanner.obj
 0001:00000fae       ?EnumAdvise@?$IOleObjectImpl@VCOPOSImageScanner@@@ATL@@UAGJPAPAUIEnumSTATDATA@@@Z 10001fae f i ImageScanner.obj
 0001:00000fee       ?GetMiscStatus@?$IOleObjectImpl@VCOPOSImageScanner@@@ATL@@UAGJKPAK@Z 10001fee f i ImageScanner.obj
 0001:00001006       ?GetWindow@?$IOleInPlaceActiveObjectImpl@VCOPOSImageScanner@@@ATL@@UAGJPAPAUHWND__@@@Z 10002006 f i ImageScanner.obj
 0001:00001053       ?TranslateAcceleratorW@?$IOleInPlaceActiveObjectImpl@VCOPOSImageScanner@@@ATL@@UAGJPAUtagMSG@@@Z 10002053 f i ImageScanner.obj
 0001:00001101       ?OnDocWindowActivate@?$IOleInPlaceActiveObjectImpl@VCOPOSImageScanner@@@ATL@@UAGJH@Z 10002101 f i ImageScanner.obj
 0001:00001123       ?ResizeBorder@?$IOleInPlaceActiveObjectImpl@VCOPOSImageScanner@@@ATL@@UAGJPBUtagRECT@@PAUIOleInPlaceUIWindow@@H@Z 10002123 f i ImageScanner.obj
 0001:00001128       ?Draw@?$IViewObjectExImpl@VCOPOSImageScanner@@@ATL@@UAGJKJPAXPAUtagDVTARGETDEVICE@@PAUHDC__@@2PBU_RECTL@@3P6GHK@ZK@Z 10002128 f i ImageScanner.obj
 0001:0000115a       ?GetColorSet@?$IViewObjectExImpl@VCOPOSImageScanner@@@ATL@@UAGJKJPAXPAUtagDVTARGETDEVICE@@PAUHDC__@@PAPAUtagLOGPALETTE@@@Z 1000215a f i ImageScanner.obj
 0001:00001162       ?Freeze@?$IViewObjectExImpl@VCOPOSImageScanner@@@ATL@@UAGJKJPAXPAK@Z 10002162 f i ImageScanner.obj
 0001:0000116a       ?SetAdvise@?$IViewObjectExImpl@VCOPOSImageScanner@@@ATL@@UAGJKKPAUIAdviseSink@@@Z 1000216a f i ImageScanner.obj
 0001:00001189       ?GetAdvise@?$IViewObjectExImpl@VCOPOSImageScanner@@@ATL@@UAGJPAK0PAPAUIAdviseSink@@@Z 10002189 f i ImageScanner.obj
 0001:000011be       ?GetExtent@?$IViewObjectExImpl@VCOPOSImageScanner@@@ATL@@UAGJKJPAUtagDVTARGETDEVICE@@PAUtagSIZE@@@Z 100021be f i ImageScanner.obj
 0001:000011ef       ?GetViewStatus@?$IViewObjectExImpl@VCOPOSImageScanner@@@ATL@@UAGJPAK@Z 100021ef f i ImageScanner.obj
 0001:0000120c       ?QueryHitPoint@?$IViewObjectExImpl@VCOPOSImageScanner@@@ATL@@UAGJKPBUtagRECT@@UtagPOINT@@JPAK@Z 1000220c f i ImageScanner.obj
 0001:0000124d       ?QueryHitRect@?$IViewObjectExImpl@VCOPOSImageScanner@@@ATL@@UAGJKPBUtagRECT@@0JPAK@Z 1000224d f i ImageScanner.obj
 0001:000012a8       ?GetNaturalExtent@?$IViewObjectExImpl@VCOPOSImageScanner@@@ATL@@UAGJKJPAUtagDVTARGETDEVICE@@PAUHDC__@@PAUtagExtentInfo@@PAUtagSIZE@@@Z 100022a8 f i ImageScanner.obj
 0001:000012f3       ?GetWindow@?$IOleInPlaceObjectWindowlessImpl@VCOPOSImageScanner@@@ATL@@UAGJPAPAUHWND__@@@Z 100022f3 f i ImageScanner.obj
 0001:00001340       ?InPlaceDeactivate@?$IOleInPlaceObjectWindowlessImpl@VCOPOSImageScanner@@@ATL@@UAGJXZ 10002340 f i ImageScanner.obj
 0001:0000135a       ?UIDeactivate@?$IOleInPlaceObjectWindowlessImpl@VCOPOSImageScanner@@@ATL@@UAGJXZ 1000235a f i ImageScanner.obj
 0001:00001374       ?SetObjectRects@?$IOleInPlaceObjectWindowlessImpl@VCOPOSImageScanner@@@ATL@@UAGJPBUtagRECT@@0@Z 10002374 f i ImageScanner.obj
 0001:00001394       ?ReactivateAndUndo@?$IOleInPlaceObjectWindowlessImpl@VCOPOSImageScanner@@@ATL@@UAGJXZ 10002394 f i ImageScanner.obj
 0001:0000139c       ?OnWindowMessage@?$IOleInPlaceObjectWindowlessImpl@VCOPOSImageScanner@@@ATL@@UAGJIIJPAJ@Z 1000239c f i ImageScanner.obj
 0001:0000140c       ?EnumConnectionPoints@?$IConnectionPointContainerImpl@VCOPOSImageScanner@@@ATL@@UAGJPAPAUIEnumConnectionPoints@@@Z 1000240c f i ImageScanner.obj
 0001:00001598       ?FindConnectionPoint@?$IConnectionPointContainerImpl@VCOPOSImageScanner@@@ATL@@UAGJABU_GUID@@PAPAUIConnectionPoint@@@Z 10002598 f i ImageScanner.obj
 0001:0000163b       ?IsDirty@?$IPersistStorageImpl@VCOPOSImageScanner@@@ATL@@UAGJXZ 1000263b f i ImageScanner.obj
 0001:0000166b       ?InitNew@?$IPersistStorageImpl@VCOPOSImageScanner@@@ATL@@UAGJPAUIStorage@@@Z 1000266b f i ImageScanner.obj
 0001:0000169b       ?Load@?$IPersistStorageImpl@VCOPOSImageScanner@@@ATL@@UAGJPAUIStorage@@@Z 1000269b f i ImageScanner.obj
 0001:00001707       ?Save@?$IPersistStorageImpl@VCOPOSImageScanner@@@ATL@@UAGJPAUIStorage@@H@Z 10002707 f i ImageScanner.obj
 0001:0000177a       ?GetPages@?$ISpecifyPropertyPagesImpl@VCOPOSImageScanner@@@ATL@@UAGJPAUtagCAUUID@@@Z 1000277a f i ImageScanner.obj
 0001:00001791       ?QuickActivate@?$IQuickActivateImpl@VCOPOSImageScanner@@@ATL@@UAGJPAUtagQACONTAINER@@PAUtagQACONTROL@@@Z 10002791 f i ImageScanner.obj
 0001:000017b4       ?SetContentExtent@?$IQuickActivateImpl@VCOPOSImageScanner@@@ATL@@UAGJPAUtagSIZE@@@Z 100027b4 f i ImageScanner.obj
 0001:000017e0       ?GetContentExtent@?$IQuickActivateImpl@VCOPOSImageScanner@@@ATL@@UAGJPAUtagSIZE@@@Z 100027e0 f i ImageScanner.obj
 0001:0000181a       ?GetData@?$IDataObjectImpl@VCOPOSImageScanner@@@ATL@@UAGJPAUtagFORMATETC@@PAUtagSTGMEDIUM@@@Z 1000281a f i ImageScanner.obj
 0001:0000183d       ?DAdvise@?$IDataObjectImpl@VCOPOSImageScanner@@@ATL@@UAGJPAUtagFORMATETC@@KPAUIAdviseSink@@PAK@Z 1000283d f i ImageScanner.obj
 0001:0000187e       ?DUnadvise@?$IDataObjectImpl@VCOPOSImageScanner@@@ATL@@UAGJK@Z 1000287e f i ImageScanner.obj
 0001:000018ac       ?EnumDAdvise@?$IDataObjectImpl@VCOPOSImageScanner@@@ATL@@UAGJPAPAUIEnumSTATDATA@@@Z 100028ac f i ImageScanner.obj
 0001:000018eb       ?GetClassInfoW@?$IProvideClassInfo2Impl@$1?CLSID_OPOSImageScanner@@3U_GUID@@B$1?DIID__IOPOSImageScannerEvents@@3U2@B$1?LIBID_OposImageScanner_CCO@@3U2@B$00$0A@VCComTypeInfoHolder@ATL@@@ATL@@UAGJPAPAUITypeInfo@@@Z 100028eb f i ImageScanner.obj
 0001:00001901       ?GetGUID@?$IProvideClassInfo2Impl@$1?CLSID_OPOSImageScanner@@3U_GUID@@B$1?DIID__IOPOSImageScannerEvents@@3U2@B$1?LIBID_OposImageScanner_CCO@@3U2@B$00$0A@VCComTypeInfoHolder@ATL@@@ATL@@UAGJKPAU_GUID@@@Z 10002901 f i ImageScanner.obj
 0001:0000193f       __get_startup_argv_mode    1000293f f i LIBCMT:argv_mode.obj
 0001:0000193f       ?FAccessAllowed@?$IObjectSafetyImpl@VCOPOSImageScanner@@$02@ATL@@MAEHXZ 1000293f f i ImageScanner.obj
 0001:00001943       ?GetInterfaceSafetyOptions@?$IObjectSafetyImpl@VCOPOSImageScanner@@$02@ATL@@UAGJABU_GUID@@PAK1@Z 10002943 f i ImageScanner.obj
 0001:000019b7       ?SetInterfaceSafetyOptions@?$IObjectSafetyImpl@VCOPOSImageScanner@@$02@ATL@@UAGJABU_GUID@@KK@Z 100029b7 f i ImageScanner.obj
 0001:00001a31       ?_LocCPQueryInterface@?$IConnectionPointImpl@VCOPOSImageScanner@@$1?DIID__IOPOSImageScannerEvents@@3U_GUID@@BVCComDynamicUnkArray@ATL@@@ATL@@UAGJABU_GUID@@PAPAX@Z 10002a31 f i ImageScanner.obj
 0001:00001a31       ?_LocCPQueryInterface@?$IConnectionPointImpl@VCOPOSImageScanner@@$1?IID_IPropertyNotifySink@@3U_GUID@@BVCComDynamicUnkArray@ATL@@@ATL@@UAGJABU_GUID@@PAPAX@Z 10002a31 f i ImageScanner.obj
 0001:00001a7e       ?GetConnectionInterface@?$IConnectionPointImpl@VCOPOSImageScanner@@$1?IID_IPropertyNotifySink@@3U_GUID@@BVCComDynamicUnkArray@ATL@@@ATL@@UAGJPAU_GUID@@@Z 10002a7e f i ImageScanner.obj
 0001:00001aa2       ?GetConnectionPointContainer@?$IConnectionPointImpl@VCOPOSImageScanner@@$1?IID_IPropertyNotifySink@@3U_GUID@@BVCComDynamicUnkArray@ATL@@@ATL@@UAGJPAPAUIConnectionPointContainer@@@Z 10002aa2 f i ImageScanner.obj
 0001:00001ac5       ?Advise@?$IConnectionPointImpl@VCOPOSImageScanner@@$1?IID_IPropertyNotifySink@@3U_GUID@@BVCComDynamicUnkArray@ATL@@@ATL@@UAGJPAUIUnknown@@PAK@Z 10002ac5 f i ImageScanner.obj
 0001:00001ac5       ?Advise@?$IConnectionPointImpl@VCOPOSImageScanner@@$1?DIID__IOPOSImageScannerEvents@@3U_GUID@@BVCComDynamicUnkArray@ATL@@@ATL@@UAGJPAUIUnknown@@PAK@Z 10002ac5 f i ImageScanner.obj
 0001:00001b65       ?Unadvise@?$IConnectionPointImpl@VCOPOSImageScanner@@$1?DIID__IOPOSImageScannerEvents@@3U_GUID@@BVCComDynamicUnkArray@ATL@@@ATL@@UAGJK@Z 10002b65 f i ImageScanner.obj
 0001:00001b65       ?Unadvise@?$IConnectionPointImpl@VCOPOSImageScanner@@$1?IID_IPropertyNotifySink@@3U_GUID@@BVCComDynamicUnkArray@ATL@@@ATL@@UAGJK@Z 10002b65 f i ImageScanner.obj
 0001:00001ba5       ?EnumConnections@?$IConnectionPointImpl@VCOPOSImageScanner@@$1?DIID__IOPOSImageScannerEvents@@3U_GUID@@BVCComDynamicUnkArray@ATL@@@ATL@@UAGJPAPAUIEnumConnections@@@Z 10002ba5 f i ImageScanner.obj
 0001:00001ba5       ?EnumConnections@?$IConnectionPointImpl@VCOPOSImageScanner@@$1?IID_IPropertyNotifySink@@3U_GUID@@BVCComDynamicUnkArray@ATL@@@ATL@@UAGJPAPAUIEnumConnections@@@Z 10002ba5 f i ImageScanner.obj
 0001:00001ca0       ?GetCategoryMap@CComObjectRootBase@ATL@@SAPBU_ATL_CATMAP_ENTRY@2@XZ 10002ca0 f i ImageScanner.obj
 0001:00001ca0       ?GetObjectDescription@?$CComCoClass@VCOPOSImageScanner@@$1?CLSID_OPOSImageScanner@@3U_GUID@@B@ATL@@SGPB_WXZ 10002ca0 f i ImageScanner.obj
 0001:00001ca3       ?GetConnectionInterface@?$IConnectionPointImpl@VCOPOSImageScanner@@$1?DIID__IOPOSImageScannerEvents@@3U_GUID@@BVCComDynamicUnkArray@ATL@@@ATL@@UAGJPAU_GUID@@@Z 10002ca3 f i ImageScanner.obj
 0001:00001cc7       ?GetConnectionPointContainer@?$IConnectionPointImpl@VCOPOSImageScanner@@$1?DIID__IOPOSImageScannerEvents@@3U_GUID@@BVCComDynamicUnkArray@ATL@@@ATL@@UAGJPAPAUIConnectionPointContainer@@@Z 10002cc7 f i ImageScanner.obj
 0001:00001cea       ?UpdateRegistry@COPOSImageScanner@@SGJH@Z 10002cea f i ImageScanner.obj
 0001:00001d02       ?ProcessWindowMessage@COPOSImageScanner@@UAEHPAUHWND__@@IIJAAJK@Z 10002d02 f i ImageScanner.obj
 0001:00001d4b       ?SOData@COPOSImageScanner@@MAGJJ@Z 10002d4b f i ImageScanner.obj
 0001:00001d84       ?SODirectIO@COPOSImageScanner@@MAGJJPAJPAPA_W@Z 10002d84 f i ImageScanner.obj
 0001:00001dcd       ?SOError@COPOSImageScanner@@MAGJJJJPAJ@Z 10002dcd f i ImageScanner.obj
 0001:00001e22       ?SOStatusUpdate@COPOSImageScanner@@MAGJJ@Z 10002e22 f i ImageScanner.obj
 0001:00001e5b       ?Lock@CAtlModule@ATL@@UAEJXZ 10002e5b f i ImageScanner.obj
 0001:00001e65       ?Unlock@CAtlModule@ATL@@UAEJXZ 10002e65 f i ImageScanner.obj
 0001:00001e6f       ?GetLockCount@CAtlModule@ATL@@UAEJXZ 10002e6f f i ImageScanner.obj
 0001:00001e73       ?GetGITPtr@CAtlModule@ATL@@UAEJPAPAUIGlobalInterfaceTable@@@Z 10002e73 f i ImageScanner.obj
 0001:00001ebf       ?AddCommonRGSReplacements@?$CAtlModuleT@VCComModule@ATL@@@ATL@@UAEJPAUIRegistrarBase@@@Z 10002ebf f i ImageScanner.obj
 0001:00001ed9       ?UpdateRegistryFromResourceD@CComModule@ATL@@UAGJIHPAU_ATL_REGMAP_ENTRY@2@@Z 10002ed9 f i ImageScanner.obj
 0001:00001ed9       ?UpdateRegistryFromResourceD@CComModule@ATL@@UAGJPB_WHPAU_ATL_REGMAP_ENTRY@2@@Z 10002ed9 f i ImageScanner.obj
 0001:00001ee1       ?UpdateRegistryFromResource@CComModule@ATL@@UAGJPB_WHPAU_ATL_REGMAP_ENTRY@2@@Z 10002ee1 f i ImageScanner.obj
 0001:00001eea       ?UpdateRegistryFromResource@CComModule@ATL@@UAGJIHPAU_ATL_REGMAP_ENTRY@2@@Z 10002eea f i ImageScanner.obj
 0001:00001ef3       ??_ECComModule@ATL@@UAEPAXI@Z 10002ef3 f i ImageScanner.obj
 0001:00001ef3       ??_GCComModule@ATL@@UAEPAXI@Z 10002ef3 f i ImageScanner.obj
 0001:00001f1b       ?CreateInstance@?$CComCreator@V?$CComObjectCached@VCComClassFactory@ATL@@@ATL@@@ATL@@SGJPAXABU_GUID@@PAPAX@Z 10002f1b f i ImageScanner.obj
 0001:00001fbb       ?CreateInstance@?$CComCreator2@V?$CComCreator@V?$CComObject@VCOPOSImageScanner@@@ATL@@@ATL@@V?$CComCreator@V?$CComAggObject@VCOPOSImageScanner@@@ATL@@@2@@ATL@@SGJPAXABU_GUID@@PAPAX@Z 10002fbb f i ImageScanner.obj
 0001:00001fdb       ?AddRef@?$CComObjectCached@VCComClassFactory@ATL@@@ATL@@UAGKXZ 10002fdb f i ImageScanner.obj
 0001:00002002       ?Release@?$CComObjectCached@VCComClassFactory@ATL@@@ATL@@UAGKXZ 10003002 f i ImageScanner.obj
 0001:00002038       ?QueryInterface@?$CComObjectCached@VCComClassFactory@ATL@@@ATL@@UAGJABU_GUID@@PAPAX@Z 10003038 f i ImageScanner.obj
 0001:00002052       ??_G?$CComObjectCached@VCComClassFactory@ATL@@@ATL@@UAEPAXI@Z 10003052 f i ImageScanner.obj
 0001:00002052       ??_E?$CComObjectCached@VCComClassFactory@ATL@@@ATL@@UAEPAXI@Z 10003052 f i ImageScanner.obj
 0001:00002074       ?Next@?$CComEnumImpl@UIEnumConnectionPoints@@$1?_GUID_b196b285_bab4_101a_b69c_00aa00341d07@@3U__s_GUID@@BPAUIConnectionPoint@@V?$_CopyInterface@UIConnectionPoint@@@ATL@@@ATL@@UAGJKPAPAUIConnectionPoint@@PAK@Z 10003074 f i ImageScanner.obj
 0001:0000214b       ?Skip@?$CComEnumImpl@UIEnumConnectionPoints@@$1?_GUID_b196b285_bab4_101a_b69c_00aa00341d07@@3U__s_GUID@@BPAUIConnectionPoint@@V?$_CopyInterface@UIConnectionPoint@@@ATL@@@ATL@@UAGJK@Z 1000314b f i ImageScanner.obj
 0001:00002178       ?Reset@?$CComEnumImpl@UIEnumConnections@@$1?_GUID_b196b287_bab4_101a_b69c_00aa00341d07@@3U__s_GUID@@BUtagCONNECTDATA@@V?$_Copy@UtagCONNECTDATA@@@ATL@@@ATL@@UAGJXZ 10003178 f i ImageScanner.obj
 0001:00002178       ?Reset@?$CComEnumImpl@UIEnumConnectionPoints@@$1?_GUID_b196b285_bab4_101a_b69c_00aa00341d07@@3U__s_GUID@@BPAUIConnectionPoint@@V?$_CopyInterface@UIConnectionPoint@@@ATL@@@ATL@@UAGJXZ 10003178 f i ImageScanner.obj
 0001:0000218a       ?Clone@?$CComEnumImpl@UIEnumConnectionPoints@@$1?_GUID_b196b285_bab4_101a_b69c_00aa00341d07@@3U__s_GUID@@BPAUIConnectionPoint@@V?$_CopyInterface@UIConnectionPoint@@@ATL@@@ATL@@UAGJPAPAUIEnumConnectionPoints@@@Z 1000318a f i ImageScanner.obj
 0001:0000226b       ?AddRef@?$CComObject@V?$CComEnum@UIEnumConnectionPoints@@$1?_GUID_b196b285_bab4_101a_b69c_00aa00341d07@@3U__s_GUID@@BPAUIConnectionPoint@@V?$_CopyInterface@UIConnectionPoint@@@ATL@@VCComSingleThreadModel@6@@ATL@@@ATL@@UAGKXZ 1000326b f i ImageScanner.obj
 0001:0000226b       ?AddRef@?$CComObject@V?$CComEnum@UIEnumConnections@@$1?_GUID_b196b287_bab4_101a_b69c_00aa00341d07@@3U__s_GUID@@BUtagCONNECTDATA@@V?$_Copy@UtagCONNECTDATA@@@ATL@@VCComSingleThreadModel@6@@ATL@@@ATL@@UAGKXZ 1000326b f i ImageScanner.obj
 0001:0000227c       ?Release@?$CComObject@V?$CComEnum@UIEnumConnectionPoints@@$1?_GUID_b196b285_bab4_101a_b69c_00aa00341d07@@3U__s_GUID@@BPAUIConnectionPoint@@V?$_CopyInterface@UIConnectionPoint@@@ATL@@VCComSingleThreadModel@6@@ATL@@@ATL@@UAGKXZ 1000327c f i ImageScanner.obj
 0001:0000227c       ?Release@?$CComObject@V?$CComEnum@UIEnumConnections@@$1?_GUID_b196b287_bab4_101a_b69c_00aa00341d07@@3U__s_GUID@@BUtagCONNECTDATA@@V?$_Copy@UtagCONNECTDATA@@@ATL@@VCComSingleThreadModel@6@@ATL@@@ATL@@UAGKXZ 1000327c f i ImageScanner.obj
 0001:000022b8       ?QueryInterface@?$CComObject@V?$CComEnum@UIEnumConnectionPoints@@$1?_GUID_b196b285_bab4_101a_b69c_00aa00341d07@@3U__s_GUID@@BPAUIConnectionPoint@@V?$_CopyInterface@UIConnectionPoint@@@ATL@@VCComSingleThreadModel@6@@ATL@@@ATL@@UAGJABU_GUID@@PAPAX@Z 100032b8 f i ImageScanner.obj
 0001:000022d2       ??_E?$CComObject@V?$CComEnum@UIEnumConnectionPoints@@$1?_GUID_b196b285_bab4_101a_b69c_00aa00341d07@@3U__s_GUID@@BPAUIConnectionPoint@@V?$_CopyInterface@UIConnectionPoint@@@ATL@@VCComSingleThreadModel@6@@ATL@@@ATL@@UAEPAXI@Z 100032d2 f i ImageScanner.obj
 0001:000022d2       ??_G?$CComObject@V?$CComEnum@UIEnumConnectionPoints@@$1?_GUID_b196b285_bab4_101a_b69c_00aa00341d07@@3U__s_GUID@@BPAUIConnectionPoint@@V?$_CopyInterface@UIConnectionPoint@@@ATL@@VCComSingleThreadModel@6@@ATL@@@ATL@@UAEPAXI@Z 100032d2 f i ImageScanner.obj
 0001:000022f4       ?AddRef@CRegObject@ATL@@UAGKXZ 100032f4 f i ImageScanner.obj
 0001:000022fa       ?AddReplacement@CRegObject@ATL@@UAGJPB_W0@Z 100032fa f i ImageScanner.obj
 0001:00002333       ?ClearReplacements@CRegObject@ATL@@UAGJXZ 10003333 f i ImageScanner.obj
 0001:00002345       ??_ECRegObject@ATL@@UAEPAXI@Z 10003345 f i ImageScanner.obj
 0001:00002345       ??_GCRegObject@ATL@@UAEPAXI@Z 10003345 f i ImageScanner.obj
 0001:00002367       ?AddRef@?$CComAggObject@VCOPOSImageScanner@@@ATL@@UAGKXZ 10003367 f i ImageScanner.obj
 0001:00002378       ?Release@?$CComAggObject@VCOPOSImageScanner@@@ATL@@UAGKXZ 10003378 f i ImageScanner.obj
 0001:000023b4       ?QueryInterface@?$CComAggObject@VCOPOSImageScanner@@@ATL@@UAGJABU_GUID@@PAPAX@Z 100033b4 f i ImageScanner.obj
 0001:00002403       ?AddRef@?$CComContainedObject@VCOPOSImageScanner@@@ATL@@UAGKXZ 10003403 f i ImageScanner.obj
 0001:00002419       ?Release@?$CComContainedObject@VCOPOSImageScanner@@@ATL@@UAGKXZ 10003419 f i ImageScanner.obj
 0001:0000242f       ?QueryInterface@?$CComContainedObject@VCOPOSImageScanner@@@ATL@@UAGJABU_GUID@@PAPAX@Z 1000342f f i ImageScanner.obj
 0001:0000244a       ??_E?$CComAggObject@VCOPOSImageScanner@@@ATL@@UAEPAXI@Z 1000344a f i ImageScanner.obj
 0001:0000244a       ??_G?$CComAggObject@VCOPOSImageScanner@@@ATL@@UAEPAXI@Z 1000344a f i ImageScanner.obj
 0001:0000246f       ?AddRef@?$CComObject@VCOPOSImageScanner@@@ATL@@UAGKXZ 1000346f f i ImageScanner.obj
 0001:00002486       ?Release@?$CComObject@VCOPOSImageScanner@@@ATL@@UAGKXZ 10003486 f i ImageScanner.obj
 0001:000024c8       ?QueryInterface@?$CComObject@VCOPOSImageScanner@@@ATL@@UAGJABU_GUID@@PAPAX@Z 100034c8 f i ImageScanner.obj
 0001:000024e2       ?OnDrawAdvanced@CComControlBase@ATL@@UAEJAAUATL_DRAWINFO@@@Z 100034e2 f i ImageScanner.obj
 0001:000025d5       ?Next@?$CComEnumImpl@UIEnumConnections@@$1?_GUID_b196b287_bab4_101a_b69c_00aa00341d07@@3U__s_GUID@@BUtagCONNECTDATA@@V?$_Copy@UtagCONNECTDATA@@@ATL@@@ATL@@UAGJKPAUtagCONNECTDATA@@PAK@Z 100035d5 f i ImageScanner.obj
 0001:000026ac       ?Skip@?$CComEnumImpl@UIEnumConnections@@$1?_GUID_b196b287_bab4_101a_b69c_00aa00341d07@@3U__s_GUID@@BUtagCONNECTDATA@@V?$_Copy@UtagCONNECTDATA@@@ATL@@@ATL@@UAGJK@Z 100036ac f i ImageScanner.obj
 0001:000026d9       ?Clone@?$CComEnumImpl@UIEnumConnections@@$1?_GUID_b196b287_bab4_101a_b69c_00aa00341d07@@3U__s_GUID@@BUtagCONNECTDATA@@V?$_Copy@UtagCONNECTDATA@@@ATL@@@ATL@@UAGJPAPAUIEnumConnections@@@Z 100036d9 f i ImageScanner.obj
 0001:000027ba       ?QueryInterface@?$CComObject@V?$CComEnum@UIEnumConnections@@$1?_GUID_b196b287_bab4_101a_b69c_00aa00341d07@@3U__s_GUID@@BUtagCONNECTDATA@@V?$_Copy@UtagCONNECTDATA@@@ATL@@VCComSingleThreadModel@6@@ATL@@@ATL@@UAGJABU_GUID@@PAPAX@Z 100037ba f i ImageScanner.obj
 0001:000027d4       ??_G?$CComObject@V?$CComEnum@UIEnumConnections@@$1?_GUID_b196b287_bab4_101a_b69c_00aa00341d07@@3U__s_GUID@@BUtagCONNECTDATA@@V?$_Copy@UtagCONNECTDATA@@@ATL@@VCComSingleThreadModel@6@@ATL@@@ATL@@UAEPAXI@Z 100037d4 f i ImageScanner.obj
 0001:000027d4       ??_E?$CComObject@V?$CComEnum@UIEnumConnections@@$1?_GUID_b196b287_bab4_101a_b69c_00aa00341d07@@3U__s_GUID@@BUtagCONNECTDATA@@V?$_Copy@UtagCONNECTDATA@@@ATL@@VCComSingleThreadModel@6@@ATL@@@ATL@@UAEPAXI@Z 100037d4 f i ImageScanner.obj
 0001:000027f6       ??_E?$CComObject@VCOPOSImageScanner@@@ATL@@W3AEPAXI@Z 100037f6 f i ImageScanner.obj
 0001:000027fe       ??_E?$CComObject@VCOPOSImageScanner@@@ATL@@WEM@AEPAXI@Z 100037fe f i ImageScanner.obj
 0001:00002806       ?QueryInterface@?$CComObject@VCOPOSImageScanner@@@ATL@@WHA@AGJABU_GUID@@PAPAX@Z 10003806 f i ImageScanner.obj
 0001:00002810       ?AddRef@?$CComObject@VCOPOSImageScanner@@@ATL@@WHA@AGKXZ 10003810 f i ImageScanner.obj
 0001:0000281a       ?Release@?$CComObject@VCOPOSImageScanner@@@ATL@@WHA@AGKXZ 1000381a f i ImageScanner.obj
 0001:00002824       ?QueryInterface@?$CComObject@VCOPOSImageScanner@@@ATL@@WHE@AGJABU_GUID@@PAPAX@Z 10003824 f i ImageScanner.obj
 0001:0000282e       ?AddRef@?$CComObject@VCOPOSImageScanner@@@ATL@@WHE@AGKXZ 1000382e f i ImageScanner.obj
 0001:00002838       ?Release@?$CComObject@VCOPOSImageScanner@@@ATL@@WHE@AGKXZ 10003838 f i ImageScanner.obj
 0001:00002842       ?QueryInterface@?$CComObject@VCOPOSImageScanner@@@ATL@@WHI@AGJABU_GUID@@PAPAX@Z 10003842 f i ImageScanner.obj
 0001:0000284c       ?AddRef@?$CComObject@VCOPOSImageScanner@@@ATL@@WHI@AGKXZ 1000384c f i ImageScanner.obj
 0001:00002856       ?Release@?$CComObject@VCOPOSImageScanner@@@ATL@@WHI@AGKXZ 10003856 f i ImageScanner.obj
 0001:00002860       ?QueryInterface@?$CComObject@VCOPOSImageScanner@@@ATL@@WHM@AGJABU_GUID@@PAPAX@Z 10003860 f i ImageScanner.obj
 0001:0000286a       ?AddRef@?$CComObject@VCOPOSImageScanner@@@ATL@@WHM@AGKXZ 1000386a f i ImageScanner.obj
 0001:00002874       ?Release@?$CComObject@VCOPOSImageScanner@@@ATL@@WHM@AGKXZ 10003874 f i ImageScanner.obj
 0001:0000287e       ?QueryInterface@?$CComObject@VCOPOSImageScanner@@@ATL@@WIA@AGJABU_GUID@@PAPAX@Z 1000387e f i ImageScanner.obj
 0001:0000288b       ?AddRef@?$CComObject@VCOPOSImageScanner@@@ATL@@WIA@AGKXZ 1000388b f i ImageScanner.obj
 0001:00002898       ?Release@?$CComObject@VCOPOSImageScanner@@@ATL@@WIA@AGKXZ 10003898 f i ImageScanner.obj
 0001:000028a5       ?QueryInterface@?$CComObject@VCOPOSImageScanner@@@ATL@@WIE@AGJABU_GUID@@PAPAX@Z 100038a5 f i ImageScanner.obj
 0001:000028b2       ?AddRef@?$CComObject@VCOPOSImageScanner@@@ATL@@WIE@AGKXZ 100038b2 f i ImageScanner.obj
 0001:000028bf       ?Release@?$CComObject@VCOPOSImageScanner@@@ATL@@WIE@AGKXZ 100038bf f i ImageScanner.obj
 0001:000028cc       ?QueryInterface@?$CComObject@VCOPOSImageScanner@@@ATL@@WII@AGJABU_GUID@@PAPAX@Z 100038cc f i ImageScanner.obj
 0001:000028d9       ?AddRef@?$CComObject@VCOPOSImageScanner@@@ATL@@WII@AGKXZ 100038d9 f i ImageScanner.obj
 0001:000028e6       ?Release@?$CComObject@VCOPOSImageScanner@@@ATL@@WII@AGKXZ 100038e6 f i ImageScanner.obj
 0001:000028f3       ?QueryInterface@?$CComObject@VCOPOSImageScanner@@@ATL@@WIM@AGJABU_GUID@@PAPAX@Z 100038f3 f i ImageScanner.obj
 0001:00002900       ?AddRef@?$CComObject@VCOPOSImageScanner@@@ATL@@WIM@AGKXZ 10003900 f i ImageScanner.obj
 0001:0000290d       ?Release@?$CComObject@VCOPOSImageScanner@@@ATL@@WIM@AGKXZ 1000390d f i ImageScanner.obj
 0001:0000291a       ?QueryInterface@?$CComObject@VCOPOSImageScanner@@@ATL@@WJA@AGJABU_GUID@@PAPAX@Z 1000391a f i ImageScanner.obj
 0001:00002927       ?AddRef@?$CComObject@VCOPOSImageScanner@@@ATL@@WJA@AGKXZ 10003927 f i ImageScanner.obj
 0001:00002934       ?Release@?$CComObject@VCOPOSImageScanner@@@ATL@@WJA@AGKXZ 10003934 f i ImageScanner.obj
 0001:00002941       ?QueryInterface@?$CComObject@VCOPOSImageScanner@@@ATL@@WJE@AGJABU_GUID@@PAPAX@Z 10003941 f i ImageScanner.obj
 0001:0000294e       ?AddRef@?$CComObject@VCOPOSImageScanner@@@ATL@@WJE@AGKXZ 1000394e f i ImageScanner.obj
 0001:0000295b       ?Release@?$CComObject@VCOPOSImageScanner@@@ATL@@WJE@AGKXZ 1000395b f i ImageScanner.obj
 0001:00002968       ?QueryInterface@?$CComObject@VCOPOSImageScanner@@@ATL@@WJI@AGJABU_GUID@@PAPAX@Z 10003968 f i ImageScanner.obj
 0001:00002975       ?AddRef@?$CComObject@VCOPOSImageScanner@@@ATL@@WJI@AGKXZ 10003975 f i ImageScanner.obj
 0001:00002982       ??$?4UITypeInfo2@@@?$CComPtr@UITypeInfo@@@ATL@@QAEPAUITypeInfo@@ABV?$CComPtr@UITypeInfo2@@@1@@Z 10003982 f i ImageScanner.obj
 0001:000029af       ??$AtlAdd@K@ATL@@YAJPAKKK@Z 100039af f i ImageScanner.obj
 0001:000029d2       ??$AtlAdd@_K@ATL@@YAJPA_K_K1@Z 100039d2 f i ImageScanner.obj
 0001:00002a0a       ??$AtlAddThrow@K@ATL@@YAKKK@Z 10003a0a f i ImageScanner.obj
 0001:00002a30       ??$AtlModuleRegisterWndClassInfoT@VAtlModuleRegisterWndClassInfoParamW@ATL@@@ATL@@YAGPAU_ATL_BASE_MODULE70@0@PAU_ATL_WIN_MODULE70@0@PAU_ATL_WNDCLASSINFOW@0@PAP6GJPAUHWND__@@IIJ@ZVAtlModuleRegisterWndClassInfoParamW@0@@Z 10003a30 f i ImageScanner.obj
 0001:00002b7e       ??$AtlMultiply@H@ATL@@YAJPAHHH@Z 10003b7e f i ImageScanner.obj
 0001:00002bb6       ??$AtlMultiply@K@ATL@@YAJPAKKK@Z 10003bb6 f i ImageScanner.obj
 0001:00002bb6       ??$AtlMultiply@I@ATL@@YAJPAIII@Z 10003bb6 f i ImageScanner.obj
 0001:00002bd8       ??$AtlMultiplyThrow@I@ATL@@YAIII@Z 10003bd8 f i ImageScanner.obj
 0001:00002bfe       ??0?$CComAggObject@VCOPOSImageScanner@@@ATL@@QAE@PAX@Z 10003bfe f i ImageScanner.obj
 0001:00002c2b       ??0?$CComContainedObject@VCOPOSImageScanner@@@ATL@@QAE@PAX@Z 10003c2b f i ImageScanner.obj
 0001:00002ce4       ??0?$CComObject@V?$CComEnum@UIEnumConnectionPoints@@$1?_GUID_b196b285_bab4_101a_b69c_00aa00341d07@@3U__s_GUID@@BPAUIConnectionPoint@@V?$_CopyInterface@UIConnectionPoint@@@ATL@@VCComSingleThreadModel@6@@ATL@@@ATL@@QAE@PAX@Z 10003ce4 f i ImageScanner.obj
 0001:00002d12       ??0?$CComObject@V?$CComEnum@UIEnumConnections@@$1?_GUID_b196b287_bab4_101a_b69c_00aa00341d07@@3U__s_GUID@@BUtagCONNECTDATA@@V?$_Copy@UtagCONNECTDATA@@@ATL@@VCComSingleThreadModel@6@@ATL@@@ATL@@QAE@PAX@Z 10003d12 f i ImageScanner.obj
 0001:00002d40       ??0?$CComObject@VCOPOSImageScanner@@@ATL@@QAE@PAX@Z 10003d40 f i ImageScanner.obj
 0001:00002df7       ??0?$CComQIPtr@UIOleControlSite@@$1?_GUID_b196b289_bab4_101a_b69c_00aa00341d07@@3U__s_GUID@@B@ATL@@QAE@PAUIUnknown@@@Z 10003df7 f i ImageScanner.obj
 0001:00002e20       ??0CAtlModule@ATL@@QAE@XZ  10003e20 f i ImageScanner.obj
 0001:00002e61       ??0CParseBuffer@CRegParser@ATL@@QAE@H@Z 10003e61 f i ImageScanner.obj
 0001:00002e97       ??0_ATL_MSG@ATL@@QAE@PAUHWND__@@IIJH@Z 10003e97 f i ImageScanner.obj
 0001:00002ecf       ??1?$CComAggObject@VCOPOSImageScanner@@@ATL@@UAE@XZ 10003ecf f i ImageScanner.obj
 0001:00002ef3       ??1?$CComEnumImpl@UIEnumConnectionPoints@@$1?_GUID_b196b285_bab4_101a_b69c_00aa00341d07@@3U__s_GUID@@BPAUIConnectionPoint@@V?$_CopyInterface@UIConnectionPoint@@@ATL@@@ATL@@UAE@XZ 10003ef3 f i ImageScanner.obj
 0001:00002f33       ??1?$CComEnumImpl@UIEnumConnections@@$1?_GUID_b196b287_bab4_101a_b69c_00aa00341d07@@3U__s_GUID@@BUtagCONNECTDATA@@V?$_Copy@UtagCONNECTDATA@@@ATL@@@ATL@@UAE@XZ 10003f33 f i ImageScanner.obj
 0001:00002f73       ??1?$CComObject@V?$CComEnum@UIEnumConnectionPoints@@$1?_GUID_b196b285_bab4_101a_b69c_00aa00341d07@@3U__s_GUID@@BPAUIConnectionPoint@@V?$_CopyInterface@UIConnectionPoint@@@ATL@@VCComSingleThreadModel@6@@ATL@@@ATL@@UAE@XZ 10003f73 f i ImageScanner.obj
 0001:00002f96       ??1?$CComObject@V?$CComEnum@UIEnumConnections@@$1?_GUID_b196b287_bab4_101a_b69c_00aa00341d07@@3U__s_GUID@@BUtagCONNECTDATA@@V?$_Copy@UtagCONNECTDATA@@@ATL@@VCComSingleThreadModel@6@@ATL@@@ATL@@UAE@XZ 10003f96 f i ImageScanner.obj
 0001:00002fb9       ??1?$CComObject@VCOPOSImageScanner@@@ATL@@UAE@XZ 10003fb9 f i ImageScanner.obj
 0001:00003077       ??1?$CComObjectCached@VCComClassFactory@ATL@@@ATL@@UAE@XZ 10004077 f i ImageScanner.obj
 0001:0000308d       ??1?$CComObjectRootEx@VCComMultiThreadModel@ATL@@@ATL@@QAE@XZ 1000408d f i ImageScanner.obj
 0001:000030a2       ??1CRegObject@ATL@@UAE@XZ  100040a2 f i ImageScanner.obj
 0001:000030c2       ??4?$CComPtr@UIOleClientSite@@@ATL@@QAEPAUIOleClientSite@@PAU2@@Z 100040c2 f i ImageScanner.obj
 0001:000030c2       ??4?$CComPtr@UIUnknown@@@ATL@@QAEPAUIUnknown@@PAU2@@Z 100040c2 f i ImageScanner.obj
 0001:000030c2       ??4?$CComPtr@UIAdviseSink@@@ATL@@QAEPAUIAdviseSink@@PAU2@@Z 100040c2 f i ImageScanner.obj
 0001:000030f6       ??_G?$CComContainedObject@VCOPOSImageScanner@@@ATL@@UAEPAXI@Z 100040f6 f i ImageScanner.obj
 0001:000030f6       ??_E?$CComContainedObject@VCOPOSImageScanner@@@ATL@@UAEPAXI@Z 100040f6 f i ImageScanner.obj
 0001:0000311b       ??_E?$CComObject@VCOPOSImageScanner@@@ATL@@UAEPAXI@Z 1000411b f i ImageScanner.obj
 0001:0000311b       ??_G?$CComObject@VCOPOSImageScanner@@@ATL@@UAEPAXI@Z 1000411b f i ImageScanner.obj
 0001:00003140       ?Add@?$CSimpleArray@GV?$CSimpleArrayEqualHelper@G@ATL@@@ATL@@QAEHABG@Z 10004140 f i ImageScanner.obj
 0001:000031c4       ?Add@?$CSimpleMap@PA_WPA_WVCExpansionVectorEqualHelper@ATL@@@ATL@@QAEHABQA_W0@Z 100041c4 f i ImageScanner.obj
 0001:00003219       ?Add@CComDynamicUnkArray@ATL@@QAEKPAUIUnknown@@@Z 10004219 f i ImageScanner.obj
 0001:000032cf       ?Add@CExpansionVector@ATL@@QAEHPB_W0@Z 100042cf f i ImageScanner.obj
 0001:000033d8       ?AddString@CParseBuffer@CRegParser@ATL@@QAEHPB_W@Z 100043d8 f i ImageScanner.obj
 0001:0000340d       ?AddTermFunc@CAtlModule@ATL@@QAEJP6GXK@ZK@Z 1000440d f i ImageScanner.obj
 0001:00003470       ?AddValue@CRegParser@ATL@@IAEJAAVCRegKey@2@PB_WPA_W@Z 10004470 f i ImageScanner.obj
 0001:0000378a       ?Allocate@?$CAtlSafeAllocBufferManager@VCCRTAllocator@ATL@@@_ATL_SAFE_ALLOCA_IMPL@ATL@@QAEPAXK@Z 1000478a f i ImageScanner.obj
 0001:000037b7       ?Allocate@?$CTempBuffer@E$0BAA@VCCRTAllocator@ATL@@@ATL@@QAEPAEI@Z 100047b7 f i ImageScanner.obj
 0001:000037e6       ?Allocate@?$CTempBuffer@_W$0BAA@VCCRTAllocator@ATL@@@ATL@@QAEPA_WI@Z 100047e6 f i ImageScanner.obj
 0001:00003815       ?Allocate@?$CTempBuffer@_W$0EAA@VCCRTAllocator@ATL@@@ATL@@QAEPA_WI@Z 10004815 f i ImageScanner.obj
 0001:00003844       ?AllocateHeap@?$CTempBuffer@_W$0BAA@VCCRTAllocator@ATL@@@ATL@@AAEXI@Z 10004844 f i ImageScanner.obj
 0001:00003844       ?AllocateHeap@?$CTempBuffer@E$0BAA@VCCRTAllocator@ATL@@@ATL@@AAEXI@Z 10004844 f i ImageScanner.obj
 0001:00003844       ?AllocateHeap@?$CTempBuffer@_W$0EAA@VCCRTAllocator@ATL@@@ATL@@AAEXI@Z 10004844 f i ImageScanner.obj
 0001:00003869       ?Append@CParseBuffer@CRegParser@ATL@@QAEHPB_WH@Z 10004869 f i ImageScanner.obj
 0001:000038f7       ?AtlCoTaskMemCAlloc@ATL@@YAPAXKK@Z 100048f7 f i ImageScanner.obj
 0001:00003924       ?AtlCoTaskMemRecalloc@ATL@@YAPAXPAXKK@Z 10004924 f i ImageScanner.obj
 0001:00003954       ?AtlComModuleGetClassObject@ATL@@YGJPAU_ATL_COM_MODULE70@1@ABU_GUID@@1PAPAX@Z 10004954 f i ImageScanner.obj
 0001:00003a47       ?AtlComModuleRegisterServer@ATL@@YGJPAU_ATL_COM_MODULE70@1@HPBU_GUID@@@Z 10004a47 f i ImageScanner.obj
 0001:00003acf       ?AtlComModuleUnregisterServer@ATL@@YGJPAU_ATL_COM_MODULE70@1@HPBU_GUID@@@Z 10004acf f i ImageScanner.obj
 0001:00003b57       ?AtlComQIPtrAssign2@ATL@@YAXPAPAUIUnknown@@PAU2@ABU_GUID@@@Z 10004b57 f i ImageScanner.obj
 0001:00003b86       ?AtlCreateTargetDC@ATL@@YGPAUHDC__@@PAU2@PAUtagDVTARGETDEVICE@@@Z 10004b86 f i ImageScanner.obj
 0001:00003bef       ?AtlCrtErrorCheck@ATL@@YAHH@Z 10004bef f i ImageScanner.obj
 0001:00003c2a       ?AtlHiMetricToPixel@ATL@@YGXPBUtagSIZE@@PAU2@@Z 10004c2a f i ImageScanner.obj
 0001:00003c9f       ?AtlHresultFromLastError@ATL@@YAJXZ 10004c9f f i ImageScanner.obj
 0001:00003cb6       ?AtlHresultFromWin32@ATL@@YAJK@Z 10004cb6 f i ImageScanner.obj
 0001:00003ccb       ?AtlInternalOleLoadFromStream@ATL@@YAJPAUIStream@@ABU_GUID@@PAPAXTClassesAllowedInStream@1@K@Z 10004ccb f i ImageScanner.obj
 0001:00003de9       ?AtlInternalQueryInterface@ATL@@YGJPAXPBU_ATL_INTMAP_ENTRY@1@ABU_GUID@@PAPAX@Z 10004de9 f i ImageScanner.obj
 0001:00003e8c       ?AtlLoadTypeLib@ATL@@YGJPAUHINSTANCE__@@PB_WPAPA_WPAPAUITypeLib@@@Z 10004e8c f i ImageScanner.obj
 0001:0000406a       ?AtlRegisterClassCategoriesHelper@ATL@@YGJABU_GUID@@PBU_ATL_CATMAP_ENTRY@1@H@Z 1000506a f i ImageScanner.obj
 0001:00004366       ?AtlRegisterTypeLib@ATL@@YGJPAUHINSTANCE__@@PB_W@Z 10005366 f i ImageScanner.obj
 0001:000044ee       ?AtlThrowImpl@ATL@@YGXJ@Z  100054ee f i ImageScanner.obj
 0001:0000450c       ?AtlUnRegisterTypeLib@ATL@@YGJPAUHINSTANCE__@@PB_W@Z 1000550c f i ImageScanner.obj
 0001:000045b7       ?AtlWinModuleAddCreateWndData@ATL@@YGXPAU_ATL_WIN_MODULE70@1@PAU_AtlCreateWndData@1@PAX@Z 100055b7 f i ImageScanner.obj
 0001:0000460b       ?AtlWinModuleExtractCreateWndData@ATL@@YGPAXPAU_ATL_WIN_MODULE70@1@@Z 1000560b f i ImageScanner.obj
 0001:0000466e       ?AtlWinModuleRegisterClassExW@ATL@@YGGPAU_ATL_WIN_MODULE70@1@PBUtagWNDCLASSEXW@@@Z 1000566e f i ImageScanner.obj
 0001:000046ad       ?CanForceRemoveKey@CRegParser@ATL@@IAEHPB_W@Z 100056ad f i ImageScanner.obj
 0001:000046dc       ?ChToByte@CRegParser@ATL@@KAE_W@Z 100056dc f i ImageScanner.obj
 0001:0000470f       ?Cleanup@CComTypeInfoHolder@ATL@@SGXK@Z 1000570f f i ImageScanner.obj
 0001:00004742       ?ClearReplacements@CExpansionVector@ATL@@QAEJXZ 10005742 f i ImageScanner.obj
 0001:0000477f       ?Close@CRegKey@ATL@@QAEJXZ 1000577f f i ImageScanner.obj
 0001:00004799       ?CreateInstance@?$CComCreator@V?$CComAggObject@VCOPOSImageScanner@@@ATL@@@ATL@@SGJPAXABU_GUID@@PAPAX@Z 10005799 f i ImageScanner.obj
 0001:0000480e       ?CreateInstance@?$CComCreator@V?$CComObject@VCOPOSImageScanner@@@ATL@@@ATL@@SGJPAXABU_GUID@@PAPAX@Z 1000580e f i ImageScanner.obj
 0001:0000488e       ?CreateInstance@?$CComObject@V?$CComEnum@UIEnumConnectionPoints@@$1?_GUID_b196b285_bab4_101a_b69c_00aa00341d07@@3U__s_GUID@@BPAUIConnectionPoint@@V?$_CopyInterface@UIConnectionPoint@@@ATL@@VCComSingleThreadModel@6@@ATL@@@ATL@@SGJPAPAV12@@Z 1000588e f i ImageScanner.obj
 0001:000048d8       ?CreateInstance@?$CComObject@V?$CComEnum@UIEnumConnections@@$1?_GUID_b196b287_bab4_101a_b69c_00aa00341d07@@3U__s_GUID@@BUtagCONNECTDATA@@V?$_Copy@UtagCONNECTDATA@@@ATL@@VCComSingleThreadModel@6@@ATL@@@ATL@@SGJPAPAV12@@Z 100058d8 f i ImageScanner.obj
 0001:00004922       ?DefaultReflectionHandler@?$CWindowImplRoot@VCWindow@ATL@@@ATL@@SAHPAUHWND__@@IIJAAJ@Z 10005922 f i ImageScanner.obj
 0001:00004995       ?DeleteSubKey@CRegKey@ATL@@QAEJPB_W@Z 10005995 f i ImageScanner.obj
 0001:00004a0e       ?DoEvent@COPOSImageScanner@@IAEXIIJ@Z 10005a0e f i ImageScanner.obj
 0001:00004a8e       ?DoVerbHide@?$IOleObjectImpl@VCOPOSImageScanner@@@ATL@@QAEJPBUtagRECT@@PAUHWND__@@@Z 10005a8e f i ImageScanner.obj
 0001:00004ac4       ?DoVerbInPlaceActivate@?$IOleObjectImpl@VCOPOSImageScanner@@@ATL@@QAEJPBUtagRECT@@PAUHWND__@@@Z 10005ac4 f i ImageScanner.obj
 0001:00004af7       ?DoVerbPrimary@?$IOleObjectImpl@VCOPOSImageScanner@@@ATL@@QAEJPBUtagRECT@@PAUHWND__@@@Z 10005af7 f i ImageScanner.obj
 0001:00004b83       ?DoVerbProperties@CComControlBase@ATL@@QAEJPBUtagRECT@@PAUHWND__@@@Z 10005b83 f i ImageScanner.obj
 0001:00004d02       ?DoVerbUIActivate@?$IOleObjectImpl@VCOPOSImageScanner@@@ATL@@QAEJPBUtagRECT@@PAUHWND__@@@Z 10005d02 f i ImageScanner.obj
 0001:00004d3f       ?DoesVerbActivate@CComControlBase@ATL@@QAEHJ@Z 10005d3f f i ImageScanner.obj
 0001:00004d60       ?DoesVerbUIActivate@CComControlBase@ATL@@QAEHJ@Z 10005d60 f i ImageScanner.obj
 0001:00004d95       ?EndOfVar@CRegParser@ATL@@IAEHXZ 10005d95 f i ImageScanner.obj
 0001:00004db5       ?EscapeSingleQuote@CAtlModule@ATL@@SAXPA_WIPB_W@Z 10005db5 f i ImageScanner.obj
 0001:00004e04       ?FindKey@?$CSimpleMap@PA_WPA_WVCExpansionVectorEqualHelper@ATL@@@ATL@@QBEHABQA_W@Z 10005e04 f i ImageScanner.obj
 0001:00004e3b       ?FireTheEvent@?$CProxy_IOPOSEvents@VCOPOSImageScanner@@@@IAEXPAVOposVariant@@IAAJPB_WJ@Z 10005e3b f i ImageScanner.obj
 0001:00004ecd       ?FireViewChange@CComControlBase@ATL@@QAEJXZ 10005ecd f i ImageScanner.obj
 0001:00004f16       ?Fire_DataEvent@?$CProxy_IOPOSEvents@VCOPOSImageScanner@@@@QAEXJ@Z 10005f16 f i ImageScanner.obj
 0001:00004fac       ?Fire_DirectIOEvent@?$CProxy_IOPOSEvents@VCOPOSImageScanner@@@@QAEXJPAJPAPA_W@Z 10005fac f i ImageScanner.obj
 0001:00005098       ?Fire_ErrorEvent@?$CProxy_IOPOSEvents@VCOPOSImageScanner@@@@QAEXJJJPAJ@Z 10006098 f i ImageScanner.obj
 0001:00005189       ?Fire_StatusUpdateEvent@?$CProxy_IOPOSEvents@VCOPOSImageScanner@@@@QAEXJ@Z 10006189 f i ImageScanner.obj
 0001:0000521f       ?FreeHeap@?$CTempBuffer@E$0BAA@VCCRTAllocator@ATL@@@ATL@@AAEXXZ 1000621f f i ImageScanner.obj
 0001:0000521f       ?FreeHeap@?$CTempBuffer@_W$0EAA@VCCRTAllocator@ATL@@@ATL@@AAEXXZ 1000621f f i ImageScanner.obj
 0001:0000521f       ?FreeHeap@?$CTempBuffer@_W$0BAA@VCCRTAllocator@ATL@@@ATL@@AAEXXZ 1000621f f i ImageScanner.obj
 0001:00005228       ?GetAmbientLocaleID@CComControlBase@ATL@@QAEJAAK@Z 10006228 f i ImageScanner.obj
 0001:00005284       ?GetAmbientUserMode@CComControlBase@ATL@@QAEJAAH@Z 10006284 f i ImageScanner.obj
 0001:000052f4       ?GetAt@CComDynamicUnkArray@ATL@@QAEPAUIUnknown@@H@Z 100062f4 f i ImageScanner.obj
 0001:00005310       ?GetClassObject@CComModule@ATL@@QAEJABU_GUID@@0PAPAX@Z 10006310 f i ImageScanner.obj
 0001:000053b2       ?GetConnMap@COPOSImageScanner@@SAPBU_ATL_CONNMAP_ENTRY@ATL@@PAH@Z 100063b2 f i ImageScanner.obj
 0001:00005422       ?GetCookie@CComDynamicUnkArray@ATL@@QAGKPAPAUIUnknown@@@Z 10006422 f i ImageScanner.obj
 0001:0000545a       ?GetIDsOfNames@CComTypeInfoHolder@ATL@@QAEJABU_GUID@@PAPA_WIKPAJ@Z 1000645a f i ImageScanner.obj
 0001:00005581       ?GetKeyAt@?$CSimpleMap@PA_WPA_WVCExpansionVectorEqualHelper@ATL@@@ATL@@QBEAAPA_WH@Z 10006581 f i ImageScanner.obj
 0001:000055a6       ?GetPagesHelper@?$ISpecifyPropertyPagesImpl@VCOPOSImageScanner@@@ATL@@IAEJPAUtagCAUUID@@PBUATL_PROPMAP_ENTRY@2@@Z 100065a6 f i ImageScanner.obj
 0001:000056cd       ?GetProperty@?$CComPtr@UIDispatch@@@ATL@@SAJPAUIDispatch@@JPAUtagVARIANT@@@Z 100066cd f i ImageScanner.obj
 0001:0000571c       ?GetSizeMax@CComVariant@ATL@@QBEJPAT_ULARGE_INTEGER@@@Z 1000671c f i ImageScanner.obj
 0001:000058de       ?GetTI@CComTypeInfoHolder@ATL@@QAEJK@Z 100068de f i ImageScanner.obj
 0001:00005abd       ?GetTI@CComTypeInfoHolder@ATL@@QAEJKPAPAUITypeInfo@@@Z 10006abd f i ImageScanner.obj
 0001:00005aff       ?GetUnknown@CComDynamicUnkArray@ATL@@QAGPAUIUnknown@@K@Z 10006aff f i ImageScanner.obj
 0001:00005b20       ?GetValueAt@?$CSimpleMap@PA_WPA_WVCExpansionVectorEqualHelper@ATL@@@ATL@@QBEAAPA_WH@Z 10006b20 f i ImageScanner.obj
 0001:00005b46       ?GetZoomInfo@CComControlBase@ATL@@QAEXAAUATL_DRAWINFO@@@Z 10006b46 f i ImageScanner.obj
 0001:00005bd9       ?HKeyFromString@CRegParser@ATL@@KAPAUHKEY__@@PA_W@Z 10006bd9 f i ImageScanner.obj
 0001:00005c07       ?HasSubKeys@CRegParser@ATL@@IAEHPAUHKEY__@@@Z 10006c07 f i ImageScanner.obj
 0001:00005c3c       ?IDataObject_GetData@CComControlBase@ATL@@QAEJPAUtagFORMATETC@@PAUtagSTGMEDIUM@@@Z 10006c3c f i ImageScanner.obj
 0001:00005de2       ?IOleInPlaceObject_InPlaceDeactivate@CComControlBase@ATL@@QAEJXZ 10006de2 f i ImageScanner.obj
 0001:00005e69       ?IOleInPlaceObject_SetObjectRects@CComControlBase@ATL@@QAEJPBUtagRECT@@0@Z 10006e69 f i ImageScanner.obj
 0001:00005f36       ?IOleInPlaceObject_UIDeactivate@CComControlBase@ATL@@QAEJXZ 10006f36 f i ImageScanner.obj
 0001:00005ff8       ?IOleObject_Advise@CComControlBase@ATL@@QAEJPAUIAdviseSink@@PAK@Z 10006ff8 f i ImageScanner.obj
 0001:00006022       ?IOleObject_Close@CComControlBase@ATL@@QAEJK@Z 10007022 f i ImageScanner.obj
 0001:00006106       ?IOleObject_GetClientSite@CComControlBase@ATL@@QAEJPAPAUIOleClientSite@@@Z 10007106 f i ImageScanner.obj
 0001:0000612f       ?IOleObject_SetClientSite@CComControlBase@ATL@@QAEJPAUIOleClientSite@@@Z 1000712f f i ImageScanner.obj
 0001:0000616e       ?IOleObject_SetExtent@CComControlBase@ATL@@QAEJKPAUtagSIZE@@@Z 1000716e f i ImageScanner.obj
 0001:00006222       ?IPSI_GetIPersistStreamInit@?$IPersistStorageImpl@VCOPOSImageScanner@@@ATL@@AAEPAUIPersistStreamInit@@XZ 10007222 f i ImageScanner.obj
 0001:000062ca       ?IPersistStreamInit_Load@?$IPersistStreamInitImpl@VCOPOSImageScanner@@@ATL@@QAEJPAUIStream@@PBUATL_PROPMAP_ENTRY@2@@Z 100072ca f i ImageScanner.obj
 0001:0000653f       ?IPersistStreamInit_Save@?$IPersistStreamInitImpl@VCOPOSImageScanner@@@ATL@@QAEJPAUIStream@@HPBUATL_PROPMAP_ENTRY@2@@Z 1000753f f i ImageScanner.obj
 0001:0000672d       ?IQuickActivate_QuickActivate@CComControlBase@ATL@@QAEJPAUtagQACONTAINER@@PAUtagQACONTROL@@@Z 1000772d f i ImageScanner.obj
 0001:0000696f       ?IViewObject_Draw@CComControlBase@ATL@@QAEJKJPAXPAUtagDVTARGETDEVICE@@PAUHDC__@@2PBU_RECTL@@3@Z 1000796f f i ImageScanner.obj
 0001:00006a17       ?InPlaceActivate@CComControlBase@ATL@@QAEJJPBUtagRECT@@@Z 10007a17 f i ImageScanner.obj
 0001:00006c88       ?Init@?$CComEnumImpl@UIEnumConnectionPoints@@$1?_GUID_b196b285_bab4_101a_b69c_00aa00341d07@@3U__s_GUID@@BPAUIConnectionPoint@@V?$_CopyInterface@UIConnectionPoint@@@ATL@@@ATL@@QAEJPAPAUIConnectionPoint@@0PAUIUnknown@@W4CComEnumFlags@2@@Z 10007c88 f i ImageScanner.obj
 0001:00006d67       ?Init@?$CComEnumImpl@UIEnumConnections@@$1?_GUID_b196b287_bab4_101a_b69c_00aa00341d07@@3U__s_GUID@@BUtagCONNECTDATA@@V?$_Copy@UtagCONNECTDATA@@@ATL@@@ATL@@QAEJPAUtagCONNECTDATA@@0PAUIUnknown@@W4CComEnumFlags@2@@Z 10007d67 f i ImageScanner.obj
 0001:00006e46       ?Init@CComModule@ATL@@QAEJPAU_ATL_OBJMAP_ENTRY30@2@PAUHINSTANCE__@@PBU_GUID@@@Z 10007e46 f i ImageScanner.obj
 0001:00006ea5       ?Init@CDynamicStdCallThunk2@ATL@@QAEHKPAX@Z 10007ea5 f i ImageScanner.obj
 0001:00006ed0       ?InlineIsEqualUnknown@ATL@@YGHABU_GUID@@@Z 10007ed0 f i ImageScanner.obj
 0001:00006ef8       ?InternalSetAtIndex@?$CSimpleMap@PA_WPA_WVCExpansionVectorEqualHelper@ATL@@@ATL@@QAEXHABQA_W0@Z 10007ef8 f i ImageScanner.obj
 0001:00006f22       ?Invoke@CComTypeInfoHolder@ATL@@QAEJPAUIDispatch@@JABU_GUID@@KGPAUtagDISPPARAMS@@PAUtagVARIANT@@PAUtagEXCEPINFO@@PAI@Z 10007f22 f i ImageScanner.obj
 0001:00006f65       ?IsEqualObject@?$CComPtrBase@UIOleClientSite@@@ATL@@QAE_NPAUIUnknown@@@Z 10007f65 f i ImageScanner.obj
 0001:00006f65       ?IsEqualObject@?$CComPtrBase@UITypeInfo@@@ATL@@QAE_NPAUIUnknown@@@Z 10007f65 f i ImageScanner.obj
 0001:00006fd2       ?IsSpace@CRegParser@ATL@@IAEH_W@Z 10007fd2 f i ImageScanner.obj
 0001:00006ffc       ?LoadNameCache@CComTypeInfoHolder@ATL@@QAEJPAUITypeInfo@@@Z 10007ffc f i ImageScanner.obj
 0001:00007131       ?Lookup@?$CSimpleMap@PA_WPA_WVCExpansionVectorEqualHelper@ATL@@@ATL@@QBEPA_WABQA_W@Z 10008131 f i ImageScanner.obj
 0001:00007157       ?NextToken@CRegParser@ATL@@IAEJPA_W@Z 10008157 f i ImageScanner.obj
 0001:0000728f       ?OnKillFocus@CComControlBase@ATL@@QAEJIIJAAH@Z 1000828f f i ImageScanner.obj
 0001:000072ea       ?OnMouseActivate@CComControlBase@ATL@@QAEJIIJAAH@Z 100082ea f i ImageScanner.obj
 0001:00007358       ?OnPaint@CComControlBase@ATL@@QAEJIIJAAH@Z 10008358 f i ImageScanner.obj
 0001:0000740a       ?OnSetFocus@CComControlBase@ATL@@QAEJIIJAAH@Z 1000840a f i ImageScanner.obj
 0001:00007493       ?Open@CRegKey@ATL@@QAEJPAUHKEY__@@PB_WK@Z 10008493 f i ImageScanner.obj
 0001:000074e8       ?PreProcessBuffer@CRegParser@ATL@@QAEJPA_WPAPA_W@Z 100084e8 f i ImageScanner.obj
 0001:00007757       ?ProcessWindowMessage@?$CComControl@VCOPOSImageScanner@@V?$CWindowImpl@VCOPOSImageScanner@@VCWindow@ATL@@V?$CWinTraits@$0FGAAAAAA@$0A@@3@@ATL@@@ATL@@UAEHPAUHWND__@@IIJAAJK@Z 10008757 f i ImageScanner.obj
 0001:000077f6       ?ReadFromStream@CComBSTR@ATL@@QAEJPAUIStream@@@Z 100087f6 f i ImageScanner.obj
 0001:00007919       ?ReadFromStream@CComVariant@ATL@@QAEJPAUIStream@@GTClassesAllowedInStream@2@K@Z 10008919 f i ImageScanner.obj
 0001:00007aa3       ?RecurseDeleteKey@CRegKey@ATL@@QAEJPB_W@Z 10008aa3 f i ImageScanner.obj
 0001:00007b91       ?RegCreateKeyExW@CAtlTransactionManager@ATL@@QAEJPAUHKEY__@@PB_WKPA_WKKQAU_SECURITY_ATTRIBUTES@@PAPAU3@PAK@Z 10008b91 f i ImageScanner.obj
 0001:00007bf4       ?RegDeleteKeyW@CAtlTransactionManager@ATL@@QAEJPAUHKEY__@@PB_W@Z 10008bf4 f i ImageScanner.obj
 0001:00007c46       ?RegOpenKeyExW@CAtlTransactionManager@ATL@@QAEJPAUHKEY__@@PB_WKKPAPAU3@@Z 10008c46 f i ImageScanner.obj
 0001:00007c9d       ?Register@_ATL_WNDCLASSINFOW@ATL@@QAEGPAP6GJPAUHWND__@@IIJ@Z@Z 10008c9d f i ImageScanner.obj
 0001:00007cbd       ?RegisterBuffer@CRegParser@ATL@@QAEJPA_WH@Z 10008cbd f i ImageScanner.obj
 0001:00007e04       ?RegisterFromResource@CRegObject@ATL@@IAEJPB_W00H@Z 10008e04 f i ImageScanner.obj
 0001:00007f3a       ?RegisterServer@?$CAtlModuleT@VCComModule@ATL@@@ATL@@QAEJHPBU_GUID@@@Z 10008f3a f i ImageScanner.obj
 0001:00007f68       ?RegisterServer@CComModule@ATL@@QAEJHPBU_GUID@@@Z 10008f68 f i ImageScanner.obj
 0001:00007fde       ?RegisterSubkeys@CRegParser@ATL@@IAEJPA_WPAUHKEY__@@HH@Z 10008fde f i ImageScanner.obj
 0001:0000868b       ?Remove@CComDynamicUnkArray@ATL@@QAEHK@Z 1000968b f i ImageScanner.obj
 0001:000086b4       ?RemoveAll@?$CSimpleMap@PA_WPA_WVCExpansionVectorEqualHelper@ATL@@@ATL@@QAEXXZ 100096b4 f i ImageScanner.obj
 0001:000086e0       ?ResourceRegisterSz@CRegObject@ATL@@QAGJPB_W00@Z 100096e0 f i ImageScanner.obj
 0001:0000870d       ?ResourceUnregisterSz@CRegObject@ATL@@QAGJPB_W00@Z 1000970d f i ImageScanner.obj
 0001:0000873a       ?SendOnDataChange@CComControlBase@ATL@@QAEJK@Z 1000973a f i ImageScanner.obj
 0001:00008787       ?SetControlFocus@CComControlBase@ATL@@QAEHH@Z 10009787 f i ImageScanner.obj
 0001:00008824       ?SetMultiStringValue@CRegKey@ATL@@QAEJPB_W0@Z 10009824 f i ImageScanner.obj
 0001:00008880       ?SetStringValue@CRegKey@ATL@@QAEJPB_W0K@Z 10009880 f i ImageScanner.obj
 0001:000088c9       ?SkipAssignment@CRegParser@ATL@@IAEJPA_W@Z 100098c9 f i ImageScanner.obj
 0001:0000892e       ?SkipWhiteSpace@CRegParser@ATL@@IAEXXZ 1000992e f i ImageScanner.obj
 0001:00008950       ?StrChrW@CRegParser@ATL@@KAPA_WPA_W_W@Z 10009950 f i ImageScanner.obj
 0001:0000898d       ?Term@CAtlModule@ATL@@QAEXXZ 1000998d f i ImageScanner.obj
 0001:000089e0       ?Term@CComModule@ATL@@QAEXXZ 100099e0 f i ImageScanner.obj
 0001:00008a38       ?UnregisterServer@?$CAtlModuleT@VCComModule@ATL@@@ATL@@QAEJHPBU_GUID@@@Z 10009a38 f i ImageScanner.obj
 0001:00008a5e       ?UnregisterServer@CComModule@ATL@@QAEJHPBU_GUID@@@Z 10009a5e f i ImageScanner.obj
 0001:00008ad4       ?UpdateRegistryFromResource@CAtlModule@ATL@@QAGJIHPAU_ATL_REGMAP_ENTRY@2@@Z 10009ad4 f i ImageScanner.obj
 0001:00008c9f       ?UpdateRegistryFromResource@CAtlModule@ATL@@QAGJPB_WHPAU_ATL_REGMAP_ENTRY@2@@Z 10009c9f f i ImageScanner.obj
 0001:00008e70       ?VTFromRegType@CRegParser@ATL@@KAHPB_WAAG@Z 10009e70 f i ImageScanner.obj
 0001:00008edd       ?WindowProc@?$CWindowImplBaseT@VCWindow@ATL@@V?$CWinTraits@$0FGAAAAAA@$0A@@2@@ATL@@SGJPAUHWND__@@IIJ@Z 10009edd f i ImageScanner.obj
 0001:00008fcf       ?WriteToStream@CComBSTR@ATL@@QAEJPAUIStream@@@Z 10009fcf f i ImageScanner.obj
 0001:00009031       ?WriteToStream@CComVariant@ATL@@QAEJPAUIStream@@@Z 1000a031 f i ImageScanner.obj
 0001:000091ab       ?WriteToStream@CComVariant@ATL@@QAEJPAUIStream@@G@Z 1000a1ab f i ImageScanner.obj
 0001:00009214       ?_AtlInitialConstruct@?$CComObjectRootEx@VCComMultiThreadModel@ATL@@@ATL@@QAEJXZ 1000a214 f i ImageScanner.obj
 0001:00009229       ?_AtlVerifyStackAvailable@_ATL_SAFE_ALLOCA_IMPL@ATL@@YA_NK@Z 1000a229 f i ImageScanner.obj
 0001:000092a7       ?atlCreate@?$CWindowImpl@VCOPOSImageScanner@@VCWindow@ATL@@V?$CWinTraits@$0FGAAAAAA@$0A@@3@@ATL@@QAEPAUHWND__@@PAU3@V_U_RECT@2@PB_WKKV_U_MENUorID@2@PAX@Z 1000a2a7 f i ImageScanner.obj
 0001:000092eb       ?atlCreate@?$CWindowImplBaseT@VCWindow@ATL@@V?$CWinTraits@$0FGAAAAAA@$0A@@2@@ATL@@QAEPAUHWND__@@PAU3@V_U_RECT@2@PB_WKKV_U_MENUorID@2@GPAX@Z 1000a2eb f i ImageScanner.obj
 0001:00009387       ?copy@?$_Copy@UtagCONNECTDATA@@@ATL@@SAJPAUtagCONNECTDATA@@PBU3@@Z 1000a387 f i ImageScanner.obj
 0001:000093bd       ?copy@?$_CopyInterface@UIConnectionPoint@@@ATL@@SAJPAPAUIConnectionPoint@@PBQAU3@@Z 1000a3bd f i ImageScanner.obj
 0001:000093eb       ?memcpy_s@Checked@ATL@@YAXPAXIPBXI@Z 1000a3eb f i ImageScanner.obj
 0001:0000940a       ?ocscpy_s@@YA_NPA_WIPB_W@Z 1000a40a f i ImageScanner.obj
 0001:00009454       ?wcscpy_s@Checked@ATL@@YAXPA_WIPB_W@Z 1000a454 f i ImageScanner.obj
 0001:00009470       _DllCanUnloadNow@0         1000a470 f   ImageScanner.obj
 0001:0000947c       _DllGetClassObject@12      1000a47c f   ImageScanner.obj
 0001:0000948a       _DllMain@12                1000a48a f   ImageScanner.obj
 0001:000094cc       _DllRegisterServer@0       1000a4cc f   ImageScanner.obj
 0001:000094db       _DllUnregisterServer@0     1000a4db f   ImageScanner.obj
 0001:000094ea       _InlineIsEqualGUID         1000a4ea f i ImageScanner.obj
 0001:0000951a       ___local_stdio_printf_options 1000a51a f i ImageScanner.obj
 0001:00009520       __vswprintf_s_l            1000a520 f i ImageScanner.obj
 0001:000095cd       _swprintf_s                1000a5cd f i ImageScanner.obj
 0001:000095e9       ??0?$CComControl@VCOPOSImageScanner@@V?$CWindowImpl@VCOPOSImageScanner@@VCWindow@ATL@@V?$CWinTraits@$0FGAAAAAA@$0A@@3@@ATL@@@ATL@@QAE@XZ 1000a5e9 f i ImageScannerImpl.obj
 0001:00009610       ??0?$CProxy_IOPOSEvents@VCOPOSImageScanner@@@@QAE@XZ 1000a610 f i ImageScannerImpl.obj
 0001:00009630       ??0CComControlBase@ATL@@QAE@AAPAUHWND__@@@Z 1000a630 f i ImageScannerImpl.obj
 0001:0000967a       ??0COPOSImageScanner@@QAE@XZ 1000a67a f   ImageScannerImpl.obj
 0001:000096b0       ??1?$CComControl@VCOPOSImageScanner@@V?$CWindowImpl@VCOPOSImageScanner@@VCWindow@ATL@@V?$CWinTraits@$0FGAAAAAA@$0A@@3@@ATL@@@ATL@@UAE@XZ 1000a6b0 f i ImageScannerImpl.obj
 0001:000096c9       ??1?$IConnectionPointImpl@VCOPOSImageScanner@@$1?DIID__IOPOSImageScannerEvents@@3U_GUID@@BVCComDynamicUnkArray@ATL@@@ATL@@QAE@XZ 1000a6c9 f i ImageScannerImpl.obj
 0001:000096c9       ??1?$IConnectionPointImpl@VCOPOSImageScanner@@$1?IID_IPropertyNotifySink@@3U_GUID@@BVCComDynamicUnkArray@ATL@@@ATL@@QAE@XZ 1000a6c9 f i ImageScannerImpl.obj
 0001:00009706       ??1CComControlBase@ATL@@UAE@XZ 1000a706 f i ImageScannerImpl.obj
 0001:00009769       ??1COPOSImageScanner@@UAE@XZ 1000a769 f   ImageScannerImpl.obj
 0001:000097b1       ?CheckHealth@COPOSImageScanner@@UAGJJPAJ@Z 1000a7b1 f   ImageScannerImpl.obj
 0001:00009800       ?ClaimDevice@COPOSImageScanner@@UAGJJPAJ@Z 1000a800 f   ImageScannerImpl.obj
 0001:00009875       ?ClearInput@COPOSImageScanner@@UAGJPAJ@Z 1000a875 f   ImageScannerImpl.obj
 0001:00009890       ?ClearInputProperties@COPOSImageScanner@@UAGJPAJ@Z 1000a890 f   ImageScannerImpl.obj
 0001:000098ab       ?Close@COPOSImageScanner@@UAGJPAJ@Z 1000a8ab f   ImageScannerImpl.obj
 0001:00009919       ?CompareFirmwareVersion@COPOSImageScanner@@UAGJPA_WPAJ1@Z 1000a919 f   ImageScannerImpl.obj
 0001:00009999       ?DirectIO@COPOSImageScanner@@UAGJJPAJPAPA_W0@Z 1000a999 f   ImageScannerImpl.obj
 0001:00009a47       ?DoInvoke@COPOSImageScanner@@IAEJJPAVOposVariant@@IHPAJ_N@Z 1000aa47 f   ImageScannerImpl.obj
 0001:00009b23       ?EventClose@COPOSImageScanner@@IAEXXZ 1000ab23 f i ImageScannerImpl.obj
 0001:00009b56       ?EventInit@COPOSImageScanner@@IAEJXZ 1000ab56 f i ImageScannerImpl.obj
 0001:00009c22       ?EventUninit@COPOSImageScanner@@IAEXXZ 1000ac22 f i ImageScannerImpl.obj
 0001:00009c74       ?EventWindowProc@COPOSImageScanner@@IAGJIIJ@Z 1000ac74 f i ImageScannerImpl.obj
 0001:00009d48       ?FinalConstruct@COPOSImageScanner@@QAEJXZ 1000ad48 f   ImageScannerImpl.obj
 0001:00009d81       ?FireEventCleanup@COPOSImageScanner@@IAEXXZ 1000ad81 f i ImageScannerImpl.obj
 0001:00009d97       ?FireEventSetup@COPOSImageScanner@@IAE_NXZ 1000ad97 f i ImageScannerImpl.obj
 0001:00009dcb       ?FreezeEvents@COPOSImageScanner@@MAGJH@Z 1000adcb f   ImageScannerImpl.obj
 0001:00009e2b       ?GetOposProp@COPOSImageScanner@@IAEJJPAFJ@Z 1000ae2b f   ImageScannerImpl.obj
 0001:00009e4e       ?GetOposProp@COPOSImageScanner@@IAEJJPAJJ@Z 1000ae4e f   ImageScannerImpl.obj
 0001:00009f1d       ?GetOposProp@COPOSImageScanner@@IAEJJPAPA_WJ@Z 1000af1d f   ImageScannerImpl.obj
 0001:00009ff9       ?OnDraw@COPOSImageScanner@@MAEJAAUATL_DRAWINFO@@@Z 1000aff9 f   ImageScannerImpl.obj
 0001:0000a099       ?Open@COPOSImageScanner@@UAGJPA_WPAJ@Z 1000b099 f   ImageScannerImpl.obj
 0001:0000a8db       ?ReleaseDevice@COPOSImageScanner@@UAGJPAJ@Z 1000b8db f   ImageScannerImpl.obj
 0001:0000a92a       ?ResetStatistics@COPOSImageScanner@@UAGJPA_WPAJ@Z 1000b92a f   ImageScannerImpl.obj
 0001:0000a981       ?RetrieveStatistics@COPOSImageScanner@@UAGJPAPA_WPAJ@Z 1000b981 f   ImageScannerImpl.obj
 0001:0000a9d8       ?SOProcessID@COPOSImageScanner@@UAGJPAJ@Z 1000b9d8 f   ImageScannerImpl.obj
 0001:0000a9ec       ?SetCOFreezeEvents@COPOSImageScanner@@IAEXF@Z 1000b9ec f   ImageScannerImpl.obj
 0001:0000aa8c       ?SetOposProp@COPOSImageScanner@@IAEJJJJ@Z 1000ba8c f   ImageScannerImpl.obj
 0001:0000ab83       ?StartSession@COPOSImageScanner@@UAGJPAJ@Z 1000bb83 f   ImageScannerImpl.obj
 0001:0000ab9e       ?StopSession@COPOSImageScanner@@UAGJPAJ@Z 1000bb9e f   ImageScannerImpl.obj
 0001:0000abb9       ?UpdateFirmware@COPOSImageScanner@@UAGJPA_WPAJ@Z 1000bbb9 f   ImageScannerImpl.obj
 0001:0000ac10       ?UpdateStatistics@COPOSImageScanner@@UAGJPA_WPAJ@Z 1000bc10 f   ImageScannerImpl.obj
 0001:0000ac67       ?get_AimMode@COPOSImageScanner@@UAGJPAF@Z 1000bc67 f   ImageScannerImpl.obj
 0001:0000ac80       ?get_AutoDisable@COPOSImageScanner@@UAGJPAF@Z 1000bc80 f   ImageScannerImpl.obj
 0001:0000ac96       ?get_BinaryConversion@COPOSImageScanner@@UAGJPAJ@Z 1000bc96 f   ImageScannerImpl.obj
 0001:0000acac       ?get_BitsPerPixel@COPOSImageScanner@@UAGJPAJ@Z 1000bcac f   ImageScannerImpl.obj
 0001:0000acc5       ?get_CapAim@COPOSImageScanner@@UAGJPAF@Z 1000bcc5 f   ImageScannerImpl.obj
 0001:0000acde       ?get_CapCompareFirmwareVersion@COPOSImageScanner@@UAGJPAF@Z 1000bcde f   ImageScannerImpl.obj
 0001:0000acf7       ?get_CapDecodeData@COPOSImageScanner@@UAGJPAF@Z 1000bcf7 f   ImageScannerImpl.obj
 0001:0000ad10       ?get_CapHostTriggered@COPOSImageScanner@@UAGJPAF@Z 1000bd10 f   ImageScannerImpl.obj
 0001:0000ad29       ?get_CapIlluminate@COPOSImageScanner@@UAGJPAF@Z 1000bd29 f   ImageScannerImpl.obj
 0001:0000ad42       ?get_CapImageData@COPOSImageScanner@@UAGJPAF@Z 1000bd42 f   ImageScannerImpl.obj
 0001:0000ad5b       ?get_CapImageQuality@COPOSImageScanner@@UAGJPAF@Z 1000bd5b f   ImageScannerImpl.obj
 0001:0000ad74       ?get_CapPowerReporting@COPOSImageScanner@@UAGJPAJ@Z 1000bd74 f   ImageScannerImpl.obj
 0001:0000ad8d       ?get_CapStatisticsReporting@COPOSImageScanner@@UAGJPAF@Z 1000bd8d f   ImageScannerImpl.obj
 0001:0000ada6       ?get_CapUpdateFirmware@COPOSImageScanner@@UAGJPAF@Z 1000bda6 f   ImageScannerImpl.obj
 0001:0000adbf       ?get_CapUpdateStatistics@COPOSImageScanner@@UAGJPAF@Z 1000bdbf f   ImageScannerImpl.obj
 0001:0000add8       ?get_CapVideoData@COPOSImageScanner@@UAGJPAF@Z 1000bdd8 f   ImageScannerImpl.obj
 0001:0000adf1       ?get_CheckHealthText@COPOSImageScanner@@UAGJPAPA_W@Z 1000bdf1 f   ImageScannerImpl.obj
 0001:0000ae0a       ?get_Claimed@COPOSImageScanner@@UAGJPAF@Z 1000be0a f   ImageScannerImpl.obj
 0001:0000ae20       ?get_ControlObjectDescription@COPOSImageScanner@@UAGJPAPA_W@Z 1000be20 f   ImageScannerImpl.obj
 0001:0000ae6e       ?get_ControlObjectVersion@COPOSImageScanner@@UAGJPAJ@Z 1000be6e f   ImageScannerImpl.obj
 0001:0000ae81       ?get_DataCount@COPOSImageScanner@@UAGJPAJ@Z 1000be81 f   ImageScannerImpl.obj
 0001:0000ae97       ?get_DataEventEnabled@COPOSImageScanner@@UAGJPAF@Z 1000be97 f   ImageScannerImpl.obj
 0001:0000aead       ?get_DeviceDescription@COPOSImageScanner@@UAGJPAPA_W@Z 1000bead f   ImageScannerImpl.obj
 0001:0000aec6       ?get_DeviceEnabled@COPOSImageScanner@@UAGJPAF@Z 1000bec6 f   ImageScannerImpl.obj
 0001:0000aedc       ?get_DeviceName@COPOSImageScanner@@UAGJPAPA_W@Z 1000bedc f   ImageScannerImpl.obj
 0001:0000aef5       ?get_FrameData@COPOSImageScanner@@UAGJPAPA_W@Z 1000bef5 f   ImageScannerImpl.obj
 0001:0000af0e       ?get_FrameType@COPOSImageScanner@@UAGJPAJ@Z 1000bf0e f   ImageScannerImpl.obj
 0001:0000af27       ?get_FreezeEvents@COPOSImageScanner@@UAGJPAF@Z 1000bf27 f   ImageScannerImpl.obj
 0001:0000af3d       ?get_IlluminateMode@COPOSImageScanner@@UAGJPAF@Z 1000bf3d f   ImageScannerImpl.obj
 0001:0000af56       ?get_ImageHeight@COPOSImageScanner@@UAGJPAJ@Z 1000bf56 f   ImageScannerImpl.obj
 0001:0000af6f       ?get_ImageLength@COPOSImageScanner@@UAGJPAJ@Z 1000bf6f f   ImageScannerImpl.obj
 0001:0000af88       ?get_ImageMode@COPOSImageScanner@@UAGJPAJ@Z 1000bf88 f   ImageScannerImpl.obj
 0001:0000afa1       ?get_ImageQuality@COPOSImageScanner@@UAGJPAJ@Z 1000bfa1 f   ImageScannerImpl.obj
 0001:0000afba       ?get_ImageType@COPOSImageScanner@@UAGJPAJ@Z 1000bfba f   ImageScannerImpl.obj
 0001:0000afd3       ?get_ImageWidth@COPOSImageScanner@@UAGJPAJ@Z 1000bfd3 f   ImageScannerImpl.obj
 0001:0000afec       ?get_OpenResult@COPOSImageScanner@@UAGJPAJ@Z 1000bfec f   ImageScannerImpl.obj
 0001:0000b003       ?get_PowerNotify@COPOSImageScanner@@UAGJPAJ@Z 1000c003 f   ImageScannerImpl.obj
 0001:0000b019       ?get_PowerState@COPOSImageScanner@@UAGJPAJ@Z 1000c019 f   ImageScannerImpl.obj
 0001:0000b02f       ?get_ResultCode@COPOSImageScanner@@UAGJPAJ@Z 1000c02f f   ImageScannerImpl.obj
 0001:0000b06d       ?get_ResultCodeExtended@COPOSImageScanner@@UAGJPAJ@Z 1000c06d f   ImageScannerImpl.obj
 0001:0000b083       ?get_ServiceObjectDescription@COPOSImageScanner@@UAGJPAPA_W@Z 1000c083 f   ImageScannerImpl.obj
 0001:0000b09c       ?get_ServiceObjectVersion@COPOSImageScanner@@UAGJPAJ@Z 1000c09c f   ImageScannerImpl.obj
 0001:0000b0b2       ?get_State@COPOSImageScanner@@UAGJPAJ@Z 1000c0b2 f   ImageScannerImpl.obj
 0001:0000b0de       ?get_VideoCount@COPOSImageScanner@@UAGJPAJ@Z 1000c0de f   ImageScannerImpl.obj
 0001:0000b0f7       ?get_VideoRate@COPOSImageScanner@@UAGJPAJ@Z 1000c0f7 f   ImageScannerImpl.obj
 0001:0000b110       ?put_AimMode@COPOSImageScanner@@UAGJF@Z 1000c110 f   ImageScannerImpl.obj
 0001:0000b130       ?put_AutoDisable@COPOSImageScanner@@UAGJF@Z 1000c130 f   ImageScannerImpl.obj
 0001:0000b14d       ?put_BinaryConversion@COPOSImageScanner@@UAGJJ@Z 1000c14d f   ImageScannerImpl.obj
 0001:0000b163       ?put_DataEventEnabled@COPOSImageScanner@@UAGJF@Z 1000c163 f   ImageScannerImpl.obj
 0001:0000b180       ?put_DeviceEnabled@COPOSImageScanner@@UAGJF@Z 1000c180 f   ImageScannerImpl.obj
 0001:0000b19d       ?put_FreezeEvents@COPOSImageScanner@@UAGJF@Z 1000c19d f   ImageScannerImpl.obj
 0001:0000b1e9       ?put_IlluminateMode@COPOSImageScanner@@UAGJF@Z 1000c1e9 f   ImageScannerImpl.obj
 0001:0000b209       ?put_ImageMode@COPOSImageScanner@@UAGJJ@Z 1000c209 f   ImageScannerImpl.obj
 0001:0000b222       ?put_ImageQuality@COPOSImageScanner@@UAGJJ@Z 1000c222 f   ImageScannerImpl.obj
 0001:0000b23b       ?put_PowerNotify@COPOSImageScanner@@UAGJJ@Z 1000c23b f   ImageScannerImpl.obj
 0001:0000b251       ?put_VideoCount@COPOSImageScanner@@UAGJJ@Z 1000c251 f   ImageScannerImpl.obj
 0001:0000b26a       ?put_VideoRate@COPOSImageScanner@@UAGJJ@Z 1000c26a f   ImageScannerImpl.obj
 0001:0000b283       ?s_EventWindowProc@COPOSImageScanner@@KGJPAUHWND__@@IIJ@Z 1000c283 f i ImageScannerImpl.obj
 0001:0000b2d5       ??_U@YAPAXI@Z              1000c2d5 f   LIBCMT:new_array.obj
 0001:0000b2de       ??3@YAXPAXI@Z              1000c2de f   LIBCMT:delete_scalar_size.obj
 0001:0000b2ec       ??_V@YAXPAX@Z              1000c2ec f   LIBCMT:delete_array.obj
 0001:0000b2f1       ??_V@YAXPAXI@Z             1000c2f1 f   LIBCMT:delete_array_size.obj
 0001:0000b343       ___scrt_acquire_startup_lock 1000c343 f   LIBCMT:utility.obj
 0001:0000b375       ___scrt_dllmain_after_initialize_c 1000c375 f   LIBCMT:utility.obj
 0001:0000b3a0       ___scrt_dllmain_before_initialize_c 1000c3a0 f   LIBCMT:utility.obj
 0001:0000b3ae       ___scrt_dllmain_crt_thread_attach 1000c3ae f   LIBCMT:utility.obj
 0001:0000b3cd       ___scrt_dllmain_crt_thread_detach 1000c3cd f   LIBCMT:utility.obj
 0001:0000b3da       ___scrt_dllmain_exception_filter 1000c3da f   LIBCMT:utility.obj
[...]
 0002:00003608       ?_mb_locale_names@@3QBQB_WB 10023608     libucrt:mbctype.obj
 0002:00003e50       ?LcidToLocaleNameTable@?A0x881e4c05@@3QBULcidToLocaleName@1@B 10023e50     libucrt:lcidtoname_downlevel.obj
 0002:00004f78       ?LocaleNameToIndexTable@?A0x881e4c05@@3QBULocaleNameIndex@1@B 10024f78     libucrt:lcidtoname_downlevel.obj
 0002:000068b0       LOG_name                   100268b0     libucrt:log10_impl.obj
 0002:000068c0       _One                       100268c0     libucrt:ceil_pentium4.obj
 0002:000068d0       _Bns                       100268d0     libucrt:ceil_pentium4.obj
 0002:000068e0       _Zero                      100268e0     libucrt:ceil_pentium4.obj
 0002:000068f0       _S                         100268f0     libucrt:ceil_pentium4.obj
 0002:00006900       _NegZero                   10026900     libucrt:ceil_pentium4.obj
 0002:00006910       emask                      10026910     libucrt:log10_pentium4.obj
 0002:00006920       CC                         10026920     libucrt:log10_pentium4.obj
 0002:00006930       Magic                      10026930     libucrt:log10_pentium4.obj
 0002:00006940       hi_mask                    10026940     libucrt:log10_pentium4.obj
 0002:00006950       LOG10_2                    10026950     libucrt:log10_pentium4.obj
 0002:00006960       place_L                    10026960     libucrt:log10_pentium4.obj
 0002:00006980       One                        10026980     libucrt:log10_pentium4.obj
 0002:00006990       Zero                       10026990     libucrt:log10_pentium4.obj
 0002:000069a0       Two52                      100269a0     libucrt:log10_pentium4.obj
 0002:000069b0       Infs                       100269b0     libucrt:log10_pentium4.obj
 0002:000069c0       NaN                        100269c0     libucrt:log10_pentium4.obj
 0002:000069d0       coeff                      100269d0     libucrt:log10_pentium4.obj
 0002:00006a2e       _log2max                   10026a2e     libucrt:87tran.obj
 0002:00006a38       _smallarg                  10026a38     libucrt:87tran.obj
 0002:00006a42       _half                      10026a42     libucrt:87tran.obj
 0002:00006a8e       One                        10026a8e     libucrt:87disp.obj
 0002:00006a96       Three                      10026a96     libucrt:87disp.obj
 0002:00006a9e       XAMtoTagTab                10026a9e     libucrt:87disp.obj
 0002:00006ab0       One                        10026ab0     libucrt:common.obj
 0002:00006ac4       DblMax                     10026ac4     libucrt:common.obj
 0002:00006acc       DblMin                     10026acc     libucrt:common.obj
 0002:00006ad4       IeeeAdjO                   10026ad4     libucrt:common.obj
 0002:00006adc       IeeeAdjU                   10026adc     libucrt:common.obj
 0002:00006ae4       _infinity                  10026ae4     libucrt:common.obj
 0002:00006aec       _zero                      10026aec     libucrt:common.obj
 0002:00006b38       _over                      10026b38     libucrt:fpctrl.obj
 0002:00006b44       _under                     10026b44     libucrt:fpctrl.obj
 0002:00007378       ?_names@?1??_get_fname@@9@9 10027378     libucrt:fpexcept.obj
 0002:00007520       two32                      10027520     LIBCMT:ftol2.obj
 0002:00007524       two63                      10027524     LIBCMT:ftol2.obj
 0002:00007528       _NaN                       10027528     LIBCMT:ftol2.obj
 0002:00007be0       __sehtable$?_AtlVerifyStackAvailable@_ATL_SAFE_ALLOCA_IMPL@ATL@@YA_NK@Z 10027be0     ImageScanner.obj
 0002:00007c00       __sehtable$___scrt_is_nonwritable_in_current_image 10027c00     LIBCMT:utility.obj
 0002:00007c1c       __catchsym$??2@YAPAXIABUnothrow_t@std@@@Z$2 10027c1c     LIBCMT:new_scalar_nothrow.obj
 0002:00007c2c       __unwindtable$??2@YAPAXIABUnothrow_t@std@@@Z 10027c2c     LIBCMT:new_scalar_nothrow.obj
 0002:00007c3c       __tryblocktable$??2@YAPAXIABUnothrow_t@std@@@Z 10027c3c     LIBCMT:new_scalar_nothrow.obj
 0002:00007c50       __ehfuncinfo$??2@YAPAXIABUnothrow_t@std@@@Z 10027c50     LIBCMT:new_scalar_nothrow.obj
 0002:00007c78       __sehtable$?dllmain_crt_process_attach@@YAHQAUHINSTANCE__@@QAX@Z 10027c78     LIBCMT:dll_dllmain.obj
 0002:00007c98       __sehtable$?dllmain_crt_process_detach@@YAH_N@Z 10027c98     LIBCMT:dll_dllmain.obj
 0002:00007cc0       __sehtable$?dllmain_dispatch@@YAHQAUHINSTANCE__@@KQAX@Z 10027cc0     LIBCMT:dll_dllmain.obj
 0002:00007d70       __sehtable$___DestructExceptionObject 10027d70     libvcruntime:ehhelpers.obj
 0002:00007d90       __sehtable$?FrameUnwindToState@__FrameHandler3@@SAXPAUEHRegistrationNode@@PAXPBU_s_FuncInfo@@H@Z 10027d90     libvcruntime:frame.obj
 0002:00007db8       __sehtable$?CallCatchBlock@@YAPAXPAUEHExceptionRecord@@PAUEHRegistrationNode@@PAU_CONTEXT@@PBU_s_FuncInfo@@PAXHK@Z 10027db8     libvcruntime:frame.obj
 0002:00007de0       __catchsym$?CallUnexpected@@YAXPBU_s_ESTypeList@@@Z$2 10027de0     libvcruntime:frame.obj
 0002:00007df0       __unwindtable$?CallUnexpected@@YAXPBU_s_ESTypeList@@@Z 10027df0     libvcruntime:frame.obj
 0002:00007e00       __tryblocktable$?CallUnexpected@@YAXPBU_s_ESTypeList@@@Z 10027e00     libvcruntime:frame.obj
 0002:00007e14       __ehfuncinfo$?CallUnexpected@@YAXPBU_s_ESTypeList@@@Z 10027e14     libvcruntime:frame.obj
 0002:00007e38       __sehtable$??$BuildCatchObjectHelperInternal@V__FrameHandler3@@@@YAHPAUEHExceptionRecord@@PAXPBU_s_HandlerType@@PBU_s_CatchableType@@@Z 10027e38     libvcruntime:frame.obj
 0002:00007e58       __sehtable$??$BuildCatchObjectInternal@V__FrameHandler3@@@@YAXPAUEHExceptionRecord@@PAXPBU_s_HandlerType@@PBU_s_CatchableType@@@Z 10027e58     libvcruntime:frame.obj
 0002:00007eb0       __sehtable$??R<lambda_6e4b09c48022b2350581041d5f6b0c4c>@@QBE@XZ 10027eb0     libucrt:exit.obj
 0002:00007ed0       __sehtable$??$?RV<lambda_03b1d95aef87969028cfba75ccab2455>@@AAV<lambda_6e4b09c48022b2350581041d5f6b0c4c>@@V<lambda_22bdf7517842c4b3e53723af5aa32b9e>@@@?$__crt_seh_guarded_call@X@@QAEX$$QAV<lambda_03b1d95aef87969028cfba75ccab2455>@@AAV<lambda_6e4b09c48022b2350581041d5f6b0c4c>@@$$QAV<lambda_22bdf7517842c4b3e53723af5aa32b9e>@@@Z 10027ed0     libucrt:exit.obj
 0002:00007ef0       __sehtable$??$?RV<lambda_8e746cf0007f6ed984d6f78af1fec997>@@AAV<lambda_22ebabd17bc4fa466a2aca6d8deb888d>@@V<lambda_18ed0c0b38a6dc0daf1e7ac6d6adf05e>@@@?$__crt_seh_guarded_call@H@@QAEH$$QAV<lambda_8e746cf0007f6ed984d6f78af1fec997>@@AAV<lambda_22ebabd17bc4fa466a2aca6d8deb888d>@@$$QAV<lambda_18ed0c0b38a6dc0daf1e7ac6d6adf05e>@@@Z 10027ef0     libucrt:onexit.obj
 0002:00007f10       __sehtable$??$?RV<lambda_69a2805e680e0e292e8ba93315fe43a8>@@AAV<lambda_f03950bc5685219e0bcd2087efbe011e>@@V<lambda_03fcd07e894ec930e3f35da366ca99d6>@@@?$__crt_seh_guarded_call@H@@QAEH$$QAV<lambda_69a2805e680e0e292e8ba93315fe43a8>@@AAV<lambda_f03950bc5685219e0bcd2087efbe011e>@@$$QAV<lambda_03fcd07e894ec930e3f35da366ca99d6>@@@Z 10027f10     libucrt:onexit.obj
 0002:00007f30       __sehtable$__query_new_handler 10027f30     libucrt:new_handler.obj
 0002:00007f50       __sehtable$_terminate      10027f50     libucrt:terminate.obj
 0002:00007f70       __sehtable$??$?RV<lambda_15ade71b0218206bbe3333a0c9b79046>@@AAV<lambda_da44e0f8b0f19ba52fefafb335991732>@@V<lambda_207f2d024fc103971653565357d6cd41>@@@?$__crt_seh_guarded_call@X@@QAEX$$QAV<lambda_15ade71b0218206bbe3333a0c9b79046>@@AAV<lambda_da44e0f8b0f19ba52fefafb335991732>@@$$QAV<lambda_207f2d024fc103971653565357d6cd41>@@@Z 10027f70     libucrt:per_thread_data.obj
 0002:00007f90       __sehtable$??$?RV<lambda_a7e850c220f1c8d1e6efeecdedd162c6>@@AAV<lambda_46720907175c18b6c9d2717bc0d2d362>@@V<lambda_9048902d66e8d99359bc9897bbb930a8>@@@?$__crt_seh_guarded_call@X@@QAEX$$QAV<lambda_a7e850c220f1c8d1e6efeecdedd162c6>@@AAV<lambda_46720907175c18b6c9d2717bc0d2d362>@@$$QAV<lambda_9048902d66e8d99359bc9897bbb930a8>@@@Z 10027f90     libucrt:per_thread_data.obj
 0002:00007fb0       __sehtable$??$?RV<lambda_38edbb1296d33220d7e4dd0ed76b244a>@@AAV<lambda_5ce1d447e08cb34b2473517608e21441>@@V<lambda_fb385d3da700c9147fc39e65dd577a8c>@@@?$__crt_seh_guarded_call@X@@QAEX$$QAV<lambda_38edbb1296d33220d7e4dd0ed76b244a>@@AAV<lambda_5ce1d447e08cb34b2473517608e21441>@@$$QAV<lambda_fb385d3da700c9147fc39e65dd577a8c>@@@Z 10027fb0     libucrt:per_thread_data.obj
 0002:00007fd0       __sehtable$??$?RV<lambda_6affb1475c98b40b75cdec977db92e3c>@@AAV<lambda_b8d4b9c228a6ecc3f80208dbb4b4a104>@@V<lambda_608742c3c92a14382c1684fc64f96c88>@@@?$__crt_seh_guarded_call@X@@QAEX$$QAV<lambda_6affb1475c98b40b75cdec977db92e3c>@@AAV<lambda_b8d4b9c228a6ecc3f80208dbb4b4a104>@@$$QAV<lambda_608742c3c92a14382c1684fc64f96c88>@@@Z 10027fd0     libucrt:per_thread_data.obj
 0002:00007ff0       __sehtable$??$?RV<lambda_e5124f882df8998aaf41531e079ba474>@@AAV<lambda_3e16ef9562a7dcce91392c22ab16ea36>@@V<lambda_e25ca0880e6ef98be67edffd8c599615>@@@?$__crt_seh_guarded_call@X@@QAEX$$QAV<lambda_e5124f882df8998aaf41531e079ba474>@@AAV<lambda_3e16ef9562a7dcce91392c22ab16ea36>@@$$QAV<lambda_e25ca0880e6ef98be67edffd8c599615>@@@Z 10027ff0     libucrt:wsetlocale.obj
 0002:00008010       __sehtable$___acrt_initialize_lowio 10028010     libucrt:ioinit.obj
 0002:00008030       __sehtable$?update_thread_multibyte_data_internal@@YAPAU__crt_multibyte_data@@QAU__acrt_ptd@@QAPAU1@@Z 10028030     libucrt:mbctype.obj
 0002:00008050       __sehtable$??$?RV<lambda_ceb1ee4838e85a9d631eb091e2fbe199>@@AAV<lambda_ae742caa10f662c28703da3d2ea5e57e>@@V<lambda_cd08b5d6af4937fe54fc07d0c9bf6b37>@@@?$__crt_seh_guarded_call@X@@QAEX$$QAV<lambda_ceb1ee4838e85a9d631eb091e2fbe199>@@AAV<lambda_ae742caa10f662c28703da3d2ea5e57e>@@$$QAV<lambda_cd08b5d6af4937fe54fc07d0c9bf6b37>@@@Z 10028050     libucrt:mbctype.obj
 0002:00008070       __sehtable$_raise          10028070     libucrt:signal.obj
 0002:00008090       __sehtable$??$?RV<lambda_cbab9ec6f41b0180b23cc171c22676b0>@@AAV<lambda_44731a7d0e6d81c3e6aa82d741081786>@@V<lambda_4b292cb8dd18144e164572427af410ab>@@@?$__crt_seh_guarded_call@P6AXH@Z@@QAEP6AXH@Z$$QAV<lambda_cbab9ec6f41b0180b23cc171c22676b0>@@AAV<lambda_44731a7d0e6d81c3e6aa82d741081786>@@$$QAV<lambda_4b292cb8dd18144e164572427af410ab>@@@Z 10028090     libucrt:signal.obj
 0002:000080b0       __sehtable$??$?RV<lambda_2866be3712abc81a800a822484c830d8>@@AAV<lambda_39ca0ed439415581b5b15c265174cece>@@V<lambda_2b24c74d71094a6cd0cb82e44167d71b>@@@?$__crt_seh_guarded_call@X@@QAEX$$QAV<lambda_2866be3712abc81a800a822484c830d8>@@AAV<lambda_39ca0ed439415581b5b15c265174cece>@@$$QAV<lambda_2b24c74d71094a6cd0cb82e44167d71b>@@@Z 100280b0     libucrt:fflush.obj
 0002:000080d0       __sehtable$??$?RV<lambda_2cc53f568c5a2bb6f192f930a45d44ea>@@AAV<lambda_ab61a845afdef5b7c387490eaf3616ee>@@V<lambda_c2ffc0b7726aa6be21d5f0026187e748>@@@?$__crt_seh_guarded_call@X@@QAEX$$QAV<lambda_2cc53f568c5a2bb6f192f930a45d44ea>@@AAV<lambda_ab61a845afdef5b7c387490eaf3616ee>@@$$QAV<lambda_c2ffc0b7726aa6be21d5f0026187e748>@@@Z 100280d0     libucrt:fflush.obj
 0002:000080f0       __sehtable$___acrt_update_thread_locale_data 100280f0     libucrt:locale_refcounting.obj
 0002:00008110       __sehtable$__fcloseall     10028110     libucrt:closeall.obj
 0002:00008130       __sehtable$___acrt_lowio_ensure_fh_exists 10028130     libucrt:osfinfo.obj
 0002:00008150       __sehtable$??$?RV<lambda_9e9de3de5fa147e2223d7db92bc10aa6>@@AAV<lambda_38ce7e780aa69e748d6df282ebc68efe>@@V<lambda_8ca6da459f0f6780f1cff60fdc3d00e5>@@@?$__crt_seh_guarded_call@H@@QAEH$$QAV<lambda_9e9de3de5fa147e2223d7db92bc10aa6>@@AAV<lambda_38ce7e780aa69e748d6df282ebc68efe>@@$$QAV<lambda_8ca6da459f0f6780f1cff60fdc3d00e5>@@@Z 10028150     libucrt:commit.obj
 0002:00008170       __sehtable$__write         10028170     libucrt:write.obj
 0002:00008190       __sehtable$_fclose         10028190     libucrt:fclose.obj
 0002:000081b0       __sehtable$??$?RV<lambda_218ce3db14220d0be481dae8ef3383b6>@@AAV<lambda_628dfdc04ba53c8bfc02c9951375f3f5>@@V<lambda_57dc472bd5c9d5f3b2cbca59b8a843ae>@@@?$__crt_seh_guarded_call@H@@QAEH$$QAV<lambda_218ce3db14220d0be481dae8ef3383b6>@@AAV<lambda_628dfdc04ba53c8bfc02c9951375f3f5>@@$$QAV<lambda_57dc472bd5c9d5f3b2cbca59b8a843ae>@@@Z 100281b0     libucrt:close.obj
 0002:000081d0       __sehtable$___set_fpsr_sse2 100281d0     libucrt:fpctrl.obj
 0002:000081f0       __sehtable$__IsNonwritableInCurrentImage 100281f0     LIBCMT:pesect.obj
 0002:00008220       .edata                     10028220     OPOSImageScanner.exp
 0002:00008248       rgpv                       10028248     OPOSImageScanner.exp
 0002:00008258       rgszName                   10028258     OPOSImageScanner.exp
 0002:00008268       rgwOrd                     10028268     OPOSImageScanner.exp
 0002:00008270       szName                     10028270     OPOSImageScanner.exp
 0002:00008285       $N00001                    10028285     OPOSImageScanner.exp
 0002:00008295       $N00002                    10028295     OPOSImageScanner.exp
 0002:000082a7       $N00003                    100282a7     OPOSImageScanner.exp
 0002:000082b9       $N00004                    100282b9     OPOSImageScanner.exp
 0002:000088ca       .idata$6                   100288ca     kernel32:KERNEL32.dll
 0002:00008ade       .idata$6                   10028ade     user32:USER32.dll
 0002:00008c12       .idata$6                   10028c12     gdi32:GDI32.dll
 0002:00008cb8       .idata$6                   10028cb8     advapi32:ADVAPI32.dll
 0002:00008dd4       .idata$6                   10028dd4     ole32:ole32.dll
 0002:00008dde       .idata$6                   10028dde     oleaut32:OLEAUT32.dll
 0003:00000110       ?ObjectMap@@3PAU_ATL_OBJMAP_ENTRY30@ATL@@A 1002a110     ImageScanner.obj
 0003:000001d0       ?s_SOMethodNames@@3PAPADA  1002a1d0     ImageScannerImpl.obj
 0003:00000224       ?s_RequiredMethodsPerRelease@@3PAHA 1002a224     ImageScannerImpl.obj
 0003:00000240       ?__vcrt_flsindex@@3KA      1002a240     libvcruntime:per_thread_data.obj
 0003:00000260       ?errno_no_memory@@3HA      1002a260     libucrt:errno.obj
 0003:00000264       ?doserrno_no_memory@@3KA   1002a264     libucrt:errno.obj
 0003:00000270       ?__acrt_flsindex@@3KA      1002a270     libucrt:per_thread_data.obj
 0003:00000608       __mbctypes                 1002a608     libucrt:mbctype.obj
 0003:00000710       __mbcasemaps               1002a710     libucrt:mbctype.obj
 0003:00000810       ?__rgctypeflag@@3PADA      1002a810     libucrt:mbctype.obj
 0003:00000818       ?__rgcode_page_info@@3PAUcode_page_info@@A 1002a818     libucrt:mbctype.obj
 0003:00000a70       ?__dcrt_lowio_console_output_handle@@3PAXA 1002aa70     libucrt:initcon.obj
 0003:00000a74       ?__DAZ_ENABLED@?1??__set_fpsr_sse2@@9@9 1002aa74     libucrt:fpctrl.obj
 0003:00000c08       ?is_initialized_as_dll@@3_NA 1002ac08     LIBCMT:utility.obj
 0003:00000c09       ?module_local_atexit_table_initialized@@3_NA 1002ac09     LIBCMT:utility.obj
 0003:00000c0c       ?module_local_atexit_table@@3U_onexit_table_t@@A 1002ac0c     LIBCMT:utility.obj
 0003:00000c18       ?module_local_at_quick_exit_table@@3U_onexit_table_t@@A 1002ac18     LIBCMT:utility.obj
 0003:00000c24       ?g_tss_cv@@3U_RTL_CONDITION_VARIABLE@@A 1002ac24     LIBCMT:thread_safe_statics.obj
 0003:00000c28       ?g_tss_event@@3PAXA        1002ac28     LIBCMT:thread_safe_statics.obj
 0003:00000c2c       ?g_tss_mutex@@3U_RTL_CRITICAL_SECTION@@A 1002ac2c     LIBCMT:thread_safe_statics.obj
 0003:00000c44       ?g_sleep_condition_variable_cs@@3P6GHPAU_RTL_CONDITION_VARIABLE@@PAU_RTL_CRITICAL_SECTION@@K@ZA 1002ac44     LIBCMT:thread_safe_statics.obj
 0003:00000c48       ?g_wake_all_condition_variable@@3P6GXPAU_RTL_CONDITION_VARIABLE@@@ZA 1002ac48     LIBCMT:thread_safe_statics.obj
 0003:00000c50       _GS_ExceptionRecord        1002ac50     LIBCMT:gs_report.obj
 0003:00000ca0       _GS_ContextRecord          1002aca0     LIBCMT:gs_report.obj
 0003:00000f70       ?__proc_attached@@3HA      1002af70     LIBCMT:dll_dllmain.obj
 0003:00000fcc       ?AllocateData@@3P6GPAUAtlThunkData_t@@XZA 1002afcc     atls:atlthunk.obj
 0003:00000fd0       ?InitData@@3P6GXPAUAtlThunkData_t@@PAXI@ZA 1002afd0     atls:atlthunk.obj
 0003:00000fd4       ?DataToCode@@3P6GP6GJPAUHWND__@@IIJ@ZPAUAtlThunkData_t@@@ZA 1002afd4     atls:atlthunk.obj
 0003:00000fd8       ?FreeData@@3P6GXPAUAtlThunkData_t@@@ZA 1002afd8     atls:atlthunk.obj
 0003:00000fdc       ?Initialized@@3_NA         1002afdc     atls:atlthunk.obj
 0003:00000fec       ?__vcrt_startup_thread_ptd@@3U__vcrt_ptd@@A 1002afec     libvcruntime:per_thread_data.obj
 0003:00001014       ___vcrt_lock_table         1002b014     libvcruntime:locks.obj
 0003:0000102c       ___vcrt_locks_initialized  1002b02c     libvcruntime:locks.obj
 0003:00001058       ?heap@@3V_HeapManager@@A   1002b058     libvcruntime:undname.obj
 0003:0000106c       ?module_handles@@3PAPAUHINSTANCE__@@A 1002b06c     libvcruntime:winapi_downlevel.obj
 0003:00001078       ?function_pointers@@3PAPAXA 1002b078     libvcruntime:winapi_downlevel.obj
 0003:0000108c       ?__acrt_invalid_parameter_handler@@3V?$dual_state_global@P6AXPB_W00II@Z@__crt_state_management@@A 1002b08c     libucrt:invalid_parameter.obj
 0003:00001090       ?c_termination_complete@@3JA 1002b090     libucrt:exit.obj
 0003:00001094       ?thread_local_exit_callback_func@@3P6GXPAXK0@ZA 1002b094     libucrt:exit.obj
 0003:000010a0       ?program_name@?1???$common_configure_argv@D@@YAHW4_crt_argv_mode@@@Z@4PADA 1002b0a0     libucrt:argv_parsing.obj
 0003:000011d0       ?__acrt_new_handler@@3V?$dual_state_global@P6AHI@Z@__crt_state_management@@A 1002b1d0     libucrt:new_handler.obj
 0003:000011d8       ?module_handles@@3PAPAUHINSTANCE__@@A 1002b1d8     libucrt:winapi_thunks.obj
 0003:00001228       ?encoded_function_pointers@@3PAPAXA 1002b228     libucrt:winapi_thunks.obj
 0003:000012b0       ?internal_state@?1??_mbtowc_l@@9@4U_Mbstatet@@A 1002b2b0     libucrt:mbtowc.obj
 0003:000012c0       ?enable_percent_n@@3IA     1002b2c0     libucrt:printf_count_output.obj
 0003:000014e0       ?__acrt_lock_table@@3PAU_RTL_CRITICAL_SECTION@@A 1002b4e0     libucrt:locks.obj
 0003:00001630       ?__acrt_locks_initialized@@3IA 1002b630     libucrt:locks.obj
 0003:00001640       ?fSystemSet@@3HA           1002b640     libucrt:mbctype.obj
 0003:00001644       ?initialized@?1??__acrt_initialize_multibyte@@9@4_NA 1002b644     libucrt:mbctype.obj
 0003:00001664       ?ctrlc_action@@3V?$dual_state_global@P6AXH@Z@__crt_state_management@@A 1002b664     libucrt:signal.obj
 0003:00001668       ?ctrlbreak_action@@3V?$dual_state_global@P6AXH@Z@__crt_state_management@@A 1002b668     libucrt:signal.obj
 0003:0000166c       ?abort_action@@3V?$dual_state_global@P6AXH@Z@__crt_state_management@@A 1002b66c     libucrt:signal.obj
 0003:00001670       ?term_action@@3V?$dual_state_global@P6AXH@Z@__crt_state_management@@A 1002b670     libucrt:signal.obj
 0003:00001674       ?user_matherr@@3V?$dual_state_global@P6AHPAU_exception@@@Z@__crt_state_management@@A 1002b674     libucrt:matherr.obj
 0003:00001678       ?__acrt_global_new_mode@@3V?$dual_state_global@J@__crt_state_management@@A 1002b678     libucrt:new_mode.obj
 0003:00001684       ?internal_pst@?1??__mbrtoc32_utf8@__crt_mbstring@@YAIPA_UPBDIPAU_Mbstatet@@@Z@4U3@A 1002b684     libucrt:mbrtoc32.obj
 0003:0000168c       ?__acrt_app_type@@3W4_crt_app_type@@A 1002b68c     libucrt:report_runtime_error.obj
 0003:00001694       __pmatherr_set             1002b694     libucrt:libm_error.obj
 0004:00000220       $R000000                   1002c220     ImageScanner.res
 0004:00000bc8       $R0009A8                   1002cbc8     ImageScanner.res
 0004:00000cb0       $R000A90                   1002ccb0     ImageScanner.res
 0004:00000f18       $R000CF8                   1002cf18     ImageScanner.res
 0004:00001430       $R001210                   1002d430     ImageScanner.res
 0004:00004430       $R004210                   10030430     ImageScanner.res
 0004:00004468       $R004248                   10030468     ImageScanner.res
