 OPOSPOSPower

 Timestamp is 5c43ff32 (Sun Jan 20 13:55:14 2019)

 Preferred load address is 10000000

 Start         Length     Name                   Class
 0001:00000000 00000080H .text$di                CODE
 0001:00000080 0001ca6bH .text$mn                CODE
 0001:0001caeb 00000051H .text$x                 CODE
 0001:0001cb3c 00000042H .text$yd                CODE
 0002:00000000 00000300H .idata$5                DATA
 0002:00000300 00000004H .00cfg                  DATA
 0002:00000304 00000004H .CRT$XCA                DATA
 0002:00000308 00000004H .CRT$XCL                DATA
 0002:0000030c 00000010H .CRT$XCU                DATA
 0002:0000031c 00000004H .CRT$XCZ                DATA
 0002:00000320 00000004H .CRT$XIA                DATA
 0002:00000324 00000010H .CRT$XIC                DATA
 0002:00000334 00000004H .CRT$XIZ                DATA
 0002:00000338 00000004H .CRT$XLA                DATA
 0002:0000033c 00000004H .CRT$XLZ                DATA
 0002:00000340 00000004H .CRT$XPA                DATA
 0002:00000344 00000008H .CRT$XPX                DATA
 0002:0000034c 00000004H .CRT$XPXA               DATA
 0002:00000350 00000004H .CRT$XPZ                DATA
 0002:00000354 00000004H .CRT$XTA                DATA
 0002:00000358 00000008H .CRT$XTZ                DATA
 0002:0000035c 00000000H .gfids$x                DATA
 0002:0000035c 00000000H .gfids$y                DATA
 0002:00000360 00006dc8H .rdata                  DATA
 0002:00007128 00000018H .rdata$T                DATA
 0002:00007140 00000180H .rdata$r                DATA
 0002:000072c0 00000020H .rdata$sxdata           DATA
 0002:000072e0 000003dcH .rdata$zzzdbg           DATA
 0002:000076bc 00000004H .rtc$IAA                DATA
 0002:000076c0 00000004H .rtc$IZZ                DATA
 0002:000076c4 00000004H .rtc$TAA                DATA
 0002:000076c8 00000004H .rtc$TZZ                DATA
 0002:000076cc 00000004H .tls                    DATA
 0002:000076d0 00000004H .tls$                   DATA
 0002:000076d4 00000004H .tls$ZZZ                DATA
 0002:000076d8 000005f4H .xdata$x                DATA
 0002:00007ccc 00000004H ATL$__a                 DATA
 0002:00007cd0 00000010H ATL$__z                 DATA
 0002:00007ce0 000000acH .edata                  DATA
 0002:00007d8c 00000078H .idata$2                DATA
 0002:00007e04 00000014H .idata$3                DATA
 0002:00007e18 00000300H .idata$4                DATA
 0002:00008118 00000bdeH .idata$6                DATA
 0003:00000000 00000980H .data                   DATA
 0003:00000980 00000098H .data$r                 DATA
 0003:00000a18 00000b5cH .bss                    DATA
 0004:00000000 00000220H .rsrc$01                DATA
 0004:00000220 00004358H .rsrc$02                DATA

  Address         Publics by Value              Rva+Base       Lib:Object

 0000:00000000       ___guard_fids_count        00000000     <absolute>
 0000:00000000       ___guard_iat_count         00000000     <absolute>
 0000:00000000       ___hybrid_code_map_count   00000000     <absolute>
 0000:00000000       ___dynamic_value_reloc_table 00000000     <absolute>
 0000:00000000       ___guard_longjmp_count     00000000     <absolute>
 0000:00000000       __except_list              00000000     <absolute>
 0000:00000000       ___guard_fids_table        00000000     <absolute>
 0000:00000000       ___guard_longjmp_table     00000000     <absolute>
 0000:00000000       ___hybrid_auxiliary_iat    00000000     <absolute>
 0000:00000000       ___guard_iat_table         00000000     <absolute>
 0000:00000000       ___volatile_metadata       00000000     <absolute>
 0000:00000000       ___enclave_config          00000000     <absolute>
 0000:00000000       ___hybrid_code_map         00000000     <absolute>
 0000:00000008       ___safe_se_handler_count   00000008     <absolute>
 0000:0000002c       __tls_array                0000002c     <absolute>
 0000:00000100       ___guard_flags             00000100     <absolute>
 0000:00000000       ___ImageBase               10000000     <linker-defined>
 0001:00000080       ?DupWide@_CW@@AAEXXZ       10001080 f   CWString.obj
 0001:0000009c       ?cw_dup@@YGXPBDAAHAAPA_W1@Z 1000109c f   CWString.obj
 0001:0000010b       ?cw_memcpy@@YGHPA_WPBDH@Z  1000110b f   CWString.obj
 0001:00000137       ?cw_strcpy@@YAHPA_WPBD@Z   10001137 f   CWString.obj
 0001:0000014a       ?cw_strlen@@YAHPBD@Z       1000114a f   CWString.obj
 0001:00000163       ??0CAtlComModule@ATL@@QAE@XZ 10001163 f i OposVariant.obj
 0001:000001a8       ??0CAtlWinModule@ATL@@QAE@XZ 100011a8 f i OposVariant.obj
 0001:000001df       ??0OposDispParms@@QAE@PAVOposVariant@@H@Z 100011df f   OposVariant.obj
 0001:00000250       ??1OposDispParms@@QAE@XZ   10001250 f   OposVariant.obj
 0001:0000025e       ??A?$CSimpleArray@GV?$CSimpleArrayEqualHelper@G@ATL@@@ATL@@QAEAAGH@Z 1000125e f i OposVariant.obj
 0001:00000283       ??_Estringdispid@CComTypeInfoHolder@ATL@@QAEPAXI@Z 10001283 f i OposVariant.obj
 0001:000002ef       ?AtlWinModuleInit@ATL@@YGJPAU_ATL_WIN_MODULE70@1@@Z 100012ef f i OposVariant.obj
 0001:00000315       ?AtlWinModuleTerm@ATL@@YGJPAU_ATL_WIN_MODULE70@1@PAUHINSTANCE__@@@Z 10001315 f i OposVariant.obj
 0001:00000378       ?ChangeBSTR@OposVariant@@QAEXPAPA_WAAJ@Z 10001378 f   OposVariant.obj
 0001:000003b9       ?ChangeLONG@OposVariant@@QAEXPAJAAJ@Z 100013b9 f   OposVariant.obj
 0001:000003fa       ?GetLONG@OposVariant@@QAEJXZ 100013fa f   OposVariant.obj
 0001:00000415       ?Init@CComCriticalSection@ATL@@QAEJXZ 10001415 f i OposVariant.obj
 0001:0000043d       ?RemoveAll@?$CSimpleArray@PAUHINSTANCE__@@V?$CSimpleArrayEqualHelper@PAUHINSTANCE__@@@ATL@@@ATL@@QAEXXZ 1000143d f i atls:atlbase.obj
 0001:0000043d       ?RemoveAll@?$CSimpleArray@GV?$CSimpleArrayEqualHelper@G@ATL@@@ATL@@QAEXXZ 1000143d f i OposVariant.obj
 0001:0000045a       ?SetBSTR@OposVariant@@QAEXPA_WAAJ@Z 1000145a f   OposVariant.obj
 0001:0000048e       ?SetBSTR_Copy@OposVariant@@QAEXPA_WAAJ@Z 1000148e f   OposVariant.obj
 0001:000004de       ?SetBSTR_InOutPtr@OposVariant@@QAE_NPAPA_WAAJ@Z 100014de f   OposVariant.obj
 0001:00000515       ?SetDispatch_Ptr@OposVariant@@QAEXPAUIDispatch@@AAJ@Z 10001515 f   OposVariant.obj
 0001:00000550       ?SetLONG@OposVariant@@QAEXJ@Z 10001550 f   OposVariant.obj
 0001:00000572       ?SetLONG_Ptr@OposVariant@@QAEXPAJAAJ@Z 10001572 f   OposVariant.obj
 0001:000005a5       ?SetString@OposVariant@@QAEXPB_WAAJ@Z 100015a5 f   OposVariant.obj
 0001:000005eb       ?SetVARIANT_BOOL@OposVariant@@QAEXF@Z 100015eb f   OposVariant.obj
 0001:00000615       ?Term@CAtlComModule@ATL@@QAEXXZ 10001615 f i OposVariant.obj
 0001:0000065f       ?_AtlRaiseException@ATL@@YAXKK@Z 1000165f f i OposVariant.obj
 0001:00000674       ?AddRef@?$CComObjectCached@VCComClassFactory@ATL@@@ATL@@UAGKXZ 10001674 f i POSPower.obj
 0001:0000069b       ?Release@?$CComObjectCached@VCComClassFactory@ATL@@@ATL@@UAGKXZ 1000169b f i POSPower.obj
 0001:000006d1       ?QueryInterface@?$CComObjectCached@VCComClassFactory@ATL@@@ATL@@UAGJABU_GUID@@PAPAX@Z 100016d1 f i POSPower.obj
 0001:000006eb       ??_E?$CComObjectCached@VCComClassFactory@ATL@@@ATL@@UAEPAXI@Z 100016eb f i POSPower.obj
 0001:000006eb       ??_G?$CComObjectCached@VCComClassFactory@ATL@@@ATL@@UAEPAXI@Z 100016eb f i POSPower.obj
 0001:0000070d       ?AddRef@?$CComAggObject@VCOPOSPOSPower@@@ATL@@UAGKXZ 1000170d f i POSPower.obj
 0001:0000071e       ?Release@?$CComAggObject@VCOPOSPOSPower@@@ATL@@UAGKXZ 1000171e f i POSPower.obj
 0001:0000075a       ?QueryInterface@?$CComAggObject@VCOPOSPOSPower@@@ATL@@UAGJABU_GUID@@PAPAX@Z 1000175a f i POSPower.obj
 0001:000007a9       ?AddRef@?$CComContainedObject@VCOPOSPOSPower@@@ATL@@UAGKXZ 100017a9 f i POSPower.obj
 0001:000007bf       ?Release@?$CComContainedObject@VCOPOSPOSPower@@@ATL@@UAGKXZ 100017bf f i POSPower.obj
 0001:000007d5       ?QueryInterface@?$CComContainedObject@VCOPOSPOSPower@@@ATL@@UAGJABU_GUID@@PAPAX@Z 100017d5 f i POSPower.obj
 0001:000007f0       ??_E?$CComAggObject@VCOPOSPOSPower@@@ATL@@UAEPAXI@Z 100017f0 f i POSPower.obj
 0001:000007f0       ??_G?$CComAggObject@VCOPOSPOSPower@@@ATL@@UAEPAXI@Z 100017f0 f i POSPower.obj
 0001:00000815       ?AddRef@?$CComObject@VCOPOSPOSPower@@@ATL@@UAGKXZ 10001815 f i POSPower.obj
 0001:0000082c       ?Release@?$CComObject@VCOPOSPOSPower@@@ATL@@UAGKXZ 1000182c f i POSPower.obj
 0001:0000086e       ?QueryInterface@?$CComObject@VCOPOSPOSPower@@@ATL@@UAGJABU_GUID@@PAPAX@Z 1000186e f i POSPower.obj
 0001:00000888       ?ObjectMain@CComObjectRootBase@ATL@@SGX_N@Z 10001888 f i POSPower.obj
 0001:00000888       ?OnFinalMessage@?$CWindowImplBaseT@VCWindow@ATL@@V?$CWinTraits@$0FGAAAAAA@$0A@@2@@ATL@@UAEXPAUHWND__@@@Z 10001888 f i POSPower.obj
 0001:0000088b       ?GetCategoryMap@CComObjectRootBase@ATL@@SAPBU_ATL_CATMAP_ENTRY@2@XZ 1000188b f i POSPower.obj
 0001:0000088b       ?GetObjectDescription@?$CComCoClass@VCOPOSPOSPower@@$1?CLSID_OPOSPOSPower@@3U_GUID@@B@ATL@@SGPB_WXZ 1000188b f i POSPower.obj
 0001:0000088e       ?CreateInstance@CComClassFactory@ATL@@UAGJPAUIUnknown@@ABU_GUID@@PAPAX@Z 1000188e f i POSPower.obj
 0001:000008cc       ?LockServer@CComClassFactory@ATL@@UAGJH@Z 100018cc f i POSPower.obj
 0001:000008eb       ??_GCComClassFactory@ATL@@UAEPAXI@Z 100018eb f i POSPower.obj
 0001:000008eb       ??_ECComClassFactory@ATL@@UAEPAXI@Z 100018eb f i POSPower.obj
 0001:00000916       ?OnDrawAdvanced@CComControlBase@ATL@@UAEJAAUATL_DRAWINFO@@@Z 10001916 f i POSPower.obj
 0001:00000a05       ?Next@?$CComEnumImpl@UIEnumConnections@@$1?_GUID_b196b287_bab4_101a_b69c_00aa00341d07@@3U__s_GUID@@BUtagCONNECTDATA@@V?$_Copy@UtagCONNECTDATA@@@ATL@@@ATL@@UAGJKPAUtagCONNECTDATA@@PAK@Z 10001a05 f i POSPower.obj
 0001:00000adc       ?Skip@?$CComEnumImpl@UIEnumConnections@@$1?_GUID_b196b287_bab4_101a_b69c_00aa00341d07@@3U__s_GUID@@BUtagCONNECTDATA@@V?$_Copy@UtagCONNECTDATA@@@ATL@@@ATL@@UAGJK@Z 10001adc f i POSPower.obj
 0001:00000b09       ?Reset@?$CComEnumImpl@UIEnumConnections@@$1?_GUID_b196b287_bab4_101a_b69c_00aa00341d07@@3U__s_GUID@@BUtagCONNECTDATA@@V?$_Copy@UtagCONNECTDATA@@@ATL@@@ATL@@UAGJXZ 10001b09 f i POSPower.obj
 0001:00000b09       ?Reset@?$CComEnumImpl@UIEnumConnectionPoints@@$1?_GUID_b196b285_bab4_101a_b69c_00aa00341d07@@3U__s_GUID@@BPAUIConnectionPoint@@V?$_CopyInterface@UIConnectionPoint@@@ATL@@@ATL@@UAGJXZ 10001b09 f i POSPower.obj
 0001:00000b1b       ?Clone@?$CComEnumImpl@UIEnumConnections@@$1?_GUID_b196b287_bab4_101a_b69c_00aa00341d07@@3U__s_GUID@@BUtagCONNECTDATA@@V?$_Copy@UtagCONNECTDATA@@@ATL@@@ATL@@UAGJPAPAUIEnumConnections@@@Z 10001b1b f i POSPower.obj
 0001:00000bfa       ?AddRef@?$CComObject@V?$CComEnum@UIEnumConnectionPoints@@$1?_GUID_b196b285_bab4_101a_b69c_00aa00341d07@@3U__s_GUID@@BPAUIConnectionPoint@@V?$_CopyInterface@UIConnectionPoint@@@ATL@@VCComSingleThreadModel@6@@ATL@@@ATL@@UAGKXZ 10001bfa f i POSPower.obj
 0001:00000bfa       ?AddRef@?$CComObject@V?$CComEnum@UIEnumConnections@@$1?_GUID_b196b287_bab4_101a_b69c_00aa00341d07@@3U__s_GUID@@BUtagCONNECTDATA@@V?$_Copy@UtagCONNECTDATA@@@ATL@@VCComSingleThreadModel@6@@ATL@@@ATL@@UAGKXZ 10001bfa f i POSPower.obj
 0001:00000c0b       ?Release@?$CComObject@V?$CComEnum@UIEnumConnections@@$1?_GUID_b196b287_bab4_101a_b69c_00aa00341d07@@3U__s_GUID@@BUtagCONNECTDATA@@V?$_Copy@UtagCONNECTDATA@@@ATL@@VCComSingleThreadModel@6@@ATL@@@ATL@@UAGKXZ 10001c0b f i POSPower.obj
 0001:00000c0b       ?Release@?$CComObject@V?$CComEnum@UIEnumConnectionPoints@@$1?_GUID_b196b285_bab4_101a_b69c_00aa00341d07@@3U__s_GUID@@BPAUIConnectionPoint@@V?$_CopyInterface@UIConnectionPoint@@@ATL@@VCComSingleThreadModel@6@@ATL@@@ATL@@UAGKXZ 10001c0b f i POSPower.obj
 0001:00000c47       ?QueryInterface@?$CComObject@V?$CComEnum@UIEnumConnections@@$1?_GUID_b196b287_bab4_101a_b69c_00aa00341d07@@3U__s_GUID@@BUtagCONNECTDATA@@V?$_Copy@UtagCONNECTDATA@@@ATL@@VCComSingleThreadModel@6@@ATL@@@ATL@@UAGJABU_GUID@@PAPAX@Z 10001c47 f i POSPower.obj
 0001:00000c61       ??_G?$CComObject@V?$CComEnum@UIEnumConnections@@$1?_GUID_b196b287_bab4_101a_b69c_00aa00341d07@@3U__s_GUID@@BUtagCONNECTDATA@@V?$_Copy@UtagCONNECTDATA@@@ATL@@VCComSingleThreadModel@6@@ATL@@@ATL@@UAEPAXI@Z 10001c61 f i POSPower.obj
 0001:00000c61       ??_E?$CComObject@V?$CComEnum@UIEnumConnections@@$1?_GUID_b196b287_bab4_101a_b69c_00aa00341d07@@3U__s_GUID@@BUtagCONNECTDATA@@V?$_Copy@UtagCONNECTDATA@@@ATL@@VCComSingleThreadModel@6@@ATL@@@ATL@@UAEPAXI@Z 10001c61 f i POSPower.obj
 0001:00000c83       ??_E?$CComObject@VCOPOSPOSPower@@@ATL@@W3AEPAXI@Z 10001c83 f i POSPower.obj
 0001:00000c8b       ??_E?$CComObject@VCOPOSPOSPower@@@ATL@@WEM@AEPAXI@Z 10001c8b f i POSPower.obj
 0001:00000c93       ?QueryInterface@?$CComObject@VCOPOSPOSPower@@@ATL@@WHA@AGJABU_GUID@@PAPAX@Z 10001c93 f i POSPower.obj
 0001:00000c9d       ?AddRef@?$CComObject@VCOPOSPOSPower@@@ATL@@WHA@AGKXZ 10001c9d f i POSPower.obj
 0001:00000ca7       ?Release@?$CComObject@VCOPOSPOSPower@@@ATL@@WHA@AGKXZ 10001ca7 f i POSPower.obj
 0001:00000cb1       ?QueryInterface@?$CComObject@VCOPOSPOSPower@@@ATL@@WHE@AGJABU_GUID@@PAPAX@Z 10001cb1 f i POSPower.obj
 0001:00000cbb       ?AddRef@?$CComObject@VCOPOSPOSPower@@@ATL@@WHE@AGKXZ 10001cbb f i POSPower.obj
 0001:00000cc5       ?Release@?$CComObject@VCOPOSPOSPower@@@ATL@@WHE@AGKXZ 10001cc5 f i POSPower.obj
 0001:00000ccf       ?QueryInterface@?$CComObject@VCOPOSPOSPower@@@ATL@@WHI@AGJABU_GUID@@PAPAX@Z 10001ccf f i POSPower.obj
 0001:00000cd9       ?AddRef@?$CComObject@VCOPOSPOSPower@@@ATL@@WHI@AGKXZ 10001cd9 f i POSPower.obj
 0001:00000ce3       ?Release@?$CComObject@VCOPOSPOSPower@@@ATL@@WHI@AGKXZ 10001ce3 f i POSPower.obj
 0001:00000ced       ?QueryInterface@?$CComObject@VCOPOSPOSPower@@@ATL@@WHM@AGJABU_GUID@@PAPAX@Z 10001ced f i POSPower.obj
 0001:00000cf7       ?AddRef@?$CComObject@VCOPOSPOSPower@@@ATL@@WHM@AGKXZ 10001cf7 f i POSPower.obj
 0001:00000d01       ?Release@?$CComObject@VCOPOSPOSPower@@@ATL@@WHM@AGKXZ 10001d01 f i POSPower.obj
 0001:00000d0b       ?QueryInterface@?$CComObject@VCOPOSPOSPower@@@ATL@@WIA@AGJABU_GUID@@PAPAX@Z 10001d0b f i POSPower.obj
 0001:00000d18       ?AddRef@?$CComObject@VCOPOSPOSPower@@@ATL@@WIA@AGKXZ 10001d18 f i POSPower.obj
 0001:00000d25       ?Release@?$CComObject@VCOPOSPOSPower@@@ATL@@WIA@AGKXZ 10001d25 f i POSPower.obj
 0001:00000d32       ?QueryInterface@?$CComObject@VCOPOSPOSPower@@@ATL@@WIE@AGJABU_GUID@@PAPAX@Z 10001d32 f i POSPower.obj
 0001:00000d3f       ?AddRef@?$CComObject@VCOPOSPOSPower@@@ATL@@WIE@AGKXZ 10001d3f f i POSPower.obj
 0001:00000d4c       ?Release@?$CComObject@VCOPOSPOSPower@@@ATL@@WIE@AGKXZ 10001d4c f i POSPower.obj
 0001:00000d59       ?QueryInterface@?$CComObject@VCOPOSPOSPower@@@ATL@@WII@AGJABU_GUID@@PAPAX@Z 10001d59 f i POSPower.obj
 0001:00000d66       ?AddRef@?$CComObject@VCOPOSPOSPower@@@ATL@@WII@AGKXZ 10001d66 f i POSPower.obj
 0001:00000d73       ?Release@?$CComObject@VCOPOSPOSPower@@@ATL@@WII@AGKXZ 10001d73 f i POSPower.obj
 0001:00000d80       ?QueryInterface@?$CComObject@VCOPOSPOSPower@@@ATL@@WIM@AGJABU_GUID@@PAPAX@Z 10001d80 f i POSPower.obj
 0001:00000d8d       ?AddRef@?$CComObject@VCOPOSPOSPower@@@ATL@@WIM@AGKXZ 10001d8d f i POSPower.obj
 0001:00000d9a       ?Release@?$CComObject@VCOPOSPOSPower@@@ATL@@WIM@AGKXZ 10001d9a f i POSPower.obj
 0001:00000da7       ?QueryInterface@?$CComObject@VCOPOSPOSPower@@@ATL@@WJA@AGJABU_GUID@@PAPAX@Z 10001da7 f i POSPower.obj
 0001:00000db4       ?AddRef@?$CComObject@VCOPOSPOSPower@@@ATL@@WJA@AGKXZ 10001db4 f i POSPower.obj
 0001:00000dc1       ?Release@?$CComObject@VCOPOSPOSPower@@@ATL@@WJA@AGKXZ 10001dc1 f i POSPower.obj
 0001:00000dce       ?QueryInterface@?$CComObject@VCOPOSPOSPower@@@ATL@@WJE@AGJABU_GUID@@PAPAX@Z 10001dce f i POSPower.obj
 0001:00000ddb       ?AddRef@?$CComObject@VCOPOSPOSPower@@@ATL@@WJE@AGKXZ 10001ddb f i POSPower.obj
 0001:00000de8       ?Release@?$CComObject@VCOPOSPOSPower@@@ATL@@WJE@AGKXZ 10001de8 f i POSPower.obj
 0001:00000df5       ?QueryInterface@?$CComObject@VCOPOSPOSPower@@@ATL@@WJI@AGJABU_GUID@@PAPAX@Z 10001df5 f i POSPower.obj
 0001:00000e02       ?AddRef@?$CComObject@VCOPOSPOSPower@@@ATL@@WJI@AGKXZ 10001e02 f i POSPower.obj
 0001:00000e0f       ?Release@?$CComObject@VCOPOSPOSPower@@@ATL@@WJI@AGKXZ 10001e0f f i POSPower.obj
 0001:00000e1c       ?QueryInterface@?$CComObject@VCOPOSPOSPower@@@ATL@@WJM@AGJABU_GUID@@PAPAX@Z 10001e1c f i POSPower.obj
 0001:00000e29       ?AddRef@?$CComObject@VCOPOSPOSPower@@@ATL@@WJM@AGKXZ 10001e29 f i POSPower.obj
 0001:00000e36       ?Release@?$CComObject@VCOPOSPOSPower@@@ATL@@WJM@AGKXZ 10001e36 f i POSPower.obj
 0001:00000e43       ?QueryInterface@?$CComObject@VCOPOSPOSPower@@@ATL@@WKA@AGJABU_GUID@@PAPAX@Z 10001e43 f i POSPower.obj
 0001:00000e50       ?AddRef@?$CComObject@VCOPOSPOSPower@@@ATL@@WKA@AGKXZ 10001e50 f i POSPower.obj
 0001:00000e5d       ?Release@?$CComObject@VCOPOSPOSPower@@@ATL@@WKA@AGKXZ 10001e5d f i POSPower.obj
 0001:00000e6a       ?AddRef@?$CComObject@VCOPOSPOSPower@@@ATL@@WKI@AGKXZ 10001e6a f i POSPower.obj
 0001:00000e77       ?Release@?$CComObject@VCOPOSPOSPower@@@ATL@@WKI@AGKXZ 10001e77 f i POSPower.obj
 0001:00000e84       ?AddRef@?$CComObject@VCOPOSPOSPower@@@ATL@@WLE@AGKXZ 10001e84 f i POSPower.obj
 0001:00000e91       ?Release@?$CComObject@VCOPOSPOSPower@@@ATL@@WLE@AGKXZ 10001e91 f i POSPower.obj
 0001:00000e9e       ??_E?$CComContainedObject@VCOPOSPOSPower@@@ATL@@W3AEPAXI@Z 10001e9e f i POSPower.obj
 0001:00000ea6       ??_E?$CComContainedObject@VCOPOSPOSPower@@@ATL@@WEM@AEPAXI@Z 10001ea6 f i POSPower.obj
 0001:00000eae       ?QueryInterface@?$CComContainedObject@VCOPOSPOSPower@@@ATL@@WHA@AGJABU_GUID@@PAPAX@Z 10001eae f i POSPower.obj
 0001:00000eb8       ?AddRef@?$CComContainedObject@VCOPOSPOSPower@@@ATL@@WHA@AGKXZ 10001eb8 f i POSPower.obj
 0001:00000ec2       ?Release@?$CComContainedObject@VCOPOSPOSPower@@@ATL@@WHA@AGKXZ 10001ec2 f i POSPower.obj
 0001:00000ecc       ?QueryInterface@?$CComContainedObject@VCOPOSPOSPower@@@ATL@@WHE@AGJABU_GUID@@PAPAX@Z 10001ecc f i POSPower.obj
 0001:00000ed6       ?AddRef@?$CComContainedObject@VCOPOSPOSPower@@@ATL@@WHE@AGKXZ 10001ed6 f i POSPower.obj
 0001:00000ee0       ?Release@?$CComContainedObject@VCOPOSPOSPower@@@ATL@@WHE@AGKXZ 10001ee0 f i POSPower.obj
 0001:00000eea       ?QueryInterface@?$CComContainedObject@VCOPOSPOSPower@@@ATL@@WHI@AGJABU_GUID@@PAPAX@Z 10001eea f i POSPower.obj
 0001:00000ef4       ?AddRef@?$CComContainedObject@VCOPOSPOSPower@@@ATL@@WHI@AGKXZ 10001ef4 f i POSPower.obj
 0001:00000efe       ?Release@?$CComContainedObject@VCOPOSPOSPower@@@ATL@@WHI@AGKXZ 10001efe f i POSPower.obj
 0001:00000f08       ?QueryInterface@?$CComContainedObject@VCOPOSPOSPower@@@ATL@@WHM@AGJABU_GUID@@PAPAX@Z 10001f08 f i POSPower.obj
 0001:00000f12       ?AddRef@?$CComContainedObject@VCOPOSPOSPower@@@ATL@@WHM@AGKXZ 10001f12 f i POSPower.obj
 0001:00000f1c       ?Release@?$CComContainedObject@VCOPOSPOSPower@@@ATL@@WHM@AGKXZ 10001f1c f i POSPower.obj
 0001:00000f26       ?QueryInterface@?$CComContainedObject@VCOPOSPOSPower@@@ATL@@WIA@AGJABU_GUID@@PAPAX@Z 10001f26 f i POSPower.obj
 0001:00000f33       ?AddRef@?$CComContainedObject@VCOPOSPOSPower@@@ATL@@WIA@AGKXZ 10001f33 f i POSPower.obj
 0001:00000f40       ?Release@?$CComContainedObject@VCOPOSPOSPower@@@ATL@@WIA@AGKXZ 10001f40 f i POSPower.obj
 0001:00000f4d       ?QueryInterface@?$CComContainedObject@VCOPOSPOSPower@@@ATL@@WIE@AGJABU_GUID@@PAPAX@Z 10001f4d f i POSPower.obj
 0001:00000f5a       ?AddRef@?$CComContainedObject@VCOPOSPOSPower@@@ATL@@WIE@AGKXZ 10001f5a f i POSPower.obj
 0001:00000f67       ?Release@?$CComContainedObject@VCOPOSPOSPower@@@ATL@@WIE@AGKXZ 10001f67 f i POSPower.obj
 0001:00000f74       ?QueryInterface@?$CComContainedObject@VCOPOSPOSPower@@@ATL@@WII@AGJABU_GUID@@PAPAX@Z 10001f74 f i POSPower.obj
 0001:00000f81       ?AddRef@?$CComContainedObject@VCOPOSPOSPower@@@ATL@@WII@AGKXZ 10001f81 f i POSPower.obj
 0001:00000f8e       ?Release@?$CComContainedObject@VCOPOSPOSPower@@@ATL@@WII@AGKXZ 10001f8e f i POSPower.obj
 0001:00000f9b       ?QueryInterface@?$CComContainedObject@VCOPOSPOSPower@@@ATL@@WIM@AGJABU_GUID@@PAPAX@Z 10001f9b f i POSPower.obj
 0001:00000fa8       ?AddRef@?$CComContainedObject@VCOPOSPOSPower@@@ATL@@WIM@AGKXZ 10001fa8 f i POSPower.obj
 0001:00000fb5       ?Release@?$CComContainedObject@VCOPOSPOSPower@@@ATL@@WIM@AGKXZ 10001fb5 f i POSPower.obj
 0001:00000fc2       ?QueryInterface@?$CComContainedObject@VCOPOSPOSPower@@@ATL@@WJA@AGJABU_GUID@@PAPAX@Z 10001fc2 f i POSPower.obj
 0001:00000fcf       ?AddRef@?$CComContainedObject@VCOPOSPOSPower@@@ATL@@WJA@AGKXZ 10001fcf f i POSPower.obj
 0001:00000fdc       ?Release@?$CComContainedObject@VCOPOSPOSPower@@@ATL@@WJA@AGKXZ 10001fdc f i POSPower.obj
 0001:00000fe9       ?QueryInterface@?$CComContainedObject@VCOPOSPOSPower@@@ATL@@WJE@AGJABU_GUID@@PAPAX@Z 10001fe9 f i POSPower.obj
 0001:00000ff6       ?AddRef@?$CComContainedObject@VCOPOSPOSPower@@@ATL@@WJE@AGKXZ 10001ff6 f i POSPower.obj
 0001:00001003       ?Release@?$CComContainedObject@VCOPOSPOSPower@@@ATL@@WJE@AGKXZ 10002003 f i POSPower.obj
 0001:00001010       ?QueryInterface@?$CComContainedObject@VCOPOSPOSPower@@@ATL@@WJI@AGJABU_GUID@@PAPAX@Z 10002010 f i POSPower.obj
 0001:0000101d       ?AddRef@?$CComContainedObject@VCOPOSPOSPower@@@ATL@@WJI@AGKXZ 1000201d f i POSPower.obj
 0001:0000102a       ?Release@?$CComContainedObject@VCOPOSPOSPower@@@ATL@@WJI@AGKXZ 1000202a f i POSPower.obj
 0001:00001037       ?QueryInterface@?$CComContainedObject@VCOPOSPOSPower@@@ATL@@WJM@AGJABU_GUID@@PAPAX@Z 10002037 f i POSPower.obj
 0001:00001044       ?AddRef@?$CComContainedObject@VCOPOSPOSPower@@@ATL@@WJM@AGKXZ 10002044 f i POSPower.obj
 0001:00001051       ?Release@?$CComContainedObject@VCOPOSPOSPower@@@ATL@@WJM@AGKXZ 10002051 f i POSPower.obj
 0001:0000105e       ?QueryInterface@?$CComContainedObject@VCOPOSPOSPower@@@ATL@@WKA@AGJABU_GUID@@PAPAX@Z 1000205e f i POSPower.obj
 0001:0000106b       ?AddRef@?$CComContainedObject@VCOPOSPOSPower@@@ATL@@WKA@AGKXZ 1000206b f i POSPower.obj
 0001:00001078       ?Release@?$CComContainedObject@VCOPOSPOSPower@@@ATL@@WKA@AGKXZ 10002078 f i POSPower.obj
 0001:00001085       ?AddRef@?$CComContainedObject@VCOPOSPOSPower@@@ATL@@WKI@AGKXZ 10002085 f i POSPower.obj
 0001:00001092       ?Release@?$CComContainedObject@VCOPOSPOSPower@@@ATL@@WKI@AGKXZ 10002092 f i POSPower.obj
 0001:0000109f       ?AddRef@?$CComContainedObject@VCOPOSPOSPower@@@ATL@@WLE@AGKXZ 1000209f f i POSPower.obj
 0001:000010ac       ?Release@?$CComContainedObject@VCOPOSPOSPower@@@ATL@@WLE@AGKXZ 100020ac f i POSPower.obj
 0001:000010b9       ?Lock@CAtlModule@ATL@@UAEJXZ 100020b9 f i POSPower.obj
 0001:000010c3       ?Unlock@CAtlModule@ATL@@UAEJXZ 100020c3 f i POSPower.obj
 0001:000010cd       ?GetLockCount@CAtlModule@ATL@@UAEJXZ 100020cd f i POSPower.obj
 0001:000010d1       ?GetGITPtr@CAtlModule@ATL@@UAEJPAPAUIGlobalInterfaceTable@@@Z 100020d1 f i POSPower.obj
 0001:0000111d       ?AddCommonRGSReplacements@?$CAtlModuleT@VCComModule@ATL@@@ATL@@UAEJPAUIRegistrarBase@@@Z 1000211d f i POSPower.obj
 0001:00001137       ?UpdateRegistryFromResourceD@CComModule@ATL@@UAGJPB_WHPAU_ATL_REGMAP_ENTRY@2@@Z 10002137 f i POSPower.obj
 0001:00001137       ?UpdateRegistryFromResourceD@CComModule@ATL@@UAGJIHPAU_ATL_REGMAP_ENTRY@2@@Z 10002137 f i POSPower.obj
 0001:0000113f       ?UpdateRegistryFromResource@CComModule@ATL@@UAGJPB_WHPAU_ATL_REGMAP_ENTRY@2@@Z 1000213f f i POSPower.obj
 0001:00001148       ?UpdateRegistryFromResource@CComModule@ATL@@UAGJIHPAU_ATL_REGMAP_ENTRY@2@@Z 10002148 f i POSPower.obj
 0001:00001151       ??_GCComModule@ATL@@UAEPAXI@Z 10002151 f i POSPower.obj
 0001:00001151       ??_ECComModule@ATL@@UAEPAXI@Z 10002151 f i POSPower.obj
 0001:00001179       ?GetWindowProc@?$CWindowImplBaseT@VCWindow@ATL@@V?$CWinTraits@$0FGAAAAAA@$0A@@2@@ATL@@UAEP6GJPAUHWND__@@IIJ@ZXZ 10002179 f i POSPower.obj
 0001:0000117f       ?StartWindowProc@?$CWindowImplBaseT@VCWindow@ATL@@V?$CWinTraits@$0FGAAAAAA@$0A@@2@@ATL@@SGJPAUHWND__@@IIJ@Z 1000217f f i POSPower.obj
 0001:000011d3       ?GetTypeInfoCount@?$IDispatchImpl@UIOPOSPOSPower@@$1?IID_IOPOSPOSPower@@3U_GUID@@B$1?LIBID_OposPOSPower_CCO@@3U3@B$00$0A@VCComTypeInfoHolder@ATL@@@ATL@@UAGJPAI@Z 100021d3 f i POSPower.obj
 0001:000011f0       ?GetTypeInfo@?$IDispatchImpl@UIOPOSPOSPower@@$1?IID_IOPOSPOSPower@@3U_GUID@@B$1?LIBID_OposPOSPower_CCO@@3U3@B$00$0A@VCComTypeInfoHolder@ATL@@@ATL@@UAGJIKPAPAUITypeInfo@@@Z 100021f0 f i POSPower.obj
 0001:00001214       ?GetIDsOfNames@?$IDispatchImpl@UIOPOSPOSPower@@$1?IID_IOPOSPOSPower@@3U_GUID@@B$1?LIBID_OposPOSPower_CCO@@3U3@B$00$0A@VCComTypeInfoHolder@ATL@@@ATL@@UAGJABU_GUID@@PAPA_WIKPAJ@Z 10002214 f i POSPower.obj
 0001:00001234       ?Invoke@?$IDispatchImpl@UIOPOSPOSPower@@$1?IID_IOPOSPOSPower@@3U_GUID@@B$1?LIBID_OposPOSPower_CCO@@3U3@B$00$0A@VCComTypeInfoHolder@ATL@@@ATL@@UAGJJABU_GUID@@KGPAUtagDISPPARAMS@@PAUtagVARIANT@@PAUtagEXCEPINFO@@PAI@Z 10002234 f i POSPower.obj
 0001:00001242       ?CreateControlWindow@?$CComControl@VCOPOSPOSPower@@V?$CWindowImpl@VCOPOSPOSPower@@VCWindow@ATL@@V?$CWinTraits@$0FGAAAAAA@$0A@@3@@ATL@@@ATL@@UAEPAUHWND__@@PAU3@AAUtagRECT@@@Z 10002242 f i POSPower.obj
 0001:00001271       ?ControlQueryInterface@?$CComControl@VCOPOSPOSPower@@V?$CWindowImpl@VCOPOSPOSPower@@VCWindow@ATL@@V?$CWinTraits@$0FGAAAAAA@$0A@@3@@ATL@@@ATL@@UAEJABU_GUID@@PAPAX@Z 10002271 f i POSPower.obj
 0001:0000128c       ?GetClassID@?$IPersistStreamInitImpl@VCOPOSPOSPower@@@ATL@@UAGJPAU_GUID@@@Z 1000228c f i POSPower.obj
 0001:0000128c       ?GetClassID@?$IPersistStorageImpl@VCOPOSPOSPower@@@ATL@@UAGJPAU_GUID@@@Z 1000228c f i POSPower.obj
 0001:0000128c       ?GetUserClassID@?$IOleObjectImpl@VCOPOSPOSPower@@@ATL@@UAGJPAU_GUID@@@Z 1000228c f i POSPower.obj
 0001:000012b0       ?IsDirty@?$IPersistStreamInitImpl@VCOPOSPOSPower@@@ATL@@UAGJXZ 100022b0 f i POSPower.obj
 0001:000012cf       ?Load@?$IPersistStreamInitImpl@VCOPOSPOSPower@@@ATL@@UAGJPAUIStream@@@Z 100022cf f i POSPower.obj
 0001:000012ee       ?Save@?$IPersistStreamInitImpl@VCOPOSPOSPower@@@ATL@@UAGJPAUIStream@@H@Z 100022ee f i POSPower.obj
 0001:00001310       ?GetSizeMax@?$IPersistStreamInitImpl@VCOPOSPOSPower@@@ATL@@UAGJPAT_ULARGE_INTEGER@@@Z 10002310 f i POSPower.obj
 0001:000014c5       ?InitNew@?$IPersistStreamInitImpl@VCOPOSPOSPower@@@ATL@@UAGJXZ 100024c5 f i POSPower.obj
 0001:000014e2       ?Unfreeze@?$IViewObjectExImpl@VCOPOSPOSPower@@@ATL@@UAGJK@Z 100024e2 f i POSPower.obj
 0001:000014e2       ?GetDropTarget@?$IOleInPlaceObjectWindowlessImpl@VCOPOSPOSPower@@@ATL@@UAGJPAPAUIDropTarget@@@Z 100024e2 f i POSPower.obj
 0001:000014e2       ?SetColorScheme@?$IOleObjectImpl@VCOPOSPOSPower@@@ATL@@UAGJPAUtagLOGPALETTE@@@Z 100024e2 f i POSPower.obj
 0001:000014e2       ?GetControlInfo@?$IOleControlImpl@VCOPOSPOSPower@@@ATL@@UAGJPAUtagCONTROLINFO@@@Z 100024e2 f i POSPower.obj
 0001:000014e2       ?OnMnemonic@?$IOleControlImpl@VCOPOSPOSPower@@@ATL@@UAGJPAUtagMSG@@@Z 100024e2 f i POSPower.obj
 0001:000014e2       ?ContextSensitiveHelp@?$IOleInPlaceObjectWindowlessImpl@VCOPOSPOSPower@@@ATL@@UAGJH@Z 100024e2 f i POSPower.obj
 0001:000014e2       ?SODataDummy@COPOSPOSPower@@MAGJJ@Z 100024e2 f i POSPower.obj
 0001:000014e2       ?ContextSensitiveHelp@?$IOleInPlaceActiveObjectImpl@VCOPOSPOSPower@@@ATL@@UAGJH@Z 100024e2 f i POSPower.obj
 0001:000014e2       ?SOOutputCompleteDummy@COPOSPOSPower@@MAGJJ@Z 100024e2 f i POSPower.obj
 0001:000014e2       ?QueryGetData@?$IDataObjectImpl@VCOPOSPOSPower@@@ATL@@UAGJPAUtagFORMATETC@@@Z 100024e2 f i POSPower.obj
 0001:000014ea       ?OnFrameWindowActivate@?$IOleInPlaceActiveObjectImpl@VCOPOSPOSPower@@@ATL@@UAGJH@Z 100024ea f i POSPower.obj
 0001:000014ea       ?OnAmbientPropertyChange@?$IOleControlImpl@VCOPOSPOSPower@@@ATL@@UAGJJ@Z 100024ea f i POSPower.obj
 0001:000014ea       ?EnableModeless@?$IOleInPlaceActiveObjectImpl@VCOPOSPOSPower@@@ATL@@UAGJH@Z 100024ea f i POSPower.obj
 0001:000014ea       ?SaveCompleted@?$IPersistStorageImpl@VCOPOSPOSPower@@@ATL@@UAGJPAUIStorage@@@Z 100024ea f i POSPower.obj
 0001:000014ef       ?SetClientSite@?$IOleObjectImpl@VCOPOSPOSPower@@@ATL@@UAGJPAUIOleClientSite@@@Z 100024ef f i POSPower.obj
 0001:0000150c       ?GetClientSite@?$IOleObjectImpl@VCOPOSPOSPower@@@ATL@@UAGJPAPAUIOleClientSite@@@Z 1000250c f i POSPower.obj
 0001:00001529       ?SetHostNames@?$IOleObjectImpl@VCOPOSPOSPower@@@ATL@@UAGJPB_W0@Z 10002529 f i POSPower.obj
 0001:0000152e       ?Close@?$IOleObjectImpl@VCOPOSPOSPower@@@ATL@@UAGJK@Z 1000252e f i POSPower.obj
 0001:0000154b       ?SetMoniker@?$IOleObjectImpl@VCOPOSPOSPower@@@ATL@@UAGJKPAUIMoniker@@@Z 1000254b f i POSPower.obj
 0001:0000154b       ?GetDataHere@?$IDataObjectImpl@VCOPOSPOSPower@@@ATL@@UAGJPAUtagFORMATETC@@PAUtagSTGMEDIUM@@@Z 1000254b f i POSPower.obj
 0001:0000154b       ?QueryInterface@CRegObject@ATL@@UAGJABU_GUID@@PAPAX@Z 1000254b f i POSPower.obj
 0001:0000154b       ?GetClipboardData@?$IOleObjectImpl@VCOPOSPOSPower@@@ATL@@UAGJKPAPAUIDataObject@@@Z 1000254b f i POSPower.obj
 0001:0000154b       ?GetRect@?$IViewObjectExImpl@VCOPOSPOSPower@@@ATL@@UAGJKPAU_RECTL@@@Z 1000254b f i POSPower.obj
 0001:0000154b       ?GetCanonicalFormatEtc@?$IDataObjectImpl@VCOPOSPOSPower@@@ATL@@UAGJPAUtagFORMATETC@@0@Z 1000254b f i POSPower.obj
 0001:0000154b       ?EnumFormatEtc@?$IDataObjectImpl@VCOPOSPOSPower@@@ATL@@UAGJKPAPAUIEnumFORMATETC@@@Z 1000254b f i POSPower.obj
 0001:00001553       ?GetMoniker@?$IOleObjectImpl@VCOPOSPOSPower@@@ATL@@UAGJKKPAPAUIMoniker@@@Z 10002553 f i POSPower.obj
 0001:00001553       ?SetData@?$IDataObjectImpl@VCOPOSPOSPower@@@ATL@@UAGJPAUtagFORMATETC@@PAUtagSTGMEDIUM@@H@Z 10002553 f i POSPower.obj
 0001:00001553       ?InitFromData@?$IOleObjectImpl@VCOPOSPOSPower@@@ATL@@UAGJPAUIDataObject@@HK@Z 10002553 f i POSPower.obj
 0001:0000155b       ?DoVerb@?$IOleObjectImpl@VCOPOSPOSPower@@@ATL@@UAGJJPAUtagMSG@@PAUIOleClientSite@@JPAUHWND__@@PBUtagRECT@@@Z 1000255b f i POSPower.obj
 0001:00001673       ?EnumVerbs@?$IOleObjectImpl@VCOPOSPOSPower@@@ATL@@UAGJPAPAUIEnumOLEVERB@@@Z 10002673 f i POSPower.obj
 0001:00001695       ?HandsOffStorage@?$IPersistStorageImpl@VCOPOSPOSPower@@@ATL@@UAGJXZ 10002695 f i POSPower.obj
 0001:00001695       ?IsUpToDate@?$IOleObjectImpl@VCOPOSPOSPower@@@ATL@@UAGJXZ 10002695 f i POSPower.obj
 0001:00001695       ?Release@CRegObject@ATL@@UAGKXZ 10002695 f i POSPower.obj
 0001:00001695       ?Update@?$IOleObjectImpl@VCOPOSPOSPower@@@ATL@@UAGJXZ 10002695 f i POSPower.obj
 0001:0000169a       ?GetUserType@?$IOleObjectImpl@VCOPOSPOSPower@@@ATL@@UAGJKPAPA_W@Z 1000269a f i POSPower.obj
 0001:000016b2       ?SetExtent@?$IOleObjectImpl@VCOPOSPOSPower@@@ATL@@UAGJKPAUtagSIZE@@@Z 100026b2 f i POSPower.obj
 0001:000016d2       ?GetExtent@?$IOleObjectImpl@VCOPOSPOSPower@@@ATL@@UAGJKPAUtagSIZE@@@Z 100026d2 f i POSPower.obj
 0001:00001710       ?Advise@?$IOleObjectImpl@VCOPOSPOSPower@@@ATL@@UAGJPAUIAdviseSink@@PAK@Z 10002710 f i POSPower.obj
 0001:00001730       ?Unadvise@?$IOleObjectImpl@VCOPOSPOSPower@@@ATL@@UAGJK@Z 10002730 f i POSPower.obj
 0001:0000175f       ?EnumAdvise@?$IOleObjectImpl@VCOPOSPOSPower@@@ATL@@UAGJPAPAUIEnumSTATDATA@@@Z 1000275f f i POSPower.obj
 0001:0000179f       ?GetMiscStatus@?$IOleObjectImpl@VCOPOSPOSPower@@@ATL@@UAGJKPAK@Z 1000279f f i POSPower.obj
 0001:000017b7       ?GetWindow@?$IOleInPlaceActiveObjectImpl@VCOPOSPOSPower@@@ATL@@UAGJPAPAUHWND__@@@Z 100027b7 f i POSPower.obj
 0001:00001804       ?TranslateAcceleratorW@?$IOleInPlaceActiveObjectImpl@VCOPOSPOSPower@@@ATL@@UAGJPAUtagMSG@@@Z 10002804 f i POSPower.obj
 0001:000018a2       ?OnDocWindowActivate@?$IOleInPlaceActiveObjectImpl@VCOPOSPOSPower@@@ATL@@UAGJH@Z 100028a2 f i POSPower.obj
 0001:000018c4       ?ResizeBorder@?$IOleInPlaceActiveObjectImpl@VCOPOSPOSPower@@@ATL@@UAGJPBUtagRECT@@PAUIOleInPlaceUIWindow@@H@Z 100028c4 f i POSPower.obj
 0001:000018c9       ?Draw@?$IViewObjectExImpl@VCOPOSPOSPower@@@ATL@@UAGJKJPAXPAUtagDVTARGETDEVICE@@PAUHDC__@@2PBU_RECTL@@3P6GHK@ZK@Z 100028c9 f i POSPower.obj
 0001:000018fb       ?GetColorSet@?$IViewObjectExImpl@VCOPOSPOSPower@@@ATL@@UAGJKJPAXPAUtagDVTARGETDEVICE@@PAUHDC__@@PAPAUtagLOGPALETTE@@@Z 100028fb f i POSPower.obj
 0001:00001903       ?Freeze@?$IViewObjectExImpl@VCOPOSPOSPower@@@ATL@@UAGJKJPAXPAK@Z 10002903 f i POSPower.obj
 0001:00001903       ?SOErrorDummy@COPOSPOSPower@@MAGJJJJPAJ@Z 10002903 f i POSPower.obj
 0001:0000190b       ?SetAdvise@?$IViewObjectExImpl@VCOPOSPOSPower@@@ATL@@UAGJKKPAUIAdviseSink@@@Z 1000290b f i POSPower.obj
 0001:0000192a       ?GetAdvise@?$IViewObjectExImpl@VCOPOSPOSPower@@@ATL@@UAGJPAK0PAPAUIAdviseSink@@@Z 1000292a f i POSPower.obj
 0001:0000195f       ?GetExtent@?$IViewObjectExImpl@VCOPOSPOSPower@@@ATL@@UAGJKJPAUtagDVTARGETDEVICE@@PAUtagSIZE@@@Z 1000295f f i POSPower.obj
 0001:00001990       ?GetViewStatus@?$IViewObjectExImpl@VCOPOSPOSPower@@@ATL@@UAGJPAK@Z 10002990 f i POSPower.obj
 0001:000019ad       ?QueryHitPoint@?$IViewObjectExImpl@VCOPOSPOSPower@@@ATL@@UAGJKPBUtagRECT@@UtagPOINT@@JPAK@Z 100029ad f i POSPower.obj
 0001:000019ee       ?QueryHitRect@?$IViewObjectExImpl@VCOPOSPOSPower@@@ATL@@UAGJKPBUtagRECT@@0JPAK@Z 100029ee f i POSPower.obj
 0001:00001a49       ?GetNaturalExtent@?$IViewObjectExImpl@VCOPOSPOSPower@@@ATL@@UAGJKJPAUtagDVTARGETDEVICE@@PAUHDC__@@PAUtagExtentInfo@@PAUtagSIZE@@@Z 10002a49 f i POSPower.obj
 0001:00001a94       ?GetWindow@?$IOleInPlaceObjectWindowlessImpl@VCOPOSPOSPower@@@ATL@@UAGJPAPAUHWND__@@@Z 10002a94 f i POSPower.obj
 0001:00001ae1       ?InPlaceDeactivate@?$IOleInPlaceObjectWindowlessImpl@VCOPOSPOSPower@@@ATL@@UAGJXZ 10002ae1 f i POSPower.obj
 0001:00001afb       ?UIDeactivate@?$IOleInPlaceObjectWindowlessImpl@VCOPOSPOSPower@@@ATL@@UAGJXZ 10002afb f i POSPower.obj
 0001:00001b15       ?SetObjectRects@?$IOleInPlaceObjectWindowlessImpl@VCOPOSPOSPower@@@ATL@@UAGJPBUtagRECT@@0@Z 10002b15 f i POSPower.obj
 0001:00001b35       ?ReactivateAndUndo@?$IOleInPlaceObjectWindowlessImpl@VCOPOSPOSPower@@@ATL@@UAGJXZ 10002b35 f i POSPower.obj
 0001:00001b3d       ?OnWindowMessage@?$IOleInPlaceObjectWindowlessImpl@VCOPOSPOSPower@@@ATL@@UAGJIIJPAJ@Z 10002b3d f i POSPower.obj
 0001:00001bad       ?EnumConnectionPoints@?$IConnectionPointContainerImpl@VCOPOSPOSPower@@@ATL@@UAGJPAPAUIEnumConnectionPoints@@@Z 10002bad f i POSPower.obj
 0001:00001d27       ?FindConnectionPoint@?$IConnectionPointContainerImpl@VCOPOSPOSPower@@@ATL@@UAGJABU_GUID@@PAPAUIConnectionPoint@@@Z 10002d27 f i POSPower.obj
 0001:00001dca       ?IsDirty@?$IPersistStorageImpl@VCOPOSPOSPower@@@ATL@@UAGJXZ 10002dca f i POSPower.obj
 0001:00001dfe       ?InitNew@?$IPersistStorageImpl@VCOPOSPOSPower@@@ATL@@UAGJPAUIStorage@@@Z 10002dfe f i POSPower.obj
 0001:00001e32       ?Load@?$IPersistStorageImpl@VCOPOSPOSPower@@@ATL@@UAGJPAUIStorage@@@Z 10002e32 f i POSPower.obj
 0001:00001e9e       ?Save@?$IPersistStorageImpl@VCOPOSPOSPower@@@ATL@@UAGJPAUIStorage@@H@Z 10002e9e f i POSPower.obj
 0001:00001f11       ?GetPages@?$ISpecifyPropertyPagesImpl@VCOPOSPOSPower@@@ATL@@UAGJPAUtagCAUUID@@@Z 10002f11 f i POSPower.obj
 0001:00001f28       ?QuickActivate@?$IQuickActivateImpl@VCOPOSPOSPower@@@ATL@@UAGJPAUtagQACONTAINER@@PAUtagQACONTROL@@@Z 10002f28 f i POSPower.obj
 0001:00001f4b       ?SetContentExtent@?$IQuickActivateImpl@VCOPOSPOSPower@@@ATL@@UAGJPAUtagSIZE@@@Z 10002f4b f i POSPower.obj
 0001:00001f77       ?GetContentExtent@?$IQuickActivateImpl@VCOPOSPOSPower@@@ATL@@UAGJPAUtagSIZE@@@Z 10002f77 f i POSPower.obj
 0001:00001f97       ?GetData@?$IDataObjectImpl@VCOPOSPOSPower@@@ATL@@UAGJPAUtagFORMATETC@@PAUtagSTGMEDIUM@@@Z 10002f97 f i POSPower.obj
 0001:00001fba       ?DAdvise@?$IDataObjectImpl@VCOPOSPOSPower@@@ATL@@UAGJPAUtagFORMATETC@@KPAUIAdviseSink@@PAK@Z 10002fba f i POSPower.obj
 0001:00001ffb       ?DUnadvise@?$IDataObjectImpl@VCOPOSPOSPower@@@ATL@@UAGJK@Z 10002ffb f i POSPower.obj
 0001:00002029       ?EnumDAdvise@?$IDataObjectImpl@VCOPOSPOSPower@@@ATL@@UAGJPAPAUIEnumSTATDATA@@@Z 10003029 f i POSPower.obj
 0001:00002068       ?GetClassInfoW@?$IProvideClassInfo2Impl@$1?CLSID_OPOSPOSPower@@3U_GUID@@B$1?DIID__IOPOSPOSPowerEvents@@3U2@B$1?LIBID_OposPOSPower_CCO@@3U2@B$00$0A@VCComTypeInfoHolder@ATL@@@ATL@@UAGJPAPAUITypeInfo@@@Z 10003068 f i POSPower.obj
 0001:0000207e       ?GetGUID@?$IProvideClassInfo2Impl@$1?CLSID_OPOSPOSPower@@3U_GUID@@B$1?DIID__IOPOSPOSPowerEvents@@3U2@B$1?LIBID_OposPOSPower_CCO@@3U2@B$00$0A@VCComTypeInfoHolder@ATL@@@ATL@@UAGJKPAU_GUID@@@Z 1000307e f i POSPower.obj
 0001:000020bc       ?FAccessAllowed@?$IObjectSafetyImpl@VCOPOSPOSPower@@$02@ATL@@MAEHXZ 100030bc f i POSPower.obj
 0001:000020bc       __get_startup_argv_mode    100030bc f i LIBCMT:argv_mode.obj
 0001:000020c0       ?GetInterfaceSafetyOptions@?$IObjectSafetyImpl@VCOPOSPOSPower@@$02@ATL@@UAGJABU_GUID@@PAK1@Z 100030c0 f i POSPower.obj
 0001:00002134       ?SetInterfaceSafetyOptions@?$IObjectSafetyImpl@VCOPOSPOSPower@@$02@ATL@@UAGJABU_GUID@@KK@Z 10003134 f i POSPower.obj
 0001:000021ae       ?_LocCPQueryInterface@?$IConnectionPointImpl@VCOPOSPOSPower@@$1?IID_IPropertyNotifySink@@3U_GUID@@BVCComDynamicUnkArray@ATL@@@ATL@@UAGJABU_GUID@@PAPAX@Z 100031ae f i POSPower.obj
 0001:000021ae       ?_LocCPQueryInterface@?$IConnectionPointImpl@VCOPOSPOSPower@@$1?DIID__IOPOSPOSPowerEvents@@3U_GUID@@BVCComDynamicUnkArray@ATL@@@ATL@@UAGJABU_GUID@@PAPAX@Z 100031ae f i POSPower.obj
 0001:000021fb       ?GetConnectionInterface@?$IConnectionPointImpl@VCOPOSPOSPower@@$1?IID_IPropertyNotifySink@@3U_GUID@@BVCComDynamicUnkArray@ATL@@@ATL@@UAGJPAU_GUID@@@Z 100031fb f i POSPower.obj
 0001:0000221f       ?GetConnectionPointContainer@?$IConnectionPointImpl@VCOPOSPOSPower@@$1?IID_IPropertyNotifySink@@3U_GUID@@BVCComDynamicUnkArray@ATL@@@ATL@@UAGJPAPAUIConnectionPointContainer@@@Z 1000321f f i POSPower.obj
 0001:00002242       ?Advise@?$IConnectionPointImpl@VCOPOSPOSPower@@$1?DIID__IOPOSPOSPowerEvents@@3U_GUID@@BVCComDynamicUnkArray@ATL@@@ATL@@UAGJPAUIUnknown@@PAK@Z 10003242 f i POSPower.obj
 0001:00002242       ?Advise@?$IConnectionPointImpl@VCOPOSPOSPower@@$1?IID_IPropertyNotifySink@@3U_GUID@@BVCComDynamicUnkArray@ATL@@@ATL@@UAGJPAUIUnknown@@PAK@Z 10003242 f i POSPower.obj
 0001:000022e3       ?Unadvise@?$IConnectionPointImpl@VCOPOSPOSPower@@$1?DIID__IOPOSPOSPowerEvents@@3U_GUID@@BVCComDynamicUnkArray@ATL@@@ATL@@UAGJK@Z 100032e3 f i POSPower.obj
 0001:000022e3       ?Unadvise@?$IConnectionPointImpl@VCOPOSPOSPower@@$1?IID_IPropertyNotifySink@@3U_GUID@@BVCComDynamicUnkArray@ATL@@@ATL@@UAGJK@Z 100032e3 f i POSPower.obj
 0001:00002323       ?EnumConnections@?$IConnectionPointImpl@VCOPOSPOSPower@@$1?IID_IPropertyNotifySink@@3U_GUID@@BVCComDynamicUnkArray@ATL@@@ATL@@UAGJPAPAUIEnumConnections@@@Z 10003323 f i POSPower.obj
 0001:00002323       ?EnumConnections@?$IConnectionPointImpl@VCOPOSPOSPower@@$1?DIID__IOPOSPOSPowerEvents@@3U_GUID@@BVCComDynamicUnkArray@ATL@@@ATL@@UAGJPAPAUIEnumConnections@@@Z 10003323 f i POSPower.obj
 0001:00002429       ?GetConnectionInterface@?$IConnectionPointImpl@VCOPOSPOSPower@@$1?DIID__IOPOSPOSPowerEvents@@3U_GUID@@BVCComDynamicUnkArray@ATL@@@ATL@@UAGJPAU_GUID@@@Z 10003429 f i POSPower.obj
 0001:0000244d       ?GetConnectionPointContainer@?$IConnectionPointImpl@VCOPOSPOSPower@@$1?DIID__IOPOSPOSPowerEvents@@3U_GUID@@BVCComDynamicUnkArray@ATL@@@ATL@@UAGJPAPAUIConnectionPointContainer@@@Z 1000344d f i POSPower.obj
 0001:00002470       ?AddRef@CRegObject@ATL@@UAGKXZ 10003470 f i POSPower.obj
 0001:00002476       ?AddReplacement@CRegObject@ATL@@UAGJPB_W0@Z 10003476 f i POSPower.obj
 0001:000024af       ?ClearReplacements@CRegObject@ATL@@UAGJXZ 100034af f i POSPower.obj
 0001:000024c1       ??_ECRegObject@ATL@@UAEPAXI@Z 100034c1 f i POSPower.obj
 0001:000024c1       ??_GCRegObject@ATL@@UAEPAXI@Z 100034c1 f i POSPower.obj
 0001:000024e3       ?UpdateRegistry@COPOSPOSPower@@SGJH@Z 100034e3 f i POSPower.obj
 0001:000024fb       ?ProcessWindowMessage@COPOSPOSPower@@UAEHPAUHWND__@@IIJAAJK@Z 100034fb f i POSPower.obj
 0001:00002544       ?SODirectIO@COPOSPOSPower@@MAGJJPAJPAPA_W@Z 10003544 f i POSPower.obj
 0001:0000258d       ?SOStatusUpdate@COPOSPOSPower@@MAGJJ@Z 1000358d f i POSPower.obj
 0001:000025c6       ?CreateInstance@?$CComCreator@V?$CComObjectCached@VCComClassFactory@ATL@@@ATL@@@ATL@@SGJPAXABU_GUID@@PAPAX@Z 100035c6 f i POSPower.obj
 0001:00002659       ?CreateInstance@?$CComCreator2@V?$CComCreator@V?$CComObject@VCOPOSPOSPower@@@ATL@@@ATL@@V?$CComCreator@V?$CComAggObject@VCOPOSPOSPower@@@ATL@@@2@@ATL@@SGJPAXABU_GUID@@PAPAX@Z 10003659 f i POSPower.obj
 0001:00002679       ?Next@?$CComEnumImpl@UIEnumConnectionPoints@@$1?_GUID_b196b285_bab4_101a_b69c_00aa00341d07@@3U__s_GUID@@BPAUIConnectionPoint@@V?$_CopyInterface@UIConnectionPoint@@@ATL@@@ATL@@UAGJKPAPAUIConnectionPoint@@PAK@Z 10003679 f i POSPower.obj
 0001:00002750       ?Skip@?$CComEnumImpl@UIEnumConnectionPoints@@$1?_GUID_b196b285_bab4_101a_b69c_00aa00341d07@@3U__s_GUID@@BPAUIConnectionPoint@@V?$_CopyInterface@UIConnectionPoint@@@ATL@@@ATL@@UAGJK@Z 10003750 f i POSPower.obj
 0001:0000277d       ?Clone@?$CComEnumImpl@UIEnumConnectionPoints@@$1?_GUID_b196b285_bab4_101a_b69c_00aa00341d07@@3U__s_GUID@@BPAUIConnectionPoint@@V?$_CopyInterface@UIConnectionPoint@@@ATL@@@ATL@@UAGJPAPAUIEnumConnectionPoints@@@Z 1000377d f i POSPower.obj
 0001:0000285c       ?QueryInterface@?$CComObject@V?$CComEnum@UIEnumConnectionPoints@@$1?_GUID_b196b285_bab4_101a_b69c_00aa00341d07@@3U__s_GUID@@BPAUIConnectionPoint@@V?$_CopyInterface@UIConnectionPoint@@@ATL@@VCComSingleThreadModel@6@@ATL@@@ATL@@UAGJABU_GUID@@PAPAX@Z 1000385c f i POSPower.obj
 0001:00002876       ??_E?$CComObject@V?$CComEnum@UIEnumConnectionPoints@@$1?_GUID_b196b285_bab4_101a_b69c_00aa00341d07@@3U__s_GUID@@BPAUIConnectionPoint@@V?$_CopyInterface@UIConnectionPoint@@@ATL@@VCComSingleThreadModel@6@@ATL@@@ATL@@UAEPAXI@Z 10003876 f i POSPower.obj
 0001:00002876       ??_G?$CComObject@V?$CComEnum@UIEnumConnectionPoints@@$1?_GUID_b196b285_bab4_101a_b69c_00aa00341d07@@3U__s_GUID@@BPAUIConnectionPoint@@V?$_CopyInterface@UIConnectionPoint@@@ATL@@VCComSingleThreadModel@6@@ATL@@@ATL@@UAEPAXI@Z 10003876 f i POSPower.obj
 0001:00002898       ??$?4UITypeInfo2@@@?$CComPtr@UITypeInfo@@@ATL@@QAEPAUITypeInfo@@ABV?$CComPtr@UITypeInfo2@@@1@@Z 10003898 f i POSPower.obj
 0001:000028c5       ??$AtlAdd@K@ATL@@YAJPAKKK@Z 100038c5 f i POSPower.obj
 0001:000028e8       ??$AtlAdd@_K@ATL@@YAJPA_K_K1@Z 100038e8 f i POSPower.obj
 0001:00002920       ??$AtlAddThrow@K@ATL@@YAKKK@Z 10003920 f i POSPower.obj
 0001:00002946       ??$AtlModuleRegisterWndClassInfoT@VAtlModuleRegisterWndClassInfoParamW@ATL@@@ATL@@YAGPAU_ATL_BASE_MODULE70@0@PAU_ATL_WIN_MODULE70@0@PAU_ATL_WNDCLASSINFOW@0@PAP6GJPAUHWND__@@IIJ@ZVAtlModuleRegisterWndClassInfoParamW@0@@Z 10003946 f i POSPower.obj
 0001:00002a94       ??$AtlMultiply@H@ATL@@YAJPAHHH@Z 10003a94 f i POSPower.obj
 0001:00002acc       ??$AtlMultiply@K@ATL@@YAJPAKKK@Z 10003acc f i POSPower.obj
 0001:00002acc       ??$AtlMultiply@I@ATL@@YAJPAIII@Z 10003acc f i POSPower.obj
 0001:00002aee       ??$AtlMultiplyThrow@I@ATL@@YAIII@Z 10003aee f i POSPower.obj
 0001:00002b14       ??0?$CComAggObject@VCOPOSPOSPower@@@ATL@@QAE@PAX@Z 10003b14 f i POSPower.obj
 0001:00002b41       ??0?$CComContainedObject@VCOPOSPOSPower@@@ATL@@QAE@PAX@Z 10003b41 f i POSPower.obj
 0001:00002bfa       ??0?$CComObject@V?$CComEnum@UIEnumConnectionPoints@@$1?_GUID_b196b285_bab4_101a_b69c_00aa00341d07@@3U__s_GUID@@BPAUIConnectionPoint@@V?$_CopyInterface@UIConnectionPoint@@@ATL@@VCComSingleThreadModel@6@@ATL@@@ATL@@QAE@PAX@Z 10003bfa f i POSPower.obj
 0001:00002c28       ??0?$CComObject@V?$CComEnum@UIEnumConnections@@$1?_GUID_b196b287_bab4_101a_b69c_00aa00341d07@@3U__s_GUID@@BUtagCONNECTDATA@@V?$_Copy@UtagCONNECTDATA@@@ATL@@VCComSingleThreadModel@6@@ATL@@@ATL@@QAE@PAX@Z 10003c28 f i POSPower.obj
 0001:00002c56       ??0?$CComObject@VCOPOSPOSPower@@@ATL@@QAE@PAX@Z 10003c56 f i POSPower.obj
 0001:00002d0d       ??0?$CComQIPtr@UIOleControlSite@@$1?_GUID_b196b289_bab4_101a_b69c_00aa00341d07@@3U__s_GUID@@B@ATL@@QAE@PAUIUnknown@@@Z 10003d0d f i POSPower.obj
 0001:00002d36       ??0CAtlModule@ATL@@QAE@XZ  10003d36 f i POSPower.obj
 0001:00002d77       ??0CParseBuffer@CRegParser@ATL@@QAE@H@Z 10003d77 f i POSPower.obj
 0001:00002dad       ??0_ATL_MSG@ATL@@QAE@PAUHWND__@@IIJH@Z 10003dad f i POSPower.obj
 0001:00002de5       ??1?$CComAggObject@VCOPOSPOSPower@@@ATL@@UAE@XZ 10003de5 f i POSPower.obj
 0001:00002e09       ??1?$CComEnumImpl@UIEnumConnectionPoints@@$1?_GUID_b196b285_bab4_101a_b69c_00aa00341d07@@3U__s_GUID@@BPAUIConnectionPoint@@V?$_CopyInterface@UIConnectionPoint@@@ATL@@@ATL@@UAE@XZ 10003e09 f i POSPower.obj
 0001:00002e49       ??1?$CComEnumImpl@UIEnumConnections@@$1?_GUID_b196b287_bab4_101a_b69c_00aa00341d07@@3U__s_GUID@@BUtagCONNECTDATA@@V?$_Copy@UtagCONNECTDATA@@@ATL@@@ATL@@UAE@XZ 10003e49 f i POSPower.obj
 0001:00002e89       ??1?$CComObject@V?$CComEnum@UIEnumConnectionPoints@@$1?_GUID_b196b285_bab4_101a_b69c_00aa00341d07@@3U__s_GUID@@BPAUIConnectionPoint@@V?$_CopyInterface@UIConnectionPoint@@@ATL@@VCComSingleThreadModel@6@@ATL@@@ATL@@UAE@XZ 10003e89 f i POSPower.obj
 0001:00002eac       ??1?$CComObject@V?$CComEnum@UIEnumConnections@@$1?_GUID_b196b287_bab4_101a_b69c_00aa00341d07@@3U__s_GUID@@BUtagCONNECTDATA@@V?$_Copy@UtagCONNECTDATA@@@ATL@@VCComSingleThreadModel@6@@ATL@@@ATL@@UAE@XZ 10003eac f i POSPower.obj
 0001:00002ecf       ??1?$CComObject@VCOPOSPOSPower@@@ATL@@UAE@XZ 10003ecf f i POSPower.obj
 0001:00002f8d       ??1?$CComObjectCached@VCComClassFactory@ATL@@@ATL@@UAE@XZ 10003f8d f i POSPower.obj
 0001:00002fa3       ??1?$CComObjectRootEx@VCComMultiThreadModel@ATL@@@ATL@@QAE@XZ 10003fa3 f i POSPower.obj
 0001:00002fb8       ??1CRegObject@ATL@@UAE@XZ  10003fb8 f i POSPower.obj
 0001:00002fd8       ??4?$CComPtr@UIAdviseSink@@@ATL@@QAEPAUIAdviseSink@@PAU2@@Z 10003fd8 f i POSPower.obj
 0001:00002fd8       ??4?$CComPtr@UIUnknown@@@ATL@@QAEPAUIUnknown@@PAU2@@Z 10003fd8 f i POSPower.obj
 0001:00002fd8       ??4?$CComPtr@UIOleClientSite@@@ATL@@QAEPAUIOleClientSite@@PAU2@@Z 10003fd8 f i POSPower.obj
 0001:0000300c       ??4?$CComQIPtr@UIOleObject@@$1?_GUID_00000112_0000_0000_c000_000000000046@@3U__s_GUID@@B@ATL@@QAEPAUIOleObject@@PAUIUnknown@@@Z 1000400c f i POSPower.obj
 0001:00003031       ??4?$CComQIPtr@UISpecifyPropertyPages@@$1?_GUID_b196b28b_bab4_101a_b69c_00aa00341d07@@3U__s_GUID@@B@ATL@@QAEPAUISpecifyPropertyPages@@PAUIUnknown@@@Z 10004031 f i POSPower.obj
 0001:00003056       ??_E?$CComContainedObject@VCOPOSPOSPower@@@ATL@@UAEPAXI@Z 10004056 f i POSPower.obj
 0001:00003056       ??_G?$CComContainedObject@VCOPOSPOSPower@@@ATL@@UAEPAXI@Z 10004056 f i POSPower.obj
 0001:0000307b       ??_G?$CComObject@VCOPOSPOSPower@@@ATL@@UAEPAXI@Z 1000407b f i POSPower.obj
 0001:0000307b       ??_E?$CComObject@VCOPOSPOSPower@@@ATL@@UAEPAXI@Z 1000407b f i POSPower.obj
 0001:000030a0       ?Add@?$CSimpleArray@GV?$CSimpleArrayEqualHelper@G@ATL@@@ATL@@QAEHABG@Z 100040a0 f i POSPower.obj
 0001:00003124       ?Add@?$CSimpleMap@PA_WPA_WVCExpansionVectorEqualHelper@ATL@@@ATL@@QAEHABQA_W0@Z 10004124 f i POSPower.obj
 0001:00003179       ?Add@CComDynamicUnkArray@ATL@@QAEKPAUIUnknown@@@Z 10004179 f i POSPower.obj
 0001:00003234       ?Add@CExpansionVector@ATL@@QAEHPB_W0@Z 10004234 f i POSPower.obj
 0001:00003338       ?AddString@CParseBuffer@CRegParser@ATL@@QAEHPB_W@Z 10004338 f i POSPower.obj
 0001:0000336d       ?AddValue@CRegParser@ATL@@IAEJAAVCRegKey@2@PB_WPA_W@Z 1000436d f i POSPower.obj
 0001:0000368e       ?Allocate@?$CAtlSafeAllocBufferManager@VCCRTAllocator@ATL@@@_ATL_SAFE_ALLOCA_IMPL@ATL@@QAEPAXK@Z 1000468e f i POSPower.obj
 0001:000036bb       ?Allocate@?$CTempBuffer@E$0BAA@VCCRTAllocator@ATL@@@ATL@@QAEPAEI@Z 100046bb f i POSPower.obj
 0001:000036ea       ?Allocate@?$CTempBuffer@_W$0BAA@VCCRTAllocator@ATL@@@ATL@@QAEPA_WI@Z 100046ea f i POSPower.obj
 0001:00003719       ?Allocate@?$CTempBuffer@_W$0EAA@VCCRTAllocator@ATL@@@ATL@@QAEPA_WI@Z 10004719 f i POSPower.obj
 0001:00003748       ?AllocateHeap@?$CTempBuffer@_W$0EAA@VCCRTAllocator@ATL@@@ATL@@AAEXI@Z 10004748 f i POSPower.obj
 0001:00003748       ?AllocateHeap@?$CTempBuffer@E$0BAA@VCCRTAllocator@ATL@@@ATL@@AAEXI@Z 10004748 f i POSPower.obj
 0001:00003748       ?AllocateHeap@?$CTempBuffer@_W$0BAA@VCCRTAllocator@ATL@@@ATL@@AAEXI@Z 10004748 f i POSPower.obj
 0001:0000376d       ?Append@CParseBuffer@CRegParser@ATL@@QAEHPB_WH@Z 1000476d f i POSPower.obj
 0001:000037fb       ?AtlCallTermFunc@ATL@@YGXPAU_ATL_MODULE70@1@@Z 100047fb f i POSPower.obj
 0001:0000383f       ?AtlCoTaskMemCAlloc@ATL@@YAPAXKK@Z 1000483f f i POSPower.obj
 0001:0000386c       ?AtlCoTaskMemRecalloc@ATL@@YAPAXPAXKK@Z 1000486c f i POSPower.obj
 0001:0000389c       ?AtlComModuleGetClassObject@ATL@@YGJPAU_ATL_COM_MODULE70@1@ABU_GUID@@1PAPAX@Z 1000489c f i POSPower.obj
 0001:0000398f       ?AtlComModuleRegisterServer@ATL@@YGJPAU_ATL_COM_MODULE70@1@HPBU_GUID@@@Z 1000498f f i POSPower.obj
 0001:00003a17       ?AtlComModuleUnregisterServer@ATL@@YGJPAU_ATL_COM_MODULE70@1@HPBU_GUID@@@Z 10004a17 f i POSPower.obj
 0001:00003a9f       ?AtlComQIPtrAssign2@ATL@@YAXPAPAUIUnknown@@PAU2@ABU_GUID@@@Z 10004a9f f i POSPower.obj
 0001:00003ace       ?AtlCreateTargetDC@ATL@@YGPAUHDC__@@PAU2@PAUtagDVTARGETDEVICE@@@Z 10004ace f i POSPower.obj
 0001:00003b37       ?AtlCrtErrorCheck@ATL@@YAHH@Z 10004b37 f i POSPower.obj
 0001:00003b72       ?AtlHiMetricToPixel@ATL@@YGXPBUtagSIZE@@PAU2@@Z 10004b72 f i POSPower.obj
 0001:00003be7       ?AtlHresultFromLastError@ATL@@YAJXZ 10004be7 f i POSPower.obj
 0001:00003bfe       ?AtlHresultFromWin32@ATL@@YAJK@Z 10004bfe f i POSPower.obj
 0001:00003c13       ?AtlIPersistStreamInit_Load@ATL@@YGJPAUIStream@@PBUATL_PROPMAP_ENTRY@1@PAXPAUIUnknown@@@Z 10004c13 f i POSPower.obj
 0001:00003df3       ?AtlIPersistStreamInit_Save@ATL@@YGJPAUIStream@@HPBUATL_PROPMAP_ENTRY@1@PAXPAUIUnknown@@@Z 10004df3 f i POSPower.obj
 0001:00003f8b       ?AtlInternalOleLoadFromStream@ATL@@YAJPAUIStream@@ABU_GUID@@PAPAXTClassesAllowedInStream@1@K@Z 10004f8b f i POSPower.obj
 0001:000040b1       ?AtlInternalQueryInterface@ATL@@YGJPAXPBU_ATL_INTMAP_ENTRY@1@ABU_GUID@@PAPAX@Z 100050b1 f i POSPower.obj
 0001:00004154       ?AtlLoadTypeLib@ATL@@YGJPAUHINSTANCE__@@PB_WPAPA_WPAPAUITypeLib@@@Z 10005154 f i POSPower.obj
 0001:00004332       ?AtlModuleAddTermFunc@ATL@@YGJPAU_ATL_MODULE70@1@P6GXK@ZK@Z 10005332 f i POSPower.obj
 0001:0000438f       ?AtlRegisterClassCategoriesHelper@ATL@@YGJABU_GUID@@PBU_ATL_CATMAP_ENTRY@1@H@Z 1000538f f i POSPower.obj
 0001:0000466f       ?AtlRegisterTypeLib@ATL@@YGJPAUHINSTANCE__@@PB_W@Z 1000566f f i POSPower.obj
 0001:000047f7       ?AtlThrowImpl@ATL@@YGXJ@Z  100057f7 f i POSPower.obj
 0001:00004815       ?AtlUnRegisterTypeLib@ATL@@YGJPAUHINSTANCE__@@PB_W@Z 10005815 f i POSPower.obj
 0001:000048c0       ?AtlWinModuleAddCreateWndData@ATL@@YGXPAU_ATL_WIN_MODULE70@1@PAU_AtlCreateWndData@1@PAX@Z 100058c0 f i POSPower.obj
 0001:00004914       ?AtlWinModuleExtractCreateWndData@ATL@@YGPAXPAU_ATL_WIN_MODULE70@1@@Z 10005914 f i POSPower.obj
 0001:00004977       ?AtlWinModuleRegisterClassExW@ATL@@YGGPAU_ATL_WIN_MODULE70@1@PBUtagWNDCLASSEXW@@@Z 10005977 f i POSPower.obj
 0001:000049b6       ?CanForceRemoveKey@CRegParser@ATL@@IAEHPB_W@Z 100059b6 f i POSPower.obj
 0001:000049e5       ?ChToByte@CRegParser@ATL@@KAE_W@Z 100059e5 f i POSPower.obj
 0001:00004a18       ?Cleanup@CComTypeInfoHolder@ATL@@SGXK@Z 10005a18 f i POSPower.obj
 0001:00004a4b       ?ClearReplacements@CExpansionVector@ATL@@QAEJXZ 10005a4b f i POSPower.obj
 0001:00004a88       ?Close@CRegKey@ATL@@QAEJXZ 10005a88 f i POSPower.obj
 0001:00004aa2       ?CreateInstance@?$CComCreator@V?$CComAggObject@VCOPOSPOSPower@@@ATL@@@ATL@@SGJPAXABU_GUID@@PAPAX@Z 10005aa2 f i POSPower.obj
 0001:00004b18       ?CreateInstance@?$CComCreator@V?$CComObject@VCOPOSPOSPower@@@ATL@@@ATL@@SGJPAXABU_GUID@@PAPAX@Z 10005b18 f i POSPower.obj
 0001:00004b99       ?CreateInstance@?$CComObject@V?$CComEnum@UIEnumConnectionPoints@@$1?_GUID_b196b285_bab4_101a_b69c_00aa00341d07@@3U__s_GUID@@BPAUIConnectionPoint@@V?$_CopyInterface@UIConnectionPoint@@@ATL@@VCComSingleThreadModel@6@@ATL@@@ATL@@SGJPAPAV12@@Z 10005b99 f i POSPower.obj
 0001:00004be0       ?CreateInstance@?$CComObject@V?$CComEnum@UIEnumConnections@@$1?_GUID_b196b287_bab4_101a_b69c_00aa00341d07@@3U__s_GUID@@BUtagCONNECTDATA@@V?$_Copy@UtagCONNECTDATA@@@ATL@@VCComSingleThreadModel@6@@ATL@@@ATL@@SGJPAPAV12@@Z 10005be0 f i POSPower.obj
 0001:00004c27       ?DefaultReflectionHandler@?$CWindowImplRoot@VCWindow@ATL@@@ATL@@SAHPAUHWND__@@IIJAAJ@Z 10005c27 f i POSPower.obj
 0001:00004c9a       ?DeleteSubKey@CRegKey@ATL@@QAEJPB_W@Z 10005c9a f i POSPower.obj
 0001:00004d13       ?DoEvent@COPOSPOSPower@@IAEXIIJ@Z 10005d13 f i POSPower.obj
 0001:00004d93       ?DoVerbHide@?$IOleObjectImpl@VCOPOSPOSPower@@@ATL@@QAEJPBUtagRECT@@PAUHWND__@@@Z 10005d93 f i POSPower.obj
 0001:00004dc9       ?DoVerbInPlaceActivate@?$IOleObjectImpl@VCOPOSPOSPower@@@ATL@@QAEJPBUtagRECT@@PAUHWND__@@@Z 10005dc9 f i POSPower.obj
 0001:00004dfc       ?DoVerbPrimary@?$IOleObjectImpl@VCOPOSPOSPower@@@ATL@@QAEJPBUtagRECT@@PAUHWND__@@@Z 10005dfc f i POSPower.obj
 0001:00004e88       ?DoVerbProperties@CComControlBase@ATL@@QAEJPBUtagRECT@@PAUHWND__@@@Z 10005e88 f i POSPower.obj
 0001:00004faf       ?DoVerbShow@?$IOleObjectImpl@VCOPOSPOSPower@@@ATL@@QAEJPBUtagRECT@@PAUHWND__@@@Z 10005faf f i POSPower.obj
 0001:00004fd4       ?DoVerbUIActivate@?$IOleObjectImpl@VCOPOSPOSPower@@@ATL@@QAEJPBUtagRECT@@PAUHWND__@@@Z 10005fd4 f i POSPower.obj
 0001:00005011       ?DoesVerbActivate@CComControlBase@ATL@@QAEHJ@Z 10006011 f i POSPower.obj
 0001:00005032       ?DoesVerbUIActivate@CComControlBase@ATL@@QAEHJ@Z 10006032 f i POSPower.obj
 0001:00005067       ?EndOfVar@CRegParser@ATL@@IAEHXZ 10006067 f i POSPower.obj
 0001:00005087       ?EscapeSingleQuote@CAtlModule@ATL@@SAXPA_WIPB_W@Z 10006087 f i POSPower.obj
 0001:000050d6       ?FindKey@?$CSimpleMap@PA_WPA_WVCExpansionVectorEqualHelper@ATL@@@ATL@@QBEHABQA_W@Z 100060d6 f i POSPower.obj
 0001:0000510d       ?FireTheEvent@?$CProxy_IOPOSEvents@VCOPOSPOSPower@@@@IAEXPAVOposVariant@@IAAJPB_WJ@Z 1000610d f i POSPower.obj
 0001:0000519f       ?FireViewChange@CComControlBase@ATL@@QAEJXZ 1000619f f i POSPower.obj
 0001:000051e8       ?Fire_DirectIOEvent@?$CProxy_IOPOSEvents@VCOPOSPOSPower@@@@QAEXJPAJPAPA_W@Z 100061e8 f i POSPower.obj
 0001:000052ce       ?Fire_StatusUpdateEvent@?$CProxy_IOPOSEvents@VCOPOSPOSPower@@@@QAEXJ@Z 100062ce f i POSPower.obj
 0001:0000535a       ?FreeHeap@?$CTempBuffer@_W$0EAA@VCCRTAllocator@ATL@@@ATL@@AAEXXZ 1000635a f i POSPower.obj
 0001:0000535a       ?FreeHeap@?$CTempBuffer@_W$0BAA@VCCRTAllocator@ATL@@@ATL@@AAEXXZ 1000635a f i POSPower.obj
 0001:0000535a       ?FreeHeap@?$CTempBuffer@E$0BAA@VCCRTAllocator@ATL@@@ATL@@AAEXXZ 1000635a f i POSPower.obj
 0001:00005363       ?GetAmbientLocaleID@CComControlBase@ATL@@QAEJAAK@Z 10006363 f i POSPower.obj
 0001:000053bf       ?GetAmbientUserMode@CComControlBase@ATL@@QAEJAAH@Z 100063bf f i POSPower.obj
 0001:0000542f       ?GetAt@CComDynamicUnkArray@ATL@@QAEPAUIUnknown@@H@Z 1000642f f i POSPower.obj
 0001:0000544b       ?GetClassObject@CComModule@ATL@@QAEJABU_GUID@@0PAPAX@Z 1000644b f i POSPower.obj
 0001:000054ed       ?GetConnMap@COPOSPOSPower@@SAPBU_ATL_CONNMAP_ENTRY@ATL@@PAH@Z 100064ed f i POSPower.obj
 0001:0000555d       ?GetCookie@CComDynamicUnkArray@ATL@@QAGKPAPAUIUnknown@@@Z 1000655d f i POSPower.obj
 0001:00005595       ?GetIDsOfNames@CComTypeInfoHolder@ATL@@QAEJABU_GUID@@PAPA_WIKPAJ@Z 10006595 f i POSPower.obj
 0001:000056a3       ?GetKeyAt@?$CSimpleMap@PA_WPA_WVCExpansionVectorEqualHelper@ATL@@@ATL@@QBEAAPA_WH@Z 100066a3 f i POSPower.obj
 0001:000056c8       ?GetPagesHelper@?$ISpecifyPropertyPagesImpl@VCOPOSPOSPower@@@ATL@@IAEJPAUtagCAUUID@@PBUATL_PROPMAP_ENTRY@2@@Z 100066c8 f i POSPower.obj
 0001:000057ef       ?GetProperty@?$CComPtr@UIDispatch@@@ATL@@SAJPAUIDispatch@@JPAUtagVARIANT@@@Z 100067ef f i POSPower.obj
 0001:0000583e       ?GetSizeMax@CComVariant@ATL@@QBEJPAT_ULARGE_INTEGER@@@Z 1000683e f i POSPower.obj
 0001:000059f8       ?GetStreamSize@CComBSTR@ATL@@SAKPA_W@Z 100069f8 f i POSPower.obj
 0001:00005a12       ?GetTI@CComTypeInfoHolder@ATL@@QAEJK@Z 10006a12 f i POSPower.obj
 0001:00005bfb       ?GetTI@CComTypeInfoHolder@ATL@@QAEJKPAPAUITypeInfo@@@Z 10006bfb f i POSPower.obj
 0001:00005c3d       ?GetUnknown@CComDynamicUnkArray@ATL@@QAGPAUIUnknown@@K@Z 10006c3d f i POSPower.obj
 0001:00005c5e       ?GetValueAt@?$CSimpleMap@PA_WPA_WVCExpansionVectorEqualHelper@ATL@@@ATL@@QBEAAPA_WH@Z 10006c5e f i POSPower.obj
 0001:00005c84       ?GetZoomInfo@CComControlBase@ATL@@QAEXAAUATL_DRAWINFO@@@Z 10006c84 f i POSPower.obj
 0001:00005d17       ?HKeyFromString@CRegParser@ATL@@KAPAUHKEY__@@PA_W@Z 10006d17 f i POSPower.obj
 0001:00005d45       ?HasSubKeys@CRegParser@ATL@@IAEHPAUHKEY__@@@Z 10006d45 f i POSPower.obj
 0001:00005d7a       ?IDataObject_GetData@CComControlBase@ATL@@QAEJPAUtagFORMATETC@@PAUtagSTGMEDIUM@@@Z 10006d7a f i POSPower.obj
 0001:00005f20       ?IOleInPlaceObject_InPlaceDeactivate@CComControlBase@ATL@@QAEJXZ 10006f20 f i POSPower.obj
 0001:00005fa7       ?IOleInPlaceObject_SetObjectRects@CComControlBase@ATL@@QAEJPBUtagRECT@@0@Z 10006fa7 f i POSPower.obj
 0001:00006074       ?IOleInPlaceObject_UIDeactivate@CComControlBase@ATL@@QAEJXZ 10007074 f i POSPower.obj
 0001:00006136       ?IOleObject_Advise@CComControlBase@ATL@@QAEJPAUIAdviseSink@@PAK@Z 10007136 f i POSPower.obj
 0001:00006160       ?IOleObject_Close@CComControlBase@ATL@@QAEJK@Z 10007160 f i POSPower.obj
 0001:00006244       ?IOleObject_GetClientSite@CComControlBase@ATL@@QAEJPAPAUIOleClientSite@@@Z 10007244 f i POSPower.obj
 0001:0000626d       ?IOleObject_SetClientSite@CComControlBase@ATL@@QAEJPAUIOleClientSite@@@Z 1000726d f i POSPower.obj
 0001:000062ac       ?IOleObject_SetExtent@CComControlBase@ATL@@QAEJKPAUtagSIZE@@@Z 100072ac f i POSPower.obj
 0001:00006360       ?IPSI_GetIPersistStreamInit@?$IPersistStorageImpl@VCOPOSPOSPower@@@ATL@@AAEPAUIPersistStreamInit@@XZ 10007360 f i POSPower.obj
 0001:000063a2       ?IPersistStreamInit_Load@?$IPersistStreamInitImpl@VCOPOSPOSPower@@@ATL@@QAEJPAUIStream@@PBUATL_PROPMAP_ENTRY@2@@Z 100073a2 f i POSPower.obj
 0001:000063ce       ?IPersistStreamInit_Save@?$IPersistStreamInitImpl@VCOPOSPOSPower@@@ATL@@QAEJPAUIStream@@HPBUATL_PROPMAP_ENTRY@2@@Z 100073ce f i POSPower.obj
 0001:00006403       ?IQuickActivate_QuickActivate@CComControlBase@ATL@@QAEJPAUtagQACONTAINER@@PAUtagQACONTROL@@@Z 10007403 f i POSPower.obj
 0001:00006645       ?IViewObject_Draw@CComControlBase@ATL@@QAEJKJPAXPAUtagDVTARGETDEVICE@@PAUHDC__@@2PBU_RECTL@@3@Z 10007645 f i POSPower.obj
 0001:000066ed       ?InPlaceActivate@CComControlBase@ATL@@QAEJJPBUtagRECT@@@Z 100076ed f i POSPower.obj
 0001:0000695e       ?Init@?$CComEnumImpl@UIEnumConnectionPoints@@$1?_GUID_b196b285_bab4_101a_b69c_00aa00341d07@@3U__s_GUID@@BPAUIConnectionPoint@@V?$_CopyInterface@UIConnectionPoint@@@ATL@@@ATL@@QAEJPAPAUIConnectionPoint@@0PAUIUnknown@@W4CComEnumFlags@2@@Z 1000795e f i POSPower.obj
 0001:00006a3d       ?Init@?$CComEnumImpl@UIEnumConnections@@$1?_GUID_b196b287_bab4_101a_b69c_00aa00341d07@@3U__s_GUID@@BUtagCONNECTDATA@@V?$_Copy@UtagCONNECTDATA@@@ATL@@@ATL@@QAEJPAUtagCONNECTDATA@@0PAUIUnknown@@W4CComEnumFlags@2@@Z 10007a3d f i POSPower.obj
 0001:00006b1c       ?Init@CComModule@ATL@@QAEJPAU_ATL_OBJMAP_ENTRY30@2@PAUHINSTANCE__@@PBU_GUID@@@Z 10007b1c f i POSPower.obj
 0001:00006b7b       ?Init@CDynamicStdCallThunk2@ATL@@QAEHKPAX@Z 10007b7b f i POSPower.obj
 0001:00006ba6       ?InlineIsEqualUnknown@ATL@@YGHABU_GUID@@@Z 10007ba6 f i POSPower.obj
 0001:00006bce       ?InternalGetSite@CComControlBase@ATL@@QAEJABU_GUID@@PAPAX@Z 10007bce f i POSPower.obj
 0001:00006bfc       ?InternalSetAtIndex@?$CSimpleMap@PA_WPA_WVCExpansionVectorEqualHelper@ATL@@@ATL@@QAEXHABQA_W0@Z 10007bfc f i POSPower.obj
 0001:00006c26       ?Invoke@CComTypeInfoHolder@ATL@@QAEJPAUIDispatch@@JABU_GUID@@KGPAUtagDISPPARAMS@@PAUtagVARIANT@@PAUtagEXCEPINFO@@PAI@Z 10007c26 f i POSPower.obj
 0001:00006c69       ?IsEqualObject@?$CComPtrBase@UIOleClientSite@@@ATL@@QAE_NPAUIUnknown@@@Z 10007c69 f i POSPower.obj
 0001:00006c69       ?IsEqualObject@?$CComPtrBase@UITypeInfo@@@ATL@@QAE_NPAUIUnknown@@@Z 10007c69 f i POSPower.obj
 0001:00006cd6       ?IsSpace@CRegParser@ATL@@IAEH_W@Z 10007cd6 f i POSPower.obj
 0001:00006d00       ?LoadNameCache@CComTypeInfoHolder@ATL@@QAEJPAUITypeInfo@@@Z 10007d00 f i POSPower.obj
 0001:00006e4e       ?Lookup@?$CSimpleMap@PA_WPA_WVCExpansionVectorEqualHelper@ATL@@@ATL@@QBEPA_WABQA_W@Z 10007e4e f i POSPower.obj
 0001:00006e74       ?NextToken@CRegParser@ATL@@IAEJPA_W@Z 10007e74 f i POSPower.obj
 0001:00006fac       ?OnKillFocus@CComControlBase@ATL@@QAEJIIJAAH@Z 10007fac f i POSPower.obj
 0001:00007007       ?OnMouseActivate@CComControlBase@ATL@@QAEJIIJAAH@Z 10008007 f i POSPower.obj
 0001:00007075       ?OnPaint@CComControlBase@ATL@@QAEJIIJAAH@Z 10008075 f i POSPower.obj
 0001:00007127       ?OnSetFocus@CComControlBase@ATL@@QAEJIIJAAH@Z 10008127 f i POSPower.obj
 0001:000071b0       ?Open@CRegKey@ATL@@QAEJPAUHKEY__@@PB_WK@Z 100081b0 f i POSPower.obj
 0001:00007205       ?PreProcessBuffer@CRegParser@ATL@@QAEJPA_WPAPA_W@Z 10008205 f i POSPower.obj
 0001:0000746f       ?ProcessWindowMessage@?$CComControl@VCOPOSPOSPower@@V?$CWindowImpl@VCOPOSPOSPower@@VCWindow@ATL@@V?$CWinTraits@$0FGAAAAAA@$0A@@3@@ATL@@@ATL@@UAEHPAUHWND__@@IIJAAJK@Z 1000846f f i POSPower.obj
 0001:0000750e       ?PutProperty@?$CComPtr@UIDispatch@@@ATL@@SAJPAUIDispatch@@JPAUtagVARIANT@@@Z 1000850e f i POSPower.obj
 0001:000075a0       ?ReadFromStream@CComBSTR@ATL@@QAEJPAUIStream@@@Z 100085a0 f i POSPower.obj
 0001:000076ce       ?ReadFromStream@CComVariant@ATL@@QAEJPAUIStream@@GTClassesAllowedInStream@2@K@Z 100086ce f i POSPower.obj
 0001:00007854       ?RecurseDeleteKey@CRegKey@ATL@@QAEJPB_W@Z 10008854 f i POSPower.obj
 0001:00007916       ?RegCreateKeyExW@CAtlTransactionManager@ATL@@QAEJPAUHKEY__@@PB_WKPA_WKKQAU_SECURITY_ATTRIBUTES@@PAPAU3@PAK@Z 10008916 f i POSPower.obj
 0001:00007979       ?RegDeleteKeyW@CAtlTransactionManager@ATL@@QAEJPAUHKEY__@@PB_W@Z 10008979 f i POSPower.obj
 0001:000079cb       ?RegOpenKeyExW@CAtlTransactionManager@ATL@@QAEJPAUHKEY__@@PB_WKKPAPAU3@@Z 100089cb f i POSPower.obj
 0001:00007a22       ?Register@_ATL_WNDCLASSINFOW@ATL@@QAEGPAP6GJPAUHWND__@@IIJ@Z@Z 10008a22 f i POSPower.obj
 0001:00007a42       ?RegisterBuffer@CRegParser@ATL@@QAEJPA_WH@Z 10008a42 f i POSPower.obj
 0001:00007b7b       ?RegisterFromResource@CRegObject@ATL@@IAEJPB_W00H@Z 10008b7b f i POSPower.obj
 0001:00007cb1       ?RegisterServer@?$CAtlModuleT@VCComModule@ATL@@@ATL@@QAEJHPBU_GUID@@@Z 10008cb1 f i POSPower.obj
 0001:00007cdf       ?RegisterServer@CComModule@ATL@@QAEJHPBU_GUID@@@Z 10008cdf f i POSPower.obj
 0001:00007d55       ?RegisterSubkeys@CRegParser@ATL@@IAEJPA_WPAUHKEY__@@HH@Z 10008d55 f i POSPower.obj
 0001:00008324       ?Remove@CComDynamicUnkArray@ATL@@QAEHK@Z 10009324 f i POSPower.obj
 0001:0000834d       ?RemoveAll@?$CSimpleMap@PA_WPA_WVCExpansionVectorEqualHelper@ATL@@@ATL@@QAEXXZ 1000934d f i POSPower.obj
 0001:00008379       ?ResourceRegisterSz@CRegObject@ATL@@QAGJPB_W00@Z 10009379 f i POSPower.obj
 0001:000083a6       ?ResourceUnregisterSz@CRegObject@ATL@@QAGJPB_W00@Z 100093a6 f i POSPower.obj
 0001:000083d3       ?SendOnDataChange@CComControlBase@ATL@@QAEJK@Z 100093d3 f i POSPower.obj
 0001:00008420       ?SetControlFocus@CComControlBase@ATL@@QAEHH@Z 10009420 f i POSPower.obj
 0001:000084bd       ?SetMultiStringValue@CRegKey@ATL@@QAEJPB_W0@Z 100094bd f i POSPower.obj
 0001:00008519       ?SetStringValue@CRegKey@ATL@@QAEJPB_W0K@Z 10009519 f i POSPower.obj
 0001:00008562       ?SkipAssignment@CRegParser@ATL@@IAEJPA_W@Z 10009562 f i POSPower.obj
 0001:000085c7       ?SkipWhiteSpace@CRegParser@ATL@@IAEXXZ 100095c7 f i POSPower.obj
 0001:000085e9       ?StrChrW@CRegParser@ATL@@KAPA_WPA_W_W@Z 100095e9 f i POSPower.obj
 0001:00008626       ?Term@CAtlModule@ATL@@QAEXXZ 10009626 f i POSPower.obj
 0001:0000865f       ?Term@CComModule@ATL@@QAEXXZ 1000965f f i POSPower.obj
 0001:000086b7       ?UnregisterServer@?$CAtlModuleT@VCComModule@ATL@@@ATL@@QAEJHPBU_GUID@@@Z 100096b7 f i POSPower.obj
 0001:000086dd       ?UnregisterServer@CComModule@ATL@@QAEJHPBU_GUID@@@Z 100096dd f i POSPower.obj
 0001:00008753       ?UpdateRegistryFromResource@CAtlModule@ATL@@QAGJIHPAU_ATL_REGMAP_ENTRY@2@@Z 10009753 f i POSPower.obj
 0001:0000891e       ?UpdateRegistryFromResource@CAtlModule@ATL@@QAGJPB_WHPAU_ATL_REGMAP_ENTRY@2@@Z 1000991e f i POSPower.obj
 0001:00008aef       ?VTFromRegType@CRegParser@ATL@@KAHPB_WAAG@Z 10009aef f i POSPower.obj
 0001:00008b5c       ?WindowProc@?$CWindowImplBaseT@VCWindow@ATL@@V?$CWinTraits@$0FGAAAAAA@$0A@@2@@ATL@@SGJPAUHWND__@@IIJ@Z 10009b5c f i POSPower.obj
 0001:00008c4e       ?WriteToStream@CComBSTR@ATL@@QAEJPAUIStream@@@Z 10009c4e f i POSPower.obj
 0001:00008ca5       ?WriteToStream@CComVariant@ATL@@QAEJPAUIStream@@@Z 10009ca5 f i POSPower.obj
 0001:00008e1f       ?WriteToStream@CComVariant@ATL@@QAEJPAUIStream@@G@Z 10009e1f f i POSPower.obj
 0001:00008e88       ?_AtlInitialConstruct@?$CComObjectRootEx@VCComMultiThreadModel@ATL@@@ATL@@QAEJXZ 10009e88 f i POSPower.obj
 0001:00008e9d       ?_AtlVerifyStackAvailable@_ATL_SAFE_ALLOCA_IMPL@ATL@@YA_NK@Z 10009e9d f i POSPower.obj
 0001:00008f1b       ?atlCreate@?$CWindowImpl@VCOPOSPOSPower@@VCWindow@ATL@@V?$CWinTraits@$0FGAAAAAA@$0A@@3@@ATL@@QAEPAUHWND__@@PAU3@V_U_RECT@2@PB_WKKV_U_MENUorID@2@PAX@Z 10009f1b f i POSPower.obj
 0001:00008f5f       ?atlCreate@?$CWindowImplBaseT@VCWindow@ATL@@V?$CWinTraits@$0FGAAAAAA@$0A@@2@@ATL@@QAEPAUHWND__@@PAU3@V_U_RECT@2@PB_WKKV_U_MENUorID@2@GPAX@Z 10009f5f f i POSPower.obj
 0001:00008ffb       ?atlCreate@CRegKey@ATL@@QAEJPAUHKEY__@@PB_WPA_WKKPAU_SECURITY_ATTRIBUTES@@PAK@Z 10009ffb f i POSPower.obj
 0001:0000906a       ?copy@?$_Copy@UtagCONNECTDATA@@@ATL@@SAJPAUtagCONNECTDATA@@PBU3@@Z 1000a06a f i POSPower.obj
 0001:000090a0       ?copy@?$_CopyInterface@UIConnectionPoint@@@ATL@@SAJPAPAUIConnectionPoint@@PBQAU3@@Z 1000a0a0 f i POSPower.obj
 0001:000090ce       ?memcpy_s@Checked@ATL@@YAXPAXIPBXI@Z 1000a0ce f i POSPower.obj
 0001:000090ed       ?ocscpy_s@@YA_NPA_WIPB_W@Z 1000a0ed f i POSPower.obj
 0001:0000911c       ?ocslen@@YAHPB_W@Z         1000a11c f i POSPower.obj
 0001:0000913c       ?wcscpy_s@Checked@ATL@@YAXPA_WIPB_W@Z 1000a13c f i POSPower.obj
 0001:00009158       _DllCanUnloadNow@0         1000a158 f   POSPower.obj
 0001:00009164       _DllGetClassObject@12      1000a164 f   POSPower.obj
 0001:00009172       _DllMain@12                1000a172 f   POSPower.obj
 0001:000091b4       _DllRegisterServer@0       1000a1b4 f   POSPower.obj
 0001:000091c3       _DllUnregisterServer@0     1000a1c3 f   POSPower.obj
 0001:000091d2       _InlineIsEqualGUID         1000a1d2 f i POSPower.obj
 0001:00009202       ___local_stdio_printf_options 1000a202 f i POSPower.obj
 0001:00009208       __vswprintf_s_l            1000a208 f i POSPower.obj
 0001:000092b5       _swprintf_s                1000a2b5 f i POSPower.obj
 0001:000092d1       ??0?$CComControl@VCOPOSPOSPower@@V?$CWindowImpl@VCOPOSPOSPower@@VCWindow@ATL@@V?$CWinTraits@$0FGAAAAAA@$0A@@3@@ATL@@@ATL@@QAE@XZ 1000a2d1 f i POSPowerImpl.obj
 0001:000092f8       ??0CComControlBase@ATL@@QAE@AAPAUHWND__@@@Z 1000a2f8 f i POSPowerImpl.obj
 0001:00009342       ??0COPOSPOSPower@@QAE@XZ   1000a342 f   POSPowerImpl.obj
 0001:00009391       ??1?$CComControl@VCOPOSPOSPower@@V?$CWindowImpl@VCOPOSPOSPower@@VCWindow@ATL@@V?$CWinTraits@$0FGAAAAAA@$0A@@3@@ATL@@@ATL@@UAE@XZ 1000a391 f i POSPowerImpl.obj
 0001:000093aa       ??1?$IConnectionPointImpl@VCOPOSPOSPower@@$1?IID_IPropertyNotifySink@@3U_GUID@@BVCComDynamicUnkArray@ATL@@@ATL@@QAE@XZ 1000a3aa f i POSPowerImpl.obj
 0001:000093aa       ??1?$IConnectionPointImpl@VCOPOSPOSPower@@$1?DIID__IOPOSPOSPowerEvents@@3U_GUID@@BVCComDynamicUnkArray@ATL@@@ATL@@QAE@XZ 1000a3aa f i POSPowerImpl.obj
 0001:000093e7       ??1CComControlBase@ATL@@UAE@XZ 1000a3e7 f i POSPowerImpl.obj
 0001:0000944a       ??1COPOSPOSPower@@UAE@XZ   1000a44a f   POSPowerImpl.obj
 0001:00009492       ??1OposVariantResult@@QAE@XZ 1000a492 f i POSPowerImpl.obj
 0001:000094b3       ??1_CW@@QAE@XZ             1000a4b3 f i POSPowerImpl.obj
 0001:000094cc       ?CheckHealth@COPOSPOSPower@@UAGJJPAJ@Z 1000a4cc f   POSPowerImpl.obj
 0001:0000951b       ?ClaimDevice@COPOSPOSPower@@UAGJJPAJ@Z 1000a51b f   POSPowerImpl.obj
 0001:00009589       ?Close@COPOSPOSPower@@UAGJPAJ@Z 1000a589 f   POSPowerImpl.obj
 0001:000095f7       ?CompareFirmwareVersion@COPOSPOSPower@@UAGJPA_WPAJ1@Z 1000a5f7 f   POSPowerImpl.obj
 0001:00009677       ?DirectIO@COPOSPOSPower@@UAGJJPAJPAPA_W0@Z 1000a677 f   POSPowerImpl.obj
 0001:00009725       ?DoInvoke@COPOSPOSPower@@IAEJJPAVOposVariant@@IHPAJ_N@Z 1000a725 f   POSPowerImpl.obj
 0001:000097e7       ?EventClose@COPOSPOSPower@@IAEXXZ 1000a7e7 f i POSPowerImpl.obj
 0001:0000981a       ?EventInit@COPOSPOSPower@@IAEJXZ 1000a81a f i POSPowerImpl.obj
 0001:000098e6       ?EventUninit@COPOSPOSPower@@IAEXXZ 1000a8e6 f i POSPowerImpl.obj
 0001:00009938       ?EventWindowProc@COPOSPOSPower@@IAGJIIJ@Z 1000a938 f i POSPowerImpl.obj
 0001:000099af       ?FinalConstruct@COPOSPOSPower@@QAEJXZ 1000a9af f   POSPowerImpl.obj
 0001:000099e8       ?FireEventCleanup@COPOSPOSPower@@IAEXXZ 1000a9e8 f i POSPowerImpl.obj
 0001:000099fe       ?FireEventSetup@COPOSPOSPower@@IAE_NXZ 1000a9fe f i POSPowerImpl.obj
 0001:00009a32       ?FreezeEvents@COPOSPOSPower@@MAGJH@Z 1000aa32 f   POSPowerImpl.obj
 0001:00009a83       ?GetOposProp@COPOSPOSPower@@IAEJJPAFJ@Z 1000aa83 f   POSPowerImpl.obj
 0001:00009aa6       ?GetOposProp@COPOSPOSPower@@IAEJJPAJJ@Z 1000aaa6 f   POSPowerImpl.obj
 0001:00009b64       ?GetOposProp@COPOSPOSPower@@IAEJJPAPA_WJ@Z 1000ab64 f   POSPowerImpl.obj
 0001:00009c2f       ?OnDraw@COPOSPOSPower@@MAEJAAUATL_DRAWINFO@@@Z 1000ac2f f   POSPowerImpl.obj
 0001:00009ccf       ?Open@COPOSPOSPower@@UAGJPA_WPAJ@Z 1000accf f   POSPowerImpl.obj
 0001:0000a46d       ?ReleaseDevice@COPOSPOSPower@@UAGJPAJ@Z 1000b46d f   POSPowerImpl.obj
 0001:0000a4a4       ?ResetStatistics@COPOSPOSPower@@UAGJPA_WPAJ@Z 1000b4a4 f   POSPowerImpl.obj
 0001:0000a4fb       ?RestartPOS@COPOSPOSPower@@UAGJPAJ@Z 1000b4fb f   POSPowerImpl.obj
 0001:0000a516       ?RetrieveStatistics@COPOSPOSPower@@UAGJPAPA_WPAJ@Z 1000b516 f   POSPowerImpl.obj
 0001:0000a56d       ?SOProcessID@COPOSPOSPower@@UAGJPAJ@Z 1000b56d f   POSPowerImpl.obj
 0001:0000a581       ?SetCOFreezeEvents@COPOSPOSPower@@IAEXF@Z 1000b581 f   POSPowerImpl.obj
 0001:0000a60c       ?SetOposProp@COPOSPOSPower@@IAEJJJJ@Z 1000b60c f   POSPowerImpl.obj
 0001:0000a6ea       ?ShutdownPOS@COPOSPOSPower@@UAGJPAJ@Z 1000b6ea f   POSPowerImpl.obj
 0001:0000a705       ?StandbyPOS@COPOSPOSPower@@UAGJJPAJ@Z 1000b705 f   POSPowerImpl.obj
 0001:0000a754       ?SuspendPOS@COPOSPOSPower@@UAGJJPAJ@Z 1000b754 f   POSPowerImpl.obj
 0001:0000a7a3       ?UpdateFirmware@COPOSPOSPower@@UAGJPA_WPAJ@Z 1000b7a3 f   POSPowerImpl.obj
 0001:0000a7fa       ?UpdateStatistics@COPOSPOSPower@@UAGJPA_WPAJ@Z 1000b7fa f   POSPowerImpl.obj
 0001:0000a851       ?get_BatteryCapacityRemaining@COPOSPOSPower@@UAGJPAJ@Z 1000b851 f   POSPowerImpl.obj
 0001:0000a86a       ?get_BatteryCriticallyLowThreshold@COPOSPOSPower@@UAGJPAJ@Z 1000b86a f   POSPowerImpl.obj
 0001:0000a883       ?get_BatteryLowThreshold@COPOSPOSPower@@UAGJPAJ@Z 1000b883 f   POSPowerImpl.obj
 0001:0000a89c       ?get_BinaryConversion@COPOSPOSPower@@UAGJPAJ@Z 1000b89c f   POSPowerImpl.obj
 0001:0000a8b2       ?get_CapBatteryCapacityRemaining@COPOSPOSPower@@UAGJPAF@Z 1000b8b2 f   POSPowerImpl.obj
 0001:0000a8cb       ?get_CapCompareFirmwareVersion@COPOSPOSPower@@UAGJPAF@Z 1000b8cb f   POSPowerImpl.obj
 0001:0000a8e4       ?get_CapFanAlarm@COPOSPOSPower@@UAGJPAF@Z 1000b8e4 f   POSPowerImpl.obj
 0001:0000a8fd       ?get_CapHeatAlarm@COPOSPOSPower@@UAGJPAF@Z 1000b8fd f   POSPowerImpl.obj
 0001:0000a916       ?get_CapPowerReporting@COPOSPOSPower@@UAGJPAJ@Z 1000b916 f   POSPowerImpl.obj
 0001:0000a92f       ?get_CapQuickCharge@COPOSPOSPower@@UAGJPAF@Z 1000b92f f   POSPowerImpl.obj
 0001:0000a948       ?get_CapRestartPOS@COPOSPOSPower@@UAGJPAF@Z 1000b948 f   POSPowerImpl.obj
 0001:0000a961       ?get_CapShutdownPOS@COPOSPOSPower@@UAGJPAF@Z 1000b961 f   POSPowerImpl.obj
 0001:0000a97a       ?get_CapStandbyPOS@COPOSPOSPower@@UAGJPAF@Z 1000b97a f   POSPowerImpl.obj
 0001:0000a993       ?get_CapStatisticsReporting@COPOSPOSPower@@UAGJPAF@Z 1000b993 f   POSPowerImpl.obj
 0001:0000a9ac       ?get_CapSuspendPOS@COPOSPOSPower@@UAGJPAF@Z 1000b9ac f   POSPowerImpl.obj
 0001:0000a9c5       ?get_CapUPSChargeState@COPOSPOSPower@@UAGJPAJ@Z 1000b9c5 f   POSPowerImpl.obj
 0001:0000a9de       ?get_CapUpdateFirmware@COPOSPOSPower@@UAGJPAF@Z 1000b9de f   POSPowerImpl.obj
 0001:0000a9f7       ?get_CapUpdateStatistics@COPOSPOSPower@@UAGJPAF@Z 1000b9f7 f   POSPowerImpl.obj
 0001:0000aa10       ?get_CapVariableBatteryCriticallyLowThreshold@COPOSPOSPower@@UAGJPAF@Z 1000ba10 f   POSPowerImpl.obj
 0001:0000aa29       ?get_CapVariableBatteryLowThreshold@COPOSPOSPower@@UAGJPAF@Z 1000ba29 f   POSPowerImpl.obj
 0001:0000aa42       ?get_CheckHealthText@COPOSPOSPower@@UAGJPAPA_W@Z 1000ba42 f   POSPowerImpl.obj
 0001:0000aa5b       ?get_Claimed@COPOSPOSPower@@UAGJPAF@Z 1000ba5b f   POSPowerImpl.obj
 0001:0000aa71       ?get_ControlObjectDescription@COPOSPOSPower@@UAGJPAPA_W@Z 1000ba71 f   POSPowerImpl.obj
 0001:0000aaae       ?get_ControlObjectVersion@COPOSPOSPower@@UAGJPAJ@Z 1000baae f   POSPowerImpl.obj
 0001:0000aac1       ?get_DeviceDescription@COPOSPOSPower@@UAGJPAPA_W@Z 1000bac1 f   POSPowerImpl.obj
 0001:0000aada       ?get_DeviceEnabled@COPOSPOSPower@@UAGJPAF@Z 1000bada f   POSPowerImpl.obj
 0001:0000aaf0       ?get_DeviceName@COPOSPOSPower@@UAGJPAPA_W@Z 1000baf0 f   POSPowerImpl.obj
 0001:0000ab09       ?get_EnforcedShutdownDelayTime@COPOSPOSPower@@UAGJPAJ@Z 1000bb09 f   POSPowerImpl.obj
 0001:0000ab22       ?get_FreezeEvents@COPOSPOSPower@@UAGJPAF@Z 1000bb22 f   POSPowerImpl.obj
 0001:0000ab38       ?get_OpenResult@COPOSPOSPower@@UAGJPAJ@Z 1000bb38 f   POSPowerImpl.obj
 0001:0000ab4f       ?get_PowerFailDelayTime@COPOSPOSPower@@UAGJPAJ@Z 1000bb4f f   POSPowerImpl.obj
 0001:0000ab68       ?get_PowerNotify@COPOSPOSPower@@UAGJPAJ@Z 1000bb68 f   POSPowerImpl.obj
 0001:0000ab7e       ?get_PowerSource@COPOSPOSPower@@UAGJPAJ@Z 1000bb7e f   POSPowerImpl.obj
 0001:0000ab97       ?get_PowerState@COPOSPOSPower@@UAGJPAJ@Z 1000bb97 f   POSPowerImpl.obj
 0001:0000abad       ?get_QuickChargeMode@COPOSPOSPower@@UAGJPAF@Z 1000bbad f   POSPowerImpl.obj
 0001:0000abc6       ?get_QuickChargeTime@COPOSPOSPower@@UAGJPAJ@Z 1000bbc6 f   POSPowerImpl.obj
 0001:0000abdf       ?get_ResultCode@COPOSPOSPower@@UAGJPAJ@Z 1000bbdf f   POSPowerImpl.obj
 0001:0000ac1d       ?get_ResultCodeExtended@COPOSPOSPower@@UAGJPAJ@Z 1000bc1d f   POSPowerImpl.obj
 0001:0000ac33       ?get_ServiceObjectDescription@COPOSPOSPower@@UAGJPAPA_W@Z 1000bc33 f   POSPowerImpl.obj
 0001:0000ac4c       ?get_ServiceObjectVersion@COPOSPOSPower@@UAGJPAJ@Z 1000bc4c f   POSPowerImpl.obj
 0001:0000ac62       ?get_State@COPOSPOSPower@@UAGJPAJ@Z 1000bc62 f   POSPowerImpl.obj
 0001:0000ac8e       ?get_UPSChargeState@COPOSPOSPower@@UAGJPAJ@Z 1000bc8e f   POSPowerImpl.obj
 0001:0000aca7       ?put_BatteryCriticallyLowThreshold@COPOSPOSPower@@UAGJJ@Z 1000bca7 f   POSPowerImpl.obj
 0001:0000acc0       ?put_BatteryLowThreshold@COPOSPOSPower@@UAGJJ@Z 1000bcc0 f   POSPowerImpl.obj
 0001:0000acd9       ?put_BinaryConversion@COPOSPOSPower@@UAGJJ@Z 1000bcd9 f   POSPowerImpl.obj
 0001:0000acef       ?put_DeviceEnabled@COPOSPOSPower@@UAGJF@Z 1000bcef f   POSPowerImpl.obj
 0001:0000ad0c       ?put_EnforcedShutdownDelayTime@COPOSPOSPower@@UAGJJ@Z 1000bd0c f   POSPowerImpl.obj
 0001:0000ad25       ?put_FreezeEvents@COPOSPOSPower@@UAGJF@Z 1000bd25 f   POSPowerImpl.obj
 0001:0000ad71       ?put_PowerNotify@COPOSPOSPower@@UAGJJ@Z 1000bd71 f   POSPowerImpl.obj
 0001:0000ad87       ?s_EventWindowProc@COPOSPOSPower@@KGJPAUHWND__@@IIJ@Z 1000bd87 f i POSPowerImpl.obj
 0001:0000add9       ??_U@YAPAXI@Z              1000bdd9 f   LIBCMT:new_array.obj
 0001:0000ade2       ??3@YAXPAXI@Z              1000bde2 f   LIBCMT:delete_scalar_size.obj
 0001:0000adf0       ??_V@YAXPAX@Z              1000bdf0 f   LIBCMT:delete_array.obj
 0001:0000adf5       ??_V@YAXPAXI@Z             1000bdf5 f   LIBCMT:delete_array_size.obj
 0001:0000ae03       ??$__crt_fast_encode_pointer@PAP6AXXZ@@YAPAP6AXXZQAP6AXXZ@Z 1000be03 f i LIBCMT:utility.obj
 0001:0000ae03       ??$__crt_fast_encode_pointer@P6GHPAU_RTL_CONDITION_VARIABLE@@PAU_RTL_CRITICAL_SECTION@@K@Z@@YAP6GHPAU_RTL_CONDITION_VARIABLE@@PAU_RTL_CRITICAL_SECTION@@K@ZQ6GH01K@Z@Z 1000be03 f i LIBCMT:thread_safe_statics.obj
 0001:0000ae03       ??$__crt_fast_encode_pointer@P6GXPAU_RTL_CONDITION_VARIABLE@@@Z@@YAP6GXPAU_RTL_CONDITION_VARIABLE@@@ZQ6GX0@Z@Z 1000be03 f i LIBCMT:thread_safe_statics.obj
 0001:0000ae03       ??$__crt_fast_encode_pointer@PAX@@YAPAXQAX@Z 1000be03 f i libvcruntime:winapi_downlevel.obj
 0001:0000ae64       ___scrt_acquire_startup_lock 1000be64 f   LIBCMT:utility.obj
 0001:0000ae96       ___scrt_dllmain_after_initialize_c 1000be96 f   LIBCMT:utility.obj
 0001:0000aec1       ___scrt_dllmain_before_initialize_c 1000bec1 f   LIBCMT:utility.obj
 0001:0000aecf       ___scrt_dllmain_crt_thread_attach 1000becf f   LIBCMT:utility.obj
 0001:0000aeee       ___scrt_dllmain_crt_thread_detach 1000beee f   LIBCMT:utility.obj
 0001:0000aefb       ___scrt_dllmain_exception_filter 1000befb f   LIBCMT:utility.obj
 0001:0000af2f       ___scrt_dllmain_uninitialize_c 1000bf2f f   LIBCMT:utility.obj
 0001:0000af52       ___scrt_dllmain_uninitialize_critical 1000bf52 f   LIBCMT:utility.obj
 0001:0000af5f       ___scrt_initialize_crt     1000bf5f f   LIBCMT:utility.obj
 0001:0000af98       ___scrt_initialize_onexit_tables 1000bf98 f   LIBCMT:utility.obj
 0001:0000b03d       ___scrt_is_nonwritable_in_current_image 1000c03d f   LIBCMT:utility.obj
 0001:0000b0d1       ___scrt_release_startup_lock 1000c0d1 f   LIBCMT:utility.obj
 0001:0000b0ee       ___scrt_uninitialize_crt   1000c0ee f   LIBCMT:utility.obj
 0001:0000b116       __onexit                   1000c116 f   LIBCMT:utility.obj
 0001:0000b151       _atexit                    1000c151 f   LIBCMT:utility.obj
 0001:0000b166       ??3@YAXPAX@Z               1000c166 f   LIBCMT:delete_scalar.obj
 0001:0000b29d       __Init_thread_footer       1000c29d f   LIBCMT:thread_safe_statics.obj
 0001:0000b2e7       __Init_thread_header       1000c2e7 f   LIBCMT:thread_safe_statics.obj
 0001:0000b339       __Init_thread_notify       1000c339 f   LIBCMT:thread_safe_statics.obj
 0001:0000b37b       __Init_thread_wait         1000c37b f   LIBCMT:thread_safe_statics.obj
 0001:0000b3db       ___raise_securityfailure   1000c3db f   LIBCMT:gs_report.obj
 0001:0000b403       ___report_gsfailure        1000c403 f   LIBCMT:gs_report.obj
 0001:0000b4fc       ___report_rangecheckfailure 1000c4fc f   LIBCMT:gs_report.obj
 0001:0000b508       ___report_securityfailure  1000c508 f   LIBCMT:gs_report.obj
 0001:0000b5d6       ??2@YAPAXIABUnothrow_t@std@@@Z 1000c5d6 f   LIBCMT:new_scalar_nothrow.obj
 0001:0000b626       ??_U@YAPAXIABUnothrow_t@std@@@Z 1000c626 f   LIBCMT:new_array_nothrow.obj
 0001:0000b62f       @__security_check_cookie@4 1000c62f f   LIBCMT:secchk.obj
 0001:0000b640       __SEH_prolog4_GS           1000c640 f   LIBCMT:sehprolg4gs.obj
 0001:0000b689       __SEH_epilog4_GS           1000c689 f   LIBCMT:sehprolg4gs.obj
 0001:0000b6a0       __alloca_probe_16          1000c6a0 f   LIBCMT:alloca16.obj
 0001:0000b6b6       __alloca_probe_8           1000c6b6     LIBCMT:alloca16.obj
 0001:0000b6d0       __alloca_probe             1000c6d0 f   LIBCMT:chkstk.obj
 0001:0000b6d0       __chkstk                   1000c6d0 f   LIBCMT:chkstk.obj
 0001:0000ba1d       __DllMainCRTStartup@12     1000ca1d f   LIBCMT:dll_dllmain.obj
 0001:0000ba40       ??2@YAPAXI@Z               1000ca40 f   LIBCMT:new_scalar.obj
 0001:0000ba70       ___isa_available_init      1000ca70 f   LIBCMT:cpu_disp.obj
 0001:0000bc07       ___scrt_is_ucrt_dll_in_use 1000cc07 f   LIBCMT:ucrt_detection.obj
 0001:0000bc13       ___scrt_fastfail           1000cc13 f   LIBCMT:utility_desktop.obj
 0001:0000bd2d       __crt_debugger_hook        1000cd2d f   LIBCMT:utility_desktop.obj
[...]
 0002:00001ab4       ?candidate_modules@?1??try_get_FlsGetValue@@YAP6GPAXK@ZXZ@4QBW4module_id@?A0x5d2a34d3@@B 1001fab4     libvcruntime:winapi_downlevel.obj
 0002:00001ac8       ?candidate_modules@?1??try_get_FlsSetValue@@YAP6GHKPAX@ZXZ@4QBW4module_id@?A0x5d2a34d3@@B 1001fac8     libvcruntime:winapi_downlevel.obj
 0002:00001adc       ?candidate_modules@?1??try_get_InitializeCriticalSectionEx@@YAP6GHPAU_RTL_CRITICAL_SECTION@@KK@ZXZ@4QBW4module_id@?A0x5d2a34d3@@B 1001fadc     libvcruntime:winapi_downlevel.obj
 0002:00001b20       ?tokenTable@@3QBQBDB       1001fb20     libvcruntime:undname.obj
 0002:00001b60       ?nameTable@@3QBQBDB        1001fb60     libvcruntime:undname.obj
 0002:00001ca8       ?rttiTable@@3QBQBDB        1001fca8     libvcruntime:undname.obj
 0002:000022c0       _errtable                  100202c0     libucrt:errno.obj
 0002:00002568       ___acrt_initializers       10020568     libucrt:initialization.obj
 0002:000025e0       _module_names              100205e0     libucrt:winapi_thunks.obj
 0002:00002b28       ?candidate_modules@?1??try_get_FlsAlloc@@YAP6GKP6GXPAX@Z@ZXZ@4QBW4module_id@?A0x352e5c4b@@B 10020b28     libucrt:winapi_thunks.obj
 0002:00002b3c       ?candidate_modules@?1??try_get_FlsFree@@YAP6GHK@ZXZ@4QBW4module_id@?A0x352e5c4b@@B 10020b3c     libucrt:winapi_thunks.obj
 0002:00002b4c       ?candidate_modules@?1??try_get_FlsGetValue@@YAP6GPAXK@ZXZ@4QBW4module_id@?A0x352e5c4b@@B 10020b4c     libucrt:winapi_thunks.obj
 0002:00002b60       ?candidate_modules@?1??try_get_FlsSetValue@@YAP6GHKPAX@ZXZ@4QBW4module_id@?A0x352e5c4b@@B 10020b60     libucrt:winapi_thunks.obj
 0002:00002b74       ?candidate_modules@?1??try_get_GetCurrentPackageId@@YAP6GJPAIPAE@ZXZ@4QBW4module_id@?A0x352e5c4b@@B 10020b74     libucrt:winapi_thunks.obj
 0002:00002b90       ?candidate_modules@?1??try_get_InitializeCriticalSectionEx@@YAP6GHPAU_RTL_CRITICAL_SECTION@@KK@ZXZ@4QBW4module_id@?A0x352e5c4b@@B 10020b90     libucrt:winapi_thunks.obj
 0002:00002bb4       ?candidate_modules@?1??try_get_LCMapStringEx@@YAP6GHPB_WK0HPA_WHPAU_nlsversioninfo@@PAXJ@ZXZ@4QBW4module_id@?A0x352e5c4b@@B 10020bb4     libucrt:winapi_thunks.obj
 0002:00002bcc       ?candidate_modules@?1??try_get_LocaleNameToLCID@@YAP6GKPB_WK@ZXZ@4QBW4module_id@?A0x352e5c4b@@B 10020bcc     libucrt:winapi_thunks.obj
 0002:00002be8       ?candidate_modules@?1??try_get_SetThreadStackGuarantee@@YAP6GHPAK@ZXZ@4QBW4module_id@?A0x352e5c4b@@B 10020be8     libucrt:winapi_thunks.obj
 0002:00003114       __mb_locale_names          10021114     libucrt:mbctype.obj
 0002:00003960       _LcidToLocaleNameTable     10021960     libucrt:lcidtoname_downlevel.obj
 0002:00004a88       _LocaleNameToIndexTable    10022a88     libucrt:lcidtoname_downlevel.obj
 0002:000063c0       LOG_name                   100243c0     libucrt:log10.obj
 0002:000063d0       _One                       100243d0     libucrt:ceil_pentium4.obj
 0002:000063e0       _Bns                       100243e0     libucrt:ceil_pentium4.obj
 0002:000063f0       _Zero                      100243f0     libucrt:ceil_pentium4.obj
 0002:00006400       _S                         10024400     libucrt:ceil_pentium4.obj
 0002:00006410       _NegZero                   10024410     libucrt:ceil_pentium4.obj
 0002:00006420       emask                      10024420     libucrt:log10_pentium4.obj
 0002:00006430       CC                         10024430     libucrt:log10_pentium4.obj
 0002:00006440       Magic                      10024440     libucrt:log10_pentium4.obj
 0002:00006450       hi_mask                    10024450     libucrt:log10_pentium4.obj
 0002:00006460       LOG10_2                    10024460     libucrt:log10_pentium4.obj
 0002:00006470       place_L                    10024470     libucrt:log10_pentium4.obj
 0002:00006490       One                        10024490     libucrt:log10_pentium4.obj
 0002:000064a0       Zero                       100244a0     libucrt:log10_pentium4.obj
 0002:000064b0       Two52                      100244b0     libucrt:log10_pentium4.obj
 0002:000064c0       Infs                       100244c0     libucrt:log10_pentium4.obj
 0002:000064d0       NaN                        100244d0     libucrt:log10_pentium4.obj
 0002:000064e0       coeff                      100244e0     libucrt:log10_pentium4.obj
 0002:0000653e       _log2max                   1002453e     libucrt:87tran.obj
 0002:00006548       _smallarg                  10024548     libucrt:87tran.obj
 0002:00006552       _half                      10024552     libucrt:87tran.obj
 0002:0000659e       One                        1002459e     libucrt:87disp.obj
 0002:000065a6       Three                      100245a6     libucrt:87disp.obj
 0002:000065ae       XAMtoTagTab                100245ae     libucrt:87disp.obj
 0002:000065c0       One                        100245c0     libucrt:common.obj
 0002:000065d4       DblMax                     100245d4     libucrt:common.obj
 0002:000065dc       DblMin                     100245dc     libucrt:common.obj
 0002:000065e4       IeeeAdjO                   100245e4     libucrt:common.obj
 0002:000065ec       IeeeAdjU                   100245ec     libucrt:common.obj
 0002:000065f4       _infinity                  100245f4     libucrt:common.obj
 0002:000065fc       _zero                      100245fc     libucrt:common.obj
 0002:00006638       _over                      10024638     libucrt:fpctrl.obj
 0002:00006644       _under                     10024644     libucrt:fpctrl.obj
 0002:00006f08       ?_names@?1??_get_fname@@9@9 10024f08     libucrt:fpexcept.obj
 0002:000076d8       __sehtable$?_AtlVerifyStackAvailable@_ATL_SAFE_ALLOCA_IMPL@ATL@@YA_NK@Z 100256d8     POSPower.obj
 0002:000076f8       __sehtable$___scrt_is_nonwritable_in_current_image 100256f8     LIBCMT:utility.obj
 0002:00007714       __ehfuncinfo$?__scrt_initialize_thread_safe_statics_platform_specific@@YAXXZ 10025714     LIBCMT:thread_safe_statics.obj
 0002:00007738       __catchsym$??2@YAPAXIABUnothrow_t@std@@@Z$2 10025738     LIBCMT:new_scalar_nothrow.obj
 0002:00007748       __unwindtable$??2@YAPAXIABUnothrow_t@std@@@Z 10025748     LIBCMT:new_scalar_nothrow.obj
 0002:00007758       __tryblocktable$??2@YAPAXIABUnothrow_t@std@@@Z 10025758     LIBCMT:new_scalar_nothrow.obj
 0002:0000776c       __ehfuncinfo$??2@YAPAXIABUnothrow_t@std@@@Z 1002576c     LIBCMT:new_scalar_nothrow.obj
 0002:00007790       __sehtable$?dllmain_crt_process_attach@@YAHQAUHINSTANCE__@@QAX@Z 10025790     LIBCMT:dll_dllmain.obj
 0002:000077b0       __sehtable$?dllmain_crt_process_detach@@YAH_N@Z 100257b0     LIBCMT:dll_dllmain.obj
 0002:000077d0       __sehtable$?dllmain_dispatch@@YAHQAUHINSTANCE__@@KQAX@Z 100257d0     LIBCMT:dll_dllmain.obj
 0002:00007880       __sehtable$?FrameUnwindToState@__FrameHandler3@@SAXPAUEHRegistrationNode@@PAXPBU_s_FuncInfo@@H@Z 10025880     libvcruntime:frame.obj
 0002:000078a8       __sehtable$?CallCatchBlock@@YAPAXPAUEHExceptionRecord@@PAUEHRegistrationNode@@PAU_CONTEXT@@PBU_s_FuncInfo@@PAXHK@Z 100258a8     libvcruntime:frame.obj
 0002:000078d0       __catchsym$?CallUnexpected@@YAXPBU_s_ESTypeList@@@Z$2 100258d0     libvcruntime:frame.obj
 0002:000078e0       __unwindtable$?CallUnexpected@@YAXPBU_s_ESTypeList@@@Z 100258e0     libvcruntime:frame.obj
 0002:000078f0       __tryblocktable$?CallUnexpected@@YAXPBU_s_ESTypeList@@@Z 100258f0     libvcruntime:frame.obj
 0002:00007904       __ehfuncinfo$?CallUnexpected@@YAXPBU_s_ESTypeList@@@Z 10025904     libvcruntime:frame.obj
 0002:00007928       __sehtable$??$BuildCatchObjectHelperInternal@V__FrameHandler3@@@@YAHPAUEHExceptionRecord@@PAXPBU_s_HandlerType@@PBU_s_CatchableType@@@Z 10025928     libvcruntime:frame.obj
 0002:00007948       __sehtable$??$BuildCatchObjectInternal@V__FrameHandler3@@@@YAXPAUEHExceptionRecord@@PAXPBU_s_HandlerType@@PBU_s_CatchableType@@@Z 10025948     libvcruntime:frame.obj
 0002:000079a0       __sehtable$___DestructExceptionObject 100259a0     libvcruntime:ehhelpers.obj
 0002:000079c0       __sehtable$?common_exit@@YAXHW4_crt_exit_cleanup_mode@@W4_crt_exit_return_mode@@@Z 100259c0     libucrt:exit.obj
 0002:000079e8       __sehtable$??$?RV<lambda_800076c951b434888f4765a74a194fcc>@@AAV<lambda_4e60a939b0d047cfe11ddc22648dfba9>@@V<lambda_6dbb1268764f43b569ce7b67e331d33a>@@@?$__crt_seh_guarded_call@H@@QAEH$$QAV<lambda_800076c951b434888f4765a74a194fcc>@@AAV<lambda_4e60a939b0d047cfe11ddc22648dfba9>@@$$QAV<lambda_6dbb1268764f43b569ce7b67e331d33a>@@@Z 100259e8     libucrt:onexit.obj
 0002:00007a08       __sehtable$??$?RV<lambda_995298e7d72eb4c2aab26c0585b3abe5>@@AAV<lambda_275893d493268fdec8709772e3fcec0e>@@V<lambda_293819299cbf9a7022e18b56a874bb5c>@@@?$__crt_seh_guarded_call@H@@QAEH$$QAV<lambda_995298e7d72eb4c2aab26c0585b3abe5>@@AAV<lambda_275893d493268fdec8709772e3fcec0e>@@$$QAV<lambda_293819299cbf9a7022e18b56a874bb5c>@@@Z 10025a08     libucrt:onexit.obj
 0002:00007a28       __sehtable$__query_new_handler 10025a28     libucrt:new_handler.obj
 0002:00007a48       __sehtable$_terminate      10025a48     libucrt:terminate.obj
 0002:00007a68       __sehtable$??$?RV<lambda_9df27f884b057bc3edfc946cb5b7cf47>@@AAV<lambda_e69574bed617af4e071282c136b37893>@@V<lambda_cc0d902bcbbeb830f749456577db4721>@@@?$__crt_seh_guarded_call@X@@QAEX$$QAV<lambda_9df27f884b057bc3edfc946cb5b7cf47>@@AAV<lambda_e69574bed617af4e071282c136b37893>@@$$QAV<lambda_cc0d902bcbbeb830f749456577db4721>@@@Z 10025a68     libucrt:per_thread_data.obj
 0002:00007a88       __sehtable$??$?RV<lambda_3518db117f0e7cdb002338c5d3c47b6c>@@AAV<lambda_b2ea41f6bbb362cd97d94c6828d90b61>@@V<lambda_abdedf541bb04549bc734292b4a045d4>@@@?$__crt_seh_guarded_call@X@@QAEX$$QAV<lambda_3518db117f0e7cdb002338c5d3c47b6c>@@AAV<lambda_b2ea41f6bbb362cd97d94c6828d90b61>@@$$QAV<lambda_abdedf541bb04549bc734292b4a045d4>@@@Z 10025a88     libucrt:per_thread_data.obj
 0002:00007aa8       __sehtable$??$?RV<lambda_51b6e8b1eb166f2a3faf91f424b38130>@@AAV<lambda_6250bd4b2a391816dd638c3bf72b0bcb>@@V<lambda_0b5a4a3e68152e1d9b943535f5f47bed>@@@?$__crt_seh_guarded_call@X@@QAEX$$QAV<lambda_51b6e8b1eb166f2a3faf91f424b38130>@@AAV<lambda_6250bd4b2a391816dd638c3bf72b0bcb>@@$$QAV<lambda_0b5a4a3e68152e1d9b943535f5f47bed>@@@Z 10025aa8     libucrt:per_thread_data.obj
 0002:00007ac8       __sehtable$??$?RV<lambda_5b71d36f03204c0beab531769a5b5694>@@AAV<lambda_be2b3da3f62db62e9dad5dc70221a656>@@V<lambda_8f9ce462984622f9bf76b59e2aaaf805>@@@?$__crt_seh_guarded_call@X@@QAEX$$QAV<lambda_5b71d36f03204c0beab531769a5b5694>@@AAV<lambda_be2b3da3f62db62e9dad5dc70221a656>@@$$QAV<lambda_8f9ce462984622f9bf76b59e2aaaf805>@@@Z 10025ac8     libucrt:per_thread_data.obj
 0002:00007ae8       __sehtable$___acrt_uninitialize_locale 10025ae8     libucrt:wsetlocale.obj
 0002:00007b08       __sehtable$___acrt_initialize_lowio 10025b08     libucrt:ioinit.obj
 0002:00007b28       __sehtable$___acrt_update_thread_multibyte_data 10025b28     libucrt:mbctype.obj
 0002:00007b48       __sehtable$??$?RV<lambda_978dc153c237d78434369da87b74ff60>@@AAV<lambda_ad1ced32f4ac17aa236e5ef05d6b3b7c>@@V<lambda_4a8533e2866a575feecb8298ce776b0d>@@@?$__crt_seh_guarded_call@X@@QAEX$$QAV<lambda_978dc153c237d78434369da87b74ff60>@@AAV<lambda_ad1ced32f4ac17aa236e5ef05d6b3b7c>@@$$QAV<lambda_4a8533e2866a575feecb8298ce776b0d>@@@Z 10025b48     libucrt:mbctype.obj
 0002:00007b68       __sehtable$_raise          10025b68     libucrt:signal.obj
 0002:00007b88       __sehtable$??$?RV<lambda_a048d3beccc847880fc8490e18b82769>@@AAV<lambda_ec61778202f4f5fc7e7711acc23c3bca>@@V<lambda_f7496a158712204296dd6628a163878e>@@@?$__crt_seh_guarded_call@P6AXH@Z@@QAEP6AXH@Z$$QAV<lambda_a048d3beccc847880fc8490e18b82769>@@AAV<lambda_ec61778202f4f5fc7e7711acc23c3bca>@@$$QAV<lambda_f7496a158712204296dd6628a163878e>@@@Z 10025b88     libucrt:signal.obj
 0002:00007ba8       __sehtable$___acrt_update_thread_locale_data 10025ba8     libucrt:locale_refcounting.obj
 0002:00007bc8       __sehtable$__fcloseall     10025bc8     libucrt:closeall.obj
 0002:00007be8       __sehtable$_common_flush_all 10025be8     libucrt:fflush.obj
 0002:00007c10       __sehtable$___acrt_lowio_ensure_fh_exists 10025c10     libucrt:osfinfo.obj
 0002:00007c30       __sehtable$__write         10025c30     libucrt:write.obj
 0002:00007c50       __sehtable$_fclose         10025c50     libucrt:fclose.obj
 0002:00007c70       __sehtable$??$?RV<lambda_61cee617f5178ae960314fd4d05640a0>@@AAV<lambda_6978c1fb23f02e42e1d9e99668cc68aa>@@V<lambda_9cd88cf8ad10232537feb2133f08c833>@@@?$__crt_seh_guarded_call@H@@QAEH$$QAV<lambda_61cee617f5178ae960314fd4d05640a0>@@AAV<lambda_6978c1fb23f02e42e1d9e99668cc68aa>@@$$QAV<lambda_9cd88cf8ad10232537feb2133f08c833>@@@Z 10025c70     libucrt:commit.obj
 0002:00007c90       __sehtable$??$?RV<lambda_123407a5e2ac06da108355a851863b7a>@@AAV<lambda_2fe9b910cf3cbf4a0ab98a02ba45b3ec>@@V<lambda_ae55bdf541ad94d75914d381c370e64d>@@@?$__crt_seh_guarded_call@H@@QAEH$$QAV<lambda_123407a5e2ac06da108355a851863b7a>@@AAV<lambda_2fe9b910cf3cbf4a0ab98a02ba45b3ec>@@$$QAV<lambda_ae55bdf541ad94d75914d381c370e64d>@@@Z 10025c90     libucrt:close.obj
 0002:00007cb0       __sehtable$__IsNonwritableInCurrentImage 10025cb0     LIBCMT:pesect.obj
 0002:00007ce0       .edata                     10025ce0     OPOSPOSPower.exp
 0002:00007d08       rgpv                       10025d08     OPOSPOSPower.exp
 0002:00007d18       rgszName                   10025d18     OPOSPOSPower.exp
 0002:00007d28       rgwOrd                     10025d28     OPOSPOSPower.exp
 0002:00007d30       szName                     10025d30     OPOSPOSPower.exp
 0002:00007d41       $N00001                    10025d41     OPOSPOSPower.exp
 0002:00007d51       $N00002                    10025d51     OPOSPOSPower.exp
 0002:00007d63       $N00003                    10025d63     OPOSPOSPower.exp
 0002:00007d75       $N00004                    10025d75     OPOSPOSPower.exp
 0002:0000838a       .idata$6                   1002638a     kernel32:KERNEL32.dll
 0002:0000859e       .idata$6                   1002659e     user32:USER32.dll
 0002:000086d2       .idata$6                   100266d2     gdi32:GDI32.dll
 0002:00008778       .idata$6                   10026778     advapi32:ADVAPI32.dll
 0002:00008894       .idata$6                   10026894     ole32:ole32.dll
 0002:0000889e       .idata$6                   1002689e     oleaut32:OLEAUT32.dll
 0003:00000110       ?ObjectMap@@3PAU_ATL_OBJMAP_ENTRY30@ATL@@A 10027110     POSPower.obj
 0003:000001b0       ?s_SOMethodNames@@3PAPADA  100271b0     POSPowerImpl.obj
 0003:00000204       ?s_RequiredMethodsPerRelease@@3PAHA 10027204     POSPowerImpl.obj
 0003:00000230       ?__vcrt_flsindex@@3KA      10027230     libvcruntime:per_thread_data.obj
 0003:00000250       _errno_no_memory           10027250     libucrt:errno.obj
 0003:00000254       _doserrno_no_memory        10027254     libucrt:errno.obj
 0003:00000260       ___acrt_flsindex           10027260     libucrt:per_thread_data.obj
 0003:000003d4       ___rgctypeflag             100273d4     libucrt:mbctype.obj
 0003:000003d8       ___rgcode_page_info        100273d8     libucrt:mbctype.obj
 0003:00000af8       ?is_initialized_as_dll@@3_NA 10027af8     LIBCMT:utility.obj
 0003:00000af9       ?module_local_atexit_table_initialized@@3_NA 10027af9     LIBCMT:utility.obj
 0003:00000afc       ?module_local_atexit_table@@3U_onexit_table_t@@A 10027afc     LIBCMT:utility.obj
 0003:00000b08       ?module_local_at_quick_exit_table@@3U_onexit_table_t@@A 10027b08     LIBCMT:utility.obj
 0003:00000b14       ?_Tss_mutex@@3U_RTL_CRITICAL_SECTION@@A 10027b14     LIBCMT:thread_safe_statics.obj
 0003:00000b2c       ?_Tss_cv@@3U_RTL_CONDITION_VARIABLE@@A 10027b2c     LIBCMT:thread_safe_statics.obj
 0003:00000b30       ?_Tss_event@@3PAXA         10027b30     LIBCMT:thread_safe_statics.obj
 0003:00000b34       ?encoded_sleep_condition_variable_cs@@3P6GHPAU_RTL_CONDITION_VARIABLE@@PAU_RTL_CRITICAL_SECTION@@K@ZA 10027b34     LIBCMT:thread_safe_statics.obj
 0003:00000b38       ?encoded_wake_all_condition_variable@@3P6GXPAU_RTL_CONDITION_VARIABLE@@@ZA 10027b38     LIBCMT:thread_safe_statics.obj
 0003:00000b40       _GS_ExceptionRecord        10027b40     LIBCMT:gs_report.obj
 0003:00000b90       _GS_ContextRecord          10027b90     LIBCMT:gs_report.obj
 0003:00000e60       ?__proc_attached@@3HA      10027e60     LIBCMT:dll_dllmain.obj
 0003:00000ebc       ?AllocateData@@3P6GPAUAtlThunkData_t@@XZA 10027ebc     atls:atlthunk.obj
 0003:00000ec0       ?InitData@@3P6GXPAUAtlThunkData_t@@PAXI@ZA 10027ec0     atls:atlthunk.obj
 0003:00000ec4       ?DataToCode@@3P6GP6GJPAUHWND__@@IIJ@ZPAUAtlThunkData_t@@@ZA 10027ec4     atls:atlthunk.obj
 0003:00000ec8       ?FreeData@@3P6GXPAUAtlThunkData_t@@@ZA 10027ec8     atls:atlthunk.obj
 0003:00000ecc       ?Initialized@@3_NA         10027ecc     atls:atlthunk.obj
 0003:00000ed8       ?__vcrt_startup_thread_ptd@@3U__vcrt_ptd@@A 10027ed8     libvcruntime:per_thread_data.obj
 0003:00000f00       ___vcrt_lock_table         10027f00     libvcruntime:locks.obj
 0003:00000f18       ___vcrt_locks_initialized  10027f18     libvcruntime:locks.obj
 0003:00000f1c       ?module_handles@@3PAPAUHINSTANCE__@@A 10027f1c     libvcruntime:winapi_downlevel.obj
 0003:00000f28       ?encoded_function_pointers@@3PAPAXA 10027f28     libvcruntime:winapi_downlevel.obj
 0003:00000f64       ?heap@@3V_HeapManager@@A   10027f64     libvcruntime:undname.obj
 0003:00000f7c       ___acrt_invalid_parameter_handler 10027f7c     libucrt:invalid_parameter.obj
 0003:00000f80       _c_termination_complete    10027f80     libucrt:exit.obj
 0003:00000f84       _thread_local_exit_callback_func 10027f84     libucrt:exit.obj
 0003:00000f88       ?c_exit_complete@?5??common_exit@@YAXHW4_crt_exit_cleanup_mode@@W4_crt_exit_return_mode@@@Z@4_NA 10027f88     libucrt:exit.obj
 0003:00000f90       ?program_name@?5???$common_configure_argv@D@@YAHW4_crt_argv_mode@@@Z@4PADA 10027f90     libucrt:argv_parsing.obj
 0003:000010c0       ___acrt_new_handler        100280c0     libucrt:new_handler.obj
 0003:000010c8       _module_handles            100280c8     libucrt:winapi_thunks.obj
 0003:00001118       _encoded_function_pointers 10028118     libucrt:winapi_thunks.obj
 0003:00001198       ?state_cache@?1??__acrt_is_packaged_app@@9@4JA 10028198     libucrt:winapi_thunks.obj
 0003:000011a4       _enable_percent_n          100281a4     libucrt:printf_count_output.obj
 0003:000013c0       ___acrt_lock_table         100283c0     libucrt:locks.obj
 0003:000014f8       ___acrt_locks_initialized  100284f8     libucrt:locks.obj
 0003:00001514       _fSystemSet                10028514     libucrt:mbctype.obj
 0003:00001518       ?initialized@?1??__acrt_initialize_multibyte@@9@4_NA 10028518     libucrt:mbctype.obj
 0003:00001538       _ctrlc_action              10028538     libucrt:signal.obj
 0003:0000153c       _ctrlbreak_action          1002853c     libucrt:signal.obj
 0003:00001540       _abort_action              10028540     libucrt:signal.obj
 0003:00001544       _term_action               10028544     libucrt:signal.obj
 0003:00001548       _user_matherr              10028548     libucrt:matherr.obj
 0003:0000154c       ___acrt_global_new_mode    1002854c     libucrt:new_mode.obj
 0003:00001558       ___acrt_app_type           10028558     libucrt:report_runtime_error.obj
 0003:00001560       __pmatherr_set             10028560     libucrt:libm_error.obj
 0004:00000220       $R000000                   10029220     POSPower.res
 0004:00000b88       $R000968                   10029b88     POSPower.res
 0004:00000c70       $R000A50                   10029c70     POSPower.res
 0004:00000ed8       $R000CB8                   10029ed8     POSPower.res
 0004:000013f0       $R0011D0                   1002a3f0     POSPower.res
 0004:000043c8       $R0041A8                   1002d3c8     POSPower.res
 0004:000043f8       $R0041D8                   1002d3f8     POSPower.res
