 OPOSBumpBar

 Timestamp is 5d429d1a (Thu Aug  1 17:04:42 2019)

 Preferred load address is 10000000

 Start         Length     Name                   Class
 0001:00000000 00000080H .text$di                CODE
 0001:00000080 0001d643H .text$mn                CODE
 0001:0001d6c3 00000036H .text$x                 CODE
 0001:0001d6f9 00000042H .text$yd                CODE
 0002:00000000 000002fcH .idata$5                DATA
 0002:000002fc 00000004H .00cfg                  DATA
 0002:00000300 00000004H .CRT$XCA                DATA
 0002:00000304 00000004H .CRT$XCL                DATA
 0002:00000308 00000010H .CRT$XCU                DATA
 0002:00000318 00000004H .CRT$XCZ                DATA
 0002:0000031c 00000004H .CRT$XIA                DATA
 0002:00000320 00000010H .CRT$XIC                DATA
 0002:00000330 00000004H .CRT$XIZ                DATA
 0002:00000334 00000004H .CRT$XLA                DATA
 0002:00000338 00000004H .CRT$XLZ                DATA
 0002:0000033c 00000004H .CRT$XPA                DATA
 0002:00000340 00000008H .CRT$XPX                DATA
 0002:00000348 00000004H .CRT$XPXA               DATA
 0002:0000034c 00000004H .CRT$XPZ                DATA
 0002:00000350 00000004H .CRT$XTA                DATA
 0002:00000354 0000000cH .CRT$XTZ                DATA
 0002:00000358 00000000H .gfids$y                DATA
 0002:00000360 00006d5cH .rdata                  DATA
 0002:000070bc 00000018H .rdata$T                DATA
 0002:000070d4 0000017cH .rdata$r                DATA
 0002:00007250 0000001cH .rdata$sxdata           DATA
 0002:0000726c 000003dcH .rdata$zzzdbg           DATA
 0002:00007648 00000004H .rtc$IAA                DATA
 0002:0000764c 00000004H .rtc$IZZ                DATA
 0002:00007650 00000004H .rtc$TAA                DATA
 0002:00007654 00000004H .rtc$TZZ                DATA
 0002:00007658 00000004H .tls                    DATA
 0002:0000765c 00000004H .tls$                   DATA
 0002:00007660 00000008H .tls$ZZZ                DATA
 0002:00007668 00000604H .xdata$x                DATA
 0002:00007c6c 00000004H ATL$__a                 DATA
 0002:00007c70 00000010H ATL$__z                 DATA
 0002:00007c80 000000a8H .edata                  DATA
 0002:00007d28 00000078H .idata$2                DATA
 0002:00007da0 00000014H .idata$3                DATA
 0002:00007db4 000002fcH .idata$4                DATA
 0002:000080b0 00000bc8H .idata$6                DATA
 0003:00000000 00000a90H .data                   DATA
 0003:00000a90 00000098H .data$r                 DATA
 0003:00000b28 00000b80H .bss                    DATA
 0004:00000000 00000220H .rsrc$01                DATA
 0004:00000220 00004270H .rsrc$02                DATA

  Address         Publics by Value              Rva+Base       Lib:Object

 0000:00000000       ___guard_fids_count        00000000     <absolute>
 0000:00000000       ___hybrid_code_map_count   00000000     <absolute>
 0000:00000000       ___guard_iat_count         00000000     <absolute>
 0000:00000000       ___hybrid_auxiliary_iat    00000000     <absolute>
 0000:00000000       ___volatile_metadata       00000000     <absolute>
 0000:00000000       ___dynamic_value_reloc_table 00000000     <absolute>
 0000:00000000       ___guard_longjmp_count     00000000     <absolute>
 0000:00000000       ___guard_fids_table        00000000     <absolute>
 0000:00000000       ___guard_longjmp_table     00000000     <absolute>
 0000:00000000       ___AbsoluteZero            00000000     <absolute>
 0000:00000000       __except_list              00000000     <absolute>
 0000:00000000       ___guard_iat_table         00000000     <absolute>
 0000:00000000       ___enclave_config          00000000     <absolute>
 0000:00000000       ___hybrid_code_map         00000000     <absolute>
 0000:00000007       ___safe_se_handler_count   00000007     <absolute>
 0000:0000002c       __tls_array                0000002c     <absolute>
 0000:00000100       ___guard_flags             00000100     <absolute>
 0000:00000000       ___ImageBase               10000000     <linker-defined>
 0001:00000080       ?DupWide@_CW@@AAEXXZ       10001080 f   CWString.obj
 0001:0000009c       ?cw_dup@@YGXPBDAAHAAPA_W1@Z 1000109c f   CWString.obj
 0001:0000010b       ?cw_memcpy@@YGHPA_WPBDH@Z  1000110b f   CWString.obj
 0001:00000137       ?cw_strcpy@@YAHPA_WPBD@Z   10001137 f   CWString.obj
 0001:0000014a       ?cw_strlen@@YAHPBD@Z       1000114a f   CWString.obj
 0001:00000163       ??0CAtlComModule@ATL@@QAE@XZ 10001163 f i OposVariant.obj
 0001:000001a8       ??0CAtlWinModule@ATL@@QAE@XZ 100011a8 f i OposVariant.obj
 0001:000001df       ??0OposDispParms@@QAE@PAVOposVariant@@H@Z 100011df f   OposVariant.obj
 0001:00000250       ??1OposDispParms@@QAE@XZ   10001250 f   OposVariant.obj
 0001:0000025e       ??A?$CSimpleArray@GV?$CSimpleArrayEqualHelper@G@ATL@@@ATL@@QAEAAGH@Z 1000125e f i OposVariant.obj
 0001:00000283       ??_Estringdispid@CComTypeInfoHolder@ATL@@QAEPAXI@Z 10001283 f i OposVariant.obj
 0001:000002ef       ?AtlWinModuleInit@ATL@@YGJPAU_ATL_WIN_MODULE70@1@@Z 100012ef f i OposVariant.obj
 0001:00000315       ?AtlWinModuleTerm@ATL@@YGJPAU_ATL_WIN_MODULE70@1@PAUHINSTANCE__@@@Z 10001315 f i OposVariant.obj
 0001:00000378       ?ChangeBSTR@OposVariant@@QAEXPAPA_WAAJ@Z 10001378 f   OposVariant.obj
 0001:000003b9       ?ChangeLONG@OposVariant@@QAEXPAJAAJ@Z 100013b9 f   OposVariant.obj
 0001:000003fa       ?GetLONG@OposVariant@@QAEJXZ 100013fa f   OposVariant.obj
 0001:00000415       ?Init@CComCriticalSection@ATL@@QAEJXZ 10001415 f i OposVariant.obj
 0001:0000043d       ?RemoveAll@?$CSimpleArray@GV?$CSimpleArrayEqualHelper@G@ATL@@@ATL@@QAEXXZ 1000143d f i OposVariant.obj
 0001:0000043d       ?RemoveAll@?$CSimpleArray@PAUHINSTANCE__@@V?$CSimpleArrayEqualHelper@PAUHINSTANCE__@@@ATL@@@ATL@@QAEXXZ 1000143d f i atls:atlbase.obj
 0001:0000045a       ?SetBSTR@OposVariant@@QAEXPA_WAAJ@Z 1000145a f   OposVariant.obj
 0001:0000048e       ?SetBSTR_Copy@OposVariant@@QAEXPA_WAAJ@Z 1000148e f   OposVariant.obj
 0001:000004de       ?SetBSTR_InOutPtr@OposVariant@@QAE_NPAPA_WAAJ@Z 100014de f   OposVariant.obj
 0001:00000515       ?SetDispatch_Ptr@OposVariant@@QAEXPAUIDispatch@@AAJ@Z 10001515 f   OposVariant.obj
 0001:00000550       ?SetLONG@OposVariant@@QAEXJ@Z 10001550 f   OposVariant.obj
 0001:00000572       ?SetLONG_Ptr@OposVariant@@QAEXPAJAAJ@Z 10001572 f   OposVariant.obj
 0001:000005a5       ?SetString@OposVariant@@QAEXPB_WAAJ@Z 100015a5 f   OposVariant.obj
 0001:000005eb       ?SetVARIANT_BOOL@OposVariant@@QAEXF@Z 100015eb f   OposVariant.obj
 0001:00000615       ?Term@CAtlComModule@ATL@@QAEXXZ 10001615 f i OposVariant.obj
 0001:0000065f       ?_AtlRaiseException@ATL@@YAXKK@Z 1000165f f i OposVariant.obj
 0001:00000674       ?AddRef@?$CComObjectCached@VCComClassFactory@ATL@@@ATL@@UAGKXZ 10001674 f i BumpBar.obj
 0001:0000069b       ?Release@?$CComObjectCached@VCComClassFactory@ATL@@@ATL@@UAGKXZ 1000169b f i BumpBar.obj
 0001:000006d1       ?QueryInterface@?$CComObjectCached@VCComClassFactory@ATL@@@ATL@@UAGJABU_GUID@@PAPAX@Z 100016d1 f i BumpBar.obj
 0001:000006eb       ??_E?$CComObjectCached@VCComClassFactory@ATL@@@ATL@@UAEPAXI@Z 100016eb f i BumpBar.obj
 0001:000006eb       ??_G?$CComObjectCached@VCComClassFactory@ATL@@@ATL@@UAEPAXI@Z 100016eb f i BumpBar.obj
 0001:0000070d       ?AddRef@?$CComAggObject@VCOPOSBumpBar@@@ATL@@UAGKXZ 1000170d f i BumpBar.obj
 0001:0000071e       ?Release@?$CComAggObject@VCOPOSBumpBar@@@ATL@@UAGKXZ 1000171e f i BumpBar.obj
 0001:0000075a       ?QueryInterface@?$CComAggObject@VCOPOSBumpBar@@@ATL@@UAGJABU_GUID@@PAPAX@Z 1000175a f i BumpBar.obj
 0001:000007a9       ?AddRef@?$CComContainedObject@VCOPOSBumpBar@@@ATL@@UAGKXZ 100017a9 f i BumpBar.obj
 0001:000007bf       ?Release@?$CComContainedObject@VCOPOSBumpBar@@@ATL@@UAGKXZ 100017bf f i BumpBar.obj
 0001:000007d5       ?QueryInterface@?$CComContainedObject@VCOPOSBumpBar@@@ATL@@UAGJABU_GUID@@PAPAX@Z 100017d5 f i BumpBar.obj
 0001:000007f0       ??_G?$CComAggObject@VCOPOSBumpBar@@@ATL@@UAEPAXI@Z 100017f0 f i BumpBar.obj
 0001:000007f0       ??_E?$CComAggObject@VCOPOSBumpBar@@@ATL@@UAEPAXI@Z 100017f0 f i BumpBar.obj
 0001:00000815       ?AddRef@?$CComObject@VCOPOSBumpBar@@@ATL@@UAGKXZ 10001815 f i BumpBar.obj
 0001:0000082c       ?Release@?$CComObject@VCOPOSBumpBar@@@ATL@@UAGKXZ 1000182c f i BumpBar.obj
 0001:0000086e       ?QueryInterface@?$CComObject@VCOPOSBumpBar@@@ATL@@UAGJABU_GUID@@PAPAX@Z 1000186e f i BumpBar.obj
 0001:00000888       ?Lock@CAtlModule@ATL@@UAEJXZ 10001888 f i BumpBar.obj
 0001:00000892       ?Unlock@CAtlModule@ATL@@UAEJXZ 10001892 f i BumpBar.obj
 0001:0000089c       ?GetLockCount@CAtlModule@ATL@@UAEJXZ 1000189c f i BumpBar.obj
 0001:000008a0       ?GetGITPtr@CAtlModule@ATL@@UAEJPAPAUIGlobalInterfaceTable@@@Z 100018a0 f i BumpBar.obj
 0001:000008ec       ?AddCommonRGSReplacements@?$CAtlModuleT@VCComModule@ATL@@@ATL@@UAEJPAUIRegistrarBase@@@Z 100018ec f i BumpBar.obj
 0001:00000906       ?UpdateRegistryFromResourceD@CComModule@ATL@@UAGJIHPAU_ATL_REGMAP_ENTRY@2@@Z 10001906 f i BumpBar.obj
 0001:00000906       ?UpdateRegistryFromResourceD@CComModule@ATL@@UAGJPB_WHPAU_ATL_REGMAP_ENTRY@2@@Z 10001906 f i BumpBar.obj
 0001:0000090e       ?UpdateRegistryFromResource@CComModule@ATL@@UAGJPB_WHPAU_ATL_REGMAP_ENTRY@2@@Z 1000190e f i BumpBar.obj
 0001:00000917       ?UpdateRegistryFromResource@CComModule@ATL@@UAGJIHPAU_ATL_REGMAP_ENTRY@2@@Z 10001917 f i BumpBar.obj
 0001:00000920       ??_GCComModule@ATL@@UAEPAXI@Z 10001920 f i BumpBar.obj
 0001:00000920       ??_ECComModule@ATL@@UAEPAXI@Z 10001920 f i BumpBar.obj
 0001:00000948       ?OnDrawAdvanced@CComControlBase@ATL@@UAEJAAUATL_DRAWINFO@@@Z 10001948 f i BumpBar.obj
 0001:00000a37       ?Next@?$CComEnumImpl@UIEnumConnections@@$1?_GUID_b196b287_bab4_101a_b69c_00aa00341d07@@3U__s_GUID@@BUtagCONNECTDATA@@V?$_Copy@UtagCONNECTDATA@@@ATL@@@ATL@@UAGJKPAUtagCONNECTDATA@@PAK@Z 10001a37 f i BumpBar.obj
 0001:00000b0e       ?Skip@?$CComEnumImpl@UIEnumConnections@@$1?_GUID_b196b287_bab4_101a_b69c_00aa00341d07@@3U__s_GUID@@BUtagCONNECTDATA@@V?$_Copy@UtagCONNECTDATA@@@ATL@@@ATL@@UAGJK@Z 10001b0e f i BumpBar.obj
 0001:00000b3b       ?Reset@?$CComEnumImpl@UIEnumConnections@@$1?_GUID_b196b287_bab4_101a_b69c_00aa00341d07@@3U__s_GUID@@BUtagCONNECTDATA@@V?$_Copy@UtagCONNECTDATA@@@ATL@@@ATL@@UAGJXZ 10001b3b f i BumpBar.obj
 0001:00000b3b       ?Reset@?$CComEnumImpl@UIEnumConnectionPoints@@$1?_GUID_b196b285_bab4_101a_b69c_00aa00341d07@@3U__s_GUID@@BPAUIConnectionPoint@@V?$_CopyInterface@UIConnectionPoint@@@ATL@@@ATL@@UAGJXZ 10001b3b f i BumpBar.obj
 0001:00000b4d       ?Clone@?$CComEnumImpl@UIEnumConnections@@$1?_GUID_b196b287_bab4_101a_b69c_00aa00341d07@@3U__s_GUID@@BUtagCONNECTDATA@@V?$_Copy@UtagCONNECTDATA@@@ATL@@@ATL@@UAGJPAPAUIEnumConnections@@@Z 10001b4d f i BumpBar.obj
 0001:00000c2e       ?AddRef@?$CComObject@V?$CComEnum@UIEnumConnections@@$1?_GUID_b196b287_bab4_101a_b69c_00aa00341d07@@3U__s_GUID@@BUtagCONNECTDATA@@V?$_Copy@UtagCONNECTDATA@@@ATL@@VCComSingleThreadModel@6@@ATL@@@ATL@@UAGKXZ 10001c2e f i BumpBar.obj
 0001:00000c2e       ?AddRef@?$CComObject@V?$CComEnum@UIEnumConnectionPoints@@$1?_GUID_b196b285_bab4_101a_b69c_00aa00341d07@@3U__s_GUID@@BPAUIConnectionPoint@@V?$_CopyInterface@UIConnectionPoint@@@ATL@@VCComSingleThreadModel@6@@ATL@@@ATL@@UAGKXZ 10001c2e f i BumpBar.obj
 0001:00000c3f       ?Release@?$CComObject@V?$CComEnum@UIEnumConnections@@$1?_GUID_b196b287_bab4_101a_b69c_00aa00341d07@@3U__s_GUID@@BUtagCONNECTDATA@@V?$_Copy@UtagCONNECTDATA@@@ATL@@VCComSingleThreadModel@6@@ATL@@@ATL@@UAGKXZ 10001c3f f i BumpBar.obj
 0001:00000c3f       ?Release@?$CComObject@V?$CComEnum@UIEnumConnectionPoints@@$1?_GUID_b196b285_bab4_101a_b69c_00aa00341d07@@3U__s_GUID@@BPAUIConnectionPoint@@V?$_CopyInterface@UIConnectionPoint@@@ATL@@VCComSingleThreadModel@6@@ATL@@@ATL@@UAGKXZ 10001c3f f i BumpBar.obj
 0001:00000c7b       ?QueryInterface@?$CComObject@V?$CComEnum@UIEnumConnections@@$1?_GUID_b196b287_bab4_101a_b69c_00aa00341d07@@3U__s_GUID@@BUtagCONNECTDATA@@V?$_Copy@UtagCONNECTDATA@@@ATL@@VCComSingleThreadModel@6@@ATL@@@ATL@@UAGJABU_GUID@@PAPAX@Z 10001c7b f i BumpBar.obj
 0001:00000c95       ??_G?$CComObject@V?$CComEnum@UIEnumConnections@@$1?_GUID_b196b287_bab4_101a_b69c_00aa00341d07@@3U__s_GUID@@BUtagCONNECTDATA@@V?$_Copy@UtagCONNECTDATA@@@ATL@@VCComSingleThreadModel@6@@ATL@@@ATL@@UAEPAXI@Z 10001c95 f i BumpBar.obj
 0001:00000c95       ??_E?$CComObject@V?$CComEnum@UIEnumConnections@@$1?_GUID_b196b287_bab4_101a_b69c_00aa00341d07@@3U__s_GUID@@BUtagCONNECTDATA@@V?$_Copy@UtagCONNECTDATA@@@ATL@@VCComSingleThreadModel@6@@ATL@@@ATL@@UAEPAXI@Z 10001c95 f i BumpBar.obj
 0001:00000cb7       ?GetCanonicalFormatEtc@?$IDataObjectImpl@VCOPOSBumpBar@@@ATL@@UAGJPAUtagFORMATETC@@0@Z 10001cb7 f i BumpBar.obj
 0001:00000cb7       ?SetMoniker@?$IOleObjectImpl@VCOPOSBumpBar@@@ATL@@UAGJKPAUIMoniker@@@Z 10001cb7 f i BumpBar.obj
 0001:00000cb7       ?QueryInterface@CRegObject@ATL@@UAGJABU_GUID@@PAPAX@Z 10001cb7 f i BumpBar.obj
 0001:00000cb7       ?GetClipboardData@?$IOleObjectImpl@VCOPOSBumpBar@@@ATL@@UAGJKPAPAUIDataObject@@@Z 10001cb7 f i BumpBar.obj
 0001:00000cb7       ?EnumFormatEtc@?$IDataObjectImpl@VCOPOSBumpBar@@@ATL@@UAGJKPAPAUIEnumFORMATETC@@@Z 10001cb7 f i BumpBar.obj
 0001:00000cb7       ?GetRect@?$IViewObjectExImpl@VCOPOSBumpBar@@@ATL@@UAGJKPAU_RECTL@@@Z 10001cb7 f i BumpBar.obj
 0001:00000cb7       ?GetDataHere@?$IDataObjectImpl@VCOPOSBumpBar@@@ATL@@UAGJPAUtagFORMATETC@@PAUtagSTGMEDIUM@@@Z 10001cb7 f i BumpBar.obj
 0001:00000cbf       ?AddRef@CRegObject@ATL@@UAGKXZ 10001cbf f i BumpBar.obj
 0001:00000cc5       ?Release@CRegObject@ATL@@UAGKXZ 10001cc5 f i BumpBar.obj
 0001:00000cc5       ?Update@?$IOleObjectImpl@VCOPOSBumpBar@@@ATL@@UAGJXZ 10001cc5 f i BumpBar.obj
 0001:00000cc5       ?IsUpToDate@?$IOleObjectImpl@VCOPOSBumpBar@@@ATL@@UAGJXZ 10001cc5 f i BumpBar.obj
 0001:00000cc5       ?HandsOffStorage@?$IPersistStorageImpl@VCOPOSBumpBar@@@ATL@@UAGJXZ 10001cc5 f i BumpBar.obj
 0001:00000cca       ?AddReplacement@CRegObject@ATL@@UAGJPB_W0@Z 10001cca f i BumpBar.obj
 0001:00000d03       ?ClearReplacements@CRegObject@ATL@@UAGJXZ 10001d03 f i BumpBar.obj
 0001:00000d15       ??_ECRegObject@ATL@@UAEPAXI@Z 10001d15 f i BumpBar.obj
 0001:00000d15       ??_GCRegObject@ATL@@UAEPAXI@Z 10001d15 f i BumpBar.obj
 0001:00000d37       ??_E?$CComObject@VCOPOSBumpBar@@@ATL@@W3AEPAXI@Z 10001d37 f i BumpBar.obj
 0001:00000d3f       ??_E?$CComObject@VCOPOSBumpBar@@@ATL@@WEM@AEPAXI@Z 10001d3f f i BumpBar.obj
 0001:00000d47       ?QueryInterface@?$CComObject@VCOPOSBumpBar@@@ATL@@WHA@AGJABU_GUID@@PAPAX@Z 10001d47 f i BumpBar.obj
 0001:00000d51       ?AddRef@?$CComObject@VCOPOSBumpBar@@@ATL@@WHA@AGKXZ 10001d51 f i BumpBar.obj
 0001:00000d5b       ?Release@?$CComObject@VCOPOSBumpBar@@@ATL@@WHA@AGKXZ 10001d5b f i BumpBar.obj
 0001:00000d65       ?QueryInterface@?$CComObject@VCOPOSBumpBar@@@ATL@@WHE@AGJABU_GUID@@PAPAX@Z 10001d65 f i BumpBar.obj
 0001:00000d6f       ?AddRef@?$CComObject@VCOPOSBumpBar@@@ATL@@WHE@AGKXZ 10001d6f f i BumpBar.obj
 0001:00000d79       ?Release@?$CComObject@VCOPOSBumpBar@@@ATL@@WHE@AGKXZ 10001d79 f i BumpBar.obj
 0001:00000d83       ?QueryInterface@?$CComObject@VCOPOSBumpBar@@@ATL@@WHI@AGJABU_GUID@@PAPAX@Z 10001d83 f i BumpBar.obj
 0001:00000d8d       ?AddRef@?$CComObject@VCOPOSBumpBar@@@ATL@@WHI@AGKXZ 10001d8d f i BumpBar.obj
 0001:00000d97       ?Release@?$CComObject@VCOPOSBumpBar@@@ATL@@WHI@AGKXZ 10001d97 f i BumpBar.obj
 0001:00000da1       ?QueryInterface@?$CComObject@VCOPOSBumpBar@@@ATL@@WHM@AGJABU_GUID@@PAPAX@Z 10001da1 f i BumpBar.obj
 0001:00000dab       ?AddRef@?$CComObject@VCOPOSBumpBar@@@ATL@@WHM@AGKXZ 10001dab f i BumpBar.obj
 0001:00000db5       ?Release@?$CComObject@VCOPOSBumpBar@@@ATL@@WHM@AGKXZ 10001db5 f i BumpBar.obj
 0001:00000dbf       ?QueryInterface@?$CComObject@VCOPOSBumpBar@@@ATL@@WIA@AGJABU_GUID@@PAPAX@Z 10001dbf f i BumpBar.obj
 0001:00000dcc       ?AddRef@?$CComObject@VCOPOSBumpBar@@@ATL@@WIA@AGKXZ 10001dcc f i BumpBar.obj
 0001:00000dd9       ?Release@?$CComObject@VCOPOSBumpBar@@@ATL@@WIA@AGKXZ 10001dd9 f i BumpBar.obj
 0001:00000de6       ?QueryInterface@?$CComObject@VCOPOSBumpBar@@@ATL@@WIE@AGJABU_GUID@@PAPAX@Z 10001de6 f i BumpBar.obj
 0001:00000df3       ?AddRef@?$CComObject@VCOPOSBumpBar@@@ATL@@WIE@AGKXZ 10001df3 f i BumpBar.obj
 0001:00000e00       ?Release@?$CComObject@VCOPOSBumpBar@@@ATL@@WIE@AGKXZ 10001e00 f i BumpBar.obj
 0001:00000e0d       ?QueryInterface@?$CComObject@VCOPOSBumpBar@@@ATL@@WII@AGJABU_GUID@@PAPAX@Z 10001e0d f i BumpBar.obj
 0001:00000e1a       ?AddRef@?$CComObject@VCOPOSBumpBar@@@ATL@@WII@AGKXZ 10001e1a f i BumpBar.obj
 0001:00000e27       ?Release@?$CComObject@VCOPOSBumpBar@@@ATL@@WII@AGKXZ 10001e27 f i BumpBar.obj
 0001:00000e34       ?QueryInterface@?$CComObject@VCOPOSBumpBar@@@ATL@@WIM@AGJABU_GUID@@PAPAX@Z 10001e34 f i BumpBar.obj
 0001:00000e41       ?AddRef@?$CComObject@VCOPOSBumpBar@@@ATL@@WIM@AGKXZ 10001e41 f i BumpBar.obj
 0001:00000e4e       ?Release@?$CComObject@VCOPOSBumpBar@@@ATL@@WIM@AGKXZ 10001e4e f i BumpBar.obj
 0001:00000e5b       ?QueryInterface@?$CComObject@VCOPOSBumpBar@@@ATL@@WJA@AGJABU_GUID@@PAPAX@Z 10001e5b f i BumpBar.obj
 0001:00000e68       ?AddRef@?$CComObject@VCOPOSBumpBar@@@ATL@@WJA@AGKXZ 10001e68 f i BumpBar.obj
 0001:00000e75       ?Release@?$CComObject@VCOPOSBumpBar@@@ATL@@WJA@AGKXZ 10001e75 f i BumpBar.obj
 0001:00000e82       ?QueryInterface@?$CComObject@VCOPOSBumpBar@@@ATL@@WJE@AGJABU_GUID@@PAPAX@Z 10001e82 f i BumpBar.obj
 0001:00000e8f       ?AddRef@?$CComObject@VCOPOSBumpBar@@@ATL@@WJE@AGKXZ 10001e8f f i BumpBar.obj
 0001:00000e9c       ?Release@?$CComObject@VCOPOSBumpBar@@@ATL@@WJE@AGKXZ 10001e9c f i BumpBar.obj
 0001:00000ea9       ?QueryInterface@?$CComObject@VCOPOSBumpBar@@@ATL@@WJI@AGJABU_GUID@@PAPAX@Z 10001ea9 f i BumpBar.obj
 0001:00000eb6       ?AddRef@?$CComObject@VCOPOSBumpBar@@@ATL@@WJI@AGKXZ 10001eb6 f i BumpBar.obj
 0001:00000ec3       ?Release@?$CComObject@VCOPOSBumpBar@@@ATL@@WJI@AGKXZ 10001ec3 f i BumpBar.obj
 0001:00000ed0       ?QueryInterface@?$CComObject@VCOPOSBumpBar@@@ATL@@WJM@AGJABU_GUID@@PAPAX@Z 10001ed0 f i BumpBar.obj
 0001:00000edd       ?AddRef@?$CComObject@VCOPOSBumpBar@@@ATL@@WJM@AGKXZ 10001edd f i BumpBar.obj
 0001:00000eea       ?Release@?$CComObject@VCOPOSBumpBar@@@ATL@@WJM@AGKXZ 10001eea f i BumpBar.obj
 0001:00000ef7       ?QueryInterface@?$CComObject@VCOPOSBumpBar@@@ATL@@WKA@AGJABU_GUID@@PAPAX@Z 10001ef7 f i BumpBar.obj
 0001:00000f04       ?AddRef@?$CComObject@VCOPOSBumpBar@@@ATL@@WKA@AGKXZ 10001f04 f i BumpBar.obj
 0001:00000f11       ?Release@?$CComObject@VCOPOSBumpBar@@@ATL@@WKA@AGKXZ 10001f11 f i BumpBar.obj
 0001:00000f1e       ?AddRef@?$CComObject@VCOPOSBumpBar@@@ATL@@WKI@AGKXZ 10001f1e f i BumpBar.obj
 0001:00000f2b       ?Release@?$CComObject@VCOPOSBumpBar@@@ATL@@WKI@AGKXZ 10001f2b f i BumpBar.obj
 0001:00000f38       ?AddRef@?$CComObject@VCOPOSBumpBar@@@ATL@@WLE@AGKXZ 10001f38 f i BumpBar.obj
 0001:00000f45       ?Release@?$CComObject@VCOPOSBumpBar@@@ATL@@WLE@AGKXZ 10001f45 f i BumpBar.obj
 0001:00000f52       ??_E?$CComContainedObject@VCOPOSBumpBar@@@ATL@@W3AEPAXI@Z 10001f52 f i BumpBar.obj
 0001:00000f5a       ??_E?$CComContainedObject@VCOPOSBumpBar@@@ATL@@WEM@AEPAXI@Z 10001f5a f i BumpBar.obj
 0001:00000f62       ?QueryInterface@?$CComContainedObject@VCOPOSBumpBar@@@ATL@@WHA@AGJABU_GUID@@PAPAX@Z 10001f62 f i BumpBar.obj
 0001:00000f6c       ?AddRef@?$CComContainedObject@VCOPOSBumpBar@@@ATL@@WHA@AGKXZ 10001f6c f i BumpBar.obj
 0001:00000f76       ?Release@?$CComContainedObject@VCOPOSBumpBar@@@ATL@@WHA@AGKXZ 10001f76 f i BumpBar.obj
 0001:00000f80       ?QueryInterface@?$CComContainedObject@VCOPOSBumpBar@@@ATL@@WHE@AGJABU_GUID@@PAPAX@Z 10001f80 f i BumpBar.obj
 0001:00000f8a       ?AddRef@?$CComContainedObject@VCOPOSBumpBar@@@ATL@@WHE@AGKXZ 10001f8a f i BumpBar.obj
 0001:00000f94       ?Release@?$CComContainedObject@VCOPOSBumpBar@@@ATL@@WHE@AGKXZ 10001f94 f i BumpBar.obj
 0001:00000f9e       ?QueryInterface@?$CComContainedObject@VCOPOSBumpBar@@@ATL@@WHI@AGJABU_GUID@@PAPAX@Z 10001f9e f i BumpBar.obj
 0001:00000fa8       ?AddRef@?$CComContainedObject@VCOPOSBumpBar@@@ATL@@WHI@AGKXZ 10001fa8 f i BumpBar.obj
 0001:00000fb2       ?Release@?$CComContainedObject@VCOPOSBumpBar@@@ATL@@WHI@AGKXZ 10001fb2 f i BumpBar.obj
 0001:00000fbc       ?QueryInterface@?$CComContainedObject@VCOPOSBumpBar@@@ATL@@WHM@AGJABU_GUID@@PAPAX@Z 10001fbc f i BumpBar.obj
 0001:00000fc6       ?AddRef@?$CComContainedObject@VCOPOSBumpBar@@@ATL@@WHM@AGKXZ 10001fc6 f i BumpBar.obj
 0001:00000fd0       ?Release@?$CComContainedObject@VCOPOSBumpBar@@@ATL@@WHM@AGKXZ 10001fd0 f i BumpBar.obj
 0001:00000fda       ?QueryInterface@?$CComContainedObject@VCOPOSBumpBar@@@ATL@@WIA@AGJABU_GUID@@PAPAX@Z 10001fda f i BumpBar.obj
 0001:00000fe7       ?AddRef@?$CComContainedObject@VCOPOSBumpBar@@@ATL@@WIA@AGKXZ 10001fe7 f i BumpBar.obj
 0001:00000ff4       ?Release@?$CComContainedObject@VCOPOSBumpBar@@@ATL@@WIA@AGKXZ 10001ff4 f i BumpBar.obj
 0001:00001001       ?QueryInterface@?$CComContainedObject@VCOPOSBumpBar@@@ATL@@WIE@AGJABU_GUID@@PAPAX@Z 10002001 f i BumpBar.obj
 0001:0000100e       ?AddRef@?$CComContainedObject@VCOPOSBumpBar@@@ATL@@WIE@AGKXZ 1000200e f i BumpBar.obj
 0001:0000101b       ?Release@?$CComContainedObject@VCOPOSBumpBar@@@ATL@@WIE@AGKXZ 1000201b f i BumpBar.obj
 0001:00001028       ?QueryInterface@?$CComContainedObject@VCOPOSBumpBar@@@ATL@@WII@AGJABU_GUID@@PAPAX@Z 10002028 f i BumpBar.obj
 0001:00001035       ?AddRef@?$CComContainedObject@VCOPOSBumpBar@@@ATL@@WII@AGKXZ 10002035 f i BumpBar.obj
 0001:00001042       ?Release@?$CComContainedObject@VCOPOSBumpBar@@@ATL@@WII@AGKXZ 10002042 f i BumpBar.obj
 0001:0000104f       ?QueryInterface@?$CComContainedObject@VCOPOSBumpBar@@@ATL@@WIM@AGJABU_GUID@@PAPAX@Z 1000204f f i BumpBar.obj
 0001:0000105c       ?AddRef@?$CComContainedObject@VCOPOSBumpBar@@@ATL@@WIM@AGKXZ 1000205c f i BumpBar.obj
 0001:00001069       ?Release@?$CComContainedObject@VCOPOSBumpBar@@@ATL@@WIM@AGKXZ 10002069 f i BumpBar.obj
 0001:00001076       ?QueryInterface@?$CComContainedObject@VCOPOSBumpBar@@@ATL@@WJA@AGJABU_GUID@@PAPAX@Z 10002076 f i BumpBar.obj
 0001:00001083       ?AddRef@?$CComContainedObject@VCOPOSBumpBar@@@ATL@@WJA@AGKXZ 10002083 f i BumpBar.obj
 0001:00001090       ?Release@?$CComContainedObject@VCOPOSBumpBar@@@ATL@@WJA@AGKXZ 10002090 f i BumpBar.obj
 0001:0000109d       ?QueryInterface@?$CComContainedObject@VCOPOSBumpBar@@@ATL@@WJE@AGJABU_GUID@@PAPAX@Z 1000209d f i BumpBar.obj
 0001:000010aa       ?AddRef@?$CComContainedObject@VCOPOSBumpBar@@@ATL@@WJE@AGKXZ 100020aa f i BumpBar.obj
 0001:000010b7       ?Release@?$CComContainedObject@VCOPOSBumpBar@@@ATL@@WJE@AGKXZ 100020b7 f i BumpBar.obj
 0001:000010c4       ?QueryInterface@?$CComContainedObject@VCOPOSBumpBar@@@ATL@@WJI@AGJABU_GUID@@PAPAX@Z 100020c4 f i BumpBar.obj
 0001:000010d1       ?AddRef@?$CComContainedObject@VCOPOSBumpBar@@@ATL@@WJI@AGKXZ 100020d1 f i BumpBar.obj
 0001:000010de       ?Release@?$CComContainedObject@VCOPOSBumpBar@@@ATL@@WJI@AGKXZ 100020de f i BumpBar.obj
 0001:000010eb       ?QueryInterface@?$CComContainedObject@VCOPOSBumpBar@@@ATL@@WJM@AGJABU_GUID@@PAPAX@Z 100020eb f i BumpBar.obj
 0001:000010f8       ?AddRef@?$CComContainedObject@VCOPOSBumpBar@@@ATL@@WJM@AGKXZ 100020f8 f i BumpBar.obj
 0001:00001105       ?Release@?$CComContainedObject@VCOPOSBumpBar@@@ATL@@WJM@AGKXZ 10002105 f i BumpBar.obj
 0001:00001112       ?QueryInterface@?$CComContainedObject@VCOPOSBumpBar@@@ATL@@WKA@AGJABU_GUID@@PAPAX@Z 10002112 f i BumpBar.obj
 0001:0000111f       ?AddRef@?$CComContainedObject@VCOPOSBumpBar@@@ATL@@WKA@AGKXZ 1000211f f i BumpBar.obj
 0001:0000112c       ?Release@?$CComContainedObject@VCOPOSBumpBar@@@ATL@@WKA@AGKXZ 1000212c f i BumpBar.obj
 0001:00001139       ?AddRef@?$CComContainedObject@VCOPOSBumpBar@@@ATL@@WKI@AGKXZ 10002139 f i BumpBar.obj
 0001:00001146       ?Release@?$CComContainedObject@VCOPOSBumpBar@@@ATL@@WKI@AGKXZ 10002146 f i BumpBar.obj
 0001:00001153       ?AddRef@?$CComContainedObject@VCOPOSBumpBar@@@ATL@@WLE@AGKXZ 10002153 f i BumpBar.obj
 0001:00001160       ?Release@?$CComContainedObject@VCOPOSBumpBar@@@ATL@@WLE@AGKXZ 10002160 f i BumpBar.obj
 0001:0000116d       ?GetWindowProc@?$CWindowImplBaseT@VCWindow@ATL@@V?$CWinTraits@$0FGAAAAAA@$0A@@2@@ATL@@UAEP6GJPAUHWND__@@IIJ@ZXZ 1000216d f i BumpBar.obj
 0001:00001173       ?StartWindowProc@?$CWindowImplBaseT@VCWindow@ATL@@V?$CWinTraits@$0FGAAAAAA@$0A@@2@@ATL@@SGJPAUHWND__@@IIJ@Z 10002173 f i BumpBar.obj
 0001:000011c7       ?ObjectMain@CComObjectRootBase@ATL@@SGX_N@Z 100021c7 f i BumpBar.obj
 0001:000011c7       ?OnFinalMessage@?$CWindowImplBaseT@VCWindow@ATL@@V?$CWinTraits@$0FGAAAAAA@$0A@@2@@ATL@@UAEXPAUHWND__@@@Z 100021c7 f i BumpBar.obj
 0001:000011ca       ?GetTypeInfoCount@?$IDispatchImpl@UIOPOSBumpBar@@$1?IID_IOPOSBumpBar@@3U_GUID@@B$1?LIBID_OposBumpBar_CCO@@3U3@B$00$0A@VCComTypeInfoHolder@ATL@@@ATL@@UAGJPAI@Z 100021ca f i BumpBar.obj
 0001:000011e7       ?GetTypeInfo@?$IDispatchImpl@UIOPOSBumpBar@@$1?IID_IOPOSBumpBar@@3U_GUID@@B$1?LIBID_OposBumpBar_CCO@@3U3@B$00$0A@VCComTypeInfoHolder@ATL@@@ATL@@UAGJIKPAPAUITypeInfo@@@Z 100021e7 f i BumpBar.obj
 0001:0000120b       ?GetIDsOfNames@?$IDispatchImpl@UIOPOSBumpBar@@$1?IID_IOPOSBumpBar@@3U_GUID@@B$1?LIBID_OposBumpBar_CCO@@3U3@B$00$0A@VCComTypeInfoHolder@ATL@@@ATL@@UAGJABU_GUID@@PAPA_WIKPAJ@Z 1000220b f i BumpBar.obj
 0001:0000122b       ?Invoke@?$IDispatchImpl@UIOPOSBumpBar@@$1?IID_IOPOSBumpBar@@3U_GUID@@B$1?LIBID_OposBumpBar_CCO@@3U3@B$00$0A@VCComTypeInfoHolder@ATL@@@ATL@@UAGJJABU_GUID@@KGPAUtagDISPPARAMS@@PAUtagVARIANT@@PAUtagEXCEPINFO@@PAI@Z 1000222b f i BumpBar.obj
 0001:00001239       ?CreateControlWindow@?$CComControl@VCOPOSBumpBar@@V?$CWindowImpl@VCOPOSBumpBar@@VCWindow@ATL@@V?$CWinTraits@$0FGAAAAAA@$0A@@3@@ATL@@@ATL@@UAEPAUHWND__@@PAU3@AAUtagRECT@@@Z 10002239 f i BumpBar.obj
 0001:00001268       ?ControlQueryInterface@?$CComControl@VCOPOSBumpBar@@V?$CWindowImpl@VCOPOSBumpBar@@VCWindow@ATL@@V?$CWinTraits@$0FGAAAAAA@$0A@@3@@ATL@@@ATL@@UAEJABU_GUID@@PAPAX@Z 10002268 f i BumpBar.obj
 0001:00001283       ?GetClassID@?$IPersistStreamInitImpl@VCOPOSBumpBar@@@ATL@@UAGJPAU_GUID@@@Z 10002283 f i BumpBar.obj
 0001:00001283       ?GetUserClassID@?$IOleObjectImpl@VCOPOSBumpBar@@@ATL@@UAGJPAU_GUID@@@Z 10002283 f i BumpBar.obj
 0001:00001283       ?GetClassID@?$IPersistStorageImpl@VCOPOSBumpBar@@@ATL@@UAGJPAU_GUID@@@Z 10002283 f i BumpBar.obj
 0001:000012a7       ?IsDirty@?$IPersistStreamInitImpl@VCOPOSBumpBar@@@ATL@@UAGJXZ 100022a7 f i BumpBar.obj
 0001:000012c6       ?Load@?$IPersistStreamInitImpl@VCOPOSBumpBar@@@ATL@@UAGJPAUIStream@@@Z 100022c6 f i BumpBar.obj
 0001:000012e5       ?Save@?$IPersistStreamInitImpl@VCOPOSBumpBar@@@ATL@@UAGJPAUIStream@@H@Z 100022e5 f i BumpBar.obj
 0001:00001307       ?GetSizeMax@?$IPersistStreamInitImpl@VCOPOSBumpBar@@@ATL@@UAGJPAT_ULARGE_INTEGER@@@Z 10002307 f i BumpBar.obj
 0001:000014bc       ?InitNew@?$IPersistStreamInitImpl@VCOPOSBumpBar@@@ATL@@UAGJXZ 100024bc f i BumpBar.obj
 0001:000014d9       ?SetColorScheme@?$IOleObjectImpl@VCOPOSBumpBar@@@ATL@@UAGJPAUtagLOGPALETTE@@@Z 100024d9 f i BumpBar.obj
 0001:000014d9       ?ContextSensitiveHelp@?$IOleInPlaceObjectWindowlessImpl@VCOPOSBumpBar@@@ATL@@UAGJH@Z 100024d9 f i BumpBar.obj
 0001:000014d9       ?OnMnemonic@?$IOleControlImpl@VCOPOSBumpBar@@@ATL@@UAGJPAUtagMSG@@@Z 100024d9 f i BumpBar.obj
 0001:000014d9       ?Unfreeze@?$IViewObjectExImpl@VCOPOSBumpBar@@@ATL@@UAGJK@Z 100024d9 f i BumpBar.obj
 0001:000014d9       ?GetControlInfo@?$IOleControlImpl@VCOPOSBumpBar@@@ATL@@UAGJPAUtagCONTROLINFO@@@Z 100024d9 f i BumpBar.obj
 0001:000014d9       ?ContextSensitiveHelp@?$IOleInPlaceActiveObjectImpl@VCOPOSBumpBar@@@ATL@@UAGJH@Z 100024d9 f i BumpBar.obj
 0001:000014d9       ?GetDropTarget@?$IOleInPlaceObjectWindowlessImpl@VCOPOSBumpBar@@@ATL@@UAGJPAPAUIDropTarget@@@Z 100024d9 f i BumpBar.obj
 0001:000014d9       ?QueryGetData@?$IDataObjectImpl@VCOPOSBumpBar@@@ATL@@UAGJPAUtagFORMATETC@@@Z 100024d9 f i BumpBar.obj
 0001:000014e1       ?EnableModeless@?$IOleInPlaceActiveObjectImpl@VCOPOSBumpBar@@@ATL@@UAGJH@Z 100024e1 f i BumpBar.obj
 0001:000014e1       ?OnFrameWindowActivate@?$IOleInPlaceActiveObjectImpl@VCOPOSBumpBar@@@ATL@@UAGJH@Z 100024e1 f i BumpBar.obj
 0001:000014e1       ?SaveCompleted@?$IPersistStorageImpl@VCOPOSBumpBar@@@ATL@@UAGJPAUIStorage@@@Z 100024e1 f i BumpBar.obj
 0001:000014e1       ?OnAmbientPropertyChange@?$IOleControlImpl@VCOPOSBumpBar@@@ATL@@UAGJJ@Z 100024e1 f i BumpBar.obj
 0001:000014e6       ?SetClientSite@?$IOleObjectImpl@VCOPOSBumpBar@@@ATL@@UAGJPAUIOleClientSite@@@Z 100024e6 f i BumpBar.obj
 0001:00001503       ?GetClientSite@?$IOleObjectImpl@VCOPOSBumpBar@@@ATL@@UAGJPAPAUIOleClientSite@@@Z 10002503 f i BumpBar.obj
 0001:00001520       ?SetHostNames@?$IOleObjectImpl@VCOPOSBumpBar@@@ATL@@UAGJPB_W0@Z 10002520 f i BumpBar.obj
 0001:00001525       ?Close@?$IOleObjectImpl@VCOPOSBumpBar@@@ATL@@UAGJK@Z 10002525 f i BumpBar.obj
 0001:00001542       ?SetData@?$IDataObjectImpl@VCOPOSBumpBar@@@ATL@@UAGJPAUtagFORMATETC@@PAUtagSTGMEDIUM@@H@Z 10002542 f i BumpBar.obj
 0001:00001542       ?GetMoniker@?$IOleObjectImpl@VCOPOSBumpBar@@@ATL@@UAGJKKPAPAUIMoniker@@@Z 10002542 f i BumpBar.obj
 0001:00001542       ?InitFromData@?$IOleObjectImpl@VCOPOSBumpBar@@@ATL@@UAGJPAUIDataObject@@HK@Z 10002542 f i BumpBar.obj
 0001:0000154a       ?DoVerb@?$IOleObjectImpl@VCOPOSBumpBar@@@ATL@@UAGJJPAUtagMSG@@PAUIOleClientSite@@JPAUHWND__@@PBUtagRECT@@@Z 1000254a f i BumpBar.obj
 0001:00001662       ?EnumVerbs@?$IOleObjectImpl@VCOPOSBumpBar@@@ATL@@UAGJPAPAUIEnumOLEVERB@@@Z 10002662 f i BumpBar.obj
 0001:00001684       ?GetUserType@?$IOleObjectImpl@VCOPOSBumpBar@@@ATL@@UAGJKPAPA_W@Z 10002684 f i BumpBar.obj
 0001:0000169c       ?SetExtent@?$IOleObjectImpl@VCOPOSBumpBar@@@ATL@@UAGJKPAUtagSIZE@@@Z 1000269c f i BumpBar.obj
 0001:000016bc       ?GetExtent@?$IOleObjectImpl@VCOPOSBumpBar@@@ATL@@UAGJKPAUtagSIZE@@@Z 100026bc f i BumpBar.obj
 0001:000016fa       ?Advise@?$IOleObjectImpl@VCOPOSBumpBar@@@ATL@@UAGJPAUIAdviseSink@@PAK@Z 100026fa f i BumpBar.obj
 0001:0000171a       ?Unadvise@?$IOleObjectImpl@VCOPOSBumpBar@@@ATL@@UAGJK@Z 1000271a f i BumpBar.obj
 0001:00001749       ?EnumAdvise@?$IOleObjectImpl@VCOPOSBumpBar@@@ATL@@UAGJPAPAUIEnumSTATDATA@@@Z 10002749 f i BumpBar.obj
 0001:00001789       ?GetMiscStatus@?$IOleObjectImpl@VCOPOSBumpBar@@@ATL@@UAGJKPAK@Z 10002789 f i BumpBar.obj
 0001:000017a1       ?GetWindow@?$IOleInPlaceActiveObjectImpl@VCOPOSBumpBar@@@ATL@@UAGJPAPAUHWND__@@@Z 100027a1 f i BumpBar.obj
 0001:000017ee       ?TranslateAcceleratorW@?$IOleInPlaceActiveObjectImpl@VCOPOSBumpBar@@@ATL@@UAGJPAUtagMSG@@@Z 100027ee f i BumpBar.obj
 0001:0000188c       ?OnDocWindowActivate@?$IOleInPlaceActiveObjectImpl@VCOPOSBumpBar@@@ATL@@UAGJH@Z 1000288c f i BumpBar.obj
 0001:000018ae       ?ResizeBorder@?$IOleInPlaceActiveObjectImpl@VCOPOSBumpBar@@@ATL@@UAGJPBUtagRECT@@PAUIOleInPlaceUIWindow@@H@Z 100028ae f i BumpBar.obj
 0001:000018b3       ?Draw@?$IViewObjectExImpl@VCOPOSBumpBar@@@ATL@@UAGJKJPAXPAUtagDVTARGETDEVICE@@PAUHDC__@@2PBU_RECTL@@3P6GHK@ZK@Z 100028b3 f i BumpBar.obj
 0001:000018e5       ?GetColorSet@?$IViewObjectExImpl@VCOPOSBumpBar@@@ATL@@UAGJKJPAXPAUtagDVTARGETDEVICE@@PAUHDC__@@PAPAUtagLOGPALETTE@@@Z 100028e5 f i BumpBar.obj
 0001:000018ed       ?Freeze@?$IViewObjectExImpl@VCOPOSBumpBar@@@ATL@@UAGJKJPAXPAK@Z 100028ed f i BumpBar.obj
 0001:000018f5       ?SetAdvise@?$IViewObjectExImpl@VCOPOSBumpBar@@@ATL@@UAGJKKPAUIAdviseSink@@@Z 100028f5 f i BumpBar.obj
 0001:00001914       ?GetAdvise@?$IViewObjectExImpl@VCOPOSBumpBar@@@ATL@@UAGJPAK0PAPAUIAdviseSink@@@Z 10002914 f i BumpBar.obj
 0001:00001949       ?GetExtent@?$IViewObjectExImpl@VCOPOSBumpBar@@@ATL@@UAGJKJPAUtagDVTARGETDEVICE@@PAUtagSIZE@@@Z 10002949 f i BumpBar.obj
 0001:0000197a       ?GetViewStatus@?$IViewObjectExImpl@VCOPOSBumpBar@@@ATL@@UAGJPAK@Z 1000297a f i BumpBar.obj
 0001:00001997       ?QueryHitPoint@?$IViewObjectExImpl@VCOPOSBumpBar@@@ATL@@UAGJKPBUtagRECT@@UtagPOINT@@JPAK@Z 10002997 f i BumpBar.obj
 0001:000019d8       ?QueryHitRect@?$IViewObjectExImpl@VCOPOSBumpBar@@@ATL@@UAGJKPBUtagRECT@@0JPAK@Z 100029d8 f i BumpBar.obj
 0001:00001a33       ?GetNaturalExtent@?$IViewObjectExImpl@VCOPOSBumpBar@@@ATL@@UAGJKJPAUtagDVTARGETDEVICE@@PAUHDC__@@PAUtagExtentInfo@@PAUtagSIZE@@@Z 10002a33 f i BumpBar.obj
 0001:00001a7e       ?GetWindow@?$IOleInPlaceObjectWindowlessImpl@VCOPOSBumpBar@@@ATL@@UAGJPAPAUHWND__@@@Z 10002a7e f i BumpBar.obj
 0001:00001acb       ?InPlaceDeactivate@?$IOleInPlaceObjectWindowlessImpl@VCOPOSBumpBar@@@ATL@@UAGJXZ 10002acb f i BumpBar.obj
 0001:00001ae5       ?UIDeactivate@?$IOleInPlaceObjectWindowlessImpl@VCOPOSBumpBar@@@ATL@@UAGJXZ 10002ae5 f i BumpBar.obj
 0001:00001aff       ?SetObjectRects@?$IOleInPlaceObjectWindowlessImpl@VCOPOSBumpBar@@@ATL@@UAGJPBUtagRECT@@0@Z 10002aff f i BumpBar.obj
 0001:00001b1f       ?ReactivateAndUndo@?$IOleInPlaceObjectWindowlessImpl@VCOPOSBumpBar@@@ATL@@UAGJXZ 10002b1f f i BumpBar.obj
 0001:00001b27       ?OnWindowMessage@?$IOleInPlaceObjectWindowlessImpl@VCOPOSBumpBar@@@ATL@@UAGJIIJPAJ@Z 10002b27 f i BumpBar.obj
 0001:00001b97       ?EnumConnectionPoints@?$IConnectionPointContainerImpl@VCOPOSBumpBar@@@ATL@@UAGJPAPAUIEnumConnectionPoints@@@Z 10002b97 f i BumpBar.obj
 0001:00001d11       ?FindConnectionPoint@?$IConnectionPointContainerImpl@VCOPOSBumpBar@@@ATL@@UAGJABU_GUID@@PAPAUIConnectionPoint@@@Z 10002d11 f i BumpBar.obj
 0001:00001db4       ?IsDirty@?$IPersistStorageImpl@VCOPOSBumpBar@@@ATL@@UAGJXZ 10002db4 f i BumpBar.obj
 0001:00001de8       ?InitNew@?$IPersistStorageImpl@VCOPOSBumpBar@@@ATL@@UAGJPAUIStorage@@@Z 10002de8 f i BumpBar.obj
 0001:00001e1c       ?Load@?$IPersistStorageImpl@VCOPOSBumpBar@@@ATL@@UAGJPAUIStorage@@@Z 10002e1c f i BumpBar.obj
 0001:00001e88       ?Save@?$IPersistStorageImpl@VCOPOSBumpBar@@@ATL@@UAGJPAUIStorage@@H@Z 10002e88 f i BumpBar.obj
 0001:00001efb       ?GetPages@?$ISpecifyPropertyPagesImpl@VCOPOSBumpBar@@@ATL@@UAGJPAUtagCAUUID@@@Z 10002efb f i BumpBar.obj
 0001:00001f12       ?QuickActivate@?$IQuickActivateImpl@VCOPOSBumpBar@@@ATL@@UAGJPAUtagQACONTAINER@@PAUtagQACONTROL@@@Z 10002f12 f i BumpBar.obj
 0001:00001f35       ?SetContentExtent@?$IQuickActivateImpl@VCOPOSBumpBar@@@ATL@@UAGJPAUtagSIZE@@@Z 10002f35 f i BumpBar.obj
 0001:00001f61       ?GetContentExtent@?$IQuickActivateImpl@VCOPOSBumpBar@@@ATL@@UAGJPAUtagSIZE@@@Z 10002f61 f i BumpBar.obj
 0001:00001f81       ?GetData@?$IDataObjectImpl@VCOPOSBumpBar@@@ATL@@UAGJPAUtagFORMATETC@@PAUtagSTGMEDIUM@@@Z 10002f81 f i BumpBar.obj
 0001:00001fa4       ?DAdvise@?$IDataObjectImpl@VCOPOSBumpBar@@@ATL@@UAGJPAUtagFORMATETC@@KPAUIAdviseSink@@PAK@Z 10002fa4 f i BumpBar.obj
 0001:00001fe5       ?DUnadvise@?$IDataObjectImpl@VCOPOSBumpBar@@@ATL@@UAGJK@Z 10002fe5 f i BumpBar.obj
 0001:00002013       ?EnumDAdvise@?$IDataObjectImpl@VCOPOSBumpBar@@@ATL@@UAGJPAPAUIEnumSTATDATA@@@Z 10003013 f i BumpBar.obj
 0001:00002052       ?GetClassInfoW@?$IProvideClassInfo2Impl@$1?CLSID_OPOSBumpBar@@3U_GUID@@B$1?DIID__IOPOSBumpBarEvents@@3U2@B$1?LIBID_OposBumpBar_CCO@@3U2@B$00$0A@VCComTypeInfoHolder@ATL@@@ATL@@UAGJPAPAUITypeInfo@@@Z 10003052 f i BumpBar.obj
 0001:00002068       ?GetGUID@?$IProvideClassInfo2Impl@$1?CLSID_OPOSBumpBar@@3U_GUID@@B$1?DIID__IOPOSBumpBarEvents@@3U2@B$1?LIBID_OposBumpBar_CCO@@3U2@B$00$0A@VCComTypeInfoHolder@ATL@@@ATL@@UAGJKPAU_GUID@@@Z 10003068 f i BumpBar.obj
 0001:000020a6       ?FAccessAllowed@?$IObjectSafetyImpl@VCOPOSBumpBar@@$02@ATL@@MAEHXZ 100030a6 f i BumpBar.obj
 0001:000020a6       __get_startup_argv_mode    100030a6 f i LIBCMT:argv_mode.obj
 0001:000020aa       ?GetInterfaceSafetyOptions@?$IObjectSafetyImpl@VCOPOSBumpBar@@$02@ATL@@UAGJABU_GUID@@PAK1@Z 100030aa f i BumpBar.obj
 0001:0000211e       ?SetInterfaceSafetyOptions@?$IObjectSafetyImpl@VCOPOSBumpBar@@$02@ATL@@UAGJABU_GUID@@KK@Z 1000311e f i BumpBar.obj
 0001:00002198       ?_LocCPQueryInterface@?$IConnectionPointImpl@VCOPOSBumpBar@@$1?DIID__IOPOSBumpBarEvents@@3U_GUID@@BVCComDynamicUnkArray@ATL@@@ATL@@UAGJABU_GUID@@PAPAX@Z 10003198 f i BumpBar.obj
 0001:00002198       ?_LocCPQueryInterface@?$IConnectionPointImpl@VCOPOSBumpBar@@$1?IID_IPropertyNotifySink@@3U_GUID@@BVCComDynamicUnkArray@ATL@@@ATL@@UAGJABU_GUID@@PAPAX@Z 10003198 f i BumpBar.obj
 0001:000021e5       ?GetConnectionInterface@?$IConnectionPointImpl@VCOPOSBumpBar@@$1?IID_IPropertyNotifySink@@3U_GUID@@BVCComDynamicUnkArray@ATL@@@ATL@@UAGJPAU_GUID@@@Z 100031e5 f i BumpBar.obj
 0001:00002209       ?GetConnectionPointContainer@?$IConnectionPointImpl@VCOPOSBumpBar@@$1?IID_IPropertyNotifySink@@3U_GUID@@BVCComDynamicUnkArray@ATL@@@ATL@@UAGJPAPAUIConnectionPointContainer@@@Z 10003209 f i BumpBar.obj
 0001:0000222c       ?Advise@?$IConnectionPointImpl@VCOPOSBumpBar@@$1?IID_IPropertyNotifySink@@3U_GUID@@BVCComDynamicUnkArray@ATL@@@ATL@@UAGJPAUIUnknown@@PAK@Z 1000322c f i BumpBar.obj
 0001:0000222c       ?Advise@?$IConnectionPointImpl@VCOPOSBumpBar@@$1?DIID__IOPOSBumpBarEvents@@3U_GUID@@BVCComDynamicUnkArray@ATL@@@ATL@@UAGJPAUIUnknown@@PAK@Z 1000322c f i BumpBar.obj
 0001:000022cd       ?Unadvise@?$IConnectionPointImpl@VCOPOSBumpBar@@$1?IID_IPropertyNotifySink@@3U_GUID@@BVCComDynamicUnkArray@ATL@@@ATL@@UAGJK@Z 100032cd f i BumpBar.obj
 0001:000022cd       ?Unadvise@?$IConnectionPointImpl@VCOPOSBumpBar@@$1?DIID__IOPOSBumpBarEvents@@3U_GUID@@BVCComDynamicUnkArray@ATL@@@ATL@@UAGJK@Z 100032cd f i BumpBar.obj
 0001:0000230d       ?EnumConnections@?$IConnectionPointImpl@VCOPOSBumpBar@@$1?IID_IPropertyNotifySink@@3U_GUID@@BVCComDynamicUnkArray@ATL@@@ATL@@UAGJPAPAUIEnumConnections@@@Z 1000330d f i BumpBar.obj
 0001:0000230d       ?EnumConnections@?$IConnectionPointImpl@VCOPOSBumpBar@@$1?DIID__IOPOSBumpBarEvents@@3U_GUID@@BVCComDynamicUnkArray@ATL@@@ATL@@UAGJPAPAUIEnumConnections@@@Z 1000330d f i BumpBar.obj
 0001:00002413       ?GetObjectDescription@?$CComCoClass@VCOPOSBumpBar@@$1?CLSID_OPOSBumpBar@@3U_GUID@@B@ATL@@SGPB_WXZ 10003413 f i BumpBar.obj
 0001:00002413       ?GetCategoryMap@CComObjectRootBase@ATL@@SAPBU_ATL_CATMAP_ENTRY@2@XZ 10003413 f i BumpBar.obj
 0001:00002416       ?GetConnectionInterface@?$IConnectionPointImpl@VCOPOSBumpBar@@$1?DIID__IOPOSBumpBarEvents@@3U_GUID@@BVCComDynamicUnkArray@ATL@@@ATL@@UAGJPAU_GUID@@@Z 10003416 f i BumpBar.obj
 0001:0000243a       ?GetConnectionPointContainer@?$IConnectionPointImpl@VCOPOSBumpBar@@$1?DIID__IOPOSBumpBarEvents@@3U_GUID@@BVCComDynamicUnkArray@ATL@@@ATL@@UAGJPAPAUIConnectionPointContainer@@@Z 1000343a f i BumpBar.obj
 0001:0000245d       ?UpdateRegistry@COPOSBumpBar@@SGJH@Z 1000345d f i BumpBar.obj
 0001:00002475       ?ProcessWindowMessage@COPOSBumpBar@@UAEHPAUHWND__@@IIJAAJK@Z 10003475 f i BumpBar.obj
 0001:000024be       ?SOData@COPOSBumpBar@@MAGJJ@Z 100034be f i BumpBar.obj
 0001:000024f7       ?SODirectIO@COPOSBumpBar@@MAGJJPAJPAPA_W@Z 100034f7 f i BumpBar.obj
 0001:00002540       ?SOError@COPOSBumpBar@@MAGJJJJPAJ@Z 10003540 f i BumpBar.obj
 0001:00002595       ?SOOutputComplete@COPOSBumpBar@@MAGJJ@Z 10003595 f i BumpBar.obj
 0001:000025ce       ?SOStatusUpdate@COPOSBumpBar@@MAGJJ@Z 100035ce f i BumpBar.obj
 0001:00002607       ?CreateInstance@?$CComCreator@V?$CComObjectCached@VCComClassFactory@ATL@@@ATL@@@ATL@@SGJPAXABU_GUID@@PAPAX@Z 10003607 f i BumpBar.obj
 0001:0000269a       ?CreateInstance@?$CComCreator2@V?$CComCreator@V?$CComObject@VCOPOSBumpBar@@@ATL@@@ATL@@V?$CComCreator@V?$CComAggObject@VCOPOSBumpBar@@@ATL@@@2@@ATL@@SGJPAXABU_GUID@@PAPAX@Z 1000369a f i BumpBar.obj
 0001:000026ba       ?Next@?$CComEnumImpl@UIEnumConnectionPoints@@$1?_GUID_b196b285_bab4_101a_b69c_00aa00341d07@@3U__s_GUID@@BPAUIConnectionPoint@@V?$_CopyInterface@UIConnectionPoint@@@ATL@@@ATL@@UAGJKPAPAUIConnectionPoint@@PAK@Z 100036ba f i BumpBar.obj
 0001:00002791       ?Skip@?$CComEnumImpl@UIEnumConnectionPoints@@$1?_GUID_b196b285_bab4_101a_b69c_00aa00341d07@@3U__s_GUID@@BPAUIConnectionPoint@@V?$_CopyInterface@UIConnectionPoint@@@ATL@@@ATL@@UAGJK@Z 10003791 f i BumpBar.obj
 0001:000027be       ?Clone@?$CComEnumImpl@UIEnumConnectionPoints@@$1?_GUID_b196b285_bab4_101a_b69c_00aa00341d07@@3U__s_GUID@@BPAUIConnectionPoint@@V?$_CopyInterface@UIConnectionPoint@@@ATL@@@ATL@@UAGJPAPAUIEnumConnectionPoints@@@Z 100037be f i BumpBar.obj
 0001:0000289f       ?QueryInterface@?$CComObject@V?$CComEnum@UIEnumConnectionPoints@@$1?_GUID_b196b285_bab4_101a_b69c_00aa00341d07@@3U__s_GUID@@BPAUIConnectionPoint@@V?$_CopyInterface@UIConnectionPoint@@@ATL@@VCComSingleThreadModel@6@@ATL@@@ATL@@UAGJABU_GUID@@PAPAX@Z 1000389f f i BumpBar.obj
 0001:000028b9       ??_E?$CComObject@V?$CComEnum@UIEnumConnectionPoints@@$1?_GUID_b196b285_bab4_101a_b69c_00aa00341d07@@3U__s_GUID@@BPAUIConnectionPoint@@V?$_CopyInterface@UIConnectionPoint@@@ATL@@VCComSingleThreadModel@6@@ATL@@@ATL@@UAEPAXI@Z 100038b9 f i BumpBar.obj
 0001:000028b9       ??_G?$CComObject@V?$CComEnum@UIEnumConnectionPoints@@$1?_GUID_b196b285_bab4_101a_b69c_00aa00341d07@@3U__s_GUID@@BPAUIConnectionPoint@@V?$_CopyInterface@UIConnectionPoint@@@ATL@@VCComSingleThreadModel@6@@ATL@@@ATL@@UAEPAXI@Z 100038b9 f i BumpBar.obj
 0001:000028db       ?CreateInstance@CComClassFactory@ATL@@UAGJPAUIUnknown@@ABU_GUID@@PAPAX@Z 100038db f i BumpBar.obj
 0001:00002919       ?LockServer@CComClassFactory@ATL@@UAGJH@Z 10003919 f i BumpBar.obj
 0001:00002938       ??_GCComClassFactory@ATL@@UAEPAXI@Z 10003938 f i BumpBar.obj
 0001:00002938       ??_ECComClassFactory@ATL@@UAEPAXI@Z 10003938 f i BumpBar.obj
 0001:00002963       ??$?4UITypeInfo2@@@?$CComPtr@UITypeInfo@@@ATL@@QAEPAUITypeInfo@@ABV?$CComPtr@UITypeInfo2@@@1@@Z 10003963 f i BumpBar.obj
 0001:00002990       ??$AtlAdd@K@ATL@@YAJPAKKK@Z 10003990 f i BumpBar.obj
 0001:000029b3       ??$AtlAdd@_K@ATL@@YAJPA_K_K1@Z 100039b3 f i BumpBar.obj
 0001:000029eb       ??$AtlAddThrow@K@ATL@@YAKKK@Z 100039eb f i BumpBar.obj
 0001:00002a11       ??$AtlModuleRegisterWndClassInfoT@VAtlModuleRegisterWndClassInfoParamW@ATL@@@ATL@@YAGPAU_ATL_BASE_MODULE70@0@PAU_ATL_WIN_MODULE70@0@PAU_ATL_WNDCLASSINFOW@0@PAP6GJPAUHWND__@@IIJ@ZVAtlModuleRegisterWndClassInfoParamW@0@@Z 10003a11 f i BumpBar.obj
 0001:00002b5f       ??$AtlMultiply@H@ATL@@YAJPAHHH@Z 10003b5f f i BumpBar.obj
 0001:00002b97       ??$AtlMultiply@K@ATL@@YAJPAKKK@Z 10003b97 f i BumpBar.obj
 0001:00002b97       ??$AtlMultiply@I@ATL@@YAJPAIII@Z 10003b97 f i BumpBar.obj
 0001:00002bb9       ??$AtlMultiplyThrow@I@ATL@@YAIII@Z 10003bb9 f i BumpBar.obj
 0001:00002bdf       ??0?$CComAggObject@VCOPOSBumpBar@@@ATL@@QAE@PAX@Z 10003bdf f i BumpBar.obj
 0001:00002c0c       ??0?$CComContainedObject@VCOPOSBumpBar@@@ATL@@QAE@PAX@Z 10003c0c f i BumpBar.obj
 0001:00002cc5       ??0?$CComObject@V?$CComEnum@UIEnumConnectionPoints@@$1?_GUID_b196b285_bab4_101a_b69c_00aa00341d07@@3U__s_GUID@@BPAUIConnectionPoint@@V?$_CopyInterface@UIConnectionPoint@@@ATL@@VCComSingleThreadModel@6@@ATL@@@ATL@@QAE@PAX@Z 10003cc5 f i BumpBar.obj
 0001:00002cf3       ??0?$CComObject@V?$CComEnum@UIEnumConnections@@$1?_GUID_b196b287_bab4_101a_b69c_00aa00341d07@@3U__s_GUID@@BUtagCONNECTDATA@@V?$_Copy@UtagCONNECTDATA@@@ATL@@VCComSingleThreadModel@6@@ATL@@@ATL@@QAE@PAX@Z 10003cf3 f i BumpBar.obj
 0001:00002d21       ??0?$CComObject@VCOPOSBumpBar@@@ATL@@QAE@PAX@Z 10003d21 f i BumpBar.obj
 0001:00002dd8       ??0?$CComQIPtr@UIOleControlSite@@$1?_GUID_b196b289_bab4_101a_b69c_00aa00341d07@@3U__s_GUID@@B@ATL@@QAE@PAUIUnknown@@@Z 10003dd8 f i BumpBar.obj
 0001:00002e01       ??0CAtlModule@ATL@@QAE@XZ  10003e01 f i BumpBar.obj
 0001:00002e42       ??0CParseBuffer@CRegParser@ATL@@QAE@H@Z 10003e42 f i BumpBar.obj
 0001:00002e78       ??0_ATL_MSG@ATL@@QAE@PAUHWND__@@IIJH@Z 10003e78 f i BumpBar.obj
 0001:00002eb0       ??1?$CComAggObject@VCOPOSBumpBar@@@ATL@@UAE@XZ 10003eb0 f i BumpBar.obj
 0001:00002ed4       ??1?$CComEnumImpl@UIEnumConnectionPoints@@$1?_GUID_b196b285_bab4_101a_b69c_00aa00341d07@@3U__s_GUID@@BPAUIConnectionPoint@@V?$_CopyInterface@UIConnectionPoint@@@ATL@@@ATL@@UAE@XZ 10003ed4 f i BumpBar.obj
 0001:00002f14       ??1?$CComEnumImpl@UIEnumConnections@@$1?_GUID_b196b287_bab4_101a_b69c_00aa00341d07@@3U__s_GUID@@BUtagCONNECTDATA@@V?$_Copy@UtagCONNECTDATA@@@ATL@@@ATL@@UAE@XZ 10003f14 f i BumpBar.obj
 0001:00002f54       ??1?$CComObject@V?$CComEnum@UIEnumConnectionPoints@@$1?_GUID_b196b285_bab4_101a_b69c_00aa00341d07@@3U__s_GUID@@BPAUIConnectionPoint@@V?$_CopyInterface@UIConnectionPoint@@@ATL@@VCComSingleThreadModel@6@@ATL@@@ATL@@UAE@XZ 10003f54 f i BumpBar.obj
 0001:00002f77       ??1?$CComObject@V?$CComEnum@UIEnumConnections@@$1?_GUID_b196b287_bab4_101a_b69c_00aa00341d07@@3U__s_GUID@@BUtagCONNECTDATA@@V?$_Copy@UtagCONNECTDATA@@@ATL@@VCComSingleThreadModel@6@@ATL@@@ATL@@UAE@XZ 10003f77 f i BumpBar.obj
 0001:00002f9a       ??1?$CComObject@VCOPOSBumpBar@@@ATL@@UAE@XZ 10003f9a f i BumpBar.obj
 0001:00003058       ??1?$CComObjectCached@VCComClassFactory@ATL@@@ATL@@UAE@XZ 10004058 f i BumpBar.obj
 0001:0000306e       ??1?$CComObjectRootEx@VCComMultiThreadModel@ATL@@@ATL@@QAE@XZ 1000406e f i BumpBar.obj
 0001:00003083       ??1CRegObject@ATL@@UAE@XZ  10004083 f i BumpBar.obj
 0001:000030a3       ??4?$CComPtr@UIUnknown@@@ATL@@QAEPAUIUnknown@@PAU2@@Z 100040a3 f i BumpBar.obj
 0001:000030a3       ??4?$CComPtr@UIAdviseSink@@@ATL@@QAEPAUIAdviseSink@@PAU2@@Z 100040a3 f i BumpBar.obj
 0001:000030a3       ??4?$CComPtr@UIOleClientSite@@@ATL@@QAEPAUIOleClientSite@@PAU2@@Z 100040a3 f i BumpBar.obj
 0001:000030d7       ??4?$CComQIPtr@UIOleObject@@$1?_GUID_00000112_0000_0000_c000_000000000046@@3U__s_GUID@@B@ATL@@QAEPAUIOleObject@@PAUIUnknown@@@Z 100040d7 f i BumpBar.obj
 0001:000030fc       ??4?$CComQIPtr@UISpecifyPropertyPages@@$1?_GUID_b196b28b_bab4_101a_b69c_00aa00341d07@@3U__s_GUID@@B@ATL@@QAEPAUISpecifyPropertyPages@@PAUIUnknown@@@Z 100040fc f i BumpBar.obj
 0001:00003121       ??_E?$CComContainedObject@VCOPOSBumpBar@@@ATL@@UAEPAXI@Z 10004121 f i BumpBar.obj
 0001:00003121       ??_G?$CComContainedObject@VCOPOSBumpBar@@@ATL@@UAEPAXI@Z 10004121 f i BumpBar.obj
 0001:00003146       ??_E?$CComObject@VCOPOSBumpBar@@@ATL@@UAEPAXI@Z 10004146 f i BumpBar.obj
 0001:00003146       ??_G?$CComObject@VCOPOSBumpBar@@@ATL@@UAEPAXI@Z 10004146 f i BumpBar.obj
 0001:0000316b       ?Add@?$CSimpleArray@GV?$CSimpleArrayEqualHelper@G@ATL@@@ATL@@QAEHABG@Z 1000416b f i BumpBar.obj
 0001:000031ef       ?Add@?$CSimpleMap@PA_WPA_WVCExpansionVectorEqualHelper@ATL@@@ATL@@QAEHABQA_W0@Z 100041ef f i BumpBar.obj
 0001:00003244       ?Add@CComDynamicUnkArray@ATL@@QAEKPAUIUnknown@@@Z 10004244 f i BumpBar.obj
 0001:000032fa       ?Add@CExpansionVector@ATL@@QAEHPB_W0@Z 100042fa f i BumpBar.obj
 0001:000033fe       ?AddString@CParseBuffer@CRegParser@ATL@@QAEHPB_W@Z 100043fe f i BumpBar.obj
 0001:00003433       ?AddValue@CRegParser@ATL@@IAEJAAVCRegKey@2@PB_WPA_W@Z 10004433 f i BumpBar.obj
 0001:00003754       ?Allocate@?$CAtlSafeAllocBufferManager@VCCRTAllocator@ATL@@@_ATL_SAFE_ALLOCA_IMPL@ATL@@QAEPAXK@Z 10004754 f i BumpBar.obj
 0001:00003781       ?Allocate@?$CTempBuffer@E$0BAA@VCCRTAllocator@ATL@@@ATL@@QAEPAEI@Z 10004781 f i BumpBar.obj
 0001:000037b0       ?Allocate@?$CTempBuffer@_W$0BAA@VCCRTAllocator@ATL@@@ATL@@QAEPA_WI@Z 100047b0 f i BumpBar.obj
 0001:000037df       ?Allocate@?$CTempBuffer@_W$0EAA@VCCRTAllocator@ATL@@@ATL@@QAEPA_WI@Z 100047df f i BumpBar.obj
 0001:0000380e       ?AllocateHeap@?$CTempBuffer@E$0BAA@VCCRTAllocator@ATL@@@ATL@@AAEXI@Z 1000480e f i BumpBar.obj
 0001:0000380e       ?AllocateHeap@?$CTempBuffer@_W$0EAA@VCCRTAllocator@ATL@@@ATL@@AAEXI@Z 1000480e f i BumpBar.obj
 0001:0000380e       ?AllocateHeap@?$CTempBuffer@_W$0BAA@VCCRTAllocator@ATL@@@ATL@@AAEXI@Z 1000480e f i BumpBar.obj
 0001:00003833       ?Append@CParseBuffer@CRegParser@ATL@@QAEHPB_WH@Z 10004833 f i BumpBar.obj
 0001:000038c1       ?AtlCallTermFunc@ATL@@YGXPAU_ATL_MODULE70@1@@Z 100048c1 f i BumpBar.obj
 0001:00003905       ?AtlCoTaskMemCAlloc@ATL@@YAPAXKK@Z 10004905 f i BumpBar.obj
 0001:00003932       ?AtlCoTaskMemRecalloc@ATL@@YAPAXPAXKK@Z 10004932 f i BumpBar.obj
 0001:00003962       ?AtlComModuleGetClassObject@ATL@@YGJPAU_ATL_COM_MODULE70@1@ABU_GUID@@1PAPAX@Z 10004962 f i BumpBar.obj
 0001:00003a55       ?AtlComModuleRegisterServer@ATL@@YGJPAU_ATL_COM_MODULE70@1@HPBU_GUID@@@Z 10004a55 f i BumpBar.obj
 0001:00003add       ?AtlComModuleUnregisterServer@ATL@@YGJPAU_ATL_COM_MODULE70@1@HPBU_GUID@@@Z 10004add f i BumpBar.obj
 0001:00003b65       ?AtlComQIPtrAssign2@ATL@@YAXPAPAUIUnknown@@PAU2@ABU_GUID@@@Z 10004b65 f i BumpBar.obj
 0001:00003b94       ?AtlCreateTargetDC@ATL@@YGPAUHDC__@@PAU2@PAUtagDVTARGETDEVICE@@@Z 10004b94 f i BumpBar.obj
 0001:00003bfd       ?AtlCrtErrorCheck@ATL@@YAHH@Z 10004bfd f i BumpBar.obj
 0001:00003c38       ?AtlHiMetricToPixel@ATL@@YGXPBUtagSIZE@@PAU2@@Z 10004c38 f i BumpBar.obj
 0001:00003cad       ?AtlHresultFromLastError@ATL@@YAJXZ 10004cad f i BumpBar.obj
 0001:00003cc4       ?AtlHresultFromWin32@ATL@@YAJK@Z 10004cc4 f i BumpBar.obj
 0001:00003cd9       ?AtlIPersistStreamInit_Load@ATL@@YGJPAUIStream@@PBUATL_PROPMAP_ENTRY@1@PAXPAUIUnknown@@@Z 10004cd9 f i BumpBar.obj
 0001:00003eb9       ?AtlIPersistStreamInit_Save@ATL@@YGJPAUIStream@@HPBUATL_PROPMAP_ENTRY@1@PAXPAUIUnknown@@@Z 10004eb9 f i BumpBar.obj
 0001:00004051       ?AtlInternalOleLoadFromStream@ATL@@YAJPAUIStream@@ABU_GUID@@PAPAXTClassesAllowedInStream@1@K@Z 10005051 f i BumpBar.obj
 0001:00004177       ?AtlInternalQueryInterface@ATL@@YGJPAXPBU_ATL_INTMAP_ENTRY@1@ABU_GUID@@PAPAX@Z 10005177 f i BumpBar.obj
 0001:0000421a       ?AtlLoadTypeLib@ATL@@YGJPAUHINSTANCE__@@PB_WPAPA_WPAPAUITypeLib@@@Z 1000521a f i BumpBar.obj
 0001:000043f8       ?AtlModuleAddTermFunc@ATL@@YGJPAU_ATL_MODULE70@1@P6GXK@ZK@Z 100053f8 f i BumpBar.obj
 0001:00004455       ?AtlRegisterClassCategoriesHelper@ATL@@YGJABU_GUID@@PBU_ATL_CATMAP_ENTRY@1@H@Z 10005455 f i BumpBar.obj
 0001:00004735       ?AtlRegisterTypeLib@ATL@@YGJPAUHINSTANCE__@@PB_W@Z 10005735 f i BumpBar.obj
 0001:000048bd       ?AtlThrowImpl@ATL@@YGXJ@Z  100058bd f i BumpBar.obj
 0001:000048db       ?AtlUnRegisterTypeLib@ATL@@YGJPAUHINSTANCE__@@PB_W@Z 100058db f i BumpBar.obj
 0001:00004986       ?AtlWinModuleAddCreateWndData@ATL@@YGXPAU_ATL_WIN_MODULE70@1@PAU_AtlCreateWndData@1@PAX@Z 10005986 f i BumpBar.obj
 0001:000049da       ?AtlWinModuleExtractCreateWndData@ATL@@YGPAXPAU_ATL_WIN_MODULE70@1@@Z 100059da f i BumpBar.obj
 0001:00004a3d       ?AtlWinModuleRegisterClassExW@ATL@@YGGPAU_ATL_WIN_MODULE70@1@PBUtagWNDCLASSEXW@@@Z 10005a3d f i BumpBar.obj
 0001:00004a7c       ?CanForceRemoveKey@CRegParser@ATL@@IAEHPB_W@Z 10005a7c f i BumpBar.obj
 0001:00004aab       ?ChToByte@CRegParser@ATL@@KAE_W@Z 10005aab f i BumpBar.obj
 0001:00004ade       ?Cleanup@CComTypeInfoHolder@ATL@@SGXK@Z 10005ade f i BumpBar.obj
 0001:00004b11       ?ClearReplacements@CExpansionVector@ATL@@QAEJXZ 10005b11 f i BumpBar.obj
 0001:00004b4e       ?Close@CRegKey@ATL@@QAEJXZ 10005b4e f i BumpBar.obj
 0001:00004b68       ?CreateInstance@?$CComCreator@V?$CComAggObject@VCOPOSBumpBar@@@ATL@@@ATL@@SGJPAXABU_GUID@@PAPAX@Z 10005b68 f i BumpBar.obj
 0001:00004bde       ?CreateInstance@?$CComCreator@V?$CComObject@VCOPOSBumpBar@@@ATL@@@ATL@@SGJPAXABU_GUID@@PAPAX@Z 10005bde f i BumpBar.obj
 0001:00004c5f       ?CreateInstance@?$CComObject@V?$CComEnum@UIEnumConnectionPoints@@$1?_GUID_b196b285_bab4_101a_b69c_00aa00341d07@@3U__s_GUID@@BPAUIConnectionPoint@@V?$_CopyInterface@UIConnectionPoint@@@ATL@@VCComSingleThreadModel@6@@ATL@@@ATL@@SGJPAPAV12@@Z 10005c5f f i BumpBar.obj
 0001:00004ca6       ?CreateInstance@?$CComObject@V?$CComEnum@UIEnumConnections@@$1?_GUID_b196b287_bab4_101a_b69c_00aa00341d07@@3U__s_GUID@@BUtagCONNECTDATA@@V?$_Copy@UtagCONNECTDATA@@@ATL@@VCComSingleThreadModel@6@@ATL@@@ATL@@SGJPAPAV12@@Z 10005ca6 f i BumpBar.obj
 0001:00004ced       ?DefaultReflectionHandler@?$CWindowImplRoot@VCWindow@ATL@@@ATL@@SAHPAUHWND__@@IIJAAJ@Z 10005ced f i BumpBar.obj
 0001:00004d60       ?DeleteSubKey@CRegKey@ATL@@QAEJPB_W@Z 10005d60 f i BumpBar.obj
 0001:00004dd9       ?DoEvent@COPOSBumpBar@@IAEXIIJ@Z 10005dd9 f i BumpBar.obj
 0001:00004e59       ?DoVerbHide@?$IOleObjectImpl@VCOPOSBumpBar@@@ATL@@QAEJPBUtagRECT@@PAUHWND__@@@Z 10005e59 f i BumpBar.obj
 0001:00004e8f       ?DoVerbInPlaceActivate@?$IOleObjectImpl@VCOPOSBumpBar@@@ATL@@QAEJPBUtagRECT@@PAUHWND__@@@Z 10005e8f f i BumpBar.obj
 0001:00004ec2       ?DoVerbPrimary@?$IOleObjectImpl@VCOPOSBumpBar@@@ATL@@QAEJPBUtagRECT@@PAUHWND__@@@Z 10005ec2 f i BumpBar.obj
 0001:00004f4e       ?DoVerbProperties@CComControlBase@ATL@@QAEJPBUtagRECT@@PAUHWND__@@@Z 10005f4e f i BumpBar.obj
 0001:00005075       ?DoVerbShow@?$IOleObjectImpl@VCOPOSBumpBar@@@ATL@@QAEJPBUtagRECT@@PAUHWND__@@@Z 10006075 f i BumpBar.obj
 0001:0000509a       ?DoVerbUIActivate@?$IOleObjectImpl@VCOPOSBumpBar@@@ATL@@QAEJPBUtagRECT@@PAUHWND__@@@Z 1000609a f i BumpBar.obj
 0001:000050d7       ?DoesVerbActivate@CComControlBase@ATL@@QAEHJ@Z 100060d7 f i BumpBar.obj
 0001:000050f8       ?DoesVerbUIActivate@CComControlBase@ATL@@QAEHJ@Z 100060f8 f i BumpBar.obj
 0001:0000512d       ?EndOfVar@CRegParser@ATL@@IAEHXZ 1000612d f i BumpBar.obj
 0001:0000514d       ?EscapeSingleQuote@CAtlModule@ATL@@SAXPA_WIPB_W@Z 1000614d f i BumpBar.obj
 0001:0000519c       ?FindKey@?$CSimpleMap@PA_WPA_WVCExpansionVectorEqualHelper@ATL@@@ATL@@QBEHABQA_W@Z 1000619c f i BumpBar.obj
 0001:000051d3       ?FireTheEvent@?$CProxy_IOPOSEvents@VCOPOSBumpBar@@@@IAEXPAVOposVariant@@IAAJPB_WJ@Z 100061d3 f i BumpBar.obj
 0001:00005265       ?FireViewChange@CComControlBase@ATL@@QAEJXZ 10006265 f i BumpBar.obj
 0001:000052ae       ?Fire_DataEvent@?$CProxy_IOPOSEvents@VCOPOSBumpBar@@@@QAEXJ@Z 100062ae f i BumpBar.obj
 0001:0000533a       ?Fire_DirectIOEvent@?$CProxy_IOPOSEvents@VCOPOSBumpBar@@@@QAEXJPAJPAPA_W@Z 1000633a f i BumpBar.obj
 0001:00005420       ?Fire_ErrorEvent@?$CProxy_IOPOSEvents@VCOPOSBumpBar@@@@QAEXJJJPAJ@Z 10006420 f i BumpBar.obj
 0001:00005507       ?Fire_OutputCompleteEvent@?$CProxy_IOPOSEvents@VCOPOSBumpBar@@@@QAEXJ@Z 10006507 f i BumpBar.obj
 0001:00005593       ?Fire_StatusUpdateEvent@?$CProxy_IOPOSEvents@VCOPOSBumpBar@@@@QAEXJ@Z 10006593 f i BumpBar.obj
 0001:0000561f       ?FreeHeap@?$CTempBuffer@E$0BAA@VCCRTAllocator@ATL@@@ATL@@AAEXXZ 1000661f f i BumpBar.obj
 0001:0000561f       ?FreeHeap@?$CTempBuffer@_W$0BAA@VCCRTAllocator@ATL@@@ATL@@AAEXXZ 1000661f f i BumpBar.obj
 0001:0000561f       ?FreeHeap@?$CTempBuffer@_W$0EAA@VCCRTAllocator@ATL@@@ATL@@AAEXXZ 1000661f f i BumpBar.obj
 0001:00005628       ?GetAmbientLocaleID@CComControlBase@ATL@@QAEJAAK@Z 10006628 f i BumpBar.obj
 0001:00005684       ?GetAmbientUserMode@CComControlBase@ATL@@QAEJAAH@Z 10006684 f i BumpBar.obj
 0001:000056f4       ?GetAt@CComDynamicUnkArray@ATL@@QAEPAUIUnknown@@H@Z 100066f4 f i BumpBar.obj
 0001:00005710       ?GetClassObject@CComModule@ATL@@QAEJABU_GUID@@0PAPAX@Z 10006710 f i BumpBar.obj
 0001:000057b2       ?GetConnMap@COPOSBumpBar@@SAPBU_ATL_CONNMAP_ENTRY@ATL@@PAH@Z 100067b2 f i BumpBar.obj
 0001:00005822       ?GetCookie@CComDynamicUnkArray@ATL@@QAGKPAPAUIUnknown@@@Z 10006822 f i BumpBar.obj
 0001:0000585a       ?GetIDsOfNames@CComTypeInfoHolder@ATL@@QAEJABU_GUID@@PAPA_WIKPAJ@Z 1000685a f i BumpBar.obj
 0001:00005968       ?GetKeyAt@?$CSimpleMap@PA_WPA_WVCExpansionVectorEqualHelper@ATL@@@ATL@@QBEAAPA_WH@Z 10006968 f i BumpBar.obj
 0001:0000598d       ?GetPagesHelper@?$ISpecifyPropertyPagesImpl@VCOPOSBumpBar@@@ATL@@IAEJPAUtagCAUUID@@PBUATL_PROPMAP_ENTRY@2@@Z 1000698d f i BumpBar.obj
 0001:00005ab4       ?GetProperty@?$CComPtr@UIDispatch@@@ATL@@SAJPAUIDispatch@@JPAUtagVARIANT@@@Z 10006ab4 f i BumpBar.obj
 0001:00005b03       ?GetSizeMax@CComVariant@ATL@@QBEJPAT_ULARGE_INTEGER@@@Z 10006b03 f i BumpBar.obj
 0001:00005cbd       ?GetStreamSize@CComBSTR@ATL@@SAKPA_W@Z 10006cbd f i BumpBar.obj
 0001:00005cd7       ?GetTI@CComTypeInfoHolder@ATL@@QAEJK@Z 10006cd7 f i BumpBar.obj
 0001:00005ec0       ?GetTI@CComTypeInfoHolder@ATL@@QAEJKPAPAUITypeInfo@@@Z 10006ec0 f i BumpBar.obj
 0001:00005f02       ?GetUnknown@CComDynamicUnkArray@ATL@@QAGPAUIUnknown@@K@Z 10006f02 f i BumpBar.obj
 0001:00005f23       ?GetValueAt@?$CSimpleMap@PA_WPA_WVCExpansionVectorEqualHelper@ATL@@@ATL@@QBEAAPA_WH@Z 10006f23 f i BumpBar.obj
 0001:00005f49       ?GetZoomInfo@CComControlBase@ATL@@QAEXAAUATL_DRAWINFO@@@Z 10006f49 f i BumpBar.obj
 0001:00005fdc       ?HKeyFromString@CRegParser@ATL@@KAPAUHKEY__@@PA_W@Z 10006fdc f i BumpBar.obj
 0001:0000600a       ?HasSubKeys@CRegParser@ATL@@IAEHPAUHKEY__@@@Z 1000700a f i BumpBar.obj
 0001:0000603f       ?IDataObject_GetData@CComControlBase@ATL@@QAEJPAUtagFORMATETC@@PAUtagSTGMEDIUM@@@Z 1000703f f i BumpBar.obj
 0001:000061e5       ?IOleInPlaceObject_InPlaceDeactivate@CComControlBase@ATL@@QAEJXZ 100071e5 f i BumpBar.obj
 0001:0000626c       ?IOleInPlaceObject_SetObjectRects@CComControlBase@ATL@@QAEJPBUtagRECT@@0@Z 1000726c f i BumpBar.obj
 0001:00006339       ?IOleInPlaceObject_UIDeactivate@CComControlBase@ATL@@QAEJXZ 10007339 f i BumpBar.obj
 0001:000063fb       ?IOleObject_Advise@CComControlBase@ATL@@QAEJPAUIAdviseSink@@PAK@Z 100073fb f i BumpBar.obj
 0001:00006425       ?IOleObject_Close@CComControlBase@ATL@@QAEJK@Z 10007425 f i BumpBar.obj
 0001:00006509       ?IOleObject_GetClientSite@CComControlBase@ATL@@QAEJPAPAUIOleClientSite@@@Z 10007509 f i BumpBar.obj
 0001:00006532       ?IOleObject_SetClientSite@CComControlBase@ATL@@QAEJPAUIOleClientSite@@@Z 10007532 f i BumpBar.obj
 0001:00006571       ?IOleObject_SetExtent@CComControlBase@ATL@@QAEJKPAUtagSIZE@@@Z 10007571 f i BumpBar.obj
 0001:00006625       ?IPSI_GetIPersistStreamInit@?$IPersistStorageImpl@VCOPOSBumpBar@@@ATL@@AAEPAUIPersistStreamInit@@XZ 10007625 f i BumpBar.obj
 0001:00006667       ?IPersistStreamInit_Load@?$IPersistStreamInitImpl@VCOPOSBumpBar@@@ATL@@QAEJPAUIStream@@PBUATL_PROPMAP_ENTRY@2@@Z 10007667 f i BumpBar.obj
 0001:00006693       ?IPersistStreamInit_Save@?$IPersistStreamInitImpl@VCOPOSBumpBar@@@ATL@@QAEJPAUIStream@@HPBUATL_PROPMAP_ENTRY@2@@Z 10007693 f i BumpBar.obj
 0001:000066c8       ?IQuickActivate_QuickActivate@CComControlBase@ATL@@QAEJPAUtagQACONTAINER@@PAUtagQACONTROL@@@Z 100076c8 f i BumpBar.obj
 0001:0000690a       ?IViewObject_Draw@CComControlBase@ATL@@QAEJKJPAXPAUtagDVTARGETDEVICE@@PAUHDC__@@2PBU_RECTL@@3@Z 1000790a f i BumpBar.obj
 0001:000069b2       ?InPlaceActivate@CComControlBase@ATL@@QAEJJPBUtagRECT@@@Z 100079b2 f i BumpBar.obj
 0001:00006c23       ?Init@?$CComEnumImpl@UIEnumConnectionPoints@@$1?_GUID_b196b285_bab4_101a_b69c_00aa00341d07@@3U__s_GUID@@BPAUIConnectionPoint@@V?$_CopyInterface@UIConnectionPoint@@@ATL@@@ATL@@QAEJPAPAUIConnectionPoint@@0PAUIUnknown@@W4CComEnumFlags@2@@Z 10007c23 f i BumpBar.obj
 0001:00006d02       ?Init@?$CComEnumImpl@UIEnumConnections@@$1?_GUID_b196b287_bab4_101a_b69c_00aa00341d07@@3U__s_GUID@@BUtagCONNECTDATA@@V?$_Copy@UtagCONNECTDATA@@@ATL@@@ATL@@QAEJPAUtagCONNECTDATA@@0PAUIUnknown@@W4CComEnumFlags@2@@Z 10007d02 f i BumpBar.obj
 0001:00006de1       ?Init@CComModule@ATL@@QAEJPAU_ATL_OBJMAP_ENTRY30@2@PAUHINSTANCE__@@PBU_GUID@@@Z 10007de1 f i BumpBar.obj
 0001:00006e40       ?Init@CDynamicStdCallThunk2@ATL@@QAEHKPAX@Z 10007e40 f i BumpBar.obj
 0001:00006e6b       ?InlineIsEqualUnknown@ATL@@YGHABU_GUID@@@Z 10007e6b f i BumpBar.obj
 0001:00006e93       ?InternalGetSite@CComControlBase@ATL@@QAEJABU_GUID@@PAPAX@Z 10007e93 f i BumpBar.obj
 0001:00006ec1       ?InternalSetAtIndex@?$CSimpleMap@PA_WPA_WVCExpansionVectorEqualHelper@ATL@@@ATL@@QAEXHABQA_W0@Z 10007ec1 f i BumpBar.obj
 0001:00006eeb       ?Invoke@CComTypeInfoHolder@ATL@@QAEJPAUIDispatch@@JABU_GUID@@KGPAUtagDISPPARAMS@@PAUtagVARIANT@@PAUtagEXCEPINFO@@PAI@Z 10007eeb f i BumpBar.obj
 0001:00006f2e       ?IsEqualObject@?$CComPtrBase@UIOleClientSite@@@ATL@@QAE_NPAUIUnknown@@@Z 10007f2e f i BumpBar.obj
 0001:00006f2e       ?IsEqualObject@?$CComPtrBase@UITypeInfo@@@ATL@@QAE_NPAUIUnknown@@@Z 10007f2e f i BumpBar.obj
 0001:00006f9b       ?IsSpace@CRegParser@ATL@@IAEH_W@Z 10007f9b f i BumpBar.obj
 0001:00006fc5       ?LoadNameCache@CComTypeInfoHolder@ATL@@QAEJPAUITypeInfo@@@Z 10007fc5 f i BumpBar.obj
 0001:00007113       ?Lookup@?$CSimpleMap@PA_WPA_WVCExpansionVectorEqualHelper@ATL@@@ATL@@QBEPA_WABQA_W@Z 10008113 f i BumpBar.obj
 0001:00007139       ?NextToken@CRegParser@ATL@@IAEJPA_W@Z 10008139 f i BumpBar.obj
 0001:00007271       ?OnKillFocus@CComControlBase@ATL@@QAEJIIJAAH@Z 10008271 f i BumpBar.obj
 0001:000072cc       ?OnMouseActivate@CComControlBase@ATL@@QAEJIIJAAH@Z 100082cc f i BumpBar.obj
 0001:0000733a       ?OnPaint@CComControlBase@ATL@@QAEJIIJAAH@Z 1000833a f i BumpBar.obj
 0001:000073ec       ?OnSetFocus@CComControlBase@ATL@@QAEJIIJAAH@Z 100083ec f i BumpBar.obj
 0001:00007475       ?Open@CRegKey@ATL@@QAEJPAUHKEY__@@PB_WK@Z 10008475 f i BumpBar.obj
 0001:000074ca       ?PreProcessBuffer@CRegParser@ATL@@QAEJPA_WPAPA_W@Z 100084ca f i BumpBar.obj
 0001:00007734       ?ProcessWindowMessage@?$CComControl@VCOPOSBumpBar@@V?$CWindowImpl@VCOPOSBumpBar@@VCWindow@ATL@@V?$CWinTraits@$0FGAAAAAA@$0A@@3@@ATL@@@ATL@@UAEHPAUHWND__@@IIJAAJK@Z 10008734 f i BumpBar.obj
 0001:000077d3       ?PutProperty@?$CComPtr@UIDispatch@@@ATL@@SAJPAUIDispatch@@JPAUtagVARIANT@@@Z 100087d3 f i BumpBar.obj
 0001:00007865       ?ReadFromStream@CComBSTR@ATL@@QAEJPAUIStream@@@Z 10008865 f i BumpBar.obj
 0001:00007993       ?ReadFromStream@CComVariant@ATL@@QAEJPAUIStream@@GTClassesAllowedInStream@2@K@Z 10008993 f i BumpBar.obj
 0001:00007b19       ?RecurseDeleteKey@CRegKey@ATL@@QAEJPB_W@Z 10008b19 f i BumpBar.obj
 0001:00007bdb       ?RegCreateKeyExW@CAtlTransactionManager@ATL@@QAEJPAUHKEY__@@PB_WKPA_WKKQAU_SECURITY_ATTRIBUTES@@PAPAU3@PAK@Z 10008bdb f i BumpBar.obj
 0001:00007c3e       ?RegDeleteKeyW@CAtlTransactionManager@ATL@@QAEJPAUHKEY__@@PB_W@Z 10008c3e f i BumpBar.obj
 0001:00007c90       ?RegOpenKeyExW@CAtlTransactionManager@ATL@@QAEJPAUHKEY__@@PB_WKKPAPAU3@@Z 10008c90 f i BumpBar.obj
 0001:00007ce7       ?Register@_ATL_WNDCLASSINFOW@ATL@@QAEGPAP6GJPAUHWND__@@IIJ@Z@Z 10008ce7 f i BumpBar.obj
 0001:00007d07       ?RegisterBuffer@CRegParser@ATL@@QAEJPA_WH@Z 10008d07 f i BumpBar.obj
 0001:00007e40       ?RegisterFromResource@CRegObject@ATL@@IAEJPB_W00H@Z 10008e40 f i BumpBar.obj
 0001:00007f76       ?RegisterServer@?$CAtlModuleT@VCComModule@ATL@@@ATL@@QAEJHPBU_GUID@@@Z 10008f76 f i BumpBar.obj
 0001:00007fa4       ?RegisterServer@CComModule@ATL@@QAEJHPBU_GUID@@@Z 10008fa4 f i BumpBar.obj
 0001:0000801a       ?RegisterSubkeys@CRegParser@ATL@@IAEJPA_WPAUHKEY__@@HH@Z 1000901a f i BumpBar.obj
 0001:000085ec       ?Remove@CComDynamicUnkArray@ATL@@QAEHK@Z 100095ec f i BumpBar.obj
 0001:00008615       ?RemoveAll@?$CSimpleMap@PA_WPA_WVCExpansionVectorEqualHelper@ATL@@@ATL@@QAEXXZ 10009615 f i BumpBar.obj
 0001:00008641       ?ResourceRegisterSz@CRegObject@ATL@@QAGJPB_W00@Z 10009641 f i BumpBar.obj
 0001:0000866e       ?ResourceUnregisterSz@CRegObject@ATL@@QAGJPB_W00@Z 1000966e f i BumpBar.obj
 0001:0000869b       ?SendOnDataChange@CComControlBase@ATL@@QAEJK@Z 1000969b f i BumpBar.obj
 0001:000086e8       ?SetControlFocus@CComControlBase@ATL@@QAEHH@Z 100096e8 f i BumpBar.obj
 0001:00008785       ?SetMultiStringValue@CRegKey@ATL@@QAEJPB_W0@Z 10009785 f i BumpBar.obj
 0001:000087e1       ?SetStringValue@CRegKey@ATL@@QAEJPB_W0K@Z 100097e1 f i BumpBar.obj
 0001:0000882a       ?SkipAssignment@CRegParser@ATL@@IAEJPA_W@Z 1000982a f i BumpBar.obj
 0001:0000888f       ?SkipWhiteSpace@CRegParser@ATL@@IAEXXZ 1000988f f i BumpBar.obj
 0001:000088b1       ?StrChrW@CRegParser@ATL@@KAPA_WPA_W_W@Z 100098b1 f i BumpBar.obj
 0001:000088ee       ?Term@CAtlModule@ATL@@QAEXXZ 100098ee f i BumpBar.obj
 0001:00008927       ?Term@CComModule@ATL@@QAEXXZ 10009927 f i BumpBar.obj
 0001:0000897f       ?UnregisterServer@?$CAtlModuleT@VCComModule@ATL@@@ATL@@QAEJHPBU_GUID@@@Z 1000997f f i BumpBar.obj
 0001:000089a5       ?UnregisterServer@CComModule@ATL@@QAEJHPBU_GUID@@@Z 100099a5 f i BumpBar.obj
 0001:00008a1b       ?UpdateRegistryFromResource@CAtlModule@ATL@@QAGJIHPAU_ATL_REGMAP_ENTRY@2@@Z 10009a1b f i BumpBar.obj
 0001:00008be6       ?UpdateRegistryFromResource@CAtlModule@ATL@@QAGJPB_WHPAU_ATL_REGMAP_ENTRY@2@@Z 10009be6 f i BumpBar.obj
 0001:00008db7       ?VTFromRegType@CRegParser@ATL@@KAHPB_WAAG@Z 10009db7 f i BumpBar.obj
 0001:00008e24       ?WindowProc@?$CWindowImplBaseT@VCWindow@ATL@@V?$CWinTraits@$0FGAAAAAA@$0A@@2@@ATL@@SGJPAUHWND__@@IIJ@Z 10009e24 f i BumpBar.obj
 0001:00008f16       ?WriteToStream@CComBSTR@ATL@@QAEJPAUIStream@@@Z 10009f16 f i BumpBar.obj
 0001:00008f6d       ?WriteToStream@CComVariant@ATL@@QAEJPAUIStream@@@Z 10009f6d f i BumpBar.obj
 0001:000090e7       ?WriteToStream@CComVariant@ATL@@QAEJPAUIStream@@G@Z 1000a0e7 f i BumpBar.obj
 0001:00009150       ?_AtlInitialConstruct@?$CComObjectRootEx@VCComMultiThreadModel@ATL@@@ATL@@QAEJXZ 1000a150 f i BumpBar.obj
 0001:00009165       ?_AtlVerifyStackAvailable@_ATL_SAFE_ALLOCA_IMPL@ATL@@YA_NK@Z 1000a165 f i BumpBar.obj
 0001:000091e3       ?atlCreate@?$CWindowImpl@VCOPOSBumpBar@@VCWindow@ATL@@V?$CWinTraits@$0FGAAAAAA@$0A@@3@@ATL@@QAEPAUHWND__@@PAU3@V_U_RECT@2@PB_WKKV_U_MENUorID@2@PAX@Z 1000a1e3 f i BumpBar.obj
 0001:00009227       ?atlCreate@?$CWindowImplBaseT@VCWindow@ATL@@V?$CWinTraits@$0FGAAAAAA@$0A@@2@@ATL@@QAEPAUHWND__@@PAU3@V_U_RECT@2@PB_WKKV_U_MENUorID@2@GPAX@Z 1000a227 f i BumpBar.obj
 0001:000092c3       ?atlCreate@CRegKey@ATL@@QAEJPAUHKEY__@@PB_WPA_WKKPAU_SECURITY_ATTRIBUTES@@PAK@Z 1000a2c3 f i BumpBar.obj
 0001:00009332       ?copy@?$_Copy@UtagCONNECTDATA@@@ATL@@SAJPAUtagCONNECTDATA@@PBU3@@Z 1000a332 f i BumpBar.obj
 0001:00009368       ?copy@?$_CopyInterface@UIConnectionPoint@@@ATL@@SAJPAPAUIConnectionPoint@@PBQAU3@@Z 1000a368 f i BumpBar.obj
 0001:00009396       ?memcpy_s@Checked@ATL@@YAXPAXIPBXI@Z 1000a396 f i BumpBar.obj
 0001:000093b5       ?ocscpy_s@@YA_NPA_WIPB_W@Z 1000a3b5 f i BumpBar.obj
 0001:000093e4       ?ocslen@@YAHPB_W@Z         1000a3e4 f i BumpBar.obj
 0001:00009404       ?wcscpy_s@Checked@ATL@@YAXPA_WIPB_W@Z 1000a404 f i BumpBar.obj
 0001:00009420       _DllCanUnloadNow@0         1000a420 f   BumpBar.obj
 0001:0000942c       _DllGetClassObject@12      1000a42c f   BumpBar.obj
 0001:0000943a       _DllMain@12                1000a43a f   BumpBar.obj
 0001:0000947c       _DllRegisterServer@0       1000a47c f   BumpBar.obj
 0001:0000948b       _DllUnregisterServer@0     1000a48b f   BumpBar.obj
 0001:0000949a       _InlineIsEqualGUID         1000a49a f i BumpBar.obj
 0001:000094ca       ___local_stdio_printf_options 1000a4ca f i BumpBar.obj
 0001:000094d0       __vswprintf_s_l            1000a4d0 f i BumpBar.obj
 0001:0000957d       _swprintf_s                1000a57d f i BumpBar.obj
 0001:00009599       ??0?$CComControl@VCOPOSBumpBar@@V?$CWindowImpl@VCOPOSBumpBar@@VCWindow@ATL@@V?$CWinTraits@$0FGAAAAAA@$0A@@3@@ATL@@@ATL@@QAE@XZ 1000a599 f i BumpBarImpl.obj
 0001:000095c0       ??0?$CProxy_IOPOSEvents@VCOPOSBumpBar@@@@QAE@XZ 1000a5c0 f i BumpBarImpl.obj
 0001:000095e3       ??0CComControlBase@ATL@@QAE@AAPAUHWND__@@@Z 1000a5e3 f i BumpBarImpl.obj
 0001:0000962d       ??0COPOSBumpBar@@QAE@XZ    1000a62d f   BumpBarImpl.obj
 0001:00009663       ??1?$CComControl@VCOPOSBumpBar@@V?$CWindowImpl@VCOPOSBumpBar@@VCWindow@ATL@@V?$CWinTraits@$0FGAAAAAA@$0A@@3@@ATL@@@ATL@@UAE@XZ 1000a663 f i BumpBarImpl.obj
 0001:0000967c       ??1?$IConnectionPointImpl@VCOPOSBumpBar@@$1?DIID__IOPOSBumpBarEvents@@3U_GUID@@BVCComDynamicUnkArray@ATL@@@ATL@@QAE@XZ 1000a67c f i BumpBarImpl.obj
 0001:0000967c       ??1?$IConnectionPointImpl@VCOPOSBumpBar@@$1?IID_IPropertyNotifySink@@3U_GUID@@BVCComDynamicUnkArray@ATL@@@ATL@@QAE@XZ 1000a67c f i BumpBarImpl.obj
 0001:000096b9       ??1CComControlBase@ATL@@UAE@XZ 1000a6b9 f i BumpBarImpl.obj
 0001:0000971c       ??1COPOSBumpBar@@UAE@XZ    1000a71c f   BumpBarImpl.obj
 0001:00009764       ??1OposVariantResult@@QAE@XZ 1000a764 f i BumpBarImpl.obj
 0001:00009785       ??1_CW@@QAE@XZ             1000a785 f i BumpBarImpl.obj
 0001:0000979e       ?BumpBarSound@COPOSBumpBar@@UAGJJJJJJPAJ@Z 1000a79e f   BumpBarImpl.obj
 0001:0000984a       ?CheckHealth@COPOSBumpBar@@UAGJJPAJ@Z 1000a84a f   BumpBarImpl.obj
 0001:00009899       ?ClaimDevice@COPOSBumpBar@@UAGJJPAJ@Z 1000a899 f   BumpBarImpl.obj
 0001:0000990e       ?ClearInput@COPOSBumpBar@@UAGJPAJ@Z 1000a90e f   BumpBarImpl.obj
 0001:00009929       ?ClearOutput@COPOSBumpBar@@UAGJPAJ@Z 1000a929 f   BumpBarImpl.obj
 0001:00009944       ?Close@COPOSBumpBar@@UAGJPAJ@Z 1000a944 f   BumpBarImpl.obj
 0001:000099b2       ?CompareFirmwareVersion@COPOSBumpBar@@UAGJPA_WPAJ1@Z 1000a9b2 f   BumpBarImpl.obj
 0001:00009a32       ?DirectIO@COPOSBumpBar@@UAGJJPAJPAPA_W0@Z 1000aa32 f   BumpBarImpl.obj
 0001:00009ae0       ?DoInvoke@COPOSBumpBar@@IAEJJPAVOposVariant@@IHPAJ_N@Z 1000aae0 f   BumpBarImpl.obj
 0001:00009ba2       ?EventClose@COPOSBumpBar@@IAEXXZ 1000aba2 f i BumpBarImpl.obj
 0001:00009bd5       ?EventInit@COPOSBumpBar@@IAEJXZ 1000abd5 f i BumpBarImpl.obj
 0001:00009ca1       ?EventUninit@COPOSBumpBar@@IAEXXZ 1000aca1 f i BumpBarImpl.obj
 0001:00009cf3       ?EventWindowProc@COPOSBumpBar@@IAGJIIJ@Z 1000acf3 f i BumpBarImpl.obj
 0001:00009df1       ?FinalConstruct@COPOSBumpBar@@QAEJXZ 1000adf1 f   BumpBarImpl.obj
 0001:00009e2a       ?FireEventCleanup@COPOSBumpBar@@IAEXXZ 1000ae2a f i BumpBarImpl.obj
 0001:00009e40       ?FireEventSetup@COPOSBumpBar@@IAE_NXZ 1000ae40 f i BumpBarImpl.obj
 0001:00009e74       ?FreezeEvents@COPOSBumpBar@@MAGJH@Z 1000ae74 f   BumpBarImpl.obj
 0001:00009ed4       ?GetOposProp@COPOSBumpBar@@IAEJJPAFJ@Z 1000aed4 f   BumpBarImpl.obj
 0001:00009ef7       ?GetOposProp@COPOSBumpBar@@IAEJJPAJJ@Z 1000aef7 f   BumpBarImpl.obj
 0001:00009fb5       ?GetOposProp@COPOSBumpBar@@IAEJJPAPA_WJ@Z 1000afb5 f   BumpBarImpl.obj
 0001:0000a080       ?OnDraw@COPOSBumpBar@@MAEJAAUATL_DRAWINFO@@@Z 1000b080 f   BumpBarImpl.obj
 0001:0000a120       ?Open@COPOSBumpBar@@UAGJPA_WPAJ@Z 1000b120 f   BumpBarImpl.obj
 0001:0000a8bd       ?ReleaseDevice@COPOSBumpBar@@UAGJPAJ@Z 1000b8bd f   BumpBarImpl.obj
 0001:0000a90c       ?ResetStatistics@COPOSBumpBar@@UAGJPA_WPAJ@Z 1000b90c f   BumpBarImpl.obj
 0001:0000a963       ?RetrieveStatistics@COPOSBumpBar@@UAGJPAPA_WPAJ@Z 1000b963 f   BumpBarImpl.obj
 0001:0000a9ba       ?SOProcessID@COPOSBumpBar@@UAGJPAJ@Z 1000b9ba f   BumpBarImpl.obj
 0001:0000a9ce       ?SetCOFreezeEvents@COPOSBumpBar@@IAEXF@Z 1000b9ce f   BumpBarImpl.obj
 0001:0000aa59       ?SetKeyTranslation@COPOSBumpBar@@UAGJJJJPAJ@Z 1000ba59 f   BumpBarImpl.obj
 0001:0000aaef       ?SetOposProp@COPOSBumpBar@@IAEJJJJ@Z 1000baef f   BumpBarImpl.obj
 0001:0000abcd       ?UpdateFirmware@COPOSBumpBar@@UAGJPA_WPAJ@Z 1000bbcd f   BumpBarImpl.obj
 0001:0000ac24       ?UpdateStatistics@COPOSBumpBar@@UAGJPA_WPAJ@Z 1000bc24 f   BumpBarImpl.obj
 0001:0000ac7b       ?get_AsyncMode@COPOSBumpBar@@UAGJPAF@Z 1000bc7b f   BumpBarImpl.obj
 0001:0000ac94       ?get_AutoToneDuration@COPOSBumpBar@@UAGJPAJ@Z 1000bc94 f   BumpBarImpl.obj
 0001:0000acad       ?get_AutoToneFrequency@COPOSBumpBar@@UAGJPAJ@Z 1000bcad f   BumpBarImpl.obj
 0001:0000acc6       ?get_BinaryConversion@COPOSBumpBar@@UAGJPAJ@Z 1000bcc6 f   BumpBarImpl.obj
 0001:0000acdc       ?get_BumpBarDataCount@COPOSBumpBar@@UAGJPAJ@Z 1000bcdc f   BumpBarImpl.obj
 0001:0000acf5       ?get_CapCompareFirmwareVersion@COPOSBumpBar@@UAGJPAF@Z 1000bcf5 f   BumpBarImpl.obj
 0001:0000ad0e       ?get_CapPowerReporting@COPOSBumpBar@@UAGJPAJ@Z 1000bd0e f   BumpBarImpl.obj
 0001:0000ad27       ?get_CapStatisticsReporting@COPOSBumpBar@@UAGJPAF@Z 1000bd27 f   BumpBarImpl.obj
 0001:0000ad40       ?get_CapTone@COPOSBumpBar@@UAGJPAF@Z 1000bd40 f   BumpBarImpl.obj
 0001:0000ad59       ?get_CapUpdateFirmware@COPOSBumpBar@@UAGJPAF@Z 1000bd59 f   BumpBarImpl.obj
 0001:0000ad72       ?get_CapUpdateStatistics@COPOSBumpBar@@UAGJPAF@Z 1000bd72 f   BumpBarImpl.obj
 0001:0000ad8b       ?get_CheckHealthText@COPOSBumpBar@@UAGJPAPA_W@Z 1000bd8b f   BumpBarImpl.obj
 0001:0000ada4       ?get_Claimed@COPOSBumpBar@@UAGJPAF@Z 1000bda4 f   BumpBarImpl.obj
 0001:0000adba       ?get_ControlObjectDescription@COPOSBumpBar@@UAGJPAPA_W@Z 1000bdba f   BumpBarImpl.obj
 0001:0000adf7       ?get_ControlObjectVersion@COPOSBumpBar@@UAGJPAJ@Z 1000bdf7 f   BumpBarImpl.obj
 0001:0000ae0a       ?get_CurrentUnitID@COPOSBumpBar@@UAGJPAJ@Z 1000be0a f   BumpBarImpl.obj
 0001:0000ae23       ?get_DataCount@COPOSBumpBar@@UAGJPAJ@Z 1000be23 f   BumpBarImpl.obj
 0001:0000ae39       ?get_DataEventEnabled@COPOSBumpBar@@UAGJPAF@Z 1000be39 f   BumpBarImpl.obj
 0001:0000ae4f       ?get_DeviceDescription@COPOSBumpBar@@UAGJPAPA_W@Z 1000be4f f   BumpBarImpl.obj
 0001:0000ae68       ?get_DeviceEnabled@COPOSBumpBar@@UAGJPAF@Z 1000be68 f   BumpBarImpl.obj
 0001:0000ae7e       ?get_DeviceName@COPOSBumpBar@@UAGJPAPA_W@Z 1000be7e f   BumpBarImpl.obj
 0001:0000ae97       ?get_ErrorString@COPOSBumpBar@@UAGJPAPA_W@Z 1000be97 f   BumpBarImpl.obj
 0001:0000aeb0       ?get_ErrorUnits@COPOSBumpBar@@UAGJPAJ@Z 1000beb0 f   BumpBarImpl.obj
 0001:0000aec9       ?get_EventString@COPOSBumpBar@@UAGJPAPA_W@Z 1000bec9 f   BumpBarImpl.obj
 0001:0000aee2       ?get_EventUnitID@COPOSBumpBar@@UAGJPAJ@Z 1000bee2 f   BumpBarImpl.obj
 0001:0000aefb       ?get_EventUnits@COPOSBumpBar@@UAGJPAJ@Z 1000befb f   BumpBarImpl.obj
 0001:0000af14       ?get_FreezeEvents@COPOSBumpBar@@UAGJPAF@Z 1000bf14 f   BumpBarImpl.obj
 0001:0000af2a       ?get_Keys@COPOSBumpBar@@UAGJPAJ@Z 1000bf2a f   BumpBarImpl.obj
 0001:0000af43       ?get_OpenResult@COPOSBumpBar@@UAGJPAJ@Z 1000bf43 f   BumpBarImpl.obj
 0001:0000af5a       ?get_OutputID@COPOSBumpBar@@UAGJPAJ@Z 1000bf5a f   BumpBarImpl.obj
 0001:0000af70       ?get_PowerNotify@COPOSBumpBar@@UAGJPAJ@Z 1000bf70 f   BumpBarImpl.obj
 0001:0000af86       ?get_PowerState@COPOSBumpBar@@UAGJPAJ@Z 1000bf86 f   BumpBarImpl.obj
 0001:0000af9c       ?get_ResultCode@COPOSBumpBar@@UAGJPAJ@Z 1000bf9c f   BumpBarImpl.obj
 0001:0000afda       ?get_ResultCodeExtended@COPOSBumpBar@@UAGJPAJ@Z 1000bfda f   BumpBarImpl.obj
 0001:0000aff0       ?get_ServiceObjectDescription@COPOSBumpBar@@UAGJPAPA_W@Z 1000bff0 f   BumpBarImpl.obj
 0001:0000b009       ?get_ServiceObjectVersion@COPOSBumpBar@@UAGJPAJ@Z 1000c009 f   BumpBarImpl.obj
 0001:0000b01f       ?get_State@COPOSBumpBar@@UAGJPAJ@Z 1000c01f f   BumpBarImpl.obj
 0001:0000b04b       ?get_Timeout@COPOSBumpBar@@UAGJPAJ@Z 1000c04b f   BumpBarImpl.obj
 0001:0000b064       ?get_UnitsOnline@COPOSBumpBar@@UAGJPAJ@Z 1000c064 f   BumpBarImpl.obj
 0001:0000b07d       ?put_AsyncMode@COPOSBumpBar@@UAGJF@Z 1000c07d f   BumpBarImpl.obj
 0001:0000b09d       ?put_AutoToneDuration@COPOSBumpBar@@UAGJJ@Z 1000c09d f   BumpBarImpl.obj
 0001:0000b0b6       ?put_AutoToneFrequency@COPOSBumpBar@@UAGJJ@Z 1000c0b6 f   BumpBarImpl.obj
 0001:0000b0cf       ?put_BinaryConversion@COPOSBumpBar@@UAGJJ@Z 1000c0cf f   BumpBarImpl.obj
 0001:0000b0e5       ?put_CurrentUnitID@COPOSBumpBar@@UAGJJ@Z 1000c0e5 f   BumpBarImpl.obj
 0001:0000b0fe       ?put_DataEventEnabled@COPOSBumpBar@@UAGJF@Z 1000c0fe f   BumpBarImpl.obj
 0001:0000b11b       ?put_DeviceEnabled@COPOSBumpBar@@UAGJF@Z 1000c11b f   BumpBarImpl.obj
 0001:0000b138       ?put_FreezeEvents@COPOSBumpBar@@UAGJF@Z 1000c138 f   BumpBarImpl.obj
 0001:0000b184       ?put_PowerNotify@COPOSBumpBar@@UAGJJ@Z 1000c184 f   BumpBarImpl.obj
 0001:0000b19a       ?put_Timeout@COPOSBumpBar@@UAGJJ@Z 1000c19a f   BumpBarImpl.obj
 0001:0000b1b3       ?s_EventWindowProc@COPOSBumpBar@@KGJPAUHWND__@@IIJ@Z 1000c1b3 f i BumpBarImpl.obj
 0001:0000b205       ??_U@YAPAXI@Z              1000c205 f   LIBCMT:new_array.obj
 0001:0000b20e       ??3@YAXPAXI@Z              1000c20e f   LIBCMT:delete_scalar_size.obj
 0001:0000b21c       ??_V@YAXPAX@Z              1000c21c f   LIBCMT:delete_array.obj
 0001:0000b221       ??_V@YAXPAXI@Z             1000c221 f   LIBCMT:delete_array_size.obj
 0001:0000b273       ___scrt_acquire_startup_lock 1000c273 f   LIBCMT:utility.obj
 0001:0000b2a5       ___scrt_dllmain_after_initialize_c 1000c2a5 f   LIBCMT:utility.obj
 0001:0000b2d0       ___scrt_dllmain_before_initialize_c 1000c2d0 f   LIBCMT:utility.obj
 0001:0000b2de       ___scrt_dllmain_crt_thread_attach 1000c2de f   LIBCMT:utility.obj
 0001:0000b2fd       ___scrt_dllmain_crt_thread_detach 1000c2fd f   LIBCMT:utility.obj
 0001:0000b30a       ___scrt_dllmain_exception_filter 1000c30a f   LIBCMT:utility.obj
 0001:0000b33e       ___scrt_dllmain_uninitialize_c 1000c33e f   LIBCMT:utility.obj
 0001:0000b361       ___scrt_dllmain_uninitialize_critical 1000c361 f   LIBCMT:utility.obj
 0001:0000b36e       ___scrt_initialize_crt     1000c36e f   LIBCMT:utility.obj
 0001:0000b3a7       ___scrt_initialize_onexit_tables 1000c3a7 f   LIBCMT:utility.obj
 0001:0000b42e       ___scrt_is_nonwritable_in_current_image 1000c42e f   LIBCMT:utility.obj
 0001:0000b4c2       ___scrt_release_startup_lock 1000c4c2 f   LIBCMT:utility.obj
 0001:0000b4df       ___scrt_uninitialize_crt   1000c4df f   LIBCMT:utility.obj
 0001:0000b507       __onexit                   1000c507 f   LIBCMT:utility.obj
 0001:0000b534       _atexit                    1000c534 f   LIBCMT:utility.obj
 0001:0000b549       ??3@YAXPAX@Z               1000c549 f   LIBCMT:delete_scalar.obj
 0001:0000b613       __Init_thread_footer       1000c613 f   LIBCMT:thread_safe_statics.obj
 0001:0000b65d       __Init_thread_header       1000c65d f   LIBCMT:thread_safe_statics.obj
 0001:0000b6af       __Init_thread_notify       1000c6af f   LIBCMT:thread_safe_statics.obj
 0001:0000b6e5       __Init_thread_wait         1000c6e5 f   LIBCMT:thread_safe_statics.obj
 0001:0000b733       ___raise_securityfailure   1000c733 f   LIBCMT:gs_report.obj
 0001:0000b75b       ___report_gsfailure        1000c75b f   LIBCMT:gs_report.obj
 0001:0000b854       ___report_rangecheckfailure 1000c854 f   LIBCMT:gs_report.obj
 0001:0000b860       ___report_securityfailure  1000c860 f   LIBCMT:gs_report.obj
 0001:0000b92e       ??2@YAPAXIABUnothrow_t@std@@@Z 1000c92e f   LIBCMT:new_scalar_nothrow.obj
 0001:0000b97e       ??_U@YAPAXIABUnothrow_t@std@@@Z 1000c97e f   LIBCMT:new_array_nothrow.obj
 0001:0000b987       @__security_check_cookie@4 1000c987 f   LIBCMT:secchk.obj
 0001:0000b9a0       __SEH_prolog4_GS           1000c9a0 f   LIBCMT:sehprolg4gs.obj
 0001:0000b9e9       __SEH_epilog4_GS           1000c9e9 f   LIBCMT:sehprolg4gs.obj
 0001:0000ba00       __alloca_probe_16          1000ca00 f   LIBCMT:alloca16.obj
 0001:0000ba16       __alloca_probe_8           1000ca16     LIBCMT:alloca16.obj
 0001:0000ba30       __chkstk                   1000ca30 f   LIBCMT:chkstk.obj
 0001:0000ba30       __alloca_probe             1000ca30 f   LIBCMT:chkstk.obj
 0001:0000bd78       __DllMainCRTStartup@12     1000cd78 f   LIBCMT:dll_dllmain.obj
 0001:0000bd9b       ??2@YAPAXI@Z               1000cd9b f   LIBCMT:new_scalar.obj
 0001:0000bdcb       ___isa_available_init      1000cdcb f   LIBCMT:cpu_disp.obj
 0001:0000bf62       ___scrt_is_ucrt_dll_in_use 1000cf62 f   LIBCMT:ucrt_detection.obj
 0001:0000bf6e       ___scrt_fastfail           1000cf6e f   LIBCMT:utility_desktop.obj
 0001:0000c088       __crt_debugger_hook        1000d088 f   LIBCMT:utility_desktop.obj
 0001:0000c090       __SEH_prolog4              1000d090 f   LIBCMT:sehprolg4.obj
 0001:0000c0d6       __SEH_epilog4              1000d0d6 f   LIBCMT:sehprolg4.obj
 0001:0000c0eb       @_guard_check_icall_nop@4  1000d0eb f i LIBCMT:guard_support.obj
 0001:0000c139       ___security_init_cookie    1000d139 f   LIBCMT:gs_support.obj
 0001:0000c184       ?__scrt_initialize_type_info@@YAXXZ 1000d184 f   LIBCMT:tncleanup.obj
 0001:0000c190       ?__scrt_uninitialize_type_info@@YAXXZ 1000d190 f   LIBCMT:tncleanup.obj
 0001:0000c19c       ___local_stdio_scanf_options 1000d19c f i LIBCMT:default_local_stdio_options.obj
 0001:0000c1a2       ___scrt_initialize_default_local_stdio_options 1000d1a2 f   LIBCMT:default_local_stdio_options.obj
 0001:0000c1bf       ___scrt_get_dyn_tls_init_callback 1000d1bf f   LIBCMT:dyn_tls_init.obj
 0001:0000c1c5       __RTC_Initialize           1000d1c5 f   LIBCMT:initsect.obj
 0001:0000c1f1       __RTC_Terminate            1000d1f1 f   LIBCMT:initsect.obj
 0001:0000c21d       ??0bad_alloc@std@@QAE@ABV01@@Z 1000d21d f i LIBCMT:throw_bad_alloc.obj
 0001:0000c238       ??0bad_alloc@std@@QAE@XZ   1000d238 f i LIBCMT:throw_bad_alloc.obj
 0001:0000c250       ??0bad_array_new_length@std@@QAE@ABV01@@Z 1000d250 f i LIBCMT:throw_bad_alloc.obj
[...]
 0002:00002b3c       ?candidate_modules@?1??try_get_SetThreadStackGuarantee@@YAP6GHPAK@ZXZ@4QBW4module_id@?A0x391cf84c@@B 10021b3c     libucrt:winapi_thunks.obj
 0002:00002b60       ?strings@?1??fp_format_nan_or_infinity@@YAHW4__acrt_fp_class@@_NPADI1@Z@4QAY03QBDA 10021b60     libucrt:cvt.obj
 0002:000030a8       ?_mb_locale_names@@3QBQB_WB 100220a8     libucrt:mbctype.obj
 0002:000038f0       ?LcidToLocaleNameTable@?A0x881e4c05@@3QBULcidToLocaleName@1@B 100228f0     libucrt:lcidtoname_downlevel.obj
 0002:00004a18       ?LocaleNameToIndexTable@?A0x881e4c05@@3QBULocaleNameIndex@1@B 10023a18     libucrt:lcidtoname_downlevel.obj
 0002:00006270       ?large_power_indices@?1??multiply_by_power_of_ten@__crt_strtox@@YA_NAAUbig_integer@2@I@Z@4QBUunpack_index@?1??12@YA_N0I@Z@B 10025270     libucrt:cfout.obj
 0002:00006350       LOG_name                   10025350     libucrt:log10_impl.obj
 0002:00006360       _One                       10025360     libucrt:ceil_pentium4.obj
 0002:00006370       _Bns                       10025370     libucrt:ceil_pentium4.obj
 0002:00006380       _Zero                      10025380     libucrt:ceil_pentium4.obj
 0002:00006390       _S                         10025390     libucrt:ceil_pentium4.obj
 0002:000063a0       _NegZero                   100253a0     libucrt:ceil_pentium4.obj
 0002:000063b0       emask                      100253b0     libucrt:log10_pentium4.obj
 0002:000063c0       CC                         100253c0     libucrt:log10_pentium4.obj
 0002:000063d0       Magic                      100253d0     libucrt:log10_pentium4.obj
 0002:000063e0       hi_mask                    100253e0     libucrt:log10_pentium4.obj
 0002:000063f0       LOG10_2                    100253f0     libucrt:log10_pentium4.obj
 0002:00006400       place_L                    10025400     libucrt:log10_pentium4.obj
 0002:00006420       One                        10025420     libucrt:log10_pentium4.obj
 0002:00006430       Zero                       10025430     libucrt:log10_pentium4.obj
 0002:00006440       Two52                      10025440     libucrt:log10_pentium4.obj
 0002:00006450       Infs                       10025450     libucrt:log10_pentium4.obj
 0002:00006460       NaN                        10025460     libucrt:log10_pentium4.obj
 0002:00006470       coeff                      10025470     libucrt:log10_pentium4.obj
 0002:000064ce       _log2max                   100254ce     libucrt:87tran.obj
 0002:000064d8       _smallarg                  100254d8     libucrt:87tran.obj
 0002:000064e2       _half                      100254e2     libucrt:87tran.obj
 0002:0000652e       One                        1002552e     libucrt:87disp.obj
 0002:00006536       Three                      10025536     libucrt:87disp.obj
 0002:0000653e       XAMtoTagTab                1002553e     libucrt:87disp.obj
 0002:00006550       One                        10025550     libucrt:common.obj
 0002:00006564       DblMax                     10025564     libucrt:common.obj
 0002:0000656c       DblMin                     1002556c     libucrt:common.obj
 0002:00006574       IeeeAdjO                   10025574     libucrt:common.obj
 0002:0000657c       IeeeAdjU                   1002557c     libucrt:common.obj
 0002:00006584       _infinity                  10025584     libucrt:common.obj
 0002:0000658c       _zero                      1002558c     libucrt:common.obj
 0002:000065d8       _over                      100255d8     libucrt:fpctrl.obj
 0002:000065e4       _under                     100255e4     libucrt:fpctrl.obj
 0002:00006e18       ?_names@?1??_get_fname@@9@9 10025e18     libucrt:fpexcept.obj
 0002:00007668       __sehtable$?_AtlVerifyStackAvailable@_ATL_SAFE_ALLOCA_IMPL@ATL@@YA_NK@Z 10026668     BumpBar.obj
 0002:00007688       __sehtable$___scrt_is_nonwritable_in_current_image 10026688     LIBCMT:utility.obj
 0002:000076a4       __catchsym$??2@YAPAXIABUnothrow_t@std@@@Z$2 100266a4     LIBCMT:new_scalar_nothrow.obj
 0002:000076b4       __unwindtable$??2@YAPAXIABUnothrow_t@std@@@Z 100266b4     LIBCMT:new_scalar_nothrow.obj
 0002:000076c4       __tryblocktable$??2@YAPAXIABUnothrow_t@std@@@Z 100266c4     LIBCMT:new_scalar_nothrow.obj
 0002:000076d8       __ehfuncinfo$??2@YAPAXIABUnothrow_t@std@@@Z 100266d8     LIBCMT:new_scalar_nothrow.obj
 0002:00007700       __sehtable$?dllmain_crt_process_attach@@YAHQAUHINSTANCE__@@QAX@Z 10026700     LIBCMT:dll_dllmain.obj
 0002:00007720       __sehtable$?dllmain_crt_process_detach@@YAH_N@Z 10026720     LIBCMT:dll_dllmain.obj
 0002:00007740       __sehtable$?dllmain_dispatch@@YAHQAUHINSTANCE__@@KQAX@Z 10026740     LIBCMT:dll_dllmain.obj
 0002:000077f0       __sehtable$?FrameUnwindToState@__FrameHandler3@@SAXPAUEHRegistrationNode@@PAXPBU_s_FuncInfo@@H@Z 100267f0     libvcruntime:frame.obj
 0002:00007818       __sehtable$?CallCatchBlock@@YAPAXPAUEHExceptionRecord@@PAUEHRegistrationNode@@PAU_CONTEXT@@PBU_s_FuncInfo@@PAXHK@Z 10026818     libvcruntime:frame.obj
 0002:00007840       __catchsym$?CallUnexpected@@YAXPBU_s_ESTypeList@@@Z$2 10026840     libvcruntime:frame.obj
 0002:00007850       __unwindtable$?CallUnexpected@@YAXPBU_s_ESTypeList@@@Z 10026850     libvcruntime:frame.obj
 0002:00007860       __tryblocktable$?CallUnexpected@@YAXPBU_s_ESTypeList@@@Z 10026860     libvcruntime:frame.obj
 0002:00007874       __ehfuncinfo$?CallUnexpected@@YAXPBU_s_ESTypeList@@@Z 10026874     libvcruntime:frame.obj
 0002:00007898       __sehtable$??$BuildCatchObjectHelperInternal@V__FrameHandler3@@@@YAHPAUEHExceptionRecord@@PAXPBU_s_HandlerType@@PBU_s_CatchableType@@@Z 10026898     libvcruntime:frame.obj
 0002:000078b8       __sehtable$??$BuildCatchObjectInternal@V__FrameHandler3@@@@YAXPAUEHExceptionRecord@@PAXPBU_s_HandlerType@@PBU_s_CatchableType@@@Z 100268b8     libvcruntime:frame.obj
 0002:00007910       __sehtable$___DestructExceptionObject 10026910     libvcruntime:ehhelpers.obj
 0002:00007930       __sehtable$??R<lambda_6e4b09c48022b2350581041d5f6b0c4c>@@QBE@XZ 10026930     libucrt:exit.obj
 0002:00007950       __sehtable$??$?RV<lambda_03b1d95aef87969028cfba75ccab2455>@@AAV<lambda_6e4b09c48022b2350581041d5f6b0c4c>@@V<lambda_22bdf7517842c4b3e53723af5aa32b9e>@@@?$__crt_seh_guarded_call@X@@QAEX$$QAV<lambda_03b1d95aef87969028cfba75ccab2455>@@AAV<lambda_6e4b09c48022b2350581041d5f6b0c4c>@@$$QAV<lambda_22bdf7517842c4b3e53723af5aa32b9e>@@@Z 10026950     libucrt:exit.obj
 0002:00007970       __sehtable$??$?RV<lambda_8e746cf0007f6ed984d6f78af1fec997>@@AAV<lambda_22ebabd17bc4fa466a2aca6d8deb888d>@@V<lambda_18ed0c0b38a6dc0daf1e7ac6d6adf05e>@@@?$__crt_seh_guarded_call@H@@QAEH$$QAV<lambda_8e746cf0007f6ed984d6f78af1fec997>@@AAV<lambda_22ebabd17bc4fa466a2aca6d8deb888d>@@$$QAV<lambda_18ed0c0b38a6dc0daf1e7ac6d6adf05e>@@@Z 10026970     libucrt:onexit.obj
 0002:00007990       __sehtable$??$?RV<lambda_69a2805e680e0e292e8ba93315fe43a8>@@AAV<lambda_f03950bc5685219e0bcd2087efbe011e>@@V<lambda_03fcd07e894ec930e3f35da366ca99d6>@@@?$__crt_seh_guarded_call@H@@QAEH$$QAV<lambda_69a2805e680e0e292e8ba93315fe43a8>@@AAV<lambda_f03950bc5685219e0bcd2087efbe011e>@@$$QAV<lambda_03fcd07e894ec930e3f35da366ca99d6>@@@Z 10026990     libucrt:onexit.obj
 0002:000079b0       __sehtable$__query_new_handler 100269b0     libucrt:new_handler.obj
 0002:000079d0       __sehtable$_terminate      100269d0     libucrt:terminate.obj
 0002:000079f0       __sehtable$??$?RV<lambda_15ade71b0218206bbe3333a0c9b79046>@@AAV<lambda_da44e0f8b0f19ba52fefafb335991732>@@V<lambda_207f2d024fc103971653565357d6cd41>@@@?$__crt_seh_guarded_call@X@@QAEX$$QAV<lambda_15ade71b0218206bbe3333a0c9b79046>@@AAV<lambda_da44e0f8b0f19ba52fefafb335991732>@@$$QAV<lambda_207f2d024fc103971653565357d6cd41>@@@Z 100269f0     libucrt:per_thread_data.obj
 0002:00007a10       __sehtable$??$?RV<lambda_a7e850c220f1c8d1e6efeecdedd162c6>@@AAV<lambda_46720907175c18b6c9d2717bc0d2d362>@@V<lambda_9048902d66e8d99359bc9897bbb930a8>@@@?$__crt_seh_guarded_call@X@@QAEX$$QAV<lambda_a7e850c220f1c8d1e6efeecdedd162c6>@@AAV<lambda_46720907175c18b6c9d2717bc0d2d362>@@$$QAV<lambda_9048902d66e8d99359bc9897bbb930a8>@@@Z 10026a10     libucrt:per_thread_data.obj
 0002:00007a30       __sehtable$??$?RV<lambda_38edbb1296d33220d7e4dd0ed76b244a>@@AAV<lambda_5ce1d447e08cb34b2473517608e21441>@@V<lambda_fb385d3da700c9147fc39e65dd577a8c>@@@?$__crt_seh_guarded_call@X@@QAEX$$QAV<lambda_38edbb1296d33220d7e4dd0ed76b244a>@@AAV<lambda_5ce1d447e08cb34b2473517608e21441>@@$$QAV<lambda_fb385d3da700c9147fc39e65dd577a8c>@@@Z 10026a30     libucrt:per_thread_data.obj
 0002:00007a50       __sehtable$??$?RV<lambda_6affb1475c98b40b75cdec977db92e3c>@@AAV<lambda_b8d4b9c228a6ecc3f80208dbb4b4a104>@@V<lambda_608742c3c92a14382c1684fc64f96c88>@@@?$__crt_seh_guarded_call@X@@QAEX$$QAV<lambda_6affb1475c98b40b75cdec977db92e3c>@@AAV<lambda_b8d4b9c228a6ecc3f80208dbb4b4a104>@@$$QAV<lambda_608742c3c92a14382c1684fc64f96c88>@@@Z 10026a50     libucrt:per_thread_data.obj
 0002:00007a70       __sehtable$??$?RV<lambda_e5124f882df8998aaf41531e079ba474>@@AAV<lambda_3e16ef9562a7dcce91392c22ab16ea36>@@V<lambda_e25ca0880e6ef98be67edffd8c599615>@@@?$__crt_seh_guarded_call@X@@QAEX$$QAV<lambda_e5124f882df8998aaf41531e079ba474>@@AAV<lambda_3e16ef9562a7dcce91392c22ab16ea36>@@$$QAV<lambda_e25ca0880e6ef98be67edffd8c599615>@@@Z 10026a70     libucrt:wsetlocale.obj
 0002:00007a90       __sehtable$___acrt_initialize_lowio 10026a90     libucrt:ioinit.obj
 0002:00007ab0       __sehtable$?update_thread_multibyte_data_internal@@YAPAU__crt_multibyte_data@@QAU__acrt_ptd@@QAPAU1@@Z 10026ab0     libucrt:mbctype.obj
 0002:00007ad0       __sehtable$??$?RV<lambda_ceb1ee4838e85a9d631eb091e2fbe199>@@AAV<lambda_ae742caa10f662c28703da3d2ea5e57e>@@V<lambda_cd08b5d6af4937fe54fc07d0c9bf6b37>@@@?$__crt_seh_guarded_call@X@@QAEX$$QAV<lambda_ceb1ee4838e85a9d631eb091e2fbe199>@@AAV<lambda_ae742caa10f662c28703da3d2ea5e57e>@@$$QAV<lambda_cd08b5d6af4937fe54fc07d0c9bf6b37>@@@Z 10026ad0     libucrt:mbctype.obj
 0002:00007af0       __sehtable$_raise          10026af0     libucrt:signal.obj
 0002:00007b10       __sehtable$??$?RV<lambda_cbab9ec6f41b0180b23cc171c22676b0>@@AAV<lambda_44731a7d0e6d81c3e6aa82d741081786>@@V<lambda_4b292cb8dd18144e164572427af410ab>@@@?$__crt_seh_guarded_call@P6AXH@Z@@QAEP6AXH@Z$$QAV<lambda_cbab9ec6f41b0180b23cc171c22676b0>@@AAV<lambda_44731a7d0e6d81c3e6aa82d741081786>@@$$QAV<lambda_4b292cb8dd18144e164572427af410ab>@@@Z 10026b10     libucrt:signal.obj
 0002:00007b30       __sehtable$??$?RV<lambda_2866be3712abc81a800a822484c830d8>@@AAV<lambda_39ca0ed439415581b5b15c265174cece>@@V<lambda_2b24c74d71094a6cd0cb82e44167d71b>@@@?$__crt_seh_guarded_call@X@@QAEX$$QAV<lambda_2866be3712abc81a800a822484c830d8>@@AAV<lambda_39ca0ed439415581b5b15c265174cece>@@$$QAV<lambda_2b24c74d71094a6cd0cb82e44167d71b>@@@Z 10026b30     libucrt:fflush.obj
 0002:00007b50       __sehtable$??$?RV<lambda_2cc53f568c5a2bb6f192f930a45d44ea>@@AAV<lambda_ab61a845afdef5b7c387490eaf3616ee>@@V<lambda_c2ffc0b7726aa6be21d5f0026187e748>@@@?$__crt_seh_guarded_call@X@@QAEX$$QAV<lambda_2cc53f568c5a2bb6f192f930a45d44ea>@@AAV<lambda_ab61a845afdef5b7c387490eaf3616ee>@@$$QAV<lambda_c2ffc0b7726aa6be21d5f0026187e748>@@@Z 10026b50     libucrt:fflush.obj
 0002:00007b70       __sehtable$___acrt_update_thread_locale_data 10026b70     libucrt:locale_refcounting.obj
 0002:00007b90       __sehtable$__fcloseall     10026b90     libucrt:closeall.obj
 0002:00007bb0       __sehtable$___acrt_lowio_ensure_fh_exists 10026bb0     libucrt:osfinfo.obj
 0002:00007bd0       __sehtable$??$?RV<lambda_9e9de3de5fa147e2223d7db92bc10aa6>@@AAV<lambda_38ce7e780aa69e748d6df282ebc68efe>@@V<lambda_8ca6da459f0f6780f1cff60fdc3d00e5>@@@?$__crt_seh_guarded_call@H@@QAEH$$QAV<lambda_9e9de3de5fa147e2223d7db92bc10aa6>@@AAV<lambda_38ce7e780aa69e748d6df282ebc68efe>@@$$QAV<lambda_8ca6da459f0f6780f1cff60fdc3d00e5>@@@Z 10026bd0     libucrt:commit.obj
 0002:00007bf0       __sehtable$__write         10026bf0     libucrt:write.obj
 0002:00007c10       __sehtable$_fclose         10026c10     libucrt:fclose.obj
 0002:00007c30       __sehtable$??$?RV<lambda_218ce3db14220d0be481dae8ef3383b6>@@AAV<lambda_628dfdc04ba53c8bfc02c9951375f3f5>@@V<lambda_57dc472bd5c9d5f3b2cbca59b8a843ae>@@@?$__crt_seh_guarded_call@H@@QAEH$$QAV<lambda_218ce3db14220d0be481dae8ef3383b6>@@AAV<lambda_628dfdc04ba53c8bfc02c9951375f3f5>@@$$QAV<lambda_57dc472bd5c9d5f3b2cbca59b8a843ae>@@@Z 10026c30     libucrt:close.obj
 0002:00007c50       __sehtable$__IsNonwritableInCurrentImage 10026c50     LIBCMT:pesect.obj
 0002:00007c80       .edata                     10026c80     OPOSBumpBar.exp
 0002:00007ca8       rgpv                       10026ca8     OPOSBumpBar.exp
 0002:00007cb8       rgszName                   10026cb8     OPOSBumpBar.exp
 0002:00007cc8       rgwOrd                     10026cc8     OPOSBumpBar.exp
 0002:00007cd0       szName                     10026cd0     OPOSBumpBar.exp
 0002:00007ce0       $N00001                    10026ce0     OPOSBumpBar.exp
 0002:00007cf0       $N00002                    10026cf0     OPOSBumpBar.exp
 0002:00007d02       $N00003                    10026d02     OPOSBumpBar.exp
 0002:00007d14       $N00004                    10026d14     OPOSBumpBar.exp
 0002:00008322       .idata$6                   10027322     kernel32:KERNEL32.dll
 0002:00008536       .idata$6                   10027536     user32:USER32.dll
 0002:0000866a       .idata$6                   1002766a     gdi32:GDI32.dll
 0002:00008710       .idata$6                   10027710     advapi32:ADVAPI32.dll
 0002:0000882c       .idata$6                   1002782c     ole32:ole32.dll
 0002:00008836       .idata$6                   10027836     oleaut32:OLEAUT32.dll
 0003:00000110       ?ObjectMap@@3PAU_ATL_OBJMAP_ENTRY30@ATL@@A 10028110     BumpBar.obj
 0003:000001b0       ?s_SOMethodNames@@3PAPADA  100281b0     BumpBarImpl.obj
 0003:00000204       ?s_RequiredMethodsPerRelease@@3PAHA 10028204     BumpBarImpl.obj
 0003:00000240       ?__vcrt_flsindex@@3KA      10028240     libvcruntime:per_thread_data.obj
 0003:00000260       ?errno_no_memory@@3HA      10028260     libucrt:errno.obj
 0003:00000264       ?doserrno_no_memory@@3KA   10028264     libucrt:errno.obj
 0003:00000270       ?__acrt_flsindex@@3KA      10028270     libucrt:per_thread_data.obj
 0003:00000608       __mbctypes                 10028608     libucrt:mbctype.obj
 0003:00000710       __mbcasemaps               10028710     libucrt:mbctype.obj
 0003:00000810       ?__rgctypeflag@@3PADA      10028810     libucrt:mbctype.obj
 0003:00000818       ?__rgcode_page_info@@3PAUcode_page_info@@A 10028818     libucrt:mbctype.obj
 0003:00000a70       ?__dcrt_lowio_console_output_handle@@3PAXA 10028a70     libucrt:initcon.obj
 0003:00000c08       ?is_initialized_as_dll@@3_NA 10028c08     LIBCMT:utility.obj
 0003:00000c09       ?module_local_atexit_table_initialized@@3_NA 10028c09     LIBCMT:utility.obj
 0003:00000c0c       ?module_local_atexit_table@@3U_onexit_table_t@@A 10028c0c     LIBCMT:utility.obj
 0003:00000c18       ?module_local_at_quick_exit_table@@3U_onexit_table_t@@A 10028c18     LIBCMT:utility.obj
 0003:00000c24       ?g_tss_cv@@3U_RTL_CONDITION_VARIABLE@@A 10028c24     LIBCMT:thread_safe_statics.obj
 0003:00000c28       ?g_tss_event@@3PAXA        10028c28     LIBCMT:thread_safe_statics.obj
 0003:00000c2c       ?g_tss_mutex@@3U_RTL_CRITICAL_SECTION@@A 10028c2c     LIBCMT:thread_safe_statics.obj
 0003:00000c44       ?g_sleep_condition_variable_cs@@3P6GHPAU_RTL_CONDITION_VARIABLE@@PAU_RTL_CRITICAL_SECTION@@K@ZA 10028c44     LIBCMT:thread_safe_statics.obj
 0003:00000c48       ?g_wake_all_condition_variable@@3P6GXPAU_RTL_CONDITION_VARIABLE@@@ZA 10028c48     LIBCMT:thread_safe_statics.obj
 0003:00000c50       _GS_ExceptionRecord        10028c50     LIBCMT:gs_report.obj
 0003:00000ca0       _GS_ContextRecord          10028ca0     LIBCMT:gs_report.obj
 0003:00000f70       ?__proc_attached@@3HA      10028f70     LIBCMT:dll_dllmain.obj
 0003:00000fcc       ?AllocateData@@3P6GPAUAtlThunkData_t@@XZA 10028fcc     atls:atlthunk.obj
 0003:00000fd0       ?InitData@@3P6GXPAUAtlThunkData_t@@PAXI@ZA 10028fd0     atls:atlthunk.obj
 0003:00000fd4       ?DataToCode@@3P6GP6GJPAUHWND__@@IIJ@ZPAUAtlThunkData_t@@@ZA 10028fd4     atls:atlthunk.obj
 0003:00000fd8       ?FreeData@@3P6GXPAUAtlThunkData_t@@@ZA 10028fd8     atls:atlthunk.obj
 0003:00000fdc       ?Initialized@@3_NA         10028fdc     atls:atlthunk.obj
 0003:00000fe8       ?__vcrt_startup_thread_ptd@@3U__vcrt_ptd@@A 10028fe8     libvcruntime:per_thread_data.obj
 0003:00001010       ___vcrt_lock_table         10029010     libvcruntime:locks.obj
 0003:00001028       ___vcrt_locks_initialized  10029028     libvcruntime:locks.obj
 0003:00001054       ?heap@@3V_HeapManager@@A   10029054     libvcruntime:undname.obj
 0003:00001068       ?module_handles@@3PAPAUHINSTANCE__@@A 10029068     libvcruntime:winapi_downlevel.obj
 0003:00001074       ?function_pointers@@3PAPAXA 10029074     libvcruntime:winapi_downlevel.obj
 0003:0000108c       ?__acrt_invalid_parameter_handler@@3V?$dual_state_global@P6AXPB_W00II@Z@__crt_state_management@@A 1002908c     libucrt:invalid_parameter.obj
 0003:00001090       ?c_termination_complete@@3JA 10029090     libucrt:exit.obj
 0003:00001094       ?thread_local_exit_callback_func@@3P6GXPAXK0@ZA 10029094     libucrt:exit.obj
 0003:000010a0       ?program_name@?1???$common_configure_argv@D@@YAHW4_crt_argv_mode@@@Z@4PADA 100290a0     libucrt:argv_parsing.obj
 0003:000011d0       ?__acrt_new_handler@@3V?$dual_state_global@P6AHI@Z@__crt_state_management@@A 100291d0     libucrt:new_handler.obj
 0003:000011d8       ?module_handles@@3PAPAUHINSTANCE__@@A 100291d8     libucrt:winapi_thunks.obj
 0003:00001228       ?encoded_function_pointers@@3PAPAXA 10029228     libucrt:winapi_thunks.obj
 0003:000012b0       ?internal_state@?1??_mbtowc_l@@9@4U_Mbstatet@@A 100292b0     libucrt:mbtowc.obj
 0003:000012c0       ?enable_percent_n@@3IA     100292c0     libucrt:printf_count_output.obj
 0003:000014e0       ?__acrt_lock_table@@3PAU_RTL_CRITICAL_SECTION@@A 100294e0     libucrt:locks.obj
 0003:00001630       ?__acrt_locks_initialized@@3IA 10029630     libucrt:locks.obj
 0003:00001640       ?fSystemSet@@3HA           10029640     libucrt:mbctype.obj
 0003:00001644       ?initialized@?1??__acrt_initialize_multibyte@@9@4_NA 10029644     libucrt:mbctype.obj
 0003:00001664       ?ctrlc_action@@3V?$dual_state_global@P6AXH@Z@__crt_state_management@@A 10029664     libucrt:signal.obj
 0003:00001668       ?ctrlbreak_action@@3V?$dual_state_global@P6AXH@Z@__crt_state_management@@A 10029668     libucrt:signal.obj
 0003:0000166c       ?abort_action@@3V?$dual_state_global@P6AXH@Z@__crt_state_management@@A 1002966c     libucrt:signal.obj
 0003:00001670       ?term_action@@3V?$dual_state_global@P6AXH@Z@__crt_state_management@@A 10029670     libucrt:signal.obj
 0003:00001674       ?user_matherr@@3V?$dual_state_global@P6AHPAU_exception@@@Z@__crt_state_management@@A 10029674     libucrt:matherr.obj
 0003:00001678       ?__acrt_global_new_mode@@3V?$dual_state_global@J@__crt_state_management@@A 10029678     libucrt:new_mode.obj
 0003:00001684       ?internal_pst@?1??__mbrtoc32_utf8@__crt_mbstring@@YAIPA_UPBDIPAU_Mbstatet@@@Z@4U3@A 10029684     libucrt:mbrtoc32.obj
 0003:0000168c       ?__acrt_app_type@@3W4_crt_app_type@@A 1002968c     libucrt:report_runtime_error.obj
 0003:00001694       __pmatherr_set             10029694     libucrt:libm_error.obj
 0004:00000220       $R000000                   1002a220     BumpBar.res
 0004:00000b80       $R000960                   1002ab80     BumpBar.res
 0004:00000c68       $R000A48                   1002ac68     BumpBar.res
 0004:00000ed0       $R000CB0                   1002aed0     BumpBar.res
 0004:000013e0       $R0011C0                   1002b3e0     BumpBar.res
 0004:000042e0       $R0040C0                   1002e2e0     BumpBar.res
 0004:00004310       $R0040F0                   1002e310     BumpBar.res
