 OPOSLights

 Timestamp is 600f790a (Tue Jan 26 11:06:02 2021)

 Preferred load address is 10000000

 Start         Length     Name                   Class
 0001:00000000 00000080H .text$di                CODE
 0001:00000080 0001de23H .text$mn                CODE
 0001:0001dea3 0000003aH .text$x                 CODE
 0001:0001dedd 00000042H .text$yd                CODE
 0002:00000000 000002fcH .idata$5                DATA
 0002:000002fc 00000004H .00cfg                  DATA
 0002:00000300 00000004H .CRT$XCA                DATA
 0002:00000304 00000004H .CRT$XCL                DATA
 0002:00000308 00000010H .CRT$XCU                DATA
 0002:00000318 00000004H .CRT$XCZ                DATA
 0002:0000031c 00000004H .CRT$XIA                DATA
 0002:00000320 00000010H .CRT$XIC                DATA
 0002:00000330 00000004H .CRT$XIZ                DATA
 0002:00000334 00000004H .CRT$XLA                DATA
 0002:00000338 00000004H .CRT$XLZ                DATA
 0002:0000033c 00000004H .CRT$XPA                DATA
 0002:00000340 00000008H .CRT$XPX                DATA
 0002:00000348 00000004H .CRT$XPXA               DATA
 0002:0000034c 00000004H .CRT$XPZ                DATA
 0002:00000350 00000004H .CRT$XTA                DATA
 0002:00000354 0000000cH .CRT$XTZ                DATA
 0002:00000358 00000000H .gfids$y                DATA
 0002:00000360 000071a0H .rdata                  DATA
 0002:00007500 00000000H .rdata$CastGuardVftablesA DATA
 0002:00007500 00000000H .rdata$CastGuardVftablesC DATA
 0002:00007500 00000018H .rdata$T                DATA
 0002:00007518 00000178H .rdata$r                DATA
 0002:00007690 0000001cH .rdata$sxdata           DATA
 0002:000076ac 000003dcH .rdata$zzzdbg           DATA
 0002:00007a88 00000004H .rtc$IAA                DATA
 0002:00007a8c 00000004H .rtc$IZZ                DATA
 0002:00007a90 00000004H .rtc$TAA                DATA
 0002:00007a94 00000004H .rtc$TZZ                DATA
 0002:00007a98 00000004H .tls                    DATA
 0002:00007a9c 00000004H .tls$                   DATA
 0002:00007aa0 00000008H .tls$ZZZ                DATA
 0002:00007aa8 0000062cH .xdata$x                DATA
 0002:000080d4 00000004H ATL$__a                 DATA
 0002:000080d8 00000008H ATL$__z                 DATA
 0002:000080e0 000000a8H .edata                  DATA
 0002:00008188 00000078H .idata$2                DATA
 0002:00008200 00000014H .idata$3                DATA
 0002:00008214 000002fcH .idata$4                DATA
 0002:00008510 00000bceH .idata$6                DATA
 0003:00000000 00000a80H .data                   DATA
 0003:00000a80 00000098H .data$r                 DATA
 0003:00000b18 00000b88H .bss                    DATA
 0004:00000000 00000220H .rsrc$01                DATA
 0004:00000220 000036a8H .rsrc$02                DATA

  Address         Publics by Value              Rva+Base       Lib:Object

 0000:00000000       ___guard_fids_count        00000000     <absolute>
 0000:00000000       ___guard_eh_cont_table     00000000     <absolute>
 0000:00000000       ___guard_longjmp_table     00000000     <absolute>
 0000:00000000       ___volatile_metadata       00000000     <absolute>
 0000:00000000       ___arm64x_extra_rfe_table  00000000     <absolute>
 0000:00000000       ___arm64x_redirection_metadata 00000000     <absolute>
 0000:00000000       ___guard_iat_count         00000000     <absolute>
 0000:00000000       ___guard_eh_cont_count     00000000     <absolute>
 0000:00000000       __except_list              00000000     <absolute>
 0000:00000000       ___x64_code_ranges_to_entry_points_count 00000000     <absolute>
 0000:00000000       ___hybrid_code_map_count   00000000     <absolute>
 0000:00000000       ___x64_code_ranges_to_entry_points 00000000     <absolute>
 0000:00000000       ___guard_iat_table         00000000     <absolute>
 0000:00000000       ___arm64x_native_entrypoint 00000000     <absolute>
 0000:00000000       ___hybrid_code_map         00000000     <absolute>
 0000:00000000       ___arm64x_extra_rfe_table_size 00000000     <absolute>
 0000:00000000       ___guard_longjmp_count     00000000     <absolute>
 0000:00000000       ___arm64x_redirection_metadata_count 00000000     <absolute>
 0000:00000000       ___hybrid_auxiliary_iat    00000000     <absolute>
 0000:00000000       ___dynamic_value_reloc_table 00000000     <absolute>
 0000:00000000       ___AbsoluteZero            00000000     <absolute>
 0000:00000000       ___enclave_config          00000000     <absolute>
 0000:00000000       ___guard_fids_table        00000000     <absolute>
 0000:00000007       ___safe_se_handler_count   00000007     <absolute>
 0000:0000002c       __tls_array                0000002c     <absolute>
 0000:00000100       ___guard_flags             00000100     <absolute>
 0000:00000000       ___ImageBase               10000000     <linker-defined>
 0001:00000080       ?DupWide@_CW@@AAEXXZ       10001080 f   CWString.obj
 0001:0000009c       ?cw_dup@@YGXPBDAAHAAPA_W1@Z 1000109c f   CWString.obj
 0001:00000124       ?cw_memcpy@@YGHPA_WPBDH@Z  10001124 f   CWString.obj
 0001:00000150       ?cw_strcpy@@YAHPA_WPBD@Z   10001150 f   CWString.obj
 0001:00000163       ?cw_strlen@@YAHPBD@Z       10001163 f   CWString.obj
 0001:0000017c       ??0CAtlComModule@ATL@@QAE@XZ 1000117c f i OposVariant.obj
 0001:000001c1       ??0CAtlWinModule@ATL@@QAE@XZ 100011c1 f i OposVariant.obj
 0001:000001f8       ??0OposDispParms@@QAE@PAVOposVariant@@H@Z 100011f8 f   OposVariant.obj
 0001:00000269       ??1OposDispParms@@QAE@XZ   10001269 f   OposVariant.obj
 0001:00000277       ??A?$CSimpleArray@GV?$CSimpleArrayEqualHelper@G@ATL@@@ATL@@QAEAAGH@Z 10001277 f i OposVariant.obj
 0001:0000029c       ??_Estringdispid@CComTypeInfoHolder@ATL@@QAEPAXI@Z 1000129c f i OposVariant.obj
 0001:00000308       ?AtlWinModuleInit@ATL@@YGJPAU_ATL_WIN_MODULE70@1@@Z 10001308 f i OposVariant.obj
 0001:0000032e       ?AtlWinModuleTerm@ATL@@YGJPAU_ATL_WIN_MODULE70@1@PAUHINSTANCE__@@@Z 1000132e f i OposVariant.obj
 0001:00000391       ?ChangeBSTR@OposVariant@@QAEXPAPA_WAAJ@Z 10001391 f   OposVariant.obj
 0001:000003d2       ?ChangeLONG@OposVariant@@QAEXPAJAAJ@Z 100013d2 f   OposVariant.obj
 0001:00000413       ?GetLONG@OposVariant@@QAEJXZ 10001413 f   OposVariant.obj
 0001:0000042e       ?Init@CComCriticalSection@ATL@@QAEJXZ 1000142e f i OposVariant.obj
 0001:00000456       ?RemoveAll@?$CSimpleArray@PAUHINSTANCE__@@V?$CSimpleArrayEqualHelper@PAUHINSTANCE__@@@ATL@@@ATL@@QAEXXZ 10001456 f i atls:atlbase.obj
 0001:00000456       ?RemoveAll@?$CSimpleArray@GV?$CSimpleArrayEqualHelper@G@ATL@@@ATL@@QAEXXZ 10001456 f i OposVariant.obj
 0001:00000473       ?SetBSTR@OposVariant@@QAEXPA_WAAJ@Z 10001473 f   OposVariant.obj
 0001:000004a7       ?SetBSTR_Copy@OposVariant@@QAEXPA_WAAJ@Z 100014a7 f   OposVariant.obj
 0001:000004f7       ?SetBSTR_InOutPtr@OposVariant@@QAE_NPAPA_WAAJ@Z 100014f7 f   OposVariant.obj
 0001:0000052e       ?SetDispatch_Ptr@OposVariant@@QAEXPAUIDispatch@@AAJ@Z 1000152e f   OposVariant.obj
 0001:00000569       ?SetLONG@OposVariant@@QAEXJ@Z 10001569 f   OposVariant.obj
 0001:0000058b       ?SetLONG_Ptr@OposVariant@@QAEXPAJAAJ@Z 1000158b f   OposVariant.obj
 0001:000005be       ?SetString@OposVariant@@QAEXPB_WAAJ@Z 100015be f   OposVariant.obj
 0001:00000604       ?SetVARIANT_BOOL@OposVariant@@QAEXF@Z 10001604 f   OposVariant.obj
 0001:0000062e       ?Term@CAtlComModule@ATL@@QAEXXZ 1000162e f i OposVariant.obj
 0001:00000678       ?_AtlRaiseException@ATL@@YAXKK@Z 10001678 f i OposVariant.obj
 0001:0000068d       ?CreateInstance@CComClassFactory@ATL@@UAGJPAUIUnknown@@ABU_GUID@@PAPAX@Z 1000168d f i Lights.obj
 0001:000006cb       ?LockServer@CComClassFactory@ATL@@UAGJH@Z 100016cb f i Lights.obj
 0001:000006ea       ??_ECComClassFactory@ATL@@UAEPAXI@Z 100016ea f i Lights.obj
 0001:000006ea       ??_GCComClassFactory@ATL@@UAEPAXI@Z 100016ea f i Lights.obj
 0001:00000715       ?GetWindowProc@?$CWindowImplBaseT@VCWindow@ATL@@V?$CWinTraits@$0FGAAAAAA@$0A@@2@@ATL@@UAEP6GJPAUHWND__@@IIJ@ZXZ 10001715 f i Lights.obj
 0001:0000071b       ?StartWindowProc@?$CWindowImplBaseT@VCWindow@ATL@@V?$CWinTraits@$0FGAAAAAA@$0A@@2@@ATL@@SGJPAUHWND__@@IIJ@Z 1000171b f i Lights.obj
 0001:0000076f       ?OnFinalMessage@?$CWindowImplBaseT@VCWindow@ATL@@V?$CWinTraits@$0FGAAAAAA@$0A@@2@@ATL@@UAEXPAUHWND__@@@Z 1000176f f i Lights.obj
 0001:0000076f       ?ObjectMain@CComObjectRootBase@ATL@@SGX_N@Z 1000176f f i Lights.obj
 0001:00000772       ?GetTypeInfoCount@?$IDispatchImpl@UIOPOSLights@@$1?IID_IOPOSLights@@3U_GUID@@B$1?LIBID_OposLights_CCO@@3U3@B$00$0A@VCComTypeInfoHolder@ATL@@@ATL@@UAGJPAI@Z 10001772 f i Lights.obj
 0001:0000078f       ?GetTypeInfo@?$IDispatchImpl@UIOPOSLights@@$1?IID_IOPOSLights@@3U_GUID@@B$1?LIBID_OposLights_CCO@@3U3@B$00$0A@VCComTypeInfoHolder@ATL@@@ATL@@UAGJIKPAPAUITypeInfo@@@Z 1000178f f i Lights.obj
 0001:000007b3       ?GetIDsOfNames@?$IDispatchImpl@UIOPOSLights@@$1?IID_IOPOSLights@@3U_GUID@@B$1?LIBID_OposLights_CCO@@3U3@B$00$0A@VCComTypeInfoHolder@ATL@@@ATL@@UAGJABU_GUID@@PAPA_WIKPAJ@Z 100017b3 f i Lights.obj
 0001:000007d3       ?Invoke@?$IDispatchImpl@UIOPOSLights@@$1?IID_IOPOSLights@@3U_GUID@@B$1?LIBID_OposLights_CCO@@3U3@B$00$0A@VCComTypeInfoHolder@ATL@@@ATL@@UAGJJABU_GUID@@KGPAUtagDISPPARAMS@@PAUtagVARIANT@@PAUtagEXCEPINFO@@PAI@Z 100017d3 f i Lights.obj
 0001:000007e1       ?CreateControlWindow@?$CComControl@VCOPOSLights@@V?$CWindowImpl@VCOPOSLights@@VCWindow@ATL@@V?$CWinTraits@$0FGAAAAAA@$0A@@3@@ATL@@@ATL@@UAEPAUHWND__@@PAU3@AAUtagRECT@@@Z 100017e1 f i Lights.obj
 0001:00000810       ?ControlQueryInterface@?$CComControl@VCOPOSLights@@V?$CWindowImpl@VCOPOSLights@@VCWindow@ATL@@V?$CWinTraits@$0FGAAAAAA@$0A@@3@@ATL@@@ATL@@UAEJABU_GUID@@PAPAX@Z 10001810 f i Lights.obj
 0001:0000082b       ?GetClassID@?$IPersistStorageImpl@VCOPOSLights@@@ATL@@UAGJPAU_GUID@@@Z 1000182b f i Lights.obj
 0001:0000082b       ?GetUserClassID@?$IOleObjectImpl@VCOPOSLights@@@ATL@@UAGJPAU_GUID@@@Z 1000182b f i Lights.obj
 0001:0000082b       ?GetClassID@?$IPersistStreamInitImpl@VCOPOSLights@@@ATL@@UAGJPAU_GUID@@@Z 1000182b f i Lights.obj
 0001:0000084f       ?IsDirty@?$IPersistStreamInitImpl@VCOPOSLights@@@ATL@@UAGJXZ 1000184f f i Lights.obj
 0001:0000086e       ?Load@?$IPersistStreamInitImpl@VCOPOSLights@@@ATL@@UAGJPAUIStream@@@Z 1000186e f i Lights.obj
 0001:0000088d       ?Save@?$IPersistStreamInitImpl@VCOPOSLights@@@ATL@@UAGJPAUIStream@@H@Z 1000188d f i Lights.obj
 0001:000008af       ?GetSizeMax@?$IPersistStreamInitImpl@VCOPOSLights@@@ATL@@UAGJPAT_ULARGE_INTEGER@@@Z 100018af f i Lights.obj
 0001:00000a8e       ?InitNew@?$IPersistStreamInitImpl@VCOPOSLights@@@ATL@@UAGJXZ 10001a8e f i Lights.obj
 0001:00000aab       ?ContextSensitiveHelp@?$IOleInPlaceActiveObjectImpl@VCOPOSLights@@@ATL@@UAGJH@Z 10001aab f i Lights.obj
 0001:00000aab       ?QueryGetData@?$IDataObjectImpl@VCOPOSLights@@@ATL@@UAGJPAUtagFORMATETC@@@Z 10001aab f i Lights.obj
 0001:00000aab       ?OnMnemonic@?$IOleControlImpl@VCOPOSLights@@@ATL@@UAGJPAUtagMSG@@@Z 10001aab f i Lights.obj
 0001:00000aab       ?GetControlInfo@?$IOleControlImpl@VCOPOSLights@@@ATL@@UAGJPAUtagCONTROLINFO@@@Z 10001aab f i Lights.obj
 0001:00000aab       ?SOOutputCompleteDummy@COPOSLights@@MAGJJ@Z 10001aab f i Lights.obj
 0001:00000aab       ?SODataDummy@COPOSLights@@MAGJJ@Z 10001aab f i Lights.obj
 0001:00000aab       ?Unfreeze@?$IViewObjectExImpl@VCOPOSLights@@@ATL@@UAGJK@Z 10001aab f i Lights.obj
 0001:00000aab       ?SetColorScheme@?$IOleObjectImpl@VCOPOSLights@@@ATL@@UAGJPAUtagLOGPALETTE@@@Z 10001aab f i Lights.obj
 0001:00000aab       ?ContextSensitiveHelp@?$IOleInPlaceObjectWindowlessImpl@VCOPOSLights@@@ATL@@UAGJH@Z 10001aab f i Lights.obj
 0001:00000aab       ?GetDropTarget@?$IOleInPlaceObjectWindowlessImpl@VCOPOSLights@@@ATL@@UAGJPAPAUIDropTarget@@@Z 10001aab f i Lights.obj
 0001:00000ab3       ?OnAmbientPropertyChange@?$IOleControlImpl@VCOPOSLights@@@ATL@@UAGJJ@Z 10001ab3 f i Lights.obj
 0001:00000ab3       ?EnableModeless@?$IOleInPlaceActiveObjectImpl@VCOPOSLights@@@ATL@@UAGJH@Z 10001ab3 f i Lights.obj
 0001:00000ab3       ?SaveCompleted@?$IPersistStorageImpl@VCOPOSLights@@@ATL@@UAGJPAUIStorage@@@Z 10001ab3 f i Lights.obj
 0001:00000ab3       ?OnFrameWindowActivate@?$IOleInPlaceActiveObjectImpl@VCOPOSLights@@@ATL@@UAGJH@Z 10001ab3 f i Lights.obj
 0001:00000ab8       ?SetClientSite@?$IOleObjectImpl@VCOPOSLights@@@ATL@@UAGJPAUIOleClientSite@@@Z 10001ab8 f i Lights.obj
 0001:00000ad5       ?GetClientSite@?$IOleObjectImpl@VCOPOSLights@@@ATL@@UAGJPAPAUIOleClientSite@@@Z 10001ad5 f i Lights.obj
 0001:00000af2       ?SetHostNames@?$IOleObjectImpl@VCOPOSLights@@@ATL@@UAGJPB_W0@Z 10001af2 f i Lights.obj
 0001:00000af7       ?Close@?$IOleObjectImpl@VCOPOSLights@@@ATL@@UAGJK@Z 10001af7 f i Lights.obj
 0001:00000b14       ?QueryInterface@CRegObject@ATL@@UAGJABU_GUID@@PAPAX@Z 10001b14 f i Lights.obj
 0001:00000b14       ?GetClipboardData@?$IOleObjectImpl@VCOPOSLights@@@ATL@@UAGJKPAPAUIDataObject@@@Z 10001b14 f i Lights.obj
 0001:00000b14       ?SetMoniker@?$IOleObjectImpl@VCOPOSLights@@@ATL@@UAGJKPAUIMoniker@@@Z 10001b14 f i Lights.obj
 0001:00000b14       ?GetDataHere@?$IDataObjectImpl@VCOPOSLights@@@ATL@@UAGJPAUtagFORMATETC@@PAUtagSTGMEDIUM@@@Z 10001b14 f i Lights.obj
 0001:00000b14       ?GetRect@?$IViewObjectExImpl@VCOPOSLights@@@ATL@@UAGJKPAU_RECTL@@@Z 10001b14 f i Lights.obj
 0001:00000b14       ?EnumFormatEtc@?$IDataObjectImpl@VCOPOSLights@@@ATL@@UAGJKPAPAUIEnumFORMATETC@@@Z 10001b14 f i Lights.obj
 0001:00000b14       ?GetCanonicalFormatEtc@?$IDataObjectImpl@VCOPOSLights@@@ATL@@UAGJPAUtagFORMATETC@@0@Z 10001b14 f i Lights.obj
 0001:00000b1c       ?InitFromData@?$IOleObjectImpl@VCOPOSLights@@@ATL@@UAGJPAUIDataObject@@HK@Z 10001b1c f i Lights.obj
 0001:00000b1c       ?SetData@?$IDataObjectImpl@VCOPOSLights@@@ATL@@UAGJPAUtagFORMATETC@@PAUtagSTGMEDIUM@@H@Z 10001b1c f i Lights.obj
 0001:00000b1c       ?GetMoniker@?$IOleObjectImpl@VCOPOSLights@@@ATL@@UAGJKKPAPAUIMoniker@@@Z 10001b1c f i Lights.obj
 0001:00000b24       ?DoVerb@?$IOleObjectImpl@VCOPOSLights@@@ATL@@UAGJJPAUtagMSG@@PAUIOleClientSite@@JPAUHWND__@@PBUtagRECT@@@Z 10001b24 f i Lights.obj
 0001:00000c18       ?EnumVerbs@?$IOleObjectImpl@VCOPOSLights@@@ATL@@UAGJPAPAUIEnumOLEVERB@@@Z 10001c18 f i Lights.obj
 0001:00000c3a       ?HandsOffStorage@?$IPersistStorageImpl@VCOPOSLights@@@ATL@@UAGJXZ 10001c3a f i Lights.obj
 0001:00000c3a       ?Release@CRegObject@ATL@@UAGKXZ 10001c3a f i Lights.obj
 0001:00000c3a       ?IsUpToDate@?$IOleObjectImpl@VCOPOSLights@@@ATL@@UAGJXZ 10001c3a f i Lights.obj
 0001:00000c3a       ?Update@?$IOleObjectImpl@VCOPOSLights@@@ATL@@UAGJXZ 10001c3a f i Lights.obj
 0001:00000c3f       ?GetUserType@?$IOleObjectImpl@VCOPOSLights@@@ATL@@UAGJKPAPA_W@Z 10001c3f f i Lights.obj
 0001:00000c57       ?SetExtent@?$IOleObjectImpl@VCOPOSLights@@@ATL@@UAGJKPAUtagSIZE@@@Z 10001c57 f i Lights.obj
 0001:00000c77       ?GetExtent@?$IOleObjectImpl@VCOPOSLights@@@ATL@@UAGJKPAUtagSIZE@@@Z 10001c77 f i Lights.obj
 0001:00000cb5       ?Advise@?$IOleObjectImpl@VCOPOSLights@@@ATL@@UAGJPAUIAdviseSink@@PAK@Z 10001cb5 f i Lights.obj
 0001:00000cd5       ?Unadvise@?$IOleObjectImpl@VCOPOSLights@@@ATL@@UAGJK@Z 10001cd5 f i Lights.obj
 0001:00000d04       ?EnumAdvise@?$IOleObjectImpl@VCOPOSLights@@@ATL@@UAGJPAPAUIEnumSTATDATA@@@Z 10001d04 f i Lights.obj
 0001:00000d44       ?GetMiscStatus@?$IOleObjectImpl@VCOPOSLights@@@ATL@@UAGJKPAK@Z 10001d44 f i Lights.obj
 0001:00000d5c       ?GetWindow@?$IOleInPlaceActiveObjectImpl@VCOPOSLights@@@ATL@@UAGJPAPAUHWND__@@@Z 10001d5c f i Lights.obj
 0001:00000da9       ?TranslateAcceleratorW@?$IOleInPlaceActiveObjectImpl@VCOPOSLights@@@ATL@@UAGJPAUtagMSG@@@Z 10001da9 f i Lights.obj
 0001:00000e57       ?OnDocWindowActivate@?$IOleInPlaceActiveObjectImpl@VCOPOSLights@@@ATL@@UAGJH@Z 10001e57 f i Lights.obj
 0001:00000e79       ?ResizeBorder@?$IOleInPlaceActiveObjectImpl@VCOPOSLights@@@ATL@@UAGJPBUtagRECT@@PAUIOleInPlaceUIWindow@@H@Z 10001e79 f i Lights.obj
 0001:00000e7e       ?Draw@?$IViewObjectExImpl@VCOPOSLights@@@ATL@@UAGJKJPAXPAUtagDVTARGETDEVICE@@PAUHDC__@@2PBU_RECTL@@3P6GHK@ZK@Z 10001e7e f i Lights.obj
 0001:00000eb0       ?GetColorSet@?$IViewObjectExImpl@VCOPOSLights@@@ATL@@UAGJKJPAXPAUtagDVTARGETDEVICE@@PAUHDC__@@PAPAUtagLOGPALETTE@@@Z 10001eb0 f i Lights.obj
 0001:00000eb8       ?SOErrorDummy@COPOSLights@@MAGJJJJPAJ@Z 10001eb8 f i Lights.obj
 0001:00000eb8       ?Freeze@?$IViewObjectExImpl@VCOPOSLights@@@ATL@@UAGJKJPAXPAK@Z 10001eb8 f i Lights.obj
 0001:00000ec0       ?SetAdvise@?$IViewObjectExImpl@VCOPOSLights@@@ATL@@UAGJKKPAUIAdviseSink@@@Z 10001ec0 f i Lights.obj
 0001:00000edf       ?GetAdvise@?$IViewObjectExImpl@VCOPOSLights@@@ATL@@UAGJPAK0PAPAUIAdviseSink@@@Z 10001edf f i Lights.obj
 0001:00000f14       ?GetExtent@?$IViewObjectExImpl@VCOPOSLights@@@ATL@@UAGJKJPAUtagDVTARGETDEVICE@@PAUtagSIZE@@@Z 10001f14 f i Lights.obj
 0001:00000f45       ?GetViewStatus@?$IViewObjectExImpl@VCOPOSLights@@@ATL@@UAGJPAK@Z 10001f45 f i Lights.obj
 0001:00000f62       ?QueryHitPoint@?$IViewObjectExImpl@VCOPOSLights@@@ATL@@UAGJKPBUtagRECT@@UtagPOINT@@JPAK@Z 10001f62 f i Lights.obj
 0001:00000fa3       ?QueryHitRect@?$IViewObjectExImpl@VCOPOSLights@@@ATL@@UAGJKPBUtagRECT@@0JPAK@Z 10001fa3 f i Lights.obj
 0001:00000ffe       ?GetNaturalExtent@?$IViewObjectExImpl@VCOPOSLights@@@ATL@@UAGJKJPAUtagDVTARGETDEVICE@@PAUHDC__@@PAUtagExtentInfo@@PAUtagSIZE@@@Z 10001ffe f i Lights.obj
 0001:00001049       ?GetWindow@?$IOleInPlaceObjectWindowlessImpl@VCOPOSLights@@@ATL@@UAGJPAPAUHWND__@@@Z 10002049 f i Lights.obj
 0001:00001096       ?InPlaceDeactivate@?$IOleInPlaceObjectWindowlessImpl@VCOPOSLights@@@ATL@@UAGJXZ 10002096 f i Lights.obj
 0001:000010b0       ?UIDeactivate@?$IOleInPlaceObjectWindowlessImpl@VCOPOSLights@@@ATL@@UAGJXZ 100020b0 f i Lights.obj
 0001:000010ca       ?SetObjectRects@?$IOleInPlaceObjectWindowlessImpl@VCOPOSLights@@@ATL@@UAGJPBUtagRECT@@0@Z 100020ca f i Lights.obj
 0001:000010ea       ?ReactivateAndUndo@?$IOleInPlaceObjectWindowlessImpl@VCOPOSLights@@@ATL@@UAGJXZ 100020ea f i Lights.obj
 0001:000010f2       ?OnWindowMessage@?$IOleInPlaceObjectWindowlessImpl@VCOPOSLights@@@ATL@@UAGJIIJPAJ@Z 100020f2 f i Lights.obj
 0001:00001162       ?EnumConnectionPoints@?$IConnectionPointContainerImpl@VCOPOSLights@@@ATL@@UAGJPAPAUIEnumConnectionPoints@@@Z 10002162 f i Lights.obj
 0001:000012ee       ?FindConnectionPoint@?$IConnectionPointContainerImpl@VCOPOSLights@@@ATL@@UAGJABU_GUID@@PAPAUIConnectionPoint@@@Z 100022ee f i Lights.obj
 0001:00001391       ?IsDirty@?$IPersistStorageImpl@VCOPOSLights@@@ATL@@UAGJXZ 10002391 f i Lights.obj
 0001:000013c1       ?InitNew@?$IPersistStorageImpl@VCOPOSLights@@@ATL@@UAGJPAUIStorage@@@Z 100023c1 f i Lights.obj
 0001:000013f1       ?Load@?$IPersistStorageImpl@VCOPOSLights@@@ATL@@UAGJPAUIStorage@@@Z 100023f1 f i Lights.obj
 0001:0000145d       ?Save@?$IPersistStorageImpl@VCOPOSLights@@@ATL@@UAGJPAUIStorage@@H@Z 1000245d f i Lights.obj
 0001:000014d0       ?GetPages@?$ISpecifyPropertyPagesImpl@VCOPOSLights@@@ATL@@UAGJPAUtagCAUUID@@@Z 100024d0 f i Lights.obj
 0001:000014e7       ?QuickActivate@?$IQuickActivateImpl@VCOPOSLights@@@ATL@@UAGJPAUtagQACONTAINER@@PAUtagQACONTROL@@@Z 100024e7 f i Lights.obj
 0001:0000150a       ?SetContentExtent@?$IQuickActivateImpl@VCOPOSLights@@@ATL@@UAGJPAUtagSIZE@@@Z 1000250a f i Lights.obj
 0001:00001536       ?GetContentExtent@?$IQuickActivateImpl@VCOPOSLights@@@ATL@@UAGJPAUtagSIZE@@@Z 10002536 f i Lights.obj
 0001:00001572       ?GetData@?$IDataObjectImpl@VCOPOSLights@@@ATL@@UAGJPAUtagFORMATETC@@PAUtagSTGMEDIUM@@@Z 10002572 f i Lights.obj
 0001:00001595       ?DAdvise@?$IDataObjectImpl@VCOPOSLights@@@ATL@@UAGJPAUtagFORMATETC@@KPAUIAdviseSink@@PAK@Z 10002595 f i Lights.obj
 0001:000015d6       ?DUnadvise@?$IDataObjectImpl@VCOPOSLights@@@ATL@@UAGJK@Z 100025d6 f i Lights.obj
 0001:00001604       ?EnumDAdvise@?$IDataObjectImpl@VCOPOSLights@@@ATL@@UAGJPAPAUIEnumSTATDATA@@@Z 10002604 f i Lights.obj
 0001:00001643       ?GetClassInfoW@?$IProvideClassInfo2Impl@$1?CLSID_OPOSLights@@3U_GUID@@B$1?DIID__IOPOSLightsEvents@@3U2@B$1?LIBID_OposLights_CCO@@3U2@B$00$0A@VCComTypeInfoHolder@ATL@@@ATL@@UAGJPAPAUITypeInfo@@@Z 10002643 f i Lights.obj
 0001:00001659       ?GetGUID@?$IProvideClassInfo2Impl@$1?CLSID_OPOSLights@@3U_GUID@@B$1?DIID__IOPOSLightsEvents@@3U2@B$1?LIBID_OposLights_CCO@@3U2@B$00$0A@VCComTypeInfoHolder@ATL@@@ATL@@UAGJKPAU_GUID@@@Z 10002659 f i Lights.obj
 0001:00001697       ?FAccessAllowed@?$IObjectSafetyImpl@VCOPOSLights@@$02@ATL@@MAEHXZ 10002697 f i Lights.obj
 0001:00001697       __get_startup_argv_mode    10002697 f i LIBCMT:argv_mode.obj
 0001:0000169b       ?GetInterfaceSafetyOptions@?$IObjectSafetyImpl@VCOPOSLights@@$02@ATL@@UAGJABU_GUID@@PAK1@Z 1000269b f i Lights.obj
 0001:0000170f       ?SetInterfaceSafetyOptions@?$IObjectSafetyImpl@VCOPOSLights@@$02@ATL@@UAGJABU_GUID@@KK@Z 1000270f f i Lights.obj
 0001:00001789       ?_LocCPQueryInterface@?$IConnectionPointImpl@VCOPOSLights@@$1?DIID__IOPOSLightsEvents@@3U_GUID@@BVCComDynamicUnkArray@ATL@@@ATL@@UAGJABU_GUID@@PAPAX@Z 10002789 f i Lights.obj
 0001:00001789       ?_LocCPQueryInterface@?$IConnectionPointImpl@VCOPOSLights@@$1?IID_IPropertyNotifySink@@3U_GUID@@BVCComDynamicUnkArray@ATL@@@ATL@@UAGJABU_GUID@@PAPAX@Z 10002789 f i Lights.obj
 0001:000017d6       ?GetConnectionInterface@?$IConnectionPointImpl@VCOPOSLights@@$1?IID_IPropertyNotifySink@@3U_GUID@@BVCComDynamicUnkArray@ATL@@@ATL@@UAGJPAU_GUID@@@Z 100027d6 f i Lights.obj
 0001:000017fa       ?GetConnectionPointContainer@?$IConnectionPointImpl@VCOPOSLights@@$1?IID_IPropertyNotifySink@@3U_GUID@@BVCComDynamicUnkArray@ATL@@@ATL@@UAGJPAPAUIConnectionPointContainer@@@Z 100027fa f i Lights.obj
 0001:0000181d       ?Advise@?$IConnectionPointImpl@VCOPOSLights@@$1?DIID__IOPOSLightsEvents@@3U_GUID@@BVCComDynamicUnkArray@ATL@@@ATL@@UAGJPAUIUnknown@@PAK@Z 1000281d f i Lights.obj
 0001:0000181d       ?Advise@?$IConnectionPointImpl@VCOPOSLights@@$1?IID_IPropertyNotifySink@@3U_GUID@@BVCComDynamicUnkArray@ATL@@@ATL@@UAGJPAUIUnknown@@PAK@Z 1000281d f i Lights.obj
 0001:000018bd       ?Unadvise@?$IConnectionPointImpl@VCOPOSLights@@$1?IID_IPropertyNotifySink@@3U_GUID@@BVCComDynamicUnkArray@ATL@@@ATL@@UAGJK@Z 100028bd f i Lights.obj
 0001:000018bd       ?Unadvise@?$IConnectionPointImpl@VCOPOSLights@@$1?DIID__IOPOSLightsEvents@@3U_GUID@@BVCComDynamicUnkArray@ATL@@@ATL@@UAGJK@Z 100028bd f i Lights.obj
 0001:000018fd       ?EnumConnections@?$IConnectionPointImpl@VCOPOSLights@@$1?DIID__IOPOSLightsEvents@@3U_GUID@@BVCComDynamicUnkArray@ATL@@@ATL@@UAGJPAPAUIEnumConnections@@@Z 100028fd f i Lights.obj
 0001:000018fd       ?EnumConnections@?$IConnectionPointImpl@VCOPOSLights@@$1?IID_IPropertyNotifySink@@3U_GUID@@BVCComDynamicUnkArray@ATL@@@ATL@@UAGJPAPAUIEnumConnections@@@Z 100028fd f i Lights.obj
 0001:000019f8       ?GetCategoryMap@CComObjectRootBase@ATL@@SAPBU_ATL_CATMAP_ENTRY@2@XZ 100029f8 f i Lights.obj
 0001:000019f8       ?GetObjectDescription@?$CComCoClass@VCOPOSLights@@$1?CLSID_OPOSLights@@3U_GUID@@B@ATL@@SGPB_WXZ 100029f8 f i Lights.obj
 0001:000019fb       ?GetConnectionInterface@?$IConnectionPointImpl@VCOPOSLights@@$1?DIID__IOPOSLightsEvents@@3U_GUID@@BVCComDynamicUnkArray@ATL@@@ATL@@UAGJPAU_GUID@@@Z 100029fb f i Lights.obj
 0001:00001a1f       ?GetConnectionPointContainer@?$IConnectionPointImpl@VCOPOSLights@@$1?DIID__IOPOSLightsEvents@@3U_GUID@@BVCComDynamicUnkArray@ATL@@@ATL@@UAGJPAPAUIConnectionPointContainer@@@Z 10002a1f f i Lights.obj
 0001:00001a42       ?UpdateRegistry@COPOSLights@@SGJH@Z 10002a42 f i Lights.obj
 0001:00001a5a       ?ProcessWindowMessage@COPOSLights@@UAEHPAUHWND__@@IIJAAJK@Z 10002a5a f i Lights.obj
 0001:00001aa3       ?SODirectIO@COPOSLights@@MAGJJPAJPAPA_W@Z 10002aa3 f i Lights.obj
 0001:00001aec       ?SOStatusUpdate@COPOSLights@@MAGJJ@Z 10002aec f i Lights.obj
 0001:00001b25       ?Lock@CAtlModule@ATL@@UAEJXZ 10002b25 f i Lights.obj
 0001:00001b2f       ?Unlock@CAtlModule@ATL@@UAEJXZ 10002b2f f i Lights.obj
 0001:00001b39       ?GetLockCount@CAtlModule@ATL@@UAEJXZ 10002b39 f i Lights.obj
 0001:00001b3d       ?GetGITPtr@CAtlModule@ATL@@UAEJPAPAUIGlobalInterfaceTable@@@Z 10002b3d f i Lights.obj
 0001:00001b89       ?AddCommonRGSReplacements@?$CAtlModuleT@VCComModule@ATL@@@ATL@@UAEJPAUIRegistrarBase@@@Z 10002b89 f i Lights.obj
 0001:00001ba3       ?UpdateRegistryFromResourceD@CComModule@ATL@@UAGJPB_WHPAU_ATL_REGMAP_ENTRY@2@@Z 10002ba3 f i Lights.obj
 0001:00001ba3       ?UpdateRegistryFromResourceD@CComModule@ATL@@UAGJIHPAU_ATL_REGMAP_ENTRY@2@@Z 10002ba3 f i Lights.obj
 0001:00001bab       ?UpdateRegistryFromResource@CComModule@ATL@@UAGJPB_WHPAU_ATL_REGMAP_ENTRY@2@@Z 10002bab f i Lights.obj
 0001:00001bb4       ?UpdateRegistryFromResource@CComModule@ATL@@UAGJIHPAU_ATL_REGMAP_ENTRY@2@@Z 10002bb4 f i Lights.obj
 0001:00001bbd       ?CreateInstance@?$CComCreator@V?$CComObjectCached@VCComClassFactory@ATL@@@ATL@@@ATL@@SGJPAXABU_GUID@@PAPAX@Z 10002bbd f i Lights.obj
 0001:00001c5d       ?CreateInstance@?$CComCreator2@V?$CComCreator@V?$CComObject@VCOPOSLights@@@ATL@@@ATL@@V?$CComCreator@V?$CComAggObject@VCOPOSLights@@@ATL@@@2@@ATL@@SGJPAXABU_GUID@@PAPAX@Z 10002c5d f i Lights.obj
 0001:00001c7d       ??_GCComModule@ATL@@UAEPAXI@Z 10002c7d f i Lights.obj
 0001:00001c7d       ??_ECComModule@ATL@@UAEPAXI@Z 10002c7d f i Lights.obj
 0001:00001ca5       ?AddRef@?$CComObjectCached@VCComClassFactory@ATL@@@ATL@@UAGKXZ 10002ca5 f i Lights.obj
 0001:00001ccc       ?Release@?$CComObjectCached@VCComClassFactory@ATL@@@ATL@@UAGKXZ 10002ccc f i Lights.obj
 0001:00001d02       ?QueryInterface@?$CComObjectCached@VCComClassFactory@ATL@@@ATL@@UAGJABU_GUID@@PAPAX@Z 10002d02 f i Lights.obj
 0001:00001d1c       ??_E?$CComObjectCached@VCComClassFactory@ATL@@@ATL@@UAEPAXI@Z 10002d1c f i Lights.obj
 0001:00001d1c       ??_G?$CComObjectCached@VCComClassFactory@ATL@@@ATL@@UAEPAXI@Z 10002d1c f i Lights.obj
 0001:00001d3e       ?Next@?$CComEnumImpl@UIEnumConnectionPoints@@$1?_GUID_b196b285_bab4_101a_b69c_00aa00341d07@@3U__s_GUID@@BPAUIConnectionPoint@@V?$_CopyInterface@UIConnectionPoint@@@ATL@@@ATL@@UAGJKPAPAUIConnectionPoint@@PAK@Z 10002d3e f i Lights.obj
 0001:00001e15       ?Skip@?$CComEnumImpl@UIEnumConnectionPoints@@$1?_GUID_b196b285_bab4_101a_b69c_00aa00341d07@@3U__s_GUID@@BPAUIConnectionPoint@@V?$_CopyInterface@UIConnectionPoint@@@ATL@@@ATL@@UAGJK@Z 10002e15 f i Lights.obj
 0001:00001e42       ?Reset@?$CComEnumImpl@UIEnumConnectionPoints@@$1?_GUID_b196b285_bab4_101a_b69c_00aa00341d07@@3U__s_GUID@@BPAUIConnectionPoint@@V?$_CopyInterface@UIConnectionPoint@@@ATL@@@ATL@@UAGJXZ 10002e42 f i Lights.obj
 0001:00001e42       ?Reset@?$CComEnumImpl@UIEnumConnections@@$1?_GUID_b196b287_bab4_101a_b69c_00aa00341d07@@3U__s_GUID@@BUtagCONNECTDATA@@V?$_Copy@UtagCONNECTDATA@@@ATL@@@ATL@@UAGJXZ 10002e42 f i Lights.obj
 0001:00001e54       ?Clone@?$CComEnumImpl@UIEnumConnectionPoints@@$1?_GUID_b196b285_bab4_101a_b69c_00aa00341d07@@3U__s_GUID@@BPAUIConnectionPoint@@V?$_CopyInterface@UIConnectionPoint@@@ATL@@@ATL@@UAGJPAPAUIEnumConnectionPoints@@@Z 10002e54 f i Lights.obj
 0001:00001f35       ?AddRef@?$CComObject@V?$CComEnum@UIEnumConnectionPoints@@$1?_GUID_b196b285_bab4_101a_b69c_00aa00341d07@@3U__s_GUID@@BPAUIConnectionPoint@@V?$_CopyInterface@UIConnectionPoint@@@ATL@@VCComSingleThreadModel@6@@ATL@@@ATL@@UAGKXZ 10002f35 f i Lights.obj
 0001:00001f35       ?AddRef@?$CComObject@V?$CComEnum@UIEnumConnections@@$1?_GUID_b196b287_bab4_101a_b69c_00aa00341d07@@3U__s_GUID@@BUtagCONNECTDATA@@V?$_Copy@UtagCONNECTDATA@@@ATL@@VCComSingleThreadModel@6@@ATL@@@ATL@@UAGKXZ 10002f35 f i Lights.obj
 0001:00001f46       ?Release@?$CComObject@V?$CComEnum@UIEnumConnections@@$1?_GUID_b196b287_bab4_101a_b69c_00aa00341d07@@3U__s_GUID@@BUtagCONNECTDATA@@V?$_Copy@UtagCONNECTDATA@@@ATL@@VCComSingleThreadModel@6@@ATL@@@ATL@@UAGKXZ 10002f46 f i Lights.obj
 0001:00001f46       ?Release@?$CComObject@V?$CComEnum@UIEnumConnectionPoints@@$1?_GUID_b196b285_bab4_101a_b69c_00aa00341d07@@3U__s_GUID@@BPAUIConnectionPoint@@V?$_CopyInterface@UIConnectionPoint@@@ATL@@VCComSingleThreadModel@6@@ATL@@@ATL@@UAGKXZ 10002f46 f i Lights.obj
 0001:00001f82       ?QueryInterface@?$CComObject@V?$CComEnum@UIEnumConnectionPoints@@$1?_GUID_b196b285_bab4_101a_b69c_00aa00341d07@@3U__s_GUID@@BPAUIConnectionPoint@@V?$_CopyInterface@UIConnectionPoint@@@ATL@@VCComSingleThreadModel@6@@ATL@@@ATL@@UAGJABU_GUID@@PAPAX@Z 10002f82 f i Lights.obj
 0001:00001f9c       ??_G?$CComObject@V?$CComEnum@UIEnumConnectionPoints@@$1?_GUID_b196b285_bab4_101a_b69c_00aa00341d07@@3U__s_GUID@@BPAUIConnectionPoint@@V?$_CopyInterface@UIConnectionPoint@@@ATL@@VCComSingleThreadModel@6@@ATL@@@ATL@@UAEPAXI@Z 10002f9c f i Lights.obj
 0001:00001f9c       ??_E?$CComObject@V?$CComEnum@UIEnumConnectionPoints@@$1?_GUID_b196b285_bab4_101a_b69c_00aa00341d07@@3U__s_GUID@@BPAUIConnectionPoint@@V?$_CopyInterface@UIConnectionPoint@@@ATL@@VCComSingleThreadModel@6@@ATL@@@ATL@@UAEPAXI@Z 10002f9c f i Lights.obj
 0001:00001fbe       ?AddRef@CRegObject@ATL@@UAGKXZ 10002fbe f i Lights.obj
 0001:00001fc4       ?AddReplacement@CRegObject@ATL@@UAGJPB_W0@Z 10002fc4 f i Lights.obj
 0001:00001ffd       ?ClearReplacements@CRegObject@ATL@@UAGJXZ 10002ffd f i Lights.obj
 0001:0000200f       ??_ECRegObject@ATL@@UAEPAXI@Z 1000300f f i Lights.obj
 0001:0000200f       ??_GCRegObject@ATL@@UAEPAXI@Z 1000300f f i Lights.obj
 0001:00002031       ?AddRef@?$CComAggObject@VCOPOSLights@@@ATL@@UAGKXZ 10003031 f i Lights.obj
 0001:00002042       ?Release@?$CComAggObject@VCOPOSLights@@@ATL@@UAGKXZ 10003042 f i Lights.obj
 0001:0000207e       ?QueryInterface@?$CComAggObject@VCOPOSLights@@@ATL@@UAGJABU_GUID@@PAPAX@Z 1000307e f i Lights.obj
 0001:000020cd       ?AddRef@?$CComContainedObject@VCOPOSLights@@@ATL@@UAGKXZ 100030cd f i Lights.obj
 0001:000020e3       ?Release@?$CComContainedObject@VCOPOSLights@@@ATL@@UAGKXZ 100030e3 f i Lights.obj
 0001:000020f9       ?QueryInterface@?$CComContainedObject@VCOPOSLights@@@ATL@@UAGJABU_GUID@@PAPAX@Z 100030f9 f i Lights.obj
 0001:00002114       ??_E?$CComAggObject@VCOPOSLights@@@ATL@@UAEPAXI@Z 10003114 f i Lights.obj
 0001:00002114       ??_G?$CComAggObject@VCOPOSLights@@@ATL@@UAEPAXI@Z 10003114 f i Lights.obj
 0001:00002139       ?AddRef@?$CComObject@VCOPOSLights@@@ATL@@UAGKXZ 10003139 f i Lights.obj
 0001:00002150       ?Release@?$CComObject@VCOPOSLights@@@ATL@@UAGKXZ 10003150 f i Lights.obj
 0001:00002192       ?QueryInterface@?$CComObject@VCOPOSLights@@@ATL@@UAGJABU_GUID@@PAPAX@Z 10003192 f i Lights.obj
 0001:000021ac       ?OnDrawAdvanced@CComControlBase@ATL@@UAEJAAUATL_DRAWINFO@@@Z 100031ac f i Lights.obj
 0001:0000229f       ?Next@?$CComEnumImpl@UIEnumConnections@@$1?_GUID_b196b287_bab4_101a_b69c_00aa00341d07@@3U__s_GUID@@BUtagCONNECTDATA@@V?$_Copy@UtagCONNECTDATA@@@ATL@@@ATL@@UAGJKPAUtagCONNECTDATA@@PAK@Z 1000329f f i Lights.obj
 0001:00002376       ?Skip@?$CComEnumImpl@UIEnumConnections@@$1?_GUID_b196b287_bab4_101a_b69c_00aa00341d07@@3U__s_GUID@@BUtagCONNECTDATA@@V?$_Copy@UtagCONNECTDATA@@@ATL@@@ATL@@UAGJK@Z 10003376 f i Lights.obj
 0001:000023a3       ?Clone@?$CComEnumImpl@UIEnumConnections@@$1?_GUID_b196b287_bab4_101a_b69c_00aa00341d07@@3U__s_GUID@@BUtagCONNECTDATA@@V?$_Copy@UtagCONNECTDATA@@@ATL@@@ATL@@UAGJPAPAUIEnumConnections@@@Z 100033a3 f i Lights.obj
 0001:00002484       ?QueryInterface@?$CComObject@V?$CComEnum@UIEnumConnections@@$1?_GUID_b196b287_bab4_101a_b69c_00aa00341d07@@3U__s_GUID@@BUtagCONNECTDATA@@V?$_Copy@UtagCONNECTDATA@@@ATL@@VCComSingleThreadModel@6@@ATL@@@ATL@@UAGJABU_GUID@@PAPAX@Z 10003484 f i Lights.obj
 0001:0000249e       ??_E?$CComObject@V?$CComEnum@UIEnumConnections@@$1?_GUID_b196b287_bab4_101a_b69c_00aa00341d07@@3U__s_GUID@@BUtagCONNECTDATA@@V?$_Copy@UtagCONNECTDATA@@@ATL@@VCComSingleThreadModel@6@@ATL@@@ATL@@UAEPAXI@Z 1000349e f i Lights.obj
 0001:0000249e       ??_G?$CComObject@V?$CComEnum@UIEnumConnections@@$1?_GUID_b196b287_bab4_101a_b69c_00aa00341d07@@3U__s_GUID@@BUtagCONNECTDATA@@V?$_Copy@UtagCONNECTDATA@@@ATL@@VCComSingleThreadModel@6@@ATL@@@ATL@@UAEPAXI@Z 1000349e f i Lights.obj
 0001:000024c0       ??_E?$CComObject@VCOPOSLights@@@ATL@@W3AEPAXI@Z 100034c0 f i Lights.obj
 0001:000024c8       ??_E?$CComObject@VCOPOSLights@@@ATL@@WEM@AEPAXI@Z 100034c8 f i Lights.obj
 0001:000024d0       ?QueryInterface@?$CComObject@VCOPOSLights@@@ATL@@WHA@AGJABU_GUID@@PAPAX@Z 100034d0 f i Lights.obj
 0001:000024da       ?AddRef@?$CComObject@VCOPOSLights@@@ATL@@WHA@AGKXZ 100034da f i Lights.obj
 0001:000024e4       ?Release@?$CComObject@VCOPOSLights@@@ATL@@WHA@AGKXZ 100034e4 f i Lights.obj
 0001:000024ee       ?QueryInterface@?$CComObject@VCOPOSLights@@@ATL@@WHE@AGJABU_GUID@@PAPAX@Z 100034ee f i Lights.obj
 0001:000024f8       ?AddRef@?$CComObject@VCOPOSLights@@@ATL@@WHE@AGKXZ 100034f8 f i Lights.obj
 0001:00002502       ?Release@?$CComObject@VCOPOSLights@@@ATL@@WHE@AGKXZ 10003502 f i Lights.obj
 0001:0000250c       ?QueryInterface@?$CComObject@VCOPOSLights@@@ATL@@WHI@AGJABU_GUID@@PAPAX@Z 1000350c f i Lights.obj
 0001:00002516       ?AddRef@?$CComObject@VCOPOSLights@@@ATL@@WHI@AGKXZ 10003516 f i Lights.obj
 0001:00002520       ?Release@?$CComObject@VCOPOSLights@@@ATL@@WHI@AGKXZ 10003520 f i Lights.obj
 0001:0000252a       ?QueryInterface@?$CComObject@VCOPOSLights@@@ATL@@WHM@AGJABU_GUID@@PAPAX@Z 1000352a f i Lights.obj
 0001:00002534       ?AddRef@?$CComObject@VCOPOSLights@@@ATL@@WHM@AGKXZ 10003534 f i Lights.obj
 0001:0000253e       ?Release@?$CComObject@VCOPOSLights@@@ATL@@WHM@AGKXZ 1000353e f i Lights.obj
 0001:00002548       ?QueryInterface@?$CComObject@VCOPOSLights@@@ATL@@WIA@AGJABU_GUID@@PAPAX@Z 10003548 f i Lights.obj
 0001:00002555       ?AddRef@?$CComObject@VCOPOSLights@@@ATL@@WIA@AGKXZ 10003555 f i Lights.obj
 0001:00002562       ?Release@?$CComObject@VCOPOSLights@@@ATL@@WIA@AGKXZ 10003562 f i Lights.obj
 0001:0000256f       ?QueryInterface@?$CComObject@VCOPOSLights@@@ATL@@WIE@AGJABU_GUID@@PAPAX@Z 1000356f f i Lights.obj
 0001:0000257c       ?AddRef@?$CComObject@VCOPOSLights@@@ATL@@WIE@AGKXZ 1000357c f i Lights.obj
 0001:00002589       ?Release@?$CComObject@VCOPOSLights@@@ATL@@WIE@AGKXZ 10003589 f i Lights.obj
 0001:00002596       ?QueryInterface@?$CComObject@VCOPOSLights@@@ATL@@WII@AGJABU_GUID@@PAPAX@Z 10003596 f i Lights.obj
 0001:000025a3       ?AddRef@?$CComObject@VCOPOSLights@@@ATL@@WII@AGKXZ 100035a3 f i Lights.obj
 0001:000025b0       ?Release@?$CComObject@VCOPOSLights@@@ATL@@WII@AGKXZ 100035b0 f i Lights.obj
 0001:000025bd       ?QueryInterface@?$CComObject@VCOPOSLights@@@ATL@@WIM@AGJABU_GUID@@PAPAX@Z 100035bd f i Lights.obj
 0001:000025ca       ?AddRef@?$CComObject@VCOPOSLights@@@ATL@@WIM@AGKXZ 100035ca f i Lights.obj
 0001:000025d7       ?Release@?$CComObject@VCOPOSLights@@@ATL@@WIM@AGKXZ 100035d7 f i Lights.obj
 0001:000025e4       ?QueryInterface@?$CComObject@VCOPOSLights@@@ATL@@WJA@AGJABU_GUID@@PAPAX@Z 100035e4 f i Lights.obj
 0001:000025f1       ?AddRef@?$CComObject@VCOPOSLights@@@ATL@@WJA@AGKXZ 100035f1 f i Lights.obj
 0001:000025fe       ?Release@?$CComObject@VCOPOSLights@@@ATL@@WJA@AGKXZ 100035fe f i Lights.obj
 0001:0000260b       ?QueryInterface@?$CComObject@VCOPOSLights@@@ATL@@WJE@AGJABU_GUID@@PAPAX@Z 1000360b f i Lights.obj
 0001:00002618       ?AddRef@?$CComObject@VCOPOSLights@@@ATL@@WJE@AGKXZ 10003618 f i Lights.obj
 0001:00002625       ?Release@?$CComObject@VCOPOSLights@@@ATL@@WJE@AGKXZ 10003625 f i Lights.obj
 0001:00002632       ?QueryInterface@?$CComObject@VCOPOSLights@@@ATL@@WJI@AGJABU_GUID@@PAPAX@Z 10003632 f i Lights.obj
 0001:0000263f       ?AddRef@?$CComObject@VCOPOSLights@@@ATL@@WJI@AGKXZ 1000363f f i Lights.obj
 0001:0000264c       ?Release@?$CComObject@VCOPOSLights@@@ATL@@WJI@AGKXZ 1000364c f i Lights.obj
 0001:00002659       ?QueryInterface@?$CComObject@VCOPOSLights@@@ATL@@WJM@AGJABU_GUID@@PAPAX@Z 10003659 f i Lights.obj
 0001:00002666       ?AddRef@?$CComObject@VCOPOSLights@@@ATL@@WJM@AGKXZ 10003666 f i Lights.obj
 0001:00002673       ?Release@?$CComObject@VCOPOSLights@@@ATL@@WJM@AGKXZ 10003673 f i Lights.obj
 0001:00002680       ?QueryInterface@?$CComObject@VCOPOSLights@@@ATL@@WKA@AGJABU_GUID@@PAPAX@Z 10003680 f i Lights.obj
 0001:0000268d       ?AddRef@?$CComObject@VCOPOSLights@@@ATL@@WKA@AGKXZ 1000368d f i Lights.obj
 0001:0000269a       ?Release@?$CComObject@VCOPOSLights@@@ATL@@WKA@AGKXZ 1000369a f i Lights.obj
 0001:000026a7       ?AddRef@?$CComObject@VCOPOSLights@@@ATL@@WKI@AGKXZ 100036a7 f i Lights.obj
 0001:000026b4       ?Release@?$CComObject@VCOPOSLights@@@ATL@@WKI@AGKXZ 100036b4 f i Lights.obj
 0001:000026c1       ?AddRef@?$CComObject@VCOPOSLights@@@ATL@@WLE@AGKXZ 100036c1 f i Lights.obj
 0001:000026ce       ?Release@?$CComObject@VCOPOSLights@@@ATL@@WLE@AGKXZ 100036ce f i Lights.obj
 0001:000026db       ??_E?$CComContainedObject@VCOPOSLights@@@ATL@@W3AEPAXI@Z 100036db f i Lights.obj
 0001:000026e3       ??_E?$CComContainedObject@VCOPOSLights@@@ATL@@WEM@AEPAXI@Z 100036e3 f i Lights.obj
 0001:000026eb       ?QueryInterface@?$CComContainedObject@VCOPOSLights@@@ATL@@WHA@AGJABU_GUID@@PAPAX@Z 100036eb f i Lights.obj
 0001:000026f5       ?AddRef@?$CComContainedObject@VCOPOSLights@@@ATL@@WHA@AGKXZ 100036f5 f i Lights.obj
 0001:000026ff       ?Release@?$CComContainedObject@VCOPOSLights@@@ATL@@WHA@AGKXZ 100036ff f i Lights.obj
 0001:00002709       ?QueryInterface@?$CComContainedObject@VCOPOSLights@@@ATL@@WHE@AGJABU_GUID@@PAPAX@Z 10003709 f i Lights.obj
 0001:00002713       ?AddRef@?$CComContainedObject@VCOPOSLights@@@ATL@@WHE@AGKXZ 10003713 f i Lights.obj
 0001:0000271d       ?Release@?$CComContainedObject@VCOPOSLights@@@ATL@@WHE@AGKXZ 1000371d f i Lights.obj
 0001:00002727       ?QueryInterface@?$CComContainedObject@VCOPOSLights@@@ATL@@WHI@AGJABU_GUID@@PAPAX@Z 10003727 f i Lights.obj
 0001:00002731       ?AddRef@?$CComContainedObject@VCOPOSLights@@@ATL@@WHI@AGKXZ 10003731 f i Lights.obj
 0001:0000273b       ?Release@?$CComContainedObject@VCOPOSLights@@@ATL@@WHI@AGKXZ 1000373b f i Lights.obj
 0001:00002745       ?QueryInterface@?$CComContainedObject@VCOPOSLights@@@ATL@@WHM@AGJABU_GUID@@PAPAX@Z 10003745 f i Lights.obj
 0001:0000274f       ?AddRef@?$CComContainedObject@VCOPOSLights@@@ATL@@WHM@AGKXZ 1000374f f i Lights.obj
 0001:00002759       ?Release@?$CComContainedObject@VCOPOSLights@@@ATL@@WHM@AGKXZ 10003759 f i Lights.obj
 0001:00002763       ?QueryInterface@?$CComContainedObject@VCOPOSLights@@@ATL@@WIA@AGJABU_GUID@@PAPAX@Z 10003763 f i Lights.obj
 0001:00002770       ?AddRef@?$CComContainedObject@VCOPOSLights@@@ATL@@WIA@AGKXZ 10003770 f i Lights.obj
 0001:0000277d       ?Release@?$CComContainedObject@VCOPOSLights@@@ATL@@WIA@AGKXZ 1000377d f i Lights.obj
 0001:0000278a       ?QueryInterface@?$CComContainedObject@VCOPOSLights@@@ATL@@WIE@AGJABU_GUID@@PAPAX@Z 1000378a f i Lights.obj
 0001:00002797       ?AddRef@?$CComContainedObject@VCOPOSLights@@@ATL@@WIE@AGKXZ 10003797 f i Lights.obj
 0001:000027a4       ?Release@?$CComContainedObject@VCOPOSLights@@@ATL@@WIE@AGKXZ 100037a4 f i Lights.obj
 0001:000027b1       ?QueryInterface@?$CComContainedObject@VCOPOSLights@@@ATL@@WII@AGJABU_GUID@@PAPAX@Z 100037b1 f i Lights.obj
 0001:000027be       ?AddRef@?$CComContainedObject@VCOPOSLights@@@ATL@@WII@AGKXZ 100037be f i Lights.obj
 0001:000027cb       ?Release@?$CComContainedObject@VCOPOSLights@@@ATL@@WII@AGKXZ 100037cb f i Lights.obj
 0001:000027d8       ?QueryInterface@?$CComContainedObject@VCOPOSLights@@@ATL@@WIM@AGJABU_GUID@@PAPAX@Z 100037d8 f i Lights.obj
 0001:000027e5       ?AddRef@?$CComContainedObject@VCOPOSLights@@@ATL@@WIM@AGKXZ 100037e5 f i Lights.obj
 0001:000027f2       ?Release@?$CComContainedObject@VCOPOSLights@@@ATL@@WIM@AGKXZ 100037f2 f i Lights.obj
 0001:000027ff       ?QueryInterface@?$CComContainedObject@VCOPOSLights@@@ATL@@WJA@AGJABU_GUID@@PAPAX@Z 100037ff f i Lights.obj
 0001:0000280c       ?AddRef@?$CComContainedObject@VCOPOSLights@@@ATL@@WJA@AGKXZ 1000380c f i Lights.obj
 0001:00002819       ?Release@?$CComContainedObject@VCOPOSLights@@@ATL@@WJA@AGKXZ 10003819 f i Lights.obj
 0001:00002826       ?QueryInterface@?$CComContainedObject@VCOPOSLights@@@ATL@@WJE@AGJABU_GUID@@PAPAX@Z 10003826 f i Lights.obj
 0001:00002833       ?AddRef@?$CComContainedObject@VCOPOSLights@@@ATL@@WJE@AGKXZ 10003833 f i Lights.obj
 0001:00002840       ?Release@?$CComContainedObject@VCOPOSLights@@@ATL@@WJE@AGKXZ 10003840 f i Lights.obj
 0001:0000284d       ?QueryInterface@?$CComContainedObject@VCOPOSLights@@@ATL@@WJI@AGJABU_GUID@@PAPAX@Z 1000384d f i Lights.obj
 0001:0000285a       ?AddRef@?$CComContainedObject@VCOPOSLights@@@ATL@@WJI@AGKXZ 1000385a f i Lights.obj
 0001:00002867       ?Release@?$CComContainedObject@VCOPOSLights@@@ATL@@WJI@AGKXZ 10003867 f i Lights.obj
 0001:00002874       ?QueryInterface@?$CComContainedObject@VCOPOSLights@@@ATL@@WJM@AGJABU_GUID@@PAPAX@Z 10003874 f i Lights.obj
 0001:00002881       ?AddRef@?$CComContainedObject@VCOPOSLights@@@ATL@@WJM@AGKXZ 10003881 f i Lights.obj
 0001:0000288e       ?Release@?$CComContainedObject@VCOPOSLights@@@ATL@@WJM@AGKXZ 1000388e f i Lights.obj
 0001:0000289b       ?QueryInterface@?$CComContainedObject@VCOPOSLights@@@ATL@@WKA@AGJABU_GUID@@PAPAX@Z 1000389b f i Lights.obj
 0001:000028a8       ?AddRef@?$CComContainedObject@VCOPOSLights@@@ATL@@WKA@AGKXZ 100038a8 f i Lights.obj
 0001:000028b5       ?Release@?$CComContainedObject@VCOPOSLights@@@ATL@@WKA@AGKXZ 100038b5 f i Lights.obj
 0001:000028c2       ?AddRef@?$CComContainedObject@VCOPOSLights@@@ATL@@WKI@AGKXZ 100038c2 f i Lights.obj
 0001:000028cf       ?Release@?$CComContainedObject@VCOPOSLights@@@ATL@@WKI@AGKXZ 100038cf f i Lights.obj
 0001:000028dc       ?AddRef@?$CComContainedObject@VCOPOSLights@@@ATL@@WLE@AGKXZ 100038dc f i Lights.obj
 0001:000028e9       ?Release@?$CComContainedObject@VCOPOSLights@@@ATL@@WLE@AGKXZ 100038e9 f i Lights.obj
 0001:000028f6       ??$?4UITypeInfo2@@@?$CComPtr@UITypeInfo@@@ATL@@QAEPAUITypeInfo@@ABV?$CComPtr@UITypeInfo2@@@1@@Z 100038f6 f i Lights.obj
 0001:00002923       ??$AtlAdd@K@ATL@@YAJPAKKK@Z 10003923 f i Lights.obj
 0001:00002946       ??$AtlAdd@_K@ATL@@YAJPA_K_K1@Z 10003946 f i Lights.obj
 0001:0000297e       ??$AtlAddThrow@K@ATL@@YAKKK@Z 1000397e f i Lights.obj
 0001:000029a4       ??$AtlModuleRegisterWndClassInfoT@VAtlModuleRegisterWndClassInfoParamW@ATL@@@ATL@@YAGPAU_ATL_BASE_MODULE70@0@PAU_ATL_WIN_MODULE70@0@PAU_ATL_WNDCLASSINFOW@0@PAP6GJPAUHWND__@@IIJ@ZVAtlModuleRegisterWndClassInfoParamW@0@@Z 100039a4 f i Lights.obj
 0001:00002af2       ??$AtlMultiply@H@ATL@@YAJPAHHH@Z 10003af2 f i Lights.obj
 0001:00002b2a       ??$AtlMultiply@I@ATL@@YAJPAIII@Z 10003b2a f i Lights.obj
 0001:00002b2a       ??$AtlMultiply@K@ATL@@YAJPAKKK@Z 10003b2a f i Lights.obj
 0001:00002b4c       ??$AtlMultiplyThrow@I@ATL@@YAIII@Z 10003b4c f i Lights.obj
 0001:00002b72       ??0?$CComAggObject@VCOPOSLights@@@ATL@@QAE@PAX@Z 10003b72 f i Lights.obj
 0001:00002b9f       ??0?$CComContainedObject@VCOPOSLights@@@ATL@@QAE@PAX@Z 10003b9f f i Lights.obj
 0001:00002c58       ??0?$CComObject@V?$CComEnum@UIEnumConnectionPoints@@$1?_GUID_b196b285_bab4_101a_b69c_00aa00341d07@@3U__s_GUID@@BPAUIConnectionPoint@@V?$_CopyInterface@UIConnectionPoint@@@ATL@@VCComSingleThreadModel@6@@ATL@@@ATL@@QAE@PAX@Z 10003c58 f i Lights.obj
 0001:00002c86       ??0?$CComObject@V?$CComEnum@UIEnumConnections@@$1?_GUID_b196b287_bab4_101a_b69c_00aa00341d07@@3U__s_GUID@@BUtagCONNECTDATA@@V?$_Copy@UtagCONNECTDATA@@@ATL@@VCComSingleThreadModel@6@@ATL@@@ATL@@QAE@PAX@Z 10003c86 f i Lights.obj
 0001:00002cb4       ??0?$CComObject@VCOPOSLights@@@ATL@@QAE@PAX@Z 10003cb4 f i Lights.obj
 0001:00002d6b       ??0?$CComQIPtr@UIOleControlSite@@$1?_GUID_b196b289_bab4_101a_b69c_00aa00341d07@@3U__s_GUID@@B@ATL@@QAE@PAUIUnknown@@@Z 10003d6b f i Lights.obj
 0001:00002d94       ??0CAtlModule@ATL@@QAE@XZ  10003d94 f i Lights.obj
 0001:00002dd5       ??0CParseBuffer@CRegParser@ATL@@QAE@H@Z 10003dd5 f i Lights.obj
 0001:00002e0b       ??0_ATL_MSG@ATL@@QAE@PAUHWND__@@IIJH@Z 10003e0b f i Lights.obj
 0001:00002e43       ??1?$CComAggObject@VCOPOSLights@@@ATL@@UAE@XZ 10003e43 f i Lights.obj
 0001:00002e67       ??1?$CComEnumImpl@UIEnumConnectionPoints@@$1?_GUID_b196b285_bab4_101a_b69c_00aa00341d07@@3U__s_GUID@@BPAUIConnectionPoint@@V?$_CopyInterface@UIConnectionPoint@@@ATL@@@ATL@@UAE@XZ 10003e67 f i Lights.obj
 0001:00002ea7       ??1?$CComEnumImpl@UIEnumConnections@@$1?_GUID_b196b287_bab4_101a_b69c_00aa00341d07@@3U__s_GUID@@BUtagCONNECTDATA@@V?$_Copy@UtagCONNECTDATA@@@ATL@@@ATL@@UAE@XZ 10003ea7 f i Lights.obj
 0001:00002ee7       ??1?$CComObject@V?$CComEnum@UIEnumConnectionPoints@@$1?_GUID_b196b285_bab4_101a_b69c_00aa00341d07@@3U__s_GUID@@BPAUIConnectionPoint@@V?$_CopyInterface@UIConnectionPoint@@@ATL@@VCComSingleThreadModel@6@@ATL@@@ATL@@UAE@XZ 10003ee7 f i Lights.obj
 0001:00002f0a       ??1?$CComObject@V?$CComEnum@UIEnumConnections@@$1?_GUID_b196b287_bab4_101a_b69c_00aa00341d07@@3U__s_GUID@@BUtagCONNECTDATA@@V?$_Copy@UtagCONNECTDATA@@@ATL@@VCComSingleThreadModel@6@@ATL@@@ATL@@UAE@XZ 10003f0a f i Lights.obj
 0001:00002f2d       ??1?$CComObject@VCOPOSLights@@@ATL@@UAE@XZ 10003f2d f i Lights.obj
 0001:00002feb       ??1?$CComObjectCached@VCComClassFactory@ATL@@@ATL@@UAE@XZ 10003feb f i Lights.obj
 0001:00003001       ??1?$CComObjectRootEx@VCComMultiThreadModel@ATL@@@ATL@@QAE@XZ 10004001 f i Lights.obj
 0001:00003016       ??1CRegObject@ATL@@UAE@XZ  10004016 f i Lights.obj
 0001:00003036       ??4?$CComPtr@UIOleClientSite@@@ATL@@QAEPAUIOleClientSite@@PAU2@@Z 10004036 f i Lights.obj
 0001:00003036       ??4?$CComPtr@UIAdviseSink@@@ATL@@QAEPAUIAdviseSink@@PAU2@@Z 10004036 f i Lights.obj
 0001:00003036       ??4?$CComPtr@UIUnknown@@@ATL@@QAEPAUIUnknown@@PAU2@@Z 10004036 f i Lights.obj
 0001:0000306a       ??_E?$CComContainedObject@VCOPOSLights@@@ATL@@UAEPAXI@Z 1000406a f i Lights.obj
 0001:0000306a       ??_G?$CComContainedObject@VCOPOSLights@@@ATL@@UAEPAXI@Z 1000406a f i Lights.obj
 0001:0000308f       ??_G?$CComObject@VCOPOSLights@@@ATL@@UAEPAXI@Z 1000408f f i Lights.obj
 0001:0000308f       ??_E?$CComObject@VCOPOSLights@@@ATL@@UAEPAXI@Z 1000408f f i Lights.obj
 0001:000030b4       ?Add@?$CSimpleArray@GV?$CSimpleArrayEqualHelper@G@ATL@@@ATL@@QAEHABG@Z 100040b4 f i Lights.obj
 0001:00003138       ?Add@?$CSimpleMap@PA_WPA_WVCExpansionVectorEqualHelper@ATL@@@ATL@@QAEHABQA_W0@Z 10004138 f i Lights.obj
 0001:0000318d       ?Add@CComDynamicUnkArray@ATL@@QAEKPAUIUnknown@@@Z 1000418d f i Lights.obj
 0001:00003243       ?Add@CExpansionVector@ATL@@QAEHPB_W0@Z 10004243 f i Lights.obj
 0001:0000334c       ?AddString@CParseBuffer@CRegParser@ATL@@QAEHPB_W@Z 1000434c f i Lights.obj
 0001:00003381       ?AddTermFunc@CAtlModule@ATL@@QAEJP6GXK@ZK@Z 10004381 f i Lights.obj
 0001:000033e4       ?AddValue@CRegParser@ATL@@IAEJAAVCRegKey@2@PB_WPA_W@Z 100043e4 f i Lights.obj
 0001:000036fe       ?Allocate@?$CAtlSafeAllocBufferManager@VCCRTAllocator@ATL@@@_ATL_SAFE_ALLOCA_IMPL@ATL@@QAEPAXK@Z 100046fe f i Lights.obj
 0001:0000372b       ?Allocate@?$CTempBuffer@E$0BAA@VCCRTAllocator@ATL@@@ATL@@QAEPAEI@Z 1000472b f i Lights.obj
 0001:0000375a       ?Allocate@?$CTempBuffer@_W$0BAA@VCCRTAllocator@ATL@@@ATL@@QAEPA_WI@Z 1000475a f i Lights.obj
 0001:00003789       ?Allocate@?$CTempBuffer@_W$0EAA@VCCRTAllocator@ATL@@@ATL@@QAEPA_WI@Z 10004789 f i Lights.obj
 0001:000037b8       ?AllocateHeap@?$CTempBuffer@E$0BAA@VCCRTAllocator@ATL@@@ATL@@AAEXI@Z 100047b8 f i Lights.obj
 0001:000037b8       ?AllocateHeap@?$CTempBuffer@_W$0BAA@VCCRTAllocator@ATL@@@ATL@@AAEXI@Z 100047b8 f i Lights.obj
 0001:000037b8       ?AllocateHeap@?$CTempBuffer@_W$0EAA@VCCRTAllocator@ATL@@@ATL@@AAEXI@Z 100047b8 f i Lights.obj
 0001:000037dd       ?Append@CParseBuffer@CRegParser@ATL@@QAEHPB_WH@Z 100047dd f i Lights.obj
 0001:0000386b       ?AtlCoTaskMemCAlloc@ATL@@YAPAXKK@Z 1000486b f i Lights.obj
 0001:00003898       ?AtlCoTaskMemRecalloc@ATL@@YAPAXPAXKK@Z 10004898 f i Lights.obj
 0001:000038c8       ?AtlComModuleGetClassObject@ATL@@YGJPAU_ATL_COM_MODULE70@1@ABU_GUID@@1PAPAX@Z 100048c8 f i Lights.obj
 0001:000039bb       ?AtlComModuleRegisterServer@ATL@@YGJPAU_ATL_COM_MODULE70@1@HPBU_GUID@@@Z 100049bb f i Lights.obj
 0001:00003a43       ?AtlComModuleUnregisterServer@ATL@@YGJPAU_ATL_COM_MODULE70@1@HPBU_GUID@@@Z 10004a43 f i Lights.obj
 0001:00003acb       ?AtlComQIPtrAssign2@ATL@@YAXPAPAUIUnknown@@PAU2@ABU_GUID@@@Z 10004acb f i Lights.obj
 0001:00003afa       ?AtlCreateTargetDC@ATL@@YGPAUHDC__@@PAU2@PAUtagDVTARGETDEVICE@@@Z 10004afa f i Lights.obj
 0001:00003b63       ?AtlCrtErrorCheck@ATL@@YAHH@Z 10004b63 f i Lights.obj
 0001:00003b9e       ?AtlHiMetricToPixel@ATL@@YGXPBUtagSIZE@@PAU2@@Z 10004b9e f i Lights.obj
 0001:00003c13       ?AtlHresultFromLastError@ATL@@YAJXZ 10004c13 f i Lights.obj
 0001:00003c2a       ?AtlHresultFromWin32@ATL@@YAJK@Z 10004c2a f i Lights.obj
 0001:00003c3f       ?AtlInternalOleLoadFromStream@ATL@@YAJPAUIStream@@ABU_GUID@@PAPAXTClassesAllowedInStream@1@K@Z 10004c3f f i Lights.obj
 0001:00003d5d       ?AtlInternalQueryInterface@ATL@@YGJPAXPBU_ATL_INTMAP_ENTRY@1@ABU_GUID@@PAPAX@Z 10004d5d f i Lights.obj
 0001:00003e00       ?AtlLoadTypeLib@ATL@@YGJPAUHINSTANCE__@@PB_WPAPA_WPAPAUITypeLib@@@Z 10004e00 f i Lights.obj
 0001:00003fde       ?AtlRegisterClassCategoriesHelper@ATL@@YGJABU_GUID@@PBU_ATL_CATMAP_ENTRY@1@H@Z 10004fde f i Lights.obj
 0001:000042da       ?AtlRegisterTypeLib@ATL@@YGJPAUHINSTANCE__@@PB_W@Z 100052da f i Lights.obj
 0001:00004462       ?AtlThrowImpl@ATL@@YGXJ@Z  10005462 f i Lights.obj
 0001:00004480       ?AtlUnRegisterTypeLib@ATL@@YGJPAUHINSTANCE__@@PB_W@Z 10005480 f i Lights.obj
 0001:0000452b       ?AtlWinModuleAddCreateWndData@ATL@@YGXPAU_ATL_WIN_MODULE70@1@PAU_AtlCreateWndData@1@PAX@Z 1000552b f i Lights.obj
 0001:0000457f       ?AtlWinModuleExtractCreateWndData@ATL@@YGPAXPAU_ATL_WIN_MODULE70@1@@Z 1000557f f i Lights.obj
 0001:000045e2       ?AtlWinModuleRegisterClassExW@ATL@@YGGPAU_ATL_WIN_MODULE70@1@PBUtagWNDCLASSEXW@@@Z 100055e2 f i Lights.obj
 0001:00004621       ?CanForceRemoveKey@CRegParser@ATL@@IAEHPB_W@Z 10005621 f i Lights.obj
 0001:00004650       ?ChToByte@CRegParser@ATL@@KAE_W@Z 10005650 f i Lights.obj
 0001:00004683       ?Cleanup@CComTypeInfoHolder@ATL@@SGXK@Z 10005683 f i Lights.obj
 0001:000046b6       ?ClearReplacements@CExpansionVector@ATL@@QAEJXZ 100056b6 f i Lights.obj
 0001:000046f3       ?Close@CRegKey@ATL@@QAEJXZ 100056f3 f i Lights.obj
 0001:0000470d       ?CreateInstance@?$CComCreator@V?$CComAggObject@VCOPOSLights@@@ATL@@@ATL@@SGJPAXABU_GUID@@PAPAX@Z 1000570d f i Lights.obj
 0001:00004782       ?CreateInstance@?$CComCreator@V?$CComObject@VCOPOSLights@@@ATL@@@ATL@@SGJPAXABU_GUID@@PAPAX@Z 10005782 f i Lights.obj
 0001:00004802       ?CreateInstance@?$CComObject@V?$CComEnum@UIEnumConnectionPoints@@$1?_GUID_b196b285_bab4_101a_b69c_00aa00341d07@@3U__s_GUID@@BPAUIConnectionPoint@@V?$_CopyInterface@UIConnectionPoint@@@ATL@@VCComSingleThreadModel@6@@ATL@@@ATL@@SGJPAPAV12@@Z 10005802 f i Lights.obj
 0001:0000484c       ?CreateInstance@?$CComObject@V?$CComEnum@UIEnumConnections@@$1?_GUID_b196b287_bab4_101a_b69c_00aa00341d07@@3U__s_GUID@@BUtagCONNECTDATA@@V?$_Copy@UtagCONNECTDATA@@@ATL@@VCComSingleThreadModel@6@@ATL@@@ATL@@SGJPAPAV12@@Z 1000584c f i Lights.obj
 0001:00004896       ?DefaultReflectionHandler@?$CWindowImplRoot@VCWindow@ATL@@@ATL@@SAHPAUHWND__@@IIJAAJ@Z 10005896 f i Lights.obj
 0001:00004909       ?DeleteSubKey@CRegKey@ATL@@QAEJPB_W@Z 10005909 f i Lights.obj
 0001:00004982       ?DoEvent@COPOSLights@@IAEXIIJ@Z 10005982 f i Lights.obj
 0001:00004a02       ?DoVerbHide@?$IOleObjectImpl@VCOPOSLights@@@ATL@@QAEJPBUtagRECT@@PAUHWND__@@@Z 10005a02 f i Lights.obj
 0001:00004a38       ?DoVerbInPlaceActivate@?$IOleObjectImpl@VCOPOSLights@@@ATL@@QAEJPBUtagRECT@@PAUHWND__@@@Z 10005a38 f i Lights.obj
 0001:00004a6b       ?DoVerbPrimary@?$IOleObjectImpl@VCOPOSLights@@@ATL@@QAEJPBUtagRECT@@PAUHWND__@@@Z 10005a6b f i Lights.obj
 0001:00004af7       ?DoVerbProperties@CComControlBase@ATL@@QAEJPBUtagRECT@@PAUHWND__@@@Z 10005af7 f i Lights.obj
 0001:00004c76       ?DoVerbUIActivate@?$IOleObjectImpl@VCOPOSLights@@@ATL@@QAEJPBUtagRECT@@PAUHWND__@@@Z 10005c76 f i Lights.obj
 0001:00004cb3       ?DoesVerbActivate@CComControlBase@ATL@@QAEHJ@Z 10005cb3 f i Lights.obj
 0001:00004cd4       ?DoesVerbUIActivate@CComControlBase@ATL@@QAEHJ@Z 10005cd4 f i Lights.obj
 0001:00004d09       ?EndOfVar@CRegParser@ATL@@IAEHXZ 10005d09 f i Lights.obj
 0001:00004d29       ?EscapeSingleQuote@CAtlModule@ATL@@SAXPA_WIPB_W@Z 10005d29 f i Lights.obj
 0001:00004d78       ?FindKey@?$CSimpleMap@PA_WPA_WVCExpansionVectorEqualHelper@ATL@@@ATL@@QBEHABQA_W@Z 10005d78 f i Lights.obj
 0001:00004daf       ?FireTheEvent@?$CProxy_IOPOSEvents@VCOPOSLights@@@@IAEXPAVOposVariant@@IAAJPB_WJ@Z 10005daf f i Lights.obj
 0001:00004e41       ?FireViewChange@CComControlBase@ATL@@QAEJXZ 10005e41 f i Lights.obj
 0001:00004e8a       ?Fire_DirectIOEvent@?$CProxy_IOPOSEvents@VCOPOSLights@@@@QAEXJPAJPAPA_W@Z 10005e8a f i Lights.obj
 0001:00004f76       ?Fire_StatusUpdateEvent@?$CProxy_IOPOSEvents@VCOPOSLights@@@@QAEXJ@Z 10005f76 f i Lights.obj
 0001:0000500c       ?FreeHeap@?$CTempBuffer@_W$0EAA@VCCRTAllocator@ATL@@@ATL@@AAEXXZ 1000600c f i Lights.obj
 0001:0000500c       ?FreeHeap@?$CTempBuffer@E$0BAA@VCCRTAllocator@ATL@@@ATL@@AAEXXZ 1000600c f i Lights.obj
 0001:0000500c       ?FreeHeap@?$CTempBuffer@_W$0BAA@VCCRTAllocator@ATL@@@ATL@@AAEXXZ 1000600c f i Lights.obj
 0001:00005015       ?GetAmbientLocaleID@CComControlBase@ATL@@QAEJAAK@Z 10006015 f i Lights.obj
 0001:00005071       ?GetAmbientUserMode@CComControlBase@ATL@@QAEJAAH@Z 10006071 f i Lights.obj
 0001:000050e1       ?GetAt@CComDynamicUnkArray@ATL@@QAEPAUIUnknown@@H@Z 100060e1 f i Lights.obj
 0001:000050fd       ?GetClassObject@CComModule@ATL@@QAEJABU_GUID@@0PAPAX@Z 100060fd f i Lights.obj
 0001:0000519f       ?GetConnMap@COPOSLights@@SAPBU_ATL_CONNMAP_ENTRY@ATL@@PAH@Z 1000619f f i Lights.obj
 0001:0000520f       ?GetCookie@CComDynamicUnkArray@ATL@@QAGKPAPAUIUnknown@@@Z 1000620f f i Lights.obj
 0001:00005247       ?GetIDsOfNames@CComTypeInfoHolder@ATL@@QAEJABU_GUID@@PAPA_WIKPAJ@Z 10006247 f i Lights.obj
 0001:0000536e       ?GetKeyAt@?$CSimpleMap@PA_WPA_WVCExpansionVectorEqualHelper@ATL@@@ATL@@QBEAAPA_WH@Z 1000636e f i Lights.obj
 0001:00005393       ?GetPagesHelper@?$ISpecifyPropertyPagesImpl@VCOPOSLights@@@ATL@@IAEJPAUtagCAUUID@@PBUATL_PROPMAP_ENTRY@2@@Z 10006393 f i Lights.obj
 0001:000054ba       ?GetProperty@?$CComPtr@UIDispatch@@@ATL@@SAJPAUIDispatch@@JPAUtagVARIANT@@@Z 100064ba f i Lights.obj
 0001:00005509       ?GetSizeMax@CComVariant@ATL@@QBEJPAT_ULARGE_INTEGER@@@Z 10006509 f i Lights.obj
 0001:000056cb       ?GetTI@CComTypeInfoHolder@ATL@@QAEJK@Z 100066cb f i Lights.obj
 0001:000058aa       ?GetTI@CComTypeInfoHolder@ATL@@QAEJKPAPAUITypeInfo@@@Z 100068aa f i Lights.obj
 0001:000058ec       ?GetUnknown@CComDynamicUnkArray@ATL@@QAGPAUIUnknown@@K@Z 100068ec f i Lights.obj
 0001:0000590d       ?GetValueAt@?$CSimpleMap@PA_WPA_WVCExpansionVectorEqualHelper@ATL@@@ATL@@QBEAAPA_WH@Z 1000690d f i Lights.obj
 0001:00005933       ?GetZoomInfo@CComControlBase@ATL@@QAEXAAUATL_DRAWINFO@@@Z 10006933 f i Lights.obj
 0001:000059c6       ?HKeyFromString@CRegParser@ATL@@KAPAUHKEY__@@PA_W@Z 100069c6 f i Lights.obj
 0001:000059f4       ?HasSubKeys@CRegParser@ATL@@IAEHPAUHKEY__@@@Z 100069f4 f i Lights.obj
 0001:00005a29       ?IDataObject_GetData@CComControlBase@ATL@@QAEJPAUtagFORMATETC@@PAUtagSTGMEDIUM@@@Z 10006a29 f i Lights.obj
 0001:00005bcf       ?IOleInPlaceObject_InPlaceDeactivate@CComControlBase@ATL@@QAEJXZ 10006bcf f i Lights.obj
 0001:00005c56       ?IOleInPlaceObject_SetObjectRects@CComControlBase@ATL@@QAEJPBUtagRECT@@0@Z 10006c56 f i Lights.obj
 0001:00005d23       ?IOleInPlaceObject_UIDeactivate@CComControlBase@ATL@@QAEJXZ 10006d23 f i Lights.obj
 0001:00005de5       ?IOleObject_Advise@CComControlBase@ATL@@QAEJPAUIAdviseSink@@PAK@Z 10006de5 f i Lights.obj
 0001:00005e0f       ?IOleObject_Close@CComControlBase@ATL@@QAEJK@Z 10006e0f f i Lights.obj
 0001:00005ef3       ?IOleObject_GetClientSite@CComControlBase@ATL@@QAEJPAPAUIOleClientSite@@@Z 10006ef3 f i Lights.obj
 0001:00005f1c       ?IOleObject_SetClientSite@CComControlBase@ATL@@QAEJPAUIOleClientSite@@@Z 10006f1c f i Lights.obj
 0001:00005f5b       ?IOleObject_SetExtent@CComControlBase@ATL@@QAEJKPAUtagSIZE@@@Z 10006f5b f i Lights.obj
 0001:0000600d       ?IPSI_GetIPersistStreamInit@?$IPersistStorageImpl@VCOPOSLights@@@ATL@@AAEPAUIPersistStreamInit@@XZ 1000700d f i Lights.obj
 0001:000060b5       ?IPersistStreamInit_Load@?$IPersistStreamInitImpl@VCOPOSLights@@@ATL@@QAEJPAUIStream@@PBUATL_PROPMAP_ENTRY@2@@Z 100070b5 f i Lights.obj
 0001:0000632a       ?IPersistStreamInit_Save@?$IPersistStreamInitImpl@VCOPOSLights@@@ATL@@QAEJPAUIStream@@HPBUATL_PROPMAP_ENTRY@2@@Z 1000732a f i Lights.obj
 0001:00006518       ?IQuickActivate_QuickActivate@CComControlBase@ATL@@QAEJPAUtagQACONTAINER@@PAUtagQACONTROL@@@Z 10007518 f i Lights.obj
 0001:0000675a       ?IViewObject_Draw@CComControlBase@ATL@@QAEJKJPAXPAUtagDVTARGETDEVICE@@PAUHDC__@@2PBU_RECTL@@3@Z 1000775a f i Lights.obj
 0001:00006802       ?InPlaceActivate@CComControlBase@ATL@@QAEJJPBUtagRECT@@@Z 10007802 f i Lights.obj
 0001:00006a73       ?Init@?$CComEnumImpl@UIEnumConnectionPoints@@$1?_GUID_b196b285_bab4_101a_b69c_00aa00341d07@@3U__s_GUID@@BPAUIConnectionPoint@@V?$_CopyInterface@UIConnectionPoint@@@ATL@@@ATL@@QAEJPAPAUIConnectionPoint@@0PAUIUnknown@@W4CComEnumFlags@2@@Z 10007a73 f i Lights.obj
 0001:00006b52       ?Init@?$CComEnumImpl@UIEnumConnections@@$1?_GUID_b196b287_bab4_101a_b69c_00aa00341d07@@3U__s_GUID@@BUtagCONNECTDATA@@V?$_Copy@UtagCONNECTDATA@@@ATL@@@ATL@@QAEJPAUtagCONNECTDATA@@0PAUIUnknown@@W4CComEnumFlags@2@@Z 10007b52 f i Lights.obj
 0001:00006c31       ?Init@CComModule@ATL@@QAEJPAU_ATL_OBJMAP_ENTRY30@2@PAUHINSTANCE__@@PBU_GUID@@@Z 10007c31 f i Lights.obj
 0001:00006c90       ?Init@CDynamicStdCallThunk2@ATL@@QAEHKPAX@Z 10007c90 f i Lights.obj
 0001:00006cbb       ?InlineIsEqualUnknown@ATL@@YGHABU_GUID@@@Z 10007cbb f i Lights.obj
 0001:00006ce3       ?InternalSetAtIndex@?$CSimpleMap@PA_WPA_WVCExpansionVectorEqualHelper@ATL@@@ATL@@QAEXHABQA_W0@Z 10007ce3 f i Lights.obj
 0001:00006d0d       ?Invoke@CComTypeInfoHolder@ATL@@QAEJPAUIDispatch@@JABU_GUID@@KGPAUtagDISPPARAMS@@PAUtagVARIANT@@PAUtagEXCEPINFO@@PAI@Z 10007d0d f i Lights.obj
 0001:00006d50       ?IsEqualObject@?$CComPtrBase@UIOleClientSite@@@ATL@@QAE_NPAUIUnknown@@@Z 10007d50 f i Lights.obj
 0001:00006d50       ?IsEqualObject@?$CComPtrBase@UITypeInfo@@@ATL@@QAE_NPAUIUnknown@@@Z 10007d50 f i Lights.obj
 0001:00006dbd       ?IsSpace@CRegParser@ATL@@IAEH_W@Z 10007dbd f i Lights.obj
 0001:00006de7       ?LoadNameCache@CComTypeInfoHolder@ATL@@QAEJPAUITypeInfo@@@Z 10007de7 f i Lights.obj
 0001:00006f1c       ?Lookup@?$CSimpleMap@PA_WPA_WVCExpansionVectorEqualHelper@ATL@@@ATL@@QBEPA_WABQA_W@Z 10007f1c f i Lights.obj
 0001:00006f42       ?NextToken@CRegParser@ATL@@IAEJPA_W@Z 10007f42 f i Lights.obj
 0001:0000707a       ?OnKillFocus@CComControlBase@ATL@@QAEJIIJAAH@Z 1000807a f i Lights.obj
 0001:000070d5       ?OnMouseActivate@CComControlBase@ATL@@QAEJIIJAAH@Z 100080d5 f i Lights.obj
 0001:00007143       ?OnPaint@CComControlBase@ATL@@QAEJIIJAAH@Z 10008143 f i Lights.obj
 0001:000071f5       ?OnSetFocus@CComControlBase@ATL@@QAEJIIJAAH@Z 100081f5 f i Lights.obj
 0001:0000727e       ?Open@CRegKey@ATL@@QAEJPAUHKEY__@@PB_WK@Z 1000827e f i Lights.obj
 0001:000072d3       ?PreProcessBuffer@CRegParser@ATL@@QAEJPA_WPAPA_W@Z 100082d3 f i Lights.obj
 0001:00007542       ?ProcessWindowMessage@?$CComControl@VCOPOSLights@@V?$CWindowImpl@VCOPOSLights@@VCWindow@ATL@@V?$CWinTraits@$0FGAAAAAA@$0A@@3@@ATL@@@ATL@@UAEHPAUHWND__@@IIJAAJK@Z 10008542 f i Lights.obj
 0001:000075e1       ?ReadFromStream@CComBSTR@ATL@@QAEJPAUIStream@@@Z 100085e1 f i Lights.obj
 0001:00007704       ?ReadFromStream@CComVariant@ATL@@QAEJPAUIStream@@GTClassesAllowedInStream@2@K@Z 10008704 f i Lights.obj
 0001:0000788e       ?RecurseDeleteKey@CRegKey@ATL@@QAEJPB_W@Z 1000888e f i Lights.obj
 0001:0000797c       ?RegCreateKeyExW@CAtlTransactionManager@ATL@@QAEJPAUHKEY__@@PB_WKPA_WKKQAU_SECURITY_ATTRIBUTES@@PAPAU3@PAK@Z 1000897c f i Lights.obj
 0001:000079df       ?RegDeleteKeyW@CAtlTransactionManager@ATL@@QAEJPAUHKEY__@@PB_W@Z 100089df f i Lights.obj
 0001:00007a31       ?RegOpenKeyExW@CAtlTransactionManager@ATL@@QAEJPAUHKEY__@@PB_WKKPAPAU3@@Z 10008a31 f i Lights.obj
 0001:00007a88       ?Register@_ATL_WNDCLASSINFOW@ATL@@QAEGPAP6GJPAUHWND__@@IIJ@Z@Z 10008a88 f i Lights.obj
 0001:00007aa8       ?RegisterBuffer@CRegParser@ATL@@QAEJPA_WH@Z 10008aa8 f i Lights.obj
 0001:00007bef       ?RegisterFromResource@CRegObject@ATL@@IAEJPB_W00H@Z 10008bef f i Lights.obj
 0001:00007d25       ?RegisterServer@?$CAtlModuleT@VCComModule@ATL@@@ATL@@QAEJHPBU_GUID@@@Z 10008d25 f i Lights.obj
 0001:00007d53       ?RegisterServer@CComModule@ATL@@QAEJHPBU_GUID@@@Z 10008d53 f i Lights.obj
 0001:00007dc9       ?RegisterSubkeys@CRegParser@ATL@@IAEJPA_WPAUHKEY__@@HH@Z 10008dc9 f i Lights.obj
 0001:00008476       ?Remove@CComDynamicUnkArray@ATL@@QAEHK@Z 10009476 f i Lights.obj
 0001:0000849f       ?RemoveAll@?$CSimpleMap@PA_WPA_WVCExpansionVectorEqualHelper@ATL@@@ATL@@QAEXXZ 1000949f f i Lights.obj
 0001:000084cb       ?ResourceRegisterSz@CRegObject@ATL@@QAGJPB_W00@Z 100094cb f i Lights.obj
 0001:000084f8       ?ResourceUnregisterSz@CRegObject@ATL@@QAGJPB_W00@Z 100094f8 f i Lights.obj
 0001:00008525       ?SendOnDataChange@CComControlBase@ATL@@QAEJK@Z 10009525 f i Lights.obj
 0001:00008572       ?SetControlFocus@CComControlBase@ATL@@QAEHH@Z 10009572 f i Lights.obj
 0001:0000860f       ?SetMultiStringValue@CRegKey@ATL@@QAEJPB_W0@Z 1000960f f i Lights.obj
 0001:0000866b       ?SetStringValue@CRegKey@ATL@@QAEJPB_W0K@Z 1000966b f i Lights.obj
 0001:000086b4       ?SkipAssignment@CRegParser@ATL@@IAEJPA_W@Z 100096b4 f i Lights.obj
 0001:00008719       ?SkipWhiteSpace@CRegParser@ATL@@IAEXXZ 10009719 f i Lights.obj
 0001:0000873b       ?StrChrW@CRegParser@ATL@@KAPA_WPA_W_W@Z 1000973b f i Lights.obj
 0001:00008778       ?Term@CAtlModule@ATL@@QAEXXZ 10009778 f i Lights.obj
 0001:000087cb       ?Term@CComModule@ATL@@QAEXXZ 100097cb f i Lights.obj
 0001:00008823       ?UnregisterServer@?$CAtlModuleT@VCComModule@ATL@@@ATL@@QAEJHPBU_GUID@@@Z 10009823 f i Lights.obj
 0001:00008849       ?UnregisterServer@CComModule@ATL@@QAEJHPBU_GUID@@@Z 10009849 f i Lights.obj
 0001:000088bf       ?UpdateRegistryFromResource@CAtlModule@ATL@@QAGJIHPAU_ATL_REGMAP_ENTRY@2@@Z 100098bf f i Lights.obj
 0001:00008a8a       ?UpdateRegistryFromResource@CAtlModule@ATL@@QAGJPB_WHPAU_ATL_REGMAP_ENTRY@2@@Z 10009a8a f i Lights.obj
 0001:00008c5b       ?VTFromRegType@CRegParser@ATL@@KAHPB_WAAG@Z 10009c5b f i Lights.obj
 0001:00008cc8       ?WindowProc@?$CWindowImplBaseT@VCWindow@ATL@@V?$CWinTraits@$0FGAAAAAA@$0A@@2@@ATL@@SGJPAUHWND__@@IIJ@Z 10009cc8 f i Lights.obj
 0001:00008dba       ?WriteToStream@CComBSTR@ATL@@QAEJPAUIStream@@@Z 10009dba f i Lights.obj
 0001:00008e1c       ?WriteToStream@CComVariant@ATL@@QAEJPAUIStream@@@Z 10009e1c f i Lights.obj
 0001:00008f96       ?WriteToStream@CComVariant@ATL@@QAEJPAUIStream@@G@Z 10009f96 f i Lights.obj
 0001:00008fff       ?_AtlInitialConstruct@?$CComObjectRootEx@VCComMultiThreadModel@ATL@@@ATL@@QAEJXZ 10009fff f i Lights.obj
 0001:00009014       ?_AtlVerifyStackAvailable@_ATL_SAFE_ALLOCA_IMPL@ATL@@YA_NK@Z 1000a014 f i Lights.obj
 0001:00009092       ?atlCreate@?$CWindowImpl@VCOPOSLights@@VCWindow@ATL@@V?$CWinTraits@$0FGAAAAAA@$0A@@3@@ATL@@QAEPAUHWND__@@PAU3@V_U_RECT@2@PB_WKKV_U_MENUorID@2@PAX@Z 1000a092 f i Lights.obj
 0001:000090d6       ?atlCreate@?$CWindowImplBaseT@VCWindow@ATL@@V?$CWinTraits@$0FGAAAAAA@$0A@@2@@ATL@@QAEPAUHWND__@@PAU3@V_U_RECT@2@PB_WKKV_U_MENUorID@2@GPAX@Z 1000a0d6 f i Lights.obj
 0001:00009172       ?copy@?$_Copy@UtagCONNECTDATA@@@ATL@@SAJPAUtagCONNECTDATA@@PBU3@@Z 1000a172 f i Lights.obj
 0001:000091a8       ?copy@?$_CopyInterface@UIConnectionPoint@@@ATL@@SAJPAPAUIConnectionPoint@@PBQAU3@@Z 1000a1a8 f i Lights.obj
 0001:000091d6       ?memcpy_s@Checked@ATL@@YAXPAXIPBXI@Z 1000a1d6 f i Lights.obj
 0001:000091f5       ?ocscpy_s@@YA_NPA_WIPB_W@Z 1000a1f5 f i Lights.obj
 0001:0000923f       ?wcscpy_s@Checked@ATL@@YAXPA_WIPB_W@Z 1000a23f f i Lights.obj
 0001:0000925b       _DllCanUnloadNow@0         1000a25b f   Lights.obj
 0001:00009267       _DllGetClassObject@12      1000a267 f   Lights.obj
 0001:00009275       _DllMain@12                1000a275 f   Lights.obj
 0001:000092b7       _DllRegisterServer@0       1000a2b7 f   Lights.obj
 0001:000092c6       _DllUnregisterServer@0     1000a2c6 f   Lights.obj
 0001:000092d5       _InlineIsEqualGUID         1000a2d5 f i Lights.obj
 0001:00009305       ___local_stdio_printf_options 1000a305 f i Lights.obj
 0001:0000930b       __vswprintf_s_l            1000a30b f i Lights.obj
 0001:000093b8       _swprintf_s                1000a3b8 f i Lights.obj
 0001:000093d4       ??0?$CComControl@VCOPOSLights@@V?$CWindowImpl@VCOPOSLights@@VCWindow@ATL@@V?$CWinTraits@$0FGAAAAAA@$0A@@3@@ATL@@@ATL@@QAE@XZ 1000a3d4 f i LightsImpl.obj
 0001:000093fb       ??0CComControlBase@ATL@@QAE@AAPAUHWND__@@@Z 1000a3fb f i LightsImpl.obj
 0001:0000944b       ??0COPOSLights@@QAE@XZ     1000a44b f   LightsImpl.obj
 0001:0000949a       ??1?$CComControl@VCOPOSLights@@V?$CWindowImpl@VCOPOSLights@@VCWindow@ATL@@V?$CWinTraits@$0FGAAAAAA@$0A@@3@@ATL@@@ATL@@UAE@XZ 1000a49a f i LightsImpl.obj
 0001:000094b3       ??1?$IConnectionPointImpl@VCOPOSLights@@$1?IID_IPropertyNotifySink@@3U_GUID@@BVCComDynamicUnkArray@ATL@@@ATL@@QAE@XZ 1000a4b3 f i LightsImpl.obj
 0001:000094b3       ??1?$IConnectionPointImpl@VCOPOSLights@@$1?DIID__IOPOSLightsEvents@@3U_GUID@@BVCComDynamicUnkArray@ATL@@@ATL@@QAE@XZ 1000a4b3 f i LightsImpl.obj
 0001:000094f0       ??1CComControlBase@ATL@@UAE@XZ 1000a4f0 f i LightsImpl.obj
 0001:00009553       ??1COPOSLights@@UAE@XZ     1000a553 f   LightsImpl.obj
 0001:0000959b       ?CheckHealth@COPOSLights@@UAGJJPAJ@Z 1000a59b f   LightsImpl.obj
 0001:000095ea       ?ClaimDevice@COPOSLights@@UAGJJPAJ@Z 1000a5ea f   LightsImpl.obj
 0001:0000965f       ?Close@COPOSLights@@UAGJPAJ@Z 1000a65f f   LightsImpl.obj
 0001:000096cd       ?CompareFirmwareVersion@COPOSLights@@UAGJPA_WPAJ1@Z 1000a6cd f   LightsImpl.obj
 0001:0000974d       ?DirectIO@COPOSLights@@UAGJJPAJPAPA_W0@Z 1000a74d f   LightsImpl.obj
 0001:000097fb       ?DoInvoke@COPOSLights@@IAEJJPAVOposVariant@@IHPAJ_N@Z 1000a7fb f   LightsImpl.obj
 0001:000098d7       ?EventClose@COPOSLights@@IAEXXZ 1000a8d7 f i LightsImpl.obj
 0001:0000990a       ?EventInit@COPOSLights@@IAEJXZ 1000a90a f i LightsImpl.obj
 0001:000099d6       ?EventUninit@COPOSLights@@IAEXXZ 1000a9d6 f i LightsImpl.obj
 0001:00009a28       ?EventWindowProc@COPOSLights@@IAGJIIJ@Z 1000aa28 f i LightsImpl.obj
 0001:00009a9f       ?FinalConstruct@COPOSLights@@QAEJXZ 1000aa9f f   LightsImpl.obj
 0001:00009ad8       ?FireEventCleanup@COPOSLights@@IAEXXZ 1000aad8 f i LightsImpl.obj
 0001:00009aee       ?FireEventSetup@COPOSLights@@IAE_NXZ 1000aaee f i LightsImpl.obj
 0001:00009b22       ?FreezeEvents@COPOSLights@@MAGJH@Z 1000ab22 f   LightsImpl.obj
 0001:00009b73       ?GetOposProp@COPOSLights@@IAEJJPAFJ@Z 1000ab73 f   LightsImpl.obj
 0001:00009b96       ?GetOposProp@COPOSLights@@IAEJJPAJJ@Z 1000ab96 f   LightsImpl.obj
 0001:00009c65       ?GetOposProp@COPOSLights@@IAEJJPAPA_WJ@Z 1000ac65 f   LightsImpl.obj
 0001:00009d41       ?OnDraw@COPOSLights@@MAEJAAUATL_DRAWINFO@@@Z 1000ad41 f   LightsImpl.obj
 0001:00009de1       ?Open@COPOSLights@@UAGJPA_WPAJ@Z 1000ade1 f   LightsImpl.obj
 0001:0000a623       ?ReleaseDevice@COPOSLights@@UAGJPAJ@Z 1000b623 f   LightsImpl.obj
 0001:0000a672       ?ResetStatistics@COPOSLights@@UAGJPA_WPAJ@Z 1000b672 f   LightsImpl.obj
 0001:0000a6c9       ?RetrieveStatistics@COPOSLights@@UAGJPAPA_WPAJ@Z 1000b6c9 f   LightsImpl.obj
 0001:0000a720       ?SOProcessID@COPOSLights@@UAGJPAJ@Z 1000b720 f   LightsImpl.obj
 0001:0000a734       ?SetCOFreezeEvents@COPOSLights@@IAEXF@Z 1000b734 f   LightsImpl.obj
 0001:0000a7d4       ?SetOposProp@COPOSLights@@IAEJJJJ@Z 1000b7d4 f   LightsImpl.obj
 0001:0000a8cb       ?SwitchOff@COPOSLights@@UAGJJPAJ@Z 1000b8cb f   LightsImpl.obj
 0001:0000a91a       ?SwitchOn@COPOSLights@@UAGJJJJJJPAJ@Z 1000b91a f   LightsImpl.obj
 0001:0000a9c6       ?UpdateFirmware@COPOSLights@@UAGJPA_WPAJ@Z 1000b9c6 f   LightsImpl.obj
 0001:0000aa1d       ?UpdateStatistics@COPOSLights@@UAGJPA_WPAJ@Z 1000ba1d f   LightsImpl.obj
 0001:0000aa74       ?get_BinaryConversion@COPOSLights@@UAGJPAJ@Z 1000ba74 f   LightsImpl.obj
 0001:0000aa8a       ?get_CapAlarm@COPOSLights@@UAGJPAJ@Z 1000ba8a f   LightsImpl.obj
 0001:0000aaa3       ?get_CapBlink@COPOSLights@@UAGJPAF@Z 1000baa3 f   LightsImpl.obj
 0001:0000aabc       ?get_CapColor@COPOSLights@@UAGJPAJ@Z 1000babc f   LightsImpl.obj
 0001:0000aad5       ?get_CapCompareFirmwareVersion@COPOSLights@@UAGJPAF@Z 1000bad5 f   LightsImpl.obj
 0001:0000aaee       ?get_CapPowerReporting@COPOSLights@@UAGJPAJ@Z 1000baee f   LightsImpl.obj
 0001:0000ab07       ?get_CapStatisticsReporting@COPOSLights@@UAGJPAF@Z 1000bb07 f   LightsImpl.obj
 0001:0000ab20       ?get_CapUpdateFirmware@COPOSLights@@UAGJPAF@Z 1000bb20 f   LightsImpl.obj
 0001:0000ab39       ?get_CapUpdateStatistics@COPOSLights@@UAGJPAF@Z 1000bb39 f   LightsImpl.obj
 0001:0000ab52       ?get_CheckHealthText@COPOSLights@@UAGJPAPA_W@Z 1000bb52 f   LightsImpl.obj
 0001:0000ab6b       ?get_Claimed@COPOSLights@@UAGJPAF@Z 1000bb6b f   LightsImpl.obj
 0001:0000ab81       ?get_ControlObjectDescription@COPOSLights@@UAGJPAPA_W@Z 1000bb81 f   LightsImpl.obj
 0001:0000abcf       ?get_ControlObjectVersion@COPOSLights@@UAGJPAJ@Z 1000bbcf f   LightsImpl.obj
 0001:0000abe2       ?get_DeviceDescription@COPOSLights@@UAGJPAPA_W@Z 1000bbe2 f   LightsImpl.obj
 0001:0000abfb       ?get_DeviceEnabled@COPOSLights@@UAGJPAF@Z 1000bbfb f   LightsImpl.obj
 0001:0000ac11       ?get_DeviceName@COPOSLights@@UAGJPAPA_W@Z 1000bc11 f   LightsImpl.obj
 0001:0000ac2a       ?get_FreezeEvents@COPOSLights@@UAGJPAF@Z 1000bc2a f   LightsImpl.obj
 0001:0000ac40       ?get_MaxLights@COPOSLights@@UAGJPAJ@Z 1000bc40 f   LightsImpl.obj
 0001:0000ac59       ?get_OpenResult@COPOSLights@@UAGJPAJ@Z 1000bc59 f   LightsImpl.obj
 0001:0000ac70       ?get_PowerNotify@COPOSLights@@UAGJPAJ@Z 1000bc70 f   LightsImpl.obj
 0001:0000ac86       ?get_PowerState@COPOSLights@@UAGJPAJ@Z 1000bc86 f   LightsImpl.obj
 0001:0000ac9c       ?get_ResultCode@COPOSLights@@UAGJPAJ@Z 1000bc9c f   LightsImpl.obj
 0001:0000acda       ?get_ResultCodeExtended@COPOSLights@@UAGJPAJ@Z 1000bcda f   LightsImpl.obj
 0001:0000acf0       ?get_ServiceObjectDescription@COPOSLights@@UAGJPAPA_W@Z 1000bcf0 f   LightsImpl.obj
 0001:0000ad09       ?get_ServiceObjectVersion@COPOSLights@@UAGJPAJ@Z 1000bd09 f   LightsImpl.obj
 0001:0000ad1f       ?get_State@COPOSLights@@UAGJPAJ@Z 1000bd1f f   LightsImpl.obj
 0001:0000ad4b       ?put_BinaryConversion@COPOSLights@@UAGJJ@Z 1000bd4b f   LightsImpl.obj
 0001:0000ad61       ?put_DeviceEnabled@COPOSLights@@UAGJF@Z 1000bd61 f   LightsImpl.obj
 0001:0000ad7e       ?put_FreezeEvents@COPOSLights@@UAGJF@Z 1000bd7e f   LightsImpl.obj
 0001:0000adca       ?put_PowerNotify@COPOSLights@@UAGJJ@Z 1000bdca f   LightsImpl.obj
 0001:0000ade0       ?s_EventWindowProc@COPOSLights@@KGJPAUHWND__@@IIJ@Z 1000bde0 f i LightsImpl.obj
 0001:0000ae32       ??_U@YAPAXI@Z              1000be32 f   LIBCMT:new_array.obj
 0001:0000ae3b       ??3@YAXPAXI@Z              1000be3b f   LIBCMT:delete_scalar_size.obj
 0001:0000ae49       ??_V@YAXPAX@Z              1000be49 f   LIBCMT:delete_array.obj
 0001:0000ae4e       ??_V@YAXPAXI@Z             1000be4e f   LIBCMT:delete_array_size.obj
 0001:0000aea0       ___scrt_acquire_startup_lock 1000bea0 f   LIBCMT:utility.obj
 0001:0000aed2       ___scrt_dllmain_after_initialize_c 1000bed2 f   LIBCMT:utility.obj
 0001:0000aefd       ___scrt_dllmain_before_initialize_c 1000befd f   LIBCMT:utility.obj
 0001:0000af0b       ___scrt_dllmain_crt_thread_attach 1000bf0b f   LIBCMT:utility.obj
 0001:0000af2a       ___scrt_dllmain_crt_thread_detach 1000bf2a f   LIBCMT:utility.obj
 0001:0000af37       ___scrt_dllmain_exception_filter 1000bf37 f   LIBCMT:utility.obj
 0001:0000af6b       ___scrt_dllmain_uninitialize_c 1000bf6b f   LIBCMT:utility.obj
 0001:0000af8e       ___scrt_dllmain_uninitialize_critical 1000bf8e f   LIBCMT:utility.obj
 0001:0000af9b       ___scrt_initialize_crt     1000bf9b f   LIBCMT:utility.obj
 0001:0000afd4       ___scrt_initialize_onexit_tables 1000bfd4 f   LIBCMT:utility.obj
 0001:0000b05b       ___scrt_is_nonwritable_in_current_image 1000c05b f   LIBCMT:utility.obj
 0001:0000b0ef       ___scrt_release_startup_lock 1000c0ef f   LIBCMT:utility.obj
 0001:0000b10c       ___scrt_uninitialize_crt   1000c10c f   LIBCMT:utility.obj
 0001:0000b134       __onexit                   1000c134 f   LIBCMT:utility.obj
 0001:0000b161       _atexit                    1000c161 f   LIBCMT:utility.obj
 0001:0000b176       ??3@YAXPAX@Z               1000c176 f   LIBCMT:delete_scalar.obj
 0001:0000b240       __Init_thread_footer       1000c240 f   LIBCMT:thread_safe_statics.obj
 0001:0000b28a       __Init_thread_header       1000c28a f   LIBCMT:thread_safe_statics.obj
 0001:0000b2dc       __Init_thread_notify       1000c2dc f   LIBCMT:thread_safe_statics.obj
 0001:0000b312       __Init_thread_wait         1000c312 f   LIBCMT:thread_safe_statics.obj
 0001:0000b360       ___raise_securityfailure   1000c360 f   LIBCMT:gs_report.obj
 0001:0000b388       ___report_gsfailure        1000c388 f   LIBCMT:gs_report.obj
 0001:0000b481       ___report_rangecheckfailure 1000c481 f   LIBCMT:gs_report.obj
 0001:0000b48d       ___report_securityfailure  1000c48d f   LIBCMT:gs_report.obj
 0001:0000b55b       ??2@YAPAXIABUnothrow_t@std@@@Z 1000c55b f   LIBCMT:new_scalar_nothrow.obj
 0001:0000b5b0       ??_U@YAPAXIABUnothrow_t@std@@@Z 1000c5b0 f   LIBCMT:new_array_nothrow.obj
 0001:0000b5b9       @__security_check_cookie@4 1000c5b9 f   LIBCMT:secchk.obj
 0001:0000b5d0       __SEH_prolog4_GS           1000c5d0 f   LIBCMT:sehprolg4gs.obj
 0001:0000b617       __SEH_epilog4_GS           1000c617 f   LIBCMT:sehprolg4gs.obj
 0001:0000b630       __alloca_probe_16          1000c630 f   LIBCMT:alloca16.obj
 0001:0000b646       __alloca_probe_8           1000c646     LIBCMT:alloca16.obj
 0001:0000b660       __alloca_probe             1000c660 f   LIBCMT:chkstk.obj
 0001:0000b660       __chkstk                   1000c660 f   LIBCMT:chkstk.obj
 0001:0000b9cd       __DllMainCRTStartup@12     1000c9cd f   LIBCMT:dll_dllmain.obj
 0001:0000b9f0       ??2@YAPAXI@Z               1000c9f0 f   LIBCMT:new_scalar.obj
 0001:0000ba20       ___isa_available_init      1000ca20 f   LIBCMT:cpu_disp.obj
 0001:0000bbf0       ___scrt_is_ucrt_dll_in_use 1000cbf0 f   LIBCMT:ucrt_detection.obj
 0001:0000bbfc       ___scrt_fastfail           1000cbfc f   LIBCMT:utility_desktop.obj
 0001:0000bd16       __crt_debugger_hook        1000cd16 f   LIBCMT:utility_desktop.obj
 0001:0000bd20       __SEH_prolog4              1000cd20 f   LIBCMT:sehprolg4.obj
 0001:0000bd64       __SEH_epilog4              1000cd64 f   LIBCMT:sehprolg4.obj
 0001:0000bd78       @_guard_check_icall_nop@4  1000cd78 f i LIBCMT:guard_support.obj
 0001:0000bdc8       ___security_init_cookie    1000cdc8 f   LIBCMT:gs_support.obj
 0001:0000be13       ?__scrt_initialize_type_info@@YAXXZ 1000ce13 f   LIBCMT:tncleanup.obj
 0001:0000be1f       ?__scrt_uninitialize_type_info@@YAXXZ 1000ce1f f   LIBCMT:tncleanup.obj
 0001:0000be2b       ___local_stdio_scanf_options 1000ce2b f i LIBCMT:default_local_stdio_options.obj
 0001:0000be31       ___scrt_initialize_default_local_stdio_options 1000ce31 f   LIBCMT:default_local_stdio_options.obj
 0001:0000be4e       ___scrt_get_dyn_tls_init_callback 1000ce4e f   LIBCMT:dyn_tls_init.obj
 0001:0000be54       __RTC_Initialize           1000ce54 f   LIBCMT:initsect.obj
 0001:0000be80       __RTC_Terminate            1000ce80 f   LIBCMT:initsect.obj
 0001:0000beac       ??0bad_alloc@std@@QAE@ABV01@@Z 1000ceac f i LIBCMT:throw_bad_alloc.obj
 0001:0000bec7       ??0bad_alloc@std@@QAE@XZ   1000cec7 f i LIBCMT:throw_bad_alloc.obj
 0001:0000bedf       ??0bad_array_new_length@std@@QAE@ABV01@@Z 1000cedf f i LIBCMT:throw_bad_alloc.obj
 0001:0000befa       ??0bad_array_new_length@std@@QAE@XZ 1000cefa f i LIBCMT:throw_bad_alloc.obj
 0001:0000bf12       ??0exception@std@@QAE@ABV01@@Z 1000cf12 f i LIBCMT:throw_bad_alloc.obj
 0001:0000bf3e       ??1bad_alloc@std@@UAE@XZ   1000cf3e f i LIBCMT:throw_bad_alloc.obj
 0001:0000bf3e       ??1bad_exception@std@@UAE@XZ 1000cf3e f i libvcruntime:frame.obj
 0001:0000bf3e       ??1bad_array_new_length@std@@UAE@XZ 1000cf3e f i LIBCMT:throw_bad_alloc.obj
 0001:0000bf4f       ??_Ebad_array_new_length@std@@UAEPAXI@Z 1000cf4f f i LIBCMT:throw_bad_alloc.obj
 0001:0000bf4f       ??_Ebad_alloc@std@@UAEPAXI@Z 1000cf4f f i LIBCMT:throw_bad_alloc.obj
 0001:0000bf4f       ??_Ebad_exception@std@@UAEPAXI@Z 1000cf4f f i libvcruntime:frame.obj
 0001:0000bf4f       ??_Gbad_alloc@std@@UAEPAXI@Z 1000cf4f f i LIBCMT:throw_bad_alloc.obj
 0001:0000bf4f       ??_Gbad_array_new_length@std@@UAEPAXI@Z 1000cf4f f i LIBCMT:throw_bad_alloc.obj
 0001:0000bf4f       ??_Eexception@std@@UAEPAXI@Z 1000cf4f f i LIBCMT:throw_bad_alloc.obj
 0001:0000bf4f       ??_Gexception@std@@UAEPAXI@Z 1000cf4f f i LIBCMT:throw_bad_alloc.obj
 0001:0000bf4f       ??_Gbad_exception@std@@UAEPAXI@Z 1000cf4f f i libvcruntime:frame.obj
 0001:0000bf7c       ?__scrt_throw_std_bad_alloc@@YAXXZ 1000cf7c f   LIBCMT:throw_bad_alloc.obj
 0001:0000bf99       ?__scrt_throw_std_bad_array_new_length@@YAXXZ 1000cf99 f   LIBCMT:throw_bad_alloc.obj
 0001:0000bfb6       ?what@exception@std@@UBEPBDXZ 1000cfb6 f i LIBCMT:throw_bad_alloc.obj
 0001:0000bfc3       ??_Gtype_info@@UAEPAXI@Z   1000cfc3 f i LIBCMT:std_type_info_static.obj
 0001:0000bfc3       ??_Etype_info@@UAEPAXI@Z   1000cfc3 f i LIBCMT:std_type_info_static.obj
 0001:0000bfe6       ??0CAtlBaseModule@ATL@@QAE@XZ 1000cfe6 f   atls:atlbase.obj
 0001:0000c039       ??0_ATL_BASE_MODULE70@ATL@@QAE@XZ 1000d039 f i atls:atlbase.obj
 0001:0000c05c       ??1CAtlBaseModule@ATL@@QAE@XZ 1000d05c f   atls:atlbase.obj
 0001:0000c149       ?Init@_stdcallthunk@ATL@@QAEHKPAX@Z 1000d149 f i atls:atlthunk.obj
 0001:0000c17e       ?__AllocStdCallThunk_cmn@@YAPAXXZ 1000d17e f   atls:atlthunk.obj
 0001:0000c244       ?__FreeStdCallThunk_cmn@@YAXPAX@Z 1000d244 f   atls:atlthunk.obj
 0001:0000c2df       _AtlThunk_AllocateData@0   1000d2df f   atls:atlthunk.obj
 0001:0000c344       _AtlThunk_DataToCode@4     1000d344 f   atls:atlthunk.obj
 0001:0000c38b       _AtlThunk_FreeData@4       1000d38b f   atls:atlthunk.obj
 0001:0000c3e1       _AtlThunk_InitData@12      1000d3e1 f   atls:atlthunk.obj
 0001:0000c430       __get_purecall_handler     1000d430 f   libvcruntime:purevirt.obj
 0001:0000c436       __purecall                 1000d436 f   libvcruntime:purevirt.obj
 0001:0000c452       _wcsstr                    1000d452 f   libvcruntime:wcsstr.obj
 0001:0000c700       __except_handler4          1000d700 f   libvcruntime:chandler4.obj
 0001:0000c85e       _memcmp                    1000d85e f   libvcruntime:memcmp.obj
 0001:0000d770       _memcpy                    1000e770 f   libvcruntime:memcpy.obj
 0001:0000dcf0       _memset                    1000ecf0 f   libvcruntime:memset.obj
 0001:0000de4a       ___vcrt_initialize         1000ee4a f   libvcruntime:initialization.obj
 0001:0000de69       ___vcrt_thread_attach      1000ee69 f   libvcruntime:initialization.obj
 0001:0000de74       ___vcrt_thread_detach      1000ee74 f   libvcruntime:initialization.obj
 0001:0000de7f       ___vcrt_uninitialize       1000ee7f f   libvcruntime:initialization.obj
 0001:0000de96       ___vcrt_uninitialize_critical 1000ee96 f   libvcruntime:initialization.obj
 0001:0000de9e       ?GetRangeOfTrysToCheck@__FrameHandler3@@SA?AU?$pair@Viterator@TryBlockMap@__FrameHandler3@@V123@@std@@AAVTryBlockMap@1@HPAXPBU_s_FuncInfo@@H@Z 1000ee9e f   libvcruntime:trnsctrl.obj
 0001:0000df0e       ?_CallCatchBlock2@@YAPAXPAUEHRegistrationNode@@PBU_s_FuncInfo@@PAXHK@Z 1000ef0e f   libvcruntime:trnsctrl.obj
[...]
 0002:00002f80       ?strings@?1??fp_format_nan_or_infinity@@YAHW4__acrt_fp_class@@_NPADI1@Z@4QAY03QBDA 10021f80     libucrt:cvt.obj
 0002:000034c8       ?_mb_locale_names@@3QBQB_WB 100224c8     libucrt:mbctype.obj
 0002:00003d10       ?LcidToLocaleNameTable@?A0x881e4c05@@3QBULcidToLocaleName@1@B 10022d10     libucrt:lcidtoname_downlevel.obj
 0002:00004e38       ?LocaleNameToIndexTable@?A0x881e4c05@@3QBULocaleNameIndex@1@B 10023e38     libucrt:lcidtoname_downlevel.obj
 0002:00006770       LOG_name                   10025770     libucrt:log10_impl.obj
 0002:00006780       _One                       10025780     libucrt:ceil_pentium4.obj
 0002:00006790       _Bns                       10025790     libucrt:ceil_pentium4.obj
 0002:000067a0       _Zero                      100257a0     libucrt:ceil_pentium4.obj
 0002:000067b0       _S                         100257b0     libucrt:ceil_pentium4.obj
 0002:000067c0       _NegZero                   100257c0     libucrt:ceil_pentium4.obj
 0002:000067d0       emask                      100257d0     libucrt:log10_pentium4.obj
 0002:000067e0       CC                         100257e0     libucrt:log10_pentium4.obj
 0002:000067f0       Magic                      100257f0     libucrt:log10_pentium4.obj
 0002:00006800       hi_mask                    10025800     libucrt:log10_pentium4.obj
 0002:00006810       LOG10_2                    10025810     libucrt:log10_pentium4.obj
 0002:00006820       place_L                    10025820     libucrt:log10_pentium4.obj
 0002:00006840       One                        10025840     libucrt:log10_pentium4.obj
 0002:00006850       Zero                       10025850     libucrt:log10_pentium4.obj
 0002:00006860       Two52                      10025860     libucrt:log10_pentium4.obj
 0002:00006870       Infs                       10025870     libucrt:log10_pentium4.obj
 0002:00006880       NaN                        10025880     libucrt:log10_pentium4.obj
 0002:00006890       coeff                      10025890     libucrt:log10_pentium4.obj
 0002:000068ee       _log2max                   100258ee     libucrt:87tran.obj
 0002:000068f8       _smallarg                  100258f8     libucrt:87tran.obj
 0002:00006902       _half                      10025902     libucrt:87tran.obj
 0002:0000694e       One                        1002594e     libucrt:87disp.obj
 0002:00006956       Three                      10025956     libucrt:87disp.obj
 0002:0000695e       XAMtoTagTab                1002595e     libucrt:87disp.obj
 0002:00006970       One                        10025970     libucrt:common.obj
 0002:00006984       DblMax                     10025984     libucrt:common.obj
 0002:0000698c       DblMin                     1002598c     libucrt:common.obj
 0002:00006994       IeeeAdjO                   10025994     libucrt:common.obj
 0002:0000699c       IeeeAdjU                   1002599c     libucrt:common.obj
 0002:000069a4       _infinity                  100259a4     libucrt:common.obj
 0002:000069ac       _zero                      100259ac     libucrt:common.obj
 0002:000069f8       _over                      100259f8     libucrt:fpctrl.obj
 0002:00006a04       _under                     10025a04     libucrt:fpctrl.obj
 0002:00007238       ?_names@?1??_get_fname@@9@9 10026238     libucrt:fpexcept.obj
 0002:000073e0       two32                      100263e0     LIBCMT:ftol2.obj
 0002:000073e4       two63                      100263e4     LIBCMT:ftol2.obj
 0002:000073e8       _NaN                       100263e8     LIBCMT:ftol2.obj
 0002:00007aa8       __sehtable$?_AtlVerifyStackAvailable@_ATL_SAFE_ALLOCA_IMPL@ATL@@YA_NK@Z 10026aa8     Lights.obj
 0002:00007ac8       __sehtable$___scrt_is_nonwritable_in_current_image 10026ac8     LIBCMT:utility.obj
 0002:00007ae4       __catchsym$??2@YAPAXIABUnothrow_t@std@@@Z$2 10026ae4     LIBCMT:new_scalar_nothrow.obj
 0002:00007af4       __unwindtable$??2@YAPAXIABUnothrow_t@std@@@Z 10026af4     LIBCMT:new_scalar_nothrow.obj
 0002:00007b04       __tryblocktable$??2@YAPAXIABUnothrow_t@std@@@Z 10026b04     LIBCMT:new_scalar_nothrow.obj
 0002:00007b18       __ehfuncinfo$??2@YAPAXIABUnothrow_t@std@@@Z 10026b18     LIBCMT:new_scalar_nothrow.obj
 0002:00007b40       __sehtable$?dllmain_crt_process_attach@@YAHQAUHINSTANCE__@@QAX@Z 10026b40     LIBCMT:dll_dllmain.obj
 0002:00007b60       __sehtable$?dllmain_crt_process_detach@@YAH_N@Z 10026b60     LIBCMT:dll_dllmain.obj
 0002:00007b88       __sehtable$?dllmain_dispatch@@YAHQAUHINSTANCE__@@KQAX@Z 10026b88     LIBCMT:dll_dllmain.obj
 0002:00007c38       __sehtable$___DestructExceptionObject 10026c38     libvcruntime:ehhelpers.obj
 0002:00007c58       __sehtable$?FrameUnwindToState@__FrameHandler3@@SAXPAUEHRegistrationNode@@PAXPBU_s_FuncInfo@@H@Z 10026c58     libvcruntime:frame.obj
 0002:00007c80       __sehtable$?CallCatchBlock@@YAPAXPAUEHExceptionRecord@@PAUEHRegistrationNode@@PAU_CONTEXT@@PBU_s_FuncInfo@@PAXHK@Z 10026c80     libvcruntime:frame.obj
 0002:00007ca8       __catchsym$?CallUnexpected@@YAXPBU_s_ESTypeList@@@Z$2 10026ca8     libvcruntime:frame.obj
 0002:00007cb8       __unwindtable$?CallUnexpected@@YAXPBU_s_ESTypeList@@@Z 10026cb8     libvcruntime:frame.obj
 0002:00007cc8       __tryblocktable$?CallUnexpected@@YAXPBU_s_ESTypeList@@@Z 10026cc8     libvcruntime:frame.obj
 0002:00007cdc       __ehfuncinfo$?CallUnexpected@@YAXPBU_s_ESTypeList@@@Z 10026cdc     libvcruntime:frame.obj
 0002:00007d00       __sehtable$??$BuildCatchObjectHelperInternal@V__FrameHandler3@@@@YAHPAUEHExceptionRecord@@PAXPBU_s_HandlerType@@PBU_s_CatchableType@@@Z 10026d00     libvcruntime:frame.obj
 0002:00007d20       __sehtable$??$BuildCatchObjectInternal@V__FrameHandler3@@@@YAXPAUEHExceptionRecord@@PAXPBU_s_HandlerType@@PBU_s_CatchableType@@@Z 10026d20     libvcruntime:frame.obj
 0002:00007d78       __sehtable$??R<lambda_6e4b09c48022b2350581041d5f6b0c4c>@@QBE@XZ 10026d78     libucrt:exit.obj
 0002:00007d98       __sehtable$??$?RV<lambda_03b1d95aef87969028cfba75ccab2455>@@AAV<lambda_6e4b09c48022b2350581041d5f6b0c4c>@@V<lambda_22bdf7517842c4b3e53723af5aa32b9e>@@@?$__crt_seh_guarded_call@X@@QAEX$$QAV<lambda_03b1d95aef87969028cfba75ccab2455>@@AAV<lambda_6e4b09c48022b2350581041d5f6b0c4c>@@$$QAV<lambda_22bdf7517842c4b3e53723af5aa32b9e>@@@Z 10026d98     libucrt:exit.obj
 0002:00007db8       __sehtable$??$?RV<lambda_8e746cf0007f6ed984d6f78af1fec997>@@AAV<lambda_22ebabd17bc4fa466a2aca6d8deb888d>@@V<lambda_18ed0c0b38a6dc0daf1e7ac6d6adf05e>@@@?$__crt_seh_guarded_call@H@@QAEH$$QAV<lambda_8e746cf0007f6ed984d6f78af1fec997>@@AAV<lambda_22ebabd17bc4fa466a2aca6d8deb888d>@@$$QAV<lambda_18ed0c0b38a6dc0daf1e7ac6d6adf05e>@@@Z 10026db8     libucrt:onexit.obj
 0002:00007dd8       __sehtable$??$?RV<lambda_69a2805e680e0e292e8ba93315fe43a8>@@AAV<lambda_f03950bc5685219e0bcd2087efbe011e>@@V<lambda_03fcd07e894ec930e3f35da366ca99d6>@@@?$__crt_seh_guarded_call@H@@QAEH$$QAV<lambda_69a2805e680e0e292e8ba93315fe43a8>@@AAV<lambda_f03950bc5685219e0bcd2087efbe011e>@@$$QAV<lambda_03fcd07e894ec930e3f35da366ca99d6>@@@Z 10026dd8     libucrt:onexit.obj
 0002:00007df8       __sehtable$__query_new_handler 10026df8     libucrt:new_handler.obj
 0002:00007e18       __sehtable$_terminate      10026e18     libucrt:terminate.obj
 0002:00007e38       __sehtable$??$?RV<lambda_15ade71b0218206bbe3333a0c9b79046>@@AAV<lambda_da44e0f8b0f19ba52fefafb335991732>@@V<lambda_207f2d024fc103971653565357d6cd41>@@@?$__crt_seh_guarded_call@X@@QAEX$$QAV<lambda_15ade71b0218206bbe3333a0c9b79046>@@AAV<lambda_da44e0f8b0f19ba52fefafb335991732>@@$$QAV<lambda_207f2d024fc103971653565357d6cd41>@@@Z 10026e38     libucrt:per_thread_data.obj
 0002:00007e58       __sehtable$??$?RV<lambda_a7e850c220f1c8d1e6efeecdedd162c6>@@AAV<lambda_46720907175c18b6c9d2717bc0d2d362>@@V<lambda_9048902d66e8d99359bc9897bbb930a8>@@@?$__crt_seh_guarded_call@X@@QAEX$$QAV<lambda_a7e850c220f1c8d1e6efeecdedd162c6>@@AAV<lambda_46720907175c18b6c9d2717bc0d2d362>@@$$QAV<lambda_9048902d66e8d99359bc9897bbb930a8>@@@Z 10026e58     libucrt:per_thread_data.obj
 0002:00007e78       __sehtable$??$?RV<lambda_38edbb1296d33220d7e4dd0ed76b244a>@@AAV<lambda_5ce1d447e08cb34b2473517608e21441>@@V<lambda_fb385d3da700c9147fc39e65dd577a8c>@@@?$__crt_seh_guarded_call@X@@QAEX$$QAV<lambda_38edbb1296d33220d7e4dd0ed76b244a>@@AAV<lambda_5ce1d447e08cb34b2473517608e21441>@@$$QAV<lambda_fb385d3da700c9147fc39e65dd577a8c>@@@Z 10026e78     libucrt:per_thread_data.obj
 0002:00007e98       __sehtable$??$?RV<lambda_6affb1475c98b40b75cdec977db92e3c>@@AAV<lambda_b8d4b9c228a6ecc3f80208dbb4b4a104>@@V<lambda_608742c3c92a14382c1684fc64f96c88>@@@?$__crt_seh_guarded_call@X@@QAEX$$QAV<lambda_6affb1475c98b40b75cdec977db92e3c>@@AAV<lambda_b8d4b9c228a6ecc3f80208dbb4b4a104>@@$$QAV<lambda_608742c3c92a14382c1684fc64f96c88>@@@Z 10026e98     libucrt:per_thread_data.obj
 0002:00007eb8       __sehtable$??$?RV<lambda_e5124f882df8998aaf41531e079ba474>@@AAV<lambda_3e16ef9562a7dcce91392c22ab16ea36>@@V<lambda_e25ca0880e6ef98be67edffd8c599615>@@@?$__crt_seh_guarded_call@X@@QAEX$$QAV<lambda_e5124f882df8998aaf41531e079ba474>@@AAV<lambda_3e16ef9562a7dcce91392c22ab16ea36>@@$$QAV<lambda_e25ca0880e6ef98be67edffd8c599615>@@@Z 10026eb8     libucrt:wsetlocale.obj
 0002:00007ed8       __sehtable$___acrt_initialize_lowio 10026ed8     libucrt:ioinit.obj
 0002:00007ef8       __sehtable$?update_thread_multibyte_data_internal@@YAPAU__crt_multibyte_data@@QAU__acrt_ptd@@QAPAU1@@Z 10026ef8     libucrt:mbctype.obj
 0002:00007f18       __sehtable$??$?RV<lambda_ceb1ee4838e85a9d631eb091e2fbe199>@@AAV<lambda_ae742caa10f662c28703da3d2ea5e57e>@@V<lambda_cd08b5d6af4937fe54fc07d0c9bf6b37>@@@?$__crt_seh_guarded_call@X@@QAEX$$QAV<lambda_ceb1ee4838e85a9d631eb091e2fbe199>@@AAV<lambda_ae742caa10f662c28703da3d2ea5e57e>@@$$QAV<lambda_cd08b5d6af4937fe54fc07d0c9bf6b37>@@@Z 10026f18     libucrt:mbctype.obj
 0002:00007f38       __sehtable$_raise          10026f38     libucrt:signal.obj
 0002:00007f58       __sehtable$??$?RV<lambda_cbab9ec6f41b0180b23cc171c22676b0>@@AAV<lambda_44731a7d0e6d81c3e6aa82d741081786>@@V<lambda_4b292cb8dd18144e164572427af410ab>@@@?$__crt_seh_guarded_call@P6AXH@Z@@QAEP6AXH@Z$$QAV<lambda_cbab9ec6f41b0180b23cc171c22676b0>@@AAV<lambda_44731a7d0e6d81c3e6aa82d741081786>@@$$QAV<lambda_4b292cb8dd18144e164572427af410ab>@@@Z 10026f58     libucrt:signal.obj
 0002:00007f78       __sehtable$??$?RV<lambda_2866be3712abc81a800a822484c830d8>@@AAV<lambda_39ca0ed439415581b5b15c265174cece>@@V<lambda_2b24c74d71094a6cd0cb82e44167d71b>@@@?$__crt_seh_guarded_call@X@@QAEX$$QAV<lambda_2866be3712abc81a800a822484c830d8>@@AAV<lambda_39ca0ed439415581b5b15c265174cece>@@$$QAV<lambda_2b24c74d71094a6cd0cb82e44167d71b>@@@Z 10026f78     libucrt:fflush.obj
 0002:00007f98       __sehtable$??$?RV<lambda_2cc53f568c5a2bb6f192f930a45d44ea>@@AAV<lambda_ab61a845afdef5b7c387490eaf3616ee>@@V<lambda_c2ffc0b7726aa6be21d5f0026187e748>@@@?$__crt_seh_guarded_call@X@@QAEX$$QAV<lambda_2cc53f568c5a2bb6f192f930a45d44ea>@@AAV<lambda_ab61a845afdef5b7c387490eaf3616ee>@@$$QAV<lambda_c2ffc0b7726aa6be21d5f0026187e748>@@@Z 10026f98     libucrt:fflush.obj
 0002:00007fb8       __sehtable$___acrt_update_thread_locale_data 10026fb8     libucrt:locale_refcounting.obj
 0002:00007fd8       __sehtable$__fcloseall     10026fd8     libucrt:closeall.obj
 0002:00007ff8       __sehtable$___acrt_lowio_ensure_fh_exists 10026ff8     libucrt:osfinfo.obj
 0002:00008018       __sehtable$??$?RV<lambda_9e9de3de5fa147e2223d7db92bc10aa6>@@AAV<lambda_38ce7e780aa69e748d6df282ebc68efe>@@V<lambda_8ca6da459f0f6780f1cff60fdc3d00e5>@@@?$__crt_seh_guarded_call@H@@QAEH$$QAV<lambda_9e9de3de5fa147e2223d7db92bc10aa6>@@AAV<lambda_38ce7e780aa69e748d6df282ebc68efe>@@$$QAV<lambda_8ca6da459f0f6780f1cff60fdc3d00e5>@@@Z 10027018     libucrt:commit.obj
 0002:00008038       __sehtable$__write         10027038     libucrt:write.obj
 0002:00008058       __sehtable$_fclose         10027058     libucrt:fclose.obj
 0002:00008078       __sehtable$??$?RV<lambda_218ce3db14220d0be481dae8ef3383b6>@@AAV<lambda_628dfdc04ba53c8bfc02c9951375f3f5>@@V<lambda_57dc472bd5c9d5f3b2cbca59b8a843ae>@@@?$__crt_seh_guarded_call@H@@QAEH$$QAV<lambda_218ce3db14220d0be481dae8ef3383b6>@@AAV<lambda_628dfdc04ba53c8bfc02c9951375f3f5>@@$$QAV<lambda_57dc472bd5c9d5f3b2cbca59b8a843ae>@@@Z 10027078     libucrt:close.obj
 0002:00008098       __sehtable$___set_fpsr_sse2 10027098     libucrt:fpctrl.obj
 0002:000080b8       __sehtable$__IsNonwritableInCurrentImage 100270b8     LIBCMT:pesect.obj
 0002:000080e0       .edata                     100270e0     OPOSLights.exp
 0002:00008108       rgpv                       10027108     OPOSLights.exp
 0002:00008118       rgszName                   10027118     OPOSLights.exp
 0002:00008128       rgwOrd                     10027128     OPOSLights.exp
 0002:00008130       szName                     10027130     OPOSLights.exp
 0002:0000813f       $N00001                    1002713f     OPOSLights.exp
 0002:0000814f       $N00002                    1002714f     OPOSLights.exp
 0002:00008161       $N00003                    10027161     OPOSLights.exp
 0002:00008173       $N00004                    10027173     OPOSLights.exp
 0002:00008782       .idata$6                   10027782     kernel32:KERNEL32.dll
 0002:00008996       .idata$6                   10027996     user32:USER32.dll
 0002:00008aca       .idata$6                   10027aca     gdi32:GDI32.dll
 0002:00008b70       .idata$6                   10027b70     advapi32:ADVAPI32.dll
 0002:00008c8c       .idata$6                   10027c8c     ole32:ole32.dll
 0002:00008c96       .idata$6                   10027c96     oleaut32:OLEAUT32.dll
 0003:00000110       ?ObjectMap@@3PAU_ATL_OBJMAP_ENTRY30@ATL@@A 10029110     Lights.obj
 0003:000001c0       ?s_SOMethodNames@@3PAPADA  100291c0     LightsImpl.obj
 0003:0000020c       ?s_RequiredMethodsPerRelease@@3PAHA 1002920c     LightsImpl.obj
 0003:00000230       ?__vcrt_flsindex@@3KA      10029230     libvcruntime:per_thread_data.obj
 0003:00000250       ?errno_no_memory@@3HA      10029250     libucrt:errno.obj
 0003:00000254       ?doserrno_no_memory@@3KA   10029254     libucrt:errno.obj
 0003:00000260       ?__acrt_flsindex@@3KA      10029260     libucrt:per_thread_data.obj
 0003:000005f8       __mbctypes                 100295f8     libucrt:mbctype.obj
 0003:00000700       __mbcasemaps               10029700     libucrt:mbctype.obj
 0003:00000800       ?__rgctypeflag@@3PADA      10029800     libucrt:mbctype.obj
 0003:00000808       ?__rgcode_page_info@@3PAUcode_page_info@@A 10029808     libucrt:mbctype.obj
 0003:00000a60       ?__dcrt_lowio_console_output_handle@@3PAXA 10029a60     libucrt:initcon.obj
 0003:00000a64       ?__DAZ_ENABLED@?1??__set_fpsr_sse2@@9@9 10029a64     libucrt:fpctrl.obj
 0003:00000bf8       ?is_initialized_as_dll@@3_NA 10029bf8     LIBCMT:utility.obj
 0003:00000bf9       ?module_local_atexit_table_initialized@@3_NA 10029bf9     LIBCMT:utility.obj
 0003:00000bfc       ?module_local_atexit_table@@3U_onexit_table_t@@A 10029bfc     LIBCMT:utility.obj
 0003:00000c08       ?module_local_at_quick_exit_table@@3U_onexit_table_t@@A 10029c08     LIBCMT:utility.obj
 0003:00000c14       ?g_tss_cv@@3U_RTL_CONDITION_VARIABLE@@A 10029c14     LIBCMT:thread_safe_statics.obj
 0003:00000c18       ?g_tss_event@@3PAXA        10029c18     LIBCMT:thread_safe_statics.obj
 0003:00000c1c       ?g_tss_mutex@@3U_RTL_CRITICAL_SECTION@@A 10029c1c     LIBCMT:thread_safe_statics.obj
 0003:00000c34       ?g_sleep_condition_variable_cs@@3P6GHPAU_RTL_CONDITION_VARIABLE@@PAU_RTL_CRITICAL_SECTION@@K@ZA 10029c34     LIBCMT:thread_safe_statics.obj
 0003:00000c38       ?g_wake_all_condition_variable@@3P6GXPAU_RTL_CONDITION_VARIABLE@@@ZA 10029c38     LIBCMT:thread_safe_statics.obj
 0003:00000c40       _GS_ExceptionRecord        10029c40     LIBCMT:gs_report.obj
 0003:00000c90       _GS_ContextRecord          10029c90     LIBCMT:gs_report.obj
 0003:00000f60       ?__proc_attached@@3HA      10029f60     LIBCMT:dll_dllmain.obj
 0003:00000fc4       ?AllocateData@@3P6GPAUAtlThunkData_t@@XZA 10029fc4     atls:atlthunk.obj
 0003:00000fc8       ?InitData@@3P6GXPAUAtlThunkData_t@@PAXI@ZA 10029fc8     atls:atlthunk.obj
 0003:00000fcc       ?DataToCode@@3P6GP6GJPAUHWND__@@IIJ@ZPAUAtlThunkData_t@@@ZA 10029fcc     atls:atlthunk.obj
 0003:00000fd0       ?FreeData@@3P6GXPAUAtlThunkData_t@@@ZA 10029fd0     atls:atlthunk.obj
 0003:00000fd4       ?Initialized@@3_NA         10029fd4     atls:atlthunk.obj
 0003:00000fe4       ?__vcrt_startup_thread_ptd@@3U__vcrt_ptd@@A 10029fe4     libvcruntime:per_thread_data.obj
 0003:0000100c       ___vcrt_lock_table         1002a00c     libvcruntime:locks.obj
 0003:00001024       ___vcrt_locks_initialized  1002a024     libvcruntime:locks.obj
 0003:00001050       ?heap@@3V_HeapManager@@A   1002a050     libvcruntime:undname.obj
 0003:00001064       ?module_handles@@3PAPAUHINSTANCE__@@A 1002a064     libvcruntime:winapi_downlevel.obj
 0003:00001070       ?function_pointers@@3PAPAXA 1002a070     libvcruntime:winapi_downlevel.obj
 0003:00001084       ?__acrt_invalid_parameter_handler@@3V?$dual_state_global@P6AXPB_W00II@Z@__crt_state_management@@A 1002a084     libucrt:invalid_parameter.obj
 0003:00001088       ?c_termination_complete@@3JA 1002a088     libucrt:exit.obj
 0003:0000108c       ?thread_local_exit_callback_func@@3P6GXPAXK0@ZA 1002a08c     libucrt:exit.obj
 0003:00001098       ?program_name@?1???$common_configure_argv@D@@YAHW4_crt_argv_mode@@@Z@4PADA 1002a098     libucrt:argv_parsing.obj
 0003:000011c8       ?__acrt_new_handler@@3V?$dual_state_global@P6AHI@Z@__crt_state_management@@A 1002a1c8     libucrt:new_handler.obj
 0003:000011d0       ?module_handles@@3PAPAUHINSTANCE__@@A 1002a1d0     libucrt:winapi_thunks.obj
 0003:00001220       ?encoded_function_pointers@@3PAPAXA 1002a220     libucrt:winapi_thunks.obj
 0003:000012a8       ?internal_state@?1??_mbtowc_l@@9@4U_Mbstatet@@A 1002a2a8     libucrt:mbtowc.obj
 0003:000012b8       ?enable_percent_n@@3IA     1002a2b8     libucrt:printf_count_output.obj
 0003:000014d8       ?__acrt_lock_table@@3PAU_RTL_CRITICAL_SECTION@@A 1002a4d8     libucrt:locks.obj
 0003:00001628       ?__acrt_locks_initialized@@3IA 1002a628     libucrt:locks.obj
 0003:00001638       ?fSystemSet@@3HA           1002a638     libucrt:mbctype.obj
 0003:0000163c       ?initialized@?1??__acrt_initialize_multibyte@@9@4_NA 1002a63c     libucrt:mbctype.obj
 0003:0000165c       ?ctrlc_action@@3V?$dual_state_global@P6AXH@Z@__crt_state_management@@A 1002a65c     libucrt:signal.obj
 0003:00001660       ?ctrlbreak_action@@3V?$dual_state_global@P6AXH@Z@__crt_state_management@@A 1002a660     libucrt:signal.obj
 0003:00001664       ?abort_action@@3V?$dual_state_global@P6AXH@Z@__crt_state_management@@A 1002a664     libucrt:signal.obj
 0003:00001668       ?term_action@@3V?$dual_state_global@P6AXH@Z@__crt_state_management@@A 1002a668     libucrt:signal.obj
 0003:0000166c       ?user_matherr@@3V?$dual_state_global@P6AHPAU_exception@@@Z@__crt_state_management@@A 1002a66c     libucrt:matherr.obj
 0003:00001670       ?__acrt_global_new_mode@@3V?$dual_state_global@J@__crt_state_management@@A 1002a670     libucrt:new_mode.obj
 0003:0000167c       ?internal_pst@?1??__mbrtoc32_utf8@__crt_mbstring@@YAIPA_UPBDIPAU_Mbstatet@@@Z@4U3@A 1002a67c     libucrt:mbrtoc32.obj
 0003:00001684       ?__acrt_app_type@@3W4_crt_app_type@@A 1002a684     libucrt:report_runtime_error.obj
 0003:0000168c       __pmatherr_set             1002a68c     libucrt:libm_error.obj
 0004:00000220       $R000000                   1002b220     Lights.res
 0004:00000ba0       $R000980                   1002bba0     Lights.res
 0004:00000c88       $R000A68                   1002bc88     Lights.res
 0004:00000ef0       $R000CD0                   1002bef0     Lights.res
 0004:000013d8       $R0011B8                   1002c3d8     Lights.res
 0004:00003718       $R0034F8                   1002e718     Lights.res
 0004:00003748       $R003528                   1002e748     Lights.res
