 OPOSElectronicValueRW

 Timestamp is 5ed457f5 (Mon Jun  1 10:20:53 2020)

 Preferred load address is 10000000

 Start         Length     Name                   Class
 0001:00000000 00000080H .text$di                CODE
 0001:00000080 00020153H .text$mn                CODE
 0001:000201d3 00000036H .text$x                 CODE
 0001:00020209 00000042H .text$yd                CODE
 0002:00000000 000002fcH .idata$5                DATA
 0002:000002fc 00000004H .00cfg                  DATA
 0002:00000300 00000004H .CRT$XCA                DATA
 0002:00000304 00000004H .CRT$XCL                DATA
 0002:00000308 00000010H .CRT$XCU                DATA
 0002:00000318 00000004H .CRT$XCZ                DATA
 0002:0000031c 00000004H .CRT$XIA                DATA
 0002:00000320 00000010H .CRT$XIC                DATA
 0002:00000330 00000004H .CRT$XIZ                DATA
 0002:00000334 00000004H .CRT$XLA                DATA
 0002:00000338 00000004H .CRT$XLZ                DATA
 0002:0000033c 00000004H .CRT$XPA                DATA
 0002:00000340 00000008H .CRT$XPX                DATA
 0002:00000348 00000004H .CRT$XPXA               DATA
 0002:0000034c 00000004H .CRT$XPZ                DATA
 0002:00000350 00000004H .CRT$XTA                DATA
 0002:00000354 0000000cH .CRT$XTZ                DATA
 0002:00000358 00000000H .gfids$y                DATA
 0002:00000360 00007a18H .rdata                  DATA
 0002:00007d78 00000018H .rdata$T                DATA
 0002:00007d90 00000178H .rdata$r                DATA
 0002:00007f08 0000001cH .rdata$sxdata           DATA
 0002:00007f24 000003e4H .rdata$zzzdbg           DATA
 0002:00008308 00000004H .rtc$IAA                DATA
 0002:0000830c 00000004H .rtc$IZZ                DATA
 0002:00008310 00000004H .rtc$TAA                DATA
 0002:00008314 00000004H .rtc$TZZ                DATA
 0002:00008318 00000004H .tls                    DATA
 0002:0000831c 00000004H .tls$                   DATA
 0002:00008320 00000008H .tls$ZZZ                DATA
 0002:00008328 0000062cH .xdata$x                DATA
 0002:00008954 00000004H ATL$__a                 DATA
 0002:00008958 00000008H ATL$__z                 DATA
 0002:00008960 000000b4H .edata                  DATA
 0002:00008a14 00000078H .idata$2                DATA
 0002:00008a8c 00000014H .idata$3                DATA
 0002:00008aa0 000002fcH .idata$4                DATA
 0002:00008d9c 00000bceH .idata$6                DATA
 0003:00000000 00000b70H .data                   DATA
 0003:00000b70 00000098H .data$r                 DATA
 0003:00000c08 00000b80H .bss                    DATA
 0004:00000000 00000220H .rsrc$01                DATA
 0004:00000220 00007ef8H .rsrc$02                DATA

  Address         Publics by Value              Rva+Base       Lib:Object

 0000:00000000       ___guard_longjmp_table     00000000     <absolute>
 0000:00000000       ___guard_eh_cont_count     00000000     <absolute>
 0000:00000000       ___x64_code_ranges_to_entry_points 00000000     <absolute>
 0000:00000000       ___guard_fids_count        00000000     <absolute>
 0000:00000000       ___hybrid_code_map_count   00000000     <absolute>
 0000:00000000       ___guard_iat_count         00000000     <absolute>
 0000:00000000       ___dynamic_value_reloc_table 00000000     <absolute>
 0000:00000000       ___guard_longjmp_count     00000000     <absolute>
 0000:00000000       __except_list              00000000     <absolute>
 0000:00000000       ___arm64x_native_entrypoint 00000000     <absolute>
 0000:00000000       ___guard_fids_table        00000000     <absolute>
 0000:00000000       ___arm64x_redirection_metadata 00000000     <absolute>
 0000:00000000       ___hybrid_auxiliary_iat    00000000     <absolute>
 0000:00000000       ___guard_iat_table         00000000     <absolute>
 0000:00000000       ___volatile_metadata       00000000     <absolute>
 0000:00000000       ___enclave_config          00000000     <absolute>
 0000:00000000       ___AbsoluteZero            00000000     <absolute>
 0000:00000000       ___guard_eh_cont_table     00000000     <absolute>
 0000:00000000       ___hybrid_code_map         00000000     <absolute>
 0000:00000007       ___safe_se_handler_count   00000007     <absolute>
 0000:0000002c       __tls_array                0000002c     <absolute>
 0000:00000100       ___guard_flags             00000100     <absolute>
 0000:00000000       ___ImageBase               10000000     <linker-defined>
 0001:00000080       ?DupWide@_CW@@AAEXXZ       10001080 f   CWString.obj
 0001:0000009c       ?cw_dup@@YGXPBDAAHAAPA_W1@Z 1000109c f   CWString.obj
 0001:00000124       ?cw_memcpy@@YGHPA_WPBDH@Z  10001124 f   CWString.obj
 0001:00000150       ?cw_strcpy@@YAHPA_WPBD@Z   10001150 f   CWString.obj
 0001:00000163       ?cw_strlen@@YAHPBD@Z       10001163 f   CWString.obj
 0001:0000017c       ??0CAtlComModule@ATL@@QAE@XZ 1000117c f i OposVariant.obj
 0001:000001c1       ??0CAtlWinModule@ATL@@QAE@XZ 100011c1 f i OposVariant.obj
 0001:000001f8       ??0OposDispParms@@QAE@PAVOposVariant@@H@Z 100011f8 f   OposVariant.obj
 0001:00000269       ??1OposDispParms@@QAE@XZ   10001269 f   OposVariant.obj
 0001:00000277       ??A?$CSimpleArray@GV?$CSimpleArrayEqualHelper@G@ATL@@@ATL@@QAEAAGH@Z 10001277 f i OposVariant.obj
 0001:0000029c       ??_Estringdispid@CComTypeInfoHolder@ATL@@QAEPAXI@Z 1000129c f i OposVariant.obj
 0001:00000308       ?AtlWinModuleInit@ATL@@YGJPAU_ATL_WIN_MODULE70@1@@Z 10001308 f i OposVariant.obj
 0001:0000032e       ?AtlWinModuleTerm@ATL@@YGJPAU_ATL_WIN_MODULE70@1@PAUHINSTANCE__@@@Z 1000132e f i OposVariant.obj
 0001:00000391       ?ChangeBSTR@OposVariant@@QAEXPAPA_WAAJ@Z 10001391 f   OposVariant.obj
 0001:000003d2       ?ChangeCURRENCY@OposVariant@@QAEXPATtagCY@@AAJ@Z 100013d2 f   OposVariant.obj
 0001:00000421       ?ChangeLONG@OposVariant@@QAEXPAJAAJ@Z 10001421 f   OposVariant.obj
 0001:00000462       ?GetLONG@OposVariant@@QAEJXZ 10001462 f   OposVariant.obj
 0001:0000047d       ?Init@CComCriticalSection@ATL@@QAEJXZ 1000147d f i OposVariant.obj
 0001:000004a5       ?RemoveAll@?$CSimpleArray@GV?$CSimpleArrayEqualHelper@G@ATL@@@ATL@@QAEXXZ 100014a5 f i OposVariant.obj
 0001:000004a5       ?RemoveAll@?$CSimpleArray@PAUHINSTANCE__@@V?$CSimpleArrayEqualHelper@PAUHINSTANCE__@@@ATL@@@ATL@@QAEXXZ 100014a5 f i atls:atlbase.obj
 0001:000004c2       ?SetBSTR@OposVariant@@QAEXPA_WAAJ@Z 100014c2 f   OposVariant.obj
 0001:000004f6       ?SetBSTR_Copy@OposVariant@@QAEXPA_WAAJ@Z 100014f6 f   OposVariant.obj
 0001:00000546       ?SetBSTR_InOutPtr@OposVariant@@QAE_NPAPA_WAAJ@Z 10001546 f   OposVariant.obj
 0001:0000057d       ?SetCURRENCY@OposVariant@@QAEXTtagCY@@@Z 1000157d f   OposVariant.obj
 0001:000005a5       ?SetDispatch_Ptr@OposVariant@@QAEXPAUIDispatch@@AAJ@Z 100015a5 f   OposVariant.obj
 0001:000005e0       ?SetLONG@OposVariant@@QAEXJ@Z 100015e0 f   OposVariant.obj
 0001:00000602       ?SetLONG_Ptr@OposVariant@@QAEXPAJAAJ@Z 10001602 f   OposVariant.obj
 0001:00000635       ?SetString@OposVariant@@QAEXPB_WAAJ@Z 10001635 f   OposVariant.obj
 0001:0000067b       ?SetVARIANT_BOOL@OposVariant@@QAEXF@Z 1000167b f   OposVariant.obj
 0001:000006a5       ?Term@CAtlComModule@ATL@@QAEXXZ 100016a5 f i OposVariant.obj
 0001:000006ef       ?_AtlRaiseException@ATL@@YAXKK@Z 100016ef f i OposVariant.obj
 0001:00000704       ?CreateInstance@CComClassFactory@ATL@@UAGJPAUIUnknown@@ABU_GUID@@PAPAX@Z 10001704 f i ElectronicValueRW.obj
 0001:00000742       ?LockServer@CComClassFactory@ATL@@UAGJH@Z 10001742 f i ElectronicValueRW.obj
 0001:00000761       ??_GCComClassFactory@ATL@@UAEPAXI@Z 10001761 f i ElectronicValueRW.obj
 0001:00000761       ??_ECComClassFactory@ATL@@UAEPAXI@Z 10001761 f i ElectronicValueRW.obj
 0001:0000078c       ?Next@?$CComEnumImpl@UIEnumConnections@@$1?_GUID_b196b287_bab4_101a_b69c_00aa00341d07@@3U__s_GUID@@BUtagCONNECTDATA@@V?$_Copy@UtagCONNECTDATA@@@ATL@@@ATL@@UAGJKPAUtagCONNECTDATA@@PAK@Z 1000178c f i ElectronicValueRW.obj
 0001:00000863       ?Skip@?$CComEnumImpl@UIEnumConnections@@$1?_GUID_b196b287_bab4_101a_b69c_00aa00341d07@@3U__s_GUID@@BUtagCONNECTDATA@@V?$_Copy@UtagCONNECTDATA@@@ATL@@@ATL@@UAGJK@Z 10001863 f i ElectronicValueRW.obj
 0001:00000890       ?Reset@?$CComEnumImpl@UIEnumConnections@@$1?_GUID_b196b287_bab4_101a_b69c_00aa00341d07@@3U__s_GUID@@BUtagCONNECTDATA@@V?$_Copy@UtagCONNECTDATA@@@ATL@@@ATL@@UAGJXZ 10001890 f i ElectronicValueRW.obj
 0001:00000890       ?Reset@?$CComEnumImpl@UIEnumConnectionPoints@@$1?_GUID_b196b285_bab4_101a_b69c_00aa00341d07@@3U__s_GUID@@BPAUIConnectionPoint@@V?$_CopyInterface@UIConnectionPoint@@@ATL@@@ATL@@UAGJXZ 10001890 f i ElectronicValueRW.obj
 0001:000008a2       ?Clone@?$CComEnumImpl@UIEnumConnections@@$1?_GUID_b196b287_bab4_101a_b69c_00aa00341d07@@3U__s_GUID@@BUtagCONNECTDATA@@V?$_Copy@UtagCONNECTDATA@@@ATL@@@ATL@@UAGJPAPAUIEnumConnections@@@Z 100018a2 f i ElectronicValueRW.obj
 0001:00000983       ?AddRef@?$CComObject@V?$CComEnum@UIEnumConnections@@$1?_GUID_b196b287_bab4_101a_b69c_00aa00341d07@@3U__s_GUID@@BUtagCONNECTDATA@@V?$_Copy@UtagCONNECTDATA@@@ATL@@VCComSingleThreadModel@6@@ATL@@@ATL@@UAGKXZ 10001983 f i ElectronicValueRW.obj
 0001:00000983       ?AddRef@?$CComObject@V?$CComEnum@UIEnumConnectionPoints@@$1?_GUID_b196b285_bab4_101a_b69c_00aa00341d07@@3U__s_GUID@@BPAUIConnectionPoint@@V?$_CopyInterface@UIConnectionPoint@@@ATL@@VCComSingleThreadModel@6@@ATL@@@ATL@@UAGKXZ 10001983 f i ElectronicValueRW.obj
 0001:00000994       ?Release@?$CComObject@V?$CComEnum@UIEnumConnectionPoints@@$1?_GUID_b196b285_bab4_101a_b69c_00aa00341d07@@3U__s_GUID@@BPAUIConnectionPoint@@V?$_CopyInterface@UIConnectionPoint@@@ATL@@VCComSingleThreadModel@6@@ATL@@@ATL@@UAGKXZ 10001994 f i ElectronicValueRW.obj
 0001:00000994       ?Release@?$CComObject@V?$CComEnum@UIEnumConnections@@$1?_GUID_b196b287_bab4_101a_b69c_00aa00341d07@@3U__s_GUID@@BUtagCONNECTDATA@@V?$_Copy@UtagCONNECTDATA@@@ATL@@VCComSingleThreadModel@6@@ATL@@@ATL@@UAGKXZ 10001994 f i ElectronicValueRW.obj
 0001:000009d0       ?QueryInterface@?$CComObject@V?$CComEnum@UIEnumConnections@@$1?_GUID_b196b287_bab4_101a_b69c_00aa00341d07@@3U__s_GUID@@BUtagCONNECTDATA@@V?$_Copy@UtagCONNECTDATA@@@ATL@@VCComSingleThreadModel@6@@ATL@@@ATL@@UAGJABU_GUID@@PAPAX@Z 100019d0 f i ElectronicValueRW.obj
 0001:000009ea       ??_E?$CComObject@V?$CComEnum@UIEnumConnections@@$1?_GUID_b196b287_bab4_101a_b69c_00aa00341d07@@3U__s_GUID@@BUtagCONNECTDATA@@V?$_Copy@UtagCONNECTDATA@@@ATL@@VCComSingleThreadModel@6@@ATL@@@ATL@@UAEPAXI@Z 100019ea f i ElectronicValueRW.obj
 0001:000009ea       ??_G?$CComObject@V?$CComEnum@UIEnumConnections@@$1?_GUID_b196b287_bab4_101a_b69c_00aa00341d07@@3U__s_GUID@@BUtagCONNECTDATA@@V?$_Copy@UtagCONNECTDATA@@@ATL@@VCComSingleThreadModel@6@@ATL@@@ATL@@UAEPAXI@Z 100019ea f i ElectronicValueRW.obj
 0001:00000a0c       ?GetWindowProc@?$CWindowImplBaseT@VCWindow@ATL@@V?$CWinTraits@$0FGAAAAAA@$0A@@2@@ATL@@UAEP6GJPAUHWND__@@IIJ@ZXZ 10001a0c f i ElectronicValueRW.obj
 0001:00000a12       ?StartWindowProc@?$CWindowImplBaseT@VCWindow@ATL@@V?$CWinTraits@$0FGAAAAAA@$0A@@2@@ATL@@SGJPAUHWND__@@IIJ@Z 10001a12 f i ElectronicValueRW.obj
 0001:00000a66       ??_E?$CComObject@VCOPOSElectronicValueRW@@@ATL@@W3AEPAXI@Z 10001a66 f i ElectronicValueRW.obj
 0001:00000a6e       ??_E?$CComObject@VCOPOSElectronicValueRW@@@ATL@@WEM@AEPAXI@Z 10001a6e f i ElectronicValueRW.obj
 0001:00000a76       ?QueryInterface@?$CComObject@VCOPOSElectronicValueRW@@@ATL@@WHA@AGJABU_GUID@@PAPAX@Z 10001a76 f i ElectronicValueRW.obj
 0001:00000a80       ?AddRef@?$CComObject@VCOPOSElectronicValueRW@@@ATL@@WHA@AGKXZ 10001a80 f i ElectronicValueRW.obj
 0001:00000a8a       ?Release@?$CComObject@VCOPOSElectronicValueRW@@@ATL@@WHA@AGKXZ 10001a8a f i ElectronicValueRW.obj
 0001:00000a94       ?QueryInterface@?$CComObject@VCOPOSElectronicValueRW@@@ATL@@WHE@AGJABU_GUID@@PAPAX@Z 10001a94 f i ElectronicValueRW.obj
 0001:00000a9e       ?AddRef@?$CComObject@VCOPOSElectronicValueRW@@@ATL@@WHE@AGKXZ 10001a9e f i ElectronicValueRW.obj
 0001:00000aa8       ?Release@?$CComObject@VCOPOSElectronicValueRW@@@ATL@@WHE@AGKXZ 10001aa8 f i ElectronicValueRW.obj
 0001:00000ab2       ?QueryInterface@?$CComObject@VCOPOSElectronicValueRW@@@ATL@@WHI@AGJABU_GUID@@PAPAX@Z 10001ab2 f i ElectronicValueRW.obj
 0001:00000abc       ?AddRef@?$CComObject@VCOPOSElectronicValueRW@@@ATL@@WHI@AGKXZ 10001abc f i ElectronicValueRW.obj
 0001:00000ac6       ?Release@?$CComObject@VCOPOSElectronicValueRW@@@ATL@@WHI@AGKXZ 10001ac6 f i ElectronicValueRW.obj
 0001:00000ad0       ?QueryInterface@?$CComObject@VCOPOSElectronicValueRW@@@ATL@@WHM@AGJABU_GUID@@PAPAX@Z 10001ad0 f i ElectronicValueRW.obj
 0001:00000ada       ?AddRef@?$CComObject@VCOPOSElectronicValueRW@@@ATL@@WHM@AGKXZ 10001ada f i ElectronicValueRW.obj
 0001:00000ae4       ?ObjectMain@CComObjectRootBase@ATL@@SGX_N@Z 10001ae4 f i ElectronicValueRW.obj
 0001:00000ae4       ?OnFinalMessage@?$CWindowImplBaseT@VCWindow@ATL@@V?$CWinTraits@$0FGAAAAAA@$0A@@2@@ATL@@UAEXPAUHWND__@@@Z 10001ae4 f i ElectronicValueRW.obj
 0001:00000ae7       ?Release@?$CComObject@VCOPOSElectronicValueRW@@@ATL@@WHM@AGKXZ 10001ae7 f i ElectronicValueRW.obj
 0001:00000af1       ?QueryInterface@?$CComObject@VCOPOSElectronicValueRW@@@ATL@@WIA@AGJABU_GUID@@PAPAX@Z 10001af1 f i ElectronicValueRW.obj
 0001:00000afe       ?AddRef@?$CComObject@VCOPOSElectronicValueRW@@@ATL@@WIA@AGKXZ 10001afe f i ElectronicValueRW.obj
 0001:00000b0b       ?Release@?$CComObject@VCOPOSElectronicValueRW@@@ATL@@WIA@AGKXZ 10001b0b f i ElectronicValueRW.obj
 0001:00000b18       ?QueryInterface@?$CComObject@VCOPOSElectronicValueRW@@@ATL@@WIE@AGJABU_GUID@@PAPAX@Z 10001b18 f i ElectronicValueRW.obj
 0001:00000b25       ?AddRef@?$CComObject@VCOPOSElectronicValueRW@@@ATL@@WIE@AGKXZ 10001b25 f i ElectronicValueRW.obj
 0001:00000b32       ?Release@?$CComObject@VCOPOSElectronicValueRW@@@ATL@@WIE@AGKXZ 10001b32 f i ElectronicValueRW.obj
 0001:00000b3f       ?QueryInterface@?$CComObject@VCOPOSElectronicValueRW@@@ATL@@WII@AGJABU_GUID@@PAPAX@Z 10001b3f f i ElectronicValueRW.obj
 0001:00000b4c       ?AddRef@?$CComObject@VCOPOSElectronicValueRW@@@ATL@@WII@AGKXZ 10001b4c f i ElectronicValueRW.obj
 0001:00000b59       ?Release@?$CComObject@VCOPOSElectronicValueRW@@@ATL@@WII@AGKXZ 10001b59 f i ElectronicValueRW.obj
 0001:00000b66       ?QueryInterface@?$CComObject@VCOPOSElectronicValueRW@@@ATL@@WIM@AGJABU_GUID@@PAPAX@Z 10001b66 f i ElectronicValueRW.obj
 0001:00000b73       ?AddRef@?$CComObject@VCOPOSElectronicValueRW@@@ATL@@WIM@AGKXZ 10001b73 f i ElectronicValueRW.obj
 0001:00000b80       ?Release@?$CComObject@VCOPOSElectronicValueRW@@@ATL@@WIM@AGKXZ 10001b80 f i ElectronicValueRW.obj
 0001:00000b8d       ?QueryInterface@?$CComObject@VCOPOSElectronicValueRW@@@ATL@@WJA@AGJABU_GUID@@PAPAX@Z 10001b8d f i ElectronicValueRW.obj
 0001:00000b9a       ?AddRef@?$CComObject@VCOPOSElectronicValueRW@@@ATL@@WJA@AGKXZ 10001b9a f i ElectronicValueRW.obj
 0001:00000ba7       ?Release@?$CComObject@VCOPOSElectronicValueRW@@@ATL@@WJA@AGKXZ 10001ba7 f i ElectronicValueRW.obj
 0001:00000bb4       ?QueryInterface@?$CComObject@VCOPOSElectronicValueRW@@@ATL@@WJE@AGJABU_GUID@@PAPAX@Z 10001bb4 f i ElectronicValueRW.obj
 0001:00000bc1       ?AddRef@?$CComObject@VCOPOSElectronicValueRW@@@ATL@@WJE@AGKXZ 10001bc1 f i ElectronicValueRW.obj
 0001:00000bce       ?Release@?$CComObject@VCOPOSElectronicValueRW@@@ATL@@WJE@AGKXZ 10001bce f i ElectronicValueRW.obj
 0001:00000bdb       ?QueryInterface@?$CComObject@VCOPOSElectronicValueRW@@@ATL@@WJI@AGJABU_GUID@@PAPAX@Z 10001bdb f i ElectronicValueRW.obj
 0001:00000be8       ?AddRef@?$CComObject@VCOPOSElectronicValueRW@@@ATL@@WJI@AGKXZ 10001be8 f i ElectronicValueRW.obj
 0001:00000bf5       ?Release@?$CComObject@VCOPOSElectronicValueRW@@@ATL@@WJI@AGKXZ 10001bf5 f i ElectronicValueRW.obj
 0001:00000c02       ?QueryInterface@?$CComObject@VCOPOSElectronicValueRW@@@ATL@@WJM@AGJABU_GUID@@PAPAX@Z 10001c02 f i ElectronicValueRW.obj
 0001:00000c0f       ?AddRef@?$CComObject@VCOPOSElectronicValueRW@@@ATL@@WJM@AGKXZ 10001c0f f i ElectronicValueRW.obj
 0001:00000c1c       ?Release@?$CComObject@VCOPOSElectronicValueRW@@@ATL@@WJM@AGKXZ 10001c1c f i ElectronicValueRW.obj
 0001:00000c29       ?QueryInterface@?$CComObject@VCOPOSElectronicValueRW@@@ATL@@WKA@AGJABU_GUID@@PAPAX@Z 10001c29 f i ElectronicValueRW.obj
 0001:00000c36       ?AddRef@?$CComObject@VCOPOSElectronicValueRW@@@ATL@@WKA@AGKXZ 10001c36 f i ElectronicValueRW.obj
 0001:00000c43       ?Release@?$CComObject@VCOPOSElectronicValueRW@@@ATL@@WKA@AGKXZ 10001c43 f i ElectronicValueRW.obj
 0001:00000c50       ?AddRef@?$CComObject@VCOPOSElectronicValueRW@@@ATL@@WKI@AGKXZ 10001c50 f i ElectronicValueRW.obj
 0001:00000c5d       ?Release@?$CComObject@VCOPOSElectronicValueRW@@@ATL@@WKI@AGKXZ 10001c5d f i ElectronicValueRW.obj
 0001:00000c6a       ?AddRef@?$CComObject@VCOPOSElectronicValueRW@@@ATL@@WLE@AGKXZ 10001c6a f i ElectronicValueRW.obj
 0001:00000c77       ?Release@?$CComObject@VCOPOSElectronicValueRW@@@ATL@@WLE@AGKXZ 10001c77 f i ElectronicValueRW.obj
 0001:00000c84       ??_E?$CComContainedObject@VCOPOSElectronicValueRW@@@ATL@@W3AEPAXI@Z 10001c84 f i ElectronicValueRW.obj
 0001:00000c8c       ??_E?$CComContainedObject@VCOPOSElectronicValueRW@@@ATL@@WEM@AEPAXI@Z 10001c8c f i ElectronicValueRW.obj
 0001:00000c94       ?QueryInterface@?$CComContainedObject@VCOPOSElectronicValueRW@@@ATL@@WHA@AGJABU_GUID@@PAPAX@Z 10001c94 f i ElectronicValueRW.obj
 0001:00000c9e       ?AddRef@?$CComContainedObject@VCOPOSElectronicValueRW@@@ATL@@WHA@AGKXZ 10001c9e f i ElectronicValueRW.obj
 0001:00000ca8       ?Release@?$CComContainedObject@VCOPOSElectronicValueRW@@@ATL@@WHA@AGKXZ 10001ca8 f i ElectronicValueRW.obj
 0001:00000cb2       ?QueryInterface@?$CComContainedObject@VCOPOSElectronicValueRW@@@ATL@@WHE@AGJABU_GUID@@PAPAX@Z 10001cb2 f i ElectronicValueRW.obj
 0001:00000cbc       ?AddRef@?$CComContainedObject@VCOPOSElectronicValueRW@@@ATL@@WHE@AGKXZ 10001cbc f i ElectronicValueRW.obj
 0001:00000cc6       ?Release@?$CComContainedObject@VCOPOSElectronicValueRW@@@ATL@@WHE@AGKXZ 10001cc6 f i ElectronicValueRW.obj
 0001:00000cd0       ?QueryInterface@?$CComContainedObject@VCOPOSElectronicValueRW@@@ATL@@WHI@AGJABU_GUID@@PAPAX@Z 10001cd0 f i ElectronicValueRW.obj
 0001:00000cda       ?AddRef@?$CComContainedObject@VCOPOSElectronicValueRW@@@ATL@@WHI@AGKXZ 10001cda f i ElectronicValueRW.obj
 0001:00000ce4       ?Release@?$CComContainedObject@VCOPOSElectronicValueRW@@@ATL@@WHI@AGKXZ 10001ce4 f i ElectronicValueRW.obj
 0001:00000cee       ?QueryInterface@?$CComContainedObject@VCOPOSElectronicValueRW@@@ATL@@WHM@AGJABU_GUID@@PAPAX@Z 10001cee f i ElectronicValueRW.obj
 0001:00000cf8       ?AddRef@?$CComContainedObject@VCOPOSElectronicValueRW@@@ATL@@WHM@AGKXZ 10001cf8 f i ElectronicValueRW.obj
 0001:00000d02       ?Release@?$CComContainedObject@VCOPOSElectronicValueRW@@@ATL@@WHM@AGKXZ 10001d02 f i ElectronicValueRW.obj
 0001:00000d0c       ?QueryInterface@?$CComContainedObject@VCOPOSElectronicValueRW@@@ATL@@WIA@AGJABU_GUID@@PAPAX@Z 10001d0c f i ElectronicValueRW.obj
 0001:00000d19       ?AddRef@?$CComContainedObject@VCOPOSElectronicValueRW@@@ATL@@WIA@AGKXZ 10001d19 f i ElectronicValueRW.obj
 0001:00000d26       ?Release@?$CComContainedObject@VCOPOSElectronicValueRW@@@ATL@@WIA@AGKXZ 10001d26 f i ElectronicValueRW.obj
 0001:00000d33       ?QueryInterface@?$CComContainedObject@VCOPOSElectronicValueRW@@@ATL@@WIE@AGJABU_GUID@@PAPAX@Z 10001d33 f i ElectronicValueRW.obj
 0001:00000d40       ?AddRef@?$CComContainedObject@VCOPOSElectronicValueRW@@@ATL@@WIE@AGKXZ 10001d40 f i ElectronicValueRW.obj
 0001:00000d4d       ?Release@?$CComContainedObject@VCOPOSElectronicValueRW@@@ATL@@WIE@AGKXZ 10001d4d f i ElectronicValueRW.obj
 0001:00000d5a       ?QueryInterface@?$CComContainedObject@VCOPOSElectronicValueRW@@@ATL@@WII@AGJABU_GUID@@PAPAX@Z 10001d5a f i ElectronicValueRW.obj
 0001:00000d67       ?AddRef@?$CComContainedObject@VCOPOSElectronicValueRW@@@ATL@@WII@AGKXZ 10001d67 f i ElectronicValueRW.obj
 0001:00000d74       ?Release@?$CComContainedObject@VCOPOSElectronicValueRW@@@ATL@@WII@AGKXZ 10001d74 f i ElectronicValueRW.obj
 0001:00000d81       ?QueryInterface@?$CComContainedObject@VCOPOSElectronicValueRW@@@ATL@@WIM@AGJABU_GUID@@PAPAX@Z 10001d81 f i ElectronicValueRW.obj
 0001:00000d8e       ?AddRef@?$CComContainedObject@VCOPOSElectronicValueRW@@@ATL@@WIM@AGKXZ 10001d8e f i ElectronicValueRW.obj
 0001:00000d9b       ?Release@?$CComContainedObject@VCOPOSElectronicValueRW@@@ATL@@WIM@AGKXZ 10001d9b f i ElectronicValueRW.obj
 0001:00000da8       ?QueryInterface@?$CComContainedObject@VCOPOSElectronicValueRW@@@ATL@@WJA@AGJABU_GUID@@PAPAX@Z 10001da8 f i ElectronicValueRW.obj
 0001:00000db5       ?AddRef@?$CComContainedObject@VCOPOSElectronicValueRW@@@ATL@@WJA@AGKXZ 10001db5 f i ElectronicValueRW.obj
 0001:00000dc2       ?Release@?$CComContainedObject@VCOPOSElectronicValueRW@@@ATL@@WJA@AGKXZ 10001dc2 f i ElectronicValueRW.obj
 0001:00000dcf       ?QueryInterface@?$CComContainedObject@VCOPOSElectronicValueRW@@@ATL@@WJE@AGJABU_GUID@@PAPAX@Z 10001dcf f i ElectronicValueRW.obj
 0001:00000ddc       ?AddRef@?$CComContainedObject@VCOPOSElectronicValueRW@@@ATL@@WJE@AGKXZ 10001ddc f i ElectronicValueRW.obj
 0001:00000de9       ?Release@?$CComContainedObject@VCOPOSElectronicValueRW@@@ATL@@WJE@AGKXZ 10001de9 f i ElectronicValueRW.obj
 0001:00000df6       ?QueryInterface@?$CComContainedObject@VCOPOSElectronicValueRW@@@ATL@@WJI@AGJABU_GUID@@PAPAX@Z 10001df6 f i ElectronicValueRW.obj
 0001:00000e03       ?AddRef@?$CComContainedObject@VCOPOSElectronicValueRW@@@ATL@@WJI@AGKXZ 10001e03 f i ElectronicValueRW.obj
 0001:00000e10       ?Release@?$CComContainedObject@VCOPOSElectronicValueRW@@@ATL@@WJI@AGKXZ 10001e10 f i ElectronicValueRW.obj
 0001:00000e1d       ?QueryInterface@?$CComContainedObject@VCOPOSElectronicValueRW@@@ATL@@WJM@AGJABU_GUID@@PAPAX@Z 10001e1d f i ElectronicValueRW.obj
 0001:00000e2a       ?AddRef@?$CComContainedObject@VCOPOSElectronicValueRW@@@ATL@@WJM@AGKXZ 10001e2a f i ElectronicValueRW.obj
 0001:00000e37       ?Release@?$CComContainedObject@VCOPOSElectronicValueRW@@@ATL@@WJM@AGKXZ 10001e37 f i ElectronicValueRW.obj
 0001:00000e44       ?QueryInterface@?$CComContainedObject@VCOPOSElectronicValueRW@@@ATL@@WKA@AGJABU_GUID@@PAPAX@Z 10001e44 f i ElectronicValueRW.obj
 0001:00000e51       ?AddRef@?$CComContainedObject@VCOPOSElectronicValueRW@@@ATL@@WKA@AGKXZ 10001e51 f i ElectronicValueRW.obj
 0001:00000e5e       ?Release@?$CComContainedObject@VCOPOSElectronicValueRW@@@ATL@@WKA@AGKXZ 10001e5e f i ElectronicValueRW.obj
 0001:00000e6b       ?AddRef@?$CComContainedObject@VCOPOSElectronicValueRW@@@ATL@@WKI@AGKXZ 10001e6b f i ElectronicValueRW.obj
 0001:00000e78       ?Release@?$CComContainedObject@VCOPOSElectronicValueRW@@@ATL@@WKI@AGKXZ 10001e78 f i ElectronicValueRW.obj
 0001:00000e85       ?AddRef@?$CComContainedObject@VCOPOSElectronicValueRW@@@ATL@@WLE@AGKXZ 10001e85 f i ElectronicValueRW.obj
 0001:00000e92       ?Release@?$CComContainedObject@VCOPOSElectronicValueRW@@@ATL@@WLE@AGKXZ 10001e92 f i ElectronicValueRW.obj
 0001:00000e9f       ?GetTypeInfoCount@?$IDispatchImpl@UIOPOSElectronicValueRW@@$1?IID_IOPOSElectronicValueRW@@3U_GUID@@B$1?LIBID_OposElectronicValueRW_CCO@@3U3@B$00$0A@VCComTypeInfoHolder@ATL@@@ATL@@UAGJPAI@Z 10001e9f f i ElectronicValueRW.obj
 0001:00000ebc       ?GetTypeInfo@?$IDispatchImpl@UIOPOSElectronicValueRW@@$1?IID_IOPOSElectronicValueRW@@3U_GUID@@B$1?LIBID_OposElectronicValueRW_CCO@@3U3@B$00$0A@VCComTypeInfoHolder@ATL@@@ATL@@UAGJIKPAPAUITypeInfo@@@Z 10001ebc f i ElectronicValueRW.obj
 0001:00000ee0       ?GetIDsOfNames@?$IDispatchImpl@UIOPOSElectronicValueRW@@$1?IID_IOPOSElectronicValueRW@@3U_GUID@@B$1?LIBID_OposElectronicValueRW_CCO@@3U3@B$00$0A@VCComTypeInfoHolder@ATL@@@ATL@@UAGJABU_GUID@@PAPA_WIKPAJ@Z 10001ee0 f i ElectronicValueRW.obj
 0001:00000f00       ?Invoke@?$IDispatchImpl@UIOPOSElectronicValueRW@@$1?IID_IOPOSElectronicValueRW@@3U_GUID@@B$1?LIBID_OposElectronicValueRW_CCO@@3U3@B$00$0A@VCComTypeInfoHolder@ATL@@@ATL@@UAGJJABU_GUID@@KGPAUtagDISPPARAMS@@PAUtagVARIANT@@PAUtagEXCEPINFO@@PAI@Z 10001f00 f i ElectronicValueRW.obj
 0001:00000f0e       ?CreateControlWindow@?$CComControl@VCOPOSElectronicValueRW@@V?$CWindowImpl@VCOPOSElectronicValueRW@@VCWindow@ATL@@V?$CWinTraits@$0FGAAAAAA@$0A@@3@@ATL@@@ATL@@UAEPAUHWND__@@PAU3@AAUtagRECT@@@Z 10001f0e f i ElectronicValueRW.obj
 0001:00000f3d       ?ControlQueryInterface@?$CComControl@VCOPOSElectronicValueRW@@V?$CWindowImpl@VCOPOSElectronicValueRW@@VCWindow@ATL@@V?$CWinTraits@$0FGAAAAAA@$0A@@3@@ATL@@@ATL@@UAEJABU_GUID@@PAPAX@Z 10001f3d f i ElectronicValueRW.obj
 0001:00000f58       ?GetUserClassID@?$IOleObjectImpl@VCOPOSElectronicValueRW@@@ATL@@UAGJPAU_GUID@@@Z 10001f58 f i ElectronicValueRW.obj
 0001:00000f58       ?GetClassID@?$IPersistStreamInitImpl@VCOPOSElectronicValueRW@@@ATL@@UAGJPAU_GUID@@@Z 10001f58 f i ElectronicValueRW.obj
 0001:00000f58       ?GetClassID@?$IPersistStorageImpl@VCOPOSElectronicValueRW@@@ATL@@UAGJPAU_GUID@@@Z 10001f58 f i ElectronicValueRW.obj
 0001:00000f7c       ?IsDirty@?$IPersistStreamInitImpl@VCOPOSElectronicValueRW@@@ATL@@UAGJXZ 10001f7c f i ElectronicValueRW.obj
 0001:00000f9b       ?Load@?$IPersistStreamInitImpl@VCOPOSElectronicValueRW@@@ATL@@UAGJPAUIStream@@@Z 10001f9b f i ElectronicValueRW.obj
 0001:00000fba       ?Save@?$IPersistStreamInitImpl@VCOPOSElectronicValueRW@@@ATL@@UAGJPAUIStream@@H@Z 10001fba f i ElectronicValueRW.obj
 0001:00000fdc       ?GetSizeMax@?$IPersistStreamInitImpl@VCOPOSElectronicValueRW@@@ATL@@UAGJPAT_ULARGE_INTEGER@@@Z 10001fdc f i ElectronicValueRW.obj
 0001:000011bb       ?InitNew@?$IPersistStreamInitImpl@VCOPOSElectronicValueRW@@@ATL@@UAGJXZ 100021bb f i ElectronicValueRW.obj
 0001:000011d8       ?OnMnemonic@?$IOleControlImpl@VCOPOSElectronicValueRW@@@ATL@@UAGJPAUtagMSG@@@Z 100021d8 f i ElectronicValueRW.obj
 0001:000011d8       ?SetColorScheme@?$IOleObjectImpl@VCOPOSElectronicValueRW@@@ATL@@UAGJPAUtagLOGPALETTE@@@Z 100021d8 f i ElectronicValueRW.obj
 0001:000011d8       ?GetControlInfo@?$IOleControlImpl@VCOPOSElectronicValueRW@@@ATL@@UAGJPAUtagCONTROLINFO@@@Z 100021d8 f i ElectronicValueRW.obj
 0001:000011d8       ?QueryGetData@?$IDataObjectImpl@VCOPOSElectronicValueRW@@@ATL@@UAGJPAUtagFORMATETC@@@Z 100021d8 f i ElectronicValueRW.obj
 0001:000011d8       ?ContextSensitiveHelp@?$IOleInPlaceObjectWindowlessImpl@VCOPOSElectronicValueRW@@@ATL@@UAGJH@Z 100021d8 f i ElectronicValueRW.obj
 0001:000011d8       ?ContextSensitiveHelp@?$IOleInPlaceActiveObjectImpl@VCOPOSElectronicValueRW@@@ATL@@UAGJH@Z 100021d8 f i ElectronicValueRW.obj
 0001:000011d8       ?Unfreeze@?$IViewObjectExImpl@VCOPOSElectronicValueRW@@@ATL@@UAGJK@Z 100021d8 f i ElectronicValueRW.obj
 0001:000011d8       ?GetDropTarget@?$IOleInPlaceObjectWindowlessImpl@VCOPOSElectronicValueRW@@@ATL@@UAGJPAPAUIDropTarget@@@Z 100021d8 f i ElectronicValueRW.obj
 0001:000011e0       ?SaveCompleted@?$IPersistStorageImpl@VCOPOSElectronicValueRW@@@ATL@@UAGJPAUIStorage@@@Z 100021e0 f i ElectronicValueRW.obj
 0001:000011e0       ?OnAmbientPropertyChange@?$IOleControlImpl@VCOPOSElectronicValueRW@@@ATL@@UAGJJ@Z 100021e0 f i ElectronicValueRW.obj
 0001:000011e0       ?OnFrameWindowActivate@?$IOleInPlaceActiveObjectImpl@VCOPOSElectronicValueRW@@@ATL@@UAGJH@Z 100021e0 f i ElectronicValueRW.obj
 0001:000011e0       ?EnableModeless@?$IOleInPlaceActiveObjectImpl@VCOPOSElectronicValueRW@@@ATL@@UAGJH@Z 100021e0 f i ElectronicValueRW.obj
 0001:000011e5       ?Lock@CAtlModule@ATL@@UAEJXZ 100021e5 f i ElectronicValueRW.obj
 0001:000011ef       ?Unlock@CAtlModule@ATL@@UAEJXZ 100021ef f i ElectronicValueRW.obj
 0001:000011f9       ?GetLockCount@CAtlModule@ATL@@UAEJXZ 100021f9 f i ElectronicValueRW.obj
 0001:000011fd       ?SetClientSite@?$IOleObjectImpl@VCOPOSElectronicValueRW@@@ATL@@UAGJPAUIOleClientSite@@@Z 100021fd f i ElectronicValueRW.obj
 0001:0000121a       ?GetClientSite@?$IOleObjectImpl@VCOPOSElectronicValueRW@@@ATL@@UAGJPAPAUIOleClientSite@@@Z 1000221a f i ElectronicValueRW.obj
 0001:00001237       ?GetGITPtr@CAtlModule@ATL@@UAEJPAPAUIGlobalInterfaceTable@@@Z 10002237 f i ElectronicValueRW.obj
 0001:00001283       ?SetHostNames@?$IOleObjectImpl@VCOPOSElectronicValueRW@@@ATL@@UAGJPB_W0@Z 10002283 f i ElectronicValueRW.obj
 0001:00001288       ?Close@?$IOleObjectImpl@VCOPOSElectronicValueRW@@@ATL@@UAGJK@Z 10002288 f i ElectronicValueRW.obj
 0001:000012a5       ?GetDataHere@?$IDataObjectImpl@VCOPOSElectronicValueRW@@@ATL@@UAGJPAUtagFORMATETC@@PAUtagSTGMEDIUM@@@Z 100022a5 f i ElectronicValueRW.obj
 0001:000012a5       ?GetCanonicalFormatEtc@?$IDataObjectImpl@VCOPOSElectronicValueRW@@@ATL@@UAGJPAUtagFORMATETC@@0@Z 100022a5 f i ElectronicValueRW.obj
 0001:000012a5       ?GetRect@?$IViewObjectExImpl@VCOPOSElectronicValueRW@@@ATL@@UAGJKPAU_RECTL@@@Z 100022a5 f i ElectronicValueRW.obj
 0001:000012a5       ?QueryInterface@CRegObject@ATL@@UAGJABU_GUID@@PAPAX@Z 100022a5 f i ElectronicValueRW.obj
 0001:000012a5       ?SetMoniker@?$IOleObjectImpl@VCOPOSElectronicValueRW@@@ATL@@UAGJKPAUIMoniker@@@Z 100022a5 f i ElectronicValueRW.obj
 0001:000012a5       ?EnumFormatEtc@?$IDataObjectImpl@VCOPOSElectronicValueRW@@@ATL@@UAGJKPAPAUIEnumFORMATETC@@@Z 100022a5 f i ElectronicValueRW.obj
 0001:000012a5       ?GetClipboardData@?$IOleObjectImpl@VCOPOSElectronicValueRW@@@ATL@@UAGJKPAPAUIDataObject@@@Z 100022a5 f i ElectronicValueRW.obj
 0001:000012ad       ?SetData@?$IDataObjectImpl@VCOPOSElectronicValueRW@@@ATL@@UAGJPAUtagFORMATETC@@PAUtagSTGMEDIUM@@H@Z 100022ad f i ElectronicValueRW.obj
 0001:000012ad       ?InitFromData@?$IOleObjectImpl@VCOPOSElectronicValueRW@@@ATL@@UAGJPAUIDataObject@@HK@Z 100022ad f i ElectronicValueRW.obj
 0001:000012ad       ?GetMoniker@?$IOleObjectImpl@VCOPOSElectronicValueRW@@@ATL@@UAGJKKPAPAUIMoniker@@@Z 100022ad f i ElectronicValueRW.obj
 0001:000012b5       ?DoVerb@?$IOleObjectImpl@VCOPOSElectronicValueRW@@@ATL@@UAGJJPAUtagMSG@@PAUIOleClientSite@@JPAUHWND__@@PBUtagRECT@@@Z 100022b5 f i ElectronicValueRW.obj
 0001:000013a9       ?EnumVerbs@?$IOleObjectImpl@VCOPOSElectronicValueRW@@@ATL@@UAGJPAPAUIEnumOLEVERB@@@Z 100023a9 f i ElectronicValueRW.obj
 0001:000013cb       ?IsUpToDate@?$IOleObjectImpl@VCOPOSElectronicValueRW@@@ATL@@UAGJXZ 100023cb f i ElectronicValueRW.obj
 0001:000013cb       ?HandsOffStorage@?$IPersistStorageImpl@VCOPOSElectronicValueRW@@@ATL@@UAGJXZ 100023cb f i ElectronicValueRW.obj
 0001:000013cb       ?Update@?$IOleObjectImpl@VCOPOSElectronicValueRW@@@ATL@@UAGJXZ 100023cb f i ElectronicValueRW.obj
 0001:000013cb       ?Release@CRegObject@ATL@@UAGKXZ 100023cb f i ElectronicValueRW.obj
 0001:000013d0       ?GetUserType@?$IOleObjectImpl@VCOPOSElectronicValueRW@@@ATL@@UAGJKPAPA_W@Z 100023d0 f i ElectronicValueRW.obj
 0001:000013e8       ?SetExtent@?$IOleObjectImpl@VCOPOSElectronicValueRW@@@ATL@@UAGJKPAUtagSIZE@@@Z 100023e8 f i ElectronicValueRW.obj
 0001:00001408       ?GetExtent@?$IOleObjectImpl@VCOPOSElectronicValueRW@@@ATL@@UAGJKPAUtagSIZE@@@Z 10002408 f i ElectronicValueRW.obj
 0001:00001446       ?Advise@?$IOleObjectImpl@VCOPOSElectronicValueRW@@@ATL@@UAGJPAUIAdviseSink@@PAK@Z 10002446 f i ElectronicValueRW.obj
 0001:00001466       ?Unadvise@?$IOleObjectImpl@VCOPOSElectronicValueRW@@@ATL@@UAGJK@Z 10002466 f i ElectronicValueRW.obj
 0001:00001495       ?EnumAdvise@?$IOleObjectImpl@VCOPOSElectronicValueRW@@@ATL@@UAGJPAPAUIEnumSTATDATA@@@Z 10002495 f i ElectronicValueRW.obj
 0001:000014d5       ?GetMiscStatus@?$IOleObjectImpl@VCOPOSElectronicValueRW@@@ATL@@UAGJKPAK@Z 100024d5 f i ElectronicValueRW.obj
 0001:000014ed       ?GetWindow@?$IOleInPlaceActiveObjectImpl@VCOPOSElectronicValueRW@@@ATL@@UAGJPAPAUHWND__@@@Z 100024ed f i ElectronicValueRW.obj
 0001:0000153a       ?TranslateAcceleratorW@?$IOleInPlaceActiveObjectImpl@VCOPOSElectronicValueRW@@@ATL@@UAGJPAUtagMSG@@@Z 1000253a f i ElectronicValueRW.obj
 0001:000015e8       ?OnDocWindowActivate@?$IOleInPlaceActiveObjectImpl@VCOPOSElectronicValueRW@@@ATL@@UAGJH@Z 100025e8 f i ElectronicValueRW.obj
 0001:0000160a       ?ResizeBorder@?$IOleInPlaceActiveObjectImpl@VCOPOSElectronicValueRW@@@ATL@@UAGJPBUtagRECT@@PAUIOleInPlaceUIWindow@@H@Z 1000260a f i ElectronicValueRW.obj
 0001:0000160f       ?Draw@?$IViewObjectExImpl@VCOPOSElectronicValueRW@@@ATL@@UAGJKJPAXPAUtagDVTARGETDEVICE@@PAUHDC__@@2PBU_RECTL@@3P6GHK@ZK@Z 1000260f f i ElectronicValueRW.obj
 0001:00001641       ?GetColorSet@?$IViewObjectExImpl@VCOPOSElectronicValueRW@@@ATL@@UAGJKJPAXPAUtagDVTARGETDEVICE@@PAUHDC__@@PAPAUtagLOGPALETTE@@@Z 10002641 f i ElectronicValueRW.obj
 0001:00001649       ?Freeze@?$IViewObjectExImpl@VCOPOSElectronicValueRW@@@ATL@@UAGJKJPAXPAK@Z 10002649 f i ElectronicValueRW.obj
 0001:00001651       ?SetAdvise@?$IViewObjectExImpl@VCOPOSElectronicValueRW@@@ATL@@UAGJKKPAUIAdviseSink@@@Z 10002651 f i ElectronicValueRW.obj
 0001:00001670       ?GetAdvise@?$IViewObjectExImpl@VCOPOSElectronicValueRW@@@ATL@@UAGJPAK0PAPAUIAdviseSink@@@Z 10002670 f i ElectronicValueRW.obj
 0001:000016a5       ?GetExtent@?$IViewObjectExImpl@VCOPOSElectronicValueRW@@@ATL@@UAGJKJPAUtagDVTARGETDEVICE@@PAUtagSIZE@@@Z 100026a5 f i ElectronicValueRW.obj
 0001:000016d6       ?GetViewStatus@?$IViewObjectExImpl@VCOPOSElectronicValueRW@@@ATL@@UAGJPAK@Z 100026d6 f i ElectronicValueRW.obj
 0001:000016f3       ?QueryHitPoint@?$IViewObjectExImpl@VCOPOSElectronicValueRW@@@ATL@@UAGJKPBUtagRECT@@UtagPOINT@@JPAK@Z 100026f3 f i ElectronicValueRW.obj
 0001:00001734       ?QueryHitRect@?$IViewObjectExImpl@VCOPOSElectronicValueRW@@@ATL@@UAGJKPBUtagRECT@@0JPAK@Z 10002734 f i ElectronicValueRW.obj
 0001:0000178f       ?GetNaturalExtent@?$IViewObjectExImpl@VCOPOSElectronicValueRW@@@ATL@@UAGJKJPAUtagDVTARGETDEVICE@@PAUHDC__@@PAUtagExtentInfo@@PAUtagSIZE@@@Z 1000278f f i ElectronicValueRW.obj
 0001:000017da       ?GetWindow@?$IOleInPlaceObjectWindowlessImpl@VCOPOSElectronicValueRW@@@ATL@@UAGJPAPAUHWND__@@@Z 100027da f i ElectronicValueRW.obj
 0001:00001827       ?InPlaceDeactivate@?$IOleInPlaceObjectWindowlessImpl@VCOPOSElectronicValueRW@@@ATL@@UAGJXZ 10002827 f i ElectronicValueRW.obj
 0001:00001841       ?UIDeactivate@?$IOleInPlaceObjectWindowlessImpl@VCOPOSElectronicValueRW@@@ATL@@UAGJXZ 10002841 f i ElectronicValueRW.obj
 0001:0000185b       ?SetObjectRects@?$IOleInPlaceObjectWindowlessImpl@VCOPOSElectronicValueRW@@@ATL@@UAGJPBUtagRECT@@0@Z 1000285b f i ElectronicValueRW.obj
 0001:0000187b       ?ReactivateAndUndo@?$IOleInPlaceObjectWindowlessImpl@VCOPOSElectronicValueRW@@@ATL@@UAGJXZ 1000287b f i ElectronicValueRW.obj
 0001:00001883       ?OnWindowMessage@?$IOleInPlaceObjectWindowlessImpl@VCOPOSElectronicValueRW@@@ATL@@UAGJIIJPAJ@Z 10002883 f i ElectronicValueRW.obj
 0001:000018f3       ?EnumConnectionPoints@?$IConnectionPointContainerImpl@VCOPOSElectronicValueRW@@@ATL@@UAGJPAPAUIEnumConnectionPoints@@@Z 100028f3 f i ElectronicValueRW.obj
 0001:00001a7f       ?FindConnectionPoint@?$IConnectionPointContainerImpl@VCOPOSElectronicValueRW@@@ATL@@UAGJABU_GUID@@PAPAUIConnectionPoint@@@Z 10002a7f f i ElectronicValueRW.obj
 0001:00001b22       ?IsDirty@?$IPersistStorageImpl@VCOPOSElectronicValueRW@@@ATL@@UAGJXZ 10002b22 f i ElectronicValueRW.obj
 0001:00001b52       ?InitNew@?$IPersistStorageImpl@VCOPOSElectronicValueRW@@@ATL@@UAGJPAUIStorage@@@Z 10002b52 f i ElectronicValueRW.obj
 0001:00001b82       ?Load@?$IPersistStorageImpl@VCOPOSElectronicValueRW@@@ATL@@UAGJPAUIStorage@@@Z 10002b82 f i ElectronicValueRW.obj
 0001:00001bee       ?AddCommonRGSReplacements@?$CAtlModuleT@VCComModule@ATL@@@ATL@@UAEJPAUIRegistrarBase@@@Z 10002bee f i ElectronicValueRW.obj
 0001:00001c08       ?Save@?$IPersistStorageImpl@VCOPOSElectronicValueRW@@@ATL@@UAGJPAUIStorage@@H@Z 10002c08 f i ElectronicValueRW.obj
 0001:00001c7b       ?GetPages@?$ISpecifyPropertyPagesImpl@VCOPOSElectronicValueRW@@@ATL@@UAGJPAUtagCAUUID@@@Z 10002c7b f i ElectronicValueRW.obj
 0001:00001c92       ?QuickActivate@?$IQuickActivateImpl@VCOPOSElectronicValueRW@@@ATL@@UAGJPAUtagQACONTAINER@@PAUtagQACONTROL@@@Z 10002c92 f i ElectronicValueRW.obj
 0001:00001cb5       ?SetContentExtent@?$IQuickActivateImpl@VCOPOSElectronicValueRW@@@ATL@@UAGJPAUtagSIZE@@@Z 10002cb5 f i ElectronicValueRW.obj
 0001:00001ce1       ?GetContentExtent@?$IQuickActivateImpl@VCOPOSElectronicValueRW@@@ATL@@UAGJPAUtagSIZE@@@Z 10002ce1 f i ElectronicValueRW.obj
 0001:00001d1b       ?GetData@?$IDataObjectImpl@VCOPOSElectronicValueRW@@@ATL@@UAGJPAUtagFORMATETC@@PAUtagSTGMEDIUM@@@Z 10002d1b f i ElectronicValueRW.obj
 0001:00001d3e       ?DAdvise@?$IDataObjectImpl@VCOPOSElectronicValueRW@@@ATL@@UAGJPAUtagFORMATETC@@KPAUIAdviseSink@@PAK@Z 10002d3e f i ElectronicValueRW.obj
 0001:00001d7f       ?DUnadvise@?$IDataObjectImpl@VCOPOSElectronicValueRW@@@ATL@@UAGJK@Z 10002d7f f i ElectronicValueRW.obj
 0001:00001dad       ?EnumDAdvise@?$IDataObjectImpl@VCOPOSElectronicValueRW@@@ATL@@UAGJPAPAUIEnumSTATDATA@@@Z 10002dad f i ElectronicValueRW.obj
 0001:00001dec       ?UpdateRegistryFromResourceD@CComModule@ATL@@UAGJPB_WHPAU_ATL_REGMAP_ENTRY@2@@Z 10002dec f i ElectronicValueRW.obj
 0001:00001dec       ?UpdateRegistryFromResourceD@CComModule@ATL@@UAGJIHPAU_ATL_REGMAP_ENTRY@2@@Z 10002dec f i ElectronicValueRW.obj
 0001:00001df4       ?UpdateRegistryFromResource@CComModule@ATL@@UAGJPB_WHPAU_ATL_REGMAP_ENTRY@2@@Z 10002df4 f i ElectronicValueRW.obj
 0001:00001dfd       ?UpdateRegistryFromResource@CComModule@ATL@@UAGJIHPAU_ATL_REGMAP_ENTRY@2@@Z 10002dfd f i ElectronicValueRW.obj
 0001:00001e06       ?GetClassInfoW@?$IProvideClassInfo2Impl@$1?CLSID_OPOSElectronicValueRW@@3U_GUID@@B$1?DIID__IOPOSElectronicValueRWEvents@@3U2@B$1?LIBID_OposElectronicValueRW_CCO@@3U2@B$00$0A@VCComTypeInfoHolder@ATL@@@ATL@@UAGJPAPAUITypeInfo@@@Z 10002e06 f i ElectronicValueRW.obj
 0001:00001e1c       ?GetGUID@?$IProvideClassInfo2Impl@$1?CLSID_OPOSElectronicValueRW@@3U_GUID@@B$1?DIID__IOPOSElectronicValueRWEvents@@3U2@B$1?LIBID_OposElectronicValueRW_CCO@@3U2@B$00$0A@VCComTypeInfoHolder@ATL@@@ATL@@UAGJKPAU_GUID@@@Z 10002e1c f i ElectronicValueRW.obj
 0001:00001e5a       __get_startup_argv_mode    10002e5a f i LIBCMT:argv_mode.obj
 0001:00001e5a       ?FAccessAllowed@?$IObjectSafetyImpl@VCOPOSElectronicValueRW@@$02@ATL@@MAEHXZ 10002e5a f i ElectronicValueRW.obj
 0001:00001e5e       ?GetInterfaceSafetyOptions@?$IObjectSafetyImpl@VCOPOSElectronicValueRW@@$02@ATL@@UAGJABU_GUID@@PAK1@Z 10002e5e f i ElectronicValueRW.obj
 0001:00001ed2       ?SetInterfaceSafetyOptions@?$IObjectSafetyImpl@VCOPOSElectronicValueRW@@$02@ATL@@UAGJABU_GUID@@KK@Z 10002ed2 f i ElectronicValueRW.obj
 0001:00001f4c       ??_GCComModule@ATL@@UAEPAXI@Z 10002f4c f i ElectronicValueRW.obj
 0001:00001f4c       ??_ECComModule@ATL@@UAEPAXI@Z 10002f4c f i ElectronicValueRW.obj
 0001:00001f74       ?_LocCPQueryInterface@?$IConnectionPointImpl@VCOPOSElectronicValueRW@@$1?DIID__IOPOSElectronicValueRWEvents@@3U_GUID@@BVCComDynamicUnkArray@ATL@@@ATL@@UAGJABU_GUID@@PAPAX@Z 10002f74 f i ElectronicValueRW.obj
 0001:00001f74       ?_LocCPQueryInterface@?$IConnectionPointImpl@VCOPOSElectronicValueRW@@$1?IID_IPropertyNotifySink@@3U_GUID@@BVCComDynamicUnkArray@ATL@@@ATL@@UAGJABU_GUID@@PAPAX@Z 10002f74 f i ElectronicValueRW.obj
 0001:00001fc1       ?GetConnectionInterface@?$IConnectionPointImpl@VCOPOSElectronicValueRW@@$1?IID_IPropertyNotifySink@@3U_GUID@@BVCComDynamicUnkArray@ATL@@@ATL@@UAGJPAU_GUID@@@Z 10002fc1 f i ElectronicValueRW.obj
 0001:00001fe5       ?GetConnectionPointContainer@?$IConnectionPointImpl@VCOPOSElectronicValueRW@@$1?IID_IPropertyNotifySink@@3U_GUID@@BVCComDynamicUnkArray@ATL@@@ATL@@UAGJPAPAUIConnectionPointContainer@@@Z 10002fe5 f i ElectronicValueRW.obj
 0001:00002008       ?Advise@?$IConnectionPointImpl@VCOPOSElectronicValueRW@@$1?DIID__IOPOSElectronicValueRWEvents@@3U_GUID@@BVCComDynamicUnkArray@ATL@@@ATL@@UAGJPAUIUnknown@@PAK@Z 10003008 f i ElectronicValueRW.obj
 0001:00002008       ?Advise@?$IConnectionPointImpl@VCOPOSElectronicValueRW@@$1?IID_IPropertyNotifySink@@3U_GUID@@BVCComDynamicUnkArray@ATL@@@ATL@@UAGJPAUIUnknown@@PAK@Z 10003008 f i ElectronicValueRW.obj
 0001:000020a8       ?Unadvise@?$IConnectionPointImpl@VCOPOSElectronicValueRW@@$1?IID_IPropertyNotifySink@@3U_GUID@@BVCComDynamicUnkArray@ATL@@@ATL@@UAGJK@Z 100030a8 f i ElectronicValueRW.obj
 0001:000020a8       ?Unadvise@?$IConnectionPointImpl@VCOPOSElectronicValueRW@@$1?DIID__IOPOSElectronicValueRWEvents@@3U_GUID@@BVCComDynamicUnkArray@ATL@@@ATL@@UAGJK@Z 100030a8 f i ElectronicValueRW.obj
 0001:000020e8       ?EnumConnections@?$IConnectionPointImpl@VCOPOSElectronicValueRW@@$1?DIID__IOPOSElectronicValueRWEvents@@3U_GUID@@BVCComDynamicUnkArray@ATL@@@ATL@@UAGJPAPAUIEnumConnections@@@Z 100030e8 f i ElectronicValueRW.obj
 0001:000020e8       ?EnumConnections@?$IConnectionPointImpl@VCOPOSElectronicValueRW@@$1?IID_IPropertyNotifySink@@3U_GUID@@BVCComDynamicUnkArray@ATL@@@ATL@@UAGJPAPAUIEnumConnections@@@Z 100030e8 f i ElectronicValueRW.obj
 0001:000021e3       ?GetCategoryMap@CComObjectRootBase@ATL@@SAPBU_ATL_CATMAP_ENTRY@2@XZ 100031e3 f i ElectronicValueRW.obj
 0001:000021e3       ?GetObjectDescription@?$CComCoClass@VCOPOSElectronicValueRW@@$1?CLSID_OPOSElectronicValueRW@@3U_GUID@@B@ATL@@SGPB_WXZ 100031e3 f i ElectronicValueRW.obj
 0001:000021e6       ?GetConnectionInterface@?$IConnectionPointImpl@VCOPOSElectronicValueRW@@$1?DIID__IOPOSElectronicValueRWEvents@@3U_GUID@@BVCComDynamicUnkArray@ATL@@@ATL@@UAGJPAU_GUID@@@Z 100031e6 f i ElectronicValueRW.obj
 0001:0000220a       ?GetConnectionPointContainer@?$IConnectionPointImpl@VCOPOSElectronicValueRW@@$1?DIID__IOPOSElectronicValueRWEvents@@3U_GUID@@BVCComDynamicUnkArray@ATL@@@ATL@@UAGJPAPAUIConnectionPointContainer@@@Z 1000320a f i ElectronicValueRW.obj
 0001:0000222d       ?UpdateRegistry@COPOSElectronicValueRW@@SGJH@Z 1000322d f i ElectronicValueRW.obj
 0001:00002245       ?ProcessWindowMessage@COPOSElectronicValueRW@@UAEHPAUHWND__@@IIJAAJK@Z 10003245 f i ElectronicValueRW.obj
 0001:0000228e       ?SOData@COPOSElectronicValueRW@@MAGJJ@Z 1000328e f i ElectronicValueRW.obj
 0001:000022c7       ?SODirectIO@COPOSElectronicValueRW@@MAGJJPAJPAPA_W@Z 100032c7 f i ElectronicValueRW.obj
 0001:00002310       ?SOError@COPOSElectronicValueRW@@MAGJJJJPAJ@Z 10003310 f i ElectronicValueRW.obj
 0001:00002365       ?SOOutputComplete@COPOSElectronicValueRW@@MAGJJ@Z 10003365 f i ElectronicValueRW.obj
 0001:0000239e       ?SOStatusUpdate@COPOSElectronicValueRW@@MAGJJ@Z 1000339e f i ElectronicValueRW.obj
 0001:000023d7       ?SOTransition@COPOSElectronicValueRW@@MAGJJPAJPAPA_W@Z 100033d7 f i ElectronicValueRW.obj
 0001:00002420       ?CreateInstance@?$CComCreator@V?$CComObjectCached@VCComClassFactory@ATL@@@ATL@@@ATL@@SGJPAXABU_GUID@@PAPAX@Z 10003420 f i ElectronicValueRW.obj
 0001:000024c0       ?CreateInstance@?$CComCreator2@V?$CComCreator@V?$CComObject@VCOPOSElectronicValueRW@@@ATL@@@ATL@@V?$CComCreator@V?$CComAggObject@VCOPOSElectronicValueRW@@@ATL@@@2@@ATL@@SGJPAXABU_GUID@@PAPAX@Z 100034c0 f i ElectronicValueRW.obj
 0001:000024e0       ?AddRef@?$CComObjectCached@VCComClassFactory@ATL@@@ATL@@UAGKXZ 100034e0 f i ElectronicValueRW.obj
 0001:00002507       ?Release@?$CComObjectCached@VCComClassFactory@ATL@@@ATL@@UAGKXZ 10003507 f i ElectronicValueRW.obj
 0001:0000253d       ?QueryInterface@?$CComObjectCached@VCComClassFactory@ATL@@@ATL@@UAGJABU_GUID@@PAPAX@Z 1000353d f i ElectronicValueRW.obj
 0001:00002557       ??_G?$CComObjectCached@VCComClassFactory@ATL@@@ATL@@UAEPAXI@Z 10003557 f i ElectronicValueRW.obj
 0001:00002557       ??_E?$CComObjectCached@VCComClassFactory@ATL@@@ATL@@UAEPAXI@Z 10003557 f i ElectronicValueRW.obj
 0001:00002579       ?AddRef@CRegObject@ATL@@UAGKXZ 10003579 f i ElectronicValueRW.obj
 0001:0000257f       ?AddReplacement@CRegObject@ATL@@UAGJPB_W0@Z 1000357f f i ElectronicValueRW.obj
 0001:000025b8       ?ClearReplacements@CRegObject@ATL@@UAGJXZ 100035b8 f i ElectronicValueRW.obj
 0001:000025ca       ??_GCRegObject@ATL@@UAEPAXI@Z 100035ca f i ElectronicValueRW.obj
 0001:000025ca       ??_ECRegObject@ATL@@UAEPAXI@Z 100035ca f i ElectronicValueRW.obj
 0001:000025ec       ?Next@?$CComEnumImpl@UIEnumConnectionPoints@@$1?_GUID_b196b285_bab4_101a_b69c_00aa00341d07@@3U__s_GUID@@BPAUIConnectionPoint@@V?$_CopyInterface@UIConnectionPoint@@@ATL@@@ATL@@UAGJKPAPAUIConnectionPoint@@PAK@Z 100035ec f i ElectronicValueRW.obj
 0001:000026c3       ?Skip@?$CComEnumImpl@UIEnumConnectionPoints@@$1?_GUID_b196b285_bab4_101a_b69c_00aa00341d07@@3U__s_GUID@@BPAUIConnectionPoint@@V?$_CopyInterface@UIConnectionPoint@@@ATL@@@ATL@@UAGJK@Z 100036c3 f i ElectronicValueRW.obj
 0001:000026f0       ?Clone@?$CComEnumImpl@UIEnumConnectionPoints@@$1?_GUID_b196b285_bab4_101a_b69c_00aa00341d07@@3U__s_GUID@@BPAUIConnectionPoint@@V?$_CopyInterface@UIConnectionPoint@@@ATL@@@ATL@@UAGJPAPAUIEnumConnectionPoints@@@Z 100036f0 f i ElectronicValueRW.obj
 0001:000027d1       ?QueryInterface@?$CComObject@V?$CComEnum@UIEnumConnectionPoints@@$1?_GUID_b196b285_bab4_101a_b69c_00aa00341d07@@3U__s_GUID@@BPAUIConnectionPoint@@V?$_CopyInterface@UIConnectionPoint@@@ATL@@VCComSingleThreadModel@6@@ATL@@@ATL@@UAGJABU_GUID@@PAPAX@Z 100037d1 f i ElectronicValueRW.obj
 0001:000027eb       ??_G?$CComObject@V?$CComEnum@UIEnumConnectionPoints@@$1?_GUID_b196b285_bab4_101a_b69c_00aa00341d07@@3U__s_GUID@@BPAUIConnectionPoint@@V?$_CopyInterface@UIConnectionPoint@@@ATL@@VCComSingleThreadModel@6@@ATL@@@ATL@@UAEPAXI@Z 100037eb f i ElectronicValueRW.obj
 0001:000027eb       ??_E?$CComObject@V?$CComEnum@UIEnumConnectionPoints@@$1?_GUID_b196b285_bab4_101a_b69c_00aa00341d07@@3U__s_GUID@@BPAUIConnectionPoint@@V?$_CopyInterface@UIConnectionPoint@@@ATL@@VCComSingleThreadModel@6@@ATL@@@ATL@@UAEPAXI@Z 100037eb f i ElectronicValueRW.obj
 0001:0000280d       ?OnDrawAdvanced@CComControlBase@ATL@@UAEJAAUATL_DRAWINFO@@@Z 1000380d f i ElectronicValueRW.obj
 0001:00002900       ?AddRef@?$CComAggObject@VCOPOSElectronicValueRW@@@ATL@@UAGKXZ 10003900 f i ElectronicValueRW.obj
 0001:00002911       ?Release@?$CComAggObject@VCOPOSElectronicValueRW@@@ATL@@UAGKXZ 10003911 f i ElectronicValueRW.obj
 0001:0000294d       ?QueryInterface@?$CComAggObject@VCOPOSElectronicValueRW@@@ATL@@UAGJABU_GUID@@PAPAX@Z 1000394d f i ElectronicValueRW.obj
 0001:0000299c       ?AddRef@?$CComContainedObject@VCOPOSElectronicValueRW@@@ATL@@UAGKXZ 1000399c f i ElectronicValueRW.obj
 0001:000029b2       ?Release@?$CComContainedObject@VCOPOSElectronicValueRW@@@ATL@@UAGKXZ 100039b2 f i ElectronicValueRW.obj
 0001:000029c8       ?QueryInterface@?$CComContainedObject@VCOPOSElectronicValueRW@@@ATL@@UAGJABU_GUID@@PAPAX@Z 100039c8 f i ElectronicValueRW.obj
 0001:000029e3       ??_E?$CComAggObject@VCOPOSElectronicValueRW@@@ATL@@UAEPAXI@Z 100039e3 f i ElectronicValueRW.obj
 0001:000029e3       ??_G?$CComAggObject@VCOPOSElectronicValueRW@@@ATL@@UAEPAXI@Z 100039e3 f i ElectronicValueRW.obj
 0001:00002a08       ?AddRef@?$CComObject@VCOPOSElectronicValueRW@@@ATL@@UAGKXZ 10003a08 f i ElectronicValueRW.obj
 0001:00002a1f       ?Release@?$CComObject@VCOPOSElectronicValueRW@@@ATL@@UAGKXZ 10003a1f f i ElectronicValueRW.obj
 0001:00002a61       ?QueryInterface@?$CComObject@VCOPOSElectronicValueRW@@@ATL@@UAGJABU_GUID@@PAPAX@Z 10003a61 f i ElectronicValueRW.obj
 0001:00002a7b       ??$?4UITypeInfo2@@@?$CComPtr@UITypeInfo@@@ATL@@QAEPAUITypeInfo@@ABV?$CComPtr@UITypeInfo2@@@1@@Z 10003a7b f i ElectronicValueRW.obj
 0001:00002aa8       ??$AtlAdd@K@ATL@@YAJPAKKK@Z 10003aa8 f i ElectronicValueRW.obj
 0001:00002acb       ??$AtlAdd@_K@ATL@@YAJPA_K_K1@Z 10003acb f i ElectronicValueRW.obj
 0001:00002b03       ??$AtlAddThrow@K@ATL@@YAKKK@Z 10003b03 f i ElectronicValueRW.obj
 0001:00002b29       ??$AtlModuleRegisterWndClassInfoT@VAtlModuleRegisterWndClassInfoParamW@ATL@@@ATL@@YAGPAU_ATL_BASE_MODULE70@0@PAU_ATL_WIN_MODULE70@0@PAU_ATL_WNDCLASSINFOW@0@PAP6GJPAUHWND__@@IIJ@ZVAtlModuleRegisterWndClassInfoParamW@0@@Z 10003b29 f i ElectronicValueRW.obj
 0001:00002c77       ??$AtlMultiply@H@ATL@@YAJPAHHH@Z 10003c77 f i ElectronicValueRW.obj
 0001:00002caf       ??$AtlMultiply@I@ATL@@YAJPAIII@Z 10003caf f i ElectronicValueRW.obj
 0001:00002caf       ??$AtlMultiply@K@ATL@@YAJPAKKK@Z 10003caf f i ElectronicValueRW.obj
 0001:00002cd1       ??$AtlMultiplyThrow@I@ATL@@YAIII@Z 10003cd1 f i ElectronicValueRW.obj
 0001:00002cf7       ??0?$CComAggObject@VCOPOSElectronicValueRW@@@ATL@@QAE@PAX@Z 10003cf7 f i ElectronicValueRW.obj
 0001:00002d24       ??0?$CComContainedObject@VCOPOSElectronicValueRW@@@ATL@@QAE@PAX@Z 10003d24 f i ElectronicValueRW.obj
 0001:00002ddd       ??0?$CComObject@V?$CComEnum@UIEnumConnectionPoints@@$1?_GUID_b196b285_bab4_101a_b69c_00aa00341d07@@3U__s_GUID@@BPAUIConnectionPoint@@V?$_CopyInterface@UIConnectionPoint@@@ATL@@VCComSingleThreadModel@6@@ATL@@@ATL@@QAE@PAX@Z 10003ddd f i ElectronicValueRW.obj
 0001:00002e0b       ??0?$CComObject@V?$CComEnum@UIEnumConnections@@$1?_GUID_b196b287_bab4_101a_b69c_00aa00341d07@@3U__s_GUID@@BUtagCONNECTDATA@@V?$_Copy@UtagCONNECTDATA@@@ATL@@VCComSingleThreadModel@6@@ATL@@@ATL@@QAE@PAX@Z 10003e0b f i ElectronicValueRW.obj
 0001:00002e39       ??0?$CComObject@VCOPOSElectronicValueRW@@@ATL@@QAE@PAX@Z 10003e39 f i ElectronicValueRW.obj
 0001:00002ef0       ??0?$CComQIPtr@UIOleControlSite@@$1?_GUID_b196b289_bab4_101a_b69c_00aa00341d07@@3U__s_GUID@@B@ATL@@QAE@PAUIUnknown@@@Z 10003ef0 f i ElectronicValueRW.obj
 0001:00002f19       ??0CAtlModule@ATL@@QAE@XZ  10003f19 f i ElectronicValueRW.obj
 0001:00002f5a       ??0CParseBuffer@CRegParser@ATL@@QAE@H@Z 10003f5a f i ElectronicValueRW.obj
 0001:00002f90       ??0_ATL_MSG@ATL@@QAE@PAUHWND__@@IIJH@Z 10003f90 f i ElectronicValueRW.obj
 0001:00002fc8       ??1?$CComAggObject@VCOPOSElectronicValueRW@@@ATL@@UAE@XZ 10003fc8 f i ElectronicValueRW.obj
 0001:00002fec       ??1?$CComEnumImpl@UIEnumConnectionPoints@@$1?_GUID_b196b285_bab4_101a_b69c_00aa00341d07@@3U__s_GUID@@BPAUIConnectionPoint@@V?$_CopyInterface@UIConnectionPoint@@@ATL@@@ATL@@UAE@XZ 10003fec f i ElectronicValueRW.obj
 0001:0000302c       ??1?$CComEnumImpl@UIEnumConnections@@$1?_GUID_b196b287_bab4_101a_b69c_00aa00341d07@@3U__s_GUID@@BUtagCONNECTDATA@@V?$_Copy@UtagCONNECTDATA@@@ATL@@@ATL@@UAE@XZ 1000402c f i ElectronicValueRW.obj
 0001:0000306c       ??1?$CComObject@V?$CComEnum@UIEnumConnectionPoints@@$1?_GUID_b196b285_bab4_101a_b69c_00aa00341d07@@3U__s_GUID@@BPAUIConnectionPoint@@V?$_CopyInterface@UIConnectionPoint@@@ATL@@VCComSingleThreadModel@6@@ATL@@@ATL@@UAE@XZ 1000406c f i ElectronicValueRW.obj
 0001:0000308f       ??1?$CComObject@V?$CComEnum@UIEnumConnections@@$1?_GUID_b196b287_bab4_101a_b69c_00aa00341d07@@3U__s_GUID@@BUtagCONNECTDATA@@V?$_Copy@UtagCONNECTDATA@@@ATL@@VCComSingleThreadModel@6@@ATL@@@ATL@@UAE@XZ 1000408f f i ElectronicValueRW.obj
 0001:000030b2       ??1?$CComObject@VCOPOSElectronicValueRW@@@ATL@@UAE@XZ 100040b2 f i ElectronicValueRW.obj
 0001:00003170       ??1?$CComObjectCached@VCComClassFactory@ATL@@@ATL@@UAE@XZ 10004170 f i ElectronicValueRW.obj
 0001:00003186       ??1?$CComObjectRootEx@VCComMultiThreadModel@ATL@@@ATL@@QAE@XZ 10004186 f i ElectronicValueRW.obj
 0001:0000319b       ??1CRegObject@ATL@@UAE@XZ  1000419b f i ElectronicValueRW.obj
 0001:000031bb       ??4?$CComPtr@UIOleClientSite@@@ATL@@QAEPAUIOleClientSite@@PAU2@@Z 100041bb f i ElectronicValueRW.obj
 0001:000031bb       ??4?$CComPtr@UIUnknown@@@ATL@@QAEPAUIUnknown@@PAU2@@Z 100041bb f i ElectronicValueRW.obj
 0001:000031bb       ??4?$CComPtr@UIAdviseSink@@@ATL@@QAEPAUIAdviseSink@@PAU2@@Z 100041bb f i ElectronicValueRW.obj
 0001:000031ef       ??_G?$CComContainedObject@VCOPOSElectronicValueRW@@@ATL@@UAEPAXI@Z 100041ef f i ElectronicValueRW.obj
 0001:000031ef       ??_E?$CComContainedObject@VCOPOSElectronicValueRW@@@ATL@@UAEPAXI@Z 100041ef f i ElectronicValueRW.obj
 0001:00003214       ??_G?$CComObject@VCOPOSElectronicValueRW@@@ATL@@UAEPAXI@Z 10004214 f i ElectronicValueRW.obj
 0001:00003214       ??_E?$CComObject@VCOPOSElectronicValueRW@@@ATL@@UAEPAXI@Z 10004214 f i ElectronicValueRW.obj
 0001:00003239       ?Add@?$CSimpleArray@GV?$CSimpleArrayEqualHelper@G@ATL@@@ATL@@QAEHABG@Z 10004239 f i ElectronicValueRW.obj
 0001:000032bd       ?Add@?$CSimpleMap@PA_WPA_WVCExpansionVectorEqualHelper@ATL@@@ATL@@QAEHABQA_W0@Z 100042bd f i ElectronicValueRW.obj
 0001:00003312       ?Add@CComDynamicUnkArray@ATL@@QAEKPAUIUnknown@@@Z 10004312 f i ElectronicValueRW.obj
 0001:000033c8       ?Add@CExpansionVector@ATL@@QAEHPB_W0@Z 100043c8 f i ElectronicValueRW.obj
 0001:000034d1       ?AddString@CParseBuffer@CRegParser@ATL@@QAEHPB_W@Z 100044d1 f i ElectronicValueRW.obj
 0001:00003506       ?AddTermFunc@CAtlModule@ATL@@QAEJP6GXK@ZK@Z 10004506 f i ElectronicValueRW.obj
 0001:00003569       ?AddValue@CRegParser@ATL@@IAEJAAVCRegKey@2@PB_WPA_W@Z 10004569 f i ElectronicValueRW.obj
 0001:00003883       ?Allocate@?$CAtlSafeAllocBufferManager@VCCRTAllocator@ATL@@@_ATL_SAFE_ALLOCA_IMPL@ATL@@QAEPAXK@Z 10004883 f i ElectronicValueRW.obj
 0001:000038b0       ?Allocate@?$CTempBuffer@E$0BAA@VCCRTAllocator@ATL@@@ATL@@QAEPAEI@Z 100048b0 f i ElectronicValueRW.obj
 0001:000038df       ?Allocate@?$CTempBuffer@_W$0BAA@VCCRTAllocator@ATL@@@ATL@@QAEPA_WI@Z 100048df f i ElectronicValueRW.obj
 0001:0000390e       ?Allocate@?$CTempBuffer@_W$0EAA@VCCRTAllocator@ATL@@@ATL@@QAEPA_WI@Z 1000490e f i ElectronicValueRW.obj
 0001:0000393d       ?AllocateHeap@?$CTempBuffer@_W$0BAA@VCCRTAllocator@ATL@@@ATL@@AAEXI@Z 1000493d f i ElectronicValueRW.obj
 0001:0000393d       ?AllocateHeap@?$CTempBuffer@E$0BAA@VCCRTAllocator@ATL@@@ATL@@AAEXI@Z 1000493d f i ElectronicValueRW.obj
 0001:0000393d       ?AllocateHeap@?$CTempBuffer@_W$0EAA@VCCRTAllocator@ATL@@@ATL@@AAEXI@Z 1000493d f i ElectronicValueRW.obj
 0001:00003962       ?Append@CParseBuffer@CRegParser@ATL@@QAEHPB_WH@Z 10004962 f i ElectronicValueRW.obj
 0001:000039f0       ?AtlCoTaskMemCAlloc@ATL@@YAPAXKK@Z 100049f0 f i ElectronicValueRW.obj
 0001:00003a1d       ?AtlCoTaskMemRecalloc@ATL@@YAPAXPAXKK@Z 10004a1d f i ElectronicValueRW.obj
 0001:00003a4d       ?AtlComModuleGetClassObject@ATL@@YGJPAU_ATL_COM_MODULE70@1@ABU_GUID@@1PAPAX@Z 10004a4d f i ElectronicValueRW.obj
 0001:00003b40       ?AtlComModuleRegisterServer@ATL@@YGJPAU_ATL_COM_MODULE70@1@HPBU_GUID@@@Z 10004b40 f i ElectronicValueRW.obj
 0001:00003bc8       ?AtlComModuleUnregisterServer@ATL@@YGJPAU_ATL_COM_MODULE70@1@HPBU_GUID@@@Z 10004bc8 f i ElectronicValueRW.obj
 0001:00003c50       ?AtlComQIPtrAssign2@ATL@@YAXPAPAUIUnknown@@PAU2@ABU_GUID@@@Z 10004c50 f i ElectronicValueRW.obj
 0001:00003c7f       ?AtlCreateTargetDC@ATL@@YGPAUHDC__@@PAU2@PAUtagDVTARGETDEVICE@@@Z 10004c7f f i ElectronicValueRW.obj
 0001:00003ce8       ?AtlCrtErrorCheck@ATL@@YAHH@Z 10004ce8 f i ElectronicValueRW.obj
 0001:00003d23       ?AtlHiMetricToPixel@ATL@@YGXPBUtagSIZE@@PAU2@@Z 10004d23 f i ElectronicValueRW.obj
 0001:00003d98       ?AtlHresultFromLastError@ATL@@YAJXZ 10004d98 f i ElectronicValueRW.obj
 0001:00003daf       ?AtlHresultFromWin32@ATL@@YAJK@Z 10004daf f i ElectronicValueRW.obj
 0001:00003dc4       ?AtlInternalOleLoadFromStream@ATL@@YAJPAUIStream@@ABU_GUID@@PAPAXTClassesAllowedInStream@1@K@Z 10004dc4 f i ElectronicValueRW.obj
 0001:00003ee2       ?AtlInternalQueryInterface@ATL@@YGJPAXPBU_ATL_INTMAP_ENTRY@1@ABU_GUID@@PAPAX@Z 10004ee2 f i ElectronicValueRW.obj
 0001:00003f85       ?AtlLoadTypeLib@ATL@@YGJPAUHINSTANCE__@@PB_WPAPA_WPAPAUITypeLib@@@Z 10004f85 f i ElectronicValueRW.obj
 0001:00004163       ?AtlRegisterClassCategoriesHelper@ATL@@YGJABU_GUID@@PBU_ATL_CATMAP_ENTRY@1@H@Z 10005163 f i ElectronicValueRW.obj
 0001:0000445f       ?AtlRegisterTypeLib@ATL@@YGJPAUHINSTANCE__@@PB_W@Z 1000545f f i ElectronicValueRW.obj
 0001:000045e7       ?AtlThrowImpl@ATL@@YGXJ@Z  100055e7 f i ElectronicValueRW.obj
 0001:00004605       ?AtlUnRegisterTypeLib@ATL@@YGJPAUHINSTANCE__@@PB_W@Z 10005605 f i ElectronicValueRW.obj
 0001:000046b0       ?AtlWinModuleAddCreateWndData@ATL@@YGXPAU_ATL_WIN_MODULE70@1@PAU_AtlCreateWndData@1@PAX@Z 100056b0 f i ElectronicValueRW.obj
 0001:00004704       ?AtlWinModuleExtractCreateWndData@ATL@@YGPAXPAU_ATL_WIN_MODULE70@1@@Z 10005704 f i ElectronicValueRW.obj
 0001:00004767       ?AtlWinModuleRegisterClassExW@ATL@@YGGPAU_ATL_WIN_MODULE70@1@PBUtagWNDCLASSEXW@@@Z 10005767 f i ElectronicValueRW.obj
 0001:000047a6       ?CanForceRemoveKey@CRegParser@ATL@@IAEHPB_W@Z 100057a6 f i ElectronicValueRW.obj
 0001:000047d5       ?ChToByte@CRegParser@ATL@@KAE_W@Z 100057d5 f i ElectronicValueRW.obj
 0001:00004808       ?Cleanup@CComTypeInfoHolder@ATL@@SGXK@Z 10005808 f i ElectronicValueRW.obj
 0001:0000483b       ?ClearReplacements@CExpansionVector@ATL@@QAEJXZ 1000583b f i ElectronicValueRW.obj
 0001:00004878       ?Close@CRegKey@ATL@@QAEJXZ 10005878 f i ElectronicValueRW.obj
 0001:00004892       ?CreateInstance@?$CComCreator@V?$CComAggObject@VCOPOSElectronicValueRW@@@ATL@@@ATL@@SGJPAXABU_GUID@@PAPAX@Z 10005892 f i ElectronicValueRW.obj
 0001:00004907       ?CreateInstance@?$CComCreator@V?$CComObject@VCOPOSElectronicValueRW@@@ATL@@@ATL@@SGJPAXABU_GUID@@PAPAX@Z 10005907 f i ElectronicValueRW.obj
 0001:00004987       ?CreateInstance@?$CComObject@V?$CComEnum@UIEnumConnectionPoints@@$1?_GUID_b196b285_bab4_101a_b69c_00aa00341d07@@3U__s_GUID@@BPAUIConnectionPoint@@V?$_CopyInterface@UIConnectionPoint@@@ATL@@VCComSingleThreadModel@6@@ATL@@@ATL@@SGJPAPAV12@@Z 10005987 f i ElectronicValueRW.obj
 0001:000049d1       ?CreateInstance@?$CComObject@V?$CComEnum@UIEnumConnections@@$1?_GUID_b196b287_bab4_101a_b69c_00aa00341d07@@3U__s_GUID@@BUtagCONNECTDATA@@V?$_Copy@UtagCONNECTDATA@@@ATL@@VCComSingleThreadModel@6@@ATL@@@ATL@@SGJPAPAV12@@Z 100059d1 f i ElectronicValueRW.obj
 0001:00004a1b       ?DefaultReflectionHandler@?$CWindowImplRoot@VCWindow@ATL@@@ATL@@SAHPAUHWND__@@IIJAAJ@Z 10005a1b f i ElectronicValueRW.obj
 0001:00004a8e       ?DeleteSubKey@CRegKey@ATL@@QAEJPB_W@Z 10005a8e f i ElectronicValueRW.obj
 0001:00004b07       ?DoEvent@COPOSElectronicValueRW@@IAEXIIJ@Z 10005b07 f i ElectronicValueRW.obj
 0001:00004b87       ?DoVerbHide@?$IOleObjectImpl@VCOPOSElectronicValueRW@@@ATL@@QAEJPBUtagRECT@@PAUHWND__@@@Z 10005b87 f i ElectronicValueRW.obj
 0001:00004bbd       ?DoVerbInPlaceActivate@?$IOleObjectImpl@VCOPOSElectronicValueRW@@@ATL@@QAEJPBUtagRECT@@PAUHWND__@@@Z 10005bbd f i ElectronicValueRW.obj
 0001:00004bf0       ?DoVerbPrimary@?$IOleObjectImpl@VCOPOSElectronicValueRW@@@ATL@@QAEJPBUtagRECT@@PAUHWND__@@@Z 10005bf0 f i ElectronicValueRW.obj
 0001:00004c7c       ?DoVerbProperties@CComControlBase@ATL@@QAEJPBUtagRECT@@PAUHWND__@@@Z 10005c7c f i ElectronicValueRW.obj
 0001:00004dfb       ?DoVerbUIActivate@?$IOleObjectImpl@VCOPOSElectronicValueRW@@@ATL@@QAEJPBUtagRECT@@PAUHWND__@@@Z 10005dfb f i ElectronicValueRW.obj
 0001:00004e38       ?DoesVerbActivate@CComControlBase@ATL@@QAEHJ@Z 10005e38 f i ElectronicValueRW.obj
 0001:00004e59       ?DoesVerbUIActivate@CComControlBase@ATL@@QAEHJ@Z 10005e59 f i ElectronicValueRW.obj
 0001:00004e8e       ?EndOfVar@CRegParser@ATL@@IAEHXZ 10005e8e f i ElectronicValueRW.obj
 0001:00004eae       ?EscapeSingleQuote@CAtlModule@ATL@@SAXPA_WIPB_W@Z 10005eae f i ElectronicValueRW.obj
 0001:00004efd       ?FindKey@?$CSimpleMap@PA_WPA_WVCExpansionVectorEqualHelper@ATL@@@ATL@@QBEHABQA_W@Z 10005efd f i ElectronicValueRW.obj
 0001:00004f34       ?FireTheEvent@?$CProxy_IOPOSEvents@VCOPOSElectronicValueRW@@@@IAEXPAVOposVariant@@IAAJPB_WJ@Z 10005f34 f i ElectronicValueRW.obj
 0001:00004fc6       ?FireViewChange@CComControlBase@ATL@@QAEJXZ 10005fc6 f i ElectronicValueRW.obj
 0001:0000500f       ?Fire_DataEvent@?$CProxy_IOPOSEvents@VCOPOSElectronicValueRW@@@@QAEXJ@Z 1000600f f i ElectronicValueRW.obj
 0001:000050a5       ?Fire_DirectIOEvent@?$CProxy_IOPOSEvents@VCOPOSElectronicValueRW@@@@QAEXJPAJPAPA_W@Z 100060a5 f i ElectronicValueRW.obj
 0001:00005191       ?Fire_ErrorEvent@?$CProxy_IOPOSEvents@VCOPOSElectronicValueRW@@@@QAEXJJJPAJ@Z 10006191 f i ElectronicValueRW.obj
 0001:00005282       ?Fire_OutputCompleteEvent@?$CProxy_IOPOSEvents@VCOPOSElectronicValueRW@@@@QAEXJ@Z 10006282 f i ElectronicValueRW.obj
 0001:00005318       ?Fire_StatusUpdateEvent@?$CProxy_IOPOSEvents@VCOPOSElectronicValueRW@@@@QAEXJ@Z 10006318 f i ElectronicValueRW.obj
 0001:000053ae       ?Fire_TransitionEvent@?$CProxy_IOPOSEvents@VCOPOSElectronicValueRW@@@@QAEXJPAJPAPA_W@Z 100063ae f i ElectronicValueRW.obj
 0001:0000549a       ?FreeHeap@?$CTempBuffer@E$0BAA@VCCRTAllocator@ATL@@@ATL@@AAEXXZ 1000649a f i ElectronicValueRW.obj
 0001:0000549a       ?FreeHeap@?$CTempBuffer@_W$0EAA@VCCRTAllocator@ATL@@@ATL@@AAEXXZ 1000649a f i ElectronicValueRW.obj
 0001:0000549a       ?FreeHeap@?$CTempBuffer@_W$0BAA@VCCRTAllocator@ATL@@@ATL@@AAEXXZ 1000649a f i ElectronicValueRW.obj
 0001:000054a3       ?GetAmbientLocaleID@CComControlBase@ATL@@QAEJAAK@Z 100064a3 f i ElectronicValueRW.obj
 0001:000054ff       ?GetAmbientUserMode@CComControlBase@ATL@@QAEJAAH@Z 100064ff f i ElectronicValueRW.obj
 0001:0000556f       ?GetAt@CComDynamicUnkArray@ATL@@QAEPAUIUnknown@@H@Z 1000656f f i ElectronicValueRW.obj
 0001:0000558b       ?GetClassObject@CComModule@ATL@@QAEJABU_GUID@@0PAPAX@Z 1000658b f i ElectronicValueRW.obj
 0001:0000562d       ?GetConnMap@COPOSElectronicValueRW@@SAPBU_ATL_CONNMAP_ENTRY@ATL@@PAH@Z 1000662d f i ElectronicValueRW.obj
 0001:0000569d       ?GetCookie@CComDynamicUnkArray@ATL@@QAGKPAPAUIUnknown@@@Z 1000669d f i ElectronicValueRW.obj
 0001:000056d5       ?GetIDsOfNames@CComTypeInfoHolder@ATL@@QAEJABU_GUID@@PAPA_WIKPAJ@Z 100066d5 f i ElectronicValueRW.obj
 0001:000057fc       ?GetKeyAt@?$CSimpleMap@PA_WPA_WVCExpansionVectorEqualHelper@ATL@@@ATL@@QBEAAPA_WH@Z 100067fc f i ElectronicValueRW.obj
 0001:00005821       ?GetPagesHelper@?$ISpecifyPropertyPagesImpl@VCOPOSElectronicValueRW@@@ATL@@IAEJPAUtagCAUUID@@PBUATL_PROPMAP_ENTRY@2@@Z 10006821 f i ElectronicValueRW.obj
 0001:00005948       ?GetProperty@?$CComPtr@UIDispatch@@@ATL@@SAJPAUIDispatch@@JPAUtagVARIANT@@@Z 10006948 f i ElectronicValueRW.obj
 0001:00005997       ?GetSizeMax@CComVariant@ATL@@QBEJPAT_ULARGE_INTEGER@@@Z 10006997 f i ElectronicValueRW.obj
 0001:00005b59       ?GetTI@CComTypeInfoHolder@ATL@@QAEJK@Z 10006b59 f i ElectronicValueRW.obj
 0001:00005d38       ?GetTI@CComTypeInfoHolder@ATL@@QAEJKPAPAUITypeInfo@@@Z 10006d38 f i ElectronicValueRW.obj
 0001:00005d7a       ?GetUnknown@CComDynamicUnkArray@ATL@@QAGPAUIUnknown@@K@Z 10006d7a f i ElectronicValueRW.obj
 0001:00005d9b       ?GetValueAt@?$CSimpleMap@PA_WPA_WVCExpansionVectorEqualHelper@ATL@@@ATL@@QBEAAPA_WH@Z 10006d9b f i ElectronicValueRW.obj
 0001:00005dc1       ?GetZoomInfo@CComControlBase@ATL@@QAEXAAUATL_DRAWINFO@@@Z 10006dc1 f i ElectronicValueRW.obj
 0001:00005e54       ?HKeyFromString@CRegParser@ATL@@KAPAUHKEY__@@PA_W@Z 10006e54 f i ElectronicValueRW.obj
 0001:00005e82       ?HasSubKeys@CRegParser@ATL@@IAEHPAUHKEY__@@@Z 10006e82 f i ElectronicValueRW.obj
 0001:00005eb7       ?IDataObject_GetData@CComControlBase@ATL@@QAEJPAUtagFORMATETC@@PAUtagSTGMEDIUM@@@Z 10006eb7 f i ElectronicValueRW.obj
 0001:0000605d       ?IOleInPlaceObject_InPlaceDeactivate@CComControlBase@ATL@@QAEJXZ 1000705d f i ElectronicValueRW.obj
 0001:000060e4       ?IOleInPlaceObject_SetObjectRects@CComControlBase@ATL@@QAEJPBUtagRECT@@0@Z 100070e4 f i ElectronicValueRW.obj
 0001:000061b1       ?IOleInPlaceObject_UIDeactivate@CComControlBase@ATL@@QAEJXZ 100071b1 f i ElectronicValueRW.obj
 0001:00006273       ?IOleObject_Advise@CComControlBase@ATL@@QAEJPAUIAdviseSink@@PAK@Z 10007273 f i ElectronicValueRW.obj
 0001:0000629d       ?IOleObject_Close@CComControlBase@ATL@@QAEJK@Z 1000729d f i ElectronicValueRW.obj
 0001:00006381       ?IOleObject_GetClientSite@CComControlBase@ATL@@QAEJPAPAUIOleClientSite@@@Z 10007381 f i ElectronicValueRW.obj
 0001:000063aa       ?IOleObject_SetClientSite@CComControlBase@ATL@@QAEJPAUIOleClientSite@@@Z 100073aa f i ElectronicValueRW.obj
 0001:000063e9       ?IOleObject_SetExtent@CComControlBase@ATL@@QAEJKPAUtagSIZE@@@Z 100073e9 f i ElectronicValueRW.obj
 0001:0000649d       ?IPSI_GetIPersistStreamInit@?$IPersistStorageImpl@VCOPOSElectronicValueRW@@@ATL@@AAEPAUIPersistStreamInit@@XZ 1000749d f i ElectronicValueRW.obj
 0001:00006545       ?IPersistStreamInit_Load@?$IPersistStreamInitImpl@VCOPOSElectronicValueRW@@@ATL@@QAEJPAUIStream@@PBUATL_PROPMAP_ENTRY@2@@Z 10007545 f i ElectronicValueRW.obj
 0001:000067ba       ?IPersistStreamInit_Save@?$IPersistStreamInitImpl@VCOPOSElectronicValueRW@@@ATL@@QAEJPAUIStream@@HPBUATL_PROPMAP_ENTRY@2@@Z 100077ba f i ElectronicValueRW.obj
 0001:000069a8       ?IQuickActivate_QuickActivate@CComControlBase@ATL@@QAEJPAUtagQACONTAINER@@PAUtagQACONTROL@@@Z 100079a8 f i ElectronicValueRW.obj
 0001:00006bea       ?IViewObject_Draw@CComControlBase@ATL@@QAEJKJPAXPAUtagDVTARGETDEVICE@@PAUHDC__@@2PBU_RECTL@@3@Z 10007bea f i ElectronicValueRW.obj
 0001:00006c92       ?InPlaceActivate@CComControlBase@ATL@@QAEJJPBUtagRECT@@@Z 10007c92 f i ElectronicValueRW.obj
 0001:00006f03       ?Init@?$CComEnumImpl@UIEnumConnectionPoints@@$1?_GUID_b196b285_bab4_101a_b69c_00aa00341d07@@3U__s_GUID@@BPAUIConnectionPoint@@V?$_CopyInterface@UIConnectionPoint@@@ATL@@@ATL@@QAEJPAPAUIConnectionPoint@@0PAUIUnknown@@W4CComEnumFlags@2@@Z 10007f03 f i ElectronicValueRW.obj
 0001:00006fe2       ?Init@?$CComEnumImpl@UIEnumConnections@@$1?_GUID_b196b287_bab4_101a_b69c_00aa00341d07@@3U__s_GUID@@BUtagCONNECTDATA@@V?$_Copy@UtagCONNECTDATA@@@ATL@@@ATL@@QAEJPAUtagCONNECTDATA@@0PAUIUnknown@@W4CComEnumFlags@2@@Z 10007fe2 f i ElectronicValueRW.obj
 0001:000070c1       ?Init@CComModule@ATL@@QAEJPAU_ATL_OBJMAP_ENTRY30@2@PAUHINSTANCE__@@PBU_GUID@@@Z 100080c1 f i ElectronicValueRW.obj
 0001:00007120       ?Init@CDynamicStdCallThunk2@ATL@@QAEHKPAX@Z 10008120 f i ElectronicValueRW.obj
 0001:0000714b       ?InlineIsEqualUnknown@ATL@@YGHABU_GUID@@@Z 1000814b f i ElectronicValueRW.obj
 0001:00007173       ?InternalSetAtIndex@?$CSimpleMap@PA_WPA_WVCExpansionVectorEqualHelper@ATL@@@ATL@@QAEXHABQA_W0@Z 10008173 f i ElectronicValueRW.obj
 0001:0000719d       ?Invoke@CComTypeInfoHolder@ATL@@QAEJPAUIDispatch@@JABU_GUID@@KGPAUtagDISPPARAMS@@PAUtagVARIANT@@PAUtagEXCEPINFO@@PAI@Z 1000819d f i ElectronicValueRW.obj
 0001:000071e0       ?IsEqualObject@?$CComPtrBase@UIOleClientSite@@@ATL@@QAE_NPAUIUnknown@@@Z 100081e0 f i ElectronicValueRW.obj
 0001:000071e0       ?IsEqualObject@?$CComPtrBase@UITypeInfo@@@ATL@@QAE_NPAUIUnknown@@@Z 100081e0 f i ElectronicValueRW.obj
 0001:0000724d       ?IsSpace@CRegParser@ATL@@IAEH_W@Z 1000824d f i ElectronicValueRW.obj
 0001:00007277       ?LoadNameCache@CComTypeInfoHolder@ATL@@QAEJPAUITypeInfo@@@Z 10008277 f i ElectronicValueRW.obj
 0001:000073ac       ?Lookup@?$CSimpleMap@PA_WPA_WVCExpansionVectorEqualHelper@ATL@@@ATL@@QBEPA_WABQA_W@Z 100083ac f i ElectronicValueRW.obj
 0001:000073d2       ?NextToken@CRegParser@ATL@@IAEJPA_W@Z 100083d2 f i ElectronicValueRW.obj
 0001:0000750a       ?OnKillFocus@CComControlBase@ATL@@QAEJIIJAAH@Z 1000850a f i ElectronicValueRW.obj
 0001:00007565       ?OnMouseActivate@CComControlBase@ATL@@QAEJIIJAAH@Z 10008565 f i ElectronicValueRW.obj
 0001:000075d3       ?OnPaint@CComControlBase@ATL@@QAEJIIJAAH@Z 100085d3 f i ElectronicValueRW.obj
 0001:00007685       ?OnSetFocus@CComControlBase@ATL@@QAEJIIJAAH@Z 10008685 f i ElectronicValueRW.obj
 0001:0000770e       ?Open@CRegKey@ATL@@QAEJPAUHKEY__@@PB_WK@Z 1000870e f i ElectronicValueRW.obj
 0001:00007763       ?PreProcessBuffer@CRegParser@ATL@@QAEJPA_WPAPA_W@Z 10008763 f i ElectronicValueRW.obj
 0001:000079d2       ?ProcessWindowMessage@?$CComControl@VCOPOSElectronicValueRW@@V?$CWindowImpl@VCOPOSElectronicValueRW@@VCWindow@ATL@@V?$CWinTraits@$0FGAAAAAA@$0A@@3@@ATL@@@ATL@@UAEHPAUHWND__@@IIJAAJK@Z 100089d2 f i ElectronicValueRW.obj
 0001:00007a71       ?ReadFromStream@CComBSTR@ATL@@QAEJPAUIStream@@@Z 10008a71 f i ElectronicValueRW.obj
 0001:00007b94       ?ReadFromStream@CComVariant@ATL@@QAEJPAUIStream@@GTClassesAllowedInStream@2@K@Z 10008b94 f i ElectronicValueRW.obj
 0001:00007d1e       ?RecurseDeleteKey@CRegKey@ATL@@QAEJPB_W@Z 10008d1e f i ElectronicValueRW.obj
 0001:00007e0c       ?RegCreateKeyExW@CAtlTransactionManager@ATL@@QAEJPAUHKEY__@@PB_WKPA_WKKQAU_SECURITY_ATTRIBUTES@@PAPAU3@PAK@Z 10008e0c f i ElectronicValueRW.obj
 0001:00007e6f       ?RegDeleteKeyW@CAtlTransactionManager@ATL@@QAEJPAUHKEY__@@PB_W@Z 10008e6f f i ElectronicValueRW.obj
 0001:00007ec1       ?RegOpenKeyExW@CAtlTransactionManager@ATL@@QAEJPAUHKEY__@@PB_WKKPAPAU3@@Z 10008ec1 f i ElectronicValueRW.obj
 0001:00007f18       ?Register@_ATL_WNDCLASSINFOW@ATL@@QAEGPAP6GJPAUHWND__@@IIJ@Z@Z 10008f18 f i ElectronicValueRW.obj
 0001:00007f38       ?RegisterBuffer@CRegParser@ATL@@QAEJPA_WH@Z 10008f38 f i ElectronicValueRW.obj
 0001:0000807f       ?RegisterFromResource@CRegObject@ATL@@IAEJPB_W00H@Z 1000907f f i ElectronicValueRW.obj
 0001:000081b5       ?RegisterServer@?$CAtlModuleT@VCComModule@ATL@@@ATL@@QAEJHPBU_GUID@@@Z 100091b5 f i ElectronicValueRW.obj
 0001:000081e3       ?RegisterServer@CComModule@ATL@@QAEJHPBU_GUID@@@Z 100091e3 f i ElectronicValueRW.obj
 0001:00008259       ?RegisterSubkeys@CRegParser@ATL@@IAEJPA_WPAUHKEY__@@HH@Z 10009259 f i ElectronicValueRW.obj
 0001:00008906       ?Remove@CComDynamicUnkArray@ATL@@QAEHK@Z 10009906 f i ElectronicValueRW.obj
 0001:0000892f       ?RemoveAll@?$CSimpleMap@PA_WPA_WVCExpansionVectorEqualHelper@ATL@@@ATL@@QAEXXZ 1000992f f i ElectronicValueRW.obj
 0001:0000895b       ?ResourceRegisterSz@CRegObject@ATL@@QAGJPB_W00@Z 1000995b f i ElectronicValueRW.obj
 0001:00008988       ?ResourceUnregisterSz@CRegObject@ATL@@QAGJPB_W00@Z 10009988 f i ElectronicValueRW.obj
 0001:000089b5       ?SendOnDataChange@CComControlBase@ATL@@QAEJK@Z 100099b5 f i ElectronicValueRW.obj
 0001:00008a02       ?SetControlFocus@CComControlBase@ATL@@QAEHH@Z 10009a02 f i ElectronicValueRW.obj
 0001:00008a9f       ?SetMultiStringValue@CRegKey@ATL@@QAEJPB_W0@Z 10009a9f f i ElectronicValueRW.obj
 0001:00008afb       ?SetStringValue@CRegKey@ATL@@QAEJPB_W0K@Z 10009afb f i ElectronicValueRW.obj
 0001:00008b44       ?SkipAssignment@CRegParser@ATL@@IAEJPA_W@Z 10009b44 f i ElectronicValueRW.obj
 0001:00008ba9       ?SkipWhiteSpace@CRegParser@ATL@@IAEXXZ 10009ba9 f i ElectronicValueRW.obj
 0001:00008bcb       ?StrChrW@CRegParser@ATL@@KAPA_WPA_W_W@Z 10009bcb f i ElectronicValueRW.obj
 0001:00008c08       ?Term@CAtlModule@ATL@@QAEXXZ 10009c08 f i ElectronicValueRW.obj
 0001:00008c5b       ?Term@CComModule@ATL@@QAEXXZ 10009c5b f i ElectronicValueRW.obj
 0001:00008cb3       ?UnregisterServer@?$CAtlModuleT@VCComModule@ATL@@@ATL@@QAEJHPBU_GUID@@@Z 10009cb3 f i ElectronicValueRW.obj
 0001:00008cd9       ?UnregisterServer@CComModule@ATL@@QAEJHPBU_GUID@@@Z 10009cd9 f i ElectronicValueRW.obj
 0001:00008d4f       ?UpdateRegistryFromResource@CAtlModule@ATL@@QAGJIHPAU_ATL_REGMAP_ENTRY@2@@Z 10009d4f f i ElectronicValueRW.obj
 0001:00008f1a       ?UpdateRegistryFromResource@CAtlModule@ATL@@QAGJPB_WHPAU_ATL_REGMAP_ENTRY@2@@Z 10009f1a f i ElectronicValueRW.obj
 0001:000090eb       ?VTFromRegType@CRegParser@ATL@@KAHPB_WAAG@Z 1000a0eb f i ElectronicValueRW.obj
 0001:00009158       ?WindowProc@?$CWindowImplBaseT@VCWindow@ATL@@V?$CWinTraits@$0FGAAAAAA@$0A@@2@@ATL@@SGJPAUHWND__@@IIJ@Z 1000a158 f i ElectronicValueRW.obj
 0001:0000924a       ?WriteToStream@CComBSTR@ATL@@QAEJPAUIStream@@@Z 1000a24a f i ElectronicValueRW.obj
 0001:000092ac       ?WriteToStream@CComVariant@ATL@@QAEJPAUIStream@@@Z 1000a2ac f i ElectronicValueRW.obj
 0001:00009426       ?WriteToStream@CComVariant@ATL@@QAEJPAUIStream@@G@Z 1000a426 f i ElectronicValueRW.obj
 0001:0000948f       ?_AtlInitialConstruct@?$CComObjectRootEx@VCComMultiThreadModel@ATL@@@ATL@@QAEJXZ 1000a48f f i ElectronicValueRW.obj
 0001:000094a4       ?_AtlVerifyStackAvailable@_ATL_SAFE_ALLOCA_IMPL@ATL@@YA_NK@Z 1000a4a4 f i ElectronicValueRW.obj
 0001:00009522       ?atlCreate@?$CWindowImpl@VCOPOSElectronicValueRW@@VCWindow@ATL@@V?$CWinTraits@$0FGAAAAAA@$0A@@3@@ATL@@QAEPAUHWND__@@PAU3@V_U_RECT@2@PB_WKKV_U_MENUorID@2@PAX@Z 1000a522 f i ElectronicValueRW.obj
 0001:00009566       ?atlCreate@?$CWindowImplBaseT@VCWindow@ATL@@V?$CWinTraits@$0FGAAAAAA@$0A@@2@@ATL@@QAEPAUHWND__@@PAU3@V_U_RECT@2@PB_WKKV_U_MENUorID@2@GPAX@Z 1000a566 f i ElectronicValueRW.obj
 0001:00009602       ?copy@?$_Copy@UtagCONNECTDATA@@@ATL@@SAJPAUtagCONNECTDATA@@PBU3@@Z 1000a602 f i ElectronicValueRW.obj
 0001:00009638       ?copy@?$_CopyInterface@UIConnectionPoint@@@ATL@@SAJPAPAUIConnectionPoint@@PBQAU3@@Z 1000a638 f i ElectronicValueRW.obj
 0001:00009666       ?memcpy_s@Checked@ATL@@YAXPAXIPBXI@Z 1000a666 f i ElectronicValueRW.obj
 0001:00009685       ?ocscpy_s@@YA_NPA_WIPB_W@Z 1000a685 f i ElectronicValueRW.obj
 0001:000096cf       ?wcscpy_s@Checked@ATL@@YAXPA_WIPB_W@Z 1000a6cf f i ElectronicValueRW.obj
 0001:000096eb       _DllCanUnloadNow@0         1000a6eb f   ElectronicValueRW.obj
 0001:000096f7       _DllGetClassObject@12      1000a6f7 f   ElectronicValueRW.obj
 0001:00009705       _DllMain@12                1000a705 f   ElectronicValueRW.obj
 0001:00009747       _DllRegisterServer@0       1000a747 f   ElectronicValueRW.obj
 0001:00009756       _DllUnregisterServer@0     1000a756 f   ElectronicValueRW.obj
 0001:00009765       _InlineIsEqualGUID         1000a765 f i ElectronicValueRW.obj
 0001:00009795       ___local_stdio_printf_options 1000a795 f i ElectronicValueRW.obj
 0001:0000979b       __vswprintf_s_l            1000a79b f i ElectronicValueRW.obj
 0001:00009848       _swprintf_s                1000a848 f i ElectronicValueRW.obj
 0001:00009864       ??0?$CComControl@VCOPOSElectronicValueRW@@V?$CWindowImpl@VCOPOSElectronicValueRW@@VCWindow@ATL@@V?$CWinTraits@$0FGAAAAAA@$0A@@3@@ATL@@@ATL@@QAE@XZ 1000a864 f i ElectronicValueRWImpl.obj
 0001:0000988b       ??0?$CProxy_IOPOSEvents@VCOPOSElectronicValueRW@@@@QAE@XZ 1000a88b f i ElectronicValueRWImpl.obj
 0001:000098b1       ??0CComControlBase@ATL@@QAE@AAPAUHWND__@@@Z 1000a8b1 f i ElectronicValueRWImpl.obj
 0001:000098fb       ??0COPOSElectronicValueRW@@QAE@XZ 1000a8fb f   ElectronicValueRWImpl.obj
 0001:00009931       ??1?$CComControl@VCOPOSElectronicValueRW@@V?$CWindowImpl@VCOPOSElectronicValueRW@@VCWindow@ATL@@V?$CWinTraits@$0FGAAAAAA@$0A@@3@@ATL@@@ATL@@UAE@XZ 1000a931 f i ElectronicValueRWImpl.obj
 0001:0000994a       ??1?$IConnectionPointImpl@VCOPOSElectronicValueRW@@$1?IID_IPropertyNotifySink@@3U_GUID@@BVCComDynamicUnkArray@ATL@@@ATL@@QAE@XZ 1000a94a f i ElectronicValueRWImpl.obj
 0001:0000994a       ??1?$IConnectionPointImpl@VCOPOSElectronicValueRW@@$1?DIID__IOPOSElectronicValueRWEvents@@3U_GUID@@BVCComDynamicUnkArray@ATL@@@ATL@@QAE@XZ 1000a94a f i ElectronicValueRWImpl.obj
 0001:00009987       ??1CComControlBase@ATL@@UAE@XZ 1000a987 f i ElectronicValueRWImpl.obj
 0001:000099ea       ??1COPOSElectronicValueRW@@UAE@XZ 1000a9ea f   ElectronicValueRWImpl.obj
 0001:00009a32       ?AccessDailyLog@COPOSElectronicValueRW@@UAGJJJJPAJ@Z 1000aa32 f   ElectronicValueRWImpl.obj
 0001:00009ac8       ?AccessData@COPOSElectronicValueRW@@UAGJJPAJPAPA_W0@Z 1000aac8 f   ElectronicValueRWImpl.obj
 0001:00009b76       ?AccessLog@COPOSElectronicValueRW@@UAGJJJJPAJ@Z 1000ab76 f   ElectronicValueRWImpl.obj
 0001:00009c0c       ?ActivateEVService@COPOSElectronicValueRW@@UAGJPAJPAPA_W0@Z 1000ac0c f   ElectronicValueRWImpl.obj
 0001:00009c8c       ?ActivateService@COPOSElectronicValueRW@@UAGJPAJPAPA_W0@Z 1000ac8c f   ElectronicValueRWImpl.obj
 0001:00009d0c       ?AddValue@COPOSElectronicValueRW@@UAGJJJPAJ@Z 1000ad0c f   ElectronicValueRWImpl.obj
 0001:00009d80       ?AuthorizeCompletion@COPOSElectronicValueRW@@UAGJJTtagCY@@0JPAJ@Z 1000ad80 f   ElectronicValueRWImpl.obj
 0001:00009e27       ?AuthorizePreSales@COPOSElectronicValueRW@@UAGJJTtagCY@@0JPAJ@Z 1000ae27 f   ElectronicValueRWImpl.obj
 0001:00009ece       ?AuthorizeRefund@COPOSElectronicValueRW@@UAGJJTtagCY@@0JPAJ@Z 1000aece f   ElectronicValueRWImpl.obj
 0001:00009f75       ?AuthorizeSales@COPOSElectronicValueRW@@UAGJJTtagCY@@0JPAJ@Z 1000af75 f   ElectronicValueRWImpl.obj
 0001:0000a01c       ?AuthorizeVoid@COPOSElectronicValueRW@@UAGJJTtagCY@@0JPAJ@Z 1000b01c f   ElectronicValueRWImpl.obj
 0001:0000a0c3       ?AuthorizeVoidPreSales@COPOSElectronicValueRW@@UAGJJTtagCY@@0JPAJ@Z 1000b0c3 f   ElectronicValueRWImpl.obj
 0001:0000a16a       ?BeginDetection@COPOSElectronicValueRW@@UAGJJJPAJ@Z 1000b16a f   ElectronicValueRWImpl.obj
 0001:0000a1de       ?BeginRemoval@COPOSElectronicValueRW@@UAGJJPAJ@Z 1000b1de f   ElectronicValueRWImpl.obj
 0001:0000a22d       ?CancelValue@COPOSElectronicValueRW@@UAGJJJPAJ@Z 1000b22d f   ElectronicValueRWImpl.obj
 0001:0000a2a1       ?CaptureCard@COPOSElectronicValueRW@@UAGJPAJ@Z 1000b2a1 f   ElectronicValueRWImpl.obj
 0001:0000a2bc       ?CashDeposit@COPOSElectronicValueRW@@UAGJJTtagCY@@JPAJ@Z 1000b2bc f   ElectronicValueRWImpl.obj
 0001:0000a355       ?CheckCard@COPOSElectronicValueRW@@UAGJJJPAJ@Z 1000b355 f   ElectronicValueRWImpl.obj
 0001:0000a3c9       ?CheckHealth@COPOSElectronicValueRW@@UAGJJPAJ@Z 1000b3c9 f   ElectronicValueRWImpl.obj
 0001:0000a418       ?CheckServiceRegistrationToMedium@COPOSElectronicValueRW@@UAGJJJPAJ@Z 1000b418 f   ElectronicValueRWImpl.obj
 0001:0000a48c       ?ClaimDevice@COPOSElectronicValueRW@@UAGJJPAJ@Z 1000b48c f   ElectronicValueRWImpl.obj
 0001:0000a501       ?ClearInput@COPOSElectronicValueRW@@UAGJPAJ@Z 1000b501 f   ElectronicValueRWImpl.obj
 0001:0000a51c       ?ClearInputProperties@COPOSElectronicValueRW@@UAGJPAJ@Z 1000b51c f   ElectronicValueRWImpl.obj
 0001:0000a537       ?ClearOutput@COPOSElectronicValueRW@@UAGJPAJ@Z 1000b537 f   ElectronicValueRWImpl.obj
 0001:0000a552       ?ClearParameterInformation@COPOSElectronicValueRW@@UAGJPAJ@Z 1000b552 f   ElectronicValueRWImpl.obj
 0001:0000a56d       ?Close@COPOSElectronicValueRW@@UAGJPAJ@Z 1000b56d f   ElectronicValueRWImpl.obj
 0001:0000a5db       ?CloseDailyEVService@COPOSElectronicValueRW@@UAGJPAJPAPA_W0@Z 1000b5db f   ElectronicValueRWImpl.obj
 0001:0000a65b       ?CompareFirmwareVersion@COPOSElectronicValueRW@@UAGJPA_WPAJ1@Z 1000b65b f   ElectronicValueRWImpl.obj
 0001:0000a6db       ?DeactivateEVService@COPOSElectronicValueRW@@UAGJPAJPAPA_W0@Z 1000b6db f   ElectronicValueRWImpl.obj
 0001:0000a75b       ?DirectIO@COPOSElectronicValueRW@@UAGJJPAJPAPA_W0@Z 1000b75b f   ElectronicValueRWImpl.obj
 0001:0000a809       ?DoInvoke@COPOSElectronicValueRW@@IAEJJPAVOposVariant@@IHPAJ_N@Z 1000b809 f   ElectronicValueRWImpl.obj
 0001:0000a8e5       ?EndDetection@COPOSElectronicValueRW@@UAGJPAJ@Z 1000b8e5 f   ElectronicValueRWImpl.obj
 0001:0000a900       ?EndRemoval@COPOSElectronicValueRW@@UAGJPAJ@Z 1000b900 f   ElectronicValueRWImpl.obj
 0001:0000a91b       ?EnumerateCardServices@COPOSElectronicValueRW@@UAGJPAJ@Z 1000b91b f   ElectronicValueRWImpl.obj
 0001:0000a936       ?EventClose@COPOSElectronicValueRW@@IAEXXZ 1000b936 f i ElectronicValueRWImpl.obj
 0001:0000a969       ?EventInit@COPOSElectronicValueRW@@IAEJXZ 1000b969 f i ElectronicValueRWImpl.obj
 0001:0000aa35       ?EventUninit@COPOSElectronicValueRW@@IAEXXZ 1000ba35 f i ElectronicValueRWImpl.obj
 0001:0000aa87       ?EventWindowProc@COPOSElectronicValueRW@@IAGJIIJ@Z 1000ba87 f i ElectronicValueRWImpl.obj
 0001:0000abbc       ?FinalConstruct@COPOSElectronicValueRW@@QAEJXZ 1000bbbc f   ElectronicValueRWImpl.obj
 0001:0000abf5       ?FireEventCleanup@COPOSElectronicValueRW@@IAEXXZ 1000bbf5 f i ElectronicValueRWImpl.obj
 0001:0000ac0b       ?FireEventSetup@COPOSElectronicValueRW@@IAE_NXZ 1000bc0b f i ElectronicValueRWImpl.obj
 0001:0000ac3f       ?FreezeEvents@COPOSElectronicValueRW@@MAGJH@Z 1000bc3f f   ElectronicValueRWImpl.obj
 0001:0000ac9f       ?GetOposProp@COPOSElectronicValueRW@@IAEJJPAFJ@Z 1000bc9f f   ElectronicValueRWImpl.obj
 0001:0000acc2       ?GetOposProp@COPOSElectronicValueRW@@IAEJJPAJJ@Z 1000bcc2 f   ElectronicValueRWImpl.obj
 0001:0000ad91       ?GetOposProp@COPOSElectronicValueRW@@IAEJJPAPA_WJ@Z 1000bd91 f   ElectronicValueRWImpl.obj
 0001:0000ae6d       ?LockTerminal@COPOSElectronicValueRW@@UAGJPAJ@Z 1000be6d f   ElectronicValueRWImpl.obj
 0001:0000ae88       ?OnDraw@COPOSElectronicValueRW@@MAEJAAUATL_DRAWINFO@@@Z 1000be88 f   ElectronicValueRWImpl.obj
 0001:0000af28       ?Open@COPOSElectronicValueRW@@UAGJPA_WPAJ@Z 1000bf28 f   ElectronicValueRWImpl.obj
 0001:0000b782       ?OpenDailyEVService@COPOSElectronicValueRW@@UAGJPAJPAPA_W0@Z 1000c782 f   ElectronicValueRWImpl.obj
[...]
 0002:00004588       ?LcidToLocaleNameTable@?A0x881e4c05@@3QBULcidToLocaleName@1@B 10026588     libucrt:lcidtoname_downlevel.obj
 0002:000056b0       ?LocaleNameToIndexTable@?A0x881e4c05@@3QBULocaleNameIndex@1@B 100276b0     libucrt:lcidtoname_downlevel.obj
 0002:00006ff0       LOG_name                   10028ff0     libucrt:log10_impl.obj
 0002:00007000       _One                       10029000     libucrt:ceil_pentium4.obj
 0002:00007010       _Bns                       10029010     libucrt:ceil_pentium4.obj
 0002:00007020       _Zero                      10029020     libucrt:ceil_pentium4.obj
 0002:00007030       _S                         10029030     libucrt:ceil_pentium4.obj
 0002:00007040       _NegZero                   10029040     libucrt:ceil_pentium4.obj
 0002:00007050       emask                      10029050     libucrt:log10_pentium4.obj
 0002:00007060       CC                         10029060     libucrt:log10_pentium4.obj
 0002:00007070       Magic                      10029070     libucrt:log10_pentium4.obj
 0002:00007080       hi_mask                    10029080     libucrt:log10_pentium4.obj
 0002:00007090       LOG10_2                    10029090     libucrt:log10_pentium4.obj
 0002:000070a0       place_L                    100290a0     libucrt:log10_pentium4.obj
 0002:000070c0       One                        100290c0     libucrt:log10_pentium4.obj
 0002:000070d0       Zero                       100290d0     libucrt:log10_pentium4.obj
 0002:000070e0       Two52                      100290e0     libucrt:log10_pentium4.obj
 0002:000070f0       Infs                       100290f0     libucrt:log10_pentium4.obj
 0002:00007100       NaN                        10029100     libucrt:log10_pentium4.obj
 0002:00007110       coeff                      10029110     libucrt:log10_pentium4.obj
 0002:0000716e       _log2max                   1002916e     libucrt:87tran.obj
 0002:00007178       _smallarg                  10029178     libucrt:87tran.obj
 0002:00007182       _half                      10029182     libucrt:87tran.obj
 0002:000071ce       One                        100291ce     libucrt:87disp.obj
 0002:000071d6       Three                      100291d6     libucrt:87disp.obj
 0002:000071de       XAMtoTagTab                100291de     libucrt:87disp.obj
 0002:000071f0       One                        100291f0     libucrt:common.obj
 0002:00007204       DblMax                     10029204     libucrt:common.obj
 0002:0000720c       DblMin                     1002920c     libucrt:common.obj
 0002:00007214       IeeeAdjO                   10029214     libucrt:common.obj
 0002:0000721c       IeeeAdjU                   1002921c     libucrt:common.obj
 0002:00007224       _infinity                  10029224     libucrt:common.obj
 0002:0000722c       _zero                      1002922c     libucrt:common.obj
 0002:00007278       _over                      10029278     libucrt:fpctrl.obj
 0002:00007284       _under                     10029284     libucrt:fpctrl.obj
 0002:00007ab8       ?_names@?1??_get_fname@@9@9 10029ab8     libucrt:fpexcept.obj
 0002:00007c60       two32                      10029c60     LIBCMT:ftol2.obj
 0002:00007c64       two63                      10029c64     LIBCMT:ftol2.obj
 0002:00007c68       _NaN                       10029c68     LIBCMT:ftol2.obj
 0002:00008328       __sehtable$?_AtlVerifyStackAvailable@_ATL_SAFE_ALLOCA_IMPL@ATL@@YA_NK@Z 1002a328     ElectronicValueRW.obj
 0002:00008348       __sehtable$___scrt_is_nonwritable_in_current_image 1002a348     LIBCMT:utility.obj
 0002:00008364       __catchsym$??2@YAPAXIABUnothrow_t@std@@@Z$2 1002a364     LIBCMT:new_scalar_nothrow.obj
 0002:00008374       __unwindtable$??2@YAPAXIABUnothrow_t@std@@@Z 1002a374     LIBCMT:new_scalar_nothrow.obj
 0002:00008384       __tryblocktable$??2@YAPAXIABUnothrow_t@std@@@Z 1002a384     LIBCMT:new_scalar_nothrow.obj
 0002:00008398       __ehfuncinfo$??2@YAPAXIABUnothrow_t@std@@@Z 1002a398     LIBCMT:new_scalar_nothrow.obj
 0002:000083c0       __sehtable$?dllmain_crt_process_attach@@YAHQAUHINSTANCE__@@QAX@Z 1002a3c0     LIBCMT:dll_dllmain.obj
 0002:000083e0       __sehtable$?dllmain_crt_process_detach@@YAH_N@Z 1002a3e0     LIBCMT:dll_dllmain.obj
 0002:00008408       __sehtable$?dllmain_dispatch@@YAHQAUHINSTANCE__@@KQAX@Z 1002a408     LIBCMT:dll_dllmain.obj
 0002:000084b8       __sehtable$___DestructExceptionObject 1002a4b8     libvcruntime:ehhelpers.obj
 0002:000084d8       __sehtable$?FrameUnwindToState@__FrameHandler3@@SAXPAUEHRegistrationNode@@PAXPBU_s_FuncInfo@@H@Z 1002a4d8     libvcruntime:frame.obj
 0002:00008500       __sehtable$?CallCatchBlock@@YAPAXPAUEHExceptionRecord@@PAUEHRegistrationNode@@PAU_CONTEXT@@PBU_s_FuncInfo@@PAXHK@Z 1002a500     libvcruntime:frame.obj
 0002:00008528       __catchsym$?CallUnexpected@@YAXPBU_s_ESTypeList@@@Z$2 1002a528     libvcruntime:frame.obj
 0002:00008538       __unwindtable$?CallUnexpected@@YAXPBU_s_ESTypeList@@@Z 1002a538     libvcruntime:frame.obj
 0002:00008548       __tryblocktable$?CallUnexpected@@YAXPBU_s_ESTypeList@@@Z 1002a548     libvcruntime:frame.obj
 0002:0000855c       __ehfuncinfo$?CallUnexpected@@YAXPBU_s_ESTypeList@@@Z 1002a55c     libvcruntime:frame.obj
 0002:00008580       __sehtable$??$BuildCatchObjectHelperInternal@V__FrameHandler3@@@@YAHPAUEHExceptionRecord@@PAXPBU_s_HandlerType@@PBU_s_CatchableType@@@Z 1002a580     libvcruntime:frame.obj
 0002:000085a0       __sehtable$??$BuildCatchObjectInternal@V__FrameHandler3@@@@YAXPAUEHExceptionRecord@@PAXPBU_s_HandlerType@@PBU_s_CatchableType@@@Z 1002a5a0     libvcruntime:frame.obj
 0002:000085f8       __sehtable$??R<lambda_6e4b09c48022b2350581041d5f6b0c4c>@@QBE@XZ 1002a5f8     libucrt:exit.obj
 0002:00008618       __sehtable$??$?RV<lambda_03b1d95aef87969028cfba75ccab2455>@@AAV<lambda_6e4b09c48022b2350581041d5f6b0c4c>@@V<lambda_22bdf7517842c4b3e53723af5aa32b9e>@@@?$__crt_seh_guarded_call@X@@QAEX$$QAV<lambda_03b1d95aef87969028cfba75ccab2455>@@AAV<lambda_6e4b09c48022b2350581041d5f6b0c4c>@@$$QAV<lambda_22bdf7517842c4b3e53723af5aa32b9e>@@@Z 1002a618     libucrt:exit.obj
 0002:00008638       __sehtable$??$?RV<lambda_8e746cf0007f6ed984d6f78af1fec997>@@AAV<lambda_22ebabd17bc4fa466a2aca6d8deb888d>@@V<lambda_18ed0c0b38a6dc0daf1e7ac6d6adf05e>@@@?$__crt_seh_guarded_call@H@@QAEH$$QAV<lambda_8e746cf0007f6ed984d6f78af1fec997>@@AAV<lambda_22ebabd17bc4fa466a2aca6d8deb888d>@@$$QAV<lambda_18ed0c0b38a6dc0daf1e7ac6d6adf05e>@@@Z 1002a638     libucrt:onexit.obj
 0002:00008658       __sehtable$??$?RV<lambda_69a2805e680e0e292e8ba93315fe43a8>@@AAV<lambda_f03950bc5685219e0bcd2087efbe011e>@@V<lambda_03fcd07e894ec930e3f35da366ca99d6>@@@?$__crt_seh_guarded_call@H@@QAEH$$QAV<lambda_69a2805e680e0e292e8ba93315fe43a8>@@AAV<lambda_f03950bc5685219e0bcd2087efbe011e>@@$$QAV<lambda_03fcd07e894ec930e3f35da366ca99d6>@@@Z 1002a658     libucrt:onexit.obj
 0002:00008678       __sehtable$__query_new_handler 1002a678     libucrt:new_handler.obj
 0002:00008698       __sehtable$_terminate      1002a698     libucrt:terminate.obj
 0002:000086b8       __sehtable$??$?RV<lambda_15ade71b0218206bbe3333a0c9b79046>@@AAV<lambda_da44e0f8b0f19ba52fefafb335991732>@@V<lambda_207f2d024fc103971653565357d6cd41>@@@?$__crt_seh_guarded_call@X@@QAEX$$QAV<lambda_15ade71b0218206bbe3333a0c9b79046>@@AAV<lambda_da44e0f8b0f19ba52fefafb335991732>@@$$QAV<lambda_207f2d024fc103971653565357d6cd41>@@@Z 1002a6b8     libucrt:per_thread_data.obj
 0002:000086d8       __sehtable$??$?RV<lambda_a7e850c220f1c8d1e6efeecdedd162c6>@@AAV<lambda_46720907175c18b6c9d2717bc0d2d362>@@V<lambda_9048902d66e8d99359bc9897bbb930a8>@@@?$__crt_seh_guarded_call@X@@QAEX$$QAV<lambda_a7e850c220f1c8d1e6efeecdedd162c6>@@AAV<lambda_46720907175c18b6c9d2717bc0d2d362>@@$$QAV<lambda_9048902d66e8d99359bc9897bbb930a8>@@@Z 1002a6d8     libucrt:per_thread_data.obj
 0002:000086f8       __sehtable$??$?RV<lambda_38edbb1296d33220d7e4dd0ed76b244a>@@AAV<lambda_5ce1d447e08cb34b2473517608e21441>@@V<lambda_fb385d3da700c9147fc39e65dd577a8c>@@@?$__crt_seh_guarded_call@X@@QAEX$$QAV<lambda_38edbb1296d33220d7e4dd0ed76b244a>@@AAV<lambda_5ce1d447e08cb34b2473517608e21441>@@$$QAV<lambda_fb385d3da700c9147fc39e65dd577a8c>@@@Z 1002a6f8     libucrt:per_thread_data.obj
 0002:00008718       __sehtable$??$?RV<lambda_6affb1475c98b40b75cdec977db92e3c>@@AAV<lambda_b8d4b9c228a6ecc3f80208dbb4b4a104>@@V<lambda_608742c3c92a14382c1684fc64f96c88>@@@?$__crt_seh_guarded_call@X@@QAEX$$QAV<lambda_6affb1475c98b40b75cdec977db92e3c>@@AAV<lambda_b8d4b9c228a6ecc3f80208dbb4b4a104>@@$$QAV<lambda_608742c3c92a14382c1684fc64f96c88>@@@Z 1002a718     libucrt:per_thread_data.obj
 0002:00008738       __sehtable$??$?RV<lambda_e5124f882df8998aaf41531e079ba474>@@AAV<lambda_3e16ef9562a7dcce91392c22ab16ea36>@@V<lambda_e25ca0880e6ef98be67edffd8c599615>@@@?$__crt_seh_guarded_call@X@@QAEX$$QAV<lambda_e5124f882df8998aaf41531e079ba474>@@AAV<lambda_3e16ef9562a7dcce91392c22ab16ea36>@@$$QAV<lambda_e25ca0880e6ef98be67edffd8c599615>@@@Z 1002a738     libucrt:wsetlocale.obj
 0002:00008758       __sehtable$___acrt_initialize_lowio 1002a758     libucrt:ioinit.obj
 0002:00008778       __sehtable$?update_thread_multibyte_data_internal@@YAPAU__crt_multibyte_data@@QAU__acrt_ptd@@QAPAU1@@Z 1002a778     libucrt:mbctype.obj
 0002:00008798       __sehtable$??$?RV<lambda_ceb1ee4838e85a9d631eb091e2fbe199>@@AAV<lambda_ae742caa10f662c28703da3d2ea5e57e>@@V<lambda_cd08b5d6af4937fe54fc07d0c9bf6b37>@@@?$__crt_seh_guarded_call@X@@QAEX$$QAV<lambda_ceb1ee4838e85a9d631eb091e2fbe199>@@AAV<lambda_ae742caa10f662c28703da3d2ea5e57e>@@$$QAV<lambda_cd08b5d6af4937fe54fc07d0c9bf6b37>@@@Z 1002a798     libucrt:mbctype.obj
 0002:000087b8       __sehtable$_raise          1002a7b8     libucrt:signal.obj
 0002:000087d8       __sehtable$??$?RV<lambda_cbab9ec6f41b0180b23cc171c22676b0>@@AAV<lambda_44731a7d0e6d81c3e6aa82d741081786>@@V<lambda_4b292cb8dd18144e164572427af410ab>@@@?$__crt_seh_guarded_call@P6AXH@Z@@QAEP6AXH@Z$$QAV<lambda_cbab9ec6f41b0180b23cc171c22676b0>@@AAV<lambda_44731a7d0e6d81c3e6aa82d741081786>@@$$QAV<lambda_4b292cb8dd18144e164572427af410ab>@@@Z 1002a7d8     libucrt:signal.obj
 0002:000087f8       __sehtable$??$?RV<lambda_2866be3712abc81a800a822484c830d8>@@AAV<lambda_39ca0ed439415581b5b15c265174cece>@@V<lambda_2b24c74d71094a6cd0cb82e44167d71b>@@@?$__crt_seh_guarded_call@X@@QAEX$$QAV<lambda_2866be3712abc81a800a822484c830d8>@@AAV<lambda_39ca0ed439415581b5b15c265174cece>@@$$QAV<lambda_2b24c74d71094a6cd0cb82e44167d71b>@@@Z 1002a7f8     libucrt:fflush.obj
 0002:00008818       __sehtable$??$?RV<lambda_2cc53f568c5a2bb6f192f930a45d44ea>@@AAV<lambda_ab61a845afdef5b7c387490eaf3616ee>@@V<lambda_c2ffc0b7726aa6be21d5f0026187e748>@@@?$__crt_seh_guarded_call@X@@QAEX$$QAV<lambda_2cc53f568c5a2bb6f192f930a45d44ea>@@AAV<lambda_ab61a845afdef5b7c387490eaf3616ee>@@$$QAV<lambda_c2ffc0b7726aa6be21d5f0026187e748>@@@Z 1002a818     libucrt:fflush.obj
 0002:00008838       __sehtable$___acrt_update_thread_locale_data 1002a838     libucrt:locale_refcounting.obj
 0002:00008858       __sehtable$__fcloseall     1002a858     libucrt:closeall.obj
 0002:00008878       __sehtable$___acrt_lowio_ensure_fh_exists 1002a878     libucrt:osfinfo.obj
 0002:00008898       __sehtable$??$?RV<lambda_9e9de3de5fa147e2223d7db92bc10aa6>@@AAV<lambda_38ce7e780aa69e748d6df282ebc68efe>@@V<lambda_8ca6da459f0f6780f1cff60fdc3d00e5>@@@?$__crt_seh_guarded_call@H@@QAEH$$QAV<lambda_9e9de3de5fa147e2223d7db92bc10aa6>@@AAV<lambda_38ce7e780aa69e748d6df282ebc68efe>@@$$QAV<lambda_8ca6da459f0f6780f1cff60fdc3d00e5>@@@Z 1002a898     libucrt:commit.obj
 0002:000088b8       __sehtable$__write         1002a8b8     libucrt:write.obj
 0002:000088d8       __sehtable$_fclose         1002a8d8     libucrt:fclose.obj
 0002:000088f8       __sehtable$??$?RV<lambda_218ce3db14220d0be481dae8ef3383b6>@@AAV<lambda_628dfdc04ba53c8bfc02c9951375f3f5>@@V<lambda_57dc472bd5c9d5f3b2cbca59b8a843ae>@@@?$__crt_seh_guarded_call@H@@QAEH$$QAV<lambda_218ce3db14220d0be481dae8ef3383b6>@@AAV<lambda_628dfdc04ba53c8bfc02c9951375f3f5>@@$$QAV<lambda_57dc472bd5c9d5f3b2cbca59b8a843ae>@@@Z 1002a8f8     libucrt:close.obj
 0002:00008918       __sehtable$___set_fpsr_sse2 1002a918     libucrt:fpctrl.obj
 0002:00008938       __sehtable$__IsNonwritableInCurrentImage 1002a938     LIBCMT:pesect.obj
 0002:00008960       .edata                     1002a960     OPOSElectronicValueRW.exp
 0002:00008988       rgpv                       1002a988     OPOSElectronicValueRW.exp
 0002:00008998       rgszName                   1002a998     OPOSElectronicValueRW.exp
 0002:000089a8       rgwOrd                     1002a9a8     OPOSElectronicValueRW.exp
 0002:000089b0       szName                     1002a9b0     OPOSElectronicValueRW.exp
 0002:000089ca       $N00001                    1002a9ca     OPOSElectronicValueRW.exp
 0002:000089da       $N00002                    1002a9da     OPOSElectronicValueRW.exp
 0002:000089ec       $N00003                    1002a9ec     OPOSElectronicValueRW.exp
 0002:000089fe       $N00004                    1002a9fe     OPOSElectronicValueRW.exp
 0002:0000900e       .idata$6                   1002b00e     kernel32:KERNEL32.dll
 0002:00009222       .idata$6                   1002b222     user32:USER32.dll
 0002:00009356       .idata$6                   1002b356     gdi32:GDI32.dll
 0002:000093fc       .idata$6                   1002b3fc     advapi32:ADVAPI32.dll
 0002:00009518       .idata$6                   1002b518     ole32:ole32.dll
 0002:00009522       .idata$6                   1002b522     oleaut32:OLEAUT32.dll
 0003:00000110       ?ObjectMap@@3PAU_ATL_OBJMAP_ENTRY30@ATL@@A 1002c110     ElectronicValueRW.obj
 0003:000001e8       ?s_SOMethodNames@@3PAPADA  1002c1e8     ElectronicValueRWImpl.obj
 0003:000002f4       ?s_RequiredMethodsPerRelease@@3PAHA 1002c2f4     ElectronicValueRWImpl.obj
 0003:00000320       ?__vcrt_flsindex@@3KA      1002c320     libvcruntime:per_thread_data.obj
 0003:00000340       ?errno_no_memory@@3HA      1002c340     libucrt:errno.obj
 0003:00000344       ?doserrno_no_memory@@3KA   1002c344     libucrt:errno.obj
 0003:00000350       ?__acrt_flsindex@@3KA      1002c350     libucrt:per_thread_data.obj
 0003:000006e8       __mbctypes                 1002c6e8     libucrt:mbctype.obj
 0003:000007f0       __mbcasemaps               1002c7f0     libucrt:mbctype.obj
 0003:000008f0       ?__rgctypeflag@@3PADA      1002c8f0     libucrt:mbctype.obj
 0003:000008f8       ?__rgcode_page_info@@3PAUcode_page_info@@A 1002c8f8     libucrt:mbctype.obj
 0003:00000b50       ?__dcrt_lowio_console_output_handle@@3PAXA 1002cb50     libucrt:initcon.obj
 0003:00000b54       ?__DAZ_ENABLED@?1??__set_fpsr_sse2@@9@9 1002cb54     libucrt:fpctrl.obj
 0003:00000ce8       ?is_initialized_as_dll@@3_NA 1002cce8     LIBCMT:utility.obj
 0003:00000ce9       ?module_local_atexit_table_initialized@@3_NA 1002cce9     LIBCMT:utility.obj
 0003:00000cec       ?module_local_atexit_table@@3U_onexit_table_t@@A 1002ccec     LIBCMT:utility.obj
 0003:00000cf8       ?module_local_at_quick_exit_table@@3U_onexit_table_t@@A 1002ccf8     LIBCMT:utility.obj
 0003:00000d04       ?g_tss_cv@@3U_RTL_CONDITION_VARIABLE@@A 1002cd04     LIBCMT:thread_safe_statics.obj
 0003:00000d08       ?g_tss_event@@3PAXA        1002cd08     LIBCMT:thread_safe_statics.obj
 0003:00000d0c       ?g_tss_mutex@@3U_RTL_CRITICAL_SECTION@@A 1002cd0c     LIBCMT:thread_safe_statics.obj
 0003:00000d24       ?g_sleep_condition_variable_cs@@3P6GHPAU_RTL_CONDITION_VARIABLE@@PAU_RTL_CRITICAL_SECTION@@K@ZA 1002cd24     LIBCMT:thread_safe_statics.obj
 0003:00000d28       ?g_wake_all_condition_variable@@3P6GXPAU_RTL_CONDITION_VARIABLE@@@ZA 1002cd28     LIBCMT:thread_safe_statics.obj
 0003:00000d30       _GS_ExceptionRecord        1002cd30     LIBCMT:gs_report.obj
 0003:00000d80       _GS_ContextRecord          1002cd80     LIBCMT:gs_report.obj
 0003:00001050       ?__proc_attached@@3HA      1002d050     LIBCMT:dll_dllmain.obj
 0003:000010ac       ?AllocateData@@3P6GPAUAtlThunkData_t@@XZA 1002d0ac     atls:atlthunk.obj
 0003:000010b0       ?InitData@@3P6GXPAUAtlThunkData_t@@PAXI@ZA 1002d0b0     atls:atlthunk.obj
 0003:000010b4       ?DataToCode@@3P6GP6GJPAUHWND__@@IIJ@ZPAUAtlThunkData_t@@@ZA 1002d0b4     atls:atlthunk.obj
 0003:000010b8       ?FreeData@@3P6GXPAUAtlThunkData_t@@@ZA 1002d0b8     atls:atlthunk.obj
 0003:000010bc       ?Initialized@@3_NA         1002d0bc     atls:atlthunk.obj
 0003:000010cc       ?__vcrt_startup_thread_ptd@@3U__vcrt_ptd@@A 1002d0cc     libvcruntime:per_thread_data.obj
 0003:000010f4       ___vcrt_lock_table         1002d0f4     libvcruntime:locks.obj
 0003:0000110c       ___vcrt_locks_initialized  1002d10c     libvcruntime:locks.obj
 0003:00001138       ?heap@@3V_HeapManager@@A   1002d138     libvcruntime:undname.obj
 0003:0000114c       ?module_handles@@3PAPAUHINSTANCE__@@A 1002d14c     libvcruntime:winapi_downlevel.obj
 0003:00001158       ?function_pointers@@3PAPAXA 1002d158     libvcruntime:winapi_downlevel.obj
 0003:0000116c       ?__acrt_invalid_parameter_handler@@3V?$dual_state_global@P6AXPB_W00II@Z@__crt_state_management@@A 1002d16c     libucrt:invalid_parameter.obj
 0003:00001170       ?c_termination_complete@@3JA 1002d170     libucrt:exit.obj
 0003:00001174       ?thread_local_exit_callback_func@@3P6GXPAXK0@ZA 1002d174     libucrt:exit.obj
 0003:00001180       ?program_name@?1???$common_configure_argv@D@@YAHW4_crt_argv_mode@@@Z@4PADA 1002d180     libucrt:argv_parsing.obj
 0003:000012b0       ?__acrt_new_handler@@3V?$dual_state_global@P6AHI@Z@__crt_state_management@@A 1002d2b0     libucrt:new_handler.obj
 0003:000012b8       ?module_handles@@3PAPAUHINSTANCE__@@A 1002d2b8     libucrt:winapi_thunks.obj
 0003:00001308       ?encoded_function_pointers@@3PAPAXA 1002d308     libucrt:winapi_thunks.obj
 0003:00001390       ?internal_state@?1??_mbtowc_l@@9@4U_Mbstatet@@A 1002d390     libucrt:mbtowc.obj
 0003:000013a0       ?enable_percent_n@@3IA     1002d3a0     libucrt:printf_count_output.obj
 0003:000015c0       ?__acrt_lock_table@@3PAU_RTL_CRITICAL_SECTION@@A 1002d5c0     libucrt:locks.obj
 0003:00001710       ?__acrt_locks_initialized@@3IA 1002d710     libucrt:locks.obj
 0003:00001720       ?fSystemSet@@3HA           1002d720     libucrt:mbctype.obj
 0003:00001724       ?initialized@?1??__acrt_initialize_multibyte@@9@4_NA 1002d724     libucrt:mbctype.obj
 0003:00001744       ?ctrlc_action@@3V?$dual_state_global@P6AXH@Z@__crt_state_management@@A 1002d744     libucrt:signal.obj
 0003:00001748       ?ctrlbreak_action@@3V?$dual_state_global@P6AXH@Z@__crt_state_management@@A 1002d748     libucrt:signal.obj
 0003:0000174c       ?abort_action@@3V?$dual_state_global@P6AXH@Z@__crt_state_management@@A 1002d74c     libucrt:signal.obj
 0003:00001750       ?term_action@@3V?$dual_state_global@P6AXH@Z@__crt_state_management@@A 1002d750     libucrt:signal.obj
 0003:00001754       ?user_matherr@@3V?$dual_state_global@P6AHPAU_exception@@@Z@__crt_state_management@@A 1002d754     libucrt:matherr.obj
 0003:00001758       ?__acrt_global_new_mode@@3V?$dual_state_global@J@__crt_state_management@@A 1002d758     libucrt:new_mode.obj
 0003:00001764       ?internal_pst@?1??__mbrtoc32_utf8@__crt_mbstring@@YAIPA_UPBDIPAU_Mbstatet@@@Z@4U3@A 1002d764     libucrt:mbrtoc32.obj
 0003:0000176c       ?__acrt_app_type@@3W4_crt_app_type@@A 1002d76c     libucrt:report_runtime_error.obj
 0003:00001774       __pmatherr_set             1002d774     libucrt:libm_error.obj
 0004:00000220       $R000000                   1002e220     ElectronicValueRW.res
 0004:00000be0       $R0009C0                   1002ebe0     ElectronicValueRW.res
 0004:00000cc8       $R000AA8                   1002ecc8     ElectronicValueRW.res
 0004:00000f30       $R000D10                   1002ef30     ElectronicValueRW.res
 0004:00001470       $R001250                   1002f470     ElectronicValueRW.res
 0004:00007f50       $R007D30                   10035f50     ElectronicValueRW.res
 0004:00007f98       $R007D78                   10035f98     ElectronicValueRW.res
