 OPOSPINPad

 Timestamp is 5defaa27 (Tue Dec 10 23:22:31 2019)

 Preferred load address is 10000000

 Start         Length     Name                   Class
 0001:00000000 00000080H .text$di                CODE
 0001:00000080 0001df33H .text$mn                CODE
 0001:0001dfb3 00000036H .text$x                 CODE
 0001:0001dfe9 00000042H .text$yd                CODE
 0002:00000000 000002fcH .idata$5                DATA
 0002:000002fc 00000004H .00cfg                  DATA
 0002:00000300 00000004H .CRT$XCA                DATA
 0002:00000304 00000004H .CRT$XCL                DATA
 0002:00000308 00000010H .CRT$XCU                DATA
 0002:00000318 00000004H .CRT$XCZ                DATA
 0002:0000031c 00000004H .CRT$XIA                DATA
 0002:00000320 00000010H .CRT$XIC                DATA
 0002:00000330 00000004H .CRT$XIZ                DATA
 0002:00000334 00000004H .CRT$XLA                DATA
 0002:00000338 00000004H .CRT$XLZ                DATA
 0002:0000033c 00000004H .CRT$XPA                DATA
 0002:00000340 00000008H .CRT$XPX                DATA
 0002:00000348 00000004H .CRT$XPXA               DATA
 0002:0000034c 00000004H .CRT$XPZ                DATA
 0002:00000350 00000004H .CRT$XTA                DATA
 0002:00000354 0000000cH .CRT$XTZ                DATA
 0002:00000358 00000000H .gfids$y                DATA
 0002:00000360 0000703cH .rdata                  DATA
 0002:0000739c 00000018H .rdata$T                DATA
 0002:000073b4 0000017cH .rdata$r                DATA
 0002:00007530 0000001cH .rdata$sxdata           DATA
 0002:0000754c 000003dcH .rdata$zzzdbg           DATA
 0002:00007928 00000004H .rtc$IAA                DATA
 0002:0000792c 00000004H .rtc$IZZ                DATA
 0002:00007930 00000004H .rtc$TAA                DATA
 0002:00007934 00000004H .rtc$TZZ                DATA
 0002:00007938 00000004H .tls                    DATA
 0002:0000793c 00000004H .tls$                   DATA
 0002:00007940 00000008H .tls$ZZZ                DATA
 0002:00007948 0000060cH .xdata$x                DATA
 0002:00007f54 00000004H ATL$__a                 DATA
 0002:00007f58 00000008H ATL$__z                 DATA
 0002:00007f60 000000a8H .edata                  DATA
 0002:00008008 00000078H .idata$2                DATA
 0002:00008080 00000014H .idata$3                DATA
 0002:00008094 000002fcH .idata$4                DATA
 0002:00008390 00000bc8H .idata$6                DATA
 0003:00000000 00000ac0H .data                   DATA
 0003:00000ac0 00000098H .data$r                 DATA
 0003:00000b58 00000b80H .bss                    DATA
 0004:00000000 00000220H .rsrc$01                DATA
 0004:00000220 00004ba8H .rsrc$02                DATA

  Address         Publics by Value              Rva+Base       Lib:Object

 0000:00000000       ___guard_fids_count        00000000     <absolute>
 0000:00000000       ___guard_iat_count         00000000     <absolute>
 0000:00000000       ___hybrid_code_map_count   00000000     <absolute>
 0000:00000000       ___dynamic_value_reloc_table 00000000     <absolute>
 0000:00000000       ___guard_longjmp_count     00000000     <absolute>
 0000:00000000       __except_list              00000000     <absolute>
 0000:00000000       ___guard_fids_table        00000000     <absolute>
 0000:00000000       ___guard_longjmp_table     00000000     <absolute>
 0000:00000000       ___hybrid_auxiliary_iat    00000000     <absolute>
 0000:00000000       ___guard_iat_table         00000000     <absolute>
 0000:00000000       ___volatile_metadata       00000000     <absolute>
 0000:00000000       ___enclave_config          00000000     <absolute>
 0000:00000000       ___AbsoluteZero            00000000     <absolute>
 0000:00000000       ___hybrid_code_map         00000000     <absolute>
 0000:00000007       ___safe_se_handler_count   00000007     <absolute>
 0000:0000002c       __tls_array                0000002c     <absolute>
 0000:00000100       ___guard_flags             00000100     <absolute>
 0000:00000000       ___ImageBase               10000000     <linker-defined>
 0001:00000080       ?DupWide@_CW@@AAEXXZ       10001080 f   CWString.obj
 0001:0000009c       ?cw_dup@@YGXPBDAAHAAPA_W1@Z 1000109c f   CWString.obj
 0001:00000124       ?cw_memcpy@@YGHPA_WPBDH@Z  10001124 f   CWString.obj
 0001:00000150       ?cw_strcpy@@YAHPA_WPBD@Z   10001150 f   CWString.obj
 0001:00000163       ?cw_strlen@@YAHPBD@Z       10001163 f   CWString.obj
 0001:0000017c       ??0CAtlComModule@ATL@@QAE@XZ 1000117c f i OposVariant.obj
 0001:000001c1       ??0CAtlWinModule@ATL@@QAE@XZ 100011c1 f i OposVariant.obj
 0001:000001f8       ??0OposDispParms@@QAE@PAVOposVariant@@H@Z 100011f8 f   OposVariant.obj
 0001:00000269       ??1OposDispParms@@QAE@XZ   10001269 f   OposVariant.obj
 0001:00000277       ??A?$CSimpleArray@GV?$CSimpleArrayEqualHelper@G@ATL@@@ATL@@QAEAAGH@Z 10001277 f i OposVariant.obj
 0001:0000029c       ??_Estringdispid@CComTypeInfoHolder@ATL@@QAEPAXI@Z 1000129c f i OposVariant.obj
 0001:00000308       ?AtlWinModuleInit@ATL@@YGJPAU_ATL_WIN_MODULE70@1@@Z 10001308 f i OposVariant.obj
 0001:0000032e       ?AtlWinModuleTerm@ATL@@YGJPAU_ATL_WIN_MODULE70@1@PAUHINSTANCE__@@@Z 1000132e f i OposVariant.obj
 0001:00000391       ?ChangeBSTR@OposVariant@@QAEXPAPA_WAAJ@Z 10001391 f   OposVariant.obj
 0001:000003d2       ?ChangeCURRENCY@OposVariant@@QAEXPATtagCY@@AAJ@Z 100013d2 f   OposVariant.obj
 0001:00000421       ?ChangeLONG@OposVariant@@QAEXPAJAAJ@Z 10001421 f   OposVariant.obj
 0001:00000462       ?GetLONG@OposVariant@@QAEJXZ 10001462 f   OposVariant.obj
 0001:0000047d       ?Init@CComCriticalSection@ATL@@QAEJXZ 1000147d f i OposVariant.obj
 0001:000004a5       ?RemoveAll@?$CSimpleArray@PAUHINSTANCE__@@V?$CSimpleArrayEqualHelper@PAUHINSTANCE__@@@ATL@@@ATL@@QAEXXZ 100014a5 f i atls:atlbase.obj
 0001:000004a5       ?RemoveAll@?$CSimpleArray@GV?$CSimpleArrayEqualHelper@G@ATL@@@ATL@@QAEXXZ 100014a5 f i OposVariant.obj
 0001:000004c2       ?SetBSTR@OposVariant@@QAEXPA_WAAJ@Z 100014c2 f   OposVariant.obj
 0001:000004f6       ?SetBSTR_Copy@OposVariant@@QAEXPA_WAAJ@Z 100014f6 f   OposVariant.obj
 0001:00000546       ?SetBSTR_InOutPtr@OposVariant@@QAE_NPAPA_WAAJ@Z 10001546 f   OposVariant.obj
 0001:0000057d       ?SetBSTR_OutPtr@OposVariant@@QAE_NPAPA_WAAJ@Z 1000157d f   OposVariant.obj
 0001:00000599       ?SetCURRENCY@OposVariant@@QAEXTtagCY@@@Z 10001599 f   OposVariant.obj
 0001:000005c1       ?SetDispatch_Ptr@OposVariant@@QAEXPAUIDispatch@@AAJ@Z 100015c1 f   OposVariant.obj
 0001:000005fc       ?SetLONG@OposVariant@@QAEXJ@Z 100015fc f   OposVariant.obj
 0001:0000061e       ?SetLONG_Ptr@OposVariant@@QAEXPAJAAJ@Z 1000161e f   OposVariant.obj
 0001:00000651       ?SetString@OposVariant@@QAEXPB_WAAJ@Z 10001651 f   OposVariant.obj
 0001:00000697       ?SetVARIANT_BOOL@OposVariant@@QAEXF@Z 10001697 f   OposVariant.obj
 0001:000006c1       ?Term@CAtlComModule@ATL@@QAEXXZ 100016c1 f i OposVariant.obj
 0001:0000070b       ?_AtlRaiseException@ATL@@YAXKK@Z 1000170b f i OposVariant.obj
 0001:00000720       ?CreateInstance@CComClassFactory@ATL@@UAGJPAUIUnknown@@ABU_GUID@@PAPAX@Z 10001720 f i PINPad.obj
 0001:0000075e       ?LockServer@CComClassFactory@ATL@@UAGJH@Z 1000175e f i PINPad.obj
 0001:0000077d       ??_ECComClassFactory@ATL@@UAEPAXI@Z 1000177d f i PINPad.obj
 0001:0000077d       ??_GCComClassFactory@ATL@@UAEPAXI@Z 1000177d f i PINPad.obj
 0001:000007a8       ?GetWindowProc@?$CWindowImplBaseT@VCWindow@ATL@@V?$CWinTraits@$0FGAAAAAA@$0A@@2@@ATL@@UAEP6GJPAUHWND__@@IIJ@ZXZ 100017a8 f i PINPad.obj
 0001:000007ae       ?StartWindowProc@?$CWindowImplBaseT@VCWindow@ATL@@V?$CWinTraits@$0FGAAAAAA@$0A@@2@@ATL@@SGJPAUHWND__@@IIJ@Z 100017ae f i PINPad.obj
 0001:00000802       ?OnFinalMessage@?$CWindowImplBaseT@VCWindow@ATL@@V?$CWinTraits@$0FGAAAAAA@$0A@@2@@ATL@@UAEXPAUHWND__@@@Z 10001802 f i PINPad.obj
 0001:00000802       ?ObjectMain@CComObjectRootBase@ATL@@SGX_N@Z 10001802 f i PINPad.obj
 0001:00000805       ?GetTypeInfoCount@?$IDispatchImpl@UIOPOSPINPad@@$1?IID_IOPOSPINPad@@3U_GUID@@B$1?LIBID_OposPINPad_CCO@@3U3@B$00$0A@VCComTypeInfoHolder@ATL@@@ATL@@UAGJPAI@Z 10001805 f i PINPad.obj
 0001:00000822       ?GetTypeInfo@?$IDispatchImpl@UIOPOSPINPad@@$1?IID_IOPOSPINPad@@3U_GUID@@B$1?LIBID_OposPINPad_CCO@@3U3@B$00$0A@VCComTypeInfoHolder@ATL@@@ATL@@UAGJIKPAPAUITypeInfo@@@Z 10001822 f i PINPad.obj
 0001:00000846       ?GetIDsOfNames@?$IDispatchImpl@UIOPOSPINPad@@$1?IID_IOPOSPINPad@@3U_GUID@@B$1?LIBID_OposPINPad_CCO@@3U3@B$00$0A@VCComTypeInfoHolder@ATL@@@ATL@@UAGJABU_GUID@@PAPA_WIKPAJ@Z 10001846 f i PINPad.obj
 0001:00000866       ?Invoke@?$IDispatchImpl@UIOPOSPINPad@@$1?IID_IOPOSPINPad@@3U_GUID@@B$1?LIBID_OposPINPad_CCO@@3U3@B$00$0A@VCComTypeInfoHolder@ATL@@@ATL@@UAGJJABU_GUID@@KGPAUtagDISPPARAMS@@PAUtagVARIANT@@PAUtagEXCEPINFO@@PAI@Z 10001866 f i PINPad.obj
 0001:00000874       ?CreateControlWindow@?$CComControl@VCOPOSPINPad@@V?$CWindowImpl@VCOPOSPINPad@@VCWindow@ATL@@V?$CWinTraits@$0FGAAAAAA@$0A@@3@@ATL@@@ATL@@UAEPAUHWND__@@PAU3@AAUtagRECT@@@Z 10001874 f i PINPad.obj
 0001:000008a3       ?ControlQueryInterface@?$CComControl@VCOPOSPINPad@@V?$CWindowImpl@VCOPOSPINPad@@VCWindow@ATL@@V?$CWinTraits@$0FGAAAAAA@$0A@@3@@ATL@@@ATL@@UAEJABU_GUID@@PAPAX@Z 100018a3 f i PINPad.obj
 0001:000008be       ?GetUserClassID@?$IOleObjectImpl@VCOPOSPINPad@@@ATL@@UAGJPAU_GUID@@@Z 100018be f i PINPad.obj
 0001:000008be       ?GetClassID@?$IPersistStreamInitImpl@VCOPOSPINPad@@@ATL@@UAGJPAU_GUID@@@Z 100018be f i PINPad.obj
 0001:000008be       ?GetClassID@?$IPersistStorageImpl@VCOPOSPINPad@@@ATL@@UAGJPAU_GUID@@@Z 100018be f i PINPad.obj
 0001:000008e2       ?IsDirty@?$IPersistStreamInitImpl@VCOPOSPINPad@@@ATL@@UAGJXZ 100018e2 f i PINPad.obj
 0001:00000901       ?Load@?$IPersistStreamInitImpl@VCOPOSPINPad@@@ATL@@UAGJPAUIStream@@@Z 10001901 f i PINPad.obj
 0001:00000920       ?Save@?$IPersistStreamInitImpl@VCOPOSPINPad@@@ATL@@UAGJPAUIStream@@H@Z 10001920 f i PINPad.obj
 0001:00000942       ?GetSizeMax@?$IPersistStreamInitImpl@VCOPOSPINPad@@@ATL@@UAGJPAT_ULARGE_INTEGER@@@Z 10001942 f i PINPad.obj
 0001:00000b21       ?InitNew@?$IPersistStreamInitImpl@VCOPOSPINPad@@@ATL@@UAGJXZ 10001b21 f i PINPad.obj
 0001:00000b3e       ?ContextSensitiveHelp@?$IOleInPlaceObjectWindowlessImpl@VCOPOSPINPad@@@ATL@@UAGJH@Z 10001b3e f i PINPad.obj
 0001:00000b3e       ?OnMnemonic@?$IOleControlImpl@VCOPOSPINPad@@@ATL@@UAGJPAUtagMSG@@@Z 10001b3e f i PINPad.obj
 0001:00000b3e       ?Unfreeze@?$IViewObjectExImpl@VCOPOSPINPad@@@ATL@@UAGJK@Z 10001b3e f i PINPad.obj
 0001:00000b3e       ?ContextSensitiveHelp@?$IOleInPlaceActiveObjectImpl@VCOPOSPINPad@@@ATL@@UAGJH@Z 10001b3e f i PINPad.obj
 0001:00000b3e       ?SOOutputCompleteDummy@COPOSPINPad@@MAGJJ@Z 10001b3e f i PINPad.obj
 0001:00000b3e       ?SetColorScheme@?$IOleObjectImpl@VCOPOSPINPad@@@ATL@@UAGJPAUtagLOGPALETTE@@@Z 10001b3e f i PINPad.obj
 0001:00000b3e       ?GetControlInfo@?$IOleControlImpl@VCOPOSPINPad@@@ATL@@UAGJPAUtagCONTROLINFO@@@Z 10001b3e f i PINPad.obj
 0001:00000b3e       ?QueryGetData@?$IDataObjectImpl@VCOPOSPINPad@@@ATL@@UAGJPAUtagFORMATETC@@@Z 10001b3e f i PINPad.obj
 0001:00000b3e       ?GetDropTarget@?$IOleInPlaceObjectWindowlessImpl@VCOPOSPINPad@@@ATL@@UAGJPAPAUIDropTarget@@@Z 10001b3e f i PINPad.obj
 0001:00000b46       ?SaveCompleted@?$IPersistStorageImpl@VCOPOSPINPad@@@ATL@@UAGJPAUIStorage@@@Z 10001b46 f i PINPad.obj
 0001:00000b46       ?OnFrameWindowActivate@?$IOleInPlaceActiveObjectImpl@VCOPOSPINPad@@@ATL@@UAGJH@Z 10001b46 f i PINPad.obj
 0001:00000b46       ?OnAmbientPropertyChange@?$IOleControlImpl@VCOPOSPINPad@@@ATL@@UAGJJ@Z 10001b46 f i PINPad.obj
 0001:00000b46       ?EnableModeless@?$IOleInPlaceActiveObjectImpl@VCOPOSPINPad@@@ATL@@UAGJH@Z 10001b46 f i PINPad.obj
 0001:00000b4b       ?SetClientSite@?$IOleObjectImpl@VCOPOSPINPad@@@ATL@@UAGJPAUIOleClientSite@@@Z 10001b4b f i PINPad.obj
 0001:00000b68       ?GetClientSite@?$IOleObjectImpl@VCOPOSPINPad@@@ATL@@UAGJPAPAUIOleClientSite@@@Z 10001b68 f i PINPad.obj
 0001:00000b85       ?SetHostNames@?$IOleObjectImpl@VCOPOSPINPad@@@ATL@@UAGJPB_W0@Z 10001b85 f i PINPad.obj
 0001:00000b8a       ?Close@?$IOleObjectImpl@VCOPOSPINPad@@@ATL@@UAGJK@Z 10001b8a f i PINPad.obj
 0001:00000ba7       ?QueryInterface@CRegObject@ATL@@UAGJABU_GUID@@PAPAX@Z 10001ba7 f i PINPad.obj
 0001:00000ba7       ?GetDataHere@?$IDataObjectImpl@VCOPOSPINPad@@@ATL@@UAGJPAUtagFORMATETC@@PAUtagSTGMEDIUM@@@Z 10001ba7 f i PINPad.obj
 0001:00000ba7       ?GetRect@?$IViewObjectExImpl@VCOPOSPINPad@@@ATL@@UAGJKPAU_RECTL@@@Z 10001ba7 f i PINPad.obj
 0001:00000ba7       ?GetCanonicalFormatEtc@?$IDataObjectImpl@VCOPOSPINPad@@@ATL@@UAGJPAUtagFORMATETC@@0@Z 10001ba7 f i PINPad.obj
 0001:00000ba7       ?GetClipboardData@?$IOleObjectImpl@VCOPOSPINPad@@@ATL@@UAGJKPAPAUIDataObject@@@Z 10001ba7 f i PINPad.obj
 0001:00000ba7       ?SetMoniker@?$IOleObjectImpl@VCOPOSPINPad@@@ATL@@UAGJKPAUIMoniker@@@Z 10001ba7 f i PINPad.obj
 0001:00000ba7       ?EnumFormatEtc@?$IDataObjectImpl@VCOPOSPINPad@@@ATL@@UAGJKPAPAUIEnumFORMATETC@@@Z 10001ba7 f i PINPad.obj
 0001:00000baf       ?GetMoniker@?$IOleObjectImpl@VCOPOSPINPad@@@ATL@@UAGJKKPAPAUIMoniker@@@Z 10001baf f i PINPad.obj
 0001:00000baf       ?SetData@?$IDataObjectImpl@VCOPOSPINPad@@@ATL@@UAGJPAUtagFORMATETC@@PAUtagSTGMEDIUM@@H@Z 10001baf f i PINPad.obj
 0001:00000baf       ?InitFromData@?$IOleObjectImpl@VCOPOSPINPad@@@ATL@@UAGJPAUIDataObject@@HK@Z 10001baf f i PINPad.obj
 0001:00000bb7       ?DoVerb@?$IOleObjectImpl@VCOPOSPINPad@@@ATL@@UAGJJPAUtagMSG@@PAUIOleClientSite@@JPAUHWND__@@PBUtagRECT@@@Z 10001bb7 f i PINPad.obj
 0001:00000cab       ?EnumVerbs@?$IOleObjectImpl@VCOPOSPINPad@@@ATL@@UAGJPAPAUIEnumOLEVERB@@@Z 10001cab f i PINPad.obj
 0001:00000ccd       ?Release@CRegObject@ATL@@UAGKXZ 10001ccd f i PINPad.obj
 0001:00000ccd       ?IsUpToDate@?$IOleObjectImpl@VCOPOSPINPad@@@ATL@@UAGJXZ 10001ccd f i PINPad.obj
 0001:00000ccd       ?HandsOffStorage@?$IPersistStorageImpl@VCOPOSPINPad@@@ATL@@UAGJXZ 10001ccd f i PINPad.obj
 0001:00000ccd       ?Update@?$IOleObjectImpl@VCOPOSPINPad@@@ATL@@UAGJXZ 10001ccd f i PINPad.obj
 0001:00000cd2       ?GetUserType@?$IOleObjectImpl@VCOPOSPINPad@@@ATL@@UAGJKPAPA_W@Z 10001cd2 f i PINPad.obj
 0001:00000cea       ?SetExtent@?$IOleObjectImpl@VCOPOSPINPad@@@ATL@@UAGJKPAUtagSIZE@@@Z 10001cea f i PINPad.obj
 0001:00000d0a       ?GetExtent@?$IOleObjectImpl@VCOPOSPINPad@@@ATL@@UAGJKPAUtagSIZE@@@Z 10001d0a f i PINPad.obj
 0001:00000d48       ?Advise@?$IOleObjectImpl@VCOPOSPINPad@@@ATL@@UAGJPAUIAdviseSink@@PAK@Z 10001d48 f i PINPad.obj
 0001:00000d68       ?Unadvise@?$IOleObjectImpl@VCOPOSPINPad@@@ATL@@UAGJK@Z 10001d68 f i PINPad.obj
 0001:00000d97       ?EnumAdvise@?$IOleObjectImpl@VCOPOSPINPad@@@ATL@@UAGJPAPAUIEnumSTATDATA@@@Z 10001d97 f i PINPad.obj
 0001:00000dd7       ?GetMiscStatus@?$IOleObjectImpl@VCOPOSPINPad@@@ATL@@UAGJKPAK@Z 10001dd7 f i PINPad.obj
 0001:00000def       ?GetWindow@?$IOleInPlaceActiveObjectImpl@VCOPOSPINPad@@@ATL@@UAGJPAPAUHWND__@@@Z 10001def f i PINPad.obj
 0001:00000e3c       ?TranslateAcceleratorW@?$IOleInPlaceActiveObjectImpl@VCOPOSPINPad@@@ATL@@UAGJPAUtagMSG@@@Z 10001e3c f i PINPad.obj
 0001:00000eea       ?OnDocWindowActivate@?$IOleInPlaceActiveObjectImpl@VCOPOSPINPad@@@ATL@@UAGJH@Z 10001eea f i PINPad.obj
 0001:00000f0c       ?ResizeBorder@?$IOleInPlaceActiveObjectImpl@VCOPOSPINPad@@@ATL@@UAGJPBUtagRECT@@PAUIOleInPlaceUIWindow@@H@Z 10001f0c f i PINPad.obj
 0001:00000f11       ?Draw@?$IViewObjectExImpl@VCOPOSPINPad@@@ATL@@UAGJKJPAXPAUtagDVTARGETDEVICE@@PAUHDC__@@2PBU_RECTL@@3P6GHK@ZK@Z 10001f11 f i PINPad.obj
 0001:00000f43       ?GetColorSet@?$IViewObjectExImpl@VCOPOSPINPad@@@ATL@@UAGJKJPAXPAUtagDVTARGETDEVICE@@PAUHDC__@@PAPAUtagLOGPALETTE@@@Z 10001f43 f i PINPad.obj
 0001:00000f4b       ?Freeze@?$IViewObjectExImpl@VCOPOSPINPad@@@ATL@@UAGJKJPAXPAK@Z 10001f4b f i PINPad.obj
 0001:00000f53       ?SetAdvise@?$IViewObjectExImpl@VCOPOSPINPad@@@ATL@@UAGJKKPAUIAdviseSink@@@Z 10001f53 f i PINPad.obj
 0001:00000f72       ?GetAdvise@?$IViewObjectExImpl@VCOPOSPINPad@@@ATL@@UAGJPAK0PAPAUIAdviseSink@@@Z 10001f72 f i PINPad.obj
 0001:00000fa7       ?GetExtent@?$IViewObjectExImpl@VCOPOSPINPad@@@ATL@@UAGJKJPAUtagDVTARGETDEVICE@@PAUtagSIZE@@@Z 10001fa7 f i PINPad.obj
 0001:00000fd8       ?GetViewStatus@?$IViewObjectExImpl@VCOPOSPINPad@@@ATL@@UAGJPAK@Z 10001fd8 f i PINPad.obj
 0001:00000ff5       ?QueryHitPoint@?$IViewObjectExImpl@VCOPOSPINPad@@@ATL@@UAGJKPBUtagRECT@@UtagPOINT@@JPAK@Z 10001ff5 f i PINPad.obj
 0001:00001036       ?QueryHitRect@?$IViewObjectExImpl@VCOPOSPINPad@@@ATL@@UAGJKPBUtagRECT@@0JPAK@Z 10002036 f i PINPad.obj
 0001:00001091       ?GetNaturalExtent@?$IViewObjectExImpl@VCOPOSPINPad@@@ATL@@UAGJKJPAUtagDVTARGETDEVICE@@PAUHDC__@@PAUtagExtentInfo@@PAUtagSIZE@@@Z 10002091 f i PINPad.obj
 0001:000010dc       ?GetWindow@?$IOleInPlaceObjectWindowlessImpl@VCOPOSPINPad@@@ATL@@UAGJPAPAUHWND__@@@Z 100020dc f i PINPad.obj
 0001:00001129       ?InPlaceDeactivate@?$IOleInPlaceObjectWindowlessImpl@VCOPOSPINPad@@@ATL@@UAGJXZ 10002129 f i PINPad.obj
 0001:00001143       ?UIDeactivate@?$IOleInPlaceObjectWindowlessImpl@VCOPOSPINPad@@@ATL@@UAGJXZ 10002143 f i PINPad.obj
 0001:0000115d       ?SetObjectRects@?$IOleInPlaceObjectWindowlessImpl@VCOPOSPINPad@@@ATL@@UAGJPBUtagRECT@@0@Z 1000215d f i PINPad.obj
 0001:0000117d       ?ReactivateAndUndo@?$IOleInPlaceObjectWindowlessImpl@VCOPOSPINPad@@@ATL@@UAGJXZ 1000217d f i PINPad.obj
 0001:00001185       ?OnWindowMessage@?$IOleInPlaceObjectWindowlessImpl@VCOPOSPINPad@@@ATL@@UAGJIIJPAJ@Z 10002185 f i PINPad.obj
 0001:000011f5       ?EnumConnectionPoints@?$IConnectionPointContainerImpl@VCOPOSPINPad@@@ATL@@UAGJPAPAUIEnumConnectionPoints@@@Z 100021f5 f i PINPad.obj
 0001:0000136f       ?FindConnectionPoint@?$IConnectionPointContainerImpl@VCOPOSPINPad@@@ATL@@UAGJABU_GUID@@PAPAUIConnectionPoint@@@Z 1000236f f i PINPad.obj
 0001:00001412       ?IsDirty@?$IPersistStorageImpl@VCOPOSPINPad@@@ATL@@UAGJXZ 10002412 f i PINPad.obj
 0001:00001446       ?InitNew@?$IPersistStorageImpl@VCOPOSPINPad@@@ATL@@UAGJPAUIStorage@@@Z 10002446 f i PINPad.obj
 0001:0000147a       ?Load@?$IPersistStorageImpl@VCOPOSPINPad@@@ATL@@UAGJPAUIStorage@@@Z 1000247a f i PINPad.obj
 0001:000014e6       ?Save@?$IPersistStorageImpl@VCOPOSPINPad@@@ATL@@UAGJPAUIStorage@@H@Z 100024e6 f i PINPad.obj
 0001:00001559       ?GetPages@?$ISpecifyPropertyPagesImpl@VCOPOSPINPad@@@ATL@@UAGJPAUtagCAUUID@@@Z 10002559 f i PINPad.obj
 0001:00001570       ?QuickActivate@?$IQuickActivateImpl@VCOPOSPINPad@@@ATL@@UAGJPAUtagQACONTAINER@@PAUtagQACONTROL@@@Z 10002570 f i PINPad.obj
 0001:00001593       ?SetContentExtent@?$IQuickActivateImpl@VCOPOSPINPad@@@ATL@@UAGJPAUtagSIZE@@@Z 10002593 f i PINPad.obj
 0001:000015bf       ?GetContentExtent@?$IQuickActivateImpl@VCOPOSPINPad@@@ATL@@UAGJPAUtagSIZE@@@Z 100025bf f i PINPad.obj
 0001:000015f9       ?GetData@?$IDataObjectImpl@VCOPOSPINPad@@@ATL@@UAGJPAUtagFORMATETC@@PAUtagSTGMEDIUM@@@Z 100025f9 f i PINPad.obj
 0001:0000161c       ?DAdvise@?$IDataObjectImpl@VCOPOSPINPad@@@ATL@@UAGJPAUtagFORMATETC@@KPAUIAdviseSink@@PAK@Z 1000261c f i PINPad.obj
 0001:0000165d       ?DUnadvise@?$IDataObjectImpl@VCOPOSPINPad@@@ATL@@UAGJK@Z 1000265d f i PINPad.obj
 0001:0000168b       ?EnumDAdvise@?$IDataObjectImpl@VCOPOSPINPad@@@ATL@@UAGJPAPAUIEnumSTATDATA@@@Z 1000268b f i PINPad.obj
 0001:000016ca       ?GetClassInfoW@?$IProvideClassInfo2Impl@$1?CLSID_OPOSPINPad@@3U_GUID@@B$1?DIID__IOPOSPINPadEvents@@3U2@B$1?LIBID_OposPINPad_CCO@@3U2@B$00$0A@VCComTypeInfoHolder@ATL@@@ATL@@UAGJPAPAUITypeInfo@@@Z 100026ca f i PINPad.obj
 0001:000016e0       ?GetGUID@?$IProvideClassInfo2Impl@$1?CLSID_OPOSPINPad@@3U_GUID@@B$1?DIID__IOPOSPINPadEvents@@3U2@B$1?LIBID_OposPINPad_CCO@@3U2@B$00$0A@VCComTypeInfoHolder@ATL@@@ATL@@UAGJKPAU_GUID@@@Z 100026e0 f i PINPad.obj
 0001:0000171e       __get_startup_argv_mode    1000271e f i LIBCMT:argv_mode.obj
 0001:0000171e       ?FAccessAllowed@?$IObjectSafetyImpl@VCOPOSPINPad@@$02@ATL@@MAEHXZ 1000271e f i PINPad.obj
 0001:00001722       ?GetInterfaceSafetyOptions@?$IObjectSafetyImpl@VCOPOSPINPad@@$02@ATL@@UAGJABU_GUID@@PAK1@Z 10002722 f i PINPad.obj
 0001:00001796       ?SetInterfaceSafetyOptions@?$IObjectSafetyImpl@VCOPOSPINPad@@$02@ATL@@UAGJABU_GUID@@KK@Z 10002796 f i PINPad.obj
 0001:00001810       ?_LocCPQueryInterface@?$IConnectionPointImpl@VCOPOSPINPad@@$1?IID_IPropertyNotifySink@@3U_GUID@@BVCComDynamicUnkArray@ATL@@@ATL@@UAGJABU_GUID@@PAPAX@Z 10002810 f i PINPad.obj
 0001:00001810       ?_LocCPQueryInterface@?$IConnectionPointImpl@VCOPOSPINPad@@$1?DIID__IOPOSPINPadEvents@@3U_GUID@@BVCComDynamicUnkArray@ATL@@@ATL@@UAGJABU_GUID@@PAPAX@Z 10002810 f i PINPad.obj
 0001:0000185d       ?GetConnectionInterface@?$IConnectionPointImpl@VCOPOSPINPad@@$1?IID_IPropertyNotifySink@@3U_GUID@@BVCComDynamicUnkArray@ATL@@@ATL@@UAGJPAU_GUID@@@Z 1000285d f i PINPad.obj
 0001:00001881       ?GetConnectionPointContainer@?$IConnectionPointImpl@VCOPOSPINPad@@$1?IID_IPropertyNotifySink@@3U_GUID@@BVCComDynamicUnkArray@ATL@@@ATL@@UAGJPAPAUIConnectionPointContainer@@@Z 10002881 f i PINPad.obj
 0001:000018a4       ?Advise@?$IConnectionPointImpl@VCOPOSPINPad@@$1?DIID__IOPOSPINPadEvents@@3U_GUID@@BVCComDynamicUnkArray@ATL@@@ATL@@UAGJPAUIUnknown@@PAK@Z 100028a4 f i PINPad.obj
 0001:000018a4       ?Advise@?$IConnectionPointImpl@VCOPOSPINPad@@$1?IID_IPropertyNotifySink@@3U_GUID@@BVCComDynamicUnkArray@ATL@@@ATL@@UAGJPAUIUnknown@@PAK@Z 100028a4 f i PINPad.obj
 0001:00001945       ?Unadvise@?$IConnectionPointImpl@VCOPOSPINPad@@$1?IID_IPropertyNotifySink@@3U_GUID@@BVCComDynamicUnkArray@ATL@@@ATL@@UAGJK@Z 10002945 f i PINPad.obj
 0001:00001945       ?Unadvise@?$IConnectionPointImpl@VCOPOSPINPad@@$1?DIID__IOPOSPINPadEvents@@3U_GUID@@BVCComDynamicUnkArray@ATL@@@ATL@@UAGJK@Z 10002945 f i PINPad.obj
 0001:00001985       ?EnumConnections@?$IConnectionPointImpl@VCOPOSPINPad@@$1?IID_IPropertyNotifySink@@3U_GUID@@BVCComDynamicUnkArray@ATL@@@ATL@@UAGJPAPAUIEnumConnections@@@Z 10002985 f i PINPad.obj
 0001:00001985       ?EnumConnections@?$IConnectionPointImpl@VCOPOSPINPad@@$1?DIID__IOPOSPINPadEvents@@3U_GUID@@BVCComDynamicUnkArray@ATL@@@ATL@@UAGJPAPAUIEnumConnections@@@Z 10002985 f i PINPad.obj
 0001:00001a8b       ?GetObjectDescription@?$CComCoClass@VCOPOSPINPad@@$1?CLSID_OPOSPINPad@@3U_GUID@@B@ATL@@SGPB_WXZ 10002a8b f i PINPad.obj
 0001:00001a8b       ?GetCategoryMap@CComObjectRootBase@ATL@@SAPBU_ATL_CATMAP_ENTRY@2@XZ 10002a8b f i PINPad.obj
 0001:00001a8e       ?GetConnectionInterface@?$IConnectionPointImpl@VCOPOSPINPad@@$1?DIID__IOPOSPINPadEvents@@3U_GUID@@BVCComDynamicUnkArray@ATL@@@ATL@@UAGJPAU_GUID@@@Z 10002a8e f i PINPad.obj
 0001:00001ab2       ?GetConnectionPointContainer@?$IConnectionPointImpl@VCOPOSPINPad@@$1?DIID__IOPOSPINPadEvents@@3U_GUID@@BVCComDynamicUnkArray@ATL@@@ATL@@UAGJPAPAUIConnectionPointContainer@@@Z 10002ab2 f i PINPad.obj
 0001:00001ad5       ?UpdateRegistry@COPOSPINPad@@SGJH@Z 10002ad5 f i PINPad.obj
 0001:00001aed       ?ProcessWindowMessage@COPOSPINPad@@UAEHPAUHWND__@@IIJAAJK@Z 10002aed f i PINPad.obj
 0001:00001b36       ?SOData@COPOSPINPad@@MAGJJ@Z 10002b36 f i PINPad.obj
 0001:00001b6f       ?SODirectIO@COPOSPINPad@@MAGJJPAJPAPA_W@Z 10002b6f f i PINPad.obj
 0001:00001bb8       ?SOError@COPOSPINPad@@MAGJJJJPAJ@Z 10002bb8 f i PINPad.obj
 0001:00001c0d       ?SOStatusUpdate@COPOSPINPad@@MAGJJ@Z 10002c0d f i PINPad.obj
 0001:00001c46       ?Lock@CAtlModule@ATL@@UAEJXZ 10002c46 f i PINPad.obj
 0001:00001c50       ?Unlock@CAtlModule@ATL@@UAEJXZ 10002c50 f i PINPad.obj
 0001:00001c5a       ?GetLockCount@CAtlModule@ATL@@UAEJXZ 10002c5a f i PINPad.obj
 0001:00001c5e       ?GetGITPtr@CAtlModule@ATL@@UAEJPAPAUIGlobalInterfaceTable@@@Z 10002c5e f i PINPad.obj
 0001:00001caa       ?AddCommonRGSReplacements@?$CAtlModuleT@VCComModule@ATL@@@ATL@@UAEJPAUIRegistrarBase@@@Z 10002caa f i PINPad.obj
 0001:00001cc4       ?UpdateRegistryFromResourceD@CComModule@ATL@@UAGJPB_WHPAU_ATL_REGMAP_ENTRY@2@@Z 10002cc4 f i PINPad.obj
 0001:00001cc4       ?UpdateRegistryFromResourceD@CComModule@ATL@@UAGJIHPAU_ATL_REGMAP_ENTRY@2@@Z 10002cc4 f i PINPad.obj
 0001:00001ccc       ?UpdateRegistryFromResource@CComModule@ATL@@UAGJPB_WHPAU_ATL_REGMAP_ENTRY@2@@Z 10002ccc f i PINPad.obj
 0001:00001cd5       ?UpdateRegistryFromResource@CComModule@ATL@@UAGJIHPAU_ATL_REGMAP_ENTRY@2@@Z 10002cd5 f i PINPad.obj
 0001:00001cde       ??_ECComModule@ATL@@UAEPAXI@Z 10002cde f i PINPad.obj
 0001:00001cde       ??_GCComModule@ATL@@UAEPAXI@Z 10002cde f i PINPad.obj
 0001:00001d06       ?CreateInstance@?$CComCreator@V?$CComObjectCached@VCComClassFactory@ATL@@@ATL@@@ATL@@SGJPAXABU_GUID@@PAPAX@Z 10002d06 f i PINPad.obj
 0001:00001db2       ?CreateInstance@?$CComCreator2@V?$CComCreator@V?$CComObject@VCOPOSPINPad@@@ATL@@@ATL@@V?$CComCreator@V?$CComAggObject@VCOPOSPINPad@@@ATL@@@2@@ATL@@SGJPAXABU_GUID@@PAPAX@Z 10002db2 f i PINPad.obj
 0001:00001dd2       ?AddRef@?$CComObjectCached@VCComClassFactory@ATL@@@ATL@@UAGKXZ 10002dd2 f i PINPad.obj
 0001:00001df9       ?Release@?$CComObjectCached@VCComClassFactory@ATL@@@ATL@@UAGKXZ 10002df9 f i PINPad.obj
 0001:00001e2f       ?QueryInterface@?$CComObjectCached@VCComClassFactory@ATL@@@ATL@@UAGJABU_GUID@@PAPAX@Z 10002e2f f i PINPad.obj
 0001:00001e49       ??_G?$CComObjectCached@VCComClassFactory@ATL@@@ATL@@UAEPAXI@Z 10002e49 f i PINPad.obj
 0001:00001e49       ??_E?$CComObjectCached@VCComClassFactory@ATL@@@ATL@@UAEPAXI@Z 10002e49 f i PINPad.obj
 0001:00001e6b       ?Next@?$CComEnumImpl@UIEnumConnectionPoints@@$1?_GUID_b196b285_bab4_101a_b69c_00aa00341d07@@3U__s_GUID@@BPAUIConnectionPoint@@V?$_CopyInterface@UIConnectionPoint@@@ATL@@@ATL@@UAGJKPAPAUIConnectionPoint@@PAK@Z 10002e6b f i PINPad.obj
 0001:00001f42       ?Skip@?$CComEnumImpl@UIEnumConnectionPoints@@$1?_GUID_b196b285_bab4_101a_b69c_00aa00341d07@@3U__s_GUID@@BPAUIConnectionPoint@@V?$_CopyInterface@UIConnectionPoint@@@ATL@@@ATL@@UAGJK@Z 10002f42 f i PINPad.obj
 0001:00001f6f       ?Reset@?$CComEnumImpl@UIEnumConnectionPoints@@$1?_GUID_b196b285_bab4_101a_b69c_00aa00341d07@@3U__s_GUID@@BPAUIConnectionPoint@@V?$_CopyInterface@UIConnectionPoint@@@ATL@@@ATL@@UAGJXZ 10002f6f f i PINPad.obj
 0001:00001f6f       ?Reset@?$CComEnumImpl@UIEnumConnections@@$1?_GUID_b196b287_bab4_101a_b69c_00aa00341d07@@3U__s_GUID@@BUtagCONNECTDATA@@V?$_Copy@UtagCONNECTDATA@@@ATL@@@ATL@@UAGJXZ 10002f6f f i PINPad.obj
 0001:00001f81       ?Clone@?$CComEnumImpl@UIEnumConnectionPoints@@$1?_GUID_b196b285_bab4_101a_b69c_00aa00341d07@@3U__s_GUID@@BPAUIConnectionPoint@@V?$_CopyInterface@UIConnectionPoint@@@ATL@@@ATL@@UAGJPAPAUIEnumConnectionPoints@@@Z 10002f81 f i PINPad.obj
 0001:00002062       ?AddRef@?$CComObject@V?$CComEnum@UIEnumConnectionPoints@@$1?_GUID_b196b285_bab4_101a_b69c_00aa00341d07@@3U__s_GUID@@BPAUIConnectionPoint@@V?$_CopyInterface@UIConnectionPoint@@@ATL@@VCComSingleThreadModel@6@@ATL@@@ATL@@UAGKXZ 10003062 f i PINPad.obj
 0001:00002062       ?AddRef@?$CComObject@V?$CComEnum@UIEnumConnections@@$1?_GUID_b196b287_bab4_101a_b69c_00aa00341d07@@3U__s_GUID@@BUtagCONNECTDATA@@V?$_Copy@UtagCONNECTDATA@@@ATL@@VCComSingleThreadModel@6@@ATL@@@ATL@@UAGKXZ 10003062 f i PINPad.obj
 0001:00002073       ?Release@?$CComObject@V?$CComEnum@UIEnumConnectionPoints@@$1?_GUID_b196b285_bab4_101a_b69c_00aa00341d07@@3U__s_GUID@@BPAUIConnectionPoint@@V?$_CopyInterface@UIConnectionPoint@@@ATL@@VCComSingleThreadModel@6@@ATL@@@ATL@@UAGKXZ 10003073 f i PINPad.obj
 0001:00002073       ?Release@?$CComObject@V?$CComEnum@UIEnumConnections@@$1?_GUID_b196b287_bab4_101a_b69c_00aa00341d07@@3U__s_GUID@@BUtagCONNECTDATA@@V?$_Copy@UtagCONNECTDATA@@@ATL@@VCComSingleThreadModel@6@@ATL@@@ATL@@UAGKXZ 10003073 f i PINPad.obj
 0001:000020af       ?QueryInterface@?$CComObject@V?$CComEnum@UIEnumConnectionPoints@@$1?_GUID_b196b285_bab4_101a_b69c_00aa00341d07@@3U__s_GUID@@BPAUIConnectionPoint@@V?$_CopyInterface@UIConnectionPoint@@@ATL@@VCComSingleThreadModel@6@@ATL@@@ATL@@UAGJABU_GUID@@PAPAX@Z 100030af f i PINPad.obj
 0001:000020c9       ??_G?$CComObject@V?$CComEnum@UIEnumConnectionPoints@@$1?_GUID_b196b285_bab4_101a_b69c_00aa00341d07@@3U__s_GUID@@BPAUIConnectionPoint@@V?$_CopyInterface@UIConnectionPoint@@@ATL@@VCComSingleThreadModel@6@@ATL@@@ATL@@UAEPAXI@Z 100030c9 f i PINPad.obj
 0001:000020c9       ??_E?$CComObject@V?$CComEnum@UIEnumConnectionPoints@@$1?_GUID_b196b285_bab4_101a_b69c_00aa00341d07@@3U__s_GUID@@BPAUIConnectionPoint@@V?$_CopyInterface@UIConnectionPoint@@@ATL@@VCComSingleThreadModel@6@@ATL@@@ATL@@UAEPAXI@Z 100030c9 f i PINPad.obj
 0001:000020eb       ?AddRef@CRegObject@ATL@@UAGKXZ 100030eb f i PINPad.obj
 0001:000020f1       ?AddReplacement@CRegObject@ATL@@UAGJPB_W0@Z 100030f1 f i PINPad.obj
 0001:0000212a       ?ClearReplacements@CRegObject@ATL@@UAGJXZ 1000312a f i PINPad.obj
 0001:0000213c       ??_GCRegObject@ATL@@UAEPAXI@Z 1000313c f i PINPad.obj
 0001:0000213c       ??_ECRegObject@ATL@@UAEPAXI@Z 1000313c f i PINPad.obj
 0001:0000215e       ?AddRef@?$CComAggObject@VCOPOSPINPad@@@ATL@@UAGKXZ 1000315e f i PINPad.obj
 0001:0000216f       ?Release@?$CComAggObject@VCOPOSPINPad@@@ATL@@UAGKXZ 1000316f f i PINPad.obj
 0001:000021ab       ?QueryInterface@?$CComAggObject@VCOPOSPINPad@@@ATL@@UAGJABU_GUID@@PAPAX@Z 100031ab f i PINPad.obj
 0001:000021fa       ?AddRef@?$CComContainedObject@VCOPOSPINPad@@@ATL@@UAGKXZ 100031fa f i PINPad.obj
 0001:00002210       ?Release@?$CComContainedObject@VCOPOSPINPad@@@ATL@@UAGKXZ 10003210 f i PINPad.obj
 0001:00002226       ?QueryInterface@?$CComContainedObject@VCOPOSPINPad@@@ATL@@UAGJABU_GUID@@PAPAX@Z 10003226 f i PINPad.obj
 0001:00002241       ??_E?$CComAggObject@VCOPOSPINPad@@@ATL@@UAEPAXI@Z 10003241 f i PINPad.obj
 0001:00002241       ??_G?$CComAggObject@VCOPOSPINPad@@@ATL@@UAEPAXI@Z 10003241 f i PINPad.obj
 0001:00002266       ?AddRef@?$CComObject@VCOPOSPINPad@@@ATL@@UAGKXZ 10003266 f i PINPad.obj
 0001:0000227d       ?Release@?$CComObject@VCOPOSPINPad@@@ATL@@UAGKXZ 1000327d f i PINPad.obj
 0001:000022bf       ?QueryInterface@?$CComObject@VCOPOSPINPad@@@ATL@@UAGJABU_GUID@@PAPAX@Z 100032bf f i PINPad.obj
 0001:000022d9       ?OnDrawAdvanced@CComControlBase@ATL@@UAEJAAUATL_DRAWINFO@@@Z 100032d9 f i PINPad.obj
 0001:000023cc       ?Next@?$CComEnumImpl@UIEnumConnections@@$1?_GUID_b196b287_bab4_101a_b69c_00aa00341d07@@3U__s_GUID@@BUtagCONNECTDATA@@V?$_Copy@UtagCONNECTDATA@@@ATL@@@ATL@@UAGJKPAUtagCONNECTDATA@@PAK@Z 100033cc f i PINPad.obj
 0001:000024a3       ?Skip@?$CComEnumImpl@UIEnumConnections@@$1?_GUID_b196b287_bab4_101a_b69c_00aa00341d07@@3U__s_GUID@@BUtagCONNECTDATA@@V?$_Copy@UtagCONNECTDATA@@@ATL@@@ATL@@UAGJK@Z 100034a3 f i PINPad.obj
 0001:000024d0       ?Clone@?$CComEnumImpl@UIEnumConnections@@$1?_GUID_b196b287_bab4_101a_b69c_00aa00341d07@@3U__s_GUID@@BUtagCONNECTDATA@@V?$_Copy@UtagCONNECTDATA@@@ATL@@@ATL@@UAGJPAPAUIEnumConnections@@@Z 100034d0 f i PINPad.obj
 0001:000025b1       ?QueryInterface@?$CComObject@V?$CComEnum@UIEnumConnections@@$1?_GUID_b196b287_bab4_101a_b69c_00aa00341d07@@3U__s_GUID@@BUtagCONNECTDATA@@V?$_Copy@UtagCONNECTDATA@@@ATL@@VCComSingleThreadModel@6@@ATL@@@ATL@@UAGJABU_GUID@@PAPAX@Z 100035b1 f i PINPad.obj
 0001:000025cb       ??_E?$CComObject@V?$CComEnum@UIEnumConnections@@$1?_GUID_b196b287_bab4_101a_b69c_00aa00341d07@@3U__s_GUID@@BUtagCONNECTDATA@@V?$_Copy@UtagCONNECTDATA@@@ATL@@VCComSingleThreadModel@6@@ATL@@@ATL@@UAEPAXI@Z 100035cb f i PINPad.obj
 0001:000025cb       ??_G?$CComObject@V?$CComEnum@UIEnumConnections@@$1?_GUID_b196b287_bab4_101a_b69c_00aa00341d07@@3U__s_GUID@@BUtagCONNECTDATA@@V?$_Copy@UtagCONNECTDATA@@@ATL@@VCComSingleThreadModel@6@@ATL@@@ATL@@UAEPAXI@Z 100035cb f i PINPad.obj
 0001:000025ed       ??_E?$CComObject@VCOPOSPINPad@@@ATL@@W3AEPAXI@Z 100035ed f i PINPad.obj
 0001:000025f5       ??_E?$CComObject@VCOPOSPINPad@@@ATL@@WEM@AEPAXI@Z 100035f5 f i PINPad.obj
 0001:000025fd       ?QueryInterface@?$CComObject@VCOPOSPINPad@@@ATL@@WHA@AGJABU_GUID@@PAPAX@Z 100035fd f i PINPad.obj
 0001:00002607       ?AddRef@?$CComObject@VCOPOSPINPad@@@ATL@@WHA@AGKXZ 10003607 f i PINPad.obj
 0001:00002611       ?Release@?$CComObject@VCOPOSPINPad@@@ATL@@WHA@AGKXZ 10003611 f i PINPad.obj
 0001:0000261b       ?QueryInterface@?$CComObject@VCOPOSPINPad@@@ATL@@WHE@AGJABU_GUID@@PAPAX@Z 1000361b f i PINPad.obj
 0001:00002625       ?AddRef@?$CComObject@VCOPOSPINPad@@@ATL@@WHE@AGKXZ 10003625 f i PINPad.obj
 0001:0000262f       ?Release@?$CComObject@VCOPOSPINPad@@@ATL@@WHE@AGKXZ 1000362f f i PINPad.obj
 0001:00002639       ?QueryInterface@?$CComObject@VCOPOSPINPad@@@ATL@@WHI@AGJABU_GUID@@PAPAX@Z 10003639 f i PINPad.obj
 0001:00002643       ?AddRef@?$CComObject@VCOPOSPINPad@@@ATL@@WHI@AGKXZ 10003643 f i PINPad.obj
 0001:0000264d       ?Release@?$CComObject@VCOPOSPINPad@@@ATL@@WHI@AGKXZ 1000364d f i PINPad.obj
 0001:00002657       ?QueryInterface@?$CComObject@VCOPOSPINPad@@@ATL@@WHM@AGJABU_GUID@@PAPAX@Z 10003657 f i PINPad.obj
 0001:00002661       ?AddRef@?$CComObject@VCOPOSPINPad@@@ATL@@WHM@AGKXZ 10003661 f i PINPad.obj
 0001:0000266b       ?Release@?$CComObject@VCOPOSPINPad@@@ATL@@WHM@AGKXZ 1000366b f i PINPad.obj
 0001:00002675       ?QueryInterface@?$CComObject@VCOPOSPINPad@@@ATL@@WIA@AGJABU_GUID@@PAPAX@Z 10003675 f i PINPad.obj
 0001:00002682       ?AddRef@?$CComObject@VCOPOSPINPad@@@ATL@@WIA@AGKXZ 10003682 f i PINPad.obj
 0001:0000268f       ?Release@?$CComObject@VCOPOSPINPad@@@ATL@@WIA@AGKXZ 1000368f f i PINPad.obj
 0001:0000269c       ?QueryInterface@?$CComObject@VCOPOSPINPad@@@ATL@@WIE@AGJABU_GUID@@PAPAX@Z 1000369c f i PINPad.obj
 0001:000026a9       ?AddRef@?$CComObject@VCOPOSPINPad@@@ATL@@WIE@AGKXZ 100036a9 f i PINPad.obj
 0001:000026b6       ?Release@?$CComObject@VCOPOSPINPad@@@ATL@@WIE@AGKXZ 100036b6 f i PINPad.obj
 0001:000026c3       ?QueryInterface@?$CComObject@VCOPOSPINPad@@@ATL@@WII@AGJABU_GUID@@PAPAX@Z 100036c3 f i PINPad.obj
 0001:000026d0       ?AddRef@?$CComObject@VCOPOSPINPad@@@ATL@@WII@AGKXZ 100036d0 f i PINPad.obj
 0001:000026dd       ?Release@?$CComObject@VCOPOSPINPad@@@ATL@@WII@AGKXZ 100036dd f i PINPad.obj
 0001:000026ea       ?QueryInterface@?$CComObject@VCOPOSPINPad@@@ATL@@WIM@AGJABU_GUID@@PAPAX@Z 100036ea f i PINPad.obj
 0001:000026f7       ?AddRef@?$CComObject@VCOPOSPINPad@@@ATL@@WIM@AGKXZ 100036f7 f i PINPad.obj
 0001:00002704       ?Release@?$CComObject@VCOPOSPINPad@@@ATL@@WIM@AGKXZ 10003704 f i PINPad.obj
 0001:00002711       ?QueryInterface@?$CComObject@VCOPOSPINPad@@@ATL@@WJA@AGJABU_GUID@@PAPAX@Z 10003711 f i PINPad.obj
 0001:0000271e       ?AddRef@?$CComObject@VCOPOSPINPad@@@ATL@@WJA@AGKXZ 1000371e f i PINPad.obj
 0001:0000272b       ?Release@?$CComObject@VCOPOSPINPad@@@ATL@@WJA@AGKXZ 1000372b f i PINPad.obj
 0001:00002738       ?QueryInterface@?$CComObject@VCOPOSPINPad@@@ATL@@WJE@AGJABU_GUID@@PAPAX@Z 10003738 f i PINPad.obj
 0001:00002745       ?AddRef@?$CComObject@VCOPOSPINPad@@@ATL@@WJE@AGKXZ 10003745 f i PINPad.obj
 0001:00002752       ?Release@?$CComObject@VCOPOSPINPad@@@ATL@@WJE@AGKXZ 10003752 f i PINPad.obj
 0001:0000275f       ?QueryInterface@?$CComObject@VCOPOSPINPad@@@ATL@@WJI@AGJABU_GUID@@PAPAX@Z 1000375f f i PINPad.obj
 0001:0000276c       ?AddRef@?$CComObject@VCOPOSPINPad@@@ATL@@WJI@AGKXZ 1000376c f i PINPad.obj
 0001:00002779       ?Release@?$CComObject@VCOPOSPINPad@@@ATL@@WJI@AGKXZ 10003779 f i PINPad.obj
 0001:00002786       ?QueryInterface@?$CComObject@VCOPOSPINPad@@@ATL@@WJM@AGJABU_GUID@@PAPAX@Z 10003786 f i PINPad.obj
 0001:00002793       ?AddRef@?$CComObject@VCOPOSPINPad@@@ATL@@WJM@AGKXZ 10003793 f i PINPad.obj
 0001:000027a0       ?Release@?$CComObject@VCOPOSPINPad@@@ATL@@WJM@AGKXZ 100037a0 f i PINPad.obj
 0001:000027ad       ?QueryInterface@?$CComObject@VCOPOSPINPad@@@ATL@@WKA@AGJABU_GUID@@PAPAX@Z 100037ad f i PINPad.obj
 0001:000027ba       ?AddRef@?$CComObject@VCOPOSPINPad@@@ATL@@WKA@AGKXZ 100037ba f i PINPad.obj
 0001:000027c7       ?Release@?$CComObject@VCOPOSPINPad@@@ATL@@WKA@AGKXZ 100037c7 f i PINPad.obj
 0001:000027d4       ?AddRef@?$CComObject@VCOPOSPINPad@@@ATL@@WKI@AGKXZ 100037d4 f i PINPad.obj
 0001:000027e1       ?Release@?$CComObject@VCOPOSPINPad@@@ATL@@WKI@AGKXZ 100037e1 f i PINPad.obj
 0001:000027ee       ?AddRef@?$CComObject@VCOPOSPINPad@@@ATL@@WLE@AGKXZ 100037ee f i PINPad.obj
 0001:000027fb       ?Release@?$CComObject@VCOPOSPINPad@@@ATL@@WLE@AGKXZ 100037fb f i PINPad.obj
 0001:00002808       ??_E?$CComContainedObject@VCOPOSPINPad@@@ATL@@W3AEPAXI@Z 10003808 f i PINPad.obj
 0001:00002810       ??_E?$CComContainedObject@VCOPOSPINPad@@@ATL@@WEM@AEPAXI@Z 10003810 f i PINPad.obj
 0001:00002818       ?QueryInterface@?$CComContainedObject@VCOPOSPINPad@@@ATL@@WHA@AGJABU_GUID@@PAPAX@Z 10003818 f i PINPad.obj
 0001:00002822       ?AddRef@?$CComContainedObject@VCOPOSPINPad@@@ATL@@WHA@AGKXZ 10003822 f i PINPad.obj
 0001:0000282c       ?Release@?$CComContainedObject@VCOPOSPINPad@@@ATL@@WHA@AGKXZ 1000382c f i PINPad.obj
 0001:00002836       ?QueryInterface@?$CComContainedObject@VCOPOSPINPad@@@ATL@@WHE@AGJABU_GUID@@PAPAX@Z 10003836 f i PINPad.obj
 0001:00002840       ?AddRef@?$CComContainedObject@VCOPOSPINPad@@@ATL@@WHE@AGKXZ 10003840 f i PINPad.obj
 0001:0000284a       ?Release@?$CComContainedObject@VCOPOSPINPad@@@ATL@@WHE@AGKXZ 1000384a f i PINPad.obj
 0001:00002854       ?QueryInterface@?$CComContainedObject@VCOPOSPINPad@@@ATL@@WHI@AGJABU_GUID@@PAPAX@Z 10003854 f i PINPad.obj
 0001:0000285e       ?AddRef@?$CComContainedObject@VCOPOSPINPad@@@ATL@@WHI@AGKXZ 1000385e f i PINPad.obj
 0001:00002868       ?Release@?$CComContainedObject@VCOPOSPINPad@@@ATL@@WHI@AGKXZ 10003868 f i PINPad.obj
 0001:00002872       ?QueryInterface@?$CComContainedObject@VCOPOSPINPad@@@ATL@@WHM@AGJABU_GUID@@PAPAX@Z 10003872 f i PINPad.obj
 0001:0000287c       ?AddRef@?$CComContainedObject@VCOPOSPINPad@@@ATL@@WHM@AGKXZ 1000387c f i PINPad.obj
 0001:00002886       ?Release@?$CComContainedObject@VCOPOSPINPad@@@ATL@@WHM@AGKXZ 10003886 f i PINPad.obj
 0001:00002890       ?QueryInterface@?$CComContainedObject@VCOPOSPINPad@@@ATL@@WIA@AGJABU_GUID@@PAPAX@Z 10003890 f i PINPad.obj
 0001:0000289d       ?AddRef@?$CComContainedObject@VCOPOSPINPad@@@ATL@@WIA@AGKXZ 1000389d f i PINPad.obj
 0001:000028aa       ?Release@?$CComContainedObject@VCOPOSPINPad@@@ATL@@WIA@AGKXZ 100038aa f i PINPad.obj
 0001:000028b7       ?QueryInterface@?$CComContainedObject@VCOPOSPINPad@@@ATL@@WIE@AGJABU_GUID@@PAPAX@Z 100038b7 f i PINPad.obj
 0001:000028c4       ?AddRef@?$CComContainedObject@VCOPOSPINPad@@@ATL@@WIE@AGKXZ 100038c4 f i PINPad.obj
 0001:000028d1       ?Release@?$CComContainedObject@VCOPOSPINPad@@@ATL@@WIE@AGKXZ 100038d1 f i PINPad.obj
 0001:000028de       ?QueryInterface@?$CComContainedObject@VCOPOSPINPad@@@ATL@@WII@AGJABU_GUID@@PAPAX@Z 100038de f i PINPad.obj
 0001:000028eb       ?AddRef@?$CComContainedObject@VCOPOSPINPad@@@ATL@@WII@AGKXZ 100038eb f i PINPad.obj
 0001:000028f8       ?Release@?$CComContainedObject@VCOPOSPINPad@@@ATL@@WII@AGKXZ 100038f8 f i PINPad.obj
 0001:00002905       ?QueryInterface@?$CComContainedObject@VCOPOSPINPad@@@ATL@@WIM@AGJABU_GUID@@PAPAX@Z 10003905 f i PINPad.obj
 0001:00002912       ?AddRef@?$CComContainedObject@VCOPOSPINPad@@@ATL@@WIM@AGKXZ 10003912 f i PINPad.obj
 0001:0000291f       ?Release@?$CComContainedObject@VCOPOSPINPad@@@ATL@@WIM@AGKXZ 1000391f f i PINPad.obj
 0001:0000292c       ?QueryInterface@?$CComContainedObject@VCOPOSPINPad@@@ATL@@WJA@AGJABU_GUID@@PAPAX@Z 1000392c f i PINPad.obj
 0001:00002939       ?AddRef@?$CComContainedObject@VCOPOSPINPad@@@ATL@@WJA@AGKXZ 10003939 f i PINPad.obj
 0001:00002946       ?Release@?$CComContainedObject@VCOPOSPINPad@@@ATL@@WJA@AGKXZ 10003946 f i PINPad.obj
 0001:00002953       ?QueryInterface@?$CComContainedObject@VCOPOSPINPad@@@ATL@@WJE@AGJABU_GUID@@PAPAX@Z 10003953 f i PINPad.obj
 0001:00002960       ?AddRef@?$CComContainedObject@VCOPOSPINPad@@@ATL@@WJE@AGKXZ 10003960 f i PINPad.obj
 0001:0000296d       ?Release@?$CComContainedObject@VCOPOSPINPad@@@ATL@@WJE@AGKXZ 1000396d f i PINPad.obj
 0001:0000297a       ?QueryInterface@?$CComContainedObject@VCOPOSPINPad@@@ATL@@WJI@AGJABU_GUID@@PAPAX@Z 1000397a f i PINPad.obj
 0001:00002987       ?AddRef@?$CComContainedObject@VCOPOSPINPad@@@ATL@@WJI@AGKXZ 10003987 f i PINPad.obj
 0001:00002994       ?Release@?$CComContainedObject@VCOPOSPINPad@@@ATL@@WJI@AGKXZ 10003994 f i PINPad.obj
 0001:000029a1       ?QueryInterface@?$CComContainedObject@VCOPOSPINPad@@@ATL@@WJM@AGJABU_GUID@@PAPAX@Z 100039a1 f i PINPad.obj
 0001:000029ae       ?AddRef@?$CComContainedObject@VCOPOSPINPad@@@ATL@@WJM@AGKXZ 100039ae f i PINPad.obj
 0001:000029bb       ?Release@?$CComContainedObject@VCOPOSPINPad@@@ATL@@WJM@AGKXZ 100039bb f i PINPad.obj
 0001:000029c8       ?QueryInterface@?$CComContainedObject@VCOPOSPINPad@@@ATL@@WKA@AGJABU_GUID@@PAPAX@Z 100039c8 f i PINPad.obj
 0001:000029d5       ?AddRef@?$CComContainedObject@VCOPOSPINPad@@@ATL@@WKA@AGKXZ 100039d5 f i PINPad.obj
 0001:000029e2       ?Release@?$CComContainedObject@VCOPOSPINPad@@@ATL@@WKA@AGKXZ 100039e2 f i PINPad.obj
 0001:000029ef       ?AddRef@?$CComContainedObject@VCOPOSPINPad@@@ATL@@WKI@AGKXZ 100039ef f i PINPad.obj
 0001:000029fc       ?Release@?$CComContainedObject@VCOPOSPINPad@@@ATL@@WKI@AGKXZ 100039fc f i PINPad.obj
 0001:00002a09       ?AddRef@?$CComContainedObject@VCOPOSPINPad@@@ATL@@WLE@AGKXZ 10003a09 f i PINPad.obj
 0001:00002a16       ?Release@?$CComContainedObject@VCOPOSPINPad@@@ATL@@WLE@AGKXZ 10003a16 f i PINPad.obj
 0001:00002a23       ??$?4UITypeInfo2@@@?$CComPtr@UITypeInfo@@@ATL@@QAEPAUITypeInfo@@ABV?$CComPtr@UITypeInfo2@@@1@@Z 10003a23 f i PINPad.obj
 0001:00002a50       ??$AtlAdd@K@ATL@@YAJPAKKK@Z 10003a50 f i PINPad.obj
 0001:00002a73       ??$AtlAdd@_K@ATL@@YAJPA_K_K1@Z 10003a73 f i PINPad.obj
 0001:00002aab       ??$AtlAddThrow@K@ATL@@YAKKK@Z 10003aab f i PINPad.obj
 0001:00002ad1       ??$AtlModuleRegisterWndClassInfoT@VAtlModuleRegisterWndClassInfoParamW@ATL@@@ATL@@YAGPAU_ATL_BASE_MODULE70@0@PAU_ATL_WIN_MODULE70@0@PAU_ATL_WNDCLASSINFOW@0@PAP6GJPAUHWND__@@IIJ@ZVAtlModuleRegisterWndClassInfoParamW@0@@Z 10003ad1 f i PINPad.obj
 0001:00002c1f       ??$AtlMultiply@H@ATL@@YAJPAHHH@Z 10003c1f f i PINPad.obj
 0001:00002c57       ??$AtlMultiply@K@ATL@@YAJPAKKK@Z 10003c57 f i PINPad.obj
 0001:00002c57       ??$AtlMultiply@I@ATL@@YAJPAIII@Z 10003c57 f i PINPad.obj
 0001:00002c79       ??$AtlMultiplyThrow@I@ATL@@YAIII@Z 10003c79 f i PINPad.obj
 0001:00002c9f       ??0?$CComAggObject@VCOPOSPINPad@@@ATL@@QAE@PAX@Z 10003c9f f i PINPad.obj
 0001:00002ccc       ??0?$CComContainedObject@VCOPOSPINPad@@@ATL@@QAE@PAX@Z 10003ccc f i PINPad.obj
 0001:00002d85       ??0?$CComObject@V?$CComEnum@UIEnumConnectionPoints@@$1?_GUID_b196b285_bab4_101a_b69c_00aa00341d07@@3U__s_GUID@@BPAUIConnectionPoint@@V?$_CopyInterface@UIConnectionPoint@@@ATL@@VCComSingleThreadModel@6@@ATL@@@ATL@@QAE@PAX@Z 10003d85 f i PINPad.obj
 0001:00002db3       ??0?$CComObject@V?$CComEnum@UIEnumConnections@@$1?_GUID_b196b287_bab4_101a_b69c_00aa00341d07@@3U__s_GUID@@BUtagCONNECTDATA@@V?$_Copy@UtagCONNECTDATA@@@ATL@@VCComSingleThreadModel@6@@ATL@@@ATL@@QAE@PAX@Z 10003db3 f i PINPad.obj
 0001:00002de1       ??0?$CComObject@VCOPOSPINPad@@@ATL@@QAE@PAX@Z 10003de1 f i PINPad.obj
 0001:00002e98       ??0?$CComQIPtr@UIOleControlSite@@$1?_GUID_b196b289_bab4_101a_b69c_00aa00341d07@@3U__s_GUID@@B@ATL@@QAE@PAUIUnknown@@@Z 10003e98 f i PINPad.obj
 0001:00002ec1       ??0CAtlModule@ATL@@QAE@XZ  10003ec1 f i PINPad.obj
 0001:00002f02       ??0CParseBuffer@CRegParser@ATL@@QAE@H@Z 10003f02 f i PINPad.obj
 0001:00002f38       ??0_ATL_MSG@ATL@@QAE@PAUHWND__@@IIJH@Z 10003f38 f i PINPad.obj
 0001:00002f70       ??1?$CComAggObject@VCOPOSPINPad@@@ATL@@UAE@XZ 10003f70 f i PINPad.obj
 0001:00002f94       ??1?$CComEnumImpl@UIEnumConnectionPoints@@$1?_GUID_b196b285_bab4_101a_b69c_00aa00341d07@@3U__s_GUID@@BPAUIConnectionPoint@@V?$_CopyInterface@UIConnectionPoint@@@ATL@@@ATL@@UAE@XZ 10003f94 f i PINPad.obj
 0001:00002fd4       ??1?$CComEnumImpl@UIEnumConnections@@$1?_GUID_b196b287_bab4_101a_b69c_00aa00341d07@@3U__s_GUID@@BUtagCONNECTDATA@@V?$_Copy@UtagCONNECTDATA@@@ATL@@@ATL@@UAE@XZ 10003fd4 f i PINPad.obj
 0001:00003014       ??1?$CComObject@V?$CComEnum@UIEnumConnectionPoints@@$1?_GUID_b196b285_bab4_101a_b69c_00aa00341d07@@3U__s_GUID@@BPAUIConnectionPoint@@V?$_CopyInterface@UIConnectionPoint@@@ATL@@VCComSingleThreadModel@6@@ATL@@@ATL@@UAE@XZ 10004014 f i PINPad.obj
 0001:00003037       ??1?$CComObject@V?$CComEnum@UIEnumConnections@@$1?_GUID_b196b287_bab4_101a_b69c_00aa00341d07@@3U__s_GUID@@BUtagCONNECTDATA@@V?$_Copy@UtagCONNECTDATA@@@ATL@@VCComSingleThreadModel@6@@ATL@@@ATL@@UAE@XZ 10004037 f i PINPad.obj
 0001:0000305a       ??1?$CComObject@VCOPOSPINPad@@@ATL@@UAE@XZ 1000405a f i PINPad.obj
 0001:00003118       ??1?$CComObjectCached@VCComClassFactory@ATL@@@ATL@@UAE@XZ 10004118 f i PINPad.obj
 0001:0000312e       ??1?$CComObjectRootEx@VCComMultiThreadModel@ATL@@@ATL@@QAE@XZ 1000412e f i PINPad.obj
 0001:00003143       ??1CRegObject@ATL@@UAE@XZ  10004143 f i PINPad.obj
 0001:00003163       ??4?$CComPtr@UIAdviseSink@@@ATL@@QAEPAUIAdviseSink@@PAU2@@Z 10004163 f i PINPad.obj
 0001:00003163       ??4?$CComPtr@UIOleClientSite@@@ATL@@QAEPAUIOleClientSite@@PAU2@@Z 10004163 f i PINPad.obj
 0001:00003163       ??4?$CComPtr@UIUnknown@@@ATL@@QAEPAUIUnknown@@PAU2@@Z 10004163 f i PINPad.obj
 0001:00003197       ??_E?$CComContainedObject@VCOPOSPINPad@@@ATL@@UAEPAXI@Z 10004197 f i PINPad.obj
 0001:00003197       ??_G?$CComContainedObject@VCOPOSPINPad@@@ATL@@UAEPAXI@Z 10004197 f i PINPad.obj
 0001:000031bc       ??_E?$CComObject@VCOPOSPINPad@@@ATL@@UAEPAXI@Z 100041bc f i PINPad.obj
 0001:000031bc       ??_G?$CComObject@VCOPOSPINPad@@@ATL@@UAEPAXI@Z 100041bc f i PINPad.obj
 0001:000031e1       ?Add@?$CSimpleArray@GV?$CSimpleArrayEqualHelper@G@ATL@@@ATL@@QAEHABG@Z 100041e1 f i PINPad.obj
 0001:00003265       ?Add@?$CSimpleMap@PA_WPA_WVCExpansionVectorEqualHelper@ATL@@@ATL@@QAEHABQA_W0@Z 10004265 f i PINPad.obj
 0001:000032ba       ?Add@CComDynamicUnkArray@ATL@@QAEKPAUIUnknown@@@Z 100042ba f i PINPad.obj
 0001:00003370       ?Add@CExpansionVector@ATL@@QAEHPB_W0@Z 10004370 f i PINPad.obj
 0001:00003479       ?AddString@CParseBuffer@CRegParser@ATL@@QAEHPB_W@Z 10004479 f i PINPad.obj
 0001:000034ae       ?AddTermFunc@CAtlModule@ATL@@QAEJP6GXK@ZK@Z 100044ae f i PINPad.obj
 0001:00003511       ?AddValue@CRegParser@ATL@@IAEJAAVCRegKey@2@PB_WPA_W@Z 10004511 f i PINPad.obj
 0001:0000382b       ?Allocate@?$CAtlSafeAllocBufferManager@VCCRTAllocator@ATL@@@_ATL_SAFE_ALLOCA_IMPL@ATL@@QAEPAXK@Z 1000482b f i PINPad.obj
 0001:00003858       ?Allocate@?$CTempBuffer@E$0BAA@VCCRTAllocator@ATL@@@ATL@@QAEPAEI@Z 10004858 f i PINPad.obj
 0001:00003887       ?Allocate@?$CTempBuffer@_W$0BAA@VCCRTAllocator@ATL@@@ATL@@QAEPA_WI@Z 10004887 f i PINPad.obj
 0001:000038b6       ?Allocate@?$CTempBuffer@_W$0EAA@VCCRTAllocator@ATL@@@ATL@@QAEPA_WI@Z 100048b6 f i PINPad.obj
 0001:000038e5       ?AllocateHeap@?$CTempBuffer@E$0BAA@VCCRTAllocator@ATL@@@ATL@@AAEXI@Z 100048e5 f i PINPad.obj
 0001:000038e5       ?AllocateHeap@?$CTempBuffer@_W$0EAA@VCCRTAllocator@ATL@@@ATL@@AAEXI@Z 100048e5 f i PINPad.obj
 0001:000038e5       ?AllocateHeap@?$CTempBuffer@_W$0BAA@VCCRTAllocator@ATL@@@ATL@@AAEXI@Z 100048e5 f i PINPad.obj
 0001:0000390a       ?Append@CParseBuffer@CRegParser@ATL@@QAEHPB_WH@Z 1000490a f i PINPad.obj
 0001:00003998       ?AtlCoTaskMemCAlloc@ATL@@YAPAXKK@Z 10004998 f i PINPad.obj
 0001:000039c5       ?AtlCoTaskMemRecalloc@ATL@@YAPAXPAXKK@Z 100049c5 f i PINPad.obj
 0001:000039f5       ?AtlComModuleGetClassObject@ATL@@YGJPAU_ATL_COM_MODULE70@1@ABU_GUID@@1PAPAX@Z 100049f5 f i PINPad.obj
 0001:00003ae8       ?AtlComModuleRegisterServer@ATL@@YGJPAU_ATL_COM_MODULE70@1@HPBU_GUID@@@Z 10004ae8 f i PINPad.obj
 0001:00003b70       ?AtlComModuleUnregisterServer@ATL@@YGJPAU_ATL_COM_MODULE70@1@HPBU_GUID@@@Z 10004b70 f i PINPad.obj
 0001:00003bf8       ?AtlComQIPtrAssign2@ATL@@YAXPAPAUIUnknown@@PAU2@ABU_GUID@@@Z 10004bf8 f i PINPad.obj
 0001:00003c27       ?AtlCreateTargetDC@ATL@@YGPAUHDC__@@PAU2@PAUtagDVTARGETDEVICE@@@Z 10004c27 f i PINPad.obj
 0001:00003c90       ?AtlCrtErrorCheck@ATL@@YAHH@Z 10004c90 f i PINPad.obj
 0001:00003ccb       ?AtlHiMetricToPixel@ATL@@YGXPBUtagSIZE@@PAU2@@Z 10004ccb f i PINPad.obj
 0001:00003d40       ?AtlHresultFromLastError@ATL@@YAJXZ 10004d40 f i PINPad.obj
 0001:00003d57       ?AtlHresultFromWin32@ATL@@YAJK@Z 10004d57 f i PINPad.obj
 0001:00003d6c       ?AtlInternalOleLoadFromStream@ATL@@YAJPAUIStream@@ABU_GUID@@PAPAXTClassesAllowedInStream@1@K@Z 10004d6c f i PINPad.obj
 0001:00003e92       ?AtlInternalQueryInterface@ATL@@YGJPAXPBU_ATL_INTMAP_ENTRY@1@ABU_GUID@@PAPAX@Z 10004e92 f i PINPad.obj
 0001:00003f35       ?AtlLoadTypeLib@ATL@@YGJPAUHINSTANCE__@@PB_WPAPA_WPAPAUITypeLib@@@Z 10004f35 f i PINPad.obj
 0001:00004113       ?AtlRegisterClassCategoriesHelper@ATL@@YGJABU_GUID@@PBU_ATL_CATMAP_ENTRY@1@H@Z 10005113 f i PINPad.obj
 0001:0000440f       ?AtlRegisterTypeLib@ATL@@YGJPAUHINSTANCE__@@PB_W@Z 1000540f f i PINPad.obj
 0001:00004597       ?AtlThrowImpl@ATL@@YGXJ@Z  10005597 f i PINPad.obj
 0001:000045b5       ?AtlUnRegisterTypeLib@ATL@@YGJPAUHINSTANCE__@@PB_W@Z 100055b5 f i PINPad.obj
 0001:00004660       ?AtlWinModuleAddCreateWndData@ATL@@YGXPAU_ATL_WIN_MODULE70@1@PAU_AtlCreateWndData@1@PAX@Z 10005660 f i PINPad.obj
 0001:000046b4       ?AtlWinModuleExtractCreateWndData@ATL@@YGPAXPAU_ATL_WIN_MODULE70@1@@Z 100056b4 f i PINPad.obj
 0001:00004717       ?AtlWinModuleRegisterClassExW@ATL@@YGGPAU_ATL_WIN_MODULE70@1@PBUtagWNDCLASSEXW@@@Z 10005717 f i PINPad.obj
 0001:00004756       ?CanForceRemoveKey@CRegParser@ATL@@IAEHPB_W@Z 10005756 f i PINPad.obj
 0001:00004785       ?ChToByte@CRegParser@ATL@@KAE_W@Z 10005785 f i PINPad.obj
 0001:000047b8       ?Cleanup@CComTypeInfoHolder@ATL@@SGXK@Z 100057b8 f i PINPad.obj
 0001:000047eb       ?ClearReplacements@CExpansionVector@ATL@@QAEJXZ 100057eb f i PINPad.obj
 0001:00004828       ?Close@CRegKey@ATL@@QAEJXZ 10005828 f i PINPad.obj
 0001:00004842       ?CreateInstance@?$CComCreator@V?$CComAggObject@VCOPOSPINPad@@@ATL@@@ATL@@SGJPAXABU_GUID@@PAPAX@Z 10005842 f i PINPad.obj
 0001:000048b8       ?CreateInstance@?$CComCreator@V?$CComObject@VCOPOSPINPad@@@ATL@@@ATL@@SGJPAXABU_GUID@@PAPAX@Z 100058b8 f i PINPad.obj
 0001:00004939       ?CreateInstance@?$CComObject@V?$CComEnum@UIEnumConnectionPoints@@$1?_GUID_b196b285_bab4_101a_b69c_00aa00341d07@@3U__s_GUID@@BPAUIConnectionPoint@@V?$_CopyInterface@UIConnectionPoint@@@ATL@@VCComSingleThreadModel@6@@ATL@@@ATL@@SGJPAPAV12@@Z 10005939 f i PINPad.obj
 0001:00004980       ?CreateInstance@?$CComObject@V?$CComEnum@UIEnumConnections@@$1?_GUID_b196b287_bab4_101a_b69c_00aa00341d07@@3U__s_GUID@@BUtagCONNECTDATA@@V?$_Copy@UtagCONNECTDATA@@@ATL@@VCComSingleThreadModel@6@@ATL@@@ATL@@SGJPAPAV12@@Z 10005980 f i PINPad.obj
 0001:000049c7       ?DefaultReflectionHandler@?$CWindowImplRoot@VCWindow@ATL@@@ATL@@SAHPAUHWND__@@IIJAAJ@Z 100059c7 f i PINPad.obj
 0001:00004a3a       ?DeleteSubKey@CRegKey@ATL@@QAEJPB_W@Z 10005a3a f i PINPad.obj
 0001:00004ab3       ?DoEvent@COPOSPINPad@@IAEXIIJ@Z 10005ab3 f i PINPad.obj
 0001:00004b33       ?DoVerbHide@?$IOleObjectImpl@VCOPOSPINPad@@@ATL@@QAEJPBUtagRECT@@PAUHWND__@@@Z 10005b33 f i PINPad.obj
 0001:00004b69       ?DoVerbInPlaceActivate@?$IOleObjectImpl@VCOPOSPINPad@@@ATL@@QAEJPBUtagRECT@@PAUHWND__@@@Z 10005b69 f i PINPad.obj
 0001:00004b9c       ?DoVerbPrimary@?$IOleObjectImpl@VCOPOSPINPad@@@ATL@@QAEJPBUtagRECT@@PAUHWND__@@@Z 10005b9c f i PINPad.obj
 0001:00004c28       ?DoVerbProperties@CComControlBase@ATL@@QAEJPBUtagRECT@@PAUHWND__@@@Z 10005c28 f i PINPad.obj
 0001:00004da7       ?DoVerbUIActivate@?$IOleObjectImpl@VCOPOSPINPad@@@ATL@@QAEJPBUtagRECT@@PAUHWND__@@@Z 10005da7 f i PINPad.obj
 0001:00004de4       ?DoesVerbActivate@CComControlBase@ATL@@QAEHJ@Z 10005de4 f i PINPad.obj
 0001:00004e05       ?DoesVerbUIActivate@CComControlBase@ATL@@QAEHJ@Z 10005e05 f i PINPad.obj
 0001:00004e3a       ?EndOfVar@CRegParser@ATL@@IAEHXZ 10005e3a f i PINPad.obj
 0001:00004e5a       ?EscapeSingleQuote@CAtlModule@ATL@@SAXPA_WIPB_W@Z 10005e5a f i PINPad.obj
 0001:00004ea9       ?FindKey@?$CSimpleMap@PA_WPA_WVCExpansionVectorEqualHelper@ATL@@@ATL@@QBEHABQA_W@Z 10005ea9 f i PINPad.obj
 0001:00004ee0       ?FireTheEvent@?$CProxy_IOPOSEvents@VCOPOSPINPad@@@@IAEXPAVOposVariant@@IAAJPB_WJ@Z 10005ee0 f i PINPad.obj
 0001:00004f72       ?FireViewChange@CComControlBase@ATL@@QAEJXZ 10005f72 f i PINPad.obj
 0001:00004fbb       ?Fire_DataEvent@?$CProxy_IOPOSEvents@VCOPOSPINPad@@@@QAEXJ@Z 10005fbb f i PINPad.obj
 0001:0000504e       ?Fire_DirectIOEvent@?$CProxy_IOPOSEvents@VCOPOSPINPad@@@@QAEXJPAJPAPA_W@Z 1000604e f i PINPad.obj
 0001:00005137       ?Fire_ErrorEvent@?$CProxy_IOPOSEvents@VCOPOSPINPad@@@@QAEXJJJPAJ@Z 10006137 f i PINPad.obj
 0001:00005221       ?Fire_StatusUpdateEvent@?$CProxy_IOPOSEvents@VCOPOSPINPad@@@@QAEXJ@Z 10006221 f i PINPad.obj
 0001:000052b4       ?FreeHeap@?$CTempBuffer@E$0BAA@VCCRTAllocator@ATL@@@ATL@@AAEXXZ 100062b4 f i PINPad.obj
 0001:000052b4       ?FreeHeap@?$CTempBuffer@_W$0EAA@VCCRTAllocator@ATL@@@ATL@@AAEXXZ 100062b4 f i PINPad.obj
 0001:000052b4       ?FreeHeap@?$CTempBuffer@_W$0BAA@VCCRTAllocator@ATL@@@ATL@@AAEXXZ 100062b4 f i PINPad.obj
 0001:000052bd       ?GetAmbientLocaleID@CComControlBase@ATL@@QAEJAAK@Z 100062bd f i PINPad.obj
 0001:00005319       ?GetAmbientUserMode@CComControlBase@ATL@@QAEJAAH@Z 10006319 f i PINPad.obj
 0001:00005389       ?GetAt@CComDynamicUnkArray@ATL@@QAEPAUIUnknown@@H@Z 10006389 f i PINPad.obj
 0001:000053a5       ?GetClassObject@CComModule@ATL@@QAEJABU_GUID@@0PAPAX@Z 100063a5 f i PINPad.obj
 0001:00005447       ?GetConnMap@COPOSPINPad@@SAPBU_ATL_CONNMAP_ENTRY@ATL@@PAH@Z 10006447 f i PINPad.obj
 0001:000054b7       ?GetCookie@CComDynamicUnkArray@ATL@@QAGKPAPAUIUnknown@@@Z 100064b7 f i PINPad.obj
 0001:000054ef       ?GetIDsOfNames@CComTypeInfoHolder@ATL@@QAEJABU_GUID@@PAPA_WIKPAJ@Z 100064ef f i PINPad.obj
 0001:00005616       ?GetKeyAt@?$CSimpleMap@PA_WPA_WVCExpansionVectorEqualHelper@ATL@@@ATL@@QBEAAPA_WH@Z 10006616 f i PINPad.obj
 0001:0000563b       ?GetPagesHelper@?$ISpecifyPropertyPagesImpl@VCOPOSPINPad@@@ATL@@IAEJPAUtagCAUUID@@PBUATL_PROPMAP_ENTRY@2@@Z 1000663b f i PINPad.obj
 0001:00005762       ?GetProperty@?$CComPtr@UIDispatch@@@ATL@@SAJPAUIDispatch@@JPAUtagVARIANT@@@Z 10006762 f i PINPad.obj
 0001:000057b1       ?GetSizeMax@CComVariant@ATL@@QBEJPAT_ULARGE_INTEGER@@@Z 100067b1 f i PINPad.obj
 0001:00005977       ?GetTI@CComTypeInfoHolder@ATL@@QAEJK@Z 10006977 f i PINPad.obj
 0001:00005b56       ?GetTI@CComTypeInfoHolder@ATL@@QAEJKPAPAUITypeInfo@@@Z 10006b56 f i PINPad.obj
 0001:00005b98       ?GetUnknown@CComDynamicUnkArray@ATL@@QAGPAUIUnknown@@K@Z 10006b98 f i PINPad.obj
 0001:00005bb9       ?GetValueAt@?$CSimpleMap@PA_WPA_WVCExpansionVectorEqualHelper@ATL@@@ATL@@QBEAAPA_WH@Z 10006bb9 f i PINPad.obj
 0001:00005bdf       ?GetZoomInfo@CComControlBase@ATL@@QAEXAAUATL_DRAWINFO@@@Z 10006bdf f i PINPad.obj
 0001:00005c72       ?HKeyFromString@CRegParser@ATL@@KAPAUHKEY__@@PA_W@Z 10006c72 f i PINPad.obj
 0001:00005ca0       ?HasSubKeys@CRegParser@ATL@@IAEHPAUHKEY__@@@Z 10006ca0 f i PINPad.obj
 0001:00005cd5       ?IDataObject_GetData@CComControlBase@ATL@@QAEJPAUtagFORMATETC@@PAUtagSTGMEDIUM@@@Z 10006cd5 f i PINPad.obj
 0001:00005e7b       ?IOleInPlaceObject_InPlaceDeactivate@CComControlBase@ATL@@QAEJXZ 10006e7b f i PINPad.obj
 0001:00005f02       ?IOleInPlaceObject_SetObjectRects@CComControlBase@ATL@@QAEJPBUtagRECT@@0@Z 10006f02 f i PINPad.obj
 0001:00005fcf       ?IOleInPlaceObject_UIDeactivate@CComControlBase@ATL@@QAEJXZ 10006fcf f i PINPad.obj
 0001:00006091       ?IOleObject_Advise@CComControlBase@ATL@@QAEJPAUIAdviseSink@@PAK@Z 10007091 f i PINPad.obj
 0001:000060bb       ?IOleObject_Close@CComControlBase@ATL@@QAEJK@Z 100070bb f i PINPad.obj
 0001:0000619f       ?IOleObject_GetClientSite@CComControlBase@ATL@@QAEJPAPAUIOleClientSite@@@Z 1000719f f i PINPad.obj
 0001:000061c8       ?IOleObject_SetClientSite@CComControlBase@ATL@@QAEJPAUIOleClientSite@@@Z 100071c8 f i PINPad.obj
 0001:00006207       ?IOleObject_SetExtent@CComControlBase@ATL@@QAEJKPAUtagSIZE@@@Z 10007207 f i PINPad.obj
 0001:000062bb       ?IPSI_GetIPersistStreamInit@?$IPersistStorageImpl@VCOPOSPINPad@@@ATL@@AAEPAUIPersistStreamInit@@XZ 100072bb f i PINPad.obj
 0001:00006363       ?IPersistStreamInit_Load@?$IPersistStreamInitImpl@VCOPOSPINPad@@@ATL@@QAEJPAUIStream@@PBUATL_PROPMAP_ENTRY@2@@Z 10007363 f i PINPad.obj
 0001:000065df       ?IPersistStreamInit_Save@?$IPersistStreamInitImpl@VCOPOSPINPad@@@ATL@@QAEJPAUIStream@@HPBUATL_PROPMAP_ENTRY@2@@Z 100075df f i PINPad.obj
 0001:000067cd       ?IQuickActivate_QuickActivate@CComControlBase@ATL@@QAEJPAUtagQACONTAINER@@PAUtagQACONTROL@@@Z 100077cd f i PINPad.obj
 0001:00006a0f       ?IViewObject_Draw@CComControlBase@ATL@@QAEJKJPAXPAUtagDVTARGETDEVICE@@PAUHDC__@@2PBU_RECTL@@3@Z 10007a0f f i PINPad.obj
 0001:00006ab7       ?InPlaceActivate@CComControlBase@ATL@@QAEJJPBUtagRECT@@@Z 10007ab7 f i PINPad.obj
 0001:00006d28       ?Init@?$CComEnumImpl@UIEnumConnectionPoints@@$1?_GUID_b196b285_bab4_101a_b69c_00aa00341d07@@3U__s_GUID@@BPAUIConnectionPoint@@V?$_CopyInterface@UIConnectionPoint@@@ATL@@@ATL@@QAEJPAPAUIConnectionPoint@@0PAUIUnknown@@W4CComEnumFlags@2@@Z 10007d28 f i PINPad.obj
 0001:00006e07       ?Init@?$CComEnumImpl@UIEnumConnections@@$1?_GUID_b196b287_bab4_101a_b69c_00aa00341d07@@3U__s_GUID@@BUtagCONNECTDATA@@V?$_Copy@UtagCONNECTDATA@@@ATL@@@ATL@@QAEJPAUtagCONNECTDATA@@0PAUIUnknown@@W4CComEnumFlags@2@@Z 10007e07 f i PINPad.obj
 0001:00006ee6       ?Init@CComModule@ATL@@QAEJPAU_ATL_OBJMAP_ENTRY30@2@PAUHINSTANCE__@@PBU_GUID@@@Z 10007ee6 f i PINPad.obj
 0001:00006f45       ?Init@CDynamicStdCallThunk2@ATL@@QAEHKPAX@Z 10007f45 f i PINPad.obj
 0001:00006f70       ?InlineIsEqualUnknown@ATL@@YGHABU_GUID@@@Z 10007f70 f i PINPad.obj
 0001:00006f98       ?InternalSetAtIndex@?$CSimpleMap@PA_WPA_WVCExpansionVectorEqualHelper@ATL@@@ATL@@QAEXHABQA_W0@Z 10007f98 f i PINPad.obj
 0001:00006fc2       ?Invoke@CComTypeInfoHolder@ATL@@QAEJPAUIDispatch@@JABU_GUID@@KGPAUtagDISPPARAMS@@PAUtagVARIANT@@PAUtagEXCEPINFO@@PAI@Z 10007fc2 f i PINPad.obj
 0001:00007005       ?IsEqualObject@?$CComPtrBase@UIOleClientSite@@@ATL@@QAE_NPAUIUnknown@@@Z 10008005 f i PINPad.obj
 0001:00007005       ?IsEqualObject@?$CComPtrBase@UITypeInfo@@@ATL@@QAE_NPAUIUnknown@@@Z 10008005 f i PINPad.obj
 0001:00007072       ?IsSpace@CRegParser@ATL@@IAEH_W@Z 10008072 f i PINPad.obj
 0001:0000709c       ?LoadNameCache@CComTypeInfoHolder@ATL@@QAEJPAUITypeInfo@@@Z 1000809c f i PINPad.obj
 0001:000071e8       ?Lookup@?$CSimpleMap@PA_WPA_WVCExpansionVectorEqualHelper@ATL@@@ATL@@QBEPA_WABQA_W@Z 100081e8 f i PINPad.obj
 0001:0000720e       ?NextToken@CRegParser@ATL@@IAEJPA_W@Z 1000820e f i PINPad.obj
 0001:00007346       ?OnKillFocus@CComControlBase@ATL@@QAEJIIJAAH@Z 10008346 f i PINPad.obj
 0001:000073a1       ?OnMouseActivate@CComControlBase@ATL@@QAEJIIJAAH@Z 100083a1 f i PINPad.obj
 0001:0000740f       ?OnPaint@CComControlBase@ATL@@QAEJIIJAAH@Z 1000840f f i PINPad.obj
 0001:000074c1       ?OnSetFocus@CComControlBase@ATL@@QAEJIIJAAH@Z 100084c1 f i PINPad.obj
 0001:0000754a       ?Open@CRegKey@ATL@@QAEJPAUHKEY__@@PB_WK@Z 1000854a f i PINPad.obj
 0001:0000759f       ?PreProcessBuffer@CRegParser@ATL@@QAEJPA_WPAPA_W@Z 1000859f f i PINPad.obj
 0001:00007809       ?ProcessWindowMessage@?$CComControl@VCOPOSPINPad@@V?$CWindowImpl@VCOPOSPINPad@@VCWindow@ATL@@V?$CWinTraits@$0FGAAAAAA@$0A@@3@@ATL@@@ATL@@UAEHPAUHWND__@@IIJAAJK@Z 10008809 f i PINPad.obj
 0001:000078a8       ?ReadFromStream@CComBSTR@ATL@@QAEJPAUIStream@@@Z 100088a8 f i PINPad.obj
 0001:000079d6       ?ReadFromStream@CComVariant@ATL@@QAEJPAUIStream@@GTClassesAllowedInStream@2@K@Z 100089d6 f i PINPad.obj
 0001:00007b5c       ?RecurseDeleteKey@CRegKey@ATL@@QAEJPB_W@Z 10008b5c f i PINPad.obj
 0001:00007c4a       ?RegCreateKeyExW@CAtlTransactionManager@ATL@@QAEJPAUHKEY__@@PB_WKPA_WKKQAU_SECURITY_ATTRIBUTES@@PAPAU3@PAK@Z 10008c4a f i PINPad.obj
 0001:00007cad       ?RegDeleteKeyW@CAtlTransactionManager@ATL@@QAEJPAUHKEY__@@PB_W@Z 10008cad f i PINPad.obj
 0001:00007cff       ?RegOpenKeyExW@CAtlTransactionManager@ATL@@QAEJPAUHKEY__@@PB_WKKPAPAU3@@Z 10008cff f i PINPad.obj
 0001:00007d56       ?Register@_ATL_WNDCLASSINFOW@ATL@@QAEGPAP6GJPAUHWND__@@IIJ@Z@Z 10008d56 f i PINPad.obj
 0001:00007d76       ?RegisterBuffer@CRegParser@ATL@@QAEJPA_WH@Z 10008d76 f i PINPad.obj
 0001:00007eaf       ?RegisterFromResource@CRegObject@ATL@@IAEJPB_W00H@Z 10008eaf f i PINPad.obj
 0001:00007fe5       ?RegisterServer@?$CAtlModuleT@VCComModule@ATL@@@ATL@@QAEJHPBU_GUID@@@Z 10008fe5 f i PINPad.obj
 0001:00008013       ?RegisterServer@CComModule@ATL@@QAEJHPBU_GUID@@@Z 10009013 f i PINPad.obj
 0001:00008089       ?RegisterSubkeys@CRegParser@ATL@@IAEJPA_WPAUHKEY__@@HH@Z 10009089 f i PINPad.obj
 0001:00008730       ?Remove@CComDynamicUnkArray@ATL@@QAEHK@Z 10009730 f i PINPad.obj
 0001:00008759       ?RemoveAll@?$CSimpleMap@PA_WPA_WVCExpansionVectorEqualHelper@ATL@@@ATL@@QAEXXZ 10009759 f i PINPad.obj
 0001:00008785       ?ResourceRegisterSz@CRegObject@ATL@@QAGJPB_W00@Z 10009785 f i PINPad.obj
 0001:000087b2       ?ResourceUnregisterSz@CRegObject@ATL@@QAGJPB_W00@Z 100097b2 f i PINPad.obj
 0001:000087df       ?SendOnDataChange@CComControlBase@ATL@@QAEJK@Z 100097df f i PINPad.obj
 0001:0000882c       ?SetControlFocus@CComControlBase@ATL@@QAEHH@Z 1000982c f i PINPad.obj
 0001:000088c9       ?SetMultiStringValue@CRegKey@ATL@@QAEJPB_W0@Z 100098c9 f i PINPad.obj
 0001:00008925       ?SetStringValue@CRegKey@ATL@@QAEJPB_W0K@Z 10009925 f i PINPad.obj
 0001:0000896e       ?SkipAssignment@CRegParser@ATL@@IAEJPA_W@Z 1000996e f i PINPad.obj
 0001:000089d3       ?SkipWhiteSpace@CRegParser@ATL@@IAEXXZ 100099d3 f i PINPad.obj
 0001:000089f5       ?StrChrW@CRegParser@ATL@@KAPA_WPA_W_W@Z 100099f5 f i PINPad.obj
 0001:00008a32       ?Term@CAtlModule@ATL@@QAEXXZ 10009a32 f i PINPad.obj
 0001:00008a85       ?Term@CComModule@ATL@@QAEXXZ 10009a85 f i PINPad.obj
 0001:00008add       ?UnregisterServer@?$CAtlModuleT@VCComModule@ATL@@@ATL@@QAEJHPBU_GUID@@@Z 10009add f i PINPad.obj
 0001:00008b03       ?UnregisterServer@CComModule@ATL@@QAEJHPBU_GUID@@@Z 10009b03 f i PINPad.obj
 0001:00008b79       ?UpdateRegistryFromResource@CAtlModule@ATL@@QAGJIHPAU_ATL_REGMAP_ENTRY@2@@Z 10009b79 f i PINPad.obj
 0001:00008d44       ?UpdateRegistryFromResource@CAtlModule@ATL@@QAGJPB_WHPAU_ATL_REGMAP_ENTRY@2@@Z 10009d44 f i PINPad.obj
 0001:00008f15       ?VTFromRegType@CRegParser@ATL@@KAHPB_WAAG@Z 10009f15 f i PINPad.obj
 0001:00008f82       ?WindowProc@?$CWindowImplBaseT@VCWindow@ATL@@V?$CWinTraits@$0FGAAAAAA@$0A@@2@@ATL@@SGJPAUHWND__@@IIJ@Z 10009f82 f i PINPad.obj
 0001:00009074       ?WriteToStream@CComBSTR@ATL@@QAEJPAUIStream@@@Z 1000a074 f i PINPad.obj
 0001:000090d6       ?WriteToStream@CComVariant@ATL@@QAEJPAUIStream@@@Z 1000a0d6 f i PINPad.obj
 0001:00009250       ?WriteToStream@CComVariant@ATL@@QAEJPAUIStream@@G@Z 1000a250 f i PINPad.obj
 0001:000092b9       ?_AtlInitialConstruct@?$CComObjectRootEx@VCComMultiThreadModel@ATL@@@ATL@@QAEJXZ 1000a2b9 f i PINPad.obj
 0001:000092ce       ?_AtlVerifyStackAvailable@_ATL_SAFE_ALLOCA_IMPL@ATL@@YA_NK@Z 1000a2ce f i PINPad.obj
 0001:0000934c       ?atlCreate@?$CWindowImpl@VCOPOSPINPad@@VCWindow@ATL@@V?$CWinTraits@$0FGAAAAAA@$0A@@3@@ATL@@QAEPAUHWND__@@PAU3@V_U_RECT@2@PB_WKKV_U_MENUorID@2@PAX@Z 1000a34c f i PINPad.obj
 0001:00009390       ?atlCreate@?$CWindowImplBaseT@VCWindow@ATL@@V?$CWinTraits@$0FGAAAAAA@$0A@@2@@ATL@@QAEPAUHWND__@@PAU3@V_U_RECT@2@PB_WKKV_U_MENUorID@2@GPAX@Z 1000a390 f i PINPad.obj
 0001:0000942c       ?copy@?$_Copy@UtagCONNECTDATA@@@ATL@@SAJPAUtagCONNECTDATA@@PBU3@@Z 1000a42c f i PINPad.obj
 0001:00009462       ?copy@?$_CopyInterface@UIConnectionPoint@@@ATL@@SAJPAPAUIConnectionPoint@@PBQAU3@@Z 1000a462 f i PINPad.obj
 0001:00009490       ?memcpy_s@Checked@ATL@@YAXPAXIPBXI@Z 1000a490 f i PINPad.obj
 0001:000094af       ?ocscpy_s@@YA_NPA_WIPB_W@Z 1000a4af f i PINPad.obj
 0001:000094f9       ?wcscpy_s@Checked@ATL@@YAXPA_WIPB_W@Z 1000a4f9 f i PINPad.obj
 0001:00009515       _DllCanUnloadNow@0         1000a515 f   PINPad.obj
 0001:00009521       _DllGetClassObject@12      1000a521 f   PINPad.obj
 0001:0000952f       _DllMain@12                1000a52f f   PINPad.obj
 0001:00009571       _DllRegisterServer@0       1000a571 f   PINPad.obj
 0001:00009580       _DllUnregisterServer@0     1000a580 f   PINPad.obj
 0001:0000958f       _InlineIsEqualGUID         1000a58f f i PINPad.obj
 0001:000095bf       ___local_stdio_printf_options 1000a5bf f i PINPad.obj
 0001:000095c5       __vswprintf_s_l            1000a5c5 f i PINPad.obj
 0001:00009672       _swprintf_s                1000a672 f i PINPad.obj
 0001:0000968e       ??0?$CComControl@VCOPOSPINPad@@V?$CWindowImpl@VCOPOSPINPad@@VCWindow@ATL@@V?$CWinTraits@$0FGAAAAAA@$0A@@3@@ATL@@@ATL@@QAE@XZ 1000a68e f i PINPadImpl.obj
 0001:000096b5       ??0?$CProxy_IOPOSEvents@VCOPOSPINPad@@@@QAE@XZ 1000a6b5 f i PINPadImpl.obj
 0001:000096d5       ??0CComControlBase@ATL@@QAE@AAPAUHWND__@@@Z 1000a6d5 f i PINPadImpl.obj
 0001:0000971f       ??0COPOSPINPad@@QAE@XZ     1000a71f f   PINPadImpl.obj
 0001:00009755       ??1?$CComControl@VCOPOSPINPad@@V?$CWindowImpl@VCOPOSPINPad@@VCWindow@ATL@@V?$CWinTraits@$0FGAAAAAA@$0A@@3@@ATL@@@ATL@@UAE@XZ 1000a755 f i PINPadImpl.obj
 0001:0000976e       ??1?$IConnectionPointImpl@VCOPOSPINPad@@$1?IID_IPropertyNotifySink@@3U_GUID@@BVCComDynamicUnkArray@ATL@@@ATL@@QAE@XZ 1000a76e f i PINPadImpl.obj
 0001:0000976e       ??1?$IConnectionPointImpl@VCOPOSPINPad@@$1?DIID__IOPOSPINPadEvents@@3U_GUID@@BVCComDynamicUnkArray@ATL@@@ATL@@QAE@XZ 1000a76e f i PINPadImpl.obj
 0001:000097ab       ??1CComControlBase@ATL@@UAE@XZ 1000a7ab f i PINPadImpl.obj
 0001:0000980e       ??1COPOSPINPad@@UAE@XZ     1000a80e f   PINPadImpl.obj
 0001:00009856       ?BeginEFTTransaction@COPOSPINPad@@UAGJPA_WJPAJ@Z 1000a856 f   PINPadImpl.obj
 0001:000098d2       ?CheckHealth@COPOSPINPad@@UAGJJPAJ@Z 1000a8d2 f   PINPadImpl.obj
 0001:00009921       ?ClaimDevice@COPOSPINPad@@UAGJJPAJ@Z 1000a921 f   PINPadImpl.obj
 0001:00009996       ?ClearInput@COPOSPINPad@@UAGJPAJ@Z 1000a996 f   PINPadImpl.obj
 0001:000099b1       ?ClearInputProperties@COPOSPINPad@@UAGJPAJ@Z 1000a9b1 f   PINPadImpl.obj
 0001:000099cc       ?Close@COPOSPINPad@@UAGJPAJ@Z 1000a9cc f   PINPadImpl.obj
 0001:00009a3a       ?CompareFirmwareVersion@COPOSPINPad@@UAGJPA_WPAJ1@Z 1000aa3a f   PINPadImpl.obj
 0001:00009aba       ?ComputeMAC@COPOSPINPad@@UAGJPA_WPAPA_WPAJ@Z 1000aaba f   PINPadImpl.obj
 0001:00009b3a       ?DirectIO@COPOSPINPad@@UAGJJPAJPAPA_W0@Z 1000ab3a f   PINPadImpl.obj
 0001:00009be8       ?DoInvoke@COPOSPINPad@@IAEJJPAVOposVariant@@IHPAJ_N@Z 1000abe8 f   PINPadImpl.obj
 0001:00009cc4       ?EnablePINEntry@COPOSPINPad@@UAGJPAJ@Z 1000acc4 f   PINPadImpl.obj
 0001:00009cdf       ?EndEFTTransaction@COPOSPINPad@@UAGJJPAJ@Z 1000acdf f   PINPadImpl.obj
 0001:00009d2e       ?EventClose@COPOSPINPad@@IAEXXZ 1000ad2e f i PINPadImpl.obj
 0001:00009d61       ?EventInit@COPOSPINPad@@IAEJXZ 1000ad61 f i PINPadImpl.obj
 0001:00009e2d       ?EventUninit@COPOSPINPad@@IAEXXZ 1000ae2d f i PINPadImpl.obj
 0001:00009e7f       ?EventWindowProc@COPOSPINPad@@IAGJIIJ@Z 1000ae7f f i PINPadImpl.obj
 0001:00009f53       ?FinalConstruct@COPOSPINPad@@QAEJXZ 1000af53 f   PINPadImpl.obj
 0001:00009f8c       ?FireEventCleanup@COPOSPINPad@@IAEXXZ 1000af8c f i PINPadImpl.obj
 0001:00009fa2       ?FireEventSetup@COPOSPINPad@@IAE_NXZ 1000afa2 f i PINPadImpl.obj
 0001:00009fd6       ?FreezeEvents@COPOSPINPad@@MAGJH@Z 1000afd6 f   PINPadImpl.obj
 0001:0000a036       ?GetOposProp@COPOSPINPad@@IAEJJPAFJ@Z 1000b036 f   PINPadImpl.obj
 0001:0000a059       ?GetOposProp@COPOSPINPad@@IAEJJPAJJ@Z 1000b059 f   PINPadImpl.obj
 0001:0000a128       ?GetOposProp@COPOSPINPad@@IAEJJPAPA_WJ@Z 1000b128 f   PINPadImpl.obj
 0001:0000a204       ?OnDraw@COPOSPINPad@@MAEJAAUATL_DRAWINFO@@@Z 1000b204 f   PINPadImpl.obj
 0001:0000a2a4       ?Open@COPOSPINPad@@UAGJPA_WPAJ@Z 1000b2a4 f   PINPadImpl.obj
 0001:0000aaea       ?ReleaseDevice@COPOSPINPad@@UAGJPAJ@Z 1000baea f   PINPadImpl.obj
 0001:0000ab39       ?ResetStatistics@COPOSPINPad@@UAGJPA_WPAJ@Z 1000bb39 f   PINPadImpl.obj
 0001:0000ab90       ?RetrieveStatistics@COPOSPINPad@@UAGJPAPA_WPAJ@Z 1000bb90 f   PINPadImpl.obj
 0001:0000abe7       ?SOProcessID@COPOSPINPad@@UAGJPAJ@Z 1000bbe7 f   PINPadImpl.obj
 0001:0000abfb       ?SetCOFreezeEvents@COPOSPINPad@@IAEXF@Z 1000bbfb f   PINPadImpl.obj
 0001:0000ac9b       ?SetOposProp@COPOSPINPad@@IAEJJJJ@Z 1000bc9b f   PINPadImpl.obj
 0001:0000ad92       ?SetOposProp@COPOSPINPad@@IAEJJPA_WJ@Z 1000bd92 f   PINPadImpl.obj
 0001:0000ae93       ?UpdateFirmware@COPOSPINPad@@UAGJPA_WPAJ@Z 1000be93 f   PINPadImpl.obj
 0001:0000aeea       ?UpdateKey@COPOSPINPad@@UAGJJPA_WPAJ@Z 1000beea f   PINPadImpl.obj
 0001:0000af66       ?UpdateStatistics@COPOSPINPad@@UAGJPA_WPAJ@Z 1000bf66 f   PINPadImpl.obj
 0001:0000afbd       ?VerifyMAC@COPOSPINPad@@UAGJPA_WPAJ@Z 1000bfbd f   PINPadImpl.obj
 0001:0000b014       ?get_AccountNumber@COPOSPINPad@@UAGJPAPA_W@Z 1000c014 f   PINPadImpl.obj
 0001:0000b02d       ?get_AdditionalSecurityInformation@COPOSPINPad@@UAGJPAPA_W@Z 1000c02d f   PINPadImpl.obj
 0001:0000b046       ?get_Amount@COPOSPINPad@@UAGJPATtagCY@@@Z 1000c046 f   PINPadImpl.obj
 0001:0000b0d7       ?get_AvailableLanguagesList@COPOSPINPad@@UAGJPAPA_W@Z 1000c0d7 f   PINPadImpl.obj
 0001:0000b0f0       ?get_AvailablePromptsList@COPOSPINPad@@UAGJPAPA_W@Z 1000c0f0 f   PINPadImpl.obj
 0001:0000b109       ?get_BinaryConversion@COPOSPINPad@@UAGJPAJ@Z 1000c109 f   PINPadImpl.obj
 0001:0000b11f       ?get_CapCompareFirmwareVersion@COPOSPINPad@@UAGJPAF@Z 1000c11f f   PINPadImpl.obj
 0001:0000b138       ?get_CapDisplay@COPOSPINPad@@UAGJPAJ@Z 1000c138 f   PINPadImpl.obj
 0001:0000b151       ?get_CapKeyboard@COPOSPINPad@@UAGJPAF@Z 1000c151 f   PINPadImpl.obj
 0001:0000b16a       ?get_CapLanguage@COPOSPINPad@@UAGJPAJ@Z 1000c16a f   PINPadImpl.obj
 0001:0000b183       ?get_CapMACCalculation@COPOSPINPad@@UAGJPAF@Z 1000c183 f   PINPadImpl.obj
 0001:0000b19c       ?get_CapPowerReporting@COPOSPINPad@@UAGJPAJ@Z 1000c19c f   PINPadImpl.obj
 0001:0000b1b5       ?get_CapStatisticsReporting@COPOSPINPad@@UAGJPAF@Z 1000c1b5 f   PINPadImpl.obj
 0001:0000b1ce       ?get_CapTone@COPOSPINPad@@UAGJPAF@Z 1000c1ce f   PINPadImpl.obj
 0001:0000b1e7       ?get_CapUpdateFirmware@COPOSPINPad@@UAGJPAF@Z 1000c1e7 f   PINPadImpl.obj
 0001:0000b200       ?get_CapUpdateStatistics@COPOSPINPad@@UAGJPAF@Z 1000c200 f   PINPadImpl.obj
 0001:0000b219       ?get_CheckHealthText@COPOSPINPad@@UAGJPAPA_W@Z 1000c219 f   PINPadImpl.obj
 0001:0000b232       ?get_Claimed@COPOSPINPad@@UAGJPAF@Z 1000c232 f   PINPadImpl.obj
 0001:0000b248       ?get_ControlObjectDescription@COPOSPINPad@@UAGJPAPA_W@Z 1000c248 f   PINPadImpl.obj
 0001:0000b296       ?get_ControlObjectVersion@COPOSPINPad@@UAGJPAJ@Z 1000c296 f   PINPadImpl.obj
 0001:0000b2a9       ?get_DataCount@COPOSPINPad@@UAGJPAJ@Z 1000c2a9 f   PINPadImpl.obj
 0001:0000b2bf       ?get_DataEventEnabled@COPOSPINPad@@UAGJPAF@Z 1000c2bf f   PINPadImpl.obj
 0001:0000b2d5       ?get_DeviceDescription@COPOSPINPad@@UAGJPAPA_W@Z 1000c2d5 f   PINPadImpl.obj
 0001:0000b2ee       ?get_DeviceEnabled@COPOSPINPad@@UAGJPAF@Z 1000c2ee f   PINPadImpl.obj
 0001:0000b304       ?get_DeviceName@COPOSPINPad@@UAGJPAPA_W@Z 1000c304 f   PINPadImpl.obj
 0001:0000b31d       ?get_EncryptedPIN@COPOSPINPad@@UAGJPAPA_W@Z 1000c31d f   PINPadImpl.obj
 0001:0000b336       ?get_FreezeEvents@COPOSPINPad@@UAGJPAF@Z 1000c336 f   PINPadImpl.obj
 0001:0000b34c       ?get_MaximumPINLength@COPOSPINPad@@UAGJPAJ@Z 1000c34c f   PINPadImpl.obj
 0001:0000b365       ?get_MerchantID@COPOSPINPad@@UAGJPAPA_W@Z 1000c365 f   PINPadImpl.obj
 0001:0000b37e       ?get_MinimumPINLength@COPOSPINPad@@UAGJPAJ@Z 1000c37e f   PINPadImpl.obj
 0001:0000b397       ?get_OpenResult@COPOSPINPad@@UAGJPAJ@Z 1000c397 f   PINPadImpl.obj
 0001:0000b3ae       ?get_PINEntryEnabled@COPOSPINPad@@UAGJPAF@Z 1000c3ae f   PINPadImpl.obj
 0001:0000b3c7       ?get_PowerNotify@COPOSPINPad@@UAGJPAJ@Z 1000c3c7 f   PINPadImpl.obj
 0001:0000b3dd       ?get_PowerState@COPOSPINPad@@UAGJPAJ@Z 1000c3dd f   PINPadImpl.obj
 0001:0000b3f3       ?get_Prompt@COPOSPINPad@@UAGJPAJ@Z 1000c3f3 f   PINPadImpl.obj
 0001:0000b40c       ?get_PromptLanguage@COPOSPINPad@@UAGJPAJ@Z 1000c40c f   PINPadImpl.obj
 0001:0000b425       ?get_ResultCode@COPOSPINPad@@UAGJPAJ@Z 1000c425 f   PINPadImpl.obj
 0001:0000b463       ?get_ResultCodeExtended@COPOSPINPad@@UAGJPAJ@Z 1000c463 f   PINPadImpl.obj
 0001:0000b479       ?get_ServiceObjectDescription@COPOSPINPad@@UAGJPAPA_W@Z 1000c479 f   PINPadImpl.obj
 0001:0000b492       ?get_ServiceObjectVersion@COPOSPINPad@@UAGJPAJ@Z 1000c492 f   PINPadImpl.obj
 0001:0000b4a8       ?get_State@COPOSPINPad@@UAGJPAJ@Z 1000c4a8 f   PINPadImpl.obj
 0001:0000b4d4       ?get_TerminalID@COPOSPINPad@@UAGJPAPA_W@Z 1000c4d4 f   PINPadImpl.obj
 0001:0000b4ed       ?get_Track1Data@COPOSPINPad@@UAGJPAPA_W@Z 1000c4ed f   PINPadImpl.obj
 0001:0000b506       ?get_Track2Data@COPOSPINPad@@UAGJPAPA_W@Z 1000c506 f   PINPadImpl.obj
 0001:0000b51f       ?get_Track3Data@COPOSPINPad@@UAGJPAPA_W@Z 1000c51f f   PINPadImpl.obj
 0001:0000b538       ?get_Track4Data@COPOSPINPad@@UAGJPAPA_W@Z 1000c538 f   PINPadImpl.obj
 0001:0000b551       ?get_TransactionType@COPOSPINPad@@UAGJPAJ@Z 1000c551 f   PINPadImpl.obj
 0001:0000b56a       ?put_AccountNumber@COPOSPINPad@@UAGJPA_W@Z 1000c56a f   PINPadImpl.obj
 0001:0000b583       ?put_Amount@COPOSPINPad@@UAGJTtagCY@@@Z 1000c583 f   PINPadImpl.obj
 0001:0000b624       ?put_BinaryConversion@COPOSPINPad@@UAGJJ@Z 1000c624 f   PINPadImpl.obj
 0001:0000b63a       ?put_DataEventEnabled@COPOSPINPad@@UAGJF@Z 1000c63a f   PINPadImpl.obj
 0001:0000b657       ?put_DeviceEnabled@COPOSPINPad@@UAGJF@Z 1000c657 f   PINPadImpl.obj
 0001:0000b674       ?put_FreezeEvents@COPOSPINPad@@UAGJF@Z 1000c674 f   PINPadImpl.obj
 0001:0000b6c0       ?put_MaximumPINLength@COPOSPINPad@@UAGJJ@Z 1000c6c0 f   PINPadImpl.obj
 0001:0000b6d9       ?put_MerchantID@COPOSPINPad@@UAGJPA_W@Z 1000c6d9 f   PINPadImpl.obj
 0001:0000b6f2       ?put_MinimumPINLength@COPOSPINPad@@UAGJJ@Z 1000c6f2 f   PINPadImpl.obj
 0001:0000b70b       ?put_PowerNotify@COPOSPINPad@@UAGJJ@Z 1000c70b f   PINPadImpl.obj
 0001:0000b721       ?put_Prompt@COPOSPINPad@@UAGJJ@Z 1000c721 f   PINPadImpl.obj
 0001:0000b73a       ?put_PromptLanguage@COPOSPINPad@@UAGJJ@Z 1000c73a f   PINPadImpl.obj
 0001:0000b753       ?put_TerminalID@COPOSPINPad@@UAGJPA_W@Z 1000c753 f   PINPadImpl.obj
 0001:0000b76c       ?put_Track1Data@COPOSPINPad@@UAGJPA_W@Z 1000c76c f   PINPadImpl.obj
 0001:0000b785       ?put_Track2Data@COPOSPINPad@@UAGJPA_W@Z 1000c785 f   PINPadImpl.obj
 0001:0000b79e       ?put_Track3Data@COPOSPINPad@@UAGJPA_W@Z 1000c79e f   PINPadImpl.obj
 0001:0000b7b7       ?put_Track4Data@COPOSPINPad@@UAGJPA_W@Z 1000c7b7 f   PINPadImpl.obj
 0001:0000b7d0       ?put_TransactionType@COPOSPINPad@@UAGJJ@Z 1000c7d0 f   PINPadImpl.obj
 0001:0000b7e9       ?s_EventWindowProc@COPOSPINPad@@KGJPAUHWND__@@IIJ@Z 1000c7e9 f i PINPadImpl.obj
 0001:0000b83b       ??_U@YAPAXI@Z              1000c83b f   LIBCMT:new_array.obj
 0001:0000b844       ??3@YAXPAXI@Z              1000c844 f   LIBCMT:delete_scalar_size.obj
 0001:0000b852       ??_V@YAXPAX@Z              1000c852 f   LIBCMT:delete_array.obj
 0001:0000b857       ??_V@YAXPAXI@Z             1000c857 f   LIBCMT:delete_array_size.obj
 0001:0000b8a9       ___scrt_acquire_startup_lock 1000c8a9 f   LIBCMT:utility.obj
 0001:0000b8db       ___scrt_dllmain_after_initialize_c 1000c8db f   LIBCMT:utility.obj
 0001:0000b906       ___scrt_dllmain_before_initialize_c 1000c906 f   LIBCMT:utility.obj
 0001:0000b914       ___scrt_dllmain_crt_thread_attach 1000c914 f   LIBCMT:utility.obj
 0001:0000b933       ___scrt_dllmain_crt_thread_detach 1000c933 f   LIBCMT:utility.obj
 0001:0000b940       ___scrt_dllmain_exception_filter 1000c940 f   LIBCMT:utility.obj
 0001:0000b974       ___scrt_dllmain_uninitialize_c 1000c974 f   LIBCMT:utility.obj
 0001:0000b997       ___scrt_dllmain_uninitialize_critical 1000c997 f   LIBCMT:utility.obj
 0001:0000b9a4       ___scrt_initialize_crt     1000c9a4 f   LIBCMT:utility.obj
 0001:0000b9dd       ___scrt_initialize_onexit_tables 1000c9dd f   LIBCMT:utility.obj
 0001:0000ba64       ___scrt_is_nonwritable_in_current_image 1000ca64 f   LIBCMT:utility.obj
 0001:0000baf8       ___scrt_release_startup_lock 1000caf8 f   LIBCMT:utility.obj
 0001:0000bb15       ___scrt_uninitialize_crt   1000cb15 f   LIBCMT:utility.obj
 0001:0000bb3d       __onexit                   1000cb3d f   LIBCMT:utility.obj
 0001:0000bb6a       _atexit                    1000cb6a f   LIBCMT:utility.obj
 0001:0000bb7f       ??3@YAXPAX@Z               1000cb7f f   LIBCMT:delete_scalar.obj
 0001:0000bc49       __Init_thread_footer       1000cc49 f   LIBCMT:thread_safe_statics.obj
 0001:0000bc93       __Init_thread_header       1000cc93 f   LIBCMT:thread_safe_statics.obj
 0001:0000bce5       __Init_thread_notify       1000cce5 f   LIBCMT:thread_safe_statics.obj
 0001:0000bd1b       __Init_thread_wait         1000cd1b f   LIBCMT:thread_safe_statics.obj
 0001:0000bd69       ___raise_securityfailure   1000cd69 f   LIBCMT:gs_report.obj
 0001:0000bd91       ___report_gsfailure        1000cd91 f   LIBCMT:gs_report.obj
 0001:0000be8a       ___report_rangecheckfailure 1000ce8a f   LIBCMT:gs_report.obj
 0001:0000be96       ___report_securityfailure  1000ce96 f   LIBCMT:gs_report.obj
 0001:0000bf64       ??2@YAPAXIABUnothrow_t@std@@@Z 1000cf64 f   LIBCMT:new_scalar_nothrow.obj
 0001:0000bfb4       ??_U@YAPAXIABUnothrow_t@std@@@Z 1000cfb4 f   LIBCMT:new_array_nothrow.obj
 0001:0000bfbd       @__security_check_cookie@4 1000cfbd f   LIBCMT:secchk.obj
 0001:0000bfd0       __SEH_prolog4_GS           1000cfd0 f   LIBCMT:sehprolg4gs.obj
 0001:0000c019       __SEH_epilog4_GS           1000d019 f   LIBCMT:sehprolg4gs.obj
 0001:0000c030       __alloca_probe_16          1000d030 f   LIBCMT:alloca16.obj
 0001:0000c046       __alloca_probe_8           1000d046     LIBCMT:alloca16.obj
 0001:0000c060       __alloca_probe             1000d060 f   LIBCMT:chkstk.obj
 0001:0000c060       __chkstk                   1000d060 f   LIBCMT:chkstk.obj
 0001:0000c3c8       __DllMainCRTStartup@12     1000d3c8 f   LIBCMT:dll_dllmain.obj
 0001:0000c3eb       ??2@YAPAXI@Z               1000d3eb f   LIBCMT:new_scalar.obj
 0001:0000c41b       ___isa_available_init      1000d41b f   LIBCMT:cpu_disp.obj
 0001:0000c5eb       ___scrt_is_ucrt_dll_in_use 1000d5eb f   LIBCMT:ucrt_detection.obj
 0001:0000c5f7       ___scrt_fastfail           1000d5f7 f   LIBCMT:utility_desktop.obj
 0001:0000c711       __crt_debugger_hook        1000d711 f   LIBCMT:utility_desktop.obj
 0001:0000c720       __SEH_prolog4              1000d720 f   LIBCMT:sehprolg4.obj
 0001:0000c766       __SEH_epilog4              1000d766 f   LIBCMT:sehprolg4.obj
 0001:0000c77b       @_guard_check_icall_nop@4  1000d77b f i LIBCMT:guard_support.obj
 0001:0000c7c9       ___security_init_cookie    1000d7c9 f   LIBCMT:gs_support.obj
 0001:0000c814       ?__scrt_initialize_type_info@@YAXXZ 1000d814 f   LIBCMT:tncleanup.obj
 0001:0000c820       ?__scrt_uninitialize_type_info@@YAXXZ 1000d820 f   LIBCMT:tncleanup.obj
 0001:0000c82c       ___local_stdio_scanf_options 1000d82c f i LIBCMT:default_local_stdio_options.obj
 0001:0000c832       ___scrt_initialize_default_local_stdio_options 1000d832 f   LIBCMT:default_local_stdio_options.obj
 0001:0000c84f       ___scrt_get_dyn_tls_init_callback 1000d84f f   LIBCMT:dyn_tls_init.obj
 0001:0000c855       __RTC_Initialize           1000d855 f   LIBCMT:initsect.obj
 0001:0000c881       __RTC_Terminate            1000d881 f   LIBCMT:initsect.obj
 0001:0000c8ad       ??0bad_alloc@std@@QAE@ABV01@@Z 1000d8ad f i LIBCMT:throw_bad_alloc.obj
 0001:0000c8c8       ??0bad_alloc@std@@QAE@XZ   1000d8c8 f i LIBCMT:throw_bad_alloc.obj
 0001:0000c8e0       ??0bad_array_new_length@std@@QAE@ABV01@@Z 1000d8e0 f i LIBCMT:throw_bad_alloc.obj
 0001:0000c8fb       ??0bad_array_new_length@std@@QAE@XZ 1000d8fb f i LIBCMT:throw_bad_alloc.obj
 0001:0000c913       ??0exception@std@@QAE@ABV01@@Z 1000d913 f i LIBCMT:throw_bad_alloc.obj
 0001:0000c93f       ??1bad_array_new_length@std@@UAE@XZ 1000d93f f i LIBCMT:throw_bad_alloc.obj
[...]
 0002:00002e28       ?strings@?1??fp_format_nan_or_infinity@@YAHW4__acrt_fp_class@@_NPADI1@Z@4QAY03QBDA 10022e28     libucrt:cvt.obj
 0002:00003370       ?_mb_locale_names@@3QBQB_WB 10023370     libucrt:mbctype.obj
 0002:00003bb8       ?LcidToLocaleNameTable@?A0x881e4c05@@3QBULcidToLocaleName@1@B 10023bb8     libucrt:lcidtoname_downlevel.obj
 0002:00004ce0       ?LocaleNameToIndexTable@?A0x881e4c05@@3QBULocaleNameIndex@1@B 10024ce0     libucrt:lcidtoname_downlevel.obj
 0002:00006538       ?large_power_indices@?1??multiply_by_power_of_ten@__crt_strtox@@YA_NAAUbig_integer@2@I@Z@4QBUunpack_index@?1??12@YA_N0I@Z@B 10026538     libucrt:cfout.obj
 0002:00006620       LOG_name                   10026620     libucrt:log10_impl.obj
 0002:00006630       _One                       10026630     libucrt:ceil_pentium4.obj
 0002:00006640       _Bns                       10026640     libucrt:ceil_pentium4.obj
 0002:00006650       _Zero                      10026650     libucrt:ceil_pentium4.obj
 0002:00006660       _S                         10026660     libucrt:ceil_pentium4.obj
 0002:00006670       _NegZero                   10026670     libucrt:ceil_pentium4.obj
 0002:00006680       emask                      10026680     libucrt:log10_pentium4.obj
 0002:00006690       CC                         10026690     libucrt:log10_pentium4.obj
 0002:000066a0       Magic                      100266a0     libucrt:log10_pentium4.obj
 0002:000066b0       hi_mask                    100266b0     libucrt:log10_pentium4.obj
 0002:000066c0       LOG10_2                    100266c0     libucrt:log10_pentium4.obj
 0002:000066d0       place_L                    100266d0     libucrt:log10_pentium4.obj
 0002:000066f0       One                        100266f0     libucrt:log10_pentium4.obj
 0002:00006700       Zero                       10026700     libucrt:log10_pentium4.obj
 0002:00006710       Two52                      10026710     libucrt:log10_pentium4.obj
 0002:00006720       Infs                       10026720     libucrt:log10_pentium4.obj
 0002:00006730       NaN                        10026730     libucrt:log10_pentium4.obj
 0002:00006740       coeff                      10026740     libucrt:log10_pentium4.obj
 0002:0000679e       _log2max                   1002679e     libucrt:87tran.obj
 0002:000067a8       _smallarg                  100267a8     libucrt:87tran.obj
 0002:000067b2       _half                      100267b2     libucrt:87tran.obj
 0002:000067fe       One                        100267fe     libucrt:87disp.obj
 0002:00006806       Three                      10026806     libucrt:87disp.obj
 0002:0000680e       XAMtoTagTab                1002680e     libucrt:87disp.obj
 0002:00006820       One                        10026820     libucrt:common.obj
 0002:00006834       DblMax                     10026834     libucrt:common.obj
 0002:0000683c       DblMin                     1002683c     libucrt:common.obj
 0002:00006844       IeeeAdjO                   10026844     libucrt:common.obj
 0002:0000684c       IeeeAdjU                   1002684c     libucrt:common.obj
 0002:00006854       _infinity                  10026854     libucrt:common.obj
 0002:0000685c       _zero                      1002685c     libucrt:common.obj
 0002:000068a8       _over                      100268a8     libucrt:fpctrl.obj
 0002:000068b4       _under                     100268b4     libucrt:fpctrl.obj
 0002:000070e8       ?_names@?1??_get_fname@@9@9 100270e8     libucrt:fpexcept.obj
 0002:00007290       two32                      10027290     LIBCMT:ftol2.obj
 0002:00007294       two63                      10027294     LIBCMT:ftol2.obj
 0002:00007298       _NaN                       10027298     LIBCMT:ftol2.obj
 0002:00007948       __sehtable$?_AtlVerifyStackAvailable@_ATL_SAFE_ALLOCA_IMPL@ATL@@YA_NK@Z 10027948     PINPad.obj
 0002:00007968       __sehtable$___scrt_is_nonwritable_in_current_image 10027968     LIBCMT:utility.obj
 0002:00007984       __catchsym$??2@YAPAXIABUnothrow_t@std@@@Z$2 10027984     LIBCMT:new_scalar_nothrow.obj
 0002:00007994       __unwindtable$??2@YAPAXIABUnothrow_t@std@@@Z 10027994     LIBCMT:new_scalar_nothrow.obj
 0002:000079a4       __tryblocktable$??2@YAPAXIABUnothrow_t@std@@@Z 100279a4     LIBCMT:new_scalar_nothrow.obj
 0002:000079b8       __ehfuncinfo$??2@YAPAXIABUnothrow_t@std@@@Z 100279b8     LIBCMT:new_scalar_nothrow.obj
 0002:000079e0       __sehtable$?dllmain_crt_process_attach@@YAHQAUHINSTANCE__@@QAX@Z 100279e0     LIBCMT:dll_dllmain.obj
 0002:00007a00       __sehtable$?dllmain_crt_process_detach@@YAH_N@Z 10027a00     LIBCMT:dll_dllmain.obj
 0002:00007a28       __sehtable$?dllmain_dispatch@@YAHQAUHINSTANCE__@@KQAX@Z 10027a28     LIBCMT:dll_dllmain.obj
 0002:00007ad8       __sehtable$___DestructExceptionObject 10027ad8     libvcruntime:ehhelpers.obj
 0002:00007af8       __sehtable$?FrameUnwindToState@__FrameHandler3@@SAXPAUEHRegistrationNode@@PAXPBU_s_FuncInfo@@H@Z 10027af8     libvcruntime:frame.obj
 0002:00007b20       __sehtable$?CallCatchBlock@@YAPAXPAUEHExceptionRecord@@PAUEHRegistrationNode@@PAU_CONTEXT@@PBU_s_FuncInfo@@PAXHK@Z 10027b20     libvcruntime:frame.obj
 0002:00007b48       __catchsym$?CallUnexpected@@YAXPBU_s_ESTypeList@@@Z$2 10027b48     libvcruntime:frame.obj
 0002:00007b58       __unwindtable$?CallUnexpected@@YAXPBU_s_ESTypeList@@@Z 10027b58     libvcruntime:frame.obj
 0002:00007b68       __tryblocktable$?CallUnexpected@@YAXPBU_s_ESTypeList@@@Z 10027b68     libvcruntime:frame.obj
 0002:00007b7c       __ehfuncinfo$?CallUnexpected@@YAXPBU_s_ESTypeList@@@Z 10027b7c     libvcruntime:frame.obj
 0002:00007ba0       __sehtable$??$BuildCatchObjectHelperInternal@V__FrameHandler3@@@@YAHPAUEHExceptionRecord@@PAXPBU_s_HandlerType@@PBU_s_CatchableType@@@Z 10027ba0     libvcruntime:frame.obj
 0002:00007bc0       __sehtable$??$BuildCatchObjectInternal@V__FrameHandler3@@@@YAXPAUEHExceptionRecord@@PAXPBU_s_HandlerType@@PBU_s_CatchableType@@@Z 10027bc0     libvcruntime:frame.obj
 0002:00007c18       __sehtable$??R<lambda_6e4b09c48022b2350581041d5f6b0c4c>@@QBE@XZ 10027c18     libucrt:exit.obj
 0002:00007c38       __sehtable$??$?RV<lambda_03b1d95aef87969028cfba75ccab2455>@@AAV<lambda_6e4b09c48022b2350581041d5f6b0c4c>@@V<lambda_22bdf7517842c4b3e53723af5aa32b9e>@@@?$__crt_seh_guarded_call@X@@QAEX$$QAV<lambda_03b1d95aef87969028cfba75ccab2455>@@AAV<lambda_6e4b09c48022b2350581041d5f6b0c4c>@@$$QAV<lambda_22bdf7517842c4b3e53723af5aa32b9e>@@@Z 10027c38     libucrt:exit.obj
 0002:00007c58       __sehtable$??$?RV<lambda_8e746cf0007f6ed984d6f78af1fec997>@@AAV<lambda_22ebabd17bc4fa466a2aca6d8deb888d>@@V<lambda_18ed0c0b38a6dc0daf1e7ac6d6adf05e>@@@?$__crt_seh_guarded_call@H@@QAEH$$QAV<lambda_8e746cf0007f6ed984d6f78af1fec997>@@AAV<lambda_22ebabd17bc4fa466a2aca6d8deb888d>@@$$QAV<lambda_18ed0c0b38a6dc0daf1e7ac6d6adf05e>@@@Z 10027c58     libucrt:onexit.obj
 0002:00007c78       __sehtable$??$?RV<lambda_69a2805e680e0e292e8ba93315fe43a8>@@AAV<lambda_f03950bc5685219e0bcd2087efbe011e>@@V<lambda_03fcd07e894ec930e3f35da366ca99d6>@@@?$__crt_seh_guarded_call@H@@QAEH$$QAV<lambda_69a2805e680e0e292e8ba93315fe43a8>@@AAV<lambda_f03950bc5685219e0bcd2087efbe011e>@@$$QAV<lambda_03fcd07e894ec930e3f35da366ca99d6>@@@Z 10027c78     libucrt:onexit.obj
 0002:00007c98       __sehtable$__query_new_handler 10027c98     libucrt:new_handler.obj
 0002:00007cb8       __sehtable$_terminate      10027cb8     libucrt:terminate.obj
 0002:00007cd8       __sehtable$??$?RV<lambda_15ade71b0218206bbe3333a0c9b79046>@@AAV<lambda_da44e0f8b0f19ba52fefafb335991732>@@V<lambda_207f2d024fc103971653565357d6cd41>@@@?$__crt_seh_guarded_call@X@@QAEX$$QAV<lambda_15ade71b0218206bbe3333a0c9b79046>@@AAV<lambda_da44e0f8b0f19ba52fefafb335991732>@@$$QAV<lambda_207f2d024fc103971653565357d6cd41>@@@Z 10027cd8     libucrt:per_thread_data.obj
 0002:00007cf8       __sehtable$??$?RV<lambda_a7e850c220f1c8d1e6efeecdedd162c6>@@AAV<lambda_46720907175c18b6c9d2717bc0d2d362>@@V<lambda_9048902d66e8d99359bc9897bbb930a8>@@@?$__crt_seh_guarded_call@X@@QAEX$$QAV<lambda_a7e850c220f1c8d1e6efeecdedd162c6>@@AAV<lambda_46720907175c18b6c9d2717bc0d2d362>@@$$QAV<lambda_9048902d66e8d99359bc9897bbb930a8>@@@Z 10027cf8     libucrt:per_thread_data.obj
 0002:00007d18       __sehtable$??$?RV<lambda_38edbb1296d33220d7e4dd0ed76b244a>@@AAV<lambda_5ce1d447e08cb34b2473517608e21441>@@V<lambda_fb385d3da700c9147fc39e65dd577a8c>@@@?$__crt_seh_guarded_call@X@@QAEX$$QAV<lambda_38edbb1296d33220d7e4dd0ed76b244a>@@AAV<lambda_5ce1d447e08cb34b2473517608e21441>@@$$QAV<lambda_fb385d3da700c9147fc39e65dd577a8c>@@@Z 10027d18     libucrt:per_thread_data.obj
 0002:00007d38       __sehtable$??$?RV<lambda_6affb1475c98b40b75cdec977db92e3c>@@AAV<lambda_b8d4b9c228a6ecc3f80208dbb4b4a104>@@V<lambda_608742c3c92a14382c1684fc64f96c88>@@@?$__crt_seh_guarded_call@X@@QAEX$$QAV<lambda_6affb1475c98b40b75cdec977db92e3c>@@AAV<lambda_b8d4b9c228a6ecc3f80208dbb4b4a104>@@$$QAV<lambda_608742c3c92a14382c1684fc64f96c88>@@@Z 10027d38     libucrt:per_thread_data.obj
 0002:00007d58       __sehtable$??$?RV<lambda_e5124f882df8998aaf41531e079ba474>@@AAV<lambda_3e16ef9562a7dcce91392c22ab16ea36>@@V<lambda_e25ca0880e6ef98be67edffd8c599615>@@@?$__crt_seh_guarded_call@X@@QAEX$$QAV<lambda_e5124f882df8998aaf41531e079ba474>@@AAV<lambda_3e16ef9562a7dcce91392c22ab16ea36>@@$$QAV<lambda_e25ca0880e6ef98be67edffd8c599615>@@@Z 10027d58     libucrt:wsetlocale.obj
 0002:00007d78       __sehtable$___acrt_initialize_lowio 10027d78     libucrt:ioinit.obj
 0002:00007d98       __sehtable$?update_thread_multibyte_data_internal@@YAPAU__crt_multibyte_data@@QAU__acrt_ptd@@QAPAU1@@Z 10027d98     libucrt:mbctype.obj
 0002:00007db8       __sehtable$??$?RV<lambda_ceb1ee4838e85a9d631eb091e2fbe199>@@AAV<lambda_ae742caa10f662c28703da3d2ea5e57e>@@V<lambda_cd08b5d6af4937fe54fc07d0c9bf6b37>@@@?$__crt_seh_guarded_call@X@@QAEX$$QAV<lambda_ceb1ee4838e85a9d631eb091e2fbe199>@@AAV<lambda_ae742caa10f662c28703da3d2ea5e57e>@@$$QAV<lambda_cd08b5d6af4937fe54fc07d0c9bf6b37>@@@Z 10027db8     libucrt:mbctype.obj
 0002:00007dd8       __sehtable$_raise          10027dd8     libucrt:signal.obj
 0002:00007df8       __sehtable$??$?RV<lambda_cbab9ec6f41b0180b23cc171c22676b0>@@AAV<lambda_44731a7d0e6d81c3e6aa82d741081786>@@V<lambda_4b292cb8dd18144e164572427af410ab>@@@?$__crt_seh_guarded_call@P6AXH@Z@@QAEP6AXH@Z$$QAV<lambda_cbab9ec6f41b0180b23cc171c22676b0>@@AAV<lambda_44731a7d0e6d81c3e6aa82d741081786>@@$$QAV<lambda_4b292cb8dd18144e164572427af410ab>@@@Z 10027df8     libucrt:signal.obj
 0002:00007e18       __sehtable$??$?RV<lambda_2866be3712abc81a800a822484c830d8>@@AAV<lambda_39ca0ed439415581b5b15c265174cece>@@V<lambda_2b24c74d71094a6cd0cb82e44167d71b>@@@?$__crt_seh_guarded_call@X@@QAEX$$QAV<lambda_2866be3712abc81a800a822484c830d8>@@AAV<lambda_39ca0ed439415581b5b15c265174cece>@@$$QAV<lambda_2b24c74d71094a6cd0cb82e44167d71b>@@@Z 10027e18     libucrt:fflush.obj
 0002:00007e38       __sehtable$??$?RV<lambda_2cc53f568c5a2bb6f192f930a45d44ea>@@AAV<lambda_ab61a845afdef5b7c387490eaf3616ee>@@V<lambda_c2ffc0b7726aa6be21d5f0026187e748>@@@?$__crt_seh_guarded_call@X@@QAEX$$QAV<lambda_2cc53f568c5a2bb6f192f930a45d44ea>@@AAV<lambda_ab61a845afdef5b7c387490eaf3616ee>@@$$QAV<lambda_c2ffc0b7726aa6be21d5f0026187e748>@@@Z 10027e38     libucrt:fflush.obj
 0002:00007e58       __sehtable$___acrt_update_thread_locale_data 10027e58     libucrt:locale_refcounting.obj
 0002:00007e78       __sehtable$__fcloseall     10027e78     libucrt:closeall.obj
 0002:00007e98       __sehtable$___acrt_lowio_ensure_fh_exists 10027e98     libucrt:osfinfo.obj
 0002:00007eb8       __sehtable$??$?RV<lambda_9e9de3de5fa147e2223d7db92bc10aa6>@@AAV<lambda_38ce7e780aa69e748d6df282ebc68efe>@@V<lambda_8ca6da459f0f6780f1cff60fdc3d00e5>@@@?$__crt_seh_guarded_call@H@@QAEH$$QAV<lambda_9e9de3de5fa147e2223d7db92bc10aa6>@@AAV<lambda_38ce7e780aa69e748d6df282ebc68efe>@@$$QAV<lambda_8ca6da459f0f6780f1cff60fdc3d00e5>@@@Z 10027eb8     libucrt:commit.obj
 0002:00007ed8       __sehtable$__write         10027ed8     libucrt:write.obj
 0002:00007ef8       __sehtable$_fclose         10027ef8     libucrt:fclose.obj
 0002:00007f18       __sehtable$??$?RV<lambda_218ce3db14220d0be481dae8ef3383b6>@@AAV<lambda_628dfdc04ba53c8bfc02c9951375f3f5>@@V<lambda_57dc472bd5c9d5f3b2cbca59b8a843ae>@@@?$__crt_seh_guarded_call@H@@QAEH$$QAV<lambda_218ce3db14220d0be481dae8ef3383b6>@@AAV<lambda_628dfdc04ba53c8bfc02c9951375f3f5>@@$$QAV<lambda_57dc472bd5c9d5f3b2cbca59b8a843ae>@@@Z 10027f18     libucrt:close.obj
 0002:00007f38       __sehtable$__IsNonwritableInCurrentImage 10027f38     LIBCMT:pesect.obj
 0002:00007f60       .edata                     10027f60     OPOSPINPad.exp
 0002:00007f88       rgpv                       10027f88     OPOSPINPad.exp
 0002:00007f98       rgszName                   10027f98     OPOSPINPad.exp
 0002:00007fa8       rgwOrd                     10027fa8     OPOSPINPad.exp
 0002:00007fb0       szName                     10027fb0     OPOSPINPad.exp
 0002:00007fbf       $N00001                    10027fbf     OPOSPINPad.exp
 0002:00007fcf       $N00002                    10027fcf     OPOSPINPad.exp
 0002:00007fe1       $N00003                    10027fe1     OPOSPINPad.exp
 0002:00007ff3       $N00004                    10027ff3     OPOSPINPad.exp
 0002:00008602       .idata$6                   10028602     kernel32:KERNEL32.dll
 0002:00008816       .idata$6                   10028816     user32:USER32.dll
 0002:0000894a       .idata$6                   1002894a     gdi32:GDI32.dll
 0002:000089f0       .idata$6                   100289f0     advapi32:ADVAPI32.dll
 0002:00008b0c       .idata$6                   10028b0c     ole32:ole32.dll
 0002:00008b16       .idata$6                   10028b16     oleaut32:OLEAUT32.dll
 0003:00000110       ?ObjectMap@@3PAU_ATL_OBJMAP_ENTRY30@ATL@@A 10029110     PINPad.obj
 0003:000001c0       ?s_SOMethodNames@@3PAPADA  100291c0     PINPadImpl.obj
 0003:0000022c       ?s_RequiredMethodsPerRelease@@3PAHA 1002922c     PINPadImpl.obj
 0003:00000270       ?__vcrt_flsindex@@3KA      10029270     libvcruntime:per_thread_data.obj
 0003:00000290       ?errno_no_memory@@3HA      10029290     libucrt:errno.obj
 0003:00000294       ?doserrno_no_memory@@3KA   10029294     libucrt:errno.obj
 0003:000002a0       ?__acrt_flsindex@@3KA      100292a0     libucrt:per_thread_data.obj
 0003:00000638       __mbctypes                 10029638     libucrt:mbctype.obj
 0003:00000740       __mbcasemaps               10029740     libucrt:mbctype.obj
 0003:00000840       ?__rgctypeflag@@3PADA      10029840     libucrt:mbctype.obj
 0003:00000848       ?__rgcode_page_info@@3PAUcode_page_info@@A 10029848     libucrt:mbctype.obj
 0003:00000aa0       ?__dcrt_lowio_console_output_handle@@3PAXA 10029aa0     libucrt:initcon.obj
 0003:00000c38       ?is_initialized_as_dll@@3_NA 10029c38     LIBCMT:utility.obj
 0003:00000c39       ?module_local_atexit_table_initialized@@3_NA 10029c39     LIBCMT:utility.obj
 0003:00000c3c       ?module_local_atexit_table@@3U_onexit_table_t@@A 10029c3c     LIBCMT:utility.obj
 0003:00000c48       ?module_local_at_quick_exit_table@@3U_onexit_table_t@@A 10029c48     LIBCMT:utility.obj
 0003:00000c54       ?g_tss_cv@@3U_RTL_CONDITION_VARIABLE@@A 10029c54     LIBCMT:thread_safe_statics.obj
 0003:00000c58       ?g_tss_event@@3PAXA        10029c58     LIBCMT:thread_safe_statics.obj
 0003:00000c5c       ?g_tss_mutex@@3U_RTL_CRITICAL_SECTION@@A 10029c5c     LIBCMT:thread_safe_statics.obj
 0003:00000c74       ?g_sleep_condition_variable_cs@@3P6GHPAU_RTL_CONDITION_VARIABLE@@PAU_RTL_CRITICAL_SECTION@@K@ZA 10029c74     LIBCMT:thread_safe_statics.obj
 0003:00000c78       ?g_wake_all_condition_variable@@3P6GXPAU_RTL_CONDITION_VARIABLE@@@ZA 10029c78     LIBCMT:thread_safe_statics.obj
 0003:00000c80       _GS_ExceptionRecord        10029c80     LIBCMT:gs_report.obj
 0003:00000cd0       _GS_ContextRecord          10029cd0     LIBCMT:gs_report.obj
 0003:00000fa0       ?__proc_attached@@3HA      10029fa0     LIBCMT:dll_dllmain.obj
 0003:00000ffc       ?AllocateData@@3P6GPAUAtlThunkData_t@@XZA 10029ffc     atls:atlthunk.obj
 0003:00001000       ?InitData@@3P6GXPAUAtlThunkData_t@@PAXI@ZA 1002a000     atls:atlthunk.obj
 0003:00001004       ?DataToCode@@3P6GP6GJPAUHWND__@@IIJ@ZPAUAtlThunkData_t@@@ZA 1002a004     atls:atlthunk.obj
 0003:00001008       ?FreeData@@3P6GXPAUAtlThunkData_t@@@ZA 1002a008     atls:atlthunk.obj
 0003:0000100c       ?Initialized@@3_NA         1002a00c     atls:atlthunk.obj
 0003:0000101c       ?__vcrt_startup_thread_ptd@@3U__vcrt_ptd@@A 1002a01c     libvcruntime:per_thread_data.obj
 0003:00001044       ___vcrt_lock_table         1002a044     libvcruntime:locks.obj
 0003:0000105c       ___vcrt_locks_initialized  1002a05c     libvcruntime:locks.obj
 0003:00001088       ?heap@@3V_HeapManager@@A   1002a088     libvcruntime:undname.obj
 0003:0000109c       ?module_handles@@3PAPAUHINSTANCE__@@A 1002a09c     libvcruntime:winapi_downlevel.obj
 0003:000010a8       ?function_pointers@@3PAPAXA 1002a0a8     libvcruntime:winapi_downlevel.obj
 0003:000010bc       ?__acrt_invalid_parameter_handler@@3V?$dual_state_global@P6AXPB_W00II@Z@__crt_state_management@@A 1002a0bc     libucrt:invalid_parameter.obj
 0003:000010c0       ?c_termination_complete@@3JA 1002a0c0     libucrt:exit.obj
 0003:000010c4       ?thread_local_exit_callback_func@@3P6GXPAXK0@ZA 1002a0c4     libucrt:exit.obj
 0003:000010d0       ?program_name@?1???$common_configure_argv@D@@YAHW4_crt_argv_mode@@@Z@4PADA 1002a0d0     libucrt:argv_parsing.obj
 0003:00001200       ?__acrt_new_handler@@3V?$dual_state_global@P6AHI@Z@__crt_state_management@@A 1002a200     libucrt:new_handler.obj
 0003:00001208       ?module_handles@@3PAPAUHINSTANCE__@@A 1002a208     libucrt:winapi_thunks.obj
 0003:00001258       ?encoded_function_pointers@@3PAPAXA 1002a258     libucrt:winapi_thunks.obj
 0003:000012e0       ?internal_state@?1??_mbtowc_l@@9@4U_Mbstatet@@A 1002a2e0     libucrt:mbtowc.obj
 0003:000012f0       ?enable_percent_n@@3IA     1002a2f0     libucrt:printf_count_output.obj
 0003:00001510       ?__acrt_lock_table@@3PAU_RTL_CRITICAL_SECTION@@A 1002a510     libucrt:locks.obj
 0003:00001660       ?__acrt_locks_initialized@@3IA 1002a660     libucrt:locks.obj
 0003:00001670       ?fSystemSet@@3HA           1002a670     libucrt:mbctype.obj
 0003:00001674       ?initialized@?1??__acrt_initialize_multibyte@@9@4_NA 1002a674     libucrt:mbctype.obj
 0003:00001694       ?ctrlc_action@@3V?$dual_state_global@P6AXH@Z@__crt_state_management@@A 1002a694     libucrt:signal.obj
 0003:00001698       ?ctrlbreak_action@@3V?$dual_state_global@P6AXH@Z@__crt_state_management@@A 1002a698     libucrt:signal.obj
 0003:0000169c       ?abort_action@@3V?$dual_state_global@P6AXH@Z@__crt_state_management@@A 1002a69c     libucrt:signal.obj
 0003:000016a0       ?term_action@@3V?$dual_state_global@P6AXH@Z@__crt_state_management@@A 1002a6a0     libucrt:signal.obj
 0003:000016a4       ?user_matherr@@3V?$dual_state_global@P6AHPAU_exception@@@Z@__crt_state_management@@A 1002a6a4     libucrt:matherr.obj
 0003:000016a8       ?__acrt_global_new_mode@@3V?$dual_state_global@J@__crt_state_management@@A 1002a6a8     libucrt:new_mode.obj
 0003:000016b4       ?internal_pst@?1??__mbrtoc32_utf8@__crt_mbstring@@YAIPA_UPBDIPAU_Mbstatet@@@Z@4U3@A 1002a6b4     libucrt:mbrtoc32.obj
 0003:000016bc       ?__acrt_app_type@@3W4_crt_app_type@@A 1002a6bc     libucrt:report_runtime_error.obj
 0003:000016c4       __pmatherr_set             1002a6c4     libucrt:libm_error.obj
 0004:00000220       $R000000                   1002b220     PINPad.res
 0004:00000ba0       $R000980                   1002bba0     PINPad.res
 0004:00000c88       $R000A68                   1002bc88     PINPad.res
 0004:00000ef0       $R000CD0                   1002bef0     PINPad.res
 0004:00001438       $R001218                   1002c438     PINPad.res
 0004:00004c18       $R0049F8                   1002fc18     PINPad.res
 0004:00004c48       $R004A28                   1002fc48     PINPad.res
