 OPOSMSR

 Timestamp is 5c443914 (Sun Jan 20 18:02:12 2019)

 Preferred load address is 10000000

 Start         Length     Name                   Class
 0001:00000000 00000080H .text$di                CODE
 0001:00000080 0001d40bH .text$mn                CODE
 0001:0001d48b 00000051H .text$x                 CODE
 0001:0001d4dc 00000042H .text$yd                CODE
 0002:00000000 00000304H .idata$5                DATA
 0002:00000304 00000004H .00cfg                  DATA
 0002:00000308 00000004H .CRT$XCA                DATA
 0002:0000030c 00000004H .CRT$XCL                DATA
 0002:00000310 00000010H .CRT$XCU                DATA
 0002:00000320 00000004H .CRT$XCZ                DATA
 0002:00000324 00000004H .CRT$XIA                DATA
 0002:00000328 00000010H .CRT$XIC                DATA
 0002:00000338 00000004H .CRT$XIZ                DATA
 0002:0000033c 00000004H .CRT$XLA                DATA
 0002:00000340 00000004H .CRT$XLZ                DATA
 0002:00000344 00000004H .CRT$XPA                DATA
 0002:00000348 00000008H .CRT$XPX                DATA
 0002:00000350 00000004H .CRT$XPXA               DATA
 0002:00000354 00000004H .CRT$XPZ                DATA
 0002:00000358 00000004H .CRT$XTA                DATA
 0002:0000035c 00000004H .CRT$XTZ                DATA
 0002:00000360 00000000H .gfids$x                DATA
 0002:00000360 00000000H .gfids$y                DATA
 0002:00000360 00006ff8H .rdata                  DATA
 0002:00007358 00000018H .rdata$T                DATA
 0002:00007370 00000180H .rdata$r                DATA
 0002:000074f0 00000020H .rdata$sxdata           DATA
 0002:00007510 000003d8H .rdata$zzzdbg           DATA
 0002:000078e8 00000004H .rtc$IAA                DATA
 0002:000078ec 00000004H .rtc$IZZ                DATA
 0002:000078f0 00000004H .rtc$TAA                DATA
 0002:000078f4 00000004H .rtc$TZZ                DATA
 0002:000078f8 00000004H .tls                    DATA
 0002:000078fc 00000004H .tls$                   DATA
 0002:00007900 00000008H .tls$ZZZ                DATA
 0002:00007908 000005f4H .xdata$x                DATA
 0002:00007efc 00000004H ATL$__a                 DATA
 0002:00007f00 00000010H ATL$__z                 DATA
 0002:00007f10 000000a4H .edata                  DATA
 0002:00007fb4 00000078H .idata$2                DATA
 0002:0000802c 00000014H .idata$3                DATA
 0002:00008040 00000304H .idata$4                DATA
 0002:00008344 00000bdeH .idata$6                DATA
 0003:00000000 000009b0H .data                   DATA
 0003:000009b0 00000098H .data$r                 DATA
 0003:00000a48 00000b5cH .bss                    DATA
 0004:00000000 00000220H .rsrc$01                DATA
 0004:00000220 00005b08H .rsrc$02                DATA

  Address         Publics by Value              Rva+Base       Lib:Object

 0000:00000000       ___guard_fids_count        00000000     <absolute>
 0000:00000000       ___hybrid_code_map_count   00000000     <absolute>
 0000:00000000       ___guard_iat_count         00000000     <absolute>
 0000:00000000       ___dynamic_value_reloc_table 00000000     <absolute>
 0000:00000000       ___guard_longjmp_count     00000000     <absolute>
 0000:00000000       __except_list              00000000     <absolute>
 0000:00000000       ___guard_fids_table        00000000     <absolute>
 0000:00000000       ___guard_longjmp_table     00000000     <absolute>
 0000:00000000       ___hybrid_auxiliary_iat    00000000     <absolute>
 0000:00000000       ___guard_iat_table         00000000     <absolute>
 0000:00000000       ___volatile_metadata       00000000     <absolute>
 0000:00000000       ___enclave_config          00000000     <absolute>
 0000:00000000       ___hybrid_code_map         00000000     <absolute>
 0000:00000008       ___safe_se_handler_count   00000008     <absolute>
 0000:0000002c       __tls_array                0000002c     <absolute>
 0000:00000100       ___guard_flags             00000100     <absolute>
 0000:00000000       ___ImageBase               10000000     <linker-defined>
 0001:00000080       ?DupWide@_CW@@AAEXXZ       10001080 f   CWString.obj
 0001:0000009c       ?cw_dup@@YGXPBDAAHAAPA_W1@Z 1000109c f   CWString.obj
 0001:0000010b       ?cw_memcpy@@YGHPA_WPBDH@Z  1000110b f   CWString.obj
 0001:00000137       ?cw_strcpy@@YAHPA_WPBD@Z   10001137 f   CWString.obj
 0001:0000014a       ?cw_strlen@@YAHPBD@Z       1000114a f   CWString.obj
 0001:00000163       ??0CAtlComModule@ATL@@QAE@XZ 10001163 f i OposVariant.obj
 0001:000001a8       ??0CAtlWinModule@ATL@@QAE@XZ 100011a8 f i OposVariant.obj
 0001:000001df       ??0OposDispParms@@QAE@PAVOposVariant@@H@Z 100011df f   OposVariant.obj
 0001:00000250       ??1OposDispParms@@QAE@XZ   10001250 f   OposVariant.obj
 0001:0000025e       ??A?$CSimpleArray@GV?$CSimpleArrayEqualHelper@G@ATL@@@ATL@@QAEAAGH@Z 1000125e f i OposVariant.obj
 0001:00000283       ??_Estringdispid@CComTypeInfoHolder@ATL@@QAEPAXI@Z 10001283 f i OposVariant.obj
 0001:000002ef       ?AtlWinModuleInit@ATL@@YGJPAU_ATL_WIN_MODULE70@1@@Z 100012ef f i OposVariant.obj
 0001:00000315       ?AtlWinModuleTerm@ATL@@YGJPAU_ATL_WIN_MODULE70@1@PAUHINSTANCE__@@@Z 10001315 f i OposVariant.obj
 0001:00000378       ?ChangeBSTR@OposVariant@@QAEXPAPA_WAAJ@Z 10001378 f   OposVariant.obj
 0001:000003b9       ?ChangeLONG@OposVariant@@QAEXPAJAAJ@Z 100013b9 f   OposVariant.obj
 0001:000003fa       ?GetLONG@OposVariant@@QAEJXZ 100013fa f   OposVariant.obj
 0001:00000415       ?Init@CComCriticalSection@ATL@@QAEJXZ 10001415 f i OposVariant.obj
 0001:0000043d       ?RemoveAll@?$CSimpleArray@GV?$CSimpleArrayEqualHelper@G@ATL@@@ATL@@QAEXXZ 1000143d f i OposVariant.obj
 0001:0000043d       ?RemoveAll@?$CSimpleArray@PAUHINSTANCE__@@V?$CSimpleArrayEqualHelper@PAUHINSTANCE__@@@ATL@@@ATL@@QAEXXZ 1000143d f i atls:atlbase.obj
 0001:0000045a       ?SetBSTR@OposVariant@@QAEXPA_WAAJ@Z 1000145a f   OposVariant.obj
 0001:0000048e       ?SetBSTR_Copy@OposVariant@@QAEXPA_WAAJ@Z 1000148e f   OposVariant.obj
 0001:000004de       ?SetBSTR_InOutPtr@OposVariant@@QAE_NPAPA_WAAJ@Z 100014de f   OposVariant.obj
 0001:00000515       ?SetBSTR_OutPtr@OposVariant@@QAE_NPAPA_WAAJ@Z 10001515 f   OposVariant.obj
 0001:00000531       ?SetDispatch_Ptr@OposVariant@@QAEXPAUIDispatch@@AAJ@Z 10001531 f   OposVariant.obj
 0001:0000056c       ?SetLONG@OposVariant@@QAEXJ@Z 1000156c f   OposVariant.obj
 0001:0000058e       ?SetLONG_Ptr@OposVariant@@QAEXPAJAAJ@Z 1000158e f   OposVariant.obj
 0001:000005c1       ?SetString@OposVariant@@QAEXPB_WAAJ@Z 100015c1 f   OposVariant.obj
 0001:00000607       ?SetVARIANT@OposVariant@@QAEXAAUtagVARIANT@@GAAJ@Z 10001607 f   OposVariant.obj
 0001:0000064e       ?SetVARIANT_BOOL@OposVariant@@QAEXF@Z 1000164e f   OposVariant.obj
 0001:00000678       ?Term@CAtlComModule@ATL@@QAEXXZ 10001678 f i OposVariant.obj
 0001:000006c2       ?_AtlRaiseException@ATL@@YAXKK@Z 100016c2 f i OposVariant.obj
 0001:000006d7       ?AddRef@?$CComObjectCached@VCComClassFactory@ATL@@@ATL@@UAGKXZ 100016d7 f i MSR.obj
 0001:000006fe       ?Release@?$CComObjectCached@VCComClassFactory@ATL@@@ATL@@UAGKXZ 100016fe f i MSR.obj
 0001:00000734       ?QueryInterface@?$CComObjectCached@VCComClassFactory@ATL@@@ATL@@UAGJABU_GUID@@PAPAX@Z 10001734 f i MSR.obj
 0001:0000074e       ??_E?$CComObjectCached@VCComClassFactory@ATL@@@ATL@@UAEPAXI@Z 1000174e f i MSR.obj
 0001:0000074e       ??_G?$CComObjectCached@VCComClassFactory@ATL@@@ATL@@UAEPAXI@Z 1000174e f i MSR.obj
 0001:00000770       ?AddRef@?$CComAggObject@VCOPOSMSR@@@ATL@@UAGKXZ 10001770 f i MSR.obj
 0001:00000781       ?Release@?$CComAggObject@VCOPOSMSR@@@ATL@@UAGKXZ 10001781 f i MSR.obj
 0001:000007bd       ?QueryInterface@?$CComAggObject@VCOPOSMSR@@@ATL@@UAGJABU_GUID@@PAPAX@Z 100017bd f i MSR.obj
 0001:0000080c       ?AddRef@?$CComContainedObject@VCOPOSMSR@@@ATL@@UAGKXZ 1000180c f i MSR.obj
 0001:00000822       ?Release@?$CComContainedObject@VCOPOSMSR@@@ATL@@UAGKXZ 10001822 f i MSR.obj
 0001:00000838       ?QueryInterface@?$CComContainedObject@VCOPOSMSR@@@ATL@@UAGJABU_GUID@@PAPAX@Z 10001838 f i MSR.obj
 0001:00000853       ??_E?$CComAggObject@VCOPOSMSR@@@ATL@@UAEPAXI@Z 10001853 f i MSR.obj
 0001:00000853       ??_G?$CComAggObject@VCOPOSMSR@@@ATL@@UAEPAXI@Z 10001853 f i MSR.obj
 0001:00000878       ?AddRef@?$CComObject@VCOPOSMSR@@@ATL@@UAGKXZ 10001878 f i MSR.obj
 0001:0000088f       ?Release@?$CComObject@VCOPOSMSR@@@ATL@@UAGKXZ 1000188f f i MSR.obj
 0001:000008d1       ?QueryInterface@?$CComObject@VCOPOSMSR@@@ATL@@UAGJABU_GUID@@PAPAX@Z 100018d1 f i MSR.obj
 0001:000008eb       ?ObjectMain@CComObjectRootBase@ATL@@SGX_N@Z 100018eb f i MSR.obj
 0001:000008eb       ?OnFinalMessage@?$CWindowImplBaseT@VCWindow@ATL@@V?$CWinTraits@$0FGAAAAAA@$0A@@2@@ATL@@UAEXPAUHWND__@@@Z 100018eb f i MSR.obj
 0001:000008ee       ?GetObjectDescription@?$CComCoClass@VCOPOSMSR@@$1?CLSID_OPOSMSR@@3U_GUID@@B@ATL@@SGPB_WXZ 100018ee f i MSR.obj
 0001:000008ee       ?GetCategoryMap@CComObjectRootBase@ATL@@SAPBU_ATL_CATMAP_ENTRY@2@XZ 100018ee f i MSR.obj
 0001:000008f1       ?CreateInstance@CComClassFactory@ATL@@UAGJPAUIUnknown@@ABU_GUID@@PAPAX@Z 100018f1 f i MSR.obj
 0001:0000092f       ?LockServer@CComClassFactory@ATL@@UAGJH@Z 1000192f f i MSR.obj
 0001:0000094e       ??_ECComClassFactory@ATL@@UAEPAXI@Z 1000194e f i MSR.obj
 0001:0000094e       ??_GCComClassFactory@ATL@@UAEPAXI@Z 1000194e f i MSR.obj
 0001:00000979       ?OnDrawAdvanced@CComControlBase@ATL@@UAEJAAUATL_DRAWINFO@@@Z 10001979 f i MSR.obj
 0001:00000a68       ?Next@?$CComEnumImpl@UIEnumConnections@@$1?_GUID_b196b287_bab4_101a_b69c_00aa00341d07@@3U__s_GUID@@BUtagCONNECTDATA@@V?$_Copy@UtagCONNECTDATA@@@ATL@@@ATL@@UAGJKPAUtagCONNECTDATA@@PAK@Z 10001a68 f i MSR.obj
 0001:00000b3f       ?Skip@?$CComEnumImpl@UIEnumConnections@@$1?_GUID_b196b287_bab4_101a_b69c_00aa00341d07@@3U__s_GUID@@BUtagCONNECTDATA@@V?$_Copy@UtagCONNECTDATA@@@ATL@@@ATL@@UAGJK@Z 10001b3f f i MSR.obj
 0001:00000b6c       ?Reset@?$CComEnumImpl@UIEnumConnectionPoints@@$1?_GUID_b196b285_bab4_101a_b69c_00aa00341d07@@3U__s_GUID@@BPAUIConnectionPoint@@V?$_CopyInterface@UIConnectionPoint@@@ATL@@@ATL@@UAGJXZ 10001b6c f i MSR.obj
 0001:00000b6c       ?Reset@?$CComEnumImpl@UIEnumConnections@@$1?_GUID_b196b287_bab4_101a_b69c_00aa00341d07@@3U__s_GUID@@BUtagCONNECTDATA@@V?$_Copy@UtagCONNECTDATA@@@ATL@@@ATL@@UAGJXZ 10001b6c f i MSR.obj
 0001:00000b7e       ?Clone@?$CComEnumImpl@UIEnumConnections@@$1?_GUID_b196b287_bab4_101a_b69c_00aa00341d07@@3U__s_GUID@@BUtagCONNECTDATA@@V?$_Copy@UtagCONNECTDATA@@@ATL@@@ATL@@UAGJPAPAUIEnumConnections@@@Z 10001b7e f i MSR.obj
 0001:00000c5d       ?AddRef@?$CComObject@V?$CComEnum@UIEnumConnections@@$1?_GUID_b196b287_bab4_101a_b69c_00aa00341d07@@3U__s_GUID@@BUtagCONNECTDATA@@V?$_Copy@UtagCONNECTDATA@@@ATL@@VCComSingleThreadModel@6@@ATL@@@ATL@@UAGKXZ 10001c5d f i MSR.obj
 0001:00000c5d       ?AddRef@?$CComObject@V?$CComEnum@UIEnumConnectionPoints@@$1?_GUID_b196b285_bab4_101a_b69c_00aa00341d07@@3U__s_GUID@@BPAUIConnectionPoint@@V?$_CopyInterface@UIConnectionPoint@@@ATL@@VCComSingleThreadModel@6@@ATL@@@ATL@@UAGKXZ 10001c5d f i MSR.obj
 0001:00000c6e       ?Release@?$CComObject@V?$CComEnum@UIEnumConnections@@$1?_GUID_b196b287_bab4_101a_b69c_00aa00341d07@@3U__s_GUID@@BUtagCONNECTDATA@@V?$_Copy@UtagCONNECTDATA@@@ATL@@VCComSingleThreadModel@6@@ATL@@@ATL@@UAGKXZ 10001c6e f i MSR.obj
 0001:00000c6e       ?Release@?$CComObject@V?$CComEnum@UIEnumConnectionPoints@@$1?_GUID_b196b285_bab4_101a_b69c_00aa00341d07@@3U__s_GUID@@BPAUIConnectionPoint@@V?$_CopyInterface@UIConnectionPoint@@@ATL@@VCComSingleThreadModel@6@@ATL@@@ATL@@UAGKXZ 10001c6e f i MSR.obj
 0001:00000caa       ?QueryInterface@?$CComObject@V?$CComEnum@UIEnumConnections@@$1?_GUID_b196b287_bab4_101a_b69c_00aa00341d07@@3U__s_GUID@@BUtagCONNECTDATA@@V?$_Copy@UtagCONNECTDATA@@@ATL@@VCComSingleThreadModel@6@@ATL@@@ATL@@UAGJABU_GUID@@PAPAX@Z 10001caa f i MSR.obj
 0001:00000cc4       ??_E?$CComObject@V?$CComEnum@UIEnumConnections@@$1?_GUID_b196b287_bab4_101a_b69c_00aa00341d07@@3U__s_GUID@@BUtagCONNECTDATA@@V?$_Copy@UtagCONNECTDATA@@@ATL@@VCComSingleThreadModel@6@@ATL@@@ATL@@UAEPAXI@Z 10001cc4 f i MSR.obj
 0001:00000cc4       ??_G?$CComObject@V?$CComEnum@UIEnumConnections@@$1?_GUID_b196b287_bab4_101a_b69c_00aa00341d07@@3U__s_GUID@@BUtagCONNECTDATA@@V?$_Copy@UtagCONNECTDATA@@@ATL@@VCComSingleThreadModel@6@@ATL@@@ATL@@UAEPAXI@Z 10001cc4 f i MSR.obj
 0001:00000ce6       ??_E?$CComObject@VCOPOSMSR@@@ATL@@W3AEPAXI@Z 10001ce6 f i MSR.obj
 0001:00000cee       ??_E?$CComObject@VCOPOSMSR@@@ATL@@WEM@AEPAXI@Z 10001cee f i MSR.obj
 0001:00000cf6       ?QueryInterface@?$CComObject@VCOPOSMSR@@@ATL@@WHA@AGJABU_GUID@@PAPAX@Z 10001cf6 f i MSR.obj
 0001:00000d00       ?AddRef@?$CComObject@VCOPOSMSR@@@ATL@@WHA@AGKXZ 10001d00 f i MSR.obj
 0001:00000d0a       ?Release@?$CComObject@VCOPOSMSR@@@ATL@@WHA@AGKXZ 10001d0a f i MSR.obj
 0001:00000d14       ?QueryInterface@?$CComObject@VCOPOSMSR@@@ATL@@WHE@AGJABU_GUID@@PAPAX@Z 10001d14 f i MSR.obj
 0001:00000d1e       ?AddRef@?$CComObject@VCOPOSMSR@@@ATL@@WHE@AGKXZ 10001d1e f i MSR.obj
 0001:00000d28       ?Release@?$CComObject@VCOPOSMSR@@@ATL@@WHE@AGKXZ 10001d28 f i MSR.obj
 0001:00000d32       ?QueryInterface@?$CComObject@VCOPOSMSR@@@ATL@@WHI@AGJABU_GUID@@PAPAX@Z 10001d32 f i MSR.obj
 0001:00000d3c       ?AddRef@?$CComObject@VCOPOSMSR@@@ATL@@WHI@AGKXZ 10001d3c f i MSR.obj
 0001:00000d46       ?Release@?$CComObject@VCOPOSMSR@@@ATL@@WHI@AGKXZ 10001d46 f i MSR.obj
 0001:00000d50       ?QueryInterface@?$CComObject@VCOPOSMSR@@@ATL@@WHM@AGJABU_GUID@@PAPAX@Z 10001d50 f i MSR.obj
 0001:00000d5a       ?AddRef@?$CComObject@VCOPOSMSR@@@ATL@@WHM@AGKXZ 10001d5a f i MSR.obj
 0001:00000d64       ?Release@?$CComObject@VCOPOSMSR@@@ATL@@WHM@AGKXZ 10001d64 f i MSR.obj
 0001:00000d6e       ?QueryInterface@?$CComObject@VCOPOSMSR@@@ATL@@WIA@AGJABU_GUID@@PAPAX@Z 10001d6e f i MSR.obj
 0001:00000d7b       ?AddRef@?$CComObject@VCOPOSMSR@@@ATL@@WIA@AGKXZ 10001d7b f i MSR.obj
 0001:00000d88       ?Release@?$CComObject@VCOPOSMSR@@@ATL@@WIA@AGKXZ 10001d88 f i MSR.obj
 0001:00000d95       ?QueryInterface@?$CComObject@VCOPOSMSR@@@ATL@@WIE@AGJABU_GUID@@PAPAX@Z 10001d95 f i MSR.obj
 0001:00000da2       ?AddRef@?$CComObject@VCOPOSMSR@@@ATL@@WIE@AGKXZ 10001da2 f i MSR.obj
 0001:00000daf       ?Release@?$CComObject@VCOPOSMSR@@@ATL@@WIE@AGKXZ 10001daf f i MSR.obj
 0001:00000dbc       ?QueryInterface@?$CComObject@VCOPOSMSR@@@ATL@@WII@AGJABU_GUID@@PAPAX@Z 10001dbc f i MSR.obj
 0001:00000dc9       ?AddRef@?$CComObject@VCOPOSMSR@@@ATL@@WII@AGKXZ 10001dc9 f i MSR.obj
 0001:00000dd6       ?Release@?$CComObject@VCOPOSMSR@@@ATL@@WII@AGKXZ 10001dd6 f i MSR.obj
 0001:00000de3       ?QueryInterface@?$CComObject@VCOPOSMSR@@@ATL@@WIM@AGJABU_GUID@@PAPAX@Z 10001de3 f i MSR.obj
 0001:00000df0       ?AddRef@?$CComObject@VCOPOSMSR@@@ATL@@WIM@AGKXZ 10001df0 f i MSR.obj
 0001:00000dfd       ?Release@?$CComObject@VCOPOSMSR@@@ATL@@WIM@AGKXZ 10001dfd f i MSR.obj
 0001:00000e0a       ?QueryInterface@?$CComObject@VCOPOSMSR@@@ATL@@WJA@AGJABU_GUID@@PAPAX@Z 10001e0a f i MSR.obj
 0001:00000e17       ?AddRef@?$CComObject@VCOPOSMSR@@@ATL@@WJA@AGKXZ 10001e17 f i MSR.obj
 0001:00000e24       ?Release@?$CComObject@VCOPOSMSR@@@ATL@@WJA@AGKXZ 10001e24 f i MSR.obj
 0001:00000e31       ?QueryInterface@?$CComObject@VCOPOSMSR@@@ATL@@WJE@AGJABU_GUID@@PAPAX@Z 10001e31 f i MSR.obj
 0001:00000e3e       ?AddRef@?$CComObject@VCOPOSMSR@@@ATL@@WJE@AGKXZ 10001e3e f i MSR.obj
 0001:00000e4b       ?Release@?$CComObject@VCOPOSMSR@@@ATL@@WJE@AGKXZ 10001e4b f i MSR.obj
 0001:00000e58       ?QueryInterface@?$CComObject@VCOPOSMSR@@@ATL@@WJI@AGJABU_GUID@@PAPAX@Z 10001e58 f i MSR.obj
 0001:00000e65       ?AddRef@?$CComObject@VCOPOSMSR@@@ATL@@WJI@AGKXZ 10001e65 f i MSR.obj
 0001:00000e72       ?Release@?$CComObject@VCOPOSMSR@@@ATL@@WJI@AGKXZ 10001e72 f i MSR.obj
 0001:00000e7f       ?QueryInterface@?$CComObject@VCOPOSMSR@@@ATL@@WJM@AGJABU_GUID@@PAPAX@Z 10001e7f f i MSR.obj
 0001:00000e8c       ?AddRef@?$CComObject@VCOPOSMSR@@@ATL@@WJM@AGKXZ 10001e8c f i MSR.obj
 0001:00000e99       ?Release@?$CComObject@VCOPOSMSR@@@ATL@@WJM@AGKXZ 10001e99 f i MSR.obj
 0001:00000ea6       ?QueryInterface@?$CComObject@VCOPOSMSR@@@ATL@@WKA@AGJABU_GUID@@PAPAX@Z 10001ea6 f i MSR.obj
 0001:00000eb3       ?AddRef@?$CComObject@VCOPOSMSR@@@ATL@@WKA@AGKXZ 10001eb3 f i MSR.obj
 0001:00000ec0       ?Release@?$CComObject@VCOPOSMSR@@@ATL@@WKA@AGKXZ 10001ec0 f i MSR.obj
 0001:00000ecd       ?AddRef@?$CComObject@VCOPOSMSR@@@ATL@@WKI@AGKXZ 10001ecd f i MSR.obj
 0001:00000eda       ?Release@?$CComObject@VCOPOSMSR@@@ATL@@WKI@AGKXZ 10001eda f i MSR.obj
 0001:00000ee7       ?AddRef@?$CComObject@VCOPOSMSR@@@ATL@@WLE@AGKXZ 10001ee7 f i MSR.obj
 0001:00000ef4       ?Release@?$CComObject@VCOPOSMSR@@@ATL@@WLE@AGKXZ 10001ef4 f i MSR.obj
 0001:00000f01       ??_E?$CComContainedObject@VCOPOSMSR@@@ATL@@W3AEPAXI@Z 10001f01 f i MSR.obj
 0001:00000f09       ??_E?$CComContainedObject@VCOPOSMSR@@@ATL@@WEM@AEPAXI@Z 10001f09 f i MSR.obj
 0001:00000f11       ?QueryInterface@?$CComContainedObject@VCOPOSMSR@@@ATL@@WHA@AGJABU_GUID@@PAPAX@Z 10001f11 f i MSR.obj
 0001:00000f1b       ?AddRef@?$CComContainedObject@VCOPOSMSR@@@ATL@@WHA@AGKXZ 10001f1b f i MSR.obj
 0001:00000f25       ?Release@?$CComContainedObject@VCOPOSMSR@@@ATL@@WHA@AGKXZ 10001f25 f i MSR.obj
 0001:00000f2f       ?QueryInterface@?$CComContainedObject@VCOPOSMSR@@@ATL@@WHE@AGJABU_GUID@@PAPAX@Z 10001f2f f i MSR.obj
 0001:00000f39       ?AddRef@?$CComContainedObject@VCOPOSMSR@@@ATL@@WHE@AGKXZ 10001f39 f i MSR.obj
 0001:00000f43       ?Release@?$CComContainedObject@VCOPOSMSR@@@ATL@@WHE@AGKXZ 10001f43 f i MSR.obj
 0001:00000f4d       ?QueryInterface@?$CComContainedObject@VCOPOSMSR@@@ATL@@WHI@AGJABU_GUID@@PAPAX@Z 10001f4d f i MSR.obj
 0001:00000f57       ?AddRef@?$CComContainedObject@VCOPOSMSR@@@ATL@@WHI@AGKXZ 10001f57 f i MSR.obj
 0001:00000f61       ?Release@?$CComContainedObject@VCOPOSMSR@@@ATL@@WHI@AGKXZ 10001f61 f i MSR.obj
 0001:00000f6b       ?QueryInterface@?$CComContainedObject@VCOPOSMSR@@@ATL@@WHM@AGJABU_GUID@@PAPAX@Z 10001f6b f i MSR.obj
 0001:00000f75       ?AddRef@?$CComContainedObject@VCOPOSMSR@@@ATL@@WHM@AGKXZ 10001f75 f i MSR.obj
 0001:00000f7f       ?Release@?$CComContainedObject@VCOPOSMSR@@@ATL@@WHM@AGKXZ 10001f7f f i MSR.obj
 0001:00000f89       ?QueryInterface@?$CComContainedObject@VCOPOSMSR@@@ATL@@WIA@AGJABU_GUID@@PAPAX@Z 10001f89 f i MSR.obj
 0001:00000f96       ?AddRef@?$CComContainedObject@VCOPOSMSR@@@ATL@@WIA@AGKXZ 10001f96 f i MSR.obj
 0001:00000fa3       ?Release@?$CComContainedObject@VCOPOSMSR@@@ATL@@WIA@AGKXZ 10001fa3 f i MSR.obj
 0001:00000fb0       ?QueryInterface@?$CComContainedObject@VCOPOSMSR@@@ATL@@WIE@AGJABU_GUID@@PAPAX@Z 10001fb0 f i MSR.obj
 0001:00000fbd       ?AddRef@?$CComContainedObject@VCOPOSMSR@@@ATL@@WIE@AGKXZ 10001fbd f i MSR.obj
 0001:00000fca       ?Release@?$CComContainedObject@VCOPOSMSR@@@ATL@@WIE@AGKXZ 10001fca f i MSR.obj
 0001:00000fd7       ?QueryInterface@?$CComContainedObject@VCOPOSMSR@@@ATL@@WII@AGJABU_GUID@@PAPAX@Z 10001fd7 f i MSR.obj
 0001:00000fe4       ?AddRef@?$CComContainedObject@VCOPOSMSR@@@ATL@@WII@AGKXZ 10001fe4 f i MSR.obj
 0001:00000ff1       ?Release@?$CComContainedObject@VCOPOSMSR@@@ATL@@WII@AGKXZ 10001ff1 f i MSR.obj
 0001:00000ffe       ?QueryInterface@?$CComContainedObject@VCOPOSMSR@@@ATL@@WIM@AGJABU_GUID@@PAPAX@Z 10001ffe f i MSR.obj
 0001:0000100b       ?AddRef@?$CComContainedObject@VCOPOSMSR@@@ATL@@WIM@AGKXZ 1000200b f i MSR.obj
 0001:00001018       ?Release@?$CComContainedObject@VCOPOSMSR@@@ATL@@WIM@AGKXZ 10002018 f i MSR.obj
 0001:00001025       ?QueryInterface@?$CComContainedObject@VCOPOSMSR@@@ATL@@WJA@AGJABU_GUID@@PAPAX@Z 10002025 f i MSR.obj
 0001:00001032       ?AddRef@?$CComContainedObject@VCOPOSMSR@@@ATL@@WJA@AGKXZ 10002032 f i MSR.obj
 0001:0000103f       ?Release@?$CComContainedObject@VCOPOSMSR@@@ATL@@WJA@AGKXZ 1000203f f i MSR.obj
 0001:0000104c       ?QueryInterface@?$CComContainedObject@VCOPOSMSR@@@ATL@@WJE@AGJABU_GUID@@PAPAX@Z 1000204c f i MSR.obj
 0001:00001059       ?AddRef@?$CComContainedObject@VCOPOSMSR@@@ATL@@WJE@AGKXZ 10002059 f i MSR.obj
 0001:00001066       ?Release@?$CComContainedObject@VCOPOSMSR@@@ATL@@WJE@AGKXZ 10002066 f i MSR.obj
 0001:00001073       ?QueryInterface@?$CComContainedObject@VCOPOSMSR@@@ATL@@WJI@AGJABU_GUID@@PAPAX@Z 10002073 f i MSR.obj
 0001:00001080       ?AddRef@?$CComContainedObject@VCOPOSMSR@@@ATL@@WJI@AGKXZ 10002080 f i MSR.obj
 0001:0000108d       ?Release@?$CComContainedObject@VCOPOSMSR@@@ATL@@WJI@AGKXZ 1000208d f i MSR.obj
 0001:0000109a       ?QueryInterface@?$CComContainedObject@VCOPOSMSR@@@ATL@@WJM@AGJABU_GUID@@PAPAX@Z 1000209a f i MSR.obj
 0001:000010a7       ?AddRef@?$CComContainedObject@VCOPOSMSR@@@ATL@@WJM@AGKXZ 100020a7 f i MSR.obj
 0001:000010b4       ?Release@?$CComContainedObject@VCOPOSMSR@@@ATL@@WJM@AGKXZ 100020b4 f i MSR.obj
 0001:000010c1       ?QueryInterface@?$CComContainedObject@VCOPOSMSR@@@ATL@@WKA@AGJABU_GUID@@PAPAX@Z 100020c1 f i MSR.obj
 0001:000010ce       ?AddRef@?$CComContainedObject@VCOPOSMSR@@@ATL@@WKA@AGKXZ 100020ce f i MSR.obj
 0001:000010db       ?Release@?$CComContainedObject@VCOPOSMSR@@@ATL@@WKA@AGKXZ 100020db f i MSR.obj
 0001:000010e8       ?AddRef@?$CComContainedObject@VCOPOSMSR@@@ATL@@WKI@AGKXZ 100020e8 f i MSR.obj
 0001:000010f5       ?Release@?$CComContainedObject@VCOPOSMSR@@@ATL@@WKI@AGKXZ 100020f5 f i MSR.obj
 0001:00001102       ?AddRef@?$CComContainedObject@VCOPOSMSR@@@ATL@@WLE@AGKXZ 10002102 f i MSR.obj
 0001:0000110f       ?Release@?$CComContainedObject@VCOPOSMSR@@@ATL@@WLE@AGKXZ 1000210f f i MSR.obj
 0001:0000111c       ?Lock@CAtlModule@ATL@@UAEJXZ 1000211c f i MSR.obj
 0001:00001126       ?Unlock@CAtlModule@ATL@@UAEJXZ 10002126 f i MSR.obj
 0001:00001130       ?GetLockCount@CAtlModule@ATL@@UAEJXZ 10002130 f i MSR.obj
 0001:00001134       ?GetGITPtr@CAtlModule@ATL@@UAEJPAPAUIGlobalInterfaceTable@@@Z 10002134 f i MSR.obj
 0001:00001180       ?AddCommonRGSReplacements@?$CAtlModuleT@VCComModule@ATL@@@ATL@@UAEJPAUIRegistrarBase@@@Z 10002180 f i MSR.obj
 0001:0000119a       ?UpdateRegistryFromResourceD@CComModule@ATL@@UAGJPB_WHPAU_ATL_REGMAP_ENTRY@2@@Z 1000219a f i MSR.obj
 0001:0000119a       ?UpdateRegistryFromResourceD@CComModule@ATL@@UAGJIHPAU_ATL_REGMAP_ENTRY@2@@Z 1000219a f i MSR.obj
 0001:000011a2       ?UpdateRegistryFromResource@CComModule@ATL@@UAGJPB_WHPAU_ATL_REGMAP_ENTRY@2@@Z 100021a2 f i MSR.obj
 0001:000011ab       ?UpdateRegistryFromResource@CComModule@ATL@@UAGJIHPAU_ATL_REGMAP_ENTRY@2@@Z 100021ab f i MSR.obj
 0001:000011b4       ??_GCComModule@ATL@@UAEPAXI@Z 100021b4 f i MSR.obj
 0001:000011b4       ??_ECComModule@ATL@@UAEPAXI@Z 100021b4 f i MSR.obj
 0001:000011dc       ?GetWindowProc@?$CWindowImplBaseT@VCWindow@ATL@@V?$CWinTraits@$0FGAAAAAA@$0A@@2@@ATL@@UAEP6GJPAUHWND__@@IIJ@ZXZ 100021dc f i MSR.obj
 0001:000011e2       ?StartWindowProc@?$CWindowImplBaseT@VCWindow@ATL@@V?$CWinTraits@$0FGAAAAAA@$0A@@2@@ATL@@SGJPAUHWND__@@IIJ@Z 100021e2 f i MSR.obj
 0001:00001236       ?GetTypeInfoCount@?$IDispatchImpl@UIOPOSMSR@@$1?IID_IOPOSMSR@@3U_GUID@@B$1?LIBID_OposMSR_CCO@@3U3@B$00$0A@VCComTypeInfoHolder@ATL@@@ATL@@UAGJPAI@Z 10002236 f i MSR.obj
 0001:00001253       ?GetTypeInfo@?$IDispatchImpl@UIOPOSMSR@@$1?IID_IOPOSMSR@@3U_GUID@@B$1?LIBID_OposMSR_CCO@@3U3@B$00$0A@VCComTypeInfoHolder@ATL@@@ATL@@UAGJIKPAPAUITypeInfo@@@Z 10002253 f i MSR.obj
 0001:00001277       ?GetIDsOfNames@?$IDispatchImpl@UIOPOSMSR@@$1?IID_IOPOSMSR@@3U_GUID@@B$1?LIBID_OposMSR_CCO@@3U3@B$00$0A@VCComTypeInfoHolder@ATL@@@ATL@@UAGJABU_GUID@@PAPA_WIKPAJ@Z 10002277 f i MSR.obj
 0001:00001297       ?Invoke@?$IDispatchImpl@UIOPOSMSR@@$1?IID_IOPOSMSR@@3U_GUID@@B$1?LIBID_OposMSR_CCO@@3U3@B$00$0A@VCComTypeInfoHolder@ATL@@@ATL@@UAGJJABU_GUID@@KGPAUtagDISPPARAMS@@PAUtagVARIANT@@PAUtagEXCEPINFO@@PAI@Z 10002297 f i MSR.obj
 0001:000012a5       ?CreateControlWindow@?$CComControl@VCOPOSMSR@@V?$CWindowImpl@VCOPOSMSR@@VCWindow@ATL@@V?$CWinTraits@$0FGAAAAAA@$0A@@3@@ATL@@@ATL@@UAEPAUHWND__@@PAU3@AAUtagRECT@@@Z 100022a5 f i MSR.obj
 0001:000012d4       ?ControlQueryInterface@?$CComControl@VCOPOSMSR@@V?$CWindowImpl@VCOPOSMSR@@VCWindow@ATL@@V?$CWinTraits@$0FGAAAAAA@$0A@@3@@ATL@@@ATL@@UAEJABU_GUID@@PAPAX@Z 100022d4 f i MSR.obj
 0001:000012ef       ?GetClassID@?$IPersistStorageImpl@VCOPOSMSR@@@ATL@@UAGJPAU_GUID@@@Z 100022ef f i MSR.obj
 0001:000012ef       ?GetClassID@?$IPersistStreamInitImpl@VCOPOSMSR@@@ATL@@UAGJPAU_GUID@@@Z 100022ef f i MSR.obj
 0001:000012ef       ?GetUserClassID@?$IOleObjectImpl@VCOPOSMSR@@@ATL@@UAGJPAU_GUID@@@Z 100022ef f i MSR.obj
 0001:00001313       ?IsDirty@?$IPersistStreamInitImpl@VCOPOSMSR@@@ATL@@UAGJXZ 10002313 f i MSR.obj
 0001:00001332       ?Load@?$IPersistStreamInitImpl@VCOPOSMSR@@@ATL@@UAGJPAUIStream@@@Z 10002332 f i MSR.obj
 0001:00001351       ?Save@?$IPersistStreamInitImpl@VCOPOSMSR@@@ATL@@UAGJPAUIStream@@H@Z 10002351 f i MSR.obj
 0001:00001373       ?GetSizeMax@?$IPersistStreamInitImpl@VCOPOSMSR@@@ATL@@UAGJPAT_ULARGE_INTEGER@@@Z 10002373 f i MSR.obj
 0001:00001528       ?InitNew@?$IPersistStreamInitImpl@VCOPOSMSR@@@ATL@@UAGJXZ 10002528 f i MSR.obj
 0001:00001545       ?OnMnemonic@?$IOleControlImpl@VCOPOSMSR@@@ATL@@UAGJPAUtagMSG@@@Z 10002545 f i MSR.obj
 0001:00001545       ?ContextSensitiveHelp@?$IOleInPlaceObjectWindowlessImpl@VCOPOSMSR@@@ATL@@UAGJH@Z 10002545 f i MSR.obj
 0001:00001545       ?Unfreeze@?$IViewObjectExImpl@VCOPOSMSR@@@ATL@@UAGJK@Z 10002545 f i MSR.obj
 0001:00001545       ?SetColorScheme@?$IOleObjectImpl@VCOPOSMSR@@@ATL@@UAGJPAUtagLOGPALETTE@@@Z 10002545 f i MSR.obj
 0001:00001545       ?QueryGetData@?$IDataObjectImpl@VCOPOSMSR@@@ATL@@UAGJPAUtagFORMATETC@@@Z 10002545 f i MSR.obj
 0001:00001545       ?GetDropTarget@?$IOleInPlaceObjectWindowlessImpl@VCOPOSMSR@@@ATL@@UAGJPAPAUIDropTarget@@@Z 10002545 f i MSR.obj
 0001:00001545       ?ContextSensitiveHelp@?$IOleInPlaceActiveObjectImpl@VCOPOSMSR@@@ATL@@UAGJH@Z 10002545 f i MSR.obj
 0001:00001545       ?SOOutputCompleteDummy@COPOSMSR@@MAGJJ@Z 10002545 f i MSR.obj
 0001:00001545       ?GetControlInfo@?$IOleControlImpl@VCOPOSMSR@@@ATL@@UAGJPAUtagCONTROLINFO@@@Z 10002545 f i MSR.obj
 0001:0000154d       ?OnFrameWindowActivate@?$IOleInPlaceActiveObjectImpl@VCOPOSMSR@@@ATL@@UAGJH@Z 1000254d f i MSR.obj
 0001:0000154d       ?OnAmbientPropertyChange@?$IOleControlImpl@VCOPOSMSR@@@ATL@@UAGJJ@Z 1000254d f i MSR.obj
 0001:0000154d       ?EnableModeless@?$IOleInPlaceActiveObjectImpl@VCOPOSMSR@@@ATL@@UAGJH@Z 1000254d f i MSR.obj
 0001:0000154d       ?SaveCompleted@?$IPersistStorageImpl@VCOPOSMSR@@@ATL@@UAGJPAUIStorage@@@Z 1000254d f i MSR.obj
 0001:00001552       ?SetClientSite@?$IOleObjectImpl@VCOPOSMSR@@@ATL@@UAGJPAUIOleClientSite@@@Z 10002552 f i MSR.obj
 0001:0000156f       ?GetClientSite@?$IOleObjectImpl@VCOPOSMSR@@@ATL@@UAGJPAPAUIOleClientSite@@@Z 1000256f f i MSR.obj
 0001:0000158c       ?SetHostNames@?$IOleObjectImpl@VCOPOSMSR@@@ATL@@UAGJPB_W0@Z 1000258c f i MSR.obj
 0001:00001591       ?Close@?$IOleObjectImpl@VCOPOSMSR@@@ATL@@UAGJK@Z 10002591 f i MSR.obj
 0001:000015ae       ?GetDataHere@?$IDataObjectImpl@VCOPOSMSR@@@ATL@@UAGJPAUtagFORMATETC@@PAUtagSTGMEDIUM@@@Z 100025ae f i MSR.obj
 0001:000015ae       ?GetRect@?$IViewObjectExImpl@VCOPOSMSR@@@ATL@@UAGJKPAU_RECTL@@@Z 100025ae f i MSR.obj
 0001:000015ae       ?GetCanonicalFormatEtc@?$IDataObjectImpl@VCOPOSMSR@@@ATL@@UAGJPAUtagFORMATETC@@0@Z 100025ae f i MSR.obj
 0001:000015ae       ?QueryInterface@CRegObject@ATL@@UAGJABU_GUID@@PAPAX@Z 100025ae f i MSR.obj
 0001:000015ae       ?GetClipboardData@?$IOleObjectImpl@VCOPOSMSR@@@ATL@@UAGJKPAPAUIDataObject@@@Z 100025ae f i MSR.obj
 0001:000015ae       ?EnumFormatEtc@?$IDataObjectImpl@VCOPOSMSR@@@ATL@@UAGJKPAPAUIEnumFORMATETC@@@Z 100025ae f i MSR.obj
 0001:000015ae       ?SetMoniker@?$IOleObjectImpl@VCOPOSMSR@@@ATL@@UAGJKPAUIMoniker@@@Z 100025ae f i MSR.obj
 0001:000015b6       ?SetData@?$IDataObjectImpl@VCOPOSMSR@@@ATL@@UAGJPAUtagFORMATETC@@PAUtagSTGMEDIUM@@H@Z 100025b6 f i MSR.obj
 0001:000015b6       ?InitFromData@?$IOleObjectImpl@VCOPOSMSR@@@ATL@@UAGJPAUIDataObject@@HK@Z 100025b6 f i MSR.obj
 0001:000015b6       ?GetMoniker@?$IOleObjectImpl@VCOPOSMSR@@@ATL@@UAGJKKPAPAUIMoniker@@@Z 100025b6 f i MSR.obj
 0001:000015be       ?DoVerb@?$IOleObjectImpl@VCOPOSMSR@@@ATL@@UAGJJPAUtagMSG@@PAUIOleClientSite@@JPAUHWND__@@PBUtagRECT@@@Z 100025be f i MSR.obj
 0001:000016d6       ?EnumVerbs@?$IOleObjectImpl@VCOPOSMSR@@@ATL@@UAGJPAPAUIEnumOLEVERB@@@Z 100026d6 f i MSR.obj
 0001:000016f8       ?IsUpToDate@?$IOleObjectImpl@VCOPOSMSR@@@ATL@@UAGJXZ 100026f8 f i MSR.obj
 0001:000016f8       ?Release@CRegObject@ATL@@UAGKXZ 100026f8 f i MSR.obj
 0001:000016f8       ?Update@?$IOleObjectImpl@VCOPOSMSR@@@ATL@@UAGJXZ 100026f8 f i MSR.obj
 0001:000016f8       ?HandsOffStorage@?$IPersistStorageImpl@VCOPOSMSR@@@ATL@@UAGJXZ 100026f8 f i MSR.obj
 0001:000016fd       ?GetUserType@?$IOleObjectImpl@VCOPOSMSR@@@ATL@@UAGJKPAPA_W@Z 100026fd f i MSR.obj
 0001:00001715       ?SetExtent@?$IOleObjectImpl@VCOPOSMSR@@@ATL@@UAGJKPAUtagSIZE@@@Z 10002715 f i MSR.obj
 0001:00001735       ?GetExtent@?$IOleObjectImpl@VCOPOSMSR@@@ATL@@UAGJKPAUtagSIZE@@@Z 10002735 f i MSR.obj
 0001:00001773       ?Advise@?$IOleObjectImpl@VCOPOSMSR@@@ATL@@UAGJPAUIAdviseSink@@PAK@Z 10002773 f i MSR.obj
 0001:00001793       ?Unadvise@?$IOleObjectImpl@VCOPOSMSR@@@ATL@@UAGJK@Z 10002793 f i MSR.obj
 0001:000017c2       ?EnumAdvise@?$IOleObjectImpl@VCOPOSMSR@@@ATL@@UAGJPAPAUIEnumSTATDATA@@@Z 100027c2 f i MSR.obj
 0001:00001802       ?GetMiscStatus@?$IOleObjectImpl@VCOPOSMSR@@@ATL@@UAGJKPAK@Z 10002802 f i MSR.obj
 0001:0000181a       ?GetWindow@?$IOleInPlaceActiveObjectImpl@VCOPOSMSR@@@ATL@@UAGJPAPAUHWND__@@@Z 1000281a f i MSR.obj
 0001:00001867       ?TranslateAcceleratorW@?$IOleInPlaceActiveObjectImpl@VCOPOSMSR@@@ATL@@UAGJPAUtagMSG@@@Z 10002867 f i MSR.obj
 0001:00001905       ?OnDocWindowActivate@?$IOleInPlaceActiveObjectImpl@VCOPOSMSR@@@ATL@@UAGJH@Z 10002905 f i MSR.obj
 0001:00001927       ?ResizeBorder@?$IOleInPlaceActiveObjectImpl@VCOPOSMSR@@@ATL@@UAGJPBUtagRECT@@PAUIOleInPlaceUIWindow@@H@Z 10002927 f i MSR.obj
 0001:0000192c       ?Draw@?$IViewObjectExImpl@VCOPOSMSR@@@ATL@@UAGJKJPAXPAUtagDVTARGETDEVICE@@PAUHDC__@@2PBU_RECTL@@3P6GHK@ZK@Z 1000292c f i MSR.obj
 0001:0000195e       ?GetColorSet@?$IViewObjectExImpl@VCOPOSMSR@@@ATL@@UAGJKJPAXPAUtagDVTARGETDEVICE@@PAUHDC__@@PAPAUtagLOGPALETTE@@@Z 1000295e f i MSR.obj
 0001:00001966       ?Freeze@?$IViewObjectExImpl@VCOPOSMSR@@@ATL@@UAGJKJPAXPAK@Z 10002966 f i MSR.obj
 0001:0000196e       ?SetAdvise@?$IViewObjectExImpl@VCOPOSMSR@@@ATL@@UAGJKKPAUIAdviseSink@@@Z 1000296e f i MSR.obj
 0001:0000198d       ?GetAdvise@?$IViewObjectExImpl@VCOPOSMSR@@@ATL@@UAGJPAK0PAPAUIAdviseSink@@@Z 1000298d f i MSR.obj
 0001:000019c2       ?GetExtent@?$IViewObjectExImpl@VCOPOSMSR@@@ATL@@UAGJKJPAUtagDVTARGETDEVICE@@PAUtagSIZE@@@Z 100029c2 f i MSR.obj
 0001:000019f3       ?GetViewStatus@?$IViewObjectExImpl@VCOPOSMSR@@@ATL@@UAGJPAK@Z 100029f3 f i MSR.obj
 0001:00001a10       ?QueryHitPoint@?$IViewObjectExImpl@VCOPOSMSR@@@ATL@@UAGJKPBUtagRECT@@UtagPOINT@@JPAK@Z 10002a10 f i MSR.obj
 0001:00001a51       ?QueryHitRect@?$IViewObjectExImpl@VCOPOSMSR@@@ATL@@UAGJKPBUtagRECT@@0JPAK@Z 10002a51 f i MSR.obj
 0001:00001aac       ?GetNaturalExtent@?$IViewObjectExImpl@VCOPOSMSR@@@ATL@@UAGJKJPAUtagDVTARGETDEVICE@@PAUHDC__@@PAUtagExtentInfo@@PAUtagSIZE@@@Z 10002aac f i MSR.obj
 0001:00001af7       ?GetWindow@?$IOleInPlaceObjectWindowlessImpl@VCOPOSMSR@@@ATL@@UAGJPAPAUHWND__@@@Z 10002af7 f i MSR.obj
 0001:00001b44       ?InPlaceDeactivate@?$IOleInPlaceObjectWindowlessImpl@VCOPOSMSR@@@ATL@@UAGJXZ 10002b44 f i MSR.obj
 0001:00001b5e       ?UIDeactivate@?$IOleInPlaceObjectWindowlessImpl@VCOPOSMSR@@@ATL@@UAGJXZ 10002b5e f i MSR.obj
 0001:00001b78       ?SetObjectRects@?$IOleInPlaceObjectWindowlessImpl@VCOPOSMSR@@@ATL@@UAGJPBUtagRECT@@0@Z 10002b78 f i MSR.obj
 0001:00001b98       ?ReactivateAndUndo@?$IOleInPlaceObjectWindowlessImpl@VCOPOSMSR@@@ATL@@UAGJXZ 10002b98 f i MSR.obj
 0001:00001ba0       ?OnWindowMessage@?$IOleInPlaceObjectWindowlessImpl@VCOPOSMSR@@@ATL@@UAGJIIJPAJ@Z 10002ba0 f i MSR.obj
 0001:00001c10       ?EnumConnectionPoints@?$IConnectionPointContainerImpl@VCOPOSMSR@@@ATL@@UAGJPAPAUIEnumConnectionPoints@@@Z 10002c10 f i MSR.obj
 0001:00001d8a       ?FindConnectionPoint@?$IConnectionPointContainerImpl@VCOPOSMSR@@@ATL@@UAGJABU_GUID@@PAPAUIConnectionPoint@@@Z 10002d8a f i MSR.obj
 0001:00001e2d       ?IsDirty@?$IPersistStorageImpl@VCOPOSMSR@@@ATL@@UAGJXZ 10002e2d f i MSR.obj
 0001:00001e61       ?InitNew@?$IPersistStorageImpl@VCOPOSMSR@@@ATL@@UAGJPAUIStorage@@@Z 10002e61 f i MSR.obj
 0001:00001e95       ?Load@?$IPersistStorageImpl@VCOPOSMSR@@@ATL@@UAGJPAUIStorage@@@Z 10002e95 f i MSR.obj
 0001:00001f01       ?Save@?$IPersistStorageImpl@VCOPOSMSR@@@ATL@@UAGJPAUIStorage@@H@Z 10002f01 f i MSR.obj
 0001:00001f74       ?GetPages@?$ISpecifyPropertyPagesImpl@VCOPOSMSR@@@ATL@@UAGJPAUtagCAUUID@@@Z 10002f74 f i MSR.obj
 0001:00001f8b       ?QuickActivate@?$IQuickActivateImpl@VCOPOSMSR@@@ATL@@UAGJPAUtagQACONTAINER@@PAUtagQACONTROL@@@Z 10002f8b f i MSR.obj
 0001:00001fae       ?SetContentExtent@?$IQuickActivateImpl@VCOPOSMSR@@@ATL@@UAGJPAUtagSIZE@@@Z 10002fae f i MSR.obj
 0001:00001fda       ?GetContentExtent@?$IQuickActivateImpl@VCOPOSMSR@@@ATL@@UAGJPAUtagSIZE@@@Z 10002fda f i MSR.obj
 0001:00001ffa       ?GetData@?$IDataObjectImpl@VCOPOSMSR@@@ATL@@UAGJPAUtagFORMATETC@@PAUtagSTGMEDIUM@@@Z 10002ffa f i MSR.obj
 0001:0000201d       ?DAdvise@?$IDataObjectImpl@VCOPOSMSR@@@ATL@@UAGJPAUtagFORMATETC@@KPAUIAdviseSink@@PAK@Z 1000301d f i MSR.obj
 0001:0000205e       ?DUnadvise@?$IDataObjectImpl@VCOPOSMSR@@@ATL@@UAGJK@Z 1000305e f i MSR.obj
 0001:0000208c       ?EnumDAdvise@?$IDataObjectImpl@VCOPOSMSR@@@ATL@@UAGJPAPAUIEnumSTATDATA@@@Z 1000308c f i MSR.obj
 0001:000020cb       ?GetClassInfoW@?$IProvideClassInfo2Impl@$1?CLSID_OPOSMSR@@3U_GUID@@B$1?DIID__IOPOSMSREvents@@3U2@B$1?LIBID_OposMSR_CCO@@3U2@B$00$0A@VCComTypeInfoHolder@ATL@@@ATL@@UAGJPAPAUITypeInfo@@@Z 100030cb f i MSR.obj
 0001:000020e1       ?GetGUID@?$IProvideClassInfo2Impl@$1?CLSID_OPOSMSR@@3U_GUID@@B$1?DIID__IOPOSMSREvents@@3U2@B$1?LIBID_OposMSR_CCO@@3U2@B$00$0A@VCComTypeInfoHolder@ATL@@@ATL@@UAGJKPAU_GUID@@@Z 100030e1 f i MSR.obj
 0001:0000211f       __get_startup_argv_mode    1000311f f i LIBCMT:argv_mode.obj
 0001:0000211f       ?FAccessAllowed@?$IObjectSafetyImpl@VCOPOSMSR@@$02@ATL@@MAEHXZ 1000311f f i MSR.obj
 0001:00002123       ?GetInterfaceSafetyOptions@?$IObjectSafetyImpl@VCOPOSMSR@@$02@ATL@@UAGJABU_GUID@@PAK1@Z 10003123 f i MSR.obj
 0001:00002197       ?SetInterfaceSafetyOptions@?$IObjectSafetyImpl@VCOPOSMSR@@$02@ATL@@UAGJABU_GUID@@KK@Z 10003197 f i MSR.obj
 0001:00002211       ?_LocCPQueryInterface@?$IConnectionPointImpl@VCOPOSMSR@@$1?DIID__IOPOSMSREvents@@3U_GUID@@BVCComDynamicUnkArray@ATL@@@ATL@@UAGJABU_GUID@@PAPAX@Z 10003211 f i MSR.obj
 0001:00002211       ?_LocCPQueryInterface@?$IConnectionPointImpl@VCOPOSMSR@@$1?IID_IPropertyNotifySink@@3U_GUID@@BVCComDynamicUnkArray@ATL@@@ATL@@UAGJABU_GUID@@PAPAX@Z 10003211 f i MSR.obj
 0001:0000225e       ?GetConnectionInterface@?$IConnectionPointImpl@VCOPOSMSR@@$1?IID_IPropertyNotifySink@@3U_GUID@@BVCComDynamicUnkArray@ATL@@@ATL@@UAGJPAU_GUID@@@Z 1000325e f i MSR.obj
 0001:00002282       ?GetConnectionPointContainer@?$IConnectionPointImpl@VCOPOSMSR@@$1?IID_IPropertyNotifySink@@3U_GUID@@BVCComDynamicUnkArray@ATL@@@ATL@@UAGJPAPAUIConnectionPointContainer@@@Z 10003282 f i MSR.obj
 0001:000022a5       ?Advise@?$IConnectionPointImpl@VCOPOSMSR@@$1?IID_IPropertyNotifySink@@3U_GUID@@BVCComDynamicUnkArray@ATL@@@ATL@@UAGJPAUIUnknown@@PAK@Z 100032a5 f i MSR.obj
 0001:000022a5       ?Advise@?$IConnectionPointImpl@VCOPOSMSR@@$1?DIID__IOPOSMSREvents@@3U_GUID@@BVCComDynamicUnkArray@ATL@@@ATL@@UAGJPAUIUnknown@@PAK@Z 100032a5 f i MSR.obj
 0001:00002346       ?Unadvise@?$IConnectionPointImpl@VCOPOSMSR@@$1?DIID__IOPOSMSREvents@@3U_GUID@@BVCComDynamicUnkArray@ATL@@@ATL@@UAGJK@Z 10003346 f i MSR.obj
 0001:00002346       ?Unadvise@?$IConnectionPointImpl@VCOPOSMSR@@$1?IID_IPropertyNotifySink@@3U_GUID@@BVCComDynamicUnkArray@ATL@@@ATL@@UAGJK@Z 10003346 f i MSR.obj
 0001:00002386       ?EnumConnections@?$IConnectionPointImpl@VCOPOSMSR@@$1?IID_IPropertyNotifySink@@3U_GUID@@BVCComDynamicUnkArray@ATL@@@ATL@@UAGJPAPAUIEnumConnections@@@Z 10003386 f i MSR.obj
 0001:00002386       ?EnumConnections@?$IConnectionPointImpl@VCOPOSMSR@@$1?DIID__IOPOSMSREvents@@3U_GUID@@BVCComDynamicUnkArray@ATL@@@ATL@@UAGJPAPAUIEnumConnections@@@Z 10003386 f i MSR.obj
 0001:0000248c       ?AddRef@CRegObject@ATL@@UAGKXZ 1000348c f i MSR.obj
 0001:00002492       ?AddReplacement@CRegObject@ATL@@UAGJPB_W0@Z 10003492 f i MSR.obj
 0001:000024cb       ?ClearReplacements@CRegObject@ATL@@UAGJXZ 100034cb f i MSR.obj
 0001:000024dd       ??_ECRegObject@ATL@@UAEPAXI@Z 100034dd f i MSR.obj
 0001:000024dd       ??_GCRegObject@ATL@@UAEPAXI@Z 100034dd f i MSR.obj
 0001:000024ff       ?GetConnectionInterface@?$IConnectionPointImpl@VCOPOSMSR@@$1?DIID__IOPOSMSREvents@@3U_GUID@@BVCComDynamicUnkArray@ATL@@@ATL@@UAGJPAU_GUID@@@Z 100034ff f i MSR.obj
 0001:00002523       ?GetConnectionPointContainer@?$IConnectionPointImpl@VCOPOSMSR@@$1?DIID__IOPOSMSREvents@@3U_GUID@@BVCComDynamicUnkArray@ATL@@@ATL@@UAGJPAPAUIConnectionPointContainer@@@Z 10003523 f i MSR.obj
 0001:00002546       ?UpdateRegistry@COPOSMSR@@SGJH@Z 10003546 f i MSR.obj
 0001:0000255e       ?ProcessWindowMessage@COPOSMSR@@UAEHPAUHWND__@@IIJAAJK@Z 1000355e f i MSR.obj
 0001:000025a7       ?SOData@COPOSMSR@@MAGJJ@Z  100035a7 f i MSR.obj
 0001:000025e0       ?SODirectIO@COPOSMSR@@MAGJJPAJPAPA_W@Z 100035e0 f i MSR.obj
 0001:00002629       ?SOError@COPOSMSR@@MAGJJJJPAJ@Z 10003629 f i MSR.obj
 0001:0000267e       ?SOStatusUpdate@COPOSMSR@@MAGJJ@Z 1000367e f i MSR.obj
 0001:000026b7       ?CreateInstance@?$CComCreator@V?$CComObjectCached@VCComClassFactory@ATL@@@ATL@@@ATL@@SGJPAXABU_GUID@@PAPAX@Z 100036b7 f i MSR.obj
 0001:0000274a       ?CreateInstance@?$CComCreator2@V?$CComCreator@V?$CComObject@VCOPOSMSR@@@ATL@@@ATL@@V?$CComCreator@V?$CComAggObject@VCOPOSMSR@@@ATL@@@2@@ATL@@SGJPAXABU_GUID@@PAPAX@Z 1000374a f i MSR.obj
 0001:0000276a       ?Next@?$CComEnumImpl@UIEnumConnectionPoints@@$1?_GUID_b196b285_bab4_101a_b69c_00aa00341d07@@3U__s_GUID@@BPAUIConnectionPoint@@V?$_CopyInterface@UIConnectionPoint@@@ATL@@@ATL@@UAGJKPAPAUIConnectionPoint@@PAK@Z 1000376a f i MSR.obj
 0001:00002841       ?Skip@?$CComEnumImpl@UIEnumConnectionPoints@@$1?_GUID_b196b285_bab4_101a_b69c_00aa00341d07@@3U__s_GUID@@BPAUIConnectionPoint@@V?$_CopyInterface@UIConnectionPoint@@@ATL@@@ATL@@UAGJK@Z 10003841 f i MSR.obj
 0001:0000286e       ?Clone@?$CComEnumImpl@UIEnumConnectionPoints@@$1?_GUID_b196b285_bab4_101a_b69c_00aa00341d07@@3U__s_GUID@@BPAUIConnectionPoint@@V?$_CopyInterface@UIConnectionPoint@@@ATL@@@ATL@@UAGJPAPAUIEnumConnectionPoints@@@Z 1000386e f i MSR.obj
 0001:0000294d       ?QueryInterface@?$CComObject@V?$CComEnum@UIEnumConnectionPoints@@$1?_GUID_b196b285_bab4_101a_b69c_00aa00341d07@@3U__s_GUID@@BPAUIConnectionPoint@@V?$_CopyInterface@UIConnectionPoint@@@ATL@@VCComSingleThreadModel@6@@ATL@@@ATL@@UAGJABU_GUID@@PAPAX@Z 1000394d f i MSR.obj
 0001:00002967       ??_E?$CComObject@V?$CComEnum@UIEnumConnectionPoints@@$1?_GUID_b196b285_bab4_101a_b69c_00aa00341d07@@3U__s_GUID@@BPAUIConnectionPoint@@V?$_CopyInterface@UIConnectionPoint@@@ATL@@VCComSingleThreadModel@6@@ATL@@@ATL@@UAEPAXI@Z 10003967 f i MSR.obj
 0001:00002967       ??_G?$CComObject@V?$CComEnum@UIEnumConnectionPoints@@$1?_GUID_b196b285_bab4_101a_b69c_00aa00341d07@@3U__s_GUID@@BPAUIConnectionPoint@@V?$_CopyInterface@UIConnectionPoint@@@ATL@@VCComSingleThreadModel@6@@ATL@@@ATL@@UAEPAXI@Z 10003967 f i MSR.obj
 0001:00002989       ??$?4UITypeInfo2@@@?$CComPtr@UITypeInfo@@@ATL@@QAEPAUITypeInfo@@ABV?$CComPtr@UITypeInfo2@@@1@@Z 10003989 f i MSR.obj
 0001:000029b6       ??$AtlAdd@K@ATL@@YAJPAKKK@Z 100039b6 f i MSR.obj
 0001:000029d9       ??$AtlAdd@_K@ATL@@YAJPA_K_K1@Z 100039d9 f i MSR.obj
 0001:00002a11       ??$AtlAddThrow@K@ATL@@YAKKK@Z 10003a11 f i MSR.obj
 0001:00002a37       ??$AtlModuleRegisterWndClassInfoT@VAtlModuleRegisterWndClassInfoParamW@ATL@@@ATL@@YAGPAU_ATL_BASE_MODULE70@0@PAU_ATL_WIN_MODULE70@0@PAU_ATL_WNDCLASSINFOW@0@PAP6GJPAUHWND__@@IIJ@ZVAtlModuleRegisterWndClassInfoParamW@0@@Z 10003a37 f i MSR.obj
 0001:00002b85       ??$AtlMultiply@H@ATL@@YAJPAHHH@Z 10003b85 f i MSR.obj
 0001:00002bbd       ??$AtlMultiply@I@ATL@@YAJPAIII@Z 10003bbd f i MSR.obj
 0001:00002bbd       ??$AtlMultiply@K@ATL@@YAJPAKKK@Z 10003bbd f i MSR.obj
 0001:00002bdf       ??$AtlMultiplyThrow@I@ATL@@YAIII@Z 10003bdf f i MSR.obj
 0001:00002c05       ??0?$CComAggObject@VCOPOSMSR@@@ATL@@QAE@PAX@Z 10003c05 f i MSR.obj
 0001:00002c32       ??0?$CComContainedObject@VCOPOSMSR@@@ATL@@QAE@PAX@Z 10003c32 f i MSR.obj
 0001:00002ceb       ??0?$CComObject@V?$CComEnum@UIEnumConnectionPoints@@$1?_GUID_b196b285_bab4_101a_b69c_00aa00341d07@@3U__s_GUID@@BPAUIConnectionPoint@@V?$_CopyInterface@UIConnectionPoint@@@ATL@@VCComSingleThreadModel@6@@ATL@@@ATL@@QAE@PAX@Z 10003ceb f i MSR.obj
 0001:00002d19       ??0?$CComObject@V?$CComEnum@UIEnumConnections@@$1?_GUID_b196b287_bab4_101a_b69c_00aa00341d07@@3U__s_GUID@@BUtagCONNECTDATA@@V?$_Copy@UtagCONNECTDATA@@@ATL@@VCComSingleThreadModel@6@@ATL@@@ATL@@QAE@PAX@Z 10003d19 f i MSR.obj
 0001:00002d47       ??0?$CComObject@VCOPOSMSR@@@ATL@@QAE@PAX@Z 10003d47 f i MSR.obj
 0001:00002dfe       ??0?$CComQIPtr@UIOleControlSite@@$1?_GUID_b196b289_bab4_101a_b69c_00aa00341d07@@3U__s_GUID@@B@ATL@@QAE@PAUIUnknown@@@Z 10003dfe f i MSR.obj
 0001:00002e27       ??0CAtlModule@ATL@@QAE@XZ  10003e27 f i MSR.obj
 0001:00002e68       ??0CParseBuffer@CRegParser@ATL@@QAE@H@Z 10003e68 f i MSR.obj
 0001:00002e9e       ??0_ATL_MSG@ATL@@QAE@PAUHWND__@@IIJH@Z 10003e9e f i MSR.obj
 0001:00002ed6       ??1?$CComAggObject@VCOPOSMSR@@@ATL@@UAE@XZ 10003ed6 f i MSR.obj
 0001:00002efa       ??1?$CComEnumImpl@UIEnumConnectionPoints@@$1?_GUID_b196b285_bab4_101a_b69c_00aa00341d07@@3U__s_GUID@@BPAUIConnectionPoint@@V?$_CopyInterface@UIConnectionPoint@@@ATL@@@ATL@@UAE@XZ 10003efa f i MSR.obj
 0001:00002f3a       ??1?$CComEnumImpl@UIEnumConnections@@$1?_GUID_b196b287_bab4_101a_b69c_00aa00341d07@@3U__s_GUID@@BUtagCONNECTDATA@@V?$_Copy@UtagCONNECTDATA@@@ATL@@@ATL@@UAE@XZ 10003f3a f i MSR.obj
 0001:00002f7a       ??1?$CComObject@V?$CComEnum@UIEnumConnectionPoints@@$1?_GUID_b196b285_bab4_101a_b69c_00aa00341d07@@3U__s_GUID@@BPAUIConnectionPoint@@V?$_CopyInterface@UIConnectionPoint@@@ATL@@VCComSingleThreadModel@6@@ATL@@@ATL@@UAE@XZ 10003f7a f i MSR.obj
 0001:00002f9d       ??1?$CComObject@V?$CComEnum@UIEnumConnections@@$1?_GUID_b196b287_bab4_101a_b69c_00aa00341d07@@3U__s_GUID@@BUtagCONNECTDATA@@V?$_Copy@UtagCONNECTDATA@@@ATL@@VCComSingleThreadModel@6@@ATL@@@ATL@@UAE@XZ 10003f9d f i MSR.obj
 0001:00002fc0       ??1?$CComObject@VCOPOSMSR@@@ATL@@UAE@XZ 10003fc0 f i MSR.obj
 0001:0000307e       ??1?$CComObjectCached@VCComClassFactory@ATL@@@ATL@@UAE@XZ 1000407e f i MSR.obj
 0001:00003094       ??1?$CComObjectRootEx@VCComMultiThreadModel@ATL@@@ATL@@QAE@XZ 10004094 f i MSR.obj
 0001:000030a9       ??1CRegObject@ATL@@UAE@XZ  100040a9 f i MSR.obj
 0001:000030c9       ??4?$CComPtr@UIUnknown@@@ATL@@QAEPAUIUnknown@@PAU2@@Z 100040c9 f i MSR.obj
 0001:000030c9       ??4?$CComPtr@UIOleClientSite@@@ATL@@QAEPAUIOleClientSite@@PAU2@@Z 100040c9 f i MSR.obj
 0001:000030c9       ??4?$CComPtr@UIAdviseSink@@@ATL@@QAEPAUIAdviseSink@@PAU2@@Z 100040c9 f i MSR.obj
 0001:000030fd       ??4?$CComQIPtr@UIOleObject@@$1?_GUID_00000112_0000_0000_c000_000000000046@@3U__s_GUID@@B@ATL@@QAEPAUIOleObject@@PAUIUnknown@@@Z 100040fd f i MSR.obj
 0001:00003122       ??4?$CComQIPtr@UISpecifyPropertyPages@@$1?_GUID_b196b28b_bab4_101a_b69c_00aa00341d07@@3U__s_GUID@@B@ATL@@QAEPAUISpecifyPropertyPages@@PAUIUnknown@@@Z 10004122 f i MSR.obj
 0001:00003147       ??_E?$CComContainedObject@VCOPOSMSR@@@ATL@@UAEPAXI@Z 10004147 f i MSR.obj
 0001:00003147       ??_G?$CComContainedObject@VCOPOSMSR@@@ATL@@UAEPAXI@Z 10004147 f i MSR.obj
 0001:0000316c       ??_G?$CComObject@VCOPOSMSR@@@ATL@@UAEPAXI@Z 1000416c f i MSR.obj
 0001:0000316c       ??_E?$CComObject@VCOPOSMSR@@@ATL@@UAEPAXI@Z 1000416c f i MSR.obj
 0001:00003191       ?Add@?$CSimpleArray@GV?$CSimpleArrayEqualHelper@G@ATL@@@ATL@@QAEHABG@Z 10004191 f i MSR.obj
 0001:00003215       ?Add@?$CSimpleMap@PA_WPA_WVCExpansionVectorEqualHelper@ATL@@@ATL@@QAEHABQA_W0@Z 10004215 f i MSR.obj
 0001:0000326a       ?Add@CComDynamicUnkArray@ATL@@QAEKPAUIUnknown@@@Z 1000426a f i MSR.obj
 0001:00003325       ?Add@CExpansionVector@ATL@@QAEHPB_W0@Z 10004325 f i MSR.obj
 0001:00003429       ?AddString@CParseBuffer@CRegParser@ATL@@QAEHPB_W@Z 10004429 f i MSR.obj
 0001:0000345e       ?AddValue@CRegParser@ATL@@IAEJAAVCRegKey@2@PB_WPA_W@Z 1000445e f i MSR.obj
 0001:0000377f       ?Allocate@?$CAtlSafeAllocBufferManager@VCCRTAllocator@ATL@@@_ATL_SAFE_ALLOCA_IMPL@ATL@@QAEPAXK@Z 1000477f f i MSR.obj
 0001:000037ac       ?Allocate@?$CTempBuffer@E$0BAA@VCCRTAllocator@ATL@@@ATL@@QAEPAEI@Z 100047ac f i MSR.obj
 0001:000037db       ?Allocate@?$CTempBuffer@_W$0BAA@VCCRTAllocator@ATL@@@ATL@@QAEPA_WI@Z 100047db f i MSR.obj
 0001:0000380a       ?Allocate@?$CTempBuffer@_W$0EAA@VCCRTAllocator@ATL@@@ATL@@QAEPA_WI@Z 1000480a f i MSR.obj
 0001:00003839       ?AllocateHeap@?$CTempBuffer@_W$0EAA@VCCRTAllocator@ATL@@@ATL@@AAEXI@Z 10004839 f i MSR.obj
 0001:00003839       ?AllocateHeap@?$CTempBuffer@_W$0BAA@VCCRTAllocator@ATL@@@ATL@@AAEXI@Z 10004839 f i MSR.obj
 0001:00003839       ?AllocateHeap@?$CTempBuffer@E$0BAA@VCCRTAllocator@ATL@@@ATL@@AAEXI@Z 10004839 f i MSR.obj
 0001:0000385e       ?Append@CParseBuffer@CRegParser@ATL@@QAEHPB_WH@Z 1000485e f i MSR.obj
 0001:000038ec       ?AtlCallTermFunc@ATL@@YGXPAU_ATL_MODULE70@1@@Z 100048ec f i MSR.obj
 0001:00003930       ?AtlCoTaskMemCAlloc@ATL@@YAPAXKK@Z 10004930 f i MSR.obj
 0001:0000395d       ?AtlCoTaskMemRecalloc@ATL@@YAPAXPAXKK@Z 1000495d f i MSR.obj
 0001:0000398d       ?AtlComModuleGetClassObject@ATL@@YGJPAU_ATL_COM_MODULE70@1@ABU_GUID@@1PAPAX@Z 1000498d f i MSR.obj
 0001:00003a80       ?AtlComModuleRegisterServer@ATL@@YGJPAU_ATL_COM_MODULE70@1@HPBU_GUID@@@Z 10004a80 f i MSR.obj
 0001:00003b08       ?AtlComModuleUnregisterServer@ATL@@YGJPAU_ATL_COM_MODULE70@1@HPBU_GUID@@@Z 10004b08 f i MSR.obj
 0001:00003b90       ?AtlComQIPtrAssign2@ATL@@YAXPAPAUIUnknown@@PAU2@ABU_GUID@@@Z 10004b90 f i MSR.obj
 0001:00003bbf       ?AtlCreateTargetDC@ATL@@YGPAUHDC__@@PAU2@PAUtagDVTARGETDEVICE@@@Z 10004bbf f i MSR.obj
 0001:00003c28       ?AtlCrtErrorCheck@ATL@@YAHH@Z 10004c28 f i MSR.obj
 0001:00003c63       ?AtlHiMetricToPixel@ATL@@YGXPBUtagSIZE@@PAU2@@Z 10004c63 f i MSR.obj
 0001:00003cd8       ?AtlHresultFromLastError@ATL@@YAJXZ 10004cd8 f i MSR.obj
 0001:00003cef       ?AtlHresultFromWin32@ATL@@YAJK@Z 10004cef f i MSR.obj
 0001:00003d04       ?AtlIPersistStreamInit_Load@ATL@@YGJPAUIStream@@PBUATL_PROPMAP_ENTRY@1@PAXPAUIUnknown@@@Z 10004d04 f i MSR.obj
 0001:00003ee4       ?AtlIPersistStreamInit_Save@ATL@@YGJPAUIStream@@HPBUATL_PROPMAP_ENTRY@1@PAXPAUIUnknown@@@Z 10004ee4 f i MSR.obj
 0001:0000407c       ?AtlInternalOleLoadFromStream@ATL@@YAJPAUIStream@@ABU_GUID@@PAPAXTClassesAllowedInStream@1@K@Z 1000507c f i MSR.obj
 0001:000041a2       ?AtlInternalQueryInterface@ATL@@YGJPAXPBU_ATL_INTMAP_ENTRY@1@ABU_GUID@@PAPAX@Z 100051a2 f i MSR.obj
 0001:00004245       ?AtlLoadTypeLib@ATL@@YGJPAUHINSTANCE__@@PB_WPAPA_WPAPAUITypeLib@@@Z 10005245 f i MSR.obj
 0001:00004423       ?AtlModuleAddTermFunc@ATL@@YGJPAU_ATL_MODULE70@1@P6GXK@ZK@Z 10005423 f i MSR.obj
 0001:00004480       ?AtlRegisterClassCategoriesHelper@ATL@@YGJABU_GUID@@PBU_ATL_CATMAP_ENTRY@1@H@Z 10005480 f i MSR.obj
 0001:00004760       ?AtlRegisterTypeLib@ATL@@YGJPAUHINSTANCE__@@PB_W@Z 10005760 f i MSR.obj
 0001:000048e8       ?AtlThrowImpl@ATL@@YGXJ@Z  100058e8 f i MSR.obj
 0001:00004906       ?AtlUnRegisterTypeLib@ATL@@YGJPAUHINSTANCE__@@PB_W@Z 10005906 f i MSR.obj
 0001:000049b1       ?AtlWinModuleAddCreateWndData@ATL@@YGXPAU_ATL_WIN_MODULE70@1@PAU_AtlCreateWndData@1@PAX@Z 100059b1 f i MSR.obj
 0001:00004a05       ?AtlWinModuleExtractCreateWndData@ATL@@YGPAXPAU_ATL_WIN_MODULE70@1@@Z 10005a05 f i MSR.obj
 0001:00004a68       ?AtlWinModuleRegisterClassExW@ATL@@YGGPAU_ATL_WIN_MODULE70@1@PBUtagWNDCLASSEXW@@@Z 10005a68 f i MSR.obj
 0001:00004aa7       ?CanForceRemoveKey@CRegParser@ATL@@IAEHPB_W@Z 10005aa7 f i MSR.obj
 0001:00004ad6       ?ChToByte@CRegParser@ATL@@KAE_W@Z 10005ad6 f i MSR.obj
 0001:00004b09       ?Cleanup@CComTypeInfoHolder@ATL@@SGXK@Z 10005b09 f i MSR.obj
 0001:00004b3c       ?ClearReplacements@CExpansionVector@ATL@@QAEJXZ 10005b3c f i MSR.obj
 0001:00004b79       ?Close@CRegKey@ATL@@QAEJXZ 10005b79 f i MSR.obj
 0001:00004b93       ?CreateInstance@?$CComCreator@V?$CComAggObject@VCOPOSMSR@@@ATL@@@ATL@@SGJPAXABU_GUID@@PAPAX@Z 10005b93 f i MSR.obj
 0001:00004c09       ?CreateInstance@?$CComCreator@V?$CComObject@VCOPOSMSR@@@ATL@@@ATL@@SGJPAXABU_GUID@@PAPAX@Z 10005c09 f i MSR.obj
 0001:00004c8a       ?CreateInstance@?$CComObject@V?$CComEnum@UIEnumConnectionPoints@@$1?_GUID_b196b285_bab4_101a_b69c_00aa00341d07@@3U__s_GUID@@BPAUIConnectionPoint@@V?$_CopyInterface@UIConnectionPoint@@@ATL@@VCComSingleThreadModel@6@@ATL@@@ATL@@SGJPAPAV12@@Z 10005c8a f i MSR.obj
 0001:00004cd1       ?CreateInstance@?$CComObject@V?$CComEnum@UIEnumConnections@@$1?_GUID_b196b287_bab4_101a_b69c_00aa00341d07@@3U__s_GUID@@BUtagCONNECTDATA@@V?$_Copy@UtagCONNECTDATA@@@ATL@@VCComSingleThreadModel@6@@ATL@@@ATL@@SGJPAPAV12@@Z 10005cd1 f i MSR.obj
 0001:00004d18       ?DefaultReflectionHandler@?$CWindowImplRoot@VCWindow@ATL@@@ATL@@SAHPAUHWND__@@IIJAAJ@Z 10005d18 f i MSR.obj
 0001:00004d8b       ?DeleteSubKey@CRegKey@ATL@@QAEJPB_W@Z 10005d8b f i MSR.obj
 0001:00004e04       ?DoEvent@COPOSMSR@@IAEXIIJ@Z 10005e04 f i MSR.obj
 0001:00004e84       ?DoVerbHide@?$IOleObjectImpl@VCOPOSMSR@@@ATL@@QAEJPBUtagRECT@@PAUHWND__@@@Z 10005e84 f i MSR.obj
 0001:00004eba       ?DoVerbInPlaceActivate@?$IOleObjectImpl@VCOPOSMSR@@@ATL@@QAEJPBUtagRECT@@PAUHWND__@@@Z 10005eba f i MSR.obj
 0001:00004eed       ?DoVerbPrimary@?$IOleObjectImpl@VCOPOSMSR@@@ATL@@QAEJPBUtagRECT@@PAUHWND__@@@Z 10005eed f i MSR.obj
 0001:00004f79       ?DoVerbProperties@CComControlBase@ATL@@QAEJPBUtagRECT@@PAUHWND__@@@Z 10005f79 f i MSR.obj
 0001:000050a0       ?DoVerbShow@?$IOleObjectImpl@VCOPOSMSR@@@ATL@@QAEJPBUtagRECT@@PAUHWND__@@@Z 100060a0 f i MSR.obj
 0001:000050c5       ?DoVerbUIActivate@?$IOleObjectImpl@VCOPOSMSR@@@ATL@@QAEJPBUtagRECT@@PAUHWND__@@@Z 100060c5 f i MSR.obj
 0001:00005102       ?DoesVerbActivate@CComControlBase@ATL@@QAEHJ@Z 10006102 f i MSR.obj
 0001:00005123       ?DoesVerbUIActivate@CComControlBase@ATL@@QAEHJ@Z 10006123 f i MSR.obj
 0001:00005158       ?EndOfVar@CRegParser@ATL@@IAEHXZ 10006158 f i MSR.obj
 0001:00005178       ?EscapeSingleQuote@CAtlModule@ATL@@SAXPA_WIPB_W@Z 10006178 f i MSR.obj
 0001:000051c7       ?FindKey@?$CSimpleMap@PA_WPA_WVCExpansionVectorEqualHelper@ATL@@@ATL@@QBEHABQA_W@Z 100061c7 f i MSR.obj
 0001:000051fe       ?FireTheEvent@?$CProxy_IOPOSEvents@VCOPOSMSR@@@@IAEXPAVOposVariant@@IAAJPB_WJ@Z 100061fe f i MSR.obj
 0001:00005290       ?FireViewChange@CComControlBase@ATL@@QAEJXZ 10006290 f i MSR.obj
 0001:000052d9       ?Fire_DataEvent@?$CProxy_IOPOSEvents@VCOPOSMSR@@@@QAEXJ@Z 100062d9 f i MSR.obj
 0001:00005365       ?Fire_DirectIOEvent@?$CProxy_IOPOSEvents@VCOPOSMSR@@@@QAEXJPAJPAPA_W@Z 10006365 f i MSR.obj
 0001:0000544b       ?Fire_ErrorEvent@?$CProxy_IOPOSEvents@VCOPOSMSR@@@@QAEXJJJPAJ@Z 1000644b f i MSR.obj
 0001:00005532       ?Fire_StatusUpdateEvent@?$CProxy_IOPOSEvents@VCOPOSMSR@@@@QAEXJ@Z 10006532 f i MSR.obj
 0001:000055be       ?FreeHeap@?$CTempBuffer@_W$0EAA@VCCRTAllocator@ATL@@@ATL@@AAEXXZ 100065be f i MSR.obj
 0001:000055be       ?FreeHeap@?$CTempBuffer@_W$0BAA@VCCRTAllocator@ATL@@@ATL@@AAEXXZ 100065be f i MSR.obj
 0001:000055be       ?FreeHeap@?$CTempBuffer@E$0BAA@VCCRTAllocator@ATL@@@ATL@@AAEXXZ 100065be f i MSR.obj
 0001:000055c7       ?GetAmbientLocaleID@CComControlBase@ATL@@QAEJAAK@Z 100065c7 f i MSR.obj
 0001:00005623       ?GetAmbientUserMode@CComControlBase@ATL@@QAEJAAH@Z 10006623 f i MSR.obj
 0001:00005693       ?GetAt@CComDynamicUnkArray@ATL@@QAEPAUIUnknown@@H@Z 10006693 f i MSR.obj
 0001:000056af       ?GetClassObject@CComModule@ATL@@QAEJABU_GUID@@0PAPAX@Z 100066af f i MSR.obj
 0001:00005751       ?GetConnMap@COPOSMSR@@SAPBU_ATL_CONNMAP_ENTRY@ATL@@PAH@Z 10006751 f i MSR.obj
 0001:000057c1       ?GetCookie@CComDynamicUnkArray@ATL@@QAGKPAPAUIUnknown@@@Z 100067c1 f i MSR.obj
 0001:000057f9       ?GetIDsOfNames@CComTypeInfoHolder@ATL@@QAEJABU_GUID@@PAPA_WIKPAJ@Z 100067f9 f i MSR.obj
 0001:00005907       ?GetKeyAt@?$CSimpleMap@PA_WPA_WVCExpansionVectorEqualHelper@ATL@@@ATL@@QBEAAPA_WH@Z 10006907 f i MSR.obj
 0001:0000592c       ?GetPagesHelper@?$ISpecifyPropertyPagesImpl@VCOPOSMSR@@@ATL@@IAEJPAUtagCAUUID@@PBUATL_PROPMAP_ENTRY@2@@Z 1000692c f i MSR.obj
 0001:00005a53       ?GetProperty@?$CComPtr@UIDispatch@@@ATL@@SAJPAUIDispatch@@JPAUtagVARIANT@@@Z 10006a53 f i MSR.obj
 0001:00005aa2       ?GetSizeMax@CComVariant@ATL@@QBEJPAT_ULARGE_INTEGER@@@Z 10006aa2 f i MSR.obj
 0001:00005c5c       ?GetStreamSize@CComBSTR@ATL@@SAKPA_W@Z 10006c5c f i MSR.obj
 0001:00005c76       ?GetTI@CComTypeInfoHolder@ATL@@QAEJK@Z 10006c76 f i MSR.obj
 0001:00005e5f       ?GetTI@CComTypeInfoHolder@ATL@@QAEJKPAPAUITypeInfo@@@Z 10006e5f f i MSR.obj
 0001:00005ea1       ?GetUnknown@CComDynamicUnkArray@ATL@@QAGPAUIUnknown@@K@Z 10006ea1 f i MSR.obj
 0001:00005ec2       ?GetValueAt@?$CSimpleMap@PA_WPA_WVCExpansionVectorEqualHelper@ATL@@@ATL@@QBEAAPA_WH@Z 10006ec2 f i MSR.obj
 0001:00005ee8       ?GetZoomInfo@CComControlBase@ATL@@QAEXAAUATL_DRAWINFO@@@Z 10006ee8 f i MSR.obj
 0001:00005f7b       ?HKeyFromString@CRegParser@ATL@@KAPAUHKEY__@@PA_W@Z 10006f7b f i MSR.obj
 0001:00005fa9       ?HasSubKeys@CRegParser@ATL@@IAEHPAUHKEY__@@@Z 10006fa9 f i MSR.obj
 0001:00005fde       ?IDataObject_GetData@CComControlBase@ATL@@QAEJPAUtagFORMATETC@@PAUtagSTGMEDIUM@@@Z 10006fde f i MSR.obj
 0001:00006184       ?IOleInPlaceObject_InPlaceDeactivate@CComControlBase@ATL@@QAEJXZ 10007184 f i MSR.obj
 0001:0000620b       ?IOleInPlaceObject_SetObjectRects@CComControlBase@ATL@@QAEJPBUtagRECT@@0@Z 1000720b f i MSR.obj
 0001:000062d8       ?IOleInPlaceObject_UIDeactivate@CComControlBase@ATL@@QAEJXZ 100072d8 f i MSR.obj
 0001:0000639a       ?IOleObject_Advise@CComControlBase@ATL@@QAEJPAUIAdviseSink@@PAK@Z 1000739a f i MSR.obj
 0001:000063c4       ?IOleObject_Close@CComControlBase@ATL@@QAEJK@Z 100073c4 f i MSR.obj
 0001:000064a8       ?IOleObject_GetClientSite@CComControlBase@ATL@@QAEJPAPAUIOleClientSite@@@Z 100074a8 f i MSR.obj
 0001:000064d1       ?IOleObject_SetClientSite@CComControlBase@ATL@@QAEJPAUIOleClientSite@@@Z 100074d1 f i MSR.obj
 0001:00006510       ?IOleObject_SetExtent@CComControlBase@ATL@@QAEJKPAUtagSIZE@@@Z 10007510 f i MSR.obj
 0001:000065c4       ?IPSI_GetIPersistStreamInit@?$IPersistStorageImpl@VCOPOSMSR@@@ATL@@AAEPAUIPersistStreamInit@@XZ 100075c4 f i MSR.obj
 0001:00006606       ?IPersistStreamInit_Load@?$IPersistStreamInitImpl@VCOPOSMSR@@@ATL@@QAEJPAUIStream@@PBUATL_PROPMAP_ENTRY@2@@Z 10007606 f i MSR.obj
 0001:00006632       ?IPersistStreamInit_Save@?$IPersistStreamInitImpl@VCOPOSMSR@@@ATL@@QAEJPAUIStream@@HPBUATL_PROPMAP_ENTRY@2@@Z 10007632 f i MSR.obj
 0001:00006667       ?IQuickActivate_QuickActivate@CComControlBase@ATL@@QAEJPAUtagQACONTAINER@@PAUtagQACONTROL@@@Z 10007667 f i MSR.obj
 0001:000068a9       ?IViewObject_Draw@CComControlBase@ATL@@QAEJKJPAXPAUtagDVTARGETDEVICE@@PAUHDC__@@2PBU_RECTL@@3@Z 100078a9 f i MSR.obj
 0001:00006951       ?InPlaceActivate@CComControlBase@ATL@@QAEJJPBUtagRECT@@@Z 10007951 f i MSR.obj
 0001:00006bc2       ?Init@?$CComEnumImpl@UIEnumConnectionPoints@@$1?_GUID_b196b285_bab4_101a_b69c_00aa00341d07@@3U__s_GUID@@BPAUIConnectionPoint@@V?$_CopyInterface@UIConnectionPoint@@@ATL@@@ATL@@QAEJPAPAUIConnectionPoint@@0PAUIUnknown@@W4CComEnumFlags@2@@Z 10007bc2 f i MSR.obj
 0001:00006ca1       ?Init@?$CComEnumImpl@UIEnumConnections@@$1?_GUID_b196b287_bab4_101a_b69c_00aa00341d07@@3U__s_GUID@@BUtagCONNECTDATA@@V?$_Copy@UtagCONNECTDATA@@@ATL@@@ATL@@QAEJPAUtagCONNECTDATA@@0PAUIUnknown@@W4CComEnumFlags@2@@Z 10007ca1 f i MSR.obj
 0001:00006d80       ?Init@CComModule@ATL@@QAEJPAU_ATL_OBJMAP_ENTRY30@2@PAUHINSTANCE__@@PBU_GUID@@@Z 10007d80 f i MSR.obj
 0001:00006ddf       ?Init@CDynamicStdCallThunk2@ATL@@QAEHKPAX@Z 10007ddf f i MSR.obj
 0001:00006e0a       ?InlineIsEqualUnknown@ATL@@YGHABU_GUID@@@Z 10007e0a f i MSR.obj
 0001:00006e32       ?InternalGetSite@CComControlBase@ATL@@QAEJABU_GUID@@PAPAX@Z 10007e32 f i MSR.obj
 0001:00006e60       ?InternalSetAtIndex@?$CSimpleMap@PA_WPA_WVCExpansionVectorEqualHelper@ATL@@@ATL@@QAEXHABQA_W0@Z 10007e60 f i MSR.obj
 0001:00006e8a       ?Invoke@CComTypeInfoHolder@ATL@@QAEJPAUIDispatch@@JABU_GUID@@KGPAUtagDISPPARAMS@@PAUtagVARIANT@@PAUtagEXCEPINFO@@PAI@Z 10007e8a f i MSR.obj
 0001:00006ecd       ?IsEqualObject@?$CComPtrBase@UIOleClientSite@@@ATL@@QAE_NPAUIUnknown@@@Z 10007ecd f i MSR.obj
 0001:00006ecd       ?IsEqualObject@?$CComPtrBase@UITypeInfo@@@ATL@@QAE_NPAUIUnknown@@@Z 10007ecd f i MSR.obj
 0001:00006f3a       ?IsSpace@CRegParser@ATL@@IAEH_W@Z 10007f3a f i MSR.obj
 0001:00006f64       ?LoadNameCache@CComTypeInfoHolder@ATL@@QAEJPAUITypeInfo@@@Z 10007f64 f i MSR.obj
 0001:000070b2       ?Lookup@?$CSimpleMap@PA_WPA_WVCExpansionVectorEqualHelper@ATL@@@ATL@@QBEPA_WABQA_W@Z 100080b2 f i MSR.obj
 0001:000070d8       ?NextToken@CRegParser@ATL@@IAEJPA_W@Z 100080d8 f i MSR.obj
 0001:00007210       ?OnKillFocus@CComControlBase@ATL@@QAEJIIJAAH@Z 10008210 f i MSR.obj
 0001:0000726b       ?OnMouseActivate@CComControlBase@ATL@@QAEJIIJAAH@Z 1000826b f i MSR.obj
 0001:000072d9       ?OnPaint@CComControlBase@ATL@@QAEJIIJAAH@Z 100082d9 f i MSR.obj
 0001:0000738b       ?OnSetFocus@CComControlBase@ATL@@QAEJIIJAAH@Z 1000838b f i MSR.obj
 0001:00007414       ?Open@CRegKey@ATL@@QAEJPAUHKEY__@@PB_WK@Z 10008414 f i MSR.obj
 0001:00007469       ?PreProcessBuffer@CRegParser@ATL@@QAEJPA_WPAPA_W@Z 10008469 f i MSR.obj
 0001:000076d3       ?ProcessWindowMessage@?$CComControl@VCOPOSMSR@@V?$CWindowImpl@VCOPOSMSR@@VCWindow@ATL@@V?$CWinTraits@$0FGAAAAAA@$0A@@3@@ATL@@@ATL@@UAEHPAUHWND__@@IIJAAJK@Z 100086d3 f i MSR.obj
 0001:00007772       ?PutProperty@?$CComPtr@UIDispatch@@@ATL@@SAJPAUIDispatch@@JPAUtagVARIANT@@@Z 10008772 f i MSR.obj
 0001:00007804       ?ReadFromStream@CComBSTR@ATL@@QAEJPAUIStream@@@Z 10008804 f i MSR.obj
 0001:00007932       ?ReadFromStream@CComVariant@ATL@@QAEJPAUIStream@@GTClassesAllowedInStream@2@K@Z 10008932 f i MSR.obj
 0001:00007ab8       ?RecurseDeleteKey@CRegKey@ATL@@QAEJPB_W@Z 10008ab8 f i MSR.obj
 0001:00007b7a       ?RegCreateKeyExW@CAtlTransactionManager@ATL@@QAEJPAUHKEY__@@PB_WKPA_WKKQAU_SECURITY_ATTRIBUTES@@PAPAU3@PAK@Z 10008b7a f i MSR.obj
 0001:00007bdd       ?RegDeleteKeyW@CAtlTransactionManager@ATL@@QAEJPAUHKEY__@@PB_W@Z 10008bdd f i MSR.obj
 0001:00007c2f       ?RegOpenKeyExW@CAtlTransactionManager@ATL@@QAEJPAUHKEY__@@PB_WKKPAPAU3@@Z 10008c2f f i MSR.obj
 0001:00007c86       ?Register@_ATL_WNDCLASSINFOW@ATL@@QAEGPAP6GJPAUHWND__@@IIJ@Z@Z 10008c86 f i MSR.obj
 0001:00007ca6       ?RegisterBuffer@CRegParser@ATL@@QAEJPA_WH@Z 10008ca6 f i MSR.obj
 0001:00007ddf       ?RegisterFromResource@CRegObject@ATL@@IAEJPB_W00H@Z 10008ddf f i MSR.obj
 0001:00007f15       ?RegisterServer@?$CAtlModuleT@VCComModule@ATL@@@ATL@@QAEJHPBU_GUID@@@Z 10008f15 f i MSR.obj
 0001:00007f43       ?RegisterServer@CComModule@ATL@@QAEJHPBU_GUID@@@Z 10008f43 f i MSR.obj
 0001:00007fb9       ?RegisterSubkeys@CRegParser@ATL@@IAEJPA_WPAUHKEY__@@HH@Z 10008fb9 f i MSR.obj
 0001:00008588       ?Remove@CComDynamicUnkArray@ATL@@QAEHK@Z 10009588 f i MSR.obj
 0001:000085b1       ?RemoveAll@?$CSimpleMap@PA_WPA_WVCExpansionVectorEqualHelper@ATL@@@ATL@@QAEXXZ 100095b1 f i MSR.obj
 0001:000085dd       ?ResourceRegisterSz@CRegObject@ATL@@QAGJPB_W00@Z 100095dd f i MSR.obj
 0001:0000860a       ?ResourceUnregisterSz@CRegObject@ATL@@QAGJPB_W00@Z 1000960a f i MSR.obj
 0001:00008637       ?SendOnDataChange@CComControlBase@ATL@@QAEJK@Z 10009637 f i MSR.obj
 0001:00008684       ?SetControlFocus@CComControlBase@ATL@@QAEHH@Z 10009684 f i MSR.obj
 0001:00008721       ?SetMultiStringValue@CRegKey@ATL@@QAEJPB_W0@Z 10009721 f i MSR.obj
 0001:0000877d       ?SetStringValue@CRegKey@ATL@@QAEJPB_W0K@Z 1000977d f i MSR.obj
 0001:000087c6       ?SkipAssignment@CRegParser@ATL@@IAEJPA_W@Z 100097c6 f i MSR.obj
 0001:0000882b       ?SkipWhiteSpace@CRegParser@ATL@@IAEXXZ 1000982b f i MSR.obj
 0001:0000884d       ?StrChrW@CRegParser@ATL@@KAPA_WPA_W_W@Z 1000984d f i MSR.obj
 0001:0000888a       ?Term@CAtlModule@ATL@@QAEXXZ 1000988a f i MSR.obj
 0001:000088c3       ?Term@CComModule@ATL@@QAEXXZ 100098c3 f i MSR.obj
 0001:0000891b       ?UnregisterServer@?$CAtlModuleT@VCComModule@ATL@@@ATL@@QAEJHPBU_GUID@@@Z 1000991b f i MSR.obj
 0001:00008941       ?UnregisterServer@CComModule@ATL@@QAEJHPBU_GUID@@@Z 10009941 f i MSR.obj
 0001:000089b7       ?UpdateRegistryFromResource@CAtlModule@ATL@@QAGJIHPAU_ATL_REGMAP_ENTRY@2@@Z 100099b7 f i MSR.obj
 0001:00008b82       ?UpdateRegistryFromResource@CAtlModule@ATL@@QAGJPB_WHPAU_ATL_REGMAP_ENTRY@2@@Z 10009b82 f i MSR.obj
 0001:00008d53       ?VTFromRegType@CRegParser@ATL@@KAHPB_WAAG@Z 10009d53 f i MSR.obj
 0001:00008dc0       ?WindowProc@?$CWindowImplBaseT@VCWindow@ATL@@V?$CWinTraits@$0FGAAAAAA@$0A@@2@@ATL@@SGJPAUHWND__@@IIJ@Z 10009dc0 f i MSR.obj
 0001:00008eb2       ?WriteToStream@CComBSTR@ATL@@QAEJPAUIStream@@@Z 10009eb2 f i MSR.obj
 0001:00008f09       ?WriteToStream@CComVariant@ATL@@QAEJPAUIStream@@@Z 10009f09 f i MSR.obj
 0001:00009083       ?WriteToStream@CComVariant@ATL@@QAEJPAUIStream@@G@Z 1000a083 f i MSR.obj
 0001:000090ec       ?_AtlInitialConstruct@?$CComObjectRootEx@VCComMultiThreadModel@ATL@@@ATL@@QAEJXZ 1000a0ec f i MSR.obj
 0001:00009101       ?_AtlVerifyStackAvailable@_ATL_SAFE_ALLOCA_IMPL@ATL@@YA_NK@Z 1000a101 f i MSR.obj
 0001:0000917f       ?atlCreate@?$CWindowImpl@VCOPOSMSR@@VCWindow@ATL@@V?$CWinTraits@$0FGAAAAAA@$0A@@3@@ATL@@QAEPAUHWND__@@PAU3@V_U_RECT@2@PB_WKKV_U_MENUorID@2@PAX@Z 1000a17f f i MSR.obj
 0001:000091c3       ?atlCreate@?$CWindowImplBaseT@VCWindow@ATL@@V?$CWinTraits@$0FGAAAAAA@$0A@@2@@ATL@@QAEPAUHWND__@@PAU3@V_U_RECT@2@PB_WKKV_U_MENUorID@2@GPAX@Z 1000a1c3 f i MSR.obj
 0001:0000925f       ?atlCreate@CRegKey@ATL@@QAEJPAUHKEY__@@PB_WPA_WKKPAU_SECURITY_ATTRIBUTES@@PAK@Z 1000a25f f i MSR.obj
 0001:000092ce       ?copy@?$_Copy@UtagCONNECTDATA@@@ATL@@SAJPAUtagCONNECTDATA@@PBU3@@Z 1000a2ce f i MSR.obj
 0001:00009304       ?copy@?$_CopyInterface@UIConnectionPoint@@@ATL@@SAJPAPAUIConnectionPoint@@PBQAU3@@Z 1000a304 f i MSR.obj
 0001:00009332       ?memcpy_s@Checked@ATL@@YAXPAXIPBXI@Z 1000a332 f i MSR.obj
 0001:00009351       ?ocscpy_s@@YA_NPA_WIPB_W@Z 1000a351 f i MSR.obj
 0001:00009380       ?ocslen@@YAHPB_W@Z         1000a380 f i MSR.obj
 0001:000093a0       ?wcscpy_s@Checked@ATL@@YAXPA_WIPB_W@Z 1000a3a0 f i MSR.obj
 0001:000093bc       _DllCanUnloadNow@0         1000a3bc f   MSR.obj
 0001:000093c8       _DllGetClassObject@12      1000a3c8 f   MSR.obj
 0001:000093d6       _DllMain@12                1000a3d6 f   MSR.obj
 0001:00009418       _DllRegisterServer@0       1000a418 f   MSR.obj
 0001:00009427       _DllUnregisterServer@0     1000a427 f   MSR.obj
 0001:00009436       _InlineIsEqualGUID         1000a436 f i MSR.obj
 0001:00009466       ___local_stdio_printf_options 1000a466 f i MSR.obj
 0001:0000946c       __vswprintf_s_l            1000a46c f i MSR.obj
 0001:00009519       _swprintf_s                1000a519 f i MSR.obj
 0001:00009535       ??0?$CComControl@VCOPOSMSR@@V?$CWindowImpl@VCOPOSMSR@@VCWindow@ATL@@V?$CWinTraits@$0FGAAAAAA@$0A@@3@@ATL@@@ATL@@QAE@XZ 1000a535 f i MSRImpl.obj
 0001:0000955c       ??0?$CProxy_IOPOSEvents@VCOPOSMSR@@@@QAE@XZ 1000a55c f i MSRImpl.obj
 0001:0000957c       ??0CComControlBase@ATL@@QAE@AAPAUHWND__@@@Z 1000a57c f i MSRImpl.obj
 0001:000095c6       ??0COPOSMSR@@QAE@XZ        1000a5c6 f   MSRImpl.obj
 0001:000095fc       ??1?$CComControl@VCOPOSMSR@@V?$CWindowImpl@VCOPOSMSR@@VCWindow@ATL@@V?$CWinTraits@$0FGAAAAAA@$0A@@3@@ATL@@@ATL@@UAE@XZ 1000a5fc f i MSRImpl.obj
 0001:00009615       ??1?$IConnectionPointImpl@VCOPOSMSR@@$1?DIID__IOPOSMSREvents@@3U_GUID@@BVCComDynamicUnkArray@ATL@@@ATL@@QAE@XZ 1000a615 f i MSRImpl.obj
 0001:00009615       ??1?$IConnectionPointImpl@VCOPOSMSR@@$1?IID_IPropertyNotifySink@@3U_GUID@@BVCComDynamicUnkArray@ATL@@@ATL@@QAE@XZ 1000a615 f i MSRImpl.obj
 0001:00009652       ??1CComControlBase@ATL@@UAE@XZ 1000a652 f i MSRImpl.obj
 0001:000096b5       ??1COPOSMSR@@UAE@XZ        1000a6b5 f   MSRImpl.obj
 0001:000096fd       ??1OposVariantResult@@QAE@XZ 1000a6fd f i MSRImpl.obj
 0001:0000971e       ??1_CW@@QAE@XZ             1000a71e f i MSRImpl.obj
 0001:00009737       ?AuthenticateDevice@COPOSMSR@@UAGJPA_WPAJ@Z 1000a737 f   MSRImpl.obj
 0001:0000978e       ?CheckHealth@COPOSMSR@@UAGJJPAJ@Z 1000a78e f   MSRImpl.obj
 0001:000097dd       ?ClaimDevice@COPOSMSR@@UAGJJPAJ@Z 1000a7dd f   MSRImpl.obj
 0001:00009852       ?ClearInput@COPOSMSR@@UAGJPAJ@Z 1000a852 f   MSRImpl.obj
 0001:0000986d       ?ClearInputProperties@COPOSMSR@@UAGJPAJ@Z 1000a86d f   MSRImpl.obj
 0001:00009888       ?Close@COPOSMSR@@UAGJPAJ@Z 1000a888 f   MSRImpl.obj
 0001:000098f6       ?CompareFirmwareVersion@COPOSMSR@@UAGJPA_WPAJ1@Z 1000a8f6 f   MSRImpl.obj
 0001:00009976       ?DeauthenticateDevice@COPOSMSR@@UAGJPA_WPAJ@Z 1000a976 f   MSRImpl.obj
 0001:000099cd       ?DirectIO@COPOSMSR@@UAGJJPAJPAPA_W0@Z 1000a9cd f   MSRImpl.obj
 0001:00009a7b       ?DoInvoke@COPOSMSR@@IAEJJPAVOposVariant@@IHPAJ_N@Z 1000aa7b f   MSRImpl.obj
 0001:00009b3d       ?EventClose@COPOSMSR@@IAEXXZ 1000ab3d f i MSRImpl.obj
 0001:00009b70       ?EventInit@COPOSMSR@@IAEJXZ 1000ab70 f i MSRImpl.obj
 0001:00009c3c       ?EventUninit@COPOSMSR@@IAEXXZ 1000ac3c f i MSRImpl.obj
 0001:00009c8e       ?EventWindowProc@COPOSMSR@@IAGJIIJ@Z 1000ac8e f i MSRImpl.obj
 0001:00009d62       ?FinalConstruct@COPOSMSR@@QAEJXZ 1000ad62 f   MSRImpl.obj
 0001:00009d9b       ?FireEventCleanup@COPOSMSR@@IAEXXZ 1000ad9b f i MSRImpl.obj
 0001:00009db1       ?FireEventSetup@COPOSMSR@@IAE_NXZ 1000adb1 f i MSRImpl.obj
 0001:00009de5       ?FreezeEvents@COPOSMSR@@MAGJH@Z 1000ade5 f   MSRImpl.obj
 0001:00009e45       ?GetOposProp@COPOSMSR@@IAEJJPAFJ@Z 1000ae45 f   MSRImpl.obj
 0001:00009e68       ?GetOposProp@COPOSMSR@@IAEJJPAJJ@Z 1000ae68 f   MSRImpl.obj
 0001:00009f26       ?GetOposProp@COPOSMSR@@IAEJJPAPA_WJ@Z 1000af26 f   MSRImpl.obj
 0001:00009ff1       ?OnDraw@COPOSMSR@@MAEJAAUATL_DRAWINFO@@@Z 1000aff1 f   MSRImpl.obj
 0001:0000a091       ?Open@COPOSMSR@@UAGJPA_WPAJ@Z 1000b091 f   MSRImpl.obj
 0001:0000a82b       ?ReleaseDevice@COPOSMSR@@UAGJPAJ@Z 1000b82b f   MSRImpl.obj
 0001:0000a87a       ?ResetStatistics@COPOSMSR@@UAGJPA_WPAJ@Z 1000b87a f   MSRImpl.obj
 0001:0000a8d1       ?RetrieveCardProperty@COPOSMSR@@UAGJPA_WPAPA_WPAJ@Z 1000b8d1 f   MSRImpl.obj
 0001:0000a951       ?RetrieveDeviceAuthenticationData@COPOSMSR@@UAGJPAPA_WPAJ@Z 1000b951 f   MSRImpl.obj
 0001:0000a9a8       ?RetrieveStatistics@COPOSMSR@@UAGJPAPA_WPAJ@Z 1000b9a8 f   MSRImpl.obj
 0001:0000a9ff       ?SOProcessID@COPOSMSR@@UAGJPAJ@Z 1000b9ff f   MSRImpl.obj
 0001:0000aa13       ?SetCOFreezeEvents@COPOSMSR@@IAEXF@Z 1000ba13 f   MSRImpl.obj
 0001:0000aa9e       ?SetOposProp@COPOSMSR@@IAEJJJJ@Z 1000ba9e f   MSRImpl.obj
 0001:0000ab7c       ?SetOposProp@COPOSMSR@@IAEJJPA_WJ@Z 1000bb7c f   MSRImpl.obj
 0001:0000ac68       ?UpdateFirmware@COPOSMSR@@UAGJPA_WPAJ@Z 1000bc68 f   MSRImpl.obj
 0001:0000acbf       ?UpdateKey@COPOSMSR@@UAGJPA_W0PAJ@Z 1000bcbf f   MSRImpl.obj
 0001:0000ad3f       ?UpdateStatistics@COPOSMSR@@UAGJPA_WPAJ@Z 1000bd3f f   MSRImpl.obj
 0001:0000ad96       ?WriteTracks@COPOSMSR@@UAGJUtagVARIANT@@JPAJ@Z 1000bd96 f   MSRImpl.obj
 0001:0000ae18       ?get_AccountNumber@COPOSMSR@@UAGJPAPA_W@Z 1000be18 f   MSRImpl.obj
 0001:0000ae31       ?get_AdditionalSecurityInformation@COPOSMSR@@UAGJPAPA_W@Z 1000be31 f   MSRImpl.obj
 0001:0000ae4a       ?get_AutoDisable@COPOSMSR@@UAGJPAF@Z 1000be4a f   MSRImpl.obj
 0001:0000ae60       ?get_BinaryConversion@COPOSMSR@@UAGJPAJ@Z 1000be60 f   MSRImpl.obj
 0001:0000ae76       ?get_CapCardAuthentication@COPOSMSR@@UAGJPAPA_W@Z 1000be76 f   MSRImpl.obj
 0001:0000ae8f       ?get_CapCompareFirmwareVersion@COPOSMSR@@UAGJPAF@Z 1000be8f f   MSRImpl.obj
 0001:0000aea8       ?get_CapDataEncryption@COPOSMSR@@UAGJPAJ@Z 1000bea8 f   MSRImpl.obj
 0001:0000aec1       ?get_CapDeviceAuthentication@COPOSMSR@@UAGJPAJ@Z 1000bec1 f   MSRImpl.obj
 0001:0000aeda       ?get_CapISO@COPOSMSR@@UAGJPAF@Z 1000beda f   MSRImpl.obj
 0001:0000aef3       ?get_CapJISOne@COPOSMSR@@UAGJPAF@Z 1000bef3 f   MSRImpl.obj
 0001:0000af0c       ?get_CapJISTwo@COPOSMSR@@UAGJPAF@Z 1000bf0c f   MSRImpl.obj
 0001:0000af25       ?get_CapPowerReporting@COPOSMSR@@UAGJPAJ@Z 1000bf25 f   MSRImpl.obj
 0001:0000af3e       ?get_CapStatisticsReporting@COPOSMSR@@UAGJPAF@Z 1000bf3e f   MSRImpl.obj
 0001:0000af57       ?get_CapTrackDataMasking@COPOSMSR@@UAGJPAF@Z 1000bf57 f   MSRImpl.obj
 0001:0000af70       ?get_CapTransmitSentinels@COPOSMSR@@UAGJPAF@Z 1000bf70 f   MSRImpl.obj
 0001:0000af89       ?get_CapUpdateFirmware@COPOSMSR@@UAGJPAF@Z 1000bf89 f   MSRImpl.obj
 0001:0000afa2       ?get_CapUpdateStatistics@COPOSMSR@@UAGJPAF@Z 1000bfa2 f   MSRImpl.obj
 0001:0000afbb       ?get_CapWritableTracks@COPOSMSR@@UAGJPAJ@Z 1000bfbb f   MSRImpl.obj
 0001:0000afd4       ?get_CardAuthenticationData@COPOSMSR@@UAGJPAPA_W@Z 1000bfd4 f   MSRImpl.obj
 0001:0000afed       ?get_CardAuthenticationDataLength@COPOSMSR@@UAGJPAJ@Z 1000bfed f   MSRImpl.obj
 0001:0000b006       ?get_CardPropertyList@COPOSMSR@@UAGJPAPA_W@Z 1000c006 f   MSRImpl.obj
 0001:0000b01f       ?get_CardType@COPOSMSR@@UAGJPAPA_W@Z 1000c01f f   MSRImpl.obj
 0001:0000b038       ?get_CardTypeList@COPOSMSR@@UAGJPAPA_W@Z 1000c038 f   MSRImpl.obj
 0001:0000b051       ?get_CheckHealthText@COPOSMSR@@UAGJPAPA_W@Z 1000c051 f   MSRImpl.obj
 0001:0000b06a       ?get_Claimed@COPOSMSR@@UAGJPAF@Z 1000c06a f   MSRImpl.obj
 0001:0000b080       ?get_ControlObjectDescription@COPOSMSR@@UAGJPAPA_W@Z 1000c080 f   MSRImpl.obj
 0001:0000b0bd       ?get_ControlObjectVersion@COPOSMSR@@UAGJPAJ@Z 1000c0bd f   MSRImpl.obj
 0001:0000b0d0       ?get_DataCount@COPOSMSR@@UAGJPAJ@Z 1000c0d0 f   MSRImpl.obj
 0001:0000b0e6       ?get_DataEncryptionAlgorithm@COPOSMSR@@UAGJPAJ@Z 1000c0e6 f   MSRImpl.obj
 0001:0000b0ff       ?get_DataEventEnabled@COPOSMSR@@UAGJPAF@Z 1000c0ff f   MSRImpl.obj
 0001:0000b115       ?get_DecodeData@COPOSMSR@@UAGJPAF@Z 1000c115 f   MSRImpl.obj
 0001:0000b12e       ?get_DeviceAuthenticated@COPOSMSR@@UAGJPAF@Z 1000c12e f   MSRImpl.obj
 0001:0000b147       ?get_DeviceAuthenticationProtocol@COPOSMSR@@UAGJPAJ@Z 1000c147 f   MSRImpl.obj
 0001:0000b160       ?get_DeviceDescription@COPOSMSR@@UAGJPAPA_W@Z 1000c160 f   MSRImpl.obj
 0001:0000b179       ?get_DeviceEnabled@COPOSMSR@@UAGJPAF@Z 1000c179 f   MSRImpl.obj
 0001:0000b18f       ?get_DeviceName@COPOSMSR@@UAGJPAPA_W@Z 1000c18f f   MSRImpl.obj
 0001:0000b1a8       ?get_EncodingMaxLength@COPOSMSR@@UAGJPAJ@Z 1000c1a8 f   MSRImpl.obj
 0001:0000b1c1       ?get_ErrorReportingType@COPOSMSR@@UAGJPAJ@Z 1000c1c1 f   MSRImpl.obj
 0001:0000b1da       ?get_ExpirationDate@COPOSMSR@@UAGJPAPA_W@Z 1000c1da f   MSRImpl.obj
 0001:0000b1f3       ?get_FirstName@COPOSMSR@@UAGJPAPA_W@Z 1000c1f3 f   MSRImpl.obj
 0001:0000b20c       ?get_FreezeEvents@COPOSMSR@@UAGJPAF@Z 1000c20c f   MSRImpl.obj
 0001:0000b222       ?get_MiddleInitial@COPOSMSR@@UAGJPAPA_W@Z 1000c222 f   MSRImpl.obj
 0001:0000b23b       ?get_OpenResult@COPOSMSR@@UAGJPAJ@Z 1000c23b f   MSRImpl.obj
 0001:0000b252       ?get_ParseDecodedData@COPOSMSR@@UAGJPAF@Z 1000c252 f   MSRImpl.obj
 0001:0000b252       ?get_ParseDecodeData@COPOSMSR@@UAGJPAF@Z 1000c252 f   MSRImpl.obj
 0001:0000b26b       ?get_PowerNotify@COPOSMSR@@UAGJPAJ@Z 1000c26b f   MSRImpl.obj
 0001:0000b281       ?get_PowerState@COPOSMSR@@UAGJPAJ@Z 1000c281 f   MSRImpl.obj
 0001:0000b297       ?get_ResultCode@COPOSMSR@@UAGJPAJ@Z 1000c297 f   MSRImpl.obj
 0001:0000b2d5       ?get_ResultCodeExtended@COPOSMSR@@UAGJPAJ@Z 1000c2d5 f   MSRImpl.obj
 0001:0000b2eb       ?get_ServiceCode@COPOSMSR@@UAGJPAPA_W@Z 1000c2eb f   MSRImpl.obj
 0001:0000b304       ?get_ServiceObjectDescription@COPOSMSR@@UAGJPAPA_W@Z 1000c304 f   MSRImpl.obj
 0001:0000b31d       ?get_ServiceObjectVersion@COPOSMSR@@UAGJPAJ@Z 1000c31d f   MSRImpl.obj
 0001:0000b333       ?get_State@COPOSMSR@@UAGJPAJ@Z 1000c333 f   MSRImpl.obj
 0001:0000b35f       ?get_Suffix@COPOSMSR@@UAGJPAPA_W@Z 1000c35f f   MSRImpl.obj
 0001:0000b378       ?get_Surname@COPOSMSR@@UAGJPAPA_W@Z 1000c378 f   MSRImpl.obj
 0001:0000b391       ?get_Title@COPOSMSR@@UAGJPAPA_W@Z 1000c391 f   MSRImpl.obj
 0001:0000b3aa       ?get_Track1Data@COPOSMSR@@UAGJPAPA_W@Z 1000c3aa f   MSRImpl.obj
 0001:0000b3c3       ?get_Track1DiscretionaryData@COPOSMSR@@UAGJPAPA_W@Z 1000c3c3 f   MSRImpl.obj
 0001:0000b3dc       ?get_Track1EncryptedData@COPOSMSR@@UAGJPAPA_W@Z 1000c3dc f   MSRImpl.obj
 0001:0000b3f5       ?get_Track1EncryptedDataLength@COPOSMSR@@UAGJPAJ@Z 1000c3f5 f   MSRImpl.obj
 0001:0000b40e       ?get_Track2Data@COPOSMSR@@UAGJPAPA_W@Z 1000c40e f   MSRImpl.obj
 0001:0000b427       ?get_Track2DiscretionaryData@COPOSMSR@@UAGJPAPA_W@Z 1000c427 f   MSRImpl.obj
 0001:0000b440       ?get_Track2EncryptedData@COPOSMSR@@UAGJPAPA_W@Z 1000c440 f   MSRImpl.obj
 0001:0000b459       ?get_Track2EncryptedDataLength@COPOSMSR@@UAGJPAJ@Z 1000c459 f   MSRImpl.obj
 0001:0000b472       ?get_Track3Data@COPOSMSR@@UAGJPAPA_W@Z 1000c472 f   MSRImpl.obj
 0001:0000b48b       ?get_Track3EncryptedData@COPOSMSR@@UAGJPAPA_W@Z 1000c48b f   MSRImpl.obj
 0001:0000b4a4       ?get_Track3EncryptedDataLength@COPOSMSR@@UAGJPAJ@Z 1000c4a4 f   MSRImpl.obj
 0001:0000b4bd       ?get_Track4Data@COPOSMSR@@UAGJPAPA_W@Z 1000c4bd f   MSRImpl.obj
 0001:0000b4d6       ?get_Track4EncryptedData@COPOSMSR@@UAGJPAPA_W@Z 1000c4d6 f   MSRImpl.obj
 0001:0000b4ef       ?get_Track4EncryptedDataLength@COPOSMSR@@UAGJPAJ@Z 1000c4ef f   MSRImpl.obj
 0001:0000b508       ?get_TracksToRead@COPOSMSR@@UAGJPAJ@Z 1000c508 f   MSRImpl.obj
 0001:0000b521       ?get_TracksToWrite@COPOSMSR@@UAGJPAJ@Z 1000c521 f   MSRImpl.obj
 0001:0000b53a       ?get_TransmitSentinels@COPOSMSR@@UAGJPAF@Z 1000c53a f   MSRImpl.obj
 0001:0000b553       ?get_WriteCardType@COPOSMSR@@UAGJPAPA_W@Z 1000c553 f   MSRImpl.obj
 0001:0000b56c       ?put_AutoDisable@COPOSMSR@@UAGJF@Z 1000c56c f   MSRImpl.obj
 0001:0000b589       ?put_BinaryConversion@COPOSMSR@@UAGJJ@Z 1000c589 f   MSRImpl.obj
 0001:0000b59f       ?put_DataEncryptionAlgorithm@COPOSMSR@@UAGJJ@Z 1000c59f f   MSRImpl.obj
 0001:0000b5b8       ?put_DataEventEnabled@COPOSMSR@@UAGJF@Z 1000c5b8 f   MSRImpl.obj
 0001:0000b5d5       ?put_DecodeData@COPOSMSR@@UAGJF@Z 1000c5d5 f   MSRImpl.obj
 0001:0000b5f5       ?put_DeviceEnabled@COPOSMSR@@UAGJF@Z 1000c5f5 f   MSRImpl.obj
 0001:0000b612       ?put_ErrorReportingType@COPOSMSR@@UAGJJ@Z 1000c612 f   MSRImpl.obj
 0001:0000b62b       ?put_FreezeEvents@COPOSMSR@@UAGJF@Z 1000c62b f   MSRImpl.obj
 0001:0000b677       ?put_ParseDecodedData@COPOSMSR@@UAGJF@Z 1000c677 f   MSRImpl.obj
 0001:0000b677       ?put_ParseDecodeData@COPOSMSR@@UAGJF@Z 1000c677 f   MSRImpl.obj
 0001:0000b697       ?put_PowerNotify@COPOSMSR@@UAGJJ@Z 1000c697 f   MSRImpl.obj
 0001:0000b6ad       ?put_TracksToRead@COPOSMSR@@UAGJJ@Z 1000c6ad f   MSRImpl.obj
 0001:0000b6c6       ?put_TracksToWrite@COPOSMSR@@UAGJJ@Z 1000c6c6 f   MSRImpl.obj
 0001:0000b6df       ?put_TransmitSentinels@COPOSMSR@@UAGJF@Z 1000c6df f   MSRImpl.obj
 0001:0000b6ff       ?put_WriteCardType@COPOSMSR@@UAGJPA_W@Z 1000c6ff f   MSRImpl.obj
 0001:0000b718       ?s_EventWindowProc@COPOSMSR@@KGJPAUHWND__@@IIJ@Z 1000c718 f i MSRImpl.obj
 0001:0000b76a       ??_U@YAPAXI@Z              1000c76a f   LIBCMT:new_array.obj
 0001:0000b773       ??3@YAXPAXI@Z              1000c773 f   LIBCMT:delete_scalar_size.obj
 0001:0000b781       ??_V@YAXPAX@Z              1000c781 f   LIBCMT:delete_array.obj
 0001:0000b786       ??_V@YAXPAXI@Z             1000c786 f   LIBCMT:delete_array_size.obj
 0001:0000b794       ??$__crt_fast_encode_pointer@P6GHPAU_RTL_CONDITION_VARIABLE@@PAU_RTL_CRITICAL_SECTION@@K@Z@@YAP6GHPAU_RTL_CONDITION_VARIABLE@@PAU_RTL_CRITICAL_SECTION@@K@ZQ6GH01K@Z@Z 1000c794 f i LIBCMT:thread_safe_statics.obj
 0001:0000b794       ??$__crt_fast_encode_pointer@PAP6AXXZ@@YAPAP6AXXZQAP6AXXZ@Z 1000c794 f i LIBCMT:utility.obj
 0001:0000b794       ??$__crt_fast_encode_pointer@PAX@@YAPAXQAX@Z 1000c794 f i libvcruntime:winapi_downlevel.obj
 0001:0000b794       ??$__crt_fast_encode_pointer@P6GXPAU_RTL_CONDITION_VARIABLE@@@Z@@YAP6GXPAU_RTL_CONDITION_VARIABLE@@@ZQ6GX0@Z@Z 1000c794 f i LIBCMT:thread_safe_statics.obj
 0001:0000b7f5       ___scrt_acquire_startup_lock 1000c7f5 f   LIBCMT:utility.obj
 0001:0000b827       ___scrt_dllmain_after_initialize_c 1000c827 f   LIBCMT:utility.obj
 0001:0000b852       ___scrt_dllmain_before_initialize_c 1000c852 f   LIBCMT:utility.obj
 0001:0000b860       ___scrt_dllmain_crt_thread_attach 1000c860 f   LIBCMT:utility.obj
 0001:0000b87f       ___scrt_dllmain_crt_thread_detach 1000c87f f   LIBCMT:utility.obj
 0001:0000b88c       ___scrt_dllmain_exception_filter 1000c88c f   LIBCMT:utility.obj
 0001:0000b8c0       ___scrt_dllmain_uninitialize_c 1000c8c0 f   LIBCMT:utility.obj
 0001:0000b8e3       ___scrt_dllmain_uninitialize_critical 1000c8e3 f   LIBCMT:utility.obj
 0001:0000b8f0       ___scrt_initialize_crt     1000c8f0 f   LIBCMT:utility.obj
 0001:0000b929       ___scrt_initialize_onexit_tables 1000c929 f   LIBCMT:utility.obj
 0001:0000b9ce       ___scrt_is_nonwritable_in_current_image 1000c9ce f   LIBCMT:utility.obj
 0001:0000ba62       ___scrt_release_startup_lock 1000ca62 f   LIBCMT:utility.obj
 0001:0000ba7f       ___scrt_uninitialize_crt   1000ca7f f   LIBCMT:utility.obj
 0001:0000baa7       __onexit                   1000caa7 f   LIBCMT:utility.obj
 0001:0000bae2       _atexit                    1000cae2 f   LIBCMT:utility.obj
 0001:0000baf7       ??3@YAXPAX@Z               1000caf7 f   LIBCMT:delete_scalar.obj
 0001:0000bc2e       __Init_thread_footer       1000cc2e f   LIBCMT:thread_safe_statics.obj
 0001:0000bc78       __Init_thread_header       1000cc78 f   LIBCMT:thread_safe_statics.obj
 0001:0000bcca       __Init_thread_notify       1000ccca f   LIBCMT:thread_safe_statics.obj
 0001:0000bd0c       __Init_thread_wait         1000cd0c f   LIBCMT:thread_safe_statics.obj
 0001:0000bd6c       ___raise_securityfailure   1000cd6c f   LIBCMT:gs_report.obj
 0001:0000bd94       ___report_gsfailure        1000cd94 f   LIBCMT:gs_report.obj
 0001:0000be8d       ___report_rangecheckfailure 1000ce8d f   LIBCMT:gs_report.obj
 0001:0000be99       ___report_securityfailure  1000ce99 f   LIBCMT:gs_report.obj
 0001:0000bf67       ??2@YAPAXIABUnothrow_t@std@@@Z 1000cf67 f   LIBCMT:new_scalar_nothrow.obj
 0001:0000bfb7       ??_U@YAPAXIABUnothrow_t@std@@@Z 1000cfb7 f   LIBCMT:new_array_nothrow.obj
 0001:0000bfc0       @__security_check_cookie@4 1000cfc0 f   LIBCMT:secchk.obj
 0001:0000bfe0       __SEH_prolog4_GS           1000cfe0 f   LIBCMT:sehprolg4gs.obj
 0001:0000c029       __SEH_epilog4_GS           1000d029 f   LIBCMT:sehprolg4gs.obj
 0001:0000c040       __alloca_probe_16          1000d040 f   LIBCMT:alloca16.obj
 0001:0000c056       __alloca_probe_8           1000d056     LIBCMT:alloca16.obj
 0001:0000c070       __chkstk                   1000d070 f   LIBCMT:chkstk.obj
 0001:0000c070       __alloca_probe             1000d070 f   LIBCMT:chkstk.obj
 0001:0000c3bd       __DllMainCRTStartup@12     1000d3bd f   LIBCMT:dll_dllmain.obj
 0001:0000c3e0       ??2@YAPAXI@Z               1000d3e0 f   LIBCMT:new_scalar.obj
 0001:0000c410       ___isa_available_init      1000d410 f   LIBCMT:cpu_disp.obj
 0001:0000c5a7       ___scrt_is_ucrt_dll_in_use 1000d5a7 f   LIBCMT:ucrt_detection.obj
 0001:0000c5b3       ___scrt_fastfail           1000d5b3 f   LIBCMT:utility_desktop.obj
 0001:0000c6cd       __crt_debugger_hook        1000d6cd f   LIBCMT:utility_desktop.obj
 0001:0000c6e0       __SEH_prolog4              1000d6e0 f   LIBCMT:sehprolg4.obj
[...]
 0002:00001cd4       ?candidate_modules@?1??try_get_FlsFree@@YAP6GHK@ZXZ@4QBW4module_id@?A0x5d2a34d3@@B 10020cd4     libvcruntime:winapi_downlevel.obj
 0002:00001ce4       ?candidate_modules@?1??try_get_FlsGetValue@@YAP6GPAXK@ZXZ@4QBW4module_id@?A0x5d2a34d3@@B 10020ce4     libvcruntime:winapi_downlevel.obj
 0002:00001cf8       ?candidate_modules@?1??try_get_FlsSetValue@@YAP6GHKPAX@ZXZ@4QBW4module_id@?A0x5d2a34d3@@B 10020cf8     libvcruntime:winapi_downlevel.obj
 0002:00001d0c       ?candidate_modules@?1??try_get_InitializeCriticalSectionEx@@YAP6GHPAU_RTL_CRITICAL_SECTION@@KK@ZXZ@4QBW4module_id@?A0x5d2a34d3@@B 10020d0c     libvcruntime:winapi_downlevel.obj
 0002:00001d50       ?tokenTable@@3QBQBDB       10020d50     libvcruntime:undname.obj
 0002:00001d90       ?nameTable@@3QBQBDB        10020d90     libvcruntime:undname.obj
 0002:00001ed8       ?rttiTable@@3QBQBDB        10020ed8     libvcruntime:undname.obj
 0002:000024f0       _errtable                  100214f0     libucrt:errno.obj
 0002:00002798       ___acrt_initializers       10021798     libucrt:initialization.obj
 0002:00002810       _module_names              10021810     libucrt:winapi_thunks.obj
 0002:00002d58       ?candidate_modules@?1??try_get_FlsAlloc@@YAP6GKP6GXPAX@Z@ZXZ@4QBW4module_id@?A0x352e5c4b@@B 10021d58     libucrt:winapi_thunks.obj
 0002:00002d6c       ?candidate_modules@?1??try_get_FlsFree@@YAP6GHK@ZXZ@4QBW4module_id@?A0x352e5c4b@@B 10021d6c     libucrt:winapi_thunks.obj
 0002:00002d7c       ?candidate_modules@?1??try_get_FlsGetValue@@YAP6GPAXK@ZXZ@4QBW4module_id@?A0x352e5c4b@@B 10021d7c     libucrt:winapi_thunks.obj
 0002:00002d90       ?candidate_modules@?1??try_get_FlsSetValue@@YAP6GHKPAX@ZXZ@4QBW4module_id@?A0x352e5c4b@@B 10021d90     libucrt:winapi_thunks.obj
 0002:00002da4       ?candidate_modules@?1??try_get_GetCurrentPackageId@@YAP6GJPAIPAE@ZXZ@4QBW4module_id@?A0x352e5c4b@@B 10021da4     libucrt:winapi_thunks.obj
 0002:00002dc0       ?candidate_modules@?1??try_get_InitializeCriticalSectionEx@@YAP6GHPAU_RTL_CRITICAL_SECTION@@KK@ZXZ@4QBW4module_id@?A0x352e5c4b@@B 10021dc0     libucrt:winapi_thunks.obj
 0002:00002de4       ?candidate_modules@?1??try_get_LCMapStringEx@@YAP6GHPB_WK0HPA_WHPAU_nlsversioninfo@@PAXJ@ZXZ@4QBW4module_id@?A0x352e5c4b@@B 10021de4     libucrt:winapi_thunks.obj
 0002:00002dfc       ?candidate_modules@?1??try_get_LocaleNameToLCID@@YAP6GKPB_WK@ZXZ@4QBW4module_id@?A0x352e5c4b@@B 10021dfc     libucrt:winapi_thunks.obj
 0002:00002e18       ?candidate_modules@?1??try_get_SetThreadStackGuarantee@@YAP6GHPAK@ZXZ@4QBW4module_id@?A0x352e5c4b@@B 10021e18     libucrt:winapi_thunks.obj
 0002:00003344       __mb_locale_names          10022344     libucrt:mbctype.obj
 0002:00003b90       _LcidToLocaleNameTable     10022b90     libucrt:lcidtoname_downlevel.obj
 0002:00004cb8       _LocaleNameToIndexTable    10023cb8     libucrt:lcidtoname_downlevel.obj
 0002:000065f0       LOG_name                   100255f0     libucrt:log10.obj
 0002:00006600       _One                       10025600     libucrt:ceil_pentium4.obj
 0002:00006610       _Bns                       10025610     libucrt:ceil_pentium4.obj
 0002:00006620       _Zero                      10025620     libucrt:ceil_pentium4.obj
 0002:00006630       _S                         10025630     libucrt:ceil_pentium4.obj
 0002:00006640       _NegZero                   10025640     libucrt:ceil_pentium4.obj
 0002:00006650       emask                      10025650     libucrt:log10_pentium4.obj
 0002:00006660       CC                         10025660     libucrt:log10_pentium4.obj
 0002:00006670       Magic                      10025670     libucrt:log10_pentium4.obj
 0002:00006680       hi_mask                    10025680     libucrt:log10_pentium4.obj
 0002:00006690       LOG10_2                    10025690     libucrt:log10_pentium4.obj
 0002:000066a0       place_L                    100256a0     libucrt:log10_pentium4.obj
 0002:000066c0       One                        100256c0     libucrt:log10_pentium4.obj
 0002:000066d0       Zero                       100256d0     libucrt:log10_pentium4.obj
 0002:000066e0       Two52                      100256e0     libucrt:log10_pentium4.obj
 0002:000066f0       Infs                       100256f0     libucrt:log10_pentium4.obj
 0002:00006700       NaN                        10025700     libucrt:log10_pentium4.obj
 0002:00006710       coeff                      10025710     libucrt:log10_pentium4.obj
 0002:0000676e       _log2max                   1002576e     libucrt:87tran.obj
 0002:00006778       _smallarg                  10025778     libucrt:87tran.obj
 0002:00006782       _half                      10025782     libucrt:87tran.obj
 0002:000067ce       One                        100257ce     libucrt:87disp.obj
 0002:000067d6       Three                      100257d6     libucrt:87disp.obj
 0002:000067de       XAMtoTagTab                100257de     libucrt:87disp.obj
 0002:000067f0       One                        100257f0     libucrt:common.obj
 0002:00006804       DblMax                     10025804     libucrt:common.obj
 0002:0000680c       DblMin                     1002580c     libucrt:common.obj
 0002:00006814       IeeeAdjO                   10025814     libucrt:common.obj
 0002:0000681c       IeeeAdjU                   1002581c     libucrt:common.obj
 0002:00006824       _infinity                  10025824     libucrt:common.obj
 0002:0000682c       _zero                      1002582c     libucrt:common.obj
 0002:00006868       _over                      10025868     libucrt:fpctrl.obj
 0002:00006874       _under                     10025874     libucrt:fpctrl.obj
 0002:00007138       ?_names@?1??_get_fname@@9@9 10026138     libucrt:fpexcept.obj
 0002:00007908       __sehtable$?_AtlVerifyStackAvailable@_ATL_SAFE_ALLOCA_IMPL@ATL@@YA_NK@Z 10026908     MSR.obj
 0002:00007928       __sehtable$___scrt_is_nonwritable_in_current_image 10026928     LIBCMT:utility.obj
 0002:00007944       __ehfuncinfo$?__scrt_initialize_thread_safe_statics_platform_specific@@YAXXZ 10026944     LIBCMT:thread_safe_statics.obj
 0002:00007968       __catchsym$??2@YAPAXIABUnothrow_t@std@@@Z$2 10026968     LIBCMT:new_scalar_nothrow.obj
 0002:00007978       __unwindtable$??2@YAPAXIABUnothrow_t@std@@@Z 10026978     LIBCMT:new_scalar_nothrow.obj
 0002:00007988       __tryblocktable$??2@YAPAXIABUnothrow_t@std@@@Z 10026988     LIBCMT:new_scalar_nothrow.obj
 0002:0000799c       __ehfuncinfo$??2@YAPAXIABUnothrow_t@std@@@Z 1002699c     LIBCMT:new_scalar_nothrow.obj
 0002:000079c0       __sehtable$?dllmain_crt_process_attach@@YAHQAUHINSTANCE__@@QAX@Z 100269c0     LIBCMT:dll_dllmain.obj
 0002:000079e0       __sehtable$?dllmain_crt_process_detach@@YAH_N@Z 100269e0     LIBCMT:dll_dllmain.obj
 0002:00007a00       __sehtable$?dllmain_dispatch@@YAHQAUHINSTANCE__@@KQAX@Z 10026a00     LIBCMT:dll_dllmain.obj
 0002:00007ab0       __sehtable$?FrameUnwindToState@__FrameHandler3@@SAXPAUEHRegistrationNode@@PAXPBU_s_FuncInfo@@H@Z 10026ab0     libvcruntime:frame.obj
 0002:00007ad8       __sehtable$?CallCatchBlock@@YAPAXPAUEHExceptionRecord@@PAUEHRegistrationNode@@PAU_CONTEXT@@PBU_s_FuncInfo@@PAXHK@Z 10026ad8     libvcruntime:frame.obj
 0002:00007b00       __catchsym$?CallUnexpected@@YAXPBU_s_ESTypeList@@@Z$2 10026b00     libvcruntime:frame.obj
 0002:00007b10       __unwindtable$?CallUnexpected@@YAXPBU_s_ESTypeList@@@Z 10026b10     libvcruntime:frame.obj
 0002:00007b20       __tryblocktable$?CallUnexpected@@YAXPBU_s_ESTypeList@@@Z 10026b20     libvcruntime:frame.obj
 0002:00007b34       __ehfuncinfo$?CallUnexpected@@YAXPBU_s_ESTypeList@@@Z 10026b34     libvcruntime:frame.obj
 0002:00007b58       __sehtable$??$BuildCatchObjectHelperInternal@V__FrameHandler3@@@@YAHPAUEHExceptionRecord@@PAXPBU_s_HandlerType@@PBU_s_CatchableType@@@Z 10026b58     libvcruntime:frame.obj
 0002:00007b78       __sehtable$??$BuildCatchObjectInternal@V__FrameHandler3@@@@YAXPAUEHExceptionRecord@@PAXPBU_s_HandlerType@@PBU_s_CatchableType@@@Z 10026b78     libvcruntime:frame.obj
 0002:00007bd0       __sehtable$___DestructExceptionObject 10026bd0     libvcruntime:ehhelpers.obj
 0002:00007bf0       __sehtable$?common_exit@@YAXHW4_crt_exit_cleanup_mode@@W4_crt_exit_return_mode@@@Z 10026bf0     libucrt:exit.obj
 0002:00007c18       __sehtable$??$?RV<lambda_800076c951b434888f4765a74a194fcc>@@AAV<lambda_4e60a939b0d047cfe11ddc22648dfba9>@@V<lambda_6dbb1268764f43b569ce7b67e331d33a>@@@?$__crt_seh_guarded_call@H@@QAEH$$QAV<lambda_800076c951b434888f4765a74a194fcc>@@AAV<lambda_4e60a939b0d047cfe11ddc22648dfba9>@@$$QAV<lambda_6dbb1268764f43b569ce7b67e331d33a>@@@Z 10026c18     libucrt:onexit.obj
 0002:00007c38       __sehtable$??$?RV<lambda_995298e7d72eb4c2aab26c0585b3abe5>@@AAV<lambda_275893d493268fdec8709772e3fcec0e>@@V<lambda_293819299cbf9a7022e18b56a874bb5c>@@@?$__crt_seh_guarded_call@H@@QAEH$$QAV<lambda_995298e7d72eb4c2aab26c0585b3abe5>@@AAV<lambda_275893d493268fdec8709772e3fcec0e>@@$$QAV<lambda_293819299cbf9a7022e18b56a874bb5c>@@@Z 10026c38     libucrt:onexit.obj
 0002:00007c58       __sehtable$__query_new_handler 10026c58     libucrt:new_handler.obj
 0002:00007c78       __sehtable$_terminate      10026c78     libucrt:terminate.obj
 0002:00007c98       __sehtable$??$?RV<lambda_9df27f884b057bc3edfc946cb5b7cf47>@@AAV<lambda_e69574bed617af4e071282c136b37893>@@V<lambda_cc0d902bcbbeb830f749456577db4721>@@@?$__crt_seh_guarded_call@X@@QAEX$$QAV<lambda_9df27f884b057bc3edfc946cb5b7cf47>@@AAV<lambda_e69574bed617af4e071282c136b37893>@@$$QAV<lambda_cc0d902bcbbeb830f749456577db4721>@@@Z 10026c98     libucrt:per_thread_data.obj
 0002:00007cb8       __sehtable$??$?RV<lambda_3518db117f0e7cdb002338c5d3c47b6c>@@AAV<lambda_b2ea41f6bbb362cd97d94c6828d90b61>@@V<lambda_abdedf541bb04549bc734292b4a045d4>@@@?$__crt_seh_guarded_call@X@@QAEX$$QAV<lambda_3518db117f0e7cdb002338c5d3c47b6c>@@AAV<lambda_b2ea41f6bbb362cd97d94c6828d90b61>@@$$QAV<lambda_abdedf541bb04549bc734292b4a045d4>@@@Z 10026cb8     libucrt:per_thread_data.obj
 0002:00007cd8       __sehtable$??$?RV<lambda_51b6e8b1eb166f2a3faf91f424b38130>@@AAV<lambda_6250bd4b2a391816dd638c3bf72b0bcb>@@V<lambda_0b5a4a3e68152e1d9b943535f5f47bed>@@@?$__crt_seh_guarded_call@X@@QAEX$$QAV<lambda_51b6e8b1eb166f2a3faf91f424b38130>@@AAV<lambda_6250bd4b2a391816dd638c3bf72b0bcb>@@$$QAV<lambda_0b5a4a3e68152e1d9b943535f5f47bed>@@@Z 10026cd8     libucrt:per_thread_data.obj
 0002:00007cf8       __sehtable$??$?RV<lambda_5b71d36f03204c0beab531769a5b5694>@@AAV<lambda_be2b3da3f62db62e9dad5dc70221a656>@@V<lambda_8f9ce462984622f9bf76b59e2aaaf805>@@@?$__crt_seh_guarded_call@X@@QAEX$$QAV<lambda_5b71d36f03204c0beab531769a5b5694>@@AAV<lambda_be2b3da3f62db62e9dad5dc70221a656>@@$$QAV<lambda_8f9ce462984622f9bf76b59e2aaaf805>@@@Z 10026cf8     libucrt:per_thread_data.obj
 0002:00007d18       __sehtable$___acrt_uninitialize_locale 10026d18     libucrt:wsetlocale.obj
 0002:00007d38       __sehtable$___acrt_initialize_lowio 10026d38     libucrt:ioinit.obj
 0002:00007d58       __sehtable$___acrt_update_thread_multibyte_data 10026d58     libucrt:mbctype.obj
 0002:00007d78       __sehtable$??$?RV<lambda_978dc153c237d78434369da87b74ff60>@@AAV<lambda_ad1ced32f4ac17aa236e5ef05d6b3b7c>@@V<lambda_4a8533e2866a575feecb8298ce776b0d>@@@?$__crt_seh_guarded_call@X@@QAEX$$QAV<lambda_978dc153c237d78434369da87b74ff60>@@AAV<lambda_ad1ced32f4ac17aa236e5ef05d6b3b7c>@@$$QAV<lambda_4a8533e2866a575feecb8298ce776b0d>@@@Z 10026d78     libucrt:mbctype.obj
 0002:00007d98       __sehtable$_raise          10026d98     libucrt:signal.obj
 0002:00007db8       __sehtable$??$?RV<lambda_a048d3beccc847880fc8490e18b82769>@@AAV<lambda_ec61778202f4f5fc7e7711acc23c3bca>@@V<lambda_f7496a158712204296dd6628a163878e>@@@?$__crt_seh_guarded_call@P6AXH@Z@@QAEP6AXH@Z$$QAV<lambda_a048d3beccc847880fc8490e18b82769>@@AAV<lambda_ec61778202f4f5fc7e7711acc23c3bca>@@$$QAV<lambda_f7496a158712204296dd6628a163878e>@@@Z 10026db8     libucrt:signal.obj
 0002:00007dd8       __sehtable$___acrt_update_thread_locale_data 10026dd8     libucrt:locale_refcounting.obj
 0002:00007df8       __sehtable$__fcloseall     10026df8     libucrt:closeall.obj
 0002:00007e18       __sehtable$_common_flush_all 10026e18     libucrt:fflush.obj
 0002:00007e40       __sehtable$___acrt_lowio_ensure_fh_exists 10026e40     libucrt:osfinfo.obj
 0002:00007e60       __sehtable$__write         10026e60     libucrt:write.obj
 0002:00007e80       __sehtable$_fclose         10026e80     libucrt:fclose.obj
 0002:00007ea0       __sehtable$??$?RV<lambda_61cee617f5178ae960314fd4d05640a0>@@AAV<lambda_6978c1fb23f02e42e1d9e99668cc68aa>@@V<lambda_9cd88cf8ad10232537feb2133f08c833>@@@?$__crt_seh_guarded_call@H@@QAEH$$QAV<lambda_61cee617f5178ae960314fd4d05640a0>@@AAV<lambda_6978c1fb23f02e42e1d9e99668cc68aa>@@$$QAV<lambda_9cd88cf8ad10232537feb2133f08c833>@@@Z 10026ea0     libucrt:commit.obj
 0002:00007ec0       __sehtable$??$?RV<lambda_123407a5e2ac06da108355a851863b7a>@@AAV<lambda_2fe9b910cf3cbf4a0ab98a02ba45b3ec>@@V<lambda_ae55bdf541ad94d75914d381c370e64d>@@@?$__crt_seh_guarded_call@H@@QAEH$$QAV<lambda_123407a5e2ac06da108355a851863b7a>@@AAV<lambda_2fe9b910cf3cbf4a0ab98a02ba45b3ec>@@$$QAV<lambda_ae55bdf541ad94d75914d381c370e64d>@@@Z 10026ec0     libucrt:close.obj
 0002:00007ee0       __sehtable$__IsNonwritableInCurrentImage 10026ee0     LIBCMT:pesect.obj
 0002:00007f10       .edata                     10026f10     OPOSMSR.exp
 0002:00007f38       rgpv                       10026f38     OPOSMSR.exp
 0002:00007f48       rgszName                   10026f48     OPOSMSR.exp
 0002:00007f58       rgwOrd                     10026f58     OPOSMSR.exp
 0002:00007f60       szName                     10026f60     OPOSMSR.exp
 0002:00007f6c       $N00001                    10026f6c     OPOSMSR.exp
 0002:00007f7c       $N00002                    10026f7c     OPOSMSR.exp
 0002:00007f8e       $N00003                    10026f8e     OPOSMSR.exp
 0002:00007fa0       $N00004                    10026fa0     OPOSMSR.exp
 0002:000085b6       .idata$6                   100275b6     kernel32:KERNEL32.dll
 0002:000087ca       .idata$6                   100277ca     user32:USER32.dll
 0002:000088fe       .idata$6                   100278fe     gdi32:GDI32.dll
 0002:000089a4       .idata$6                   100279a4     advapi32:ADVAPI32.dll
 0002:00008ac0       .idata$6                   10027ac0     ole32:ole32.dll
 0002:00008aca       .idata$6                   10027aca     oleaut32:OLEAUT32.dll
 0003:00000110       ?ObjectMap@@3PAU_ATL_OBJMAP_ENTRY30@ATL@@A 10028110     MSR.obj
 0003:000001a4       ?s_RequiredMethodsPerRelease@@3PAHA 100281a4     MSRImpl.obj
 0003:000001d8       ?s_SOMethodNames@@3PAPADA  100281d8     MSRImpl.obj
 0003:00000260       ?__vcrt_flsindex@@3KA      10028260     libvcruntime:per_thread_data.obj
 0003:00000280       _errno_no_memory           10028280     libucrt:errno.obj
 0003:00000284       _doserrno_no_memory        10028284     libucrt:errno.obj
 0003:00000290       ___acrt_flsindex           10028290     libucrt:per_thread_data.obj
 0003:00000404       ___rgctypeflag             10028404     libucrt:mbctype.obj
 0003:00000408       ___rgcode_page_info        10028408     libucrt:mbctype.obj
 0003:00000b28       ?is_initialized_as_dll@@3_NA 10028b28     LIBCMT:utility.obj
 0003:00000b29       ?module_local_atexit_table_initialized@@3_NA 10028b29     LIBCMT:utility.obj
 0003:00000b2c       ?module_local_atexit_table@@3U_onexit_table_t@@A 10028b2c     LIBCMT:utility.obj
 0003:00000b38       ?module_local_at_quick_exit_table@@3U_onexit_table_t@@A 10028b38     LIBCMT:utility.obj
 0003:00000b44       ?_Tss_mutex@@3U_RTL_CRITICAL_SECTION@@A 10028b44     LIBCMT:thread_safe_statics.obj
 0003:00000b5c       ?_Tss_cv@@3U_RTL_CONDITION_VARIABLE@@A 10028b5c     LIBCMT:thread_safe_statics.obj
 0003:00000b60       ?_Tss_event@@3PAXA         10028b60     LIBCMT:thread_safe_statics.obj
 0003:00000b64       ?encoded_sleep_condition_variable_cs@@3P6GHPAU_RTL_CONDITION_VARIABLE@@PAU_RTL_CRITICAL_SECTION@@K@ZA 10028b64     LIBCMT:thread_safe_statics.obj
 0003:00000b68       ?encoded_wake_all_condition_variable@@3P6GXPAU_RTL_CONDITION_VARIABLE@@@ZA 10028b68     LIBCMT:thread_safe_statics.obj
 0003:00000b70       _GS_ExceptionRecord        10028b70     LIBCMT:gs_report.obj
 0003:00000bc0       _GS_ContextRecord          10028bc0     LIBCMT:gs_report.obj
 0003:00000e90       ?__proc_attached@@3HA      10028e90     LIBCMT:dll_dllmain.obj
 0003:00000eec       ?AllocateData@@3P6GPAUAtlThunkData_t@@XZA 10028eec     atls:atlthunk.obj
 0003:00000ef0       ?InitData@@3P6GXPAUAtlThunkData_t@@PAXI@ZA 10028ef0     atls:atlthunk.obj
 0003:00000ef4       ?DataToCode@@3P6GP6GJPAUHWND__@@IIJ@ZPAUAtlThunkData_t@@@ZA 10028ef4     atls:atlthunk.obj
 0003:00000ef8       ?FreeData@@3P6GXPAUAtlThunkData_t@@@ZA 10028ef8     atls:atlthunk.obj
 0003:00000efc       ?Initialized@@3_NA         10028efc     atls:atlthunk.obj
 0003:00000f08       ?__vcrt_startup_thread_ptd@@3U__vcrt_ptd@@A 10028f08     libvcruntime:per_thread_data.obj
 0003:00000f30       ___vcrt_lock_table         10028f30     libvcruntime:locks.obj
 0003:00000f48       ___vcrt_locks_initialized  10028f48     libvcruntime:locks.obj
 0003:00000f4c       ?module_handles@@3PAPAUHINSTANCE__@@A 10028f4c     libvcruntime:winapi_downlevel.obj
 0003:00000f58       ?encoded_function_pointers@@3PAPAXA 10028f58     libvcruntime:winapi_downlevel.obj
 0003:00000f94       ?heap@@3V_HeapManager@@A   10028f94     libvcruntime:undname.obj
 0003:00000fac       ___acrt_invalid_parameter_handler 10028fac     libucrt:invalid_parameter.obj
 0003:00000fb0       _c_termination_complete    10028fb0     libucrt:exit.obj
 0003:00000fb4       _thread_local_exit_callback_func 10028fb4     libucrt:exit.obj
 0003:00000fb8       ?c_exit_complete@?5??common_exit@@YAXHW4_crt_exit_cleanup_mode@@W4_crt_exit_return_mode@@@Z@4_NA 10028fb8     libucrt:exit.obj
 0003:00000fc0       ?program_name@?5???$common_configure_argv@D@@YAHW4_crt_argv_mode@@@Z@4PADA 10028fc0     libucrt:argv_parsing.obj
 0003:000010f0       ___acrt_new_handler        100290f0     libucrt:new_handler.obj
 0003:000010f8       _module_handles            100290f8     libucrt:winapi_thunks.obj
 0003:00001148       _encoded_function_pointers 10029148     libucrt:winapi_thunks.obj
 0003:000011c8       ?state_cache@?1??__acrt_is_packaged_app@@9@4JA 100291c8     libucrt:winapi_thunks.obj
 0003:000011d4       _enable_percent_n          100291d4     libucrt:printf_count_output.obj
 0003:000013f0       ___acrt_lock_table         100293f0     libucrt:locks.obj
 0003:00001528       ___acrt_locks_initialized  10029528     libucrt:locks.obj
 0003:00001544       _fSystemSet                10029544     libucrt:mbctype.obj
 0003:00001548       ?initialized@?1??__acrt_initialize_multibyte@@9@4_NA 10029548     libucrt:mbctype.obj
 0003:00001568       _ctrlc_action              10029568     libucrt:signal.obj
 0003:0000156c       _ctrlbreak_action          1002956c     libucrt:signal.obj
 0003:00001570       _abort_action              10029570     libucrt:signal.obj
 0003:00001574       _term_action               10029574     libucrt:signal.obj
 0003:00001578       _user_matherr              10029578     libucrt:matherr.obj
 0003:0000157c       ___acrt_global_new_mode    1002957c     libucrt:new_mode.obj
 0003:00001588       ___acrt_app_type           10029588     libucrt:report_runtime_error.obj
 0003:00001590       __pmatherr_set             10029590     libucrt:libm_error.obj
 0004:00000220       $R000000                   1002a220     MSR.res
 0004:00000b68       $R000948                   1002ab68     MSR.res
 0004:00000c50       $R000A30                   1002ac50     MSR.res
 0004:00000eb8       $R000C98                   1002aeb8     MSR.res
 0004:000013a8       $R001188                   1002b3a8     MSR.res
 0004:00005b80       $R005960                   1002fb80     MSR.res
 0004:00005ba8       $R005988                   1002fba8     MSR.res
