 OPOSRemoteOrderDisplay

 Timestamp is 5ed45983 (Mon Jun  1 10:27:31 2020)

 Preferred load address is 10000000

 Start         Length     Name                   Class
 0001:00000000 00000080H .text$di                CODE
 0001:00000080 0001ee83H .text$mn                CODE
 0001:0001ef03 00000036H .text$x                 CODE
 0001:0001ef39 00000042H .text$yd                CODE
 0002:00000000 000002fcH .idata$5                DATA
 0002:000002fc 00000004H .00cfg                  DATA
 0002:00000300 00000004H .CRT$XCA                DATA
 0002:00000304 00000004H .CRT$XCL                DATA
 0002:00000308 00000010H .CRT$XCU                DATA
 0002:00000318 00000004H .CRT$XCZ                DATA
 0002:0000031c 00000004H .CRT$XIA                DATA
 0002:00000320 00000010H .CRT$XIC                DATA
 0002:00000330 00000004H .CRT$XIZ                DATA
 0002:00000334 00000004H .CRT$XLA                DATA
 0002:00000338 00000004H .CRT$XLZ                DATA
 0002:0000033c 00000004H .CRT$XPA                DATA
 0002:00000340 00000008H .CRT$XPX                DATA
 0002:00000348 00000004H .CRT$XPXA               DATA
 0002:0000034c 00000004H .CRT$XPZ                DATA
 0002:00000350 00000004H .CRT$XTA                DATA
 0002:00000354 0000000cH .CRT$XTZ                DATA
 0002:00000358 00000000H .gfids$y                DATA
 0002:00000360 000074f8H .rdata                  DATA
 0002:00007858 00000018H .rdata$T                DATA
 0002:00007870 00000178H .rdata$r                DATA
 0002:000079e8 0000001cH .rdata$sxdata           DATA
 0002:00007a04 000003e8H .rdata$zzzdbg           DATA
 0002:00007dec 00000004H .rtc$IAA                DATA
 0002:00007df0 00000004H .rtc$IZZ                DATA
 0002:00007df4 00000004H .rtc$TAA                DATA
 0002:00007df8 00000004H .rtc$TZZ                DATA
 0002:00007dfc 00000004H .tls                    DATA
 0002:00007e00 00000004H .tls$                   DATA
 0002:00007e04 00000004H .tls$ZZZ                DATA
 0002:00007e08 0000062cH .xdata$x                DATA
 0002:00008434 00000004H ATL$__a                 DATA
 0002:00008438 00000008H ATL$__z                 DATA
 0002:00008440 000000b4H .edata                  DATA
 0002:000084f4 00000078H .idata$2                DATA
 0002:0000856c 00000014H .idata$3                DATA
 0002:00008580 000002fcH .idata$4                DATA
 0002:0000887c 00000bceH .idata$6                DATA
 0003:00000000 00000b00H .data                   DATA
 0003:00000b00 00000098H .data$r                 DATA
 0003:00000b98 00000b80H .bss                    DATA
 0004:00000000 00000220H .rsrc$01                DATA
 0004:00000220 000056b0H .rsrc$02                DATA

  Address         Publics by Value              Rva+Base       Lib:Object

 0000:00000000       ___arm64x_redirection_metadata 00000000     <absolute>
 0000:00000000       ___x64_code_ranges_to_entry_points 00000000     <absolute>
 0000:00000000       ___guard_iat_count         00000000     <absolute>
 0000:00000000       ___guard_fids_count        00000000     <absolute>
 0000:00000000       ___guard_longjmp_table     00000000     <absolute>
 0000:00000000       ___hybrid_code_map_count   00000000     <absolute>
 0000:00000000       ___dynamic_value_reloc_table 00000000     <absolute>
 0000:00000000       ___guard_longjmp_count     00000000     <absolute>
 0000:00000000       __except_list              00000000     <absolute>
 0000:00000000       ___arm64x_native_entrypoint 00000000     <absolute>
 0000:00000000       ___guard_fids_table        00000000     <absolute>
 0000:00000000       ___guard_eh_cont_count     00000000     <absolute>
 0000:00000000       ___hybrid_auxiliary_iat    00000000     <absolute>
 0000:00000000       ___guard_iat_table         00000000     <absolute>
 0000:00000000       ___volatile_metadata       00000000     <absolute>
 0000:00000000       ___enclave_config          00000000     <absolute>
 0000:00000000       ___AbsoluteZero            00000000     <absolute>
 0000:00000000       ___guard_eh_cont_table     00000000     <absolute>
 0000:00000000       ___hybrid_code_map         00000000     <absolute>
 0000:00000007       ___safe_se_handler_count   00000007     <absolute>
 0000:0000002c       __tls_array                0000002c     <absolute>
 0000:00000100       ___guard_flags             00000100     <absolute>
 0000:00000000       ___ImageBase               10000000     <linker-defined>
 0001:00000080       ?DupWide@_CW@@AAEXXZ       10001080 f   CWString.obj
 0001:0000009c       ?cw_dup@@YGXPBDAAHAAPA_W1@Z 1000109c f   CWString.obj
 0001:00000124       ?cw_memcpy@@YGHPA_WPBDH@Z  10001124 f   CWString.obj
 0001:00000150       ?cw_strcpy@@YAHPA_WPBD@Z   10001150 f   CWString.obj
 0001:00000163       ?cw_strlen@@YAHPBD@Z       10001163 f   CWString.obj
 0001:0000017c       ??0CAtlComModule@ATL@@QAE@XZ 1000117c f i OposVariant.obj
 0001:000001c1       ??0CAtlWinModule@ATL@@QAE@XZ 100011c1 f i OposVariant.obj
 0001:000001f8       ??0OposDispParms@@QAE@PAVOposVariant@@H@Z 100011f8 f   OposVariant.obj
 0001:00000269       ??1OposDispParms@@QAE@XZ   10001269 f   OposVariant.obj
 0001:00000277       ??A?$CSimpleArray@GV?$CSimpleArrayEqualHelper@G@ATL@@@ATL@@QAEAAGH@Z 10001277 f i OposVariant.obj
 0001:0000029c       ??_Estringdispid@CComTypeInfoHolder@ATL@@QAEPAXI@Z 1000129c f i OposVariant.obj
 0001:00000308       ?AtlWinModuleInit@ATL@@YGJPAU_ATL_WIN_MODULE70@1@@Z 10001308 f i OposVariant.obj
 0001:0000032e       ?AtlWinModuleTerm@ATL@@YGJPAU_ATL_WIN_MODULE70@1@PAUHINSTANCE__@@@Z 1000132e f i OposVariant.obj
 0001:00000391       ?ChangeBSTR@OposVariant@@QAEXPAPA_WAAJ@Z 10001391 f   OposVariant.obj
 0001:000003d2       ?ChangeLONG@OposVariant@@QAEXPAJAAJ@Z 100013d2 f   OposVariant.obj
 0001:00000413       ?GetLONG@OposVariant@@QAEJXZ 10001413 f   OposVariant.obj
 0001:0000042e       ?Init@CComCriticalSection@ATL@@QAEJXZ 1000142e f i OposVariant.obj
 0001:00000456       ?RemoveAll@?$CSimpleArray@PAUHINSTANCE__@@V?$CSimpleArrayEqualHelper@PAUHINSTANCE__@@@ATL@@@ATL@@QAEXXZ 10001456 f i atls:atlbase.obj
 0001:00000456       ?RemoveAll@?$CSimpleArray@GV?$CSimpleArrayEqualHelper@G@ATL@@@ATL@@QAEXXZ 10001456 f i OposVariant.obj
 0001:00000473       ?SetBSTR@OposVariant@@QAEXPA_WAAJ@Z 10001473 f   OposVariant.obj
 0001:000004a7       ?SetBSTR_Copy@OposVariant@@QAEXPA_WAAJ@Z 100014a7 f   OposVariant.obj
 0001:000004f7       ?SetBSTR_InOutPtr@OposVariant@@QAE_NPAPA_WAAJ@Z 100014f7 f   OposVariant.obj
 0001:0000052e       ?SetDispatch_Ptr@OposVariant@@QAEXPAUIDispatch@@AAJ@Z 1000152e f   OposVariant.obj
 0001:00000569       ?SetLONG@OposVariant@@QAEXJ@Z 10001569 f   OposVariant.obj
 0001:0000058b       ?SetLONG_Ptr@OposVariant@@QAEXPAJAAJ@Z 1000158b f   OposVariant.obj
 0001:000005be       ?SetString@OposVariant@@QAEXPB_WAAJ@Z 100015be f   OposVariant.obj
 0001:00000604       ?SetVARIANT_BOOL@OposVariant@@QAEXF@Z 10001604 f   OposVariant.obj
 0001:0000062e       ?Term@CAtlComModule@ATL@@QAEXXZ 1000162e f i OposVariant.obj
 0001:00000678       ?_AtlRaiseException@ATL@@YAXKK@Z 10001678 f i OposVariant.obj
 0001:0000068d       ?CreateInstance@CComClassFactory@ATL@@UAGJPAUIUnknown@@ABU_GUID@@PAPAX@Z 1000168d f i RemoteOrderDisplay.obj
 0001:000006cb       ?LockServer@CComClassFactory@ATL@@UAGJH@Z 100016cb f i RemoteOrderDisplay.obj
 0001:000006ea       ??_ECComClassFactory@ATL@@UAEPAXI@Z 100016ea f i RemoteOrderDisplay.obj
 0001:000006ea       ??_GCComClassFactory@ATL@@UAEPAXI@Z 100016ea f i RemoteOrderDisplay.obj
 0001:00000715       ??_E?$CComObject@VCOPOSRemoteOrderDisplay@@@ATL@@W3AEPAXI@Z 10001715 f i RemoteOrderDisplay.obj
 0001:0000071d       ??_E?$CComObject@VCOPOSRemoteOrderDisplay@@@ATL@@WEM@AEPAXI@Z 1000171d f i RemoteOrderDisplay.obj
 0001:00000725       ?QueryInterface@?$CComObject@VCOPOSRemoteOrderDisplay@@@ATL@@WHA@AGJABU_GUID@@PAPAX@Z 10001725 f i RemoteOrderDisplay.obj
 0001:0000072f       ?AddRef@?$CComObject@VCOPOSRemoteOrderDisplay@@@ATL@@WHA@AGKXZ 1000172f f i RemoteOrderDisplay.obj
 0001:00000739       ?Release@?$CComObject@VCOPOSRemoteOrderDisplay@@@ATL@@WHA@AGKXZ 10001739 f i RemoteOrderDisplay.obj
 0001:00000743       ?QueryInterface@?$CComObject@VCOPOSRemoteOrderDisplay@@@ATL@@WHE@AGJABU_GUID@@PAPAX@Z 10001743 f i RemoteOrderDisplay.obj
 0001:0000074d       ?AddRef@?$CComObject@VCOPOSRemoteOrderDisplay@@@ATL@@WHE@AGKXZ 1000174d f i RemoteOrderDisplay.obj
 0001:00000757       ?Release@?$CComObject@VCOPOSRemoteOrderDisplay@@@ATL@@WHE@AGKXZ 10001757 f i RemoteOrderDisplay.obj
 0001:00000761       ?QueryInterface@?$CComObject@VCOPOSRemoteOrderDisplay@@@ATL@@WHI@AGJABU_GUID@@PAPAX@Z 10001761 f i RemoteOrderDisplay.obj
 0001:0000076b       ?AddRef@?$CComObject@VCOPOSRemoteOrderDisplay@@@ATL@@WHI@AGKXZ 1000176b f i RemoteOrderDisplay.obj
 0001:00000775       ?Release@?$CComObject@VCOPOSRemoteOrderDisplay@@@ATL@@WHI@AGKXZ 10001775 f i RemoteOrderDisplay.obj
 0001:0000077f       ?QueryInterface@?$CComObject@VCOPOSRemoteOrderDisplay@@@ATL@@WHM@AGJABU_GUID@@PAPAX@Z 1000177f f i RemoteOrderDisplay.obj
 0001:00000789       ?AddRef@?$CComObject@VCOPOSRemoteOrderDisplay@@@ATL@@WHM@AGKXZ 10001789 f i RemoteOrderDisplay.obj
 0001:00000793       ?Release@?$CComObject@VCOPOSRemoteOrderDisplay@@@ATL@@WHM@AGKXZ 10001793 f i RemoteOrderDisplay.obj
 0001:0000079d       ?QueryInterface@?$CComObject@VCOPOSRemoteOrderDisplay@@@ATL@@WIA@AGJABU_GUID@@PAPAX@Z 1000179d f i RemoteOrderDisplay.obj
 0001:000007aa       ?AddRef@?$CComObject@VCOPOSRemoteOrderDisplay@@@ATL@@WIA@AGKXZ 100017aa f i RemoteOrderDisplay.obj
 0001:000007b7       ?Release@?$CComObject@VCOPOSRemoteOrderDisplay@@@ATL@@WIA@AGKXZ 100017b7 f i RemoteOrderDisplay.obj
 0001:000007c4       ?QueryInterface@?$CComObject@VCOPOSRemoteOrderDisplay@@@ATL@@WIE@AGJABU_GUID@@PAPAX@Z 100017c4 f i RemoteOrderDisplay.obj
 0001:000007d1       ?AddRef@?$CComObject@VCOPOSRemoteOrderDisplay@@@ATL@@WIE@AGKXZ 100017d1 f i RemoteOrderDisplay.obj
 0001:000007de       ?Release@?$CComObject@VCOPOSRemoteOrderDisplay@@@ATL@@WIE@AGKXZ 100017de f i RemoteOrderDisplay.obj
 0001:000007eb       ?QueryInterface@?$CComObject@VCOPOSRemoteOrderDisplay@@@ATL@@WII@AGJABU_GUID@@PAPAX@Z 100017eb f i RemoteOrderDisplay.obj
 0001:000007f8       ?AddRef@?$CComObject@VCOPOSRemoteOrderDisplay@@@ATL@@WII@AGKXZ 100017f8 f i RemoteOrderDisplay.obj
 0001:00000805       ?Release@?$CComObject@VCOPOSRemoteOrderDisplay@@@ATL@@WII@AGKXZ 10001805 f i RemoteOrderDisplay.obj
 0001:00000812       ?QueryInterface@?$CComObject@VCOPOSRemoteOrderDisplay@@@ATL@@WIM@AGJABU_GUID@@PAPAX@Z 10001812 f i RemoteOrderDisplay.obj
 0001:0000081f       ?AddRef@?$CComObject@VCOPOSRemoteOrderDisplay@@@ATL@@WIM@AGKXZ 1000181f f i RemoteOrderDisplay.obj
 0001:0000082c       ?Release@?$CComObject@VCOPOSRemoteOrderDisplay@@@ATL@@WIM@AGKXZ 1000182c f i RemoteOrderDisplay.obj
 0001:00000839       ?QueryInterface@?$CComObject@VCOPOSRemoteOrderDisplay@@@ATL@@WJA@AGJABU_GUID@@PAPAX@Z 10001839 f i RemoteOrderDisplay.obj
 0001:00000846       ?AddRef@?$CComObject@VCOPOSRemoteOrderDisplay@@@ATL@@WJA@AGKXZ 10001846 f i RemoteOrderDisplay.obj
 0001:00000853       ?Release@?$CComObject@VCOPOSRemoteOrderDisplay@@@ATL@@WJA@AGKXZ 10001853 f i RemoteOrderDisplay.obj
 0001:00000860       ?QueryInterface@?$CComObject@VCOPOSRemoteOrderDisplay@@@ATL@@WJE@AGJABU_GUID@@PAPAX@Z 10001860 f i RemoteOrderDisplay.obj
 0001:0000086d       ?AddRef@?$CComObject@VCOPOSRemoteOrderDisplay@@@ATL@@WJE@AGKXZ 1000186d f i RemoteOrderDisplay.obj
 0001:0000087a       ?Release@?$CComObject@VCOPOSRemoteOrderDisplay@@@ATL@@WJE@AGKXZ 1000187a f i RemoteOrderDisplay.obj
 0001:00000887       ?QueryInterface@?$CComObject@VCOPOSRemoteOrderDisplay@@@ATL@@WJI@AGJABU_GUID@@PAPAX@Z 10001887 f i RemoteOrderDisplay.obj
 0001:00000894       ?AddRef@?$CComObject@VCOPOSRemoteOrderDisplay@@@ATL@@WJI@AGKXZ 10001894 f i RemoteOrderDisplay.obj
 0001:000008a1       ?Release@?$CComObject@VCOPOSRemoteOrderDisplay@@@ATL@@WJI@AGKXZ 100018a1 f i RemoteOrderDisplay.obj
 0001:000008ae       ?QueryInterface@?$CComObject@VCOPOSRemoteOrderDisplay@@@ATL@@WJM@AGJABU_GUID@@PAPAX@Z 100018ae f i RemoteOrderDisplay.obj
 0001:000008bb       ?AddRef@?$CComObject@VCOPOSRemoteOrderDisplay@@@ATL@@WJM@AGKXZ 100018bb f i RemoteOrderDisplay.obj
 0001:000008c8       ?Release@?$CComObject@VCOPOSRemoteOrderDisplay@@@ATL@@WJM@AGKXZ 100018c8 f i RemoteOrderDisplay.obj
 0001:000008d5       ?QueryInterface@?$CComObject@VCOPOSRemoteOrderDisplay@@@ATL@@WKA@AGJABU_GUID@@PAPAX@Z 100018d5 f i RemoteOrderDisplay.obj
 0001:000008e2       ?AddRef@?$CComObject@VCOPOSRemoteOrderDisplay@@@ATL@@WKA@AGKXZ 100018e2 f i RemoteOrderDisplay.obj
 0001:000008ef       ?Release@?$CComObject@VCOPOSRemoteOrderDisplay@@@ATL@@WKA@AGKXZ 100018ef f i RemoteOrderDisplay.obj
 0001:000008fc       ?AddRef@?$CComObject@VCOPOSRemoteOrderDisplay@@@ATL@@WKI@AGKXZ 100018fc f i RemoteOrderDisplay.obj
 0001:00000909       ?Release@?$CComObject@VCOPOSRemoteOrderDisplay@@@ATL@@WKI@AGKXZ 10001909 f i RemoteOrderDisplay.obj
 0001:00000916       ?AddRef@?$CComObject@VCOPOSRemoteOrderDisplay@@@ATL@@WLE@AGKXZ 10001916 f i RemoteOrderDisplay.obj
 0001:00000923       ?Release@?$CComObject@VCOPOSRemoteOrderDisplay@@@ATL@@WLE@AGKXZ 10001923 f i RemoteOrderDisplay.obj
 0001:00000930       ??_E?$CComContainedObject@VCOPOSRemoteOrderDisplay@@@ATL@@W3AEPAXI@Z 10001930 f i RemoteOrderDisplay.obj
 0001:00000938       ??_E?$CComContainedObject@VCOPOSRemoteOrderDisplay@@@ATL@@WEM@AEPAXI@Z 10001938 f i RemoteOrderDisplay.obj
 0001:00000940       ?QueryInterface@?$CComContainedObject@VCOPOSRemoteOrderDisplay@@@ATL@@WHA@AGJABU_GUID@@PAPAX@Z 10001940 f i RemoteOrderDisplay.obj
 0001:0000094a       ?AddRef@?$CComContainedObject@VCOPOSRemoteOrderDisplay@@@ATL@@WHA@AGKXZ 1000194a f i RemoteOrderDisplay.obj
 0001:00000954       ?Release@?$CComContainedObject@VCOPOSRemoteOrderDisplay@@@ATL@@WHA@AGKXZ 10001954 f i RemoteOrderDisplay.obj
 0001:0000095e       ?QueryInterface@?$CComContainedObject@VCOPOSRemoteOrderDisplay@@@ATL@@WHE@AGJABU_GUID@@PAPAX@Z 1000195e f i RemoteOrderDisplay.obj
 0001:00000968       ?AddRef@?$CComContainedObject@VCOPOSRemoteOrderDisplay@@@ATL@@WHE@AGKXZ 10001968 f i RemoteOrderDisplay.obj
 0001:00000972       ?Release@?$CComContainedObject@VCOPOSRemoteOrderDisplay@@@ATL@@WHE@AGKXZ 10001972 f i RemoteOrderDisplay.obj
 0001:0000097c       ?QueryInterface@?$CComContainedObject@VCOPOSRemoteOrderDisplay@@@ATL@@WHI@AGJABU_GUID@@PAPAX@Z 1000197c f i RemoteOrderDisplay.obj
 0001:00000986       ?AddRef@?$CComContainedObject@VCOPOSRemoteOrderDisplay@@@ATL@@WHI@AGKXZ 10001986 f i RemoteOrderDisplay.obj
 0001:00000990       ?Release@?$CComContainedObject@VCOPOSRemoteOrderDisplay@@@ATL@@WHI@AGKXZ 10001990 f i RemoteOrderDisplay.obj
 0001:0000099a       ?QueryInterface@?$CComContainedObject@VCOPOSRemoteOrderDisplay@@@ATL@@WHM@AGJABU_GUID@@PAPAX@Z 1000199a f i RemoteOrderDisplay.obj
 0001:000009a4       ?AddRef@?$CComContainedObject@VCOPOSRemoteOrderDisplay@@@ATL@@WHM@AGKXZ 100019a4 f i RemoteOrderDisplay.obj
 0001:000009ae       ?Release@?$CComContainedObject@VCOPOSRemoteOrderDisplay@@@ATL@@WHM@AGKXZ 100019ae f i RemoteOrderDisplay.obj
 0001:000009b8       ?QueryInterface@?$CComContainedObject@VCOPOSRemoteOrderDisplay@@@ATL@@WIA@AGJABU_GUID@@PAPAX@Z 100019b8 f i RemoteOrderDisplay.obj
 0001:000009c5       ?AddRef@?$CComContainedObject@VCOPOSRemoteOrderDisplay@@@ATL@@WIA@AGKXZ 100019c5 f i RemoteOrderDisplay.obj
 0001:000009d2       ?Release@?$CComContainedObject@VCOPOSRemoteOrderDisplay@@@ATL@@WIA@AGKXZ 100019d2 f i RemoteOrderDisplay.obj
 0001:000009df       ?QueryInterface@?$CComContainedObject@VCOPOSRemoteOrderDisplay@@@ATL@@WIE@AGJABU_GUID@@PAPAX@Z 100019df f i RemoteOrderDisplay.obj
 0001:000009ec       ?AddRef@?$CComContainedObject@VCOPOSRemoteOrderDisplay@@@ATL@@WIE@AGKXZ 100019ec f i RemoteOrderDisplay.obj
 0001:000009f9       ?Release@?$CComContainedObject@VCOPOSRemoteOrderDisplay@@@ATL@@WIE@AGKXZ 100019f9 f i RemoteOrderDisplay.obj
 0001:00000a06       ?QueryInterface@?$CComContainedObject@VCOPOSRemoteOrderDisplay@@@ATL@@WII@AGJABU_GUID@@PAPAX@Z 10001a06 f i RemoteOrderDisplay.obj
 0001:00000a13       ?AddRef@?$CComContainedObject@VCOPOSRemoteOrderDisplay@@@ATL@@WII@AGKXZ 10001a13 f i RemoteOrderDisplay.obj
 0001:00000a20       ?Release@?$CComContainedObject@VCOPOSRemoteOrderDisplay@@@ATL@@WII@AGKXZ 10001a20 f i RemoteOrderDisplay.obj
 0001:00000a2d       ?QueryInterface@?$CComContainedObject@VCOPOSRemoteOrderDisplay@@@ATL@@WIM@AGJABU_GUID@@PAPAX@Z 10001a2d f i RemoteOrderDisplay.obj
 0001:00000a3a       ?AddRef@?$CComContainedObject@VCOPOSRemoteOrderDisplay@@@ATL@@WIM@AGKXZ 10001a3a f i RemoteOrderDisplay.obj
 0001:00000a47       ?Release@?$CComContainedObject@VCOPOSRemoteOrderDisplay@@@ATL@@WIM@AGKXZ 10001a47 f i RemoteOrderDisplay.obj
 0001:00000a54       ?QueryInterface@?$CComContainedObject@VCOPOSRemoteOrderDisplay@@@ATL@@WJA@AGJABU_GUID@@PAPAX@Z 10001a54 f i RemoteOrderDisplay.obj
 0001:00000a61       ?AddRef@?$CComContainedObject@VCOPOSRemoteOrderDisplay@@@ATL@@WJA@AGKXZ 10001a61 f i RemoteOrderDisplay.obj
 0001:00000a6e       ?Release@?$CComContainedObject@VCOPOSRemoteOrderDisplay@@@ATL@@WJA@AGKXZ 10001a6e f i RemoteOrderDisplay.obj
 0001:00000a7b       ?QueryInterface@?$CComContainedObject@VCOPOSRemoteOrderDisplay@@@ATL@@WJE@AGJABU_GUID@@PAPAX@Z 10001a7b f i RemoteOrderDisplay.obj
 0001:00000a88       ?AddRef@?$CComContainedObject@VCOPOSRemoteOrderDisplay@@@ATL@@WJE@AGKXZ 10001a88 f i RemoteOrderDisplay.obj
 0001:00000a95       ?Release@?$CComContainedObject@VCOPOSRemoteOrderDisplay@@@ATL@@WJE@AGKXZ 10001a95 f i RemoteOrderDisplay.obj
 0001:00000aa2       ?QueryInterface@?$CComContainedObject@VCOPOSRemoteOrderDisplay@@@ATL@@WJI@AGJABU_GUID@@PAPAX@Z 10001aa2 f i RemoteOrderDisplay.obj
 0001:00000aaf       ?AddRef@?$CComContainedObject@VCOPOSRemoteOrderDisplay@@@ATL@@WJI@AGKXZ 10001aaf f i RemoteOrderDisplay.obj
 0001:00000abc       ?Release@?$CComContainedObject@VCOPOSRemoteOrderDisplay@@@ATL@@WJI@AGKXZ 10001abc f i RemoteOrderDisplay.obj
 0001:00000ac9       ?QueryInterface@?$CComContainedObject@VCOPOSRemoteOrderDisplay@@@ATL@@WJM@AGJABU_GUID@@PAPAX@Z 10001ac9 f i RemoteOrderDisplay.obj
 0001:00000ad6       ?AddRef@?$CComContainedObject@VCOPOSRemoteOrderDisplay@@@ATL@@WJM@AGKXZ 10001ad6 f i RemoteOrderDisplay.obj
 0001:00000ae3       ?Release@?$CComContainedObject@VCOPOSRemoteOrderDisplay@@@ATL@@WJM@AGKXZ 10001ae3 f i RemoteOrderDisplay.obj
 0001:00000af0       ?QueryInterface@?$CComContainedObject@VCOPOSRemoteOrderDisplay@@@ATL@@WKA@AGJABU_GUID@@PAPAX@Z 10001af0 f i RemoteOrderDisplay.obj
 0001:00000afd       ?AddRef@?$CComContainedObject@VCOPOSRemoteOrderDisplay@@@ATL@@WKA@AGKXZ 10001afd f i RemoteOrderDisplay.obj
 0001:00000b0a       ?Release@?$CComContainedObject@VCOPOSRemoteOrderDisplay@@@ATL@@WKA@AGKXZ 10001b0a f i RemoteOrderDisplay.obj
 0001:00000b17       ?AddRef@?$CComContainedObject@VCOPOSRemoteOrderDisplay@@@ATL@@WKI@AGKXZ 10001b17 f i RemoteOrderDisplay.obj
 0001:00000b24       ?Release@?$CComContainedObject@VCOPOSRemoteOrderDisplay@@@ATL@@WKI@AGKXZ 10001b24 f i RemoteOrderDisplay.obj
 0001:00000b31       ?AddRef@?$CComContainedObject@VCOPOSRemoteOrderDisplay@@@ATL@@WLE@AGKXZ 10001b31 f i RemoteOrderDisplay.obj
 0001:00000b3e       ?Release@?$CComContainedObject@VCOPOSRemoteOrderDisplay@@@ATL@@WLE@AGKXZ 10001b3e f i RemoteOrderDisplay.obj
 0001:00000b4b       ?GetWindowProc@?$CWindowImplBaseT@VCWindow@ATL@@V?$CWinTraits@$0FGAAAAAA@$0A@@2@@ATL@@UAEP6GJPAUHWND__@@IIJ@ZXZ 10001b4b f i RemoteOrderDisplay.obj
 0001:00000b51       ?StartWindowProc@?$CWindowImplBaseT@VCWindow@ATL@@V?$CWinTraits@$0FGAAAAAA@$0A@@2@@ATL@@SGJPAUHWND__@@IIJ@Z 10001b51 f i RemoteOrderDisplay.obj
 0001:00000ba5       ?ObjectMain@CComObjectRootBase@ATL@@SGX_N@Z 10001ba5 f i RemoteOrderDisplay.obj
 0001:00000ba5       ?OnFinalMessage@?$CWindowImplBaseT@VCWindow@ATL@@V?$CWinTraits@$0FGAAAAAA@$0A@@2@@ATL@@UAEXPAUHWND__@@@Z 10001ba5 f i RemoteOrderDisplay.obj
 0001:00000ba8       ?GetTypeInfoCount@?$IDispatchImpl@UIOPOSRemoteOrderDisplay@@$1?IID_IOPOSRemoteOrderDisplay@@3U_GUID@@B$1?LIBID_OposRemoteOrderDisplay_CCO@@3U3@B$00$0A@VCComTypeInfoHolder@ATL@@@ATL@@UAGJPAI@Z 10001ba8 f i RemoteOrderDisplay.obj
 0001:00000bc5       ?GetTypeInfo@?$IDispatchImpl@UIOPOSRemoteOrderDisplay@@$1?IID_IOPOSRemoteOrderDisplay@@3U_GUID@@B$1?LIBID_OposRemoteOrderDisplay_CCO@@3U3@B$00$0A@VCComTypeInfoHolder@ATL@@@ATL@@UAGJIKPAPAUITypeInfo@@@Z 10001bc5 f i RemoteOrderDisplay.obj
 0001:00000be9       ?GetIDsOfNames@?$IDispatchImpl@UIOPOSRemoteOrderDisplay@@$1?IID_IOPOSRemoteOrderDisplay@@3U_GUID@@B$1?LIBID_OposRemoteOrderDisplay_CCO@@3U3@B$00$0A@VCComTypeInfoHolder@ATL@@@ATL@@UAGJABU_GUID@@PAPA_WIKPAJ@Z 10001be9 f i RemoteOrderDisplay.obj
 0001:00000c09       ?Invoke@?$IDispatchImpl@UIOPOSRemoteOrderDisplay@@$1?IID_IOPOSRemoteOrderDisplay@@3U_GUID@@B$1?LIBID_OposRemoteOrderDisplay_CCO@@3U3@B$00$0A@VCComTypeInfoHolder@ATL@@@ATL@@UAGJJABU_GUID@@KGPAUtagDISPPARAMS@@PAUtagVARIANT@@PAUtagEXCEPINFO@@PAI@Z 10001c09 f i RemoteOrderDisplay.obj
 0001:00000c17       ?CreateControlWindow@?$CComControl@VCOPOSRemoteOrderDisplay@@V?$CWindowImpl@VCOPOSRemoteOrderDisplay@@VCWindow@ATL@@V?$CWinTraits@$0FGAAAAAA@$0A@@3@@ATL@@@ATL@@UAEPAUHWND__@@PAU3@AAUtagRECT@@@Z 10001c17 f i RemoteOrderDisplay.obj
 0001:00000c46       ?ControlQueryInterface@?$CComControl@VCOPOSRemoteOrderDisplay@@V?$CWindowImpl@VCOPOSRemoteOrderDisplay@@VCWindow@ATL@@V?$CWinTraits@$0FGAAAAAA@$0A@@3@@ATL@@@ATL@@UAEJABU_GUID@@PAPAX@Z 10001c46 f i RemoteOrderDisplay.obj
 0001:00000c61       ?GetClassID@?$IPersistStorageImpl@VCOPOSRemoteOrderDisplay@@@ATL@@UAGJPAU_GUID@@@Z 10001c61 f i RemoteOrderDisplay.obj
 0001:00000c61       ?GetClassID@?$IPersistStreamInitImpl@VCOPOSRemoteOrderDisplay@@@ATL@@UAGJPAU_GUID@@@Z 10001c61 f i RemoteOrderDisplay.obj
 0001:00000c61       ?GetUserClassID@?$IOleObjectImpl@VCOPOSRemoteOrderDisplay@@@ATL@@UAGJPAU_GUID@@@Z 10001c61 f i RemoteOrderDisplay.obj
 0001:00000c85       ?IsDirty@?$IPersistStreamInitImpl@VCOPOSRemoteOrderDisplay@@@ATL@@UAGJXZ 10001c85 f i RemoteOrderDisplay.obj
 0001:00000ca4       ?Load@?$IPersistStreamInitImpl@VCOPOSRemoteOrderDisplay@@@ATL@@UAGJPAUIStream@@@Z 10001ca4 f i RemoteOrderDisplay.obj
 0001:00000cc3       ?Save@?$IPersistStreamInitImpl@VCOPOSRemoteOrderDisplay@@@ATL@@UAGJPAUIStream@@H@Z 10001cc3 f i RemoteOrderDisplay.obj
 0001:00000ce5       ?GetSizeMax@?$IPersistStreamInitImpl@VCOPOSRemoteOrderDisplay@@@ATL@@UAGJPAT_ULARGE_INTEGER@@@Z 10001ce5 f i RemoteOrderDisplay.obj
 0001:00000ec4       ?InitNew@?$IPersistStreamInitImpl@VCOPOSRemoteOrderDisplay@@@ATL@@UAGJXZ 10001ec4 f i RemoteOrderDisplay.obj
 0001:00000ee1       ?OnMnemonic@?$IOleControlImpl@VCOPOSRemoteOrderDisplay@@@ATL@@UAGJPAUtagMSG@@@Z 10001ee1 f i RemoteOrderDisplay.obj
 0001:00000ee1       ?SetColorScheme@?$IOleObjectImpl@VCOPOSRemoteOrderDisplay@@@ATL@@UAGJPAUtagLOGPALETTE@@@Z 10001ee1 f i RemoteOrderDisplay.obj
 0001:00000ee1       ?Unfreeze@?$IViewObjectExImpl@VCOPOSRemoteOrderDisplay@@@ATL@@UAGJK@Z 10001ee1 f i RemoteOrderDisplay.obj
 0001:00000ee1       ?GetDropTarget@?$IOleInPlaceObjectWindowlessImpl@VCOPOSRemoteOrderDisplay@@@ATL@@UAGJPAPAUIDropTarget@@@Z 10001ee1 f i RemoteOrderDisplay.obj
 0001:00000ee1       ?QueryGetData@?$IDataObjectImpl@VCOPOSRemoteOrderDisplay@@@ATL@@UAGJPAUtagFORMATETC@@@Z 10001ee1 f i RemoteOrderDisplay.obj
 0001:00000ee1       ?ContextSensitiveHelp@?$IOleInPlaceActiveObjectImpl@VCOPOSRemoteOrderDisplay@@@ATL@@UAGJH@Z 10001ee1 f i RemoteOrderDisplay.obj
 0001:00000ee1       ?GetControlInfo@?$IOleControlImpl@VCOPOSRemoteOrderDisplay@@@ATL@@UAGJPAUtagCONTROLINFO@@@Z 10001ee1 f i RemoteOrderDisplay.obj
 0001:00000ee1       ?ContextSensitiveHelp@?$IOleInPlaceObjectWindowlessImpl@VCOPOSRemoteOrderDisplay@@@ATL@@UAGJH@Z 10001ee1 f i RemoteOrderDisplay.obj
 0001:00000ee9       ?SaveCompleted@?$IPersistStorageImpl@VCOPOSRemoteOrderDisplay@@@ATL@@UAGJPAUIStorage@@@Z 10001ee9 f i RemoteOrderDisplay.obj
 0001:00000ee9       ?EnableModeless@?$IOleInPlaceActiveObjectImpl@VCOPOSRemoteOrderDisplay@@@ATL@@UAGJH@Z 10001ee9 f i RemoteOrderDisplay.obj
 0001:00000ee9       ?OnFrameWindowActivate@?$IOleInPlaceActiveObjectImpl@VCOPOSRemoteOrderDisplay@@@ATL@@UAGJH@Z 10001ee9 f i RemoteOrderDisplay.obj
 0001:00000ee9       ?OnAmbientPropertyChange@?$IOleControlImpl@VCOPOSRemoteOrderDisplay@@@ATL@@UAGJJ@Z 10001ee9 f i RemoteOrderDisplay.obj
 0001:00000eee       ?SetClientSite@?$IOleObjectImpl@VCOPOSRemoteOrderDisplay@@@ATL@@UAGJPAUIOleClientSite@@@Z 10001eee f i RemoteOrderDisplay.obj
 0001:00000f0b       ?GetClientSite@?$IOleObjectImpl@VCOPOSRemoteOrderDisplay@@@ATL@@UAGJPAPAUIOleClientSite@@@Z 10001f0b f i RemoteOrderDisplay.obj
 0001:00000f28       ?SetHostNames@?$IOleObjectImpl@VCOPOSRemoteOrderDisplay@@@ATL@@UAGJPB_W0@Z 10001f28 f i RemoteOrderDisplay.obj
 0001:00000f2d       ?Close@?$IOleObjectImpl@VCOPOSRemoteOrderDisplay@@@ATL@@UAGJK@Z 10001f2d f i RemoteOrderDisplay.obj
 0001:00000f4a       ?GetClipboardData@?$IOleObjectImpl@VCOPOSRemoteOrderDisplay@@@ATL@@UAGJKPAPAUIDataObject@@@Z 10001f4a f i RemoteOrderDisplay.obj
 0001:00000f4a       ?GetCanonicalFormatEtc@?$IDataObjectImpl@VCOPOSRemoteOrderDisplay@@@ATL@@UAGJPAUtagFORMATETC@@0@Z 10001f4a f i RemoteOrderDisplay.obj
 0001:00000f4a       ?GetRect@?$IViewObjectExImpl@VCOPOSRemoteOrderDisplay@@@ATL@@UAGJKPAU_RECTL@@@Z 10001f4a f i RemoteOrderDisplay.obj
 0001:00000f4a       ?QueryInterface@CRegObject@ATL@@UAGJABU_GUID@@PAPAX@Z 10001f4a f i RemoteOrderDisplay.obj
 0001:00000f4a       ?SetMoniker@?$IOleObjectImpl@VCOPOSRemoteOrderDisplay@@@ATL@@UAGJKPAUIMoniker@@@Z 10001f4a f i RemoteOrderDisplay.obj
 0001:00000f4a       ?EnumFormatEtc@?$IDataObjectImpl@VCOPOSRemoteOrderDisplay@@@ATL@@UAGJKPAPAUIEnumFORMATETC@@@Z 10001f4a f i RemoteOrderDisplay.obj
 0001:00000f4a       ?GetDataHere@?$IDataObjectImpl@VCOPOSRemoteOrderDisplay@@@ATL@@UAGJPAUtagFORMATETC@@PAUtagSTGMEDIUM@@@Z 10001f4a f i RemoteOrderDisplay.obj
 0001:00000f52       ?SetData@?$IDataObjectImpl@VCOPOSRemoteOrderDisplay@@@ATL@@UAGJPAUtagFORMATETC@@PAUtagSTGMEDIUM@@H@Z 10001f52 f i RemoteOrderDisplay.obj
 0001:00000f52       ?InitFromData@?$IOleObjectImpl@VCOPOSRemoteOrderDisplay@@@ATL@@UAGJPAUIDataObject@@HK@Z 10001f52 f i RemoteOrderDisplay.obj
 0001:00000f52       ?GetMoniker@?$IOleObjectImpl@VCOPOSRemoteOrderDisplay@@@ATL@@UAGJKKPAPAUIMoniker@@@Z 10001f52 f i RemoteOrderDisplay.obj
 0001:00000f5a       ?DoVerb@?$IOleObjectImpl@VCOPOSRemoteOrderDisplay@@@ATL@@UAGJJPAUtagMSG@@PAUIOleClientSite@@JPAUHWND__@@PBUtagRECT@@@Z 10001f5a f i RemoteOrderDisplay.obj
 0001:0000104e       ?EnumVerbs@?$IOleObjectImpl@VCOPOSRemoteOrderDisplay@@@ATL@@UAGJPAPAUIEnumOLEVERB@@@Z 1000204e f i RemoteOrderDisplay.obj
 0001:00001070       ?Release@CRegObject@ATL@@UAGKXZ 10002070 f i RemoteOrderDisplay.obj
 0001:00001070       ?Update@?$IOleObjectImpl@VCOPOSRemoteOrderDisplay@@@ATL@@UAGJXZ 10002070 f i RemoteOrderDisplay.obj
 0001:00001070       ?IsUpToDate@?$IOleObjectImpl@VCOPOSRemoteOrderDisplay@@@ATL@@UAGJXZ 10002070 f i RemoteOrderDisplay.obj
 0001:00001070       ?HandsOffStorage@?$IPersistStorageImpl@VCOPOSRemoteOrderDisplay@@@ATL@@UAGJXZ 10002070 f i RemoteOrderDisplay.obj
 0001:00001075       ?GetUserType@?$IOleObjectImpl@VCOPOSRemoteOrderDisplay@@@ATL@@UAGJKPAPA_W@Z 10002075 f i RemoteOrderDisplay.obj
 0001:0000108d       ?SetExtent@?$IOleObjectImpl@VCOPOSRemoteOrderDisplay@@@ATL@@UAGJKPAUtagSIZE@@@Z 1000208d f i RemoteOrderDisplay.obj
 0001:000010ad       ?GetExtent@?$IOleObjectImpl@VCOPOSRemoteOrderDisplay@@@ATL@@UAGJKPAUtagSIZE@@@Z 100020ad f i RemoteOrderDisplay.obj
 0001:000010eb       ?Advise@?$IOleObjectImpl@VCOPOSRemoteOrderDisplay@@@ATL@@UAGJPAUIAdviseSink@@PAK@Z 100020eb f i RemoteOrderDisplay.obj
 0001:0000110b       ?Unadvise@?$IOleObjectImpl@VCOPOSRemoteOrderDisplay@@@ATL@@UAGJK@Z 1000210b f i RemoteOrderDisplay.obj
 0001:0000113a       ?EnumAdvise@?$IOleObjectImpl@VCOPOSRemoteOrderDisplay@@@ATL@@UAGJPAPAUIEnumSTATDATA@@@Z 1000213a f i RemoteOrderDisplay.obj
 0001:0000117a       ?GetMiscStatus@?$IOleObjectImpl@VCOPOSRemoteOrderDisplay@@@ATL@@UAGJKPAK@Z 1000217a f i RemoteOrderDisplay.obj
 0001:00001192       ?GetWindow@?$IOleInPlaceActiveObjectImpl@VCOPOSRemoteOrderDisplay@@@ATL@@UAGJPAPAUHWND__@@@Z 10002192 f i RemoteOrderDisplay.obj
 0001:000011df       ?TranslateAcceleratorW@?$IOleInPlaceActiveObjectImpl@VCOPOSRemoteOrderDisplay@@@ATL@@UAGJPAUtagMSG@@@Z 100021df f i RemoteOrderDisplay.obj
 0001:0000128d       ?OnDocWindowActivate@?$IOleInPlaceActiveObjectImpl@VCOPOSRemoteOrderDisplay@@@ATL@@UAGJH@Z 1000228d f i RemoteOrderDisplay.obj
 0001:000012af       ?ResizeBorder@?$IOleInPlaceActiveObjectImpl@VCOPOSRemoteOrderDisplay@@@ATL@@UAGJPBUtagRECT@@PAUIOleInPlaceUIWindow@@H@Z 100022af f i RemoteOrderDisplay.obj
 0001:000012b4       ?Draw@?$IViewObjectExImpl@VCOPOSRemoteOrderDisplay@@@ATL@@UAGJKJPAXPAUtagDVTARGETDEVICE@@PAUHDC__@@2PBU_RECTL@@3P6GHK@ZK@Z 100022b4 f i RemoteOrderDisplay.obj
 0001:000012e6       ?GetColorSet@?$IViewObjectExImpl@VCOPOSRemoteOrderDisplay@@@ATL@@UAGJKJPAXPAUtagDVTARGETDEVICE@@PAUHDC__@@PAPAUtagLOGPALETTE@@@Z 100022e6 f i RemoteOrderDisplay.obj
 0001:000012ee       ?Freeze@?$IViewObjectExImpl@VCOPOSRemoteOrderDisplay@@@ATL@@UAGJKJPAXPAK@Z 100022ee f i RemoteOrderDisplay.obj
 0001:000012f6       ?SetAdvise@?$IViewObjectExImpl@VCOPOSRemoteOrderDisplay@@@ATL@@UAGJKKPAUIAdviseSink@@@Z 100022f6 f i RemoteOrderDisplay.obj
 0001:00001315       ?GetAdvise@?$IViewObjectExImpl@VCOPOSRemoteOrderDisplay@@@ATL@@UAGJPAK0PAPAUIAdviseSink@@@Z 10002315 f i RemoteOrderDisplay.obj
 0001:0000134a       ?GetExtent@?$IViewObjectExImpl@VCOPOSRemoteOrderDisplay@@@ATL@@UAGJKJPAUtagDVTARGETDEVICE@@PAUtagSIZE@@@Z 1000234a f i RemoteOrderDisplay.obj
 0001:0000137b       ?GetViewStatus@?$IViewObjectExImpl@VCOPOSRemoteOrderDisplay@@@ATL@@UAGJPAK@Z 1000237b f i RemoteOrderDisplay.obj
 0001:00001398       ?QueryHitPoint@?$IViewObjectExImpl@VCOPOSRemoteOrderDisplay@@@ATL@@UAGJKPBUtagRECT@@UtagPOINT@@JPAK@Z 10002398 f i RemoteOrderDisplay.obj
 0001:000013d9       ?QueryHitRect@?$IViewObjectExImpl@VCOPOSRemoteOrderDisplay@@@ATL@@UAGJKPBUtagRECT@@0JPAK@Z 100023d9 f i RemoteOrderDisplay.obj
 0001:00001434       ?GetNaturalExtent@?$IViewObjectExImpl@VCOPOSRemoteOrderDisplay@@@ATL@@UAGJKJPAUtagDVTARGETDEVICE@@PAUHDC__@@PAUtagExtentInfo@@PAUtagSIZE@@@Z 10002434 f i RemoteOrderDisplay.obj
 0001:0000147f       ?GetWindow@?$IOleInPlaceObjectWindowlessImpl@VCOPOSRemoteOrderDisplay@@@ATL@@UAGJPAPAUHWND__@@@Z 1000247f f i RemoteOrderDisplay.obj
 0001:000014cc       ?InPlaceDeactivate@?$IOleInPlaceObjectWindowlessImpl@VCOPOSRemoteOrderDisplay@@@ATL@@UAGJXZ 100024cc f i RemoteOrderDisplay.obj
 0001:000014e6       ?UIDeactivate@?$IOleInPlaceObjectWindowlessImpl@VCOPOSRemoteOrderDisplay@@@ATL@@UAGJXZ 100024e6 f i RemoteOrderDisplay.obj
 0001:00001500       ?SetObjectRects@?$IOleInPlaceObjectWindowlessImpl@VCOPOSRemoteOrderDisplay@@@ATL@@UAGJPBUtagRECT@@0@Z 10002500 f i RemoteOrderDisplay.obj
 0001:00001520       ?ReactivateAndUndo@?$IOleInPlaceObjectWindowlessImpl@VCOPOSRemoteOrderDisplay@@@ATL@@UAGJXZ 10002520 f i RemoteOrderDisplay.obj
 0001:00001528       ?OnWindowMessage@?$IOleInPlaceObjectWindowlessImpl@VCOPOSRemoteOrderDisplay@@@ATL@@UAGJIIJPAJ@Z 10002528 f i RemoteOrderDisplay.obj
 0001:00001598       ?EnumConnectionPoints@?$IConnectionPointContainerImpl@VCOPOSRemoteOrderDisplay@@@ATL@@UAGJPAPAUIEnumConnectionPoints@@@Z 10002598 f i RemoteOrderDisplay.obj
 0001:00001724       ?FindConnectionPoint@?$IConnectionPointContainerImpl@VCOPOSRemoteOrderDisplay@@@ATL@@UAGJABU_GUID@@PAPAUIConnectionPoint@@@Z 10002724 f i RemoteOrderDisplay.obj
 0001:000017c7       ?IsDirty@?$IPersistStorageImpl@VCOPOSRemoteOrderDisplay@@@ATL@@UAGJXZ 100027c7 f i RemoteOrderDisplay.obj
 0001:000017f7       ?InitNew@?$IPersistStorageImpl@VCOPOSRemoteOrderDisplay@@@ATL@@UAGJPAUIStorage@@@Z 100027f7 f i RemoteOrderDisplay.obj
 0001:00001827       ?Load@?$IPersistStorageImpl@VCOPOSRemoteOrderDisplay@@@ATL@@UAGJPAUIStorage@@@Z 10002827 f i RemoteOrderDisplay.obj
 0001:00001893       ?Save@?$IPersistStorageImpl@VCOPOSRemoteOrderDisplay@@@ATL@@UAGJPAUIStorage@@H@Z 10002893 f i RemoteOrderDisplay.obj
 0001:00001906       ?GetPages@?$ISpecifyPropertyPagesImpl@VCOPOSRemoteOrderDisplay@@@ATL@@UAGJPAUtagCAUUID@@@Z 10002906 f i RemoteOrderDisplay.obj
 0001:0000191d       ?QuickActivate@?$IQuickActivateImpl@VCOPOSRemoteOrderDisplay@@@ATL@@UAGJPAUtagQACONTAINER@@PAUtagQACONTROL@@@Z 1000291d f i RemoteOrderDisplay.obj
 0001:00001940       ?SetContentExtent@?$IQuickActivateImpl@VCOPOSRemoteOrderDisplay@@@ATL@@UAGJPAUtagSIZE@@@Z 10002940 f i RemoteOrderDisplay.obj
 0001:0000196c       ?GetContentExtent@?$IQuickActivateImpl@VCOPOSRemoteOrderDisplay@@@ATL@@UAGJPAUtagSIZE@@@Z 1000296c f i RemoteOrderDisplay.obj
 0001:000019a6       ?GetData@?$IDataObjectImpl@VCOPOSRemoteOrderDisplay@@@ATL@@UAGJPAUtagFORMATETC@@PAUtagSTGMEDIUM@@@Z 100029a6 f i RemoteOrderDisplay.obj
 0001:000019c9       ?DAdvise@?$IDataObjectImpl@VCOPOSRemoteOrderDisplay@@@ATL@@UAGJPAUtagFORMATETC@@KPAUIAdviseSink@@PAK@Z 100029c9 f i RemoteOrderDisplay.obj
 0001:00001a0a       ?DUnadvise@?$IDataObjectImpl@VCOPOSRemoteOrderDisplay@@@ATL@@UAGJK@Z 10002a0a f i RemoteOrderDisplay.obj
 0001:00001a38       ?EnumDAdvise@?$IDataObjectImpl@VCOPOSRemoteOrderDisplay@@@ATL@@UAGJPAPAUIEnumSTATDATA@@@Z 10002a38 f i RemoteOrderDisplay.obj
 0001:00001a77       ?GetClassInfoW@?$IProvideClassInfo2Impl@$1?CLSID_OPOSRemoteOrderDisplay@@3U_GUID@@B$1?DIID__IOPOSRemoteOrderDisplayEvents@@3U2@B$1?LIBID_OposRemoteOrderDisplay_CCO@@3U2@B$00$0A@VCComTypeInfoHolder@ATL@@@ATL@@UAGJPAPAUITypeInfo@@@Z 10002a77 f i RemoteOrderDisplay.obj
 0001:00001a8d       ?GetGUID@?$IProvideClassInfo2Impl@$1?CLSID_OPOSRemoteOrderDisplay@@3U_GUID@@B$1?DIID__IOPOSRemoteOrderDisplayEvents@@3U2@B$1?LIBID_OposRemoteOrderDisplay_CCO@@3U2@B$00$0A@VCComTypeInfoHolder@ATL@@@ATL@@UAGJKPAU_GUID@@@Z 10002a8d f i RemoteOrderDisplay.obj
 0001:00001acb       __get_startup_argv_mode    10002acb f i LIBCMT:argv_mode.obj
 0001:00001acb       ?FAccessAllowed@?$IObjectSafetyImpl@VCOPOSRemoteOrderDisplay@@$02@ATL@@MAEHXZ 10002acb f i RemoteOrderDisplay.obj
 0001:00001acf       ?GetInterfaceSafetyOptions@?$IObjectSafetyImpl@VCOPOSRemoteOrderDisplay@@$02@ATL@@UAGJABU_GUID@@PAK1@Z 10002acf f i RemoteOrderDisplay.obj
 0001:00001b43       ?SetInterfaceSafetyOptions@?$IObjectSafetyImpl@VCOPOSRemoteOrderDisplay@@$02@ATL@@UAGJABU_GUID@@KK@Z 10002b43 f i RemoteOrderDisplay.obj
 0001:00001bbd       ?_LocCPQueryInterface@?$IConnectionPointImpl@VCOPOSRemoteOrderDisplay@@$1?DIID__IOPOSRemoteOrderDisplayEvents@@3U_GUID@@BVCComDynamicUnkArray@ATL@@@ATL@@UAGJABU_GUID@@PAPAX@Z 10002bbd f i RemoteOrderDisplay.obj
 0001:00001bbd       ?_LocCPQueryInterface@?$IConnectionPointImpl@VCOPOSRemoteOrderDisplay@@$1?IID_IPropertyNotifySink@@3U_GUID@@BVCComDynamicUnkArray@ATL@@@ATL@@UAGJABU_GUID@@PAPAX@Z 10002bbd f i RemoteOrderDisplay.obj
 0001:00001c0a       ?GetConnectionInterface@?$IConnectionPointImpl@VCOPOSRemoteOrderDisplay@@$1?IID_IPropertyNotifySink@@3U_GUID@@BVCComDynamicUnkArray@ATL@@@ATL@@UAGJPAU_GUID@@@Z 10002c0a f i RemoteOrderDisplay.obj
 0001:00001c2e       ?GetConnectionPointContainer@?$IConnectionPointImpl@VCOPOSRemoteOrderDisplay@@$1?IID_IPropertyNotifySink@@3U_GUID@@BVCComDynamicUnkArray@ATL@@@ATL@@UAGJPAPAUIConnectionPointContainer@@@Z 10002c2e f i RemoteOrderDisplay.obj
 0001:00001c51       ?Advise@?$IConnectionPointImpl@VCOPOSRemoteOrderDisplay@@$1?IID_IPropertyNotifySink@@3U_GUID@@BVCComDynamicUnkArray@ATL@@@ATL@@UAGJPAUIUnknown@@PAK@Z 10002c51 f i RemoteOrderDisplay.obj
 0001:00001c51       ?Advise@?$IConnectionPointImpl@VCOPOSRemoteOrderDisplay@@$1?DIID__IOPOSRemoteOrderDisplayEvents@@3U_GUID@@BVCComDynamicUnkArray@ATL@@@ATL@@UAGJPAUIUnknown@@PAK@Z 10002c51 f i RemoteOrderDisplay.obj
 0001:00001cf1       ?Unadvise@?$IConnectionPointImpl@VCOPOSRemoteOrderDisplay@@$1?DIID__IOPOSRemoteOrderDisplayEvents@@3U_GUID@@BVCComDynamicUnkArray@ATL@@@ATL@@UAGJK@Z 10002cf1 f i RemoteOrderDisplay.obj
 0001:00001cf1       ?Unadvise@?$IConnectionPointImpl@VCOPOSRemoteOrderDisplay@@$1?IID_IPropertyNotifySink@@3U_GUID@@BVCComDynamicUnkArray@ATL@@@ATL@@UAGJK@Z 10002cf1 f i RemoteOrderDisplay.obj
 0001:00001d31       ?EnumConnections@?$IConnectionPointImpl@VCOPOSRemoteOrderDisplay@@$1?IID_IPropertyNotifySink@@3U_GUID@@BVCComDynamicUnkArray@ATL@@@ATL@@UAGJPAPAUIEnumConnections@@@Z 10002d31 f i RemoteOrderDisplay.obj
 0001:00001d31       ?EnumConnections@?$IConnectionPointImpl@VCOPOSRemoteOrderDisplay@@$1?DIID__IOPOSRemoteOrderDisplayEvents@@3U_GUID@@BVCComDynamicUnkArray@ATL@@@ATL@@UAGJPAPAUIEnumConnections@@@Z 10002d31 f i RemoteOrderDisplay.obj
 0001:00001e2c       ?GetObjectDescription@?$CComCoClass@VCOPOSRemoteOrderDisplay@@$1?CLSID_OPOSRemoteOrderDisplay@@3U_GUID@@B@ATL@@SGPB_WXZ 10002e2c f i RemoteOrderDisplay.obj
 0001:00001e2c       ?GetCategoryMap@CComObjectRootBase@ATL@@SAPBU_ATL_CATMAP_ENTRY@2@XZ 10002e2c f i RemoteOrderDisplay.obj
 0001:00001e2f       ?GetConnectionInterface@?$IConnectionPointImpl@VCOPOSRemoteOrderDisplay@@$1?DIID__IOPOSRemoteOrderDisplayEvents@@3U_GUID@@BVCComDynamicUnkArray@ATL@@@ATL@@UAGJPAU_GUID@@@Z 10002e2f f i RemoteOrderDisplay.obj
 0001:00001e53       ?GetConnectionPointContainer@?$IConnectionPointImpl@VCOPOSRemoteOrderDisplay@@$1?DIID__IOPOSRemoteOrderDisplayEvents@@3U_GUID@@BVCComDynamicUnkArray@ATL@@@ATL@@UAGJPAPAUIConnectionPointContainer@@@Z 10002e53 f i RemoteOrderDisplay.obj
 0001:00001e76       ?Lock@CAtlModule@ATL@@UAEJXZ 10002e76 f i RemoteOrderDisplay.obj
 0001:00001e80       ?Unlock@CAtlModule@ATL@@UAEJXZ 10002e80 f i RemoteOrderDisplay.obj
 0001:00001e8a       ?GetLockCount@CAtlModule@ATL@@UAEJXZ 10002e8a f i RemoteOrderDisplay.obj
 0001:00001e8e       ?GetGITPtr@CAtlModule@ATL@@UAEJPAPAUIGlobalInterfaceTable@@@Z 10002e8e f i RemoteOrderDisplay.obj
 0001:00001eda       ?UpdateRegistry@COPOSRemoteOrderDisplay@@SGJH@Z 10002eda f i RemoteOrderDisplay.obj
 0001:00001ef2       ?ProcessWindowMessage@COPOSRemoteOrderDisplay@@UAEHPAUHWND__@@IIJAAJK@Z 10002ef2 f i RemoteOrderDisplay.obj
 0001:00001f3b       ?SOData@COPOSRemoteOrderDisplay@@MAGJJ@Z 10002f3b f i RemoteOrderDisplay.obj
 0001:00001f74       ?SODirectIO@COPOSRemoteOrderDisplay@@MAGJJPAJPAPA_W@Z 10002f74 f i RemoteOrderDisplay.obj
 0001:00001fbd       ?SOError@COPOSRemoteOrderDisplay@@MAGJJJJPAJ@Z 10002fbd f i RemoteOrderDisplay.obj
 0001:00002012       ?SOOutputComplete@COPOSRemoteOrderDisplay@@MAGJJ@Z 10003012 f i RemoteOrderDisplay.obj
 0001:0000204b       ?SOStatusUpdate@COPOSRemoteOrderDisplay@@MAGJJ@Z 1000304b f i RemoteOrderDisplay.obj
 0001:00002084       ?AddCommonRGSReplacements@?$CAtlModuleT@VCComModule@ATL@@@ATL@@UAEJPAUIRegistrarBase@@@Z 10003084 f i RemoteOrderDisplay.obj
 0001:0000209e       ?UpdateRegistryFromResourceD@CComModule@ATL@@UAGJPB_WHPAU_ATL_REGMAP_ENTRY@2@@Z 1000309e f i RemoteOrderDisplay.obj
 0001:0000209e       ?UpdateRegistryFromResourceD@CComModule@ATL@@UAGJIHPAU_ATL_REGMAP_ENTRY@2@@Z 1000309e f i RemoteOrderDisplay.obj
 0001:000020a6       ?UpdateRegistryFromResource@CComModule@ATL@@UAGJPB_WHPAU_ATL_REGMAP_ENTRY@2@@Z 100030a6 f i RemoteOrderDisplay.obj
 0001:000020af       ?UpdateRegistryFromResource@CComModule@ATL@@UAGJIHPAU_ATL_REGMAP_ENTRY@2@@Z 100030af f i RemoteOrderDisplay.obj
 0001:000020b8       ??_ECComModule@ATL@@UAEPAXI@Z 100030b8 f i RemoteOrderDisplay.obj
 0001:000020b8       ??_GCComModule@ATL@@UAEPAXI@Z 100030b8 f i RemoteOrderDisplay.obj
 0001:000020e0       ?CreateInstance@?$CComCreator@V?$CComObjectCached@VCComClassFactory@ATL@@@ATL@@@ATL@@SGJPAXABU_GUID@@PAPAX@Z 100030e0 f i RemoteOrderDisplay.obj
 0001:00002180       ?CreateInstance@?$CComCreator2@V?$CComCreator@V?$CComObject@VCOPOSRemoteOrderDisplay@@@ATL@@@ATL@@V?$CComCreator@V?$CComAggObject@VCOPOSRemoteOrderDisplay@@@ATL@@@2@@ATL@@SGJPAXABU_GUID@@PAPAX@Z 10003180 f i RemoteOrderDisplay.obj
 0001:000021a0       ?AddRef@?$CComObjectCached@VCComClassFactory@ATL@@@ATL@@UAGKXZ 100031a0 f i RemoteOrderDisplay.obj
 0001:000021c7       ?Release@?$CComObjectCached@VCComClassFactory@ATL@@@ATL@@UAGKXZ 100031c7 f i RemoteOrderDisplay.obj
 0001:000021fd       ?QueryInterface@?$CComObjectCached@VCComClassFactory@ATL@@@ATL@@UAGJABU_GUID@@PAPAX@Z 100031fd f i RemoteOrderDisplay.obj
 0001:00002217       ??_E?$CComObjectCached@VCComClassFactory@ATL@@@ATL@@UAEPAXI@Z 10003217 f i RemoteOrderDisplay.obj
 0001:00002217       ??_G?$CComObjectCached@VCComClassFactory@ATL@@@ATL@@UAEPAXI@Z 10003217 f i RemoteOrderDisplay.obj
 0001:00002239       ?Next@?$CComEnumImpl@UIEnumConnectionPoints@@$1?_GUID_b196b285_bab4_101a_b69c_00aa00341d07@@3U__s_GUID@@BPAUIConnectionPoint@@V?$_CopyInterface@UIConnectionPoint@@@ATL@@@ATL@@UAGJKPAPAUIConnectionPoint@@PAK@Z 10003239 f i RemoteOrderDisplay.obj
 0001:00002310       ?Skip@?$CComEnumImpl@UIEnumConnectionPoints@@$1?_GUID_b196b285_bab4_101a_b69c_00aa00341d07@@3U__s_GUID@@BPAUIConnectionPoint@@V?$_CopyInterface@UIConnectionPoint@@@ATL@@@ATL@@UAGJK@Z 10003310 f i RemoteOrderDisplay.obj
 0001:0000233d       ?Reset@?$CComEnumImpl@UIEnumConnections@@$1?_GUID_b196b287_bab4_101a_b69c_00aa00341d07@@3U__s_GUID@@BUtagCONNECTDATA@@V?$_Copy@UtagCONNECTDATA@@@ATL@@@ATL@@UAGJXZ 1000333d f i RemoteOrderDisplay.obj
 0001:0000233d       ?Reset@?$CComEnumImpl@UIEnumConnectionPoints@@$1?_GUID_b196b285_bab4_101a_b69c_00aa00341d07@@3U__s_GUID@@BPAUIConnectionPoint@@V?$_CopyInterface@UIConnectionPoint@@@ATL@@@ATL@@UAGJXZ 1000333d f i RemoteOrderDisplay.obj
 0001:0000234f       ?Clone@?$CComEnumImpl@UIEnumConnectionPoints@@$1?_GUID_b196b285_bab4_101a_b69c_00aa00341d07@@3U__s_GUID@@BPAUIConnectionPoint@@V?$_CopyInterface@UIConnectionPoint@@@ATL@@@ATL@@UAGJPAPAUIEnumConnectionPoints@@@Z 1000334f f i RemoteOrderDisplay.obj
 0001:00002430       ?AddRef@?$CComObject@V?$CComEnum@UIEnumConnectionPoints@@$1?_GUID_b196b285_bab4_101a_b69c_00aa00341d07@@3U__s_GUID@@BPAUIConnectionPoint@@V?$_CopyInterface@UIConnectionPoint@@@ATL@@VCComSingleThreadModel@6@@ATL@@@ATL@@UAGKXZ 10003430 f i RemoteOrderDisplay.obj
 0001:00002430       ?AddRef@?$CComObject@V?$CComEnum@UIEnumConnections@@$1?_GUID_b196b287_bab4_101a_b69c_00aa00341d07@@3U__s_GUID@@BUtagCONNECTDATA@@V?$_Copy@UtagCONNECTDATA@@@ATL@@VCComSingleThreadModel@6@@ATL@@@ATL@@UAGKXZ 10003430 f i RemoteOrderDisplay.obj
 0001:00002441       ?Release@?$CComObject@V?$CComEnum@UIEnumConnections@@$1?_GUID_b196b287_bab4_101a_b69c_00aa00341d07@@3U__s_GUID@@BUtagCONNECTDATA@@V?$_Copy@UtagCONNECTDATA@@@ATL@@VCComSingleThreadModel@6@@ATL@@@ATL@@UAGKXZ 10003441 f i RemoteOrderDisplay.obj
 0001:00002441       ?Release@?$CComObject@V?$CComEnum@UIEnumConnectionPoints@@$1?_GUID_b196b285_bab4_101a_b69c_00aa00341d07@@3U__s_GUID@@BPAUIConnectionPoint@@V?$_CopyInterface@UIConnectionPoint@@@ATL@@VCComSingleThreadModel@6@@ATL@@@ATL@@UAGKXZ 10003441 f i RemoteOrderDisplay.obj
 0001:0000247d       ?QueryInterface@?$CComObject@V?$CComEnum@UIEnumConnectionPoints@@$1?_GUID_b196b285_bab4_101a_b69c_00aa00341d07@@3U__s_GUID@@BPAUIConnectionPoint@@V?$_CopyInterface@UIConnectionPoint@@@ATL@@VCComSingleThreadModel@6@@ATL@@@ATL@@UAGJABU_GUID@@PAPAX@Z 1000347d f i RemoteOrderDisplay.obj
 0001:00002497       ??_E?$CComObject@V?$CComEnum@UIEnumConnectionPoints@@$1?_GUID_b196b285_bab4_101a_b69c_00aa00341d07@@3U__s_GUID@@BPAUIConnectionPoint@@V?$_CopyInterface@UIConnectionPoint@@@ATL@@VCComSingleThreadModel@6@@ATL@@@ATL@@UAEPAXI@Z 10003497 f i RemoteOrderDisplay.obj
 0001:00002497       ??_G?$CComObject@V?$CComEnum@UIEnumConnectionPoints@@$1?_GUID_b196b285_bab4_101a_b69c_00aa00341d07@@3U__s_GUID@@BPAUIConnectionPoint@@V?$_CopyInterface@UIConnectionPoint@@@ATL@@VCComSingleThreadModel@6@@ATL@@@ATL@@UAEPAXI@Z 10003497 f i RemoteOrderDisplay.obj
 0001:000024b9       ?AddRef@CRegObject@ATL@@UAGKXZ 100034b9 f i RemoteOrderDisplay.obj
 0001:000024bf       ?AddReplacement@CRegObject@ATL@@UAGJPB_W0@Z 100034bf f i RemoteOrderDisplay.obj
 0001:000024f8       ?ClearReplacements@CRegObject@ATL@@UAGJXZ 100034f8 f i RemoteOrderDisplay.obj
 0001:0000250a       ??_ECRegObject@ATL@@UAEPAXI@Z 1000350a f i RemoteOrderDisplay.obj
 0001:0000250a       ??_GCRegObject@ATL@@UAEPAXI@Z 1000350a f i RemoteOrderDisplay.obj
 0001:0000252c       ?AddRef@?$CComAggObject@VCOPOSRemoteOrderDisplay@@@ATL@@UAGKXZ 1000352c f i RemoteOrderDisplay.obj
 0001:0000253d       ?Release@?$CComAggObject@VCOPOSRemoteOrderDisplay@@@ATL@@UAGKXZ 1000353d f i RemoteOrderDisplay.obj
 0001:00002579       ?QueryInterface@?$CComAggObject@VCOPOSRemoteOrderDisplay@@@ATL@@UAGJABU_GUID@@PAPAX@Z 10003579 f i RemoteOrderDisplay.obj
 0001:000025c8       ?AddRef@?$CComContainedObject@VCOPOSRemoteOrderDisplay@@@ATL@@UAGKXZ 100035c8 f i RemoteOrderDisplay.obj
 0001:000025de       ?Release@?$CComContainedObject@VCOPOSRemoteOrderDisplay@@@ATL@@UAGKXZ 100035de f i RemoteOrderDisplay.obj
 0001:000025f4       ?QueryInterface@?$CComContainedObject@VCOPOSRemoteOrderDisplay@@@ATL@@UAGJABU_GUID@@PAPAX@Z 100035f4 f i RemoteOrderDisplay.obj
 0001:0000260f       ??_G?$CComAggObject@VCOPOSRemoteOrderDisplay@@@ATL@@UAEPAXI@Z 1000360f f i RemoteOrderDisplay.obj
 0001:0000260f       ??_E?$CComAggObject@VCOPOSRemoteOrderDisplay@@@ATL@@UAEPAXI@Z 1000360f f i RemoteOrderDisplay.obj
 0001:00002634       ?AddRef@?$CComObject@VCOPOSRemoteOrderDisplay@@@ATL@@UAGKXZ 10003634 f i RemoteOrderDisplay.obj
 0001:0000264b       ?Release@?$CComObject@VCOPOSRemoteOrderDisplay@@@ATL@@UAGKXZ 1000364b f i RemoteOrderDisplay.obj
 0001:0000268d       ?QueryInterface@?$CComObject@VCOPOSRemoteOrderDisplay@@@ATL@@UAGJABU_GUID@@PAPAX@Z 1000368d f i RemoteOrderDisplay.obj
 0001:000026a7       ?OnDrawAdvanced@CComControlBase@ATL@@UAEJAAUATL_DRAWINFO@@@Z 100036a7 f i RemoteOrderDisplay.obj
 0001:0000279a       ?Next@?$CComEnumImpl@UIEnumConnections@@$1?_GUID_b196b287_bab4_101a_b69c_00aa00341d07@@3U__s_GUID@@BUtagCONNECTDATA@@V?$_Copy@UtagCONNECTDATA@@@ATL@@@ATL@@UAGJKPAUtagCONNECTDATA@@PAK@Z 1000379a f i RemoteOrderDisplay.obj
 0001:00002871       ?Skip@?$CComEnumImpl@UIEnumConnections@@$1?_GUID_b196b287_bab4_101a_b69c_00aa00341d07@@3U__s_GUID@@BUtagCONNECTDATA@@V?$_Copy@UtagCONNECTDATA@@@ATL@@@ATL@@UAGJK@Z 10003871 f i RemoteOrderDisplay.obj
 0001:0000289e       ?Clone@?$CComEnumImpl@UIEnumConnections@@$1?_GUID_b196b287_bab4_101a_b69c_00aa00341d07@@3U__s_GUID@@BUtagCONNECTDATA@@V?$_Copy@UtagCONNECTDATA@@@ATL@@@ATL@@UAGJPAPAUIEnumConnections@@@Z 1000389e f i RemoteOrderDisplay.obj
 0001:0000297f       ?QueryInterface@?$CComObject@V?$CComEnum@UIEnumConnections@@$1?_GUID_b196b287_bab4_101a_b69c_00aa00341d07@@3U__s_GUID@@BUtagCONNECTDATA@@V?$_Copy@UtagCONNECTDATA@@@ATL@@VCComSingleThreadModel@6@@ATL@@@ATL@@UAGJABU_GUID@@PAPAX@Z 1000397f f i RemoteOrderDisplay.obj
 0001:00002999       ??_E?$CComObject@V?$CComEnum@UIEnumConnections@@$1?_GUID_b196b287_bab4_101a_b69c_00aa00341d07@@3U__s_GUID@@BUtagCONNECTDATA@@V?$_Copy@UtagCONNECTDATA@@@ATL@@VCComSingleThreadModel@6@@ATL@@@ATL@@UAEPAXI@Z 10003999 f i RemoteOrderDisplay.obj
 0001:00002999       ??_G?$CComObject@V?$CComEnum@UIEnumConnections@@$1?_GUID_b196b287_bab4_101a_b69c_00aa00341d07@@3U__s_GUID@@BUtagCONNECTDATA@@V?$_Copy@UtagCONNECTDATA@@@ATL@@VCComSingleThreadModel@6@@ATL@@@ATL@@UAEPAXI@Z 10003999 f i RemoteOrderDisplay.obj
 0001:000029bb       ??$?4UITypeInfo2@@@?$CComPtr@UITypeInfo@@@ATL@@QAEPAUITypeInfo@@ABV?$CComPtr@UITypeInfo2@@@1@@Z 100039bb f i RemoteOrderDisplay.obj
 0001:000029e8       ??$AtlAdd@K@ATL@@YAJPAKKK@Z 100039e8 f i RemoteOrderDisplay.obj
 0001:00002a0b       ??$AtlAdd@_K@ATL@@YAJPA_K_K1@Z 10003a0b f i RemoteOrderDisplay.obj
 0001:00002a43       ??$AtlAddThrow@K@ATL@@YAKKK@Z 10003a43 f i RemoteOrderDisplay.obj
 0001:00002a69       ??$AtlModuleRegisterWndClassInfoT@VAtlModuleRegisterWndClassInfoParamW@ATL@@@ATL@@YAGPAU_ATL_BASE_MODULE70@0@PAU_ATL_WIN_MODULE70@0@PAU_ATL_WNDCLASSINFOW@0@PAP6GJPAUHWND__@@IIJ@ZVAtlModuleRegisterWndClassInfoParamW@0@@Z 10003a69 f i RemoteOrderDisplay.obj
 0001:00002bb7       ??$AtlMultiply@H@ATL@@YAJPAHHH@Z 10003bb7 f i RemoteOrderDisplay.obj
 0001:00002bef       ??$AtlMultiply@K@ATL@@YAJPAKKK@Z 10003bef f i RemoteOrderDisplay.obj
 0001:00002bef       ??$AtlMultiply@I@ATL@@YAJPAIII@Z 10003bef f i RemoteOrderDisplay.obj
 0001:00002c11       ??$AtlMultiplyThrow@I@ATL@@YAIII@Z 10003c11 f i RemoteOrderDisplay.obj
 0001:00002c37       ??0?$CComAggObject@VCOPOSRemoteOrderDisplay@@@ATL@@QAE@PAX@Z 10003c37 f i RemoteOrderDisplay.obj
 0001:00002c64       ??0?$CComContainedObject@VCOPOSRemoteOrderDisplay@@@ATL@@QAE@PAX@Z 10003c64 f i RemoteOrderDisplay.obj
 0001:00002d1d       ??0?$CComObject@V?$CComEnum@UIEnumConnectionPoints@@$1?_GUID_b196b285_bab4_101a_b69c_00aa00341d07@@3U__s_GUID@@BPAUIConnectionPoint@@V?$_CopyInterface@UIConnectionPoint@@@ATL@@VCComSingleThreadModel@6@@ATL@@@ATL@@QAE@PAX@Z 10003d1d f i RemoteOrderDisplay.obj
 0001:00002d4b       ??0?$CComObject@V?$CComEnum@UIEnumConnections@@$1?_GUID_b196b287_bab4_101a_b69c_00aa00341d07@@3U__s_GUID@@BUtagCONNECTDATA@@V?$_Copy@UtagCONNECTDATA@@@ATL@@VCComSingleThreadModel@6@@ATL@@@ATL@@QAE@PAX@Z 10003d4b f i RemoteOrderDisplay.obj
 0001:00002d79       ??0?$CComObject@VCOPOSRemoteOrderDisplay@@@ATL@@QAE@PAX@Z 10003d79 f i RemoteOrderDisplay.obj
 0001:00002e30       ??0?$CComQIPtr@UIOleControlSite@@$1?_GUID_b196b289_bab4_101a_b69c_00aa00341d07@@3U__s_GUID@@B@ATL@@QAE@PAUIUnknown@@@Z 10003e30 f i RemoteOrderDisplay.obj
 0001:00002e59       ??0CAtlModule@ATL@@QAE@XZ  10003e59 f i RemoteOrderDisplay.obj
 0001:00002e9a       ??0CParseBuffer@CRegParser@ATL@@QAE@H@Z 10003e9a f i RemoteOrderDisplay.obj
 0001:00002ed0       ??0_ATL_MSG@ATL@@QAE@PAUHWND__@@IIJH@Z 10003ed0 f i RemoteOrderDisplay.obj
 0001:00002f08       ??1?$CComAggObject@VCOPOSRemoteOrderDisplay@@@ATL@@UAE@XZ 10003f08 f i RemoteOrderDisplay.obj
 0001:00002f2c       ??1?$CComEnumImpl@UIEnumConnectionPoints@@$1?_GUID_b196b285_bab4_101a_b69c_00aa00341d07@@3U__s_GUID@@BPAUIConnectionPoint@@V?$_CopyInterface@UIConnectionPoint@@@ATL@@@ATL@@UAE@XZ 10003f2c f i RemoteOrderDisplay.obj
 0001:00002f6c       ??1?$CComEnumImpl@UIEnumConnections@@$1?_GUID_b196b287_bab4_101a_b69c_00aa00341d07@@3U__s_GUID@@BUtagCONNECTDATA@@V?$_Copy@UtagCONNECTDATA@@@ATL@@@ATL@@UAE@XZ 10003f6c f i RemoteOrderDisplay.obj
 0001:00002fac       ??1?$CComObject@V?$CComEnum@UIEnumConnectionPoints@@$1?_GUID_b196b285_bab4_101a_b69c_00aa00341d07@@3U__s_GUID@@BPAUIConnectionPoint@@V?$_CopyInterface@UIConnectionPoint@@@ATL@@VCComSingleThreadModel@6@@ATL@@@ATL@@UAE@XZ 10003fac f i RemoteOrderDisplay.obj
 0001:00002fcf       ??1?$CComObject@V?$CComEnum@UIEnumConnections@@$1?_GUID_b196b287_bab4_101a_b69c_00aa00341d07@@3U__s_GUID@@BUtagCONNECTDATA@@V?$_Copy@UtagCONNECTDATA@@@ATL@@VCComSingleThreadModel@6@@ATL@@@ATL@@UAE@XZ 10003fcf f i RemoteOrderDisplay.obj
 0001:00002ff2       ??1?$CComObject@VCOPOSRemoteOrderDisplay@@@ATL@@UAE@XZ 10003ff2 f i RemoteOrderDisplay.obj
 0001:000030b0       ??1?$CComObjectCached@VCComClassFactory@ATL@@@ATL@@UAE@XZ 100040b0 f i RemoteOrderDisplay.obj
 0001:000030c6       ??1?$CComObjectRootEx@VCComMultiThreadModel@ATL@@@ATL@@QAE@XZ 100040c6 f i RemoteOrderDisplay.obj
 0001:000030db       ??1CRegObject@ATL@@UAE@XZ  100040db f i RemoteOrderDisplay.obj
 0001:000030fb       ??4?$CComPtr@UIUnknown@@@ATL@@QAEPAUIUnknown@@PAU2@@Z 100040fb f i RemoteOrderDisplay.obj
 0001:000030fb       ??4?$CComPtr@UIAdviseSink@@@ATL@@QAEPAUIAdviseSink@@PAU2@@Z 100040fb f i RemoteOrderDisplay.obj
 0001:000030fb       ??4?$CComPtr@UIOleClientSite@@@ATL@@QAEPAUIOleClientSite@@PAU2@@Z 100040fb f i RemoteOrderDisplay.obj
 0001:0000312f       ??_G?$CComContainedObject@VCOPOSRemoteOrderDisplay@@@ATL@@UAEPAXI@Z 1000412f f i RemoteOrderDisplay.obj
 0001:0000312f       ??_E?$CComContainedObject@VCOPOSRemoteOrderDisplay@@@ATL@@UAEPAXI@Z 1000412f f i RemoteOrderDisplay.obj
 0001:00003154       ??_G?$CComObject@VCOPOSRemoteOrderDisplay@@@ATL@@UAEPAXI@Z 10004154 f i RemoteOrderDisplay.obj
 0001:00003154       ??_E?$CComObject@VCOPOSRemoteOrderDisplay@@@ATL@@UAEPAXI@Z 10004154 f i RemoteOrderDisplay.obj
 0001:00003179       ?Add@?$CSimpleArray@GV?$CSimpleArrayEqualHelper@G@ATL@@@ATL@@QAEHABG@Z 10004179 f i RemoteOrderDisplay.obj
 0001:000031fd       ?Add@?$CSimpleMap@PA_WPA_WVCExpansionVectorEqualHelper@ATL@@@ATL@@QAEHABQA_W0@Z 100041fd f i RemoteOrderDisplay.obj
 0001:00003252       ?Add@CComDynamicUnkArray@ATL@@QAEKPAUIUnknown@@@Z 10004252 f i RemoteOrderDisplay.obj
 0001:00003308       ?Add@CExpansionVector@ATL@@QAEHPB_W0@Z 10004308 f i RemoteOrderDisplay.obj
 0001:00003411       ?AddString@CParseBuffer@CRegParser@ATL@@QAEHPB_W@Z 10004411 f i RemoteOrderDisplay.obj
 0001:00003446       ?AddTermFunc@CAtlModule@ATL@@QAEJP6GXK@ZK@Z 10004446 f i RemoteOrderDisplay.obj
 0001:000034a9       ?AddValue@CRegParser@ATL@@IAEJAAVCRegKey@2@PB_WPA_W@Z 100044a9 f i RemoteOrderDisplay.obj
 0001:000037c3       ?Allocate@?$CAtlSafeAllocBufferManager@VCCRTAllocator@ATL@@@_ATL_SAFE_ALLOCA_IMPL@ATL@@QAEPAXK@Z 100047c3 f i RemoteOrderDisplay.obj
 0001:000037f0       ?Allocate@?$CTempBuffer@E$0BAA@VCCRTAllocator@ATL@@@ATL@@QAEPAEI@Z 100047f0 f i RemoteOrderDisplay.obj
 0001:0000381f       ?Allocate@?$CTempBuffer@_W$0BAA@VCCRTAllocator@ATL@@@ATL@@QAEPA_WI@Z 1000481f f i RemoteOrderDisplay.obj
 0001:0000384e       ?Allocate@?$CTempBuffer@_W$0EAA@VCCRTAllocator@ATL@@@ATL@@QAEPA_WI@Z 1000484e f i RemoteOrderDisplay.obj
 0001:0000387d       ?AllocateHeap@?$CTempBuffer@E$0BAA@VCCRTAllocator@ATL@@@ATL@@AAEXI@Z 1000487d f i RemoteOrderDisplay.obj
 0001:0000387d       ?AllocateHeap@?$CTempBuffer@_W$0EAA@VCCRTAllocator@ATL@@@ATL@@AAEXI@Z 1000487d f i RemoteOrderDisplay.obj
 0001:0000387d       ?AllocateHeap@?$CTempBuffer@_W$0BAA@VCCRTAllocator@ATL@@@ATL@@AAEXI@Z 1000487d f i RemoteOrderDisplay.obj
 0001:000038a2       ?Append@CParseBuffer@CRegParser@ATL@@QAEHPB_WH@Z 100048a2 f i RemoteOrderDisplay.obj
 0001:00003930       ?AtlCoTaskMemCAlloc@ATL@@YAPAXKK@Z 10004930 f i RemoteOrderDisplay.obj
 0001:0000395d       ?AtlCoTaskMemRecalloc@ATL@@YAPAXPAXKK@Z 1000495d f i RemoteOrderDisplay.obj
 0001:0000398d       ?AtlComModuleGetClassObject@ATL@@YGJPAU_ATL_COM_MODULE70@1@ABU_GUID@@1PAPAX@Z 1000498d f i RemoteOrderDisplay.obj
 0001:00003a80       ?AtlComModuleRegisterServer@ATL@@YGJPAU_ATL_COM_MODULE70@1@HPBU_GUID@@@Z 10004a80 f i RemoteOrderDisplay.obj
 0001:00003b08       ?AtlComModuleUnregisterServer@ATL@@YGJPAU_ATL_COM_MODULE70@1@HPBU_GUID@@@Z 10004b08 f i RemoteOrderDisplay.obj
 0001:00003b90       ?AtlComQIPtrAssign2@ATL@@YAXPAPAUIUnknown@@PAU2@ABU_GUID@@@Z 10004b90 f i RemoteOrderDisplay.obj
 0001:00003bbf       ?AtlCreateTargetDC@ATL@@YGPAUHDC__@@PAU2@PAUtagDVTARGETDEVICE@@@Z 10004bbf f i RemoteOrderDisplay.obj
 0001:00003c28       ?AtlCrtErrorCheck@ATL@@YAHH@Z 10004c28 f i RemoteOrderDisplay.obj
 0001:00003c63       ?AtlHiMetricToPixel@ATL@@YGXPBUtagSIZE@@PAU2@@Z 10004c63 f i RemoteOrderDisplay.obj
 0001:00003cd8       ?AtlHresultFromLastError@ATL@@YAJXZ 10004cd8 f i RemoteOrderDisplay.obj
 0001:00003cef       ?AtlHresultFromWin32@ATL@@YAJK@Z 10004cef f i RemoteOrderDisplay.obj
 0001:00003d04       ?AtlInternalOleLoadFromStream@ATL@@YAJPAUIStream@@ABU_GUID@@PAPAXTClassesAllowedInStream@1@K@Z 10004d04 f i RemoteOrderDisplay.obj
 0001:00003e22       ?AtlInternalQueryInterface@ATL@@YGJPAXPBU_ATL_INTMAP_ENTRY@1@ABU_GUID@@PAPAX@Z 10004e22 f i RemoteOrderDisplay.obj
 0001:00003ec5       ?AtlLoadTypeLib@ATL@@YGJPAUHINSTANCE__@@PB_WPAPA_WPAPAUITypeLib@@@Z 10004ec5 f i RemoteOrderDisplay.obj
 0001:000040a3       ?AtlRegisterClassCategoriesHelper@ATL@@YGJABU_GUID@@PBU_ATL_CATMAP_ENTRY@1@H@Z 100050a3 f i RemoteOrderDisplay.obj
 0001:0000439f       ?AtlRegisterTypeLib@ATL@@YGJPAUHINSTANCE__@@PB_W@Z 1000539f f i RemoteOrderDisplay.obj
 0001:00004527       ?AtlThrowImpl@ATL@@YGXJ@Z  10005527 f i RemoteOrderDisplay.obj
 0001:00004545       ?AtlUnRegisterTypeLib@ATL@@YGJPAUHINSTANCE__@@PB_W@Z 10005545 f i RemoteOrderDisplay.obj
 0001:000045f0       ?AtlWinModuleAddCreateWndData@ATL@@YGXPAU_ATL_WIN_MODULE70@1@PAU_AtlCreateWndData@1@PAX@Z 100055f0 f i RemoteOrderDisplay.obj
 0001:00004644       ?AtlWinModuleExtractCreateWndData@ATL@@YGPAXPAU_ATL_WIN_MODULE70@1@@Z 10005644 f i RemoteOrderDisplay.obj
 0001:000046a7       ?AtlWinModuleRegisterClassExW@ATL@@YGGPAU_ATL_WIN_MODULE70@1@PBUtagWNDCLASSEXW@@@Z 100056a7 f i RemoteOrderDisplay.obj
 0001:000046e6       ?CanForceRemoveKey@CRegParser@ATL@@IAEHPB_W@Z 100056e6 f i RemoteOrderDisplay.obj
 0001:00004715       ?ChToByte@CRegParser@ATL@@KAE_W@Z 10005715 f i RemoteOrderDisplay.obj
 0001:00004748       ?Cleanup@CComTypeInfoHolder@ATL@@SGXK@Z 10005748 f i RemoteOrderDisplay.obj
 0001:0000477b       ?ClearReplacements@CExpansionVector@ATL@@QAEJXZ 1000577b f i RemoteOrderDisplay.obj
 0001:000047b8       ?Close@CRegKey@ATL@@QAEJXZ 100057b8 f i RemoteOrderDisplay.obj
 0001:000047d2       ?CreateInstance@?$CComCreator@V?$CComAggObject@VCOPOSRemoteOrderDisplay@@@ATL@@@ATL@@SGJPAXABU_GUID@@PAPAX@Z 100057d2 f i RemoteOrderDisplay.obj
 0001:00004847       ?CreateInstance@?$CComCreator@V?$CComObject@VCOPOSRemoteOrderDisplay@@@ATL@@@ATL@@SGJPAXABU_GUID@@PAPAX@Z 10005847 f i RemoteOrderDisplay.obj
 0001:000048c7       ?CreateInstance@?$CComObject@V?$CComEnum@UIEnumConnectionPoints@@$1?_GUID_b196b285_bab4_101a_b69c_00aa00341d07@@3U__s_GUID@@BPAUIConnectionPoint@@V?$_CopyInterface@UIConnectionPoint@@@ATL@@VCComSingleThreadModel@6@@ATL@@@ATL@@SGJPAPAV12@@Z 100058c7 f i RemoteOrderDisplay.obj
 0001:00004911       ?CreateInstance@?$CComObject@V?$CComEnum@UIEnumConnections@@$1?_GUID_b196b287_bab4_101a_b69c_00aa00341d07@@3U__s_GUID@@BUtagCONNECTDATA@@V?$_Copy@UtagCONNECTDATA@@@ATL@@VCComSingleThreadModel@6@@ATL@@@ATL@@SGJPAPAV12@@Z 10005911 f i RemoteOrderDisplay.obj
 0001:0000495b       ?DefaultReflectionHandler@?$CWindowImplRoot@VCWindow@ATL@@@ATL@@SAHPAUHWND__@@IIJAAJ@Z 1000595b f i RemoteOrderDisplay.obj
 0001:000049ce       ?DeleteSubKey@CRegKey@ATL@@QAEJPB_W@Z 100059ce f i RemoteOrderDisplay.obj
 0001:00004a47       ?DoEvent@COPOSRemoteOrderDisplay@@IAEXIIJ@Z 10005a47 f i RemoteOrderDisplay.obj
 0001:00004ac7       ?DoVerbHide@?$IOleObjectImpl@VCOPOSRemoteOrderDisplay@@@ATL@@QAEJPBUtagRECT@@PAUHWND__@@@Z 10005ac7 f i RemoteOrderDisplay.obj
 0001:00004afd       ?DoVerbInPlaceActivate@?$IOleObjectImpl@VCOPOSRemoteOrderDisplay@@@ATL@@QAEJPBUtagRECT@@PAUHWND__@@@Z 10005afd f i RemoteOrderDisplay.obj
 0001:00004b30       ?DoVerbPrimary@?$IOleObjectImpl@VCOPOSRemoteOrderDisplay@@@ATL@@QAEJPBUtagRECT@@PAUHWND__@@@Z 10005b30 f i RemoteOrderDisplay.obj
 0001:00004bbc       ?DoVerbProperties@CComControlBase@ATL@@QAEJPBUtagRECT@@PAUHWND__@@@Z 10005bbc f i RemoteOrderDisplay.obj
 0001:00004d3b       ?DoVerbUIActivate@?$IOleObjectImpl@VCOPOSRemoteOrderDisplay@@@ATL@@QAEJPBUtagRECT@@PAUHWND__@@@Z 10005d3b f i RemoteOrderDisplay.obj
 0001:00004d78       ?DoesVerbActivate@CComControlBase@ATL@@QAEHJ@Z 10005d78 f i RemoteOrderDisplay.obj
 0001:00004d99       ?DoesVerbUIActivate@CComControlBase@ATL@@QAEHJ@Z 10005d99 f i RemoteOrderDisplay.obj
 0001:00004dce       ?EndOfVar@CRegParser@ATL@@IAEHXZ 10005dce f i RemoteOrderDisplay.obj
 0001:00004dee       ?EscapeSingleQuote@CAtlModule@ATL@@SAXPA_WIPB_W@Z 10005dee f i RemoteOrderDisplay.obj
 0001:00004e3d       ?FindKey@?$CSimpleMap@PA_WPA_WVCExpansionVectorEqualHelper@ATL@@@ATL@@QBEHABQA_W@Z 10005e3d f i RemoteOrderDisplay.obj
 0001:00004e74       ?FireTheEvent@?$CProxy_IOPOSEvents@VCOPOSRemoteOrderDisplay@@@@IAEXPAVOposVariant@@IAAJPB_WJ@Z 10005e74 f i RemoteOrderDisplay.obj
 0001:00004f06       ?FireViewChange@CComControlBase@ATL@@QAEJXZ 10005f06 f i RemoteOrderDisplay.obj
 0001:00004f4f       ?Fire_DataEvent@?$CProxy_IOPOSEvents@VCOPOSRemoteOrderDisplay@@@@QAEXJ@Z 10005f4f f i RemoteOrderDisplay.obj
 0001:00004fe5       ?Fire_DirectIOEvent@?$CProxy_IOPOSEvents@VCOPOSRemoteOrderDisplay@@@@QAEXJPAJPAPA_W@Z 10005fe5 f i RemoteOrderDisplay.obj
 0001:000050d1       ?Fire_ErrorEvent@?$CProxy_IOPOSEvents@VCOPOSRemoteOrderDisplay@@@@QAEXJJJPAJ@Z 100060d1 f i RemoteOrderDisplay.obj
 0001:000051c2       ?Fire_OutputCompleteEvent@?$CProxy_IOPOSEvents@VCOPOSRemoteOrderDisplay@@@@QAEXJ@Z 100061c2 f i RemoteOrderDisplay.obj
 0001:00005258       ?Fire_StatusUpdateEvent@?$CProxy_IOPOSEvents@VCOPOSRemoteOrderDisplay@@@@QAEXJ@Z 10006258 f i RemoteOrderDisplay.obj
 0001:000052ee       ?FreeHeap@?$CTempBuffer@_W$0EAA@VCCRTAllocator@ATL@@@ATL@@AAEXXZ 100062ee f i RemoteOrderDisplay.obj
 0001:000052ee       ?FreeHeap@?$CTempBuffer@E$0BAA@VCCRTAllocator@ATL@@@ATL@@AAEXXZ 100062ee f i RemoteOrderDisplay.obj
 0001:000052ee       ?FreeHeap@?$CTempBuffer@_W$0BAA@VCCRTAllocator@ATL@@@ATL@@AAEXXZ 100062ee f i RemoteOrderDisplay.obj
 0001:000052f7       ?GetAmbientLocaleID@CComControlBase@ATL@@QAEJAAK@Z 100062f7 f i RemoteOrderDisplay.obj
 0001:00005353       ?GetAmbientUserMode@CComControlBase@ATL@@QAEJAAH@Z 10006353 f i RemoteOrderDisplay.obj
 0001:000053c3       ?GetAt@CComDynamicUnkArray@ATL@@QAEPAUIUnknown@@H@Z 100063c3 f i RemoteOrderDisplay.obj
 0001:000053df       ?GetClassObject@CComModule@ATL@@QAEJABU_GUID@@0PAPAX@Z 100063df f i RemoteOrderDisplay.obj
 0001:00005481       ?GetConnMap@COPOSRemoteOrderDisplay@@SAPBU_ATL_CONNMAP_ENTRY@ATL@@PAH@Z 10006481 f i RemoteOrderDisplay.obj
 0001:000054f1       ?GetCookie@CComDynamicUnkArray@ATL@@QAGKPAPAUIUnknown@@@Z 100064f1 f i RemoteOrderDisplay.obj
 0001:00005529       ?GetIDsOfNames@CComTypeInfoHolder@ATL@@QAEJABU_GUID@@PAPA_WIKPAJ@Z 10006529 f i RemoteOrderDisplay.obj
 0001:00005650       ?GetKeyAt@?$CSimpleMap@PA_WPA_WVCExpansionVectorEqualHelper@ATL@@@ATL@@QBEAAPA_WH@Z 10006650 f i RemoteOrderDisplay.obj
 0001:00005675       ?GetPagesHelper@?$ISpecifyPropertyPagesImpl@VCOPOSRemoteOrderDisplay@@@ATL@@IAEJPAUtagCAUUID@@PBUATL_PROPMAP_ENTRY@2@@Z 10006675 f i RemoteOrderDisplay.obj
 0001:0000579c       ?GetProperty@?$CComPtr@UIDispatch@@@ATL@@SAJPAUIDispatch@@JPAUtagVARIANT@@@Z 1000679c f i RemoteOrderDisplay.obj
 0001:000057eb       ?GetSizeMax@CComVariant@ATL@@QBEJPAT_ULARGE_INTEGER@@@Z 100067eb f i RemoteOrderDisplay.obj
 0001:000059ad       ?GetTI@CComTypeInfoHolder@ATL@@QAEJK@Z 100069ad f i RemoteOrderDisplay.obj
 0001:00005b8c       ?GetTI@CComTypeInfoHolder@ATL@@QAEJKPAPAUITypeInfo@@@Z 10006b8c f i RemoteOrderDisplay.obj
 0001:00005bce       ?GetUnknown@CComDynamicUnkArray@ATL@@QAGPAUIUnknown@@K@Z 10006bce f i RemoteOrderDisplay.obj
 0001:00005bef       ?GetValueAt@?$CSimpleMap@PA_WPA_WVCExpansionVectorEqualHelper@ATL@@@ATL@@QBEAAPA_WH@Z 10006bef f i RemoteOrderDisplay.obj
 0001:00005c15       ?GetZoomInfo@CComControlBase@ATL@@QAEXAAUATL_DRAWINFO@@@Z 10006c15 f i RemoteOrderDisplay.obj
 0001:00005ca8       ?HKeyFromString@CRegParser@ATL@@KAPAUHKEY__@@PA_W@Z 10006ca8 f i RemoteOrderDisplay.obj
 0001:00005cd6       ?HasSubKeys@CRegParser@ATL@@IAEHPAUHKEY__@@@Z 10006cd6 f i RemoteOrderDisplay.obj
 0001:00005d0b       ?IDataObject_GetData@CComControlBase@ATL@@QAEJPAUtagFORMATETC@@PAUtagSTGMEDIUM@@@Z 10006d0b f i RemoteOrderDisplay.obj
 0001:00005eb1       ?IOleInPlaceObject_InPlaceDeactivate@CComControlBase@ATL@@QAEJXZ 10006eb1 f i RemoteOrderDisplay.obj
 0001:00005f38       ?IOleInPlaceObject_SetObjectRects@CComControlBase@ATL@@QAEJPBUtagRECT@@0@Z 10006f38 f i RemoteOrderDisplay.obj
 0001:00006005       ?IOleInPlaceObject_UIDeactivate@CComControlBase@ATL@@QAEJXZ 10007005 f i RemoteOrderDisplay.obj
 0001:000060c7       ?IOleObject_Advise@CComControlBase@ATL@@QAEJPAUIAdviseSink@@PAK@Z 100070c7 f i RemoteOrderDisplay.obj
 0001:000060f1       ?IOleObject_Close@CComControlBase@ATL@@QAEJK@Z 100070f1 f i RemoteOrderDisplay.obj
 0001:000061d5       ?IOleObject_GetClientSite@CComControlBase@ATL@@QAEJPAPAUIOleClientSite@@@Z 100071d5 f i RemoteOrderDisplay.obj
 0001:000061fe       ?IOleObject_SetClientSite@CComControlBase@ATL@@QAEJPAUIOleClientSite@@@Z 100071fe f i RemoteOrderDisplay.obj
 0001:0000623d       ?IOleObject_SetExtent@CComControlBase@ATL@@QAEJKPAUtagSIZE@@@Z 1000723d f i RemoteOrderDisplay.obj
 0001:000062f1       ?IPSI_GetIPersistStreamInit@?$IPersistStorageImpl@VCOPOSRemoteOrderDisplay@@@ATL@@AAEPAUIPersistStreamInit@@XZ 100072f1 f i RemoteOrderDisplay.obj
 0001:00006399       ?IPersistStreamInit_Load@?$IPersistStreamInitImpl@VCOPOSRemoteOrderDisplay@@@ATL@@QAEJPAUIStream@@PBUATL_PROPMAP_ENTRY@2@@Z 10007399 f i RemoteOrderDisplay.obj
 0001:0000660e       ?IPersistStreamInit_Save@?$IPersistStreamInitImpl@VCOPOSRemoteOrderDisplay@@@ATL@@QAEJPAUIStream@@HPBUATL_PROPMAP_ENTRY@2@@Z 1000760e f i RemoteOrderDisplay.obj
 0001:000067fc       ?IQuickActivate_QuickActivate@CComControlBase@ATL@@QAEJPAUtagQACONTAINER@@PAUtagQACONTROL@@@Z 100077fc f i RemoteOrderDisplay.obj
 0001:00006a3e       ?IViewObject_Draw@CComControlBase@ATL@@QAEJKJPAXPAUtagDVTARGETDEVICE@@PAUHDC__@@2PBU_RECTL@@3@Z 10007a3e f i RemoteOrderDisplay.obj
 0001:00006ae6       ?InPlaceActivate@CComControlBase@ATL@@QAEJJPBUtagRECT@@@Z 10007ae6 f i RemoteOrderDisplay.obj
 0001:00006d57       ?Init@?$CComEnumImpl@UIEnumConnectionPoints@@$1?_GUID_b196b285_bab4_101a_b69c_00aa00341d07@@3U__s_GUID@@BPAUIConnectionPoint@@V?$_CopyInterface@UIConnectionPoint@@@ATL@@@ATL@@QAEJPAPAUIConnectionPoint@@0PAUIUnknown@@W4CComEnumFlags@2@@Z 10007d57 f i RemoteOrderDisplay.obj
 0001:00006e36       ?Init@?$CComEnumImpl@UIEnumConnections@@$1?_GUID_b196b287_bab4_101a_b69c_00aa00341d07@@3U__s_GUID@@BUtagCONNECTDATA@@V?$_Copy@UtagCONNECTDATA@@@ATL@@@ATL@@QAEJPAUtagCONNECTDATA@@0PAUIUnknown@@W4CComEnumFlags@2@@Z 10007e36 f i RemoteOrderDisplay.obj
 0001:00006f15       ?Init@CComModule@ATL@@QAEJPAU_ATL_OBJMAP_ENTRY30@2@PAUHINSTANCE__@@PBU_GUID@@@Z 10007f15 f i RemoteOrderDisplay.obj
 0001:00006f74       ?Init@CDynamicStdCallThunk2@ATL@@QAEHKPAX@Z 10007f74 f i RemoteOrderDisplay.obj
 0001:00006f9f       ?InlineIsEqualUnknown@ATL@@YGHABU_GUID@@@Z 10007f9f f i RemoteOrderDisplay.obj
 0001:00006fc7       ?InternalSetAtIndex@?$CSimpleMap@PA_WPA_WVCExpansionVectorEqualHelper@ATL@@@ATL@@QAEXHABQA_W0@Z 10007fc7 f i RemoteOrderDisplay.obj
 0001:00006ff1       ?Invoke@CComTypeInfoHolder@ATL@@QAEJPAUIDispatch@@JABU_GUID@@KGPAUtagDISPPARAMS@@PAUtagVARIANT@@PAUtagEXCEPINFO@@PAI@Z 10007ff1 f i RemoteOrderDisplay.obj
 0001:00007034       ?IsEqualObject@?$CComPtrBase@UIOleClientSite@@@ATL@@QAE_NPAUIUnknown@@@Z 10008034 f i RemoteOrderDisplay.obj
 0001:00007034       ?IsEqualObject@?$CComPtrBase@UITypeInfo@@@ATL@@QAE_NPAUIUnknown@@@Z 10008034 f i RemoteOrderDisplay.obj
 0001:000070a1       ?IsSpace@CRegParser@ATL@@IAEH_W@Z 100080a1 f i RemoteOrderDisplay.obj
 0001:000070cb       ?LoadNameCache@CComTypeInfoHolder@ATL@@QAEJPAUITypeInfo@@@Z 100080cb f i RemoteOrderDisplay.obj
 0001:00007200       ?Lookup@?$CSimpleMap@PA_WPA_WVCExpansionVectorEqualHelper@ATL@@@ATL@@QBEPA_WABQA_W@Z 10008200 f i RemoteOrderDisplay.obj
 0001:00007226       ?NextToken@CRegParser@ATL@@IAEJPA_W@Z 10008226 f i RemoteOrderDisplay.obj
 0001:0000735e       ?OnKillFocus@CComControlBase@ATL@@QAEJIIJAAH@Z 1000835e f i RemoteOrderDisplay.obj
 0001:000073b9       ?OnMouseActivate@CComControlBase@ATL@@QAEJIIJAAH@Z 100083b9 f i RemoteOrderDisplay.obj
 0001:00007427       ?OnPaint@CComControlBase@ATL@@QAEJIIJAAH@Z 10008427 f i RemoteOrderDisplay.obj
 0001:000074d9       ?OnSetFocus@CComControlBase@ATL@@QAEJIIJAAH@Z 100084d9 f i RemoteOrderDisplay.obj
 0001:00007562       ?Open@CRegKey@ATL@@QAEJPAUHKEY__@@PB_WK@Z 10008562 f i RemoteOrderDisplay.obj
 0001:000075b7       ?PreProcessBuffer@CRegParser@ATL@@QAEJPA_WPAPA_W@Z 100085b7 f i RemoteOrderDisplay.obj
 0001:00007826       ?ProcessWindowMessage@?$CComControl@VCOPOSRemoteOrderDisplay@@V?$CWindowImpl@VCOPOSRemoteOrderDisplay@@VCWindow@ATL@@V?$CWinTraits@$0FGAAAAAA@$0A@@3@@ATL@@@ATL@@UAEHPAUHWND__@@IIJAAJK@Z 10008826 f i RemoteOrderDisplay.obj
 0001:000078c5       ?ReadFromStream@CComBSTR@ATL@@QAEJPAUIStream@@@Z 100088c5 f i RemoteOrderDisplay.obj
 0001:000079e8       ?ReadFromStream@CComVariant@ATL@@QAEJPAUIStream@@GTClassesAllowedInStream@2@K@Z 100089e8 f i RemoteOrderDisplay.obj
 0001:00007b72       ?RecurseDeleteKey@CRegKey@ATL@@QAEJPB_W@Z 10008b72 f i RemoteOrderDisplay.obj
 0001:00007c60       ?RegCreateKeyExW@CAtlTransactionManager@ATL@@QAEJPAUHKEY__@@PB_WKPA_WKKQAU_SECURITY_ATTRIBUTES@@PAPAU3@PAK@Z 10008c60 f i RemoteOrderDisplay.obj
 0001:00007cc3       ?RegDeleteKeyW@CAtlTransactionManager@ATL@@QAEJPAUHKEY__@@PB_W@Z 10008cc3 f i RemoteOrderDisplay.obj
 0001:00007d15       ?RegOpenKeyExW@CAtlTransactionManager@ATL@@QAEJPAUHKEY__@@PB_WKKPAPAU3@@Z 10008d15 f i RemoteOrderDisplay.obj
 0001:00007d6c       ?Register@_ATL_WNDCLASSINFOW@ATL@@QAEGPAP6GJPAUHWND__@@IIJ@Z@Z 10008d6c f i RemoteOrderDisplay.obj
 0001:00007d8c       ?RegisterBuffer@CRegParser@ATL@@QAEJPA_WH@Z 10008d8c f i RemoteOrderDisplay.obj
 0001:00007ed3       ?RegisterFromResource@CRegObject@ATL@@IAEJPB_W00H@Z 10008ed3 f i RemoteOrderDisplay.obj
 0001:00008009       ?RegisterServer@?$CAtlModuleT@VCComModule@ATL@@@ATL@@QAEJHPBU_GUID@@@Z 10009009 f i RemoteOrderDisplay.obj
 0001:00008037       ?RegisterServer@CComModule@ATL@@QAEJHPBU_GUID@@@Z 10009037 f i RemoteOrderDisplay.obj
 0001:000080ad       ?RegisterSubkeys@CRegParser@ATL@@IAEJPA_WPAUHKEY__@@HH@Z 100090ad f i RemoteOrderDisplay.obj
 0001:0000875a       ?Remove@CComDynamicUnkArray@ATL@@QAEHK@Z 1000975a f i RemoteOrderDisplay.obj
 0001:00008783       ?RemoveAll@?$CSimpleMap@PA_WPA_WVCExpansionVectorEqualHelper@ATL@@@ATL@@QAEXXZ 10009783 f i RemoteOrderDisplay.obj
 0001:000087af       ?ResourceRegisterSz@CRegObject@ATL@@QAGJPB_W00@Z 100097af f i RemoteOrderDisplay.obj
 0001:000087dc       ?ResourceUnregisterSz@CRegObject@ATL@@QAGJPB_W00@Z 100097dc f i RemoteOrderDisplay.obj
 0001:00008809       ?SendOnDataChange@CComControlBase@ATL@@QAEJK@Z 10009809 f i RemoteOrderDisplay.obj
 0001:00008856       ?SetControlFocus@CComControlBase@ATL@@QAEHH@Z 10009856 f i RemoteOrderDisplay.obj
 0001:000088f3       ?SetMultiStringValue@CRegKey@ATL@@QAEJPB_W0@Z 100098f3 f i RemoteOrderDisplay.obj
 0001:0000894f       ?SetStringValue@CRegKey@ATL@@QAEJPB_W0K@Z 1000994f f i RemoteOrderDisplay.obj
 0001:00008998       ?SkipAssignment@CRegParser@ATL@@IAEJPA_W@Z 10009998 f i RemoteOrderDisplay.obj
 0001:000089fd       ?SkipWhiteSpace@CRegParser@ATL@@IAEXXZ 100099fd f i RemoteOrderDisplay.obj
 0001:00008a1f       ?StrChrW@CRegParser@ATL@@KAPA_WPA_W_W@Z 10009a1f f i RemoteOrderDisplay.obj
 0001:00008a5c       ?Term@CAtlModule@ATL@@QAEXXZ 10009a5c f i RemoteOrderDisplay.obj
 0001:00008aaf       ?Term@CComModule@ATL@@QAEXXZ 10009aaf f i RemoteOrderDisplay.obj
 0001:00008b07       ?UnregisterServer@?$CAtlModuleT@VCComModule@ATL@@@ATL@@QAEJHPBU_GUID@@@Z 10009b07 f i RemoteOrderDisplay.obj
 0001:00008b2d       ?UnregisterServer@CComModule@ATL@@QAEJHPBU_GUID@@@Z 10009b2d f i RemoteOrderDisplay.obj
 0001:00008ba3       ?UpdateRegistryFromResource@CAtlModule@ATL@@QAGJIHPAU_ATL_REGMAP_ENTRY@2@@Z 10009ba3 f i RemoteOrderDisplay.obj
 0001:00008d6e       ?UpdateRegistryFromResource@CAtlModule@ATL@@QAGJPB_WHPAU_ATL_REGMAP_ENTRY@2@@Z 10009d6e f i RemoteOrderDisplay.obj
 0001:00008f3f       ?VTFromRegType@CRegParser@ATL@@KAHPB_WAAG@Z 10009f3f f i RemoteOrderDisplay.obj
 0001:00008fac       ?WindowProc@?$CWindowImplBaseT@VCWindow@ATL@@V?$CWinTraits@$0FGAAAAAA@$0A@@2@@ATL@@SGJPAUHWND__@@IIJ@Z 10009fac f i RemoteOrderDisplay.obj
 0001:0000909e       ?WriteToStream@CComBSTR@ATL@@QAEJPAUIStream@@@Z 1000a09e f i RemoteOrderDisplay.obj
 0001:00009100       ?WriteToStream@CComVariant@ATL@@QAEJPAUIStream@@@Z 1000a100 f i RemoteOrderDisplay.obj
 0001:0000927a       ?WriteToStream@CComVariant@ATL@@QAEJPAUIStream@@G@Z 1000a27a f i RemoteOrderDisplay.obj
 0001:000092e3       ?_AtlInitialConstruct@?$CComObjectRootEx@VCComMultiThreadModel@ATL@@@ATL@@QAEJXZ 1000a2e3 f i RemoteOrderDisplay.obj
 0001:000092f8       ?_AtlVerifyStackAvailable@_ATL_SAFE_ALLOCA_IMPL@ATL@@YA_NK@Z 1000a2f8 f i RemoteOrderDisplay.obj
 0001:00009376       ?atlCreate@?$CWindowImpl@VCOPOSRemoteOrderDisplay@@VCWindow@ATL@@V?$CWinTraits@$0FGAAAAAA@$0A@@3@@ATL@@QAEPAUHWND__@@PAU3@V_U_RECT@2@PB_WKKV_U_MENUorID@2@PAX@Z 1000a376 f i RemoteOrderDisplay.obj
 0001:000093ba       ?atlCreate@?$CWindowImplBaseT@VCWindow@ATL@@V?$CWinTraits@$0FGAAAAAA@$0A@@2@@ATL@@QAEPAUHWND__@@PAU3@V_U_RECT@2@PB_WKKV_U_MENUorID@2@GPAX@Z 1000a3ba f i RemoteOrderDisplay.obj
 0001:00009456       ?copy@?$_Copy@UtagCONNECTDATA@@@ATL@@SAJPAUtagCONNECTDATA@@PBU3@@Z 1000a456 f i RemoteOrderDisplay.obj
 0001:0000948c       ?copy@?$_CopyInterface@UIConnectionPoint@@@ATL@@SAJPAPAUIConnectionPoint@@PBQAU3@@Z 1000a48c f i RemoteOrderDisplay.obj
 0001:000094ba       ?memcpy_s@Checked@ATL@@YAXPAXIPBXI@Z 1000a4ba f i RemoteOrderDisplay.obj
 0001:000094d9       ?ocscpy_s@@YA_NPA_WIPB_W@Z 1000a4d9 f i RemoteOrderDisplay.obj
 0001:00009523       ?wcscpy_s@Checked@ATL@@YAXPA_WIPB_W@Z 1000a523 f i RemoteOrderDisplay.obj
 0001:0000953f       _DllCanUnloadNow@0         1000a53f f   RemoteOrderDisplay.obj
 0001:0000954b       _DllGetClassObject@12      1000a54b f   RemoteOrderDisplay.obj
 0001:00009559       _DllMain@12                1000a559 f   RemoteOrderDisplay.obj
 0001:0000959b       _DllRegisterServer@0       1000a59b f   RemoteOrderDisplay.obj
 0001:000095aa       _DllUnregisterServer@0     1000a5aa f   RemoteOrderDisplay.obj
 0001:000095b9       _InlineIsEqualGUID         1000a5b9 f i RemoteOrderDisplay.obj
 0001:000095e9       ___local_stdio_printf_options 1000a5e9 f i RemoteOrderDisplay.obj
 0001:000095ef       __vswprintf_s_l            1000a5ef f i RemoteOrderDisplay.obj
 0001:0000969c       _swprintf_s                1000a69c f i RemoteOrderDisplay.obj
 0001:000096b8       ??0?$CComControl@VCOPOSRemoteOrderDisplay@@V?$CWindowImpl@VCOPOSRemoteOrderDisplay@@VCWindow@ATL@@V?$CWinTraits@$0FGAAAAAA@$0A@@3@@ATL@@@ATL@@QAE@XZ 1000a6b8 f i RemoteOrderDisplayImpl.obj
 0001:000096df       ??0?$CProxy_IOPOSEvents@VCOPOSRemoteOrderDisplay@@@@QAE@XZ 1000a6df f i RemoteOrderDisplayImpl.obj
 0001:00009702       ??0CComControlBase@ATL@@QAE@AAPAUHWND__@@@Z 1000a702 f i RemoteOrderDisplayImpl.obj
 0001:0000974c       ??0COPOSRemoteOrderDisplay@@QAE@XZ 1000a74c f   RemoteOrderDisplayImpl.obj
 0001:00009782       ??1?$CComControl@VCOPOSRemoteOrderDisplay@@V?$CWindowImpl@VCOPOSRemoteOrderDisplay@@VCWindow@ATL@@V?$CWinTraits@$0FGAAAAAA@$0A@@3@@ATL@@@ATL@@UAE@XZ 1000a782 f i RemoteOrderDisplayImpl.obj
 0001:0000979b       ??1?$IConnectionPointImpl@VCOPOSRemoteOrderDisplay@@$1?IID_IPropertyNotifySink@@3U_GUID@@BVCComDynamicUnkArray@ATL@@@ATL@@QAE@XZ 1000a79b f i RemoteOrderDisplayImpl.obj
 0001:0000979b       ??1?$IConnectionPointImpl@VCOPOSRemoteOrderDisplay@@$1?DIID__IOPOSRemoteOrderDisplayEvents@@3U_GUID@@BVCComDynamicUnkArray@ATL@@@ATL@@QAE@XZ 1000a79b f i RemoteOrderDisplayImpl.obj
 0001:000097d8       ??1CComControlBase@ATL@@UAE@XZ 1000a7d8 f i RemoteOrderDisplayImpl.obj
 0001:0000983b       ??1COPOSRemoteOrderDisplay@@UAE@XZ 1000a83b f   RemoteOrderDisplayImpl.obj
 0001:00009883       ?CheckHealth@COPOSRemoteOrderDisplay@@UAGJJPAJ@Z 1000a883 f   RemoteOrderDisplayImpl.obj
 0001:000098d2       ?ClaimDevice@COPOSRemoteOrderDisplay@@UAGJJPAJ@Z 1000a8d2 f   RemoteOrderDisplayImpl.obj
 0001:00009947       ?ClearInput@COPOSRemoteOrderDisplay@@UAGJPAJ@Z 1000a947 f   RemoteOrderDisplayImpl.obj
 0001:00009962       ?ClearOutput@COPOSRemoteOrderDisplay@@UAGJPAJ@Z 1000a962 f   RemoteOrderDisplayImpl.obj
 0001:0000997d       ?ClearVideo@COPOSRemoteOrderDisplay@@UAGJJJPAJ@Z 1000a97d f   RemoteOrderDisplayImpl.obj
 0001:000099f1       ?ClearVideoRegion@COPOSRemoteOrderDisplay@@UAGJJJJJJJPAJ@Z 1000a9f1 f   RemoteOrderDisplayImpl.obj
 0001:00009ab4       ?Close@COPOSRemoteOrderDisplay@@UAGJPAJ@Z 1000aab4 f   RemoteOrderDisplayImpl.obj
 0001:00009b22       ?CompareFirmwareVersion@COPOSRemoteOrderDisplay@@UAGJPA_WPAJ1@Z 1000ab22 f   RemoteOrderDisplayImpl.obj
 0001:00009ba2       ?ControlClock@COPOSRemoteOrderDisplay@@UAGJJJJJJJJJJJPAJ@Z 1000aba2 f   RemoteOrderDisplayImpl.obj
 0001:00009c9d       ?ControlCursor@COPOSRemoteOrderDisplay@@UAGJJJPAJ@Z 1000ac9d f   RemoteOrderDisplayImpl.obj
 0001:00009d11       ?CopyVideoRegion@COPOSRemoteOrderDisplay@@UAGJJJJJJJJPAJ@Z 1000ad11 f   RemoteOrderDisplayImpl.obj
 0001:00009de2       ?DirectIO@COPOSRemoteOrderDisplay@@UAGJJPAJPAPA_W0@Z 1000ade2 f   RemoteOrderDisplayImpl.obj
 0001:00009e90       ?DisplayData@COPOSRemoteOrderDisplay@@UAGJJJJJPA_WPAJ@Z 1000ae90 f   RemoteOrderDisplayImpl.obj
 0001:00009f53       ?DoInvoke@COPOSRemoteOrderDisplay@@IAEJJPAVOposVariant@@IHPAJ_N@Z 1000af53 f   RemoteOrderDisplayImpl.obj
 0001:0000a02f       ?DrawBox@COPOSRemoteOrderDisplay@@UAGJJJJJJJJPAJ@Z 1000b02f f   RemoteOrderDisplayImpl.obj
 0001:0000a100       ?EventClose@COPOSRemoteOrderDisplay@@IAEXXZ 1000b100 f i RemoteOrderDisplayImpl.obj
 0001:0000a133       ?EventInit@COPOSRemoteOrderDisplay@@IAEJXZ 1000b133 f i RemoteOrderDisplayImpl.obj
 0001:0000a1ff       ?EventUninit@COPOSRemoteOrderDisplay@@IAEXXZ 1000b1ff f i RemoteOrderDisplayImpl.obj
 0001:0000a251       ?EventWindowProc@COPOSRemoteOrderDisplay@@IAGJIIJ@Z 1000b251 f i RemoteOrderDisplayImpl.obj
 0001:0000a34f       ?FinalConstruct@COPOSRemoteOrderDisplay@@QAEJXZ 1000b34f f   RemoteOrderDisplayImpl.obj
 0001:0000a388       ?FireEventCleanup@COPOSRemoteOrderDisplay@@IAEXXZ 1000b388 f i RemoteOrderDisplayImpl.obj
 0001:0000a39e       ?FireEventSetup@COPOSRemoteOrderDisplay@@IAE_NXZ 1000b39e f i RemoteOrderDisplayImpl.obj
 0001:0000a3d2       ?FreeVideoRegion@COPOSRemoteOrderDisplay@@UAGJJJPAJ@Z 1000b3d2 f   RemoteOrderDisplayImpl.obj
 0001:0000a446       ?FreezeEvents@COPOSRemoteOrderDisplay@@MAGJH@Z 1000b446 f   RemoteOrderDisplayImpl.obj
 0001:0000a4a6       ?GetOposProp@COPOSRemoteOrderDisplay@@IAEJJPAFJ@Z 1000b4a6 f   RemoteOrderDisplayImpl.obj
 0001:0000a4c9       ?GetOposProp@COPOSRemoteOrderDisplay@@IAEJJPAJJ@Z 1000b4c9 f   RemoteOrderDisplayImpl.obj
 0001:0000a598       ?GetOposProp@COPOSRemoteOrderDisplay@@IAEJJPAPA_WJ@Z 1000b598 f   RemoteOrderDisplayImpl.obj
 0001:0000a674       ?OnDraw@COPOSRemoteOrderDisplay@@MAEJAAUATL_DRAWINFO@@@Z 1000b674 f   RemoteOrderDisplayImpl.obj
 0001:0000a714       ?Open@COPOSRemoteOrderDisplay@@UAGJPA_WPAJ@Z 1000b714 f   RemoteOrderDisplayImpl.obj
 0001:0000af5a       ?ReleaseDevice@COPOSRemoteOrderDisplay@@UAGJPAJ@Z 1000bf5a f   RemoteOrderDisplayImpl.obj
 0001:0000afa9       ?ResetStatistics@COPOSRemoteOrderDisplay@@UAGJPA_WPAJ@Z 1000bfa9 f   RemoteOrderDisplayImpl.obj
 0001:0000b000       ?ResetVideo@COPOSRemoteOrderDisplay@@UAGJJPAJ@Z 1000c000 f   RemoteOrderDisplayImpl.obj
 0001:0000b04f       ?RestoreVideoRegion@COPOSRemoteOrderDisplay@@UAGJJJJJPAJ@Z 1000c04f f   RemoteOrderDisplayImpl.obj
 0001:0000b0f0       ?RetrieveStatistics@COPOSRemoteOrderDisplay@@UAGJPAPA_WPAJ@Z 1000c0f0 f   RemoteOrderDisplayImpl.obj
 0001:0000b147       ?SOProcessID@COPOSRemoteOrderDisplay@@UAGJPAJ@Z 1000c147 f   RemoteOrderDisplayImpl.obj
 0001:0000b15b       ?SaveVideoRegion@COPOSRemoteOrderDisplay@@UAGJJJJJJJPAJ@Z 1000c15b f   RemoteOrderDisplayImpl.obj
 0001:0000b21e       ?SelectCharacterSet@COPOSRemoteOrderDisplay@@UAGJJJPAJ@Z 1000c21e f   RemoteOrderDisplayImpl.obj
 0001:0000b292       ?SetCOFreezeEvents@COPOSRemoteOrderDisplay@@IAEXF@Z 1000c292 f   RemoteOrderDisplayImpl.obj
 0001:0000b332       ?SetCursor@COPOSRemoteOrderDisplay@@UAGJJJJPAJ@Z 1000c332 f   RemoteOrderDisplayImpl.obj
 0001:0000b3c8       ?SetOposProp@COPOSRemoteOrderDisplay@@IAEJJJJ@Z 1000c3c8 f   RemoteOrderDisplayImpl.obj
 0001:0000b4bf       ?TransactionDisplay@COPOSRemoteOrderDisplay@@UAGJJJPAJ@Z 1000c4bf f   RemoteOrderDisplayImpl.obj
 0001:0000b533       ?UpdateFirmware@COPOSRemoteOrderDisplay@@UAGJPA_WPAJ@Z 1000c533 f   RemoteOrderDisplayImpl.obj
 0001:0000b58a       ?UpdateStatistics@COPOSRemoteOrderDisplay@@UAGJPA_WPAJ@Z 1000c58a f   RemoteOrderDisplayImpl.obj
 0001:0000b5e1       ?UpdateVideoRegionAttribute@COPOSRemoteOrderDisplay@@UAGJJJJJJJJPAJ@Z 1000c5e1 f   RemoteOrderDisplayImpl.obj
 0001:0000b6b2       ?VideoSound@COPOSRemoteOrderDisplay@@UAGJJJJJJPAJ@Z 1000c6b2 f   RemoteOrderDisplayImpl.obj
 0001:0000b75e       ?get_AsyncMode@COPOSRemoteOrderDisplay@@UAGJPAF@Z 1000c75e f   RemoteOrderDisplayImpl.obj
[...]
 0002:00004068       ?LcidToLocaleNameTable@?A0x881e4c05@@3QBULcidToLocaleName@1@B 10024068     libucrt:lcidtoname_downlevel.obj
 0002:00005190       ?LocaleNameToIndexTable@?A0x881e4c05@@3QBULocaleNameIndex@1@B 10025190     libucrt:lcidtoname_downlevel.obj
 0002:00006ad0       LOG_name                   10026ad0     libucrt:log10_impl.obj
 0002:00006ae0       _One                       10026ae0     libucrt:ceil_pentium4.obj
 0002:00006af0       _Bns                       10026af0     libucrt:ceil_pentium4.obj
 0002:00006b00       _Zero                      10026b00     libucrt:ceil_pentium4.obj
 0002:00006b10       _S                         10026b10     libucrt:ceil_pentium4.obj
 0002:00006b20       _NegZero                   10026b20     libucrt:ceil_pentium4.obj
 0002:00006b30       emask                      10026b30     libucrt:log10_pentium4.obj
 0002:00006b40       CC                         10026b40     libucrt:log10_pentium4.obj
 0002:00006b50       Magic                      10026b50     libucrt:log10_pentium4.obj
 0002:00006b60       hi_mask                    10026b60     libucrt:log10_pentium4.obj
 0002:00006b70       LOG10_2                    10026b70     libucrt:log10_pentium4.obj
 0002:00006b80       place_L                    10026b80     libucrt:log10_pentium4.obj
 0002:00006ba0       One                        10026ba0     libucrt:log10_pentium4.obj
 0002:00006bb0       Zero                       10026bb0     libucrt:log10_pentium4.obj
 0002:00006bc0       Two52                      10026bc0     libucrt:log10_pentium4.obj
 0002:00006bd0       Infs                       10026bd0     libucrt:log10_pentium4.obj
 0002:00006be0       NaN                        10026be0     libucrt:log10_pentium4.obj
 0002:00006bf0       coeff                      10026bf0     libucrt:log10_pentium4.obj
 0002:00006c4e       _log2max                   10026c4e     libucrt:87tran.obj
 0002:00006c58       _smallarg                  10026c58     libucrt:87tran.obj
 0002:00006c62       _half                      10026c62     libucrt:87tran.obj
 0002:00006cae       One                        10026cae     libucrt:87disp.obj
 0002:00006cb6       Three                      10026cb6     libucrt:87disp.obj
 0002:00006cbe       XAMtoTagTab                10026cbe     libucrt:87disp.obj
 0002:00006cd0       One                        10026cd0     libucrt:common.obj
 0002:00006ce4       DblMax                     10026ce4     libucrt:common.obj
 0002:00006cec       DblMin                     10026cec     libucrt:common.obj
 0002:00006cf4       IeeeAdjO                   10026cf4     libucrt:common.obj
 0002:00006cfc       IeeeAdjU                   10026cfc     libucrt:common.obj
 0002:00006d04       _infinity                  10026d04     libucrt:common.obj
 0002:00006d0c       _zero                      10026d0c     libucrt:common.obj
 0002:00006d58       _over                      10026d58     libucrt:fpctrl.obj
 0002:00006d64       _under                     10026d64     libucrt:fpctrl.obj
 0002:00007598       ?_names@?1??_get_fname@@9@9 10027598     libucrt:fpexcept.obj
 0002:00007740       two32                      10027740     LIBCMT:ftol2.obj
 0002:00007744       two63                      10027744     LIBCMT:ftol2.obj
 0002:00007748       _NaN                       10027748     LIBCMT:ftol2.obj
 0002:00007e08       __sehtable$?_AtlVerifyStackAvailable@_ATL_SAFE_ALLOCA_IMPL@ATL@@YA_NK@Z 10027e08     RemoteOrderDisplay.obj
 0002:00007e28       __sehtable$___scrt_is_nonwritable_in_current_image 10027e28     LIBCMT:utility.obj
 0002:00007e44       __catchsym$??2@YAPAXIABUnothrow_t@std@@@Z$2 10027e44     LIBCMT:new_scalar_nothrow.obj
 0002:00007e54       __unwindtable$??2@YAPAXIABUnothrow_t@std@@@Z 10027e54     LIBCMT:new_scalar_nothrow.obj
 0002:00007e64       __tryblocktable$??2@YAPAXIABUnothrow_t@std@@@Z 10027e64     LIBCMT:new_scalar_nothrow.obj
 0002:00007e78       __ehfuncinfo$??2@YAPAXIABUnothrow_t@std@@@Z 10027e78     LIBCMT:new_scalar_nothrow.obj
 0002:00007ea0       __sehtable$?dllmain_crt_process_attach@@YAHQAUHINSTANCE__@@QAX@Z 10027ea0     LIBCMT:dll_dllmain.obj
 0002:00007ec0       __sehtable$?dllmain_crt_process_detach@@YAH_N@Z 10027ec0     LIBCMT:dll_dllmain.obj
 0002:00007ee8       __sehtable$?dllmain_dispatch@@YAHQAUHINSTANCE__@@KQAX@Z 10027ee8     LIBCMT:dll_dllmain.obj
 0002:00007f98       __sehtable$___DestructExceptionObject 10027f98     libvcruntime:ehhelpers.obj
 0002:00007fb8       __sehtable$?FrameUnwindToState@__FrameHandler3@@SAXPAUEHRegistrationNode@@PAXPBU_s_FuncInfo@@H@Z 10027fb8     libvcruntime:frame.obj
 0002:00007fe0       __sehtable$?CallCatchBlock@@YAPAXPAUEHExceptionRecord@@PAUEHRegistrationNode@@PAU_CONTEXT@@PBU_s_FuncInfo@@PAXHK@Z 10027fe0     libvcruntime:frame.obj
 0002:00008008       __catchsym$?CallUnexpected@@YAXPBU_s_ESTypeList@@@Z$2 10028008     libvcruntime:frame.obj
 0002:00008018       __unwindtable$?CallUnexpected@@YAXPBU_s_ESTypeList@@@Z 10028018     libvcruntime:frame.obj
 0002:00008028       __tryblocktable$?CallUnexpected@@YAXPBU_s_ESTypeList@@@Z 10028028     libvcruntime:frame.obj
 0002:0000803c       __ehfuncinfo$?CallUnexpected@@YAXPBU_s_ESTypeList@@@Z 1002803c     libvcruntime:frame.obj
 0002:00008060       __sehtable$??$BuildCatchObjectHelperInternal@V__FrameHandler3@@@@YAHPAUEHExceptionRecord@@PAXPBU_s_HandlerType@@PBU_s_CatchableType@@@Z 10028060     libvcruntime:frame.obj
 0002:00008080       __sehtable$??$BuildCatchObjectInternal@V__FrameHandler3@@@@YAXPAUEHExceptionRecord@@PAXPBU_s_HandlerType@@PBU_s_CatchableType@@@Z 10028080     libvcruntime:frame.obj
 0002:000080d8       __sehtable$??R<lambda_6e4b09c48022b2350581041d5f6b0c4c>@@QBE@XZ 100280d8     libucrt:exit.obj
 0002:000080f8       __sehtable$??$?RV<lambda_03b1d95aef87969028cfba75ccab2455>@@AAV<lambda_6e4b09c48022b2350581041d5f6b0c4c>@@V<lambda_22bdf7517842c4b3e53723af5aa32b9e>@@@?$__crt_seh_guarded_call@X@@QAEX$$QAV<lambda_03b1d95aef87969028cfba75ccab2455>@@AAV<lambda_6e4b09c48022b2350581041d5f6b0c4c>@@$$QAV<lambda_22bdf7517842c4b3e53723af5aa32b9e>@@@Z 100280f8     libucrt:exit.obj
 0002:00008118       __sehtable$??$?RV<lambda_8e746cf0007f6ed984d6f78af1fec997>@@AAV<lambda_22ebabd17bc4fa466a2aca6d8deb888d>@@V<lambda_18ed0c0b38a6dc0daf1e7ac6d6adf05e>@@@?$__crt_seh_guarded_call@H@@QAEH$$QAV<lambda_8e746cf0007f6ed984d6f78af1fec997>@@AAV<lambda_22ebabd17bc4fa466a2aca6d8deb888d>@@$$QAV<lambda_18ed0c0b38a6dc0daf1e7ac6d6adf05e>@@@Z 10028118     libucrt:onexit.obj
 0002:00008138       __sehtable$??$?RV<lambda_69a2805e680e0e292e8ba93315fe43a8>@@AAV<lambda_f03950bc5685219e0bcd2087efbe011e>@@V<lambda_03fcd07e894ec930e3f35da366ca99d6>@@@?$__crt_seh_guarded_call@H@@QAEH$$QAV<lambda_69a2805e680e0e292e8ba93315fe43a8>@@AAV<lambda_f03950bc5685219e0bcd2087efbe011e>@@$$QAV<lambda_03fcd07e894ec930e3f35da366ca99d6>@@@Z 10028138     libucrt:onexit.obj
 0002:00008158       __sehtable$__query_new_handler 10028158     libucrt:new_handler.obj
 0002:00008178       __sehtable$_terminate      10028178     libucrt:terminate.obj
 0002:00008198       __sehtable$??$?RV<lambda_15ade71b0218206bbe3333a0c9b79046>@@AAV<lambda_da44e0f8b0f19ba52fefafb335991732>@@V<lambda_207f2d024fc103971653565357d6cd41>@@@?$__crt_seh_guarded_call@X@@QAEX$$QAV<lambda_15ade71b0218206bbe3333a0c9b79046>@@AAV<lambda_da44e0f8b0f19ba52fefafb335991732>@@$$QAV<lambda_207f2d024fc103971653565357d6cd41>@@@Z 10028198     libucrt:per_thread_data.obj
 0002:000081b8       __sehtable$??$?RV<lambda_a7e850c220f1c8d1e6efeecdedd162c6>@@AAV<lambda_46720907175c18b6c9d2717bc0d2d362>@@V<lambda_9048902d66e8d99359bc9897bbb930a8>@@@?$__crt_seh_guarded_call@X@@QAEX$$QAV<lambda_a7e850c220f1c8d1e6efeecdedd162c6>@@AAV<lambda_46720907175c18b6c9d2717bc0d2d362>@@$$QAV<lambda_9048902d66e8d99359bc9897bbb930a8>@@@Z 100281b8     libucrt:per_thread_data.obj
 0002:000081d8       __sehtable$??$?RV<lambda_38edbb1296d33220d7e4dd0ed76b244a>@@AAV<lambda_5ce1d447e08cb34b2473517608e21441>@@V<lambda_fb385d3da700c9147fc39e65dd577a8c>@@@?$__crt_seh_guarded_call@X@@QAEX$$QAV<lambda_38edbb1296d33220d7e4dd0ed76b244a>@@AAV<lambda_5ce1d447e08cb34b2473517608e21441>@@$$QAV<lambda_fb385d3da700c9147fc39e65dd577a8c>@@@Z 100281d8     libucrt:per_thread_data.obj
 0002:000081f8       __sehtable$??$?RV<lambda_6affb1475c98b40b75cdec977db92e3c>@@AAV<lambda_b8d4b9c228a6ecc3f80208dbb4b4a104>@@V<lambda_608742c3c92a14382c1684fc64f96c88>@@@?$__crt_seh_guarded_call@X@@QAEX$$QAV<lambda_6affb1475c98b40b75cdec977db92e3c>@@AAV<lambda_b8d4b9c228a6ecc3f80208dbb4b4a104>@@$$QAV<lambda_608742c3c92a14382c1684fc64f96c88>@@@Z 100281f8     libucrt:per_thread_data.obj
 0002:00008218       __sehtable$??$?RV<lambda_e5124f882df8998aaf41531e079ba474>@@AAV<lambda_3e16ef9562a7dcce91392c22ab16ea36>@@V<lambda_e25ca0880e6ef98be67edffd8c599615>@@@?$__crt_seh_guarded_call@X@@QAEX$$QAV<lambda_e5124f882df8998aaf41531e079ba474>@@AAV<lambda_3e16ef9562a7dcce91392c22ab16ea36>@@$$QAV<lambda_e25ca0880e6ef98be67edffd8c599615>@@@Z 10028218     libucrt:wsetlocale.obj
 0002:00008238       __sehtable$___acrt_initialize_lowio 10028238     libucrt:ioinit.obj
 0002:00008258       __sehtable$?update_thread_multibyte_data_internal@@YAPAU__crt_multibyte_data@@QAU__acrt_ptd@@QAPAU1@@Z 10028258     libucrt:mbctype.obj
 0002:00008278       __sehtable$??$?RV<lambda_ceb1ee4838e85a9d631eb091e2fbe199>@@AAV<lambda_ae742caa10f662c28703da3d2ea5e57e>@@V<lambda_cd08b5d6af4937fe54fc07d0c9bf6b37>@@@?$__crt_seh_guarded_call@X@@QAEX$$QAV<lambda_ceb1ee4838e85a9d631eb091e2fbe199>@@AAV<lambda_ae742caa10f662c28703da3d2ea5e57e>@@$$QAV<lambda_cd08b5d6af4937fe54fc07d0c9bf6b37>@@@Z 10028278     libucrt:mbctype.obj
 0002:00008298       __sehtable$_raise          10028298     libucrt:signal.obj
 0002:000082b8       __sehtable$??$?RV<lambda_cbab9ec6f41b0180b23cc171c22676b0>@@AAV<lambda_44731a7d0e6d81c3e6aa82d741081786>@@V<lambda_4b292cb8dd18144e164572427af410ab>@@@?$__crt_seh_guarded_call@P6AXH@Z@@QAEP6AXH@Z$$QAV<lambda_cbab9ec6f41b0180b23cc171c22676b0>@@AAV<lambda_44731a7d0e6d81c3e6aa82d741081786>@@$$QAV<lambda_4b292cb8dd18144e164572427af410ab>@@@Z 100282b8     libucrt:signal.obj
 0002:000082d8       __sehtable$??$?RV<lambda_2866be3712abc81a800a822484c830d8>@@AAV<lambda_39ca0ed439415581b5b15c265174cece>@@V<lambda_2b24c74d71094a6cd0cb82e44167d71b>@@@?$__crt_seh_guarded_call@X@@QAEX$$QAV<lambda_2866be3712abc81a800a822484c830d8>@@AAV<lambda_39ca0ed439415581b5b15c265174cece>@@$$QAV<lambda_2b24c74d71094a6cd0cb82e44167d71b>@@@Z 100282d8     libucrt:fflush.obj
 0002:000082f8       __sehtable$??$?RV<lambda_2cc53f568c5a2bb6f192f930a45d44ea>@@AAV<lambda_ab61a845afdef5b7c387490eaf3616ee>@@V<lambda_c2ffc0b7726aa6be21d5f0026187e748>@@@?$__crt_seh_guarded_call@X@@QAEX$$QAV<lambda_2cc53f568c5a2bb6f192f930a45d44ea>@@AAV<lambda_ab61a845afdef5b7c387490eaf3616ee>@@$$QAV<lambda_c2ffc0b7726aa6be21d5f0026187e748>@@@Z 100282f8     libucrt:fflush.obj
 0002:00008318       __sehtable$___acrt_update_thread_locale_data 10028318     libucrt:locale_refcounting.obj
 0002:00008338       __sehtable$__fcloseall     10028338     libucrt:closeall.obj
 0002:00008358       __sehtable$___acrt_lowio_ensure_fh_exists 10028358     libucrt:osfinfo.obj
 0002:00008378       __sehtable$??$?RV<lambda_9e9de3de5fa147e2223d7db92bc10aa6>@@AAV<lambda_38ce7e780aa69e748d6df282ebc68efe>@@V<lambda_8ca6da459f0f6780f1cff60fdc3d00e5>@@@?$__crt_seh_guarded_call@H@@QAEH$$QAV<lambda_9e9de3de5fa147e2223d7db92bc10aa6>@@AAV<lambda_38ce7e780aa69e748d6df282ebc68efe>@@$$QAV<lambda_8ca6da459f0f6780f1cff60fdc3d00e5>@@@Z 10028378     libucrt:commit.obj
 0002:00008398       __sehtable$__write         10028398     libucrt:write.obj
 0002:000083b8       __sehtable$_fclose         100283b8     libucrt:fclose.obj
 0002:000083d8       __sehtable$??$?RV<lambda_218ce3db14220d0be481dae8ef3383b6>@@AAV<lambda_628dfdc04ba53c8bfc02c9951375f3f5>@@V<lambda_57dc472bd5c9d5f3b2cbca59b8a843ae>@@@?$__crt_seh_guarded_call@H@@QAEH$$QAV<lambda_218ce3db14220d0be481dae8ef3383b6>@@AAV<lambda_628dfdc04ba53c8bfc02c9951375f3f5>@@$$QAV<lambda_57dc472bd5c9d5f3b2cbca59b8a843ae>@@@Z 100283d8     libucrt:close.obj
 0002:000083f8       __sehtable$___set_fpsr_sse2 100283f8     libucrt:fpctrl.obj
 0002:00008418       __sehtable$__IsNonwritableInCurrentImage 10028418     LIBCMT:pesect.obj
 0002:00008440       .edata                     10028440     OPOSRemoteOrderDisplay.exp
 0002:00008468       rgpv                       10028468     OPOSRemoteOrderDisplay.exp
 0002:00008478       rgszName                   10028478     OPOSRemoteOrderDisplay.exp
 0002:00008488       rgwOrd                     10028488     OPOSRemoteOrderDisplay.exp
 0002:00008490       szName                     10028490     OPOSRemoteOrderDisplay.exp
 0002:000084ab       $N00001                    100284ab     OPOSRemoteOrderDisplay.exp
 0002:000084bb       $N00002                    100284bb     OPOSRemoteOrderDisplay.exp
 0002:000084cd       $N00003                    100284cd     OPOSRemoteOrderDisplay.exp
 0002:000084df       $N00004                    100284df     OPOSRemoteOrderDisplay.exp
 0002:00008aee       .idata$6                   10028aee     kernel32:KERNEL32.dll
 0002:00008d02       .idata$6                   10028d02     user32:USER32.dll
 0002:00008e36       .idata$6                   10028e36     gdi32:GDI32.dll
 0002:00008edc       .idata$6                   10028edc     advapi32:ADVAPI32.dll
 0002:00008ff8       .idata$6                   10028ff8     ole32:ole32.dll
 0002:00009002       .idata$6                   10029002     oleaut32:OLEAUT32.dll
 0003:00000110       ?ObjectMap@@3PAU_ATL_OBJMAP_ENTRY30@ATL@@A 1002a110     RemoteOrderDisplay.obj
 0003:000001e8       ?s_SOMethodNames@@3PAPADA  1002a1e8     RemoteOrderDisplayImpl.obj
 0003:00000274       ?s_RequiredMethodsPerRelease@@3PAHA 1002a274     RemoteOrderDisplayImpl.obj
 0003:000002b0       ?__vcrt_flsindex@@3KA      1002a2b0     libvcruntime:per_thread_data.obj
 0003:000002d0       ?errno_no_memory@@3HA      1002a2d0     libucrt:errno.obj
 0003:000002d4       ?doserrno_no_memory@@3KA   1002a2d4     libucrt:errno.obj
 0003:000002e0       ?__acrt_flsindex@@3KA      1002a2e0     libucrt:per_thread_data.obj
 0003:00000678       __mbctypes                 1002a678     libucrt:mbctype.obj
 0003:00000780       __mbcasemaps               1002a780     libucrt:mbctype.obj
 0003:00000880       ?__rgctypeflag@@3PADA      1002a880     libucrt:mbctype.obj
 0003:00000888       ?__rgcode_page_info@@3PAUcode_page_info@@A 1002a888     libucrt:mbctype.obj
 0003:00000ae0       ?__dcrt_lowio_console_output_handle@@3PAXA 1002aae0     libucrt:initcon.obj
 0003:00000ae4       ?__DAZ_ENABLED@?1??__set_fpsr_sse2@@9@9 1002aae4     libucrt:fpctrl.obj
 0003:00000c78       ?is_initialized_as_dll@@3_NA 1002ac78     LIBCMT:utility.obj
 0003:00000c79       ?module_local_atexit_table_initialized@@3_NA 1002ac79     LIBCMT:utility.obj
 0003:00000c7c       ?module_local_atexit_table@@3U_onexit_table_t@@A 1002ac7c     LIBCMT:utility.obj
 0003:00000c88       ?module_local_at_quick_exit_table@@3U_onexit_table_t@@A 1002ac88     LIBCMT:utility.obj
 0003:00000c94       ?g_tss_cv@@3U_RTL_CONDITION_VARIABLE@@A 1002ac94     LIBCMT:thread_safe_statics.obj
 0003:00000c98       ?g_tss_event@@3PAXA        1002ac98     LIBCMT:thread_safe_statics.obj
 0003:00000c9c       ?g_tss_mutex@@3U_RTL_CRITICAL_SECTION@@A 1002ac9c     LIBCMT:thread_safe_statics.obj
 0003:00000cb4       ?g_sleep_condition_variable_cs@@3P6GHPAU_RTL_CONDITION_VARIABLE@@PAU_RTL_CRITICAL_SECTION@@K@ZA 1002acb4     LIBCMT:thread_safe_statics.obj
 0003:00000cb8       ?g_wake_all_condition_variable@@3P6GXPAU_RTL_CONDITION_VARIABLE@@@ZA 1002acb8     LIBCMT:thread_safe_statics.obj
 0003:00000cc0       _GS_ExceptionRecord        1002acc0     LIBCMT:gs_report.obj
 0003:00000d10       _GS_ContextRecord          1002ad10     LIBCMT:gs_report.obj
 0003:00000fe0       ?__proc_attached@@3HA      1002afe0     LIBCMT:dll_dllmain.obj
 0003:0000103c       ?AllocateData@@3P6GPAUAtlThunkData_t@@XZA 1002b03c     atls:atlthunk.obj
 0003:00001040       ?InitData@@3P6GXPAUAtlThunkData_t@@PAXI@ZA 1002b040     atls:atlthunk.obj
 0003:00001044       ?DataToCode@@3P6GP6GJPAUHWND__@@IIJ@ZPAUAtlThunkData_t@@@ZA 1002b044     atls:atlthunk.obj
 0003:00001048       ?FreeData@@3P6GXPAUAtlThunkData_t@@@ZA 1002b048     atls:atlthunk.obj
 0003:0000104c       ?Initialized@@3_NA         1002b04c     atls:atlthunk.obj
 0003:0000105c       ?__vcrt_startup_thread_ptd@@3U__vcrt_ptd@@A 1002b05c     libvcruntime:per_thread_data.obj
 0003:00001084       ___vcrt_lock_table         1002b084     libvcruntime:locks.obj
 0003:0000109c       ___vcrt_locks_initialized  1002b09c     libvcruntime:locks.obj
 0003:000010c8       ?heap@@3V_HeapManager@@A   1002b0c8     libvcruntime:undname.obj
 0003:000010dc       ?module_handles@@3PAPAUHINSTANCE__@@A 1002b0dc     libvcruntime:winapi_downlevel.obj
 0003:000010e8       ?function_pointers@@3PAPAXA 1002b0e8     libvcruntime:winapi_downlevel.obj
 0003:000010fc       ?__acrt_invalid_parameter_handler@@3V?$dual_state_global@P6AXPB_W00II@Z@__crt_state_management@@A 1002b0fc     libucrt:invalid_parameter.obj
 0003:00001100       ?c_termination_complete@@3JA 1002b100     libucrt:exit.obj
 0003:00001104       ?thread_local_exit_callback_func@@3P6GXPAXK0@ZA 1002b104     libucrt:exit.obj
 0003:00001110       ?program_name@?1???$common_configure_argv@D@@YAHW4_crt_argv_mode@@@Z@4PADA 1002b110     libucrt:argv_parsing.obj
 0003:00001240       ?__acrt_new_handler@@3V?$dual_state_global@P6AHI@Z@__crt_state_management@@A 1002b240     libucrt:new_handler.obj
 0003:00001248       ?module_handles@@3PAPAUHINSTANCE__@@A 1002b248     libucrt:winapi_thunks.obj
 0003:00001298       ?encoded_function_pointers@@3PAPAXA 1002b298     libucrt:winapi_thunks.obj
 0003:00001320       ?internal_state@?1??_mbtowc_l@@9@4U_Mbstatet@@A 1002b320     libucrt:mbtowc.obj
 0003:00001330       ?enable_percent_n@@3IA     1002b330     libucrt:printf_count_output.obj
 0003:00001550       ?__acrt_lock_table@@3PAU_RTL_CRITICAL_SECTION@@A 1002b550     libucrt:locks.obj
 0003:000016a0       ?__acrt_locks_initialized@@3IA 1002b6a0     libucrt:locks.obj
 0003:000016b0       ?fSystemSet@@3HA           1002b6b0     libucrt:mbctype.obj
 0003:000016b4       ?initialized@?1??__acrt_initialize_multibyte@@9@4_NA 1002b6b4     libucrt:mbctype.obj
 0003:000016d4       ?ctrlc_action@@3V?$dual_state_global@P6AXH@Z@__crt_state_management@@A 1002b6d4     libucrt:signal.obj
 0003:000016d8       ?ctrlbreak_action@@3V?$dual_state_global@P6AXH@Z@__crt_state_management@@A 1002b6d8     libucrt:signal.obj
 0003:000016dc       ?abort_action@@3V?$dual_state_global@P6AXH@Z@__crt_state_management@@A 1002b6dc     libucrt:signal.obj
 0003:000016e0       ?term_action@@3V?$dual_state_global@P6AXH@Z@__crt_state_management@@A 1002b6e0     libucrt:signal.obj
 0003:000016e4       ?user_matherr@@3V?$dual_state_global@P6AHPAU_exception@@@Z@__crt_state_management@@A 1002b6e4     libucrt:matherr.obj
 0003:000016e8       ?__acrt_global_new_mode@@3V?$dual_state_global@J@__crt_state_management@@A 1002b6e8     libucrt:new_mode.obj
 0003:000016f4       ?internal_pst@?1??__mbrtoc32_utf8@__crt_mbstring@@YAIPA_UPBDIPAU_Mbstatet@@@Z@4U3@A 1002b6f4     libucrt:mbrtoc32.obj
 0003:000016fc       ?__acrt_app_type@@3W4_crt_app_type@@A 1002b6fc     libucrt:report_runtime_error.obj
 0003:00001704       __pmatherr_set             1002b704     libucrt:libm_error.obj
 0004:00000220       $R000000                   1002c220     RemoteOrderDisplay.res
 0004:00000be8       $R0009C8                   1002cbe8     RemoteOrderDisplay.res
 0004:00000cd0       $R000AB0                   1002ccd0     RemoteOrderDisplay.res
 0004:00000f38       $R000D18                   1002cf38     RemoteOrderDisplay.res
 0004:000014e0       $R0012C0                   1002d4e0     RemoteOrderDisplay.res
 0004:00005708       $R0054E8                   10031708     RemoteOrderDisplay.res
 0004:00005750       $R005530                   10031750     RemoteOrderDisplay.res
