 OPOSMICR

 Timestamp is 5ed458bb (Mon Jun  1 10:24:11 2020)

 Preferred load address is 10000000

 Start         Length     Name                   Class
 0001:00000000 00000080H .text$di                CODE
 0001:00000080 0001e1c3H .text$mn                CODE
 0001:0001e243 00000036H .text$x                 CODE
 0001:0001e279 00000042H .text$yd                CODE
 0002:00000000 000002fcH .idata$5                DATA
 0002:000002fc 00000004H .00cfg                  DATA
 0002:00000300 00000004H .CRT$XCA                DATA
 0002:00000304 00000004H .CRT$XCL                DATA
 0002:00000308 00000010H .CRT$XCU                DATA
 0002:00000318 00000004H .CRT$XCZ                DATA
 0002:0000031c 00000004H .CRT$XIA                DATA
 0002:00000320 00000010H .CRT$XIC                DATA
 0002:00000330 00000004H .CRT$XIZ                DATA
 0002:00000334 00000004H .CRT$XLA                DATA
 0002:00000338 00000004H .CRT$XLZ                DATA
 0002:0000033c 00000004H .CRT$XPA                DATA
 0002:00000340 00000008H .CRT$XPX                DATA
 0002:00000348 00000004H .CRT$XPXA               DATA
 0002:0000034c 00000004H .CRT$XPZ                DATA
 0002:00000350 00000004H .CRT$XTA                DATA
 0002:00000354 0000000cH .CRT$XTZ                DATA
 0002:00000358 00000000H .gfids$y                DATA
 0002:00000360 000072d8H .rdata                  DATA
 0002:00007638 00000018H .rdata$T                DATA
 0002:00007650 00000178H .rdata$r                DATA
 0002:000077c8 0000001cH .rdata$sxdata           DATA
 0002:000077e4 000003d8H .rdata$zzzdbg           DATA
 0002:00007bbc 00000004H .rtc$IAA                DATA
 0002:00007bc0 00000004H .rtc$IZZ                DATA
 0002:00007bc4 00000004H .rtc$TAA                DATA
 0002:00007bc8 00000004H .rtc$TZZ                DATA
 0002:00007bcc 00000004H .tls                    DATA
 0002:00007bd0 00000004H .tls$                   DATA
 0002:00007bd4 00000004H .tls$ZZZ                DATA
 0002:00007bd8 0000062cH .xdata$x                DATA
 0002:00008204 00000004H ATL$__a                 DATA
 0002:00008208 00000008H ATL$__z                 DATA
 0002:00008210 000000a8H .edata                  DATA
 0002:000082b8 00000078H .idata$2                DATA
 0002:00008330 00000014H .idata$3                DATA
 0002:00008344 000002fcH .idata$4                DATA
 0002:00008640 00000bceH .idata$6                DATA
 0003:00000000 00000ab0H .data                   DATA
 0003:00000ab0 00000098H .data$r                 DATA
 0003:00000b48 00000b80H .bss                    DATA
 0004:00000000 00000220H .rsrc$01                DATA
 0004:00000220 00004038H .rsrc$02                DATA

  Address         Publics by Value              Rva+Base       Lib:Object

 0000:00000000       ___arm64x_redirection_metadata 00000000     <absolute>
 0000:00000000       ___guard_iat_count         00000000     <absolute>
 0000:00000000       ___x64_code_ranges_to_entry_points 00000000     <absolute>
 0000:00000000       ___guard_fids_count        00000000     <absolute>
 0000:00000000       ___guard_longjmp_table     00000000     <absolute>
 0000:00000000       ___hybrid_code_map_count   00000000     <absolute>
 0000:00000000       ___dynamic_value_reloc_table 00000000     <absolute>
 0000:00000000       ___guard_longjmp_count     00000000     <absolute>
 0000:00000000       __except_list              00000000     <absolute>
 0000:00000000       ___arm64x_native_entrypoint 00000000     <absolute>
 0000:00000000       ___guard_fids_table        00000000     <absolute>
 0000:00000000       ___guard_eh_cont_count     00000000     <absolute>
 0000:00000000       ___hybrid_auxiliary_iat    00000000     <absolute>
 0000:00000000       ___guard_iat_table         00000000     <absolute>
 0000:00000000       ___volatile_metadata       00000000     <absolute>
 0000:00000000       ___enclave_config          00000000     <absolute>
 0000:00000000       ___AbsoluteZero            00000000     <absolute>
 0000:00000000       ___guard_eh_cont_table     00000000     <absolute>
 0000:00000000       ___hybrid_code_map         00000000     <absolute>
 0000:00000007       ___safe_se_handler_count   00000007     <absolute>
 0000:0000002c       __tls_array                0000002c     <absolute>
 0000:00000100       ___guard_flags             00000100     <absolute>
 0000:00000000       ___ImageBase               10000000     <linker-defined>
 0001:00000080       ?DupWide@_CW@@AAEXXZ       10001080 f   CWString.obj
 0001:0000009c       ?cw_dup@@YGXPBDAAHAAPA_W1@Z 1000109c f   CWString.obj
 0001:00000124       ?cw_memcpy@@YGHPA_WPBDH@Z  10001124 f   CWString.obj
 0001:00000150       ?cw_strcpy@@YAHPA_WPBD@Z   10001150 f   CWString.obj
 0001:00000163       ?cw_strlen@@YAHPBD@Z       10001163 f   CWString.obj
 0001:0000017c       ??0CAtlComModule@ATL@@QAE@XZ 1000117c f i OposVariant.obj
 0001:000001c1       ??0CAtlWinModule@ATL@@QAE@XZ 100011c1 f i OposVariant.obj
 0001:000001f8       ??0OposDispParms@@QAE@PAVOposVariant@@H@Z 100011f8 f   OposVariant.obj
 0001:00000269       ??1OposDispParms@@QAE@XZ   10001269 f   OposVariant.obj
 0001:00000277       ??A?$CSimpleArray@GV?$CSimpleArrayEqualHelper@G@ATL@@@ATL@@QAEAAGH@Z 10001277 f i OposVariant.obj
 0001:0000029c       ??_Estringdispid@CComTypeInfoHolder@ATL@@QAEPAXI@Z 1000129c f i OposVariant.obj
 0001:00000308       ?AtlWinModuleInit@ATL@@YGJPAU_ATL_WIN_MODULE70@1@@Z 10001308 f i OposVariant.obj
 0001:0000032e       ?AtlWinModuleTerm@ATL@@YGJPAU_ATL_WIN_MODULE70@1@PAUHINSTANCE__@@@Z 1000132e f i OposVariant.obj
 0001:00000391       ?ChangeBSTR@OposVariant@@QAEXPAPA_WAAJ@Z 10001391 f   OposVariant.obj
 0001:000003d2       ?ChangeLONG@OposVariant@@QAEXPAJAAJ@Z 100013d2 f   OposVariant.obj
 0001:00000413       ?GetLONG@OposVariant@@QAEJXZ 10001413 f   OposVariant.obj
 0001:0000042e       ?Init@CComCriticalSection@ATL@@QAEJXZ 1000142e f i OposVariant.obj
 0001:00000456       ?RemoveAll@?$CSimpleArray@PAUHINSTANCE__@@V?$CSimpleArrayEqualHelper@PAUHINSTANCE__@@@ATL@@@ATL@@QAEXXZ 10001456 f i atls:atlbase.obj
 0001:00000456       ?RemoveAll@?$CSimpleArray@GV?$CSimpleArrayEqualHelper@G@ATL@@@ATL@@QAEXXZ 10001456 f i OposVariant.obj
 0001:00000473       ?SetBSTR@OposVariant@@QAEXPA_WAAJ@Z 10001473 f   OposVariant.obj
 0001:000004a7       ?SetBSTR_Copy@OposVariant@@QAEXPA_WAAJ@Z 100014a7 f   OposVariant.obj
 0001:000004f7       ?SetBSTR_InOutPtr@OposVariant@@QAE_NPAPA_WAAJ@Z 100014f7 f   OposVariant.obj
 0001:0000052e       ?SetDispatch_Ptr@OposVariant@@QAEXPAUIDispatch@@AAJ@Z 1000152e f   OposVariant.obj
 0001:00000569       ?SetLONG@OposVariant@@QAEXJ@Z 10001569 f   OposVariant.obj
 0001:0000058b       ?SetLONG_Ptr@OposVariant@@QAEXPAJAAJ@Z 1000158b f   OposVariant.obj
 0001:000005be       ?SetString@OposVariant@@QAEXPB_WAAJ@Z 100015be f   OposVariant.obj
 0001:00000604       ?SetVARIANT_BOOL@OposVariant@@QAEXF@Z 10001604 f   OposVariant.obj
 0001:0000062e       ?Term@CAtlComModule@ATL@@QAEXXZ 1000162e f i OposVariant.obj
 0001:00000678       ?_AtlRaiseException@ATL@@YAXKK@Z 10001678 f i OposVariant.obj
 0001:0000068d       ?QueryInterface@?$CComObject@VCOPOSMICR@@@ATL@@WJI@AGJABU_GUID@@PAPAX@Z 1000168d f i MICR.obj
 0001:0000069a       ?AddRef@?$CComObject@VCOPOSMICR@@@ATL@@WJI@AGKXZ 1000169a f i MICR.obj
 0001:000006a7       ?Release@?$CComObject@VCOPOSMICR@@@ATL@@WJI@AGKXZ 100016a7 f i MICR.obj
 0001:000006b4       ?QueryInterface@?$CComObject@VCOPOSMICR@@@ATL@@WJM@AGJABU_GUID@@PAPAX@Z 100016b4 f i MICR.obj
 0001:000006c1       ?AddRef@?$CComObject@VCOPOSMICR@@@ATL@@WJM@AGKXZ 100016c1 f i MICR.obj
 0001:000006ce       ?Release@?$CComObject@VCOPOSMICR@@@ATL@@WJM@AGKXZ 100016ce f i MICR.obj
 0001:000006db       ?QueryInterface@?$CComObject@VCOPOSMICR@@@ATL@@WKA@AGJABU_GUID@@PAPAX@Z 100016db f i MICR.obj
 0001:000006e8       ?AddRef@?$CComObject@VCOPOSMICR@@@ATL@@WKA@AGKXZ 100016e8 f i MICR.obj
 0001:000006f5       ?Release@?$CComObject@VCOPOSMICR@@@ATL@@WKA@AGKXZ 100016f5 f i MICR.obj
 0001:00000702       ?AddRef@?$CComObject@VCOPOSMICR@@@ATL@@WKI@AGKXZ 10001702 f i MICR.obj
 0001:0000070f       ?Release@?$CComObject@VCOPOSMICR@@@ATL@@WKI@AGKXZ 1000170f f i MICR.obj
 0001:0000071c       ?AddRef@?$CComObject@VCOPOSMICR@@@ATL@@WLE@AGKXZ 1000171c f i MICR.obj
 0001:00000729       ?Release@?$CComObject@VCOPOSMICR@@@ATL@@WLE@AGKXZ 10001729 f i MICR.obj
 0001:00000736       ??_E?$CComContainedObject@VCOPOSMICR@@@ATL@@W3AEPAXI@Z 10001736 f i MICR.obj
 0001:0000073e       ??_E?$CComContainedObject@VCOPOSMICR@@@ATL@@WEM@AEPAXI@Z 1000173e f i MICR.obj
 0001:00000746       ?QueryInterface@?$CComContainedObject@VCOPOSMICR@@@ATL@@WHA@AGJABU_GUID@@PAPAX@Z 10001746 f i MICR.obj
 0001:00000750       ?AddRef@?$CComContainedObject@VCOPOSMICR@@@ATL@@WHA@AGKXZ 10001750 f i MICR.obj
 0001:0000075a       ?Release@?$CComContainedObject@VCOPOSMICR@@@ATL@@WHA@AGKXZ 1000175a f i MICR.obj
 0001:00000764       ?QueryInterface@?$CComContainedObject@VCOPOSMICR@@@ATL@@WHE@AGJABU_GUID@@PAPAX@Z 10001764 f i MICR.obj
 0001:0000076e       ?AddRef@?$CComContainedObject@VCOPOSMICR@@@ATL@@WHE@AGKXZ 1000176e f i MICR.obj
 0001:00000778       ?Release@?$CComContainedObject@VCOPOSMICR@@@ATL@@WHE@AGKXZ 10001778 f i MICR.obj
 0001:00000782       ?QueryInterface@?$CComContainedObject@VCOPOSMICR@@@ATL@@WHI@AGJABU_GUID@@PAPAX@Z 10001782 f i MICR.obj
 0001:0000078c       ?AddRef@?$CComContainedObject@VCOPOSMICR@@@ATL@@WHI@AGKXZ 1000178c f i MICR.obj
 0001:00000796       ?Release@?$CComContainedObject@VCOPOSMICR@@@ATL@@WHI@AGKXZ 10001796 f i MICR.obj
 0001:000007a0       ?QueryInterface@?$CComContainedObject@VCOPOSMICR@@@ATL@@WHM@AGJABU_GUID@@PAPAX@Z 100017a0 f i MICR.obj
 0001:000007aa       ?AddRef@?$CComContainedObject@VCOPOSMICR@@@ATL@@WHM@AGKXZ 100017aa f i MICR.obj
 0001:000007b4       ?Release@?$CComContainedObject@VCOPOSMICR@@@ATL@@WHM@AGKXZ 100017b4 f i MICR.obj
 0001:000007be       ?QueryInterface@?$CComContainedObject@VCOPOSMICR@@@ATL@@WIA@AGJABU_GUID@@PAPAX@Z 100017be f i MICR.obj
 0001:000007cb       ?AddRef@?$CComContainedObject@VCOPOSMICR@@@ATL@@WIA@AGKXZ 100017cb f i MICR.obj
 0001:000007d8       ?Release@?$CComContainedObject@VCOPOSMICR@@@ATL@@WIA@AGKXZ 100017d8 f i MICR.obj
 0001:000007e5       ?QueryInterface@?$CComContainedObject@VCOPOSMICR@@@ATL@@WIE@AGJABU_GUID@@PAPAX@Z 100017e5 f i MICR.obj
 0001:000007f2       ?AddRef@?$CComContainedObject@VCOPOSMICR@@@ATL@@WIE@AGKXZ 100017f2 f i MICR.obj
 0001:000007ff       ?Release@?$CComContainedObject@VCOPOSMICR@@@ATL@@WIE@AGKXZ 100017ff f i MICR.obj
 0001:0000080c       ?QueryInterface@?$CComContainedObject@VCOPOSMICR@@@ATL@@WII@AGJABU_GUID@@PAPAX@Z 1000180c f i MICR.obj
 0001:00000819       ?AddRef@?$CComContainedObject@VCOPOSMICR@@@ATL@@WII@AGKXZ 10001819 f i MICR.obj
 0001:00000826       ?Release@?$CComContainedObject@VCOPOSMICR@@@ATL@@WII@AGKXZ 10001826 f i MICR.obj
 0001:00000833       ?QueryInterface@?$CComContainedObject@VCOPOSMICR@@@ATL@@WIM@AGJABU_GUID@@PAPAX@Z 10001833 f i MICR.obj
 0001:00000840       ?AddRef@?$CComContainedObject@VCOPOSMICR@@@ATL@@WIM@AGKXZ 10001840 f i MICR.obj
 0001:0000084d       ?Release@?$CComContainedObject@VCOPOSMICR@@@ATL@@WIM@AGKXZ 1000184d f i MICR.obj
 0001:0000085a       ?QueryInterface@?$CComContainedObject@VCOPOSMICR@@@ATL@@WJA@AGJABU_GUID@@PAPAX@Z 1000185a f i MICR.obj
 0001:00000867       ?AddRef@?$CComContainedObject@VCOPOSMICR@@@ATL@@WJA@AGKXZ 10001867 f i MICR.obj
 0001:00000874       ?Release@?$CComContainedObject@VCOPOSMICR@@@ATL@@WJA@AGKXZ 10001874 f i MICR.obj
 0001:00000881       ?QueryInterface@?$CComContainedObject@VCOPOSMICR@@@ATL@@WJE@AGJABU_GUID@@PAPAX@Z 10001881 f i MICR.obj
 0001:0000088e       ?AddRef@?$CComContainedObject@VCOPOSMICR@@@ATL@@WJE@AGKXZ 1000188e f i MICR.obj
 0001:0000089b       ?Release@?$CComContainedObject@VCOPOSMICR@@@ATL@@WJE@AGKXZ 1000189b f i MICR.obj
 0001:000008a8       ?QueryInterface@?$CComContainedObject@VCOPOSMICR@@@ATL@@WJI@AGJABU_GUID@@PAPAX@Z 100018a8 f i MICR.obj
 0001:000008b5       ?AddRef@?$CComContainedObject@VCOPOSMICR@@@ATL@@WJI@AGKXZ 100018b5 f i MICR.obj
 0001:000008c2       ?Release@?$CComContainedObject@VCOPOSMICR@@@ATL@@WJI@AGKXZ 100018c2 f i MICR.obj
 0001:000008cf       ?QueryInterface@?$CComContainedObject@VCOPOSMICR@@@ATL@@WJM@AGJABU_GUID@@PAPAX@Z 100018cf f i MICR.obj
 0001:000008dc       ?AddRef@?$CComContainedObject@VCOPOSMICR@@@ATL@@WJM@AGKXZ 100018dc f i MICR.obj
 0001:000008e9       ?Release@?$CComContainedObject@VCOPOSMICR@@@ATL@@WJM@AGKXZ 100018e9 f i MICR.obj
 0001:000008f6       ?QueryInterface@?$CComContainedObject@VCOPOSMICR@@@ATL@@WKA@AGJABU_GUID@@PAPAX@Z 100018f6 f i MICR.obj
 0001:00000903       ?AddRef@?$CComContainedObject@VCOPOSMICR@@@ATL@@WKA@AGKXZ 10001903 f i MICR.obj
 0001:00000910       ?Release@?$CComContainedObject@VCOPOSMICR@@@ATL@@WKA@AGKXZ 10001910 f i MICR.obj
 0001:0000091d       ?AddRef@?$CComContainedObject@VCOPOSMICR@@@ATL@@WKI@AGKXZ 1000191d f i MICR.obj
 0001:0000092a       ?Release@?$CComContainedObject@VCOPOSMICR@@@ATL@@WKI@AGKXZ 1000192a f i MICR.obj
 0001:00000937       ?AddRef@?$CComContainedObject@VCOPOSMICR@@@ATL@@WLE@AGKXZ 10001937 f i MICR.obj
 0001:00000944       ?Release@?$CComContainedObject@VCOPOSMICR@@@ATL@@WLE@AGKXZ 10001944 f i MICR.obj
 0001:00000951       ?CreateInstance@CComClassFactory@ATL@@UAGJPAUIUnknown@@ABU_GUID@@PAPAX@Z 10001951 f i MICR.obj
 0001:0000098f       ?LockServer@CComClassFactory@ATL@@UAGJH@Z 1000198f f i MICR.obj
 0001:000009ae       ??_ECComClassFactory@ATL@@UAEPAXI@Z 100019ae f i MICR.obj
 0001:000009ae       ??_GCComClassFactory@ATL@@UAEPAXI@Z 100019ae f i MICR.obj
 0001:000009d9       ?GetWindowProc@?$CWindowImplBaseT@VCWindow@ATL@@V?$CWinTraits@$0FGAAAAAA@$0A@@2@@ATL@@UAEP6GJPAUHWND__@@IIJ@ZXZ 100019d9 f i MICR.obj
 0001:000009df       ?StartWindowProc@?$CWindowImplBaseT@VCWindow@ATL@@V?$CWinTraits@$0FGAAAAAA@$0A@@2@@ATL@@SGJPAUHWND__@@IIJ@Z 100019df f i MICR.obj
 0001:00000a33       ?ObjectMain@CComObjectRootBase@ATL@@SGX_N@Z 10001a33 f i MICR.obj
 0001:00000a33       ?OnFinalMessage@?$CWindowImplBaseT@VCWindow@ATL@@V?$CWinTraits@$0FGAAAAAA@$0A@@2@@ATL@@UAEXPAUHWND__@@@Z 10001a33 f i MICR.obj
 0001:00000a36       ?GetTypeInfoCount@?$IDispatchImpl@UIOPOSMICR@@$1?IID_IOPOSMICR@@3U_GUID@@B$1?LIBID_OposMICR_CCO@@3U3@B$00$0A@VCComTypeInfoHolder@ATL@@@ATL@@UAGJPAI@Z 10001a36 f i MICR.obj
 0001:00000a53       ?GetTypeInfo@?$IDispatchImpl@UIOPOSMICR@@$1?IID_IOPOSMICR@@3U_GUID@@B$1?LIBID_OposMICR_CCO@@3U3@B$00$0A@VCComTypeInfoHolder@ATL@@@ATL@@UAGJIKPAPAUITypeInfo@@@Z 10001a53 f i MICR.obj
 0001:00000a77       ?GetIDsOfNames@?$IDispatchImpl@UIOPOSMICR@@$1?IID_IOPOSMICR@@3U_GUID@@B$1?LIBID_OposMICR_CCO@@3U3@B$00$0A@VCComTypeInfoHolder@ATL@@@ATL@@UAGJABU_GUID@@PAPA_WIKPAJ@Z 10001a77 f i MICR.obj
 0001:00000a97       ?Invoke@?$IDispatchImpl@UIOPOSMICR@@$1?IID_IOPOSMICR@@3U_GUID@@B$1?LIBID_OposMICR_CCO@@3U3@B$00$0A@VCComTypeInfoHolder@ATL@@@ATL@@UAGJJABU_GUID@@KGPAUtagDISPPARAMS@@PAUtagVARIANT@@PAUtagEXCEPINFO@@PAI@Z 10001a97 f i MICR.obj
 0001:00000aa5       ?CreateControlWindow@?$CComControl@VCOPOSMICR@@V?$CWindowImpl@VCOPOSMICR@@VCWindow@ATL@@V?$CWinTraits@$0FGAAAAAA@$0A@@3@@ATL@@@ATL@@UAEPAUHWND__@@PAU3@AAUtagRECT@@@Z 10001aa5 f i MICR.obj
 0001:00000ad4       ?ControlQueryInterface@?$CComControl@VCOPOSMICR@@V?$CWindowImpl@VCOPOSMICR@@VCWindow@ATL@@V?$CWinTraits@$0FGAAAAAA@$0A@@3@@ATL@@@ATL@@UAEJABU_GUID@@PAPAX@Z 10001ad4 f i MICR.obj
 0001:00000aef       ?GetClassID@?$IPersistStorageImpl@VCOPOSMICR@@@ATL@@UAGJPAU_GUID@@@Z 10001aef f i MICR.obj
 0001:00000aef       ?GetUserClassID@?$IOleObjectImpl@VCOPOSMICR@@@ATL@@UAGJPAU_GUID@@@Z 10001aef f i MICR.obj
 0001:00000aef       ?GetClassID@?$IPersistStreamInitImpl@VCOPOSMICR@@@ATL@@UAGJPAU_GUID@@@Z 10001aef f i MICR.obj
 0001:00000b13       ?IsDirty@?$IPersistStreamInitImpl@VCOPOSMICR@@@ATL@@UAGJXZ 10001b13 f i MICR.obj
 0001:00000b32       ?Load@?$IPersistStreamInitImpl@VCOPOSMICR@@@ATL@@UAGJPAUIStream@@@Z 10001b32 f i MICR.obj
 0001:00000b51       ?Save@?$IPersistStreamInitImpl@VCOPOSMICR@@@ATL@@UAGJPAUIStream@@H@Z 10001b51 f i MICR.obj
 0001:00000b73       ?GetSizeMax@?$IPersistStreamInitImpl@VCOPOSMICR@@@ATL@@UAGJPAT_ULARGE_INTEGER@@@Z 10001b73 f i MICR.obj
 0001:00000d52       ?InitNew@?$IPersistStreamInitImpl@VCOPOSMICR@@@ATL@@UAGJXZ 10001d52 f i MICR.obj
 0001:00000d6f       ?GetDropTarget@?$IOleInPlaceObjectWindowlessImpl@VCOPOSMICR@@@ATL@@UAGJPAPAUIDropTarget@@@Z 10001d6f f i MICR.obj
 0001:00000d6f       ?ContextSensitiveHelp@?$IOleInPlaceObjectWindowlessImpl@VCOPOSMICR@@@ATL@@UAGJH@Z 10001d6f f i MICR.obj
 0001:00000d6f       ?ContextSensitiveHelp@?$IOleInPlaceActiveObjectImpl@VCOPOSMICR@@@ATL@@UAGJH@Z 10001d6f f i MICR.obj
 0001:00000d6f       ?QueryGetData@?$IDataObjectImpl@VCOPOSMICR@@@ATL@@UAGJPAUtagFORMATETC@@@Z 10001d6f f i MICR.obj
 0001:00000d6f       ?SOOutputCompleteDummy@COPOSMICR@@MAGJJ@Z 10001d6f f i MICR.obj
 0001:00000d6f       ?GetControlInfo@?$IOleControlImpl@VCOPOSMICR@@@ATL@@UAGJPAUtagCONTROLINFO@@@Z 10001d6f f i MICR.obj
 0001:00000d6f       ?SetColorScheme@?$IOleObjectImpl@VCOPOSMICR@@@ATL@@UAGJPAUtagLOGPALETTE@@@Z 10001d6f f i MICR.obj
 0001:00000d6f       ?Unfreeze@?$IViewObjectExImpl@VCOPOSMICR@@@ATL@@UAGJK@Z 10001d6f f i MICR.obj
 0001:00000d6f       ?OnMnemonic@?$IOleControlImpl@VCOPOSMICR@@@ATL@@UAGJPAUtagMSG@@@Z 10001d6f f i MICR.obj
 0001:00000d77       ?OnAmbientPropertyChange@?$IOleControlImpl@VCOPOSMICR@@@ATL@@UAGJJ@Z 10001d77 f i MICR.obj
 0001:00000d77       ?EnableModeless@?$IOleInPlaceActiveObjectImpl@VCOPOSMICR@@@ATL@@UAGJH@Z 10001d77 f i MICR.obj
 0001:00000d77       ?SaveCompleted@?$IPersistStorageImpl@VCOPOSMICR@@@ATL@@UAGJPAUIStorage@@@Z 10001d77 f i MICR.obj
 0001:00000d77       ?OnFrameWindowActivate@?$IOleInPlaceActiveObjectImpl@VCOPOSMICR@@@ATL@@UAGJH@Z 10001d77 f i MICR.obj
 0001:00000d7c       ?SetClientSite@?$IOleObjectImpl@VCOPOSMICR@@@ATL@@UAGJPAUIOleClientSite@@@Z 10001d7c f i MICR.obj
 0001:00000d99       ?GetClientSite@?$IOleObjectImpl@VCOPOSMICR@@@ATL@@UAGJPAPAUIOleClientSite@@@Z 10001d99 f i MICR.obj
 0001:00000db6       ?SetHostNames@?$IOleObjectImpl@VCOPOSMICR@@@ATL@@UAGJPB_W0@Z 10001db6 f i MICR.obj
 0001:00000dbb       ?Close@?$IOleObjectImpl@VCOPOSMICR@@@ATL@@UAGJK@Z 10001dbb f i MICR.obj
 0001:00000dd8       ?EnumFormatEtc@?$IDataObjectImpl@VCOPOSMICR@@@ATL@@UAGJKPAPAUIEnumFORMATETC@@@Z 10001dd8 f i MICR.obj
 0001:00000dd8       ?GetClipboardData@?$IOleObjectImpl@VCOPOSMICR@@@ATL@@UAGJKPAPAUIDataObject@@@Z 10001dd8 f i MICR.obj
 0001:00000dd8       ?GetRect@?$IViewObjectExImpl@VCOPOSMICR@@@ATL@@UAGJKPAU_RECTL@@@Z 10001dd8 f i MICR.obj
 0001:00000dd8       ?SetMoniker@?$IOleObjectImpl@VCOPOSMICR@@@ATL@@UAGJKPAUIMoniker@@@Z 10001dd8 f i MICR.obj
 0001:00000dd8       ?GetDataHere@?$IDataObjectImpl@VCOPOSMICR@@@ATL@@UAGJPAUtagFORMATETC@@PAUtagSTGMEDIUM@@@Z 10001dd8 f i MICR.obj
 0001:00000dd8       ?QueryInterface@CRegObject@ATL@@UAGJABU_GUID@@PAPAX@Z 10001dd8 f i MICR.obj
 0001:00000dd8       ?GetCanonicalFormatEtc@?$IDataObjectImpl@VCOPOSMICR@@@ATL@@UAGJPAUtagFORMATETC@@0@Z 10001dd8 f i MICR.obj
 0001:00000de0       ?SetData@?$IDataObjectImpl@VCOPOSMICR@@@ATL@@UAGJPAUtagFORMATETC@@PAUtagSTGMEDIUM@@H@Z 10001de0 f i MICR.obj
 0001:00000de0       ?InitFromData@?$IOleObjectImpl@VCOPOSMICR@@@ATL@@UAGJPAUIDataObject@@HK@Z 10001de0 f i MICR.obj
 0001:00000de0       ?GetMoniker@?$IOleObjectImpl@VCOPOSMICR@@@ATL@@UAGJKKPAPAUIMoniker@@@Z 10001de0 f i MICR.obj
 0001:00000de8       ?DoVerb@?$IOleObjectImpl@VCOPOSMICR@@@ATL@@UAGJJPAUtagMSG@@PAUIOleClientSite@@JPAUHWND__@@PBUtagRECT@@@Z 10001de8 f i MICR.obj
 0001:00000edc       ?EnumVerbs@?$IOleObjectImpl@VCOPOSMICR@@@ATL@@UAGJPAPAUIEnumOLEVERB@@@Z 10001edc f i MICR.obj
 0001:00000efe       ?IsUpToDate@?$IOleObjectImpl@VCOPOSMICR@@@ATL@@UAGJXZ 10001efe f i MICR.obj
 0001:00000efe       ?Release@CRegObject@ATL@@UAGKXZ 10001efe f i MICR.obj
 0001:00000efe       ?Update@?$IOleObjectImpl@VCOPOSMICR@@@ATL@@UAGJXZ 10001efe f i MICR.obj
 0001:00000efe       ?HandsOffStorage@?$IPersistStorageImpl@VCOPOSMICR@@@ATL@@UAGJXZ 10001efe f i MICR.obj
 0001:00000f03       ?GetUserType@?$IOleObjectImpl@VCOPOSMICR@@@ATL@@UAGJKPAPA_W@Z 10001f03 f i MICR.obj
 0001:00000f1b       ?SetExtent@?$IOleObjectImpl@VCOPOSMICR@@@ATL@@UAGJKPAUtagSIZE@@@Z 10001f1b f i MICR.obj
 0001:00000f3b       ?GetExtent@?$IOleObjectImpl@VCOPOSMICR@@@ATL@@UAGJKPAUtagSIZE@@@Z 10001f3b f i MICR.obj
 0001:00000f79       ?Advise@?$IOleObjectImpl@VCOPOSMICR@@@ATL@@UAGJPAUIAdviseSink@@PAK@Z 10001f79 f i MICR.obj
 0001:00000f99       ?Unadvise@?$IOleObjectImpl@VCOPOSMICR@@@ATL@@UAGJK@Z 10001f99 f i MICR.obj
 0001:00000fc8       ?EnumAdvise@?$IOleObjectImpl@VCOPOSMICR@@@ATL@@UAGJPAPAUIEnumSTATDATA@@@Z 10001fc8 f i MICR.obj
 0001:00001008       ?GetMiscStatus@?$IOleObjectImpl@VCOPOSMICR@@@ATL@@UAGJKPAK@Z 10002008 f i MICR.obj
 0001:00001020       ?GetWindow@?$IOleInPlaceActiveObjectImpl@VCOPOSMICR@@@ATL@@UAGJPAPAUHWND__@@@Z 10002020 f i MICR.obj
 0001:0000106d       ?TranslateAcceleratorW@?$IOleInPlaceActiveObjectImpl@VCOPOSMICR@@@ATL@@UAGJPAUtagMSG@@@Z 1000206d f i MICR.obj
 0001:0000111b       ?OnDocWindowActivate@?$IOleInPlaceActiveObjectImpl@VCOPOSMICR@@@ATL@@UAGJH@Z 1000211b f i MICR.obj
 0001:0000113d       ?ResizeBorder@?$IOleInPlaceActiveObjectImpl@VCOPOSMICR@@@ATL@@UAGJPBUtagRECT@@PAUIOleInPlaceUIWindow@@H@Z 1000213d f i MICR.obj
 0001:00001142       ?Draw@?$IViewObjectExImpl@VCOPOSMICR@@@ATL@@UAGJKJPAXPAUtagDVTARGETDEVICE@@PAUHDC__@@2PBU_RECTL@@3P6GHK@ZK@Z 10002142 f i MICR.obj
 0001:00001174       ?GetColorSet@?$IViewObjectExImpl@VCOPOSMICR@@@ATL@@UAGJKJPAXPAUtagDVTARGETDEVICE@@PAUHDC__@@PAPAUtagLOGPALETTE@@@Z 10002174 f i MICR.obj
 0001:0000117c       ?Freeze@?$IViewObjectExImpl@VCOPOSMICR@@@ATL@@UAGJKJPAXPAK@Z 1000217c f i MICR.obj
 0001:00001184       ?SetAdvise@?$IViewObjectExImpl@VCOPOSMICR@@@ATL@@UAGJKKPAUIAdviseSink@@@Z 10002184 f i MICR.obj
 0001:000011a3       ?GetAdvise@?$IViewObjectExImpl@VCOPOSMICR@@@ATL@@UAGJPAK0PAPAUIAdviseSink@@@Z 100021a3 f i MICR.obj
 0001:000011d8       ?GetExtent@?$IViewObjectExImpl@VCOPOSMICR@@@ATL@@UAGJKJPAUtagDVTARGETDEVICE@@PAUtagSIZE@@@Z 100021d8 f i MICR.obj
 0001:00001209       ?GetViewStatus@?$IViewObjectExImpl@VCOPOSMICR@@@ATL@@UAGJPAK@Z 10002209 f i MICR.obj
 0001:00001226       ?QueryHitPoint@?$IViewObjectExImpl@VCOPOSMICR@@@ATL@@UAGJKPBUtagRECT@@UtagPOINT@@JPAK@Z 10002226 f i MICR.obj
 0001:00001267       ?QueryHitRect@?$IViewObjectExImpl@VCOPOSMICR@@@ATL@@UAGJKPBUtagRECT@@0JPAK@Z 10002267 f i MICR.obj
 0001:000012c2       ?GetNaturalExtent@?$IViewObjectExImpl@VCOPOSMICR@@@ATL@@UAGJKJPAUtagDVTARGETDEVICE@@PAUHDC__@@PAUtagExtentInfo@@PAUtagSIZE@@@Z 100022c2 f i MICR.obj
 0001:0000130d       ?GetWindow@?$IOleInPlaceObjectWindowlessImpl@VCOPOSMICR@@@ATL@@UAGJPAPAUHWND__@@@Z 1000230d f i MICR.obj
 0001:0000135a       ?InPlaceDeactivate@?$IOleInPlaceObjectWindowlessImpl@VCOPOSMICR@@@ATL@@UAGJXZ 1000235a f i MICR.obj
 0001:00001374       ?UIDeactivate@?$IOleInPlaceObjectWindowlessImpl@VCOPOSMICR@@@ATL@@UAGJXZ 10002374 f i MICR.obj
 0001:0000138e       ?SetObjectRects@?$IOleInPlaceObjectWindowlessImpl@VCOPOSMICR@@@ATL@@UAGJPBUtagRECT@@0@Z 1000238e f i MICR.obj
 0001:000013ae       ?ReactivateAndUndo@?$IOleInPlaceObjectWindowlessImpl@VCOPOSMICR@@@ATL@@UAGJXZ 100023ae f i MICR.obj
 0001:000013b6       ?OnWindowMessage@?$IOleInPlaceObjectWindowlessImpl@VCOPOSMICR@@@ATL@@UAGJIIJPAJ@Z 100023b6 f i MICR.obj
 0001:00001426       ?EnumConnectionPoints@?$IConnectionPointContainerImpl@VCOPOSMICR@@@ATL@@UAGJPAPAUIEnumConnectionPoints@@@Z 10002426 f i MICR.obj
 0001:000015b2       ?FindConnectionPoint@?$IConnectionPointContainerImpl@VCOPOSMICR@@@ATL@@UAGJABU_GUID@@PAPAUIConnectionPoint@@@Z 100025b2 f i MICR.obj
 0001:00001655       ?IsDirty@?$IPersistStorageImpl@VCOPOSMICR@@@ATL@@UAGJXZ 10002655 f i MICR.obj
 0001:00001685       ?InitNew@?$IPersistStorageImpl@VCOPOSMICR@@@ATL@@UAGJPAUIStorage@@@Z 10002685 f i MICR.obj
 0001:000016b5       ?Load@?$IPersistStorageImpl@VCOPOSMICR@@@ATL@@UAGJPAUIStorage@@@Z 100026b5 f i MICR.obj
 0001:00001721       ?Save@?$IPersistStorageImpl@VCOPOSMICR@@@ATL@@UAGJPAUIStorage@@H@Z 10002721 f i MICR.obj
 0001:00001794       ?GetPages@?$ISpecifyPropertyPagesImpl@VCOPOSMICR@@@ATL@@UAGJPAUtagCAUUID@@@Z 10002794 f i MICR.obj
 0001:000017ab       ?QuickActivate@?$IQuickActivateImpl@VCOPOSMICR@@@ATL@@UAGJPAUtagQACONTAINER@@PAUtagQACONTROL@@@Z 100027ab f i MICR.obj
 0001:000017ce       ?SetContentExtent@?$IQuickActivateImpl@VCOPOSMICR@@@ATL@@UAGJPAUtagSIZE@@@Z 100027ce f i MICR.obj
 0001:000017fa       ?GetContentExtent@?$IQuickActivateImpl@VCOPOSMICR@@@ATL@@UAGJPAUtagSIZE@@@Z 100027fa f i MICR.obj
 0001:00001834       ?GetData@?$IDataObjectImpl@VCOPOSMICR@@@ATL@@UAGJPAUtagFORMATETC@@PAUtagSTGMEDIUM@@@Z 10002834 f i MICR.obj
 0001:00001857       ?DAdvise@?$IDataObjectImpl@VCOPOSMICR@@@ATL@@UAGJPAUtagFORMATETC@@KPAUIAdviseSink@@PAK@Z 10002857 f i MICR.obj
 0001:00001898       ?DUnadvise@?$IDataObjectImpl@VCOPOSMICR@@@ATL@@UAGJK@Z 10002898 f i MICR.obj
 0001:000018c6       ?EnumDAdvise@?$IDataObjectImpl@VCOPOSMICR@@@ATL@@UAGJPAPAUIEnumSTATDATA@@@Z 100028c6 f i MICR.obj
 0001:00001905       ?GetClassInfoW@?$IProvideClassInfo2Impl@$1?CLSID_OPOSMICR@@3U_GUID@@B$1?DIID__IOPOSMICREvents@@3U2@B$1?LIBID_OposMICR_CCO@@3U2@B$00$0A@VCComTypeInfoHolder@ATL@@@ATL@@UAGJPAPAUITypeInfo@@@Z 10002905 f i MICR.obj
 0001:0000191b       ?GetGUID@?$IProvideClassInfo2Impl@$1?CLSID_OPOSMICR@@3U_GUID@@B$1?DIID__IOPOSMICREvents@@3U2@B$1?LIBID_OposMICR_CCO@@3U2@B$00$0A@VCComTypeInfoHolder@ATL@@@ATL@@UAGJKPAU_GUID@@@Z 1000291b f i MICR.obj
 0001:00001959       ?FAccessAllowed@?$IObjectSafetyImpl@VCOPOSMICR@@$02@ATL@@MAEHXZ 10002959 f i MICR.obj
 0001:00001959       __get_startup_argv_mode    10002959 f i LIBCMT:argv_mode.obj
 0001:0000195d       ?GetInterfaceSafetyOptions@?$IObjectSafetyImpl@VCOPOSMICR@@$02@ATL@@UAGJABU_GUID@@PAK1@Z 1000295d f i MICR.obj
 0001:000019d1       ?SetInterfaceSafetyOptions@?$IObjectSafetyImpl@VCOPOSMICR@@$02@ATL@@UAGJABU_GUID@@KK@Z 100029d1 f i MICR.obj
 0001:00001a4b       ?_LocCPQueryInterface@?$IConnectionPointImpl@VCOPOSMICR@@$1?IID_IPropertyNotifySink@@3U_GUID@@BVCComDynamicUnkArray@ATL@@@ATL@@UAGJABU_GUID@@PAPAX@Z 10002a4b f i MICR.obj
 0001:00001a4b       ?_LocCPQueryInterface@?$IConnectionPointImpl@VCOPOSMICR@@$1?DIID__IOPOSMICREvents@@3U_GUID@@BVCComDynamicUnkArray@ATL@@@ATL@@UAGJABU_GUID@@PAPAX@Z 10002a4b f i MICR.obj
 0001:00001a98       ?GetConnectionInterface@?$IConnectionPointImpl@VCOPOSMICR@@$1?IID_IPropertyNotifySink@@3U_GUID@@BVCComDynamicUnkArray@ATL@@@ATL@@UAGJPAU_GUID@@@Z 10002a98 f i MICR.obj
 0001:00001abc       ?GetConnectionPointContainer@?$IConnectionPointImpl@VCOPOSMICR@@$1?IID_IPropertyNotifySink@@3U_GUID@@BVCComDynamicUnkArray@ATL@@@ATL@@UAGJPAPAUIConnectionPointContainer@@@Z 10002abc f i MICR.obj
 0001:00001adf       ?Advise@?$IConnectionPointImpl@VCOPOSMICR@@$1?DIID__IOPOSMICREvents@@3U_GUID@@BVCComDynamicUnkArray@ATL@@@ATL@@UAGJPAUIUnknown@@PAK@Z 10002adf f i MICR.obj
 0001:00001adf       ?Advise@?$IConnectionPointImpl@VCOPOSMICR@@$1?IID_IPropertyNotifySink@@3U_GUID@@BVCComDynamicUnkArray@ATL@@@ATL@@UAGJPAUIUnknown@@PAK@Z 10002adf f i MICR.obj
 0001:00001b7f       ?Unadvise@?$IConnectionPointImpl@VCOPOSMICR@@$1?IID_IPropertyNotifySink@@3U_GUID@@BVCComDynamicUnkArray@ATL@@@ATL@@UAGJK@Z 10002b7f f i MICR.obj
 0001:00001b7f       ?Unadvise@?$IConnectionPointImpl@VCOPOSMICR@@$1?DIID__IOPOSMICREvents@@3U_GUID@@BVCComDynamicUnkArray@ATL@@@ATL@@UAGJK@Z 10002b7f f i MICR.obj
 0001:00001bbf       ?EnumConnections@?$IConnectionPointImpl@VCOPOSMICR@@$1?IID_IPropertyNotifySink@@3U_GUID@@BVCComDynamicUnkArray@ATL@@@ATL@@UAGJPAPAUIEnumConnections@@@Z 10002bbf f i MICR.obj
 0001:00001bbf       ?EnumConnections@?$IConnectionPointImpl@VCOPOSMICR@@$1?DIID__IOPOSMICREvents@@3U_GUID@@BVCComDynamicUnkArray@ATL@@@ATL@@UAGJPAPAUIEnumConnections@@@Z 10002bbf f i MICR.obj
 0001:00001cba       ?GetObjectDescription@?$CComCoClass@VCOPOSMICR@@$1?CLSID_OPOSMICR@@3U_GUID@@B@ATL@@SGPB_WXZ 10002cba f i MICR.obj
 0001:00001cba       ?GetCategoryMap@CComObjectRootBase@ATL@@SAPBU_ATL_CATMAP_ENTRY@2@XZ 10002cba f i MICR.obj
 0001:00001cbd       ?GetConnectionInterface@?$IConnectionPointImpl@VCOPOSMICR@@$1?DIID__IOPOSMICREvents@@3U_GUID@@BVCComDynamicUnkArray@ATL@@@ATL@@UAGJPAU_GUID@@@Z 10002cbd f i MICR.obj
 0001:00001ce1       ?GetConnectionPointContainer@?$IConnectionPointImpl@VCOPOSMICR@@$1?DIID__IOPOSMICREvents@@3U_GUID@@BVCComDynamicUnkArray@ATL@@@ATL@@UAGJPAPAUIConnectionPointContainer@@@Z 10002ce1 f i MICR.obj
 0001:00001d04       ?UpdateRegistry@COPOSMICR@@SGJH@Z 10002d04 f i MICR.obj
 0001:00001d1c       ?ProcessWindowMessage@COPOSMICR@@UAEHPAUHWND__@@IIJAAJK@Z 10002d1c f i MICR.obj
 0001:00001d65       ?SOData@COPOSMICR@@MAGJJ@Z 10002d65 f i MICR.obj
 0001:00001d9e       ?SODirectIO@COPOSMICR@@MAGJJPAJPAPA_W@Z 10002d9e f i MICR.obj
 0001:00001de7       ?SOError@COPOSMICR@@MAGJJJJPAJ@Z 10002de7 f i MICR.obj
 0001:00001e3c       ?SOStatusUpdate@COPOSMICR@@MAGJJ@Z 10002e3c f i MICR.obj
 0001:00001e75       ?Lock@CAtlModule@ATL@@UAEJXZ 10002e75 f i MICR.obj
 0001:00001e7f       ?Unlock@CAtlModule@ATL@@UAEJXZ 10002e7f f i MICR.obj
 0001:00001e89       ?GetLockCount@CAtlModule@ATL@@UAEJXZ 10002e89 f i MICR.obj
 0001:00001e8d       ?GetGITPtr@CAtlModule@ATL@@UAEJPAPAUIGlobalInterfaceTable@@@Z 10002e8d f i MICR.obj
 0001:00001ed9       ?AddCommonRGSReplacements@?$CAtlModuleT@VCComModule@ATL@@@ATL@@UAEJPAUIRegistrarBase@@@Z 10002ed9 f i MICR.obj
 0001:00001ef3       ?UpdateRegistryFromResourceD@CComModule@ATL@@UAGJIHPAU_ATL_REGMAP_ENTRY@2@@Z 10002ef3 f i MICR.obj
 0001:00001ef3       ?UpdateRegistryFromResourceD@CComModule@ATL@@UAGJPB_WHPAU_ATL_REGMAP_ENTRY@2@@Z 10002ef3 f i MICR.obj
 0001:00001efb       ?UpdateRegistryFromResource@CComModule@ATL@@UAGJPB_WHPAU_ATL_REGMAP_ENTRY@2@@Z 10002efb f i MICR.obj
 0001:00001f04       ?UpdateRegistryFromResource@CComModule@ATL@@UAGJIHPAU_ATL_REGMAP_ENTRY@2@@Z 10002f04 f i MICR.obj
 0001:00001f0d       ??_ECComModule@ATL@@UAEPAXI@Z 10002f0d f i MICR.obj
 0001:00001f0d       ??_GCComModule@ATL@@UAEPAXI@Z 10002f0d f i MICR.obj
 0001:00001f35       ?CreateInstance@?$CComCreator@V?$CComObjectCached@VCComClassFactory@ATL@@@ATL@@@ATL@@SGJPAXABU_GUID@@PAPAX@Z 10002f35 f i MICR.obj
 0001:00001fd5       ?CreateInstance@?$CComCreator2@V?$CComCreator@V?$CComObject@VCOPOSMICR@@@ATL@@@ATL@@V?$CComCreator@V?$CComAggObject@VCOPOSMICR@@@ATL@@@2@@ATL@@SGJPAXABU_GUID@@PAPAX@Z 10002fd5 f i MICR.obj
 0001:00001ff5       ?AddRef@?$CComObjectCached@VCComClassFactory@ATL@@@ATL@@UAGKXZ 10002ff5 f i MICR.obj
 0001:0000201c       ?Release@?$CComObjectCached@VCComClassFactory@ATL@@@ATL@@UAGKXZ 1000301c f i MICR.obj
 0001:00002052       ?QueryInterface@?$CComObjectCached@VCComClassFactory@ATL@@@ATL@@UAGJABU_GUID@@PAPAX@Z 10003052 f i MICR.obj
 0001:0000206c       ??_E?$CComObjectCached@VCComClassFactory@ATL@@@ATL@@UAEPAXI@Z 1000306c f i MICR.obj
 0001:0000206c       ??_G?$CComObjectCached@VCComClassFactory@ATL@@@ATL@@UAEPAXI@Z 1000306c f i MICR.obj
 0001:0000208e       ?Next@?$CComEnumImpl@UIEnumConnectionPoints@@$1?_GUID_b196b285_bab4_101a_b69c_00aa00341d07@@3U__s_GUID@@BPAUIConnectionPoint@@V?$_CopyInterface@UIConnectionPoint@@@ATL@@@ATL@@UAGJKPAPAUIConnectionPoint@@PAK@Z 1000308e f i MICR.obj
 0001:00002165       ?Skip@?$CComEnumImpl@UIEnumConnectionPoints@@$1?_GUID_b196b285_bab4_101a_b69c_00aa00341d07@@3U__s_GUID@@BPAUIConnectionPoint@@V?$_CopyInterface@UIConnectionPoint@@@ATL@@@ATL@@UAGJK@Z 10003165 f i MICR.obj
 0001:00002192       ?Reset@?$CComEnumImpl@UIEnumConnections@@$1?_GUID_b196b287_bab4_101a_b69c_00aa00341d07@@3U__s_GUID@@BUtagCONNECTDATA@@V?$_Copy@UtagCONNECTDATA@@@ATL@@@ATL@@UAGJXZ 10003192 f i MICR.obj
 0001:00002192       ?Reset@?$CComEnumImpl@UIEnumConnectionPoints@@$1?_GUID_b196b285_bab4_101a_b69c_00aa00341d07@@3U__s_GUID@@BPAUIConnectionPoint@@V?$_CopyInterface@UIConnectionPoint@@@ATL@@@ATL@@UAGJXZ 10003192 f i MICR.obj
 0001:000021a4       ?Clone@?$CComEnumImpl@UIEnumConnectionPoints@@$1?_GUID_b196b285_bab4_101a_b69c_00aa00341d07@@3U__s_GUID@@BPAUIConnectionPoint@@V?$_CopyInterface@UIConnectionPoint@@@ATL@@@ATL@@UAGJPAPAUIEnumConnectionPoints@@@Z 100031a4 f i MICR.obj
 0001:00002285       ?AddRef@?$CComObject@V?$CComEnum@UIEnumConnectionPoints@@$1?_GUID_b196b285_bab4_101a_b69c_00aa00341d07@@3U__s_GUID@@BPAUIConnectionPoint@@V?$_CopyInterface@UIConnectionPoint@@@ATL@@VCComSingleThreadModel@6@@ATL@@@ATL@@UAGKXZ 10003285 f i MICR.obj
 0001:00002285       ?AddRef@?$CComObject@V?$CComEnum@UIEnumConnections@@$1?_GUID_b196b287_bab4_101a_b69c_00aa00341d07@@3U__s_GUID@@BUtagCONNECTDATA@@V?$_Copy@UtagCONNECTDATA@@@ATL@@VCComSingleThreadModel@6@@ATL@@@ATL@@UAGKXZ 10003285 f i MICR.obj
 0001:00002296       ?Release@?$CComObject@V?$CComEnum@UIEnumConnectionPoints@@$1?_GUID_b196b285_bab4_101a_b69c_00aa00341d07@@3U__s_GUID@@BPAUIConnectionPoint@@V?$_CopyInterface@UIConnectionPoint@@@ATL@@VCComSingleThreadModel@6@@ATL@@@ATL@@UAGKXZ 10003296 f i MICR.obj
 0001:00002296       ?Release@?$CComObject@V?$CComEnum@UIEnumConnections@@$1?_GUID_b196b287_bab4_101a_b69c_00aa00341d07@@3U__s_GUID@@BUtagCONNECTDATA@@V?$_Copy@UtagCONNECTDATA@@@ATL@@VCComSingleThreadModel@6@@ATL@@@ATL@@UAGKXZ 10003296 f i MICR.obj
 0001:000022d2       ?QueryInterface@?$CComObject@V?$CComEnum@UIEnumConnectionPoints@@$1?_GUID_b196b285_bab4_101a_b69c_00aa00341d07@@3U__s_GUID@@BPAUIConnectionPoint@@V?$_CopyInterface@UIConnectionPoint@@@ATL@@VCComSingleThreadModel@6@@ATL@@@ATL@@UAGJABU_GUID@@PAPAX@Z 100032d2 f i MICR.obj
 0001:000022ec       ??_G?$CComObject@V?$CComEnum@UIEnumConnectionPoints@@$1?_GUID_b196b285_bab4_101a_b69c_00aa00341d07@@3U__s_GUID@@BPAUIConnectionPoint@@V?$_CopyInterface@UIConnectionPoint@@@ATL@@VCComSingleThreadModel@6@@ATL@@@ATL@@UAEPAXI@Z 100032ec f i MICR.obj
 0001:000022ec       ??_E?$CComObject@V?$CComEnum@UIEnumConnectionPoints@@$1?_GUID_b196b285_bab4_101a_b69c_00aa00341d07@@3U__s_GUID@@BPAUIConnectionPoint@@V?$_CopyInterface@UIConnectionPoint@@@ATL@@VCComSingleThreadModel@6@@ATL@@@ATL@@UAEPAXI@Z 100032ec f i MICR.obj
 0001:0000230e       ?AddRef@CRegObject@ATL@@UAGKXZ 1000330e f i MICR.obj
 0001:00002314       ?AddReplacement@CRegObject@ATL@@UAGJPB_W0@Z 10003314 f i MICR.obj
 0001:0000234d       ?ClearReplacements@CRegObject@ATL@@UAGJXZ 1000334d f i MICR.obj
 0001:0000235f       ??_GCRegObject@ATL@@UAEPAXI@Z 1000335f f i MICR.obj
 0001:0000235f       ??_ECRegObject@ATL@@UAEPAXI@Z 1000335f f i MICR.obj
 0001:00002381       ?AddRef@?$CComAggObject@VCOPOSMICR@@@ATL@@UAGKXZ 10003381 f i MICR.obj
 0001:00002392       ?Release@?$CComAggObject@VCOPOSMICR@@@ATL@@UAGKXZ 10003392 f i MICR.obj
 0001:000023ce       ?QueryInterface@?$CComAggObject@VCOPOSMICR@@@ATL@@UAGJABU_GUID@@PAPAX@Z 100033ce f i MICR.obj
 0001:0000241d       ?AddRef@?$CComContainedObject@VCOPOSMICR@@@ATL@@UAGKXZ 1000341d f i MICR.obj
 0001:00002433       ?Release@?$CComContainedObject@VCOPOSMICR@@@ATL@@UAGKXZ 10003433 f i MICR.obj
 0001:00002449       ?QueryInterface@?$CComContainedObject@VCOPOSMICR@@@ATL@@UAGJABU_GUID@@PAPAX@Z 10003449 f i MICR.obj
 0001:00002464       ??_E?$CComAggObject@VCOPOSMICR@@@ATL@@UAEPAXI@Z 10003464 f i MICR.obj
 0001:00002464       ??_G?$CComAggObject@VCOPOSMICR@@@ATL@@UAEPAXI@Z 10003464 f i MICR.obj
 0001:00002489       ?AddRef@?$CComObject@VCOPOSMICR@@@ATL@@UAGKXZ 10003489 f i MICR.obj
 0001:000024a0       ?Release@?$CComObject@VCOPOSMICR@@@ATL@@UAGKXZ 100034a0 f i MICR.obj
 0001:000024e2       ?QueryInterface@?$CComObject@VCOPOSMICR@@@ATL@@UAGJABU_GUID@@PAPAX@Z 100034e2 f i MICR.obj
 0001:000024fc       ?OnDrawAdvanced@CComControlBase@ATL@@UAEJAAUATL_DRAWINFO@@@Z 100034fc f i MICR.obj
 0001:000025ef       ?Next@?$CComEnumImpl@UIEnumConnections@@$1?_GUID_b196b287_bab4_101a_b69c_00aa00341d07@@3U__s_GUID@@BUtagCONNECTDATA@@V?$_Copy@UtagCONNECTDATA@@@ATL@@@ATL@@UAGJKPAUtagCONNECTDATA@@PAK@Z 100035ef f i MICR.obj
 0001:000026c6       ?Skip@?$CComEnumImpl@UIEnumConnections@@$1?_GUID_b196b287_bab4_101a_b69c_00aa00341d07@@3U__s_GUID@@BUtagCONNECTDATA@@V?$_Copy@UtagCONNECTDATA@@@ATL@@@ATL@@UAGJK@Z 100036c6 f i MICR.obj
 0001:000026f3       ?Clone@?$CComEnumImpl@UIEnumConnections@@$1?_GUID_b196b287_bab4_101a_b69c_00aa00341d07@@3U__s_GUID@@BUtagCONNECTDATA@@V?$_Copy@UtagCONNECTDATA@@@ATL@@@ATL@@UAGJPAPAUIEnumConnections@@@Z 100036f3 f i MICR.obj
 0001:000027d4       ?QueryInterface@?$CComObject@V?$CComEnum@UIEnumConnections@@$1?_GUID_b196b287_bab4_101a_b69c_00aa00341d07@@3U__s_GUID@@BUtagCONNECTDATA@@V?$_Copy@UtagCONNECTDATA@@@ATL@@VCComSingleThreadModel@6@@ATL@@@ATL@@UAGJABU_GUID@@PAPAX@Z 100037d4 f i MICR.obj
 0001:000027ee       ??_G?$CComObject@V?$CComEnum@UIEnumConnections@@$1?_GUID_b196b287_bab4_101a_b69c_00aa00341d07@@3U__s_GUID@@BUtagCONNECTDATA@@V?$_Copy@UtagCONNECTDATA@@@ATL@@VCComSingleThreadModel@6@@ATL@@@ATL@@UAEPAXI@Z 100037ee f i MICR.obj
 0001:000027ee       ??_E?$CComObject@V?$CComEnum@UIEnumConnections@@$1?_GUID_b196b287_bab4_101a_b69c_00aa00341d07@@3U__s_GUID@@BUtagCONNECTDATA@@V?$_Copy@UtagCONNECTDATA@@@ATL@@VCComSingleThreadModel@6@@ATL@@@ATL@@UAEPAXI@Z 100037ee f i MICR.obj
 0001:00002810       ??_E?$CComObject@VCOPOSMICR@@@ATL@@W3AEPAXI@Z 10003810 f i MICR.obj
 0001:00002818       ??_E?$CComObject@VCOPOSMICR@@@ATL@@WEM@AEPAXI@Z 10003818 f i MICR.obj
 0001:00002820       ?QueryInterface@?$CComObject@VCOPOSMICR@@@ATL@@WHA@AGJABU_GUID@@PAPAX@Z 10003820 f i MICR.obj
 0001:0000282a       ?AddRef@?$CComObject@VCOPOSMICR@@@ATL@@WHA@AGKXZ 1000382a f i MICR.obj
 0001:00002834       ?Release@?$CComObject@VCOPOSMICR@@@ATL@@WHA@AGKXZ 10003834 f i MICR.obj
 0001:0000283e       ?QueryInterface@?$CComObject@VCOPOSMICR@@@ATL@@WHE@AGJABU_GUID@@PAPAX@Z 1000383e f i MICR.obj
 0001:00002848       ?AddRef@?$CComObject@VCOPOSMICR@@@ATL@@WHE@AGKXZ 10003848 f i MICR.obj
 0001:00002852       ?Release@?$CComObject@VCOPOSMICR@@@ATL@@WHE@AGKXZ 10003852 f i MICR.obj
 0001:0000285c       ?QueryInterface@?$CComObject@VCOPOSMICR@@@ATL@@WHI@AGJABU_GUID@@PAPAX@Z 1000385c f i MICR.obj
 0001:00002866       ?AddRef@?$CComObject@VCOPOSMICR@@@ATL@@WHI@AGKXZ 10003866 f i MICR.obj
 0001:00002870       ?Release@?$CComObject@VCOPOSMICR@@@ATL@@WHI@AGKXZ 10003870 f i MICR.obj
 0001:0000287a       ?QueryInterface@?$CComObject@VCOPOSMICR@@@ATL@@WHM@AGJABU_GUID@@PAPAX@Z 1000387a f i MICR.obj
 0001:00002884       ?AddRef@?$CComObject@VCOPOSMICR@@@ATL@@WHM@AGKXZ 10003884 f i MICR.obj
 0001:0000288e       ?Release@?$CComObject@VCOPOSMICR@@@ATL@@WHM@AGKXZ 1000388e f i MICR.obj
 0001:00002898       ?QueryInterface@?$CComObject@VCOPOSMICR@@@ATL@@WIA@AGJABU_GUID@@PAPAX@Z 10003898 f i MICR.obj
 0001:000028a5       ?AddRef@?$CComObject@VCOPOSMICR@@@ATL@@WIA@AGKXZ 100038a5 f i MICR.obj
 0001:000028b2       ?Release@?$CComObject@VCOPOSMICR@@@ATL@@WIA@AGKXZ 100038b2 f i MICR.obj
 0001:000028bf       ?QueryInterface@?$CComObject@VCOPOSMICR@@@ATL@@WIE@AGJABU_GUID@@PAPAX@Z 100038bf f i MICR.obj
 0001:000028cc       ?AddRef@?$CComObject@VCOPOSMICR@@@ATL@@WIE@AGKXZ 100038cc f i MICR.obj
 0001:000028d9       ?Release@?$CComObject@VCOPOSMICR@@@ATL@@WIE@AGKXZ 100038d9 f i MICR.obj
 0001:000028e6       ?QueryInterface@?$CComObject@VCOPOSMICR@@@ATL@@WII@AGJABU_GUID@@PAPAX@Z 100038e6 f i MICR.obj
 0001:000028f3       ?AddRef@?$CComObject@VCOPOSMICR@@@ATL@@WII@AGKXZ 100038f3 f i MICR.obj
 0001:00002900       ?Release@?$CComObject@VCOPOSMICR@@@ATL@@WII@AGKXZ 10003900 f i MICR.obj
 0001:0000290d       ?QueryInterface@?$CComObject@VCOPOSMICR@@@ATL@@WIM@AGJABU_GUID@@PAPAX@Z 1000390d f i MICR.obj
 0001:0000291a       ?AddRef@?$CComObject@VCOPOSMICR@@@ATL@@WIM@AGKXZ 1000391a f i MICR.obj
 0001:00002927       ?Release@?$CComObject@VCOPOSMICR@@@ATL@@WIM@AGKXZ 10003927 f i MICR.obj
 0001:00002934       ?QueryInterface@?$CComObject@VCOPOSMICR@@@ATL@@WJA@AGJABU_GUID@@PAPAX@Z 10003934 f i MICR.obj
 0001:00002941       ?AddRef@?$CComObject@VCOPOSMICR@@@ATL@@WJA@AGKXZ 10003941 f i MICR.obj
 0001:0000294e       ?Release@?$CComObject@VCOPOSMICR@@@ATL@@WJA@AGKXZ 1000394e f i MICR.obj
 0001:0000295b       ?QueryInterface@?$CComObject@VCOPOSMICR@@@ATL@@WJE@AGJABU_GUID@@PAPAX@Z 1000395b f i MICR.obj
 0001:00002968       ?AddRef@?$CComObject@VCOPOSMICR@@@ATL@@WJE@AGKXZ 10003968 f i MICR.obj
 0001:00002975       ?Release@?$CComObject@VCOPOSMICR@@@ATL@@WJE@AGKXZ 10003975 f i MICR.obj
 0001:00002982       ??$?4UITypeInfo2@@@?$CComPtr@UITypeInfo@@@ATL@@QAEPAUITypeInfo@@ABV?$CComPtr@UITypeInfo2@@@1@@Z 10003982 f i MICR.obj
 0001:000029af       ??$AtlAdd@K@ATL@@YAJPAKKK@Z 100039af f i MICR.obj
 0001:000029d2       ??$AtlAdd@_K@ATL@@YAJPA_K_K1@Z 100039d2 f i MICR.obj
 0001:00002a0a       ??$AtlAddThrow@K@ATL@@YAKKK@Z 10003a0a f i MICR.obj
 0001:00002a30       ??$AtlModuleRegisterWndClassInfoT@VAtlModuleRegisterWndClassInfoParamW@ATL@@@ATL@@YAGPAU_ATL_BASE_MODULE70@0@PAU_ATL_WIN_MODULE70@0@PAU_ATL_WNDCLASSINFOW@0@PAP6GJPAUHWND__@@IIJ@ZVAtlModuleRegisterWndClassInfoParamW@0@@Z 10003a30 f i MICR.obj
 0001:00002b7e       ??$AtlMultiply@H@ATL@@YAJPAHHH@Z 10003b7e f i MICR.obj
 0001:00002bb6       ??$AtlMultiply@K@ATL@@YAJPAKKK@Z 10003bb6 f i MICR.obj
 0001:00002bb6       ??$AtlMultiply@I@ATL@@YAJPAIII@Z 10003bb6 f i MICR.obj
 0001:00002bd8       ??$AtlMultiplyThrow@I@ATL@@YAIII@Z 10003bd8 f i MICR.obj
 0001:00002bfe       ??0?$CComAggObject@VCOPOSMICR@@@ATL@@QAE@PAX@Z 10003bfe f i MICR.obj
 0001:00002c2b       ??0?$CComContainedObject@VCOPOSMICR@@@ATL@@QAE@PAX@Z 10003c2b f i MICR.obj
 0001:00002ce4       ??0?$CComObject@V?$CComEnum@UIEnumConnectionPoints@@$1?_GUID_b196b285_bab4_101a_b69c_00aa00341d07@@3U__s_GUID@@BPAUIConnectionPoint@@V?$_CopyInterface@UIConnectionPoint@@@ATL@@VCComSingleThreadModel@6@@ATL@@@ATL@@QAE@PAX@Z 10003ce4 f i MICR.obj
 0001:00002d12       ??0?$CComObject@V?$CComEnum@UIEnumConnections@@$1?_GUID_b196b287_bab4_101a_b69c_00aa00341d07@@3U__s_GUID@@BUtagCONNECTDATA@@V?$_Copy@UtagCONNECTDATA@@@ATL@@VCComSingleThreadModel@6@@ATL@@@ATL@@QAE@PAX@Z 10003d12 f i MICR.obj
 0001:00002d40       ??0?$CComObject@VCOPOSMICR@@@ATL@@QAE@PAX@Z 10003d40 f i MICR.obj
 0001:00002df7       ??0?$CComQIPtr@UIOleControlSite@@$1?_GUID_b196b289_bab4_101a_b69c_00aa00341d07@@3U__s_GUID@@B@ATL@@QAE@PAUIUnknown@@@Z 10003df7 f i MICR.obj
 0001:00002e20       ??0CAtlModule@ATL@@QAE@XZ  10003e20 f i MICR.obj
 0001:00002e61       ??0CParseBuffer@CRegParser@ATL@@QAE@H@Z 10003e61 f i MICR.obj
 0001:00002e97       ??0_ATL_MSG@ATL@@QAE@PAUHWND__@@IIJH@Z 10003e97 f i MICR.obj
 0001:00002ecf       ??1?$CComAggObject@VCOPOSMICR@@@ATL@@UAE@XZ 10003ecf f i MICR.obj
 0001:00002ef3       ??1?$CComEnumImpl@UIEnumConnectionPoints@@$1?_GUID_b196b285_bab4_101a_b69c_00aa00341d07@@3U__s_GUID@@BPAUIConnectionPoint@@V?$_CopyInterface@UIConnectionPoint@@@ATL@@@ATL@@UAE@XZ 10003ef3 f i MICR.obj
 0001:00002f33       ??1?$CComEnumImpl@UIEnumConnections@@$1?_GUID_b196b287_bab4_101a_b69c_00aa00341d07@@3U__s_GUID@@BUtagCONNECTDATA@@V?$_Copy@UtagCONNECTDATA@@@ATL@@@ATL@@UAE@XZ 10003f33 f i MICR.obj
 0001:00002f73       ??1?$CComObject@V?$CComEnum@UIEnumConnectionPoints@@$1?_GUID_b196b285_bab4_101a_b69c_00aa00341d07@@3U__s_GUID@@BPAUIConnectionPoint@@V?$_CopyInterface@UIConnectionPoint@@@ATL@@VCComSingleThreadModel@6@@ATL@@@ATL@@UAE@XZ 10003f73 f i MICR.obj
 0001:00002f96       ??1?$CComObject@V?$CComEnum@UIEnumConnections@@$1?_GUID_b196b287_bab4_101a_b69c_00aa00341d07@@3U__s_GUID@@BUtagCONNECTDATA@@V?$_Copy@UtagCONNECTDATA@@@ATL@@VCComSingleThreadModel@6@@ATL@@@ATL@@UAE@XZ 10003f96 f i MICR.obj
 0001:00002fb9       ??1?$CComObject@VCOPOSMICR@@@ATL@@UAE@XZ 10003fb9 f i MICR.obj
 0001:00003077       ??1?$CComObjectCached@VCComClassFactory@ATL@@@ATL@@UAE@XZ 10004077 f i MICR.obj
 0001:0000308d       ??1?$CComObjectRootEx@VCComMultiThreadModel@ATL@@@ATL@@QAE@XZ 1000408d f i MICR.obj
 0001:000030a2       ??1CRegObject@ATL@@UAE@XZ  100040a2 f i MICR.obj
 0001:000030c2       ??4?$CComPtr@UIOleClientSite@@@ATL@@QAEPAUIOleClientSite@@PAU2@@Z 100040c2 f i MICR.obj
 0001:000030c2       ??4?$CComPtr@UIAdviseSink@@@ATL@@QAEPAUIAdviseSink@@PAU2@@Z 100040c2 f i MICR.obj
 0001:000030c2       ??4?$CComPtr@UIUnknown@@@ATL@@QAEPAUIUnknown@@PAU2@@Z 100040c2 f i MICR.obj
 0001:000030f6       ??_G?$CComContainedObject@VCOPOSMICR@@@ATL@@UAEPAXI@Z 100040f6 f i MICR.obj
 0001:000030f6       ??_E?$CComContainedObject@VCOPOSMICR@@@ATL@@UAEPAXI@Z 100040f6 f i MICR.obj
 0001:0000311b       ??_E?$CComObject@VCOPOSMICR@@@ATL@@UAEPAXI@Z 1000411b f i MICR.obj
 0001:0000311b       ??_G?$CComObject@VCOPOSMICR@@@ATL@@UAEPAXI@Z 1000411b f i MICR.obj
 0001:00003140       ?Add@?$CSimpleArray@GV?$CSimpleArrayEqualHelper@G@ATL@@@ATL@@QAEHABG@Z 10004140 f i MICR.obj
 0001:000031c4       ?Add@?$CSimpleMap@PA_WPA_WVCExpansionVectorEqualHelper@ATL@@@ATL@@QAEHABQA_W0@Z 100041c4 f i MICR.obj
 0001:00003219       ?Add@CComDynamicUnkArray@ATL@@QAEKPAUIUnknown@@@Z 10004219 f i MICR.obj
 0001:000032cf       ?Add@CExpansionVector@ATL@@QAEHPB_W0@Z 100042cf f i MICR.obj
 0001:000033d8       ?AddString@CParseBuffer@CRegParser@ATL@@QAEHPB_W@Z 100043d8 f i MICR.obj
 0001:0000340d       ?AddTermFunc@CAtlModule@ATL@@QAEJP6GXK@ZK@Z 1000440d f i MICR.obj
 0001:00003470       ?AddValue@CRegParser@ATL@@IAEJAAVCRegKey@2@PB_WPA_W@Z 10004470 f i MICR.obj
 0001:0000378a       ?Allocate@?$CAtlSafeAllocBufferManager@VCCRTAllocator@ATL@@@_ATL_SAFE_ALLOCA_IMPL@ATL@@QAEPAXK@Z 1000478a f i MICR.obj
 0001:000037b7       ?Allocate@?$CTempBuffer@E$0BAA@VCCRTAllocator@ATL@@@ATL@@QAEPAEI@Z 100047b7 f i MICR.obj
 0001:000037e6       ?Allocate@?$CTempBuffer@_W$0BAA@VCCRTAllocator@ATL@@@ATL@@QAEPA_WI@Z 100047e6 f i MICR.obj
 0001:00003815       ?Allocate@?$CTempBuffer@_W$0EAA@VCCRTAllocator@ATL@@@ATL@@QAEPA_WI@Z 10004815 f i MICR.obj
 0001:00003844       ?AllocateHeap@?$CTempBuffer@_W$0EAA@VCCRTAllocator@ATL@@@ATL@@AAEXI@Z 10004844 f i MICR.obj
 0001:00003844       ?AllocateHeap@?$CTempBuffer@_W$0BAA@VCCRTAllocator@ATL@@@ATL@@AAEXI@Z 10004844 f i MICR.obj
 0001:00003844       ?AllocateHeap@?$CTempBuffer@E$0BAA@VCCRTAllocator@ATL@@@ATL@@AAEXI@Z 10004844 f i MICR.obj
 0001:00003869       ?Append@CParseBuffer@CRegParser@ATL@@QAEHPB_WH@Z 10004869 f i MICR.obj
 0001:000038f7       ?AtlCoTaskMemCAlloc@ATL@@YAPAXKK@Z 100048f7 f i MICR.obj
 0001:00003924       ?AtlCoTaskMemRecalloc@ATL@@YAPAXPAXKK@Z 10004924 f i MICR.obj
 0001:00003954       ?AtlComModuleGetClassObject@ATL@@YGJPAU_ATL_COM_MODULE70@1@ABU_GUID@@1PAPAX@Z 10004954 f i MICR.obj
 0001:00003a47       ?AtlComModuleRegisterServer@ATL@@YGJPAU_ATL_COM_MODULE70@1@HPBU_GUID@@@Z 10004a47 f i MICR.obj
 0001:00003acf       ?AtlComModuleUnregisterServer@ATL@@YGJPAU_ATL_COM_MODULE70@1@HPBU_GUID@@@Z 10004acf f i MICR.obj
 0001:00003b57       ?AtlComQIPtrAssign2@ATL@@YAXPAPAUIUnknown@@PAU2@ABU_GUID@@@Z 10004b57 f i MICR.obj
 0001:00003b86       ?AtlCreateTargetDC@ATL@@YGPAUHDC__@@PAU2@PAUtagDVTARGETDEVICE@@@Z 10004b86 f i MICR.obj
 0001:00003bef       ?AtlCrtErrorCheck@ATL@@YAHH@Z 10004bef f i MICR.obj
 0001:00003c2a       ?AtlHiMetricToPixel@ATL@@YGXPBUtagSIZE@@PAU2@@Z 10004c2a f i MICR.obj
 0001:00003c9f       ?AtlHresultFromLastError@ATL@@YAJXZ 10004c9f f i MICR.obj
 0001:00003cb6       ?AtlHresultFromWin32@ATL@@YAJK@Z 10004cb6 f i MICR.obj
 0001:00003ccb       ?AtlInternalOleLoadFromStream@ATL@@YAJPAUIStream@@ABU_GUID@@PAPAXTClassesAllowedInStream@1@K@Z 10004ccb f i MICR.obj
 0001:00003de9       ?AtlInternalQueryInterface@ATL@@YGJPAXPBU_ATL_INTMAP_ENTRY@1@ABU_GUID@@PAPAX@Z 10004de9 f i MICR.obj
 0001:00003e8c       ?AtlLoadTypeLib@ATL@@YGJPAUHINSTANCE__@@PB_WPAPA_WPAPAUITypeLib@@@Z 10004e8c f i MICR.obj
 0001:0000406a       ?AtlRegisterClassCategoriesHelper@ATL@@YGJABU_GUID@@PBU_ATL_CATMAP_ENTRY@1@H@Z 1000506a f i MICR.obj
 0001:00004366       ?AtlRegisterTypeLib@ATL@@YGJPAUHINSTANCE__@@PB_W@Z 10005366 f i MICR.obj
 0001:000044ee       ?AtlThrowImpl@ATL@@YGXJ@Z  100054ee f i MICR.obj
 0001:0000450c       ?AtlUnRegisterTypeLib@ATL@@YGJPAUHINSTANCE__@@PB_W@Z 1000550c f i MICR.obj
 0001:000045b7       ?AtlWinModuleAddCreateWndData@ATL@@YGXPAU_ATL_WIN_MODULE70@1@PAU_AtlCreateWndData@1@PAX@Z 100055b7 f i MICR.obj
 0001:0000460b       ?AtlWinModuleExtractCreateWndData@ATL@@YGPAXPAU_ATL_WIN_MODULE70@1@@Z 1000560b f i MICR.obj
 0001:0000466e       ?AtlWinModuleRegisterClassExW@ATL@@YGGPAU_ATL_WIN_MODULE70@1@PBUtagWNDCLASSEXW@@@Z 1000566e f i MICR.obj
 0001:000046ad       ?CanForceRemoveKey@CRegParser@ATL@@IAEHPB_W@Z 100056ad f i MICR.obj
 0001:000046dc       ?ChToByte@CRegParser@ATL@@KAE_W@Z 100056dc f i MICR.obj
 0001:0000470f       ?Cleanup@CComTypeInfoHolder@ATL@@SGXK@Z 1000570f f i MICR.obj
 0001:00004742       ?ClearReplacements@CExpansionVector@ATL@@QAEJXZ 10005742 f i MICR.obj
 0001:0000477f       ?Close@CRegKey@ATL@@QAEJXZ 1000577f f i MICR.obj
 0001:00004799       ?CreateInstance@?$CComCreator@V?$CComAggObject@VCOPOSMICR@@@ATL@@@ATL@@SGJPAXABU_GUID@@PAPAX@Z 10005799 f i MICR.obj
 0001:0000480e       ?CreateInstance@?$CComCreator@V?$CComObject@VCOPOSMICR@@@ATL@@@ATL@@SGJPAXABU_GUID@@PAPAX@Z 1000580e f i MICR.obj
 0001:0000488e       ?CreateInstance@?$CComObject@V?$CComEnum@UIEnumConnectionPoints@@$1?_GUID_b196b285_bab4_101a_b69c_00aa00341d07@@3U__s_GUID@@BPAUIConnectionPoint@@V?$_CopyInterface@UIConnectionPoint@@@ATL@@VCComSingleThreadModel@6@@ATL@@@ATL@@SGJPAPAV12@@Z 1000588e f i MICR.obj
 0001:000048d8       ?CreateInstance@?$CComObject@V?$CComEnum@UIEnumConnections@@$1?_GUID_b196b287_bab4_101a_b69c_00aa00341d07@@3U__s_GUID@@BUtagCONNECTDATA@@V?$_Copy@UtagCONNECTDATA@@@ATL@@VCComSingleThreadModel@6@@ATL@@@ATL@@SGJPAPAV12@@Z 100058d8 f i MICR.obj
 0001:00004922       ?DefaultReflectionHandler@?$CWindowImplRoot@VCWindow@ATL@@@ATL@@SAHPAUHWND__@@IIJAAJ@Z 10005922 f i MICR.obj
 0001:00004995       ?DeleteSubKey@CRegKey@ATL@@QAEJPB_W@Z 10005995 f i MICR.obj
 0001:00004a0e       ?DoEvent@COPOSMICR@@IAEXIIJ@Z 10005a0e f i MICR.obj
 0001:00004a8e       ?DoVerbHide@?$IOleObjectImpl@VCOPOSMICR@@@ATL@@QAEJPBUtagRECT@@PAUHWND__@@@Z 10005a8e f i MICR.obj
 0001:00004ac4       ?DoVerbInPlaceActivate@?$IOleObjectImpl@VCOPOSMICR@@@ATL@@QAEJPBUtagRECT@@PAUHWND__@@@Z 10005ac4 f i MICR.obj
 0001:00004af7       ?DoVerbPrimary@?$IOleObjectImpl@VCOPOSMICR@@@ATL@@QAEJPBUtagRECT@@PAUHWND__@@@Z 10005af7 f i MICR.obj
 0001:00004b83       ?DoVerbProperties@CComControlBase@ATL@@QAEJPBUtagRECT@@PAUHWND__@@@Z 10005b83 f i MICR.obj
 0001:00004d02       ?DoVerbUIActivate@?$IOleObjectImpl@VCOPOSMICR@@@ATL@@QAEJPBUtagRECT@@PAUHWND__@@@Z 10005d02 f i MICR.obj
 0001:00004d3f       ?DoesVerbActivate@CComControlBase@ATL@@QAEHJ@Z 10005d3f f i MICR.obj
 0001:00004d60       ?DoesVerbUIActivate@CComControlBase@ATL@@QAEHJ@Z 10005d60 f i MICR.obj
 0001:00004d95       ?EndOfVar@CRegParser@ATL@@IAEHXZ 10005d95 f i MICR.obj
 0001:00004db5       ?EscapeSingleQuote@CAtlModule@ATL@@SAXPA_WIPB_W@Z 10005db5 f i MICR.obj
 0001:00004e04       ?FindKey@?$CSimpleMap@PA_WPA_WVCExpansionVectorEqualHelper@ATL@@@ATL@@QBEHABQA_W@Z 10005e04 f i MICR.obj
 0001:00004e3b       ?FireTheEvent@?$CProxy_IOPOSEvents@VCOPOSMICR@@@@IAEXPAVOposVariant@@IAAJPB_WJ@Z 10005e3b f i MICR.obj
 0001:00004ecd       ?FireViewChange@CComControlBase@ATL@@QAEJXZ 10005ecd f i MICR.obj
 0001:00004f16       ?Fire_DataEvent@?$CProxy_IOPOSEvents@VCOPOSMICR@@@@QAEXJ@Z 10005f16 f i MICR.obj
 0001:00004fac       ?Fire_DirectIOEvent@?$CProxy_IOPOSEvents@VCOPOSMICR@@@@QAEXJPAJPAPA_W@Z 10005fac f i MICR.obj
 0001:00005098       ?Fire_ErrorEvent@?$CProxy_IOPOSEvents@VCOPOSMICR@@@@QAEXJJJPAJ@Z 10006098 f i MICR.obj
 0001:00005189       ?Fire_StatusUpdateEvent@?$CProxy_IOPOSEvents@VCOPOSMICR@@@@QAEXJ@Z 10006189 f i MICR.obj
 0001:0000521f       ?FreeHeap@?$CTempBuffer@E$0BAA@VCCRTAllocator@ATL@@@ATL@@AAEXXZ 1000621f f i MICR.obj
 0001:0000521f       ?FreeHeap@?$CTempBuffer@_W$0BAA@VCCRTAllocator@ATL@@@ATL@@AAEXXZ 1000621f f i MICR.obj
 0001:0000521f       ?FreeHeap@?$CTempBuffer@_W$0EAA@VCCRTAllocator@ATL@@@ATL@@AAEXXZ 1000621f f i MICR.obj
 0001:00005228       ?GetAmbientLocaleID@CComControlBase@ATL@@QAEJAAK@Z 10006228 f i MICR.obj
 0001:00005284       ?GetAmbientUserMode@CComControlBase@ATL@@QAEJAAH@Z 10006284 f i MICR.obj
 0001:000052f4       ?GetAt@CComDynamicUnkArray@ATL@@QAEPAUIUnknown@@H@Z 100062f4 f i MICR.obj
 0001:00005310       ?GetClassObject@CComModule@ATL@@QAEJABU_GUID@@0PAPAX@Z 10006310 f i MICR.obj
 0001:000053b2       ?GetConnMap@COPOSMICR@@SAPBU_ATL_CONNMAP_ENTRY@ATL@@PAH@Z 100063b2 f i MICR.obj
 0001:00005422       ?GetCookie@CComDynamicUnkArray@ATL@@QAGKPAPAUIUnknown@@@Z 10006422 f i MICR.obj
 0001:0000545a       ?GetIDsOfNames@CComTypeInfoHolder@ATL@@QAEJABU_GUID@@PAPA_WIKPAJ@Z 1000645a f i MICR.obj
 0001:00005581       ?GetKeyAt@?$CSimpleMap@PA_WPA_WVCExpansionVectorEqualHelper@ATL@@@ATL@@QBEAAPA_WH@Z 10006581 f i MICR.obj
 0001:000055a6       ?GetPagesHelper@?$ISpecifyPropertyPagesImpl@VCOPOSMICR@@@ATL@@IAEJPAUtagCAUUID@@PBUATL_PROPMAP_ENTRY@2@@Z 100065a6 f i MICR.obj
 0001:000056cd       ?GetProperty@?$CComPtr@UIDispatch@@@ATL@@SAJPAUIDispatch@@JPAUtagVARIANT@@@Z 100066cd f i MICR.obj
 0001:0000571c       ?GetSizeMax@CComVariant@ATL@@QBEJPAT_ULARGE_INTEGER@@@Z 1000671c f i MICR.obj
 0001:000058de       ?GetTI@CComTypeInfoHolder@ATL@@QAEJK@Z 100068de f i MICR.obj
 0001:00005abd       ?GetTI@CComTypeInfoHolder@ATL@@QAEJKPAPAUITypeInfo@@@Z 10006abd f i MICR.obj
 0001:00005aff       ?GetUnknown@CComDynamicUnkArray@ATL@@QAGPAUIUnknown@@K@Z 10006aff f i MICR.obj
 0001:00005b20       ?GetValueAt@?$CSimpleMap@PA_WPA_WVCExpansionVectorEqualHelper@ATL@@@ATL@@QBEAAPA_WH@Z 10006b20 f i MICR.obj
 0001:00005b46       ?GetZoomInfo@CComControlBase@ATL@@QAEXAAUATL_DRAWINFO@@@Z 10006b46 f i MICR.obj
 0001:00005bd9       ?HKeyFromString@CRegParser@ATL@@KAPAUHKEY__@@PA_W@Z 10006bd9 f i MICR.obj
 0001:00005c07       ?HasSubKeys@CRegParser@ATL@@IAEHPAUHKEY__@@@Z 10006c07 f i MICR.obj
 0001:00005c3c       ?IDataObject_GetData@CComControlBase@ATL@@QAEJPAUtagFORMATETC@@PAUtagSTGMEDIUM@@@Z 10006c3c f i MICR.obj
 0001:00005de2       ?IOleInPlaceObject_InPlaceDeactivate@CComControlBase@ATL@@QAEJXZ 10006de2 f i MICR.obj
 0001:00005e69       ?IOleInPlaceObject_SetObjectRects@CComControlBase@ATL@@QAEJPBUtagRECT@@0@Z 10006e69 f i MICR.obj
 0001:00005f36       ?IOleInPlaceObject_UIDeactivate@CComControlBase@ATL@@QAEJXZ 10006f36 f i MICR.obj
 0001:00005ff8       ?IOleObject_Advise@CComControlBase@ATL@@QAEJPAUIAdviseSink@@PAK@Z 10006ff8 f i MICR.obj
 0001:00006022       ?IOleObject_Close@CComControlBase@ATL@@QAEJK@Z 10007022 f i MICR.obj
 0001:00006106       ?IOleObject_GetClientSite@CComControlBase@ATL@@QAEJPAPAUIOleClientSite@@@Z 10007106 f i MICR.obj
 0001:0000612f       ?IOleObject_SetClientSite@CComControlBase@ATL@@QAEJPAUIOleClientSite@@@Z 1000712f f i MICR.obj
 0001:0000616e       ?IOleObject_SetExtent@CComControlBase@ATL@@QAEJKPAUtagSIZE@@@Z 1000716e f i MICR.obj
 0001:00006222       ?IPSI_GetIPersistStreamInit@?$IPersistStorageImpl@VCOPOSMICR@@@ATL@@AAEPAUIPersistStreamInit@@XZ 10007222 f i MICR.obj
 0001:000062ca       ?IPersistStreamInit_Load@?$IPersistStreamInitImpl@VCOPOSMICR@@@ATL@@QAEJPAUIStream@@PBUATL_PROPMAP_ENTRY@2@@Z 100072ca f i MICR.obj
 0001:0000653f       ?IPersistStreamInit_Save@?$IPersistStreamInitImpl@VCOPOSMICR@@@ATL@@QAEJPAUIStream@@HPBUATL_PROPMAP_ENTRY@2@@Z 1000753f f i MICR.obj
 0001:0000672d       ?IQuickActivate_QuickActivate@CComControlBase@ATL@@QAEJPAUtagQACONTAINER@@PAUtagQACONTROL@@@Z 1000772d f i MICR.obj
 0001:0000696f       ?IViewObject_Draw@CComControlBase@ATL@@QAEJKJPAXPAUtagDVTARGETDEVICE@@PAUHDC__@@2PBU_RECTL@@3@Z 1000796f f i MICR.obj
 0001:00006a17       ?InPlaceActivate@CComControlBase@ATL@@QAEJJPBUtagRECT@@@Z 10007a17 f i MICR.obj
 0001:00006c88       ?Init@?$CComEnumImpl@UIEnumConnectionPoints@@$1?_GUID_b196b285_bab4_101a_b69c_00aa00341d07@@3U__s_GUID@@BPAUIConnectionPoint@@V?$_CopyInterface@UIConnectionPoint@@@ATL@@@ATL@@QAEJPAPAUIConnectionPoint@@0PAUIUnknown@@W4CComEnumFlags@2@@Z 10007c88 f i MICR.obj
 0001:00006d67       ?Init@?$CComEnumImpl@UIEnumConnections@@$1?_GUID_b196b287_bab4_101a_b69c_00aa00341d07@@3U__s_GUID@@BUtagCONNECTDATA@@V?$_Copy@UtagCONNECTDATA@@@ATL@@@ATL@@QAEJPAUtagCONNECTDATA@@0PAUIUnknown@@W4CComEnumFlags@2@@Z 10007d67 f i MICR.obj
 0001:00006e46       ?Init@CComModule@ATL@@QAEJPAU_ATL_OBJMAP_ENTRY30@2@PAUHINSTANCE__@@PBU_GUID@@@Z 10007e46 f i MICR.obj
 0001:00006ea5       ?Init@CDynamicStdCallThunk2@ATL@@QAEHKPAX@Z 10007ea5 f i MICR.obj
 0001:00006ed0       ?InlineIsEqualUnknown@ATL@@YGHABU_GUID@@@Z 10007ed0 f i MICR.obj
 0001:00006ef8       ?InternalSetAtIndex@?$CSimpleMap@PA_WPA_WVCExpansionVectorEqualHelper@ATL@@@ATL@@QAEXHABQA_W0@Z 10007ef8 f i MICR.obj
 0001:00006f22       ?Invoke@CComTypeInfoHolder@ATL@@QAEJPAUIDispatch@@JABU_GUID@@KGPAUtagDISPPARAMS@@PAUtagVARIANT@@PAUtagEXCEPINFO@@PAI@Z 10007f22 f i MICR.obj
 0001:00006f65       ?IsEqualObject@?$CComPtrBase@UIOleClientSite@@@ATL@@QAE_NPAUIUnknown@@@Z 10007f65 f i MICR.obj
 0001:00006f65       ?IsEqualObject@?$CComPtrBase@UITypeInfo@@@ATL@@QAE_NPAUIUnknown@@@Z 10007f65 f i MICR.obj
 0001:00006fd2       ?IsSpace@CRegParser@ATL@@IAEH_W@Z 10007fd2 f i MICR.obj
 0001:00006ffc       ?LoadNameCache@CComTypeInfoHolder@ATL@@QAEJPAUITypeInfo@@@Z 10007ffc f i MICR.obj
 0001:00007131       ?Lookup@?$CSimpleMap@PA_WPA_WVCExpansionVectorEqualHelper@ATL@@@ATL@@QBEPA_WABQA_W@Z 10008131 f i MICR.obj
 0001:00007157       ?NextToken@CRegParser@ATL@@IAEJPA_W@Z 10008157 f i MICR.obj
 0001:0000728f       ?OnKillFocus@CComControlBase@ATL@@QAEJIIJAAH@Z 1000828f f i MICR.obj
 0001:000072ea       ?OnMouseActivate@CComControlBase@ATL@@QAEJIIJAAH@Z 100082ea f i MICR.obj
 0001:00007358       ?OnPaint@CComControlBase@ATL@@QAEJIIJAAH@Z 10008358 f i MICR.obj
 0001:0000740a       ?OnSetFocus@CComControlBase@ATL@@QAEJIIJAAH@Z 1000840a f i MICR.obj
 0001:00007493       ?Open@CRegKey@ATL@@QAEJPAUHKEY__@@PB_WK@Z 10008493 f i MICR.obj
 0001:000074e8       ?PreProcessBuffer@CRegParser@ATL@@QAEJPA_WPAPA_W@Z 100084e8 f i MICR.obj
 0001:00007757       ?ProcessWindowMessage@?$CComControl@VCOPOSMICR@@V?$CWindowImpl@VCOPOSMICR@@VCWindow@ATL@@V?$CWinTraits@$0FGAAAAAA@$0A@@3@@ATL@@@ATL@@UAEHPAUHWND__@@IIJAAJK@Z 10008757 f i MICR.obj
 0001:000077f6       ?ReadFromStream@CComBSTR@ATL@@QAEJPAUIStream@@@Z 100087f6 f i MICR.obj
 0001:00007919       ?ReadFromStream@CComVariant@ATL@@QAEJPAUIStream@@GTClassesAllowedInStream@2@K@Z 10008919 f i MICR.obj
 0001:00007aa3       ?RecurseDeleteKey@CRegKey@ATL@@QAEJPB_W@Z 10008aa3 f i MICR.obj
 0001:00007b91       ?RegCreateKeyExW@CAtlTransactionManager@ATL@@QAEJPAUHKEY__@@PB_WKPA_WKKQAU_SECURITY_ATTRIBUTES@@PAPAU3@PAK@Z 10008b91 f i MICR.obj
 0001:00007bf4       ?RegDeleteKeyW@CAtlTransactionManager@ATL@@QAEJPAUHKEY__@@PB_W@Z 10008bf4 f i MICR.obj
 0001:00007c46       ?RegOpenKeyExW@CAtlTransactionManager@ATL@@QAEJPAUHKEY__@@PB_WKKPAPAU3@@Z 10008c46 f i MICR.obj
 0001:00007c9d       ?Register@_ATL_WNDCLASSINFOW@ATL@@QAEGPAP6GJPAUHWND__@@IIJ@Z@Z 10008c9d f i MICR.obj
 0001:00007cbd       ?RegisterBuffer@CRegParser@ATL@@QAEJPA_WH@Z 10008cbd f i MICR.obj
 0001:00007e04       ?RegisterFromResource@CRegObject@ATL@@IAEJPB_W00H@Z 10008e04 f i MICR.obj
 0001:00007f3a       ?RegisterServer@?$CAtlModuleT@VCComModule@ATL@@@ATL@@QAEJHPBU_GUID@@@Z 10008f3a f i MICR.obj
 0001:00007f68       ?RegisterServer@CComModule@ATL@@QAEJHPBU_GUID@@@Z 10008f68 f i MICR.obj
 0001:00007fde       ?RegisterSubkeys@CRegParser@ATL@@IAEJPA_WPAUHKEY__@@HH@Z 10008fde f i MICR.obj
 0001:0000868b       ?Remove@CComDynamicUnkArray@ATL@@QAEHK@Z 1000968b f i MICR.obj
 0001:000086b4       ?RemoveAll@?$CSimpleMap@PA_WPA_WVCExpansionVectorEqualHelper@ATL@@@ATL@@QAEXXZ 100096b4 f i MICR.obj
 0001:000086e0       ?ResourceRegisterSz@CRegObject@ATL@@QAGJPB_W00@Z 100096e0 f i MICR.obj
 0001:0000870d       ?ResourceUnregisterSz@CRegObject@ATL@@QAGJPB_W00@Z 1000970d f i MICR.obj
 0001:0000873a       ?SendOnDataChange@CComControlBase@ATL@@QAEJK@Z 1000973a f i MICR.obj
 0001:00008787       ?SetControlFocus@CComControlBase@ATL@@QAEHH@Z 10009787 f i MICR.obj
 0001:00008824       ?SetMultiStringValue@CRegKey@ATL@@QAEJPB_W0@Z 10009824 f i MICR.obj
 0001:00008880       ?SetStringValue@CRegKey@ATL@@QAEJPB_W0K@Z 10009880 f i MICR.obj
 0001:000088c9       ?SkipAssignment@CRegParser@ATL@@IAEJPA_W@Z 100098c9 f i MICR.obj
 0001:0000892e       ?SkipWhiteSpace@CRegParser@ATL@@IAEXXZ 1000992e f i MICR.obj
 0001:00008950       ?StrChrW@CRegParser@ATL@@KAPA_WPA_W_W@Z 10009950 f i MICR.obj
 0001:0000898d       ?Term@CAtlModule@ATL@@QAEXXZ 1000998d f i MICR.obj
 0001:000089e0       ?Term@CComModule@ATL@@QAEXXZ 100099e0 f i MICR.obj
 0001:00008a38       ?UnregisterServer@?$CAtlModuleT@VCComModule@ATL@@@ATL@@QAEJHPBU_GUID@@@Z 10009a38 f i MICR.obj
 0001:00008a5e       ?UnregisterServer@CComModule@ATL@@QAEJHPBU_GUID@@@Z 10009a5e f i MICR.obj
 0001:00008ad4       ?UpdateRegistryFromResource@CAtlModule@ATL@@QAGJIHPAU_ATL_REGMAP_ENTRY@2@@Z 10009ad4 f i MICR.obj
 0001:00008c9f       ?UpdateRegistryFromResource@CAtlModule@ATL@@QAGJPB_WHPAU_ATL_REGMAP_ENTRY@2@@Z 10009c9f f i MICR.obj
 0001:00008e70       ?VTFromRegType@CRegParser@ATL@@KAHPB_WAAG@Z 10009e70 f i MICR.obj
 0001:00008edd       ?WindowProc@?$CWindowImplBaseT@VCWindow@ATL@@V?$CWinTraits@$0FGAAAAAA@$0A@@2@@ATL@@SGJPAUHWND__@@IIJ@Z 10009edd f i MICR.obj
 0001:00008fcf       ?WriteToStream@CComBSTR@ATL@@QAEJPAUIStream@@@Z 10009fcf f i MICR.obj
 0001:00009031       ?WriteToStream@CComVariant@ATL@@QAEJPAUIStream@@@Z 1000a031 f i MICR.obj
 0001:000091ab       ?WriteToStream@CComVariant@ATL@@QAEJPAUIStream@@G@Z 1000a1ab f i MICR.obj
 0001:00009214       ?_AtlInitialConstruct@?$CComObjectRootEx@VCComMultiThreadModel@ATL@@@ATL@@QAEJXZ 1000a214 f i MICR.obj
 0001:00009229       ?_AtlVerifyStackAvailable@_ATL_SAFE_ALLOCA_IMPL@ATL@@YA_NK@Z 1000a229 f i MICR.obj
 0001:000092a7       ?atlCreate@?$CWindowImpl@VCOPOSMICR@@VCWindow@ATL@@V?$CWinTraits@$0FGAAAAAA@$0A@@3@@ATL@@QAEPAUHWND__@@PAU3@V_U_RECT@2@PB_WKKV_U_MENUorID@2@PAX@Z 1000a2a7 f i MICR.obj
 0001:000092eb       ?atlCreate@?$CWindowImplBaseT@VCWindow@ATL@@V?$CWinTraits@$0FGAAAAAA@$0A@@2@@ATL@@QAEPAUHWND__@@PAU3@V_U_RECT@2@PB_WKKV_U_MENUorID@2@GPAX@Z 1000a2eb f i MICR.obj
 0001:00009387       ?copy@?$_Copy@UtagCONNECTDATA@@@ATL@@SAJPAUtagCONNECTDATA@@PBU3@@Z 1000a387 f i MICR.obj
 0001:000093bd       ?copy@?$_CopyInterface@UIConnectionPoint@@@ATL@@SAJPAPAUIConnectionPoint@@PBQAU3@@Z 1000a3bd f i MICR.obj
 0001:000093eb       ?memcpy_s@Checked@ATL@@YAXPAXIPBXI@Z 1000a3eb f i MICR.obj
 0001:0000940a       ?ocscpy_s@@YA_NPA_WIPB_W@Z 1000a40a f i MICR.obj
 0001:00009454       ?wcscpy_s@Checked@ATL@@YAXPA_WIPB_W@Z 1000a454 f i MICR.obj
 0001:00009470       _DllCanUnloadNow@0         1000a470 f   MICR.obj
 0001:0000947c       _DllGetClassObject@12      1000a47c f   MICR.obj
 0001:0000948a       _DllMain@12                1000a48a f   MICR.obj
 0001:000094cc       _DllRegisterServer@0       1000a4cc f   MICR.obj
 0001:000094db       _DllUnregisterServer@0     1000a4db f   MICR.obj
 0001:000094ea       _InlineIsEqualGUID         1000a4ea f i MICR.obj
 0001:0000951a       ___local_stdio_printf_options 1000a51a f i MICR.obj
 0001:00009520       __vswprintf_s_l            1000a520 f i MICR.obj
 0001:000095cd       _swprintf_s                1000a5cd f i MICR.obj
 0001:000095e9       ??0?$CComControl@VCOPOSMICR@@V?$CWindowImpl@VCOPOSMICR@@VCWindow@ATL@@V?$CWinTraits@$0FGAAAAAA@$0A@@3@@ATL@@@ATL@@QAE@XZ 1000a5e9 f i MICRImpl.obj
 0001:00009610       ??0?$CProxy_IOPOSEvents@VCOPOSMICR@@@@QAE@XZ 1000a610 f i MICRImpl.obj
 0001:00009630       ??0CComControlBase@ATL@@QAE@AAPAUHWND__@@@Z 1000a630 f i MICRImpl.obj
 0001:0000967a       ??0COPOSMICR@@QAE@XZ       1000a67a f   MICRImpl.obj
 0001:000096b0       ??1?$CComControl@VCOPOSMICR@@V?$CWindowImpl@VCOPOSMICR@@VCWindow@ATL@@V?$CWinTraits@$0FGAAAAAA@$0A@@3@@ATL@@@ATL@@UAE@XZ 1000a6b0 f i MICRImpl.obj
 0001:000096c9       ??1?$IConnectionPointImpl@VCOPOSMICR@@$1?IID_IPropertyNotifySink@@3U_GUID@@BVCComDynamicUnkArray@ATL@@@ATL@@QAE@XZ 1000a6c9 f i MICRImpl.obj
 0001:000096c9       ??1?$IConnectionPointImpl@VCOPOSMICR@@$1?DIID__IOPOSMICREvents@@3U_GUID@@BVCComDynamicUnkArray@ATL@@@ATL@@QAE@XZ 1000a6c9 f i MICRImpl.obj
 0001:00009706       ??1CComControlBase@ATL@@UAE@XZ 1000a706 f i MICRImpl.obj
 0001:00009769       ??1COPOSMICR@@UAE@XZ       1000a769 f   MICRImpl.obj
 0001:000097b1       ?BeginInsertion@COPOSMICR@@UAGJJPAJ@Z 1000a7b1 f   MICRImpl.obj
 0001:00009800       ?BeginRemoval@COPOSMICR@@UAGJJPAJ@Z 1000a800 f   MICRImpl.obj
 0001:0000984f       ?CheckHealth@COPOSMICR@@UAGJJPAJ@Z 1000a84f f   MICRImpl.obj
 0001:0000989e       ?ClaimDevice@COPOSMICR@@UAGJJPAJ@Z 1000a89e f   MICRImpl.obj
 0001:00009913       ?ClearInput@COPOSMICR@@UAGJPAJ@Z 1000a913 f   MICRImpl.obj
 0001:0000992e       ?ClearInputProperties@COPOSMICR@@UAGJPAJ@Z 1000a92e f   MICRImpl.obj
 0001:00009949       ?Close@COPOSMICR@@UAGJPAJ@Z 1000a949 f   MICRImpl.obj
 0001:000099b7       ?CompareFirmwareVersion@COPOSMICR@@UAGJPA_WPAJ1@Z 1000a9b7 f   MICRImpl.obj
 0001:00009a37       ?DirectIO@COPOSMICR@@UAGJJPAJPAPA_W0@Z 1000aa37 f   MICRImpl.obj
 0001:00009ae5       ?DoInvoke@COPOSMICR@@IAEJJPAVOposVariant@@IHPAJ_N@Z 1000aae5 f   MICRImpl.obj
 0001:00009bc1       ?EndInsertion@COPOSMICR@@UAGJPAJ@Z 1000abc1 f   MICRImpl.obj
 0001:00009bdc       ?EndRemoval@COPOSMICR@@UAGJPAJ@Z 1000abdc f   MICRImpl.obj
 0001:00009bf7       ?EventClose@COPOSMICR@@IAEXXZ 1000abf7 f i MICRImpl.obj
 0001:00009c2a       ?EventInit@COPOSMICR@@IAEJXZ 1000ac2a f i MICRImpl.obj
 0001:00009cf6       ?EventUninit@COPOSMICR@@IAEXXZ 1000acf6 f i MICRImpl.obj
 0001:00009d48       ?EventWindowProc@COPOSMICR@@IAGJIIJ@Z 1000ad48 f i MICRImpl.obj
 0001:00009e1c       ?FinalConstruct@COPOSMICR@@QAEJXZ 1000ae1c f   MICRImpl.obj
 0001:00009e55       ?FireEventCleanup@COPOSMICR@@IAEXXZ 1000ae55 f i MICRImpl.obj
 0001:00009e6b       ?FireEventSetup@COPOSMICR@@IAE_NXZ 1000ae6b f i MICRImpl.obj
 0001:00009e9f       ?FreezeEvents@COPOSMICR@@MAGJH@Z 1000ae9f f   MICRImpl.obj
 0001:00009eff       ?GetOposProp@COPOSMICR@@IAEJJPAFJ@Z 1000aeff f   MICRImpl.obj
 0001:00009f22       ?GetOposProp@COPOSMICR@@IAEJJPAJJ@Z 1000af22 f   MICRImpl.obj
 0001:00009ff1       ?GetOposProp@COPOSMICR@@IAEJJPAPA_WJ@Z 1000aff1 f   MICRImpl.obj
 0001:0000a0cd       ?OnDraw@COPOSMICR@@MAEJAAUATL_DRAWINFO@@@Z 1000b0cd f   MICRImpl.obj
 0001:0000a16d       ?Open@COPOSMICR@@UAGJPA_WPAJ@Z 1000b16d f   MICRImpl.obj
 0001:0000a9b0       ?ReleaseDevice@COPOSMICR@@UAGJPAJ@Z 1000b9b0 f   MICRImpl.obj
 0001:0000a9ff       ?ResetStatistics@COPOSMICR@@UAGJPA_WPAJ@Z 1000b9ff f   MICRImpl.obj
 0001:0000aa56       ?RetrieveStatistics@COPOSMICR@@UAGJPAPA_WPAJ@Z 1000ba56 f   MICRImpl.obj
 0001:0000aaad       ?SOProcessID@COPOSMICR@@UAGJPAJ@Z 1000baad f   MICRImpl.obj
 0001:0000aac1       ?SetCOFreezeEvents@COPOSMICR@@IAEXF@Z 1000bac1 f   MICRImpl.obj
 0001:0000ab61       ?SetOposProp@COPOSMICR@@IAEJJJJ@Z 1000bb61 f   MICRImpl.obj
 0001:0000ac58       ?UpdateFirmware@COPOSMICR@@UAGJPA_WPAJ@Z 1000bc58 f   MICRImpl.obj
 0001:0000acaf       ?UpdateStatistics@COPOSMICR@@UAGJPA_WPAJ@Z 1000bcaf f   MICRImpl.obj
 0001:0000ad06       ?get_AccountNumber@COPOSMICR@@UAGJPAPA_W@Z 1000bd06 f   MICRImpl.obj
 0001:0000ad1f       ?get_Amount@COPOSMICR@@UAGJPAPA_W@Z 1000bd1f f   MICRImpl.obj
 0001:0000ad38       ?get_AutoDisable@COPOSMICR@@UAGJPAF@Z 1000bd38 f   MICRImpl.obj
 0001:0000ad4e       ?get_BankNumber@COPOSMICR@@UAGJPAPA_W@Z 1000bd4e f   MICRImpl.obj
 0001:0000ad67       ?get_BinaryConversion@COPOSMICR@@UAGJPAJ@Z 1000bd67 f   MICRImpl.obj
 0001:0000ad7d       ?get_CapCompareFirmwareVersion@COPOSMICR@@UAGJPAF@Z 1000bd7d f   MICRImpl.obj
 0001:0000ad96       ?get_CapPowerReporting@COPOSMICR@@UAGJPAJ@Z 1000bd96 f   MICRImpl.obj
 0001:0000adaf       ?get_CapStatisticsReporting@COPOSMICR@@UAGJPAF@Z 1000bdaf f   MICRImpl.obj
 0001:0000adc8       ?get_CapUpdateFirmware@COPOSMICR@@UAGJPAF@Z 1000bdc8 f   MICRImpl.obj
 0001:0000ade1       ?get_CapUpdateStatistics@COPOSMICR@@UAGJPAF@Z 1000bde1 f   MICRImpl.obj
 0001:0000adfa       ?get_CapValidationDevice@COPOSMICR@@UAGJPAF@Z 1000bdfa f   MICRImpl.obj
 0001:0000ae13       ?get_CheckHealthText@COPOSMICR@@UAGJPAPA_W@Z 1000be13 f   MICRImpl.obj
 0001:0000ae2c       ?get_CheckType@COPOSMICR@@UAGJPAJ@Z 1000be2c f   MICRImpl.obj
 0001:0000ae45       ?get_Claimed@COPOSMICR@@UAGJPAF@Z 1000be45 f   MICRImpl.obj
 0001:0000ae5b       ?get_ControlObjectDescription@COPOSMICR@@UAGJPAPA_W@Z 1000be5b f   MICRImpl.obj
 0001:0000aea9       ?get_ControlObjectVersion@COPOSMICR@@UAGJPAJ@Z 1000bea9 f   MICRImpl.obj
 0001:0000aebc       ?get_CountryCode@COPOSMICR@@UAGJPAJ@Z 1000bebc f   MICRImpl.obj
 0001:0000aed5       ?get_DataCount@COPOSMICR@@UAGJPAJ@Z 1000bed5 f   MICRImpl.obj
 0001:0000aeeb       ?get_DataEventEnabled@COPOSMICR@@UAGJPAF@Z 1000beeb f   MICRImpl.obj
 0001:0000af01       ?get_DeviceDescription@COPOSMICR@@UAGJPAPA_W@Z 1000bf01 f   MICRImpl.obj
 0001:0000af1a       ?get_DeviceEnabled@COPOSMICR@@UAGJPAF@Z 1000bf1a f   MICRImpl.obj
 0001:0000af30       ?get_DeviceName@COPOSMICR@@UAGJPAPA_W@Z 1000bf30 f   MICRImpl.obj
 0001:0000af49       ?get_EPC@COPOSMICR@@UAGJPAPA_W@Z 1000bf49 f   MICRImpl.obj
 0001:0000af62       ?get_FreezeEvents@COPOSMICR@@UAGJPAF@Z 1000bf62 f   MICRImpl.obj
 0001:0000af78       ?get_OpenResult@COPOSMICR@@UAGJPAJ@Z 1000bf78 f   MICRImpl.obj
 0001:0000af8f       ?get_PowerNotify@COPOSMICR@@UAGJPAJ@Z 1000bf8f f   MICRImpl.obj
 0001:0000afa5       ?get_PowerState@COPOSMICR@@UAGJPAJ@Z 1000bfa5 f   MICRImpl.obj
 0001:0000afbb       ?get_RawData@COPOSMICR@@UAGJPAPA_W@Z 1000bfbb f   MICRImpl.obj
 0001:0000afd4       ?get_ResultCode@COPOSMICR@@UAGJPAJ@Z 1000bfd4 f   MICRImpl.obj
 0001:0000b012       ?get_ResultCodeExtended@COPOSMICR@@UAGJPAJ@Z 1000c012 f   MICRImpl.obj
 0001:0000b028       ?get_SerialNumber@COPOSMICR@@UAGJPAPA_W@Z 1000c028 f   MICRImpl.obj
 0001:0000b041       ?get_ServiceObjectDescription@COPOSMICR@@UAGJPAPA_W@Z 1000c041 f   MICRImpl.obj
 0001:0000b05a       ?get_ServiceObjectVersion@COPOSMICR@@UAGJPAJ@Z 1000c05a f   MICRImpl.obj
 0001:0000b070       ?get_State@COPOSMICR@@UAGJPAJ@Z 1000c070 f   MICRImpl.obj
 0001:0000b09c       ?get_TransitNumber@COPOSMICR@@UAGJPAPA_W@Z 1000c09c f   MICRImpl.obj
 0001:0000b0b5       ?put_AutoDisable@COPOSMICR@@UAGJF@Z 1000c0b5 f   MICRImpl.obj
 0001:0000b0d2       ?put_BinaryConversion@COPOSMICR@@UAGJJ@Z 1000c0d2 f   MICRImpl.obj
 0001:0000b0e8       ?put_DataEventEnabled@COPOSMICR@@UAGJF@Z 1000c0e8 f   MICRImpl.obj
 0001:0000b105       ?put_DeviceEnabled@COPOSMICR@@UAGJF@Z 1000c105 f   MICRImpl.obj
 0001:0000b122       ?put_FreezeEvents@COPOSMICR@@UAGJF@Z 1000c122 f   MICRImpl.obj
 0001:0000b16e       ?put_PowerNotify@COPOSMICR@@UAGJJ@Z 1000c16e f   MICRImpl.obj
 0001:0000b184       ?s_EventWindowProc@COPOSMICR@@KGJPAUHWND__@@IIJ@Z 1000c184 f i MICRImpl.obj
 0001:0000b1d6       ??_U@YAPAXI@Z              1000c1d6 f   LIBCMT:new_array.obj
 0001:0000b1df       ??3@YAXPAXI@Z              1000c1df f   LIBCMT:delete_scalar_size.obj
 0001:0000b1ed       ??_V@YAXPAX@Z              1000c1ed f   LIBCMT:delete_array.obj
 0001:0000b1f2       ??_V@YAXPAXI@Z             1000c1f2 f   LIBCMT:delete_array_size.obj
 0001:0000b244       ___scrt_acquire_startup_lock 1000c244 f   LIBCMT:utility.obj
 0001:0000b276       ___scrt_dllmain_after_initialize_c 1000c276 f   LIBCMT:utility.obj
 0001:0000b2a1       ___scrt_dllmain_before_initialize_c 1000c2a1 f   LIBCMT:utility.obj
 0001:0000b2af       ___scrt_dllmain_crt_thread_attach 1000c2af f   LIBCMT:utility.obj
 0001:0000b2ce       ___scrt_dllmain_crt_thread_detach 1000c2ce f   LIBCMT:utility.obj
 0001:0000b2db       ___scrt_dllmain_exception_filter 1000c2db f   LIBCMT:utility.obj
 0001:0000b30f       ___scrt_dllmain_uninitialize_c 1000c30f f   LIBCMT:utility.obj
 0001:0000b332       ___scrt_dllmain_uninitialize_critical 1000c332 f   LIBCMT:utility.obj
 0001:0000b33f       ___scrt_initialize_crt     1000c33f f   LIBCMT:utility.obj
 0001:0000b378       ___scrt_initialize_onexit_tables 1000c378 f   LIBCMT:utility.obj
 0001:0000b3ff       ___scrt_is_nonwritable_in_current_image 1000c3ff f   LIBCMT:utility.obj
 0001:0000b493       ___scrt_release_startup_lock 1000c493 f   LIBCMT:utility.obj
 0001:0000b4b0       ___scrt_uninitialize_crt   1000c4b0 f   LIBCMT:utility.obj
 0001:0000b4d8       __onexit                   1000c4d8 f   LIBCMT:utility.obj
 0001:0000b505       _atexit                    1000c505 f   LIBCMT:utility.obj
 0001:0000b51a       ??3@YAXPAX@Z               1000c51a f   LIBCMT:delete_scalar.obj
 0001:0000b5e4       __Init_thread_footer       1000c5e4 f   LIBCMT:thread_safe_statics.obj
 0001:0000b62e       __Init_thread_header       1000c62e f   LIBCMT:thread_safe_statics.obj
 0001:0000b680       __Init_thread_notify       1000c680 f   LIBCMT:thread_safe_statics.obj
 0001:0000b6b6       __Init_thread_wait         1000c6b6 f   LIBCMT:thread_safe_statics.obj
 0001:0000b704       ___raise_securityfailure   1000c704 f   LIBCMT:gs_report.obj
 0001:0000b72c       ___report_gsfailure        1000c72c f   LIBCMT:gs_report.obj
 0001:0000b825       ___report_rangecheckfailure 1000c825 f   LIBCMT:gs_report.obj
 0001:0000b831       ___report_securityfailure  1000c831 f   LIBCMT:gs_report.obj
 0001:0000b8ff       ??2@YAPAXIABUnothrow_t@std@@@Z 1000c8ff f   LIBCMT:new_scalar_nothrow.obj
 0001:0000b94f       ??_U@YAPAXIABUnothrow_t@std@@@Z 1000c94f f   LIBCMT:new_array_nothrow.obj
 0001:0000b958       @__security_check_cookie@4 1000c958 f   LIBCMT:secchk.obj
 0001:0000b970       __SEH_prolog4_GS           1000c970 f   LIBCMT:sehprolg4gs.obj
 0001:0000b9b9       __SEH_epilog4_GS           1000c9b9 f   LIBCMT:sehprolg4gs.obj
 0001:0000b9d0       __alloca_probe_16          1000c9d0 f   LIBCMT:alloca16.obj
 0001:0000b9e6       __alloca_probe_8           1000c9e6     LIBCMT:alloca16.obj
 0001:0000ba00       __chkstk                   1000ca00 f   LIBCMT:chkstk.obj
 0001:0000ba00       __alloca_probe             1000ca00 f   LIBCMT:chkstk.obj
 0001:0000bd6d       __DllMainCRTStartup@12     1000cd6d f   LIBCMT:dll_dllmain.obj
 0001:0000bd90       ??2@YAPAXI@Z               1000cd90 f   LIBCMT:new_scalar.obj
 0001:0000bdc0       ___isa_available_init      1000cdc0 f   LIBCMT:cpu_disp.obj
 0001:0000bf90       ___scrt_is_ucrt_dll_in_use 1000cf90 f   LIBCMT:ucrt_detection.obj
 0001:0000bf9c       ___scrt_fastfail           1000cf9c f   LIBCMT:utility_desktop.obj
 0001:0000c0b6       __crt_debugger_hook        1000d0b6 f   LIBCMT:utility_desktop.obj
 0001:0000c0c0       __SEH_prolog4              1000d0c0 f   LIBCMT:sehprolg4.obj
 0001:0000c106       __SEH_epilog4              1000d106 f   LIBCMT:sehprolg4.obj
 0001:0000c11b       @_guard_check_icall_nop@4  1000d11b f i LIBCMT:guard_support.obj
 0001:0000c169       ___security_init_cookie    1000d169 f   LIBCMT:gs_support.obj
 0001:0000c1b4       ?__scrt_initialize_type_info@@YAXXZ 1000d1b4 f   LIBCMT:tncleanup.obj
 0001:0000c1c0       ?__scrt_uninitialize_type_info@@YAXXZ 1000d1c0 f   LIBCMT:tncleanup.obj
 0001:0000c1cc       ___local_stdio_scanf_options 1000d1cc f i LIBCMT:default_local_stdio_options.obj
 0001:0000c1d2       ___scrt_initialize_default_local_stdio_options 1000d1d2 f   LIBCMT:default_local_stdio_options.obj
 0001:0000c1ef       ___scrt_get_dyn_tls_init_callback 1000d1ef f   LIBCMT:dyn_tls_init.obj
 0001:0000c1f5       __RTC_Initialize           1000d1f5 f   LIBCMT:initsect.obj
 0001:0000c221       __RTC_Terminate            1000d221 f   LIBCMT:initsect.obj
 0001:0000c24d       ??0bad_alloc@std@@QAE@ABV01@@Z 1000d24d f i LIBCMT:throw_bad_alloc.obj
 0001:0000c268       ??0bad_alloc@std@@QAE@XZ   1000d268 f i LIBCMT:throw_bad_alloc.obj
 0001:0000c280       ??0bad_array_new_length@std@@QAE@ABV01@@Z 1000d280 f i LIBCMT:throw_bad_alloc.obj
 0001:0000c29b       ??0bad_array_new_length@std@@QAE@XZ 1000d29b f i LIBCMT:throw_bad_alloc.obj
 0001:0000c2b3       ??0exception@std@@QAE@ABV01@@Z 1000d2b3 f i LIBCMT:throw_bad_alloc.obj
 0001:0000c2df       ??1bad_exception@std@@UAE@XZ 1000d2df f i libvcruntime:frame.obj
 0001:0000c2df       ??1bad_array_new_length@std@@UAE@XZ 1000d2df f i LIBCMT:throw_bad_alloc.obj
 0001:0000c2df       ??1bad_alloc@std@@UAE@XZ   1000d2df f i LIBCMT:throw_bad_alloc.obj
 0001:0000c2f0       ??_Ebad_array_new_length@std@@UAEPAXI@Z 1000d2f0 f i LIBCMT:throw_bad_alloc.obj
 0001:0000c2f0       ??_Ebad_alloc@std@@UAEPAXI@Z 1000d2f0 f i LIBCMT:throw_bad_alloc.obj
 0001:0000c2f0       ??_Ebad_exception@std@@UAEPAXI@Z 1000d2f0 f i libvcruntime:frame.obj
 0001:0000c2f0       ??_Gexception@std@@UAEPAXI@Z 1000d2f0 f i LIBCMT:throw_bad_alloc.obj
 0001:0000c2f0       ??_Eexception@std@@UAEPAXI@Z 1000d2f0 f i LIBCMT:throw_bad_alloc.obj
 0001:0000c2f0       ??_Gbad_exception@std@@UAEPAXI@Z 1000d2f0 f i libvcruntime:frame.obj
 0001:0000c2f0       ??_Gbad_array_new_length@std@@UAEPAXI@Z 1000d2f0 f i LIBCMT:throw_bad_alloc.obj
 0001:0000c2f0       ??_Gbad_alloc@std@@UAEPAXI@Z 1000d2f0 f i LIBCMT:throw_bad_alloc.obj
 0001:0000c31d       ?__scrt_throw_std_bad_alloc@@YAXXZ 1000d31d f   LIBCMT:throw_bad_alloc.obj
 0001:0000c33a       ?__scrt_throw_std_bad_array_new_length@@YAXXZ 1000d33a f   LIBCMT:throw_bad_alloc.obj
 0001:0000c357       ?what@exception@std@@UBEPBDXZ 1000d357 f i LIBCMT:throw_bad_alloc.obj
 0001:0000c364       ??_Gtype_info@@UAEPAXI@Z   1000d364 f i LIBCMT:std_type_info_static.obj
 0001:0000c364       ??_Etype_info@@UAEPAXI@Z   1000d364 f i LIBCMT:std_type_info_static.obj
 0001:0000c387       ??0CAtlBaseModule@ATL@@QAE@XZ 1000d387 f   atls:atlbase.obj
 0001:0000c3da       ??0_ATL_BASE_MODULE70@ATL@@QAE@XZ 1000d3da f i atls:atlbase.obj
 0001:0000c3fd       ??1CAtlBaseModule@ATL@@QAE@XZ 1000d3fd f   atls:atlbase.obj
 0001:0000c4ea       ?Init@_stdcallthunk@ATL@@QAEHKPAX@Z 1000d4ea f i atls:atlthunk.obj
 0001:0000c51f       ?__AllocStdCallThunk_cmn@@YAPAXXZ 1000d51f f   atls:atlthunk.obj
 0001:0000c5e5       ?__FreeStdCallThunk_cmn@@YAXPAX@Z 1000d5e5 f   atls:atlthunk.obj
 0001:0000c680       _AtlThunk_AllocateData@0   1000d680 f   atls:atlthunk.obj
 0001:0000c6e5       _AtlThunk_DataToCode@4     1000d6e5 f   atls:atlthunk.obj
 0001:0000c72c       _AtlThunk_FreeData@4       1000d72c f   atls:atlthunk.obj
 0001:0000c782       _AtlThunk_InitData@12      1000d782 f   atls:atlthunk.obj
 0001:0000c7d1       __get_purecall_handler     1000d7d1 f   libvcruntime:purevirt.obj
 0001:0000c7d7       __purecall                 1000d7d7 f   libvcruntime:purevirt.obj
 0001:0000c7f3       _wcsstr                    1000d7f3 f   libvcruntime:wcsstr.obj
 0001:0000caa0       __except_handler4          1000daa0 f   libvcruntime:chandler4.obj
 0001:0000cbfe       _memcmp                    1000dbfe f   libvcruntime:memcmp.obj
 0001:0000db10       _memcpy                    1000eb10 f   libvcruntime:memcpy.obj
 0001:0000e090       _memset                    1000f090 f   libvcruntime:memset.obj
 0001:0000e1ea       ___vcrt_initialize         1000f1ea f   libvcruntime:initialization.obj
 0001:0000e209       ___vcrt_thread_attach      1000f209 f   libvcruntime:initialization.obj
 0001:0000e214       ___vcrt_thread_detach      1000f214 f   libvcruntime:initialization.obj
 0001:0000e21f       ___vcrt_uninitialize       1000f21f f   libvcruntime:initialization.obj
 0001:0000e236       ___vcrt_uninitialize_critical 1000f236 f   libvcruntime:initialization.obj
 0001:0000e23e       ?GetRangeOfTrysToCheck@__FrameHandler3@@SA?AU?$pair@Viterator@TryBlockMap@__FrameHandler3@@V123@@std@@AAVTryBlockMap@1@HPAXPBU_s_FuncInfo@@H@Z 1000f23e f   libvcruntime:trnsctrl.obj
 0001:0000e2ae       ?_CallCatchBlock2@@YAPAXPAUEHRegistrationNode@@PBU_s_FuncInfo@@PAXHK@Z 1000f2ae f   libvcruntime:trnsctrl.obj
 0001:0000e30c       ?_CallSETranslator@@YAHPAUEHExceptionRecord@@PAUEHRegistrationNode@@PAX2PBU_s_FuncInfo@@H1@Z 1000f30c f   libvcruntime:trnsctrl.obj
 0001:0000e3f2       ?_JumpToContinuation@@YGXPAXPAUEHRegistrationNode@@@Z 1000f3f2 f   libvcruntime:trnsctrl.obj
 0001:0000e422       ?_UnwindNestedFrames@@YGXPAUEHRegistrationNode@@PAUEHExceptionRecord@@@Z 1000f422 f   libvcruntime:trnsctrl.obj
 0001:0000e475       __CatchGuardHandler        1000f475 f   libvcruntime:trnsctrl.obj
 0001:0000e4a6       __CreateFrameInfo          1000f4a6 f   libvcruntime:trnsctrl.obj
[...]
 0002:000030b8       ?strings@?1??fp_format_nan_or_infinity@@YAHW4__acrt_fp_class@@_NPADI1@Z@4QAY03QBDA 100230b8     libucrt:cvt.obj
 0002:00003600       ?_mb_locale_names@@3QBQB_WB 10023600     libucrt:mbctype.obj
 0002:00003e48       ?LcidToLocaleNameTable@?A0x881e4c05@@3QBULcidToLocaleName@1@B 10023e48     libucrt:lcidtoname_downlevel.obj
 0002:00004f70       ?LocaleNameToIndexTable@?A0x881e4c05@@3QBULocaleNameIndex@1@B 10024f70     libucrt:lcidtoname_downlevel.obj
 0002:000068b0       LOG_name                   100268b0     libucrt:log10_impl.obj
 0002:000068c0       _One                       100268c0     libucrt:ceil_pentium4.obj
 0002:000068d0       _Bns                       100268d0     libucrt:ceil_pentium4.obj
 0002:000068e0       _Zero                      100268e0     libucrt:ceil_pentium4.obj
 0002:000068f0       _S                         100268f0     libucrt:ceil_pentium4.obj
 0002:00006900       _NegZero                   10026900     libucrt:ceil_pentium4.obj
 0002:00006910       emask                      10026910     libucrt:log10_pentium4.obj
 0002:00006920       CC                         10026920     libucrt:log10_pentium4.obj
 0002:00006930       Magic                      10026930     libucrt:log10_pentium4.obj
 0002:00006940       hi_mask                    10026940     libucrt:log10_pentium4.obj
 0002:00006950       LOG10_2                    10026950     libucrt:log10_pentium4.obj
 0002:00006960       place_L                    10026960     libucrt:log10_pentium4.obj
 0002:00006980       One                        10026980     libucrt:log10_pentium4.obj
 0002:00006990       Zero                       10026990     libucrt:log10_pentium4.obj
 0002:000069a0       Two52                      100269a0     libucrt:log10_pentium4.obj
 0002:000069b0       Infs                       100269b0     libucrt:log10_pentium4.obj
 0002:000069c0       NaN                        100269c0     libucrt:log10_pentium4.obj
 0002:000069d0       coeff                      100269d0     libucrt:log10_pentium4.obj
 0002:00006a2e       _log2max                   10026a2e     libucrt:87tran.obj
 0002:00006a38       _smallarg                  10026a38     libucrt:87tran.obj
 0002:00006a42       _half                      10026a42     libucrt:87tran.obj
 0002:00006a8e       One                        10026a8e     libucrt:87disp.obj
 0002:00006a96       Three                      10026a96     libucrt:87disp.obj
 0002:00006a9e       XAMtoTagTab                10026a9e     libucrt:87disp.obj
 0002:00006ab0       One                        10026ab0     libucrt:common.obj
 0002:00006ac4       DblMax                     10026ac4     libucrt:common.obj
 0002:00006acc       DblMin                     10026acc     libucrt:common.obj
 0002:00006ad4       IeeeAdjO                   10026ad4     libucrt:common.obj
 0002:00006adc       IeeeAdjU                   10026adc     libucrt:common.obj
 0002:00006ae4       _infinity                  10026ae4     libucrt:common.obj
 0002:00006aec       _zero                      10026aec     libucrt:common.obj
 0002:00006b38       _over                      10026b38     libucrt:fpctrl.obj
 0002:00006b44       _under                     10026b44     libucrt:fpctrl.obj
 0002:00007378       ?_names@?1??_get_fname@@9@9 10027378     libucrt:fpexcept.obj
 0002:00007520       two32                      10027520     LIBCMT:ftol2.obj
 0002:00007524       two63                      10027524     LIBCMT:ftol2.obj
 0002:00007528       _NaN                       10027528     LIBCMT:ftol2.obj
 0002:00007bd8       __sehtable$?_AtlVerifyStackAvailable@_ATL_SAFE_ALLOCA_IMPL@ATL@@YA_NK@Z 10027bd8     MICR.obj
 0002:00007bf8       __sehtable$___scrt_is_nonwritable_in_current_image 10027bf8     LIBCMT:utility.obj
 0002:00007c14       __catchsym$??2@YAPAXIABUnothrow_t@std@@@Z$2 10027c14     LIBCMT:new_scalar_nothrow.obj
 0002:00007c24       __unwindtable$??2@YAPAXIABUnothrow_t@std@@@Z 10027c24     LIBCMT:new_scalar_nothrow.obj
 0002:00007c34       __tryblocktable$??2@YAPAXIABUnothrow_t@std@@@Z 10027c34     LIBCMT:new_scalar_nothrow.obj
 0002:00007c48       __ehfuncinfo$??2@YAPAXIABUnothrow_t@std@@@Z 10027c48     LIBCMT:new_scalar_nothrow.obj
 0002:00007c70       __sehtable$?dllmain_crt_process_attach@@YAHQAUHINSTANCE__@@QAX@Z 10027c70     LIBCMT:dll_dllmain.obj
 0002:00007c90       __sehtable$?dllmain_crt_process_detach@@YAH_N@Z 10027c90     LIBCMT:dll_dllmain.obj
 0002:00007cb8       __sehtable$?dllmain_dispatch@@YAHQAUHINSTANCE__@@KQAX@Z 10027cb8     LIBCMT:dll_dllmain.obj
 0002:00007d68       __sehtable$___DestructExceptionObject 10027d68     libvcruntime:ehhelpers.obj
 0002:00007d88       __sehtable$?FrameUnwindToState@__FrameHandler3@@SAXPAUEHRegistrationNode@@PAXPBU_s_FuncInfo@@H@Z 10027d88     libvcruntime:frame.obj
 0002:00007db0       __sehtable$?CallCatchBlock@@YAPAXPAUEHExceptionRecord@@PAUEHRegistrationNode@@PAU_CONTEXT@@PBU_s_FuncInfo@@PAXHK@Z 10027db0     libvcruntime:frame.obj
 0002:00007dd8       __catchsym$?CallUnexpected@@YAXPBU_s_ESTypeList@@@Z$2 10027dd8     libvcruntime:frame.obj
 0002:00007de8       __unwindtable$?CallUnexpected@@YAXPBU_s_ESTypeList@@@Z 10027de8     libvcruntime:frame.obj
 0002:00007df8       __tryblocktable$?CallUnexpected@@YAXPBU_s_ESTypeList@@@Z 10027df8     libvcruntime:frame.obj
 0002:00007e0c       __ehfuncinfo$?CallUnexpected@@YAXPBU_s_ESTypeList@@@Z 10027e0c     libvcruntime:frame.obj
 0002:00007e30       __sehtable$??$BuildCatchObjectHelperInternal@V__FrameHandler3@@@@YAHPAUEHExceptionRecord@@PAXPBU_s_HandlerType@@PBU_s_CatchableType@@@Z 10027e30     libvcruntime:frame.obj
 0002:00007e50       __sehtable$??$BuildCatchObjectInternal@V__FrameHandler3@@@@YAXPAUEHExceptionRecord@@PAXPBU_s_HandlerType@@PBU_s_CatchableType@@@Z 10027e50     libvcruntime:frame.obj
 0002:00007ea8       __sehtable$??R<lambda_6e4b09c48022b2350581041d5f6b0c4c>@@QBE@XZ 10027ea8     libucrt:exit.obj
 0002:00007ec8       __sehtable$??$?RV<lambda_03b1d95aef87969028cfba75ccab2455>@@AAV<lambda_6e4b09c48022b2350581041d5f6b0c4c>@@V<lambda_22bdf7517842c4b3e53723af5aa32b9e>@@@?$__crt_seh_guarded_call@X@@QAEX$$QAV<lambda_03b1d95aef87969028cfba75ccab2455>@@AAV<lambda_6e4b09c48022b2350581041d5f6b0c4c>@@$$QAV<lambda_22bdf7517842c4b3e53723af5aa32b9e>@@@Z 10027ec8     libucrt:exit.obj
 0002:00007ee8       __sehtable$??$?RV<lambda_8e746cf0007f6ed984d6f78af1fec997>@@AAV<lambda_22ebabd17bc4fa466a2aca6d8deb888d>@@V<lambda_18ed0c0b38a6dc0daf1e7ac6d6adf05e>@@@?$__crt_seh_guarded_call@H@@QAEH$$QAV<lambda_8e746cf0007f6ed984d6f78af1fec997>@@AAV<lambda_22ebabd17bc4fa466a2aca6d8deb888d>@@$$QAV<lambda_18ed0c0b38a6dc0daf1e7ac6d6adf05e>@@@Z 10027ee8     libucrt:onexit.obj
 0002:00007f08       __sehtable$??$?RV<lambda_69a2805e680e0e292e8ba93315fe43a8>@@AAV<lambda_f03950bc5685219e0bcd2087efbe011e>@@V<lambda_03fcd07e894ec930e3f35da366ca99d6>@@@?$__crt_seh_guarded_call@H@@QAEH$$QAV<lambda_69a2805e680e0e292e8ba93315fe43a8>@@AAV<lambda_f03950bc5685219e0bcd2087efbe011e>@@$$QAV<lambda_03fcd07e894ec930e3f35da366ca99d6>@@@Z 10027f08     libucrt:onexit.obj
 0002:00007f28       __sehtable$__query_new_handler 10027f28     libucrt:new_handler.obj
 0002:00007f48       __sehtable$_terminate      10027f48     libucrt:terminate.obj
 0002:00007f68       __sehtable$??$?RV<lambda_15ade71b0218206bbe3333a0c9b79046>@@AAV<lambda_da44e0f8b0f19ba52fefafb335991732>@@V<lambda_207f2d024fc103971653565357d6cd41>@@@?$__crt_seh_guarded_call@X@@QAEX$$QAV<lambda_15ade71b0218206bbe3333a0c9b79046>@@AAV<lambda_da44e0f8b0f19ba52fefafb335991732>@@$$QAV<lambda_207f2d024fc103971653565357d6cd41>@@@Z 10027f68     libucrt:per_thread_data.obj
 0002:00007f88       __sehtable$??$?RV<lambda_a7e850c220f1c8d1e6efeecdedd162c6>@@AAV<lambda_46720907175c18b6c9d2717bc0d2d362>@@V<lambda_9048902d66e8d99359bc9897bbb930a8>@@@?$__crt_seh_guarded_call@X@@QAEX$$QAV<lambda_a7e850c220f1c8d1e6efeecdedd162c6>@@AAV<lambda_46720907175c18b6c9d2717bc0d2d362>@@$$QAV<lambda_9048902d66e8d99359bc9897bbb930a8>@@@Z 10027f88     libucrt:per_thread_data.obj
 0002:00007fa8       __sehtable$??$?RV<lambda_38edbb1296d33220d7e4dd0ed76b244a>@@AAV<lambda_5ce1d447e08cb34b2473517608e21441>@@V<lambda_fb385d3da700c9147fc39e65dd577a8c>@@@?$__crt_seh_guarded_call@X@@QAEX$$QAV<lambda_38edbb1296d33220d7e4dd0ed76b244a>@@AAV<lambda_5ce1d447e08cb34b2473517608e21441>@@$$QAV<lambda_fb385d3da700c9147fc39e65dd577a8c>@@@Z 10027fa8     libucrt:per_thread_data.obj
 0002:00007fc8       __sehtable$??$?RV<lambda_6affb1475c98b40b75cdec977db92e3c>@@AAV<lambda_b8d4b9c228a6ecc3f80208dbb4b4a104>@@V<lambda_608742c3c92a14382c1684fc64f96c88>@@@?$__crt_seh_guarded_call@X@@QAEX$$QAV<lambda_6affb1475c98b40b75cdec977db92e3c>@@AAV<lambda_b8d4b9c228a6ecc3f80208dbb4b4a104>@@$$QAV<lambda_608742c3c92a14382c1684fc64f96c88>@@@Z 10027fc8     libucrt:per_thread_data.obj
 0002:00007fe8       __sehtable$??$?RV<lambda_e5124f882df8998aaf41531e079ba474>@@AAV<lambda_3e16ef9562a7dcce91392c22ab16ea36>@@V<lambda_e25ca0880e6ef98be67edffd8c599615>@@@?$__crt_seh_guarded_call@X@@QAEX$$QAV<lambda_e5124f882df8998aaf41531e079ba474>@@AAV<lambda_3e16ef9562a7dcce91392c22ab16ea36>@@$$QAV<lambda_e25ca0880e6ef98be67edffd8c599615>@@@Z 10027fe8     libucrt:wsetlocale.obj
 0002:00008008       __sehtable$___acrt_initialize_lowio 10028008     libucrt:ioinit.obj
 0002:00008028       __sehtable$?update_thread_multibyte_data_internal@@YAPAU__crt_multibyte_data@@QAU__acrt_ptd@@QAPAU1@@Z 10028028     libucrt:mbctype.obj
 0002:00008048       __sehtable$??$?RV<lambda_ceb1ee4838e85a9d631eb091e2fbe199>@@AAV<lambda_ae742caa10f662c28703da3d2ea5e57e>@@V<lambda_cd08b5d6af4937fe54fc07d0c9bf6b37>@@@?$__crt_seh_guarded_call@X@@QAEX$$QAV<lambda_ceb1ee4838e85a9d631eb091e2fbe199>@@AAV<lambda_ae742caa10f662c28703da3d2ea5e57e>@@$$QAV<lambda_cd08b5d6af4937fe54fc07d0c9bf6b37>@@@Z 10028048     libucrt:mbctype.obj
 0002:00008068       __sehtable$_raise          10028068     libucrt:signal.obj
 0002:00008088       __sehtable$??$?RV<lambda_cbab9ec6f41b0180b23cc171c22676b0>@@AAV<lambda_44731a7d0e6d81c3e6aa82d741081786>@@V<lambda_4b292cb8dd18144e164572427af410ab>@@@?$__crt_seh_guarded_call@P6AXH@Z@@QAEP6AXH@Z$$QAV<lambda_cbab9ec6f41b0180b23cc171c22676b0>@@AAV<lambda_44731a7d0e6d81c3e6aa82d741081786>@@$$QAV<lambda_4b292cb8dd18144e164572427af410ab>@@@Z 10028088     libucrt:signal.obj
 0002:000080a8       __sehtable$??$?RV<lambda_2866be3712abc81a800a822484c830d8>@@AAV<lambda_39ca0ed439415581b5b15c265174cece>@@V<lambda_2b24c74d71094a6cd0cb82e44167d71b>@@@?$__crt_seh_guarded_call@X@@QAEX$$QAV<lambda_2866be3712abc81a800a822484c830d8>@@AAV<lambda_39ca0ed439415581b5b15c265174cece>@@$$QAV<lambda_2b24c74d71094a6cd0cb82e44167d71b>@@@Z 100280a8     libucrt:fflush.obj
 0002:000080c8       __sehtable$??$?RV<lambda_2cc53f568c5a2bb6f192f930a45d44ea>@@AAV<lambda_ab61a845afdef5b7c387490eaf3616ee>@@V<lambda_c2ffc0b7726aa6be21d5f0026187e748>@@@?$__crt_seh_guarded_call@X@@QAEX$$QAV<lambda_2cc53f568c5a2bb6f192f930a45d44ea>@@AAV<lambda_ab61a845afdef5b7c387490eaf3616ee>@@$$QAV<lambda_c2ffc0b7726aa6be21d5f0026187e748>@@@Z 100280c8     libucrt:fflush.obj
 0002:000080e8       __sehtable$___acrt_update_thread_locale_data 100280e8     libucrt:locale_refcounting.obj
 0002:00008108       __sehtable$__fcloseall     10028108     libucrt:closeall.obj
 0002:00008128       __sehtable$___acrt_lowio_ensure_fh_exists 10028128     libucrt:osfinfo.obj
 0002:00008148       __sehtable$??$?RV<lambda_9e9de3de5fa147e2223d7db92bc10aa6>@@AAV<lambda_38ce7e780aa69e748d6df282ebc68efe>@@V<lambda_8ca6da459f0f6780f1cff60fdc3d00e5>@@@?$__crt_seh_guarded_call@H@@QAEH$$QAV<lambda_9e9de3de5fa147e2223d7db92bc10aa6>@@AAV<lambda_38ce7e780aa69e748d6df282ebc68efe>@@$$QAV<lambda_8ca6da459f0f6780f1cff60fdc3d00e5>@@@Z 10028148     libucrt:commit.obj
 0002:00008168       __sehtable$__write         10028168     libucrt:write.obj
 0002:00008188       __sehtable$_fclose         10028188     libucrt:fclose.obj
 0002:000081a8       __sehtable$??$?RV<lambda_218ce3db14220d0be481dae8ef3383b6>@@AAV<lambda_628dfdc04ba53c8bfc02c9951375f3f5>@@V<lambda_57dc472bd5c9d5f3b2cbca59b8a843ae>@@@?$__crt_seh_guarded_call@H@@QAEH$$QAV<lambda_218ce3db14220d0be481dae8ef3383b6>@@AAV<lambda_628dfdc04ba53c8bfc02c9951375f3f5>@@$$QAV<lambda_57dc472bd5c9d5f3b2cbca59b8a843ae>@@@Z 100281a8     libucrt:close.obj
 0002:000081c8       __sehtable$___set_fpsr_sse2 100281c8     libucrt:fpctrl.obj
 0002:000081e8       __sehtable$__IsNonwritableInCurrentImage 100281e8     LIBCMT:pesect.obj
 0002:00008210       .edata                     10028210     OPOSMICR.exp
 0002:00008238       rgpv                       10028238     OPOSMICR.exp
 0002:00008248       rgszName                   10028248     OPOSMICR.exp
 0002:00008258       rgwOrd                     10028258     OPOSMICR.exp
 0002:00008260       szName                     10028260     OPOSMICR.exp
 0002:0000826d       $N00001                    1002826d     OPOSMICR.exp
 0002:0000827d       $N00002                    1002827d     OPOSMICR.exp
 0002:0000828f       $N00003                    1002828f     OPOSMICR.exp
 0002:000082a1       $N00004                    100282a1     OPOSMICR.exp
 0002:000088b2       .idata$6                   100288b2     kernel32:KERNEL32.dll
 0002:00008ac6       .idata$6                   10028ac6     user32:USER32.dll
 0002:00008bfa       .idata$6                   10028bfa     gdi32:GDI32.dll
 0002:00008ca0       .idata$6                   10028ca0     advapi32:ADVAPI32.dll
 0002:00008dbc       .idata$6                   10028dbc     ole32:ole32.dll
 0002:00008dc6       .idata$6                   10028dc6     oleaut32:OLEAUT32.dll
 0003:00000110       ?ObjectMap@@3PAU_ATL_OBJMAP_ENTRY30@ATL@@A 1002a110     MICR.obj
 0003:000001b8       ?s_SOMethodNames@@3PAPADA  1002a1b8     MICRImpl.obj
 0003:00000214       ?s_RequiredMethodsPerRelease@@3PAHA 1002a214     MICRImpl.obj
 0003:00000260       ?__vcrt_flsindex@@3KA      1002a260     libvcruntime:per_thread_data.obj
 0003:00000280       ?errno_no_memory@@3HA      1002a280     libucrt:errno.obj
 0003:00000284       ?doserrno_no_memory@@3KA   1002a284     libucrt:errno.obj
 0003:00000290       ?__acrt_flsindex@@3KA      1002a290     libucrt:per_thread_data.obj
 0003:00000628       __mbctypes                 1002a628     libucrt:mbctype.obj
 0003:00000730       __mbcasemaps               1002a730     libucrt:mbctype.obj
 0003:00000830       ?__rgctypeflag@@3PADA      1002a830     libucrt:mbctype.obj
 0003:00000838       ?__rgcode_page_info@@3PAUcode_page_info@@A 1002a838     libucrt:mbctype.obj
 0003:00000a90       ?__dcrt_lowio_console_output_handle@@3PAXA 1002aa90     libucrt:initcon.obj
 0003:00000a94       ?__DAZ_ENABLED@?1??__set_fpsr_sse2@@9@9 1002aa94     libucrt:fpctrl.obj
 0003:00000c28       ?is_initialized_as_dll@@3_NA 1002ac28     LIBCMT:utility.obj
 0003:00000c29       ?module_local_atexit_table_initialized@@3_NA 1002ac29     LIBCMT:utility.obj
 0003:00000c2c       ?module_local_atexit_table@@3U_onexit_table_t@@A 1002ac2c     LIBCMT:utility.obj
 0003:00000c38       ?module_local_at_quick_exit_table@@3U_onexit_table_t@@A 1002ac38     LIBCMT:utility.obj
 0003:00000c44       ?g_tss_cv@@3U_RTL_CONDITION_VARIABLE@@A 1002ac44     LIBCMT:thread_safe_statics.obj
 0003:00000c48       ?g_tss_event@@3PAXA        1002ac48     LIBCMT:thread_safe_statics.obj
 0003:00000c4c       ?g_tss_mutex@@3U_RTL_CRITICAL_SECTION@@A 1002ac4c     LIBCMT:thread_safe_statics.obj
 0003:00000c64       ?g_sleep_condition_variable_cs@@3P6GHPAU_RTL_CONDITION_VARIABLE@@PAU_RTL_CRITICAL_SECTION@@K@ZA 1002ac64     LIBCMT:thread_safe_statics.obj
 0003:00000c68       ?g_wake_all_condition_variable@@3P6GXPAU_RTL_CONDITION_VARIABLE@@@ZA 1002ac68     LIBCMT:thread_safe_statics.obj
 0003:00000c70       _GS_ExceptionRecord        1002ac70     LIBCMT:gs_report.obj
 0003:00000cc0       _GS_ContextRecord          1002acc0     LIBCMT:gs_report.obj
 0003:00000f90       ?__proc_attached@@3HA      1002af90     LIBCMT:dll_dllmain.obj
 0003:00000fec       ?AllocateData@@3P6GPAUAtlThunkData_t@@XZA 1002afec     atls:atlthunk.obj
 0003:00000ff0       ?InitData@@3P6GXPAUAtlThunkData_t@@PAXI@ZA 1002aff0     atls:atlthunk.obj
 0003:00000ff4       ?DataToCode@@3P6GP6GJPAUHWND__@@IIJ@ZPAUAtlThunkData_t@@@ZA 1002aff4     atls:atlthunk.obj
 0003:00000ff8       ?FreeData@@3P6GXPAUAtlThunkData_t@@@ZA 1002aff8     atls:atlthunk.obj
 0003:00000ffc       ?Initialized@@3_NA         1002affc     atls:atlthunk.obj
 0003:0000100c       ?__vcrt_startup_thread_ptd@@3U__vcrt_ptd@@A 1002b00c     libvcruntime:per_thread_data.obj
 0003:00001034       ___vcrt_lock_table         1002b034     libvcruntime:locks.obj
 0003:0000104c       ___vcrt_locks_initialized  1002b04c     libvcruntime:locks.obj
 0003:00001078       ?heap@@3V_HeapManager@@A   1002b078     libvcruntime:undname.obj
 0003:0000108c       ?module_handles@@3PAPAUHINSTANCE__@@A 1002b08c     libvcruntime:winapi_downlevel.obj
 0003:00001098       ?function_pointers@@3PAPAXA 1002b098     libvcruntime:winapi_downlevel.obj
 0003:000010ac       ?__acrt_invalid_parameter_handler@@3V?$dual_state_global@P6AXPB_W00II@Z@__crt_state_management@@A 1002b0ac     libucrt:invalid_parameter.obj
 0003:000010b0       ?c_termination_complete@@3JA 1002b0b0     libucrt:exit.obj
 0003:000010b4       ?thread_local_exit_callback_func@@3P6GXPAXK0@ZA 1002b0b4     libucrt:exit.obj
 0003:000010c0       ?program_name@?1???$common_configure_argv@D@@YAHW4_crt_argv_mode@@@Z@4PADA 1002b0c0     libucrt:argv_parsing.obj
 0003:000011f0       ?__acrt_new_handler@@3V?$dual_state_global@P6AHI@Z@__crt_state_management@@A 1002b1f0     libucrt:new_handler.obj
 0003:000011f8       ?module_handles@@3PAPAUHINSTANCE__@@A 1002b1f8     libucrt:winapi_thunks.obj
 0003:00001248       ?encoded_function_pointers@@3PAPAXA 1002b248     libucrt:winapi_thunks.obj
 0003:000012d0       ?internal_state@?1??_mbtowc_l@@9@4U_Mbstatet@@A 1002b2d0     libucrt:mbtowc.obj
 0003:000012e0       ?enable_percent_n@@3IA     1002b2e0     libucrt:printf_count_output.obj
 0003:00001500       ?__acrt_lock_table@@3PAU_RTL_CRITICAL_SECTION@@A 1002b500     libucrt:locks.obj
 0003:00001650       ?__acrt_locks_initialized@@3IA 1002b650     libucrt:locks.obj
 0003:00001660       ?fSystemSet@@3HA           1002b660     libucrt:mbctype.obj
 0003:00001664       ?initialized@?1??__acrt_initialize_multibyte@@9@4_NA 1002b664     libucrt:mbctype.obj
 0003:00001684       ?ctrlc_action@@3V?$dual_state_global@P6AXH@Z@__crt_state_management@@A 1002b684     libucrt:signal.obj
 0003:00001688       ?ctrlbreak_action@@3V?$dual_state_global@P6AXH@Z@__crt_state_management@@A 1002b688     libucrt:signal.obj
 0003:0000168c       ?abort_action@@3V?$dual_state_global@P6AXH@Z@__crt_state_management@@A 1002b68c     libucrt:signal.obj
 0003:00001690       ?term_action@@3V?$dual_state_global@P6AXH@Z@__crt_state_management@@A 1002b690     libucrt:signal.obj
 0003:00001694       ?user_matherr@@3V?$dual_state_global@P6AHPAU_exception@@@Z@__crt_state_management@@A 1002b694     libucrt:matherr.obj
 0003:00001698       ?__acrt_global_new_mode@@3V?$dual_state_global@J@__crt_state_management@@A 1002b698     libucrt:new_mode.obj
 0003:000016a4       ?internal_pst@?1??__mbrtoc32_utf8@__crt_mbstring@@YAIPA_UPBDIPAU_Mbstatet@@@Z@4U3@A 1002b6a4     libucrt:mbrtoc32.obj
 0003:000016ac       ?__acrt_app_type@@3W4_crt_app_type@@A 1002b6ac     libucrt:report_runtime_error.obj
 0003:000016b4       __pmatherr_set             1002b6b4     libucrt:libm_error.obj
 0004:00000220       $R000000                   1002c220     MICR.res
 0004:00000b98       $R000978                   1002cb98     MICR.res
 0004:00000c80       $R000A60                   1002cc80     MICR.res
 0004:00000ee8       $R000CC8                   1002cee8     MICR.res
 0004:00001420       $R001200                   1002d420     MICR.res
 0004:000040b0       $R003E90                   100300b0     MICR.res
 0004:000040d8       $R003EB8                   100300d8     MICR.res
