 OPOSPointCardRW

 Timestamp is 5b863e6d (Wed Aug 29 15:34:21 2018)

 Preferred load address is 10000000

 Start         Length     Name                   Class
 0001:00000000 00000080H .text$di                CODE
 0001:00000080 0001d97bH .text$mn                CODE
 0001:0001d9fb 00000051H .text$x                 CODE
 0001:0001da4c 00000042H .text$yd                CODE
 0002:00000000 000002fcH .idata$5                DATA
 0002:000002fc 00000004H .00cfg                  DATA
 0002:00000300 00000004H .CRT$XCA                DATA
 0002:00000304 00000004H .CRT$XCL                DATA
 0002:00000308 00000010H .CRT$XCU                DATA
 0002:00000318 00000004H .CRT$XCZ                DATA
 0002:0000031c 00000004H .CRT$XIA                DATA
 0002:00000320 00000010H .CRT$XIC                DATA
 0002:00000330 00000004H .CRT$XIZ                DATA
 0002:00000334 00000004H .CRT$XLA                DATA
 0002:00000338 00000004H .CRT$XLZ                DATA
 0002:0000033c 00000004H .CRT$XPA                DATA
 0002:00000340 00000008H .CRT$XPX                DATA
 0002:00000348 00000004H .CRT$XPXA               DATA
 0002:0000034c 00000004H .CRT$XPZ                DATA
 0002:00000350 00000004H .CRT$XTA                DATA
 0002:00000354 0000000cH .CRT$XTZ                DATA
 0002:00000358 00000000H .gfids$y                DATA
 0002:00000360 00007028H .rdata                  DATA
 0002:00007388 00000018H .rdata$T                DATA
 0002:000073a0 00000180H .rdata$r                DATA
 0002:00007520 00000020H .rdata$sxdata           DATA
 0002:00007540 000003e0H .rdata$zzzdbg           DATA
 0002:00007920 00000004H .rtc$IAA                DATA
 0002:00007924 00000004H .rtc$IZZ                DATA
 0002:00007928 00000004H .rtc$TAA                DATA
 0002:0000792c 00000004H .rtc$TZZ                DATA
 0002:00007930 00000004H .tls                    DATA
 0002:00007934 00000004H .tls$                   DATA
 0002:00007938 00000008H .tls$ZZZ                DATA
 0002:00007940 00000624H .xdata$x                DATA
 0002:00007f64 00000004H ATL$__a                 DATA
 0002:00007f68 00000008H ATL$__z                 DATA
 0002:00007f70 000000acH .edata                  DATA
 0002:0000801c 00000078H .idata$2                DATA
 0002:00008094 00000014H .idata$3                DATA
 0002:000080a8 000002fcH .idata$4                DATA
 0002:000083a4 00000bc0H .idata$6                DATA
 0003:00000000 000009c0H .data                   DATA
 0003:000009c0 00000098H .data$r                 DATA
 0003:00000a58 00000b68H .bss                    DATA
 0004:00000000 00000220H .rsrc$01                DATA
 0004:00000220 00005d78H .rsrc$02                DATA

  Address         Publics by Value              Rva+Base       Lib:Object

 0000:00000000       ___guard_iat_count         00000000     <absolute>
 0000:00000000       ___guard_longjmp_table     00000000     <absolute>
 0000:00000000       ___dynamic_value_reloc_table 00000000     <absolute>
 0000:00000000       ___hybrid_code_map_count   00000000     <absolute>
 0000:00000000       ___guard_longjmp_count     00000000     <absolute>
 0000:00000000       __except_list              00000000     <absolute>
 0000:00000000       ___guard_fids_table        00000000     <absolute>
 0000:00000000       ___hybrid_auxiliary_iat    00000000     <absolute>
 0000:00000000       ___guard_fids_count        00000000     <absolute>
 0000:00000000       ___guard_iat_table         00000000     <absolute>
 0000:00000000       ___volatile_metadata       00000000     <absolute>
 0000:00000000       ___enclave_config          00000000     <absolute>
 0000:00000000       ___hybrid_code_map         00000000     <absolute>
 0000:00000008       ___safe_se_handler_count   00000008     <absolute>
 0000:0000002c       __tls_array                0000002c     <absolute>
 0000:00000100       ___guard_flags             00000100     <absolute>
 0000:00000000       ___ImageBase               10000000     <linker-defined>
 0001:00000080       ?DupWide@_CW@@AAEXXZ       10001080 f   CWString.obj
 0001:0000009c       ?cw_dup@@YGXPBDAAHAAPA_W1@Z 1000109c f   CWString.obj
 0001:0000010b       ?cw_memcpy@@YGHPA_WPBDH@Z  1000110b f   CWString.obj
 0001:00000137       ?cw_strcpy@@YAHPA_WPBD@Z   10001137 f   CWString.obj
 0001:0000014a       ?cw_strlen@@YAHPBD@Z       1000114a f   CWString.obj
 0001:00000163       ??0CAtlComModule@ATL@@QAE@XZ 10001163 f i OposVariant.obj
 0001:000001a8       ??0CAtlWinModule@ATL@@QAE@XZ 100011a8 f i OposVariant.obj
 0001:000001df       ??0OposDispParms@@QAE@PAVOposVariant@@H@Z 100011df f   OposVariant.obj
 0001:00000250       ??1OposDispParms@@QAE@XZ   10001250 f   OposVariant.obj
 0001:0000025e       ??A?$CSimpleArray@GV?$CSimpleArrayEqualHelper@G@ATL@@@ATL@@QAEAAGH@Z 1000125e f i OposVariant.obj
 0001:00000283       ??_Estringdispid@CComTypeInfoHolder@ATL@@QAEPAXI@Z 10001283 f i OposVariant.obj
 0001:000002ef       ?AtlWinModuleInit@ATL@@YGJPAU_ATL_WIN_MODULE70@1@@Z 100012ef f i OposVariant.obj
 0001:00000315       ?AtlWinModuleTerm@ATL@@YGJPAU_ATL_WIN_MODULE70@1@PAUHINSTANCE__@@@Z 10001315 f i OposVariant.obj
 0001:00000378       ?ChangeBSTR@OposVariant@@QAEXPAPA_WAAJ@Z 10001378 f   OposVariant.obj
 0001:000003b9       ?ChangeLONG@OposVariant@@QAEXPAJAAJ@Z 100013b9 f   OposVariant.obj
 0001:000003fa       ?GetLONG@OposVariant@@QAEJXZ 100013fa f   OposVariant.obj
 0001:00000415       ?Init@CComCriticalSection@ATL@@QAEJXZ 10001415 f i OposVariant.obj
 0001:0000043c       ?RemoveAll@?$CSimpleArray@PAUHINSTANCE__@@V?$CSimpleArrayEqualHelper@PAUHINSTANCE__@@@ATL@@@ATL@@QAEXXZ 1000143c f i atls:atlbase.obj
 0001:0000043c       ?RemoveAll@?$CSimpleArray@GV?$CSimpleArrayEqualHelper@G@ATL@@@ATL@@QAEXXZ 1000143c f i OposVariant.obj
 0001:00000459       ?SetBSTR@OposVariant@@QAEXPA_WAAJ@Z 10001459 f   OposVariant.obj
 0001:0000048d       ?SetBSTR_Copy@OposVariant@@QAEXPA_WAAJ@Z 1000148d f   OposVariant.obj
 0001:000004dd       ?SetBSTR_InOutPtr@OposVariant@@QAE_NPAPA_WAAJ@Z 100014dd f   OposVariant.obj
 0001:00000514       ?SetDispatch_Ptr@OposVariant@@QAEXPAUIDispatch@@AAJ@Z 10001514 f   OposVariant.obj
 0001:0000054f       ?SetLONG@OposVariant@@QAEXJ@Z 1000154f f   OposVariant.obj
 0001:00000571       ?SetLONG_Ptr@OposVariant@@QAEXPAJAAJ@Z 10001571 f   OposVariant.obj
 0001:000005a4       ?SetString@OposVariant@@QAEXPB_WAAJ@Z 100015a4 f   OposVariant.obj
 0001:000005ea       ?SetVARIANT_BOOL@OposVariant@@QAEXF@Z 100015ea f   OposVariant.obj
 0001:00000614       ?Term@CAtlComModule@ATL@@QAEXXZ 10001614 f i OposVariant.obj
 0001:0000065e       ?_AtlRaiseException@ATL@@YAXKK@Z 1000165e f i OposVariant.obj
 0001:00000673       ?GetControlInfo@?$IOleControlImpl@VCOPOSPointCardRW@@@ATL@@UAGJPAUtagCONTROLINFO@@@Z 10001673 f i PointCardRW.obj
 0001:00000673       ?OnMnemonic@?$IOleControlImpl@VCOPOSPointCardRW@@@ATL@@UAGJPAUtagMSG@@@Z 10001673 f i PointCardRW.obj
 0001:00000673       ?SetColorScheme@?$IOleObjectImpl@VCOPOSPointCardRW@@@ATL@@UAGJPAUtagLOGPALETTE@@@Z 10001673 f i PointCardRW.obj
 0001:00000673       ?ContextSensitiveHelp@?$IOleInPlaceObjectWindowlessImpl@VCOPOSPointCardRW@@@ATL@@UAGJH@Z 10001673 f i PointCardRW.obj
 0001:00000673       ?QueryGetData@?$IDataObjectImpl@VCOPOSPointCardRW@@@ATL@@UAGJPAUtagFORMATETC@@@Z 10001673 f i PointCardRW.obj
 0001:00000673       ?GetDropTarget@?$IOleInPlaceObjectWindowlessImpl@VCOPOSPointCardRW@@@ATL@@UAGJPAPAUIDropTarget@@@Z 10001673 f i PointCardRW.obj
 0001:00000673       ?Unfreeze@?$IViewObjectExImpl@VCOPOSPointCardRW@@@ATL@@UAGJK@Z 10001673 f i PointCardRW.obj
 0001:00000673       ?ContextSensitiveHelp@?$IOleInPlaceActiveObjectImpl@VCOPOSPointCardRW@@@ATL@@UAGJH@Z 10001673 f i PointCardRW.obj
 0001:0000067b       ?SaveCompleted@?$IPersistStorageImpl@VCOPOSPointCardRW@@@ATL@@UAGJPAUIStorage@@@Z 1000167b f i PointCardRW.obj
 0001:0000067b       ?OnFrameWindowActivate@?$IOleInPlaceActiveObjectImpl@VCOPOSPointCardRW@@@ATL@@UAGJH@Z 1000167b f i PointCardRW.obj
 0001:0000067b       ?EnableModeless@?$IOleInPlaceActiveObjectImpl@VCOPOSPointCardRW@@@ATL@@UAGJH@Z 1000167b f i PointCardRW.obj
 0001:0000067b       ?OnAmbientPropertyChange@?$IOleControlImpl@VCOPOSPointCardRW@@@ATL@@UAGJJ@Z 1000167b f i PointCardRW.obj
 0001:00000680       ?SetClientSite@?$IOleObjectImpl@VCOPOSPointCardRW@@@ATL@@UAGJPAUIOleClientSite@@@Z 10001680 f i PointCardRW.obj
 0001:0000069d       ?GetClientSite@?$IOleObjectImpl@VCOPOSPointCardRW@@@ATL@@UAGJPAPAUIOleClientSite@@@Z 1000169d f i PointCardRW.obj
 0001:000006ba       ?SetHostNames@?$IOleObjectImpl@VCOPOSPointCardRW@@@ATL@@UAGJPB_W0@Z 100016ba f i PointCardRW.obj
 0001:000006bf       ?Close@?$IOleObjectImpl@VCOPOSPointCardRW@@@ATL@@UAGJK@Z 100016bf f i PointCardRW.obj
 0001:000006dc       ?GetCanonicalFormatEtc@?$IDataObjectImpl@VCOPOSPointCardRW@@@ATL@@UAGJPAUtagFORMATETC@@0@Z 100016dc f i PointCardRW.obj
 0001:000006dc       ?GetDataHere@?$IDataObjectImpl@VCOPOSPointCardRW@@@ATL@@UAGJPAUtagFORMATETC@@PAUtagSTGMEDIUM@@@Z 100016dc f i PointCardRW.obj
 0001:000006dc       ?GetRect@?$IViewObjectExImpl@VCOPOSPointCardRW@@@ATL@@UAGJKPAU_RECTL@@@Z 100016dc f i PointCardRW.obj
 0001:000006dc       ?SetMoniker@?$IOleObjectImpl@VCOPOSPointCardRW@@@ATL@@UAGJKPAUIMoniker@@@Z 100016dc f i PointCardRW.obj
 0001:000006dc       ?EnumFormatEtc@?$IDataObjectImpl@VCOPOSPointCardRW@@@ATL@@UAGJKPAPAUIEnumFORMATETC@@@Z 100016dc f i PointCardRW.obj
 0001:000006dc       ?GetClipboardData@?$IOleObjectImpl@VCOPOSPointCardRW@@@ATL@@UAGJKPAPAUIDataObject@@@Z 100016dc f i PointCardRW.obj
 0001:000006dc       ?QueryInterface@CRegObject@ATL@@UAGJABU_GUID@@PAPAX@Z 100016dc f i PointCardRW.obj
 0001:000006e4       ?SetData@?$IDataObjectImpl@VCOPOSPointCardRW@@@ATL@@UAGJPAUtagFORMATETC@@PAUtagSTGMEDIUM@@H@Z 100016e4 f i PointCardRW.obj
 0001:000006e4       ?GetMoniker@?$IOleObjectImpl@VCOPOSPointCardRW@@@ATL@@UAGJKKPAPAUIMoniker@@@Z 100016e4 f i PointCardRW.obj
 0001:000006e4       ?InitFromData@?$IOleObjectImpl@VCOPOSPointCardRW@@@ATL@@UAGJPAUIDataObject@@HK@Z 100016e4 f i PointCardRW.obj
 0001:000006ec       ?DoVerb@?$IOleObjectImpl@VCOPOSPointCardRW@@@ATL@@UAGJJPAUtagMSG@@PAUIOleClientSite@@JPAUHWND__@@PBUtagRECT@@@Z 100016ec f i PointCardRW.obj
 0001:00000804       ?EnumVerbs@?$IOleObjectImpl@VCOPOSPointCardRW@@@ATL@@UAGJPAPAUIEnumOLEVERB@@@Z 10001804 f i PointCardRW.obj
 0001:00000826       ?Update@?$IOleObjectImpl@VCOPOSPointCardRW@@@ATL@@UAGJXZ 10001826 f i PointCardRW.obj
 0001:00000826       ?Release@CRegObject@ATL@@UAGKXZ 10001826 f i PointCardRW.obj
 0001:00000826       ?IsUpToDate@?$IOleObjectImpl@VCOPOSPointCardRW@@@ATL@@UAGJXZ 10001826 f i PointCardRW.obj
 0001:00000826       ?HandsOffStorage@?$IPersistStorageImpl@VCOPOSPointCardRW@@@ATL@@UAGJXZ 10001826 f i PointCardRW.obj
 0001:0000082b       ?GetClassID@?$IPersistStreamInitImpl@VCOPOSPointCardRW@@@ATL@@UAGJPAU_GUID@@@Z 1000182b f i PointCardRW.obj
 0001:0000082b       ?GetUserClassID@?$IOleObjectImpl@VCOPOSPointCardRW@@@ATL@@UAGJPAU_GUID@@@Z 1000182b f i PointCardRW.obj
 0001:0000082b       ?GetClassID@?$IPersistStorageImpl@VCOPOSPointCardRW@@@ATL@@UAGJPAU_GUID@@@Z 1000182b f i PointCardRW.obj
 0001:0000084f       ?GetUserType@?$IOleObjectImpl@VCOPOSPointCardRW@@@ATL@@UAGJKPAPA_W@Z 1000184f f i PointCardRW.obj
 0001:00000867       ?SetExtent@?$IOleObjectImpl@VCOPOSPointCardRW@@@ATL@@UAGJKPAUtagSIZE@@@Z 10001867 f i PointCardRW.obj
 0001:00000887       ?GetExtent@?$IOleObjectImpl@VCOPOSPointCardRW@@@ATL@@UAGJKPAUtagSIZE@@@Z 10001887 f i PointCardRW.obj
 0001:000008c5       ?Advise@?$IOleObjectImpl@VCOPOSPointCardRW@@@ATL@@UAGJPAUIAdviseSink@@PAK@Z 100018c5 f i PointCardRW.obj
 0001:000008e5       ?Unadvise@?$IOleObjectImpl@VCOPOSPointCardRW@@@ATL@@UAGJK@Z 100018e5 f i PointCardRW.obj
 0001:00000914       ?EnumAdvise@?$IOleObjectImpl@VCOPOSPointCardRW@@@ATL@@UAGJPAPAUIEnumSTATDATA@@@Z 10001914 f i PointCardRW.obj
 0001:00000954       ?GetMiscStatus@?$IOleObjectImpl@VCOPOSPointCardRW@@@ATL@@UAGJKPAK@Z 10001954 f i PointCardRW.obj
 0001:0000096c       ?GetWindow@?$IOleInPlaceActiveObjectImpl@VCOPOSPointCardRW@@@ATL@@UAGJPAPAUHWND__@@@Z 1000196c f i PointCardRW.obj
 0001:000009b9       ?TranslateAcceleratorW@?$IOleInPlaceActiveObjectImpl@VCOPOSPointCardRW@@@ATL@@UAGJPAUtagMSG@@@Z 100019b9 f i PointCardRW.obj
 0001:00000a57       ?OnDocWindowActivate@?$IOleInPlaceActiveObjectImpl@VCOPOSPointCardRW@@@ATL@@UAGJH@Z 10001a57 f i PointCardRW.obj
 0001:00000a79       ?ResizeBorder@?$IOleInPlaceActiveObjectImpl@VCOPOSPointCardRW@@@ATL@@UAGJPBUtagRECT@@PAUIOleInPlaceUIWindow@@H@Z 10001a79 f i PointCardRW.obj
 0001:00000a7e       ?Draw@?$IViewObjectExImpl@VCOPOSPointCardRW@@@ATL@@UAGJKJPAXPAUtagDVTARGETDEVICE@@PAUHDC__@@2PBU_RECTL@@3P6GHK@ZK@Z 10001a7e f i PointCardRW.obj
 0001:00000ab0       ?GetColorSet@?$IViewObjectExImpl@VCOPOSPointCardRW@@@ATL@@UAGJKJPAXPAUtagDVTARGETDEVICE@@PAUHDC__@@PAPAUtagLOGPALETTE@@@Z 10001ab0 f i PointCardRW.obj
 0001:00000ab8       ?Freeze@?$IViewObjectExImpl@VCOPOSPointCardRW@@@ATL@@UAGJKJPAXPAK@Z 10001ab8 f i PointCardRW.obj
 0001:00000ac0       ?SetAdvise@?$IViewObjectExImpl@VCOPOSPointCardRW@@@ATL@@UAGJKKPAUIAdviseSink@@@Z 10001ac0 f i PointCardRW.obj
 0001:00000adf       ?GetAdvise@?$IViewObjectExImpl@VCOPOSPointCardRW@@@ATL@@UAGJPAK0PAPAUIAdviseSink@@@Z 10001adf f i PointCardRW.obj
 0001:00000b14       ?GetExtent@?$IViewObjectExImpl@VCOPOSPointCardRW@@@ATL@@UAGJKJPAUtagDVTARGETDEVICE@@PAUtagSIZE@@@Z 10001b14 f i PointCardRW.obj
 0001:00000b45       ?GetViewStatus@?$IViewObjectExImpl@VCOPOSPointCardRW@@@ATL@@UAGJPAK@Z 10001b45 f i PointCardRW.obj
 0001:00000b62       ?QueryHitPoint@?$IViewObjectExImpl@VCOPOSPointCardRW@@@ATL@@UAGJKPBUtagRECT@@UtagPOINT@@JPAK@Z 10001b62 f i PointCardRW.obj
 0001:00000ba3       ?QueryHitRect@?$IViewObjectExImpl@VCOPOSPointCardRW@@@ATL@@UAGJKPBUtagRECT@@0JPAK@Z 10001ba3 f i PointCardRW.obj
 0001:00000bfe       ?GetNaturalExtent@?$IViewObjectExImpl@VCOPOSPointCardRW@@@ATL@@UAGJKJPAUtagDVTARGETDEVICE@@PAUHDC__@@PAUtagExtentInfo@@PAUtagSIZE@@@Z 10001bfe f i PointCardRW.obj
 0001:00000c49       ?GetWindow@?$IOleInPlaceObjectWindowlessImpl@VCOPOSPointCardRW@@@ATL@@UAGJPAPAUHWND__@@@Z 10001c49 f i PointCardRW.obj
 0001:00000c96       ?InPlaceDeactivate@?$IOleInPlaceObjectWindowlessImpl@VCOPOSPointCardRW@@@ATL@@UAGJXZ 10001c96 f i PointCardRW.obj
 0001:00000cb0       ?UIDeactivate@?$IOleInPlaceObjectWindowlessImpl@VCOPOSPointCardRW@@@ATL@@UAGJXZ 10001cb0 f i PointCardRW.obj
 0001:00000cca       ?SetObjectRects@?$IOleInPlaceObjectWindowlessImpl@VCOPOSPointCardRW@@@ATL@@UAGJPBUtagRECT@@0@Z 10001cca f i PointCardRW.obj
 0001:00000cea       ?ReactivateAndUndo@?$IOleInPlaceObjectWindowlessImpl@VCOPOSPointCardRW@@@ATL@@UAGJXZ 10001cea f i PointCardRW.obj
 0001:00000cf2       ?OnWindowMessage@?$IOleInPlaceObjectWindowlessImpl@VCOPOSPointCardRW@@@ATL@@UAGJIIJPAJ@Z 10001cf2 f i PointCardRW.obj
 0001:00000d62       ?EnumConnectionPoints@?$IConnectionPointContainerImpl@VCOPOSPointCardRW@@@ATL@@UAGJPAPAUIEnumConnectionPoints@@@Z 10001d62 f i PointCardRW.obj
 0001:00000edc       ?FindConnectionPoint@?$IConnectionPointContainerImpl@VCOPOSPointCardRW@@@ATL@@UAGJABU_GUID@@PAPAUIConnectionPoint@@@Z 10001edc f i PointCardRW.obj
 0001:00000f7f       ?IsDirty@?$IPersistStorageImpl@VCOPOSPointCardRW@@@ATL@@UAGJXZ 10001f7f f i PointCardRW.obj
 0001:00000fb3       ?InitNew@?$IPersistStorageImpl@VCOPOSPointCardRW@@@ATL@@UAGJPAUIStorage@@@Z 10001fb3 f i PointCardRW.obj
 0001:00000fe7       ?Load@?$IPersistStorageImpl@VCOPOSPointCardRW@@@ATL@@UAGJPAUIStorage@@@Z 10001fe7 f i PointCardRW.obj
 0001:00001053       ?Save@?$IPersistStorageImpl@VCOPOSPointCardRW@@@ATL@@UAGJPAUIStorage@@H@Z 10002053 f i PointCardRW.obj
 0001:000010c6       ?GetPages@?$ISpecifyPropertyPagesImpl@VCOPOSPointCardRW@@@ATL@@UAGJPAUtagCAUUID@@@Z 100020c6 f i PointCardRW.obj
 0001:000010dd       ?QuickActivate@?$IQuickActivateImpl@VCOPOSPointCardRW@@@ATL@@UAGJPAUtagQACONTAINER@@PAUtagQACONTROL@@@Z 100020dd f i PointCardRW.obj
 0001:00001100       ?SetContentExtent@?$IQuickActivateImpl@VCOPOSPointCardRW@@@ATL@@UAGJPAUtagSIZE@@@Z 10002100 f i PointCardRW.obj
 0001:0000112c       ?GetContentExtent@?$IQuickActivateImpl@VCOPOSPointCardRW@@@ATL@@UAGJPAUtagSIZE@@@Z 1000212c f i PointCardRW.obj
 0001:0000114c       ?GetData@?$IDataObjectImpl@VCOPOSPointCardRW@@@ATL@@UAGJPAUtagFORMATETC@@PAUtagSTGMEDIUM@@@Z 1000214c f i PointCardRW.obj
 0001:0000116f       ?DAdvise@?$IDataObjectImpl@VCOPOSPointCardRW@@@ATL@@UAGJPAUtagFORMATETC@@KPAUIAdviseSink@@PAK@Z 1000216f f i PointCardRW.obj
 0001:000011b0       ?DUnadvise@?$IDataObjectImpl@VCOPOSPointCardRW@@@ATL@@UAGJK@Z 100021b0 f i PointCardRW.obj
 0001:000011de       ?EnumDAdvise@?$IDataObjectImpl@VCOPOSPointCardRW@@@ATL@@UAGJPAPAUIEnumSTATDATA@@@Z 100021de f i PointCardRW.obj
 0001:0000121d       ?GetClassInfoW@?$IProvideClassInfo2Impl@$1?CLSID_OPOSPointCardRW@@3U_GUID@@B$1?DIID__IOPOSPointCardRWEvents@@3U2@B$1?LIBID_OposPointCardRW_CCO@@3U2@B$00$0A@VCComTypeInfoHolder@ATL@@@ATL@@UAGJPAPAUITypeInfo@@@Z 1000221d f i PointCardRW.obj
 0001:00001233       ?GetGUID@?$IProvideClassInfo2Impl@$1?CLSID_OPOSPointCardRW@@3U_GUID@@B$1?DIID__IOPOSPointCardRWEvents@@3U2@B$1?LIBID_OposPointCardRW_CCO@@3U2@B$00$0A@VCComTypeInfoHolder@ATL@@@ATL@@UAGJKPAU_GUID@@@Z 10002233 f i PointCardRW.obj
 0001:00001271       ?FAccessAllowed@?$IObjectSafetyImpl@VCOPOSPointCardRW@@$02@ATL@@MAEHXZ 10002271 f i PointCardRW.obj
 0001:00001271       __get_startup_argv_mode    10002271 f i LIBCMT:argv_mode.obj
 0001:00001275       ?GetInterfaceSafetyOptions@?$IObjectSafetyImpl@VCOPOSPointCardRW@@$02@ATL@@UAGJABU_GUID@@PAK1@Z 10002275 f i PointCardRW.obj
 0001:000012e9       ?SetInterfaceSafetyOptions@?$IObjectSafetyImpl@VCOPOSPointCardRW@@$02@ATL@@UAGJABU_GUID@@KK@Z 100022e9 f i PointCardRW.obj
 0001:00001363       ?_LocCPQueryInterface@?$IConnectionPointImpl@VCOPOSPointCardRW@@$1?DIID__IOPOSPointCardRWEvents@@3U_GUID@@BVCComDynamicUnkArray@ATL@@@ATL@@UAGJABU_GUID@@PAPAX@Z 10002363 f i PointCardRW.obj
 0001:00001363       ?_LocCPQueryInterface@?$IConnectionPointImpl@VCOPOSPointCardRW@@$1?IID_IPropertyNotifySink@@3U_GUID@@BVCComDynamicUnkArray@ATL@@@ATL@@UAGJABU_GUID@@PAPAX@Z 10002363 f i PointCardRW.obj
 0001:000013b0       ?GetConnectionInterface@?$IConnectionPointImpl@VCOPOSPointCardRW@@$1?IID_IPropertyNotifySink@@3U_GUID@@BVCComDynamicUnkArray@ATL@@@ATL@@UAGJPAU_GUID@@@Z 100023b0 f i PointCardRW.obj
 0001:000013d4       ?GetConnectionPointContainer@?$IConnectionPointImpl@VCOPOSPointCardRW@@$1?IID_IPropertyNotifySink@@3U_GUID@@BVCComDynamicUnkArray@ATL@@@ATL@@UAGJPAPAUIConnectionPointContainer@@@Z 100023d4 f i PointCardRW.obj
 0001:000013f7       ?Advise@?$IConnectionPointImpl@VCOPOSPointCardRW@@$1?DIID__IOPOSPointCardRWEvents@@3U_GUID@@BVCComDynamicUnkArray@ATL@@@ATL@@UAGJPAUIUnknown@@PAK@Z 100023f7 f i PointCardRW.obj
 0001:000013f7       ?Advise@?$IConnectionPointImpl@VCOPOSPointCardRW@@$1?IID_IPropertyNotifySink@@3U_GUID@@BVCComDynamicUnkArray@ATL@@@ATL@@UAGJPAUIUnknown@@PAK@Z 100023f7 f i PointCardRW.obj
 0001:00001498       ?Unadvise@?$IConnectionPointImpl@VCOPOSPointCardRW@@$1?IID_IPropertyNotifySink@@3U_GUID@@BVCComDynamicUnkArray@ATL@@@ATL@@UAGJK@Z 10002498 f i PointCardRW.obj
 0001:00001498       ?Unadvise@?$IConnectionPointImpl@VCOPOSPointCardRW@@$1?DIID__IOPOSPointCardRWEvents@@3U_GUID@@BVCComDynamicUnkArray@ATL@@@ATL@@UAGJK@Z 10002498 f i PointCardRW.obj
 0001:000014d8       ?EnumConnections@?$IConnectionPointImpl@VCOPOSPointCardRW@@$1?IID_IPropertyNotifySink@@3U_GUID@@BVCComDynamicUnkArray@ATL@@@ATL@@UAGJPAPAUIEnumConnections@@@Z 100024d8 f i PointCardRW.obj
 0001:000014d8       ?EnumConnections@?$IConnectionPointImpl@VCOPOSPointCardRW@@$1?DIID__IOPOSPointCardRWEvents@@3U_GUID@@BVCComDynamicUnkArray@ATL@@@ATL@@UAGJPAPAUIEnumConnections@@@Z 100024d8 f i PointCardRW.obj
 0001:000015de       ?GetObjectDescription@?$CComCoClass@VCOPOSPointCardRW@@$1?CLSID_OPOSPointCardRW@@3U_GUID@@B@ATL@@SGPB_WXZ 100025de f i PointCardRW.obj
 0001:000015de       ?GetCategoryMap@CComObjectRootBase@ATL@@SAPBU_ATL_CATMAP_ENTRY@2@XZ 100025de f i PointCardRW.obj
 0001:000015e1       ?GetConnectionInterface@?$IConnectionPointImpl@VCOPOSPointCardRW@@$1?DIID__IOPOSPointCardRWEvents@@3U_GUID@@BVCComDynamicUnkArray@ATL@@@ATL@@UAGJPAU_GUID@@@Z 100025e1 f i PointCardRW.obj
 0001:00001605       ?GetConnectionPointContainer@?$IConnectionPointImpl@VCOPOSPointCardRW@@$1?DIID__IOPOSPointCardRWEvents@@3U_GUID@@BVCComDynamicUnkArray@ATL@@@ATL@@UAGJPAPAUIConnectionPointContainer@@@Z 10002605 f i PointCardRW.obj
 0001:00001628       ?UpdateRegistry@COPOSPointCardRW@@SGJH@Z 10002628 f i PointCardRW.obj
 0001:00001640       ?ProcessWindowMessage@COPOSPointCardRW@@UAEHPAUHWND__@@IIJAAJK@Z 10002640 f i PointCardRW.obj
 0001:00001689       ?SOData@COPOSPointCardRW@@MAGJJ@Z 10002689 f i PointCardRW.obj
 0001:000016c2       ?SODirectIO@COPOSPointCardRW@@MAGJJPAJPAPA_W@Z 100026c2 f i PointCardRW.obj
 0001:0000170b       ?SOError@COPOSPointCardRW@@MAGJJJJPAJ@Z 1000270b f i PointCardRW.obj
 0001:00001760       ?SOOutputComplete@COPOSPointCardRW@@MAGJJ@Z 10002760 f i PointCardRW.obj
 0001:00001799       ?SOStatusUpdate@COPOSPointCardRW@@MAGJJ@Z 10002799 f i PointCardRW.obj
 0001:000017d2       ?AddRef@CRegObject@ATL@@UAGKXZ 100027d2 f i PointCardRW.obj
 0001:000017d8       ?AddReplacement@CRegObject@ATL@@UAGJPB_W0@Z 100027d8 f i PointCardRW.obj
 0001:00001811       ?ClearReplacements@CRegObject@ATL@@UAGJXZ 10002811 f i PointCardRW.obj
 0001:00001823       ??_GCRegObject@ATL@@UAEPAXI@Z 10002823 f i PointCardRW.obj
 0001:00001823       ??_ECRegObject@ATL@@UAEPAXI@Z 10002823 f i PointCardRW.obj
 0001:00001845       ?CreateInstance@?$CComCreator@V?$CComObjectCached@VCComClassFactory@ATL@@@ATL@@@ATL@@SGJPAXABU_GUID@@PAPAX@Z 10002845 f i PointCardRW.obj
 0001:000018d8       ?CreateInstance@?$CComCreator2@V?$CComCreator@V?$CComObject@VCOPOSPointCardRW@@@ATL@@@ATL@@V?$CComCreator@V?$CComAggObject@VCOPOSPointCardRW@@@ATL@@@2@@ATL@@SGJPAXABU_GUID@@PAPAX@Z 100028d8 f i PointCardRW.obj
 0001:000018f8       ?Next@?$CComEnumImpl@UIEnumConnectionPoints@@$1?_GUID_b196b285_bab4_101a_b69c_00aa00341d07@@3U__s_GUID@@BPAUIConnectionPoint@@V?$_CopyInterface@UIConnectionPoint@@@ATL@@@ATL@@UAGJKPAPAUIConnectionPoint@@PAK@Z 100028f8 f i PointCardRW.obj
 0001:000019cf       ?Skip@?$CComEnumImpl@UIEnumConnectionPoints@@$1?_GUID_b196b285_bab4_101a_b69c_00aa00341d07@@3U__s_GUID@@BPAUIConnectionPoint@@V?$_CopyInterface@UIConnectionPoint@@@ATL@@@ATL@@UAGJK@Z 100029cf f i PointCardRW.obj
 0001:000019fc       ?Reset@?$CComEnumImpl@UIEnumConnections@@$1?_GUID_b196b287_bab4_101a_b69c_00aa00341d07@@3U__s_GUID@@BUtagCONNECTDATA@@V?$_Copy@UtagCONNECTDATA@@@ATL@@@ATL@@UAGJXZ 100029fc f i PointCardRW.obj
 0001:000019fc       ?Reset@?$CComEnumImpl@UIEnumConnectionPoints@@$1?_GUID_b196b285_bab4_101a_b69c_00aa00341d07@@3U__s_GUID@@BPAUIConnectionPoint@@V?$_CopyInterface@UIConnectionPoint@@@ATL@@@ATL@@UAGJXZ 100029fc f i PointCardRW.obj
 0001:00001a0e       ?Clone@?$CComEnumImpl@UIEnumConnectionPoints@@$1?_GUID_b196b285_bab4_101a_b69c_00aa00341d07@@3U__s_GUID@@BPAUIConnectionPoint@@V?$_CopyInterface@UIConnectionPoint@@@ATL@@@ATL@@UAGJPAPAUIEnumConnectionPoints@@@Z 10002a0e f i PointCardRW.obj
 0001:00001aed       ?AddRef@?$CComObject@V?$CComEnum@UIEnumConnections@@$1?_GUID_b196b287_bab4_101a_b69c_00aa00341d07@@3U__s_GUID@@BUtagCONNECTDATA@@V?$_Copy@UtagCONNECTDATA@@@ATL@@VCComSingleThreadModel@6@@ATL@@@ATL@@UAGKXZ 10002aed f i PointCardRW.obj
 0001:00001aed       ?AddRef@?$CComObject@V?$CComEnum@UIEnumConnectionPoints@@$1?_GUID_b196b285_bab4_101a_b69c_00aa00341d07@@3U__s_GUID@@BPAUIConnectionPoint@@V?$_CopyInterface@UIConnectionPoint@@@ATL@@VCComSingleThreadModel@6@@ATL@@@ATL@@UAGKXZ 10002aed f i PointCardRW.obj
 0001:00001afe       ?Release@?$CComObject@V?$CComEnum@UIEnumConnections@@$1?_GUID_b196b287_bab4_101a_b69c_00aa00341d07@@3U__s_GUID@@BUtagCONNECTDATA@@V?$_Copy@UtagCONNECTDATA@@@ATL@@VCComSingleThreadModel@6@@ATL@@@ATL@@UAGKXZ 10002afe f i PointCardRW.obj
 0001:00001afe       ?Release@?$CComObject@V?$CComEnum@UIEnumConnectionPoints@@$1?_GUID_b196b285_bab4_101a_b69c_00aa00341d07@@3U__s_GUID@@BPAUIConnectionPoint@@V?$_CopyInterface@UIConnectionPoint@@@ATL@@VCComSingleThreadModel@6@@ATL@@@ATL@@UAGKXZ 10002afe f i PointCardRW.obj
 0001:00001b3a       ?QueryInterface@?$CComObject@V?$CComEnum@UIEnumConnectionPoints@@$1?_GUID_b196b285_bab4_101a_b69c_00aa00341d07@@3U__s_GUID@@BPAUIConnectionPoint@@V?$_CopyInterface@UIConnectionPoint@@@ATL@@VCComSingleThreadModel@6@@ATL@@@ATL@@UAGJABU_GUID@@PAPAX@Z 10002b3a f i PointCardRW.obj
 0001:00001b54       ??_G?$CComObject@V?$CComEnum@UIEnumConnectionPoints@@$1?_GUID_b196b285_bab4_101a_b69c_00aa00341d07@@3U__s_GUID@@BPAUIConnectionPoint@@V?$_CopyInterface@UIConnectionPoint@@@ATL@@VCComSingleThreadModel@6@@ATL@@@ATL@@UAEPAXI@Z 10002b54 f i PointCardRW.obj
 0001:00001b54       ??_E?$CComObject@V?$CComEnum@UIEnumConnectionPoints@@$1?_GUID_b196b285_bab4_101a_b69c_00aa00341d07@@3U__s_GUID@@BPAUIConnectionPoint@@V?$_CopyInterface@UIConnectionPoint@@@ATL@@VCComSingleThreadModel@6@@ATL@@@ATL@@UAEPAXI@Z 10002b54 f i PointCardRW.obj
 0001:00001b76       ?AddRef@?$CComObjectCached@VCComClassFactory@ATL@@@ATL@@UAGKXZ 10002b76 f i PointCardRW.obj
 0001:00001b9d       ?Release@?$CComObjectCached@VCComClassFactory@ATL@@@ATL@@UAGKXZ 10002b9d f i PointCardRW.obj
 0001:00001bd3       ?QueryInterface@?$CComObjectCached@VCComClassFactory@ATL@@@ATL@@UAGJABU_GUID@@PAPAX@Z 10002bd3 f i PointCardRW.obj
 0001:00001bed       ??_G?$CComObjectCached@VCComClassFactory@ATL@@@ATL@@UAEPAXI@Z 10002bed f i PointCardRW.obj
 0001:00001bed       ??_E?$CComObjectCached@VCComClassFactory@ATL@@@ATL@@UAEPAXI@Z 10002bed f i PointCardRW.obj
 0001:00001c0f       ?AddRef@?$CComAggObject@VCOPOSPointCardRW@@@ATL@@UAGKXZ 10002c0f f i PointCardRW.obj
 0001:00001c20       ?Release@?$CComAggObject@VCOPOSPointCardRW@@@ATL@@UAGKXZ 10002c20 f i PointCardRW.obj
 0001:00001c5c       ?QueryInterface@?$CComAggObject@VCOPOSPointCardRW@@@ATL@@UAGJABU_GUID@@PAPAX@Z 10002c5c f i PointCardRW.obj
 0001:00001cab       ?AddRef@?$CComContainedObject@VCOPOSPointCardRW@@@ATL@@UAGKXZ 10002cab f i PointCardRW.obj
 0001:00001cc1       ?Release@?$CComContainedObject@VCOPOSPointCardRW@@@ATL@@UAGKXZ 10002cc1 f i PointCardRW.obj
 0001:00001cd7       ?QueryInterface@?$CComContainedObject@VCOPOSPointCardRW@@@ATL@@UAGJABU_GUID@@PAPAX@Z 10002cd7 f i PointCardRW.obj
 0001:00001cf2       ??_G?$CComAggObject@VCOPOSPointCardRW@@@ATL@@UAEPAXI@Z 10002cf2 f i PointCardRW.obj
 0001:00001cf2       ??_E?$CComAggObject@VCOPOSPointCardRW@@@ATL@@UAEPAXI@Z 10002cf2 f i PointCardRW.obj
 0001:00001d17       ?AddRef@?$CComObject@VCOPOSPointCardRW@@@ATL@@UAGKXZ 10002d17 f i PointCardRW.obj
 0001:00001d2e       ?Release@?$CComObject@VCOPOSPointCardRW@@@ATL@@UAGKXZ 10002d2e f i PointCardRW.obj
 0001:00001d70       ?QueryInterface@?$CComObject@VCOPOSPointCardRW@@@ATL@@UAGJABU_GUID@@PAPAX@Z 10002d70 f i PointCardRW.obj
 0001:00001d8a       ?OnFinalMessage@?$CWindowImplBaseT@VCWindow@ATL@@V?$CWinTraits@$0FGAAAAAA@$0A@@2@@ATL@@UAEXPAUHWND__@@@Z 10002d8a f i PointCardRW.obj
 0001:00001d8a       ?ObjectMain@CComObjectRootBase@ATL@@SGX_N@Z 10002d8a f i PointCardRW.obj
 0001:00001d8d       ?OnDrawAdvanced@CComControlBase@ATL@@UAEJAAUATL_DRAWINFO@@@Z 10002d8d f i PointCardRW.obj
 0001:00001e7c       ?CreateInstance@CComClassFactory@ATL@@UAGJPAUIUnknown@@ABU_GUID@@PAPAX@Z 10002e7c f i PointCardRW.obj
 0001:00001eba       ?LockServer@CComClassFactory@ATL@@UAGJH@Z 10002eba f i PointCardRW.obj
 0001:00001ed9       ??_GCComClassFactory@ATL@@UAEPAXI@Z 10002ed9 f i PointCardRW.obj
 0001:00001ed9       ??_ECComClassFactory@ATL@@UAEPAXI@Z 10002ed9 f i PointCardRW.obj
 0001:00001f04       ?Next@?$CComEnumImpl@UIEnumConnections@@$1?_GUID_b196b287_bab4_101a_b69c_00aa00341d07@@3U__s_GUID@@BUtagCONNECTDATA@@V?$_Copy@UtagCONNECTDATA@@@ATL@@@ATL@@UAGJKPAUtagCONNECTDATA@@PAK@Z 10002f04 f i PointCardRW.obj
 0001:00001fdb       ?Skip@?$CComEnumImpl@UIEnumConnections@@$1?_GUID_b196b287_bab4_101a_b69c_00aa00341d07@@3U__s_GUID@@BUtagCONNECTDATA@@V?$_Copy@UtagCONNECTDATA@@@ATL@@@ATL@@UAGJK@Z 10002fdb f i PointCardRW.obj
 0001:00002008       ?Clone@?$CComEnumImpl@UIEnumConnections@@$1?_GUID_b196b287_bab4_101a_b69c_00aa00341d07@@3U__s_GUID@@BUtagCONNECTDATA@@V?$_Copy@UtagCONNECTDATA@@@ATL@@@ATL@@UAGJPAPAUIEnumConnections@@@Z 10003008 f i PointCardRW.obj
 0001:000020e7       ?QueryInterface@?$CComObject@V?$CComEnum@UIEnumConnections@@$1?_GUID_b196b287_bab4_101a_b69c_00aa00341d07@@3U__s_GUID@@BUtagCONNECTDATA@@V?$_Copy@UtagCONNECTDATA@@@ATL@@VCComSingleThreadModel@6@@ATL@@@ATL@@UAGJABU_GUID@@PAPAX@Z 100030e7 f i PointCardRW.obj
 0001:00002101       ??_G?$CComObject@V?$CComEnum@UIEnumConnections@@$1?_GUID_b196b287_bab4_101a_b69c_00aa00341d07@@3U__s_GUID@@BUtagCONNECTDATA@@V?$_Copy@UtagCONNECTDATA@@@ATL@@VCComSingleThreadModel@6@@ATL@@@ATL@@UAEPAXI@Z 10003101 f i PointCardRW.obj
 0001:00002101       ??_E?$CComObject@V?$CComEnum@UIEnumConnections@@$1?_GUID_b196b287_bab4_101a_b69c_00aa00341d07@@3U__s_GUID@@BUtagCONNECTDATA@@V?$_Copy@UtagCONNECTDATA@@@ATL@@VCComSingleThreadModel@6@@ATL@@@ATL@@UAEPAXI@Z 10003101 f i PointCardRW.obj
 0001:00002123       ??_E?$CComObject@VCOPOSPointCardRW@@@ATL@@W3AEPAXI@Z 10003123 f i PointCardRW.obj
 0001:0000212b       ??_E?$CComObject@VCOPOSPointCardRW@@@ATL@@WEM@AEPAXI@Z 1000312b f i PointCardRW.obj
 0001:00002133       ?QueryInterface@?$CComObject@VCOPOSPointCardRW@@@ATL@@WHA@AGJABU_GUID@@PAPAX@Z 10003133 f i PointCardRW.obj
 0001:0000213d       ?AddRef@?$CComObject@VCOPOSPointCardRW@@@ATL@@WHA@AGKXZ 1000313d f i PointCardRW.obj
 0001:00002147       ?Release@?$CComObject@VCOPOSPointCardRW@@@ATL@@WHA@AGKXZ 10003147 f i PointCardRW.obj
 0001:00002151       ?QueryInterface@?$CComObject@VCOPOSPointCardRW@@@ATL@@WHE@AGJABU_GUID@@PAPAX@Z 10003151 f i PointCardRW.obj
 0001:0000215b       ?AddRef@?$CComObject@VCOPOSPointCardRW@@@ATL@@WHE@AGKXZ 1000315b f i PointCardRW.obj
 0001:00002165       ?Release@?$CComObject@VCOPOSPointCardRW@@@ATL@@WHE@AGKXZ 10003165 f i PointCardRW.obj
 0001:0000216f       ?QueryInterface@?$CComObject@VCOPOSPointCardRW@@@ATL@@WHI@AGJABU_GUID@@PAPAX@Z 1000316f f i PointCardRW.obj
 0001:00002179       ?AddRef@?$CComObject@VCOPOSPointCardRW@@@ATL@@WHI@AGKXZ 10003179 f i PointCardRW.obj
 0001:00002183       ?Release@?$CComObject@VCOPOSPointCardRW@@@ATL@@WHI@AGKXZ 10003183 f i PointCardRW.obj
 0001:0000218d       ?QueryInterface@?$CComObject@VCOPOSPointCardRW@@@ATL@@WHM@AGJABU_GUID@@PAPAX@Z 1000318d f i PointCardRW.obj
 0001:00002197       ?AddRef@?$CComObject@VCOPOSPointCardRW@@@ATL@@WHM@AGKXZ 10003197 f i PointCardRW.obj
 0001:000021a1       ?Release@?$CComObject@VCOPOSPointCardRW@@@ATL@@WHM@AGKXZ 100031a1 f i PointCardRW.obj
 0001:000021ab       ?QueryInterface@?$CComObject@VCOPOSPointCardRW@@@ATL@@WIA@AGJABU_GUID@@PAPAX@Z 100031ab f i PointCardRW.obj
 0001:000021b8       ?AddRef@?$CComObject@VCOPOSPointCardRW@@@ATL@@WIA@AGKXZ 100031b8 f i PointCardRW.obj
 0001:000021c5       ?Release@?$CComObject@VCOPOSPointCardRW@@@ATL@@WIA@AGKXZ 100031c5 f i PointCardRW.obj
 0001:000021d2       ?QueryInterface@?$CComObject@VCOPOSPointCardRW@@@ATL@@WIE@AGJABU_GUID@@PAPAX@Z 100031d2 f i PointCardRW.obj
 0001:000021df       ?AddRef@?$CComObject@VCOPOSPointCardRW@@@ATL@@WIE@AGKXZ 100031df f i PointCardRW.obj
 0001:000021ec       ?Release@?$CComObject@VCOPOSPointCardRW@@@ATL@@WIE@AGKXZ 100031ec f i PointCardRW.obj
 0001:000021f9       ?QueryInterface@?$CComObject@VCOPOSPointCardRW@@@ATL@@WII@AGJABU_GUID@@PAPAX@Z 100031f9 f i PointCardRW.obj
 0001:00002206       ?AddRef@?$CComObject@VCOPOSPointCardRW@@@ATL@@WII@AGKXZ 10003206 f i PointCardRW.obj
 0001:00002213       ?Release@?$CComObject@VCOPOSPointCardRW@@@ATL@@WII@AGKXZ 10003213 f i PointCardRW.obj
 0001:00002220       ?QueryInterface@?$CComObject@VCOPOSPointCardRW@@@ATL@@WIM@AGJABU_GUID@@PAPAX@Z 10003220 f i PointCardRW.obj
 0001:0000222d       ?AddRef@?$CComObject@VCOPOSPointCardRW@@@ATL@@WIM@AGKXZ 1000322d f i PointCardRW.obj
 0001:0000223a       ?Release@?$CComObject@VCOPOSPointCardRW@@@ATL@@WIM@AGKXZ 1000323a f i PointCardRW.obj
 0001:00002247       ?QueryInterface@?$CComObject@VCOPOSPointCardRW@@@ATL@@WJA@AGJABU_GUID@@PAPAX@Z 10003247 f i PointCardRW.obj
 0001:00002254       ?AddRef@?$CComObject@VCOPOSPointCardRW@@@ATL@@WJA@AGKXZ 10003254 f i PointCardRW.obj
 0001:00002261       ?Release@?$CComObject@VCOPOSPointCardRW@@@ATL@@WJA@AGKXZ 10003261 f i PointCardRW.obj
 0001:0000226e       ?QueryInterface@?$CComObject@VCOPOSPointCardRW@@@ATL@@WJE@AGJABU_GUID@@PAPAX@Z 1000326e f i PointCardRW.obj
 0001:0000227b       ?AddRef@?$CComObject@VCOPOSPointCardRW@@@ATL@@WJE@AGKXZ 1000327b f i PointCardRW.obj
 0001:00002288       ?Release@?$CComObject@VCOPOSPointCardRW@@@ATL@@WJE@AGKXZ 10003288 f i PointCardRW.obj
 0001:00002295       ?QueryInterface@?$CComObject@VCOPOSPointCardRW@@@ATL@@WJI@AGJABU_GUID@@PAPAX@Z 10003295 f i PointCardRW.obj
 0001:000022a2       ?AddRef@?$CComObject@VCOPOSPointCardRW@@@ATL@@WJI@AGKXZ 100032a2 f i PointCardRW.obj
 0001:000022af       ?Release@?$CComObject@VCOPOSPointCardRW@@@ATL@@WJI@AGKXZ 100032af f i PointCardRW.obj
 0001:000022bc       ?QueryInterface@?$CComObject@VCOPOSPointCardRW@@@ATL@@WJM@AGJABU_GUID@@PAPAX@Z 100032bc f i PointCardRW.obj
 0001:000022c9       ?AddRef@?$CComObject@VCOPOSPointCardRW@@@ATL@@WJM@AGKXZ 100032c9 f i PointCardRW.obj
 0001:000022d6       ?Release@?$CComObject@VCOPOSPointCardRW@@@ATL@@WJM@AGKXZ 100032d6 f i PointCardRW.obj
 0001:000022e3       ?QueryInterface@?$CComObject@VCOPOSPointCardRW@@@ATL@@WKA@AGJABU_GUID@@PAPAX@Z 100032e3 f i PointCardRW.obj
 0001:000022f0       ?AddRef@?$CComObject@VCOPOSPointCardRW@@@ATL@@WKA@AGKXZ 100032f0 f i PointCardRW.obj
 0001:000022fd       ?Release@?$CComObject@VCOPOSPointCardRW@@@ATL@@WKA@AGKXZ 100032fd f i PointCardRW.obj
 0001:0000230a       ?AddRef@?$CComObject@VCOPOSPointCardRW@@@ATL@@WKI@AGKXZ 1000330a f i PointCardRW.obj
 0001:00002317       ?Release@?$CComObject@VCOPOSPointCardRW@@@ATL@@WKI@AGKXZ 10003317 f i PointCardRW.obj
 0001:00002324       ?AddRef@?$CComObject@VCOPOSPointCardRW@@@ATL@@WLE@AGKXZ 10003324 f i PointCardRW.obj
 0001:00002331       ?Release@?$CComObject@VCOPOSPointCardRW@@@ATL@@WLE@AGKXZ 10003331 f i PointCardRW.obj
 0001:0000233e       ??_E?$CComContainedObject@VCOPOSPointCardRW@@@ATL@@W3AEPAXI@Z 1000333e f i PointCardRW.obj
 0001:00002346       ??_E?$CComContainedObject@VCOPOSPointCardRW@@@ATL@@WEM@AEPAXI@Z 10003346 f i PointCardRW.obj
 0001:0000234e       ?QueryInterface@?$CComContainedObject@VCOPOSPointCardRW@@@ATL@@WHA@AGJABU_GUID@@PAPAX@Z 1000334e f i PointCardRW.obj
 0001:00002358       ?AddRef@?$CComContainedObject@VCOPOSPointCardRW@@@ATL@@WHA@AGKXZ 10003358 f i PointCardRW.obj
 0001:00002362       ?Release@?$CComContainedObject@VCOPOSPointCardRW@@@ATL@@WHA@AGKXZ 10003362 f i PointCardRW.obj
 0001:0000236c       ?QueryInterface@?$CComContainedObject@VCOPOSPointCardRW@@@ATL@@WHE@AGJABU_GUID@@PAPAX@Z 1000336c f i PointCardRW.obj
 0001:00002376       ?AddRef@?$CComContainedObject@VCOPOSPointCardRW@@@ATL@@WHE@AGKXZ 10003376 f i PointCardRW.obj
 0001:00002380       ?Release@?$CComContainedObject@VCOPOSPointCardRW@@@ATL@@WHE@AGKXZ 10003380 f i PointCardRW.obj
 0001:0000238a       ?QueryInterface@?$CComContainedObject@VCOPOSPointCardRW@@@ATL@@WHI@AGJABU_GUID@@PAPAX@Z 1000338a f i PointCardRW.obj
 0001:00002394       ?AddRef@?$CComContainedObject@VCOPOSPointCardRW@@@ATL@@WHI@AGKXZ 10003394 f i PointCardRW.obj
 0001:0000239e       ?Release@?$CComContainedObject@VCOPOSPointCardRW@@@ATL@@WHI@AGKXZ 1000339e f i PointCardRW.obj
 0001:000023a8       ?QueryInterface@?$CComContainedObject@VCOPOSPointCardRW@@@ATL@@WHM@AGJABU_GUID@@PAPAX@Z 100033a8 f i PointCardRW.obj
 0001:000023b2       ?AddRef@?$CComContainedObject@VCOPOSPointCardRW@@@ATL@@WHM@AGKXZ 100033b2 f i PointCardRW.obj
 0001:000023bc       ?Release@?$CComContainedObject@VCOPOSPointCardRW@@@ATL@@WHM@AGKXZ 100033bc f i PointCardRW.obj
 0001:000023c6       ?QueryInterface@?$CComContainedObject@VCOPOSPointCardRW@@@ATL@@WIA@AGJABU_GUID@@PAPAX@Z 100033c6 f i PointCardRW.obj
 0001:000023d3       ?AddRef@?$CComContainedObject@VCOPOSPointCardRW@@@ATL@@WIA@AGKXZ 100033d3 f i PointCardRW.obj
 0001:000023e0       ?Release@?$CComContainedObject@VCOPOSPointCardRW@@@ATL@@WIA@AGKXZ 100033e0 f i PointCardRW.obj
 0001:000023ed       ?QueryInterface@?$CComContainedObject@VCOPOSPointCardRW@@@ATL@@WIE@AGJABU_GUID@@PAPAX@Z 100033ed f i PointCardRW.obj
 0001:000023fa       ?AddRef@?$CComContainedObject@VCOPOSPointCardRW@@@ATL@@WIE@AGKXZ 100033fa f i PointCardRW.obj
 0001:00002407       ?Release@?$CComContainedObject@VCOPOSPointCardRW@@@ATL@@WIE@AGKXZ 10003407 f i PointCardRW.obj
 0001:00002414       ?QueryInterface@?$CComContainedObject@VCOPOSPointCardRW@@@ATL@@WII@AGJABU_GUID@@PAPAX@Z 10003414 f i PointCardRW.obj
 0001:00002421       ?AddRef@?$CComContainedObject@VCOPOSPointCardRW@@@ATL@@WII@AGKXZ 10003421 f i PointCardRW.obj
 0001:0000242e       ?Release@?$CComContainedObject@VCOPOSPointCardRW@@@ATL@@WII@AGKXZ 1000342e f i PointCardRW.obj
 0001:0000243b       ?QueryInterface@?$CComContainedObject@VCOPOSPointCardRW@@@ATL@@WIM@AGJABU_GUID@@PAPAX@Z 1000343b f i PointCardRW.obj
 0001:00002448       ?AddRef@?$CComContainedObject@VCOPOSPointCardRW@@@ATL@@WIM@AGKXZ 10003448 f i PointCardRW.obj
 0001:00002455       ?Release@?$CComContainedObject@VCOPOSPointCardRW@@@ATL@@WIM@AGKXZ 10003455 f i PointCardRW.obj
 0001:00002462       ?QueryInterface@?$CComContainedObject@VCOPOSPointCardRW@@@ATL@@WJA@AGJABU_GUID@@PAPAX@Z 10003462 f i PointCardRW.obj
 0001:0000246f       ?AddRef@?$CComContainedObject@VCOPOSPointCardRW@@@ATL@@WJA@AGKXZ 1000346f f i PointCardRW.obj
 0001:0000247c       ?Release@?$CComContainedObject@VCOPOSPointCardRW@@@ATL@@WJA@AGKXZ 1000347c f i PointCardRW.obj
 0001:00002489       ?QueryInterface@?$CComContainedObject@VCOPOSPointCardRW@@@ATL@@WJE@AGJABU_GUID@@PAPAX@Z 10003489 f i PointCardRW.obj
 0001:00002496       ?AddRef@?$CComContainedObject@VCOPOSPointCardRW@@@ATL@@WJE@AGKXZ 10003496 f i PointCardRW.obj
 0001:000024a3       ?Release@?$CComContainedObject@VCOPOSPointCardRW@@@ATL@@WJE@AGKXZ 100034a3 f i PointCardRW.obj
 0001:000024b0       ?QueryInterface@?$CComContainedObject@VCOPOSPointCardRW@@@ATL@@WJI@AGJABU_GUID@@PAPAX@Z 100034b0 f i PointCardRW.obj
 0001:000024bd       ?AddRef@?$CComContainedObject@VCOPOSPointCardRW@@@ATL@@WJI@AGKXZ 100034bd f i PointCardRW.obj
 0001:000024ca       ?Release@?$CComContainedObject@VCOPOSPointCardRW@@@ATL@@WJI@AGKXZ 100034ca f i PointCardRW.obj
 0001:000024d7       ?QueryInterface@?$CComContainedObject@VCOPOSPointCardRW@@@ATL@@WJM@AGJABU_GUID@@PAPAX@Z 100034d7 f i PointCardRW.obj
 0001:000024e4       ?AddRef@?$CComContainedObject@VCOPOSPointCardRW@@@ATL@@WJM@AGKXZ 100034e4 f i PointCardRW.obj
 0001:000024f1       ?Release@?$CComContainedObject@VCOPOSPointCardRW@@@ATL@@WJM@AGKXZ 100034f1 f i PointCardRW.obj
 0001:000024fe       ?QueryInterface@?$CComContainedObject@VCOPOSPointCardRW@@@ATL@@WKA@AGJABU_GUID@@PAPAX@Z 100034fe f i PointCardRW.obj
 0001:0000250b       ?AddRef@?$CComContainedObject@VCOPOSPointCardRW@@@ATL@@WKA@AGKXZ 1000350b f i PointCardRW.obj
 0001:00002518       ?Release@?$CComContainedObject@VCOPOSPointCardRW@@@ATL@@WKA@AGKXZ 10003518 f i PointCardRW.obj
 0001:00002525       ?AddRef@?$CComContainedObject@VCOPOSPointCardRW@@@ATL@@WKI@AGKXZ 10003525 f i PointCardRW.obj
 0001:00002532       ?Release@?$CComContainedObject@VCOPOSPointCardRW@@@ATL@@WKI@AGKXZ 10003532 f i PointCardRW.obj
 0001:0000253f       ?AddRef@?$CComContainedObject@VCOPOSPointCardRW@@@ATL@@WLE@AGKXZ 1000353f f i PointCardRW.obj
 0001:0000254c       ?Release@?$CComContainedObject@VCOPOSPointCardRW@@@ATL@@WLE@AGKXZ 1000354c f i PointCardRW.obj
 0001:00002559       ?Lock@CAtlModule@ATL@@UAEJXZ 10003559 f i PointCardRW.obj
 0001:00002563       ?Unlock@CAtlModule@ATL@@UAEJXZ 10003563 f i PointCardRW.obj
 0001:0000256d       ?GetLockCount@CAtlModule@ATL@@UAEJXZ 1000356d f i PointCardRW.obj
 0001:00002571       ?GetGITPtr@CAtlModule@ATL@@UAEJPAPAUIGlobalInterfaceTable@@@Z 10003571 f i PointCardRW.obj
 0001:000025bd       ?GetWindowProc@?$CWindowImplBaseT@VCWindow@ATL@@V?$CWinTraits@$0FGAAAAAA@$0A@@2@@ATL@@UAEP6GJPAUHWND__@@IIJ@ZXZ 100035bd f i PointCardRW.obj
 0001:000025c3       ?StartWindowProc@?$CWindowImplBaseT@VCWindow@ATL@@V?$CWinTraits@$0FGAAAAAA@$0A@@2@@ATL@@SGJPAUHWND__@@IIJ@Z 100035c3 f i PointCardRW.obj
 0001:00002617       ?AddCommonRGSReplacements@?$CAtlModuleT@VCComModule@ATL@@@ATL@@UAEJPAUIRegistrarBase@@@Z 10003617 f i PointCardRW.obj
 0001:00002631       ?UpdateRegistryFromResourceD@CComModule@ATL@@UAGJPB_WHPAU_ATL_REGMAP_ENTRY@2@@Z 10003631 f i PointCardRW.obj
 0001:00002631       ?UpdateRegistryFromResourceD@CComModule@ATL@@UAGJIHPAU_ATL_REGMAP_ENTRY@2@@Z 10003631 f i PointCardRW.obj
 0001:00002639       ?UpdateRegistryFromResource@CComModule@ATL@@UAGJPB_WHPAU_ATL_REGMAP_ENTRY@2@@Z 10003639 f i PointCardRW.obj
 0001:00002642       ?UpdateRegistryFromResource@CComModule@ATL@@UAGJIHPAU_ATL_REGMAP_ENTRY@2@@Z 10003642 f i PointCardRW.obj
 0001:0000264b       ??_GCComModule@ATL@@UAEPAXI@Z 1000364b f i PointCardRW.obj
 0001:0000264b       ??_ECComModule@ATL@@UAEPAXI@Z 1000364b f i PointCardRW.obj
 0001:00002673       ?GetTypeInfoCount@?$IDispatchImpl@UIOPOSPointCardRW@@$1?IID_IOPOSPointCardRW@@3U_GUID@@B$1?LIBID_OposPointCardRW_CCO@@3U3@B$00$0A@VCComTypeInfoHolder@ATL@@@ATL@@UAGJPAI@Z 10003673 f i PointCardRW.obj
 0001:00002690       ?GetTypeInfo@?$IDispatchImpl@UIOPOSPointCardRW@@$1?IID_IOPOSPointCardRW@@3U_GUID@@B$1?LIBID_OposPointCardRW_CCO@@3U3@B$00$0A@VCComTypeInfoHolder@ATL@@@ATL@@UAGJIKPAPAUITypeInfo@@@Z 10003690 f i PointCardRW.obj
 0001:000026b4       ?GetIDsOfNames@?$IDispatchImpl@UIOPOSPointCardRW@@$1?IID_IOPOSPointCardRW@@3U_GUID@@B$1?LIBID_OposPointCardRW_CCO@@3U3@B$00$0A@VCComTypeInfoHolder@ATL@@@ATL@@UAGJABU_GUID@@PAPA_WIKPAJ@Z 100036b4 f i PointCardRW.obj
 0001:000026d4       ?Invoke@?$IDispatchImpl@UIOPOSPointCardRW@@$1?IID_IOPOSPointCardRW@@3U_GUID@@B$1?LIBID_OposPointCardRW_CCO@@3U3@B$00$0A@VCComTypeInfoHolder@ATL@@@ATL@@UAGJJABU_GUID@@KGPAUtagDISPPARAMS@@PAUtagVARIANT@@PAUtagEXCEPINFO@@PAI@Z 100036d4 f i PointCardRW.obj
 0001:000026e2       ?CreateControlWindow@?$CComControl@VCOPOSPointCardRW@@V?$CWindowImpl@VCOPOSPointCardRW@@VCWindow@ATL@@V?$CWinTraits@$0FGAAAAAA@$0A@@3@@ATL@@@ATL@@UAEPAUHWND__@@PAU3@AAUtagRECT@@@Z 100036e2 f i PointCardRW.obj
 0001:00002711       ?ControlQueryInterface@?$CComControl@VCOPOSPointCardRW@@V?$CWindowImpl@VCOPOSPointCardRW@@VCWindow@ATL@@V?$CWinTraits@$0FGAAAAAA@$0A@@3@@ATL@@@ATL@@UAEJABU_GUID@@PAPAX@Z 10003711 f i PointCardRW.obj
 0001:0000272c       ?IsDirty@?$IPersistStreamInitImpl@VCOPOSPointCardRW@@@ATL@@UAGJXZ 1000372c f i PointCardRW.obj
 0001:0000274b       ?Load@?$IPersistStreamInitImpl@VCOPOSPointCardRW@@@ATL@@UAGJPAUIStream@@@Z 1000374b f i PointCardRW.obj
 0001:0000276a       ?Save@?$IPersistStreamInitImpl@VCOPOSPointCardRW@@@ATL@@UAGJPAUIStream@@H@Z 1000376a f i PointCardRW.obj
 0001:0000278c       ?GetSizeMax@?$IPersistStreamInitImpl@VCOPOSPointCardRW@@@ATL@@UAGJPAT_ULARGE_INTEGER@@@Z 1000378c f i PointCardRW.obj
 0001:00002941       ?InitNew@?$IPersistStreamInitImpl@VCOPOSPointCardRW@@@ATL@@UAGJXZ 10003941 f i PointCardRW.obj
 0001:0000295e       ??$?4UITypeInfo2@@@?$CComPtr@UITypeInfo@@@ATL@@QAEPAUITypeInfo@@ABV?$CComPtr@UITypeInfo2@@@1@@Z 1000395e f i PointCardRW.obj
 0001:0000298b       ??$AtlAdd@K@ATL@@YAJPAKKK@Z 1000398b f i PointCardRW.obj
 0001:000029ae       ??$AtlAdd@_K@ATL@@YAJPA_K_K1@Z 100039ae f i PointCardRW.obj
 0001:000029e6       ??$AtlAddThrow@K@ATL@@YAKKK@Z 100039e6 f i PointCardRW.obj
 0001:00002a0c       ??$AtlModuleRegisterWndClassInfoT@VAtlModuleRegisterWndClassInfoParamW@ATL@@@ATL@@YAGPAU_ATL_BASE_MODULE70@0@PAU_ATL_WIN_MODULE70@0@PAU_ATL_WNDCLASSINFOW@0@PAP6GJPAUHWND__@@IIJ@ZVAtlModuleRegisterWndClassInfoParamW@0@@Z 10003a0c f i PointCardRW.obj
 0001:00002b5a       ??$AtlMultiply@H@ATL@@YAJPAHHH@Z 10003b5a f i PointCardRW.obj
 0001:00002b92       ??$AtlMultiply@K@ATL@@YAJPAKKK@Z 10003b92 f i PointCardRW.obj
 0001:00002b92       ??$AtlMultiply@I@ATL@@YAJPAIII@Z 10003b92 f i PointCardRW.obj
 0001:00002bb4       ??$AtlMultiplyThrow@I@ATL@@YAIII@Z 10003bb4 f i PointCardRW.obj
 0001:00002bda       ??0?$CComAggObject@VCOPOSPointCardRW@@@ATL@@QAE@PAX@Z 10003bda f i PointCardRW.obj
 0001:00002c07       ??0?$CComContainedObject@VCOPOSPointCardRW@@@ATL@@QAE@PAX@Z 10003c07 f i PointCardRW.obj
 0001:00002cc0       ??0?$CComObject@V?$CComEnum@UIEnumConnectionPoints@@$1?_GUID_b196b285_bab4_101a_b69c_00aa00341d07@@3U__s_GUID@@BPAUIConnectionPoint@@V?$_CopyInterface@UIConnectionPoint@@@ATL@@VCComSingleThreadModel@6@@ATL@@@ATL@@QAE@PAX@Z 10003cc0 f i PointCardRW.obj
 0001:00002cee       ??0?$CComObject@V?$CComEnum@UIEnumConnections@@$1?_GUID_b196b287_bab4_101a_b69c_00aa00341d07@@3U__s_GUID@@BUtagCONNECTDATA@@V?$_Copy@UtagCONNECTDATA@@@ATL@@VCComSingleThreadModel@6@@ATL@@@ATL@@QAE@PAX@Z 10003cee f i PointCardRW.obj
 0001:00002d1c       ??0?$CComObject@VCOPOSPointCardRW@@@ATL@@QAE@PAX@Z 10003d1c f i PointCardRW.obj
 0001:00002dd3       ??0?$CComQIPtr@UIOleControlSite@@$1?_GUID_b196b289_bab4_101a_b69c_00aa00341d07@@3U__s_GUID@@B@ATL@@QAE@PAUIUnknown@@@Z 10003dd3 f i PointCardRW.obj
 0001:00002dfc       ??0CAtlModule@ATL@@QAE@XZ  10003dfc f i PointCardRW.obj
 0001:00002e3d       ??0CParseBuffer@CRegParser@ATL@@QAE@H@Z 10003e3d f i PointCardRW.obj
 0001:00002e73       ??0_ATL_MSG@ATL@@QAE@PAUHWND__@@IIJH@Z 10003e73 f i PointCardRW.obj
 0001:00002eab       ??1?$CComAggObject@VCOPOSPointCardRW@@@ATL@@UAE@XZ 10003eab f i PointCardRW.obj
 0001:00002ecf       ??1?$CComEnumImpl@UIEnumConnectionPoints@@$1?_GUID_b196b285_bab4_101a_b69c_00aa00341d07@@3U__s_GUID@@BPAUIConnectionPoint@@V?$_CopyInterface@UIConnectionPoint@@@ATL@@@ATL@@UAE@XZ 10003ecf f i PointCardRW.obj
 0001:00002f0f       ??1?$CComEnumImpl@UIEnumConnections@@$1?_GUID_b196b287_bab4_101a_b69c_00aa00341d07@@3U__s_GUID@@BUtagCONNECTDATA@@V?$_Copy@UtagCONNECTDATA@@@ATL@@@ATL@@UAE@XZ 10003f0f f i PointCardRW.obj
 0001:00002f4f       ??1?$CComObject@V?$CComEnum@UIEnumConnectionPoints@@$1?_GUID_b196b285_bab4_101a_b69c_00aa00341d07@@3U__s_GUID@@BPAUIConnectionPoint@@V?$_CopyInterface@UIConnectionPoint@@@ATL@@VCComSingleThreadModel@6@@ATL@@@ATL@@UAE@XZ 10003f4f f i PointCardRW.obj
 0001:00002f72       ??1?$CComObject@V?$CComEnum@UIEnumConnections@@$1?_GUID_b196b287_bab4_101a_b69c_00aa00341d07@@3U__s_GUID@@BUtagCONNECTDATA@@V?$_Copy@UtagCONNECTDATA@@@ATL@@VCComSingleThreadModel@6@@ATL@@@ATL@@UAE@XZ 10003f72 f i PointCardRW.obj
 0001:00002f95       ??1?$CComObject@VCOPOSPointCardRW@@@ATL@@UAE@XZ 10003f95 f i PointCardRW.obj
 0001:00003053       ??1?$CComObjectCached@VCComClassFactory@ATL@@@ATL@@UAE@XZ 10004053 f i PointCardRW.obj
 0001:00003069       ??1?$CComObjectRootEx@VCComMultiThreadModel@ATL@@@ATL@@QAE@XZ 10004069 f i PointCardRW.obj
 0001:0000307e       ??1CRegObject@ATL@@UAE@XZ  1000407e f i PointCardRW.obj
 0001:0000309e       ??4?$CComPtr@UIAdviseSink@@@ATL@@QAEPAUIAdviseSink@@PAU2@@Z 1000409e f i PointCardRW.obj
 0001:0000309e       ??4?$CComPtr@UIOleClientSite@@@ATL@@QAEPAUIOleClientSite@@PAU2@@Z 1000409e f i PointCardRW.obj
 0001:0000309e       ??4?$CComPtr@UIUnknown@@@ATL@@QAEPAUIUnknown@@PAU2@@Z 1000409e f i PointCardRW.obj
 0001:000030d2       ??4?$CComQIPtr@UIOleObject@@$1?_GUID_00000112_0000_0000_c000_000000000046@@3U__s_GUID@@B@ATL@@QAEPAUIOleObject@@PAUIUnknown@@@Z 100040d2 f i PointCardRW.obj
 0001:000030f7       ??4?$CComQIPtr@UISpecifyPropertyPages@@$1?_GUID_b196b28b_bab4_101a_b69c_00aa00341d07@@3U__s_GUID@@B@ATL@@QAEPAUISpecifyPropertyPages@@PAUIUnknown@@@Z 100040f7 f i PointCardRW.obj
 0001:0000311c       ??_G?$CComContainedObject@VCOPOSPointCardRW@@@ATL@@UAEPAXI@Z 1000411c f i PointCardRW.obj
 0001:0000311c       ??_E?$CComContainedObject@VCOPOSPointCardRW@@@ATL@@UAEPAXI@Z 1000411c f i PointCardRW.obj
 0001:00003141       ??_E?$CComObject@VCOPOSPointCardRW@@@ATL@@UAEPAXI@Z 10004141 f i PointCardRW.obj
 0001:00003141       ??_G?$CComObject@VCOPOSPointCardRW@@@ATL@@UAEPAXI@Z 10004141 f i PointCardRW.obj
 0001:00003166       ?Add@?$CSimpleArray@GV?$CSimpleArrayEqualHelper@G@ATL@@@ATL@@QAEHABG@Z 10004166 f i PointCardRW.obj
 0001:000031ea       ?Add@?$CSimpleMap@PA_WPA_WVCExpansionVectorEqualHelper@ATL@@@ATL@@QAEHABQA_W0@Z 100041ea f i PointCardRW.obj
 0001:0000323f       ?Add@CComDynamicUnkArray@ATL@@QAEKPAUIUnknown@@@Z 1000423f f i PointCardRW.obj
 0001:000032fa       ?Add@CExpansionVector@ATL@@QAEHPB_W0@Z 100042fa f i PointCardRW.obj
 0001:000033fe       ?AddString@CParseBuffer@CRegParser@ATL@@QAEHPB_W@Z 100043fe f i PointCardRW.obj
 0001:00003433       ?AddValue@CRegParser@ATL@@IAEJAAVCRegKey@2@PB_WPA_W@Z 10004433 f i PointCardRW.obj
 0001:00003754       ?Allocate@?$CAtlSafeAllocBufferManager@VCCRTAllocator@ATL@@@_ATL_SAFE_ALLOCA_IMPL@ATL@@QAEPAXK@Z 10004754 f i PointCardRW.obj
 0001:00003781       ?Allocate@?$CTempBuffer@E$0BAA@VCCRTAllocator@ATL@@@ATL@@QAEPAEI@Z 10004781 f i PointCardRW.obj
 0001:000037b0       ?Allocate@?$CTempBuffer@_W$0BAA@VCCRTAllocator@ATL@@@ATL@@QAEPA_WI@Z 100047b0 f i PointCardRW.obj
 0001:000037df       ?Allocate@?$CTempBuffer@_W$0EAA@VCCRTAllocator@ATL@@@ATL@@QAEPA_WI@Z 100047df f i PointCardRW.obj
 0001:0000380e       ?AllocateHeap@?$CTempBuffer@E$0BAA@VCCRTAllocator@ATL@@@ATL@@AAEXI@Z 1000480e f i PointCardRW.obj
 0001:0000380e       ?AllocateHeap@?$CTempBuffer@_W$0EAA@VCCRTAllocator@ATL@@@ATL@@AAEXI@Z 1000480e f i PointCardRW.obj
 0001:0000380e       ?AllocateHeap@?$CTempBuffer@_W$0BAA@VCCRTAllocator@ATL@@@ATL@@AAEXI@Z 1000480e f i PointCardRW.obj
 0001:00003833       ?Append@CParseBuffer@CRegParser@ATL@@QAEHPB_WH@Z 10004833 f i PointCardRW.obj
 0001:000038c1       ?AtlCallTermFunc@ATL@@YGXPAU_ATL_MODULE70@1@@Z 100048c1 f i PointCardRW.obj
 0001:00003905       ?AtlCoTaskMemCAlloc@ATL@@YAPAXKK@Z 10004905 f i PointCardRW.obj
 0001:00003932       ?AtlCoTaskMemRecalloc@ATL@@YAPAXPAXKK@Z 10004932 f i PointCardRW.obj
 0001:00003962       ?AtlComModuleGetClassObject@ATL@@YGJPAU_ATL_COM_MODULE70@1@ABU_GUID@@1PAPAX@Z 10004962 f i PointCardRW.obj
 0001:00003a55       ?AtlComModuleRegisterServer@ATL@@YGJPAU_ATL_COM_MODULE70@1@HPBU_GUID@@@Z 10004a55 f i PointCardRW.obj
 0001:00003add       ?AtlComModuleUnregisterServer@ATL@@YGJPAU_ATL_COM_MODULE70@1@HPBU_GUID@@@Z 10004add f i PointCardRW.obj
 0001:00003b65       ?AtlComQIPtrAssign2@ATL@@YAXPAPAUIUnknown@@PAU2@ABU_GUID@@@Z 10004b65 f i PointCardRW.obj
 0001:00003b94       ?AtlCreateTargetDC@ATL@@YGPAUHDC__@@PAU2@PAUtagDVTARGETDEVICE@@@Z 10004b94 f i PointCardRW.obj
 0001:00003bfd       ?AtlCrtErrorCheck@ATL@@YAHH@Z 10004bfd f i PointCardRW.obj
 0001:00003c38       ?AtlHiMetricToPixel@ATL@@YGXPBUtagSIZE@@PAU2@@Z 10004c38 f i PointCardRW.obj
 0001:00003cad       ?AtlHresultFromLastError@ATL@@YAJXZ 10004cad f i PointCardRW.obj
 0001:00003cc4       ?AtlHresultFromWin32@ATL@@YAJK@Z 10004cc4 f i PointCardRW.obj
 0001:00003cd9       ?AtlIPersistStreamInit_Load@ATL@@YGJPAUIStream@@PBUATL_PROPMAP_ENTRY@1@PAXPAUIUnknown@@@Z 10004cd9 f i PointCardRW.obj
 0001:00003eb9       ?AtlIPersistStreamInit_Save@ATL@@YGJPAUIStream@@HPBUATL_PROPMAP_ENTRY@1@PAXPAUIUnknown@@@Z 10004eb9 f i PointCardRW.obj
 0001:00004051       ?AtlInternalOleLoadFromStream@ATL@@YAJPAUIStream@@ABU_GUID@@PAPAXTClassesAllowedInStream@1@K@Z 10005051 f i PointCardRW.obj
 0001:00004177       ?AtlInternalQueryInterface@ATL@@YGJPAXPBU_ATL_INTMAP_ENTRY@1@ABU_GUID@@PAPAX@Z 10005177 f i PointCardRW.obj
 0001:0000421a       ?AtlLoadTypeLib@ATL@@YGJPAUHINSTANCE__@@PB_WPAPA_WPAPAUITypeLib@@@Z 1000521a f i PointCardRW.obj
 0001:000043f8       ?AtlModuleAddTermFunc@ATL@@YGJPAU_ATL_MODULE70@1@P6GXK@ZK@Z 100053f8 f i PointCardRW.obj
 0001:00004455       ?AtlRegisterClassCategoriesHelper@ATL@@YGJABU_GUID@@PBU_ATL_CATMAP_ENTRY@1@H@Z 10005455 f i PointCardRW.obj
 0001:00004735       ?AtlRegisterTypeLib@ATL@@YGJPAUHINSTANCE__@@PB_W@Z 10005735 f i PointCardRW.obj
 0001:000048bd       ?AtlThrowImpl@ATL@@YGXJ@Z  100058bd f i PointCardRW.obj
 0001:000048db       ?AtlUnRegisterTypeLib@ATL@@YGJPAUHINSTANCE__@@PB_W@Z 100058db f i PointCardRW.obj
 0001:00004986       ?AtlWinModuleAddCreateWndData@ATL@@YGXPAU_ATL_WIN_MODULE70@1@PAU_AtlCreateWndData@1@PAX@Z 10005986 f i PointCardRW.obj
 0001:000049da       ?AtlWinModuleExtractCreateWndData@ATL@@YGPAXPAU_ATL_WIN_MODULE70@1@@Z 100059da f i PointCardRW.obj
 0001:00004a3d       ?AtlWinModuleRegisterClassExW@ATL@@YGGPAU_ATL_WIN_MODULE70@1@PBUtagWNDCLASSEXW@@@Z 10005a3d f i PointCardRW.obj
 0001:00004a7c       ?CanForceRemoveKey@CRegParser@ATL@@IAEHPB_W@Z 10005a7c f i PointCardRW.obj
 0001:00004aab       ?ChToByte@CRegParser@ATL@@KAE_W@Z 10005aab f i PointCardRW.obj
 0001:00004ade       ?Cleanup@CComTypeInfoHolder@ATL@@SGXK@Z 10005ade f i PointCardRW.obj
 0001:00004b11       ?ClearReplacements@CExpansionVector@ATL@@QAEJXZ 10005b11 f i PointCardRW.obj
 0001:00004b4e       ?Close@CRegKey@ATL@@QAEJXZ 10005b4e f i PointCardRW.obj
 0001:00004b68       ?Create@?$CWindowImpl@VCOPOSPointCardRW@@VCWindow@ATL@@V?$CWinTraits@$0FGAAAAAA@$0A@@3@@ATL@@QAEPAUHWND__@@PAU3@V_U_RECT@2@PB_WKKV_U_MENUorID@2@PAX@Z 10005b68 f i PointCardRW.obj
 0001:00004bac       ?Create@?$CWindowImplBaseT@VCWindow@ATL@@V?$CWinTraits@$0FGAAAAAA@$0A@@2@@ATL@@QAEPAUHWND__@@PAU3@V_U_RECT@2@PB_WKKV_U_MENUorID@2@GPAX@Z 10005bac f i PointCardRW.obj
 0001:00004c48       ?Create@CRegKey@ATL@@QAEJPAUHKEY__@@PB_WPA_WKKPAU_SECURITY_ATTRIBUTES@@PAK@Z 10005c48 f i PointCardRW.obj
 0001:00004cab       ?CreateInstance@?$CComCreator@V?$CComAggObject@VCOPOSPointCardRW@@@ATL@@@ATL@@SGJPAXABU_GUID@@PAPAX@Z 10005cab f i PointCardRW.obj
 0001:00004d21       ?CreateInstance@?$CComCreator@V?$CComObject@VCOPOSPointCardRW@@@ATL@@@ATL@@SGJPAXABU_GUID@@PAPAX@Z 10005d21 f i PointCardRW.obj
 0001:00004da2       ?CreateInstance@?$CComObject@V?$CComEnum@UIEnumConnectionPoints@@$1?_GUID_b196b285_bab4_101a_b69c_00aa00341d07@@3U__s_GUID@@BPAUIConnectionPoint@@V?$_CopyInterface@UIConnectionPoint@@@ATL@@VCComSingleThreadModel@6@@ATL@@@ATL@@SGJPAPAV12@@Z 10005da2 f i PointCardRW.obj
 0001:00004de9       ?CreateInstance@?$CComObject@V?$CComEnum@UIEnumConnections@@$1?_GUID_b196b287_bab4_101a_b69c_00aa00341d07@@3U__s_GUID@@BUtagCONNECTDATA@@V?$_Copy@UtagCONNECTDATA@@@ATL@@VCComSingleThreadModel@6@@ATL@@@ATL@@SGJPAPAV12@@Z 10005de9 f i PointCardRW.obj
 0001:00004e30       ?DefaultReflectionHandler@?$CWindowImplRoot@VCWindow@ATL@@@ATL@@SAHPAUHWND__@@IIJAAJ@Z 10005e30 f i PointCardRW.obj
 0001:00004ea3       ?DeleteSubKey@CRegKey@ATL@@QAEJPB_W@Z 10005ea3 f i PointCardRW.obj
 0001:00004ec6       ?DoEvent@COPOSPointCardRW@@IAEXIIJ@Z 10005ec6 f i PointCardRW.obj
 0001:00004f46       ?DoVerbHide@?$IOleObjectImpl@VCOPOSPointCardRW@@@ATL@@QAEJPBUtagRECT@@PAUHWND__@@@Z 10005f46 f i PointCardRW.obj
 0001:00004f7c       ?DoVerbInPlaceActivate@?$IOleObjectImpl@VCOPOSPointCardRW@@@ATL@@QAEJPBUtagRECT@@PAUHWND__@@@Z 10005f7c f i PointCardRW.obj
 0001:00004faf       ?DoVerbPrimary@?$IOleObjectImpl@VCOPOSPointCardRW@@@ATL@@QAEJPBUtagRECT@@PAUHWND__@@@Z 10005faf f i PointCardRW.obj
 0001:0000503b       ?DoVerbProperties@CComControlBase@ATL@@QAEJPBUtagRECT@@PAUHWND__@@@Z 1000603b f i PointCardRW.obj
 0001:00005162       ?DoVerbShow@?$IOleObjectImpl@VCOPOSPointCardRW@@@ATL@@QAEJPBUtagRECT@@PAUHWND__@@@Z 10006162 f i PointCardRW.obj
 0001:00005187       ?DoVerbUIActivate@?$IOleObjectImpl@VCOPOSPointCardRW@@@ATL@@QAEJPBUtagRECT@@PAUHWND__@@@Z 10006187 f i PointCardRW.obj
 0001:000051c4       ?DoesVerbActivate@CComControlBase@ATL@@QAEHJ@Z 100061c4 f i PointCardRW.obj
 0001:000051e5       ?DoesVerbUIActivate@CComControlBase@ATL@@QAEHJ@Z 100061e5 f i PointCardRW.obj
 0001:0000521a       ?EndOfVar@CRegParser@ATL@@IAEHXZ 1000621a f i PointCardRW.obj
 0001:0000523a       ?EscapeSingleQuote@CAtlModule@ATL@@SAXPA_WIPB_W@Z 1000623a f i PointCardRW.obj
 0001:00005289       ?FindKey@?$CSimpleMap@PA_WPA_WVCExpansionVectorEqualHelper@ATL@@@ATL@@QBEHABQA_W@Z 10006289 f i PointCardRW.obj
 0001:000052c0       ?FireTheEvent@?$CProxy_IOPOSEvents@VCOPOSPointCardRW@@@@IAEXPAVOposVariant@@IAAJPB_WJ@Z 100062c0 f i PointCardRW.obj
 0001:00005352       ?FireViewChange@CComControlBase@ATL@@QAEJXZ 10006352 f i PointCardRW.obj
 0001:0000539b       ?Fire_DataEvent@?$CProxy_IOPOSEvents@VCOPOSPointCardRW@@@@QAEXJ@Z 1000639b f i PointCardRW.obj
 0001:00005427       ?Fire_DirectIOEvent@?$CProxy_IOPOSEvents@VCOPOSPointCardRW@@@@QAEXJPAJPAPA_W@Z 10006427 f i PointCardRW.obj
 0001:0000550d       ?Fire_ErrorEvent@?$CProxy_IOPOSEvents@VCOPOSPointCardRW@@@@QAEXJJJPAJ@Z 1000650d f i PointCardRW.obj
 0001:000055f4       ?Fire_OutputCompleteEvent@?$CProxy_IOPOSEvents@VCOPOSPointCardRW@@@@QAEXJ@Z 100065f4 f i PointCardRW.obj
 0001:00005680       ?Fire_StatusUpdateEvent@?$CProxy_IOPOSEvents@VCOPOSPointCardRW@@@@QAEXJ@Z 10006680 f i PointCardRW.obj
 0001:0000570c       ?FreeHeap@?$CTempBuffer@_W$0EAA@VCCRTAllocator@ATL@@@ATL@@AAEXXZ 1000670c f i PointCardRW.obj
 0001:0000570c       ?FreeHeap@?$CTempBuffer@_W$0BAA@VCCRTAllocator@ATL@@@ATL@@AAEXXZ 1000670c f i PointCardRW.obj
 0001:0000570c       ?FreeHeap@?$CTempBuffer@E$0BAA@VCCRTAllocator@ATL@@@ATL@@AAEXXZ 1000670c f i PointCardRW.obj
 0001:00005715       ?GetAmbientLocaleID@CComControlBase@ATL@@QAEJAAK@Z 10006715 f i PointCardRW.obj
 0001:00005771       ?GetAmbientUserMode@CComControlBase@ATL@@QAEJAAH@Z 10006771 f i PointCardRW.obj
 0001:000057e1       ?GetAt@CComDynamicUnkArray@ATL@@QAEPAUIUnknown@@H@Z 100067e1 f i PointCardRW.obj
 0001:000057fd       ?GetClassObject@CComModule@ATL@@QAEJABU_GUID@@0PAPAX@Z 100067fd f i PointCardRW.obj
 0001:0000589f       ?GetConnMap@COPOSPointCardRW@@SAPBU_ATL_CONNMAP_ENTRY@ATL@@PAH@Z 1000689f f i PointCardRW.obj
 0001:0000590f       ?GetCookie@CComDynamicUnkArray@ATL@@QAGKPAPAUIUnknown@@@Z 1000690f f i PointCardRW.obj
 0001:00005947       ?GetIDsOfNames@CComTypeInfoHolder@ATL@@QAEJABU_GUID@@PAPA_WIKPAJ@Z 10006947 f i PointCardRW.obj
 0001:00005a55       ?GetKeyAt@?$CSimpleMap@PA_WPA_WVCExpansionVectorEqualHelper@ATL@@@ATL@@QBEAAPA_WH@Z 10006a55 f i PointCardRW.obj
 0001:00005a7a       ?GetPagesHelper@?$ISpecifyPropertyPagesImpl@VCOPOSPointCardRW@@@ATL@@IAEJPAUtagCAUUID@@PBUATL_PROPMAP_ENTRY@2@@Z 10006a7a f i PointCardRW.obj
 0001:00005ba1       ?GetProperty@?$CComPtr@UIDispatch@@@ATL@@SAJPAUIDispatch@@JPAUtagVARIANT@@@Z 10006ba1 f i PointCardRW.obj
 0001:00005bf0       ?GetSizeMax@CComVariant@ATL@@QBEJPAT_ULARGE_INTEGER@@@Z 10006bf0 f i PointCardRW.obj
 0001:00005daa       ?GetStreamSize@CComBSTR@ATL@@SAKPA_W@Z 10006daa f i PointCardRW.obj
 0001:00005dc4       ?GetTI@CComTypeInfoHolder@ATL@@QAEJK@Z 10006dc4 f i PointCardRW.obj
 0001:00005fad       ?GetTI@CComTypeInfoHolder@ATL@@QAEJKPAPAUITypeInfo@@@Z 10006fad f i PointCardRW.obj
 0001:00005fef       ?GetUnknown@CComDynamicUnkArray@ATL@@QAGPAUIUnknown@@K@Z 10006fef f i PointCardRW.obj
 0001:00006010       ?GetValueAt@?$CSimpleMap@PA_WPA_WVCExpansionVectorEqualHelper@ATL@@@ATL@@QBEAAPA_WH@Z 10007010 f i PointCardRW.obj
 0001:00006036       ?GetZoomInfo@CComControlBase@ATL@@QAEXAAUATL_DRAWINFO@@@Z 10007036 f i PointCardRW.obj
 0001:000060c9       ?HKeyFromString@CRegParser@ATL@@KAPAUHKEY__@@PA_W@Z 100070c9 f i PointCardRW.obj
 0001:000060f7       ?HasSubKeys@CRegParser@ATL@@IAEHPAUHKEY__@@@Z 100070f7 f i PointCardRW.obj
 0001:0000612c       ?IDataObject_GetData@CComControlBase@ATL@@QAEJPAUtagFORMATETC@@PAUtagSTGMEDIUM@@@Z 1000712c f i PointCardRW.obj
 0001:000062d2       ?IOleInPlaceObject_InPlaceDeactivate@CComControlBase@ATL@@QAEJXZ 100072d2 f i PointCardRW.obj
 0001:00006359       ?IOleInPlaceObject_SetObjectRects@CComControlBase@ATL@@QAEJPBUtagRECT@@0@Z 10007359 f i PointCardRW.obj
 0001:00006426       ?IOleInPlaceObject_UIDeactivate@CComControlBase@ATL@@QAEJXZ 10007426 f i PointCardRW.obj
 0001:000064e8       ?IOleObject_Advise@CComControlBase@ATL@@QAEJPAUIAdviseSink@@PAK@Z 100074e8 f i PointCardRW.obj
 0001:00006512       ?IOleObject_Close@CComControlBase@ATL@@QAEJK@Z 10007512 f i PointCardRW.obj
 0001:000065f6       ?IOleObject_GetClientSite@CComControlBase@ATL@@QAEJPAPAUIOleClientSite@@@Z 100075f6 f i PointCardRW.obj
 0001:0000661f       ?IOleObject_SetClientSite@CComControlBase@ATL@@QAEJPAUIOleClientSite@@@Z 1000761f f i PointCardRW.obj
 0001:0000665e       ?IOleObject_SetExtent@CComControlBase@ATL@@QAEJKPAUtagSIZE@@@Z 1000765e f i PointCardRW.obj
 0001:00006712       ?IPSI_GetIPersistStreamInit@?$IPersistStorageImpl@VCOPOSPointCardRW@@@ATL@@AAEPAUIPersistStreamInit@@XZ 10007712 f i PointCardRW.obj
 0001:00006754       ?IPersistStreamInit_Load@?$IPersistStreamInitImpl@VCOPOSPointCardRW@@@ATL@@QAEJPAUIStream@@PBUATL_PROPMAP_ENTRY@2@@Z 10007754 f i PointCardRW.obj
 0001:00006780       ?IPersistStreamInit_Save@?$IPersistStreamInitImpl@VCOPOSPointCardRW@@@ATL@@QAEJPAUIStream@@HPBUATL_PROPMAP_ENTRY@2@@Z 10007780 f i PointCardRW.obj
 0001:000067b5       ?IQuickActivate_QuickActivate@CComControlBase@ATL@@QAEJPAUtagQACONTAINER@@PAUtagQACONTROL@@@Z 100077b5 f i PointCardRW.obj
 0001:000069f7       ?IViewObject_Draw@CComControlBase@ATL@@QAEJKJPAXPAUtagDVTARGETDEVICE@@PAUHDC__@@2PBU_RECTL@@3@Z 100079f7 f i PointCardRW.obj
 0001:00006a9f       ?InPlaceActivate@CComControlBase@ATL@@QAEJJPBUtagRECT@@@Z 10007a9f f i PointCardRW.obj
 0001:00006d10       ?Init@?$CComEnumImpl@UIEnumConnectionPoints@@$1?_GUID_b196b285_bab4_101a_b69c_00aa00341d07@@3U__s_GUID@@BPAUIConnectionPoint@@V?$_CopyInterface@UIConnectionPoint@@@ATL@@@ATL@@QAEJPAPAUIConnectionPoint@@0PAUIUnknown@@W4CComEnumFlags@2@@Z 10007d10 f i PointCardRW.obj
 0001:00006def       ?Init@?$CComEnumImpl@UIEnumConnections@@$1?_GUID_b196b287_bab4_101a_b69c_00aa00341d07@@3U__s_GUID@@BUtagCONNECTDATA@@V?$_Copy@UtagCONNECTDATA@@@ATL@@@ATL@@QAEJPAUtagCONNECTDATA@@0PAUIUnknown@@W4CComEnumFlags@2@@Z 10007def f i PointCardRW.obj
 0001:00006ece       ?Init@CComModule@ATL@@QAEJPAU_ATL_OBJMAP_ENTRY30@2@PAUHINSTANCE__@@PBU_GUID@@@Z 10007ece f i PointCardRW.obj
 0001:00006f2d       ?Init@CDynamicStdCallThunk2@ATL@@QAEHKPAX@Z 10007f2d f i PointCardRW.obj
 0001:00006f58       ?InlineIsEqualUnknown@ATL@@YGHABU_GUID@@@Z 10007f58 f i PointCardRW.obj
 0001:00006f80       ?InternalGetSite@CComControlBase@ATL@@QAEJABU_GUID@@PAPAX@Z 10007f80 f i PointCardRW.obj
 0001:00006fae       ?InternalSetAtIndex@?$CSimpleMap@PA_WPA_WVCExpansionVectorEqualHelper@ATL@@@ATL@@QAEXHABQA_W0@Z 10007fae f i PointCardRW.obj
 0001:00006fd8       ?Invoke@CComTypeInfoHolder@ATL@@QAEJPAUIDispatch@@JABU_GUID@@KGPAUtagDISPPARAMS@@PAUtagVARIANT@@PAUtagEXCEPINFO@@PAI@Z 10007fd8 f i PointCardRW.obj
 0001:0000701b       ?IsEqualObject@?$CComPtrBase@UIOleClientSite@@@ATL@@QAE_NPAUIUnknown@@@Z 1000801b f i PointCardRW.obj
 0001:0000701b       ?IsEqualObject@?$CComPtrBase@UITypeInfo@@@ATL@@QAE_NPAUIUnknown@@@Z 1000801b f i PointCardRW.obj
 0001:00007088       ?IsSpace@CRegParser@ATL@@IAEH_W@Z 10008088 f i PointCardRW.obj
 0001:000070b2       ?LoadNameCache@CComTypeInfoHolder@ATL@@QAEJPAUITypeInfo@@@Z 100080b2 f i PointCardRW.obj
 0001:00007200       ?Lookup@?$CSimpleMap@PA_WPA_WVCExpansionVectorEqualHelper@ATL@@@ATL@@QBEPA_WABQA_W@Z 10008200 f i PointCardRW.obj
 0001:00007226       ?NextToken@CRegParser@ATL@@IAEJPA_W@Z 10008226 f i PointCardRW.obj
 0001:0000735e       ?OnKillFocus@CComControlBase@ATL@@QAEJIIJAAH@Z 1000835e f i PointCardRW.obj
 0001:000073b9       ?OnMouseActivate@CComControlBase@ATL@@QAEJIIJAAH@Z 100083b9 f i PointCardRW.obj
 0001:00007427       ?OnPaint@CComControlBase@ATL@@QAEJIIJAAH@Z 10008427 f i PointCardRW.obj
 0001:000074d9       ?OnSetFocus@CComControlBase@ATL@@QAEJIIJAAH@Z 100084d9 f i PointCardRW.obj
 0001:00007562       ?Open@CRegKey@ATL@@QAEJPAUHKEY__@@PB_WK@Z 10008562 f i PointCardRW.obj
 0001:000075ab       ?PreProcessBuffer@CRegParser@ATL@@QAEJPA_WPAPA_W@Z 100085ab f i PointCardRW.obj
 0001:00007815       ?ProcessWindowMessage@?$CComControl@VCOPOSPointCardRW@@V?$CWindowImpl@VCOPOSPointCardRW@@VCWindow@ATL@@V?$CWinTraits@$0FGAAAAAA@$0A@@3@@ATL@@@ATL@@UAEHPAUHWND__@@IIJAAJK@Z 10008815 f i PointCardRW.obj
 0001:000078b4       ?PutProperty@?$CComPtr@UIDispatch@@@ATL@@SAJPAUIDispatch@@JPAUtagVARIANT@@@Z 100088b4 f i PointCardRW.obj
 0001:00007946       ?ReadFromStream@CComBSTR@ATL@@QAEJPAUIStream@@@Z 10008946 f i PointCardRW.obj
 0001:00007a74       ?ReadFromStream@CComVariant@ATL@@QAEJPAUIStream@@GTClassesAllowedInStream@2@K@Z 10008a74 f i PointCardRW.obj
 0001:00007bfa       ?RecurseDeleteKey@CRegKey@ATL@@QAEJPB_W@Z 10008bfa f i PointCardRW.obj
 0001:00007cbc       ?RegCreateKeyExW@CAtlTransactionManager@ATL@@QAEJPAUHKEY__@@PB_WKPA_WKKQAU_SECURITY_ATTRIBUTES@@PAPAU3@PAK@Z 10008cbc f i PointCardRW.obj
 0001:00007d1f       ?RegDeleteKeyW@CAtlTransactionManager@ATL@@QAEJPAUHKEY__@@PB_W@Z 10008d1f f i PointCardRW.obj
 0001:00007d71       ?RegOpenKeyExW@CAtlTransactionManager@ATL@@QAEJPAUHKEY__@@PB_WKKPAPAU3@@Z 10008d71 f i PointCardRW.obj
 0001:00007dc8       ?Register@_ATL_WNDCLASSINFOW@ATL@@QAEGPAP6GJPAUHWND__@@IIJ@Z@Z 10008dc8 f i PointCardRW.obj
 0001:00007de8       ?RegisterBuffer@CRegParser@ATL@@QAEJPA_WH@Z 10008de8 f i PointCardRW.obj
 0001:00007f21       ?RegisterFromResource@CRegObject@ATL@@IAEJPB_W00H@Z 10008f21 f i PointCardRW.obj
 0001:00008057       ?RegisterServer@?$CAtlModuleT@VCComModule@ATL@@@ATL@@QAEJHPBU_GUID@@@Z 10009057 f i PointCardRW.obj
 0001:00008085       ?RegisterServer@CComModule@ATL@@QAEJHPBU_GUID@@@Z 10009085 f i PointCardRW.obj
 0001:000080fb       ?RegisterSubkeys@CRegParser@ATL@@IAEJPA_WPAUHKEY__@@HH@Z 100090fb f i PointCardRW.obj
 0001:000086ca       ?Remove@CComDynamicUnkArray@ATL@@QAEHK@Z 100096ca f i PointCardRW.obj
 0001:000086f3       ?RemoveAll@?$CSimpleMap@PA_WPA_WVCExpansionVectorEqualHelper@ATL@@@ATL@@QAEXXZ 100096f3 f i PointCardRW.obj
 0001:0000871f       ?ResourceRegisterSz@CRegObject@ATL@@QAGJPB_W00@Z 1000971f f i PointCardRW.obj
 0001:0000874c       ?ResourceUnregisterSz@CRegObject@ATL@@QAGJPB_W00@Z 1000974c f i PointCardRW.obj
 0001:00008779       ?SendOnDataChange@CComControlBase@ATL@@QAEJK@Z 10009779 f i PointCardRW.obj
 0001:000087c6       ?SetControlFocus@CComControlBase@ATL@@QAEHH@Z 100097c6 f i PointCardRW.obj
 0001:00008863       ?SetMultiStringValue@CRegKey@ATL@@QAEJPB_W0@Z 10009863 f i PointCardRW.obj
 0001:000088bf       ?SetStringValue@CRegKey@ATL@@QAEJPB_W0K@Z 100098bf f i PointCardRW.obj
 0001:00008908       ?SkipAssignment@CRegParser@ATL@@IAEJPA_W@Z 10009908 f i PointCardRW.obj
 0001:0000896d       ?SkipWhiteSpace@CRegParser@ATL@@IAEXXZ 1000996d f i PointCardRW.obj
 0001:0000898f       ?StrChrW@CRegParser@ATL@@KAPA_WPA_W_W@Z 1000998f f i PointCardRW.obj
 0001:000089cc       ?Term@CAtlModule@ATL@@QAEXXZ 100099cc f i PointCardRW.obj
 0001:00008a05       ?Term@CComModule@ATL@@QAEXXZ 10009a05 f i PointCardRW.obj
 0001:00008a5d       ?UnregisterServer@?$CAtlModuleT@VCComModule@ATL@@@ATL@@QAEJHPBU_GUID@@@Z 10009a5d f i PointCardRW.obj
 0001:00008a83       ?UnregisterServer@CComModule@ATL@@QAEJHPBU_GUID@@@Z 10009a83 f i PointCardRW.obj
 0001:00008af9       ?UpdateRegistryFromResource@CAtlModule@ATL@@QAGJIHPAU_ATL_REGMAP_ENTRY@2@@Z 10009af9 f i PointCardRW.obj
 0001:00008cc4       ?UpdateRegistryFromResource@CAtlModule@ATL@@QAGJPB_WHPAU_ATL_REGMAP_ENTRY@2@@Z 10009cc4 f i PointCardRW.obj
 0001:00008e95       ?VTFromRegType@CRegParser@ATL@@KAHPB_WAAG@Z 10009e95 f i PointCardRW.obj
 0001:00008f02       ?WindowProc@?$CWindowImplBaseT@VCWindow@ATL@@V?$CWinTraits@$0FGAAAAAA@$0A@@2@@ATL@@SGJPAUHWND__@@IIJ@Z 10009f02 f i PointCardRW.obj
 0001:00008ff4       ?WriteToStream@CComBSTR@ATL@@QAEJPAUIStream@@@Z 10009ff4 f i PointCardRW.obj
 0001:0000904b       ?WriteToStream@CComVariant@ATL@@QAEJPAUIStream@@@Z 1000a04b f i PointCardRW.obj
 0001:000091c5       ?WriteToStream@CComVariant@ATL@@QAEJPAUIStream@@G@Z 1000a1c5 f i PointCardRW.obj
 0001:0000922e       ?_AtlInitialConstruct@?$CComObjectRootEx@VCComMultiThreadModel@ATL@@@ATL@@QAEJXZ 1000a22e f i PointCardRW.obj
 0001:00009243       ?_AtlVerifyStackAvailable@_ATL_SAFE_ALLOCA_IMPL@ATL@@YA_NK@Z 1000a243 f i PointCardRW.obj
 0001:000092c1       ?copy@?$_Copy@UtagCONNECTDATA@@@ATL@@SAJPAUtagCONNECTDATA@@PBU3@@Z 1000a2c1 f i PointCardRW.obj
 0001:000092f7       ?copy@?$_CopyInterface@UIConnectionPoint@@@ATL@@SAJPAPAUIConnectionPoint@@PBQAU3@@Z 1000a2f7 f i PointCardRW.obj
 0001:00009325       ?memcpy_s@Checked@ATL@@YAXPAXIPBXI@Z 1000a325 f i PointCardRW.obj
 0001:00009344       ?ocscpy_s@@YA_NPA_WIPB_W@Z 1000a344 f i PointCardRW.obj
 0001:00009373       ?ocslen@@YAHPB_W@Z         1000a373 f i PointCardRW.obj
 0001:00009393       ?wcscpy_s@Checked@ATL@@YAXPA_WIPB_W@Z 1000a393 f i PointCardRW.obj
 0001:000093af       _DllCanUnloadNow@0         1000a3af f   PointCardRW.obj
 0001:000093bb       _DllGetClassObject@12      1000a3bb f   PointCardRW.obj
 0001:000093c9       _DllMain@12                1000a3c9 f   PointCardRW.obj
 0001:0000940b       _DllRegisterServer@0       1000a40b f   PointCardRW.obj
 0001:0000941a       _DllUnregisterServer@0     1000a41a f   PointCardRW.obj
 0001:00009429       _InlineIsEqualGUID         1000a429 f i PointCardRW.obj
 0001:00009459       ___local_stdio_printf_options 1000a459 f i PointCardRW.obj
 0001:0000945f       __vswprintf_s_l            1000a45f f i PointCardRW.obj
 0001:0000950c       _swprintf_s                1000a50c f i PointCardRW.obj
 0001:00009528       ??0?$CComControl@VCOPOSPointCardRW@@V?$CWindowImpl@VCOPOSPointCardRW@@VCWindow@ATL@@V?$CWinTraits@$0FGAAAAAA@$0A@@3@@ATL@@@ATL@@QAE@XZ 1000a528 f i PointCardRWImpl.obj
 0001:0000954f       ??0?$CProxy_IOPOSEvents@VCOPOSPointCardRW@@@@QAE@XZ 1000a54f f i PointCardRWImpl.obj
 0001:00009572       ??0CComControlBase@ATL@@QAE@AAPAUHWND__@@@Z 1000a572 f i PointCardRWImpl.obj
 0001:000095bc       ??0COPOSPointCardRW@@QAE@XZ 1000a5bc f   PointCardRWImpl.obj
 0001:000095f2       ??1?$CComControl@VCOPOSPointCardRW@@V?$CWindowImpl@VCOPOSPointCardRW@@VCWindow@ATL@@V?$CWinTraits@$0FGAAAAAA@$0A@@3@@ATL@@@ATL@@UAE@XZ 1000a5f2 f i PointCardRWImpl.obj
 0001:0000960b       ??1?$IConnectionPointImpl@VCOPOSPointCardRW@@$1?DIID__IOPOSPointCardRWEvents@@3U_GUID@@BVCComDynamicUnkArray@ATL@@@ATL@@QAE@XZ 1000a60b f i PointCardRWImpl.obj
 0001:0000960b       ??1?$IConnectionPointImpl@VCOPOSPointCardRW@@$1?IID_IPropertyNotifySink@@3U_GUID@@BVCComDynamicUnkArray@ATL@@@ATL@@QAE@XZ 1000a60b f i PointCardRWImpl.obj
 0001:00009648       ??1CComControlBase@ATL@@UAE@XZ 1000a648 f i PointCardRWImpl.obj
 0001:000096ab       ??1COPOSPointCardRW@@UAE@XZ 1000a6ab f   PointCardRWImpl.obj
 0001:000096f3       ??1OposVariantResult@@QAE@XZ 1000a6f3 f i PointCardRWImpl.obj
 0001:00009714       ??1_CW@@QAE@XZ             1000a714 f i PointCardRWImpl.obj
 0001:0000972d       ?BeginInsertion@COPOSPointCardRW@@UAGJJPAJ@Z 1000a72d f   PointCardRWImpl.obj
 0001:0000977c       ?BeginRemoval@COPOSPointCardRW@@UAGJJPAJ@Z 1000a77c f   PointCardRWImpl.obj
 0001:000097cb       ?CheckHealth@COPOSPointCardRW@@UAGJJPAJ@Z 1000a7cb f   PointCardRWImpl.obj
 0001:0000981a       ?ClaimDevice@COPOSPointCardRW@@UAGJJPAJ@Z 1000a81a f   PointCardRWImpl.obj
 0001:0000988f       ?CleanCard@COPOSPointCardRW@@UAGJPAJ@Z 1000a88f f   PointCardRWImpl.obj
 0001:000098aa       ?ClearInput@COPOSPointCardRW@@UAGJPAJ@Z 1000a8aa f   PointCardRWImpl.obj
 0001:000098c5       ?ClearInputProperties@COPOSPointCardRW@@UAGJPAJ@Z 1000a8c5 f   PointCardRWImpl.obj
 0001:000098e0       ?ClearOutput@COPOSPointCardRW@@UAGJPAJ@Z 1000a8e0 f   PointCardRWImpl.obj
 0001:000098fb       ?ClearPrintWrite@COPOSPointCardRW@@UAGJJJJJJPAJ@Z 1000a8fb f   PointCardRWImpl.obj
 0001:000099a7       ?Close@COPOSPointCardRW@@UAGJPAJ@Z 1000a9a7 f   PointCardRWImpl.obj
 0001:00009a15       ?CompareFirmwareVersion@COPOSPointCardRW@@UAGJPA_WPAJ1@Z 1000aa15 f   PointCardRWImpl.obj
 0001:00009a95       ?DirectIO@COPOSPointCardRW@@UAGJJPAJPAPA_W0@Z 1000aa95 f   PointCardRWImpl.obj
 0001:00009b43       ?DoInvoke@COPOSPointCardRW@@IAEJJPAVOposVariant@@IHPAJ_N@Z 1000ab43 f   PointCardRWImpl.obj
 0001:00009c05       ?EndInsertion@COPOSPointCardRW@@UAGJPAJ@Z 1000ac05 f   PointCardRWImpl.obj
 0001:00009c20       ?EndRemoval@COPOSPointCardRW@@UAGJPAJ@Z 1000ac20 f   PointCardRWImpl.obj
 0001:00009c3b       ?EventClose@COPOSPointCardRW@@IAEXXZ 1000ac3b f i PointCardRWImpl.obj
 0001:00009c6e       ?EventInit@COPOSPointCardRW@@IAEJXZ 1000ac6e f i PointCardRWImpl.obj
 0001:00009d3a       ?EventUninit@COPOSPointCardRW@@IAEXXZ 1000ad3a f i PointCardRWImpl.obj
 0001:00009d8c       ?EventWindowProc@COPOSPointCardRW@@IAGJIIJ@Z 1000ad8c f i PointCardRWImpl.obj
 0001:00009e8a       ?FinalConstruct@COPOSPointCardRW@@QAEJXZ 1000ae8a f   PointCardRWImpl.obj
 0001:00009ec3       ?FireEventCleanup@COPOSPointCardRW@@IAEXXZ 1000aec3 f i PointCardRWImpl.obj
 0001:00009ed9       ?FireEventSetup@COPOSPointCardRW@@IAE_NXZ 1000aed9 f i PointCardRWImpl.obj
 0001:00009f0d       ?FreezeEvents@COPOSPointCardRW@@MAGJH@Z 1000af0d f   PointCardRWImpl.obj
 0001:00009f6d       ?GetOposProp@COPOSPointCardRW@@IAEJJPAFJ@Z 1000af6d f   PointCardRWImpl.obj
 0001:00009f90       ?GetOposProp@COPOSPointCardRW@@IAEJJPAJJ@Z 1000af90 f   PointCardRWImpl.obj
 0001:0000a04e       ?GetOposProp@COPOSPointCardRW@@IAEJJPAPA_WJ@Z 1000b04e f   PointCardRWImpl.obj
 0001:0000a119       ?OnDraw@COPOSPointCardRW@@MAEJAAUATL_DRAWINFO@@@Z 1000b119 f   PointCardRWImpl.obj
 0001:0000a1b9       ?Open@COPOSPointCardRW@@UAGJPA_WPAJ@Z 1000b1b9 f   PointCardRWImpl.obj
 0001:0000a96e       ?PrintWrite@COPOSPointCardRW@@UAGJJJJPA_WPAJ@Z 1000b96e f   PointCardRWImpl.obj
 0001:0000aa1d       ?ReleaseDevice@COPOSPointCardRW@@UAGJPAJ@Z 1000ba1d f   PointCardRWImpl.obj
 0001:0000aa6c       ?ResetStatistics@COPOSPointCardRW@@UAGJPA_WPAJ@Z 1000ba6c f   PointCardRWImpl.obj
 0001:0000aac3       ?RetrieveStatistics@COPOSPointCardRW@@UAGJPAPA_WPAJ@Z 1000bac3 f   PointCardRWImpl.obj
 0001:0000ab1a       ?RotatePrint@COPOSPointCardRW@@UAGJJPAJ@Z 1000bb1a f   PointCardRWImpl.obj
 0001:0000ab69       ?SOProcessID@COPOSPointCardRW@@UAGJPAJ@Z 1000bb69 f   PointCardRWImpl.obj
 0001:0000ab7d       ?SetCOFreezeEvents@COPOSPointCardRW@@IAEXF@Z 1000bb7d f   PointCardRWImpl.obj
 0001:0000ac08       ?SetOposProp@COPOSPointCardRW@@IAEJJJJ@Z 1000bc08 f   PointCardRWImpl.obj
 0001:0000ace6       ?SetOposProp@COPOSPointCardRW@@IAEJJPA_WJ@Z 1000bce6 f   PointCardRWImpl.obj
 0001:0000add2       ?UpdateFirmware@COPOSPointCardRW@@UAGJPA_WPAJ@Z 1000bdd2 f   PointCardRWImpl.obj
 0001:0000ae29       ?UpdateStatistics@COPOSPointCardRW@@UAGJPA_WPAJ@Z 1000be29 f   PointCardRWImpl.obj
 0001:0000ae80       ?ValidateData@COPOSPointCardRW@@UAGJPA_WPAJ@Z 1000be80 f   PointCardRWImpl.obj
 0001:0000aed7       ?get_BinaryConversion@COPOSPointCardRW@@UAGJPAJ@Z 1000bed7 f   PointCardRWImpl.obj
 0001:0000aeed       ?get_CapBold@COPOSPointCardRW@@UAGJPAF@Z 1000beed f   PointCardRWImpl.obj
 0001:0000af06       ?get_CapCardEntranceSensor@COPOSPointCardRW@@UAGJPAF@Z 1000bf06 f   PointCardRWImpl.obj
 0001:0000af1f       ?get_CapCharacterSet@COPOSPointCardRW@@UAGJPAJ@Z 1000bf1f f   PointCardRWImpl.obj
 0001:0000af38       ?get_CapCleanCard@COPOSPointCardRW@@UAGJPAF@Z 1000bf38 f   PointCardRWImpl.obj
 0001:0000af51       ?get_CapClearPrint@COPOSPointCardRW@@UAGJPAF@Z 1000bf51 f   PointCardRWImpl.obj
 0001:0000af6a       ?get_CapCompareFirmwareVersion@COPOSPointCardRW@@UAGJPAF@Z 1000bf6a f   PointCardRWImpl.obj
 0001:0000af83       ?get_CapDhigh@COPOSPointCardRW@@UAGJPAF@Z 1000bf83 f   PointCardRWImpl.obj
 0001:0000af9c       ?get_CapDwide@COPOSPointCardRW@@UAGJPAF@Z 1000bf9c f   PointCardRWImpl.obj
 0001:0000afb5       ?get_CapDwideDhigh@COPOSPointCardRW@@UAGJPAF@Z 1000bfb5 f   PointCardRWImpl.obj
 0001:0000afce       ?get_CapItalic@COPOSPointCardRW@@UAGJPAF@Z 1000bfce f   PointCardRWImpl.obj
 0001:0000afe7       ?get_CapLeft90@COPOSPointCardRW@@UAGJPAF@Z 1000bfe7 f   PointCardRWImpl.obj
 0001:0000b000       ?get_CapMapCharacterSet@COPOSPointCardRW@@UAGJPAF@Z 1000c000 f   PointCardRWImpl.obj
 0001:0000b019       ?get_CapPowerReporting@COPOSPointCardRW@@UAGJPAJ@Z 1000c019 f   PointCardRWImpl.obj
 0001:0000b032       ?get_CapPrint@COPOSPointCardRW@@UAGJPAF@Z 1000c032 f   PointCardRWImpl.obj
 0001:0000b04b       ?get_CapPrintMode@COPOSPointCardRW@@UAGJPAF@Z 1000c04b f   PointCardRWImpl.obj
 0001:0000b064       ?get_CapRight90@COPOSPointCardRW@@UAGJPAF@Z 1000c064 f   PointCardRWImpl.obj
 0001:0000b07d       ?get_CapRotate180@COPOSPointCardRW@@UAGJPAF@Z 1000c07d f   PointCardRWImpl.obj
 0001:0000b096       ?get_CapStatisticsReporting@COPOSPointCardRW@@UAGJPAF@Z 1000c096 f   PointCardRWImpl.obj
 0001:0000b0af       ?get_CapTracksToRead@COPOSPointCardRW@@UAGJPAJ@Z 1000c0af f   PointCardRWImpl.obj
 0001:0000b0c8       ?get_CapTracksToWrite@COPOSPointCardRW@@UAGJPAJ@Z 1000c0c8 f   PointCardRWImpl.obj
 0001:0000b0e1       ?get_CapUpdateFirmware@COPOSPointCardRW@@UAGJPAF@Z 1000c0e1 f   PointCardRWImpl.obj
 0001:0000b0fa       ?get_CapUpdateStatistics@COPOSPointCardRW@@UAGJPAF@Z 1000c0fa f   PointCardRWImpl.obj
 0001:0000b113       ?get_CardState@COPOSPointCardRW@@UAGJPAJ@Z 1000c113 f   PointCardRWImpl.obj
 0001:0000b12c       ?get_CharacterSet@COPOSPointCardRW@@UAGJPAJ@Z 1000c12c f   PointCardRWImpl.obj
 0001:0000b145       ?get_CharacterSetList@COPOSPointCardRW@@UAGJPAPA_W@Z 1000c145 f   PointCardRWImpl.obj
 0001:0000b15e       ?get_CheckHealthText@COPOSPointCardRW@@UAGJPAPA_W@Z 1000c15e f   PointCardRWImpl.obj
 0001:0000b177       ?get_Claimed@COPOSPointCardRW@@UAGJPAF@Z 1000c177 f   PointCardRWImpl.obj
 0001:0000b18d       ?get_ControlObjectDescription@COPOSPointCardRW@@UAGJPAPA_W@Z 1000c18d f   PointCardRWImpl.obj
 0001:0000b1ca       ?get_ControlObjectVersion@COPOSPointCardRW@@UAGJPAJ@Z 1000c1ca f   PointCardRWImpl.obj
 0001:0000b1dd       ?get_DataCount@COPOSPointCardRW@@UAGJPAJ@Z 1000c1dd f   PointCardRWImpl.obj
 0001:0000b1f3       ?get_DataEventEnabled@COPOSPointCardRW@@UAGJPAF@Z 1000c1f3 f   PointCardRWImpl.obj
 0001:0000b209       ?get_DeviceDescription@COPOSPointCardRW@@UAGJPAPA_W@Z 1000c209 f   PointCardRWImpl.obj
 0001:0000b222       ?get_DeviceEnabled@COPOSPointCardRW@@UAGJPAF@Z 1000c222 f   PointCardRWImpl.obj
 0001:0000b238       ?get_DeviceName@COPOSPointCardRW@@UAGJPAPA_W@Z 1000c238 f   PointCardRWImpl.obj
 0001:0000b251       ?get_FontTypeFaceList@COPOSPointCardRW@@UAGJPAPA_W@Z 1000c251 f   PointCardRWImpl.obj
 0001:0000b26a       ?get_FreezeEvents@COPOSPointCardRW@@UAGJPAF@Z 1000c26a f   PointCardRWImpl.obj
 0001:0000b280       ?get_LineChars@COPOSPointCardRW@@UAGJPAJ@Z 1000c280 f   PointCardRWImpl.obj
 0001:0000b299       ?get_LineCharsList@COPOSPointCardRW@@UAGJPAPA_W@Z 1000c299 f   PointCardRWImpl.obj
 0001:0000b2b2       ?get_LineHeight@COPOSPointCardRW@@UAGJPAJ@Z 1000c2b2 f   PointCardRWImpl.obj
 0001:0000b2cb       ?get_LineSpacing@COPOSPointCardRW@@UAGJPAJ@Z 1000c2cb f   PointCardRWImpl.obj
 0001:0000b2e4       ?get_LineWidth@COPOSPointCardRW@@UAGJPAJ@Z 1000c2e4 f   PointCardRWImpl.obj
 0001:0000b2fd       ?get_MapCharacterSet@COPOSPointCardRW@@UAGJPAF@Z 1000c2fd f   PointCardRWImpl.obj
 0001:0000b316       ?get_MapMode@COPOSPointCardRW@@UAGJPAJ@Z 1000c316 f   PointCardRWImpl.obj
 0001:0000b32f       ?get_MaxLine@COPOSPointCardRW@@UAGJPAJ@Z 1000c32f f   PointCardRWImpl.obj
 0001:0000b348       ?get_OpenResult@COPOSPointCardRW@@UAGJPAJ@Z 1000c348 f   PointCardRWImpl.obj
 0001:0000b35f       ?get_OutputID@COPOSPointCardRW@@UAGJPAJ@Z 1000c35f f   PointCardRWImpl.obj
 0001:0000b375       ?get_PowerNotify@COPOSPointCardRW@@UAGJPAJ@Z 1000c375 f   PointCardRWImpl.obj
 0001:0000b38b       ?get_PowerState@COPOSPointCardRW@@UAGJPAJ@Z 1000c38b f   PointCardRWImpl.obj
 0001:0000b3a1       ?get_PrintHeight@COPOSPointCardRW@@UAGJPAJ@Z 1000c3a1 f   PointCardRWImpl.obj
 0001:0000b3ba       ?get_ReadState1@COPOSPointCardRW@@UAGJPAJ@Z 1000c3ba f   PointCardRWImpl.obj
 0001:0000b3d3       ?get_ReadState2@COPOSPointCardRW@@UAGJPAJ@Z 1000c3d3 f   PointCardRWImpl.obj
 0001:0000b3ec       ?get_RecvLength1@COPOSPointCardRW@@UAGJPAJ@Z 1000c3ec f   PointCardRWImpl.obj
 0001:0000b405       ?get_RecvLength2@COPOSPointCardRW@@UAGJPAJ@Z 1000c405 f   PointCardRWImpl.obj
[...]
 0002:00002df8       ?candidate_modules@?1??try_get_LocaleNameToLCID@@YAP6GKPB_WK@ZXZ@4QBW4module_id@?A0x391cf84c@@B 10021df8     libucrt:winapi_thunks.obj
 0002:00002e14       ?candidate_modules@?1??try_get_AppPolicyGetProcessTerminationMethod@@YAP6GJPAXPAW4AppPolicyProcessTerminationMethod@@@ZXZ@4QBW4module_id@?A0x391cf84c@@B 10021e14     libucrt:winapi_thunks.obj
 0002:00002e40       ?candidate_modules@?1??try_get_SetThreadStackGuarantee@@YAP6GHPAK@ZXZ@4QBW4module_id@?A0x391cf84c@@B 10021e40     libucrt:winapi_thunks.obj
 0002:0000336c       ?_mb_locale_names@@3QBQB_WB 1002236c     libucrt:mbctype.obj
 0002:00003bb8       ?LcidToLocaleNameTable@?A0x881e4c05@@3QBULcidToLocaleName@1@B 10022bb8     libucrt:lcidtoname_downlevel.obj
 0002:00004ce0       ?LocaleNameToIndexTable@?A0x881e4c05@@3QBULocaleNameIndex@1@B 10023ce0     libucrt:lcidtoname_downlevel.obj
 0002:00006620       LOG_name                   10025620     libucrt:log10.obj
 0002:00006630       _One                       10025630     libucrt:ceil_pentium4.obj
 0002:00006640       _Bns                       10025640     libucrt:ceil_pentium4.obj
 0002:00006650       _Zero                      10025650     libucrt:ceil_pentium4.obj
 0002:00006660       _S                         10025660     libucrt:ceil_pentium4.obj
 0002:00006670       _NegZero                   10025670     libucrt:ceil_pentium4.obj
 0002:00006680       emask                      10025680     libucrt:log10_pentium4.obj
 0002:00006690       CC                         10025690     libucrt:log10_pentium4.obj
 0002:000066a0       Magic                      100256a0     libucrt:log10_pentium4.obj
 0002:000066b0       hi_mask                    100256b0     libucrt:log10_pentium4.obj
 0002:000066c0       LOG10_2                    100256c0     libucrt:log10_pentium4.obj
 0002:000066d0       place_L                    100256d0     libucrt:log10_pentium4.obj
 0002:000066f0       One                        100256f0     libucrt:log10_pentium4.obj
 0002:00006700       Zero                       10025700     libucrt:log10_pentium4.obj
 0002:00006710       Two52                      10025710     libucrt:log10_pentium4.obj
 0002:00006720       Infs                       10025720     libucrt:log10_pentium4.obj
 0002:00006730       NaN                        10025730     libucrt:log10_pentium4.obj
 0002:00006740       coeff                      10025740     libucrt:log10_pentium4.obj
 0002:0000679e       _log2max                   1002579e     libucrt:87tran.obj
 0002:000067a8       _smallarg                  100257a8     libucrt:87tran.obj
 0002:000067b2       _half                      100257b2     libucrt:87tran.obj
 0002:000067fe       One                        100257fe     libucrt:87disp.obj
 0002:00006806       Three                      10025806     libucrt:87disp.obj
 0002:0000680e       XAMtoTagTab                1002580e     libucrt:87disp.obj
 0002:00006820       One                        10025820     libucrt:common.obj
 0002:00006834       DblMax                     10025834     libucrt:common.obj
 0002:0000683c       DblMin                     1002583c     libucrt:common.obj
 0002:00006844       IeeeAdjO                   10025844     libucrt:common.obj
 0002:0000684c       IeeeAdjU                   1002584c     libucrt:common.obj
 0002:00006854       _infinity                  10025854     libucrt:common.obj
 0002:0000685c       _zero                      1002585c     libucrt:common.obj
 0002:00006898       _over                      10025898     libucrt:fpctrl.obj
 0002:000068a4       _under                     100258a4     libucrt:fpctrl.obj
 0002:000070d8       ?_names@?1??_get_fname@@9@9 100260d8     libucrt:fpexcept.obj
 0002:00007940       __sehtable$?_AtlVerifyStackAvailable@_ATL_SAFE_ALLOCA_IMPL@ATL@@YA_NK@Z 10026940     PointCardRW.obj
 0002:00007960       __sehtable$___scrt_is_nonwritable_in_current_image 10026960     LIBCMT:utility.obj
 0002:0000797c       __ehfuncinfo$?__scrt_initialize_thread_safe_statics_platform_specific@@YAXXZ 1002697c     LIBCMT:thread_safe_statics.obj
 0002:000079a0       __catchsym$??2@YAPAXIABUnothrow_t@std@@@Z$2 100269a0     LIBCMT:new_scalar_nothrow.obj
 0002:000079b0       __unwindtable$??2@YAPAXIABUnothrow_t@std@@@Z 100269b0     LIBCMT:new_scalar_nothrow.obj
 0002:000079c0       __tryblocktable$??2@YAPAXIABUnothrow_t@std@@@Z 100269c0     LIBCMT:new_scalar_nothrow.obj
 0002:000079d4       __ehfuncinfo$??2@YAPAXIABUnothrow_t@std@@@Z 100269d4     LIBCMT:new_scalar_nothrow.obj
 0002:000079f8       __sehtable$?dllmain_crt_process_attach@@YAHQAUHINSTANCE__@@QAX@Z 100269f8     LIBCMT:dll_dllmain.obj
 0002:00007a18       __sehtable$?dllmain_crt_process_detach@@YAH_N@Z 10026a18     LIBCMT:dll_dllmain.obj
 0002:00007a38       __sehtable$?dllmain_dispatch@@YAHQAUHINSTANCE__@@KQAX@Z 10026a38     LIBCMT:dll_dllmain.obj
 0002:00007ae8       __sehtable$?FrameUnwindToState@__FrameHandler3@@SAXPAUEHRegistrationNode@@PAXPBU_s_FuncInfo@@H@Z 10026ae8     libvcruntime:frame.obj
 0002:00007b10       __sehtable$?CallCatchBlock@@YAPAXPAUEHExceptionRecord@@PAUEHRegistrationNode@@PAU_CONTEXT@@PBU_s_FuncInfo@@PAXHK@Z 10026b10     libvcruntime:frame.obj
 0002:00007b38       __catchsym$?CallUnexpected@@YAXPBU_s_ESTypeList@@@Z$2 10026b38     libvcruntime:frame.obj
 0002:00007b48       __unwindtable$?CallUnexpected@@YAXPBU_s_ESTypeList@@@Z 10026b48     libvcruntime:frame.obj
 0002:00007b58       __tryblocktable$?CallUnexpected@@YAXPBU_s_ESTypeList@@@Z 10026b58     libvcruntime:frame.obj
 0002:00007b6c       __ehfuncinfo$?CallUnexpected@@YAXPBU_s_ESTypeList@@@Z 10026b6c     libvcruntime:frame.obj
 0002:00007b90       __sehtable$??$BuildCatchObjectHelperInternal@$$CBU_s_HandlerType@@@@YAHPAUEHExceptionRecord@@PAXPBU_s_HandlerType@@PBU_s_CatchableType@@@Z 10026b90     libvcruntime:frame.obj
 0002:00007bb0       __sehtable$??$BuildCatchObjectInternal@$$CBU_s_HandlerType@@@@YAXPAUEHExceptionRecord@@PAXPBU_s_HandlerType@@PBU_s_CatchableType@@@Z 10026bb0     libvcruntime:frame.obj
 0002:00007c08       __sehtable$___DestructExceptionObject 10026c08     libvcruntime:ehhelpers.obj
 0002:00007c28       __sehtable$??R<lambda_6e4b09c48022b2350581041d5f6b0c4c>@@QBE@XZ 10026c28     libucrt:exit.obj
 0002:00007c48       __sehtable$??$?RV<lambda_03b1d95aef87969028cfba75ccab2455>@@AAV<lambda_6e4b09c48022b2350581041d5f6b0c4c>@@V<lambda_22bdf7517842c4b3e53723af5aa32b9e>@@@?$__crt_seh_guarded_call@X@@QAEX$$QAV<lambda_03b1d95aef87969028cfba75ccab2455>@@AAV<lambda_6e4b09c48022b2350581041d5f6b0c4c>@@$$QAV<lambda_22bdf7517842c4b3e53723af5aa32b9e>@@@Z 10026c48     libucrt:exit.obj
 0002:00007c68       __sehtable$??$?RV<lambda_8e746cf0007f6ed984d6f78af1fec997>@@AAV<lambda_22ebabd17bc4fa466a2aca6d8deb888d>@@V<lambda_18ed0c0b38a6dc0daf1e7ac6d6adf05e>@@@?$__crt_seh_guarded_call@H@@QAEH$$QAV<lambda_8e746cf0007f6ed984d6f78af1fec997>@@AAV<lambda_22ebabd17bc4fa466a2aca6d8deb888d>@@$$QAV<lambda_18ed0c0b38a6dc0daf1e7ac6d6adf05e>@@@Z 10026c68     libucrt:onexit.obj
 0002:00007c88       __sehtable$??$?RV<lambda_69a2805e680e0e292e8ba93315fe43a8>@@AAV<lambda_f03950bc5685219e0bcd2087efbe011e>@@V<lambda_03fcd07e894ec930e3f35da366ca99d6>@@@?$__crt_seh_guarded_call@H@@QAEH$$QAV<lambda_69a2805e680e0e292e8ba93315fe43a8>@@AAV<lambda_f03950bc5685219e0bcd2087efbe011e>@@$$QAV<lambda_03fcd07e894ec930e3f35da366ca99d6>@@@Z 10026c88     libucrt:onexit.obj
 0002:00007ca8       __sehtable$__query_new_handler 10026ca8     libucrt:new_handler.obj
 0002:00007cc8       __sehtable$_terminate      10026cc8     libucrt:terminate.obj
 0002:00007ce8       __sehtable$??$?RV<lambda_15ade71b0218206bbe3333a0c9b79046>@@AAV<lambda_da44e0f8b0f19ba52fefafb335991732>@@V<lambda_207f2d024fc103971653565357d6cd41>@@@?$__crt_seh_guarded_call@X@@QAEX$$QAV<lambda_15ade71b0218206bbe3333a0c9b79046>@@AAV<lambda_da44e0f8b0f19ba52fefafb335991732>@@$$QAV<lambda_207f2d024fc103971653565357d6cd41>@@@Z 10026ce8     libucrt:per_thread_data.obj
 0002:00007d08       __sehtable$??$?RV<lambda_a7e850c220f1c8d1e6efeecdedd162c6>@@AAV<lambda_46720907175c18b6c9d2717bc0d2d362>@@V<lambda_9048902d66e8d99359bc9897bbb930a8>@@@?$__crt_seh_guarded_call@X@@QAEX$$QAV<lambda_a7e850c220f1c8d1e6efeecdedd162c6>@@AAV<lambda_46720907175c18b6c9d2717bc0d2d362>@@$$QAV<lambda_9048902d66e8d99359bc9897bbb930a8>@@@Z 10026d08     libucrt:per_thread_data.obj
 0002:00007d28       __sehtable$??$?RV<lambda_38edbb1296d33220d7e4dd0ed76b244a>@@AAV<lambda_5ce1d447e08cb34b2473517608e21441>@@V<lambda_fb385d3da700c9147fc39e65dd577a8c>@@@?$__crt_seh_guarded_call@X@@QAEX$$QAV<lambda_38edbb1296d33220d7e4dd0ed76b244a>@@AAV<lambda_5ce1d447e08cb34b2473517608e21441>@@$$QAV<lambda_fb385d3da700c9147fc39e65dd577a8c>@@@Z 10026d28     libucrt:per_thread_data.obj
 0002:00007d48       __sehtable$??$?RV<lambda_6affb1475c98b40b75cdec977db92e3c>@@AAV<lambda_b8d4b9c228a6ecc3f80208dbb4b4a104>@@V<lambda_608742c3c92a14382c1684fc64f96c88>@@@?$__crt_seh_guarded_call@X@@QAEX$$QAV<lambda_6affb1475c98b40b75cdec977db92e3c>@@AAV<lambda_b8d4b9c228a6ecc3f80208dbb4b4a104>@@$$QAV<lambda_608742c3c92a14382c1684fc64f96c88>@@@Z 10026d48     libucrt:per_thread_data.obj
 0002:00007d68       __sehtable$??$?RV<lambda_e5124f882df8998aaf41531e079ba474>@@AAV<lambda_3e16ef9562a7dcce91392c22ab16ea36>@@V<lambda_e25ca0880e6ef98be67edffd8c599615>@@@?$__crt_seh_guarded_call@X@@QAEX$$QAV<lambda_e5124f882df8998aaf41531e079ba474>@@AAV<lambda_3e16ef9562a7dcce91392c22ab16ea36>@@$$QAV<lambda_e25ca0880e6ef98be67edffd8c599615>@@@Z 10026d68     libucrt:wsetlocale.obj
 0002:00007d88       __sehtable$___acrt_initialize_lowio 10026d88     libucrt:ioinit.obj
 0002:00007da8       __sehtable$?update_thread_multibyte_data_internal@@YAPAU__crt_multibyte_data@@QAU__acrt_ptd@@QAU1@@Z 10026da8     libucrt:mbctype.obj
 0002:00007dc8       __sehtable$??$?RV<lambda_ceb1ee4838e85a9d631eb091e2fbe199>@@AAV<lambda_ae742caa10f662c28703da3d2ea5e57e>@@V<lambda_cd08b5d6af4937fe54fc07d0c9bf6b37>@@@?$__crt_seh_guarded_call@X@@QAEX$$QAV<lambda_ceb1ee4838e85a9d631eb091e2fbe199>@@AAV<lambda_ae742caa10f662c28703da3d2ea5e57e>@@$$QAV<lambda_cd08b5d6af4937fe54fc07d0c9bf6b37>@@@Z 10026dc8     libucrt:mbctype.obj
 0002:00007de8       __sehtable$_raise          10026de8     libucrt:signal.obj
 0002:00007e08       __sehtable$??$?RV<lambda_cbab9ec6f41b0180b23cc171c22676b0>@@AAV<lambda_44731a7d0e6d81c3e6aa82d741081786>@@V<lambda_4b292cb8dd18144e164572427af410ab>@@@?$__crt_seh_guarded_call@P6AXH@Z@@QAEP6AXH@Z$$QAV<lambda_cbab9ec6f41b0180b23cc171c22676b0>@@AAV<lambda_44731a7d0e6d81c3e6aa82d741081786>@@$$QAV<lambda_4b292cb8dd18144e164572427af410ab>@@@Z 10026e08     libucrt:signal.obj
 0002:00007e28       __sehtable$___acrt_update_thread_locale_data 10026e28     libucrt:locale_refcounting.obj
 0002:00007e48       __sehtable$__fcloseall     10026e48     libucrt:closeall.obj
 0002:00007e68       __sehtable$??$?RV<lambda_2866be3712abc81a800a822484c830d8>@@AAV<lambda_39ca0ed439415581b5b15c265174cece>@@V<lambda_2b24c74d71094a6cd0cb82e44167d71b>@@@?$__crt_seh_guarded_call@X@@QAEX$$QAV<lambda_2866be3712abc81a800a822484c830d8>@@AAV<lambda_39ca0ed439415581b5b15c265174cece>@@$$QAV<lambda_2b24c74d71094a6cd0cb82e44167d71b>@@@Z 10026e68     libucrt:fflush.obj
 0002:00007e88       __sehtable$??$?RV<lambda_2cc53f568c5a2bb6f192f930a45d44ea>@@AAV<lambda_ab61a845afdef5b7c387490eaf3616ee>@@V<lambda_c2ffc0b7726aa6be21d5f0026187e748>@@@?$__crt_seh_guarded_call@X@@QAEX$$QAV<lambda_2cc53f568c5a2bb6f192f930a45d44ea>@@AAV<lambda_ab61a845afdef5b7c387490eaf3616ee>@@$$QAV<lambda_c2ffc0b7726aa6be21d5f0026187e748>@@@Z 10026e88     libucrt:fflush.obj
 0002:00007ea8       __sehtable$___acrt_lowio_ensure_fh_exists 10026ea8     libucrt:osfinfo.obj
 0002:00007ec8       __sehtable$__write         10026ec8     libucrt:write.obj
 0002:00007ee8       __sehtable$_fclose         10026ee8     libucrt:fclose.obj
 0002:00007f08       __sehtable$??$?RV<lambda_9e9de3de5fa147e2223d7db92bc10aa6>@@AAV<lambda_38ce7e780aa69e748d6df282ebc68efe>@@V<lambda_8ca6da459f0f6780f1cff60fdc3d00e5>@@@?$__crt_seh_guarded_call@H@@QAEH$$QAV<lambda_9e9de3de5fa147e2223d7db92bc10aa6>@@AAV<lambda_38ce7e780aa69e748d6df282ebc68efe>@@$$QAV<lambda_8ca6da459f0f6780f1cff60fdc3d00e5>@@@Z 10026f08     libucrt:commit.obj
 0002:00007f28       __sehtable$??$?RV<lambda_218ce3db14220d0be481dae8ef3383b6>@@AAV<lambda_628dfdc04ba53c8bfc02c9951375f3f5>@@V<lambda_57dc472bd5c9d5f3b2cbca59b8a843ae>@@@?$__crt_seh_guarded_call@H@@QAEH$$QAV<lambda_218ce3db14220d0be481dae8ef3383b6>@@AAV<lambda_628dfdc04ba53c8bfc02c9951375f3f5>@@$$QAV<lambda_57dc472bd5c9d5f3b2cbca59b8a843ae>@@@Z 10026f28     libucrt:close.obj
 0002:00007f48       __sehtable$__IsNonwritableInCurrentImage 10026f48     LIBCMT:pesect.obj
 0002:00007f70       .edata                     10026f70     OPOSPointCardRW.exp
 0002:00007f98       rgpv                       10026f98     OPOSPointCardRW.exp
 0002:00007fa8       rgszName                   10026fa8     OPOSPointCardRW.exp
 0002:00007fb8       rgwOrd                     10026fb8     OPOSPointCardRW.exp
 0002:00007fc0       szName                     10026fc0     OPOSPointCardRW.exp
 0002:00007fd4       $N00001                    10026fd4     OPOSPointCardRW.exp
 0002:00007fe4       $N00002                    10026fe4     OPOSPointCardRW.exp
 0002:00007ff6       $N00003                    10026ff6     OPOSPointCardRW.exp
 0002:00008008       $N00004                    10027008     OPOSPointCardRW.exp
 0002:00008620       .idata$6                   10027620     kernel32:KERNEL32.dll
 0002:00008834       .idata$6                   10027834     user32:USER32.dll
 0002:00008968       .idata$6                   10027968     gdi32:GDI32.dll
 0002:00008a0e       .idata$6                   10027a0e     advapi32:ADVAPI32.dll
 0002:00008b2a       .idata$6                   10027b2a     ole32:ole32.dll
 0002:00008b34       .idata$6                   10027b34     oleaut32:OLEAUT32.dll
 0003:00000110       ?ObjectMap@@3PAU_ATL_OBJMAP_ENTRY30@ATL@@A 10028110     PointCardRW.obj
 0003:000001c0       ?s_SOMethodNames@@3PAPADA  100281c0     PointCardRWImpl.obj
 0003:00000234       ?s_RequiredMethodsPerRelease@@3PAHA 10028234     PointCardRWImpl.obj
 0003:00000270       ?__vcrt_flsindex@@3KA      10028270     libvcruntime:per_thread_data.obj
 0003:00000290       ?errno_no_memory@@3HA      10028290     libucrt:errno.obj
 0003:00000294       ?doserrno_no_memory@@3KA   10028294     libucrt:errno.obj
 0003:000002a0       ?__acrt_flsindex@@3KA      100282a0     libucrt:per_thread_data.obj
 0003:00000418       __mbctypes                 10028418     libucrt:mbctype.obj
 0003:00000520       __mbcasemaps               10028520     libucrt:mbctype.obj
 0003:00000620       ?__rgctypeflag@@3PADA      10028620     libucrt:mbctype.obj
 0003:00000628       ?__rgcode_page_info@@3PAUcode_page_info@@A 10028628     libucrt:mbctype.obj
 0003:00000b30       ?is_initialized_as_dll@@3_NA 10028b30     LIBCMT:utility.obj
 0003:00000b31       ?module_local_atexit_table_initialized@@3_NA 10028b31     LIBCMT:utility.obj
 0003:00000b34       ?module_local_atexit_table@@3U_onexit_table_t@@A 10028b34     LIBCMT:utility.obj
 0003:00000b40       ?module_local_at_quick_exit_table@@3U_onexit_table_t@@A 10028b40     LIBCMT:utility.obj
 0003:00000b4c       ?_Tss_mutex@@3U_RTL_CRITICAL_SECTION@@A 10028b4c     LIBCMT:thread_safe_statics.obj
 0003:00000b64       ?_Tss_cv@@3U_RTL_CONDITION_VARIABLE@@A 10028b64     LIBCMT:thread_safe_statics.obj
 0003:00000b68       ?_Tss_event@@3PAXA         10028b68     LIBCMT:thread_safe_statics.obj
 0003:00000b6c       ?encoded_sleep_condition_variable_cs@@3P6GHPAU_RTL_CONDITION_VARIABLE@@PAU_RTL_CRITICAL_SECTION@@K@ZA 10028b6c     LIBCMT:thread_safe_statics.obj
 0003:00000b70       ?encoded_wake_all_condition_variable@@3P6GXPAU_RTL_CONDITION_VARIABLE@@@ZA 10028b70     LIBCMT:thread_safe_statics.obj
 0003:00000b78       _GS_ExceptionRecord        10028b78     LIBCMT:gs_report.obj
 0003:00000bc8       _GS_ContextRecord          10028bc8     LIBCMT:gs_report.obj
 0003:00000e98       ?__proc_attached@@3HA      10028e98     LIBCMT:dll_dllmain.obj
 0003:00000ef4       ?AllocateData@@3P6GPAUAtlThunkData_t@@XZA 10028ef4     atls:atlthunk.obj
 0003:00000ef8       ?InitData@@3P6GXPAUAtlThunkData_t@@PAXI@ZA 10028ef8     atls:atlthunk.obj
 0003:00000efc       ?DataToCode@@3P6GP6GJPAUHWND__@@IIJ@ZPAUAtlThunkData_t@@@ZA 10028efc     atls:atlthunk.obj
 0003:00000f00       ?FreeData@@3P6GXPAUAtlThunkData_t@@@ZA 10028f00     atls:atlthunk.obj
 0003:00000f04       ?Initialized@@3_NA         10028f04     atls:atlthunk.obj
 0003:00000f10       ?__vcrt_startup_thread_ptd@@3U__vcrt_ptd@@A 10028f10     libvcruntime:per_thread_data.obj
 0003:00000f38       ___vcrt_lock_table         10028f38     libvcruntime:locks.obj
 0003:00000f50       ___vcrt_locks_initialized  10028f50     libvcruntime:locks.obj
 0003:00000f54       ?module_handles@@3PAPAUHINSTANCE__@@A 10028f54     libvcruntime:winapi_downlevel.obj
 0003:00000f60       ?encoded_function_pointers@@3PAPAXA 10028f60     libvcruntime:winapi_downlevel.obj
 0003:00000f9c       ?heap@@3V_HeapManager@@A   10028f9c     libvcruntime:undname.obj
 0003:00000fb4       ?__acrt_invalid_parameter_handler@@3V?$dual_state_global@P6AXPB_W00II@Z@__crt_state_management@@A 10028fb4     libucrt:invalid_parameter.obj
 0003:00000fb8       ?c_termination_complete@@3JA 10028fb8     libucrt:exit.obj
 0003:00000fbc       ?thread_local_exit_callback_func@@3P6GXPAXK0@ZA 10028fbc     libucrt:exit.obj
 0003:00000fc8       ?program_name@?1???$common_configure_argv@D@@YAHW4_crt_argv_mode@@@Z@4PADA 10028fc8     libucrt:argv_parsing.obj
 0003:000010f8       ?__acrt_new_handler@@3V?$dual_state_global@P6AHI@Z@__crt_state_management@@A 100290f8     libucrt:new_handler.obj
 0003:00001100       ?module_handles@@3PAPAUHINSTANCE__@@A 10029100     libucrt:winapi_thunks.obj
 0003:00001150       ?encoded_function_pointers@@3PAPAXA 10029150     libucrt:winapi_thunks.obj
 0003:000011e0       ?enable_percent_n@@3IA     100291e0     libucrt:printf_count_output.obj
 0003:00001400       ?__acrt_lock_table@@3PAU_RTL_CRITICAL_SECTION@@A 10029400     libucrt:locks.obj
 0003:00001550       ?__acrt_locks_initialized@@3IA 10029550     libucrt:locks.obj
 0003:00001560       ?fSystemSet@@3HA           10029560     libucrt:mbctype.obj
 0003:00001564       ?initialized@?1??__acrt_initialize_multibyte@@9@4_NA 10029564     libucrt:mbctype.obj
 0003:00001584       ?ctrlc_action@@3V?$dual_state_global@P6AXH@Z@__crt_state_management@@A 10029584     libucrt:signal.obj
 0003:00001588       ?ctrlbreak_action@@3V?$dual_state_global@P6AXH@Z@__crt_state_management@@A 10029588     libucrt:signal.obj
 0003:0000158c       ?abort_action@@3V?$dual_state_global@P6AXH@Z@__crt_state_management@@A 1002958c     libucrt:signal.obj
 0003:00001590       ?term_action@@3V?$dual_state_global@P6AXH@Z@__crt_state_management@@A 10029590     libucrt:signal.obj
 0003:00001594       ?user_matherr@@3V?$dual_state_global@P6AHPAU_exception@@@Z@__crt_state_management@@A 10029594     libucrt:matherr.obj
 0003:00001598       ?__acrt_global_new_mode@@3V?$dual_state_global@J@__crt_state_management@@A 10029598     libucrt:new_mode.obj
 0003:000015a4       ?__acrt_app_type@@3W4_crt_app_type@@A 100295a4     libucrt:report_runtime_error.obj
 0003:000015ac       __pmatherr_set             100295ac     libucrt:libm_error.obj
 0004:00000220       $R000000                   1002a220     PointCardRW.res
 0004:00000b98       $R000978                   1002ab98     PointCardRW.res
 0004:00000c80       $R000A60                   1002ac80     PointCardRW.res
 0004:00000ee8       $R000CC8                   1002aee8     PointCardRW.res
 0004:00001418       $R0011F8                   1002b418     PointCardRW.res
 0004:00005de0       $R005BC0                   1002fde0     PointCardRW.res
 0004:00005e18       $R005BF8                   1002fe18     PointCardRW.res
