 OPOSFiscalPrinter

 Timestamp is 5c43fde5 (Sun Jan 20 13:49:41 2019)

 Preferred load address is 10000000

 Start         Length     Name                   Class
 0001:00000000 00000080H .text$di                CODE
 0001:00000080 0001f1ebH .text$mn                CODE
 0001:0001f26b 00000051H .text$x                 CODE
 0001:0001f2bc 00000042H .text$yd                CODE
 0002:00000000 00000300H .idata$5                DATA
 0002:00000300 00000004H .00cfg                  DATA
 0002:00000304 00000004H .CRT$XCA                DATA
 0002:00000308 00000004H .CRT$XCL                DATA
 0002:0000030c 00000010H .CRT$XCU                DATA
 0002:0000031c 00000004H .CRT$XCZ                DATA
 0002:00000320 00000004H .CRT$XIA                DATA
 0002:00000324 00000010H .CRT$XIC                DATA
 0002:00000334 00000004H .CRT$XIZ                DATA
 0002:00000338 00000004H .CRT$XLA                DATA
 0002:0000033c 00000004H .CRT$XLZ                DATA
 0002:00000340 00000004H .CRT$XPA                DATA
 0002:00000344 00000008H .CRT$XPX                DATA
 0002:0000034c 00000004H .CRT$XPXA               DATA
 0002:00000350 00000004H .CRT$XPZ                DATA
 0002:00000354 00000004H .CRT$XTA                DATA
 0002:00000358 00000008H .CRT$XTZ                DATA
 0002:0000035c 00000000H .gfids$x                DATA
 0002:0000035c 00000000H .gfids$y                DATA
 0002:00000360 00007738H .rdata                  DATA
 0002:00007a98 00000018H .rdata$T                DATA
 0002:00007ab0 00000180H .rdata$r                DATA
 0002:00007c30 00000020H .rdata$sxdata           DATA
 0002:00007c50 000003e0H .rdata$zzzdbg           DATA
 0002:00008030 00000004H .rtc$IAA                DATA
 0002:00008034 00000004H .rtc$IZZ                DATA
 0002:00008038 00000004H .rtc$TAA                DATA
 0002:0000803c 00000004H .rtc$TZZ                DATA
 0002:00008040 00000004H .tls                    DATA
 0002:00008044 00000004H .tls$                   DATA
 0002:00008048 00000008H .tls$ZZZ                DATA
 0002:00008050 000005f4H .xdata$x                DATA
 0002:00008644 00000004H ATL$__a                 DATA
 0002:00008648 00000008H ATL$__z                 DATA
 0002:00008650 000000b0H .edata                  DATA
 0002:00008700 00000078H .idata$2                DATA
 0002:00008778 00000014H .idata$3                DATA
 0002:0000878c 00000300H .idata$4                DATA
 0002:00008a8c 00000bdeH .idata$6                DATA
 0003:00000000 00000aa0H .data                   DATA
 0003:00000aa0 00000098H .data$r                 DATA
 0003:00000b38 00000b5cH .bss                    DATA
 0004:00000000 00000220H .rsrc$01                DATA
 0004:00000220 000097f8H .rsrc$02                DATA

  Address         Publics by Value              Rva+Base       Lib:Object

 0000:00000000       ___guard_fids_count        00000000     <absolute>
 0000:00000000       ___hybrid_code_map_count   00000000     <absolute>
 0000:00000000       ___guard_iat_count         00000000     <absolute>
 0000:00000000       ___volatile_metadata       00000000     <absolute>
 0000:00000000       ___hybrid_auxiliary_iat    00000000     <absolute>
 0000:00000000       ___dynamic_value_reloc_table 00000000     <absolute>
 0000:00000000       ___guard_fids_table        00000000     <absolute>
 0000:00000000       ___guard_longjmp_count     00000000     <absolute>
 0000:00000000       ___guard_longjmp_table     00000000     <absolute>
 0000:00000000       ___guard_iat_table         00000000     <absolute>
 0000:00000000       __except_list              00000000     <absolute>
 0000:00000000       ___enclave_config          00000000     <absolute>
 0000:00000000       ___hybrid_code_map         00000000     <absolute>
 0000:00000008       ___safe_se_handler_count   00000008     <absolute>
 0000:0000002c       __tls_array                0000002c     <absolute>
 0000:00000100       ___guard_flags             00000100     <absolute>
 0000:00000000       ___ImageBase               10000000     <linker-defined>
 0001:00000080       ?DupWide@_CW@@AAEXXZ       10001080 f   CWString.obj
 0001:0000009c       ?cw_dup@@YGXPBDAAHAAPA_W1@Z 1000109c f   CWString.obj
 0001:0000010b       ?cw_memcpy@@YGHPA_WPBDH@Z  1000110b f   CWString.obj
 0001:00000137       ?cw_strcpy@@YAHPA_WPBD@Z   10001137 f   CWString.obj
 0001:0000014a       ?cw_strlen@@YAHPBD@Z       1000114a f   CWString.obj
 0001:00000163       ??0CAtlComModule@ATL@@QAE@XZ 10001163 f i OposVariant.obj
 0001:000001a8       ??0CAtlWinModule@ATL@@QAE@XZ 100011a8 f i OposVariant.obj
 0001:000001df       ??0OposDispParms@@QAE@PAVOposVariant@@H@Z 100011df f   OposVariant.obj
 0001:00000250       ??1OposDispParms@@QAE@XZ   10001250 f   OposVariant.obj
 0001:0000025e       ??A?$CSimpleArray@GV?$CSimpleArrayEqualHelper@G@ATL@@@ATL@@QAEAAGH@Z 1000125e f i OposVariant.obj
 0001:00000283       ??_Estringdispid@CComTypeInfoHolder@ATL@@QAEPAXI@Z 10001283 f i OposVariant.obj
 0001:000002ef       ?AtlWinModuleInit@ATL@@YGJPAU_ATL_WIN_MODULE70@1@@Z 100012ef f i OposVariant.obj
 0001:00000315       ?AtlWinModuleTerm@ATL@@YGJPAU_ATL_WIN_MODULE70@1@PAUHINSTANCE__@@@Z 10001315 f i OposVariant.obj
 0001:00000378       ?ChangeBSTR@OposVariant@@QAEXPAPA_WAAJ@Z 10001378 f   OposVariant.obj
 0001:000003b9       ?ChangeLONG@OposVariant@@QAEXPAJAAJ@Z 100013b9 f   OposVariant.obj
 0001:000003fa       ?GetLONG@OposVariant@@QAEJXZ 100013fa f   OposVariant.obj
 0001:00000415       ?Init@CComCriticalSection@ATL@@QAEJXZ 10001415 f i OposVariant.obj
 0001:0000043d       ?RemoveAll@?$CSimpleArray@PAUHINSTANCE__@@V?$CSimpleArrayEqualHelper@PAUHINSTANCE__@@@ATL@@@ATL@@QAEXXZ 1000143d f i atls:atlbase.obj
 0001:0000043d       ?RemoveAll@?$CSimpleArray@GV?$CSimpleArrayEqualHelper@G@ATL@@@ATL@@QAEXXZ 1000143d f i OposVariant.obj
 0001:0000045a       ?SetBSTR@OposVariant@@QAEXPA_WAAJ@Z 1000145a f   OposVariant.obj
 0001:0000048e       ?SetBSTR_Copy@OposVariant@@QAEXPA_WAAJ@Z 1000148e f   OposVariant.obj
 0001:000004de       ?SetBSTR_InOutPtr@OposVariant@@QAE_NPAPA_WAAJ@Z 100014de f   OposVariant.obj
 0001:00000515       ?SetBSTR_OutPtr@OposVariant@@QAE_NPAPA_WAAJ@Z 10001515 f   OposVariant.obj
 0001:00000531       ?SetCURRENCY@OposVariant@@QAEXTtagCY@@@Z 10001531 f   OposVariant.obj
 0001:00000559       ?SetDispatch_Ptr@OposVariant@@QAEXPAUIDispatch@@AAJ@Z 10001559 f   OposVariant.obj
 0001:00000594       ?SetLONG@OposVariant@@QAEXJ@Z 10001594 f   OposVariant.obj
 0001:000005b6       ?SetLONG_Ptr@OposVariant@@QAEXPAJAAJ@Z 100015b6 f   OposVariant.obj
 0001:000005e9       ?SetString@OposVariant@@QAEXPB_WAAJ@Z 100015e9 f   OposVariant.obj
 0001:0000062f       ?SetVARIANT_BOOL@OposVariant@@QAEXF@Z 1000162f f   OposVariant.obj
 0001:00000659       ?Term@CAtlComModule@ATL@@QAEXXZ 10001659 f i OposVariant.obj
 0001:000006a3       ?_AtlRaiseException@ATL@@YAXKK@Z 100016a3 f i OposVariant.obj
 0001:000006b8       ?CreateInstance@?$CComCreator@V?$CComObjectCached@VCComClassFactory@ATL@@@ATL@@@ATL@@SGJPAXABU_GUID@@PAPAX@Z 100016b8 f i FiscalPrinter.obj
 0001:0000074b       ?CreateInstance@?$CComCreator2@V?$CComCreator@V?$CComObject@VCOPOSFiscalPrinter@@@ATL@@@ATL@@V?$CComCreator@V?$CComAggObject@VCOPOSFiscalPrinter@@@ATL@@@2@@ATL@@SGJPAXABU_GUID@@PAPAX@Z 1000174b f i FiscalPrinter.obj
 0001:0000076b       ?Next@?$CComEnumImpl@UIEnumConnectionPoints@@$1?_GUID_b196b285_bab4_101a_b69c_00aa00341d07@@3U__s_GUID@@BPAUIConnectionPoint@@V?$_CopyInterface@UIConnectionPoint@@@ATL@@@ATL@@UAGJKPAPAUIConnectionPoint@@PAK@Z 1000176b f i FiscalPrinter.obj
 0001:00000842       ?Skip@?$CComEnumImpl@UIEnumConnectionPoints@@$1?_GUID_b196b285_bab4_101a_b69c_00aa00341d07@@3U__s_GUID@@BPAUIConnectionPoint@@V?$_CopyInterface@UIConnectionPoint@@@ATL@@@ATL@@UAGJK@Z 10001842 f i FiscalPrinter.obj
 0001:0000086f       ?Reset@?$CComEnumImpl@UIEnumConnectionPoints@@$1?_GUID_b196b285_bab4_101a_b69c_00aa00341d07@@3U__s_GUID@@BPAUIConnectionPoint@@V?$_CopyInterface@UIConnectionPoint@@@ATL@@@ATL@@UAGJXZ 1000186f f i FiscalPrinter.obj
 0001:0000086f       ?Reset@?$CComEnumImpl@UIEnumConnections@@$1?_GUID_b196b287_bab4_101a_b69c_00aa00341d07@@3U__s_GUID@@BUtagCONNECTDATA@@V?$_Copy@UtagCONNECTDATA@@@ATL@@@ATL@@UAGJXZ 1000186f f i FiscalPrinter.obj
 0001:00000881       ?Clone@?$CComEnumImpl@UIEnumConnectionPoints@@$1?_GUID_b196b285_bab4_101a_b69c_00aa00341d07@@3U__s_GUID@@BPAUIConnectionPoint@@V?$_CopyInterface@UIConnectionPoint@@@ATL@@@ATL@@UAGJPAPAUIEnumConnectionPoints@@@Z 10001881 f i FiscalPrinter.obj
 0001:00000960       ?AddRef@?$CComObject@V?$CComEnum@UIEnumConnectionPoints@@$1?_GUID_b196b285_bab4_101a_b69c_00aa00341d07@@3U__s_GUID@@BPAUIConnectionPoint@@V?$_CopyInterface@UIConnectionPoint@@@ATL@@VCComSingleThreadModel@6@@ATL@@@ATL@@UAGKXZ 10001960 f i FiscalPrinter.obj
 0001:00000960       ?AddRef@?$CComObject@V?$CComEnum@UIEnumConnections@@$1?_GUID_b196b287_bab4_101a_b69c_00aa00341d07@@3U__s_GUID@@BUtagCONNECTDATA@@V?$_Copy@UtagCONNECTDATA@@@ATL@@VCComSingleThreadModel@6@@ATL@@@ATL@@UAGKXZ 10001960 f i FiscalPrinter.obj
 0001:00000971       ?Release@?$CComObject@V?$CComEnum@UIEnumConnectionPoints@@$1?_GUID_b196b285_bab4_101a_b69c_00aa00341d07@@3U__s_GUID@@BPAUIConnectionPoint@@V?$_CopyInterface@UIConnectionPoint@@@ATL@@VCComSingleThreadModel@6@@ATL@@@ATL@@UAGKXZ 10001971 f i FiscalPrinter.obj
 0001:00000971       ?Release@?$CComObject@V?$CComEnum@UIEnumConnections@@$1?_GUID_b196b287_bab4_101a_b69c_00aa00341d07@@3U__s_GUID@@BUtagCONNECTDATA@@V?$_Copy@UtagCONNECTDATA@@@ATL@@VCComSingleThreadModel@6@@ATL@@@ATL@@UAGKXZ 10001971 f i FiscalPrinter.obj
 0001:000009ad       ?QueryInterface@?$CComObject@V?$CComEnum@UIEnumConnectionPoints@@$1?_GUID_b196b285_bab4_101a_b69c_00aa00341d07@@3U__s_GUID@@BPAUIConnectionPoint@@V?$_CopyInterface@UIConnectionPoint@@@ATL@@VCComSingleThreadModel@6@@ATL@@@ATL@@UAGJABU_GUID@@PAPAX@Z 100019ad f i FiscalPrinter.obj
 0001:000009c7       ??_G?$CComObject@V?$CComEnum@UIEnumConnectionPoints@@$1?_GUID_b196b285_bab4_101a_b69c_00aa00341d07@@3U__s_GUID@@BPAUIConnectionPoint@@V?$_CopyInterface@UIConnectionPoint@@@ATL@@VCComSingleThreadModel@6@@ATL@@@ATL@@UAEPAXI@Z 100019c7 f i FiscalPrinter.obj
 0001:000009c7       ??_E?$CComObject@V?$CComEnum@UIEnumConnectionPoints@@$1?_GUID_b196b285_bab4_101a_b69c_00aa00341d07@@3U__s_GUID@@BPAUIConnectionPoint@@V?$_CopyInterface@UIConnectionPoint@@@ATL@@VCComSingleThreadModel@6@@ATL@@@ATL@@UAEPAXI@Z 100019c7 f i FiscalPrinter.obj
 0001:000009e9       ?ObjectMain@CComObjectRootBase@ATL@@SGX_N@Z 100019e9 f i FiscalPrinter.obj
 0001:000009e9       ?OnFinalMessage@?$CWindowImplBaseT@VCWindow@ATL@@V?$CWinTraits@$0FGAAAAAA@$0A@@2@@ATL@@UAEXPAUHWND__@@@Z 100019e9 f i FiscalPrinter.obj
 0001:000009ec       ?GetObjectDescription@?$CComCoClass@VCOPOSFiscalPrinter@@$1?CLSID_OPOSFiscalPrinter@@3U_GUID@@B@ATL@@SGPB_WXZ 100019ec f i FiscalPrinter.obj
 0001:000009ec       ?GetCategoryMap@CComObjectRootBase@ATL@@SAPBU_ATL_CATMAP_ENTRY@2@XZ 100019ec f i FiscalPrinter.obj
 0001:000009ef       ?CreateInstance@CComClassFactory@ATL@@UAGJPAUIUnknown@@ABU_GUID@@PAPAX@Z 100019ef f i FiscalPrinter.obj
 0001:00000a2d       ?LockServer@CComClassFactory@ATL@@UAGJH@Z 10001a2d f i FiscalPrinter.obj
 0001:00000a4c       ??_GCComClassFactory@ATL@@UAEPAXI@Z 10001a4c f i FiscalPrinter.obj
 0001:00000a4c       ??_ECComClassFactory@ATL@@UAEPAXI@Z 10001a4c f i FiscalPrinter.obj
 0001:00000a77       ?OnDrawAdvanced@CComControlBase@ATL@@UAEJAAUATL_DRAWINFO@@@Z 10001a77 f i FiscalPrinter.obj
 0001:00000b66       ?AddRef@?$CComObjectCached@VCComClassFactory@ATL@@@ATL@@UAGKXZ 10001b66 f i FiscalPrinter.obj
 0001:00000b8d       ?Release@?$CComObjectCached@VCComClassFactory@ATL@@@ATL@@UAGKXZ 10001b8d f i FiscalPrinter.obj
 0001:00000bc3       ?QueryInterface@?$CComObjectCached@VCComClassFactory@ATL@@@ATL@@UAGJABU_GUID@@PAPAX@Z 10001bc3 f i FiscalPrinter.obj
 0001:00000bdd       ??_E?$CComObjectCached@VCComClassFactory@ATL@@@ATL@@UAEPAXI@Z 10001bdd f i FiscalPrinter.obj
 0001:00000bdd       ??_G?$CComObjectCached@VCComClassFactory@ATL@@@ATL@@UAEPAXI@Z 10001bdd f i FiscalPrinter.obj
 0001:00000bff       ?AddRef@?$CComAggObject@VCOPOSFiscalPrinter@@@ATL@@UAGKXZ 10001bff f i FiscalPrinter.obj
 0001:00000c10       ?Release@?$CComAggObject@VCOPOSFiscalPrinter@@@ATL@@UAGKXZ 10001c10 f i FiscalPrinter.obj
 0001:00000c4c       ?QueryInterface@?$CComAggObject@VCOPOSFiscalPrinter@@@ATL@@UAGJABU_GUID@@PAPAX@Z 10001c4c f i FiscalPrinter.obj
 0001:00000c9b       ?AddRef@?$CComContainedObject@VCOPOSFiscalPrinter@@@ATL@@UAGKXZ 10001c9b f i FiscalPrinter.obj
 0001:00000cb1       ?Release@?$CComContainedObject@VCOPOSFiscalPrinter@@@ATL@@UAGKXZ 10001cb1 f i FiscalPrinter.obj
 0001:00000cc7       ?QueryInterface@?$CComContainedObject@VCOPOSFiscalPrinter@@@ATL@@UAGJABU_GUID@@PAPAX@Z 10001cc7 f i FiscalPrinter.obj
 0001:00000ce2       ??_G?$CComAggObject@VCOPOSFiscalPrinter@@@ATL@@UAEPAXI@Z 10001ce2 f i FiscalPrinter.obj
 0001:00000ce2       ??_E?$CComAggObject@VCOPOSFiscalPrinter@@@ATL@@UAEPAXI@Z 10001ce2 f i FiscalPrinter.obj
 0001:00000d07       ?AddRef@?$CComObject@VCOPOSFiscalPrinter@@@ATL@@UAGKXZ 10001d07 f i FiscalPrinter.obj
 0001:00000d1e       ?Release@?$CComObject@VCOPOSFiscalPrinter@@@ATL@@UAGKXZ 10001d1e f i FiscalPrinter.obj
 0001:00000d60       ?QueryInterface@?$CComObject@VCOPOSFiscalPrinter@@@ATL@@UAGJABU_GUID@@PAPAX@Z 10001d60 f i FiscalPrinter.obj
 0001:00000d7a       ?Lock@CAtlModule@ATL@@UAEJXZ 10001d7a f i FiscalPrinter.obj
 0001:00000d84       ?Unlock@CAtlModule@ATL@@UAEJXZ 10001d84 f i FiscalPrinter.obj
 0001:00000d8e       ?GetLockCount@CAtlModule@ATL@@UAEJXZ 10001d8e f i FiscalPrinter.obj
 0001:00000d92       ?GetGITPtr@CAtlModule@ATL@@UAEJPAPAUIGlobalInterfaceTable@@@Z 10001d92 f i FiscalPrinter.obj
 0001:00000dde       ?AddCommonRGSReplacements@?$CAtlModuleT@VCComModule@ATL@@@ATL@@UAEJPAUIRegistrarBase@@@Z 10001dde f i FiscalPrinter.obj
 0001:00000df8       ?UpdateRegistryFromResourceD@CComModule@ATL@@UAGJIHPAU_ATL_REGMAP_ENTRY@2@@Z 10001df8 f i FiscalPrinter.obj
 0001:00000df8       ?UpdateRegistryFromResourceD@CComModule@ATL@@UAGJPB_WHPAU_ATL_REGMAP_ENTRY@2@@Z 10001df8 f i FiscalPrinter.obj
 0001:00000e00       ?UpdateRegistryFromResource@CComModule@ATL@@UAGJPB_WHPAU_ATL_REGMAP_ENTRY@2@@Z 10001e00 f i FiscalPrinter.obj
 0001:00000e09       ?UpdateRegistryFromResource@CComModule@ATL@@UAGJIHPAU_ATL_REGMAP_ENTRY@2@@Z 10001e09 f i FiscalPrinter.obj
 0001:00000e12       ??_GCComModule@ATL@@UAEPAXI@Z 10001e12 f i FiscalPrinter.obj
 0001:00000e12       ??_ECComModule@ATL@@UAEPAXI@Z 10001e12 f i FiscalPrinter.obj
 0001:00000e3a       ?Next@?$CComEnumImpl@UIEnumConnections@@$1?_GUID_b196b287_bab4_101a_b69c_00aa00341d07@@3U__s_GUID@@BUtagCONNECTDATA@@V?$_Copy@UtagCONNECTDATA@@@ATL@@@ATL@@UAGJKPAUtagCONNECTDATA@@PAK@Z 10001e3a f i FiscalPrinter.obj
 0001:00000f11       ?Skip@?$CComEnumImpl@UIEnumConnections@@$1?_GUID_b196b287_bab4_101a_b69c_00aa00341d07@@3U__s_GUID@@BUtagCONNECTDATA@@V?$_Copy@UtagCONNECTDATA@@@ATL@@@ATL@@UAGJK@Z 10001f11 f i FiscalPrinter.obj
 0001:00000f3e       ?Clone@?$CComEnumImpl@UIEnumConnections@@$1?_GUID_b196b287_bab4_101a_b69c_00aa00341d07@@3U__s_GUID@@BUtagCONNECTDATA@@V?$_Copy@UtagCONNECTDATA@@@ATL@@@ATL@@UAGJPAPAUIEnumConnections@@@Z 10001f3e f i FiscalPrinter.obj
 0001:0000101d       ?QueryInterface@?$CComObject@V?$CComEnum@UIEnumConnections@@$1?_GUID_b196b287_bab4_101a_b69c_00aa00341d07@@3U__s_GUID@@BUtagCONNECTDATA@@V?$_Copy@UtagCONNECTDATA@@@ATL@@VCComSingleThreadModel@6@@ATL@@@ATL@@UAGJABU_GUID@@PAPAX@Z 1000201d f i FiscalPrinter.obj
 0001:00001037       ??_E?$CComObject@V?$CComEnum@UIEnumConnections@@$1?_GUID_b196b287_bab4_101a_b69c_00aa00341d07@@3U__s_GUID@@BUtagCONNECTDATA@@V?$_Copy@UtagCONNECTDATA@@@ATL@@VCComSingleThreadModel@6@@ATL@@@ATL@@UAEPAXI@Z 10002037 f i FiscalPrinter.obj
 0001:00001037       ??_G?$CComObject@V?$CComEnum@UIEnumConnections@@$1?_GUID_b196b287_bab4_101a_b69c_00aa00341d07@@3U__s_GUID@@BUtagCONNECTDATA@@V?$_Copy@UtagCONNECTDATA@@@ATL@@VCComSingleThreadModel@6@@ATL@@@ATL@@UAEPAXI@Z 10002037 f i FiscalPrinter.obj
 0001:00001059       ?GetWindowProc@?$CWindowImplBaseT@VCWindow@ATL@@V?$CWinTraits@$0FGAAAAAA@$0A@@2@@ATL@@UAEP6GJPAUHWND__@@IIJ@ZXZ 10002059 f i FiscalPrinter.obj
 0001:0000105f       ?StartWindowProc@?$CWindowImplBaseT@VCWindow@ATL@@V?$CWinTraits@$0FGAAAAAA@$0A@@2@@ATL@@SGJPAUHWND__@@IIJ@Z 1000205f f i FiscalPrinter.obj
 0001:000010b3       ??_E?$CComObject@VCOPOSFiscalPrinter@@@ATL@@W3AEPAXI@Z 100020b3 f i FiscalPrinter.obj
 0001:000010bb       ??_E?$CComObject@VCOPOSFiscalPrinter@@@ATL@@WEM@AEPAXI@Z 100020bb f i FiscalPrinter.obj
 0001:000010c3       ?QueryInterface@?$CComObject@VCOPOSFiscalPrinter@@@ATL@@WHA@AGJABU_GUID@@PAPAX@Z 100020c3 f i FiscalPrinter.obj
 0001:000010cd       ?AddRef@?$CComObject@VCOPOSFiscalPrinter@@@ATL@@WHA@AGKXZ 100020cd f i FiscalPrinter.obj
 0001:000010d7       ?Release@?$CComObject@VCOPOSFiscalPrinter@@@ATL@@WHA@AGKXZ 100020d7 f i FiscalPrinter.obj
 0001:000010e1       ?QueryInterface@?$CComObject@VCOPOSFiscalPrinter@@@ATL@@WHE@AGJABU_GUID@@PAPAX@Z 100020e1 f i FiscalPrinter.obj
 0001:000010eb       ?AddRef@?$CComObject@VCOPOSFiscalPrinter@@@ATL@@WHE@AGKXZ 100020eb f i FiscalPrinter.obj
 0001:000010f5       ?Release@?$CComObject@VCOPOSFiscalPrinter@@@ATL@@WHE@AGKXZ 100020f5 f i FiscalPrinter.obj
 0001:000010ff       ?QueryInterface@?$CComObject@VCOPOSFiscalPrinter@@@ATL@@WHI@AGJABU_GUID@@PAPAX@Z 100020ff f i FiscalPrinter.obj
 0001:00001109       ?AddRef@?$CComObject@VCOPOSFiscalPrinter@@@ATL@@WHI@AGKXZ 10002109 f i FiscalPrinter.obj
 0001:00001113       ?Release@?$CComObject@VCOPOSFiscalPrinter@@@ATL@@WHI@AGKXZ 10002113 f i FiscalPrinter.obj
 0001:0000111d       ?QueryInterface@?$CComObject@VCOPOSFiscalPrinter@@@ATL@@WHM@AGJABU_GUID@@PAPAX@Z 1000211d f i FiscalPrinter.obj
 0001:00001127       ?AddRef@?$CComObject@VCOPOSFiscalPrinter@@@ATL@@WHM@AGKXZ 10002127 f i FiscalPrinter.obj
 0001:00001131       ?Release@?$CComObject@VCOPOSFiscalPrinter@@@ATL@@WHM@AGKXZ 10002131 f i FiscalPrinter.obj
 0001:0000113b       ?QueryInterface@?$CComObject@VCOPOSFiscalPrinter@@@ATL@@WIA@AGJABU_GUID@@PAPAX@Z 1000213b f i FiscalPrinter.obj
 0001:00001148       ?AddRef@?$CComObject@VCOPOSFiscalPrinter@@@ATL@@WIA@AGKXZ 10002148 f i FiscalPrinter.obj
 0001:00001155       ?Release@?$CComObject@VCOPOSFiscalPrinter@@@ATL@@WIA@AGKXZ 10002155 f i FiscalPrinter.obj
 0001:00001162       ?QueryInterface@?$CComObject@VCOPOSFiscalPrinter@@@ATL@@WIE@AGJABU_GUID@@PAPAX@Z 10002162 f i FiscalPrinter.obj
 0001:0000116f       ?AddRef@?$CComObject@VCOPOSFiscalPrinter@@@ATL@@WIE@AGKXZ 1000216f f i FiscalPrinter.obj
 0001:0000117c       ?Release@?$CComObject@VCOPOSFiscalPrinter@@@ATL@@WIE@AGKXZ 1000217c f i FiscalPrinter.obj
 0001:00001189       ?QueryInterface@?$CComObject@VCOPOSFiscalPrinter@@@ATL@@WII@AGJABU_GUID@@PAPAX@Z 10002189 f i FiscalPrinter.obj
 0001:00001196       ?AddRef@?$CComObject@VCOPOSFiscalPrinter@@@ATL@@WII@AGKXZ 10002196 f i FiscalPrinter.obj
 0001:000011a3       ?Release@?$CComObject@VCOPOSFiscalPrinter@@@ATL@@WII@AGKXZ 100021a3 f i FiscalPrinter.obj
 0001:000011b0       ?QueryInterface@?$CComObject@VCOPOSFiscalPrinter@@@ATL@@WIM@AGJABU_GUID@@PAPAX@Z 100021b0 f i FiscalPrinter.obj
 0001:000011bd       ?AddRef@?$CComObject@VCOPOSFiscalPrinter@@@ATL@@WIM@AGKXZ 100021bd f i FiscalPrinter.obj
 0001:000011ca       ?Release@?$CComObject@VCOPOSFiscalPrinter@@@ATL@@WIM@AGKXZ 100021ca f i FiscalPrinter.obj
 0001:000011d7       ?QueryInterface@?$CComObject@VCOPOSFiscalPrinter@@@ATL@@WJA@AGJABU_GUID@@PAPAX@Z 100021d7 f i FiscalPrinter.obj
 0001:000011e4       ?AddRef@?$CComObject@VCOPOSFiscalPrinter@@@ATL@@WJA@AGKXZ 100021e4 f i FiscalPrinter.obj
 0001:000011f1       ?Release@?$CComObject@VCOPOSFiscalPrinter@@@ATL@@WJA@AGKXZ 100021f1 f i FiscalPrinter.obj
 0001:000011fe       ?QueryInterface@?$CComObject@VCOPOSFiscalPrinter@@@ATL@@WJE@AGJABU_GUID@@PAPAX@Z 100021fe f i FiscalPrinter.obj
 0001:0000120b       ?AddRef@?$CComObject@VCOPOSFiscalPrinter@@@ATL@@WJE@AGKXZ 1000220b f i FiscalPrinter.obj
 0001:00001218       ?Release@?$CComObject@VCOPOSFiscalPrinter@@@ATL@@WJE@AGKXZ 10002218 f i FiscalPrinter.obj
 0001:00001225       ?QueryInterface@?$CComObject@VCOPOSFiscalPrinter@@@ATL@@WJI@AGJABU_GUID@@PAPAX@Z 10002225 f i FiscalPrinter.obj
 0001:00001232       ?AddRef@?$CComObject@VCOPOSFiscalPrinter@@@ATL@@WJI@AGKXZ 10002232 f i FiscalPrinter.obj
 0001:0000123f       ?Release@?$CComObject@VCOPOSFiscalPrinter@@@ATL@@WJI@AGKXZ 1000223f f i FiscalPrinter.obj
 0001:0000124c       ?QueryInterface@?$CComObject@VCOPOSFiscalPrinter@@@ATL@@WJM@AGJABU_GUID@@PAPAX@Z 1000224c f i FiscalPrinter.obj
 0001:00001259       ?AddRef@?$CComObject@VCOPOSFiscalPrinter@@@ATL@@WJM@AGKXZ 10002259 f i FiscalPrinter.obj
 0001:00001266       ?Release@?$CComObject@VCOPOSFiscalPrinter@@@ATL@@WJM@AGKXZ 10002266 f i FiscalPrinter.obj
 0001:00001273       ?QueryInterface@?$CComObject@VCOPOSFiscalPrinter@@@ATL@@WKA@AGJABU_GUID@@PAPAX@Z 10002273 f i FiscalPrinter.obj
 0001:00001280       ?AddRef@?$CComObject@VCOPOSFiscalPrinter@@@ATL@@WKA@AGKXZ 10002280 f i FiscalPrinter.obj
 0001:0000128d       ?Release@?$CComObject@VCOPOSFiscalPrinter@@@ATL@@WKA@AGKXZ 1000228d f i FiscalPrinter.obj
 0001:0000129a       ?AddRef@?$CComObject@VCOPOSFiscalPrinter@@@ATL@@WKI@AGKXZ 1000229a f i FiscalPrinter.obj
 0001:000012a7       ?Release@?$CComObject@VCOPOSFiscalPrinter@@@ATL@@WKI@AGKXZ 100022a7 f i FiscalPrinter.obj
 0001:000012b4       ?AddRef@?$CComObject@VCOPOSFiscalPrinter@@@ATL@@WLE@AGKXZ 100022b4 f i FiscalPrinter.obj
 0001:000012c1       ?Release@?$CComObject@VCOPOSFiscalPrinter@@@ATL@@WLE@AGKXZ 100022c1 f i FiscalPrinter.obj
 0001:000012ce       ??_E?$CComContainedObject@VCOPOSFiscalPrinter@@@ATL@@W3AEPAXI@Z 100022ce f i FiscalPrinter.obj
 0001:000012d6       ??_E?$CComContainedObject@VCOPOSFiscalPrinter@@@ATL@@WEM@AEPAXI@Z 100022d6 f i FiscalPrinter.obj
 0001:000012de       ?QueryInterface@?$CComContainedObject@VCOPOSFiscalPrinter@@@ATL@@WHA@AGJABU_GUID@@PAPAX@Z 100022de f i FiscalPrinter.obj
 0001:000012e8       ?AddRef@?$CComContainedObject@VCOPOSFiscalPrinter@@@ATL@@WHA@AGKXZ 100022e8 f i FiscalPrinter.obj
 0001:000012f2       ?Release@?$CComContainedObject@VCOPOSFiscalPrinter@@@ATL@@WHA@AGKXZ 100022f2 f i FiscalPrinter.obj
 0001:000012fc       ?QueryInterface@?$CComContainedObject@VCOPOSFiscalPrinter@@@ATL@@WHE@AGJABU_GUID@@PAPAX@Z 100022fc f i FiscalPrinter.obj
 0001:00001306       ?AddRef@?$CComContainedObject@VCOPOSFiscalPrinter@@@ATL@@WHE@AGKXZ 10002306 f i FiscalPrinter.obj
 0001:00001310       ?Release@?$CComContainedObject@VCOPOSFiscalPrinter@@@ATL@@WHE@AGKXZ 10002310 f i FiscalPrinter.obj
 0001:0000131a       ?QueryInterface@?$CComContainedObject@VCOPOSFiscalPrinter@@@ATL@@WHI@AGJABU_GUID@@PAPAX@Z 1000231a f i FiscalPrinter.obj
 0001:00001324       ?AddRef@?$CComContainedObject@VCOPOSFiscalPrinter@@@ATL@@WHI@AGKXZ 10002324 f i FiscalPrinter.obj
 0001:0000132e       ?Release@?$CComContainedObject@VCOPOSFiscalPrinter@@@ATL@@WHI@AGKXZ 1000232e f i FiscalPrinter.obj
 0001:00001338       ?QueryInterface@?$CComContainedObject@VCOPOSFiscalPrinter@@@ATL@@WHM@AGJABU_GUID@@PAPAX@Z 10002338 f i FiscalPrinter.obj
 0001:00001342       ?AddRef@?$CComContainedObject@VCOPOSFiscalPrinter@@@ATL@@WHM@AGKXZ 10002342 f i FiscalPrinter.obj
 0001:0000134c       ?Release@?$CComContainedObject@VCOPOSFiscalPrinter@@@ATL@@WHM@AGKXZ 1000234c f i FiscalPrinter.obj
 0001:00001356       ?QueryInterface@?$CComContainedObject@VCOPOSFiscalPrinter@@@ATL@@WIA@AGJABU_GUID@@PAPAX@Z 10002356 f i FiscalPrinter.obj
 0001:00001363       ?AddRef@?$CComContainedObject@VCOPOSFiscalPrinter@@@ATL@@WIA@AGKXZ 10002363 f i FiscalPrinter.obj
 0001:00001370       ?Release@?$CComContainedObject@VCOPOSFiscalPrinter@@@ATL@@WIA@AGKXZ 10002370 f i FiscalPrinter.obj
 0001:0000137d       ?QueryInterface@?$CComContainedObject@VCOPOSFiscalPrinter@@@ATL@@WIE@AGJABU_GUID@@PAPAX@Z 1000237d f i FiscalPrinter.obj
 0001:0000138a       ?AddRef@?$CComContainedObject@VCOPOSFiscalPrinter@@@ATL@@WIE@AGKXZ 1000238a f i FiscalPrinter.obj
 0001:00001397       ?Release@?$CComContainedObject@VCOPOSFiscalPrinter@@@ATL@@WIE@AGKXZ 10002397 f i FiscalPrinter.obj
 0001:000013a4       ?QueryInterface@?$CComContainedObject@VCOPOSFiscalPrinter@@@ATL@@WII@AGJABU_GUID@@PAPAX@Z 100023a4 f i FiscalPrinter.obj
 0001:000013b1       ?AddRef@?$CComContainedObject@VCOPOSFiscalPrinter@@@ATL@@WII@AGKXZ 100023b1 f i FiscalPrinter.obj
 0001:000013be       ?Release@?$CComContainedObject@VCOPOSFiscalPrinter@@@ATL@@WII@AGKXZ 100023be f i FiscalPrinter.obj
 0001:000013cb       ?QueryInterface@?$CComContainedObject@VCOPOSFiscalPrinter@@@ATL@@WIM@AGJABU_GUID@@PAPAX@Z 100023cb f i FiscalPrinter.obj
 0001:000013d8       ?AddRef@?$CComContainedObject@VCOPOSFiscalPrinter@@@ATL@@WIM@AGKXZ 100023d8 f i FiscalPrinter.obj
 0001:000013e5       ?Release@?$CComContainedObject@VCOPOSFiscalPrinter@@@ATL@@WIM@AGKXZ 100023e5 f i FiscalPrinter.obj
 0001:000013f2       ?QueryInterface@?$CComContainedObject@VCOPOSFiscalPrinter@@@ATL@@WJA@AGJABU_GUID@@PAPAX@Z 100023f2 f i FiscalPrinter.obj
 0001:000013ff       ?AddRef@?$CComContainedObject@VCOPOSFiscalPrinter@@@ATL@@WJA@AGKXZ 100023ff f i FiscalPrinter.obj
 0001:0000140c       ?Release@?$CComContainedObject@VCOPOSFiscalPrinter@@@ATL@@WJA@AGKXZ 1000240c f i FiscalPrinter.obj
 0001:00001419       ?QueryInterface@?$CComContainedObject@VCOPOSFiscalPrinter@@@ATL@@WJE@AGJABU_GUID@@PAPAX@Z 10002419 f i FiscalPrinter.obj
 0001:00001426       ?AddRef@?$CComContainedObject@VCOPOSFiscalPrinter@@@ATL@@WJE@AGKXZ 10002426 f i FiscalPrinter.obj
 0001:00001433       ?Release@?$CComContainedObject@VCOPOSFiscalPrinter@@@ATL@@WJE@AGKXZ 10002433 f i FiscalPrinter.obj
 0001:00001440       ?QueryInterface@?$CComContainedObject@VCOPOSFiscalPrinter@@@ATL@@WJI@AGJABU_GUID@@PAPAX@Z 10002440 f i FiscalPrinter.obj
 0001:0000144d       ?AddRef@?$CComContainedObject@VCOPOSFiscalPrinter@@@ATL@@WJI@AGKXZ 1000244d f i FiscalPrinter.obj
 0001:0000145a       ?Release@?$CComContainedObject@VCOPOSFiscalPrinter@@@ATL@@WJI@AGKXZ 1000245a f i FiscalPrinter.obj
 0001:00001467       ?QueryInterface@?$CComContainedObject@VCOPOSFiscalPrinter@@@ATL@@WJM@AGJABU_GUID@@PAPAX@Z 10002467 f i FiscalPrinter.obj
 0001:00001474       ?AddRef@?$CComContainedObject@VCOPOSFiscalPrinter@@@ATL@@WJM@AGKXZ 10002474 f i FiscalPrinter.obj
 0001:00001481       ?Release@?$CComContainedObject@VCOPOSFiscalPrinter@@@ATL@@WJM@AGKXZ 10002481 f i FiscalPrinter.obj
 0001:0000148e       ?QueryInterface@?$CComContainedObject@VCOPOSFiscalPrinter@@@ATL@@WKA@AGJABU_GUID@@PAPAX@Z 1000248e f i FiscalPrinter.obj
 0001:0000149b       ?AddRef@?$CComContainedObject@VCOPOSFiscalPrinter@@@ATL@@WKA@AGKXZ 1000249b f i FiscalPrinter.obj
 0001:000014a8       ?Release@?$CComContainedObject@VCOPOSFiscalPrinter@@@ATL@@WKA@AGKXZ 100024a8 f i FiscalPrinter.obj
 0001:000014b5       ?AddRef@?$CComContainedObject@VCOPOSFiscalPrinter@@@ATL@@WKI@AGKXZ 100024b5 f i FiscalPrinter.obj
 0001:000014c2       ?Release@?$CComContainedObject@VCOPOSFiscalPrinter@@@ATL@@WKI@AGKXZ 100024c2 f i FiscalPrinter.obj
 0001:000014cf       ?AddRef@?$CComContainedObject@VCOPOSFiscalPrinter@@@ATL@@WLE@AGKXZ 100024cf f i FiscalPrinter.obj
 0001:000014dc       ?Release@?$CComContainedObject@VCOPOSFiscalPrinter@@@ATL@@WLE@AGKXZ 100024dc f i FiscalPrinter.obj
 0001:000014e9       ?EnumFormatEtc@?$IDataObjectImpl@VCOPOSFiscalPrinter@@@ATL@@UAGJKPAPAUIEnumFORMATETC@@@Z 100024e9 f i FiscalPrinter.obj
 0001:000014e9       ?QueryInterface@CRegObject@ATL@@UAGJABU_GUID@@PAPAX@Z 100024e9 f i FiscalPrinter.obj
 0001:000014e9       ?GetCanonicalFormatEtc@?$IDataObjectImpl@VCOPOSFiscalPrinter@@@ATL@@UAGJPAUtagFORMATETC@@0@Z 100024e9 f i FiscalPrinter.obj
 0001:000014e9       ?GetDataHere@?$IDataObjectImpl@VCOPOSFiscalPrinter@@@ATL@@UAGJPAUtagFORMATETC@@PAUtagSTGMEDIUM@@@Z 100024e9 f i FiscalPrinter.obj
 0001:000014e9       ?GetRect@?$IViewObjectExImpl@VCOPOSFiscalPrinter@@@ATL@@UAGJKPAU_RECTL@@@Z 100024e9 f i FiscalPrinter.obj
 0001:000014e9       ?SetMoniker@?$IOleObjectImpl@VCOPOSFiscalPrinter@@@ATL@@UAGJKPAUIMoniker@@@Z 100024e9 f i FiscalPrinter.obj
 0001:000014e9       ?GetClipboardData@?$IOleObjectImpl@VCOPOSFiscalPrinter@@@ATL@@UAGJKPAPAUIDataObject@@@Z 100024e9 f i FiscalPrinter.obj
 0001:000014f1       ?AddRef@CRegObject@ATL@@UAGKXZ 100024f1 f i FiscalPrinter.obj
 0001:000014f7       ?Release@CRegObject@ATL@@UAGKXZ 100024f7 f i FiscalPrinter.obj
 0001:000014f7       ?IsUpToDate@?$IOleObjectImpl@VCOPOSFiscalPrinter@@@ATL@@UAGJXZ 100024f7 f i FiscalPrinter.obj
 0001:000014f7       ?Update@?$IOleObjectImpl@VCOPOSFiscalPrinter@@@ATL@@UAGJXZ 100024f7 f i FiscalPrinter.obj
 0001:000014f7       ?HandsOffStorage@?$IPersistStorageImpl@VCOPOSFiscalPrinter@@@ATL@@UAGJXZ 100024f7 f i FiscalPrinter.obj
 0001:000014fc       ?AddReplacement@CRegObject@ATL@@UAGJPB_W0@Z 100024fc f i FiscalPrinter.obj
 0001:00001535       ?ClearReplacements@CRegObject@ATL@@UAGJXZ 10002535 f i FiscalPrinter.obj
 0001:00001547       ??_GCRegObject@ATL@@UAEPAXI@Z 10002547 f i FiscalPrinter.obj
 0001:00001547       ??_ECRegObject@ATL@@UAEPAXI@Z 10002547 f i FiscalPrinter.obj
 0001:00001569       ?GetTypeInfoCount@?$IDispatchImpl@UIOPOSFiscalPrinter@@$1?IID_IOPOSFiscalPrinter@@3U_GUID@@B$1?LIBID_OposFiscalPrinter_CCO@@3U3@B$00$0A@VCComTypeInfoHolder@ATL@@@ATL@@UAGJPAI@Z 10002569 f i FiscalPrinter.obj
 0001:00001586       ?GetTypeInfo@?$IDispatchImpl@UIOPOSFiscalPrinter@@$1?IID_IOPOSFiscalPrinter@@3U_GUID@@B$1?LIBID_OposFiscalPrinter_CCO@@3U3@B$00$0A@VCComTypeInfoHolder@ATL@@@ATL@@UAGJIKPAPAUITypeInfo@@@Z 10002586 f i FiscalPrinter.obj
 0001:000015aa       ?GetIDsOfNames@?$IDispatchImpl@UIOPOSFiscalPrinter@@$1?IID_IOPOSFiscalPrinter@@3U_GUID@@B$1?LIBID_OposFiscalPrinter_CCO@@3U3@B$00$0A@VCComTypeInfoHolder@ATL@@@ATL@@UAGJABU_GUID@@PAPA_WIKPAJ@Z 100025aa f i FiscalPrinter.obj
 0001:000015ca       ?Invoke@?$IDispatchImpl@UIOPOSFiscalPrinter@@$1?IID_IOPOSFiscalPrinter@@3U_GUID@@B$1?LIBID_OposFiscalPrinter_CCO@@3U3@B$00$0A@VCComTypeInfoHolder@ATL@@@ATL@@UAGJJABU_GUID@@KGPAUtagDISPPARAMS@@PAUtagVARIANT@@PAUtagEXCEPINFO@@PAI@Z 100025ca f i FiscalPrinter.obj
 0001:000015d8       ?CreateControlWindow@?$CComControl@VCOPOSFiscalPrinter@@V?$CWindowImpl@VCOPOSFiscalPrinter@@VCWindow@ATL@@V?$CWinTraits@$0FGAAAAAA@$0A@@3@@ATL@@@ATL@@UAEPAUHWND__@@PAU3@AAUtagRECT@@@Z 100025d8 f i FiscalPrinter.obj
 0001:00001607       ?ControlQueryInterface@?$CComControl@VCOPOSFiscalPrinter@@V?$CWindowImpl@VCOPOSFiscalPrinter@@VCWindow@ATL@@V?$CWinTraits@$0FGAAAAAA@$0A@@3@@ATL@@@ATL@@UAEJABU_GUID@@PAPAX@Z 10002607 f i FiscalPrinter.obj
 0001:00001622       ?GetClassID@?$IPersistStreamInitImpl@VCOPOSFiscalPrinter@@@ATL@@UAGJPAU_GUID@@@Z 10002622 f i FiscalPrinter.obj
 0001:00001622       ?GetUserClassID@?$IOleObjectImpl@VCOPOSFiscalPrinter@@@ATL@@UAGJPAU_GUID@@@Z 10002622 f i FiscalPrinter.obj
 0001:00001622       ?GetClassID@?$IPersistStorageImpl@VCOPOSFiscalPrinter@@@ATL@@UAGJPAU_GUID@@@Z 10002622 f i FiscalPrinter.obj
 0001:00001646       ?IsDirty@?$IPersistStreamInitImpl@VCOPOSFiscalPrinter@@@ATL@@UAGJXZ 10002646 f i FiscalPrinter.obj
 0001:00001665       ?Load@?$IPersistStreamInitImpl@VCOPOSFiscalPrinter@@@ATL@@UAGJPAUIStream@@@Z 10002665 f i FiscalPrinter.obj
 0001:00001684       ?Save@?$IPersistStreamInitImpl@VCOPOSFiscalPrinter@@@ATL@@UAGJPAUIStream@@H@Z 10002684 f i FiscalPrinter.obj
 0001:000016a6       ?GetSizeMax@?$IPersistStreamInitImpl@VCOPOSFiscalPrinter@@@ATL@@UAGJPAT_ULARGE_INTEGER@@@Z 100026a6 f i FiscalPrinter.obj
 0001:0000185b       ?InitNew@?$IPersistStreamInitImpl@VCOPOSFiscalPrinter@@@ATL@@UAGJXZ 1000285b f i FiscalPrinter.obj
 0001:00001878       ?ContextSensitiveHelp@?$IOleInPlaceActiveObjectImpl@VCOPOSFiscalPrinter@@@ATL@@UAGJH@Z 10002878 f i FiscalPrinter.obj
 0001:00001878       ?Unfreeze@?$IViewObjectExImpl@VCOPOSFiscalPrinter@@@ATL@@UAGJK@Z 10002878 f i FiscalPrinter.obj
 0001:00001878       ?OnMnemonic@?$IOleControlImpl@VCOPOSFiscalPrinter@@@ATL@@UAGJPAUtagMSG@@@Z 10002878 f i FiscalPrinter.obj
 0001:00001878       ?GetControlInfo@?$IOleControlImpl@VCOPOSFiscalPrinter@@@ATL@@UAGJPAUtagCONTROLINFO@@@Z 10002878 f i FiscalPrinter.obj
 0001:00001878       ?QueryGetData@?$IDataObjectImpl@VCOPOSFiscalPrinter@@@ATL@@UAGJPAUtagFORMATETC@@@Z 10002878 f i FiscalPrinter.obj
 0001:00001878       ?SODataDummy@COPOSFiscalPrinter@@MAGJJ@Z 10002878 f i FiscalPrinter.obj
 0001:00001878       ?SetColorScheme@?$IOleObjectImpl@VCOPOSFiscalPrinter@@@ATL@@UAGJPAUtagLOGPALETTE@@@Z 10002878 f i FiscalPrinter.obj
 0001:00001878       ?ContextSensitiveHelp@?$IOleInPlaceObjectWindowlessImpl@VCOPOSFiscalPrinter@@@ATL@@UAGJH@Z 10002878 f i FiscalPrinter.obj
 0001:00001878       ?GetDropTarget@?$IOleInPlaceObjectWindowlessImpl@VCOPOSFiscalPrinter@@@ATL@@UAGJPAPAUIDropTarget@@@Z 10002878 f i FiscalPrinter.obj
 0001:00001880       ?OnFrameWindowActivate@?$IOleInPlaceActiveObjectImpl@VCOPOSFiscalPrinter@@@ATL@@UAGJH@Z 10002880 f i FiscalPrinter.obj
 0001:00001880       ?OnAmbientPropertyChange@?$IOleControlImpl@VCOPOSFiscalPrinter@@@ATL@@UAGJJ@Z 10002880 f i FiscalPrinter.obj
 0001:00001880       ?EnableModeless@?$IOleInPlaceActiveObjectImpl@VCOPOSFiscalPrinter@@@ATL@@UAGJH@Z 10002880 f i FiscalPrinter.obj
 0001:00001880       ?SaveCompleted@?$IPersistStorageImpl@VCOPOSFiscalPrinter@@@ATL@@UAGJPAUIStorage@@@Z 10002880 f i FiscalPrinter.obj
 0001:00001885       ?SetClientSite@?$IOleObjectImpl@VCOPOSFiscalPrinter@@@ATL@@UAGJPAUIOleClientSite@@@Z 10002885 f i FiscalPrinter.obj
 0001:000018a2       ?GetClientSite@?$IOleObjectImpl@VCOPOSFiscalPrinter@@@ATL@@UAGJPAPAUIOleClientSite@@@Z 100028a2 f i FiscalPrinter.obj
 0001:000018bf       ?SetHostNames@?$IOleObjectImpl@VCOPOSFiscalPrinter@@@ATL@@UAGJPB_W0@Z 100028bf f i FiscalPrinter.obj
 0001:000018c4       ?Close@?$IOleObjectImpl@VCOPOSFiscalPrinter@@@ATL@@UAGJK@Z 100028c4 f i FiscalPrinter.obj
 0001:000018e1       ?InitFromData@?$IOleObjectImpl@VCOPOSFiscalPrinter@@@ATL@@UAGJPAUIDataObject@@HK@Z 100028e1 f i FiscalPrinter.obj
 0001:000018e1       ?GetMoniker@?$IOleObjectImpl@VCOPOSFiscalPrinter@@@ATL@@UAGJKKPAPAUIMoniker@@@Z 100028e1 f i FiscalPrinter.obj
 0001:000018e1       ?SetData@?$IDataObjectImpl@VCOPOSFiscalPrinter@@@ATL@@UAGJPAUtagFORMATETC@@PAUtagSTGMEDIUM@@H@Z 100028e1 f i FiscalPrinter.obj
 0001:000018e9       ?DoVerb@?$IOleObjectImpl@VCOPOSFiscalPrinter@@@ATL@@UAGJJPAUtagMSG@@PAUIOleClientSite@@JPAUHWND__@@PBUtagRECT@@@Z 100028e9 f i FiscalPrinter.obj
 0001:00001a01       ?EnumVerbs@?$IOleObjectImpl@VCOPOSFiscalPrinter@@@ATL@@UAGJPAPAUIEnumOLEVERB@@@Z 10002a01 f i FiscalPrinter.obj
 0001:00001a23       ?GetUserType@?$IOleObjectImpl@VCOPOSFiscalPrinter@@@ATL@@UAGJKPAPA_W@Z 10002a23 f i FiscalPrinter.obj
 0001:00001a3b       ?SetExtent@?$IOleObjectImpl@VCOPOSFiscalPrinter@@@ATL@@UAGJKPAUtagSIZE@@@Z 10002a3b f i FiscalPrinter.obj
 0001:00001a5b       ?GetExtent@?$IOleObjectImpl@VCOPOSFiscalPrinter@@@ATL@@UAGJKPAUtagSIZE@@@Z 10002a5b f i FiscalPrinter.obj
 0001:00001a99       ?Advise@?$IOleObjectImpl@VCOPOSFiscalPrinter@@@ATL@@UAGJPAUIAdviseSink@@PAK@Z 10002a99 f i FiscalPrinter.obj
 0001:00001ab9       ?Unadvise@?$IOleObjectImpl@VCOPOSFiscalPrinter@@@ATL@@UAGJK@Z 10002ab9 f i FiscalPrinter.obj
 0001:00001ae8       ?EnumAdvise@?$IOleObjectImpl@VCOPOSFiscalPrinter@@@ATL@@UAGJPAPAUIEnumSTATDATA@@@Z 10002ae8 f i FiscalPrinter.obj
 0001:00001b28       ?GetMiscStatus@?$IOleObjectImpl@VCOPOSFiscalPrinter@@@ATL@@UAGJKPAK@Z 10002b28 f i FiscalPrinter.obj
 0001:00001b40       ?GetWindow@?$IOleInPlaceActiveObjectImpl@VCOPOSFiscalPrinter@@@ATL@@UAGJPAPAUHWND__@@@Z 10002b40 f i FiscalPrinter.obj
 0001:00001b8d       ?TranslateAcceleratorW@?$IOleInPlaceActiveObjectImpl@VCOPOSFiscalPrinter@@@ATL@@UAGJPAUtagMSG@@@Z 10002b8d f i FiscalPrinter.obj
 0001:00001c2b       ?OnDocWindowActivate@?$IOleInPlaceActiveObjectImpl@VCOPOSFiscalPrinter@@@ATL@@UAGJH@Z 10002c2b f i FiscalPrinter.obj
 0001:00001c4d       ?ResizeBorder@?$IOleInPlaceActiveObjectImpl@VCOPOSFiscalPrinter@@@ATL@@UAGJPBUtagRECT@@PAUIOleInPlaceUIWindow@@H@Z 10002c4d f i FiscalPrinter.obj
 0001:00001c52       ?Draw@?$IViewObjectExImpl@VCOPOSFiscalPrinter@@@ATL@@UAGJKJPAXPAUtagDVTARGETDEVICE@@PAUHDC__@@2PBU_RECTL@@3P6GHK@ZK@Z 10002c52 f i FiscalPrinter.obj
 0001:00001c84       ?GetColorSet@?$IViewObjectExImpl@VCOPOSFiscalPrinter@@@ATL@@UAGJKJPAXPAUtagDVTARGETDEVICE@@PAUHDC__@@PAPAUtagLOGPALETTE@@@Z 10002c84 f i FiscalPrinter.obj
 0001:00001c8c       ?Freeze@?$IViewObjectExImpl@VCOPOSFiscalPrinter@@@ATL@@UAGJKJPAXPAK@Z 10002c8c f i FiscalPrinter.obj
 0001:00001c94       ?SetAdvise@?$IViewObjectExImpl@VCOPOSFiscalPrinter@@@ATL@@UAGJKKPAUIAdviseSink@@@Z 10002c94 f i FiscalPrinter.obj
 0001:00001cb3       ?GetAdvise@?$IViewObjectExImpl@VCOPOSFiscalPrinter@@@ATL@@UAGJPAK0PAPAUIAdviseSink@@@Z 10002cb3 f i FiscalPrinter.obj
 0001:00001ce8       ?GetExtent@?$IViewObjectExImpl@VCOPOSFiscalPrinter@@@ATL@@UAGJKJPAUtagDVTARGETDEVICE@@PAUtagSIZE@@@Z 10002ce8 f i FiscalPrinter.obj
 0001:00001d19       ?GetViewStatus@?$IViewObjectExImpl@VCOPOSFiscalPrinter@@@ATL@@UAGJPAK@Z 10002d19 f i FiscalPrinter.obj
 0001:00001d36       ?QueryHitPoint@?$IViewObjectExImpl@VCOPOSFiscalPrinter@@@ATL@@UAGJKPBUtagRECT@@UtagPOINT@@JPAK@Z 10002d36 f i FiscalPrinter.obj
 0001:00001d77       ?QueryHitRect@?$IViewObjectExImpl@VCOPOSFiscalPrinter@@@ATL@@UAGJKPBUtagRECT@@0JPAK@Z 10002d77 f i FiscalPrinter.obj
 0001:00001dd2       ?GetNaturalExtent@?$IViewObjectExImpl@VCOPOSFiscalPrinter@@@ATL@@UAGJKJPAUtagDVTARGETDEVICE@@PAUHDC__@@PAUtagExtentInfo@@PAUtagSIZE@@@Z 10002dd2 f i FiscalPrinter.obj
 0001:00001e1d       ?GetWindow@?$IOleInPlaceObjectWindowlessImpl@VCOPOSFiscalPrinter@@@ATL@@UAGJPAPAUHWND__@@@Z 10002e1d f i FiscalPrinter.obj
 0001:00001e6a       ?InPlaceDeactivate@?$IOleInPlaceObjectWindowlessImpl@VCOPOSFiscalPrinter@@@ATL@@UAGJXZ 10002e6a f i FiscalPrinter.obj
 0001:00001e84       ?UIDeactivate@?$IOleInPlaceObjectWindowlessImpl@VCOPOSFiscalPrinter@@@ATL@@UAGJXZ 10002e84 f i FiscalPrinter.obj
 0001:00001e9e       ?SetObjectRects@?$IOleInPlaceObjectWindowlessImpl@VCOPOSFiscalPrinter@@@ATL@@UAGJPBUtagRECT@@0@Z 10002e9e f i FiscalPrinter.obj
 0001:00001ebe       ?ReactivateAndUndo@?$IOleInPlaceObjectWindowlessImpl@VCOPOSFiscalPrinter@@@ATL@@UAGJXZ 10002ebe f i FiscalPrinter.obj
 0001:00001ec6       ?OnWindowMessage@?$IOleInPlaceObjectWindowlessImpl@VCOPOSFiscalPrinter@@@ATL@@UAGJIIJPAJ@Z 10002ec6 f i FiscalPrinter.obj
 0001:00001f36       ?EnumConnectionPoints@?$IConnectionPointContainerImpl@VCOPOSFiscalPrinter@@@ATL@@UAGJPAPAUIEnumConnectionPoints@@@Z 10002f36 f i FiscalPrinter.obj
 0001:000020b0       ?FindConnectionPoint@?$IConnectionPointContainerImpl@VCOPOSFiscalPrinter@@@ATL@@UAGJABU_GUID@@PAPAUIConnectionPoint@@@Z 100030b0 f i FiscalPrinter.obj
 0001:00002153       ?IsDirty@?$IPersistStorageImpl@VCOPOSFiscalPrinter@@@ATL@@UAGJXZ 10003153 f i FiscalPrinter.obj
 0001:00002187       ?InitNew@?$IPersistStorageImpl@VCOPOSFiscalPrinter@@@ATL@@UAGJPAUIStorage@@@Z 10003187 f i FiscalPrinter.obj
 0001:000021bb       ?Load@?$IPersistStorageImpl@VCOPOSFiscalPrinter@@@ATL@@UAGJPAUIStorage@@@Z 100031bb f i FiscalPrinter.obj
 0001:00002227       ?Save@?$IPersistStorageImpl@VCOPOSFiscalPrinter@@@ATL@@UAGJPAUIStorage@@H@Z 10003227 f i FiscalPrinter.obj
 0001:0000229a       ?GetPages@?$ISpecifyPropertyPagesImpl@VCOPOSFiscalPrinter@@@ATL@@UAGJPAUtagCAUUID@@@Z 1000329a f i FiscalPrinter.obj
 0001:000022b1       ?QuickActivate@?$IQuickActivateImpl@VCOPOSFiscalPrinter@@@ATL@@UAGJPAUtagQACONTAINER@@PAUtagQACONTROL@@@Z 100032b1 f i FiscalPrinter.obj
 0001:000022d4       ?SetContentExtent@?$IQuickActivateImpl@VCOPOSFiscalPrinter@@@ATL@@UAGJPAUtagSIZE@@@Z 100032d4 f i FiscalPrinter.obj
 0001:00002300       ?GetContentExtent@?$IQuickActivateImpl@VCOPOSFiscalPrinter@@@ATL@@UAGJPAUtagSIZE@@@Z 10003300 f i FiscalPrinter.obj
 0001:00002320       ?GetData@?$IDataObjectImpl@VCOPOSFiscalPrinter@@@ATL@@UAGJPAUtagFORMATETC@@PAUtagSTGMEDIUM@@@Z 10003320 f i FiscalPrinter.obj
 0001:00002343       ?DAdvise@?$IDataObjectImpl@VCOPOSFiscalPrinter@@@ATL@@UAGJPAUtagFORMATETC@@KPAUIAdviseSink@@PAK@Z 10003343 f i FiscalPrinter.obj
 0001:00002384       ?DUnadvise@?$IDataObjectImpl@VCOPOSFiscalPrinter@@@ATL@@UAGJK@Z 10003384 f i FiscalPrinter.obj
 0001:000023b2       ?EnumDAdvise@?$IDataObjectImpl@VCOPOSFiscalPrinter@@@ATL@@UAGJPAPAUIEnumSTATDATA@@@Z 100033b2 f i FiscalPrinter.obj
 0001:000023f1       ?GetClassInfoW@?$IProvideClassInfo2Impl@$1?CLSID_OPOSFiscalPrinter@@3U_GUID@@B$1?DIID__IOPOSFiscalPrinterEvents@@3U2@B$1?LIBID_OposFiscalPrinter_CCO@@3U2@B$00$0A@VCComTypeInfoHolder@ATL@@@ATL@@UAGJPAPAUITypeInfo@@@Z 100033f1 f i FiscalPrinter.obj
 0001:00002407       ?GetGUID@?$IProvideClassInfo2Impl@$1?CLSID_OPOSFiscalPrinter@@3U_GUID@@B$1?DIID__IOPOSFiscalPrinterEvents@@3U2@B$1?LIBID_OposFiscalPrinter_CCO@@3U2@B$00$0A@VCComTypeInfoHolder@ATL@@@ATL@@UAGJKPAU_GUID@@@Z 10003407 f i FiscalPrinter.obj
 0001:00002445       __get_startup_argv_mode    10003445 f i LIBCMT:argv_mode.obj
 0001:00002445       ?FAccessAllowed@?$IObjectSafetyImpl@VCOPOSFiscalPrinter@@$02@ATL@@MAEHXZ 10003445 f i FiscalPrinter.obj
 0001:00002449       ?GetInterfaceSafetyOptions@?$IObjectSafetyImpl@VCOPOSFiscalPrinter@@$02@ATL@@UAGJABU_GUID@@PAK1@Z 10003449 f i FiscalPrinter.obj
 0001:000024bd       ?SetInterfaceSafetyOptions@?$IObjectSafetyImpl@VCOPOSFiscalPrinter@@$02@ATL@@UAGJABU_GUID@@KK@Z 100034bd f i FiscalPrinter.obj
 0001:00002537       ?_LocCPQueryInterface@?$IConnectionPointImpl@VCOPOSFiscalPrinter@@$1?DIID__IOPOSFiscalPrinterEvents@@3U_GUID@@BVCComDynamicUnkArray@ATL@@@ATL@@UAGJABU_GUID@@PAPAX@Z 10003537 f i FiscalPrinter.obj
 0001:00002537       ?_LocCPQueryInterface@?$IConnectionPointImpl@VCOPOSFiscalPrinter@@$1?IID_IPropertyNotifySink@@3U_GUID@@BVCComDynamicUnkArray@ATL@@@ATL@@UAGJABU_GUID@@PAPAX@Z 10003537 f i FiscalPrinter.obj
 0001:00002584       ?GetConnectionInterface@?$IConnectionPointImpl@VCOPOSFiscalPrinter@@$1?IID_IPropertyNotifySink@@3U_GUID@@BVCComDynamicUnkArray@ATL@@@ATL@@UAGJPAU_GUID@@@Z 10003584 f i FiscalPrinter.obj
 0001:000025a8       ?GetConnectionPointContainer@?$IConnectionPointImpl@VCOPOSFiscalPrinter@@$1?IID_IPropertyNotifySink@@3U_GUID@@BVCComDynamicUnkArray@ATL@@@ATL@@UAGJPAPAUIConnectionPointContainer@@@Z 100035a8 f i FiscalPrinter.obj
 0001:000025cb       ?Advise@?$IConnectionPointImpl@VCOPOSFiscalPrinter@@$1?DIID__IOPOSFiscalPrinterEvents@@3U_GUID@@BVCComDynamicUnkArray@ATL@@@ATL@@UAGJPAUIUnknown@@PAK@Z 100035cb f i FiscalPrinter.obj
 0001:000025cb       ?Advise@?$IConnectionPointImpl@VCOPOSFiscalPrinter@@$1?IID_IPropertyNotifySink@@3U_GUID@@BVCComDynamicUnkArray@ATL@@@ATL@@UAGJPAUIUnknown@@PAK@Z 100035cb f i FiscalPrinter.obj
 0001:0000266c       ?Unadvise@?$IConnectionPointImpl@VCOPOSFiscalPrinter@@$1?IID_IPropertyNotifySink@@3U_GUID@@BVCComDynamicUnkArray@ATL@@@ATL@@UAGJK@Z 1000366c f i FiscalPrinter.obj
 0001:0000266c       ?Unadvise@?$IConnectionPointImpl@VCOPOSFiscalPrinter@@$1?DIID__IOPOSFiscalPrinterEvents@@3U_GUID@@BVCComDynamicUnkArray@ATL@@@ATL@@UAGJK@Z 1000366c f i FiscalPrinter.obj
 0001:000026ac       ?EnumConnections@?$IConnectionPointImpl@VCOPOSFiscalPrinter@@$1?IID_IPropertyNotifySink@@3U_GUID@@BVCComDynamicUnkArray@ATL@@@ATL@@UAGJPAPAUIEnumConnections@@@Z 100036ac f i FiscalPrinter.obj
 0001:000026ac       ?EnumConnections@?$IConnectionPointImpl@VCOPOSFiscalPrinter@@$1?DIID__IOPOSFiscalPrinterEvents@@3U_GUID@@BVCComDynamicUnkArray@ATL@@@ATL@@UAGJPAPAUIEnumConnections@@@Z 100036ac f i FiscalPrinter.obj
 0001:000027b2       ?GetConnectionInterface@?$IConnectionPointImpl@VCOPOSFiscalPrinter@@$1?DIID__IOPOSFiscalPrinterEvents@@3U_GUID@@BVCComDynamicUnkArray@ATL@@@ATL@@UAGJPAU_GUID@@@Z 100037b2 f i FiscalPrinter.obj
 0001:000027d6       ?GetConnectionPointContainer@?$IConnectionPointImpl@VCOPOSFiscalPrinter@@$1?DIID__IOPOSFiscalPrinterEvents@@3U_GUID@@BVCComDynamicUnkArray@ATL@@@ATL@@UAGJPAPAUIConnectionPointContainer@@@Z 100037d6 f i FiscalPrinter.obj
 0001:000027f9       ?UpdateRegistry@COPOSFiscalPrinter@@SGJH@Z 100037f9 f i FiscalPrinter.obj
 0001:00002811       ?ProcessWindowMessage@COPOSFiscalPrinter@@UAEHPAUHWND__@@IIJAAJK@Z 10003811 f i FiscalPrinter.obj
 0001:0000285a       ?SODirectIO@COPOSFiscalPrinter@@MAGJJPAJPAPA_W@Z 1000385a f i FiscalPrinter.obj
 0001:000028a3       ?SOError@COPOSFiscalPrinter@@MAGJJJJPAJ@Z 100038a3 f i FiscalPrinter.obj
 0001:000028f8       ?SOOutputComplete@COPOSFiscalPrinter@@MAGJJ@Z 100038f8 f i FiscalPrinter.obj
 0001:00002931       ?SOStatusUpdate@COPOSFiscalPrinter@@MAGJJ@Z 10003931 f i FiscalPrinter.obj
 0001:0000296a       ??$?4UITypeInfo2@@@?$CComPtr@UITypeInfo@@@ATL@@QAEPAUITypeInfo@@ABV?$CComPtr@UITypeInfo2@@@1@@Z 1000396a f i FiscalPrinter.obj
 0001:00002997       ??$AtlAdd@K@ATL@@YAJPAKKK@Z 10003997 f i FiscalPrinter.obj
 0001:000029ba       ??$AtlAdd@_K@ATL@@YAJPA_K_K1@Z 100039ba f i FiscalPrinter.obj
 0001:000029f2       ??$AtlAddThrow@K@ATL@@YAKKK@Z 100039f2 f i FiscalPrinter.obj
 0001:00002a18       ??$AtlModuleRegisterWndClassInfoT@VAtlModuleRegisterWndClassInfoParamW@ATL@@@ATL@@YAGPAU_ATL_BASE_MODULE70@0@PAU_ATL_WIN_MODULE70@0@PAU_ATL_WNDCLASSINFOW@0@PAP6GJPAUHWND__@@IIJ@ZVAtlModuleRegisterWndClassInfoParamW@0@@Z 10003a18 f i FiscalPrinter.obj
 0001:00002b66       ??$AtlMultiply@H@ATL@@YAJPAHHH@Z 10003b66 f i FiscalPrinter.obj
 0001:00002b9e       ??$AtlMultiply@K@ATL@@YAJPAKKK@Z 10003b9e f i FiscalPrinter.obj
 0001:00002b9e       ??$AtlMultiply@I@ATL@@YAJPAIII@Z 10003b9e f i FiscalPrinter.obj
 0001:00002bc0       ??$AtlMultiplyThrow@I@ATL@@YAIII@Z 10003bc0 f i FiscalPrinter.obj
 0001:00002be6       ??0?$CComAggObject@VCOPOSFiscalPrinter@@@ATL@@QAE@PAX@Z 10003be6 f i FiscalPrinter.obj
 0001:00002c13       ??0?$CComContainedObject@VCOPOSFiscalPrinter@@@ATL@@QAE@PAX@Z 10003c13 f i FiscalPrinter.obj
 0001:00002ccc       ??0?$CComObject@V?$CComEnum@UIEnumConnectionPoints@@$1?_GUID_b196b285_bab4_101a_b69c_00aa00341d07@@3U__s_GUID@@BPAUIConnectionPoint@@V?$_CopyInterface@UIConnectionPoint@@@ATL@@VCComSingleThreadModel@6@@ATL@@@ATL@@QAE@PAX@Z 10003ccc f i FiscalPrinter.obj
 0001:00002cfa       ??0?$CComObject@V?$CComEnum@UIEnumConnections@@$1?_GUID_b196b287_bab4_101a_b69c_00aa00341d07@@3U__s_GUID@@BUtagCONNECTDATA@@V?$_Copy@UtagCONNECTDATA@@@ATL@@VCComSingleThreadModel@6@@ATL@@@ATL@@QAE@PAX@Z 10003cfa f i FiscalPrinter.obj
 0001:00002d28       ??0?$CComObject@VCOPOSFiscalPrinter@@@ATL@@QAE@PAX@Z 10003d28 f i FiscalPrinter.obj
 0001:00002ddf       ??0?$CComQIPtr@UIOleControlSite@@$1?_GUID_b196b289_bab4_101a_b69c_00aa00341d07@@3U__s_GUID@@B@ATL@@QAE@PAUIUnknown@@@Z 10003ddf f i FiscalPrinter.obj
 0001:00002e08       ??0CAtlModule@ATL@@QAE@XZ  10003e08 f i FiscalPrinter.obj
 0001:00002e49       ??0CParseBuffer@CRegParser@ATL@@QAE@H@Z 10003e49 f i FiscalPrinter.obj
 0001:00002e7f       ??0_ATL_MSG@ATL@@QAE@PAUHWND__@@IIJH@Z 10003e7f f i FiscalPrinter.obj
 0001:00002eb7       ??1?$CComAggObject@VCOPOSFiscalPrinter@@@ATL@@UAE@XZ 10003eb7 f i FiscalPrinter.obj
 0001:00002edb       ??1?$CComEnumImpl@UIEnumConnectionPoints@@$1?_GUID_b196b285_bab4_101a_b69c_00aa00341d07@@3U__s_GUID@@BPAUIConnectionPoint@@V?$_CopyInterface@UIConnectionPoint@@@ATL@@@ATL@@UAE@XZ 10003edb f i FiscalPrinter.obj
 0001:00002f1b       ??1?$CComEnumImpl@UIEnumConnections@@$1?_GUID_b196b287_bab4_101a_b69c_00aa00341d07@@3U__s_GUID@@BUtagCONNECTDATA@@V?$_Copy@UtagCONNECTDATA@@@ATL@@@ATL@@UAE@XZ 10003f1b f i FiscalPrinter.obj
 0001:00002f5b       ??1?$CComObject@V?$CComEnum@UIEnumConnectionPoints@@$1?_GUID_b196b285_bab4_101a_b69c_00aa00341d07@@3U__s_GUID@@BPAUIConnectionPoint@@V?$_CopyInterface@UIConnectionPoint@@@ATL@@VCComSingleThreadModel@6@@ATL@@@ATL@@UAE@XZ 10003f5b f i FiscalPrinter.obj
 0001:00002f7e       ??1?$CComObject@V?$CComEnum@UIEnumConnections@@$1?_GUID_b196b287_bab4_101a_b69c_00aa00341d07@@3U__s_GUID@@BUtagCONNECTDATA@@V?$_Copy@UtagCONNECTDATA@@@ATL@@VCComSingleThreadModel@6@@ATL@@@ATL@@UAE@XZ 10003f7e f i FiscalPrinter.obj
 0001:00002fa1       ??1?$CComObject@VCOPOSFiscalPrinter@@@ATL@@UAE@XZ 10003fa1 f i FiscalPrinter.obj
 0001:0000305f       ??1?$CComObjectCached@VCComClassFactory@ATL@@@ATL@@UAE@XZ 1000405f f i FiscalPrinter.obj
 0001:00003075       ??1?$CComObjectRootEx@VCComMultiThreadModel@ATL@@@ATL@@QAE@XZ 10004075 f i FiscalPrinter.obj
 0001:0000308a       ??1CRegObject@ATL@@UAE@XZ  1000408a f i FiscalPrinter.obj
 0001:000030aa       ??4?$CComPtr@UIOleClientSite@@@ATL@@QAEPAUIOleClientSite@@PAU2@@Z 100040aa f i FiscalPrinter.obj
 0001:000030aa       ??4?$CComPtr@UIAdviseSink@@@ATL@@QAEPAUIAdviseSink@@PAU2@@Z 100040aa f i FiscalPrinter.obj
 0001:000030aa       ??4?$CComPtr@UIUnknown@@@ATL@@QAEPAUIUnknown@@PAU2@@Z 100040aa f i FiscalPrinter.obj
 0001:000030de       ??4?$CComQIPtr@UIOleObject@@$1?_GUID_00000112_0000_0000_c000_000000000046@@3U__s_GUID@@B@ATL@@QAEPAUIOleObject@@PAUIUnknown@@@Z 100040de f i FiscalPrinter.obj
 0001:00003103       ??4?$CComQIPtr@UISpecifyPropertyPages@@$1?_GUID_b196b28b_bab4_101a_b69c_00aa00341d07@@3U__s_GUID@@B@ATL@@QAEPAUISpecifyPropertyPages@@PAUIUnknown@@@Z 10004103 f i FiscalPrinter.obj
 0001:00003128       ??_G?$CComContainedObject@VCOPOSFiscalPrinter@@@ATL@@UAEPAXI@Z 10004128 f i FiscalPrinter.obj
 0001:00003128       ??_E?$CComContainedObject@VCOPOSFiscalPrinter@@@ATL@@UAEPAXI@Z 10004128 f i FiscalPrinter.obj
 0001:0000314d       ??_G?$CComObject@VCOPOSFiscalPrinter@@@ATL@@UAEPAXI@Z 1000414d f i FiscalPrinter.obj
 0001:0000314d       ??_E?$CComObject@VCOPOSFiscalPrinter@@@ATL@@UAEPAXI@Z 1000414d f i FiscalPrinter.obj
 0001:00003172       ?Add@?$CSimpleArray@GV?$CSimpleArrayEqualHelper@G@ATL@@@ATL@@QAEHABG@Z 10004172 f i FiscalPrinter.obj
 0001:000031f6       ?Add@?$CSimpleMap@PA_WPA_WVCExpansionVectorEqualHelper@ATL@@@ATL@@QAEHABQA_W0@Z 100041f6 f i FiscalPrinter.obj
 0001:0000324b       ?Add@CComDynamicUnkArray@ATL@@QAEKPAUIUnknown@@@Z 1000424b f i FiscalPrinter.obj
 0001:00003306       ?Add@CExpansionVector@ATL@@QAEHPB_W0@Z 10004306 f i FiscalPrinter.obj
 0001:0000340a       ?AddString@CParseBuffer@CRegParser@ATL@@QAEHPB_W@Z 1000440a f i FiscalPrinter.obj
 0001:0000343f       ?AddValue@CRegParser@ATL@@IAEJAAVCRegKey@2@PB_WPA_W@Z 1000443f f i FiscalPrinter.obj
 0001:00003760       ?Allocate@?$CAtlSafeAllocBufferManager@VCCRTAllocator@ATL@@@_ATL_SAFE_ALLOCA_IMPL@ATL@@QAEPAXK@Z 10004760 f i FiscalPrinter.obj
 0001:0000378d       ?Allocate@?$CTempBuffer@E$0BAA@VCCRTAllocator@ATL@@@ATL@@QAEPAEI@Z 1000478d f i FiscalPrinter.obj
 0001:000037bc       ?Allocate@?$CTempBuffer@_W$0BAA@VCCRTAllocator@ATL@@@ATL@@QAEPA_WI@Z 100047bc f i FiscalPrinter.obj
 0001:000037eb       ?Allocate@?$CTempBuffer@_W$0EAA@VCCRTAllocator@ATL@@@ATL@@QAEPA_WI@Z 100047eb f i FiscalPrinter.obj
 0001:0000381a       ?AllocateHeap@?$CTempBuffer@E$0BAA@VCCRTAllocator@ATL@@@ATL@@AAEXI@Z 1000481a f i FiscalPrinter.obj
 0001:0000381a       ?AllocateHeap@?$CTempBuffer@_W$0EAA@VCCRTAllocator@ATL@@@ATL@@AAEXI@Z 1000481a f i FiscalPrinter.obj
 0001:0000381a       ?AllocateHeap@?$CTempBuffer@_W$0BAA@VCCRTAllocator@ATL@@@ATL@@AAEXI@Z 1000481a f i FiscalPrinter.obj
 0001:0000383f       ?Append@CParseBuffer@CRegParser@ATL@@QAEHPB_WH@Z 1000483f f i FiscalPrinter.obj
 0001:000038cd       ?AtlCallTermFunc@ATL@@YGXPAU_ATL_MODULE70@1@@Z 100048cd f i FiscalPrinter.obj
 0001:00003911       ?AtlCoTaskMemCAlloc@ATL@@YAPAXKK@Z 10004911 f i FiscalPrinter.obj
 0001:0000393e       ?AtlCoTaskMemRecalloc@ATL@@YAPAXPAXKK@Z 1000493e f i FiscalPrinter.obj
 0001:0000396e       ?AtlComModuleGetClassObject@ATL@@YGJPAU_ATL_COM_MODULE70@1@ABU_GUID@@1PAPAX@Z 1000496e f i FiscalPrinter.obj
 0001:00003a61       ?AtlComModuleRegisterServer@ATL@@YGJPAU_ATL_COM_MODULE70@1@HPBU_GUID@@@Z 10004a61 f i FiscalPrinter.obj
 0001:00003ae9       ?AtlComModuleUnregisterServer@ATL@@YGJPAU_ATL_COM_MODULE70@1@HPBU_GUID@@@Z 10004ae9 f i FiscalPrinter.obj
 0001:00003b71       ?AtlComQIPtrAssign2@ATL@@YAXPAPAUIUnknown@@PAU2@ABU_GUID@@@Z 10004b71 f i FiscalPrinter.obj
 0001:00003ba0       ?AtlCreateTargetDC@ATL@@YGPAUHDC__@@PAU2@PAUtagDVTARGETDEVICE@@@Z 10004ba0 f i FiscalPrinter.obj
 0001:00003c09       ?AtlCrtErrorCheck@ATL@@YAHH@Z 10004c09 f i FiscalPrinter.obj
 0001:00003c44       ?AtlHiMetricToPixel@ATL@@YGXPBUtagSIZE@@PAU2@@Z 10004c44 f i FiscalPrinter.obj
 0001:00003cb9       ?AtlHresultFromLastError@ATL@@YAJXZ 10004cb9 f i FiscalPrinter.obj
 0001:00003cd0       ?AtlHresultFromWin32@ATL@@YAJK@Z 10004cd0 f i FiscalPrinter.obj
 0001:00003ce5       ?AtlIPersistStreamInit_Load@ATL@@YGJPAUIStream@@PBUATL_PROPMAP_ENTRY@1@PAXPAUIUnknown@@@Z 10004ce5 f i FiscalPrinter.obj
 0001:00003ec5       ?AtlIPersistStreamInit_Save@ATL@@YGJPAUIStream@@HPBUATL_PROPMAP_ENTRY@1@PAXPAUIUnknown@@@Z 10004ec5 f i FiscalPrinter.obj
 0001:0000405d       ?AtlInternalOleLoadFromStream@ATL@@YAJPAUIStream@@ABU_GUID@@PAPAXTClassesAllowedInStream@1@K@Z 1000505d f i FiscalPrinter.obj
 0001:00004183       ?AtlInternalQueryInterface@ATL@@YGJPAXPBU_ATL_INTMAP_ENTRY@1@ABU_GUID@@PAPAX@Z 10005183 f i FiscalPrinter.obj
 0001:00004226       ?AtlLoadTypeLib@ATL@@YGJPAUHINSTANCE__@@PB_WPAPA_WPAPAUITypeLib@@@Z 10005226 f i FiscalPrinter.obj
 0001:00004404       ?AtlModuleAddTermFunc@ATL@@YGJPAU_ATL_MODULE70@1@P6GXK@ZK@Z 10005404 f i FiscalPrinter.obj
 0001:00004461       ?AtlRegisterClassCategoriesHelper@ATL@@YGJABU_GUID@@PBU_ATL_CATMAP_ENTRY@1@H@Z 10005461 f i FiscalPrinter.obj
 0001:00004741       ?AtlRegisterTypeLib@ATL@@YGJPAUHINSTANCE__@@PB_W@Z 10005741 f i FiscalPrinter.obj
 0001:000048c9       ?AtlThrowImpl@ATL@@YGXJ@Z  100058c9 f i FiscalPrinter.obj
 0001:000048e7       ?AtlUnRegisterTypeLib@ATL@@YGJPAUHINSTANCE__@@PB_W@Z 100058e7 f i FiscalPrinter.obj
 0001:00004992       ?AtlWinModuleAddCreateWndData@ATL@@YGXPAU_ATL_WIN_MODULE70@1@PAU_AtlCreateWndData@1@PAX@Z 10005992 f i FiscalPrinter.obj
 0001:000049e6       ?AtlWinModuleExtractCreateWndData@ATL@@YGPAXPAU_ATL_WIN_MODULE70@1@@Z 100059e6 f i FiscalPrinter.obj
 0001:00004a49       ?AtlWinModuleRegisterClassExW@ATL@@YGGPAU_ATL_WIN_MODULE70@1@PBUtagWNDCLASSEXW@@@Z 10005a49 f i FiscalPrinter.obj
 0001:00004a88       ?CanForceRemoveKey@CRegParser@ATL@@IAEHPB_W@Z 10005a88 f i FiscalPrinter.obj
 0001:00004ab7       ?ChToByte@CRegParser@ATL@@KAE_W@Z 10005ab7 f i FiscalPrinter.obj
 0001:00004aea       ?Cleanup@CComTypeInfoHolder@ATL@@SGXK@Z 10005aea f i FiscalPrinter.obj
 0001:00004b1d       ?ClearReplacements@CExpansionVector@ATL@@QAEJXZ 10005b1d f i FiscalPrinter.obj
 0001:00004b5a       ?Close@CRegKey@ATL@@QAEJXZ 10005b5a f i FiscalPrinter.obj
 0001:00004b74       ?CreateInstance@?$CComCreator@V?$CComAggObject@VCOPOSFiscalPrinter@@@ATL@@@ATL@@SGJPAXABU_GUID@@PAPAX@Z 10005b74 f i FiscalPrinter.obj
 0001:00004bea       ?CreateInstance@?$CComCreator@V?$CComObject@VCOPOSFiscalPrinter@@@ATL@@@ATL@@SGJPAXABU_GUID@@PAPAX@Z 10005bea f i FiscalPrinter.obj
 0001:00004c6b       ?CreateInstance@?$CComObject@V?$CComEnum@UIEnumConnectionPoints@@$1?_GUID_b196b285_bab4_101a_b69c_00aa00341d07@@3U__s_GUID@@BPAUIConnectionPoint@@V?$_CopyInterface@UIConnectionPoint@@@ATL@@VCComSingleThreadModel@6@@ATL@@@ATL@@SGJPAPAV12@@Z 10005c6b f i FiscalPrinter.obj
 0001:00004cb2       ?CreateInstance@?$CComObject@V?$CComEnum@UIEnumConnections@@$1?_GUID_b196b287_bab4_101a_b69c_00aa00341d07@@3U__s_GUID@@BUtagCONNECTDATA@@V?$_Copy@UtagCONNECTDATA@@@ATL@@VCComSingleThreadModel@6@@ATL@@@ATL@@SGJPAPAV12@@Z 10005cb2 f i FiscalPrinter.obj
 0001:00004cf9       ?DefaultReflectionHandler@?$CWindowImplRoot@VCWindow@ATL@@@ATL@@SAHPAUHWND__@@IIJAAJ@Z 10005cf9 f i FiscalPrinter.obj
 0001:00004d6c       ?DeleteSubKey@CRegKey@ATL@@QAEJPB_W@Z 10005d6c f i FiscalPrinter.obj
 0001:00004de5       ?DoEvent@COPOSFiscalPrinter@@IAEXIIJ@Z 10005de5 f i FiscalPrinter.obj
 0001:00004e65       ?DoVerbHide@?$IOleObjectImpl@VCOPOSFiscalPrinter@@@ATL@@QAEJPBUtagRECT@@PAUHWND__@@@Z 10005e65 f i FiscalPrinter.obj
 0001:00004e9b       ?DoVerbInPlaceActivate@?$IOleObjectImpl@VCOPOSFiscalPrinter@@@ATL@@QAEJPBUtagRECT@@PAUHWND__@@@Z 10005e9b f i FiscalPrinter.obj
 0001:00004ece       ?DoVerbPrimary@?$IOleObjectImpl@VCOPOSFiscalPrinter@@@ATL@@QAEJPBUtagRECT@@PAUHWND__@@@Z 10005ece f i FiscalPrinter.obj
 0001:00004f5a       ?DoVerbProperties@CComControlBase@ATL@@QAEJPBUtagRECT@@PAUHWND__@@@Z 10005f5a f i FiscalPrinter.obj
 0001:00005081       ?DoVerbShow@?$IOleObjectImpl@VCOPOSFiscalPrinter@@@ATL@@QAEJPBUtagRECT@@PAUHWND__@@@Z 10006081 f i FiscalPrinter.obj
 0001:000050a6       ?DoVerbUIActivate@?$IOleObjectImpl@VCOPOSFiscalPrinter@@@ATL@@QAEJPBUtagRECT@@PAUHWND__@@@Z 100060a6 f i FiscalPrinter.obj
 0001:000050e3       ?DoesVerbActivate@CComControlBase@ATL@@QAEHJ@Z 100060e3 f i FiscalPrinter.obj
 0001:00005104       ?DoesVerbUIActivate@CComControlBase@ATL@@QAEHJ@Z 10006104 f i FiscalPrinter.obj
 0001:00005139       ?EndOfVar@CRegParser@ATL@@IAEHXZ 10006139 f i FiscalPrinter.obj
 0001:00005159       ?EscapeSingleQuote@CAtlModule@ATL@@SAXPA_WIPB_W@Z 10006159 f i FiscalPrinter.obj
 0001:000051a8       ?FindKey@?$CSimpleMap@PA_WPA_WVCExpansionVectorEqualHelper@ATL@@@ATL@@QBEHABQA_W@Z 100061a8 f i FiscalPrinter.obj
 0001:000051df       ?FireTheEvent@?$CProxy_IOPOSEvents@VCOPOSFiscalPrinter@@@@IAEXPAVOposVariant@@IAAJPB_WJ@Z 100061df f i FiscalPrinter.obj
 0001:00005271       ?FireViewChange@CComControlBase@ATL@@QAEJXZ 10006271 f i FiscalPrinter.obj
 0001:000052ba       ?Fire_DirectIOEvent@?$CProxy_IOPOSEvents@VCOPOSFiscalPrinter@@@@QAEXJPAJPAPA_W@Z 100062ba f i FiscalPrinter.obj
 0001:000053a0       ?Fire_ErrorEvent@?$CProxy_IOPOSEvents@VCOPOSFiscalPrinter@@@@QAEXJJJPAJ@Z 100063a0 f i FiscalPrinter.obj
 0001:00005487       ?Fire_OutputCompleteEvent@?$CProxy_IOPOSEvents@VCOPOSFiscalPrinter@@@@QAEXJ@Z 10006487 f i FiscalPrinter.obj
 0001:00005513       ?Fire_StatusUpdateEvent@?$CProxy_IOPOSEvents@VCOPOSFiscalPrinter@@@@QAEXJ@Z 10006513 f i FiscalPrinter.obj
 0001:0000559f       ?FreeHeap@?$CTempBuffer@E$0BAA@VCCRTAllocator@ATL@@@ATL@@AAEXXZ 1000659f f i FiscalPrinter.obj
 0001:0000559f       ?FreeHeap@?$CTempBuffer@_W$0EAA@VCCRTAllocator@ATL@@@ATL@@AAEXXZ 1000659f f i FiscalPrinter.obj
 0001:0000559f       ?FreeHeap@?$CTempBuffer@_W$0BAA@VCCRTAllocator@ATL@@@ATL@@AAEXXZ 1000659f f i FiscalPrinter.obj
 0001:000055a8       ?GetAmbientLocaleID@CComControlBase@ATL@@QAEJAAK@Z 100065a8 f i FiscalPrinter.obj
 0001:00005604       ?GetAmbientUserMode@CComControlBase@ATL@@QAEJAAH@Z 10006604 f i FiscalPrinter.obj
 0001:00005674       ?GetAt@CComDynamicUnkArray@ATL@@QAEPAUIUnknown@@H@Z 10006674 f i FiscalPrinter.obj
 0001:00005690       ?GetClassObject@CComModule@ATL@@QAEJABU_GUID@@0PAPAX@Z 10006690 f i FiscalPrinter.obj
 0001:00005732       ?GetConnMap@COPOSFiscalPrinter@@SAPBU_ATL_CONNMAP_ENTRY@ATL@@PAH@Z 10006732 f i FiscalPrinter.obj
 0001:000057a2       ?GetCookie@CComDynamicUnkArray@ATL@@QAGKPAPAUIUnknown@@@Z 100067a2 f i FiscalPrinter.obj
 0001:000057da       ?GetIDsOfNames@CComTypeInfoHolder@ATL@@QAEJABU_GUID@@PAPA_WIKPAJ@Z 100067da f i FiscalPrinter.obj
 0001:000058e8       ?GetKeyAt@?$CSimpleMap@PA_WPA_WVCExpansionVectorEqualHelper@ATL@@@ATL@@QBEAAPA_WH@Z 100068e8 f i FiscalPrinter.obj
 0001:0000590d       ?GetPagesHelper@?$ISpecifyPropertyPagesImpl@VCOPOSFiscalPrinter@@@ATL@@IAEJPAUtagCAUUID@@PBUATL_PROPMAP_ENTRY@2@@Z 1000690d f i FiscalPrinter.obj
 0001:00005a34       ?GetProperty@?$CComPtr@UIDispatch@@@ATL@@SAJPAUIDispatch@@JPAUtagVARIANT@@@Z 10006a34 f i FiscalPrinter.obj
 0001:00005a83       ?GetSizeMax@CComVariant@ATL@@QBEJPAT_ULARGE_INTEGER@@@Z 10006a83 f i FiscalPrinter.obj
 0001:00005c3d       ?GetStreamSize@CComBSTR@ATL@@SAKPA_W@Z 10006c3d f i FiscalPrinter.obj
 0001:00005c57       ?GetTI@CComTypeInfoHolder@ATL@@QAEJK@Z 10006c57 f i FiscalPrinter.obj
 0001:00005e40       ?GetTI@CComTypeInfoHolder@ATL@@QAEJKPAPAUITypeInfo@@@Z 10006e40 f i FiscalPrinter.obj
 0001:00005e82       ?GetUnknown@CComDynamicUnkArray@ATL@@QAGPAUIUnknown@@K@Z 10006e82 f i FiscalPrinter.obj
 0001:00005ea3       ?GetValueAt@?$CSimpleMap@PA_WPA_WVCExpansionVectorEqualHelper@ATL@@@ATL@@QBEAAPA_WH@Z 10006ea3 f i FiscalPrinter.obj
 0001:00005ec9       ?GetZoomInfo@CComControlBase@ATL@@QAEXAAUATL_DRAWINFO@@@Z 10006ec9 f i FiscalPrinter.obj
 0001:00005f5c       ?HKeyFromString@CRegParser@ATL@@KAPAUHKEY__@@PA_W@Z 10006f5c f i FiscalPrinter.obj
 0001:00005f8a       ?HasSubKeys@CRegParser@ATL@@IAEHPAUHKEY__@@@Z 10006f8a f i FiscalPrinter.obj
 0001:00005fbf       ?IDataObject_GetData@CComControlBase@ATL@@QAEJPAUtagFORMATETC@@PAUtagSTGMEDIUM@@@Z 10006fbf f i FiscalPrinter.obj
 0001:00006165       ?IOleInPlaceObject_InPlaceDeactivate@CComControlBase@ATL@@QAEJXZ 10007165 f i FiscalPrinter.obj
 0001:000061ec       ?IOleInPlaceObject_SetObjectRects@CComControlBase@ATL@@QAEJPBUtagRECT@@0@Z 100071ec f i FiscalPrinter.obj
 0001:000062b9       ?IOleInPlaceObject_UIDeactivate@CComControlBase@ATL@@QAEJXZ 100072b9 f i FiscalPrinter.obj
 0001:0000637b       ?IOleObject_Advise@CComControlBase@ATL@@QAEJPAUIAdviseSink@@PAK@Z 1000737b f i FiscalPrinter.obj
 0001:000063a5       ?IOleObject_Close@CComControlBase@ATL@@QAEJK@Z 100073a5 f i FiscalPrinter.obj
 0001:00006489       ?IOleObject_GetClientSite@CComControlBase@ATL@@QAEJPAPAUIOleClientSite@@@Z 10007489 f i FiscalPrinter.obj
 0001:000064b2       ?IOleObject_SetClientSite@CComControlBase@ATL@@QAEJPAUIOleClientSite@@@Z 100074b2 f i FiscalPrinter.obj
 0001:000064f1       ?IOleObject_SetExtent@CComControlBase@ATL@@QAEJKPAUtagSIZE@@@Z 100074f1 f i FiscalPrinter.obj
 0001:000065a5       ?IPSI_GetIPersistStreamInit@?$IPersistStorageImpl@VCOPOSFiscalPrinter@@@ATL@@AAEPAUIPersistStreamInit@@XZ 100075a5 f i FiscalPrinter.obj
 0001:000065e7       ?IPersistStreamInit_Load@?$IPersistStreamInitImpl@VCOPOSFiscalPrinter@@@ATL@@QAEJPAUIStream@@PBUATL_PROPMAP_ENTRY@2@@Z 100075e7 f i FiscalPrinter.obj
 0001:00006613       ?IPersistStreamInit_Save@?$IPersistStreamInitImpl@VCOPOSFiscalPrinter@@@ATL@@QAEJPAUIStream@@HPBUATL_PROPMAP_ENTRY@2@@Z 10007613 f i FiscalPrinter.obj
 0001:00006648       ?IQuickActivate_QuickActivate@CComControlBase@ATL@@QAEJPAUtagQACONTAINER@@PAUtagQACONTROL@@@Z 10007648 f i FiscalPrinter.obj
 0001:0000688a       ?IViewObject_Draw@CComControlBase@ATL@@QAEJKJPAXPAUtagDVTARGETDEVICE@@PAUHDC__@@2PBU_RECTL@@3@Z 1000788a f i FiscalPrinter.obj
 0001:00006932       ?InPlaceActivate@CComControlBase@ATL@@QAEJJPBUtagRECT@@@Z 10007932 f i FiscalPrinter.obj
 0001:00006ba3       ?Init@?$CComEnumImpl@UIEnumConnectionPoints@@$1?_GUID_b196b285_bab4_101a_b69c_00aa00341d07@@3U__s_GUID@@BPAUIConnectionPoint@@V?$_CopyInterface@UIConnectionPoint@@@ATL@@@ATL@@QAEJPAPAUIConnectionPoint@@0PAUIUnknown@@W4CComEnumFlags@2@@Z 10007ba3 f i FiscalPrinter.obj
 0001:00006c82       ?Init@?$CComEnumImpl@UIEnumConnections@@$1?_GUID_b196b287_bab4_101a_b69c_00aa00341d07@@3U__s_GUID@@BUtagCONNECTDATA@@V?$_Copy@UtagCONNECTDATA@@@ATL@@@ATL@@QAEJPAUtagCONNECTDATA@@0PAUIUnknown@@W4CComEnumFlags@2@@Z 10007c82 f i FiscalPrinter.obj
 0001:00006d61       ?Init@CComModule@ATL@@QAEJPAU_ATL_OBJMAP_ENTRY30@2@PAUHINSTANCE__@@PBU_GUID@@@Z 10007d61 f i FiscalPrinter.obj
 0001:00006dc0       ?Init@CDynamicStdCallThunk2@ATL@@QAEHKPAX@Z 10007dc0 f i FiscalPrinter.obj
 0001:00006deb       ?InlineIsEqualUnknown@ATL@@YGHABU_GUID@@@Z 10007deb f i FiscalPrinter.obj
 0001:00006e13       ?InternalGetSite@CComControlBase@ATL@@QAEJABU_GUID@@PAPAX@Z 10007e13 f i FiscalPrinter.obj
 0001:00006e41       ?InternalSetAtIndex@?$CSimpleMap@PA_WPA_WVCExpansionVectorEqualHelper@ATL@@@ATL@@QAEXHABQA_W0@Z 10007e41 f i FiscalPrinter.obj
 0001:00006e6b       ?Invoke@CComTypeInfoHolder@ATL@@QAEJPAUIDispatch@@JABU_GUID@@KGPAUtagDISPPARAMS@@PAUtagVARIANT@@PAUtagEXCEPINFO@@PAI@Z 10007e6b f i FiscalPrinter.obj
 0001:00006eae       ?IsEqualObject@?$CComPtrBase@UITypeInfo@@@ATL@@QAE_NPAUIUnknown@@@Z 10007eae f i FiscalPrinter.obj
 0001:00006eae       ?IsEqualObject@?$CComPtrBase@UIOleClientSite@@@ATL@@QAE_NPAUIUnknown@@@Z 10007eae f i FiscalPrinter.obj
 0001:00006f1b       ?IsSpace@CRegParser@ATL@@IAEH_W@Z 10007f1b f i FiscalPrinter.obj
 0001:00006f45       ?LoadNameCache@CComTypeInfoHolder@ATL@@QAEJPAUITypeInfo@@@Z 10007f45 f i FiscalPrinter.obj
 0001:00007093       ?Lookup@?$CSimpleMap@PA_WPA_WVCExpansionVectorEqualHelper@ATL@@@ATL@@QBEPA_WABQA_W@Z 10008093 f i FiscalPrinter.obj
 0001:000070b9       ?NextToken@CRegParser@ATL@@IAEJPA_W@Z 100080b9 f i FiscalPrinter.obj
 0001:000071f1       ?OnKillFocus@CComControlBase@ATL@@QAEJIIJAAH@Z 100081f1 f i FiscalPrinter.obj
 0001:0000724c       ?OnMouseActivate@CComControlBase@ATL@@QAEJIIJAAH@Z 1000824c f i FiscalPrinter.obj
 0001:000072ba       ?OnPaint@CComControlBase@ATL@@QAEJIIJAAH@Z 100082ba f i FiscalPrinter.obj
 0001:0000736c       ?OnSetFocus@CComControlBase@ATL@@QAEJIIJAAH@Z 1000836c f i FiscalPrinter.obj
 0001:000073f5       ?Open@CRegKey@ATL@@QAEJPAUHKEY__@@PB_WK@Z 100083f5 f i FiscalPrinter.obj
 0001:0000744a       ?PreProcessBuffer@CRegParser@ATL@@QAEJPA_WPAPA_W@Z 1000844a f i FiscalPrinter.obj
 0001:000076b4       ?ProcessWindowMessage@?$CComControl@VCOPOSFiscalPrinter@@V?$CWindowImpl@VCOPOSFiscalPrinter@@VCWindow@ATL@@V?$CWinTraits@$0FGAAAAAA@$0A@@3@@ATL@@@ATL@@UAEHPAUHWND__@@IIJAAJK@Z 100086b4 f i FiscalPrinter.obj
 0001:00007753       ?PutProperty@?$CComPtr@UIDispatch@@@ATL@@SAJPAUIDispatch@@JPAUtagVARIANT@@@Z 10008753 f i FiscalPrinter.obj
 0001:000077e5       ?ReadFromStream@CComBSTR@ATL@@QAEJPAUIStream@@@Z 100087e5 f i FiscalPrinter.obj
 0001:00007913       ?ReadFromStream@CComVariant@ATL@@QAEJPAUIStream@@GTClassesAllowedInStream@2@K@Z 10008913 f i FiscalPrinter.obj
 0001:00007a99       ?RecurseDeleteKey@CRegKey@ATL@@QAEJPB_W@Z 10008a99 f i FiscalPrinter.obj
 0001:00007b5b       ?RegCreateKeyExW@CAtlTransactionManager@ATL@@QAEJPAUHKEY__@@PB_WKPA_WKKQAU_SECURITY_ATTRIBUTES@@PAPAU3@PAK@Z 10008b5b f i FiscalPrinter.obj
 0001:00007bbe       ?RegDeleteKeyW@CAtlTransactionManager@ATL@@QAEJPAUHKEY__@@PB_W@Z 10008bbe f i FiscalPrinter.obj
 0001:00007c10       ?RegOpenKeyExW@CAtlTransactionManager@ATL@@QAEJPAUHKEY__@@PB_WKKPAPAU3@@Z 10008c10 f i FiscalPrinter.obj
 0001:00007c67       ?Register@_ATL_WNDCLASSINFOW@ATL@@QAEGPAP6GJPAUHWND__@@IIJ@Z@Z 10008c67 f i FiscalPrinter.obj
 0001:00007c87       ?RegisterBuffer@CRegParser@ATL@@QAEJPA_WH@Z 10008c87 f i FiscalPrinter.obj
 0001:00007dc0       ?RegisterFromResource@CRegObject@ATL@@IAEJPB_W00H@Z 10008dc0 f i FiscalPrinter.obj
 0001:00007ef6       ?RegisterServer@?$CAtlModuleT@VCComModule@ATL@@@ATL@@QAEJHPBU_GUID@@@Z 10008ef6 f i FiscalPrinter.obj
 0001:00007f24       ?RegisterServer@CComModule@ATL@@QAEJHPBU_GUID@@@Z 10008f24 f i FiscalPrinter.obj
 0001:00007f9a       ?RegisterSubkeys@CRegParser@ATL@@IAEJPA_WPAUHKEY__@@HH@Z 10008f9a f i FiscalPrinter.obj
 0001:00008569       ?Remove@CComDynamicUnkArray@ATL@@QAEHK@Z 10009569 f i FiscalPrinter.obj
 0001:00008592       ?RemoveAll@?$CSimpleMap@PA_WPA_WVCExpansionVectorEqualHelper@ATL@@@ATL@@QAEXXZ 10009592 f i FiscalPrinter.obj
 0001:000085be       ?ResourceRegisterSz@CRegObject@ATL@@QAGJPB_W00@Z 100095be f i FiscalPrinter.obj
 0001:000085eb       ?ResourceUnregisterSz@CRegObject@ATL@@QAGJPB_W00@Z 100095eb f i FiscalPrinter.obj
 0001:00008618       ?SendOnDataChange@CComControlBase@ATL@@QAEJK@Z 10009618 f i FiscalPrinter.obj
 0001:00008665       ?SetControlFocus@CComControlBase@ATL@@QAEHH@Z 10009665 f i FiscalPrinter.obj
 0001:00008702       ?SetMultiStringValue@CRegKey@ATL@@QAEJPB_W0@Z 10009702 f i FiscalPrinter.obj
 0001:0000875e       ?SetStringValue@CRegKey@ATL@@QAEJPB_W0K@Z 1000975e f i FiscalPrinter.obj
 0001:000087a7       ?SkipAssignment@CRegParser@ATL@@IAEJPA_W@Z 100097a7 f i FiscalPrinter.obj
 0001:0000880c       ?SkipWhiteSpace@CRegParser@ATL@@IAEXXZ 1000980c f i FiscalPrinter.obj
 0001:0000882e       ?StrChrW@CRegParser@ATL@@KAPA_WPA_W_W@Z 1000982e f i FiscalPrinter.obj
 0001:0000886b       ?Term@CAtlModule@ATL@@QAEXXZ 1000986b f i FiscalPrinter.obj
 0001:000088a4       ?Term@CComModule@ATL@@QAEXXZ 100098a4 f i FiscalPrinter.obj
 0001:000088fc       ?UnregisterServer@?$CAtlModuleT@VCComModule@ATL@@@ATL@@QAEJHPBU_GUID@@@Z 100098fc f i FiscalPrinter.obj
 0001:00008922       ?UnregisterServer@CComModule@ATL@@QAEJHPBU_GUID@@@Z 10009922 f i FiscalPrinter.obj
 0001:00008998       ?UpdateRegistryFromResource@CAtlModule@ATL@@QAGJIHPAU_ATL_REGMAP_ENTRY@2@@Z 10009998 f i FiscalPrinter.obj
 0001:00008b63       ?UpdateRegistryFromResource@CAtlModule@ATL@@QAGJPB_WHPAU_ATL_REGMAP_ENTRY@2@@Z 10009b63 f i FiscalPrinter.obj
 0001:00008d34       ?VTFromRegType@CRegParser@ATL@@KAHPB_WAAG@Z 10009d34 f i FiscalPrinter.obj
 0001:00008da1       ?WindowProc@?$CWindowImplBaseT@VCWindow@ATL@@V?$CWinTraits@$0FGAAAAAA@$0A@@2@@ATL@@SGJPAUHWND__@@IIJ@Z 10009da1 f i FiscalPrinter.obj
 0001:00008e93       ?WriteToStream@CComBSTR@ATL@@QAEJPAUIStream@@@Z 10009e93 f i FiscalPrinter.obj
 0001:00008eea       ?WriteToStream@CComVariant@ATL@@QAEJPAUIStream@@@Z 10009eea f i FiscalPrinter.obj
 0001:00009064       ?WriteToStream@CComVariant@ATL@@QAEJPAUIStream@@G@Z 1000a064 f i FiscalPrinter.obj
 0001:000090cd       ?_AtlInitialConstruct@?$CComObjectRootEx@VCComMultiThreadModel@ATL@@@ATL@@QAEJXZ 1000a0cd f i FiscalPrinter.obj
 0001:000090e2       ?_AtlVerifyStackAvailable@_ATL_SAFE_ALLOCA_IMPL@ATL@@YA_NK@Z 1000a0e2 f i FiscalPrinter.obj
 0001:00009160       ?atlCreate@?$CWindowImpl@VCOPOSFiscalPrinter@@VCWindow@ATL@@V?$CWinTraits@$0FGAAAAAA@$0A@@3@@ATL@@QAEPAUHWND__@@PAU3@V_U_RECT@2@PB_WKKV_U_MENUorID@2@PAX@Z 1000a160 f i FiscalPrinter.obj
 0001:000091a4       ?atlCreate@?$CWindowImplBaseT@VCWindow@ATL@@V?$CWinTraits@$0FGAAAAAA@$0A@@2@@ATL@@QAEPAUHWND__@@PAU3@V_U_RECT@2@PB_WKKV_U_MENUorID@2@GPAX@Z 1000a1a4 f i FiscalPrinter.obj
 0001:00009240       ?atlCreate@CRegKey@ATL@@QAEJPAUHKEY__@@PB_WPA_WKKPAU_SECURITY_ATTRIBUTES@@PAK@Z 1000a240 f i FiscalPrinter.obj
 0001:000092af       ?copy@?$_Copy@UtagCONNECTDATA@@@ATL@@SAJPAUtagCONNECTDATA@@PBU3@@Z 1000a2af f i FiscalPrinter.obj
 0001:000092e5       ?copy@?$_CopyInterface@UIConnectionPoint@@@ATL@@SAJPAPAUIConnectionPoint@@PBQAU3@@Z 1000a2e5 f i FiscalPrinter.obj
 0001:00009313       ?memcpy_s@Checked@ATL@@YAXPAXIPBXI@Z 1000a313 f i FiscalPrinter.obj
 0001:00009332       ?ocscpy_s@@YA_NPA_WIPB_W@Z 1000a332 f i FiscalPrinter.obj
 0001:00009361       ?ocslen@@YAHPB_W@Z         1000a361 f i FiscalPrinter.obj
 0001:00009381       ?wcscpy_s@Checked@ATL@@YAXPA_WIPB_W@Z 1000a381 f i FiscalPrinter.obj
 0001:0000939d       _DllCanUnloadNow@0         1000a39d f   FiscalPrinter.obj
 0001:000093a9       _DllGetClassObject@12      1000a3a9 f   FiscalPrinter.obj
 0001:000093b7       _DllMain@12                1000a3b7 f   FiscalPrinter.obj
 0001:000093f9       _DllRegisterServer@0       1000a3f9 f   FiscalPrinter.obj
 0001:00009408       _DllUnregisterServer@0     1000a408 f   FiscalPrinter.obj
 0001:00009417       _InlineIsEqualGUID         1000a417 f i FiscalPrinter.obj
 0001:00009447       ___local_stdio_printf_options 1000a447 f i FiscalPrinter.obj
 0001:0000944d       __vswprintf_s_l            1000a44d f i FiscalPrinter.obj
 0001:000094fa       _swprintf_s                1000a4fa f i FiscalPrinter.obj
 0001:00009516       ??0?$CComControl@VCOPOSFiscalPrinter@@V?$CWindowImpl@VCOPOSFiscalPrinter@@VCWindow@ATL@@V?$CWinTraits@$0FGAAAAAA@$0A@@3@@ATL@@@ATL@@QAE@XZ 1000a516 f i FiscalPrinterImpl.obj
 0001:0000953d       ??0?$CProxy_IOPOSEvents@VCOPOSFiscalPrinter@@@@QAE@XZ 1000a53d f i FiscalPrinterImpl.obj
 0001:0000955d       ??0CComControlBase@ATL@@QAE@AAPAUHWND__@@@Z 1000a55d f i FiscalPrinterImpl.obj
 0001:000095a7       ??0COPOSFiscalPrinter@@QAE@XZ 1000a5a7 f   FiscalPrinterImpl.obj
 0001:000095dd       ??1?$CComControl@VCOPOSFiscalPrinter@@V?$CWindowImpl@VCOPOSFiscalPrinter@@VCWindow@ATL@@V?$CWinTraits@$0FGAAAAAA@$0A@@3@@ATL@@@ATL@@UAE@XZ 1000a5dd f i FiscalPrinterImpl.obj
 0001:000095f6       ??1?$IConnectionPointImpl@VCOPOSFiscalPrinter@@$1?DIID__IOPOSFiscalPrinterEvents@@3U_GUID@@BVCComDynamicUnkArray@ATL@@@ATL@@QAE@XZ 1000a5f6 f i FiscalPrinterImpl.obj
 0001:000095f6       ??1?$IConnectionPointImpl@VCOPOSFiscalPrinter@@$1?IID_IPropertyNotifySink@@3U_GUID@@BVCComDynamicUnkArray@ATL@@@ATL@@QAE@XZ 1000a5f6 f i FiscalPrinterImpl.obj
 0001:00009633       ??1CComControlBase@ATL@@UAE@XZ 1000a633 f i FiscalPrinterImpl.obj
 0001:00009696       ??1COPOSFiscalPrinter@@UAE@XZ 1000a696 f   FiscalPrinterImpl.obj
 0001:000096de       ??1OposVariantResult@@QAE@XZ 1000a6de f i FiscalPrinterImpl.obj
 0001:000096ff       ??1_CW@@QAE@XZ             1000a6ff f i FiscalPrinterImpl.obj
 0001:00009718       ?BeginFiscalDocument@COPOSFiscalPrinter@@UAGJJPAJ@Z 1000a718 f   FiscalPrinterImpl.obj
 0001:00009767       ?BeginFiscalReceipt@COPOSFiscalPrinter@@UAGJFPAJ@Z 1000a767 f   FiscalPrinterImpl.obj
 0001:000097b6       ?BeginFixedOutput@COPOSFiscalPrinter@@UAGJJJPAJ@Z 1000a7b6 f   FiscalPrinterImpl.obj
 0001:0000982a       ?BeginInsertion@COPOSFiscalPrinter@@UAGJJPAJ@Z 1000a82a f   FiscalPrinterImpl.obj
 0001:00009879       ?BeginItemList@COPOSFiscalPrinter@@UAGJJPAJ@Z 1000a879 f   FiscalPrinterImpl.obj
 0001:000098c8       ?BeginNonFiscal@COPOSFiscalPrinter@@UAGJPAJ@Z 1000a8c8 f   FiscalPrinterImpl.obj
 0001:000098e3       ?BeginRemoval@COPOSFiscalPrinter@@UAGJJPAJ@Z 1000a8e3 f   FiscalPrinterImpl.obj
 0001:00009932       ?BeginTraining@COPOSFiscalPrinter@@UAGJPAJ@Z 1000a932 f   FiscalPrinterImpl.obj
 0001:0000994d       ?CheckHealth@COPOSFiscalPrinter@@UAGJJPAJ@Z 1000a94d f   FiscalPrinterImpl.obj
 0001:0000999c       ?ClaimDevice@COPOSFiscalPrinter@@UAGJJPAJ@Z 1000a99c f   FiscalPrinterImpl.obj
 0001:00009a11       ?ClearError@COPOSFiscalPrinter@@UAGJPAJ@Z 1000aa11 f   FiscalPrinterImpl.obj
 0001:00009a2c       ?ClearOutput@COPOSFiscalPrinter@@UAGJPAJ@Z 1000aa2c f   FiscalPrinterImpl.obj
 0001:00009a47       ?Close@COPOSFiscalPrinter@@UAGJPAJ@Z 1000aa47 f   FiscalPrinterImpl.obj
 0001:00009ab5       ?CompareFirmwareVersion@COPOSFiscalPrinter@@UAGJPA_WPAJ1@Z 1000aab5 f   FiscalPrinterImpl.obj
 0001:00009b35       ?DirectIO@COPOSFiscalPrinter@@UAGJJPAJPAPA_W0@Z 1000ab35 f   FiscalPrinterImpl.obj
 0001:00009be3       ?DoInvoke@COPOSFiscalPrinter@@IAEJJPAVOposVariant@@IHPAJ_N@Z 1000abe3 f   FiscalPrinterImpl.obj
 0001:00009ca5       ?EndFiscalDocument@COPOSFiscalPrinter@@UAGJPAJ@Z 1000aca5 f   FiscalPrinterImpl.obj
 0001:00009cc0       ?EndFiscalReceipt@COPOSFiscalPrinter@@UAGJFPAJ@Z 1000acc0 f   FiscalPrinterImpl.obj
 0001:00009d0f       ?EndFixedOutput@COPOSFiscalPrinter@@UAGJPAJ@Z 1000ad0f f   FiscalPrinterImpl.obj
 0001:00009d2a       ?EndInsertion@COPOSFiscalPrinter@@UAGJPAJ@Z 1000ad2a f   FiscalPrinterImpl.obj
 0001:00009d45       ?EndItemList@COPOSFiscalPrinter@@UAGJPAJ@Z 1000ad45 f   FiscalPrinterImpl.obj
 0001:00009d60       ?EndNonFiscal@COPOSFiscalPrinter@@UAGJPAJ@Z 1000ad60 f   FiscalPrinterImpl.obj
 0001:00009d7b       ?EndRemoval@COPOSFiscalPrinter@@UAGJPAJ@Z 1000ad7b f   FiscalPrinterImpl.obj
 0001:00009d96       ?EndTraining@COPOSFiscalPrinter@@UAGJPAJ@Z 1000ad96 f   FiscalPrinterImpl.obj
 0001:00009db1       ?EventClose@COPOSFiscalPrinter@@IAEXXZ 1000adb1 f i FiscalPrinterImpl.obj
 0001:00009de4       ?EventInit@COPOSFiscalPrinter@@IAEJXZ 1000ade4 f i FiscalPrinterImpl.obj
 0001:00009eb0       ?EventUninit@COPOSFiscalPrinter@@IAEXXZ 1000aeb0 f i FiscalPrinterImpl.obj
 0001:00009f02       ?EventWindowProc@COPOSFiscalPrinter@@IAGJIIJ@Z 1000af02 f i FiscalPrinterImpl.obj
 0001:00009fd5       ?FinalConstruct@COPOSFiscalPrinter@@QAEJXZ 1000afd5 f   FiscalPrinterImpl.obj
 0001:0000a00e       ?FireEventCleanup@COPOSFiscalPrinter@@IAEXXZ 1000b00e f i FiscalPrinterImpl.obj
 0001:0000a024       ?FireEventSetup@COPOSFiscalPrinter@@IAE_NXZ 1000b024 f i FiscalPrinterImpl.obj
 0001:0000a058       ?FreezeEvents@COPOSFiscalPrinter@@MAGJH@Z 1000b058 f   FiscalPrinterImpl.obj
 0001:0000a0b8       ?GetData@COPOSFiscalPrinter@@UAGJJPAJPAPA_W0@Z 1000b0b8 f   FiscalPrinterImpl.obj
 0001:0000a166       ?GetDate@COPOSFiscalPrinter@@UAGJPAPA_WPAJ@Z 1000b166 f   FiscalPrinterImpl.obj
 0001:0000a1bd       ?GetOposProp@COPOSFiscalPrinter@@IAEJJPAFJ@Z 1000b1bd f   FiscalPrinterImpl.obj
 0001:0000a1e0       ?GetOposProp@COPOSFiscalPrinter@@IAEJJPAJJ@Z 1000b1e0 f   FiscalPrinterImpl.obj
 0001:0000a29e       ?GetOposProp@COPOSFiscalPrinter@@IAEJJPAPA_WJ@Z 1000b29e f   FiscalPrinterImpl.obj
 0001:0000a369       ?GetTotalizer@COPOSFiscalPrinter@@UAGJJJPAPA_WPAJ@Z 1000b369 f   FiscalPrinterImpl.obj
 0001:0000a40d       ?GetVatEntry@COPOSFiscalPrinter@@UAGJJJPAJ0@Z 1000b40d f   FiscalPrinterImpl.obj
 0001:0000a4b1       ?OnDraw@COPOSFiscalPrinter@@MAEJAAUATL_DRAWINFO@@@Z 1000b4b1 f   FiscalPrinterImpl.obj
 0001:0000a551       ?Open@COPOSFiscalPrinter@@UAGJPA_WPAJ@Z 1000b551 f   FiscalPrinterImpl.obj
 0001:0000acee       ?PrintDuplicateReceipt@COPOSFiscalPrinter@@UAGJPAJ@Z 1000bcee f   FiscalPrinterImpl.obj
 0001:0000ad09       ?PrintFiscalDocumentLine@COPOSFiscalPrinter@@UAGJPA_WPAJ@Z 1000bd09 f   FiscalPrinterImpl.obj
 0001:0000ad60       ?PrintFixedOutput@COPOSFiscalPrinter@@UAGJJJPA_WPAJ@Z 1000bd60 f   FiscalPrinterImpl.obj
 0001:0000ae04       ?PrintNormal@COPOSFiscalPrinter@@UAGJJPA_WPAJ@Z 1000be04 f   FiscalPrinterImpl.obj
 0001:0000ae80       ?PrintPeriodicTotalsReport@COPOSFiscalPrinter@@UAGJPA_W0PAJ@Z 1000be80 f   FiscalPrinterImpl.obj
 0001:0000af00       ?PrintPowerLossReport@COPOSFiscalPrinter@@UAGJPAJ@Z 1000bf00 f   FiscalPrinterImpl.obj
 0001:0000af1b       ?PrintRecCash@COPOSFiscalPrinter@@UAGJTtagCY@@PAJ@Z 1000bf1b f   FiscalPrinterImpl.obj
 0001:0000af6d       ?PrintRecItem@COPOSFiscalPrinter@@UAGJPA_WTtagCY@@JJ10PAJ@Z 1000bf6d f   FiscalPrinterImpl.obj
 0001:0000b066       ?PrintRecItemAdjustment@COPOSFiscalPrinter@@UAGJJPA_WTtagCY@@JPAJ@Z 1000c066 f   FiscalPrinterImpl.obj
 0001:0000b118       ?PrintRecItemAdjustmentVoid@COPOSFiscalPrinter@@UAGJJPA_WTtagCY@@JPAJ@Z 1000c118 f   FiscalPrinterImpl.obj
 0001:0000b1ca       ?PrintRecItemFuel@COPOSFiscalPrinter@@UAGJPA_WTtagCY@@JJ1010PAJ@Z 1000c1ca f   FiscalPrinterImpl.obj
 0001:0000b2f5       ?PrintRecItemFuelVoid@COPOSFiscalPrinter@@UAGJPA_WTtagCY@@J1PAJ@Z 1000c2f5 f   FiscalPrinterImpl.obj
 0001:0000b3aa       ?PrintRecItemRefund@COPOSFiscalPrinter@@UAGJPA_WTtagCY@@JJ10PAJ@Z 1000c3aa f   FiscalPrinterImpl.obj
 0001:0000b4a3       ?PrintRecItemRefundVoid@COPOSFiscalPrinter@@UAGJPA_WTtagCY@@JJ10PAJ@Z 1000c4a3 f   FiscalPrinterImpl.obj
 0001:0000b59c       ?PrintRecItemVoid@COPOSFiscalPrinter@@UAGJPA_WTtagCY@@JJ10PAJ@Z 1000c59c f   FiscalPrinterImpl.obj
 0001:0000b695       ?PrintRecMessage@COPOSFiscalPrinter@@UAGJPA_WPAJ@Z 1000c695 f   FiscalPrinterImpl.obj
 0001:0000b6ec       ?PrintRecNotPaid@COPOSFiscalPrinter@@UAGJPA_WTtagCY@@PAJ@Z 1000c6ec f   FiscalPrinterImpl.obj
 0001:0000b76b       ?PrintRecPackageAdjustVoid@COPOSFiscalPrinter@@UAGJJPA_WPAJ@Z 1000c76b f   FiscalPrinterImpl.obj
 0001:0000b7e7       ?PrintRecPackageAdjustment@COPOSFiscalPrinter@@UAGJJPA_W0PAJ@Z 1000c7e7 f   FiscalPrinterImpl.obj
 0001:0000b895       ?PrintRecRefund@COPOSFiscalPrinter@@UAGJPA_WTtagCY@@JPAJ@Z 1000c895 f   FiscalPrinterImpl.obj
 0001:0000b93c       ?PrintRecRefundVoid@COPOSFiscalPrinter@@UAGJPA_WTtagCY@@JPAJ@Z 1000c93c f   FiscalPrinterImpl.obj
 0001:0000b9e3       ?PrintRecSubtotal@COPOSFiscalPrinter@@UAGJTtagCY@@PAJ@Z 1000c9e3 f   FiscalPrinterImpl.obj
 0001:0000ba35       ?PrintRecSubtotalAdjustVoid@COPOSFiscalPrinter@@UAGJJTtagCY@@PAJ@Z 1000ca35 f   FiscalPrinterImpl.obj
 0001:0000baac       ?PrintRecSubtotalAdjustment@COPOSFiscalPrinter@@UAGJJPA_WTtagCY@@PAJ@Z 1000caac f   FiscalPrinterImpl.obj
 0001:0000bb53       ?PrintRecTaxID@COPOSFiscalPrinter@@UAGJPA_WPAJ@Z 1000cb53 f   FiscalPrinterImpl.obj
 0001:0000bbaa       ?PrintRecTotal@COPOSFiscalPrinter@@UAGJTtagCY@@0PA_WPAJ@Z 1000cbaa f   FiscalPrinterImpl.obj
 0001:0000bc54       ?PrintRecVoid@COPOSFiscalPrinter@@UAGJPA_WPAJ@Z 1000cc54 f   FiscalPrinterImpl.obj
 0001:0000bcab       ?PrintRecVoidItem@COPOSFiscalPrinter@@UAGJPA_WTtagCY@@JJ1JPAJ@Z 1000ccab f   FiscalPrinterImpl.obj
 0001:0000bd91       ?PrintReport@COPOSFiscalPrinter@@UAGJJPA_W0PAJ@Z 1000cd91 f   FiscalPrinterImpl.obj
 0001:0000be3f       ?PrintXReport@COPOSFiscalPrinter@@UAGJPAJ@Z 1000ce3f f   FiscalPrinterImpl.obj
 0001:0000be5a       ?PrintZReport@COPOSFiscalPrinter@@UAGJPAJ@Z 1000ce5a f   FiscalPrinterImpl.obj
[...]
 0002:00002430       ?candidate_modules@?1??try_get_FlsSetValue@@YAP6GHKPAX@ZXZ@4QBW4module_id@?A0x5d2a34d3@@B 10023430     libvcruntime:winapi_downlevel.obj
 0002:00002444       ?candidate_modules@?1??try_get_InitializeCriticalSectionEx@@YAP6GHPAU_RTL_CRITICAL_SECTION@@KK@ZXZ@4QBW4module_id@?A0x5d2a34d3@@B 10023444     libvcruntime:winapi_downlevel.obj
 0002:00002488       ?tokenTable@@3QBQBDB       10023488     libvcruntime:undname.obj
 0002:000024c8       ?nameTable@@3QBQBDB        100234c8     libvcruntime:undname.obj
 0002:00002610       ?rttiTable@@3QBQBDB        10023610     libvcruntime:undname.obj
 0002:00002c28       _errtable                  10023c28     libucrt:errno.obj
 0002:00002ed0       ___acrt_initializers       10023ed0     libucrt:initialization.obj
 0002:00002f48       _module_names              10023f48     libucrt:winapi_thunks.obj
 0002:00003490       ?candidate_modules@?1??try_get_FlsAlloc@@YAP6GKP6GXPAX@Z@ZXZ@4QBW4module_id@?A0x352e5c4b@@B 10024490     libucrt:winapi_thunks.obj
 0002:000034a4       ?candidate_modules@?1??try_get_FlsFree@@YAP6GHK@ZXZ@4QBW4module_id@?A0x352e5c4b@@B 100244a4     libucrt:winapi_thunks.obj
 0002:000034b4       ?candidate_modules@?1??try_get_FlsGetValue@@YAP6GPAXK@ZXZ@4QBW4module_id@?A0x352e5c4b@@B 100244b4     libucrt:winapi_thunks.obj
 0002:000034c8       ?candidate_modules@?1??try_get_FlsSetValue@@YAP6GHKPAX@ZXZ@4QBW4module_id@?A0x352e5c4b@@B 100244c8     libucrt:winapi_thunks.obj
 0002:000034dc       ?candidate_modules@?1??try_get_GetCurrentPackageId@@YAP6GJPAIPAE@ZXZ@4QBW4module_id@?A0x352e5c4b@@B 100244dc     libucrt:winapi_thunks.obj
 0002:000034f8       ?candidate_modules@?1??try_get_InitializeCriticalSectionEx@@YAP6GHPAU_RTL_CRITICAL_SECTION@@KK@ZXZ@4QBW4module_id@?A0x352e5c4b@@B 100244f8     libucrt:winapi_thunks.obj
 0002:0000351c       ?candidate_modules@?1??try_get_LCMapStringEx@@YAP6GHPB_WK0HPA_WHPAU_nlsversioninfo@@PAXJ@ZXZ@4QBW4module_id@?A0x352e5c4b@@B 1002451c     libucrt:winapi_thunks.obj
 0002:00003534       ?candidate_modules@?1??try_get_LocaleNameToLCID@@YAP6GKPB_WK@ZXZ@4QBW4module_id@?A0x352e5c4b@@B 10024534     libucrt:winapi_thunks.obj
 0002:00003550       ?candidate_modules@?1??try_get_SetThreadStackGuarantee@@YAP6GHPAK@ZXZ@4QBW4module_id@?A0x352e5c4b@@B 10024550     libucrt:winapi_thunks.obj
 0002:00003a7c       __mb_locale_names          10024a7c     libucrt:mbctype.obj
 0002:000042c8       _LcidToLocaleNameTable     100252c8     libucrt:lcidtoname_downlevel.obj
 0002:000053f0       _LocaleNameToIndexTable    100263f0     libucrt:lcidtoname_downlevel.obj
 0002:00006d30       LOG_name                   10027d30     libucrt:log10.obj
 0002:00006d40       _One                       10027d40     libucrt:ceil_pentium4.obj
 0002:00006d50       _Bns                       10027d50     libucrt:ceil_pentium4.obj
 0002:00006d60       _Zero                      10027d60     libucrt:ceil_pentium4.obj
 0002:00006d70       _S                         10027d70     libucrt:ceil_pentium4.obj
 0002:00006d80       _NegZero                   10027d80     libucrt:ceil_pentium4.obj
 0002:00006d90       emask                      10027d90     libucrt:log10_pentium4.obj
 0002:00006da0       CC                         10027da0     libucrt:log10_pentium4.obj
 0002:00006db0       Magic                      10027db0     libucrt:log10_pentium4.obj
 0002:00006dc0       hi_mask                    10027dc0     libucrt:log10_pentium4.obj
 0002:00006dd0       LOG10_2                    10027dd0     libucrt:log10_pentium4.obj
 0002:00006de0       place_L                    10027de0     libucrt:log10_pentium4.obj
 0002:00006e00       One                        10027e00     libucrt:log10_pentium4.obj
 0002:00006e10       Zero                       10027e10     libucrt:log10_pentium4.obj
 0002:00006e20       Two52                      10027e20     libucrt:log10_pentium4.obj
 0002:00006e30       Infs                       10027e30     libucrt:log10_pentium4.obj
 0002:00006e40       NaN                        10027e40     libucrt:log10_pentium4.obj
 0002:00006e50       coeff                      10027e50     libucrt:log10_pentium4.obj
 0002:00006eae       _log2max                   10027eae     libucrt:87tran.obj
 0002:00006eb8       _smallarg                  10027eb8     libucrt:87tran.obj
 0002:00006ec2       _half                      10027ec2     libucrt:87tran.obj
 0002:00006f0e       One                        10027f0e     libucrt:87disp.obj
 0002:00006f16       Three                      10027f16     libucrt:87disp.obj
 0002:00006f1e       XAMtoTagTab                10027f1e     libucrt:87disp.obj
 0002:00006f30       One                        10027f30     libucrt:common.obj
 0002:00006f44       DblMax                     10027f44     libucrt:common.obj
 0002:00006f4c       DblMin                     10027f4c     libucrt:common.obj
 0002:00006f54       IeeeAdjO                   10027f54     libucrt:common.obj
 0002:00006f5c       IeeeAdjU                   10027f5c     libucrt:common.obj
 0002:00006f64       _infinity                  10027f64     libucrt:common.obj
 0002:00006f6c       _zero                      10027f6c     libucrt:common.obj
 0002:00006fa8       _over                      10027fa8     libucrt:fpctrl.obj
 0002:00006fb4       _under                     10027fb4     libucrt:fpctrl.obj
 0002:00007878       ?_names@?1??_get_fname@@9@9 10028878     libucrt:fpexcept.obj
 0002:00008050       __sehtable$?_AtlVerifyStackAvailable@_ATL_SAFE_ALLOCA_IMPL@ATL@@YA_NK@Z 10029050     FiscalPrinter.obj
 0002:00008070       __sehtable$___scrt_is_nonwritable_in_current_image 10029070     LIBCMT:utility.obj
 0002:0000808c       __ehfuncinfo$?__scrt_initialize_thread_safe_statics_platform_specific@@YAXXZ 1002908c     LIBCMT:thread_safe_statics.obj
 0002:000080b0       __catchsym$??2@YAPAXIABUnothrow_t@std@@@Z$2 100290b0     LIBCMT:new_scalar_nothrow.obj
 0002:000080c0       __unwindtable$??2@YAPAXIABUnothrow_t@std@@@Z 100290c0     LIBCMT:new_scalar_nothrow.obj
 0002:000080d0       __tryblocktable$??2@YAPAXIABUnothrow_t@std@@@Z 100290d0     LIBCMT:new_scalar_nothrow.obj
 0002:000080e4       __ehfuncinfo$??2@YAPAXIABUnothrow_t@std@@@Z 100290e4     LIBCMT:new_scalar_nothrow.obj
 0002:00008108       __sehtable$?dllmain_crt_process_attach@@YAHQAUHINSTANCE__@@QAX@Z 10029108     LIBCMT:dll_dllmain.obj
 0002:00008128       __sehtable$?dllmain_crt_process_detach@@YAH_N@Z 10029128     LIBCMT:dll_dllmain.obj
 0002:00008148       __sehtable$?dllmain_dispatch@@YAHQAUHINSTANCE__@@KQAX@Z 10029148     LIBCMT:dll_dllmain.obj
 0002:000081f8       __sehtable$?FrameUnwindToState@__FrameHandler3@@SAXPAUEHRegistrationNode@@PAXPBU_s_FuncInfo@@H@Z 100291f8     libvcruntime:frame.obj
 0002:00008220       __sehtable$?CallCatchBlock@@YAPAXPAUEHExceptionRecord@@PAUEHRegistrationNode@@PAU_CONTEXT@@PBU_s_FuncInfo@@PAXHK@Z 10029220     libvcruntime:frame.obj
 0002:00008248       __catchsym$?CallUnexpected@@YAXPBU_s_ESTypeList@@@Z$2 10029248     libvcruntime:frame.obj
 0002:00008258       __unwindtable$?CallUnexpected@@YAXPBU_s_ESTypeList@@@Z 10029258     libvcruntime:frame.obj
 0002:00008268       __tryblocktable$?CallUnexpected@@YAXPBU_s_ESTypeList@@@Z 10029268     libvcruntime:frame.obj
 0002:0000827c       __ehfuncinfo$?CallUnexpected@@YAXPBU_s_ESTypeList@@@Z 1002927c     libvcruntime:frame.obj
 0002:000082a0       __sehtable$??$BuildCatchObjectHelperInternal@V__FrameHandler3@@@@YAHPAUEHExceptionRecord@@PAXPBU_s_HandlerType@@PBU_s_CatchableType@@@Z 100292a0     libvcruntime:frame.obj
 0002:000082c0       __sehtable$??$BuildCatchObjectInternal@V__FrameHandler3@@@@YAXPAUEHExceptionRecord@@PAXPBU_s_HandlerType@@PBU_s_CatchableType@@@Z 100292c0     libvcruntime:frame.obj
 0002:00008318       __sehtable$___DestructExceptionObject 10029318     libvcruntime:ehhelpers.obj
 0002:00008338       __sehtable$?common_exit@@YAXHW4_crt_exit_cleanup_mode@@W4_crt_exit_return_mode@@@Z 10029338     libucrt:exit.obj
 0002:00008360       __sehtable$??$?RV<lambda_800076c951b434888f4765a74a194fcc>@@AAV<lambda_4e60a939b0d047cfe11ddc22648dfba9>@@V<lambda_6dbb1268764f43b569ce7b67e331d33a>@@@?$__crt_seh_guarded_call@H@@QAEH$$QAV<lambda_800076c951b434888f4765a74a194fcc>@@AAV<lambda_4e60a939b0d047cfe11ddc22648dfba9>@@$$QAV<lambda_6dbb1268764f43b569ce7b67e331d33a>@@@Z 10029360     libucrt:onexit.obj
 0002:00008380       __sehtable$??$?RV<lambda_995298e7d72eb4c2aab26c0585b3abe5>@@AAV<lambda_275893d493268fdec8709772e3fcec0e>@@V<lambda_293819299cbf9a7022e18b56a874bb5c>@@@?$__crt_seh_guarded_call@H@@QAEH$$QAV<lambda_995298e7d72eb4c2aab26c0585b3abe5>@@AAV<lambda_275893d493268fdec8709772e3fcec0e>@@$$QAV<lambda_293819299cbf9a7022e18b56a874bb5c>@@@Z 10029380     libucrt:onexit.obj
 0002:000083a0       __sehtable$__query_new_handler 100293a0     libucrt:new_handler.obj
 0002:000083c0       __sehtable$_terminate      100293c0     libucrt:terminate.obj
 0002:000083e0       __sehtable$??$?RV<lambda_9df27f884b057bc3edfc946cb5b7cf47>@@AAV<lambda_e69574bed617af4e071282c136b37893>@@V<lambda_cc0d902bcbbeb830f749456577db4721>@@@?$__crt_seh_guarded_call@X@@QAEX$$QAV<lambda_9df27f884b057bc3edfc946cb5b7cf47>@@AAV<lambda_e69574bed617af4e071282c136b37893>@@$$QAV<lambda_cc0d902bcbbeb830f749456577db4721>@@@Z 100293e0     libucrt:per_thread_data.obj
 0002:00008400       __sehtable$??$?RV<lambda_3518db117f0e7cdb002338c5d3c47b6c>@@AAV<lambda_b2ea41f6bbb362cd97d94c6828d90b61>@@V<lambda_abdedf541bb04549bc734292b4a045d4>@@@?$__crt_seh_guarded_call@X@@QAEX$$QAV<lambda_3518db117f0e7cdb002338c5d3c47b6c>@@AAV<lambda_b2ea41f6bbb362cd97d94c6828d90b61>@@$$QAV<lambda_abdedf541bb04549bc734292b4a045d4>@@@Z 10029400     libucrt:per_thread_data.obj
 0002:00008420       __sehtable$??$?RV<lambda_51b6e8b1eb166f2a3faf91f424b38130>@@AAV<lambda_6250bd4b2a391816dd638c3bf72b0bcb>@@V<lambda_0b5a4a3e68152e1d9b943535f5f47bed>@@@?$__crt_seh_guarded_call@X@@QAEX$$QAV<lambda_51b6e8b1eb166f2a3faf91f424b38130>@@AAV<lambda_6250bd4b2a391816dd638c3bf72b0bcb>@@$$QAV<lambda_0b5a4a3e68152e1d9b943535f5f47bed>@@@Z 10029420     libucrt:per_thread_data.obj
 0002:00008440       __sehtable$??$?RV<lambda_5b71d36f03204c0beab531769a5b5694>@@AAV<lambda_be2b3da3f62db62e9dad5dc70221a656>@@V<lambda_8f9ce462984622f9bf76b59e2aaaf805>@@@?$__crt_seh_guarded_call@X@@QAEX$$QAV<lambda_5b71d36f03204c0beab531769a5b5694>@@AAV<lambda_be2b3da3f62db62e9dad5dc70221a656>@@$$QAV<lambda_8f9ce462984622f9bf76b59e2aaaf805>@@@Z 10029440     libucrt:per_thread_data.obj
 0002:00008460       __sehtable$___acrt_uninitialize_locale 10029460     libucrt:wsetlocale.obj
 0002:00008480       __sehtable$___acrt_initialize_lowio 10029480     libucrt:ioinit.obj
 0002:000084a0       __sehtable$___acrt_update_thread_multibyte_data 100294a0     libucrt:mbctype.obj
 0002:000084c0       __sehtable$??$?RV<lambda_978dc153c237d78434369da87b74ff60>@@AAV<lambda_ad1ced32f4ac17aa236e5ef05d6b3b7c>@@V<lambda_4a8533e2866a575feecb8298ce776b0d>@@@?$__crt_seh_guarded_call@X@@QAEX$$QAV<lambda_978dc153c237d78434369da87b74ff60>@@AAV<lambda_ad1ced32f4ac17aa236e5ef05d6b3b7c>@@$$QAV<lambda_4a8533e2866a575feecb8298ce776b0d>@@@Z 100294c0     libucrt:mbctype.obj
 0002:000084e0       __sehtable$_raise          100294e0     libucrt:signal.obj
 0002:00008500       __sehtable$??$?RV<lambda_a048d3beccc847880fc8490e18b82769>@@AAV<lambda_ec61778202f4f5fc7e7711acc23c3bca>@@V<lambda_f7496a158712204296dd6628a163878e>@@@?$__crt_seh_guarded_call@P6AXH@Z@@QAEP6AXH@Z$$QAV<lambda_a048d3beccc847880fc8490e18b82769>@@AAV<lambda_ec61778202f4f5fc7e7711acc23c3bca>@@$$QAV<lambda_f7496a158712204296dd6628a163878e>@@@Z 10029500     libucrt:signal.obj
 0002:00008520       __sehtable$___acrt_update_thread_locale_data 10029520     libucrt:locale_refcounting.obj
 0002:00008540       __sehtable$__fcloseall     10029540     libucrt:closeall.obj
 0002:00008560       __sehtable$_common_flush_all 10029560     libucrt:fflush.obj
 0002:00008588       __sehtable$___acrt_lowio_ensure_fh_exists 10029588     libucrt:osfinfo.obj
 0002:000085a8       __sehtable$__write         100295a8     libucrt:write.obj
 0002:000085c8       __sehtable$_fclose         100295c8     libucrt:fclose.obj
 0002:000085e8       __sehtable$??$?RV<lambda_61cee617f5178ae960314fd4d05640a0>@@AAV<lambda_6978c1fb23f02e42e1d9e99668cc68aa>@@V<lambda_9cd88cf8ad10232537feb2133f08c833>@@@?$__crt_seh_guarded_call@H@@QAEH$$QAV<lambda_61cee617f5178ae960314fd4d05640a0>@@AAV<lambda_6978c1fb23f02e42e1d9e99668cc68aa>@@$$QAV<lambda_9cd88cf8ad10232537feb2133f08c833>@@@Z 100295e8     libucrt:commit.obj
 0002:00008608       __sehtable$??$?RV<lambda_123407a5e2ac06da108355a851863b7a>@@AAV<lambda_2fe9b910cf3cbf4a0ab98a02ba45b3ec>@@V<lambda_ae55bdf541ad94d75914d381c370e64d>@@@?$__crt_seh_guarded_call@H@@QAEH$$QAV<lambda_123407a5e2ac06da108355a851863b7a>@@AAV<lambda_2fe9b910cf3cbf4a0ab98a02ba45b3ec>@@$$QAV<lambda_ae55bdf541ad94d75914d381c370e64d>@@@Z 10029608     libucrt:close.obj
 0002:00008628       __sehtable$__IsNonwritableInCurrentImage 10029628     LIBCMT:pesect.obj
 0002:00008650       .edata                     10029650     OPOSFiscalPrinter.exp
 0002:00008678       rgpv                       10029678     OPOSFiscalPrinter.exp
 0002:00008688       rgszName                   10029688     OPOSFiscalPrinter.exp
 0002:00008698       rgwOrd                     10029698     OPOSFiscalPrinter.exp
 0002:000086a0       szName                     100296a0     OPOSFiscalPrinter.exp
 0002:000086b6       $N00001                    100296b6     OPOSFiscalPrinter.exp
 0002:000086c6       $N00002                    100296c6     OPOSFiscalPrinter.exp
 0002:000086d8       $N00003                    100296d8     OPOSFiscalPrinter.exp
 0002:000086ea       $N00004                    100296ea     OPOSFiscalPrinter.exp
 0002:00008cfe       .idata$6                   10029cfe     kernel32:KERNEL32.dll
 0002:00008f12       .idata$6                   10029f12     user32:USER32.dll
 0002:00009046       .idata$6                   1002a046     gdi32:GDI32.dll
 0002:000090ec       .idata$6                   1002a0ec     advapi32:ADVAPI32.dll
 0002:00009208       .idata$6                   1002a208     ole32:ole32.dll
 0002:00009212       .idata$6                   1002a212     oleaut32:OLEAUT32.dll
 0003:00000110       ?ObjectMap@@3PAU_ATL_OBJMAP_ENTRY30@ATL@@A 1002b110     FiscalPrinter.obj
 0003:000001c8       ?s_SOMethodNames@@3PAPADA  1002b1c8     FiscalPrinterImpl.obj
 0003:00000308       ?s_RequiredMethodsPerRelease@@3PAHA 1002b308     FiscalPrinterImpl.obj
 0003:00000350       ?__vcrt_flsindex@@3KA      1002b350     libvcruntime:per_thread_data.obj
 0003:00000370       _errno_no_memory           1002b370     libucrt:errno.obj
 0003:00000374       _doserrno_no_memory        1002b374     libucrt:errno.obj
 0003:00000380       ___acrt_flsindex           1002b380     libucrt:per_thread_data.obj
 0003:000004f4       ___rgctypeflag             1002b4f4     libucrt:mbctype.obj
 0003:000004f8       ___rgcode_page_info        1002b4f8     libucrt:mbctype.obj
 0003:00000c18       ?is_initialized_as_dll@@3_NA 1002bc18     LIBCMT:utility.obj
 0003:00000c19       ?module_local_atexit_table_initialized@@3_NA 1002bc19     LIBCMT:utility.obj
 0003:00000c1c       ?module_local_atexit_table@@3U_onexit_table_t@@A 1002bc1c     LIBCMT:utility.obj
 0003:00000c28       ?module_local_at_quick_exit_table@@3U_onexit_table_t@@A 1002bc28     LIBCMT:utility.obj
 0003:00000c34       ?_Tss_mutex@@3U_RTL_CRITICAL_SECTION@@A 1002bc34     LIBCMT:thread_safe_statics.obj
 0003:00000c4c       ?_Tss_cv@@3U_RTL_CONDITION_VARIABLE@@A 1002bc4c     LIBCMT:thread_safe_statics.obj
 0003:00000c50       ?_Tss_event@@3PAXA         1002bc50     LIBCMT:thread_safe_statics.obj
 0003:00000c54       ?encoded_sleep_condition_variable_cs@@3P6GHPAU_RTL_CONDITION_VARIABLE@@PAU_RTL_CRITICAL_SECTION@@K@ZA 1002bc54     LIBCMT:thread_safe_statics.obj
 0003:00000c58       ?encoded_wake_all_condition_variable@@3P6GXPAU_RTL_CONDITION_VARIABLE@@@ZA 1002bc58     LIBCMT:thread_safe_statics.obj
 0003:00000c60       _GS_ExceptionRecord        1002bc60     LIBCMT:gs_report.obj
 0003:00000cb0       _GS_ContextRecord          1002bcb0     LIBCMT:gs_report.obj
 0003:00000f80       ?__proc_attached@@3HA      1002bf80     LIBCMT:dll_dllmain.obj
 0003:00000fdc       ?AllocateData@@3P6GPAUAtlThunkData_t@@XZA 1002bfdc     atls:atlthunk.obj
 0003:00000fe0       ?InitData@@3P6GXPAUAtlThunkData_t@@PAXI@ZA 1002bfe0     atls:atlthunk.obj
 0003:00000fe4       ?DataToCode@@3P6GP6GJPAUHWND__@@IIJ@ZPAUAtlThunkData_t@@@ZA 1002bfe4     atls:atlthunk.obj
 0003:00000fe8       ?FreeData@@3P6GXPAUAtlThunkData_t@@@ZA 1002bfe8     atls:atlthunk.obj
 0003:00000fec       ?Initialized@@3_NA         1002bfec     atls:atlthunk.obj
 0003:00000ff8       ?__vcrt_startup_thread_ptd@@3U__vcrt_ptd@@A 1002bff8     libvcruntime:per_thread_data.obj
 0003:00001020       ___vcrt_lock_table         1002c020     libvcruntime:locks.obj
 0003:00001038       ___vcrt_locks_initialized  1002c038     libvcruntime:locks.obj
 0003:0000103c       ?module_handles@@3PAPAUHINSTANCE__@@A 1002c03c     libvcruntime:winapi_downlevel.obj
 0003:00001048       ?encoded_function_pointers@@3PAPAXA 1002c048     libvcruntime:winapi_downlevel.obj
 0003:00001084       ?heap@@3V_HeapManager@@A   1002c084     libvcruntime:undname.obj
 0003:0000109c       ___acrt_invalid_parameter_handler 1002c09c     libucrt:invalid_parameter.obj
 0003:000010a0       _c_termination_complete    1002c0a0     libucrt:exit.obj
 0003:000010a4       _thread_local_exit_callback_func 1002c0a4     libucrt:exit.obj
 0003:000010a8       ?c_exit_complete@?5??common_exit@@YAXHW4_crt_exit_cleanup_mode@@W4_crt_exit_return_mode@@@Z@4_NA 1002c0a8     libucrt:exit.obj
 0003:000010b0       ?program_name@?5???$common_configure_argv@D@@YAHW4_crt_argv_mode@@@Z@4PADA 1002c0b0     libucrt:argv_parsing.obj
 0003:000011e0       ___acrt_new_handler        1002c1e0     libucrt:new_handler.obj
 0003:000011e8       _module_handles            1002c1e8     libucrt:winapi_thunks.obj
 0003:00001238       _encoded_function_pointers 1002c238     libucrt:winapi_thunks.obj
 0003:000012b8       ?state_cache@?1??__acrt_is_packaged_app@@9@4JA 1002c2b8     libucrt:winapi_thunks.obj
 0003:000012c4       _enable_percent_n          1002c2c4     libucrt:printf_count_output.obj
 0003:000014e0       ___acrt_lock_table         1002c4e0     libucrt:locks.obj
 0003:00001618       ___acrt_locks_initialized  1002c618     libucrt:locks.obj
 0003:00001634       _fSystemSet                1002c634     libucrt:mbctype.obj
 0003:00001638       ?initialized@?1??__acrt_initialize_multibyte@@9@4_NA 1002c638     libucrt:mbctype.obj
 0003:00001658       _ctrlc_action              1002c658     libucrt:signal.obj
 0003:0000165c       _ctrlbreak_action          1002c65c     libucrt:signal.obj
 0003:00001660       _abort_action              1002c660     libucrt:signal.obj
 0003:00001664       _term_action               1002c664     libucrt:signal.obj
 0003:00001668       _user_matherr              1002c668     libucrt:matherr.obj
 0003:0000166c       ___acrt_global_new_mode    1002c66c     libucrt:new_mode.obj
 0003:00001678       ___acrt_app_type           1002c678     libucrt:report_runtime_error.obj
 0003:00001680       __pmatherr_set             1002c680     libucrt:libm_error.obj
 0004:00000220       $R000000                   1002d220     FiscalPrinter.res
 0004:00000ba0       $R000980                   1002dba0     FiscalPrinter.res
 0004:00000c88       $R000A68                   1002dc88     FiscalPrinter.res
 0004:00000ef0       $R000CD0                   1002def0     FiscalPrinter.res
 0004:00001468       $R001248                   1002e468     FiscalPrinter.res
 0004:00009858       $R009638                   10036858     FiscalPrinter.res
 0004:00009898       $R009678                   10036898     FiscalPrinter.res
