 OPOSKeylock

 Timestamp is 5defa994 (Tue Dec 10 23:20:04 2019)

 Preferred load address is 10000000

 Start         Length     Name                   Class
 0001:00000000 00000080H .text$di                CODE
 0001:00000080 0001d4a3H .text$mn                CODE
 0001:0001d523 00000036H .text$x                 CODE
 0001:0001d559 00000042H .text$yd                CODE
 0002:00000000 000002fcH .idata$5                DATA
 0002:000002fc 00000004H .00cfg                  DATA
 0002:00000300 00000004H .CRT$XCA                DATA
 0002:00000304 00000004H .CRT$XCL                DATA
 0002:00000308 00000010H .CRT$XCU                DATA
 0002:00000318 00000004H .CRT$XCZ                DATA
 0002:0000031c 00000004H .CRT$XIA                DATA
 0002:00000320 00000010H .CRT$XIC                DATA
 0002:00000330 00000004H .CRT$XIZ                DATA
 0002:00000334 00000004H .CRT$XLA                DATA
 0002:00000338 00000004H .CRT$XLZ                DATA
 0002:0000033c 00000004H .CRT$XPA                DATA
 0002:00000340 00000008H .CRT$XPX                DATA
 0002:00000348 00000004H .CRT$XPXA               DATA
 0002:0000034c 00000004H .CRT$XPZ                DATA
 0002:00000350 00000004H .CRT$XTA                DATA
 0002:00000354 0000000cH .CRT$XTZ                DATA
 0002:00000358 00000000H .gfids$y                DATA
 0002:00000360 00006e3cH .rdata                  DATA
 0002:0000719c 00000018H .rdata$T                DATA
 0002:000071b4 0000017cH .rdata$r                DATA
 0002:00007330 0000001cH .rdata$sxdata           DATA
 0002:0000734c 000003dcH .rdata$zzzdbg           DATA
 0002:00007728 00000004H .rtc$IAA                DATA
 0002:0000772c 00000004H .rtc$IZZ                DATA
 0002:00007730 00000004H .rtc$TAA                DATA
 0002:00007734 00000004H .rtc$TZZ                DATA
 0002:00007738 00000004H .tls                    DATA
 0002:0000773c 00000004H .tls$                   DATA
 0002:00007740 00000008H .tls$ZZZ                DATA
 0002:00007748 0000060cH .xdata$x                DATA
 0002:00007d54 00000004H ATL$__a                 DATA
 0002:00007d58 00000008H ATL$__z                 DATA
 0002:00007d60 000000a8H .edata                  DATA
 0002:00007e08 00000078H .idata$2                DATA
 0002:00007e80 00000014H .idata$3                DATA
 0002:00007e94 000002fcH .idata$4                DATA
 0002:00008190 00000bc8H .idata$6                DATA
 0003:00000000 00000ab0H .data                   DATA
 0003:00000ab0 00000098H .data$r                 DATA
 0003:00000b48 00000b80H .bss                    DATA
 0004:00000000 00000220H .rsrc$01                DATA
 0004:00000220 000038e0H .rsrc$02                DATA

  Address         Publics by Value              Rva+Base       Lib:Object

 0000:00000000       ___guard_longjmp_count     00000000     <absolute>
 0000:00000000       ___guard_fids_count        00000000     <absolute>
 0000:00000000       __except_list              00000000     <absolute>
 0000:00000000       ___guard_longjmp_table     00000000     <absolute>
 0000:00000000       ___hybrid_code_map_count   00000000     <absolute>
 0000:00000000       ___hybrid_auxiliary_iat    00000000     <absolute>
 0000:00000000       ___guard_fids_table        00000000     <absolute>
 0000:00000000       ___dynamic_value_reloc_table 00000000     <absolute>
 0000:00000000       ___guard_iat_table         00000000     <absolute>
 0000:00000000       ___volatile_metadata       00000000     <absolute>
 0000:00000000       ___AbsoluteZero            00000000     <absolute>
 0000:00000000       ___enclave_config          00000000     <absolute>
 0000:00000000       ___guard_iat_count         00000000     <absolute>
 0000:00000000       ___hybrid_code_map         00000000     <absolute>
 0000:00000007       ___safe_se_handler_count   00000007     <absolute>
 0000:0000002c       __tls_array                0000002c     <absolute>
 0000:00000100       ___guard_flags             00000100     <absolute>
 0000:00000000       ___ImageBase               10000000     <linker-defined>
 0001:00000080       ?DupWide@_CW@@AAEXXZ       10001080 f   CWString.obj
 0001:0000009c       ?cw_dup@@YGXPBDAAHAAPA_W1@Z 1000109c f   CWString.obj
 0001:00000124       ?cw_memcpy@@YGHPA_WPBDH@Z  10001124 f   CWString.obj
 0001:00000150       ?cw_strcpy@@YAHPA_WPBD@Z   10001150 f   CWString.obj
 0001:00000163       ?cw_strlen@@YAHPBD@Z       10001163 f   CWString.obj
 0001:0000017c       ??0CAtlComModule@ATL@@QAE@XZ 1000117c f i OposVariant.obj
 0001:000001c1       ??0CAtlWinModule@ATL@@QAE@XZ 100011c1 f i OposVariant.obj
 0001:000001f8       ??0OposDispParms@@QAE@PAVOposVariant@@H@Z 100011f8 f   OposVariant.obj
 0001:00000269       ??1OposDispParms@@QAE@XZ   10001269 f   OposVariant.obj
 0001:00000277       ??A?$CSimpleArray@GV?$CSimpleArrayEqualHelper@G@ATL@@@ATL@@QAEAAGH@Z 10001277 f i OposVariant.obj
 0001:0000029c       ??_Estringdispid@CComTypeInfoHolder@ATL@@QAEPAXI@Z 1000129c f i OposVariant.obj
 0001:00000308       ?AtlWinModuleInit@ATL@@YGJPAU_ATL_WIN_MODULE70@1@@Z 10001308 f i OposVariant.obj
 0001:0000032e       ?AtlWinModuleTerm@ATL@@YGJPAU_ATL_WIN_MODULE70@1@PAUHINSTANCE__@@@Z 1000132e f i OposVariant.obj
 0001:00000391       ?ChangeBSTR@OposVariant@@QAEXPAPA_WAAJ@Z 10001391 f   OposVariant.obj
 0001:000003d2       ?ChangeLONG@OposVariant@@QAEXPAJAAJ@Z 100013d2 f   OposVariant.obj
 0001:00000413       ?GetLONG@OposVariant@@QAEJXZ 10001413 f   OposVariant.obj
 0001:0000042e       ?Init@CComCriticalSection@ATL@@QAEJXZ 1000142e f i OposVariant.obj
 0001:00000456       ?RemoveAll@?$CSimpleArray@GV?$CSimpleArrayEqualHelper@G@ATL@@@ATL@@QAEXXZ 10001456 f i OposVariant.obj
 0001:00000456       ?RemoveAll@?$CSimpleArray@PAUHINSTANCE__@@V?$CSimpleArrayEqualHelper@PAUHINSTANCE__@@@ATL@@@ATL@@QAEXXZ 10001456 f i atls:atlbase.obj
 0001:00000473       ?SetBSTR@OposVariant@@QAEXPA_WAAJ@Z 10001473 f   OposVariant.obj
 0001:000004a7       ?SetBSTR_Copy@OposVariant@@QAEXPA_WAAJ@Z 100014a7 f   OposVariant.obj
 0001:000004f7       ?SetBSTR_InOutPtr@OposVariant@@QAE_NPAPA_WAAJ@Z 100014f7 f   OposVariant.obj
 0001:0000052e       ?SetDispatch_Ptr@OposVariant@@QAEXPAUIDispatch@@AAJ@Z 1000152e f   OposVariant.obj
 0001:00000569       ?SetLONG@OposVariant@@QAEXJ@Z 10001569 f   OposVariant.obj
 0001:0000058b       ?SetLONG_Ptr@OposVariant@@QAEXPAJAAJ@Z 1000158b f   OposVariant.obj
 0001:000005be       ?SetString@OposVariant@@QAEXPB_WAAJ@Z 100015be f   OposVariant.obj
 0001:00000604       ?SetVARIANT_BOOL@OposVariant@@QAEXF@Z 10001604 f   OposVariant.obj
 0001:0000062e       ?Term@CAtlComModule@ATL@@QAEXXZ 1000162e f i OposVariant.obj
 0001:00000678       ?_AtlRaiseException@ATL@@YAXKK@Z 10001678 f i OposVariant.obj
 0001:0000068d       ?CreateInstance@CComClassFactory@ATL@@UAGJPAUIUnknown@@ABU_GUID@@PAPAX@Z 1000168d f i Keylock.obj
 0001:000006cb       ?LockServer@CComClassFactory@ATL@@UAGJH@Z 100016cb f i Keylock.obj
 0001:000006ea       ??_GCComClassFactory@ATL@@UAEPAXI@Z 100016ea f i Keylock.obj
 0001:000006ea       ??_ECComClassFactory@ATL@@UAEPAXI@Z 100016ea f i Keylock.obj
 0001:00000715       ?GetWindowProc@?$CWindowImplBaseT@VCWindow@ATL@@V?$CWinTraits@$0FGAAAAAA@$0A@@2@@ATL@@UAEP6GJPAUHWND__@@IIJ@ZXZ 10001715 f i Keylock.obj
 0001:0000071b       ?StartWindowProc@?$CWindowImplBaseT@VCWindow@ATL@@V?$CWinTraits@$0FGAAAAAA@$0A@@2@@ATL@@SGJPAUHWND__@@IIJ@Z 1000171b f i Keylock.obj
 0001:0000076f       ?OnFinalMessage@?$CWindowImplBaseT@VCWindow@ATL@@V?$CWinTraits@$0FGAAAAAA@$0A@@2@@ATL@@UAEXPAUHWND__@@@Z 1000176f f i Keylock.obj
 0001:0000076f       ?ObjectMain@CComObjectRootBase@ATL@@SGX_N@Z 1000176f f i Keylock.obj
 0001:00000772       ?GetTypeInfoCount@?$IDispatchImpl@UIOPOSKeylock@@$1?IID_IOPOSKeylock@@3U_GUID@@B$1?LIBID_OposKeylock_CCO@@3U3@B$00$0A@VCComTypeInfoHolder@ATL@@@ATL@@UAGJPAI@Z 10001772 f i Keylock.obj
 0001:0000078f       ?GetTypeInfo@?$IDispatchImpl@UIOPOSKeylock@@$1?IID_IOPOSKeylock@@3U_GUID@@B$1?LIBID_OposKeylock_CCO@@3U3@B$00$0A@VCComTypeInfoHolder@ATL@@@ATL@@UAGJIKPAPAUITypeInfo@@@Z 1000178f f i Keylock.obj
 0001:000007b3       ?GetIDsOfNames@?$IDispatchImpl@UIOPOSKeylock@@$1?IID_IOPOSKeylock@@3U_GUID@@B$1?LIBID_OposKeylock_CCO@@3U3@B$00$0A@VCComTypeInfoHolder@ATL@@@ATL@@UAGJABU_GUID@@PAPA_WIKPAJ@Z 100017b3 f i Keylock.obj
 0001:000007d3       ?Invoke@?$IDispatchImpl@UIOPOSKeylock@@$1?IID_IOPOSKeylock@@3U_GUID@@B$1?LIBID_OposKeylock_CCO@@3U3@B$00$0A@VCComTypeInfoHolder@ATL@@@ATL@@UAGJJABU_GUID@@KGPAUtagDISPPARAMS@@PAUtagVARIANT@@PAUtagEXCEPINFO@@PAI@Z 100017d3 f i Keylock.obj
 0001:000007e1       ?CreateControlWindow@?$CComControl@VCOPOSKeylock@@V?$CWindowImpl@VCOPOSKeylock@@VCWindow@ATL@@V?$CWinTraits@$0FGAAAAAA@$0A@@3@@ATL@@@ATL@@UAEPAUHWND__@@PAU3@AAUtagRECT@@@Z 100017e1 f i Keylock.obj
 0001:00000810       ?ControlQueryInterface@?$CComControl@VCOPOSKeylock@@V?$CWindowImpl@VCOPOSKeylock@@VCWindow@ATL@@V?$CWinTraits@$0FGAAAAAA@$0A@@3@@ATL@@@ATL@@UAEJABU_GUID@@PAPAX@Z 10001810 f i Keylock.obj
 0001:0000082b       ?GetClassID@?$IPersistStorageImpl@VCOPOSKeylock@@@ATL@@UAGJPAU_GUID@@@Z 1000182b f i Keylock.obj
 0001:0000082b       ?GetUserClassID@?$IOleObjectImpl@VCOPOSKeylock@@@ATL@@UAGJPAU_GUID@@@Z 1000182b f i Keylock.obj
 0001:0000082b       ?GetClassID@?$IPersistStreamInitImpl@VCOPOSKeylock@@@ATL@@UAGJPAU_GUID@@@Z 1000182b f i Keylock.obj
 0001:0000084f       ?IsDirty@?$IPersistStreamInitImpl@VCOPOSKeylock@@@ATL@@UAGJXZ 1000184f f i Keylock.obj
 0001:0000086e       ?Load@?$IPersistStreamInitImpl@VCOPOSKeylock@@@ATL@@UAGJPAUIStream@@@Z 1000186e f i Keylock.obj
 0001:0000088d       ?Save@?$IPersistStreamInitImpl@VCOPOSKeylock@@@ATL@@UAGJPAUIStream@@H@Z 1000188d f i Keylock.obj
 0001:000008af       ?GetSizeMax@?$IPersistStreamInitImpl@VCOPOSKeylock@@@ATL@@UAGJPAT_ULARGE_INTEGER@@@Z 100018af f i Keylock.obj
 0001:00000a8e       ?InitNew@?$IPersistStreamInitImpl@VCOPOSKeylock@@@ATL@@UAGJXZ 10001a8e f i Keylock.obj
 0001:00000aab       ?SOOutputCompleteDummy@COPOSKeylock@@MAGJJ@Z 10001aab f i Keylock.obj
 0001:00000aab       ?QueryGetData@?$IDataObjectImpl@VCOPOSKeylock@@@ATL@@UAGJPAUtagFORMATETC@@@Z 10001aab f i Keylock.obj
 0001:00000aab       ?Unfreeze@?$IViewObjectExImpl@VCOPOSKeylock@@@ATL@@UAGJK@Z 10001aab f i Keylock.obj
 0001:00000aab       ?GetControlInfo@?$IOleControlImpl@VCOPOSKeylock@@@ATL@@UAGJPAUtagCONTROLINFO@@@Z 10001aab f i Keylock.obj
 0001:00000aab       ?OnMnemonic@?$IOleControlImpl@VCOPOSKeylock@@@ATL@@UAGJPAUtagMSG@@@Z 10001aab f i Keylock.obj
 0001:00000aab       ?ContextSensitiveHelp@?$IOleInPlaceActiveObjectImpl@VCOPOSKeylock@@@ATL@@UAGJH@Z 10001aab f i Keylock.obj
 0001:00000aab       ?ContextSensitiveHelp@?$IOleInPlaceObjectWindowlessImpl@VCOPOSKeylock@@@ATL@@UAGJH@Z 10001aab f i Keylock.obj
 0001:00000aab       ?GetDropTarget@?$IOleInPlaceObjectWindowlessImpl@VCOPOSKeylock@@@ATL@@UAGJPAPAUIDropTarget@@@Z 10001aab f i Keylock.obj
 0001:00000aab       ?SODataDummy@COPOSKeylock@@MAGJJ@Z 10001aab f i Keylock.obj
 0001:00000aab       ?SetColorScheme@?$IOleObjectImpl@VCOPOSKeylock@@@ATL@@UAGJPAUtagLOGPALETTE@@@Z 10001aab f i Keylock.obj
 0001:00000ab3       ?EnableModeless@?$IOleInPlaceActiveObjectImpl@VCOPOSKeylock@@@ATL@@UAGJH@Z 10001ab3 f i Keylock.obj
 0001:00000ab3       ?SaveCompleted@?$IPersistStorageImpl@VCOPOSKeylock@@@ATL@@UAGJPAUIStorage@@@Z 10001ab3 f i Keylock.obj
 0001:00000ab3       ?OnAmbientPropertyChange@?$IOleControlImpl@VCOPOSKeylock@@@ATL@@UAGJJ@Z 10001ab3 f i Keylock.obj
 0001:00000ab3       ?OnFrameWindowActivate@?$IOleInPlaceActiveObjectImpl@VCOPOSKeylock@@@ATL@@UAGJH@Z 10001ab3 f i Keylock.obj
 0001:00000ab8       ?SetClientSite@?$IOleObjectImpl@VCOPOSKeylock@@@ATL@@UAGJPAUIOleClientSite@@@Z 10001ab8 f i Keylock.obj
 0001:00000ad5       ?GetClientSite@?$IOleObjectImpl@VCOPOSKeylock@@@ATL@@UAGJPAPAUIOleClientSite@@@Z 10001ad5 f i Keylock.obj
 0001:00000af2       ?SetHostNames@?$IOleObjectImpl@VCOPOSKeylock@@@ATL@@UAGJPB_W0@Z 10001af2 f i Keylock.obj
 0001:00000af7       ?Close@?$IOleObjectImpl@VCOPOSKeylock@@@ATL@@UAGJK@Z 10001af7 f i Keylock.obj
 0001:00000b14       ?GetCanonicalFormatEtc@?$IDataObjectImpl@VCOPOSKeylock@@@ATL@@UAGJPAUtagFORMATETC@@0@Z 10001b14 f i Keylock.obj
 0001:00000b14       ?QueryInterface@CRegObject@ATL@@UAGJABU_GUID@@PAPAX@Z 10001b14 f i Keylock.obj
 0001:00000b14       ?EnumFormatEtc@?$IDataObjectImpl@VCOPOSKeylock@@@ATL@@UAGJKPAPAUIEnumFORMATETC@@@Z 10001b14 f i Keylock.obj
 0001:00000b14       ?GetRect@?$IViewObjectExImpl@VCOPOSKeylock@@@ATL@@UAGJKPAU_RECTL@@@Z 10001b14 f i Keylock.obj
 0001:00000b14       ?GetDataHere@?$IDataObjectImpl@VCOPOSKeylock@@@ATL@@UAGJPAUtagFORMATETC@@PAUtagSTGMEDIUM@@@Z 10001b14 f i Keylock.obj
 0001:00000b14       ?SetMoniker@?$IOleObjectImpl@VCOPOSKeylock@@@ATL@@UAGJKPAUIMoniker@@@Z 10001b14 f i Keylock.obj
 0001:00000b14       ?GetClipboardData@?$IOleObjectImpl@VCOPOSKeylock@@@ATL@@UAGJKPAPAUIDataObject@@@Z 10001b14 f i Keylock.obj
 0001:00000b1c       ?InitFromData@?$IOleObjectImpl@VCOPOSKeylock@@@ATL@@UAGJPAUIDataObject@@HK@Z 10001b1c f i Keylock.obj
 0001:00000b1c       ?GetMoniker@?$IOleObjectImpl@VCOPOSKeylock@@@ATL@@UAGJKKPAPAUIMoniker@@@Z 10001b1c f i Keylock.obj
 0001:00000b1c       ?SetData@?$IDataObjectImpl@VCOPOSKeylock@@@ATL@@UAGJPAUtagFORMATETC@@PAUtagSTGMEDIUM@@H@Z 10001b1c f i Keylock.obj
 0001:00000b24       ?DoVerb@?$IOleObjectImpl@VCOPOSKeylock@@@ATL@@UAGJJPAUtagMSG@@PAUIOleClientSite@@JPAUHWND__@@PBUtagRECT@@@Z 10001b24 f i Keylock.obj
 0001:00000c18       ?EnumVerbs@?$IOleObjectImpl@VCOPOSKeylock@@@ATL@@UAGJPAPAUIEnumOLEVERB@@@Z 10001c18 f i Keylock.obj
 0001:00000c3a       ?HandsOffStorage@?$IPersistStorageImpl@VCOPOSKeylock@@@ATL@@UAGJXZ 10001c3a f i Keylock.obj
 0001:00000c3a       ?IsUpToDate@?$IOleObjectImpl@VCOPOSKeylock@@@ATL@@UAGJXZ 10001c3a f i Keylock.obj
 0001:00000c3a       ?Release@CRegObject@ATL@@UAGKXZ 10001c3a f i Keylock.obj
 0001:00000c3a       ?Update@?$IOleObjectImpl@VCOPOSKeylock@@@ATL@@UAGJXZ 10001c3a f i Keylock.obj
 0001:00000c3f       ?GetUserType@?$IOleObjectImpl@VCOPOSKeylock@@@ATL@@UAGJKPAPA_W@Z 10001c3f f i Keylock.obj
 0001:00000c57       ?SetExtent@?$IOleObjectImpl@VCOPOSKeylock@@@ATL@@UAGJKPAUtagSIZE@@@Z 10001c57 f i Keylock.obj
 0001:00000c77       ?GetExtent@?$IOleObjectImpl@VCOPOSKeylock@@@ATL@@UAGJKPAUtagSIZE@@@Z 10001c77 f i Keylock.obj
 0001:00000cb5       ?Advise@?$IOleObjectImpl@VCOPOSKeylock@@@ATL@@UAGJPAUIAdviseSink@@PAK@Z 10001cb5 f i Keylock.obj
 0001:00000cd5       ?Unadvise@?$IOleObjectImpl@VCOPOSKeylock@@@ATL@@UAGJK@Z 10001cd5 f i Keylock.obj
 0001:00000d04       ?EnumAdvise@?$IOleObjectImpl@VCOPOSKeylock@@@ATL@@UAGJPAPAUIEnumSTATDATA@@@Z 10001d04 f i Keylock.obj
 0001:00000d44       ?GetMiscStatus@?$IOleObjectImpl@VCOPOSKeylock@@@ATL@@UAGJKPAK@Z 10001d44 f i Keylock.obj
 0001:00000d5c       ?GetWindow@?$IOleInPlaceActiveObjectImpl@VCOPOSKeylock@@@ATL@@UAGJPAPAUHWND__@@@Z 10001d5c f i Keylock.obj
 0001:00000da9       ?TranslateAcceleratorW@?$IOleInPlaceActiveObjectImpl@VCOPOSKeylock@@@ATL@@UAGJPAUtagMSG@@@Z 10001da9 f i Keylock.obj
 0001:00000e57       ?OnDocWindowActivate@?$IOleInPlaceActiveObjectImpl@VCOPOSKeylock@@@ATL@@UAGJH@Z 10001e57 f i Keylock.obj
 0001:00000e79       ?ResizeBorder@?$IOleInPlaceActiveObjectImpl@VCOPOSKeylock@@@ATL@@UAGJPBUtagRECT@@PAUIOleInPlaceUIWindow@@H@Z 10001e79 f i Keylock.obj
 0001:00000e7e       ?Draw@?$IViewObjectExImpl@VCOPOSKeylock@@@ATL@@UAGJKJPAXPAUtagDVTARGETDEVICE@@PAUHDC__@@2PBU_RECTL@@3P6GHK@ZK@Z 10001e7e f i Keylock.obj
 0001:00000eb0       ?GetColorSet@?$IViewObjectExImpl@VCOPOSKeylock@@@ATL@@UAGJKJPAXPAUtagDVTARGETDEVICE@@PAUHDC__@@PAPAUtagLOGPALETTE@@@Z 10001eb0 f i Keylock.obj
 0001:00000eb8       ?Freeze@?$IViewObjectExImpl@VCOPOSKeylock@@@ATL@@UAGJKJPAXPAK@Z 10001eb8 f i Keylock.obj
 0001:00000eb8       ?SOErrorDummy@COPOSKeylock@@MAGJJJJPAJ@Z 10001eb8 f i Keylock.obj
 0001:00000ec0       ?SetAdvise@?$IViewObjectExImpl@VCOPOSKeylock@@@ATL@@UAGJKKPAUIAdviseSink@@@Z 10001ec0 f i Keylock.obj
 0001:00000edf       ?GetAdvise@?$IViewObjectExImpl@VCOPOSKeylock@@@ATL@@UAGJPAK0PAPAUIAdviseSink@@@Z 10001edf f i Keylock.obj
 0001:00000f14       ?GetExtent@?$IViewObjectExImpl@VCOPOSKeylock@@@ATL@@UAGJKJPAUtagDVTARGETDEVICE@@PAUtagSIZE@@@Z 10001f14 f i Keylock.obj
 0001:00000f45       ?GetViewStatus@?$IViewObjectExImpl@VCOPOSKeylock@@@ATL@@UAGJPAK@Z 10001f45 f i Keylock.obj
 0001:00000f62       ?QueryHitPoint@?$IViewObjectExImpl@VCOPOSKeylock@@@ATL@@UAGJKPBUtagRECT@@UtagPOINT@@JPAK@Z 10001f62 f i Keylock.obj
 0001:00000fa3       ?QueryHitRect@?$IViewObjectExImpl@VCOPOSKeylock@@@ATL@@UAGJKPBUtagRECT@@0JPAK@Z 10001fa3 f i Keylock.obj
 0001:00000ffe       ?GetNaturalExtent@?$IViewObjectExImpl@VCOPOSKeylock@@@ATL@@UAGJKJPAUtagDVTARGETDEVICE@@PAUHDC__@@PAUtagExtentInfo@@PAUtagSIZE@@@Z 10001ffe f i Keylock.obj
 0001:00001049       ?GetWindow@?$IOleInPlaceObjectWindowlessImpl@VCOPOSKeylock@@@ATL@@UAGJPAPAUHWND__@@@Z 10002049 f i Keylock.obj
 0001:00001096       ?InPlaceDeactivate@?$IOleInPlaceObjectWindowlessImpl@VCOPOSKeylock@@@ATL@@UAGJXZ 10002096 f i Keylock.obj
 0001:000010b0       ?UIDeactivate@?$IOleInPlaceObjectWindowlessImpl@VCOPOSKeylock@@@ATL@@UAGJXZ 100020b0 f i Keylock.obj
 0001:000010ca       ?SetObjectRects@?$IOleInPlaceObjectWindowlessImpl@VCOPOSKeylock@@@ATL@@UAGJPBUtagRECT@@0@Z 100020ca f i Keylock.obj
 0001:000010ea       ?ReactivateAndUndo@?$IOleInPlaceObjectWindowlessImpl@VCOPOSKeylock@@@ATL@@UAGJXZ 100020ea f i Keylock.obj
 0001:000010f2       ?OnWindowMessage@?$IOleInPlaceObjectWindowlessImpl@VCOPOSKeylock@@@ATL@@UAGJIIJPAJ@Z 100020f2 f i Keylock.obj
 0001:00001162       ?EnumConnectionPoints@?$IConnectionPointContainerImpl@VCOPOSKeylock@@@ATL@@UAGJPAPAUIEnumConnectionPoints@@@Z 10002162 f i Keylock.obj
 0001:000012dc       ?FindConnectionPoint@?$IConnectionPointContainerImpl@VCOPOSKeylock@@@ATL@@UAGJABU_GUID@@PAPAUIConnectionPoint@@@Z 100022dc f i Keylock.obj
 0001:0000137f       ?IsDirty@?$IPersistStorageImpl@VCOPOSKeylock@@@ATL@@UAGJXZ 1000237f f i Keylock.obj
 0001:000013b3       ?InitNew@?$IPersistStorageImpl@VCOPOSKeylock@@@ATL@@UAGJPAUIStorage@@@Z 100023b3 f i Keylock.obj
 0001:000013e7       ?Load@?$IPersistStorageImpl@VCOPOSKeylock@@@ATL@@UAGJPAUIStorage@@@Z 100023e7 f i Keylock.obj
 0001:00001453       ?Save@?$IPersistStorageImpl@VCOPOSKeylock@@@ATL@@UAGJPAUIStorage@@H@Z 10002453 f i Keylock.obj
 0001:000014c6       ?GetPages@?$ISpecifyPropertyPagesImpl@VCOPOSKeylock@@@ATL@@UAGJPAUtagCAUUID@@@Z 100024c6 f i Keylock.obj
 0001:000014dd       ?QuickActivate@?$IQuickActivateImpl@VCOPOSKeylock@@@ATL@@UAGJPAUtagQACONTAINER@@PAUtagQACONTROL@@@Z 100024dd f i Keylock.obj
 0001:00001500       ?SetContentExtent@?$IQuickActivateImpl@VCOPOSKeylock@@@ATL@@UAGJPAUtagSIZE@@@Z 10002500 f i Keylock.obj
 0001:0000152c       ?GetContentExtent@?$IQuickActivateImpl@VCOPOSKeylock@@@ATL@@UAGJPAUtagSIZE@@@Z 1000252c f i Keylock.obj
 0001:00001566       ?GetData@?$IDataObjectImpl@VCOPOSKeylock@@@ATL@@UAGJPAUtagFORMATETC@@PAUtagSTGMEDIUM@@@Z 10002566 f i Keylock.obj
 0001:00001589       ?DAdvise@?$IDataObjectImpl@VCOPOSKeylock@@@ATL@@UAGJPAUtagFORMATETC@@KPAUIAdviseSink@@PAK@Z 10002589 f i Keylock.obj
 0001:000015ca       ?DUnadvise@?$IDataObjectImpl@VCOPOSKeylock@@@ATL@@UAGJK@Z 100025ca f i Keylock.obj
 0001:000015f8       ?EnumDAdvise@?$IDataObjectImpl@VCOPOSKeylock@@@ATL@@UAGJPAPAUIEnumSTATDATA@@@Z 100025f8 f i Keylock.obj
 0001:00001637       ?GetClassInfoW@?$IProvideClassInfo2Impl@$1?CLSID_OPOSKeylock@@3U_GUID@@B$1?DIID__IOPOSKeylockEvents@@3U2@B$1?LIBID_OposKeylock_CCO@@3U2@B$00$0A@VCComTypeInfoHolder@ATL@@@ATL@@UAGJPAPAUITypeInfo@@@Z 10002637 f i Keylock.obj
 0001:0000164d       ?GetGUID@?$IProvideClassInfo2Impl@$1?CLSID_OPOSKeylock@@3U_GUID@@B$1?DIID__IOPOSKeylockEvents@@3U2@B$1?LIBID_OposKeylock_CCO@@3U2@B$00$0A@VCComTypeInfoHolder@ATL@@@ATL@@UAGJKPAU_GUID@@@Z 1000264d f i Keylock.obj
 0001:0000168b       ?FAccessAllowed@?$IObjectSafetyImpl@VCOPOSKeylock@@$02@ATL@@MAEHXZ 1000268b f i Keylock.obj
 0001:0000168b       __get_startup_argv_mode    1000268b f i LIBCMT:argv_mode.obj
 0001:0000168f       ?GetInterfaceSafetyOptions@?$IObjectSafetyImpl@VCOPOSKeylock@@$02@ATL@@UAGJABU_GUID@@PAK1@Z 1000268f f i Keylock.obj
 0001:00001703       ?SetInterfaceSafetyOptions@?$IObjectSafetyImpl@VCOPOSKeylock@@$02@ATL@@UAGJABU_GUID@@KK@Z 10002703 f i Keylock.obj
 0001:0000177d       ?_LocCPQueryInterface@?$IConnectionPointImpl@VCOPOSKeylock@@$1?IID_IPropertyNotifySink@@3U_GUID@@BVCComDynamicUnkArray@ATL@@@ATL@@UAGJABU_GUID@@PAPAX@Z 1000277d f i Keylock.obj
 0001:0000177d       ?_LocCPQueryInterface@?$IConnectionPointImpl@VCOPOSKeylock@@$1?DIID__IOPOSKeylockEvents@@3U_GUID@@BVCComDynamicUnkArray@ATL@@@ATL@@UAGJABU_GUID@@PAPAX@Z 1000277d f i Keylock.obj
 0001:000017ca       ?GetConnectionInterface@?$IConnectionPointImpl@VCOPOSKeylock@@$1?IID_IPropertyNotifySink@@3U_GUID@@BVCComDynamicUnkArray@ATL@@@ATL@@UAGJPAU_GUID@@@Z 100027ca f i Keylock.obj
 0001:000017ee       ?GetConnectionPointContainer@?$IConnectionPointImpl@VCOPOSKeylock@@$1?IID_IPropertyNotifySink@@3U_GUID@@BVCComDynamicUnkArray@ATL@@@ATL@@UAGJPAPAUIConnectionPointContainer@@@Z 100027ee f i Keylock.obj
 0001:00001811       ?Advise@?$IConnectionPointImpl@VCOPOSKeylock@@$1?IID_IPropertyNotifySink@@3U_GUID@@BVCComDynamicUnkArray@ATL@@@ATL@@UAGJPAUIUnknown@@PAK@Z 10002811 f i Keylock.obj
 0001:00001811       ?Advise@?$IConnectionPointImpl@VCOPOSKeylock@@$1?DIID__IOPOSKeylockEvents@@3U_GUID@@BVCComDynamicUnkArray@ATL@@@ATL@@UAGJPAUIUnknown@@PAK@Z 10002811 f i Keylock.obj
 0001:000018b2       ?Unadvise@?$IConnectionPointImpl@VCOPOSKeylock@@$1?DIID__IOPOSKeylockEvents@@3U_GUID@@BVCComDynamicUnkArray@ATL@@@ATL@@UAGJK@Z 100028b2 f i Keylock.obj
 0001:000018b2       ?Unadvise@?$IConnectionPointImpl@VCOPOSKeylock@@$1?IID_IPropertyNotifySink@@3U_GUID@@BVCComDynamicUnkArray@ATL@@@ATL@@UAGJK@Z 100028b2 f i Keylock.obj
 0001:000018f2       ?EnumConnections@?$IConnectionPointImpl@VCOPOSKeylock@@$1?DIID__IOPOSKeylockEvents@@3U_GUID@@BVCComDynamicUnkArray@ATL@@@ATL@@UAGJPAPAUIEnumConnections@@@Z 100028f2 f i Keylock.obj
 0001:000018f2       ?EnumConnections@?$IConnectionPointImpl@VCOPOSKeylock@@$1?IID_IPropertyNotifySink@@3U_GUID@@BVCComDynamicUnkArray@ATL@@@ATL@@UAGJPAPAUIEnumConnections@@@Z 100028f2 f i Keylock.obj
 0001:000019f8       ?GetCategoryMap@CComObjectRootBase@ATL@@SAPBU_ATL_CATMAP_ENTRY@2@XZ 100029f8 f i Keylock.obj
 0001:000019f8       ?GetObjectDescription@?$CComCoClass@VCOPOSKeylock@@$1?CLSID_OPOSKeylock@@3U_GUID@@B@ATL@@SGPB_WXZ 100029f8 f i Keylock.obj
 0001:000019fb       ?GetConnectionInterface@?$IConnectionPointImpl@VCOPOSKeylock@@$1?DIID__IOPOSKeylockEvents@@3U_GUID@@BVCComDynamicUnkArray@ATL@@@ATL@@UAGJPAU_GUID@@@Z 100029fb f i Keylock.obj
 0001:00001a1f       ?GetConnectionPointContainer@?$IConnectionPointImpl@VCOPOSKeylock@@$1?DIID__IOPOSKeylockEvents@@3U_GUID@@BVCComDynamicUnkArray@ATL@@@ATL@@UAGJPAPAUIConnectionPointContainer@@@Z 10002a1f f i Keylock.obj
 0001:00001a42       ?UpdateRegistry@COPOSKeylock@@SGJH@Z 10002a42 f i Keylock.obj
 0001:00001a5a       ?ProcessWindowMessage@COPOSKeylock@@UAEHPAUHWND__@@IIJAAJK@Z 10002a5a f i Keylock.obj
 0001:00001aa3       ?SODirectIO@COPOSKeylock@@MAGJJPAJPAPA_W@Z 10002aa3 f i Keylock.obj
 0001:00001aec       ?SOStatusUpdate@COPOSKeylock@@MAGJJ@Z 10002aec f i Keylock.obj
 0001:00001b25       ?Lock@CAtlModule@ATL@@UAEJXZ 10002b25 f i Keylock.obj
 0001:00001b2f       ?Unlock@CAtlModule@ATL@@UAEJXZ 10002b2f f i Keylock.obj
 0001:00001b39       ?GetLockCount@CAtlModule@ATL@@UAEJXZ 10002b39 f i Keylock.obj
 0001:00001b3d       ?GetGITPtr@CAtlModule@ATL@@UAEJPAPAUIGlobalInterfaceTable@@@Z 10002b3d f i Keylock.obj
 0001:00001b89       ?AddCommonRGSReplacements@?$CAtlModuleT@VCComModule@ATL@@@ATL@@UAEJPAUIRegistrarBase@@@Z 10002b89 f i Keylock.obj
 0001:00001ba3       ?CreateInstance@?$CComCreator@V?$CComObjectCached@VCComClassFactory@ATL@@@ATL@@@ATL@@SGJPAXABU_GUID@@PAPAX@Z 10002ba3 f i Keylock.obj
 0001:00001c4f       ?UpdateRegistryFromResourceD@CComModule@ATL@@UAGJIHPAU_ATL_REGMAP_ENTRY@2@@Z 10002c4f f i Keylock.obj
 0001:00001c4f       ?UpdateRegistryFromResourceD@CComModule@ATL@@UAGJPB_WHPAU_ATL_REGMAP_ENTRY@2@@Z 10002c4f f i Keylock.obj
 0001:00001c57       ?CreateInstance@?$CComCreator2@V?$CComCreator@V?$CComObject@VCOPOSKeylock@@@ATL@@@ATL@@V?$CComCreator@V?$CComAggObject@VCOPOSKeylock@@@ATL@@@2@@ATL@@SGJPAXABU_GUID@@PAPAX@Z 10002c57 f i Keylock.obj
 0001:00001c77       ?UpdateRegistryFromResource@CComModule@ATL@@UAGJPB_WHPAU_ATL_REGMAP_ENTRY@2@@Z 10002c77 f i Keylock.obj
 0001:00001c80       ?UpdateRegistryFromResource@CComModule@ATL@@UAGJIHPAU_ATL_REGMAP_ENTRY@2@@Z 10002c80 f i Keylock.obj
 0001:00001c89       ?AddRef@?$CComObjectCached@VCComClassFactory@ATL@@@ATL@@UAGKXZ 10002c89 f i Keylock.obj
 0001:00001cb0       ?Release@?$CComObjectCached@VCComClassFactory@ATL@@@ATL@@UAGKXZ 10002cb0 f i Keylock.obj
 0001:00001ce6       ?QueryInterface@?$CComObjectCached@VCComClassFactory@ATL@@@ATL@@UAGJABU_GUID@@PAPAX@Z 10002ce6 f i Keylock.obj
 0001:00001d00       ??_ECComModule@ATL@@UAEPAXI@Z 10002d00 f i Keylock.obj
 0001:00001d00       ??_GCComModule@ATL@@UAEPAXI@Z 10002d00 f i Keylock.obj
 0001:00001d28       ??_G?$CComObjectCached@VCComClassFactory@ATL@@@ATL@@UAEPAXI@Z 10002d28 f i Keylock.obj
 0001:00001d28       ??_E?$CComObjectCached@VCComClassFactory@ATL@@@ATL@@UAEPAXI@Z 10002d28 f i Keylock.obj
 0001:00001d4a       ?Next@?$CComEnumImpl@UIEnumConnectionPoints@@$1?_GUID_b196b285_bab4_101a_b69c_00aa00341d07@@3U__s_GUID@@BPAUIConnectionPoint@@V?$_CopyInterface@UIConnectionPoint@@@ATL@@@ATL@@UAGJKPAPAUIConnectionPoint@@PAK@Z 10002d4a f i Keylock.obj
 0001:00001e21       ?Skip@?$CComEnumImpl@UIEnumConnectionPoints@@$1?_GUID_b196b285_bab4_101a_b69c_00aa00341d07@@3U__s_GUID@@BPAUIConnectionPoint@@V?$_CopyInterface@UIConnectionPoint@@@ATL@@@ATL@@UAGJK@Z 10002e21 f i Keylock.obj
 0001:00001e4e       ?Reset@?$CComEnumImpl@UIEnumConnectionPoints@@$1?_GUID_b196b285_bab4_101a_b69c_00aa00341d07@@3U__s_GUID@@BPAUIConnectionPoint@@V?$_CopyInterface@UIConnectionPoint@@@ATL@@@ATL@@UAGJXZ 10002e4e f i Keylock.obj
 0001:00001e4e       ?Reset@?$CComEnumImpl@UIEnumConnections@@$1?_GUID_b196b287_bab4_101a_b69c_00aa00341d07@@3U__s_GUID@@BUtagCONNECTDATA@@V?$_Copy@UtagCONNECTDATA@@@ATL@@@ATL@@UAGJXZ 10002e4e f i Keylock.obj
 0001:00001e60       ?Clone@?$CComEnumImpl@UIEnumConnectionPoints@@$1?_GUID_b196b285_bab4_101a_b69c_00aa00341d07@@3U__s_GUID@@BPAUIConnectionPoint@@V?$_CopyInterface@UIConnectionPoint@@@ATL@@@ATL@@UAGJPAPAUIEnumConnectionPoints@@@Z 10002e60 f i Keylock.obj
 0001:00001f41       ?AddRef@?$CComObject@V?$CComEnum@UIEnumConnectionPoints@@$1?_GUID_b196b285_bab4_101a_b69c_00aa00341d07@@3U__s_GUID@@BPAUIConnectionPoint@@V?$_CopyInterface@UIConnectionPoint@@@ATL@@VCComSingleThreadModel@6@@ATL@@@ATL@@UAGKXZ 10002f41 f i Keylock.obj
 0001:00001f41       ?AddRef@?$CComObject@V?$CComEnum@UIEnumConnections@@$1?_GUID_b196b287_bab4_101a_b69c_00aa00341d07@@3U__s_GUID@@BUtagCONNECTDATA@@V?$_Copy@UtagCONNECTDATA@@@ATL@@VCComSingleThreadModel@6@@ATL@@@ATL@@UAGKXZ 10002f41 f i Keylock.obj
 0001:00001f52       ?Release@?$CComObject@V?$CComEnum@UIEnumConnectionPoints@@$1?_GUID_b196b285_bab4_101a_b69c_00aa00341d07@@3U__s_GUID@@BPAUIConnectionPoint@@V?$_CopyInterface@UIConnectionPoint@@@ATL@@VCComSingleThreadModel@6@@ATL@@@ATL@@UAGKXZ 10002f52 f i Keylock.obj
 0001:00001f52       ?Release@?$CComObject@V?$CComEnum@UIEnumConnections@@$1?_GUID_b196b287_bab4_101a_b69c_00aa00341d07@@3U__s_GUID@@BUtagCONNECTDATA@@V?$_Copy@UtagCONNECTDATA@@@ATL@@VCComSingleThreadModel@6@@ATL@@@ATL@@UAGKXZ 10002f52 f i Keylock.obj
 0001:00001f8e       ?QueryInterface@?$CComObject@V?$CComEnum@UIEnumConnectionPoints@@$1?_GUID_b196b285_bab4_101a_b69c_00aa00341d07@@3U__s_GUID@@BPAUIConnectionPoint@@V?$_CopyInterface@UIConnectionPoint@@@ATL@@VCComSingleThreadModel@6@@ATL@@@ATL@@UAGJABU_GUID@@PAPAX@Z 10002f8e f i Keylock.obj
 0001:00001fa8       ??_E?$CComObject@V?$CComEnum@UIEnumConnectionPoints@@$1?_GUID_b196b285_bab4_101a_b69c_00aa00341d07@@3U__s_GUID@@BPAUIConnectionPoint@@V?$_CopyInterface@UIConnectionPoint@@@ATL@@VCComSingleThreadModel@6@@ATL@@@ATL@@UAEPAXI@Z 10002fa8 f i Keylock.obj
 0001:00001fa8       ??_G?$CComObject@V?$CComEnum@UIEnumConnectionPoints@@$1?_GUID_b196b285_bab4_101a_b69c_00aa00341d07@@3U__s_GUID@@BPAUIConnectionPoint@@V?$_CopyInterface@UIConnectionPoint@@@ATL@@VCComSingleThreadModel@6@@ATL@@@ATL@@UAEPAXI@Z 10002fa8 f i Keylock.obj
 0001:00001fca       ?AddRef@CRegObject@ATL@@UAGKXZ 10002fca f i Keylock.obj
 0001:00001fd0       ?AddReplacement@CRegObject@ATL@@UAGJPB_W0@Z 10002fd0 f i Keylock.obj
 0001:00002009       ?ClearReplacements@CRegObject@ATL@@UAGJXZ 10003009 f i Keylock.obj
 0001:0000201b       ??_GCRegObject@ATL@@UAEPAXI@Z 1000301b f i Keylock.obj
 0001:0000201b       ??_ECRegObject@ATL@@UAEPAXI@Z 1000301b f i Keylock.obj
 0001:0000203d       ?AddRef@?$CComAggObject@VCOPOSKeylock@@@ATL@@UAGKXZ 1000303d f i Keylock.obj
 0001:0000204e       ?Release@?$CComAggObject@VCOPOSKeylock@@@ATL@@UAGKXZ 1000304e f i Keylock.obj
 0001:0000208a       ?QueryInterface@?$CComAggObject@VCOPOSKeylock@@@ATL@@UAGJABU_GUID@@PAPAX@Z 1000308a f i Keylock.obj
 0001:000020d9       ?AddRef@?$CComContainedObject@VCOPOSKeylock@@@ATL@@UAGKXZ 100030d9 f i Keylock.obj
 0001:000020ef       ?Release@?$CComContainedObject@VCOPOSKeylock@@@ATL@@UAGKXZ 100030ef f i Keylock.obj
 0001:00002105       ?QueryInterface@?$CComContainedObject@VCOPOSKeylock@@@ATL@@UAGJABU_GUID@@PAPAX@Z 10003105 f i Keylock.obj
 0001:00002120       ??_E?$CComAggObject@VCOPOSKeylock@@@ATL@@UAEPAXI@Z 10003120 f i Keylock.obj
 0001:00002120       ??_G?$CComAggObject@VCOPOSKeylock@@@ATL@@UAEPAXI@Z 10003120 f i Keylock.obj
 0001:00002145       ?AddRef@?$CComObject@VCOPOSKeylock@@@ATL@@UAGKXZ 10003145 f i Keylock.obj
 0001:0000215c       ?Release@?$CComObject@VCOPOSKeylock@@@ATL@@UAGKXZ 1000315c f i Keylock.obj
 0001:0000219e       ?QueryInterface@?$CComObject@VCOPOSKeylock@@@ATL@@UAGJABU_GUID@@PAPAX@Z 1000319e f i Keylock.obj
 0001:000021b8       ?OnDrawAdvanced@CComControlBase@ATL@@UAEJAAUATL_DRAWINFO@@@Z 100031b8 f i Keylock.obj
 0001:000022ab       ?Next@?$CComEnumImpl@UIEnumConnections@@$1?_GUID_b196b287_bab4_101a_b69c_00aa00341d07@@3U__s_GUID@@BUtagCONNECTDATA@@V?$_Copy@UtagCONNECTDATA@@@ATL@@@ATL@@UAGJKPAUtagCONNECTDATA@@PAK@Z 100032ab f i Keylock.obj
 0001:00002382       ?Skip@?$CComEnumImpl@UIEnumConnections@@$1?_GUID_b196b287_bab4_101a_b69c_00aa00341d07@@3U__s_GUID@@BUtagCONNECTDATA@@V?$_Copy@UtagCONNECTDATA@@@ATL@@@ATL@@UAGJK@Z 10003382 f i Keylock.obj
 0001:000023af       ?Clone@?$CComEnumImpl@UIEnumConnections@@$1?_GUID_b196b287_bab4_101a_b69c_00aa00341d07@@3U__s_GUID@@BUtagCONNECTDATA@@V?$_Copy@UtagCONNECTDATA@@@ATL@@@ATL@@UAGJPAPAUIEnumConnections@@@Z 100033af f i Keylock.obj
 0001:00002490       ?QueryInterface@?$CComObject@V?$CComEnum@UIEnumConnections@@$1?_GUID_b196b287_bab4_101a_b69c_00aa00341d07@@3U__s_GUID@@BUtagCONNECTDATA@@V?$_Copy@UtagCONNECTDATA@@@ATL@@VCComSingleThreadModel@6@@ATL@@@ATL@@UAGJABU_GUID@@PAPAX@Z 10003490 f i Keylock.obj
 0001:000024aa       ??_G?$CComObject@V?$CComEnum@UIEnumConnections@@$1?_GUID_b196b287_bab4_101a_b69c_00aa00341d07@@3U__s_GUID@@BUtagCONNECTDATA@@V?$_Copy@UtagCONNECTDATA@@@ATL@@VCComSingleThreadModel@6@@ATL@@@ATL@@UAEPAXI@Z 100034aa f i Keylock.obj
 0001:000024aa       ??_E?$CComObject@V?$CComEnum@UIEnumConnections@@$1?_GUID_b196b287_bab4_101a_b69c_00aa00341d07@@3U__s_GUID@@BUtagCONNECTDATA@@V?$_Copy@UtagCONNECTDATA@@@ATL@@VCComSingleThreadModel@6@@ATL@@@ATL@@UAEPAXI@Z 100034aa f i Keylock.obj
 0001:000024cc       ??_E?$CComObject@VCOPOSKeylock@@@ATL@@W3AEPAXI@Z 100034cc f i Keylock.obj
 0001:000024d4       ??_E?$CComObject@VCOPOSKeylock@@@ATL@@WEM@AEPAXI@Z 100034d4 f i Keylock.obj
 0001:000024dc       ?QueryInterface@?$CComObject@VCOPOSKeylock@@@ATL@@WHA@AGJABU_GUID@@PAPAX@Z 100034dc f i Keylock.obj
 0001:000024e6       ?AddRef@?$CComObject@VCOPOSKeylock@@@ATL@@WHA@AGKXZ 100034e6 f i Keylock.obj
 0001:000024f0       ?Release@?$CComObject@VCOPOSKeylock@@@ATL@@WHA@AGKXZ 100034f0 f i Keylock.obj
 0001:000024fa       ?QueryInterface@?$CComObject@VCOPOSKeylock@@@ATL@@WHE@AGJABU_GUID@@PAPAX@Z 100034fa f i Keylock.obj
 0001:00002504       ?AddRef@?$CComObject@VCOPOSKeylock@@@ATL@@WHE@AGKXZ 10003504 f i Keylock.obj
 0001:0000250e       ?Release@?$CComObject@VCOPOSKeylock@@@ATL@@WHE@AGKXZ 1000350e f i Keylock.obj
 0001:00002518       ?QueryInterface@?$CComObject@VCOPOSKeylock@@@ATL@@WHI@AGJABU_GUID@@PAPAX@Z 10003518 f i Keylock.obj
 0001:00002522       ?AddRef@?$CComObject@VCOPOSKeylock@@@ATL@@WHI@AGKXZ 10003522 f i Keylock.obj
 0001:0000252c       ?Release@?$CComObject@VCOPOSKeylock@@@ATL@@WHI@AGKXZ 1000352c f i Keylock.obj
 0001:00002536       ?QueryInterface@?$CComObject@VCOPOSKeylock@@@ATL@@WHM@AGJABU_GUID@@PAPAX@Z 10003536 f i Keylock.obj
 0001:00002540       ?AddRef@?$CComObject@VCOPOSKeylock@@@ATL@@WHM@AGKXZ 10003540 f i Keylock.obj
 0001:0000254a       ?Release@?$CComObject@VCOPOSKeylock@@@ATL@@WHM@AGKXZ 1000354a f i Keylock.obj
 0001:00002554       ?QueryInterface@?$CComObject@VCOPOSKeylock@@@ATL@@WIA@AGJABU_GUID@@PAPAX@Z 10003554 f i Keylock.obj
 0001:00002561       ?AddRef@?$CComObject@VCOPOSKeylock@@@ATL@@WIA@AGKXZ 10003561 f i Keylock.obj
 0001:0000256e       ?Release@?$CComObject@VCOPOSKeylock@@@ATL@@WIA@AGKXZ 1000356e f i Keylock.obj
 0001:0000257b       ?QueryInterface@?$CComObject@VCOPOSKeylock@@@ATL@@WIE@AGJABU_GUID@@PAPAX@Z 1000357b f i Keylock.obj
 0001:00002588       ?AddRef@?$CComObject@VCOPOSKeylock@@@ATL@@WIE@AGKXZ 10003588 f i Keylock.obj
 0001:00002595       ?Release@?$CComObject@VCOPOSKeylock@@@ATL@@WIE@AGKXZ 10003595 f i Keylock.obj
 0001:000025a2       ?QueryInterface@?$CComObject@VCOPOSKeylock@@@ATL@@WII@AGJABU_GUID@@PAPAX@Z 100035a2 f i Keylock.obj
 0001:000025af       ?AddRef@?$CComObject@VCOPOSKeylock@@@ATL@@WII@AGKXZ 100035af f i Keylock.obj
 0001:000025bc       ?Release@?$CComObject@VCOPOSKeylock@@@ATL@@WII@AGKXZ 100035bc f i Keylock.obj
 0001:000025c9       ?QueryInterface@?$CComObject@VCOPOSKeylock@@@ATL@@WIM@AGJABU_GUID@@PAPAX@Z 100035c9 f i Keylock.obj
 0001:000025d6       ?AddRef@?$CComObject@VCOPOSKeylock@@@ATL@@WIM@AGKXZ 100035d6 f i Keylock.obj
 0001:000025e3       ?Release@?$CComObject@VCOPOSKeylock@@@ATL@@WIM@AGKXZ 100035e3 f i Keylock.obj
 0001:000025f0       ?QueryInterface@?$CComObject@VCOPOSKeylock@@@ATL@@WJA@AGJABU_GUID@@PAPAX@Z 100035f0 f i Keylock.obj
 0001:000025fd       ?AddRef@?$CComObject@VCOPOSKeylock@@@ATL@@WJA@AGKXZ 100035fd f i Keylock.obj
 0001:0000260a       ?Release@?$CComObject@VCOPOSKeylock@@@ATL@@WJA@AGKXZ 1000360a f i Keylock.obj
 0001:00002617       ?QueryInterface@?$CComObject@VCOPOSKeylock@@@ATL@@WJE@AGJABU_GUID@@PAPAX@Z 10003617 f i Keylock.obj
 0001:00002624       ?AddRef@?$CComObject@VCOPOSKeylock@@@ATL@@WJE@AGKXZ 10003624 f i Keylock.obj
 0001:00002631       ?Release@?$CComObject@VCOPOSKeylock@@@ATL@@WJE@AGKXZ 10003631 f i Keylock.obj
 0001:0000263e       ?QueryInterface@?$CComObject@VCOPOSKeylock@@@ATL@@WJI@AGJABU_GUID@@PAPAX@Z 1000363e f i Keylock.obj
 0001:0000264b       ?AddRef@?$CComObject@VCOPOSKeylock@@@ATL@@WJI@AGKXZ 1000364b f i Keylock.obj
 0001:00002658       ?Release@?$CComObject@VCOPOSKeylock@@@ATL@@WJI@AGKXZ 10003658 f i Keylock.obj
 0001:00002665       ?QueryInterface@?$CComObject@VCOPOSKeylock@@@ATL@@WJM@AGJABU_GUID@@PAPAX@Z 10003665 f i Keylock.obj
 0001:00002672       ?AddRef@?$CComObject@VCOPOSKeylock@@@ATL@@WJM@AGKXZ 10003672 f i Keylock.obj
 0001:0000267f       ?Release@?$CComObject@VCOPOSKeylock@@@ATL@@WJM@AGKXZ 1000367f f i Keylock.obj
 0001:0000268c       ?QueryInterface@?$CComObject@VCOPOSKeylock@@@ATL@@WKA@AGJABU_GUID@@PAPAX@Z 1000368c f i Keylock.obj
 0001:00002699       ?AddRef@?$CComObject@VCOPOSKeylock@@@ATL@@WKA@AGKXZ 10003699 f i Keylock.obj
 0001:000026a6       ?Release@?$CComObject@VCOPOSKeylock@@@ATL@@WKA@AGKXZ 100036a6 f i Keylock.obj
 0001:000026b3       ?AddRef@?$CComObject@VCOPOSKeylock@@@ATL@@WKI@AGKXZ 100036b3 f i Keylock.obj
 0001:000026c0       ?Release@?$CComObject@VCOPOSKeylock@@@ATL@@WKI@AGKXZ 100036c0 f i Keylock.obj
 0001:000026cd       ?AddRef@?$CComObject@VCOPOSKeylock@@@ATL@@WLE@AGKXZ 100036cd f i Keylock.obj
 0001:000026da       ?Release@?$CComObject@VCOPOSKeylock@@@ATL@@WLE@AGKXZ 100036da f i Keylock.obj
 0001:000026e7       ??_E?$CComContainedObject@VCOPOSKeylock@@@ATL@@W3AEPAXI@Z 100036e7 f i Keylock.obj
 0001:000026ef       ??_E?$CComContainedObject@VCOPOSKeylock@@@ATL@@WEM@AEPAXI@Z 100036ef f i Keylock.obj
 0001:000026f7       ?QueryInterface@?$CComContainedObject@VCOPOSKeylock@@@ATL@@WHA@AGJABU_GUID@@PAPAX@Z 100036f7 f i Keylock.obj
 0001:00002701       ?AddRef@?$CComContainedObject@VCOPOSKeylock@@@ATL@@WHA@AGKXZ 10003701 f i Keylock.obj
 0001:0000270b       ?Release@?$CComContainedObject@VCOPOSKeylock@@@ATL@@WHA@AGKXZ 1000370b f i Keylock.obj
 0001:00002715       ?QueryInterface@?$CComContainedObject@VCOPOSKeylock@@@ATL@@WHE@AGJABU_GUID@@PAPAX@Z 10003715 f i Keylock.obj
 0001:0000271f       ?AddRef@?$CComContainedObject@VCOPOSKeylock@@@ATL@@WHE@AGKXZ 1000371f f i Keylock.obj
 0001:00002729       ?Release@?$CComContainedObject@VCOPOSKeylock@@@ATL@@WHE@AGKXZ 10003729 f i Keylock.obj
 0001:00002733       ?QueryInterface@?$CComContainedObject@VCOPOSKeylock@@@ATL@@WHI@AGJABU_GUID@@PAPAX@Z 10003733 f i Keylock.obj
 0001:0000273d       ?AddRef@?$CComContainedObject@VCOPOSKeylock@@@ATL@@WHI@AGKXZ 1000373d f i Keylock.obj
 0001:00002747       ?Release@?$CComContainedObject@VCOPOSKeylock@@@ATL@@WHI@AGKXZ 10003747 f i Keylock.obj
 0001:00002751       ?QueryInterface@?$CComContainedObject@VCOPOSKeylock@@@ATL@@WHM@AGJABU_GUID@@PAPAX@Z 10003751 f i Keylock.obj
 0001:0000275b       ?AddRef@?$CComContainedObject@VCOPOSKeylock@@@ATL@@WHM@AGKXZ 1000375b f i Keylock.obj
 0001:00002765       ?Release@?$CComContainedObject@VCOPOSKeylock@@@ATL@@WHM@AGKXZ 10003765 f i Keylock.obj
 0001:0000276f       ?QueryInterface@?$CComContainedObject@VCOPOSKeylock@@@ATL@@WIA@AGJABU_GUID@@PAPAX@Z 1000376f f i Keylock.obj
 0001:0000277c       ?AddRef@?$CComContainedObject@VCOPOSKeylock@@@ATL@@WIA@AGKXZ 1000377c f i Keylock.obj
 0001:00002789       ?Release@?$CComContainedObject@VCOPOSKeylock@@@ATL@@WIA@AGKXZ 10003789 f i Keylock.obj
 0001:00002796       ?QueryInterface@?$CComContainedObject@VCOPOSKeylock@@@ATL@@WIE@AGJABU_GUID@@PAPAX@Z 10003796 f i Keylock.obj
 0001:000027a3       ?AddRef@?$CComContainedObject@VCOPOSKeylock@@@ATL@@WIE@AGKXZ 100037a3 f i Keylock.obj
 0001:000027b0       ?Release@?$CComContainedObject@VCOPOSKeylock@@@ATL@@WIE@AGKXZ 100037b0 f i Keylock.obj
 0001:000027bd       ?QueryInterface@?$CComContainedObject@VCOPOSKeylock@@@ATL@@WII@AGJABU_GUID@@PAPAX@Z 100037bd f i Keylock.obj
 0001:000027ca       ?AddRef@?$CComContainedObject@VCOPOSKeylock@@@ATL@@WII@AGKXZ 100037ca f i Keylock.obj
 0001:000027d7       ?Release@?$CComContainedObject@VCOPOSKeylock@@@ATL@@WII@AGKXZ 100037d7 f i Keylock.obj
 0001:000027e4       ?QueryInterface@?$CComContainedObject@VCOPOSKeylock@@@ATL@@WIM@AGJABU_GUID@@PAPAX@Z 100037e4 f i Keylock.obj
 0001:000027f1       ?AddRef@?$CComContainedObject@VCOPOSKeylock@@@ATL@@WIM@AGKXZ 100037f1 f i Keylock.obj
 0001:000027fe       ?Release@?$CComContainedObject@VCOPOSKeylock@@@ATL@@WIM@AGKXZ 100037fe f i Keylock.obj
 0001:0000280b       ?QueryInterface@?$CComContainedObject@VCOPOSKeylock@@@ATL@@WJA@AGJABU_GUID@@PAPAX@Z 1000380b f i Keylock.obj
 0001:00002818       ?AddRef@?$CComContainedObject@VCOPOSKeylock@@@ATL@@WJA@AGKXZ 10003818 f i Keylock.obj
 0001:00002825       ?Release@?$CComContainedObject@VCOPOSKeylock@@@ATL@@WJA@AGKXZ 10003825 f i Keylock.obj
 0001:00002832       ?QueryInterface@?$CComContainedObject@VCOPOSKeylock@@@ATL@@WJE@AGJABU_GUID@@PAPAX@Z 10003832 f i Keylock.obj
 0001:0000283f       ?AddRef@?$CComContainedObject@VCOPOSKeylock@@@ATL@@WJE@AGKXZ 1000383f f i Keylock.obj
 0001:0000284c       ?Release@?$CComContainedObject@VCOPOSKeylock@@@ATL@@WJE@AGKXZ 1000384c f i Keylock.obj
 0001:00002859       ?QueryInterface@?$CComContainedObject@VCOPOSKeylock@@@ATL@@WJI@AGJABU_GUID@@PAPAX@Z 10003859 f i Keylock.obj
 0001:00002866       ?AddRef@?$CComContainedObject@VCOPOSKeylock@@@ATL@@WJI@AGKXZ 10003866 f i Keylock.obj
 0001:00002873       ?Release@?$CComContainedObject@VCOPOSKeylock@@@ATL@@WJI@AGKXZ 10003873 f i Keylock.obj
 0001:00002880       ?QueryInterface@?$CComContainedObject@VCOPOSKeylock@@@ATL@@WJM@AGJABU_GUID@@PAPAX@Z 10003880 f i Keylock.obj
 0001:0000288d       ?AddRef@?$CComContainedObject@VCOPOSKeylock@@@ATL@@WJM@AGKXZ 1000388d f i Keylock.obj
 0001:0000289a       ?Release@?$CComContainedObject@VCOPOSKeylock@@@ATL@@WJM@AGKXZ 1000389a f i Keylock.obj
 0001:000028a7       ?QueryInterface@?$CComContainedObject@VCOPOSKeylock@@@ATL@@WKA@AGJABU_GUID@@PAPAX@Z 100038a7 f i Keylock.obj
 0001:000028b4       ?AddRef@?$CComContainedObject@VCOPOSKeylock@@@ATL@@WKA@AGKXZ 100038b4 f i Keylock.obj
 0001:000028c1       ?Release@?$CComContainedObject@VCOPOSKeylock@@@ATL@@WKA@AGKXZ 100038c1 f i Keylock.obj
 0001:000028ce       ?AddRef@?$CComContainedObject@VCOPOSKeylock@@@ATL@@WKI@AGKXZ 100038ce f i Keylock.obj
 0001:000028db       ?Release@?$CComContainedObject@VCOPOSKeylock@@@ATL@@WKI@AGKXZ 100038db f i Keylock.obj
 0001:000028e8       ?AddRef@?$CComContainedObject@VCOPOSKeylock@@@ATL@@WLE@AGKXZ 100038e8 f i Keylock.obj
 0001:000028f5       ?Release@?$CComContainedObject@VCOPOSKeylock@@@ATL@@WLE@AGKXZ 100038f5 f i Keylock.obj
 0001:00002902       ??$?4UITypeInfo2@@@?$CComPtr@UITypeInfo@@@ATL@@QAEPAUITypeInfo@@ABV?$CComPtr@UITypeInfo2@@@1@@Z 10003902 f i Keylock.obj
 0001:0000292f       ??$AtlAdd@K@ATL@@YAJPAKKK@Z 1000392f f i Keylock.obj
 0001:00002952       ??$AtlAdd@_K@ATL@@YAJPA_K_K1@Z 10003952 f i Keylock.obj
 0001:0000298a       ??$AtlAddThrow@K@ATL@@YAKKK@Z 1000398a f i Keylock.obj
 0001:000029b0       ??$AtlModuleRegisterWndClassInfoT@VAtlModuleRegisterWndClassInfoParamW@ATL@@@ATL@@YAGPAU_ATL_BASE_MODULE70@0@PAU_ATL_WIN_MODULE70@0@PAU_ATL_WNDCLASSINFOW@0@PAP6GJPAUHWND__@@IIJ@ZVAtlModuleRegisterWndClassInfoParamW@0@@Z 100039b0 f i Keylock.obj
 0001:00002afe       ??$AtlMultiply@H@ATL@@YAJPAHHH@Z 10003afe f i Keylock.obj
 0001:00002b36       ??$AtlMultiply@K@ATL@@YAJPAKKK@Z 10003b36 f i Keylock.obj
 0001:00002b36       ??$AtlMultiply@I@ATL@@YAJPAIII@Z 10003b36 f i Keylock.obj
 0001:00002b58       ??$AtlMultiplyThrow@I@ATL@@YAIII@Z 10003b58 f i Keylock.obj
 0001:00002b7e       ??0?$CComAggObject@VCOPOSKeylock@@@ATL@@QAE@PAX@Z 10003b7e f i Keylock.obj
 0001:00002bab       ??0?$CComContainedObject@VCOPOSKeylock@@@ATL@@QAE@PAX@Z 10003bab f i Keylock.obj
 0001:00002c64       ??0?$CComObject@V?$CComEnum@UIEnumConnectionPoints@@$1?_GUID_b196b285_bab4_101a_b69c_00aa00341d07@@3U__s_GUID@@BPAUIConnectionPoint@@V?$_CopyInterface@UIConnectionPoint@@@ATL@@VCComSingleThreadModel@6@@ATL@@@ATL@@QAE@PAX@Z 10003c64 f i Keylock.obj
 0001:00002c92       ??0?$CComObject@V?$CComEnum@UIEnumConnections@@$1?_GUID_b196b287_bab4_101a_b69c_00aa00341d07@@3U__s_GUID@@BUtagCONNECTDATA@@V?$_Copy@UtagCONNECTDATA@@@ATL@@VCComSingleThreadModel@6@@ATL@@@ATL@@QAE@PAX@Z 10003c92 f i Keylock.obj
 0001:00002cc0       ??0?$CComObject@VCOPOSKeylock@@@ATL@@QAE@PAX@Z 10003cc0 f i Keylock.obj
 0001:00002d77       ??0?$CComQIPtr@UIOleControlSite@@$1?_GUID_b196b289_bab4_101a_b69c_00aa00341d07@@3U__s_GUID@@B@ATL@@QAE@PAUIUnknown@@@Z 10003d77 f i Keylock.obj
 0001:00002da0       ??0CAtlModule@ATL@@QAE@XZ  10003da0 f i Keylock.obj
 0001:00002de1       ??0CParseBuffer@CRegParser@ATL@@QAE@H@Z 10003de1 f i Keylock.obj
 0001:00002e17       ??0_ATL_MSG@ATL@@QAE@PAUHWND__@@IIJH@Z 10003e17 f i Keylock.obj
 0001:00002e4f       ??1?$CComAggObject@VCOPOSKeylock@@@ATL@@UAE@XZ 10003e4f f i Keylock.obj
 0001:00002e73       ??1?$CComEnumImpl@UIEnumConnectionPoints@@$1?_GUID_b196b285_bab4_101a_b69c_00aa00341d07@@3U__s_GUID@@BPAUIConnectionPoint@@V?$_CopyInterface@UIConnectionPoint@@@ATL@@@ATL@@UAE@XZ 10003e73 f i Keylock.obj
 0001:00002eb3       ??1?$CComEnumImpl@UIEnumConnections@@$1?_GUID_b196b287_bab4_101a_b69c_00aa00341d07@@3U__s_GUID@@BUtagCONNECTDATA@@V?$_Copy@UtagCONNECTDATA@@@ATL@@@ATL@@UAE@XZ 10003eb3 f i Keylock.obj
 0001:00002ef3       ??1?$CComObject@V?$CComEnum@UIEnumConnectionPoints@@$1?_GUID_b196b285_bab4_101a_b69c_00aa00341d07@@3U__s_GUID@@BPAUIConnectionPoint@@V?$_CopyInterface@UIConnectionPoint@@@ATL@@VCComSingleThreadModel@6@@ATL@@@ATL@@UAE@XZ 10003ef3 f i Keylock.obj
 0001:00002f16       ??1?$CComObject@V?$CComEnum@UIEnumConnections@@$1?_GUID_b196b287_bab4_101a_b69c_00aa00341d07@@3U__s_GUID@@BUtagCONNECTDATA@@V?$_Copy@UtagCONNECTDATA@@@ATL@@VCComSingleThreadModel@6@@ATL@@@ATL@@UAE@XZ 10003f16 f i Keylock.obj
 0001:00002f39       ??1?$CComObject@VCOPOSKeylock@@@ATL@@UAE@XZ 10003f39 f i Keylock.obj
 0001:00002ff7       ??1?$CComObjectCached@VCComClassFactory@ATL@@@ATL@@UAE@XZ 10003ff7 f i Keylock.obj
 0001:0000300d       ??1?$CComObjectRootEx@VCComMultiThreadModel@ATL@@@ATL@@QAE@XZ 1000400d f i Keylock.obj
 0001:00003022       ??1CRegObject@ATL@@UAE@XZ  10004022 f i Keylock.obj
 0001:00003042       ??4?$CComPtr@UIAdviseSink@@@ATL@@QAEPAUIAdviseSink@@PAU2@@Z 10004042 f i Keylock.obj
 0001:00003042       ??4?$CComPtr@UIOleClientSite@@@ATL@@QAEPAUIOleClientSite@@PAU2@@Z 10004042 f i Keylock.obj
 0001:00003042       ??4?$CComPtr@UIUnknown@@@ATL@@QAEPAUIUnknown@@PAU2@@Z 10004042 f i Keylock.obj
 0001:00003076       ??_E?$CComContainedObject@VCOPOSKeylock@@@ATL@@UAEPAXI@Z 10004076 f i Keylock.obj
 0001:00003076       ??_G?$CComContainedObject@VCOPOSKeylock@@@ATL@@UAEPAXI@Z 10004076 f i Keylock.obj
 0001:0000309b       ??_E?$CComObject@VCOPOSKeylock@@@ATL@@UAEPAXI@Z 1000409b f i Keylock.obj
 0001:0000309b       ??_G?$CComObject@VCOPOSKeylock@@@ATL@@UAEPAXI@Z 1000409b f i Keylock.obj
 0001:000030c0       ?Add@?$CSimpleArray@GV?$CSimpleArrayEqualHelper@G@ATL@@@ATL@@QAEHABG@Z 100040c0 f i Keylock.obj
 0001:00003144       ?Add@?$CSimpleMap@PA_WPA_WVCExpansionVectorEqualHelper@ATL@@@ATL@@QAEHABQA_W0@Z 10004144 f i Keylock.obj
 0001:00003199       ?Add@CComDynamicUnkArray@ATL@@QAEKPAUIUnknown@@@Z 10004199 f i Keylock.obj
 0001:0000324f       ?Add@CExpansionVector@ATL@@QAEHPB_W0@Z 1000424f f i Keylock.obj
 0001:00003358       ?AddString@CParseBuffer@CRegParser@ATL@@QAEHPB_W@Z 10004358 f i Keylock.obj
 0001:0000338d       ?AddTermFunc@CAtlModule@ATL@@QAEJP6GXK@ZK@Z 1000438d f i Keylock.obj
 0001:000033f0       ?AddValue@CRegParser@ATL@@IAEJAAVCRegKey@2@PB_WPA_W@Z 100043f0 f i Keylock.obj
 0001:0000370a       ?Allocate@?$CAtlSafeAllocBufferManager@VCCRTAllocator@ATL@@@_ATL_SAFE_ALLOCA_IMPL@ATL@@QAEPAXK@Z 1000470a f i Keylock.obj
 0001:00003737       ?Allocate@?$CTempBuffer@E$0BAA@VCCRTAllocator@ATL@@@ATL@@QAEPAEI@Z 10004737 f i Keylock.obj
 0001:00003766       ?Allocate@?$CTempBuffer@_W$0BAA@VCCRTAllocator@ATL@@@ATL@@QAEPA_WI@Z 10004766 f i Keylock.obj
 0001:00003795       ?Allocate@?$CTempBuffer@_W$0EAA@VCCRTAllocator@ATL@@@ATL@@QAEPA_WI@Z 10004795 f i Keylock.obj
 0001:000037c4       ?AllocateHeap@?$CTempBuffer@_W$0BAA@VCCRTAllocator@ATL@@@ATL@@AAEXI@Z 100047c4 f i Keylock.obj
 0001:000037c4       ?AllocateHeap@?$CTempBuffer@_W$0EAA@VCCRTAllocator@ATL@@@ATL@@AAEXI@Z 100047c4 f i Keylock.obj
 0001:000037c4       ?AllocateHeap@?$CTempBuffer@E$0BAA@VCCRTAllocator@ATL@@@ATL@@AAEXI@Z 100047c4 f i Keylock.obj
 0001:000037e9       ?Append@CParseBuffer@CRegParser@ATL@@QAEHPB_WH@Z 100047e9 f i Keylock.obj
 0001:00003877       ?AtlCoTaskMemCAlloc@ATL@@YAPAXKK@Z 10004877 f i Keylock.obj
 0001:000038a4       ?AtlCoTaskMemRecalloc@ATL@@YAPAXPAXKK@Z 100048a4 f i Keylock.obj
 0001:000038d4       ?AtlComModuleGetClassObject@ATL@@YGJPAU_ATL_COM_MODULE70@1@ABU_GUID@@1PAPAX@Z 100048d4 f i Keylock.obj
 0001:000039c7       ?AtlComModuleRegisterServer@ATL@@YGJPAU_ATL_COM_MODULE70@1@HPBU_GUID@@@Z 100049c7 f i Keylock.obj
 0001:00003a4f       ?AtlComModuleUnregisterServer@ATL@@YGJPAU_ATL_COM_MODULE70@1@HPBU_GUID@@@Z 10004a4f f i Keylock.obj
 0001:00003ad7       ?AtlComQIPtrAssign2@ATL@@YAXPAPAUIUnknown@@PAU2@ABU_GUID@@@Z 10004ad7 f i Keylock.obj
 0001:00003b06       ?AtlCreateTargetDC@ATL@@YGPAUHDC__@@PAU2@PAUtagDVTARGETDEVICE@@@Z 10004b06 f i Keylock.obj
 0001:00003b6f       ?AtlCrtErrorCheck@ATL@@YAHH@Z 10004b6f f i Keylock.obj
 0001:00003baa       ?AtlHiMetricToPixel@ATL@@YGXPBUtagSIZE@@PAU2@@Z 10004baa f i Keylock.obj
 0001:00003c1f       ?AtlHresultFromLastError@ATL@@YAJXZ 10004c1f f i Keylock.obj
 0001:00003c36       ?AtlHresultFromWin32@ATL@@YAJK@Z 10004c36 f i Keylock.obj
 0001:00003c4b       ?AtlInternalOleLoadFromStream@ATL@@YAJPAUIStream@@ABU_GUID@@PAPAXTClassesAllowedInStream@1@K@Z 10004c4b f i Keylock.obj
 0001:00003d71       ?AtlInternalQueryInterface@ATL@@YGJPAXPBU_ATL_INTMAP_ENTRY@1@ABU_GUID@@PAPAX@Z 10004d71 f i Keylock.obj
 0001:00003e14       ?AtlLoadTypeLib@ATL@@YGJPAUHINSTANCE__@@PB_WPAPA_WPAPAUITypeLib@@@Z 10004e14 f i Keylock.obj
 0001:00003ff2       ?AtlRegisterClassCategoriesHelper@ATL@@YGJABU_GUID@@PBU_ATL_CATMAP_ENTRY@1@H@Z 10004ff2 f i Keylock.obj
 0001:000042ee       ?AtlRegisterTypeLib@ATL@@YGJPAUHINSTANCE__@@PB_W@Z 100052ee f i Keylock.obj
 0001:00004476       ?AtlThrowImpl@ATL@@YGXJ@Z  10005476 f i Keylock.obj
 0001:00004494       ?AtlUnRegisterTypeLib@ATL@@YGJPAUHINSTANCE__@@PB_W@Z 10005494 f i Keylock.obj
 0001:0000453f       ?AtlWinModuleAddCreateWndData@ATL@@YGXPAU_ATL_WIN_MODULE70@1@PAU_AtlCreateWndData@1@PAX@Z 1000553f f i Keylock.obj
 0001:00004593       ?AtlWinModuleExtractCreateWndData@ATL@@YGPAXPAU_ATL_WIN_MODULE70@1@@Z 10005593 f i Keylock.obj
 0001:000045f6       ?AtlWinModuleRegisterClassExW@ATL@@YGGPAU_ATL_WIN_MODULE70@1@PBUtagWNDCLASSEXW@@@Z 100055f6 f i Keylock.obj
 0001:00004635       ?CanForceRemoveKey@CRegParser@ATL@@IAEHPB_W@Z 10005635 f i Keylock.obj
 0001:00004664       ?ChToByte@CRegParser@ATL@@KAE_W@Z 10005664 f i Keylock.obj
 0001:00004697       ?Cleanup@CComTypeInfoHolder@ATL@@SGXK@Z 10005697 f i Keylock.obj
 0001:000046ca       ?ClearReplacements@CExpansionVector@ATL@@QAEJXZ 100056ca f i Keylock.obj
 0001:00004707       ?Close@CRegKey@ATL@@QAEJXZ 10005707 f i Keylock.obj
 0001:00004721       ?CreateInstance@?$CComCreator@V?$CComAggObject@VCOPOSKeylock@@@ATL@@@ATL@@SGJPAXABU_GUID@@PAPAX@Z 10005721 f i Keylock.obj
 0001:00004797       ?CreateInstance@?$CComCreator@V?$CComObject@VCOPOSKeylock@@@ATL@@@ATL@@SGJPAXABU_GUID@@PAPAX@Z 10005797 f i Keylock.obj
 0001:00004818       ?CreateInstance@?$CComObject@V?$CComEnum@UIEnumConnectionPoints@@$1?_GUID_b196b285_bab4_101a_b69c_00aa00341d07@@3U__s_GUID@@BPAUIConnectionPoint@@V?$_CopyInterface@UIConnectionPoint@@@ATL@@VCComSingleThreadModel@6@@ATL@@@ATL@@SGJPAPAV12@@Z 10005818 f i Keylock.obj
 0001:0000485f       ?CreateInstance@?$CComObject@V?$CComEnum@UIEnumConnections@@$1?_GUID_b196b287_bab4_101a_b69c_00aa00341d07@@3U__s_GUID@@BUtagCONNECTDATA@@V?$_Copy@UtagCONNECTDATA@@@ATL@@VCComSingleThreadModel@6@@ATL@@@ATL@@SGJPAPAV12@@Z 1000585f f i Keylock.obj
 0001:000048a6       ?DefaultReflectionHandler@?$CWindowImplRoot@VCWindow@ATL@@@ATL@@SAHPAUHWND__@@IIJAAJ@Z 100058a6 f i Keylock.obj
 0001:00004919       ?DeleteSubKey@CRegKey@ATL@@QAEJPB_W@Z 10005919 f i Keylock.obj
 0001:00004992       ?DoEvent@COPOSKeylock@@IAEXIIJ@Z 10005992 f i Keylock.obj
 0001:00004a12       ?DoVerbHide@?$IOleObjectImpl@VCOPOSKeylock@@@ATL@@QAEJPBUtagRECT@@PAUHWND__@@@Z 10005a12 f i Keylock.obj
 0001:00004a48       ?DoVerbInPlaceActivate@?$IOleObjectImpl@VCOPOSKeylock@@@ATL@@QAEJPBUtagRECT@@PAUHWND__@@@Z 10005a48 f i Keylock.obj
 0001:00004a7b       ?DoVerbPrimary@?$IOleObjectImpl@VCOPOSKeylock@@@ATL@@QAEJPBUtagRECT@@PAUHWND__@@@Z 10005a7b f i Keylock.obj
 0001:00004b07       ?DoVerbProperties@CComControlBase@ATL@@QAEJPBUtagRECT@@PAUHWND__@@@Z 10005b07 f i Keylock.obj
 0001:00004c86       ?DoVerbUIActivate@?$IOleObjectImpl@VCOPOSKeylock@@@ATL@@QAEJPBUtagRECT@@PAUHWND__@@@Z 10005c86 f i Keylock.obj
 0001:00004cc3       ?DoesVerbActivate@CComControlBase@ATL@@QAEHJ@Z 10005cc3 f i Keylock.obj
 0001:00004ce4       ?DoesVerbUIActivate@CComControlBase@ATL@@QAEHJ@Z 10005ce4 f i Keylock.obj
 0001:00004d19       ?EndOfVar@CRegParser@ATL@@IAEHXZ 10005d19 f i Keylock.obj
 0001:00004d39       ?EscapeSingleQuote@CAtlModule@ATL@@SAXPA_WIPB_W@Z 10005d39 f i Keylock.obj
 0001:00004d88       ?FindKey@?$CSimpleMap@PA_WPA_WVCExpansionVectorEqualHelper@ATL@@@ATL@@QBEHABQA_W@Z 10005d88 f i Keylock.obj
 0001:00004dbf       ?FireTheEvent@?$CProxy_IOPOSEvents@VCOPOSKeylock@@@@IAEXPAVOposVariant@@IAAJPB_WJ@Z 10005dbf f i Keylock.obj
 0001:00004e51       ?FireViewChange@CComControlBase@ATL@@QAEJXZ 10005e51 f i Keylock.obj
 0001:00004e9a       ?Fire_DirectIOEvent@?$CProxy_IOPOSEvents@VCOPOSKeylock@@@@QAEXJPAJPAPA_W@Z 10005e9a f i Keylock.obj
 0001:00004f83       ?Fire_StatusUpdateEvent@?$CProxy_IOPOSEvents@VCOPOSKeylock@@@@QAEXJ@Z 10005f83 f i Keylock.obj
 0001:00005016       ?FreeHeap@?$CTempBuffer@_W$0EAA@VCCRTAllocator@ATL@@@ATL@@AAEXXZ 10006016 f i Keylock.obj
 0001:00005016       ?FreeHeap@?$CTempBuffer@E$0BAA@VCCRTAllocator@ATL@@@ATL@@AAEXXZ 10006016 f i Keylock.obj
 0001:00005016       ?FreeHeap@?$CTempBuffer@_W$0BAA@VCCRTAllocator@ATL@@@ATL@@AAEXXZ 10006016 f i Keylock.obj
 0001:0000501f       ?GetAmbientLocaleID@CComControlBase@ATL@@QAEJAAK@Z 1000601f f i Keylock.obj
 0001:0000507b       ?GetAmbientUserMode@CComControlBase@ATL@@QAEJAAH@Z 1000607b f i Keylock.obj
 0001:000050eb       ?GetAt@CComDynamicUnkArray@ATL@@QAEPAUIUnknown@@H@Z 100060eb f i Keylock.obj
 0001:00005107       ?GetClassObject@CComModule@ATL@@QAEJABU_GUID@@0PAPAX@Z 10006107 f i Keylock.obj
 0001:000051a9       ?GetConnMap@COPOSKeylock@@SAPBU_ATL_CONNMAP_ENTRY@ATL@@PAH@Z 100061a9 f i Keylock.obj
 0001:00005219       ?GetCookie@CComDynamicUnkArray@ATL@@QAGKPAPAUIUnknown@@@Z 10006219 f i Keylock.obj
 0001:00005251       ?GetIDsOfNames@CComTypeInfoHolder@ATL@@QAEJABU_GUID@@PAPA_WIKPAJ@Z 10006251 f i Keylock.obj
 0001:00005378       ?GetKeyAt@?$CSimpleMap@PA_WPA_WVCExpansionVectorEqualHelper@ATL@@@ATL@@QBEAAPA_WH@Z 10006378 f i Keylock.obj
 0001:0000539d       ?GetPagesHelper@?$ISpecifyPropertyPagesImpl@VCOPOSKeylock@@@ATL@@IAEJPAUtagCAUUID@@PBUATL_PROPMAP_ENTRY@2@@Z 1000639d f i Keylock.obj
 0001:000054c4       ?GetProperty@?$CComPtr@UIDispatch@@@ATL@@SAJPAUIDispatch@@JPAUtagVARIANT@@@Z 100064c4 f i Keylock.obj
 0001:00005513       ?GetSizeMax@CComVariant@ATL@@QBEJPAT_ULARGE_INTEGER@@@Z 10006513 f i Keylock.obj
 0001:000056d9       ?GetTI@CComTypeInfoHolder@ATL@@QAEJK@Z 100066d9 f i Keylock.obj
 0001:000058b8       ?GetTI@CComTypeInfoHolder@ATL@@QAEJKPAPAUITypeInfo@@@Z 100068b8 f i Keylock.obj
 0001:000058fa       ?GetUnknown@CComDynamicUnkArray@ATL@@QAGPAUIUnknown@@K@Z 100068fa f i Keylock.obj
 0001:0000591b       ?GetValueAt@?$CSimpleMap@PA_WPA_WVCExpansionVectorEqualHelper@ATL@@@ATL@@QBEAAPA_WH@Z 1000691b f i Keylock.obj
 0001:00005941       ?GetZoomInfo@CComControlBase@ATL@@QAEXAAUATL_DRAWINFO@@@Z 10006941 f i Keylock.obj
 0001:000059d4       ?HKeyFromString@CRegParser@ATL@@KAPAUHKEY__@@PA_W@Z 100069d4 f i Keylock.obj
 0001:00005a02       ?HasSubKeys@CRegParser@ATL@@IAEHPAUHKEY__@@@Z 10006a02 f i Keylock.obj
 0001:00005a37       ?IDataObject_GetData@CComControlBase@ATL@@QAEJPAUtagFORMATETC@@PAUtagSTGMEDIUM@@@Z 10006a37 f i Keylock.obj
 0001:00005bdd       ?IOleInPlaceObject_InPlaceDeactivate@CComControlBase@ATL@@QAEJXZ 10006bdd f i Keylock.obj
 0001:00005c64       ?IOleInPlaceObject_SetObjectRects@CComControlBase@ATL@@QAEJPBUtagRECT@@0@Z 10006c64 f i Keylock.obj
 0001:00005d31       ?IOleInPlaceObject_UIDeactivate@CComControlBase@ATL@@QAEJXZ 10006d31 f i Keylock.obj
 0001:00005df3       ?IOleObject_Advise@CComControlBase@ATL@@QAEJPAUIAdviseSink@@PAK@Z 10006df3 f i Keylock.obj
 0001:00005e1d       ?IOleObject_Close@CComControlBase@ATL@@QAEJK@Z 10006e1d f i Keylock.obj
 0001:00005f01       ?IOleObject_GetClientSite@CComControlBase@ATL@@QAEJPAPAUIOleClientSite@@@Z 10006f01 f i Keylock.obj
 0001:00005f2a       ?IOleObject_SetClientSite@CComControlBase@ATL@@QAEJPAUIOleClientSite@@@Z 10006f2a f i Keylock.obj
 0001:00005f69       ?IOleObject_SetExtent@CComControlBase@ATL@@QAEJKPAUtagSIZE@@@Z 10006f69 f i Keylock.obj
 0001:0000601d       ?IPSI_GetIPersistStreamInit@?$IPersistStorageImpl@VCOPOSKeylock@@@ATL@@AAEPAUIPersistStreamInit@@XZ 1000701d f i Keylock.obj
 0001:000060c5       ?IPersistStreamInit_Load@?$IPersistStreamInitImpl@VCOPOSKeylock@@@ATL@@QAEJPAUIStream@@PBUATL_PROPMAP_ENTRY@2@@Z 100070c5 f i Keylock.obj
 0001:00006341       ?IPersistStreamInit_Save@?$IPersistStreamInitImpl@VCOPOSKeylock@@@ATL@@QAEJPAUIStream@@HPBUATL_PROPMAP_ENTRY@2@@Z 10007341 f i Keylock.obj
 0001:0000652f       ?IQuickActivate_QuickActivate@CComControlBase@ATL@@QAEJPAUtagQACONTAINER@@PAUtagQACONTROL@@@Z 1000752f f i Keylock.obj
 0001:00006771       ?IViewObject_Draw@CComControlBase@ATL@@QAEJKJPAXPAUtagDVTARGETDEVICE@@PAUHDC__@@2PBU_RECTL@@3@Z 10007771 f i Keylock.obj
 0001:00006819       ?InPlaceActivate@CComControlBase@ATL@@QAEJJPBUtagRECT@@@Z 10007819 f i Keylock.obj
 0001:00006a8a       ?Init@?$CComEnumImpl@UIEnumConnectionPoints@@$1?_GUID_b196b285_bab4_101a_b69c_00aa00341d07@@3U__s_GUID@@BPAUIConnectionPoint@@V?$_CopyInterface@UIConnectionPoint@@@ATL@@@ATL@@QAEJPAPAUIConnectionPoint@@0PAUIUnknown@@W4CComEnumFlags@2@@Z 10007a8a f i Keylock.obj
 0001:00006b69       ?Init@?$CComEnumImpl@UIEnumConnections@@$1?_GUID_b196b287_bab4_101a_b69c_00aa00341d07@@3U__s_GUID@@BUtagCONNECTDATA@@V?$_Copy@UtagCONNECTDATA@@@ATL@@@ATL@@QAEJPAUtagCONNECTDATA@@0PAUIUnknown@@W4CComEnumFlags@2@@Z 10007b69 f i Keylock.obj
 0001:00006c48       ?Init@CComModule@ATL@@QAEJPAU_ATL_OBJMAP_ENTRY30@2@PAUHINSTANCE__@@PBU_GUID@@@Z 10007c48 f i Keylock.obj
 0001:00006ca7       ?Init@CDynamicStdCallThunk2@ATL@@QAEHKPAX@Z 10007ca7 f i Keylock.obj
 0001:00006cd2       ?InlineIsEqualUnknown@ATL@@YGHABU_GUID@@@Z 10007cd2 f i Keylock.obj
 0001:00006cfa       ?InternalSetAtIndex@?$CSimpleMap@PA_WPA_WVCExpansionVectorEqualHelper@ATL@@@ATL@@QAEXHABQA_W0@Z 10007cfa f i Keylock.obj
 0001:00006d24       ?Invoke@CComTypeInfoHolder@ATL@@QAEJPAUIDispatch@@JABU_GUID@@KGPAUtagDISPPARAMS@@PAUtagVARIANT@@PAUtagEXCEPINFO@@PAI@Z 10007d24 f i Keylock.obj
 0001:00006d67       ?IsEqualObject@?$CComPtrBase@UIOleClientSite@@@ATL@@QAE_NPAUIUnknown@@@Z 10007d67 f i Keylock.obj
 0001:00006d67       ?IsEqualObject@?$CComPtrBase@UITypeInfo@@@ATL@@QAE_NPAUIUnknown@@@Z 10007d67 f i Keylock.obj
 0001:00006dd4       ?IsSpace@CRegParser@ATL@@IAEH_W@Z 10007dd4 f i Keylock.obj
 0001:00006dfe       ?LoadNameCache@CComTypeInfoHolder@ATL@@QAEJPAUITypeInfo@@@Z 10007dfe f i Keylock.obj
 0001:00006f4a       ?Lookup@?$CSimpleMap@PA_WPA_WVCExpansionVectorEqualHelper@ATL@@@ATL@@QBEPA_WABQA_W@Z 10007f4a f i Keylock.obj
 0001:00006f70       ?NextToken@CRegParser@ATL@@IAEJPA_W@Z 10007f70 f i Keylock.obj
 0001:000070a8       ?OnKillFocus@CComControlBase@ATL@@QAEJIIJAAH@Z 100080a8 f i Keylock.obj
 0001:00007103       ?OnMouseActivate@CComControlBase@ATL@@QAEJIIJAAH@Z 10008103 f i Keylock.obj
 0001:00007171       ?OnPaint@CComControlBase@ATL@@QAEJIIJAAH@Z 10008171 f i Keylock.obj
 0001:00007223       ?OnSetFocus@CComControlBase@ATL@@QAEJIIJAAH@Z 10008223 f i Keylock.obj
 0001:000072ac       ?Open@CRegKey@ATL@@QAEJPAUHKEY__@@PB_WK@Z 100082ac f i Keylock.obj
 0001:00007301       ?PreProcessBuffer@CRegParser@ATL@@QAEJPA_WPAPA_W@Z 10008301 f i Keylock.obj
 0001:0000756b       ?ProcessWindowMessage@?$CComControl@VCOPOSKeylock@@V?$CWindowImpl@VCOPOSKeylock@@VCWindow@ATL@@V?$CWinTraits@$0FGAAAAAA@$0A@@3@@ATL@@@ATL@@UAEHPAUHWND__@@IIJAAJK@Z 1000856b f i Keylock.obj
 0001:0000760a       ?ReadFromStream@CComBSTR@ATL@@QAEJPAUIStream@@@Z 1000860a f i Keylock.obj
 0001:00007738       ?ReadFromStream@CComVariant@ATL@@QAEJPAUIStream@@GTClassesAllowedInStream@2@K@Z 10008738 f i Keylock.obj
 0001:000078be       ?RecurseDeleteKey@CRegKey@ATL@@QAEJPB_W@Z 100088be f i Keylock.obj
 0001:000079ac       ?RegCreateKeyExW@CAtlTransactionManager@ATL@@QAEJPAUHKEY__@@PB_WKPA_WKKQAU_SECURITY_ATTRIBUTES@@PAPAU3@PAK@Z 100089ac f i Keylock.obj
 0001:00007a0f       ?RegDeleteKeyW@CAtlTransactionManager@ATL@@QAEJPAUHKEY__@@PB_W@Z 10008a0f f i Keylock.obj
 0001:00007a61       ?RegOpenKeyExW@CAtlTransactionManager@ATL@@QAEJPAUHKEY__@@PB_WKKPAPAU3@@Z 10008a61 f i Keylock.obj
 0001:00007ab8       ?Register@_ATL_WNDCLASSINFOW@ATL@@QAEGPAP6GJPAUHWND__@@IIJ@Z@Z 10008ab8 f i Keylock.obj
 0001:00007ad8       ?RegisterBuffer@CRegParser@ATL@@QAEJPA_WH@Z 10008ad8 f i Keylock.obj
 0001:00007c11       ?RegisterFromResource@CRegObject@ATL@@IAEJPB_W00H@Z 10008c11 f i Keylock.obj
 0001:00007d47       ?RegisterServer@?$CAtlModuleT@VCComModule@ATL@@@ATL@@QAEJHPBU_GUID@@@Z 10008d47 f i Keylock.obj
 0001:00007d75       ?RegisterServer@CComModule@ATL@@QAEJHPBU_GUID@@@Z 10008d75 f i Keylock.obj
 0001:00007deb       ?RegisterSubkeys@CRegParser@ATL@@IAEJPA_WPAUHKEY__@@HH@Z 10008deb f i Keylock.obj
 0001:00008492       ?Remove@CComDynamicUnkArray@ATL@@QAEHK@Z 10009492 f i Keylock.obj
 0001:000084bb       ?RemoveAll@?$CSimpleMap@PA_WPA_WVCExpansionVectorEqualHelper@ATL@@@ATL@@QAEXXZ 100094bb f i Keylock.obj
 0001:000084e7       ?ResourceRegisterSz@CRegObject@ATL@@QAGJPB_W00@Z 100094e7 f i Keylock.obj
 0001:00008514       ?ResourceUnregisterSz@CRegObject@ATL@@QAGJPB_W00@Z 10009514 f i Keylock.obj
 0001:00008541       ?SendOnDataChange@CComControlBase@ATL@@QAEJK@Z 10009541 f i Keylock.obj
 0001:0000858e       ?SetControlFocus@CComControlBase@ATL@@QAEHH@Z 1000958e f i Keylock.obj
 0001:0000862b       ?SetMultiStringValue@CRegKey@ATL@@QAEJPB_W0@Z 1000962b f i Keylock.obj
 0001:00008687       ?SetStringValue@CRegKey@ATL@@QAEJPB_W0K@Z 10009687 f i Keylock.obj
 0001:000086d0       ?SkipAssignment@CRegParser@ATL@@IAEJPA_W@Z 100096d0 f i Keylock.obj
 0001:00008735       ?SkipWhiteSpace@CRegParser@ATL@@IAEXXZ 10009735 f i Keylock.obj
 0001:00008757       ?StrChrW@CRegParser@ATL@@KAPA_WPA_W_W@Z 10009757 f i Keylock.obj
 0001:00008794       ?Term@CAtlModule@ATL@@QAEXXZ 10009794 f i Keylock.obj
 0001:000087e7       ?Term@CComModule@ATL@@QAEXXZ 100097e7 f i Keylock.obj
 0001:0000883f       ?UnregisterServer@?$CAtlModuleT@VCComModule@ATL@@@ATL@@QAEJHPBU_GUID@@@Z 1000983f f i Keylock.obj
 0001:00008865       ?UnregisterServer@CComModule@ATL@@QAEJHPBU_GUID@@@Z 10009865 f i Keylock.obj
 0001:000088db       ?UpdateRegistryFromResource@CAtlModule@ATL@@QAGJIHPAU_ATL_REGMAP_ENTRY@2@@Z 100098db f i Keylock.obj
 0001:00008aa6       ?UpdateRegistryFromResource@CAtlModule@ATL@@QAGJPB_WHPAU_ATL_REGMAP_ENTRY@2@@Z 10009aa6 f i Keylock.obj
 0001:00008c77       ?VTFromRegType@CRegParser@ATL@@KAHPB_WAAG@Z 10009c77 f i Keylock.obj
 0001:00008ce4       ?WindowProc@?$CWindowImplBaseT@VCWindow@ATL@@V?$CWinTraits@$0FGAAAAAA@$0A@@2@@ATL@@SGJPAUHWND__@@IIJ@Z 10009ce4 f i Keylock.obj
 0001:00008dd6       ?WriteToStream@CComBSTR@ATL@@QAEJPAUIStream@@@Z 10009dd6 f i Keylock.obj
 0001:00008e38       ?WriteToStream@CComVariant@ATL@@QAEJPAUIStream@@@Z 10009e38 f i Keylock.obj
 0001:00008fb2       ?WriteToStream@CComVariant@ATL@@QAEJPAUIStream@@G@Z 10009fb2 f i Keylock.obj
 0001:0000901b       ?_AtlInitialConstruct@?$CComObjectRootEx@VCComMultiThreadModel@ATL@@@ATL@@QAEJXZ 1000a01b f i Keylock.obj
 0001:00009030       ?_AtlVerifyStackAvailable@_ATL_SAFE_ALLOCA_IMPL@ATL@@YA_NK@Z 1000a030 f i Keylock.obj
 0001:000090ae       ?atlCreate@?$CWindowImpl@VCOPOSKeylock@@VCWindow@ATL@@V?$CWinTraits@$0FGAAAAAA@$0A@@3@@ATL@@QAEPAUHWND__@@PAU3@V_U_RECT@2@PB_WKKV_U_MENUorID@2@PAX@Z 1000a0ae f i Keylock.obj
 0001:000090f2       ?atlCreate@?$CWindowImplBaseT@VCWindow@ATL@@V?$CWinTraits@$0FGAAAAAA@$0A@@2@@ATL@@QAEPAUHWND__@@PAU3@V_U_RECT@2@PB_WKKV_U_MENUorID@2@GPAX@Z 1000a0f2 f i Keylock.obj
 0001:0000918e       ?copy@?$_Copy@UtagCONNECTDATA@@@ATL@@SAJPAUtagCONNECTDATA@@PBU3@@Z 1000a18e f i Keylock.obj
 0001:000091c4       ?copy@?$_CopyInterface@UIConnectionPoint@@@ATL@@SAJPAPAUIConnectionPoint@@PBQAU3@@Z 1000a1c4 f i Keylock.obj
 0001:000091f2       ?memcpy_s@Checked@ATL@@YAXPAXIPBXI@Z 1000a1f2 f i Keylock.obj
 0001:00009211       ?ocscpy_s@@YA_NPA_WIPB_W@Z 1000a211 f i Keylock.obj
 0001:0000925b       ?wcscpy_s@Checked@ATL@@YAXPA_WIPB_W@Z 1000a25b f i Keylock.obj
 0001:00009277       _DllCanUnloadNow@0         1000a277 f   Keylock.obj
 0001:00009283       _DllGetClassObject@12      1000a283 f   Keylock.obj
 0001:00009291       _DllMain@12                1000a291 f   Keylock.obj
 0001:000092d3       _DllRegisterServer@0       1000a2d3 f   Keylock.obj
 0001:000092e2       _DllUnregisterServer@0     1000a2e2 f   Keylock.obj
 0001:000092f1       _InlineIsEqualGUID         1000a2f1 f i Keylock.obj
 0001:00009321       ___local_stdio_printf_options 1000a321 f i Keylock.obj
 0001:00009327       __vswprintf_s_l            1000a327 f i Keylock.obj
 0001:000093d4       _swprintf_s                1000a3d4 f i Keylock.obj
 0001:000093f0       ??0?$CComControl@VCOPOSKeylock@@V?$CWindowImpl@VCOPOSKeylock@@VCWindow@ATL@@V?$CWinTraits@$0FGAAAAAA@$0A@@3@@ATL@@@ATL@@QAE@XZ 1000a3f0 f i KeylockImpl.obj
 0001:00009417       ??0CComControlBase@ATL@@QAE@AAPAUHWND__@@@Z 1000a417 f i KeylockImpl.obj
 0001:00009461       ??0COPOSKeylock@@QAE@XZ    1000a461 f   KeylockImpl.obj
 0001:000094b0       ??1?$CComControl@VCOPOSKeylock@@V?$CWindowImpl@VCOPOSKeylock@@VCWindow@ATL@@V?$CWinTraits@$0FGAAAAAA@$0A@@3@@ATL@@@ATL@@UAE@XZ 1000a4b0 f i KeylockImpl.obj
 0001:000094c9       ??1?$IConnectionPointImpl@VCOPOSKeylock@@$1?DIID__IOPOSKeylockEvents@@3U_GUID@@BVCComDynamicUnkArray@ATL@@@ATL@@QAE@XZ 1000a4c9 f i KeylockImpl.obj
 0001:000094c9       ??1?$IConnectionPointImpl@VCOPOSKeylock@@$1?IID_IPropertyNotifySink@@3U_GUID@@BVCComDynamicUnkArray@ATL@@@ATL@@QAE@XZ 1000a4c9 f i KeylockImpl.obj
 0001:00009506       ??1CComControlBase@ATL@@UAE@XZ 1000a506 f i KeylockImpl.obj
 0001:00009569       ??1COPOSKeylock@@UAE@XZ    1000a569 f   KeylockImpl.obj
 0001:000095b1       ?CheckHealth@COPOSKeylock@@UAGJJPAJ@Z 1000a5b1 f   KeylockImpl.obj
 0001:00009600       ?ClaimDevice@COPOSKeylock@@UAGJJPAJ@Z 1000a600 f   KeylockImpl.obj
 0001:0000966e       ?Close@COPOSKeylock@@UAGJPAJ@Z 1000a66e f   KeylockImpl.obj
 0001:000096dc       ?CompareFirmwareVersion@COPOSKeylock@@UAGJPA_WPAJ1@Z 1000a6dc f   KeylockImpl.obj
 0001:0000975c       ?DirectIO@COPOSKeylock@@UAGJJPAJPAPA_W0@Z 1000a75c f   KeylockImpl.obj
 0001:0000980a       ?DoInvoke@COPOSKeylock@@IAEJJPAVOposVariant@@IHPAJ_N@Z 1000a80a f   KeylockImpl.obj
 0001:000098e6       ?EventClose@COPOSKeylock@@IAEXXZ 1000a8e6 f i KeylockImpl.obj
 0001:00009919       ?EventInit@COPOSKeylock@@IAEJXZ 1000a919 f i KeylockImpl.obj
 0001:000099e5       ?EventUninit@COPOSKeylock@@IAEXXZ 1000a9e5 f i KeylockImpl.obj
 0001:00009a37       ?EventWindowProc@COPOSKeylock@@IAGJIIJ@Z 1000aa37 f i KeylockImpl.obj
 0001:00009aae       ?FinalConstruct@COPOSKeylock@@QAEJXZ 1000aaae f   KeylockImpl.obj
 0001:00009ae7       ?FireEventCleanup@COPOSKeylock@@IAEXXZ 1000aae7 f i KeylockImpl.obj
 0001:00009afd       ?FireEventSetup@COPOSKeylock@@IAE_NXZ 1000aafd f i KeylockImpl.obj
 0001:00009b31       ?FreezeEvents@COPOSKeylock@@MAGJH@Z 1000ab31 f   KeylockImpl.obj
 0001:00009b82       ?GetOposProp@COPOSKeylock@@IAEJJPAFJ@Z 1000ab82 f   KeylockImpl.obj
 0001:00009ba5       ?GetOposProp@COPOSKeylock@@IAEJJPAJJ@Z 1000aba5 f   KeylockImpl.obj
 0001:00009c74       ?GetOposProp@COPOSKeylock@@IAEJJPAPA_WJ@Z 1000ac74 f   KeylockImpl.obj
 0001:00009d50       ?OnDraw@COPOSKeylock@@MAEJAAUATL_DRAWINFO@@@Z 1000ad50 f   KeylockImpl.obj
 0001:00009df0       ?Open@COPOSKeylock@@UAGJPA_WPAJ@Z 1000adf0 f   KeylockImpl.obj
 0001:0000a630       ?ReleaseDevice@COPOSKeylock@@UAGJPAJ@Z 1000b630 f   KeylockImpl.obj
 0001:0000a667       ?ResetStatistics@COPOSKeylock@@UAGJPA_WPAJ@Z 1000b667 f   KeylockImpl.obj
 0001:0000a6be       ?RetrieveStatistics@COPOSKeylock@@UAGJPAPA_WPAJ@Z 1000b6be f   KeylockImpl.obj
 0001:0000a715       ?SOProcessID@COPOSKeylock@@UAGJPAJ@Z 1000b715 f   KeylockImpl.obj
 0001:0000a729       ?SetCOFreezeEvents@COPOSKeylock@@IAEXF@Z 1000b729 f   KeylockImpl.obj
 0001:0000a7c9       ?SetOposProp@COPOSKeylock@@IAEJJJJ@Z 1000b7c9 f   KeylockImpl.obj
 0001:0000a8c0       ?UpdateFirmware@COPOSKeylock@@UAGJPA_WPAJ@Z 1000b8c0 f   KeylockImpl.obj
 0001:0000a917       ?UpdateStatistics@COPOSKeylock@@UAGJPA_WPAJ@Z 1000b917 f   KeylockImpl.obj
 0001:0000a96e       ?WaitForKeylockChange@COPOSKeylock@@UAGJJJPAJ@Z 1000b96e f   KeylockImpl.obj
 0001:0000a9e2       ?get_BinaryConversion@COPOSKeylock@@UAGJPAJ@Z 1000b9e2 f   KeylockImpl.obj
 0001:0000a9f8       ?get_CapCompareFirmwareVersion@COPOSKeylock@@UAGJPAF@Z 1000b9f8 f   KeylockImpl.obj
 0001:0000aa11       ?get_CapKeylockType@COPOSKeylock@@UAGJPAJ@Z 1000ba11 f   KeylockImpl.obj
 0001:0000aa2a       ?get_CapPowerReporting@COPOSKeylock@@UAGJPAJ@Z 1000ba2a f   KeylockImpl.obj
 0001:0000aa43       ?get_CapStatisticsReporting@COPOSKeylock@@UAGJPAF@Z 1000ba43 f   KeylockImpl.obj
 0001:0000aa5c       ?get_CapUpdateFirmware@COPOSKeylock@@UAGJPAF@Z 1000ba5c f   KeylockImpl.obj
 0001:0000aa75       ?get_CapUpdateStatistics@COPOSKeylock@@UAGJPAF@Z 1000ba75 f   KeylockImpl.obj
 0001:0000aa8e       ?get_CheckHealthText@COPOSKeylock@@UAGJPAPA_W@Z 1000ba8e f   KeylockImpl.obj
 0001:0000aaa7       ?get_Claimed@COPOSKeylock@@UAGJPAF@Z 1000baa7 f   KeylockImpl.obj
 0001:0000aabd       ?get_ControlObjectDescription@COPOSKeylock@@UAGJPAPA_W@Z 1000babd f   KeylockImpl.obj
 0001:0000ab0b       ?get_ControlObjectVersion@COPOSKeylock@@UAGJPAJ@Z 1000bb0b f   KeylockImpl.obj
 0001:0000ab1e       ?get_DeviceDescription@COPOSKeylock@@UAGJPAPA_W@Z 1000bb1e f   KeylockImpl.obj
 0001:0000ab37       ?get_DeviceEnabled@COPOSKeylock@@UAGJPAF@Z 1000bb37 f   KeylockImpl.obj
 0001:0000ab4d       ?get_DeviceName@COPOSKeylock@@UAGJPAPA_W@Z 1000bb4d f   KeylockImpl.obj
 0001:0000ab66       ?get_ElectronicKeyValue@COPOSKeylock@@UAGJPAPA_W@Z 1000bb66 f   KeylockImpl.obj
 0001:0000ab7f       ?get_FreezeEvents@COPOSKeylock@@UAGJPAF@Z 1000bb7f f   KeylockImpl.obj
 0001:0000ab95       ?get_KeyPosition@COPOSKeylock@@UAGJPAJ@Z 1000bb95 f   KeylockImpl.obj
 0001:0000abae       ?get_OpenResult@COPOSKeylock@@UAGJPAJ@Z 1000bbae f   KeylockImpl.obj
 0001:0000abc5       ?get_PositionCount@COPOSKeylock@@UAGJPAJ@Z 1000bbc5 f   KeylockImpl.obj
 0001:0000abde       ?get_PowerNotify@COPOSKeylock@@UAGJPAJ@Z 1000bbde f   KeylockImpl.obj
 0001:0000abf4       ?get_PowerState@COPOSKeylock@@UAGJPAJ@Z 1000bbf4 f   KeylockImpl.obj
 0001:0000ac0a       ?get_ResultCode@COPOSKeylock@@UAGJPAJ@Z 1000bc0a f   KeylockImpl.obj
 0001:0000ac48       ?get_ResultCodeExtended@COPOSKeylock@@UAGJPAJ@Z 1000bc48 f   KeylockImpl.obj
 0001:0000ac5e       ?get_ServiceObjectDescription@COPOSKeylock@@UAGJPAPA_W@Z 1000bc5e f   KeylockImpl.obj
 0001:0000ac77       ?get_ServiceObjectVersion@COPOSKeylock@@UAGJPAJ@Z 1000bc77 f   KeylockImpl.obj
 0001:0000ac8d       ?get_State@COPOSKeylock@@UAGJPAJ@Z 1000bc8d f   KeylockImpl.obj
 0001:0000acb9       ?put_BinaryConversion@COPOSKeylock@@UAGJJ@Z 1000bcb9 f   KeylockImpl.obj
 0001:0000accf       ?put_DeviceEnabled@COPOSKeylock@@UAGJF@Z 1000bccf f   KeylockImpl.obj
 0001:0000acec       ?put_FreezeEvents@COPOSKeylock@@UAGJF@Z 1000bcec f   KeylockImpl.obj
 0001:0000ad38       ?put_PowerNotify@COPOSKeylock@@UAGJJ@Z 1000bd38 f   KeylockImpl.obj
 0001:0000ad4e       ?s_EventWindowProc@COPOSKeylock@@KGJPAUHWND__@@IIJ@Z 1000bd4e f i KeylockImpl.obj
 0001:0000ada0       ??_U@YAPAXI@Z              1000bda0 f   LIBCMT:new_array.obj
 0001:0000ada9       ??3@YAXPAXI@Z              1000bda9 f   LIBCMT:delete_scalar_size.obj
 0001:0000adb7       ??_V@YAXPAX@Z              1000bdb7 f   LIBCMT:delete_array.obj
 0001:0000adbc       ??_V@YAXPAXI@Z             1000bdbc f   LIBCMT:delete_array_size.obj
 0001:0000ae0e       ___scrt_acquire_startup_lock 1000be0e f   LIBCMT:utility.obj
 0001:0000ae40       ___scrt_dllmain_after_initialize_c 1000be40 f   LIBCMT:utility.obj
 0001:0000ae6b       ___scrt_dllmain_before_initialize_c 1000be6b f   LIBCMT:utility.obj
 0001:0000ae79       ___scrt_dllmain_crt_thread_attach 1000be79 f   LIBCMT:utility.obj
 0001:0000ae98       ___scrt_dllmain_crt_thread_detach 1000be98 f   LIBCMT:utility.obj
 0001:0000aea5       ___scrt_dllmain_exception_filter 1000bea5 f   LIBCMT:utility.obj
 0001:0000aed9       ___scrt_dllmain_uninitialize_c 1000bed9 f   LIBCMT:utility.obj
 0001:0000aefc       ___scrt_dllmain_uninitialize_critical 1000befc f   LIBCMT:utility.obj
 0001:0000af09       ___scrt_initialize_crt     1000bf09 f   LIBCMT:utility.obj
 0001:0000af42       ___scrt_initialize_onexit_tables 1000bf42 f   LIBCMT:utility.obj
 0001:0000afc9       ___scrt_is_nonwritable_in_current_image 1000bfc9 f   LIBCMT:utility.obj
 0001:0000b05d       ___scrt_release_startup_lock 1000c05d f   LIBCMT:utility.obj
 0001:0000b07a       ___scrt_uninitialize_crt   1000c07a f   LIBCMT:utility.obj
 0001:0000b0a2       __onexit                   1000c0a2 f   LIBCMT:utility.obj
 0001:0000b0cf       _atexit                    1000c0cf f   LIBCMT:utility.obj
 0001:0000b0e4       ??3@YAXPAX@Z               1000c0e4 f   LIBCMT:delete_scalar.obj
 0001:0000b1ae       __Init_thread_footer       1000c1ae f   LIBCMT:thread_safe_statics.obj
 0001:0000b1f8       __Init_thread_header       1000c1f8 f   LIBCMT:thread_safe_statics.obj
 0001:0000b24a       __Init_thread_notify       1000c24a f   LIBCMT:thread_safe_statics.obj
 0001:0000b280       __Init_thread_wait         1000c280 f   LIBCMT:thread_safe_statics.obj
 0001:0000b2ce       ___raise_securityfailure   1000c2ce f   LIBCMT:gs_report.obj
 0001:0000b2f6       ___report_gsfailure        1000c2f6 f   LIBCMT:gs_report.obj
 0001:0000b3ef       ___report_rangecheckfailure 1000c3ef f   LIBCMT:gs_report.obj
 0001:0000b3fb       ___report_securityfailure  1000c3fb f   LIBCMT:gs_report.obj
 0001:0000b4c9       ??2@YAPAXIABUnothrow_t@std@@@Z 1000c4c9 f   LIBCMT:new_scalar_nothrow.obj
 0001:0000b519       ??_U@YAPAXIABUnothrow_t@std@@@Z 1000c519 f   LIBCMT:new_array_nothrow.obj
 0001:0000b522       @__security_check_cookie@4 1000c522 f   LIBCMT:secchk.obj
 0001:0000b540       __SEH_prolog4_GS           1000c540 f   LIBCMT:sehprolg4gs.obj
 0001:0000b589       __SEH_epilog4_GS           1000c589 f   LIBCMT:sehprolg4gs.obj
 0001:0000b5a0       __alloca_probe_16          1000c5a0 f   LIBCMT:alloca16.obj
 0001:0000b5b6       __alloca_probe_8           1000c5b6     LIBCMT:alloca16.obj
 0001:0000b5d0       __chkstk                   1000c5d0 f   LIBCMT:chkstk.obj
 0001:0000b5d0       __alloca_probe             1000c5d0 f   LIBCMT:chkstk.obj
 0001:0000b938       __DllMainCRTStartup@12     1000c938 f   LIBCMT:dll_dllmain.obj
 0001:0000b95b       ??2@YAPAXI@Z               1000c95b f   LIBCMT:new_scalar.obj
 0001:0000b98b       ___isa_available_init      1000c98b f   LIBCMT:cpu_disp.obj
 0001:0000bb5b       ___scrt_is_ucrt_dll_in_use 1000cb5b f   LIBCMT:ucrt_detection.obj
 0001:0000bb67       ___scrt_fastfail           1000cb67 f   LIBCMT:utility_desktop.obj
 0001:0000bc81       __crt_debugger_hook        1000cc81 f   LIBCMT:utility_desktop.obj
 0001:0000bc90       __SEH_prolog4              1000cc90 f   LIBCMT:sehprolg4.obj
 0001:0000bcd6       __SEH_epilog4              1000ccd6 f   LIBCMT:sehprolg4.obj
 0001:0000bceb       @_guard_check_icall_nop@4  1000cceb f i LIBCMT:guard_support.obj
 0001:0000bd39       ___security_init_cookie    1000cd39 f   LIBCMT:gs_support.obj
 0001:0000bd84       ?__scrt_initialize_type_info@@YAXXZ 1000cd84 f   LIBCMT:tncleanup.obj
 0001:0000bd90       ?__scrt_uninitialize_type_info@@YAXXZ 1000cd90 f   LIBCMT:tncleanup.obj
 0001:0000bd9c       ___local_stdio_scanf_options 1000cd9c f i LIBCMT:default_local_stdio_options.obj
 0001:0000bda2       ___scrt_initialize_default_local_stdio_options 1000cda2 f   LIBCMT:default_local_stdio_options.obj
 0001:0000bdbf       ___scrt_get_dyn_tls_init_callback 1000cdbf f   LIBCMT:dyn_tls_init.obj
 0001:0000bdc5       __RTC_Initialize           1000cdc5 f   LIBCMT:initsect.obj
 0001:0000bdf1       __RTC_Terminate            1000cdf1 f   LIBCMT:initsect.obj
 0001:0000be1d       ??0bad_alloc@std@@QAE@ABV01@@Z 1000ce1d f i LIBCMT:throw_bad_alloc.obj
 0001:0000be38       ??0bad_alloc@std@@QAE@XZ   1000ce38 f i LIBCMT:throw_bad_alloc.obj
 0001:0000be50       ??0bad_array_new_length@std@@QAE@ABV01@@Z 1000ce50 f i LIBCMT:throw_bad_alloc.obj
 0001:0000be6b       ??0bad_array_new_length@std@@QAE@XZ 1000ce6b f i LIBCMT:throw_bad_alloc.obj
 0001:0000be83       ??0exception@std@@QAE@ABV01@@Z 1000ce83 f i LIBCMT:throw_bad_alloc.obj
 0001:0000beaf       ??1bad_array_new_length@std@@UAE@XZ 1000ceaf f i LIBCMT:throw_bad_alloc.obj
 0001:0000beaf       ??1bad_alloc@std@@UAE@XZ   1000ceaf f i LIBCMT:throw_bad_alloc.obj
 0001:0000beaf       ??1bad_exception@std@@UAE@XZ 1000ceaf f i libvcruntime:frame.obj
 0001:0000bec0       ??_Ebad_exception@std@@UAEPAXI@Z 1000cec0 f i libvcruntime:frame.obj
 0001:0000bec0       ??_Gbad_exception@std@@UAEPAXI@Z 1000cec0 f i libvcruntime:frame.obj
 0001:0000bec0       ??_Ebad_alloc@std@@UAEPAXI@Z 1000cec0 f i LIBCMT:throw_bad_alloc.obj
 0001:0000bec0       ??_Eexception@std@@UAEPAXI@Z 1000cec0 f i LIBCMT:throw_bad_alloc.obj
 0001:0000bec0       ??_Ebad_array_new_length@std@@UAEPAXI@Z 1000cec0 f i LIBCMT:throw_bad_alloc.obj
 0001:0000bec0       ??_Gexception@std@@UAEPAXI@Z 1000cec0 f i LIBCMT:throw_bad_alloc.obj
 0001:0000bec0       ??_Gbad_array_new_length@std@@UAEPAXI@Z 1000cec0 f i LIBCMT:throw_bad_alloc.obj
 0001:0000bec0       ??_Gbad_alloc@std@@UAEPAXI@Z 1000cec0 f i LIBCMT:throw_bad_alloc.obj
 0001:0000beed       ?__scrt_throw_std_bad_alloc@@YAXXZ 1000ceed f   LIBCMT:throw_bad_alloc.obj
 0001:0000bf0a       ?__scrt_throw_std_bad_array_new_length@@YAXXZ 1000cf0a f   LIBCMT:throw_bad_alloc.obj
 0001:0000bf27       ?what@exception@std@@UBEPBDXZ 1000cf27 f i LIBCMT:throw_bad_alloc.obj
 0001:0000bf34       ??_Etype_info@@UAEPAXI@Z   1000cf34 f i LIBCMT:std_type_info_static.obj
 0001:0000bf34       ??_Gtype_info@@UAEPAXI@Z   1000cf34 f i LIBCMT:std_type_info_static.obj
 0001:0000bf57       ??0CAtlBaseModule@ATL@@QAE@XZ 1000cf57 f   atls:atlbase.obj
 0001:0000bfaa       ??0_ATL_BASE_MODULE70@ATL@@QAE@XZ 1000cfaa f i atls:atlbase.obj
 0001:0000bfcd       ??1CAtlBaseModule@ATL@@QAE@XZ 1000cfcd f   atls:atlbase.obj
 0001:0000c0ba       ?Init@_stdcallthunk@ATL@@QAEHKPAX@Z 1000d0ba f i atls:atlthunk.obj
 0001:0000c0ef       ?__AllocStdCallThunk_cmn@@YAPAXXZ 1000d0ef f   atls:atlthunk.obj
 0001:0000c1b5       ?__FreeStdCallThunk_cmn@@YAXPAX@Z 1000d1b5 f   atls:atlthunk.obj
 0001:0000c250       _AtlThunk_AllocateData@0   1000d250 f   atls:atlthunk.obj
 0001:0000c2b5       _AtlThunk_DataToCode@4     1000d2b5 f   atls:atlthunk.obj
 0001:0000c2fc       _AtlThunk_FreeData@4       1000d2fc f   atls:atlthunk.obj
 0001:0000c352       _AtlThunk_InitData@12      1000d352 f   atls:atlthunk.obj
 0001:0000c3a1       __get_purecall_handler     1000d3a1 f   libvcruntime:purevirt.obj
 0001:0000c3a7       __purecall                 1000d3a7 f   libvcruntime:purevirt.obj
 0001:0000c3c3       _wcsstr                    1000d3c3 f   libvcruntime:wcsstr.obj
 0001:0000c680       __except_handler4          1000d680 f   libvcruntime:chandler4.obj
 0001:0000c7de       _memcmp                    1000d7de f   libvcruntime:memcmp.obj
 0001:0000d790       _memcpy                    1000e790 f   libvcruntime:memcpy.obj
 0001:0000dd10       _memset                    1000ed10 f   libvcruntime:memset.obj
 0001:0000de6a       ___vcrt_initialize         1000ee6a f   libvcruntime:initialization.obj
 0001:0000de89       ___vcrt_thread_attach      1000ee89 f   libvcruntime:initialization.obj
 0001:0000de94       ___vcrt_thread_detach      1000ee94 f   libvcruntime:initialization.obj
 0001:0000de9f       ___vcrt_uninitialize       1000ee9f f   libvcruntime:initialization.obj
 0001:0000deb6       ___vcrt_uninitialize_critical 1000eeb6 f   libvcruntime:initialization.obj
 0001:0000debe       ?GetRangeOfTrysToCheck@__FrameHandler3@@SA?AU?$pair@Viterator@TryBlockMap@__FrameHandler3@@V123@@std@@AAVTryBlockMap@1@HPAXPBU_s_FuncInfo@@H@Z 1000eebe f   libvcruntime:trnsctrl.obj
 0001:0000df2e       ?_CallCatchBlock2@@YAPAXPAUEHRegistrationNode@@PBU_s_FuncInfo@@PAXHK@Z 1000ef2e f   libvcruntime:trnsctrl.obj
[...]
 0002:00002c30       ?strings@?1??fp_format_nan_or_infinity@@YAHW4__acrt_fp_class@@_NPADI1@Z@4QAY03QBDA 10021c30     libucrt:cvt.obj
 0002:00003178       ?_mb_locale_names@@3QBQB_WB 10022178     libucrt:mbctype.obj
 0002:000039c0       ?LcidToLocaleNameTable@?A0x881e4c05@@3QBULcidToLocaleName@1@B 100229c0     libucrt:lcidtoname_downlevel.obj
 0002:00004ae8       ?LocaleNameToIndexTable@?A0x881e4c05@@3QBULocaleNameIndex@1@B 10023ae8     libucrt:lcidtoname_downlevel.obj
 0002:00006340       ?large_power_indices@?1??multiply_by_power_of_ten@__crt_strtox@@YA_NAAUbig_integer@2@I@Z@4QBUunpack_index@?1??12@YA_N0I@Z@B 10025340     libucrt:cfout.obj
 0002:00006420       LOG_name                   10025420     libucrt:log10_impl.obj
 0002:00006430       _One                       10025430     libucrt:ceil_pentium4.obj
 0002:00006440       _Bns                       10025440     libucrt:ceil_pentium4.obj
 0002:00006450       _Zero                      10025450     libucrt:ceil_pentium4.obj
 0002:00006460       _S                         10025460     libucrt:ceil_pentium4.obj
 0002:00006470       _NegZero                   10025470     libucrt:ceil_pentium4.obj
 0002:00006480       emask                      10025480     libucrt:log10_pentium4.obj
 0002:00006490       CC                         10025490     libucrt:log10_pentium4.obj
 0002:000064a0       Magic                      100254a0     libucrt:log10_pentium4.obj
 0002:000064b0       hi_mask                    100254b0     libucrt:log10_pentium4.obj
 0002:000064c0       LOG10_2                    100254c0     libucrt:log10_pentium4.obj
 0002:000064d0       place_L                    100254d0     libucrt:log10_pentium4.obj
 0002:000064f0       One                        100254f0     libucrt:log10_pentium4.obj
 0002:00006500       Zero                       10025500     libucrt:log10_pentium4.obj
 0002:00006510       Two52                      10025510     libucrt:log10_pentium4.obj
 0002:00006520       Infs                       10025520     libucrt:log10_pentium4.obj
 0002:00006530       NaN                        10025530     libucrt:log10_pentium4.obj
 0002:00006540       coeff                      10025540     libucrt:log10_pentium4.obj
 0002:0000659e       _log2max                   1002559e     libucrt:87tran.obj
 0002:000065a8       _smallarg                  100255a8     libucrt:87tran.obj
 0002:000065b2       _half                      100255b2     libucrt:87tran.obj
 0002:000065fe       One                        100255fe     libucrt:87disp.obj
 0002:00006606       Three                      10025606     libucrt:87disp.obj
 0002:0000660e       XAMtoTagTab                1002560e     libucrt:87disp.obj
 0002:00006620       One                        10025620     libucrt:common.obj
 0002:00006634       DblMax                     10025634     libucrt:common.obj
 0002:0000663c       DblMin                     1002563c     libucrt:common.obj
 0002:00006644       IeeeAdjO                   10025644     libucrt:common.obj
 0002:0000664c       IeeeAdjU                   1002564c     libucrt:common.obj
 0002:00006654       _infinity                  10025654     libucrt:common.obj
 0002:0000665c       _zero                      1002565c     libucrt:common.obj
 0002:000066a8       _over                      100256a8     libucrt:fpctrl.obj
 0002:000066b4       _under                     100256b4     libucrt:fpctrl.obj
 0002:00006ee8       ?_names@?1??_get_fname@@9@9 10025ee8     libucrt:fpexcept.obj
 0002:00007090       two32                      10026090     LIBCMT:ftol2.obj
 0002:00007094       two63                      10026094     LIBCMT:ftol2.obj
 0002:00007098       _NaN                       10026098     LIBCMT:ftol2.obj
 0002:00007748       __sehtable$?_AtlVerifyStackAvailable@_ATL_SAFE_ALLOCA_IMPL@ATL@@YA_NK@Z 10026748     Keylock.obj
 0002:00007768       __sehtable$___scrt_is_nonwritable_in_current_image 10026768     LIBCMT:utility.obj
 0002:00007784       __catchsym$??2@YAPAXIABUnothrow_t@std@@@Z$2 10026784     LIBCMT:new_scalar_nothrow.obj
 0002:00007794       __unwindtable$??2@YAPAXIABUnothrow_t@std@@@Z 10026794     LIBCMT:new_scalar_nothrow.obj
 0002:000077a4       __tryblocktable$??2@YAPAXIABUnothrow_t@std@@@Z 100267a4     LIBCMT:new_scalar_nothrow.obj
 0002:000077b8       __ehfuncinfo$??2@YAPAXIABUnothrow_t@std@@@Z 100267b8     LIBCMT:new_scalar_nothrow.obj
 0002:000077e0       __sehtable$?dllmain_crt_process_attach@@YAHQAUHINSTANCE__@@QAX@Z 100267e0     LIBCMT:dll_dllmain.obj
 0002:00007800       __sehtable$?dllmain_crt_process_detach@@YAH_N@Z 10026800     LIBCMT:dll_dllmain.obj
 0002:00007828       __sehtable$?dllmain_dispatch@@YAHQAUHINSTANCE__@@KQAX@Z 10026828     LIBCMT:dll_dllmain.obj
 0002:000078d8       __sehtable$___DestructExceptionObject 100268d8     libvcruntime:ehhelpers.obj
 0002:000078f8       __sehtable$?FrameUnwindToState@__FrameHandler3@@SAXPAUEHRegistrationNode@@PAXPBU_s_FuncInfo@@H@Z 100268f8     libvcruntime:frame.obj
 0002:00007920       __sehtable$?CallCatchBlock@@YAPAXPAUEHExceptionRecord@@PAUEHRegistrationNode@@PAU_CONTEXT@@PBU_s_FuncInfo@@PAXHK@Z 10026920     libvcruntime:frame.obj
 0002:00007948       __catchsym$?CallUnexpected@@YAXPBU_s_ESTypeList@@@Z$2 10026948     libvcruntime:frame.obj
 0002:00007958       __unwindtable$?CallUnexpected@@YAXPBU_s_ESTypeList@@@Z 10026958     libvcruntime:frame.obj
 0002:00007968       __tryblocktable$?CallUnexpected@@YAXPBU_s_ESTypeList@@@Z 10026968     libvcruntime:frame.obj
 0002:0000797c       __ehfuncinfo$?CallUnexpected@@YAXPBU_s_ESTypeList@@@Z 1002697c     libvcruntime:frame.obj
 0002:000079a0       __sehtable$??$BuildCatchObjectHelperInternal@V__FrameHandler3@@@@YAHPAUEHExceptionRecord@@PAXPBU_s_HandlerType@@PBU_s_CatchableType@@@Z 100269a0     libvcruntime:frame.obj
 0002:000079c0       __sehtable$??$BuildCatchObjectInternal@V__FrameHandler3@@@@YAXPAUEHExceptionRecord@@PAXPBU_s_HandlerType@@PBU_s_CatchableType@@@Z 100269c0     libvcruntime:frame.obj
 0002:00007a18       __sehtable$??R<lambda_6e4b09c48022b2350581041d5f6b0c4c>@@QBE@XZ 10026a18     libucrt:exit.obj
 0002:00007a38       __sehtable$??$?RV<lambda_03b1d95aef87969028cfba75ccab2455>@@AAV<lambda_6e4b09c48022b2350581041d5f6b0c4c>@@V<lambda_22bdf7517842c4b3e53723af5aa32b9e>@@@?$__crt_seh_guarded_call@X@@QAEX$$QAV<lambda_03b1d95aef87969028cfba75ccab2455>@@AAV<lambda_6e4b09c48022b2350581041d5f6b0c4c>@@$$QAV<lambda_22bdf7517842c4b3e53723af5aa32b9e>@@@Z 10026a38     libucrt:exit.obj
 0002:00007a58       __sehtable$??$?RV<lambda_8e746cf0007f6ed984d6f78af1fec997>@@AAV<lambda_22ebabd17bc4fa466a2aca6d8deb888d>@@V<lambda_18ed0c0b38a6dc0daf1e7ac6d6adf05e>@@@?$__crt_seh_guarded_call@H@@QAEH$$QAV<lambda_8e746cf0007f6ed984d6f78af1fec997>@@AAV<lambda_22ebabd17bc4fa466a2aca6d8deb888d>@@$$QAV<lambda_18ed0c0b38a6dc0daf1e7ac6d6adf05e>@@@Z 10026a58     libucrt:onexit.obj
 0002:00007a78       __sehtable$??$?RV<lambda_69a2805e680e0e292e8ba93315fe43a8>@@AAV<lambda_f03950bc5685219e0bcd2087efbe011e>@@V<lambda_03fcd07e894ec930e3f35da366ca99d6>@@@?$__crt_seh_guarded_call@H@@QAEH$$QAV<lambda_69a2805e680e0e292e8ba93315fe43a8>@@AAV<lambda_f03950bc5685219e0bcd2087efbe011e>@@$$QAV<lambda_03fcd07e894ec930e3f35da366ca99d6>@@@Z 10026a78     libucrt:onexit.obj
 0002:00007a98       __sehtable$__query_new_handler 10026a98     libucrt:new_handler.obj
 0002:00007ab8       __sehtable$_terminate      10026ab8     libucrt:terminate.obj
 0002:00007ad8       __sehtable$??$?RV<lambda_15ade71b0218206bbe3333a0c9b79046>@@AAV<lambda_da44e0f8b0f19ba52fefafb335991732>@@V<lambda_207f2d024fc103971653565357d6cd41>@@@?$__crt_seh_guarded_call@X@@QAEX$$QAV<lambda_15ade71b0218206bbe3333a0c9b79046>@@AAV<lambda_da44e0f8b0f19ba52fefafb335991732>@@$$QAV<lambda_207f2d024fc103971653565357d6cd41>@@@Z 10026ad8     libucrt:per_thread_data.obj
 0002:00007af8       __sehtable$??$?RV<lambda_a7e850c220f1c8d1e6efeecdedd162c6>@@AAV<lambda_46720907175c18b6c9d2717bc0d2d362>@@V<lambda_9048902d66e8d99359bc9897bbb930a8>@@@?$__crt_seh_guarded_call@X@@QAEX$$QAV<lambda_a7e850c220f1c8d1e6efeecdedd162c6>@@AAV<lambda_46720907175c18b6c9d2717bc0d2d362>@@$$QAV<lambda_9048902d66e8d99359bc9897bbb930a8>@@@Z 10026af8     libucrt:per_thread_data.obj
 0002:00007b18       __sehtable$??$?RV<lambda_38edbb1296d33220d7e4dd0ed76b244a>@@AAV<lambda_5ce1d447e08cb34b2473517608e21441>@@V<lambda_fb385d3da700c9147fc39e65dd577a8c>@@@?$__crt_seh_guarded_call@X@@QAEX$$QAV<lambda_38edbb1296d33220d7e4dd0ed76b244a>@@AAV<lambda_5ce1d447e08cb34b2473517608e21441>@@$$QAV<lambda_fb385d3da700c9147fc39e65dd577a8c>@@@Z 10026b18     libucrt:per_thread_data.obj
 0002:00007b38       __sehtable$??$?RV<lambda_6affb1475c98b40b75cdec977db92e3c>@@AAV<lambda_b8d4b9c228a6ecc3f80208dbb4b4a104>@@V<lambda_608742c3c92a14382c1684fc64f96c88>@@@?$__crt_seh_guarded_call@X@@QAEX$$QAV<lambda_6affb1475c98b40b75cdec977db92e3c>@@AAV<lambda_b8d4b9c228a6ecc3f80208dbb4b4a104>@@$$QAV<lambda_608742c3c92a14382c1684fc64f96c88>@@@Z 10026b38     libucrt:per_thread_data.obj
 0002:00007b58       __sehtable$??$?RV<lambda_e5124f882df8998aaf41531e079ba474>@@AAV<lambda_3e16ef9562a7dcce91392c22ab16ea36>@@V<lambda_e25ca0880e6ef98be67edffd8c599615>@@@?$__crt_seh_guarded_call@X@@QAEX$$QAV<lambda_e5124f882df8998aaf41531e079ba474>@@AAV<lambda_3e16ef9562a7dcce91392c22ab16ea36>@@$$QAV<lambda_e25ca0880e6ef98be67edffd8c599615>@@@Z 10026b58     libucrt:wsetlocale.obj
 0002:00007b78       __sehtable$___acrt_initialize_lowio 10026b78     libucrt:ioinit.obj
 0002:00007b98       __sehtable$?update_thread_multibyte_data_internal@@YAPAU__crt_multibyte_data@@QAU__acrt_ptd@@QAPAU1@@Z 10026b98     libucrt:mbctype.obj
 0002:00007bb8       __sehtable$??$?RV<lambda_ceb1ee4838e85a9d631eb091e2fbe199>@@AAV<lambda_ae742caa10f662c28703da3d2ea5e57e>@@V<lambda_cd08b5d6af4937fe54fc07d0c9bf6b37>@@@?$__crt_seh_guarded_call@X@@QAEX$$QAV<lambda_ceb1ee4838e85a9d631eb091e2fbe199>@@AAV<lambda_ae742caa10f662c28703da3d2ea5e57e>@@$$QAV<lambda_cd08b5d6af4937fe54fc07d0c9bf6b37>@@@Z 10026bb8     libucrt:mbctype.obj
 0002:00007bd8       __sehtable$_raise          10026bd8     libucrt:signal.obj
 0002:00007bf8       __sehtable$??$?RV<lambda_cbab9ec6f41b0180b23cc171c22676b0>@@AAV<lambda_44731a7d0e6d81c3e6aa82d741081786>@@V<lambda_4b292cb8dd18144e164572427af410ab>@@@?$__crt_seh_guarded_call@P6AXH@Z@@QAEP6AXH@Z$$QAV<lambda_cbab9ec6f41b0180b23cc171c22676b0>@@AAV<lambda_44731a7d0e6d81c3e6aa82d741081786>@@$$QAV<lambda_4b292cb8dd18144e164572427af410ab>@@@Z 10026bf8     libucrt:signal.obj
 0002:00007c18       __sehtable$??$?RV<lambda_2866be3712abc81a800a822484c830d8>@@AAV<lambda_39ca0ed439415581b5b15c265174cece>@@V<lambda_2b24c74d71094a6cd0cb82e44167d71b>@@@?$__crt_seh_guarded_call@X@@QAEX$$QAV<lambda_2866be3712abc81a800a822484c830d8>@@AAV<lambda_39ca0ed439415581b5b15c265174cece>@@$$QAV<lambda_2b24c74d71094a6cd0cb82e44167d71b>@@@Z 10026c18     libucrt:fflush.obj
 0002:00007c38       __sehtable$??$?RV<lambda_2cc53f568c5a2bb6f192f930a45d44ea>@@AAV<lambda_ab61a845afdef5b7c387490eaf3616ee>@@V<lambda_c2ffc0b7726aa6be21d5f0026187e748>@@@?$__crt_seh_guarded_call@X@@QAEX$$QAV<lambda_2cc53f568c5a2bb6f192f930a45d44ea>@@AAV<lambda_ab61a845afdef5b7c387490eaf3616ee>@@$$QAV<lambda_c2ffc0b7726aa6be21d5f0026187e748>@@@Z 10026c38     libucrt:fflush.obj
 0002:00007c58       __sehtable$___acrt_update_thread_locale_data 10026c58     libucrt:locale_refcounting.obj
 0002:00007c78       __sehtable$__fcloseall     10026c78     libucrt:closeall.obj
 0002:00007c98       __sehtable$___acrt_lowio_ensure_fh_exists 10026c98     libucrt:osfinfo.obj
 0002:00007cb8       __sehtable$??$?RV<lambda_9e9de3de5fa147e2223d7db92bc10aa6>@@AAV<lambda_38ce7e780aa69e748d6df282ebc68efe>@@V<lambda_8ca6da459f0f6780f1cff60fdc3d00e5>@@@?$__crt_seh_guarded_call@H@@QAEH$$QAV<lambda_9e9de3de5fa147e2223d7db92bc10aa6>@@AAV<lambda_38ce7e780aa69e748d6df282ebc68efe>@@$$QAV<lambda_8ca6da459f0f6780f1cff60fdc3d00e5>@@@Z 10026cb8     libucrt:commit.obj
 0002:00007cd8       __sehtable$__write         10026cd8     libucrt:write.obj
 0002:00007cf8       __sehtable$_fclose         10026cf8     libucrt:fclose.obj
 0002:00007d18       __sehtable$??$?RV<lambda_218ce3db14220d0be481dae8ef3383b6>@@AAV<lambda_628dfdc04ba53c8bfc02c9951375f3f5>@@V<lambda_57dc472bd5c9d5f3b2cbca59b8a843ae>@@@?$__crt_seh_guarded_call@H@@QAEH$$QAV<lambda_218ce3db14220d0be481dae8ef3383b6>@@AAV<lambda_628dfdc04ba53c8bfc02c9951375f3f5>@@$$QAV<lambda_57dc472bd5c9d5f3b2cbca59b8a843ae>@@@Z 10026d18     libucrt:close.obj
 0002:00007d38       __sehtable$__IsNonwritableInCurrentImage 10026d38     LIBCMT:pesect.obj
 0002:00007d60       .edata                     10026d60     OPOSKeylock.exp
 0002:00007d88       rgpv                       10026d88     OPOSKeylock.exp
 0002:00007d98       rgszName                   10026d98     OPOSKeylock.exp
 0002:00007da8       rgwOrd                     10026da8     OPOSKeylock.exp
 0002:00007db0       szName                     10026db0     OPOSKeylock.exp
 0002:00007dc0       $N00001                    10026dc0     OPOSKeylock.exp
 0002:00007dd0       $N00002                    10026dd0     OPOSKeylock.exp
 0002:00007de2       $N00003                    10026de2     OPOSKeylock.exp
 0002:00007df4       $N00004                    10026df4     OPOSKeylock.exp
 0002:00008402       .idata$6                   10027402     kernel32:KERNEL32.dll
 0002:00008616       .idata$6                   10027616     user32:USER32.dll
 0002:0000874a       .idata$6                   1002774a     gdi32:GDI32.dll
 0002:000087f0       .idata$6                   100277f0     advapi32:ADVAPI32.dll
 0002:0000890c       .idata$6                   1002790c     ole32:ole32.dll
 0002:00008916       .idata$6                   10027916     oleaut32:OLEAUT32.dll
 0003:00000110       ?ObjectMap@@3PAU_ATL_OBJMAP_ENTRY30@ATL@@A 10028110     Keylock.obj
 0003:000001c8       ?s_SOMethodNames@@3PAPADA  100281c8     KeylockImpl.obj
 0003:00000210       ?s_RequiredMethodsPerRelease@@3PAHA 10028210     KeylockImpl.obj
 0003:00000260       ?__vcrt_flsindex@@3KA      10028260     libvcruntime:per_thread_data.obj
 0003:00000280       ?errno_no_memory@@3HA      10028280     libucrt:errno.obj
 0003:00000284       ?doserrno_no_memory@@3KA   10028284     libucrt:errno.obj
 0003:00000290       ?__acrt_flsindex@@3KA      10028290     libucrt:per_thread_data.obj
 0003:00000628       __mbctypes                 10028628     libucrt:mbctype.obj
 0003:00000730       __mbcasemaps               10028730     libucrt:mbctype.obj
 0003:00000830       ?__rgctypeflag@@3PADA      10028830     libucrt:mbctype.obj
 0003:00000838       ?__rgcode_page_info@@3PAUcode_page_info@@A 10028838     libucrt:mbctype.obj
 0003:00000a90       ?__dcrt_lowio_console_output_handle@@3PAXA 10028a90     libucrt:initcon.obj
 0003:00000c28       ?is_initialized_as_dll@@3_NA 10028c28     LIBCMT:utility.obj
 0003:00000c29       ?module_local_atexit_table_initialized@@3_NA 10028c29     LIBCMT:utility.obj
 0003:00000c2c       ?module_local_atexit_table@@3U_onexit_table_t@@A 10028c2c     LIBCMT:utility.obj
 0003:00000c38       ?module_local_at_quick_exit_table@@3U_onexit_table_t@@A 10028c38     LIBCMT:utility.obj
 0003:00000c44       ?g_tss_cv@@3U_RTL_CONDITION_VARIABLE@@A 10028c44     LIBCMT:thread_safe_statics.obj
 0003:00000c48       ?g_tss_event@@3PAXA        10028c48     LIBCMT:thread_safe_statics.obj
 0003:00000c4c       ?g_tss_mutex@@3U_RTL_CRITICAL_SECTION@@A 10028c4c     LIBCMT:thread_safe_statics.obj
 0003:00000c64       ?g_sleep_condition_variable_cs@@3P6GHPAU_RTL_CONDITION_VARIABLE@@PAU_RTL_CRITICAL_SECTION@@K@ZA 10028c64     LIBCMT:thread_safe_statics.obj
 0003:00000c68       ?g_wake_all_condition_variable@@3P6GXPAU_RTL_CONDITION_VARIABLE@@@ZA 10028c68     LIBCMT:thread_safe_statics.obj
 0003:00000c70       _GS_ExceptionRecord        10028c70     LIBCMT:gs_report.obj
 0003:00000cc0       _GS_ContextRecord          10028cc0     LIBCMT:gs_report.obj
 0003:00000f90       ?__proc_attached@@3HA      10028f90     LIBCMT:dll_dllmain.obj
 0003:00000fec       ?AllocateData@@3P6GPAUAtlThunkData_t@@XZA 10028fec     atls:atlthunk.obj
 0003:00000ff0       ?InitData@@3P6GXPAUAtlThunkData_t@@PAXI@ZA 10028ff0     atls:atlthunk.obj
 0003:00000ff4       ?DataToCode@@3P6GP6GJPAUHWND__@@IIJ@ZPAUAtlThunkData_t@@@ZA 10028ff4     atls:atlthunk.obj
 0003:00000ff8       ?FreeData@@3P6GXPAUAtlThunkData_t@@@ZA 10028ff8     atls:atlthunk.obj
 0003:00000ffc       ?Initialized@@3_NA         10028ffc     atls:atlthunk.obj
 0003:0000100c       ?__vcrt_startup_thread_ptd@@3U__vcrt_ptd@@A 1002900c     libvcruntime:per_thread_data.obj
 0003:00001034       ___vcrt_lock_table         10029034     libvcruntime:locks.obj
 0003:0000104c       ___vcrt_locks_initialized  1002904c     libvcruntime:locks.obj
 0003:00001078       ?heap@@3V_HeapManager@@A   10029078     libvcruntime:undname.obj
 0003:0000108c       ?module_handles@@3PAPAUHINSTANCE__@@A 1002908c     libvcruntime:winapi_downlevel.obj
 0003:00001098       ?function_pointers@@3PAPAXA 10029098     libvcruntime:winapi_downlevel.obj
 0003:000010ac       ?__acrt_invalid_parameter_handler@@3V?$dual_state_global@P6AXPB_W00II@Z@__crt_state_management@@A 100290ac     libucrt:invalid_parameter.obj
 0003:000010b0       ?c_termination_complete@@3JA 100290b0     libucrt:exit.obj
 0003:000010b4       ?thread_local_exit_callback_func@@3P6GXPAXK0@ZA 100290b4     libucrt:exit.obj
 0003:000010c0       ?program_name@?1???$common_configure_argv@D@@YAHW4_crt_argv_mode@@@Z@4PADA 100290c0     libucrt:argv_parsing.obj
 0003:000011f0       ?__acrt_new_handler@@3V?$dual_state_global@P6AHI@Z@__crt_state_management@@A 100291f0     libucrt:new_handler.obj
 0003:000011f8       ?module_handles@@3PAPAUHINSTANCE__@@A 100291f8     libucrt:winapi_thunks.obj
 0003:00001248       ?encoded_function_pointers@@3PAPAXA 10029248     libucrt:winapi_thunks.obj
 0003:000012d0       ?internal_state@?1??_mbtowc_l@@9@4U_Mbstatet@@A 100292d0     libucrt:mbtowc.obj
 0003:000012e0       ?enable_percent_n@@3IA     100292e0     libucrt:printf_count_output.obj
 0003:00001500       ?__acrt_lock_table@@3PAU_RTL_CRITICAL_SECTION@@A 10029500     libucrt:locks.obj
 0003:00001650       ?__acrt_locks_initialized@@3IA 10029650     libucrt:locks.obj
 0003:00001660       ?fSystemSet@@3HA           10029660     libucrt:mbctype.obj
 0003:00001664       ?initialized@?1??__acrt_initialize_multibyte@@9@4_NA 10029664     libucrt:mbctype.obj
 0003:00001684       ?ctrlc_action@@3V?$dual_state_global@P6AXH@Z@__crt_state_management@@A 10029684     libucrt:signal.obj
 0003:00001688       ?ctrlbreak_action@@3V?$dual_state_global@P6AXH@Z@__crt_state_management@@A 10029688     libucrt:signal.obj
 0003:0000168c       ?abort_action@@3V?$dual_state_global@P6AXH@Z@__crt_state_management@@A 1002968c     libucrt:signal.obj
 0003:00001690       ?term_action@@3V?$dual_state_global@P6AXH@Z@__crt_state_management@@A 10029690     libucrt:signal.obj
 0003:00001694       ?user_matherr@@3V?$dual_state_global@P6AHPAU_exception@@@Z@__crt_state_management@@A 10029694     libucrt:matherr.obj
 0003:00001698       ?__acrt_global_new_mode@@3V?$dual_state_global@J@__crt_state_management@@A 10029698     libucrt:new_mode.obj
 0003:000016a4       ?internal_pst@?1??__mbrtoc32_utf8@__crt_mbstring@@YAIPA_UPBDIPAU_Mbstatet@@@Z@4U3@A 100296a4     libucrt:mbrtoc32.obj
 0003:000016ac       ?__acrt_app_type@@3W4_crt_app_type@@A 100296ac     libucrt:report_runtime_error.obj
 0003:000016b4       __pmatherr_set             100296b4     libucrt:libm_error.obj
 0004:00000220       $R000000                   1002a220     Keylock.res
 0004:00000ba8       $R000988                   1002aba8     Keylock.res
 0004:00000c90       $R000A70                   1002ac90     Keylock.res
 0004:00000ef8       $R000CD8                   1002aef8     Keylock.res
 0004:00001448       $R001228                   1002b448     Keylock.res
 0004:00003950       $R003730                   1002d950     Keylock.res
 0004:00003980       $R003760                   1002d980     Keylock.res
