 OPOSPointCardRW

 Timestamp is 5d429f19 (Thu Aug  1 17:13:13 2019)

 Preferred load address is 10000000

 Start         Length     Name                   Class
 0001:00000000 00000080H .text$di                CODE
 0001:00000080 0001dda3H .text$mn                CODE
 0001:0001de23 00000036H .text$x                 CODE
 0001:0001de59 00000042H .text$yd                CODE
 0002:00000000 000002fcH .idata$5                DATA
 0002:000002fc 00000004H .00cfg                  DATA
 0002:00000300 00000004H .CRT$XCA                DATA
 0002:00000304 00000004H .CRT$XCL                DATA
 0002:00000308 00000010H .CRT$XCU                DATA
 0002:00000318 00000004H .CRT$XCZ                DATA
 0002:0000031c 00000004H .CRT$XIA                DATA
 0002:00000320 00000010H .CRT$XIC                DATA
 0002:00000330 00000004H .CRT$XIZ                DATA
 0002:00000334 00000004H .CRT$XLA                DATA
 0002:00000338 00000004H .CRT$XLZ                DATA
 0002:0000033c 00000004H .CRT$XPA                DATA
 0002:00000340 00000008H .CRT$XPX                DATA
 0002:00000348 00000004H .CRT$XPXA               DATA
 0002:0000034c 00000004H .CRT$XPZ                DATA
 0002:00000350 00000004H .CRT$XTA                DATA
 0002:00000354 0000000cH .CRT$XTZ                DATA
 0002:00000358 00000000H .gfids$y                DATA
 0002:00000360 00006fccH .rdata                  DATA
 0002:0000732c 00000018H .rdata$T                DATA
 0002:00007344 0000017cH .rdata$r                DATA
 0002:000074c0 0000001cH .rdata$sxdata           DATA
 0002:000074dc 000003e0H .rdata$zzzdbg           DATA
 0002:000078bc 00000004H .rtc$IAA                DATA
 0002:000078c0 00000004H .rtc$IZZ                DATA
 0002:000078c4 00000004H .rtc$TAA                DATA
 0002:000078c8 00000004H .rtc$TZZ                DATA
 0002:000078cc 00000004H .tls                    DATA
 0002:000078d0 00000004H .tls$                   DATA
 0002:000078d4 00000004H .tls$ZZZ                DATA
 0002:000078d8 00000604H .xdata$x                DATA
 0002:00007edc 00000004H ATL$__a                 DATA
 0002:00007ee0 00000010H ATL$__z                 DATA
 0002:00007ef0 000000acH .edata                  DATA
 0002:00007f9c 00000078H .idata$2                DATA
 0002:00008014 00000014H .idata$3                DATA
 0002:00008028 000002fcH .idata$4                DATA
 0002:00008324 00000bc8H .idata$6                DATA
 0003:00000000 00000ac0H .data                   DATA
 0003:00000ac0 00000098H .data$r                 DATA
 0003:00000b58 00000b80H .bss                    DATA
 0004:00000000 00000220H .rsrc$01                DATA
 0004:00000220 00005d78H .rsrc$02                DATA

  Address         Publics by Value              Rva+Base       Lib:Object

 0000:00000000       ___guard_fids_count        00000000     <absolute>
 0000:00000000       ___hybrid_code_map_count   00000000     <absolute>
 0000:00000000       ___hybrid_auxiliary_iat    00000000     <absolute>
 0000:00000000       ___guard_iat_count         00000000     <absolute>
 0000:00000000       ___guard_fids_table        00000000     <absolute>
 0000:00000000       ___guard_longjmp_table     00000000     <absolute>
 0000:00000000       ___volatile_metadata       00000000     <absolute>
 0000:00000000       ___guard_iat_table         00000000     <absolute>
 0000:00000000       ___dynamic_value_reloc_table 00000000     <absolute>
 0000:00000000       ___AbsoluteZero            00000000     <absolute>
 0000:00000000       ___guard_longjmp_count     00000000     <absolute>
 0000:00000000       ___enclave_config          00000000     <absolute>
 0000:00000000       __except_list              00000000     <absolute>
 0000:00000000       ___hybrid_code_map         00000000     <absolute>
 0000:00000007       ___safe_se_handler_count   00000007     <absolute>
 0000:0000002c       __tls_array                0000002c     <absolute>
 0000:00000100       ___guard_flags             00000100     <absolute>
 0000:00000000       ___ImageBase               10000000     <linker-defined>
 0001:00000080       ?DupWide@_CW@@AAEXXZ       10001080 f   CWString.obj
 0001:0000009c       ?cw_dup@@YGXPBDAAHAAPA_W1@Z 1000109c f   CWString.obj
 0001:0000010b       ?cw_memcpy@@YGHPA_WPBDH@Z  1000110b f   CWString.obj
 0001:00000137       ?cw_strcpy@@YAHPA_WPBD@Z   10001137 f   CWString.obj
 0001:0000014a       ?cw_strlen@@YAHPBD@Z       1000114a f   CWString.obj
 0001:00000163       ??0CAtlComModule@ATL@@QAE@XZ 10001163 f i OposVariant.obj
 0001:000001a8       ??0CAtlWinModule@ATL@@QAE@XZ 100011a8 f i OposVariant.obj
 0001:000001df       ??0OposDispParms@@QAE@PAVOposVariant@@H@Z 100011df f   OposVariant.obj
 0001:00000250       ??1OposDispParms@@QAE@XZ   10001250 f   OposVariant.obj
 0001:0000025e       ??A?$CSimpleArray@GV?$CSimpleArrayEqualHelper@G@ATL@@@ATL@@QAEAAGH@Z 1000125e f i OposVariant.obj
 0001:00000283       ??_Estringdispid@CComTypeInfoHolder@ATL@@QAEPAXI@Z 10001283 f i OposVariant.obj
 0001:000002ef       ?AtlWinModuleInit@ATL@@YGJPAU_ATL_WIN_MODULE70@1@@Z 100012ef f i OposVariant.obj
 0001:00000315       ?AtlWinModuleTerm@ATL@@YGJPAU_ATL_WIN_MODULE70@1@PAUHINSTANCE__@@@Z 10001315 f i OposVariant.obj
 0001:00000378       ?ChangeBSTR@OposVariant@@QAEXPAPA_WAAJ@Z 10001378 f   OposVariant.obj
 0001:000003b9       ?ChangeLONG@OposVariant@@QAEXPAJAAJ@Z 100013b9 f   OposVariant.obj
 0001:000003fa       ?GetLONG@OposVariant@@QAEJXZ 100013fa f   OposVariant.obj
 0001:00000415       ?Init@CComCriticalSection@ATL@@QAEJXZ 10001415 f i OposVariant.obj
 0001:0000043d       ?RemoveAll@?$CSimpleArray@GV?$CSimpleArrayEqualHelper@G@ATL@@@ATL@@QAEXXZ 1000143d f i OposVariant.obj
 0001:0000043d       ?RemoveAll@?$CSimpleArray@PAUHINSTANCE__@@V?$CSimpleArrayEqualHelper@PAUHINSTANCE__@@@ATL@@@ATL@@QAEXXZ 1000143d f i atls:atlbase.obj
 0001:0000045a       ?SetBSTR@OposVariant@@QAEXPA_WAAJ@Z 1000145a f   OposVariant.obj
 0001:0000048e       ?SetBSTR_Copy@OposVariant@@QAEXPA_WAAJ@Z 1000148e f   OposVariant.obj
 0001:000004de       ?SetBSTR_InOutPtr@OposVariant@@QAE_NPAPA_WAAJ@Z 100014de f   OposVariant.obj
 0001:00000515       ?SetDispatch_Ptr@OposVariant@@QAEXPAUIDispatch@@AAJ@Z 10001515 f   OposVariant.obj
 0001:00000550       ?SetLONG@OposVariant@@QAEXJ@Z 10001550 f   OposVariant.obj
 0001:00000572       ?SetLONG_Ptr@OposVariant@@QAEXPAJAAJ@Z 10001572 f   OposVariant.obj
 0001:000005a5       ?SetString@OposVariant@@QAEXPB_WAAJ@Z 100015a5 f   OposVariant.obj
 0001:000005eb       ?SetVARIANT_BOOL@OposVariant@@QAEXF@Z 100015eb f   OposVariant.obj
 0001:00000615       ?Term@CAtlComModule@ATL@@QAEXXZ 10001615 f i OposVariant.obj
 0001:0000065f       ?_AtlRaiseException@ATL@@YAXKK@Z 1000165f f i OposVariant.obj
 0001:00000674       ?AddRef@?$CComObjectCached@VCComClassFactory@ATL@@@ATL@@UAGKXZ 10001674 f i PointCardRW.obj
 0001:0000069b       ?Release@?$CComObjectCached@VCComClassFactory@ATL@@@ATL@@UAGKXZ 1000169b f i PointCardRW.obj
 0001:000006d1       ?QueryInterface@?$CComObjectCached@VCComClassFactory@ATL@@@ATL@@UAGJABU_GUID@@PAPAX@Z 100016d1 f i PointCardRW.obj
 0001:000006eb       ??_G?$CComObjectCached@VCComClassFactory@ATL@@@ATL@@UAEPAXI@Z 100016eb f i PointCardRW.obj
 0001:000006eb       ??_E?$CComObjectCached@VCComClassFactory@ATL@@@ATL@@UAEPAXI@Z 100016eb f i PointCardRW.obj
 0001:0000070d       ?AddRef@?$CComAggObject@VCOPOSPointCardRW@@@ATL@@UAGKXZ 1000170d f i PointCardRW.obj
 0001:0000071e       ?Release@?$CComAggObject@VCOPOSPointCardRW@@@ATL@@UAGKXZ 1000171e f i PointCardRW.obj
 0001:0000075a       ?QueryInterface@?$CComAggObject@VCOPOSPointCardRW@@@ATL@@UAGJABU_GUID@@PAPAX@Z 1000175a f i PointCardRW.obj
 0001:000007a9       ?AddRef@?$CComContainedObject@VCOPOSPointCardRW@@@ATL@@UAGKXZ 100017a9 f i PointCardRW.obj
 0001:000007bf       ?Release@?$CComContainedObject@VCOPOSPointCardRW@@@ATL@@UAGKXZ 100017bf f i PointCardRW.obj
 0001:000007d5       ?QueryInterface@?$CComContainedObject@VCOPOSPointCardRW@@@ATL@@UAGJABU_GUID@@PAPAX@Z 100017d5 f i PointCardRW.obj
 0001:000007f0       ??_E?$CComAggObject@VCOPOSPointCardRW@@@ATL@@UAEPAXI@Z 100017f0 f i PointCardRW.obj
 0001:000007f0       ??_G?$CComAggObject@VCOPOSPointCardRW@@@ATL@@UAEPAXI@Z 100017f0 f i PointCardRW.obj
 0001:00000815       ?AddRef@?$CComObject@VCOPOSPointCardRW@@@ATL@@UAGKXZ 10001815 f i PointCardRW.obj
 0001:0000082c       ?Release@?$CComObject@VCOPOSPointCardRW@@@ATL@@UAGKXZ 1000182c f i PointCardRW.obj
 0001:0000086e       ?QueryInterface@?$CComObject@VCOPOSPointCardRW@@@ATL@@UAGJABU_GUID@@PAPAX@Z 1000186e f i PointCardRW.obj
 0001:00000888       ?Lock@CAtlModule@ATL@@UAEJXZ 10001888 f i PointCardRW.obj
 0001:00000892       ?Unlock@CAtlModule@ATL@@UAEJXZ 10001892 f i PointCardRW.obj
 0001:0000089c       ?GetLockCount@CAtlModule@ATL@@UAEJXZ 1000189c f i PointCardRW.obj
 0001:000008a0       ?GetGITPtr@CAtlModule@ATL@@UAEJPAPAUIGlobalInterfaceTable@@@Z 100018a0 f i PointCardRW.obj
 0001:000008ec       ?AddCommonRGSReplacements@?$CAtlModuleT@VCComModule@ATL@@@ATL@@UAEJPAUIRegistrarBase@@@Z 100018ec f i PointCardRW.obj
 0001:00000906       ?UpdateRegistryFromResourceD@CComModule@ATL@@UAGJPB_WHPAU_ATL_REGMAP_ENTRY@2@@Z 10001906 f i PointCardRW.obj
 0001:00000906       ?UpdateRegistryFromResourceD@CComModule@ATL@@UAGJIHPAU_ATL_REGMAP_ENTRY@2@@Z 10001906 f i PointCardRW.obj
 0001:0000090e       ?UpdateRegistryFromResource@CComModule@ATL@@UAGJPB_WHPAU_ATL_REGMAP_ENTRY@2@@Z 1000190e f i PointCardRW.obj
 0001:00000917       ?UpdateRegistryFromResource@CComModule@ATL@@UAGJIHPAU_ATL_REGMAP_ENTRY@2@@Z 10001917 f i PointCardRW.obj
 0001:00000920       ??_GCComModule@ATL@@UAEPAXI@Z 10001920 f i PointCardRW.obj
 0001:00000920       ??_ECComModule@ATL@@UAEPAXI@Z 10001920 f i PointCardRW.obj
 0001:00000948       ?OnDrawAdvanced@CComControlBase@ATL@@UAEJAAUATL_DRAWINFO@@@Z 10001948 f i PointCardRW.obj
 0001:00000a37       ?Next@?$CComEnumImpl@UIEnumConnections@@$1?_GUID_b196b287_bab4_101a_b69c_00aa00341d07@@3U__s_GUID@@BUtagCONNECTDATA@@V?$_Copy@UtagCONNECTDATA@@@ATL@@@ATL@@UAGJKPAUtagCONNECTDATA@@PAK@Z 10001a37 f i PointCardRW.obj
 0001:00000b0e       ?GetCanonicalFormatEtc@?$IDataObjectImpl@VCOPOSPointCardRW@@@ATL@@UAGJPAUtagFORMATETC@@0@Z 10001b0e f i PointCardRW.obj
 0001:00000b0e       ?GetClipboardData@?$IOleObjectImpl@VCOPOSPointCardRW@@@ATL@@UAGJKPAPAUIDataObject@@@Z 10001b0e f i PointCardRW.obj
 0001:00000b0e       ?SetMoniker@?$IOleObjectImpl@VCOPOSPointCardRW@@@ATL@@UAGJKPAUIMoniker@@@Z 10001b0e f i PointCardRW.obj
 0001:00000b0e       ?EnumFormatEtc@?$IDataObjectImpl@VCOPOSPointCardRW@@@ATL@@UAGJKPAPAUIEnumFORMATETC@@@Z 10001b0e f i PointCardRW.obj
 0001:00000b0e       ?QueryInterface@CRegObject@ATL@@UAGJABU_GUID@@PAPAX@Z 10001b0e f i PointCardRW.obj
 0001:00000b0e       ?GetRect@?$IViewObjectExImpl@VCOPOSPointCardRW@@@ATL@@UAGJKPAU_RECTL@@@Z 10001b0e f i PointCardRW.obj
 0001:00000b0e       ?GetDataHere@?$IDataObjectImpl@VCOPOSPointCardRW@@@ATL@@UAGJPAUtagFORMATETC@@PAUtagSTGMEDIUM@@@Z 10001b0e f i PointCardRW.obj
 0001:00000b16       ?Skip@?$CComEnumImpl@UIEnumConnections@@$1?_GUID_b196b287_bab4_101a_b69c_00aa00341d07@@3U__s_GUID@@BUtagCONNECTDATA@@V?$_Copy@UtagCONNECTDATA@@@ATL@@@ATL@@UAGJK@Z 10001b16 f i PointCardRW.obj
 0001:00000b43       ?AddRef@CRegObject@ATL@@UAGKXZ 10001b43 f i PointCardRW.obj
 0001:00000b49       ?Reset@?$CComEnumImpl@UIEnumConnectionPoints@@$1?_GUID_b196b285_bab4_101a_b69c_00aa00341d07@@3U__s_GUID@@BPAUIConnectionPoint@@V?$_CopyInterface@UIConnectionPoint@@@ATL@@@ATL@@UAGJXZ 10001b49 f i PointCardRW.obj
 0001:00000b49       ?Reset@?$CComEnumImpl@UIEnumConnections@@$1?_GUID_b196b287_bab4_101a_b69c_00aa00341d07@@3U__s_GUID@@BUtagCONNECTDATA@@V?$_Copy@UtagCONNECTDATA@@@ATL@@@ATL@@UAGJXZ 10001b49 f i PointCardRW.obj
 0001:00000b5b       ?Release@CRegObject@ATL@@UAGKXZ 10001b5b f i PointCardRW.obj
 0001:00000b5b       ?IsUpToDate@?$IOleObjectImpl@VCOPOSPointCardRW@@@ATL@@UAGJXZ 10001b5b f i PointCardRW.obj
 0001:00000b5b       ?HandsOffStorage@?$IPersistStorageImpl@VCOPOSPointCardRW@@@ATL@@UAGJXZ 10001b5b f i PointCardRW.obj
 0001:00000b5b       ?Update@?$IOleObjectImpl@VCOPOSPointCardRW@@@ATL@@UAGJXZ 10001b5b f i PointCardRW.obj
 0001:00000b60       ?Clone@?$CComEnumImpl@UIEnumConnections@@$1?_GUID_b196b287_bab4_101a_b69c_00aa00341d07@@3U__s_GUID@@BUtagCONNECTDATA@@V?$_Copy@UtagCONNECTDATA@@@ATL@@@ATL@@UAGJPAPAUIEnumConnections@@@Z 10001b60 f i PointCardRW.obj
 0001:00000c41       ?AddReplacement@CRegObject@ATL@@UAGJPB_W0@Z 10001c41 f i PointCardRW.obj
 0001:00000c7a       ?ClearReplacements@CRegObject@ATL@@UAGJXZ 10001c7a f i PointCardRW.obj
 0001:00000c8c       ??_ECRegObject@ATL@@UAEPAXI@Z 10001c8c f i PointCardRW.obj
 0001:00000c8c       ??_GCRegObject@ATL@@UAEPAXI@Z 10001c8c f i PointCardRW.obj
 0001:00000cae       ?AddRef@?$CComObject@V?$CComEnum@UIEnumConnections@@$1?_GUID_b196b287_bab4_101a_b69c_00aa00341d07@@3U__s_GUID@@BUtagCONNECTDATA@@V?$_Copy@UtagCONNECTDATA@@@ATL@@VCComSingleThreadModel@6@@ATL@@@ATL@@UAGKXZ 10001cae f i PointCardRW.obj
 0001:00000cae       ?AddRef@?$CComObject@V?$CComEnum@UIEnumConnectionPoints@@$1?_GUID_b196b285_bab4_101a_b69c_00aa00341d07@@3U__s_GUID@@BPAUIConnectionPoint@@V?$_CopyInterface@UIConnectionPoint@@@ATL@@VCComSingleThreadModel@6@@ATL@@@ATL@@UAGKXZ 10001cae f i PointCardRW.obj
 0001:00000cbf       ?Release@?$CComObject@V?$CComEnum@UIEnumConnectionPoints@@$1?_GUID_b196b285_bab4_101a_b69c_00aa00341d07@@3U__s_GUID@@BPAUIConnectionPoint@@V?$_CopyInterface@UIConnectionPoint@@@ATL@@VCComSingleThreadModel@6@@ATL@@@ATL@@UAGKXZ 10001cbf f i PointCardRW.obj
 0001:00000cbf       ?Release@?$CComObject@V?$CComEnum@UIEnumConnections@@$1?_GUID_b196b287_bab4_101a_b69c_00aa00341d07@@3U__s_GUID@@BUtagCONNECTDATA@@V?$_Copy@UtagCONNECTDATA@@@ATL@@VCComSingleThreadModel@6@@ATL@@@ATL@@UAGKXZ 10001cbf f i PointCardRW.obj
 0001:00000cfb       ?QueryInterface@?$CComObject@V?$CComEnum@UIEnumConnections@@$1?_GUID_b196b287_bab4_101a_b69c_00aa00341d07@@3U__s_GUID@@BUtagCONNECTDATA@@V?$_Copy@UtagCONNECTDATA@@@ATL@@VCComSingleThreadModel@6@@ATL@@@ATL@@UAGJABU_GUID@@PAPAX@Z 10001cfb f i PointCardRW.obj
 0001:00000d15       ??_G?$CComObject@V?$CComEnum@UIEnumConnections@@$1?_GUID_b196b287_bab4_101a_b69c_00aa00341d07@@3U__s_GUID@@BUtagCONNECTDATA@@V?$_Copy@UtagCONNECTDATA@@@ATL@@VCComSingleThreadModel@6@@ATL@@@ATL@@UAEPAXI@Z 10001d15 f i PointCardRW.obj
 0001:00000d15       ??_E?$CComObject@V?$CComEnum@UIEnumConnections@@$1?_GUID_b196b287_bab4_101a_b69c_00aa00341d07@@3U__s_GUID@@BUtagCONNECTDATA@@V?$_Copy@UtagCONNECTDATA@@@ATL@@VCComSingleThreadModel@6@@ATL@@@ATL@@UAEPAXI@Z 10001d15 f i PointCardRW.obj
 0001:00000d37       ??_E?$CComObject@VCOPOSPointCardRW@@@ATL@@W3AEPAXI@Z 10001d37 f i PointCardRW.obj
 0001:00000d3f       ??_E?$CComObject@VCOPOSPointCardRW@@@ATL@@WEM@AEPAXI@Z 10001d3f f i PointCardRW.obj
 0001:00000d47       ?QueryInterface@?$CComObject@VCOPOSPointCardRW@@@ATL@@WHA@AGJABU_GUID@@PAPAX@Z 10001d47 f i PointCardRW.obj
 0001:00000d51       ?AddRef@?$CComObject@VCOPOSPointCardRW@@@ATL@@WHA@AGKXZ 10001d51 f i PointCardRW.obj
 0001:00000d5b       ?Release@?$CComObject@VCOPOSPointCardRW@@@ATL@@WHA@AGKXZ 10001d5b f i PointCardRW.obj
 0001:00000d65       ?QueryInterface@?$CComObject@VCOPOSPointCardRW@@@ATL@@WHE@AGJABU_GUID@@PAPAX@Z 10001d65 f i PointCardRW.obj
 0001:00000d6f       ?AddRef@?$CComObject@VCOPOSPointCardRW@@@ATL@@WHE@AGKXZ 10001d6f f i PointCardRW.obj
 0001:00000d79       ?Release@?$CComObject@VCOPOSPointCardRW@@@ATL@@WHE@AGKXZ 10001d79 f i PointCardRW.obj
 0001:00000d83       ?QueryInterface@?$CComObject@VCOPOSPointCardRW@@@ATL@@WHI@AGJABU_GUID@@PAPAX@Z 10001d83 f i PointCardRW.obj
 0001:00000d8d       ?AddRef@?$CComObject@VCOPOSPointCardRW@@@ATL@@WHI@AGKXZ 10001d8d f i PointCardRW.obj
 0001:00000d97       ?Release@?$CComObject@VCOPOSPointCardRW@@@ATL@@WHI@AGKXZ 10001d97 f i PointCardRW.obj
 0001:00000da1       ?QueryInterface@?$CComObject@VCOPOSPointCardRW@@@ATL@@WHM@AGJABU_GUID@@PAPAX@Z 10001da1 f i PointCardRW.obj
 0001:00000dab       ?AddRef@?$CComObject@VCOPOSPointCardRW@@@ATL@@WHM@AGKXZ 10001dab f i PointCardRW.obj
 0001:00000db5       ?Release@?$CComObject@VCOPOSPointCardRW@@@ATL@@WHM@AGKXZ 10001db5 f i PointCardRW.obj
 0001:00000dbf       ?QueryInterface@?$CComObject@VCOPOSPointCardRW@@@ATL@@WIA@AGJABU_GUID@@PAPAX@Z 10001dbf f i PointCardRW.obj
 0001:00000dcc       ?AddRef@?$CComObject@VCOPOSPointCardRW@@@ATL@@WIA@AGKXZ 10001dcc f i PointCardRW.obj
 0001:00000dd9       ?Release@?$CComObject@VCOPOSPointCardRW@@@ATL@@WIA@AGKXZ 10001dd9 f i PointCardRW.obj
 0001:00000de6       ?QueryInterface@?$CComObject@VCOPOSPointCardRW@@@ATL@@WIE@AGJABU_GUID@@PAPAX@Z 10001de6 f i PointCardRW.obj
 0001:00000df3       ?AddRef@?$CComObject@VCOPOSPointCardRW@@@ATL@@WIE@AGKXZ 10001df3 f i PointCardRW.obj
 0001:00000e00       ?Release@?$CComObject@VCOPOSPointCardRW@@@ATL@@WIE@AGKXZ 10001e00 f i PointCardRW.obj
 0001:00000e0d       ?QueryInterface@?$CComObject@VCOPOSPointCardRW@@@ATL@@WII@AGJABU_GUID@@PAPAX@Z 10001e0d f i PointCardRW.obj
 0001:00000e1a       ?AddRef@?$CComObject@VCOPOSPointCardRW@@@ATL@@WII@AGKXZ 10001e1a f i PointCardRW.obj
 0001:00000e27       ?Release@?$CComObject@VCOPOSPointCardRW@@@ATL@@WII@AGKXZ 10001e27 f i PointCardRW.obj
 0001:00000e34       ?QueryInterface@?$CComObject@VCOPOSPointCardRW@@@ATL@@WIM@AGJABU_GUID@@PAPAX@Z 10001e34 f i PointCardRW.obj
 0001:00000e41       ?AddRef@?$CComObject@VCOPOSPointCardRW@@@ATL@@WIM@AGKXZ 10001e41 f i PointCardRW.obj
 0001:00000e4e       ?Release@?$CComObject@VCOPOSPointCardRW@@@ATL@@WIM@AGKXZ 10001e4e f i PointCardRW.obj
 0001:00000e5b       ?QueryInterface@?$CComObject@VCOPOSPointCardRW@@@ATL@@WJA@AGJABU_GUID@@PAPAX@Z 10001e5b f i PointCardRW.obj
 0001:00000e68       ?AddRef@?$CComObject@VCOPOSPointCardRW@@@ATL@@WJA@AGKXZ 10001e68 f i PointCardRW.obj
 0001:00000e75       ?Release@?$CComObject@VCOPOSPointCardRW@@@ATL@@WJA@AGKXZ 10001e75 f i PointCardRW.obj
 0001:00000e82       ?QueryInterface@?$CComObject@VCOPOSPointCardRW@@@ATL@@WJE@AGJABU_GUID@@PAPAX@Z 10001e82 f i PointCardRW.obj
 0001:00000e8f       ?AddRef@?$CComObject@VCOPOSPointCardRW@@@ATL@@WJE@AGKXZ 10001e8f f i PointCardRW.obj
 0001:00000e9c       ?Release@?$CComObject@VCOPOSPointCardRW@@@ATL@@WJE@AGKXZ 10001e9c f i PointCardRW.obj
 0001:00000ea9       ?QueryInterface@?$CComObject@VCOPOSPointCardRW@@@ATL@@WJI@AGJABU_GUID@@PAPAX@Z 10001ea9 f i PointCardRW.obj
 0001:00000eb6       ?AddRef@?$CComObject@VCOPOSPointCardRW@@@ATL@@WJI@AGKXZ 10001eb6 f i PointCardRW.obj
 0001:00000ec3       ?Release@?$CComObject@VCOPOSPointCardRW@@@ATL@@WJI@AGKXZ 10001ec3 f i PointCardRW.obj
 0001:00000ed0       ?QueryInterface@?$CComObject@VCOPOSPointCardRW@@@ATL@@WJM@AGJABU_GUID@@PAPAX@Z 10001ed0 f i PointCardRW.obj
 0001:00000edd       ?AddRef@?$CComObject@VCOPOSPointCardRW@@@ATL@@WJM@AGKXZ 10001edd f i PointCardRW.obj
 0001:00000eea       ?Release@?$CComObject@VCOPOSPointCardRW@@@ATL@@WJM@AGKXZ 10001eea f i PointCardRW.obj
 0001:00000ef7       ?QueryInterface@?$CComObject@VCOPOSPointCardRW@@@ATL@@WKA@AGJABU_GUID@@PAPAX@Z 10001ef7 f i PointCardRW.obj
 0001:00000f04       ?AddRef@?$CComObject@VCOPOSPointCardRW@@@ATL@@WKA@AGKXZ 10001f04 f i PointCardRW.obj
 0001:00000f11       ?Release@?$CComObject@VCOPOSPointCardRW@@@ATL@@WKA@AGKXZ 10001f11 f i PointCardRW.obj
 0001:00000f1e       ?AddRef@?$CComObject@VCOPOSPointCardRW@@@ATL@@WKI@AGKXZ 10001f1e f i PointCardRW.obj
 0001:00000f2b       ?Release@?$CComObject@VCOPOSPointCardRW@@@ATL@@WKI@AGKXZ 10001f2b f i PointCardRW.obj
 0001:00000f38       ?AddRef@?$CComObject@VCOPOSPointCardRW@@@ATL@@WLE@AGKXZ 10001f38 f i PointCardRW.obj
 0001:00000f45       ?Release@?$CComObject@VCOPOSPointCardRW@@@ATL@@WLE@AGKXZ 10001f45 f i PointCardRW.obj
 0001:00000f52       ??_E?$CComContainedObject@VCOPOSPointCardRW@@@ATL@@W3AEPAXI@Z 10001f52 f i PointCardRW.obj
 0001:00000f5a       ??_E?$CComContainedObject@VCOPOSPointCardRW@@@ATL@@WEM@AEPAXI@Z 10001f5a f i PointCardRW.obj
 0001:00000f62       ?QueryInterface@?$CComContainedObject@VCOPOSPointCardRW@@@ATL@@WHA@AGJABU_GUID@@PAPAX@Z 10001f62 f i PointCardRW.obj
 0001:00000f6c       ?AddRef@?$CComContainedObject@VCOPOSPointCardRW@@@ATL@@WHA@AGKXZ 10001f6c f i PointCardRW.obj
 0001:00000f76       ?Release@?$CComContainedObject@VCOPOSPointCardRW@@@ATL@@WHA@AGKXZ 10001f76 f i PointCardRW.obj
 0001:00000f80       ?QueryInterface@?$CComContainedObject@VCOPOSPointCardRW@@@ATL@@WHE@AGJABU_GUID@@PAPAX@Z 10001f80 f i PointCardRW.obj
 0001:00000f8a       ?AddRef@?$CComContainedObject@VCOPOSPointCardRW@@@ATL@@WHE@AGKXZ 10001f8a f i PointCardRW.obj
 0001:00000f94       ?Release@?$CComContainedObject@VCOPOSPointCardRW@@@ATL@@WHE@AGKXZ 10001f94 f i PointCardRW.obj
 0001:00000f9e       ?QueryInterface@?$CComContainedObject@VCOPOSPointCardRW@@@ATL@@WHI@AGJABU_GUID@@PAPAX@Z 10001f9e f i PointCardRW.obj
 0001:00000fa8       ?AddRef@?$CComContainedObject@VCOPOSPointCardRW@@@ATL@@WHI@AGKXZ 10001fa8 f i PointCardRW.obj
 0001:00000fb2       ?Release@?$CComContainedObject@VCOPOSPointCardRW@@@ATL@@WHI@AGKXZ 10001fb2 f i PointCardRW.obj
 0001:00000fbc       ?QueryInterface@?$CComContainedObject@VCOPOSPointCardRW@@@ATL@@WHM@AGJABU_GUID@@PAPAX@Z 10001fbc f i PointCardRW.obj
 0001:00000fc6       ?AddRef@?$CComContainedObject@VCOPOSPointCardRW@@@ATL@@WHM@AGKXZ 10001fc6 f i PointCardRW.obj
 0001:00000fd0       ?Release@?$CComContainedObject@VCOPOSPointCardRW@@@ATL@@WHM@AGKXZ 10001fd0 f i PointCardRW.obj
 0001:00000fda       ?QueryInterface@?$CComContainedObject@VCOPOSPointCardRW@@@ATL@@WIA@AGJABU_GUID@@PAPAX@Z 10001fda f i PointCardRW.obj
 0001:00000fe7       ?AddRef@?$CComContainedObject@VCOPOSPointCardRW@@@ATL@@WIA@AGKXZ 10001fe7 f i PointCardRW.obj
 0001:00000ff4       ?Release@?$CComContainedObject@VCOPOSPointCardRW@@@ATL@@WIA@AGKXZ 10001ff4 f i PointCardRW.obj
 0001:00001001       ?QueryInterface@?$CComContainedObject@VCOPOSPointCardRW@@@ATL@@WIE@AGJABU_GUID@@PAPAX@Z 10002001 f i PointCardRW.obj
 0001:0000100e       ?AddRef@?$CComContainedObject@VCOPOSPointCardRW@@@ATL@@WIE@AGKXZ 1000200e f i PointCardRW.obj
 0001:0000101b       ?Release@?$CComContainedObject@VCOPOSPointCardRW@@@ATL@@WIE@AGKXZ 1000201b f i PointCardRW.obj
 0001:00001028       ?QueryInterface@?$CComContainedObject@VCOPOSPointCardRW@@@ATL@@WII@AGJABU_GUID@@PAPAX@Z 10002028 f i PointCardRW.obj
 0001:00001035       ?AddRef@?$CComContainedObject@VCOPOSPointCardRW@@@ATL@@WII@AGKXZ 10002035 f i PointCardRW.obj
 0001:00001042       ?Release@?$CComContainedObject@VCOPOSPointCardRW@@@ATL@@WII@AGKXZ 10002042 f i PointCardRW.obj
 0001:0000104f       ?QueryInterface@?$CComContainedObject@VCOPOSPointCardRW@@@ATL@@WIM@AGJABU_GUID@@PAPAX@Z 1000204f f i PointCardRW.obj
 0001:0000105c       ?AddRef@?$CComContainedObject@VCOPOSPointCardRW@@@ATL@@WIM@AGKXZ 1000205c f i PointCardRW.obj
 0001:00001069       ?Release@?$CComContainedObject@VCOPOSPointCardRW@@@ATL@@WIM@AGKXZ 10002069 f i PointCardRW.obj
 0001:00001076       ?QueryInterface@?$CComContainedObject@VCOPOSPointCardRW@@@ATL@@WJA@AGJABU_GUID@@PAPAX@Z 10002076 f i PointCardRW.obj
 0001:00001083       ?AddRef@?$CComContainedObject@VCOPOSPointCardRW@@@ATL@@WJA@AGKXZ 10002083 f i PointCardRW.obj
 0001:00001090       ?Release@?$CComContainedObject@VCOPOSPointCardRW@@@ATL@@WJA@AGKXZ 10002090 f i PointCardRW.obj
 0001:0000109d       ?QueryInterface@?$CComContainedObject@VCOPOSPointCardRW@@@ATL@@WJE@AGJABU_GUID@@PAPAX@Z 1000209d f i PointCardRW.obj
 0001:000010aa       ?AddRef@?$CComContainedObject@VCOPOSPointCardRW@@@ATL@@WJE@AGKXZ 100020aa f i PointCardRW.obj
 0001:000010b7       ?Release@?$CComContainedObject@VCOPOSPointCardRW@@@ATL@@WJE@AGKXZ 100020b7 f i PointCardRW.obj
 0001:000010c4       ?QueryInterface@?$CComContainedObject@VCOPOSPointCardRW@@@ATL@@WJI@AGJABU_GUID@@PAPAX@Z 100020c4 f i PointCardRW.obj
 0001:000010d1       ?AddRef@?$CComContainedObject@VCOPOSPointCardRW@@@ATL@@WJI@AGKXZ 100020d1 f i PointCardRW.obj
 0001:000010de       ?Release@?$CComContainedObject@VCOPOSPointCardRW@@@ATL@@WJI@AGKXZ 100020de f i PointCardRW.obj
 0001:000010eb       ?QueryInterface@?$CComContainedObject@VCOPOSPointCardRW@@@ATL@@WJM@AGJABU_GUID@@PAPAX@Z 100020eb f i PointCardRW.obj
 0001:000010f8       ?AddRef@?$CComContainedObject@VCOPOSPointCardRW@@@ATL@@WJM@AGKXZ 100020f8 f i PointCardRW.obj
 0001:00001105       ?Release@?$CComContainedObject@VCOPOSPointCardRW@@@ATL@@WJM@AGKXZ 10002105 f i PointCardRW.obj
 0001:00001112       ?QueryInterface@?$CComContainedObject@VCOPOSPointCardRW@@@ATL@@WKA@AGJABU_GUID@@PAPAX@Z 10002112 f i PointCardRW.obj
 0001:0000111f       ?AddRef@?$CComContainedObject@VCOPOSPointCardRW@@@ATL@@WKA@AGKXZ 1000211f f i PointCardRW.obj
 0001:0000112c       ?Release@?$CComContainedObject@VCOPOSPointCardRW@@@ATL@@WKA@AGKXZ 1000212c f i PointCardRW.obj
 0001:00001139       ?AddRef@?$CComContainedObject@VCOPOSPointCardRW@@@ATL@@WKI@AGKXZ 10002139 f i PointCardRW.obj
 0001:00001146       ?Release@?$CComContainedObject@VCOPOSPointCardRW@@@ATL@@WKI@AGKXZ 10002146 f i PointCardRW.obj
 0001:00001153       ?AddRef@?$CComContainedObject@VCOPOSPointCardRW@@@ATL@@WLE@AGKXZ 10002153 f i PointCardRW.obj
 0001:00001160       ?Release@?$CComContainedObject@VCOPOSPointCardRW@@@ATL@@WLE@AGKXZ 10002160 f i PointCardRW.obj
 0001:0000116d       ?GetWindowProc@?$CWindowImplBaseT@VCWindow@ATL@@V?$CWinTraits@$0FGAAAAAA@$0A@@2@@ATL@@UAEP6GJPAUHWND__@@IIJ@ZXZ 1000216d f i PointCardRW.obj
 0001:00001173       ?StartWindowProc@?$CWindowImplBaseT@VCWindow@ATL@@V?$CWinTraits@$0FGAAAAAA@$0A@@2@@ATL@@SGJPAUHWND__@@IIJ@Z 10002173 f i PointCardRW.obj
 0001:000011c7       ?OnFinalMessage@?$CWindowImplBaseT@VCWindow@ATL@@V?$CWinTraits@$0FGAAAAAA@$0A@@2@@ATL@@UAEXPAUHWND__@@@Z 100021c7 f i PointCardRW.obj
 0001:000011c7       ?ObjectMain@CComObjectRootBase@ATL@@SGX_N@Z 100021c7 f i PointCardRW.obj
 0001:000011ca       ?GetTypeInfoCount@?$IDispatchImpl@UIOPOSPointCardRW@@$1?IID_IOPOSPointCardRW@@3U_GUID@@B$1?LIBID_OposPointCardRW_CCO@@3U3@B$00$0A@VCComTypeInfoHolder@ATL@@@ATL@@UAGJPAI@Z 100021ca f i PointCardRW.obj
 0001:000011e7       ?GetTypeInfo@?$IDispatchImpl@UIOPOSPointCardRW@@$1?IID_IOPOSPointCardRW@@3U_GUID@@B$1?LIBID_OposPointCardRW_CCO@@3U3@B$00$0A@VCComTypeInfoHolder@ATL@@@ATL@@UAGJIKPAPAUITypeInfo@@@Z 100021e7 f i PointCardRW.obj
 0001:0000120b       ?GetIDsOfNames@?$IDispatchImpl@UIOPOSPointCardRW@@$1?IID_IOPOSPointCardRW@@3U_GUID@@B$1?LIBID_OposPointCardRW_CCO@@3U3@B$00$0A@VCComTypeInfoHolder@ATL@@@ATL@@UAGJABU_GUID@@PAPA_WIKPAJ@Z 1000220b f i PointCardRW.obj
 0001:0000122b       ?Invoke@?$IDispatchImpl@UIOPOSPointCardRW@@$1?IID_IOPOSPointCardRW@@3U_GUID@@B$1?LIBID_OposPointCardRW_CCO@@3U3@B$00$0A@VCComTypeInfoHolder@ATL@@@ATL@@UAGJJABU_GUID@@KGPAUtagDISPPARAMS@@PAUtagVARIANT@@PAUtagEXCEPINFO@@PAI@Z 1000222b f i PointCardRW.obj
 0001:00001239       ?CreateControlWindow@?$CComControl@VCOPOSPointCardRW@@V?$CWindowImpl@VCOPOSPointCardRW@@VCWindow@ATL@@V?$CWinTraits@$0FGAAAAAA@$0A@@3@@ATL@@@ATL@@UAEPAUHWND__@@PAU3@AAUtagRECT@@@Z 10002239 f i PointCardRW.obj
 0001:00001268       ?ControlQueryInterface@?$CComControl@VCOPOSPointCardRW@@V?$CWindowImpl@VCOPOSPointCardRW@@VCWindow@ATL@@V?$CWinTraits@$0FGAAAAAA@$0A@@3@@ATL@@@ATL@@UAEJABU_GUID@@PAPAX@Z 10002268 f i PointCardRW.obj
 0001:00001283       ?GetUserClassID@?$IOleObjectImpl@VCOPOSPointCardRW@@@ATL@@UAGJPAU_GUID@@@Z 10002283 f i PointCardRW.obj
 0001:00001283       ?GetClassID@?$IPersistStreamInitImpl@VCOPOSPointCardRW@@@ATL@@UAGJPAU_GUID@@@Z 10002283 f i PointCardRW.obj
 0001:00001283       ?GetClassID@?$IPersistStorageImpl@VCOPOSPointCardRW@@@ATL@@UAGJPAU_GUID@@@Z 10002283 f i PointCardRW.obj
 0001:000012a7       ?IsDirty@?$IPersistStreamInitImpl@VCOPOSPointCardRW@@@ATL@@UAGJXZ 100022a7 f i PointCardRW.obj
 0001:000012c6       ?Load@?$IPersistStreamInitImpl@VCOPOSPointCardRW@@@ATL@@UAGJPAUIStream@@@Z 100022c6 f i PointCardRW.obj
 0001:000012e5       ?Save@?$IPersistStreamInitImpl@VCOPOSPointCardRW@@@ATL@@UAGJPAUIStream@@H@Z 100022e5 f i PointCardRW.obj
 0001:00001307       ?GetSizeMax@?$IPersistStreamInitImpl@VCOPOSPointCardRW@@@ATL@@UAGJPAT_ULARGE_INTEGER@@@Z 10002307 f i PointCardRW.obj
 0001:000014bc       ?InitNew@?$IPersistStreamInitImpl@VCOPOSPointCardRW@@@ATL@@UAGJXZ 100024bc f i PointCardRW.obj
 0001:000014d9       ?QueryGetData@?$IDataObjectImpl@VCOPOSPointCardRW@@@ATL@@UAGJPAUtagFORMATETC@@@Z 100024d9 f i PointCardRW.obj
 0001:000014d9       ?SetColorScheme@?$IOleObjectImpl@VCOPOSPointCardRW@@@ATL@@UAGJPAUtagLOGPALETTE@@@Z 100024d9 f i PointCardRW.obj
 0001:000014d9       ?ContextSensitiveHelp@?$IOleInPlaceObjectWindowlessImpl@VCOPOSPointCardRW@@@ATL@@UAGJH@Z 100024d9 f i PointCardRW.obj
 0001:000014d9       ?Unfreeze@?$IViewObjectExImpl@VCOPOSPointCardRW@@@ATL@@UAGJK@Z 100024d9 f i PointCardRW.obj
 0001:000014d9       ?GetControlInfo@?$IOleControlImpl@VCOPOSPointCardRW@@@ATL@@UAGJPAUtagCONTROLINFO@@@Z 100024d9 f i PointCardRW.obj
 0001:000014d9       ?ContextSensitiveHelp@?$IOleInPlaceActiveObjectImpl@VCOPOSPointCardRW@@@ATL@@UAGJH@Z 100024d9 f i PointCardRW.obj
 0001:000014d9       ?OnMnemonic@?$IOleControlImpl@VCOPOSPointCardRW@@@ATL@@UAGJPAUtagMSG@@@Z 100024d9 f i PointCardRW.obj
 0001:000014d9       ?GetDropTarget@?$IOleInPlaceObjectWindowlessImpl@VCOPOSPointCardRW@@@ATL@@UAGJPAPAUIDropTarget@@@Z 100024d9 f i PointCardRW.obj
 0001:000014e1       ?SaveCompleted@?$IPersistStorageImpl@VCOPOSPointCardRW@@@ATL@@UAGJPAUIStorage@@@Z 100024e1 f i PointCardRW.obj
 0001:000014e1       ?OnFrameWindowActivate@?$IOleInPlaceActiveObjectImpl@VCOPOSPointCardRW@@@ATL@@UAGJH@Z 100024e1 f i PointCardRW.obj
 0001:000014e1       ?OnAmbientPropertyChange@?$IOleControlImpl@VCOPOSPointCardRW@@@ATL@@UAGJJ@Z 100024e1 f i PointCardRW.obj
 0001:000014e1       ?EnableModeless@?$IOleInPlaceActiveObjectImpl@VCOPOSPointCardRW@@@ATL@@UAGJH@Z 100024e1 f i PointCardRW.obj
 0001:000014e6       ?SetClientSite@?$IOleObjectImpl@VCOPOSPointCardRW@@@ATL@@UAGJPAUIOleClientSite@@@Z 100024e6 f i PointCardRW.obj
 0001:00001503       ?GetClientSite@?$IOleObjectImpl@VCOPOSPointCardRW@@@ATL@@UAGJPAPAUIOleClientSite@@@Z 10002503 f i PointCardRW.obj
 0001:00001520       ?SetHostNames@?$IOleObjectImpl@VCOPOSPointCardRW@@@ATL@@UAGJPB_W0@Z 10002520 f i PointCardRW.obj
 0001:00001525       ?Close@?$IOleObjectImpl@VCOPOSPointCardRW@@@ATL@@UAGJK@Z 10002525 f i PointCardRW.obj
 0001:00001542       ?GetMoniker@?$IOleObjectImpl@VCOPOSPointCardRW@@@ATL@@UAGJKKPAPAUIMoniker@@@Z 10002542 f i PointCardRW.obj
 0001:00001542       ?InitFromData@?$IOleObjectImpl@VCOPOSPointCardRW@@@ATL@@UAGJPAUIDataObject@@HK@Z 10002542 f i PointCardRW.obj
 0001:00001542       ?SetData@?$IDataObjectImpl@VCOPOSPointCardRW@@@ATL@@UAGJPAUtagFORMATETC@@PAUtagSTGMEDIUM@@H@Z 10002542 f i PointCardRW.obj
 0001:0000154a       ?DoVerb@?$IOleObjectImpl@VCOPOSPointCardRW@@@ATL@@UAGJJPAUtagMSG@@PAUIOleClientSite@@JPAUHWND__@@PBUtagRECT@@@Z 1000254a f i PointCardRW.obj
 0001:00001662       ?EnumVerbs@?$IOleObjectImpl@VCOPOSPointCardRW@@@ATL@@UAGJPAPAUIEnumOLEVERB@@@Z 10002662 f i PointCardRW.obj
 0001:00001684       ?GetUserType@?$IOleObjectImpl@VCOPOSPointCardRW@@@ATL@@UAGJKPAPA_W@Z 10002684 f i PointCardRW.obj
 0001:0000169c       ?SetExtent@?$IOleObjectImpl@VCOPOSPointCardRW@@@ATL@@UAGJKPAUtagSIZE@@@Z 1000269c f i PointCardRW.obj
 0001:000016bc       ?GetExtent@?$IOleObjectImpl@VCOPOSPointCardRW@@@ATL@@UAGJKPAUtagSIZE@@@Z 100026bc f i PointCardRW.obj
 0001:000016fa       ?Advise@?$IOleObjectImpl@VCOPOSPointCardRW@@@ATL@@UAGJPAUIAdviseSink@@PAK@Z 100026fa f i PointCardRW.obj
 0001:0000171a       ?Unadvise@?$IOleObjectImpl@VCOPOSPointCardRW@@@ATL@@UAGJK@Z 1000271a f i PointCardRW.obj
 0001:00001749       ?EnumAdvise@?$IOleObjectImpl@VCOPOSPointCardRW@@@ATL@@UAGJPAPAUIEnumSTATDATA@@@Z 10002749 f i PointCardRW.obj
 0001:00001789       ?GetMiscStatus@?$IOleObjectImpl@VCOPOSPointCardRW@@@ATL@@UAGJKPAK@Z 10002789 f i PointCardRW.obj
 0001:000017a1       ?GetWindow@?$IOleInPlaceActiveObjectImpl@VCOPOSPointCardRW@@@ATL@@UAGJPAPAUHWND__@@@Z 100027a1 f i PointCardRW.obj
 0001:000017ee       ?TranslateAcceleratorW@?$IOleInPlaceActiveObjectImpl@VCOPOSPointCardRW@@@ATL@@UAGJPAUtagMSG@@@Z 100027ee f i PointCardRW.obj
 0001:0000188c       ?OnDocWindowActivate@?$IOleInPlaceActiveObjectImpl@VCOPOSPointCardRW@@@ATL@@UAGJH@Z 1000288c f i PointCardRW.obj
 0001:000018ae       ?ResizeBorder@?$IOleInPlaceActiveObjectImpl@VCOPOSPointCardRW@@@ATL@@UAGJPBUtagRECT@@PAUIOleInPlaceUIWindow@@H@Z 100028ae f i PointCardRW.obj
 0001:000018b3       ?Draw@?$IViewObjectExImpl@VCOPOSPointCardRW@@@ATL@@UAGJKJPAXPAUtagDVTARGETDEVICE@@PAUHDC__@@2PBU_RECTL@@3P6GHK@ZK@Z 100028b3 f i PointCardRW.obj
 0001:000018e5       ?GetColorSet@?$IViewObjectExImpl@VCOPOSPointCardRW@@@ATL@@UAGJKJPAXPAUtagDVTARGETDEVICE@@PAUHDC__@@PAPAUtagLOGPALETTE@@@Z 100028e5 f i PointCardRW.obj
 0001:000018ed       ?Freeze@?$IViewObjectExImpl@VCOPOSPointCardRW@@@ATL@@UAGJKJPAXPAK@Z 100028ed f i PointCardRW.obj
 0001:000018f5       ?SetAdvise@?$IViewObjectExImpl@VCOPOSPointCardRW@@@ATL@@UAGJKKPAUIAdviseSink@@@Z 100028f5 f i PointCardRW.obj
 0001:00001914       ?GetAdvise@?$IViewObjectExImpl@VCOPOSPointCardRW@@@ATL@@UAGJPAK0PAPAUIAdviseSink@@@Z 10002914 f i PointCardRW.obj
 0001:00001949       ?GetExtent@?$IViewObjectExImpl@VCOPOSPointCardRW@@@ATL@@UAGJKJPAUtagDVTARGETDEVICE@@PAUtagSIZE@@@Z 10002949 f i PointCardRW.obj
 0001:0000197a       ?GetViewStatus@?$IViewObjectExImpl@VCOPOSPointCardRW@@@ATL@@UAGJPAK@Z 1000297a f i PointCardRW.obj
 0001:00001997       ?QueryHitPoint@?$IViewObjectExImpl@VCOPOSPointCardRW@@@ATL@@UAGJKPBUtagRECT@@UtagPOINT@@JPAK@Z 10002997 f i PointCardRW.obj
 0001:000019d8       ?QueryHitRect@?$IViewObjectExImpl@VCOPOSPointCardRW@@@ATL@@UAGJKPBUtagRECT@@0JPAK@Z 100029d8 f i PointCardRW.obj
 0001:00001a33       ?GetNaturalExtent@?$IViewObjectExImpl@VCOPOSPointCardRW@@@ATL@@UAGJKJPAUtagDVTARGETDEVICE@@PAUHDC__@@PAUtagExtentInfo@@PAUtagSIZE@@@Z 10002a33 f i PointCardRW.obj
 0001:00001a7e       ?GetWindow@?$IOleInPlaceObjectWindowlessImpl@VCOPOSPointCardRW@@@ATL@@UAGJPAPAUHWND__@@@Z 10002a7e f i PointCardRW.obj
 0001:00001acb       ?InPlaceDeactivate@?$IOleInPlaceObjectWindowlessImpl@VCOPOSPointCardRW@@@ATL@@UAGJXZ 10002acb f i PointCardRW.obj
 0001:00001ae5       ?UIDeactivate@?$IOleInPlaceObjectWindowlessImpl@VCOPOSPointCardRW@@@ATL@@UAGJXZ 10002ae5 f i PointCardRW.obj
 0001:00001aff       ?SetObjectRects@?$IOleInPlaceObjectWindowlessImpl@VCOPOSPointCardRW@@@ATL@@UAGJPBUtagRECT@@0@Z 10002aff f i PointCardRW.obj
 0001:00001b1f       ?ReactivateAndUndo@?$IOleInPlaceObjectWindowlessImpl@VCOPOSPointCardRW@@@ATL@@UAGJXZ 10002b1f f i PointCardRW.obj
 0001:00001b27       ?OnWindowMessage@?$IOleInPlaceObjectWindowlessImpl@VCOPOSPointCardRW@@@ATL@@UAGJIIJPAJ@Z 10002b27 f i PointCardRW.obj
 0001:00001b97       ?EnumConnectionPoints@?$IConnectionPointContainerImpl@VCOPOSPointCardRW@@@ATL@@UAGJPAPAUIEnumConnectionPoints@@@Z 10002b97 f i PointCardRW.obj
 0001:00001d11       ?FindConnectionPoint@?$IConnectionPointContainerImpl@VCOPOSPointCardRW@@@ATL@@UAGJABU_GUID@@PAPAUIConnectionPoint@@@Z 10002d11 f i PointCardRW.obj
 0001:00001db4       ?IsDirty@?$IPersistStorageImpl@VCOPOSPointCardRW@@@ATL@@UAGJXZ 10002db4 f i PointCardRW.obj
 0001:00001de8       ?InitNew@?$IPersistStorageImpl@VCOPOSPointCardRW@@@ATL@@UAGJPAUIStorage@@@Z 10002de8 f i PointCardRW.obj
 0001:00001e1c       ?Load@?$IPersistStorageImpl@VCOPOSPointCardRW@@@ATL@@UAGJPAUIStorage@@@Z 10002e1c f i PointCardRW.obj
 0001:00001e88       ?Save@?$IPersistStorageImpl@VCOPOSPointCardRW@@@ATL@@UAGJPAUIStorage@@H@Z 10002e88 f i PointCardRW.obj
 0001:00001efb       ?GetPages@?$ISpecifyPropertyPagesImpl@VCOPOSPointCardRW@@@ATL@@UAGJPAUtagCAUUID@@@Z 10002efb f i PointCardRW.obj
 0001:00001f12       ?QuickActivate@?$IQuickActivateImpl@VCOPOSPointCardRW@@@ATL@@UAGJPAUtagQACONTAINER@@PAUtagQACONTROL@@@Z 10002f12 f i PointCardRW.obj
 0001:00001f35       ?SetContentExtent@?$IQuickActivateImpl@VCOPOSPointCardRW@@@ATL@@UAGJPAUtagSIZE@@@Z 10002f35 f i PointCardRW.obj
 0001:00001f61       ?GetContentExtent@?$IQuickActivateImpl@VCOPOSPointCardRW@@@ATL@@UAGJPAUtagSIZE@@@Z 10002f61 f i PointCardRW.obj
 0001:00001f81       ?GetData@?$IDataObjectImpl@VCOPOSPointCardRW@@@ATL@@UAGJPAUtagFORMATETC@@PAUtagSTGMEDIUM@@@Z 10002f81 f i PointCardRW.obj
 0001:00001fa4       ?DAdvise@?$IDataObjectImpl@VCOPOSPointCardRW@@@ATL@@UAGJPAUtagFORMATETC@@KPAUIAdviseSink@@PAK@Z 10002fa4 f i PointCardRW.obj
 0001:00001fe5       ?DUnadvise@?$IDataObjectImpl@VCOPOSPointCardRW@@@ATL@@UAGJK@Z 10002fe5 f i PointCardRW.obj
 0001:00002013       ?EnumDAdvise@?$IDataObjectImpl@VCOPOSPointCardRW@@@ATL@@UAGJPAPAUIEnumSTATDATA@@@Z 10003013 f i PointCardRW.obj
 0001:00002052       ?GetClassInfoW@?$IProvideClassInfo2Impl@$1?CLSID_OPOSPointCardRW@@3U_GUID@@B$1?DIID__IOPOSPointCardRWEvents@@3U2@B$1?LIBID_OposPointCardRW_CCO@@3U2@B$00$0A@VCComTypeInfoHolder@ATL@@@ATL@@UAGJPAPAUITypeInfo@@@Z 10003052 f i PointCardRW.obj
 0001:00002068       ?GetGUID@?$IProvideClassInfo2Impl@$1?CLSID_OPOSPointCardRW@@3U_GUID@@B$1?DIID__IOPOSPointCardRWEvents@@3U2@B$1?LIBID_OposPointCardRW_CCO@@3U2@B$00$0A@VCComTypeInfoHolder@ATL@@@ATL@@UAGJKPAU_GUID@@@Z 10003068 f i PointCardRW.obj
 0001:000020a6       __get_startup_argv_mode    100030a6 f i LIBCMT:argv_mode.obj
 0001:000020a6       ?FAccessAllowed@?$IObjectSafetyImpl@VCOPOSPointCardRW@@$02@ATL@@MAEHXZ 100030a6 f i PointCardRW.obj
 0001:000020aa       ?GetInterfaceSafetyOptions@?$IObjectSafetyImpl@VCOPOSPointCardRW@@$02@ATL@@UAGJABU_GUID@@PAK1@Z 100030aa f i PointCardRW.obj
 0001:0000211e       ?SetInterfaceSafetyOptions@?$IObjectSafetyImpl@VCOPOSPointCardRW@@$02@ATL@@UAGJABU_GUID@@KK@Z 1000311e f i PointCardRW.obj
 0001:00002198       ?_LocCPQueryInterface@?$IConnectionPointImpl@VCOPOSPointCardRW@@$1?IID_IPropertyNotifySink@@3U_GUID@@BVCComDynamicUnkArray@ATL@@@ATL@@UAGJABU_GUID@@PAPAX@Z 10003198 f i PointCardRW.obj
 0001:00002198       ?_LocCPQueryInterface@?$IConnectionPointImpl@VCOPOSPointCardRW@@$1?DIID__IOPOSPointCardRWEvents@@3U_GUID@@BVCComDynamicUnkArray@ATL@@@ATL@@UAGJABU_GUID@@PAPAX@Z 10003198 f i PointCardRW.obj
 0001:000021e5       ?GetConnectionInterface@?$IConnectionPointImpl@VCOPOSPointCardRW@@$1?IID_IPropertyNotifySink@@3U_GUID@@BVCComDynamicUnkArray@ATL@@@ATL@@UAGJPAU_GUID@@@Z 100031e5 f i PointCardRW.obj
 0001:00002209       ?GetConnectionPointContainer@?$IConnectionPointImpl@VCOPOSPointCardRW@@$1?IID_IPropertyNotifySink@@3U_GUID@@BVCComDynamicUnkArray@ATL@@@ATL@@UAGJPAPAUIConnectionPointContainer@@@Z 10003209 f i PointCardRW.obj
 0001:0000222c       ?Advise@?$IConnectionPointImpl@VCOPOSPointCardRW@@$1?DIID__IOPOSPointCardRWEvents@@3U_GUID@@BVCComDynamicUnkArray@ATL@@@ATL@@UAGJPAUIUnknown@@PAK@Z 1000322c f i PointCardRW.obj
 0001:0000222c       ?Advise@?$IConnectionPointImpl@VCOPOSPointCardRW@@$1?IID_IPropertyNotifySink@@3U_GUID@@BVCComDynamicUnkArray@ATL@@@ATL@@UAGJPAUIUnknown@@PAK@Z 1000322c f i PointCardRW.obj
 0001:000022cd       ?Unadvise@?$IConnectionPointImpl@VCOPOSPointCardRW@@$1?IID_IPropertyNotifySink@@3U_GUID@@BVCComDynamicUnkArray@ATL@@@ATL@@UAGJK@Z 100032cd f i PointCardRW.obj
 0001:000022cd       ?Unadvise@?$IConnectionPointImpl@VCOPOSPointCardRW@@$1?DIID__IOPOSPointCardRWEvents@@3U_GUID@@BVCComDynamicUnkArray@ATL@@@ATL@@UAGJK@Z 100032cd f i PointCardRW.obj
 0001:0000230d       ?EnumConnections@?$IConnectionPointImpl@VCOPOSPointCardRW@@$1?DIID__IOPOSPointCardRWEvents@@3U_GUID@@BVCComDynamicUnkArray@ATL@@@ATL@@UAGJPAPAUIEnumConnections@@@Z 1000330d f i PointCardRW.obj
 0001:0000230d       ?EnumConnections@?$IConnectionPointImpl@VCOPOSPointCardRW@@$1?IID_IPropertyNotifySink@@3U_GUID@@BVCComDynamicUnkArray@ATL@@@ATL@@UAGJPAPAUIEnumConnections@@@Z 1000330d f i PointCardRW.obj
 0001:00002413       ?GetCategoryMap@CComObjectRootBase@ATL@@SAPBU_ATL_CATMAP_ENTRY@2@XZ 10003413 f i PointCardRW.obj
 0001:00002413       ?GetObjectDescription@?$CComCoClass@VCOPOSPointCardRW@@$1?CLSID_OPOSPointCardRW@@3U_GUID@@B@ATL@@SGPB_WXZ 10003413 f i PointCardRW.obj
 0001:00002416       ?GetConnectionInterface@?$IConnectionPointImpl@VCOPOSPointCardRW@@$1?DIID__IOPOSPointCardRWEvents@@3U_GUID@@BVCComDynamicUnkArray@ATL@@@ATL@@UAGJPAU_GUID@@@Z 10003416 f i PointCardRW.obj
 0001:0000243a       ?GetConnectionPointContainer@?$IConnectionPointImpl@VCOPOSPointCardRW@@$1?DIID__IOPOSPointCardRWEvents@@3U_GUID@@BVCComDynamicUnkArray@ATL@@@ATL@@UAGJPAPAUIConnectionPointContainer@@@Z 1000343a f i PointCardRW.obj
 0001:0000245d       ?UpdateRegistry@COPOSPointCardRW@@SGJH@Z 1000345d f i PointCardRW.obj
 0001:00002475       ?ProcessWindowMessage@COPOSPointCardRW@@UAEHPAUHWND__@@IIJAAJK@Z 10003475 f i PointCardRW.obj
 0001:000024be       ?SOData@COPOSPointCardRW@@MAGJJ@Z 100034be f i PointCardRW.obj
 0001:000024f7       ?SODirectIO@COPOSPointCardRW@@MAGJJPAJPAPA_W@Z 100034f7 f i PointCardRW.obj
 0001:00002540       ?SOError@COPOSPointCardRW@@MAGJJJJPAJ@Z 10003540 f i PointCardRW.obj
 0001:00002595       ?SOOutputComplete@COPOSPointCardRW@@MAGJJ@Z 10003595 f i PointCardRW.obj
 0001:000025ce       ?SOStatusUpdate@COPOSPointCardRW@@MAGJJ@Z 100035ce f i PointCardRW.obj
 0001:00002607       ?CreateInstance@?$CComCreator@V?$CComObjectCached@VCComClassFactory@ATL@@@ATL@@@ATL@@SGJPAXABU_GUID@@PAPAX@Z 10003607 f i PointCardRW.obj
 0001:0000269a       ?CreateInstance@?$CComCreator2@V?$CComCreator@V?$CComObject@VCOPOSPointCardRW@@@ATL@@@ATL@@V?$CComCreator@V?$CComAggObject@VCOPOSPointCardRW@@@ATL@@@2@@ATL@@SGJPAXABU_GUID@@PAPAX@Z 1000369a f i PointCardRW.obj
 0001:000026ba       ?CreateInstance@CComClassFactory@ATL@@UAGJPAUIUnknown@@ABU_GUID@@PAPAX@Z 100036ba f i PointCardRW.obj
 0001:000026f8       ?LockServer@CComClassFactory@ATL@@UAGJH@Z 100036f8 f i PointCardRW.obj
 0001:00002717       ??_GCComClassFactory@ATL@@UAEPAXI@Z 10003717 f i PointCardRW.obj
 0001:00002717       ??_ECComClassFactory@ATL@@UAEPAXI@Z 10003717 f i PointCardRW.obj
 0001:00002742       ?Next@?$CComEnumImpl@UIEnumConnectionPoints@@$1?_GUID_b196b285_bab4_101a_b69c_00aa00341d07@@3U__s_GUID@@BPAUIConnectionPoint@@V?$_CopyInterface@UIConnectionPoint@@@ATL@@@ATL@@UAGJKPAPAUIConnectionPoint@@PAK@Z 10003742 f i PointCardRW.obj
 0001:00002819       ?Skip@?$CComEnumImpl@UIEnumConnectionPoints@@$1?_GUID_b196b285_bab4_101a_b69c_00aa00341d07@@3U__s_GUID@@BPAUIConnectionPoint@@V?$_CopyInterface@UIConnectionPoint@@@ATL@@@ATL@@UAGJK@Z 10003819 f i PointCardRW.obj
 0001:00002846       ?Clone@?$CComEnumImpl@UIEnumConnectionPoints@@$1?_GUID_b196b285_bab4_101a_b69c_00aa00341d07@@3U__s_GUID@@BPAUIConnectionPoint@@V?$_CopyInterface@UIConnectionPoint@@@ATL@@@ATL@@UAGJPAPAUIEnumConnectionPoints@@@Z 10003846 f i PointCardRW.obj
 0001:00002927       ?QueryInterface@?$CComObject@V?$CComEnum@UIEnumConnectionPoints@@$1?_GUID_b196b285_bab4_101a_b69c_00aa00341d07@@3U__s_GUID@@BPAUIConnectionPoint@@V?$_CopyInterface@UIConnectionPoint@@@ATL@@VCComSingleThreadModel@6@@ATL@@@ATL@@UAGJABU_GUID@@PAPAX@Z 10003927 f i PointCardRW.obj
 0001:00002941       ??_E?$CComObject@V?$CComEnum@UIEnumConnectionPoints@@$1?_GUID_b196b285_bab4_101a_b69c_00aa00341d07@@3U__s_GUID@@BPAUIConnectionPoint@@V?$_CopyInterface@UIConnectionPoint@@@ATL@@VCComSingleThreadModel@6@@ATL@@@ATL@@UAEPAXI@Z 10003941 f i PointCardRW.obj
 0001:00002941       ??_G?$CComObject@V?$CComEnum@UIEnumConnectionPoints@@$1?_GUID_b196b285_bab4_101a_b69c_00aa00341d07@@3U__s_GUID@@BPAUIConnectionPoint@@V?$_CopyInterface@UIConnectionPoint@@@ATL@@VCComSingleThreadModel@6@@ATL@@@ATL@@UAEPAXI@Z 10003941 f i PointCardRW.obj
 0001:00002963       ??$?4UITypeInfo2@@@?$CComPtr@UITypeInfo@@@ATL@@QAEPAUITypeInfo@@ABV?$CComPtr@UITypeInfo2@@@1@@Z 10003963 f i PointCardRW.obj
 0001:00002990       ??$AtlAdd@K@ATL@@YAJPAKKK@Z 10003990 f i PointCardRW.obj
 0001:000029b3       ??$AtlAdd@_K@ATL@@YAJPA_K_K1@Z 100039b3 f i PointCardRW.obj
 0001:000029eb       ??$AtlAddThrow@K@ATL@@YAKKK@Z 100039eb f i PointCardRW.obj
 0001:00002a11       ??$AtlModuleRegisterWndClassInfoT@VAtlModuleRegisterWndClassInfoParamW@ATL@@@ATL@@YAGPAU_ATL_BASE_MODULE70@0@PAU_ATL_WIN_MODULE70@0@PAU_ATL_WNDCLASSINFOW@0@PAP6GJPAUHWND__@@IIJ@ZVAtlModuleRegisterWndClassInfoParamW@0@@Z 10003a11 f i PointCardRW.obj
 0001:00002b5f       ??$AtlMultiply@H@ATL@@YAJPAHHH@Z 10003b5f f i PointCardRW.obj
 0001:00002b97       ??$AtlMultiply@K@ATL@@YAJPAKKK@Z 10003b97 f i PointCardRW.obj
 0001:00002b97       ??$AtlMultiply@I@ATL@@YAJPAIII@Z 10003b97 f i PointCardRW.obj
 0001:00002bb9       ??$AtlMultiplyThrow@I@ATL@@YAIII@Z 10003bb9 f i PointCardRW.obj
 0001:00002bdf       ??0?$CComAggObject@VCOPOSPointCardRW@@@ATL@@QAE@PAX@Z 10003bdf f i PointCardRW.obj
 0001:00002c0c       ??0?$CComContainedObject@VCOPOSPointCardRW@@@ATL@@QAE@PAX@Z 10003c0c f i PointCardRW.obj
 0001:00002cc5       ??0?$CComObject@V?$CComEnum@UIEnumConnectionPoints@@$1?_GUID_b196b285_bab4_101a_b69c_00aa00341d07@@3U__s_GUID@@BPAUIConnectionPoint@@V?$_CopyInterface@UIConnectionPoint@@@ATL@@VCComSingleThreadModel@6@@ATL@@@ATL@@QAE@PAX@Z 10003cc5 f i PointCardRW.obj
 0001:00002cf3       ??0?$CComObject@V?$CComEnum@UIEnumConnections@@$1?_GUID_b196b287_bab4_101a_b69c_00aa00341d07@@3U__s_GUID@@BUtagCONNECTDATA@@V?$_Copy@UtagCONNECTDATA@@@ATL@@VCComSingleThreadModel@6@@ATL@@@ATL@@QAE@PAX@Z 10003cf3 f i PointCardRW.obj
 0001:00002d21       ??0?$CComObject@VCOPOSPointCardRW@@@ATL@@QAE@PAX@Z 10003d21 f i PointCardRW.obj
 0001:00002dd8       ??0?$CComQIPtr@UIOleControlSite@@$1?_GUID_b196b289_bab4_101a_b69c_00aa00341d07@@3U__s_GUID@@B@ATL@@QAE@PAUIUnknown@@@Z 10003dd8 f i PointCardRW.obj
 0001:00002e01       ??0CAtlModule@ATL@@QAE@XZ  10003e01 f i PointCardRW.obj
 0001:00002e42       ??0CParseBuffer@CRegParser@ATL@@QAE@H@Z 10003e42 f i PointCardRW.obj
 0001:00002e78       ??0_ATL_MSG@ATL@@QAE@PAUHWND__@@IIJH@Z 10003e78 f i PointCardRW.obj
 0001:00002eb0       ??1?$CComAggObject@VCOPOSPointCardRW@@@ATL@@UAE@XZ 10003eb0 f i PointCardRW.obj
 0001:00002ed4       ??1?$CComEnumImpl@UIEnumConnectionPoints@@$1?_GUID_b196b285_bab4_101a_b69c_00aa00341d07@@3U__s_GUID@@BPAUIConnectionPoint@@V?$_CopyInterface@UIConnectionPoint@@@ATL@@@ATL@@UAE@XZ 10003ed4 f i PointCardRW.obj
 0001:00002f14       ??1?$CComEnumImpl@UIEnumConnections@@$1?_GUID_b196b287_bab4_101a_b69c_00aa00341d07@@3U__s_GUID@@BUtagCONNECTDATA@@V?$_Copy@UtagCONNECTDATA@@@ATL@@@ATL@@UAE@XZ 10003f14 f i PointCardRW.obj
 0001:00002f54       ??1?$CComObject@V?$CComEnum@UIEnumConnectionPoints@@$1?_GUID_b196b285_bab4_101a_b69c_00aa00341d07@@3U__s_GUID@@BPAUIConnectionPoint@@V?$_CopyInterface@UIConnectionPoint@@@ATL@@VCComSingleThreadModel@6@@ATL@@@ATL@@UAE@XZ 10003f54 f i PointCardRW.obj
 0001:00002f77       ??1?$CComObject@V?$CComEnum@UIEnumConnections@@$1?_GUID_b196b287_bab4_101a_b69c_00aa00341d07@@3U__s_GUID@@BUtagCONNECTDATA@@V?$_Copy@UtagCONNECTDATA@@@ATL@@VCComSingleThreadModel@6@@ATL@@@ATL@@UAE@XZ 10003f77 f i PointCardRW.obj
 0001:00002f9a       ??1?$CComObject@VCOPOSPointCardRW@@@ATL@@UAE@XZ 10003f9a f i PointCardRW.obj
 0001:00003058       ??1?$CComObjectCached@VCComClassFactory@ATL@@@ATL@@UAE@XZ 10004058 f i PointCardRW.obj
 0001:0000306e       ??1?$CComObjectRootEx@VCComMultiThreadModel@ATL@@@ATL@@QAE@XZ 1000406e f i PointCardRW.obj
 0001:00003083       ??1CRegObject@ATL@@UAE@XZ  10004083 f i PointCardRW.obj
 0001:000030a3       ??4?$CComPtr@UIAdviseSink@@@ATL@@QAEPAUIAdviseSink@@PAU2@@Z 100040a3 f i PointCardRW.obj
 0001:000030a3       ??4?$CComPtr@UIUnknown@@@ATL@@QAEPAUIUnknown@@PAU2@@Z 100040a3 f i PointCardRW.obj
 0001:000030a3       ??4?$CComPtr@UIOleClientSite@@@ATL@@QAEPAUIOleClientSite@@PAU2@@Z 100040a3 f i PointCardRW.obj
 0001:000030d7       ??4?$CComQIPtr@UIOleObject@@$1?_GUID_00000112_0000_0000_c000_000000000046@@3U__s_GUID@@B@ATL@@QAEPAUIOleObject@@PAUIUnknown@@@Z 100040d7 f i PointCardRW.obj
 0001:000030fc       ??4?$CComQIPtr@UISpecifyPropertyPages@@$1?_GUID_b196b28b_bab4_101a_b69c_00aa00341d07@@3U__s_GUID@@B@ATL@@QAEPAUISpecifyPropertyPages@@PAUIUnknown@@@Z 100040fc f i PointCardRW.obj
 0001:00003121       ??_E?$CComContainedObject@VCOPOSPointCardRW@@@ATL@@UAEPAXI@Z 10004121 f i PointCardRW.obj
 0001:00003121       ??_G?$CComContainedObject@VCOPOSPointCardRW@@@ATL@@UAEPAXI@Z 10004121 f i PointCardRW.obj
 0001:00003146       ??_G?$CComObject@VCOPOSPointCardRW@@@ATL@@UAEPAXI@Z 10004146 f i PointCardRW.obj
 0001:00003146       ??_E?$CComObject@VCOPOSPointCardRW@@@ATL@@UAEPAXI@Z 10004146 f i PointCardRW.obj
 0001:0000316b       ?Add@?$CSimpleArray@GV?$CSimpleArrayEqualHelper@G@ATL@@@ATL@@QAEHABG@Z 1000416b f i PointCardRW.obj
 0001:000031ef       ?Add@?$CSimpleMap@PA_WPA_WVCExpansionVectorEqualHelper@ATL@@@ATL@@QAEHABQA_W0@Z 100041ef f i PointCardRW.obj
 0001:00003244       ?Add@CComDynamicUnkArray@ATL@@QAEKPAUIUnknown@@@Z 10004244 f i PointCardRW.obj
 0001:000032fa       ?Add@CExpansionVector@ATL@@QAEHPB_W0@Z 100042fa f i PointCardRW.obj
 0001:000033fe       ?AddString@CParseBuffer@CRegParser@ATL@@QAEHPB_W@Z 100043fe f i PointCardRW.obj
 0001:00003433       ?AddValue@CRegParser@ATL@@IAEJAAVCRegKey@2@PB_WPA_W@Z 10004433 f i PointCardRW.obj
 0001:00003754       ?Allocate@?$CAtlSafeAllocBufferManager@VCCRTAllocator@ATL@@@_ATL_SAFE_ALLOCA_IMPL@ATL@@QAEPAXK@Z 10004754 f i PointCardRW.obj
 0001:00003781       ?Allocate@?$CTempBuffer@E$0BAA@VCCRTAllocator@ATL@@@ATL@@QAEPAEI@Z 10004781 f i PointCardRW.obj
 0001:000037b0       ?Allocate@?$CTempBuffer@_W$0BAA@VCCRTAllocator@ATL@@@ATL@@QAEPA_WI@Z 100047b0 f i PointCardRW.obj
 0001:000037df       ?Allocate@?$CTempBuffer@_W$0EAA@VCCRTAllocator@ATL@@@ATL@@QAEPA_WI@Z 100047df f i PointCardRW.obj
 0001:0000380e       ?AllocateHeap@?$CTempBuffer@_W$0BAA@VCCRTAllocator@ATL@@@ATL@@AAEXI@Z 1000480e f i PointCardRW.obj
 0001:0000380e       ?AllocateHeap@?$CTempBuffer@_W$0EAA@VCCRTAllocator@ATL@@@ATL@@AAEXI@Z 1000480e f i PointCardRW.obj
 0001:0000380e       ?AllocateHeap@?$CTempBuffer@E$0BAA@VCCRTAllocator@ATL@@@ATL@@AAEXI@Z 1000480e f i PointCardRW.obj
 0001:00003833       ?Append@CParseBuffer@CRegParser@ATL@@QAEHPB_WH@Z 10004833 f i PointCardRW.obj
 0001:000038c1       ?AtlCallTermFunc@ATL@@YGXPAU_ATL_MODULE70@1@@Z 100048c1 f i PointCardRW.obj
 0001:00003905       ?AtlCoTaskMemCAlloc@ATL@@YAPAXKK@Z 10004905 f i PointCardRW.obj
 0001:00003932       ?AtlCoTaskMemRecalloc@ATL@@YAPAXPAXKK@Z 10004932 f i PointCardRW.obj
 0001:00003962       ?AtlComModuleGetClassObject@ATL@@YGJPAU_ATL_COM_MODULE70@1@ABU_GUID@@1PAPAX@Z 10004962 f i PointCardRW.obj
 0001:00003a55       ?AtlComModuleRegisterServer@ATL@@YGJPAU_ATL_COM_MODULE70@1@HPBU_GUID@@@Z 10004a55 f i PointCardRW.obj
 0001:00003add       ?AtlComModuleUnregisterServer@ATL@@YGJPAU_ATL_COM_MODULE70@1@HPBU_GUID@@@Z 10004add f i PointCardRW.obj
 0001:00003b65       ?AtlComQIPtrAssign2@ATL@@YAXPAPAUIUnknown@@PAU2@ABU_GUID@@@Z 10004b65 f i PointCardRW.obj
 0001:00003b94       ?AtlCreateTargetDC@ATL@@YGPAUHDC__@@PAU2@PAUtagDVTARGETDEVICE@@@Z 10004b94 f i PointCardRW.obj
 0001:00003bfd       ?AtlCrtErrorCheck@ATL@@YAHH@Z 10004bfd f i PointCardRW.obj
 0001:00003c38       ?AtlHiMetricToPixel@ATL@@YGXPBUtagSIZE@@PAU2@@Z 10004c38 f i PointCardRW.obj
 0001:00003cad       ?AtlHresultFromLastError@ATL@@YAJXZ 10004cad f i PointCardRW.obj
 0001:00003cc4       ?AtlHresultFromWin32@ATL@@YAJK@Z 10004cc4 f i PointCardRW.obj
 0001:00003cd9       ?AtlIPersistStreamInit_Load@ATL@@YGJPAUIStream@@PBUATL_PROPMAP_ENTRY@1@PAXPAUIUnknown@@@Z 10004cd9 f i PointCardRW.obj
 0001:00003eb9       ?AtlIPersistStreamInit_Save@ATL@@YGJPAUIStream@@HPBUATL_PROPMAP_ENTRY@1@PAXPAUIUnknown@@@Z 10004eb9 f i PointCardRW.obj
 0001:00004051       ?AtlInternalOleLoadFromStream@ATL@@YAJPAUIStream@@ABU_GUID@@PAPAXTClassesAllowedInStream@1@K@Z 10005051 f i PointCardRW.obj
 0001:00004177       ?AtlInternalQueryInterface@ATL@@YGJPAXPBU_ATL_INTMAP_ENTRY@1@ABU_GUID@@PAPAX@Z 10005177 f i PointCardRW.obj
 0001:0000421a       ?AtlLoadTypeLib@ATL@@YGJPAUHINSTANCE__@@PB_WPAPA_WPAPAUITypeLib@@@Z 1000521a f i PointCardRW.obj
 0001:000043f8       ?AtlModuleAddTermFunc@ATL@@YGJPAU_ATL_MODULE70@1@P6GXK@ZK@Z 100053f8 f i PointCardRW.obj
 0001:00004455       ?AtlRegisterClassCategoriesHelper@ATL@@YGJABU_GUID@@PBU_ATL_CATMAP_ENTRY@1@H@Z 10005455 f i PointCardRW.obj
 0001:00004735       ?AtlRegisterTypeLib@ATL@@YGJPAUHINSTANCE__@@PB_W@Z 10005735 f i PointCardRW.obj
 0001:000048bd       ?AtlThrowImpl@ATL@@YGXJ@Z  100058bd f i PointCardRW.obj
 0001:000048db       ?AtlUnRegisterTypeLib@ATL@@YGJPAUHINSTANCE__@@PB_W@Z 100058db f i PointCardRW.obj
 0001:00004986       ?AtlWinModuleAddCreateWndData@ATL@@YGXPAU_ATL_WIN_MODULE70@1@PAU_AtlCreateWndData@1@PAX@Z 10005986 f i PointCardRW.obj
 0001:000049da       ?AtlWinModuleExtractCreateWndData@ATL@@YGPAXPAU_ATL_WIN_MODULE70@1@@Z 100059da f i PointCardRW.obj
 0001:00004a3d       ?AtlWinModuleRegisterClassExW@ATL@@YGGPAU_ATL_WIN_MODULE70@1@PBUtagWNDCLASSEXW@@@Z 10005a3d f i PointCardRW.obj
 0001:00004a7c       ?CanForceRemoveKey@CRegParser@ATL@@IAEHPB_W@Z 10005a7c f i PointCardRW.obj
 0001:00004aab       ?ChToByte@CRegParser@ATL@@KAE_W@Z 10005aab f i PointCardRW.obj
 0001:00004ade       ?Cleanup@CComTypeInfoHolder@ATL@@SGXK@Z 10005ade f i PointCardRW.obj
 0001:00004b11       ?ClearReplacements@CExpansionVector@ATL@@QAEJXZ 10005b11 f i PointCardRW.obj
 0001:00004b4e       ?Close@CRegKey@ATL@@QAEJXZ 10005b4e f i PointCardRW.obj
 0001:00004b68       ?CreateInstance@?$CComCreator@V?$CComAggObject@VCOPOSPointCardRW@@@ATL@@@ATL@@SGJPAXABU_GUID@@PAPAX@Z 10005b68 f i PointCardRW.obj
 0001:00004bde       ?CreateInstance@?$CComCreator@V?$CComObject@VCOPOSPointCardRW@@@ATL@@@ATL@@SGJPAXABU_GUID@@PAPAX@Z 10005bde f i PointCardRW.obj
 0001:00004c5f       ?CreateInstance@?$CComObject@V?$CComEnum@UIEnumConnectionPoints@@$1?_GUID_b196b285_bab4_101a_b69c_00aa00341d07@@3U__s_GUID@@BPAUIConnectionPoint@@V?$_CopyInterface@UIConnectionPoint@@@ATL@@VCComSingleThreadModel@6@@ATL@@@ATL@@SGJPAPAV12@@Z 10005c5f f i PointCardRW.obj
 0001:00004ca6       ?CreateInstance@?$CComObject@V?$CComEnum@UIEnumConnections@@$1?_GUID_b196b287_bab4_101a_b69c_00aa00341d07@@3U__s_GUID@@BUtagCONNECTDATA@@V?$_Copy@UtagCONNECTDATA@@@ATL@@VCComSingleThreadModel@6@@ATL@@@ATL@@SGJPAPAV12@@Z 10005ca6 f i PointCardRW.obj
 0001:00004ced       ?DefaultReflectionHandler@?$CWindowImplRoot@VCWindow@ATL@@@ATL@@SAHPAUHWND__@@IIJAAJ@Z 10005ced f i PointCardRW.obj
 0001:00004d60       ?DeleteSubKey@CRegKey@ATL@@QAEJPB_W@Z 10005d60 f i PointCardRW.obj
 0001:00004dd9       ?DoEvent@COPOSPointCardRW@@IAEXIIJ@Z 10005dd9 f i PointCardRW.obj
 0001:00004e59       ?DoVerbHide@?$IOleObjectImpl@VCOPOSPointCardRW@@@ATL@@QAEJPBUtagRECT@@PAUHWND__@@@Z 10005e59 f i PointCardRW.obj
 0001:00004e8f       ?DoVerbInPlaceActivate@?$IOleObjectImpl@VCOPOSPointCardRW@@@ATL@@QAEJPBUtagRECT@@PAUHWND__@@@Z 10005e8f f i PointCardRW.obj
 0001:00004ec2       ?DoVerbPrimary@?$IOleObjectImpl@VCOPOSPointCardRW@@@ATL@@QAEJPBUtagRECT@@PAUHWND__@@@Z 10005ec2 f i PointCardRW.obj
 0001:00004f4e       ?DoVerbProperties@CComControlBase@ATL@@QAEJPBUtagRECT@@PAUHWND__@@@Z 10005f4e f i PointCardRW.obj
 0001:00005075       ?DoVerbShow@?$IOleObjectImpl@VCOPOSPointCardRW@@@ATL@@QAEJPBUtagRECT@@PAUHWND__@@@Z 10006075 f i PointCardRW.obj
 0001:0000509a       ?DoVerbUIActivate@?$IOleObjectImpl@VCOPOSPointCardRW@@@ATL@@QAEJPBUtagRECT@@PAUHWND__@@@Z 1000609a f i PointCardRW.obj
 0001:000050d7       ?DoesVerbActivate@CComControlBase@ATL@@QAEHJ@Z 100060d7 f i PointCardRW.obj
 0001:000050f8       ?DoesVerbUIActivate@CComControlBase@ATL@@QAEHJ@Z 100060f8 f i PointCardRW.obj
 0001:0000512d       ?EndOfVar@CRegParser@ATL@@IAEHXZ 1000612d f i PointCardRW.obj
 0001:0000514d       ?EscapeSingleQuote@CAtlModule@ATL@@SAXPA_WIPB_W@Z 1000614d f i PointCardRW.obj
 0001:0000519c       ?FindKey@?$CSimpleMap@PA_WPA_WVCExpansionVectorEqualHelper@ATL@@@ATL@@QBEHABQA_W@Z 1000619c f i PointCardRW.obj
 0001:000051d3       ?FireTheEvent@?$CProxy_IOPOSEvents@VCOPOSPointCardRW@@@@IAEXPAVOposVariant@@IAAJPB_WJ@Z 100061d3 f i PointCardRW.obj
 0001:00005265       ?FireViewChange@CComControlBase@ATL@@QAEJXZ 10006265 f i PointCardRW.obj
 0001:000052ae       ?Fire_DataEvent@?$CProxy_IOPOSEvents@VCOPOSPointCardRW@@@@QAEXJ@Z 100062ae f i PointCardRW.obj
 0001:0000533a       ?Fire_DirectIOEvent@?$CProxy_IOPOSEvents@VCOPOSPointCardRW@@@@QAEXJPAJPAPA_W@Z 1000633a f i PointCardRW.obj
 0001:00005420       ?Fire_ErrorEvent@?$CProxy_IOPOSEvents@VCOPOSPointCardRW@@@@QAEXJJJPAJ@Z 10006420 f i PointCardRW.obj
 0001:00005507       ?Fire_OutputCompleteEvent@?$CProxy_IOPOSEvents@VCOPOSPointCardRW@@@@QAEXJ@Z 10006507 f i PointCardRW.obj
 0001:00005593       ?Fire_StatusUpdateEvent@?$CProxy_IOPOSEvents@VCOPOSPointCardRW@@@@QAEXJ@Z 10006593 f i PointCardRW.obj
 0001:0000561f       ?FreeHeap@?$CTempBuffer@_W$0EAA@VCCRTAllocator@ATL@@@ATL@@AAEXXZ 1000661f f i PointCardRW.obj
 0001:0000561f       ?FreeHeap@?$CTempBuffer@E$0BAA@VCCRTAllocator@ATL@@@ATL@@AAEXXZ 1000661f f i PointCardRW.obj
 0001:0000561f       ?FreeHeap@?$CTempBuffer@_W$0BAA@VCCRTAllocator@ATL@@@ATL@@AAEXXZ 1000661f f i PointCardRW.obj
 0001:00005628       ?GetAmbientLocaleID@CComControlBase@ATL@@QAEJAAK@Z 10006628 f i PointCardRW.obj
 0001:00005684       ?GetAmbientUserMode@CComControlBase@ATL@@QAEJAAH@Z 10006684 f i PointCardRW.obj
 0001:000056f4       ?GetAt@CComDynamicUnkArray@ATL@@QAEPAUIUnknown@@H@Z 100066f4 f i PointCardRW.obj
 0001:00005710       ?GetClassObject@CComModule@ATL@@QAEJABU_GUID@@0PAPAX@Z 10006710 f i PointCardRW.obj
 0001:000057b2       ?GetConnMap@COPOSPointCardRW@@SAPBU_ATL_CONNMAP_ENTRY@ATL@@PAH@Z 100067b2 f i PointCardRW.obj
 0001:00005822       ?GetCookie@CComDynamicUnkArray@ATL@@QAGKPAPAUIUnknown@@@Z 10006822 f i PointCardRW.obj
 0001:0000585a       ?GetIDsOfNames@CComTypeInfoHolder@ATL@@QAEJABU_GUID@@PAPA_WIKPAJ@Z 1000685a f i PointCardRW.obj
 0001:00005968       ?GetKeyAt@?$CSimpleMap@PA_WPA_WVCExpansionVectorEqualHelper@ATL@@@ATL@@QBEAAPA_WH@Z 10006968 f i PointCardRW.obj
 0001:0000598d       ?GetPagesHelper@?$ISpecifyPropertyPagesImpl@VCOPOSPointCardRW@@@ATL@@IAEJPAUtagCAUUID@@PBUATL_PROPMAP_ENTRY@2@@Z 1000698d f i PointCardRW.obj
 0001:00005ab4       ?GetProperty@?$CComPtr@UIDispatch@@@ATL@@SAJPAUIDispatch@@JPAUtagVARIANT@@@Z 10006ab4 f i PointCardRW.obj
 0001:00005b03       ?GetSizeMax@CComVariant@ATL@@QBEJPAT_ULARGE_INTEGER@@@Z 10006b03 f i PointCardRW.obj
 0001:00005cbd       ?GetStreamSize@CComBSTR@ATL@@SAKPA_W@Z 10006cbd f i PointCardRW.obj
 0001:00005cd7       ?GetTI@CComTypeInfoHolder@ATL@@QAEJK@Z 10006cd7 f i PointCardRW.obj
 0001:00005ec0       ?GetTI@CComTypeInfoHolder@ATL@@QAEJKPAPAUITypeInfo@@@Z 10006ec0 f i PointCardRW.obj
 0001:00005f02       ?GetUnknown@CComDynamicUnkArray@ATL@@QAGPAUIUnknown@@K@Z 10006f02 f i PointCardRW.obj
 0001:00005f23       ?GetValueAt@?$CSimpleMap@PA_WPA_WVCExpansionVectorEqualHelper@ATL@@@ATL@@QBEAAPA_WH@Z 10006f23 f i PointCardRW.obj
 0001:00005f49       ?GetZoomInfo@CComControlBase@ATL@@QAEXAAUATL_DRAWINFO@@@Z 10006f49 f i PointCardRW.obj
 0001:00005fdc       ?HKeyFromString@CRegParser@ATL@@KAPAUHKEY__@@PA_W@Z 10006fdc f i PointCardRW.obj
 0001:0000600a       ?HasSubKeys@CRegParser@ATL@@IAEHPAUHKEY__@@@Z 1000700a f i PointCardRW.obj
 0001:0000603f       ?IDataObject_GetData@CComControlBase@ATL@@QAEJPAUtagFORMATETC@@PAUtagSTGMEDIUM@@@Z 1000703f f i PointCardRW.obj
 0001:000061e5       ?IOleInPlaceObject_InPlaceDeactivate@CComControlBase@ATL@@QAEJXZ 100071e5 f i PointCardRW.obj
 0001:0000626c       ?IOleInPlaceObject_SetObjectRects@CComControlBase@ATL@@QAEJPBUtagRECT@@0@Z 1000726c f i PointCardRW.obj
 0001:00006339       ?IOleInPlaceObject_UIDeactivate@CComControlBase@ATL@@QAEJXZ 10007339 f i PointCardRW.obj
 0001:000063fb       ?IOleObject_Advise@CComControlBase@ATL@@QAEJPAUIAdviseSink@@PAK@Z 100073fb f i PointCardRW.obj
 0001:00006425       ?IOleObject_Close@CComControlBase@ATL@@QAEJK@Z 10007425 f i PointCardRW.obj
 0001:00006509       ?IOleObject_GetClientSite@CComControlBase@ATL@@QAEJPAPAUIOleClientSite@@@Z 10007509 f i PointCardRW.obj
 0001:00006532       ?IOleObject_SetClientSite@CComControlBase@ATL@@QAEJPAUIOleClientSite@@@Z 10007532 f i PointCardRW.obj
 0001:00006571       ?IOleObject_SetExtent@CComControlBase@ATL@@QAEJKPAUtagSIZE@@@Z 10007571 f i PointCardRW.obj
 0001:00006625       ?IPSI_GetIPersistStreamInit@?$IPersistStorageImpl@VCOPOSPointCardRW@@@ATL@@AAEPAUIPersistStreamInit@@XZ 10007625 f i PointCardRW.obj
 0001:00006667       ?IPersistStreamInit_Load@?$IPersistStreamInitImpl@VCOPOSPointCardRW@@@ATL@@QAEJPAUIStream@@PBUATL_PROPMAP_ENTRY@2@@Z 10007667 f i PointCardRW.obj
 0001:00006693       ?IPersistStreamInit_Save@?$IPersistStreamInitImpl@VCOPOSPointCardRW@@@ATL@@QAEJPAUIStream@@HPBUATL_PROPMAP_ENTRY@2@@Z 10007693 f i PointCardRW.obj
 0001:000066c8       ?IQuickActivate_QuickActivate@CComControlBase@ATL@@QAEJPAUtagQACONTAINER@@PAUtagQACONTROL@@@Z 100076c8 f i PointCardRW.obj
 0001:0000690a       ?IViewObject_Draw@CComControlBase@ATL@@QAEJKJPAXPAUtagDVTARGETDEVICE@@PAUHDC__@@2PBU_RECTL@@3@Z 1000790a f i PointCardRW.obj
 0001:000069b2       ?InPlaceActivate@CComControlBase@ATL@@QAEJJPBUtagRECT@@@Z 100079b2 f i PointCardRW.obj
 0001:00006c23       ?Init@?$CComEnumImpl@UIEnumConnectionPoints@@$1?_GUID_b196b285_bab4_101a_b69c_00aa00341d07@@3U__s_GUID@@BPAUIConnectionPoint@@V?$_CopyInterface@UIConnectionPoint@@@ATL@@@ATL@@QAEJPAPAUIConnectionPoint@@0PAUIUnknown@@W4CComEnumFlags@2@@Z 10007c23 f i PointCardRW.obj
 0001:00006d02       ?Init@?$CComEnumImpl@UIEnumConnections@@$1?_GUID_b196b287_bab4_101a_b69c_00aa00341d07@@3U__s_GUID@@BUtagCONNECTDATA@@V?$_Copy@UtagCONNECTDATA@@@ATL@@@ATL@@QAEJPAUtagCONNECTDATA@@0PAUIUnknown@@W4CComEnumFlags@2@@Z 10007d02 f i PointCardRW.obj
 0001:00006de1       ?Init@CComModule@ATL@@QAEJPAU_ATL_OBJMAP_ENTRY30@2@PAUHINSTANCE__@@PBU_GUID@@@Z 10007de1 f i PointCardRW.obj
 0001:00006e40       ?Init@CDynamicStdCallThunk2@ATL@@QAEHKPAX@Z 10007e40 f i PointCardRW.obj
 0001:00006e6b       ?InlineIsEqualUnknown@ATL@@YGHABU_GUID@@@Z 10007e6b f i PointCardRW.obj
 0001:00006e93       ?InternalGetSite@CComControlBase@ATL@@QAEJABU_GUID@@PAPAX@Z 10007e93 f i PointCardRW.obj
 0001:00006ec1       ?InternalSetAtIndex@?$CSimpleMap@PA_WPA_WVCExpansionVectorEqualHelper@ATL@@@ATL@@QAEXHABQA_W0@Z 10007ec1 f i PointCardRW.obj
 0001:00006eeb       ?Invoke@CComTypeInfoHolder@ATL@@QAEJPAUIDispatch@@JABU_GUID@@KGPAUtagDISPPARAMS@@PAUtagVARIANT@@PAUtagEXCEPINFO@@PAI@Z 10007eeb f i PointCardRW.obj
 0001:00006f2e       ?IsEqualObject@?$CComPtrBase@UIOleClientSite@@@ATL@@QAE_NPAUIUnknown@@@Z 10007f2e f i PointCardRW.obj
 0001:00006f2e       ?IsEqualObject@?$CComPtrBase@UITypeInfo@@@ATL@@QAE_NPAUIUnknown@@@Z 10007f2e f i PointCardRW.obj
 0001:00006f9b       ?IsSpace@CRegParser@ATL@@IAEH_W@Z 10007f9b f i PointCardRW.obj
 0001:00006fc5       ?LoadNameCache@CComTypeInfoHolder@ATL@@QAEJPAUITypeInfo@@@Z 10007fc5 f i PointCardRW.obj
 0001:00007113       ?Lookup@?$CSimpleMap@PA_WPA_WVCExpansionVectorEqualHelper@ATL@@@ATL@@QBEPA_WABQA_W@Z 10008113 f i PointCardRW.obj
 0001:00007139       ?NextToken@CRegParser@ATL@@IAEJPA_W@Z 10008139 f i PointCardRW.obj
 0001:00007271       ?OnKillFocus@CComControlBase@ATL@@QAEJIIJAAH@Z 10008271 f i PointCardRW.obj
 0001:000072cc       ?OnMouseActivate@CComControlBase@ATL@@QAEJIIJAAH@Z 100082cc f i PointCardRW.obj
 0001:0000733a       ?OnPaint@CComControlBase@ATL@@QAEJIIJAAH@Z 1000833a f i PointCardRW.obj
 0001:000073ec       ?OnSetFocus@CComControlBase@ATL@@QAEJIIJAAH@Z 100083ec f i PointCardRW.obj
 0001:00007475       ?Open@CRegKey@ATL@@QAEJPAUHKEY__@@PB_WK@Z 10008475 f i PointCardRW.obj
 0001:000074ca       ?PreProcessBuffer@CRegParser@ATL@@QAEJPA_WPAPA_W@Z 100084ca f i PointCardRW.obj
 0001:00007734       ?ProcessWindowMessage@?$CComControl@VCOPOSPointCardRW@@V?$CWindowImpl@VCOPOSPointCardRW@@VCWindow@ATL@@V?$CWinTraits@$0FGAAAAAA@$0A@@3@@ATL@@@ATL@@UAEHPAUHWND__@@IIJAAJK@Z 10008734 f i PointCardRW.obj
 0001:000077d3       ?PutProperty@?$CComPtr@UIDispatch@@@ATL@@SAJPAUIDispatch@@JPAUtagVARIANT@@@Z 100087d3 f i PointCardRW.obj
 0001:00007865       ?ReadFromStream@CComBSTR@ATL@@QAEJPAUIStream@@@Z 10008865 f i PointCardRW.obj
 0001:00007993       ?ReadFromStream@CComVariant@ATL@@QAEJPAUIStream@@GTClassesAllowedInStream@2@K@Z 10008993 f i PointCardRW.obj
 0001:00007b19       ?RecurseDeleteKey@CRegKey@ATL@@QAEJPB_W@Z 10008b19 f i PointCardRW.obj
 0001:00007bdb       ?RegCreateKeyExW@CAtlTransactionManager@ATL@@QAEJPAUHKEY__@@PB_WKPA_WKKQAU_SECURITY_ATTRIBUTES@@PAPAU3@PAK@Z 10008bdb f i PointCardRW.obj
 0001:00007c3e       ?RegDeleteKeyW@CAtlTransactionManager@ATL@@QAEJPAUHKEY__@@PB_W@Z 10008c3e f i PointCardRW.obj
 0001:00007c90       ?RegOpenKeyExW@CAtlTransactionManager@ATL@@QAEJPAUHKEY__@@PB_WKKPAPAU3@@Z 10008c90 f i PointCardRW.obj
 0001:00007ce7       ?Register@_ATL_WNDCLASSINFOW@ATL@@QAEGPAP6GJPAUHWND__@@IIJ@Z@Z 10008ce7 f i PointCardRW.obj
 0001:00007d07       ?RegisterBuffer@CRegParser@ATL@@QAEJPA_WH@Z 10008d07 f i PointCardRW.obj
 0001:00007e40       ?RegisterFromResource@CRegObject@ATL@@IAEJPB_W00H@Z 10008e40 f i PointCardRW.obj
 0001:00007f76       ?RegisterServer@?$CAtlModuleT@VCComModule@ATL@@@ATL@@QAEJHPBU_GUID@@@Z 10008f76 f i PointCardRW.obj
 0001:00007fa4       ?RegisterServer@CComModule@ATL@@QAEJHPBU_GUID@@@Z 10008fa4 f i PointCardRW.obj
 0001:0000801a       ?RegisterSubkeys@CRegParser@ATL@@IAEJPA_WPAUHKEY__@@HH@Z 1000901a f i PointCardRW.obj
 0001:000085ec       ?Remove@CComDynamicUnkArray@ATL@@QAEHK@Z 100095ec f i PointCardRW.obj
 0001:00008615       ?RemoveAll@?$CSimpleMap@PA_WPA_WVCExpansionVectorEqualHelper@ATL@@@ATL@@QAEXXZ 10009615 f i PointCardRW.obj
 0001:00008641       ?ResourceRegisterSz@CRegObject@ATL@@QAGJPB_W00@Z 10009641 f i PointCardRW.obj
 0001:0000866e       ?ResourceUnregisterSz@CRegObject@ATL@@QAGJPB_W00@Z 1000966e f i PointCardRW.obj
 0001:0000869b       ?SendOnDataChange@CComControlBase@ATL@@QAEJK@Z 1000969b f i PointCardRW.obj
 0001:000086e8       ?SetControlFocus@CComControlBase@ATL@@QAEHH@Z 100096e8 f i PointCardRW.obj
 0001:00008785       ?SetMultiStringValue@CRegKey@ATL@@QAEJPB_W0@Z 10009785 f i PointCardRW.obj
 0001:000087e1       ?SetStringValue@CRegKey@ATL@@QAEJPB_W0K@Z 100097e1 f i PointCardRW.obj
 0001:0000882a       ?SkipAssignment@CRegParser@ATL@@IAEJPA_W@Z 1000982a f i PointCardRW.obj
 0001:0000888f       ?SkipWhiteSpace@CRegParser@ATL@@IAEXXZ 1000988f f i PointCardRW.obj
 0001:000088b1       ?StrChrW@CRegParser@ATL@@KAPA_WPA_W_W@Z 100098b1 f i PointCardRW.obj
 0001:000088ee       ?Term@CAtlModule@ATL@@QAEXXZ 100098ee f i PointCardRW.obj
 0001:00008927       ?Term@CComModule@ATL@@QAEXXZ 10009927 f i PointCardRW.obj
 0001:0000897f       ?UnregisterServer@?$CAtlModuleT@VCComModule@ATL@@@ATL@@QAEJHPBU_GUID@@@Z 1000997f f i PointCardRW.obj
 0001:000089a5       ?UnregisterServer@CComModule@ATL@@QAEJHPBU_GUID@@@Z 100099a5 f i PointCardRW.obj
 0001:00008a1b       ?UpdateRegistryFromResource@CAtlModule@ATL@@QAGJIHPAU_ATL_REGMAP_ENTRY@2@@Z 10009a1b f i PointCardRW.obj
 0001:00008be6       ?UpdateRegistryFromResource@CAtlModule@ATL@@QAGJPB_WHPAU_ATL_REGMAP_ENTRY@2@@Z 10009be6 f i PointCardRW.obj
 0001:00008db7       ?VTFromRegType@CRegParser@ATL@@KAHPB_WAAG@Z 10009db7 f i PointCardRW.obj
 0001:00008e24       ?WindowProc@?$CWindowImplBaseT@VCWindow@ATL@@V?$CWinTraits@$0FGAAAAAA@$0A@@2@@ATL@@SGJPAUHWND__@@IIJ@Z 10009e24 f i PointCardRW.obj
 0001:00008f16       ?WriteToStream@CComBSTR@ATL@@QAEJPAUIStream@@@Z 10009f16 f i PointCardRW.obj
 0001:00008f6d       ?WriteToStream@CComVariant@ATL@@QAEJPAUIStream@@@Z 10009f6d f i PointCardRW.obj
 0001:000090e7       ?WriteToStream@CComVariant@ATL@@QAEJPAUIStream@@G@Z 1000a0e7 f i PointCardRW.obj
 0001:00009150       ?_AtlInitialConstruct@?$CComObjectRootEx@VCComMultiThreadModel@ATL@@@ATL@@QAEJXZ 1000a150 f i PointCardRW.obj
 0001:00009165       ?_AtlVerifyStackAvailable@_ATL_SAFE_ALLOCA_IMPL@ATL@@YA_NK@Z 1000a165 f i PointCardRW.obj
 0001:000091e3       ?atlCreate@?$CWindowImpl@VCOPOSPointCardRW@@VCWindow@ATL@@V?$CWinTraits@$0FGAAAAAA@$0A@@3@@ATL@@QAEPAUHWND__@@PAU3@V_U_RECT@2@PB_WKKV_U_MENUorID@2@PAX@Z 1000a1e3 f i PointCardRW.obj
 0001:00009227       ?atlCreate@?$CWindowImplBaseT@VCWindow@ATL@@V?$CWinTraits@$0FGAAAAAA@$0A@@2@@ATL@@QAEPAUHWND__@@PAU3@V_U_RECT@2@PB_WKKV_U_MENUorID@2@GPAX@Z 1000a227 f i PointCardRW.obj
 0001:000092c3       ?atlCreate@CRegKey@ATL@@QAEJPAUHKEY__@@PB_WPA_WKKPAU_SECURITY_ATTRIBUTES@@PAK@Z 1000a2c3 f i PointCardRW.obj
 0001:00009332       ?copy@?$_Copy@UtagCONNECTDATA@@@ATL@@SAJPAUtagCONNECTDATA@@PBU3@@Z 1000a332 f i PointCardRW.obj
 0001:00009368       ?copy@?$_CopyInterface@UIConnectionPoint@@@ATL@@SAJPAPAUIConnectionPoint@@PBQAU3@@Z 1000a368 f i PointCardRW.obj
 0001:00009396       ?memcpy_s@Checked@ATL@@YAXPAXIPBXI@Z 1000a396 f i PointCardRW.obj
 0001:000093b5       ?ocscpy_s@@YA_NPA_WIPB_W@Z 1000a3b5 f i PointCardRW.obj
 0001:000093e4       ?ocslen@@YAHPB_W@Z         1000a3e4 f i PointCardRW.obj
 0001:00009404       ?wcscpy_s@Checked@ATL@@YAXPA_WIPB_W@Z 1000a404 f i PointCardRW.obj
 0001:00009420       _DllCanUnloadNow@0         1000a420 f   PointCardRW.obj
 0001:0000942c       _DllGetClassObject@12      1000a42c f   PointCardRW.obj
 0001:0000943a       _DllMain@12                1000a43a f   PointCardRW.obj
 0001:0000947c       _DllRegisterServer@0       1000a47c f   PointCardRW.obj
 0001:0000948b       _DllUnregisterServer@0     1000a48b f   PointCardRW.obj
 0001:0000949a       _InlineIsEqualGUID         1000a49a f i PointCardRW.obj
 0001:000094ca       ___local_stdio_printf_options 1000a4ca f i PointCardRW.obj
 0001:000094d0       __vswprintf_s_l            1000a4d0 f i PointCardRW.obj
 0001:0000957d       _swprintf_s                1000a57d f i PointCardRW.obj
 0001:00009599       ??0?$CComControl@VCOPOSPointCardRW@@V?$CWindowImpl@VCOPOSPointCardRW@@VCWindow@ATL@@V?$CWinTraits@$0FGAAAAAA@$0A@@3@@ATL@@@ATL@@QAE@XZ 1000a599 f i PointCardRWImpl.obj
 0001:000095c0       ??0?$CProxy_IOPOSEvents@VCOPOSPointCardRW@@@@QAE@XZ 1000a5c0 f i PointCardRWImpl.obj
 0001:000095e3       ??0CComControlBase@ATL@@QAE@AAPAUHWND__@@@Z 1000a5e3 f i PointCardRWImpl.obj
 0001:0000962d       ??0COPOSPointCardRW@@QAE@XZ 1000a62d f   PointCardRWImpl.obj
 0001:00009663       ??1?$CComControl@VCOPOSPointCardRW@@V?$CWindowImpl@VCOPOSPointCardRW@@VCWindow@ATL@@V?$CWinTraits@$0FGAAAAAA@$0A@@3@@ATL@@@ATL@@UAE@XZ 1000a663 f i PointCardRWImpl.obj
 0001:0000967c       ??1?$IConnectionPointImpl@VCOPOSPointCardRW@@$1?DIID__IOPOSPointCardRWEvents@@3U_GUID@@BVCComDynamicUnkArray@ATL@@@ATL@@QAE@XZ 1000a67c f i PointCardRWImpl.obj
 0001:0000967c       ??1?$IConnectionPointImpl@VCOPOSPointCardRW@@$1?IID_IPropertyNotifySink@@3U_GUID@@BVCComDynamicUnkArray@ATL@@@ATL@@QAE@XZ 1000a67c f i PointCardRWImpl.obj
 0001:000096b9       ??1CComControlBase@ATL@@UAE@XZ 1000a6b9 f i PointCardRWImpl.obj
 0001:0000971c       ??1COPOSPointCardRW@@UAE@XZ 1000a71c f   PointCardRWImpl.obj
 0001:00009764       ??1OposVariantResult@@QAE@XZ 1000a764 f i PointCardRWImpl.obj
 0001:00009785       ??1_CW@@QAE@XZ             1000a785 f i PointCardRWImpl.obj
 0001:0000979e       ?BeginInsertion@COPOSPointCardRW@@UAGJJPAJ@Z 1000a79e f   PointCardRWImpl.obj
 0001:000097ed       ?BeginRemoval@COPOSPointCardRW@@UAGJJPAJ@Z 1000a7ed f   PointCardRWImpl.obj
 0001:0000983c       ?CheckHealth@COPOSPointCardRW@@UAGJJPAJ@Z 1000a83c f   PointCardRWImpl.obj
 0001:0000988b       ?ClaimDevice@COPOSPointCardRW@@UAGJJPAJ@Z 1000a88b f   PointCardRWImpl.obj
 0001:00009900       ?CleanCard@COPOSPointCardRW@@UAGJPAJ@Z 1000a900 f   PointCardRWImpl.obj
 0001:0000991b       ?ClearInput@COPOSPointCardRW@@UAGJPAJ@Z 1000a91b f   PointCardRWImpl.obj
 0001:00009936       ?ClearInputProperties@COPOSPointCardRW@@UAGJPAJ@Z 1000a936 f   PointCardRWImpl.obj
 0001:00009951       ?ClearOutput@COPOSPointCardRW@@UAGJPAJ@Z 1000a951 f   PointCardRWImpl.obj
 0001:0000996c       ?ClearPrintWrite@COPOSPointCardRW@@UAGJJJJJJPAJ@Z 1000a96c f   PointCardRWImpl.obj
 0001:00009a18       ?Close@COPOSPointCardRW@@UAGJPAJ@Z 1000aa18 f   PointCardRWImpl.obj
 0001:00009a86       ?CompareFirmwareVersion@COPOSPointCardRW@@UAGJPA_WPAJ1@Z 1000aa86 f   PointCardRWImpl.obj
 0001:00009b06       ?DirectIO@COPOSPointCardRW@@UAGJJPAJPAPA_W0@Z 1000ab06 f   PointCardRWImpl.obj
 0001:00009bb4       ?DoInvoke@COPOSPointCardRW@@IAEJJPAVOposVariant@@IHPAJ_N@Z 1000abb4 f   PointCardRWImpl.obj
 0001:00009c76       ?EndInsertion@COPOSPointCardRW@@UAGJPAJ@Z 1000ac76 f   PointCardRWImpl.obj
 0001:00009c91       ?EndRemoval@COPOSPointCardRW@@UAGJPAJ@Z 1000ac91 f   PointCardRWImpl.obj
 0001:00009cac       ?EventClose@COPOSPointCardRW@@IAEXXZ 1000acac f i PointCardRWImpl.obj
 0001:00009cdf       ?EventInit@COPOSPointCardRW@@IAEJXZ 1000acdf f i PointCardRWImpl.obj
 0001:00009dab       ?EventUninit@COPOSPointCardRW@@IAEXXZ 1000adab f i PointCardRWImpl.obj
 0001:00009dfd       ?EventWindowProc@COPOSPointCardRW@@IAGJIIJ@Z 1000adfd f i PointCardRWImpl.obj
 0001:00009efb       ?FinalConstruct@COPOSPointCardRW@@QAEJXZ 1000aefb f   PointCardRWImpl.obj
 0001:00009f34       ?FireEventCleanup@COPOSPointCardRW@@IAEXXZ 1000af34 f i PointCardRWImpl.obj
 0001:00009f4a       ?FireEventSetup@COPOSPointCardRW@@IAE_NXZ 1000af4a f i PointCardRWImpl.obj
 0001:00009f7e       ?FreezeEvents@COPOSPointCardRW@@MAGJH@Z 1000af7e f   PointCardRWImpl.obj
 0001:00009fde       ?GetOposProp@COPOSPointCardRW@@IAEJJPAFJ@Z 1000afde f   PointCardRWImpl.obj
 0001:0000a001       ?GetOposProp@COPOSPointCardRW@@IAEJJPAJJ@Z 1000b001 f   PointCardRWImpl.obj
 0001:0000a0bf       ?GetOposProp@COPOSPointCardRW@@IAEJJPAPA_WJ@Z 1000b0bf f   PointCardRWImpl.obj
 0001:0000a18a       ?OnDraw@COPOSPointCardRW@@MAEJAAUATL_DRAWINFO@@@Z 1000b18a f   PointCardRWImpl.obj
 0001:0000a22a       ?Open@COPOSPointCardRW@@UAGJPA_WPAJ@Z 1000b22a f   PointCardRWImpl.obj
 0001:0000a9df       ?PrintWrite@COPOSPointCardRW@@UAGJJJJPA_WPAJ@Z 1000b9df f   PointCardRWImpl.obj
 0001:0000aa8e       ?ReleaseDevice@COPOSPointCardRW@@UAGJPAJ@Z 1000ba8e f   PointCardRWImpl.obj
 0001:0000aadd       ?ResetStatistics@COPOSPointCardRW@@UAGJPA_WPAJ@Z 1000badd f   PointCardRWImpl.obj
 0001:0000ab34       ?RetrieveStatistics@COPOSPointCardRW@@UAGJPAPA_WPAJ@Z 1000bb34 f   PointCardRWImpl.obj
 0001:0000ab8b       ?RotatePrint@COPOSPointCardRW@@UAGJJPAJ@Z 1000bb8b f   PointCardRWImpl.obj
 0001:0000abda       ?SOProcessID@COPOSPointCardRW@@UAGJPAJ@Z 1000bbda f   PointCardRWImpl.obj
 0001:0000abee       ?SetCOFreezeEvents@COPOSPointCardRW@@IAEXF@Z 1000bbee f   PointCardRWImpl.obj
 0001:0000ac79       ?SetOposProp@COPOSPointCardRW@@IAEJJJJ@Z 1000bc79 f   PointCardRWImpl.obj
 0001:0000ad57       ?SetOposProp@COPOSPointCardRW@@IAEJJPA_WJ@Z 1000bd57 f   PointCardRWImpl.obj
 0001:0000ae43       ?UpdateFirmware@COPOSPointCardRW@@UAGJPA_WPAJ@Z 1000be43 f   PointCardRWImpl.obj
 0001:0000ae9a       ?UpdateStatistics@COPOSPointCardRW@@UAGJPA_WPAJ@Z 1000be9a f   PointCardRWImpl.obj
 0001:0000aef1       ?ValidateData@COPOSPointCardRW@@UAGJPA_WPAJ@Z 1000bef1 f   PointCardRWImpl.obj
 0001:0000af48       ?get_BinaryConversion@COPOSPointCardRW@@UAGJPAJ@Z 1000bf48 f   PointCardRWImpl.obj
 0001:0000af5e       ?get_CapBold@COPOSPointCardRW@@UAGJPAF@Z 1000bf5e f   PointCardRWImpl.obj
 0001:0000af77       ?get_CapCardEntranceSensor@COPOSPointCardRW@@UAGJPAF@Z 1000bf77 f   PointCardRWImpl.obj
 0001:0000af90       ?get_CapCharacterSet@COPOSPointCardRW@@UAGJPAJ@Z 1000bf90 f   PointCardRWImpl.obj
 0001:0000afa9       ?get_CapCleanCard@COPOSPointCardRW@@UAGJPAF@Z 1000bfa9 f   PointCardRWImpl.obj
 0001:0000afc2       ?get_CapClearPrint@COPOSPointCardRW@@UAGJPAF@Z 1000bfc2 f   PointCardRWImpl.obj
 0001:0000afdb       ?get_CapCompareFirmwareVersion@COPOSPointCardRW@@UAGJPAF@Z 1000bfdb f   PointCardRWImpl.obj
 0001:0000aff4       ?get_CapDhigh@COPOSPointCardRW@@UAGJPAF@Z 1000bff4 f   PointCardRWImpl.obj
 0001:0000b00d       ?get_CapDwide@COPOSPointCardRW@@UAGJPAF@Z 1000c00d f   PointCardRWImpl.obj
 0001:0000b026       ?get_CapDwideDhigh@COPOSPointCardRW@@UAGJPAF@Z 1000c026 f   PointCardRWImpl.obj
 0001:0000b03f       ?get_CapItalic@COPOSPointCardRW@@UAGJPAF@Z 1000c03f f   PointCardRWImpl.obj
 0001:0000b058       ?get_CapLeft90@COPOSPointCardRW@@UAGJPAF@Z 1000c058 f   PointCardRWImpl.obj
 0001:0000b071       ?get_CapMapCharacterSet@COPOSPointCardRW@@UAGJPAF@Z 1000c071 f   PointCardRWImpl.obj
 0001:0000b08a       ?get_CapPowerReporting@COPOSPointCardRW@@UAGJPAJ@Z 1000c08a f   PointCardRWImpl.obj
 0001:0000b0a3       ?get_CapPrint@COPOSPointCardRW@@UAGJPAF@Z 1000c0a3 f   PointCardRWImpl.obj
 0001:0000b0bc       ?get_CapPrintMode@COPOSPointCardRW@@UAGJPAF@Z 1000c0bc f   PointCardRWImpl.obj
 0001:0000b0d5       ?get_CapRight90@COPOSPointCardRW@@UAGJPAF@Z 1000c0d5 f   PointCardRWImpl.obj
 0001:0000b0ee       ?get_CapRotate180@COPOSPointCardRW@@UAGJPAF@Z 1000c0ee f   PointCardRWImpl.obj
 0001:0000b107       ?get_CapStatisticsReporting@COPOSPointCardRW@@UAGJPAF@Z 1000c107 f   PointCardRWImpl.obj
 0001:0000b120       ?get_CapTracksToRead@COPOSPointCardRW@@UAGJPAJ@Z 1000c120 f   PointCardRWImpl.obj
 0001:0000b139       ?get_CapTracksToWrite@COPOSPointCardRW@@UAGJPAJ@Z 1000c139 f   PointCardRWImpl.obj
 0001:0000b152       ?get_CapUpdateFirmware@COPOSPointCardRW@@UAGJPAF@Z 1000c152 f   PointCardRWImpl.obj
 0001:0000b16b       ?get_CapUpdateStatistics@COPOSPointCardRW@@UAGJPAF@Z 1000c16b f   PointCardRWImpl.obj
 0001:0000b184       ?get_CardState@COPOSPointCardRW@@UAGJPAJ@Z 1000c184 f   PointCardRWImpl.obj
 0001:0000b19d       ?get_CharacterSet@COPOSPointCardRW@@UAGJPAJ@Z 1000c19d f   PointCardRWImpl.obj
 0001:0000b1b6       ?get_CharacterSetList@COPOSPointCardRW@@UAGJPAPA_W@Z 1000c1b6 f   PointCardRWImpl.obj
 0001:0000b1cf       ?get_CheckHealthText@COPOSPointCardRW@@UAGJPAPA_W@Z 1000c1cf f   PointCardRWImpl.obj
 0001:0000b1e8       ?get_Claimed@COPOSPointCardRW@@UAGJPAF@Z 1000c1e8 f   PointCardRWImpl.obj
 0001:0000b1fe       ?get_ControlObjectDescription@COPOSPointCardRW@@UAGJPAPA_W@Z 1000c1fe f   PointCardRWImpl.obj
 0001:0000b23b       ?get_ControlObjectVersion@COPOSPointCardRW@@UAGJPAJ@Z 1000c23b f   PointCardRWImpl.obj
 0001:0000b24e       ?get_DataCount@COPOSPointCardRW@@UAGJPAJ@Z 1000c24e f   PointCardRWImpl.obj
 0001:0000b264       ?get_DataEventEnabled@COPOSPointCardRW@@UAGJPAF@Z 1000c264 f   PointCardRWImpl.obj
 0001:0000b27a       ?get_DeviceDescription@COPOSPointCardRW@@UAGJPAPA_W@Z 1000c27a f   PointCardRWImpl.obj
 0001:0000b293       ?get_DeviceEnabled@COPOSPointCardRW@@UAGJPAF@Z 1000c293 f   PointCardRWImpl.obj
 0001:0000b2a9       ?get_DeviceName@COPOSPointCardRW@@UAGJPAPA_W@Z 1000c2a9 f   PointCardRWImpl.obj
 0001:0000b2c2       ?get_FontTypeFaceList@COPOSPointCardRW@@UAGJPAPA_W@Z 1000c2c2 f   PointCardRWImpl.obj
 0001:0000b2db       ?get_FreezeEvents@COPOSPointCardRW@@UAGJPAF@Z 1000c2db f   PointCardRWImpl.obj
 0001:0000b2f1       ?get_LineChars@COPOSPointCardRW@@UAGJPAJ@Z 1000c2f1 f   PointCardRWImpl.obj
 0001:0000b30a       ?get_LineCharsList@COPOSPointCardRW@@UAGJPAPA_W@Z 1000c30a f   PointCardRWImpl.obj
 0001:0000b323       ?get_LineHeight@COPOSPointCardRW@@UAGJPAJ@Z 1000c323 f   PointCardRWImpl.obj
 0001:0000b33c       ?get_LineSpacing@COPOSPointCardRW@@UAGJPAJ@Z 1000c33c f   PointCardRWImpl.obj
 0001:0000b355       ?get_LineWidth@COPOSPointCardRW@@UAGJPAJ@Z 1000c355 f   PointCardRWImpl.obj
 0001:0000b36e       ?get_MapCharacterSet@COPOSPointCardRW@@UAGJPAF@Z 1000c36e f   PointCardRWImpl.obj
 0001:0000b387       ?get_MapMode@COPOSPointCardRW@@UAGJPAJ@Z 1000c387 f   PointCardRWImpl.obj
 0001:0000b3a0       ?get_MaxLine@COPOSPointCardRW@@UAGJPAJ@Z 1000c3a0 f   PointCardRWImpl.obj
 0001:0000b3b9       ?get_OpenResult@COPOSPointCardRW@@UAGJPAJ@Z 1000c3b9 f   PointCardRWImpl.obj
 0001:0000b3d0       ?get_OutputID@COPOSPointCardRW@@UAGJPAJ@Z 1000c3d0 f   PointCardRWImpl.obj
 0001:0000b3e6       ?get_PowerNotify@COPOSPointCardRW@@UAGJPAJ@Z 1000c3e6 f   PointCardRWImpl.obj
 0001:0000b3fc       ?get_PowerState@COPOSPointCardRW@@UAGJPAJ@Z 1000c3fc f   PointCardRWImpl.obj
 0001:0000b412       ?get_PrintHeight@COPOSPointCardRW@@UAGJPAJ@Z 1000c412 f   PointCardRWImpl.obj
 0001:0000b42b       ?get_ReadState1@COPOSPointCardRW@@UAGJPAJ@Z 1000c42b f   PointCardRWImpl.obj
 0001:0000b444       ?get_ReadState2@COPOSPointCardRW@@UAGJPAJ@Z 1000c444 f   PointCardRWImpl.obj
 0001:0000b45d       ?get_RecvLength1@COPOSPointCardRW@@UAGJPAJ@Z 1000c45d f   PointCardRWImpl.obj
[...]
 0002:00002dac       ?candidate_modules@?1??try_get_SetThreadStackGuarantee@@YAP6GHPAK@ZXZ@4QBW4module_id@?A0x391cf84c@@B 10021dac     libucrt:winapi_thunks.obj
 0002:00002dd0       ?strings@?1??fp_format_nan_or_infinity@@YAHW4__acrt_fp_class@@_NPADI1@Z@4QAY03QBDA 10021dd0     libucrt:cvt.obj
 0002:00003318       ?_mb_locale_names@@3QBQB_WB 10022318     libucrt:mbctype.obj
 0002:00003b60       ?LcidToLocaleNameTable@?A0x881e4c05@@3QBULcidToLocaleName@1@B 10022b60     libucrt:lcidtoname_downlevel.obj
 0002:00004c88       ?LocaleNameToIndexTable@?A0x881e4c05@@3QBULocaleNameIndex@1@B 10023c88     libucrt:lcidtoname_downlevel.obj
 0002:000064e0       ?large_power_indices@?1??multiply_by_power_of_ten@__crt_strtox@@YA_NAAUbig_integer@2@I@Z@4QBUunpack_index@?1??12@YA_N0I@Z@B 100254e0     libucrt:cfout.obj
 0002:000065c0       LOG_name                   100255c0     libucrt:log10_impl.obj
 0002:000065d0       _One                       100255d0     libucrt:ceil_pentium4.obj
 0002:000065e0       _Bns                       100255e0     libucrt:ceil_pentium4.obj
 0002:000065f0       _Zero                      100255f0     libucrt:ceil_pentium4.obj
 0002:00006600       _S                         10025600     libucrt:ceil_pentium4.obj
 0002:00006610       _NegZero                   10025610     libucrt:ceil_pentium4.obj
 0002:00006620       emask                      10025620     libucrt:log10_pentium4.obj
 0002:00006630       CC                         10025630     libucrt:log10_pentium4.obj
 0002:00006640       Magic                      10025640     libucrt:log10_pentium4.obj
 0002:00006650       hi_mask                    10025650     libucrt:log10_pentium4.obj
 0002:00006660       LOG10_2                    10025660     libucrt:log10_pentium4.obj
 0002:00006670       place_L                    10025670     libucrt:log10_pentium4.obj
 0002:00006690       One                        10025690     libucrt:log10_pentium4.obj
 0002:000066a0       Zero                       100256a0     libucrt:log10_pentium4.obj
 0002:000066b0       Two52                      100256b0     libucrt:log10_pentium4.obj
 0002:000066c0       Infs                       100256c0     libucrt:log10_pentium4.obj
 0002:000066d0       NaN                        100256d0     libucrt:log10_pentium4.obj
 0002:000066e0       coeff                      100256e0     libucrt:log10_pentium4.obj
 0002:0000673e       _log2max                   1002573e     libucrt:87tran.obj
 0002:00006748       _smallarg                  10025748     libucrt:87tran.obj
 0002:00006752       _half                      10025752     libucrt:87tran.obj
 0002:0000679e       One                        1002579e     libucrt:87disp.obj
 0002:000067a6       Three                      100257a6     libucrt:87disp.obj
 0002:000067ae       XAMtoTagTab                100257ae     libucrt:87disp.obj
 0002:000067c0       One                        100257c0     libucrt:common.obj
 0002:000067d4       DblMax                     100257d4     libucrt:common.obj
 0002:000067dc       DblMin                     100257dc     libucrt:common.obj
 0002:000067e4       IeeeAdjO                   100257e4     libucrt:common.obj
 0002:000067ec       IeeeAdjU                   100257ec     libucrt:common.obj
 0002:000067f4       _infinity                  100257f4     libucrt:common.obj
 0002:000067fc       _zero                      100257fc     libucrt:common.obj
 0002:00006848       _over                      10025848     libucrt:fpctrl.obj
 0002:00006854       _under                     10025854     libucrt:fpctrl.obj
 0002:00007088       ?_names@?1??_get_fname@@9@9 10026088     libucrt:fpexcept.obj
 0002:000078d8       __sehtable$?_AtlVerifyStackAvailable@_ATL_SAFE_ALLOCA_IMPL@ATL@@YA_NK@Z 100268d8     PointCardRW.obj
 0002:000078f8       __sehtable$___scrt_is_nonwritable_in_current_image 100268f8     LIBCMT:utility.obj
 0002:00007914       __catchsym$??2@YAPAXIABUnothrow_t@std@@@Z$2 10026914     LIBCMT:new_scalar_nothrow.obj
 0002:00007924       __unwindtable$??2@YAPAXIABUnothrow_t@std@@@Z 10026924     LIBCMT:new_scalar_nothrow.obj
 0002:00007934       __tryblocktable$??2@YAPAXIABUnothrow_t@std@@@Z 10026934     LIBCMT:new_scalar_nothrow.obj
 0002:00007948       __ehfuncinfo$??2@YAPAXIABUnothrow_t@std@@@Z 10026948     LIBCMT:new_scalar_nothrow.obj
 0002:00007970       __sehtable$?dllmain_crt_process_attach@@YAHQAUHINSTANCE__@@QAX@Z 10026970     LIBCMT:dll_dllmain.obj
 0002:00007990       __sehtable$?dllmain_crt_process_detach@@YAH_N@Z 10026990     LIBCMT:dll_dllmain.obj
 0002:000079b0       __sehtable$?dllmain_dispatch@@YAHQAUHINSTANCE__@@KQAX@Z 100269b0     LIBCMT:dll_dllmain.obj
 0002:00007a60       __sehtable$?FrameUnwindToState@__FrameHandler3@@SAXPAUEHRegistrationNode@@PAXPBU_s_FuncInfo@@H@Z 10026a60     libvcruntime:frame.obj
 0002:00007a88       __sehtable$?CallCatchBlock@@YAPAXPAUEHExceptionRecord@@PAUEHRegistrationNode@@PAU_CONTEXT@@PBU_s_FuncInfo@@PAXHK@Z 10026a88     libvcruntime:frame.obj
 0002:00007ab0       __catchsym$?CallUnexpected@@YAXPBU_s_ESTypeList@@@Z$2 10026ab0     libvcruntime:frame.obj
 0002:00007ac0       __unwindtable$?CallUnexpected@@YAXPBU_s_ESTypeList@@@Z 10026ac0     libvcruntime:frame.obj
 0002:00007ad0       __tryblocktable$?CallUnexpected@@YAXPBU_s_ESTypeList@@@Z 10026ad0     libvcruntime:frame.obj
 0002:00007ae4       __ehfuncinfo$?CallUnexpected@@YAXPBU_s_ESTypeList@@@Z 10026ae4     libvcruntime:frame.obj
 0002:00007b08       __sehtable$??$BuildCatchObjectHelperInternal@V__FrameHandler3@@@@YAHPAUEHExceptionRecord@@PAXPBU_s_HandlerType@@PBU_s_CatchableType@@@Z 10026b08     libvcruntime:frame.obj
 0002:00007b28       __sehtable$??$BuildCatchObjectInternal@V__FrameHandler3@@@@YAXPAUEHExceptionRecord@@PAXPBU_s_HandlerType@@PBU_s_CatchableType@@@Z 10026b28     libvcruntime:frame.obj
 0002:00007b80       __sehtable$___DestructExceptionObject 10026b80     libvcruntime:ehhelpers.obj
 0002:00007ba0       __sehtable$??R<lambda_6e4b09c48022b2350581041d5f6b0c4c>@@QBE@XZ 10026ba0     libucrt:exit.obj
 0002:00007bc0       __sehtable$??$?RV<lambda_03b1d95aef87969028cfba75ccab2455>@@AAV<lambda_6e4b09c48022b2350581041d5f6b0c4c>@@V<lambda_22bdf7517842c4b3e53723af5aa32b9e>@@@?$__crt_seh_guarded_call@X@@QAEX$$QAV<lambda_03b1d95aef87969028cfba75ccab2455>@@AAV<lambda_6e4b09c48022b2350581041d5f6b0c4c>@@$$QAV<lambda_22bdf7517842c4b3e53723af5aa32b9e>@@@Z 10026bc0     libucrt:exit.obj
 0002:00007be0       __sehtable$??$?RV<lambda_8e746cf0007f6ed984d6f78af1fec997>@@AAV<lambda_22ebabd17bc4fa466a2aca6d8deb888d>@@V<lambda_18ed0c0b38a6dc0daf1e7ac6d6adf05e>@@@?$__crt_seh_guarded_call@H@@QAEH$$QAV<lambda_8e746cf0007f6ed984d6f78af1fec997>@@AAV<lambda_22ebabd17bc4fa466a2aca6d8deb888d>@@$$QAV<lambda_18ed0c0b38a6dc0daf1e7ac6d6adf05e>@@@Z 10026be0     libucrt:onexit.obj
 0002:00007c00       __sehtable$??$?RV<lambda_69a2805e680e0e292e8ba93315fe43a8>@@AAV<lambda_f03950bc5685219e0bcd2087efbe011e>@@V<lambda_03fcd07e894ec930e3f35da366ca99d6>@@@?$__crt_seh_guarded_call@H@@QAEH$$QAV<lambda_69a2805e680e0e292e8ba93315fe43a8>@@AAV<lambda_f03950bc5685219e0bcd2087efbe011e>@@$$QAV<lambda_03fcd07e894ec930e3f35da366ca99d6>@@@Z 10026c00     libucrt:onexit.obj
 0002:00007c20       __sehtable$__query_new_handler 10026c20     libucrt:new_handler.obj
 0002:00007c40       __sehtable$_terminate      10026c40     libucrt:terminate.obj
 0002:00007c60       __sehtable$??$?RV<lambda_15ade71b0218206bbe3333a0c9b79046>@@AAV<lambda_da44e0f8b0f19ba52fefafb335991732>@@V<lambda_207f2d024fc103971653565357d6cd41>@@@?$__crt_seh_guarded_call@X@@QAEX$$QAV<lambda_15ade71b0218206bbe3333a0c9b79046>@@AAV<lambda_da44e0f8b0f19ba52fefafb335991732>@@$$QAV<lambda_207f2d024fc103971653565357d6cd41>@@@Z 10026c60     libucrt:per_thread_data.obj
 0002:00007c80       __sehtable$??$?RV<lambda_a7e850c220f1c8d1e6efeecdedd162c6>@@AAV<lambda_46720907175c18b6c9d2717bc0d2d362>@@V<lambda_9048902d66e8d99359bc9897bbb930a8>@@@?$__crt_seh_guarded_call@X@@QAEX$$QAV<lambda_a7e850c220f1c8d1e6efeecdedd162c6>@@AAV<lambda_46720907175c18b6c9d2717bc0d2d362>@@$$QAV<lambda_9048902d66e8d99359bc9897bbb930a8>@@@Z 10026c80     libucrt:per_thread_data.obj
 0002:00007ca0       __sehtable$??$?RV<lambda_38edbb1296d33220d7e4dd0ed76b244a>@@AAV<lambda_5ce1d447e08cb34b2473517608e21441>@@V<lambda_fb385d3da700c9147fc39e65dd577a8c>@@@?$__crt_seh_guarded_call@X@@QAEX$$QAV<lambda_38edbb1296d33220d7e4dd0ed76b244a>@@AAV<lambda_5ce1d447e08cb34b2473517608e21441>@@$$QAV<lambda_fb385d3da700c9147fc39e65dd577a8c>@@@Z 10026ca0     libucrt:per_thread_data.obj
 0002:00007cc0       __sehtable$??$?RV<lambda_6affb1475c98b40b75cdec977db92e3c>@@AAV<lambda_b8d4b9c228a6ecc3f80208dbb4b4a104>@@V<lambda_608742c3c92a14382c1684fc64f96c88>@@@?$__crt_seh_guarded_call@X@@QAEX$$QAV<lambda_6affb1475c98b40b75cdec977db92e3c>@@AAV<lambda_b8d4b9c228a6ecc3f80208dbb4b4a104>@@$$QAV<lambda_608742c3c92a14382c1684fc64f96c88>@@@Z 10026cc0     libucrt:per_thread_data.obj
 0002:00007ce0       __sehtable$??$?RV<lambda_e5124f882df8998aaf41531e079ba474>@@AAV<lambda_3e16ef9562a7dcce91392c22ab16ea36>@@V<lambda_e25ca0880e6ef98be67edffd8c599615>@@@?$__crt_seh_guarded_call@X@@QAEX$$QAV<lambda_e5124f882df8998aaf41531e079ba474>@@AAV<lambda_3e16ef9562a7dcce91392c22ab16ea36>@@$$QAV<lambda_e25ca0880e6ef98be67edffd8c599615>@@@Z 10026ce0     libucrt:wsetlocale.obj
 0002:00007d00       __sehtable$___acrt_initialize_lowio 10026d00     libucrt:ioinit.obj
 0002:00007d20       __sehtable$?update_thread_multibyte_data_internal@@YAPAU__crt_multibyte_data@@QAU__acrt_ptd@@QAPAU1@@Z 10026d20     libucrt:mbctype.obj
 0002:00007d40       __sehtable$??$?RV<lambda_ceb1ee4838e85a9d631eb091e2fbe199>@@AAV<lambda_ae742caa10f662c28703da3d2ea5e57e>@@V<lambda_cd08b5d6af4937fe54fc07d0c9bf6b37>@@@?$__crt_seh_guarded_call@X@@QAEX$$QAV<lambda_ceb1ee4838e85a9d631eb091e2fbe199>@@AAV<lambda_ae742caa10f662c28703da3d2ea5e57e>@@$$QAV<lambda_cd08b5d6af4937fe54fc07d0c9bf6b37>@@@Z 10026d40     libucrt:mbctype.obj
 0002:00007d60       __sehtable$_raise          10026d60     libucrt:signal.obj
 0002:00007d80       __sehtable$??$?RV<lambda_cbab9ec6f41b0180b23cc171c22676b0>@@AAV<lambda_44731a7d0e6d81c3e6aa82d741081786>@@V<lambda_4b292cb8dd18144e164572427af410ab>@@@?$__crt_seh_guarded_call@P6AXH@Z@@QAEP6AXH@Z$$QAV<lambda_cbab9ec6f41b0180b23cc171c22676b0>@@AAV<lambda_44731a7d0e6d81c3e6aa82d741081786>@@$$QAV<lambda_4b292cb8dd18144e164572427af410ab>@@@Z 10026d80     libucrt:signal.obj
 0002:00007da0       __sehtable$??$?RV<lambda_2866be3712abc81a800a822484c830d8>@@AAV<lambda_39ca0ed439415581b5b15c265174cece>@@V<lambda_2b24c74d71094a6cd0cb82e44167d71b>@@@?$__crt_seh_guarded_call@X@@QAEX$$QAV<lambda_2866be3712abc81a800a822484c830d8>@@AAV<lambda_39ca0ed439415581b5b15c265174cece>@@$$QAV<lambda_2b24c74d71094a6cd0cb82e44167d71b>@@@Z 10026da0     libucrt:fflush.obj
 0002:00007dc0       __sehtable$??$?RV<lambda_2cc53f568c5a2bb6f192f930a45d44ea>@@AAV<lambda_ab61a845afdef5b7c387490eaf3616ee>@@V<lambda_c2ffc0b7726aa6be21d5f0026187e748>@@@?$__crt_seh_guarded_call@X@@QAEX$$QAV<lambda_2cc53f568c5a2bb6f192f930a45d44ea>@@AAV<lambda_ab61a845afdef5b7c387490eaf3616ee>@@$$QAV<lambda_c2ffc0b7726aa6be21d5f0026187e748>@@@Z 10026dc0     libucrt:fflush.obj
 0002:00007de0       __sehtable$___acrt_update_thread_locale_data 10026de0     libucrt:locale_refcounting.obj
 0002:00007e00       __sehtable$__fcloseall     10026e00     libucrt:closeall.obj
 0002:00007e20       __sehtable$___acrt_lowio_ensure_fh_exists 10026e20     libucrt:osfinfo.obj
 0002:00007e40       __sehtable$??$?RV<lambda_9e9de3de5fa147e2223d7db92bc10aa6>@@AAV<lambda_38ce7e780aa69e748d6df282ebc68efe>@@V<lambda_8ca6da459f0f6780f1cff60fdc3d00e5>@@@?$__crt_seh_guarded_call@H@@QAEH$$QAV<lambda_9e9de3de5fa147e2223d7db92bc10aa6>@@AAV<lambda_38ce7e780aa69e748d6df282ebc68efe>@@$$QAV<lambda_8ca6da459f0f6780f1cff60fdc3d00e5>@@@Z 10026e40     libucrt:commit.obj
 0002:00007e60       __sehtable$__write         10026e60     libucrt:write.obj
 0002:00007e80       __sehtable$_fclose         10026e80     libucrt:fclose.obj
 0002:00007ea0       __sehtable$??$?RV<lambda_218ce3db14220d0be481dae8ef3383b6>@@AAV<lambda_628dfdc04ba53c8bfc02c9951375f3f5>@@V<lambda_57dc472bd5c9d5f3b2cbca59b8a843ae>@@@?$__crt_seh_guarded_call@H@@QAEH$$QAV<lambda_218ce3db14220d0be481dae8ef3383b6>@@AAV<lambda_628dfdc04ba53c8bfc02c9951375f3f5>@@$$QAV<lambda_57dc472bd5c9d5f3b2cbca59b8a843ae>@@@Z 10026ea0     libucrt:close.obj
 0002:00007ec0       __sehtable$__IsNonwritableInCurrentImage 10026ec0     LIBCMT:pesect.obj
 0002:00007ef0       .edata                     10026ef0     OPOSPointCardRW.exp
 0002:00007f18       rgpv                       10026f18     OPOSPointCardRW.exp
 0002:00007f28       rgszName                   10026f28     OPOSPointCardRW.exp
 0002:00007f38       rgwOrd                     10026f38     OPOSPointCardRW.exp
 0002:00007f40       szName                     10026f40     OPOSPointCardRW.exp
 0002:00007f54       $N00001                    10026f54     OPOSPointCardRW.exp
 0002:00007f64       $N00002                    10026f64     OPOSPointCardRW.exp
 0002:00007f76       $N00003                    10026f76     OPOSPointCardRW.exp
 0002:00007f88       $N00004                    10026f88     OPOSPointCardRW.exp
 0002:00008596       .idata$6                   10027596     kernel32:KERNEL32.dll
 0002:000087aa       .idata$6                   100277aa     user32:USER32.dll
 0002:000088de       .idata$6                   100278de     gdi32:GDI32.dll
 0002:00008984       .idata$6                   10027984     advapi32:ADVAPI32.dll
 0002:00008aa0       .idata$6                   10027aa0     ole32:ole32.dll
 0002:00008aaa       .idata$6                   10027aaa     oleaut32:OLEAUT32.dll
 0003:00000110       ?ObjectMap@@3PAU_ATL_OBJMAP_ENTRY30@ATL@@A 10028110     PointCardRW.obj
 0003:000001c0       ?s_SOMethodNames@@3PAPADA  100281c0     PointCardRWImpl.obj
 0003:00000234       ?s_RequiredMethodsPerRelease@@3PAHA 10028234     PointCardRWImpl.obj
 0003:00000270       ?__vcrt_flsindex@@3KA      10028270     libvcruntime:per_thread_data.obj
 0003:00000290       ?errno_no_memory@@3HA      10028290     libucrt:errno.obj
 0003:00000294       ?doserrno_no_memory@@3KA   10028294     libucrt:errno.obj
 0003:000002a0       ?__acrt_flsindex@@3KA      100282a0     libucrt:per_thread_data.obj
 0003:00000638       __mbctypes                 10028638     libucrt:mbctype.obj
 0003:00000740       __mbcasemaps               10028740     libucrt:mbctype.obj
 0003:00000840       ?__rgctypeflag@@3PADA      10028840     libucrt:mbctype.obj
 0003:00000848       ?__rgcode_page_info@@3PAUcode_page_info@@A 10028848     libucrt:mbctype.obj
 0003:00000aa0       ?__dcrt_lowio_console_output_handle@@3PAXA 10028aa0     libucrt:initcon.obj
 0003:00000c38       ?is_initialized_as_dll@@3_NA 10028c38     LIBCMT:utility.obj
 0003:00000c39       ?module_local_atexit_table_initialized@@3_NA 10028c39     LIBCMT:utility.obj
 0003:00000c3c       ?module_local_atexit_table@@3U_onexit_table_t@@A 10028c3c     LIBCMT:utility.obj
 0003:00000c48       ?module_local_at_quick_exit_table@@3U_onexit_table_t@@A 10028c48     LIBCMT:utility.obj
 0003:00000c54       ?g_tss_cv@@3U_RTL_CONDITION_VARIABLE@@A 10028c54     LIBCMT:thread_safe_statics.obj
 0003:00000c58       ?g_tss_event@@3PAXA        10028c58     LIBCMT:thread_safe_statics.obj
 0003:00000c5c       ?g_tss_mutex@@3U_RTL_CRITICAL_SECTION@@A 10028c5c     LIBCMT:thread_safe_statics.obj
 0003:00000c74       ?g_sleep_condition_variable_cs@@3P6GHPAU_RTL_CONDITION_VARIABLE@@PAU_RTL_CRITICAL_SECTION@@K@ZA 10028c74     LIBCMT:thread_safe_statics.obj
 0003:00000c78       ?g_wake_all_condition_variable@@3P6GXPAU_RTL_CONDITION_VARIABLE@@@ZA 10028c78     LIBCMT:thread_safe_statics.obj
 0003:00000c80       _GS_ExceptionRecord        10028c80     LIBCMT:gs_report.obj
 0003:00000cd0       _GS_ContextRecord          10028cd0     LIBCMT:gs_report.obj
 0003:00000fa0       ?__proc_attached@@3HA      10028fa0     LIBCMT:dll_dllmain.obj
 0003:00000ffc       ?AllocateData@@3P6GPAUAtlThunkData_t@@XZA 10028ffc     atls:atlthunk.obj
 0003:00001000       ?InitData@@3P6GXPAUAtlThunkData_t@@PAXI@ZA 10029000     atls:atlthunk.obj
 0003:00001004       ?DataToCode@@3P6GP6GJPAUHWND__@@IIJ@ZPAUAtlThunkData_t@@@ZA 10029004     atls:atlthunk.obj
 0003:00001008       ?FreeData@@3P6GXPAUAtlThunkData_t@@@ZA 10029008     atls:atlthunk.obj
 0003:0000100c       ?Initialized@@3_NA         1002900c     atls:atlthunk.obj
 0003:00001018       ?__vcrt_startup_thread_ptd@@3U__vcrt_ptd@@A 10029018     libvcruntime:per_thread_data.obj
 0003:00001040       ___vcrt_lock_table         10029040     libvcruntime:locks.obj
 0003:00001058       ___vcrt_locks_initialized  10029058     libvcruntime:locks.obj
 0003:00001084       ?heap@@3V_HeapManager@@A   10029084     libvcruntime:undname.obj
 0003:00001098       ?module_handles@@3PAPAUHINSTANCE__@@A 10029098     libvcruntime:winapi_downlevel.obj
 0003:000010a4       ?function_pointers@@3PAPAXA 100290a4     libvcruntime:winapi_downlevel.obj
 0003:000010bc       ?__acrt_invalid_parameter_handler@@3V?$dual_state_global@P6AXPB_W00II@Z@__crt_state_management@@A 100290bc     libucrt:invalid_parameter.obj
 0003:000010c0       ?c_termination_complete@@3JA 100290c0     libucrt:exit.obj
 0003:000010c4       ?thread_local_exit_callback_func@@3P6GXPAXK0@ZA 100290c4     libucrt:exit.obj
 0003:000010d0       ?program_name@?1???$common_configure_argv@D@@YAHW4_crt_argv_mode@@@Z@4PADA 100290d0     libucrt:argv_parsing.obj
 0003:00001200       ?__acrt_new_handler@@3V?$dual_state_global@P6AHI@Z@__crt_state_management@@A 10029200     libucrt:new_handler.obj
 0003:00001208       ?module_handles@@3PAPAUHINSTANCE__@@A 10029208     libucrt:winapi_thunks.obj
 0003:00001258       ?encoded_function_pointers@@3PAPAXA 10029258     libucrt:winapi_thunks.obj
 0003:000012e0       ?internal_state@?1??_mbtowc_l@@9@4U_Mbstatet@@A 100292e0     libucrt:mbtowc.obj
 0003:000012f0       ?enable_percent_n@@3IA     100292f0     libucrt:printf_count_output.obj
 0003:00001510       ?__acrt_lock_table@@3PAU_RTL_CRITICAL_SECTION@@A 10029510     libucrt:locks.obj
 0003:00001660       ?__acrt_locks_initialized@@3IA 10029660     libucrt:locks.obj
 0003:00001670       ?fSystemSet@@3HA           10029670     libucrt:mbctype.obj
 0003:00001674       ?initialized@?1??__acrt_initialize_multibyte@@9@4_NA 10029674     libucrt:mbctype.obj
 0003:00001694       ?ctrlc_action@@3V?$dual_state_global@P6AXH@Z@__crt_state_management@@A 10029694     libucrt:signal.obj
 0003:00001698       ?ctrlbreak_action@@3V?$dual_state_global@P6AXH@Z@__crt_state_management@@A 10029698     libucrt:signal.obj
 0003:0000169c       ?abort_action@@3V?$dual_state_global@P6AXH@Z@__crt_state_management@@A 1002969c     libucrt:signal.obj
 0003:000016a0       ?term_action@@3V?$dual_state_global@P6AXH@Z@__crt_state_management@@A 100296a0     libucrt:signal.obj
 0003:000016a4       ?user_matherr@@3V?$dual_state_global@P6AHPAU_exception@@@Z@__crt_state_management@@A 100296a4     libucrt:matherr.obj
 0003:000016a8       ?__acrt_global_new_mode@@3V?$dual_state_global@J@__crt_state_management@@A 100296a8     libucrt:new_mode.obj
 0003:000016b4       ?internal_pst@?1??__mbrtoc32_utf8@__crt_mbstring@@YAIPA_UPBDIPAU_Mbstatet@@@Z@4U3@A 100296b4     libucrt:mbrtoc32.obj
 0003:000016bc       ?__acrt_app_type@@3W4_crt_app_type@@A 100296bc     libucrt:report_runtime_error.obj
 0003:000016c4       __pmatherr_set             100296c4     libucrt:libm_error.obj
 0004:00000220       $R000000                   1002a220     PointCardRW.res
 0004:00000b98       $R000978                   1002ab98     PointCardRW.res
 0004:00000c80       $R000A60                   1002ac80     PointCardRW.res
 0004:00000ee8       $R000CC8                   1002aee8     PointCardRW.res
 0004:00001418       $R0011F8                   1002b418     PointCardRW.res
 0004:00005de0       $R005BC0                   1002fde0     PointCardRW.res
 0004:00005e18       $R005BF8                   1002fe18     PointCardRW.res
