 OPOSElectronicValueRW

 Timestamp is 5c43fdcb (Sun Jan 20 13:49:15 2019)

 Preferred load address is 10000000

 Start         Length     Name                   Class
 0001:00000000 00000080H .text$di                CODE
 0001:00000080 0001ebcbH .text$mn                CODE
 0001:0001ec4b 00000051H .text$x                 CODE
 0001:0001ec9c 00000042H .text$yd                CODE
 0002:00000000 00000300H .idata$5                DATA
 0002:00000300 00000004H .00cfg                  DATA
 0002:00000304 00000004H .CRT$XCA                DATA
 0002:00000308 00000004H .CRT$XCL                DATA
 0002:0000030c 00000010H .CRT$XCU                DATA
 0002:0000031c 00000004H .CRT$XCZ                DATA
 0002:00000320 00000004H .CRT$XIA                DATA
 0002:00000324 00000010H .CRT$XIC                DATA
 0002:00000334 00000004H .CRT$XIZ                DATA
 0002:00000338 00000004H .CRT$XLA                DATA
 0002:0000033c 00000004H .CRT$XLZ                DATA
 0002:00000340 00000004H .CRT$XPA                DATA
 0002:00000344 00000008H .CRT$XPX                DATA
 0002:0000034c 00000004H .CRT$XPXA               DATA
 0002:00000350 00000004H .CRT$XPZ                DATA
 0002:00000354 00000004H .CRT$XTA                DATA
 0002:00000358 00000008H .CRT$XTZ                DATA
 0002:0000035c 00000000H .gfids$x                DATA
 0002:0000035c 00000000H .gfids$y                DATA
 0002:00000360 00007548H .rdata                  DATA
 0002:000078a8 00000018H .rdata$T                DATA
 0002:000078c0 00000180H .rdata$r                DATA
 0002:00007a40 00000020H .rdata$sxdata           DATA
 0002:00007a60 000003e4H .rdata$zzzdbg           DATA
 0002:00007e44 00000004H .rtc$IAA                DATA
 0002:00007e48 00000004H .rtc$IZZ                DATA
 0002:00007e4c 00000004H .rtc$TAA                DATA
 0002:00007e50 00000004H .rtc$TZZ                DATA
 0002:00007e54 00000004H .tls                    DATA
 0002:00007e58 00000004H .tls$                   DATA
 0002:00007e5c 00000004H .tls$ZZZ                DATA
 0002:00007e60 000005f4H .xdata$x                DATA
 0002:00008454 00000004H ATL$__a                 DATA
 0002:00008458 00000008H ATL$__z                 DATA
 0002:00008460 000000b4H .edata                  DATA
 0002:00008514 00000078H .idata$2                DATA
 0002:0000858c 00000014H .idata$3                DATA
 0002:000085a0 00000300H .idata$4                DATA
 0002:000088a0 00000bdeH .idata$6                DATA
 0003:00000000 00000a60H .data                   DATA
 0003:00000a60 00000098H .data$r                 DATA
 0003:00000af8 00000b5cH .bss                    DATA
 0004:00000000 00000220H .rsrc$01                DATA
 0004:00000220 00007e88H .rsrc$02                DATA

  Address         Publics by Value              Rva+Base       Lib:Object

 0000:00000000       ___guard_fids_count        00000000     <absolute>
 0000:00000000       ___hybrid_code_map_count   00000000     <absolute>
 0000:00000000       ___guard_iat_count         00000000     <absolute>
 0000:00000000       ___dynamic_value_reloc_table 00000000     <absolute>
 0000:00000000       ___guard_longjmp_count     00000000     <absolute>
 0000:00000000       __except_list              00000000     <absolute>
 0000:00000000       ___guard_fids_table        00000000     <absolute>
 0000:00000000       ___guard_longjmp_table     00000000     <absolute>
 0000:00000000       ___hybrid_auxiliary_iat    00000000     <absolute>
 0000:00000000       ___guard_iat_table         00000000     <absolute>
 0000:00000000       ___volatile_metadata       00000000     <absolute>
 0000:00000000       ___enclave_config          00000000     <absolute>
 0000:00000000       ___hybrid_code_map         00000000     <absolute>
 0000:00000008       ___safe_se_handler_count   00000008     <absolute>
 0000:0000002c       __tls_array                0000002c     <absolute>
 0000:00000100       ___guard_flags             00000100     <absolute>
 0000:00000000       ___ImageBase               10000000     <linker-defined>
 0001:00000080       ?DupWide@_CW@@AAEXXZ       10001080 f   CWString.obj
 0001:0000009c       ?cw_dup@@YGXPBDAAHAAPA_W1@Z 1000109c f   CWString.obj
 0001:0000010b       ?cw_memcpy@@YGHPA_WPBDH@Z  1000110b f   CWString.obj
 0001:00000137       ?cw_strcpy@@YAHPA_WPBD@Z   10001137 f   CWString.obj
 0001:0000014a       ?cw_strlen@@YAHPBD@Z       1000114a f   CWString.obj
 0001:00000163       ??0CAtlComModule@ATL@@QAE@XZ 10001163 f i OposVariant.obj
 0001:000001a8       ??0CAtlWinModule@ATL@@QAE@XZ 100011a8 f i OposVariant.obj
 0001:000001df       ??0OposDispParms@@QAE@PAVOposVariant@@H@Z 100011df f   OposVariant.obj
 0001:00000250       ??1OposDispParms@@QAE@XZ   10001250 f   OposVariant.obj
 0001:0000025e       ??A?$CSimpleArray@GV?$CSimpleArrayEqualHelper@G@ATL@@@ATL@@QAEAAGH@Z 1000125e f i OposVariant.obj
 0001:00000283       ??_Estringdispid@CComTypeInfoHolder@ATL@@QAEPAXI@Z 10001283 f i OposVariant.obj
 0001:000002ef       ?AtlWinModuleInit@ATL@@YGJPAU_ATL_WIN_MODULE70@1@@Z 100012ef f i OposVariant.obj
 0001:00000315       ?AtlWinModuleTerm@ATL@@YGJPAU_ATL_WIN_MODULE70@1@PAUHINSTANCE__@@@Z 10001315 f i OposVariant.obj
 0001:00000378       ?ChangeBSTR@OposVariant@@QAEXPAPA_WAAJ@Z 10001378 f   OposVariant.obj
 0001:000003b9       ?ChangeCURRENCY@OposVariant@@QAEXPATtagCY@@AAJ@Z 100013b9 f   OposVariant.obj
 0001:00000408       ?ChangeLONG@OposVariant@@QAEXPAJAAJ@Z 10001408 f   OposVariant.obj
 0001:00000449       ?GetLONG@OposVariant@@QAEJXZ 10001449 f   OposVariant.obj
 0001:00000464       ?Init@CComCriticalSection@ATL@@QAEJXZ 10001464 f i OposVariant.obj
 0001:0000048c       ?RemoveAll@?$CSimpleArray@PAUHINSTANCE__@@V?$CSimpleArrayEqualHelper@PAUHINSTANCE__@@@ATL@@@ATL@@QAEXXZ 1000148c f i atls:atlbase.obj
 0001:0000048c       ?RemoveAll@?$CSimpleArray@GV?$CSimpleArrayEqualHelper@G@ATL@@@ATL@@QAEXXZ 1000148c f i OposVariant.obj
 0001:000004a9       ?SetBSTR@OposVariant@@QAEXPA_WAAJ@Z 100014a9 f   OposVariant.obj
 0001:000004dd       ?SetBSTR_Copy@OposVariant@@QAEXPA_WAAJ@Z 100014dd f   OposVariant.obj
 0001:0000052d       ?SetBSTR_InOutPtr@OposVariant@@QAE_NPAPA_WAAJ@Z 1000152d f   OposVariant.obj
 0001:00000564       ?SetCURRENCY@OposVariant@@QAEXTtagCY@@@Z 10001564 f   OposVariant.obj
 0001:0000058c       ?SetDispatch_Ptr@OposVariant@@QAEXPAUIDispatch@@AAJ@Z 1000158c f   OposVariant.obj
 0001:000005c7       ?SetLONG@OposVariant@@QAEXJ@Z 100015c7 f   OposVariant.obj
 0001:000005e9       ?SetLONG_Ptr@OposVariant@@QAEXPAJAAJ@Z 100015e9 f   OposVariant.obj
 0001:0000061c       ?SetString@OposVariant@@QAEXPB_WAAJ@Z 1000161c f   OposVariant.obj
 0001:00000662       ?SetVARIANT_BOOL@OposVariant@@QAEXF@Z 10001662 f   OposVariant.obj
 0001:0000068c       ?Term@CAtlComModule@ATL@@QAEXXZ 1000168c f i OposVariant.obj
 0001:000006d6       ?_AtlRaiseException@ATL@@YAXKK@Z 100016d6 f i OposVariant.obj
 0001:000006eb       ?Next@?$CComEnumImpl@UIEnumConnectionPoints@@$1?_GUID_b196b285_bab4_101a_b69c_00aa00341d07@@3U__s_GUID@@BPAUIConnectionPoint@@V?$_CopyInterface@UIConnectionPoint@@@ATL@@@ATL@@UAGJKPAPAUIConnectionPoint@@PAK@Z 100016eb f i ElectronicValueRW.obj
 0001:000007c2       ?Skip@?$CComEnumImpl@UIEnumConnectionPoints@@$1?_GUID_b196b285_bab4_101a_b69c_00aa00341d07@@3U__s_GUID@@BPAUIConnectionPoint@@V?$_CopyInterface@UIConnectionPoint@@@ATL@@@ATL@@UAGJK@Z 100017c2 f i ElectronicValueRW.obj
 0001:000007ef       ?Reset@?$CComEnumImpl@UIEnumConnections@@$1?_GUID_b196b287_bab4_101a_b69c_00aa00341d07@@3U__s_GUID@@BUtagCONNECTDATA@@V?$_Copy@UtagCONNECTDATA@@@ATL@@@ATL@@UAGJXZ 100017ef f i ElectronicValueRW.obj
 0001:000007ef       ?Reset@?$CComEnumImpl@UIEnumConnectionPoints@@$1?_GUID_b196b285_bab4_101a_b69c_00aa00341d07@@3U__s_GUID@@BPAUIConnectionPoint@@V?$_CopyInterface@UIConnectionPoint@@@ATL@@@ATL@@UAGJXZ 100017ef f i ElectronicValueRW.obj
 0001:00000801       ?Clone@?$CComEnumImpl@UIEnumConnectionPoints@@$1?_GUID_b196b285_bab4_101a_b69c_00aa00341d07@@3U__s_GUID@@BPAUIConnectionPoint@@V?$_CopyInterface@UIConnectionPoint@@@ATL@@@ATL@@UAGJPAPAUIEnumConnectionPoints@@@Z 10001801 f i ElectronicValueRW.obj
 0001:000008e0       ?AddRef@?$CComObject@V?$CComEnum@UIEnumConnections@@$1?_GUID_b196b287_bab4_101a_b69c_00aa00341d07@@3U__s_GUID@@BUtagCONNECTDATA@@V?$_Copy@UtagCONNECTDATA@@@ATL@@VCComSingleThreadModel@6@@ATL@@@ATL@@UAGKXZ 100018e0 f i ElectronicValueRW.obj
 0001:000008e0       ?AddRef@?$CComObject@V?$CComEnum@UIEnumConnectionPoints@@$1?_GUID_b196b285_bab4_101a_b69c_00aa00341d07@@3U__s_GUID@@BPAUIConnectionPoint@@V?$_CopyInterface@UIConnectionPoint@@@ATL@@VCComSingleThreadModel@6@@ATL@@@ATL@@UAGKXZ 100018e0 f i ElectronicValueRW.obj
 0001:000008f1       ?Release@?$CComObject@V?$CComEnum@UIEnumConnectionPoints@@$1?_GUID_b196b285_bab4_101a_b69c_00aa00341d07@@3U__s_GUID@@BPAUIConnectionPoint@@V?$_CopyInterface@UIConnectionPoint@@@ATL@@VCComSingleThreadModel@6@@ATL@@@ATL@@UAGKXZ 100018f1 f i ElectronicValueRW.obj
 0001:000008f1       ?Release@?$CComObject@V?$CComEnum@UIEnumConnections@@$1?_GUID_b196b287_bab4_101a_b69c_00aa00341d07@@3U__s_GUID@@BUtagCONNECTDATA@@V?$_Copy@UtagCONNECTDATA@@@ATL@@VCComSingleThreadModel@6@@ATL@@@ATL@@UAGKXZ 100018f1 f i ElectronicValueRW.obj
 0001:0000092d       ?QueryInterface@?$CComObject@V?$CComEnum@UIEnumConnectionPoints@@$1?_GUID_b196b285_bab4_101a_b69c_00aa00341d07@@3U__s_GUID@@BPAUIConnectionPoint@@V?$_CopyInterface@UIConnectionPoint@@@ATL@@VCComSingleThreadModel@6@@ATL@@@ATL@@UAGJABU_GUID@@PAPAX@Z 1000192d f i ElectronicValueRW.obj
 0001:00000947       ??_E?$CComObject@V?$CComEnum@UIEnumConnectionPoints@@$1?_GUID_b196b285_bab4_101a_b69c_00aa00341d07@@3U__s_GUID@@BPAUIConnectionPoint@@V?$_CopyInterface@UIConnectionPoint@@@ATL@@VCComSingleThreadModel@6@@ATL@@@ATL@@UAEPAXI@Z 10001947 f i ElectronicValueRW.obj
 0001:00000947       ??_G?$CComObject@V?$CComEnum@UIEnumConnectionPoints@@$1?_GUID_b196b285_bab4_101a_b69c_00aa00341d07@@3U__s_GUID@@BPAUIConnectionPoint@@V?$_CopyInterface@UIConnectionPoint@@@ATL@@VCComSingleThreadModel@6@@ATL@@@ATL@@UAEPAXI@Z 10001947 f i ElectronicValueRW.obj
 0001:00000969       ?OnFinalMessage@?$CWindowImplBaseT@VCWindow@ATL@@V?$CWinTraits@$0FGAAAAAA@$0A@@2@@ATL@@UAEXPAUHWND__@@@Z 10001969 f i ElectronicValueRW.obj
 0001:00000969       ?ObjectMain@CComObjectRootBase@ATL@@SGX_N@Z 10001969 f i ElectronicValueRW.obj
 0001:0000096c       ?GetCategoryMap@CComObjectRootBase@ATL@@SAPBU_ATL_CATMAP_ENTRY@2@XZ 1000196c f i ElectronicValueRW.obj
 0001:0000096c       ?GetObjectDescription@?$CComCoClass@VCOPOSElectronicValueRW@@$1?CLSID_OPOSElectronicValueRW@@3U_GUID@@B@ATL@@SGPB_WXZ 1000196c f i ElectronicValueRW.obj
 0001:0000096f       ?AddRef@?$CComObjectCached@VCComClassFactory@ATL@@@ATL@@UAGKXZ 1000196f f i ElectronicValueRW.obj
 0001:00000996       ?Release@?$CComObjectCached@VCComClassFactory@ATL@@@ATL@@UAGKXZ 10001996 f i ElectronicValueRW.obj
 0001:000009cc       ?QueryInterface@?$CComObjectCached@VCComClassFactory@ATL@@@ATL@@UAGJABU_GUID@@PAPAX@Z 100019cc f i ElectronicValueRW.obj
 0001:000009e6       ??_G?$CComObjectCached@VCComClassFactory@ATL@@@ATL@@UAEPAXI@Z 100019e6 f i ElectronicValueRW.obj
 0001:000009e6       ??_E?$CComObjectCached@VCComClassFactory@ATL@@@ATL@@UAEPAXI@Z 100019e6 f i ElectronicValueRW.obj
 0001:00000a08       ?CreateInstance@CComClassFactory@ATL@@UAGJPAUIUnknown@@ABU_GUID@@PAPAX@Z 10001a08 f i ElectronicValueRW.obj
 0001:00000a46       ?LockServer@CComClassFactory@ATL@@UAGJH@Z 10001a46 f i ElectronicValueRW.obj
 0001:00000a65       ??_GCComClassFactory@ATL@@UAEPAXI@Z 10001a65 f i ElectronicValueRW.obj
 0001:00000a65       ??_ECComClassFactory@ATL@@UAEPAXI@Z 10001a65 f i ElectronicValueRW.obj
 0001:00000a90       ?AddRef@?$CComAggObject@VCOPOSElectronicValueRW@@@ATL@@UAGKXZ 10001a90 f i ElectronicValueRW.obj
 0001:00000aa1       ?Release@?$CComAggObject@VCOPOSElectronicValueRW@@@ATL@@UAGKXZ 10001aa1 f i ElectronicValueRW.obj
 0001:00000add       ?QueryInterface@?$CComAggObject@VCOPOSElectronicValueRW@@@ATL@@UAGJABU_GUID@@PAPAX@Z 10001add f i ElectronicValueRW.obj
 0001:00000b2c       ?OnDrawAdvanced@CComControlBase@ATL@@UAEJAAUATL_DRAWINFO@@@Z 10001b2c f i ElectronicValueRW.obj
 0001:00000c1b       ?AddRef@?$CComContainedObject@VCOPOSElectronicValueRW@@@ATL@@UAGKXZ 10001c1b f i ElectronicValueRW.obj
 0001:00000c31       ?Release@?$CComContainedObject@VCOPOSElectronicValueRW@@@ATL@@UAGKXZ 10001c31 f i ElectronicValueRW.obj
 0001:00000c47       ?QueryInterface@?$CComContainedObject@VCOPOSElectronicValueRW@@@ATL@@UAGJABU_GUID@@PAPAX@Z 10001c47 f i ElectronicValueRW.obj
 0001:00000c62       ??_E?$CComAggObject@VCOPOSElectronicValueRW@@@ATL@@UAEPAXI@Z 10001c62 f i ElectronicValueRW.obj
 0001:00000c62       ??_G?$CComAggObject@VCOPOSElectronicValueRW@@@ATL@@UAEPAXI@Z 10001c62 f i ElectronicValueRW.obj
 0001:00000c87       ?AddRef@?$CComObject@VCOPOSElectronicValueRW@@@ATL@@UAGKXZ 10001c87 f i ElectronicValueRW.obj
 0001:00000c9e       ?Release@?$CComObject@VCOPOSElectronicValueRW@@@ATL@@UAGKXZ 10001c9e f i ElectronicValueRW.obj
 0001:00000ce0       ?QueryInterface@?$CComObject@VCOPOSElectronicValueRW@@@ATL@@UAGJABU_GUID@@PAPAX@Z 10001ce0 f i ElectronicValueRW.obj
 0001:00000cfa       ?Next@?$CComEnumImpl@UIEnumConnections@@$1?_GUID_b196b287_bab4_101a_b69c_00aa00341d07@@3U__s_GUID@@BUtagCONNECTDATA@@V?$_Copy@UtagCONNECTDATA@@@ATL@@@ATL@@UAGJKPAUtagCONNECTDATA@@PAK@Z 10001cfa f i ElectronicValueRW.obj
 0001:00000dd1       ?Skip@?$CComEnumImpl@UIEnumConnections@@$1?_GUID_b196b287_bab4_101a_b69c_00aa00341d07@@3U__s_GUID@@BUtagCONNECTDATA@@V?$_Copy@UtagCONNECTDATA@@@ATL@@@ATL@@UAGJK@Z 10001dd1 f i ElectronicValueRW.obj
 0001:00000dfe       ?Clone@?$CComEnumImpl@UIEnumConnections@@$1?_GUID_b196b287_bab4_101a_b69c_00aa00341d07@@3U__s_GUID@@BUtagCONNECTDATA@@V?$_Copy@UtagCONNECTDATA@@@ATL@@@ATL@@UAGJPAPAUIEnumConnections@@@Z 10001dfe f i ElectronicValueRW.obj
 0001:00000edd       ?Lock@CAtlModule@ATL@@UAEJXZ 10001edd f i ElectronicValueRW.obj
 0001:00000ee7       ?Unlock@CAtlModule@ATL@@UAEJXZ 10001ee7 f i ElectronicValueRW.obj
 0001:00000ef1       ?GetLockCount@CAtlModule@ATL@@UAEJXZ 10001ef1 f i ElectronicValueRW.obj
 0001:00000ef5       ?GetGITPtr@CAtlModule@ATL@@UAEJPAPAUIGlobalInterfaceTable@@@Z 10001ef5 f i ElectronicValueRW.obj
 0001:00000f41       ?QueryInterface@?$CComObject@V?$CComEnum@UIEnumConnections@@$1?_GUID_b196b287_bab4_101a_b69c_00aa00341d07@@3U__s_GUID@@BUtagCONNECTDATA@@V?$_Copy@UtagCONNECTDATA@@@ATL@@VCComSingleThreadModel@6@@ATL@@@ATL@@UAGJABU_GUID@@PAPAX@Z 10001f41 f i ElectronicValueRW.obj
 0001:00000f5b       ??_G?$CComObject@V?$CComEnum@UIEnumConnections@@$1?_GUID_b196b287_bab4_101a_b69c_00aa00341d07@@3U__s_GUID@@BUtagCONNECTDATA@@V?$_Copy@UtagCONNECTDATA@@@ATL@@VCComSingleThreadModel@6@@ATL@@@ATL@@UAEPAXI@Z 10001f5b f i ElectronicValueRW.obj
 0001:00000f5b       ??_E?$CComObject@V?$CComEnum@UIEnumConnections@@$1?_GUID_b196b287_bab4_101a_b69c_00aa00341d07@@3U__s_GUID@@BUtagCONNECTDATA@@V?$_Copy@UtagCONNECTDATA@@@ATL@@VCComSingleThreadModel@6@@ATL@@@ATL@@UAEPAXI@Z 10001f5b f i ElectronicValueRW.obj
 0001:00000f7d       ?AddCommonRGSReplacements@?$CAtlModuleT@VCComModule@ATL@@@ATL@@UAEJPAUIRegistrarBase@@@Z 10001f7d f i ElectronicValueRW.obj
 0001:00000f97       ?UpdateRegistryFromResourceD@CComModule@ATL@@UAGJIHPAU_ATL_REGMAP_ENTRY@2@@Z 10001f97 f i ElectronicValueRW.obj
 0001:00000f97       ?UpdateRegistryFromResourceD@CComModule@ATL@@UAGJPB_WHPAU_ATL_REGMAP_ENTRY@2@@Z 10001f97 f i ElectronicValueRW.obj
 0001:00000f9f       ?UpdateRegistryFromResource@CComModule@ATL@@UAGJPB_WHPAU_ATL_REGMAP_ENTRY@2@@Z 10001f9f f i ElectronicValueRW.obj
 0001:00000fa8       ?UpdateRegistryFromResource@CComModule@ATL@@UAGJIHPAU_ATL_REGMAP_ENTRY@2@@Z 10001fa8 f i ElectronicValueRW.obj
 0001:00000fb1       ??_ECComModule@ATL@@UAEPAXI@Z 10001fb1 f i ElectronicValueRW.obj
 0001:00000fb1       ??_GCComModule@ATL@@UAEPAXI@Z 10001fb1 f i ElectronicValueRW.obj
 0001:00000fd9       ?GetWindowProc@?$CWindowImplBaseT@VCWindow@ATL@@V?$CWinTraits@$0FGAAAAAA@$0A@@2@@ATL@@UAEP6GJPAUHWND__@@IIJ@ZXZ 10001fd9 f i ElectronicValueRW.obj
 0001:00000fdf       ?StartWindowProc@?$CWindowImplBaseT@VCWindow@ATL@@V?$CWinTraits@$0FGAAAAAA@$0A@@2@@ATL@@SGJPAUHWND__@@IIJ@Z 10001fdf f i ElectronicValueRW.obj
 0001:00001033       ??_E?$CComObject@VCOPOSElectronicValueRW@@@ATL@@W3AEPAXI@Z 10002033 f i ElectronicValueRW.obj
 0001:0000103b       ??_E?$CComObject@VCOPOSElectronicValueRW@@@ATL@@WEM@AEPAXI@Z 1000203b f i ElectronicValueRW.obj
 0001:00001043       ?QueryInterface@?$CComObject@VCOPOSElectronicValueRW@@@ATL@@WHA@AGJABU_GUID@@PAPAX@Z 10002043 f i ElectronicValueRW.obj
 0001:0000104d       ?AddRef@?$CComObject@VCOPOSElectronicValueRW@@@ATL@@WHA@AGKXZ 1000204d f i ElectronicValueRW.obj
 0001:00001057       ?Release@?$CComObject@VCOPOSElectronicValueRW@@@ATL@@WHA@AGKXZ 10002057 f i ElectronicValueRW.obj
 0001:00001061       ?QueryInterface@?$CComObject@VCOPOSElectronicValueRW@@@ATL@@WHE@AGJABU_GUID@@PAPAX@Z 10002061 f i ElectronicValueRW.obj
 0001:0000106b       ?AddRef@?$CComObject@VCOPOSElectronicValueRW@@@ATL@@WHE@AGKXZ 1000206b f i ElectronicValueRW.obj
 0001:00001075       ?Release@?$CComObject@VCOPOSElectronicValueRW@@@ATL@@WHE@AGKXZ 10002075 f i ElectronicValueRW.obj
 0001:0000107f       ?QueryInterface@?$CComObject@VCOPOSElectronicValueRW@@@ATL@@WHI@AGJABU_GUID@@PAPAX@Z 1000207f f i ElectronicValueRW.obj
 0001:00001089       ?AddRef@?$CComObject@VCOPOSElectronicValueRW@@@ATL@@WHI@AGKXZ 10002089 f i ElectronicValueRW.obj
 0001:00001093       ?Release@?$CComObject@VCOPOSElectronicValueRW@@@ATL@@WHI@AGKXZ 10002093 f i ElectronicValueRW.obj
 0001:0000109d       ?QueryInterface@?$CComObject@VCOPOSElectronicValueRW@@@ATL@@WHM@AGJABU_GUID@@PAPAX@Z 1000209d f i ElectronicValueRW.obj
 0001:000010a7       ?AddRef@?$CComObject@VCOPOSElectronicValueRW@@@ATL@@WHM@AGKXZ 100020a7 f i ElectronicValueRW.obj
 0001:000010b1       ?Release@?$CComObject@VCOPOSElectronicValueRW@@@ATL@@WHM@AGKXZ 100020b1 f i ElectronicValueRW.obj
 0001:000010bb       ?QueryInterface@?$CComObject@VCOPOSElectronicValueRW@@@ATL@@WIA@AGJABU_GUID@@PAPAX@Z 100020bb f i ElectronicValueRW.obj
 0001:000010c8       ?AddRef@?$CComObject@VCOPOSElectronicValueRW@@@ATL@@WIA@AGKXZ 100020c8 f i ElectronicValueRW.obj
 0001:000010d5       ?Release@?$CComObject@VCOPOSElectronicValueRW@@@ATL@@WIA@AGKXZ 100020d5 f i ElectronicValueRW.obj
 0001:000010e2       ?QueryInterface@?$CComObject@VCOPOSElectronicValueRW@@@ATL@@WIE@AGJABU_GUID@@PAPAX@Z 100020e2 f i ElectronicValueRW.obj
 0001:000010ef       ?AddRef@?$CComObject@VCOPOSElectronicValueRW@@@ATL@@WIE@AGKXZ 100020ef f i ElectronicValueRW.obj
 0001:000010fc       ?Release@?$CComObject@VCOPOSElectronicValueRW@@@ATL@@WIE@AGKXZ 100020fc f i ElectronicValueRW.obj
 0001:00001109       ?QueryInterface@?$CComObject@VCOPOSElectronicValueRW@@@ATL@@WII@AGJABU_GUID@@PAPAX@Z 10002109 f i ElectronicValueRW.obj
 0001:00001116       ?AddRef@?$CComObject@VCOPOSElectronicValueRW@@@ATL@@WII@AGKXZ 10002116 f i ElectronicValueRW.obj
 0001:00001123       ?Release@?$CComObject@VCOPOSElectronicValueRW@@@ATL@@WII@AGKXZ 10002123 f i ElectronicValueRW.obj
 0001:00001130       ?QueryInterface@?$CComObject@VCOPOSElectronicValueRW@@@ATL@@WIM@AGJABU_GUID@@PAPAX@Z 10002130 f i ElectronicValueRW.obj
 0001:0000113d       ?AddRef@?$CComObject@VCOPOSElectronicValueRW@@@ATL@@WIM@AGKXZ 1000213d f i ElectronicValueRW.obj
 0001:0000114a       ?Release@?$CComObject@VCOPOSElectronicValueRW@@@ATL@@WIM@AGKXZ 1000214a f i ElectronicValueRW.obj
 0001:00001157       ?QueryInterface@?$CComObject@VCOPOSElectronicValueRW@@@ATL@@WJA@AGJABU_GUID@@PAPAX@Z 10002157 f i ElectronicValueRW.obj
 0001:00001164       ?AddRef@?$CComObject@VCOPOSElectronicValueRW@@@ATL@@WJA@AGKXZ 10002164 f i ElectronicValueRW.obj
 0001:00001171       ?Release@?$CComObject@VCOPOSElectronicValueRW@@@ATL@@WJA@AGKXZ 10002171 f i ElectronicValueRW.obj
 0001:0000117e       ?QueryInterface@?$CComObject@VCOPOSElectronicValueRW@@@ATL@@WJE@AGJABU_GUID@@PAPAX@Z 1000217e f i ElectronicValueRW.obj
 0001:0000118b       ?AddRef@?$CComObject@VCOPOSElectronicValueRW@@@ATL@@WJE@AGKXZ 1000218b f i ElectronicValueRW.obj
 0001:00001198       ?Release@?$CComObject@VCOPOSElectronicValueRW@@@ATL@@WJE@AGKXZ 10002198 f i ElectronicValueRW.obj
 0001:000011a5       ?QueryInterface@?$CComObject@VCOPOSElectronicValueRW@@@ATL@@WJI@AGJABU_GUID@@PAPAX@Z 100021a5 f i ElectronicValueRW.obj
 0001:000011b2       ?AddRef@?$CComObject@VCOPOSElectronicValueRW@@@ATL@@WJI@AGKXZ 100021b2 f i ElectronicValueRW.obj
 0001:000011bf       ?Release@?$CComObject@VCOPOSElectronicValueRW@@@ATL@@WJI@AGKXZ 100021bf f i ElectronicValueRW.obj
 0001:000011cc       ?QueryInterface@?$CComObject@VCOPOSElectronicValueRW@@@ATL@@WJM@AGJABU_GUID@@PAPAX@Z 100021cc f i ElectronicValueRW.obj
 0001:000011d9       ?AddRef@?$CComObject@VCOPOSElectronicValueRW@@@ATL@@WJM@AGKXZ 100021d9 f i ElectronicValueRW.obj
 0001:000011e6       ?Release@?$CComObject@VCOPOSElectronicValueRW@@@ATL@@WJM@AGKXZ 100021e6 f i ElectronicValueRW.obj
 0001:000011f3       ?QueryInterface@?$CComObject@VCOPOSElectronicValueRW@@@ATL@@WKA@AGJABU_GUID@@PAPAX@Z 100021f3 f i ElectronicValueRW.obj
 0001:00001200       ?AddRef@?$CComObject@VCOPOSElectronicValueRW@@@ATL@@WKA@AGKXZ 10002200 f i ElectronicValueRW.obj
 0001:0000120d       ?Release@?$CComObject@VCOPOSElectronicValueRW@@@ATL@@WKA@AGKXZ 1000220d f i ElectronicValueRW.obj
 0001:0000121a       ?AddRef@?$CComObject@VCOPOSElectronicValueRW@@@ATL@@WKI@AGKXZ 1000221a f i ElectronicValueRW.obj
 0001:00001227       ?Release@?$CComObject@VCOPOSElectronicValueRW@@@ATL@@WKI@AGKXZ 10002227 f i ElectronicValueRW.obj
 0001:00001234       ?AddRef@?$CComObject@VCOPOSElectronicValueRW@@@ATL@@WLE@AGKXZ 10002234 f i ElectronicValueRW.obj
 0001:00001241       ?Release@?$CComObject@VCOPOSElectronicValueRW@@@ATL@@WLE@AGKXZ 10002241 f i ElectronicValueRW.obj
 0001:0000124e       ??_E?$CComContainedObject@VCOPOSElectronicValueRW@@@ATL@@W3AEPAXI@Z 1000224e f i ElectronicValueRW.obj
 0001:00001256       ??_E?$CComContainedObject@VCOPOSElectronicValueRW@@@ATL@@WEM@AEPAXI@Z 10002256 f i ElectronicValueRW.obj
 0001:0000125e       ?QueryInterface@?$CComContainedObject@VCOPOSElectronicValueRW@@@ATL@@WHA@AGJABU_GUID@@PAPAX@Z 1000225e f i ElectronicValueRW.obj
 0001:00001268       ?AddRef@?$CComContainedObject@VCOPOSElectronicValueRW@@@ATL@@WHA@AGKXZ 10002268 f i ElectronicValueRW.obj
 0001:00001272       ?Release@?$CComContainedObject@VCOPOSElectronicValueRW@@@ATL@@WHA@AGKXZ 10002272 f i ElectronicValueRW.obj
 0001:0000127c       ?QueryInterface@?$CComContainedObject@VCOPOSElectronicValueRW@@@ATL@@WHE@AGJABU_GUID@@PAPAX@Z 1000227c f i ElectronicValueRW.obj
 0001:00001286       ?AddRef@?$CComContainedObject@VCOPOSElectronicValueRW@@@ATL@@WHE@AGKXZ 10002286 f i ElectronicValueRW.obj
 0001:00001290       ?Release@?$CComContainedObject@VCOPOSElectronicValueRW@@@ATL@@WHE@AGKXZ 10002290 f i ElectronicValueRW.obj
 0001:0000129a       ?QueryInterface@?$CComContainedObject@VCOPOSElectronicValueRW@@@ATL@@WHI@AGJABU_GUID@@PAPAX@Z 1000229a f i ElectronicValueRW.obj
 0001:000012a4       ?AddRef@?$CComContainedObject@VCOPOSElectronicValueRW@@@ATL@@WHI@AGKXZ 100022a4 f i ElectronicValueRW.obj
 0001:000012ae       ?Release@?$CComContainedObject@VCOPOSElectronicValueRW@@@ATL@@WHI@AGKXZ 100022ae f i ElectronicValueRW.obj
 0001:000012b8       ?QueryInterface@?$CComContainedObject@VCOPOSElectronicValueRW@@@ATL@@WHM@AGJABU_GUID@@PAPAX@Z 100022b8 f i ElectronicValueRW.obj
 0001:000012c2       ?AddRef@?$CComContainedObject@VCOPOSElectronicValueRW@@@ATL@@WHM@AGKXZ 100022c2 f i ElectronicValueRW.obj
 0001:000012cc       ?Release@?$CComContainedObject@VCOPOSElectronicValueRW@@@ATL@@WHM@AGKXZ 100022cc f i ElectronicValueRW.obj
 0001:000012d6       ?QueryInterface@?$CComContainedObject@VCOPOSElectronicValueRW@@@ATL@@WIA@AGJABU_GUID@@PAPAX@Z 100022d6 f i ElectronicValueRW.obj
 0001:000012e3       ?AddRef@?$CComContainedObject@VCOPOSElectronicValueRW@@@ATL@@WIA@AGKXZ 100022e3 f i ElectronicValueRW.obj
 0001:000012f0       ?Release@?$CComContainedObject@VCOPOSElectronicValueRW@@@ATL@@WIA@AGKXZ 100022f0 f i ElectronicValueRW.obj
 0001:000012fd       ?QueryInterface@?$CComContainedObject@VCOPOSElectronicValueRW@@@ATL@@WIE@AGJABU_GUID@@PAPAX@Z 100022fd f i ElectronicValueRW.obj
 0001:0000130a       ?AddRef@?$CComContainedObject@VCOPOSElectronicValueRW@@@ATL@@WIE@AGKXZ 1000230a f i ElectronicValueRW.obj
 0001:00001317       ?Release@?$CComContainedObject@VCOPOSElectronicValueRW@@@ATL@@WIE@AGKXZ 10002317 f i ElectronicValueRW.obj
 0001:00001324       ?QueryInterface@?$CComContainedObject@VCOPOSElectronicValueRW@@@ATL@@WII@AGJABU_GUID@@PAPAX@Z 10002324 f i ElectronicValueRW.obj
 0001:00001331       ?AddRef@?$CComContainedObject@VCOPOSElectronicValueRW@@@ATL@@WII@AGKXZ 10002331 f i ElectronicValueRW.obj
 0001:0000133e       ?Release@?$CComContainedObject@VCOPOSElectronicValueRW@@@ATL@@WII@AGKXZ 1000233e f i ElectronicValueRW.obj
 0001:0000134b       ?QueryInterface@?$CComContainedObject@VCOPOSElectronicValueRW@@@ATL@@WIM@AGJABU_GUID@@PAPAX@Z 1000234b f i ElectronicValueRW.obj
 0001:00001358       ?AddRef@?$CComContainedObject@VCOPOSElectronicValueRW@@@ATL@@WIM@AGKXZ 10002358 f i ElectronicValueRW.obj
 0001:00001365       ?Release@?$CComContainedObject@VCOPOSElectronicValueRW@@@ATL@@WIM@AGKXZ 10002365 f i ElectronicValueRW.obj
 0001:00001372       ?QueryInterface@?$CComContainedObject@VCOPOSElectronicValueRW@@@ATL@@WJA@AGJABU_GUID@@PAPAX@Z 10002372 f i ElectronicValueRW.obj
 0001:0000137f       ?AddRef@?$CComContainedObject@VCOPOSElectronicValueRW@@@ATL@@WJA@AGKXZ 1000237f f i ElectronicValueRW.obj
 0001:0000138c       ?Release@?$CComContainedObject@VCOPOSElectronicValueRW@@@ATL@@WJA@AGKXZ 1000238c f i ElectronicValueRW.obj
 0001:00001399       ?QueryInterface@?$CComContainedObject@VCOPOSElectronicValueRW@@@ATL@@WJE@AGJABU_GUID@@PAPAX@Z 10002399 f i ElectronicValueRW.obj
 0001:000013a6       ?AddRef@?$CComContainedObject@VCOPOSElectronicValueRW@@@ATL@@WJE@AGKXZ 100023a6 f i ElectronicValueRW.obj
 0001:000013b3       ?Release@?$CComContainedObject@VCOPOSElectronicValueRW@@@ATL@@WJE@AGKXZ 100023b3 f i ElectronicValueRW.obj
 0001:000013c0       ?QueryInterface@?$CComContainedObject@VCOPOSElectronicValueRW@@@ATL@@WJI@AGJABU_GUID@@PAPAX@Z 100023c0 f i ElectronicValueRW.obj
 0001:000013cd       ?AddRef@?$CComContainedObject@VCOPOSElectronicValueRW@@@ATL@@WJI@AGKXZ 100023cd f i ElectronicValueRW.obj
 0001:000013da       ?Release@?$CComContainedObject@VCOPOSElectronicValueRW@@@ATL@@WJI@AGKXZ 100023da f i ElectronicValueRW.obj
 0001:000013e7       ?QueryInterface@?$CComContainedObject@VCOPOSElectronicValueRW@@@ATL@@WJM@AGJABU_GUID@@PAPAX@Z 100023e7 f i ElectronicValueRW.obj
 0001:000013f4       ?AddRef@?$CComContainedObject@VCOPOSElectronicValueRW@@@ATL@@WJM@AGKXZ 100023f4 f i ElectronicValueRW.obj
 0001:00001401       ?Release@?$CComContainedObject@VCOPOSElectronicValueRW@@@ATL@@WJM@AGKXZ 10002401 f i ElectronicValueRW.obj
 0001:0000140e       ?QueryInterface@?$CComContainedObject@VCOPOSElectronicValueRW@@@ATL@@WKA@AGJABU_GUID@@PAPAX@Z 1000240e f i ElectronicValueRW.obj
 0001:0000141b       ?AddRef@?$CComContainedObject@VCOPOSElectronicValueRW@@@ATL@@WKA@AGKXZ 1000241b f i ElectronicValueRW.obj
 0001:00001428       ?Release@?$CComContainedObject@VCOPOSElectronicValueRW@@@ATL@@WKA@AGKXZ 10002428 f i ElectronicValueRW.obj
 0001:00001435       ?AddRef@?$CComContainedObject@VCOPOSElectronicValueRW@@@ATL@@WKI@AGKXZ 10002435 f i ElectronicValueRW.obj
 0001:00001442       ?Release@?$CComContainedObject@VCOPOSElectronicValueRW@@@ATL@@WKI@AGKXZ 10002442 f i ElectronicValueRW.obj
 0001:0000144f       ?AddRef@?$CComContainedObject@VCOPOSElectronicValueRW@@@ATL@@WLE@AGKXZ 1000244f f i ElectronicValueRW.obj
 0001:0000145c       ?Release@?$CComContainedObject@VCOPOSElectronicValueRW@@@ATL@@WLE@AGKXZ 1000245c f i ElectronicValueRW.obj
 0001:00001469       ?SetMoniker@?$IOleObjectImpl@VCOPOSElectronicValueRW@@@ATL@@UAGJKPAUIMoniker@@@Z 10002469 f i ElectronicValueRW.obj
 0001:00001469       ?GetCanonicalFormatEtc@?$IDataObjectImpl@VCOPOSElectronicValueRW@@@ATL@@UAGJPAUtagFORMATETC@@0@Z 10002469 f i ElectronicValueRW.obj
 0001:00001469       ?QueryInterface@CRegObject@ATL@@UAGJABU_GUID@@PAPAX@Z 10002469 f i ElectronicValueRW.obj
 0001:00001469       ?GetClipboardData@?$IOleObjectImpl@VCOPOSElectronicValueRW@@@ATL@@UAGJKPAPAUIDataObject@@@Z 10002469 f i ElectronicValueRW.obj
 0001:00001469       ?GetRect@?$IViewObjectExImpl@VCOPOSElectronicValueRW@@@ATL@@UAGJKPAU_RECTL@@@Z 10002469 f i ElectronicValueRW.obj
 0001:00001469       ?EnumFormatEtc@?$IDataObjectImpl@VCOPOSElectronicValueRW@@@ATL@@UAGJKPAPAUIEnumFORMATETC@@@Z 10002469 f i ElectronicValueRW.obj
 0001:00001469       ?GetDataHere@?$IDataObjectImpl@VCOPOSElectronicValueRW@@@ATL@@UAGJPAUtagFORMATETC@@PAUtagSTGMEDIUM@@@Z 10002469 f i ElectronicValueRW.obj
 0001:00001471       ?AddRef@CRegObject@ATL@@UAGKXZ 10002471 f i ElectronicValueRW.obj
 0001:00001477       ?IsUpToDate@?$IOleObjectImpl@VCOPOSElectronicValueRW@@@ATL@@UAGJXZ 10002477 f i ElectronicValueRW.obj
 0001:00001477       ?Update@?$IOleObjectImpl@VCOPOSElectronicValueRW@@@ATL@@UAGJXZ 10002477 f i ElectronicValueRW.obj
 0001:00001477       ?HandsOffStorage@?$IPersistStorageImpl@VCOPOSElectronicValueRW@@@ATL@@UAGJXZ 10002477 f i ElectronicValueRW.obj
 0001:00001477       ?Release@CRegObject@ATL@@UAGKXZ 10002477 f i ElectronicValueRW.obj
 0001:0000147c       ?AddReplacement@CRegObject@ATL@@UAGJPB_W0@Z 1000247c f i ElectronicValueRW.obj
 0001:000014b5       ?ClearReplacements@CRegObject@ATL@@UAGJXZ 100024b5 f i ElectronicValueRW.obj
 0001:000014c7       ?GetTypeInfoCount@?$IDispatchImpl@UIOPOSElectronicValueRW@@$1?IID_IOPOSElectronicValueRW@@3U_GUID@@B$1?LIBID_OposElectronicValueRW_CCO@@3U3@B$00$0A@VCComTypeInfoHolder@ATL@@@ATL@@UAGJPAI@Z 100024c7 f i ElectronicValueRW.obj
 0001:000014e4       ?GetTypeInfo@?$IDispatchImpl@UIOPOSElectronicValueRW@@$1?IID_IOPOSElectronicValueRW@@3U_GUID@@B$1?LIBID_OposElectronicValueRW_CCO@@3U3@B$00$0A@VCComTypeInfoHolder@ATL@@@ATL@@UAGJIKPAPAUITypeInfo@@@Z 100024e4 f i ElectronicValueRW.obj
 0001:00001508       ?GetIDsOfNames@?$IDispatchImpl@UIOPOSElectronicValueRW@@$1?IID_IOPOSElectronicValueRW@@3U_GUID@@B$1?LIBID_OposElectronicValueRW_CCO@@3U3@B$00$0A@VCComTypeInfoHolder@ATL@@@ATL@@UAGJABU_GUID@@PAPA_WIKPAJ@Z 10002508 f i ElectronicValueRW.obj
 0001:00001528       ?Invoke@?$IDispatchImpl@UIOPOSElectronicValueRW@@$1?IID_IOPOSElectronicValueRW@@3U_GUID@@B$1?LIBID_OposElectronicValueRW_CCO@@3U3@B$00$0A@VCComTypeInfoHolder@ATL@@@ATL@@UAGJJABU_GUID@@KGPAUtagDISPPARAMS@@PAUtagVARIANT@@PAUtagEXCEPINFO@@PAI@Z 10002528 f i ElectronicValueRW.obj
 0001:00001536       ??_GCRegObject@ATL@@UAEPAXI@Z 10002536 f i ElectronicValueRW.obj
 0001:00001536       ??_ECRegObject@ATL@@UAEPAXI@Z 10002536 f i ElectronicValueRW.obj
 0001:00001558       ?CreateControlWindow@?$CComControl@VCOPOSElectronicValueRW@@V?$CWindowImpl@VCOPOSElectronicValueRW@@VCWindow@ATL@@V?$CWinTraits@$0FGAAAAAA@$0A@@3@@ATL@@@ATL@@UAEPAUHWND__@@PAU3@AAUtagRECT@@@Z 10002558 f i ElectronicValueRW.obj
 0001:00001587       ?ControlQueryInterface@?$CComControl@VCOPOSElectronicValueRW@@V?$CWindowImpl@VCOPOSElectronicValueRW@@VCWindow@ATL@@V?$CWinTraits@$0FGAAAAAA@$0A@@3@@ATL@@@ATL@@UAEJABU_GUID@@PAPAX@Z 10002587 f i ElectronicValueRW.obj
 0001:000015a2       ?GetUserClassID@?$IOleObjectImpl@VCOPOSElectronicValueRW@@@ATL@@UAGJPAU_GUID@@@Z 100025a2 f i ElectronicValueRW.obj
 0001:000015a2       ?GetClassID@?$IPersistStreamInitImpl@VCOPOSElectronicValueRW@@@ATL@@UAGJPAU_GUID@@@Z 100025a2 f i ElectronicValueRW.obj
 0001:000015a2       ?GetClassID@?$IPersistStorageImpl@VCOPOSElectronicValueRW@@@ATL@@UAGJPAU_GUID@@@Z 100025a2 f i ElectronicValueRW.obj
 0001:000015c6       ?IsDirty@?$IPersistStreamInitImpl@VCOPOSElectronicValueRW@@@ATL@@UAGJXZ 100025c6 f i ElectronicValueRW.obj
 0001:000015e5       ?Load@?$IPersistStreamInitImpl@VCOPOSElectronicValueRW@@@ATL@@UAGJPAUIStream@@@Z 100025e5 f i ElectronicValueRW.obj
 0001:00001604       ?Save@?$IPersistStreamInitImpl@VCOPOSElectronicValueRW@@@ATL@@UAGJPAUIStream@@H@Z 10002604 f i ElectronicValueRW.obj
 0001:00001626       ?GetSizeMax@?$IPersistStreamInitImpl@VCOPOSElectronicValueRW@@@ATL@@UAGJPAT_ULARGE_INTEGER@@@Z 10002626 f i ElectronicValueRW.obj
 0001:000017db       ?InitNew@?$IPersistStreamInitImpl@VCOPOSElectronicValueRW@@@ATL@@UAGJXZ 100027db f i ElectronicValueRW.obj
 0001:000017f8       ?GetControlInfo@?$IOleControlImpl@VCOPOSElectronicValueRW@@@ATL@@UAGJPAUtagCONTROLINFO@@@Z 100027f8 f i ElectronicValueRW.obj
 0001:000017f8       ?OnMnemonic@?$IOleControlImpl@VCOPOSElectronicValueRW@@@ATL@@UAGJPAUtagMSG@@@Z 100027f8 f i ElectronicValueRW.obj
 0001:000017f8       ?ContextSensitiveHelp@?$IOleInPlaceActiveObjectImpl@VCOPOSElectronicValueRW@@@ATL@@UAGJH@Z 100027f8 f i ElectronicValueRW.obj
 0001:000017f8       ?QueryGetData@?$IDataObjectImpl@VCOPOSElectronicValueRW@@@ATL@@UAGJPAUtagFORMATETC@@@Z 100027f8 f i ElectronicValueRW.obj
 0001:000017f8       ?GetDropTarget@?$IOleInPlaceObjectWindowlessImpl@VCOPOSElectronicValueRW@@@ATL@@UAGJPAPAUIDropTarget@@@Z 100027f8 f i ElectronicValueRW.obj
 0001:000017f8       ?Unfreeze@?$IViewObjectExImpl@VCOPOSElectronicValueRW@@@ATL@@UAGJK@Z 100027f8 f i ElectronicValueRW.obj
 0001:000017f8       ?SetColorScheme@?$IOleObjectImpl@VCOPOSElectronicValueRW@@@ATL@@UAGJPAUtagLOGPALETTE@@@Z 100027f8 f i ElectronicValueRW.obj
 0001:000017f8       ?ContextSensitiveHelp@?$IOleInPlaceObjectWindowlessImpl@VCOPOSElectronicValueRW@@@ATL@@UAGJH@Z 100027f8 f i ElectronicValueRW.obj
 0001:00001800       ?SaveCompleted@?$IPersistStorageImpl@VCOPOSElectronicValueRW@@@ATL@@UAGJPAUIStorage@@@Z 10002800 f i ElectronicValueRW.obj
 0001:00001800       ?EnableModeless@?$IOleInPlaceActiveObjectImpl@VCOPOSElectronicValueRW@@@ATL@@UAGJH@Z 10002800 f i ElectronicValueRW.obj
 0001:00001800       ?OnAmbientPropertyChange@?$IOleControlImpl@VCOPOSElectronicValueRW@@@ATL@@UAGJJ@Z 10002800 f i ElectronicValueRW.obj
 0001:00001800       ?OnFrameWindowActivate@?$IOleInPlaceActiveObjectImpl@VCOPOSElectronicValueRW@@@ATL@@UAGJH@Z 10002800 f i ElectronicValueRW.obj
 0001:00001805       ?SetClientSite@?$IOleObjectImpl@VCOPOSElectronicValueRW@@@ATL@@UAGJPAUIOleClientSite@@@Z 10002805 f i ElectronicValueRW.obj
 0001:00001822       ?GetClientSite@?$IOleObjectImpl@VCOPOSElectronicValueRW@@@ATL@@UAGJPAPAUIOleClientSite@@@Z 10002822 f i ElectronicValueRW.obj
 0001:0000183f       ?SetHostNames@?$IOleObjectImpl@VCOPOSElectronicValueRW@@@ATL@@UAGJPB_W0@Z 1000283f f i ElectronicValueRW.obj
 0001:00001844       ?Close@?$IOleObjectImpl@VCOPOSElectronicValueRW@@@ATL@@UAGJK@Z 10002844 f i ElectronicValueRW.obj
 0001:00001861       ?GetMoniker@?$IOleObjectImpl@VCOPOSElectronicValueRW@@@ATL@@UAGJKKPAPAUIMoniker@@@Z 10002861 f i ElectronicValueRW.obj
 0001:00001861       ?SetData@?$IDataObjectImpl@VCOPOSElectronicValueRW@@@ATL@@UAGJPAUtagFORMATETC@@PAUtagSTGMEDIUM@@H@Z 10002861 f i ElectronicValueRW.obj
 0001:00001861       ?InitFromData@?$IOleObjectImpl@VCOPOSElectronicValueRW@@@ATL@@UAGJPAUIDataObject@@HK@Z 10002861 f i ElectronicValueRW.obj
 0001:00001869       ?DoVerb@?$IOleObjectImpl@VCOPOSElectronicValueRW@@@ATL@@UAGJJPAUtagMSG@@PAUIOleClientSite@@JPAUHWND__@@PBUtagRECT@@@Z 10002869 f i ElectronicValueRW.obj
 0001:00001981       ?EnumVerbs@?$IOleObjectImpl@VCOPOSElectronicValueRW@@@ATL@@UAGJPAPAUIEnumOLEVERB@@@Z 10002981 f i ElectronicValueRW.obj
 0001:000019a3       ?GetUserType@?$IOleObjectImpl@VCOPOSElectronicValueRW@@@ATL@@UAGJKPAPA_W@Z 100029a3 f i ElectronicValueRW.obj
 0001:000019bb       ?SetExtent@?$IOleObjectImpl@VCOPOSElectronicValueRW@@@ATL@@UAGJKPAUtagSIZE@@@Z 100029bb f i ElectronicValueRW.obj
 0001:000019db       ?GetExtent@?$IOleObjectImpl@VCOPOSElectronicValueRW@@@ATL@@UAGJKPAUtagSIZE@@@Z 100029db f i ElectronicValueRW.obj
 0001:00001a19       ?Advise@?$IOleObjectImpl@VCOPOSElectronicValueRW@@@ATL@@UAGJPAUIAdviseSink@@PAK@Z 10002a19 f i ElectronicValueRW.obj
 0001:00001a39       ?Unadvise@?$IOleObjectImpl@VCOPOSElectronicValueRW@@@ATL@@UAGJK@Z 10002a39 f i ElectronicValueRW.obj
 0001:00001a68       ?EnumAdvise@?$IOleObjectImpl@VCOPOSElectronicValueRW@@@ATL@@UAGJPAPAUIEnumSTATDATA@@@Z 10002a68 f i ElectronicValueRW.obj
 0001:00001aa8       ?GetMiscStatus@?$IOleObjectImpl@VCOPOSElectronicValueRW@@@ATL@@UAGJKPAK@Z 10002aa8 f i ElectronicValueRW.obj
 0001:00001ac0       ?GetWindow@?$IOleInPlaceActiveObjectImpl@VCOPOSElectronicValueRW@@@ATL@@UAGJPAPAUHWND__@@@Z 10002ac0 f i ElectronicValueRW.obj
 0001:00001b0d       ?TranslateAcceleratorW@?$IOleInPlaceActiveObjectImpl@VCOPOSElectronicValueRW@@@ATL@@UAGJPAUtagMSG@@@Z 10002b0d f i ElectronicValueRW.obj
 0001:00001bab       ?OnDocWindowActivate@?$IOleInPlaceActiveObjectImpl@VCOPOSElectronicValueRW@@@ATL@@UAGJH@Z 10002bab f i ElectronicValueRW.obj
 0001:00001bcd       ?ResizeBorder@?$IOleInPlaceActiveObjectImpl@VCOPOSElectronicValueRW@@@ATL@@UAGJPBUtagRECT@@PAUIOleInPlaceUIWindow@@H@Z 10002bcd f i ElectronicValueRW.obj
 0001:00001bd2       ?Draw@?$IViewObjectExImpl@VCOPOSElectronicValueRW@@@ATL@@UAGJKJPAXPAUtagDVTARGETDEVICE@@PAUHDC__@@2PBU_RECTL@@3P6GHK@ZK@Z 10002bd2 f i ElectronicValueRW.obj
 0001:00001c04       ?GetColorSet@?$IViewObjectExImpl@VCOPOSElectronicValueRW@@@ATL@@UAGJKJPAXPAUtagDVTARGETDEVICE@@PAUHDC__@@PAPAUtagLOGPALETTE@@@Z 10002c04 f i ElectronicValueRW.obj
 0001:00001c0c       ?Freeze@?$IViewObjectExImpl@VCOPOSElectronicValueRW@@@ATL@@UAGJKJPAXPAK@Z 10002c0c f i ElectronicValueRW.obj
 0001:00001c14       ?SetAdvise@?$IViewObjectExImpl@VCOPOSElectronicValueRW@@@ATL@@UAGJKKPAUIAdviseSink@@@Z 10002c14 f i ElectronicValueRW.obj
 0001:00001c33       ?GetAdvise@?$IViewObjectExImpl@VCOPOSElectronicValueRW@@@ATL@@UAGJPAK0PAPAUIAdviseSink@@@Z 10002c33 f i ElectronicValueRW.obj
 0001:00001c68       ?GetExtent@?$IViewObjectExImpl@VCOPOSElectronicValueRW@@@ATL@@UAGJKJPAUtagDVTARGETDEVICE@@PAUtagSIZE@@@Z 10002c68 f i ElectronicValueRW.obj
 0001:00001c99       ?GetViewStatus@?$IViewObjectExImpl@VCOPOSElectronicValueRW@@@ATL@@UAGJPAK@Z 10002c99 f i ElectronicValueRW.obj
 0001:00001cb6       ?QueryHitPoint@?$IViewObjectExImpl@VCOPOSElectronicValueRW@@@ATL@@UAGJKPBUtagRECT@@UtagPOINT@@JPAK@Z 10002cb6 f i ElectronicValueRW.obj
 0001:00001cf7       ?QueryHitRect@?$IViewObjectExImpl@VCOPOSElectronicValueRW@@@ATL@@UAGJKPBUtagRECT@@0JPAK@Z 10002cf7 f i ElectronicValueRW.obj
 0001:00001d52       ?GetNaturalExtent@?$IViewObjectExImpl@VCOPOSElectronicValueRW@@@ATL@@UAGJKJPAUtagDVTARGETDEVICE@@PAUHDC__@@PAUtagExtentInfo@@PAUtagSIZE@@@Z 10002d52 f i ElectronicValueRW.obj
 0001:00001d9d       ?GetWindow@?$IOleInPlaceObjectWindowlessImpl@VCOPOSElectronicValueRW@@@ATL@@UAGJPAPAUHWND__@@@Z 10002d9d f i ElectronicValueRW.obj
 0001:00001dea       ?InPlaceDeactivate@?$IOleInPlaceObjectWindowlessImpl@VCOPOSElectronicValueRW@@@ATL@@UAGJXZ 10002dea f i ElectronicValueRW.obj
 0001:00001e04       ?UIDeactivate@?$IOleInPlaceObjectWindowlessImpl@VCOPOSElectronicValueRW@@@ATL@@UAGJXZ 10002e04 f i ElectronicValueRW.obj
 0001:00001e1e       ?SetObjectRects@?$IOleInPlaceObjectWindowlessImpl@VCOPOSElectronicValueRW@@@ATL@@UAGJPBUtagRECT@@0@Z 10002e1e f i ElectronicValueRW.obj
 0001:00001e3e       ?ReactivateAndUndo@?$IOleInPlaceObjectWindowlessImpl@VCOPOSElectronicValueRW@@@ATL@@UAGJXZ 10002e3e f i ElectronicValueRW.obj
 0001:00001e46       ?OnWindowMessage@?$IOleInPlaceObjectWindowlessImpl@VCOPOSElectronicValueRW@@@ATL@@UAGJIIJPAJ@Z 10002e46 f i ElectronicValueRW.obj
 0001:00001eb6       ?EnumConnectionPoints@?$IConnectionPointContainerImpl@VCOPOSElectronicValueRW@@@ATL@@UAGJPAPAUIEnumConnectionPoints@@@Z 10002eb6 f i ElectronicValueRW.obj
 0001:00002030       ?FindConnectionPoint@?$IConnectionPointContainerImpl@VCOPOSElectronicValueRW@@@ATL@@UAGJABU_GUID@@PAPAUIConnectionPoint@@@Z 10003030 f i ElectronicValueRW.obj
 0001:000020d3       ?IsDirty@?$IPersistStorageImpl@VCOPOSElectronicValueRW@@@ATL@@UAGJXZ 100030d3 f i ElectronicValueRW.obj
 0001:00002107       ?InitNew@?$IPersistStorageImpl@VCOPOSElectronicValueRW@@@ATL@@UAGJPAUIStorage@@@Z 10003107 f i ElectronicValueRW.obj
 0001:0000213b       ?Load@?$IPersistStorageImpl@VCOPOSElectronicValueRW@@@ATL@@UAGJPAUIStorage@@@Z 1000313b f i ElectronicValueRW.obj
 0001:000021a7       ?Save@?$IPersistStorageImpl@VCOPOSElectronicValueRW@@@ATL@@UAGJPAUIStorage@@H@Z 100031a7 f i ElectronicValueRW.obj
 0001:0000221a       ?GetPages@?$ISpecifyPropertyPagesImpl@VCOPOSElectronicValueRW@@@ATL@@UAGJPAUtagCAUUID@@@Z 1000321a f i ElectronicValueRW.obj
 0001:00002231       ?QuickActivate@?$IQuickActivateImpl@VCOPOSElectronicValueRW@@@ATL@@UAGJPAUtagQACONTAINER@@PAUtagQACONTROL@@@Z 10003231 f i ElectronicValueRW.obj
 0001:00002254       ?SetContentExtent@?$IQuickActivateImpl@VCOPOSElectronicValueRW@@@ATL@@UAGJPAUtagSIZE@@@Z 10003254 f i ElectronicValueRW.obj
 0001:00002280       ?GetContentExtent@?$IQuickActivateImpl@VCOPOSElectronicValueRW@@@ATL@@UAGJPAUtagSIZE@@@Z 10003280 f i ElectronicValueRW.obj
 0001:000022a0       ?GetData@?$IDataObjectImpl@VCOPOSElectronicValueRW@@@ATL@@UAGJPAUtagFORMATETC@@PAUtagSTGMEDIUM@@@Z 100032a0 f i ElectronicValueRW.obj
 0001:000022c3       ?DAdvise@?$IDataObjectImpl@VCOPOSElectronicValueRW@@@ATL@@UAGJPAUtagFORMATETC@@KPAUIAdviseSink@@PAK@Z 100032c3 f i ElectronicValueRW.obj
 0001:00002304       ?DUnadvise@?$IDataObjectImpl@VCOPOSElectronicValueRW@@@ATL@@UAGJK@Z 10003304 f i ElectronicValueRW.obj
 0001:00002332       ?EnumDAdvise@?$IDataObjectImpl@VCOPOSElectronicValueRW@@@ATL@@UAGJPAPAUIEnumSTATDATA@@@Z 10003332 f i ElectronicValueRW.obj
 0001:00002371       ?GetClassInfoW@?$IProvideClassInfo2Impl@$1?CLSID_OPOSElectronicValueRW@@3U_GUID@@B$1?DIID__IOPOSElectronicValueRWEvents@@3U2@B$1?LIBID_OposElectronicValueRW_CCO@@3U2@B$00$0A@VCComTypeInfoHolder@ATL@@@ATL@@UAGJPAPAUITypeInfo@@@Z 10003371 f i ElectronicValueRW.obj
 0001:00002387       ?GetGUID@?$IProvideClassInfo2Impl@$1?CLSID_OPOSElectronicValueRW@@3U_GUID@@B$1?DIID__IOPOSElectronicValueRWEvents@@3U2@B$1?LIBID_OposElectronicValueRW_CCO@@3U2@B$00$0A@VCComTypeInfoHolder@ATL@@@ATL@@UAGJKPAU_GUID@@@Z 10003387 f i ElectronicValueRW.obj
 0001:000023c5       ?FAccessAllowed@?$IObjectSafetyImpl@VCOPOSElectronicValueRW@@$02@ATL@@MAEHXZ 100033c5 f i ElectronicValueRW.obj
 0001:000023c5       __get_startup_argv_mode    100033c5 f i LIBCMT:argv_mode.obj
 0001:000023c9       ?GetInterfaceSafetyOptions@?$IObjectSafetyImpl@VCOPOSElectronicValueRW@@$02@ATL@@UAGJABU_GUID@@PAK1@Z 100033c9 f i ElectronicValueRW.obj
 0001:0000243d       ?SetInterfaceSafetyOptions@?$IObjectSafetyImpl@VCOPOSElectronicValueRW@@$02@ATL@@UAGJABU_GUID@@KK@Z 1000343d f i ElectronicValueRW.obj
 0001:000024b7       ?_LocCPQueryInterface@?$IConnectionPointImpl@VCOPOSElectronicValueRW@@$1?IID_IPropertyNotifySink@@3U_GUID@@BVCComDynamicUnkArray@ATL@@@ATL@@UAGJABU_GUID@@PAPAX@Z 100034b7 f i ElectronicValueRW.obj
 0001:000024b7       ?_LocCPQueryInterface@?$IConnectionPointImpl@VCOPOSElectronicValueRW@@$1?DIID__IOPOSElectronicValueRWEvents@@3U_GUID@@BVCComDynamicUnkArray@ATL@@@ATL@@UAGJABU_GUID@@PAPAX@Z 100034b7 f i ElectronicValueRW.obj
 0001:00002504       ?GetConnectionInterface@?$IConnectionPointImpl@VCOPOSElectronicValueRW@@$1?IID_IPropertyNotifySink@@3U_GUID@@BVCComDynamicUnkArray@ATL@@@ATL@@UAGJPAU_GUID@@@Z 10003504 f i ElectronicValueRW.obj
 0001:00002528       ?GetConnectionPointContainer@?$IConnectionPointImpl@VCOPOSElectronicValueRW@@$1?IID_IPropertyNotifySink@@3U_GUID@@BVCComDynamicUnkArray@ATL@@@ATL@@UAGJPAPAUIConnectionPointContainer@@@Z 10003528 f i ElectronicValueRW.obj
 0001:0000254b       ?Advise@?$IConnectionPointImpl@VCOPOSElectronicValueRW@@$1?IID_IPropertyNotifySink@@3U_GUID@@BVCComDynamicUnkArray@ATL@@@ATL@@UAGJPAUIUnknown@@PAK@Z 1000354b f i ElectronicValueRW.obj
 0001:0000254b       ?Advise@?$IConnectionPointImpl@VCOPOSElectronicValueRW@@$1?DIID__IOPOSElectronicValueRWEvents@@3U_GUID@@BVCComDynamicUnkArray@ATL@@@ATL@@UAGJPAUIUnknown@@PAK@Z 1000354b f i ElectronicValueRW.obj
 0001:000025ec       ?Unadvise@?$IConnectionPointImpl@VCOPOSElectronicValueRW@@$1?DIID__IOPOSElectronicValueRWEvents@@3U_GUID@@BVCComDynamicUnkArray@ATL@@@ATL@@UAGJK@Z 100035ec f i ElectronicValueRW.obj
 0001:000025ec       ?Unadvise@?$IConnectionPointImpl@VCOPOSElectronicValueRW@@$1?IID_IPropertyNotifySink@@3U_GUID@@BVCComDynamicUnkArray@ATL@@@ATL@@UAGJK@Z 100035ec f i ElectronicValueRW.obj
 0001:0000262c       ?EnumConnections@?$IConnectionPointImpl@VCOPOSElectronicValueRW@@$1?DIID__IOPOSElectronicValueRWEvents@@3U_GUID@@BVCComDynamicUnkArray@ATL@@@ATL@@UAGJPAPAUIEnumConnections@@@Z 1000362c f i ElectronicValueRW.obj
 0001:0000262c       ?EnumConnections@?$IConnectionPointImpl@VCOPOSElectronicValueRW@@$1?IID_IPropertyNotifySink@@3U_GUID@@BVCComDynamicUnkArray@ATL@@@ATL@@UAGJPAPAUIEnumConnections@@@Z 1000362c f i ElectronicValueRW.obj
 0001:00002732       ?GetConnectionInterface@?$IConnectionPointImpl@VCOPOSElectronicValueRW@@$1?DIID__IOPOSElectronicValueRWEvents@@3U_GUID@@BVCComDynamicUnkArray@ATL@@@ATL@@UAGJPAU_GUID@@@Z 10003732 f i ElectronicValueRW.obj
 0001:00002756       ?GetConnectionPointContainer@?$IConnectionPointImpl@VCOPOSElectronicValueRW@@$1?DIID__IOPOSElectronicValueRWEvents@@3U_GUID@@BVCComDynamicUnkArray@ATL@@@ATL@@UAGJPAPAUIConnectionPointContainer@@@Z 10003756 f i ElectronicValueRW.obj
 0001:00002779       ?UpdateRegistry@COPOSElectronicValueRW@@SGJH@Z 10003779 f i ElectronicValueRW.obj
 0001:00002791       ?ProcessWindowMessage@COPOSElectronicValueRW@@UAEHPAUHWND__@@IIJAAJK@Z 10003791 f i ElectronicValueRW.obj
 0001:000027da       ?SOData@COPOSElectronicValueRW@@MAGJJ@Z 100037da f i ElectronicValueRW.obj
 0001:00002813       ?SODirectIO@COPOSElectronicValueRW@@MAGJJPAJPAPA_W@Z 10003813 f i ElectronicValueRW.obj
 0001:0000285c       ?SOError@COPOSElectronicValueRW@@MAGJJJJPAJ@Z 1000385c f i ElectronicValueRW.obj
 0001:000028b1       ?SOOutputComplete@COPOSElectronicValueRW@@MAGJJ@Z 100038b1 f i ElectronicValueRW.obj
 0001:000028ea       ?SOStatusUpdate@COPOSElectronicValueRW@@MAGJJ@Z 100038ea f i ElectronicValueRW.obj
 0001:00002923       ?SOTransition@COPOSElectronicValueRW@@MAGJJPAJPAPA_W@Z 10003923 f i ElectronicValueRW.obj
 0001:0000296c       ?CreateInstance@?$CComCreator@V?$CComObjectCached@VCComClassFactory@ATL@@@ATL@@@ATL@@SGJPAXABU_GUID@@PAPAX@Z 1000396c f i ElectronicValueRW.obj
 0001:000029ff       ?CreateInstance@?$CComCreator2@V?$CComCreator@V?$CComObject@VCOPOSElectronicValueRW@@@ATL@@@ATL@@V?$CComCreator@V?$CComAggObject@VCOPOSElectronicValueRW@@@ATL@@@2@@ATL@@SGJPAXABU_GUID@@PAPAX@Z 100039ff f i ElectronicValueRW.obj
 0001:00002a1f       ??$?4UITypeInfo2@@@?$CComPtr@UITypeInfo@@@ATL@@QAEPAUITypeInfo@@ABV?$CComPtr@UITypeInfo2@@@1@@Z 10003a1f f i ElectronicValueRW.obj
 0001:00002a4c       ??$AtlAdd@K@ATL@@YAJPAKKK@Z 10003a4c f i ElectronicValueRW.obj
 0001:00002a6f       ??$AtlAdd@_K@ATL@@YAJPA_K_K1@Z 10003a6f f i ElectronicValueRW.obj
 0001:00002aa7       ??$AtlAddThrow@K@ATL@@YAKKK@Z 10003aa7 f i ElectronicValueRW.obj
 0001:00002acd       ??$AtlModuleRegisterWndClassInfoT@VAtlModuleRegisterWndClassInfoParamW@ATL@@@ATL@@YAGPAU_ATL_BASE_MODULE70@0@PAU_ATL_WIN_MODULE70@0@PAU_ATL_WNDCLASSINFOW@0@PAP6GJPAUHWND__@@IIJ@ZVAtlModuleRegisterWndClassInfoParamW@0@@Z 10003acd f i ElectronicValueRW.obj
 0001:00002c1b       ??$AtlMultiply@H@ATL@@YAJPAHHH@Z 10003c1b f i ElectronicValueRW.obj
 0001:00002c53       ??$AtlMultiply@K@ATL@@YAJPAKKK@Z 10003c53 f i ElectronicValueRW.obj
 0001:00002c53       ??$AtlMultiply@I@ATL@@YAJPAIII@Z 10003c53 f i ElectronicValueRW.obj
 0001:00002c75       ??$AtlMultiplyThrow@I@ATL@@YAIII@Z 10003c75 f i ElectronicValueRW.obj
 0001:00002c9b       ??0?$CComAggObject@VCOPOSElectronicValueRW@@@ATL@@QAE@PAX@Z 10003c9b f i ElectronicValueRW.obj
 0001:00002cc8       ??0?$CComContainedObject@VCOPOSElectronicValueRW@@@ATL@@QAE@PAX@Z 10003cc8 f i ElectronicValueRW.obj
 0001:00002d81       ??0?$CComObject@V?$CComEnum@UIEnumConnectionPoints@@$1?_GUID_b196b285_bab4_101a_b69c_00aa00341d07@@3U__s_GUID@@BPAUIConnectionPoint@@V?$_CopyInterface@UIConnectionPoint@@@ATL@@VCComSingleThreadModel@6@@ATL@@@ATL@@QAE@PAX@Z 10003d81 f i ElectronicValueRW.obj
 0001:00002daf       ??0?$CComObject@V?$CComEnum@UIEnumConnections@@$1?_GUID_b196b287_bab4_101a_b69c_00aa00341d07@@3U__s_GUID@@BUtagCONNECTDATA@@V?$_Copy@UtagCONNECTDATA@@@ATL@@VCComSingleThreadModel@6@@ATL@@@ATL@@QAE@PAX@Z 10003daf f i ElectronicValueRW.obj
 0001:00002ddd       ??0?$CComObject@VCOPOSElectronicValueRW@@@ATL@@QAE@PAX@Z 10003ddd f i ElectronicValueRW.obj
 0001:00002e94       ??0?$CComQIPtr@UIOleControlSite@@$1?_GUID_b196b289_bab4_101a_b69c_00aa00341d07@@3U__s_GUID@@B@ATL@@QAE@PAUIUnknown@@@Z 10003e94 f i ElectronicValueRW.obj
 0001:00002ebd       ??0CAtlModule@ATL@@QAE@XZ  10003ebd f i ElectronicValueRW.obj
 0001:00002efe       ??0CParseBuffer@CRegParser@ATL@@QAE@H@Z 10003efe f i ElectronicValueRW.obj
 0001:00002f34       ??0_ATL_MSG@ATL@@QAE@PAUHWND__@@IIJH@Z 10003f34 f i ElectronicValueRW.obj
 0001:00002f6c       ??1?$CComAggObject@VCOPOSElectronicValueRW@@@ATL@@UAE@XZ 10003f6c f i ElectronicValueRW.obj
 0001:00002f90       ??1?$CComEnumImpl@UIEnumConnectionPoints@@$1?_GUID_b196b285_bab4_101a_b69c_00aa00341d07@@3U__s_GUID@@BPAUIConnectionPoint@@V?$_CopyInterface@UIConnectionPoint@@@ATL@@@ATL@@UAE@XZ 10003f90 f i ElectronicValueRW.obj
 0001:00002fd0       ??1?$CComEnumImpl@UIEnumConnections@@$1?_GUID_b196b287_bab4_101a_b69c_00aa00341d07@@3U__s_GUID@@BUtagCONNECTDATA@@V?$_Copy@UtagCONNECTDATA@@@ATL@@@ATL@@UAE@XZ 10003fd0 f i ElectronicValueRW.obj
 0001:00003010       ??1?$CComObject@V?$CComEnum@UIEnumConnectionPoints@@$1?_GUID_b196b285_bab4_101a_b69c_00aa00341d07@@3U__s_GUID@@BPAUIConnectionPoint@@V?$_CopyInterface@UIConnectionPoint@@@ATL@@VCComSingleThreadModel@6@@ATL@@@ATL@@UAE@XZ 10004010 f i ElectronicValueRW.obj
 0001:00003033       ??1?$CComObject@V?$CComEnum@UIEnumConnections@@$1?_GUID_b196b287_bab4_101a_b69c_00aa00341d07@@3U__s_GUID@@BUtagCONNECTDATA@@V?$_Copy@UtagCONNECTDATA@@@ATL@@VCComSingleThreadModel@6@@ATL@@@ATL@@UAE@XZ 10004033 f i ElectronicValueRW.obj
 0001:00003056       ??1?$CComObject@VCOPOSElectronicValueRW@@@ATL@@UAE@XZ 10004056 f i ElectronicValueRW.obj
 0001:00003114       ??1?$CComObjectCached@VCComClassFactory@ATL@@@ATL@@UAE@XZ 10004114 f i ElectronicValueRW.obj
 0001:0000312a       ??1?$CComObjectRootEx@VCComMultiThreadModel@ATL@@@ATL@@QAE@XZ 1000412a f i ElectronicValueRW.obj
 0001:0000313f       ??1CRegObject@ATL@@UAE@XZ  1000413f f i ElectronicValueRW.obj
 0001:0000315f       ??4?$CComPtr@UIAdviseSink@@@ATL@@QAEPAUIAdviseSink@@PAU2@@Z 1000415f f i ElectronicValueRW.obj
 0001:0000315f       ??4?$CComPtr@UIUnknown@@@ATL@@QAEPAUIUnknown@@PAU2@@Z 1000415f f i ElectronicValueRW.obj
 0001:0000315f       ??4?$CComPtr@UIOleClientSite@@@ATL@@QAEPAUIOleClientSite@@PAU2@@Z 1000415f f i ElectronicValueRW.obj
 0001:00003193       ??4?$CComQIPtr@UIOleObject@@$1?_GUID_00000112_0000_0000_c000_000000000046@@3U__s_GUID@@B@ATL@@QAEPAUIOleObject@@PAUIUnknown@@@Z 10004193 f i ElectronicValueRW.obj
 0001:000031b8       ??4?$CComQIPtr@UISpecifyPropertyPages@@$1?_GUID_b196b28b_bab4_101a_b69c_00aa00341d07@@3U__s_GUID@@B@ATL@@QAEPAUISpecifyPropertyPages@@PAUIUnknown@@@Z 100041b8 f i ElectronicValueRW.obj
 0001:000031dd       ??_E?$CComContainedObject@VCOPOSElectronicValueRW@@@ATL@@UAEPAXI@Z 100041dd f i ElectronicValueRW.obj
 0001:000031dd       ??_G?$CComContainedObject@VCOPOSElectronicValueRW@@@ATL@@UAEPAXI@Z 100041dd f i ElectronicValueRW.obj
 0001:00003202       ??_E?$CComObject@VCOPOSElectronicValueRW@@@ATL@@UAEPAXI@Z 10004202 f i ElectronicValueRW.obj
 0001:00003202       ??_G?$CComObject@VCOPOSElectronicValueRW@@@ATL@@UAEPAXI@Z 10004202 f i ElectronicValueRW.obj
 0001:00003227       ?Add@?$CSimpleArray@GV?$CSimpleArrayEqualHelper@G@ATL@@@ATL@@QAEHABG@Z 10004227 f i ElectronicValueRW.obj
 0001:000032ab       ?Add@?$CSimpleMap@PA_WPA_WVCExpansionVectorEqualHelper@ATL@@@ATL@@QAEHABQA_W0@Z 100042ab f i ElectronicValueRW.obj
 0001:00003300       ?Add@CComDynamicUnkArray@ATL@@QAEKPAUIUnknown@@@Z 10004300 f i ElectronicValueRW.obj
 0001:000033bb       ?Add@CExpansionVector@ATL@@QAEHPB_W0@Z 100043bb f i ElectronicValueRW.obj
 0001:000034bf       ?AddString@CParseBuffer@CRegParser@ATL@@QAEHPB_W@Z 100044bf f i ElectronicValueRW.obj
 0001:000034f4       ?AddValue@CRegParser@ATL@@IAEJAAVCRegKey@2@PB_WPA_W@Z 100044f4 f i ElectronicValueRW.obj
 0001:00003815       ?Allocate@?$CAtlSafeAllocBufferManager@VCCRTAllocator@ATL@@@_ATL_SAFE_ALLOCA_IMPL@ATL@@QAEPAXK@Z 10004815 f i ElectronicValueRW.obj
 0001:00003842       ?Allocate@?$CTempBuffer@E$0BAA@VCCRTAllocator@ATL@@@ATL@@QAEPAEI@Z 10004842 f i ElectronicValueRW.obj
 0001:00003871       ?Allocate@?$CTempBuffer@_W$0BAA@VCCRTAllocator@ATL@@@ATL@@QAEPA_WI@Z 10004871 f i ElectronicValueRW.obj
 0001:000038a0       ?Allocate@?$CTempBuffer@_W$0EAA@VCCRTAllocator@ATL@@@ATL@@QAEPA_WI@Z 100048a0 f i ElectronicValueRW.obj
 0001:000038cf       ?AllocateHeap@?$CTempBuffer@_W$0BAA@VCCRTAllocator@ATL@@@ATL@@AAEXI@Z 100048cf f i ElectronicValueRW.obj
 0001:000038cf       ?AllocateHeap@?$CTempBuffer@_W$0EAA@VCCRTAllocator@ATL@@@ATL@@AAEXI@Z 100048cf f i ElectronicValueRW.obj
 0001:000038cf       ?AllocateHeap@?$CTempBuffer@E$0BAA@VCCRTAllocator@ATL@@@ATL@@AAEXI@Z 100048cf f i ElectronicValueRW.obj
 0001:000038f4       ?Append@CParseBuffer@CRegParser@ATL@@QAEHPB_WH@Z 100048f4 f i ElectronicValueRW.obj
 0001:00003982       ?AtlCallTermFunc@ATL@@YGXPAU_ATL_MODULE70@1@@Z 10004982 f i ElectronicValueRW.obj
 0001:000039c6       ?AtlCoTaskMemCAlloc@ATL@@YAPAXKK@Z 100049c6 f i ElectronicValueRW.obj
 0001:000039f3       ?AtlCoTaskMemRecalloc@ATL@@YAPAXPAXKK@Z 100049f3 f i ElectronicValueRW.obj
 0001:00003a23       ?AtlComModuleGetClassObject@ATL@@YGJPAU_ATL_COM_MODULE70@1@ABU_GUID@@1PAPAX@Z 10004a23 f i ElectronicValueRW.obj
 0001:00003b16       ?AtlComModuleRegisterServer@ATL@@YGJPAU_ATL_COM_MODULE70@1@HPBU_GUID@@@Z 10004b16 f i ElectronicValueRW.obj
 0001:00003b9e       ?AtlComModuleUnregisterServer@ATL@@YGJPAU_ATL_COM_MODULE70@1@HPBU_GUID@@@Z 10004b9e f i ElectronicValueRW.obj
 0001:00003c26       ?AtlComQIPtrAssign2@ATL@@YAXPAPAUIUnknown@@PAU2@ABU_GUID@@@Z 10004c26 f i ElectronicValueRW.obj
 0001:00003c55       ?AtlCreateTargetDC@ATL@@YGPAUHDC__@@PAU2@PAUtagDVTARGETDEVICE@@@Z 10004c55 f i ElectronicValueRW.obj
 0001:00003cbe       ?AtlCrtErrorCheck@ATL@@YAHH@Z 10004cbe f i ElectronicValueRW.obj
 0001:00003cf9       ?AtlHiMetricToPixel@ATL@@YGXPBUtagSIZE@@PAU2@@Z 10004cf9 f i ElectronicValueRW.obj
 0001:00003d6e       ?AtlHresultFromLastError@ATL@@YAJXZ 10004d6e f i ElectronicValueRW.obj
 0001:00003d85       ?AtlHresultFromWin32@ATL@@YAJK@Z 10004d85 f i ElectronicValueRW.obj
 0001:00003d9a       ?AtlIPersistStreamInit_Load@ATL@@YGJPAUIStream@@PBUATL_PROPMAP_ENTRY@1@PAXPAUIUnknown@@@Z 10004d9a f i ElectronicValueRW.obj
 0001:00003f7a       ?AtlIPersistStreamInit_Save@ATL@@YGJPAUIStream@@HPBUATL_PROPMAP_ENTRY@1@PAXPAUIUnknown@@@Z 10004f7a f i ElectronicValueRW.obj
 0001:00004112       ?AtlInternalOleLoadFromStream@ATL@@YAJPAUIStream@@ABU_GUID@@PAPAXTClassesAllowedInStream@1@K@Z 10005112 f i ElectronicValueRW.obj
 0001:00004238       ?AtlInternalQueryInterface@ATL@@YGJPAXPBU_ATL_INTMAP_ENTRY@1@ABU_GUID@@PAPAX@Z 10005238 f i ElectronicValueRW.obj
 0001:000042db       ?AtlLoadTypeLib@ATL@@YGJPAUHINSTANCE__@@PB_WPAPA_WPAPAUITypeLib@@@Z 100052db f i ElectronicValueRW.obj
 0001:000044b9       ?AtlModuleAddTermFunc@ATL@@YGJPAU_ATL_MODULE70@1@P6GXK@ZK@Z 100054b9 f i ElectronicValueRW.obj
 0001:00004516       ?AtlRegisterClassCategoriesHelper@ATL@@YGJABU_GUID@@PBU_ATL_CATMAP_ENTRY@1@H@Z 10005516 f i ElectronicValueRW.obj
 0001:000047f6       ?AtlRegisterTypeLib@ATL@@YGJPAUHINSTANCE__@@PB_W@Z 100057f6 f i ElectronicValueRW.obj
 0001:0000497e       ?AtlThrowImpl@ATL@@YGXJ@Z  1000597e f i ElectronicValueRW.obj
 0001:0000499c       ?AtlUnRegisterTypeLib@ATL@@YGJPAUHINSTANCE__@@PB_W@Z 1000599c f i ElectronicValueRW.obj
 0001:00004a47       ?AtlWinModuleAddCreateWndData@ATL@@YGXPAU_ATL_WIN_MODULE70@1@PAU_AtlCreateWndData@1@PAX@Z 10005a47 f i ElectronicValueRW.obj
 0001:00004a9b       ?AtlWinModuleExtractCreateWndData@ATL@@YGPAXPAU_ATL_WIN_MODULE70@1@@Z 10005a9b f i ElectronicValueRW.obj
 0001:00004afe       ?AtlWinModuleRegisterClassExW@ATL@@YGGPAU_ATL_WIN_MODULE70@1@PBUtagWNDCLASSEXW@@@Z 10005afe f i ElectronicValueRW.obj
 0001:00004b3d       ?CanForceRemoveKey@CRegParser@ATL@@IAEHPB_W@Z 10005b3d f i ElectronicValueRW.obj
 0001:00004b6c       ?ChToByte@CRegParser@ATL@@KAE_W@Z 10005b6c f i ElectronicValueRW.obj
 0001:00004b9f       ?Cleanup@CComTypeInfoHolder@ATL@@SGXK@Z 10005b9f f i ElectronicValueRW.obj
 0001:00004bd2       ?ClearReplacements@CExpansionVector@ATL@@QAEJXZ 10005bd2 f i ElectronicValueRW.obj
 0001:00004c0f       ?Close@CRegKey@ATL@@QAEJXZ 10005c0f f i ElectronicValueRW.obj
 0001:00004c29       ?CreateInstance@?$CComCreator@V?$CComAggObject@VCOPOSElectronicValueRW@@@ATL@@@ATL@@SGJPAXABU_GUID@@PAPAX@Z 10005c29 f i ElectronicValueRW.obj
 0001:00004c9f       ?CreateInstance@?$CComCreator@V?$CComObject@VCOPOSElectronicValueRW@@@ATL@@@ATL@@SGJPAXABU_GUID@@PAPAX@Z 10005c9f f i ElectronicValueRW.obj
 0001:00004d20       ?CreateInstance@?$CComObject@V?$CComEnum@UIEnumConnectionPoints@@$1?_GUID_b196b285_bab4_101a_b69c_00aa00341d07@@3U__s_GUID@@BPAUIConnectionPoint@@V?$_CopyInterface@UIConnectionPoint@@@ATL@@VCComSingleThreadModel@6@@ATL@@@ATL@@SGJPAPAV12@@Z 10005d20 f i ElectronicValueRW.obj
 0001:00004d67       ?CreateInstance@?$CComObject@V?$CComEnum@UIEnumConnections@@$1?_GUID_b196b287_bab4_101a_b69c_00aa00341d07@@3U__s_GUID@@BUtagCONNECTDATA@@V?$_Copy@UtagCONNECTDATA@@@ATL@@VCComSingleThreadModel@6@@ATL@@@ATL@@SGJPAPAV12@@Z 10005d67 f i ElectronicValueRW.obj
 0001:00004dae       ?DefaultReflectionHandler@?$CWindowImplRoot@VCWindow@ATL@@@ATL@@SAHPAUHWND__@@IIJAAJ@Z 10005dae f i ElectronicValueRW.obj
 0001:00004e21       ?DeleteSubKey@CRegKey@ATL@@QAEJPB_W@Z 10005e21 f i ElectronicValueRW.obj
 0001:00004e9a       ?DoEvent@COPOSElectronicValueRW@@IAEXIIJ@Z 10005e9a f i ElectronicValueRW.obj
 0001:00004f1a       ?DoVerbHide@?$IOleObjectImpl@VCOPOSElectronicValueRW@@@ATL@@QAEJPBUtagRECT@@PAUHWND__@@@Z 10005f1a f i ElectronicValueRW.obj
 0001:00004f50       ?DoVerbInPlaceActivate@?$IOleObjectImpl@VCOPOSElectronicValueRW@@@ATL@@QAEJPBUtagRECT@@PAUHWND__@@@Z 10005f50 f i ElectronicValueRW.obj
 0001:00004f83       ?DoVerbPrimary@?$IOleObjectImpl@VCOPOSElectronicValueRW@@@ATL@@QAEJPBUtagRECT@@PAUHWND__@@@Z 10005f83 f i ElectronicValueRW.obj
 0001:0000500f       ?DoVerbProperties@CComControlBase@ATL@@QAEJPBUtagRECT@@PAUHWND__@@@Z 1000600f f i ElectronicValueRW.obj
 0001:00005136       ?DoVerbShow@?$IOleObjectImpl@VCOPOSElectronicValueRW@@@ATL@@QAEJPBUtagRECT@@PAUHWND__@@@Z 10006136 f i ElectronicValueRW.obj
 0001:0000515b       ?DoVerbUIActivate@?$IOleObjectImpl@VCOPOSElectronicValueRW@@@ATL@@QAEJPBUtagRECT@@PAUHWND__@@@Z 1000615b f i ElectronicValueRW.obj
 0001:00005198       ?DoesVerbActivate@CComControlBase@ATL@@QAEHJ@Z 10006198 f i ElectronicValueRW.obj
 0001:000051b9       ?DoesVerbUIActivate@CComControlBase@ATL@@QAEHJ@Z 100061b9 f i ElectronicValueRW.obj
 0001:000051ee       ?EndOfVar@CRegParser@ATL@@IAEHXZ 100061ee f i ElectronicValueRW.obj
 0001:0000520e       ?EscapeSingleQuote@CAtlModule@ATL@@SAXPA_WIPB_W@Z 1000620e f i ElectronicValueRW.obj
 0001:0000525d       ?FindKey@?$CSimpleMap@PA_WPA_WVCExpansionVectorEqualHelper@ATL@@@ATL@@QBEHABQA_W@Z 1000625d f i ElectronicValueRW.obj
 0001:00005294       ?FireTheEvent@?$CProxy_IOPOSEvents@VCOPOSElectronicValueRW@@@@IAEXPAVOposVariant@@IAAJPB_WJ@Z 10006294 f i ElectronicValueRW.obj
 0001:00005326       ?FireViewChange@CComControlBase@ATL@@QAEJXZ 10006326 f i ElectronicValueRW.obj
 0001:0000536f       ?Fire_DataEvent@?$CProxy_IOPOSEvents@VCOPOSElectronicValueRW@@@@QAEXJ@Z 1000636f f i ElectronicValueRW.obj
 0001:000053fb       ?Fire_DirectIOEvent@?$CProxy_IOPOSEvents@VCOPOSElectronicValueRW@@@@QAEXJPAJPAPA_W@Z 100063fb f i ElectronicValueRW.obj
 0001:000054e1       ?Fire_ErrorEvent@?$CProxy_IOPOSEvents@VCOPOSElectronicValueRW@@@@QAEXJJJPAJ@Z 100064e1 f i ElectronicValueRW.obj
 0001:000055c8       ?Fire_OutputCompleteEvent@?$CProxy_IOPOSEvents@VCOPOSElectronicValueRW@@@@QAEXJ@Z 100065c8 f i ElectronicValueRW.obj
 0001:00005654       ?Fire_StatusUpdateEvent@?$CProxy_IOPOSEvents@VCOPOSElectronicValueRW@@@@QAEXJ@Z 10006654 f i ElectronicValueRW.obj
 0001:000056e0       ?Fire_TransitionEvent@?$CProxy_IOPOSEvents@VCOPOSElectronicValueRW@@@@QAEXJPAJPAPA_W@Z 100066e0 f i ElectronicValueRW.obj
 0001:000057c6       ?FreeHeap@?$CTempBuffer@_W$0EAA@VCCRTAllocator@ATL@@@ATL@@AAEXXZ 100067c6 f i ElectronicValueRW.obj
 0001:000057c6       ?FreeHeap@?$CTempBuffer@_W$0BAA@VCCRTAllocator@ATL@@@ATL@@AAEXXZ 100067c6 f i ElectronicValueRW.obj
 0001:000057c6       ?FreeHeap@?$CTempBuffer@E$0BAA@VCCRTAllocator@ATL@@@ATL@@AAEXXZ 100067c6 f i ElectronicValueRW.obj
 0001:000057cf       ?GetAmbientLocaleID@CComControlBase@ATL@@QAEJAAK@Z 100067cf f i ElectronicValueRW.obj
 0001:0000582b       ?GetAmbientUserMode@CComControlBase@ATL@@QAEJAAH@Z 1000682b f i ElectronicValueRW.obj
 0001:0000589b       ?GetAt@CComDynamicUnkArray@ATL@@QAEPAUIUnknown@@H@Z 1000689b f i ElectronicValueRW.obj
 0001:000058b7       ?GetClassObject@CComModule@ATL@@QAEJABU_GUID@@0PAPAX@Z 100068b7 f i ElectronicValueRW.obj
 0001:00005959       ?GetConnMap@COPOSElectronicValueRW@@SAPBU_ATL_CONNMAP_ENTRY@ATL@@PAH@Z 10006959 f i ElectronicValueRW.obj
 0001:000059c9       ?GetCookie@CComDynamicUnkArray@ATL@@QAGKPAPAUIUnknown@@@Z 100069c9 f i ElectronicValueRW.obj
 0001:00005a01       ?GetIDsOfNames@CComTypeInfoHolder@ATL@@QAEJABU_GUID@@PAPA_WIKPAJ@Z 10006a01 f i ElectronicValueRW.obj
 0001:00005b0f       ?GetKeyAt@?$CSimpleMap@PA_WPA_WVCExpansionVectorEqualHelper@ATL@@@ATL@@QBEAAPA_WH@Z 10006b0f f i ElectronicValueRW.obj
 0001:00005b34       ?GetPagesHelper@?$ISpecifyPropertyPagesImpl@VCOPOSElectronicValueRW@@@ATL@@IAEJPAUtagCAUUID@@PBUATL_PROPMAP_ENTRY@2@@Z 10006b34 f i ElectronicValueRW.obj
 0001:00005c5b       ?GetProperty@?$CComPtr@UIDispatch@@@ATL@@SAJPAUIDispatch@@JPAUtagVARIANT@@@Z 10006c5b f i ElectronicValueRW.obj
 0001:00005caa       ?GetSizeMax@CComVariant@ATL@@QBEJPAT_ULARGE_INTEGER@@@Z 10006caa f i ElectronicValueRW.obj
 0001:00005e64       ?GetStreamSize@CComBSTR@ATL@@SAKPA_W@Z 10006e64 f i ElectronicValueRW.obj
 0001:00005e7e       ?GetTI@CComTypeInfoHolder@ATL@@QAEJK@Z 10006e7e f i ElectronicValueRW.obj
 0001:00006067       ?GetTI@CComTypeInfoHolder@ATL@@QAEJKPAPAUITypeInfo@@@Z 10007067 f i ElectronicValueRW.obj
 0001:000060a9       ?GetUnknown@CComDynamicUnkArray@ATL@@QAGPAUIUnknown@@K@Z 100070a9 f i ElectronicValueRW.obj
 0001:000060ca       ?GetValueAt@?$CSimpleMap@PA_WPA_WVCExpansionVectorEqualHelper@ATL@@@ATL@@QBEAAPA_WH@Z 100070ca f i ElectronicValueRW.obj
 0001:000060f0       ?GetZoomInfo@CComControlBase@ATL@@QAEXAAUATL_DRAWINFO@@@Z 100070f0 f i ElectronicValueRW.obj
 0001:00006183       ?HKeyFromString@CRegParser@ATL@@KAPAUHKEY__@@PA_W@Z 10007183 f i ElectronicValueRW.obj
 0001:000061b1       ?HasSubKeys@CRegParser@ATL@@IAEHPAUHKEY__@@@Z 100071b1 f i ElectronicValueRW.obj
 0001:000061e6       ?IDataObject_GetData@CComControlBase@ATL@@QAEJPAUtagFORMATETC@@PAUtagSTGMEDIUM@@@Z 100071e6 f i ElectronicValueRW.obj
 0001:0000638c       ?IOleInPlaceObject_InPlaceDeactivate@CComControlBase@ATL@@QAEJXZ 1000738c f i ElectronicValueRW.obj
 0001:00006413       ?IOleInPlaceObject_SetObjectRects@CComControlBase@ATL@@QAEJPBUtagRECT@@0@Z 10007413 f i ElectronicValueRW.obj
 0001:000064e0       ?IOleInPlaceObject_UIDeactivate@CComControlBase@ATL@@QAEJXZ 100074e0 f i ElectronicValueRW.obj
 0001:000065a2       ?IOleObject_Advise@CComControlBase@ATL@@QAEJPAUIAdviseSink@@PAK@Z 100075a2 f i ElectronicValueRW.obj
 0001:000065cc       ?IOleObject_Close@CComControlBase@ATL@@QAEJK@Z 100075cc f i ElectronicValueRW.obj
 0001:000066b0       ?IOleObject_GetClientSite@CComControlBase@ATL@@QAEJPAPAUIOleClientSite@@@Z 100076b0 f i ElectronicValueRW.obj
 0001:000066d9       ?IOleObject_SetClientSite@CComControlBase@ATL@@QAEJPAUIOleClientSite@@@Z 100076d9 f i ElectronicValueRW.obj
 0001:00006718       ?IOleObject_SetExtent@CComControlBase@ATL@@QAEJKPAUtagSIZE@@@Z 10007718 f i ElectronicValueRW.obj
 0001:000067cc       ?IPSI_GetIPersistStreamInit@?$IPersistStorageImpl@VCOPOSElectronicValueRW@@@ATL@@AAEPAUIPersistStreamInit@@XZ 100077cc f i ElectronicValueRW.obj
 0001:0000680e       ?IPersistStreamInit_Load@?$IPersistStreamInitImpl@VCOPOSElectronicValueRW@@@ATL@@QAEJPAUIStream@@PBUATL_PROPMAP_ENTRY@2@@Z 1000780e f i ElectronicValueRW.obj
 0001:0000683a       ?IPersistStreamInit_Save@?$IPersistStreamInitImpl@VCOPOSElectronicValueRW@@@ATL@@QAEJPAUIStream@@HPBUATL_PROPMAP_ENTRY@2@@Z 1000783a f i ElectronicValueRW.obj
 0001:0000686f       ?IQuickActivate_QuickActivate@CComControlBase@ATL@@QAEJPAUtagQACONTAINER@@PAUtagQACONTROL@@@Z 1000786f f i ElectronicValueRW.obj
 0001:00006ab1       ?IViewObject_Draw@CComControlBase@ATL@@QAEJKJPAXPAUtagDVTARGETDEVICE@@PAUHDC__@@2PBU_RECTL@@3@Z 10007ab1 f i ElectronicValueRW.obj
 0001:00006b59       ?InPlaceActivate@CComControlBase@ATL@@QAEJJPBUtagRECT@@@Z 10007b59 f i ElectronicValueRW.obj
 0001:00006dca       ?Init@?$CComEnumImpl@UIEnumConnectionPoints@@$1?_GUID_b196b285_bab4_101a_b69c_00aa00341d07@@3U__s_GUID@@BPAUIConnectionPoint@@V?$_CopyInterface@UIConnectionPoint@@@ATL@@@ATL@@QAEJPAPAUIConnectionPoint@@0PAUIUnknown@@W4CComEnumFlags@2@@Z 10007dca f i ElectronicValueRW.obj
 0001:00006ea9       ?Init@?$CComEnumImpl@UIEnumConnections@@$1?_GUID_b196b287_bab4_101a_b69c_00aa00341d07@@3U__s_GUID@@BUtagCONNECTDATA@@V?$_Copy@UtagCONNECTDATA@@@ATL@@@ATL@@QAEJPAUtagCONNECTDATA@@0PAUIUnknown@@W4CComEnumFlags@2@@Z 10007ea9 f i ElectronicValueRW.obj
 0001:00006f88       ?Init@CComModule@ATL@@QAEJPAU_ATL_OBJMAP_ENTRY30@2@PAUHINSTANCE__@@PBU_GUID@@@Z 10007f88 f i ElectronicValueRW.obj
 0001:00006fe7       ?Init@CDynamicStdCallThunk2@ATL@@QAEHKPAX@Z 10007fe7 f i ElectronicValueRW.obj
 0001:00007012       ?InlineIsEqualUnknown@ATL@@YGHABU_GUID@@@Z 10008012 f i ElectronicValueRW.obj
 0001:0000703a       ?InternalGetSite@CComControlBase@ATL@@QAEJABU_GUID@@PAPAX@Z 1000803a f i ElectronicValueRW.obj
 0001:00007068       ?InternalSetAtIndex@?$CSimpleMap@PA_WPA_WVCExpansionVectorEqualHelper@ATL@@@ATL@@QAEXHABQA_W0@Z 10008068 f i ElectronicValueRW.obj
 0001:00007092       ?Invoke@CComTypeInfoHolder@ATL@@QAEJPAUIDispatch@@JABU_GUID@@KGPAUtagDISPPARAMS@@PAUtagVARIANT@@PAUtagEXCEPINFO@@PAI@Z 10008092 f i ElectronicValueRW.obj
 0001:000070d5       ?IsEqualObject@?$CComPtrBase@UIOleClientSite@@@ATL@@QAE_NPAUIUnknown@@@Z 100080d5 f i ElectronicValueRW.obj
 0001:000070d5       ?IsEqualObject@?$CComPtrBase@UITypeInfo@@@ATL@@QAE_NPAUIUnknown@@@Z 100080d5 f i ElectronicValueRW.obj
 0001:00007142       ?IsSpace@CRegParser@ATL@@IAEH_W@Z 10008142 f i ElectronicValueRW.obj
 0001:0000716c       ?LoadNameCache@CComTypeInfoHolder@ATL@@QAEJPAUITypeInfo@@@Z 1000816c f i ElectronicValueRW.obj
 0001:000072ba       ?Lookup@?$CSimpleMap@PA_WPA_WVCExpansionVectorEqualHelper@ATL@@@ATL@@QBEPA_WABQA_W@Z 100082ba f i ElectronicValueRW.obj
 0001:000072e0       ?NextToken@CRegParser@ATL@@IAEJPA_W@Z 100082e0 f i ElectronicValueRW.obj
 0001:00007418       ?OnKillFocus@CComControlBase@ATL@@QAEJIIJAAH@Z 10008418 f i ElectronicValueRW.obj
 0001:00007473       ?OnMouseActivate@CComControlBase@ATL@@QAEJIIJAAH@Z 10008473 f i ElectronicValueRW.obj
 0001:000074e1       ?OnPaint@CComControlBase@ATL@@QAEJIIJAAH@Z 100084e1 f i ElectronicValueRW.obj
 0001:00007593       ?OnSetFocus@CComControlBase@ATL@@QAEJIIJAAH@Z 10008593 f i ElectronicValueRW.obj
 0001:0000761c       ?Open@CRegKey@ATL@@QAEJPAUHKEY__@@PB_WK@Z 1000861c f i ElectronicValueRW.obj
 0001:00007671       ?PreProcessBuffer@CRegParser@ATL@@QAEJPA_WPAPA_W@Z 10008671 f i ElectronicValueRW.obj
 0001:000078db       ?ProcessWindowMessage@?$CComControl@VCOPOSElectronicValueRW@@V?$CWindowImpl@VCOPOSElectronicValueRW@@VCWindow@ATL@@V?$CWinTraits@$0FGAAAAAA@$0A@@3@@ATL@@@ATL@@UAEHPAUHWND__@@IIJAAJK@Z 100088db f i ElectronicValueRW.obj
 0001:0000797a       ?PutProperty@?$CComPtr@UIDispatch@@@ATL@@SAJPAUIDispatch@@JPAUtagVARIANT@@@Z 1000897a f i ElectronicValueRW.obj
 0001:00007a0c       ?ReadFromStream@CComBSTR@ATL@@QAEJPAUIStream@@@Z 10008a0c f i ElectronicValueRW.obj
 0001:00007b3a       ?ReadFromStream@CComVariant@ATL@@QAEJPAUIStream@@GTClassesAllowedInStream@2@K@Z 10008b3a f i ElectronicValueRW.obj
 0001:00007cc0       ?RecurseDeleteKey@CRegKey@ATL@@QAEJPB_W@Z 10008cc0 f i ElectronicValueRW.obj
 0001:00007d82       ?RegCreateKeyExW@CAtlTransactionManager@ATL@@QAEJPAUHKEY__@@PB_WKPA_WKKQAU_SECURITY_ATTRIBUTES@@PAPAU3@PAK@Z 10008d82 f i ElectronicValueRW.obj
 0001:00007de5       ?RegDeleteKeyW@CAtlTransactionManager@ATL@@QAEJPAUHKEY__@@PB_W@Z 10008de5 f i ElectronicValueRW.obj
 0001:00007e37       ?RegOpenKeyExW@CAtlTransactionManager@ATL@@QAEJPAUHKEY__@@PB_WKKPAPAU3@@Z 10008e37 f i ElectronicValueRW.obj
 0001:00007e8e       ?Register@_ATL_WNDCLASSINFOW@ATL@@QAEGPAP6GJPAUHWND__@@IIJ@Z@Z 10008e8e f i ElectronicValueRW.obj
 0001:00007eae       ?RegisterBuffer@CRegParser@ATL@@QAEJPA_WH@Z 10008eae f i ElectronicValueRW.obj
 0001:00007fe7       ?RegisterFromResource@CRegObject@ATL@@IAEJPB_W00H@Z 10008fe7 f i ElectronicValueRW.obj
 0001:0000811d       ?RegisterServer@?$CAtlModuleT@VCComModule@ATL@@@ATL@@QAEJHPBU_GUID@@@Z 1000911d f i ElectronicValueRW.obj
 0001:0000814b       ?RegisterServer@CComModule@ATL@@QAEJHPBU_GUID@@@Z 1000914b f i ElectronicValueRW.obj
 0001:000081c1       ?RegisterSubkeys@CRegParser@ATL@@IAEJPA_WPAUHKEY__@@HH@Z 100091c1 f i ElectronicValueRW.obj
 0001:00008790       ?Remove@CComDynamicUnkArray@ATL@@QAEHK@Z 10009790 f i ElectronicValueRW.obj
 0001:000087b9       ?RemoveAll@?$CSimpleMap@PA_WPA_WVCExpansionVectorEqualHelper@ATL@@@ATL@@QAEXXZ 100097b9 f i ElectronicValueRW.obj
 0001:000087e5       ?ResourceRegisterSz@CRegObject@ATL@@QAGJPB_W00@Z 100097e5 f i ElectronicValueRW.obj
 0001:00008812       ?ResourceUnregisterSz@CRegObject@ATL@@QAGJPB_W00@Z 10009812 f i ElectronicValueRW.obj
 0001:0000883f       ?SendOnDataChange@CComControlBase@ATL@@QAEJK@Z 1000983f f i ElectronicValueRW.obj
 0001:0000888c       ?SetControlFocus@CComControlBase@ATL@@QAEHH@Z 1000988c f i ElectronicValueRW.obj
 0001:00008929       ?SetMultiStringValue@CRegKey@ATL@@QAEJPB_W0@Z 10009929 f i ElectronicValueRW.obj
 0001:00008985       ?SetStringValue@CRegKey@ATL@@QAEJPB_W0K@Z 10009985 f i ElectronicValueRW.obj
 0001:000089ce       ?SkipAssignment@CRegParser@ATL@@IAEJPA_W@Z 100099ce f i ElectronicValueRW.obj
 0001:00008a33       ?SkipWhiteSpace@CRegParser@ATL@@IAEXXZ 10009a33 f i ElectronicValueRW.obj
 0001:00008a55       ?StrChrW@CRegParser@ATL@@KAPA_WPA_W_W@Z 10009a55 f i ElectronicValueRW.obj
 0001:00008a92       ?Term@CAtlModule@ATL@@QAEXXZ 10009a92 f i ElectronicValueRW.obj
 0001:00008acb       ?Term@CComModule@ATL@@QAEXXZ 10009acb f i ElectronicValueRW.obj
 0001:00008b23       ?UnregisterServer@?$CAtlModuleT@VCComModule@ATL@@@ATL@@QAEJHPBU_GUID@@@Z 10009b23 f i ElectronicValueRW.obj
 0001:00008b49       ?UnregisterServer@CComModule@ATL@@QAEJHPBU_GUID@@@Z 10009b49 f i ElectronicValueRW.obj
 0001:00008bbf       ?UpdateRegistryFromResource@CAtlModule@ATL@@QAGJIHPAU_ATL_REGMAP_ENTRY@2@@Z 10009bbf f i ElectronicValueRW.obj
 0001:00008d8a       ?UpdateRegistryFromResource@CAtlModule@ATL@@QAGJPB_WHPAU_ATL_REGMAP_ENTRY@2@@Z 10009d8a f i ElectronicValueRW.obj
 0001:00008f5b       ?VTFromRegType@CRegParser@ATL@@KAHPB_WAAG@Z 10009f5b f i ElectronicValueRW.obj
 0001:00008fc8       ?WindowProc@?$CWindowImplBaseT@VCWindow@ATL@@V?$CWinTraits@$0FGAAAAAA@$0A@@2@@ATL@@SGJPAUHWND__@@IIJ@Z 10009fc8 f i ElectronicValueRW.obj
 0001:000090ba       ?WriteToStream@CComBSTR@ATL@@QAEJPAUIStream@@@Z 1000a0ba f i ElectronicValueRW.obj
 0001:00009111       ?WriteToStream@CComVariant@ATL@@QAEJPAUIStream@@@Z 1000a111 f i ElectronicValueRW.obj
 0001:0000928b       ?WriteToStream@CComVariant@ATL@@QAEJPAUIStream@@G@Z 1000a28b f i ElectronicValueRW.obj
 0001:000092f4       ?_AtlInitialConstruct@?$CComObjectRootEx@VCComMultiThreadModel@ATL@@@ATL@@QAEJXZ 1000a2f4 f i ElectronicValueRW.obj
 0001:00009309       ?_AtlVerifyStackAvailable@_ATL_SAFE_ALLOCA_IMPL@ATL@@YA_NK@Z 1000a309 f i ElectronicValueRW.obj
 0001:00009387       ?atlCreate@?$CWindowImpl@VCOPOSElectronicValueRW@@VCWindow@ATL@@V?$CWinTraits@$0FGAAAAAA@$0A@@3@@ATL@@QAEPAUHWND__@@PAU3@V_U_RECT@2@PB_WKKV_U_MENUorID@2@PAX@Z 1000a387 f i ElectronicValueRW.obj
 0001:000093cb       ?atlCreate@?$CWindowImplBaseT@VCWindow@ATL@@V?$CWinTraits@$0FGAAAAAA@$0A@@2@@ATL@@QAEPAUHWND__@@PAU3@V_U_RECT@2@PB_WKKV_U_MENUorID@2@GPAX@Z 1000a3cb f i ElectronicValueRW.obj
 0001:00009467       ?atlCreate@CRegKey@ATL@@QAEJPAUHKEY__@@PB_WPA_WKKPAU_SECURITY_ATTRIBUTES@@PAK@Z 1000a467 f i ElectronicValueRW.obj
 0001:000094d6       ?copy@?$_Copy@UtagCONNECTDATA@@@ATL@@SAJPAUtagCONNECTDATA@@PBU3@@Z 1000a4d6 f i ElectronicValueRW.obj
 0001:0000950c       ?copy@?$_CopyInterface@UIConnectionPoint@@@ATL@@SAJPAPAUIConnectionPoint@@PBQAU3@@Z 1000a50c f i ElectronicValueRW.obj
 0001:0000953a       ?memcpy_s@Checked@ATL@@YAXPAXIPBXI@Z 1000a53a f i ElectronicValueRW.obj
 0001:00009559       ?ocscpy_s@@YA_NPA_WIPB_W@Z 1000a559 f i ElectronicValueRW.obj
 0001:00009588       ?ocslen@@YAHPB_W@Z         1000a588 f i ElectronicValueRW.obj
 0001:000095a8       ?wcscpy_s@Checked@ATL@@YAXPA_WIPB_W@Z 1000a5a8 f i ElectronicValueRW.obj
 0001:000095c4       _DllCanUnloadNow@0         1000a5c4 f   ElectronicValueRW.obj
 0001:000095d0       _DllGetClassObject@12      1000a5d0 f   ElectronicValueRW.obj
 0001:000095de       _DllMain@12                1000a5de f   ElectronicValueRW.obj
 0001:00009620       _DllRegisterServer@0       1000a620 f   ElectronicValueRW.obj
 0001:0000962f       _DllUnregisterServer@0     1000a62f f   ElectronicValueRW.obj
 0001:0000963e       _InlineIsEqualGUID         1000a63e f i ElectronicValueRW.obj
 0001:0000966e       ___local_stdio_printf_options 1000a66e f i ElectronicValueRW.obj
 0001:00009674       __vswprintf_s_l            1000a674 f i ElectronicValueRW.obj
 0001:00009721       _swprintf_s                1000a721 f i ElectronicValueRW.obj
 0001:0000973d       ??0?$CComControl@VCOPOSElectronicValueRW@@V?$CWindowImpl@VCOPOSElectronicValueRW@@VCWindow@ATL@@V?$CWinTraits@$0FGAAAAAA@$0A@@3@@ATL@@@ATL@@QAE@XZ 1000a73d f i ElectronicValueRWImpl.obj
 0001:00009764       ??0?$CProxy_IOPOSEvents@VCOPOSElectronicValueRW@@@@QAE@XZ 1000a764 f i ElectronicValueRWImpl.obj
 0001:0000978a       ??0CComControlBase@ATL@@QAE@AAPAUHWND__@@@Z 1000a78a f i ElectronicValueRWImpl.obj
 0001:000097d4       ??0COPOSElectronicValueRW@@QAE@XZ 1000a7d4 f   ElectronicValueRWImpl.obj
 0001:0000980a       ??1?$CComControl@VCOPOSElectronicValueRW@@V?$CWindowImpl@VCOPOSElectronicValueRW@@VCWindow@ATL@@V?$CWinTraits@$0FGAAAAAA@$0A@@3@@ATL@@@ATL@@UAE@XZ 1000a80a f i ElectronicValueRWImpl.obj
 0001:00009823       ??1?$IConnectionPointImpl@VCOPOSElectronicValueRW@@$1?DIID__IOPOSElectronicValueRWEvents@@3U_GUID@@BVCComDynamicUnkArray@ATL@@@ATL@@QAE@XZ 1000a823 f i ElectronicValueRWImpl.obj
 0001:00009823       ??1?$IConnectionPointImpl@VCOPOSElectronicValueRW@@$1?IID_IPropertyNotifySink@@3U_GUID@@BVCComDynamicUnkArray@ATL@@@ATL@@QAE@XZ 1000a823 f i ElectronicValueRWImpl.obj
 0001:00009860       ??1CComControlBase@ATL@@UAE@XZ 1000a860 f i ElectronicValueRWImpl.obj
 0001:000098c3       ??1COPOSElectronicValueRW@@UAE@XZ 1000a8c3 f   ElectronicValueRWImpl.obj
 0001:0000990b       ??1OposVariantResult@@QAE@XZ 1000a90b f i ElectronicValueRWImpl.obj
 0001:0000992c       ??1_CW@@QAE@XZ             1000a92c f i ElectronicValueRWImpl.obj
 0001:00009945       ?AccessDailyLog@COPOSElectronicValueRW@@UAGJJJJPAJ@Z 1000a945 f   ElectronicValueRWImpl.obj
 0001:000099db       ?AccessData@COPOSElectronicValueRW@@UAGJJPAJPAPA_W0@Z 1000a9db f   ElectronicValueRWImpl.obj
 0001:00009a89       ?AccessLog@COPOSElectronicValueRW@@UAGJJJJPAJ@Z 1000aa89 f   ElectronicValueRWImpl.obj
 0001:00009b1f       ?ActivateEVService@COPOSElectronicValueRW@@UAGJPAJPAPA_W0@Z 1000ab1f f   ElectronicValueRWImpl.obj
 0001:00009b9f       ?ActivateService@COPOSElectronicValueRW@@UAGJPAJPAPA_W0@Z 1000ab9f f   ElectronicValueRWImpl.obj
 0001:00009c1f       ?AddValue@COPOSElectronicValueRW@@UAGJJJPAJ@Z 1000ac1f f   ElectronicValueRWImpl.obj
 0001:00009c93       ?AuthorizeCompletion@COPOSElectronicValueRW@@UAGJJTtagCY@@0JPAJ@Z 1000ac93 f   ElectronicValueRWImpl.obj
 0001:00009d3a       ?AuthorizePreSales@COPOSElectronicValueRW@@UAGJJTtagCY@@0JPAJ@Z 1000ad3a f   ElectronicValueRWImpl.obj
 0001:00009de1       ?AuthorizeRefund@COPOSElectronicValueRW@@UAGJJTtagCY@@0JPAJ@Z 1000ade1 f   ElectronicValueRWImpl.obj
 0001:00009e88       ?AuthorizeSales@COPOSElectronicValueRW@@UAGJJTtagCY@@0JPAJ@Z 1000ae88 f   ElectronicValueRWImpl.obj
 0001:00009f2f       ?AuthorizeVoid@COPOSElectronicValueRW@@UAGJJTtagCY@@0JPAJ@Z 1000af2f f   ElectronicValueRWImpl.obj
 0001:00009fd6       ?AuthorizeVoidPreSales@COPOSElectronicValueRW@@UAGJJTtagCY@@0JPAJ@Z 1000afd6 f   ElectronicValueRWImpl.obj
 0001:0000a07d       ?BeginDetection@COPOSElectronicValueRW@@UAGJJJPAJ@Z 1000b07d f   ElectronicValueRWImpl.obj
 0001:0000a0f1       ?BeginRemoval@COPOSElectronicValueRW@@UAGJJPAJ@Z 1000b0f1 f   ElectronicValueRWImpl.obj
 0001:0000a140       ?CancelValue@COPOSElectronicValueRW@@UAGJJJPAJ@Z 1000b140 f   ElectronicValueRWImpl.obj
 0001:0000a1b4       ?CaptureCard@COPOSElectronicValueRW@@UAGJPAJ@Z 1000b1b4 f   ElectronicValueRWImpl.obj
 0001:0000a1cf       ?CashDeposit@COPOSElectronicValueRW@@UAGJJTtagCY@@JPAJ@Z 1000b1cf f   ElectronicValueRWImpl.obj
 0001:0000a268       ?CheckCard@COPOSElectronicValueRW@@UAGJJJPAJ@Z 1000b268 f   ElectronicValueRWImpl.obj
 0001:0000a2dc       ?CheckHealth@COPOSElectronicValueRW@@UAGJJPAJ@Z 1000b2dc f   ElectronicValueRWImpl.obj
 0001:0000a32b       ?CheckServiceRegistrationToMedium@COPOSElectronicValueRW@@UAGJJJPAJ@Z 1000b32b f   ElectronicValueRWImpl.obj
 0001:0000a39f       ?ClaimDevice@COPOSElectronicValueRW@@UAGJJPAJ@Z 1000b39f f   ElectronicValueRWImpl.obj
 0001:0000a414       ?ClearInput@COPOSElectronicValueRW@@UAGJPAJ@Z 1000b414 f   ElectronicValueRWImpl.obj
 0001:0000a42f       ?ClearInputProperties@COPOSElectronicValueRW@@UAGJPAJ@Z 1000b42f f   ElectronicValueRWImpl.obj
 0001:0000a44a       ?ClearOutput@COPOSElectronicValueRW@@UAGJPAJ@Z 1000b44a f   ElectronicValueRWImpl.obj
 0001:0000a465       ?ClearParameterInformation@COPOSElectronicValueRW@@UAGJPAJ@Z 1000b465 f   ElectronicValueRWImpl.obj
 0001:0000a480       ?Close@COPOSElectronicValueRW@@UAGJPAJ@Z 1000b480 f   ElectronicValueRWImpl.obj
 0001:0000a4ee       ?CloseDailyEVService@COPOSElectronicValueRW@@UAGJPAJPAPA_W0@Z 1000b4ee f   ElectronicValueRWImpl.obj
 0001:0000a56e       ?CompareFirmwareVersion@COPOSElectronicValueRW@@UAGJPA_WPAJ1@Z 1000b56e f   ElectronicValueRWImpl.obj
 0001:0000a5ee       ?DeactivateEVService@COPOSElectronicValueRW@@UAGJPAJPAPA_W0@Z 1000b5ee f   ElectronicValueRWImpl.obj
 0001:0000a66e       ?DirectIO@COPOSElectronicValueRW@@UAGJJPAJPAPA_W0@Z 1000b66e f   ElectronicValueRWImpl.obj
 0001:0000a71c       ?DoInvoke@COPOSElectronicValueRW@@IAEJJPAVOposVariant@@IHPAJ_N@Z 1000b71c f   ElectronicValueRWImpl.obj
 0001:0000a7de       ?EndDetection@COPOSElectronicValueRW@@UAGJPAJ@Z 1000b7de f   ElectronicValueRWImpl.obj
 0001:0000a7f9       ?EndRemoval@COPOSElectronicValueRW@@UAGJPAJ@Z 1000b7f9 f   ElectronicValueRWImpl.obj
 0001:0000a814       ?EnumerateCardServices@COPOSElectronicValueRW@@UAGJPAJ@Z 1000b814 f   ElectronicValueRWImpl.obj
 0001:0000a82f       ?EventClose@COPOSElectronicValueRW@@IAEXXZ 1000b82f f i ElectronicValueRWImpl.obj
 0001:0000a862       ?EventInit@COPOSElectronicValueRW@@IAEJXZ 1000b862 f i ElectronicValueRWImpl.obj
 0001:0000a92e       ?EventUninit@COPOSElectronicValueRW@@IAEXXZ 1000b92e f i ElectronicValueRWImpl.obj
[...]
 0002:00002248       ?candidate_modules@?1??try_get_FlsSetValue@@YAP6GHKPAX@ZXZ@4QBW4module_id@?A0x5d2a34d3@@B 10022248     libvcruntime:winapi_downlevel.obj
 0002:0000225c       ?candidate_modules@?1??try_get_InitializeCriticalSectionEx@@YAP6GHPAU_RTL_CRITICAL_SECTION@@KK@ZXZ@4QBW4module_id@?A0x5d2a34d3@@B 1002225c     libvcruntime:winapi_downlevel.obj
 0002:000022a0       ?tokenTable@@3QBQBDB       100222a0     libvcruntime:undname.obj
 0002:000022e0       ?nameTable@@3QBQBDB        100222e0     libvcruntime:undname.obj
 0002:00002428       ?rttiTable@@3QBQBDB        10022428     libvcruntime:undname.obj
 0002:00002a40       _errtable                  10022a40     libucrt:errno.obj
 0002:00002ce8       ___acrt_initializers       10022ce8     libucrt:initialization.obj
 0002:00002d60       _module_names              10022d60     libucrt:winapi_thunks.obj
 0002:000032a8       ?candidate_modules@?1??try_get_FlsAlloc@@YAP6GKP6GXPAX@Z@ZXZ@4QBW4module_id@?A0x352e5c4b@@B 100232a8     libucrt:winapi_thunks.obj
 0002:000032bc       ?candidate_modules@?1??try_get_FlsFree@@YAP6GHK@ZXZ@4QBW4module_id@?A0x352e5c4b@@B 100232bc     libucrt:winapi_thunks.obj
 0002:000032cc       ?candidate_modules@?1??try_get_FlsGetValue@@YAP6GPAXK@ZXZ@4QBW4module_id@?A0x352e5c4b@@B 100232cc     libucrt:winapi_thunks.obj
 0002:000032e0       ?candidate_modules@?1??try_get_FlsSetValue@@YAP6GHKPAX@ZXZ@4QBW4module_id@?A0x352e5c4b@@B 100232e0     libucrt:winapi_thunks.obj
 0002:000032f4       ?candidate_modules@?1??try_get_GetCurrentPackageId@@YAP6GJPAIPAE@ZXZ@4QBW4module_id@?A0x352e5c4b@@B 100232f4     libucrt:winapi_thunks.obj
 0002:00003310       ?candidate_modules@?1??try_get_InitializeCriticalSectionEx@@YAP6GHPAU_RTL_CRITICAL_SECTION@@KK@ZXZ@4QBW4module_id@?A0x352e5c4b@@B 10023310     libucrt:winapi_thunks.obj
 0002:00003334       ?candidate_modules@?1??try_get_LCMapStringEx@@YAP6GHPB_WK0HPA_WHPAU_nlsversioninfo@@PAXJ@ZXZ@4QBW4module_id@?A0x352e5c4b@@B 10023334     libucrt:winapi_thunks.obj
 0002:0000334c       ?candidate_modules@?1??try_get_LocaleNameToLCID@@YAP6GKPB_WK@ZXZ@4QBW4module_id@?A0x352e5c4b@@B 1002334c     libucrt:winapi_thunks.obj
 0002:00003368       ?candidate_modules@?1??try_get_SetThreadStackGuarantee@@YAP6GHPAK@ZXZ@4QBW4module_id@?A0x352e5c4b@@B 10023368     libucrt:winapi_thunks.obj
 0002:00003894       __mb_locale_names          10023894     libucrt:mbctype.obj
 0002:000040e0       _LcidToLocaleNameTable     100240e0     libucrt:lcidtoname_downlevel.obj
 0002:00005208       _LocaleNameToIndexTable    10025208     libucrt:lcidtoname_downlevel.obj
 0002:00006b40       LOG_name                   10026b40     libucrt:log10.obj
 0002:00006b50       _One                       10026b50     libucrt:ceil_pentium4.obj
 0002:00006b60       _Bns                       10026b60     libucrt:ceil_pentium4.obj
 0002:00006b70       _Zero                      10026b70     libucrt:ceil_pentium4.obj
 0002:00006b80       _S                         10026b80     libucrt:ceil_pentium4.obj
 0002:00006b90       _NegZero                   10026b90     libucrt:ceil_pentium4.obj
 0002:00006ba0       emask                      10026ba0     libucrt:log10_pentium4.obj
 0002:00006bb0       CC                         10026bb0     libucrt:log10_pentium4.obj
 0002:00006bc0       Magic                      10026bc0     libucrt:log10_pentium4.obj
 0002:00006bd0       hi_mask                    10026bd0     libucrt:log10_pentium4.obj
 0002:00006be0       LOG10_2                    10026be0     libucrt:log10_pentium4.obj
 0002:00006bf0       place_L                    10026bf0     libucrt:log10_pentium4.obj
 0002:00006c10       One                        10026c10     libucrt:log10_pentium4.obj
 0002:00006c20       Zero                       10026c20     libucrt:log10_pentium4.obj
 0002:00006c30       Two52                      10026c30     libucrt:log10_pentium4.obj
 0002:00006c40       Infs                       10026c40     libucrt:log10_pentium4.obj
 0002:00006c50       NaN                        10026c50     libucrt:log10_pentium4.obj
 0002:00006c60       coeff                      10026c60     libucrt:log10_pentium4.obj
 0002:00006cbe       _log2max                   10026cbe     libucrt:87tran.obj
 0002:00006cc8       _smallarg                  10026cc8     libucrt:87tran.obj
 0002:00006cd2       _half                      10026cd2     libucrt:87tran.obj
 0002:00006d1e       One                        10026d1e     libucrt:87disp.obj
 0002:00006d26       Three                      10026d26     libucrt:87disp.obj
 0002:00006d2e       XAMtoTagTab                10026d2e     libucrt:87disp.obj
 0002:00006d40       One                        10026d40     libucrt:common.obj
 0002:00006d54       DblMax                     10026d54     libucrt:common.obj
 0002:00006d5c       DblMin                     10026d5c     libucrt:common.obj
 0002:00006d64       IeeeAdjO                   10026d64     libucrt:common.obj
 0002:00006d6c       IeeeAdjU                   10026d6c     libucrt:common.obj
 0002:00006d74       _infinity                  10026d74     libucrt:common.obj
 0002:00006d7c       _zero                      10026d7c     libucrt:common.obj
 0002:00006db8       _over                      10026db8     libucrt:fpctrl.obj
 0002:00006dc4       _under                     10026dc4     libucrt:fpctrl.obj
 0002:00007688       ?_names@?1??_get_fname@@9@9 10027688     libucrt:fpexcept.obj
 0002:00007e60       __sehtable$?_AtlVerifyStackAvailable@_ATL_SAFE_ALLOCA_IMPL@ATL@@YA_NK@Z 10027e60     ElectronicValueRW.obj
 0002:00007e80       __sehtable$___scrt_is_nonwritable_in_current_image 10027e80     LIBCMT:utility.obj
 0002:00007e9c       __ehfuncinfo$?__scrt_initialize_thread_safe_statics_platform_specific@@YAXXZ 10027e9c     LIBCMT:thread_safe_statics.obj
 0002:00007ec0       __catchsym$??2@YAPAXIABUnothrow_t@std@@@Z$2 10027ec0     LIBCMT:new_scalar_nothrow.obj
 0002:00007ed0       __unwindtable$??2@YAPAXIABUnothrow_t@std@@@Z 10027ed0     LIBCMT:new_scalar_nothrow.obj
 0002:00007ee0       __tryblocktable$??2@YAPAXIABUnothrow_t@std@@@Z 10027ee0     LIBCMT:new_scalar_nothrow.obj
 0002:00007ef4       __ehfuncinfo$??2@YAPAXIABUnothrow_t@std@@@Z 10027ef4     LIBCMT:new_scalar_nothrow.obj
 0002:00007f18       __sehtable$?dllmain_crt_process_attach@@YAHQAUHINSTANCE__@@QAX@Z 10027f18     LIBCMT:dll_dllmain.obj
 0002:00007f38       __sehtable$?dllmain_crt_process_detach@@YAH_N@Z 10027f38     LIBCMT:dll_dllmain.obj
 0002:00007f58       __sehtable$?dllmain_dispatch@@YAHQAUHINSTANCE__@@KQAX@Z 10027f58     LIBCMT:dll_dllmain.obj
 0002:00008008       __sehtable$?FrameUnwindToState@__FrameHandler3@@SAXPAUEHRegistrationNode@@PAXPBU_s_FuncInfo@@H@Z 10028008     libvcruntime:frame.obj
 0002:00008030       __sehtable$?CallCatchBlock@@YAPAXPAUEHExceptionRecord@@PAUEHRegistrationNode@@PAU_CONTEXT@@PBU_s_FuncInfo@@PAXHK@Z 10028030     libvcruntime:frame.obj
 0002:00008058       __catchsym$?CallUnexpected@@YAXPBU_s_ESTypeList@@@Z$2 10028058     libvcruntime:frame.obj
 0002:00008068       __unwindtable$?CallUnexpected@@YAXPBU_s_ESTypeList@@@Z 10028068     libvcruntime:frame.obj
 0002:00008078       __tryblocktable$?CallUnexpected@@YAXPBU_s_ESTypeList@@@Z 10028078     libvcruntime:frame.obj
 0002:0000808c       __ehfuncinfo$?CallUnexpected@@YAXPBU_s_ESTypeList@@@Z 1002808c     libvcruntime:frame.obj
 0002:000080b0       __sehtable$??$BuildCatchObjectHelperInternal@V__FrameHandler3@@@@YAHPAUEHExceptionRecord@@PAXPBU_s_HandlerType@@PBU_s_CatchableType@@@Z 100280b0     libvcruntime:frame.obj
 0002:000080d0       __sehtable$??$BuildCatchObjectInternal@V__FrameHandler3@@@@YAXPAUEHExceptionRecord@@PAXPBU_s_HandlerType@@PBU_s_CatchableType@@@Z 100280d0     libvcruntime:frame.obj
 0002:00008128       __sehtable$___DestructExceptionObject 10028128     libvcruntime:ehhelpers.obj
 0002:00008148       __sehtable$?common_exit@@YAXHW4_crt_exit_cleanup_mode@@W4_crt_exit_return_mode@@@Z 10028148     libucrt:exit.obj
 0002:00008170       __sehtable$??$?RV<lambda_800076c951b434888f4765a74a194fcc>@@AAV<lambda_4e60a939b0d047cfe11ddc22648dfba9>@@V<lambda_6dbb1268764f43b569ce7b67e331d33a>@@@?$__crt_seh_guarded_call@H@@QAEH$$QAV<lambda_800076c951b434888f4765a74a194fcc>@@AAV<lambda_4e60a939b0d047cfe11ddc22648dfba9>@@$$QAV<lambda_6dbb1268764f43b569ce7b67e331d33a>@@@Z 10028170     libucrt:onexit.obj
 0002:00008190       __sehtable$??$?RV<lambda_995298e7d72eb4c2aab26c0585b3abe5>@@AAV<lambda_275893d493268fdec8709772e3fcec0e>@@V<lambda_293819299cbf9a7022e18b56a874bb5c>@@@?$__crt_seh_guarded_call@H@@QAEH$$QAV<lambda_995298e7d72eb4c2aab26c0585b3abe5>@@AAV<lambda_275893d493268fdec8709772e3fcec0e>@@$$QAV<lambda_293819299cbf9a7022e18b56a874bb5c>@@@Z 10028190     libucrt:onexit.obj
 0002:000081b0       __sehtable$__query_new_handler 100281b0     libucrt:new_handler.obj
 0002:000081d0       __sehtable$_terminate      100281d0     libucrt:terminate.obj
 0002:000081f0       __sehtable$??$?RV<lambda_9df27f884b057bc3edfc946cb5b7cf47>@@AAV<lambda_e69574bed617af4e071282c136b37893>@@V<lambda_cc0d902bcbbeb830f749456577db4721>@@@?$__crt_seh_guarded_call@X@@QAEX$$QAV<lambda_9df27f884b057bc3edfc946cb5b7cf47>@@AAV<lambda_e69574bed617af4e071282c136b37893>@@$$QAV<lambda_cc0d902bcbbeb830f749456577db4721>@@@Z 100281f0     libucrt:per_thread_data.obj
 0002:00008210       __sehtable$??$?RV<lambda_3518db117f0e7cdb002338c5d3c47b6c>@@AAV<lambda_b2ea41f6bbb362cd97d94c6828d90b61>@@V<lambda_abdedf541bb04549bc734292b4a045d4>@@@?$__crt_seh_guarded_call@X@@QAEX$$QAV<lambda_3518db117f0e7cdb002338c5d3c47b6c>@@AAV<lambda_b2ea41f6bbb362cd97d94c6828d90b61>@@$$QAV<lambda_abdedf541bb04549bc734292b4a045d4>@@@Z 10028210     libucrt:per_thread_data.obj
 0002:00008230       __sehtable$??$?RV<lambda_51b6e8b1eb166f2a3faf91f424b38130>@@AAV<lambda_6250bd4b2a391816dd638c3bf72b0bcb>@@V<lambda_0b5a4a3e68152e1d9b943535f5f47bed>@@@?$__crt_seh_guarded_call@X@@QAEX$$QAV<lambda_51b6e8b1eb166f2a3faf91f424b38130>@@AAV<lambda_6250bd4b2a391816dd638c3bf72b0bcb>@@$$QAV<lambda_0b5a4a3e68152e1d9b943535f5f47bed>@@@Z 10028230     libucrt:per_thread_data.obj
 0002:00008250       __sehtable$??$?RV<lambda_5b71d36f03204c0beab531769a5b5694>@@AAV<lambda_be2b3da3f62db62e9dad5dc70221a656>@@V<lambda_8f9ce462984622f9bf76b59e2aaaf805>@@@?$__crt_seh_guarded_call@X@@QAEX$$QAV<lambda_5b71d36f03204c0beab531769a5b5694>@@AAV<lambda_be2b3da3f62db62e9dad5dc70221a656>@@$$QAV<lambda_8f9ce462984622f9bf76b59e2aaaf805>@@@Z 10028250     libucrt:per_thread_data.obj
 0002:00008270       __sehtable$___acrt_uninitialize_locale 10028270     libucrt:wsetlocale.obj
 0002:00008290       __sehtable$___acrt_initialize_lowio 10028290     libucrt:ioinit.obj
 0002:000082b0       __sehtable$___acrt_update_thread_multibyte_data 100282b0     libucrt:mbctype.obj
 0002:000082d0       __sehtable$??$?RV<lambda_978dc153c237d78434369da87b74ff60>@@AAV<lambda_ad1ced32f4ac17aa236e5ef05d6b3b7c>@@V<lambda_4a8533e2866a575feecb8298ce776b0d>@@@?$__crt_seh_guarded_call@X@@QAEX$$QAV<lambda_978dc153c237d78434369da87b74ff60>@@AAV<lambda_ad1ced32f4ac17aa236e5ef05d6b3b7c>@@$$QAV<lambda_4a8533e2866a575feecb8298ce776b0d>@@@Z 100282d0     libucrt:mbctype.obj
 0002:000082f0       __sehtable$_raise          100282f0     libucrt:signal.obj
 0002:00008310       __sehtable$??$?RV<lambda_a048d3beccc847880fc8490e18b82769>@@AAV<lambda_ec61778202f4f5fc7e7711acc23c3bca>@@V<lambda_f7496a158712204296dd6628a163878e>@@@?$__crt_seh_guarded_call@P6AXH@Z@@QAEP6AXH@Z$$QAV<lambda_a048d3beccc847880fc8490e18b82769>@@AAV<lambda_ec61778202f4f5fc7e7711acc23c3bca>@@$$QAV<lambda_f7496a158712204296dd6628a163878e>@@@Z 10028310     libucrt:signal.obj
 0002:00008330       __sehtable$___acrt_update_thread_locale_data 10028330     libucrt:locale_refcounting.obj
 0002:00008350       __sehtable$__fcloseall     10028350     libucrt:closeall.obj
 0002:00008370       __sehtable$_common_flush_all 10028370     libucrt:fflush.obj
 0002:00008398       __sehtable$___acrt_lowio_ensure_fh_exists 10028398     libucrt:osfinfo.obj
 0002:000083b8       __sehtable$__write         100283b8     libucrt:write.obj
 0002:000083d8       __sehtable$_fclose         100283d8     libucrt:fclose.obj
 0002:000083f8       __sehtable$??$?RV<lambda_61cee617f5178ae960314fd4d05640a0>@@AAV<lambda_6978c1fb23f02e42e1d9e99668cc68aa>@@V<lambda_9cd88cf8ad10232537feb2133f08c833>@@@?$__crt_seh_guarded_call@H@@QAEH$$QAV<lambda_61cee617f5178ae960314fd4d05640a0>@@AAV<lambda_6978c1fb23f02e42e1d9e99668cc68aa>@@$$QAV<lambda_9cd88cf8ad10232537feb2133f08c833>@@@Z 100283f8     libucrt:commit.obj
 0002:00008418       __sehtable$??$?RV<lambda_123407a5e2ac06da108355a851863b7a>@@AAV<lambda_2fe9b910cf3cbf4a0ab98a02ba45b3ec>@@V<lambda_ae55bdf541ad94d75914d381c370e64d>@@@?$__crt_seh_guarded_call@H@@QAEH$$QAV<lambda_123407a5e2ac06da108355a851863b7a>@@AAV<lambda_2fe9b910cf3cbf4a0ab98a02ba45b3ec>@@$$QAV<lambda_ae55bdf541ad94d75914d381c370e64d>@@@Z 10028418     libucrt:close.obj
 0002:00008438       __sehtable$__IsNonwritableInCurrentImage 10028438     LIBCMT:pesect.obj
 0002:00008460       .edata                     10028460     OPOSElectronicValueRW.exp
 0002:00008488       rgpv                       10028488     OPOSElectronicValueRW.exp
 0002:00008498       rgszName                   10028498     OPOSElectronicValueRW.exp
 0002:000084a8       rgwOrd                     100284a8     OPOSElectronicValueRW.exp
 0002:000084b0       szName                     100284b0     OPOSElectronicValueRW.exp
 0002:000084ca       $N00001                    100284ca     OPOSElectronicValueRW.exp
 0002:000084da       $N00002                    100284da     OPOSElectronicValueRW.exp
 0002:000084ec       $N00003                    100284ec     OPOSElectronicValueRW.exp
 0002:000084fe       $N00004                    100284fe     OPOSElectronicValueRW.exp
 0002:00008b12       .idata$6                   10028b12     kernel32:KERNEL32.dll
 0002:00008d26       .idata$6                   10028d26     user32:USER32.dll
 0002:00008e5a       .idata$6                   10028e5a     gdi32:GDI32.dll
 0002:00008f00       .idata$6                   10028f00     advapi32:ADVAPI32.dll
 0002:0000901c       .idata$6                   1002901c     ole32:ole32.dll
 0002:00009026       .idata$6                   10029026     oleaut32:OLEAUT32.dll
 0003:00000110       ?ObjectMap@@3PAU_ATL_OBJMAP_ENTRY30@ATL@@A 1002a110     ElectronicValueRW.obj
 0003:000001d0       ?s_SOMethodNames@@3PAPADA  1002a1d0     ElectronicValueRWImpl.obj
 0003:000002dc       ?s_RequiredMethodsPerRelease@@3PAHA 1002a2dc     ElectronicValueRWImpl.obj
 0003:00000310       ?__vcrt_flsindex@@3KA      1002a310     libvcruntime:per_thread_data.obj
 0003:00000330       _errno_no_memory           1002a330     libucrt:errno.obj
 0003:00000334       _doserrno_no_memory        1002a334     libucrt:errno.obj
 0003:00000340       ___acrt_flsindex           1002a340     libucrt:per_thread_data.obj
 0003:000004b4       ___rgctypeflag             1002a4b4     libucrt:mbctype.obj
 0003:000004b8       ___rgcode_page_info        1002a4b8     libucrt:mbctype.obj
 0003:00000bd8       ?is_initialized_as_dll@@3_NA 1002abd8     LIBCMT:utility.obj
 0003:00000bd9       ?module_local_atexit_table_initialized@@3_NA 1002abd9     LIBCMT:utility.obj
 0003:00000bdc       ?module_local_atexit_table@@3U_onexit_table_t@@A 1002abdc     LIBCMT:utility.obj
 0003:00000be8       ?module_local_at_quick_exit_table@@3U_onexit_table_t@@A 1002abe8     LIBCMT:utility.obj
 0003:00000bf4       ?_Tss_mutex@@3U_RTL_CRITICAL_SECTION@@A 1002abf4     LIBCMT:thread_safe_statics.obj
 0003:00000c0c       ?_Tss_cv@@3U_RTL_CONDITION_VARIABLE@@A 1002ac0c     LIBCMT:thread_safe_statics.obj
 0003:00000c10       ?_Tss_event@@3PAXA         1002ac10     LIBCMT:thread_safe_statics.obj
 0003:00000c14       ?encoded_sleep_condition_variable_cs@@3P6GHPAU_RTL_CONDITION_VARIABLE@@PAU_RTL_CRITICAL_SECTION@@K@ZA 1002ac14     LIBCMT:thread_safe_statics.obj
 0003:00000c18       ?encoded_wake_all_condition_variable@@3P6GXPAU_RTL_CONDITION_VARIABLE@@@ZA 1002ac18     LIBCMT:thread_safe_statics.obj
 0003:00000c20       _GS_ExceptionRecord        1002ac20     LIBCMT:gs_report.obj
 0003:00000c70       _GS_ContextRecord          1002ac70     LIBCMT:gs_report.obj
 0003:00000f40       ?__proc_attached@@3HA      1002af40     LIBCMT:dll_dllmain.obj
 0003:00000f9c       ?AllocateData@@3P6GPAUAtlThunkData_t@@XZA 1002af9c     atls:atlthunk.obj
 0003:00000fa0       ?InitData@@3P6GXPAUAtlThunkData_t@@PAXI@ZA 1002afa0     atls:atlthunk.obj
 0003:00000fa4       ?DataToCode@@3P6GP6GJPAUHWND__@@IIJ@ZPAUAtlThunkData_t@@@ZA 1002afa4     atls:atlthunk.obj
 0003:00000fa8       ?FreeData@@3P6GXPAUAtlThunkData_t@@@ZA 1002afa8     atls:atlthunk.obj
 0003:00000fac       ?Initialized@@3_NA         1002afac     atls:atlthunk.obj
 0003:00000fb8       ?__vcrt_startup_thread_ptd@@3U__vcrt_ptd@@A 1002afb8     libvcruntime:per_thread_data.obj
 0003:00000fe0       ___vcrt_lock_table         1002afe0     libvcruntime:locks.obj
 0003:00000ff8       ___vcrt_locks_initialized  1002aff8     libvcruntime:locks.obj
 0003:00000ffc       ?module_handles@@3PAPAUHINSTANCE__@@A 1002affc     libvcruntime:winapi_downlevel.obj
 0003:00001008       ?encoded_function_pointers@@3PAPAXA 1002b008     libvcruntime:winapi_downlevel.obj
 0003:00001044       ?heap@@3V_HeapManager@@A   1002b044     libvcruntime:undname.obj
 0003:0000105c       ___acrt_invalid_parameter_handler 1002b05c     libucrt:invalid_parameter.obj
 0003:00001060       _c_termination_complete    1002b060     libucrt:exit.obj
 0003:00001064       _thread_local_exit_callback_func 1002b064     libucrt:exit.obj
 0003:00001068       ?c_exit_complete@?5??common_exit@@YAXHW4_crt_exit_cleanup_mode@@W4_crt_exit_return_mode@@@Z@4_NA 1002b068     libucrt:exit.obj
 0003:00001070       ?program_name@?5???$common_configure_argv@D@@YAHW4_crt_argv_mode@@@Z@4PADA 1002b070     libucrt:argv_parsing.obj
 0003:000011a0       ___acrt_new_handler        1002b1a0     libucrt:new_handler.obj
 0003:000011a8       _module_handles            1002b1a8     libucrt:winapi_thunks.obj
 0003:000011f8       _encoded_function_pointers 1002b1f8     libucrt:winapi_thunks.obj
 0003:00001278       ?state_cache@?1??__acrt_is_packaged_app@@9@4JA 1002b278     libucrt:winapi_thunks.obj
 0003:00001284       _enable_percent_n          1002b284     libucrt:printf_count_output.obj
 0003:000014a0       ___acrt_lock_table         1002b4a0     libucrt:locks.obj
 0003:000015d8       ___acrt_locks_initialized  1002b5d8     libucrt:locks.obj
 0003:000015f4       _fSystemSet                1002b5f4     libucrt:mbctype.obj
 0003:000015f8       ?initialized@?1??__acrt_initialize_multibyte@@9@4_NA 1002b5f8     libucrt:mbctype.obj
 0003:00001618       _ctrlc_action              1002b618     libucrt:signal.obj
 0003:0000161c       _ctrlbreak_action          1002b61c     libucrt:signal.obj
 0003:00001620       _abort_action              1002b620     libucrt:signal.obj
 0003:00001624       _term_action               1002b624     libucrt:signal.obj
 0003:00001628       _user_matherr              1002b628     libucrt:matherr.obj
 0003:0000162c       ___acrt_global_new_mode    1002b62c     libucrt:new_mode.obj
 0003:00001638       ___acrt_app_type           1002b638     libucrt:report_runtime_error.obj
 0003:00001640       __pmatherr_set             1002b640     libucrt:libm_error.obj
 0004:00000220       $R000000                   1002c220     ElectronicValueRW.res
 0004:00000bb8       $R000998                   1002cbb8     ElectronicValueRW.res
 0004:00000ca0       $R000A80                   1002cca0     ElectronicValueRW.res
 0004:00000f08       $R000CE8                   1002cf08     ElectronicValueRW.res
 0004:00001410       $R0011F0                   1002d410     ElectronicValueRW.res
 0004:00007ee0       $R007CC0                   10033ee0     ElectronicValueRW.res
 0004:00007f28       $R007D08                   10033f28     ElectronicValueRW.res
