 OPOSBiometrics

 Timestamp is 5c443714 (Sun Jan 20 17:53:40 2019)

 Preferred load address is 10000000

 Start         Length     Name                   Class
 0001:00000000 00000080H .text$di                CODE
 0001:00000080 0001d44bH .text$mn                CODE
 0001:0001d4cb 00000051H .text$x                 CODE
 0001:0001d51c 00000042H .text$yd                CODE
 0002:00000000 00000304H .idata$5                DATA
 0002:00000304 00000004H .00cfg                  DATA
 0002:00000308 00000004H .CRT$XCA                DATA
 0002:0000030c 00000004H .CRT$XCL                DATA
 0002:00000310 00000010H .CRT$XCU                DATA
 0002:00000320 00000004H .CRT$XCZ                DATA
 0002:00000324 00000004H .CRT$XIA                DATA
 0002:00000328 00000010H .CRT$XIC                DATA
 0002:00000338 00000004H .CRT$XIZ                DATA
 0002:0000033c 00000004H .CRT$XLA                DATA
 0002:00000340 00000004H .CRT$XLZ                DATA
 0002:00000344 00000004H .CRT$XPA                DATA
 0002:00000348 00000008H .CRT$XPX                DATA
 0002:00000350 00000004H .CRT$XPXA               DATA
 0002:00000354 00000004H .CRT$XPZ                DATA
 0002:00000358 00000004H .CRT$XTA                DATA
 0002:0000035c 00000004H .CRT$XTZ                DATA
 0002:00000360 00000000H .gfids$x                DATA
 0002:00000360 00000000H .gfids$y                DATA
 0002:00000360 00006e88H .rdata                  DATA
 0002:000071e8 00000018H .rdata$T                DATA
 0002:00007200 00000180H .rdata$r                DATA
 0002:00007380 00000020H .rdata$sxdata           DATA
 0002:000073a0 000003e0H .rdata$zzzdbg           DATA
 0002:00007780 00000004H .rtc$IAA                DATA
 0002:00007784 00000004H .rtc$IZZ                DATA
 0002:00007788 00000004H .rtc$TAA                DATA
 0002:0000778c 00000004H .rtc$TZZ                DATA
 0002:00007790 00000004H .tls                    DATA
 0002:00007794 00000004H .tls$                   DATA
 0002:00007798 00000008H .tls$ZZZ                DATA
 0002:000077a0 000005f4H .xdata$x                DATA
 0002:00007d94 00000004H ATL$__a                 DATA
 0002:00007d98 00000008H ATL$__z                 DATA
 0002:00007da0 000000acH .edata                  DATA
 0002:00007e4c 00000078H .idata$2                DATA
 0002:00007ec4 00000014H .idata$3                DATA
 0002:00007ed8 00000304H .idata$4                DATA
 0002:000081dc 00000bdeH .idata$6                DATA
 0003:00000000 00000990H .data                   DATA
 0003:00000990 00000098H .data$r                 DATA
 0003:00000a28 00000b5cH .bss                    DATA
 0004:00000000 00000220H .rsrc$01                DATA
 0004:00000220 00004830H .rsrc$02                DATA

  Address         Publics by Value              Rva+Base       Lib:Object

 0000:00000000       ___guard_fids_count        00000000     <absolute>
 0000:00000000       ___hybrid_code_map_count   00000000     <absolute>
 0000:00000000       ___guard_iat_count         00000000     <absolute>
 0000:00000000       ___dynamic_value_reloc_table 00000000     <absolute>
 0000:00000000       ___guard_longjmp_count     00000000     <absolute>
 0000:00000000       __except_list              00000000     <absolute>
 0000:00000000       ___guard_fids_table        00000000     <absolute>
 0000:00000000       ___guard_longjmp_table     00000000     <absolute>
 0000:00000000       ___hybrid_auxiliary_iat    00000000     <absolute>
 0000:00000000       ___guard_iat_table         00000000     <absolute>
 0000:00000000       ___volatile_metadata       00000000     <absolute>
 0000:00000000       ___enclave_config          00000000     <absolute>
 0000:00000000       ___hybrid_code_map         00000000     <absolute>
 0000:00000008       ___safe_se_handler_count   00000008     <absolute>
 0000:0000002c       __tls_array                0000002c     <absolute>
 0000:00000100       ___guard_flags             00000100     <absolute>
 0000:00000000       ___ImageBase               10000000     <linker-defined>
 0001:00000080       ?DupWide@_CW@@AAEXXZ       10001080 f   CWString.obj
 0001:0000009c       ?cw_dup@@YGXPBDAAHAAPA_W1@Z 1000109c f   CWString.obj
 0001:0000010b       ?cw_memcpy@@YGHPA_WPBDH@Z  1000110b f   CWString.obj
 0001:00000137       ?cw_strcpy@@YAHPA_WPBD@Z   10001137 f   CWString.obj
 0001:0000014a       ?cw_strlen@@YAHPBD@Z       1000114a f   CWString.obj
 0001:00000163       ??0CAtlComModule@ATL@@QAE@XZ 10001163 f i OposVariant.obj
 0001:000001a8       ??0CAtlWinModule@ATL@@QAE@XZ 100011a8 f i OposVariant.obj
 0001:000001df       ??0OposDispParms@@QAE@PAVOposVariant@@H@Z 100011df f   OposVariant.obj
 0001:00000250       ??1OposDispParms@@QAE@XZ   10001250 f   OposVariant.obj
 0001:0000025e       ??A?$CSimpleArray@GV?$CSimpleArrayEqualHelper@G@ATL@@@ATL@@QAEAAGH@Z 1000125e f i OposVariant.obj
 0001:00000283       ??_Estringdispid@CComTypeInfoHolder@ATL@@QAEPAXI@Z 10001283 f i OposVariant.obj
 0001:000002ef       ?AtlWinModuleInit@ATL@@YGJPAU_ATL_WIN_MODULE70@1@@Z 100012ef f i OposVariant.obj
 0001:00000315       ?AtlWinModuleTerm@ATL@@YGJPAU_ATL_WIN_MODULE70@1@PAUHINSTANCE__@@@Z 10001315 f i OposVariant.obj
 0001:00000378       ?ChangeBSTR@OposVariant@@QAEXPAPA_WAAJ@Z 10001378 f   OposVariant.obj
 0001:000003b9       ?ChangeLONG@OposVariant@@QAEXPAJAAJ@Z 100013b9 f   OposVariant.obj
 0001:000003fa       ?GetLONG@OposVariant@@QAEJXZ 100013fa f   OposVariant.obj
 0001:00000415       ?Init@CComCriticalSection@ATL@@QAEJXZ 10001415 f i OposVariant.obj
 0001:0000043d       ?RemoveAll@?$CSimpleArray@GV?$CSimpleArrayEqualHelper@G@ATL@@@ATL@@QAEXXZ 1000143d f i OposVariant.obj
 0001:0000043d       ?RemoveAll@?$CSimpleArray@PAUHINSTANCE__@@V?$CSimpleArrayEqualHelper@PAUHINSTANCE__@@@ATL@@@ATL@@QAEXXZ 1000143d f i atls:atlbase.obj
 0001:0000045a       ?SetBSTR@OposVariant@@QAEXPA_WAAJ@Z 1000145a f   OposVariant.obj
 0001:0000048e       ?SetBSTR_Copy@OposVariant@@QAEXPA_WAAJ@Z 1000148e f   OposVariant.obj
 0001:000004de       ?SetBSTR_InOutPtr@OposVariant@@QAE_NPAPA_WAAJ@Z 100014de f   OposVariant.obj
 0001:00000515       ?SetDispatch_Ptr@OposVariant@@QAEXPAUIDispatch@@AAJ@Z 10001515 f   OposVariant.obj
 0001:00000550       ?SetLONG@OposVariant@@QAEXJ@Z 10001550 f   OposVariant.obj
 0001:00000572       ?SetLONG_Ptr@OposVariant@@QAEXPAJAAJ@Z 10001572 f   OposVariant.obj
 0001:000005a5       ?SetString@OposVariant@@QAEXPB_WAAJ@Z 100015a5 f   OposVariant.obj
 0001:000005eb       ?SetVARIANT@OposVariant@@QAEXAAUtagVARIANT@@GAAJ@Z 100015eb f   OposVariant.obj
 0001:00000632       ?SetVARIANT_BOOL@OposVariant@@QAEXF@Z 10001632 f   OposVariant.obj
 0001:0000065c       ?SetVARIANT_BOOL_Ptr@OposVariant@@QAEXPAFAAJ@Z 1000165c f   OposVariant.obj
 0001:0000068f       ?SetVARIANT_Ptr@OposVariant@@QAEXAAPAUtagVARIANT@@GAAJ@Z 1000168f f   OposVariant.obj
 0001:000006dd       ?Term@CAtlComModule@ATL@@QAEXXZ 100016dd f i OposVariant.obj
 0001:00000727       ?_AtlRaiseException@ATL@@YAXKK@Z 10001727 f i OposVariant.obj
 0001:0000073c       ?AddRef@?$CComObjectCached@VCComClassFactory@ATL@@@ATL@@UAGKXZ 1000173c f i Biometrics.obj
 0001:00000763       ?Release@?$CComObjectCached@VCComClassFactory@ATL@@@ATL@@UAGKXZ 10001763 f i Biometrics.obj
 0001:00000799       ?QueryInterface@?$CComObjectCached@VCComClassFactory@ATL@@@ATL@@UAGJABU_GUID@@PAPAX@Z 10001799 f i Biometrics.obj
 0001:000007b3       ??_G?$CComObjectCached@VCComClassFactory@ATL@@@ATL@@UAEPAXI@Z 100017b3 f i Biometrics.obj
 0001:000007b3       ??_E?$CComObjectCached@VCComClassFactory@ATL@@@ATL@@UAEPAXI@Z 100017b3 f i Biometrics.obj
 0001:000007d5       ?AddRef@?$CComAggObject@VCOPOSBiometrics@@@ATL@@UAGKXZ 100017d5 f i Biometrics.obj
 0001:000007e6       ?Release@?$CComAggObject@VCOPOSBiometrics@@@ATL@@UAGKXZ 100017e6 f i Biometrics.obj
 0001:00000822       ?QueryInterface@?$CComAggObject@VCOPOSBiometrics@@@ATL@@UAGJABU_GUID@@PAPAX@Z 10001822 f i Biometrics.obj
 0001:00000871       ?AddRef@?$CComContainedObject@VCOPOSBiometrics@@@ATL@@UAGKXZ 10001871 f i Biometrics.obj
 0001:00000887       ?Release@?$CComContainedObject@VCOPOSBiometrics@@@ATL@@UAGKXZ 10001887 f i Biometrics.obj
 0001:0000089d       ?QueryInterface@?$CComContainedObject@VCOPOSBiometrics@@@ATL@@UAGJABU_GUID@@PAPAX@Z 1000189d f i Biometrics.obj
 0001:000008b8       ??_E?$CComAggObject@VCOPOSBiometrics@@@ATL@@UAEPAXI@Z 100018b8 f i Biometrics.obj
 0001:000008b8       ??_G?$CComAggObject@VCOPOSBiometrics@@@ATL@@UAEPAXI@Z 100018b8 f i Biometrics.obj
 0001:000008dd       ?AddRef@?$CComObject@VCOPOSBiometrics@@@ATL@@UAGKXZ 100018dd f i Biometrics.obj
 0001:000008f4       ?Release@?$CComObject@VCOPOSBiometrics@@@ATL@@UAGKXZ 100018f4 f i Biometrics.obj
 0001:00000936       ?QueryInterface@?$CComObject@VCOPOSBiometrics@@@ATL@@UAGJABU_GUID@@PAPAX@Z 10001936 f i Biometrics.obj
 0001:00000950       ?ObjectMain@CComObjectRootBase@ATL@@SGX_N@Z 10001950 f i Biometrics.obj
 0001:00000950       ?OnFinalMessage@?$CWindowImplBaseT@VCWindow@ATL@@V?$CWinTraits@$0FGAAAAAA@$0A@@2@@ATL@@UAEXPAUHWND__@@@Z 10001950 f i Biometrics.obj
 0001:00000953       ?GetObjectDescription@?$CComCoClass@VCOPOSBiometrics@@$1?CLSID_OPOSBiometrics@@3U_GUID@@B@ATL@@SGPB_WXZ 10001953 f i Biometrics.obj
 0001:00000953       ?GetCategoryMap@CComObjectRootBase@ATL@@SAPBU_ATL_CATMAP_ENTRY@2@XZ 10001953 f i Biometrics.obj
 0001:00000956       ?CreateInstance@CComClassFactory@ATL@@UAGJPAUIUnknown@@ABU_GUID@@PAPAX@Z 10001956 f i Biometrics.obj
 0001:00000994       ?LockServer@CComClassFactory@ATL@@UAGJH@Z 10001994 f i Biometrics.obj
 0001:000009b3       ??_ECComClassFactory@ATL@@UAEPAXI@Z 100019b3 f i Biometrics.obj
 0001:000009b3       ??_GCComClassFactory@ATL@@UAEPAXI@Z 100019b3 f i Biometrics.obj
 0001:000009de       ?OnDrawAdvanced@CComControlBase@ATL@@UAEJAAUATL_DRAWINFO@@@Z 100019de f i Biometrics.obj
 0001:00000acd       ?Next@?$CComEnumImpl@UIEnumConnections@@$1?_GUID_b196b287_bab4_101a_b69c_00aa00341d07@@3U__s_GUID@@BUtagCONNECTDATA@@V?$_Copy@UtagCONNECTDATA@@@ATL@@@ATL@@UAGJKPAUtagCONNECTDATA@@PAK@Z 10001acd f i Biometrics.obj
 0001:00000ba4       ?Skip@?$CComEnumImpl@UIEnumConnections@@$1?_GUID_b196b287_bab4_101a_b69c_00aa00341d07@@3U__s_GUID@@BUtagCONNECTDATA@@V?$_Copy@UtagCONNECTDATA@@@ATL@@@ATL@@UAGJK@Z 10001ba4 f i Biometrics.obj
 0001:00000bd1       ?Reset@?$CComEnumImpl@UIEnumConnectionPoints@@$1?_GUID_b196b285_bab4_101a_b69c_00aa00341d07@@3U__s_GUID@@BPAUIConnectionPoint@@V?$_CopyInterface@UIConnectionPoint@@@ATL@@@ATL@@UAGJXZ 10001bd1 f i Biometrics.obj
 0001:00000bd1       ?Reset@?$CComEnumImpl@UIEnumConnections@@$1?_GUID_b196b287_bab4_101a_b69c_00aa00341d07@@3U__s_GUID@@BUtagCONNECTDATA@@V?$_Copy@UtagCONNECTDATA@@@ATL@@@ATL@@UAGJXZ 10001bd1 f i Biometrics.obj
 0001:00000be3       ?Clone@?$CComEnumImpl@UIEnumConnections@@$1?_GUID_b196b287_bab4_101a_b69c_00aa00341d07@@3U__s_GUID@@BUtagCONNECTDATA@@V?$_Copy@UtagCONNECTDATA@@@ATL@@@ATL@@UAGJPAPAUIEnumConnections@@@Z 10001be3 f i Biometrics.obj
 0001:00000cc2       ?AddRef@?$CComObject@V?$CComEnum@UIEnumConnections@@$1?_GUID_b196b287_bab4_101a_b69c_00aa00341d07@@3U__s_GUID@@BUtagCONNECTDATA@@V?$_Copy@UtagCONNECTDATA@@@ATL@@VCComSingleThreadModel@6@@ATL@@@ATL@@UAGKXZ 10001cc2 f i Biometrics.obj
 0001:00000cc2       ?AddRef@?$CComObject@V?$CComEnum@UIEnumConnectionPoints@@$1?_GUID_b196b285_bab4_101a_b69c_00aa00341d07@@3U__s_GUID@@BPAUIConnectionPoint@@V?$_CopyInterface@UIConnectionPoint@@@ATL@@VCComSingleThreadModel@6@@ATL@@@ATL@@UAGKXZ 10001cc2 f i Biometrics.obj
 0001:00000cd3       ?Release@?$CComObject@V?$CComEnum@UIEnumConnections@@$1?_GUID_b196b287_bab4_101a_b69c_00aa00341d07@@3U__s_GUID@@BUtagCONNECTDATA@@V?$_Copy@UtagCONNECTDATA@@@ATL@@VCComSingleThreadModel@6@@ATL@@@ATL@@UAGKXZ 10001cd3 f i Biometrics.obj
 0001:00000cd3       ?Release@?$CComObject@V?$CComEnum@UIEnumConnectionPoints@@$1?_GUID_b196b285_bab4_101a_b69c_00aa00341d07@@3U__s_GUID@@BPAUIConnectionPoint@@V?$_CopyInterface@UIConnectionPoint@@@ATL@@VCComSingleThreadModel@6@@ATL@@@ATL@@UAGKXZ 10001cd3 f i Biometrics.obj
 0001:00000d0f       ?QueryInterface@?$CComObject@V?$CComEnum@UIEnumConnections@@$1?_GUID_b196b287_bab4_101a_b69c_00aa00341d07@@3U__s_GUID@@BUtagCONNECTDATA@@V?$_Copy@UtagCONNECTDATA@@@ATL@@VCComSingleThreadModel@6@@ATL@@@ATL@@UAGJABU_GUID@@PAPAX@Z 10001d0f f i Biometrics.obj
 0001:00000d29       ??_G?$CComObject@V?$CComEnum@UIEnumConnections@@$1?_GUID_b196b287_bab4_101a_b69c_00aa00341d07@@3U__s_GUID@@BUtagCONNECTDATA@@V?$_Copy@UtagCONNECTDATA@@@ATL@@VCComSingleThreadModel@6@@ATL@@@ATL@@UAEPAXI@Z 10001d29 f i Biometrics.obj
 0001:00000d29       ??_E?$CComObject@V?$CComEnum@UIEnumConnections@@$1?_GUID_b196b287_bab4_101a_b69c_00aa00341d07@@3U__s_GUID@@BUtagCONNECTDATA@@V?$_Copy@UtagCONNECTDATA@@@ATL@@VCComSingleThreadModel@6@@ATL@@@ATL@@UAEPAXI@Z 10001d29 f i Biometrics.obj
 0001:00000d4b       ??_E?$CComObject@VCOPOSBiometrics@@@ATL@@W3AEPAXI@Z 10001d4b f i Biometrics.obj
 0001:00000d53       ??_E?$CComObject@VCOPOSBiometrics@@@ATL@@WEM@AEPAXI@Z 10001d53 f i Biometrics.obj
 0001:00000d5b       ?QueryInterface@?$CComObject@VCOPOSBiometrics@@@ATL@@WHA@AGJABU_GUID@@PAPAX@Z 10001d5b f i Biometrics.obj
 0001:00000d65       ?AddRef@?$CComObject@VCOPOSBiometrics@@@ATL@@WHA@AGKXZ 10001d65 f i Biometrics.obj
 0001:00000d6f       ?Release@?$CComObject@VCOPOSBiometrics@@@ATL@@WHA@AGKXZ 10001d6f f i Biometrics.obj
 0001:00000d79       ?QueryInterface@?$CComObject@VCOPOSBiometrics@@@ATL@@WHE@AGJABU_GUID@@PAPAX@Z 10001d79 f i Biometrics.obj
 0001:00000d83       ?AddRef@?$CComObject@VCOPOSBiometrics@@@ATL@@WHE@AGKXZ 10001d83 f i Biometrics.obj
 0001:00000d8d       ?Release@?$CComObject@VCOPOSBiometrics@@@ATL@@WHE@AGKXZ 10001d8d f i Biometrics.obj
 0001:00000d97       ?QueryInterface@?$CComObject@VCOPOSBiometrics@@@ATL@@WHI@AGJABU_GUID@@PAPAX@Z 10001d97 f i Biometrics.obj
 0001:00000da1       ?AddRef@?$CComObject@VCOPOSBiometrics@@@ATL@@WHI@AGKXZ 10001da1 f i Biometrics.obj
 0001:00000dab       ?Release@?$CComObject@VCOPOSBiometrics@@@ATL@@WHI@AGKXZ 10001dab f i Biometrics.obj
 0001:00000db5       ?QueryInterface@?$CComObject@VCOPOSBiometrics@@@ATL@@WHM@AGJABU_GUID@@PAPAX@Z 10001db5 f i Biometrics.obj
 0001:00000dbf       ?AddRef@?$CComObject@VCOPOSBiometrics@@@ATL@@WHM@AGKXZ 10001dbf f i Biometrics.obj
 0001:00000dc9       ?Release@?$CComObject@VCOPOSBiometrics@@@ATL@@WHM@AGKXZ 10001dc9 f i Biometrics.obj
 0001:00000dd3       ?QueryInterface@?$CComObject@VCOPOSBiometrics@@@ATL@@WIA@AGJABU_GUID@@PAPAX@Z 10001dd3 f i Biometrics.obj
 0001:00000de0       ?AddRef@?$CComObject@VCOPOSBiometrics@@@ATL@@WIA@AGKXZ 10001de0 f i Biometrics.obj
 0001:00000ded       ?Release@?$CComObject@VCOPOSBiometrics@@@ATL@@WIA@AGKXZ 10001ded f i Biometrics.obj
 0001:00000dfa       ?QueryInterface@?$CComObject@VCOPOSBiometrics@@@ATL@@WIE@AGJABU_GUID@@PAPAX@Z 10001dfa f i Biometrics.obj
 0001:00000e07       ?AddRef@?$CComObject@VCOPOSBiometrics@@@ATL@@WIE@AGKXZ 10001e07 f i Biometrics.obj
 0001:00000e14       ?Release@?$CComObject@VCOPOSBiometrics@@@ATL@@WIE@AGKXZ 10001e14 f i Biometrics.obj
 0001:00000e21       ?QueryInterface@?$CComObject@VCOPOSBiometrics@@@ATL@@WII@AGJABU_GUID@@PAPAX@Z 10001e21 f i Biometrics.obj
 0001:00000e2e       ?AddRef@?$CComObject@VCOPOSBiometrics@@@ATL@@WII@AGKXZ 10001e2e f i Biometrics.obj
 0001:00000e3b       ?Release@?$CComObject@VCOPOSBiometrics@@@ATL@@WII@AGKXZ 10001e3b f i Biometrics.obj
 0001:00000e48       ?QueryInterface@?$CComObject@VCOPOSBiometrics@@@ATL@@WIM@AGJABU_GUID@@PAPAX@Z 10001e48 f i Biometrics.obj
 0001:00000e55       ?AddRef@?$CComObject@VCOPOSBiometrics@@@ATL@@WIM@AGKXZ 10001e55 f i Biometrics.obj
 0001:00000e62       ?Release@?$CComObject@VCOPOSBiometrics@@@ATL@@WIM@AGKXZ 10001e62 f i Biometrics.obj
 0001:00000e6f       ?QueryInterface@?$CComObject@VCOPOSBiometrics@@@ATL@@WJA@AGJABU_GUID@@PAPAX@Z 10001e6f f i Biometrics.obj
 0001:00000e7c       ?AddRef@?$CComObject@VCOPOSBiometrics@@@ATL@@WJA@AGKXZ 10001e7c f i Biometrics.obj
 0001:00000e89       ?Release@?$CComObject@VCOPOSBiometrics@@@ATL@@WJA@AGKXZ 10001e89 f i Biometrics.obj
 0001:00000e96       ?QueryInterface@?$CComObject@VCOPOSBiometrics@@@ATL@@WJE@AGJABU_GUID@@PAPAX@Z 10001e96 f i Biometrics.obj
 0001:00000ea3       ?AddRef@?$CComObject@VCOPOSBiometrics@@@ATL@@WJE@AGKXZ 10001ea3 f i Biometrics.obj
 0001:00000eb0       ?Release@?$CComObject@VCOPOSBiometrics@@@ATL@@WJE@AGKXZ 10001eb0 f i Biometrics.obj
 0001:00000ebd       ?QueryInterface@?$CComObject@VCOPOSBiometrics@@@ATL@@WJI@AGJABU_GUID@@PAPAX@Z 10001ebd f i Biometrics.obj
 0001:00000eca       ?AddRef@?$CComObject@VCOPOSBiometrics@@@ATL@@WJI@AGKXZ 10001eca f i Biometrics.obj
 0001:00000ed7       ?Release@?$CComObject@VCOPOSBiometrics@@@ATL@@WJI@AGKXZ 10001ed7 f i Biometrics.obj
 0001:00000ee4       ?QueryInterface@?$CComObject@VCOPOSBiometrics@@@ATL@@WJM@AGJABU_GUID@@PAPAX@Z 10001ee4 f i Biometrics.obj
 0001:00000ef1       ?AddRef@?$CComObject@VCOPOSBiometrics@@@ATL@@WJM@AGKXZ 10001ef1 f i Biometrics.obj
 0001:00000efe       ?Release@?$CComObject@VCOPOSBiometrics@@@ATL@@WJM@AGKXZ 10001efe f i Biometrics.obj
 0001:00000f0b       ?QueryInterface@?$CComObject@VCOPOSBiometrics@@@ATL@@WKA@AGJABU_GUID@@PAPAX@Z 10001f0b f i Biometrics.obj
 0001:00000f18       ?AddRef@?$CComObject@VCOPOSBiometrics@@@ATL@@WKA@AGKXZ 10001f18 f i Biometrics.obj
 0001:00000f25       ?Release@?$CComObject@VCOPOSBiometrics@@@ATL@@WKA@AGKXZ 10001f25 f i Biometrics.obj
 0001:00000f32       ?AddRef@?$CComObject@VCOPOSBiometrics@@@ATL@@WKI@AGKXZ 10001f32 f i Biometrics.obj
 0001:00000f3f       ?Release@?$CComObject@VCOPOSBiometrics@@@ATL@@WKI@AGKXZ 10001f3f f i Biometrics.obj
 0001:00000f4c       ?AddRef@?$CComObject@VCOPOSBiometrics@@@ATL@@WLE@AGKXZ 10001f4c f i Biometrics.obj
 0001:00000f59       ?Release@?$CComObject@VCOPOSBiometrics@@@ATL@@WLE@AGKXZ 10001f59 f i Biometrics.obj
 0001:00000f66       ??_E?$CComContainedObject@VCOPOSBiometrics@@@ATL@@W3AEPAXI@Z 10001f66 f i Biometrics.obj
 0001:00000f6e       ??_E?$CComContainedObject@VCOPOSBiometrics@@@ATL@@WEM@AEPAXI@Z 10001f6e f i Biometrics.obj
 0001:00000f76       ?QueryInterface@?$CComContainedObject@VCOPOSBiometrics@@@ATL@@WHA@AGJABU_GUID@@PAPAX@Z 10001f76 f i Biometrics.obj
 0001:00000f80       ?AddRef@?$CComContainedObject@VCOPOSBiometrics@@@ATL@@WHA@AGKXZ 10001f80 f i Biometrics.obj
 0001:00000f8a       ?Release@?$CComContainedObject@VCOPOSBiometrics@@@ATL@@WHA@AGKXZ 10001f8a f i Biometrics.obj
 0001:00000f94       ?QueryInterface@?$CComContainedObject@VCOPOSBiometrics@@@ATL@@WHE@AGJABU_GUID@@PAPAX@Z 10001f94 f i Biometrics.obj
 0001:00000f9e       ?AddRef@?$CComContainedObject@VCOPOSBiometrics@@@ATL@@WHE@AGKXZ 10001f9e f i Biometrics.obj
 0001:00000fa8       ?Release@?$CComContainedObject@VCOPOSBiometrics@@@ATL@@WHE@AGKXZ 10001fa8 f i Biometrics.obj
 0001:00000fb2       ?QueryInterface@?$CComContainedObject@VCOPOSBiometrics@@@ATL@@WHI@AGJABU_GUID@@PAPAX@Z 10001fb2 f i Biometrics.obj
 0001:00000fbc       ?AddRef@?$CComContainedObject@VCOPOSBiometrics@@@ATL@@WHI@AGKXZ 10001fbc f i Biometrics.obj
 0001:00000fc6       ?Release@?$CComContainedObject@VCOPOSBiometrics@@@ATL@@WHI@AGKXZ 10001fc6 f i Biometrics.obj
 0001:00000fd0       ?QueryInterface@?$CComContainedObject@VCOPOSBiometrics@@@ATL@@WHM@AGJABU_GUID@@PAPAX@Z 10001fd0 f i Biometrics.obj
 0001:00000fda       ?AddRef@?$CComContainedObject@VCOPOSBiometrics@@@ATL@@WHM@AGKXZ 10001fda f i Biometrics.obj
 0001:00000fe4       ?Release@?$CComContainedObject@VCOPOSBiometrics@@@ATL@@WHM@AGKXZ 10001fe4 f i Biometrics.obj
 0001:00000fee       ?QueryInterface@?$CComContainedObject@VCOPOSBiometrics@@@ATL@@WIA@AGJABU_GUID@@PAPAX@Z 10001fee f i Biometrics.obj
 0001:00000ffb       ?AddRef@?$CComContainedObject@VCOPOSBiometrics@@@ATL@@WIA@AGKXZ 10001ffb f i Biometrics.obj
 0001:00001008       ?Release@?$CComContainedObject@VCOPOSBiometrics@@@ATL@@WIA@AGKXZ 10002008 f i Biometrics.obj
 0001:00001015       ?QueryInterface@?$CComContainedObject@VCOPOSBiometrics@@@ATL@@WIE@AGJABU_GUID@@PAPAX@Z 10002015 f i Biometrics.obj
 0001:00001022       ?AddRef@?$CComContainedObject@VCOPOSBiometrics@@@ATL@@WIE@AGKXZ 10002022 f i Biometrics.obj
 0001:0000102f       ?Release@?$CComContainedObject@VCOPOSBiometrics@@@ATL@@WIE@AGKXZ 1000202f f i Biometrics.obj
 0001:0000103c       ?QueryInterface@?$CComContainedObject@VCOPOSBiometrics@@@ATL@@WII@AGJABU_GUID@@PAPAX@Z 1000203c f i Biometrics.obj
 0001:00001049       ?AddRef@?$CComContainedObject@VCOPOSBiometrics@@@ATL@@WII@AGKXZ 10002049 f i Biometrics.obj
 0001:00001056       ?Release@?$CComContainedObject@VCOPOSBiometrics@@@ATL@@WII@AGKXZ 10002056 f i Biometrics.obj
 0001:00001063       ?QueryInterface@?$CComContainedObject@VCOPOSBiometrics@@@ATL@@WIM@AGJABU_GUID@@PAPAX@Z 10002063 f i Biometrics.obj
 0001:00001070       ?AddRef@?$CComContainedObject@VCOPOSBiometrics@@@ATL@@WIM@AGKXZ 10002070 f i Biometrics.obj
 0001:0000107d       ?Release@?$CComContainedObject@VCOPOSBiometrics@@@ATL@@WIM@AGKXZ 1000207d f i Biometrics.obj
 0001:0000108a       ?QueryInterface@?$CComContainedObject@VCOPOSBiometrics@@@ATL@@WJA@AGJABU_GUID@@PAPAX@Z 1000208a f i Biometrics.obj
 0001:00001097       ?AddRef@?$CComContainedObject@VCOPOSBiometrics@@@ATL@@WJA@AGKXZ 10002097 f i Biometrics.obj
 0001:000010a4       ?Release@?$CComContainedObject@VCOPOSBiometrics@@@ATL@@WJA@AGKXZ 100020a4 f i Biometrics.obj
 0001:000010b1       ?QueryInterface@?$CComContainedObject@VCOPOSBiometrics@@@ATL@@WJE@AGJABU_GUID@@PAPAX@Z 100020b1 f i Biometrics.obj
 0001:000010be       ?AddRef@?$CComContainedObject@VCOPOSBiometrics@@@ATL@@WJE@AGKXZ 100020be f i Biometrics.obj
 0001:000010cb       ?Release@?$CComContainedObject@VCOPOSBiometrics@@@ATL@@WJE@AGKXZ 100020cb f i Biometrics.obj
 0001:000010d8       ?QueryInterface@?$CComContainedObject@VCOPOSBiometrics@@@ATL@@WJI@AGJABU_GUID@@PAPAX@Z 100020d8 f i Biometrics.obj
 0001:000010e5       ?AddRef@?$CComContainedObject@VCOPOSBiometrics@@@ATL@@WJI@AGKXZ 100020e5 f i Biometrics.obj
 0001:000010f2       ?Release@?$CComContainedObject@VCOPOSBiometrics@@@ATL@@WJI@AGKXZ 100020f2 f i Biometrics.obj
 0001:000010ff       ?QueryInterface@?$CComContainedObject@VCOPOSBiometrics@@@ATL@@WJM@AGJABU_GUID@@PAPAX@Z 100020ff f i Biometrics.obj
 0001:0000110c       ?AddRef@?$CComContainedObject@VCOPOSBiometrics@@@ATL@@WJM@AGKXZ 1000210c f i Biometrics.obj
 0001:00001119       ?Release@?$CComContainedObject@VCOPOSBiometrics@@@ATL@@WJM@AGKXZ 10002119 f i Biometrics.obj
 0001:00001126       ?QueryInterface@?$CComContainedObject@VCOPOSBiometrics@@@ATL@@WKA@AGJABU_GUID@@PAPAX@Z 10002126 f i Biometrics.obj
 0001:00001133       ?AddRef@?$CComContainedObject@VCOPOSBiometrics@@@ATL@@WKA@AGKXZ 10002133 f i Biometrics.obj
 0001:00001140       ?Release@?$CComContainedObject@VCOPOSBiometrics@@@ATL@@WKA@AGKXZ 10002140 f i Biometrics.obj
 0001:0000114d       ?AddRef@?$CComContainedObject@VCOPOSBiometrics@@@ATL@@WKI@AGKXZ 1000214d f i Biometrics.obj
 0001:0000115a       ?Release@?$CComContainedObject@VCOPOSBiometrics@@@ATL@@WKI@AGKXZ 1000215a f i Biometrics.obj
 0001:00001167       ?AddRef@?$CComContainedObject@VCOPOSBiometrics@@@ATL@@WLE@AGKXZ 10002167 f i Biometrics.obj
 0001:00001174       ?Release@?$CComContainedObject@VCOPOSBiometrics@@@ATL@@WLE@AGKXZ 10002174 f i Biometrics.obj
 0001:00001181       ?Lock@CAtlModule@ATL@@UAEJXZ 10002181 f i Biometrics.obj
 0001:0000118b       ?Unlock@CAtlModule@ATL@@UAEJXZ 1000218b f i Biometrics.obj
 0001:00001195       ?GetLockCount@CAtlModule@ATL@@UAEJXZ 10002195 f i Biometrics.obj
 0001:00001199       ?GetGITPtr@CAtlModule@ATL@@UAEJPAPAUIGlobalInterfaceTable@@@Z 10002199 f i Biometrics.obj
 0001:000011e5       ?AddCommonRGSReplacements@?$CAtlModuleT@VCComModule@ATL@@@ATL@@UAEJPAUIRegistrarBase@@@Z 100021e5 f i Biometrics.obj
 0001:000011ff       ?UpdateRegistryFromResourceD@CComModule@ATL@@UAGJIHPAU_ATL_REGMAP_ENTRY@2@@Z 100021ff f i Biometrics.obj
 0001:000011ff       ?UpdateRegistryFromResourceD@CComModule@ATL@@UAGJPB_WHPAU_ATL_REGMAP_ENTRY@2@@Z 100021ff f i Biometrics.obj
 0001:00001207       ?UpdateRegistryFromResource@CComModule@ATL@@UAGJPB_WHPAU_ATL_REGMAP_ENTRY@2@@Z 10002207 f i Biometrics.obj
 0001:00001210       ?UpdateRegistryFromResource@CComModule@ATL@@UAGJIHPAU_ATL_REGMAP_ENTRY@2@@Z 10002210 f i Biometrics.obj
 0001:00001219       ??_GCComModule@ATL@@UAEPAXI@Z 10002219 f i Biometrics.obj
 0001:00001219       ??_ECComModule@ATL@@UAEPAXI@Z 10002219 f i Biometrics.obj
 0001:00001241       ?GetWindowProc@?$CWindowImplBaseT@VCWindow@ATL@@V?$CWinTraits@$0FGAAAAAA@$0A@@2@@ATL@@UAEP6GJPAUHWND__@@IIJ@ZXZ 10002241 f i Biometrics.obj
 0001:00001247       ?StartWindowProc@?$CWindowImplBaseT@VCWindow@ATL@@V?$CWinTraits@$0FGAAAAAA@$0A@@2@@ATL@@SGJPAUHWND__@@IIJ@Z 10002247 f i Biometrics.obj
 0001:0000129b       ?GetTypeInfoCount@?$IDispatchImpl@UIOPOSBiometrics@@$1?IID_IOPOSBiometrics@@3U_GUID@@B$1?LIBID_OposBiometrics_CCO@@3U3@B$00$0A@VCComTypeInfoHolder@ATL@@@ATL@@UAGJPAI@Z 1000229b f i Biometrics.obj
 0001:000012b8       ?GetTypeInfo@?$IDispatchImpl@UIOPOSBiometrics@@$1?IID_IOPOSBiometrics@@3U_GUID@@B$1?LIBID_OposBiometrics_CCO@@3U3@B$00$0A@VCComTypeInfoHolder@ATL@@@ATL@@UAGJIKPAPAUITypeInfo@@@Z 100022b8 f i Biometrics.obj
 0001:000012dc       ?GetIDsOfNames@?$IDispatchImpl@UIOPOSBiometrics@@$1?IID_IOPOSBiometrics@@3U_GUID@@B$1?LIBID_OposBiometrics_CCO@@3U3@B$00$0A@VCComTypeInfoHolder@ATL@@@ATL@@UAGJABU_GUID@@PAPA_WIKPAJ@Z 100022dc f i Biometrics.obj
 0001:000012fc       ?Invoke@?$IDispatchImpl@UIOPOSBiometrics@@$1?IID_IOPOSBiometrics@@3U_GUID@@B$1?LIBID_OposBiometrics_CCO@@3U3@B$00$0A@VCComTypeInfoHolder@ATL@@@ATL@@UAGJJABU_GUID@@KGPAUtagDISPPARAMS@@PAUtagVARIANT@@PAUtagEXCEPINFO@@PAI@Z 100022fc f i Biometrics.obj
 0001:0000130a       ?CreateControlWindow@?$CComControl@VCOPOSBiometrics@@V?$CWindowImpl@VCOPOSBiometrics@@VCWindow@ATL@@V?$CWinTraits@$0FGAAAAAA@$0A@@3@@ATL@@@ATL@@UAEPAUHWND__@@PAU3@AAUtagRECT@@@Z 1000230a f i Biometrics.obj
 0001:00001339       ?ControlQueryInterface@?$CComControl@VCOPOSBiometrics@@V?$CWindowImpl@VCOPOSBiometrics@@VCWindow@ATL@@V?$CWinTraits@$0FGAAAAAA@$0A@@3@@ATL@@@ATL@@UAEJABU_GUID@@PAPAX@Z 10002339 f i Biometrics.obj
 0001:00001354       ?GetClassID@?$IPersistStreamInitImpl@VCOPOSBiometrics@@@ATL@@UAGJPAU_GUID@@@Z 10002354 f i Biometrics.obj
 0001:00001354       ?GetUserClassID@?$IOleObjectImpl@VCOPOSBiometrics@@@ATL@@UAGJPAU_GUID@@@Z 10002354 f i Biometrics.obj
 0001:00001354       ?GetClassID@?$IPersistStorageImpl@VCOPOSBiometrics@@@ATL@@UAGJPAU_GUID@@@Z 10002354 f i Biometrics.obj
 0001:00001378       ?IsDirty@?$IPersistStreamInitImpl@VCOPOSBiometrics@@@ATL@@UAGJXZ 10002378 f i Biometrics.obj
 0001:00001397       ?Load@?$IPersistStreamInitImpl@VCOPOSBiometrics@@@ATL@@UAGJPAUIStream@@@Z 10002397 f i Biometrics.obj
 0001:000013b6       ?Save@?$IPersistStreamInitImpl@VCOPOSBiometrics@@@ATL@@UAGJPAUIStream@@H@Z 100023b6 f i Biometrics.obj
 0001:000013d8       ?GetSizeMax@?$IPersistStreamInitImpl@VCOPOSBiometrics@@@ATL@@UAGJPAT_ULARGE_INTEGER@@@Z 100023d8 f i Biometrics.obj
 0001:0000158d       ?InitNew@?$IPersistStreamInitImpl@VCOPOSBiometrics@@@ATL@@UAGJXZ 1000258d f i Biometrics.obj
 0001:000015aa       ?SOOutputCompleteDummy@COPOSBiometrics@@MAGJJ@Z 100025aa f i Biometrics.obj
 0001:000015aa       ?GetDropTarget@?$IOleInPlaceObjectWindowlessImpl@VCOPOSBiometrics@@@ATL@@UAGJPAPAUIDropTarget@@@Z 100025aa f i Biometrics.obj
 0001:000015aa       ?ContextSensitiveHelp@?$IOleInPlaceObjectWindowlessImpl@VCOPOSBiometrics@@@ATL@@UAGJH@Z 100025aa f i Biometrics.obj
 0001:000015aa       ?QueryGetData@?$IDataObjectImpl@VCOPOSBiometrics@@@ATL@@UAGJPAUtagFORMATETC@@@Z 100025aa f i Biometrics.obj
 0001:000015aa       ?Unfreeze@?$IViewObjectExImpl@VCOPOSBiometrics@@@ATL@@UAGJK@Z 100025aa f i Biometrics.obj
 0001:000015aa       ?GetControlInfo@?$IOleControlImpl@VCOPOSBiometrics@@@ATL@@UAGJPAUtagCONTROLINFO@@@Z 100025aa f i Biometrics.obj
 0001:000015aa       ?ContextSensitiveHelp@?$IOleInPlaceActiveObjectImpl@VCOPOSBiometrics@@@ATL@@UAGJH@Z 100025aa f i Biometrics.obj
 0001:000015aa       ?OnMnemonic@?$IOleControlImpl@VCOPOSBiometrics@@@ATL@@UAGJPAUtagMSG@@@Z 100025aa f i Biometrics.obj
 0001:000015aa       ?SetColorScheme@?$IOleObjectImpl@VCOPOSBiometrics@@@ATL@@UAGJPAUtagLOGPALETTE@@@Z 100025aa f i Biometrics.obj
 0001:000015b2       ?OnFrameWindowActivate@?$IOleInPlaceActiveObjectImpl@VCOPOSBiometrics@@@ATL@@UAGJH@Z 100025b2 f i Biometrics.obj
 0001:000015b2       ?SaveCompleted@?$IPersistStorageImpl@VCOPOSBiometrics@@@ATL@@UAGJPAUIStorage@@@Z 100025b2 f i Biometrics.obj
 0001:000015b2       ?EnableModeless@?$IOleInPlaceActiveObjectImpl@VCOPOSBiometrics@@@ATL@@UAGJH@Z 100025b2 f i Biometrics.obj
 0001:000015b2       ?OnAmbientPropertyChange@?$IOleControlImpl@VCOPOSBiometrics@@@ATL@@UAGJJ@Z 100025b2 f i Biometrics.obj
 0001:000015b7       ?SetClientSite@?$IOleObjectImpl@VCOPOSBiometrics@@@ATL@@UAGJPAUIOleClientSite@@@Z 100025b7 f i Biometrics.obj
 0001:000015d4       ?GetClientSite@?$IOleObjectImpl@VCOPOSBiometrics@@@ATL@@UAGJPAPAUIOleClientSite@@@Z 100025d4 f i Biometrics.obj
 0001:000015f1       ?SetHostNames@?$IOleObjectImpl@VCOPOSBiometrics@@@ATL@@UAGJPB_W0@Z 100025f1 f i Biometrics.obj
 0001:000015f6       ?Close@?$IOleObjectImpl@VCOPOSBiometrics@@@ATL@@UAGJK@Z 100025f6 f i Biometrics.obj
 0001:00001613       ?GetDataHere@?$IDataObjectImpl@VCOPOSBiometrics@@@ATL@@UAGJPAUtagFORMATETC@@PAUtagSTGMEDIUM@@@Z 10002613 f i Biometrics.obj
 0001:00001613       ?QueryInterface@CRegObject@ATL@@UAGJABU_GUID@@PAPAX@Z 10002613 f i Biometrics.obj
 0001:00001613       ?GetCanonicalFormatEtc@?$IDataObjectImpl@VCOPOSBiometrics@@@ATL@@UAGJPAUtagFORMATETC@@0@Z 10002613 f i Biometrics.obj
 0001:00001613       ?EnumFormatEtc@?$IDataObjectImpl@VCOPOSBiometrics@@@ATL@@UAGJKPAPAUIEnumFORMATETC@@@Z 10002613 f i Biometrics.obj
 0001:00001613       ?GetRect@?$IViewObjectExImpl@VCOPOSBiometrics@@@ATL@@UAGJKPAU_RECTL@@@Z 10002613 f i Biometrics.obj
 0001:00001613       ?SetMoniker@?$IOleObjectImpl@VCOPOSBiometrics@@@ATL@@UAGJKPAUIMoniker@@@Z 10002613 f i Biometrics.obj
 0001:00001613       ?GetClipboardData@?$IOleObjectImpl@VCOPOSBiometrics@@@ATL@@UAGJKPAPAUIDataObject@@@Z 10002613 f i Biometrics.obj
 0001:0000161b       ?GetMoniker@?$IOleObjectImpl@VCOPOSBiometrics@@@ATL@@UAGJKKPAPAUIMoniker@@@Z 1000261b f i Biometrics.obj
 0001:0000161b       ?SetData@?$IDataObjectImpl@VCOPOSBiometrics@@@ATL@@UAGJPAUtagFORMATETC@@PAUtagSTGMEDIUM@@H@Z 1000261b f i Biometrics.obj
 0001:0000161b       ?InitFromData@?$IOleObjectImpl@VCOPOSBiometrics@@@ATL@@UAGJPAUIDataObject@@HK@Z 1000261b f i Biometrics.obj
 0001:00001623       ?DoVerb@?$IOleObjectImpl@VCOPOSBiometrics@@@ATL@@UAGJJPAUtagMSG@@PAUIOleClientSite@@JPAUHWND__@@PBUtagRECT@@@Z 10002623 f i Biometrics.obj
 0001:0000173b       ?EnumVerbs@?$IOleObjectImpl@VCOPOSBiometrics@@@ATL@@UAGJPAPAUIEnumOLEVERB@@@Z 1000273b f i Biometrics.obj
 0001:0000175d       ?Update@?$IOleObjectImpl@VCOPOSBiometrics@@@ATL@@UAGJXZ 1000275d f i Biometrics.obj
 0001:0000175d       ?HandsOffStorage@?$IPersistStorageImpl@VCOPOSBiometrics@@@ATL@@UAGJXZ 1000275d f i Biometrics.obj
 0001:0000175d       ?IsUpToDate@?$IOleObjectImpl@VCOPOSBiometrics@@@ATL@@UAGJXZ 1000275d f i Biometrics.obj
 0001:0000175d       ?Release@CRegObject@ATL@@UAGKXZ 1000275d f i Biometrics.obj
 0001:00001762       ?GetUserType@?$IOleObjectImpl@VCOPOSBiometrics@@@ATL@@UAGJKPAPA_W@Z 10002762 f i Biometrics.obj
 0001:0000177a       ?SetExtent@?$IOleObjectImpl@VCOPOSBiometrics@@@ATL@@UAGJKPAUtagSIZE@@@Z 1000277a f i Biometrics.obj
 0001:0000179a       ?GetExtent@?$IOleObjectImpl@VCOPOSBiometrics@@@ATL@@UAGJKPAUtagSIZE@@@Z 1000279a f i Biometrics.obj
 0001:000017d8       ?Advise@?$IOleObjectImpl@VCOPOSBiometrics@@@ATL@@UAGJPAUIAdviseSink@@PAK@Z 100027d8 f i Biometrics.obj
 0001:000017f8       ?Unadvise@?$IOleObjectImpl@VCOPOSBiometrics@@@ATL@@UAGJK@Z 100027f8 f i Biometrics.obj
 0001:00001827       ?EnumAdvise@?$IOleObjectImpl@VCOPOSBiometrics@@@ATL@@UAGJPAPAUIEnumSTATDATA@@@Z 10002827 f i Biometrics.obj
 0001:00001867       ?GetMiscStatus@?$IOleObjectImpl@VCOPOSBiometrics@@@ATL@@UAGJKPAK@Z 10002867 f i Biometrics.obj
 0001:0000187f       ?GetWindow@?$IOleInPlaceActiveObjectImpl@VCOPOSBiometrics@@@ATL@@UAGJPAPAUHWND__@@@Z 1000287f f i Biometrics.obj
 0001:000018cc       ?TranslateAcceleratorW@?$IOleInPlaceActiveObjectImpl@VCOPOSBiometrics@@@ATL@@UAGJPAUtagMSG@@@Z 100028cc f i Biometrics.obj
 0001:0000196a       ?OnDocWindowActivate@?$IOleInPlaceActiveObjectImpl@VCOPOSBiometrics@@@ATL@@UAGJH@Z 1000296a f i Biometrics.obj
 0001:0000198c       ?ResizeBorder@?$IOleInPlaceActiveObjectImpl@VCOPOSBiometrics@@@ATL@@UAGJPBUtagRECT@@PAUIOleInPlaceUIWindow@@H@Z 1000298c f i Biometrics.obj
 0001:00001991       ?Draw@?$IViewObjectExImpl@VCOPOSBiometrics@@@ATL@@UAGJKJPAXPAUtagDVTARGETDEVICE@@PAUHDC__@@2PBU_RECTL@@3P6GHK@ZK@Z 10002991 f i Biometrics.obj
 0001:000019c3       ?GetColorSet@?$IViewObjectExImpl@VCOPOSBiometrics@@@ATL@@UAGJKJPAXPAUtagDVTARGETDEVICE@@PAUHDC__@@PAPAUtagLOGPALETTE@@@Z 100029c3 f i Biometrics.obj
 0001:000019cb       ?Freeze@?$IViewObjectExImpl@VCOPOSBiometrics@@@ATL@@UAGJKJPAXPAK@Z 100029cb f i Biometrics.obj
 0001:000019d3       ?SetAdvise@?$IViewObjectExImpl@VCOPOSBiometrics@@@ATL@@UAGJKKPAUIAdviseSink@@@Z 100029d3 f i Biometrics.obj
 0001:000019f2       ?GetAdvise@?$IViewObjectExImpl@VCOPOSBiometrics@@@ATL@@UAGJPAK0PAPAUIAdviseSink@@@Z 100029f2 f i Biometrics.obj
 0001:00001a27       ?GetExtent@?$IViewObjectExImpl@VCOPOSBiometrics@@@ATL@@UAGJKJPAUtagDVTARGETDEVICE@@PAUtagSIZE@@@Z 10002a27 f i Biometrics.obj
 0001:00001a58       ?GetViewStatus@?$IViewObjectExImpl@VCOPOSBiometrics@@@ATL@@UAGJPAK@Z 10002a58 f i Biometrics.obj
 0001:00001a75       ?QueryHitPoint@?$IViewObjectExImpl@VCOPOSBiometrics@@@ATL@@UAGJKPBUtagRECT@@UtagPOINT@@JPAK@Z 10002a75 f i Biometrics.obj
 0001:00001ab6       ?QueryHitRect@?$IViewObjectExImpl@VCOPOSBiometrics@@@ATL@@UAGJKPBUtagRECT@@0JPAK@Z 10002ab6 f i Biometrics.obj
 0001:00001b11       ?GetNaturalExtent@?$IViewObjectExImpl@VCOPOSBiometrics@@@ATL@@UAGJKJPAUtagDVTARGETDEVICE@@PAUHDC__@@PAUtagExtentInfo@@PAUtagSIZE@@@Z 10002b11 f i Biometrics.obj
 0001:00001b5c       ?GetWindow@?$IOleInPlaceObjectWindowlessImpl@VCOPOSBiometrics@@@ATL@@UAGJPAPAUHWND__@@@Z 10002b5c f i Biometrics.obj
 0001:00001ba9       ?InPlaceDeactivate@?$IOleInPlaceObjectWindowlessImpl@VCOPOSBiometrics@@@ATL@@UAGJXZ 10002ba9 f i Biometrics.obj
 0001:00001bc3       ?UIDeactivate@?$IOleInPlaceObjectWindowlessImpl@VCOPOSBiometrics@@@ATL@@UAGJXZ 10002bc3 f i Biometrics.obj
 0001:00001bdd       ?SetObjectRects@?$IOleInPlaceObjectWindowlessImpl@VCOPOSBiometrics@@@ATL@@UAGJPBUtagRECT@@0@Z 10002bdd f i Biometrics.obj
 0001:00001bfd       ?ReactivateAndUndo@?$IOleInPlaceObjectWindowlessImpl@VCOPOSBiometrics@@@ATL@@UAGJXZ 10002bfd f i Biometrics.obj
 0001:00001c05       ?OnWindowMessage@?$IOleInPlaceObjectWindowlessImpl@VCOPOSBiometrics@@@ATL@@UAGJIIJPAJ@Z 10002c05 f i Biometrics.obj
 0001:00001c75       ?EnumConnectionPoints@?$IConnectionPointContainerImpl@VCOPOSBiometrics@@@ATL@@UAGJPAPAUIEnumConnectionPoints@@@Z 10002c75 f i Biometrics.obj
 0001:00001def       ?FindConnectionPoint@?$IConnectionPointContainerImpl@VCOPOSBiometrics@@@ATL@@UAGJABU_GUID@@PAPAUIConnectionPoint@@@Z 10002def f i Biometrics.obj
 0001:00001e92       ?IsDirty@?$IPersistStorageImpl@VCOPOSBiometrics@@@ATL@@UAGJXZ 10002e92 f i Biometrics.obj
 0001:00001ec6       ?InitNew@?$IPersistStorageImpl@VCOPOSBiometrics@@@ATL@@UAGJPAUIStorage@@@Z 10002ec6 f i Biometrics.obj
 0001:00001efa       ?Load@?$IPersistStorageImpl@VCOPOSBiometrics@@@ATL@@UAGJPAUIStorage@@@Z 10002efa f i Biometrics.obj
 0001:00001f66       ?Save@?$IPersistStorageImpl@VCOPOSBiometrics@@@ATL@@UAGJPAUIStorage@@H@Z 10002f66 f i Biometrics.obj
 0001:00001fd9       ?GetPages@?$ISpecifyPropertyPagesImpl@VCOPOSBiometrics@@@ATL@@UAGJPAUtagCAUUID@@@Z 10002fd9 f i Biometrics.obj
 0001:00001ff0       ?QuickActivate@?$IQuickActivateImpl@VCOPOSBiometrics@@@ATL@@UAGJPAUtagQACONTAINER@@PAUtagQACONTROL@@@Z 10002ff0 f i Biometrics.obj
 0001:00002013       ?SetContentExtent@?$IQuickActivateImpl@VCOPOSBiometrics@@@ATL@@UAGJPAUtagSIZE@@@Z 10003013 f i Biometrics.obj
 0001:0000203f       ?GetContentExtent@?$IQuickActivateImpl@VCOPOSBiometrics@@@ATL@@UAGJPAUtagSIZE@@@Z 1000303f f i Biometrics.obj
 0001:0000205f       ?GetData@?$IDataObjectImpl@VCOPOSBiometrics@@@ATL@@UAGJPAUtagFORMATETC@@PAUtagSTGMEDIUM@@@Z 1000305f f i Biometrics.obj
 0001:00002082       ?DAdvise@?$IDataObjectImpl@VCOPOSBiometrics@@@ATL@@UAGJPAUtagFORMATETC@@KPAUIAdviseSink@@PAK@Z 10003082 f i Biometrics.obj
 0001:000020c3       ?DUnadvise@?$IDataObjectImpl@VCOPOSBiometrics@@@ATL@@UAGJK@Z 100030c3 f i Biometrics.obj
 0001:000020f1       ?EnumDAdvise@?$IDataObjectImpl@VCOPOSBiometrics@@@ATL@@UAGJPAPAUIEnumSTATDATA@@@Z 100030f1 f i Biometrics.obj
 0001:00002130       ?GetClassInfoW@?$IProvideClassInfo2Impl@$1?CLSID_OPOSBiometrics@@3U_GUID@@B$1?DIID__IOPOSBiometricsEvents@@3U2@B$1?LIBID_OposBiometrics_CCO@@3U2@B$00$0A@VCComTypeInfoHolder@ATL@@@ATL@@UAGJPAPAUITypeInfo@@@Z 10003130 f i Biometrics.obj
 0001:00002146       ?GetGUID@?$IProvideClassInfo2Impl@$1?CLSID_OPOSBiometrics@@3U_GUID@@B$1?DIID__IOPOSBiometricsEvents@@3U2@B$1?LIBID_OposBiometrics_CCO@@3U2@B$00$0A@VCComTypeInfoHolder@ATL@@@ATL@@UAGJKPAU_GUID@@@Z 10003146 f i Biometrics.obj
 0001:00002184       ?FAccessAllowed@?$IObjectSafetyImpl@VCOPOSBiometrics@@$02@ATL@@MAEHXZ 10003184 f i Biometrics.obj
 0001:00002184       __get_startup_argv_mode    10003184 f i LIBCMT:argv_mode.obj
 0001:00002188       ?GetInterfaceSafetyOptions@?$IObjectSafetyImpl@VCOPOSBiometrics@@$02@ATL@@UAGJABU_GUID@@PAK1@Z 10003188 f i Biometrics.obj
 0001:000021fc       ?SetInterfaceSafetyOptions@?$IObjectSafetyImpl@VCOPOSBiometrics@@$02@ATL@@UAGJABU_GUID@@KK@Z 100031fc f i Biometrics.obj
 0001:00002276       ?_LocCPQueryInterface@?$IConnectionPointImpl@VCOPOSBiometrics@@$1?IID_IPropertyNotifySink@@3U_GUID@@BVCComDynamicUnkArray@ATL@@@ATL@@UAGJABU_GUID@@PAPAX@Z 10003276 f i Biometrics.obj
 0001:00002276       ?_LocCPQueryInterface@?$IConnectionPointImpl@VCOPOSBiometrics@@$1?DIID__IOPOSBiometricsEvents@@3U_GUID@@BVCComDynamicUnkArray@ATL@@@ATL@@UAGJABU_GUID@@PAPAX@Z 10003276 f i Biometrics.obj
 0001:000022c3       ?GetConnectionInterface@?$IConnectionPointImpl@VCOPOSBiometrics@@$1?IID_IPropertyNotifySink@@3U_GUID@@BVCComDynamicUnkArray@ATL@@@ATL@@UAGJPAU_GUID@@@Z 100032c3 f i Biometrics.obj
 0001:000022e7       ?GetConnectionPointContainer@?$IConnectionPointImpl@VCOPOSBiometrics@@$1?IID_IPropertyNotifySink@@3U_GUID@@BVCComDynamicUnkArray@ATL@@@ATL@@UAGJPAPAUIConnectionPointContainer@@@Z 100032e7 f i Biometrics.obj
 0001:0000230a       ?Advise@?$IConnectionPointImpl@VCOPOSBiometrics@@$1?IID_IPropertyNotifySink@@3U_GUID@@BVCComDynamicUnkArray@ATL@@@ATL@@UAGJPAUIUnknown@@PAK@Z 1000330a f i Biometrics.obj
 0001:0000230a       ?Advise@?$IConnectionPointImpl@VCOPOSBiometrics@@$1?DIID__IOPOSBiometricsEvents@@3U_GUID@@BVCComDynamicUnkArray@ATL@@@ATL@@UAGJPAUIUnknown@@PAK@Z 1000330a f i Biometrics.obj
 0001:000023ab       ?Unadvise@?$IConnectionPointImpl@VCOPOSBiometrics@@$1?DIID__IOPOSBiometricsEvents@@3U_GUID@@BVCComDynamicUnkArray@ATL@@@ATL@@UAGJK@Z 100033ab f i Biometrics.obj
 0001:000023ab       ?Unadvise@?$IConnectionPointImpl@VCOPOSBiometrics@@$1?IID_IPropertyNotifySink@@3U_GUID@@BVCComDynamicUnkArray@ATL@@@ATL@@UAGJK@Z 100033ab f i Biometrics.obj
 0001:000023eb       ?EnumConnections@?$IConnectionPointImpl@VCOPOSBiometrics@@$1?IID_IPropertyNotifySink@@3U_GUID@@BVCComDynamicUnkArray@ATL@@@ATL@@UAGJPAPAUIEnumConnections@@@Z 100033eb f i Biometrics.obj
 0001:000023eb       ?EnumConnections@?$IConnectionPointImpl@VCOPOSBiometrics@@$1?DIID__IOPOSBiometricsEvents@@3U_GUID@@BVCComDynamicUnkArray@ATL@@@ATL@@UAGJPAPAUIEnumConnections@@@Z 100033eb f i Biometrics.obj
 0001:000024f1       ?AddRef@CRegObject@ATL@@UAGKXZ 100034f1 f i Biometrics.obj
 0001:000024f7       ?AddReplacement@CRegObject@ATL@@UAGJPB_W0@Z 100034f7 f i Biometrics.obj
 0001:00002530       ?ClearReplacements@CRegObject@ATL@@UAGJXZ 10003530 f i Biometrics.obj
 0001:00002542       ?GetConnectionInterface@?$IConnectionPointImpl@VCOPOSBiometrics@@$1?DIID__IOPOSBiometricsEvents@@3U_GUID@@BVCComDynamicUnkArray@ATL@@@ATL@@UAGJPAU_GUID@@@Z 10003542 f i Biometrics.obj
 0001:00002566       ?GetConnectionPointContainer@?$IConnectionPointImpl@VCOPOSBiometrics@@$1?DIID__IOPOSBiometricsEvents@@3U_GUID@@BVCComDynamicUnkArray@ATL@@@ATL@@UAGJPAPAUIConnectionPointContainer@@@Z 10003566 f i Biometrics.obj
 0001:00002589       ??_GCRegObject@ATL@@UAEPAXI@Z 10003589 f i Biometrics.obj
 0001:00002589       ??_ECRegObject@ATL@@UAEPAXI@Z 10003589 f i Biometrics.obj
 0001:000025ab       ?UpdateRegistry@COPOSBiometrics@@SGJH@Z 100035ab f i Biometrics.obj
 0001:000025c3       ?ProcessWindowMessage@COPOSBiometrics@@UAEHPAUHWND__@@IIJAAJK@Z 100035c3 f i Biometrics.obj
 0001:0000260c       ?SOData@COPOSBiometrics@@MAGJJ@Z 1000360c f i Biometrics.obj
 0001:00002645       ?SODirectIO@COPOSBiometrics@@MAGJJPAJPAPA_W@Z 10003645 f i Biometrics.obj
 0001:0000268e       ?SOError@COPOSBiometrics@@MAGJJJJPAJ@Z 1000368e f i Biometrics.obj
 0001:000026e3       ?SOStatusUpdate@COPOSBiometrics@@MAGJJ@Z 100036e3 f i Biometrics.obj
 0001:0000271c       ?CreateInstance@?$CComCreator@V?$CComObjectCached@VCComClassFactory@ATL@@@ATL@@@ATL@@SGJPAXABU_GUID@@PAPAX@Z 1000371c f i Biometrics.obj
 0001:000027af       ?CreateInstance@?$CComCreator2@V?$CComCreator@V?$CComObject@VCOPOSBiometrics@@@ATL@@@ATL@@V?$CComCreator@V?$CComAggObject@VCOPOSBiometrics@@@ATL@@@2@@ATL@@SGJPAXABU_GUID@@PAPAX@Z 100037af f i Biometrics.obj
 0001:000027cf       ?Next@?$CComEnumImpl@UIEnumConnectionPoints@@$1?_GUID_b196b285_bab4_101a_b69c_00aa00341d07@@3U__s_GUID@@BPAUIConnectionPoint@@V?$_CopyInterface@UIConnectionPoint@@@ATL@@@ATL@@UAGJKPAPAUIConnectionPoint@@PAK@Z 100037cf f i Biometrics.obj
 0001:000028a6       ?Skip@?$CComEnumImpl@UIEnumConnectionPoints@@$1?_GUID_b196b285_bab4_101a_b69c_00aa00341d07@@3U__s_GUID@@BPAUIConnectionPoint@@V?$_CopyInterface@UIConnectionPoint@@@ATL@@@ATL@@UAGJK@Z 100038a6 f i Biometrics.obj
 0001:000028d3       ?Clone@?$CComEnumImpl@UIEnumConnectionPoints@@$1?_GUID_b196b285_bab4_101a_b69c_00aa00341d07@@3U__s_GUID@@BPAUIConnectionPoint@@V?$_CopyInterface@UIConnectionPoint@@@ATL@@@ATL@@UAGJPAPAUIEnumConnectionPoints@@@Z 100038d3 f i Biometrics.obj
 0001:000029b2       ?QueryInterface@?$CComObject@V?$CComEnum@UIEnumConnectionPoints@@$1?_GUID_b196b285_bab4_101a_b69c_00aa00341d07@@3U__s_GUID@@BPAUIConnectionPoint@@V?$_CopyInterface@UIConnectionPoint@@@ATL@@VCComSingleThreadModel@6@@ATL@@@ATL@@UAGJABU_GUID@@PAPAX@Z 100039b2 f i Biometrics.obj
 0001:000029cc       ??_G?$CComObject@V?$CComEnum@UIEnumConnectionPoints@@$1?_GUID_b196b285_bab4_101a_b69c_00aa00341d07@@3U__s_GUID@@BPAUIConnectionPoint@@V?$_CopyInterface@UIConnectionPoint@@@ATL@@VCComSingleThreadModel@6@@ATL@@@ATL@@UAEPAXI@Z 100039cc f i Biometrics.obj
 0001:000029cc       ??_E?$CComObject@V?$CComEnum@UIEnumConnectionPoints@@$1?_GUID_b196b285_bab4_101a_b69c_00aa00341d07@@3U__s_GUID@@BPAUIConnectionPoint@@V?$_CopyInterface@UIConnectionPoint@@@ATL@@VCComSingleThreadModel@6@@ATL@@@ATL@@UAEPAXI@Z 100039cc f i Biometrics.obj
 0001:000029ee       ??$?4UITypeInfo2@@@?$CComPtr@UITypeInfo@@@ATL@@QAEPAUITypeInfo@@ABV?$CComPtr@UITypeInfo2@@@1@@Z 100039ee f i Biometrics.obj
 0001:00002a1b       ??$AtlAdd@K@ATL@@YAJPAKKK@Z 10003a1b f i Biometrics.obj
 0001:00002a3e       ??$AtlAdd@_K@ATL@@YAJPA_K_K1@Z 10003a3e f i Biometrics.obj
 0001:00002a76       ??$AtlAddThrow@K@ATL@@YAKKK@Z 10003a76 f i Biometrics.obj
 0001:00002a9c       ??$AtlModuleRegisterWndClassInfoT@VAtlModuleRegisterWndClassInfoParamW@ATL@@@ATL@@YAGPAU_ATL_BASE_MODULE70@0@PAU_ATL_WIN_MODULE70@0@PAU_ATL_WNDCLASSINFOW@0@PAP6GJPAUHWND__@@IIJ@ZVAtlModuleRegisterWndClassInfoParamW@0@@Z 10003a9c f i Biometrics.obj
 0001:00002bea       ??$AtlMultiply@H@ATL@@YAJPAHHH@Z 10003bea f i Biometrics.obj
 0001:00002c22       ??$AtlMultiply@K@ATL@@YAJPAKKK@Z 10003c22 f i Biometrics.obj
 0001:00002c22       ??$AtlMultiply@I@ATL@@YAJPAIII@Z 10003c22 f i Biometrics.obj
 0001:00002c44       ??$AtlMultiplyThrow@I@ATL@@YAIII@Z 10003c44 f i Biometrics.obj
 0001:00002c6a       ??0?$CComAggObject@VCOPOSBiometrics@@@ATL@@QAE@PAX@Z 10003c6a f i Biometrics.obj
 0001:00002c97       ??0?$CComContainedObject@VCOPOSBiometrics@@@ATL@@QAE@PAX@Z 10003c97 f i Biometrics.obj
 0001:00002d50       ??0?$CComObject@V?$CComEnum@UIEnumConnectionPoints@@$1?_GUID_b196b285_bab4_101a_b69c_00aa00341d07@@3U__s_GUID@@BPAUIConnectionPoint@@V?$_CopyInterface@UIConnectionPoint@@@ATL@@VCComSingleThreadModel@6@@ATL@@@ATL@@QAE@PAX@Z 10003d50 f i Biometrics.obj
 0001:00002d7e       ??0?$CComObject@V?$CComEnum@UIEnumConnections@@$1?_GUID_b196b287_bab4_101a_b69c_00aa00341d07@@3U__s_GUID@@BUtagCONNECTDATA@@V?$_Copy@UtagCONNECTDATA@@@ATL@@VCComSingleThreadModel@6@@ATL@@@ATL@@QAE@PAX@Z 10003d7e f i Biometrics.obj
 0001:00002dac       ??0?$CComObject@VCOPOSBiometrics@@@ATL@@QAE@PAX@Z 10003dac f i Biometrics.obj
 0001:00002e63       ??0?$CComQIPtr@UIOleControlSite@@$1?_GUID_b196b289_bab4_101a_b69c_00aa00341d07@@3U__s_GUID@@B@ATL@@QAE@PAUIUnknown@@@Z 10003e63 f i Biometrics.obj
 0001:00002e8c       ??0CAtlModule@ATL@@QAE@XZ  10003e8c f i Biometrics.obj
 0001:00002ecd       ??0CParseBuffer@CRegParser@ATL@@QAE@H@Z 10003ecd f i Biometrics.obj
 0001:00002f03       ??0_ATL_MSG@ATL@@QAE@PAUHWND__@@IIJH@Z 10003f03 f i Biometrics.obj
 0001:00002f3b       ??1?$CComAggObject@VCOPOSBiometrics@@@ATL@@UAE@XZ 10003f3b f i Biometrics.obj
 0001:00002f5f       ??1?$CComEnumImpl@UIEnumConnectionPoints@@$1?_GUID_b196b285_bab4_101a_b69c_00aa00341d07@@3U__s_GUID@@BPAUIConnectionPoint@@V?$_CopyInterface@UIConnectionPoint@@@ATL@@@ATL@@UAE@XZ 10003f5f f i Biometrics.obj
 0001:00002f9f       ??1?$CComEnumImpl@UIEnumConnections@@$1?_GUID_b196b287_bab4_101a_b69c_00aa00341d07@@3U__s_GUID@@BUtagCONNECTDATA@@V?$_Copy@UtagCONNECTDATA@@@ATL@@@ATL@@UAE@XZ 10003f9f f i Biometrics.obj
 0001:00002fdf       ??1?$CComObject@V?$CComEnum@UIEnumConnectionPoints@@$1?_GUID_b196b285_bab4_101a_b69c_00aa00341d07@@3U__s_GUID@@BPAUIConnectionPoint@@V?$_CopyInterface@UIConnectionPoint@@@ATL@@VCComSingleThreadModel@6@@ATL@@@ATL@@UAE@XZ 10003fdf f i Biometrics.obj
 0001:00003002       ??1?$CComObject@V?$CComEnum@UIEnumConnections@@$1?_GUID_b196b287_bab4_101a_b69c_00aa00341d07@@3U__s_GUID@@BUtagCONNECTDATA@@V?$_Copy@UtagCONNECTDATA@@@ATL@@VCComSingleThreadModel@6@@ATL@@@ATL@@UAE@XZ 10004002 f i Biometrics.obj
 0001:00003025       ??1?$CComObject@VCOPOSBiometrics@@@ATL@@UAE@XZ 10004025 f i Biometrics.obj
 0001:000030e3       ??1?$CComObjectCached@VCComClassFactory@ATL@@@ATL@@UAE@XZ 100040e3 f i Biometrics.obj
 0001:000030f9       ??1?$CComObjectRootEx@VCComMultiThreadModel@ATL@@@ATL@@QAE@XZ 100040f9 f i Biometrics.obj
 0001:0000310e       ??1CRegObject@ATL@@UAE@XZ  1000410e f i Biometrics.obj
 0001:0000312e       ??4?$CComPtr@UIAdviseSink@@@ATL@@QAEPAUIAdviseSink@@PAU2@@Z 1000412e f i Biometrics.obj
 0001:0000312e       ??4?$CComPtr@UIOleClientSite@@@ATL@@QAEPAUIOleClientSite@@PAU2@@Z 1000412e f i Biometrics.obj
 0001:0000312e       ??4?$CComPtr@UIUnknown@@@ATL@@QAEPAUIUnknown@@PAU2@@Z 1000412e f i Biometrics.obj
 0001:00003162       ??4?$CComQIPtr@UIOleObject@@$1?_GUID_00000112_0000_0000_c000_000000000046@@3U__s_GUID@@B@ATL@@QAEPAUIOleObject@@PAUIUnknown@@@Z 10004162 f i Biometrics.obj
 0001:00003187       ??4?$CComQIPtr@UISpecifyPropertyPages@@$1?_GUID_b196b28b_bab4_101a_b69c_00aa00341d07@@3U__s_GUID@@B@ATL@@QAEPAUISpecifyPropertyPages@@PAUIUnknown@@@Z 10004187 f i Biometrics.obj
 0001:000031ac       ??_G?$CComContainedObject@VCOPOSBiometrics@@@ATL@@UAEPAXI@Z 100041ac f i Biometrics.obj
 0001:000031ac       ??_E?$CComContainedObject@VCOPOSBiometrics@@@ATL@@UAEPAXI@Z 100041ac f i Biometrics.obj
 0001:000031d1       ??_E?$CComObject@VCOPOSBiometrics@@@ATL@@UAEPAXI@Z 100041d1 f i Biometrics.obj
 0001:000031d1       ??_G?$CComObject@VCOPOSBiometrics@@@ATL@@UAEPAXI@Z 100041d1 f i Biometrics.obj
 0001:000031f6       ?Add@?$CSimpleArray@GV?$CSimpleArrayEqualHelper@G@ATL@@@ATL@@QAEHABG@Z 100041f6 f i Biometrics.obj
 0001:0000327a       ?Add@?$CSimpleMap@PA_WPA_WVCExpansionVectorEqualHelper@ATL@@@ATL@@QAEHABQA_W0@Z 1000427a f i Biometrics.obj
 0001:000032cf       ?Add@CComDynamicUnkArray@ATL@@QAEKPAUIUnknown@@@Z 100042cf f i Biometrics.obj
 0001:0000338a       ?Add@CExpansionVector@ATL@@QAEHPB_W0@Z 1000438a f i Biometrics.obj
 0001:0000348e       ?AddString@CParseBuffer@CRegParser@ATL@@QAEHPB_W@Z 1000448e f i Biometrics.obj
 0001:000034c3       ?AddValue@CRegParser@ATL@@IAEJAAVCRegKey@2@PB_WPA_W@Z 100044c3 f i Biometrics.obj
 0001:000037e4       ?Allocate@?$CAtlSafeAllocBufferManager@VCCRTAllocator@ATL@@@_ATL_SAFE_ALLOCA_IMPL@ATL@@QAEPAXK@Z 100047e4 f i Biometrics.obj
 0001:00003811       ?Allocate@?$CTempBuffer@E$0BAA@VCCRTAllocator@ATL@@@ATL@@QAEPAEI@Z 10004811 f i Biometrics.obj
 0001:00003840       ?Allocate@?$CTempBuffer@_W$0BAA@VCCRTAllocator@ATL@@@ATL@@QAEPA_WI@Z 10004840 f i Biometrics.obj
 0001:0000386f       ?Allocate@?$CTempBuffer@_W$0EAA@VCCRTAllocator@ATL@@@ATL@@QAEPA_WI@Z 1000486f f i Biometrics.obj
 0001:0000389e       ?AllocateHeap@?$CTempBuffer@E$0BAA@VCCRTAllocator@ATL@@@ATL@@AAEXI@Z 1000489e f i Biometrics.obj
 0001:0000389e       ?AllocateHeap@?$CTempBuffer@_W$0EAA@VCCRTAllocator@ATL@@@ATL@@AAEXI@Z 1000489e f i Biometrics.obj
 0001:0000389e       ?AllocateHeap@?$CTempBuffer@_W$0BAA@VCCRTAllocator@ATL@@@ATL@@AAEXI@Z 1000489e f i Biometrics.obj
 0001:000038c3       ?Append@CParseBuffer@CRegParser@ATL@@QAEHPB_WH@Z 100048c3 f i Biometrics.obj
 0001:00003951       ?AtlCallTermFunc@ATL@@YGXPAU_ATL_MODULE70@1@@Z 10004951 f i Biometrics.obj
 0001:00003995       ?AtlCoTaskMemCAlloc@ATL@@YAPAXKK@Z 10004995 f i Biometrics.obj
 0001:000039c2       ?AtlCoTaskMemRecalloc@ATL@@YAPAXPAXKK@Z 100049c2 f i Biometrics.obj
 0001:000039f2       ?AtlComModuleGetClassObject@ATL@@YGJPAU_ATL_COM_MODULE70@1@ABU_GUID@@1PAPAX@Z 100049f2 f i Biometrics.obj
 0001:00003ae5       ?AtlComModuleRegisterServer@ATL@@YGJPAU_ATL_COM_MODULE70@1@HPBU_GUID@@@Z 10004ae5 f i Biometrics.obj
 0001:00003b6d       ?AtlComModuleUnregisterServer@ATL@@YGJPAU_ATL_COM_MODULE70@1@HPBU_GUID@@@Z 10004b6d f i Biometrics.obj
 0001:00003bf5       ?AtlComQIPtrAssign2@ATL@@YAXPAPAUIUnknown@@PAU2@ABU_GUID@@@Z 10004bf5 f i Biometrics.obj
 0001:00003c24       ?AtlCreateTargetDC@ATL@@YGPAUHDC__@@PAU2@PAUtagDVTARGETDEVICE@@@Z 10004c24 f i Biometrics.obj
 0001:00003c8d       ?AtlCrtErrorCheck@ATL@@YAHH@Z 10004c8d f i Biometrics.obj
 0001:00003cc8       ?AtlHiMetricToPixel@ATL@@YGXPBUtagSIZE@@PAU2@@Z 10004cc8 f i Biometrics.obj
 0001:00003d3d       ?AtlHresultFromLastError@ATL@@YAJXZ 10004d3d f i Biometrics.obj
 0001:00003d54       ?AtlHresultFromWin32@ATL@@YAJK@Z 10004d54 f i Biometrics.obj
 0001:00003d69       ?AtlIPersistStreamInit_Load@ATL@@YGJPAUIStream@@PBUATL_PROPMAP_ENTRY@1@PAXPAUIUnknown@@@Z 10004d69 f i Biometrics.obj
 0001:00003f49       ?AtlIPersistStreamInit_Save@ATL@@YGJPAUIStream@@HPBUATL_PROPMAP_ENTRY@1@PAXPAUIUnknown@@@Z 10004f49 f i Biometrics.obj
 0001:000040e1       ?AtlInternalOleLoadFromStream@ATL@@YAJPAUIStream@@ABU_GUID@@PAPAXTClassesAllowedInStream@1@K@Z 100050e1 f i Biometrics.obj
 0001:00004207       ?AtlInternalQueryInterface@ATL@@YGJPAXPBU_ATL_INTMAP_ENTRY@1@ABU_GUID@@PAPAX@Z 10005207 f i Biometrics.obj
 0001:000042aa       ?AtlLoadTypeLib@ATL@@YGJPAUHINSTANCE__@@PB_WPAPA_WPAPAUITypeLib@@@Z 100052aa f i Biometrics.obj
 0001:00004488       ?AtlModuleAddTermFunc@ATL@@YGJPAU_ATL_MODULE70@1@P6GXK@ZK@Z 10005488 f i Biometrics.obj
 0001:000044e5       ?AtlRegisterClassCategoriesHelper@ATL@@YGJABU_GUID@@PBU_ATL_CATMAP_ENTRY@1@H@Z 100054e5 f i Biometrics.obj
 0001:000047c5       ?AtlRegisterTypeLib@ATL@@YGJPAUHINSTANCE__@@PB_W@Z 100057c5 f i Biometrics.obj
 0001:0000494d       ?AtlThrowImpl@ATL@@YGXJ@Z  1000594d f i Biometrics.obj
 0001:0000496b       ?AtlUnRegisterTypeLib@ATL@@YGJPAUHINSTANCE__@@PB_W@Z 1000596b f i Biometrics.obj
 0001:00004a16       ?AtlWinModuleAddCreateWndData@ATL@@YGXPAU_ATL_WIN_MODULE70@1@PAU_AtlCreateWndData@1@PAX@Z 10005a16 f i Biometrics.obj
 0001:00004a6a       ?AtlWinModuleExtractCreateWndData@ATL@@YGPAXPAU_ATL_WIN_MODULE70@1@@Z 10005a6a f i Biometrics.obj
 0001:00004acd       ?AtlWinModuleRegisterClassExW@ATL@@YGGPAU_ATL_WIN_MODULE70@1@PBUtagWNDCLASSEXW@@@Z 10005acd f i Biometrics.obj
 0001:00004b0c       ?CanForceRemoveKey@CRegParser@ATL@@IAEHPB_W@Z 10005b0c f i Biometrics.obj
 0001:00004b3b       ?ChToByte@CRegParser@ATL@@KAE_W@Z 10005b3b f i Biometrics.obj
 0001:00004b6e       ?Cleanup@CComTypeInfoHolder@ATL@@SGXK@Z 10005b6e f i Biometrics.obj
 0001:00004ba1       ?ClearReplacements@CExpansionVector@ATL@@QAEJXZ 10005ba1 f i Biometrics.obj
 0001:00004bde       ?Close@CRegKey@ATL@@QAEJXZ 10005bde f i Biometrics.obj
 0001:00004bf8       ?CreateInstance@?$CComCreator@V?$CComAggObject@VCOPOSBiometrics@@@ATL@@@ATL@@SGJPAXABU_GUID@@PAPAX@Z 10005bf8 f i Biometrics.obj
 0001:00004c6e       ?CreateInstance@?$CComCreator@V?$CComObject@VCOPOSBiometrics@@@ATL@@@ATL@@SGJPAXABU_GUID@@PAPAX@Z 10005c6e f i Biometrics.obj
 0001:00004cef       ?CreateInstance@?$CComObject@V?$CComEnum@UIEnumConnectionPoints@@$1?_GUID_b196b285_bab4_101a_b69c_00aa00341d07@@3U__s_GUID@@BPAUIConnectionPoint@@V?$_CopyInterface@UIConnectionPoint@@@ATL@@VCComSingleThreadModel@6@@ATL@@@ATL@@SGJPAPAV12@@Z 10005cef f i Biometrics.obj
 0001:00004d36       ?CreateInstance@?$CComObject@V?$CComEnum@UIEnumConnections@@$1?_GUID_b196b287_bab4_101a_b69c_00aa00341d07@@3U__s_GUID@@BUtagCONNECTDATA@@V?$_Copy@UtagCONNECTDATA@@@ATL@@VCComSingleThreadModel@6@@ATL@@@ATL@@SGJPAPAV12@@Z 10005d36 f i Biometrics.obj
 0001:00004d7d       ?DefaultReflectionHandler@?$CWindowImplRoot@VCWindow@ATL@@@ATL@@SAHPAUHWND__@@IIJAAJ@Z 10005d7d f i Biometrics.obj
 0001:00004df0       ?DeleteSubKey@CRegKey@ATL@@QAEJPB_W@Z 10005df0 f i Biometrics.obj
 0001:00004e69       ?DoEvent@COPOSBiometrics@@IAEXIIJ@Z 10005e69 f i Biometrics.obj
 0001:00004ee9       ?DoVerbHide@?$IOleObjectImpl@VCOPOSBiometrics@@@ATL@@QAEJPBUtagRECT@@PAUHWND__@@@Z 10005ee9 f i Biometrics.obj
 0001:00004f1f       ?DoVerbInPlaceActivate@?$IOleObjectImpl@VCOPOSBiometrics@@@ATL@@QAEJPBUtagRECT@@PAUHWND__@@@Z 10005f1f f i Biometrics.obj
 0001:00004f52       ?DoVerbPrimary@?$IOleObjectImpl@VCOPOSBiometrics@@@ATL@@QAEJPBUtagRECT@@PAUHWND__@@@Z 10005f52 f i Biometrics.obj
 0001:00004fde       ?DoVerbProperties@CComControlBase@ATL@@QAEJPBUtagRECT@@PAUHWND__@@@Z 10005fde f i Biometrics.obj
 0001:00005105       ?DoVerbShow@?$IOleObjectImpl@VCOPOSBiometrics@@@ATL@@QAEJPBUtagRECT@@PAUHWND__@@@Z 10006105 f i Biometrics.obj
 0001:0000512a       ?DoVerbUIActivate@?$IOleObjectImpl@VCOPOSBiometrics@@@ATL@@QAEJPBUtagRECT@@PAUHWND__@@@Z 1000612a f i Biometrics.obj
 0001:00005167       ?DoesVerbActivate@CComControlBase@ATL@@QAEHJ@Z 10006167 f i Biometrics.obj
 0001:00005188       ?DoesVerbUIActivate@CComControlBase@ATL@@QAEHJ@Z 10006188 f i Biometrics.obj
 0001:000051bd       ?EndOfVar@CRegParser@ATL@@IAEHXZ 100061bd f i Biometrics.obj
 0001:000051dd       ?EscapeSingleQuote@CAtlModule@ATL@@SAXPA_WIPB_W@Z 100061dd f i Biometrics.obj
 0001:0000522c       ?FindKey@?$CSimpleMap@PA_WPA_WVCExpansionVectorEqualHelper@ATL@@@ATL@@QBEHABQA_W@Z 1000622c f i Biometrics.obj
 0001:00005263       ?FireTheEvent@?$CProxy_IOPOSEvents@VCOPOSBiometrics@@@@IAEXPAVOposVariant@@IAAJPB_WJ@Z 10006263 f i Biometrics.obj
 0001:000052f5       ?FireViewChange@CComControlBase@ATL@@QAEJXZ 100062f5 f i Biometrics.obj
 0001:0000533e       ?Fire_DataEvent@?$CProxy_IOPOSEvents@VCOPOSBiometrics@@@@QAEXJ@Z 1000633e f i Biometrics.obj
 0001:000053ca       ?Fire_DirectIOEvent@?$CProxy_IOPOSEvents@VCOPOSBiometrics@@@@QAEXJPAJPAPA_W@Z 100063ca f i Biometrics.obj
 0001:000054b0       ?Fire_ErrorEvent@?$CProxy_IOPOSEvents@VCOPOSBiometrics@@@@QAEXJJJPAJ@Z 100064b0 f i Biometrics.obj
 0001:00005597       ?Fire_StatusUpdateEvent@?$CProxy_IOPOSEvents@VCOPOSBiometrics@@@@QAEXJ@Z 10006597 f i Biometrics.obj
 0001:00005623       ?FreeHeap@?$CTempBuffer@_W$0BAA@VCCRTAllocator@ATL@@@ATL@@AAEXXZ 10006623 f i Biometrics.obj
 0001:00005623       ?FreeHeap@?$CTempBuffer@E$0BAA@VCCRTAllocator@ATL@@@ATL@@AAEXXZ 10006623 f i Biometrics.obj
 0001:00005623       ?FreeHeap@?$CTempBuffer@_W$0EAA@VCCRTAllocator@ATL@@@ATL@@AAEXXZ 10006623 f i Biometrics.obj
 0001:0000562c       ?GetAmbientLocaleID@CComControlBase@ATL@@QAEJAAK@Z 1000662c f i Biometrics.obj
 0001:00005688       ?GetAmbientUserMode@CComControlBase@ATL@@QAEJAAH@Z 10006688 f i Biometrics.obj
 0001:000056f8       ?GetAt@CComDynamicUnkArray@ATL@@QAEPAUIUnknown@@H@Z 100066f8 f i Biometrics.obj
 0001:00005714       ?GetClassObject@CComModule@ATL@@QAEJABU_GUID@@0PAPAX@Z 10006714 f i Biometrics.obj
 0001:000057b6       ?GetConnMap@COPOSBiometrics@@SAPBU_ATL_CONNMAP_ENTRY@ATL@@PAH@Z 100067b6 f i Biometrics.obj
 0001:00005826       ?GetCookie@CComDynamicUnkArray@ATL@@QAGKPAPAUIUnknown@@@Z 10006826 f i Biometrics.obj
 0001:0000585e       ?GetIDsOfNames@CComTypeInfoHolder@ATL@@QAEJABU_GUID@@PAPA_WIKPAJ@Z 1000685e f i Biometrics.obj
 0001:0000596c       ?GetKeyAt@?$CSimpleMap@PA_WPA_WVCExpansionVectorEqualHelper@ATL@@@ATL@@QBEAAPA_WH@Z 1000696c f i Biometrics.obj
 0001:00005991       ?GetPagesHelper@?$ISpecifyPropertyPagesImpl@VCOPOSBiometrics@@@ATL@@IAEJPAUtagCAUUID@@PBUATL_PROPMAP_ENTRY@2@@Z 10006991 f i Biometrics.obj
 0001:00005ab8       ?GetProperty@?$CComPtr@UIDispatch@@@ATL@@SAJPAUIDispatch@@JPAUtagVARIANT@@@Z 10006ab8 f i Biometrics.obj
 0001:00005b07       ?GetSizeMax@CComVariant@ATL@@QBEJPAT_ULARGE_INTEGER@@@Z 10006b07 f i Biometrics.obj
 0001:00005cc1       ?GetStreamSize@CComBSTR@ATL@@SAKPA_W@Z 10006cc1 f i Biometrics.obj
 0001:00005cdb       ?GetTI@CComTypeInfoHolder@ATL@@QAEJK@Z 10006cdb f i Biometrics.obj
 0001:00005ec4       ?GetTI@CComTypeInfoHolder@ATL@@QAEJKPAPAUITypeInfo@@@Z 10006ec4 f i Biometrics.obj
 0001:00005f06       ?GetUnknown@CComDynamicUnkArray@ATL@@QAGPAUIUnknown@@K@Z 10006f06 f i Biometrics.obj
 0001:00005f27       ?GetValueAt@?$CSimpleMap@PA_WPA_WVCExpansionVectorEqualHelper@ATL@@@ATL@@QBEAAPA_WH@Z 10006f27 f i Biometrics.obj
 0001:00005f4d       ?GetZoomInfo@CComControlBase@ATL@@QAEXAAUATL_DRAWINFO@@@Z 10006f4d f i Biometrics.obj
 0001:00005fe0       ?HKeyFromString@CRegParser@ATL@@KAPAUHKEY__@@PA_W@Z 10006fe0 f i Biometrics.obj
 0001:0000600e       ?HasSubKeys@CRegParser@ATL@@IAEHPAUHKEY__@@@Z 1000700e f i Biometrics.obj
 0001:00006043       ?IDataObject_GetData@CComControlBase@ATL@@QAEJPAUtagFORMATETC@@PAUtagSTGMEDIUM@@@Z 10007043 f i Biometrics.obj
 0001:000061e9       ?IOleInPlaceObject_InPlaceDeactivate@CComControlBase@ATL@@QAEJXZ 100071e9 f i Biometrics.obj
 0001:00006270       ?IOleInPlaceObject_SetObjectRects@CComControlBase@ATL@@QAEJPBUtagRECT@@0@Z 10007270 f i Biometrics.obj
 0001:0000633d       ?IOleInPlaceObject_UIDeactivate@CComControlBase@ATL@@QAEJXZ 1000733d f i Biometrics.obj
 0001:000063ff       ?IOleObject_Advise@CComControlBase@ATL@@QAEJPAUIAdviseSink@@PAK@Z 100073ff f i Biometrics.obj
 0001:00006429       ?IOleObject_Close@CComControlBase@ATL@@QAEJK@Z 10007429 f i Biometrics.obj
 0001:0000650d       ?IOleObject_GetClientSite@CComControlBase@ATL@@QAEJPAPAUIOleClientSite@@@Z 1000750d f i Biometrics.obj
 0001:00006536       ?IOleObject_SetClientSite@CComControlBase@ATL@@QAEJPAUIOleClientSite@@@Z 10007536 f i Biometrics.obj
 0001:00006575       ?IOleObject_SetExtent@CComControlBase@ATL@@QAEJKPAUtagSIZE@@@Z 10007575 f i Biometrics.obj
 0001:00006629       ?IPSI_GetIPersistStreamInit@?$IPersistStorageImpl@VCOPOSBiometrics@@@ATL@@AAEPAUIPersistStreamInit@@XZ 10007629 f i Biometrics.obj
 0001:0000666b       ?IPersistStreamInit_Load@?$IPersistStreamInitImpl@VCOPOSBiometrics@@@ATL@@QAEJPAUIStream@@PBUATL_PROPMAP_ENTRY@2@@Z 1000766b f i Biometrics.obj
 0001:00006697       ?IPersistStreamInit_Save@?$IPersistStreamInitImpl@VCOPOSBiometrics@@@ATL@@QAEJPAUIStream@@HPBUATL_PROPMAP_ENTRY@2@@Z 10007697 f i Biometrics.obj
 0001:000066cc       ?IQuickActivate_QuickActivate@CComControlBase@ATL@@QAEJPAUtagQACONTAINER@@PAUtagQACONTROL@@@Z 100076cc f i Biometrics.obj
 0001:0000690e       ?IViewObject_Draw@CComControlBase@ATL@@QAEJKJPAXPAUtagDVTARGETDEVICE@@PAUHDC__@@2PBU_RECTL@@3@Z 1000790e f i Biometrics.obj
 0001:000069b6       ?InPlaceActivate@CComControlBase@ATL@@QAEJJPBUtagRECT@@@Z 100079b6 f i Biometrics.obj
 0001:00006c27       ?Init@?$CComEnumImpl@UIEnumConnectionPoints@@$1?_GUID_b196b285_bab4_101a_b69c_00aa00341d07@@3U__s_GUID@@BPAUIConnectionPoint@@V?$_CopyInterface@UIConnectionPoint@@@ATL@@@ATL@@QAEJPAPAUIConnectionPoint@@0PAUIUnknown@@W4CComEnumFlags@2@@Z 10007c27 f i Biometrics.obj
 0001:00006d06       ?Init@?$CComEnumImpl@UIEnumConnections@@$1?_GUID_b196b287_bab4_101a_b69c_00aa00341d07@@3U__s_GUID@@BUtagCONNECTDATA@@V?$_Copy@UtagCONNECTDATA@@@ATL@@@ATL@@QAEJPAUtagCONNECTDATA@@0PAUIUnknown@@W4CComEnumFlags@2@@Z 10007d06 f i Biometrics.obj
 0001:00006de5       ?Init@CComModule@ATL@@QAEJPAU_ATL_OBJMAP_ENTRY30@2@PAUHINSTANCE__@@PBU_GUID@@@Z 10007de5 f i Biometrics.obj
 0001:00006e44       ?Init@CDynamicStdCallThunk2@ATL@@QAEHKPAX@Z 10007e44 f i Biometrics.obj
 0001:00006e6f       ?InlineIsEqualUnknown@ATL@@YGHABU_GUID@@@Z 10007e6f f i Biometrics.obj
 0001:00006e97       ?InternalGetSite@CComControlBase@ATL@@QAEJABU_GUID@@PAPAX@Z 10007e97 f i Biometrics.obj
 0001:00006ec5       ?InternalSetAtIndex@?$CSimpleMap@PA_WPA_WVCExpansionVectorEqualHelper@ATL@@@ATL@@QAEXHABQA_W0@Z 10007ec5 f i Biometrics.obj
 0001:00006eef       ?Invoke@CComTypeInfoHolder@ATL@@QAEJPAUIDispatch@@JABU_GUID@@KGPAUtagDISPPARAMS@@PAUtagVARIANT@@PAUtagEXCEPINFO@@PAI@Z 10007eef f i Biometrics.obj
 0001:00006f32       ?IsEqualObject@?$CComPtrBase@UITypeInfo@@@ATL@@QAE_NPAUIUnknown@@@Z 10007f32 f i Biometrics.obj
 0001:00006f32       ?IsEqualObject@?$CComPtrBase@UIOleClientSite@@@ATL@@QAE_NPAUIUnknown@@@Z 10007f32 f i Biometrics.obj
 0001:00006f9f       ?IsSpace@CRegParser@ATL@@IAEH_W@Z 10007f9f f i Biometrics.obj
 0001:00006fc9       ?LoadNameCache@CComTypeInfoHolder@ATL@@QAEJPAUITypeInfo@@@Z 10007fc9 f i Biometrics.obj
 0001:00007117       ?Lookup@?$CSimpleMap@PA_WPA_WVCExpansionVectorEqualHelper@ATL@@@ATL@@QBEPA_WABQA_W@Z 10008117 f i Biometrics.obj
 0001:0000713d       ?NextToken@CRegParser@ATL@@IAEJPA_W@Z 1000813d f i Biometrics.obj
 0001:00007275       ?OnKillFocus@CComControlBase@ATL@@QAEJIIJAAH@Z 10008275 f i Biometrics.obj
 0001:000072d0       ?OnMouseActivate@CComControlBase@ATL@@QAEJIIJAAH@Z 100082d0 f i Biometrics.obj
 0001:0000733e       ?OnPaint@CComControlBase@ATL@@QAEJIIJAAH@Z 1000833e f i Biometrics.obj
 0001:000073f0       ?OnSetFocus@CComControlBase@ATL@@QAEJIIJAAH@Z 100083f0 f i Biometrics.obj
 0001:00007479       ?Open@CRegKey@ATL@@QAEJPAUHKEY__@@PB_WK@Z 10008479 f i Biometrics.obj
 0001:000074ce       ?PreProcessBuffer@CRegParser@ATL@@QAEJPA_WPAPA_W@Z 100084ce f i Biometrics.obj
 0001:00007738       ?ProcessWindowMessage@?$CComControl@VCOPOSBiometrics@@V?$CWindowImpl@VCOPOSBiometrics@@VCWindow@ATL@@V?$CWinTraits@$0FGAAAAAA@$0A@@3@@ATL@@@ATL@@UAEHPAUHWND__@@IIJAAJK@Z 10008738 f i Biometrics.obj
 0001:000077d7       ?PutProperty@?$CComPtr@UIDispatch@@@ATL@@SAJPAUIDispatch@@JPAUtagVARIANT@@@Z 100087d7 f i Biometrics.obj
 0001:00007869       ?ReadFromStream@CComBSTR@ATL@@QAEJPAUIStream@@@Z 10008869 f i Biometrics.obj
 0001:00007997       ?ReadFromStream@CComVariant@ATL@@QAEJPAUIStream@@GTClassesAllowedInStream@2@K@Z 10008997 f i Biometrics.obj
 0001:00007b1d       ?RecurseDeleteKey@CRegKey@ATL@@QAEJPB_W@Z 10008b1d f i Biometrics.obj
 0001:00007bdf       ?RegCreateKeyExW@CAtlTransactionManager@ATL@@QAEJPAUHKEY__@@PB_WKPA_WKKQAU_SECURITY_ATTRIBUTES@@PAPAU3@PAK@Z 10008bdf f i Biometrics.obj
 0001:00007c42       ?RegDeleteKeyW@CAtlTransactionManager@ATL@@QAEJPAUHKEY__@@PB_W@Z 10008c42 f i Biometrics.obj
 0001:00007c94       ?RegOpenKeyExW@CAtlTransactionManager@ATL@@QAEJPAUHKEY__@@PB_WKKPAPAU3@@Z 10008c94 f i Biometrics.obj
 0001:00007ceb       ?Register@_ATL_WNDCLASSINFOW@ATL@@QAEGPAP6GJPAUHWND__@@IIJ@Z@Z 10008ceb f i Biometrics.obj
 0001:00007d0b       ?RegisterBuffer@CRegParser@ATL@@QAEJPA_WH@Z 10008d0b f i Biometrics.obj
 0001:00007e44       ?RegisterFromResource@CRegObject@ATL@@IAEJPB_W00H@Z 10008e44 f i Biometrics.obj
 0001:00007f7a       ?RegisterServer@?$CAtlModuleT@VCComModule@ATL@@@ATL@@QAEJHPBU_GUID@@@Z 10008f7a f i Biometrics.obj
 0001:00007fa8       ?RegisterServer@CComModule@ATL@@QAEJHPBU_GUID@@@Z 10008fa8 f i Biometrics.obj
 0001:0000801e       ?RegisterSubkeys@CRegParser@ATL@@IAEJPA_WPAUHKEY__@@HH@Z 1000901e f i Biometrics.obj
 0001:000085ed       ?Remove@CComDynamicUnkArray@ATL@@QAEHK@Z 100095ed f i Biometrics.obj
 0001:00008616       ?RemoveAll@?$CSimpleMap@PA_WPA_WVCExpansionVectorEqualHelper@ATL@@@ATL@@QAEXXZ 10009616 f i Biometrics.obj
 0001:00008642       ?ResourceRegisterSz@CRegObject@ATL@@QAGJPB_W00@Z 10009642 f i Biometrics.obj
 0001:0000866f       ?ResourceUnregisterSz@CRegObject@ATL@@QAGJPB_W00@Z 1000966f f i Biometrics.obj
 0001:0000869c       ?SendOnDataChange@CComControlBase@ATL@@QAEJK@Z 1000969c f i Biometrics.obj
 0001:000086e9       ?SetControlFocus@CComControlBase@ATL@@QAEHH@Z 100096e9 f i Biometrics.obj
 0001:00008786       ?SetMultiStringValue@CRegKey@ATL@@QAEJPB_W0@Z 10009786 f i Biometrics.obj
 0001:000087e2       ?SetStringValue@CRegKey@ATL@@QAEJPB_W0K@Z 100097e2 f i Biometrics.obj
 0001:0000882b       ?SkipAssignment@CRegParser@ATL@@IAEJPA_W@Z 1000982b f i Biometrics.obj
 0001:00008890       ?SkipWhiteSpace@CRegParser@ATL@@IAEXXZ 10009890 f i Biometrics.obj
 0001:000088b2       ?StrChrW@CRegParser@ATL@@KAPA_WPA_W_W@Z 100098b2 f i Biometrics.obj
 0001:000088ef       ?Term@CAtlModule@ATL@@QAEXXZ 100098ef f i Biometrics.obj
 0001:00008928       ?Term@CComModule@ATL@@QAEXXZ 10009928 f i Biometrics.obj
 0001:00008980       ?UnregisterServer@?$CAtlModuleT@VCComModule@ATL@@@ATL@@QAEJHPBU_GUID@@@Z 10009980 f i Biometrics.obj
 0001:000089a6       ?UnregisterServer@CComModule@ATL@@QAEJHPBU_GUID@@@Z 100099a6 f i Biometrics.obj
 0001:00008a1c       ?UpdateRegistryFromResource@CAtlModule@ATL@@QAGJIHPAU_ATL_REGMAP_ENTRY@2@@Z 10009a1c f i Biometrics.obj
 0001:00008be7       ?UpdateRegistryFromResource@CAtlModule@ATL@@QAGJPB_WHPAU_ATL_REGMAP_ENTRY@2@@Z 10009be7 f i Biometrics.obj
 0001:00008db8       ?VTFromRegType@CRegParser@ATL@@KAHPB_WAAG@Z 10009db8 f i Biometrics.obj
 0001:00008e25       ?WindowProc@?$CWindowImplBaseT@VCWindow@ATL@@V?$CWinTraits@$0FGAAAAAA@$0A@@2@@ATL@@SGJPAUHWND__@@IIJ@Z 10009e25 f i Biometrics.obj
 0001:00008f17       ?WriteToStream@CComBSTR@ATL@@QAEJPAUIStream@@@Z 10009f17 f i Biometrics.obj
 0001:00008f6e       ?WriteToStream@CComVariant@ATL@@QAEJPAUIStream@@@Z 10009f6e f i Biometrics.obj
 0001:000090e8       ?WriteToStream@CComVariant@ATL@@QAEJPAUIStream@@G@Z 1000a0e8 f i Biometrics.obj
 0001:00009151       ?_AtlInitialConstruct@?$CComObjectRootEx@VCComMultiThreadModel@ATL@@@ATL@@QAEJXZ 1000a151 f i Biometrics.obj
 0001:00009166       ?_AtlVerifyStackAvailable@_ATL_SAFE_ALLOCA_IMPL@ATL@@YA_NK@Z 1000a166 f i Biometrics.obj
 0001:000091e4       ?atlCreate@?$CWindowImpl@VCOPOSBiometrics@@VCWindow@ATL@@V?$CWinTraits@$0FGAAAAAA@$0A@@3@@ATL@@QAEPAUHWND__@@PAU3@V_U_RECT@2@PB_WKKV_U_MENUorID@2@PAX@Z 1000a1e4 f i Biometrics.obj
 0001:00009228       ?atlCreate@?$CWindowImplBaseT@VCWindow@ATL@@V?$CWinTraits@$0FGAAAAAA@$0A@@2@@ATL@@QAEPAUHWND__@@PAU3@V_U_RECT@2@PB_WKKV_U_MENUorID@2@GPAX@Z 1000a228 f i Biometrics.obj
 0001:000092c4       ?atlCreate@CRegKey@ATL@@QAEJPAUHKEY__@@PB_WPA_WKKPAU_SECURITY_ATTRIBUTES@@PAK@Z 1000a2c4 f i Biometrics.obj
 0001:00009333       ?copy@?$_Copy@UtagCONNECTDATA@@@ATL@@SAJPAUtagCONNECTDATA@@PBU3@@Z 1000a333 f i Biometrics.obj
 0001:00009369       ?copy@?$_CopyInterface@UIConnectionPoint@@@ATL@@SAJPAPAUIConnectionPoint@@PBQAU3@@Z 1000a369 f i Biometrics.obj
 0001:00009397       ?memcpy_s@Checked@ATL@@YAXPAXIPBXI@Z 1000a397 f i Biometrics.obj
 0001:000093b6       ?ocscpy_s@@YA_NPA_WIPB_W@Z 1000a3b6 f i Biometrics.obj
 0001:000093e5       ?ocslen@@YAHPB_W@Z         1000a3e5 f i Biometrics.obj
 0001:00009405       ?wcscpy_s@Checked@ATL@@YAXPA_WIPB_W@Z 1000a405 f i Biometrics.obj
 0001:00009421       _DllCanUnloadNow@0         1000a421 f   Biometrics.obj
 0001:0000942d       _DllGetClassObject@12      1000a42d f   Biometrics.obj
 0001:0000943b       _DllMain@12                1000a43b f   Biometrics.obj
 0001:0000947d       _DllRegisterServer@0       1000a47d f   Biometrics.obj
 0001:0000948c       _DllUnregisterServer@0     1000a48c f   Biometrics.obj
 0001:0000949b       _InlineIsEqualGUID         1000a49b f i Biometrics.obj
 0001:000094cb       ___local_stdio_printf_options 1000a4cb f i Biometrics.obj
 0001:000094d1       __vswprintf_s_l            1000a4d1 f i Biometrics.obj
 0001:0000957e       _swprintf_s                1000a57e f i Biometrics.obj
 0001:0000959a       ??0?$CComControl@VCOPOSBiometrics@@V?$CWindowImpl@VCOPOSBiometrics@@VCWindow@ATL@@V?$CWinTraits@$0FGAAAAAA@$0A@@3@@ATL@@@ATL@@QAE@XZ 1000a59a f i BiometricsImpl.obj
 0001:000095c1       ??0?$CProxy_IOPOSEvents@VCOPOSBiometrics@@@@QAE@XZ 1000a5c1 f i BiometricsImpl.obj
 0001:000095e1       ??0CComControlBase@ATL@@QAE@AAPAUHWND__@@@Z 1000a5e1 f i BiometricsImpl.obj
 0001:0000962b       ??0COPOSBiometrics@@QAE@XZ 1000a62b f   BiometricsImpl.obj
 0001:00009661       ??1?$CComControl@VCOPOSBiometrics@@V?$CWindowImpl@VCOPOSBiometrics@@VCWindow@ATL@@V?$CWinTraits@$0FGAAAAAA@$0A@@3@@ATL@@@ATL@@UAE@XZ 1000a661 f i BiometricsImpl.obj
 0001:0000967a       ??1?$IConnectionPointImpl@VCOPOSBiometrics@@$1?DIID__IOPOSBiometricsEvents@@3U_GUID@@BVCComDynamicUnkArray@ATL@@@ATL@@QAE@XZ 1000a67a f i BiometricsImpl.obj
 0001:0000967a       ??1?$IConnectionPointImpl@VCOPOSBiometrics@@$1?IID_IPropertyNotifySink@@3U_GUID@@BVCComDynamicUnkArray@ATL@@@ATL@@QAE@XZ 1000a67a f i BiometricsImpl.obj
 0001:000096b7       ??1CComControlBase@ATL@@UAE@XZ 1000a6b7 f i BiometricsImpl.obj
 0001:0000971a       ??1COPOSBiometrics@@UAE@XZ 1000a71a f   BiometricsImpl.obj
 0001:00009762       ??1OposVariantResult@@QAE@XZ 1000a762 f i BiometricsImpl.obj
 0001:00009783       ??1_CW@@QAE@XZ             1000a783 f i BiometricsImpl.obj
 0001:0000979c       ?BeginEnrollCapture@COPOSBiometrics@@UAGJPA_W0PAJ@Z 1000a79c f   BiometricsImpl.obj
 0001:0000981c       ?BeginVerifyCapture@COPOSBiometrics@@UAGJPAJ@Z 1000a81c f   BiometricsImpl.obj
 0001:00009837       ?CheckHealth@COPOSBiometrics@@UAGJJPAJ@Z 1000a837 f   BiometricsImpl.obj
 0001:00009886       ?ClaimDevice@COPOSBiometrics@@UAGJJPAJ@Z 1000a886 f   BiometricsImpl.obj
 0001:000098fb       ?ClearInput@COPOSBiometrics@@UAGJPAJ@Z 1000a8fb f   BiometricsImpl.obj
 0001:00009916       ?ClearInputProperties@COPOSBiometrics@@UAGJPAJ@Z 1000a916 f   BiometricsImpl.obj
 0001:00009931       ?Close@COPOSBiometrics@@UAGJPAJ@Z 1000a931 f   BiometricsImpl.obj
 0001:0000999f       ?CompareFirmwareVersion@COPOSBiometrics@@UAGJPA_WPAJ1@Z 1000a99f f   BiometricsImpl.obj
 0001:00009a1f       ?DirectIO@COPOSBiometrics@@UAGJJPAJPAPA_W0@Z 1000aa1f f   BiometricsImpl.obj
 0001:00009acd       ?DoInvoke@COPOSBiometrics@@IAEJJPAVOposVariant@@IHPAJ_N@Z 1000aacd f   BiometricsImpl.obj
 0001:00009b8f       ?EndCapture@COPOSBiometrics@@UAGJPAJ@Z 1000ab8f f   BiometricsImpl.obj
 0001:00009baa       ?EventClose@COPOSBiometrics@@IAEXXZ 1000abaa f i BiometricsImpl.obj
 0001:00009bdd       ?EventInit@COPOSBiometrics@@IAEJXZ 1000abdd f i BiometricsImpl.obj
 0001:00009ca9       ?EventUninit@COPOSBiometrics@@IAEXXZ 1000aca9 f i BiometricsImpl.obj
 0001:00009cfb       ?EventWindowProc@COPOSBiometrics@@IAGJIIJ@Z 1000acfb f i BiometricsImpl.obj
 0001:00009dcf       ?FinalConstruct@COPOSBiometrics@@QAEJXZ 1000adcf f   BiometricsImpl.obj
 0001:00009e08       ?FireEventCleanup@COPOSBiometrics@@IAEXXZ 1000ae08 f i BiometricsImpl.obj
 0001:00009e1e       ?FireEventSetup@COPOSBiometrics@@IAE_NXZ 1000ae1e f i BiometricsImpl.obj
 0001:00009e52       ?FreezeEvents@COPOSBiometrics@@MAGJH@Z 1000ae52 f   BiometricsImpl.obj
 0001:00009eb2       ?GetOposProp@COPOSBiometrics@@IAEJJPAFJ@Z 1000aeb2 f   BiometricsImpl.obj
 0001:00009ed5       ?GetOposProp@COPOSBiometrics@@IAEJJPAJJ@Z 1000aed5 f   BiometricsImpl.obj
 0001:00009f93       ?GetOposProp@COPOSBiometrics@@IAEJJPAPA_WJ@Z 1000af93 f   BiometricsImpl.obj
 0001:0000a05e       ?Identify@COPOSBiometrics@@UAGJJJFUtagVARIANT@@PAU2@JPAJ@Z 1000b05e f   BiometricsImpl.obj
 0001:0000a16b       ?IdentifyMatch@COPOSBiometrics@@UAGJJJFPA_WUtagVARIANT@@PAU2@PAJ@Z 1000b16b f   BiometricsImpl.obj
 0001:0000a28e       ?OnDraw@COPOSBiometrics@@MAEJAAUATL_DRAWINFO@@@Z 1000b28e f   BiometricsImpl.obj
 0001:0000a32e       ?Open@COPOSBiometrics@@UAGJPA_WPAJ@Z 1000b32e f   BiometricsImpl.obj
 0001:0000aac7       ?ProcessPrematchData@COPOSBiometrics@@UAGJPA_W0PAPA_WPAJ@Z 1000bac7 f   BiometricsImpl.obj
 0001:0000ab7f       ?ReleaseDevice@COPOSBiometrics@@UAGJPAJ@Z 1000bb7f f   BiometricsImpl.obj
 0001:0000abce       ?ResetStatistics@COPOSBiometrics@@UAGJPA_WPAJ@Z 1000bbce f   BiometricsImpl.obj
 0001:0000ac25       ?RetrieveStatistics@COPOSBiometrics@@UAGJPAPA_WPAJ@Z 1000bc25 f   BiometricsImpl.obj
 0001:0000ac7c       ?SOProcessID@COPOSBiometrics@@UAGJPAJ@Z 1000bc7c f   BiometricsImpl.obj
 0001:0000ac90       ?SetCOFreezeEvents@COPOSBiometrics@@IAEXF@Z 1000bc90 f   BiometricsImpl.obj
 0001:0000ad1b       ?SetOposProp@COPOSBiometrics@@IAEJJJJ@Z 1000bd1b f   BiometricsImpl.obj
 0001:0000adf9       ?UpdateFirmware@COPOSBiometrics@@UAGJPA_WPAJ@Z 1000bdf9 f   BiometricsImpl.obj
 0001:0000ae50       ?UpdateStatistics@COPOSBiometrics@@UAGJPA_WPAJ@Z 1000be50 f   BiometricsImpl.obj
 0001:0000aea7       ?Verify@COPOSBiometrics@@UAGJJJFPA_WPAPA_WPAFPAJ31J3@Z 1000bea7 f   BiometricsImpl.obj
 0001:0000b01e       ?VerifyMatch@COPOSBiometrics@@UAGJJJFPA_W0PAPA_WPAFPAJ313@Z 1000c01e f   BiometricsImpl.obj
 0001:0000b1a8       ?get_Algorithm@COPOSBiometrics@@UAGJPAJ@Z 1000c1a8 f   BiometricsImpl.obj
 0001:0000b1c1       ?get_AlgorithmList@COPOSBiometrics@@UAGJPAPA_W@Z 1000c1c1 f   BiometricsImpl.obj
 0001:0000b1da       ?get_AutoDisable@COPOSBiometrics@@UAGJPAF@Z 1000c1da f   BiometricsImpl.obj
 0001:0000b1f0       ?get_BIR@COPOSBiometrics@@UAGJPAPA_W@Z 1000c1f0 f   BiometricsImpl.obj
 0001:0000b209       ?get_BinaryConversion@COPOSBiometrics@@UAGJPAJ@Z 1000c209 f   BiometricsImpl.obj
 0001:0000b21f       ?get_CapCompareFirmwareVersion@COPOSBiometrics@@UAGJPAF@Z 1000c21f f   BiometricsImpl.obj
 0001:0000b238       ?get_CapPowerReporting@COPOSBiometrics@@UAGJPAJ@Z 1000c238 f   BiometricsImpl.obj
 0001:0000b251       ?get_CapPrematchData@COPOSBiometrics@@UAGJPAF@Z 1000c251 f   BiometricsImpl.obj
 0001:0000b26a       ?get_CapRawSensorData@COPOSBiometrics@@UAGJPAF@Z 1000c26a f   BiometricsImpl.obj
 0001:0000b283       ?get_CapRealTimeData@COPOSBiometrics@@UAGJPAF@Z 1000c283 f   BiometricsImpl.obj
 0001:0000b29c       ?get_CapSensorColor@COPOSBiometrics@@UAGJPAJ@Z 1000c29c f   BiometricsImpl.obj
 0001:0000b2b5       ?get_CapSensorOrientation@COPOSBiometrics@@UAGJPAJ@Z 1000c2b5 f   BiometricsImpl.obj
 0001:0000b2ce       ?get_CapSensorType@COPOSBiometrics@@UAGJPAJ@Z 1000c2ce f   BiometricsImpl.obj
 0001:0000b2e7       ?get_CapStatisticsReporting@COPOSBiometrics@@UAGJPAF@Z 1000c2e7 f   BiometricsImpl.obj
 0001:0000b300       ?get_CapTemplateAdaptation@COPOSBiometrics@@UAGJPAF@Z 1000c300 f   BiometricsImpl.obj
 0001:0000b319       ?get_CapUpdateFirmware@COPOSBiometrics@@UAGJPAF@Z 1000c319 f   BiometricsImpl.obj
 0001:0000b332       ?get_CapUpdateStatistics@COPOSBiometrics@@UAGJPAF@Z 1000c332 f   BiometricsImpl.obj
 0001:0000b34b       ?get_CheckHealthText@COPOSBiometrics@@UAGJPAPA_W@Z 1000c34b f   BiometricsImpl.obj
 0001:0000b364       ?get_Claimed@COPOSBiometrics@@UAGJPAF@Z 1000c364 f   BiometricsImpl.obj
 0001:0000b37a       ?get_ControlObjectDescription@COPOSBiometrics@@UAGJPAPA_W@Z 1000c37a f   BiometricsImpl.obj
 0001:0000b3b7       ?get_ControlObjectVersion@COPOSBiometrics@@UAGJPAJ@Z 1000c3b7 f   BiometricsImpl.obj
 0001:0000b3ca       ?get_DataCount@COPOSBiometrics@@UAGJPAJ@Z 1000c3ca f   BiometricsImpl.obj
 0001:0000b3e0       ?get_DataEventEnabled@COPOSBiometrics@@UAGJPAF@Z 1000c3e0 f   BiometricsImpl.obj
 0001:0000b3f6       ?get_DeviceDescription@COPOSBiometrics@@UAGJPAPA_W@Z 1000c3f6 f   BiometricsImpl.obj
 0001:0000b40f       ?get_DeviceEnabled@COPOSBiometrics@@UAGJPAF@Z 1000c40f f   BiometricsImpl.obj
 0001:0000b425       ?get_DeviceName@COPOSBiometrics@@UAGJPAPA_W@Z 1000c425 f   BiometricsImpl.obj
 0001:0000b43e       ?get_FreezeEvents@COPOSBiometrics@@UAGJPAF@Z 1000c43e f   BiometricsImpl.obj
 0001:0000b454       ?get_OpenResult@COPOSBiometrics@@UAGJPAJ@Z 1000c454 f   BiometricsImpl.obj
 0001:0000b46b       ?get_PowerNotify@COPOSBiometrics@@UAGJPAJ@Z 1000c46b f   BiometricsImpl.obj
 0001:0000b481       ?get_PowerState@COPOSBiometrics@@UAGJPAJ@Z 1000c481 f   BiometricsImpl.obj
 0001:0000b497       ?get_RawSensorData@COPOSBiometrics@@UAGJPAPA_W@Z 1000c497 f   BiometricsImpl.obj
 0001:0000b4b0       ?get_RealTimeDataEnabled@COPOSBiometrics@@UAGJPAF@Z 1000c4b0 f   BiometricsImpl.obj
 0001:0000b4c9       ?get_ResultCode@COPOSBiometrics@@UAGJPAJ@Z 1000c4c9 f   BiometricsImpl.obj
 0001:0000b507       ?get_ResultCodeExtended@COPOSBiometrics@@UAGJPAJ@Z 1000c507 f   BiometricsImpl.obj
 0001:0000b51d       ?get_SensorBPP@COPOSBiometrics@@UAGJPAJ@Z 1000c51d f   BiometricsImpl.obj
 0001:0000b536       ?get_SensorColor@COPOSBiometrics@@UAGJPAJ@Z 1000c536 f   BiometricsImpl.obj
 0001:0000b54f       ?get_SensorHeight@COPOSBiometrics@@UAGJPAJ@Z 1000c54f f   BiometricsImpl.obj
 0001:0000b568       ?get_SensorOrientation@COPOSBiometrics@@UAGJPAJ@Z 1000c568 f   BiometricsImpl.obj
 0001:0000b581       ?get_SensorType@COPOSBiometrics@@UAGJPAJ@Z 1000c581 f   BiometricsImpl.obj
 0001:0000b59a       ?get_SensorWidth@COPOSBiometrics@@UAGJPAJ@Z 1000c59a f   BiometricsImpl.obj
 0001:0000b5b3       ?get_ServiceObjectDescription@COPOSBiometrics@@UAGJPAPA_W@Z 1000c5b3 f   BiometricsImpl.obj
 0001:0000b5cc       ?get_ServiceObjectVersion@COPOSBiometrics@@UAGJPAJ@Z 1000c5cc f   BiometricsImpl.obj
 0001:0000b5e2       ?get_State@COPOSBiometrics@@UAGJPAJ@Z 1000c5e2 f   BiometricsImpl.obj
 0001:0000b60e       ?put_Algorithm@COPOSBiometrics@@UAGJJ@Z 1000c60e f   BiometricsImpl.obj
 0001:0000b627       ?put_AutoDisable@COPOSBiometrics@@UAGJF@Z 1000c627 f   BiometricsImpl.obj
 0001:0000b644       ?put_BinaryConversion@COPOSBiometrics@@UAGJJ@Z 1000c644 f   BiometricsImpl.obj
 0001:0000b65a       ?put_DataEventEnabled@COPOSBiometrics@@UAGJF@Z 1000c65a f   BiometricsImpl.obj
 0001:0000b677       ?put_DeviceEnabled@COPOSBiometrics@@UAGJF@Z 1000c677 f   BiometricsImpl.obj
 0001:0000b694       ?put_FreezeEvents@COPOSBiometrics@@UAGJF@Z 1000c694 f   BiometricsImpl.obj
 0001:0000b6e0       ?put_PowerNotify@COPOSBiometrics@@UAGJJ@Z 1000c6e0 f   BiometricsImpl.obj
 0001:0000b6f6       ?put_RealTimeDataEnabled@COPOSBiometrics@@UAGJF@Z 1000c6f6 f   BiometricsImpl.obj
 0001:0000b716       ?put_SensorColor@COPOSBiometrics@@UAGJJ@Z 1000c716 f   BiometricsImpl.obj
 0001:0000b72f       ?put_SensorOrientation@COPOSBiometrics@@UAGJJ@Z 1000c72f f   BiometricsImpl.obj
 0001:0000b748       ?put_SensorType@COPOSBiometrics@@UAGJJ@Z 1000c748 f   BiometricsImpl.obj
 0001:0000b761       ?s_EventWindowProc@COPOSBiometrics@@KGJPAUHWND__@@IIJ@Z 1000c761 f i BiometricsImpl.obj
 0001:0000b7b3       ??_U@YAPAXI@Z              1000c7b3 f   LIBCMT:new_array.obj
 0001:0000b7bc       ??3@YAXPAXI@Z              1000c7bc f   LIBCMT:delete_scalar_size.obj
 0001:0000b7ca       ??_V@YAXPAX@Z              1000c7ca f   LIBCMT:delete_array.obj
 0001:0000b7cf       ??_V@YAXPAXI@Z             1000c7cf f   LIBCMT:delete_array_size.obj
 0001:0000b7dd       ??$__crt_fast_encode_pointer@PAP6AXXZ@@YAPAP6AXXZQAP6AXXZ@Z 1000c7dd f i LIBCMT:utility.obj
 0001:0000b7dd       ??$__crt_fast_encode_pointer@P6GHPAU_RTL_CONDITION_VARIABLE@@PAU_RTL_CRITICAL_SECTION@@K@Z@@YAP6GHPAU_RTL_CONDITION_VARIABLE@@PAU_RTL_CRITICAL_SECTION@@K@ZQ6GH01K@Z@Z 1000c7dd f i LIBCMT:thread_safe_statics.obj
[...]
 0002:00001b74       ?candidate_modules@?1??try_get_FlsGetValue@@YAP6GPAXK@ZXZ@4QBW4module_id@?A0x5d2a34d3@@B 10020b74     libvcruntime:winapi_downlevel.obj
 0002:00001b88       ?candidate_modules@?1??try_get_FlsSetValue@@YAP6GHKPAX@ZXZ@4QBW4module_id@?A0x5d2a34d3@@B 10020b88     libvcruntime:winapi_downlevel.obj
 0002:00001b9c       ?candidate_modules@?1??try_get_InitializeCriticalSectionEx@@YAP6GHPAU_RTL_CRITICAL_SECTION@@KK@ZXZ@4QBW4module_id@?A0x5d2a34d3@@B 10020b9c     libvcruntime:winapi_downlevel.obj
 0002:00001be0       ?tokenTable@@3QBQBDB       10020be0     libvcruntime:undname.obj
 0002:00001c20       ?nameTable@@3QBQBDB        10020c20     libvcruntime:undname.obj
 0002:00001d68       ?rttiTable@@3QBQBDB        10020d68     libvcruntime:undname.obj
 0002:00002380       _errtable                  10021380     libucrt:errno.obj
 0002:00002628       ___acrt_initializers       10021628     libucrt:initialization.obj
 0002:000026a0       _module_names              100216a0     libucrt:winapi_thunks.obj
 0002:00002be8       ?candidate_modules@?1??try_get_FlsAlloc@@YAP6GKP6GXPAX@Z@ZXZ@4QBW4module_id@?A0x352e5c4b@@B 10021be8     libucrt:winapi_thunks.obj
 0002:00002bfc       ?candidate_modules@?1??try_get_FlsFree@@YAP6GHK@ZXZ@4QBW4module_id@?A0x352e5c4b@@B 10021bfc     libucrt:winapi_thunks.obj
 0002:00002c0c       ?candidate_modules@?1??try_get_FlsGetValue@@YAP6GPAXK@ZXZ@4QBW4module_id@?A0x352e5c4b@@B 10021c0c     libucrt:winapi_thunks.obj
 0002:00002c20       ?candidate_modules@?1??try_get_FlsSetValue@@YAP6GHKPAX@ZXZ@4QBW4module_id@?A0x352e5c4b@@B 10021c20     libucrt:winapi_thunks.obj
 0002:00002c34       ?candidate_modules@?1??try_get_GetCurrentPackageId@@YAP6GJPAIPAE@ZXZ@4QBW4module_id@?A0x352e5c4b@@B 10021c34     libucrt:winapi_thunks.obj
 0002:00002c50       ?candidate_modules@?1??try_get_InitializeCriticalSectionEx@@YAP6GHPAU_RTL_CRITICAL_SECTION@@KK@ZXZ@4QBW4module_id@?A0x352e5c4b@@B 10021c50     libucrt:winapi_thunks.obj
 0002:00002c74       ?candidate_modules@?1??try_get_LCMapStringEx@@YAP6GHPB_WK0HPA_WHPAU_nlsversioninfo@@PAXJ@ZXZ@4QBW4module_id@?A0x352e5c4b@@B 10021c74     libucrt:winapi_thunks.obj
 0002:00002c8c       ?candidate_modules@?1??try_get_LocaleNameToLCID@@YAP6GKPB_WK@ZXZ@4QBW4module_id@?A0x352e5c4b@@B 10021c8c     libucrt:winapi_thunks.obj
 0002:00002ca8       ?candidate_modules@?1??try_get_SetThreadStackGuarantee@@YAP6GHPAK@ZXZ@4QBW4module_id@?A0x352e5c4b@@B 10021ca8     libucrt:winapi_thunks.obj
 0002:000031d4       __mb_locale_names          100221d4     libucrt:mbctype.obj
 0002:00003a20       _LcidToLocaleNameTable     10022a20     libucrt:lcidtoname_downlevel.obj
 0002:00004b48       _LocaleNameToIndexTable    10023b48     libucrt:lcidtoname_downlevel.obj
 0002:00006480       LOG_name                   10025480     libucrt:log10.obj
 0002:00006490       _One                       10025490     libucrt:ceil_pentium4.obj
 0002:000064a0       _Bns                       100254a0     libucrt:ceil_pentium4.obj
 0002:000064b0       _Zero                      100254b0     libucrt:ceil_pentium4.obj
 0002:000064c0       _S                         100254c0     libucrt:ceil_pentium4.obj
 0002:000064d0       _NegZero                   100254d0     libucrt:ceil_pentium4.obj
 0002:000064e0       emask                      100254e0     libucrt:log10_pentium4.obj
 0002:000064f0       CC                         100254f0     libucrt:log10_pentium4.obj
 0002:00006500       Magic                      10025500     libucrt:log10_pentium4.obj
 0002:00006510       hi_mask                    10025510     libucrt:log10_pentium4.obj
 0002:00006520       LOG10_2                    10025520     libucrt:log10_pentium4.obj
 0002:00006530       place_L                    10025530     libucrt:log10_pentium4.obj
 0002:00006550       One                        10025550     libucrt:log10_pentium4.obj
 0002:00006560       Zero                       10025560     libucrt:log10_pentium4.obj
 0002:00006570       Two52                      10025570     libucrt:log10_pentium4.obj
 0002:00006580       Infs                       10025580     libucrt:log10_pentium4.obj
 0002:00006590       NaN                        10025590     libucrt:log10_pentium4.obj
 0002:000065a0       coeff                      100255a0     libucrt:log10_pentium4.obj
 0002:000065fe       _log2max                   100255fe     libucrt:87tran.obj
 0002:00006608       _smallarg                  10025608     libucrt:87tran.obj
 0002:00006612       _half                      10025612     libucrt:87tran.obj
 0002:0000665e       One                        1002565e     libucrt:87disp.obj
 0002:00006666       Three                      10025666     libucrt:87disp.obj
 0002:0000666e       XAMtoTagTab                1002566e     libucrt:87disp.obj
 0002:00006680       One                        10025680     libucrt:common.obj
 0002:00006694       DblMax                     10025694     libucrt:common.obj
 0002:0000669c       DblMin                     1002569c     libucrt:common.obj
 0002:000066a4       IeeeAdjO                   100256a4     libucrt:common.obj
 0002:000066ac       IeeeAdjU                   100256ac     libucrt:common.obj
 0002:000066b4       _infinity                  100256b4     libucrt:common.obj
 0002:000066bc       _zero                      100256bc     libucrt:common.obj
 0002:000066f8       _over                      100256f8     libucrt:fpctrl.obj
 0002:00006704       _under                     10025704     libucrt:fpctrl.obj
 0002:00006fc8       ?_names@?1??_get_fname@@9@9 10025fc8     libucrt:fpexcept.obj
 0002:000077a0       __sehtable$?_AtlVerifyStackAvailable@_ATL_SAFE_ALLOCA_IMPL@ATL@@YA_NK@Z 100267a0     Biometrics.obj
 0002:000077c0       __sehtable$___scrt_is_nonwritable_in_current_image 100267c0     LIBCMT:utility.obj
 0002:000077dc       __ehfuncinfo$?__scrt_initialize_thread_safe_statics_platform_specific@@YAXXZ 100267dc     LIBCMT:thread_safe_statics.obj
 0002:00007800       __catchsym$??2@YAPAXIABUnothrow_t@std@@@Z$2 10026800     LIBCMT:new_scalar_nothrow.obj
 0002:00007810       __unwindtable$??2@YAPAXIABUnothrow_t@std@@@Z 10026810     LIBCMT:new_scalar_nothrow.obj
 0002:00007820       __tryblocktable$??2@YAPAXIABUnothrow_t@std@@@Z 10026820     LIBCMT:new_scalar_nothrow.obj
 0002:00007834       __ehfuncinfo$??2@YAPAXIABUnothrow_t@std@@@Z 10026834     LIBCMT:new_scalar_nothrow.obj
 0002:00007858       __sehtable$?dllmain_crt_process_attach@@YAHQAUHINSTANCE__@@QAX@Z 10026858     LIBCMT:dll_dllmain.obj
 0002:00007878       __sehtable$?dllmain_crt_process_detach@@YAH_N@Z 10026878     LIBCMT:dll_dllmain.obj
 0002:00007898       __sehtable$?dllmain_dispatch@@YAHQAUHINSTANCE__@@KQAX@Z 10026898     LIBCMT:dll_dllmain.obj
 0002:00007948       __sehtable$?FrameUnwindToState@__FrameHandler3@@SAXPAUEHRegistrationNode@@PAXPBU_s_FuncInfo@@H@Z 10026948     libvcruntime:frame.obj
 0002:00007970       __sehtable$?CallCatchBlock@@YAPAXPAUEHExceptionRecord@@PAUEHRegistrationNode@@PAU_CONTEXT@@PBU_s_FuncInfo@@PAXHK@Z 10026970     libvcruntime:frame.obj
 0002:00007998       __catchsym$?CallUnexpected@@YAXPBU_s_ESTypeList@@@Z$2 10026998     libvcruntime:frame.obj
 0002:000079a8       __unwindtable$?CallUnexpected@@YAXPBU_s_ESTypeList@@@Z 100269a8     libvcruntime:frame.obj
 0002:000079b8       __tryblocktable$?CallUnexpected@@YAXPBU_s_ESTypeList@@@Z 100269b8     libvcruntime:frame.obj
 0002:000079cc       __ehfuncinfo$?CallUnexpected@@YAXPBU_s_ESTypeList@@@Z 100269cc     libvcruntime:frame.obj
 0002:000079f0       __sehtable$??$BuildCatchObjectHelperInternal@V__FrameHandler3@@@@YAHPAUEHExceptionRecord@@PAXPBU_s_HandlerType@@PBU_s_CatchableType@@@Z 100269f0     libvcruntime:frame.obj
 0002:00007a10       __sehtable$??$BuildCatchObjectInternal@V__FrameHandler3@@@@YAXPAUEHExceptionRecord@@PAXPBU_s_HandlerType@@PBU_s_CatchableType@@@Z 10026a10     libvcruntime:frame.obj
 0002:00007a68       __sehtable$___DestructExceptionObject 10026a68     libvcruntime:ehhelpers.obj
 0002:00007a88       __sehtable$?common_exit@@YAXHW4_crt_exit_cleanup_mode@@W4_crt_exit_return_mode@@@Z 10026a88     libucrt:exit.obj
 0002:00007ab0       __sehtable$??$?RV<lambda_800076c951b434888f4765a74a194fcc>@@AAV<lambda_4e60a939b0d047cfe11ddc22648dfba9>@@V<lambda_6dbb1268764f43b569ce7b67e331d33a>@@@?$__crt_seh_guarded_call@H@@QAEH$$QAV<lambda_800076c951b434888f4765a74a194fcc>@@AAV<lambda_4e60a939b0d047cfe11ddc22648dfba9>@@$$QAV<lambda_6dbb1268764f43b569ce7b67e331d33a>@@@Z 10026ab0     libucrt:onexit.obj
 0002:00007ad0       __sehtable$??$?RV<lambda_995298e7d72eb4c2aab26c0585b3abe5>@@AAV<lambda_275893d493268fdec8709772e3fcec0e>@@V<lambda_293819299cbf9a7022e18b56a874bb5c>@@@?$__crt_seh_guarded_call@H@@QAEH$$QAV<lambda_995298e7d72eb4c2aab26c0585b3abe5>@@AAV<lambda_275893d493268fdec8709772e3fcec0e>@@$$QAV<lambda_293819299cbf9a7022e18b56a874bb5c>@@@Z 10026ad0     libucrt:onexit.obj
 0002:00007af0       __sehtable$__query_new_handler 10026af0     libucrt:new_handler.obj
 0002:00007b10       __sehtable$_terminate      10026b10     libucrt:terminate.obj
 0002:00007b30       __sehtable$??$?RV<lambda_9df27f884b057bc3edfc946cb5b7cf47>@@AAV<lambda_e69574bed617af4e071282c136b37893>@@V<lambda_cc0d902bcbbeb830f749456577db4721>@@@?$__crt_seh_guarded_call@X@@QAEX$$QAV<lambda_9df27f884b057bc3edfc946cb5b7cf47>@@AAV<lambda_e69574bed617af4e071282c136b37893>@@$$QAV<lambda_cc0d902bcbbeb830f749456577db4721>@@@Z 10026b30     libucrt:per_thread_data.obj
 0002:00007b50       __sehtable$??$?RV<lambda_3518db117f0e7cdb002338c5d3c47b6c>@@AAV<lambda_b2ea41f6bbb362cd97d94c6828d90b61>@@V<lambda_abdedf541bb04549bc734292b4a045d4>@@@?$__crt_seh_guarded_call@X@@QAEX$$QAV<lambda_3518db117f0e7cdb002338c5d3c47b6c>@@AAV<lambda_b2ea41f6bbb362cd97d94c6828d90b61>@@$$QAV<lambda_abdedf541bb04549bc734292b4a045d4>@@@Z 10026b50     libucrt:per_thread_data.obj
 0002:00007b70       __sehtable$??$?RV<lambda_51b6e8b1eb166f2a3faf91f424b38130>@@AAV<lambda_6250bd4b2a391816dd638c3bf72b0bcb>@@V<lambda_0b5a4a3e68152e1d9b943535f5f47bed>@@@?$__crt_seh_guarded_call@X@@QAEX$$QAV<lambda_51b6e8b1eb166f2a3faf91f424b38130>@@AAV<lambda_6250bd4b2a391816dd638c3bf72b0bcb>@@$$QAV<lambda_0b5a4a3e68152e1d9b943535f5f47bed>@@@Z 10026b70     libucrt:per_thread_data.obj
 0002:00007b90       __sehtable$??$?RV<lambda_5b71d36f03204c0beab531769a5b5694>@@AAV<lambda_be2b3da3f62db62e9dad5dc70221a656>@@V<lambda_8f9ce462984622f9bf76b59e2aaaf805>@@@?$__crt_seh_guarded_call@X@@QAEX$$QAV<lambda_5b71d36f03204c0beab531769a5b5694>@@AAV<lambda_be2b3da3f62db62e9dad5dc70221a656>@@$$QAV<lambda_8f9ce462984622f9bf76b59e2aaaf805>@@@Z 10026b90     libucrt:per_thread_data.obj
 0002:00007bb0       __sehtable$___acrt_uninitialize_locale 10026bb0     libucrt:wsetlocale.obj
 0002:00007bd0       __sehtable$___acrt_initialize_lowio 10026bd0     libucrt:ioinit.obj
 0002:00007bf0       __sehtable$___acrt_update_thread_multibyte_data 10026bf0     libucrt:mbctype.obj
 0002:00007c10       __sehtable$??$?RV<lambda_978dc153c237d78434369da87b74ff60>@@AAV<lambda_ad1ced32f4ac17aa236e5ef05d6b3b7c>@@V<lambda_4a8533e2866a575feecb8298ce776b0d>@@@?$__crt_seh_guarded_call@X@@QAEX$$QAV<lambda_978dc153c237d78434369da87b74ff60>@@AAV<lambda_ad1ced32f4ac17aa236e5ef05d6b3b7c>@@$$QAV<lambda_4a8533e2866a575feecb8298ce776b0d>@@@Z 10026c10     libucrt:mbctype.obj
 0002:00007c30       __sehtable$_raise          10026c30     libucrt:signal.obj
 0002:00007c50       __sehtable$??$?RV<lambda_a048d3beccc847880fc8490e18b82769>@@AAV<lambda_ec61778202f4f5fc7e7711acc23c3bca>@@V<lambda_f7496a158712204296dd6628a163878e>@@@?$__crt_seh_guarded_call@P6AXH@Z@@QAEP6AXH@Z$$QAV<lambda_a048d3beccc847880fc8490e18b82769>@@AAV<lambda_ec61778202f4f5fc7e7711acc23c3bca>@@$$QAV<lambda_f7496a158712204296dd6628a163878e>@@@Z 10026c50     libucrt:signal.obj
 0002:00007c70       __sehtable$___acrt_update_thread_locale_data 10026c70     libucrt:locale_refcounting.obj
 0002:00007c90       __sehtable$__fcloseall     10026c90     libucrt:closeall.obj
 0002:00007cb0       __sehtable$_common_flush_all 10026cb0     libucrt:fflush.obj
 0002:00007cd8       __sehtable$___acrt_lowio_ensure_fh_exists 10026cd8     libucrt:osfinfo.obj
 0002:00007cf8       __sehtable$__write         10026cf8     libucrt:write.obj
 0002:00007d18       __sehtable$_fclose         10026d18     libucrt:fclose.obj
 0002:00007d38       __sehtable$??$?RV<lambda_61cee617f5178ae960314fd4d05640a0>@@AAV<lambda_6978c1fb23f02e42e1d9e99668cc68aa>@@V<lambda_9cd88cf8ad10232537feb2133f08c833>@@@?$__crt_seh_guarded_call@H@@QAEH$$QAV<lambda_61cee617f5178ae960314fd4d05640a0>@@AAV<lambda_6978c1fb23f02e42e1d9e99668cc68aa>@@$$QAV<lambda_9cd88cf8ad10232537feb2133f08c833>@@@Z 10026d38     libucrt:commit.obj
 0002:00007d58       __sehtable$??$?RV<lambda_123407a5e2ac06da108355a851863b7a>@@AAV<lambda_2fe9b910cf3cbf4a0ab98a02ba45b3ec>@@V<lambda_ae55bdf541ad94d75914d381c370e64d>@@@?$__crt_seh_guarded_call@H@@QAEH$$QAV<lambda_123407a5e2ac06da108355a851863b7a>@@AAV<lambda_2fe9b910cf3cbf4a0ab98a02ba45b3ec>@@$$QAV<lambda_ae55bdf541ad94d75914d381c370e64d>@@@Z 10026d58     libucrt:close.obj
 0002:00007d78       __sehtable$__IsNonwritableInCurrentImage 10026d78     LIBCMT:pesect.obj
 0002:00007da0       .edata                     10026da0     OPOSBiometrics.exp
 0002:00007dc8       rgpv                       10026dc8     OPOSBiometrics.exp
 0002:00007dd8       rgszName                   10026dd8     OPOSBiometrics.exp
 0002:00007de8       rgwOrd                     10026de8     OPOSBiometrics.exp
 0002:00007df0       szName                     10026df0     OPOSBiometrics.exp
 0002:00007e03       $N00001                    10026e03     OPOSBiometrics.exp
 0002:00007e13       $N00002                    10026e13     OPOSBiometrics.exp
 0002:00007e25       $N00003                    10026e25     OPOSBiometrics.exp
 0002:00007e37       $N00004                    10026e37     OPOSBiometrics.exp
 0002:0000844e       .idata$6                   1002744e     kernel32:KERNEL32.dll
 0002:00008662       .idata$6                   10027662     user32:USER32.dll
 0002:00008796       .idata$6                   10027796     gdi32:GDI32.dll
 0002:0000883c       .idata$6                   1002783c     advapi32:ADVAPI32.dll
 0002:00008958       .idata$6                   10027958     ole32:ole32.dll
 0002:00008962       .idata$6                   10027962     oleaut32:OLEAUT32.dll
 0003:00000110       ?ObjectMap@@3PAU_ATL_OBJMAP_ENTRY30@ATL@@A 10028110     Biometrics.obj
 0003:000001b8       ?s_SOMethodNames@@3PAPADA  100281b8     BiometricsImpl.obj
 0003:00000224       ?s_RequiredMethodsPerRelease@@3PAHA 10028224     BiometricsImpl.obj
 0003:00000240       ?__vcrt_flsindex@@3KA      10028240     libvcruntime:per_thread_data.obj
 0003:00000260       _errno_no_memory           10028260     libucrt:errno.obj
 0003:00000264       _doserrno_no_memory        10028264     libucrt:errno.obj
 0003:00000270       ___acrt_flsindex           10028270     libucrt:per_thread_data.obj
 0003:000003e4       ___rgctypeflag             100283e4     libucrt:mbctype.obj
 0003:000003e8       ___rgcode_page_info        100283e8     libucrt:mbctype.obj
 0003:00000b08       ?is_initialized_as_dll@@3_NA 10028b08     LIBCMT:utility.obj
 0003:00000b09       ?module_local_atexit_table_initialized@@3_NA 10028b09     LIBCMT:utility.obj
 0003:00000b0c       ?module_local_atexit_table@@3U_onexit_table_t@@A 10028b0c     LIBCMT:utility.obj
 0003:00000b18       ?module_local_at_quick_exit_table@@3U_onexit_table_t@@A 10028b18     LIBCMT:utility.obj
 0003:00000b24       ?_Tss_mutex@@3U_RTL_CRITICAL_SECTION@@A 10028b24     LIBCMT:thread_safe_statics.obj
 0003:00000b3c       ?_Tss_cv@@3U_RTL_CONDITION_VARIABLE@@A 10028b3c     LIBCMT:thread_safe_statics.obj
 0003:00000b40       ?_Tss_event@@3PAXA         10028b40     LIBCMT:thread_safe_statics.obj
 0003:00000b44       ?encoded_sleep_condition_variable_cs@@3P6GHPAU_RTL_CONDITION_VARIABLE@@PAU_RTL_CRITICAL_SECTION@@K@ZA 10028b44     LIBCMT:thread_safe_statics.obj
 0003:00000b48       ?encoded_wake_all_condition_variable@@3P6GXPAU_RTL_CONDITION_VARIABLE@@@ZA 10028b48     LIBCMT:thread_safe_statics.obj
 0003:00000b50       _GS_ExceptionRecord        10028b50     LIBCMT:gs_report.obj
 0003:00000ba0       _GS_ContextRecord          10028ba0     LIBCMT:gs_report.obj
 0003:00000e70       ?__proc_attached@@3HA      10028e70     LIBCMT:dll_dllmain.obj
 0003:00000ecc       ?AllocateData@@3P6GPAUAtlThunkData_t@@XZA 10028ecc     atls:atlthunk.obj
 0003:00000ed0       ?InitData@@3P6GXPAUAtlThunkData_t@@PAXI@ZA 10028ed0     atls:atlthunk.obj
 0003:00000ed4       ?DataToCode@@3P6GP6GJPAUHWND__@@IIJ@ZPAUAtlThunkData_t@@@ZA 10028ed4     atls:atlthunk.obj
 0003:00000ed8       ?FreeData@@3P6GXPAUAtlThunkData_t@@@ZA 10028ed8     atls:atlthunk.obj
 0003:00000edc       ?Initialized@@3_NA         10028edc     atls:atlthunk.obj
 0003:00000ee8       ?__vcrt_startup_thread_ptd@@3U__vcrt_ptd@@A 10028ee8     libvcruntime:per_thread_data.obj
 0003:00000f10       ___vcrt_lock_table         10028f10     libvcruntime:locks.obj
 0003:00000f28       ___vcrt_locks_initialized  10028f28     libvcruntime:locks.obj
 0003:00000f2c       ?module_handles@@3PAPAUHINSTANCE__@@A 10028f2c     libvcruntime:winapi_downlevel.obj
 0003:00000f38       ?encoded_function_pointers@@3PAPAXA 10028f38     libvcruntime:winapi_downlevel.obj
 0003:00000f74       ?heap@@3V_HeapManager@@A   10028f74     libvcruntime:undname.obj
 0003:00000f8c       ___acrt_invalid_parameter_handler 10028f8c     libucrt:invalid_parameter.obj
 0003:00000f90       _c_termination_complete    10028f90     libucrt:exit.obj
 0003:00000f94       _thread_local_exit_callback_func 10028f94     libucrt:exit.obj
 0003:00000f98       ?c_exit_complete@?5??common_exit@@YAXHW4_crt_exit_cleanup_mode@@W4_crt_exit_return_mode@@@Z@4_NA 10028f98     libucrt:exit.obj
 0003:00000fa0       ?program_name@?5???$common_configure_argv@D@@YAHW4_crt_argv_mode@@@Z@4PADA 10028fa0     libucrt:argv_parsing.obj
 0003:000010d0       ___acrt_new_handler        100290d0     libucrt:new_handler.obj
 0003:000010d8       _module_handles            100290d8     libucrt:winapi_thunks.obj
 0003:00001128       _encoded_function_pointers 10029128     libucrt:winapi_thunks.obj
 0003:000011a8       ?state_cache@?1??__acrt_is_packaged_app@@9@4JA 100291a8     libucrt:winapi_thunks.obj
 0003:000011b4       _enable_percent_n          100291b4     libucrt:printf_count_output.obj
 0003:000013d0       ___acrt_lock_table         100293d0     libucrt:locks.obj
 0003:00001508       ___acrt_locks_initialized  10029508     libucrt:locks.obj
 0003:00001524       _fSystemSet                10029524     libucrt:mbctype.obj
 0003:00001528       ?initialized@?1??__acrt_initialize_multibyte@@9@4_NA 10029528     libucrt:mbctype.obj
 0003:00001548       _ctrlc_action              10029548     libucrt:signal.obj
 0003:0000154c       _ctrlbreak_action          1002954c     libucrt:signal.obj
 0003:00001550       _abort_action              10029550     libucrt:signal.obj
 0003:00001554       _term_action               10029554     libucrt:signal.obj
 0003:00001558       _user_matherr              10029558     libucrt:matherr.obj
 0003:0000155c       ___acrt_global_new_mode    1002955c     libucrt:new_mode.obj
 0003:00001568       ___acrt_app_type           10029568     libucrt:report_runtime_error.obj
 0003:00001570       __pmatherr_set             10029570     libucrt:libm_error.obj
 0004:00000220       $R000000                   1002a220     Biometrics.res
 0004:00000b90       $R000970                   1002ab90     Biometrics.res
 0004:00000c78       $R000A58                   1002ac78     Biometrics.res
 0004:00000ee0       $R000CC0                   1002aee0     Biometrics.res
 0004:000013b0       $R001190                   1002b3b0     Biometrics.res
 0004:00004898       $R004678                   1002e898     Biometrics.res
 0004:000048d0       $R0046B0                   1002e8d0     Biometrics.res
