 OPOSSigCap

 Timestamp is 5d429fe8 (Thu Aug  1 17:16:40 2019)

 Preferred load address is 10000000

 Start         Length     Name                   Class
 0001:00000000 00000080H .text$di                CODE
 0001:00000080 0001d3b3H .text$mn                CODE
 0001:0001d433 00000036H .text$x                 CODE
 0001:0001d469 00000042H .text$yd                CODE
 0002:00000000 000002fcH .idata$5                DATA
 0002:000002fc 00000004H .00cfg                  DATA
 0002:00000300 00000004H .CRT$XCA                DATA
 0002:00000304 00000004H .CRT$XCL                DATA
 0002:00000308 00000010H .CRT$XCU                DATA
 0002:00000318 00000004H .CRT$XCZ                DATA
 0002:0000031c 00000004H .CRT$XIA                DATA
 0002:00000320 00000010H .CRT$XIC                DATA
 0002:00000330 00000004H .CRT$XIZ                DATA
 0002:00000334 00000004H .CRT$XLA                DATA
 0002:00000338 00000004H .CRT$XLZ                DATA
 0002:0000033c 00000004H .CRT$XPA                DATA
 0002:00000340 00000008H .CRT$XPX                DATA
 0002:00000348 00000004H .CRT$XPXA               DATA
 0002:0000034c 00000004H .CRT$XPZ                DATA
 0002:00000350 00000004H .CRT$XTA                DATA
 0002:00000354 0000000cH .CRT$XTZ                DATA
 0002:00000358 00000000H .gfids$y                DATA
 0002:00000360 00006d2cH .rdata                  DATA
 0002:0000708c 00000018H .rdata$T                DATA
 0002:000070a4 0000017cH .rdata$r                DATA
 0002:00007220 0000001cH .rdata$sxdata           DATA
 0002:0000723c 000003dcH .rdata$zzzdbg           DATA
 0002:00007618 00000004H .rtc$IAA                DATA
 0002:0000761c 00000004H .rtc$IZZ                DATA
 0002:00007620 00000004H .rtc$TAA                DATA
 0002:00007624 00000004H .rtc$TZZ                DATA
 0002:00007628 00000004H .tls                    DATA
 0002:0000762c 00000004H .tls$                   DATA
 0002:00007630 00000008H .tls$ZZZ                DATA
 0002:00007638 00000604H .xdata$x                DATA
 0002:00007c3c 00000004H ATL$__a                 DATA
 0002:00007c40 00000010H ATL$__z                 DATA
 0002:00007c50 000000a8H .edata                  DATA
 0002:00007cf8 00000078H .idata$2                DATA
 0002:00007d70 00000014H .idata$3                DATA
 0002:00007d84 000002fcH .idata$4                DATA
 0002:00008080 00000bc8H .idata$6                DATA
 0003:00000000 00000aa0H .data                   DATA
 0003:00000aa0 00000098H .data$r                 DATA
 0003:00000b38 00000b80H .bss                    DATA
 0004:00000000 00000220H .rsrc$01                DATA
 0004:00000220 00003f00H .rsrc$02                DATA

  Address         Publics by Value              Rva+Base       Lib:Object

 0000:00000000       ___guard_iat_count         00000000     <absolute>
 0000:00000000       ___guard_longjmp_table     00000000     <absolute>
 0000:00000000       ___hybrid_code_map_count   00000000     <absolute>
 0000:00000000       ___dynamic_value_reloc_table 00000000     <absolute>
 0000:00000000       ___guard_longjmp_count     00000000     <absolute>
 0000:00000000       __except_list              00000000     <absolute>
 0000:00000000       ___guard_fids_table        00000000     <absolute>
 0000:00000000       ___guard_fids_count        00000000     <absolute>
 0000:00000000       ___hybrid_auxiliary_iat    00000000     <absolute>
 0000:00000000       ___guard_iat_table         00000000     <absolute>
 0000:00000000       ___volatile_metadata       00000000     <absolute>
 0000:00000000       ___enclave_config          00000000     <absolute>
 0000:00000000       ___AbsoluteZero            00000000     <absolute>
 0000:00000000       ___hybrid_code_map         00000000     <absolute>
 0000:00000007       ___safe_se_handler_count   00000007     <absolute>
 0000:0000002c       __tls_array                0000002c     <absolute>
 0000:00000100       ___guard_flags             00000100     <absolute>
 0000:00000000       ___ImageBase               10000000     <linker-defined>
 0001:00000080       ?DupWide@_CW@@AAEXXZ       10001080 f   CWString.obj
 0001:0000009c       ?cw_dup@@YGXPBDAAHAAPA_W1@Z 1000109c f   CWString.obj
 0001:0000010b       ?cw_memcpy@@YGHPA_WPBDH@Z  1000110b f   CWString.obj
 0001:00000137       ?cw_strcpy@@YAHPA_WPBD@Z   10001137 f   CWString.obj
 0001:0000014a       ?cw_strlen@@YAHPBD@Z       1000114a f   CWString.obj
 0001:00000163       ??0CAtlComModule@ATL@@QAE@XZ 10001163 f i OposVariant.obj
 0001:000001a8       ??0CAtlWinModule@ATL@@QAE@XZ 100011a8 f i OposVariant.obj
 0001:000001df       ??0OposDispParms@@QAE@PAVOposVariant@@H@Z 100011df f   OposVariant.obj
 0001:00000250       ??1OposDispParms@@QAE@XZ   10001250 f   OposVariant.obj
 0001:0000025e       ??A?$CSimpleArray@GV?$CSimpleArrayEqualHelper@G@ATL@@@ATL@@QAEAAGH@Z 1000125e f i OposVariant.obj
 0001:00000283       ??_Estringdispid@CComTypeInfoHolder@ATL@@QAEPAXI@Z 10001283 f i OposVariant.obj
 0001:000002ef       ?AtlWinModuleInit@ATL@@YGJPAU_ATL_WIN_MODULE70@1@@Z 100012ef f i OposVariant.obj
 0001:00000315       ?AtlWinModuleTerm@ATL@@YGJPAU_ATL_WIN_MODULE70@1@PAUHINSTANCE__@@@Z 10001315 f i OposVariant.obj
 0001:00000378       ?ChangeBSTR@OposVariant@@QAEXPAPA_WAAJ@Z 10001378 f   OposVariant.obj
 0001:000003b9       ?ChangeLONG@OposVariant@@QAEXPAJAAJ@Z 100013b9 f   OposVariant.obj
 0001:000003fa       ?GetLONG@OposVariant@@QAEJXZ 100013fa f   OposVariant.obj
 0001:00000415       ?Init@CComCriticalSection@ATL@@QAEJXZ 10001415 f i OposVariant.obj
 0001:0000043d       ?RemoveAll@?$CSimpleArray@GV?$CSimpleArrayEqualHelper@G@ATL@@@ATL@@QAEXXZ 1000143d f i OposVariant.obj
 0001:0000043d       ?RemoveAll@?$CSimpleArray@PAUHINSTANCE__@@V?$CSimpleArrayEqualHelper@PAUHINSTANCE__@@@ATL@@@ATL@@QAEXXZ 1000143d f i atls:atlbase.obj
 0001:0000045a       ?SetBSTR@OposVariant@@QAEXPA_WAAJ@Z 1000145a f   OposVariant.obj
 0001:0000048e       ?SetBSTR_Copy@OposVariant@@QAEXPA_WAAJ@Z 1000148e f   OposVariant.obj
 0001:000004de       ?SetBSTR_InOutPtr@OposVariant@@QAE_NPAPA_WAAJ@Z 100014de f   OposVariant.obj
 0001:00000515       ?SetDispatch_Ptr@OposVariant@@QAEXPAUIDispatch@@AAJ@Z 10001515 f   OposVariant.obj
 0001:00000550       ?SetLONG@OposVariant@@QAEXJ@Z 10001550 f   OposVariant.obj
 0001:00000572       ?SetLONG_Ptr@OposVariant@@QAEXPAJAAJ@Z 10001572 f   OposVariant.obj
 0001:000005a5       ?SetString@OposVariant@@QAEXPB_WAAJ@Z 100015a5 f   OposVariant.obj
 0001:000005eb       ?SetVARIANT_BOOL@OposVariant@@QAEXF@Z 100015eb f   OposVariant.obj
 0001:00000615       ?Term@CAtlComModule@ATL@@QAEXXZ 10001615 f i OposVariant.obj
 0001:0000065f       ?_AtlRaiseException@ATL@@YAXKK@Z 1000165f f i OposVariant.obj
 0001:00000674       ?AddRef@?$CComObjectCached@VCComClassFactory@ATL@@@ATL@@UAGKXZ 10001674 f i SigCap.obj
 0001:0000069b       ?Release@?$CComObjectCached@VCComClassFactory@ATL@@@ATL@@UAGKXZ 1000169b f i SigCap.obj
 0001:000006d1       ?QueryInterface@?$CComObjectCached@VCComClassFactory@ATL@@@ATL@@UAGJABU_GUID@@PAPAX@Z 100016d1 f i SigCap.obj
 0001:000006eb       ??_E?$CComObjectCached@VCComClassFactory@ATL@@@ATL@@UAEPAXI@Z 100016eb f i SigCap.obj
 0001:000006eb       ??_G?$CComObjectCached@VCComClassFactory@ATL@@@ATL@@UAEPAXI@Z 100016eb f i SigCap.obj
 0001:0000070d       ?AddRef@?$CComAggObject@VCOPOSSigCap@@@ATL@@UAGKXZ 1000170d f i SigCap.obj
 0001:0000071e       ?Release@?$CComAggObject@VCOPOSSigCap@@@ATL@@UAGKXZ 1000171e f i SigCap.obj
 0001:0000075a       ?QueryInterface@?$CComAggObject@VCOPOSSigCap@@@ATL@@UAGJABU_GUID@@PAPAX@Z 1000175a f i SigCap.obj
 0001:000007a9       ?AddRef@?$CComContainedObject@VCOPOSSigCap@@@ATL@@UAGKXZ 100017a9 f i SigCap.obj
 0001:000007bf       ?Release@?$CComContainedObject@VCOPOSSigCap@@@ATL@@UAGKXZ 100017bf f i SigCap.obj
 0001:000007d5       ?QueryInterface@?$CComContainedObject@VCOPOSSigCap@@@ATL@@UAGJABU_GUID@@PAPAX@Z 100017d5 f i SigCap.obj
 0001:000007f0       ??_E?$CComAggObject@VCOPOSSigCap@@@ATL@@UAEPAXI@Z 100017f0 f i SigCap.obj
 0001:000007f0       ??_G?$CComAggObject@VCOPOSSigCap@@@ATL@@UAEPAXI@Z 100017f0 f i SigCap.obj
 0001:00000815       ?AddRef@?$CComObject@VCOPOSSigCap@@@ATL@@UAGKXZ 10001815 f i SigCap.obj
 0001:0000082c       ?Release@?$CComObject@VCOPOSSigCap@@@ATL@@UAGKXZ 1000182c f i SigCap.obj
 0001:0000086e       ?QueryInterface@?$CComObject@VCOPOSSigCap@@@ATL@@UAGJABU_GUID@@PAPAX@Z 1000186e f i SigCap.obj
 0001:00000888       ?Lock@CAtlModule@ATL@@UAEJXZ 10001888 f i SigCap.obj
 0001:00000892       ?Unlock@CAtlModule@ATL@@UAEJXZ 10001892 f i SigCap.obj
 0001:0000089c       ?GetLockCount@CAtlModule@ATL@@UAEJXZ 1000189c f i SigCap.obj
 0001:000008a0       ?GetGITPtr@CAtlModule@ATL@@UAEJPAPAUIGlobalInterfaceTable@@@Z 100018a0 f i SigCap.obj
 0001:000008ec       ?AddCommonRGSReplacements@?$CAtlModuleT@VCComModule@ATL@@@ATL@@UAEJPAUIRegistrarBase@@@Z 100018ec f i SigCap.obj
 0001:00000906       ?UpdateRegistryFromResourceD@CComModule@ATL@@UAGJPB_WHPAU_ATL_REGMAP_ENTRY@2@@Z 10001906 f i SigCap.obj
 0001:00000906       ?UpdateRegistryFromResourceD@CComModule@ATL@@UAGJIHPAU_ATL_REGMAP_ENTRY@2@@Z 10001906 f i SigCap.obj
 0001:0000090e       ?UpdateRegistryFromResource@CComModule@ATL@@UAGJPB_WHPAU_ATL_REGMAP_ENTRY@2@@Z 1000190e f i SigCap.obj
 0001:00000917       ?UpdateRegistryFromResource@CComModule@ATL@@UAGJIHPAU_ATL_REGMAP_ENTRY@2@@Z 10001917 f i SigCap.obj
 0001:00000920       ??_GCComModule@ATL@@UAEPAXI@Z 10001920 f i SigCap.obj
 0001:00000920       ??_ECComModule@ATL@@UAEPAXI@Z 10001920 f i SigCap.obj
 0001:00000948       ?OnDrawAdvanced@CComControlBase@ATL@@UAEJAAUATL_DRAWINFO@@@Z 10001948 f i SigCap.obj
 0001:00000a37       ?Next@?$CComEnumImpl@UIEnumConnections@@$1?_GUID_b196b287_bab4_101a_b69c_00aa00341d07@@3U__s_GUID@@BUtagCONNECTDATA@@V?$_Copy@UtagCONNECTDATA@@@ATL@@@ATL@@UAGJKPAUtagCONNECTDATA@@PAK@Z 10001a37 f i SigCap.obj
 0001:00000b0e       ?Skip@?$CComEnumImpl@UIEnumConnections@@$1?_GUID_b196b287_bab4_101a_b69c_00aa00341d07@@3U__s_GUID@@BUtagCONNECTDATA@@V?$_Copy@UtagCONNECTDATA@@@ATL@@@ATL@@UAGJK@Z 10001b0e f i SigCap.obj
 0001:00000b3b       ?Reset@?$CComEnumImpl@UIEnumConnectionPoints@@$1?_GUID_b196b285_bab4_101a_b69c_00aa00341d07@@3U__s_GUID@@BPAUIConnectionPoint@@V?$_CopyInterface@UIConnectionPoint@@@ATL@@@ATL@@UAGJXZ 10001b3b f i SigCap.obj
 0001:00000b3b       ?Reset@?$CComEnumImpl@UIEnumConnections@@$1?_GUID_b196b287_bab4_101a_b69c_00aa00341d07@@3U__s_GUID@@BUtagCONNECTDATA@@V?$_Copy@UtagCONNECTDATA@@@ATL@@@ATL@@UAGJXZ 10001b3b f i SigCap.obj
 0001:00000b4d       ?Clone@?$CComEnumImpl@UIEnumConnections@@$1?_GUID_b196b287_bab4_101a_b69c_00aa00341d07@@3U__s_GUID@@BUtagCONNECTDATA@@V?$_Copy@UtagCONNECTDATA@@@ATL@@@ATL@@UAGJPAPAUIEnumConnections@@@Z 10001b4d f i SigCap.obj
 0001:00000c2e       ?AddRef@?$CComObject@V?$CComEnum@UIEnumConnections@@$1?_GUID_b196b287_bab4_101a_b69c_00aa00341d07@@3U__s_GUID@@BUtagCONNECTDATA@@V?$_Copy@UtagCONNECTDATA@@@ATL@@VCComSingleThreadModel@6@@ATL@@@ATL@@UAGKXZ 10001c2e f i SigCap.obj
 0001:00000c2e       ?AddRef@?$CComObject@V?$CComEnum@UIEnumConnectionPoints@@$1?_GUID_b196b285_bab4_101a_b69c_00aa00341d07@@3U__s_GUID@@BPAUIConnectionPoint@@V?$_CopyInterface@UIConnectionPoint@@@ATL@@VCComSingleThreadModel@6@@ATL@@@ATL@@UAGKXZ 10001c2e f i SigCap.obj
 0001:00000c3f       ?Release@?$CComObject@V?$CComEnum@UIEnumConnections@@$1?_GUID_b196b287_bab4_101a_b69c_00aa00341d07@@3U__s_GUID@@BUtagCONNECTDATA@@V?$_Copy@UtagCONNECTDATA@@@ATL@@VCComSingleThreadModel@6@@ATL@@@ATL@@UAGKXZ 10001c3f f i SigCap.obj
 0001:00000c3f       ?Release@?$CComObject@V?$CComEnum@UIEnumConnectionPoints@@$1?_GUID_b196b285_bab4_101a_b69c_00aa00341d07@@3U__s_GUID@@BPAUIConnectionPoint@@V?$_CopyInterface@UIConnectionPoint@@@ATL@@VCComSingleThreadModel@6@@ATL@@@ATL@@UAGKXZ 10001c3f f i SigCap.obj
 0001:00000c7b       ?QueryInterface@?$CComObject@V?$CComEnum@UIEnumConnections@@$1?_GUID_b196b287_bab4_101a_b69c_00aa00341d07@@3U__s_GUID@@BUtagCONNECTDATA@@V?$_Copy@UtagCONNECTDATA@@@ATL@@VCComSingleThreadModel@6@@ATL@@@ATL@@UAGJABU_GUID@@PAPAX@Z 10001c7b f i SigCap.obj
 0001:00000c95       ??_G?$CComObject@V?$CComEnum@UIEnumConnections@@$1?_GUID_b196b287_bab4_101a_b69c_00aa00341d07@@3U__s_GUID@@BUtagCONNECTDATA@@V?$_Copy@UtagCONNECTDATA@@@ATL@@VCComSingleThreadModel@6@@ATL@@@ATL@@UAEPAXI@Z 10001c95 f i SigCap.obj
 0001:00000c95       ??_E?$CComObject@V?$CComEnum@UIEnumConnections@@$1?_GUID_b196b287_bab4_101a_b69c_00aa00341d07@@3U__s_GUID@@BUtagCONNECTDATA@@V?$_Copy@UtagCONNECTDATA@@@ATL@@VCComSingleThreadModel@6@@ATL@@@ATL@@UAEPAXI@Z 10001c95 f i SigCap.obj
 0001:00000cb7       ?GetClipboardData@?$IOleObjectImpl@VCOPOSSigCap@@@ATL@@UAGJKPAPAUIDataObject@@@Z 10001cb7 f i SigCap.obj
 0001:00000cb7       ?QueryInterface@CRegObject@ATL@@UAGJABU_GUID@@PAPAX@Z 10001cb7 f i SigCap.obj
 0001:00000cb7       ?GetRect@?$IViewObjectExImpl@VCOPOSSigCap@@@ATL@@UAGJKPAU_RECTL@@@Z 10001cb7 f i SigCap.obj
 0001:00000cb7       ?SetMoniker@?$IOleObjectImpl@VCOPOSSigCap@@@ATL@@UAGJKPAUIMoniker@@@Z 10001cb7 f i SigCap.obj
 0001:00000cb7       ?GetDataHere@?$IDataObjectImpl@VCOPOSSigCap@@@ATL@@UAGJPAUtagFORMATETC@@PAUtagSTGMEDIUM@@@Z 10001cb7 f i SigCap.obj
 0001:00000cb7       ?EnumFormatEtc@?$IDataObjectImpl@VCOPOSSigCap@@@ATL@@UAGJKPAPAUIEnumFORMATETC@@@Z 10001cb7 f i SigCap.obj
 0001:00000cb7       ?GetCanonicalFormatEtc@?$IDataObjectImpl@VCOPOSSigCap@@@ATL@@UAGJPAUtagFORMATETC@@0@Z 10001cb7 f i SigCap.obj
 0001:00000cbf       ?AddRef@CRegObject@ATL@@UAGKXZ 10001cbf f i SigCap.obj
 0001:00000cc5       ?IsUpToDate@?$IOleObjectImpl@VCOPOSSigCap@@@ATL@@UAGJXZ 10001cc5 f i SigCap.obj
 0001:00000cc5       ?Update@?$IOleObjectImpl@VCOPOSSigCap@@@ATL@@UAGJXZ 10001cc5 f i SigCap.obj
 0001:00000cc5       ?Release@CRegObject@ATL@@UAGKXZ 10001cc5 f i SigCap.obj
 0001:00000cc5       ?HandsOffStorage@?$IPersistStorageImpl@VCOPOSSigCap@@@ATL@@UAGJXZ 10001cc5 f i SigCap.obj
 0001:00000cca       ?AddReplacement@CRegObject@ATL@@UAGJPB_W0@Z 10001cca f i SigCap.obj
 0001:00000d03       ?ClearReplacements@CRegObject@ATL@@UAGJXZ 10001d03 f i SigCap.obj
 0001:00000d15       ??_GCRegObject@ATL@@UAEPAXI@Z 10001d15 f i SigCap.obj
 0001:00000d15       ??_ECRegObject@ATL@@UAEPAXI@Z 10001d15 f i SigCap.obj
 0001:00000d37       ??_E?$CComObject@VCOPOSSigCap@@@ATL@@W3AEPAXI@Z 10001d37 f i SigCap.obj
 0001:00000d3f       ??_E?$CComObject@VCOPOSSigCap@@@ATL@@WEM@AEPAXI@Z 10001d3f f i SigCap.obj
 0001:00000d47       ?QueryInterface@?$CComObject@VCOPOSSigCap@@@ATL@@WHA@AGJABU_GUID@@PAPAX@Z 10001d47 f i SigCap.obj
 0001:00000d51       ?AddRef@?$CComObject@VCOPOSSigCap@@@ATL@@WHA@AGKXZ 10001d51 f i SigCap.obj
 0001:00000d5b       ?Release@?$CComObject@VCOPOSSigCap@@@ATL@@WHA@AGKXZ 10001d5b f i SigCap.obj
 0001:00000d65       ?QueryInterface@?$CComObject@VCOPOSSigCap@@@ATL@@WHE@AGJABU_GUID@@PAPAX@Z 10001d65 f i SigCap.obj
 0001:00000d6f       ?AddRef@?$CComObject@VCOPOSSigCap@@@ATL@@WHE@AGKXZ 10001d6f f i SigCap.obj
 0001:00000d79       ?Release@?$CComObject@VCOPOSSigCap@@@ATL@@WHE@AGKXZ 10001d79 f i SigCap.obj
 0001:00000d83       ?QueryInterface@?$CComObject@VCOPOSSigCap@@@ATL@@WHI@AGJABU_GUID@@PAPAX@Z 10001d83 f i SigCap.obj
 0001:00000d8d       ?AddRef@?$CComObject@VCOPOSSigCap@@@ATL@@WHI@AGKXZ 10001d8d f i SigCap.obj
 0001:00000d97       ?Release@?$CComObject@VCOPOSSigCap@@@ATL@@WHI@AGKXZ 10001d97 f i SigCap.obj
 0001:00000da1       ?QueryInterface@?$CComObject@VCOPOSSigCap@@@ATL@@WHM@AGJABU_GUID@@PAPAX@Z 10001da1 f i SigCap.obj
 0001:00000dab       ?AddRef@?$CComObject@VCOPOSSigCap@@@ATL@@WHM@AGKXZ 10001dab f i SigCap.obj
 0001:00000db5       ?Release@?$CComObject@VCOPOSSigCap@@@ATL@@WHM@AGKXZ 10001db5 f i SigCap.obj
 0001:00000dbf       ?QueryInterface@?$CComObject@VCOPOSSigCap@@@ATL@@WIA@AGJABU_GUID@@PAPAX@Z 10001dbf f i SigCap.obj
 0001:00000dcc       ?AddRef@?$CComObject@VCOPOSSigCap@@@ATL@@WIA@AGKXZ 10001dcc f i SigCap.obj
 0001:00000dd9       ?Release@?$CComObject@VCOPOSSigCap@@@ATL@@WIA@AGKXZ 10001dd9 f i SigCap.obj
 0001:00000de6       ?QueryInterface@?$CComObject@VCOPOSSigCap@@@ATL@@WIE@AGJABU_GUID@@PAPAX@Z 10001de6 f i SigCap.obj
 0001:00000df3       ?AddRef@?$CComObject@VCOPOSSigCap@@@ATL@@WIE@AGKXZ 10001df3 f i SigCap.obj
 0001:00000e00       ?Release@?$CComObject@VCOPOSSigCap@@@ATL@@WIE@AGKXZ 10001e00 f i SigCap.obj
 0001:00000e0d       ?QueryInterface@?$CComObject@VCOPOSSigCap@@@ATL@@WII@AGJABU_GUID@@PAPAX@Z 10001e0d f i SigCap.obj
 0001:00000e1a       ?AddRef@?$CComObject@VCOPOSSigCap@@@ATL@@WII@AGKXZ 10001e1a f i SigCap.obj
 0001:00000e27       ?Release@?$CComObject@VCOPOSSigCap@@@ATL@@WII@AGKXZ 10001e27 f i SigCap.obj
 0001:00000e34       ?QueryInterface@?$CComObject@VCOPOSSigCap@@@ATL@@WIM@AGJABU_GUID@@PAPAX@Z 10001e34 f i SigCap.obj
 0001:00000e41       ?AddRef@?$CComObject@VCOPOSSigCap@@@ATL@@WIM@AGKXZ 10001e41 f i SigCap.obj
 0001:00000e4e       ?Release@?$CComObject@VCOPOSSigCap@@@ATL@@WIM@AGKXZ 10001e4e f i SigCap.obj
 0001:00000e5b       ?QueryInterface@?$CComObject@VCOPOSSigCap@@@ATL@@WJA@AGJABU_GUID@@PAPAX@Z 10001e5b f i SigCap.obj
 0001:00000e68       ?AddRef@?$CComObject@VCOPOSSigCap@@@ATL@@WJA@AGKXZ 10001e68 f i SigCap.obj
 0001:00000e75       ?Release@?$CComObject@VCOPOSSigCap@@@ATL@@WJA@AGKXZ 10001e75 f i SigCap.obj
 0001:00000e82       ?QueryInterface@?$CComObject@VCOPOSSigCap@@@ATL@@WJE@AGJABU_GUID@@PAPAX@Z 10001e82 f i SigCap.obj
 0001:00000e8f       ?AddRef@?$CComObject@VCOPOSSigCap@@@ATL@@WJE@AGKXZ 10001e8f f i SigCap.obj
 0001:00000e9c       ?Release@?$CComObject@VCOPOSSigCap@@@ATL@@WJE@AGKXZ 10001e9c f i SigCap.obj
 0001:00000ea9       ?QueryInterface@?$CComObject@VCOPOSSigCap@@@ATL@@WJI@AGJABU_GUID@@PAPAX@Z 10001ea9 f i SigCap.obj
 0001:00000eb6       ?AddRef@?$CComObject@VCOPOSSigCap@@@ATL@@WJI@AGKXZ 10001eb6 f i SigCap.obj
 0001:00000ec3       ?Release@?$CComObject@VCOPOSSigCap@@@ATL@@WJI@AGKXZ 10001ec3 f i SigCap.obj
 0001:00000ed0       ?QueryInterface@?$CComObject@VCOPOSSigCap@@@ATL@@WJM@AGJABU_GUID@@PAPAX@Z 10001ed0 f i SigCap.obj
 0001:00000edd       ?AddRef@?$CComObject@VCOPOSSigCap@@@ATL@@WJM@AGKXZ 10001edd f i SigCap.obj
 0001:00000eea       ?Release@?$CComObject@VCOPOSSigCap@@@ATL@@WJM@AGKXZ 10001eea f i SigCap.obj
 0001:00000ef7       ?QueryInterface@?$CComObject@VCOPOSSigCap@@@ATL@@WKA@AGJABU_GUID@@PAPAX@Z 10001ef7 f i SigCap.obj
 0001:00000f04       ?AddRef@?$CComObject@VCOPOSSigCap@@@ATL@@WKA@AGKXZ 10001f04 f i SigCap.obj
 0001:00000f11       ?Release@?$CComObject@VCOPOSSigCap@@@ATL@@WKA@AGKXZ 10001f11 f i SigCap.obj
 0001:00000f1e       ?AddRef@?$CComObject@VCOPOSSigCap@@@ATL@@WKI@AGKXZ 10001f1e f i SigCap.obj
 0001:00000f2b       ?Release@?$CComObject@VCOPOSSigCap@@@ATL@@WKI@AGKXZ 10001f2b f i SigCap.obj
 0001:00000f38       ?AddRef@?$CComObject@VCOPOSSigCap@@@ATL@@WLE@AGKXZ 10001f38 f i SigCap.obj
 0001:00000f45       ?Release@?$CComObject@VCOPOSSigCap@@@ATL@@WLE@AGKXZ 10001f45 f i SigCap.obj
 0001:00000f52       ??_E?$CComContainedObject@VCOPOSSigCap@@@ATL@@W3AEPAXI@Z 10001f52 f i SigCap.obj
 0001:00000f5a       ??_E?$CComContainedObject@VCOPOSSigCap@@@ATL@@WEM@AEPAXI@Z 10001f5a f i SigCap.obj
 0001:00000f62       ?QueryInterface@?$CComContainedObject@VCOPOSSigCap@@@ATL@@WHA@AGJABU_GUID@@PAPAX@Z 10001f62 f i SigCap.obj
 0001:00000f6c       ?AddRef@?$CComContainedObject@VCOPOSSigCap@@@ATL@@WHA@AGKXZ 10001f6c f i SigCap.obj
 0001:00000f76       ?Release@?$CComContainedObject@VCOPOSSigCap@@@ATL@@WHA@AGKXZ 10001f76 f i SigCap.obj
 0001:00000f80       ?QueryInterface@?$CComContainedObject@VCOPOSSigCap@@@ATL@@WHE@AGJABU_GUID@@PAPAX@Z 10001f80 f i SigCap.obj
 0001:00000f8a       ?AddRef@?$CComContainedObject@VCOPOSSigCap@@@ATL@@WHE@AGKXZ 10001f8a f i SigCap.obj
 0001:00000f94       ?Release@?$CComContainedObject@VCOPOSSigCap@@@ATL@@WHE@AGKXZ 10001f94 f i SigCap.obj
 0001:00000f9e       ?QueryInterface@?$CComContainedObject@VCOPOSSigCap@@@ATL@@WHI@AGJABU_GUID@@PAPAX@Z 10001f9e f i SigCap.obj
 0001:00000fa8       ?AddRef@?$CComContainedObject@VCOPOSSigCap@@@ATL@@WHI@AGKXZ 10001fa8 f i SigCap.obj
 0001:00000fb2       ?Release@?$CComContainedObject@VCOPOSSigCap@@@ATL@@WHI@AGKXZ 10001fb2 f i SigCap.obj
 0001:00000fbc       ?QueryInterface@?$CComContainedObject@VCOPOSSigCap@@@ATL@@WHM@AGJABU_GUID@@PAPAX@Z 10001fbc f i SigCap.obj
 0001:00000fc6       ?AddRef@?$CComContainedObject@VCOPOSSigCap@@@ATL@@WHM@AGKXZ 10001fc6 f i SigCap.obj
 0001:00000fd0       ?Release@?$CComContainedObject@VCOPOSSigCap@@@ATL@@WHM@AGKXZ 10001fd0 f i SigCap.obj
 0001:00000fda       ?QueryInterface@?$CComContainedObject@VCOPOSSigCap@@@ATL@@WIA@AGJABU_GUID@@PAPAX@Z 10001fda f i SigCap.obj
 0001:00000fe7       ?AddRef@?$CComContainedObject@VCOPOSSigCap@@@ATL@@WIA@AGKXZ 10001fe7 f i SigCap.obj
 0001:00000ff4       ?Release@?$CComContainedObject@VCOPOSSigCap@@@ATL@@WIA@AGKXZ 10001ff4 f i SigCap.obj
 0001:00001001       ?QueryInterface@?$CComContainedObject@VCOPOSSigCap@@@ATL@@WIE@AGJABU_GUID@@PAPAX@Z 10002001 f i SigCap.obj
 0001:0000100e       ?AddRef@?$CComContainedObject@VCOPOSSigCap@@@ATL@@WIE@AGKXZ 1000200e f i SigCap.obj
 0001:0000101b       ?Release@?$CComContainedObject@VCOPOSSigCap@@@ATL@@WIE@AGKXZ 1000201b f i SigCap.obj
 0001:00001028       ?QueryInterface@?$CComContainedObject@VCOPOSSigCap@@@ATL@@WII@AGJABU_GUID@@PAPAX@Z 10002028 f i SigCap.obj
 0001:00001035       ?AddRef@?$CComContainedObject@VCOPOSSigCap@@@ATL@@WII@AGKXZ 10002035 f i SigCap.obj
 0001:00001042       ?Release@?$CComContainedObject@VCOPOSSigCap@@@ATL@@WII@AGKXZ 10002042 f i SigCap.obj
 0001:0000104f       ?QueryInterface@?$CComContainedObject@VCOPOSSigCap@@@ATL@@WIM@AGJABU_GUID@@PAPAX@Z 1000204f f i SigCap.obj
 0001:0000105c       ?AddRef@?$CComContainedObject@VCOPOSSigCap@@@ATL@@WIM@AGKXZ 1000205c f i SigCap.obj
 0001:00001069       ?Release@?$CComContainedObject@VCOPOSSigCap@@@ATL@@WIM@AGKXZ 10002069 f i SigCap.obj
 0001:00001076       ?QueryInterface@?$CComContainedObject@VCOPOSSigCap@@@ATL@@WJA@AGJABU_GUID@@PAPAX@Z 10002076 f i SigCap.obj
 0001:00001083       ?AddRef@?$CComContainedObject@VCOPOSSigCap@@@ATL@@WJA@AGKXZ 10002083 f i SigCap.obj
 0001:00001090       ?Release@?$CComContainedObject@VCOPOSSigCap@@@ATL@@WJA@AGKXZ 10002090 f i SigCap.obj
 0001:0000109d       ?QueryInterface@?$CComContainedObject@VCOPOSSigCap@@@ATL@@WJE@AGJABU_GUID@@PAPAX@Z 1000209d f i SigCap.obj
 0001:000010aa       ?AddRef@?$CComContainedObject@VCOPOSSigCap@@@ATL@@WJE@AGKXZ 100020aa f i SigCap.obj
 0001:000010b7       ?Release@?$CComContainedObject@VCOPOSSigCap@@@ATL@@WJE@AGKXZ 100020b7 f i SigCap.obj
 0001:000010c4       ?QueryInterface@?$CComContainedObject@VCOPOSSigCap@@@ATL@@WJI@AGJABU_GUID@@PAPAX@Z 100020c4 f i SigCap.obj
 0001:000010d1       ?AddRef@?$CComContainedObject@VCOPOSSigCap@@@ATL@@WJI@AGKXZ 100020d1 f i SigCap.obj
 0001:000010de       ?Release@?$CComContainedObject@VCOPOSSigCap@@@ATL@@WJI@AGKXZ 100020de f i SigCap.obj
 0001:000010eb       ?QueryInterface@?$CComContainedObject@VCOPOSSigCap@@@ATL@@WJM@AGJABU_GUID@@PAPAX@Z 100020eb f i SigCap.obj
 0001:000010f8       ?AddRef@?$CComContainedObject@VCOPOSSigCap@@@ATL@@WJM@AGKXZ 100020f8 f i SigCap.obj
 0001:00001105       ?Release@?$CComContainedObject@VCOPOSSigCap@@@ATL@@WJM@AGKXZ 10002105 f i SigCap.obj
 0001:00001112       ?QueryInterface@?$CComContainedObject@VCOPOSSigCap@@@ATL@@WKA@AGJABU_GUID@@PAPAX@Z 10002112 f i SigCap.obj
 0001:0000111f       ?AddRef@?$CComContainedObject@VCOPOSSigCap@@@ATL@@WKA@AGKXZ 1000211f f i SigCap.obj
 0001:0000112c       ?Release@?$CComContainedObject@VCOPOSSigCap@@@ATL@@WKA@AGKXZ 1000212c f i SigCap.obj
 0001:00001139       ?AddRef@?$CComContainedObject@VCOPOSSigCap@@@ATL@@WKI@AGKXZ 10002139 f i SigCap.obj
 0001:00001146       ?Release@?$CComContainedObject@VCOPOSSigCap@@@ATL@@WKI@AGKXZ 10002146 f i SigCap.obj
 0001:00001153       ?AddRef@?$CComContainedObject@VCOPOSSigCap@@@ATL@@WLE@AGKXZ 10002153 f i SigCap.obj
 0001:00001160       ?Release@?$CComContainedObject@VCOPOSSigCap@@@ATL@@WLE@AGKXZ 10002160 f i SigCap.obj
 0001:0000116d       ?GetWindowProc@?$CWindowImplBaseT@VCWindow@ATL@@V?$CWinTraits@$0FGAAAAAA@$0A@@2@@ATL@@UAEP6GJPAUHWND__@@IIJ@ZXZ 1000216d f i SigCap.obj
 0001:00001173       ?StartWindowProc@?$CWindowImplBaseT@VCWindow@ATL@@V?$CWinTraits@$0FGAAAAAA@$0A@@2@@ATL@@SGJPAUHWND__@@IIJ@Z 10002173 f i SigCap.obj
 0001:000011c7       ?ObjectMain@CComObjectRootBase@ATL@@SGX_N@Z 100021c7 f i SigCap.obj
 0001:000011c7       ?OnFinalMessage@?$CWindowImplBaseT@VCWindow@ATL@@V?$CWinTraits@$0FGAAAAAA@$0A@@2@@ATL@@UAEXPAUHWND__@@@Z 100021c7 f i SigCap.obj
 0001:000011ca       ?GetTypeInfoCount@?$IDispatchImpl@UIOPOSSigCap@@$1?IID_IOPOSSigCap@@3U_GUID@@B$1?LIBID_OposSigCap_CCO@@3U3@B$00$0A@VCComTypeInfoHolder@ATL@@@ATL@@UAGJPAI@Z 100021ca f i SigCap.obj
 0001:000011e7       ?GetTypeInfo@?$IDispatchImpl@UIOPOSSigCap@@$1?IID_IOPOSSigCap@@3U_GUID@@B$1?LIBID_OposSigCap_CCO@@3U3@B$00$0A@VCComTypeInfoHolder@ATL@@@ATL@@UAGJIKPAPAUITypeInfo@@@Z 100021e7 f i SigCap.obj
 0001:0000120b       ?GetIDsOfNames@?$IDispatchImpl@UIOPOSSigCap@@$1?IID_IOPOSSigCap@@3U_GUID@@B$1?LIBID_OposSigCap_CCO@@3U3@B$00$0A@VCComTypeInfoHolder@ATL@@@ATL@@UAGJABU_GUID@@PAPA_WIKPAJ@Z 1000220b f i SigCap.obj
 0001:0000122b       ?Invoke@?$IDispatchImpl@UIOPOSSigCap@@$1?IID_IOPOSSigCap@@3U_GUID@@B$1?LIBID_OposSigCap_CCO@@3U3@B$00$0A@VCComTypeInfoHolder@ATL@@@ATL@@UAGJJABU_GUID@@KGPAUtagDISPPARAMS@@PAUtagVARIANT@@PAUtagEXCEPINFO@@PAI@Z 1000222b f i SigCap.obj
 0001:00001239       ?CreateControlWindow@?$CComControl@VCOPOSSigCap@@V?$CWindowImpl@VCOPOSSigCap@@VCWindow@ATL@@V?$CWinTraits@$0FGAAAAAA@$0A@@3@@ATL@@@ATL@@UAEPAUHWND__@@PAU3@AAUtagRECT@@@Z 10002239 f i SigCap.obj
 0001:00001268       ?ControlQueryInterface@?$CComControl@VCOPOSSigCap@@V?$CWindowImpl@VCOPOSSigCap@@VCWindow@ATL@@V?$CWinTraits@$0FGAAAAAA@$0A@@3@@ATL@@@ATL@@UAEJABU_GUID@@PAPAX@Z 10002268 f i SigCap.obj
 0001:00001283       ?GetClassID@?$IPersistStorageImpl@VCOPOSSigCap@@@ATL@@UAGJPAU_GUID@@@Z 10002283 f i SigCap.obj
 0001:00001283       ?GetClassID@?$IPersistStreamInitImpl@VCOPOSSigCap@@@ATL@@UAGJPAU_GUID@@@Z 10002283 f i SigCap.obj
 0001:00001283       ?GetUserClassID@?$IOleObjectImpl@VCOPOSSigCap@@@ATL@@UAGJPAU_GUID@@@Z 10002283 f i SigCap.obj
 0001:000012a7       ?IsDirty@?$IPersistStreamInitImpl@VCOPOSSigCap@@@ATL@@UAGJXZ 100022a7 f i SigCap.obj
 0001:000012c6       ?Load@?$IPersistStreamInitImpl@VCOPOSSigCap@@@ATL@@UAGJPAUIStream@@@Z 100022c6 f i SigCap.obj
 0001:000012e5       ?Save@?$IPersistStreamInitImpl@VCOPOSSigCap@@@ATL@@UAGJPAUIStream@@H@Z 100022e5 f i SigCap.obj
 0001:00001307       ?GetSizeMax@?$IPersistStreamInitImpl@VCOPOSSigCap@@@ATL@@UAGJPAT_ULARGE_INTEGER@@@Z 10002307 f i SigCap.obj
 0001:000014bc       ?InitNew@?$IPersistStreamInitImpl@VCOPOSSigCap@@@ATL@@UAGJXZ 100024bc f i SigCap.obj
 0001:000014d9       ?ContextSensitiveHelp@?$IOleInPlaceActiveObjectImpl@VCOPOSSigCap@@@ATL@@UAGJH@Z 100024d9 f i SigCap.obj
 0001:000014d9       ?GetControlInfo@?$IOleControlImpl@VCOPOSSigCap@@@ATL@@UAGJPAUtagCONTROLINFO@@@Z 100024d9 f i SigCap.obj
 0001:000014d9       ?ContextSensitiveHelp@?$IOleInPlaceObjectWindowlessImpl@VCOPOSSigCap@@@ATL@@UAGJH@Z 100024d9 f i SigCap.obj
 0001:000014d9       ?Unfreeze@?$IViewObjectExImpl@VCOPOSSigCap@@@ATL@@UAGJK@Z 100024d9 f i SigCap.obj
 0001:000014d9       ?OnMnemonic@?$IOleControlImpl@VCOPOSSigCap@@@ATL@@UAGJPAUtagMSG@@@Z 100024d9 f i SigCap.obj
 0001:000014d9       ?GetDropTarget@?$IOleInPlaceObjectWindowlessImpl@VCOPOSSigCap@@@ATL@@UAGJPAPAUIDropTarget@@@Z 100024d9 f i SigCap.obj
 0001:000014d9       ?SOOutputCompleteDummy@COPOSSigCap@@MAGJJ@Z 100024d9 f i SigCap.obj
 0001:000014d9       ?QueryGetData@?$IDataObjectImpl@VCOPOSSigCap@@@ATL@@UAGJPAUtagFORMATETC@@@Z 100024d9 f i SigCap.obj
 0001:000014d9       ?SetColorScheme@?$IOleObjectImpl@VCOPOSSigCap@@@ATL@@UAGJPAUtagLOGPALETTE@@@Z 100024d9 f i SigCap.obj
 0001:000014e1       ?SaveCompleted@?$IPersistStorageImpl@VCOPOSSigCap@@@ATL@@UAGJPAUIStorage@@@Z 100024e1 f i SigCap.obj
 0001:000014e1       ?EnableModeless@?$IOleInPlaceActiveObjectImpl@VCOPOSSigCap@@@ATL@@UAGJH@Z 100024e1 f i SigCap.obj
 0001:000014e1       ?OnFrameWindowActivate@?$IOleInPlaceActiveObjectImpl@VCOPOSSigCap@@@ATL@@UAGJH@Z 100024e1 f i SigCap.obj
 0001:000014e1       ?OnAmbientPropertyChange@?$IOleControlImpl@VCOPOSSigCap@@@ATL@@UAGJJ@Z 100024e1 f i SigCap.obj
 0001:000014e6       ?SetClientSite@?$IOleObjectImpl@VCOPOSSigCap@@@ATL@@UAGJPAUIOleClientSite@@@Z 100024e6 f i SigCap.obj
 0001:00001503       ?GetClientSite@?$IOleObjectImpl@VCOPOSSigCap@@@ATL@@UAGJPAPAUIOleClientSite@@@Z 10002503 f i SigCap.obj
 0001:00001520       ?SetHostNames@?$IOleObjectImpl@VCOPOSSigCap@@@ATL@@UAGJPB_W0@Z 10002520 f i SigCap.obj
 0001:00001525       ?Close@?$IOleObjectImpl@VCOPOSSigCap@@@ATL@@UAGJK@Z 10002525 f i SigCap.obj
 0001:00001542       ?InitFromData@?$IOleObjectImpl@VCOPOSSigCap@@@ATL@@UAGJPAUIDataObject@@HK@Z 10002542 f i SigCap.obj
 0001:00001542       ?GetMoniker@?$IOleObjectImpl@VCOPOSSigCap@@@ATL@@UAGJKKPAPAUIMoniker@@@Z 10002542 f i SigCap.obj
 0001:00001542       ?SetData@?$IDataObjectImpl@VCOPOSSigCap@@@ATL@@UAGJPAUtagFORMATETC@@PAUtagSTGMEDIUM@@H@Z 10002542 f i SigCap.obj
 0001:0000154a       ?DoVerb@?$IOleObjectImpl@VCOPOSSigCap@@@ATL@@UAGJJPAUtagMSG@@PAUIOleClientSite@@JPAUHWND__@@PBUtagRECT@@@Z 1000254a f i SigCap.obj
 0001:00001662       ?EnumVerbs@?$IOleObjectImpl@VCOPOSSigCap@@@ATL@@UAGJPAPAUIEnumOLEVERB@@@Z 10002662 f i SigCap.obj
 0001:00001684       ?GetUserType@?$IOleObjectImpl@VCOPOSSigCap@@@ATL@@UAGJKPAPA_W@Z 10002684 f i SigCap.obj
 0001:0000169c       ?SetExtent@?$IOleObjectImpl@VCOPOSSigCap@@@ATL@@UAGJKPAUtagSIZE@@@Z 1000269c f i SigCap.obj
 0001:000016bc       ?GetExtent@?$IOleObjectImpl@VCOPOSSigCap@@@ATL@@UAGJKPAUtagSIZE@@@Z 100026bc f i SigCap.obj
 0001:000016fa       ?Advise@?$IOleObjectImpl@VCOPOSSigCap@@@ATL@@UAGJPAUIAdviseSink@@PAK@Z 100026fa f i SigCap.obj
 0001:0000171a       ?Unadvise@?$IOleObjectImpl@VCOPOSSigCap@@@ATL@@UAGJK@Z 1000271a f i SigCap.obj
 0001:00001749       ?EnumAdvise@?$IOleObjectImpl@VCOPOSSigCap@@@ATL@@UAGJPAPAUIEnumSTATDATA@@@Z 10002749 f i SigCap.obj
 0001:00001789       ?GetMiscStatus@?$IOleObjectImpl@VCOPOSSigCap@@@ATL@@UAGJKPAK@Z 10002789 f i SigCap.obj
 0001:000017a1       ?GetWindow@?$IOleInPlaceActiveObjectImpl@VCOPOSSigCap@@@ATL@@UAGJPAPAUHWND__@@@Z 100027a1 f i SigCap.obj
 0001:000017ee       ?TranslateAcceleratorW@?$IOleInPlaceActiveObjectImpl@VCOPOSSigCap@@@ATL@@UAGJPAUtagMSG@@@Z 100027ee f i SigCap.obj
 0001:0000188c       ?OnDocWindowActivate@?$IOleInPlaceActiveObjectImpl@VCOPOSSigCap@@@ATL@@UAGJH@Z 1000288c f i SigCap.obj
 0001:000018ae       ?ResizeBorder@?$IOleInPlaceActiveObjectImpl@VCOPOSSigCap@@@ATL@@UAGJPBUtagRECT@@PAUIOleInPlaceUIWindow@@H@Z 100028ae f i SigCap.obj
 0001:000018b3       ?Draw@?$IViewObjectExImpl@VCOPOSSigCap@@@ATL@@UAGJKJPAXPAUtagDVTARGETDEVICE@@PAUHDC__@@2PBU_RECTL@@3P6GHK@ZK@Z 100028b3 f i SigCap.obj
 0001:000018e5       ?GetColorSet@?$IViewObjectExImpl@VCOPOSSigCap@@@ATL@@UAGJKJPAXPAUtagDVTARGETDEVICE@@PAUHDC__@@PAPAUtagLOGPALETTE@@@Z 100028e5 f i SigCap.obj
 0001:000018ed       ?Freeze@?$IViewObjectExImpl@VCOPOSSigCap@@@ATL@@UAGJKJPAXPAK@Z 100028ed f i SigCap.obj
 0001:000018f5       ?SetAdvise@?$IViewObjectExImpl@VCOPOSSigCap@@@ATL@@UAGJKKPAUIAdviseSink@@@Z 100028f5 f i SigCap.obj
 0001:00001914       ?GetAdvise@?$IViewObjectExImpl@VCOPOSSigCap@@@ATL@@UAGJPAK0PAPAUIAdviseSink@@@Z 10002914 f i SigCap.obj
 0001:00001949       ?GetExtent@?$IViewObjectExImpl@VCOPOSSigCap@@@ATL@@UAGJKJPAUtagDVTARGETDEVICE@@PAUtagSIZE@@@Z 10002949 f i SigCap.obj
 0001:0000197a       ?GetViewStatus@?$IViewObjectExImpl@VCOPOSSigCap@@@ATL@@UAGJPAK@Z 1000297a f i SigCap.obj
 0001:00001997       ?QueryHitPoint@?$IViewObjectExImpl@VCOPOSSigCap@@@ATL@@UAGJKPBUtagRECT@@UtagPOINT@@JPAK@Z 10002997 f i SigCap.obj
 0001:000019d8       ?QueryHitRect@?$IViewObjectExImpl@VCOPOSSigCap@@@ATL@@UAGJKPBUtagRECT@@0JPAK@Z 100029d8 f i SigCap.obj
 0001:00001a33       ?GetNaturalExtent@?$IViewObjectExImpl@VCOPOSSigCap@@@ATL@@UAGJKJPAUtagDVTARGETDEVICE@@PAUHDC__@@PAUtagExtentInfo@@PAUtagSIZE@@@Z 10002a33 f i SigCap.obj
 0001:00001a7e       ?GetWindow@?$IOleInPlaceObjectWindowlessImpl@VCOPOSSigCap@@@ATL@@UAGJPAPAUHWND__@@@Z 10002a7e f i SigCap.obj
 0001:00001acb       ?InPlaceDeactivate@?$IOleInPlaceObjectWindowlessImpl@VCOPOSSigCap@@@ATL@@UAGJXZ 10002acb f i SigCap.obj
 0001:00001ae5       ?UIDeactivate@?$IOleInPlaceObjectWindowlessImpl@VCOPOSSigCap@@@ATL@@UAGJXZ 10002ae5 f i SigCap.obj
 0001:00001aff       ?SetObjectRects@?$IOleInPlaceObjectWindowlessImpl@VCOPOSSigCap@@@ATL@@UAGJPBUtagRECT@@0@Z 10002aff f i SigCap.obj
 0001:00001b1f       ?ReactivateAndUndo@?$IOleInPlaceObjectWindowlessImpl@VCOPOSSigCap@@@ATL@@UAGJXZ 10002b1f f i SigCap.obj
 0001:00001b27       ?OnWindowMessage@?$IOleInPlaceObjectWindowlessImpl@VCOPOSSigCap@@@ATL@@UAGJIIJPAJ@Z 10002b27 f i SigCap.obj
 0001:00001b97       ?EnumConnectionPoints@?$IConnectionPointContainerImpl@VCOPOSSigCap@@@ATL@@UAGJPAPAUIEnumConnectionPoints@@@Z 10002b97 f i SigCap.obj
 0001:00001d11       ?FindConnectionPoint@?$IConnectionPointContainerImpl@VCOPOSSigCap@@@ATL@@UAGJABU_GUID@@PAPAUIConnectionPoint@@@Z 10002d11 f i SigCap.obj
 0001:00001db4       ?IsDirty@?$IPersistStorageImpl@VCOPOSSigCap@@@ATL@@UAGJXZ 10002db4 f i SigCap.obj
 0001:00001de8       ?InitNew@?$IPersistStorageImpl@VCOPOSSigCap@@@ATL@@UAGJPAUIStorage@@@Z 10002de8 f i SigCap.obj
 0001:00001e1c       ?Load@?$IPersistStorageImpl@VCOPOSSigCap@@@ATL@@UAGJPAUIStorage@@@Z 10002e1c f i SigCap.obj
 0001:00001e88       ?Save@?$IPersistStorageImpl@VCOPOSSigCap@@@ATL@@UAGJPAUIStorage@@H@Z 10002e88 f i SigCap.obj
 0001:00001efb       ?GetPages@?$ISpecifyPropertyPagesImpl@VCOPOSSigCap@@@ATL@@UAGJPAUtagCAUUID@@@Z 10002efb f i SigCap.obj
 0001:00001f12       ?QuickActivate@?$IQuickActivateImpl@VCOPOSSigCap@@@ATL@@UAGJPAUtagQACONTAINER@@PAUtagQACONTROL@@@Z 10002f12 f i SigCap.obj
 0001:00001f35       ?SetContentExtent@?$IQuickActivateImpl@VCOPOSSigCap@@@ATL@@UAGJPAUtagSIZE@@@Z 10002f35 f i SigCap.obj
 0001:00001f61       ?GetContentExtent@?$IQuickActivateImpl@VCOPOSSigCap@@@ATL@@UAGJPAUtagSIZE@@@Z 10002f61 f i SigCap.obj
 0001:00001f81       ?GetData@?$IDataObjectImpl@VCOPOSSigCap@@@ATL@@UAGJPAUtagFORMATETC@@PAUtagSTGMEDIUM@@@Z 10002f81 f i SigCap.obj
 0001:00001fa4       ?DAdvise@?$IDataObjectImpl@VCOPOSSigCap@@@ATL@@UAGJPAUtagFORMATETC@@KPAUIAdviseSink@@PAK@Z 10002fa4 f i SigCap.obj
 0001:00001fe5       ?DUnadvise@?$IDataObjectImpl@VCOPOSSigCap@@@ATL@@UAGJK@Z 10002fe5 f i SigCap.obj
 0001:00002013       ?EnumDAdvise@?$IDataObjectImpl@VCOPOSSigCap@@@ATL@@UAGJPAPAUIEnumSTATDATA@@@Z 10003013 f i SigCap.obj
 0001:00002052       ?GetClassInfoW@?$IProvideClassInfo2Impl@$1?CLSID_OPOSSigCap@@3U_GUID@@B$1?DIID__IOPOSSigCapEvents@@3U2@B$1?LIBID_OposSigCap_CCO@@3U2@B$00$0A@VCComTypeInfoHolder@ATL@@@ATL@@UAGJPAPAUITypeInfo@@@Z 10003052 f i SigCap.obj
 0001:00002068       ?GetGUID@?$IProvideClassInfo2Impl@$1?CLSID_OPOSSigCap@@3U_GUID@@B$1?DIID__IOPOSSigCapEvents@@3U2@B$1?LIBID_OposSigCap_CCO@@3U2@B$00$0A@VCComTypeInfoHolder@ATL@@@ATL@@UAGJKPAU_GUID@@@Z 10003068 f i SigCap.obj
 0001:000020a6       __get_startup_argv_mode    100030a6 f i LIBCMT:argv_mode.obj
 0001:000020a6       ?FAccessAllowed@?$IObjectSafetyImpl@VCOPOSSigCap@@$02@ATL@@MAEHXZ 100030a6 f i SigCap.obj
 0001:000020aa       ?GetInterfaceSafetyOptions@?$IObjectSafetyImpl@VCOPOSSigCap@@$02@ATL@@UAGJABU_GUID@@PAK1@Z 100030aa f i SigCap.obj
 0001:0000211e       ?SetInterfaceSafetyOptions@?$IObjectSafetyImpl@VCOPOSSigCap@@$02@ATL@@UAGJABU_GUID@@KK@Z 1000311e f i SigCap.obj
 0001:00002198       ?_LocCPQueryInterface@?$IConnectionPointImpl@VCOPOSSigCap@@$1?IID_IPropertyNotifySink@@3U_GUID@@BVCComDynamicUnkArray@ATL@@@ATL@@UAGJABU_GUID@@PAPAX@Z 10003198 f i SigCap.obj
 0001:00002198       ?_LocCPQueryInterface@?$IConnectionPointImpl@VCOPOSSigCap@@$1?DIID__IOPOSSigCapEvents@@3U_GUID@@BVCComDynamicUnkArray@ATL@@@ATL@@UAGJABU_GUID@@PAPAX@Z 10003198 f i SigCap.obj
 0001:000021e5       ?GetConnectionInterface@?$IConnectionPointImpl@VCOPOSSigCap@@$1?IID_IPropertyNotifySink@@3U_GUID@@BVCComDynamicUnkArray@ATL@@@ATL@@UAGJPAU_GUID@@@Z 100031e5 f i SigCap.obj
 0001:00002209       ?GetConnectionPointContainer@?$IConnectionPointImpl@VCOPOSSigCap@@$1?IID_IPropertyNotifySink@@3U_GUID@@BVCComDynamicUnkArray@ATL@@@ATL@@UAGJPAPAUIConnectionPointContainer@@@Z 10003209 f i SigCap.obj
 0001:0000222c       ?Advise@?$IConnectionPointImpl@VCOPOSSigCap@@$1?DIID__IOPOSSigCapEvents@@3U_GUID@@BVCComDynamicUnkArray@ATL@@@ATL@@UAGJPAUIUnknown@@PAK@Z 1000322c f i SigCap.obj
 0001:0000222c       ?Advise@?$IConnectionPointImpl@VCOPOSSigCap@@$1?IID_IPropertyNotifySink@@3U_GUID@@BVCComDynamicUnkArray@ATL@@@ATL@@UAGJPAUIUnknown@@PAK@Z 1000322c f i SigCap.obj
 0001:000022cd       ?Unadvise@?$IConnectionPointImpl@VCOPOSSigCap@@$1?IID_IPropertyNotifySink@@3U_GUID@@BVCComDynamicUnkArray@ATL@@@ATL@@UAGJK@Z 100032cd f i SigCap.obj
 0001:000022cd       ?Unadvise@?$IConnectionPointImpl@VCOPOSSigCap@@$1?DIID__IOPOSSigCapEvents@@3U_GUID@@BVCComDynamicUnkArray@ATL@@@ATL@@UAGJK@Z 100032cd f i SigCap.obj
 0001:0000230d       ?EnumConnections@?$IConnectionPointImpl@VCOPOSSigCap@@$1?IID_IPropertyNotifySink@@3U_GUID@@BVCComDynamicUnkArray@ATL@@@ATL@@UAGJPAPAUIEnumConnections@@@Z 1000330d f i SigCap.obj
 0001:0000230d       ?EnumConnections@?$IConnectionPointImpl@VCOPOSSigCap@@$1?DIID__IOPOSSigCapEvents@@3U_GUID@@BVCComDynamicUnkArray@ATL@@@ATL@@UAGJPAPAUIEnumConnections@@@Z 1000330d f i SigCap.obj
 0001:00002413       ?GetObjectDescription@?$CComCoClass@VCOPOSSigCap@@$1?CLSID_OPOSSigCap@@3U_GUID@@B@ATL@@SGPB_WXZ 10003413 f i SigCap.obj
 0001:00002413       ?GetCategoryMap@CComObjectRootBase@ATL@@SAPBU_ATL_CATMAP_ENTRY@2@XZ 10003413 f i SigCap.obj
 0001:00002416       ?GetConnectionInterface@?$IConnectionPointImpl@VCOPOSSigCap@@$1?DIID__IOPOSSigCapEvents@@3U_GUID@@BVCComDynamicUnkArray@ATL@@@ATL@@UAGJPAU_GUID@@@Z 10003416 f i SigCap.obj
 0001:0000243a       ?GetConnectionPointContainer@?$IConnectionPointImpl@VCOPOSSigCap@@$1?DIID__IOPOSSigCapEvents@@3U_GUID@@BVCComDynamicUnkArray@ATL@@@ATL@@UAGJPAPAUIConnectionPointContainer@@@Z 1000343a f i SigCap.obj
 0001:0000245d       ?UpdateRegistry@COPOSSigCap@@SGJH@Z 1000345d f i SigCap.obj
 0001:00002475       ?ProcessWindowMessage@COPOSSigCap@@UAEHPAUHWND__@@IIJAAJK@Z 10003475 f i SigCap.obj
 0001:000024be       ?SOData@COPOSSigCap@@MAGJJ@Z 100034be f i SigCap.obj
 0001:000024f7       ?SODirectIO@COPOSSigCap@@MAGJJPAJPAPA_W@Z 100034f7 f i SigCap.obj
 0001:00002540       ?SOError@COPOSSigCap@@MAGJJJJPAJ@Z 10003540 f i SigCap.obj
 0001:00002595       ?SOStatusUpdate@COPOSSigCap@@MAGJJ@Z 10003595 f i SigCap.obj
 0001:000025ce       ?CreateInstance@?$CComCreator@V?$CComObjectCached@VCComClassFactory@ATL@@@ATL@@@ATL@@SGJPAXABU_GUID@@PAPAX@Z 100035ce f i SigCap.obj
 0001:00002661       ?CreateInstance@?$CComCreator2@V?$CComCreator@V?$CComObject@VCOPOSSigCap@@@ATL@@@ATL@@V?$CComCreator@V?$CComAggObject@VCOPOSSigCap@@@ATL@@@2@@ATL@@SGJPAXABU_GUID@@PAPAX@Z 10003661 f i SigCap.obj
 0001:00002681       ?Next@?$CComEnumImpl@UIEnumConnectionPoints@@$1?_GUID_b196b285_bab4_101a_b69c_00aa00341d07@@3U__s_GUID@@BPAUIConnectionPoint@@V?$_CopyInterface@UIConnectionPoint@@@ATL@@@ATL@@UAGJKPAPAUIConnectionPoint@@PAK@Z 10003681 f i SigCap.obj
 0001:00002758       ?Skip@?$CComEnumImpl@UIEnumConnectionPoints@@$1?_GUID_b196b285_bab4_101a_b69c_00aa00341d07@@3U__s_GUID@@BPAUIConnectionPoint@@V?$_CopyInterface@UIConnectionPoint@@@ATL@@@ATL@@UAGJK@Z 10003758 f i SigCap.obj
 0001:00002785       ?Clone@?$CComEnumImpl@UIEnumConnectionPoints@@$1?_GUID_b196b285_bab4_101a_b69c_00aa00341d07@@3U__s_GUID@@BPAUIConnectionPoint@@V?$_CopyInterface@UIConnectionPoint@@@ATL@@@ATL@@UAGJPAPAUIEnumConnectionPoints@@@Z 10003785 f i SigCap.obj
 0001:00002866       ?QueryInterface@?$CComObject@V?$CComEnum@UIEnumConnectionPoints@@$1?_GUID_b196b285_bab4_101a_b69c_00aa00341d07@@3U__s_GUID@@BPAUIConnectionPoint@@V?$_CopyInterface@UIConnectionPoint@@@ATL@@VCComSingleThreadModel@6@@ATL@@@ATL@@UAGJABU_GUID@@PAPAX@Z 10003866 f i SigCap.obj
 0001:00002880       ??_G?$CComObject@V?$CComEnum@UIEnumConnectionPoints@@$1?_GUID_b196b285_bab4_101a_b69c_00aa00341d07@@3U__s_GUID@@BPAUIConnectionPoint@@V?$_CopyInterface@UIConnectionPoint@@@ATL@@VCComSingleThreadModel@6@@ATL@@@ATL@@UAEPAXI@Z 10003880 f i SigCap.obj
 0001:00002880       ??_E?$CComObject@V?$CComEnum@UIEnumConnectionPoints@@$1?_GUID_b196b285_bab4_101a_b69c_00aa00341d07@@3U__s_GUID@@BPAUIConnectionPoint@@V?$_CopyInterface@UIConnectionPoint@@@ATL@@VCComSingleThreadModel@6@@ATL@@@ATL@@UAEPAXI@Z 10003880 f i SigCap.obj
 0001:000028a2       ?CreateInstance@CComClassFactory@ATL@@UAGJPAUIUnknown@@ABU_GUID@@PAPAX@Z 100038a2 f i SigCap.obj
 0001:000028e0       ?LockServer@CComClassFactory@ATL@@UAGJH@Z 100038e0 f i SigCap.obj
 0001:000028ff       ??_ECComClassFactory@ATL@@UAEPAXI@Z 100038ff f i SigCap.obj
 0001:000028ff       ??_GCComClassFactory@ATL@@UAEPAXI@Z 100038ff f i SigCap.obj
 0001:0000292a       ??$?4UITypeInfo2@@@?$CComPtr@UITypeInfo@@@ATL@@QAEPAUITypeInfo@@ABV?$CComPtr@UITypeInfo2@@@1@@Z 1000392a f i SigCap.obj
 0001:00002957       ??$AtlAdd@K@ATL@@YAJPAKKK@Z 10003957 f i SigCap.obj
 0001:0000297a       ??$AtlAdd@_K@ATL@@YAJPA_K_K1@Z 1000397a f i SigCap.obj
 0001:000029b2       ??$AtlAddThrow@K@ATL@@YAKKK@Z 100039b2 f i SigCap.obj
 0001:000029d8       ??$AtlModuleRegisterWndClassInfoT@VAtlModuleRegisterWndClassInfoParamW@ATL@@@ATL@@YAGPAU_ATL_BASE_MODULE70@0@PAU_ATL_WIN_MODULE70@0@PAU_ATL_WNDCLASSINFOW@0@PAP6GJPAUHWND__@@IIJ@ZVAtlModuleRegisterWndClassInfoParamW@0@@Z 100039d8 f i SigCap.obj
 0001:00002b26       ??$AtlMultiply@H@ATL@@YAJPAHHH@Z 10003b26 f i SigCap.obj
 0001:00002b5e       ??$AtlMultiply@I@ATL@@YAJPAIII@Z 10003b5e f i SigCap.obj
 0001:00002b5e       ??$AtlMultiply@K@ATL@@YAJPAKKK@Z 10003b5e f i SigCap.obj
 0001:00002b80       ??$AtlMultiplyThrow@I@ATL@@YAIII@Z 10003b80 f i SigCap.obj
 0001:00002ba6       ??0?$CComAggObject@VCOPOSSigCap@@@ATL@@QAE@PAX@Z 10003ba6 f i SigCap.obj
 0001:00002bd3       ??0?$CComContainedObject@VCOPOSSigCap@@@ATL@@QAE@PAX@Z 10003bd3 f i SigCap.obj
 0001:00002c8c       ??0?$CComObject@V?$CComEnum@UIEnumConnectionPoints@@$1?_GUID_b196b285_bab4_101a_b69c_00aa00341d07@@3U__s_GUID@@BPAUIConnectionPoint@@V?$_CopyInterface@UIConnectionPoint@@@ATL@@VCComSingleThreadModel@6@@ATL@@@ATL@@QAE@PAX@Z 10003c8c f i SigCap.obj
 0001:00002cba       ??0?$CComObject@V?$CComEnum@UIEnumConnections@@$1?_GUID_b196b287_bab4_101a_b69c_00aa00341d07@@3U__s_GUID@@BUtagCONNECTDATA@@V?$_Copy@UtagCONNECTDATA@@@ATL@@VCComSingleThreadModel@6@@ATL@@@ATL@@QAE@PAX@Z 10003cba f i SigCap.obj
 0001:00002ce8       ??0?$CComObject@VCOPOSSigCap@@@ATL@@QAE@PAX@Z 10003ce8 f i SigCap.obj
 0001:00002d9f       ??0?$CComQIPtr@UIOleControlSite@@$1?_GUID_b196b289_bab4_101a_b69c_00aa00341d07@@3U__s_GUID@@B@ATL@@QAE@PAUIUnknown@@@Z 10003d9f f i SigCap.obj
 0001:00002dc8       ??0CAtlModule@ATL@@QAE@XZ  10003dc8 f i SigCap.obj
 0001:00002e09       ??0CParseBuffer@CRegParser@ATL@@QAE@H@Z 10003e09 f i SigCap.obj
 0001:00002e3f       ??0_ATL_MSG@ATL@@QAE@PAUHWND__@@IIJH@Z 10003e3f f i SigCap.obj
 0001:00002e77       ??1?$CComAggObject@VCOPOSSigCap@@@ATL@@UAE@XZ 10003e77 f i SigCap.obj
 0001:00002e9b       ??1?$CComEnumImpl@UIEnumConnectionPoints@@$1?_GUID_b196b285_bab4_101a_b69c_00aa00341d07@@3U__s_GUID@@BPAUIConnectionPoint@@V?$_CopyInterface@UIConnectionPoint@@@ATL@@@ATL@@UAE@XZ 10003e9b f i SigCap.obj
 0001:00002edb       ??1?$CComEnumImpl@UIEnumConnections@@$1?_GUID_b196b287_bab4_101a_b69c_00aa00341d07@@3U__s_GUID@@BUtagCONNECTDATA@@V?$_Copy@UtagCONNECTDATA@@@ATL@@@ATL@@UAE@XZ 10003edb f i SigCap.obj
 0001:00002f1b       ??1?$CComObject@V?$CComEnum@UIEnumConnectionPoints@@$1?_GUID_b196b285_bab4_101a_b69c_00aa00341d07@@3U__s_GUID@@BPAUIConnectionPoint@@V?$_CopyInterface@UIConnectionPoint@@@ATL@@VCComSingleThreadModel@6@@ATL@@@ATL@@UAE@XZ 10003f1b f i SigCap.obj
 0001:00002f3e       ??1?$CComObject@V?$CComEnum@UIEnumConnections@@$1?_GUID_b196b287_bab4_101a_b69c_00aa00341d07@@3U__s_GUID@@BUtagCONNECTDATA@@V?$_Copy@UtagCONNECTDATA@@@ATL@@VCComSingleThreadModel@6@@ATL@@@ATL@@UAE@XZ 10003f3e f i SigCap.obj
 0001:00002f61       ??1?$CComObject@VCOPOSSigCap@@@ATL@@UAE@XZ 10003f61 f i SigCap.obj
 0001:0000301f       ??1?$CComObjectCached@VCComClassFactory@ATL@@@ATL@@UAE@XZ 1000401f f i SigCap.obj
 0001:00003035       ??1?$CComObjectRootEx@VCComMultiThreadModel@ATL@@@ATL@@QAE@XZ 10004035 f i SigCap.obj
 0001:0000304a       ??1CRegObject@ATL@@UAE@XZ  1000404a f i SigCap.obj
 0001:0000306a       ??4?$CComPtr@UIUnknown@@@ATL@@QAEPAUIUnknown@@PAU2@@Z 1000406a f i SigCap.obj
 0001:0000306a       ??4?$CComPtr@UIOleClientSite@@@ATL@@QAEPAUIOleClientSite@@PAU2@@Z 1000406a f i SigCap.obj
 0001:0000306a       ??4?$CComPtr@UIAdviseSink@@@ATL@@QAEPAUIAdviseSink@@PAU2@@Z 1000406a f i SigCap.obj
 0001:0000309e       ??4?$CComQIPtr@UIOleObject@@$1?_GUID_00000112_0000_0000_c000_000000000046@@3U__s_GUID@@B@ATL@@QAEPAUIOleObject@@PAUIUnknown@@@Z 1000409e f i SigCap.obj
 0001:000030c3       ??4?$CComQIPtr@UISpecifyPropertyPages@@$1?_GUID_b196b28b_bab4_101a_b69c_00aa00341d07@@3U__s_GUID@@B@ATL@@QAEPAUISpecifyPropertyPages@@PAUIUnknown@@@Z 100040c3 f i SigCap.obj
 0001:000030e8       ??_E?$CComContainedObject@VCOPOSSigCap@@@ATL@@UAEPAXI@Z 100040e8 f i SigCap.obj
 0001:000030e8       ??_G?$CComContainedObject@VCOPOSSigCap@@@ATL@@UAEPAXI@Z 100040e8 f i SigCap.obj
 0001:0000310d       ??_G?$CComObject@VCOPOSSigCap@@@ATL@@UAEPAXI@Z 1000410d f i SigCap.obj
 0001:0000310d       ??_E?$CComObject@VCOPOSSigCap@@@ATL@@UAEPAXI@Z 1000410d f i SigCap.obj
 0001:00003132       ?Add@?$CSimpleArray@GV?$CSimpleArrayEqualHelper@G@ATL@@@ATL@@QAEHABG@Z 10004132 f i SigCap.obj
 0001:000031b6       ?Add@?$CSimpleMap@PA_WPA_WVCExpansionVectorEqualHelper@ATL@@@ATL@@QAEHABQA_W0@Z 100041b6 f i SigCap.obj
 0001:0000320b       ?Add@CComDynamicUnkArray@ATL@@QAEKPAUIUnknown@@@Z 1000420b f i SigCap.obj
 0001:000032c1       ?Add@CExpansionVector@ATL@@QAEHPB_W0@Z 100042c1 f i SigCap.obj
 0001:000033c5       ?AddString@CParseBuffer@CRegParser@ATL@@QAEHPB_W@Z 100043c5 f i SigCap.obj
 0001:000033fa       ?AddValue@CRegParser@ATL@@IAEJAAVCRegKey@2@PB_WPA_W@Z 100043fa f i SigCap.obj
 0001:0000371b       ?Allocate@?$CAtlSafeAllocBufferManager@VCCRTAllocator@ATL@@@_ATL_SAFE_ALLOCA_IMPL@ATL@@QAEPAXK@Z 1000471b f i SigCap.obj
 0001:00003748       ?Allocate@?$CTempBuffer@E$0BAA@VCCRTAllocator@ATL@@@ATL@@QAEPAEI@Z 10004748 f i SigCap.obj
 0001:00003777       ?Allocate@?$CTempBuffer@_W$0BAA@VCCRTAllocator@ATL@@@ATL@@QAEPA_WI@Z 10004777 f i SigCap.obj
 0001:000037a6       ?Allocate@?$CTempBuffer@_W$0EAA@VCCRTAllocator@ATL@@@ATL@@QAEPA_WI@Z 100047a6 f i SigCap.obj
 0001:000037d5       ?AllocateHeap@?$CTempBuffer@_W$0EAA@VCCRTAllocator@ATL@@@ATL@@AAEXI@Z 100047d5 f i SigCap.obj
 0001:000037d5       ?AllocateHeap@?$CTempBuffer@_W$0BAA@VCCRTAllocator@ATL@@@ATL@@AAEXI@Z 100047d5 f i SigCap.obj
 0001:000037d5       ?AllocateHeap@?$CTempBuffer@E$0BAA@VCCRTAllocator@ATL@@@ATL@@AAEXI@Z 100047d5 f i SigCap.obj
 0001:000037fa       ?Append@CParseBuffer@CRegParser@ATL@@QAEHPB_WH@Z 100047fa f i SigCap.obj
 0001:00003888       ?AtlCallTermFunc@ATL@@YGXPAU_ATL_MODULE70@1@@Z 10004888 f i SigCap.obj
 0001:000038cc       ?AtlCoTaskMemCAlloc@ATL@@YAPAXKK@Z 100048cc f i SigCap.obj
 0001:000038f9       ?AtlCoTaskMemRecalloc@ATL@@YAPAXPAXKK@Z 100048f9 f i SigCap.obj
 0001:00003929       ?AtlComModuleGetClassObject@ATL@@YGJPAU_ATL_COM_MODULE70@1@ABU_GUID@@1PAPAX@Z 10004929 f i SigCap.obj
 0001:00003a1c       ?AtlComModuleRegisterServer@ATL@@YGJPAU_ATL_COM_MODULE70@1@HPBU_GUID@@@Z 10004a1c f i SigCap.obj
 0001:00003aa4       ?AtlComModuleUnregisterServer@ATL@@YGJPAU_ATL_COM_MODULE70@1@HPBU_GUID@@@Z 10004aa4 f i SigCap.obj
 0001:00003b2c       ?AtlComQIPtrAssign2@ATL@@YAXPAPAUIUnknown@@PAU2@ABU_GUID@@@Z 10004b2c f i SigCap.obj
 0001:00003b5b       ?AtlCreateTargetDC@ATL@@YGPAUHDC__@@PAU2@PAUtagDVTARGETDEVICE@@@Z 10004b5b f i SigCap.obj
 0001:00003bc4       ?AtlCrtErrorCheck@ATL@@YAHH@Z 10004bc4 f i SigCap.obj
 0001:00003bff       ?AtlHiMetricToPixel@ATL@@YGXPBUtagSIZE@@PAU2@@Z 10004bff f i SigCap.obj
 0001:00003c74       ?AtlHresultFromLastError@ATL@@YAJXZ 10004c74 f i SigCap.obj
 0001:00003c8b       ?AtlHresultFromWin32@ATL@@YAJK@Z 10004c8b f i SigCap.obj
 0001:00003ca0       ?AtlIPersistStreamInit_Load@ATL@@YGJPAUIStream@@PBUATL_PROPMAP_ENTRY@1@PAXPAUIUnknown@@@Z 10004ca0 f i SigCap.obj
 0001:00003e80       ?AtlIPersistStreamInit_Save@ATL@@YGJPAUIStream@@HPBUATL_PROPMAP_ENTRY@1@PAXPAUIUnknown@@@Z 10004e80 f i SigCap.obj
 0001:00004018       ?AtlInternalOleLoadFromStream@ATL@@YAJPAUIStream@@ABU_GUID@@PAPAXTClassesAllowedInStream@1@K@Z 10005018 f i SigCap.obj
 0001:0000413e       ?AtlInternalQueryInterface@ATL@@YGJPAXPBU_ATL_INTMAP_ENTRY@1@ABU_GUID@@PAPAX@Z 1000513e f i SigCap.obj
 0001:000041e1       ?AtlLoadTypeLib@ATL@@YGJPAUHINSTANCE__@@PB_WPAPA_WPAPAUITypeLib@@@Z 100051e1 f i SigCap.obj
 0001:000043bf       ?AtlModuleAddTermFunc@ATL@@YGJPAU_ATL_MODULE70@1@P6GXK@ZK@Z 100053bf f i SigCap.obj
 0001:0000441c       ?AtlRegisterClassCategoriesHelper@ATL@@YGJABU_GUID@@PBU_ATL_CATMAP_ENTRY@1@H@Z 1000541c f i SigCap.obj
 0001:000046fc       ?AtlRegisterTypeLib@ATL@@YGJPAUHINSTANCE__@@PB_W@Z 100056fc f i SigCap.obj
 0001:00004884       ?AtlThrowImpl@ATL@@YGXJ@Z  10005884 f i SigCap.obj
 0001:000048a2       ?AtlUnRegisterTypeLib@ATL@@YGJPAUHINSTANCE__@@PB_W@Z 100058a2 f i SigCap.obj
 0001:0000494d       ?AtlWinModuleAddCreateWndData@ATL@@YGXPAU_ATL_WIN_MODULE70@1@PAU_AtlCreateWndData@1@PAX@Z 1000594d f i SigCap.obj
 0001:000049a1       ?AtlWinModuleExtractCreateWndData@ATL@@YGPAXPAU_ATL_WIN_MODULE70@1@@Z 100059a1 f i SigCap.obj
 0001:00004a04       ?AtlWinModuleRegisterClassExW@ATL@@YGGPAU_ATL_WIN_MODULE70@1@PBUtagWNDCLASSEXW@@@Z 10005a04 f i SigCap.obj
 0001:00004a43       ?CanForceRemoveKey@CRegParser@ATL@@IAEHPB_W@Z 10005a43 f i SigCap.obj
 0001:00004a72       ?ChToByte@CRegParser@ATL@@KAE_W@Z 10005a72 f i SigCap.obj
 0001:00004aa5       ?Cleanup@CComTypeInfoHolder@ATL@@SGXK@Z 10005aa5 f i SigCap.obj
 0001:00004ad8       ?ClearReplacements@CExpansionVector@ATL@@QAEJXZ 10005ad8 f i SigCap.obj
 0001:00004b15       ?Close@CRegKey@ATL@@QAEJXZ 10005b15 f i SigCap.obj
 0001:00004b2f       ?CreateInstance@?$CComCreator@V?$CComAggObject@VCOPOSSigCap@@@ATL@@@ATL@@SGJPAXABU_GUID@@PAPAX@Z 10005b2f f i SigCap.obj
 0001:00004ba5       ?CreateInstance@?$CComCreator@V?$CComObject@VCOPOSSigCap@@@ATL@@@ATL@@SGJPAXABU_GUID@@PAPAX@Z 10005ba5 f i SigCap.obj
 0001:00004c26       ?CreateInstance@?$CComObject@V?$CComEnum@UIEnumConnectionPoints@@$1?_GUID_b196b285_bab4_101a_b69c_00aa00341d07@@3U__s_GUID@@BPAUIConnectionPoint@@V?$_CopyInterface@UIConnectionPoint@@@ATL@@VCComSingleThreadModel@6@@ATL@@@ATL@@SGJPAPAV12@@Z 10005c26 f i SigCap.obj
 0001:00004c6d       ?CreateInstance@?$CComObject@V?$CComEnum@UIEnumConnections@@$1?_GUID_b196b287_bab4_101a_b69c_00aa00341d07@@3U__s_GUID@@BUtagCONNECTDATA@@V?$_Copy@UtagCONNECTDATA@@@ATL@@VCComSingleThreadModel@6@@ATL@@@ATL@@SGJPAPAV12@@Z 10005c6d f i SigCap.obj
 0001:00004cb4       ?DefaultReflectionHandler@?$CWindowImplRoot@VCWindow@ATL@@@ATL@@SAHPAUHWND__@@IIJAAJ@Z 10005cb4 f i SigCap.obj
 0001:00004d27       ?DeleteSubKey@CRegKey@ATL@@QAEJPB_W@Z 10005d27 f i SigCap.obj
 0001:00004da0       ?DoEvent@COPOSSigCap@@IAEXIIJ@Z 10005da0 f i SigCap.obj
 0001:00004e20       ?DoVerbHide@?$IOleObjectImpl@VCOPOSSigCap@@@ATL@@QAEJPBUtagRECT@@PAUHWND__@@@Z 10005e20 f i SigCap.obj
 0001:00004e56       ?DoVerbInPlaceActivate@?$IOleObjectImpl@VCOPOSSigCap@@@ATL@@QAEJPBUtagRECT@@PAUHWND__@@@Z 10005e56 f i SigCap.obj
 0001:00004e89       ?DoVerbPrimary@?$IOleObjectImpl@VCOPOSSigCap@@@ATL@@QAEJPBUtagRECT@@PAUHWND__@@@Z 10005e89 f i SigCap.obj
 0001:00004f15       ?DoVerbProperties@CComControlBase@ATL@@QAEJPBUtagRECT@@PAUHWND__@@@Z 10005f15 f i SigCap.obj
 0001:0000503c       ?DoVerbShow@?$IOleObjectImpl@VCOPOSSigCap@@@ATL@@QAEJPBUtagRECT@@PAUHWND__@@@Z 1000603c f i SigCap.obj
 0001:00005061       ?DoVerbUIActivate@?$IOleObjectImpl@VCOPOSSigCap@@@ATL@@QAEJPBUtagRECT@@PAUHWND__@@@Z 10006061 f i SigCap.obj
 0001:0000509e       ?DoesVerbActivate@CComControlBase@ATL@@QAEHJ@Z 1000609e f i SigCap.obj
 0001:000050bf       ?DoesVerbUIActivate@CComControlBase@ATL@@QAEHJ@Z 100060bf f i SigCap.obj
 0001:000050f4       ?EndOfVar@CRegParser@ATL@@IAEHXZ 100060f4 f i SigCap.obj
 0001:00005114       ?EscapeSingleQuote@CAtlModule@ATL@@SAXPA_WIPB_W@Z 10006114 f i SigCap.obj
 0001:00005163       ?FindKey@?$CSimpleMap@PA_WPA_WVCExpansionVectorEqualHelper@ATL@@@ATL@@QBEHABQA_W@Z 10006163 f i SigCap.obj
 0001:0000519a       ?FireTheEvent@?$CProxy_IOPOSEvents@VCOPOSSigCap@@@@IAEXPAVOposVariant@@IAAJPB_WJ@Z 1000619a f i SigCap.obj
 0001:0000522c       ?FireViewChange@CComControlBase@ATL@@QAEJXZ 1000622c f i SigCap.obj
 0001:00005275       ?Fire_DataEvent@?$CProxy_IOPOSEvents@VCOPOSSigCap@@@@QAEXJ@Z 10006275 f i SigCap.obj
 0001:00005301       ?Fire_DirectIOEvent@?$CProxy_IOPOSEvents@VCOPOSSigCap@@@@QAEXJPAJPAPA_W@Z 10006301 f i SigCap.obj
 0001:000053e7       ?Fire_ErrorEvent@?$CProxy_IOPOSEvents@VCOPOSSigCap@@@@QAEXJJJPAJ@Z 100063e7 f i SigCap.obj
 0001:000054ce       ?Fire_StatusUpdateEvent@?$CProxy_IOPOSEvents@VCOPOSSigCap@@@@QAEXJ@Z 100064ce f i SigCap.obj
 0001:0000555a       ?FreeHeap@?$CTempBuffer@E$0BAA@VCCRTAllocator@ATL@@@ATL@@AAEXXZ 1000655a f i SigCap.obj
 0001:0000555a       ?FreeHeap@?$CTempBuffer@_W$0BAA@VCCRTAllocator@ATL@@@ATL@@AAEXXZ 1000655a f i SigCap.obj
 0001:0000555a       ?FreeHeap@?$CTempBuffer@_W$0EAA@VCCRTAllocator@ATL@@@ATL@@AAEXXZ 1000655a f i SigCap.obj
 0001:00005563       ?GetAmbientLocaleID@CComControlBase@ATL@@QAEJAAK@Z 10006563 f i SigCap.obj
 0001:000055bf       ?GetAmbientUserMode@CComControlBase@ATL@@QAEJAAH@Z 100065bf f i SigCap.obj
 0001:0000562f       ?GetAt@CComDynamicUnkArray@ATL@@QAEPAUIUnknown@@H@Z 1000662f f i SigCap.obj
 0001:0000564b       ?GetClassObject@CComModule@ATL@@QAEJABU_GUID@@0PAPAX@Z 1000664b f i SigCap.obj
 0001:000056ed       ?GetConnMap@COPOSSigCap@@SAPBU_ATL_CONNMAP_ENTRY@ATL@@PAH@Z 100066ed f i SigCap.obj
 0001:0000575d       ?GetCookie@CComDynamicUnkArray@ATL@@QAGKPAPAUIUnknown@@@Z 1000675d f i SigCap.obj
 0001:00005795       ?GetIDsOfNames@CComTypeInfoHolder@ATL@@QAEJABU_GUID@@PAPA_WIKPAJ@Z 10006795 f i SigCap.obj
 0001:000058a3       ?GetKeyAt@?$CSimpleMap@PA_WPA_WVCExpansionVectorEqualHelper@ATL@@@ATL@@QBEAAPA_WH@Z 100068a3 f i SigCap.obj
 0001:000058c8       ?GetPagesHelper@?$ISpecifyPropertyPagesImpl@VCOPOSSigCap@@@ATL@@IAEJPAUtagCAUUID@@PBUATL_PROPMAP_ENTRY@2@@Z 100068c8 f i SigCap.obj
 0001:000059ef       ?GetProperty@?$CComPtr@UIDispatch@@@ATL@@SAJPAUIDispatch@@JPAUtagVARIANT@@@Z 100069ef f i SigCap.obj
 0001:00005a3e       ?GetSizeMax@CComVariant@ATL@@QBEJPAT_ULARGE_INTEGER@@@Z 10006a3e f i SigCap.obj
 0001:00005bf8       ?GetStreamSize@CComBSTR@ATL@@SAKPA_W@Z 10006bf8 f i SigCap.obj
 0001:00005c12       ?GetTI@CComTypeInfoHolder@ATL@@QAEJK@Z 10006c12 f i SigCap.obj
 0001:00005dfb       ?GetTI@CComTypeInfoHolder@ATL@@QAEJKPAPAUITypeInfo@@@Z 10006dfb f i SigCap.obj
 0001:00005e3d       ?GetUnknown@CComDynamicUnkArray@ATL@@QAGPAUIUnknown@@K@Z 10006e3d f i SigCap.obj
 0001:00005e5e       ?GetValueAt@?$CSimpleMap@PA_WPA_WVCExpansionVectorEqualHelper@ATL@@@ATL@@QBEAAPA_WH@Z 10006e5e f i SigCap.obj
 0001:00005e84       ?GetZoomInfo@CComControlBase@ATL@@QAEXAAUATL_DRAWINFO@@@Z 10006e84 f i SigCap.obj
 0001:00005f17       ?HKeyFromString@CRegParser@ATL@@KAPAUHKEY__@@PA_W@Z 10006f17 f i SigCap.obj
 0001:00005f45       ?HasSubKeys@CRegParser@ATL@@IAEHPAUHKEY__@@@Z 10006f45 f i SigCap.obj
 0001:00005f7a       ?IDataObject_GetData@CComControlBase@ATL@@QAEJPAUtagFORMATETC@@PAUtagSTGMEDIUM@@@Z 10006f7a f i SigCap.obj
 0001:00006120       ?IOleInPlaceObject_InPlaceDeactivate@CComControlBase@ATL@@QAEJXZ 10007120 f i SigCap.obj
 0001:000061a7       ?IOleInPlaceObject_SetObjectRects@CComControlBase@ATL@@QAEJPBUtagRECT@@0@Z 100071a7 f i SigCap.obj
 0001:00006274       ?IOleInPlaceObject_UIDeactivate@CComControlBase@ATL@@QAEJXZ 10007274 f i SigCap.obj
 0001:00006336       ?IOleObject_Advise@CComControlBase@ATL@@QAEJPAUIAdviseSink@@PAK@Z 10007336 f i SigCap.obj
 0001:00006360       ?IOleObject_Close@CComControlBase@ATL@@QAEJK@Z 10007360 f i SigCap.obj
 0001:00006444       ?IOleObject_GetClientSite@CComControlBase@ATL@@QAEJPAPAUIOleClientSite@@@Z 10007444 f i SigCap.obj
 0001:0000646d       ?IOleObject_SetClientSite@CComControlBase@ATL@@QAEJPAUIOleClientSite@@@Z 1000746d f i SigCap.obj
 0001:000064ac       ?IOleObject_SetExtent@CComControlBase@ATL@@QAEJKPAUtagSIZE@@@Z 100074ac f i SigCap.obj
 0001:00006560       ?IPSI_GetIPersistStreamInit@?$IPersistStorageImpl@VCOPOSSigCap@@@ATL@@AAEPAUIPersistStreamInit@@XZ 10007560 f i SigCap.obj
 0001:000065a2       ?IPersistStreamInit_Load@?$IPersistStreamInitImpl@VCOPOSSigCap@@@ATL@@QAEJPAUIStream@@PBUATL_PROPMAP_ENTRY@2@@Z 100075a2 f i SigCap.obj
 0001:000065ce       ?IPersistStreamInit_Save@?$IPersistStreamInitImpl@VCOPOSSigCap@@@ATL@@QAEJPAUIStream@@HPBUATL_PROPMAP_ENTRY@2@@Z 100075ce f i SigCap.obj
 0001:00006603       ?IQuickActivate_QuickActivate@CComControlBase@ATL@@QAEJPAUtagQACONTAINER@@PAUtagQACONTROL@@@Z 10007603 f i SigCap.obj
 0001:00006845       ?IViewObject_Draw@CComControlBase@ATL@@QAEJKJPAXPAUtagDVTARGETDEVICE@@PAUHDC__@@2PBU_RECTL@@3@Z 10007845 f i SigCap.obj
 0001:000068ed       ?InPlaceActivate@CComControlBase@ATL@@QAEJJPBUtagRECT@@@Z 100078ed f i SigCap.obj
 0001:00006b5e       ?Init@?$CComEnumImpl@UIEnumConnectionPoints@@$1?_GUID_b196b285_bab4_101a_b69c_00aa00341d07@@3U__s_GUID@@BPAUIConnectionPoint@@V?$_CopyInterface@UIConnectionPoint@@@ATL@@@ATL@@QAEJPAPAUIConnectionPoint@@0PAUIUnknown@@W4CComEnumFlags@2@@Z 10007b5e f i SigCap.obj
 0001:00006c3d       ?Init@?$CComEnumImpl@UIEnumConnections@@$1?_GUID_b196b287_bab4_101a_b69c_00aa00341d07@@3U__s_GUID@@BUtagCONNECTDATA@@V?$_Copy@UtagCONNECTDATA@@@ATL@@@ATL@@QAEJPAUtagCONNECTDATA@@0PAUIUnknown@@W4CComEnumFlags@2@@Z 10007c3d f i SigCap.obj
 0001:00006d1c       ?Init@CComModule@ATL@@QAEJPAU_ATL_OBJMAP_ENTRY30@2@PAUHINSTANCE__@@PBU_GUID@@@Z 10007d1c f i SigCap.obj
 0001:00006d7b       ?Init@CDynamicStdCallThunk2@ATL@@QAEHKPAX@Z 10007d7b f i SigCap.obj
 0001:00006da6       ?InlineIsEqualUnknown@ATL@@YGHABU_GUID@@@Z 10007da6 f i SigCap.obj
 0001:00006dce       ?InternalGetSite@CComControlBase@ATL@@QAEJABU_GUID@@PAPAX@Z 10007dce f i SigCap.obj
 0001:00006dfc       ?InternalSetAtIndex@?$CSimpleMap@PA_WPA_WVCExpansionVectorEqualHelper@ATL@@@ATL@@QAEXHABQA_W0@Z 10007dfc f i SigCap.obj
 0001:00006e26       ?Invoke@CComTypeInfoHolder@ATL@@QAEJPAUIDispatch@@JABU_GUID@@KGPAUtagDISPPARAMS@@PAUtagVARIANT@@PAUtagEXCEPINFO@@PAI@Z 10007e26 f i SigCap.obj
 0001:00006e69       ?IsEqualObject@?$CComPtrBase@UITypeInfo@@@ATL@@QAE_NPAUIUnknown@@@Z 10007e69 f i SigCap.obj
 0001:00006e69       ?IsEqualObject@?$CComPtrBase@UIOleClientSite@@@ATL@@QAE_NPAUIUnknown@@@Z 10007e69 f i SigCap.obj
 0001:00006ed6       ?IsSpace@CRegParser@ATL@@IAEH_W@Z 10007ed6 f i SigCap.obj
 0001:00006f00       ?LoadNameCache@CComTypeInfoHolder@ATL@@QAEJPAUITypeInfo@@@Z 10007f00 f i SigCap.obj
 0001:0000704e       ?Lookup@?$CSimpleMap@PA_WPA_WVCExpansionVectorEqualHelper@ATL@@@ATL@@QBEPA_WABQA_W@Z 1000804e f i SigCap.obj
 0001:00007074       ?NextToken@CRegParser@ATL@@IAEJPA_W@Z 10008074 f i SigCap.obj
 0001:000071ac       ?OnKillFocus@CComControlBase@ATL@@QAEJIIJAAH@Z 100081ac f i SigCap.obj
 0001:00007207       ?OnMouseActivate@CComControlBase@ATL@@QAEJIIJAAH@Z 10008207 f i SigCap.obj
 0001:00007275       ?OnPaint@CComControlBase@ATL@@QAEJIIJAAH@Z 10008275 f i SigCap.obj
 0001:00007327       ?OnSetFocus@CComControlBase@ATL@@QAEJIIJAAH@Z 10008327 f i SigCap.obj
 0001:000073b0       ?Open@CRegKey@ATL@@QAEJPAUHKEY__@@PB_WK@Z 100083b0 f i SigCap.obj
 0001:00007405       ?PreProcessBuffer@CRegParser@ATL@@QAEJPA_WPAPA_W@Z 10008405 f i SigCap.obj
 0001:0000766f       ?ProcessWindowMessage@?$CComControl@VCOPOSSigCap@@V?$CWindowImpl@VCOPOSSigCap@@VCWindow@ATL@@V?$CWinTraits@$0FGAAAAAA@$0A@@3@@ATL@@@ATL@@UAEHPAUHWND__@@IIJAAJK@Z 1000866f f i SigCap.obj
 0001:0000770e       ?PutProperty@?$CComPtr@UIDispatch@@@ATL@@SAJPAUIDispatch@@JPAUtagVARIANT@@@Z 1000870e f i SigCap.obj
 0001:000077a0       ?ReadFromStream@CComBSTR@ATL@@QAEJPAUIStream@@@Z 100087a0 f i SigCap.obj
 0001:000078ce       ?ReadFromStream@CComVariant@ATL@@QAEJPAUIStream@@GTClassesAllowedInStream@2@K@Z 100088ce f i SigCap.obj
 0001:00007a54       ?RecurseDeleteKey@CRegKey@ATL@@QAEJPB_W@Z 10008a54 f i SigCap.obj
 0001:00007b16       ?RegCreateKeyExW@CAtlTransactionManager@ATL@@QAEJPAUHKEY__@@PB_WKPA_WKKQAU_SECURITY_ATTRIBUTES@@PAPAU3@PAK@Z 10008b16 f i SigCap.obj
 0001:00007b79       ?RegDeleteKeyW@CAtlTransactionManager@ATL@@QAEJPAUHKEY__@@PB_W@Z 10008b79 f i SigCap.obj
 0001:00007bcb       ?RegOpenKeyExW@CAtlTransactionManager@ATL@@QAEJPAUHKEY__@@PB_WKKPAPAU3@@Z 10008bcb f i SigCap.obj
 0001:00007c22       ?Register@_ATL_WNDCLASSINFOW@ATL@@QAEGPAP6GJPAUHWND__@@IIJ@Z@Z 10008c22 f i SigCap.obj
 0001:00007c42       ?RegisterBuffer@CRegParser@ATL@@QAEJPA_WH@Z 10008c42 f i SigCap.obj
 0001:00007d7b       ?RegisterFromResource@CRegObject@ATL@@IAEJPB_W00H@Z 10008d7b f i SigCap.obj
 0001:00007eb1       ?RegisterServer@?$CAtlModuleT@VCComModule@ATL@@@ATL@@QAEJHPBU_GUID@@@Z 10008eb1 f i SigCap.obj
 0001:00007edf       ?RegisterServer@CComModule@ATL@@QAEJHPBU_GUID@@@Z 10008edf f i SigCap.obj
 0001:00007f55       ?RegisterSubkeys@CRegParser@ATL@@IAEJPA_WPAUHKEY__@@HH@Z 10008f55 f i SigCap.obj
 0001:00008527       ?Remove@CComDynamicUnkArray@ATL@@QAEHK@Z 10009527 f i SigCap.obj
 0001:00008550       ?RemoveAll@?$CSimpleMap@PA_WPA_WVCExpansionVectorEqualHelper@ATL@@@ATL@@QAEXXZ 10009550 f i SigCap.obj
 0001:0000857c       ?ResourceRegisterSz@CRegObject@ATL@@QAGJPB_W00@Z 1000957c f i SigCap.obj
 0001:000085a9       ?ResourceUnregisterSz@CRegObject@ATL@@QAGJPB_W00@Z 100095a9 f i SigCap.obj
 0001:000085d6       ?SendOnDataChange@CComControlBase@ATL@@QAEJK@Z 100095d6 f i SigCap.obj
 0001:00008623       ?SetControlFocus@CComControlBase@ATL@@QAEHH@Z 10009623 f i SigCap.obj
 0001:000086c0       ?SetMultiStringValue@CRegKey@ATL@@QAEJPB_W0@Z 100096c0 f i SigCap.obj
 0001:0000871c       ?SetStringValue@CRegKey@ATL@@QAEJPB_W0K@Z 1000971c f i SigCap.obj
 0001:00008765       ?SkipAssignment@CRegParser@ATL@@IAEJPA_W@Z 10009765 f i SigCap.obj
 0001:000087ca       ?SkipWhiteSpace@CRegParser@ATL@@IAEXXZ 100097ca f i SigCap.obj
 0001:000087ec       ?StrChrW@CRegParser@ATL@@KAPA_WPA_W_W@Z 100097ec f i SigCap.obj
 0001:00008829       ?Term@CAtlModule@ATL@@QAEXXZ 10009829 f i SigCap.obj
 0001:00008862       ?Term@CComModule@ATL@@QAEXXZ 10009862 f i SigCap.obj
 0001:000088ba       ?UnregisterServer@?$CAtlModuleT@VCComModule@ATL@@@ATL@@QAEJHPBU_GUID@@@Z 100098ba f i SigCap.obj
 0001:000088e0       ?UnregisterServer@CComModule@ATL@@QAEJHPBU_GUID@@@Z 100098e0 f i SigCap.obj
 0001:00008956       ?UpdateRegistryFromResource@CAtlModule@ATL@@QAGJIHPAU_ATL_REGMAP_ENTRY@2@@Z 10009956 f i SigCap.obj
 0001:00008b21       ?UpdateRegistryFromResource@CAtlModule@ATL@@QAGJPB_WHPAU_ATL_REGMAP_ENTRY@2@@Z 10009b21 f i SigCap.obj
 0001:00008cf2       ?VTFromRegType@CRegParser@ATL@@KAHPB_WAAG@Z 10009cf2 f i SigCap.obj
 0001:00008d5f       ?WindowProc@?$CWindowImplBaseT@VCWindow@ATL@@V?$CWinTraits@$0FGAAAAAA@$0A@@2@@ATL@@SGJPAUHWND__@@IIJ@Z 10009d5f f i SigCap.obj
 0001:00008e51       ?WriteToStream@CComBSTR@ATL@@QAEJPAUIStream@@@Z 10009e51 f i SigCap.obj
 0001:00008ea8       ?WriteToStream@CComVariant@ATL@@QAEJPAUIStream@@@Z 10009ea8 f i SigCap.obj
 0001:00009022       ?WriteToStream@CComVariant@ATL@@QAEJPAUIStream@@G@Z 1000a022 f i SigCap.obj
 0001:0000908b       ?_AtlInitialConstruct@?$CComObjectRootEx@VCComMultiThreadModel@ATL@@@ATL@@QAEJXZ 1000a08b f i SigCap.obj
 0001:000090a0       ?_AtlVerifyStackAvailable@_ATL_SAFE_ALLOCA_IMPL@ATL@@YA_NK@Z 1000a0a0 f i SigCap.obj
 0001:0000911e       ?atlCreate@?$CWindowImpl@VCOPOSSigCap@@VCWindow@ATL@@V?$CWinTraits@$0FGAAAAAA@$0A@@3@@ATL@@QAEPAUHWND__@@PAU3@V_U_RECT@2@PB_WKKV_U_MENUorID@2@PAX@Z 1000a11e f i SigCap.obj
 0001:00009162       ?atlCreate@?$CWindowImplBaseT@VCWindow@ATL@@V?$CWinTraits@$0FGAAAAAA@$0A@@2@@ATL@@QAEPAUHWND__@@PAU3@V_U_RECT@2@PB_WKKV_U_MENUorID@2@GPAX@Z 1000a162 f i SigCap.obj
 0001:000091fe       ?atlCreate@CRegKey@ATL@@QAEJPAUHKEY__@@PB_WPA_WKKPAU_SECURITY_ATTRIBUTES@@PAK@Z 1000a1fe f i SigCap.obj
 0001:0000926d       ?copy@?$_Copy@UtagCONNECTDATA@@@ATL@@SAJPAUtagCONNECTDATA@@PBU3@@Z 1000a26d f i SigCap.obj
 0001:000092a3       ?copy@?$_CopyInterface@UIConnectionPoint@@@ATL@@SAJPAPAUIConnectionPoint@@PBQAU3@@Z 1000a2a3 f i SigCap.obj
 0001:000092d1       ?memcpy_s@Checked@ATL@@YAXPAXIPBXI@Z 1000a2d1 f i SigCap.obj
 0001:000092f0       ?ocscpy_s@@YA_NPA_WIPB_W@Z 1000a2f0 f i SigCap.obj
 0001:0000931f       ?ocslen@@YAHPB_W@Z         1000a31f f i SigCap.obj
 0001:0000933f       ?wcscpy_s@Checked@ATL@@YAXPA_WIPB_W@Z 1000a33f f i SigCap.obj
 0001:0000935b       _DllCanUnloadNow@0         1000a35b f   SigCap.obj
 0001:00009367       _DllGetClassObject@12      1000a367 f   SigCap.obj
 0001:00009375       _DllMain@12                1000a375 f   SigCap.obj
 0001:000093b7       _DllRegisterServer@0       1000a3b7 f   SigCap.obj
 0001:000093c6       _DllUnregisterServer@0     1000a3c6 f   SigCap.obj
 0001:000093d5       _InlineIsEqualGUID         1000a3d5 f i SigCap.obj
 0001:00009405       ___local_stdio_printf_options 1000a405 f i SigCap.obj
 0001:0000940b       __vswprintf_s_l            1000a40b f i SigCap.obj
 0001:000094b8       _swprintf_s                1000a4b8 f i SigCap.obj
 0001:000094d4       ??0?$CComControl@VCOPOSSigCap@@V?$CWindowImpl@VCOPOSSigCap@@VCWindow@ATL@@V?$CWinTraits@$0FGAAAAAA@$0A@@3@@ATL@@@ATL@@QAE@XZ 1000a4d4 f i SigCapImpl.obj
 0001:000094fb       ??0?$CProxy_IOPOSEvents@VCOPOSSigCap@@@@QAE@XZ 1000a4fb f i SigCapImpl.obj
 0001:0000951b       ??0CComControlBase@ATL@@QAE@AAPAUHWND__@@@Z 1000a51b f i SigCapImpl.obj
 0001:00009565       ??0COPOSSigCap@@QAE@XZ     1000a565 f   SigCapImpl.obj
 0001:0000959b       ??1?$CComControl@VCOPOSSigCap@@V?$CWindowImpl@VCOPOSSigCap@@VCWindow@ATL@@V?$CWinTraits@$0FGAAAAAA@$0A@@3@@ATL@@@ATL@@UAE@XZ 1000a59b f i SigCapImpl.obj
 0001:000095b4       ??1?$IConnectionPointImpl@VCOPOSSigCap@@$1?DIID__IOPOSSigCapEvents@@3U_GUID@@BVCComDynamicUnkArray@ATL@@@ATL@@QAE@XZ 1000a5b4 f i SigCapImpl.obj
 0001:000095b4       ??1?$IConnectionPointImpl@VCOPOSSigCap@@$1?IID_IPropertyNotifySink@@3U_GUID@@BVCComDynamicUnkArray@ATL@@@ATL@@QAE@XZ 1000a5b4 f i SigCapImpl.obj
 0001:000095f1       ??1CComControlBase@ATL@@UAE@XZ 1000a5f1 f i SigCapImpl.obj
 0001:00009654       ??1COPOSSigCap@@UAE@XZ     1000a654 f   SigCapImpl.obj
 0001:0000969c       ??1OposVariantResult@@QAE@XZ 1000a69c f i SigCapImpl.obj
 0001:000096bd       ??1_CW@@QAE@XZ             1000a6bd f i SigCapImpl.obj
 0001:000096d6       ?BeginCapture@COPOSSigCap@@UAGJPA_WPAJ@Z 1000a6d6 f   SigCapImpl.obj
 0001:0000972d       ?CheckHealth@COPOSSigCap@@UAGJJPAJ@Z 1000a72d f   SigCapImpl.obj
 0001:0000977c       ?ClaimDevice@COPOSSigCap@@UAGJJPAJ@Z 1000a77c f   SigCapImpl.obj
 0001:000097f1       ?ClearInput@COPOSSigCap@@UAGJPAJ@Z 1000a7f1 f   SigCapImpl.obj
 0001:0000980c       ?ClearInputProperties@COPOSSigCap@@UAGJPAJ@Z 1000a80c f   SigCapImpl.obj
 0001:00009827       ?Close@COPOSSigCap@@UAGJPAJ@Z 1000a827 f   SigCapImpl.obj
 0001:00009895       ?CompareFirmwareVersion@COPOSSigCap@@UAGJPA_WPAJ1@Z 1000a895 f   SigCapImpl.obj
 0001:00009915       ?DirectIO@COPOSSigCap@@UAGJJPAJPAPA_W0@Z 1000a915 f   SigCapImpl.obj
 0001:000099c3       ?DoInvoke@COPOSSigCap@@IAEJJPAVOposVariant@@IHPAJ_N@Z 1000a9c3 f   SigCapImpl.obj
 0001:00009a85       ?EndCapture@COPOSSigCap@@UAGJPAJ@Z 1000aa85 f   SigCapImpl.obj
 0001:00009aa0       ?EventClose@COPOSSigCap@@IAEXXZ 1000aaa0 f i SigCapImpl.obj
 0001:00009ad3       ?EventInit@COPOSSigCap@@IAEJXZ 1000aad3 f i SigCapImpl.obj
 0001:00009b9f       ?EventUninit@COPOSSigCap@@IAEXXZ 1000ab9f f i SigCapImpl.obj
 0001:00009bf1       ?EventWindowProc@COPOSSigCap@@IAGJIIJ@Z 1000abf1 f i SigCapImpl.obj
 0001:00009cc5       ?FinalConstruct@COPOSSigCap@@QAEJXZ 1000acc5 f   SigCapImpl.obj
 0001:00009cfe       ?FireEventCleanup@COPOSSigCap@@IAEXXZ 1000acfe f i SigCapImpl.obj
 0001:00009d14       ?FireEventSetup@COPOSSigCap@@IAE_NXZ 1000ad14 f i SigCapImpl.obj
 0001:00009d48       ?FreezeEvents@COPOSSigCap@@MAGJH@Z 1000ad48 f   SigCapImpl.obj
 0001:00009da8       ?GetOposProp@COPOSSigCap@@IAEJJPAFJ@Z 1000ada8 f   SigCapImpl.obj
 0001:00009dcb       ?GetOposProp@COPOSSigCap@@IAEJJPAJJ@Z 1000adcb f   SigCapImpl.obj
 0001:00009e89       ?GetOposProp@COPOSSigCap@@IAEJJPAPA_WJ@Z 1000ae89 f   SigCapImpl.obj
 0001:00009f54       ?OnDraw@COPOSSigCap@@MAEJAAUATL_DRAWINFO@@@Z 1000af54 f   SigCapImpl.obj
 0001:00009ff4       ?Open@COPOSSigCap@@UAGJPA_WPAJ@Z 1000aff4 f   SigCapImpl.obj
 0001:0000a78e       ?ReleaseDevice@COPOSSigCap@@UAGJPAJ@Z 1000b78e f   SigCapImpl.obj
 0001:0000a7dd       ?ResetStatistics@COPOSSigCap@@UAGJPA_WPAJ@Z 1000b7dd f   SigCapImpl.obj
 0001:0000a834       ?RetrieveStatistics@COPOSSigCap@@UAGJPAPA_WPAJ@Z 1000b834 f   SigCapImpl.obj
 0001:0000a88b       ?SOProcessID@COPOSSigCap@@UAGJPAJ@Z 1000b88b f   SigCapImpl.obj
 0001:0000a89f       ?SetCOFreezeEvents@COPOSSigCap@@IAEXF@Z 1000b89f f   SigCapImpl.obj
 0001:0000a92a       ?SetOposProp@COPOSSigCap@@IAEJJJJ@Z 1000b92a f   SigCapImpl.obj
 0001:0000aa08       ?UpdateFirmware@COPOSSigCap@@UAGJPA_WPAJ@Z 1000ba08 f   SigCapImpl.obj
 0001:0000aa5f       ?UpdateStatistics@COPOSSigCap@@UAGJPA_WPAJ@Z 1000ba5f f   SigCapImpl.obj
 0001:0000aab6       ?get_AutoDisable@COPOSSigCap@@UAGJPAF@Z 1000bab6 f   SigCapImpl.obj
 0001:0000aacc       ?get_BinaryConversion@COPOSSigCap@@UAGJPAJ@Z 1000bacc f   SigCapImpl.obj
 0001:0000aae2       ?get_CapCompareFirmwareVersion@COPOSSigCap@@UAGJPAF@Z 1000bae2 f   SigCapImpl.obj
 0001:0000aafb       ?get_CapDisplay@COPOSSigCap@@UAGJPAF@Z 1000bafb f   SigCapImpl.obj
 0001:0000ab14       ?get_CapPowerReporting@COPOSSigCap@@UAGJPAJ@Z 1000bb14 f   SigCapImpl.obj
 0001:0000ab2d       ?get_CapRealTimeData@COPOSSigCap@@UAGJPAF@Z 1000bb2d f   SigCapImpl.obj
 0001:0000ab46       ?get_CapStatisticsReporting@COPOSSigCap@@UAGJPAF@Z 1000bb46 f   SigCapImpl.obj
 0001:0000ab5f       ?get_CapUpdateFirmware@COPOSSigCap@@UAGJPAF@Z 1000bb5f f   SigCapImpl.obj
 0001:0000ab78       ?get_CapUpdateStatistics@COPOSSigCap@@UAGJPAF@Z 1000bb78 f   SigCapImpl.obj
 0001:0000ab91       ?get_CapUserTerminated@COPOSSigCap@@UAGJPAF@Z 1000bb91 f   SigCapImpl.obj
 0001:0000abaa       ?get_CheckHealthText@COPOSSigCap@@UAGJPAPA_W@Z 1000bbaa f   SigCapImpl.obj
 0001:0000abc3       ?get_Claimed@COPOSSigCap@@UAGJPAF@Z 1000bbc3 f   SigCapImpl.obj
 0001:0000abd9       ?get_ControlObjectDescription@COPOSSigCap@@UAGJPAPA_W@Z 1000bbd9 f   SigCapImpl.obj
 0001:0000ac16       ?get_ControlObjectVersion@COPOSSigCap@@UAGJPAJ@Z 1000bc16 f   SigCapImpl.obj
 0001:0000ac29       ?get_DataCount@COPOSSigCap@@UAGJPAJ@Z 1000bc29 f   SigCapImpl.obj
 0001:0000ac3f       ?get_DataEventEnabled@COPOSSigCap@@UAGJPAF@Z 1000bc3f f   SigCapImpl.obj
 0001:0000ac55       ?get_DeviceDescription@COPOSSigCap@@UAGJPAPA_W@Z 1000bc55 f   SigCapImpl.obj
 0001:0000ac6e       ?get_DeviceEnabled@COPOSSigCap@@UAGJPAF@Z 1000bc6e f   SigCapImpl.obj
 0001:0000ac84       ?get_DeviceName@COPOSSigCap@@UAGJPAPA_W@Z 1000bc84 f   SigCapImpl.obj
 0001:0000ac9d       ?get_FreezeEvents@COPOSSigCap@@UAGJPAF@Z 1000bc9d f   SigCapImpl.obj
 0001:0000acb3       ?get_MaximumX@COPOSSigCap@@UAGJPAJ@Z 1000bcb3 f   SigCapImpl.obj
 0001:0000accc       ?get_MaximumY@COPOSSigCap@@UAGJPAJ@Z 1000bccc f   SigCapImpl.obj
 0001:0000ace5       ?get_OpenResult@COPOSSigCap@@UAGJPAJ@Z 1000bce5 f   SigCapImpl.obj
 0001:0000acfc       ?get_PointArray@COPOSSigCap@@UAGJPAPA_W@Z 1000bcfc f   SigCapImpl.obj
 0001:0000ad15       ?get_PowerNotify@COPOSSigCap@@UAGJPAJ@Z 1000bd15 f   SigCapImpl.obj
 0001:0000ad2b       ?get_PowerState@COPOSSigCap@@UAGJPAJ@Z 1000bd2b f   SigCapImpl.obj
 0001:0000ad41       ?get_RawData@COPOSSigCap@@UAGJPAPA_W@Z 1000bd41 f   SigCapImpl.obj
 0001:0000ad5a       ?get_RealTimeDataEnabled@COPOSSigCap@@UAGJPAF@Z 1000bd5a f   SigCapImpl.obj
 0001:0000ad73       ?get_ResultCode@COPOSSigCap@@UAGJPAJ@Z 1000bd73 f   SigCapImpl.obj
 0001:0000adb1       ?get_ResultCodeExtended@COPOSSigCap@@UAGJPAJ@Z 1000bdb1 f   SigCapImpl.obj
 0001:0000adc7       ?get_ServiceObjectDescription@COPOSSigCap@@UAGJPAPA_W@Z 1000bdc7 f   SigCapImpl.obj
 0001:0000ade0       ?get_ServiceObjectVersion@COPOSSigCap@@UAGJPAJ@Z 1000bde0 f   SigCapImpl.obj
 0001:0000adf6       ?get_State@COPOSSigCap@@UAGJPAJ@Z 1000bdf6 f   SigCapImpl.obj
 0001:0000ae22       ?get_TotalPoints@COPOSSigCap@@UAGJPAJ@Z 1000be22 f   SigCapImpl.obj
 0001:0000ae3b       ?put_AutoDisable@COPOSSigCap@@UAGJF@Z 1000be3b f   SigCapImpl.obj
 0001:0000ae58       ?put_BinaryConversion@COPOSSigCap@@UAGJJ@Z 1000be58 f   SigCapImpl.obj
 0001:0000ae6e       ?put_DataEventEnabled@COPOSSigCap@@UAGJF@Z 1000be6e f   SigCapImpl.obj
 0001:0000ae8b       ?put_DeviceEnabled@COPOSSigCap@@UAGJF@Z 1000be8b f   SigCapImpl.obj
 0001:0000aea8       ?put_FreezeEvents@COPOSSigCap@@UAGJF@Z 1000bea8 f   SigCapImpl.obj
 0001:0000aef4       ?put_PowerNotify@COPOSSigCap@@UAGJJ@Z 1000bef4 f   SigCapImpl.obj
 0001:0000af0a       ?put_RealTimeDataEnabled@COPOSSigCap@@UAGJF@Z 1000bf0a f   SigCapImpl.obj
 0001:0000af2a       ?s_EventWindowProc@COPOSSigCap@@KGJPAUHWND__@@IIJ@Z 1000bf2a f i SigCapImpl.obj
 0001:0000af7c       ??_U@YAPAXI@Z              1000bf7c f   LIBCMT:new_array.obj
 0001:0000af85       ??3@YAXPAXI@Z              1000bf85 f   LIBCMT:delete_scalar_size.obj
 0001:0000af93       ??_V@YAXPAX@Z              1000bf93 f   LIBCMT:delete_array.obj
 0001:0000af98       ??_V@YAXPAXI@Z             1000bf98 f   LIBCMT:delete_array_size.obj
 0001:0000afea       ___scrt_acquire_startup_lock 1000bfea f   LIBCMT:utility.obj
 0001:0000b01c       ___scrt_dllmain_after_initialize_c 1000c01c f   LIBCMT:utility.obj
 0001:0000b047       ___scrt_dllmain_before_initialize_c 1000c047 f   LIBCMT:utility.obj
 0001:0000b055       ___scrt_dllmain_crt_thread_attach 1000c055 f   LIBCMT:utility.obj
 0001:0000b074       ___scrt_dllmain_crt_thread_detach 1000c074 f   LIBCMT:utility.obj
 0001:0000b081       ___scrt_dllmain_exception_filter 1000c081 f   LIBCMT:utility.obj
 0001:0000b0b5       ___scrt_dllmain_uninitialize_c 1000c0b5 f   LIBCMT:utility.obj
 0001:0000b0d8       ___scrt_dllmain_uninitialize_critical 1000c0d8 f   LIBCMT:utility.obj
 0001:0000b0e5       ___scrt_initialize_crt     1000c0e5 f   LIBCMT:utility.obj
 0001:0000b11e       ___scrt_initialize_onexit_tables 1000c11e f   LIBCMT:utility.obj
 0001:0000b1a5       ___scrt_is_nonwritable_in_current_image 1000c1a5 f   LIBCMT:utility.obj
 0001:0000b239       ___scrt_release_startup_lock 1000c239 f   LIBCMT:utility.obj
 0001:0000b256       ___scrt_uninitialize_crt   1000c256 f   LIBCMT:utility.obj
 0001:0000b27e       __onexit                   1000c27e f   LIBCMT:utility.obj
 0001:0000b2ab       _atexit                    1000c2ab f   LIBCMT:utility.obj
 0001:0000b2c0       ??3@YAXPAX@Z               1000c2c0 f   LIBCMT:delete_scalar.obj
 0001:0000b38a       __Init_thread_footer       1000c38a f   LIBCMT:thread_safe_statics.obj
 0001:0000b3d4       __Init_thread_header       1000c3d4 f   LIBCMT:thread_safe_statics.obj
 0001:0000b426       __Init_thread_notify       1000c426 f   LIBCMT:thread_safe_statics.obj
 0001:0000b45c       __Init_thread_wait         1000c45c f   LIBCMT:thread_safe_statics.obj
 0001:0000b4aa       ___raise_securityfailure   1000c4aa f   LIBCMT:gs_report.obj
 0001:0000b4d2       ___report_gsfailure        1000c4d2 f   LIBCMT:gs_report.obj
 0001:0000b5cb       ___report_rangecheckfailure 1000c5cb f   LIBCMT:gs_report.obj
 0001:0000b5d7       ___report_securityfailure  1000c5d7 f   LIBCMT:gs_report.obj
 0001:0000b6a5       ??2@YAPAXIABUnothrow_t@std@@@Z 1000c6a5 f   LIBCMT:new_scalar_nothrow.obj
 0001:0000b6f5       ??_U@YAPAXIABUnothrow_t@std@@@Z 1000c6f5 f   LIBCMT:new_array_nothrow.obj
 0001:0000b6fe       @__security_check_cookie@4 1000c6fe f   LIBCMT:secchk.obj
 0001:0000b710       __SEH_prolog4_GS           1000c710 f   LIBCMT:sehprolg4gs.obj
 0001:0000b759       __SEH_epilog4_GS           1000c759 f   LIBCMT:sehprolg4gs.obj
 0001:0000b770       __alloca_probe_16          1000c770 f   LIBCMT:alloca16.obj
 0001:0000b786       __alloca_probe_8           1000c786     LIBCMT:alloca16.obj
 0001:0000b7a0       __alloca_probe             1000c7a0 f   LIBCMT:chkstk.obj
 0001:0000b7a0       __chkstk                   1000c7a0 f   LIBCMT:chkstk.obj
 0001:0000bae8       __DllMainCRTStartup@12     1000cae8 f   LIBCMT:dll_dllmain.obj
 0001:0000bb0b       ??2@YAPAXI@Z               1000cb0b f   LIBCMT:new_scalar.obj
 0001:0000bb3b       ___isa_available_init      1000cb3b f   LIBCMT:cpu_disp.obj
 0001:0000bcd2       ___scrt_is_ucrt_dll_in_use 1000ccd2 f   LIBCMT:ucrt_detection.obj
 0001:0000bcde       ___scrt_fastfail           1000ccde f   LIBCMT:utility_desktop.obj
 0001:0000bdf8       __crt_debugger_hook        1000cdf8 f   LIBCMT:utility_desktop.obj
 0001:0000be00       __SEH_prolog4              1000ce00 f   LIBCMT:sehprolg4.obj
 0001:0000be46       __SEH_epilog4              1000ce46 f   LIBCMT:sehprolg4.obj
 0001:0000be5b       @_guard_check_icall_nop@4  1000ce5b f i LIBCMT:guard_support.obj
 0001:0000bea9       ___security_init_cookie    1000cea9 f   LIBCMT:gs_support.obj
 0001:0000bef4       ?__scrt_initialize_type_info@@YAXXZ 1000cef4 f   LIBCMT:tncleanup.obj
 0001:0000bf00       ?__scrt_uninitialize_type_info@@YAXXZ 1000cf00 f   LIBCMT:tncleanup.obj
 0001:0000bf0c       ___local_stdio_scanf_options 1000cf0c f i LIBCMT:default_local_stdio_options.obj
 0001:0000bf12       ___scrt_initialize_default_local_stdio_options 1000cf12 f   LIBCMT:default_local_stdio_options.obj
 0001:0000bf2f       ___scrt_get_dyn_tls_init_callback 1000cf2f f   LIBCMT:dyn_tls_init.obj
 0001:0000bf35       __RTC_Initialize           1000cf35 f   LIBCMT:initsect.obj
 0001:0000bf61       __RTC_Terminate            1000cf61 f   LIBCMT:initsect.obj
 0001:0000bf8d       ??0bad_alloc@std@@QAE@ABV01@@Z 1000cf8d f i LIBCMT:throw_bad_alloc.obj
 0001:0000bfa8       ??0bad_alloc@std@@QAE@XZ   1000cfa8 f i LIBCMT:throw_bad_alloc.obj
 0001:0000bfc0       ??0bad_array_new_length@std@@QAE@ABV01@@Z 1000cfc0 f i LIBCMT:throw_bad_alloc.obj
 0001:0000bfdb       ??0bad_array_new_length@std@@QAE@XZ 1000cfdb f i LIBCMT:throw_bad_alloc.obj
 0001:0000bff3       ??0exception@std@@QAE@ABV01@@Z 1000cff3 f i LIBCMT:throw_bad_alloc.obj
 0001:0000c01f       ??1bad_exception@std@@UAE@XZ 1000d01f f i libvcruntime:frame.obj
 0001:0000c01f       ??1bad_alloc@std@@UAE@XZ   1000d01f f i LIBCMT:throw_bad_alloc.obj
 0001:0000c01f       ??1bad_array_new_length@std@@UAE@XZ 1000d01f f i LIBCMT:throw_bad_alloc.obj
 0001:0000c030       ??_Ebad_alloc@std@@UAEPAXI@Z 1000d030 f i LIBCMT:throw_bad_alloc.obj
 0001:0000c030       ??_Gexception@std@@UAEPAXI@Z 1000d030 f i LIBCMT:throw_bad_alloc.obj
 0001:0000c030       ??_Gbad_exception@std@@UAEPAXI@Z 1000d030 f i libvcruntime:frame.obj
 0001:0000c030       ??_Gbad_alloc@std@@UAEPAXI@Z 1000d030 f i LIBCMT:throw_bad_alloc.obj
 0001:0000c030       ??_Ebad_exception@std@@UAEPAXI@Z 1000d030 f i libvcruntime:frame.obj
 0001:0000c030       ??_Ebad_array_new_length@std@@UAEPAXI@Z 1000d030 f i LIBCMT:throw_bad_alloc.obj
 0001:0000c030       ??_Eexception@std@@UAEPAXI@Z 1000d030 f i LIBCMT:throw_bad_alloc.obj
 0001:0000c030       ??_Gbad_array_new_length@std@@UAEPAXI@Z 1000d030 f i LIBCMT:throw_bad_alloc.obj
 0001:0000c05d       ?__scrt_throw_std_bad_alloc@@YAXXZ 1000d05d f   LIBCMT:throw_bad_alloc.obj
 0001:0000c07a       ?__scrt_throw_std_bad_array_new_length@@YAXXZ 1000d07a f   LIBCMT:throw_bad_alloc.obj
 0001:0000c097       ?what@exception@std@@UBEPBDXZ 1000d097 f i LIBCMT:throw_bad_alloc.obj
 0001:0000c0a4       ??_Gtype_info@@UAEPAXI@Z   1000d0a4 f i LIBCMT:std_type_info_static.obj
 0001:0000c0a4       ??_Etype_info@@UAEPAXI@Z   1000d0a4 f i LIBCMT:std_type_info_static.obj
[...]
 0002:00002b0c       ?candidate_modules@?1??try_get_SetThreadStackGuarantee@@YAP6GHPAK@ZXZ@4QBW4module_id@?A0x391cf84c@@B 10021b0c     libucrt:winapi_thunks.obj
 0002:00002b30       ?strings@?1??fp_format_nan_or_infinity@@YAHW4__acrt_fp_class@@_NPADI1@Z@4QAY03QBDA 10021b30     libucrt:cvt.obj
 0002:00003078       ?_mb_locale_names@@3QBQB_WB 10022078     libucrt:mbctype.obj
 0002:000038c0       ?LcidToLocaleNameTable@?A0x881e4c05@@3QBULcidToLocaleName@1@B 100228c0     libucrt:lcidtoname_downlevel.obj
 0002:000049e8       ?LocaleNameToIndexTable@?A0x881e4c05@@3QBULocaleNameIndex@1@B 100239e8     libucrt:lcidtoname_downlevel.obj
 0002:00006240       ?large_power_indices@?1??multiply_by_power_of_ten@__crt_strtox@@YA_NAAUbig_integer@2@I@Z@4QBUunpack_index@?1??12@YA_N0I@Z@B 10025240     libucrt:cfout.obj
 0002:00006320       LOG_name                   10025320     libucrt:log10_impl.obj
 0002:00006330       _One                       10025330     libucrt:ceil_pentium4.obj
 0002:00006340       _Bns                       10025340     libucrt:ceil_pentium4.obj
 0002:00006350       _Zero                      10025350     libucrt:ceil_pentium4.obj
 0002:00006360       _S                         10025360     libucrt:ceil_pentium4.obj
 0002:00006370       _NegZero                   10025370     libucrt:ceil_pentium4.obj
 0002:00006380       emask                      10025380     libucrt:log10_pentium4.obj
 0002:00006390       CC                         10025390     libucrt:log10_pentium4.obj
 0002:000063a0       Magic                      100253a0     libucrt:log10_pentium4.obj
 0002:000063b0       hi_mask                    100253b0     libucrt:log10_pentium4.obj
 0002:000063c0       LOG10_2                    100253c0     libucrt:log10_pentium4.obj
 0002:000063d0       place_L                    100253d0     libucrt:log10_pentium4.obj
 0002:000063f0       One                        100253f0     libucrt:log10_pentium4.obj
 0002:00006400       Zero                       10025400     libucrt:log10_pentium4.obj
 0002:00006410       Two52                      10025410     libucrt:log10_pentium4.obj
 0002:00006420       Infs                       10025420     libucrt:log10_pentium4.obj
 0002:00006430       NaN                        10025430     libucrt:log10_pentium4.obj
 0002:00006440       coeff                      10025440     libucrt:log10_pentium4.obj
 0002:0000649e       _log2max                   1002549e     libucrt:87tran.obj
 0002:000064a8       _smallarg                  100254a8     libucrt:87tran.obj
 0002:000064b2       _half                      100254b2     libucrt:87tran.obj
 0002:000064fe       One                        100254fe     libucrt:87disp.obj
 0002:00006506       Three                      10025506     libucrt:87disp.obj
 0002:0000650e       XAMtoTagTab                1002550e     libucrt:87disp.obj
 0002:00006520       One                        10025520     libucrt:common.obj
 0002:00006534       DblMax                     10025534     libucrt:common.obj
 0002:0000653c       DblMin                     1002553c     libucrt:common.obj
 0002:00006544       IeeeAdjO                   10025544     libucrt:common.obj
 0002:0000654c       IeeeAdjU                   1002554c     libucrt:common.obj
 0002:00006554       _infinity                  10025554     libucrt:common.obj
 0002:0000655c       _zero                      1002555c     libucrt:common.obj
 0002:000065a8       _over                      100255a8     libucrt:fpctrl.obj
 0002:000065b4       _under                     100255b4     libucrt:fpctrl.obj
 0002:00006de8       ?_names@?1??_get_fname@@9@9 10025de8     libucrt:fpexcept.obj
 0002:00007638       __sehtable$?_AtlVerifyStackAvailable@_ATL_SAFE_ALLOCA_IMPL@ATL@@YA_NK@Z 10026638     SigCap.obj
 0002:00007658       __sehtable$___scrt_is_nonwritable_in_current_image 10026658     LIBCMT:utility.obj
 0002:00007674       __catchsym$??2@YAPAXIABUnothrow_t@std@@@Z$2 10026674     LIBCMT:new_scalar_nothrow.obj
 0002:00007684       __unwindtable$??2@YAPAXIABUnothrow_t@std@@@Z 10026684     LIBCMT:new_scalar_nothrow.obj
 0002:00007694       __tryblocktable$??2@YAPAXIABUnothrow_t@std@@@Z 10026694     LIBCMT:new_scalar_nothrow.obj
 0002:000076a8       __ehfuncinfo$??2@YAPAXIABUnothrow_t@std@@@Z 100266a8     LIBCMT:new_scalar_nothrow.obj
 0002:000076d0       __sehtable$?dllmain_crt_process_attach@@YAHQAUHINSTANCE__@@QAX@Z 100266d0     LIBCMT:dll_dllmain.obj
 0002:000076f0       __sehtable$?dllmain_crt_process_detach@@YAH_N@Z 100266f0     LIBCMT:dll_dllmain.obj
 0002:00007710       __sehtable$?dllmain_dispatch@@YAHQAUHINSTANCE__@@KQAX@Z 10026710     LIBCMT:dll_dllmain.obj
 0002:000077c0       __sehtable$?FrameUnwindToState@__FrameHandler3@@SAXPAUEHRegistrationNode@@PAXPBU_s_FuncInfo@@H@Z 100267c0     libvcruntime:frame.obj
 0002:000077e8       __sehtable$?CallCatchBlock@@YAPAXPAUEHExceptionRecord@@PAUEHRegistrationNode@@PAU_CONTEXT@@PBU_s_FuncInfo@@PAXHK@Z 100267e8     libvcruntime:frame.obj
 0002:00007810       __catchsym$?CallUnexpected@@YAXPBU_s_ESTypeList@@@Z$2 10026810     libvcruntime:frame.obj
 0002:00007820       __unwindtable$?CallUnexpected@@YAXPBU_s_ESTypeList@@@Z 10026820     libvcruntime:frame.obj
 0002:00007830       __tryblocktable$?CallUnexpected@@YAXPBU_s_ESTypeList@@@Z 10026830     libvcruntime:frame.obj
 0002:00007844       __ehfuncinfo$?CallUnexpected@@YAXPBU_s_ESTypeList@@@Z 10026844     libvcruntime:frame.obj
 0002:00007868       __sehtable$??$BuildCatchObjectHelperInternal@V__FrameHandler3@@@@YAHPAUEHExceptionRecord@@PAXPBU_s_HandlerType@@PBU_s_CatchableType@@@Z 10026868     libvcruntime:frame.obj
 0002:00007888       __sehtable$??$BuildCatchObjectInternal@V__FrameHandler3@@@@YAXPAUEHExceptionRecord@@PAXPBU_s_HandlerType@@PBU_s_CatchableType@@@Z 10026888     libvcruntime:frame.obj
 0002:000078e0       __sehtable$___DestructExceptionObject 100268e0     libvcruntime:ehhelpers.obj
 0002:00007900       __sehtable$??R<lambda_6e4b09c48022b2350581041d5f6b0c4c>@@QBE@XZ 10026900     libucrt:exit.obj
 0002:00007920       __sehtable$??$?RV<lambda_03b1d95aef87969028cfba75ccab2455>@@AAV<lambda_6e4b09c48022b2350581041d5f6b0c4c>@@V<lambda_22bdf7517842c4b3e53723af5aa32b9e>@@@?$__crt_seh_guarded_call@X@@QAEX$$QAV<lambda_03b1d95aef87969028cfba75ccab2455>@@AAV<lambda_6e4b09c48022b2350581041d5f6b0c4c>@@$$QAV<lambda_22bdf7517842c4b3e53723af5aa32b9e>@@@Z 10026920     libucrt:exit.obj
 0002:00007940       __sehtable$??$?RV<lambda_8e746cf0007f6ed984d6f78af1fec997>@@AAV<lambda_22ebabd17bc4fa466a2aca6d8deb888d>@@V<lambda_18ed0c0b38a6dc0daf1e7ac6d6adf05e>@@@?$__crt_seh_guarded_call@H@@QAEH$$QAV<lambda_8e746cf0007f6ed984d6f78af1fec997>@@AAV<lambda_22ebabd17bc4fa466a2aca6d8deb888d>@@$$QAV<lambda_18ed0c0b38a6dc0daf1e7ac6d6adf05e>@@@Z 10026940     libucrt:onexit.obj
 0002:00007960       __sehtable$??$?RV<lambda_69a2805e680e0e292e8ba93315fe43a8>@@AAV<lambda_f03950bc5685219e0bcd2087efbe011e>@@V<lambda_03fcd07e894ec930e3f35da366ca99d6>@@@?$__crt_seh_guarded_call@H@@QAEH$$QAV<lambda_69a2805e680e0e292e8ba93315fe43a8>@@AAV<lambda_f03950bc5685219e0bcd2087efbe011e>@@$$QAV<lambda_03fcd07e894ec930e3f35da366ca99d6>@@@Z 10026960     libucrt:onexit.obj
 0002:00007980       __sehtable$__query_new_handler 10026980     libucrt:new_handler.obj
 0002:000079a0       __sehtable$_terminate      100269a0     libucrt:terminate.obj
 0002:000079c0       __sehtable$??$?RV<lambda_15ade71b0218206bbe3333a0c9b79046>@@AAV<lambda_da44e0f8b0f19ba52fefafb335991732>@@V<lambda_207f2d024fc103971653565357d6cd41>@@@?$__crt_seh_guarded_call@X@@QAEX$$QAV<lambda_15ade71b0218206bbe3333a0c9b79046>@@AAV<lambda_da44e0f8b0f19ba52fefafb335991732>@@$$QAV<lambda_207f2d024fc103971653565357d6cd41>@@@Z 100269c0     libucrt:per_thread_data.obj
 0002:000079e0       __sehtable$??$?RV<lambda_a7e850c220f1c8d1e6efeecdedd162c6>@@AAV<lambda_46720907175c18b6c9d2717bc0d2d362>@@V<lambda_9048902d66e8d99359bc9897bbb930a8>@@@?$__crt_seh_guarded_call@X@@QAEX$$QAV<lambda_a7e850c220f1c8d1e6efeecdedd162c6>@@AAV<lambda_46720907175c18b6c9d2717bc0d2d362>@@$$QAV<lambda_9048902d66e8d99359bc9897bbb930a8>@@@Z 100269e0     libucrt:per_thread_data.obj
 0002:00007a00       __sehtable$??$?RV<lambda_38edbb1296d33220d7e4dd0ed76b244a>@@AAV<lambda_5ce1d447e08cb34b2473517608e21441>@@V<lambda_fb385d3da700c9147fc39e65dd577a8c>@@@?$__crt_seh_guarded_call@X@@QAEX$$QAV<lambda_38edbb1296d33220d7e4dd0ed76b244a>@@AAV<lambda_5ce1d447e08cb34b2473517608e21441>@@$$QAV<lambda_fb385d3da700c9147fc39e65dd577a8c>@@@Z 10026a00     libucrt:per_thread_data.obj
 0002:00007a20       __sehtable$??$?RV<lambda_6affb1475c98b40b75cdec977db92e3c>@@AAV<lambda_b8d4b9c228a6ecc3f80208dbb4b4a104>@@V<lambda_608742c3c92a14382c1684fc64f96c88>@@@?$__crt_seh_guarded_call@X@@QAEX$$QAV<lambda_6affb1475c98b40b75cdec977db92e3c>@@AAV<lambda_b8d4b9c228a6ecc3f80208dbb4b4a104>@@$$QAV<lambda_608742c3c92a14382c1684fc64f96c88>@@@Z 10026a20     libucrt:per_thread_data.obj
 0002:00007a40       __sehtable$??$?RV<lambda_e5124f882df8998aaf41531e079ba474>@@AAV<lambda_3e16ef9562a7dcce91392c22ab16ea36>@@V<lambda_e25ca0880e6ef98be67edffd8c599615>@@@?$__crt_seh_guarded_call@X@@QAEX$$QAV<lambda_e5124f882df8998aaf41531e079ba474>@@AAV<lambda_3e16ef9562a7dcce91392c22ab16ea36>@@$$QAV<lambda_e25ca0880e6ef98be67edffd8c599615>@@@Z 10026a40     libucrt:wsetlocale.obj
 0002:00007a60       __sehtable$___acrt_initialize_lowio 10026a60     libucrt:ioinit.obj
 0002:00007a80       __sehtable$?update_thread_multibyte_data_internal@@YAPAU__crt_multibyte_data@@QAU__acrt_ptd@@QAPAU1@@Z 10026a80     libucrt:mbctype.obj
 0002:00007aa0       __sehtable$??$?RV<lambda_ceb1ee4838e85a9d631eb091e2fbe199>@@AAV<lambda_ae742caa10f662c28703da3d2ea5e57e>@@V<lambda_cd08b5d6af4937fe54fc07d0c9bf6b37>@@@?$__crt_seh_guarded_call@X@@QAEX$$QAV<lambda_ceb1ee4838e85a9d631eb091e2fbe199>@@AAV<lambda_ae742caa10f662c28703da3d2ea5e57e>@@$$QAV<lambda_cd08b5d6af4937fe54fc07d0c9bf6b37>@@@Z 10026aa0     libucrt:mbctype.obj
 0002:00007ac0       __sehtable$_raise          10026ac0     libucrt:signal.obj
 0002:00007ae0       __sehtable$??$?RV<lambda_cbab9ec6f41b0180b23cc171c22676b0>@@AAV<lambda_44731a7d0e6d81c3e6aa82d741081786>@@V<lambda_4b292cb8dd18144e164572427af410ab>@@@?$__crt_seh_guarded_call@P6AXH@Z@@QAEP6AXH@Z$$QAV<lambda_cbab9ec6f41b0180b23cc171c22676b0>@@AAV<lambda_44731a7d0e6d81c3e6aa82d741081786>@@$$QAV<lambda_4b292cb8dd18144e164572427af410ab>@@@Z 10026ae0     libucrt:signal.obj
 0002:00007b00       __sehtable$??$?RV<lambda_2866be3712abc81a800a822484c830d8>@@AAV<lambda_39ca0ed439415581b5b15c265174cece>@@V<lambda_2b24c74d71094a6cd0cb82e44167d71b>@@@?$__crt_seh_guarded_call@X@@QAEX$$QAV<lambda_2866be3712abc81a800a822484c830d8>@@AAV<lambda_39ca0ed439415581b5b15c265174cece>@@$$QAV<lambda_2b24c74d71094a6cd0cb82e44167d71b>@@@Z 10026b00     libucrt:fflush.obj
 0002:00007b20       __sehtable$??$?RV<lambda_2cc53f568c5a2bb6f192f930a45d44ea>@@AAV<lambda_ab61a845afdef5b7c387490eaf3616ee>@@V<lambda_c2ffc0b7726aa6be21d5f0026187e748>@@@?$__crt_seh_guarded_call@X@@QAEX$$QAV<lambda_2cc53f568c5a2bb6f192f930a45d44ea>@@AAV<lambda_ab61a845afdef5b7c387490eaf3616ee>@@$$QAV<lambda_c2ffc0b7726aa6be21d5f0026187e748>@@@Z 10026b20     libucrt:fflush.obj
 0002:00007b40       __sehtable$___acrt_update_thread_locale_data 10026b40     libucrt:locale_refcounting.obj
 0002:00007b60       __sehtable$__fcloseall     10026b60     libucrt:closeall.obj
 0002:00007b80       __sehtable$___acrt_lowio_ensure_fh_exists 10026b80     libucrt:osfinfo.obj
 0002:00007ba0       __sehtable$??$?RV<lambda_9e9de3de5fa147e2223d7db92bc10aa6>@@AAV<lambda_38ce7e780aa69e748d6df282ebc68efe>@@V<lambda_8ca6da459f0f6780f1cff60fdc3d00e5>@@@?$__crt_seh_guarded_call@H@@QAEH$$QAV<lambda_9e9de3de5fa147e2223d7db92bc10aa6>@@AAV<lambda_38ce7e780aa69e748d6df282ebc68efe>@@$$QAV<lambda_8ca6da459f0f6780f1cff60fdc3d00e5>@@@Z 10026ba0     libucrt:commit.obj
 0002:00007bc0       __sehtable$__write         10026bc0     libucrt:write.obj
 0002:00007be0       __sehtable$_fclose         10026be0     libucrt:fclose.obj
 0002:00007c00       __sehtable$??$?RV<lambda_218ce3db14220d0be481dae8ef3383b6>@@AAV<lambda_628dfdc04ba53c8bfc02c9951375f3f5>@@V<lambda_57dc472bd5c9d5f3b2cbca59b8a843ae>@@@?$__crt_seh_guarded_call@H@@QAEH$$QAV<lambda_218ce3db14220d0be481dae8ef3383b6>@@AAV<lambda_628dfdc04ba53c8bfc02c9951375f3f5>@@$$QAV<lambda_57dc472bd5c9d5f3b2cbca59b8a843ae>@@@Z 10026c00     libucrt:close.obj
 0002:00007c20       __sehtable$__IsNonwritableInCurrentImage 10026c20     LIBCMT:pesect.obj
 0002:00007c50       .edata                     10026c50     OPOSSigCap.exp
 0002:00007c78       rgpv                       10026c78     OPOSSigCap.exp
 0002:00007c88       rgszName                   10026c88     OPOSSigCap.exp
 0002:00007c98       rgwOrd                     10026c98     OPOSSigCap.exp
 0002:00007ca0       szName                     10026ca0     OPOSSigCap.exp
 0002:00007caf       $N00001                    10026caf     OPOSSigCap.exp
 0002:00007cbf       $N00002                    10026cbf     OPOSSigCap.exp
 0002:00007cd1       $N00003                    10026cd1     OPOSSigCap.exp
 0002:00007ce3       $N00004                    10026ce3     OPOSSigCap.exp
 0002:000082f2       .idata$6                   100272f2     kernel32:KERNEL32.dll
 0002:00008506       .idata$6                   10027506     user32:USER32.dll
 0002:0000863a       .idata$6                   1002763a     gdi32:GDI32.dll
 0002:000086e0       .idata$6                   100276e0     advapi32:ADVAPI32.dll
 0002:000087fc       .idata$6                   100277fc     ole32:ole32.dll
 0002:00008806       .idata$6                   10027806     oleaut32:OLEAUT32.dll
 0003:00000110       ?ObjectMap@@3PAU_ATL_OBJMAP_ENTRY30@ATL@@A 10028110     SigCap.obj
 0003:000001ac       ?s_RequiredMethodsPerRelease@@3PAHA 100281ac     SigCapImpl.obj
 0003:000001d8       ?s_SOMethodNames@@3PAPADA  100281d8     SigCapImpl.obj
 0003:00000250       ?__vcrt_flsindex@@3KA      10028250     libvcruntime:per_thread_data.obj
 0003:00000270       ?errno_no_memory@@3HA      10028270     libucrt:errno.obj
 0003:00000274       ?doserrno_no_memory@@3KA   10028274     libucrt:errno.obj
 0003:00000280       ?__acrt_flsindex@@3KA      10028280     libucrt:per_thread_data.obj
 0003:00000618       __mbctypes                 10028618     libucrt:mbctype.obj
 0003:00000720       __mbcasemaps               10028720     libucrt:mbctype.obj
 0003:00000820       ?__rgctypeflag@@3PADA      10028820     libucrt:mbctype.obj
 0003:00000828       ?__rgcode_page_info@@3PAUcode_page_info@@A 10028828     libucrt:mbctype.obj
 0003:00000a80       ?__dcrt_lowio_console_output_handle@@3PAXA 10028a80     libucrt:initcon.obj
 0003:00000c18       ?is_initialized_as_dll@@3_NA 10028c18     LIBCMT:utility.obj
 0003:00000c19       ?module_local_atexit_table_initialized@@3_NA 10028c19     LIBCMT:utility.obj
 0003:00000c1c       ?module_local_atexit_table@@3U_onexit_table_t@@A 10028c1c     LIBCMT:utility.obj
 0003:00000c28       ?module_local_at_quick_exit_table@@3U_onexit_table_t@@A 10028c28     LIBCMT:utility.obj
 0003:00000c34       ?g_tss_cv@@3U_RTL_CONDITION_VARIABLE@@A 10028c34     LIBCMT:thread_safe_statics.obj
 0003:00000c38       ?g_tss_event@@3PAXA        10028c38     LIBCMT:thread_safe_statics.obj
 0003:00000c3c       ?g_tss_mutex@@3U_RTL_CRITICAL_SECTION@@A 10028c3c     LIBCMT:thread_safe_statics.obj
 0003:00000c54       ?g_sleep_condition_variable_cs@@3P6GHPAU_RTL_CONDITION_VARIABLE@@PAU_RTL_CRITICAL_SECTION@@K@ZA 10028c54     LIBCMT:thread_safe_statics.obj
 0003:00000c58       ?g_wake_all_condition_variable@@3P6GXPAU_RTL_CONDITION_VARIABLE@@@ZA 10028c58     LIBCMT:thread_safe_statics.obj
 0003:00000c60       _GS_ExceptionRecord        10028c60     LIBCMT:gs_report.obj
 0003:00000cb0       _GS_ContextRecord          10028cb0     LIBCMT:gs_report.obj
 0003:00000f80       ?__proc_attached@@3HA      10028f80     LIBCMT:dll_dllmain.obj
 0003:00000fdc       ?AllocateData@@3P6GPAUAtlThunkData_t@@XZA 10028fdc     atls:atlthunk.obj
 0003:00000fe0       ?InitData@@3P6GXPAUAtlThunkData_t@@PAXI@ZA 10028fe0     atls:atlthunk.obj
 0003:00000fe4       ?DataToCode@@3P6GP6GJPAUHWND__@@IIJ@ZPAUAtlThunkData_t@@@ZA 10028fe4     atls:atlthunk.obj
 0003:00000fe8       ?FreeData@@3P6GXPAUAtlThunkData_t@@@ZA 10028fe8     atls:atlthunk.obj
 0003:00000fec       ?Initialized@@3_NA         10028fec     atls:atlthunk.obj
 0003:00000ff8       ?__vcrt_startup_thread_ptd@@3U__vcrt_ptd@@A 10028ff8     libvcruntime:per_thread_data.obj
 0003:00001020       ___vcrt_lock_table         10029020     libvcruntime:locks.obj
 0003:00001038       ___vcrt_locks_initialized  10029038     libvcruntime:locks.obj
 0003:00001064       ?heap@@3V_HeapManager@@A   10029064     libvcruntime:undname.obj
 0003:00001078       ?module_handles@@3PAPAUHINSTANCE__@@A 10029078     libvcruntime:winapi_downlevel.obj
 0003:00001084       ?function_pointers@@3PAPAXA 10029084     libvcruntime:winapi_downlevel.obj
 0003:0000109c       ?__acrt_invalid_parameter_handler@@3V?$dual_state_global@P6AXPB_W00II@Z@__crt_state_management@@A 1002909c     libucrt:invalid_parameter.obj
 0003:000010a0       ?c_termination_complete@@3JA 100290a0     libucrt:exit.obj
 0003:000010a4       ?thread_local_exit_callback_func@@3P6GXPAXK0@ZA 100290a4     libucrt:exit.obj
 0003:000010b0       ?program_name@?1???$common_configure_argv@D@@YAHW4_crt_argv_mode@@@Z@4PADA 100290b0     libucrt:argv_parsing.obj
 0003:000011e0       ?__acrt_new_handler@@3V?$dual_state_global@P6AHI@Z@__crt_state_management@@A 100291e0     libucrt:new_handler.obj
 0003:000011e8       ?module_handles@@3PAPAUHINSTANCE__@@A 100291e8     libucrt:winapi_thunks.obj
 0003:00001238       ?encoded_function_pointers@@3PAPAXA 10029238     libucrt:winapi_thunks.obj
 0003:000012c0       ?internal_state@?1??_mbtowc_l@@9@4U_Mbstatet@@A 100292c0     libucrt:mbtowc.obj
 0003:000012d0       ?enable_percent_n@@3IA     100292d0     libucrt:printf_count_output.obj
 0003:000014f0       ?__acrt_lock_table@@3PAU_RTL_CRITICAL_SECTION@@A 100294f0     libucrt:locks.obj
 0003:00001640       ?__acrt_locks_initialized@@3IA 10029640     libucrt:locks.obj
 0003:00001650       ?fSystemSet@@3HA           10029650     libucrt:mbctype.obj
 0003:00001654       ?initialized@?1??__acrt_initialize_multibyte@@9@4_NA 10029654     libucrt:mbctype.obj
 0003:00001674       ?ctrlc_action@@3V?$dual_state_global@P6AXH@Z@__crt_state_management@@A 10029674     libucrt:signal.obj
 0003:00001678       ?ctrlbreak_action@@3V?$dual_state_global@P6AXH@Z@__crt_state_management@@A 10029678     libucrt:signal.obj
 0003:0000167c       ?abort_action@@3V?$dual_state_global@P6AXH@Z@__crt_state_management@@A 1002967c     libucrt:signal.obj
 0003:00001680       ?term_action@@3V?$dual_state_global@P6AXH@Z@__crt_state_management@@A 10029680     libucrt:signal.obj
 0003:00001684       ?user_matherr@@3V?$dual_state_global@P6AHPAU_exception@@@Z@__crt_state_management@@A 10029684     libucrt:matherr.obj
 0003:00001688       ?__acrt_global_new_mode@@3V?$dual_state_global@J@__crt_state_management@@A 10029688     libucrt:new_mode.obj
 0003:00001694       ?internal_pst@?1??__mbrtoc32_utf8@__crt_mbstring@@YAIPA_UPBDIPAU_Mbstatet@@@Z@4U3@A 10029694     libucrt:mbrtoc32.obj
 0003:0000169c       ?__acrt_app_type@@3W4_crt_app_type@@A 1002969c     libucrt:report_runtime_error.obj
 0003:000016a4       __pmatherr_set             100296a4     libucrt:libm_error.obj
 0004:00000220       $R000000                   1002a220     SigCap.res
 0004:00000b78       $R000958                   1002ab78     SigCap.res
 0004:00000c60       $R000A40                   1002ac60     SigCap.res
 0004:00000ec8       $R000CA8                   1002aec8     SigCap.res
 0004:000013d0       $R0011B0                   1002b3d0     SigCap.res
 0004:00003f70       $R003D50                   1002df70     SigCap.res
 0004:00003fa0       $R003D80                   1002dfa0     SigCap.res
