 OPOSCashDrawer

 Timestamp is 5c443764 (Sun Jan 20 17:55:00 2019)

 Preferred load address is 10000000

 Start         Length     Name                   Class
 0001:00000000 00000080H .text$di                CODE
 0001:00000080 0001c85bH .text$mn                CODE
 0001:0001c8db 00000051H .text$x                 CODE
 0001:0001c92c 00000042H .text$yd                CODE
 0002:00000000 00000300H .idata$5                DATA
 0002:00000300 00000004H .00cfg                  DATA
 0002:00000304 00000004H .CRT$XCA                DATA
 0002:00000308 00000004H .CRT$XCL                DATA
 0002:0000030c 00000010H .CRT$XCU                DATA
 0002:0000031c 00000004H .CRT$XCZ                DATA
 0002:00000320 00000004H .CRT$XIA                DATA
 0002:00000324 00000010H .CRT$XIC                DATA
 0002:00000334 00000004H .CRT$XIZ                DATA
 0002:00000338 00000004H .CRT$XLA                DATA
 0002:0000033c 00000004H .CRT$XLZ                DATA
 0002:00000340 00000004H .CRT$XPA                DATA
 0002:00000344 00000008H .CRT$XPX                DATA
 0002:0000034c 00000004H .CRT$XPXA               DATA
 0002:00000350 00000004H .CRT$XPZ                DATA
 0002:00000354 00000004H .CRT$XTA                DATA
 0002:00000358 00000008H .CRT$XTZ                DATA
 0002:0000035c 00000000H .gfids$x                DATA
 0002:0000035c 00000000H .gfids$y                DATA
 0002:00000360 00006d18H .rdata                  DATA
 0002:00007078 00000018H .rdata$T                DATA
 0002:00007090 00000180H .rdata$r                DATA
 0002:00007210 00000020H .rdata$sxdata           DATA
 0002:00007230 000003e0H .rdata$zzzdbg           DATA
 0002:00007610 00000004H .rtc$IAA                DATA
 0002:00007614 00000004H .rtc$IZZ                DATA
 0002:00007618 00000004H .rtc$TAA                DATA
 0002:0000761c 00000004H .rtc$TZZ                DATA
 0002:00007620 00000004H .tls                    DATA
 0002:00007624 00000004H .tls$                   DATA
 0002:00007628 00000008H .tls$ZZZ                DATA
 0002:00007630 000005f4H .xdata$x                DATA
 0002:00007c24 00000004H ATL$__a                 DATA
 0002:00007c28 00000008H ATL$__z                 DATA
 0002:00007c30 000000acH .edata                  DATA
 0002:00007cdc 00000078H .idata$2                DATA
 0002:00007d54 00000014H .idata$3                DATA
 0002:00007d68 00000300H .idata$4                DATA
 0002:00008068 00000bdeH .idata$6                DATA
 0003:00000000 000009a0H .data                   DATA
 0003:000009a0 00000098H .data$r                 DATA
 0003:00000a38 00000b5cH .bss                    DATA
 0004:00000000 00000220H .rsrc$01                DATA
 0004:00000220 00003850H .rsrc$02                DATA

  Address         Publics by Value              Rva+Base       Lib:Object

 0000:00000000       ___guard_fids_count        00000000     <absolute>
 0000:00000000       ___guard_longjmp_table     00000000     <absolute>
 0000:00000000       ___hybrid_code_map_count   00000000     <absolute>
 0000:00000000       ___dynamic_value_reloc_table 00000000     <absolute>
 0000:00000000       ___guard_longjmp_count     00000000     <absolute>
 0000:00000000       __except_list              00000000     <absolute>
 0000:00000000       ___guard_fids_table        00000000     <absolute>
 0000:00000000       ___guard_iat_count         00000000     <absolute>
 0000:00000000       ___hybrid_auxiliary_iat    00000000     <absolute>
 0000:00000000       ___guard_iat_table         00000000     <absolute>
 0000:00000000       ___volatile_metadata       00000000     <absolute>
 0000:00000000       ___enclave_config          00000000     <absolute>
 0000:00000000       ___hybrid_code_map         00000000     <absolute>
 0000:00000008       ___safe_se_handler_count   00000008     <absolute>
 0000:0000002c       __tls_array                0000002c     <absolute>
 0000:00000100       ___guard_flags             00000100     <absolute>
 0000:00000000       ___ImageBase               10000000     <linker-defined>
 0001:00000080       ?DupWide@_CW@@AAEXXZ       10001080 f   CWString.obj
 0001:0000009c       ?cw_dup@@YGXPBDAAHAAPA_W1@Z 1000109c f   CWString.obj
 0001:0000010b       ?cw_memcpy@@YGHPA_WPBDH@Z  1000110b f   CWString.obj
 0001:00000137       ?cw_strcpy@@YAHPA_WPBD@Z   10001137 f   CWString.obj
 0001:0000014a       ?cw_strlen@@YAHPBD@Z       1000114a f   CWString.obj
 0001:00000163       ??0CAtlComModule@ATL@@QAE@XZ 10001163 f i OposVariant.obj
 0001:000001a8       ??0CAtlWinModule@ATL@@QAE@XZ 100011a8 f i OposVariant.obj
 0001:000001df       ??0OposDispParms@@QAE@PAVOposVariant@@H@Z 100011df f   OposVariant.obj
 0001:00000250       ??1OposDispParms@@QAE@XZ   10001250 f   OposVariant.obj
 0001:0000025e       ??A?$CSimpleArray@GV?$CSimpleArrayEqualHelper@G@ATL@@@ATL@@QAEAAGH@Z 1000125e f i OposVariant.obj
 0001:00000283       ??_Estringdispid@CComTypeInfoHolder@ATL@@QAEPAXI@Z 10001283 f i OposVariant.obj
 0001:000002ef       ?AtlWinModuleInit@ATL@@YGJPAU_ATL_WIN_MODULE70@1@@Z 100012ef f i OposVariant.obj
 0001:00000315       ?AtlWinModuleTerm@ATL@@YGJPAU_ATL_WIN_MODULE70@1@PAUHINSTANCE__@@@Z 10001315 f i OposVariant.obj
 0001:00000378       ?ChangeBSTR@OposVariant@@QAEXPAPA_WAAJ@Z 10001378 f   OposVariant.obj
 0001:000003b9       ?ChangeLONG@OposVariant@@QAEXPAJAAJ@Z 100013b9 f   OposVariant.obj
 0001:000003fa       ?GetLONG@OposVariant@@QAEJXZ 100013fa f   OposVariant.obj
 0001:00000415       ?Init@CComCriticalSection@ATL@@QAEJXZ 10001415 f i OposVariant.obj
 0001:0000043d       ?RemoveAll@?$CSimpleArray@GV?$CSimpleArrayEqualHelper@G@ATL@@@ATL@@QAEXXZ 1000143d f i OposVariant.obj
 0001:0000043d       ?RemoveAll@?$CSimpleArray@PAUHINSTANCE__@@V?$CSimpleArrayEqualHelper@PAUHINSTANCE__@@@ATL@@@ATL@@QAEXXZ 1000143d f i atls:atlbase.obj
 0001:0000045a       ?SetBSTR@OposVariant@@QAEXPA_WAAJ@Z 1000145a f   OposVariant.obj
 0001:0000048e       ?SetBSTR_Copy@OposVariant@@QAEXPA_WAAJ@Z 1000148e f   OposVariant.obj
 0001:000004de       ?SetBSTR_InOutPtr@OposVariant@@QAE_NPAPA_WAAJ@Z 100014de f   OposVariant.obj
 0001:00000515       ?SetDispatch_Ptr@OposVariant@@QAEXPAUIDispatch@@AAJ@Z 10001515 f   OposVariant.obj
 0001:00000550       ?SetLONG@OposVariant@@QAEXJ@Z 10001550 f   OposVariant.obj
 0001:00000572       ?SetLONG_Ptr@OposVariant@@QAEXPAJAAJ@Z 10001572 f   OposVariant.obj
 0001:000005a5       ?SetString@OposVariant@@QAEXPB_WAAJ@Z 100015a5 f   OposVariant.obj
 0001:000005eb       ?SetVARIANT_BOOL@OposVariant@@QAEXF@Z 100015eb f   OposVariant.obj
 0001:00000615       ?Term@CAtlComModule@ATL@@QAEXXZ 10001615 f i OposVariant.obj
 0001:0000065f       ?_AtlRaiseException@ATL@@YAXKK@Z 1000165f f i OposVariant.obj
 0001:00000674       ?AddRef@?$CComObjectCached@VCComClassFactory@ATL@@@ATL@@UAGKXZ 10001674 f i CashDrawer.obj
 0001:0000069b       ?Release@?$CComObjectCached@VCComClassFactory@ATL@@@ATL@@UAGKXZ 1000169b f i CashDrawer.obj
 0001:000006d1       ?QueryInterface@?$CComObjectCached@VCComClassFactory@ATL@@@ATL@@UAGJABU_GUID@@PAPAX@Z 100016d1 f i CashDrawer.obj
 0001:000006eb       ??_E?$CComObjectCached@VCComClassFactory@ATL@@@ATL@@UAEPAXI@Z 100016eb f i CashDrawer.obj
 0001:000006eb       ??_G?$CComObjectCached@VCComClassFactory@ATL@@@ATL@@UAEPAXI@Z 100016eb f i CashDrawer.obj
 0001:0000070d       ?AddRef@?$CComAggObject@VCOPOSCashDrawer@@@ATL@@UAGKXZ 1000170d f i CashDrawer.obj
 0001:0000071e       ?Release@?$CComAggObject@VCOPOSCashDrawer@@@ATL@@UAGKXZ 1000171e f i CashDrawer.obj
 0001:0000075a       ?QueryInterface@?$CComAggObject@VCOPOSCashDrawer@@@ATL@@UAGJABU_GUID@@PAPAX@Z 1000175a f i CashDrawer.obj
 0001:000007a9       ?AddRef@?$CComContainedObject@VCOPOSCashDrawer@@@ATL@@UAGKXZ 100017a9 f i CashDrawer.obj
 0001:000007bf       ?Release@?$CComContainedObject@VCOPOSCashDrawer@@@ATL@@UAGKXZ 100017bf f i CashDrawer.obj
 0001:000007d5       ?QueryInterface@?$CComContainedObject@VCOPOSCashDrawer@@@ATL@@UAGJABU_GUID@@PAPAX@Z 100017d5 f i CashDrawer.obj
 0001:000007f0       ??_E?$CComAggObject@VCOPOSCashDrawer@@@ATL@@UAEPAXI@Z 100017f0 f i CashDrawer.obj
 0001:000007f0       ??_G?$CComAggObject@VCOPOSCashDrawer@@@ATL@@UAEPAXI@Z 100017f0 f i CashDrawer.obj
 0001:00000815       ?AddRef@?$CComObject@VCOPOSCashDrawer@@@ATL@@UAGKXZ 10001815 f i CashDrawer.obj
 0001:0000082c       ?Release@?$CComObject@VCOPOSCashDrawer@@@ATL@@UAGKXZ 1000182c f i CashDrawer.obj
 0001:0000086e       ?QueryInterface@?$CComObject@VCOPOSCashDrawer@@@ATL@@UAGJABU_GUID@@PAPAX@Z 1000186e f i CashDrawer.obj
 0001:00000888       ?ObjectMain@CComObjectRootBase@ATL@@SGX_N@Z 10001888 f i CashDrawer.obj
 0001:00000888       ?OnFinalMessage@?$CWindowImplBaseT@VCWindow@ATL@@V?$CWinTraits@$0FGAAAAAA@$0A@@2@@ATL@@UAEXPAUHWND__@@@Z 10001888 f i CashDrawer.obj
 0001:0000088b       ?GetCategoryMap@CComObjectRootBase@ATL@@SAPBU_ATL_CATMAP_ENTRY@2@XZ 1000188b f i CashDrawer.obj
 0001:0000088b       ?GetObjectDescription@?$CComCoClass@VCOPOSCashDrawer@@$1?CLSID_OPOSCashDrawer@@3U_GUID@@B@ATL@@SGPB_WXZ 1000188b f i CashDrawer.obj
 0001:0000088e       ?CreateInstance@CComClassFactory@ATL@@UAGJPAUIUnknown@@ABU_GUID@@PAPAX@Z 1000188e f i CashDrawer.obj
 0001:000008cc       ?LockServer@CComClassFactory@ATL@@UAGJH@Z 100018cc f i CashDrawer.obj
 0001:000008eb       ??_ECComClassFactory@ATL@@UAEPAXI@Z 100018eb f i CashDrawer.obj
 0001:000008eb       ??_GCComClassFactory@ATL@@UAEPAXI@Z 100018eb f i CashDrawer.obj
 0001:00000916       ?OnDrawAdvanced@CComControlBase@ATL@@UAEJAAUATL_DRAWINFO@@@Z 10001916 f i CashDrawer.obj
 0001:00000a05       ?Next@?$CComEnumImpl@UIEnumConnections@@$1?_GUID_b196b287_bab4_101a_b69c_00aa00341d07@@3U__s_GUID@@BUtagCONNECTDATA@@V?$_Copy@UtagCONNECTDATA@@@ATL@@@ATL@@UAGJKPAUtagCONNECTDATA@@PAK@Z 10001a05 f i CashDrawer.obj
 0001:00000adc       ?Skip@?$CComEnumImpl@UIEnumConnections@@$1?_GUID_b196b287_bab4_101a_b69c_00aa00341d07@@3U__s_GUID@@BUtagCONNECTDATA@@V?$_Copy@UtagCONNECTDATA@@@ATL@@@ATL@@UAGJK@Z 10001adc f i CashDrawer.obj
 0001:00000b09       ?Reset@?$CComEnumImpl@UIEnumConnections@@$1?_GUID_b196b287_bab4_101a_b69c_00aa00341d07@@3U__s_GUID@@BUtagCONNECTDATA@@V?$_Copy@UtagCONNECTDATA@@@ATL@@@ATL@@UAGJXZ 10001b09 f i CashDrawer.obj
 0001:00000b09       ?Reset@?$CComEnumImpl@UIEnumConnectionPoints@@$1?_GUID_b196b285_bab4_101a_b69c_00aa00341d07@@3U__s_GUID@@BPAUIConnectionPoint@@V?$_CopyInterface@UIConnectionPoint@@@ATL@@@ATL@@UAGJXZ 10001b09 f i CashDrawer.obj
 0001:00000b1b       ?Clone@?$CComEnumImpl@UIEnumConnections@@$1?_GUID_b196b287_bab4_101a_b69c_00aa00341d07@@3U__s_GUID@@BUtagCONNECTDATA@@V?$_Copy@UtagCONNECTDATA@@@ATL@@@ATL@@UAGJPAPAUIEnumConnections@@@Z 10001b1b f i CashDrawer.obj
 0001:00000bfa       ?AddRef@?$CComObject@V?$CComEnum@UIEnumConnections@@$1?_GUID_b196b287_bab4_101a_b69c_00aa00341d07@@3U__s_GUID@@BUtagCONNECTDATA@@V?$_Copy@UtagCONNECTDATA@@@ATL@@VCComSingleThreadModel@6@@ATL@@@ATL@@UAGKXZ 10001bfa f i CashDrawer.obj
 0001:00000bfa       ?AddRef@?$CComObject@V?$CComEnum@UIEnumConnectionPoints@@$1?_GUID_b196b285_bab4_101a_b69c_00aa00341d07@@3U__s_GUID@@BPAUIConnectionPoint@@V?$_CopyInterface@UIConnectionPoint@@@ATL@@VCComSingleThreadModel@6@@ATL@@@ATL@@UAGKXZ 10001bfa f i CashDrawer.obj
 0001:00000c0b       ?Release@?$CComObject@V?$CComEnum@UIEnumConnections@@$1?_GUID_b196b287_bab4_101a_b69c_00aa00341d07@@3U__s_GUID@@BUtagCONNECTDATA@@V?$_Copy@UtagCONNECTDATA@@@ATL@@VCComSingleThreadModel@6@@ATL@@@ATL@@UAGKXZ 10001c0b f i CashDrawer.obj
 0001:00000c0b       ?Release@?$CComObject@V?$CComEnum@UIEnumConnectionPoints@@$1?_GUID_b196b285_bab4_101a_b69c_00aa00341d07@@3U__s_GUID@@BPAUIConnectionPoint@@V?$_CopyInterface@UIConnectionPoint@@@ATL@@VCComSingleThreadModel@6@@ATL@@@ATL@@UAGKXZ 10001c0b f i CashDrawer.obj
 0001:00000c47       ?QueryInterface@?$CComObject@V?$CComEnum@UIEnumConnections@@$1?_GUID_b196b287_bab4_101a_b69c_00aa00341d07@@3U__s_GUID@@BUtagCONNECTDATA@@V?$_Copy@UtagCONNECTDATA@@@ATL@@VCComSingleThreadModel@6@@ATL@@@ATL@@UAGJABU_GUID@@PAPAX@Z 10001c47 f i CashDrawer.obj
 0001:00000c61       ??_G?$CComObject@V?$CComEnum@UIEnumConnections@@$1?_GUID_b196b287_bab4_101a_b69c_00aa00341d07@@3U__s_GUID@@BUtagCONNECTDATA@@V?$_Copy@UtagCONNECTDATA@@@ATL@@VCComSingleThreadModel@6@@ATL@@@ATL@@UAEPAXI@Z 10001c61 f i CashDrawer.obj
 0001:00000c61       ??_E?$CComObject@V?$CComEnum@UIEnumConnections@@$1?_GUID_b196b287_bab4_101a_b69c_00aa00341d07@@3U__s_GUID@@BUtagCONNECTDATA@@V?$_Copy@UtagCONNECTDATA@@@ATL@@VCComSingleThreadModel@6@@ATL@@@ATL@@UAEPAXI@Z 10001c61 f i CashDrawer.obj
 0001:00000c83       ??_E?$CComObject@VCOPOSCashDrawer@@@ATL@@W3AEPAXI@Z 10001c83 f i CashDrawer.obj
 0001:00000c8b       ??_E?$CComObject@VCOPOSCashDrawer@@@ATL@@WEM@AEPAXI@Z 10001c8b f i CashDrawer.obj
 0001:00000c93       ?QueryInterface@?$CComObject@VCOPOSCashDrawer@@@ATL@@WHA@AGJABU_GUID@@PAPAX@Z 10001c93 f i CashDrawer.obj
 0001:00000c9d       ?AddRef@?$CComObject@VCOPOSCashDrawer@@@ATL@@WHA@AGKXZ 10001c9d f i CashDrawer.obj
 0001:00000ca7       ?Release@?$CComObject@VCOPOSCashDrawer@@@ATL@@WHA@AGKXZ 10001ca7 f i CashDrawer.obj
 0001:00000cb1       ?QueryInterface@?$CComObject@VCOPOSCashDrawer@@@ATL@@WHE@AGJABU_GUID@@PAPAX@Z 10001cb1 f i CashDrawer.obj
 0001:00000cbb       ?AddRef@?$CComObject@VCOPOSCashDrawer@@@ATL@@WHE@AGKXZ 10001cbb f i CashDrawer.obj
 0001:00000cc5       ?Release@?$CComObject@VCOPOSCashDrawer@@@ATL@@WHE@AGKXZ 10001cc5 f i CashDrawer.obj
 0001:00000ccf       ?QueryInterface@?$CComObject@VCOPOSCashDrawer@@@ATL@@WHI@AGJABU_GUID@@PAPAX@Z 10001ccf f i CashDrawer.obj
 0001:00000cd9       ?AddRef@?$CComObject@VCOPOSCashDrawer@@@ATL@@WHI@AGKXZ 10001cd9 f i CashDrawer.obj
 0001:00000ce3       ?Release@?$CComObject@VCOPOSCashDrawer@@@ATL@@WHI@AGKXZ 10001ce3 f i CashDrawer.obj
 0001:00000ced       ?QueryInterface@?$CComObject@VCOPOSCashDrawer@@@ATL@@WHM@AGJABU_GUID@@PAPAX@Z 10001ced f i CashDrawer.obj
 0001:00000cf7       ?AddRef@?$CComObject@VCOPOSCashDrawer@@@ATL@@WHM@AGKXZ 10001cf7 f i CashDrawer.obj
 0001:00000d01       ?Release@?$CComObject@VCOPOSCashDrawer@@@ATL@@WHM@AGKXZ 10001d01 f i CashDrawer.obj
 0001:00000d0b       ?QueryInterface@?$CComObject@VCOPOSCashDrawer@@@ATL@@WIA@AGJABU_GUID@@PAPAX@Z 10001d0b f i CashDrawer.obj
 0001:00000d18       ?AddRef@?$CComObject@VCOPOSCashDrawer@@@ATL@@WIA@AGKXZ 10001d18 f i CashDrawer.obj
 0001:00000d25       ?Release@?$CComObject@VCOPOSCashDrawer@@@ATL@@WIA@AGKXZ 10001d25 f i CashDrawer.obj
 0001:00000d32       ?QueryInterface@?$CComObject@VCOPOSCashDrawer@@@ATL@@WIE@AGJABU_GUID@@PAPAX@Z 10001d32 f i CashDrawer.obj
 0001:00000d3f       ?AddRef@?$CComObject@VCOPOSCashDrawer@@@ATL@@WIE@AGKXZ 10001d3f f i CashDrawer.obj
 0001:00000d4c       ?Release@?$CComObject@VCOPOSCashDrawer@@@ATL@@WIE@AGKXZ 10001d4c f i CashDrawer.obj
 0001:00000d59       ?QueryInterface@?$CComObject@VCOPOSCashDrawer@@@ATL@@WII@AGJABU_GUID@@PAPAX@Z 10001d59 f i CashDrawer.obj
 0001:00000d66       ?AddRef@?$CComObject@VCOPOSCashDrawer@@@ATL@@WII@AGKXZ 10001d66 f i CashDrawer.obj
 0001:00000d73       ?Release@?$CComObject@VCOPOSCashDrawer@@@ATL@@WII@AGKXZ 10001d73 f i CashDrawer.obj
 0001:00000d80       ?QueryInterface@?$CComObject@VCOPOSCashDrawer@@@ATL@@WIM@AGJABU_GUID@@PAPAX@Z 10001d80 f i CashDrawer.obj
 0001:00000d8d       ?AddRef@?$CComObject@VCOPOSCashDrawer@@@ATL@@WIM@AGKXZ 10001d8d f i CashDrawer.obj
 0001:00000d9a       ?Release@?$CComObject@VCOPOSCashDrawer@@@ATL@@WIM@AGKXZ 10001d9a f i CashDrawer.obj
 0001:00000da7       ?QueryInterface@?$CComObject@VCOPOSCashDrawer@@@ATL@@WJA@AGJABU_GUID@@PAPAX@Z 10001da7 f i CashDrawer.obj
 0001:00000db4       ?AddRef@?$CComObject@VCOPOSCashDrawer@@@ATL@@WJA@AGKXZ 10001db4 f i CashDrawer.obj
 0001:00000dc1       ?Release@?$CComObject@VCOPOSCashDrawer@@@ATL@@WJA@AGKXZ 10001dc1 f i CashDrawer.obj
 0001:00000dce       ?QueryInterface@?$CComObject@VCOPOSCashDrawer@@@ATL@@WJE@AGJABU_GUID@@PAPAX@Z 10001dce f i CashDrawer.obj
 0001:00000ddb       ?AddRef@?$CComObject@VCOPOSCashDrawer@@@ATL@@WJE@AGKXZ 10001ddb f i CashDrawer.obj
 0001:00000de8       ?Release@?$CComObject@VCOPOSCashDrawer@@@ATL@@WJE@AGKXZ 10001de8 f i CashDrawer.obj
 0001:00000df5       ?QueryInterface@?$CComObject@VCOPOSCashDrawer@@@ATL@@WJI@AGJABU_GUID@@PAPAX@Z 10001df5 f i CashDrawer.obj
 0001:00000e02       ?AddRef@?$CComObject@VCOPOSCashDrawer@@@ATL@@WJI@AGKXZ 10001e02 f i CashDrawer.obj
 0001:00000e0f       ?Release@?$CComObject@VCOPOSCashDrawer@@@ATL@@WJI@AGKXZ 10001e0f f i CashDrawer.obj
 0001:00000e1c       ?QueryInterface@?$CComObject@VCOPOSCashDrawer@@@ATL@@WJM@AGJABU_GUID@@PAPAX@Z 10001e1c f i CashDrawer.obj
 0001:00000e29       ?AddRef@?$CComObject@VCOPOSCashDrawer@@@ATL@@WJM@AGKXZ 10001e29 f i CashDrawer.obj
 0001:00000e36       ?Release@?$CComObject@VCOPOSCashDrawer@@@ATL@@WJM@AGKXZ 10001e36 f i CashDrawer.obj
 0001:00000e43       ?QueryInterface@?$CComObject@VCOPOSCashDrawer@@@ATL@@WKA@AGJABU_GUID@@PAPAX@Z 10001e43 f i CashDrawer.obj
 0001:00000e50       ?AddRef@?$CComObject@VCOPOSCashDrawer@@@ATL@@WKA@AGKXZ 10001e50 f i CashDrawer.obj
 0001:00000e5d       ?Release@?$CComObject@VCOPOSCashDrawer@@@ATL@@WKA@AGKXZ 10001e5d f i CashDrawer.obj
 0001:00000e6a       ?AddRef@?$CComObject@VCOPOSCashDrawer@@@ATL@@WKI@AGKXZ 10001e6a f i CashDrawer.obj
 0001:00000e77       ?Release@?$CComObject@VCOPOSCashDrawer@@@ATL@@WKI@AGKXZ 10001e77 f i CashDrawer.obj
 0001:00000e84       ?AddRef@?$CComObject@VCOPOSCashDrawer@@@ATL@@WLE@AGKXZ 10001e84 f i CashDrawer.obj
 0001:00000e91       ?Release@?$CComObject@VCOPOSCashDrawer@@@ATL@@WLE@AGKXZ 10001e91 f i CashDrawer.obj
 0001:00000e9e       ??_E?$CComContainedObject@VCOPOSCashDrawer@@@ATL@@W3AEPAXI@Z 10001e9e f i CashDrawer.obj
 0001:00000ea6       ??_E?$CComContainedObject@VCOPOSCashDrawer@@@ATL@@WEM@AEPAXI@Z 10001ea6 f i CashDrawer.obj
 0001:00000eae       ?QueryInterface@?$CComContainedObject@VCOPOSCashDrawer@@@ATL@@WHA@AGJABU_GUID@@PAPAX@Z 10001eae f i CashDrawer.obj
 0001:00000eb8       ?AddRef@?$CComContainedObject@VCOPOSCashDrawer@@@ATL@@WHA@AGKXZ 10001eb8 f i CashDrawer.obj
 0001:00000ec2       ?Release@?$CComContainedObject@VCOPOSCashDrawer@@@ATL@@WHA@AGKXZ 10001ec2 f i CashDrawer.obj
 0001:00000ecc       ?QueryInterface@?$CComContainedObject@VCOPOSCashDrawer@@@ATL@@WHE@AGJABU_GUID@@PAPAX@Z 10001ecc f i CashDrawer.obj
 0001:00000ed6       ?AddRef@?$CComContainedObject@VCOPOSCashDrawer@@@ATL@@WHE@AGKXZ 10001ed6 f i CashDrawer.obj
 0001:00000ee0       ?Release@?$CComContainedObject@VCOPOSCashDrawer@@@ATL@@WHE@AGKXZ 10001ee0 f i CashDrawer.obj
 0001:00000eea       ?QueryInterface@?$CComContainedObject@VCOPOSCashDrawer@@@ATL@@WHI@AGJABU_GUID@@PAPAX@Z 10001eea f i CashDrawer.obj
 0001:00000ef4       ?AddRef@?$CComContainedObject@VCOPOSCashDrawer@@@ATL@@WHI@AGKXZ 10001ef4 f i CashDrawer.obj
 0001:00000efe       ?Release@?$CComContainedObject@VCOPOSCashDrawer@@@ATL@@WHI@AGKXZ 10001efe f i CashDrawer.obj
 0001:00000f08       ?QueryInterface@?$CComContainedObject@VCOPOSCashDrawer@@@ATL@@WHM@AGJABU_GUID@@PAPAX@Z 10001f08 f i CashDrawer.obj
 0001:00000f12       ?AddRef@?$CComContainedObject@VCOPOSCashDrawer@@@ATL@@WHM@AGKXZ 10001f12 f i CashDrawer.obj
 0001:00000f1c       ?Release@?$CComContainedObject@VCOPOSCashDrawer@@@ATL@@WHM@AGKXZ 10001f1c f i CashDrawer.obj
 0001:00000f26       ?QueryInterface@?$CComContainedObject@VCOPOSCashDrawer@@@ATL@@WIA@AGJABU_GUID@@PAPAX@Z 10001f26 f i CashDrawer.obj
 0001:00000f33       ?AddRef@?$CComContainedObject@VCOPOSCashDrawer@@@ATL@@WIA@AGKXZ 10001f33 f i CashDrawer.obj
 0001:00000f40       ?Release@?$CComContainedObject@VCOPOSCashDrawer@@@ATL@@WIA@AGKXZ 10001f40 f i CashDrawer.obj
 0001:00000f4d       ?QueryInterface@?$CComContainedObject@VCOPOSCashDrawer@@@ATL@@WIE@AGJABU_GUID@@PAPAX@Z 10001f4d f i CashDrawer.obj
 0001:00000f5a       ?AddRef@?$CComContainedObject@VCOPOSCashDrawer@@@ATL@@WIE@AGKXZ 10001f5a f i CashDrawer.obj
 0001:00000f67       ?Release@?$CComContainedObject@VCOPOSCashDrawer@@@ATL@@WIE@AGKXZ 10001f67 f i CashDrawer.obj
 0001:00000f74       ?QueryInterface@?$CComContainedObject@VCOPOSCashDrawer@@@ATL@@WII@AGJABU_GUID@@PAPAX@Z 10001f74 f i CashDrawer.obj
 0001:00000f81       ?AddRef@?$CComContainedObject@VCOPOSCashDrawer@@@ATL@@WII@AGKXZ 10001f81 f i CashDrawer.obj
 0001:00000f8e       ?Release@?$CComContainedObject@VCOPOSCashDrawer@@@ATL@@WII@AGKXZ 10001f8e f i CashDrawer.obj
 0001:00000f9b       ?QueryInterface@?$CComContainedObject@VCOPOSCashDrawer@@@ATL@@WIM@AGJABU_GUID@@PAPAX@Z 10001f9b f i CashDrawer.obj
 0001:00000fa8       ?AddRef@?$CComContainedObject@VCOPOSCashDrawer@@@ATL@@WIM@AGKXZ 10001fa8 f i CashDrawer.obj
 0001:00000fb5       ?Release@?$CComContainedObject@VCOPOSCashDrawer@@@ATL@@WIM@AGKXZ 10001fb5 f i CashDrawer.obj
 0001:00000fc2       ?QueryInterface@?$CComContainedObject@VCOPOSCashDrawer@@@ATL@@WJA@AGJABU_GUID@@PAPAX@Z 10001fc2 f i CashDrawer.obj
 0001:00000fcf       ?AddRef@?$CComContainedObject@VCOPOSCashDrawer@@@ATL@@WJA@AGKXZ 10001fcf f i CashDrawer.obj
 0001:00000fdc       ?Release@?$CComContainedObject@VCOPOSCashDrawer@@@ATL@@WJA@AGKXZ 10001fdc f i CashDrawer.obj
 0001:00000fe9       ?QueryInterface@?$CComContainedObject@VCOPOSCashDrawer@@@ATL@@WJE@AGJABU_GUID@@PAPAX@Z 10001fe9 f i CashDrawer.obj
 0001:00000ff6       ?AddRef@?$CComContainedObject@VCOPOSCashDrawer@@@ATL@@WJE@AGKXZ 10001ff6 f i CashDrawer.obj
 0001:00001003       ?Release@?$CComContainedObject@VCOPOSCashDrawer@@@ATL@@WJE@AGKXZ 10002003 f i CashDrawer.obj
 0001:00001010       ?QueryInterface@?$CComContainedObject@VCOPOSCashDrawer@@@ATL@@WJI@AGJABU_GUID@@PAPAX@Z 10002010 f i CashDrawer.obj
 0001:0000101d       ?AddRef@?$CComContainedObject@VCOPOSCashDrawer@@@ATL@@WJI@AGKXZ 1000201d f i CashDrawer.obj
 0001:0000102a       ?Release@?$CComContainedObject@VCOPOSCashDrawer@@@ATL@@WJI@AGKXZ 1000202a f i CashDrawer.obj
 0001:00001037       ?QueryInterface@?$CComContainedObject@VCOPOSCashDrawer@@@ATL@@WJM@AGJABU_GUID@@PAPAX@Z 10002037 f i CashDrawer.obj
 0001:00001044       ?AddRef@?$CComContainedObject@VCOPOSCashDrawer@@@ATL@@WJM@AGKXZ 10002044 f i CashDrawer.obj
 0001:00001051       ?Release@?$CComContainedObject@VCOPOSCashDrawer@@@ATL@@WJM@AGKXZ 10002051 f i CashDrawer.obj
 0001:0000105e       ?QueryInterface@?$CComContainedObject@VCOPOSCashDrawer@@@ATL@@WKA@AGJABU_GUID@@PAPAX@Z 1000205e f i CashDrawer.obj
 0001:0000106b       ?AddRef@?$CComContainedObject@VCOPOSCashDrawer@@@ATL@@WKA@AGKXZ 1000206b f i CashDrawer.obj
 0001:00001078       ?Release@?$CComContainedObject@VCOPOSCashDrawer@@@ATL@@WKA@AGKXZ 10002078 f i CashDrawer.obj
 0001:00001085       ?AddRef@?$CComContainedObject@VCOPOSCashDrawer@@@ATL@@WKI@AGKXZ 10002085 f i CashDrawer.obj
 0001:00001092       ?Release@?$CComContainedObject@VCOPOSCashDrawer@@@ATL@@WKI@AGKXZ 10002092 f i CashDrawer.obj
 0001:0000109f       ?AddRef@?$CComContainedObject@VCOPOSCashDrawer@@@ATL@@WLE@AGKXZ 1000209f f i CashDrawer.obj
 0001:000010ac       ?Release@?$CComContainedObject@VCOPOSCashDrawer@@@ATL@@WLE@AGKXZ 100020ac f i CashDrawer.obj
 0001:000010b9       ?Lock@CAtlModule@ATL@@UAEJXZ 100020b9 f i CashDrawer.obj
 0001:000010c3       ?Unlock@CAtlModule@ATL@@UAEJXZ 100020c3 f i CashDrawer.obj
 0001:000010cd       ?GetLockCount@CAtlModule@ATL@@UAEJXZ 100020cd f i CashDrawer.obj
 0001:000010d1       ?GetGITPtr@CAtlModule@ATL@@UAEJPAPAUIGlobalInterfaceTable@@@Z 100020d1 f i CashDrawer.obj
 0001:0000111d       ?AddCommonRGSReplacements@?$CAtlModuleT@VCComModule@ATL@@@ATL@@UAEJPAUIRegistrarBase@@@Z 1000211d f i CashDrawer.obj
 0001:00001137       ?UpdateRegistryFromResourceD@CComModule@ATL@@UAGJPB_WHPAU_ATL_REGMAP_ENTRY@2@@Z 10002137 f i CashDrawer.obj
 0001:00001137       ?UpdateRegistryFromResourceD@CComModule@ATL@@UAGJIHPAU_ATL_REGMAP_ENTRY@2@@Z 10002137 f i CashDrawer.obj
 0001:0000113f       ?UpdateRegistryFromResource@CComModule@ATL@@UAGJPB_WHPAU_ATL_REGMAP_ENTRY@2@@Z 1000213f f i CashDrawer.obj
 0001:00001148       ?UpdateRegistryFromResource@CComModule@ATL@@UAGJIHPAU_ATL_REGMAP_ENTRY@2@@Z 10002148 f i CashDrawer.obj
 0001:00001151       ??_ECComModule@ATL@@UAEPAXI@Z 10002151 f i CashDrawer.obj
 0001:00001151       ??_GCComModule@ATL@@UAEPAXI@Z 10002151 f i CashDrawer.obj
 0001:00001179       ?GetWindowProc@?$CWindowImplBaseT@VCWindow@ATL@@V?$CWinTraits@$0FGAAAAAA@$0A@@2@@ATL@@UAEP6GJPAUHWND__@@IIJ@ZXZ 10002179 f i CashDrawer.obj
 0001:0000117f       ?StartWindowProc@?$CWindowImplBaseT@VCWindow@ATL@@V?$CWinTraits@$0FGAAAAAA@$0A@@2@@ATL@@SGJPAUHWND__@@IIJ@Z 1000217f f i CashDrawer.obj
 0001:000011d3       ?GetTypeInfoCount@?$IDispatchImpl@UIOPOSCashDrawer@@$1?IID_IOPOSCashDrawer@@3U_GUID@@B$1?LIBID_OposCashDrawer_CCO@@3U3@B$00$0A@VCComTypeInfoHolder@ATL@@@ATL@@UAGJPAI@Z 100021d3 f i CashDrawer.obj
 0001:000011f0       ?GetTypeInfo@?$IDispatchImpl@UIOPOSCashDrawer@@$1?IID_IOPOSCashDrawer@@3U_GUID@@B$1?LIBID_OposCashDrawer_CCO@@3U3@B$00$0A@VCComTypeInfoHolder@ATL@@@ATL@@UAGJIKPAPAUITypeInfo@@@Z 100021f0 f i CashDrawer.obj
 0001:00001214       ?GetIDsOfNames@?$IDispatchImpl@UIOPOSCashDrawer@@$1?IID_IOPOSCashDrawer@@3U_GUID@@B$1?LIBID_OposCashDrawer_CCO@@3U3@B$00$0A@VCComTypeInfoHolder@ATL@@@ATL@@UAGJABU_GUID@@PAPA_WIKPAJ@Z 10002214 f i CashDrawer.obj
 0001:00001234       ?Invoke@?$IDispatchImpl@UIOPOSCashDrawer@@$1?IID_IOPOSCashDrawer@@3U_GUID@@B$1?LIBID_OposCashDrawer_CCO@@3U3@B$00$0A@VCComTypeInfoHolder@ATL@@@ATL@@UAGJJABU_GUID@@KGPAUtagDISPPARAMS@@PAUtagVARIANT@@PAUtagEXCEPINFO@@PAI@Z 10002234 f i CashDrawer.obj
 0001:00001242       ?CreateControlWindow@?$CComControl@VCOPOSCashDrawer@@V?$CWindowImpl@VCOPOSCashDrawer@@VCWindow@ATL@@V?$CWinTraits@$0FGAAAAAA@$0A@@3@@ATL@@@ATL@@UAEPAUHWND__@@PAU3@AAUtagRECT@@@Z 10002242 f i CashDrawer.obj
 0001:00001271       ?ControlQueryInterface@?$CComControl@VCOPOSCashDrawer@@V?$CWindowImpl@VCOPOSCashDrawer@@VCWindow@ATL@@V?$CWinTraits@$0FGAAAAAA@$0A@@3@@ATL@@@ATL@@UAEJABU_GUID@@PAPAX@Z 10002271 f i CashDrawer.obj
 0001:0000128c       ?GetUserClassID@?$IOleObjectImpl@VCOPOSCashDrawer@@@ATL@@UAGJPAU_GUID@@@Z 1000228c f i CashDrawer.obj
 0001:0000128c       ?GetClassID@?$IPersistStreamInitImpl@VCOPOSCashDrawer@@@ATL@@UAGJPAU_GUID@@@Z 1000228c f i CashDrawer.obj
 0001:0000128c       ?GetClassID@?$IPersistStorageImpl@VCOPOSCashDrawer@@@ATL@@UAGJPAU_GUID@@@Z 1000228c f i CashDrawer.obj
 0001:000012b0       ?IsDirty@?$IPersistStreamInitImpl@VCOPOSCashDrawer@@@ATL@@UAGJXZ 100022b0 f i CashDrawer.obj
 0001:000012cf       ?Load@?$IPersistStreamInitImpl@VCOPOSCashDrawer@@@ATL@@UAGJPAUIStream@@@Z 100022cf f i CashDrawer.obj
 0001:000012ee       ?Save@?$IPersistStreamInitImpl@VCOPOSCashDrawer@@@ATL@@UAGJPAUIStream@@H@Z 100022ee f i CashDrawer.obj
 0001:00001310       ?GetSizeMax@?$IPersistStreamInitImpl@VCOPOSCashDrawer@@@ATL@@UAGJPAT_ULARGE_INTEGER@@@Z 10002310 f i CashDrawer.obj
 0001:000014c5       ?InitNew@?$IPersistStreamInitImpl@VCOPOSCashDrawer@@@ATL@@UAGJXZ 100024c5 f i CashDrawer.obj
 0001:000014e2       ?SOOutputCompleteDummy@COPOSCashDrawer@@MAGJJ@Z 100024e2 f i CashDrawer.obj
 0001:000014e2       ?SetColorScheme@?$IOleObjectImpl@VCOPOSCashDrawer@@@ATL@@UAGJPAUtagLOGPALETTE@@@Z 100024e2 f i CashDrawer.obj
 0001:000014e2       ?Unfreeze@?$IViewObjectExImpl@VCOPOSCashDrawer@@@ATL@@UAGJK@Z 100024e2 f i CashDrawer.obj
 0001:000014e2       ?ContextSensitiveHelp@?$IOleInPlaceObjectWindowlessImpl@VCOPOSCashDrawer@@@ATL@@UAGJH@Z 100024e2 f i CashDrawer.obj
 0001:000014e2       ?SODataDummy@COPOSCashDrawer@@MAGJJ@Z 100024e2 f i CashDrawer.obj
 0001:000014e2       ?GetControlInfo@?$IOleControlImpl@VCOPOSCashDrawer@@@ATL@@UAGJPAUtagCONTROLINFO@@@Z 100024e2 f i CashDrawer.obj
 0001:000014e2       ?GetDropTarget@?$IOleInPlaceObjectWindowlessImpl@VCOPOSCashDrawer@@@ATL@@UAGJPAPAUIDropTarget@@@Z 100024e2 f i CashDrawer.obj
 0001:000014e2       ?OnMnemonic@?$IOleControlImpl@VCOPOSCashDrawer@@@ATL@@UAGJPAUtagMSG@@@Z 100024e2 f i CashDrawer.obj
 0001:000014e2       ?QueryGetData@?$IDataObjectImpl@VCOPOSCashDrawer@@@ATL@@UAGJPAUtagFORMATETC@@@Z 100024e2 f i CashDrawer.obj
 0001:000014e2       ?ContextSensitiveHelp@?$IOleInPlaceActiveObjectImpl@VCOPOSCashDrawer@@@ATL@@UAGJH@Z 100024e2 f i CashDrawer.obj
 0001:000014ea       ?OnFrameWindowActivate@?$IOleInPlaceActiveObjectImpl@VCOPOSCashDrawer@@@ATL@@UAGJH@Z 100024ea f i CashDrawer.obj
 0001:000014ea       ?OnAmbientPropertyChange@?$IOleControlImpl@VCOPOSCashDrawer@@@ATL@@UAGJJ@Z 100024ea f i CashDrawer.obj
 0001:000014ea       ?EnableModeless@?$IOleInPlaceActiveObjectImpl@VCOPOSCashDrawer@@@ATL@@UAGJH@Z 100024ea f i CashDrawer.obj
 0001:000014ea       ?SaveCompleted@?$IPersistStorageImpl@VCOPOSCashDrawer@@@ATL@@UAGJPAUIStorage@@@Z 100024ea f i CashDrawer.obj
 0001:000014ef       ?SetClientSite@?$IOleObjectImpl@VCOPOSCashDrawer@@@ATL@@UAGJPAUIOleClientSite@@@Z 100024ef f i CashDrawer.obj
 0001:0000150c       ?GetClientSite@?$IOleObjectImpl@VCOPOSCashDrawer@@@ATL@@UAGJPAPAUIOleClientSite@@@Z 1000250c f i CashDrawer.obj
 0001:00001529       ?SetHostNames@?$IOleObjectImpl@VCOPOSCashDrawer@@@ATL@@UAGJPB_W0@Z 10002529 f i CashDrawer.obj
 0001:0000152e       ?Close@?$IOleObjectImpl@VCOPOSCashDrawer@@@ATL@@UAGJK@Z 1000252e f i CashDrawer.obj
 0001:0000154b       ?GetRect@?$IViewObjectExImpl@VCOPOSCashDrawer@@@ATL@@UAGJKPAU_RECTL@@@Z 1000254b f i CashDrawer.obj
 0001:0000154b       ?GetDataHere@?$IDataObjectImpl@VCOPOSCashDrawer@@@ATL@@UAGJPAUtagFORMATETC@@PAUtagSTGMEDIUM@@@Z 1000254b f i CashDrawer.obj
 0001:0000154b       ?GetClipboardData@?$IOleObjectImpl@VCOPOSCashDrawer@@@ATL@@UAGJKPAPAUIDataObject@@@Z 1000254b f i CashDrawer.obj
 0001:0000154b       ?SetMoniker@?$IOleObjectImpl@VCOPOSCashDrawer@@@ATL@@UAGJKPAUIMoniker@@@Z 1000254b f i CashDrawer.obj
 0001:0000154b       ?QueryInterface@CRegObject@ATL@@UAGJABU_GUID@@PAPAX@Z 1000254b f i CashDrawer.obj
 0001:0000154b       ?GetCanonicalFormatEtc@?$IDataObjectImpl@VCOPOSCashDrawer@@@ATL@@UAGJPAUtagFORMATETC@@0@Z 1000254b f i CashDrawer.obj
 0001:0000154b       ?EnumFormatEtc@?$IDataObjectImpl@VCOPOSCashDrawer@@@ATL@@UAGJKPAPAUIEnumFORMATETC@@@Z 1000254b f i CashDrawer.obj
 0001:00001553       ?GetMoniker@?$IOleObjectImpl@VCOPOSCashDrawer@@@ATL@@UAGJKKPAPAUIMoniker@@@Z 10002553 f i CashDrawer.obj
 0001:00001553       ?SetData@?$IDataObjectImpl@VCOPOSCashDrawer@@@ATL@@UAGJPAUtagFORMATETC@@PAUtagSTGMEDIUM@@H@Z 10002553 f i CashDrawer.obj
 0001:00001553       ?InitFromData@?$IOleObjectImpl@VCOPOSCashDrawer@@@ATL@@UAGJPAUIDataObject@@HK@Z 10002553 f i CashDrawer.obj
 0001:0000155b       ?DoVerb@?$IOleObjectImpl@VCOPOSCashDrawer@@@ATL@@UAGJJPAUtagMSG@@PAUIOleClientSite@@JPAUHWND__@@PBUtagRECT@@@Z 1000255b f i CashDrawer.obj
 0001:00001673       ?EnumVerbs@?$IOleObjectImpl@VCOPOSCashDrawer@@@ATL@@UAGJPAPAUIEnumOLEVERB@@@Z 10002673 f i CashDrawer.obj
 0001:00001695       ?IsUpToDate@?$IOleObjectImpl@VCOPOSCashDrawer@@@ATL@@UAGJXZ 10002695 f i CashDrawer.obj
 0001:00001695       ?Update@?$IOleObjectImpl@VCOPOSCashDrawer@@@ATL@@UAGJXZ 10002695 f i CashDrawer.obj
 0001:00001695       ?HandsOffStorage@?$IPersistStorageImpl@VCOPOSCashDrawer@@@ATL@@UAGJXZ 10002695 f i CashDrawer.obj
 0001:00001695       ?Release@CRegObject@ATL@@UAGKXZ 10002695 f i CashDrawer.obj
 0001:0000169a       ?GetUserType@?$IOleObjectImpl@VCOPOSCashDrawer@@@ATL@@UAGJKPAPA_W@Z 1000269a f i CashDrawer.obj
 0001:000016b2       ?SetExtent@?$IOleObjectImpl@VCOPOSCashDrawer@@@ATL@@UAGJKPAUtagSIZE@@@Z 100026b2 f i CashDrawer.obj
 0001:000016d2       ?GetExtent@?$IOleObjectImpl@VCOPOSCashDrawer@@@ATL@@UAGJKPAUtagSIZE@@@Z 100026d2 f i CashDrawer.obj
 0001:00001710       ?Advise@?$IOleObjectImpl@VCOPOSCashDrawer@@@ATL@@UAGJPAUIAdviseSink@@PAK@Z 10002710 f i CashDrawer.obj
 0001:00001730       ?Unadvise@?$IOleObjectImpl@VCOPOSCashDrawer@@@ATL@@UAGJK@Z 10002730 f i CashDrawer.obj
 0001:0000175f       ?EnumAdvise@?$IOleObjectImpl@VCOPOSCashDrawer@@@ATL@@UAGJPAPAUIEnumSTATDATA@@@Z 1000275f f i CashDrawer.obj
 0001:0000179f       ?GetMiscStatus@?$IOleObjectImpl@VCOPOSCashDrawer@@@ATL@@UAGJKPAK@Z 1000279f f i CashDrawer.obj
 0001:000017b7       ?GetWindow@?$IOleInPlaceActiveObjectImpl@VCOPOSCashDrawer@@@ATL@@UAGJPAPAUHWND__@@@Z 100027b7 f i CashDrawer.obj
 0001:00001804       ?TranslateAcceleratorW@?$IOleInPlaceActiveObjectImpl@VCOPOSCashDrawer@@@ATL@@UAGJPAUtagMSG@@@Z 10002804 f i CashDrawer.obj
 0001:000018a2       ?OnDocWindowActivate@?$IOleInPlaceActiveObjectImpl@VCOPOSCashDrawer@@@ATL@@UAGJH@Z 100028a2 f i CashDrawer.obj
 0001:000018c4       ?ResizeBorder@?$IOleInPlaceActiveObjectImpl@VCOPOSCashDrawer@@@ATL@@UAGJPBUtagRECT@@PAUIOleInPlaceUIWindow@@H@Z 100028c4 f i CashDrawer.obj
 0001:000018c9       ?Draw@?$IViewObjectExImpl@VCOPOSCashDrawer@@@ATL@@UAGJKJPAXPAUtagDVTARGETDEVICE@@PAUHDC__@@2PBU_RECTL@@3P6GHK@ZK@Z 100028c9 f i CashDrawer.obj
 0001:000018fb       ?GetColorSet@?$IViewObjectExImpl@VCOPOSCashDrawer@@@ATL@@UAGJKJPAXPAUtagDVTARGETDEVICE@@PAUHDC__@@PAPAUtagLOGPALETTE@@@Z 100028fb f i CashDrawer.obj
 0001:00001903       ?SOErrorDummy@COPOSCashDrawer@@MAGJJJJPAJ@Z 10002903 f i CashDrawer.obj
 0001:00001903       ?Freeze@?$IViewObjectExImpl@VCOPOSCashDrawer@@@ATL@@UAGJKJPAXPAK@Z 10002903 f i CashDrawer.obj
 0001:0000190b       ?SetAdvise@?$IViewObjectExImpl@VCOPOSCashDrawer@@@ATL@@UAGJKKPAUIAdviseSink@@@Z 1000290b f i CashDrawer.obj
 0001:0000192a       ?GetAdvise@?$IViewObjectExImpl@VCOPOSCashDrawer@@@ATL@@UAGJPAK0PAPAUIAdviseSink@@@Z 1000292a f i CashDrawer.obj
 0001:0000195f       ?GetExtent@?$IViewObjectExImpl@VCOPOSCashDrawer@@@ATL@@UAGJKJPAUtagDVTARGETDEVICE@@PAUtagSIZE@@@Z 1000295f f i CashDrawer.obj
 0001:00001990       ?GetViewStatus@?$IViewObjectExImpl@VCOPOSCashDrawer@@@ATL@@UAGJPAK@Z 10002990 f i CashDrawer.obj
 0001:000019ad       ?QueryHitPoint@?$IViewObjectExImpl@VCOPOSCashDrawer@@@ATL@@UAGJKPBUtagRECT@@UtagPOINT@@JPAK@Z 100029ad f i CashDrawer.obj
 0001:000019ee       ?QueryHitRect@?$IViewObjectExImpl@VCOPOSCashDrawer@@@ATL@@UAGJKPBUtagRECT@@0JPAK@Z 100029ee f i CashDrawer.obj
 0001:00001a49       ?GetNaturalExtent@?$IViewObjectExImpl@VCOPOSCashDrawer@@@ATL@@UAGJKJPAUtagDVTARGETDEVICE@@PAUHDC__@@PAUtagExtentInfo@@PAUtagSIZE@@@Z 10002a49 f i CashDrawer.obj
 0001:00001a94       ?GetWindow@?$IOleInPlaceObjectWindowlessImpl@VCOPOSCashDrawer@@@ATL@@UAGJPAPAUHWND__@@@Z 10002a94 f i CashDrawer.obj
 0001:00001ae1       ?InPlaceDeactivate@?$IOleInPlaceObjectWindowlessImpl@VCOPOSCashDrawer@@@ATL@@UAGJXZ 10002ae1 f i CashDrawer.obj
 0001:00001afb       ?UIDeactivate@?$IOleInPlaceObjectWindowlessImpl@VCOPOSCashDrawer@@@ATL@@UAGJXZ 10002afb f i CashDrawer.obj
 0001:00001b15       ?SetObjectRects@?$IOleInPlaceObjectWindowlessImpl@VCOPOSCashDrawer@@@ATL@@UAGJPBUtagRECT@@0@Z 10002b15 f i CashDrawer.obj
 0001:00001b35       ?ReactivateAndUndo@?$IOleInPlaceObjectWindowlessImpl@VCOPOSCashDrawer@@@ATL@@UAGJXZ 10002b35 f i CashDrawer.obj
 0001:00001b3d       ?OnWindowMessage@?$IOleInPlaceObjectWindowlessImpl@VCOPOSCashDrawer@@@ATL@@UAGJIIJPAJ@Z 10002b3d f i CashDrawer.obj
 0001:00001bad       ?EnumConnectionPoints@?$IConnectionPointContainerImpl@VCOPOSCashDrawer@@@ATL@@UAGJPAPAUIEnumConnectionPoints@@@Z 10002bad f i CashDrawer.obj
 0001:00001d27       ?FindConnectionPoint@?$IConnectionPointContainerImpl@VCOPOSCashDrawer@@@ATL@@UAGJABU_GUID@@PAPAUIConnectionPoint@@@Z 10002d27 f i CashDrawer.obj
 0001:00001dca       ?IsDirty@?$IPersistStorageImpl@VCOPOSCashDrawer@@@ATL@@UAGJXZ 10002dca f i CashDrawer.obj
 0001:00001dfe       ?InitNew@?$IPersistStorageImpl@VCOPOSCashDrawer@@@ATL@@UAGJPAUIStorage@@@Z 10002dfe f i CashDrawer.obj
 0001:00001e32       ?Load@?$IPersistStorageImpl@VCOPOSCashDrawer@@@ATL@@UAGJPAUIStorage@@@Z 10002e32 f i CashDrawer.obj
 0001:00001e9e       ?Save@?$IPersistStorageImpl@VCOPOSCashDrawer@@@ATL@@UAGJPAUIStorage@@H@Z 10002e9e f i CashDrawer.obj
 0001:00001f11       ?GetPages@?$ISpecifyPropertyPagesImpl@VCOPOSCashDrawer@@@ATL@@UAGJPAUtagCAUUID@@@Z 10002f11 f i CashDrawer.obj
 0001:00001f28       ?QuickActivate@?$IQuickActivateImpl@VCOPOSCashDrawer@@@ATL@@UAGJPAUtagQACONTAINER@@PAUtagQACONTROL@@@Z 10002f28 f i CashDrawer.obj
 0001:00001f4b       ?SetContentExtent@?$IQuickActivateImpl@VCOPOSCashDrawer@@@ATL@@UAGJPAUtagSIZE@@@Z 10002f4b f i CashDrawer.obj
 0001:00001f77       ?GetContentExtent@?$IQuickActivateImpl@VCOPOSCashDrawer@@@ATL@@UAGJPAUtagSIZE@@@Z 10002f77 f i CashDrawer.obj
 0001:00001f97       ?GetData@?$IDataObjectImpl@VCOPOSCashDrawer@@@ATL@@UAGJPAUtagFORMATETC@@PAUtagSTGMEDIUM@@@Z 10002f97 f i CashDrawer.obj
 0001:00001fba       ?DAdvise@?$IDataObjectImpl@VCOPOSCashDrawer@@@ATL@@UAGJPAUtagFORMATETC@@KPAUIAdviseSink@@PAK@Z 10002fba f i CashDrawer.obj
 0001:00001ffb       ?DUnadvise@?$IDataObjectImpl@VCOPOSCashDrawer@@@ATL@@UAGJK@Z 10002ffb f i CashDrawer.obj
 0001:00002029       ?EnumDAdvise@?$IDataObjectImpl@VCOPOSCashDrawer@@@ATL@@UAGJPAPAUIEnumSTATDATA@@@Z 10003029 f i CashDrawer.obj
 0001:00002068       ?GetClassInfoW@?$IProvideClassInfo2Impl@$1?CLSID_OPOSCashDrawer@@3U_GUID@@B$1?DIID__IOPOSCashDrawerEvents@@3U2@B$1?LIBID_OposCashDrawer_CCO@@3U2@B$00$0A@VCComTypeInfoHolder@ATL@@@ATL@@UAGJPAPAUITypeInfo@@@Z 10003068 f i CashDrawer.obj
 0001:0000207e       ?GetGUID@?$IProvideClassInfo2Impl@$1?CLSID_OPOSCashDrawer@@3U_GUID@@B$1?DIID__IOPOSCashDrawerEvents@@3U2@B$1?LIBID_OposCashDrawer_CCO@@3U2@B$00$0A@VCComTypeInfoHolder@ATL@@@ATL@@UAGJKPAU_GUID@@@Z 1000307e f i CashDrawer.obj
 0001:000020bc       __get_startup_argv_mode    100030bc f i LIBCMT:argv_mode.obj
 0001:000020bc       ?FAccessAllowed@?$IObjectSafetyImpl@VCOPOSCashDrawer@@$02@ATL@@MAEHXZ 100030bc f i CashDrawer.obj
 0001:000020c0       ?GetInterfaceSafetyOptions@?$IObjectSafetyImpl@VCOPOSCashDrawer@@$02@ATL@@UAGJABU_GUID@@PAK1@Z 100030c0 f i CashDrawer.obj
 0001:00002134       ?SetInterfaceSafetyOptions@?$IObjectSafetyImpl@VCOPOSCashDrawer@@$02@ATL@@UAGJABU_GUID@@KK@Z 10003134 f i CashDrawer.obj
 0001:000021ae       ?_LocCPQueryInterface@?$IConnectionPointImpl@VCOPOSCashDrawer@@$1?IID_IPropertyNotifySink@@3U_GUID@@BVCComDynamicUnkArray@ATL@@@ATL@@UAGJABU_GUID@@PAPAX@Z 100031ae f i CashDrawer.obj
 0001:000021ae       ?_LocCPQueryInterface@?$IConnectionPointImpl@VCOPOSCashDrawer@@$1?DIID__IOPOSCashDrawerEvents@@3U_GUID@@BVCComDynamicUnkArray@ATL@@@ATL@@UAGJABU_GUID@@PAPAX@Z 100031ae f i CashDrawer.obj
 0001:000021fb       ?GetConnectionInterface@?$IConnectionPointImpl@VCOPOSCashDrawer@@$1?IID_IPropertyNotifySink@@3U_GUID@@BVCComDynamicUnkArray@ATL@@@ATL@@UAGJPAU_GUID@@@Z 100031fb f i CashDrawer.obj
 0001:0000221f       ?GetConnectionPointContainer@?$IConnectionPointImpl@VCOPOSCashDrawer@@$1?IID_IPropertyNotifySink@@3U_GUID@@BVCComDynamicUnkArray@ATL@@@ATL@@UAGJPAPAUIConnectionPointContainer@@@Z 1000321f f i CashDrawer.obj
 0001:00002242       ?Advise@?$IConnectionPointImpl@VCOPOSCashDrawer@@$1?IID_IPropertyNotifySink@@3U_GUID@@BVCComDynamicUnkArray@ATL@@@ATL@@UAGJPAUIUnknown@@PAK@Z 10003242 f i CashDrawer.obj
 0001:00002242       ?Advise@?$IConnectionPointImpl@VCOPOSCashDrawer@@$1?DIID__IOPOSCashDrawerEvents@@3U_GUID@@BVCComDynamicUnkArray@ATL@@@ATL@@UAGJPAUIUnknown@@PAK@Z 10003242 f i CashDrawer.obj
 0001:000022e3       ?Unadvise@?$IConnectionPointImpl@VCOPOSCashDrawer@@$1?IID_IPropertyNotifySink@@3U_GUID@@BVCComDynamicUnkArray@ATL@@@ATL@@UAGJK@Z 100032e3 f i CashDrawer.obj
 0001:000022e3       ?Unadvise@?$IConnectionPointImpl@VCOPOSCashDrawer@@$1?DIID__IOPOSCashDrawerEvents@@3U_GUID@@BVCComDynamicUnkArray@ATL@@@ATL@@UAGJK@Z 100032e3 f i CashDrawer.obj
 0001:00002323       ?EnumConnections@?$IConnectionPointImpl@VCOPOSCashDrawer@@$1?DIID__IOPOSCashDrawerEvents@@3U_GUID@@BVCComDynamicUnkArray@ATL@@@ATL@@UAGJPAPAUIEnumConnections@@@Z 10003323 f i CashDrawer.obj
 0001:00002323       ?EnumConnections@?$IConnectionPointImpl@VCOPOSCashDrawer@@$1?IID_IPropertyNotifySink@@3U_GUID@@BVCComDynamicUnkArray@ATL@@@ATL@@UAGJPAPAUIEnumConnections@@@Z 10003323 f i CashDrawer.obj
 0001:00002429       ?GetConnectionInterface@?$IConnectionPointImpl@VCOPOSCashDrawer@@$1?DIID__IOPOSCashDrawerEvents@@3U_GUID@@BVCComDynamicUnkArray@ATL@@@ATL@@UAGJPAU_GUID@@@Z 10003429 f i CashDrawer.obj
 0001:0000244d       ?GetConnectionPointContainer@?$IConnectionPointImpl@VCOPOSCashDrawer@@$1?DIID__IOPOSCashDrawerEvents@@3U_GUID@@BVCComDynamicUnkArray@ATL@@@ATL@@UAGJPAPAUIConnectionPointContainer@@@Z 1000344d f i CashDrawer.obj
 0001:00002470       ?AddRef@CRegObject@ATL@@UAGKXZ 10003470 f i CashDrawer.obj
 0001:00002476       ?AddReplacement@CRegObject@ATL@@UAGJPB_W0@Z 10003476 f i CashDrawer.obj
 0001:000024af       ?ClearReplacements@CRegObject@ATL@@UAGJXZ 100034af f i CashDrawer.obj
 0001:000024c1       ?UpdateRegistry@COPOSCashDrawer@@SGJH@Z 100034c1 f i CashDrawer.obj
 0001:000024d9       ??_ECRegObject@ATL@@UAEPAXI@Z 100034d9 f i CashDrawer.obj
 0001:000024d9       ??_GCRegObject@ATL@@UAEPAXI@Z 100034d9 f i CashDrawer.obj
 0001:000024fb       ?ProcessWindowMessage@COPOSCashDrawer@@UAEHPAUHWND__@@IIJAAJK@Z 100034fb f i CashDrawer.obj
 0001:00002544       ?SODirectIO@COPOSCashDrawer@@MAGJJPAJPAPA_W@Z 10003544 f i CashDrawer.obj
 0001:0000258d       ?SOStatusUpdate@COPOSCashDrawer@@MAGJJ@Z 1000358d f i CashDrawer.obj
 0001:000025c6       ?CreateInstance@?$CComCreator@V?$CComObjectCached@VCComClassFactory@ATL@@@ATL@@@ATL@@SGJPAXABU_GUID@@PAPAX@Z 100035c6 f i CashDrawer.obj
 0001:00002659       ?CreateInstance@?$CComCreator2@V?$CComCreator@V?$CComObject@VCOPOSCashDrawer@@@ATL@@@ATL@@V?$CComCreator@V?$CComAggObject@VCOPOSCashDrawer@@@ATL@@@2@@ATL@@SGJPAXABU_GUID@@PAPAX@Z 10003659 f i CashDrawer.obj
 0001:00002679       ?Next@?$CComEnumImpl@UIEnumConnectionPoints@@$1?_GUID_b196b285_bab4_101a_b69c_00aa00341d07@@3U__s_GUID@@BPAUIConnectionPoint@@V?$_CopyInterface@UIConnectionPoint@@@ATL@@@ATL@@UAGJKPAPAUIConnectionPoint@@PAK@Z 10003679 f i CashDrawer.obj
 0001:00002750       ?Skip@?$CComEnumImpl@UIEnumConnectionPoints@@$1?_GUID_b196b285_bab4_101a_b69c_00aa00341d07@@3U__s_GUID@@BPAUIConnectionPoint@@V?$_CopyInterface@UIConnectionPoint@@@ATL@@@ATL@@UAGJK@Z 10003750 f i CashDrawer.obj
 0001:0000277d       ?Clone@?$CComEnumImpl@UIEnumConnectionPoints@@$1?_GUID_b196b285_bab4_101a_b69c_00aa00341d07@@3U__s_GUID@@BPAUIConnectionPoint@@V?$_CopyInterface@UIConnectionPoint@@@ATL@@@ATL@@UAGJPAPAUIEnumConnectionPoints@@@Z 1000377d f i CashDrawer.obj
 0001:0000285c       ?QueryInterface@?$CComObject@V?$CComEnum@UIEnumConnectionPoints@@$1?_GUID_b196b285_bab4_101a_b69c_00aa00341d07@@3U__s_GUID@@BPAUIConnectionPoint@@V?$_CopyInterface@UIConnectionPoint@@@ATL@@VCComSingleThreadModel@6@@ATL@@@ATL@@UAGJABU_GUID@@PAPAX@Z 1000385c f i CashDrawer.obj
 0001:00002876       ??_G?$CComObject@V?$CComEnum@UIEnumConnectionPoints@@$1?_GUID_b196b285_bab4_101a_b69c_00aa00341d07@@3U__s_GUID@@BPAUIConnectionPoint@@V?$_CopyInterface@UIConnectionPoint@@@ATL@@VCComSingleThreadModel@6@@ATL@@@ATL@@UAEPAXI@Z 10003876 f i CashDrawer.obj
 0001:00002876       ??_E?$CComObject@V?$CComEnum@UIEnumConnectionPoints@@$1?_GUID_b196b285_bab4_101a_b69c_00aa00341d07@@3U__s_GUID@@BPAUIConnectionPoint@@V?$_CopyInterface@UIConnectionPoint@@@ATL@@VCComSingleThreadModel@6@@ATL@@@ATL@@UAEPAXI@Z 10003876 f i CashDrawer.obj
 0001:00002898       ??$?4UITypeInfo2@@@?$CComPtr@UITypeInfo@@@ATL@@QAEPAUITypeInfo@@ABV?$CComPtr@UITypeInfo2@@@1@@Z 10003898 f i CashDrawer.obj
 0001:000028c5       ??$AtlAdd@K@ATL@@YAJPAKKK@Z 100038c5 f i CashDrawer.obj
 0001:000028e8       ??$AtlAdd@_K@ATL@@YAJPA_K_K1@Z 100038e8 f i CashDrawer.obj
 0001:00002920       ??$AtlAddThrow@K@ATL@@YAKKK@Z 10003920 f i CashDrawer.obj
 0001:00002946       ??$AtlModuleRegisterWndClassInfoT@VAtlModuleRegisterWndClassInfoParamW@ATL@@@ATL@@YAGPAU_ATL_BASE_MODULE70@0@PAU_ATL_WIN_MODULE70@0@PAU_ATL_WNDCLASSINFOW@0@PAP6GJPAUHWND__@@IIJ@ZVAtlModuleRegisterWndClassInfoParamW@0@@Z 10003946 f i CashDrawer.obj
 0001:00002a94       ??$AtlMultiply@H@ATL@@YAJPAHHH@Z 10003a94 f i CashDrawer.obj
 0001:00002acc       ??$AtlMultiply@I@ATL@@YAJPAIII@Z 10003acc f i CashDrawer.obj
 0001:00002acc       ??$AtlMultiply@K@ATL@@YAJPAKKK@Z 10003acc f i CashDrawer.obj
 0001:00002aee       ??$AtlMultiplyThrow@I@ATL@@YAIII@Z 10003aee f i CashDrawer.obj
 0001:00002b14       ??0?$CComAggObject@VCOPOSCashDrawer@@@ATL@@QAE@PAX@Z 10003b14 f i CashDrawer.obj
 0001:00002b41       ??0?$CComContainedObject@VCOPOSCashDrawer@@@ATL@@QAE@PAX@Z 10003b41 f i CashDrawer.obj
 0001:00002bfa       ??0?$CComObject@V?$CComEnum@UIEnumConnectionPoints@@$1?_GUID_b196b285_bab4_101a_b69c_00aa00341d07@@3U__s_GUID@@BPAUIConnectionPoint@@V?$_CopyInterface@UIConnectionPoint@@@ATL@@VCComSingleThreadModel@6@@ATL@@@ATL@@QAE@PAX@Z 10003bfa f i CashDrawer.obj
 0001:00002c28       ??0?$CComObject@V?$CComEnum@UIEnumConnections@@$1?_GUID_b196b287_bab4_101a_b69c_00aa00341d07@@3U__s_GUID@@BUtagCONNECTDATA@@V?$_Copy@UtagCONNECTDATA@@@ATL@@VCComSingleThreadModel@6@@ATL@@@ATL@@QAE@PAX@Z 10003c28 f i CashDrawer.obj
 0001:00002c56       ??0?$CComObject@VCOPOSCashDrawer@@@ATL@@QAE@PAX@Z 10003c56 f i CashDrawer.obj
 0001:00002d0d       ??0?$CComQIPtr@UIOleControlSite@@$1?_GUID_b196b289_bab4_101a_b69c_00aa00341d07@@3U__s_GUID@@B@ATL@@QAE@PAUIUnknown@@@Z 10003d0d f i CashDrawer.obj
 0001:00002d36       ??0CAtlModule@ATL@@QAE@XZ  10003d36 f i CashDrawer.obj
 0001:00002d77       ??0CParseBuffer@CRegParser@ATL@@QAE@H@Z 10003d77 f i CashDrawer.obj
 0001:00002dad       ??0_ATL_MSG@ATL@@QAE@PAUHWND__@@IIJH@Z 10003dad f i CashDrawer.obj
 0001:00002de5       ??1?$CComAggObject@VCOPOSCashDrawer@@@ATL@@UAE@XZ 10003de5 f i CashDrawer.obj
 0001:00002e09       ??1?$CComEnumImpl@UIEnumConnectionPoints@@$1?_GUID_b196b285_bab4_101a_b69c_00aa00341d07@@3U__s_GUID@@BPAUIConnectionPoint@@V?$_CopyInterface@UIConnectionPoint@@@ATL@@@ATL@@UAE@XZ 10003e09 f i CashDrawer.obj
 0001:00002e49       ??1?$CComEnumImpl@UIEnumConnections@@$1?_GUID_b196b287_bab4_101a_b69c_00aa00341d07@@3U__s_GUID@@BUtagCONNECTDATA@@V?$_Copy@UtagCONNECTDATA@@@ATL@@@ATL@@UAE@XZ 10003e49 f i CashDrawer.obj
 0001:00002e89       ??1?$CComObject@V?$CComEnum@UIEnumConnectionPoints@@$1?_GUID_b196b285_bab4_101a_b69c_00aa00341d07@@3U__s_GUID@@BPAUIConnectionPoint@@V?$_CopyInterface@UIConnectionPoint@@@ATL@@VCComSingleThreadModel@6@@ATL@@@ATL@@UAE@XZ 10003e89 f i CashDrawer.obj
 0001:00002eac       ??1?$CComObject@V?$CComEnum@UIEnumConnections@@$1?_GUID_b196b287_bab4_101a_b69c_00aa00341d07@@3U__s_GUID@@BUtagCONNECTDATA@@V?$_Copy@UtagCONNECTDATA@@@ATL@@VCComSingleThreadModel@6@@ATL@@@ATL@@UAE@XZ 10003eac f i CashDrawer.obj
 0001:00002ecf       ??1?$CComObject@VCOPOSCashDrawer@@@ATL@@UAE@XZ 10003ecf f i CashDrawer.obj
 0001:00002f8d       ??1?$CComObjectCached@VCComClassFactory@ATL@@@ATL@@UAE@XZ 10003f8d f i CashDrawer.obj
 0001:00002fa3       ??1?$CComObjectRootEx@VCComMultiThreadModel@ATL@@@ATL@@QAE@XZ 10003fa3 f i CashDrawer.obj
 0001:00002fb8       ??1CRegObject@ATL@@UAE@XZ  10003fb8 f i CashDrawer.obj
 0001:00002fd8       ??4?$CComPtr@UIUnknown@@@ATL@@QAEPAUIUnknown@@PAU2@@Z 10003fd8 f i CashDrawer.obj
 0001:00002fd8       ??4?$CComPtr@UIAdviseSink@@@ATL@@QAEPAUIAdviseSink@@PAU2@@Z 10003fd8 f i CashDrawer.obj
 0001:00002fd8       ??4?$CComPtr@UIOleClientSite@@@ATL@@QAEPAUIOleClientSite@@PAU2@@Z 10003fd8 f i CashDrawer.obj
 0001:0000300c       ??4?$CComQIPtr@UIOleObject@@$1?_GUID_00000112_0000_0000_c000_000000000046@@3U__s_GUID@@B@ATL@@QAEPAUIOleObject@@PAUIUnknown@@@Z 1000400c f i CashDrawer.obj
 0001:00003031       ??4?$CComQIPtr@UISpecifyPropertyPages@@$1?_GUID_b196b28b_bab4_101a_b69c_00aa00341d07@@3U__s_GUID@@B@ATL@@QAEPAUISpecifyPropertyPages@@PAUIUnknown@@@Z 10004031 f i CashDrawer.obj
 0001:00003056       ??_E?$CComContainedObject@VCOPOSCashDrawer@@@ATL@@UAEPAXI@Z 10004056 f i CashDrawer.obj
 0001:00003056       ??_G?$CComContainedObject@VCOPOSCashDrawer@@@ATL@@UAEPAXI@Z 10004056 f i CashDrawer.obj
 0001:0000307b       ??_G?$CComObject@VCOPOSCashDrawer@@@ATL@@UAEPAXI@Z 1000407b f i CashDrawer.obj
 0001:0000307b       ??_E?$CComObject@VCOPOSCashDrawer@@@ATL@@UAEPAXI@Z 1000407b f i CashDrawer.obj
 0001:000030a0       ?Add@?$CSimpleArray@GV?$CSimpleArrayEqualHelper@G@ATL@@@ATL@@QAEHABG@Z 100040a0 f i CashDrawer.obj
 0001:00003124       ?Add@?$CSimpleMap@PA_WPA_WVCExpansionVectorEqualHelper@ATL@@@ATL@@QAEHABQA_W0@Z 10004124 f i CashDrawer.obj
 0001:00003179       ?Add@CComDynamicUnkArray@ATL@@QAEKPAUIUnknown@@@Z 10004179 f i CashDrawer.obj
 0001:00003234       ?Add@CExpansionVector@ATL@@QAEHPB_W0@Z 10004234 f i CashDrawer.obj
 0001:00003338       ?AddString@CParseBuffer@CRegParser@ATL@@QAEHPB_W@Z 10004338 f i CashDrawer.obj
 0001:0000336d       ?AddValue@CRegParser@ATL@@IAEJAAVCRegKey@2@PB_WPA_W@Z 1000436d f i CashDrawer.obj
 0001:0000368e       ?Allocate@?$CAtlSafeAllocBufferManager@VCCRTAllocator@ATL@@@_ATL_SAFE_ALLOCA_IMPL@ATL@@QAEPAXK@Z 1000468e f i CashDrawer.obj
 0001:000036bb       ?Allocate@?$CTempBuffer@E$0BAA@VCCRTAllocator@ATL@@@ATL@@QAEPAEI@Z 100046bb f i CashDrawer.obj
 0001:000036ea       ?Allocate@?$CTempBuffer@_W$0BAA@VCCRTAllocator@ATL@@@ATL@@QAEPA_WI@Z 100046ea f i CashDrawer.obj
 0001:00003719       ?Allocate@?$CTempBuffer@_W$0EAA@VCCRTAllocator@ATL@@@ATL@@QAEPA_WI@Z 10004719 f i CashDrawer.obj
 0001:00003748       ?AllocateHeap@?$CTempBuffer@_W$0BAA@VCCRTAllocator@ATL@@@ATL@@AAEXI@Z 10004748 f i CashDrawer.obj
 0001:00003748       ?AllocateHeap@?$CTempBuffer@_W$0EAA@VCCRTAllocator@ATL@@@ATL@@AAEXI@Z 10004748 f i CashDrawer.obj
 0001:00003748       ?AllocateHeap@?$CTempBuffer@E$0BAA@VCCRTAllocator@ATL@@@ATL@@AAEXI@Z 10004748 f i CashDrawer.obj
 0001:0000376d       ?Append@CParseBuffer@CRegParser@ATL@@QAEHPB_WH@Z 1000476d f i CashDrawer.obj
 0001:000037fb       ?AtlCallTermFunc@ATL@@YGXPAU_ATL_MODULE70@1@@Z 100047fb f i CashDrawer.obj
 0001:0000383f       ?AtlCoTaskMemCAlloc@ATL@@YAPAXKK@Z 1000483f f i CashDrawer.obj
 0001:0000386c       ?AtlCoTaskMemRecalloc@ATL@@YAPAXPAXKK@Z 1000486c f i CashDrawer.obj
 0001:0000389c       ?AtlComModuleGetClassObject@ATL@@YGJPAU_ATL_COM_MODULE70@1@ABU_GUID@@1PAPAX@Z 1000489c f i CashDrawer.obj
 0001:0000398f       ?AtlComModuleRegisterServer@ATL@@YGJPAU_ATL_COM_MODULE70@1@HPBU_GUID@@@Z 1000498f f i CashDrawer.obj
 0001:00003a17       ?AtlComModuleUnregisterServer@ATL@@YGJPAU_ATL_COM_MODULE70@1@HPBU_GUID@@@Z 10004a17 f i CashDrawer.obj
 0001:00003a9f       ?AtlComQIPtrAssign2@ATL@@YAXPAPAUIUnknown@@PAU2@ABU_GUID@@@Z 10004a9f f i CashDrawer.obj
 0001:00003ace       ?AtlCreateTargetDC@ATL@@YGPAUHDC__@@PAU2@PAUtagDVTARGETDEVICE@@@Z 10004ace f i CashDrawer.obj
 0001:00003b37       ?AtlCrtErrorCheck@ATL@@YAHH@Z 10004b37 f i CashDrawer.obj
 0001:00003b72       ?AtlHiMetricToPixel@ATL@@YGXPBUtagSIZE@@PAU2@@Z 10004b72 f i CashDrawer.obj
 0001:00003be7       ?AtlHresultFromLastError@ATL@@YAJXZ 10004be7 f i CashDrawer.obj
 0001:00003bfe       ?AtlHresultFromWin32@ATL@@YAJK@Z 10004bfe f i CashDrawer.obj
 0001:00003c13       ?AtlIPersistStreamInit_Load@ATL@@YGJPAUIStream@@PBUATL_PROPMAP_ENTRY@1@PAXPAUIUnknown@@@Z 10004c13 f i CashDrawer.obj
 0001:00003df3       ?AtlIPersistStreamInit_Save@ATL@@YGJPAUIStream@@HPBUATL_PROPMAP_ENTRY@1@PAXPAUIUnknown@@@Z 10004df3 f i CashDrawer.obj
 0001:00003f8b       ?AtlInternalOleLoadFromStream@ATL@@YAJPAUIStream@@ABU_GUID@@PAPAXTClassesAllowedInStream@1@K@Z 10004f8b f i CashDrawer.obj
 0001:000040b1       ?AtlInternalQueryInterface@ATL@@YGJPAXPBU_ATL_INTMAP_ENTRY@1@ABU_GUID@@PAPAX@Z 100050b1 f i CashDrawer.obj
 0001:00004154       ?AtlLoadTypeLib@ATL@@YGJPAUHINSTANCE__@@PB_WPAPA_WPAPAUITypeLib@@@Z 10005154 f i CashDrawer.obj
 0001:00004332       ?AtlModuleAddTermFunc@ATL@@YGJPAU_ATL_MODULE70@1@P6GXK@ZK@Z 10005332 f i CashDrawer.obj
 0001:0000438f       ?AtlRegisterClassCategoriesHelper@ATL@@YGJABU_GUID@@PBU_ATL_CATMAP_ENTRY@1@H@Z 1000538f f i CashDrawer.obj
 0001:0000466f       ?AtlRegisterTypeLib@ATL@@YGJPAUHINSTANCE__@@PB_W@Z 1000566f f i CashDrawer.obj
 0001:000047f7       ?AtlThrowImpl@ATL@@YGXJ@Z  100057f7 f i CashDrawer.obj
 0001:00004815       ?AtlUnRegisterTypeLib@ATL@@YGJPAUHINSTANCE__@@PB_W@Z 10005815 f i CashDrawer.obj
 0001:000048c0       ?AtlWinModuleAddCreateWndData@ATL@@YGXPAU_ATL_WIN_MODULE70@1@PAU_AtlCreateWndData@1@PAX@Z 100058c0 f i CashDrawer.obj
 0001:00004914       ?AtlWinModuleExtractCreateWndData@ATL@@YGPAXPAU_ATL_WIN_MODULE70@1@@Z 10005914 f i CashDrawer.obj
 0001:00004977       ?AtlWinModuleRegisterClassExW@ATL@@YGGPAU_ATL_WIN_MODULE70@1@PBUtagWNDCLASSEXW@@@Z 10005977 f i CashDrawer.obj
 0001:000049b6       ?CanForceRemoveKey@CRegParser@ATL@@IAEHPB_W@Z 100059b6 f i CashDrawer.obj
 0001:000049e5       ?ChToByte@CRegParser@ATL@@KAE_W@Z 100059e5 f i CashDrawer.obj
 0001:00004a18       ?Cleanup@CComTypeInfoHolder@ATL@@SGXK@Z 10005a18 f i CashDrawer.obj
 0001:00004a4b       ?ClearReplacements@CExpansionVector@ATL@@QAEJXZ 10005a4b f i CashDrawer.obj
 0001:00004a88       ?Close@CRegKey@ATL@@QAEJXZ 10005a88 f i CashDrawer.obj
 0001:00004aa2       ?CreateInstance@?$CComCreator@V?$CComAggObject@VCOPOSCashDrawer@@@ATL@@@ATL@@SGJPAXABU_GUID@@PAPAX@Z 10005aa2 f i CashDrawer.obj
 0001:00004b18       ?CreateInstance@?$CComCreator@V?$CComObject@VCOPOSCashDrawer@@@ATL@@@ATL@@SGJPAXABU_GUID@@PAPAX@Z 10005b18 f i CashDrawer.obj
 0001:00004b99       ?CreateInstance@?$CComObject@V?$CComEnum@UIEnumConnectionPoints@@$1?_GUID_b196b285_bab4_101a_b69c_00aa00341d07@@3U__s_GUID@@BPAUIConnectionPoint@@V?$_CopyInterface@UIConnectionPoint@@@ATL@@VCComSingleThreadModel@6@@ATL@@@ATL@@SGJPAPAV12@@Z 10005b99 f i CashDrawer.obj
 0001:00004be0       ?CreateInstance@?$CComObject@V?$CComEnum@UIEnumConnections@@$1?_GUID_b196b287_bab4_101a_b69c_00aa00341d07@@3U__s_GUID@@BUtagCONNECTDATA@@V?$_Copy@UtagCONNECTDATA@@@ATL@@VCComSingleThreadModel@6@@ATL@@@ATL@@SGJPAPAV12@@Z 10005be0 f i CashDrawer.obj
 0001:00004c27       ?DefaultReflectionHandler@?$CWindowImplRoot@VCWindow@ATL@@@ATL@@SAHPAUHWND__@@IIJAAJ@Z 10005c27 f i CashDrawer.obj
 0001:00004c9a       ?DeleteSubKey@CRegKey@ATL@@QAEJPB_W@Z 10005c9a f i CashDrawer.obj
 0001:00004d13       ?DoEvent@COPOSCashDrawer@@IAEXIIJ@Z 10005d13 f i CashDrawer.obj
 0001:00004d93       ?DoVerbHide@?$IOleObjectImpl@VCOPOSCashDrawer@@@ATL@@QAEJPBUtagRECT@@PAUHWND__@@@Z 10005d93 f i CashDrawer.obj
 0001:00004dc9       ?DoVerbInPlaceActivate@?$IOleObjectImpl@VCOPOSCashDrawer@@@ATL@@QAEJPBUtagRECT@@PAUHWND__@@@Z 10005dc9 f i CashDrawer.obj
 0001:00004dfc       ?DoVerbPrimary@?$IOleObjectImpl@VCOPOSCashDrawer@@@ATL@@QAEJPBUtagRECT@@PAUHWND__@@@Z 10005dfc f i CashDrawer.obj
 0001:00004e88       ?DoVerbProperties@CComControlBase@ATL@@QAEJPBUtagRECT@@PAUHWND__@@@Z 10005e88 f i CashDrawer.obj
 0001:00004faf       ?DoVerbShow@?$IOleObjectImpl@VCOPOSCashDrawer@@@ATL@@QAEJPBUtagRECT@@PAUHWND__@@@Z 10005faf f i CashDrawer.obj
 0001:00004fd4       ?DoVerbUIActivate@?$IOleObjectImpl@VCOPOSCashDrawer@@@ATL@@QAEJPBUtagRECT@@PAUHWND__@@@Z 10005fd4 f i CashDrawer.obj
 0001:00005011       ?DoesVerbActivate@CComControlBase@ATL@@QAEHJ@Z 10006011 f i CashDrawer.obj
 0001:00005032       ?DoesVerbUIActivate@CComControlBase@ATL@@QAEHJ@Z 10006032 f i CashDrawer.obj
 0001:00005067       ?EndOfVar@CRegParser@ATL@@IAEHXZ 10006067 f i CashDrawer.obj
 0001:00005087       ?EscapeSingleQuote@CAtlModule@ATL@@SAXPA_WIPB_W@Z 10006087 f i CashDrawer.obj
 0001:000050d6       ?FindKey@?$CSimpleMap@PA_WPA_WVCExpansionVectorEqualHelper@ATL@@@ATL@@QBEHABQA_W@Z 100060d6 f i CashDrawer.obj
 0001:0000510d       ?FireTheEvent@?$CProxy_IOPOSEvents@VCOPOSCashDrawer@@@@IAEXPAVOposVariant@@IAAJPB_WJ@Z 1000610d f i CashDrawer.obj
 0001:0000519f       ?FireViewChange@CComControlBase@ATL@@QAEJXZ 1000619f f i CashDrawer.obj
 0001:000051e8       ?Fire_DirectIOEvent@?$CProxy_IOPOSEvents@VCOPOSCashDrawer@@@@QAEXJPAJPAPA_W@Z 100061e8 f i CashDrawer.obj
 0001:000052ce       ?Fire_StatusUpdateEvent@?$CProxy_IOPOSEvents@VCOPOSCashDrawer@@@@QAEXJ@Z 100062ce f i CashDrawer.obj
 0001:0000535a       ?FreeHeap@?$CTempBuffer@E$0BAA@VCCRTAllocator@ATL@@@ATL@@AAEXXZ 1000635a f i CashDrawer.obj
 0001:0000535a       ?FreeHeap@?$CTempBuffer@_W$0EAA@VCCRTAllocator@ATL@@@ATL@@AAEXXZ 1000635a f i CashDrawer.obj
 0001:0000535a       ?FreeHeap@?$CTempBuffer@_W$0BAA@VCCRTAllocator@ATL@@@ATL@@AAEXXZ 1000635a f i CashDrawer.obj
 0001:00005363       ?GetAmbientLocaleID@CComControlBase@ATL@@QAEJAAK@Z 10006363 f i CashDrawer.obj
 0001:000053bf       ?GetAmbientUserMode@CComControlBase@ATL@@QAEJAAH@Z 100063bf f i CashDrawer.obj
 0001:0000542f       ?GetAt@CComDynamicUnkArray@ATL@@QAEPAUIUnknown@@H@Z 1000642f f i CashDrawer.obj
 0001:0000544b       ?GetClassObject@CComModule@ATL@@QAEJABU_GUID@@0PAPAX@Z 1000644b f i CashDrawer.obj
 0001:000054ed       ?GetConnMap@COPOSCashDrawer@@SAPBU_ATL_CONNMAP_ENTRY@ATL@@PAH@Z 100064ed f i CashDrawer.obj
 0001:0000555d       ?GetCookie@CComDynamicUnkArray@ATL@@QAGKPAPAUIUnknown@@@Z 1000655d f i CashDrawer.obj
 0001:00005595       ?GetIDsOfNames@CComTypeInfoHolder@ATL@@QAEJABU_GUID@@PAPA_WIKPAJ@Z 10006595 f i CashDrawer.obj
 0001:000056a3       ?GetKeyAt@?$CSimpleMap@PA_WPA_WVCExpansionVectorEqualHelper@ATL@@@ATL@@QBEAAPA_WH@Z 100066a3 f i CashDrawer.obj
 0001:000056c8       ?GetPagesHelper@?$ISpecifyPropertyPagesImpl@VCOPOSCashDrawer@@@ATL@@IAEJPAUtagCAUUID@@PBUATL_PROPMAP_ENTRY@2@@Z 100066c8 f i CashDrawer.obj
 0001:000057ef       ?GetProperty@?$CComPtr@UIDispatch@@@ATL@@SAJPAUIDispatch@@JPAUtagVARIANT@@@Z 100067ef f i CashDrawer.obj
 0001:0000583e       ?GetSizeMax@CComVariant@ATL@@QBEJPAT_ULARGE_INTEGER@@@Z 1000683e f i CashDrawer.obj
 0001:000059f8       ?GetStreamSize@CComBSTR@ATL@@SAKPA_W@Z 100069f8 f i CashDrawer.obj
 0001:00005a12       ?GetTI@CComTypeInfoHolder@ATL@@QAEJK@Z 10006a12 f i CashDrawer.obj
 0001:00005bfb       ?GetTI@CComTypeInfoHolder@ATL@@QAEJKPAPAUITypeInfo@@@Z 10006bfb f i CashDrawer.obj
 0001:00005c3d       ?GetUnknown@CComDynamicUnkArray@ATL@@QAGPAUIUnknown@@K@Z 10006c3d f i CashDrawer.obj
 0001:00005c5e       ?GetValueAt@?$CSimpleMap@PA_WPA_WVCExpansionVectorEqualHelper@ATL@@@ATL@@QBEAAPA_WH@Z 10006c5e f i CashDrawer.obj
 0001:00005c84       ?GetZoomInfo@CComControlBase@ATL@@QAEXAAUATL_DRAWINFO@@@Z 10006c84 f i CashDrawer.obj
 0001:00005d17       ?HKeyFromString@CRegParser@ATL@@KAPAUHKEY__@@PA_W@Z 10006d17 f i CashDrawer.obj
 0001:00005d45       ?HasSubKeys@CRegParser@ATL@@IAEHPAUHKEY__@@@Z 10006d45 f i CashDrawer.obj
 0001:00005d7a       ?IDataObject_GetData@CComControlBase@ATL@@QAEJPAUtagFORMATETC@@PAUtagSTGMEDIUM@@@Z 10006d7a f i CashDrawer.obj
 0001:00005f20       ?IOleInPlaceObject_InPlaceDeactivate@CComControlBase@ATL@@QAEJXZ 10006f20 f i CashDrawer.obj
 0001:00005fa7       ?IOleInPlaceObject_SetObjectRects@CComControlBase@ATL@@QAEJPBUtagRECT@@0@Z 10006fa7 f i CashDrawer.obj
 0001:00006074       ?IOleInPlaceObject_UIDeactivate@CComControlBase@ATL@@QAEJXZ 10007074 f i CashDrawer.obj
 0001:00006136       ?IOleObject_Advise@CComControlBase@ATL@@QAEJPAUIAdviseSink@@PAK@Z 10007136 f i CashDrawer.obj
 0001:00006160       ?IOleObject_Close@CComControlBase@ATL@@QAEJK@Z 10007160 f i CashDrawer.obj
 0001:00006244       ?IOleObject_GetClientSite@CComControlBase@ATL@@QAEJPAPAUIOleClientSite@@@Z 10007244 f i CashDrawer.obj
 0001:0000626d       ?IOleObject_SetClientSite@CComControlBase@ATL@@QAEJPAUIOleClientSite@@@Z 1000726d f i CashDrawer.obj
 0001:000062ac       ?IOleObject_SetExtent@CComControlBase@ATL@@QAEJKPAUtagSIZE@@@Z 100072ac f i CashDrawer.obj
 0001:00006360       ?IPSI_GetIPersistStreamInit@?$IPersistStorageImpl@VCOPOSCashDrawer@@@ATL@@AAEPAUIPersistStreamInit@@XZ 10007360 f i CashDrawer.obj
 0001:000063a2       ?IPersistStreamInit_Load@?$IPersistStreamInitImpl@VCOPOSCashDrawer@@@ATL@@QAEJPAUIStream@@PBUATL_PROPMAP_ENTRY@2@@Z 100073a2 f i CashDrawer.obj
 0001:000063ce       ?IPersistStreamInit_Save@?$IPersistStreamInitImpl@VCOPOSCashDrawer@@@ATL@@QAEJPAUIStream@@HPBUATL_PROPMAP_ENTRY@2@@Z 100073ce f i CashDrawer.obj
 0001:00006403       ?IQuickActivate_QuickActivate@CComControlBase@ATL@@QAEJPAUtagQACONTAINER@@PAUtagQACONTROL@@@Z 10007403 f i CashDrawer.obj
 0001:00006645       ?IViewObject_Draw@CComControlBase@ATL@@QAEJKJPAXPAUtagDVTARGETDEVICE@@PAUHDC__@@2PBU_RECTL@@3@Z 10007645 f i CashDrawer.obj
 0001:000066ed       ?InPlaceActivate@CComControlBase@ATL@@QAEJJPBUtagRECT@@@Z 100076ed f i CashDrawer.obj
 0001:0000695e       ?Init@?$CComEnumImpl@UIEnumConnectionPoints@@$1?_GUID_b196b285_bab4_101a_b69c_00aa00341d07@@3U__s_GUID@@BPAUIConnectionPoint@@V?$_CopyInterface@UIConnectionPoint@@@ATL@@@ATL@@QAEJPAPAUIConnectionPoint@@0PAUIUnknown@@W4CComEnumFlags@2@@Z 1000795e f i CashDrawer.obj
 0001:00006a3d       ?Init@?$CComEnumImpl@UIEnumConnections@@$1?_GUID_b196b287_bab4_101a_b69c_00aa00341d07@@3U__s_GUID@@BUtagCONNECTDATA@@V?$_Copy@UtagCONNECTDATA@@@ATL@@@ATL@@QAEJPAUtagCONNECTDATA@@0PAUIUnknown@@W4CComEnumFlags@2@@Z 10007a3d f i CashDrawer.obj
 0001:00006b1c       ?Init@CComModule@ATL@@QAEJPAU_ATL_OBJMAP_ENTRY30@2@PAUHINSTANCE__@@PBU_GUID@@@Z 10007b1c f i CashDrawer.obj
 0001:00006b7b       ?Init@CDynamicStdCallThunk2@ATL@@QAEHKPAX@Z 10007b7b f i CashDrawer.obj
 0001:00006ba6       ?InlineIsEqualUnknown@ATL@@YGHABU_GUID@@@Z 10007ba6 f i CashDrawer.obj
 0001:00006bce       ?InternalGetSite@CComControlBase@ATL@@QAEJABU_GUID@@PAPAX@Z 10007bce f i CashDrawer.obj
 0001:00006bfc       ?InternalSetAtIndex@?$CSimpleMap@PA_WPA_WVCExpansionVectorEqualHelper@ATL@@@ATL@@QAEXHABQA_W0@Z 10007bfc f i CashDrawer.obj
 0001:00006c26       ?Invoke@CComTypeInfoHolder@ATL@@QAEJPAUIDispatch@@JABU_GUID@@KGPAUtagDISPPARAMS@@PAUtagVARIANT@@PAUtagEXCEPINFO@@PAI@Z 10007c26 f i CashDrawer.obj
 0001:00006c69       ?IsEqualObject@?$CComPtrBase@UIOleClientSite@@@ATL@@QAE_NPAUIUnknown@@@Z 10007c69 f i CashDrawer.obj
 0001:00006c69       ?IsEqualObject@?$CComPtrBase@UITypeInfo@@@ATL@@QAE_NPAUIUnknown@@@Z 10007c69 f i CashDrawer.obj
 0001:00006cd6       ?IsSpace@CRegParser@ATL@@IAEH_W@Z 10007cd6 f i CashDrawer.obj
 0001:00006d00       ?LoadNameCache@CComTypeInfoHolder@ATL@@QAEJPAUITypeInfo@@@Z 10007d00 f i CashDrawer.obj
 0001:00006e4e       ?Lookup@?$CSimpleMap@PA_WPA_WVCExpansionVectorEqualHelper@ATL@@@ATL@@QBEPA_WABQA_W@Z 10007e4e f i CashDrawer.obj
 0001:00006e74       ?NextToken@CRegParser@ATL@@IAEJPA_W@Z 10007e74 f i CashDrawer.obj
 0001:00006fac       ?OnKillFocus@CComControlBase@ATL@@QAEJIIJAAH@Z 10007fac f i CashDrawer.obj
 0001:00007007       ?OnMouseActivate@CComControlBase@ATL@@QAEJIIJAAH@Z 10008007 f i CashDrawer.obj
 0001:00007075       ?OnPaint@CComControlBase@ATL@@QAEJIIJAAH@Z 10008075 f i CashDrawer.obj
 0001:00007127       ?OnSetFocus@CComControlBase@ATL@@QAEJIIJAAH@Z 10008127 f i CashDrawer.obj
 0001:000071b0       ?Open@CRegKey@ATL@@QAEJPAUHKEY__@@PB_WK@Z 100081b0 f i CashDrawer.obj
 0001:00007205       ?PreProcessBuffer@CRegParser@ATL@@QAEJPA_WPAPA_W@Z 10008205 f i CashDrawer.obj
 0001:0000746f       ?ProcessWindowMessage@?$CComControl@VCOPOSCashDrawer@@V?$CWindowImpl@VCOPOSCashDrawer@@VCWindow@ATL@@V?$CWinTraits@$0FGAAAAAA@$0A@@3@@ATL@@@ATL@@UAEHPAUHWND__@@IIJAAJK@Z 1000846f f i CashDrawer.obj
 0001:0000750e       ?PutProperty@?$CComPtr@UIDispatch@@@ATL@@SAJPAUIDispatch@@JPAUtagVARIANT@@@Z 1000850e f i CashDrawer.obj
 0001:000075a0       ?ReadFromStream@CComBSTR@ATL@@QAEJPAUIStream@@@Z 100085a0 f i CashDrawer.obj
 0001:000076ce       ?ReadFromStream@CComVariant@ATL@@QAEJPAUIStream@@GTClassesAllowedInStream@2@K@Z 100086ce f i CashDrawer.obj
 0001:00007854       ?RecurseDeleteKey@CRegKey@ATL@@QAEJPB_W@Z 10008854 f i CashDrawer.obj
 0001:00007916       ?RegCreateKeyExW@CAtlTransactionManager@ATL@@QAEJPAUHKEY__@@PB_WKPA_WKKQAU_SECURITY_ATTRIBUTES@@PAPAU3@PAK@Z 10008916 f i CashDrawer.obj
 0001:00007979       ?RegDeleteKeyW@CAtlTransactionManager@ATL@@QAEJPAUHKEY__@@PB_W@Z 10008979 f i CashDrawer.obj
 0001:000079cb       ?RegOpenKeyExW@CAtlTransactionManager@ATL@@QAEJPAUHKEY__@@PB_WKKPAPAU3@@Z 100089cb f i CashDrawer.obj
 0001:00007a22       ?Register@_ATL_WNDCLASSINFOW@ATL@@QAEGPAP6GJPAUHWND__@@IIJ@Z@Z 10008a22 f i CashDrawer.obj
 0001:00007a42       ?RegisterBuffer@CRegParser@ATL@@QAEJPA_WH@Z 10008a42 f i CashDrawer.obj
 0001:00007b7b       ?RegisterFromResource@CRegObject@ATL@@IAEJPB_W00H@Z 10008b7b f i CashDrawer.obj
 0001:00007cb1       ?RegisterServer@?$CAtlModuleT@VCComModule@ATL@@@ATL@@QAEJHPBU_GUID@@@Z 10008cb1 f i CashDrawer.obj
 0001:00007cdf       ?RegisterServer@CComModule@ATL@@QAEJHPBU_GUID@@@Z 10008cdf f i CashDrawer.obj
 0001:00007d55       ?RegisterSubkeys@CRegParser@ATL@@IAEJPA_WPAUHKEY__@@HH@Z 10008d55 f i CashDrawer.obj
 0001:00008324       ?Remove@CComDynamicUnkArray@ATL@@QAEHK@Z 10009324 f i CashDrawer.obj
 0001:0000834d       ?RemoveAll@?$CSimpleMap@PA_WPA_WVCExpansionVectorEqualHelper@ATL@@@ATL@@QAEXXZ 1000934d f i CashDrawer.obj
 0001:00008379       ?ResourceRegisterSz@CRegObject@ATL@@QAGJPB_W00@Z 10009379 f i CashDrawer.obj
 0001:000083a6       ?ResourceUnregisterSz@CRegObject@ATL@@QAGJPB_W00@Z 100093a6 f i CashDrawer.obj
 0001:000083d3       ?SendOnDataChange@CComControlBase@ATL@@QAEJK@Z 100093d3 f i CashDrawer.obj
 0001:00008420       ?SetControlFocus@CComControlBase@ATL@@QAEHH@Z 10009420 f i CashDrawer.obj
 0001:000084bd       ?SetMultiStringValue@CRegKey@ATL@@QAEJPB_W0@Z 100094bd f i CashDrawer.obj
 0001:00008519       ?SetStringValue@CRegKey@ATL@@QAEJPB_W0K@Z 10009519 f i CashDrawer.obj
 0001:00008562       ?SkipAssignment@CRegParser@ATL@@IAEJPA_W@Z 10009562 f i CashDrawer.obj
 0001:000085c7       ?SkipWhiteSpace@CRegParser@ATL@@IAEXXZ 100095c7 f i CashDrawer.obj
 0001:000085e9       ?StrChrW@CRegParser@ATL@@KAPA_WPA_W_W@Z 100095e9 f i CashDrawer.obj
 0001:00008626       ?Term@CAtlModule@ATL@@QAEXXZ 10009626 f i CashDrawer.obj
 0001:0000865f       ?Term@CComModule@ATL@@QAEXXZ 1000965f f i CashDrawer.obj
 0001:000086b7       ?UnregisterServer@?$CAtlModuleT@VCComModule@ATL@@@ATL@@QAEJHPBU_GUID@@@Z 100096b7 f i CashDrawer.obj
 0001:000086dd       ?UnregisterServer@CComModule@ATL@@QAEJHPBU_GUID@@@Z 100096dd f i CashDrawer.obj
 0001:00008753       ?UpdateRegistryFromResource@CAtlModule@ATL@@QAGJIHPAU_ATL_REGMAP_ENTRY@2@@Z 10009753 f i CashDrawer.obj
 0001:0000891e       ?UpdateRegistryFromResource@CAtlModule@ATL@@QAGJPB_WHPAU_ATL_REGMAP_ENTRY@2@@Z 1000991e f i CashDrawer.obj
 0001:00008aef       ?VTFromRegType@CRegParser@ATL@@KAHPB_WAAG@Z 10009aef f i CashDrawer.obj
 0001:00008b5c       ?WindowProc@?$CWindowImplBaseT@VCWindow@ATL@@V?$CWinTraits@$0FGAAAAAA@$0A@@2@@ATL@@SGJPAUHWND__@@IIJ@Z 10009b5c f i CashDrawer.obj
 0001:00008c4e       ?WriteToStream@CComBSTR@ATL@@QAEJPAUIStream@@@Z 10009c4e f i CashDrawer.obj
 0001:00008ca5       ?WriteToStream@CComVariant@ATL@@QAEJPAUIStream@@@Z 10009ca5 f i CashDrawer.obj
 0001:00008e1f       ?WriteToStream@CComVariant@ATL@@QAEJPAUIStream@@G@Z 10009e1f f i CashDrawer.obj
 0001:00008e88       ?_AtlInitialConstruct@?$CComObjectRootEx@VCComMultiThreadModel@ATL@@@ATL@@QAEJXZ 10009e88 f i CashDrawer.obj
 0001:00008e9d       ?_AtlVerifyStackAvailable@_ATL_SAFE_ALLOCA_IMPL@ATL@@YA_NK@Z 10009e9d f i CashDrawer.obj
 0001:00008f1b       ?atlCreate@?$CWindowImpl@VCOPOSCashDrawer@@VCWindow@ATL@@V?$CWinTraits@$0FGAAAAAA@$0A@@3@@ATL@@QAEPAUHWND__@@PAU3@V_U_RECT@2@PB_WKKV_U_MENUorID@2@PAX@Z 10009f1b f i CashDrawer.obj
 0001:00008f5f       ?atlCreate@?$CWindowImplBaseT@VCWindow@ATL@@V?$CWinTraits@$0FGAAAAAA@$0A@@2@@ATL@@QAEPAUHWND__@@PAU3@V_U_RECT@2@PB_WKKV_U_MENUorID@2@GPAX@Z 10009f5f f i CashDrawer.obj
 0001:00008ffb       ?atlCreate@CRegKey@ATL@@QAEJPAUHKEY__@@PB_WPA_WKKPAU_SECURITY_ATTRIBUTES@@PAK@Z 10009ffb f i CashDrawer.obj
 0001:0000906a       ?copy@?$_Copy@UtagCONNECTDATA@@@ATL@@SAJPAUtagCONNECTDATA@@PBU3@@Z 1000a06a f i CashDrawer.obj
 0001:000090a0       ?copy@?$_CopyInterface@UIConnectionPoint@@@ATL@@SAJPAPAUIConnectionPoint@@PBQAU3@@Z 1000a0a0 f i CashDrawer.obj
 0001:000090ce       ?memcpy_s@Checked@ATL@@YAXPAXIPBXI@Z 1000a0ce f i CashDrawer.obj
 0001:000090ed       ?ocscpy_s@@YA_NPA_WIPB_W@Z 1000a0ed f i CashDrawer.obj
 0001:0000911c       ?ocslen@@YAHPB_W@Z         1000a11c f i CashDrawer.obj
 0001:0000913c       ?wcscpy_s@Checked@ATL@@YAXPA_WIPB_W@Z 1000a13c f i CashDrawer.obj
 0001:00009158       _DllCanUnloadNow@0         1000a158 f   CashDrawer.obj
 0001:00009164       _DllGetClassObject@12      1000a164 f   CashDrawer.obj
 0001:00009172       _DllMain@12                1000a172 f   CashDrawer.obj
 0001:000091b4       _DllRegisterServer@0       1000a1b4 f   CashDrawer.obj
 0001:000091c3       _DllUnregisterServer@0     1000a1c3 f   CashDrawer.obj
 0001:000091d2       _InlineIsEqualGUID         1000a1d2 f i CashDrawer.obj
 0001:00009202       ___local_stdio_printf_options 1000a202 f i CashDrawer.obj
 0001:00009208       __vswprintf_s_l            1000a208 f i CashDrawer.obj
 0001:000092b5       _swprintf_s                1000a2b5 f i CashDrawer.obj
 0001:000092d1       ??0?$CComControl@VCOPOSCashDrawer@@V?$CWindowImpl@VCOPOSCashDrawer@@VCWindow@ATL@@V?$CWinTraits@$0FGAAAAAA@$0A@@3@@ATL@@@ATL@@QAE@XZ 1000a2d1 f i CashDrawerImpl.obj
 0001:000092f8       ??0CComControlBase@ATL@@QAE@AAPAUHWND__@@@Z 1000a2f8 f i CashDrawerImpl.obj
 0001:00009342       ??0COPOSCashDrawer@@QAE@XZ 1000a342 f   CashDrawerImpl.obj
 0001:00009391       ??1?$CComControl@VCOPOSCashDrawer@@V?$CWindowImpl@VCOPOSCashDrawer@@VCWindow@ATL@@V?$CWinTraits@$0FGAAAAAA@$0A@@3@@ATL@@@ATL@@UAE@XZ 1000a391 f i CashDrawerImpl.obj
 0001:000093aa       ??1?$IConnectionPointImpl@VCOPOSCashDrawer@@$1?DIID__IOPOSCashDrawerEvents@@3U_GUID@@BVCComDynamicUnkArray@ATL@@@ATL@@QAE@XZ 1000a3aa f i CashDrawerImpl.obj
 0001:000093aa       ??1?$IConnectionPointImpl@VCOPOSCashDrawer@@$1?IID_IPropertyNotifySink@@3U_GUID@@BVCComDynamicUnkArray@ATL@@@ATL@@QAE@XZ 1000a3aa f i CashDrawerImpl.obj
 0001:000093e7       ??1CComControlBase@ATL@@UAE@XZ 1000a3e7 f i CashDrawerImpl.obj
 0001:0000944a       ??1COPOSCashDrawer@@UAE@XZ 1000a44a f   CashDrawerImpl.obj
 0001:00009492       ??1OposVariantResult@@QAE@XZ 1000a492 f i CashDrawerImpl.obj
 0001:000094b3       ??1_CW@@QAE@XZ             1000a4b3 f i CashDrawerImpl.obj
 0001:000094cc       ?CheckHealth@COPOSCashDrawer@@UAGJJPAJ@Z 1000a4cc f   CashDrawerImpl.obj
 0001:0000951b       ?ClaimDevice@COPOSCashDrawer@@UAGJJPAJ@Z 1000a51b f   CashDrawerImpl.obj
 0001:00009589       ?Close@COPOSCashDrawer@@UAGJPAJ@Z 1000a589 f   CashDrawerImpl.obj
 0001:000095f7       ?CompareFirmwareVersion@COPOSCashDrawer@@UAGJPA_WPAJ1@Z 1000a5f7 f   CashDrawerImpl.obj
 0001:00009677       ?DirectIO@COPOSCashDrawer@@UAGJJPAJPAPA_W0@Z 1000a677 f   CashDrawerImpl.obj
 0001:00009725       ?DoInvoke@COPOSCashDrawer@@IAEJJPAVOposVariant@@IHPAJ_N@Z 1000a725 f   CashDrawerImpl.obj
 0001:000097e7       ?EventClose@COPOSCashDrawer@@IAEXXZ 1000a7e7 f i CashDrawerImpl.obj
 0001:0000981a       ?EventInit@COPOSCashDrawer@@IAEJXZ 1000a81a f i CashDrawerImpl.obj
 0001:000098e6       ?EventUninit@COPOSCashDrawer@@IAEXXZ 1000a8e6 f i CashDrawerImpl.obj
 0001:00009938       ?EventWindowProc@COPOSCashDrawer@@IAGJIIJ@Z 1000a938 f i CashDrawerImpl.obj
 0001:000099af       ?FinalConstruct@COPOSCashDrawer@@QAEJXZ 1000a9af f   CashDrawerImpl.obj
 0001:000099e8       ?FireEventCleanup@COPOSCashDrawer@@IAEXXZ 1000a9e8 f i CashDrawerImpl.obj
 0001:000099fe       ?FireEventSetup@COPOSCashDrawer@@IAE_NXZ 1000a9fe f i CashDrawerImpl.obj
 0001:00009a32       ?FreezeEvents@COPOSCashDrawer@@MAGJH@Z 1000aa32 f   CashDrawerImpl.obj
 0001:00009a83       ?GetOposProp@COPOSCashDrawer@@IAEJJPAFJ@Z 1000aa83 f   CashDrawerImpl.obj
 0001:00009aa6       ?GetOposProp@COPOSCashDrawer@@IAEJJPAJJ@Z 1000aaa6 f   CashDrawerImpl.obj
 0001:00009b64       ?GetOposProp@COPOSCashDrawer@@IAEJJPAPA_WJ@Z 1000ab64 f   CashDrawerImpl.obj
 0001:00009c2f       ?OnDraw@COPOSCashDrawer@@MAEJAAUATL_DRAWINFO@@@Z 1000ac2f f   CashDrawerImpl.obj
 0001:00009ccf       ?Open@COPOSCashDrawer@@UAGJPA_WPAJ@Z 1000accf f   CashDrawerImpl.obj
 0001:0000a466       ?OpenDrawer@COPOSCashDrawer@@UAGJPAJ@Z 1000b466 f   CashDrawerImpl.obj
 0001:0000a481       ?ReleaseDevice@COPOSCashDrawer@@UAGJPAJ@Z 1000b481 f   CashDrawerImpl.obj
 0001:0000a4b8       ?ResetStatistics@COPOSCashDrawer@@UAGJPA_WPAJ@Z 1000b4b8 f   CashDrawerImpl.obj
 0001:0000a50f       ?RetrieveStatistics@COPOSCashDrawer@@UAGJPAPA_WPAJ@Z 1000b50f f   CashDrawerImpl.obj
 0001:0000a566       ?SOProcessID@COPOSCashDrawer@@UAGJPAJ@Z 1000b566 f   CashDrawerImpl.obj
 0001:0000a57a       ?SetCOFreezeEvents@COPOSCashDrawer@@IAEXF@Z 1000b57a f   CashDrawerImpl.obj
 0001:0000a605       ?SetOposProp@COPOSCashDrawer@@IAEJJJJ@Z 1000b605 f   CashDrawerImpl.obj
 0001:0000a6e3       ?UpdateFirmware@COPOSCashDrawer@@UAGJPA_WPAJ@Z 1000b6e3 f   CashDrawerImpl.obj
 0001:0000a73a       ?UpdateStatistics@COPOSCashDrawer@@UAGJPA_WPAJ@Z 1000b73a f   CashDrawerImpl.obj
 0001:0000a791       ?WaitForDrawerClose@COPOSCashDrawer@@UAGJJJJJPAJ@Z 1000b791 f   CashDrawerImpl.obj
 0001:0000a832       ?get_BinaryConversion@COPOSCashDrawer@@UAGJPAJ@Z 1000b832 f   CashDrawerImpl.obj
 0001:0000a848       ?get_CapCompareFirmwareVersion@COPOSCashDrawer@@UAGJPAF@Z 1000b848 f   CashDrawerImpl.obj
 0001:0000a861       ?get_CapPowerReporting@COPOSCashDrawer@@UAGJPAJ@Z 1000b861 f   CashDrawerImpl.obj
 0001:0000a87a       ?get_CapStatisticsReporting@COPOSCashDrawer@@UAGJPAF@Z 1000b87a f   CashDrawerImpl.obj
 0001:0000a893       ?get_CapStatus@COPOSCashDrawer@@UAGJPAF@Z 1000b893 f   CashDrawerImpl.obj
 0001:0000a8ac       ?get_CapStatusMultiDrawerDetect@COPOSCashDrawer@@UAGJPAF@Z 1000b8ac f   CashDrawerImpl.obj
 0001:0000a8c5       ?get_CapUpdateFirmware@COPOSCashDrawer@@UAGJPAF@Z 1000b8c5 f   CashDrawerImpl.obj
 0001:0000a8de       ?get_CapUpdateStatistics@COPOSCashDrawer@@UAGJPAF@Z 1000b8de f   CashDrawerImpl.obj
 0001:0000a8f7       ?get_CheckHealthText@COPOSCashDrawer@@UAGJPAPA_W@Z 1000b8f7 f   CashDrawerImpl.obj
 0001:0000a910       ?get_Claimed@COPOSCashDrawer@@UAGJPAF@Z 1000b910 f   CashDrawerImpl.obj
 0001:0000a926       ?get_ControlObjectDescription@COPOSCashDrawer@@UAGJPAPA_W@Z 1000b926 f   CashDrawerImpl.obj
 0001:0000a963       ?get_ControlObjectVersion@COPOSCashDrawer@@UAGJPAJ@Z 1000b963 f   CashDrawerImpl.obj
 0001:0000a976       ?get_DeviceDescription@COPOSCashDrawer@@UAGJPAPA_W@Z 1000b976 f   CashDrawerImpl.obj
 0001:0000a98f       ?get_DeviceEnabled@COPOSCashDrawer@@UAGJPAF@Z 1000b98f f   CashDrawerImpl.obj
 0001:0000a9a5       ?get_DeviceName@COPOSCashDrawer@@UAGJPAPA_W@Z 1000b9a5 f   CashDrawerImpl.obj
 0001:0000a9be       ?get_DrawerOpened@COPOSCashDrawer@@UAGJPAF@Z 1000b9be f   CashDrawerImpl.obj
 0001:0000a9d7       ?get_FreezeEvents@COPOSCashDrawer@@UAGJPAF@Z 1000b9d7 f   CashDrawerImpl.obj
 0001:0000a9ed       ?get_OpenResult@COPOSCashDrawer@@UAGJPAJ@Z 1000b9ed f   CashDrawerImpl.obj
 0001:0000aa04       ?get_PowerNotify@COPOSCashDrawer@@UAGJPAJ@Z 1000ba04 f   CashDrawerImpl.obj
 0001:0000aa1a       ?get_PowerState@COPOSCashDrawer@@UAGJPAJ@Z 1000ba1a f   CashDrawerImpl.obj
 0001:0000aa30       ?get_ResultCode@COPOSCashDrawer@@UAGJPAJ@Z 1000ba30 f   CashDrawerImpl.obj
 0001:0000aa6e       ?get_ResultCodeExtended@COPOSCashDrawer@@UAGJPAJ@Z 1000ba6e f   CashDrawerImpl.obj
 0001:0000aa84       ?get_ServiceObjectDescription@COPOSCashDrawer@@UAGJPAPA_W@Z 1000ba84 f   CashDrawerImpl.obj
 0001:0000aa9d       ?get_ServiceObjectVersion@COPOSCashDrawer@@UAGJPAJ@Z 1000ba9d f   CashDrawerImpl.obj
 0001:0000aab3       ?get_State@COPOSCashDrawer@@UAGJPAJ@Z 1000bab3 f   CashDrawerImpl.obj
 0001:0000aadf       ?put_BinaryConversion@COPOSCashDrawer@@UAGJJ@Z 1000badf f   CashDrawerImpl.obj
 0001:0000aaf5       ?put_DeviceEnabled@COPOSCashDrawer@@UAGJF@Z 1000baf5 f   CashDrawerImpl.obj
 0001:0000ab12       ?put_FreezeEvents@COPOSCashDrawer@@UAGJF@Z 1000bb12 f   CashDrawerImpl.obj
 0001:0000ab5e       ?put_PowerNotify@COPOSCashDrawer@@UAGJJ@Z 1000bb5e f   CashDrawerImpl.obj
 0001:0000ab74       ?s_EventWindowProc@COPOSCashDrawer@@KGJPAUHWND__@@IIJ@Z 1000bb74 f i CashDrawerImpl.obj
 0001:0000abc6       ??_U@YAPAXI@Z              1000bbc6 f   LIBCMT:new_array.obj
 0001:0000abcf       ??3@YAXPAXI@Z              1000bbcf f   LIBCMT:delete_scalar_size.obj
 0001:0000abdd       ??_V@YAXPAX@Z              1000bbdd f   LIBCMT:delete_array.obj
 0001:0000abe2       ??_V@YAXPAXI@Z             1000bbe2 f   LIBCMT:delete_array_size.obj
 0001:0000abf0       ??$__crt_fast_encode_pointer@P6GHPAU_RTL_CONDITION_VARIABLE@@PAU_RTL_CRITICAL_SECTION@@K@Z@@YAP6GHPAU_RTL_CONDITION_VARIABLE@@PAU_RTL_CRITICAL_SECTION@@K@ZQ6GH01K@Z@Z 1000bbf0 f i LIBCMT:thread_safe_statics.obj
 0001:0000abf0       ??$__crt_fast_encode_pointer@PAP6AXXZ@@YAPAP6AXXZQAP6AXXZ@Z 1000bbf0 f i LIBCMT:utility.obj
 0001:0000abf0       ??$__crt_fast_encode_pointer@P6GXPAU_RTL_CONDITION_VARIABLE@@@Z@@YAP6GXPAU_RTL_CONDITION_VARIABLE@@@ZQ6GX0@Z@Z 1000bbf0 f i LIBCMT:thread_safe_statics.obj
 0001:0000abf0       ??$__crt_fast_encode_pointer@PAX@@YAPAXQAX@Z 1000bbf0 f i libvcruntime:winapi_downlevel.obj
 0001:0000ac51       ___scrt_acquire_startup_lock 1000bc51 f   LIBCMT:utility.obj
 0001:0000ac83       ___scrt_dllmain_after_initialize_c 1000bc83 f   LIBCMT:utility.obj
 0001:0000acae       ___scrt_dllmain_before_initialize_c 1000bcae f   LIBCMT:utility.obj
 0001:0000acbc       ___scrt_dllmain_crt_thread_attach 1000bcbc f   LIBCMT:utility.obj
 0001:0000acdb       ___scrt_dllmain_crt_thread_detach 1000bcdb f   LIBCMT:utility.obj
 0001:0000ace8       ___scrt_dllmain_exception_filter 1000bce8 f   LIBCMT:utility.obj
 0001:0000ad1c       ___scrt_dllmain_uninitialize_c 1000bd1c f   LIBCMT:utility.obj
 0001:0000ad3f       ___scrt_dllmain_uninitialize_critical 1000bd3f f   LIBCMT:utility.obj
 0001:0000ad4c       ___scrt_initialize_crt     1000bd4c f   LIBCMT:utility.obj
 0001:0000ad85       ___scrt_initialize_onexit_tables 1000bd85 f   LIBCMT:utility.obj
 0001:0000ae2a       ___scrt_is_nonwritable_in_current_image 1000be2a f   LIBCMT:utility.obj
 0001:0000aebe       ___scrt_release_startup_lock 1000bebe f   LIBCMT:utility.obj
 0001:0000aedb       ___scrt_uninitialize_crt   1000bedb f   LIBCMT:utility.obj
 0001:0000af03       __onexit                   1000bf03 f   LIBCMT:utility.obj
 0001:0000af3e       _atexit                    1000bf3e f   LIBCMT:utility.obj
 0001:0000af53       ??3@YAXPAX@Z               1000bf53 f   LIBCMT:delete_scalar.obj
 0001:0000b08a       __Init_thread_footer       1000c08a f   LIBCMT:thread_safe_statics.obj
 0001:0000b0d4       __Init_thread_header       1000c0d4 f   LIBCMT:thread_safe_statics.obj
 0001:0000b126       __Init_thread_notify       1000c126 f   LIBCMT:thread_safe_statics.obj
 0001:0000b168       __Init_thread_wait         1000c168 f   LIBCMT:thread_safe_statics.obj
 0001:0000b1c8       ___raise_securityfailure   1000c1c8 f   LIBCMT:gs_report.obj
 0001:0000b1f0       ___report_gsfailure        1000c1f0 f   LIBCMT:gs_report.obj
 0001:0000b2e9       ___report_rangecheckfailure 1000c2e9 f   LIBCMT:gs_report.obj
 0001:0000b2f5       ___report_securityfailure  1000c2f5 f   LIBCMT:gs_report.obj
 0001:0000b3c3       ??2@YAPAXIABUnothrow_t@std@@@Z 1000c3c3 f   LIBCMT:new_scalar_nothrow.obj
 0001:0000b413       ??_U@YAPAXIABUnothrow_t@std@@@Z 1000c413 f   LIBCMT:new_array_nothrow.obj
 0001:0000b41c       @__security_check_cookie@4 1000c41c f   LIBCMT:secchk.obj
 0001:0000b430       __SEH_prolog4_GS           1000c430 f   LIBCMT:sehprolg4gs.obj
 0001:0000b479       __SEH_epilog4_GS           1000c479 f   LIBCMT:sehprolg4gs.obj
 0001:0000b490       __alloca_probe_16          1000c490 f   LIBCMT:alloca16.obj
 0001:0000b4a6       __alloca_probe_8           1000c4a6     LIBCMT:alloca16.obj
 0001:0000b4c0       __alloca_probe             1000c4c0 f   LIBCMT:chkstk.obj
 0001:0000b4c0       __chkstk                   1000c4c0 f   LIBCMT:chkstk.obj
 0001:0000b80d       __DllMainCRTStartup@12     1000c80d f   LIBCMT:dll_dllmain.obj
 0001:0000b830       ??2@YAPAXI@Z               1000c830 f   LIBCMT:new_scalar.obj
 0001:0000b860       ___isa_available_init      1000c860 f   LIBCMT:cpu_disp.obj
 0001:0000b9f7       ___scrt_is_ucrt_dll_in_use 1000c9f7 f   LIBCMT:ucrt_detection.obj
 0001:0000ba03       ___scrt_fastfail           1000ca03 f   LIBCMT:utility_desktop.obj
 0001:0000bb1d       __crt_debugger_hook        1000cb1d f   LIBCMT:utility_desktop.obj
 0001:0000bb30       __SEH_prolog4              1000cb30 f   LIBCMT:sehprolg4.obj
 0001:0000bb76       __SEH_epilog4              1000cb76 f   LIBCMT:sehprolg4.obj
 0001:0000bb8b       @_guard_check_icall_nop@4  1000cb8b f i LIBCMT:guard_support.obj
 0001:0000bbd9       ___security_init_cookie    1000cbd9 f   LIBCMT:gs_support.obj
 0001:0000bc24       ?__scrt_initialize_type_info@@YAXXZ 1000cc24 f   LIBCMT:tncleanup.obj
[...]
 0002:000019fc       ?candidate_modules@?1??try_get_FlsGetValue@@YAP6GPAXK@ZXZ@4QBW4module_id@?A0x5d2a34d3@@B 1001f9fc     libvcruntime:winapi_downlevel.obj
 0002:00001a10       ?candidate_modules@?1??try_get_FlsSetValue@@YAP6GHKPAX@ZXZ@4QBW4module_id@?A0x5d2a34d3@@B 1001fa10     libvcruntime:winapi_downlevel.obj
 0002:00001a24       ?candidate_modules@?1??try_get_InitializeCriticalSectionEx@@YAP6GHPAU_RTL_CRITICAL_SECTION@@KK@ZXZ@4QBW4module_id@?A0x5d2a34d3@@B 1001fa24     libvcruntime:winapi_downlevel.obj
 0002:00001a68       ?tokenTable@@3QBQBDB       1001fa68     libvcruntime:undname.obj
 0002:00001aa8       ?nameTable@@3QBQBDB        1001faa8     libvcruntime:undname.obj
 0002:00001bf0       ?rttiTable@@3QBQBDB        1001fbf0     libvcruntime:undname.obj
 0002:00002208       _errtable                  10020208     libucrt:errno.obj
 0002:000024b0       ___acrt_initializers       100204b0     libucrt:initialization.obj
 0002:00002528       _module_names              10020528     libucrt:winapi_thunks.obj
 0002:00002a70       ?candidate_modules@?1??try_get_FlsAlloc@@YAP6GKP6GXPAX@Z@ZXZ@4QBW4module_id@?A0x352e5c4b@@B 10020a70     libucrt:winapi_thunks.obj
 0002:00002a84       ?candidate_modules@?1??try_get_FlsFree@@YAP6GHK@ZXZ@4QBW4module_id@?A0x352e5c4b@@B 10020a84     libucrt:winapi_thunks.obj
 0002:00002a94       ?candidate_modules@?1??try_get_FlsGetValue@@YAP6GPAXK@ZXZ@4QBW4module_id@?A0x352e5c4b@@B 10020a94     libucrt:winapi_thunks.obj
 0002:00002aa8       ?candidate_modules@?1??try_get_FlsSetValue@@YAP6GHKPAX@ZXZ@4QBW4module_id@?A0x352e5c4b@@B 10020aa8     libucrt:winapi_thunks.obj
 0002:00002abc       ?candidate_modules@?1??try_get_GetCurrentPackageId@@YAP6GJPAIPAE@ZXZ@4QBW4module_id@?A0x352e5c4b@@B 10020abc     libucrt:winapi_thunks.obj
 0002:00002ad8       ?candidate_modules@?1??try_get_InitializeCriticalSectionEx@@YAP6GHPAU_RTL_CRITICAL_SECTION@@KK@ZXZ@4QBW4module_id@?A0x352e5c4b@@B 10020ad8     libucrt:winapi_thunks.obj
 0002:00002afc       ?candidate_modules@?1??try_get_LCMapStringEx@@YAP6GHPB_WK0HPA_WHPAU_nlsversioninfo@@PAXJ@ZXZ@4QBW4module_id@?A0x352e5c4b@@B 10020afc     libucrt:winapi_thunks.obj
 0002:00002b14       ?candidate_modules@?1??try_get_LocaleNameToLCID@@YAP6GKPB_WK@ZXZ@4QBW4module_id@?A0x352e5c4b@@B 10020b14     libucrt:winapi_thunks.obj
 0002:00002b30       ?candidate_modules@?1??try_get_SetThreadStackGuarantee@@YAP6GHPAK@ZXZ@4QBW4module_id@?A0x352e5c4b@@B 10020b30     libucrt:winapi_thunks.obj
 0002:0000305c       __mb_locale_names          1002105c     libucrt:mbctype.obj
 0002:000038a8       _LcidToLocaleNameTable     100218a8     libucrt:lcidtoname_downlevel.obj
 0002:000049d0       _LocaleNameToIndexTable    100229d0     libucrt:lcidtoname_downlevel.obj
 0002:00006310       LOG_name                   10024310     libucrt:log10.obj
 0002:00006320       _One                       10024320     libucrt:ceil_pentium4.obj
 0002:00006330       _Bns                       10024330     libucrt:ceil_pentium4.obj
 0002:00006340       _Zero                      10024340     libucrt:ceil_pentium4.obj
 0002:00006350       _S                         10024350     libucrt:ceil_pentium4.obj
 0002:00006360       _NegZero                   10024360     libucrt:ceil_pentium4.obj
 0002:00006370       emask                      10024370     libucrt:log10_pentium4.obj
 0002:00006380       CC                         10024380     libucrt:log10_pentium4.obj
 0002:00006390       Magic                      10024390     libucrt:log10_pentium4.obj
 0002:000063a0       hi_mask                    100243a0     libucrt:log10_pentium4.obj
 0002:000063b0       LOG10_2                    100243b0     libucrt:log10_pentium4.obj
 0002:000063c0       place_L                    100243c0     libucrt:log10_pentium4.obj
 0002:000063e0       One                        100243e0     libucrt:log10_pentium4.obj
 0002:000063f0       Zero                       100243f0     libucrt:log10_pentium4.obj
 0002:00006400       Two52                      10024400     libucrt:log10_pentium4.obj
 0002:00006410       Infs                       10024410     libucrt:log10_pentium4.obj
 0002:00006420       NaN                        10024420     libucrt:log10_pentium4.obj
 0002:00006430       coeff                      10024430     libucrt:log10_pentium4.obj
 0002:0000648e       _log2max                   1002448e     libucrt:87tran.obj
 0002:00006498       _smallarg                  10024498     libucrt:87tran.obj
 0002:000064a2       _half                      100244a2     libucrt:87tran.obj
 0002:000064ee       One                        100244ee     libucrt:87disp.obj
 0002:000064f6       Three                      100244f6     libucrt:87disp.obj
 0002:000064fe       XAMtoTagTab                100244fe     libucrt:87disp.obj
 0002:00006510       One                        10024510     libucrt:common.obj
 0002:00006524       DblMax                     10024524     libucrt:common.obj
 0002:0000652c       DblMin                     1002452c     libucrt:common.obj
 0002:00006534       IeeeAdjO                   10024534     libucrt:common.obj
 0002:0000653c       IeeeAdjU                   1002453c     libucrt:common.obj
 0002:00006544       _infinity                  10024544     libucrt:common.obj
 0002:0000654c       _zero                      1002454c     libucrt:common.obj
 0002:00006588       _over                      10024588     libucrt:fpctrl.obj
 0002:00006594       _under                     10024594     libucrt:fpctrl.obj
 0002:00006e58       ?_names@?1??_get_fname@@9@9 10024e58     libucrt:fpexcept.obj
 0002:00007630       __sehtable$?_AtlVerifyStackAvailable@_ATL_SAFE_ALLOCA_IMPL@ATL@@YA_NK@Z 10025630     CashDrawer.obj
 0002:00007650       __sehtable$___scrt_is_nonwritable_in_current_image 10025650     LIBCMT:utility.obj
 0002:0000766c       __ehfuncinfo$?__scrt_initialize_thread_safe_statics_platform_specific@@YAXXZ 1002566c     LIBCMT:thread_safe_statics.obj
 0002:00007690       __catchsym$??2@YAPAXIABUnothrow_t@std@@@Z$2 10025690     LIBCMT:new_scalar_nothrow.obj
 0002:000076a0       __unwindtable$??2@YAPAXIABUnothrow_t@std@@@Z 100256a0     LIBCMT:new_scalar_nothrow.obj
 0002:000076b0       __tryblocktable$??2@YAPAXIABUnothrow_t@std@@@Z 100256b0     LIBCMT:new_scalar_nothrow.obj
 0002:000076c4       __ehfuncinfo$??2@YAPAXIABUnothrow_t@std@@@Z 100256c4     LIBCMT:new_scalar_nothrow.obj
 0002:000076e8       __sehtable$?dllmain_crt_process_attach@@YAHQAUHINSTANCE__@@QAX@Z 100256e8     LIBCMT:dll_dllmain.obj
 0002:00007708       __sehtable$?dllmain_crt_process_detach@@YAH_N@Z 10025708     LIBCMT:dll_dllmain.obj
 0002:00007728       __sehtable$?dllmain_dispatch@@YAHQAUHINSTANCE__@@KQAX@Z 10025728     LIBCMT:dll_dllmain.obj
 0002:000077d8       __sehtable$?FrameUnwindToState@__FrameHandler3@@SAXPAUEHRegistrationNode@@PAXPBU_s_FuncInfo@@H@Z 100257d8     libvcruntime:frame.obj
 0002:00007800       __sehtable$?CallCatchBlock@@YAPAXPAUEHExceptionRecord@@PAUEHRegistrationNode@@PAU_CONTEXT@@PBU_s_FuncInfo@@PAXHK@Z 10025800     libvcruntime:frame.obj
 0002:00007828       __catchsym$?CallUnexpected@@YAXPBU_s_ESTypeList@@@Z$2 10025828     libvcruntime:frame.obj
 0002:00007838       __unwindtable$?CallUnexpected@@YAXPBU_s_ESTypeList@@@Z 10025838     libvcruntime:frame.obj
 0002:00007848       __tryblocktable$?CallUnexpected@@YAXPBU_s_ESTypeList@@@Z 10025848     libvcruntime:frame.obj
 0002:0000785c       __ehfuncinfo$?CallUnexpected@@YAXPBU_s_ESTypeList@@@Z 1002585c     libvcruntime:frame.obj
 0002:00007880       __sehtable$??$BuildCatchObjectHelperInternal@V__FrameHandler3@@@@YAHPAUEHExceptionRecord@@PAXPBU_s_HandlerType@@PBU_s_CatchableType@@@Z 10025880     libvcruntime:frame.obj
 0002:000078a0       __sehtable$??$BuildCatchObjectInternal@V__FrameHandler3@@@@YAXPAUEHExceptionRecord@@PAXPBU_s_HandlerType@@PBU_s_CatchableType@@@Z 100258a0     libvcruntime:frame.obj
 0002:000078f8       __sehtable$___DestructExceptionObject 100258f8     libvcruntime:ehhelpers.obj
 0002:00007918       __sehtable$?common_exit@@YAXHW4_crt_exit_cleanup_mode@@W4_crt_exit_return_mode@@@Z 10025918     libucrt:exit.obj
 0002:00007940       __sehtable$??$?RV<lambda_800076c951b434888f4765a74a194fcc>@@AAV<lambda_4e60a939b0d047cfe11ddc22648dfba9>@@V<lambda_6dbb1268764f43b569ce7b67e331d33a>@@@?$__crt_seh_guarded_call@H@@QAEH$$QAV<lambda_800076c951b434888f4765a74a194fcc>@@AAV<lambda_4e60a939b0d047cfe11ddc22648dfba9>@@$$QAV<lambda_6dbb1268764f43b569ce7b67e331d33a>@@@Z 10025940     libucrt:onexit.obj
 0002:00007960       __sehtable$??$?RV<lambda_995298e7d72eb4c2aab26c0585b3abe5>@@AAV<lambda_275893d493268fdec8709772e3fcec0e>@@V<lambda_293819299cbf9a7022e18b56a874bb5c>@@@?$__crt_seh_guarded_call@H@@QAEH$$QAV<lambda_995298e7d72eb4c2aab26c0585b3abe5>@@AAV<lambda_275893d493268fdec8709772e3fcec0e>@@$$QAV<lambda_293819299cbf9a7022e18b56a874bb5c>@@@Z 10025960     libucrt:onexit.obj
 0002:00007980       __sehtable$__query_new_handler 10025980     libucrt:new_handler.obj
 0002:000079a0       __sehtable$_terminate      100259a0     libucrt:terminate.obj
 0002:000079c0       __sehtable$??$?RV<lambda_9df27f884b057bc3edfc946cb5b7cf47>@@AAV<lambda_e69574bed617af4e071282c136b37893>@@V<lambda_cc0d902bcbbeb830f749456577db4721>@@@?$__crt_seh_guarded_call@X@@QAEX$$QAV<lambda_9df27f884b057bc3edfc946cb5b7cf47>@@AAV<lambda_e69574bed617af4e071282c136b37893>@@$$QAV<lambda_cc0d902bcbbeb830f749456577db4721>@@@Z 100259c0     libucrt:per_thread_data.obj
 0002:000079e0       __sehtable$??$?RV<lambda_3518db117f0e7cdb002338c5d3c47b6c>@@AAV<lambda_b2ea41f6bbb362cd97d94c6828d90b61>@@V<lambda_abdedf541bb04549bc734292b4a045d4>@@@?$__crt_seh_guarded_call@X@@QAEX$$QAV<lambda_3518db117f0e7cdb002338c5d3c47b6c>@@AAV<lambda_b2ea41f6bbb362cd97d94c6828d90b61>@@$$QAV<lambda_abdedf541bb04549bc734292b4a045d4>@@@Z 100259e0     libucrt:per_thread_data.obj
 0002:00007a00       __sehtable$??$?RV<lambda_51b6e8b1eb166f2a3faf91f424b38130>@@AAV<lambda_6250bd4b2a391816dd638c3bf72b0bcb>@@V<lambda_0b5a4a3e68152e1d9b943535f5f47bed>@@@?$__crt_seh_guarded_call@X@@QAEX$$QAV<lambda_51b6e8b1eb166f2a3faf91f424b38130>@@AAV<lambda_6250bd4b2a391816dd638c3bf72b0bcb>@@$$QAV<lambda_0b5a4a3e68152e1d9b943535f5f47bed>@@@Z 10025a00     libucrt:per_thread_data.obj
 0002:00007a20       __sehtable$??$?RV<lambda_5b71d36f03204c0beab531769a5b5694>@@AAV<lambda_be2b3da3f62db62e9dad5dc70221a656>@@V<lambda_8f9ce462984622f9bf76b59e2aaaf805>@@@?$__crt_seh_guarded_call@X@@QAEX$$QAV<lambda_5b71d36f03204c0beab531769a5b5694>@@AAV<lambda_be2b3da3f62db62e9dad5dc70221a656>@@$$QAV<lambda_8f9ce462984622f9bf76b59e2aaaf805>@@@Z 10025a20     libucrt:per_thread_data.obj
 0002:00007a40       __sehtable$___acrt_uninitialize_locale 10025a40     libucrt:wsetlocale.obj
 0002:00007a60       __sehtable$___acrt_initialize_lowio 10025a60     libucrt:ioinit.obj
 0002:00007a80       __sehtable$___acrt_update_thread_multibyte_data 10025a80     libucrt:mbctype.obj
 0002:00007aa0       __sehtable$??$?RV<lambda_978dc153c237d78434369da87b74ff60>@@AAV<lambda_ad1ced32f4ac17aa236e5ef05d6b3b7c>@@V<lambda_4a8533e2866a575feecb8298ce776b0d>@@@?$__crt_seh_guarded_call@X@@QAEX$$QAV<lambda_978dc153c237d78434369da87b74ff60>@@AAV<lambda_ad1ced32f4ac17aa236e5ef05d6b3b7c>@@$$QAV<lambda_4a8533e2866a575feecb8298ce776b0d>@@@Z 10025aa0     libucrt:mbctype.obj
 0002:00007ac0       __sehtable$_raise          10025ac0     libucrt:signal.obj
 0002:00007ae0       __sehtable$??$?RV<lambda_a048d3beccc847880fc8490e18b82769>@@AAV<lambda_ec61778202f4f5fc7e7711acc23c3bca>@@V<lambda_f7496a158712204296dd6628a163878e>@@@?$__crt_seh_guarded_call@P6AXH@Z@@QAEP6AXH@Z$$QAV<lambda_a048d3beccc847880fc8490e18b82769>@@AAV<lambda_ec61778202f4f5fc7e7711acc23c3bca>@@$$QAV<lambda_f7496a158712204296dd6628a163878e>@@@Z 10025ae0     libucrt:signal.obj
 0002:00007b00       __sehtable$___acrt_update_thread_locale_data 10025b00     libucrt:locale_refcounting.obj
 0002:00007b20       __sehtable$__fcloseall     10025b20     libucrt:closeall.obj
 0002:00007b40       __sehtable$_common_flush_all 10025b40     libucrt:fflush.obj
 0002:00007b68       __sehtable$___acrt_lowio_ensure_fh_exists 10025b68     libucrt:osfinfo.obj
 0002:00007b88       __sehtable$__write         10025b88     libucrt:write.obj
 0002:00007ba8       __sehtable$_fclose         10025ba8     libucrt:fclose.obj
 0002:00007bc8       __sehtable$??$?RV<lambda_61cee617f5178ae960314fd4d05640a0>@@AAV<lambda_6978c1fb23f02e42e1d9e99668cc68aa>@@V<lambda_9cd88cf8ad10232537feb2133f08c833>@@@?$__crt_seh_guarded_call@H@@QAEH$$QAV<lambda_61cee617f5178ae960314fd4d05640a0>@@AAV<lambda_6978c1fb23f02e42e1d9e99668cc68aa>@@$$QAV<lambda_9cd88cf8ad10232537feb2133f08c833>@@@Z 10025bc8     libucrt:commit.obj
 0002:00007be8       __sehtable$??$?RV<lambda_123407a5e2ac06da108355a851863b7a>@@AAV<lambda_2fe9b910cf3cbf4a0ab98a02ba45b3ec>@@V<lambda_ae55bdf541ad94d75914d381c370e64d>@@@?$__crt_seh_guarded_call@H@@QAEH$$QAV<lambda_123407a5e2ac06da108355a851863b7a>@@AAV<lambda_2fe9b910cf3cbf4a0ab98a02ba45b3ec>@@$$QAV<lambda_ae55bdf541ad94d75914d381c370e64d>@@@Z 10025be8     libucrt:close.obj
 0002:00007c08       __sehtable$__IsNonwritableInCurrentImage 10025c08     LIBCMT:pesect.obj
 0002:00007c30       .edata                     10025c30     OPOSCashDrawer.exp
 0002:00007c58       rgpv                       10025c58     OPOSCashDrawer.exp
 0002:00007c68       rgszName                   10025c68     OPOSCashDrawer.exp
 0002:00007c78       rgwOrd                     10025c78     OPOSCashDrawer.exp
 0002:00007c80       szName                     10025c80     OPOSCashDrawer.exp
 0002:00007c93       $N00001                    10025c93     OPOSCashDrawer.exp
 0002:00007ca3       $N00002                    10025ca3     OPOSCashDrawer.exp
 0002:00007cb5       $N00003                    10025cb5     OPOSCashDrawer.exp
 0002:00007cc7       $N00004                    10025cc7     OPOSCashDrawer.exp
 0002:000082da       .idata$6                   100262da     kernel32:KERNEL32.dll
 0002:000084ee       .idata$6                   100264ee     user32:USER32.dll
 0002:00008622       .idata$6                   10026622     gdi32:GDI32.dll
 0002:000086c8       .idata$6                   100266c8     advapi32:ADVAPI32.dll
 0002:000087e4       .idata$6                   100267e4     ole32:ole32.dll
 0002:000087ee       .idata$6                   100267ee     oleaut32:OLEAUT32.dll
 0003:00000110       ?ObjectMap@@3PAU_ATL_OBJMAP_ENTRY30@ATL@@A 10027110     CashDrawer.obj
 0003:000001b8       ?s_SOMethodNames@@3PAPADA  100271b8     CashDrawerImpl.obj
 0003:00000204       ?s_RequiredMethodsPerRelease@@3PAHA 10027204     CashDrawerImpl.obj
 0003:00000250       ?__vcrt_flsindex@@3KA      10027250     libvcruntime:per_thread_data.obj
 0003:00000270       _errno_no_memory           10027270     libucrt:errno.obj
 0003:00000274       _doserrno_no_memory        10027274     libucrt:errno.obj
 0003:00000280       ___acrt_flsindex           10027280     libucrt:per_thread_data.obj
 0003:000003f4       ___rgctypeflag             100273f4     libucrt:mbctype.obj
 0003:000003f8       ___rgcode_page_info        100273f8     libucrt:mbctype.obj
 0003:00000b18       ?is_initialized_as_dll@@3_NA 10027b18     LIBCMT:utility.obj
 0003:00000b19       ?module_local_atexit_table_initialized@@3_NA 10027b19     LIBCMT:utility.obj
 0003:00000b1c       ?module_local_atexit_table@@3U_onexit_table_t@@A 10027b1c     LIBCMT:utility.obj
 0003:00000b28       ?module_local_at_quick_exit_table@@3U_onexit_table_t@@A 10027b28     LIBCMT:utility.obj
 0003:00000b34       ?_Tss_mutex@@3U_RTL_CRITICAL_SECTION@@A 10027b34     LIBCMT:thread_safe_statics.obj
 0003:00000b4c       ?_Tss_cv@@3U_RTL_CONDITION_VARIABLE@@A 10027b4c     LIBCMT:thread_safe_statics.obj
 0003:00000b50       ?_Tss_event@@3PAXA         10027b50     LIBCMT:thread_safe_statics.obj
 0003:00000b54       ?encoded_sleep_condition_variable_cs@@3P6GHPAU_RTL_CONDITION_VARIABLE@@PAU_RTL_CRITICAL_SECTION@@K@ZA 10027b54     LIBCMT:thread_safe_statics.obj
 0003:00000b58       ?encoded_wake_all_condition_variable@@3P6GXPAU_RTL_CONDITION_VARIABLE@@@ZA 10027b58     LIBCMT:thread_safe_statics.obj
 0003:00000b60       _GS_ExceptionRecord        10027b60     LIBCMT:gs_report.obj
 0003:00000bb0       _GS_ContextRecord          10027bb0     LIBCMT:gs_report.obj
 0003:00000e80       ?__proc_attached@@3HA      10027e80     LIBCMT:dll_dllmain.obj
 0003:00000edc       ?AllocateData@@3P6GPAUAtlThunkData_t@@XZA 10027edc     atls:atlthunk.obj
 0003:00000ee0       ?InitData@@3P6GXPAUAtlThunkData_t@@PAXI@ZA 10027ee0     atls:atlthunk.obj
 0003:00000ee4       ?DataToCode@@3P6GP6GJPAUHWND__@@IIJ@ZPAUAtlThunkData_t@@@ZA 10027ee4     atls:atlthunk.obj
 0003:00000ee8       ?FreeData@@3P6GXPAUAtlThunkData_t@@@ZA 10027ee8     atls:atlthunk.obj
 0003:00000eec       ?Initialized@@3_NA         10027eec     atls:atlthunk.obj
 0003:00000ef8       ?__vcrt_startup_thread_ptd@@3U__vcrt_ptd@@A 10027ef8     libvcruntime:per_thread_data.obj
 0003:00000f20       ___vcrt_lock_table         10027f20     libvcruntime:locks.obj
 0003:00000f38       ___vcrt_locks_initialized  10027f38     libvcruntime:locks.obj
 0003:00000f3c       ?module_handles@@3PAPAUHINSTANCE__@@A 10027f3c     libvcruntime:winapi_downlevel.obj
 0003:00000f48       ?encoded_function_pointers@@3PAPAXA 10027f48     libvcruntime:winapi_downlevel.obj
 0003:00000f84       ?heap@@3V_HeapManager@@A   10027f84     libvcruntime:undname.obj
 0003:00000f9c       ___acrt_invalid_parameter_handler 10027f9c     libucrt:invalid_parameter.obj
 0003:00000fa0       _c_termination_complete    10027fa0     libucrt:exit.obj
 0003:00000fa4       _thread_local_exit_callback_func 10027fa4     libucrt:exit.obj
 0003:00000fa8       ?c_exit_complete@?5??common_exit@@YAXHW4_crt_exit_cleanup_mode@@W4_crt_exit_return_mode@@@Z@4_NA 10027fa8     libucrt:exit.obj
 0003:00000fb0       ?program_name@?5???$common_configure_argv@D@@YAHW4_crt_argv_mode@@@Z@4PADA 10027fb0     libucrt:argv_parsing.obj
 0003:000010e0       ___acrt_new_handler        100280e0     libucrt:new_handler.obj
 0003:000010e8       _module_handles            100280e8     libucrt:winapi_thunks.obj
 0003:00001138       _encoded_function_pointers 10028138     libucrt:winapi_thunks.obj
 0003:000011b8       ?state_cache@?1??__acrt_is_packaged_app@@9@4JA 100281b8     libucrt:winapi_thunks.obj
 0003:000011c4       _enable_percent_n          100281c4     libucrt:printf_count_output.obj
 0003:000013e0       ___acrt_lock_table         100283e0     libucrt:locks.obj
 0003:00001518       ___acrt_locks_initialized  10028518     libucrt:locks.obj
 0003:00001534       _fSystemSet                10028534     libucrt:mbctype.obj
 0003:00001538       ?initialized@?1??__acrt_initialize_multibyte@@9@4_NA 10028538     libucrt:mbctype.obj
 0003:00001558       _ctrlc_action              10028558     libucrt:signal.obj
 0003:0000155c       _ctrlbreak_action          1002855c     libucrt:signal.obj
 0003:00001560       _abort_action              10028560     libucrt:signal.obj
 0003:00001564       _term_action               10028564     libucrt:signal.obj
 0003:00001568       _user_matherr              10028568     libucrt:matherr.obj
 0003:0000156c       ___acrt_global_new_mode    1002856c     libucrt:new_mode.obj
 0003:00001578       ___acrt_app_type           10028578     libucrt:report_runtime_error.obj
 0003:00001580       __pmatherr_set             10028580     libucrt:libm_error.obj
 0004:00000220       $R000000                   10029220     CashDrawer.res
 0004:00000b90       $R000970                   10029b90     CashDrawer.res
 0004:00000c78       $R000A58                   10029c78     CashDrawer.res
 0004:00000ee0       $R000CC0                   10029ee0     CashDrawer.res
 0004:00001408       $R0011E8                   1002a408     CashDrawer.res
 0004:000038b8       $R003698                   1002c8b8     CashDrawer.res
 0004:000038f0       $R0036D0                   1002c8f0     CashDrawer.res
