 OPOSMotionSensor

 Timestamp is 61a75afd (Wed Dec  1 20:22:37 2021)

 Preferred load address is 10000000

 Start         Length     Name                   Class
 0001:00000000 00000080H .text$di                CODE
 0001:00000080 0001e6b8H .text$mn                CODE
 0001:0001e738 000000d8H .text$x                 CODE
 0001:0001e810 00000042H .text$yd                CODE
 0002:00000000 000002fcH .idata$5                DATA
 0002:000002fc 00000008H .00cfg                  DATA
 0002:00000304 00000004H .CRT$XCA                DATA
 0002:00000308 00000004H .CRT$XCL                DATA
 0002:0000030c 00000010H .CRT$XCU                DATA
 0002:0000031c 00000004H .CRT$XCZ                DATA
 0002:00000320 00000004H .CRT$XIA                DATA
 0002:00000324 00000010H .CRT$XIC                DATA
 0002:00000334 00000004H .CRT$XIZ                DATA
 0002:00000338 00000004H .CRT$XLA                DATA
 0002:0000033c 00000004H .CRT$XLZ                DATA
 0002:00000340 00000004H .CRT$XPA                DATA
 0002:00000344 00000008H .CRT$XPX                DATA
 0002:0000034c 00000004H .CRT$XPXA               DATA
 0002:00000350 00000004H .CRT$XPZ                DATA
 0002:00000354 00000004H .CRT$XTA                DATA
 0002:00000358 00000008H .CRT$XTZ                DATA
 0002:0000035c 00000000H .gfids$y                DATA
 0002:00000360 00006d20H .rdata                  DATA
 0002:00007080 00000000H .rdata$CastGuardVftablesA DATA
 0002:00007080 00000000H .rdata$CastGuardVftablesC DATA
 0002:00007080 00000018H .rdata$T                DATA
 0002:00007098 00000178H .rdata$r                DATA
 0002:00007210 0000002cH .rdata$sxdata           DATA
 0002:0000723c 00000030H .rdata$voltmd           DATA
 0002:0000726c 0000040cH .rdata$zzzdbg           DATA
 0002:00007678 00000004H .rtc$IAA                DATA
 0002:0000767c 00000004H .rtc$IZZ                DATA
 0002:00007680 00000004H .rtc$TAA                DATA
 0002:00007684 00000004H .rtc$TZZ                DATA
 0002:00007688 00000004H .tls                    DATA
 0002:0000768c 00000004H .tls$                   DATA
 0002:00007690 00000008H .tls$ZZZ                DATA
 0002:00007698 000006dcH .xdata$x                DATA
 0002:00007d74 00000004H ATL$__a                 DATA
 0002:00007d78 00000008H ATL$__z                 DATA
 0002:00007d80 000000b0H .edata                  DATA
 0002:00007e30 00000078H .idata$2                DATA
 0002:00007ea8 00000014H .idata$3                DATA
 0002:00007ebc 000002fcH .idata$4                DATA
 0002:000081b8 00000bceH .idata$6                DATA
 0003:00000000 00000a90H .data                   DATA
 0003:00000a90 00000080H .data$r                 DATA
 0003:00000b10 00000018H .data$rs                DATA
 0003:00000b28 00000b80H .bss                    DATA
 0004:00000000 00000220H .rsrc$01                DATA
 0004:00000220 00003718H .rsrc$02                DATA

  Address         Publics by Value              Rva+Base       Lib:Object

 0000:00000000       ___guard_fids_count        00000000     <absolute>
 0000:00000000       ___guard_eh_cont_table     00000000     <absolute>
 0000:00000000       ___guard_longjmp_table     00000000     <absolute>
 0000:00000000       ___arm64x_extra_rfe_table  00000000     <absolute>
 0000:00000000       ___arm64x_redirection_metadata 00000000     <absolute>
 0000:00000000       ___guard_iat_count         00000000     <absolute>
 0000:00000000       ___guard_eh_cont_count     00000000     <absolute>
 0000:00000000       __except_list              00000000     <absolute>
 0000:00000000       ___x64_code_ranges_to_entry_points_count 00000000     <absolute>
 0000:00000000       ___hybrid_code_map_count   00000000     <absolute>
 0000:00000000       ___x64_code_ranges_to_entry_points 00000000     <absolute>
 0000:00000000       ___guard_iat_table         00000000     <absolute>
 0000:00000000       ___arm64x_native_entrypoint 00000000     <absolute>
 0000:00000000       ___hybrid_code_map         00000000     <absolute>
 0000:00000000       ___arm64x_extra_rfe_table_size 00000000     <absolute>
 0000:00000000       ___guard_longjmp_count     00000000     <absolute>
 0000:00000000       ___guard_check_icall_a64n_fptr 00000000     <absolute>
 0000:00000000       ___arm64x_redirection_metadata_count 00000000     <absolute>
 0000:00000000       ___hybrid_auxiliary_iat    00000000     <absolute>
 0000:00000000       ___dynamic_value_reloc_table 00000000     <absolute>
 0000:00000000       ___AbsoluteZero            00000000     <absolute>
 0000:00000000       ___enclave_config          00000000     <absolute>
 0000:00000000       ___guard_fids_table        00000000     <absolute>
 0000:00000000       ___hybrid_auxiliary_iat_copy 00000000     <absolute>
 0000:0000000b       ___safe_se_handler_count   0000000b     <absolute>
 0000:0000002c       __tls_array                0000002c     <absolute>
 0000:00000100       ___guard_flags             00000100     <absolute>
 0000:00000000       ___ImageBase               10000000     <linker-defined>
 0001:00000080       ?DupWide@_CW@@AAEXXZ       10001080 f   CWString.obj
 0001:0000009c       ?cw_dup@@YGXPBDAAHAAPA_W1@Z 1000109c f   CWString.obj
 0001:00000124       ?cw_memcpy@@YGHPA_WPBDH@Z  10001124 f   CWString.obj
 0001:00000150       ?cw_strcpy@@YAHPA_WPBD@Z   10001150 f   CWString.obj
 0001:00000163       ?cw_strlen@@YAHPBD@Z       10001163 f   CWString.obj
 0001:0000017c       ??0CAtlComModule@ATL@@QAE@XZ 1000117c f i OposVariant.obj
 0001:000001c1       ??0CAtlWinModule@ATL@@QAE@XZ 100011c1 f i OposVariant.obj
 0001:000001f8       ??0OposDispParms@@QAE@PAVOposVariant@@H@Z 100011f8 f   OposVariant.obj
 0001:00000269       ??1OposDispParms@@QAE@XZ   10001269 f   OposVariant.obj
 0001:00000277       ??A?$CSimpleArray@GV?$CSimpleArrayEqualHelper@G@ATL@@@ATL@@QAEAAGH@Z 10001277 f i OposVariant.obj
 0001:0000029c       ??_Estringdispid@CComTypeInfoHolder@ATL@@QAEPAXI@Z 1000129c f i OposVariant.obj
 0001:00000308       ?AtlWinModuleInit@ATL@@YGJPAU_ATL_WIN_MODULE70@1@@Z 10001308 f i OposVariant.obj
 0001:0000032e       ?AtlWinModuleTerm@ATL@@YGJPAU_ATL_WIN_MODULE70@1@PAUHINSTANCE__@@@Z 1000132e f i OposVariant.obj
 0001:00000391       ?ChangeBSTR@OposVariant@@QAEXPAPA_WAAJ@Z 10001391 f   OposVariant.obj
 0001:000003d2       ?ChangeLONG@OposVariant@@QAEXPAJAAJ@Z 100013d2 f   OposVariant.obj
 0001:00000413       ?GetLONG@OposVariant@@QAEJXZ 10001413 f   OposVariant.obj
 0001:0000042e       ?Init@CComCriticalSection@ATL@@QAEJXZ 1000142e f i OposVariant.obj
 0001:00000456       ?RemoveAll@?$CSimpleArray@GV?$CSimpleArrayEqualHelper@G@ATL@@@ATL@@QAEXXZ 10001456 f i OposVariant.obj
 0001:00000456       ?RemoveAll@?$CSimpleArray@PAUHINSTANCE__@@V?$CSimpleArrayEqualHelper@PAUHINSTANCE__@@@ATL@@@ATL@@QAEXXZ 10001456 f i atls:atlbase.obj
 0001:00000473       ?SetBSTR@OposVariant@@QAEXPA_WAAJ@Z 10001473 f   OposVariant.obj
 0001:000004a7       ?SetBSTR_Copy@OposVariant@@QAEXPA_WAAJ@Z 100014a7 f   OposVariant.obj
 0001:000004f7       ?SetBSTR_InOutPtr@OposVariant@@QAE_NPAPA_WAAJ@Z 100014f7 f   OposVariant.obj
 0001:0000052e       ?SetDispatch_Ptr@OposVariant@@QAEXPAUIDispatch@@AAJ@Z 1000152e f   OposVariant.obj
 0001:00000569       ?SetLONG@OposVariant@@QAEXJ@Z 10001569 f   OposVariant.obj
 0001:0000058b       ?SetLONG_Ptr@OposVariant@@QAEXPAJAAJ@Z 1000158b f   OposVariant.obj
 0001:000005be       ?SetString@OposVariant@@QAEXPB_WAAJ@Z 100015be f   OposVariant.obj
 0001:00000604       ?SetVARIANT_BOOL@OposVariant@@QAEXF@Z 10001604 f   OposVariant.obj
 0001:0000062e       ?Term@CAtlComModule@ATL@@QAEXXZ 1000162e f i OposVariant.obj
 0001:00000678       ?_AtlRaiseException@ATL@@YAXKK@Z 10001678 f i OposVariant.obj
 0001:0000068d       ?OnDrawAdvanced@CComControlBase@ATL@@UAEJAAUATL_DRAWINFO@@@Z 1000168d f i MotionSensor.obj
 0001:00000780       ?Next@?$CComEnumImpl@UIEnumConnections@@$1?_GUID_b196b287_bab4_101a_b69c_00aa00341d07@@3U__s_GUID@@BUtagCONNECTDATA@@V?$_Copy@UtagCONNECTDATA@@@ATL@@@ATL@@UAGJKPAUtagCONNECTDATA@@PAK@Z 10001780 f i MotionSensor.obj
 0001:0000084f       ?Skip@?$CComEnumImpl@UIEnumConnections@@$1?_GUID_b196b287_bab4_101a_b69c_00aa00341d07@@3U__s_GUID@@BUtagCONNECTDATA@@V?$_Copy@UtagCONNECTDATA@@@ATL@@@ATL@@UAGJK@Z 1000184f f i MotionSensor.obj
 0001:0000087c       ?Reset@?$CComEnumImpl@UIEnumConnectionPoints@@$1?_GUID_b196b285_bab4_101a_b69c_00aa00341d07@@3U__s_GUID@@BPAUIConnectionPoint@@V?$_CopyInterface@UIConnectionPoint@@@ATL@@@ATL@@UAGJXZ 1000187c f i MotionSensor.obj
 0001:0000087c       ?Reset@?$CComEnumImpl@UIEnumConnections@@$1?_GUID_b196b287_bab4_101a_b69c_00aa00341d07@@3U__s_GUID@@BUtagCONNECTDATA@@V?$_Copy@UtagCONNECTDATA@@@ATL@@@ATL@@UAGJXZ 1000187c f i MotionSensor.obj
 0001:0000088e       ?Clone@?$CComEnumImpl@UIEnumConnections@@$1?_GUID_b196b287_bab4_101a_b69c_00aa00341d07@@3U__s_GUID@@BUtagCONNECTDATA@@V?$_Copy@UtagCONNECTDATA@@@ATL@@@ATL@@UAGJPAPAUIEnumConnections@@@Z 1000188e f i MotionSensor.obj
 0001:0000096f       ?AddRef@?$CComObject@V?$CComEnum@UIEnumConnections@@$1?_GUID_b196b287_bab4_101a_b69c_00aa00341d07@@3U__s_GUID@@BUtagCONNECTDATA@@V?$_Copy@UtagCONNECTDATA@@@ATL@@VCComSingleThreadModel@6@@ATL@@@ATL@@UAGKXZ 1000196f f i MotionSensor.obj
 0001:0000096f       ?AddRef@?$CComObject@V?$CComEnum@UIEnumConnectionPoints@@$1?_GUID_b196b285_bab4_101a_b69c_00aa00341d07@@3U__s_GUID@@BPAUIConnectionPoint@@V?$_CopyInterface@UIConnectionPoint@@@ATL@@VCComSingleThreadModel@6@@ATL@@@ATL@@UAGKXZ 1000196f f i MotionSensor.obj
 0001:00000980       ?Release@?$CComObject@V?$CComEnum@UIEnumConnections@@$1?_GUID_b196b287_bab4_101a_b69c_00aa00341d07@@3U__s_GUID@@BUtagCONNECTDATA@@V?$_Copy@UtagCONNECTDATA@@@ATL@@VCComSingleThreadModel@6@@ATL@@@ATL@@UAGKXZ 10001980 f i MotionSensor.obj
 0001:00000980       ?Release@?$CComObject@V?$CComEnum@UIEnumConnectionPoints@@$1?_GUID_b196b285_bab4_101a_b69c_00aa00341d07@@3U__s_GUID@@BPAUIConnectionPoint@@V?$_CopyInterface@UIConnectionPoint@@@ATL@@VCComSingleThreadModel@6@@ATL@@@ATL@@UAGKXZ 10001980 f i MotionSensor.obj
 0001:000009bc       ?QueryInterface@?$CComObject@V?$CComEnum@UIEnumConnections@@$1?_GUID_b196b287_bab4_101a_b69c_00aa00341d07@@3U__s_GUID@@BUtagCONNECTDATA@@V?$_Copy@UtagCONNECTDATA@@@ATL@@VCComSingleThreadModel@6@@ATL@@@ATL@@UAGJABU_GUID@@PAPAX@Z 100019bc f i MotionSensor.obj
 0001:000009d6       ??_G?$CComObject@V?$CComEnum@UIEnumConnections@@$1?_GUID_b196b287_bab4_101a_b69c_00aa00341d07@@3U__s_GUID@@BUtagCONNECTDATA@@V?$_Copy@UtagCONNECTDATA@@@ATL@@VCComSingleThreadModel@6@@ATL@@@ATL@@UAEPAXI@Z 100019d6 f i MotionSensor.obj
 0001:000009d6       ??_E?$CComObject@V?$CComEnum@UIEnumConnections@@$1?_GUID_b196b287_bab4_101a_b69c_00aa00341d07@@3U__s_GUID@@BUtagCONNECTDATA@@V?$_Copy@UtagCONNECTDATA@@@ATL@@VCComSingleThreadModel@6@@ATL@@@ATL@@UAEPAXI@Z 100019d6 f i MotionSensor.obj
 0001:000009f8       ?ObjectMain@CComObjectRootBase@ATL@@SGX_N@Z 100019f8 f i MotionSensor.obj
 0001:000009f8       ?OnFinalMessage@?$CWindowImplBaseT@VCWindow@ATL@@V?$CWinTraits@$0FGAAAAAA@$0A@@2@@ATL@@UAEXPAUHWND__@@@Z 100019f8 f i MotionSensor.obj
 0001:000009fb       ?GetObjectDescription@?$CComCoClass@VCOPOSMotionSensor@@$1?CLSID_OPOSMotionSensor@@3U_GUID@@B@ATL@@SGPB_WXZ 100019fb f i MotionSensor.obj
 0001:000009fb       ?GetCategoryMap@CComObjectRootBase@ATL@@SAPBU_ATL_CATMAP_ENTRY@2@XZ 100019fb f i MotionSensor.obj
 0001:000009fe       ??_E?$CComObject@VCOPOSMotionSensor@@@ATL@@W3AEPAXI@Z 100019fe f i MotionSensor.obj
 0001:00000a06       ??_E?$CComObject@VCOPOSMotionSensor@@@ATL@@WEM@AEPAXI@Z 10001a06 f i MotionSensor.obj
 0001:00000a0e       ?QueryInterface@?$CComObject@VCOPOSMotionSensor@@@ATL@@WHA@AGJABU_GUID@@PAPAX@Z 10001a0e f i MotionSensor.obj
 0001:00000a18       ?AddRef@?$CComObject@VCOPOSMotionSensor@@@ATL@@WHA@AGKXZ 10001a18 f i MotionSensor.obj
 0001:00000a22       ?Release@?$CComObject@VCOPOSMotionSensor@@@ATL@@WHA@AGKXZ 10001a22 f i MotionSensor.obj
 0001:00000a2c       ?QueryInterface@?$CComObject@VCOPOSMotionSensor@@@ATL@@WHE@AGJABU_GUID@@PAPAX@Z 10001a2c f i MotionSensor.obj
 0001:00000a36       ?AddRef@?$CComObject@VCOPOSMotionSensor@@@ATL@@WHE@AGKXZ 10001a36 f i MotionSensor.obj
 0001:00000a40       ?Release@?$CComObject@VCOPOSMotionSensor@@@ATL@@WHE@AGKXZ 10001a40 f i MotionSensor.obj
 0001:00000a4a       ?QueryInterface@?$CComObject@VCOPOSMotionSensor@@@ATL@@WHI@AGJABU_GUID@@PAPAX@Z 10001a4a f i MotionSensor.obj
 0001:00000a54       ?AddRef@?$CComObject@VCOPOSMotionSensor@@@ATL@@WHI@AGKXZ 10001a54 f i MotionSensor.obj
 0001:00000a5e       ?Release@?$CComObject@VCOPOSMotionSensor@@@ATL@@WHI@AGKXZ 10001a5e f i MotionSensor.obj
 0001:00000a68       ?QueryInterface@?$CComObject@VCOPOSMotionSensor@@@ATL@@WHM@AGJABU_GUID@@PAPAX@Z 10001a68 f i MotionSensor.obj
 0001:00000a72       ?AddRef@?$CComObject@VCOPOSMotionSensor@@@ATL@@WHM@AGKXZ 10001a72 f i MotionSensor.obj
 0001:00000a7c       ?Release@?$CComObject@VCOPOSMotionSensor@@@ATL@@WHM@AGKXZ 10001a7c f i MotionSensor.obj
 0001:00000a86       ?QueryInterface@?$CComObject@VCOPOSMotionSensor@@@ATL@@WIA@AGJABU_GUID@@PAPAX@Z 10001a86 f i MotionSensor.obj
 0001:00000a93       ?AddRef@?$CComObject@VCOPOSMotionSensor@@@ATL@@WIA@AGKXZ 10001a93 f i MotionSensor.obj
 0001:00000aa0       ?CreateInstance@CComClassFactory@ATL@@UAGJPAUIUnknown@@ABU_GUID@@PAPAX@Z 10001aa0 f i MotionSensor.obj
 0001:00000ade       ?Release@?$CComObject@VCOPOSMotionSensor@@@ATL@@WIA@AGKXZ 10001ade f i MotionSensor.obj
 0001:00000aeb       ?QueryInterface@?$CComObject@VCOPOSMotionSensor@@@ATL@@WIE@AGJABU_GUID@@PAPAX@Z 10001aeb f i MotionSensor.obj
 0001:00000af8       ?LockServer@CComClassFactory@ATL@@UAGJH@Z 10001af8 f i MotionSensor.obj
 0001:00000b17       ?AddRef@?$CComObject@VCOPOSMotionSensor@@@ATL@@WIE@AGKXZ 10001b17 f i MotionSensor.obj
 0001:00000b24       ?Release@?$CComObject@VCOPOSMotionSensor@@@ATL@@WIE@AGKXZ 10001b24 f i MotionSensor.obj
 0001:00000b31       ?QueryInterface@?$CComObject@VCOPOSMotionSensor@@@ATL@@WII@AGJABU_GUID@@PAPAX@Z 10001b31 f i MotionSensor.obj
 0001:00000b3e       ?AddRef@?$CComObject@VCOPOSMotionSensor@@@ATL@@WII@AGKXZ 10001b3e f i MotionSensor.obj
 0001:00000b4b       ?Release@?$CComObject@VCOPOSMotionSensor@@@ATL@@WII@AGKXZ 10001b4b f i MotionSensor.obj
 0001:00000b58       ?QueryInterface@?$CComObject@VCOPOSMotionSensor@@@ATL@@WIM@AGJABU_GUID@@PAPAX@Z 10001b58 f i MotionSensor.obj
 0001:00000b65       ?AddRef@?$CComObject@VCOPOSMotionSensor@@@ATL@@WIM@AGKXZ 10001b65 f i MotionSensor.obj
 0001:00000b72       ?Release@?$CComObject@VCOPOSMotionSensor@@@ATL@@WIM@AGKXZ 10001b72 f i MotionSensor.obj
 0001:00000b7f       ?QueryInterface@?$CComObject@VCOPOSMotionSensor@@@ATL@@WJA@AGJABU_GUID@@PAPAX@Z 10001b7f f i MotionSensor.obj
 0001:00000b8c       ?AddRef@?$CComObject@VCOPOSMotionSensor@@@ATL@@WJA@AGKXZ 10001b8c f i MotionSensor.obj
 0001:00000b99       ?Release@?$CComObject@VCOPOSMotionSensor@@@ATL@@WJA@AGKXZ 10001b99 f i MotionSensor.obj
 0001:00000ba6       ?QueryInterface@?$CComObject@VCOPOSMotionSensor@@@ATL@@WJE@AGJABU_GUID@@PAPAX@Z 10001ba6 f i MotionSensor.obj
 0001:00000bb3       ?AddRef@?$CComObject@VCOPOSMotionSensor@@@ATL@@WJE@AGKXZ 10001bb3 f i MotionSensor.obj
 0001:00000bc0       ??_GCComClassFactory@ATL@@UAEPAXI@Z 10001bc0 f i MotionSensor.obj
 0001:00000bc0       ??_ECComClassFactory@ATL@@UAEPAXI@Z 10001bc0 f i MotionSensor.obj
 0001:00000beb       ?Release@?$CComObject@VCOPOSMotionSensor@@@ATL@@WJE@AGKXZ 10001beb f i MotionSensor.obj
 0001:00000bf8       ?QueryInterface@?$CComObject@VCOPOSMotionSensor@@@ATL@@WJI@AGJABU_GUID@@PAPAX@Z 10001bf8 f i MotionSensor.obj
 0001:00000c05       ?AddRef@?$CComObject@VCOPOSMotionSensor@@@ATL@@WJI@AGKXZ 10001c05 f i MotionSensor.obj
 0001:00000c12       ?Release@?$CComObject@VCOPOSMotionSensor@@@ATL@@WJI@AGKXZ 10001c12 f i MotionSensor.obj
 0001:00000c1f       ?QueryInterface@?$CComObject@VCOPOSMotionSensor@@@ATL@@WJM@AGJABU_GUID@@PAPAX@Z 10001c1f f i MotionSensor.obj
 0001:00000c2c       ?AddRef@?$CComObject@VCOPOSMotionSensor@@@ATL@@WJM@AGKXZ 10001c2c f i MotionSensor.obj
 0001:00000c39       ?Release@?$CComObject@VCOPOSMotionSensor@@@ATL@@WJM@AGKXZ 10001c39 f i MotionSensor.obj
 0001:00000c46       ?QueryInterface@?$CComObject@VCOPOSMotionSensor@@@ATL@@WKA@AGJABU_GUID@@PAPAX@Z 10001c46 f i MotionSensor.obj
 0001:00000c53       ?AddRef@?$CComObject@VCOPOSMotionSensor@@@ATL@@WKA@AGKXZ 10001c53 f i MotionSensor.obj
 0001:00000c60       ?Release@?$CComObject@VCOPOSMotionSensor@@@ATL@@WKA@AGKXZ 10001c60 f i MotionSensor.obj
 0001:00000c6d       ?AddRef@?$CComObject@VCOPOSMotionSensor@@@ATL@@WKI@AGKXZ 10001c6d f i MotionSensor.obj
 0001:00000c7a       ?Release@?$CComObject@VCOPOSMotionSensor@@@ATL@@WKI@AGKXZ 10001c7a f i MotionSensor.obj
 0001:00000c87       ?AddRef@?$CComObject@VCOPOSMotionSensor@@@ATL@@WLE@AGKXZ 10001c87 f i MotionSensor.obj
 0001:00000c94       ?Release@?$CComObject@VCOPOSMotionSensor@@@ATL@@WLE@AGKXZ 10001c94 f i MotionSensor.obj
 0001:00000ca1       ??_E?$CComContainedObject@VCOPOSMotionSensor@@@ATL@@W3AEPAXI@Z 10001ca1 f i MotionSensor.obj
 0001:00000ca9       ??_E?$CComContainedObject@VCOPOSMotionSensor@@@ATL@@WEM@AEPAXI@Z 10001ca9 f i MotionSensor.obj
 0001:00000cb1       ?QueryInterface@?$CComContainedObject@VCOPOSMotionSensor@@@ATL@@WHA@AGJABU_GUID@@PAPAX@Z 10001cb1 f i MotionSensor.obj
 0001:00000cbb       ?AddRef@?$CComContainedObject@VCOPOSMotionSensor@@@ATL@@WHA@AGKXZ 10001cbb f i MotionSensor.obj
 0001:00000cc5       ?Release@?$CComContainedObject@VCOPOSMotionSensor@@@ATL@@WHA@AGKXZ 10001cc5 f i MotionSensor.obj
 0001:00000ccf       ?QueryInterface@?$CComContainedObject@VCOPOSMotionSensor@@@ATL@@WHE@AGJABU_GUID@@PAPAX@Z 10001ccf f i MotionSensor.obj
 0001:00000cd9       ?AddRef@?$CComContainedObject@VCOPOSMotionSensor@@@ATL@@WHE@AGKXZ 10001cd9 f i MotionSensor.obj
 0001:00000ce3       ?Release@?$CComContainedObject@VCOPOSMotionSensor@@@ATL@@WHE@AGKXZ 10001ce3 f i MotionSensor.obj
 0001:00000ced       ?QueryInterface@?$CComContainedObject@VCOPOSMotionSensor@@@ATL@@WHI@AGJABU_GUID@@PAPAX@Z 10001ced f i MotionSensor.obj
 0001:00000cf7       ?AddRef@?$CComContainedObject@VCOPOSMotionSensor@@@ATL@@WHI@AGKXZ 10001cf7 f i MotionSensor.obj
 0001:00000d01       ?Release@?$CComContainedObject@VCOPOSMotionSensor@@@ATL@@WHI@AGKXZ 10001d01 f i MotionSensor.obj
 0001:00000d0b       ?QueryInterface@?$CComContainedObject@VCOPOSMotionSensor@@@ATL@@WHM@AGJABU_GUID@@PAPAX@Z 10001d0b f i MotionSensor.obj
 0001:00000d15       ?AddRef@?$CComContainedObject@VCOPOSMotionSensor@@@ATL@@WHM@AGKXZ 10001d15 f i MotionSensor.obj
 0001:00000d1f       ?Release@?$CComContainedObject@VCOPOSMotionSensor@@@ATL@@WHM@AGKXZ 10001d1f f i MotionSensor.obj
 0001:00000d29       ?QueryInterface@?$CComContainedObject@VCOPOSMotionSensor@@@ATL@@WIA@AGJABU_GUID@@PAPAX@Z 10001d29 f i MotionSensor.obj
 0001:00000d36       ?AddRef@?$CComContainedObject@VCOPOSMotionSensor@@@ATL@@WIA@AGKXZ 10001d36 f i MotionSensor.obj
 0001:00000d43       ?Release@?$CComContainedObject@VCOPOSMotionSensor@@@ATL@@WIA@AGKXZ 10001d43 f i MotionSensor.obj
 0001:00000d50       ?QueryInterface@?$CComContainedObject@VCOPOSMotionSensor@@@ATL@@WIE@AGJABU_GUID@@PAPAX@Z 10001d50 f i MotionSensor.obj
 0001:00000d5d       ?AddRef@?$CComContainedObject@VCOPOSMotionSensor@@@ATL@@WIE@AGKXZ 10001d5d f i MotionSensor.obj
 0001:00000d6a       ?Release@?$CComContainedObject@VCOPOSMotionSensor@@@ATL@@WIE@AGKXZ 10001d6a f i MotionSensor.obj
 0001:00000d77       ?QueryInterface@?$CComContainedObject@VCOPOSMotionSensor@@@ATL@@WII@AGJABU_GUID@@PAPAX@Z 10001d77 f i MotionSensor.obj
 0001:00000d84       ?AddRef@?$CComContainedObject@VCOPOSMotionSensor@@@ATL@@WII@AGKXZ 10001d84 f i MotionSensor.obj
 0001:00000d91       ?Release@?$CComContainedObject@VCOPOSMotionSensor@@@ATL@@WII@AGKXZ 10001d91 f i MotionSensor.obj
 0001:00000d9e       ?QueryInterface@?$CComContainedObject@VCOPOSMotionSensor@@@ATL@@WIM@AGJABU_GUID@@PAPAX@Z 10001d9e f i MotionSensor.obj
 0001:00000dab       ?AddRef@?$CComContainedObject@VCOPOSMotionSensor@@@ATL@@WIM@AGKXZ 10001dab f i MotionSensor.obj
 0001:00000db8       ?Release@?$CComContainedObject@VCOPOSMotionSensor@@@ATL@@WIM@AGKXZ 10001db8 f i MotionSensor.obj
 0001:00000dc5       ?QueryInterface@?$CComContainedObject@VCOPOSMotionSensor@@@ATL@@WJA@AGJABU_GUID@@PAPAX@Z 10001dc5 f i MotionSensor.obj
 0001:00000dd2       ?AddRef@?$CComContainedObject@VCOPOSMotionSensor@@@ATL@@WJA@AGKXZ 10001dd2 f i MotionSensor.obj
 0001:00000ddf       ?Release@?$CComContainedObject@VCOPOSMotionSensor@@@ATL@@WJA@AGKXZ 10001ddf f i MotionSensor.obj
 0001:00000dec       ?QueryInterface@?$CComContainedObject@VCOPOSMotionSensor@@@ATL@@WJE@AGJABU_GUID@@PAPAX@Z 10001dec f i MotionSensor.obj
 0001:00000df9       ?AddRef@?$CComContainedObject@VCOPOSMotionSensor@@@ATL@@WJE@AGKXZ 10001df9 f i MotionSensor.obj
 0001:00000e06       ?Release@?$CComContainedObject@VCOPOSMotionSensor@@@ATL@@WJE@AGKXZ 10001e06 f i MotionSensor.obj
 0001:00000e13       ?QueryInterface@?$CComContainedObject@VCOPOSMotionSensor@@@ATL@@WJI@AGJABU_GUID@@PAPAX@Z 10001e13 f i MotionSensor.obj
 0001:00000e20       ?AddRef@?$CComContainedObject@VCOPOSMotionSensor@@@ATL@@WJI@AGKXZ 10001e20 f i MotionSensor.obj
 0001:00000e2d       ?Release@?$CComContainedObject@VCOPOSMotionSensor@@@ATL@@WJI@AGKXZ 10001e2d f i MotionSensor.obj
 0001:00000e3a       ?QueryInterface@?$CComContainedObject@VCOPOSMotionSensor@@@ATL@@WJM@AGJABU_GUID@@PAPAX@Z 10001e3a f i MotionSensor.obj
 0001:00000e47       ?AddRef@?$CComContainedObject@VCOPOSMotionSensor@@@ATL@@WJM@AGKXZ 10001e47 f i MotionSensor.obj
 0001:00000e54       ?Release@?$CComContainedObject@VCOPOSMotionSensor@@@ATL@@WJM@AGKXZ 10001e54 f i MotionSensor.obj
 0001:00000e61       ?QueryInterface@?$CComContainedObject@VCOPOSMotionSensor@@@ATL@@WKA@AGJABU_GUID@@PAPAX@Z 10001e61 f i MotionSensor.obj
 0001:00000e6e       ?AddRef@?$CComContainedObject@VCOPOSMotionSensor@@@ATL@@WKA@AGKXZ 10001e6e f i MotionSensor.obj
 0001:00000e7b       ?Release@?$CComContainedObject@VCOPOSMotionSensor@@@ATL@@WKA@AGKXZ 10001e7b f i MotionSensor.obj
 0001:00000e88       ?AddRef@?$CComContainedObject@VCOPOSMotionSensor@@@ATL@@WKI@AGKXZ 10001e88 f i MotionSensor.obj
 0001:00000e95       ?Release@?$CComContainedObject@VCOPOSMotionSensor@@@ATL@@WKI@AGKXZ 10001e95 f i MotionSensor.obj
 0001:00000ea2       ?AddRef@?$CComContainedObject@VCOPOSMotionSensor@@@ATL@@WLE@AGKXZ 10001ea2 f i MotionSensor.obj
 0001:00000eaf       ?Release@?$CComContainedObject@VCOPOSMotionSensor@@@ATL@@WLE@AGKXZ 10001eaf f i MotionSensor.obj
 0001:00000ebc       ?GetWindowProc@?$CWindowImplBaseT@VCWindow@ATL@@V?$CWinTraits@$0FGAAAAAA@$0A@@2@@ATL@@UAEP6GJPAUHWND__@@IIJ@ZXZ 10001ebc f i MotionSensor.obj
 0001:00000ec2       ?StartWindowProc@?$CWindowImplBaseT@VCWindow@ATL@@V?$CWinTraits@$0FGAAAAAA@$0A@@2@@ATL@@SGJPAUHWND__@@IIJ@Z 10001ec2 f i MotionSensor.obj
 0001:00000f16       ?GetTypeInfoCount@?$IDispatchImpl@UIOPOSMotionSensor@@$1?IID_IOPOSMotionSensor@@3U_GUID@@B$1?LIBID_OposMotionSensor_CCO@@3U3@B$00$0A@VCComTypeInfoHolder@ATL@@@ATL@@UAGJPAI@Z 10001f16 f i MotionSensor.obj
 0001:00000f33       ?GetTypeInfo@?$IDispatchImpl@UIOPOSMotionSensor@@$1?IID_IOPOSMotionSensor@@3U_GUID@@B$1?LIBID_OposMotionSensor_CCO@@3U3@B$00$0A@VCComTypeInfoHolder@ATL@@@ATL@@UAGJIKPAPAUITypeInfo@@@Z 10001f33 f i MotionSensor.obj
 0001:00000f57       ?GetIDsOfNames@?$IDispatchImpl@UIOPOSMotionSensor@@$1?IID_IOPOSMotionSensor@@3U_GUID@@B$1?LIBID_OposMotionSensor_CCO@@3U3@B$00$0A@VCComTypeInfoHolder@ATL@@@ATL@@UAGJABU_GUID@@PAPA_WIKPAJ@Z 10001f57 f i MotionSensor.obj
 0001:00000f77       ?Invoke@?$IDispatchImpl@UIOPOSMotionSensor@@$1?IID_IOPOSMotionSensor@@3U_GUID@@B$1?LIBID_OposMotionSensor_CCO@@3U3@B$00$0A@VCComTypeInfoHolder@ATL@@@ATL@@UAGJJABU_GUID@@KGPAUtagDISPPARAMS@@PAUtagVARIANT@@PAUtagEXCEPINFO@@PAI@Z 10001f77 f i MotionSensor.obj
 0001:00000f85       ?CreateControlWindow@?$CComControl@VCOPOSMotionSensor@@V?$CWindowImpl@VCOPOSMotionSensor@@VCWindow@ATL@@V?$CWinTraits@$0FGAAAAAA@$0A@@3@@ATL@@@ATL@@UAEPAUHWND__@@PAU3@AAUtagRECT@@@Z 10001f85 f i MotionSensor.obj
 0001:00000fb4       ?ControlQueryInterface@?$CComControl@VCOPOSMotionSensor@@V?$CWindowImpl@VCOPOSMotionSensor@@VCWindow@ATL@@V?$CWinTraits@$0FGAAAAAA@$0A@@3@@ATL@@@ATL@@UAEJABU_GUID@@PAPAX@Z 10001fb4 f i MotionSensor.obj
 0001:00000fcf       ?GetClassID@?$IPersistStreamInitImpl@VCOPOSMotionSensor@@@ATL@@UAGJPAU_GUID@@@Z 10001fcf f i MotionSensor.obj
 0001:00000fcf       ?GetClassID@?$IPersistStorageImpl@VCOPOSMotionSensor@@@ATL@@UAGJPAU_GUID@@@Z 10001fcf f i MotionSensor.obj
 0001:00000fcf       ?GetUserClassID@?$IOleObjectImpl@VCOPOSMotionSensor@@@ATL@@UAGJPAU_GUID@@@Z 10001fcf f i MotionSensor.obj
 0001:00000ff3       ?IsDirty@?$IPersistStreamInitImpl@VCOPOSMotionSensor@@@ATL@@UAGJXZ 10001ff3 f i MotionSensor.obj
 0001:00001012       ?Load@?$IPersistStreamInitImpl@VCOPOSMotionSensor@@@ATL@@UAGJPAUIStream@@@Z 10002012 f i MotionSensor.obj
 0001:00001031       ?Save@?$IPersistStreamInitImpl@VCOPOSMotionSensor@@@ATL@@UAGJPAUIStream@@H@Z 10002031 f i MotionSensor.obj
 0001:00001053       ?GetSizeMax@?$IPersistStreamInitImpl@VCOPOSMotionSensor@@@ATL@@UAGJPAT_ULARGE_INTEGER@@@Z 10002053 f i MotionSensor.obj
 0001:00001232       ?InitNew@?$IPersistStreamInitImpl@VCOPOSMotionSensor@@@ATL@@UAGJXZ 10002232 f i MotionSensor.obj
 0001:0000124f       ?ContextSensitiveHelp@?$IOleInPlaceActiveObjectImpl@VCOPOSMotionSensor@@@ATL@@UAGJH@Z 1000224f f i MotionSensor.obj
 0001:0000124f       ?GetControlInfo@?$IOleControlImpl@VCOPOSMotionSensor@@@ATL@@UAGJPAUtagCONTROLINFO@@@Z 1000224f f i MotionSensor.obj
 0001:0000124f       ?Unfreeze@?$IViewObjectExImpl@VCOPOSMotionSensor@@@ATL@@UAGJK@Z 1000224f f i MotionSensor.obj
 0001:0000124f       ?SOOutputCompleteDummy@COPOSMotionSensor@@MAGJJ@Z 1000224f f i MotionSensor.obj
 0001:0000124f       ?ContextSensitiveHelp@?$IOleInPlaceObjectWindowlessImpl@VCOPOSMotionSensor@@@ATL@@UAGJH@Z 1000224f f i MotionSensor.obj
 0001:0000124f       ?SODataDummy@COPOSMotionSensor@@MAGJJ@Z 1000224f f i MotionSensor.obj
 0001:0000124f       ?OnMnemonic@?$IOleControlImpl@VCOPOSMotionSensor@@@ATL@@UAGJPAUtagMSG@@@Z 1000224f f i MotionSensor.obj
 0001:0000124f       ?SetColorScheme@?$IOleObjectImpl@VCOPOSMotionSensor@@@ATL@@UAGJPAUtagLOGPALETTE@@@Z 1000224f f i MotionSensor.obj
 0001:0000124f       ?QueryGetData@?$IDataObjectImpl@VCOPOSMotionSensor@@@ATL@@UAGJPAUtagFORMATETC@@@Z 1000224f f i MotionSensor.obj
 0001:0000124f       ?GetDropTarget@?$IOleInPlaceObjectWindowlessImpl@VCOPOSMotionSensor@@@ATL@@UAGJPAPAUIDropTarget@@@Z 1000224f f i MotionSensor.obj
 0001:00001257       ?OnAmbientPropertyChange@?$IOleControlImpl@VCOPOSMotionSensor@@@ATL@@UAGJJ@Z 10002257 f i MotionSensor.obj
 0001:00001257       ?SaveCompleted@?$IPersistStorageImpl@VCOPOSMotionSensor@@@ATL@@UAGJPAUIStorage@@@Z 10002257 f i MotionSensor.obj
 0001:00001257       ?OnFrameWindowActivate@?$IOleInPlaceActiveObjectImpl@VCOPOSMotionSensor@@@ATL@@UAGJH@Z 10002257 f i MotionSensor.obj
 0001:00001257       ?EnableModeless@?$IOleInPlaceActiveObjectImpl@VCOPOSMotionSensor@@@ATL@@UAGJH@Z 10002257 f i MotionSensor.obj
 0001:0000125c       ?SetClientSite@?$IOleObjectImpl@VCOPOSMotionSensor@@@ATL@@UAGJPAUIOleClientSite@@@Z 1000225c f i MotionSensor.obj
 0001:00001279       ?GetClientSite@?$IOleObjectImpl@VCOPOSMotionSensor@@@ATL@@UAGJPAPAUIOleClientSite@@@Z 10002279 f i MotionSensor.obj
 0001:00001296       ?SetHostNames@?$IOleObjectImpl@VCOPOSMotionSensor@@@ATL@@UAGJPB_W0@Z 10002296 f i MotionSensor.obj
 0001:0000129b       ?Close@?$IOleObjectImpl@VCOPOSMotionSensor@@@ATL@@UAGJK@Z 1000229b f i MotionSensor.obj
 0001:000012b8       ?GetRect@?$IViewObjectExImpl@VCOPOSMotionSensor@@@ATL@@UAGJKPAU_RECTL@@@Z 100022b8 f i MotionSensor.obj
 0001:000012b8       ?GetCanonicalFormatEtc@?$IDataObjectImpl@VCOPOSMotionSensor@@@ATL@@UAGJPAUtagFORMATETC@@0@Z 100022b8 f i MotionSensor.obj
 0001:000012b8       ?EnumFormatEtc@?$IDataObjectImpl@VCOPOSMotionSensor@@@ATL@@UAGJKPAPAUIEnumFORMATETC@@@Z 100022b8 f i MotionSensor.obj
 0001:000012b8       ?GetDataHere@?$IDataObjectImpl@VCOPOSMotionSensor@@@ATL@@UAGJPAUtagFORMATETC@@PAUtagSTGMEDIUM@@@Z 100022b8 f i MotionSensor.obj
 0001:000012b8       ?GetClipboardData@?$IOleObjectImpl@VCOPOSMotionSensor@@@ATL@@UAGJKPAPAUIDataObject@@@Z 100022b8 f i MotionSensor.obj
 0001:000012b8       ?QueryInterface@CRegObject@ATL@@UAGJABU_GUID@@PAPAX@Z 100022b8 f i MotionSensor.obj
 0001:000012b8       ?SetMoniker@?$IOleObjectImpl@VCOPOSMotionSensor@@@ATL@@UAGJKPAUIMoniker@@@Z 100022b8 f i MotionSensor.obj
 0001:000012c0       ?SetData@?$IDataObjectImpl@VCOPOSMotionSensor@@@ATL@@UAGJPAUtagFORMATETC@@PAUtagSTGMEDIUM@@H@Z 100022c0 f i MotionSensor.obj
 0001:000012c0       ?InitFromData@?$IOleObjectImpl@VCOPOSMotionSensor@@@ATL@@UAGJPAUIDataObject@@HK@Z 100022c0 f i MotionSensor.obj
 0001:000012c0       ?GetMoniker@?$IOleObjectImpl@VCOPOSMotionSensor@@@ATL@@UAGJKKPAPAUIMoniker@@@Z 100022c0 f i MotionSensor.obj
 0001:000012c8       ?DoVerb@?$IOleObjectImpl@VCOPOSMotionSensor@@@ATL@@UAGJJPAUtagMSG@@PAUIOleClientSite@@JPAUHWND__@@PBUtagRECT@@@Z 100022c8 f i MotionSensor.obj
 0001:000013bc       ?EnumVerbs@?$IOleObjectImpl@VCOPOSMotionSensor@@@ATL@@UAGJPAPAUIEnumOLEVERB@@@Z 100023bc f i MotionSensor.obj
 0001:000013de       ?IsUpToDate@?$IOleObjectImpl@VCOPOSMotionSensor@@@ATL@@UAGJXZ 100023de f i MotionSensor.obj
 0001:000013de       ?Update@?$IOleObjectImpl@VCOPOSMotionSensor@@@ATL@@UAGJXZ 100023de f i MotionSensor.obj
 0001:000013de       ?Release@CRegObject@ATL@@UAGKXZ 100023de f i MotionSensor.obj
 0001:000013de       ?HandsOffStorage@?$IPersistStorageImpl@VCOPOSMotionSensor@@@ATL@@UAGJXZ 100023de f i MotionSensor.obj
 0001:000013e3       ?GetUserType@?$IOleObjectImpl@VCOPOSMotionSensor@@@ATL@@UAGJKPAPA_W@Z 100023e3 f i MotionSensor.obj
 0001:000013fb       ?SetExtent@?$IOleObjectImpl@VCOPOSMotionSensor@@@ATL@@UAGJKPAUtagSIZE@@@Z 100023fb f i MotionSensor.obj
 0001:0000141b       ?GetExtent@?$IOleObjectImpl@VCOPOSMotionSensor@@@ATL@@UAGJKPAUtagSIZE@@@Z 1000241b f i MotionSensor.obj
 0001:00001459       ?Advise@?$IOleObjectImpl@VCOPOSMotionSensor@@@ATL@@UAGJPAUIAdviseSink@@PAK@Z 10002459 f i MotionSensor.obj
 0001:00001479       ?Unadvise@?$IOleObjectImpl@VCOPOSMotionSensor@@@ATL@@UAGJK@Z 10002479 f i MotionSensor.obj
 0001:000014a8       ?EnumAdvise@?$IOleObjectImpl@VCOPOSMotionSensor@@@ATL@@UAGJPAPAUIEnumSTATDATA@@@Z 100024a8 f i MotionSensor.obj
 0001:000014e8       ?GetMiscStatus@?$IOleObjectImpl@VCOPOSMotionSensor@@@ATL@@UAGJKPAK@Z 100024e8 f i MotionSensor.obj
 0001:00001500       ?GetWindow@?$IOleInPlaceActiveObjectImpl@VCOPOSMotionSensor@@@ATL@@UAGJPAPAUHWND__@@@Z 10002500 f i MotionSensor.obj
 0001:0000154d       ?TranslateAcceleratorW@?$IOleInPlaceActiveObjectImpl@VCOPOSMotionSensor@@@ATL@@UAGJPAUtagMSG@@@Z 1000254d f i MotionSensor.obj
 0001:000015fb       ?OnDocWindowActivate@?$IOleInPlaceActiveObjectImpl@VCOPOSMotionSensor@@@ATL@@UAGJH@Z 100025fb f i MotionSensor.obj
 0001:0000161d       ?ResizeBorder@?$IOleInPlaceActiveObjectImpl@VCOPOSMotionSensor@@@ATL@@UAGJPBUtagRECT@@PAUIOleInPlaceUIWindow@@H@Z 1000261d f i MotionSensor.obj
 0001:00001622       ?Draw@?$IViewObjectExImpl@VCOPOSMotionSensor@@@ATL@@UAGJKJPAXPAUtagDVTARGETDEVICE@@PAUHDC__@@2PBU_RECTL@@3P6GHK@ZK@Z 10002622 f i MotionSensor.obj
 0001:00001654       ?GetColorSet@?$IViewObjectExImpl@VCOPOSMotionSensor@@@ATL@@UAGJKJPAXPAUtagDVTARGETDEVICE@@PAUHDC__@@PAPAUtagLOGPALETTE@@@Z 10002654 f i MotionSensor.obj
 0001:0000165c       ?Freeze@?$IViewObjectExImpl@VCOPOSMotionSensor@@@ATL@@UAGJKJPAXPAK@Z 1000265c f i MotionSensor.obj
 0001:0000165c       ?SOErrorDummy@COPOSMotionSensor@@MAGJJJJPAJ@Z 1000265c f i MotionSensor.obj
 0001:00001664       ?SetAdvise@?$IViewObjectExImpl@VCOPOSMotionSensor@@@ATL@@UAGJKKPAUIAdviseSink@@@Z 10002664 f i MotionSensor.obj
 0001:00001683       ?GetAdvise@?$IViewObjectExImpl@VCOPOSMotionSensor@@@ATL@@UAGJPAK0PAPAUIAdviseSink@@@Z 10002683 f i MotionSensor.obj
 0001:000016b8       ?GetExtent@?$IViewObjectExImpl@VCOPOSMotionSensor@@@ATL@@UAGJKJPAUtagDVTARGETDEVICE@@PAUtagSIZE@@@Z 100026b8 f i MotionSensor.obj
 0001:000016e9       ?GetViewStatus@?$IViewObjectExImpl@VCOPOSMotionSensor@@@ATL@@UAGJPAK@Z 100026e9 f i MotionSensor.obj
 0001:00001706       ?QueryHitPoint@?$IViewObjectExImpl@VCOPOSMotionSensor@@@ATL@@UAGJKPBUtagRECT@@UtagPOINT@@JPAK@Z 10002706 f i MotionSensor.obj
 0001:00001747       ?QueryHitRect@?$IViewObjectExImpl@VCOPOSMotionSensor@@@ATL@@UAGJKPBUtagRECT@@0JPAK@Z 10002747 f i MotionSensor.obj
 0001:000017a2       ?GetNaturalExtent@?$IViewObjectExImpl@VCOPOSMotionSensor@@@ATL@@UAGJKJPAUtagDVTARGETDEVICE@@PAUHDC__@@PAUtagExtentInfo@@PAUtagSIZE@@@Z 100027a2 f i MotionSensor.obj
 0001:000017ed       ?GetWindow@?$IOleInPlaceObjectWindowlessImpl@VCOPOSMotionSensor@@@ATL@@UAGJPAPAUHWND__@@@Z 100027ed f i MotionSensor.obj
 0001:0000183a       ?InPlaceDeactivate@?$IOleInPlaceObjectWindowlessImpl@VCOPOSMotionSensor@@@ATL@@UAGJXZ 1000283a f i MotionSensor.obj
 0001:00001854       ?UIDeactivate@?$IOleInPlaceObjectWindowlessImpl@VCOPOSMotionSensor@@@ATL@@UAGJXZ 10002854 f i MotionSensor.obj
 0001:0000186e       ?SetObjectRects@?$IOleInPlaceObjectWindowlessImpl@VCOPOSMotionSensor@@@ATL@@UAGJPBUtagRECT@@0@Z 1000286e f i MotionSensor.obj
 0001:0000188e       ?ReactivateAndUndo@?$IOleInPlaceObjectWindowlessImpl@VCOPOSMotionSensor@@@ATL@@UAGJXZ 1000288e f i MotionSensor.obj
 0001:00001896       ?OnWindowMessage@?$IOleInPlaceObjectWindowlessImpl@VCOPOSMotionSensor@@@ATL@@UAGJIIJPAJ@Z 10002896 f i MotionSensor.obj
 0001:00001906       ?EnumConnectionPoints@?$IConnectionPointContainerImpl@VCOPOSMotionSensor@@@ATL@@UAGJPAPAUIEnumConnectionPoints@@@Z 10002906 f i MotionSensor.obj
 0001:00001a96       ?FindConnectionPoint@?$IConnectionPointContainerImpl@VCOPOSMotionSensor@@@ATL@@UAGJABU_GUID@@PAPAUIConnectionPoint@@@Z 10002a96 f i MotionSensor.obj
 0001:00001b39       ?IsDirty@?$IPersistStorageImpl@VCOPOSMotionSensor@@@ATL@@UAGJXZ 10002b39 f i MotionSensor.obj
 0001:00001b69       ?InitNew@?$IPersistStorageImpl@VCOPOSMotionSensor@@@ATL@@UAGJPAUIStorage@@@Z 10002b69 f i MotionSensor.obj
 0001:00001b99       ?Load@?$IPersistStorageImpl@VCOPOSMotionSensor@@@ATL@@UAGJPAUIStorage@@@Z 10002b99 f i MotionSensor.obj
 0001:00001c05       ?Save@?$IPersistStorageImpl@VCOPOSMotionSensor@@@ATL@@UAGJPAUIStorage@@H@Z 10002c05 f i MotionSensor.obj
 0001:00001c78       ?GetPages@?$ISpecifyPropertyPagesImpl@VCOPOSMotionSensor@@@ATL@@UAGJPAUtagCAUUID@@@Z 10002c78 f i MotionSensor.obj
 0001:00001c8f       ?QuickActivate@?$IQuickActivateImpl@VCOPOSMotionSensor@@@ATL@@UAGJPAUtagQACONTAINER@@PAUtagQACONTROL@@@Z 10002c8f f i MotionSensor.obj
 0001:00001cb2       ?SetContentExtent@?$IQuickActivateImpl@VCOPOSMotionSensor@@@ATL@@UAGJPAUtagSIZE@@@Z 10002cb2 f i MotionSensor.obj
 0001:00001cde       ?GetContentExtent@?$IQuickActivateImpl@VCOPOSMotionSensor@@@ATL@@UAGJPAUtagSIZE@@@Z 10002cde f i MotionSensor.obj
 0001:00001d1a       ?GetData@?$IDataObjectImpl@VCOPOSMotionSensor@@@ATL@@UAGJPAUtagFORMATETC@@PAUtagSTGMEDIUM@@@Z 10002d1a f i MotionSensor.obj
 0001:00001d3d       ?DAdvise@?$IDataObjectImpl@VCOPOSMotionSensor@@@ATL@@UAGJPAUtagFORMATETC@@KPAUIAdviseSink@@PAK@Z 10002d3d f i MotionSensor.obj
 0001:00001d7e       ?DUnadvise@?$IDataObjectImpl@VCOPOSMotionSensor@@@ATL@@UAGJK@Z 10002d7e f i MotionSensor.obj
 0001:00001dac       ?EnumDAdvise@?$IDataObjectImpl@VCOPOSMotionSensor@@@ATL@@UAGJPAPAUIEnumSTATDATA@@@Z 10002dac f i MotionSensor.obj
 0001:00001deb       ?GetClassInfoW@?$IProvideClassInfo2Impl@$1?CLSID_OPOSMotionSensor@@3U_GUID@@B$1?DIID__IOPOSMotionSensorEvents@@3U2@B$1?LIBID_OposMotionSensor_CCO@@3U2@B$00$0A@VCComTypeInfoHolder@ATL@@@ATL@@UAGJPAPAUITypeInfo@@@Z 10002deb f i MotionSensor.obj
 0001:00001e01       ?GetGUID@?$IProvideClassInfo2Impl@$1?CLSID_OPOSMotionSensor@@3U_GUID@@B$1?DIID__IOPOSMotionSensorEvents@@3U2@B$1?LIBID_OposMotionSensor_CCO@@3U2@B$00$0A@VCComTypeInfoHolder@ATL@@@ATL@@UAGJKPAU_GUID@@@Z 10002e01 f i MotionSensor.obj
 0001:00001e3f       ?FAccessAllowed@?$IObjectSafetyImpl@VCOPOSMotionSensor@@$02@ATL@@MAEHXZ 10002e3f f i MotionSensor.obj
 0001:00001e3f       __get_startup_argv_mode    10002e3f f i LIBCMT:argv_mode.obj
 0001:00001e43       ?GetInterfaceSafetyOptions@?$IObjectSafetyImpl@VCOPOSMotionSensor@@$02@ATL@@UAGJABU_GUID@@PAK1@Z 10002e43 f i MotionSensor.obj
 0001:00001eb6       ?SetInterfaceSafetyOptions@?$IObjectSafetyImpl@VCOPOSMotionSensor@@$02@ATL@@UAGJABU_GUID@@KK@Z 10002eb6 f i MotionSensor.obj
 0001:00001f30       ?_LocCPQueryInterface@?$IConnectionPointImpl@VCOPOSMotionSensor@@$1?IID_IPropertyNotifySink@@3U_GUID@@BVCComDynamicUnkArray@ATL@@@ATL@@UAGJABU_GUID@@PAPAX@Z 10002f30 f i MotionSensor.obj
 0001:00001f30       ?_LocCPQueryInterface@?$IConnectionPointImpl@VCOPOSMotionSensor@@$1?DIID__IOPOSMotionSensorEvents@@3U_GUID@@BVCComDynamicUnkArray@ATL@@@ATL@@UAGJABU_GUID@@PAPAX@Z 10002f30 f i MotionSensor.obj
 0001:00001f7d       ?GetConnectionInterface@?$IConnectionPointImpl@VCOPOSMotionSensor@@$1?IID_IPropertyNotifySink@@3U_GUID@@BVCComDynamicUnkArray@ATL@@@ATL@@UAGJPAU_GUID@@@Z 10002f7d f i MotionSensor.obj
 0001:00001fa1       ?GetConnectionPointContainer@?$IConnectionPointImpl@VCOPOSMotionSensor@@$1?IID_IPropertyNotifySink@@3U_GUID@@BVCComDynamicUnkArray@ATL@@@ATL@@UAGJPAPAUIConnectionPointContainer@@@Z 10002fa1 f i MotionSensor.obj
 0001:00001fc4       ?Advise@?$IConnectionPointImpl@VCOPOSMotionSensor@@$1?DIID__IOPOSMotionSensorEvents@@3U_GUID@@BVCComDynamicUnkArray@ATL@@@ATL@@UAGJPAUIUnknown@@PAK@Z 10002fc4 f i MotionSensor.obj
 0001:00001fc4       ?Advise@?$IConnectionPointImpl@VCOPOSMotionSensor@@$1?IID_IPropertyNotifySink@@3U_GUID@@BVCComDynamicUnkArray@ATL@@@ATL@@UAGJPAUIUnknown@@PAK@Z 10002fc4 f i MotionSensor.obj
 0001:00002064       ?Unadvise@?$IConnectionPointImpl@VCOPOSMotionSensor@@$1?IID_IPropertyNotifySink@@3U_GUID@@BVCComDynamicUnkArray@ATL@@@ATL@@UAGJK@Z 10003064 f i MotionSensor.obj
 0001:00002064       ?Unadvise@?$IConnectionPointImpl@VCOPOSMotionSensor@@$1?DIID__IOPOSMotionSensorEvents@@3U_GUID@@BVCComDynamicUnkArray@ATL@@@ATL@@UAGJK@Z 10003064 f i MotionSensor.obj
 0001:000020a4       ?EnumConnections@?$IConnectionPointImpl@VCOPOSMotionSensor@@$1?IID_IPropertyNotifySink@@3U_GUID@@BVCComDynamicUnkArray@ATL@@@ATL@@UAGJPAPAUIEnumConnections@@@Z 100030a4 f i MotionSensor.obj
 0001:000020a4       ?EnumConnections@?$IConnectionPointImpl@VCOPOSMotionSensor@@$1?DIID__IOPOSMotionSensorEvents@@3U_GUID@@BVCComDynamicUnkArray@ATL@@@ATL@@UAGJPAPAUIEnumConnections@@@Z 100030a4 f i MotionSensor.obj
 0001:000021a7       ?Lock@CAtlModule@ATL@@UAEJXZ 100031a7 f i MotionSensor.obj
 0001:000021b1       ?Unlock@CAtlModule@ATL@@UAEJXZ 100031b1 f i MotionSensor.obj
 0001:000021bb       ?GetLockCount@CAtlModule@ATL@@UAEJXZ 100031bb f i MotionSensor.obj
 0001:000021bf       ?GetGITPtr@CAtlModule@ATL@@UAEJPAPAUIGlobalInterfaceTable@@@Z 100031bf f i MotionSensor.obj
 0001:0000220b       ?GetConnectionInterface@?$IConnectionPointImpl@VCOPOSMotionSensor@@$1?DIID__IOPOSMotionSensorEvents@@3U_GUID@@BVCComDynamicUnkArray@ATL@@@ATL@@UAGJPAU_GUID@@@Z 1000320b f i MotionSensor.obj
 0001:0000222f       ?GetConnectionPointContainer@?$IConnectionPointImpl@VCOPOSMotionSensor@@$1?DIID__IOPOSMotionSensorEvents@@3U_GUID@@BVCComDynamicUnkArray@ATL@@@ATL@@UAGJPAPAUIConnectionPointContainer@@@Z 1000322f f i MotionSensor.obj
 0001:00002252       ?UpdateRegistry@COPOSMotionSensor@@SGJH@Z 10003252 f i MotionSensor.obj
 0001:0000226a       ?ProcessWindowMessage@COPOSMotionSensor@@UAEHPAUHWND__@@IIJAAJK@Z 1000326a f i MotionSensor.obj
 0001:000022b7       ?SODirectIO@COPOSMotionSensor@@MAGJJPAJPAPA_W@Z 100032b7 f i MotionSensor.obj
 0001:00002300       ?AddCommonRGSReplacements@?$CAtlModuleT@VCComModule@ATL@@@ATL@@UAEJPAUIRegistrarBase@@@Z 10003300 f i MotionSensor.obj
 0001:0000231a       ?SOStatusUpdate@COPOSMotionSensor@@MAGJJ@Z 1000331a f i MotionSensor.obj
 0001:00002353       ?UpdateRegistryFromResourceD@CComModule@ATL@@UAGJIHPAU_ATL_REGMAP_ENTRY@2@@Z 10003353 f i MotionSensor.obj
 0001:00002353       ?UpdateRegistryFromResourceD@CComModule@ATL@@UAGJPB_WHPAU_ATL_REGMAP_ENTRY@2@@Z 10003353 f i MotionSensor.obj
 0001:0000235b       ?UpdateRegistryFromResource@CComModule@ATL@@UAGJPB_WHPAU_ATL_REGMAP_ENTRY@2@@Z 1000335b f i MotionSensor.obj
 0001:00002364       ?UpdateRegistryFromResource@CComModule@ATL@@UAGJIHPAU_ATL_REGMAP_ENTRY@2@@Z 10003364 f i MotionSensor.obj
 0001:0000236d       ??_ECComModule@ATL@@UAEPAXI@Z 1000336d f i MotionSensor.obj
 0001:0000236d       ??_GCComModule@ATL@@UAEPAXI@Z 1000336d f i MotionSensor.obj
 0001:00002395       ?CreateInstance@?$CComCreator@V?$CComObjectCached@VCComClassFactory@ATL@@@ATL@@@ATL@@SGJPAXABU_GUID@@PAPAX@Z 10003395 f i MotionSensor.obj
 0001:00002436       ?CreateInstance@?$CComCreator2@V?$CComCreator@V?$CComObject@VCOPOSMotionSensor@@@ATL@@@ATL@@V?$CComCreator@V?$CComAggObject@VCOPOSMotionSensor@@@ATL@@@2@@ATL@@SGJPAXABU_GUID@@PAPAX@Z 10003436 f i MotionSensor.obj
 0001:00002456       ?AddRef@?$CComObjectCached@VCComClassFactory@ATL@@@ATL@@UAGKXZ 10003456 f i MotionSensor.obj
 0001:0000247d       ?Release@?$CComObjectCached@VCComClassFactory@ATL@@@ATL@@UAGKXZ 1000347d f i MotionSensor.obj
 0001:000024b3       ?QueryInterface@?$CComObjectCached@VCComClassFactory@ATL@@@ATL@@UAGJABU_GUID@@PAPAX@Z 100034b3 f i MotionSensor.obj
 0001:000024cd       ??_E?$CComObjectCached@VCComClassFactory@ATL@@@ATL@@UAEPAXI@Z 100034cd f i MotionSensor.obj
 0001:000024cd       ??_G?$CComObjectCached@VCComClassFactory@ATL@@@ATL@@UAEPAXI@Z 100034cd f i MotionSensor.obj
 0001:000024ef       ?Next@?$CComEnumImpl@UIEnumConnectionPoints@@$1?_GUID_b196b285_bab4_101a_b69c_00aa00341d07@@3U__s_GUID@@BPAUIConnectionPoint@@V?$_CopyInterface@UIConnectionPoint@@@ATL@@@ATL@@UAGJKPAPAUIConnectionPoint@@PAK@Z 100034ef f i MotionSensor.obj
 0001:000025be       ?Skip@?$CComEnumImpl@UIEnumConnectionPoints@@$1?_GUID_b196b285_bab4_101a_b69c_00aa00341d07@@3U__s_GUID@@BPAUIConnectionPoint@@V?$_CopyInterface@UIConnectionPoint@@@ATL@@@ATL@@UAGJK@Z 100035be f i MotionSensor.obj
 0001:000025eb       ?Clone@?$CComEnumImpl@UIEnumConnectionPoints@@$1?_GUID_b196b285_bab4_101a_b69c_00aa00341d07@@3U__s_GUID@@BPAUIConnectionPoint@@V?$_CopyInterface@UIConnectionPoint@@@ATL@@@ATL@@UAGJPAPAUIEnumConnectionPoints@@@Z 100035eb f i MotionSensor.obj
 0001:000026cc       ?QueryInterface@?$CComObject@V?$CComEnum@UIEnumConnectionPoints@@$1?_GUID_b196b285_bab4_101a_b69c_00aa00341d07@@3U__s_GUID@@BPAUIConnectionPoint@@V?$_CopyInterface@UIConnectionPoint@@@ATL@@VCComSingleThreadModel@6@@ATL@@@ATL@@UAGJABU_GUID@@PAPAX@Z 100036cc f i MotionSensor.obj
 0001:000026e6       ??_G?$CComObject@V?$CComEnum@UIEnumConnectionPoints@@$1?_GUID_b196b285_bab4_101a_b69c_00aa00341d07@@3U__s_GUID@@BPAUIConnectionPoint@@V?$_CopyInterface@UIConnectionPoint@@@ATL@@VCComSingleThreadModel@6@@ATL@@@ATL@@UAEPAXI@Z 100036e6 f i MotionSensor.obj
 0001:000026e6       ??_E?$CComObject@V?$CComEnum@UIEnumConnectionPoints@@$1?_GUID_b196b285_bab4_101a_b69c_00aa00341d07@@3U__s_GUID@@BPAUIConnectionPoint@@V?$_CopyInterface@UIConnectionPoint@@@ATL@@VCComSingleThreadModel@6@@ATL@@@ATL@@UAEPAXI@Z 100036e6 f i MotionSensor.obj
 0001:00002708       ?AddRef@CRegObject@ATL@@UAGKXZ 10003708 f i MotionSensor.obj
 0001:0000270e       ?AddReplacement@CRegObject@ATL@@UAGJPB_W0@Z 1000370e f i MotionSensor.obj
 0001:00002747       ?ClearReplacements@CRegObject@ATL@@UAGJXZ 10003747 f i MotionSensor.obj
 0001:00002759       ??_GCRegObject@ATL@@UAEPAXI@Z 10003759 f i MotionSensor.obj
 0001:00002759       ??_ECRegObject@ATL@@UAEPAXI@Z 10003759 f i MotionSensor.obj
 0001:0000277b       ?AddRef@?$CComAggObject@VCOPOSMotionSensor@@@ATL@@UAGKXZ 1000377b f i MotionSensor.obj
 0001:0000278c       ?Release@?$CComAggObject@VCOPOSMotionSensor@@@ATL@@UAGKXZ 1000378c f i MotionSensor.obj
 0001:000027c8       ?QueryInterface@?$CComAggObject@VCOPOSMotionSensor@@@ATL@@UAGJABU_GUID@@PAPAX@Z 100037c8 f i MotionSensor.obj
 0001:00002817       ?AddRef@?$CComContainedObject@VCOPOSMotionSensor@@@ATL@@UAGKXZ 10003817 f i MotionSensor.obj
 0001:0000282d       ?Release@?$CComContainedObject@VCOPOSMotionSensor@@@ATL@@UAGKXZ 1000382d f i MotionSensor.obj
 0001:00002843       ?QueryInterface@?$CComContainedObject@VCOPOSMotionSensor@@@ATL@@UAGJABU_GUID@@PAPAX@Z 10003843 f i MotionSensor.obj
 0001:0000285e       ??_E?$CComAggObject@VCOPOSMotionSensor@@@ATL@@UAEPAXI@Z 1000385e f i MotionSensor.obj
 0001:0000285e       ??_G?$CComAggObject@VCOPOSMotionSensor@@@ATL@@UAEPAXI@Z 1000385e f i MotionSensor.obj
 0001:00002883       ?AddRef@?$CComObject@VCOPOSMotionSensor@@@ATL@@UAGKXZ 10003883 f i MotionSensor.obj
 0001:0000289a       ?Release@?$CComObject@VCOPOSMotionSensor@@@ATL@@UAGKXZ 1000389a f i MotionSensor.obj
 0001:000028dc       ?QueryInterface@?$CComObject@VCOPOSMotionSensor@@@ATL@@UAGJABU_GUID@@PAPAX@Z 100038dc f i MotionSensor.obj
 0001:000028f6       ??$?4UITypeInfo2@@@?$CComPtr@UITypeInfo@@@ATL@@QAEPAUITypeInfo@@ABV?$CComPtr@UITypeInfo2@@@1@@Z 100038f6 f i MotionSensor.obj
 0001:00002923       ??$AtlAdd@K@ATL@@YAJPAKKK@Z 10003923 f i MotionSensor.obj
 0001:00002946       ??$AtlAdd@_K@ATL@@YAJPA_K_K1@Z 10003946 f i MotionSensor.obj
 0001:0000297e       ??$AtlAddThrow@K@ATL@@YAKKK@Z 1000397e f i MotionSensor.obj
 0001:000029a4       ??$AtlModuleRegisterWndClassInfoT@VAtlModuleRegisterWndClassInfoParamW@ATL@@@ATL@@YAGPAU_ATL_BASE_MODULE70@0@PAU_ATL_WIN_MODULE70@0@PAU_ATL_WNDCLASSINFOW@0@PAP6GJPAUHWND__@@IIJ@ZVAtlModuleRegisterWndClassInfoParamW@0@@Z 100039a4 f i MotionSensor.obj
 0001:00002af1       ??$AtlMultiply@H@ATL@@YAJPAHHH@Z 10003af1 f i MotionSensor.obj
 0001:00002b29       ??$AtlMultiply@I@ATL@@YAJPAIII@Z 10003b29 f i MotionSensor.obj
 0001:00002b29       ??$AtlMultiply@K@ATL@@YAJPAKKK@Z 10003b29 f i MotionSensor.obj
 0001:00002b4b       ??$AtlMultiplyThrow@I@ATL@@YAIII@Z 10003b4b f i MotionSensor.obj
 0001:00002b71       ??0?$CComAggObject@VCOPOSMotionSensor@@@ATL@@QAE@PAX@Z 10003b71 f i MotionSensor.obj
 0001:00002b9e       ??0?$CComContainedObject@VCOPOSMotionSensor@@@ATL@@QAE@PAX@Z 10003b9e f i MotionSensor.obj
 0001:00002c57       ??0?$CComObject@V?$CComEnum@UIEnumConnectionPoints@@$1?_GUID_b196b285_bab4_101a_b69c_00aa00341d07@@3U__s_GUID@@BPAUIConnectionPoint@@V?$_CopyInterface@UIConnectionPoint@@@ATL@@VCComSingleThreadModel@6@@ATL@@@ATL@@QAE@PAX@Z 10003c57 f i MotionSensor.obj
 0001:00002c85       ??0?$CComObject@V?$CComEnum@UIEnumConnections@@$1?_GUID_b196b287_bab4_101a_b69c_00aa00341d07@@3U__s_GUID@@BUtagCONNECTDATA@@V?$_Copy@UtagCONNECTDATA@@@ATL@@VCComSingleThreadModel@6@@ATL@@@ATL@@QAE@PAX@Z 10003c85 f i MotionSensor.obj
 0001:00002cb3       ??0?$CComObject@VCOPOSMotionSensor@@@ATL@@QAE@PAX@Z 10003cb3 f i MotionSensor.obj
 0001:00002d6a       ??0?$CComQIPtr@UIOleControlSite@@$1?_GUID_b196b289_bab4_101a_b69c_00aa00341d07@@3U__s_GUID@@B@ATL@@QAE@PAUIUnknown@@@Z 10003d6a f i MotionSensor.obj
 0001:00002d93       ??0CAtlModule@ATL@@QAE@XZ  10003d93 f i MotionSensor.obj
 0001:00002dd4       ??0CParseBuffer@CRegParser@ATL@@QAE@H@Z 10003dd4 f i MotionSensor.obj
 0001:00002e0a       ??0_ATL_MSG@ATL@@QAE@PAUHWND__@@IIJH@Z 10003e0a f i MotionSensor.obj
 0001:00002e42       ??1?$CComAggObject@VCOPOSMotionSensor@@@ATL@@UAE@XZ 10003e42 f i MotionSensor.obj
 0001:00002e66       ??1?$CComEnumImpl@UIEnumConnectionPoints@@$1?_GUID_b196b285_bab4_101a_b69c_00aa00341d07@@3U__s_GUID@@BPAUIConnectionPoint@@V?$_CopyInterface@UIConnectionPoint@@@ATL@@@ATL@@UAE@XZ 10003e66 f i MotionSensor.obj
 0001:00002ea2       ??1?$CComEnumImpl@UIEnumConnections@@$1?_GUID_b196b287_bab4_101a_b69c_00aa00341d07@@3U__s_GUID@@BUtagCONNECTDATA@@V?$_Copy@UtagCONNECTDATA@@@ATL@@@ATL@@UAE@XZ 10003ea2 f i MotionSensor.obj
 0001:00002ede       ??1?$CComObject@V?$CComEnum@UIEnumConnectionPoints@@$1?_GUID_b196b285_bab4_101a_b69c_00aa00341d07@@3U__s_GUID@@BPAUIConnectionPoint@@V?$_CopyInterface@UIConnectionPoint@@@ATL@@VCComSingleThreadModel@6@@ATL@@@ATL@@UAE@XZ 10003ede f i MotionSensor.obj
 0001:00002f01       ??1?$CComObject@V?$CComEnum@UIEnumConnections@@$1?_GUID_b196b287_bab4_101a_b69c_00aa00341d07@@3U__s_GUID@@BUtagCONNECTDATA@@V?$_Copy@UtagCONNECTDATA@@@ATL@@VCComSingleThreadModel@6@@ATL@@@ATL@@UAE@XZ 10003f01 f i MotionSensor.obj
 0001:00002f24       ??1?$CComObject@VCOPOSMotionSensor@@@ATL@@UAE@XZ 10003f24 f i MotionSensor.obj
 0001:00002fe2       ??1?$CComObjectCached@VCComClassFactory@ATL@@@ATL@@UAE@XZ 10003fe2 f i MotionSensor.obj
 0001:00002ff8       ??1?$CComObjectRootEx@VCComMultiThreadModel@ATL@@@ATL@@QAE@XZ 10003ff8 f i MotionSensor.obj
 0001:0000300d       ??1CRegObject@ATL@@UAE@XZ  1000400d f i MotionSensor.obj
 0001:0000302d       ??4?$CComPtr@UIAdviseSink@@@ATL@@QAEPAUIAdviseSink@@PAU2@@Z 1000402d f i MotionSensor.obj
 0001:0000302d       ??4?$CComPtr@UIUnknown@@@ATL@@QAEPAUIUnknown@@PAU2@@Z 1000402d f i MotionSensor.obj
 0001:0000302d       ??4?$CComPtr@UIOleClientSite@@@ATL@@QAEPAUIOleClientSite@@PAU2@@Z 1000402d f i MotionSensor.obj
 0001:0000305b       ??_G?$CComContainedObject@VCOPOSMotionSensor@@@ATL@@UAEPAXI@Z 1000405b f i MotionSensor.obj
 0001:0000305b       ??_E?$CComContainedObject@VCOPOSMotionSensor@@@ATL@@UAEPAXI@Z 1000405b f i MotionSensor.obj
 0001:00003080       ??_E?$CComObject@VCOPOSMotionSensor@@@ATL@@UAEPAXI@Z 10004080 f i MotionSensor.obj
 0001:00003080       ??_G?$CComObject@VCOPOSMotionSensor@@@ATL@@UAEPAXI@Z 10004080 f i MotionSensor.obj
 0001:000030a5       ?Add@?$CSimpleArray@GV?$CSimpleArrayEqualHelper@G@ATL@@@ATL@@QAEHABG@Z 100040a5 f i MotionSensor.obj
 0001:0000311f       ?Add@?$CSimpleMap@PA_WPA_WVCExpansionVectorEqualHelper@ATL@@@ATL@@QAEHABQA_W0@Z 1000411f f i MotionSensor.obj
 0001:00003174       ?Add@CComDynamicUnkArray@ATL@@QAEKPAUIUnknown@@@Z 10004174 f i MotionSensor.obj
 0001:00003225       ?Add@CExpansionVector@ATL@@QAEHPB_W0@Z 10004225 f i MotionSensor.obj
 0001:0000332e       ?AddString@CParseBuffer@CRegParser@ATL@@QAEHPB_W@Z 1000432e f i MotionSensor.obj
 0001:00003363       ?AddTermFunc@CAtlModule@ATL@@QAEJP6GXK@ZK@Z 10004363 f i MotionSensor.obj
 0001:000033cf       ?AddValue@CRegParser@ATL@@IAEJAAVCRegKey@2@PB_WPA_W@Z 100043cf f i MotionSensor.obj
 0001:000036e9       ?Allocate@?$CAtlSafeAllocBufferManager@VCCRTAllocator@ATL@@@_ATL_SAFE_ALLOCA_IMPL@ATL@@QAEPAXK@Z 100046e9 f i MotionSensor.obj
 0001:00003716       ?Allocate@?$CTempBuffer@E$0BAA@VCCRTAllocator@ATL@@@ATL@@QAEPAEI@Z 10004716 f i MotionSensor.obj
 0001:00003745       ?Allocate@?$CTempBuffer@_W$0BAA@VCCRTAllocator@ATL@@@ATL@@QAEPA_WI@Z 10004745 f i MotionSensor.obj
 0001:00003774       ?Allocate@?$CTempBuffer@_W$0EAA@VCCRTAllocator@ATL@@@ATL@@QAEPA_WI@Z 10004774 f i MotionSensor.obj
 0001:000037a3       ?AllocateHeap@?$CTempBuffer@_W$0EAA@VCCRTAllocator@ATL@@@ATL@@AAEXI@Z 100047a3 f i MotionSensor.obj
 0001:000037a3       ?AllocateHeap@?$CTempBuffer@E$0BAA@VCCRTAllocator@ATL@@@ATL@@AAEXI@Z 100047a3 f i MotionSensor.obj
 0001:000037a3       ?AllocateHeap@?$CTempBuffer@_W$0BAA@VCCRTAllocator@ATL@@@ATL@@AAEXI@Z 100047a3 f i MotionSensor.obj
 0001:000037c8       ?Append@CParseBuffer@CRegParser@ATL@@QAEHPB_WH@Z 100047c8 f i MotionSensor.obj
 0001:00003854       ?AtlCoTaskMemCAlloc@ATL@@YAPAXKK@Z 10004854 f i MotionSensor.obj
 0001:00003881       ?AtlCoTaskMemRecalloc@ATL@@YAPAXPAXKK@Z 10004881 f i MotionSensor.obj
 0001:000038b1       ?AtlComModuleGetClassObject@ATL@@YGJPAU_ATL_COM_MODULE70@1@ABU_GUID@@1PAPAX@Z 100048b1 f i MotionSensor.obj
 0001:000039a6       ?AtlComModuleRegisterServer@ATL@@YGJPAU_ATL_COM_MODULE70@1@HPBU_GUID@@@Z 100049a6 f i MotionSensor.obj
 0001:00003a2e       ?AtlComModuleUnregisterServer@ATL@@YGJPAU_ATL_COM_MODULE70@1@HPBU_GUID@@@Z 10004a2e f i MotionSensor.obj
 0001:00003ab6       ?AtlComQIPtrAssign2@ATL@@YAXPAPAUIUnknown@@PAU2@ABU_GUID@@@Z 10004ab6 f i MotionSensor.obj
 0001:00003ae5       ?AtlCreateTargetDC@ATL@@YGPAUHDC__@@PAU2@PAUtagDVTARGETDEVICE@@@Z 10004ae5 f i MotionSensor.obj
 0001:00003b4e       ?AtlCrtErrorCheck@ATL@@YAHH@Z 10004b4e f i MotionSensor.obj
 0001:00003b89       ?AtlHiMetricToPixel@ATL@@YGXPBUtagSIZE@@PAU2@@Z 10004b89 f i MotionSensor.obj
 0001:00003bfe       ?AtlHresultFromLastError@ATL@@YAJXZ 10004bfe f i MotionSensor.obj
 0001:00003c15       ?AtlHresultFromWin32@ATL@@YAJK@Z 10004c15 f i MotionSensor.obj
 0001:00003c2a       ?AtlInternalOleLoadFromStream@ATL@@YAJPAUIStream@@ABU_GUID@@PAPAXTClassesAllowedInStream@1@K@Z 10004c2a f i MotionSensor.obj
 0001:00003d53       ?AtlInternalQueryInterface@ATL@@YGJPAXPBU_ATL_INTMAP_ENTRY@1@ABU_GUID@@PAPAX@Z 10004d53 f i MotionSensor.obj
 0001:00003df6       ?AtlLoadTypeLib@ATL@@YGJPAUHINSTANCE__@@PB_WPAPA_WPAPAUITypeLib@@@Z 10004df6 f i MotionSensor.obj
 0001:00003fd4       ?AtlRegisterClassCategoriesHelper@ATL@@YGJABU_GUID@@PBU_ATL_CATMAP_ENTRY@1@H@Z 10004fd4 f i MotionSensor.obj
 0001:000042d0       ?AtlRegisterTypeLib@ATL@@YGJPAUHINSTANCE__@@PB_W@Z 100052d0 f i MotionSensor.obj
 0001:00004458       ?AtlThrowImpl@ATL@@YGXJ@Z  10005458 f i MotionSensor.obj
 0001:00004476       ?AtlUnRegisterTypeLib@ATL@@YGJPAUHINSTANCE__@@PB_W@Z 10005476 f i MotionSensor.obj
 0001:00004521       ?AtlWinModuleAddCreateWndData@ATL@@YGXPAU_ATL_WIN_MODULE70@1@PAU_AtlCreateWndData@1@PAX@Z 10005521 f i MotionSensor.obj
 0001:00004575       ?AtlWinModuleExtractCreateWndData@ATL@@YGPAXPAU_ATL_WIN_MODULE70@1@@Z 10005575 f i MotionSensor.obj
 0001:000045d9       ?AtlWinModuleRegisterClassExW@ATL@@YGGPAU_ATL_WIN_MODULE70@1@PBUtagWNDCLASSEXW@@@Z 100055d9 f i MotionSensor.obj
 0001:00004618       ?CanForceRemoveKey@CRegParser@ATL@@IAEHPB_W@Z 10005618 f i MotionSensor.obj
 0001:00004647       ?ChToByte@CRegParser@ATL@@KAE_W@Z 10005647 f i MotionSensor.obj
 0001:000046cf       ?Cleanup@CComTypeInfoHolder@ATL@@SGXK@Z 100056cf f i MotionSensor.obj
 0001:00004702       ?ClearReplacements@CExpansionVector@ATL@@QAEJXZ 10005702 f i MotionSensor.obj
 0001:0000473f       ?Close@CRegKey@ATL@@QAEJXZ 1000573f f i MotionSensor.obj
 0001:00004759       ?CreateInstance@?$CComCreator@V?$CComAggObject@VCOPOSMotionSensor@@@ATL@@@ATL@@SGJPAXABU_GUID@@PAPAX@Z 10005759 f i MotionSensor.obj
 0001:000047ce       ?CreateInstance@?$CComCreator@V?$CComObject@VCOPOSMotionSensor@@@ATL@@@ATL@@SGJPAXABU_GUID@@PAPAX@Z 100057ce f i MotionSensor.obj
 0001:00004857       ?CreateInstance@?$CComObject@V?$CComEnum@UIEnumConnectionPoints@@$1?_GUID_b196b285_bab4_101a_b69c_00aa00341d07@@3U__s_GUID@@BPAUIConnectionPoint@@V?$_CopyInterface@UIConnectionPoint@@@ATL@@VCComSingleThreadModel@6@@ATL@@@ATL@@SGJPAPAV12@@Z 10005857 f i MotionSensor.obj
 0001:000048a1       ?CreateInstance@?$CComObject@V?$CComEnum@UIEnumConnections@@$1?_GUID_b196b287_bab4_101a_b69c_00aa00341d07@@3U__s_GUID@@BUtagCONNECTDATA@@V?$_Copy@UtagCONNECTDATA@@@ATL@@VCComSingleThreadModel@6@@ATL@@@ATL@@SGJPAPAV12@@Z 100058a1 f i MotionSensor.obj
 0001:000048eb       ?DefaultReflectionHandler@?$CWindowImplRoot@VCWindow@ATL@@@ATL@@SAHPAUHWND__@@IIJAAJ@Z 100058eb f i MotionSensor.obj
 0001:0000498b       ?DeleteSubKey@CRegKey@ATL@@QAEJPB_W@Z 1000598b f i MotionSensor.obj
 0001:00004a04       ?DoEvent@COPOSMotionSensor@@IAEXIIJ@Z 10005a04 f i MotionSensor.obj
 0001:00004a84       ?DoVerbHide@?$IOleObjectImpl@VCOPOSMotionSensor@@@ATL@@QAEJPBUtagRECT@@PAUHWND__@@@Z 10005a84 f i MotionSensor.obj
 0001:00004aba       ?DoVerbInPlaceActivate@?$IOleObjectImpl@VCOPOSMotionSensor@@@ATL@@QAEJPBUtagRECT@@PAUHWND__@@@Z 10005aba f i MotionSensor.obj
 0001:00004aed       ?DoVerbPrimary@?$IOleObjectImpl@VCOPOSMotionSensor@@@ATL@@QAEJPBUtagRECT@@PAUHWND__@@@Z 10005aed f i MotionSensor.obj
 0001:00004b79       ?DoVerbProperties@CComControlBase@ATL@@QAEJPBUtagRECT@@PAUHWND__@@@Z 10005b79 f i MotionSensor.obj
 0001:00004cf8       ?DoVerbUIActivate@?$IOleObjectImpl@VCOPOSMotionSensor@@@ATL@@QAEJPBUtagRECT@@PAUHWND__@@@Z 10005cf8 f i MotionSensor.obj
 0001:00004d35       ?DoesVerbActivate@CComControlBase@ATL@@QAEHJ@Z 10005d35 f i MotionSensor.obj
 0001:00004d59       ?DoesVerbUIActivate@CComControlBase@ATL@@QAEHJ@Z 10005d59 f i MotionSensor.obj
 0001:00004d8e       ?EndOfVar@CRegParser@ATL@@IAEHXZ 10005d8e f i MotionSensor.obj
 0001:00004dae       ?EscapeSingleQuote@CAtlModule@ATL@@SAXPA_WIPB_W@Z 10005dae f i MotionSensor.obj
 0001:00004dfd       ?FindKey@?$CSimpleMap@PA_WPA_WVCExpansionVectorEqualHelper@ATL@@@ATL@@QBEHABQA_W@Z 10005dfd f i MotionSensor.obj
 0001:00004e34       ?FireTheEvent@?$CProxy_IOPOSEvents@VCOPOSMotionSensor@@@@IAEXPAVOposVariant@@IAAJPB_WJ@Z 10005e34 f i MotionSensor.obj
 0001:00004ec6       ?FireViewChange@CComControlBase@ATL@@QAEJXZ 10005ec6 f i MotionSensor.obj
 0001:00004f0f       ?Fire_DirectIOEvent@?$CProxy_IOPOSEvents@VCOPOSMotionSensor@@@@QAEXJPAJPAPA_W@Z 10005f0f f i MotionSensor.obj
 0001:00004ffb       ?Fire_StatusUpdateEvent@?$CProxy_IOPOSEvents@VCOPOSMotionSensor@@@@QAEXJ@Z 10005ffb f i MotionSensor.obj
 0001:00005091       ?FreeHeap@?$CTempBuffer@E$0BAA@VCCRTAllocator@ATL@@@ATL@@AAEXXZ 10006091 f i MotionSensor.obj
 0001:00005091       ?FreeHeap@?$CTempBuffer@_W$0BAA@VCCRTAllocator@ATL@@@ATL@@AAEXXZ 10006091 f i MotionSensor.obj
 0001:00005091       ?FreeHeap@?$CTempBuffer@_W$0EAA@VCCRTAllocator@ATL@@@ATL@@AAEXXZ 10006091 f i MotionSensor.obj
 0001:0000509a       ?GetAmbientLocaleID@CComControlBase@ATL@@QAEJAAK@Z 1000609a f i MotionSensor.obj
 0001:000050f6       ?GetAmbientUserMode@CComControlBase@ATL@@QAEJAAH@Z 100060f6 f i MotionSensor.obj
 0001:00005166       ?GetAt@CComDynamicUnkArray@ATL@@QAEPAUIUnknown@@H@Z 10006166 f i MotionSensor.obj
 0001:00005182       ?GetClassObject@CComModule@ATL@@QAEJABU_GUID@@0PAPAX@Z 10006182 f i MotionSensor.obj
 0001:00005224       ?GetConnMap@COPOSMotionSensor@@SAPBU_ATL_CONNMAP_ENTRY@ATL@@PAH@Z 10006224 f i MotionSensor.obj
 0001:00005294       ?GetCookie@CComDynamicUnkArray@ATL@@QAGKPAPAUIUnknown@@@Z 10006294 f i MotionSensor.obj
 0001:000052cc       ?GetIDsOfNames@CComTypeInfoHolder@ATL@@QAEJABU_GUID@@PAPA_WIKPAJ@Z 100062cc f i MotionSensor.obj
 0001:000053ec       ?GetKeyAt@?$CSimpleMap@PA_WPA_WVCExpansionVectorEqualHelper@ATL@@@ATL@@QBEAAPA_WH@Z 100063ec f i MotionSensor.obj
 0001:00005411       ?GetPagesHelper@?$ISpecifyPropertyPagesImpl@VCOPOSMotionSensor@@@ATL@@IAEJPAUtagCAUUID@@PBUATL_PROPMAP_ENTRY@2@@Z 10006411 f i MotionSensor.obj
 0001:00005538       ?GetProperty@?$CComPtr@UIDispatch@@@ATL@@SAJPAUIDispatch@@JPAUtagVARIANT@@@Z 10006538 f i MotionSensor.obj
 0001:00005587       ?GetSizeMax@CComVariant@ATL@@QBEJPAT_ULARGE_INTEGER@@@Z 10006587 f i MotionSensor.obj
 0001:00005749       ?GetTI@CComTypeInfoHolder@ATL@@QAEJK@Z 10006749 f i MotionSensor.obj
 0001:00005929       ?GetTI@CComTypeInfoHolder@ATL@@QAEJKPAPAUITypeInfo@@@Z 10006929 f i MotionSensor.obj
 0001:00005967       ?GetUnknown@CComDynamicUnkArray@ATL@@QAGPAUIUnknown@@K@Z 10006967 f i MotionSensor.obj
 0001:00005988       ?GetValueAt@?$CSimpleMap@PA_WPA_WVCExpansionVectorEqualHelper@ATL@@@ATL@@QBEAAPA_WH@Z 10006988 f i MotionSensor.obj
 0001:000059ae       ?GetZoomInfo@CComControlBase@ATL@@QAEXAAUATL_DRAWINFO@@@Z 100069ae f i MotionSensor.obj
 0001:00005a41       ?HKeyFromString@CRegParser@ATL@@KAPAUHKEY__@@PA_W@Z 10006a41 f i MotionSensor.obj
 0001:00005a6f       ?HasSubKeys@CRegParser@ATL@@IAEHPAUHKEY__@@@Z 10006a6f f i MotionSensor.obj
 0001:00005aa4       ?IDataObject_GetData@CComControlBase@ATL@@QAEJPAUtagFORMATETC@@PAUtagSTGMEDIUM@@@Z 10006aa4 f i MotionSensor.obj
 0001:00005c46       ?IOleInPlaceObject_InPlaceDeactivate@CComControlBase@ATL@@QAEJXZ 10006c46 f i MotionSensor.obj
 0001:00005ccd       ?IOleInPlaceObject_SetObjectRects@CComControlBase@ATL@@QAEJPBUtagRECT@@0@Z 10006ccd f i MotionSensor.obj
 0001:00005d9a       ?IOleInPlaceObject_UIDeactivate@CComControlBase@ATL@@QAEJXZ 10006d9a f i MotionSensor.obj
 0001:00005e5c       ?IOleObject_Advise@CComControlBase@ATL@@QAEJPAUIAdviseSink@@PAK@Z 10006e5c f i MotionSensor.obj
 0001:00005e86       ?IOleObject_Close@CComControlBase@ATL@@QAEJK@Z 10006e86 f i MotionSensor.obj
 0001:00005f6a       ?IOleObject_GetClientSite@CComControlBase@ATL@@QAEJPAPAUIOleClientSite@@@Z 10006f6a f i MotionSensor.obj
 0001:00005f93       ?IOleObject_SetClientSite@CComControlBase@ATL@@QAEJPAUIOleClientSite@@@Z 10006f93 f i MotionSensor.obj
 0001:00005fd2       ?IOleObject_SetExtent@CComControlBase@ATL@@QAEJKPAUtagSIZE@@@Z 10006fd2 f i MotionSensor.obj
 0001:00006084       ?IPSI_GetIPersistStreamInit@?$IPersistStorageImpl@VCOPOSMotionSensor@@@ATL@@AAEPAUIPersistStreamInit@@XZ 10007084 f i MotionSensor.obj
 0001:0000612c       ?IPersistStreamInit_Load@?$IPersistStreamInitImpl@VCOPOSMotionSensor@@@ATL@@QAEJPAUIStream@@PBUATL_PROPMAP_ENTRY@2@@Z 1000712c f i MotionSensor.obj
 0001:000063a2       ?IPersistStreamInit_Save@?$IPersistStreamInitImpl@VCOPOSMotionSensor@@@ATL@@QAEJPAUIStream@@HPBUATL_PROPMAP_ENTRY@2@@Z 100073a2 f i MotionSensor.obj
 0001:00006591       ?IQuickActivate_QuickActivate@CComControlBase@ATL@@QAEJPAUtagQACONTAINER@@PAUtagQACONTROL@@@Z 10007591 f i MotionSensor.obj
 0001:000067d3       ?IViewObject_Draw@CComControlBase@ATL@@QAEJKJPAXPAUtagDVTARGETDEVICE@@PAUHDC__@@2PBU_RECTL@@3@Z 100077d3 f i MotionSensor.obj
 0001:0000687b       ?InPlaceActivate@CComControlBase@ATL@@QAEJJPBUtagRECT@@@Z 1000787b f i MotionSensor.obj
 0001:00006aed       ?Init@?$CComEnumImpl@UIEnumConnectionPoints@@$1?_GUID_b196b285_bab4_101a_b69c_00aa00341d07@@3U__s_GUID@@BPAUIConnectionPoint@@V?$_CopyInterface@UIConnectionPoint@@@ATL@@@ATL@@QAEJPAPAUIConnectionPoint@@0PAUIUnknown@@W4CComEnumFlags@2@@Z 10007aed f i MotionSensor.obj
 0001:00006bc9       ?Init@?$CComEnumImpl@UIEnumConnections@@$1?_GUID_b196b287_bab4_101a_b69c_00aa00341d07@@3U__s_GUID@@BUtagCONNECTDATA@@V?$_Copy@UtagCONNECTDATA@@@ATL@@@ATL@@QAEJPAUtagCONNECTDATA@@0PAUIUnknown@@W4CComEnumFlags@2@@Z 10007bc9 f i MotionSensor.obj
 0001:00006ca5       ?Init@CComModule@ATL@@QAEJPAU_ATL_OBJMAP_ENTRY30@2@PAUHINSTANCE__@@PBU_GUID@@@Z 10007ca5 f i MotionSensor.obj
 0001:00006d04       ?Init@CDynamicStdCallThunk2@ATL@@QAEHKPAX@Z 10007d04 f i MotionSensor.obj
 0001:00006d2f       ?InlineIsEqualUnknown@ATL@@YGHABU_GUID@@@Z 10007d2f f i MotionSensor.obj
 0001:00006d57       ?InternalSetAtIndex@?$CSimpleMap@PA_WPA_WVCExpansionVectorEqualHelper@ATL@@@ATL@@QAEXHABQA_W0@Z 10007d57 f i MotionSensor.obj
 0001:00006d81       ?Invoke@CComTypeInfoHolder@ATL@@QAEJPAUIDispatch@@JABU_GUID@@KGPAUtagDISPPARAMS@@PAUtagVARIANT@@PAUtagEXCEPINFO@@PAI@Z 10007d81 f i MotionSensor.obj
 0001:00006dc2       ?IsEqualObject@?$CComPtrBase@UIOleClientSite@@@ATL@@QAE_NPAUIUnknown@@@Z 10007dc2 f i MotionSensor.obj
 0001:00006dc2       ?IsEqualObject@?$CComPtrBase@UITypeInfo@@@ATL@@QAE_NPAUIUnknown@@@Z 10007dc2 f i MotionSensor.obj
 0001:00006e2e       ?IsSpace@CRegParser@ATL@@IAEH_W@Z 10007e2e f i MotionSensor.obj
 0001:00006e54       ?LoadNameCache@CComTypeInfoHolder@ATL@@QAEJPAUITypeInfo@@@Z 10007e54 f i MotionSensor.obj
 0001:00006f89       ?Lookup@?$CSimpleMap@PA_WPA_WVCExpansionVectorEqualHelper@ATL@@@ATL@@QBEPA_WABQA_W@Z 10007f89 f i MotionSensor.obj
 0001:00006faf       ?NextToken@CRegParser@ATL@@IAEJPA_W@Z 10007faf f i MotionSensor.obj
 0001:000070de       ?OnKillFocus@CComControlBase@ATL@@QAEJIIJAAH@Z 100080de f i MotionSensor.obj
 0001:00007139       ?OnMouseActivate@CComControlBase@ATL@@QAEJIIJAAH@Z 10008139 f i MotionSensor.obj
 0001:000071a7       ?OnPaint@CComControlBase@ATL@@QAEJIIJAAH@Z 100081a7 f i MotionSensor.obj
 0001:0000725e       ?OnSetFocus@CComControlBase@ATL@@QAEJIIJAAH@Z 1000825e f i MotionSensor.obj
 0001:000072e9       ?Open@CRegKey@ATL@@QAEJPAUHKEY__@@PB_WK@Z 100082e9 f i MotionSensor.obj
 0001:0000733e       ?PreProcessBuffer@CRegParser@ATL@@QAEJPA_WPAPA_W@Z 1000833e f i MotionSensor.obj
 0001:000075ae       ?ProcessWindowMessage@?$CComControl@VCOPOSMotionSensor@@V?$CWindowImpl@VCOPOSMotionSensor@@VCWindow@ATL@@V?$CWinTraits@$0FGAAAAAA@$0A@@3@@ATL@@@ATL@@UAEHPAUHWND__@@IIJAAJK@Z 100085ae f i MotionSensor.obj
 0001:00007656       ?ReadFromStream@CComBSTR@ATL@@QAEJPAUIStream@@@Z 10008656 f i MotionSensor.obj
 0001:00007779       ?ReadFromStream@CComVariant@ATL@@QAEJPAUIStream@@GTClassesAllowedInStream@2@K@Z 10008779 f i MotionSensor.obj
 0001:00007903       ?RecurseDeleteKey@CRegKey@ATL@@QAEJPB_W@Z 10008903 f i MotionSensor.obj
 0001:000079f1       ?RegCreateKeyExW@CAtlTransactionManager@ATL@@QAEJPAUHKEY__@@PB_WKPA_WKKQAU_SECURITY_ATTRIBUTES@@PAPAU3@PAK@Z 100089f1 f i MotionSensor.obj
 0001:00007a54       ?RegDeleteKeyW@CAtlTransactionManager@ATL@@QAEJPAUHKEY__@@PB_W@Z 10008a54 f i MotionSensor.obj
 0001:00007aa6       ?RegOpenKeyExW@CAtlTransactionManager@ATL@@QAEJPAUHKEY__@@PB_WKKPAPAU3@@Z 10008aa6 f i MotionSensor.obj
 0001:00007afd       ?Register@_ATL_WNDCLASSINFOW@ATL@@QAEGPAP6GJPAUHWND__@@IIJ@Z@Z 10008afd f i MotionSensor.obj
 0001:00007b1d       ?RegisterBuffer@CRegParser@ATL@@QAEJPA_WH@Z 10008b1d f i MotionSensor.obj
 0001:00007c64       ?RegisterFromResource@CRegObject@ATL@@IAEJPB_W00H@Z 10008c64 f i MotionSensor.obj
 0001:00007d9a       ?RegisterServer@?$CAtlModuleT@VCComModule@ATL@@@ATL@@QAEJHPBU_GUID@@@Z 10008d9a f i MotionSensor.obj
 0001:00007dc8       ?RegisterServer@CComModule@ATL@@QAEJHPBU_GUID@@@Z 10008dc8 f i MotionSensor.obj
 0001:00007e39       ?RegisterSubkeys@CRegParser@ATL@@IAEJPA_WPAUHKEY__@@HH@Z 10008e39 f i MotionSensor.obj
 0001:00008495       ?Remove@CComDynamicUnkArray@ATL@@QAEHK@Z 10009495 f i MotionSensor.obj
 0001:000084be       ?RemoveAll@?$CSimpleMap@PA_WPA_WVCExpansionVectorEqualHelper@ATL@@@ATL@@QAEXXZ 100094be f i MotionSensor.obj
 0001:000084ea       ?ResourceRegisterSz@CRegObject@ATL@@QAGJPB_W00@Z 100094ea f i MotionSensor.obj
 0001:00008517       ?ResourceUnregisterSz@CRegObject@ATL@@QAGJPB_W00@Z 10009517 f i MotionSensor.obj
 0001:00008544       ?SendOnDataChange@CComControlBase@ATL@@QAEJK@Z 10009544 f i MotionSensor.obj
 0001:00008591       ?SetControlFocus@CComControlBase@ATL@@QAEHH@Z 10009591 f i MotionSensor.obj
 0001:0000862c       ?SetMultiStringValue@CRegKey@ATL@@QAEJPB_W0@Z 1000962c f i MotionSensor.obj
 0001:00008688       ?SetStringValue@CRegKey@ATL@@QAEJPB_W0K@Z 10009688 f i MotionSensor.obj
 0001:000086d1       ?SkipAssignment@CRegParser@ATL@@IAEJPA_W@Z 100096d1 f i MotionSensor.obj
 0001:0000873d       ?SkipWhiteSpace@CRegParser@ATL@@IAEXXZ 1000973d f i MotionSensor.obj
 0001:00008766       ?StrChrW@CRegParser@ATL@@KAPA_WPA_W_W@Z 10009766 f i MotionSensor.obj
 0001:000087a3       ?Term@CAtlModule@ATL@@QAEXXZ 100097a3 f i MotionSensor.obj
 0001:00008820       ?Term@CComModule@ATL@@QAEXXZ 10009820 f i MotionSensor.obj
 0001:00008878       ?UnregisterServer@?$CAtlModuleT@VCComModule@ATL@@@ATL@@QAEJHPBU_GUID@@@Z 10009878 f i MotionSensor.obj
 0001:0000889e       ?UnregisterServer@CComModule@ATL@@QAEJHPBU_GUID@@@Z 1000989e f i MotionSensor.obj
 0001:0000890f       ?UpdateRegistryFromResource@CAtlModule@ATL@@QAGJIHPAU_ATL_REGMAP_ENTRY@2@@Z 1000990f f i MotionSensor.obj
 0001:00008ada       ?UpdateRegistryFromResource@CAtlModule@ATL@@QAGJPB_WHPAU_ATL_REGMAP_ENTRY@2@@Z 10009ada f i MotionSensor.obj
 0001:00008cab       ?VTFromRegType@CRegParser@ATL@@KAHPB_WAAG@Z 10009cab f i MotionSensor.obj
 0001:00008d18       ?WindowProc@?$CWindowImplBaseT@VCWindow@ATL@@V?$CWinTraits@$0FGAAAAAA@$0A@@2@@ATL@@SGJPAUHWND__@@IIJ@Z 10009d18 f i MotionSensor.obj
 0001:00008e06       ?WriteToStream@CComBSTR@ATL@@QAEJPAUIStream@@@Z 10009e06 f i MotionSensor.obj
 0001:00008e68       ?WriteToStream@CComVariant@ATL@@QAEJPAUIStream@@@Z 10009e68 f i MotionSensor.obj
 0001:00008fe2       ?WriteToStream@CComVariant@ATL@@QAEJPAUIStream@@G@Z 10009fe2 f i MotionSensor.obj
 0001:0000904b       ?_AtlInitialConstruct@?$CComObjectRootEx@VCComMultiThreadModel@ATL@@@ATL@@QAEJXZ 1000a04b f i MotionSensor.obj
 0001:00009060       ?_AtlVerifyStackAvailable@_ATL_SAFE_ALLOCA_IMPL@ATL@@YA_NK@Z 1000a060 f i MotionSensor.obj
 0001:000090de       ?atlCreate@?$CWindowImpl@VCOPOSMotionSensor@@VCWindow@ATL@@V?$CWinTraits@$0FGAAAAAA@$0A@@3@@ATL@@QAEPAUHWND__@@PAU3@V_U_RECT@2@PB_WKKV_U_MENUorID@2@PAX@Z 1000a0de f i MotionSensor.obj
 0001:00009129       ?atlCreate@?$CWindowImplBaseT@VCWindow@ATL@@V?$CWinTraits@$0FGAAAAAA@$0A@@2@@ATL@@QAEPAUHWND__@@PAU3@V_U_RECT@2@PB_WKKV_U_MENUorID@2@GPAX@Z 1000a129 f i MotionSensor.obj
 0001:000091c5       ?copy@?$_Copy@UtagCONNECTDATA@@@ATL@@SAJPAUtagCONNECTDATA@@PBU3@@Z 1000a1c5 f i MotionSensor.obj
 0001:000091fb       ?copy@?$_CopyInterface@UIConnectionPoint@@@ATL@@SAJPAPAUIConnectionPoint@@PBQAU3@@Z 1000a1fb f i MotionSensor.obj
 0001:00009229       ?memcpy_s@Checked@ATL@@YAXPAXIPBXI@Z 1000a229 f i MotionSensor.obj
 0001:00009248       ?ocscpy_s@@YA_NPA_WIPB_W@Z 1000a248 f i MotionSensor.obj
 0001:00009292       ?wcscpy_s@Checked@ATL@@YAXPA_WIPB_W@Z 1000a292 f i MotionSensor.obj
 0001:000092ae       _DllCanUnloadNow@0         1000a2ae f   MotionSensor.obj
 0001:000092ba       _DllGetClassObject@12      1000a2ba f   MotionSensor.obj
 0001:000092c8       _DllMain@12                1000a2c8 f   MotionSensor.obj
 0001:0000930a       _DllRegisterServer@0       1000a30a f   MotionSensor.obj
 0001:00009319       _DllUnregisterServer@0     1000a319 f   MotionSensor.obj
 0001:00009328       _InlineIsEqualGUID         1000a328 f i MotionSensor.obj
 0001:00009358       ___local_stdio_printf_options 1000a358 f i MotionSensor.obj
 0001:0000935e       __vswprintf_s_l            1000a35e f i MotionSensor.obj
 0001:0000940b       _swprintf_s                1000a40b f i MotionSensor.obj
 0001:00009427       ??0?$CComControl@VCOPOSMotionSensor@@V?$CWindowImpl@VCOPOSMotionSensor@@VCWindow@ATL@@V?$CWinTraits@$0FGAAAAAA@$0A@@3@@ATL@@@ATL@@QAE@XZ 1000a427 f i MotionSensorImpl.obj
 0001:0000944e       ??0CComControlBase@ATL@@QAE@AAPAUHWND__@@@Z 1000a44e f i MotionSensorImpl.obj
 0001:0000949e       ??0COPOSMotionSensor@@QAE@XZ 1000a49e f   MotionSensorImpl.obj
 0001:000094ed       ??1?$CComControl@VCOPOSMotionSensor@@V?$CWindowImpl@VCOPOSMotionSensor@@VCWindow@ATL@@V?$CWinTraits@$0FGAAAAAA@$0A@@3@@ATL@@@ATL@@UAE@XZ 1000a4ed f i MotionSensorImpl.obj
 0001:00009506       ??1?$IConnectionPointImpl@VCOPOSMotionSensor@@$1?DIID__IOPOSMotionSensorEvents@@3U_GUID@@BVCComDynamicUnkArray@ATL@@@ATL@@QAE@XZ 1000a506 f i MotionSensorImpl.obj
 0001:00009506       ??1?$IConnectionPointImpl@VCOPOSMotionSensor@@$1?IID_IPropertyNotifySink@@3U_GUID@@BVCComDynamicUnkArray@ATL@@@ATL@@QAE@XZ 1000a506 f i MotionSensorImpl.obj
 0001:00009543       ??1CComControlBase@ATL@@UAE@XZ 1000a543 f i MotionSensorImpl.obj
 0001:000095a6       ??1COPOSMotionSensor@@UAE@XZ 1000a5a6 f   MotionSensorImpl.obj
 0001:000095ee       ?CheckHealth@COPOSMotionSensor@@UAGJJPAJ@Z 1000a5ee f   MotionSensorImpl.obj
 0001:0000963d       ?ClaimDevice@COPOSMotionSensor@@UAGJJPAJ@Z 1000a63d f   MotionSensorImpl.obj
 0001:000096ab       ?Close@COPOSMotionSensor@@UAGJPAJ@Z 1000a6ab f   MotionSensorImpl.obj
 0001:00009719       ?CompareFirmwareVersion@COPOSMotionSensor@@UAGJPA_WPAJ1@Z 1000a719 f   MotionSensorImpl.obj
 0001:00009799       ?DirectIO@COPOSMotionSensor@@UAGJJPAJPAPA_W0@Z 1000a799 f   MotionSensorImpl.obj
 0001:00009847       ?DoInvoke@COPOSMotionSensor@@IAEJJPAVOposVariant@@IHPAJ_N@Z 1000a847 f   MotionSensorImpl.obj
 0001:00009923       ?EventClose@COPOSMotionSensor@@IAEXXZ 1000a923 f i MotionSensorImpl.obj
 0001:00009956       ?EventInit@COPOSMotionSensor@@IAEJXZ 1000a956 f i MotionSensorImpl.obj
 0001:00009a2a       ?EventUninit@COPOSMotionSensor@@IAEXXZ 1000aa2a f i MotionSensorImpl.obj
 0001:00009a7c       ?EventWindowProc@COPOSMotionSensor@@IAGJIIJ@Z 1000aa7c f i MotionSensorImpl.obj
 0001:00009af3       ?FinalConstruct@COPOSMotionSensor@@QAEJXZ 1000aaf3 f   MotionSensorImpl.obj
 0001:00009b2c       ?FireEventCleanup@COPOSMotionSensor@@IAEXXZ 1000ab2c f i MotionSensorImpl.obj
 0001:00009b42       ?FireEventSetup@COPOSMotionSensor@@IAE_NXZ 1000ab42 f i MotionSensorImpl.obj
 0001:00009b76       ?FreezeEvents@COPOSMotionSensor@@MAGJH@Z 1000ab76 f   MotionSensorImpl.obj
 0001:00009bc3       ?GetOposProp@COPOSMotionSensor@@IAEJJPAFJ@Z 1000abc3 f   MotionSensorImpl.obj
 0001:00009be6       ?GetOposProp@COPOSMotionSensor@@IAEJJPAJJ@Z 1000abe6 f   MotionSensorImpl.obj
 0001:00009cb5       ?GetOposProp@COPOSMotionSensor@@IAEJJPAPA_WJ@Z 1000acb5 f   MotionSensorImpl.obj
 0001:00009d91       ?OnDraw@COPOSMotionSensor@@MAEJAAUATL_DRAWINFO@@@Z 1000ad91 f   MotionSensorImpl.obj
 0001:00009e31       ?Open@COPOSMotionSensor@@UAGJPA_WPAJ@Z 1000ae31 f   MotionSensorImpl.obj
 0001:0000a6a2       ?ReleaseDevice@COPOSMotionSensor@@UAGJPAJ@Z 1000b6a2 f   MotionSensorImpl.obj
 0001:0000a6d9       ?ResetStatistics@COPOSMotionSensor@@UAGJPA_WPAJ@Z 1000b6d9 f   MotionSensorImpl.obj
 0001:0000a730       ?RetrieveStatistics@COPOSMotionSensor@@UAGJPAPA_WPAJ@Z 1000b730 f   MotionSensorImpl.obj
 0001:0000a787       ?SOProcessID@COPOSMotionSensor@@UAGJPAJ@Z 1000b787 f   MotionSensorImpl.obj
 0001:0000a79b       ?SetCOFreezeEvents@COPOSMotionSensor@@IAEXF@Z 1000b79b f   MotionSensorImpl.obj
 0001:0000a83b       ?SetOposProp@COPOSMotionSensor@@IAEJJJJ@Z 1000b83b f   MotionSensorImpl.obj
 0001:0000a932       ?UpdateFirmware@COPOSMotionSensor@@UAGJPA_WPAJ@Z 1000b932 f   MotionSensorImpl.obj
 0001:0000a989       ?UpdateStatistics@COPOSMotionSensor@@UAGJPA_WPAJ@Z 1000b989 f   MotionSensorImpl.obj
 0001:0000a9e0       ?WaitForMotion@COPOSMotionSensor@@UAGJJPAJ@Z 1000b9e0 f   MotionSensorImpl.obj
 0001:0000aa2f       ?get_BinaryConversion@COPOSMotionSensor@@UAGJPAJ@Z 1000ba2f f   MotionSensorImpl.obj
 0001:0000aa45       ?get_CapCompareFirmwareVersion@COPOSMotionSensor@@UAGJPAF@Z 1000ba45 f   MotionSensorImpl.obj
 0001:0000aa5e       ?get_CapPowerReporting@COPOSMotionSensor@@UAGJPAJ@Z 1000ba5e f   MotionSensorImpl.obj
 0001:0000aa77       ?get_CapStatisticsReporting@COPOSMotionSensor@@UAGJPAF@Z 1000ba77 f   MotionSensorImpl.obj
 0001:0000aa90       ?get_CapUpdateFirmware@COPOSMotionSensor@@UAGJPAF@Z 1000ba90 f   MotionSensorImpl.obj
 0001:0000aaa9       ?get_CapUpdateStatistics@COPOSMotionSensor@@UAGJPAF@Z 1000baa9 f   MotionSensorImpl.obj
 0001:0000aac2       ?get_CheckHealthText@COPOSMotionSensor@@UAGJPAPA_W@Z 1000bac2 f   MotionSensorImpl.obj
 0001:0000aadb       ?get_Claimed@COPOSMotionSensor@@UAGJPAF@Z 1000badb f   MotionSensorImpl.obj
 0001:0000aaf1       ?get_ControlObjectDescription@COPOSMotionSensor@@UAGJPAPA_W@Z 1000baf1 f   MotionSensorImpl.obj
 0001:0000ab3f       ?get_ControlObjectVersion@COPOSMotionSensor@@UAGJPAJ@Z 1000bb3f f   MotionSensorImpl.obj
 0001:0000ab52       ?get_DeviceDescription@COPOSMotionSensor@@UAGJPAPA_W@Z 1000bb52 f   MotionSensorImpl.obj
 0001:0000ab6b       ?get_DeviceEnabled@COPOSMotionSensor@@UAGJPAF@Z 1000bb6b f   MotionSensorImpl.obj
 0001:0000ab81       ?get_DeviceName@COPOSMotionSensor@@UAGJPAPA_W@Z 1000bb81 f   MotionSensorImpl.obj
 0001:0000ab9a       ?get_FreezeEvents@COPOSMotionSensor@@UAGJPAF@Z 1000bb9a f   MotionSensorImpl.obj
 0001:0000abb0       ?get_Motion@COPOSMotionSensor@@UAGJPAF@Z 1000bbb0 f   MotionSensorImpl.obj
 0001:0000abc9       ?get_OpenResult@COPOSMotionSensor@@UAGJPAJ@Z 1000bbc9 f   MotionSensorImpl.obj
 0001:0000abe0       ?get_PowerNotify@COPOSMotionSensor@@UAGJPAJ@Z 1000bbe0 f   MotionSensorImpl.obj
 0001:0000abf6       ?get_PowerState@COPOSMotionSensor@@UAGJPAJ@Z 1000bbf6 f   MotionSensorImpl.obj
 0001:0000ac0c       ?get_ResultCode@COPOSMotionSensor@@UAGJPAJ@Z 1000bc0c f   MotionSensorImpl.obj
 0001:0000ac4a       ?get_ResultCodeExtended@COPOSMotionSensor@@UAGJPAJ@Z 1000bc4a f   MotionSensorImpl.obj
 0001:0000ac60       ?get_ServiceObjectDescription@COPOSMotionSensor@@UAGJPAPA_W@Z 1000bc60 f   MotionSensorImpl.obj
 0001:0000ac79       ?get_ServiceObjectVersion@COPOSMotionSensor@@UAGJPAJ@Z 1000bc79 f   MotionSensorImpl.obj
 0001:0000ac8f       ?get_State@COPOSMotionSensor@@UAGJPAJ@Z 1000bc8f f   MotionSensorImpl.obj
 0001:0000acbb       ?get_Timeout@COPOSMotionSensor@@UAGJPAJ@Z 1000bcbb f   MotionSensorImpl.obj
 0001:0000acd4       ?put_BinaryConversion@COPOSMotionSensor@@UAGJJ@Z 1000bcd4 f   MotionSensorImpl.obj
 0001:0000acea       ?put_DeviceEnabled@COPOSMotionSensor@@UAGJF@Z 1000bcea f   MotionSensorImpl.obj
 0001:0000ad07       ?put_FreezeEvents@COPOSMotionSensor@@UAGJF@Z 1000bd07 f   MotionSensorImpl.obj
 0001:0000ad53       ?put_PowerNotify@COPOSMotionSensor@@UAGJJ@Z 1000bd53 f   MotionSensorImpl.obj
 0001:0000ad69       ?put_Timeout@COPOSMotionSensor@@UAGJJ@Z 1000bd69 f   MotionSensorImpl.obj
 0001:0000ad82       ?s_EventWindowProc@COPOSMotionSensor@@KGJPAUHWND__@@IIJ@Z 1000bd82 f i MotionSensorImpl.obj
 0001:0000add4       ??_U@YAPAXI@Z              1000bdd4 f   LIBCMT:new_array.obj
 0001:0000addd       ??3@YAXPAXI@Z              1000bddd f   LIBCMT:delete_scalar_size.obj
 0001:0000adeb       ??_V@YAXPAX@Z              1000bdeb f   LIBCMT:delete_array.obj
 0001:0000adf0       ??_V@YAXPAXI@Z             1000bdf0 f   LIBCMT:delete_array_size.obj
 0001:0000ae42       ___scrt_acquire_startup_lock 1000be42 f   LIBCMT:utility.obj
 0001:0000ae74       ___scrt_dllmain_after_initialize_c 1000be74 f   LIBCMT:utility.obj
 0001:0000ae9f       ___scrt_dllmain_before_initialize_c 1000be9f f   LIBCMT:utility.obj
 0001:0000aead       ___scrt_dllmain_crt_thread_attach 1000bead f   LIBCMT:utility.obj
 0001:0000aecc       ___scrt_dllmain_crt_thread_detach 1000becc f   LIBCMT:utility.obj
 0001:0000aed9       ___scrt_dllmain_exception_filter 1000bed9 f   LIBCMT:utility.obj
 0001:0000af0d       ___scrt_dllmain_uninitialize_c 1000bf0d f   LIBCMT:utility.obj
 0001:0000af30       ___scrt_dllmain_uninitialize_critical 1000bf30 f   LIBCMT:utility.obj
 0001:0000af3d       ___scrt_initialize_crt     1000bf3d f   LIBCMT:utility.obj
 0001:0000af76       ___scrt_initialize_onexit_tables 1000bf76 f   LIBCMT:utility.obj
 0001:0000affd       ___scrt_is_nonwritable_in_current_image 1000bffd f   LIBCMT:utility.obj
 0001:0000b091       ___scrt_release_startup_lock 1000c091 f   LIBCMT:utility.obj
 0001:0000b0ae       ___scrt_uninitialize_crt   1000c0ae f   LIBCMT:utility.obj
 0001:0000b0d6       __onexit                   1000c0d6 f   LIBCMT:utility.obj
 0001:0000b103       _atexit                    1000c103 f   LIBCMT:utility.obj
 0001:0000b118       ??3@YAXPAX@Z               1000c118 f   LIBCMT:delete_scalar.obj
 0001:0000b1e2       __Init_thread_footer       1000c1e2 f   LIBCMT:thread_safe_statics.obj
 0001:0000b22c       __Init_thread_header       1000c22c f   LIBCMT:thread_safe_statics.obj
 0001:0000b27e       __Init_thread_notify       1000c27e f   LIBCMT:thread_safe_statics.obj
 0001:0000b2b4       __Init_thread_wait         1000c2b4 f   LIBCMT:thread_safe_statics.obj
 0001:0000b302       ___raise_securityfailure   1000c302 f   LIBCMT:gs_report.obj
 0001:0000b32a       ___report_gsfailure        1000c32a f   LIBCMT:gs_report.obj
 0001:0000b424       ___report_rangecheckfailure 1000c424 f   LIBCMT:gs_report.obj
 0001:0000b430       ___report_securityfailure  1000c430 f   LIBCMT:gs_report.obj
 0001:0000b4ff       ??2@YAPAXIABUnothrow_t@std@@@Z 1000c4ff f   LIBCMT:new_scalar_nothrow.obj
 0001:0000b554       ??_U@YAPAXIABUnothrow_t@std@@@Z 1000c554 f   LIBCMT:new_array_nothrow.obj
 0001:0000b55d       @__security_check_cookie@4 1000c55d f   LIBCMT:secchk.obj
 0001:0000b570       __SEH_prolog4_GS           1000c570 f   LIBCMT:sehprolg4gs.obj
 0001:0000b5c0       __alloca_probe_16          1000c5c0 f   LIBCMT:alloca16.obj
 0001:0000b5d6       __alloca_probe_8           1000c5d6     LIBCMT:alloca16.obj
 0001:0000b5f0       __alloca_probe             1000c5f0 f   LIBCMT:chkstk.obj
 0001:0000b5f0       __chkstk                   1000c5f0 f   LIBCMT:chkstk.obj
 0001:0000b95b       __DllMainCRTStartup@12     1000c95b f   LIBCMT:dll_dllmain.obj
 0001:0000b97e       ??2@YAPAXI@Z               1000c97e f   LIBCMT:new_scalar.obj
 0001:0000b9ae       ___isa_available_init      1000c9ae f   LIBCMT:cpu_disp.obj
 0001:0000bb82       ___scrt_is_ucrt_dll_in_use 1000cb82 f   LIBCMT:ucrt_detection.obj
 0001:0000bb8e       ___scrt_fastfail           1000cb8e f   LIBCMT:utility_desktop.obj
 0001:0000bca9       __crt_debugger_hook        1000cca9 f   LIBCMT:utility_desktop.obj
 0001:0000bcc0       __SEH_prolog4              1000ccc0 f   LIBCMT:sehprolg4.obj
[...]
 0002:00006370       hi_mask                    10026370     libucrt:log10_pentium4.obj
 0002:00006380       LOG10_2                    10026380     libucrt:log10_pentium4.obj
 0002:00006390       place_L                    10026390     libucrt:log10_pentium4.obj
 0002:000063b0       One                        100263b0     libucrt:log10_pentium4.obj
 0002:000063c0       Zero                       100263c0     libucrt:log10_pentium4.obj
 0002:000063d0       Two52                      100263d0     libucrt:log10_pentium4.obj
 0002:000063e0       Infs                       100263e0     libucrt:log10_pentium4.obj
 0002:000063f0       NaN                        100263f0     libucrt:log10_pentium4.obj
 0002:00006400       coeff                      10026400     libucrt:log10_pentium4.obj
 0002:0000645e       _log2max                   1002645e     libucrt:87tran.obj
 0002:00006468       _smallarg                  10026468     libucrt:87tran.obj
 0002:00006472       _half                      10026472     libucrt:87tran.obj
 0002:000064be       One                        100264be     libucrt:87disp.obj
 0002:000064c6       Three                      100264c6     libucrt:87disp.obj
 0002:000064ce       XAMtoTagTab                100264ce     libucrt:87disp.obj
 0002:000064e0       One                        100264e0     libucrt:common.obj
 0002:000064f4       DblMax                     100264f4     libucrt:common.obj
 0002:000064fc       DblMin                     100264fc     libucrt:common.obj
 0002:00006504       IeeeAdjO                   10026504     libucrt:common.obj
 0002:0000650c       IeeeAdjU                   1002650c     libucrt:common.obj
 0002:00006514       _infinity                  10026514     libucrt:common.obj
 0002:0000651c       _zero                      1002651c     libucrt:common.obj
 0002:00006568       _over                      10026568     libucrt:fpctrl.obj
 0002:00006574       _under                     10026574     libucrt:fpctrl.obj
 0002:00006da8       ?_names@?1??_get_fname@@9@4QBU<unnamed-type-_names>@?1??1@YAPADI@Z@B 10026da8     libucrt:fpexcept.obj
 0002:00006f50       two32                      10026f50     LIBCMT:ftol2.obj
 0002:00006f54       two63                      10026f54     LIBCMT:ftol2.obj
 0002:00006f58       _NaN                       10026f58     LIBCMT:ftol2.obj
 0002:00007698       __sehtable$?_AtlVerifyStackAvailable@_ATL_SAFE_ALLOCA_IMPL@ATL@@YA_NK@Z 10027698     MotionSensor.obj
 0002:000076b8       __sehtable$___scrt_is_nonwritable_in_current_image 100276b8     LIBCMT:utility.obj
 0002:000076d4       __catchsym$??2@YAPAXIABUnothrow_t@std@@@Z$2 100276d4     LIBCMT:new_scalar_nothrow.obj
 0002:000076e4       __unwindtable$??2@YAPAXIABUnothrow_t@std@@@Z 100276e4     LIBCMT:new_scalar_nothrow.obj
 0002:000076f4       __tryblocktable$??2@YAPAXIABUnothrow_t@std@@@Z 100276f4     LIBCMT:new_scalar_nothrow.obj
 0002:00007708       __ehfuncinfo$??2@YAPAXIABUnothrow_t@std@@@Z 10027708     LIBCMT:new_scalar_nothrow.obj
 0002:00007730       __sehtable$?dllmain_crt_process_attach@@YAHQAUHINSTANCE__@@QAX@Z 10027730     LIBCMT:dll_dllmain.obj
 0002:00007750       __sehtable$?dllmain_crt_process_detach@@YAH_N@Z 10027750     LIBCMT:dll_dllmain.obj
 0002:00007778       __sehtable$?dllmain_dispatch@@YAHQAUHINSTANCE__@@KQAX@Z 10027778     LIBCMT:dll_dllmain.obj
 0002:00007828       __sehtable$___DestructExceptionObject 10027828     libvcruntime:ehhelpers.obj
 0002:00007848       __sehtable$?FrameUnwindToState@__FrameHandler3@@SAXPAUEHRegistrationNode@@PAXPBU_s_FuncInfo@@H@Z 10027848     libvcruntime:frame.obj
 0002:00007870       __sehtable$?CallCatchBlock@@YAPAXPAUEHExceptionRecord@@PAUEHRegistrationNode@@PAU_CONTEXT@@PBU_s_FuncInfo@@PAXHK@Z 10027870     libvcruntime:frame.obj
 0002:00007898       __catchsym$?CallUnexpected@@YAXPBU_s_ESTypeList@@@Z$2 10027898     libvcruntime:frame.obj
 0002:000078a8       __unwindtable$?CallUnexpected@@YAXPBU_s_ESTypeList@@@Z 100278a8     libvcruntime:frame.obj
 0002:000078b8       __tryblocktable$?CallUnexpected@@YAXPBU_s_ESTypeList@@@Z 100278b8     libvcruntime:frame.obj
 0002:000078cc       __ehfuncinfo$?CallUnexpected@@YAXPBU_s_ESTypeList@@@Z 100278cc     libvcruntime:frame.obj
 0002:000078f0       __sehtable$??$BuildCatchObjectHelperInternal@V__FrameHandler3@@@@YAHPAUEHExceptionRecord@@PAXPBU_s_HandlerType@@PBU_s_CatchableType@@@Z 100278f0     libvcruntime:frame.obj
 0002:00007910       __sehtable$??$BuildCatchObjectInternal@V__FrameHandler3@@@@YAXPAUEHExceptionRecord@@PAXPBU_s_HandlerType@@PBU_s_CatchableType@@@Z 10027910     libvcruntime:frame.obj
 0002:00007964       __ehfuncinfo$?write_double_translated_ansi_nolock@@YA?AUwrite_result@?A0x17268360@@HQBDIAAV__crt_cached_ptd_host@@@Z 10027964     libucrt:write.obj
 0002:00007964       __ehfuncinfo$?try_cor_exit_process@@YAXI@Z 10027964     libucrt:exit.obj
 0002:00007988       __unwindtable$?common_exit@@YAXHW4_crt_exit_cleanup_mode@@W4_crt_exit_return_mode@@@Z 10027988     libucrt:exit.obj
 0002:00007990       __ehfuncinfo$?common_exit@@YAXHW4_crt_exit_cleanup_mode@@W4_crt_exit_return_mode@@@Z 10027990     libucrt:exit.obj
 0002:000079b8       __sehtable$??R<lambda_6e4b09c48022b2350581041d5f6b0c4c>@@QBE@XZ 100279b8     libucrt:exit.obj
 0002:000079d8       __sehtable$??$?RV<lambda_03b1d95aef87969028cfba75ccab2455>@@AAV<lambda_6e4b09c48022b2350581041d5f6b0c4c>@@V<lambda_22bdf7517842c4b3e53723af5aa32b9e>@@@?$__crt_seh_guarded_call@X@@QAEX$$QAV<lambda_03b1d95aef87969028cfba75ccab2455>@@AAV<lambda_6e4b09c48022b2350581041d5f6b0c4c>@@$$QAV<lambda_22bdf7517842c4b3e53723af5aa32b9e>@@@Z 100279d8     libucrt:exit.obj
 0002:000079f4       __unwindtable$___dcrt_uninitialize_environments_nolock 100279f4     libucrt:environment_initialization.obj
 0002:00007a04       __ehfuncinfo$___dcrt_uninitialize_environments_nolock 10027a04     libucrt:environment_initialization.obj
 0002:00007a28       __unwindtable$__execute_onexit_table 10027a28     libucrt:onexit.obj
 0002:00007a30       __ehfuncinfo$__execute_onexit_table 10027a30     libucrt:onexit.obj
 0002:00007a58       __sehtable$??$?RV<lambda_8e746cf0007f6ed984d6f78af1fec997>@@AAV<lambda_22ebabd17bc4fa466a2aca6d8deb888d>@@V<lambda_18ed0c0b38a6dc0daf1e7ac6d6adf05e>@@@?$__crt_seh_guarded_call@H@@QAEH$$QAV<lambda_8e746cf0007f6ed984d6f78af1fec997>@@AAV<lambda_22ebabd17bc4fa466a2aca6d8deb888d>@@$$QAV<lambda_18ed0c0b38a6dc0daf1e7ac6d6adf05e>@@@Z 10027a58     libucrt:onexit.obj
 0002:00007a78       __sehtable$??$?RV<lambda_69a2805e680e0e292e8ba93315fe43a8>@@AAV<lambda_f03950bc5685219e0bcd2087efbe011e>@@V<lambda_03fcd07e894ec930e3f35da366ca99d6>@@@?$__crt_seh_guarded_call@H@@QAEH$$QAV<lambda_69a2805e680e0e292e8ba93315fe43a8>@@AAV<lambda_f03950bc5685219e0bcd2087efbe011e>@@$$QAV<lambda_03fcd07e894ec930e3f35da366ca99d6>@@@Z 10027a78     libucrt:onexit.obj
 0002:00007a98       __sehtable$__query_new_handler 10027a98     libucrt:new_handler.obj
 0002:00007ab8       __sehtable$_terminate      10027ab8     libucrt:terminate.obj
 0002:00007ad8       __sehtable$??$?RV<lambda_15ade71b0218206bbe3333a0c9b79046>@@AAV<lambda_da44e0f8b0f19ba52fefafb335991732>@@V<lambda_207f2d024fc103971653565357d6cd41>@@@?$__crt_seh_guarded_call@X@@QAEX$$QAV<lambda_15ade71b0218206bbe3333a0c9b79046>@@AAV<lambda_da44e0f8b0f19ba52fefafb335991732>@@$$QAV<lambda_207f2d024fc103971653565357d6cd41>@@@Z 10027ad8     libucrt:per_thread_data.obj
 0002:00007af8       __sehtable$??$?RV<lambda_a7e850c220f1c8d1e6efeecdedd162c6>@@AAV<lambda_46720907175c18b6c9d2717bc0d2d362>@@V<lambda_9048902d66e8d99359bc9897bbb930a8>@@@?$__crt_seh_guarded_call@X@@QAEX$$QAV<lambda_a7e850c220f1c8d1e6efeecdedd162c6>@@AAV<lambda_46720907175c18b6c9d2717bc0d2d362>@@$$QAV<lambda_9048902d66e8d99359bc9897bbb930a8>@@@Z 10027af8     libucrt:per_thread_data.obj
 0002:00007b18       __sehtable$??$?RV<lambda_38edbb1296d33220d7e4dd0ed76b244a>@@AAV<lambda_5ce1d447e08cb34b2473517608e21441>@@V<lambda_fb385d3da700c9147fc39e65dd577a8c>@@@?$__crt_seh_guarded_call@X@@QAEX$$QAV<lambda_38edbb1296d33220d7e4dd0ed76b244a>@@AAV<lambda_5ce1d447e08cb34b2473517608e21441>@@$$QAV<lambda_fb385d3da700c9147fc39e65dd577a8c>@@@Z 10027b18     libucrt:per_thread_data.obj
 0002:00007b38       __sehtable$??$?RV<lambda_6affb1475c98b40b75cdec977db92e3c>@@AAV<lambda_b8d4b9c228a6ecc3f80208dbb4b4a104>@@V<lambda_608742c3c92a14382c1684fc64f96c88>@@@?$__crt_seh_guarded_call@X@@QAEX$$QAV<lambda_6affb1475c98b40b75cdec977db92e3c>@@AAV<lambda_b8d4b9c228a6ecc3f80208dbb4b4a104>@@$$QAV<lambda_608742c3c92a14382c1684fc64f96c88>@@@Z 10027b38     libucrt:per_thread_data.obj
 0002:00007b58       __sehtable$??$?RV<lambda_e5124f882df8998aaf41531e079ba474>@@AAV<lambda_3e16ef9562a7dcce91392c22ab16ea36>@@V<lambda_e25ca0880e6ef98be67edffd8c599615>@@@?$__crt_seh_guarded_call@X@@QAEX$$QAV<lambda_e5124f882df8998aaf41531e079ba474>@@AAV<lambda_3e16ef9562a7dcce91392c22ab16ea36>@@$$QAV<lambda_e25ca0880e6ef98be67edffd8c599615>@@@Z 10027b58     libucrt:wsetlocale.obj
 0002:00007b78       __sehtable$___acrt_initialize_lowio 10027b78     libucrt:ioinit.obj
 0002:00007b98       __sehtable$?update_thread_multibyte_data_internal@@YAPAU__crt_multibyte_data@@QAU__acrt_ptd@@QAPAU1@@Z 10027b98     libucrt:mbctype.obj
 0002:00007bb8       __sehtable$??$?RV<lambda_ceb1ee4838e85a9d631eb091e2fbe199>@@AAV<lambda_ae742caa10f662c28703da3d2ea5e57e>@@V<lambda_cd08b5d6af4937fe54fc07d0c9bf6b37>@@@?$__crt_seh_guarded_call@X@@QAEX$$QAV<lambda_ceb1ee4838e85a9d631eb091e2fbe199>@@AAV<lambda_ae742caa10f662c28703da3d2ea5e57e>@@$$QAV<lambda_cd08b5d6af4937fe54fc07d0c9bf6b37>@@@Z 10027bb8     libucrt:mbctype.obj
 0002:00007bd8       __sehtable$_raise          10027bd8     libucrt:signal.obj
 0002:00007bf8       __sehtable$??$?RV<lambda_cbab9ec6f41b0180b23cc171c22676b0>@@AAV<lambda_44731a7d0e6d81c3e6aa82d741081786>@@V<lambda_4b292cb8dd18144e164572427af410ab>@@@?$__crt_seh_guarded_call@P6AXH@Z@@QAEP6AXH@Z$$QAV<lambda_cbab9ec6f41b0180b23cc171c22676b0>@@AAV<lambda_44731a7d0e6d81c3e6aa82d741081786>@@$$QAV<lambda_4b292cb8dd18144e164572427af410ab>@@@Z 10027bf8     libucrt:signal.obj
 0002:00007c18       __sehtable$??$?RV<lambda_2866be3712abc81a800a822484c830d8>@@AAV<lambda_39ca0ed439415581b5b15c265174cece>@@V<lambda_2b24c74d71094a6cd0cb82e44167d71b>@@@?$__crt_seh_guarded_call@X@@QAEX$$QAV<lambda_2866be3712abc81a800a822484c830d8>@@AAV<lambda_39ca0ed439415581b5b15c265174cece>@@$$QAV<lambda_2b24c74d71094a6cd0cb82e44167d71b>@@@Z 10027c18     libucrt:fflush.obj
 0002:00007c38       __sehtable$??$?RV<lambda_2cc53f568c5a2bb6f192f930a45d44ea>@@AAV<lambda_ab61a845afdef5b7c387490eaf3616ee>@@V<lambda_c2ffc0b7726aa6be21d5f0026187e748>@@@?$__crt_seh_guarded_call@X@@QAEX$$QAV<lambda_2cc53f568c5a2bb6f192f930a45d44ea>@@AAV<lambda_ab61a845afdef5b7c387490eaf3616ee>@@$$QAV<lambda_c2ffc0b7726aa6be21d5f0026187e748>@@@Z 10027c38     libucrt:fflush.obj
 0002:00007c58       __sehtable$___acrt_update_thread_locale_data 10027c58     libucrt:locale_refcounting.obj
 0002:00007c78       __sehtable$__fcloseall     10027c78     libucrt:closeall.obj
 0002:00007c98       __sehtable$___acrt_lowio_ensure_fh_exists 10027c98     libucrt:osfinfo.obj
 0002:00007cb8       __sehtable$??$?RV<lambda_9e9de3de5fa147e2223d7db92bc10aa6>@@AAV<lambda_38ce7e780aa69e748d6df282ebc68efe>@@V<lambda_8ca6da459f0f6780f1cff60fdc3d00e5>@@@?$__crt_seh_guarded_call@H@@QAEH$$QAV<lambda_9e9de3de5fa147e2223d7db92bc10aa6>@@AAV<lambda_38ce7e780aa69e748d6df282ebc68efe>@@$$QAV<lambda_8ca6da459f0f6780f1cff60fdc3d00e5>@@@Z 10027cb8     libucrt:commit.obj
 0002:00007cd8       __sehtable$__write_internal 10027cd8     libucrt:write.obj
 0002:00007cf8       __sehtable$?_fclose_internal@@YAHQAU_iobuf@@AAV__crt_cached_ptd_host@@@Z 10027cf8     libucrt:fclose.obj
 0002:00007d18       __sehtable$??$?RV<lambda_d422a76eb4c3bf3ad751449ab71a6ea4>@@AAV<lambda_c9ba49e555ba839a7b07aa3fbecb7617>@@V<lambda_9476263c8ee91a25d21c55370bdb50de>@@@?$__crt_seh_guarded_call@H@@QAEH$$QAV<lambda_d422a76eb4c3bf3ad751449ab71a6ea4>@@AAV<lambda_c9ba49e555ba839a7b07aa3fbecb7617>@@$$QAV<lambda_9476263c8ee91a25d21c55370bdb50de>@@@Z 10027d18     libucrt:close.obj
 0002:00007d38       __sehtable$___set_fpsr_sse2 10027d38     libucrt:fpctrl.obj
 0002:00007d58       __sehtable$__IsNonwritableInCurrentImage 10027d58     LIBCMT:pesect.obj
 0002:00007d80       .edata                     10027d80     OPOSMotionSensor.exp
 0002:00007da8       rgpv                       10027da8     OPOSMotionSensor.exp
 0002:00007db8       rgszName                   10027db8     OPOSMotionSensor.exp
 0002:00007dc8       rgwOrd                     10027dc8     OPOSMotionSensor.exp
 0002:00007dd0       szName                     10027dd0     OPOSMotionSensor.exp
 0002:00007de5       $N00001                    10027de5     OPOSMotionSensor.exp
 0002:00007df5       $N00002                    10027df5     OPOSMotionSensor.exp
 0002:00007e07       $N00003                    10027e07     OPOSMotionSensor.exp
 0002:00007e19       $N00004                    10027e19     OPOSMotionSensor.exp
 0002:0000842a       .idata$6                   1002842a     kernel32:KERNEL32.dll
 0002:0000863e       .idata$6                   1002863e     user32:USER32.dll
 0002:00008772       .idata$6                   10028772     gdi32:GDI32.dll
 0002:00008818       .idata$6                   10028818     advapi32:ADVAPI32.dll
 0002:00008934       .idata$6                   10028934     ole32:ole32.dll
 0002:0000893e       .idata$6                   1002893e     oleaut32:OLEAUT32.dll
 0003:00000110       ?ObjectMap@@3PAU_ATL_OBJMAP_ENTRY30@ATL@@A 10029110     MotionSensor.obj
 0003:000001d0       ?s_SOMethodNames@@3PAPADA  100291d0     MotionSensorImpl.obj
 0003:00000218       ?s_RequiredMethodsPerRelease@@3PAHA 10029218     MotionSensorImpl.obj
 0003:00000240       ?__vcrt_flsindex@@3KA      10029240     libvcruntime:per_thread_data.obj
 0003:00000260       ?errno_no_memory@@3HA      10029260     libucrt:errno.obj
 0003:00000264       ?doserrno_no_memory@@3KA   10029264     libucrt:errno.obj
 0003:00000270       ?__acrt_flsindex@@3KA      10029270     libucrt:per_thread_data.obj
 0003:00000608       __mbctypes                 10029608     libucrt:mbctype.obj
 0003:00000710       __mbcasemaps               10029710     libucrt:mbctype.obj
 0003:00000810       ?__rgctypeflag@@3PADA      10029810     libucrt:mbctype.obj
 0003:00000818       ?__rgcode_page_info@@3PAUcode_page_info@@A 10029818     libucrt:mbctype.obj
 0003:00000a70       ?__dcrt_lowio_console_output_handle@@3PAXA 10029a70     libucrt:initcon.obj
 0003:00000a74       ?__DAZ_ENABLED@?1??__set_fpsr_sse2@@9@9 10029a74     libucrt:fpctrl.obj
 0003:00000c08       ?is_initialized_as_dll@@3_NA 10029c08     LIBCMT:utility.obj
 0003:00000c09       ?module_local_atexit_table_initialized@@3_NA 10029c09     LIBCMT:utility.obj
 0003:00000c0c       ?module_local_atexit_table@@3U_onexit_table_t@@A 10029c0c     LIBCMT:utility.obj
 0003:00000c18       ?module_local_at_quick_exit_table@@3U_onexit_table_t@@A 10029c18     LIBCMT:utility.obj
 0003:00000c24       ?g_tss_cv@@3U_RTL_CONDITION_VARIABLE@@A 10029c24     LIBCMT:thread_safe_statics.obj
 0003:00000c28       ?g_tss_event@@3PAXA        10029c28     LIBCMT:thread_safe_statics.obj
 0003:00000c2c       ?g_tss_mutex@@3U_RTL_CRITICAL_SECTION@@A 10029c2c     LIBCMT:thread_safe_statics.obj
 0003:00000c44       ?g_sleep_condition_variable_cs@@3P6GHPAU_RTL_CONDITION_VARIABLE@@PAU_RTL_CRITICAL_SECTION@@K@ZA 10029c44     LIBCMT:thread_safe_statics.obj
 0003:00000c48       ?g_wake_all_condition_variable@@3P6GXPAU_RTL_CONDITION_VARIABLE@@@ZA 10029c48     LIBCMT:thread_safe_statics.obj
 0003:00000c50       _GS_ExceptionRecord        10029c50     LIBCMT:gs_report.obj
 0003:00000ca0       _GS_ContextRecord          10029ca0     LIBCMT:gs_report.obj
 0003:00000f70       ?__proc_attached@@3HA      10029f70     LIBCMT:dll_dllmain.obj
 0003:00000fcc       ?AllocateData@@3P6GPAUAtlThunkData_t@@XZA 10029fcc     atls:atlthunk.obj
 0003:00000fd0       ?InitData@@3P6GXPAUAtlThunkData_t@@PAXI@ZA 10029fd0     atls:atlthunk.obj
 0003:00000fd4       ?DataToCode@@3P6GP6GJPAUHWND__@@IIJ@ZPAUAtlThunkData_t@@@ZA 10029fd4     atls:atlthunk.obj
 0003:00000fd8       ?FreeData@@3P6GXPAUAtlThunkData_t@@@ZA 10029fd8     atls:atlthunk.obj
 0003:00000fdc       ?Initialized@@3_NA         10029fdc     atls:atlthunk.obj
 0003:00000fec       ?__vcrt_startup_thread_ptd@@3U__vcrt_ptd@@A 10029fec     libvcruntime:per_thread_data.obj
 0003:00001014       ___vcrt_lock_table         1002a014     libvcruntime:locks.obj
 0003:0000102c       ___vcrt_locks_initialized  1002a02c     libvcruntime:locks.obj
 0003:00001058       ?heap@@3V_HeapManager@@A   1002a058     libvcruntime:undname.obj
 0003:0000106c       ?module_handles@@3PAPAUHINSTANCE__@@A 1002a06c     libvcruntime:winapi_downlevel.obj
 0003:00001078       ?function_pointers@@3PAPAXA 1002a078     libvcruntime:winapi_downlevel.obj
 0003:0000108c       ?__acrt_invalid_parameter_handler@@3V?$dual_state_global@P6AXPB_W00II@Z@__crt_state_management@@A 1002a08c     libucrt:invalid_parameter.obj
 0003:00001090       ?c_termination_complete@@3JA 1002a090     libucrt:exit.obj
 0003:00001094       ?thread_local_exit_callback_func@@3P6GXPAXK0@ZA 1002a094     libucrt:exit.obj
 0003:000010a0       ?program_name@?1???$common_configure_argv@D@@YAHW4_crt_argv_mode@@@Z@4PADA 1002a0a0     libucrt:argv_parsing.obj
 0003:000011d0       ?__acrt_new_handler@@3V?$dual_state_global@P6AHI@Z@__crt_state_management@@A 1002a1d0     libucrt:new_handler.obj
 0003:000011e0       ?module_handles@@3PAPAUHINSTANCE__@@A 1002a1e0     libucrt:winapi_thunks.obj
 0003:00001230       ?encoded_function_pointers@@3PAPAXA 1002a230     libucrt:winapi_thunks.obj
 0003:000012b8       ?internal_state@?1??_mbtowc_internal@@9@4U_Mbstatet@@A 1002a2b8     libucrt:mbtowc.obj
 0003:000012c8       ?enable_percent_n@@3IA     1002a2c8     libucrt:printf_count_output.obj
 0003:000014e0       ?__acrt_lock_table@@3PAU_RTL_CRITICAL_SECTION@@A 1002a4e0     libucrt:locks.obj
 0003:00001630       ?__acrt_locks_initialized@@3IA 1002a630     libucrt:locks.obj
 0003:00001640       ?fSystemSet@@3HA           1002a640     libucrt:mbctype.obj
 0003:00001644       ?initialized@?1??__acrt_initialize_multibyte@@9@4_NA 1002a644     libucrt:mbctype.obj
 0003:00001664       ?ctrlc_action@@3V?$dual_state_global@P6AXH@Z@__crt_state_management@@A 1002a664     libucrt:signal.obj
 0003:00001668       ?ctrlbreak_action@@3V?$dual_state_global@P6AXH@Z@__crt_state_management@@A 1002a668     libucrt:signal.obj
 0003:0000166c       ?abort_action@@3V?$dual_state_global@P6AXH@Z@__crt_state_management@@A 1002a66c     libucrt:signal.obj
 0003:00001670       ?term_action@@3V?$dual_state_global@P6AXH@Z@__crt_state_management@@A 1002a670     libucrt:signal.obj
 0003:00001674       ?user_matherr@@3V?$dual_state_global@P6AHPAU_exception@@@Z@__crt_state_management@@A 1002a674     libucrt:matherr.obj
 0003:00001680       ?__acrt_global_new_mode@@3V?$dual_state_global@J@__crt_state_management@@A 1002a680     libucrt:new_mode.obj
 0003:00001684       ?internal_pst@?1??__mbrtoc32_utf8@__crt_mbstring@@YAIPA_UPBDIPAU_Mbstatet@@AAV__crt_cached_ptd_host@@@Z@4U3@A 1002a684     libucrt:mbrtoc32.obj
 0003:0000168c       ?__acrt_app_type@@3W4_crt_app_type@@A 1002a68c     libucrt:report_runtime_error.obj
 0003:00001694       __pmatherr_set             1002a694     libucrt:libm_error.obj
 0004:00000220       $R000000                   1002b220     MotionSensor.res
 0004:00000bc8       $R0009A8                   1002bbc8     MotionSensor.res
 0004:00000cb0       $R000A90                   1002bcb0     MotionSensor.res
 0004:00000f18       $R000CF8                   1002bf18     MotionSensor.res
 0004:00001430       $R001210                   1002c430     MotionSensor.res
 0004:00003780       $R003560                   1002e780     MotionSensor.res
 0004:000037b8       $R003598                   1002e7b8     MotionSensor.res
