 OPOSPINPad

 Timestamp is 5c43fee4 (Sun Jan 20 13:53:56 2019)

 Preferred load address is 10000000

 Start         Length     Name                   Class
 0001:00000000 00000080H .text$di                CODE
 0001:00000080 0001d2abH .text$mn                CODE
 0001:0001d32b 00000051H .text$x                 CODE
 0001:0001d37c 00000042H .text$yd                CODE
 0002:00000000 00000300H .idata$5                DATA
 0002:00000300 00000004H .00cfg                  DATA
 0002:00000304 00000004H .CRT$XCA                DATA
 0002:00000308 00000004H .CRT$XCL                DATA
 0002:0000030c 00000010H .CRT$XCU                DATA
 0002:0000031c 00000004H .CRT$XCZ                DATA
 0002:00000320 00000004H .CRT$XIA                DATA
 0002:00000324 00000010H .CRT$XIC                DATA
 0002:00000334 00000004H .CRT$XIZ                DATA
 0002:00000338 00000004H .CRT$XLA                DATA
 0002:0000033c 00000004H .CRT$XLZ                DATA
 0002:00000340 00000004H .CRT$XPA                DATA
 0002:00000344 00000008H .CRT$XPX                DATA
 0002:0000034c 00000004H .CRT$XPXA               DATA
 0002:00000350 00000004H .CRT$XPZ                DATA
 0002:00000354 00000004H .CRT$XTA                DATA
 0002:00000358 00000008H .CRT$XTZ                DATA
 0002:0000035c 00000000H .gfids$x                DATA
 0002:0000035c 00000000H .gfids$y                DATA
 0002:00000360 00006f18H .rdata                  DATA
 0002:00007278 00000018H .rdata$T                DATA
 0002:00007290 00000180H .rdata$r                DATA
 0002:00007410 00000020H .rdata$sxdata           DATA
 0002:00007430 000003dcH .rdata$zzzdbg           DATA
 0002:0000780c 00000004H .rtc$IAA                DATA
 0002:00007810 00000004H .rtc$IZZ                DATA
 0002:00007814 00000004H .rtc$TAA                DATA
 0002:00007818 00000004H .rtc$TZZ                DATA
 0002:0000781c 00000004H .tls                    DATA
 0002:00007820 00000004H .tls$                   DATA
 0002:00007824 00000004H .tls$ZZZ                DATA
 0002:00007828 000005f4H .xdata$x                DATA
 0002:00007e1c 00000004H ATL$__a                 DATA
 0002:00007e20 00000010H ATL$__z                 DATA
 0002:00007e30 000000a8H .edata                  DATA
 0002:00007ed8 00000078H .idata$2                DATA
 0002:00007f50 00000014H .idata$3                DATA
 0002:00007f64 00000300H .idata$4                DATA
 0002:00008264 00000bdeH .idata$6                DATA
 0003:00000000 000009b0H .data                   DATA
 0003:000009b0 00000098H .data$r                 DATA
 0003:00000a48 00000b5cH .bss                    DATA
 0004:00000000 00000220H .rsrc$01                DATA
 0004:00000220 00004b30H .rsrc$02                DATA

  Address         Publics by Value              Rva+Base       Lib:Object

 0000:00000000       ___dynamic_value_reloc_table 00000000     <absolute>
 0000:00000000       ___guard_fids_count        00000000     <absolute>
 0000:00000000       ___guard_longjmp_table     00000000     <absolute>
 0000:00000000       ___hybrid_code_map_count   00000000     <absolute>
 0000:00000000       __except_list              00000000     <absolute>
 0000:00000000       ___hybrid_auxiliary_iat    00000000     <absolute>
 0000:00000000       ___guard_fids_table        00000000     <absolute>
 0000:00000000       ___guard_longjmp_count     00000000     <absolute>
 0000:00000000       ___guard_iat_table         00000000     <absolute>
 0000:00000000       ___guard_iat_count         00000000     <absolute>
 0000:00000000       ___volatile_metadata       00000000     <absolute>
 0000:00000000       ___enclave_config          00000000     <absolute>
 0000:00000000       ___hybrid_code_map         00000000     <absolute>
 0000:00000008       ___safe_se_handler_count   00000008     <absolute>
 0000:0000002c       __tls_array                0000002c     <absolute>
 0000:00000100       ___guard_flags             00000100     <absolute>
 0000:00000000       ___ImageBase               10000000     <linker-defined>
 0001:00000080       ?DupWide@_CW@@AAEXXZ       10001080 f   CWString.obj
 0001:0000009c       ?cw_dup@@YGXPBDAAHAAPA_W1@Z 1000109c f   CWString.obj
 0001:0000010b       ?cw_memcpy@@YGHPA_WPBDH@Z  1000110b f   CWString.obj
 0001:00000137       ?cw_strcpy@@YAHPA_WPBD@Z   10001137 f   CWString.obj
 0001:0000014a       ?cw_strlen@@YAHPBD@Z       1000114a f   CWString.obj
 0001:00000163       ??0CAtlComModule@ATL@@QAE@XZ 10001163 f i OposVariant.obj
 0001:000001a8       ??0CAtlWinModule@ATL@@QAE@XZ 100011a8 f i OposVariant.obj
 0001:000001df       ??0OposDispParms@@QAE@PAVOposVariant@@H@Z 100011df f   OposVariant.obj
 0001:00000250       ??1OposDispParms@@QAE@XZ   10001250 f   OposVariant.obj
 0001:0000025e       ??A?$CSimpleArray@GV?$CSimpleArrayEqualHelper@G@ATL@@@ATL@@QAEAAGH@Z 1000125e f i OposVariant.obj
 0001:00000283       ??_Estringdispid@CComTypeInfoHolder@ATL@@QAEPAXI@Z 10001283 f i OposVariant.obj
 0001:000002ef       ?AtlWinModuleInit@ATL@@YGJPAU_ATL_WIN_MODULE70@1@@Z 100012ef f i OposVariant.obj
 0001:00000315       ?AtlWinModuleTerm@ATL@@YGJPAU_ATL_WIN_MODULE70@1@PAUHINSTANCE__@@@Z 10001315 f i OposVariant.obj
 0001:00000378       ?ChangeBSTR@OposVariant@@QAEXPAPA_WAAJ@Z 10001378 f   OposVariant.obj
 0001:000003b9       ?ChangeCURRENCY@OposVariant@@QAEXPATtagCY@@AAJ@Z 100013b9 f   OposVariant.obj
 0001:00000408       ?ChangeLONG@OposVariant@@QAEXPAJAAJ@Z 10001408 f   OposVariant.obj
 0001:00000449       ?GetLONG@OposVariant@@QAEJXZ 10001449 f   OposVariant.obj
 0001:00000464       ?Init@CComCriticalSection@ATL@@QAEJXZ 10001464 f i OposVariant.obj
 0001:0000048c       ?RemoveAll@?$CSimpleArray@GV?$CSimpleArrayEqualHelper@G@ATL@@@ATL@@QAEXXZ 1000148c f i OposVariant.obj
 0001:0000048c       ?RemoveAll@?$CSimpleArray@PAUHINSTANCE__@@V?$CSimpleArrayEqualHelper@PAUHINSTANCE__@@@ATL@@@ATL@@QAEXXZ 1000148c f i atls:atlbase.obj
 0001:000004a9       ?SetBSTR@OposVariant@@QAEXPA_WAAJ@Z 100014a9 f   OposVariant.obj
 0001:000004dd       ?SetBSTR_Copy@OposVariant@@QAEXPA_WAAJ@Z 100014dd f   OposVariant.obj
 0001:0000052d       ?SetBSTR_InOutPtr@OposVariant@@QAE_NPAPA_WAAJ@Z 1000152d f   OposVariant.obj
 0001:00000564       ?SetBSTR_OutPtr@OposVariant@@QAE_NPAPA_WAAJ@Z 10001564 f   OposVariant.obj
 0001:00000580       ?SetCURRENCY@OposVariant@@QAEXTtagCY@@@Z 10001580 f   OposVariant.obj
 0001:000005a8       ?SetDispatch_Ptr@OposVariant@@QAEXPAUIDispatch@@AAJ@Z 100015a8 f   OposVariant.obj
 0001:000005e3       ?SetLONG@OposVariant@@QAEXJ@Z 100015e3 f   OposVariant.obj
 0001:00000605       ?SetLONG_Ptr@OposVariant@@QAEXPAJAAJ@Z 10001605 f   OposVariant.obj
 0001:00000638       ?SetString@OposVariant@@QAEXPB_WAAJ@Z 10001638 f   OposVariant.obj
 0001:0000067e       ?SetVARIANT_BOOL@OposVariant@@QAEXF@Z 1000167e f   OposVariant.obj
 0001:000006a8       ?Term@CAtlComModule@ATL@@QAEXXZ 100016a8 f i OposVariant.obj
 0001:000006f2       ?_AtlRaiseException@ATL@@YAXKK@Z 100016f2 f i OposVariant.obj
 0001:00000707       ?AddRef@?$CComObjectCached@VCComClassFactory@ATL@@@ATL@@UAGKXZ 10001707 f i PINPad.obj
 0001:0000072e       ?Release@?$CComObjectCached@VCComClassFactory@ATL@@@ATL@@UAGKXZ 1000172e f i PINPad.obj
 0001:00000764       ?QueryInterface@?$CComObjectCached@VCComClassFactory@ATL@@@ATL@@UAGJABU_GUID@@PAPAX@Z 10001764 f i PINPad.obj
 0001:0000077e       ??_G?$CComObjectCached@VCComClassFactory@ATL@@@ATL@@UAEPAXI@Z 1000177e f i PINPad.obj
 0001:0000077e       ??_E?$CComObjectCached@VCComClassFactory@ATL@@@ATL@@UAEPAXI@Z 1000177e f i PINPad.obj
 0001:000007a0       ?AddRef@?$CComAggObject@VCOPOSPINPad@@@ATL@@UAGKXZ 100017a0 f i PINPad.obj
 0001:000007b1       ?Release@?$CComAggObject@VCOPOSPINPad@@@ATL@@UAGKXZ 100017b1 f i PINPad.obj
 0001:000007ed       ?QueryInterface@?$CComAggObject@VCOPOSPINPad@@@ATL@@UAGJABU_GUID@@PAPAX@Z 100017ed f i PINPad.obj
 0001:0000083c       ?AddRef@?$CComContainedObject@VCOPOSPINPad@@@ATL@@UAGKXZ 1000183c f i PINPad.obj
 0001:00000852       ?Release@?$CComContainedObject@VCOPOSPINPad@@@ATL@@UAGKXZ 10001852 f i PINPad.obj
 0001:00000868       ?QueryInterface@?$CComContainedObject@VCOPOSPINPad@@@ATL@@UAGJABU_GUID@@PAPAX@Z 10001868 f i PINPad.obj
 0001:00000883       ??_E?$CComAggObject@VCOPOSPINPad@@@ATL@@UAEPAXI@Z 10001883 f i PINPad.obj
 0001:00000883       ??_G?$CComAggObject@VCOPOSPINPad@@@ATL@@UAEPAXI@Z 10001883 f i PINPad.obj
 0001:000008a8       ?AddRef@?$CComObject@VCOPOSPINPad@@@ATL@@UAGKXZ 100018a8 f i PINPad.obj
 0001:000008bf       ?Release@?$CComObject@VCOPOSPINPad@@@ATL@@UAGKXZ 100018bf f i PINPad.obj
 0001:00000901       ?QueryInterface@?$CComObject@VCOPOSPINPad@@@ATL@@UAGJABU_GUID@@PAPAX@Z 10001901 f i PINPad.obj
 0001:0000091b       ?OnFinalMessage@?$CWindowImplBaseT@VCWindow@ATL@@V?$CWinTraits@$0FGAAAAAA@$0A@@2@@ATL@@UAEXPAUHWND__@@@Z 1000191b f i PINPad.obj
 0001:0000091b       ?ObjectMain@CComObjectRootBase@ATL@@SGX_N@Z 1000191b f i PINPad.obj
 0001:0000091e       ?GetCategoryMap@CComObjectRootBase@ATL@@SAPBU_ATL_CATMAP_ENTRY@2@XZ 1000191e f i PINPad.obj
 0001:0000091e       ?GetObjectDescription@?$CComCoClass@VCOPOSPINPad@@$1?CLSID_OPOSPINPad@@3U_GUID@@B@ATL@@SGPB_WXZ 1000191e f i PINPad.obj
 0001:00000921       ?CreateInstance@CComClassFactory@ATL@@UAGJPAUIUnknown@@ABU_GUID@@PAPAX@Z 10001921 f i PINPad.obj
 0001:0000095f       ?LockServer@CComClassFactory@ATL@@UAGJH@Z 1000195f f i PINPad.obj
 0001:0000097e       ??_GCComClassFactory@ATL@@UAEPAXI@Z 1000197e f i PINPad.obj
 0001:0000097e       ??_ECComClassFactory@ATL@@UAEPAXI@Z 1000197e f i PINPad.obj
 0001:000009a9       ?OnDrawAdvanced@CComControlBase@ATL@@UAEJAAUATL_DRAWINFO@@@Z 100019a9 f i PINPad.obj
 0001:00000a98       ?Next@?$CComEnumImpl@UIEnumConnections@@$1?_GUID_b196b287_bab4_101a_b69c_00aa00341d07@@3U__s_GUID@@BUtagCONNECTDATA@@V?$_Copy@UtagCONNECTDATA@@@ATL@@@ATL@@UAGJKPAUtagCONNECTDATA@@PAK@Z 10001a98 f i PINPad.obj
 0001:00000b6f       ?Skip@?$CComEnumImpl@UIEnumConnections@@$1?_GUID_b196b287_bab4_101a_b69c_00aa00341d07@@3U__s_GUID@@BUtagCONNECTDATA@@V?$_Copy@UtagCONNECTDATA@@@ATL@@@ATL@@UAGJK@Z 10001b6f f i PINPad.obj
 0001:00000b9c       ?Reset@?$CComEnumImpl@UIEnumConnections@@$1?_GUID_b196b287_bab4_101a_b69c_00aa00341d07@@3U__s_GUID@@BUtagCONNECTDATA@@V?$_Copy@UtagCONNECTDATA@@@ATL@@@ATL@@UAGJXZ 10001b9c f i PINPad.obj
 0001:00000b9c       ?Reset@?$CComEnumImpl@UIEnumConnectionPoints@@$1?_GUID_b196b285_bab4_101a_b69c_00aa00341d07@@3U__s_GUID@@BPAUIConnectionPoint@@V?$_CopyInterface@UIConnectionPoint@@@ATL@@@ATL@@UAGJXZ 10001b9c f i PINPad.obj
 0001:00000bae       ?Clone@?$CComEnumImpl@UIEnumConnections@@$1?_GUID_b196b287_bab4_101a_b69c_00aa00341d07@@3U__s_GUID@@BUtagCONNECTDATA@@V?$_Copy@UtagCONNECTDATA@@@ATL@@@ATL@@UAGJPAPAUIEnumConnections@@@Z 10001bae f i PINPad.obj
 0001:00000c8d       ?AddRef@?$CComObject@V?$CComEnum@UIEnumConnectionPoints@@$1?_GUID_b196b285_bab4_101a_b69c_00aa00341d07@@3U__s_GUID@@BPAUIConnectionPoint@@V?$_CopyInterface@UIConnectionPoint@@@ATL@@VCComSingleThreadModel@6@@ATL@@@ATL@@UAGKXZ 10001c8d f i PINPad.obj
 0001:00000c8d       ?AddRef@?$CComObject@V?$CComEnum@UIEnumConnections@@$1?_GUID_b196b287_bab4_101a_b69c_00aa00341d07@@3U__s_GUID@@BUtagCONNECTDATA@@V?$_Copy@UtagCONNECTDATA@@@ATL@@VCComSingleThreadModel@6@@ATL@@@ATL@@UAGKXZ 10001c8d f i PINPad.obj
 0001:00000c9e       ?Release@?$CComObject@V?$CComEnum@UIEnumConnectionPoints@@$1?_GUID_b196b285_bab4_101a_b69c_00aa00341d07@@3U__s_GUID@@BPAUIConnectionPoint@@V?$_CopyInterface@UIConnectionPoint@@@ATL@@VCComSingleThreadModel@6@@ATL@@@ATL@@UAGKXZ 10001c9e f i PINPad.obj
 0001:00000c9e       ?Release@?$CComObject@V?$CComEnum@UIEnumConnections@@$1?_GUID_b196b287_bab4_101a_b69c_00aa00341d07@@3U__s_GUID@@BUtagCONNECTDATA@@V?$_Copy@UtagCONNECTDATA@@@ATL@@VCComSingleThreadModel@6@@ATL@@@ATL@@UAGKXZ 10001c9e f i PINPad.obj
 0001:00000cda       ?QueryInterface@?$CComObject@V?$CComEnum@UIEnumConnections@@$1?_GUID_b196b287_bab4_101a_b69c_00aa00341d07@@3U__s_GUID@@BUtagCONNECTDATA@@V?$_Copy@UtagCONNECTDATA@@@ATL@@VCComSingleThreadModel@6@@ATL@@@ATL@@UAGJABU_GUID@@PAPAX@Z 10001cda f i PINPad.obj
 0001:00000cf4       ??_G?$CComObject@V?$CComEnum@UIEnumConnections@@$1?_GUID_b196b287_bab4_101a_b69c_00aa00341d07@@3U__s_GUID@@BUtagCONNECTDATA@@V?$_Copy@UtagCONNECTDATA@@@ATL@@VCComSingleThreadModel@6@@ATL@@@ATL@@UAEPAXI@Z 10001cf4 f i PINPad.obj
 0001:00000cf4       ??_E?$CComObject@V?$CComEnum@UIEnumConnections@@$1?_GUID_b196b287_bab4_101a_b69c_00aa00341d07@@3U__s_GUID@@BUtagCONNECTDATA@@V?$_Copy@UtagCONNECTDATA@@@ATL@@VCComSingleThreadModel@6@@ATL@@@ATL@@UAEPAXI@Z 10001cf4 f i PINPad.obj
 0001:00000d16       ??_E?$CComObject@VCOPOSPINPad@@@ATL@@W3AEPAXI@Z 10001d16 f i PINPad.obj
 0001:00000d1e       ??_E?$CComObject@VCOPOSPINPad@@@ATL@@WEM@AEPAXI@Z 10001d1e f i PINPad.obj
 0001:00000d26       ?QueryInterface@?$CComObject@VCOPOSPINPad@@@ATL@@WHA@AGJABU_GUID@@PAPAX@Z 10001d26 f i PINPad.obj
 0001:00000d30       ?AddRef@?$CComObject@VCOPOSPINPad@@@ATL@@WHA@AGKXZ 10001d30 f i PINPad.obj
 0001:00000d3a       ?Release@?$CComObject@VCOPOSPINPad@@@ATL@@WHA@AGKXZ 10001d3a f i PINPad.obj
 0001:00000d44       ?QueryInterface@?$CComObject@VCOPOSPINPad@@@ATL@@WHE@AGJABU_GUID@@PAPAX@Z 10001d44 f i PINPad.obj
 0001:00000d4e       ?AddRef@?$CComObject@VCOPOSPINPad@@@ATL@@WHE@AGKXZ 10001d4e f i PINPad.obj
 0001:00000d58       ?Release@?$CComObject@VCOPOSPINPad@@@ATL@@WHE@AGKXZ 10001d58 f i PINPad.obj
 0001:00000d62       ?QueryInterface@?$CComObject@VCOPOSPINPad@@@ATL@@WHI@AGJABU_GUID@@PAPAX@Z 10001d62 f i PINPad.obj
 0001:00000d6c       ?AddRef@?$CComObject@VCOPOSPINPad@@@ATL@@WHI@AGKXZ 10001d6c f i PINPad.obj
 0001:00000d76       ?Release@?$CComObject@VCOPOSPINPad@@@ATL@@WHI@AGKXZ 10001d76 f i PINPad.obj
 0001:00000d80       ?QueryInterface@?$CComObject@VCOPOSPINPad@@@ATL@@WHM@AGJABU_GUID@@PAPAX@Z 10001d80 f i PINPad.obj
 0001:00000d8a       ?AddRef@?$CComObject@VCOPOSPINPad@@@ATL@@WHM@AGKXZ 10001d8a f i PINPad.obj
 0001:00000d94       ?Release@?$CComObject@VCOPOSPINPad@@@ATL@@WHM@AGKXZ 10001d94 f i PINPad.obj
 0001:00000d9e       ?QueryInterface@?$CComObject@VCOPOSPINPad@@@ATL@@WIA@AGJABU_GUID@@PAPAX@Z 10001d9e f i PINPad.obj
 0001:00000dab       ?AddRef@?$CComObject@VCOPOSPINPad@@@ATL@@WIA@AGKXZ 10001dab f i PINPad.obj
 0001:00000db8       ?Release@?$CComObject@VCOPOSPINPad@@@ATL@@WIA@AGKXZ 10001db8 f i PINPad.obj
 0001:00000dc5       ?QueryInterface@?$CComObject@VCOPOSPINPad@@@ATL@@WIE@AGJABU_GUID@@PAPAX@Z 10001dc5 f i PINPad.obj
 0001:00000dd2       ?AddRef@?$CComObject@VCOPOSPINPad@@@ATL@@WIE@AGKXZ 10001dd2 f i PINPad.obj
 0001:00000ddf       ?Release@?$CComObject@VCOPOSPINPad@@@ATL@@WIE@AGKXZ 10001ddf f i PINPad.obj
 0001:00000dec       ?QueryInterface@?$CComObject@VCOPOSPINPad@@@ATL@@WII@AGJABU_GUID@@PAPAX@Z 10001dec f i PINPad.obj
 0001:00000df9       ?AddRef@?$CComObject@VCOPOSPINPad@@@ATL@@WII@AGKXZ 10001df9 f i PINPad.obj
 0001:00000e06       ?Release@?$CComObject@VCOPOSPINPad@@@ATL@@WII@AGKXZ 10001e06 f i PINPad.obj
 0001:00000e13       ?QueryInterface@?$CComObject@VCOPOSPINPad@@@ATL@@WIM@AGJABU_GUID@@PAPAX@Z 10001e13 f i PINPad.obj
 0001:00000e20       ?AddRef@?$CComObject@VCOPOSPINPad@@@ATL@@WIM@AGKXZ 10001e20 f i PINPad.obj
 0001:00000e2d       ?Release@?$CComObject@VCOPOSPINPad@@@ATL@@WIM@AGKXZ 10001e2d f i PINPad.obj
 0001:00000e3a       ?QueryInterface@?$CComObject@VCOPOSPINPad@@@ATL@@WJA@AGJABU_GUID@@PAPAX@Z 10001e3a f i PINPad.obj
 0001:00000e47       ?AddRef@?$CComObject@VCOPOSPINPad@@@ATL@@WJA@AGKXZ 10001e47 f i PINPad.obj
 0001:00000e54       ?Release@?$CComObject@VCOPOSPINPad@@@ATL@@WJA@AGKXZ 10001e54 f i PINPad.obj
 0001:00000e61       ?QueryInterface@?$CComObject@VCOPOSPINPad@@@ATL@@WJE@AGJABU_GUID@@PAPAX@Z 10001e61 f i PINPad.obj
 0001:00000e6e       ?AddRef@?$CComObject@VCOPOSPINPad@@@ATL@@WJE@AGKXZ 10001e6e f i PINPad.obj
 0001:00000e7b       ?Release@?$CComObject@VCOPOSPINPad@@@ATL@@WJE@AGKXZ 10001e7b f i PINPad.obj
 0001:00000e88       ?QueryInterface@?$CComObject@VCOPOSPINPad@@@ATL@@WJI@AGJABU_GUID@@PAPAX@Z 10001e88 f i PINPad.obj
 0001:00000e95       ?AddRef@?$CComObject@VCOPOSPINPad@@@ATL@@WJI@AGKXZ 10001e95 f i PINPad.obj
 0001:00000ea2       ?Release@?$CComObject@VCOPOSPINPad@@@ATL@@WJI@AGKXZ 10001ea2 f i PINPad.obj
 0001:00000eaf       ?QueryInterface@?$CComObject@VCOPOSPINPad@@@ATL@@WJM@AGJABU_GUID@@PAPAX@Z 10001eaf f i PINPad.obj
 0001:00000ebc       ?AddRef@?$CComObject@VCOPOSPINPad@@@ATL@@WJM@AGKXZ 10001ebc f i PINPad.obj
 0001:00000ec9       ?Release@?$CComObject@VCOPOSPINPad@@@ATL@@WJM@AGKXZ 10001ec9 f i PINPad.obj
 0001:00000ed6       ?QueryInterface@?$CComObject@VCOPOSPINPad@@@ATL@@WKA@AGJABU_GUID@@PAPAX@Z 10001ed6 f i PINPad.obj
 0001:00000ee3       ?AddRef@?$CComObject@VCOPOSPINPad@@@ATL@@WKA@AGKXZ 10001ee3 f i PINPad.obj
 0001:00000ef0       ?Release@?$CComObject@VCOPOSPINPad@@@ATL@@WKA@AGKXZ 10001ef0 f i PINPad.obj
 0001:00000efd       ?AddRef@?$CComObject@VCOPOSPINPad@@@ATL@@WKI@AGKXZ 10001efd f i PINPad.obj
 0001:00000f0a       ?Release@?$CComObject@VCOPOSPINPad@@@ATL@@WKI@AGKXZ 10001f0a f i PINPad.obj
 0001:00000f17       ?AddRef@?$CComObject@VCOPOSPINPad@@@ATL@@WLE@AGKXZ 10001f17 f i PINPad.obj
 0001:00000f24       ?Release@?$CComObject@VCOPOSPINPad@@@ATL@@WLE@AGKXZ 10001f24 f i PINPad.obj
 0001:00000f31       ??_E?$CComContainedObject@VCOPOSPINPad@@@ATL@@W3AEPAXI@Z 10001f31 f i PINPad.obj
 0001:00000f39       ??_E?$CComContainedObject@VCOPOSPINPad@@@ATL@@WEM@AEPAXI@Z 10001f39 f i PINPad.obj
 0001:00000f41       ?QueryInterface@?$CComContainedObject@VCOPOSPINPad@@@ATL@@WHA@AGJABU_GUID@@PAPAX@Z 10001f41 f i PINPad.obj
 0001:00000f4b       ?AddRef@?$CComContainedObject@VCOPOSPINPad@@@ATL@@WHA@AGKXZ 10001f4b f i PINPad.obj
 0001:00000f55       ?Release@?$CComContainedObject@VCOPOSPINPad@@@ATL@@WHA@AGKXZ 10001f55 f i PINPad.obj
 0001:00000f5f       ?QueryInterface@?$CComContainedObject@VCOPOSPINPad@@@ATL@@WHE@AGJABU_GUID@@PAPAX@Z 10001f5f f i PINPad.obj
 0001:00000f69       ?AddRef@?$CComContainedObject@VCOPOSPINPad@@@ATL@@WHE@AGKXZ 10001f69 f i PINPad.obj
 0001:00000f73       ?Release@?$CComContainedObject@VCOPOSPINPad@@@ATL@@WHE@AGKXZ 10001f73 f i PINPad.obj
 0001:00000f7d       ?QueryInterface@?$CComContainedObject@VCOPOSPINPad@@@ATL@@WHI@AGJABU_GUID@@PAPAX@Z 10001f7d f i PINPad.obj
 0001:00000f87       ?AddRef@?$CComContainedObject@VCOPOSPINPad@@@ATL@@WHI@AGKXZ 10001f87 f i PINPad.obj
 0001:00000f91       ?Release@?$CComContainedObject@VCOPOSPINPad@@@ATL@@WHI@AGKXZ 10001f91 f i PINPad.obj
 0001:00000f9b       ?QueryInterface@?$CComContainedObject@VCOPOSPINPad@@@ATL@@WHM@AGJABU_GUID@@PAPAX@Z 10001f9b f i PINPad.obj
 0001:00000fa5       ?AddRef@?$CComContainedObject@VCOPOSPINPad@@@ATL@@WHM@AGKXZ 10001fa5 f i PINPad.obj
 0001:00000faf       ?Release@?$CComContainedObject@VCOPOSPINPad@@@ATL@@WHM@AGKXZ 10001faf f i PINPad.obj
 0001:00000fb9       ?QueryInterface@?$CComContainedObject@VCOPOSPINPad@@@ATL@@WIA@AGJABU_GUID@@PAPAX@Z 10001fb9 f i PINPad.obj
 0001:00000fc6       ?AddRef@?$CComContainedObject@VCOPOSPINPad@@@ATL@@WIA@AGKXZ 10001fc6 f i PINPad.obj
 0001:00000fd3       ?Release@?$CComContainedObject@VCOPOSPINPad@@@ATL@@WIA@AGKXZ 10001fd3 f i PINPad.obj
 0001:00000fe0       ?QueryInterface@?$CComContainedObject@VCOPOSPINPad@@@ATL@@WIE@AGJABU_GUID@@PAPAX@Z 10001fe0 f i PINPad.obj
 0001:00000fed       ?AddRef@?$CComContainedObject@VCOPOSPINPad@@@ATL@@WIE@AGKXZ 10001fed f i PINPad.obj
 0001:00000ffa       ?Release@?$CComContainedObject@VCOPOSPINPad@@@ATL@@WIE@AGKXZ 10001ffa f i PINPad.obj
 0001:00001007       ?QueryInterface@?$CComContainedObject@VCOPOSPINPad@@@ATL@@WII@AGJABU_GUID@@PAPAX@Z 10002007 f i PINPad.obj
 0001:00001014       ?AddRef@?$CComContainedObject@VCOPOSPINPad@@@ATL@@WII@AGKXZ 10002014 f i PINPad.obj
 0001:00001021       ?Release@?$CComContainedObject@VCOPOSPINPad@@@ATL@@WII@AGKXZ 10002021 f i PINPad.obj
 0001:0000102e       ?QueryInterface@?$CComContainedObject@VCOPOSPINPad@@@ATL@@WIM@AGJABU_GUID@@PAPAX@Z 1000202e f i PINPad.obj
 0001:0000103b       ?AddRef@?$CComContainedObject@VCOPOSPINPad@@@ATL@@WIM@AGKXZ 1000203b f i PINPad.obj
 0001:00001048       ?Release@?$CComContainedObject@VCOPOSPINPad@@@ATL@@WIM@AGKXZ 10002048 f i PINPad.obj
 0001:00001055       ?QueryInterface@?$CComContainedObject@VCOPOSPINPad@@@ATL@@WJA@AGJABU_GUID@@PAPAX@Z 10002055 f i PINPad.obj
 0001:00001062       ?AddRef@?$CComContainedObject@VCOPOSPINPad@@@ATL@@WJA@AGKXZ 10002062 f i PINPad.obj
 0001:0000106f       ?Release@?$CComContainedObject@VCOPOSPINPad@@@ATL@@WJA@AGKXZ 1000206f f i PINPad.obj
 0001:0000107c       ?QueryInterface@?$CComContainedObject@VCOPOSPINPad@@@ATL@@WJE@AGJABU_GUID@@PAPAX@Z 1000207c f i PINPad.obj
 0001:00001089       ?AddRef@?$CComContainedObject@VCOPOSPINPad@@@ATL@@WJE@AGKXZ 10002089 f i PINPad.obj
 0001:00001096       ?Release@?$CComContainedObject@VCOPOSPINPad@@@ATL@@WJE@AGKXZ 10002096 f i PINPad.obj
 0001:000010a3       ?QueryInterface@?$CComContainedObject@VCOPOSPINPad@@@ATL@@WJI@AGJABU_GUID@@PAPAX@Z 100020a3 f i PINPad.obj
 0001:000010b0       ?AddRef@?$CComContainedObject@VCOPOSPINPad@@@ATL@@WJI@AGKXZ 100020b0 f i PINPad.obj
 0001:000010bd       ?Release@?$CComContainedObject@VCOPOSPINPad@@@ATL@@WJI@AGKXZ 100020bd f i PINPad.obj
 0001:000010ca       ?QueryInterface@?$CComContainedObject@VCOPOSPINPad@@@ATL@@WJM@AGJABU_GUID@@PAPAX@Z 100020ca f i PINPad.obj
 0001:000010d7       ?AddRef@?$CComContainedObject@VCOPOSPINPad@@@ATL@@WJM@AGKXZ 100020d7 f i PINPad.obj
 0001:000010e4       ?Release@?$CComContainedObject@VCOPOSPINPad@@@ATL@@WJM@AGKXZ 100020e4 f i PINPad.obj
 0001:000010f1       ?QueryInterface@?$CComContainedObject@VCOPOSPINPad@@@ATL@@WKA@AGJABU_GUID@@PAPAX@Z 100020f1 f i PINPad.obj
 0001:000010fe       ?AddRef@?$CComContainedObject@VCOPOSPINPad@@@ATL@@WKA@AGKXZ 100020fe f i PINPad.obj
 0001:0000110b       ?Release@?$CComContainedObject@VCOPOSPINPad@@@ATL@@WKA@AGKXZ 1000210b f i PINPad.obj
 0001:00001118       ?AddRef@?$CComContainedObject@VCOPOSPINPad@@@ATL@@WKI@AGKXZ 10002118 f i PINPad.obj
 0001:00001125       ?Release@?$CComContainedObject@VCOPOSPINPad@@@ATL@@WKI@AGKXZ 10002125 f i PINPad.obj
 0001:00001132       ?AddRef@?$CComContainedObject@VCOPOSPINPad@@@ATL@@WLE@AGKXZ 10002132 f i PINPad.obj
 0001:0000113f       ?Release@?$CComContainedObject@VCOPOSPINPad@@@ATL@@WLE@AGKXZ 1000213f f i PINPad.obj
 0001:0000114c       ?Lock@CAtlModule@ATL@@UAEJXZ 1000214c f i PINPad.obj
 0001:00001156       ?Unlock@CAtlModule@ATL@@UAEJXZ 10002156 f i PINPad.obj
 0001:00001160       ?GetLockCount@CAtlModule@ATL@@UAEJXZ 10002160 f i PINPad.obj
 0001:00001164       ?GetGITPtr@CAtlModule@ATL@@UAEJPAPAUIGlobalInterfaceTable@@@Z 10002164 f i PINPad.obj
 0001:000011b0       ?AddCommonRGSReplacements@?$CAtlModuleT@VCComModule@ATL@@@ATL@@UAEJPAUIRegistrarBase@@@Z 100021b0 f i PINPad.obj
 0001:000011ca       ?UpdateRegistryFromResourceD@CComModule@ATL@@UAGJIHPAU_ATL_REGMAP_ENTRY@2@@Z 100021ca f i PINPad.obj
 0001:000011ca       ?UpdateRegistryFromResourceD@CComModule@ATL@@UAGJPB_WHPAU_ATL_REGMAP_ENTRY@2@@Z 100021ca f i PINPad.obj
 0001:000011d2       ?UpdateRegistryFromResource@CComModule@ATL@@UAGJPB_WHPAU_ATL_REGMAP_ENTRY@2@@Z 100021d2 f i PINPad.obj
 0001:000011db       ?UpdateRegistryFromResource@CComModule@ATL@@UAGJIHPAU_ATL_REGMAP_ENTRY@2@@Z 100021db f i PINPad.obj
 0001:000011e4       ??_GCComModule@ATL@@UAEPAXI@Z 100021e4 f i PINPad.obj
 0001:000011e4       ??_ECComModule@ATL@@UAEPAXI@Z 100021e4 f i PINPad.obj
 0001:0000120c       ?GetWindowProc@?$CWindowImplBaseT@VCWindow@ATL@@V?$CWinTraits@$0FGAAAAAA@$0A@@2@@ATL@@UAEP6GJPAUHWND__@@IIJ@ZXZ 1000220c f i PINPad.obj
 0001:00001212       ?StartWindowProc@?$CWindowImplBaseT@VCWindow@ATL@@V?$CWinTraits@$0FGAAAAAA@$0A@@2@@ATL@@SGJPAUHWND__@@IIJ@Z 10002212 f i PINPad.obj
 0001:00001266       ?GetTypeInfoCount@?$IDispatchImpl@UIOPOSPINPad@@$1?IID_IOPOSPINPad@@3U_GUID@@B$1?LIBID_OposPINPad_CCO@@3U3@B$00$0A@VCComTypeInfoHolder@ATL@@@ATL@@UAGJPAI@Z 10002266 f i PINPad.obj
 0001:00001283       ?GetTypeInfo@?$IDispatchImpl@UIOPOSPINPad@@$1?IID_IOPOSPINPad@@3U_GUID@@B$1?LIBID_OposPINPad_CCO@@3U3@B$00$0A@VCComTypeInfoHolder@ATL@@@ATL@@UAGJIKPAPAUITypeInfo@@@Z 10002283 f i PINPad.obj
 0001:000012a7       ?GetIDsOfNames@?$IDispatchImpl@UIOPOSPINPad@@$1?IID_IOPOSPINPad@@3U_GUID@@B$1?LIBID_OposPINPad_CCO@@3U3@B$00$0A@VCComTypeInfoHolder@ATL@@@ATL@@UAGJABU_GUID@@PAPA_WIKPAJ@Z 100022a7 f i PINPad.obj
 0001:000012c7       ?Invoke@?$IDispatchImpl@UIOPOSPINPad@@$1?IID_IOPOSPINPad@@3U_GUID@@B$1?LIBID_OposPINPad_CCO@@3U3@B$00$0A@VCComTypeInfoHolder@ATL@@@ATL@@UAGJJABU_GUID@@KGPAUtagDISPPARAMS@@PAUtagVARIANT@@PAUtagEXCEPINFO@@PAI@Z 100022c7 f i PINPad.obj
 0001:000012d5       ?CreateControlWindow@?$CComControl@VCOPOSPINPad@@V?$CWindowImpl@VCOPOSPINPad@@VCWindow@ATL@@V?$CWinTraits@$0FGAAAAAA@$0A@@3@@ATL@@@ATL@@UAEPAUHWND__@@PAU3@AAUtagRECT@@@Z 100022d5 f i PINPad.obj
 0001:00001304       ?ControlQueryInterface@?$CComControl@VCOPOSPINPad@@V?$CWindowImpl@VCOPOSPINPad@@VCWindow@ATL@@V?$CWinTraits@$0FGAAAAAA@$0A@@3@@ATL@@@ATL@@UAEJABU_GUID@@PAPAX@Z 10002304 f i PINPad.obj
 0001:0000131f       ?GetClassID@?$IPersistStreamInitImpl@VCOPOSPINPad@@@ATL@@UAGJPAU_GUID@@@Z 1000231f f i PINPad.obj
 0001:0000131f       ?GetUserClassID@?$IOleObjectImpl@VCOPOSPINPad@@@ATL@@UAGJPAU_GUID@@@Z 1000231f f i PINPad.obj
 0001:0000131f       ?GetClassID@?$IPersistStorageImpl@VCOPOSPINPad@@@ATL@@UAGJPAU_GUID@@@Z 1000231f f i PINPad.obj
 0001:00001343       ?IsDirty@?$IPersistStreamInitImpl@VCOPOSPINPad@@@ATL@@UAGJXZ 10002343 f i PINPad.obj
 0001:00001362       ?Load@?$IPersistStreamInitImpl@VCOPOSPINPad@@@ATL@@UAGJPAUIStream@@@Z 10002362 f i PINPad.obj
 0001:00001381       ?Save@?$IPersistStreamInitImpl@VCOPOSPINPad@@@ATL@@UAGJPAUIStream@@H@Z 10002381 f i PINPad.obj
 0001:000013a3       ?GetSizeMax@?$IPersistStreamInitImpl@VCOPOSPINPad@@@ATL@@UAGJPAT_ULARGE_INTEGER@@@Z 100023a3 f i PINPad.obj
 0001:00001558       ?InitNew@?$IPersistStreamInitImpl@VCOPOSPINPad@@@ATL@@UAGJXZ 10002558 f i PINPad.obj
 0001:00001575       ?GetControlInfo@?$IOleControlImpl@VCOPOSPINPad@@@ATL@@UAGJPAUtagCONTROLINFO@@@Z 10002575 f i PINPad.obj
 0001:00001575       ?ContextSensitiveHelp@?$IOleInPlaceObjectWindowlessImpl@VCOPOSPINPad@@@ATL@@UAGJH@Z 10002575 f i PINPad.obj
 0001:00001575       ?ContextSensitiveHelp@?$IOleInPlaceActiveObjectImpl@VCOPOSPINPad@@@ATL@@UAGJH@Z 10002575 f i PINPad.obj
 0001:00001575       ?SetColorScheme@?$IOleObjectImpl@VCOPOSPINPad@@@ATL@@UAGJPAUtagLOGPALETTE@@@Z 10002575 f i PINPad.obj
 0001:00001575       ?OnMnemonic@?$IOleControlImpl@VCOPOSPINPad@@@ATL@@UAGJPAUtagMSG@@@Z 10002575 f i PINPad.obj
 0001:00001575       ?Unfreeze@?$IViewObjectExImpl@VCOPOSPINPad@@@ATL@@UAGJK@Z 10002575 f i PINPad.obj
 0001:00001575       ?GetDropTarget@?$IOleInPlaceObjectWindowlessImpl@VCOPOSPINPad@@@ATL@@UAGJPAPAUIDropTarget@@@Z 10002575 f i PINPad.obj
 0001:00001575       ?QueryGetData@?$IDataObjectImpl@VCOPOSPINPad@@@ATL@@UAGJPAUtagFORMATETC@@@Z 10002575 f i PINPad.obj
 0001:00001575       ?SOOutputCompleteDummy@COPOSPINPad@@MAGJJ@Z 10002575 f i PINPad.obj
 0001:0000157d       ?OnAmbientPropertyChange@?$IOleControlImpl@VCOPOSPINPad@@@ATL@@UAGJJ@Z 1000257d f i PINPad.obj
 0001:0000157d       ?SaveCompleted@?$IPersistStorageImpl@VCOPOSPINPad@@@ATL@@UAGJPAUIStorage@@@Z 1000257d f i PINPad.obj
 0001:0000157d       ?OnFrameWindowActivate@?$IOleInPlaceActiveObjectImpl@VCOPOSPINPad@@@ATL@@UAGJH@Z 1000257d f i PINPad.obj
 0001:0000157d       ?EnableModeless@?$IOleInPlaceActiveObjectImpl@VCOPOSPINPad@@@ATL@@UAGJH@Z 1000257d f i PINPad.obj
 0001:00001582       ?SetClientSite@?$IOleObjectImpl@VCOPOSPINPad@@@ATL@@UAGJPAUIOleClientSite@@@Z 10002582 f i PINPad.obj
 0001:0000159f       ?GetClientSite@?$IOleObjectImpl@VCOPOSPINPad@@@ATL@@UAGJPAPAUIOleClientSite@@@Z 1000259f f i PINPad.obj
 0001:000015bc       ?SetHostNames@?$IOleObjectImpl@VCOPOSPINPad@@@ATL@@UAGJPB_W0@Z 100025bc f i PINPad.obj
 0001:000015c1       ?Close@?$IOleObjectImpl@VCOPOSPINPad@@@ATL@@UAGJK@Z 100025c1 f i PINPad.obj
 0001:000015de       ?EnumFormatEtc@?$IDataObjectImpl@VCOPOSPINPad@@@ATL@@UAGJKPAPAUIEnumFORMATETC@@@Z 100025de f i PINPad.obj
 0001:000015de       ?GetDataHere@?$IDataObjectImpl@VCOPOSPINPad@@@ATL@@UAGJPAUtagFORMATETC@@PAUtagSTGMEDIUM@@@Z 100025de f i PINPad.obj
 0001:000015de       ?GetRect@?$IViewObjectExImpl@VCOPOSPINPad@@@ATL@@UAGJKPAU_RECTL@@@Z 100025de f i PINPad.obj
 0001:000015de       ?GetClipboardData@?$IOleObjectImpl@VCOPOSPINPad@@@ATL@@UAGJKPAPAUIDataObject@@@Z 100025de f i PINPad.obj
 0001:000015de       ?SetMoniker@?$IOleObjectImpl@VCOPOSPINPad@@@ATL@@UAGJKPAUIMoniker@@@Z 100025de f i PINPad.obj
 0001:000015de       ?QueryInterface@CRegObject@ATL@@UAGJABU_GUID@@PAPAX@Z 100025de f i PINPad.obj
 0001:000015de       ?GetCanonicalFormatEtc@?$IDataObjectImpl@VCOPOSPINPad@@@ATL@@UAGJPAUtagFORMATETC@@0@Z 100025de f i PINPad.obj
 0001:000015e6       ?SetData@?$IDataObjectImpl@VCOPOSPINPad@@@ATL@@UAGJPAUtagFORMATETC@@PAUtagSTGMEDIUM@@H@Z 100025e6 f i PINPad.obj
 0001:000015e6       ?InitFromData@?$IOleObjectImpl@VCOPOSPINPad@@@ATL@@UAGJPAUIDataObject@@HK@Z 100025e6 f i PINPad.obj
 0001:000015e6       ?GetMoniker@?$IOleObjectImpl@VCOPOSPINPad@@@ATL@@UAGJKKPAPAUIMoniker@@@Z 100025e6 f i PINPad.obj
 0001:000015ee       ?DoVerb@?$IOleObjectImpl@VCOPOSPINPad@@@ATL@@UAGJJPAUtagMSG@@PAUIOleClientSite@@JPAUHWND__@@PBUtagRECT@@@Z 100025ee f i PINPad.obj
 0001:00001706       ?EnumVerbs@?$IOleObjectImpl@VCOPOSPINPad@@@ATL@@UAGJPAPAUIEnumOLEVERB@@@Z 10002706 f i PINPad.obj
 0001:00001728       ?Update@?$IOleObjectImpl@VCOPOSPINPad@@@ATL@@UAGJXZ 10002728 f i PINPad.obj
 0001:00001728       ?IsUpToDate@?$IOleObjectImpl@VCOPOSPINPad@@@ATL@@UAGJXZ 10002728 f i PINPad.obj
 0001:00001728       ?HandsOffStorage@?$IPersistStorageImpl@VCOPOSPINPad@@@ATL@@UAGJXZ 10002728 f i PINPad.obj
 0001:00001728       ?Release@CRegObject@ATL@@UAGKXZ 10002728 f i PINPad.obj
 0001:0000172d       ?GetUserType@?$IOleObjectImpl@VCOPOSPINPad@@@ATL@@UAGJKPAPA_W@Z 1000272d f i PINPad.obj
 0001:00001745       ?SetExtent@?$IOleObjectImpl@VCOPOSPINPad@@@ATL@@UAGJKPAUtagSIZE@@@Z 10002745 f i PINPad.obj
 0001:00001765       ?GetExtent@?$IOleObjectImpl@VCOPOSPINPad@@@ATL@@UAGJKPAUtagSIZE@@@Z 10002765 f i PINPad.obj
 0001:000017a3       ?Advise@?$IOleObjectImpl@VCOPOSPINPad@@@ATL@@UAGJPAUIAdviseSink@@PAK@Z 100027a3 f i PINPad.obj
 0001:000017c3       ?Unadvise@?$IOleObjectImpl@VCOPOSPINPad@@@ATL@@UAGJK@Z 100027c3 f i PINPad.obj
 0001:000017f2       ?EnumAdvise@?$IOleObjectImpl@VCOPOSPINPad@@@ATL@@UAGJPAPAUIEnumSTATDATA@@@Z 100027f2 f i PINPad.obj
 0001:00001832       ?GetMiscStatus@?$IOleObjectImpl@VCOPOSPINPad@@@ATL@@UAGJKPAK@Z 10002832 f i PINPad.obj
 0001:0000184a       ?GetWindow@?$IOleInPlaceActiveObjectImpl@VCOPOSPINPad@@@ATL@@UAGJPAPAUHWND__@@@Z 1000284a f i PINPad.obj
 0001:00001897       ?TranslateAcceleratorW@?$IOleInPlaceActiveObjectImpl@VCOPOSPINPad@@@ATL@@UAGJPAUtagMSG@@@Z 10002897 f i PINPad.obj
 0001:00001935       ?OnDocWindowActivate@?$IOleInPlaceActiveObjectImpl@VCOPOSPINPad@@@ATL@@UAGJH@Z 10002935 f i PINPad.obj
 0001:00001957       ?ResizeBorder@?$IOleInPlaceActiveObjectImpl@VCOPOSPINPad@@@ATL@@UAGJPBUtagRECT@@PAUIOleInPlaceUIWindow@@H@Z 10002957 f i PINPad.obj
 0001:0000195c       ?Draw@?$IViewObjectExImpl@VCOPOSPINPad@@@ATL@@UAGJKJPAXPAUtagDVTARGETDEVICE@@PAUHDC__@@2PBU_RECTL@@3P6GHK@ZK@Z 1000295c f i PINPad.obj
 0001:0000198e       ?GetColorSet@?$IViewObjectExImpl@VCOPOSPINPad@@@ATL@@UAGJKJPAXPAUtagDVTARGETDEVICE@@PAUHDC__@@PAPAUtagLOGPALETTE@@@Z 1000298e f i PINPad.obj
 0001:00001996       ?Freeze@?$IViewObjectExImpl@VCOPOSPINPad@@@ATL@@UAGJKJPAXPAK@Z 10002996 f i PINPad.obj
 0001:0000199e       ?SetAdvise@?$IViewObjectExImpl@VCOPOSPINPad@@@ATL@@UAGJKKPAUIAdviseSink@@@Z 1000299e f i PINPad.obj
 0001:000019bd       ?GetAdvise@?$IViewObjectExImpl@VCOPOSPINPad@@@ATL@@UAGJPAK0PAPAUIAdviseSink@@@Z 100029bd f i PINPad.obj
 0001:000019f2       ?GetExtent@?$IViewObjectExImpl@VCOPOSPINPad@@@ATL@@UAGJKJPAUtagDVTARGETDEVICE@@PAUtagSIZE@@@Z 100029f2 f i PINPad.obj
 0001:00001a23       ?GetViewStatus@?$IViewObjectExImpl@VCOPOSPINPad@@@ATL@@UAGJPAK@Z 10002a23 f i PINPad.obj
 0001:00001a40       ?QueryHitPoint@?$IViewObjectExImpl@VCOPOSPINPad@@@ATL@@UAGJKPBUtagRECT@@UtagPOINT@@JPAK@Z 10002a40 f i PINPad.obj
 0001:00001a81       ?QueryHitRect@?$IViewObjectExImpl@VCOPOSPINPad@@@ATL@@UAGJKPBUtagRECT@@0JPAK@Z 10002a81 f i PINPad.obj
 0001:00001adc       ?GetNaturalExtent@?$IViewObjectExImpl@VCOPOSPINPad@@@ATL@@UAGJKJPAUtagDVTARGETDEVICE@@PAUHDC__@@PAUtagExtentInfo@@PAUtagSIZE@@@Z 10002adc f i PINPad.obj
 0001:00001b27       ?GetWindow@?$IOleInPlaceObjectWindowlessImpl@VCOPOSPINPad@@@ATL@@UAGJPAPAUHWND__@@@Z 10002b27 f i PINPad.obj
 0001:00001b74       ?InPlaceDeactivate@?$IOleInPlaceObjectWindowlessImpl@VCOPOSPINPad@@@ATL@@UAGJXZ 10002b74 f i PINPad.obj
 0001:00001b8e       ?UIDeactivate@?$IOleInPlaceObjectWindowlessImpl@VCOPOSPINPad@@@ATL@@UAGJXZ 10002b8e f i PINPad.obj
 0001:00001ba8       ?SetObjectRects@?$IOleInPlaceObjectWindowlessImpl@VCOPOSPINPad@@@ATL@@UAGJPBUtagRECT@@0@Z 10002ba8 f i PINPad.obj
 0001:00001bc8       ?ReactivateAndUndo@?$IOleInPlaceObjectWindowlessImpl@VCOPOSPINPad@@@ATL@@UAGJXZ 10002bc8 f i PINPad.obj
 0001:00001bd0       ?OnWindowMessage@?$IOleInPlaceObjectWindowlessImpl@VCOPOSPINPad@@@ATL@@UAGJIIJPAJ@Z 10002bd0 f i PINPad.obj
 0001:00001c40       ?EnumConnectionPoints@?$IConnectionPointContainerImpl@VCOPOSPINPad@@@ATL@@UAGJPAPAUIEnumConnectionPoints@@@Z 10002c40 f i PINPad.obj
 0001:00001dba       ?FindConnectionPoint@?$IConnectionPointContainerImpl@VCOPOSPINPad@@@ATL@@UAGJABU_GUID@@PAPAUIConnectionPoint@@@Z 10002dba f i PINPad.obj
 0001:00001e5d       ?IsDirty@?$IPersistStorageImpl@VCOPOSPINPad@@@ATL@@UAGJXZ 10002e5d f i PINPad.obj
 0001:00001e91       ?InitNew@?$IPersistStorageImpl@VCOPOSPINPad@@@ATL@@UAGJPAUIStorage@@@Z 10002e91 f i PINPad.obj
 0001:00001ec5       ?Load@?$IPersistStorageImpl@VCOPOSPINPad@@@ATL@@UAGJPAUIStorage@@@Z 10002ec5 f i PINPad.obj
 0001:00001f31       ?Save@?$IPersistStorageImpl@VCOPOSPINPad@@@ATL@@UAGJPAUIStorage@@H@Z 10002f31 f i PINPad.obj
 0001:00001fa4       ?GetPages@?$ISpecifyPropertyPagesImpl@VCOPOSPINPad@@@ATL@@UAGJPAUtagCAUUID@@@Z 10002fa4 f i PINPad.obj
 0001:00001fbb       ?QuickActivate@?$IQuickActivateImpl@VCOPOSPINPad@@@ATL@@UAGJPAUtagQACONTAINER@@PAUtagQACONTROL@@@Z 10002fbb f i PINPad.obj
 0001:00001fde       ?SetContentExtent@?$IQuickActivateImpl@VCOPOSPINPad@@@ATL@@UAGJPAUtagSIZE@@@Z 10002fde f i PINPad.obj
 0001:0000200a       ?GetContentExtent@?$IQuickActivateImpl@VCOPOSPINPad@@@ATL@@UAGJPAUtagSIZE@@@Z 1000300a f i PINPad.obj
 0001:0000202a       ?GetData@?$IDataObjectImpl@VCOPOSPINPad@@@ATL@@UAGJPAUtagFORMATETC@@PAUtagSTGMEDIUM@@@Z 1000302a f i PINPad.obj
 0001:0000204d       ?DAdvise@?$IDataObjectImpl@VCOPOSPINPad@@@ATL@@UAGJPAUtagFORMATETC@@KPAUIAdviseSink@@PAK@Z 1000304d f i PINPad.obj
 0001:0000208e       ?DUnadvise@?$IDataObjectImpl@VCOPOSPINPad@@@ATL@@UAGJK@Z 1000308e f i PINPad.obj
 0001:000020bc       ?EnumDAdvise@?$IDataObjectImpl@VCOPOSPINPad@@@ATL@@UAGJPAPAUIEnumSTATDATA@@@Z 100030bc f i PINPad.obj
 0001:000020fb       ?GetClassInfoW@?$IProvideClassInfo2Impl@$1?CLSID_OPOSPINPad@@3U_GUID@@B$1?DIID__IOPOSPINPadEvents@@3U2@B$1?LIBID_OposPINPad_CCO@@3U2@B$00$0A@VCComTypeInfoHolder@ATL@@@ATL@@UAGJPAPAUITypeInfo@@@Z 100030fb f i PINPad.obj
 0001:00002111       ?GetGUID@?$IProvideClassInfo2Impl@$1?CLSID_OPOSPINPad@@3U_GUID@@B$1?DIID__IOPOSPINPadEvents@@3U2@B$1?LIBID_OposPINPad_CCO@@3U2@B$00$0A@VCComTypeInfoHolder@ATL@@@ATL@@UAGJKPAU_GUID@@@Z 10003111 f i PINPad.obj
 0001:0000214f       ?FAccessAllowed@?$IObjectSafetyImpl@VCOPOSPINPad@@$02@ATL@@MAEHXZ 1000314f f i PINPad.obj
 0001:0000214f       __get_startup_argv_mode    1000314f f i LIBCMT:argv_mode.obj
 0001:00002153       ?GetInterfaceSafetyOptions@?$IObjectSafetyImpl@VCOPOSPINPad@@$02@ATL@@UAGJABU_GUID@@PAK1@Z 10003153 f i PINPad.obj
 0001:000021c7       ?SetInterfaceSafetyOptions@?$IObjectSafetyImpl@VCOPOSPINPad@@$02@ATL@@UAGJABU_GUID@@KK@Z 100031c7 f i PINPad.obj
 0001:00002241       ?_LocCPQueryInterface@?$IConnectionPointImpl@VCOPOSPINPad@@$1?IID_IPropertyNotifySink@@3U_GUID@@BVCComDynamicUnkArray@ATL@@@ATL@@UAGJABU_GUID@@PAPAX@Z 10003241 f i PINPad.obj
 0001:00002241       ?_LocCPQueryInterface@?$IConnectionPointImpl@VCOPOSPINPad@@$1?DIID__IOPOSPINPadEvents@@3U_GUID@@BVCComDynamicUnkArray@ATL@@@ATL@@UAGJABU_GUID@@PAPAX@Z 10003241 f i PINPad.obj
 0001:0000228e       ?GetConnectionInterface@?$IConnectionPointImpl@VCOPOSPINPad@@$1?IID_IPropertyNotifySink@@3U_GUID@@BVCComDynamicUnkArray@ATL@@@ATL@@UAGJPAU_GUID@@@Z 1000328e f i PINPad.obj
 0001:000022b2       ?GetConnectionPointContainer@?$IConnectionPointImpl@VCOPOSPINPad@@$1?IID_IPropertyNotifySink@@3U_GUID@@BVCComDynamicUnkArray@ATL@@@ATL@@UAGJPAPAUIConnectionPointContainer@@@Z 100032b2 f i PINPad.obj
 0001:000022d5       ?Advise@?$IConnectionPointImpl@VCOPOSPINPad@@$1?IID_IPropertyNotifySink@@3U_GUID@@BVCComDynamicUnkArray@ATL@@@ATL@@UAGJPAUIUnknown@@PAK@Z 100032d5 f i PINPad.obj
 0001:000022d5       ?Advise@?$IConnectionPointImpl@VCOPOSPINPad@@$1?DIID__IOPOSPINPadEvents@@3U_GUID@@BVCComDynamicUnkArray@ATL@@@ATL@@UAGJPAUIUnknown@@PAK@Z 100032d5 f i PINPad.obj
 0001:00002376       ?Unadvise@?$IConnectionPointImpl@VCOPOSPINPad@@$1?IID_IPropertyNotifySink@@3U_GUID@@BVCComDynamicUnkArray@ATL@@@ATL@@UAGJK@Z 10003376 f i PINPad.obj
 0001:00002376       ?Unadvise@?$IConnectionPointImpl@VCOPOSPINPad@@$1?DIID__IOPOSPINPadEvents@@3U_GUID@@BVCComDynamicUnkArray@ATL@@@ATL@@UAGJK@Z 10003376 f i PINPad.obj
 0001:000023b6       ?EnumConnections@?$IConnectionPointImpl@VCOPOSPINPad@@$1?IID_IPropertyNotifySink@@3U_GUID@@BVCComDynamicUnkArray@ATL@@@ATL@@UAGJPAPAUIEnumConnections@@@Z 100033b6 f i PINPad.obj
 0001:000023b6       ?EnumConnections@?$IConnectionPointImpl@VCOPOSPINPad@@$1?DIID__IOPOSPINPadEvents@@3U_GUID@@BVCComDynamicUnkArray@ATL@@@ATL@@UAGJPAPAUIEnumConnections@@@Z 100033b6 f i PINPad.obj
 0001:000024bc       ?AddRef@CRegObject@ATL@@UAGKXZ 100034bc f i PINPad.obj
 0001:000024c2       ?AddReplacement@CRegObject@ATL@@UAGJPB_W0@Z 100034c2 f i PINPad.obj
 0001:000024fb       ?ClearReplacements@CRegObject@ATL@@UAGJXZ 100034fb f i PINPad.obj
 0001:0000250d       ?GetConnectionInterface@?$IConnectionPointImpl@VCOPOSPINPad@@$1?DIID__IOPOSPINPadEvents@@3U_GUID@@BVCComDynamicUnkArray@ATL@@@ATL@@UAGJPAU_GUID@@@Z 1000350d f i PINPad.obj
 0001:00002531       ?GetConnectionPointContainer@?$IConnectionPointImpl@VCOPOSPINPad@@$1?DIID__IOPOSPINPadEvents@@3U_GUID@@BVCComDynamicUnkArray@ATL@@@ATL@@UAGJPAPAUIConnectionPointContainer@@@Z 10003531 f i PINPad.obj
 0001:00002554       ??_GCRegObject@ATL@@UAEPAXI@Z 10003554 f i PINPad.obj
 0001:00002554       ??_ECRegObject@ATL@@UAEPAXI@Z 10003554 f i PINPad.obj
 0001:00002576       ?UpdateRegistry@COPOSPINPad@@SGJH@Z 10003576 f i PINPad.obj
 0001:0000258e       ?ProcessWindowMessage@COPOSPINPad@@UAEHPAUHWND__@@IIJAAJK@Z 1000358e f i PINPad.obj
 0001:000025d7       ?SOData@COPOSPINPad@@MAGJJ@Z 100035d7 f i PINPad.obj
 0001:00002610       ?SODirectIO@COPOSPINPad@@MAGJJPAJPAPA_W@Z 10003610 f i PINPad.obj
 0001:00002659       ?SOError@COPOSPINPad@@MAGJJJJPAJ@Z 10003659 f i PINPad.obj
 0001:000026ae       ?SOStatusUpdate@COPOSPINPad@@MAGJJ@Z 100036ae f i PINPad.obj
 0001:000026e7       ?CreateInstance@?$CComCreator@V?$CComObjectCached@VCComClassFactory@ATL@@@ATL@@@ATL@@SGJPAXABU_GUID@@PAPAX@Z 100036e7 f i PINPad.obj
 0001:0000277a       ?CreateInstance@?$CComCreator2@V?$CComCreator@V?$CComObject@VCOPOSPINPad@@@ATL@@@ATL@@V?$CComCreator@V?$CComAggObject@VCOPOSPINPad@@@ATL@@@2@@ATL@@SGJPAXABU_GUID@@PAPAX@Z 1000377a f i PINPad.obj
 0001:0000279a       ?Next@?$CComEnumImpl@UIEnumConnectionPoints@@$1?_GUID_b196b285_bab4_101a_b69c_00aa00341d07@@3U__s_GUID@@BPAUIConnectionPoint@@V?$_CopyInterface@UIConnectionPoint@@@ATL@@@ATL@@UAGJKPAPAUIConnectionPoint@@PAK@Z 1000379a f i PINPad.obj
 0001:00002871       ?Skip@?$CComEnumImpl@UIEnumConnectionPoints@@$1?_GUID_b196b285_bab4_101a_b69c_00aa00341d07@@3U__s_GUID@@BPAUIConnectionPoint@@V?$_CopyInterface@UIConnectionPoint@@@ATL@@@ATL@@UAGJK@Z 10003871 f i PINPad.obj
 0001:0000289e       ?Clone@?$CComEnumImpl@UIEnumConnectionPoints@@$1?_GUID_b196b285_bab4_101a_b69c_00aa00341d07@@3U__s_GUID@@BPAUIConnectionPoint@@V?$_CopyInterface@UIConnectionPoint@@@ATL@@@ATL@@UAGJPAPAUIEnumConnectionPoints@@@Z 1000389e f i PINPad.obj
 0001:0000297d       ?QueryInterface@?$CComObject@V?$CComEnum@UIEnumConnectionPoints@@$1?_GUID_b196b285_bab4_101a_b69c_00aa00341d07@@3U__s_GUID@@BPAUIConnectionPoint@@V?$_CopyInterface@UIConnectionPoint@@@ATL@@VCComSingleThreadModel@6@@ATL@@@ATL@@UAGJABU_GUID@@PAPAX@Z 1000397d f i PINPad.obj
 0001:00002997       ??_E?$CComObject@V?$CComEnum@UIEnumConnectionPoints@@$1?_GUID_b196b285_bab4_101a_b69c_00aa00341d07@@3U__s_GUID@@BPAUIConnectionPoint@@V?$_CopyInterface@UIConnectionPoint@@@ATL@@VCComSingleThreadModel@6@@ATL@@@ATL@@UAEPAXI@Z 10003997 f i PINPad.obj
 0001:00002997       ??_G?$CComObject@V?$CComEnum@UIEnumConnectionPoints@@$1?_GUID_b196b285_bab4_101a_b69c_00aa00341d07@@3U__s_GUID@@BPAUIConnectionPoint@@V?$_CopyInterface@UIConnectionPoint@@@ATL@@VCComSingleThreadModel@6@@ATL@@@ATL@@UAEPAXI@Z 10003997 f i PINPad.obj
 0001:000029b9       ??$?4UITypeInfo2@@@?$CComPtr@UITypeInfo@@@ATL@@QAEPAUITypeInfo@@ABV?$CComPtr@UITypeInfo2@@@1@@Z 100039b9 f i PINPad.obj
 0001:000029e6       ??$AtlAdd@K@ATL@@YAJPAKKK@Z 100039e6 f i PINPad.obj
 0001:00002a09       ??$AtlAdd@_K@ATL@@YAJPA_K_K1@Z 10003a09 f i PINPad.obj
 0001:00002a41       ??$AtlAddThrow@K@ATL@@YAKKK@Z 10003a41 f i PINPad.obj
 0001:00002a67       ??$AtlModuleRegisterWndClassInfoT@VAtlModuleRegisterWndClassInfoParamW@ATL@@@ATL@@YAGPAU_ATL_BASE_MODULE70@0@PAU_ATL_WIN_MODULE70@0@PAU_ATL_WNDCLASSINFOW@0@PAP6GJPAUHWND__@@IIJ@ZVAtlModuleRegisterWndClassInfoParamW@0@@Z 10003a67 f i PINPad.obj
 0001:00002bb5       ??$AtlMultiply@H@ATL@@YAJPAHHH@Z 10003bb5 f i PINPad.obj
 0001:00002bed       ??$AtlMultiply@K@ATL@@YAJPAKKK@Z 10003bed f i PINPad.obj
 0001:00002bed       ??$AtlMultiply@I@ATL@@YAJPAIII@Z 10003bed f i PINPad.obj
 0001:00002c0f       ??$AtlMultiplyThrow@I@ATL@@YAIII@Z 10003c0f f i PINPad.obj
 0001:00002c35       ??0?$CComAggObject@VCOPOSPINPad@@@ATL@@QAE@PAX@Z 10003c35 f i PINPad.obj
 0001:00002c62       ??0?$CComContainedObject@VCOPOSPINPad@@@ATL@@QAE@PAX@Z 10003c62 f i PINPad.obj
 0001:00002d1b       ??0?$CComObject@V?$CComEnum@UIEnumConnectionPoints@@$1?_GUID_b196b285_bab4_101a_b69c_00aa00341d07@@3U__s_GUID@@BPAUIConnectionPoint@@V?$_CopyInterface@UIConnectionPoint@@@ATL@@VCComSingleThreadModel@6@@ATL@@@ATL@@QAE@PAX@Z 10003d1b f i PINPad.obj
 0001:00002d49       ??0?$CComObject@V?$CComEnum@UIEnumConnections@@$1?_GUID_b196b287_bab4_101a_b69c_00aa00341d07@@3U__s_GUID@@BUtagCONNECTDATA@@V?$_Copy@UtagCONNECTDATA@@@ATL@@VCComSingleThreadModel@6@@ATL@@@ATL@@QAE@PAX@Z 10003d49 f i PINPad.obj
 0001:00002d77       ??0?$CComObject@VCOPOSPINPad@@@ATL@@QAE@PAX@Z 10003d77 f i PINPad.obj
 0001:00002e2e       ??0?$CComQIPtr@UIOleControlSite@@$1?_GUID_b196b289_bab4_101a_b69c_00aa00341d07@@3U__s_GUID@@B@ATL@@QAE@PAUIUnknown@@@Z 10003e2e f i PINPad.obj
 0001:00002e57       ??0CAtlModule@ATL@@QAE@XZ  10003e57 f i PINPad.obj
 0001:00002e98       ??0CParseBuffer@CRegParser@ATL@@QAE@H@Z 10003e98 f i PINPad.obj
 0001:00002ece       ??0_ATL_MSG@ATL@@QAE@PAUHWND__@@IIJH@Z 10003ece f i PINPad.obj
 0001:00002f06       ??1?$CComAggObject@VCOPOSPINPad@@@ATL@@UAE@XZ 10003f06 f i PINPad.obj
 0001:00002f2a       ??1?$CComEnumImpl@UIEnumConnectionPoints@@$1?_GUID_b196b285_bab4_101a_b69c_00aa00341d07@@3U__s_GUID@@BPAUIConnectionPoint@@V?$_CopyInterface@UIConnectionPoint@@@ATL@@@ATL@@UAE@XZ 10003f2a f i PINPad.obj
 0001:00002f6a       ??1?$CComEnumImpl@UIEnumConnections@@$1?_GUID_b196b287_bab4_101a_b69c_00aa00341d07@@3U__s_GUID@@BUtagCONNECTDATA@@V?$_Copy@UtagCONNECTDATA@@@ATL@@@ATL@@UAE@XZ 10003f6a f i PINPad.obj
 0001:00002faa       ??1?$CComObject@V?$CComEnum@UIEnumConnectionPoints@@$1?_GUID_b196b285_bab4_101a_b69c_00aa00341d07@@3U__s_GUID@@BPAUIConnectionPoint@@V?$_CopyInterface@UIConnectionPoint@@@ATL@@VCComSingleThreadModel@6@@ATL@@@ATL@@UAE@XZ 10003faa f i PINPad.obj
 0001:00002fcd       ??1?$CComObject@V?$CComEnum@UIEnumConnections@@$1?_GUID_b196b287_bab4_101a_b69c_00aa00341d07@@3U__s_GUID@@BUtagCONNECTDATA@@V?$_Copy@UtagCONNECTDATA@@@ATL@@VCComSingleThreadModel@6@@ATL@@@ATL@@UAE@XZ 10003fcd f i PINPad.obj
 0001:00002ff0       ??1?$CComObject@VCOPOSPINPad@@@ATL@@UAE@XZ 10003ff0 f i PINPad.obj
 0001:000030ae       ??1?$CComObjectCached@VCComClassFactory@ATL@@@ATL@@UAE@XZ 100040ae f i PINPad.obj
 0001:000030c4       ??1?$CComObjectRootEx@VCComMultiThreadModel@ATL@@@ATL@@QAE@XZ 100040c4 f i PINPad.obj
 0001:000030d9       ??1CRegObject@ATL@@UAE@XZ  100040d9 f i PINPad.obj
 0001:000030f9       ??4?$CComPtr@UIAdviseSink@@@ATL@@QAEPAUIAdviseSink@@PAU2@@Z 100040f9 f i PINPad.obj
 0001:000030f9       ??4?$CComPtr@UIOleClientSite@@@ATL@@QAEPAUIOleClientSite@@PAU2@@Z 100040f9 f i PINPad.obj
 0001:000030f9       ??4?$CComPtr@UIUnknown@@@ATL@@QAEPAUIUnknown@@PAU2@@Z 100040f9 f i PINPad.obj
 0001:0000312d       ??4?$CComQIPtr@UIOleObject@@$1?_GUID_00000112_0000_0000_c000_000000000046@@3U__s_GUID@@B@ATL@@QAEPAUIOleObject@@PAUIUnknown@@@Z 1000412d f i PINPad.obj
 0001:00003152       ??4?$CComQIPtr@UISpecifyPropertyPages@@$1?_GUID_b196b28b_bab4_101a_b69c_00aa00341d07@@3U__s_GUID@@B@ATL@@QAEPAUISpecifyPropertyPages@@PAUIUnknown@@@Z 10004152 f i PINPad.obj
 0001:00003177       ??_E?$CComContainedObject@VCOPOSPINPad@@@ATL@@UAEPAXI@Z 10004177 f i PINPad.obj
 0001:00003177       ??_G?$CComContainedObject@VCOPOSPINPad@@@ATL@@UAEPAXI@Z 10004177 f i PINPad.obj
 0001:0000319c       ??_G?$CComObject@VCOPOSPINPad@@@ATL@@UAEPAXI@Z 1000419c f i PINPad.obj
 0001:0000319c       ??_E?$CComObject@VCOPOSPINPad@@@ATL@@UAEPAXI@Z 1000419c f i PINPad.obj
 0001:000031c1       ?Add@?$CSimpleArray@GV?$CSimpleArrayEqualHelper@G@ATL@@@ATL@@QAEHABG@Z 100041c1 f i PINPad.obj
 0001:00003245       ?Add@?$CSimpleMap@PA_WPA_WVCExpansionVectorEqualHelper@ATL@@@ATL@@QAEHABQA_W0@Z 10004245 f i PINPad.obj
 0001:0000329a       ?Add@CComDynamicUnkArray@ATL@@QAEKPAUIUnknown@@@Z 1000429a f i PINPad.obj
 0001:00003355       ?Add@CExpansionVector@ATL@@QAEHPB_W0@Z 10004355 f i PINPad.obj
 0001:00003459       ?AddString@CParseBuffer@CRegParser@ATL@@QAEHPB_W@Z 10004459 f i PINPad.obj
 0001:0000348e       ?AddValue@CRegParser@ATL@@IAEJAAVCRegKey@2@PB_WPA_W@Z 1000448e f i PINPad.obj
 0001:000037af       ?Allocate@?$CAtlSafeAllocBufferManager@VCCRTAllocator@ATL@@@_ATL_SAFE_ALLOCA_IMPL@ATL@@QAEPAXK@Z 100047af f i PINPad.obj
 0001:000037dc       ?Allocate@?$CTempBuffer@E$0BAA@VCCRTAllocator@ATL@@@ATL@@QAEPAEI@Z 100047dc f i PINPad.obj
 0001:0000380b       ?Allocate@?$CTempBuffer@_W$0BAA@VCCRTAllocator@ATL@@@ATL@@QAEPA_WI@Z 1000480b f i PINPad.obj
 0001:0000383a       ?Allocate@?$CTempBuffer@_W$0EAA@VCCRTAllocator@ATL@@@ATL@@QAEPA_WI@Z 1000483a f i PINPad.obj
 0001:00003869       ?AllocateHeap@?$CTempBuffer@E$0BAA@VCCRTAllocator@ATL@@@ATL@@AAEXI@Z 10004869 f i PINPad.obj
 0001:00003869       ?AllocateHeap@?$CTempBuffer@_W$0BAA@VCCRTAllocator@ATL@@@ATL@@AAEXI@Z 10004869 f i PINPad.obj
 0001:00003869       ?AllocateHeap@?$CTempBuffer@_W$0EAA@VCCRTAllocator@ATL@@@ATL@@AAEXI@Z 10004869 f i PINPad.obj
 0001:0000388e       ?Append@CParseBuffer@CRegParser@ATL@@QAEHPB_WH@Z 1000488e f i PINPad.obj
 0001:0000391c       ?AtlCallTermFunc@ATL@@YGXPAU_ATL_MODULE70@1@@Z 1000491c f i PINPad.obj
 0001:00003960       ?AtlCoTaskMemCAlloc@ATL@@YAPAXKK@Z 10004960 f i PINPad.obj
 0001:0000398d       ?AtlCoTaskMemRecalloc@ATL@@YAPAXPAXKK@Z 1000498d f i PINPad.obj
 0001:000039bd       ?AtlComModuleGetClassObject@ATL@@YGJPAU_ATL_COM_MODULE70@1@ABU_GUID@@1PAPAX@Z 100049bd f i PINPad.obj
 0001:00003ab0       ?AtlComModuleRegisterServer@ATL@@YGJPAU_ATL_COM_MODULE70@1@HPBU_GUID@@@Z 10004ab0 f i PINPad.obj
 0001:00003b38       ?AtlComModuleUnregisterServer@ATL@@YGJPAU_ATL_COM_MODULE70@1@HPBU_GUID@@@Z 10004b38 f i PINPad.obj
 0001:00003bc0       ?AtlComQIPtrAssign2@ATL@@YAXPAPAUIUnknown@@PAU2@ABU_GUID@@@Z 10004bc0 f i PINPad.obj
 0001:00003bef       ?AtlCreateTargetDC@ATL@@YGPAUHDC__@@PAU2@PAUtagDVTARGETDEVICE@@@Z 10004bef f i PINPad.obj
 0001:00003c58       ?AtlCrtErrorCheck@ATL@@YAHH@Z 10004c58 f i PINPad.obj
 0001:00003c93       ?AtlHiMetricToPixel@ATL@@YGXPBUtagSIZE@@PAU2@@Z 10004c93 f i PINPad.obj
 0001:00003d08       ?AtlHresultFromLastError@ATL@@YAJXZ 10004d08 f i PINPad.obj
 0001:00003d1f       ?AtlHresultFromWin32@ATL@@YAJK@Z 10004d1f f i PINPad.obj
 0001:00003d34       ?AtlIPersistStreamInit_Load@ATL@@YGJPAUIStream@@PBUATL_PROPMAP_ENTRY@1@PAXPAUIUnknown@@@Z 10004d34 f i PINPad.obj
 0001:00003f14       ?AtlIPersistStreamInit_Save@ATL@@YGJPAUIStream@@HPBUATL_PROPMAP_ENTRY@1@PAXPAUIUnknown@@@Z 10004f14 f i PINPad.obj
 0001:000040ac       ?AtlInternalOleLoadFromStream@ATL@@YAJPAUIStream@@ABU_GUID@@PAPAXTClassesAllowedInStream@1@K@Z 100050ac f i PINPad.obj
 0001:000041d2       ?AtlInternalQueryInterface@ATL@@YGJPAXPBU_ATL_INTMAP_ENTRY@1@ABU_GUID@@PAPAX@Z 100051d2 f i PINPad.obj
 0001:00004275       ?AtlLoadTypeLib@ATL@@YGJPAUHINSTANCE__@@PB_WPAPA_WPAPAUITypeLib@@@Z 10005275 f i PINPad.obj
 0001:00004453       ?AtlModuleAddTermFunc@ATL@@YGJPAU_ATL_MODULE70@1@P6GXK@ZK@Z 10005453 f i PINPad.obj
 0001:000044b0       ?AtlRegisterClassCategoriesHelper@ATL@@YGJABU_GUID@@PBU_ATL_CATMAP_ENTRY@1@H@Z 100054b0 f i PINPad.obj
 0001:00004790       ?AtlRegisterTypeLib@ATL@@YGJPAUHINSTANCE__@@PB_W@Z 10005790 f i PINPad.obj
 0001:00004918       ?AtlThrowImpl@ATL@@YGXJ@Z  10005918 f i PINPad.obj
 0001:00004936       ?AtlUnRegisterTypeLib@ATL@@YGJPAUHINSTANCE__@@PB_W@Z 10005936 f i PINPad.obj
 0001:000049e1       ?AtlWinModuleAddCreateWndData@ATL@@YGXPAU_ATL_WIN_MODULE70@1@PAU_AtlCreateWndData@1@PAX@Z 100059e1 f i PINPad.obj
 0001:00004a35       ?AtlWinModuleExtractCreateWndData@ATL@@YGPAXPAU_ATL_WIN_MODULE70@1@@Z 10005a35 f i PINPad.obj
 0001:00004a98       ?AtlWinModuleRegisterClassExW@ATL@@YGGPAU_ATL_WIN_MODULE70@1@PBUtagWNDCLASSEXW@@@Z 10005a98 f i PINPad.obj
 0001:00004ad7       ?CanForceRemoveKey@CRegParser@ATL@@IAEHPB_W@Z 10005ad7 f i PINPad.obj
 0001:00004b06       ?ChToByte@CRegParser@ATL@@KAE_W@Z 10005b06 f i PINPad.obj
 0001:00004b39       ?Cleanup@CComTypeInfoHolder@ATL@@SGXK@Z 10005b39 f i PINPad.obj
 0001:00004b6c       ?ClearReplacements@CExpansionVector@ATL@@QAEJXZ 10005b6c f i PINPad.obj
 0001:00004ba9       ?Close@CRegKey@ATL@@QAEJXZ 10005ba9 f i PINPad.obj
 0001:00004bc3       ?CreateInstance@?$CComCreator@V?$CComAggObject@VCOPOSPINPad@@@ATL@@@ATL@@SGJPAXABU_GUID@@PAPAX@Z 10005bc3 f i PINPad.obj
 0001:00004c39       ?CreateInstance@?$CComCreator@V?$CComObject@VCOPOSPINPad@@@ATL@@@ATL@@SGJPAXABU_GUID@@PAPAX@Z 10005c39 f i PINPad.obj
 0001:00004cba       ?CreateInstance@?$CComObject@V?$CComEnum@UIEnumConnectionPoints@@$1?_GUID_b196b285_bab4_101a_b69c_00aa00341d07@@3U__s_GUID@@BPAUIConnectionPoint@@V?$_CopyInterface@UIConnectionPoint@@@ATL@@VCComSingleThreadModel@6@@ATL@@@ATL@@SGJPAPAV12@@Z 10005cba f i PINPad.obj
 0001:00004d01       ?CreateInstance@?$CComObject@V?$CComEnum@UIEnumConnections@@$1?_GUID_b196b287_bab4_101a_b69c_00aa00341d07@@3U__s_GUID@@BUtagCONNECTDATA@@V?$_Copy@UtagCONNECTDATA@@@ATL@@VCComSingleThreadModel@6@@ATL@@@ATL@@SGJPAPAV12@@Z 10005d01 f i PINPad.obj
 0001:00004d48       ?DefaultReflectionHandler@?$CWindowImplRoot@VCWindow@ATL@@@ATL@@SAHPAUHWND__@@IIJAAJ@Z 10005d48 f i PINPad.obj
 0001:00004dbb       ?DeleteSubKey@CRegKey@ATL@@QAEJPB_W@Z 10005dbb f i PINPad.obj
 0001:00004e34       ?DoEvent@COPOSPINPad@@IAEXIIJ@Z 10005e34 f i PINPad.obj
 0001:00004eb4       ?DoVerbHide@?$IOleObjectImpl@VCOPOSPINPad@@@ATL@@QAEJPBUtagRECT@@PAUHWND__@@@Z 10005eb4 f i PINPad.obj
 0001:00004eea       ?DoVerbInPlaceActivate@?$IOleObjectImpl@VCOPOSPINPad@@@ATL@@QAEJPBUtagRECT@@PAUHWND__@@@Z 10005eea f i PINPad.obj
 0001:00004f1d       ?DoVerbPrimary@?$IOleObjectImpl@VCOPOSPINPad@@@ATL@@QAEJPBUtagRECT@@PAUHWND__@@@Z 10005f1d f i PINPad.obj
 0001:00004fa9       ?DoVerbProperties@CComControlBase@ATL@@QAEJPBUtagRECT@@PAUHWND__@@@Z 10005fa9 f i PINPad.obj
 0001:000050d0       ?DoVerbShow@?$IOleObjectImpl@VCOPOSPINPad@@@ATL@@QAEJPBUtagRECT@@PAUHWND__@@@Z 100060d0 f i PINPad.obj
 0001:000050f5       ?DoVerbUIActivate@?$IOleObjectImpl@VCOPOSPINPad@@@ATL@@QAEJPBUtagRECT@@PAUHWND__@@@Z 100060f5 f i PINPad.obj
 0001:00005132       ?DoesVerbActivate@CComControlBase@ATL@@QAEHJ@Z 10006132 f i PINPad.obj
 0001:00005153       ?DoesVerbUIActivate@CComControlBase@ATL@@QAEHJ@Z 10006153 f i PINPad.obj
 0001:00005188       ?EndOfVar@CRegParser@ATL@@IAEHXZ 10006188 f i PINPad.obj
 0001:000051a8       ?EscapeSingleQuote@CAtlModule@ATL@@SAXPA_WIPB_W@Z 100061a8 f i PINPad.obj
 0001:000051f7       ?FindKey@?$CSimpleMap@PA_WPA_WVCExpansionVectorEqualHelper@ATL@@@ATL@@QBEHABQA_W@Z 100061f7 f i PINPad.obj
 0001:0000522e       ?FireTheEvent@?$CProxy_IOPOSEvents@VCOPOSPINPad@@@@IAEXPAVOposVariant@@IAAJPB_WJ@Z 1000622e f i PINPad.obj
 0001:000052c0       ?FireViewChange@CComControlBase@ATL@@QAEJXZ 100062c0 f i PINPad.obj
 0001:00005309       ?Fire_DataEvent@?$CProxy_IOPOSEvents@VCOPOSPINPad@@@@QAEXJ@Z 10006309 f i PINPad.obj
 0001:00005395       ?Fire_DirectIOEvent@?$CProxy_IOPOSEvents@VCOPOSPINPad@@@@QAEXJPAJPAPA_W@Z 10006395 f i PINPad.obj
 0001:0000547b       ?Fire_ErrorEvent@?$CProxy_IOPOSEvents@VCOPOSPINPad@@@@QAEXJJJPAJ@Z 1000647b f i PINPad.obj
 0001:00005562       ?Fire_StatusUpdateEvent@?$CProxy_IOPOSEvents@VCOPOSPINPad@@@@QAEXJ@Z 10006562 f i PINPad.obj
 0001:000055ee       ?FreeHeap@?$CTempBuffer@_W$0BAA@VCCRTAllocator@ATL@@@ATL@@AAEXXZ 100065ee f i PINPad.obj
 0001:000055ee       ?FreeHeap@?$CTempBuffer@E$0BAA@VCCRTAllocator@ATL@@@ATL@@AAEXXZ 100065ee f i PINPad.obj
 0001:000055ee       ?FreeHeap@?$CTempBuffer@_W$0EAA@VCCRTAllocator@ATL@@@ATL@@AAEXXZ 100065ee f i PINPad.obj
 0001:000055f7       ?GetAmbientLocaleID@CComControlBase@ATL@@QAEJAAK@Z 100065f7 f i PINPad.obj
 0001:00005653       ?GetAmbientUserMode@CComControlBase@ATL@@QAEJAAH@Z 10006653 f i PINPad.obj
 0001:000056c3       ?GetAt@CComDynamicUnkArray@ATL@@QAEPAUIUnknown@@H@Z 100066c3 f i PINPad.obj
 0001:000056df       ?GetClassObject@CComModule@ATL@@QAEJABU_GUID@@0PAPAX@Z 100066df f i PINPad.obj
 0001:00005781       ?GetConnMap@COPOSPINPad@@SAPBU_ATL_CONNMAP_ENTRY@ATL@@PAH@Z 10006781 f i PINPad.obj
 0001:000057f1       ?GetCookie@CComDynamicUnkArray@ATL@@QAGKPAPAUIUnknown@@@Z 100067f1 f i PINPad.obj
 0001:00005829       ?GetIDsOfNames@CComTypeInfoHolder@ATL@@QAEJABU_GUID@@PAPA_WIKPAJ@Z 10006829 f i PINPad.obj
 0001:00005937       ?GetKeyAt@?$CSimpleMap@PA_WPA_WVCExpansionVectorEqualHelper@ATL@@@ATL@@QBEAAPA_WH@Z 10006937 f i PINPad.obj
 0001:0000595c       ?GetPagesHelper@?$ISpecifyPropertyPagesImpl@VCOPOSPINPad@@@ATL@@IAEJPAUtagCAUUID@@PBUATL_PROPMAP_ENTRY@2@@Z 1000695c f i PINPad.obj
 0001:00005a83       ?GetProperty@?$CComPtr@UIDispatch@@@ATL@@SAJPAUIDispatch@@JPAUtagVARIANT@@@Z 10006a83 f i PINPad.obj
 0001:00005ad2       ?GetSizeMax@CComVariant@ATL@@QBEJPAT_ULARGE_INTEGER@@@Z 10006ad2 f i PINPad.obj
 0001:00005c8c       ?GetStreamSize@CComBSTR@ATL@@SAKPA_W@Z 10006c8c f i PINPad.obj
 0001:00005ca6       ?GetTI@CComTypeInfoHolder@ATL@@QAEJK@Z 10006ca6 f i PINPad.obj
 0001:00005e8f       ?GetTI@CComTypeInfoHolder@ATL@@QAEJKPAPAUITypeInfo@@@Z 10006e8f f i PINPad.obj
 0001:00005ed1       ?GetUnknown@CComDynamicUnkArray@ATL@@QAGPAUIUnknown@@K@Z 10006ed1 f i PINPad.obj
 0001:00005ef2       ?GetValueAt@?$CSimpleMap@PA_WPA_WVCExpansionVectorEqualHelper@ATL@@@ATL@@QBEAAPA_WH@Z 10006ef2 f i PINPad.obj
 0001:00005f18       ?GetZoomInfo@CComControlBase@ATL@@QAEXAAUATL_DRAWINFO@@@Z 10006f18 f i PINPad.obj
 0001:00005fab       ?HKeyFromString@CRegParser@ATL@@KAPAUHKEY__@@PA_W@Z 10006fab f i PINPad.obj
 0001:00005fd9       ?HasSubKeys@CRegParser@ATL@@IAEHPAUHKEY__@@@Z 10006fd9 f i PINPad.obj
 0001:0000600e       ?IDataObject_GetData@CComControlBase@ATL@@QAEJPAUtagFORMATETC@@PAUtagSTGMEDIUM@@@Z 1000700e f i PINPad.obj
 0001:000061b4       ?IOleInPlaceObject_InPlaceDeactivate@CComControlBase@ATL@@QAEJXZ 100071b4 f i PINPad.obj
 0001:0000623b       ?IOleInPlaceObject_SetObjectRects@CComControlBase@ATL@@QAEJPBUtagRECT@@0@Z 1000723b f i PINPad.obj
 0001:00006308       ?IOleInPlaceObject_UIDeactivate@CComControlBase@ATL@@QAEJXZ 10007308 f i PINPad.obj
 0001:000063ca       ?IOleObject_Advise@CComControlBase@ATL@@QAEJPAUIAdviseSink@@PAK@Z 100073ca f i PINPad.obj
 0001:000063f4       ?IOleObject_Close@CComControlBase@ATL@@QAEJK@Z 100073f4 f i PINPad.obj
 0001:000064d8       ?IOleObject_GetClientSite@CComControlBase@ATL@@QAEJPAPAUIOleClientSite@@@Z 100074d8 f i PINPad.obj
 0001:00006501       ?IOleObject_SetClientSite@CComControlBase@ATL@@QAEJPAUIOleClientSite@@@Z 10007501 f i PINPad.obj
 0001:00006540       ?IOleObject_SetExtent@CComControlBase@ATL@@QAEJKPAUtagSIZE@@@Z 10007540 f i PINPad.obj
 0001:000065f4       ?IPSI_GetIPersistStreamInit@?$IPersistStorageImpl@VCOPOSPINPad@@@ATL@@AAEPAUIPersistStreamInit@@XZ 100075f4 f i PINPad.obj
 0001:00006636       ?IPersistStreamInit_Load@?$IPersistStreamInitImpl@VCOPOSPINPad@@@ATL@@QAEJPAUIStream@@PBUATL_PROPMAP_ENTRY@2@@Z 10007636 f i PINPad.obj
 0001:00006662       ?IPersistStreamInit_Save@?$IPersistStreamInitImpl@VCOPOSPINPad@@@ATL@@QAEJPAUIStream@@HPBUATL_PROPMAP_ENTRY@2@@Z 10007662 f i PINPad.obj
 0001:00006697       ?IQuickActivate_QuickActivate@CComControlBase@ATL@@QAEJPAUtagQACONTAINER@@PAUtagQACONTROL@@@Z 10007697 f i PINPad.obj
 0001:000068d9       ?IViewObject_Draw@CComControlBase@ATL@@QAEJKJPAXPAUtagDVTARGETDEVICE@@PAUHDC__@@2PBU_RECTL@@3@Z 100078d9 f i PINPad.obj
 0001:00006981       ?InPlaceActivate@CComControlBase@ATL@@QAEJJPBUtagRECT@@@Z 10007981 f i PINPad.obj
 0001:00006bf2       ?Init@?$CComEnumImpl@UIEnumConnectionPoints@@$1?_GUID_b196b285_bab4_101a_b69c_00aa00341d07@@3U__s_GUID@@BPAUIConnectionPoint@@V?$_CopyInterface@UIConnectionPoint@@@ATL@@@ATL@@QAEJPAPAUIConnectionPoint@@0PAUIUnknown@@W4CComEnumFlags@2@@Z 10007bf2 f i PINPad.obj
 0001:00006cd1       ?Init@?$CComEnumImpl@UIEnumConnections@@$1?_GUID_b196b287_bab4_101a_b69c_00aa00341d07@@3U__s_GUID@@BUtagCONNECTDATA@@V?$_Copy@UtagCONNECTDATA@@@ATL@@@ATL@@QAEJPAUtagCONNECTDATA@@0PAUIUnknown@@W4CComEnumFlags@2@@Z 10007cd1 f i PINPad.obj
 0001:00006db0       ?Init@CComModule@ATL@@QAEJPAU_ATL_OBJMAP_ENTRY30@2@PAUHINSTANCE__@@PBU_GUID@@@Z 10007db0 f i PINPad.obj
 0001:00006e0f       ?Init@CDynamicStdCallThunk2@ATL@@QAEHKPAX@Z 10007e0f f i PINPad.obj
 0001:00006e3a       ?InlineIsEqualUnknown@ATL@@YGHABU_GUID@@@Z 10007e3a f i PINPad.obj
 0001:00006e62       ?InternalGetSite@CComControlBase@ATL@@QAEJABU_GUID@@PAPAX@Z 10007e62 f i PINPad.obj
 0001:00006e90       ?InternalSetAtIndex@?$CSimpleMap@PA_WPA_WVCExpansionVectorEqualHelper@ATL@@@ATL@@QAEXHABQA_W0@Z 10007e90 f i PINPad.obj
 0001:00006eba       ?Invoke@CComTypeInfoHolder@ATL@@QAEJPAUIDispatch@@JABU_GUID@@KGPAUtagDISPPARAMS@@PAUtagVARIANT@@PAUtagEXCEPINFO@@PAI@Z 10007eba f i PINPad.obj
 0001:00006efd       ?IsEqualObject@?$CComPtrBase@UITypeInfo@@@ATL@@QAE_NPAUIUnknown@@@Z 10007efd f i PINPad.obj
 0001:00006efd       ?IsEqualObject@?$CComPtrBase@UIOleClientSite@@@ATL@@QAE_NPAUIUnknown@@@Z 10007efd f i PINPad.obj
 0001:00006f6a       ?IsSpace@CRegParser@ATL@@IAEH_W@Z 10007f6a f i PINPad.obj
 0001:00006f94       ?LoadNameCache@CComTypeInfoHolder@ATL@@QAEJPAUITypeInfo@@@Z 10007f94 f i PINPad.obj
 0001:000070e2       ?Lookup@?$CSimpleMap@PA_WPA_WVCExpansionVectorEqualHelper@ATL@@@ATL@@QBEPA_WABQA_W@Z 100080e2 f i PINPad.obj
 0001:00007108       ?NextToken@CRegParser@ATL@@IAEJPA_W@Z 10008108 f i PINPad.obj
 0001:00007240       ?OnKillFocus@CComControlBase@ATL@@QAEJIIJAAH@Z 10008240 f i PINPad.obj
 0001:0000729b       ?OnMouseActivate@CComControlBase@ATL@@QAEJIIJAAH@Z 1000829b f i PINPad.obj
 0001:00007309       ?OnPaint@CComControlBase@ATL@@QAEJIIJAAH@Z 10008309 f i PINPad.obj
 0001:000073bb       ?OnSetFocus@CComControlBase@ATL@@QAEJIIJAAH@Z 100083bb f i PINPad.obj
 0001:00007444       ?Open@CRegKey@ATL@@QAEJPAUHKEY__@@PB_WK@Z 10008444 f i PINPad.obj
 0001:00007499       ?PreProcessBuffer@CRegParser@ATL@@QAEJPA_WPAPA_W@Z 10008499 f i PINPad.obj
 0001:00007703       ?ProcessWindowMessage@?$CComControl@VCOPOSPINPad@@V?$CWindowImpl@VCOPOSPINPad@@VCWindow@ATL@@V?$CWinTraits@$0FGAAAAAA@$0A@@3@@ATL@@@ATL@@UAEHPAUHWND__@@IIJAAJK@Z 10008703 f i PINPad.obj
 0001:000077a2       ?PutProperty@?$CComPtr@UIDispatch@@@ATL@@SAJPAUIDispatch@@JPAUtagVARIANT@@@Z 100087a2 f i PINPad.obj
 0001:00007834       ?ReadFromStream@CComBSTR@ATL@@QAEJPAUIStream@@@Z 10008834 f i PINPad.obj
 0001:00007962       ?ReadFromStream@CComVariant@ATL@@QAEJPAUIStream@@GTClassesAllowedInStream@2@K@Z 10008962 f i PINPad.obj
 0001:00007ae8       ?RecurseDeleteKey@CRegKey@ATL@@QAEJPB_W@Z 10008ae8 f i PINPad.obj
 0001:00007baa       ?RegCreateKeyExW@CAtlTransactionManager@ATL@@QAEJPAUHKEY__@@PB_WKPA_WKKQAU_SECURITY_ATTRIBUTES@@PAPAU3@PAK@Z 10008baa f i PINPad.obj
 0001:00007c0d       ?RegDeleteKeyW@CAtlTransactionManager@ATL@@QAEJPAUHKEY__@@PB_W@Z 10008c0d f i PINPad.obj
 0001:00007c5f       ?RegOpenKeyExW@CAtlTransactionManager@ATL@@QAEJPAUHKEY__@@PB_WKKPAPAU3@@Z 10008c5f f i PINPad.obj
 0001:00007cb6       ?Register@_ATL_WNDCLASSINFOW@ATL@@QAEGPAP6GJPAUHWND__@@IIJ@Z@Z 10008cb6 f i PINPad.obj
 0001:00007cd6       ?RegisterBuffer@CRegParser@ATL@@QAEJPA_WH@Z 10008cd6 f i PINPad.obj
 0001:00007e0f       ?RegisterFromResource@CRegObject@ATL@@IAEJPB_W00H@Z 10008e0f f i PINPad.obj
 0001:00007f45       ?RegisterServer@?$CAtlModuleT@VCComModule@ATL@@@ATL@@QAEJHPBU_GUID@@@Z 10008f45 f i PINPad.obj
 0001:00007f73       ?RegisterServer@CComModule@ATL@@QAEJHPBU_GUID@@@Z 10008f73 f i PINPad.obj
 0001:00007fe9       ?RegisterSubkeys@CRegParser@ATL@@IAEJPA_WPAUHKEY__@@HH@Z 10008fe9 f i PINPad.obj
 0001:000085b8       ?Remove@CComDynamicUnkArray@ATL@@QAEHK@Z 100095b8 f i PINPad.obj
 0001:000085e1       ?RemoveAll@?$CSimpleMap@PA_WPA_WVCExpansionVectorEqualHelper@ATL@@@ATL@@QAEXXZ 100095e1 f i PINPad.obj
 0001:0000860d       ?ResourceRegisterSz@CRegObject@ATL@@QAGJPB_W00@Z 1000960d f i PINPad.obj
 0001:0000863a       ?ResourceUnregisterSz@CRegObject@ATL@@QAGJPB_W00@Z 1000963a f i PINPad.obj
 0001:00008667       ?SendOnDataChange@CComControlBase@ATL@@QAEJK@Z 10009667 f i PINPad.obj
 0001:000086b4       ?SetControlFocus@CComControlBase@ATL@@QAEHH@Z 100096b4 f i PINPad.obj
 0001:00008751       ?SetMultiStringValue@CRegKey@ATL@@QAEJPB_W0@Z 10009751 f i PINPad.obj
 0001:000087ad       ?SetStringValue@CRegKey@ATL@@QAEJPB_W0K@Z 100097ad f i PINPad.obj
 0001:000087f6       ?SkipAssignment@CRegParser@ATL@@IAEJPA_W@Z 100097f6 f i PINPad.obj
 0001:0000885b       ?SkipWhiteSpace@CRegParser@ATL@@IAEXXZ 1000985b f i PINPad.obj
 0001:0000887d       ?StrChrW@CRegParser@ATL@@KAPA_WPA_W_W@Z 1000987d f i PINPad.obj
 0001:000088ba       ?Term@CAtlModule@ATL@@QAEXXZ 100098ba f i PINPad.obj
 0001:000088f3       ?Term@CComModule@ATL@@QAEXXZ 100098f3 f i PINPad.obj
 0001:0000894b       ?UnregisterServer@?$CAtlModuleT@VCComModule@ATL@@@ATL@@QAEJHPBU_GUID@@@Z 1000994b f i PINPad.obj
 0001:00008971       ?UnregisterServer@CComModule@ATL@@QAEJHPBU_GUID@@@Z 10009971 f i PINPad.obj
 0001:000089e7       ?UpdateRegistryFromResource@CAtlModule@ATL@@QAGJIHPAU_ATL_REGMAP_ENTRY@2@@Z 100099e7 f i PINPad.obj
 0001:00008bb2       ?UpdateRegistryFromResource@CAtlModule@ATL@@QAGJPB_WHPAU_ATL_REGMAP_ENTRY@2@@Z 10009bb2 f i PINPad.obj
 0001:00008d83       ?VTFromRegType@CRegParser@ATL@@KAHPB_WAAG@Z 10009d83 f i PINPad.obj
 0001:00008df0       ?WindowProc@?$CWindowImplBaseT@VCWindow@ATL@@V?$CWinTraits@$0FGAAAAAA@$0A@@2@@ATL@@SGJPAUHWND__@@IIJ@Z 10009df0 f i PINPad.obj
 0001:00008ee2       ?WriteToStream@CComBSTR@ATL@@QAEJPAUIStream@@@Z 10009ee2 f i PINPad.obj
 0001:00008f39       ?WriteToStream@CComVariant@ATL@@QAEJPAUIStream@@@Z 10009f39 f i PINPad.obj
 0001:000090b3       ?WriteToStream@CComVariant@ATL@@QAEJPAUIStream@@G@Z 1000a0b3 f i PINPad.obj
 0001:0000911c       ?_AtlInitialConstruct@?$CComObjectRootEx@VCComMultiThreadModel@ATL@@@ATL@@QAEJXZ 1000a11c f i PINPad.obj
 0001:00009131       ?_AtlVerifyStackAvailable@_ATL_SAFE_ALLOCA_IMPL@ATL@@YA_NK@Z 1000a131 f i PINPad.obj
 0001:000091af       ?atlCreate@?$CWindowImpl@VCOPOSPINPad@@VCWindow@ATL@@V?$CWinTraits@$0FGAAAAAA@$0A@@3@@ATL@@QAEPAUHWND__@@PAU3@V_U_RECT@2@PB_WKKV_U_MENUorID@2@PAX@Z 1000a1af f i PINPad.obj
 0001:000091f3       ?atlCreate@?$CWindowImplBaseT@VCWindow@ATL@@V?$CWinTraits@$0FGAAAAAA@$0A@@2@@ATL@@QAEPAUHWND__@@PAU3@V_U_RECT@2@PB_WKKV_U_MENUorID@2@GPAX@Z 1000a1f3 f i PINPad.obj
 0001:0000928f       ?atlCreate@CRegKey@ATL@@QAEJPAUHKEY__@@PB_WPA_WKKPAU_SECURITY_ATTRIBUTES@@PAK@Z 1000a28f f i PINPad.obj
 0001:000092fe       ?copy@?$_Copy@UtagCONNECTDATA@@@ATL@@SAJPAUtagCONNECTDATA@@PBU3@@Z 1000a2fe f i PINPad.obj
 0001:00009334       ?copy@?$_CopyInterface@UIConnectionPoint@@@ATL@@SAJPAPAUIConnectionPoint@@PBQAU3@@Z 1000a334 f i PINPad.obj
 0001:00009362       ?memcpy_s@Checked@ATL@@YAXPAXIPBXI@Z 1000a362 f i PINPad.obj
 0001:00009381       ?ocscpy_s@@YA_NPA_WIPB_W@Z 1000a381 f i PINPad.obj
 0001:000093b0       ?ocslen@@YAHPB_W@Z         1000a3b0 f i PINPad.obj
 0001:000093d0       ?wcscpy_s@Checked@ATL@@YAXPA_WIPB_W@Z 1000a3d0 f i PINPad.obj
 0001:000093ec       _DllCanUnloadNow@0         1000a3ec f   PINPad.obj
 0001:000093f8       _DllGetClassObject@12      1000a3f8 f   PINPad.obj
 0001:00009406       _DllMain@12                1000a406 f   PINPad.obj
 0001:00009448       _DllRegisterServer@0       1000a448 f   PINPad.obj
 0001:00009457       _DllUnregisterServer@0     1000a457 f   PINPad.obj
 0001:00009466       _InlineIsEqualGUID         1000a466 f i PINPad.obj
 0001:00009496       ___local_stdio_printf_options 1000a496 f i PINPad.obj
 0001:0000949c       __vswprintf_s_l            1000a49c f i PINPad.obj
 0001:00009549       _swprintf_s                1000a549 f i PINPad.obj
 0001:00009565       ??0?$CComControl@VCOPOSPINPad@@V?$CWindowImpl@VCOPOSPINPad@@VCWindow@ATL@@V?$CWinTraits@$0FGAAAAAA@$0A@@3@@ATL@@@ATL@@QAE@XZ 1000a565 f i PINPadImpl.obj
 0001:0000958c       ??0?$CProxy_IOPOSEvents@VCOPOSPINPad@@@@QAE@XZ 1000a58c f i PINPadImpl.obj
 0001:000095ac       ??0CComControlBase@ATL@@QAE@AAPAUHWND__@@@Z 1000a5ac f i PINPadImpl.obj
 0001:000095f6       ??0COPOSPINPad@@QAE@XZ     1000a5f6 f   PINPadImpl.obj
 0001:0000962c       ??1?$CComControl@VCOPOSPINPad@@V?$CWindowImpl@VCOPOSPINPad@@VCWindow@ATL@@V?$CWinTraits@$0FGAAAAAA@$0A@@3@@ATL@@@ATL@@UAE@XZ 1000a62c f i PINPadImpl.obj
 0001:00009645       ??1?$IConnectionPointImpl@VCOPOSPINPad@@$1?DIID__IOPOSPINPadEvents@@3U_GUID@@BVCComDynamicUnkArray@ATL@@@ATL@@QAE@XZ 1000a645 f i PINPadImpl.obj
 0001:00009645       ??1?$IConnectionPointImpl@VCOPOSPINPad@@$1?IID_IPropertyNotifySink@@3U_GUID@@BVCComDynamicUnkArray@ATL@@@ATL@@QAE@XZ 1000a645 f i PINPadImpl.obj
 0001:00009682       ??1CComControlBase@ATL@@UAE@XZ 1000a682 f i PINPadImpl.obj
 0001:000096e5       ??1COPOSPINPad@@UAE@XZ     1000a6e5 f   PINPadImpl.obj
 0001:0000972d       ??1OposVariantResult@@QAE@XZ 1000a72d f i PINPadImpl.obj
 0001:0000974e       ??1_CW@@QAE@XZ             1000a74e f i PINPadImpl.obj
 0001:00009767       ?BeginEFTTransaction@COPOSPINPad@@UAGJPA_WJPAJ@Z 1000a767 f   PINPadImpl.obj
 0001:000097e3       ?CheckHealth@COPOSPINPad@@UAGJJPAJ@Z 1000a7e3 f   PINPadImpl.obj
 0001:00009832       ?ClaimDevice@COPOSPINPad@@UAGJJPAJ@Z 1000a832 f   PINPadImpl.obj
 0001:000098a7       ?ClearInput@COPOSPINPad@@UAGJPAJ@Z 1000a8a7 f   PINPadImpl.obj
 0001:000098c2       ?ClearInputProperties@COPOSPINPad@@UAGJPAJ@Z 1000a8c2 f   PINPadImpl.obj
 0001:000098dd       ?Close@COPOSPINPad@@UAGJPAJ@Z 1000a8dd f   PINPadImpl.obj
 0001:0000994b       ?CompareFirmwareVersion@COPOSPINPad@@UAGJPA_WPAJ1@Z 1000a94b f   PINPadImpl.obj
 0001:000099cb       ?ComputeMAC@COPOSPINPad@@UAGJPA_WPAPA_WPAJ@Z 1000a9cb f   PINPadImpl.obj
 0001:00009a4b       ?DirectIO@COPOSPINPad@@UAGJJPAJPAPA_W0@Z 1000aa4b f   PINPadImpl.obj
 0001:00009af9       ?DoInvoke@COPOSPINPad@@IAEJJPAVOposVariant@@IHPAJ_N@Z 1000aaf9 f   PINPadImpl.obj
 0001:00009bbb       ?EnablePINEntry@COPOSPINPad@@UAGJPAJ@Z 1000abbb f   PINPadImpl.obj
 0001:00009bd6       ?EndEFTTransaction@COPOSPINPad@@UAGJJPAJ@Z 1000abd6 f   PINPadImpl.obj
 0001:00009c25       ?EventClose@COPOSPINPad@@IAEXXZ 1000ac25 f i PINPadImpl.obj
 0001:00009c58       ?EventInit@COPOSPINPad@@IAEJXZ 1000ac58 f i PINPadImpl.obj
 0001:00009d24       ?EventUninit@COPOSPINPad@@IAEXXZ 1000ad24 f i PINPadImpl.obj
 0001:00009d76       ?EventWindowProc@COPOSPINPad@@IAGJIIJ@Z 1000ad76 f i PINPadImpl.obj
 0001:00009e4a       ?FinalConstruct@COPOSPINPad@@QAEJXZ 1000ae4a f   PINPadImpl.obj
 0001:00009e83       ?FireEventCleanup@COPOSPINPad@@IAEXXZ 1000ae83 f i PINPadImpl.obj
 0001:00009e99       ?FireEventSetup@COPOSPINPad@@IAE_NXZ 1000ae99 f i PINPadImpl.obj
 0001:00009ecd       ?FreezeEvents@COPOSPINPad@@MAGJH@Z 1000aecd f   PINPadImpl.obj
 0001:00009f2d       ?GetOposProp@COPOSPINPad@@IAEJJPAFJ@Z 1000af2d f   PINPadImpl.obj
 0001:00009f50       ?GetOposProp@COPOSPINPad@@IAEJJPAJJ@Z 1000af50 f   PINPadImpl.obj
 0001:0000a00e       ?GetOposProp@COPOSPINPad@@IAEJJPAPA_WJ@Z 1000b00e f   PINPadImpl.obj
 0001:0000a0d9       ?OnDraw@COPOSPINPad@@MAEJAAUATL_DRAWINFO@@@Z 1000b0d9 f   PINPadImpl.obj
 0001:0000a179       ?Open@COPOSPINPad@@UAGJPA_WPAJ@Z 1000b179 f   PINPadImpl.obj
 0001:0000a916       ?ReleaseDevice@COPOSPINPad@@UAGJPAJ@Z 1000b916 f   PINPadImpl.obj
 0001:0000a965       ?ResetStatistics@COPOSPINPad@@UAGJPA_WPAJ@Z 1000b965 f   PINPadImpl.obj
 0001:0000a9bc       ?RetrieveStatistics@COPOSPINPad@@UAGJPAPA_WPAJ@Z 1000b9bc f   PINPadImpl.obj
 0001:0000aa13       ?SOProcessID@COPOSPINPad@@UAGJPAJ@Z 1000ba13 f   PINPadImpl.obj
 0001:0000aa27       ?SetCOFreezeEvents@COPOSPINPad@@IAEXF@Z 1000ba27 f   PINPadImpl.obj
 0001:0000aab2       ?SetOposProp@COPOSPINPad@@IAEJJJJ@Z 1000bab2 f   PINPadImpl.obj
 0001:0000ab90       ?SetOposProp@COPOSPINPad@@IAEJJPA_WJ@Z 1000bb90 f   PINPadImpl.obj
 0001:0000ac7c       ?UpdateFirmware@COPOSPINPad@@UAGJPA_WPAJ@Z 1000bc7c f   PINPadImpl.obj
 0001:0000acd3       ?UpdateKey@COPOSPINPad@@UAGJJPA_WPAJ@Z 1000bcd3 f   PINPadImpl.obj
 0001:0000ad4f       ?UpdateStatistics@COPOSPINPad@@UAGJPA_WPAJ@Z 1000bd4f f   PINPadImpl.obj
 0001:0000ada6       ?VerifyMAC@COPOSPINPad@@UAGJPA_WPAJ@Z 1000bda6 f   PINPadImpl.obj
 0001:0000adfd       ?get_AccountNumber@COPOSPINPad@@UAGJPAPA_W@Z 1000bdfd f   PINPadImpl.obj
 0001:0000ae16       ?get_AdditionalSecurityInformation@COPOSPINPad@@UAGJPAPA_W@Z 1000be16 f   PINPadImpl.obj
 0001:0000ae2f       ?get_Amount@COPOSPINPad@@UAGJPATtagCY@@@Z 1000be2f f   PINPadImpl.obj
 0001:0000aec0       ?get_AvailableLanguagesList@COPOSPINPad@@UAGJPAPA_W@Z 1000bec0 f   PINPadImpl.obj
 0001:0000aed9       ?get_AvailablePromptsList@COPOSPINPad@@UAGJPAPA_W@Z 1000bed9 f   PINPadImpl.obj
 0001:0000aef2       ?get_BinaryConversion@COPOSPINPad@@UAGJPAJ@Z 1000bef2 f   PINPadImpl.obj
 0001:0000af08       ?get_CapCompareFirmwareVersion@COPOSPINPad@@UAGJPAF@Z 1000bf08 f   PINPadImpl.obj
 0001:0000af21       ?get_CapDisplay@COPOSPINPad@@UAGJPAJ@Z 1000bf21 f   PINPadImpl.obj
 0001:0000af3a       ?get_CapKeyboard@COPOSPINPad@@UAGJPAF@Z 1000bf3a f   PINPadImpl.obj
 0001:0000af53       ?get_CapLanguage@COPOSPINPad@@UAGJPAJ@Z 1000bf53 f   PINPadImpl.obj
 0001:0000af6c       ?get_CapMACCalculation@COPOSPINPad@@UAGJPAF@Z 1000bf6c f   PINPadImpl.obj
 0001:0000af85       ?get_CapPowerReporting@COPOSPINPad@@UAGJPAJ@Z 1000bf85 f   PINPadImpl.obj
 0001:0000af9e       ?get_CapStatisticsReporting@COPOSPINPad@@UAGJPAF@Z 1000bf9e f   PINPadImpl.obj
 0001:0000afb7       ?get_CapTone@COPOSPINPad@@UAGJPAF@Z 1000bfb7 f   PINPadImpl.obj
 0001:0000afd0       ?get_CapUpdateFirmware@COPOSPINPad@@UAGJPAF@Z 1000bfd0 f   PINPadImpl.obj
 0001:0000afe9       ?get_CapUpdateStatistics@COPOSPINPad@@UAGJPAF@Z 1000bfe9 f   PINPadImpl.obj
 0001:0000b002       ?get_CheckHealthText@COPOSPINPad@@UAGJPAPA_W@Z 1000c002 f   PINPadImpl.obj
 0001:0000b01b       ?get_Claimed@COPOSPINPad@@UAGJPAF@Z 1000c01b f   PINPadImpl.obj
 0001:0000b031       ?get_ControlObjectDescription@COPOSPINPad@@UAGJPAPA_W@Z 1000c031 f   PINPadImpl.obj
 0001:0000b06e       ?get_ControlObjectVersion@COPOSPINPad@@UAGJPAJ@Z 1000c06e f   PINPadImpl.obj
 0001:0000b081       ?get_DataCount@COPOSPINPad@@UAGJPAJ@Z 1000c081 f   PINPadImpl.obj
 0001:0000b097       ?get_DataEventEnabled@COPOSPINPad@@UAGJPAF@Z 1000c097 f   PINPadImpl.obj
 0001:0000b0ad       ?get_DeviceDescription@COPOSPINPad@@UAGJPAPA_W@Z 1000c0ad f   PINPadImpl.obj
 0001:0000b0c6       ?get_DeviceEnabled@COPOSPINPad@@UAGJPAF@Z 1000c0c6 f   PINPadImpl.obj
 0001:0000b0dc       ?get_DeviceName@COPOSPINPad@@UAGJPAPA_W@Z 1000c0dc f   PINPadImpl.obj
 0001:0000b0f5       ?get_EncryptedPIN@COPOSPINPad@@UAGJPAPA_W@Z 1000c0f5 f   PINPadImpl.obj
 0001:0000b10e       ?get_FreezeEvents@COPOSPINPad@@UAGJPAF@Z 1000c10e f   PINPadImpl.obj
 0001:0000b124       ?get_MaximumPINLength@COPOSPINPad@@UAGJPAJ@Z 1000c124 f   PINPadImpl.obj
 0001:0000b13d       ?get_MerchantID@COPOSPINPad@@UAGJPAPA_W@Z 1000c13d f   PINPadImpl.obj
 0001:0000b156       ?get_MinimumPINLength@COPOSPINPad@@UAGJPAJ@Z 1000c156 f   PINPadImpl.obj
 0001:0000b16f       ?get_OpenResult@COPOSPINPad@@UAGJPAJ@Z 1000c16f f   PINPadImpl.obj
 0001:0000b186       ?get_PINEntryEnabled@COPOSPINPad@@UAGJPAF@Z 1000c186 f   PINPadImpl.obj
 0001:0000b19f       ?get_PowerNotify@COPOSPINPad@@UAGJPAJ@Z 1000c19f f   PINPadImpl.obj
 0001:0000b1b5       ?get_PowerState@COPOSPINPad@@UAGJPAJ@Z 1000c1b5 f   PINPadImpl.obj
 0001:0000b1cb       ?get_Prompt@COPOSPINPad@@UAGJPAJ@Z 1000c1cb f   PINPadImpl.obj
 0001:0000b1e4       ?get_PromptLanguage@COPOSPINPad@@UAGJPAJ@Z 1000c1e4 f   PINPadImpl.obj
 0001:0000b1fd       ?get_ResultCode@COPOSPINPad@@UAGJPAJ@Z 1000c1fd f   PINPadImpl.obj
 0001:0000b23b       ?get_ResultCodeExtended@COPOSPINPad@@UAGJPAJ@Z 1000c23b f   PINPadImpl.obj
 0001:0000b251       ?get_ServiceObjectDescription@COPOSPINPad@@UAGJPAPA_W@Z 1000c251 f   PINPadImpl.obj
 0001:0000b26a       ?get_ServiceObjectVersion@COPOSPINPad@@UAGJPAJ@Z 1000c26a f   PINPadImpl.obj
 0001:0000b280       ?get_State@COPOSPINPad@@UAGJPAJ@Z 1000c280 f   PINPadImpl.obj
 0001:0000b2ac       ?get_TerminalID@COPOSPINPad@@UAGJPAPA_W@Z 1000c2ac f   PINPadImpl.obj
 0001:0000b2c5       ?get_Track1Data@COPOSPINPad@@UAGJPAPA_W@Z 1000c2c5 f   PINPadImpl.obj
 0001:0000b2de       ?get_Track2Data@COPOSPINPad@@UAGJPAPA_W@Z 1000c2de f   PINPadImpl.obj
 0001:0000b2f7       ?get_Track3Data@COPOSPINPad@@UAGJPAPA_W@Z 1000c2f7 f   PINPadImpl.obj
 0001:0000b310       ?get_Track4Data@COPOSPINPad@@UAGJPAPA_W@Z 1000c310 f   PINPadImpl.obj
 0001:0000b329       ?get_TransactionType@COPOSPINPad@@UAGJPAJ@Z 1000c329 f   PINPadImpl.obj
 0001:0000b342       ?put_AccountNumber@COPOSPINPad@@UAGJPA_W@Z 1000c342 f   PINPadImpl.obj
 0001:0000b35b       ?put_Amount@COPOSPINPad@@UAGJTtagCY@@@Z 1000c35b f   PINPadImpl.obj
 0001:0000b3fc       ?put_BinaryConversion@COPOSPINPad@@UAGJJ@Z 1000c3fc f   PINPadImpl.obj
 0001:0000b412       ?put_DataEventEnabled@COPOSPINPad@@UAGJF@Z 1000c412 f   PINPadImpl.obj
 0001:0000b42f       ?put_DeviceEnabled@COPOSPINPad@@UAGJF@Z 1000c42f f   PINPadImpl.obj
 0001:0000b44c       ?put_FreezeEvents@COPOSPINPad@@UAGJF@Z 1000c44c f   PINPadImpl.obj
 0001:0000b498       ?put_MaximumPINLength@COPOSPINPad@@UAGJJ@Z 1000c498 f   PINPadImpl.obj
 0001:0000b4b1       ?put_MerchantID@COPOSPINPad@@UAGJPA_W@Z 1000c4b1 f   PINPadImpl.obj
 0001:0000b4ca       ?put_MinimumPINLength@COPOSPINPad@@UAGJJ@Z 1000c4ca f   PINPadImpl.obj
 0001:0000b4e3       ?put_PowerNotify@COPOSPINPad@@UAGJJ@Z 1000c4e3 f   PINPadImpl.obj
 0001:0000b4f9       ?put_Prompt@COPOSPINPad@@UAGJJ@Z 1000c4f9 f   PINPadImpl.obj
 0001:0000b512       ?put_PromptLanguage@COPOSPINPad@@UAGJJ@Z 1000c512 f   PINPadImpl.obj
 0001:0000b52b       ?put_TerminalID@COPOSPINPad@@UAGJPA_W@Z 1000c52b f   PINPadImpl.obj
 0001:0000b544       ?put_Track1Data@COPOSPINPad@@UAGJPA_W@Z 1000c544 f   PINPadImpl.obj
 0001:0000b55d       ?put_Track2Data@COPOSPINPad@@UAGJPA_W@Z 1000c55d f   PINPadImpl.obj
 0001:0000b576       ?put_Track3Data@COPOSPINPad@@UAGJPA_W@Z 1000c576 f   PINPadImpl.obj
 0001:0000b58f       ?put_Track4Data@COPOSPINPad@@UAGJPA_W@Z 1000c58f f   PINPadImpl.obj
 0001:0000b5a8       ?put_TransactionType@COPOSPINPad@@UAGJJ@Z 1000c5a8 f   PINPadImpl.obj
 0001:0000b5c1       ?s_EventWindowProc@COPOSPINPad@@KGJPAUHWND__@@IIJ@Z 1000c5c1 f i PINPadImpl.obj
 0001:0000b613       ??_U@YAPAXI@Z              1000c613 f   LIBCMT:new_array.obj
 0001:0000b61c       ??3@YAXPAXI@Z              1000c61c f   LIBCMT:delete_scalar_size.obj
 0001:0000b62a       ??_V@YAXPAX@Z              1000c62a f   LIBCMT:delete_array.obj
 0001:0000b62f       ??_V@YAXPAXI@Z             1000c62f f   LIBCMT:delete_array_size.obj
 0001:0000b63d       ??$__crt_fast_encode_pointer@P6GXPAU_RTL_CONDITION_VARIABLE@@@Z@@YAP6GXPAU_RTL_CONDITION_VARIABLE@@@ZQ6GX0@Z@Z 1000c63d f i LIBCMT:thread_safe_statics.obj
 0001:0000b63d       ??$__crt_fast_encode_pointer@PAP6AXXZ@@YAPAP6AXXZQAP6AXXZ@Z 1000c63d f i LIBCMT:utility.obj
 0001:0000b63d       ??$__crt_fast_encode_pointer@P6GHPAU_RTL_CONDITION_VARIABLE@@PAU_RTL_CRITICAL_SECTION@@K@Z@@YAP6GHPAU_RTL_CONDITION_VARIABLE@@PAU_RTL_CRITICAL_SECTION@@K@ZQ6GH01K@Z@Z 1000c63d f i LIBCMT:thread_safe_statics.obj
 0001:0000b63d       ??$__crt_fast_encode_pointer@PAX@@YAPAXQAX@Z 1000c63d f i libvcruntime:winapi_downlevel.obj
 0001:0000b69e       ___scrt_acquire_startup_lock 1000c69e f   LIBCMT:utility.obj
 0001:0000b6d0       ___scrt_dllmain_after_initialize_c 1000c6d0 f   LIBCMT:utility.obj
 0001:0000b6fb       ___scrt_dllmain_before_initialize_c 1000c6fb f   LIBCMT:utility.obj
 0001:0000b709       ___scrt_dllmain_crt_thread_attach 1000c709 f   LIBCMT:utility.obj
 0001:0000b728       ___scrt_dllmain_crt_thread_detach 1000c728 f   LIBCMT:utility.obj
 0001:0000b735       ___scrt_dllmain_exception_filter 1000c735 f   LIBCMT:utility.obj
 0001:0000b769       ___scrt_dllmain_uninitialize_c 1000c769 f   LIBCMT:utility.obj
 0001:0000b78c       ___scrt_dllmain_uninitialize_critical 1000c78c f   LIBCMT:utility.obj
 0001:0000b799       ___scrt_initialize_crt     1000c799 f   LIBCMT:utility.obj
 0001:0000b7d2       ___scrt_initialize_onexit_tables 1000c7d2 f   LIBCMT:utility.obj
 0001:0000b877       ___scrt_is_nonwritable_in_current_image 1000c877 f   LIBCMT:utility.obj
 0001:0000b90b       ___scrt_release_startup_lock 1000c90b f   LIBCMT:utility.obj
 0001:0000b928       ___scrt_uninitialize_crt   1000c928 f   LIBCMT:utility.obj
 0001:0000b950       __onexit                   1000c950 f   LIBCMT:utility.obj
 0001:0000b98b       _atexit                    1000c98b f   LIBCMT:utility.obj
 0001:0000b9a0       ??3@YAXPAX@Z               1000c9a0 f   LIBCMT:delete_scalar.obj
 0001:0000bad7       __Init_thread_footer       1000cad7 f   LIBCMT:thread_safe_statics.obj
 0001:0000bb21       __Init_thread_header       1000cb21 f   LIBCMT:thread_safe_statics.obj
 0001:0000bb73       __Init_thread_notify       1000cb73 f   LIBCMT:thread_safe_statics.obj
 0001:0000bbb5       __Init_thread_wait         1000cbb5 f   LIBCMT:thread_safe_statics.obj
 0001:0000bc15       ___raise_securityfailure   1000cc15 f   LIBCMT:gs_report.obj
 0001:0000bc3d       ___report_gsfailure        1000cc3d f   LIBCMT:gs_report.obj
 0001:0000bd36       ___report_rangecheckfailure 1000cd36 f   LIBCMT:gs_report.obj
 0001:0000bd42       ___report_securityfailure  1000cd42 f   LIBCMT:gs_report.obj
 0001:0000be10       ??2@YAPAXIABUnothrow_t@std@@@Z 1000ce10 f   LIBCMT:new_scalar_nothrow.obj
 0001:0000be60       ??_U@YAPAXIABUnothrow_t@std@@@Z 1000ce60 f   LIBCMT:new_array_nothrow.obj
 0001:0000be69       @__security_check_cookie@4 1000ce69 f   LIBCMT:secchk.obj
 0001:0000be80       __SEH_prolog4_GS           1000ce80 f   LIBCMT:sehprolg4gs.obj
 0001:0000bec9       __SEH_epilog4_GS           1000cec9 f   LIBCMT:sehprolg4gs.obj
 0001:0000bee0       __alloca_probe_16          1000cee0 f   LIBCMT:alloca16.obj
 0001:0000bef6       __alloca_probe_8           1000cef6     LIBCMT:alloca16.obj
 0001:0000bf10       __chkstk                   1000cf10 f   LIBCMT:chkstk.obj
[...]
 0002:00001c04       ?candidate_modules@?1??try_get_FlsGetValue@@YAP6GPAXK@ZXZ@4QBW4module_id@?A0x5d2a34d3@@B 10020c04     libvcruntime:winapi_downlevel.obj
 0002:00001c18       ?candidate_modules@?1??try_get_FlsSetValue@@YAP6GHKPAX@ZXZ@4QBW4module_id@?A0x5d2a34d3@@B 10020c18     libvcruntime:winapi_downlevel.obj
 0002:00001c2c       ?candidate_modules@?1??try_get_InitializeCriticalSectionEx@@YAP6GHPAU_RTL_CRITICAL_SECTION@@KK@ZXZ@4QBW4module_id@?A0x5d2a34d3@@B 10020c2c     libvcruntime:winapi_downlevel.obj
 0002:00001c70       ?tokenTable@@3QBQBDB       10020c70     libvcruntime:undname.obj
 0002:00001cb0       ?nameTable@@3QBQBDB        10020cb0     libvcruntime:undname.obj
 0002:00001df8       ?rttiTable@@3QBQBDB        10020df8     libvcruntime:undname.obj
 0002:00002410       _errtable                  10021410     libucrt:errno.obj
 0002:000026b8       ___acrt_initializers       100216b8     libucrt:initialization.obj
 0002:00002730       _module_names              10021730     libucrt:winapi_thunks.obj
 0002:00002c78       ?candidate_modules@?1??try_get_FlsAlloc@@YAP6GKP6GXPAX@Z@ZXZ@4QBW4module_id@?A0x352e5c4b@@B 10021c78     libucrt:winapi_thunks.obj
 0002:00002c8c       ?candidate_modules@?1??try_get_FlsFree@@YAP6GHK@ZXZ@4QBW4module_id@?A0x352e5c4b@@B 10021c8c     libucrt:winapi_thunks.obj
 0002:00002c9c       ?candidate_modules@?1??try_get_FlsGetValue@@YAP6GPAXK@ZXZ@4QBW4module_id@?A0x352e5c4b@@B 10021c9c     libucrt:winapi_thunks.obj
 0002:00002cb0       ?candidate_modules@?1??try_get_FlsSetValue@@YAP6GHKPAX@ZXZ@4QBW4module_id@?A0x352e5c4b@@B 10021cb0     libucrt:winapi_thunks.obj
 0002:00002cc4       ?candidate_modules@?1??try_get_GetCurrentPackageId@@YAP6GJPAIPAE@ZXZ@4QBW4module_id@?A0x352e5c4b@@B 10021cc4     libucrt:winapi_thunks.obj
 0002:00002ce0       ?candidate_modules@?1??try_get_InitializeCriticalSectionEx@@YAP6GHPAU_RTL_CRITICAL_SECTION@@KK@ZXZ@4QBW4module_id@?A0x352e5c4b@@B 10021ce0     libucrt:winapi_thunks.obj
 0002:00002d04       ?candidate_modules@?1??try_get_LCMapStringEx@@YAP6GHPB_WK0HPA_WHPAU_nlsversioninfo@@PAXJ@ZXZ@4QBW4module_id@?A0x352e5c4b@@B 10021d04     libucrt:winapi_thunks.obj
 0002:00002d1c       ?candidate_modules@?1??try_get_LocaleNameToLCID@@YAP6GKPB_WK@ZXZ@4QBW4module_id@?A0x352e5c4b@@B 10021d1c     libucrt:winapi_thunks.obj
 0002:00002d38       ?candidate_modules@?1??try_get_SetThreadStackGuarantee@@YAP6GHPAK@ZXZ@4QBW4module_id@?A0x352e5c4b@@B 10021d38     libucrt:winapi_thunks.obj
 0002:00003264       __mb_locale_names          10022264     libucrt:mbctype.obj
 0002:00003ab0       _LcidToLocaleNameTable     10022ab0     libucrt:lcidtoname_downlevel.obj
 0002:00004bd8       _LocaleNameToIndexTable    10023bd8     libucrt:lcidtoname_downlevel.obj
 0002:00006510       LOG_name                   10025510     libucrt:log10.obj
 0002:00006520       _One                       10025520     libucrt:ceil_pentium4.obj
 0002:00006530       _Bns                       10025530     libucrt:ceil_pentium4.obj
 0002:00006540       _Zero                      10025540     libucrt:ceil_pentium4.obj
 0002:00006550       _S                         10025550     libucrt:ceil_pentium4.obj
 0002:00006560       _NegZero                   10025560     libucrt:ceil_pentium4.obj
 0002:00006570       emask                      10025570     libucrt:log10_pentium4.obj
 0002:00006580       CC                         10025580     libucrt:log10_pentium4.obj
 0002:00006590       Magic                      10025590     libucrt:log10_pentium4.obj
 0002:000065a0       hi_mask                    100255a0     libucrt:log10_pentium4.obj
 0002:000065b0       LOG10_2                    100255b0     libucrt:log10_pentium4.obj
 0002:000065c0       place_L                    100255c0     libucrt:log10_pentium4.obj
 0002:000065e0       One                        100255e0     libucrt:log10_pentium4.obj
 0002:000065f0       Zero                       100255f0     libucrt:log10_pentium4.obj
 0002:00006600       Two52                      10025600     libucrt:log10_pentium4.obj
 0002:00006610       Infs                       10025610     libucrt:log10_pentium4.obj
 0002:00006620       NaN                        10025620     libucrt:log10_pentium4.obj
 0002:00006630       coeff                      10025630     libucrt:log10_pentium4.obj
 0002:0000668e       _log2max                   1002568e     libucrt:87tran.obj
 0002:00006698       _smallarg                  10025698     libucrt:87tran.obj
 0002:000066a2       _half                      100256a2     libucrt:87tran.obj
 0002:000066ee       One                        100256ee     libucrt:87disp.obj
 0002:000066f6       Three                      100256f6     libucrt:87disp.obj
 0002:000066fe       XAMtoTagTab                100256fe     libucrt:87disp.obj
 0002:00006710       One                        10025710     libucrt:common.obj
 0002:00006724       DblMax                     10025724     libucrt:common.obj
 0002:0000672c       DblMin                     1002572c     libucrt:common.obj
 0002:00006734       IeeeAdjO                   10025734     libucrt:common.obj
 0002:0000673c       IeeeAdjU                   1002573c     libucrt:common.obj
 0002:00006744       _infinity                  10025744     libucrt:common.obj
 0002:0000674c       _zero                      1002574c     libucrt:common.obj
 0002:00006788       _over                      10025788     libucrt:fpctrl.obj
 0002:00006794       _under                     10025794     libucrt:fpctrl.obj
 0002:00007058       ?_names@?1??_get_fname@@9@9 10026058     libucrt:fpexcept.obj
 0002:00007828       __sehtable$?_AtlVerifyStackAvailable@_ATL_SAFE_ALLOCA_IMPL@ATL@@YA_NK@Z 10026828     PINPad.obj
 0002:00007848       __sehtable$___scrt_is_nonwritable_in_current_image 10026848     LIBCMT:utility.obj
 0002:00007864       __ehfuncinfo$?__scrt_initialize_thread_safe_statics_platform_specific@@YAXXZ 10026864     LIBCMT:thread_safe_statics.obj
 0002:00007888       __catchsym$??2@YAPAXIABUnothrow_t@std@@@Z$2 10026888     LIBCMT:new_scalar_nothrow.obj
 0002:00007898       __unwindtable$??2@YAPAXIABUnothrow_t@std@@@Z 10026898     LIBCMT:new_scalar_nothrow.obj
 0002:000078a8       __tryblocktable$??2@YAPAXIABUnothrow_t@std@@@Z 100268a8     LIBCMT:new_scalar_nothrow.obj
 0002:000078bc       __ehfuncinfo$??2@YAPAXIABUnothrow_t@std@@@Z 100268bc     LIBCMT:new_scalar_nothrow.obj
 0002:000078e0       __sehtable$?dllmain_crt_process_attach@@YAHQAUHINSTANCE__@@QAX@Z 100268e0     LIBCMT:dll_dllmain.obj
 0002:00007900       __sehtable$?dllmain_crt_process_detach@@YAH_N@Z 10026900     LIBCMT:dll_dllmain.obj
 0002:00007920       __sehtable$?dllmain_dispatch@@YAHQAUHINSTANCE__@@KQAX@Z 10026920     LIBCMT:dll_dllmain.obj
 0002:000079d0       __sehtable$?FrameUnwindToState@__FrameHandler3@@SAXPAUEHRegistrationNode@@PAXPBU_s_FuncInfo@@H@Z 100269d0     libvcruntime:frame.obj
 0002:000079f8       __sehtable$?CallCatchBlock@@YAPAXPAUEHExceptionRecord@@PAUEHRegistrationNode@@PAU_CONTEXT@@PBU_s_FuncInfo@@PAXHK@Z 100269f8     libvcruntime:frame.obj
 0002:00007a20       __catchsym$?CallUnexpected@@YAXPBU_s_ESTypeList@@@Z$2 10026a20     libvcruntime:frame.obj
 0002:00007a30       __unwindtable$?CallUnexpected@@YAXPBU_s_ESTypeList@@@Z 10026a30     libvcruntime:frame.obj
 0002:00007a40       __tryblocktable$?CallUnexpected@@YAXPBU_s_ESTypeList@@@Z 10026a40     libvcruntime:frame.obj
 0002:00007a54       __ehfuncinfo$?CallUnexpected@@YAXPBU_s_ESTypeList@@@Z 10026a54     libvcruntime:frame.obj
 0002:00007a78       __sehtable$??$BuildCatchObjectHelperInternal@V__FrameHandler3@@@@YAHPAUEHExceptionRecord@@PAXPBU_s_HandlerType@@PBU_s_CatchableType@@@Z 10026a78     libvcruntime:frame.obj
 0002:00007a98       __sehtable$??$BuildCatchObjectInternal@V__FrameHandler3@@@@YAXPAUEHExceptionRecord@@PAXPBU_s_HandlerType@@PBU_s_CatchableType@@@Z 10026a98     libvcruntime:frame.obj
 0002:00007af0       __sehtable$___DestructExceptionObject 10026af0     libvcruntime:ehhelpers.obj
 0002:00007b10       __sehtable$?common_exit@@YAXHW4_crt_exit_cleanup_mode@@W4_crt_exit_return_mode@@@Z 10026b10     libucrt:exit.obj
 0002:00007b38       __sehtable$??$?RV<lambda_800076c951b434888f4765a74a194fcc>@@AAV<lambda_4e60a939b0d047cfe11ddc22648dfba9>@@V<lambda_6dbb1268764f43b569ce7b67e331d33a>@@@?$__crt_seh_guarded_call@H@@QAEH$$QAV<lambda_800076c951b434888f4765a74a194fcc>@@AAV<lambda_4e60a939b0d047cfe11ddc22648dfba9>@@$$QAV<lambda_6dbb1268764f43b569ce7b67e331d33a>@@@Z 10026b38     libucrt:onexit.obj
 0002:00007b58       __sehtable$??$?RV<lambda_995298e7d72eb4c2aab26c0585b3abe5>@@AAV<lambda_275893d493268fdec8709772e3fcec0e>@@V<lambda_293819299cbf9a7022e18b56a874bb5c>@@@?$__crt_seh_guarded_call@H@@QAEH$$QAV<lambda_995298e7d72eb4c2aab26c0585b3abe5>@@AAV<lambda_275893d493268fdec8709772e3fcec0e>@@$$QAV<lambda_293819299cbf9a7022e18b56a874bb5c>@@@Z 10026b58     libucrt:onexit.obj
 0002:00007b78       __sehtable$__query_new_handler 10026b78     libucrt:new_handler.obj
 0002:00007b98       __sehtable$_terminate      10026b98     libucrt:terminate.obj
 0002:00007bb8       __sehtable$??$?RV<lambda_9df27f884b057bc3edfc946cb5b7cf47>@@AAV<lambda_e69574bed617af4e071282c136b37893>@@V<lambda_cc0d902bcbbeb830f749456577db4721>@@@?$__crt_seh_guarded_call@X@@QAEX$$QAV<lambda_9df27f884b057bc3edfc946cb5b7cf47>@@AAV<lambda_e69574bed617af4e071282c136b37893>@@$$QAV<lambda_cc0d902bcbbeb830f749456577db4721>@@@Z 10026bb8     libucrt:per_thread_data.obj
 0002:00007bd8       __sehtable$??$?RV<lambda_3518db117f0e7cdb002338c5d3c47b6c>@@AAV<lambda_b2ea41f6bbb362cd97d94c6828d90b61>@@V<lambda_abdedf541bb04549bc734292b4a045d4>@@@?$__crt_seh_guarded_call@X@@QAEX$$QAV<lambda_3518db117f0e7cdb002338c5d3c47b6c>@@AAV<lambda_b2ea41f6bbb362cd97d94c6828d90b61>@@$$QAV<lambda_abdedf541bb04549bc734292b4a045d4>@@@Z 10026bd8     libucrt:per_thread_data.obj
 0002:00007bf8       __sehtable$??$?RV<lambda_51b6e8b1eb166f2a3faf91f424b38130>@@AAV<lambda_6250bd4b2a391816dd638c3bf72b0bcb>@@V<lambda_0b5a4a3e68152e1d9b943535f5f47bed>@@@?$__crt_seh_guarded_call@X@@QAEX$$QAV<lambda_51b6e8b1eb166f2a3faf91f424b38130>@@AAV<lambda_6250bd4b2a391816dd638c3bf72b0bcb>@@$$QAV<lambda_0b5a4a3e68152e1d9b943535f5f47bed>@@@Z 10026bf8     libucrt:per_thread_data.obj
 0002:00007c18       __sehtable$??$?RV<lambda_5b71d36f03204c0beab531769a5b5694>@@AAV<lambda_be2b3da3f62db62e9dad5dc70221a656>@@V<lambda_8f9ce462984622f9bf76b59e2aaaf805>@@@?$__crt_seh_guarded_call@X@@QAEX$$QAV<lambda_5b71d36f03204c0beab531769a5b5694>@@AAV<lambda_be2b3da3f62db62e9dad5dc70221a656>@@$$QAV<lambda_8f9ce462984622f9bf76b59e2aaaf805>@@@Z 10026c18     libucrt:per_thread_data.obj
 0002:00007c38       __sehtable$___acrt_uninitialize_locale 10026c38     libucrt:wsetlocale.obj
 0002:00007c58       __sehtable$___acrt_initialize_lowio 10026c58     libucrt:ioinit.obj
 0002:00007c78       __sehtable$___acrt_update_thread_multibyte_data 10026c78     libucrt:mbctype.obj
 0002:00007c98       __sehtable$??$?RV<lambda_978dc153c237d78434369da87b74ff60>@@AAV<lambda_ad1ced32f4ac17aa236e5ef05d6b3b7c>@@V<lambda_4a8533e2866a575feecb8298ce776b0d>@@@?$__crt_seh_guarded_call@X@@QAEX$$QAV<lambda_978dc153c237d78434369da87b74ff60>@@AAV<lambda_ad1ced32f4ac17aa236e5ef05d6b3b7c>@@$$QAV<lambda_4a8533e2866a575feecb8298ce776b0d>@@@Z 10026c98     libucrt:mbctype.obj
 0002:00007cb8       __sehtable$_raise          10026cb8     libucrt:signal.obj
 0002:00007cd8       __sehtable$??$?RV<lambda_a048d3beccc847880fc8490e18b82769>@@AAV<lambda_ec61778202f4f5fc7e7711acc23c3bca>@@V<lambda_f7496a158712204296dd6628a163878e>@@@?$__crt_seh_guarded_call@P6AXH@Z@@QAEP6AXH@Z$$QAV<lambda_a048d3beccc847880fc8490e18b82769>@@AAV<lambda_ec61778202f4f5fc7e7711acc23c3bca>@@$$QAV<lambda_f7496a158712204296dd6628a163878e>@@@Z 10026cd8     libucrt:signal.obj
 0002:00007cf8       __sehtable$___acrt_update_thread_locale_data 10026cf8     libucrt:locale_refcounting.obj
 0002:00007d18       __sehtable$__fcloseall     10026d18     libucrt:closeall.obj
 0002:00007d38       __sehtable$_common_flush_all 10026d38     libucrt:fflush.obj
 0002:00007d60       __sehtable$___acrt_lowio_ensure_fh_exists 10026d60     libucrt:osfinfo.obj
 0002:00007d80       __sehtable$__write         10026d80     libucrt:write.obj
 0002:00007da0       __sehtable$_fclose         10026da0     libucrt:fclose.obj
 0002:00007dc0       __sehtable$??$?RV<lambda_61cee617f5178ae960314fd4d05640a0>@@AAV<lambda_6978c1fb23f02e42e1d9e99668cc68aa>@@V<lambda_9cd88cf8ad10232537feb2133f08c833>@@@?$__crt_seh_guarded_call@H@@QAEH$$QAV<lambda_61cee617f5178ae960314fd4d05640a0>@@AAV<lambda_6978c1fb23f02e42e1d9e99668cc68aa>@@$$QAV<lambda_9cd88cf8ad10232537feb2133f08c833>@@@Z 10026dc0     libucrt:commit.obj
 0002:00007de0       __sehtable$??$?RV<lambda_123407a5e2ac06da108355a851863b7a>@@AAV<lambda_2fe9b910cf3cbf4a0ab98a02ba45b3ec>@@V<lambda_ae55bdf541ad94d75914d381c370e64d>@@@?$__crt_seh_guarded_call@H@@QAEH$$QAV<lambda_123407a5e2ac06da108355a851863b7a>@@AAV<lambda_2fe9b910cf3cbf4a0ab98a02ba45b3ec>@@$$QAV<lambda_ae55bdf541ad94d75914d381c370e64d>@@@Z 10026de0     libucrt:close.obj
 0002:00007e00       __sehtable$__IsNonwritableInCurrentImage 10026e00     LIBCMT:pesect.obj
 0002:00007e30       .edata                     10026e30     OPOSPINPad.exp
 0002:00007e58       rgpv                       10026e58     OPOSPINPad.exp
 0002:00007e68       rgszName                   10026e68     OPOSPINPad.exp
 0002:00007e78       rgwOrd                     10026e78     OPOSPINPad.exp
 0002:00007e80       szName                     10026e80     OPOSPINPad.exp
 0002:00007e8f       $N00001                    10026e8f     OPOSPINPad.exp
 0002:00007e9f       $N00002                    10026e9f     OPOSPINPad.exp
 0002:00007eb1       $N00003                    10026eb1     OPOSPINPad.exp
 0002:00007ec3       $N00004                    10026ec3     OPOSPINPad.exp
 0002:000084d6       .idata$6                   100274d6     kernel32:KERNEL32.dll
 0002:000086ea       .idata$6                   100276ea     user32:USER32.dll
 0002:0000881e       .idata$6                   1002781e     gdi32:GDI32.dll
 0002:000088c4       .idata$6                   100278c4     advapi32:ADVAPI32.dll
 0002:000089e0       .idata$6                   100279e0     ole32:ole32.dll
 0002:000089ea       .idata$6                   100279ea     oleaut32:OLEAUT32.dll
 0003:00000110       ?ObjectMap@@3PAU_ATL_OBJMAP_ENTRY30@ATL@@A 10028110     PINPad.obj
 0003:000001b0       ?s_SOMethodNames@@3PAPADA  100281b0     PINPadImpl.obj
 0003:0000021c       ?s_RequiredMethodsPerRelease@@3PAHA 1002821c     PINPadImpl.obj
 0003:00000260       ?__vcrt_flsindex@@3KA      10028260     libvcruntime:per_thread_data.obj
 0003:00000280       _errno_no_memory           10028280     libucrt:errno.obj
 0003:00000284       _doserrno_no_memory        10028284     libucrt:errno.obj
 0003:00000290       ___acrt_flsindex           10028290     libucrt:per_thread_data.obj
 0003:00000404       ___rgctypeflag             10028404     libucrt:mbctype.obj
 0003:00000408       ___rgcode_page_info        10028408     libucrt:mbctype.obj
 0003:00000b28       ?is_initialized_as_dll@@3_NA 10028b28     LIBCMT:utility.obj
 0003:00000b29       ?module_local_atexit_table_initialized@@3_NA 10028b29     LIBCMT:utility.obj
 0003:00000b2c       ?module_local_atexit_table@@3U_onexit_table_t@@A 10028b2c     LIBCMT:utility.obj
 0003:00000b38       ?module_local_at_quick_exit_table@@3U_onexit_table_t@@A 10028b38     LIBCMT:utility.obj
 0003:00000b44       ?_Tss_mutex@@3U_RTL_CRITICAL_SECTION@@A 10028b44     LIBCMT:thread_safe_statics.obj
 0003:00000b5c       ?_Tss_cv@@3U_RTL_CONDITION_VARIABLE@@A 10028b5c     LIBCMT:thread_safe_statics.obj
 0003:00000b60       ?_Tss_event@@3PAXA         10028b60     LIBCMT:thread_safe_statics.obj
 0003:00000b64       ?encoded_sleep_condition_variable_cs@@3P6GHPAU_RTL_CONDITION_VARIABLE@@PAU_RTL_CRITICAL_SECTION@@K@ZA 10028b64     LIBCMT:thread_safe_statics.obj
 0003:00000b68       ?encoded_wake_all_condition_variable@@3P6GXPAU_RTL_CONDITION_VARIABLE@@@ZA 10028b68     LIBCMT:thread_safe_statics.obj
 0003:00000b70       _GS_ExceptionRecord        10028b70     LIBCMT:gs_report.obj
 0003:00000bc0       _GS_ContextRecord          10028bc0     LIBCMT:gs_report.obj
 0003:00000e90       ?__proc_attached@@3HA      10028e90     LIBCMT:dll_dllmain.obj
 0003:00000eec       ?AllocateData@@3P6GPAUAtlThunkData_t@@XZA 10028eec     atls:atlthunk.obj
 0003:00000ef0       ?InitData@@3P6GXPAUAtlThunkData_t@@PAXI@ZA 10028ef0     atls:atlthunk.obj
 0003:00000ef4       ?DataToCode@@3P6GP6GJPAUHWND__@@IIJ@ZPAUAtlThunkData_t@@@ZA 10028ef4     atls:atlthunk.obj
 0003:00000ef8       ?FreeData@@3P6GXPAUAtlThunkData_t@@@ZA 10028ef8     atls:atlthunk.obj
 0003:00000efc       ?Initialized@@3_NA         10028efc     atls:atlthunk.obj
 0003:00000f08       ?__vcrt_startup_thread_ptd@@3U__vcrt_ptd@@A 10028f08     libvcruntime:per_thread_data.obj
 0003:00000f30       ___vcrt_lock_table         10028f30     libvcruntime:locks.obj
 0003:00000f48       ___vcrt_locks_initialized  10028f48     libvcruntime:locks.obj
 0003:00000f4c       ?module_handles@@3PAPAUHINSTANCE__@@A 10028f4c     libvcruntime:winapi_downlevel.obj
 0003:00000f58       ?encoded_function_pointers@@3PAPAXA 10028f58     libvcruntime:winapi_downlevel.obj
 0003:00000f94       ?heap@@3V_HeapManager@@A   10028f94     libvcruntime:undname.obj
 0003:00000fac       ___acrt_invalid_parameter_handler 10028fac     libucrt:invalid_parameter.obj
 0003:00000fb0       _c_termination_complete    10028fb0     libucrt:exit.obj
 0003:00000fb4       _thread_local_exit_callback_func 10028fb4     libucrt:exit.obj
 0003:00000fb8       ?c_exit_complete@?5??common_exit@@YAXHW4_crt_exit_cleanup_mode@@W4_crt_exit_return_mode@@@Z@4_NA 10028fb8     libucrt:exit.obj
 0003:00000fc0       ?program_name@?5???$common_configure_argv@D@@YAHW4_crt_argv_mode@@@Z@4PADA 10028fc0     libucrt:argv_parsing.obj
 0003:000010f0       ___acrt_new_handler        100290f0     libucrt:new_handler.obj
 0003:000010f8       _module_handles            100290f8     libucrt:winapi_thunks.obj
 0003:00001148       _encoded_function_pointers 10029148     libucrt:winapi_thunks.obj
 0003:000011c8       ?state_cache@?1??__acrt_is_packaged_app@@9@4JA 100291c8     libucrt:winapi_thunks.obj
 0003:000011d4       _enable_percent_n          100291d4     libucrt:printf_count_output.obj
 0003:000013f0       ___acrt_lock_table         100293f0     libucrt:locks.obj
 0003:00001528       ___acrt_locks_initialized  10029528     libucrt:locks.obj
 0003:00001544       _fSystemSet                10029544     libucrt:mbctype.obj
 0003:00001548       ?initialized@?1??__acrt_initialize_multibyte@@9@4_NA 10029548     libucrt:mbctype.obj
 0003:00001568       _ctrlc_action              10029568     libucrt:signal.obj
 0003:0000156c       _ctrlbreak_action          1002956c     libucrt:signal.obj
 0003:00001570       _abort_action              10029570     libucrt:signal.obj
 0003:00001574       _term_action               10029574     libucrt:signal.obj
 0003:00001578       _user_matherr              10029578     libucrt:matherr.obj
 0003:0000157c       ___acrt_global_new_mode    1002957c     libucrt:new_mode.obj
 0003:00001588       ___acrt_app_type           10029588     libucrt:report_runtime_error.obj
 0003:00001590       __pmatherr_set             10029590     libucrt:libm_error.obj
 0004:00000220       $R000000                   1002a220     PINPad.res
 0004:00000b78       $R000958                   1002ab78     PINPad.res
 0004:00000c60       $R000A40                   1002ac60     PINPad.res
 0004:00000ec8       $R000CA8                   1002aec8     PINPad.res
 0004:000013d0       $R0011B0                   1002b3d0     PINPad.res
 0004:00004ba0       $R004980                   1002eba0     PINPad.res
 0004:00004bd0       $R0049B0                   1002ebd0     PINPad.res
