 OPOSImageScanner

 Timestamp is 5d429e30 (Thu Aug  1 17:09:20 2019)

 Preferred load address is 10000000

 Start         Length     Name                   Class
 0001:00000000 00000080H .text$di                CODE
 0001:00000080 0001d513H .text$mn                CODE
 0001:0001d593 00000036H .text$x                 CODE
 0001:0001d5c9 00000042H .text$yd                CODE
 0002:00000000 000002fcH .idata$5                DATA
 0002:000002fc 00000004H .00cfg                  DATA
 0002:00000300 00000004H .CRT$XCA                DATA
 0002:00000304 00000004H .CRT$XCL                DATA
 0002:00000308 00000010H .CRT$XCU                DATA
 0002:00000318 00000004H .CRT$XCZ                DATA
 0002:0000031c 00000004H .CRT$XIA                DATA
 0002:00000320 00000010H .CRT$XIC                DATA
 0002:00000330 00000004H .CRT$XIZ                DATA
 0002:00000334 00000004H .CRT$XLA                DATA
 0002:00000338 00000004H .CRT$XLZ                DATA
 0002:0000033c 00000004H .CRT$XPA                DATA
 0002:00000340 00000008H .CRT$XPX                DATA
 0002:00000348 00000004H .CRT$XPXA               DATA
 0002:0000034c 00000004H .CRT$XPZ                DATA
 0002:00000350 00000004H .CRT$XTA                DATA
 0002:00000354 0000000cH .CRT$XTZ                DATA
 0002:00000358 00000000H .gfids$y                DATA
 0002:00000360 00006d4cH .rdata                  DATA
 0002:000070ac 00000018H .rdata$T                DATA
 0002:000070c4 0000017cH .rdata$r                DATA
 0002:00007240 0000001cH .rdata$sxdata           DATA
 0002:0000725c 000003e0H .rdata$zzzdbg           DATA
 0002:0000763c 00000004H .rtc$IAA                DATA
 0002:00007640 00000004H .rtc$IZZ                DATA
 0002:00007644 00000004H .rtc$TAA                DATA
 0002:00007648 00000004H .rtc$TZZ                DATA
 0002:0000764c 00000004H .tls                    DATA
 0002:00007650 00000004H .tls$                   DATA
 0002:00007654 00000004H .tls$ZZZ                DATA
 0002:00007658 00000604H .xdata$x                DATA
 0002:00007c5c 00000004H ATL$__a                 DATA
 0002:00007c60 00000010H ATL$__z                 DATA
 0002:00007c70 000000b0H .edata                  DATA
 0002:00007d20 00000078H .idata$2                DATA
 0002:00007d98 00000014H .idata$3                DATA
 0002:00007dac 000002fcH .idata$4                DATA
 0002:000080a8 00000bc8H .idata$6                DATA
 0003:00000000 00000a80H .data                   DATA
 0003:00000a80 00000098H .data$r                 DATA
 0003:00000b18 00000b80H .bss                    DATA
 0004:00000000 00000220H .rsrc$01                DATA
 0004:00000220 00004350H .rsrc$02                DATA

  Address         Publics by Value              Rva+Base       Lib:Object

 0000:00000000       ___dynamic_value_reloc_table 00000000     <absolute>
 0000:00000000       ___guard_fids_count        00000000     <absolute>
 0000:00000000       ___guard_longjmp_table     00000000     <absolute>
 0000:00000000       __except_list              00000000     <absolute>
 0000:00000000       ___hybrid_code_map_count   00000000     <absolute>
 0000:00000000       ___hybrid_auxiliary_iat    00000000     <absolute>
 0000:00000000       ___guard_fids_table        00000000     <absolute>
 0000:00000000       ___guard_longjmp_count     00000000     <absolute>
 0000:00000000       ___guard_iat_table         00000000     <absolute>
 0000:00000000       ___volatile_metadata       00000000     <absolute>
 0000:00000000       ___AbsoluteZero            00000000     <absolute>
 0000:00000000       ___enclave_config          00000000     <absolute>
 0000:00000000       ___guard_iat_count         00000000     <absolute>
 0000:00000000       ___hybrid_code_map         00000000     <absolute>
 0000:00000007       ___safe_se_handler_count   00000007     <absolute>
 0000:0000002c       __tls_array                0000002c     <absolute>
 0000:00000100       ___guard_flags             00000100     <absolute>
 0000:00000000       ___ImageBase               10000000     <linker-defined>
 0001:00000080       ?DupWide@_CW@@AAEXXZ       10001080 f   CWString.obj
 0001:0000009c       ?cw_dup@@YGXPBDAAHAAPA_W1@Z 1000109c f   CWString.obj
 0001:0000010b       ?cw_memcpy@@YGHPA_WPBDH@Z  1000110b f   CWString.obj
 0001:00000137       ?cw_strcpy@@YAHPA_WPBD@Z   10001137 f   CWString.obj
 0001:0000014a       ?cw_strlen@@YAHPBD@Z       1000114a f   CWString.obj
 0001:00000163       ??0CAtlComModule@ATL@@QAE@XZ 10001163 f i OposVariant.obj
 0001:000001a8       ??0CAtlWinModule@ATL@@QAE@XZ 100011a8 f i OposVariant.obj
 0001:000001df       ??0OposDispParms@@QAE@PAVOposVariant@@H@Z 100011df f   OposVariant.obj
 0001:00000250       ??1OposDispParms@@QAE@XZ   10001250 f   OposVariant.obj
 0001:0000025e       ??A?$CSimpleArray@GV?$CSimpleArrayEqualHelper@G@ATL@@@ATL@@QAEAAGH@Z 1000125e f i OposVariant.obj
 0001:00000283       ??_Estringdispid@CComTypeInfoHolder@ATL@@QAEPAXI@Z 10001283 f i OposVariant.obj
 0001:000002ef       ?AtlWinModuleInit@ATL@@YGJPAU_ATL_WIN_MODULE70@1@@Z 100012ef f i OposVariant.obj
 0001:00000315       ?AtlWinModuleTerm@ATL@@YGJPAU_ATL_WIN_MODULE70@1@PAUHINSTANCE__@@@Z 10001315 f i OposVariant.obj
 0001:00000378       ?ChangeBSTR@OposVariant@@QAEXPAPA_WAAJ@Z 10001378 f   OposVariant.obj
 0001:000003b9       ?ChangeLONG@OposVariant@@QAEXPAJAAJ@Z 100013b9 f   OposVariant.obj
 0001:000003fa       ?GetLONG@OposVariant@@QAEJXZ 100013fa f   OposVariant.obj
 0001:00000415       ?Init@CComCriticalSection@ATL@@QAEJXZ 10001415 f i OposVariant.obj
 0001:0000043d       ?RemoveAll@?$CSimpleArray@GV?$CSimpleArrayEqualHelper@G@ATL@@@ATL@@QAEXXZ 1000143d f i OposVariant.obj
 0001:0000043d       ?RemoveAll@?$CSimpleArray@PAUHINSTANCE__@@V?$CSimpleArrayEqualHelper@PAUHINSTANCE__@@@ATL@@@ATL@@QAEXXZ 1000143d f i atls:atlbase.obj
 0001:0000045a       ?SetBSTR@OposVariant@@QAEXPA_WAAJ@Z 1000145a f   OposVariant.obj
 0001:0000048e       ?SetBSTR_Copy@OposVariant@@QAEXPA_WAAJ@Z 1000148e f   OposVariant.obj
 0001:000004de       ?SetBSTR_InOutPtr@OposVariant@@QAE_NPAPA_WAAJ@Z 100014de f   OposVariant.obj
 0001:00000515       ?SetDispatch_Ptr@OposVariant@@QAEXPAUIDispatch@@AAJ@Z 10001515 f   OposVariant.obj
 0001:00000550       ?SetLONG@OposVariant@@QAEXJ@Z 10001550 f   OposVariant.obj
 0001:00000572       ?SetLONG_Ptr@OposVariant@@QAEXPAJAAJ@Z 10001572 f   OposVariant.obj
 0001:000005a5       ?SetString@OposVariant@@QAEXPB_WAAJ@Z 100015a5 f   OposVariant.obj
 0001:000005eb       ?SetVARIANT_BOOL@OposVariant@@QAEXF@Z 100015eb f   OposVariant.obj
 0001:00000615       ?Term@CAtlComModule@ATL@@QAEXXZ 10001615 f i OposVariant.obj
 0001:0000065f       ?_AtlRaiseException@ATL@@YAXKK@Z 1000165f f i OposVariant.obj
 0001:00000674       ?AddRef@?$CComObjectCached@VCComClassFactory@ATL@@@ATL@@UAGKXZ 10001674 f i ImageScanner.obj
 0001:0000069b       ?Release@?$CComObjectCached@VCComClassFactory@ATL@@@ATL@@UAGKXZ 1000169b f i ImageScanner.obj
 0001:000006d1       ?QueryInterface@?$CComObjectCached@VCComClassFactory@ATL@@@ATL@@UAGJABU_GUID@@PAPAX@Z 100016d1 f i ImageScanner.obj
 0001:000006eb       ??_G?$CComObjectCached@VCComClassFactory@ATL@@@ATL@@UAEPAXI@Z 100016eb f i ImageScanner.obj
 0001:000006eb       ??_E?$CComObjectCached@VCComClassFactory@ATL@@@ATL@@UAEPAXI@Z 100016eb f i ImageScanner.obj
 0001:0000070d       ?AddRef@?$CComAggObject@VCOPOSImageScanner@@@ATL@@UAGKXZ 1000170d f i ImageScanner.obj
 0001:0000071e       ?Release@?$CComAggObject@VCOPOSImageScanner@@@ATL@@UAGKXZ 1000171e f i ImageScanner.obj
 0001:0000075a       ?QueryInterface@?$CComAggObject@VCOPOSImageScanner@@@ATL@@UAGJABU_GUID@@PAPAX@Z 1000175a f i ImageScanner.obj
 0001:000007a9       ?AddRef@?$CComContainedObject@VCOPOSImageScanner@@@ATL@@UAGKXZ 100017a9 f i ImageScanner.obj
 0001:000007bf       ?Release@?$CComContainedObject@VCOPOSImageScanner@@@ATL@@UAGKXZ 100017bf f i ImageScanner.obj
 0001:000007d5       ?QueryInterface@?$CComContainedObject@VCOPOSImageScanner@@@ATL@@UAGJABU_GUID@@PAPAX@Z 100017d5 f i ImageScanner.obj
 0001:000007f0       ??_G?$CComAggObject@VCOPOSImageScanner@@@ATL@@UAEPAXI@Z 100017f0 f i ImageScanner.obj
 0001:000007f0       ??_E?$CComAggObject@VCOPOSImageScanner@@@ATL@@UAEPAXI@Z 100017f0 f i ImageScanner.obj
 0001:00000815       ?AddRef@?$CComObject@VCOPOSImageScanner@@@ATL@@UAGKXZ 10001815 f i ImageScanner.obj
 0001:0000082c       ?Release@?$CComObject@VCOPOSImageScanner@@@ATL@@UAGKXZ 1000182c f i ImageScanner.obj
 0001:0000086e       ?QueryInterface@?$CComObject@VCOPOSImageScanner@@@ATL@@UAGJABU_GUID@@PAPAX@Z 1000186e f i ImageScanner.obj
 0001:00000888       ?Lock@CAtlModule@ATL@@UAEJXZ 10001888 f i ImageScanner.obj
 0001:00000892       ?Unlock@CAtlModule@ATL@@UAEJXZ 10001892 f i ImageScanner.obj
 0001:0000089c       ?GetLockCount@CAtlModule@ATL@@UAEJXZ 1000189c f i ImageScanner.obj
 0001:000008a0       ?GetGITPtr@CAtlModule@ATL@@UAEJPAPAUIGlobalInterfaceTable@@@Z 100018a0 f i ImageScanner.obj
 0001:000008ec       ?AddCommonRGSReplacements@?$CAtlModuleT@VCComModule@ATL@@@ATL@@UAEJPAUIRegistrarBase@@@Z 100018ec f i ImageScanner.obj
 0001:00000906       ?UpdateRegistryFromResourceD@CComModule@ATL@@UAGJPB_WHPAU_ATL_REGMAP_ENTRY@2@@Z 10001906 f i ImageScanner.obj
 0001:00000906       ?UpdateRegistryFromResourceD@CComModule@ATL@@UAGJIHPAU_ATL_REGMAP_ENTRY@2@@Z 10001906 f i ImageScanner.obj
 0001:0000090e       ?UpdateRegistryFromResource@CComModule@ATL@@UAGJPB_WHPAU_ATL_REGMAP_ENTRY@2@@Z 1000190e f i ImageScanner.obj
 0001:00000917       ?UpdateRegistryFromResource@CComModule@ATL@@UAGJIHPAU_ATL_REGMAP_ENTRY@2@@Z 10001917 f i ImageScanner.obj
 0001:00000920       ??_GCComModule@ATL@@UAEPAXI@Z 10001920 f i ImageScanner.obj
 0001:00000920       ??_ECComModule@ATL@@UAEPAXI@Z 10001920 f i ImageScanner.obj
 0001:00000948       ?OnDrawAdvanced@CComControlBase@ATL@@UAEJAAUATL_DRAWINFO@@@Z 10001948 f i ImageScanner.obj
 0001:00000a37       ?Next@?$CComEnumImpl@UIEnumConnections@@$1?_GUID_b196b287_bab4_101a_b69c_00aa00341d07@@3U__s_GUID@@BUtagCONNECTDATA@@V?$_Copy@UtagCONNECTDATA@@@ATL@@@ATL@@UAGJKPAUtagCONNECTDATA@@PAK@Z 10001a37 f i ImageScanner.obj
 0001:00000b0e       ?Skip@?$CComEnumImpl@UIEnumConnections@@$1?_GUID_b196b287_bab4_101a_b69c_00aa00341d07@@3U__s_GUID@@BUtagCONNECTDATA@@V?$_Copy@UtagCONNECTDATA@@@ATL@@@ATL@@UAGJK@Z 10001b0e f i ImageScanner.obj
 0001:00000b3b       ?Reset@?$CComEnumImpl@UIEnumConnectionPoints@@$1?_GUID_b196b285_bab4_101a_b69c_00aa00341d07@@3U__s_GUID@@BPAUIConnectionPoint@@V?$_CopyInterface@UIConnectionPoint@@@ATL@@@ATL@@UAGJXZ 10001b3b f i ImageScanner.obj
 0001:00000b3b       ?Reset@?$CComEnumImpl@UIEnumConnections@@$1?_GUID_b196b287_bab4_101a_b69c_00aa00341d07@@3U__s_GUID@@BUtagCONNECTDATA@@V?$_Copy@UtagCONNECTDATA@@@ATL@@@ATL@@UAGJXZ 10001b3b f i ImageScanner.obj
 0001:00000b4d       ?Clone@?$CComEnumImpl@UIEnumConnections@@$1?_GUID_b196b287_bab4_101a_b69c_00aa00341d07@@3U__s_GUID@@BUtagCONNECTDATA@@V?$_Copy@UtagCONNECTDATA@@@ATL@@@ATL@@UAGJPAPAUIEnumConnections@@@Z 10001b4d f i ImageScanner.obj
 0001:00000c2e       ?AddRef@?$CComObject@V?$CComEnum@UIEnumConnectionPoints@@$1?_GUID_b196b285_bab4_101a_b69c_00aa00341d07@@3U__s_GUID@@BPAUIConnectionPoint@@V?$_CopyInterface@UIConnectionPoint@@@ATL@@VCComSingleThreadModel@6@@ATL@@@ATL@@UAGKXZ 10001c2e f i ImageScanner.obj
 0001:00000c2e       ?AddRef@?$CComObject@V?$CComEnum@UIEnumConnections@@$1?_GUID_b196b287_bab4_101a_b69c_00aa00341d07@@3U__s_GUID@@BUtagCONNECTDATA@@V?$_Copy@UtagCONNECTDATA@@@ATL@@VCComSingleThreadModel@6@@ATL@@@ATL@@UAGKXZ 10001c2e f i ImageScanner.obj
 0001:00000c3f       ?Release@?$CComObject@V?$CComEnum@UIEnumConnections@@$1?_GUID_b196b287_bab4_101a_b69c_00aa00341d07@@3U__s_GUID@@BUtagCONNECTDATA@@V?$_Copy@UtagCONNECTDATA@@@ATL@@VCComSingleThreadModel@6@@ATL@@@ATL@@UAGKXZ 10001c3f f i ImageScanner.obj
 0001:00000c3f       ?Release@?$CComObject@V?$CComEnum@UIEnumConnectionPoints@@$1?_GUID_b196b285_bab4_101a_b69c_00aa00341d07@@3U__s_GUID@@BPAUIConnectionPoint@@V?$_CopyInterface@UIConnectionPoint@@@ATL@@VCComSingleThreadModel@6@@ATL@@@ATL@@UAGKXZ 10001c3f f i ImageScanner.obj
 0001:00000c7b       ?QueryInterface@?$CComObject@V?$CComEnum@UIEnumConnections@@$1?_GUID_b196b287_bab4_101a_b69c_00aa00341d07@@3U__s_GUID@@BUtagCONNECTDATA@@V?$_Copy@UtagCONNECTDATA@@@ATL@@VCComSingleThreadModel@6@@ATL@@@ATL@@UAGJABU_GUID@@PAPAX@Z 10001c7b f i ImageScanner.obj
 0001:00000c95       ??_E?$CComObject@V?$CComEnum@UIEnumConnections@@$1?_GUID_b196b287_bab4_101a_b69c_00aa00341d07@@3U__s_GUID@@BUtagCONNECTDATA@@V?$_Copy@UtagCONNECTDATA@@@ATL@@VCComSingleThreadModel@6@@ATL@@@ATL@@UAEPAXI@Z 10001c95 f i ImageScanner.obj
 0001:00000c95       ??_G?$CComObject@V?$CComEnum@UIEnumConnections@@$1?_GUID_b196b287_bab4_101a_b69c_00aa00341d07@@3U__s_GUID@@BUtagCONNECTDATA@@V?$_Copy@UtagCONNECTDATA@@@ATL@@VCComSingleThreadModel@6@@ATL@@@ATL@@UAEPAXI@Z 10001c95 f i ImageScanner.obj
 0001:00000cb7       ?GetClipboardData@?$IOleObjectImpl@VCOPOSImageScanner@@@ATL@@UAGJKPAPAUIDataObject@@@Z 10001cb7 f i ImageScanner.obj
 0001:00000cb7       ?SetMoniker@?$IOleObjectImpl@VCOPOSImageScanner@@@ATL@@UAGJKPAUIMoniker@@@Z 10001cb7 f i ImageScanner.obj
 0001:00000cb7       ?GetCanonicalFormatEtc@?$IDataObjectImpl@VCOPOSImageScanner@@@ATL@@UAGJPAUtagFORMATETC@@0@Z 10001cb7 f i ImageScanner.obj
 0001:00000cb7       ?GetRect@?$IViewObjectExImpl@VCOPOSImageScanner@@@ATL@@UAGJKPAU_RECTL@@@Z 10001cb7 f i ImageScanner.obj
 0001:00000cb7       ?GetDataHere@?$IDataObjectImpl@VCOPOSImageScanner@@@ATL@@UAGJPAUtagFORMATETC@@PAUtagSTGMEDIUM@@@Z 10001cb7 f i ImageScanner.obj
 0001:00000cb7       ?QueryInterface@CRegObject@ATL@@UAGJABU_GUID@@PAPAX@Z 10001cb7 f i ImageScanner.obj
 0001:00000cb7       ?EnumFormatEtc@?$IDataObjectImpl@VCOPOSImageScanner@@@ATL@@UAGJKPAPAUIEnumFORMATETC@@@Z 10001cb7 f i ImageScanner.obj
 0001:00000cbf       ?AddRef@CRegObject@ATL@@UAGKXZ 10001cbf f i ImageScanner.obj
 0001:00000cc5       ?IsUpToDate@?$IOleObjectImpl@VCOPOSImageScanner@@@ATL@@UAGJXZ 10001cc5 f i ImageScanner.obj
 0001:00000cc5       ?Update@?$IOleObjectImpl@VCOPOSImageScanner@@@ATL@@UAGJXZ 10001cc5 f i ImageScanner.obj
 0001:00000cc5       ?HandsOffStorage@?$IPersistStorageImpl@VCOPOSImageScanner@@@ATL@@UAGJXZ 10001cc5 f i ImageScanner.obj
 0001:00000cc5       ?Release@CRegObject@ATL@@UAGKXZ 10001cc5 f i ImageScanner.obj
 0001:00000cca       ?AddReplacement@CRegObject@ATL@@UAGJPB_W0@Z 10001cca f i ImageScanner.obj
 0001:00000d03       ?ClearReplacements@CRegObject@ATL@@UAGJXZ 10001d03 f i ImageScanner.obj
 0001:00000d15       ??_ECRegObject@ATL@@UAEPAXI@Z 10001d15 f i ImageScanner.obj
 0001:00000d15       ??_GCRegObject@ATL@@UAEPAXI@Z 10001d15 f i ImageScanner.obj
 0001:00000d37       ??_E?$CComObject@VCOPOSImageScanner@@@ATL@@W3AEPAXI@Z 10001d37 f i ImageScanner.obj
 0001:00000d3f       ??_E?$CComObject@VCOPOSImageScanner@@@ATL@@WEM@AEPAXI@Z 10001d3f f i ImageScanner.obj
 0001:00000d47       ?QueryInterface@?$CComObject@VCOPOSImageScanner@@@ATL@@WHA@AGJABU_GUID@@PAPAX@Z 10001d47 f i ImageScanner.obj
 0001:00000d51       ?AddRef@?$CComObject@VCOPOSImageScanner@@@ATL@@WHA@AGKXZ 10001d51 f i ImageScanner.obj
 0001:00000d5b       ?Release@?$CComObject@VCOPOSImageScanner@@@ATL@@WHA@AGKXZ 10001d5b f i ImageScanner.obj
 0001:00000d65       ?QueryInterface@?$CComObject@VCOPOSImageScanner@@@ATL@@WHE@AGJABU_GUID@@PAPAX@Z 10001d65 f i ImageScanner.obj
 0001:00000d6f       ?AddRef@?$CComObject@VCOPOSImageScanner@@@ATL@@WHE@AGKXZ 10001d6f f i ImageScanner.obj
 0001:00000d79       ?Release@?$CComObject@VCOPOSImageScanner@@@ATL@@WHE@AGKXZ 10001d79 f i ImageScanner.obj
 0001:00000d83       ?QueryInterface@?$CComObject@VCOPOSImageScanner@@@ATL@@WHI@AGJABU_GUID@@PAPAX@Z 10001d83 f i ImageScanner.obj
 0001:00000d8d       ?AddRef@?$CComObject@VCOPOSImageScanner@@@ATL@@WHI@AGKXZ 10001d8d f i ImageScanner.obj
 0001:00000d97       ?Release@?$CComObject@VCOPOSImageScanner@@@ATL@@WHI@AGKXZ 10001d97 f i ImageScanner.obj
 0001:00000da1       ?QueryInterface@?$CComObject@VCOPOSImageScanner@@@ATL@@WHM@AGJABU_GUID@@PAPAX@Z 10001da1 f i ImageScanner.obj
 0001:00000dab       ?AddRef@?$CComObject@VCOPOSImageScanner@@@ATL@@WHM@AGKXZ 10001dab f i ImageScanner.obj
 0001:00000db5       ?Release@?$CComObject@VCOPOSImageScanner@@@ATL@@WHM@AGKXZ 10001db5 f i ImageScanner.obj
 0001:00000dbf       ?QueryInterface@?$CComObject@VCOPOSImageScanner@@@ATL@@WIA@AGJABU_GUID@@PAPAX@Z 10001dbf f i ImageScanner.obj
 0001:00000dcc       ?AddRef@?$CComObject@VCOPOSImageScanner@@@ATL@@WIA@AGKXZ 10001dcc f i ImageScanner.obj
 0001:00000dd9       ?Release@?$CComObject@VCOPOSImageScanner@@@ATL@@WIA@AGKXZ 10001dd9 f i ImageScanner.obj
 0001:00000de6       ?QueryInterface@?$CComObject@VCOPOSImageScanner@@@ATL@@WIE@AGJABU_GUID@@PAPAX@Z 10001de6 f i ImageScanner.obj
 0001:00000df3       ?AddRef@?$CComObject@VCOPOSImageScanner@@@ATL@@WIE@AGKXZ 10001df3 f i ImageScanner.obj
 0001:00000e00       ?Release@?$CComObject@VCOPOSImageScanner@@@ATL@@WIE@AGKXZ 10001e00 f i ImageScanner.obj
 0001:00000e0d       ?QueryInterface@?$CComObject@VCOPOSImageScanner@@@ATL@@WII@AGJABU_GUID@@PAPAX@Z 10001e0d f i ImageScanner.obj
 0001:00000e1a       ?AddRef@?$CComObject@VCOPOSImageScanner@@@ATL@@WII@AGKXZ 10001e1a f i ImageScanner.obj
 0001:00000e27       ?Release@?$CComObject@VCOPOSImageScanner@@@ATL@@WII@AGKXZ 10001e27 f i ImageScanner.obj
 0001:00000e34       ?QueryInterface@?$CComObject@VCOPOSImageScanner@@@ATL@@WIM@AGJABU_GUID@@PAPAX@Z 10001e34 f i ImageScanner.obj
 0001:00000e41       ?AddRef@?$CComObject@VCOPOSImageScanner@@@ATL@@WIM@AGKXZ 10001e41 f i ImageScanner.obj
 0001:00000e4e       ?Release@?$CComObject@VCOPOSImageScanner@@@ATL@@WIM@AGKXZ 10001e4e f i ImageScanner.obj
 0001:00000e5b       ?QueryInterface@?$CComObject@VCOPOSImageScanner@@@ATL@@WJA@AGJABU_GUID@@PAPAX@Z 10001e5b f i ImageScanner.obj
 0001:00000e68       ?AddRef@?$CComObject@VCOPOSImageScanner@@@ATL@@WJA@AGKXZ 10001e68 f i ImageScanner.obj
 0001:00000e75       ?Release@?$CComObject@VCOPOSImageScanner@@@ATL@@WJA@AGKXZ 10001e75 f i ImageScanner.obj
 0001:00000e82       ?QueryInterface@?$CComObject@VCOPOSImageScanner@@@ATL@@WJE@AGJABU_GUID@@PAPAX@Z 10001e82 f i ImageScanner.obj
 0001:00000e8f       ?AddRef@?$CComObject@VCOPOSImageScanner@@@ATL@@WJE@AGKXZ 10001e8f f i ImageScanner.obj
 0001:00000e9c       ?Release@?$CComObject@VCOPOSImageScanner@@@ATL@@WJE@AGKXZ 10001e9c f i ImageScanner.obj
 0001:00000ea9       ?QueryInterface@?$CComObject@VCOPOSImageScanner@@@ATL@@WJI@AGJABU_GUID@@PAPAX@Z 10001ea9 f i ImageScanner.obj
 0001:00000eb6       ?AddRef@?$CComObject@VCOPOSImageScanner@@@ATL@@WJI@AGKXZ 10001eb6 f i ImageScanner.obj
 0001:00000ec3       ?Release@?$CComObject@VCOPOSImageScanner@@@ATL@@WJI@AGKXZ 10001ec3 f i ImageScanner.obj
 0001:00000ed0       ?QueryInterface@?$CComObject@VCOPOSImageScanner@@@ATL@@WJM@AGJABU_GUID@@PAPAX@Z 10001ed0 f i ImageScanner.obj
 0001:00000edd       ?AddRef@?$CComObject@VCOPOSImageScanner@@@ATL@@WJM@AGKXZ 10001edd f i ImageScanner.obj
 0001:00000eea       ?Release@?$CComObject@VCOPOSImageScanner@@@ATL@@WJM@AGKXZ 10001eea f i ImageScanner.obj
 0001:00000ef7       ?QueryInterface@?$CComObject@VCOPOSImageScanner@@@ATL@@WKA@AGJABU_GUID@@PAPAX@Z 10001ef7 f i ImageScanner.obj
 0001:00000f04       ?AddRef@?$CComObject@VCOPOSImageScanner@@@ATL@@WKA@AGKXZ 10001f04 f i ImageScanner.obj
 0001:00000f11       ?Release@?$CComObject@VCOPOSImageScanner@@@ATL@@WKA@AGKXZ 10001f11 f i ImageScanner.obj
 0001:00000f1e       ?AddRef@?$CComObject@VCOPOSImageScanner@@@ATL@@WKI@AGKXZ 10001f1e f i ImageScanner.obj
 0001:00000f2b       ?Release@?$CComObject@VCOPOSImageScanner@@@ATL@@WKI@AGKXZ 10001f2b f i ImageScanner.obj
 0001:00000f38       ?AddRef@?$CComObject@VCOPOSImageScanner@@@ATL@@WLE@AGKXZ 10001f38 f i ImageScanner.obj
 0001:00000f45       ?Release@?$CComObject@VCOPOSImageScanner@@@ATL@@WLE@AGKXZ 10001f45 f i ImageScanner.obj
 0001:00000f52       ??_E?$CComContainedObject@VCOPOSImageScanner@@@ATL@@W3AEPAXI@Z 10001f52 f i ImageScanner.obj
 0001:00000f5a       ??_E?$CComContainedObject@VCOPOSImageScanner@@@ATL@@WEM@AEPAXI@Z 10001f5a f i ImageScanner.obj
 0001:00000f62       ?QueryInterface@?$CComContainedObject@VCOPOSImageScanner@@@ATL@@WHA@AGJABU_GUID@@PAPAX@Z 10001f62 f i ImageScanner.obj
 0001:00000f6c       ?AddRef@?$CComContainedObject@VCOPOSImageScanner@@@ATL@@WHA@AGKXZ 10001f6c f i ImageScanner.obj
 0001:00000f76       ?Release@?$CComContainedObject@VCOPOSImageScanner@@@ATL@@WHA@AGKXZ 10001f76 f i ImageScanner.obj
 0001:00000f80       ?QueryInterface@?$CComContainedObject@VCOPOSImageScanner@@@ATL@@WHE@AGJABU_GUID@@PAPAX@Z 10001f80 f i ImageScanner.obj
 0001:00000f8a       ?AddRef@?$CComContainedObject@VCOPOSImageScanner@@@ATL@@WHE@AGKXZ 10001f8a f i ImageScanner.obj
 0001:00000f94       ?Release@?$CComContainedObject@VCOPOSImageScanner@@@ATL@@WHE@AGKXZ 10001f94 f i ImageScanner.obj
 0001:00000f9e       ?QueryInterface@?$CComContainedObject@VCOPOSImageScanner@@@ATL@@WHI@AGJABU_GUID@@PAPAX@Z 10001f9e f i ImageScanner.obj
 0001:00000fa8       ?AddRef@?$CComContainedObject@VCOPOSImageScanner@@@ATL@@WHI@AGKXZ 10001fa8 f i ImageScanner.obj
 0001:00000fb2       ?Release@?$CComContainedObject@VCOPOSImageScanner@@@ATL@@WHI@AGKXZ 10001fb2 f i ImageScanner.obj
 0001:00000fbc       ?QueryInterface@?$CComContainedObject@VCOPOSImageScanner@@@ATL@@WHM@AGJABU_GUID@@PAPAX@Z 10001fbc f i ImageScanner.obj
 0001:00000fc6       ?AddRef@?$CComContainedObject@VCOPOSImageScanner@@@ATL@@WHM@AGKXZ 10001fc6 f i ImageScanner.obj
 0001:00000fd0       ?Release@?$CComContainedObject@VCOPOSImageScanner@@@ATL@@WHM@AGKXZ 10001fd0 f i ImageScanner.obj
 0001:00000fda       ?QueryInterface@?$CComContainedObject@VCOPOSImageScanner@@@ATL@@WIA@AGJABU_GUID@@PAPAX@Z 10001fda f i ImageScanner.obj
 0001:00000fe7       ?AddRef@?$CComContainedObject@VCOPOSImageScanner@@@ATL@@WIA@AGKXZ 10001fe7 f i ImageScanner.obj
 0001:00000ff4       ?Release@?$CComContainedObject@VCOPOSImageScanner@@@ATL@@WIA@AGKXZ 10001ff4 f i ImageScanner.obj
 0001:00001001       ?QueryInterface@?$CComContainedObject@VCOPOSImageScanner@@@ATL@@WIE@AGJABU_GUID@@PAPAX@Z 10002001 f i ImageScanner.obj
 0001:0000100e       ?AddRef@?$CComContainedObject@VCOPOSImageScanner@@@ATL@@WIE@AGKXZ 1000200e f i ImageScanner.obj
 0001:0000101b       ?Release@?$CComContainedObject@VCOPOSImageScanner@@@ATL@@WIE@AGKXZ 1000201b f i ImageScanner.obj
 0001:00001028       ?QueryInterface@?$CComContainedObject@VCOPOSImageScanner@@@ATL@@WII@AGJABU_GUID@@PAPAX@Z 10002028 f i ImageScanner.obj
 0001:00001035       ?AddRef@?$CComContainedObject@VCOPOSImageScanner@@@ATL@@WII@AGKXZ 10002035 f i ImageScanner.obj
 0001:00001042       ?Release@?$CComContainedObject@VCOPOSImageScanner@@@ATL@@WII@AGKXZ 10002042 f i ImageScanner.obj
 0001:0000104f       ?QueryInterface@?$CComContainedObject@VCOPOSImageScanner@@@ATL@@WIM@AGJABU_GUID@@PAPAX@Z 1000204f f i ImageScanner.obj
 0001:0000105c       ?AddRef@?$CComContainedObject@VCOPOSImageScanner@@@ATL@@WIM@AGKXZ 1000205c f i ImageScanner.obj
 0001:00001069       ?Release@?$CComContainedObject@VCOPOSImageScanner@@@ATL@@WIM@AGKXZ 10002069 f i ImageScanner.obj
 0001:00001076       ?QueryInterface@?$CComContainedObject@VCOPOSImageScanner@@@ATL@@WJA@AGJABU_GUID@@PAPAX@Z 10002076 f i ImageScanner.obj
 0001:00001083       ?AddRef@?$CComContainedObject@VCOPOSImageScanner@@@ATL@@WJA@AGKXZ 10002083 f i ImageScanner.obj
 0001:00001090       ?Release@?$CComContainedObject@VCOPOSImageScanner@@@ATL@@WJA@AGKXZ 10002090 f i ImageScanner.obj
 0001:0000109d       ?QueryInterface@?$CComContainedObject@VCOPOSImageScanner@@@ATL@@WJE@AGJABU_GUID@@PAPAX@Z 1000209d f i ImageScanner.obj
 0001:000010aa       ?AddRef@?$CComContainedObject@VCOPOSImageScanner@@@ATL@@WJE@AGKXZ 100020aa f i ImageScanner.obj
 0001:000010b7       ?Release@?$CComContainedObject@VCOPOSImageScanner@@@ATL@@WJE@AGKXZ 100020b7 f i ImageScanner.obj
 0001:000010c4       ?QueryInterface@?$CComContainedObject@VCOPOSImageScanner@@@ATL@@WJI@AGJABU_GUID@@PAPAX@Z 100020c4 f i ImageScanner.obj
 0001:000010d1       ?AddRef@?$CComContainedObject@VCOPOSImageScanner@@@ATL@@WJI@AGKXZ 100020d1 f i ImageScanner.obj
 0001:000010de       ?Release@?$CComContainedObject@VCOPOSImageScanner@@@ATL@@WJI@AGKXZ 100020de f i ImageScanner.obj
 0001:000010eb       ?QueryInterface@?$CComContainedObject@VCOPOSImageScanner@@@ATL@@WJM@AGJABU_GUID@@PAPAX@Z 100020eb f i ImageScanner.obj
 0001:000010f8       ?AddRef@?$CComContainedObject@VCOPOSImageScanner@@@ATL@@WJM@AGKXZ 100020f8 f i ImageScanner.obj
 0001:00001105       ?Release@?$CComContainedObject@VCOPOSImageScanner@@@ATL@@WJM@AGKXZ 10002105 f i ImageScanner.obj
 0001:00001112       ?QueryInterface@?$CComContainedObject@VCOPOSImageScanner@@@ATL@@WKA@AGJABU_GUID@@PAPAX@Z 10002112 f i ImageScanner.obj
 0001:0000111f       ?AddRef@?$CComContainedObject@VCOPOSImageScanner@@@ATL@@WKA@AGKXZ 1000211f f i ImageScanner.obj
 0001:0000112c       ?Release@?$CComContainedObject@VCOPOSImageScanner@@@ATL@@WKA@AGKXZ 1000212c f i ImageScanner.obj
 0001:00001139       ?AddRef@?$CComContainedObject@VCOPOSImageScanner@@@ATL@@WKI@AGKXZ 10002139 f i ImageScanner.obj
 0001:00001146       ?Release@?$CComContainedObject@VCOPOSImageScanner@@@ATL@@WKI@AGKXZ 10002146 f i ImageScanner.obj
 0001:00001153       ?AddRef@?$CComContainedObject@VCOPOSImageScanner@@@ATL@@WLE@AGKXZ 10002153 f i ImageScanner.obj
 0001:00001160       ?Release@?$CComContainedObject@VCOPOSImageScanner@@@ATL@@WLE@AGKXZ 10002160 f i ImageScanner.obj
 0001:0000116d       ?GetWindowProc@?$CWindowImplBaseT@VCWindow@ATL@@V?$CWinTraits@$0FGAAAAAA@$0A@@2@@ATL@@UAEP6GJPAUHWND__@@IIJ@ZXZ 1000216d f i ImageScanner.obj
 0001:00001173       ?StartWindowProc@?$CWindowImplBaseT@VCWindow@ATL@@V?$CWinTraits@$0FGAAAAAA@$0A@@2@@ATL@@SGJPAUHWND__@@IIJ@Z 10002173 f i ImageScanner.obj
 0001:000011c7       ?ObjectMain@CComObjectRootBase@ATL@@SGX_N@Z 100021c7 f i ImageScanner.obj
 0001:000011c7       ?OnFinalMessage@?$CWindowImplBaseT@VCWindow@ATL@@V?$CWinTraits@$0FGAAAAAA@$0A@@2@@ATL@@UAEXPAUHWND__@@@Z 100021c7 f i ImageScanner.obj
 0001:000011ca       ?GetTypeInfoCount@?$IDispatchImpl@UIOPOSImageScanner@@$1?IID_IOPOSImageScanner@@3U_GUID@@B$1?LIBID_OposImageScanner_CCO@@3U3@B$00$0A@VCComTypeInfoHolder@ATL@@@ATL@@UAGJPAI@Z 100021ca f i ImageScanner.obj
 0001:000011e7       ?GetTypeInfo@?$IDispatchImpl@UIOPOSImageScanner@@$1?IID_IOPOSImageScanner@@3U_GUID@@B$1?LIBID_OposImageScanner_CCO@@3U3@B$00$0A@VCComTypeInfoHolder@ATL@@@ATL@@UAGJIKPAPAUITypeInfo@@@Z 100021e7 f i ImageScanner.obj
 0001:0000120b       ?GetIDsOfNames@?$IDispatchImpl@UIOPOSImageScanner@@$1?IID_IOPOSImageScanner@@3U_GUID@@B$1?LIBID_OposImageScanner_CCO@@3U3@B$00$0A@VCComTypeInfoHolder@ATL@@@ATL@@UAGJABU_GUID@@PAPA_WIKPAJ@Z 1000220b f i ImageScanner.obj
 0001:0000122b       ?Invoke@?$IDispatchImpl@UIOPOSImageScanner@@$1?IID_IOPOSImageScanner@@3U_GUID@@B$1?LIBID_OposImageScanner_CCO@@3U3@B$00$0A@VCComTypeInfoHolder@ATL@@@ATL@@UAGJJABU_GUID@@KGPAUtagDISPPARAMS@@PAUtagVARIANT@@PAUtagEXCEPINFO@@PAI@Z 1000222b f i ImageScanner.obj
 0001:00001239       ?CreateControlWindow@?$CComControl@VCOPOSImageScanner@@V?$CWindowImpl@VCOPOSImageScanner@@VCWindow@ATL@@V?$CWinTraits@$0FGAAAAAA@$0A@@3@@ATL@@@ATL@@UAEPAUHWND__@@PAU3@AAUtagRECT@@@Z 10002239 f i ImageScanner.obj
 0001:00001268       ?ControlQueryInterface@?$CComControl@VCOPOSImageScanner@@V?$CWindowImpl@VCOPOSImageScanner@@VCWindow@ATL@@V?$CWinTraits@$0FGAAAAAA@$0A@@3@@ATL@@@ATL@@UAEJABU_GUID@@PAPAX@Z 10002268 f i ImageScanner.obj
 0001:00001283       ?GetUserClassID@?$IOleObjectImpl@VCOPOSImageScanner@@@ATL@@UAGJPAU_GUID@@@Z 10002283 f i ImageScanner.obj
 0001:00001283       ?GetClassID@?$IPersistStreamInitImpl@VCOPOSImageScanner@@@ATL@@UAGJPAU_GUID@@@Z 10002283 f i ImageScanner.obj
 0001:00001283       ?GetClassID@?$IPersistStorageImpl@VCOPOSImageScanner@@@ATL@@UAGJPAU_GUID@@@Z 10002283 f i ImageScanner.obj
 0001:000012a7       ?IsDirty@?$IPersistStreamInitImpl@VCOPOSImageScanner@@@ATL@@UAGJXZ 100022a7 f i ImageScanner.obj
 0001:000012c6       ?Load@?$IPersistStreamInitImpl@VCOPOSImageScanner@@@ATL@@UAGJPAUIStream@@@Z 100022c6 f i ImageScanner.obj
 0001:000012e5       ?Save@?$IPersistStreamInitImpl@VCOPOSImageScanner@@@ATL@@UAGJPAUIStream@@H@Z 100022e5 f i ImageScanner.obj
 0001:00001307       ?GetSizeMax@?$IPersistStreamInitImpl@VCOPOSImageScanner@@@ATL@@UAGJPAT_ULARGE_INTEGER@@@Z 10002307 f i ImageScanner.obj
 0001:000014bc       ?InitNew@?$IPersistStreamInitImpl@VCOPOSImageScanner@@@ATL@@UAGJXZ 100024bc f i ImageScanner.obj
 0001:000014d9       ?SOOutputCompleteDummy@COPOSImageScanner@@MAGJJ@Z 100024d9 f i ImageScanner.obj
 0001:000014d9       ?SetColorScheme@?$IOleObjectImpl@VCOPOSImageScanner@@@ATL@@UAGJPAUtagLOGPALETTE@@@Z 100024d9 f i ImageScanner.obj
 0001:000014d9       ?GetControlInfo@?$IOleControlImpl@VCOPOSImageScanner@@@ATL@@UAGJPAUtagCONTROLINFO@@@Z 100024d9 f i ImageScanner.obj
 0001:000014d9       ?GetDropTarget@?$IOleInPlaceObjectWindowlessImpl@VCOPOSImageScanner@@@ATL@@UAGJPAPAUIDropTarget@@@Z 100024d9 f i ImageScanner.obj
 0001:000014d9       ?OnMnemonic@?$IOleControlImpl@VCOPOSImageScanner@@@ATL@@UAGJPAUtagMSG@@@Z 100024d9 f i ImageScanner.obj
 0001:000014d9       ?QueryGetData@?$IDataObjectImpl@VCOPOSImageScanner@@@ATL@@UAGJPAUtagFORMATETC@@@Z 100024d9 f i ImageScanner.obj
 0001:000014d9       ?ContextSensitiveHelp@?$IOleInPlaceObjectWindowlessImpl@VCOPOSImageScanner@@@ATL@@UAGJH@Z 100024d9 f i ImageScanner.obj
 0001:000014d9       ?Unfreeze@?$IViewObjectExImpl@VCOPOSImageScanner@@@ATL@@UAGJK@Z 100024d9 f i ImageScanner.obj
 0001:000014d9       ?ContextSensitiveHelp@?$IOleInPlaceActiveObjectImpl@VCOPOSImageScanner@@@ATL@@UAGJH@Z 100024d9 f i ImageScanner.obj
 0001:000014e1       ?OnFrameWindowActivate@?$IOleInPlaceActiveObjectImpl@VCOPOSImageScanner@@@ATL@@UAGJH@Z 100024e1 f i ImageScanner.obj
 0001:000014e1       ?SaveCompleted@?$IPersistStorageImpl@VCOPOSImageScanner@@@ATL@@UAGJPAUIStorage@@@Z 100024e1 f i ImageScanner.obj
 0001:000014e1       ?EnableModeless@?$IOleInPlaceActiveObjectImpl@VCOPOSImageScanner@@@ATL@@UAGJH@Z 100024e1 f i ImageScanner.obj
 0001:000014e1       ?OnAmbientPropertyChange@?$IOleControlImpl@VCOPOSImageScanner@@@ATL@@UAGJJ@Z 100024e1 f i ImageScanner.obj
 0001:000014e6       ?SetClientSite@?$IOleObjectImpl@VCOPOSImageScanner@@@ATL@@UAGJPAUIOleClientSite@@@Z 100024e6 f i ImageScanner.obj
 0001:00001503       ?GetClientSite@?$IOleObjectImpl@VCOPOSImageScanner@@@ATL@@UAGJPAPAUIOleClientSite@@@Z 10002503 f i ImageScanner.obj
 0001:00001520       ?SetHostNames@?$IOleObjectImpl@VCOPOSImageScanner@@@ATL@@UAGJPB_W0@Z 10002520 f i ImageScanner.obj
 0001:00001525       ?Close@?$IOleObjectImpl@VCOPOSImageScanner@@@ATL@@UAGJK@Z 10002525 f i ImageScanner.obj
 0001:00001542       ?GetMoniker@?$IOleObjectImpl@VCOPOSImageScanner@@@ATL@@UAGJKKPAPAUIMoniker@@@Z 10002542 f i ImageScanner.obj
 0001:00001542       ?SetData@?$IDataObjectImpl@VCOPOSImageScanner@@@ATL@@UAGJPAUtagFORMATETC@@PAUtagSTGMEDIUM@@H@Z 10002542 f i ImageScanner.obj
 0001:00001542       ?InitFromData@?$IOleObjectImpl@VCOPOSImageScanner@@@ATL@@UAGJPAUIDataObject@@HK@Z 10002542 f i ImageScanner.obj
 0001:0000154a       ?DoVerb@?$IOleObjectImpl@VCOPOSImageScanner@@@ATL@@UAGJJPAUtagMSG@@PAUIOleClientSite@@JPAUHWND__@@PBUtagRECT@@@Z 1000254a f i ImageScanner.obj
 0001:00001662       ?EnumVerbs@?$IOleObjectImpl@VCOPOSImageScanner@@@ATL@@UAGJPAPAUIEnumOLEVERB@@@Z 10002662 f i ImageScanner.obj
 0001:00001684       ?GetUserType@?$IOleObjectImpl@VCOPOSImageScanner@@@ATL@@UAGJKPAPA_W@Z 10002684 f i ImageScanner.obj
 0001:0000169c       ?SetExtent@?$IOleObjectImpl@VCOPOSImageScanner@@@ATL@@UAGJKPAUtagSIZE@@@Z 1000269c f i ImageScanner.obj
 0001:000016bc       ?GetExtent@?$IOleObjectImpl@VCOPOSImageScanner@@@ATL@@UAGJKPAUtagSIZE@@@Z 100026bc f i ImageScanner.obj
 0001:000016fa       ?Advise@?$IOleObjectImpl@VCOPOSImageScanner@@@ATL@@UAGJPAUIAdviseSink@@PAK@Z 100026fa f i ImageScanner.obj
 0001:0000171a       ?Unadvise@?$IOleObjectImpl@VCOPOSImageScanner@@@ATL@@UAGJK@Z 1000271a f i ImageScanner.obj
 0001:00001749       ?EnumAdvise@?$IOleObjectImpl@VCOPOSImageScanner@@@ATL@@UAGJPAPAUIEnumSTATDATA@@@Z 10002749 f i ImageScanner.obj
 0001:00001789       ?GetMiscStatus@?$IOleObjectImpl@VCOPOSImageScanner@@@ATL@@UAGJKPAK@Z 10002789 f i ImageScanner.obj
 0001:000017a1       ?GetWindow@?$IOleInPlaceActiveObjectImpl@VCOPOSImageScanner@@@ATL@@UAGJPAPAUHWND__@@@Z 100027a1 f i ImageScanner.obj
 0001:000017ee       ?TranslateAcceleratorW@?$IOleInPlaceActiveObjectImpl@VCOPOSImageScanner@@@ATL@@UAGJPAUtagMSG@@@Z 100027ee f i ImageScanner.obj
 0001:0000188c       ?OnDocWindowActivate@?$IOleInPlaceActiveObjectImpl@VCOPOSImageScanner@@@ATL@@UAGJH@Z 1000288c f i ImageScanner.obj
 0001:000018ae       ?ResizeBorder@?$IOleInPlaceActiveObjectImpl@VCOPOSImageScanner@@@ATL@@UAGJPBUtagRECT@@PAUIOleInPlaceUIWindow@@H@Z 100028ae f i ImageScanner.obj
 0001:000018b3       ?Draw@?$IViewObjectExImpl@VCOPOSImageScanner@@@ATL@@UAGJKJPAXPAUtagDVTARGETDEVICE@@PAUHDC__@@2PBU_RECTL@@3P6GHK@ZK@Z 100028b3 f i ImageScanner.obj
 0001:000018e5       ?GetColorSet@?$IViewObjectExImpl@VCOPOSImageScanner@@@ATL@@UAGJKJPAXPAUtagDVTARGETDEVICE@@PAUHDC__@@PAPAUtagLOGPALETTE@@@Z 100028e5 f i ImageScanner.obj
 0001:000018ed       ?Freeze@?$IViewObjectExImpl@VCOPOSImageScanner@@@ATL@@UAGJKJPAXPAK@Z 100028ed f i ImageScanner.obj
 0001:000018f5       ?SetAdvise@?$IViewObjectExImpl@VCOPOSImageScanner@@@ATL@@UAGJKKPAUIAdviseSink@@@Z 100028f5 f i ImageScanner.obj
 0001:00001914       ?GetAdvise@?$IViewObjectExImpl@VCOPOSImageScanner@@@ATL@@UAGJPAK0PAPAUIAdviseSink@@@Z 10002914 f i ImageScanner.obj
 0001:00001949       ?GetExtent@?$IViewObjectExImpl@VCOPOSImageScanner@@@ATL@@UAGJKJPAUtagDVTARGETDEVICE@@PAUtagSIZE@@@Z 10002949 f i ImageScanner.obj
 0001:0000197a       ?GetViewStatus@?$IViewObjectExImpl@VCOPOSImageScanner@@@ATL@@UAGJPAK@Z 1000297a f i ImageScanner.obj
 0001:00001997       ?QueryHitPoint@?$IViewObjectExImpl@VCOPOSImageScanner@@@ATL@@UAGJKPBUtagRECT@@UtagPOINT@@JPAK@Z 10002997 f i ImageScanner.obj
 0001:000019d8       ?QueryHitRect@?$IViewObjectExImpl@VCOPOSImageScanner@@@ATL@@UAGJKPBUtagRECT@@0JPAK@Z 100029d8 f i ImageScanner.obj
 0001:00001a33       ?GetNaturalExtent@?$IViewObjectExImpl@VCOPOSImageScanner@@@ATL@@UAGJKJPAUtagDVTARGETDEVICE@@PAUHDC__@@PAUtagExtentInfo@@PAUtagSIZE@@@Z 10002a33 f i ImageScanner.obj
 0001:00001a7e       ?GetWindow@?$IOleInPlaceObjectWindowlessImpl@VCOPOSImageScanner@@@ATL@@UAGJPAPAUHWND__@@@Z 10002a7e f i ImageScanner.obj
 0001:00001acb       ?InPlaceDeactivate@?$IOleInPlaceObjectWindowlessImpl@VCOPOSImageScanner@@@ATL@@UAGJXZ 10002acb f i ImageScanner.obj
 0001:00001ae5       ?UIDeactivate@?$IOleInPlaceObjectWindowlessImpl@VCOPOSImageScanner@@@ATL@@UAGJXZ 10002ae5 f i ImageScanner.obj
 0001:00001aff       ?SetObjectRects@?$IOleInPlaceObjectWindowlessImpl@VCOPOSImageScanner@@@ATL@@UAGJPBUtagRECT@@0@Z 10002aff f i ImageScanner.obj
 0001:00001b1f       ?ReactivateAndUndo@?$IOleInPlaceObjectWindowlessImpl@VCOPOSImageScanner@@@ATL@@UAGJXZ 10002b1f f i ImageScanner.obj
 0001:00001b27       ?OnWindowMessage@?$IOleInPlaceObjectWindowlessImpl@VCOPOSImageScanner@@@ATL@@UAGJIIJPAJ@Z 10002b27 f i ImageScanner.obj
 0001:00001b97       ?EnumConnectionPoints@?$IConnectionPointContainerImpl@VCOPOSImageScanner@@@ATL@@UAGJPAPAUIEnumConnectionPoints@@@Z 10002b97 f i ImageScanner.obj
 0001:00001d11       ?FindConnectionPoint@?$IConnectionPointContainerImpl@VCOPOSImageScanner@@@ATL@@UAGJABU_GUID@@PAPAUIConnectionPoint@@@Z 10002d11 f i ImageScanner.obj
 0001:00001db4       ?IsDirty@?$IPersistStorageImpl@VCOPOSImageScanner@@@ATL@@UAGJXZ 10002db4 f i ImageScanner.obj
 0001:00001de8       ?InitNew@?$IPersistStorageImpl@VCOPOSImageScanner@@@ATL@@UAGJPAUIStorage@@@Z 10002de8 f i ImageScanner.obj
 0001:00001e1c       ?Load@?$IPersistStorageImpl@VCOPOSImageScanner@@@ATL@@UAGJPAUIStorage@@@Z 10002e1c f i ImageScanner.obj
 0001:00001e88       ?Save@?$IPersistStorageImpl@VCOPOSImageScanner@@@ATL@@UAGJPAUIStorage@@H@Z 10002e88 f i ImageScanner.obj
 0001:00001efb       ?GetPages@?$ISpecifyPropertyPagesImpl@VCOPOSImageScanner@@@ATL@@UAGJPAUtagCAUUID@@@Z 10002efb f i ImageScanner.obj
 0001:00001f12       ?QuickActivate@?$IQuickActivateImpl@VCOPOSImageScanner@@@ATL@@UAGJPAUtagQACONTAINER@@PAUtagQACONTROL@@@Z 10002f12 f i ImageScanner.obj
 0001:00001f35       ?SetContentExtent@?$IQuickActivateImpl@VCOPOSImageScanner@@@ATL@@UAGJPAUtagSIZE@@@Z 10002f35 f i ImageScanner.obj
 0001:00001f61       ?GetContentExtent@?$IQuickActivateImpl@VCOPOSImageScanner@@@ATL@@UAGJPAUtagSIZE@@@Z 10002f61 f i ImageScanner.obj
 0001:00001f81       ?GetData@?$IDataObjectImpl@VCOPOSImageScanner@@@ATL@@UAGJPAUtagFORMATETC@@PAUtagSTGMEDIUM@@@Z 10002f81 f i ImageScanner.obj
 0001:00001fa4       ?DAdvise@?$IDataObjectImpl@VCOPOSImageScanner@@@ATL@@UAGJPAUtagFORMATETC@@KPAUIAdviseSink@@PAK@Z 10002fa4 f i ImageScanner.obj
 0001:00001fe5       ?DUnadvise@?$IDataObjectImpl@VCOPOSImageScanner@@@ATL@@UAGJK@Z 10002fe5 f i ImageScanner.obj
 0001:00002013       ?EnumDAdvise@?$IDataObjectImpl@VCOPOSImageScanner@@@ATL@@UAGJPAPAUIEnumSTATDATA@@@Z 10003013 f i ImageScanner.obj
 0001:00002052       ?GetClassInfoW@?$IProvideClassInfo2Impl@$1?CLSID_OPOSImageScanner@@3U_GUID@@B$1?DIID__IOPOSImageScannerEvents@@3U2@B$1?LIBID_OposImageScanner_CCO@@3U2@B$00$0A@VCComTypeInfoHolder@ATL@@@ATL@@UAGJPAPAUITypeInfo@@@Z 10003052 f i ImageScanner.obj
 0001:00002068       ?GetGUID@?$IProvideClassInfo2Impl@$1?CLSID_OPOSImageScanner@@3U_GUID@@B$1?DIID__IOPOSImageScannerEvents@@3U2@B$1?LIBID_OposImageScanner_CCO@@3U2@B$00$0A@VCComTypeInfoHolder@ATL@@@ATL@@UAGJKPAU_GUID@@@Z 10003068 f i ImageScanner.obj
 0001:000020a6       __get_startup_argv_mode    100030a6 f i LIBCMT:argv_mode.obj
 0001:000020a6       ?FAccessAllowed@?$IObjectSafetyImpl@VCOPOSImageScanner@@$02@ATL@@MAEHXZ 100030a6 f i ImageScanner.obj
 0001:000020aa       ?GetInterfaceSafetyOptions@?$IObjectSafetyImpl@VCOPOSImageScanner@@$02@ATL@@UAGJABU_GUID@@PAK1@Z 100030aa f i ImageScanner.obj
 0001:0000211e       ?SetInterfaceSafetyOptions@?$IObjectSafetyImpl@VCOPOSImageScanner@@$02@ATL@@UAGJABU_GUID@@KK@Z 1000311e f i ImageScanner.obj
 0001:00002198       ?_LocCPQueryInterface@?$IConnectionPointImpl@VCOPOSImageScanner@@$1?IID_IPropertyNotifySink@@3U_GUID@@BVCComDynamicUnkArray@ATL@@@ATL@@UAGJABU_GUID@@PAPAX@Z 10003198 f i ImageScanner.obj
 0001:00002198       ?_LocCPQueryInterface@?$IConnectionPointImpl@VCOPOSImageScanner@@$1?DIID__IOPOSImageScannerEvents@@3U_GUID@@BVCComDynamicUnkArray@ATL@@@ATL@@UAGJABU_GUID@@PAPAX@Z 10003198 f i ImageScanner.obj
 0001:000021e5       ?GetConnectionInterface@?$IConnectionPointImpl@VCOPOSImageScanner@@$1?IID_IPropertyNotifySink@@3U_GUID@@BVCComDynamicUnkArray@ATL@@@ATL@@UAGJPAU_GUID@@@Z 100031e5 f i ImageScanner.obj
 0001:00002209       ?GetConnectionPointContainer@?$IConnectionPointImpl@VCOPOSImageScanner@@$1?IID_IPropertyNotifySink@@3U_GUID@@BVCComDynamicUnkArray@ATL@@@ATL@@UAGJPAPAUIConnectionPointContainer@@@Z 10003209 f i ImageScanner.obj
 0001:0000222c       ?Advise@?$IConnectionPointImpl@VCOPOSImageScanner@@$1?DIID__IOPOSImageScannerEvents@@3U_GUID@@BVCComDynamicUnkArray@ATL@@@ATL@@UAGJPAUIUnknown@@PAK@Z 1000322c f i ImageScanner.obj
 0001:0000222c       ?Advise@?$IConnectionPointImpl@VCOPOSImageScanner@@$1?IID_IPropertyNotifySink@@3U_GUID@@BVCComDynamicUnkArray@ATL@@@ATL@@UAGJPAUIUnknown@@PAK@Z 1000322c f i ImageScanner.obj
 0001:000022cd       ?Unadvise@?$IConnectionPointImpl@VCOPOSImageScanner@@$1?DIID__IOPOSImageScannerEvents@@3U_GUID@@BVCComDynamicUnkArray@ATL@@@ATL@@UAGJK@Z 100032cd f i ImageScanner.obj
 0001:000022cd       ?Unadvise@?$IConnectionPointImpl@VCOPOSImageScanner@@$1?IID_IPropertyNotifySink@@3U_GUID@@BVCComDynamicUnkArray@ATL@@@ATL@@UAGJK@Z 100032cd f i ImageScanner.obj
 0001:0000230d       ?EnumConnections@?$IConnectionPointImpl@VCOPOSImageScanner@@$1?IID_IPropertyNotifySink@@3U_GUID@@BVCComDynamicUnkArray@ATL@@@ATL@@UAGJPAPAUIEnumConnections@@@Z 1000330d f i ImageScanner.obj
 0001:0000230d       ?EnumConnections@?$IConnectionPointImpl@VCOPOSImageScanner@@$1?DIID__IOPOSImageScannerEvents@@3U_GUID@@BVCComDynamicUnkArray@ATL@@@ATL@@UAGJPAPAUIEnumConnections@@@Z 1000330d f i ImageScanner.obj
 0001:00002413       ?GetObjectDescription@?$CComCoClass@VCOPOSImageScanner@@$1?CLSID_OPOSImageScanner@@3U_GUID@@B@ATL@@SGPB_WXZ 10003413 f i ImageScanner.obj
 0001:00002413       ?GetCategoryMap@CComObjectRootBase@ATL@@SAPBU_ATL_CATMAP_ENTRY@2@XZ 10003413 f i ImageScanner.obj
 0001:00002416       ?GetConnectionInterface@?$IConnectionPointImpl@VCOPOSImageScanner@@$1?DIID__IOPOSImageScannerEvents@@3U_GUID@@BVCComDynamicUnkArray@ATL@@@ATL@@UAGJPAU_GUID@@@Z 10003416 f i ImageScanner.obj
 0001:0000243a       ?GetConnectionPointContainer@?$IConnectionPointImpl@VCOPOSImageScanner@@$1?DIID__IOPOSImageScannerEvents@@3U_GUID@@BVCComDynamicUnkArray@ATL@@@ATL@@UAGJPAPAUIConnectionPointContainer@@@Z 1000343a f i ImageScanner.obj
 0001:0000245d       ?UpdateRegistry@COPOSImageScanner@@SGJH@Z 1000345d f i ImageScanner.obj
 0001:00002475       ?ProcessWindowMessage@COPOSImageScanner@@UAEHPAUHWND__@@IIJAAJK@Z 10003475 f i ImageScanner.obj
 0001:000024be       ?SOData@COPOSImageScanner@@MAGJJ@Z 100034be f i ImageScanner.obj
 0001:000024f7       ?SODirectIO@COPOSImageScanner@@MAGJJPAJPAPA_W@Z 100034f7 f i ImageScanner.obj
 0001:00002540       ?SOError@COPOSImageScanner@@MAGJJJJPAJ@Z 10003540 f i ImageScanner.obj
 0001:00002595       ?SOStatusUpdate@COPOSImageScanner@@MAGJJ@Z 10003595 f i ImageScanner.obj
 0001:000025ce       ?CreateInstance@?$CComCreator@V?$CComObjectCached@VCComClassFactory@ATL@@@ATL@@@ATL@@SGJPAXABU_GUID@@PAPAX@Z 100035ce f i ImageScanner.obj
 0001:00002661       ?CreateInstance@?$CComCreator2@V?$CComCreator@V?$CComObject@VCOPOSImageScanner@@@ATL@@@ATL@@V?$CComCreator@V?$CComAggObject@VCOPOSImageScanner@@@ATL@@@2@@ATL@@SGJPAXABU_GUID@@PAPAX@Z 10003661 f i ImageScanner.obj
 0001:00002681       ?Next@?$CComEnumImpl@UIEnumConnectionPoints@@$1?_GUID_b196b285_bab4_101a_b69c_00aa00341d07@@3U__s_GUID@@BPAUIConnectionPoint@@V?$_CopyInterface@UIConnectionPoint@@@ATL@@@ATL@@UAGJKPAPAUIConnectionPoint@@PAK@Z 10003681 f i ImageScanner.obj
 0001:00002758       ?Skip@?$CComEnumImpl@UIEnumConnectionPoints@@$1?_GUID_b196b285_bab4_101a_b69c_00aa00341d07@@3U__s_GUID@@BPAUIConnectionPoint@@V?$_CopyInterface@UIConnectionPoint@@@ATL@@@ATL@@UAGJK@Z 10003758 f i ImageScanner.obj
 0001:00002785       ?Clone@?$CComEnumImpl@UIEnumConnectionPoints@@$1?_GUID_b196b285_bab4_101a_b69c_00aa00341d07@@3U__s_GUID@@BPAUIConnectionPoint@@V?$_CopyInterface@UIConnectionPoint@@@ATL@@@ATL@@UAGJPAPAUIEnumConnectionPoints@@@Z 10003785 f i ImageScanner.obj
 0001:00002866       ?QueryInterface@?$CComObject@V?$CComEnum@UIEnumConnectionPoints@@$1?_GUID_b196b285_bab4_101a_b69c_00aa00341d07@@3U__s_GUID@@BPAUIConnectionPoint@@V?$_CopyInterface@UIConnectionPoint@@@ATL@@VCComSingleThreadModel@6@@ATL@@@ATL@@UAGJABU_GUID@@PAPAX@Z 10003866 f i ImageScanner.obj
 0001:00002880       ??_G?$CComObject@V?$CComEnum@UIEnumConnectionPoints@@$1?_GUID_b196b285_bab4_101a_b69c_00aa00341d07@@3U__s_GUID@@BPAUIConnectionPoint@@V?$_CopyInterface@UIConnectionPoint@@@ATL@@VCComSingleThreadModel@6@@ATL@@@ATL@@UAEPAXI@Z 10003880 f i ImageScanner.obj
 0001:00002880       ??_E?$CComObject@V?$CComEnum@UIEnumConnectionPoints@@$1?_GUID_b196b285_bab4_101a_b69c_00aa00341d07@@3U__s_GUID@@BPAUIConnectionPoint@@V?$_CopyInterface@UIConnectionPoint@@@ATL@@VCComSingleThreadModel@6@@ATL@@@ATL@@UAEPAXI@Z 10003880 f i ImageScanner.obj
 0001:000028a2       ?CreateInstance@CComClassFactory@ATL@@UAGJPAUIUnknown@@ABU_GUID@@PAPAX@Z 100038a2 f i ImageScanner.obj
 0001:000028e0       ?LockServer@CComClassFactory@ATL@@UAGJH@Z 100038e0 f i ImageScanner.obj
 0001:000028ff       ??_ECComClassFactory@ATL@@UAEPAXI@Z 100038ff f i ImageScanner.obj
 0001:000028ff       ??_GCComClassFactory@ATL@@UAEPAXI@Z 100038ff f i ImageScanner.obj
 0001:0000292a       ??$?4UITypeInfo2@@@?$CComPtr@UITypeInfo@@@ATL@@QAEPAUITypeInfo@@ABV?$CComPtr@UITypeInfo2@@@1@@Z 1000392a f i ImageScanner.obj
 0001:00002957       ??$AtlAdd@K@ATL@@YAJPAKKK@Z 10003957 f i ImageScanner.obj
 0001:0000297a       ??$AtlAdd@_K@ATL@@YAJPA_K_K1@Z 1000397a f i ImageScanner.obj
 0001:000029b2       ??$AtlAddThrow@K@ATL@@YAKKK@Z 100039b2 f i ImageScanner.obj
 0001:000029d8       ??$AtlModuleRegisterWndClassInfoT@VAtlModuleRegisterWndClassInfoParamW@ATL@@@ATL@@YAGPAU_ATL_BASE_MODULE70@0@PAU_ATL_WIN_MODULE70@0@PAU_ATL_WNDCLASSINFOW@0@PAP6GJPAUHWND__@@IIJ@ZVAtlModuleRegisterWndClassInfoParamW@0@@Z 100039d8 f i ImageScanner.obj
 0001:00002b26       ??$AtlMultiply@H@ATL@@YAJPAHHH@Z 10003b26 f i ImageScanner.obj
 0001:00002b5e       ??$AtlMultiply@I@ATL@@YAJPAIII@Z 10003b5e f i ImageScanner.obj
 0001:00002b5e       ??$AtlMultiply@K@ATL@@YAJPAKKK@Z 10003b5e f i ImageScanner.obj
 0001:00002b80       ??$AtlMultiplyThrow@I@ATL@@YAIII@Z 10003b80 f i ImageScanner.obj
 0001:00002ba6       ??0?$CComAggObject@VCOPOSImageScanner@@@ATL@@QAE@PAX@Z 10003ba6 f i ImageScanner.obj
 0001:00002bd3       ??0?$CComContainedObject@VCOPOSImageScanner@@@ATL@@QAE@PAX@Z 10003bd3 f i ImageScanner.obj
 0001:00002c8c       ??0?$CComObject@V?$CComEnum@UIEnumConnectionPoints@@$1?_GUID_b196b285_bab4_101a_b69c_00aa00341d07@@3U__s_GUID@@BPAUIConnectionPoint@@V?$_CopyInterface@UIConnectionPoint@@@ATL@@VCComSingleThreadModel@6@@ATL@@@ATL@@QAE@PAX@Z 10003c8c f i ImageScanner.obj
 0001:00002cba       ??0?$CComObject@V?$CComEnum@UIEnumConnections@@$1?_GUID_b196b287_bab4_101a_b69c_00aa00341d07@@3U__s_GUID@@BUtagCONNECTDATA@@V?$_Copy@UtagCONNECTDATA@@@ATL@@VCComSingleThreadModel@6@@ATL@@@ATL@@QAE@PAX@Z 10003cba f i ImageScanner.obj
 0001:00002ce8       ??0?$CComObject@VCOPOSImageScanner@@@ATL@@QAE@PAX@Z 10003ce8 f i ImageScanner.obj
 0001:00002d9f       ??0?$CComQIPtr@UIOleControlSite@@$1?_GUID_b196b289_bab4_101a_b69c_00aa00341d07@@3U__s_GUID@@B@ATL@@QAE@PAUIUnknown@@@Z 10003d9f f i ImageScanner.obj
 0001:00002dc8       ??0CAtlModule@ATL@@QAE@XZ  10003dc8 f i ImageScanner.obj
 0001:00002e09       ??0CParseBuffer@CRegParser@ATL@@QAE@H@Z 10003e09 f i ImageScanner.obj
 0001:00002e3f       ??0_ATL_MSG@ATL@@QAE@PAUHWND__@@IIJH@Z 10003e3f f i ImageScanner.obj
 0001:00002e77       ??1?$CComAggObject@VCOPOSImageScanner@@@ATL@@UAE@XZ 10003e77 f i ImageScanner.obj
 0001:00002e9b       ??1?$CComEnumImpl@UIEnumConnectionPoints@@$1?_GUID_b196b285_bab4_101a_b69c_00aa00341d07@@3U__s_GUID@@BPAUIConnectionPoint@@V?$_CopyInterface@UIConnectionPoint@@@ATL@@@ATL@@UAE@XZ 10003e9b f i ImageScanner.obj
 0001:00002edb       ??1?$CComEnumImpl@UIEnumConnections@@$1?_GUID_b196b287_bab4_101a_b69c_00aa00341d07@@3U__s_GUID@@BUtagCONNECTDATA@@V?$_Copy@UtagCONNECTDATA@@@ATL@@@ATL@@UAE@XZ 10003edb f i ImageScanner.obj
 0001:00002f1b       ??1?$CComObject@V?$CComEnum@UIEnumConnectionPoints@@$1?_GUID_b196b285_bab4_101a_b69c_00aa00341d07@@3U__s_GUID@@BPAUIConnectionPoint@@V?$_CopyInterface@UIConnectionPoint@@@ATL@@VCComSingleThreadModel@6@@ATL@@@ATL@@UAE@XZ 10003f1b f i ImageScanner.obj
 0001:00002f3e       ??1?$CComObject@V?$CComEnum@UIEnumConnections@@$1?_GUID_b196b287_bab4_101a_b69c_00aa00341d07@@3U__s_GUID@@BUtagCONNECTDATA@@V?$_Copy@UtagCONNECTDATA@@@ATL@@VCComSingleThreadModel@6@@ATL@@@ATL@@UAE@XZ 10003f3e f i ImageScanner.obj
 0001:00002f61       ??1?$CComObject@VCOPOSImageScanner@@@ATL@@UAE@XZ 10003f61 f i ImageScanner.obj
 0001:0000301f       ??1?$CComObjectCached@VCComClassFactory@ATL@@@ATL@@UAE@XZ 1000401f f i ImageScanner.obj
 0001:00003035       ??1?$CComObjectRootEx@VCComMultiThreadModel@ATL@@@ATL@@QAE@XZ 10004035 f i ImageScanner.obj
 0001:0000304a       ??1CRegObject@ATL@@UAE@XZ  1000404a f i ImageScanner.obj
 0001:0000306a       ??4?$CComPtr@UIUnknown@@@ATL@@QAEPAUIUnknown@@PAU2@@Z 1000406a f i ImageScanner.obj
 0001:0000306a       ??4?$CComPtr@UIOleClientSite@@@ATL@@QAEPAUIOleClientSite@@PAU2@@Z 1000406a f i ImageScanner.obj
 0001:0000306a       ??4?$CComPtr@UIAdviseSink@@@ATL@@QAEPAUIAdviseSink@@PAU2@@Z 1000406a f i ImageScanner.obj
 0001:0000309e       ??4?$CComQIPtr@UIOleObject@@$1?_GUID_00000112_0000_0000_c000_000000000046@@3U__s_GUID@@B@ATL@@QAEPAUIOleObject@@PAUIUnknown@@@Z 1000409e f i ImageScanner.obj
 0001:000030c3       ??4?$CComQIPtr@UISpecifyPropertyPages@@$1?_GUID_b196b28b_bab4_101a_b69c_00aa00341d07@@3U__s_GUID@@B@ATL@@QAEPAUISpecifyPropertyPages@@PAUIUnknown@@@Z 100040c3 f i ImageScanner.obj
 0001:000030e8       ??_G?$CComContainedObject@VCOPOSImageScanner@@@ATL@@UAEPAXI@Z 100040e8 f i ImageScanner.obj
 0001:000030e8       ??_E?$CComContainedObject@VCOPOSImageScanner@@@ATL@@UAEPAXI@Z 100040e8 f i ImageScanner.obj
 0001:0000310d       ??_E?$CComObject@VCOPOSImageScanner@@@ATL@@UAEPAXI@Z 1000410d f i ImageScanner.obj
 0001:0000310d       ??_G?$CComObject@VCOPOSImageScanner@@@ATL@@UAEPAXI@Z 1000410d f i ImageScanner.obj
 0001:00003132       ?Add@?$CSimpleArray@GV?$CSimpleArrayEqualHelper@G@ATL@@@ATL@@QAEHABG@Z 10004132 f i ImageScanner.obj
 0001:000031b6       ?Add@?$CSimpleMap@PA_WPA_WVCExpansionVectorEqualHelper@ATL@@@ATL@@QAEHABQA_W0@Z 100041b6 f i ImageScanner.obj
 0001:0000320b       ?Add@CComDynamicUnkArray@ATL@@QAEKPAUIUnknown@@@Z 1000420b f i ImageScanner.obj
 0001:000032c1       ?Add@CExpansionVector@ATL@@QAEHPB_W0@Z 100042c1 f i ImageScanner.obj
 0001:000033c5       ?AddString@CParseBuffer@CRegParser@ATL@@QAEHPB_W@Z 100043c5 f i ImageScanner.obj
 0001:000033fa       ?AddValue@CRegParser@ATL@@IAEJAAVCRegKey@2@PB_WPA_W@Z 100043fa f i ImageScanner.obj
 0001:0000371b       ?Allocate@?$CAtlSafeAllocBufferManager@VCCRTAllocator@ATL@@@_ATL_SAFE_ALLOCA_IMPL@ATL@@QAEPAXK@Z 1000471b f i ImageScanner.obj
 0001:00003748       ?Allocate@?$CTempBuffer@E$0BAA@VCCRTAllocator@ATL@@@ATL@@QAEPAEI@Z 10004748 f i ImageScanner.obj
 0001:00003777       ?Allocate@?$CTempBuffer@_W$0BAA@VCCRTAllocator@ATL@@@ATL@@QAEPA_WI@Z 10004777 f i ImageScanner.obj
 0001:000037a6       ?Allocate@?$CTempBuffer@_W$0EAA@VCCRTAllocator@ATL@@@ATL@@QAEPA_WI@Z 100047a6 f i ImageScanner.obj
 0001:000037d5       ?AllocateHeap@?$CTempBuffer@_W$0EAA@VCCRTAllocator@ATL@@@ATL@@AAEXI@Z 100047d5 f i ImageScanner.obj
 0001:000037d5       ?AllocateHeap@?$CTempBuffer@_W$0BAA@VCCRTAllocator@ATL@@@ATL@@AAEXI@Z 100047d5 f i ImageScanner.obj
 0001:000037d5       ?AllocateHeap@?$CTempBuffer@E$0BAA@VCCRTAllocator@ATL@@@ATL@@AAEXI@Z 100047d5 f i ImageScanner.obj
 0001:000037fa       ?Append@CParseBuffer@CRegParser@ATL@@QAEHPB_WH@Z 100047fa f i ImageScanner.obj
 0001:00003888       ?AtlCallTermFunc@ATL@@YGXPAU_ATL_MODULE70@1@@Z 10004888 f i ImageScanner.obj
 0001:000038cc       ?AtlCoTaskMemCAlloc@ATL@@YAPAXKK@Z 100048cc f i ImageScanner.obj
 0001:000038f9       ?AtlCoTaskMemRecalloc@ATL@@YAPAXPAXKK@Z 100048f9 f i ImageScanner.obj
 0001:00003929       ?AtlComModuleGetClassObject@ATL@@YGJPAU_ATL_COM_MODULE70@1@ABU_GUID@@1PAPAX@Z 10004929 f i ImageScanner.obj
 0001:00003a1c       ?AtlComModuleRegisterServer@ATL@@YGJPAU_ATL_COM_MODULE70@1@HPBU_GUID@@@Z 10004a1c f i ImageScanner.obj
 0001:00003aa4       ?AtlComModuleUnregisterServer@ATL@@YGJPAU_ATL_COM_MODULE70@1@HPBU_GUID@@@Z 10004aa4 f i ImageScanner.obj
 0001:00003b2c       ?AtlComQIPtrAssign2@ATL@@YAXPAPAUIUnknown@@PAU2@ABU_GUID@@@Z 10004b2c f i ImageScanner.obj
 0001:00003b5b       ?AtlCreateTargetDC@ATL@@YGPAUHDC__@@PAU2@PAUtagDVTARGETDEVICE@@@Z 10004b5b f i ImageScanner.obj
 0001:00003bc4       ?AtlCrtErrorCheck@ATL@@YAHH@Z 10004bc4 f i ImageScanner.obj
 0001:00003bff       ?AtlHiMetricToPixel@ATL@@YGXPBUtagSIZE@@PAU2@@Z 10004bff f i ImageScanner.obj
 0001:00003c74       ?AtlHresultFromLastError@ATL@@YAJXZ 10004c74 f i ImageScanner.obj
 0001:00003c8b       ?AtlHresultFromWin32@ATL@@YAJK@Z 10004c8b f i ImageScanner.obj
 0001:00003ca0       ?AtlIPersistStreamInit_Load@ATL@@YGJPAUIStream@@PBUATL_PROPMAP_ENTRY@1@PAXPAUIUnknown@@@Z 10004ca0 f i ImageScanner.obj
 0001:00003e80       ?AtlIPersistStreamInit_Save@ATL@@YGJPAUIStream@@HPBUATL_PROPMAP_ENTRY@1@PAXPAUIUnknown@@@Z 10004e80 f i ImageScanner.obj
 0001:00004018       ?AtlInternalOleLoadFromStream@ATL@@YAJPAUIStream@@ABU_GUID@@PAPAXTClassesAllowedInStream@1@K@Z 10005018 f i ImageScanner.obj
 0001:0000413e       ?AtlInternalQueryInterface@ATL@@YGJPAXPBU_ATL_INTMAP_ENTRY@1@ABU_GUID@@PAPAX@Z 1000513e f i ImageScanner.obj
 0001:000041e1       ?AtlLoadTypeLib@ATL@@YGJPAUHINSTANCE__@@PB_WPAPA_WPAPAUITypeLib@@@Z 100051e1 f i ImageScanner.obj
 0001:000043bf       ?AtlModuleAddTermFunc@ATL@@YGJPAU_ATL_MODULE70@1@P6GXK@ZK@Z 100053bf f i ImageScanner.obj
 0001:0000441c       ?AtlRegisterClassCategoriesHelper@ATL@@YGJABU_GUID@@PBU_ATL_CATMAP_ENTRY@1@H@Z 1000541c f i ImageScanner.obj
 0001:000046fc       ?AtlRegisterTypeLib@ATL@@YGJPAUHINSTANCE__@@PB_W@Z 100056fc f i ImageScanner.obj
 0001:00004884       ?AtlThrowImpl@ATL@@YGXJ@Z  10005884 f i ImageScanner.obj
 0001:000048a2       ?AtlUnRegisterTypeLib@ATL@@YGJPAUHINSTANCE__@@PB_W@Z 100058a2 f i ImageScanner.obj
 0001:0000494d       ?AtlWinModuleAddCreateWndData@ATL@@YGXPAU_ATL_WIN_MODULE70@1@PAU_AtlCreateWndData@1@PAX@Z 1000594d f i ImageScanner.obj
 0001:000049a1       ?AtlWinModuleExtractCreateWndData@ATL@@YGPAXPAU_ATL_WIN_MODULE70@1@@Z 100059a1 f i ImageScanner.obj
 0001:00004a04       ?AtlWinModuleRegisterClassExW@ATL@@YGGPAU_ATL_WIN_MODULE70@1@PBUtagWNDCLASSEXW@@@Z 10005a04 f i ImageScanner.obj
 0001:00004a43       ?CanForceRemoveKey@CRegParser@ATL@@IAEHPB_W@Z 10005a43 f i ImageScanner.obj
 0001:00004a72       ?ChToByte@CRegParser@ATL@@KAE_W@Z 10005a72 f i ImageScanner.obj
 0001:00004aa5       ?Cleanup@CComTypeInfoHolder@ATL@@SGXK@Z 10005aa5 f i ImageScanner.obj
 0001:00004ad8       ?ClearReplacements@CExpansionVector@ATL@@QAEJXZ 10005ad8 f i ImageScanner.obj
 0001:00004b15       ?Close@CRegKey@ATL@@QAEJXZ 10005b15 f i ImageScanner.obj
 0001:00004b2f       ?CreateInstance@?$CComCreator@V?$CComAggObject@VCOPOSImageScanner@@@ATL@@@ATL@@SGJPAXABU_GUID@@PAPAX@Z 10005b2f f i ImageScanner.obj
 0001:00004ba5       ?CreateInstance@?$CComCreator@V?$CComObject@VCOPOSImageScanner@@@ATL@@@ATL@@SGJPAXABU_GUID@@PAPAX@Z 10005ba5 f i ImageScanner.obj
 0001:00004c26       ?CreateInstance@?$CComObject@V?$CComEnum@UIEnumConnectionPoints@@$1?_GUID_b196b285_bab4_101a_b69c_00aa00341d07@@3U__s_GUID@@BPAUIConnectionPoint@@V?$_CopyInterface@UIConnectionPoint@@@ATL@@VCComSingleThreadModel@6@@ATL@@@ATL@@SGJPAPAV12@@Z 10005c26 f i ImageScanner.obj
 0001:00004c6d       ?CreateInstance@?$CComObject@V?$CComEnum@UIEnumConnections@@$1?_GUID_b196b287_bab4_101a_b69c_00aa00341d07@@3U__s_GUID@@BUtagCONNECTDATA@@V?$_Copy@UtagCONNECTDATA@@@ATL@@VCComSingleThreadModel@6@@ATL@@@ATL@@SGJPAPAV12@@Z 10005c6d f i ImageScanner.obj
 0001:00004cb4       ?DefaultReflectionHandler@?$CWindowImplRoot@VCWindow@ATL@@@ATL@@SAHPAUHWND__@@IIJAAJ@Z 10005cb4 f i ImageScanner.obj
 0001:00004d27       ?DeleteSubKey@CRegKey@ATL@@QAEJPB_W@Z 10005d27 f i ImageScanner.obj
 0001:00004da0       ?DoEvent@COPOSImageScanner@@IAEXIIJ@Z 10005da0 f i ImageScanner.obj
 0001:00004e20       ?DoVerbHide@?$IOleObjectImpl@VCOPOSImageScanner@@@ATL@@QAEJPBUtagRECT@@PAUHWND__@@@Z 10005e20 f i ImageScanner.obj
 0001:00004e56       ?DoVerbInPlaceActivate@?$IOleObjectImpl@VCOPOSImageScanner@@@ATL@@QAEJPBUtagRECT@@PAUHWND__@@@Z 10005e56 f i ImageScanner.obj
 0001:00004e89       ?DoVerbPrimary@?$IOleObjectImpl@VCOPOSImageScanner@@@ATL@@QAEJPBUtagRECT@@PAUHWND__@@@Z 10005e89 f i ImageScanner.obj
 0001:00004f15       ?DoVerbProperties@CComControlBase@ATL@@QAEJPBUtagRECT@@PAUHWND__@@@Z 10005f15 f i ImageScanner.obj
 0001:0000503c       ?DoVerbShow@?$IOleObjectImpl@VCOPOSImageScanner@@@ATL@@QAEJPBUtagRECT@@PAUHWND__@@@Z 1000603c f i ImageScanner.obj
 0001:00005061       ?DoVerbUIActivate@?$IOleObjectImpl@VCOPOSImageScanner@@@ATL@@QAEJPBUtagRECT@@PAUHWND__@@@Z 10006061 f i ImageScanner.obj
 0001:0000509e       ?DoesVerbActivate@CComControlBase@ATL@@QAEHJ@Z 1000609e f i ImageScanner.obj
 0001:000050bf       ?DoesVerbUIActivate@CComControlBase@ATL@@QAEHJ@Z 100060bf f i ImageScanner.obj
 0001:000050f4       ?EndOfVar@CRegParser@ATL@@IAEHXZ 100060f4 f i ImageScanner.obj
 0001:00005114       ?EscapeSingleQuote@CAtlModule@ATL@@SAXPA_WIPB_W@Z 10006114 f i ImageScanner.obj
 0001:00005163       ?FindKey@?$CSimpleMap@PA_WPA_WVCExpansionVectorEqualHelper@ATL@@@ATL@@QBEHABQA_W@Z 10006163 f i ImageScanner.obj
 0001:0000519a       ?FireTheEvent@?$CProxy_IOPOSEvents@VCOPOSImageScanner@@@@IAEXPAVOposVariant@@IAAJPB_WJ@Z 1000619a f i ImageScanner.obj
 0001:0000522c       ?FireViewChange@CComControlBase@ATL@@QAEJXZ 1000622c f i ImageScanner.obj
 0001:00005275       ?Fire_DataEvent@?$CProxy_IOPOSEvents@VCOPOSImageScanner@@@@QAEXJ@Z 10006275 f i ImageScanner.obj
 0001:00005301       ?Fire_DirectIOEvent@?$CProxy_IOPOSEvents@VCOPOSImageScanner@@@@QAEXJPAJPAPA_W@Z 10006301 f i ImageScanner.obj
 0001:000053e7       ?Fire_ErrorEvent@?$CProxy_IOPOSEvents@VCOPOSImageScanner@@@@QAEXJJJPAJ@Z 100063e7 f i ImageScanner.obj
 0001:000054ce       ?Fire_StatusUpdateEvent@?$CProxy_IOPOSEvents@VCOPOSImageScanner@@@@QAEXJ@Z 100064ce f i ImageScanner.obj
 0001:0000555a       ?FreeHeap@?$CTempBuffer@E$0BAA@VCCRTAllocator@ATL@@@ATL@@AAEXXZ 1000655a f i ImageScanner.obj
 0001:0000555a       ?FreeHeap@?$CTempBuffer@_W$0EAA@VCCRTAllocator@ATL@@@ATL@@AAEXXZ 1000655a f i ImageScanner.obj
 0001:0000555a       ?FreeHeap@?$CTempBuffer@_W$0BAA@VCCRTAllocator@ATL@@@ATL@@AAEXXZ 1000655a f i ImageScanner.obj
 0001:00005563       ?GetAmbientLocaleID@CComControlBase@ATL@@QAEJAAK@Z 10006563 f i ImageScanner.obj
 0001:000055bf       ?GetAmbientUserMode@CComControlBase@ATL@@QAEJAAH@Z 100065bf f i ImageScanner.obj
 0001:0000562f       ?GetAt@CComDynamicUnkArray@ATL@@QAEPAUIUnknown@@H@Z 1000662f f i ImageScanner.obj
 0001:0000564b       ?GetClassObject@CComModule@ATL@@QAEJABU_GUID@@0PAPAX@Z 1000664b f i ImageScanner.obj
 0001:000056ed       ?GetConnMap@COPOSImageScanner@@SAPBU_ATL_CONNMAP_ENTRY@ATL@@PAH@Z 100066ed f i ImageScanner.obj
 0001:0000575d       ?GetCookie@CComDynamicUnkArray@ATL@@QAGKPAPAUIUnknown@@@Z 1000675d f i ImageScanner.obj
 0001:00005795       ?GetIDsOfNames@CComTypeInfoHolder@ATL@@QAEJABU_GUID@@PAPA_WIKPAJ@Z 10006795 f i ImageScanner.obj
 0001:000058a3       ?GetKeyAt@?$CSimpleMap@PA_WPA_WVCExpansionVectorEqualHelper@ATL@@@ATL@@QBEAAPA_WH@Z 100068a3 f i ImageScanner.obj
 0001:000058c8       ?GetPagesHelper@?$ISpecifyPropertyPagesImpl@VCOPOSImageScanner@@@ATL@@IAEJPAUtagCAUUID@@PBUATL_PROPMAP_ENTRY@2@@Z 100068c8 f i ImageScanner.obj
 0001:000059ef       ?GetProperty@?$CComPtr@UIDispatch@@@ATL@@SAJPAUIDispatch@@JPAUtagVARIANT@@@Z 100069ef f i ImageScanner.obj
 0001:00005a3e       ?GetSizeMax@CComVariant@ATL@@QBEJPAT_ULARGE_INTEGER@@@Z 10006a3e f i ImageScanner.obj
 0001:00005bf8       ?GetStreamSize@CComBSTR@ATL@@SAKPA_W@Z 10006bf8 f i ImageScanner.obj
 0001:00005c12       ?GetTI@CComTypeInfoHolder@ATL@@QAEJK@Z 10006c12 f i ImageScanner.obj
 0001:00005dfb       ?GetTI@CComTypeInfoHolder@ATL@@QAEJKPAPAUITypeInfo@@@Z 10006dfb f i ImageScanner.obj
 0001:00005e3d       ?GetUnknown@CComDynamicUnkArray@ATL@@QAGPAUIUnknown@@K@Z 10006e3d f i ImageScanner.obj
 0001:00005e5e       ?GetValueAt@?$CSimpleMap@PA_WPA_WVCExpansionVectorEqualHelper@ATL@@@ATL@@QBEAAPA_WH@Z 10006e5e f i ImageScanner.obj
 0001:00005e84       ?GetZoomInfo@CComControlBase@ATL@@QAEXAAUATL_DRAWINFO@@@Z 10006e84 f i ImageScanner.obj
 0001:00005f17       ?HKeyFromString@CRegParser@ATL@@KAPAUHKEY__@@PA_W@Z 10006f17 f i ImageScanner.obj
 0001:00005f45       ?HasSubKeys@CRegParser@ATL@@IAEHPAUHKEY__@@@Z 10006f45 f i ImageScanner.obj
 0001:00005f7a       ?IDataObject_GetData@CComControlBase@ATL@@QAEJPAUtagFORMATETC@@PAUtagSTGMEDIUM@@@Z 10006f7a f i ImageScanner.obj
 0001:00006120       ?IOleInPlaceObject_InPlaceDeactivate@CComControlBase@ATL@@QAEJXZ 10007120 f i ImageScanner.obj
 0001:000061a7       ?IOleInPlaceObject_SetObjectRects@CComControlBase@ATL@@QAEJPBUtagRECT@@0@Z 100071a7 f i ImageScanner.obj
 0001:00006274       ?IOleInPlaceObject_UIDeactivate@CComControlBase@ATL@@QAEJXZ 10007274 f i ImageScanner.obj
 0001:00006336       ?IOleObject_Advise@CComControlBase@ATL@@QAEJPAUIAdviseSink@@PAK@Z 10007336 f i ImageScanner.obj
 0001:00006360       ?IOleObject_Close@CComControlBase@ATL@@QAEJK@Z 10007360 f i ImageScanner.obj
 0001:00006444       ?IOleObject_GetClientSite@CComControlBase@ATL@@QAEJPAPAUIOleClientSite@@@Z 10007444 f i ImageScanner.obj
 0001:0000646d       ?IOleObject_SetClientSite@CComControlBase@ATL@@QAEJPAUIOleClientSite@@@Z 1000746d f i ImageScanner.obj
 0001:000064ac       ?IOleObject_SetExtent@CComControlBase@ATL@@QAEJKPAUtagSIZE@@@Z 100074ac f i ImageScanner.obj
 0001:00006560       ?IPSI_GetIPersistStreamInit@?$IPersistStorageImpl@VCOPOSImageScanner@@@ATL@@AAEPAUIPersistStreamInit@@XZ 10007560 f i ImageScanner.obj
 0001:000065a2       ?IPersistStreamInit_Load@?$IPersistStreamInitImpl@VCOPOSImageScanner@@@ATL@@QAEJPAUIStream@@PBUATL_PROPMAP_ENTRY@2@@Z 100075a2 f i ImageScanner.obj
 0001:000065ce       ?IPersistStreamInit_Save@?$IPersistStreamInitImpl@VCOPOSImageScanner@@@ATL@@QAEJPAUIStream@@HPBUATL_PROPMAP_ENTRY@2@@Z 100075ce f i ImageScanner.obj
 0001:00006603       ?IQuickActivate_QuickActivate@CComControlBase@ATL@@QAEJPAUtagQACONTAINER@@PAUtagQACONTROL@@@Z 10007603 f i ImageScanner.obj
 0001:00006845       ?IViewObject_Draw@CComControlBase@ATL@@QAEJKJPAXPAUtagDVTARGETDEVICE@@PAUHDC__@@2PBU_RECTL@@3@Z 10007845 f i ImageScanner.obj
 0001:000068ed       ?InPlaceActivate@CComControlBase@ATL@@QAEJJPBUtagRECT@@@Z 100078ed f i ImageScanner.obj
 0001:00006b5e       ?Init@?$CComEnumImpl@UIEnumConnectionPoints@@$1?_GUID_b196b285_bab4_101a_b69c_00aa00341d07@@3U__s_GUID@@BPAUIConnectionPoint@@V?$_CopyInterface@UIConnectionPoint@@@ATL@@@ATL@@QAEJPAPAUIConnectionPoint@@0PAUIUnknown@@W4CComEnumFlags@2@@Z 10007b5e f i ImageScanner.obj
 0001:00006c3d       ?Init@?$CComEnumImpl@UIEnumConnections@@$1?_GUID_b196b287_bab4_101a_b69c_00aa00341d07@@3U__s_GUID@@BUtagCONNECTDATA@@V?$_Copy@UtagCONNECTDATA@@@ATL@@@ATL@@QAEJPAUtagCONNECTDATA@@0PAUIUnknown@@W4CComEnumFlags@2@@Z 10007c3d f i ImageScanner.obj
 0001:00006d1c       ?Init@CComModule@ATL@@QAEJPAU_ATL_OBJMAP_ENTRY30@2@PAUHINSTANCE__@@PBU_GUID@@@Z 10007d1c f i ImageScanner.obj
 0001:00006d7b       ?Init@CDynamicStdCallThunk2@ATL@@QAEHKPAX@Z 10007d7b f i ImageScanner.obj
 0001:00006da6       ?InlineIsEqualUnknown@ATL@@YGHABU_GUID@@@Z 10007da6 f i ImageScanner.obj
 0001:00006dce       ?InternalGetSite@CComControlBase@ATL@@QAEJABU_GUID@@PAPAX@Z 10007dce f i ImageScanner.obj
 0001:00006dfc       ?InternalSetAtIndex@?$CSimpleMap@PA_WPA_WVCExpansionVectorEqualHelper@ATL@@@ATL@@QAEXHABQA_W0@Z 10007dfc f i ImageScanner.obj
 0001:00006e26       ?Invoke@CComTypeInfoHolder@ATL@@QAEJPAUIDispatch@@JABU_GUID@@KGPAUtagDISPPARAMS@@PAUtagVARIANT@@PAUtagEXCEPINFO@@PAI@Z 10007e26 f i ImageScanner.obj
 0001:00006e69       ?IsEqualObject@?$CComPtrBase@UIOleClientSite@@@ATL@@QAE_NPAUIUnknown@@@Z 10007e69 f i ImageScanner.obj
 0001:00006e69       ?IsEqualObject@?$CComPtrBase@UITypeInfo@@@ATL@@QAE_NPAUIUnknown@@@Z 10007e69 f i ImageScanner.obj
 0001:00006ed6       ?IsSpace@CRegParser@ATL@@IAEH_W@Z 10007ed6 f i ImageScanner.obj
 0001:00006f00       ?LoadNameCache@CComTypeInfoHolder@ATL@@QAEJPAUITypeInfo@@@Z 10007f00 f i ImageScanner.obj
 0001:0000704e       ?Lookup@?$CSimpleMap@PA_WPA_WVCExpansionVectorEqualHelper@ATL@@@ATL@@QBEPA_WABQA_W@Z 1000804e f i ImageScanner.obj
 0001:00007074       ?NextToken@CRegParser@ATL@@IAEJPA_W@Z 10008074 f i ImageScanner.obj
 0001:000071ac       ?OnKillFocus@CComControlBase@ATL@@QAEJIIJAAH@Z 100081ac f i ImageScanner.obj
 0001:00007207       ?OnMouseActivate@CComControlBase@ATL@@QAEJIIJAAH@Z 10008207 f i ImageScanner.obj
 0001:00007275       ?OnPaint@CComControlBase@ATL@@QAEJIIJAAH@Z 10008275 f i ImageScanner.obj
 0001:00007327       ?OnSetFocus@CComControlBase@ATL@@QAEJIIJAAH@Z 10008327 f i ImageScanner.obj
 0001:000073b0       ?Open@CRegKey@ATL@@QAEJPAUHKEY__@@PB_WK@Z 100083b0 f i ImageScanner.obj
 0001:00007405       ?PreProcessBuffer@CRegParser@ATL@@QAEJPA_WPAPA_W@Z 10008405 f i ImageScanner.obj
 0001:0000766f       ?ProcessWindowMessage@?$CComControl@VCOPOSImageScanner@@V?$CWindowImpl@VCOPOSImageScanner@@VCWindow@ATL@@V?$CWinTraits@$0FGAAAAAA@$0A@@3@@ATL@@@ATL@@UAEHPAUHWND__@@IIJAAJK@Z 1000866f f i ImageScanner.obj
 0001:0000770e       ?PutProperty@?$CComPtr@UIDispatch@@@ATL@@SAJPAUIDispatch@@JPAUtagVARIANT@@@Z 1000870e f i ImageScanner.obj
 0001:000077a0       ?ReadFromStream@CComBSTR@ATL@@QAEJPAUIStream@@@Z 100087a0 f i ImageScanner.obj
 0001:000078ce       ?ReadFromStream@CComVariant@ATL@@QAEJPAUIStream@@GTClassesAllowedInStream@2@K@Z 100088ce f i ImageScanner.obj
 0001:00007a54       ?RecurseDeleteKey@CRegKey@ATL@@QAEJPB_W@Z 10008a54 f i ImageScanner.obj
 0001:00007b16       ?RegCreateKeyExW@CAtlTransactionManager@ATL@@QAEJPAUHKEY__@@PB_WKPA_WKKQAU_SECURITY_ATTRIBUTES@@PAPAU3@PAK@Z 10008b16 f i ImageScanner.obj
 0001:00007b79       ?RegDeleteKeyW@CAtlTransactionManager@ATL@@QAEJPAUHKEY__@@PB_W@Z 10008b79 f i ImageScanner.obj
 0001:00007bcb       ?RegOpenKeyExW@CAtlTransactionManager@ATL@@QAEJPAUHKEY__@@PB_WKKPAPAU3@@Z 10008bcb f i ImageScanner.obj
 0001:00007c22       ?Register@_ATL_WNDCLASSINFOW@ATL@@QAEGPAP6GJPAUHWND__@@IIJ@Z@Z 10008c22 f i ImageScanner.obj
 0001:00007c42       ?RegisterBuffer@CRegParser@ATL@@QAEJPA_WH@Z 10008c42 f i ImageScanner.obj
 0001:00007d7b       ?RegisterFromResource@CRegObject@ATL@@IAEJPB_W00H@Z 10008d7b f i ImageScanner.obj
 0001:00007eb1       ?RegisterServer@?$CAtlModuleT@VCComModule@ATL@@@ATL@@QAEJHPBU_GUID@@@Z 10008eb1 f i ImageScanner.obj
 0001:00007edf       ?RegisterServer@CComModule@ATL@@QAEJHPBU_GUID@@@Z 10008edf f i ImageScanner.obj
 0001:00007f55       ?RegisterSubkeys@CRegParser@ATL@@IAEJPA_WPAUHKEY__@@HH@Z 10008f55 f i ImageScanner.obj
 0001:00008527       ?Remove@CComDynamicUnkArray@ATL@@QAEHK@Z 10009527 f i ImageScanner.obj
 0001:00008550       ?RemoveAll@?$CSimpleMap@PA_WPA_WVCExpansionVectorEqualHelper@ATL@@@ATL@@QAEXXZ 10009550 f i ImageScanner.obj
 0001:0000857c       ?ResourceRegisterSz@CRegObject@ATL@@QAGJPB_W00@Z 1000957c f i ImageScanner.obj
 0001:000085a9       ?ResourceUnregisterSz@CRegObject@ATL@@QAGJPB_W00@Z 100095a9 f i ImageScanner.obj
 0001:000085d6       ?SendOnDataChange@CComControlBase@ATL@@QAEJK@Z 100095d6 f i ImageScanner.obj
 0001:00008623       ?SetControlFocus@CComControlBase@ATL@@QAEHH@Z 10009623 f i ImageScanner.obj
 0001:000086c0       ?SetMultiStringValue@CRegKey@ATL@@QAEJPB_W0@Z 100096c0 f i ImageScanner.obj
 0001:0000871c       ?SetStringValue@CRegKey@ATL@@QAEJPB_W0K@Z 1000971c f i ImageScanner.obj
 0001:00008765       ?SkipAssignment@CRegParser@ATL@@IAEJPA_W@Z 10009765 f i ImageScanner.obj
 0001:000087ca       ?SkipWhiteSpace@CRegParser@ATL@@IAEXXZ 100097ca f i ImageScanner.obj
 0001:000087ec       ?StrChrW@CRegParser@ATL@@KAPA_WPA_W_W@Z 100097ec f i ImageScanner.obj
 0001:00008829       ?Term@CAtlModule@ATL@@QAEXXZ 10009829 f i ImageScanner.obj
 0001:00008862       ?Term@CComModule@ATL@@QAEXXZ 10009862 f i ImageScanner.obj
 0001:000088ba       ?UnregisterServer@?$CAtlModuleT@VCComModule@ATL@@@ATL@@QAEJHPBU_GUID@@@Z 100098ba f i ImageScanner.obj
 0001:000088e0       ?UnregisterServer@CComModule@ATL@@QAEJHPBU_GUID@@@Z 100098e0 f i ImageScanner.obj
 0001:00008956       ?UpdateRegistryFromResource@CAtlModule@ATL@@QAGJIHPAU_ATL_REGMAP_ENTRY@2@@Z 10009956 f i ImageScanner.obj
 0001:00008b21       ?UpdateRegistryFromResource@CAtlModule@ATL@@QAGJPB_WHPAU_ATL_REGMAP_ENTRY@2@@Z 10009b21 f i ImageScanner.obj
 0001:00008cf2       ?VTFromRegType@CRegParser@ATL@@KAHPB_WAAG@Z 10009cf2 f i ImageScanner.obj
 0001:00008d5f       ?WindowProc@?$CWindowImplBaseT@VCWindow@ATL@@V?$CWinTraits@$0FGAAAAAA@$0A@@2@@ATL@@SGJPAUHWND__@@IIJ@Z 10009d5f f i ImageScanner.obj
 0001:00008e51       ?WriteToStream@CComBSTR@ATL@@QAEJPAUIStream@@@Z 10009e51 f i ImageScanner.obj
 0001:00008ea8       ?WriteToStream@CComVariant@ATL@@QAEJPAUIStream@@@Z 10009ea8 f i ImageScanner.obj
 0001:00009022       ?WriteToStream@CComVariant@ATL@@QAEJPAUIStream@@G@Z 1000a022 f i ImageScanner.obj
 0001:0000908b       ?_AtlInitialConstruct@?$CComObjectRootEx@VCComMultiThreadModel@ATL@@@ATL@@QAEJXZ 1000a08b f i ImageScanner.obj
 0001:000090a0       ?_AtlVerifyStackAvailable@_ATL_SAFE_ALLOCA_IMPL@ATL@@YA_NK@Z 1000a0a0 f i ImageScanner.obj
 0001:0000911e       ?atlCreate@?$CWindowImpl@VCOPOSImageScanner@@VCWindow@ATL@@V?$CWinTraits@$0FGAAAAAA@$0A@@3@@ATL@@QAEPAUHWND__@@PAU3@V_U_RECT@2@PB_WKKV_U_MENUorID@2@PAX@Z 1000a11e f i ImageScanner.obj
 0001:00009162       ?atlCreate@?$CWindowImplBaseT@VCWindow@ATL@@V?$CWinTraits@$0FGAAAAAA@$0A@@2@@ATL@@QAEPAUHWND__@@PAU3@V_U_RECT@2@PB_WKKV_U_MENUorID@2@GPAX@Z 1000a162 f i ImageScanner.obj
 0001:000091fe       ?atlCreate@CRegKey@ATL@@QAEJPAUHKEY__@@PB_WPA_WKKPAU_SECURITY_ATTRIBUTES@@PAK@Z 1000a1fe f i ImageScanner.obj
 0001:0000926d       ?copy@?$_Copy@UtagCONNECTDATA@@@ATL@@SAJPAUtagCONNECTDATA@@PBU3@@Z 1000a26d f i ImageScanner.obj
 0001:000092a3       ?copy@?$_CopyInterface@UIConnectionPoint@@@ATL@@SAJPAPAUIConnectionPoint@@PBQAU3@@Z 1000a2a3 f i ImageScanner.obj
 0001:000092d1       ?memcpy_s@Checked@ATL@@YAXPAXIPBXI@Z 1000a2d1 f i ImageScanner.obj
 0001:000092f0       ?ocscpy_s@@YA_NPA_WIPB_W@Z 1000a2f0 f i ImageScanner.obj
 0001:0000931f       ?ocslen@@YAHPB_W@Z         1000a31f f i ImageScanner.obj
 0001:0000933f       ?wcscpy_s@Checked@ATL@@YAXPA_WIPB_W@Z 1000a33f f i ImageScanner.obj
 0001:0000935b       _DllCanUnloadNow@0         1000a35b f   ImageScanner.obj
 0001:00009367       _DllGetClassObject@12      1000a367 f   ImageScanner.obj
 0001:00009375       _DllMain@12                1000a375 f   ImageScanner.obj
 0001:000093b7       _DllRegisterServer@0       1000a3b7 f   ImageScanner.obj
 0001:000093c6       _DllUnregisterServer@0     1000a3c6 f   ImageScanner.obj
 0001:000093d5       _InlineIsEqualGUID         1000a3d5 f i ImageScanner.obj
 0001:00009405       ___local_stdio_printf_options 1000a405 f i ImageScanner.obj
 0001:0000940b       __vswprintf_s_l            1000a40b f i ImageScanner.obj
 0001:000094b8       _swprintf_s                1000a4b8 f i ImageScanner.obj
 0001:000094d4       ??0?$CComControl@VCOPOSImageScanner@@V?$CWindowImpl@VCOPOSImageScanner@@VCWindow@ATL@@V?$CWinTraits@$0FGAAAAAA@$0A@@3@@ATL@@@ATL@@QAE@XZ 1000a4d4 f i ImageScannerImpl.obj
 0001:000094fb       ??0?$CProxy_IOPOSEvents@VCOPOSImageScanner@@@@QAE@XZ 1000a4fb f i ImageScannerImpl.obj
 0001:0000951b       ??0CComControlBase@ATL@@QAE@AAPAUHWND__@@@Z 1000a51b f i ImageScannerImpl.obj
 0001:00009565       ??0COPOSImageScanner@@QAE@XZ 1000a565 f   ImageScannerImpl.obj
 0001:0000959b       ??1?$CComControl@VCOPOSImageScanner@@V?$CWindowImpl@VCOPOSImageScanner@@VCWindow@ATL@@V?$CWinTraits@$0FGAAAAAA@$0A@@3@@ATL@@@ATL@@UAE@XZ 1000a59b f i ImageScannerImpl.obj
 0001:000095b4       ??1?$IConnectionPointImpl@VCOPOSImageScanner@@$1?IID_IPropertyNotifySink@@3U_GUID@@BVCComDynamicUnkArray@ATL@@@ATL@@QAE@XZ 1000a5b4 f i ImageScannerImpl.obj
 0001:000095b4       ??1?$IConnectionPointImpl@VCOPOSImageScanner@@$1?DIID__IOPOSImageScannerEvents@@3U_GUID@@BVCComDynamicUnkArray@ATL@@@ATL@@QAE@XZ 1000a5b4 f i ImageScannerImpl.obj
 0001:000095f1       ??1CComControlBase@ATL@@UAE@XZ 1000a5f1 f i ImageScannerImpl.obj
 0001:00009654       ??1COPOSImageScanner@@UAE@XZ 1000a654 f   ImageScannerImpl.obj
 0001:0000969c       ??1OposVariantResult@@QAE@XZ 1000a69c f i ImageScannerImpl.obj
 0001:000096bd       ??1_CW@@QAE@XZ             1000a6bd f i ImageScannerImpl.obj
 0001:000096d6       ?CheckHealth@COPOSImageScanner@@UAGJJPAJ@Z 1000a6d6 f   ImageScannerImpl.obj
 0001:00009725       ?ClaimDevice@COPOSImageScanner@@UAGJJPAJ@Z 1000a725 f   ImageScannerImpl.obj
 0001:0000979a       ?ClearInput@COPOSImageScanner@@UAGJPAJ@Z 1000a79a f   ImageScannerImpl.obj
 0001:000097b5       ?ClearInputProperties@COPOSImageScanner@@UAGJPAJ@Z 1000a7b5 f   ImageScannerImpl.obj
 0001:000097d0       ?Close@COPOSImageScanner@@UAGJPAJ@Z 1000a7d0 f   ImageScannerImpl.obj
 0001:0000983e       ?CompareFirmwareVersion@COPOSImageScanner@@UAGJPA_WPAJ1@Z 1000a83e f   ImageScannerImpl.obj
 0001:000098be       ?DirectIO@COPOSImageScanner@@UAGJJPAJPAPA_W0@Z 1000a8be f   ImageScannerImpl.obj
 0001:0000996c       ?DoInvoke@COPOSImageScanner@@IAEJJPAVOposVariant@@IHPAJ_N@Z 1000a96c f   ImageScannerImpl.obj
 0001:00009a2e       ?EventClose@COPOSImageScanner@@IAEXXZ 1000aa2e f i ImageScannerImpl.obj
 0001:00009a61       ?EventInit@COPOSImageScanner@@IAEJXZ 1000aa61 f i ImageScannerImpl.obj
 0001:00009b2d       ?EventUninit@COPOSImageScanner@@IAEXXZ 1000ab2d f i ImageScannerImpl.obj
 0001:00009b7f       ?EventWindowProc@COPOSImageScanner@@IAGJIIJ@Z 1000ab7f f i ImageScannerImpl.obj
 0001:00009c53       ?FinalConstruct@COPOSImageScanner@@QAEJXZ 1000ac53 f   ImageScannerImpl.obj
 0001:00009c8c       ?FireEventCleanup@COPOSImageScanner@@IAEXXZ 1000ac8c f i ImageScannerImpl.obj
 0001:00009ca2       ?FireEventSetup@COPOSImageScanner@@IAE_NXZ 1000aca2 f i ImageScannerImpl.obj
 0001:00009cd6       ?FreezeEvents@COPOSImageScanner@@MAGJH@Z 1000acd6 f   ImageScannerImpl.obj
 0001:00009d36       ?GetOposProp@COPOSImageScanner@@IAEJJPAFJ@Z 1000ad36 f   ImageScannerImpl.obj
 0001:00009d59       ?GetOposProp@COPOSImageScanner@@IAEJJPAJJ@Z 1000ad59 f   ImageScannerImpl.obj
 0001:00009e17       ?GetOposProp@COPOSImageScanner@@IAEJJPAPA_WJ@Z 1000ae17 f   ImageScannerImpl.obj
 0001:00009ee2       ?OnDraw@COPOSImageScanner@@MAEJAAUATL_DRAWINFO@@@Z 1000aee2 f   ImageScannerImpl.obj
 0001:00009f82       ?Open@COPOSImageScanner@@UAGJPA_WPAJ@Z 1000af82 f   ImageScannerImpl.obj
 0001:0000a71b       ?ReleaseDevice@COPOSImageScanner@@UAGJPAJ@Z 1000b71b f   ImageScannerImpl.obj
 0001:0000a76a       ?ResetStatistics@COPOSImageScanner@@UAGJPA_WPAJ@Z 1000b76a f   ImageScannerImpl.obj
 0001:0000a7c1       ?RetrieveStatistics@COPOSImageScanner@@UAGJPAPA_WPAJ@Z 1000b7c1 f   ImageScannerImpl.obj
 0001:0000a818       ?SOProcessID@COPOSImageScanner@@UAGJPAJ@Z 1000b818 f   ImageScannerImpl.obj
 0001:0000a82c       ?SetCOFreezeEvents@COPOSImageScanner@@IAEXF@Z 1000b82c f   ImageScannerImpl.obj
 0001:0000a8b7       ?SetOposProp@COPOSImageScanner@@IAEJJJJ@Z 1000b8b7 f   ImageScannerImpl.obj
 0001:0000a995       ?StartSession@COPOSImageScanner@@UAGJPAJ@Z 1000b995 f   ImageScannerImpl.obj
 0001:0000a9b0       ?StopSession@COPOSImageScanner@@UAGJPAJ@Z 1000b9b0 f   ImageScannerImpl.obj
 0001:0000a9cb       ?UpdateFirmware@COPOSImageScanner@@UAGJPA_WPAJ@Z 1000b9cb f   ImageScannerImpl.obj
 0001:0000aa22       ?UpdateStatistics@COPOSImageScanner@@UAGJPA_WPAJ@Z 1000ba22 f   ImageScannerImpl.obj
 0001:0000aa79       ?get_AimMode@COPOSImageScanner@@UAGJPAF@Z 1000ba79 f   ImageScannerImpl.obj
 0001:0000aa92       ?get_AutoDisable@COPOSImageScanner@@UAGJPAF@Z 1000ba92 f   ImageScannerImpl.obj
 0001:0000aaa8       ?get_BinaryConversion@COPOSImageScanner@@UAGJPAJ@Z 1000baa8 f   ImageScannerImpl.obj
 0001:0000aabe       ?get_BitsPerPixel@COPOSImageScanner@@UAGJPAJ@Z 1000babe f   ImageScannerImpl.obj
 0001:0000aad7       ?get_CapAim@COPOSImageScanner@@UAGJPAF@Z 1000bad7 f   ImageScannerImpl.obj
 0001:0000aaf0       ?get_CapCompareFirmwareVersion@COPOSImageScanner@@UAGJPAF@Z 1000baf0 f   ImageScannerImpl.obj
 0001:0000ab09       ?get_CapDecodeData@COPOSImageScanner@@UAGJPAF@Z 1000bb09 f   ImageScannerImpl.obj
 0001:0000ab22       ?get_CapHostTriggered@COPOSImageScanner@@UAGJPAF@Z 1000bb22 f   ImageScannerImpl.obj
 0001:0000ab3b       ?get_CapIlluminate@COPOSImageScanner@@UAGJPAF@Z 1000bb3b f   ImageScannerImpl.obj
 0001:0000ab54       ?get_CapImageData@COPOSImageScanner@@UAGJPAF@Z 1000bb54 f   ImageScannerImpl.obj
 0001:0000ab6d       ?get_CapImageQuality@COPOSImageScanner@@UAGJPAF@Z 1000bb6d f   ImageScannerImpl.obj
 0001:0000ab86       ?get_CapPowerReporting@COPOSImageScanner@@UAGJPAJ@Z 1000bb86 f   ImageScannerImpl.obj
 0001:0000ab9f       ?get_CapStatisticsReporting@COPOSImageScanner@@UAGJPAF@Z 1000bb9f f   ImageScannerImpl.obj
 0001:0000abb8       ?get_CapUpdateFirmware@COPOSImageScanner@@UAGJPAF@Z 1000bbb8 f   ImageScannerImpl.obj
 0001:0000abd1       ?get_CapUpdateStatistics@COPOSImageScanner@@UAGJPAF@Z 1000bbd1 f   ImageScannerImpl.obj
 0001:0000abea       ?get_CapVideoData@COPOSImageScanner@@UAGJPAF@Z 1000bbea f   ImageScannerImpl.obj
 0001:0000ac03       ?get_CheckHealthText@COPOSImageScanner@@UAGJPAPA_W@Z 1000bc03 f   ImageScannerImpl.obj
 0001:0000ac1c       ?get_Claimed@COPOSImageScanner@@UAGJPAF@Z 1000bc1c f   ImageScannerImpl.obj
 0001:0000ac32       ?get_ControlObjectDescription@COPOSImageScanner@@UAGJPAPA_W@Z 1000bc32 f   ImageScannerImpl.obj
 0001:0000ac6f       ?get_ControlObjectVersion@COPOSImageScanner@@UAGJPAJ@Z 1000bc6f f   ImageScannerImpl.obj
 0001:0000ac82       ?get_DataCount@COPOSImageScanner@@UAGJPAJ@Z 1000bc82 f   ImageScannerImpl.obj
 0001:0000ac98       ?get_DataEventEnabled@COPOSImageScanner@@UAGJPAF@Z 1000bc98 f   ImageScannerImpl.obj
 0001:0000acae       ?get_DeviceDescription@COPOSImageScanner@@UAGJPAPA_W@Z 1000bcae f   ImageScannerImpl.obj
 0001:0000acc7       ?get_DeviceEnabled@COPOSImageScanner@@UAGJPAF@Z 1000bcc7 f   ImageScannerImpl.obj
 0001:0000acdd       ?get_DeviceName@COPOSImageScanner@@UAGJPAPA_W@Z 1000bcdd f   ImageScannerImpl.obj
 0001:0000acf6       ?get_FrameData@COPOSImageScanner@@UAGJPAPA_W@Z 1000bcf6 f   ImageScannerImpl.obj
 0001:0000ad0f       ?get_FrameType@COPOSImageScanner@@UAGJPAJ@Z 1000bd0f f   ImageScannerImpl.obj
 0001:0000ad28       ?get_FreezeEvents@COPOSImageScanner@@UAGJPAF@Z 1000bd28 f   ImageScannerImpl.obj
 0001:0000ad3e       ?get_IlluminateMode@COPOSImageScanner@@UAGJPAF@Z 1000bd3e f   ImageScannerImpl.obj
 0001:0000ad57       ?get_ImageHeight@COPOSImageScanner@@UAGJPAJ@Z 1000bd57 f   ImageScannerImpl.obj
 0001:0000ad70       ?get_ImageLength@COPOSImageScanner@@UAGJPAJ@Z 1000bd70 f   ImageScannerImpl.obj
 0001:0000ad89       ?get_ImageMode@COPOSImageScanner@@UAGJPAJ@Z 1000bd89 f   ImageScannerImpl.obj
 0001:0000ada2       ?get_ImageQuality@COPOSImageScanner@@UAGJPAJ@Z 1000bda2 f   ImageScannerImpl.obj
 0001:0000adbb       ?get_ImageType@COPOSImageScanner@@UAGJPAJ@Z 1000bdbb f   ImageScannerImpl.obj
 0001:0000add4       ?get_ImageWidth@COPOSImageScanner@@UAGJPAJ@Z 1000bdd4 f   ImageScannerImpl.obj
 0001:0000aded       ?get_OpenResult@COPOSImageScanner@@UAGJPAJ@Z 1000bded f   ImageScannerImpl.obj
 0001:0000ae04       ?get_PowerNotify@COPOSImageScanner@@UAGJPAJ@Z 1000be04 f   ImageScannerImpl.obj
 0001:0000ae1a       ?get_PowerState@COPOSImageScanner@@UAGJPAJ@Z 1000be1a f   ImageScannerImpl.obj
 0001:0000ae30       ?get_ResultCode@COPOSImageScanner@@UAGJPAJ@Z 1000be30 f   ImageScannerImpl.obj
 0001:0000ae6e       ?get_ResultCodeExtended@COPOSImageScanner@@UAGJPAJ@Z 1000be6e f   ImageScannerImpl.obj
 0001:0000ae84       ?get_ServiceObjectDescription@COPOSImageScanner@@UAGJPAPA_W@Z 1000be84 f   ImageScannerImpl.obj
 0001:0000ae9d       ?get_ServiceObjectVersion@COPOSImageScanner@@UAGJPAJ@Z 1000be9d f   ImageScannerImpl.obj
 0001:0000aeb3       ?get_State@COPOSImageScanner@@UAGJPAJ@Z 1000beb3 f   ImageScannerImpl.obj
 0001:0000aedf       ?get_VideoCount@COPOSImageScanner@@UAGJPAJ@Z 1000bedf f   ImageScannerImpl.obj
 0001:0000aef8       ?get_VideoRate@COPOSImageScanner@@UAGJPAJ@Z 1000bef8 f   ImageScannerImpl.obj
 0001:0000af11       ?put_AimMode@COPOSImageScanner@@UAGJF@Z 1000bf11 f   ImageScannerImpl.obj
 0001:0000af31       ?put_AutoDisable@COPOSImageScanner@@UAGJF@Z 1000bf31 f   ImageScannerImpl.obj
 0001:0000af4e       ?put_BinaryConversion@COPOSImageScanner@@UAGJJ@Z 1000bf4e f   ImageScannerImpl.obj
 0001:0000af64       ?put_DataEventEnabled@COPOSImageScanner@@UAGJF@Z 1000bf64 f   ImageScannerImpl.obj
 0001:0000af81       ?put_DeviceEnabled@COPOSImageScanner@@UAGJF@Z 1000bf81 f   ImageScannerImpl.obj
 0001:0000af9e       ?put_FreezeEvents@COPOSImageScanner@@UAGJF@Z 1000bf9e f   ImageScannerImpl.obj
 0001:0000afea       ?put_IlluminateMode@COPOSImageScanner@@UAGJF@Z 1000bfea f   ImageScannerImpl.obj
 0001:0000b00a       ?put_ImageMode@COPOSImageScanner@@UAGJJ@Z 1000c00a f   ImageScannerImpl.obj
 0001:0000b023       ?put_ImageQuality@COPOSImageScanner@@UAGJJ@Z 1000c023 f   ImageScannerImpl.obj
[...]
 0002:00002b50       ?strings@?1??fp_format_nan_or_infinity@@YAHW4__acrt_fp_class@@_NPADI1@Z@4QAY03QBDA 10021b50     libucrt:cvt.obj
 0002:00003098       ?_mb_locale_names@@3QBQB_WB 10022098     libucrt:mbctype.obj
 0002:000038e0       ?LcidToLocaleNameTable@?A0x881e4c05@@3QBULcidToLocaleName@1@B 100228e0     libucrt:lcidtoname_downlevel.obj
 0002:00004a08       ?LocaleNameToIndexTable@?A0x881e4c05@@3QBULocaleNameIndex@1@B 10023a08     libucrt:lcidtoname_downlevel.obj
 0002:00006260       ?large_power_indices@?1??multiply_by_power_of_ten@__crt_strtox@@YA_NAAUbig_integer@2@I@Z@4QBUunpack_index@?1??12@YA_N0I@Z@B 10025260     libucrt:cfout.obj
 0002:00006340       LOG_name                   10025340     libucrt:log10_impl.obj
 0002:00006350       _One                       10025350     libucrt:ceil_pentium4.obj
 0002:00006360       _Bns                       10025360     libucrt:ceil_pentium4.obj
 0002:00006370       _Zero                      10025370     libucrt:ceil_pentium4.obj
 0002:00006380       _S                         10025380     libucrt:ceil_pentium4.obj
 0002:00006390       _NegZero                   10025390     libucrt:ceil_pentium4.obj
 0002:000063a0       emask                      100253a0     libucrt:log10_pentium4.obj
 0002:000063b0       CC                         100253b0     libucrt:log10_pentium4.obj
 0002:000063c0       Magic                      100253c0     libucrt:log10_pentium4.obj
 0002:000063d0       hi_mask                    100253d0     libucrt:log10_pentium4.obj
 0002:000063e0       LOG10_2                    100253e0     libucrt:log10_pentium4.obj
 0002:000063f0       place_L                    100253f0     libucrt:log10_pentium4.obj
 0002:00006410       One                        10025410     libucrt:log10_pentium4.obj
 0002:00006420       Zero                       10025420     libucrt:log10_pentium4.obj
 0002:00006430       Two52                      10025430     libucrt:log10_pentium4.obj
 0002:00006440       Infs                       10025440     libucrt:log10_pentium4.obj
 0002:00006450       NaN                        10025450     libucrt:log10_pentium4.obj
 0002:00006460       coeff                      10025460     libucrt:log10_pentium4.obj
 0002:000064be       _log2max                   100254be     libucrt:87tran.obj
 0002:000064c8       _smallarg                  100254c8     libucrt:87tran.obj
 0002:000064d2       _half                      100254d2     libucrt:87tran.obj
 0002:0000651e       One                        1002551e     libucrt:87disp.obj
 0002:00006526       Three                      10025526     libucrt:87disp.obj
 0002:0000652e       XAMtoTagTab                1002552e     libucrt:87disp.obj
 0002:00006540       One                        10025540     libucrt:common.obj
 0002:00006554       DblMax                     10025554     libucrt:common.obj
 0002:0000655c       DblMin                     1002555c     libucrt:common.obj
 0002:00006564       IeeeAdjO                   10025564     libucrt:common.obj
 0002:0000656c       IeeeAdjU                   1002556c     libucrt:common.obj
 0002:00006574       _infinity                  10025574     libucrt:common.obj
 0002:0000657c       _zero                      1002557c     libucrt:common.obj
 0002:000065c8       _over                      100255c8     libucrt:fpctrl.obj
 0002:000065d4       _under                     100255d4     libucrt:fpctrl.obj
 0002:00006e08       ?_names@?1??_get_fname@@9@9 10025e08     libucrt:fpexcept.obj
 0002:00007658       __sehtable$?_AtlVerifyStackAvailable@_ATL_SAFE_ALLOCA_IMPL@ATL@@YA_NK@Z 10026658     ImageScanner.obj
 0002:00007678       __sehtable$___scrt_is_nonwritable_in_current_image 10026678     LIBCMT:utility.obj
 0002:00007694       __catchsym$??2@YAPAXIABUnothrow_t@std@@@Z$2 10026694     LIBCMT:new_scalar_nothrow.obj
 0002:000076a4       __unwindtable$??2@YAPAXIABUnothrow_t@std@@@Z 100266a4     LIBCMT:new_scalar_nothrow.obj
 0002:000076b4       __tryblocktable$??2@YAPAXIABUnothrow_t@std@@@Z 100266b4     LIBCMT:new_scalar_nothrow.obj
 0002:000076c8       __ehfuncinfo$??2@YAPAXIABUnothrow_t@std@@@Z 100266c8     LIBCMT:new_scalar_nothrow.obj
 0002:000076f0       __sehtable$?dllmain_crt_process_attach@@YAHQAUHINSTANCE__@@QAX@Z 100266f0     LIBCMT:dll_dllmain.obj
 0002:00007710       __sehtable$?dllmain_crt_process_detach@@YAH_N@Z 10026710     LIBCMT:dll_dllmain.obj
 0002:00007730       __sehtable$?dllmain_dispatch@@YAHQAUHINSTANCE__@@KQAX@Z 10026730     LIBCMT:dll_dllmain.obj
 0002:000077e0       __sehtable$?FrameUnwindToState@__FrameHandler3@@SAXPAUEHRegistrationNode@@PAXPBU_s_FuncInfo@@H@Z 100267e0     libvcruntime:frame.obj
 0002:00007808       __sehtable$?CallCatchBlock@@YAPAXPAUEHExceptionRecord@@PAUEHRegistrationNode@@PAU_CONTEXT@@PBU_s_FuncInfo@@PAXHK@Z 10026808     libvcruntime:frame.obj
 0002:00007830       __catchsym$?CallUnexpected@@YAXPBU_s_ESTypeList@@@Z$2 10026830     libvcruntime:frame.obj
 0002:00007840       __unwindtable$?CallUnexpected@@YAXPBU_s_ESTypeList@@@Z 10026840     libvcruntime:frame.obj
 0002:00007850       __tryblocktable$?CallUnexpected@@YAXPBU_s_ESTypeList@@@Z 10026850     libvcruntime:frame.obj
 0002:00007864       __ehfuncinfo$?CallUnexpected@@YAXPBU_s_ESTypeList@@@Z 10026864     libvcruntime:frame.obj
 0002:00007888       __sehtable$??$BuildCatchObjectHelperInternal@V__FrameHandler3@@@@YAHPAUEHExceptionRecord@@PAXPBU_s_HandlerType@@PBU_s_CatchableType@@@Z 10026888     libvcruntime:frame.obj
 0002:000078a8       __sehtable$??$BuildCatchObjectInternal@V__FrameHandler3@@@@YAXPAUEHExceptionRecord@@PAXPBU_s_HandlerType@@PBU_s_CatchableType@@@Z 100268a8     libvcruntime:frame.obj
 0002:00007900       __sehtable$___DestructExceptionObject 10026900     libvcruntime:ehhelpers.obj
 0002:00007920       __sehtable$??R<lambda_6e4b09c48022b2350581041d5f6b0c4c>@@QBE@XZ 10026920     libucrt:exit.obj
 0002:00007940       __sehtable$??$?RV<lambda_03b1d95aef87969028cfba75ccab2455>@@AAV<lambda_6e4b09c48022b2350581041d5f6b0c4c>@@V<lambda_22bdf7517842c4b3e53723af5aa32b9e>@@@?$__crt_seh_guarded_call@X@@QAEX$$QAV<lambda_03b1d95aef87969028cfba75ccab2455>@@AAV<lambda_6e4b09c48022b2350581041d5f6b0c4c>@@$$QAV<lambda_22bdf7517842c4b3e53723af5aa32b9e>@@@Z 10026940     libucrt:exit.obj
 0002:00007960       __sehtable$??$?RV<lambda_8e746cf0007f6ed984d6f78af1fec997>@@AAV<lambda_22ebabd17bc4fa466a2aca6d8deb888d>@@V<lambda_18ed0c0b38a6dc0daf1e7ac6d6adf05e>@@@?$__crt_seh_guarded_call@H@@QAEH$$QAV<lambda_8e746cf0007f6ed984d6f78af1fec997>@@AAV<lambda_22ebabd17bc4fa466a2aca6d8deb888d>@@$$QAV<lambda_18ed0c0b38a6dc0daf1e7ac6d6adf05e>@@@Z 10026960     libucrt:onexit.obj
 0002:00007980       __sehtable$??$?RV<lambda_69a2805e680e0e292e8ba93315fe43a8>@@AAV<lambda_f03950bc5685219e0bcd2087efbe011e>@@V<lambda_03fcd07e894ec930e3f35da366ca99d6>@@@?$__crt_seh_guarded_call@H@@QAEH$$QAV<lambda_69a2805e680e0e292e8ba93315fe43a8>@@AAV<lambda_f03950bc5685219e0bcd2087efbe011e>@@$$QAV<lambda_03fcd07e894ec930e3f35da366ca99d6>@@@Z 10026980     libucrt:onexit.obj
 0002:000079a0       __sehtable$__query_new_handler 100269a0     libucrt:new_handler.obj
 0002:000079c0       __sehtable$_terminate      100269c0     libucrt:terminate.obj
 0002:000079e0       __sehtable$??$?RV<lambda_15ade71b0218206bbe3333a0c9b79046>@@AAV<lambda_da44e0f8b0f19ba52fefafb335991732>@@V<lambda_207f2d024fc103971653565357d6cd41>@@@?$__crt_seh_guarded_call@X@@QAEX$$QAV<lambda_15ade71b0218206bbe3333a0c9b79046>@@AAV<lambda_da44e0f8b0f19ba52fefafb335991732>@@$$QAV<lambda_207f2d024fc103971653565357d6cd41>@@@Z 100269e0     libucrt:per_thread_data.obj
 0002:00007a00       __sehtable$??$?RV<lambda_a7e850c220f1c8d1e6efeecdedd162c6>@@AAV<lambda_46720907175c18b6c9d2717bc0d2d362>@@V<lambda_9048902d66e8d99359bc9897bbb930a8>@@@?$__crt_seh_guarded_call@X@@QAEX$$QAV<lambda_a7e850c220f1c8d1e6efeecdedd162c6>@@AAV<lambda_46720907175c18b6c9d2717bc0d2d362>@@$$QAV<lambda_9048902d66e8d99359bc9897bbb930a8>@@@Z 10026a00     libucrt:per_thread_data.obj
 0002:00007a20       __sehtable$??$?RV<lambda_38edbb1296d33220d7e4dd0ed76b244a>@@AAV<lambda_5ce1d447e08cb34b2473517608e21441>@@V<lambda_fb385d3da700c9147fc39e65dd577a8c>@@@?$__crt_seh_guarded_call@X@@QAEX$$QAV<lambda_38edbb1296d33220d7e4dd0ed76b244a>@@AAV<lambda_5ce1d447e08cb34b2473517608e21441>@@$$QAV<lambda_fb385d3da700c9147fc39e65dd577a8c>@@@Z 10026a20     libucrt:per_thread_data.obj
 0002:00007a40       __sehtable$??$?RV<lambda_6affb1475c98b40b75cdec977db92e3c>@@AAV<lambda_b8d4b9c228a6ecc3f80208dbb4b4a104>@@V<lambda_608742c3c92a14382c1684fc64f96c88>@@@?$__crt_seh_guarded_call@X@@QAEX$$QAV<lambda_6affb1475c98b40b75cdec977db92e3c>@@AAV<lambda_b8d4b9c228a6ecc3f80208dbb4b4a104>@@$$QAV<lambda_608742c3c92a14382c1684fc64f96c88>@@@Z 10026a40     libucrt:per_thread_data.obj
 0002:00007a60       __sehtable$??$?RV<lambda_e5124f882df8998aaf41531e079ba474>@@AAV<lambda_3e16ef9562a7dcce91392c22ab16ea36>@@V<lambda_e25ca0880e6ef98be67edffd8c599615>@@@?$__crt_seh_guarded_call@X@@QAEX$$QAV<lambda_e5124f882df8998aaf41531e079ba474>@@AAV<lambda_3e16ef9562a7dcce91392c22ab16ea36>@@$$QAV<lambda_e25ca0880e6ef98be67edffd8c599615>@@@Z 10026a60     libucrt:wsetlocale.obj
 0002:00007a80       __sehtable$___acrt_initialize_lowio 10026a80     libucrt:ioinit.obj
 0002:00007aa0       __sehtable$?update_thread_multibyte_data_internal@@YAPAU__crt_multibyte_data@@QAU__acrt_ptd@@QAPAU1@@Z 10026aa0     libucrt:mbctype.obj
 0002:00007ac0       __sehtable$??$?RV<lambda_ceb1ee4838e85a9d631eb091e2fbe199>@@AAV<lambda_ae742caa10f662c28703da3d2ea5e57e>@@V<lambda_cd08b5d6af4937fe54fc07d0c9bf6b37>@@@?$__crt_seh_guarded_call@X@@QAEX$$QAV<lambda_ceb1ee4838e85a9d631eb091e2fbe199>@@AAV<lambda_ae742caa10f662c28703da3d2ea5e57e>@@$$QAV<lambda_cd08b5d6af4937fe54fc07d0c9bf6b37>@@@Z 10026ac0     libucrt:mbctype.obj
 0002:00007ae0       __sehtable$_raise          10026ae0     libucrt:signal.obj
 0002:00007b00       __sehtable$??$?RV<lambda_cbab9ec6f41b0180b23cc171c22676b0>@@AAV<lambda_44731a7d0e6d81c3e6aa82d741081786>@@V<lambda_4b292cb8dd18144e164572427af410ab>@@@?$__crt_seh_guarded_call@P6AXH@Z@@QAEP6AXH@Z$$QAV<lambda_cbab9ec6f41b0180b23cc171c22676b0>@@AAV<lambda_44731a7d0e6d81c3e6aa82d741081786>@@$$QAV<lambda_4b292cb8dd18144e164572427af410ab>@@@Z 10026b00     libucrt:signal.obj
 0002:00007b20       __sehtable$??$?RV<lambda_2866be3712abc81a800a822484c830d8>@@AAV<lambda_39ca0ed439415581b5b15c265174cece>@@V<lambda_2b24c74d71094a6cd0cb82e44167d71b>@@@?$__crt_seh_guarded_call@X@@QAEX$$QAV<lambda_2866be3712abc81a800a822484c830d8>@@AAV<lambda_39ca0ed439415581b5b15c265174cece>@@$$QAV<lambda_2b24c74d71094a6cd0cb82e44167d71b>@@@Z 10026b20     libucrt:fflush.obj
 0002:00007b40       __sehtable$??$?RV<lambda_2cc53f568c5a2bb6f192f930a45d44ea>@@AAV<lambda_ab61a845afdef5b7c387490eaf3616ee>@@V<lambda_c2ffc0b7726aa6be21d5f0026187e748>@@@?$__crt_seh_guarded_call@X@@QAEX$$QAV<lambda_2cc53f568c5a2bb6f192f930a45d44ea>@@AAV<lambda_ab61a845afdef5b7c387490eaf3616ee>@@$$QAV<lambda_c2ffc0b7726aa6be21d5f0026187e748>@@@Z 10026b40     libucrt:fflush.obj
 0002:00007b60       __sehtable$___acrt_update_thread_locale_data 10026b60     libucrt:locale_refcounting.obj
 0002:00007b80       __sehtable$__fcloseall     10026b80     libucrt:closeall.obj
 0002:00007ba0       __sehtable$___acrt_lowio_ensure_fh_exists 10026ba0     libucrt:osfinfo.obj
 0002:00007bc0       __sehtable$??$?RV<lambda_9e9de3de5fa147e2223d7db92bc10aa6>@@AAV<lambda_38ce7e780aa69e748d6df282ebc68efe>@@V<lambda_8ca6da459f0f6780f1cff60fdc3d00e5>@@@?$__crt_seh_guarded_call@H@@QAEH$$QAV<lambda_9e9de3de5fa147e2223d7db92bc10aa6>@@AAV<lambda_38ce7e780aa69e748d6df282ebc68efe>@@$$QAV<lambda_8ca6da459f0f6780f1cff60fdc3d00e5>@@@Z 10026bc0     libucrt:commit.obj
 0002:00007be0       __sehtable$__write         10026be0     libucrt:write.obj
 0002:00007c00       __sehtable$_fclose         10026c00     libucrt:fclose.obj
 0002:00007c20       __sehtable$??$?RV<lambda_218ce3db14220d0be481dae8ef3383b6>@@AAV<lambda_628dfdc04ba53c8bfc02c9951375f3f5>@@V<lambda_57dc472bd5c9d5f3b2cbca59b8a843ae>@@@?$__crt_seh_guarded_call@H@@QAEH$$QAV<lambda_218ce3db14220d0be481dae8ef3383b6>@@AAV<lambda_628dfdc04ba53c8bfc02c9951375f3f5>@@$$QAV<lambda_57dc472bd5c9d5f3b2cbca59b8a843ae>@@@Z 10026c20     libucrt:close.obj
 0002:00007c40       __sehtable$__IsNonwritableInCurrentImage 10026c40     LIBCMT:pesect.obj
 0002:00007c70       .edata                     10026c70     OPOSImageScanner.exp
 0002:00007c98       rgpv                       10026c98     OPOSImageScanner.exp
 0002:00007ca8       rgszName                   10026ca8     OPOSImageScanner.exp
 0002:00007cb8       rgwOrd                     10026cb8     OPOSImageScanner.exp
 0002:00007cc0       szName                     10026cc0     OPOSImageScanner.exp
 0002:00007cd5       $N00001                    10026cd5     OPOSImageScanner.exp
 0002:00007ce5       $N00002                    10026ce5     OPOSImageScanner.exp
 0002:00007cf7       $N00003                    10026cf7     OPOSImageScanner.exp
 0002:00007d09       $N00004                    10026d09     OPOSImageScanner.exp
 0002:0000831a       .idata$6                   1002731a     kernel32:KERNEL32.dll
 0002:0000852e       .idata$6                   1002752e     user32:USER32.dll
 0002:00008662       .idata$6                   10027662     gdi32:GDI32.dll
 0002:00008708       .idata$6                   10027708     advapi32:ADVAPI32.dll
 0002:00008824       .idata$6                   10027824     ole32:ole32.dll
 0002:0000882e       .idata$6                   1002782e     oleaut32:OLEAUT32.dll
 0003:00000110       ?ObjectMap@@3PAU_ATL_OBJMAP_ENTRY30@ATL@@A 10028110     ImageScanner.obj
 0003:000001bc       ?s_RequiredMethodsPerRelease@@3PAHA 100281bc     ImageScannerImpl.obj
 0003:000001c0       ?s_SOMethodNames@@3PAPADA  100281c0     ImageScannerImpl.obj
 0003:00000230       ?__vcrt_flsindex@@3KA      10028230     libvcruntime:per_thread_data.obj
 0003:00000250       ?errno_no_memory@@3HA      10028250     libucrt:errno.obj
 0003:00000254       ?doserrno_no_memory@@3KA   10028254     libucrt:errno.obj
 0003:00000260       ?__acrt_flsindex@@3KA      10028260     libucrt:per_thread_data.obj
 0003:000005f8       __mbctypes                 100285f8     libucrt:mbctype.obj
 0003:00000700       __mbcasemaps               10028700     libucrt:mbctype.obj
 0003:00000800       ?__rgctypeflag@@3PADA      10028800     libucrt:mbctype.obj
 0003:00000808       ?__rgcode_page_info@@3PAUcode_page_info@@A 10028808     libucrt:mbctype.obj
 0003:00000a60       ?__dcrt_lowio_console_output_handle@@3PAXA 10028a60     libucrt:initcon.obj
 0003:00000bf8       ?is_initialized_as_dll@@3_NA 10028bf8     LIBCMT:utility.obj
 0003:00000bf9       ?module_local_atexit_table_initialized@@3_NA 10028bf9     LIBCMT:utility.obj
 0003:00000bfc       ?module_local_atexit_table@@3U_onexit_table_t@@A 10028bfc     LIBCMT:utility.obj
 0003:00000c08       ?module_local_at_quick_exit_table@@3U_onexit_table_t@@A 10028c08     LIBCMT:utility.obj
 0003:00000c14       ?g_tss_cv@@3U_RTL_CONDITION_VARIABLE@@A 10028c14     LIBCMT:thread_safe_statics.obj
 0003:00000c18       ?g_tss_event@@3PAXA        10028c18     LIBCMT:thread_safe_statics.obj
 0003:00000c1c       ?g_tss_mutex@@3U_RTL_CRITICAL_SECTION@@A 10028c1c     LIBCMT:thread_safe_statics.obj
 0003:00000c34       ?g_sleep_condition_variable_cs@@3P6GHPAU_RTL_CONDITION_VARIABLE@@PAU_RTL_CRITICAL_SECTION@@K@ZA 10028c34     LIBCMT:thread_safe_statics.obj
 0003:00000c38       ?g_wake_all_condition_variable@@3P6GXPAU_RTL_CONDITION_VARIABLE@@@ZA 10028c38     LIBCMT:thread_safe_statics.obj
 0003:00000c40       _GS_ExceptionRecord        10028c40     LIBCMT:gs_report.obj
 0003:00000c90       _GS_ContextRecord          10028c90     LIBCMT:gs_report.obj
 0003:00000f60       ?__proc_attached@@3HA      10028f60     LIBCMT:dll_dllmain.obj
 0003:00000fbc       ?AllocateData@@3P6GPAUAtlThunkData_t@@XZA 10028fbc     atls:atlthunk.obj
 0003:00000fc0       ?InitData@@3P6GXPAUAtlThunkData_t@@PAXI@ZA 10028fc0     atls:atlthunk.obj
 0003:00000fc4       ?DataToCode@@3P6GP6GJPAUHWND__@@IIJ@ZPAUAtlThunkData_t@@@ZA 10028fc4     atls:atlthunk.obj
 0003:00000fc8       ?FreeData@@3P6GXPAUAtlThunkData_t@@@ZA 10028fc8     atls:atlthunk.obj
 0003:00000fcc       ?Initialized@@3_NA         10028fcc     atls:atlthunk.obj
 0003:00000fd8       ?__vcrt_startup_thread_ptd@@3U__vcrt_ptd@@A 10028fd8     libvcruntime:per_thread_data.obj
 0003:00001000       ___vcrt_lock_table         10029000     libvcruntime:locks.obj
 0003:00001018       ___vcrt_locks_initialized  10029018     libvcruntime:locks.obj
 0003:00001044       ?heap@@3V_HeapManager@@A   10029044     libvcruntime:undname.obj
 0003:00001058       ?module_handles@@3PAPAUHINSTANCE__@@A 10029058     libvcruntime:winapi_downlevel.obj
 0003:00001064       ?function_pointers@@3PAPAXA 10029064     libvcruntime:winapi_downlevel.obj
 0003:0000107c       ?__acrt_invalid_parameter_handler@@3V?$dual_state_global@P6AXPB_W00II@Z@__crt_state_management@@A 1002907c     libucrt:invalid_parameter.obj
 0003:00001080       ?c_termination_complete@@3JA 10029080     libucrt:exit.obj
 0003:00001084       ?thread_local_exit_callback_func@@3P6GXPAXK0@ZA 10029084     libucrt:exit.obj
 0003:00001090       ?program_name@?1???$common_configure_argv@D@@YAHW4_crt_argv_mode@@@Z@4PADA 10029090     libucrt:argv_parsing.obj
 0003:000011c0       ?__acrt_new_handler@@3V?$dual_state_global@P6AHI@Z@__crt_state_management@@A 100291c0     libucrt:new_handler.obj
 0003:000011c8       ?module_handles@@3PAPAUHINSTANCE__@@A 100291c8     libucrt:winapi_thunks.obj
 0003:00001218       ?encoded_function_pointers@@3PAPAXA 10029218     libucrt:winapi_thunks.obj
 0003:000012a0       ?internal_state@?1??_mbtowc_l@@9@4U_Mbstatet@@A 100292a0     libucrt:mbtowc.obj
 0003:000012b0       ?enable_percent_n@@3IA     100292b0     libucrt:printf_count_output.obj
 0003:000014d0       ?__acrt_lock_table@@3PAU_RTL_CRITICAL_SECTION@@A 100294d0     libucrt:locks.obj
 0003:00001620       ?__acrt_locks_initialized@@3IA 10029620     libucrt:locks.obj
 0003:00001630       ?fSystemSet@@3HA           10029630     libucrt:mbctype.obj
 0003:00001634       ?initialized@?1??__acrt_initialize_multibyte@@9@4_NA 10029634     libucrt:mbctype.obj
 0003:00001654       ?ctrlc_action@@3V?$dual_state_global@P6AXH@Z@__crt_state_management@@A 10029654     libucrt:signal.obj
 0003:00001658       ?ctrlbreak_action@@3V?$dual_state_global@P6AXH@Z@__crt_state_management@@A 10029658     libucrt:signal.obj
 0003:0000165c       ?abort_action@@3V?$dual_state_global@P6AXH@Z@__crt_state_management@@A 1002965c     libucrt:signal.obj
 0003:00001660       ?term_action@@3V?$dual_state_global@P6AXH@Z@__crt_state_management@@A 10029660     libucrt:signal.obj
 0003:00001664       ?user_matherr@@3V?$dual_state_global@P6AHPAU_exception@@@Z@__crt_state_management@@A 10029664     libucrt:matherr.obj
 0003:00001668       ?__acrt_global_new_mode@@3V?$dual_state_global@J@__crt_state_management@@A 10029668     libucrt:new_mode.obj
 0003:00001674       ?internal_pst@?1??__mbrtoc32_utf8@__crt_mbstring@@YAIPA_UPBDIPAU_Mbstatet@@@Z@4U3@A 10029674     libucrt:mbrtoc32.obj
 0003:0000167c       ?__acrt_app_type@@3W4_crt_app_type@@A 1002967c     libucrt:report_runtime_error.obj
 0003:00001684       __pmatherr_set             10029684     libucrt:libm_error.obj
 0004:00000220       $R000000                   1002a220     ImageScanner.res
 0004:00000ba0       $R000980                   1002aba0     ImageScanner.res
 0004:00000c88       $R000A68                   1002ac88     ImageScanner.res
 0004:00000ef0       $R000CD0                   1002aef0     ImageScanner.res
 0004:000013d0       $R0011B0                   1002b3d0     ImageScanner.res
 0004:000043b8       $R004198                   1002e3b8     ImageScanner.res
 0004:000043f0       $R0041D0                   1002e3f0     ImageScanner.res
