 OPOSLineDisplay

 Timestamp is 600f7927 (Tue Jan 26 11:06:31 2021)

 Preferred load address is 10000000

 Start         Length     Name                   Class
 0001:00000000 00000080H .text$di                CODE
 0001:00000080 0001e833H .text$mn                CODE
 0001:0001e8b3 0000003aH .text$x                 CODE
 0001:0001e8ed 00000042H .text$yd                CODE
 0002:00000000 000002fcH .idata$5                DATA
 0002:000002fc 00000004H .00cfg                  DATA
 0002:00000300 00000004H .CRT$XCA                DATA
 0002:00000304 00000004H .CRT$XCL                DATA
 0002:00000308 00000010H .CRT$XCU                DATA
 0002:00000318 00000004H .CRT$XCZ                DATA
 0002:0000031c 00000004H .CRT$XIA                DATA
 0002:00000320 00000010H .CRT$XIC                DATA
 0002:00000330 00000004H .CRT$XIZ                DATA
 0002:00000334 00000004H .CRT$XLA                DATA
 0002:00000338 00000004H .CRT$XLZ                DATA
 0002:0000033c 00000004H .CRT$XPA                DATA
 0002:00000340 00000008H .CRT$XPX                DATA
 0002:00000348 00000004H .CRT$XPXA               DATA
 0002:0000034c 00000004H .CRT$XPZ                DATA
 0002:00000350 00000004H .CRT$XTA                DATA
 0002:00000354 0000000cH .CRT$XTZ                DATA
 0002:00000358 00000000H .gfids$y                DATA
 0002:00000360 000074e0H .rdata                  DATA
 0002:00007840 00000000H .rdata$CastGuardVftablesA DATA
 0002:00007840 00000000H .rdata$CastGuardVftablesC DATA
 0002:00007840 00000018H .rdata$T                DATA
 0002:00007858 00000178H .rdata$r                DATA
 0002:000079d0 0000001cH .rdata$sxdata           DATA
 0002:000079ec 000003e0H .rdata$zzzdbg           DATA
 0002:00007dcc 00000004H .rtc$IAA                DATA
 0002:00007dd0 00000004H .rtc$IZZ                DATA
 0002:00007dd4 00000004H .rtc$TAA                DATA
 0002:00007dd8 00000004H .rtc$TZZ                DATA
 0002:00007ddc 00000004H .tls                    DATA
 0002:00007de0 00000004H .tls$                   DATA
 0002:00007de4 00000004H .tls$ZZZ                DATA
 0002:00007de8 0000062cH .xdata$x                DATA
 0002:00008414 00000004H ATL$__a                 DATA
 0002:00008418 00000008H ATL$__z                 DATA
 0002:00008420 000000acH .edata                  DATA
 0002:000084cc 00000078H .idata$2                DATA
 0002:00008544 00000014H .idata$3                DATA
 0002:00008558 000002fcH .idata$4                DATA
 0002:00008854 00000bceH .idata$6                DATA
 0003:00000000 00000ae0H .data                   DATA
 0003:00000ae0 00000098H .data$r                 DATA
 0003:00000b78 00000b88H .bss                    DATA
 0004:00000000 00000220H .rsrc$01                DATA
 0004:00000220 00005908H .rsrc$02                DATA

  Address         Publics by Value              Rva+Base       Lib:Object

 0000:00000000       ___guard_fids_count        00000000     <absolute>
 0000:00000000       ___guard_longjmp_table     00000000     <absolute>
 0000:00000000       ___volatile_metadata       00000000     <absolute>
 0000:00000000       ___arm64x_extra_rfe_table  00000000     <absolute>
 0000:00000000       ___arm64x_redirection_metadata 00000000     <absolute>
 0000:00000000       ___guard_eh_cont_table     00000000     <absolute>
 0000:00000000       ___guard_eh_cont_count     00000000     <absolute>
 0000:00000000       ___guard_iat_count         00000000     <absolute>
 0000:00000000       __except_list              00000000     <absolute>
 0000:00000000       ___hybrid_code_map_count   00000000     <absolute>
 0000:00000000       ___x64_code_ranges_to_entry_points_count 00000000     <absolute>
 0000:00000000       ___x64_code_ranges_to_entry_points 00000000     <absolute>
 0000:00000000       ___guard_iat_table         00000000     <absolute>
 0000:00000000       ___arm64x_native_entrypoint 00000000     <absolute>
 0000:00000000       ___hybrid_code_map         00000000     <absolute>
 0000:00000000       ___arm64x_extra_rfe_table_size 00000000     <absolute>
 0000:00000000       ___guard_longjmp_count     00000000     <absolute>
 0000:00000000       ___arm64x_redirection_metadata_count 00000000     <absolute>
 0000:00000000       ___hybrid_auxiliary_iat    00000000     <absolute>
 0000:00000000       ___dynamic_value_reloc_table 00000000     <absolute>
 0000:00000000       ___AbsoluteZero            00000000     <absolute>
 0000:00000000       ___enclave_config          00000000     <absolute>
 0000:00000000       ___guard_fids_table        00000000     <absolute>
 0000:00000007       ___safe_se_handler_count   00000007     <absolute>
 0000:0000002c       __tls_array                0000002c     <absolute>
 0000:00000100       ___guard_flags             00000100     <absolute>
 0000:00000000       ___ImageBase               10000000     <linker-defined>
 0001:00000080       ?DupWide@_CW@@AAEXXZ       10001080 f   CWString.obj
 0001:0000009c       ?cw_dup@@YGXPBDAAHAAPA_W1@Z 1000109c f   CWString.obj
 0001:00000124       ?cw_memcpy@@YGHPA_WPBDH@Z  10001124 f   CWString.obj
 0001:00000150       ?cw_strcpy@@YAHPA_WPBD@Z   10001150 f   CWString.obj
 0001:00000163       ?cw_strlen@@YAHPBD@Z       10001163 f   CWString.obj
 0001:0000017c       ??0CAtlComModule@ATL@@QAE@XZ 1000117c f i OposVariant.obj
 0001:000001c1       ??0CAtlWinModule@ATL@@QAE@XZ 100011c1 f i OposVariant.obj
 0001:000001f8       ??0OposDispParms@@QAE@PAVOposVariant@@H@Z 100011f8 f   OposVariant.obj
 0001:00000269       ??1OposDispParms@@QAE@XZ   10001269 f   OposVariant.obj
 0001:00000277       ??A?$CSimpleArray@GV?$CSimpleArrayEqualHelper@G@ATL@@@ATL@@QAEAAGH@Z 10001277 f i OposVariant.obj
 0001:0000029c       ??_Estringdispid@CComTypeInfoHolder@ATL@@QAEPAXI@Z 1000129c f i OposVariant.obj
 0001:00000308       ?AtlWinModuleInit@ATL@@YGJPAU_ATL_WIN_MODULE70@1@@Z 10001308 f i OposVariant.obj
 0001:0000032e       ?AtlWinModuleTerm@ATL@@YGJPAU_ATL_WIN_MODULE70@1@PAUHINSTANCE__@@@Z 1000132e f i OposVariant.obj
 0001:00000391       ?ChangeBSTR@OposVariant@@QAEXPAPA_WAAJ@Z 10001391 f   OposVariant.obj
 0001:000003d2       ?ChangeLONG@OposVariant@@QAEXPAJAAJ@Z 100013d2 f   OposVariant.obj
 0001:00000413       ?GetLONG@OposVariant@@QAEJXZ 10001413 f   OposVariant.obj
 0001:0000042e       ?Init@CComCriticalSection@ATL@@QAEJXZ 1000142e f i OposVariant.obj
 0001:00000456       ?RemoveAll@?$CSimpleArray@PAUHINSTANCE__@@V?$CSimpleArrayEqualHelper@PAUHINSTANCE__@@@ATL@@@ATL@@QAEXXZ 10001456 f i atls:atlbase.obj
 0001:00000456       ?RemoveAll@?$CSimpleArray@GV?$CSimpleArrayEqualHelper@G@ATL@@@ATL@@QAEXXZ 10001456 f i OposVariant.obj
 0001:00000473       ?SetBSTR@OposVariant@@QAEXPA_WAAJ@Z 10001473 f   OposVariant.obj
 0001:000004a7       ?SetBSTR_Copy@OposVariant@@QAEXPA_WAAJ@Z 100014a7 f   OposVariant.obj
 0001:000004f7       ?SetBSTR_InOutPtr@OposVariant@@QAE_NPAPA_WAAJ@Z 100014f7 f   OposVariant.obj
 0001:0000052e       ?SetDispatch_Ptr@OposVariant@@QAEXPAUIDispatch@@AAJ@Z 1000152e f   OposVariant.obj
 0001:00000569       ?SetLONG@OposVariant@@QAEXJ@Z 10001569 f   OposVariant.obj
 0001:0000058b       ?SetLONG_Ptr@OposVariant@@QAEXPAJAAJ@Z 1000158b f   OposVariant.obj
 0001:000005be       ?SetString@OposVariant@@QAEXPB_WAAJ@Z 100015be f   OposVariant.obj
 0001:00000604       ?SetVARIANT_BOOL@OposVariant@@QAEXF@Z 10001604 f   OposVariant.obj
 0001:0000062e       ?Term@CAtlComModule@ATL@@QAEXXZ 1000162e f i OposVariant.obj
 0001:00000678       ?_AtlRaiseException@ATL@@YAXKK@Z 10001678 f i OposVariant.obj
 0001:0000068d       ??_E?$CComObject@VCOPOSLineDisplay@@@ATL@@W3AEPAXI@Z 1000168d f i LineDisplay.obj
 0001:00000695       ??_E?$CComObject@VCOPOSLineDisplay@@@ATL@@WEM@AEPAXI@Z 10001695 f i LineDisplay.obj
 0001:0000069d       ?QueryInterface@?$CComObject@VCOPOSLineDisplay@@@ATL@@WHA@AGJABU_GUID@@PAPAX@Z 1000169d f i LineDisplay.obj
 0001:000006a7       ?AddRef@?$CComObject@VCOPOSLineDisplay@@@ATL@@WHA@AGKXZ 100016a7 f i LineDisplay.obj
 0001:000006b1       ?CreateInstance@CComClassFactory@ATL@@UAGJPAUIUnknown@@ABU_GUID@@PAPAX@Z 100016b1 f i LineDisplay.obj
 0001:000006ef       ?Release@?$CComObject@VCOPOSLineDisplay@@@ATL@@WHA@AGKXZ 100016ef f i LineDisplay.obj
 0001:000006f9       ?QueryInterface@?$CComObject@VCOPOSLineDisplay@@@ATL@@WHE@AGJABU_GUID@@PAPAX@Z 100016f9 f i LineDisplay.obj
 0001:00000703       ?LockServer@CComClassFactory@ATL@@UAGJH@Z 10001703 f i LineDisplay.obj
 0001:00000722       ?AddRef@?$CComObject@VCOPOSLineDisplay@@@ATL@@WHE@AGKXZ 10001722 f i LineDisplay.obj
 0001:0000072c       ?Release@?$CComObject@VCOPOSLineDisplay@@@ATL@@WHE@AGKXZ 1000172c f i LineDisplay.obj
 0001:00000736       ?QueryInterface@?$CComObject@VCOPOSLineDisplay@@@ATL@@WHI@AGJABU_GUID@@PAPAX@Z 10001736 f i LineDisplay.obj
 0001:00000740       ?AddRef@?$CComObject@VCOPOSLineDisplay@@@ATL@@WHI@AGKXZ 10001740 f i LineDisplay.obj
 0001:0000074a       ?Release@?$CComObject@VCOPOSLineDisplay@@@ATL@@WHI@AGKXZ 1000174a f i LineDisplay.obj
 0001:00000754       ?QueryInterface@?$CComObject@VCOPOSLineDisplay@@@ATL@@WHM@AGJABU_GUID@@PAPAX@Z 10001754 f i LineDisplay.obj
 0001:0000075e       ?AddRef@?$CComObject@VCOPOSLineDisplay@@@ATL@@WHM@AGKXZ 1000175e f i LineDisplay.obj
 0001:00000768       ?Release@?$CComObject@VCOPOSLineDisplay@@@ATL@@WHM@AGKXZ 10001768 f i LineDisplay.obj
 0001:00000772       ?QueryInterface@?$CComObject@VCOPOSLineDisplay@@@ATL@@WIA@AGJABU_GUID@@PAPAX@Z 10001772 f i LineDisplay.obj
 0001:0000077f       ?AddRef@?$CComObject@VCOPOSLineDisplay@@@ATL@@WIA@AGKXZ 1000177f f i LineDisplay.obj
 0001:0000078c       ?Release@?$CComObject@VCOPOSLineDisplay@@@ATL@@WIA@AGKXZ 1000178c f i LineDisplay.obj
 0001:00000799       ?QueryInterface@?$CComObject@VCOPOSLineDisplay@@@ATL@@WIE@AGJABU_GUID@@PAPAX@Z 10001799 f i LineDisplay.obj
 0001:000007a6       ?AddRef@?$CComObject@VCOPOSLineDisplay@@@ATL@@WIE@AGKXZ 100017a6 f i LineDisplay.obj
 0001:000007b3       ??_GCComClassFactory@ATL@@UAEPAXI@Z 100017b3 f i LineDisplay.obj
 0001:000007b3       ??_ECComClassFactory@ATL@@UAEPAXI@Z 100017b3 f i LineDisplay.obj
 0001:000007de       ?Release@?$CComObject@VCOPOSLineDisplay@@@ATL@@WIE@AGKXZ 100017de f i LineDisplay.obj
 0001:000007eb       ?QueryInterface@?$CComObject@VCOPOSLineDisplay@@@ATL@@WII@AGJABU_GUID@@PAPAX@Z 100017eb f i LineDisplay.obj
 0001:000007f8       ?AddRef@?$CComObject@VCOPOSLineDisplay@@@ATL@@WII@AGKXZ 100017f8 f i LineDisplay.obj
 0001:00000805       ?Release@?$CComObject@VCOPOSLineDisplay@@@ATL@@WII@AGKXZ 10001805 f i LineDisplay.obj
 0001:00000812       ?QueryInterface@?$CComObject@VCOPOSLineDisplay@@@ATL@@WIM@AGJABU_GUID@@PAPAX@Z 10001812 f i LineDisplay.obj
 0001:0000081f       ?AddRef@?$CComObject@VCOPOSLineDisplay@@@ATL@@WIM@AGKXZ 1000181f f i LineDisplay.obj
 0001:0000082c       ?Release@?$CComObject@VCOPOSLineDisplay@@@ATL@@WIM@AGKXZ 1000182c f i LineDisplay.obj
 0001:00000839       ?QueryInterface@?$CComObject@VCOPOSLineDisplay@@@ATL@@WJA@AGJABU_GUID@@PAPAX@Z 10001839 f i LineDisplay.obj
 0001:00000846       ?AddRef@?$CComObject@VCOPOSLineDisplay@@@ATL@@WJA@AGKXZ 10001846 f i LineDisplay.obj
 0001:00000853       ?Release@?$CComObject@VCOPOSLineDisplay@@@ATL@@WJA@AGKXZ 10001853 f i LineDisplay.obj
 0001:00000860       ?QueryInterface@?$CComObject@VCOPOSLineDisplay@@@ATL@@WJE@AGJABU_GUID@@PAPAX@Z 10001860 f i LineDisplay.obj
 0001:0000086d       ?AddRef@?$CComObject@VCOPOSLineDisplay@@@ATL@@WJE@AGKXZ 1000186d f i LineDisplay.obj
 0001:0000087a       ?Release@?$CComObject@VCOPOSLineDisplay@@@ATL@@WJE@AGKXZ 1000187a f i LineDisplay.obj
 0001:00000887       ?QueryInterface@?$CComObject@VCOPOSLineDisplay@@@ATL@@WJI@AGJABU_GUID@@PAPAX@Z 10001887 f i LineDisplay.obj
 0001:00000894       ?AddRef@?$CComObject@VCOPOSLineDisplay@@@ATL@@WJI@AGKXZ 10001894 f i LineDisplay.obj
 0001:000008a1       ?Release@?$CComObject@VCOPOSLineDisplay@@@ATL@@WJI@AGKXZ 100018a1 f i LineDisplay.obj
 0001:000008ae       ?QueryInterface@?$CComObject@VCOPOSLineDisplay@@@ATL@@WJM@AGJABU_GUID@@PAPAX@Z 100018ae f i LineDisplay.obj
 0001:000008bb       ?AddRef@?$CComObject@VCOPOSLineDisplay@@@ATL@@WJM@AGKXZ 100018bb f i LineDisplay.obj
 0001:000008c8       ?Release@?$CComObject@VCOPOSLineDisplay@@@ATL@@WJM@AGKXZ 100018c8 f i LineDisplay.obj
 0001:000008d5       ?QueryInterface@?$CComObject@VCOPOSLineDisplay@@@ATL@@WKA@AGJABU_GUID@@PAPAX@Z 100018d5 f i LineDisplay.obj
 0001:000008e2       ?AddRef@?$CComObject@VCOPOSLineDisplay@@@ATL@@WKA@AGKXZ 100018e2 f i LineDisplay.obj
 0001:000008ef       ?Release@?$CComObject@VCOPOSLineDisplay@@@ATL@@WKA@AGKXZ 100018ef f i LineDisplay.obj
 0001:000008fc       ?AddRef@?$CComObject@VCOPOSLineDisplay@@@ATL@@WKI@AGKXZ 100018fc f i LineDisplay.obj
 0001:00000909       ?Release@?$CComObject@VCOPOSLineDisplay@@@ATL@@WKI@AGKXZ 10001909 f i LineDisplay.obj
 0001:00000916       ?AddRef@?$CComObject@VCOPOSLineDisplay@@@ATL@@WLE@AGKXZ 10001916 f i LineDisplay.obj
 0001:00000923       ?Release@?$CComObject@VCOPOSLineDisplay@@@ATL@@WLE@AGKXZ 10001923 f i LineDisplay.obj
 0001:00000930       ??_E?$CComContainedObject@VCOPOSLineDisplay@@@ATL@@W3AEPAXI@Z 10001930 f i LineDisplay.obj
 0001:00000938       ??_E?$CComContainedObject@VCOPOSLineDisplay@@@ATL@@WEM@AEPAXI@Z 10001938 f i LineDisplay.obj
 0001:00000940       ?QueryInterface@?$CComContainedObject@VCOPOSLineDisplay@@@ATL@@WHA@AGJABU_GUID@@PAPAX@Z 10001940 f i LineDisplay.obj
 0001:0000094a       ?AddRef@?$CComContainedObject@VCOPOSLineDisplay@@@ATL@@WHA@AGKXZ 1000194a f i LineDisplay.obj
 0001:00000954       ?Release@?$CComContainedObject@VCOPOSLineDisplay@@@ATL@@WHA@AGKXZ 10001954 f i LineDisplay.obj
 0001:0000095e       ?QueryInterface@?$CComContainedObject@VCOPOSLineDisplay@@@ATL@@WHE@AGJABU_GUID@@PAPAX@Z 1000195e f i LineDisplay.obj
 0001:00000968       ?AddRef@?$CComContainedObject@VCOPOSLineDisplay@@@ATL@@WHE@AGKXZ 10001968 f i LineDisplay.obj
 0001:00000972       ?Release@?$CComContainedObject@VCOPOSLineDisplay@@@ATL@@WHE@AGKXZ 10001972 f i LineDisplay.obj
 0001:0000097c       ?QueryInterface@?$CComContainedObject@VCOPOSLineDisplay@@@ATL@@WHI@AGJABU_GUID@@PAPAX@Z 1000197c f i LineDisplay.obj
 0001:00000986       ?AddRef@?$CComContainedObject@VCOPOSLineDisplay@@@ATL@@WHI@AGKXZ 10001986 f i LineDisplay.obj
 0001:00000990       ?Release@?$CComContainedObject@VCOPOSLineDisplay@@@ATL@@WHI@AGKXZ 10001990 f i LineDisplay.obj
 0001:0000099a       ?QueryInterface@?$CComContainedObject@VCOPOSLineDisplay@@@ATL@@WHM@AGJABU_GUID@@PAPAX@Z 1000199a f i LineDisplay.obj
 0001:000009a4       ?AddRef@?$CComContainedObject@VCOPOSLineDisplay@@@ATL@@WHM@AGKXZ 100019a4 f i LineDisplay.obj
 0001:000009ae       ?Release@?$CComContainedObject@VCOPOSLineDisplay@@@ATL@@WHM@AGKXZ 100019ae f i LineDisplay.obj
 0001:000009b8       ?QueryInterface@?$CComContainedObject@VCOPOSLineDisplay@@@ATL@@WIA@AGJABU_GUID@@PAPAX@Z 100019b8 f i LineDisplay.obj
 0001:000009c5       ?AddRef@?$CComContainedObject@VCOPOSLineDisplay@@@ATL@@WIA@AGKXZ 100019c5 f i LineDisplay.obj
 0001:000009d2       ?Release@?$CComContainedObject@VCOPOSLineDisplay@@@ATL@@WIA@AGKXZ 100019d2 f i LineDisplay.obj
 0001:000009df       ?QueryInterface@?$CComContainedObject@VCOPOSLineDisplay@@@ATL@@WIE@AGJABU_GUID@@PAPAX@Z 100019df f i LineDisplay.obj
 0001:000009ec       ?AddRef@?$CComContainedObject@VCOPOSLineDisplay@@@ATL@@WIE@AGKXZ 100019ec f i LineDisplay.obj
 0001:000009f9       ?Release@?$CComContainedObject@VCOPOSLineDisplay@@@ATL@@WIE@AGKXZ 100019f9 f i LineDisplay.obj
 0001:00000a06       ?QueryInterface@?$CComContainedObject@VCOPOSLineDisplay@@@ATL@@WII@AGJABU_GUID@@PAPAX@Z 10001a06 f i LineDisplay.obj
 0001:00000a13       ?AddRef@?$CComContainedObject@VCOPOSLineDisplay@@@ATL@@WII@AGKXZ 10001a13 f i LineDisplay.obj
 0001:00000a20       ?Release@?$CComContainedObject@VCOPOSLineDisplay@@@ATL@@WII@AGKXZ 10001a20 f i LineDisplay.obj
 0001:00000a2d       ?QueryInterface@?$CComContainedObject@VCOPOSLineDisplay@@@ATL@@WIM@AGJABU_GUID@@PAPAX@Z 10001a2d f i LineDisplay.obj
 0001:00000a3a       ?AddRef@?$CComContainedObject@VCOPOSLineDisplay@@@ATL@@WIM@AGKXZ 10001a3a f i LineDisplay.obj
 0001:00000a47       ?Release@?$CComContainedObject@VCOPOSLineDisplay@@@ATL@@WIM@AGKXZ 10001a47 f i LineDisplay.obj
 0001:00000a54       ?QueryInterface@?$CComContainedObject@VCOPOSLineDisplay@@@ATL@@WJA@AGJABU_GUID@@PAPAX@Z 10001a54 f i LineDisplay.obj
 0001:00000a61       ?AddRef@?$CComContainedObject@VCOPOSLineDisplay@@@ATL@@WJA@AGKXZ 10001a61 f i LineDisplay.obj
 0001:00000a6e       ?Release@?$CComContainedObject@VCOPOSLineDisplay@@@ATL@@WJA@AGKXZ 10001a6e f i LineDisplay.obj
 0001:00000a7b       ?QueryInterface@?$CComContainedObject@VCOPOSLineDisplay@@@ATL@@WJE@AGJABU_GUID@@PAPAX@Z 10001a7b f i LineDisplay.obj
 0001:00000a88       ?AddRef@?$CComContainedObject@VCOPOSLineDisplay@@@ATL@@WJE@AGKXZ 10001a88 f i LineDisplay.obj
 0001:00000a95       ?Release@?$CComContainedObject@VCOPOSLineDisplay@@@ATL@@WJE@AGKXZ 10001a95 f i LineDisplay.obj
 0001:00000aa2       ?QueryInterface@?$CComContainedObject@VCOPOSLineDisplay@@@ATL@@WJI@AGJABU_GUID@@PAPAX@Z 10001aa2 f i LineDisplay.obj
 0001:00000aaf       ?AddRef@?$CComContainedObject@VCOPOSLineDisplay@@@ATL@@WJI@AGKXZ 10001aaf f i LineDisplay.obj
 0001:00000abc       ?Release@?$CComContainedObject@VCOPOSLineDisplay@@@ATL@@WJI@AGKXZ 10001abc f i LineDisplay.obj
 0001:00000ac9       ?QueryInterface@?$CComContainedObject@VCOPOSLineDisplay@@@ATL@@WJM@AGJABU_GUID@@PAPAX@Z 10001ac9 f i LineDisplay.obj
 0001:00000ad6       ?AddRef@?$CComContainedObject@VCOPOSLineDisplay@@@ATL@@WJM@AGKXZ 10001ad6 f i LineDisplay.obj
 0001:00000ae3       ?Release@?$CComContainedObject@VCOPOSLineDisplay@@@ATL@@WJM@AGKXZ 10001ae3 f i LineDisplay.obj
 0001:00000af0       ?QueryInterface@?$CComContainedObject@VCOPOSLineDisplay@@@ATL@@WKA@AGJABU_GUID@@PAPAX@Z 10001af0 f i LineDisplay.obj
 0001:00000afd       ?AddRef@?$CComContainedObject@VCOPOSLineDisplay@@@ATL@@WKA@AGKXZ 10001afd f i LineDisplay.obj
 0001:00000b0a       ?Release@?$CComContainedObject@VCOPOSLineDisplay@@@ATL@@WKA@AGKXZ 10001b0a f i LineDisplay.obj
 0001:00000b17       ?AddRef@?$CComContainedObject@VCOPOSLineDisplay@@@ATL@@WKI@AGKXZ 10001b17 f i LineDisplay.obj
 0001:00000b24       ?Release@?$CComContainedObject@VCOPOSLineDisplay@@@ATL@@WKI@AGKXZ 10001b24 f i LineDisplay.obj
 0001:00000b31       ?AddRef@?$CComContainedObject@VCOPOSLineDisplay@@@ATL@@WLE@AGKXZ 10001b31 f i LineDisplay.obj
 0001:00000b3e       ?Release@?$CComContainedObject@VCOPOSLineDisplay@@@ATL@@WLE@AGKXZ 10001b3e f i LineDisplay.obj
 0001:00000b4b       ?GetWindowProc@?$CWindowImplBaseT@VCWindow@ATL@@V?$CWinTraits@$0FGAAAAAA@$0A@@2@@ATL@@UAEP6GJPAUHWND__@@IIJ@ZXZ 10001b4b f i LineDisplay.obj
 0001:00000b51       ?StartWindowProc@?$CWindowImplBaseT@VCWindow@ATL@@V?$CWinTraits@$0FGAAAAAA@$0A@@2@@ATL@@SGJPAUHWND__@@IIJ@Z 10001b51 f i LineDisplay.obj
 0001:00000ba5       ?OnFinalMessage@?$CWindowImplBaseT@VCWindow@ATL@@V?$CWinTraits@$0FGAAAAAA@$0A@@2@@ATL@@UAEXPAUHWND__@@@Z 10001ba5 f i LineDisplay.obj
 0001:00000ba5       ?ObjectMain@CComObjectRootBase@ATL@@SGX_N@Z 10001ba5 f i LineDisplay.obj
 0001:00000ba8       ?GetTypeInfoCount@?$IDispatchImpl@UIOPOSLineDisplay@@$1?IID_IOPOSLineDisplay@@3U_GUID@@B$1?LIBID_OposLineDisplay_CCO@@3U3@B$00$0A@VCComTypeInfoHolder@ATL@@@ATL@@UAGJPAI@Z 10001ba8 f i LineDisplay.obj
 0001:00000bc5       ?GetTypeInfo@?$IDispatchImpl@UIOPOSLineDisplay@@$1?IID_IOPOSLineDisplay@@3U_GUID@@B$1?LIBID_OposLineDisplay_CCO@@3U3@B$00$0A@VCComTypeInfoHolder@ATL@@@ATL@@UAGJIKPAPAUITypeInfo@@@Z 10001bc5 f i LineDisplay.obj
 0001:00000be9       ?GetIDsOfNames@?$IDispatchImpl@UIOPOSLineDisplay@@$1?IID_IOPOSLineDisplay@@3U_GUID@@B$1?LIBID_OposLineDisplay_CCO@@3U3@B$00$0A@VCComTypeInfoHolder@ATL@@@ATL@@UAGJABU_GUID@@PAPA_WIKPAJ@Z 10001be9 f i LineDisplay.obj
 0001:00000c09       ?Invoke@?$IDispatchImpl@UIOPOSLineDisplay@@$1?IID_IOPOSLineDisplay@@3U_GUID@@B$1?LIBID_OposLineDisplay_CCO@@3U3@B$00$0A@VCComTypeInfoHolder@ATL@@@ATL@@UAGJJABU_GUID@@KGPAUtagDISPPARAMS@@PAUtagVARIANT@@PAUtagEXCEPINFO@@PAI@Z 10001c09 f i LineDisplay.obj
 0001:00000c17       ?CreateControlWindow@?$CComControl@VCOPOSLineDisplay@@V?$CWindowImpl@VCOPOSLineDisplay@@VCWindow@ATL@@V?$CWinTraits@$0FGAAAAAA@$0A@@3@@ATL@@@ATL@@UAEPAUHWND__@@PAU3@AAUtagRECT@@@Z 10001c17 f i LineDisplay.obj
 0001:00000c46       ?ControlQueryInterface@?$CComControl@VCOPOSLineDisplay@@V?$CWindowImpl@VCOPOSLineDisplay@@VCWindow@ATL@@V?$CWinTraits@$0FGAAAAAA@$0A@@3@@ATL@@@ATL@@UAEJABU_GUID@@PAPAX@Z 10001c46 f i LineDisplay.obj
 0001:00000c61       ?GetClassID@?$IPersistStreamInitImpl@VCOPOSLineDisplay@@@ATL@@UAGJPAU_GUID@@@Z 10001c61 f i LineDisplay.obj
 0001:00000c61       ?GetUserClassID@?$IOleObjectImpl@VCOPOSLineDisplay@@@ATL@@UAGJPAU_GUID@@@Z 10001c61 f i LineDisplay.obj
 0001:00000c61       ?GetClassID@?$IPersistStorageImpl@VCOPOSLineDisplay@@@ATL@@UAGJPAU_GUID@@@Z 10001c61 f i LineDisplay.obj
 0001:00000c85       ?IsDirty@?$IPersistStreamInitImpl@VCOPOSLineDisplay@@@ATL@@UAGJXZ 10001c85 f i LineDisplay.obj
 0001:00000ca4       ?Load@?$IPersistStreamInitImpl@VCOPOSLineDisplay@@@ATL@@UAGJPAUIStream@@@Z 10001ca4 f i LineDisplay.obj
 0001:00000cc3       ?Save@?$IPersistStreamInitImpl@VCOPOSLineDisplay@@@ATL@@UAGJPAUIStream@@H@Z 10001cc3 f i LineDisplay.obj
 0001:00000ce5       ?GetSizeMax@?$IPersistStreamInitImpl@VCOPOSLineDisplay@@@ATL@@UAGJPAT_ULARGE_INTEGER@@@Z 10001ce5 f i LineDisplay.obj
 0001:00000ec4       ?InitNew@?$IPersistStreamInitImpl@VCOPOSLineDisplay@@@ATL@@UAGJXZ 10001ec4 f i LineDisplay.obj
 0001:00000ee1       ?GetControlInfo@?$IOleControlImpl@VCOPOSLineDisplay@@@ATL@@UAGJPAUtagCONTROLINFO@@@Z 10001ee1 f i LineDisplay.obj
 0001:00000ee1       ?QueryGetData@?$IDataObjectImpl@VCOPOSLineDisplay@@@ATL@@UAGJPAUtagFORMATETC@@@Z 10001ee1 f i LineDisplay.obj
 0001:00000ee1       ?ContextSensitiveHelp@?$IOleInPlaceObjectWindowlessImpl@VCOPOSLineDisplay@@@ATL@@UAGJH@Z 10001ee1 f i LineDisplay.obj
 0001:00000ee1       ?ContextSensitiveHelp@?$IOleInPlaceActiveObjectImpl@VCOPOSLineDisplay@@@ATL@@UAGJH@Z 10001ee1 f i LineDisplay.obj
 0001:00000ee1       ?OnMnemonic@?$IOleControlImpl@VCOPOSLineDisplay@@@ATL@@UAGJPAUtagMSG@@@Z 10001ee1 f i LineDisplay.obj
 0001:00000ee1       ?Unfreeze@?$IViewObjectExImpl@VCOPOSLineDisplay@@@ATL@@UAGJK@Z 10001ee1 f i LineDisplay.obj
 0001:00000ee1       ?SOOutputCompleteDummy@COPOSLineDisplay@@MAGJJ@Z 10001ee1 f i LineDisplay.obj
 0001:00000ee1       ?SODataDummy@COPOSLineDisplay@@MAGJJ@Z 10001ee1 f i LineDisplay.obj
 0001:00000ee1       ?SetColorScheme@?$IOleObjectImpl@VCOPOSLineDisplay@@@ATL@@UAGJPAUtagLOGPALETTE@@@Z 10001ee1 f i LineDisplay.obj
 0001:00000ee1       ?GetDropTarget@?$IOleInPlaceObjectWindowlessImpl@VCOPOSLineDisplay@@@ATL@@UAGJPAPAUIDropTarget@@@Z 10001ee1 f i LineDisplay.obj
 0001:00000ee9       ?SaveCompleted@?$IPersistStorageImpl@VCOPOSLineDisplay@@@ATL@@UAGJPAUIStorage@@@Z 10001ee9 f i LineDisplay.obj
 0001:00000ee9       ?OnAmbientPropertyChange@?$IOleControlImpl@VCOPOSLineDisplay@@@ATL@@UAGJJ@Z 10001ee9 f i LineDisplay.obj
 0001:00000ee9       ?OnFrameWindowActivate@?$IOleInPlaceActiveObjectImpl@VCOPOSLineDisplay@@@ATL@@UAGJH@Z 10001ee9 f i LineDisplay.obj
 0001:00000ee9       ?EnableModeless@?$IOleInPlaceActiveObjectImpl@VCOPOSLineDisplay@@@ATL@@UAGJH@Z 10001ee9 f i LineDisplay.obj
 0001:00000eee       ?SetClientSite@?$IOleObjectImpl@VCOPOSLineDisplay@@@ATL@@UAGJPAUIOleClientSite@@@Z 10001eee f i LineDisplay.obj
 0001:00000f0b       ?GetClientSite@?$IOleObjectImpl@VCOPOSLineDisplay@@@ATL@@UAGJPAPAUIOleClientSite@@@Z 10001f0b f i LineDisplay.obj
 0001:00000f28       ?SetHostNames@?$IOleObjectImpl@VCOPOSLineDisplay@@@ATL@@UAGJPB_W0@Z 10001f28 f i LineDisplay.obj
 0001:00000f2d       ?Close@?$IOleObjectImpl@VCOPOSLineDisplay@@@ATL@@UAGJK@Z 10001f2d f i LineDisplay.obj
 0001:00000f4a       ?EnumFormatEtc@?$IDataObjectImpl@VCOPOSLineDisplay@@@ATL@@UAGJKPAPAUIEnumFORMATETC@@@Z 10001f4a f i LineDisplay.obj
 0001:00000f4a       ?QueryInterface@CRegObject@ATL@@UAGJABU_GUID@@PAPAX@Z 10001f4a f i LineDisplay.obj
 0001:00000f4a       ?GetCanonicalFormatEtc@?$IDataObjectImpl@VCOPOSLineDisplay@@@ATL@@UAGJPAUtagFORMATETC@@0@Z 10001f4a f i LineDisplay.obj
 0001:00000f4a       ?GetRect@?$IViewObjectExImpl@VCOPOSLineDisplay@@@ATL@@UAGJKPAU_RECTL@@@Z 10001f4a f i LineDisplay.obj
 0001:00000f4a       ?GetClipboardData@?$IOleObjectImpl@VCOPOSLineDisplay@@@ATL@@UAGJKPAPAUIDataObject@@@Z 10001f4a f i LineDisplay.obj
 0001:00000f4a       ?SetMoniker@?$IOleObjectImpl@VCOPOSLineDisplay@@@ATL@@UAGJKPAUIMoniker@@@Z 10001f4a f i LineDisplay.obj
 0001:00000f4a       ?GetDataHere@?$IDataObjectImpl@VCOPOSLineDisplay@@@ATL@@UAGJPAUtagFORMATETC@@PAUtagSTGMEDIUM@@@Z 10001f4a f i LineDisplay.obj
 0001:00000f52       ?InitFromData@?$IOleObjectImpl@VCOPOSLineDisplay@@@ATL@@UAGJPAUIDataObject@@HK@Z 10001f52 f i LineDisplay.obj
 0001:00000f52       ?SetData@?$IDataObjectImpl@VCOPOSLineDisplay@@@ATL@@UAGJPAUtagFORMATETC@@PAUtagSTGMEDIUM@@H@Z 10001f52 f i LineDisplay.obj
 0001:00000f52       ?GetMoniker@?$IOleObjectImpl@VCOPOSLineDisplay@@@ATL@@UAGJKKPAPAUIMoniker@@@Z 10001f52 f i LineDisplay.obj
 0001:00000f5a       ?DoVerb@?$IOleObjectImpl@VCOPOSLineDisplay@@@ATL@@UAGJJPAUtagMSG@@PAUIOleClientSite@@JPAUHWND__@@PBUtagRECT@@@Z 10001f5a f i LineDisplay.obj
 0001:0000104e       ?EnumVerbs@?$IOleObjectImpl@VCOPOSLineDisplay@@@ATL@@UAGJPAPAUIEnumOLEVERB@@@Z 1000204e f i LineDisplay.obj
 0001:00001070       ?Update@?$IOleObjectImpl@VCOPOSLineDisplay@@@ATL@@UAGJXZ 10002070 f i LineDisplay.obj
 0001:00001070       ?HandsOffStorage@?$IPersistStorageImpl@VCOPOSLineDisplay@@@ATL@@UAGJXZ 10002070 f i LineDisplay.obj
 0001:00001070       ?IsUpToDate@?$IOleObjectImpl@VCOPOSLineDisplay@@@ATL@@UAGJXZ 10002070 f i LineDisplay.obj
 0001:00001070       ?Release@CRegObject@ATL@@UAGKXZ 10002070 f i LineDisplay.obj
 0001:00001075       ?GetUserType@?$IOleObjectImpl@VCOPOSLineDisplay@@@ATL@@UAGJKPAPA_W@Z 10002075 f i LineDisplay.obj
 0001:0000108d       ?SetExtent@?$IOleObjectImpl@VCOPOSLineDisplay@@@ATL@@UAGJKPAUtagSIZE@@@Z 1000208d f i LineDisplay.obj
 0001:000010ad       ?GetExtent@?$IOleObjectImpl@VCOPOSLineDisplay@@@ATL@@UAGJKPAUtagSIZE@@@Z 100020ad f i LineDisplay.obj
 0001:000010eb       ?Advise@?$IOleObjectImpl@VCOPOSLineDisplay@@@ATL@@UAGJPAUIAdviseSink@@PAK@Z 100020eb f i LineDisplay.obj
 0001:0000110b       ?Unadvise@?$IOleObjectImpl@VCOPOSLineDisplay@@@ATL@@UAGJK@Z 1000210b f i LineDisplay.obj
 0001:0000113a       ?EnumAdvise@?$IOleObjectImpl@VCOPOSLineDisplay@@@ATL@@UAGJPAPAUIEnumSTATDATA@@@Z 1000213a f i LineDisplay.obj
 0001:0000117a       ?GetMiscStatus@?$IOleObjectImpl@VCOPOSLineDisplay@@@ATL@@UAGJKPAK@Z 1000217a f i LineDisplay.obj
 0001:00001192       ?GetWindow@?$IOleInPlaceActiveObjectImpl@VCOPOSLineDisplay@@@ATL@@UAGJPAPAUHWND__@@@Z 10002192 f i LineDisplay.obj
 0001:000011df       ?TranslateAcceleratorW@?$IOleInPlaceActiveObjectImpl@VCOPOSLineDisplay@@@ATL@@UAGJPAUtagMSG@@@Z 100021df f i LineDisplay.obj
 0001:0000128d       ?OnDocWindowActivate@?$IOleInPlaceActiveObjectImpl@VCOPOSLineDisplay@@@ATL@@UAGJH@Z 1000228d f i LineDisplay.obj
 0001:000012af       ?ResizeBorder@?$IOleInPlaceActiveObjectImpl@VCOPOSLineDisplay@@@ATL@@UAGJPBUtagRECT@@PAUIOleInPlaceUIWindow@@H@Z 100022af f i LineDisplay.obj
 0001:000012b4       ?Draw@?$IViewObjectExImpl@VCOPOSLineDisplay@@@ATL@@UAGJKJPAXPAUtagDVTARGETDEVICE@@PAUHDC__@@2PBU_RECTL@@3P6GHK@ZK@Z 100022b4 f i LineDisplay.obj
 0001:000012e6       ?GetColorSet@?$IViewObjectExImpl@VCOPOSLineDisplay@@@ATL@@UAGJKJPAXPAUtagDVTARGETDEVICE@@PAUHDC__@@PAPAUtagLOGPALETTE@@@Z 100022e6 f i LineDisplay.obj
 0001:000012ee       ?SOErrorDummy@COPOSLineDisplay@@MAGJJJJPAJ@Z 100022ee f i LineDisplay.obj
 0001:000012ee       ?Freeze@?$IViewObjectExImpl@VCOPOSLineDisplay@@@ATL@@UAGJKJPAXPAK@Z 100022ee f i LineDisplay.obj
 0001:000012f6       ?SetAdvise@?$IViewObjectExImpl@VCOPOSLineDisplay@@@ATL@@UAGJKKPAUIAdviseSink@@@Z 100022f6 f i LineDisplay.obj
 0001:00001315       ?GetAdvise@?$IViewObjectExImpl@VCOPOSLineDisplay@@@ATL@@UAGJPAK0PAPAUIAdviseSink@@@Z 10002315 f i LineDisplay.obj
 0001:0000134a       ?GetExtent@?$IViewObjectExImpl@VCOPOSLineDisplay@@@ATL@@UAGJKJPAUtagDVTARGETDEVICE@@PAUtagSIZE@@@Z 1000234a f i LineDisplay.obj
 0001:0000137b       ?GetViewStatus@?$IViewObjectExImpl@VCOPOSLineDisplay@@@ATL@@UAGJPAK@Z 1000237b f i LineDisplay.obj
 0001:00001398       ?QueryHitPoint@?$IViewObjectExImpl@VCOPOSLineDisplay@@@ATL@@UAGJKPBUtagRECT@@UtagPOINT@@JPAK@Z 10002398 f i LineDisplay.obj
 0001:000013d9       ?QueryHitRect@?$IViewObjectExImpl@VCOPOSLineDisplay@@@ATL@@UAGJKPBUtagRECT@@0JPAK@Z 100023d9 f i LineDisplay.obj
 0001:00001434       ?GetNaturalExtent@?$IViewObjectExImpl@VCOPOSLineDisplay@@@ATL@@UAGJKJPAUtagDVTARGETDEVICE@@PAUHDC__@@PAUtagExtentInfo@@PAUtagSIZE@@@Z 10002434 f i LineDisplay.obj
 0001:0000147f       ?GetWindow@?$IOleInPlaceObjectWindowlessImpl@VCOPOSLineDisplay@@@ATL@@UAGJPAPAUHWND__@@@Z 1000247f f i LineDisplay.obj
 0001:000014cc       ?InPlaceDeactivate@?$IOleInPlaceObjectWindowlessImpl@VCOPOSLineDisplay@@@ATL@@UAGJXZ 100024cc f i LineDisplay.obj
 0001:000014e6       ?UIDeactivate@?$IOleInPlaceObjectWindowlessImpl@VCOPOSLineDisplay@@@ATL@@UAGJXZ 100024e6 f i LineDisplay.obj
 0001:00001500       ?SetObjectRects@?$IOleInPlaceObjectWindowlessImpl@VCOPOSLineDisplay@@@ATL@@UAGJPBUtagRECT@@0@Z 10002500 f i LineDisplay.obj
 0001:00001520       ?ReactivateAndUndo@?$IOleInPlaceObjectWindowlessImpl@VCOPOSLineDisplay@@@ATL@@UAGJXZ 10002520 f i LineDisplay.obj
 0001:00001528       ?OnWindowMessage@?$IOleInPlaceObjectWindowlessImpl@VCOPOSLineDisplay@@@ATL@@UAGJIIJPAJ@Z 10002528 f i LineDisplay.obj
 0001:00001598       ?EnumConnectionPoints@?$IConnectionPointContainerImpl@VCOPOSLineDisplay@@@ATL@@UAGJPAPAUIEnumConnectionPoints@@@Z 10002598 f i LineDisplay.obj
 0001:00001724       ?FindConnectionPoint@?$IConnectionPointContainerImpl@VCOPOSLineDisplay@@@ATL@@UAGJABU_GUID@@PAPAUIConnectionPoint@@@Z 10002724 f i LineDisplay.obj
 0001:000017c7       ?IsDirty@?$IPersistStorageImpl@VCOPOSLineDisplay@@@ATL@@UAGJXZ 100027c7 f i LineDisplay.obj
 0001:000017f7       ?InitNew@?$IPersistStorageImpl@VCOPOSLineDisplay@@@ATL@@UAGJPAUIStorage@@@Z 100027f7 f i LineDisplay.obj
 0001:00001827       ?Load@?$IPersistStorageImpl@VCOPOSLineDisplay@@@ATL@@UAGJPAUIStorage@@@Z 10002827 f i LineDisplay.obj
 0001:00001893       ?Save@?$IPersistStorageImpl@VCOPOSLineDisplay@@@ATL@@UAGJPAUIStorage@@H@Z 10002893 f i LineDisplay.obj
 0001:00001906       ?GetPages@?$ISpecifyPropertyPagesImpl@VCOPOSLineDisplay@@@ATL@@UAGJPAUtagCAUUID@@@Z 10002906 f i LineDisplay.obj
 0001:0000191d       ?QuickActivate@?$IQuickActivateImpl@VCOPOSLineDisplay@@@ATL@@UAGJPAUtagQACONTAINER@@PAUtagQACONTROL@@@Z 1000291d f i LineDisplay.obj
 0001:00001940       ?SetContentExtent@?$IQuickActivateImpl@VCOPOSLineDisplay@@@ATL@@UAGJPAUtagSIZE@@@Z 10002940 f i LineDisplay.obj
 0001:0000196c       ?GetContentExtent@?$IQuickActivateImpl@VCOPOSLineDisplay@@@ATL@@UAGJPAUtagSIZE@@@Z 1000296c f i LineDisplay.obj
 0001:000019a8       ?GetData@?$IDataObjectImpl@VCOPOSLineDisplay@@@ATL@@UAGJPAUtagFORMATETC@@PAUtagSTGMEDIUM@@@Z 100029a8 f i LineDisplay.obj
 0001:000019cb       ?DAdvise@?$IDataObjectImpl@VCOPOSLineDisplay@@@ATL@@UAGJPAUtagFORMATETC@@KPAUIAdviseSink@@PAK@Z 100029cb f i LineDisplay.obj
 0001:00001a0c       ?DUnadvise@?$IDataObjectImpl@VCOPOSLineDisplay@@@ATL@@UAGJK@Z 10002a0c f i LineDisplay.obj
 0001:00001a3a       ?EnumDAdvise@?$IDataObjectImpl@VCOPOSLineDisplay@@@ATL@@UAGJPAPAUIEnumSTATDATA@@@Z 10002a3a f i LineDisplay.obj
 0001:00001a79       ?GetClassInfoW@?$IProvideClassInfo2Impl@$1?CLSID_OPOSLineDisplay@@3U_GUID@@B$1?DIID__IOPOSLineDisplayEvents@@3U2@B$1?LIBID_OposLineDisplay_CCO@@3U2@B$00$0A@VCComTypeInfoHolder@ATL@@@ATL@@UAGJPAPAUITypeInfo@@@Z 10002a79 f i LineDisplay.obj
 0001:00001a8f       ?GetGUID@?$IProvideClassInfo2Impl@$1?CLSID_OPOSLineDisplay@@3U_GUID@@B$1?DIID__IOPOSLineDisplayEvents@@3U2@B$1?LIBID_OposLineDisplay_CCO@@3U2@B$00$0A@VCComTypeInfoHolder@ATL@@@ATL@@UAGJKPAU_GUID@@@Z 10002a8f f i LineDisplay.obj
 0001:00001acd       __get_startup_argv_mode    10002acd f i LIBCMT:argv_mode.obj
 0001:00001acd       ?FAccessAllowed@?$IObjectSafetyImpl@VCOPOSLineDisplay@@$02@ATL@@MAEHXZ 10002acd f i LineDisplay.obj
 0001:00001ad1       ?GetInterfaceSafetyOptions@?$IObjectSafetyImpl@VCOPOSLineDisplay@@$02@ATL@@UAGJABU_GUID@@PAK1@Z 10002ad1 f i LineDisplay.obj
 0001:00001b45       ?SetInterfaceSafetyOptions@?$IObjectSafetyImpl@VCOPOSLineDisplay@@$02@ATL@@UAGJABU_GUID@@KK@Z 10002b45 f i LineDisplay.obj
 0001:00001bbf       ?_LocCPQueryInterface@?$IConnectionPointImpl@VCOPOSLineDisplay@@$1?IID_IPropertyNotifySink@@3U_GUID@@BVCComDynamicUnkArray@ATL@@@ATL@@UAGJABU_GUID@@PAPAX@Z 10002bbf f i LineDisplay.obj
 0001:00001bbf       ?_LocCPQueryInterface@?$IConnectionPointImpl@VCOPOSLineDisplay@@$1?DIID__IOPOSLineDisplayEvents@@3U_GUID@@BVCComDynamicUnkArray@ATL@@@ATL@@UAGJABU_GUID@@PAPAX@Z 10002bbf f i LineDisplay.obj
 0001:00001c0c       ?GetConnectionInterface@?$IConnectionPointImpl@VCOPOSLineDisplay@@$1?IID_IPropertyNotifySink@@3U_GUID@@BVCComDynamicUnkArray@ATL@@@ATL@@UAGJPAU_GUID@@@Z 10002c0c f i LineDisplay.obj
 0001:00001c30       ?GetConnectionPointContainer@?$IConnectionPointImpl@VCOPOSLineDisplay@@$1?IID_IPropertyNotifySink@@3U_GUID@@BVCComDynamicUnkArray@ATL@@@ATL@@UAGJPAPAUIConnectionPointContainer@@@Z 10002c30 f i LineDisplay.obj
 0001:00001c53       ?Advise@?$IConnectionPointImpl@VCOPOSLineDisplay@@$1?DIID__IOPOSLineDisplayEvents@@3U_GUID@@BVCComDynamicUnkArray@ATL@@@ATL@@UAGJPAUIUnknown@@PAK@Z 10002c53 f i LineDisplay.obj
 0001:00001c53       ?Advise@?$IConnectionPointImpl@VCOPOSLineDisplay@@$1?IID_IPropertyNotifySink@@3U_GUID@@BVCComDynamicUnkArray@ATL@@@ATL@@UAGJPAUIUnknown@@PAK@Z 10002c53 f i LineDisplay.obj
 0001:00001cf3       ?Unadvise@?$IConnectionPointImpl@VCOPOSLineDisplay@@$1?IID_IPropertyNotifySink@@3U_GUID@@BVCComDynamicUnkArray@ATL@@@ATL@@UAGJK@Z 10002cf3 f i LineDisplay.obj
 0001:00001cf3       ?Unadvise@?$IConnectionPointImpl@VCOPOSLineDisplay@@$1?DIID__IOPOSLineDisplayEvents@@3U_GUID@@BVCComDynamicUnkArray@ATL@@@ATL@@UAGJK@Z 10002cf3 f i LineDisplay.obj
 0001:00001d33       ?EnumConnections@?$IConnectionPointImpl@VCOPOSLineDisplay@@$1?IID_IPropertyNotifySink@@3U_GUID@@BVCComDynamicUnkArray@ATL@@@ATL@@UAGJPAPAUIEnumConnections@@@Z 10002d33 f i LineDisplay.obj
 0001:00001d33       ?EnumConnections@?$IConnectionPointImpl@VCOPOSLineDisplay@@$1?DIID__IOPOSLineDisplayEvents@@3U_GUID@@BVCComDynamicUnkArray@ATL@@@ATL@@UAGJPAPAUIEnumConnections@@@Z 10002d33 f i LineDisplay.obj
 0001:00001e2e       ?GetCategoryMap@CComObjectRootBase@ATL@@SAPBU_ATL_CATMAP_ENTRY@2@XZ 10002e2e f i LineDisplay.obj
 0001:00001e2e       ?GetObjectDescription@?$CComCoClass@VCOPOSLineDisplay@@$1?CLSID_OPOSLineDisplay@@3U_GUID@@B@ATL@@SGPB_WXZ 10002e2e f i LineDisplay.obj
 0001:00001e31       ?GetConnectionInterface@?$IConnectionPointImpl@VCOPOSLineDisplay@@$1?DIID__IOPOSLineDisplayEvents@@3U_GUID@@BVCComDynamicUnkArray@ATL@@@ATL@@UAGJPAU_GUID@@@Z 10002e31 f i LineDisplay.obj
 0001:00001e55       ?GetConnectionPointContainer@?$IConnectionPointImpl@VCOPOSLineDisplay@@$1?DIID__IOPOSLineDisplayEvents@@3U_GUID@@BVCComDynamicUnkArray@ATL@@@ATL@@UAGJPAPAUIConnectionPointContainer@@@Z 10002e55 f i LineDisplay.obj
 0001:00001e78       ?Lock@CAtlModule@ATL@@UAEJXZ 10002e78 f i LineDisplay.obj
 0001:00001e82       ?Unlock@CAtlModule@ATL@@UAEJXZ 10002e82 f i LineDisplay.obj
 0001:00001e8c       ?GetLockCount@CAtlModule@ATL@@UAEJXZ 10002e8c f i LineDisplay.obj
 0001:00001e90       ?GetGITPtr@CAtlModule@ATL@@UAEJPAPAUIGlobalInterfaceTable@@@Z 10002e90 f i LineDisplay.obj
 0001:00001edc       ?UpdateRegistry@COPOSLineDisplay@@SGJH@Z 10002edc f i LineDisplay.obj
 0001:00001ef4       ?ProcessWindowMessage@COPOSLineDisplay@@UAEHPAUHWND__@@IIJAAJK@Z 10002ef4 f i LineDisplay.obj
 0001:00001f3d       ?SODirectIO@COPOSLineDisplay@@MAGJJPAJPAPA_W@Z 10002f3d f i LineDisplay.obj
 0001:00001f86       ?SOStatusUpdate@COPOSLineDisplay@@MAGJJ@Z 10002f86 f i LineDisplay.obj
 0001:00001fbf       ?AddCommonRGSReplacements@?$CAtlModuleT@VCComModule@ATL@@@ATL@@UAEJPAUIRegistrarBase@@@Z 10002fbf f i LineDisplay.obj
 0001:00001fd9       ?UpdateRegistryFromResourceD@CComModule@ATL@@UAGJIHPAU_ATL_REGMAP_ENTRY@2@@Z 10002fd9 f i LineDisplay.obj
 0001:00001fd9       ?UpdateRegistryFromResourceD@CComModule@ATL@@UAGJPB_WHPAU_ATL_REGMAP_ENTRY@2@@Z 10002fd9 f i LineDisplay.obj
 0001:00001fe1       ?UpdateRegistryFromResource@CComModule@ATL@@UAGJPB_WHPAU_ATL_REGMAP_ENTRY@2@@Z 10002fe1 f i LineDisplay.obj
 0001:00001fea       ?UpdateRegistryFromResource@CComModule@ATL@@UAGJIHPAU_ATL_REGMAP_ENTRY@2@@Z 10002fea f i LineDisplay.obj
 0001:00001ff3       ??_GCComModule@ATL@@UAEPAXI@Z 10002ff3 f i LineDisplay.obj
 0001:00001ff3       ??_ECComModule@ATL@@UAEPAXI@Z 10002ff3 f i LineDisplay.obj
 0001:0000201b       ?CreateInstance@?$CComCreator@V?$CComObjectCached@VCComClassFactory@ATL@@@ATL@@@ATL@@SGJPAXABU_GUID@@PAPAX@Z 1000301b f i LineDisplay.obj
 0001:000020bb       ?CreateInstance@?$CComCreator2@V?$CComCreator@V?$CComObject@VCOPOSLineDisplay@@@ATL@@@ATL@@V?$CComCreator@V?$CComAggObject@VCOPOSLineDisplay@@@ATL@@@2@@ATL@@SGJPAXABU_GUID@@PAPAX@Z 100030bb f i LineDisplay.obj
 0001:000020db       ?AddRef@?$CComObjectCached@VCComClassFactory@ATL@@@ATL@@UAGKXZ 100030db f i LineDisplay.obj
 0001:00002102       ?Release@?$CComObjectCached@VCComClassFactory@ATL@@@ATL@@UAGKXZ 10003102 f i LineDisplay.obj
 0001:00002138       ?QueryInterface@?$CComObjectCached@VCComClassFactory@ATL@@@ATL@@UAGJABU_GUID@@PAPAX@Z 10003138 f i LineDisplay.obj
 0001:00002152       ??_E?$CComObjectCached@VCComClassFactory@ATL@@@ATL@@UAEPAXI@Z 10003152 f i LineDisplay.obj
 0001:00002152       ??_G?$CComObjectCached@VCComClassFactory@ATL@@@ATL@@UAEPAXI@Z 10003152 f i LineDisplay.obj
 0001:00002174       ?Next@?$CComEnumImpl@UIEnumConnectionPoints@@$1?_GUID_b196b285_bab4_101a_b69c_00aa00341d07@@3U__s_GUID@@BPAUIConnectionPoint@@V?$_CopyInterface@UIConnectionPoint@@@ATL@@@ATL@@UAGJKPAPAUIConnectionPoint@@PAK@Z 10003174 f i LineDisplay.obj
 0001:0000224b       ?Skip@?$CComEnumImpl@UIEnumConnectionPoints@@$1?_GUID_b196b285_bab4_101a_b69c_00aa00341d07@@3U__s_GUID@@BPAUIConnectionPoint@@V?$_CopyInterface@UIConnectionPoint@@@ATL@@@ATL@@UAGJK@Z 1000324b f i LineDisplay.obj
 0001:00002278       ?Reset@?$CComEnumImpl@UIEnumConnections@@$1?_GUID_b196b287_bab4_101a_b69c_00aa00341d07@@3U__s_GUID@@BUtagCONNECTDATA@@V?$_Copy@UtagCONNECTDATA@@@ATL@@@ATL@@UAGJXZ 10003278 f i LineDisplay.obj
 0001:00002278       ?Reset@?$CComEnumImpl@UIEnumConnectionPoints@@$1?_GUID_b196b285_bab4_101a_b69c_00aa00341d07@@3U__s_GUID@@BPAUIConnectionPoint@@V?$_CopyInterface@UIConnectionPoint@@@ATL@@@ATL@@UAGJXZ 10003278 f i LineDisplay.obj
 0001:0000228a       ?Clone@?$CComEnumImpl@UIEnumConnectionPoints@@$1?_GUID_b196b285_bab4_101a_b69c_00aa00341d07@@3U__s_GUID@@BPAUIConnectionPoint@@V?$_CopyInterface@UIConnectionPoint@@@ATL@@@ATL@@UAGJPAPAUIEnumConnectionPoints@@@Z 1000328a f i LineDisplay.obj
 0001:0000236b       ?AddRef@?$CComObject@V?$CComEnum@UIEnumConnectionPoints@@$1?_GUID_b196b285_bab4_101a_b69c_00aa00341d07@@3U__s_GUID@@BPAUIConnectionPoint@@V?$_CopyInterface@UIConnectionPoint@@@ATL@@VCComSingleThreadModel@6@@ATL@@@ATL@@UAGKXZ 1000336b f i LineDisplay.obj
 0001:0000236b       ?AddRef@?$CComObject@V?$CComEnum@UIEnumConnections@@$1?_GUID_b196b287_bab4_101a_b69c_00aa00341d07@@3U__s_GUID@@BUtagCONNECTDATA@@V?$_Copy@UtagCONNECTDATA@@@ATL@@VCComSingleThreadModel@6@@ATL@@@ATL@@UAGKXZ 1000336b f i LineDisplay.obj
 0001:0000237c       ?Release@?$CComObject@V?$CComEnum@UIEnumConnections@@$1?_GUID_b196b287_bab4_101a_b69c_00aa00341d07@@3U__s_GUID@@BUtagCONNECTDATA@@V?$_Copy@UtagCONNECTDATA@@@ATL@@VCComSingleThreadModel@6@@ATL@@@ATL@@UAGKXZ 1000337c f i LineDisplay.obj
 0001:0000237c       ?Release@?$CComObject@V?$CComEnum@UIEnumConnectionPoints@@$1?_GUID_b196b285_bab4_101a_b69c_00aa00341d07@@3U__s_GUID@@BPAUIConnectionPoint@@V?$_CopyInterface@UIConnectionPoint@@@ATL@@VCComSingleThreadModel@6@@ATL@@@ATL@@UAGKXZ 1000337c f i LineDisplay.obj
 0001:000023b8       ?QueryInterface@?$CComObject@V?$CComEnum@UIEnumConnectionPoints@@$1?_GUID_b196b285_bab4_101a_b69c_00aa00341d07@@3U__s_GUID@@BPAUIConnectionPoint@@V?$_CopyInterface@UIConnectionPoint@@@ATL@@VCComSingleThreadModel@6@@ATL@@@ATL@@UAGJABU_GUID@@PAPAX@Z 100033b8 f i LineDisplay.obj
 0001:000023d2       ??_G?$CComObject@V?$CComEnum@UIEnumConnectionPoints@@$1?_GUID_b196b285_bab4_101a_b69c_00aa00341d07@@3U__s_GUID@@BPAUIConnectionPoint@@V?$_CopyInterface@UIConnectionPoint@@@ATL@@VCComSingleThreadModel@6@@ATL@@@ATL@@UAEPAXI@Z 100033d2 f i LineDisplay.obj
 0001:000023d2       ??_E?$CComObject@V?$CComEnum@UIEnumConnectionPoints@@$1?_GUID_b196b285_bab4_101a_b69c_00aa00341d07@@3U__s_GUID@@BPAUIConnectionPoint@@V?$_CopyInterface@UIConnectionPoint@@@ATL@@VCComSingleThreadModel@6@@ATL@@@ATL@@UAEPAXI@Z 100033d2 f i LineDisplay.obj
 0001:000023f4       ?AddRef@CRegObject@ATL@@UAGKXZ 100033f4 f i LineDisplay.obj
 0001:000023fa       ?AddReplacement@CRegObject@ATL@@UAGJPB_W0@Z 100033fa f i LineDisplay.obj
 0001:00002433       ?ClearReplacements@CRegObject@ATL@@UAGJXZ 10003433 f i LineDisplay.obj
 0001:00002445       ??_ECRegObject@ATL@@UAEPAXI@Z 10003445 f i LineDisplay.obj
 0001:00002445       ??_GCRegObject@ATL@@UAEPAXI@Z 10003445 f i LineDisplay.obj
 0001:00002467       ?AddRef@?$CComAggObject@VCOPOSLineDisplay@@@ATL@@UAGKXZ 10003467 f i LineDisplay.obj
 0001:00002478       ?Release@?$CComAggObject@VCOPOSLineDisplay@@@ATL@@UAGKXZ 10003478 f i LineDisplay.obj
 0001:000024b4       ?QueryInterface@?$CComAggObject@VCOPOSLineDisplay@@@ATL@@UAGJABU_GUID@@PAPAX@Z 100034b4 f i LineDisplay.obj
 0001:00002503       ?AddRef@?$CComContainedObject@VCOPOSLineDisplay@@@ATL@@UAGKXZ 10003503 f i LineDisplay.obj
 0001:00002519       ?Release@?$CComContainedObject@VCOPOSLineDisplay@@@ATL@@UAGKXZ 10003519 f i LineDisplay.obj
 0001:0000252f       ?QueryInterface@?$CComContainedObject@VCOPOSLineDisplay@@@ATL@@UAGJABU_GUID@@PAPAX@Z 1000352f f i LineDisplay.obj
 0001:0000254a       ??_E?$CComAggObject@VCOPOSLineDisplay@@@ATL@@UAEPAXI@Z 1000354a f i LineDisplay.obj
 0001:0000254a       ??_G?$CComAggObject@VCOPOSLineDisplay@@@ATL@@UAEPAXI@Z 1000354a f i LineDisplay.obj
 0001:0000256f       ?AddRef@?$CComObject@VCOPOSLineDisplay@@@ATL@@UAGKXZ 1000356f f i LineDisplay.obj
 0001:00002586       ?Release@?$CComObject@VCOPOSLineDisplay@@@ATL@@UAGKXZ 10003586 f i LineDisplay.obj
 0001:000025c8       ?QueryInterface@?$CComObject@VCOPOSLineDisplay@@@ATL@@UAGJABU_GUID@@PAPAX@Z 100035c8 f i LineDisplay.obj
 0001:000025e2       ?OnDrawAdvanced@CComControlBase@ATL@@UAEJAAUATL_DRAWINFO@@@Z 100035e2 f i LineDisplay.obj
 0001:000026d5       ?Next@?$CComEnumImpl@UIEnumConnections@@$1?_GUID_b196b287_bab4_101a_b69c_00aa00341d07@@3U__s_GUID@@BUtagCONNECTDATA@@V?$_Copy@UtagCONNECTDATA@@@ATL@@@ATL@@UAGJKPAUtagCONNECTDATA@@PAK@Z 100036d5 f i LineDisplay.obj
 0001:000027ac       ?Skip@?$CComEnumImpl@UIEnumConnections@@$1?_GUID_b196b287_bab4_101a_b69c_00aa00341d07@@3U__s_GUID@@BUtagCONNECTDATA@@V?$_Copy@UtagCONNECTDATA@@@ATL@@@ATL@@UAGJK@Z 100037ac f i LineDisplay.obj
 0001:000027d9       ?Clone@?$CComEnumImpl@UIEnumConnections@@$1?_GUID_b196b287_bab4_101a_b69c_00aa00341d07@@3U__s_GUID@@BUtagCONNECTDATA@@V?$_Copy@UtagCONNECTDATA@@@ATL@@@ATL@@UAGJPAPAUIEnumConnections@@@Z 100037d9 f i LineDisplay.obj
 0001:000028ba       ?QueryInterface@?$CComObject@V?$CComEnum@UIEnumConnections@@$1?_GUID_b196b287_bab4_101a_b69c_00aa00341d07@@3U__s_GUID@@BUtagCONNECTDATA@@V?$_Copy@UtagCONNECTDATA@@@ATL@@VCComSingleThreadModel@6@@ATL@@@ATL@@UAGJABU_GUID@@PAPAX@Z 100038ba f i LineDisplay.obj
 0001:000028d4       ??_G?$CComObject@V?$CComEnum@UIEnumConnections@@$1?_GUID_b196b287_bab4_101a_b69c_00aa00341d07@@3U__s_GUID@@BUtagCONNECTDATA@@V?$_Copy@UtagCONNECTDATA@@@ATL@@VCComSingleThreadModel@6@@ATL@@@ATL@@UAEPAXI@Z 100038d4 f i LineDisplay.obj
 0001:000028d4       ??_E?$CComObject@V?$CComEnum@UIEnumConnections@@$1?_GUID_b196b287_bab4_101a_b69c_00aa00341d07@@3U__s_GUID@@BUtagCONNECTDATA@@V?$_Copy@UtagCONNECTDATA@@@ATL@@VCComSingleThreadModel@6@@ATL@@@ATL@@UAEPAXI@Z 100038d4 f i LineDisplay.obj
 0001:000028f6       ??$?4UITypeInfo2@@@?$CComPtr@UITypeInfo@@@ATL@@QAEPAUITypeInfo@@ABV?$CComPtr@UITypeInfo2@@@1@@Z 100038f6 f i LineDisplay.obj
 0001:00002923       ??$AtlAdd@K@ATL@@YAJPAKKK@Z 10003923 f i LineDisplay.obj
 0001:00002946       ??$AtlAdd@_K@ATL@@YAJPA_K_K1@Z 10003946 f i LineDisplay.obj
 0001:0000297e       ??$AtlAddThrow@K@ATL@@YAKKK@Z 1000397e f i LineDisplay.obj
 0001:000029a4       ??$AtlModuleRegisterWndClassInfoT@VAtlModuleRegisterWndClassInfoParamW@ATL@@@ATL@@YAGPAU_ATL_BASE_MODULE70@0@PAU_ATL_WIN_MODULE70@0@PAU_ATL_WNDCLASSINFOW@0@PAP6GJPAUHWND__@@IIJ@ZVAtlModuleRegisterWndClassInfoParamW@0@@Z 100039a4 f i LineDisplay.obj
 0001:00002af2       ??$AtlMultiply@H@ATL@@YAJPAHHH@Z 10003af2 f i LineDisplay.obj
 0001:00002b2a       ??$AtlMultiply@K@ATL@@YAJPAKKK@Z 10003b2a f i LineDisplay.obj
 0001:00002b2a       ??$AtlMultiply@I@ATL@@YAJPAIII@Z 10003b2a f i LineDisplay.obj
 0001:00002b4c       ??$AtlMultiplyThrow@I@ATL@@YAIII@Z 10003b4c f i LineDisplay.obj
 0001:00002b72       ??0?$CComAggObject@VCOPOSLineDisplay@@@ATL@@QAE@PAX@Z 10003b72 f i LineDisplay.obj
 0001:00002b9f       ??0?$CComContainedObject@VCOPOSLineDisplay@@@ATL@@QAE@PAX@Z 10003b9f f i LineDisplay.obj
 0001:00002c58       ??0?$CComObject@V?$CComEnum@UIEnumConnectionPoints@@$1?_GUID_b196b285_bab4_101a_b69c_00aa00341d07@@3U__s_GUID@@BPAUIConnectionPoint@@V?$_CopyInterface@UIConnectionPoint@@@ATL@@VCComSingleThreadModel@6@@ATL@@@ATL@@QAE@PAX@Z 10003c58 f i LineDisplay.obj
 0001:00002c86       ??0?$CComObject@V?$CComEnum@UIEnumConnections@@$1?_GUID_b196b287_bab4_101a_b69c_00aa00341d07@@3U__s_GUID@@BUtagCONNECTDATA@@V?$_Copy@UtagCONNECTDATA@@@ATL@@VCComSingleThreadModel@6@@ATL@@@ATL@@QAE@PAX@Z 10003c86 f i LineDisplay.obj
 0001:00002cb4       ??0?$CComObject@VCOPOSLineDisplay@@@ATL@@QAE@PAX@Z 10003cb4 f i LineDisplay.obj
 0001:00002d6b       ??0?$CComQIPtr@UIOleControlSite@@$1?_GUID_b196b289_bab4_101a_b69c_00aa00341d07@@3U__s_GUID@@B@ATL@@QAE@PAUIUnknown@@@Z 10003d6b f i LineDisplay.obj
 0001:00002d94       ??0CAtlModule@ATL@@QAE@XZ  10003d94 f i LineDisplay.obj
 0001:00002dd5       ??0CParseBuffer@CRegParser@ATL@@QAE@H@Z 10003dd5 f i LineDisplay.obj
 0001:00002e0b       ??0_ATL_MSG@ATL@@QAE@PAUHWND__@@IIJH@Z 10003e0b f i LineDisplay.obj
 0001:00002e43       ??1?$CComAggObject@VCOPOSLineDisplay@@@ATL@@UAE@XZ 10003e43 f i LineDisplay.obj
 0001:00002e67       ??1?$CComEnumImpl@UIEnumConnectionPoints@@$1?_GUID_b196b285_bab4_101a_b69c_00aa00341d07@@3U__s_GUID@@BPAUIConnectionPoint@@V?$_CopyInterface@UIConnectionPoint@@@ATL@@@ATL@@UAE@XZ 10003e67 f i LineDisplay.obj
 0001:00002ea7       ??1?$CComEnumImpl@UIEnumConnections@@$1?_GUID_b196b287_bab4_101a_b69c_00aa00341d07@@3U__s_GUID@@BUtagCONNECTDATA@@V?$_Copy@UtagCONNECTDATA@@@ATL@@@ATL@@UAE@XZ 10003ea7 f i LineDisplay.obj
 0001:00002ee7       ??1?$CComObject@V?$CComEnum@UIEnumConnectionPoints@@$1?_GUID_b196b285_bab4_101a_b69c_00aa00341d07@@3U__s_GUID@@BPAUIConnectionPoint@@V?$_CopyInterface@UIConnectionPoint@@@ATL@@VCComSingleThreadModel@6@@ATL@@@ATL@@UAE@XZ 10003ee7 f i LineDisplay.obj
 0001:00002f0a       ??1?$CComObject@V?$CComEnum@UIEnumConnections@@$1?_GUID_b196b287_bab4_101a_b69c_00aa00341d07@@3U__s_GUID@@BUtagCONNECTDATA@@V?$_Copy@UtagCONNECTDATA@@@ATL@@VCComSingleThreadModel@6@@ATL@@@ATL@@UAE@XZ 10003f0a f i LineDisplay.obj
 0001:00002f2d       ??1?$CComObject@VCOPOSLineDisplay@@@ATL@@UAE@XZ 10003f2d f i LineDisplay.obj
 0001:00002feb       ??1?$CComObjectCached@VCComClassFactory@ATL@@@ATL@@UAE@XZ 10003feb f i LineDisplay.obj
 0001:00003001       ??1?$CComObjectRootEx@VCComMultiThreadModel@ATL@@@ATL@@QAE@XZ 10004001 f i LineDisplay.obj
 0001:00003016       ??1CRegObject@ATL@@UAE@XZ  10004016 f i LineDisplay.obj
 0001:00003036       ??4?$CComPtr@UIAdviseSink@@@ATL@@QAEPAUIAdviseSink@@PAU2@@Z 10004036 f i LineDisplay.obj
 0001:00003036       ??4?$CComPtr@UIUnknown@@@ATL@@QAEPAUIUnknown@@PAU2@@Z 10004036 f i LineDisplay.obj
 0001:00003036       ??4?$CComPtr@UIOleClientSite@@@ATL@@QAEPAUIOleClientSite@@PAU2@@Z 10004036 f i LineDisplay.obj
 0001:0000306a       ??_E?$CComContainedObject@VCOPOSLineDisplay@@@ATL@@UAEPAXI@Z 1000406a f i LineDisplay.obj
 0001:0000306a       ??_G?$CComContainedObject@VCOPOSLineDisplay@@@ATL@@UAEPAXI@Z 1000406a f i LineDisplay.obj
 0001:0000308f       ??_E?$CComObject@VCOPOSLineDisplay@@@ATL@@UAEPAXI@Z 1000408f f i LineDisplay.obj
 0001:0000308f       ??_G?$CComObject@VCOPOSLineDisplay@@@ATL@@UAEPAXI@Z 1000408f f i LineDisplay.obj
 0001:000030b4       ?Add@?$CSimpleArray@GV?$CSimpleArrayEqualHelper@G@ATL@@@ATL@@QAEHABG@Z 100040b4 f i LineDisplay.obj
 0001:00003138       ?Add@?$CSimpleMap@PA_WPA_WVCExpansionVectorEqualHelper@ATL@@@ATL@@QAEHABQA_W0@Z 10004138 f i LineDisplay.obj
 0001:0000318d       ?Add@CComDynamicUnkArray@ATL@@QAEKPAUIUnknown@@@Z 1000418d f i LineDisplay.obj
 0001:00003243       ?Add@CExpansionVector@ATL@@QAEHPB_W0@Z 10004243 f i LineDisplay.obj
 0001:0000334c       ?AddString@CParseBuffer@CRegParser@ATL@@QAEHPB_W@Z 1000434c f i LineDisplay.obj
 0001:00003381       ?AddTermFunc@CAtlModule@ATL@@QAEJP6GXK@ZK@Z 10004381 f i LineDisplay.obj
 0001:000033e4       ?AddValue@CRegParser@ATL@@IAEJAAVCRegKey@2@PB_WPA_W@Z 100043e4 f i LineDisplay.obj
 0001:000036fe       ?Allocate@?$CAtlSafeAllocBufferManager@VCCRTAllocator@ATL@@@_ATL_SAFE_ALLOCA_IMPL@ATL@@QAEPAXK@Z 100046fe f i LineDisplay.obj
 0001:0000372b       ?Allocate@?$CTempBuffer@E$0BAA@VCCRTAllocator@ATL@@@ATL@@QAEPAEI@Z 1000472b f i LineDisplay.obj
 0001:0000375a       ?Allocate@?$CTempBuffer@_W$0BAA@VCCRTAllocator@ATL@@@ATL@@QAEPA_WI@Z 1000475a f i LineDisplay.obj
 0001:00003789       ?Allocate@?$CTempBuffer@_W$0EAA@VCCRTAllocator@ATL@@@ATL@@QAEPA_WI@Z 10004789 f i LineDisplay.obj
 0001:000037b8       ?AllocateHeap@?$CTempBuffer@_W$0BAA@VCCRTAllocator@ATL@@@ATL@@AAEXI@Z 100047b8 f i LineDisplay.obj
 0001:000037b8       ?AllocateHeap@?$CTempBuffer@_W$0EAA@VCCRTAllocator@ATL@@@ATL@@AAEXI@Z 100047b8 f i LineDisplay.obj
 0001:000037b8       ?AllocateHeap@?$CTempBuffer@E$0BAA@VCCRTAllocator@ATL@@@ATL@@AAEXI@Z 100047b8 f i LineDisplay.obj
 0001:000037dd       ?Append@CParseBuffer@CRegParser@ATL@@QAEHPB_WH@Z 100047dd f i LineDisplay.obj
 0001:0000386b       ?AtlCoTaskMemCAlloc@ATL@@YAPAXKK@Z 1000486b f i LineDisplay.obj
 0001:00003898       ?AtlCoTaskMemRecalloc@ATL@@YAPAXPAXKK@Z 10004898 f i LineDisplay.obj
 0001:000038c8       ?AtlComModuleGetClassObject@ATL@@YGJPAU_ATL_COM_MODULE70@1@ABU_GUID@@1PAPAX@Z 100048c8 f i LineDisplay.obj
 0001:000039bb       ?AtlComModuleRegisterServer@ATL@@YGJPAU_ATL_COM_MODULE70@1@HPBU_GUID@@@Z 100049bb f i LineDisplay.obj
 0001:00003a43       ?AtlComModuleUnregisterServer@ATL@@YGJPAU_ATL_COM_MODULE70@1@HPBU_GUID@@@Z 10004a43 f i LineDisplay.obj
 0001:00003acb       ?AtlComQIPtrAssign2@ATL@@YAXPAPAUIUnknown@@PAU2@ABU_GUID@@@Z 10004acb f i LineDisplay.obj
 0001:00003afa       ?AtlCreateTargetDC@ATL@@YGPAUHDC__@@PAU2@PAUtagDVTARGETDEVICE@@@Z 10004afa f i LineDisplay.obj
 0001:00003b63       ?AtlCrtErrorCheck@ATL@@YAHH@Z 10004b63 f i LineDisplay.obj
 0001:00003b9e       ?AtlHiMetricToPixel@ATL@@YGXPBUtagSIZE@@PAU2@@Z 10004b9e f i LineDisplay.obj
 0001:00003c13       ?AtlHresultFromLastError@ATL@@YAJXZ 10004c13 f i LineDisplay.obj
 0001:00003c2a       ?AtlHresultFromWin32@ATL@@YAJK@Z 10004c2a f i LineDisplay.obj
 0001:00003c3f       ?AtlInternalOleLoadFromStream@ATL@@YAJPAUIStream@@ABU_GUID@@PAPAXTClassesAllowedInStream@1@K@Z 10004c3f f i LineDisplay.obj
 0001:00003d5d       ?AtlInternalQueryInterface@ATL@@YGJPAXPBU_ATL_INTMAP_ENTRY@1@ABU_GUID@@PAPAX@Z 10004d5d f i LineDisplay.obj
 0001:00003e00       ?AtlLoadTypeLib@ATL@@YGJPAUHINSTANCE__@@PB_WPAPA_WPAPAUITypeLib@@@Z 10004e00 f i LineDisplay.obj
 0001:00003fde       ?AtlRegisterClassCategoriesHelper@ATL@@YGJABU_GUID@@PBU_ATL_CATMAP_ENTRY@1@H@Z 10004fde f i LineDisplay.obj
 0001:000042da       ?AtlRegisterTypeLib@ATL@@YGJPAUHINSTANCE__@@PB_W@Z 100052da f i LineDisplay.obj
 0001:00004462       ?AtlThrowImpl@ATL@@YGXJ@Z  10005462 f i LineDisplay.obj
 0001:00004480       ?AtlUnRegisterTypeLib@ATL@@YGJPAUHINSTANCE__@@PB_W@Z 10005480 f i LineDisplay.obj
 0001:0000452b       ?AtlWinModuleAddCreateWndData@ATL@@YGXPAU_ATL_WIN_MODULE70@1@PAU_AtlCreateWndData@1@PAX@Z 1000552b f i LineDisplay.obj
 0001:0000457f       ?AtlWinModuleExtractCreateWndData@ATL@@YGPAXPAU_ATL_WIN_MODULE70@1@@Z 1000557f f i LineDisplay.obj
 0001:000045e2       ?AtlWinModuleRegisterClassExW@ATL@@YGGPAU_ATL_WIN_MODULE70@1@PBUtagWNDCLASSEXW@@@Z 100055e2 f i LineDisplay.obj
 0001:00004621       ?CanForceRemoveKey@CRegParser@ATL@@IAEHPB_W@Z 10005621 f i LineDisplay.obj
 0001:00004650       ?ChToByte@CRegParser@ATL@@KAE_W@Z 10005650 f i LineDisplay.obj
 0001:00004683       ?Cleanup@CComTypeInfoHolder@ATL@@SGXK@Z 10005683 f i LineDisplay.obj
 0001:000046b6       ?ClearReplacements@CExpansionVector@ATL@@QAEJXZ 100056b6 f i LineDisplay.obj
 0001:000046f3       ?Close@CRegKey@ATL@@QAEJXZ 100056f3 f i LineDisplay.obj
 0001:0000470d       ?CreateInstance@?$CComCreator@V?$CComAggObject@VCOPOSLineDisplay@@@ATL@@@ATL@@SGJPAXABU_GUID@@PAPAX@Z 1000570d f i LineDisplay.obj
 0001:00004782       ?CreateInstance@?$CComCreator@V?$CComObject@VCOPOSLineDisplay@@@ATL@@@ATL@@SGJPAXABU_GUID@@PAPAX@Z 10005782 f i LineDisplay.obj
 0001:00004802       ?CreateInstance@?$CComObject@V?$CComEnum@UIEnumConnectionPoints@@$1?_GUID_b196b285_bab4_101a_b69c_00aa00341d07@@3U__s_GUID@@BPAUIConnectionPoint@@V?$_CopyInterface@UIConnectionPoint@@@ATL@@VCComSingleThreadModel@6@@ATL@@@ATL@@SGJPAPAV12@@Z 10005802 f i LineDisplay.obj
 0001:0000484c       ?CreateInstance@?$CComObject@V?$CComEnum@UIEnumConnections@@$1?_GUID_b196b287_bab4_101a_b69c_00aa00341d07@@3U__s_GUID@@BUtagCONNECTDATA@@V?$_Copy@UtagCONNECTDATA@@@ATL@@VCComSingleThreadModel@6@@ATL@@@ATL@@SGJPAPAV12@@Z 1000584c f i LineDisplay.obj
 0001:00004896       ?DefaultReflectionHandler@?$CWindowImplRoot@VCWindow@ATL@@@ATL@@SAHPAUHWND__@@IIJAAJ@Z 10005896 f i LineDisplay.obj
 0001:00004909       ?DeleteSubKey@CRegKey@ATL@@QAEJPB_W@Z 10005909 f i LineDisplay.obj
 0001:00004982       ?DoEvent@COPOSLineDisplay@@IAEXIIJ@Z 10005982 f i LineDisplay.obj
 0001:00004a02       ?DoVerbHide@?$IOleObjectImpl@VCOPOSLineDisplay@@@ATL@@QAEJPBUtagRECT@@PAUHWND__@@@Z 10005a02 f i LineDisplay.obj
 0001:00004a38       ?DoVerbInPlaceActivate@?$IOleObjectImpl@VCOPOSLineDisplay@@@ATL@@QAEJPBUtagRECT@@PAUHWND__@@@Z 10005a38 f i LineDisplay.obj
 0001:00004a6b       ?DoVerbPrimary@?$IOleObjectImpl@VCOPOSLineDisplay@@@ATL@@QAEJPBUtagRECT@@PAUHWND__@@@Z 10005a6b f i LineDisplay.obj
 0001:00004af7       ?DoVerbProperties@CComControlBase@ATL@@QAEJPBUtagRECT@@PAUHWND__@@@Z 10005af7 f i LineDisplay.obj
 0001:00004c76       ?DoVerbUIActivate@?$IOleObjectImpl@VCOPOSLineDisplay@@@ATL@@QAEJPBUtagRECT@@PAUHWND__@@@Z 10005c76 f i LineDisplay.obj
 0001:00004cb3       ?DoesVerbActivate@CComControlBase@ATL@@QAEHJ@Z 10005cb3 f i LineDisplay.obj
 0001:00004cd4       ?DoesVerbUIActivate@CComControlBase@ATL@@QAEHJ@Z 10005cd4 f i LineDisplay.obj
 0001:00004d09       ?EndOfVar@CRegParser@ATL@@IAEHXZ 10005d09 f i LineDisplay.obj
 0001:00004d29       ?EscapeSingleQuote@CAtlModule@ATL@@SAXPA_WIPB_W@Z 10005d29 f i LineDisplay.obj
 0001:00004d78       ?FindKey@?$CSimpleMap@PA_WPA_WVCExpansionVectorEqualHelper@ATL@@@ATL@@QBEHABQA_W@Z 10005d78 f i LineDisplay.obj
 0001:00004daf       ?FireTheEvent@?$CProxy_IOPOSEvents@VCOPOSLineDisplay@@@@IAEXPAVOposVariant@@IAAJPB_WJ@Z 10005daf f i LineDisplay.obj
 0001:00004e41       ?FireViewChange@CComControlBase@ATL@@QAEJXZ 10005e41 f i LineDisplay.obj
 0001:00004e8a       ?Fire_DirectIOEvent@?$CProxy_IOPOSEvents@VCOPOSLineDisplay@@@@QAEXJPAJPAPA_W@Z 10005e8a f i LineDisplay.obj
 0001:00004f76       ?Fire_StatusUpdateEvent@?$CProxy_IOPOSEvents@VCOPOSLineDisplay@@@@QAEXJ@Z 10005f76 f i LineDisplay.obj
 0001:0000500c       ?FreeHeap@?$CTempBuffer@_W$0BAA@VCCRTAllocator@ATL@@@ATL@@AAEXXZ 1000600c f i LineDisplay.obj
 0001:0000500c       ?FreeHeap@?$CTempBuffer@E$0BAA@VCCRTAllocator@ATL@@@ATL@@AAEXXZ 1000600c f i LineDisplay.obj
 0001:0000500c       ?FreeHeap@?$CTempBuffer@_W$0EAA@VCCRTAllocator@ATL@@@ATL@@AAEXXZ 1000600c f i LineDisplay.obj
 0001:00005015       ?GetAmbientLocaleID@CComControlBase@ATL@@QAEJAAK@Z 10006015 f i LineDisplay.obj
 0001:00005071       ?GetAmbientUserMode@CComControlBase@ATL@@QAEJAAH@Z 10006071 f i LineDisplay.obj
 0001:000050e1       ?GetAt@CComDynamicUnkArray@ATL@@QAEPAUIUnknown@@H@Z 100060e1 f i LineDisplay.obj
 0001:000050fd       ?GetClassObject@CComModule@ATL@@QAEJABU_GUID@@0PAPAX@Z 100060fd f i LineDisplay.obj
 0001:0000519f       ?GetConnMap@COPOSLineDisplay@@SAPBU_ATL_CONNMAP_ENTRY@ATL@@PAH@Z 1000619f f i LineDisplay.obj
 0001:0000520f       ?GetCookie@CComDynamicUnkArray@ATL@@QAGKPAPAUIUnknown@@@Z 1000620f f i LineDisplay.obj
 0001:00005247       ?GetIDsOfNames@CComTypeInfoHolder@ATL@@QAEJABU_GUID@@PAPA_WIKPAJ@Z 10006247 f i LineDisplay.obj
 0001:0000536e       ?GetKeyAt@?$CSimpleMap@PA_WPA_WVCExpansionVectorEqualHelper@ATL@@@ATL@@QBEAAPA_WH@Z 1000636e f i LineDisplay.obj
 0001:00005393       ?GetPagesHelper@?$ISpecifyPropertyPagesImpl@VCOPOSLineDisplay@@@ATL@@IAEJPAUtagCAUUID@@PBUATL_PROPMAP_ENTRY@2@@Z 10006393 f i LineDisplay.obj
 0001:000054ba       ?GetProperty@?$CComPtr@UIDispatch@@@ATL@@SAJPAUIDispatch@@JPAUtagVARIANT@@@Z 100064ba f i LineDisplay.obj
 0001:00005509       ?GetSizeMax@CComVariant@ATL@@QBEJPAT_ULARGE_INTEGER@@@Z 10006509 f i LineDisplay.obj
 0001:000056cb       ?GetTI@CComTypeInfoHolder@ATL@@QAEJK@Z 100066cb f i LineDisplay.obj
 0001:000058aa       ?GetTI@CComTypeInfoHolder@ATL@@QAEJKPAPAUITypeInfo@@@Z 100068aa f i LineDisplay.obj
 0001:000058ec       ?GetUnknown@CComDynamicUnkArray@ATL@@QAGPAUIUnknown@@K@Z 100068ec f i LineDisplay.obj
 0001:0000590d       ?GetValueAt@?$CSimpleMap@PA_WPA_WVCExpansionVectorEqualHelper@ATL@@@ATL@@QBEAAPA_WH@Z 1000690d f i LineDisplay.obj
 0001:00005933       ?GetZoomInfo@CComControlBase@ATL@@QAEXAAUATL_DRAWINFO@@@Z 10006933 f i LineDisplay.obj
 0001:000059c6       ?HKeyFromString@CRegParser@ATL@@KAPAUHKEY__@@PA_W@Z 100069c6 f i LineDisplay.obj
 0001:000059f4       ?HasSubKeys@CRegParser@ATL@@IAEHPAUHKEY__@@@Z 100069f4 f i LineDisplay.obj
 0001:00005a29       ?IDataObject_GetData@CComControlBase@ATL@@QAEJPAUtagFORMATETC@@PAUtagSTGMEDIUM@@@Z 10006a29 f i LineDisplay.obj
 0001:00005bcf       ?IOleInPlaceObject_InPlaceDeactivate@CComControlBase@ATL@@QAEJXZ 10006bcf f i LineDisplay.obj
 0001:00005c56       ?IOleInPlaceObject_SetObjectRects@CComControlBase@ATL@@QAEJPBUtagRECT@@0@Z 10006c56 f i LineDisplay.obj
 0001:00005d23       ?IOleInPlaceObject_UIDeactivate@CComControlBase@ATL@@QAEJXZ 10006d23 f i LineDisplay.obj
 0001:00005de5       ?IOleObject_Advise@CComControlBase@ATL@@QAEJPAUIAdviseSink@@PAK@Z 10006de5 f i LineDisplay.obj
 0001:00005e0f       ?IOleObject_Close@CComControlBase@ATL@@QAEJK@Z 10006e0f f i LineDisplay.obj
 0001:00005ef3       ?IOleObject_GetClientSite@CComControlBase@ATL@@QAEJPAPAUIOleClientSite@@@Z 10006ef3 f i LineDisplay.obj
 0001:00005f1c       ?IOleObject_SetClientSite@CComControlBase@ATL@@QAEJPAUIOleClientSite@@@Z 10006f1c f i LineDisplay.obj
 0001:00005f5b       ?IOleObject_SetExtent@CComControlBase@ATL@@QAEJKPAUtagSIZE@@@Z 10006f5b f i LineDisplay.obj
 0001:0000600d       ?IPSI_GetIPersistStreamInit@?$IPersistStorageImpl@VCOPOSLineDisplay@@@ATL@@AAEPAUIPersistStreamInit@@XZ 1000700d f i LineDisplay.obj
 0001:000060b5       ?IPersistStreamInit_Load@?$IPersistStreamInitImpl@VCOPOSLineDisplay@@@ATL@@QAEJPAUIStream@@PBUATL_PROPMAP_ENTRY@2@@Z 100070b5 f i LineDisplay.obj
 0001:0000632a       ?IPersistStreamInit_Save@?$IPersistStreamInitImpl@VCOPOSLineDisplay@@@ATL@@QAEJPAUIStream@@HPBUATL_PROPMAP_ENTRY@2@@Z 1000732a f i LineDisplay.obj
 0001:00006518       ?IQuickActivate_QuickActivate@CComControlBase@ATL@@QAEJPAUtagQACONTAINER@@PAUtagQACONTROL@@@Z 10007518 f i LineDisplay.obj
 0001:0000675a       ?IViewObject_Draw@CComControlBase@ATL@@QAEJKJPAXPAUtagDVTARGETDEVICE@@PAUHDC__@@2PBU_RECTL@@3@Z 1000775a f i LineDisplay.obj
 0001:00006802       ?InPlaceActivate@CComControlBase@ATL@@QAEJJPBUtagRECT@@@Z 10007802 f i LineDisplay.obj
 0001:00006a73       ?Init@?$CComEnumImpl@UIEnumConnectionPoints@@$1?_GUID_b196b285_bab4_101a_b69c_00aa00341d07@@3U__s_GUID@@BPAUIConnectionPoint@@V?$_CopyInterface@UIConnectionPoint@@@ATL@@@ATL@@QAEJPAPAUIConnectionPoint@@0PAUIUnknown@@W4CComEnumFlags@2@@Z 10007a73 f i LineDisplay.obj
 0001:00006b52       ?Init@?$CComEnumImpl@UIEnumConnections@@$1?_GUID_b196b287_bab4_101a_b69c_00aa00341d07@@3U__s_GUID@@BUtagCONNECTDATA@@V?$_Copy@UtagCONNECTDATA@@@ATL@@@ATL@@QAEJPAUtagCONNECTDATA@@0PAUIUnknown@@W4CComEnumFlags@2@@Z 10007b52 f i LineDisplay.obj
 0001:00006c31       ?Init@CComModule@ATL@@QAEJPAU_ATL_OBJMAP_ENTRY30@2@PAUHINSTANCE__@@PBU_GUID@@@Z 10007c31 f i LineDisplay.obj
 0001:00006c90       ?Init@CDynamicStdCallThunk2@ATL@@QAEHKPAX@Z 10007c90 f i LineDisplay.obj
 0001:00006cbb       ?InlineIsEqualUnknown@ATL@@YGHABU_GUID@@@Z 10007cbb f i LineDisplay.obj
 0001:00006ce3       ?InternalSetAtIndex@?$CSimpleMap@PA_WPA_WVCExpansionVectorEqualHelper@ATL@@@ATL@@QAEXHABQA_W0@Z 10007ce3 f i LineDisplay.obj
 0001:00006d0d       ?Invoke@CComTypeInfoHolder@ATL@@QAEJPAUIDispatch@@JABU_GUID@@KGPAUtagDISPPARAMS@@PAUtagVARIANT@@PAUtagEXCEPINFO@@PAI@Z 10007d0d f i LineDisplay.obj
 0001:00006d50       ?IsEqualObject@?$CComPtrBase@UITypeInfo@@@ATL@@QAE_NPAUIUnknown@@@Z 10007d50 f i LineDisplay.obj
 0001:00006d50       ?IsEqualObject@?$CComPtrBase@UIOleClientSite@@@ATL@@QAE_NPAUIUnknown@@@Z 10007d50 f i LineDisplay.obj
 0001:00006dbd       ?IsSpace@CRegParser@ATL@@IAEH_W@Z 10007dbd f i LineDisplay.obj
 0001:00006de7       ?LoadNameCache@CComTypeInfoHolder@ATL@@QAEJPAUITypeInfo@@@Z 10007de7 f i LineDisplay.obj
 0001:00006f1c       ?Lookup@?$CSimpleMap@PA_WPA_WVCExpansionVectorEqualHelper@ATL@@@ATL@@QBEPA_WABQA_W@Z 10007f1c f i LineDisplay.obj
 0001:00006f42       ?NextToken@CRegParser@ATL@@IAEJPA_W@Z 10007f42 f i LineDisplay.obj
 0001:0000707a       ?OnKillFocus@CComControlBase@ATL@@QAEJIIJAAH@Z 1000807a f i LineDisplay.obj
 0001:000070d5       ?OnMouseActivate@CComControlBase@ATL@@QAEJIIJAAH@Z 100080d5 f i LineDisplay.obj
 0001:00007143       ?OnPaint@CComControlBase@ATL@@QAEJIIJAAH@Z 10008143 f i LineDisplay.obj
 0001:000071f5       ?OnSetFocus@CComControlBase@ATL@@QAEJIIJAAH@Z 100081f5 f i LineDisplay.obj
 0001:0000727e       ?Open@CRegKey@ATL@@QAEJPAUHKEY__@@PB_WK@Z 1000827e f i LineDisplay.obj
 0001:000072d3       ?PreProcessBuffer@CRegParser@ATL@@QAEJPA_WPAPA_W@Z 100082d3 f i LineDisplay.obj
 0001:00007542       ?ProcessWindowMessage@?$CComControl@VCOPOSLineDisplay@@V?$CWindowImpl@VCOPOSLineDisplay@@VCWindow@ATL@@V?$CWinTraits@$0FGAAAAAA@$0A@@3@@ATL@@@ATL@@UAEHPAUHWND__@@IIJAAJK@Z 10008542 f i LineDisplay.obj
 0001:000075e1       ?ReadFromStream@CComBSTR@ATL@@QAEJPAUIStream@@@Z 100085e1 f i LineDisplay.obj
 0001:00007704       ?ReadFromStream@CComVariant@ATL@@QAEJPAUIStream@@GTClassesAllowedInStream@2@K@Z 10008704 f i LineDisplay.obj
 0001:0000788e       ?RecurseDeleteKey@CRegKey@ATL@@QAEJPB_W@Z 1000888e f i LineDisplay.obj
 0001:0000797c       ?RegCreateKeyExW@CAtlTransactionManager@ATL@@QAEJPAUHKEY__@@PB_WKPA_WKKQAU_SECURITY_ATTRIBUTES@@PAPAU3@PAK@Z 1000897c f i LineDisplay.obj
 0001:000079df       ?RegDeleteKeyW@CAtlTransactionManager@ATL@@QAEJPAUHKEY__@@PB_W@Z 100089df f i LineDisplay.obj
 0001:00007a31       ?RegOpenKeyExW@CAtlTransactionManager@ATL@@QAEJPAUHKEY__@@PB_WKKPAPAU3@@Z 10008a31 f i LineDisplay.obj
 0001:00007a88       ?Register@_ATL_WNDCLASSINFOW@ATL@@QAEGPAP6GJPAUHWND__@@IIJ@Z@Z 10008a88 f i LineDisplay.obj
 0001:00007aa8       ?RegisterBuffer@CRegParser@ATL@@QAEJPA_WH@Z 10008aa8 f i LineDisplay.obj
 0001:00007bef       ?RegisterFromResource@CRegObject@ATL@@IAEJPB_W00H@Z 10008bef f i LineDisplay.obj
 0001:00007d25       ?RegisterServer@?$CAtlModuleT@VCComModule@ATL@@@ATL@@QAEJHPBU_GUID@@@Z 10008d25 f i LineDisplay.obj
 0001:00007d53       ?RegisterServer@CComModule@ATL@@QAEJHPBU_GUID@@@Z 10008d53 f i LineDisplay.obj
 0001:00007dc9       ?RegisterSubkeys@CRegParser@ATL@@IAEJPA_WPAUHKEY__@@HH@Z 10008dc9 f i LineDisplay.obj
 0001:00008476       ?Remove@CComDynamicUnkArray@ATL@@QAEHK@Z 10009476 f i LineDisplay.obj
 0001:0000849f       ?RemoveAll@?$CSimpleMap@PA_WPA_WVCExpansionVectorEqualHelper@ATL@@@ATL@@QAEXXZ 1000949f f i LineDisplay.obj
 0001:000084cb       ?ResourceRegisterSz@CRegObject@ATL@@QAGJPB_W00@Z 100094cb f i LineDisplay.obj
 0001:000084f8       ?ResourceUnregisterSz@CRegObject@ATL@@QAGJPB_W00@Z 100094f8 f i LineDisplay.obj
 0001:00008525       ?SendOnDataChange@CComControlBase@ATL@@QAEJK@Z 10009525 f i LineDisplay.obj
 0001:00008572       ?SetControlFocus@CComControlBase@ATL@@QAEHH@Z 10009572 f i LineDisplay.obj
 0001:0000860f       ?SetMultiStringValue@CRegKey@ATL@@QAEJPB_W0@Z 1000960f f i LineDisplay.obj
 0001:0000866b       ?SetStringValue@CRegKey@ATL@@QAEJPB_W0K@Z 1000966b f i LineDisplay.obj
 0001:000086b4       ?SkipAssignment@CRegParser@ATL@@IAEJPA_W@Z 100096b4 f i LineDisplay.obj
 0001:00008719       ?SkipWhiteSpace@CRegParser@ATL@@IAEXXZ 10009719 f i LineDisplay.obj
 0001:0000873b       ?StrChrW@CRegParser@ATL@@KAPA_WPA_W_W@Z 1000973b f i LineDisplay.obj
 0001:00008778       ?Term@CAtlModule@ATL@@QAEXXZ 10009778 f i LineDisplay.obj
 0001:000087cb       ?Term@CComModule@ATL@@QAEXXZ 100097cb f i LineDisplay.obj
 0001:00008823       ?UnregisterServer@?$CAtlModuleT@VCComModule@ATL@@@ATL@@QAEJHPBU_GUID@@@Z 10009823 f i LineDisplay.obj
 0001:00008849       ?UnregisterServer@CComModule@ATL@@QAEJHPBU_GUID@@@Z 10009849 f i LineDisplay.obj
 0001:000088bf       ?UpdateRegistryFromResource@CAtlModule@ATL@@QAGJIHPAU_ATL_REGMAP_ENTRY@2@@Z 100098bf f i LineDisplay.obj
 0001:00008a8a       ?UpdateRegistryFromResource@CAtlModule@ATL@@QAGJPB_WHPAU_ATL_REGMAP_ENTRY@2@@Z 10009a8a f i LineDisplay.obj
 0001:00008c5b       ?VTFromRegType@CRegParser@ATL@@KAHPB_WAAG@Z 10009c5b f i LineDisplay.obj
 0001:00008cc8       ?WindowProc@?$CWindowImplBaseT@VCWindow@ATL@@V?$CWinTraits@$0FGAAAAAA@$0A@@2@@ATL@@SGJPAUHWND__@@IIJ@Z 10009cc8 f i LineDisplay.obj
 0001:00008dba       ?WriteToStream@CComBSTR@ATL@@QAEJPAUIStream@@@Z 10009dba f i LineDisplay.obj
 0001:00008e1c       ?WriteToStream@CComVariant@ATL@@QAEJPAUIStream@@@Z 10009e1c f i LineDisplay.obj
 0001:00008f96       ?WriteToStream@CComVariant@ATL@@QAEJPAUIStream@@G@Z 10009f96 f i LineDisplay.obj
 0001:00008fff       ?_AtlInitialConstruct@?$CComObjectRootEx@VCComMultiThreadModel@ATL@@@ATL@@QAEJXZ 10009fff f i LineDisplay.obj
 0001:00009014       ?_AtlVerifyStackAvailable@_ATL_SAFE_ALLOCA_IMPL@ATL@@YA_NK@Z 1000a014 f i LineDisplay.obj
 0001:00009092       ?atlCreate@?$CWindowImpl@VCOPOSLineDisplay@@VCWindow@ATL@@V?$CWinTraits@$0FGAAAAAA@$0A@@3@@ATL@@QAEPAUHWND__@@PAU3@V_U_RECT@2@PB_WKKV_U_MENUorID@2@PAX@Z 1000a092 f i LineDisplay.obj
 0001:000090d6       ?atlCreate@?$CWindowImplBaseT@VCWindow@ATL@@V?$CWinTraits@$0FGAAAAAA@$0A@@2@@ATL@@QAEPAUHWND__@@PAU3@V_U_RECT@2@PB_WKKV_U_MENUorID@2@GPAX@Z 1000a0d6 f i LineDisplay.obj
 0001:00009172       ?copy@?$_Copy@UtagCONNECTDATA@@@ATL@@SAJPAUtagCONNECTDATA@@PBU3@@Z 1000a172 f i LineDisplay.obj
 0001:000091a8       ?copy@?$_CopyInterface@UIConnectionPoint@@@ATL@@SAJPAPAUIConnectionPoint@@PBQAU3@@Z 1000a1a8 f i LineDisplay.obj
 0001:000091d6       ?memcpy_s@Checked@ATL@@YAXPAXIPBXI@Z 1000a1d6 f i LineDisplay.obj
 0001:000091f5       ?ocscpy_s@@YA_NPA_WIPB_W@Z 1000a1f5 f i LineDisplay.obj
 0001:0000923f       ?wcscpy_s@Checked@ATL@@YAXPA_WIPB_W@Z 1000a23f f i LineDisplay.obj
 0001:0000925b       _DllCanUnloadNow@0         1000a25b f   LineDisplay.obj
 0001:00009267       _DllGetClassObject@12      1000a267 f   LineDisplay.obj
 0001:00009275       _DllMain@12                1000a275 f   LineDisplay.obj
 0001:000092b7       _DllRegisterServer@0       1000a2b7 f   LineDisplay.obj
 0001:000092c6       _DllUnregisterServer@0     1000a2c6 f   LineDisplay.obj
 0001:000092d5       _InlineIsEqualGUID         1000a2d5 f i LineDisplay.obj
 0001:00009305       ___local_stdio_printf_options 1000a305 f i LineDisplay.obj
 0001:0000930b       __vswprintf_s_l            1000a30b f i LineDisplay.obj
 0001:000093b8       _swprintf_s                1000a3b8 f i LineDisplay.obj
 0001:000093d4       ??0?$CComControl@VCOPOSLineDisplay@@V?$CWindowImpl@VCOPOSLineDisplay@@VCWindow@ATL@@V?$CWinTraits@$0FGAAAAAA@$0A@@3@@ATL@@@ATL@@QAE@XZ 1000a3d4 f i LineDisplayImpl.obj
 0001:000093fb       ??0CComControlBase@ATL@@QAE@AAPAUHWND__@@@Z 1000a3fb f i LineDisplayImpl.obj
 0001:0000944b       ??0COPOSLineDisplay@@QAE@XZ 1000a44b f   LineDisplayImpl.obj
 0001:0000949a       ??1?$CComControl@VCOPOSLineDisplay@@V?$CWindowImpl@VCOPOSLineDisplay@@VCWindow@ATL@@V?$CWinTraits@$0FGAAAAAA@$0A@@3@@ATL@@@ATL@@UAE@XZ 1000a49a f i LineDisplayImpl.obj
 0001:000094b3       ??1?$IConnectionPointImpl@VCOPOSLineDisplay@@$1?IID_IPropertyNotifySink@@3U_GUID@@BVCComDynamicUnkArray@ATL@@@ATL@@QAE@XZ 1000a4b3 f i LineDisplayImpl.obj
 0001:000094b3       ??1?$IConnectionPointImpl@VCOPOSLineDisplay@@$1?DIID__IOPOSLineDisplayEvents@@3U_GUID@@BVCComDynamicUnkArray@ATL@@@ATL@@QAE@XZ 1000a4b3 f i LineDisplayImpl.obj
 0001:000094f0       ??1CComControlBase@ATL@@UAE@XZ 1000a4f0 f i LineDisplayImpl.obj
 0001:00009553       ??1COPOSLineDisplay@@UAE@XZ 1000a553 f   LineDisplayImpl.obj
 0001:0000959b       ?CheckHealth@COPOSLineDisplay@@UAGJJPAJ@Z 1000a59b f   LineDisplayImpl.obj
 0001:000095ea       ?ClaimDevice@COPOSLineDisplay@@UAGJJPAJ@Z 1000a5ea f   LineDisplayImpl.obj
 0001:0000965f       ?ClearDescriptors@COPOSLineDisplay@@UAGJPAJ@Z 1000a65f f   LineDisplayImpl.obj
 0001:0000967a       ?ClearText@COPOSLineDisplay@@UAGJPAJ@Z 1000a67a f   LineDisplayImpl.obj
 0001:00009695       ?Close@COPOSLineDisplay@@UAGJPAJ@Z 1000a695 f   LineDisplayImpl.obj
 0001:00009703       ?CompareFirmwareVersion@COPOSLineDisplay@@UAGJPA_WPAJ1@Z 1000a703 f   LineDisplayImpl.obj
 0001:00009783       ?CreateWindow@COPOSLineDisplay@@UAGJJJJJJJPAJ@Z 1000a783 f   LineDisplayImpl.obj
 0001:00009846       ?DefineGlyph@COPOSLineDisplay@@UAGJJPA_WPAJ@Z 1000a846 f   LineDisplayImpl.obj
 0001:000098c2       ?DestroyWindow@COPOSLineDisplay@@UAGJPAJ@Z 1000a8c2 f   LineDisplayImpl.obj
 0001:000098dd       ?DirectIO@COPOSLineDisplay@@UAGJJPAJPAPA_W0@Z 1000a8dd f   LineDisplayImpl.obj
 0001:0000998b       ?DisplayBitmap@COPOSLineDisplay@@UAGJPA_WJJJPAJ@Z 1000a98b f   LineDisplayImpl.obj
 0001:00009a3a       ?DisplayText@COPOSLineDisplay@@UAGJPA_WJPAJ@Z 1000aa3a f   LineDisplayImpl.obj
 0001:00009ab6       ?DisplayTextAt@COPOSLineDisplay@@UAGJJJPA_WJPAJ@Z 1000aab6 f   LineDisplayImpl.obj
 0001:00009b65       ?DoInvoke@COPOSLineDisplay@@IAEJJPAVOposVariant@@IHPAJ_N@Z 1000ab65 f   LineDisplayImpl.obj
 0001:00009c41       ?EventClose@COPOSLineDisplay@@IAEXXZ 1000ac41 f i LineDisplayImpl.obj
 0001:00009c74       ?EventInit@COPOSLineDisplay@@IAEJXZ 1000ac74 f i LineDisplayImpl.obj
 0001:00009d40       ?EventUninit@COPOSLineDisplay@@IAEXXZ 1000ad40 f i LineDisplayImpl.obj
 0001:00009d92       ?EventWindowProc@COPOSLineDisplay@@IAGJIIJ@Z 1000ad92 f i LineDisplayImpl.obj
 0001:00009e09       ?FinalConstruct@COPOSLineDisplay@@QAEJXZ 1000ae09 f   LineDisplayImpl.obj
 0001:00009e42       ?FireEventCleanup@COPOSLineDisplay@@IAEXXZ 1000ae42 f i LineDisplayImpl.obj
 0001:00009e58       ?FireEventSetup@COPOSLineDisplay@@IAE_NXZ 1000ae58 f i LineDisplayImpl.obj
 0001:00009e8c       ?FreezeEvents@COPOSLineDisplay@@MAGJH@Z 1000ae8c f   LineDisplayImpl.obj
 0001:00009edd       ?GetOposProp@COPOSLineDisplay@@IAEJJPAFJ@Z 1000aedd f   LineDisplayImpl.obj
 0001:00009f00       ?GetOposProp@COPOSLineDisplay@@IAEJJPAJJ@Z 1000af00 f   LineDisplayImpl.obj
 0001:00009fcf       ?GetOposProp@COPOSLineDisplay@@IAEJJPAPA_WJ@Z 1000afcf f   LineDisplayImpl.obj
 0001:0000a0ab       ?OnDraw@COPOSLineDisplay@@MAEJAAUATL_DRAWINFO@@@Z 1000b0ab f   LineDisplayImpl.obj
 0001:0000a14b       ?Open@COPOSLineDisplay@@UAGJPA_WPAJ@Z 1000b14b f   LineDisplayImpl.obj
 0001:0000a98b       ?ReadCharacterAtCursor@COPOSLineDisplay@@UAGJPAJ0@Z 1000b98b f   LineDisplayImpl.obj
 0001:0000a9e2       ?RefreshWindow@COPOSLineDisplay@@UAGJJPAJ@Z 1000b9e2 f   LineDisplayImpl.obj
 0001:0000aa31       ?ReleaseDevice@COPOSLineDisplay@@UAGJPAJ@Z 1000ba31 f   LineDisplayImpl.obj
 0001:0000aa80       ?ResetStatistics@COPOSLineDisplay@@UAGJPA_WPAJ@Z 1000ba80 f   LineDisplayImpl.obj
 0001:0000aad7       ?RetrieveStatistics@COPOSLineDisplay@@UAGJPAPA_WPAJ@Z 1000bad7 f   LineDisplayImpl.obj
 0001:0000ab2e       ?SOProcessID@COPOSLineDisplay@@UAGJPAJ@Z 1000bb2e f   LineDisplayImpl.obj
 0001:0000ab42       ?ScrollText@COPOSLineDisplay@@UAGJJJPAJ@Z 1000bb42 f   LineDisplayImpl.obj
 0001:0000abb6       ?SetBitmap@COPOSLineDisplay@@UAGJJPA_WJJJPAJ@Z 1000bbb6 f   LineDisplayImpl.obj
 0001:0000ac79       ?SetCOFreezeEvents@COPOSLineDisplay@@IAEXF@Z 1000bc79 f   LineDisplayImpl.obj
 0001:0000ad19       ?SetDescriptor@COPOSLineDisplay@@UAGJJJPAJ@Z 1000bd19 f   LineDisplayImpl.obj
 0001:0000ad8d       ?SetOposProp@COPOSLineDisplay@@IAEJJJJ@Z 1000bd8d f   LineDisplayImpl.obj
 0001:0000ae84       ?UpdateFirmware@COPOSLineDisplay@@UAGJPA_WPAJ@Z 1000be84 f   LineDisplayImpl.obj
 0001:0000aedb       ?UpdateStatistics@COPOSLineDisplay@@UAGJPA_WPAJ@Z 1000bedb f   LineDisplayImpl.obj
 0001:0000af32       ?get_BinaryConversion@COPOSLineDisplay@@UAGJPAJ@Z 1000bf32 f   LineDisplayImpl.obj
 0001:0000af48       ?get_BlinkRate@COPOSLineDisplay@@UAGJPAJ@Z 1000bf48 f   LineDisplayImpl.obj
 0001:0000af61       ?get_CapBitmap@COPOSLineDisplay@@UAGJPAF@Z 1000bf61 f   LineDisplayImpl.obj
 0001:0000af7a       ?get_CapBlink@COPOSLineDisplay@@UAGJPAJ@Z 1000bf7a f   LineDisplayImpl.obj
 0001:0000af93       ?get_CapBlinkRate@COPOSLineDisplay@@UAGJPAF@Z 1000bf93 f   LineDisplayImpl.obj
 0001:0000afac       ?get_CapBrightness@COPOSLineDisplay@@UAGJPAF@Z 1000bfac f   LineDisplayImpl.obj
 0001:0000afc5       ?get_CapCharacterSet@COPOSLineDisplay@@UAGJPAJ@Z 1000bfc5 f   LineDisplayImpl.obj
 0001:0000afde       ?get_CapCompareFirmwareVersion@COPOSLineDisplay@@UAGJPAF@Z 1000bfde f   LineDisplayImpl.obj
 0001:0000aff7       ?get_CapCursorType@COPOSLineDisplay@@UAGJPAJ@Z 1000bff7 f   LineDisplayImpl.obj
 0001:0000b010       ?get_CapCustomGlyph@COPOSLineDisplay@@UAGJPAF@Z 1000c010 f   LineDisplayImpl.obj
 0001:0000b029       ?get_CapDescriptors@COPOSLineDisplay@@UAGJPAF@Z 1000c029 f   LineDisplayImpl.obj
 0001:0000b042       ?get_CapHMarquee@COPOSLineDisplay@@UAGJPAF@Z 1000c042 f   LineDisplayImpl.obj
 0001:0000b05b       ?get_CapICharWait@COPOSLineDisplay@@UAGJPAF@Z 1000c05b f   LineDisplayImpl.obj
 0001:0000b074       ?get_CapMapCharacterSet@COPOSLineDisplay@@UAGJPAF@Z 1000c074 f   LineDisplayImpl.obj
 0001:0000b08d       ?get_CapPowerReporting@COPOSLineDisplay@@UAGJPAJ@Z 1000c08d f   LineDisplayImpl.obj
 0001:0000b0a6       ?get_CapReadBack@COPOSLineDisplay@@UAGJPAJ@Z 1000c0a6 f   LineDisplayImpl.obj
 0001:0000b0bf       ?get_CapReverse@COPOSLineDisplay@@UAGJPAJ@Z 1000c0bf f   LineDisplayImpl.obj
 0001:0000b0d8       ?get_CapScreenMode@COPOSLineDisplay@@UAGJPAF@Z 1000c0d8 f   LineDisplayImpl.obj
 0001:0000b0f1       ?get_CapStatisticsReporting@COPOSLineDisplay@@UAGJPAF@Z 1000c0f1 f   LineDisplayImpl.obj
 0001:0000b10a       ?get_CapUpdateFirmware@COPOSLineDisplay@@UAGJPAF@Z 1000c10a f   LineDisplayImpl.obj
 0001:0000b123       ?get_CapUpdateStatistics@COPOSLineDisplay@@UAGJPAF@Z 1000c123 f   LineDisplayImpl.obj
 0001:0000b13c       ?get_CapVMarquee@COPOSLineDisplay@@UAGJPAF@Z 1000c13c f   LineDisplayImpl.obj
 0001:0000b155       ?get_CharacterSet@COPOSLineDisplay@@UAGJPAJ@Z 1000c155 f   LineDisplayImpl.obj
 0001:0000b16e       ?get_CharacterSetList@COPOSLineDisplay@@UAGJPAPA_W@Z 1000c16e f   LineDisplayImpl.obj
 0001:0000b187       ?get_CheckHealthText@COPOSLineDisplay@@UAGJPAPA_W@Z 1000c187 f   LineDisplayImpl.obj
 0001:0000b1a0       ?get_Claimed@COPOSLineDisplay@@UAGJPAF@Z 1000c1a0 f   LineDisplayImpl.obj
 0001:0000b1b6       ?get_Columns@COPOSLineDisplay@@UAGJPAJ@Z 1000c1b6 f   LineDisplayImpl.obj
 0001:0000b1cf       ?get_ControlObjectDescription@COPOSLineDisplay@@UAGJPAPA_W@Z 1000c1cf f   LineDisplayImpl.obj
 0001:0000b21d       ?get_ControlObjectVersion@COPOSLineDisplay@@UAGJPAJ@Z 1000c21d f   LineDisplayImpl.obj
 0001:0000b230       ?get_CurrentWindow@COPOSLineDisplay@@UAGJPAJ@Z 1000c230 f   LineDisplayImpl.obj
 0001:0000b249       ?get_CursorColumn@COPOSLineDisplay@@UAGJPAJ@Z 1000c249 f   LineDisplayImpl.obj
 0001:0000b262       ?get_CursorRow@COPOSLineDisplay@@UAGJPAJ@Z 1000c262 f   LineDisplayImpl.obj
 0001:0000b27b       ?get_CursorType@COPOSLineDisplay@@UAGJPAJ@Z 1000c27b f   LineDisplayImpl.obj
 0001:0000b294       ?get_CursorUpdate@COPOSLineDisplay@@UAGJPAF@Z 1000c294 f   LineDisplayImpl.obj
 0001:0000b2ad       ?get_CustomGlyphList@COPOSLineDisplay@@UAGJPAPA_W@Z 1000c2ad f   LineDisplayImpl.obj
 0001:0000b2c6       ?get_DeviceBrightness@COPOSLineDisplay@@UAGJPAJ@Z 1000c2c6 f   LineDisplayImpl.obj
 0001:0000b2df       ?get_DeviceColumns@COPOSLineDisplay@@UAGJPAJ@Z 1000c2df f   LineDisplayImpl.obj
 0001:0000b2f8       ?get_DeviceDescription@COPOSLineDisplay@@UAGJPAPA_W@Z 1000c2f8 f   LineDisplayImpl.obj
 0001:0000b311       ?get_DeviceDescriptors@COPOSLineDisplay@@UAGJPAJ@Z 1000c311 f   LineDisplayImpl.obj
 0001:0000b32a       ?get_DeviceEnabled@COPOSLineDisplay@@UAGJPAF@Z 1000c32a f   LineDisplayImpl.obj
 0001:0000b340       ?get_DeviceName@COPOSLineDisplay@@UAGJPAPA_W@Z 1000c340 f   LineDisplayImpl.obj
 0001:0000b359       ?get_DeviceRows@COPOSLineDisplay@@UAGJPAJ@Z 1000c359 f   LineDisplayImpl.obj
 0001:0000b372       ?get_DeviceWindows@COPOSLineDisplay@@UAGJPAJ@Z 1000c372 f   LineDisplayImpl.obj
 0001:0000b38b       ?get_FreezeEvents@COPOSLineDisplay@@UAGJPAF@Z 1000c38b f   LineDisplayImpl.obj
 0001:0000b3a1       ?get_GlyphHeight@COPOSLineDisplay@@UAGJPAJ@Z 1000c3a1 f   LineDisplayImpl.obj
 0001:0000b3ba       ?get_GlyphWidth@COPOSLineDisplay@@UAGJPAJ@Z 1000c3ba f   LineDisplayImpl.obj
 0001:0000b3d3       ?get_InterCharacterWait@COPOSLineDisplay@@UAGJPAJ@Z 1000c3d3 f   LineDisplayImpl.obj
 0001:0000b3ec       ?get_MapCharacterSet@COPOSLineDisplay@@UAGJPAF@Z 1000c3ec f   LineDisplayImpl.obj
 0001:0000b405       ?get_MarqueeFormat@COPOSLineDisplay@@UAGJPAJ@Z 1000c405 f   LineDisplayImpl.obj
 0001:0000b41e       ?get_MarqueeRepeatWait@COPOSLineDisplay@@UAGJPAJ@Z 1000c41e f   LineDisplayImpl.obj
 0001:0000b437       ?get_MarqueeType@COPOSLineDisplay@@UAGJPAJ@Z 1000c437 f   LineDisplayImpl.obj
 0001:0000b450       ?get_MarqueeUnitWait@COPOSLineDisplay@@UAGJPAJ@Z 1000c450 f   LineDisplayImpl.obj
 0001:0000b469       ?get_MaximumX@COPOSLineDisplay@@UAGJPAJ@Z 1000c469 f   LineDisplayImpl.obj
 0001:0000b482       ?get_MaximumY@COPOSLineDisplay@@UAGJPAJ@Z 1000c482 f   LineDisplayImpl.obj
 0001:0000b49b       ?get_OpenResult@COPOSLineDisplay@@UAGJPAJ@Z 1000c49b f   LineDisplayImpl.obj
 0001:0000b4b2       ?get_PowerNotify@COPOSLineDisplay@@UAGJPAJ@Z 1000c4b2 f   LineDisplayImpl.obj
 0001:0000b4c8       ?get_PowerState@COPOSLineDisplay@@UAGJPAJ@Z 1000c4c8 f   LineDisplayImpl.obj
 0001:0000b4de       ?get_ResultCode@COPOSLineDisplay@@UAGJPAJ@Z 1000c4de f   LineDisplayImpl.obj
 0001:0000b51c       ?get_ResultCodeExtended@COPOSLineDisplay@@UAGJPAJ@Z 1000c51c f   LineDisplayImpl.obj
 0001:0000b532       ?get_Rows@COPOSLineDisplay@@UAGJPAJ@Z 1000c532 f   LineDisplayImpl.obj
 0001:0000b54b       ?get_ScreenMode@COPOSLineDisplay@@UAGJPAJ@Z 1000c54b f   LineDisplayImpl.obj
 0001:0000b564       ?get_ScreenModeList@COPOSLineDisplay@@UAGJPAPA_W@Z 1000c564 f   LineDisplayImpl.obj
 0001:0000b57d       ?get_ServiceObjectDescription@COPOSLineDisplay@@UAGJPAPA_W@Z 1000c57d f   LineDisplayImpl.obj
 0001:0000b596       ?get_ServiceObjectVersion@COPOSLineDisplay@@UAGJPAJ@Z 1000c596 f   LineDisplayImpl.obj
 0001:0000b5ac       ?get_State@COPOSLineDisplay@@UAGJPAJ@Z 1000c5ac f   LineDisplayImpl.obj
[...]
 0002:000037e0       ?_mb_locale_names@@3QBQB_WB 100237e0     libucrt:mbctype.obj
 0002:00004028       ?LcidToLocaleNameTable@?A0x881e4c05@@3QBULcidToLocaleName@1@B 10024028     libucrt:lcidtoname_downlevel.obj
 0002:00005150       ?LocaleNameToIndexTable@?A0x881e4c05@@3QBULocaleNameIndex@1@B 10025150     libucrt:lcidtoname_downlevel.obj
 0002:00006a90       LOG_name                   10026a90     libucrt:log10_impl.obj
 0002:00006aa0       _One                       10026aa0     libucrt:ceil_pentium4.obj
 0002:00006ab0       _Bns                       10026ab0     libucrt:ceil_pentium4.obj
 0002:00006ac0       _Zero                      10026ac0     libucrt:ceil_pentium4.obj
 0002:00006ad0       _S                         10026ad0     libucrt:ceil_pentium4.obj
 0002:00006ae0       _NegZero                   10026ae0     libucrt:ceil_pentium4.obj
 0002:00006af0       emask                      10026af0     libucrt:log10_pentium4.obj
 0002:00006b00       CC                         10026b00     libucrt:log10_pentium4.obj
 0002:00006b10       Magic                      10026b10     libucrt:log10_pentium4.obj
 0002:00006b20       hi_mask                    10026b20     libucrt:log10_pentium4.obj
 0002:00006b30       LOG10_2                    10026b30     libucrt:log10_pentium4.obj
 0002:00006b40       place_L                    10026b40     libucrt:log10_pentium4.obj
 0002:00006b60       One                        10026b60     libucrt:log10_pentium4.obj
 0002:00006b70       Zero                       10026b70     libucrt:log10_pentium4.obj
 0002:00006b80       Two52                      10026b80     libucrt:log10_pentium4.obj
 0002:00006b90       Infs                       10026b90     libucrt:log10_pentium4.obj
 0002:00006ba0       NaN                        10026ba0     libucrt:log10_pentium4.obj
 0002:00006bb0       coeff                      10026bb0     libucrt:log10_pentium4.obj
 0002:00006c0e       _log2max                   10026c0e     libucrt:87tran.obj
 0002:00006c18       _smallarg                  10026c18     libucrt:87tran.obj
 0002:00006c22       _half                      10026c22     libucrt:87tran.obj
 0002:00006c6e       One                        10026c6e     libucrt:87disp.obj
 0002:00006c76       Three                      10026c76     libucrt:87disp.obj
 0002:00006c7e       XAMtoTagTab                10026c7e     libucrt:87disp.obj
 0002:00006c90       One                        10026c90     libucrt:common.obj
 0002:00006ca4       DblMax                     10026ca4     libucrt:common.obj
 0002:00006cac       DblMin                     10026cac     libucrt:common.obj
 0002:00006cb4       IeeeAdjO                   10026cb4     libucrt:common.obj
 0002:00006cbc       IeeeAdjU                   10026cbc     libucrt:common.obj
 0002:00006cc4       _infinity                  10026cc4     libucrt:common.obj
 0002:00006ccc       _zero                      10026ccc     libucrt:common.obj
 0002:00006d18       _over                      10026d18     libucrt:fpctrl.obj
 0002:00006d24       _under                     10026d24     libucrt:fpctrl.obj
 0002:00007558       ?_names@?1??_get_fname@@9@9 10027558     libucrt:fpexcept.obj
 0002:00007700       two32                      10027700     LIBCMT:ftol2.obj
 0002:00007704       two63                      10027704     LIBCMT:ftol2.obj
 0002:00007708       _NaN                       10027708     LIBCMT:ftol2.obj
 0002:00007de8       __sehtable$?_AtlVerifyStackAvailable@_ATL_SAFE_ALLOCA_IMPL@ATL@@YA_NK@Z 10027de8     LineDisplay.obj
 0002:00007e08       __sehtable$___scrt_is_nonwritable_in_current_image 10027e08     LIBCMT:utility.obj
 0002:00007e24       __catchsym$??2@YAPAXIABUnothrow_t@std@@@Z$2 10027e24     LIBCMT:new_scalar_nothrow.obj
 0002:00007e34       __unwindtable$??2@YAPAXIABUnothrow_t@std@@@Z 10027e34     LIBCMT:new_scalar_nothrow.obj
 0002:00007e44       __tryblocktable$??2@YAPAXIABUnothrow_t@std@@@Z 10027e44     LIBCMT:new_scalar_nothrow.obj
 0002:00007e58       __ehfuncinfo$??2@YAPAXIABUnothrow_t@std@@@Z 10027e58     LIBCMT:new_scalar_nothrow.obj
 0002:00007e80       __sehtable$?dllmain_crt_process_attach@@YAHQAUHINSTANCE__@@QAX@Z 10027e80     LIBCMT:dll_dllmain.obj
 0002:00007ea0       __sehtable$?dllmain_crt_process_detach@@YAH_N@Z 10027ea0     LIBCMT:dll_dllmain.obj
 0002:00007ec8       __sehtable$?dllmain_dispatch@@YAHQAUHINSTANCE__@@KQAX@Z 10027ec8     LIBCMT:dll_dllmain.obj
 0002:00007f78       __sehtable$___DestructExceptionObject 10027f78     libvcruntime:ehhelpers.obj
 0002:00007f98       __sehtable$?FrameUnwindToState@__FrameHandler3@@SAXPAUEHRegistrationNode@@PAXPBU_s_FuncInfo@@H@Z 10027f98     libvcruntime:frame.obj
 0002:00007fc0       __sehtable$?CallCatchBlock@@YAPAXPAUEHExceptionRecord@@PAUEHRegistrationNode@@PAU_CONTEXT@@PBU_s_FuncInfo@@PAXHK@Z 10027fc0     libvcruntime:frame.obj
 0002:00007fe8       __catchsym$?CallUnexpected@@YAXPBU_s_ESTypeList@@@Z$2 10027fe8     libvcruntime:frame.obj
 0002:00007ff8       __unwindtable$?CallUnexpected@@YAXPBU_s_ESTypeList@@@Z 10027ff8     libvcruntime:frame.obj
 0002:00008008       __tryblocktable$?CallUnexpected@@YAXPBU_s_ESTypeList@@@Z 10028008     libvcruntime:frame.obj
 0002:0000801c       __ehfuncinfo$?CallUnexpected@@YAXPBU_s_ESTypeList@@@Z 1002801c     libvcruntime:frame.obj
 0002:00008040       __sehtable$??$BuildCatchObjectHelperInternal@V__FrameHandler3@@@@YAHPAUEHExceptionRecord@@PAXPBU_s_HandlerType@@PBU_s_CatchableType@@@Z 10028040     libvcruntime:frame.obj
 0002:00008060       __sehtable$??$BuildCatchObjectInternal@V__FrameHandler3@@@@YAXPAUEHExceptionRecord@@PAXPBU_s_HandlerType@@PBU_s_CatchableType@@@Z 10028060     libvcruntime:frame.obj
 0002:000080b8       __sehtable$??R<lambda_6e4b09c48022b2350581041d5f6b0c4c>@@QBE@XZ 100280b8     libucrt:exit.obj
 0002:000080d8       __sehtable$??$?RV<lambda_03b1d95aef87969028cfba75ccab2455>@@AAV<lambda_6e4b09c48022b2350581041d5f6b0c4c>@@V<lambda_22bdf7517842c4b3e53723af5aa32b9e>@@@?$__crt_seh_guarded_call@X@@QAEX$$QAV<lambda_03b1d95aef87969028cfba75ccab2455>@@AAV<lambda_6e4b09c48022b2350581041d5f6b0c4c>@@$$QAV<lambda_22bdf7517842c4b3e53723af5aa32b9e>@@@Z 100280d8     libucrt:exit.obj
 0002:000080f8       __sehtable$??$?RV<lambda_8e746cf0007f6ed984d6f78af1fec997>@@AAV<lambda_22ebabd17bc4fa466a2aca6d8deb888d>@@V<lambda_18ed0c0b38a6dc0daf1e7ac6d6adf05e>@@@?$__crt_seh_guarded_call@H@@QAEH$$QAV<lambda_8e746cf0007f6ed984d6f78af1fec997>@@AAV<lambda_22ebabd17bc4fa466a2aca6d8deb888d>@@$$QAV<lambda_18ed0c0b38a6dc0daf1e7ac6d6adf05e>@@@Z 100280f8     libucrt:onexit.obj
 0002:00008118       __sehtable$??$?RV<lambda_69a2805e680e0e292e8ba93315fe43a8>@@AAV<lambda_f03950bc5685219e0bcd2087efbe011e>@@V<lambda_03fcd07e894ec930e3f35da366ca99d6>@@@?$__crt_seh_guarded_call@H@@QAEH$$QAV<lambda_69a2805e680e0e292e8ba93315fe43a8>@@AAV<lambda_f03950bc5685219e0bcd2087efbe011e>@@$$QAV<lambda_03fcd07e894ec930e3f35da366ca99d6>@@@Z 10028118     libucrt:onexit.obj
 0002:00008138       __sehtable$__query_new_handler 10028138     libucrt:new_handler.obj
 0002:00008158       __sehtable$_terminate      10028158     libucrt:terminate.obj
 0002:00008178       __sehtable$??$?RV<lambda_15ade71b0218206bbe3333a0c9b79046>@@AAV<lambda_da44e0f8b0f19ba52fefafb335991732>@@V<lambda_207f2d024fc103971653565357d6cd41>@@@?$__crt_seh_guarded_call@X@@QAEX$$QAV<lambda_15ade71b0218206bbe3333a0c9b79046>@@AAV<lambda_da44e0f8b0f19ba52fefafb335991732>@@$$QAV<lambda_207f2d024fc103971653565357d6cd41>@@@Z 10028178     libucrt:per_thread_data.obj
 0002:00008198       __sehtable$??$?RV<lambda_a7e850c220f1c8d1e6efeecdedd162c6>@@AAV<lambda_46720907175c18b6c9d2717bc0d2d362>@@V<lambda_9048902d66e8d99359bc9897bbb930a8>@@@?$__crt_seh_guarded_call@X@@QAEX$$QAV<lambda_a7e850c220f1c8d1e6efeecdedd162c6>@@AAV<lambda_46720907175c18b6c9d2717bc0d2d362>@@$$QAV<lambda_9048902d66e8d99359bc9897bbb930a8>@@@Z 10028198     libucrt:per_thread_data.obj
 0002:000081b8       __sehtable$??$?RV<lambda_38edbb1296d33220d7e4dd0ed76b244a>@@AAV<lambda_5ce1d447e08cb34b2473517608e21441>@@V<lambda_fb385d3da700c9147fc39e65dd577a8c>@@@?$__crt_seh_guarded_call@X@@QAEX$$QAV<lambda_38edbb1296d33220d7e4dd0ed76b244a>@@AAV<lambda_5ce1d447e08cb34b2473517608e21441>@@$$QAV<lambda_fb385d3da700c9147fc39e65dd577a8c>@@@Z 100281b8     libucrt:per_thread_data.obj
 0002:000081d8       __sehtable$??$?RV<lambda_6affb1475c98b40b75cdec977db92e3c>@@AAV<lambda_b8d4b9c228a6ecc3f80208dbb4b4a104>@@V<lambda_608742c3c92a14382c1684fc64f96c88>@@@?$__crt_seh_guarded_call@X@@QAEX$$QAV<lambda_6affb1475c98b40b75cdec977db92e3c>@@AAV<lambda_b8d4b9c228a6ecc3f80208dbb4b4a104>@@$$QAV<lambda_608742c3c92a14382c1684fc64f96c88>@@@Z 100281d8     libucrt:per_thread_data.obj
 0002:000081f8       __sehtable$??$?RV<lambda_e5124f882df8998aaf41531e079ba474>@@AAV<lambda_3e16ef9562a7dcce91392c22ab16ea36>@@V<lambda_e25ca0880e6ef98be67edffd8c599615>@@@?$__crt_seh_guarded_call@X@@QAEX$$QAV<lambda_e5124f882df8998aaf41531e079ba474>@@AAV<lambda_3e16ef9562a7dcce91392c22ab16ea36>@@$$QAV<lambda_e25ca0880e6ef98be67edffd8c599615>@@@Z 100281f8     libucrt:wsetlocale.obj
 0002:00008218       __sehtable$___acrt_initialize_lowio 10028218     libucrt:ioinit.obj
 0002:00008238       __sehtable$?update_thread_multibyte_data_internal@@YAPAU__crt_multibyte_data@@QAU__acrt_ptd@@QAPAU1@@Z 10028238     libucrt:mbctype.obj
 0002:00008258       __sehtable$??$?RV<lambda_ceb1ee4838e85a9d631eb091e2fbe199>@@AAV<lambda_ae742caa10f662c28703da3d2ea5e57e>@@V<lambda_cd08b5d6af4937fe54fc07d0c9bf6b37>@@@?$__crt_seh_guarded_call@X@@QAEX$$QAV<lambda_ceb1ee4838e85a9d631eb091e2fbe199>@@AAV<lambda_ae742caa10f662c28703da3d2ea5e57e>@@$$QAV<lambda_cd08b5d6af4937fe54fc07d0c9bf6b37>@@@Z 10028258     libucrt:mbctype.obj
 0002:00008278       __sehtable$_raise          10028278     libucrt:signal.obj
 0002:00008298       __sehtable$??$?RV<lambda_cbab9ec6f41b0180b23cc171c22676b0>@@AAV<lambda_44731a7d0e6d81c3e6aa82d741081786>@@V<lambda_4b292cb8dd18144e164572427af410ab>@@@?$__crt_seh_guarded_call@P6AXH@Z@@QAEP6AXH@Z$$QAV<lambda_cbab9ec6f41b0180b23cc171c22676b0>@@AAV<lambda_44731a7d0e6d81c3e6aa82d741081786>@@$$QAV<lambda_4b292cb8dd18144e164572427af410ab>@@@Z 10028298     libucrt:signal.obj
 0002:000082b8       __sehtable$??$?RV<lambda_2866be3712abc81a800a822484c830d8>@@AAV<lambda_39ca0ed439415581b5b15c265174cece>@@V<lambda_2b24c74d71094a6cd0cb82e44167d71b>@@@?$__crt_seh_guarded_call@X@@QAEX$$QAV<lambda_2866be3712abc81a800a822484c830d8>@@AAV<lambda_39ca0ed439415581b5b15c265174cece>@@$$QAV<lambda_2b24c74d71094a6cd0cb82e44167d71b>@@@Z 100282b8     libucrt:fflush.obj
 0002:000082d8       __sehtable$??$?RV<lambda_2cc53f568c5a2bb6f192f930a45d44ea>@@AAV<lambda_ab61a845afdef5b7c387490eaf3616ee>@@V<lambda_c2ffc0b7726aa6be21d5f0026187e748>@@@?$__crt_seh_guarded_call@X@@QAEX$$QAV<lambda_2cc53f568c5a2bb6f192f930a45d44ea>@@AAV<lambda_ab61a845afdef5b7c387490eaf3616ee>@@$$QAV<lambda_c2ffc0b7726aa6be21d5f0026187e748>@@@Z 100282d8     libucrt:fflush.obj
 0002:000082f8       __sehtable$___acrt_update_thread_locale_data 100282f8     libucrt:locale_refcounting.obj
 0002:00008318       __sehtable$__fcloseall     10028318     libucrt:closeall.obj
 0002:00008338       __sehtable$___acrt_lowio_ensure_fh_exists 10028338     libucrt:osfinfo.obj
 0002:00008358       __sehtable$??$?RV<lambda_9e9de3de5fa147e2223d7db92bc10aa6>@@AAV<lambda_38ce7e780aa69e748d6df282ebc68efe>@@V<lambda_8ca6da459f0f6780f1cff60fdc3d00e5>@@@?$__crt_seh_guarded_call@H@@QAEH$$QAV<lambda_9e9de3de5fa147e2223d7db92bc10aa6>@@AAV<lambda_38ce7e780aa69e748d6df282ebc68efe>@@$$QAV<lambda_8ca6da459f0f6780f1cff60fdc3d00e5>@@@Z 10028358     libucrt:commit.obj
 0002:00008378       __sehtable$__write         10028378     libucrt:write.obj
 0002:00008398       __sehtable$_fclose         10028398     libucrt:fclose.obj
 0002:000083b8       __sehtable$??$?RV<lambda_218ce3db14220d0be481dae8ef3383b6>@@AAV<lambda_628dfdc04ba53c8bfc02c9951375f3f5>@@V<lambda_57dc472bd5c9d5f3b2cbca59b8a843ae>@@@?$__crt_seh_guarded_call@H@@QAEH$$QAV<lambda_218ce3db14220d0be481dae8ef3383b6>@@AAV<lambda_628dfdc04ba53c8bfc02c9951375f3f5>@@$$QAV<lambda_57dc472bd5c9d5f3b2cbca59b8a843ae>@@@Z 100283b8     libucrt:close.obj
 0002:000083d8       __sehtable$___set_fpsr_sse2 100283d8     libucrt:fpctrl.obj
 0002:000083f8       __sehtable$__IsNonwritableInCurrentImage 100283f8     LIBCMT:pesect.obj
 0002:00008420       .edata                     10028420     OPOSLineDisplay.exp
 0002:00008448       rgpv                       10028448     OPOSLineDisplay.exp
 0002:00008458       rgszName                   10028458     OPOSLineDisplay.exp
 0002:00008468       rgwOrd                     10028468     OPOSLineDisplay.exp
 0002:00008470       szName                     10028470     OPOSLineDisplay.exp
 0002:00008484       $N00001                    10028484     OPOSLineDisplay.exp
 0002:00008494       $N00002                    10028494     OPOSLineDisplay.exp
 0002:000084a6       $N00003                    100284a6     OPOSLineDisplay.exp
 0002:000084b8       $N00004                    100284b8     OPOSLineDisplay.exp
 0002:00008ac6       .idata$6                   10028ac6     kernel32:KERNEL32.dll
 0002:00008cda       .idata$6                   10028cda     user32:USER32.dll
 0002:00008e0e       .idata$6                   10028e0e     gdi32:GDI32.dll
 0002:00008eb4       .idata$6                   10028eb4     advapi32:ADVAPI32.dll
 0002:00008fd0       .idata$6                   10028fd0     ole32:ole32.dll
 0002:00008fda       .idata$6                   10028fda     oleaut32:OLEAUT32.dll
 0003:00000110       ?ObjectMap@@3PAU_ATL_OBJMAP_ENTRY30@ATL@@A 1002a110     LineDisplay.obj
 0003:000001d0       ?s_SOMethodNames@@3PAPADA  1002a1d0     LineDisplayImpl.obj
 0003:00000248       ?s_RequiredMethodsPerRelease@@3PAHA 1002a248     LineDisplayImpl.obj
 0003:00000290       ?__vcrt_flsindex@@3KA      1002a290     libvcruntime:per_thread_data.obj
 0003:000002b0       ?errno_no_memory@@3HA      1002a2b0     libucrt:errno.obj
 0003:000002b4       ?doserrno_no_memory@@3KA   1002a2b4     libucrt:errno.obj
 0003:000002c0       ?__acrt_flsindex@@3KA      1002a2c0     libucrt:per_thread_data.obj
 0003:00000658       __mbctypes                 1002a658     libucrt:mbctype.obj
 0003:00000760       __mbcasemaps               1002a760     libucrt:mbctype.obj
 0003:00000860       ?__rgctypeflag@@3PADA      1002a860     libucrt:mbctype.obj
 0003:00000868       ?__rgcode_page_info@@3PAUcode_page_info@@A 1002a868     libucrt:mbctype.obj
 0003:00000ac0       ?__dcrt_lowio_console_output_handle@@3PAXA 1002aac0     libucrt:initcon.obj
 0003:00000ac4       ?__DAZ_ENABLED@?1??__set_fpsr_sse2@@9@9 1002aac4     libucrt:fpctrl.obj
 0003:00000c58       ?is_initialized_as_dll@@3_NA 1002ac58     LIBCMT:utility.obj
 0003:00000c59       ?module_local_atexit_table_initialized@@3_NA 1002ac59     LIBCMT:utility.obj
 0003:00000c5c       ?module_local_atexit_table@@3U_onexit_table_t@@A 1002ac5c     LIBCMT:utility.obj
 0003:00000c68       ?module_local_at_quick_exit_table@@3U_onexit_table_t@@A 1002ac68     LIBCMT:utility.obj
 0003:00000c74       ?g_tss_cv@@3U_RTL_CONDITION_VARIABLE@@A 1002ac74     LIBCMT:thread_safe_statics.obj
 0003:00000c78       ?g_tss_event@@3PAXA        1002ac78     LIBCMT:thread_safe_statics.obj
 0003:00000c7c       ?g_tss_mutex@@3U_RTL_CRITICAL_SECTION@@A 1002ac7c     LIBCMT:thread_safe_statics.obj
 0003:00000c94       ?g_sleep_condition_variable_cs@@3P6GHPAU_RTL_CONDITION_VARIABLE@@PAU_RTL_CRITICAL_SECTION@@K@ZA 1002ac94     LIBCMT:thread_safe_statics.obj
 0003:00000c98       ?g_wake_all_condition_variable@@3P6GXPAU_RTL_CONDITION_VARIABLE@@@ZA 1002ac98     LIBCMT:thread_safe_statics.obj
 0003:00000ca0       _GS_ExceptionRecord        1002aca0     LIBCMT:gs_report.obj
 0003:00000cf0       _GS_ContextRecord          1002acf0     LIBCMT:gs_report.obj
 0003:00000fc0       ?__proc_attached@@3HA      1002afc0     LIBCMT:dll_dllmain.obj
 0003:00001024       ?AllocateData@@3P6GPAUAtlThunkData_t@@XZA 1002b024     atls:atlthunk.obj
 0003:00001028       ?InitData@@3P6GXPAUAtlThunkData_t@@PAXI@ZA 1002b028     atls:atlthunk.obj
 0003:0000102c       ?DataToCode@@3P6GP6GJPAUHWND__@@IIJ@ZPAUAtlThunkData_t@@@ZA 1002b02c     atls:atlthunk.obj
 0003:00001030       ?FreeData@@3P6GXPAUAtlThunkData_t@@@ZA 1002b030     atls:atlthunk.obj
 0003:00001034       ?Initialized@@3_NA         1002b034     atls:atlthunk.obj
 0003:00001044       ?__vcrt_startup_thread_ptd@@3U__vcrt_ptd@@A 1002b044     libvcruntime:per_thread_data.obj
 0003:0000106c       ___vcrt_lock_table         1002b06c     libvcruntime:locks.obj
 0003:00001084       ___vcrt_locks_initialized  1002b084     libvcruntime:locks.obj
 0003:000010b0       ?heap@@3V_HeapManager@@A   1002b0b0     libvcruntime:undname.obj
 0003:000010c4       ?module_handles@@3PAPAUHINSTANCE__@@A 1002b0c4     libvcruntime:winapi_downlevel.obj
 0003:000010d0       ?function_pointers@@3PAPAXA 1002b0d0     libvcruntime:winapi_downlevel.obj
 0003:000010e4       ?__acrt_invalid_parameter_handler@@3V?$dual_state_global@P6AXPB_W00II@Z@__crt_state_management@@A 1002b0e4     libucrt:invalid_parameter.obj
 0003:000010e8       ?c_termination_complete@@3JA 1002b0e8     libucrt:exit.obj
 0003:000010ec       ?thread_local_exit_callback_func@@3P6GXPAXK0@ZA 1002b0ec     libucrt:exit.obj
 0003:000010f8       ?program_name@?1???$common_configure_argv@D@@YAHW4_crt_argv_mode@@@Z@4PADA 1002b0f8     libucrt:argv_parsing.obj
 0003:00001228       ?__acrt_new_handler@@3V?$dual_state_global@P6AHI@Z@__crt_state_management@@A 1002b228     libucrt:new_handler.obj
 0003:00001230       ?module_handles@@3PAPAUHINSTANCE__@@A 1002b230     libucrt:winapi_thunks.obj
 0003:00001280       ?encoded_function_pointers@@3PAPAXA 1002b280     libucrt:winapi_thunks.obj
 0003:00001308       ?internal_state@?1??_mbtowc_l@@9@4U_Mbstatet@@A 1002b308     libucrt:mbtowc.obj
 0003:00001318       ?enable_percent_n@@3IA     1002b318     libucrt:printf_count_output.obj
 0003:00001538       ?__acrt_lock_table@@3PAU_RTL_CRITICAL_SECTION@@A 1002b538     libucrt:locks.obj
 0003:00001688       ?__acrt_locks_initialized@@3IA 1002b688     libucrt:locks.obj
 0003:00001698       ?fSystemSet@@3HA           1002b698     libucrt:mbctype.obj
 0003:0000169c       ?initialized@?1??__acrt_initialize_multibyte@@9@4_NA 1002b69c     libucrt:mbctype.obj
 0003:000016bc       ?ctrlc_action@@3V?$dual_state_global@P6AXH@Z@__crt_state_management@@A 1002b6bc     libucrt:signal.obj
 0003:000016c0       ?ctrlbreak_action@@3V?$dual_state_global@P6AXH@Z@__crt_state_management@@A 1002b6c0     libucrt:signal.obj
 0003:000016c4       ?abort_action@@3V?$dual_state_global@P6AXH@Z@__crt_state_management@@A 1002b6c4     libucrt:signal.obj
 0003:000016c8       ?term_action@@3V?$dual_state_global@P6AXH@Z@__crt_state_management@@A 1002b6c8     libucrt:signal.obj
 0003:000016cc       ?user_matherr@@3V?$dual_state_global@P6AHPAU_exception@@@Z@__crt_state_management@@A 1002b6cc     libucrt:matherr.obj
 0003:000016d0       ?__acrt_global_new_mode@@3V?$dual_state_global@J@__crt_state_management@@A 1002b6d0     libucrt:new_mode.obj
 0003:000016dc       ?internal_pst@?1??__mbrtoc32_utf8@__crt_mbstring@@YAIPA_UPBDIPAU_Mbstatet@@@Z@4U3@A 1002b6dc     libucrt:mbrtoc32.obj
 0003:000016e4       ?__acrt_app_type@@3W4_crt_app_type@@A 1002b6e4     libucrt:report_runtime_error.obj
 0003:000016ec       __pmatherr_set             1002b6ec     libucrt:libm_error.obj
 0004:00000220       $R000000                   1002c220     LineDisplay.res
 0004:00000bc0       $R0009A0                   1002cbc0     LineDisplay.res
 0004:00000ca8       $R000A88                   1002cca8     LineDisplay.res
 0004:00000f10       $R000CF0                   1002cf10     LineDisplay.res
 0004:000014b8       $R001298                   1002d4b8     LineDisplay.res
 0004:00005970       $R005750                   10031970     LineDisplay.res
 0004:000059a8       $R005788                   100319a8     LineDisplay.res
