 OPOSImageScanner

 Timestamp is 600f78b3 (Tue Jan 26 11:04:35 2021)

 Preferred load address is 10000000

 Start         Length     Name                   Class
 0001:00000000 00000080H .text$di                CODE
 0001:00000080 0001e2d3H .text$mn                CODE
 0001:0001e353 0000003aH .text$x                 CODE
 0001:0001e38d 00000042H .text$yd                CODE
 0002:00000000 000002fcH .idata$5                DATA
 0002:000002fc 00000004H .00cfg                  DATA
 0002:00000300 00000004H .CRT$XCA                DATA
 0002:00000304 00000004H .CRT$XCL                DATA
 0002:00000308 00000010H .CRT$XCU                DATA
 0002:00000318 00000004H .CRT$XCZ                DATA
 0002:0000031c 00000004H .CRT$XIA                DATA
 0002:00000320 00000010H .CRT$XIC                DATA
 0002:00000330 00000004H .CRT$XIZ                DATA
 0002:00000334 00000004H .CRT$XLA                DATA
 0002:00000338 00000004H .CRT$XLZ                DATA
 0002:0000033c 00000004H .CRT$XPA                DATA
 0002:00000340 00000008H .CRT$XPX                DATA
 0002:00000348 00000004H .CRT$XPXA               DATA
 0002:0000034c 00000004H .CRT$XPZ                DATA
 0002:00000350 00000004H .CRT$XTA                DATA
 0002:00000354 0000000cH .CRT$XTZ                DATA
 0002:00000358 00000000H .gfids$y                DATA
 0002:00000360 000072e0H .rdata                  DATA
 0002:00007640 00000000H .rdata$CastGuardVftablesA DATA
 0002:00007640 00000000H .rdata$CastGuardVftablesC DATA
 0002:00007640 00000018H .rdata$T                DATA
 0002:00007658 00000178H .rdata$r                DATA
 0002:000077d0 0000001cH .rdata$sxdata           DATA
 0002:000077ec 000003e0H .rdata$zzzdbg           DATA
 0002:00007bcc 00000004H .rtc$IAA                DATA
 0002:00007bd0 00000004H .rtc$IZZ                DATA
 0002:00007bd4 00000004H .rtc$TAA                DATA
 0002:00007bd8 00000004H .rtc$TZZ                DATA
 0002:00007bdc 00000004H .tls                    DATA
 0002:00007be0 00000004H .tls$                   DATA
 0002:00007be4 00000004H .tls$ZZZ                DATA
 0002:00007be8 0000062cH .xdata$x                DATA
 0002:00008214 00000004H ATL$__a                 DATA
 0002:00008218 00000008H ATL$__z                 DATA
 0002:00008220 000000b0H .edata                  DATA
 0002:000082d0 00000078H .idata$2                DATA
 0002:00008348 00000014H .idata$3                DATA
 0002:0000835c 000002fcH .idata$4                DATA
 0002:00008658 00000bceH .idata$6                DATA
 0003:00000000 00000a90H .data                   DATA
 0003:00000a90 00000098H .data$r                 DATA
 0003:00000b28 00000b88H .bss                    DATA
 0004:00000000 00000220H .rsrc$01                DATA
 0004:00000220 000043c8H .rsrc$02                DATA

  Address         Publics by Value              Rva+Base       Lib:Object

 0000:00000000       ___arm64x_native_entrypoint 00000000     <absolute>
 0000:00000000       ___guard_longjmp_table     00000000     <absolute>
 0000:00000000       __except_list              00000000     <absolute>
 0000:00000000       ___volatile_metadata       00000000     <absolute>
 0000:00000000       ___arm64x_extra_rfe_table  00000000     <absolute>
 0000:00000000       ___arm64x_redirection_metadata 00000000     <absolute>
 0000:00000000       ___x64_code_ranges_to_entry_points_count 00000000     <absolute>
 0000:00000000       ___guard_fids_count        00000000     <absolute>
 0000:00000000       ___guard_eh_cont_count     00000000     <absolute>
 0000:00000000       ___guard_eh_cont_table     00000000     <absolute>
 0000:00000000       ___hybrid_code_map_count   00000000     <absolute>
 0000:00000000       ___guard_iat_table         00000000     <absolute>
 0000:00000000       ___x64_code_ranges_to_entry_points 00000000     <absolute>
 0000:00000000       ___guard_iat_count         00000000     <absolute>
 0000:00000000       ___hybrid_code_map         00000000     <absolute>
 0000:00000000       ___arm64x_extra_rfe_table_size 00000000     <absolute>
 0000:00000000       ___guard_longjmp_count     00000000     <absolute>
 0000:00000000       ___arm64x_redirection_metadata_count 00000000     <absolute>
 0000:00000000       ___hybrid_auxiliary_iat    00000000     <absolute>
 0000:00000000       ___dynamic_value_reloc_table 00000000     <absolute>
 0000:00000000       ___enclave_config          00000000     <absolute>
 0000:00000000       ___AbsoluteZero            00000000     <absolute>
 0000:00000000       ___guard_fids_table        00000000     <absolute>
 0000:00000007       ___safe_se_handler_count   00000007     <absolute>
 0000:0000002c       __tls_array                0000002c     <absolute>
 0000:00000100       ___guard_flags             00000100     <absolute>
 0000:00000000       ___ImageBase               10000000     <linker-defined>
 0001:00000080       ?DupWide@_CW@@AAEXXZ       10001080 f   CWString.obj
 0001:0000009c       ?cw_dup@@YGXPBDAAHAAPA_W1@Z 1000109c f   CWString.obj
 0001:00000124       ?cw_memcpy@@YGHPA_WPBDH@Z  10001124 f   CWString.obj
 0001:00000150       ?cw_strcpy@@YAHPA_WPBD@Z   10001150 f   CWString.obj
 0001:00000163       ?cw_strlen@@YAHPBD@Z       10001163 f   CWString.obj
 0001:0000017c       ??0CAtlComModule@ATL@@QAE@XZ 1000117c f i OposVariant.obj
 0001:000001c1       ??0CAtlWinModule@ATL@@QAE@XZ 100011c1 f i OposVariant.obj
 0001:000001f8       ??0OposDispParms@@QAE@PAVOposVariant@@H@Z 100011f8 f   OposVariant.obj
 0001:00000269       ??1OposDispParms@@QAE@XZ   10001269 f   OposVariant.obj
 0001:00000277       ??A?$CSimpleArray@GV?$CSimpleArrayEqualHelper@G@ATL@@@ATL@@QAEAAGH@Z 10001277 f i OposVariant.obj
 0001:0000029c       ??_Estringdispid@CComTypeInfoHolder@ATL@@QAEPAXI@Z 1000129c f i OposVariant.obj
 0001:00000308       ?AtlWinModuleInit@ATL@@YGJPAU_ATL_WIN_MODULE70@1@@Z 10001308 f i OposVariant.obj
 0001:0000032e       ?AtlWinModuleTerm@ATL@@YGJPAU_ATL_WIN_MODULE70@1@PAUHINSTANCE__@@@Z 1000132e f i OposVariant.obj
 0001:00000391       ?ChangeBSTR@OposVariant@@QAEXPAPA_WAAJ@Z 10001391 f   OposVariant.obj
 0001:000003d2       ?ChangeLONG@OposVariant@@QAEXPAJAAJ@Z 100013d2 f   OposVariant.obj
 0001:00000413       ?GetLONG@OposVariant@@QAEJXZ 10001413 f   OposVariant.obj
 0001:0000042e       ?Init@CComCriticalSection@ATL@@QAEJXZ 1000142e f i OposVariant.obj
 0001:00000456       ?RemoveAll@?$CSimpleArray@PAUHINSTANCE__@@V?$CSimpleArrayEqualHelper@PAUHINSTANCE__@@@ATL@@@ATL@@QAEXXZ 10001456 f i atls:atlbase.obj
 0001:00000456       ?RemoveAll@?$CSimpleArray@GV?$CSimpleArrayEqualHelper@G@ATL@@@ATL@@QAEXXZ 10001456 f i OposVariant.obj
 0001:00000473       ?SetBSTR@OposVariant@@QAEXPA_WAAJ@Z 10001473 f   OposVariant.obj
 0001:000004a7       ?SetBSTR_Copy@OposVariant@@QAEXPA_WAAJ@Z 100014a7 f   OposVariant.obj
 0001:000004f7       ?SetBSTR_InOutPtr@OposVariant@@QAE_NPAPA_WAAJ@Z 100014f7 f   OposVariant.obj
 0001:0000052e       ?SetDispatch_Ptr@OposVariant@@QAEXPAUIDispatch@@AAJ@Z 1000152e f   OposVariant.obj
 0001:00000569       ?SetLONG@OposVariant@@QAEXJ@Z 10001569 f   OposVariant.obj
 0001:0000058b       ?SetLONG_Ptr@OposVariant@@QAEXPAJAAJ@Z 1000158b f   OposVariant.obj
 0001:000005be       ?SetString@OposVariant@@QAEXPB_WAAJ@Z 100015be f   OposVariant.obj
 0001:00000604       ?SetVARIANT_BOOL@OposVariant@@QAEXF@Z 10001604 f   OposVariant.obj
 0001:0000062e       ?Term@CAtlComModule@ATL@@QAEXXZ 1000162e f i OposVariant.obj
 0001:00000678       ?_AtlRaiseException@ATL@@YAXKK@Z 10001678 f i OposVariant.obj
 0001:0000068d       ??_E?$CComObject@VCOPOSImageScanner@@@ATL@@W3AEPAXI@Z 1000168d f i ImageScanner.obj
 0001:00000695       ??_E?$CComObject@VCOPOSImageScanner@@@ATL@@WEM@AEPAXI@Z 10001695 f i ImageScanner.obj
 0001:0000069d       ?QueryInterface@?$CComObject@VCOPOSImageScanner@@@ATL@@WHA@AGJABU_GUID@@PAPAX@Z 1000169d f i ImageScanner.obj
 0001:000006a7       ?AddRef@?$CComObject@VCOPOSImageScanner@@@ATL@@WHA@AGKXZ 100016a7 f i ImageScanner.obj
 0001:000006b1       ?Release@?$CComObject@VCOPOSImageScanner@@@ATL@@WHA@AGKXZ 100016b1 f i ImageScanner.obj
 0001:000006bb       ?QueryInterface@?$CComObject@VCOPOSImageScanner@@@ATL@@WHE@AGJABU_GUID@@PAPAX@Z 100016bb f i ImageScanner.obj
 0001:000006c5       ?AddRef@?$CComObject@VCOPOSImageScanner@@@ATL@@WHE@AGKXZ 100016c5 f i ImageScanner.obj
 0001:000006cf       ?Release@?$CComObject@VCOPOSImageScanner@@@ATL@@WHE@AGKXZ 100016cf f i ImageScanner.obj
 0001:000006d9       ?QueryInterface@?$CComObject@VCOPOSImageScanner@@@ATL@@WHI@AGJABU_GUID@@PAPAX@Z 100016d9 f i ImageScanner.obj
 0001:000006e3       ?AddRef@?$CComObject@VCOPOSImageScanner@@@ATL@@WHI@AGKXZ 100016e3 f i ImageScanner.obj
 0001:000006ed       ?Release@?$CComObject@VCOPOSImageScanner@@@ATL@@WHI@AGKXZ 100016ed f i ImageScanner.obj
 0001:000006f7       ?QueryInterface@?$CComObject@VCOPOSImageScanner@@@ATL@@WHM@AGJABU_GUID@@PAPAX@Z 100016f7 f i ImageScanner.obj
 0001:00000701       ?AddRef@?$CComObject@VCOPOSImageScanner@@@ATL@@WHM@AGKXZ 10001701 f i ImageScanner.obj
 0001:0000070b       ?Release@?$CComObject@VCOPOSImageScanner@@@ATL@@WHM@AGKXZ 1000170b f i ImageScanner.obj
 0001:00000715       ?QueryInterface@?$CComObject@VCOPOSImageScanner@@@ATL@@WIA@AGJABU_GUID@@PAPAX@Z 10001715 f i ImageScanner.obj
 0001:00000722       ?AddRef@?$CComObject@VCOPOSImageScanner@@@ATL@@WIA@AGKXZ 10001722 f i ImageScanner.obj
 0001:0000072f       ?Release@?$CComObject@VCOPOSImageScanner@@@ATL@@WIA@AGKXZ 1000172f f i ImageScanner.obj
 0001:0000073c       ?QueryInterface@?$CComObject@VCOPOSImageScanner@@@ATL@@WIE@AGJABU_GUID@@PAPAX@Z 1000173c f i ImageScanner.obj
 0001:00000749       ?AddRef@?$CComObject@VCOPOSImageScanner@@@ATL@@WIE@AGKXZ 10001749 f i ImageScanner.obj
 0001:00000756       ?Release@?$CComObject@VCOPOSImageScanner@@@ATL@@WIE@AGKXZ 10001756 f i ImageScanner.obj
 0001:00000763       ?QueryInterface@?$CComObject@VCOPOSImageScanner@@@ATL@@WII@AGJABU_GUID@@PAPAX@Z 10001763 f i ImageScanner.obj
 0001:00000770       ?AddRef@?$CComObject@VCOPOSImageScanner@@@ATL@@WII@AGKXZ 10001770 f i ImageScanner.obj
 0001:0000077d       ?Release@?$CComObject@VCOPOSImageScanner@@@ATL@@WII@AGKXZ 1000177d f i ImageScanner.obj
 0001:0000078a       ?QueryInterface@?$CComObject@VCOPOSImageScanner@@@ATL@@WIM@AGJABU_GUID@@PAPAX@Z 1000178a f i ImageScanner.obj
 0001:00000797       ?AddRef@?$CComObject@VCOPOSImageScanner@@@ATL@@WIM@AGKXZ 10001797 f i ImageScanner.obj
 0001:000007a4       ?Release@?$CComObject@VCOPOSImageScanner@@@ATL@@WIM@AGKXZ 100017a4 f i ImageScanner.obj
 0001:000007b1       ?QueryInterface@?$CComObject@VCOPOSImageScanner@@@ATL@@WJA@AGJABU_GUID@@PAPAX@Z 100017b1 f i ImageScanner.obj
 0001:000007be       ?AddRef@?$CComObject@VCOPOSImageScanner@@@ATL@@WJA@AGKXZ 100017be f i ImageScanner.obj
 0001:000007cb       ?Release@?$CComObject@VCOPOSImageScanner@@@ATL@@WJA@AGKXZ 100017cb f i ImageScanner.obj
 0001:000007d8       ?QueryInterface@?$CComObject@VCOPOSImageScanner@@@ATL@@WJE@AGJABU_GUID@@PAPAX@Z 100017d8 f i ImageScanner.obj
 0001:000007e5       ?AddRef@?$CComObject@VCOPOSImageScanner@@@ATL@@WJE@AGKXZ 100017e5 f i ImageScanner.obj
 0001:000007f2       ?Release@?$CComObject@VCOPOSImageScanner@@@ATL@@WJE@AGKXZ 100017f2 f i ImageScanner.obj
 0001:000007ff       ?QueryInterface@?$CComObject@VCOPOSImageScanner@@@ATL@@WJI@AGJABU_GUID@@PAPAX@Z 100017ff f i ImageScanner.obj
 0001:0000080c       ?AddRef@?$CComObject@VCOPOSImageScanner@@@ATL@@WJI@AGKXZ 1000180c f i ImageScanner.obj
 0001:00000819       ?Release@?$CComObject@VCOPOSImageScanner@@@ATL@@WJI@AGKXZ 10001819 f i ImageScanner.obj
 0001:00000826       ?QueryInterface@?$CComObject@VCOPOSImageScanner@@@ATL@@WJM@AGJABU_GUID@@PAPAX@Z 10001826 f i ImageScanner.obj
 0001:00000833       ?AddRef@?$CComObject@VCOPOSImageScanner@@@ATL@@WJM@AGKXZ 10001833 f i ImageScanner.obj
 0001:00000840       ?Release@?$CComObject@VCOPOSImageScanner@@@ATL@@WJM@AGKXZ 10001840 f i ImageScanner.obj
 0001:0000084d       ?QueryInterface@?$CComObject@VCOPOSImageScanner@@@ATL@@WKA@AGJABU_GUID@@PAPAX@Z 1000184d f i ImageScanner.obj
 0001:0000085a       ?AddRef@?$CComObject@VCOPOSImageScanner@@@ATL@@WKA@AGKXZ 1000185a f i ImageScanner.obj
 0001:00000867       ?Release@?$CComObject@VCOPOSImageScanner@@@ATL@@WKA@AGKXZ 10001867 f i ImageScanner.obj
 0001:00000874       ?AddRef@?$CComObject@VCOPOSImageScanner@@@ATL@@WKI@AGKXZ 10001874 f i ImageScanner.obj
 0001:00000881       ?Release@?$CComObject@VCOPOSImageScanner@@@ATL@@WKI@AGKXZ 10001881 f i ImageScanner.obj
 0001:0000088e       ?AddRef@?$CComObject@VCOPOSImageScanner@@@ATL@@WLE@AGKXZ 1000188e f i ImageScanner.obj
 0001:0000089b       ?Release@?$CComObject@VCOPOSImageScanner@@@ATL@@WLE@AGKXZ 1000189b f i ImageScanner.obj
 0001:000008a8       ??_E?$CComContainedObject@VCOPOSImageScanner@@@ATL@@W3AEPAXI@Z 100018a8 f i ImageScanner.obj
 0001:000008b0       ??_E?$CComContainedObject@VCOPOSImageScanner@@@ATL@@WEM@AEPAXI@Z 100018b0 f i ImageScanner.obj
 0001:000008b8       ?QueryInterface@?$CComContainedObject@VCOPOSImageScanner@@@ATL@@WHA@AGJABU_GUID@@PAPAX@Z 100018b8 f i ImageScanner.obj
 0001:000008c2       ?AddRef@?$CComContainedObject@VCOPOSImageScanner@@@ATL@@WHA@AGKXZ 100018c2 f i ImageScanner.obj
 0001:000008cc       ?Release@?$CComContainedObject@VCOPOSImageScanner@@@ATL@@WHA@AGKXZ 100018cc f i ImageScanner.obj
 0001:000008d6       ?QueryInterface@?$CComContainedObject@VCOPOSImageScanner@@@ATL@@WHE@AGJABU_GUID@@PAPAX@Z 100018d6 f i ImageScanner.obj
 0001:000008e0       ?AddRef@?$CComContainedObject@VCOPOSImageScanner@@@ATL@@WHE@AGKXZ 100018e0 f i ImageScanner.obj
 0001:000008ea       ?Release@?$CComContainedObject@VCOPOSImageScanner@@@ATL@@WHE@AGKXZ 100018ea f i ImageScanner.obj
 0001:000008f4       ?QueryInterface@?$CComContainedObject@VCOPOSImageScanner@@@ATL@@WHI@AGJABU_GUID@@PAPAX@Z 100018f4 f i ImageScanner.obj
 0001:000008fe       ?AddRef@?$CComContainedObject@VCOPOSImageScanner@@@ATL@@WHI@AGKXZ 100018fe f i ImageScanner.obj
 0001:00000908       ?Release@?$CComContainedObject@VCOPOSImageScanner@@@ATL@@WHI@AGKXZ 10001908 f i ImageScanner.obj
 0001:00000912       ?QueryInterface@?$CComContainedObject@VCOPOSImageScanner@@@ATL@@WHM@AGJABU_GUID@@PAPAX@Z 10001912 f i ImageScanner.obj
 0001:0000091c       ?AddRef@?$CComContainedObject@VCOPOSImageScanner@@@ATL@@WHM@AGKXZ 1000191c f i ImageScanner.obj
 0001:00000926       ?Release@?$CComContainedObject@VCOPOSImageScanner@@@ATL@@WHM@AGKXZ 10001926 f i ImageScanner.obj
 0001:00000930       ?QueryInterface@?$CComContainedObject@VCOPOSImageScanner@@@ATL@@WIA@AGJABU_GUID@@PAPAX@Z 10001930 f i ImageScanner.obj
 0001:0000093d       ?AddRef@?$CComContainedObject@VCOPOSImageScanner@@@ATL@@WIA@AGKXZ 1000193d f i ImageScanner.obj
 0001:0000094a       ?Release@?$CComContainedObject@VCOPOSImageScanner@@@ATL@@WIA@AGKXZ 1000194a f i ImageScanner.obj
 0001:00000957       ?QueryInterface@?$CComContainedObject@VCOPOSImageScanner@@@ATL@@WIE@AGJABU_GUID@@PAPAX@Z 10001957 f i ImageScanner.obj
 0001:00000964       ?AddRef@?$CComContainedObject@VCOPOSImageScanner@@@ATL@@WIE@AGKXZ 10001964 f i ImageScanner.obj
 0001:00000971       ?Release@?$CComContainedObject@VCOPOSImageScanner@@@ATL@@WIE@AGKXZ 10001971 f i ImageScanner.obj
 0001:0000097e       ?QueryInterface@?$CComContainedObject@VCOPOSImageScanner@@@ATL@@WII@AGJABU_GUID@@PAPAX@Z 1000197e f i ImageScanner.obj
 0001:0000098b       ?AddRef@?$CComContainedObject@VCOPOSImageScanner@@@ATL@@WII@AGKXZ 1000198b f i ImageScanner.obj
 0001:00000998       ?Release@?$CComContainedObject@VCOPOSImageScanner@@@ATL@@WII@AGKXZ 10001998 f i ImageScanner.obj
 0001:000009a5       ?QueryInterface@?$CComContainedObject@VCOPOSImageScanner@@@ATL@@WIM@AGJABU_GUID@@PAPAX@Z 100019a5 f i ImageScanner.obj
 0001:000009b2       ?AddRef@?$CComContainedObject@VCOPOSImageScanner@@@ATL@@WIM@AGKXZ 100019b2 f i ImageScanner.obj
 0001:000009bf       ?Release@?$CComContainedObject@VCOPOSImageScanner@@@ATL@@WIM@AGKXZ 100019bf f i ImageScanner.obj
 0001:000009cc       ?QueryInterface@?$CComContainedObject@VCOPOSImageScanner@@@ATL@@WJA@AGJABU_GUID@@PAPAX@Z 100019cc f i ImageScanner.obj
 0001:000009d9       ?AddRef@?$CComContainedObject@VCOPOSImageScanner@@@ATL@@WJA@AGKXZ 100019d9 f i ImageScanner.obj
 0001:000009e6       ?Release@?$CComContainedObject@VCOPOSImageScanner@@@ATL@@WJA@AGKXZ 100019e6 f i ImageScanner.obj
 0001:000009f3       ?QueryInterface@?$CComContainedObject@VCOPOSImageScanner@@@ATL@@WJE@AGJABU_GUID@@PAPAX@Z 100019f3 f i ImageScanner.obj
 0001:00000a00       ?AddRef@?$CComContainedObject@VCOPOSImageScanner@@@ATL@@WJE@AGKXZ 10001a00 f i ImageScanner.obj
 0001:00000a0d       ?Release@?$CComContainedObject@VCOPOSImageScanner@@@ATL@@WJE@AGKXZ 10001a0d f i ImageScanner.obj
 0001:00000a1a       ?QueryInterface@?$CComContainedObject@VCOPOSImageScanner@@@ATL@@WJI@AGJABU_GUID@@PAPAX@Z 10001a1a f i ImageScanner.obj
 0001:00000a27       ?AddRef@?$CComContainedObject@VCOPOSImageScanner@@@ATL@@WJI@AGKXZ 10001a27 f i ImageScanner.obj
 0001:00000a34       ?Release@?$CComContainedObject@VCOPOSImageScanner@@@ATL@@WJI@AGKXZ 10001a34 f i ImageScanner.obj
 0001:00000a41       ?QueryInterface@?$CComContainedObject@VCOPOSImageScanner@@@ATL@@WJM@AGJABU_GUID@@PAPAX@Z 10001a41 f i ImageScanner.obj
 0001:00000a4e       ?AddRef@?$CComContainedObject@VCOPOSImageScanner@@@ATL@@WJM@AGKXZ 10001a4e f i ImageScanner.obj
 0001:00000a5b       ?Release@?$CComContainedObject@VCOPOSImageScanner@@@ATL@@WJM@AGKXZ 10001a5b f i ImageScanner.obj
 0001:00000a68       ?QueryInterface@?$CComContainedObject@VCOPOSImageScanner@@@ATL@@WKA@AGJABU_GUID@@PAPAX@Z 10001a68 f i ImageScanner.obj
 0001:00000a75       ?AddRef@?$CComContainedObject@VCOPOSImageScanner@@@ATL@@WKA@AGKXZ 10001a75 f i ImageScanner.obj
 0001:00000a82       ?Release@?$CComContainedObject@VCOPOSImageScanner@@@ATL@@WKA@AGKXZ 10001a82 f i ImageScanner.obj
 0001:00000a8f       ?AddRef@?$CComContainedObject@VCOPOSImageScanner@@@ATL@@WKI@AGKXZ 10001a8f f i ImageScanner.obj
 0001:00000a9c       ?Release@?$CComContainedObject@VCOPOSImageScanner@@@ATL@@WKI@AGKXZ 10001a9c f i ImageScanner.obj
 0001:00000aa9       ?AddRef@?$CComContainedObject@VCOPOSImageScanner@@@ATL@@WLE@AGKXZ 10001aa9 f i ImageScanner.obj
 0001:00000ab6       ?Release@?$CComContainedObject@VCOPOSImageScanner@@@ATL@@WLE@AGKXZ 10001ab6 f i ImageScanner.obj
 0001:00000ac3       ?CreateInstance@CComClassFactory@ATL@@UAGJPAUIUnknown@@ABU_GUID@@PAPAX@Z 10001ac3 f i ImageScanner.obj
 0001:00000b01       ?LockServer@CComClassFactory@ATL@@UAGJH@Z 10001b01 f i ImageScanner.obj
 0001:00000b20       ??_ECComClassFactory@ATL@@UAEPAXI@Z 10001b20 f i ImageScanner.obj
 0001:00000b20       ??_GCComClassFactory@ATL@@UAEPAXI@Z 10001b20 f i ImageScanner.obj
 0001:00000b4b       ?GetWindowProc@?$CWindowImplBaseT@VCWindow@ATL@@V?$CWinTraits@$0FGAAAAAA@$0A@@2@@ATL@@UAEP6GJPAUHWND__@@IIJ@ZXZ 10001b4b f i ImageScanner.obj
 0001:00000b51       ?StartWindowProc@?$CWindowImplBaseT@VCWindow@ATL@@V?$CWinTraits@$0FGAAAAAA@$0A@@2@@ATL@@SGJPAUHWND__@@IIJ@Z 10001b51 f i ImageScanner.obj
 0001:00000ba5       ?ObjectMain@CComObjectRootBase@ATL@@SGX_N@Z 10001ba5 f i ImageScanner.obj
 0001:00000ba5       ?OnFinalMessage@?$CWindowImplBaseT@VCWindow@ATL@@V?$CWinTraits@$0FGAAAAAA@$0A@@2@@ATL@@UAEXPAUHWND__@@@Z 10001ba5 f i ImageScanner.obj
 0001:00000ba8       ?GetTypeInfoCount@?$IDispatchImpl@UIOPOSImageScanner@@$1?IID_IOPOSImageScanner@@3U_GUID@@B$1?LIBID_OposImageScanner_CCO@@3U3@B$00$0A@VCComTypeInfoHolder@ATL@@@ATL@@UAGJPAI@Z 10001ba8 f i ImageScanner.obj
 0001:00000bc5       ?GetTypeInfo@?$IDispatchImpl@UIOPOSImageScanner@@$1?IID_IOPOSImageScanner@@3U_GUID@@B$1?LIBID_OposImageScanner_CCO@@3U3@B$00$0A@VCComTypeInfoHolder@ATL@@@ATL@@UAGJIKPAPAUITypeInfo@@@Z 10001bc5 f i ImageScanner.obj
 0001:00000be9       ?GetIDsOfNames@?$IDispatchImpl@UIOPOSImageScanner@@$1?IID_IOPOSImageScanner@@3U_GUID@@B$1?LIBID_OposImageScanner_CCO@@3U3@B$00$0A@VCComTypeInfoHolder@ATL@@@ATL@@UAGJABU_GUID@@PAPA_WIKPAJ@Z 10001be9 f i ImageScanner.obj
 0001:00000c09       ?Invoke@?$IDispatchImpl@UIOPOSImageScanner@@$1?IID_IOPOSImageScanner@@3U_GUID@@B$1?LIBID_OposImageScanner_CCO@@3U3@B$00$0A@VCComTypeInfoHolder@ATL@@@ATL@@UAGJJABU_GUID@@KGPAUtagDISPPARAMS@@PAUtagVARIANT@@PAUtagEXCEPINFO@@PAI@Z 10001c09 f i ImageScanner.obj
 0001:00000c17       ?CreateControlWindow@?$CComControl@VCOPOSImageScanner@@V?$CWindowImpl@VCOPOSImageScanner@@VCWindow@ATL@@V?$CWinTraits@$0FGAAAAAA@$0A@@3@@ATL@@@ATL@@UAEPAUHWND__@@PAU3@AAUtagRECT@@@Z 10001c17 f i ImageScanner.obj
 0001:00000c46       ?ControlQueryInterface@?$CComControl@VCOPOSImageScanner@@V?$CWindowImpl@VCOPOSImageScanner@@VCWindow@ATL@@V?$CWinTraits@$0FGAAAAAA@$0A@@3@@ATL@@@ATL@@UAEJABU_GUID@@PAPAX@Z 10001c46 f i ImageScanner.obj
 0001:00000c61       ?GetClassID@?$IPersistStreamInitImpl@VCOPOSImageScanner@@@ATL@@UAGJPAU_GUID@@@Z 10001c61 f i ImageScanner.obj
 0001:00000c61       ?GetUserClassID@?$IOleObjectImpl@VCOPOSImageScanner@@@ATL@@UAGJPAU_GUID@@@Z 10001c61 f i ImageScanner.obj
 0001:00000c61       ?GetClassID@?$IPersistStorageImpl@VCOPOSImageScanner@@@ATL@@UAGJPAU_GUID@@@Z 10001c61 f i ImageScanner.obj
 0001:00000c85       ?IsDirty@?$IPersistStreamInitImpl@VCOPOSImageScanner@@@ATL@@UAGJXZ 10001c85 f i ImageScanner.obj
 0001:00000ca4       ?Load@?$IPersistStreamInitImpl@VCOPOSImageScanner@@@ATL@@UAGJPAUIStream@@@Z 10001ca4 f i ImageScanner.obj
 0001:00000cc3       ?Save@?$IPersistStreamInitImpl@VCOPOSImageScanner@@@ATL@@UAGJPAUIStream@@H@Z 10001cc3 f i ImageScanner.obj
 0001:00000ce5       ?GetSizeMax@?$IPersistStreamInitImpl@VCOPOSImageScanner@@@ATL@@UAGJPAT_ULARGE_INTEGER@@@Z 10001ce5 f i ImageScanner.obj
 0001:00000ec4       ?InitNew@?$IPersistStreamInitImpl@VCOPOSImageScanner@@@ATL@@UAGJXZ 10001ec4 f i ImageScanner.obj
 0001:00000ee1       ?QueryGetData@?$IDataObjectImpl@VCOPOSImageScanner@@@ATL@@UAGJPAUtagFORMATETC@@@Z 10001ee1 f i ImageScanner.obj
 0001:00000ee1       ?GetDropTarget@?$IOleInPlaceObjectWindowlessImpl@VCOPOSImageScanner@@@ATL@@UAGJPAPAUIDropTarget@@@Z 10001ee1 f i ImageScanner.obj
 0001:00000ee1       ?SOOutputCompleteDummy@COPOSImageScanner@@MAGJJ@Z 10001ee1 f i ImageScanner.obj
 0001:00000ee1       ?ContextSensitiveHelp@?$IOleInPlaceActiveObjectImpl@VCOPOSImageScanner@@@ATL@@UAGJH@Z 10001ee1 f i ImageScanner.obj
 0001:00000ee1       ?Unfreeze@?$IViewObjectExImpl@VCOPOSImageScanner@@@ATL@@UAGJK@Z 10001ee1 f i ImageScanner.obj
 0001:00000ee1       ?OnMnemonic@?$IOleControlImpl@VCOPOSImageScanner@@@ATL@@UAGJPAUtagMSG@@@Z 10001ee1 f i ImageScanner.obj
 0001:00000ee1       ?GetControlInfo@?$IOleControlImpl@VCOPOSImageScanner@@@ATL@@UAGJPAUtagCONTROLINFO@@@Z 10001ee1 f i ImageScanner.obj
 0001:00000ee1       ?SetColorScheme@?$IOleObjectImpl@VCOPOSImageScanner@@@ATL@@UAGJPAUtagLOGPALETTE@@@Z 10001ee1 f i ImageScanner.obj
 0001:00000ee1       ?ContextSensitiveHelp@?$IOleInPlaceObjectWindowlessImpl@VCOPOSImageScanner@@@ATL@@UAGJH@Z 10001ee1 f i ImageScanner.obj
 0001:00000ee9       ?SaveCompleted@?$IPersistStorageImpl@VCOPOSImageScanner@@@ATL@@UAGJPAUIStorage@@@Z 10001ee9 f i ImageScanner.obj
 0001:00000ee9       ?OnFrameWindowActivate@?$IOleInPlaceActiveObjectImpl@VCOPOSImageScanner@@@ATL@@UAGJH@Z 10001ee9 f i ImageScanner.obj
 0001:00000ee9       ?OnAmbientPropertyChange@?$IOleControlImpl@VCOPOSImageScanner@@@ATL@@UAGJJ@Z 10001ee9 f i ImageScanner.obj
 0001:00000ee9       ?EnableModeless@?$IOleInPlaceActiveObjectImpl@VCOPOSImageScanner@@@ATL@@UAGJH@Z 10001ee9 f i ImageScanner.obj
 0001:00000eee       ?SetClientSite@?$IOleObjectImpl@VCOPOSImageScanner@@@ATL@@UAGJPAUIOleClientSite@@@Z 10001eee f i ImageScanner.obj
 0001:00000f0b       ?GetClientSite@?$IOleObjectImpl@VCOPOSImageScanner@@@ATL@@UAGJPAPAUIOleClientSite@@@Z 10001f0b f i ImageScanner.obj
 0001:00000f28       ?SetHostNames@?$IOleObjectImpl@VCOPOSImageScanner@@@ATL@@UAGJPB_W0@Z 10001f28 f i ImageScanner.obj
 0001:00000f2d       ?Close@?$IOleObjectImpl@VCOPOSImageScanner@@@ATL@@UAGJK@Z 10001f2d f i ImageScanner.obj
 0001:00000f4a       ?GetDataHere@?$IDataObjectImpl@VCOPOSImageScanner@@@ATL@@UAGJPAUtagFORMATETC@@PAUtagSTGMEDIUM@@@Z 10001f4a f i ImageScanner.obj
 0001:00000f4a       ?GetRect@?$IViewObjectExImpl@VCOPOSImageScanner@@@ATL@@UAGJKPAU_RECTL@@@Z 10001f4a f i ImageScanner.obj
 0001:00000f4a       ?GetCanonicalFormatEtc@?$IDataObjectImpl@VCOPOSImageScanner@@@ATL@@UAGJPAUtagFORMATETC@@0@Z 10001f4a f i ImageScanner.obj
 0001:00000f4a       ?GetClipboardData@?$IOleObjectImpl@VCOPOSImageScanner@@@ATL@@UAGJKPAPAUIDataObject@@@Z 10001f4a f i ImageScanner.obj
 0001:00000f4a       ?SetMoniker@?$IOleObjectImpl@VCOPOSImageScanner@@@ATL@@UAGJKPAUIMoniker@@@Z 10001f4a f i ImageScanner.obj
 0001:00000f4a       ?QueryInterface@CRegObject@ATL@@UAGJABU_GUID@@PAPAX@Z 10001f4a f i ImageScanner.obj
 0001:00000f4a       ?EnumFormatEtc@?$IDataObjectImpl@VCOPOSImageScanner@@@ATL@@UAGJKPAPAUIEnumFORMATETC@@@Z 10001f4a f i ImageScanner.obj
 0001:00000f52       ?SetData@?$IDataObjectImpl@VCOPOSImageScanner@@@ATL@@UAGJPAUtagFORMATETC@@PAUtagSTGMEDIUM@@H@Z 10001f52 f i ImageScanner.obj
 0001:00000f52       ?GetMoniker@?$IOleObjectImpl@VCOPOSImageScanner@@@ATL@@UAGJKKPAPAUIMoniker@@@Z 10001f52 f i ImageScanner.obj
 0001:00000f52       ?InitFromData@?$IOleObjectImpl@VCOPOSImageScanner@@@ATL@@UAGJPAUIDataObject@@HK@Z 10001f52 f i ImageScanner.obj
 0001:00000f5a       ?DoVerb@?$IOleObjectImpl@VCOPOSImageScanner@@@ATL@@UAGJJPAUtagMSG@@PAUIOleClientSite@@JPAUHWND__@@PBUtagRECT@@@Z 10001f5a f i ImageScanner.obj
 0001:0000104e       ?EnumVerbs@?$IOleObjectImpl@VCOPOSImageScanner@@@ATL@@UAGJPAPAUIEnumOLEVERB@@@Z 1000204e f i ImageScanner.obj
 0001:00001070       ?Update@?$IOleObjectImpl@VCOPOSImageScanner@@@ATL@@UAGJXZ 10002070 f i ImageScanner.obj
 0001:00001070       ?IsUpToDate@?$IOleObjectImpl@VCOPOSImageScanner@@@ATL@@UAGJXZ 10002070 f i ImageScanner.obj
 0001:00001070       ?HandsOffStorage@?$IPersistStorageImpl@VCOPOSImageScanner@@@ATL@@UAGJXZ 10002070 f i ImageScanner.obj
 0001:00001070       ?Release@CRegObject@ATL@@UAGKXZ 10002070 f i ImageScanner.obj
 0001:00001075       ?GetUserType@?$IOleObjectImpl@VCOPOSImageScanner@@@ATL@@UAGJKPAPA_W@Z 10002075 f i ImageScanner.obj
 0001:0000108d       ?SetExtent@?$IOleObjectImpl@VCOPOSImageScanner@@@ATL@@UAGJKPAUtagSIZE@@@Z 1000208d f i ImageScanner.obj
 0001:000010ad       ?GetExtent@?$IOleObjectImpl@VCOPOSImageScanner@@@ATL@@UAGJKPAUtagSIZE@@@Z 100020ad f i ImageScanner.obj
 0001:000010eb       ?Advise@?$IOleObjectImpl@VCOPOSImageScanner@@@ATL@@UAGJPAUIAdviseSink@@PAK@Z 100020eb f i ImageScanner.obj
 0001:0000110b       ?Unadvise@?$IOleObjectImpl@VCOPOSImageScanner@@@ATL@@UAGJK@Z 1000210b f i ImageScanner.obj
 0001:0000113a       ?EnumAdvise@?$IOleObjectImpl@VCOPOSImageScanner@@@ATL@@UAGJPAPAUIEnumSTATDATA@@@Z 1000213a f i ImageScanner.obj
 0001:0000117a       ?GetMiscStatus@?$IOleObjectImpl@VCOPOSImageScanner@@@ATL@@UAGJKPAK@Z 1000217a f i ImageScanner.obj
 0001:00001192       ?GetWindow@?$IOleInPlaceActiveObjectImpl@VCOPOSImageScanner@@@ATL@@UAGJPAPAUHWND__@@@Z 10002192 f i ImageScanner.obj
 0001:000011df       ?TranslateAcceleratorW@?$IOleInPlaceActiveObjectImpl@VCOPOSImageScanner@@@ATL@@UAGJPAUtagMSG@@@Z 100021df f i ImageScanner.obj
 0001:0000128d       ?OnDocWindowActivate@?$IOleInPlaceActiveObjectImpl@VCOPOSImageScanner@@@ATL@@UAGJH@Z 1000228d f i ImageScanner.obj
 0001:000012af       ?ResizeBorder@?$IOleInPlaceActiveObjectImpl@VCOPOSImageScanner@@@ATL@@UAGJPBUtagRECT@@PAUIOleInPlaceUIWindow@@H@Z 100022af f i ImageScanner.obj
 0001:000012b4       ?Draw@?$IViewObjectExImpl@VCOPOSImageScanner@@@ATL@@UAGJKJPAXPAUtagDVTARGETDEVICE@@PAUHDC__@@2PBU_RECTL@@3P6GHK@ZK@Z 100022b4 f i ImageScanner.obj
 0001:000012e6       ?GetColorSet@?$IViewObjectExImpl@VCOPOSImageScanner@@@ATL@@UAGJKJPAXPAUtagDVTARGETDEVICE@@PAUHDC__@@PAPAUtagLOGPALETTE@@@Z 100022e6 f i ImageScanner.obj
 0001:000012ee       ?Freeze@?$IViewObjectExImpl@VCOPOSImageScanner@@@ATL@@UAGJKJPAXPAK@Z 100022ee f i ImageScanner.obj
 0001:000012f6       ?SetAdvise@?$IViewObjectExImpl@VCOPOSImageScanner@@@ATL@@UAGJKKPAUIAdviseSink@@@Z 100022f6 f i ImageScanner.obj
 0001:00001315       ?GetAdvise@?$IViewObjectExImpl@VCOPOSImageScanner@@@ATL@@UAGJPAK0PAPAUIAdviseSink@@@Z 10002315 f i ImageScanner.obj
 0001:0000134a       ?GetExtent@?$IViewObjectExImpl@VCOPOSImageScanner@@@ATL@@UAGJKJPAUtagDVTARGETDEVICE@@PAUtagSIZE@@@Z 1000234a f i ImageScanner.obj
 0001:0000137b       ?GetViewStatus@?$IViewObjectExImpl@VCOPOSImageScanner@@@ATL@@UAGJPAK@Z 1000237b f i ImageScanner.obj
 0001:00001398       ?QueryHitPoint@?$IViewObjectExImpl@VCOPOSImageScanner@@@ATL@@UAGJKPBUtagRECT@@UtagPOINT@@JPAK@Z 10002398 f i ImageScanner.obj
 0001:000013d9       ?QueryHitRect@?$IViewObjectExImpl@VCOPOSImageScanner@@@ATL@@UAGJKPBUtagRECT@@0JPAK@Z 100023d9 f i ImageScanner.obj
 0001:00001434       ?GetNaturalExtent@?$IViewObjectExImpl@VCOPOSImageScanner@@@ATL@@UAGJKJPAUtagDVTARGETDEVICE@@PAUHDC__@@PAUtagExtentInfo@@PAUtagSIZE@@@Z 10002434 f i ImageScanner.obj
 0001:0000147f       ?GetWindow@?$IOleInPlaceObjectWindowlessImpl@VCOPOSImageScanner@@@ATL@@UAGJPAPAUHWND__@@@Z 1000247f f i ImageScanner.obj
 0001:000014cc       ?InPlaceDeactivate@?$IOleInPlaceObjectWindowlessImpl@VCOPOSImageScanner@@@ATL@@UAGJXZ 100024cc f i ImageScanner.obj
 0001:000014e6       ?UIDeactivate@?$IOleInPlaceObjectWindowlessImpl@VCOPOSImageScanner@@@ATL@@UAGJXZ 100024e6 f i ImageScanner.obj
 0001:00001500       ?SetObjectRects@?$IOleInPlaceObjectWindowlessImpl@VCOPOSImageScanner@@@ATL@@UAGJPBUtagRECT@@0@Z 10002500 f i ImageScanner.obj
 0001:00001520       ?ReactivateAndUndo@?$IOleInPlaceObjectWindowlessImpl@VCOPOSImageScanner@@@ATL@@UAGJXZ 10002520 f i ImageScanner.obj
 0001:00001528       ?OnWindowMessage@?$IOleInPlaceObjectWindowlessImpl@VCOPOSImageScanner@@@ATL@@UAGJIIJPAJ@Z 10002528 f i ImageScanner.obj
 0001:00001598       ?EnumConnectionPoints@?$IConnectionPointContainerImpl@VCOPOSImageScanner@@@ATL@@UAGJPAPAUIEnumConnectionPoints@@@Z 10002598 f i ImageScanner.obj
 0001:00001724       ?FindConnectionPoint@?$IConnectionPointContainerImpl@VCOPOSImageScanner@@@ATL@@UAGJABU_GUID@@PAPAUIConnectionPoint@@@Z 10002724 f i ImageScanner.obj
 0001:000017c7       ?IsDirty@?$IPersistStorageImpl@VCOPOSImageScanner@@@ATL@@UAGJXZ 100027c7 f i ImageScanner.obj
 0001:000017f7       ?InitNew@?$IPersistStorageImpl@VCOPOSImageScanner@@@ATL@@UAGJPAUIStorage@@@Z 100027f7 f i ImageScanner.obj
 0001:00001827       ?Load@?$IPersistStorageImpl@VCOPOSImageScanner@@@ATL@@UAGJPAUIStorage@@@Z 10002827 f i ImageScanner.obj
 0001:00001893       ?Save@?$IPersistStorageImpl@VCOPOSImageScanner@@@ATL@@UAGJPAUIStorage@@H@Z 10002893 f i ImageScanner.obj
 0001:00001906       ?GetPages@?$ISpecifyPropertyPagesImpl@VCOPOSImageScanner@@@ATL@@UAGJPAUtagCAUUID@@@Z 10002906 f i ImageScanner.obj
 0001:0000191d       ?QuickActivate@?$IQuickActivateImpl@VCOPOSImageScanner@@@ATL@@UAGJPAUtagQACONTAINER@@PAUtagQACONTROL@@@Z 1000291d f i ImageScanner.obj
 0001:00001940       ?SetContentExtent@?$IQuickActivateImpl@VCOPOSImageScanner@@@ATL@@UAGJPAUtagSIZE@@@Z 10002940 f i ImageScanner.obj
 0001:0000196c       ?GetContentExtent@?$IQuickActivateImpl@VCOPOSImageScanner@@@ATL@@UAGJPAUtagSIZE@@@Z 1000296c f i ImageScanner.obj
 0001:000019a8       ?GetData@?$IDataObjectImpl@VCOPOSImageScanner@@@ATL@@UAGJPAUtagFORMATETC@@PAUtagSTGMEDIUM@@@Z 100029a8 f i ImageScanner.obj
 0001:000019cb       ?DAdvise@?$IDataObjectImpl@VCOPOSImageScanner@@@ATL@@UAGJPAUtagFORMATETC@@KPAUIAdviseSink@@PAK@Z 100029cb f i ImageScanner.obj
 0001:00001a0c       ?DUnadvise@?$IDataObjectImpl@VCOPOSImageScanner@@@ATL@@UAGJK@Z 10002a0c f i ImageScanner.obj
 0001:00001a3a       ?EnumDAdvise@?$IDataObjectImpl@VCOPOSImageScanner@@@ATL@@UAGJPAPAUIEnumSTATDATA@@@Z 10002a3a f i ImageScanner.obj
 0001:00001a79       ?GetClassInfoW@?$IProvideClassInfo2Impl@$1?CLSID_OPOSImageScanner@@3U_GUID@@B$1?DIID__IOPOSImageScannerEvents@@3U2@B$1?LIBID_OposImageScanner_CCO@@3U2@B$00$0A@VCComTypeInfoHolder@ATL@@@ATL@@UAGJPAPAUITypeInfo@@@Z 10002a79 f i ImageScanner.obj
 0001:00001a8f       ?GetGUID@?$IProvideClassInfo2Impl@$1?CLSID_OPOSImageScanner@@3U_GUID@@B$1?DIID__IOPOSImageScannerEvents@@3U2@B$1?LIBID_OposImageScanner_CCO@@3U2@B$00$0A@VCComTypeInfoHolder@ATL@@@ATL@@UAGJKPAU_GUID@@@Z 10002a8f f i ImageScanner.obj
 0001:00001acd       ?FAccessAllowed@?$IObjectSafetyImpl@VCOPOSImageScanner@@$02@ATL@@MAEHXZ 10002acd f i ImageScanner.obj
 0001:00001acd       __get_startup_argv_mode    10002acd f i LIBCMT:argv_mode.obj
 0001:00001ad1       ?GetInterfaceSafetyOptions@?$IObjectSafetyImpl@VCOPOSImageScanner@@$02@ATL@@UAGJABU_GUID@@PAK1@Z 10002ad1 f i ImageScanner.obj
 0001:00001b45       ?SetInterfaceSafetyOptions@?$IObjectSafetyImpl@VCOPOSImageScanner@@$02@ATL@@UAGJABU_GUID@@KK@Z 10002b45 f i ImageScanner.obj
 0001:00001bbf       ?_LocCPQueryInterface@?$IConnectionPointImpl@VCOPOSImageScanner@@$1?DIID__IOPOSImageScannerEvents@@3U_GUID@@BVCComDynamicUnkArray@ATL@@@ATL@@UAGJABU_GUID@@PAPAX@Z 10002bbf f i ImageScanner.obj
 0001:00001bbf       ?_LocCPQueryInterface@?$IConnectionPointImpl@VCOPOSImageScanner@@$1?IID_IPropertyNotifySink@@3U_GUID@@BVCComDynamicUnkArray@ATL@@@ATL@@UAGJABU_GUID@@PAPAX@Z 10002bbf f i ImageScanner.obj
 0001:00001c0c       ?GetConnectionInterface@?$IConnectionPointImpl@VCOPOSImageScanner@@$1?IID_IPropertyNotifySink@@3U_GUID@@BVCComDynamicUnkArray@ATL@@@ATL@@UAGJPAU_GUID@@@Z 10002c0c f i ImageScanner.obj
 0001:00001c30       ?GetConnectionPointContainer@?$IConnectionPointImpl@VCOPOSImageScanner@@$1?IID_IPropertyNotifySink@@3U_GUID@@BVCComDynamicUnkArray@ATL@@@ATL@@UAGJPAPAUIConnectionPointContainer@@@Z 10002c30 f i ImageScanner.obj
 0001:00001c53       ?Advise@?$IConnectionPointImpl@VCOPOSImageScanner@@$1?DIID__IOPOSImageScannerEvents@@3U_GUID@@BVCComDynamicUnkArray@ATL@@@ATL@@UAGJPAUIUnknown@@PAK@Z 10002c53 f i ImageScanner.obj
 0001:00001c53       ?Advise@?$IConnectionPointImpl@VCOPOSImageScanner@@$1?IID_IPropertyNotifySink@@3U_GUID@@BVCComDynamicUnkArray@ATL@@@ATL@@UAGJPAUIUnknown@@PAK@Z 10002c53 f i ImageScanner.obj
 0001:00001cf3       ?Unadvise@?$IConnectionPointImpl@VCOPOSImageScanner@@$1?IID_IPropertyNotifySink@@3U_GUID@@BVCComDynamicUnkArray@ATL@@@ATL@@UAGJK@Z 10002cf3 f i ImageScanner.obj
 0001:00001cf3       ?Unadvise@?$IConnectionPointImpl@VCOPOSImageScanner@@$1?DIID__IOPOSImageScannerEvents@@3U_GUID@@BVCComDynamicUnkArray@ATL@@@ATL@@UAGJK@Z 10002cf3 f i ImageScanner.obj
 0001:00001d33       ?EnumConnections@?$IConnectionPointImpl@VCOPOSImageScanner@@$1?DIID__IOPOSImageScannerEvents@@3U_GUID@@BVCComDynamicUnkArray@ATL@@@ATL@@UAGJPAPAUIEnumConnections@@@Z 10002d33 f i ImageScanner.obj
 0001:00001d33       ?EnumConnections@?$IConnectionPointImpl@VCOPOSImageScanner@@$1?IID_IPropertyNotifySink@@3U_GUID@@BVCComDynamicUnkArray@ATL@@@ATL@@UAGJPAPAUIEnumConnections@@@Z 10002d33 f i ImageScanner.obj
 0001:00001e2e       ?GetCategoryMap@CComObjectRootBase@ATL@@SAPBU_ATL_CATMAP_ENTRY@2@XZ 10002e2e f i ImageScanner.obj
 0001:00001e2e       ?GetObjectDescription@?$CComCoClass@VCOPOSImageScanner@@$1?CLSID_OPOSImageScanner@@3U_GUID@@B@ATL@@SGPB_WXZ 10002e2e f i ImageScanner.obj
 0001:00001e31       ?GetConnectionInterface@?$IConnectionPointImpl@VCOPOSImageScanner@@$1?DIID__IOPOSImageScannerEvents@@3U_GUID@@BVCComDynamicUnkArray@ATL@@@ATL@@UAGJPAU_GUID@@@Z 10002e31 f i ImageScanner.obj
 0001:00001e55       ?GetConnectionPointContainer@?$IConnectionPointImpl@VCOPOSImageScanner@@$1?DIID__IOPOSImageScannerEvents@@3U_GUID@@BVCComDynamicUnkArray@ATL@@@ATL@@UAGJPAPAUIConnectionPointContainer@@@Z 10002e55 f i ImageScanner.obj
 0001:00001e78       ?UpdateRegistry@COPOSImageScanner@@SGJH@Z 10002e78 f i ImageScanner.obj
 0001:00001e90       ?ProcessWindowMessage@COPOSImageScanner@@UAEHPAUHWND__@@IIJAAJK@Z 10002e90 f i ImageScanner.obj
 0001:00001ed9       ?SOData@COPOSImageScanner@@MAGJJ@Z 10002ed9 f i ImageScanner.obj
 0001:00001f12       ?Lock@CAtlModule@ATL@@UAEJXZ 10002f12 f i ImageScanner.obj
 0001:00001f1c       ?Unlock@CAtlModule@ATL@@UAEJXZ 10002f1c f i ImageScanner.obj
 0001:00001f26       ?GetLockCount@CAtlModule@ATL@@UAEJXZ 10002f26 f i ImageScanner.obj
 0001:00001f2a       ?SODirectIO@COPOSImageScanner@@MAGJJPAJPAPA_W@Z 10002f2a f i ImageScanner.obj
 0001:00001f73       ?GetGITPtr@CAtlModule@ATL@@UAEJPAPAUIGlobalInterfaceTable@@@Z 10002f73 f i ImageScanner.obj
 0001:00001fbf       ?SOError@COPOSImageScanner@@MAGJJJJPAJ@Z 10002fbf f i ImageScanner.obj
 0001:00002014       ?SOStatusUpdate@COPOSImageScanner@@MAGJJ@Z 10003014 f i ImageScanner.obj
 0001:0000204d       ?AddCommonRGSReplacements@?$CAtlModuleT@VCComModule@ATL@@@ATL@@UAEJPAUIRegistrarBase@@@Z 1000304d f i ImageScanner.obj
 0001:00002067       ?UpdateRegistryFromResourceD@CComModule@ATL@@UAGJPB_WHPAU_ATL_REGMAP_ENTRY@2@@Z 10003067 f i ImageScanner.obj
 0001:00002067       ?UpdateRegistryFromResourceD@CComModule@ATL@@UAGJIHPAU_ATL_REGMAP_ENTRY@2@@Z 10003067 f i ImageScanner.obj
 0001:0000206f       ?UpdateRegistryFromResource@CComModule@ATL@@UAGJPB_WHPAU_ATL_REGMAP_ENTRY@2@@Z 1000306f f i ImageScanner.obj
 0001:00002078       ?UpdateRegistryFromResource@CComModule@ATL@@UAGJIHPAU_ATL_REGMAP_ENTRY@2@@Z 10003078 f i ImageScanner.obj
 0001:00002081       ??_ECComModule@ATL@@UAEPAXI@Z 10003081 f i ImageScanner.obj
 0001:00002081       ??_GCComModule@ATL@@UAEPAXI@Z 10003081 f i ImageScanner.obj
 0001:000020a9       ?CreateInstance@?$CComCreator@V?$CComObjectCached@VCComClassFactory@ATL@@@ATL@@@ATL@@SGJPAXABU_GUID@@PAPAX@Z 100030a9 f i ImageScanner.obj
 0001:00002149       ?CreateInstance@?$CComCreator2@V?$CComCreator@V?$CComObject@VCOPOSImageScanner@@@ATL@@@ATL@@V?$CComCreator@V?$CComAggObject@VCOPOSImageScanner@@@ATL@@@2@@ATL@@SGJPAXABU_GUID@@PAPAX@Z 10003149 f i ImageScanner.obj
 0001:00002169       ?AddRef@?$CComObjectCached@VCComClassFactory@ATL@@@ATL@@UAGKXZ 10003169 f i ImageScanner.obj
 0001:00002190       ?Release@?$CComObjectCached@VCComClassFactory@ATL@@@ATL@@UAGKXZ 10003190 f i ImageScanner.obj
 0001:000021c6       ?QueryInterface@?$CComObjectCached@VCComClassFactory@ATL@@@ATL@@UAGJABU_GUID@@PAPAX@Z 100031c6 f i ImageScanner.obj
 0001:000021e0       ??_G?$CComObjectCached@VCComClassFactory@ATL@@@ATL@@UAEPAXI@Z 100031e0 f i ImageScanner.obj
 0001:000021e0       ??_E?$CComObjectCached@VCComClassFactory@ATL@@@ATL@@UAEPAXI@Z 100031e0 f i ImageScanner.obj
 0001:00002202       ?Next@?$CComEnumImpl@UIEnumConnectionPoints@@$1?_GUID_b196b285_bab4_101a_b69c_00aa00341d07@@3U__s_GUID@@BPAUIConnectionPoint@@V?$_CopyInterface@UIConnectionPoint@@@ATL@@@ATL@@UAGJKPAPAUIConnectionPoint@@PAK@Z 10003202 f i ImageScanner.obj
 0001:000022d9       ?Skip@?$CComEnumImpl@UIEnumConnectionPoints@@$1?_GUID_b196b285_bab4_101a_b69c_00aa00341d07@@3U__s_GUID@@BPAUIConnectionPoint@@V?$_CopyInterface@UIConnectionPoint@@@ATL@@@ATL@@UAGJK@Z 100032d9 f i ImageScanner.obj
 0001:00002306       ?Reset@?$CComEnumImpl@UIEnumConnections@@$1?_GUID_b196b287_bab4_101a_b69c_00aa00341d07@@3U__s_GUID@@BUtagCONNECTDATA@@V?$_Copy@UtagCONNECTDATA@@@ATL@@@ATL@@UAGJXZ 10003306 f i ImageScanner.obj
 0001:00002306       ?Reset@?$CComEnumImpl@UIEnumConnectionPoints@@$1?_GUID_b196b285_bab4_101a_b69c_00aa00341d07@@3U__s_GUID@@BPAUIConnectionPoint@@V?$_CopyInterface@UIConnectionPoint@@@ATL@@@ATL@@UAGJXZ 10003306 f i ImageScanner.obj
 0001:00002318       ?Clone@?$CComEnumImpl@UIEnumConnectionPoints@@$1?_GUID_b196b285_bab4_101a_b69c_00aa00341d07@@3U__s_GUID@@BPAUIConnectionPoint@@V?$_CopyInterface@UIConnectionPoint@@@ATL@@@ATL@@UAGJPAPAUIEnumConnectionPoints@@@Z 10003318 f i ImageScanner.obj
 0001:000023f9       ?AddRef@?$CComObject@V?$CComEnum@UIEnumConnectionPoints@@$1?_GUID_b196b285_bab4_101a_b69c_00aa00341d07@@3U__s_GUID@@BPAUIConnectionPoint@@V?$_CopyInterface@UIConnectionPoint@@@ATL@@VCComSingleThreadModel@6@@ATL@@@ATL@@UAGKXZ 100033f9 f i ImageScanner.obj
 0001:000023f9       ?AddRef@?$CComObject@V?$CComEnum@UIEnumConnections@@$1?_GUID_b196b287_bab4_101a_b69c_00aa00341d07@@3U__s_GUID@@BUtagCONNECTDATA@@V?$_Copy@UtagCONNECTDATA@@@ATL@@VCComSingleThreadModel@6@@ATL@@@ATL@@UAGKXZ 100033f9 f i ImageScanner.obj
 0001:0000240a       ?Release@?$CComObject@V?$CComEnum@UIEnumConnectionPoints@@$1?_GUID_b196b285_bab4_101a_b69c_00aa00341d07@@3U__s_GUID@@BPAUIConnectionPoint@@V?$_CopyInterface@UIConnectionPoint@@@ATL@@VCComSingleThreadModel@6@@ATL@@@ATL@@UAGKXZ 1000340a f i ImageScanner.obj
 0001:0000240a       ?Release@?$CComObject@V?$CComEnum@UIEnumConnections@@$1?_GUID_b196b287_bab4_101a_b69c_00aa00341d07@@3U__s_GUID@@BUtagCONNECTDATA@@V?$_Copy@UtagCONNECTDATA@@@ATL@@VCComSingleThreadModel@6@@ATL@@@ATL@@UAGKXZ 1000340a f i ImageScanner.obj
 0001:00002446       ?QueryInterface@?$CComObject@V?$CComEnum@UIEnumConnectionPoints@@$1?_GUID_b196b285_bab4_101a_b69c_00aa00341d07@@3U__s_GUID@@BPAUIConnectionPoint@@V?$_CopyInterface@UIConnectionPoint@@@ATL@@VCComSingleThreadModel@6@@ATL@@@ATL@@UAGJABU_GUID@@PAPAX@Z 10003446 f i ImageScanner.obj
 0001:00002460       ??_E?$CComObject@V?$CComEnum@UIEnumConnectionPoints@@$1?_GUID_b196b285_bab4_101a_b69c_00aa00341d07@@3U__s_GUID@@BPAUIConnectionPoint@@V?$_CopyInterface@UIConnectionPoint@@@ATL@@VCComSingleThreadModel@6@@ATL@@@ATL@@UAEPAXI@Z 10003460 f i ImageScanner.obj
 0001:00002460       ??_G?$CComObject@V?$CComEnum@UIEnumConnectionPoints@@$1?_GUID_b196b285_bab4_101a_b69c_00aa00341d07@@3U__s_GUID@@BPAUIConnectionPoint@@V?$_CopyInterface@UIConnectionPoint@@@ATL@@VCComSingleThreadModel@6@@ATL@@@ATL@@UAEPAXI@Z 10003460 f i ImageScanner.obj
 0001:00002482       ?AddRef@CRegObject@ATL@@UAGKXZ 10003482 f i ImageScanner.obj
 0001:00002488       ?AddReplacement@CRegObject@ATL@@UAGJPB_W0@Z 10003488 f i ImageScanner.obj
 0001:000024c1       ?ClearReplacements@CRegObject@ATL@@UAGJXZ 100034c1 f i ImageScanner.obj
 0001:000024d3       ??_ECRegObject@ATL@@UAEPAXI@Z 100034d3 f i ImageScanner.obj
 0001:000024d3       ??_GCRegObject@ATL@@UAEPAXI@Z 100034d3 f i ImageScanner.obj
 0001:000024f5       ?AddRef@?$CComAggObject@VCOPOSImageScanner@@@ATL@@UAGKXZ 100034f5 f i ImageScanner.obj
 0001:00002506       ?Release@?$CComAggObject@VCOPOSImageScanner@@@ATL@@UAGKXZ 10003506 f i ImageScanner.obj
 0001:00002542       ?QueryInterface@?$CComAggObject@VCOPOSImageScanner@@@ATL@@UAGJABU_GUID@@PAPAX@Z 10003542 f i ImageScanner.obj
 0001:00002591       ?AddRef@?$CComContainedObject@VCOPOSImageScanner@@@ATL@@UAGKXZ 10003591 f i ImageScanner.obj
 0001:000025a7       ?Release@?$CComContainedObject@VCOPOSImageScanner@@@ATL@@UAGKXZ 100035a7 f i ImageScanner.obj
 0001:000025bd       ?QueryInterface@?$CComContainedObject@VCOPOSImageScanner@@@ATL@@UAGJABU_GUID@@PAPAX@Z 100035bd f i ImageScanner.obj
 0001:000025d8       ??_G?$CComAggObject@VCOPOSImageScanner@@@ATL@@UAEPAXI@Z 100035d8 f i ImageScanner.obj
 0001:000025d8       ??_E?$CComAggObject@VCOPOSImageScanner@@@ATL@@UAEPAXI@Z 100035d8 f i ImageScanner.obj
 0001:000025fd       ?AddRef@?$CComObject@VCOPOSImageScanner@@@ATL@@UAGKXZ 100035fd f i ImageScanner.obj
 0001:00002614       ?Release@?$CComObject@VCOPOSImageScanner@@@ATL@@UAGKXZ 10003614 f i ImageScanner.obj
 0001:00002656       ?QueryInterface@?$CComObject@VCOPOSImageScanner@@@ATL@@UAGJABU_GUID@@PAPAX@Z 10003656 f i ImageScanner.obj
 0001:00002670       ?OnDrawAdvanced@CComControlBase@ATL@@UAEJAAUATL_DRAWINFO@@@Z 10003670 f i ImageScanner.obj
 0001:00002763       ?Next@?$CComEnumImpl@UIEnumConnections@@$1?_GUID_b196b287_bab4_101a_b69c_00aa00341d07@@3U__s_GUID@@BUtagCONNECTDATA@@V?$_Copy@UtagCONNECTDATA@@@ATL@@@ATL@@UAGJKPAUtagCONNECTDATA@@PAK@Z 10003763 f i ImageScanner.obj
 0001:0000283a       ?Skip@?$CComEnumImpl@UIEnumConnections@@$1?_GUID_b196b287_bab4_101a_b69c_00aa00341d07@@3U__s_GUID@@BUtagCONNECTDATA@@V?$_Copy@UtagCONNECTDATA@@@ATL@@@ATL@@UAGJK@Z 1000383a f i ImageScanner.obj
 0001:00002867       ?Clone@?$CComEnumImpl@UIEnumConnections@@$1?_GUID_b196b287_bab4_101a_b69c_00aa00341d07@@3U__s_GUID@@BUtagCONNECTDATA@@V?$_Copy@UtagCONNECTDATA@@@ATL@@@ATL@@UAGJPAPAUIEnumConnections@@@Z 10003867 f i ImageScanner.obj
 0001:00002948       ?QueryInterface@?$CComObject@V?$CComEnum@UIEnumConnections@@$1?_GUID_b196b287_bab4_101a_b69c_00aa00341d07@@3U__s_GUID@@BUtagCONNECTDATA@@V?$_Copy@UtagCONNECTDATA@@@ATL@@VCComSingleThreadModel@6@@ATL@@@ATL@@UAGJABU_GUID@@PAPAX@Z 10003948 f i ImageScanner.obj
 0001:00002962       ??_G?$CComObject@V?$CComEnum@UIEnumConnections@@$1?_GUID_b196b287_bab4_101a_b69c_00aa00341d07@@3U__s_GUID@@BUtagCONNECTDATA@@V?$_Copy@UtagCONNECTDATA@@@ATL@@VCComSingleThreadModel@6@@ATL@@@ATL@@UAEPAXI@Z 10003962 f i ImageScanner.obj
 0001:00002962       ??_E?$CComObject@V?$CComEnum@UIEnumConnections@@$1?_GUID_b196b287_bab4_101a_b69c_00aa00341d07@@3U__s_GUID@@BUtagCONNECTDATA@@V?$_Copy@UtagCONNECTDATA@@@ATL@@VCComSingleThreadModel@6@@ATL@@@ATL@@UAEPAXI@Z 10003962 f i ImageScanner.obj
 0001:00002984       ??$?4UITypeInfo2@@@?$CComPtr@UITypeInfo@@@ATL@@QAEPAUITypeInfo@@ABV?$CComPtr@UITypeInfo2@@@1@@Z 10003984 f i ImageScanner.obj
 0001:000029b1       ??$AtlAdd@K@ATL@@YAJPAKKK@Z 100039b1 f i ImageScanner.obj
 0001:000029d4       ??$AtlAdd@_K@ATL@@YAJPA_K_K1@Z 100039d4 f i ImageScanner.obj
 0001:00002a0c       ??$AtlAddThrow@K@ATL@@YAKKK@Z 10003a0c f i ImageScanner.obj
 0001:00002a32       ??$AtlModuleRegisterWndClassInfoT@VAtlModuleRegisterWndClassInfoParamW@ATL@@@ATL@@YAGPAU_ATL_BASE_MODULE70@0@PAU_ATL_WIN_MODULE70@0@PAU_ATL_WNDCLASSINFOW@0@PAP6GJPAUHWND__@@IIJ@ZVAtlModuleRegisterWndClassInfoParamW@0@@Z 10003a32 f i ImageScanner.obj
 0001:00002b80       ??$AtlMultiply@H@ATL@@YAJPAHHH@Z 10003b80 f i ImageScanner.obj
 0001:00002bb8       ??$AtlMultiply@K@ATL@@YAJPAKKK@Z 10003bb8 f i ImageScanner.obj
 0001:00002bb8       ??$AtlMultiply@I@ATL@@YAJPAIII@Z 10003bb8 f i ImageScanner.obj
 0001:00002bda       ??$AtlMultiplyThrow@I@ATL@@YAIII@Z 10003bda f i ImageScanner.obj
 0001:00002c00       ??0?$CComAggObject@VCOPOSImageScanner@@@ATL@@QAE@PAX@Z 10003c00 f i ImageScanner.obj
 0001:00002c2d       ??0?$CComContainedObject@VCOPOSImageScanner@@@ATL@@QAE@PAX@Z 10003c2d f i ImageScanner.obj
 0001:00002ce6       ??0?$CComObject@V?$CComEnum@UIEnumConnectionPoints@@$1?_GUID_b196b285_bab4_101a_b69c_00aa00341d07@@3U__s_GUID@@BPAUIConnectionPoint@@V?$_CopyInterface@UIConnectionPoint@@@ATL@@VCComSingleThreadModel@6@@ATL@@@ATL@@QAE@PAX@Z 10003ce6 f i ImageScanner.obj
 0001:00002d14       ??0?$CComObject@V?$CComEnum@UIEnumConnections@@$1?_GUID_b196b287_bab4_101a_b69c_00aa00341d07@@3U__s_GUID@@BUtagCONNECTDATA@@V?$_Copy@UtagCONNECTDATA@@@ATL@@VCComSingleThreadModel@6@@ATL@@@ATL@@QAE@PAX@Z 10003d14 f i ImageScanner.obj
 0001:00002d42       ??0?$CComObject@VCOPOSImageScanner@@@ATL@@QAE@PAX@Z 10003d42 f i ImageScanner.obj
 0001:00002df9       ??0?$CComQIPtr@UIOleControlSite@@$1?_GUID_b196b289_bab4_101a_b69c_00aa00341d07@@3U__s_GUID@@B@ATL@@QAE@PAUIUnknown@@@Z 10003df9 f i ImageScanner.obj
 0001:00002e22       ??0CAtlModule@ATL@@QAE@XZ  10003e22 f i ImageScanner.obj
 0001:00002e63       ??0CParseBuffer@CRegParser@ATL@@QAE@H@Z 10003e63 f i ImageScanner.obj
 0001:00002e99       ??0_ATL_MSG@ATL@@QAE@PAUHWND__@@IIJH@Z 10003e99 f i ImageScanner.obj
 0001:00002ed1       ??1?$CComAggObject@VCOPOSImageScanner@@@ATL@@UAE@XZ 10003ed1 f i ImageScanner.obj
 0001:00002ef5       ??1?$CComEnumImpl@UIEnumConnectionPoints@@$1?_GUID_b196b285_bab4_101a_b69c_00aa00341d07@@3U__s_GUID@@BPAUIConnectionPoint@@V?$_CopyInterface@UIConnectionPoint@@@ATL@@@ATL@@UAE@XZ 10003ef5 f i ImageScanner.obj
 0001:00002f35       ??1?$CComEnumImpl@UIEnumConnections@@$1?_GUID_b196b287_bab4_101a_b69c_00aa00341d07@@3U__s_GUID@@BUtagCONNECTDATA@@V?$_Copy@UtagCONNECTDATA@@@ATL@@@ATL@@UAE@XZ 10003f35 f i ImageScanner.obj
 0001:00002f75       ??1?$CComObject@V?$CComEnum@UIEnumConnectionPoints@@$1?_GUID_b196b285_bab4_101a_b69c_00aa00341d07@@3U__s_GUID@@BPAUIConnectionPoint@@V?$_CopyInterface@UIConnectionPoint@@@ATL@@VCComSingleThreadModel@6@@ATL@@@ATL@@UAE@XZ 10003f75 f i ImageScanner.obj
 0001:00002f98       ??1?$CComObject@V?$CComEnum@UIEnumConnections@@$1?_GUID_b196b287_bab4_101a_b69c_00aa00341d07@@3U__s_GUID@@BUtagCONNECTDATA@@V?$_Copy@UtagCONNECTDATA@@@ATL@@VCComSingleThreadModel@6@@ATL@@@ATL@@UAE@XZ 10003f98 f i ImageScanner.obj
 0001:00002fbb       ??1?$CComObject@VCOPOSImageScanner@@@ATL@@UAE@XZ 10003fbb f i ImageScanner.obj
 0001:00003079       ??1?$CComObjectCached@VCComClassFactory@ATL@@@ATL@@UAE@XZ 10004079 f i ImageScanner.obj
 0001:0000308f       ??1?$CComObjectRootEx@VCComMultiThreadModel@ATL@@@ATL@@QAE@XZ 1000408f f i ImageScanner.obj
 0001:000030a4       ??1CRegObject@ATL@@UAE@XZ  100040a4 f i ImageScanner.obj
 0001:000030c4       ??4?$CComPtr@UIUnknown@@@ATL@@QAEPAUIUnknown@@PAU2@@Z 100040c4 f i ImageScanner.obj
 0001:000030c4       ??4?$CComPtr@UIOleClientSite@@@ATL@@QAEPAUIOleClientSite@@PAU2@@Z 100040c4 f i ImageScanner.obj
 0001:000030c4       ??4?$CComPtr@UIAdviseSink@@@ATL@@QAEPAUIAdviseSink@@PAU2@@Z 100040c4 f i ImageScanner.obj
 0001:000030f8       ??_G?$CComContainedObject@VCOPOSImageScanner@@@ATL@@UAEPAXI@Z 100040f8 f i ImageScanner.obj
 0001:000030f8       ??_E?$CComContainedObject@VCOPOSImageScanner@@@ATL@@UAEPAXI@Z 100040f8 f i ImageScanner.obj
 0001:0000311d       ??_G?$CComObject@VCOPOSImageScanner@@@ATL@@UAEPAXI@Z 1000411d f i ImageScanner.obj
 0001:0000311d       ??_E?$CComObject@VCOPOSImageScanner@@@ATL@@UAEPAXI@Z 1000411d f i ImageScanner.obj
 0001:00003142       ?Add@?$CSimpleArray@GV?$CSimpleArrayEqualHelper@G@ATL@@@ATL@@QAEHABG@Z 10004142 f i ImageScanner.obj
 0001:000031c6       ?Add@?$CSimpleMap@PA_WPA_WVCExpansionVectorEqualHelper@ATL@@@ATL@@QAEHABQA_W0@Z 100041c6 f i ImageScanner.obj
 0001:0000321b       ?Add@CComDynamicUnkArray@ATL@@QAEKPAUIUnknown@@@Z 1000421b f i ImageScanner.obj
 0001:000032d1       ?Add@CExpansionVector@ATL@@QAEHPB_W0@Z 100042d1 f i ImageScanner.obj
 0001:000033da       ?AddString@CParseBuffer@CRegParser@ATL@@QAEHPB_W@Z 100043da f i ImageScanner.obj
 0001:0000340f       ?AddTermFunc@CAtlModule@ATL@@QAEJP6GXK@ZK@Z 1000440f f i ImageScanner.obj
 0001:00003472       ?AddValue@CRegParser@ATL@@IAEJAAVCRegKey@2@PB_WPA_W@Z 10004472 f i ImageScanner.obj
 0001:0000378c       ?Allocate@?$CAtlSafeAllocBufferManager@VCCRTAllocator@ATL@@@_ATL_SAFE_ALLOCA_IMPL@ATL@@QAEPAXK@Z 1000478c f i ImageScanner.obj
 0001:000037b9       ?Allocate@?$CTempBuffer@E$0BAA@VCCRTAllocator@ATL@@@ATL@@QAEPAEI@Z 100047b9 f i ImageScanner.obj
 0001:000037e8       ?Allocate@?$CTempBuffer@_W$0BAA@VCCRTAllocator@ATL@@@ATL@@QAEPA_WI@Z 100047e8 f i ImageScanner.obj
 0001:00003817       ?Allocate@?$CTempBuffer@_W$0EAA@VCCRTAllocator@ATL@@@ATL@@QAEPA_WI@Z 10004817 f i ImageScanner.obj
 0001:00003846       ?AllocateHeap@?$CTempBuffer@_W$0EAA@VCCRTAllocator@ATL@@@ATL@@AAEXI@Z 10004846 f i ImageScanner.obj
 0001:00003846       ?AllocateHeap@?$CTempBuffer@E$0BAA@VCCRTAllocator@ATL@@@ATL@@AAEXI@Z 10004846 f i ImageScanner.obj
 0001:00003846       ?AllocateHeap@?$CTempBuffer@_W$0BAA@VCCRTAllocator@ATL@@@ATL@@AAEXI@Z 10004846 f i ImageScanner.obj
 0001:0000386b       ?Append@CParseBuffer@CRegParser@ATL@@QAEHPB_WH@Z 1000486b f i ImageScanner.obj
 0001:000038f9       ?AtlCoTaskMemCAlloc@ATL@@YAPAXKK@Z 100048f9 f i ImageScanner.obj
 0001:00003926       ?AtlCoTaskMemRecalloc@ATL@@YAPAXPAXKK@Z 10004926 f i ImageScanner.obj
 0001:00003956       ?AtlComModuleGetClassObject@ATL@@YGJPAU_ATL_COM_MODULE70@1@ABU_GUID@@1PAPAX@Z 10004956 f i ImageScanner.obj
 0001:00003a49       ?AtlComModuleRegisterServer@ATL@@YGJPAU_ATL_COM_MODULE70@1@HPBU_GUID@@@Z 10004a49 f i ImageScanner.obj
 0001:00003ad1       ?AtlComModuleUnregisterServer@ATL@@YGJPAU_ATL_COM_MODULE70@1@HPBU_GUID@@@Z 10004ad1 f i ImageScanner.obj
 0001:00003b59       ?AtlComQIPtrAssign2@ATL@@YAXPAPAUIUnknown@@PAU2@ABU_GUID@@@Z 10004b59 f i ImageScanner.obj
 0001:00003b88       ?AtlCreateTargetDC@ATL@@YGPAUHDC__@@PAU2@PAUtagDVTARGETDEVICE@@@Z 10004b88 f i ImageScanner.obj
 0001:00003bf1       ?AtlCrtErrorCheck@ATL@@YAHH@Z 10004bf1 f i ImageScanner.obj
 0001:00003c2c       ?AtlHiMetricToPixel@ATL@@YGXPBUtagSIZE@@PAU2@@Z 10004c2c f i ImageScanner.obj
 0001:00003ca1       ?AtlHresultFromLastError@ATL@@YAJXZ 10004ca1 f i ImageScanner.obj
 0001:00003cb8       ?AtlHresultFromWin32@ATL@@YAJK@Z 10004cb8 f i ImageScanner.obj
 0001:00003ccd       ?AtlInternalOleLoadFromStream@ATL@@YAJPAUIStream@@ABU_GUID@@PAPAXTClassesAllowedInStream@1@K@Z 10004ccd f i ImageScanner.obj
 0001:00003deb       ?AtlInternalQueryInterface@ATL@@YGJPAXPBU_ATL_INTMAP_ENTRY@1@ABU_GUID@@PAPAX@Z 10004deb f i ImageScanner.obj
 0001:00003e8e       ?AtlLoadTypeLib@ATL@@YGJPAUHINSTANCE__@@PB_WPAPA_WPAPAUITypeLib@@@Z 10004e8e f i ImageScanner.obj
 0001:0000406c       ?AtlRegisterClassCategoriesHelper@ATL@@YGJABU_GUID@@PBU_ATL_CATMAP_ENTRY@1@H@Z 1000506c f i ImageScanner.obj
 0001:00004368       ?AtlRegisterTypeLib@ATL@@YGJPAUHINSTANCE__@@PB_W@Z 10005368 f i ImageScanner.obj
 0001:000044f0       ?AtlThrowImpl@ATL@@YGXJ@Z  100054f0 f i ImageScanner.obj
 0001:0000450e       ?AtlUnRegisterTypeLib@ATL@@YGJPAUHINSTANCE__@@PB_W@Z 1000550e f i ImageScanner.obj
 0001:000045b9       ?AtlWinModuleAddCreateWndData@ATL@@YGXPAU_ATL_WIN_MODULE70@1@PAU_AtlCreateWndData@1@PAX@Z 100055b9 f i ImageScanner.obj
 0001:0000460d       ?AtlWinModuleExtractCreateWndData@ATL@@YGPAXPAU_ATL_WIN_MODULE70@1@@Z 1000560d f i ImageScanner.obj
 0001:00004670       ?AtlWinModuleRegisterClassExW@ATL@@YGGPAU_ATL_WIN_MODULE70@1@PBUtagWNDCLASSEXW@@@Z 10005670 f i ImageScanner.obj
 0001:000046af       ?CanForceRemoveKey@CRegParser@ATL@@IAEHPB_W@Z 100056af f i ImageScanner.obj
 0001:000046de       ?ChToByte@CRegParser@ATL@@KAE_W@Z 100056de f i ImageScanner.obj
 0001:00004711       ?Cleanup@CComTypeInfoHolder@ATL@@SGXK@Z 10005711 f i ImageScanner.obj
 0001:00004744       ?ClearReplacements@CExpansionVector@ATL@@QAEJXZ 10005744 f i ImageScanner.obj
 0001:00004781       ?Close@CRegKey@ATL@@QAEJXZ 10005781 f i ImageScanner.obj
 0001:0000479b       ?CreateInstance@?$CComCreator@V?$CComAggObject@VCOPOSImageScanner@@@ATL@@@ATL@@SGJPAXABU_GUID@@PAPAX@Z 1000579b f i ImageScanner.obj
 0001:00004810       ?CreateInstance@?$CComCreator@V?$CComObject@VCOPOSImageScanner@@@ATL@@@ATL@@SGJPAXABU_GUID@@PAPAX@Z 10005810 f i ImageScanner.obj
 0001:00004890       ?CreateInstance@?$CComObject@V?$CComEnum@UIEnumConnectionPoints@@$1?_GUID_b196b285_bab4_101a_b69c_00aa00341d07@@3U__s_GUID@@BPAUIConnectionPoint@@V?$_CopyInterface@UIConnectionPoint@@@ATL@@VCComSingleThreadModel@6@@ATL@@@ATL@@SGJPAPAV12@@Z 10005890 f i ImageScanner.obj
 0001:000048da       ?CreateInstance@?$CComObject@V?$CComEnum@UIEnumConnections@@$1?_GUID_b196b287_bab4_101a_b69c_00aa00341d07@@3U__s_GUID@@BUtagCONNECTDATA@@V?$_Copy@UtagCONNECTDATA@@@ATL@@VCComSingleThreadModel@6@@ATL@@@ATL@@SGJPAPAV12@@Z 100058da f i ImageScanner.obj
 0001:00004924       ?DefaultReflectionHandler@?$CWindowImplRoot@VCWindow@ATL@@@ATL@@SAHPAUHWND__@@IIJAAJ@Z 10005924 f i ImageScanner.obj
 0001:00004997       ?DeleteSubKey@CRegKey@ATL@@QAEJPB_W@Z 10005997 f i ImageScanner.obj
 0001:00004a10       ?DoEvent@COPOSImageScanner@@IAEXIIJ@Z 10005a10 f i ImageScanner.obj
 0001:00004a90       ?DoVerbHide@?$IOleObjectImpl@VCOPOSImageScanner@@@ATL@@QAEJPBUtagRECT@@PAUHWND__@@@Z 10005a90 f i ImageScanner.obj
 0001:00004ac6       ?DoVerbInPlaceActivate@?$IOleObjectImpl@VCOPOSImageScanner@@@ATL@@QAEJPBUtagRECT@@PAUHWND__@@@Z 10005ac6 f i ImageScanner.obj
 0001:00004af9       ?DoVerbPrimary@?$IOleObjectImpl@VCOPOSImageScanner@@@ATL@@QAEJPBUtagRECT@@PAUHWND__@@@Z 10005af9 f i ImageScanner.obj
 0001:00004b85       ?DoVerbProperties@CComControlBase@ATL@@QAEJPBUtagRECT@@PAUHWND__@@@Z 10005b85 f i ImageScanner.obj
 0001:00004d04       ?DoVerbUIActivate@?$IOleObjectImpl@VCOPOSImageScanner@@@ATL@@QAEJPBUtagRECT@@PAUHWND__@@@Z 10005d04 f i ImageScanner.obj
 0001:00004d41       ?DoesVerbActivate@CComControlBase@ATL@@QAEHJ@Z 10005d41 f i ImageScanner.obj
 0001:00004d62       ?DoesVerbUIActivate@CComControlBase@ATL@@QAEHJ@Z 10005d62 f i ImageScanner.obj
 0001:00004d97       ?EndOfVar@CRegParser@ATL@@IAEHXZ 10005d97 f i ImageScanner.obj
 0001:00004db7       ?EscapeSingleQuote@CAtlModule@ATL@@SAXPA_WIPB_W@Z 10005db7 f i ImageScanner.obj
 0001:00004e06       ?FindKey@?$CSimpleMap@PA_WPA_WVCExpansionVectorEqualHelper@ATL@@@ATL@@QBEHABQA_W@Z 10005e06 f i ImageScanner.obj
 0001:00004e3d       ?FireTheEvent@?$CProxy_IOPOSEvents@VCOPOSImageScanner@@@@IAEXPAVOposVariant@@IAAJPB_WJ@Z 10005e3d f i ImageScanner.obj
 0001:00004ecf       ?FireViewChange@CComControlBase@ATL@@QAEJXZ 10005ecf f i ImageScanner.obj
 0001:00004f18       ?Fire_DataEvent@?$CProxy_IOPOSEvents@VCOPOSImageScanner@@@@QAEXJ@Z 10005f18 f i ImageScanner.obj
 0001:00004fae       ?Fire_DirectIOEvent@?$CProxy_IOPOSEvents@VCOPOSImageScanner@@@@QAEXJPAJPAPA_W@Z 10005fae f i ImageScanner.obj
 0001:0000509a       ?Fire_ErrorEvent@?$CProxy_IOPOSEvents@VCOPOSImageScanner@@@@QAEXJJJPAJ@Z 1000609a f i ImageScanner.obj
 0001:0000518b       ?Fire_StatusUpdateEvent@?$CProxy_IOPOSEvents@VCOPOSImageScanner@@@@QAEXJ@Z 1000618b f i ImageScanner.obj
 0001:00005221       ?FreeHeap@?$CTempBuffer@_W$0EAA@VCCRTAllocator@ATL@@@ATL@@AAEXXZ 10006221 f i ImageScanner.obj
 0001:00005221       ?FreeHeap@?$CTempBuffer@_W$0BAA@VCCRTAllocator@ATL@@@ATL@@AAEXXZ 10006221 f i ImageScanner.obj
 0001:00005221       ?FreeHeap@?$CTempBuffer@E$0BAA@VCCRTAllocator@ATL@@@ATL@@AAEXXZ 10006221 f i ImageScanner.obj
 0001:0000522a       ?GetAmbientLocaleID@CComControlBase@ATL@@QAEJAAK@Z 1000622a f i ImageScanner.obj
 0001:00005286       ?GetAmbientUserMode@CComControlBase@ATL@@QAEJAAH@Z 10006286 f i ImageScanner.obj
 0001:000052f6       ?GetAt@CComDynamicUnkArray@ATL@@QAEPAUIUnknown@@H@Z 100062f6 f i ImageScanner.obj
 0001:00005312       ?GetClassObject@CComModule@ATL@@QAEJABU_GUID@@0PAPAX@Z 10006312 f i ImageScanner.obj
 0001:000053b4       ?GetConnMap@COPOSImageScanner@@SAPBU_ATL_CONNMAP_ENTRY@ATL@@PAH@Z 100063b4 f i ImageScanner.obj
 0001:00005424       ?GetCookie@CComDynamicUnkArray@ATL@@QAGKPAPAUIUnknown@@@Z 10006424 f i ImageScanner.obj
 0001:0000545c       ?GetIDsOfNames@CComTypeInfoHolder@ATL@@QAEJABU_GUID@@PAPA_WIKPAJ@Z 1000645c f i ImageScanner.obj
 0001:00005583       ?GetKeyAt@?$CSimpleMap@PA_WPA_WVCExpansionVectorEqualHelper@ATL@@@ATL@@QBEAAPA_WH@Z 10006583 f i ImageScanner.obj
 0001:000055a8       ?GetPagesHelper@?$ISpecifyPropertyPagesImpl@VCOPOSImageScanner@@@ATL@@IAEJPAUtagCAUUID@@PBUATL_PROPMAP_ENTRY@2@@Z 100065a8 f i ImageScanner.obj
 0001:000056cf       ?GetProperty@?$CComPtr@UIDispatch@@@ATL@@SAJPAUIDispatch@@JPAUtagVARIANT@@@Z 100066cf f i ImageScanner.obj
 0001:0000571e       ?GetSizeMax@CComVariant@ATL@@QBEJPAT_ULARGE_INTEGER@@@Z 1000671e f i ImageScanner.obj
 0001:000058e0       ?GetTI@CComTypeInfoHolder@ATL@@QAEJK@Z 100068e0 f i ImageScanner.obj
 0001:00005abf       ?GetTI@CComTypeInfoHolder@ATL@@QAEJKPAPAUITypeInfo@@@Z 10006abf f i ImageScanner.obj
 0001:00005b01       ?GetUnknown@CComDynamicUnkArray@ATL@@QAGPAUIUnknown@@K@Z 10006b01 f i ImageScanner.obj
 0001:00005b22       ?GetValueAt@?$CSimpleMap@PA_WPA_WVCExpansionVectorEqualHelper@ATL@@@ATL@@QBEAAPA_WH@Z 10006b22 f i ImageScanner.obj
 0001:00005b48       ?GetZoomInfo@CComControlBase@ATL@@QAEXAAUATL_DRAWINFO@@@Z 10006b48 f i ImageScanner.obj
 0001:00005bdb       ?HKeyFromString@CRegParser@ATL@@KAPAUHKEY__@@PA_W@Z 10006bdb f i ImageScanner.obj
 0001:00005c09       ?HasSubKeys@CRegParser@ATL@@IAEHPAUHKEY__@@@Z 10006c09 f i ImageScanner.obj
 0001:00005c3e       ?IDataObject_GetData@CComControlBase@ATL@@QAEJPAUtagFORMATETC@@PAUtagSTGMEDIUM@@@Z 10006c3e f i ImageScanner.obj
 0001:00005de4       ?IOleInPlaceObject_InPlaceDeactivate@CComControlBase@ATL@@QAEJXZ 10006de4 f i ImageScanner.obj
 0001:00005e6b       ?IOleInPlaceObject_SetObjectRects@CComControlBase@ATL@@QAEJPBUtagRECT@@0@Z 10006e6b f i ImageScanner.obj
 0001:00005f38       ?IOleInPlaceObject_UIDeactivate@CComControlBase@ATL@@QAEJXZ 10006f38 f i ImageScanner.obj
 0001:00005ffa       ?IOleObject_Advise@CComControlBase@ATL@@QAEJPAUIAdviseSink@@PAK@Z 10006ffa f i ImageScanner.obj
 0001:00006024       ?IOleObject_Close@CComControlBase@ATL@@QAEJK@Z 10007024 f i ImageScanner.obj
 0001:00006108       ?IOleObject_GetClientSite@CComControlBase@ATL@@QAEJPAPAUIOleClientSite@@@Z 10007108 f i ImageScanner.obj
 0001:00006131       ?IOleObject_SetClientSite@CComControlBase@ATL@@QAEJPAUIOleClientSite@@@Z 10007131 f i ImageScanner.obj
 0001:00006170       ?IOleObject_SetExtent@CComControlBase@ATL@@QAEJKPAUtagSIZE@@@Z 10007170 f i ImageScanner.obj
 0001:00006222       ?IPSI_GetIPersistStreamInit@?$IPersistStorageImpl@VCOPOSImageScanner@@@ATL@@AAEPAUIPersistStreamInit@@XZ 10007222 f i ImageScanner.obj
 0001:000062ca       ?IPersistStreamInit_Load@?$IPersistStreamInitImpl@VCOPOSImageScanner@@@ATL@@QAEJPAUIStream@@PBUATL_PROPMAP_ENTRY@2@@Z 100072ca f i ImageScanner.obj
 0001:0000653f       ?IPersistStreamInit_Save@?$IPersistStreamInitImpl@VCOPOSImageScanner@@@ATL@@QAEJPAUIStream@@HPBUATL_PROPMAP_ENTRY@2@@Z 1000753f f i ImageScanner.obj
 0001:0000672d       ?IQuickActivate_QuickActivate@CComControlBase@ATL@@QAEJPAUtagQACONTAINER@@PAUtagQACONTROL@@@Z 1000772d f i ImageScanner.obj
 0001:0000696f       ?IViewObject_Draw@CComControlBase@ATL@@QAEJKJPAXPAUtagDVTARGETDEVICE@@PAUHDC__@@2PBU_RECTL@@3@Z 1000796f f i ImageScanner.obj
 0001:00006a17       ?InPlaceActivate@CComControlBase@ATL@@QAEJJPBUtagRECT@@@Z 10007a17 f i ImageScanner.obj
 0001:00006c88       ?Init@?$CComEnumImpl@UIEnumConnectionPoints@@$1?_GUID_b196b285_bab4_101a_b69c_00aa00341d07@@3U__s_GUID@@BPAUIConnectionPoint@@V?$_CopyInterface@UIConnectionPoint@@@ATL@@@ATL@@QAEJPAPAUIConnectionPoint@@0PAUIUnknown@@W4CComEnumFlags@2@@Z 10007c88 f i ImageScanner.obj
 0001:00006d67       ?Init@?$CComEnumImpl@UIEnumConnections@@$1?_GUID_b196b287_bab4_101a_b69c_00aa00341d07@@3U__s_GUID@@BUtagCONNECTDATA@@V?$_Copy@UtagCONNECTDATA@@@ATL@@@ATL@@QAEJPAUtagCONNECTDATA@@0PAUIUnknown@@W4CComEnumFlags@2@@Z 10007d67 f i ImageScanner.obj
 0001:00006e46       ?Init@CComModule@ATL@@QAEJPAU_ATL_OBJMAP_ENTRY30@2@PAUHINSTANCE__@@PBU_GUID@@@Z 10007e46 f i ImageScanner.obj
 0001:00006ea5       ?Init@CDynamicStdCallThunk2@ATL@@QAEHKPAX@Z 10007ea5 f i ImageScanner.obj
 0001:00006ed0       ?InlineIsEqualUnknown@ATL@@YGHABU_GUID@@@Z 10007ed0 f i ImageScanner.obj
 0001:00006ef8       ?InternalSetAtIndex@?$CSimpleMap@PA_WPA_WVCExpansionVectorEqualHelper@ATL@@@ATL@@QAEXHABQA_W0@Z 10007ef8 f i ImageScanner.obj
 0001:00006f22       ?Invoke@CComTypeInfoHolder@ATL@@QAEJPAUIDispatch@@JABU_GUID@@KGPAUtagDISPPARAMS@@PAUtagVARIANT@@PAUtagEXCEPINFO@@PAI@Z 10007f22 f i ImageScanner.obj
 0001:00006f65       ?IsEqualObject@?$CComPtrBase@UIOleClientSite@@@ATL@@QAE_NPAUIUnknown@@@Z 10007f65 f i ImageScanner.obj
 0001:00006f65       ?IsEqualObject@?$CComPtrBase@UITypeInfo@@@ATL@@QAE_NPAUIUnknown@@@Z 10007f65 f i ImageScanner.obj
 0001:00006fd2       ?IsSpace@CRegParser@ATL@@IAEH_W@Z 10007fd2 f i ImageScanner.obj
 0001:00006ffc       ?LoadNameCache@CComTypeInfoHolder@ATL@@QAEJPAUITypeInfo@@@Z 10007ffc f i ImageScanner.obj
 0001:00007131       ?Lookup@?$CSimpleMap@PA_WPA_WVCExpansionVectorEqualHelper@ATL@@@ATL@@QBEPA_WABQA_W@Z 10008131 f i ImageScanner.obj
 0001:00007157       ?NextToken@CRegParser@ATL@@IAEJPA_W@Z 10008157 f i ImageScanner.obj
 0001:0000728f       ?OnKillFocus@CComControlBase@ATL@@QAEJIIJAAH@Z 1000828f f i ImageScanner.obj
 0001:000072ea       ?OnMouseActivate@CComControlBase@ATL@@QAEJIIJAAH@Z 100082ea f i ImageScanner.obj
 0001:00007358       ?OnPaint@CComControlBase@ATL@@QAEJIIJAAH@Z 10008358 f i ImageScanner.obj
 0001:0000740a       ?OnSetFocus@CComControlBase@ATL@@QAEJIIJAAH@Z 1000840a f i ImageScanner.obj
 0001:00007493       ?Open@CRegKey@ATL@@QAEJPAUHKEY__@@PB_WK@Z 10008493 f i ImageScanner.obj
 0001:000074e8       ?PreProcessBuffer@CRegParser@ATL@@QAEJPA_WPAPA_W@Z 100084e8 f i ImageScanner.obj
 0001:00007757       ?ProcessWindowMessage@?$CComControl@VCOPOSImageScanner@@V?$CWindowImpl@VCOPOSImageScanner@@VCWindow@ATL@@V?$CWinTraits@$0FGAAAAAA@$0A@@3@@ATL@@@ATL@@UAEHPAUHWND__@@IIJAAJK@Z 10008757 f i ImageScanner.obj
 0001:000077f6       ?ReadFromStream@CComBSTR@ATL@@QAEJPAUIStream@@@Z 100087f6 f i ImageScanner.obj
 0001:00007919       ?ReadFromStream@CComVariant@ATL@@QAEJPAUIStream@@GTClassesAllowedInStream@2@K@Z 10008919 f i ImageScanner.obj
 0001:00007aa3       ?RecurseDeleteKey@CRegKey@ATL@@QAEJPB_W@Z 10008aa3 f i ImageScanner.obj
 0001:00007b91       ?RegCreateKeyExW@CAtlTransactionManager@ATL@@QAEJPAUHKEY__@@PB_WKPA_WKKQAU_SECURITY_ATTRIBUTES@@PAPAU3@PAK@Z 10008b91 f i ImageScanner.obj
 0001:00007bf4       ?RegDeleteKeyW@CAtlTransactionManager@ATL@@QAEJPAUHKEY__@@PB_W@Z 10008bf4 f i ImageScanner.obj
 0001:00007c46       ?RegOpenKeyExW@CAtlTransactionManager@ATL@@QAEJPAUHKEY__@@PB_WKKPAPAU3@@Z 10008c46 f i ImageScanner.obj
 0001:00007c9d       ?Register@_ATL_WNDCLASSINFOW@ATL@@QAEGPAP6GJPAUHWND__@@IIJ@Z@Z 10008c9d f i ImageScanner.obj
 0001:00007cbd       ?RegisterBuffer@CRegParser@ATL@@QAEJPA_WH@Z 10008cbd f i ImageScanner.obj
 0001:00007e04       ?RegisterFromResource@CRegObject@ATL@@IAEJPB_W00H@Z 10008e04 f i ImageScanner.obj
 0001:00007f3a       ?RegisterServer@?$CAtlModuleT@VCComModule@ATL@@@ATL@@QAEJHPBU_GUID@@@Z 10008f3a f i ImageScanner.obj
 0001:00007f68       ?RegisterServer@CComModule@ATL@@QAEJHPBU_GUID@@@Z 10008f68 f i ImageScanner.obj
 0001:00007fde       ?RegisterSubkeys@CRegParser@ATL@@IAEJPA_WPAUHKEY__@@HH@Z 10008fde f i ImageScanner.obj
 0001:0000868b       ?Remove@CComDynamicUnkArray@ATL@@QAEHK@Z 1000968b f i ImageScanner.obj
 0001:000086b4       ?RemoveAll@?$CSimpleMap@PA_WPA_WVCExpansionVectorEqualHelper@ATL@@@ATL@@QAEXXZ 100096b4 f i ImageScanner.obj
 0001:000086e0       ?ResourceRegisterSz@CRegObject@ATL@@QAGJPB_W00@Z 100096e0 f i ImageScanner.obj
 0001:0000870d       ?ResourceUnregisterSz@CRegObject@ATL@@QAGJPB_W00@Z 1000970d f i ImageScanner.obj
 0001:0000873a       ?SendOnDataChange@CComControlBase@ATL@@QAEJK@Z 1000973a f i ImageScanner.obj
 0001:00008787       ?SetControlFocus@CComControlBase@ATL@@QAEHH@Z 10009787 f i ImageScanner.obj
 0001:00008824       ?SetMultiStringValue@CRegKey@ATL@@QAEJPB_W0@Z 10009824 f i ImageScanner.obj
 0001:00008880       ?SetStringValue@CRegKey@ATL@@QAEJPB_W0K@Z 10009880 f i ImageScanner.obj
 0001:000088c9       ?SkipAssignment@CRegParser@ATL@@IAEJPA_W@Z 100098c9 f i ImageScanner.obj
 0001:0000892e       ?SkipWhiteSpace@CRegParser@ATL@@IAEXXZ 1000992e f i ImageScanner.obj
 0001:00008950       ?StrChrW@CRegParser@ATL@@KAPA_WPA_W_W@Z 10009950 f i ImageScanner.obj
 0001:0000898d       ?Term@CAtlModule@ATL@@QAEXXZ 1000998d f i ImageScanner.obj
 0001:000089e0       ?Term@CComModule@ATL@@QAEXXZ 100099e0 f i ImageScanner.obj
 0001:00008a38       ?UnregisterServer@?$CAtlModuleT@VCComModule@ATL@@@ATL@@QAEJHPBU_GUID@@@Z 10009a38 f i ImageScanner.obj
 0001:00008a5e       ?UnregisterServer@CComModule@ATL@@QAEJHPBU_GUID@@@Z 10009a5e f i ImageScanner.obj
 0001:00008ad4       ?UpdateRegistryFromResource@CAtlModule@ATL@@QAGJIHPAU_ATL_REGMAP_ENTRY@2@@Z 10009ad4 f i ImageScanner.obj
 0001:00008c9f       ?UpdateRegistryFromResource@CAtlModule@ATL@@QAGJPB_WHPAU_ATL_REGMAP_ENTRY@2@@Z 10009c9f f i ImageScanner.obj
 0001:00008e70       ?VTFromRegType@CRegParser@ATL@@KAHPB_WAAG@Z 10009e70 f i ImageScanner.obj
 0001:00008edd       ?WindowProc@?$CWindowImplBaseT@VCWindow@ATL@@V?$CWinTraits@$0FGAAAAAA@$0A@@2@@ATL@@SGJPAUHWND__@@IIJ@Z 10009edd f i ImageScanner.obj
 0001:00008fcf       ?WriteToStream@CComBSTR@ATL@@QAEJPAUIStream@@@Z 10009fcf f i ImageScanner.obj
 0001:00009031       ?WriteToStream@CComVariant@ATL@@QAEJPAUIStream@@@Z 1000a031 f i ImageScanner.obj
 0001:000091ab       ?WriteToStream@CComVariant@ATL@@QAEJPAUIStream@@G@Z 1000a1ab f i ImageScanner.obj
 0001:00009214       ?_AtlInitialConstruct@?$CComObjectRootEx@VCComMultiThreadModel@ATL@@@ATL@@QAEJXZ 1000a214 f i ImageScanner.obj
 0001:00009229       ?_AtlVerifyStackAvailable@_ATL_SAFE_ALLOCA_IMPL@ATL@@YA_NK@Z 1000a229 f i ImageScanner.obj
 0001:000092a7       ?atlCreate@?$CWindowImpl@VCOPOSImageScanner@@VCWindow@ATL@@V?$CWinTraits@$0FGAAAAAA@$0A@@3@@ATL@@QAEPAUHWND__@@PAU3@V_U_RECT@2@PB_WKKV_U_MENUorID@2@PAX@Z 1000a2a7 f i ImageScanner.obj
 0001:000092eb       ?atlCreate@?$CWindowImplBaseT@VCWindow@ATL@@V?$CWinTraits@$0FGAAAAAA@$0A@@2@@ATL@@QAEPAUHWND__@@PAU3@V_U_RECT@2@PB_WKKV_U_MENUorID@2@GPAX@Z 1000a2eb f i ImageScanner.obj
 0001:00009387       ?copy@?$_Copy@UtagCONNECTDATA@@@ATL@@SAJPAUtagCONNECTDATA@@PBU3@@Z 1000a387 f i ImageScanner.obj
 0001:000093bd       ?copy@?$_CopyInterface@UIConnectionPoint@@@ATL@@SAJPAPAUIConnectionPoint@@PBQAU3@@Z 1000a3bd f i ImageScanner.obj
 0001:000093eb       ?memcpy_s@Checked@ATL@@YAXPAXIPBXI@Z 1000a3eb f i ImageScanner.obj
 0001:0000940a       ?ocscpy_s@@YA_NPA_WIPB_W@Z 1000a40a f i ImageScanner.obj
 0001:00009454       ?wcscpy_s@Checked@ATL@@YAXPA_WIPB_W@Z 1000a454 f i ImageScanner.obj
 0001:00009470       _DllCanUnloadNow@0         1000a470 f   ImageScanner.obj
 0001:0000947c       _DllGetClassObject@12      1000a47c f   ImageScanner.obj
 0001:0000948a       _DllMain@12                1000a48a f   ImageScanner.obj
 0001:000094cc       _DllRegisterServer@0       1000a4cc f   ImageScanner.obj
 0001:000094db       _DllUnregisterServer@0     1000a4db f   ImageScanner.obj
 0001:000094ea       _InlineIsEqualGUID         1000a4ea f i ImageScanner.obj
 0001:0000951a       ___local_stdio_printf_options 1000a51a f i ImageScanner.obj
 0001:00009520       __vswprintf_s_l            1000a520 f i ImageScanner.obj
 0001:000095cd       _swprintf_s                1000a5cd f i ImageScanner.obj
 0001:000095e9       ??0?$CComControl@VCOPOSImageScanner@@V?$CWindowImpl@VCOPOSImageScanner@@VCWindow@ATL@@V?$CWinTraits@$0FGAAAAAA@$0A@@3@@ATL@@@ATL@@QAE@XZ 1000a5e9 f i ImageScannerImpl.obj
 0001:00009610       ??0?$CProxy_IOPOSEvents@VCOPOSImageScanner@@@@QAE@XZ 1000a610 f i ImageScannerImpl.obj
 0001:00009630       ??0CComControlBase@ATL@@QAE@AAPAUHWND__@@@Z 1000a630 f i ImageScannerImpl.obj
 0001:00009680       ??0COPOSImageScanner@@QAE@XZ 1000a680 f   ImageScannerImpl.obj
 0001:000096b6       ??1?$CComControl@VCOPOSImageScanner@@V?$CWindowImpl@VCOPOSImageScanner@@VCWindow@ATL@@V?$CWinTraits@$0FGAAAAAA@$0A@@3@@ATL@@@ATL@@UAE@XZ 1000a6b6 f i ImageScannerImpl.obj
 0001:000096cf       ??1?$IConnectionPointImpl@VCOPOSImageScanner@@$1?DIID__IOPOSImageScannerEvents@@3U_GUID@@BVCComDynamicUnkArray@ATL@@@ATL@@QAE@XZ 1000a6cf f i ImageScannerImpl.obj
 0001:000096cf       ??1?$IConnectionPointImpl@VCOPOSImageScanner@@$1?IID_IPropertyNotifySink@@3U_GUID@@BVCComDynamicUnkArray@ATL@@@ATL@@QAE@XZ 1000a6cf f i ImageScannerImpl.obj
 0001:0000970c       ??1CComControlBase@ATL@@UAE@XZ 1000a70c f i ImageScannerImpl.obj
 0001:0000976f       ??1COPOSImageScanner@@UAE@XZ 1000a76f f   ImageScannerImpl.obj
 0001:000097b7       ?CheckHealth@COPOSImageScanner@@UAGJJPAJ@Z 1000a7b7 f   ImageScannerImpl.obj
 0001:00009806       ?ClaimDevice@COPOSImageScanner@@UAGJJPAJ@Z 1000a806 f   ImageScannerImpl.obj
 0001:0000987b       ?ClearInput@COPOSImageScanner@@UAGJPAJ@Z 1000a87b f   ImageScannerImpl.obj
 0001:00009896       ?ClearInputProperties@COPOSImageScanner@@UAGJPAJ@Z 1000a896 f   ImageScannerImpl.obj
 0001:000098b1       ?Close@COPOSImageScanner@@UAGJPAJ@Z 1000a8b1 f   ImageScannerImpl.obj
 0001:0000991f       ?CompareFirmwareVersion@COPOSImageScanner@@UAGJPA_WPAJ1@Z 1000a91f f   ImageScannerImpl.obj
 0001:0000999f       ?DirectIO@COPOSImageScanner@@UAGJJPAJPAPA_W0@Z 1000a99f f   ImageScannerImpl.obj
 0001:00009a4d       ?DoInvoke@COPOSImageScanner@@IAEJJPAVOposVariant@@IHPAJ_N@Z 1000aa4d f   ImageScannerImpl.obj
 0001:00009b29       ?EventClose@COPOSImageScanner@@IAEXXZ 1000ab29 f i ImageScannerImpl.obj
 0001:00009b5c       ?EventInit@COPOSImageScanner@@IAEJXZ 1000ab5c f i ImageScannerImpl.obj
 0001:00009c28       ?EventUninit@COPOSImageScanner@@IAEXXZ 1000ac28 f i ImageScannerImpl.obj
 0001:00009c7a       ?EventWindowProc@COPOSImageScanner@@IAGJIIJ@Z 1000ac7a f i ImageScannerImpl.obj
 0001:00009d4e       ?FinalConstruct@COPOSImageScanner@@QAEJXZ 1000ad4e f   ImageScannerImpl.obj
 0001:00009d87       ?FireEventCleanup@COPOSImageScanner@@IAEXXZ 1000ad87 f i ImageScannerImpl.obj
 0001:00009d9d       ?FireEventSetup@COPOSImageScanner@@IAE_NXZ 1000ad9d f i ImageScannerImpl.obj
 0001:00009dd1       ?FreezeEvents@COPOSImageScanner@@MAGJH@Z 1000add1 f   ImageScannerImpl.obj
 0001:00009e31       ?GetOposProp@COPOSImageScanner@@IAEJJPAFJ@Z 1000ae31 f   ImageScannerImpl.obj
 0001:00009e54       ?GetOposProp@COPOSImageScanner@@IAEJJPAJJ@Z 1000ae54 f   ImageScannerImpl.obj
 0001:00009f23       ?GetOposProp@COPOSImageScanner@@IAEJJPAPA_WJ@Z 1000af23 f   ImageScannerImpl.obj
 0001:00009fff       ?OnDraw@COPOSImageScanner@@MAEJAAUATL_DRAWINFO@@@Z 1000afff f   ImageScannerImpl.obj
 0001:0000a09f       ?Open@COPOSImageScanner@@UAGJPA_WPAJ@Z 1000b09f f   ImageScannerImpl.obj
 0001:0000a8e1       ?ReleaseDevice@COPOSImageScanner@@UAGJPAJ@Z 1000b8e1 f   ImageScannerImpl.obj
 0001:0000a930       ?ResetStatistics@COPOSImageScanner@@UAGJPA_WPAJ@Z 1000b930 f   ImageScannerImpl.obj
 0001:0000a987       ?RetrieveStatistics@COPOSImageScanner@@UAGJPAPA_WPAJ@Z 1000b987 f   ImageScannerImpl.obj
 0001:0000a9de       ?SOProcessID@COPOSImageScanner@@UAGJPAJ@Z 1000b9de f   ImageScannerImpl.obj
 0001:0000a9f2       ?SetCOFreezeEvents@COPOSImageScanner@@IAEXF@Z 1000b9f2 f   ImageScannerImpl.obj
 0001:0000aa92       ?SetOposProp@COPOSImageScanner@@IAEJJJJ@Z 1000ba92 f   ImageScannerImpl.obj
 0001:0000ab89       ?StartSession@COPOSImageScanner@@UAGJPAJ@Z 1000bb89 f   ImageScannerImpl.obj
 0001:0000aba4       ?StopSession@COPOSImageScanner@@UAGJPAJ@Z 1000bba4 f   ImageScannerImpl.obj
 0001:0000abbf       ?UpdateFirmware@COPOSImageScanner@@UAGJPA_WPAJ@Z 1000bbbf f   ImageScannerImpl.obj
 0001:0000ac16       ?UpdateStatistics@COPOSImageScanner@@UAGJPA_WPAJ@Z 1000bc16 f   ImageScannerImpl.obj
 0001:0000ac6d       ?get_AimMode@COPOSImageScanner@@UAGJPAF@Z 1000bc6d f   ImageScannerImpl.obj
 0001:0000ac86       ?get_AutoDisable@COPOSImageScanner@@UAGJPAF@Z 1000bc86 f   ImageScannerImpl.obj
 0001:0000ac9c       ?get_BinaryConversion@COPOSImageScanner@@UAGJPAJ@Z 1000bc9c f   ImageScannerImpl.obj
 0001:0000acb2       ?get_BitsPerPixel@COPOSImageScanner@@UAGJPAJ@Z 1000bcb2 f   ImageScannerImpl.obj
 0001:0000accb       ?get_CapAim@COPOSImageScanner@@UAGJPAF@Z 1000bccb f   ImageScannerImpl.obj
 0001:0000ace4       ?get_CapCompareFirmwareVersion@COPOSImageScanner@@UAGJPAF@Z 1000bce4 f   ImageScannerImpl.obj
 0001:0000acfd       ?get_CapDecodeData@COPOSImageScanner@@UAGJPAF@Z 1000bcfd f   ImageScannerImpl.obj
 0001:0000ad16       ?get_CapHostTriggered@COPOSImageScanner@@UAGJPAF@Z 1000bd16 f   ImageScannerImpl.obj
 0001:0000ad2f       ?get_CapIlluminate@COPOSImageScanner@@UAGJPAF@Z 1000bd2f f   ImageScannerImpl.obj
 0001:0000ad48       ?get_CapImageData@COPOSImageScanner@@UAGJPAF@Z 1000bd48 f   ImageScannerImpl.obj
 0001:0000ad61       ?get_CapImageQuality@COPOSImageScanner@@UAGJPAF@Z 1000bd61 f   ImageScannerImpl.obj
 0001:0000ad7a       ?get_CapPowerReporting@COPOSImageScanner@@UAGJPAJ@Z 1000bd7a f   ImageScannerImpl.obj
 0001:0000ad93       ?get_CapStatisticsReporting@COPOSImageScanner@@UAGJPAF@Z 1000bd93 f   ImageScannerImpl.obj
 0001:0000adac       ?get_CapUpdateFirmware@COPOSImageScanner@@UAGJPAF@Z 1000bdac f   ImageScannerImpl.obj
 0001:0000adc5       ?get_CapUpdateStatistics@COPOSImageScanner@@UAGJPAF@Z 1000bdc5 f   ImageScannerImpl.obj
 0001:0000adde       ?get_CapVideoData@COPOSImageScanner@@UAGJPAF@Z 1000bdde f   ImageScannerImpl.obj
 0001:0000adf7       ?get_CheckHealthText@COPOSImageScanner@@UAGJPAPA_W@Z 1000bdf7 f   ImageScannerImpl.obj
 0001:0000ae10       ?get_Claimed@COPOSImageScanner@@UAGJPAF@Z 1000be10 f   ImageScannerImpl.obj
 0001:0000ae26       ?get_ControlObjectDescription@COPOSImageScanner@@UAGJPAPA_W@Z 1000be26 f   ImageScannerImpl.obj
 0001:0000ae74       ?get_ControlObjectVersion@COPOSImageScanner@@UAGJPAJ@Z 1000be74 f   ImageScannerImpl.obj
 0001:0000ae87       ?get_DataCount@COPOSImageScanner@@UAGJPAJ@Z 1000be87 f   ImageScannerImpl.obj
 0001:0000ae9d       ?get_DataEventEnabled@COPOSImageScanner@@UAGJPAF@Z 1000be9d f   ImageScannerImpl.obj
 0001:0000aeb3       ?get_DeviceDescription@COPOSImageScanner@@UAGJPAPA_W@Z 1000beb3 f   ImageScannerImpl.obj
 0001:0000aecc       ?get_DeviceEnabled@COPOSImageScanner@@UAGJPAF@Z 1000becc f   ImageScannerImpl.obj
 0001:0000aee2       ?get_DeviceName@COPOSImageScanner@@UAGJPAPA_W@Z 1000bee2 f   ImageScannerImpl.obj
 0001:0000aefb       ?get_FrameData@COPOSImageScanner@@UAGJPAPA_W@Z 1000befb f   ImageScannerImpl.obj
 0001:0000af14       ?get_FrameType@COPOSImageScanner@@UAGJPAJ@Z 1000bf14 f   ImageScannerImpl.obj
 0001:0000af2d       ?get_FreezeEvents@COPOSImageScanner@@UAGJPAF@Z 1000bf2d f   ImageScannerImpl.obj
 0001:0000af43       ?get_IlluminateMode@COPOSImageScanner@@UAGJPAF@Z 1000bf43 f   ImageScannerImpl.obj
 0001:0000af5c       ?get_ImageHeight@COPOSImageScanner@@UAGJPAJ@Z 1000bf5c f   ImageScannerImpl.obj
 0001:0000af75       ?get_ImageLength@COPOSImageScanner@@UAGJPAJ@Z 1000bf75 f   ImageScannerImpl.obj
 0001:0000af8e       ?get_ImageMode@COPOSImageScanner@@UAGJPAJ@Z 1000bf8e f   ImageScannerImpl.obj
 0001:0000afa7       ?get_ImageQuality@COPOSImageScanner@@UAGJPAJ@Z 1000bfa7 f   ImageScannerImpl.obj
 0001:0000afc0       ?get_ImageType@COPOSImageScanner@@UAGJPAJ@Z 1000bfc0 f   ImageScannerImpl.obj
 0001:0000afd9       ?get_ImageWidth@COPOSImageScanner@@UAGJPAJ@Z 1000bfd9 f   ImageScannerImpl.obj
 0001:0000aff2       ?get_OpenResult@COPOSImageScanner@@UAGJPAJ@Z 1000bff2 f   ImageScannerImpl.obj
 0001:0000b009       ?get_PowerNotify@COPOSImageScanner@@UAGJPAJ@Z 1000c009 f   ImageScannerImpl.obj
 0001:0000b01f       ?get_PowerState@COPOSImageScanner@@UAGJPAJ@Z 1000c01f f   ImageScannerImpl.obj
 0001:0000b035       ?get_ResultCode@COPOSImageScanner@@UAGJPAJ@Z 1000c035 f   ImageScannerImpl.obj
 0001:0000b073       ?get_ResultCodeExtended@COPOSImageScanner@@UAGJPAJ@Z 1000c073 f   ImageScannerImpl.obj
 0001:0000b089       ?get_ServiceObjectDescription@COPOSImageScanner@@UAGJPAPA_W@Z 1000c089 f   ImageScannerImpl.obj
 0001:0000b0a2       ?get_ServiceObjectVersion@COPOSImageScanner@@UAGJPAJ@Z 1000c0a2 f   ImageScannerImpl.obj
 0001:0000b0b8       ?get_State@COPOSImageScanner@@UAGJPAJ@Z 1000c0b8 f   ImageScannerImpl.obj
 0001:0000b0e4       ?get_VideoCount@COPOSImageScanner@@UAGJPAJ@Z 1000c0e4 f   ImageScannerImpl.obj
 0001:0000b0fd       ?get_VideoRate@COPOSImageScanner@@UAGJPAJ@Z 1000c0fd f   ImageScannerImpl.obj
 0001:0000b116       ?put_AimMode@COPOSImageScanner@@UAGJF@Z 1000c116 f   ImageScannerImpl.obj
 0001:0000b136       ?put_AutoDisable@COPOSImageScanner@@UAGJF@Z 1000c136 f   ImageScannerImpl.obj
 0001:0000b153       ?put_BinaryConversion@COPOSImageScanner@@UAGJJ@Z 1000c153 f   ImageScannerImpl.obj
 0001:0000b169       ?put_DataEventEnabled@COPOSImageScanner@@UAGJF@Z 1000c169 f   ImageScannerImpl.obj
 0001:0000b186       ?put_DeviceEnabled@COPOSImageScanner@@UAGJF@Z 1000c186 f   ImageScannerImpl.obj
 0001:0000b1a3       ?put_FreezeEvents@COPOSImageScanner@@UAGJF@Z 1000c1a3 f   ImageScannerImpl.obj
 0001:0000b1ef       ?put_IlluminateMode@COPOSImageScanner@@UAGJF@Z 1000c1ef f   ImageScannerImpl.obj
 0001:0000b20f       ?put_ImageMode@COPOSImageScanner@@UAGJJ@Z 1000c20f f   ImageScannerImpl.obj
 0001:0000b228       ?put_ImageQuality@COPOSImageScanner@@UAGJJ@Z 1000c228 f   ImageScannerImpl.obj
 0001:0000b241       ?put_PowerNotify@COPOSImageScanner@@UAGJJ@Z 1000c241 f   ImageScannerImpl.obj
 0001:0000b257       ?put_VideoCount@COPOSImageScanner@@UAGJJ@Z 1000c257 f   ImageScannerImpl.obj
 0001:0000b270       ?put_VideoRate@COPOSImageScanner@@UAGJJ@Z 1000c270 f   ImageScannerImpl.obj
 0001:0000b289       ?s_EventWindowProc@COPOSImageScanner@@KGJPAUHWND__@@IIJ@Z 1000c289 f i ImageScannerImpl.obj
 0001:0000b2db       ??_U@YAPAXI@Z              1000c2db f   LIBCMT:new_array.obj
 0001:0000b2e4       ??3@YAXPAXI@Z              1000c2e4 f   LIBCMT:delete_scalar_size.obj
 0001:0000b2f2       ??_V@YAXPAX@Z              1000c2f2 f   LIBCMT:delete_array.obj
 0001:0000b2f7       ??_V@YAXPAXI@Z             1000c2f7 f   LIBCMT:delete_array_size.obj
 0001:0000b349       ___scrt_acquire_startup_lock 1000c349 f   LIBCMT:utility.obj
[...]
 0002:00003608       ?_mb_locale_names@@3QBQB_WB 10023608     libucrt:mbctype.obj
 0002:00003e50       ?LcidToLocaleNameTable@?A0x881e4c05@@3QBULcidToLocaleName@1@B 10023e50     libucrt:lcidtoname_downlevel.obj
 0002:00004f78       ?LocaleNameToIndexTable@?A0x881e4c05@@3QBULocaleNameIndex@1@B 10024f78     libucrt:lcidtoname_downlevel.obj
 0002:000068b0       LOG_name                   100268b0     libucrt:log10_impl.obj
 0002:000068c0       _One                       100268c0     libucrt:ceil_pentium4.obj
 0002:000068d0       _Bns                       100268d0     libucrt:ceil_pentium4.obj
 0002:000068e0       _Zero                      100268e0     libucrt:ceil_pentium4.obj
 0002:000068f0       _S                         100268f0     libucrt:ceil_pentium4.obj
 0002:00006900       _NegZero                   10026900     libucrt:ceil_pentium4.obj
 0002:00006910       emask                      10026910     libucrt:log10_pentium4.obj
 0002:00006920       CC                         10026920     libucrt:log10_pentium4.obj
 0002:00006930       Magic                      10026930     libucrt:log10_pentium4.obj
 0002:00006940       hi_mask                    10026940     libucrt:log10_pentium4.obj
 0002:00006950       LOG10_2                    10026950     libucrt:log10_pentium4.obj
 0002:00006960       place_L                    10026960     libucrt:log10_pentium4.obj
 0002:00006980       One                        10026980     libucrt:log10_pentium4.obj
 0002:00006990       Zero                       10026990     libucrt:log10_pentium4.obj
 0002:000069a0       Two52                      100269a0     libucrt:log10_pentium4.obj
 0002:000069b0       Infs                       100269b0     libucrt:log10_pentium4.obj
 0002:000069c0       NaN                        100269c0     libucrt:log10_pentium4.obj
 0002:000069d0       coeff                      100269d0     libucrt:log10_pentium4.obj
 0002:00006a2e       _log2max                   10026a2e     libucrt:87tran.obj
 0002:00006a38       _smallarg                  10026a38     libucrt:87tran.obj
 0002:00006a42       _half                      10026a42     libucrt:87tran.obj
 0002:00006a8e       One                        10026a8e     libucrt:87disp.obj
 0002:00006a96       Three                      10026a96     libucrt:87disp.obj
 0002:00006a9e       XAMtoTagTab                10026a9e     libucrt:87disp.obj
 0002:00006ab0       One                        10026ab0     libucrt:common.obj
 0002:00006ac4       DblMax                     10026ac4     libucrt:common.obj
 0002:00006acc       DblMin                     10026acc     libucrt:common.obj
 0002:00006ad4       IeeeAdjO                   10026ad4     libucrt:common.obj
 0002:00006adc       IeeeAdjU                   10026adc     libucrt:common.obj
 0002:00006ae4       _infinity                  10026ae4     libucrt:common.obj
 0002:00006aec       _zero                      10026aec     libucrt:common.obj
 0002:00006b38       _over                      10026b38     libucrt:fpctrl.obj
 0002:00006b44       _under                     10026b44     libucrt:fpctrl.obj
 0002:00007378       ?_names@?1??_get_fname@@9@9 10027378     libucrt:fpexcept.obj
 0002:00007520       two32                      10027520     LIBCMT:ftol2.obj
 0002:00007524       two63                      10027524     LIBCMT:ftol2.obj
 0002:00007528       _NaN                       10027528     LIBCMT:ftol2.obj
 0002:00007be8       __sehtable$?_AtlVerifyStackAvailable@_ATL_SAFE_ALLOCA_IMPL@ATL@@YA_NK@Z 10027be8     ImageScanner.obj
 0002:00007c08       __sehtable$___scrt_is_nonwritable_in_current_image 10027c08     LIBCMT:utility.obj
 0002:00007c24       __catchsym$??2@YAPAXIABUnothrow_t@std@@@Z$2 10027c24     LIBCMT:new_scalar_nothrow.obj
 0002:00007c34       __unwindtable$??2@YAPAXIABUnothrow_t@std@@@Z 10027c34     LIBCMT:new_scalar_nothrow.obj
 0002:00007c44       __tryblocktable$??2@YAPAXIABUnothrow_t@std@@@Z 10027c44     LIBCMT:new_scalar_nothrow.obj
 0002:00007c58       __ehfuncinfo$??2@YAPAXIABUnothrow_t@std@@@Z 10027c58     LIBCMT:new_scalar_nothrow.obj
 0002:00007c80       __sehtable$?dllmain_crt_process_attach@@YAHQAUHINSTANCE__@@QAX@Z 10027c80     LIBCMT:dll_dllmain.obj
 0002:00007ca0       __sehtable$?dllmain_crt_process_detach@@YAH_N@Z 10027ca0     LIBCMT:dll_dllmain.obj
 0002:00007cc8       __sehtable$?dllmain_dispatch@@YAHQAUHINSTANCE__@@KQAX@Z 10027cc8     LIBCMT:dll_dllmain.obj
 0002:00007d78       __sehtable$___DestructExceptionObject 10027d78     libvcruntime:ehhelpers.obj
 0002:00007d98       __sehtable$?FrameUnwindToState@__FrameHandler3@@SAXPAUEHRegistrationNode@@PAXPBU_s_FuncInfo@@H@Z 10027d98     libvcruntime:frame.obj
 0002:00007dc0       __sehtable$?CallCatchBlock@@YAPAXPAUEHExceptionRecord@@PAUEHRegistrationNode@@PAU_CONTEXT@@PBU_s_FuncInfo@@PAXHK@Z 10027dc0     libvcruntime:frame.obj
 0002:00007de8       __catchsym$?CallUnexpected@@YAXPBU_s_ESTypeList@@@Z$2 10027de8     libvcruntime:frame.obj
 0002:00007df8       __unwindtable$?CallUnexpected@@YAXPBU_s_ESTypeList@@@Z 10027df8     libvcruntime:frame.obj
 0002:00007e08       __tryblocktable$?CallUnexpected@@YAXPBU_s_ESTypeList@@@Z 10027e08     libvcruntime:frame.obj
 0002:00007e1c       __ehfuncinfo$?CallUnexpected@@YAXPBU_s_ESTypeList@@@Z 10027e1c     libvcruntime:frame.obj
 0002:00007e40       __sehtable$??$BuildCatchObjectHelperInternal@V__FrameHandler3@@@@YAHPAUEHExceptionRecord@@PAXPBU_s_HandlerType@@PBU_s_CatchableType@@@Z 10027e40     libvcruntime:frame.obj
 0002:00007e60       __sehtable$??$BuildCatchObjectInternal@V__FrameHandler3@@@@YAXPAUEHExceptionRecord@@PAXPBU_s_HandlerType@@PBU_s_CatchableType@@@Z 10027e60     libvcruntime:frame.obj
 0002:00007eb8       __sehtable$??R<lambda_6e4b09c48022b2350581041d5f6b0c4c>@@QBE@XZ 10027eb8     libucrt:exit.obj
 0002:00007ed8       __sehtable$??$?RV<lambda_03b1d95aef87969028cfba75ccab2455>@@AAV<lambda_6e4b09c48022b2350581041d5f6b0c4c>@@V<lambda_22bdf7517842c4b3e53723af5aa32b9e>@@@?$__crt_seh_guarded_call@X@@QAEX$$QAV<lambda_03b1d95aef87969028cfba75ccab2455>@@AAV<lambda_6e4b09c48022b2350581041d5f6b0c4c>@@$$QAV<lambda_22bdf7517842c4b3e53723af5aa32b9e>@@@Z 10027ed8     libucrt:exit.obj
 0002:00007ef8       __sehtable$??$?RV<lambda_8e746cf0007f6ed984d6f78af1fec997>@@AAV<lambda_22ebabd17bc4fa466a2aca6d8deb888d>@@V<lambda_18ed0c0b38a6dc0daf1e7ac6d6adf05e>@@@?$__crt_seh_guarded_call@H@@QAEH$$QAV<lambda_8e746cf0007f6ed984d6f78af1fec997>@@AAV<lambda_22ebabd17bc4fa466a2aca6d8deb888d>@@$$QAV<lambda_18ed0c0b38a6dc0daf1e7ac6d6adf05e>@@@Z 10027ef8     libucrt:onexit.obj
 0002:00007f18       __sehtable$??$?RV<lambda_69a2805e680e0e292e8ba93315fe43a8>@@AAV<lambda_f03950bc5685219e0bcd2087efbe011e>@@V<lambda_03fcd07e894ec930e3f35da366ca99d6>@@@?$__crt_seh_guarded_call@H@@QAEH$$QAV<lambda_69a2805e680e0e292e8ba93315fe43a8>@@AAV<lambda_f03950bc5685219e0bcd2087efbe011e>@@$$QAV<lambda_03fcd07e894ec930e3f35da366ca99d6>@@@Z 10027f18     libucrt:onexit.obj
 0002:00007f38       __sehtable$__query_new_handler 10027f38     libucrt:new_handler.obj
 0002:00007f58       __sehtable$_terminate      10027f58     libucrt:terminate.obj
 0002:00007f78       __sehtable$??$?RV<lambda_15ade71b0218206bbe3333a0c9b79046>@@AAV<lambda_da44e0f8b0f19ba52fefafb335991732>@@V<lambda_207f2d024fc103971653565357d6cd41>@@@?$__crt_seh_guarded_call@X@@QAEX$$QAV<lambda_15ade71b0218206bbe3333a0c9b79046>@@AAV<lambda_da44e0f8b0f19ba52fefafb335991732>@@$$QAV<lambda_207f2d024fc103971653565357d6cd41>@@@Z 10027f78     libucrt:per_thread_data.obj
 0002:00007f98       __sehtable$??$?RV<lambda_a7e850c220f1c8d1e6efeecdedd162c6>@@AAV<lambda_46720907175c18b6c9d2717bc0d2d362>@@V<lambda_9048902d66e8d99359bc9897bbb930a8>@@@?$__crt_seh_guarded_call@X@@QAEX$$QAV<lambda_a7e850c220f1c8d1e6efeecdedd162c6>@@AAV<lambda_46720907175c18b6c9d2717bc0d2d362>@@$$QAV<lambda_9048902d66e8d99359bc9897bbb930a8>@@@Z 10027f98     libucrt:per_thread_data.obj
 0002:00007fb8       __sehtable$??$?RV<lambda_38edbb1296d33220d7e4dd0ed76b244a>@@AAV<lambda_5ce1d447e08cb34b2473517608e21441>@@V<lambda_fb385d3da700c9147fc39e65dd577a8c>@@@?$__crt_seh_guarded_call@X@@QAEX$$QAV<lambda_38edbb1296d33220d7e4dd0ed76b244a>@@AAV<lambda_5ce1d447e08cb34b2473517608e21441>@@$$QAV<lambda_fb385d3da700c9147fc39e65dd577a8c>@@@Z 10027fb8     libucrt:per_thread_data.obj
 0002:00007fd8       __sehtable$??$?RV<lambda_6affb1475c98b40b75cdec977db92e3c>@@AAV<lambda_b8d4b9c228a6ecc3f80208dbb4b4a104>@@V<lambda_608742c3c92a14382c1684fc64f96c88>@@@?$__crt_seh_guarded_call@X@@QAEX$$QAV<lambda_6affb1475c98b40b75cdec977db92e3c>@@AAV<lambda_b8d4b9c228a6ecc3f80208dbb4b4a104>@@$$QAV<lambda_608742c3c92a14382c1684fc64f96c88>@@@Z 10027fd8     libucrt:per_thread_data.obj
 0002:00007ff8       __sehtable$??$?RV<lambda_e5124f882df8998aaf41531e079ba474>@@AAV<lambda_3e16ef9562a7dcce91392c22ab16ea36>@@V<lambda_e25ca0880e6ef98be67edffd8c599615>@@@?$__crt_seh_guarded_call@X@@QAEX$$QAV<lambda_e5124f882df8998aaf41531e079ba474>@@AAV<lambda_3e16ef9562a7dcce91392c22ab16ea36>@@$$QAV<lambda_e25ca0880e6ef98be67edffd8c599615>@@@Z 10027ff8     libucrt:wsetlocale.obj
 0002:00008018       __sehtable$___acrt_initialize_lowio 10028018     libucrt:ioinit.obj
 0002:00008038       __sehtable$?update_thread_multibyte_data_internal@@YAPAU__crt_multibyte_data@@QAU__acrt_ptd@@QAPAU1@@Z 10028038     libucrt:mbctype.obj
 0002:00008058       __sehtable$??$?RV<lambda_ceb1ee4838e85a9d631eb091e2fbe199>@@AAV<lambda_ae742caa10f662c28703da3d2ea5e57e>@@V<lambda_cd08b5d6af4937fe54fc07d0c9bf6b37>@@@?$__crt_seh_guarded_call@X@@QAEX$$QAV<lambda_ceb1ee4838e85a9d631eb091e2fbe199>@@AAV<lambda_ae742caa10f662c28703da3d2ea5e57e>@@$$QAV<lambda_cd08b5d6af4937fe54fc07d0c9bf6b37>@@@Z 10028058     libucrt:mbctype.obj
 0002:00008078       __sehtable$_raise          10028078     libucrt:signal.obj
 0002:00008098       __sehtable$??$?RV<lambda_cbab9ec6f41b0180b23cc171c22676b0>@@AAV<lambda_44731a7d0e6d81c3e6aa82d741081786>@@V<lambda_4b292cb8dd18144e164572427af410ab>@@@?$__crt_seh_guarded_call@P6AXH@Z@@QAEP6AXH@Z$$QAV<lambda_cbab9ec6f41b0180b23cc171c22676b0>@@AAV<lambda_44731a7d0e6d81c3e6aa82d741081786>@@$$QAV<lambda_4b292cb8dd18144e164572427af410ab>@@@Z 10028098     libucrt:signal.obj
 0002:000080b8       __sehtable$??$?RV<lambda_2866be3712abc81a800a822484c830d8>@@AAV<lambda_39ca0ed439415581b5b15c265174cece>@@V<lambda_2b24c74d71094a6cd0cb82e44167d71b>@@@?$__crt_seh_guarded_call@X@@QAEX$$QAV<lambda_2866be3712abc81a800a822484c830d8>@@AAV<lambda_39ca0ed439415581b5b15c265174cece>@@$$QAV<lambda_2b24c74d71094a6cd0cb82e44167d71b>@@@Z 100280b8     libucrt:fflush.obj
 0002:000080d8       __sehtable$??$?RV<lambda_2cc53f568c5a2bb6f192f930a45d44ea>@@AAV<lambda_ab61a845afdef5b7c387490eaf3616ee>@@V<lambda_c2ffc0b7726aa6be21d5f0026187e748>@@@?$__crt_seh_guarded_call@X@@QAEX$$QAV<lambda_2cc53f568c5a2bb6f192f930a45d44ea>@@AAV<lambda_ab61a845afdef5b7c387490eaf3616ee>@@$$QAV<lambda_c2ffc0b7726aa6be21d5f0026187e748>@@@Z 100280d8     libucrt:fflush.obj
 0002:000080f8       __sehtable$___acrt_update_thread_locale_data 100280f8     libucrt:locale_refcounting.obj
 0002:00008118       __sehtable$__fcloseall     10028118     libucrt:closeall.obj
 0002:00008138       __sehtable$___acrt_lowio_ensure_fh_exists 10028138     libucrt:osfinfo.obj
 0002:00008158       __sehtable$??$?RV<lambda_9e9de3de5fa147e2223d7db92bc10aa6>@@AAV<lambda_38ce7e780aa69e748d6df282ebc68efe>@@V<lambda_8ca6da459f0f6780f1cff60fdc3d00e5>@@@?$__crt_seh_guarded_call@H@@QAEH$$QAV<lambda_9e9de3de5fa147e2223d7db92bc10aa6>@@AAV<lambda_38ce7e780aa69e748d6df282ebc68efe>@@$$QAV<lambda_8ca6da459f0f6780f1cff60fdc3d00e5>@@@Z 10028158     libucrt:commit.obj
 0002:00008178       __sehtable$__write         10028178     libucrt:write.obj
 0002:00008198       __sehtable$_fclose         10028198     libucrt:fclose.obj
 0002:000081b8       __sehtable$??$?RV<lambda_218ce3db14220d0be481dae8ef3383b6>@@AAV<lambda_628dfdc04ba53c8bfc02c9951375f3f5>@@V<lambda_57dc472bd5c9d5f3b2cbca59b8a843ae>@@@?$__crt_seh_guarded_call@H@@QAEH$$QAV<lambda_218ce3db14220d0be481dae8ef3383b6>@@AAV<lambda_628dfdc04ba53c8bfc02c9951375f3f5>@@$$QAV<lambda_57dc472bd5c9d5f3b2cbca59b8a843ae>@@@Z 100281b8     libucrt:close.obj
 0002:000081d8       __sehtable$___set_fpsr_sse2 100281d8     libucrt:fpctrl.obj
 0002:000081f8       __sehtable$__IsNonwritableInCurrentImage 100281f8     LIBCMT:pesect.obj
 0002:00008220       .edata                     10028220     OPOSImageScanner.exp
 0002:00008248       rgpv                       10028248     OPOSImageScanner.exp
 0002:00008258       rgszName                   10028258     OPOSImageScanner.exp
 0002:00008268       rgwOrd                     10028268     OPOSImageScanner.exp
 0002:00008270       szName                     10028270     OPOSImageScanner.exp
 0002:00008285       $N00001                    10028285     OPOSImageScanner.exp
 0002:00008295       $N00002                    10028295     OPOSImageScanner.exp
 0002:000082a7       $N00003                    100282a7     OPOSImageScanner.exp
 0002:000082b9       $N00004                    100282b9     OPOSImageScanner.exp
 0002:000088ca       .idata$6                   100288ca     kernel32:KERNEL32.dll
 0002:00008ade       .idata$6                   10028ade     user32:USER32.dll
 0002:00008c12       .idata$6                   10028c12     gdi32:GDI32.dll
 0002:00008cb8       .idata$6                   10028cb8     advapi32:ADVAPI32.dll
 0002:00008dd4       .idata$6                   10028dd4     ole32:ole32.dll
 0002:00008dde       .idata$6                   10028dde     oleaut32:OLEAUT32.dll
 0003:00000110       ?ObjectMap@@3PAU_ATL_OBJMAP_ENTRY30@ATL@@A 1002a110     ImageScanner.obj
 0003:000001d0       ?s_SOMethodNames@@3PAPADA  1002a1d0     ImageScannerImpl.obj
 0003:00000224       ?s_RequiredMethodsPerRelease@@3PAHA 1002a224     ImageScannerImpl.obj
 0003:00000240       ?__vcrt_flsindex@@3KA      1002a240     libvcruntime:per_thread_data.obj
 0003:00000260       ?errno_no_memory@@3HA      1002a260     libucrt:errno.obj
 0003:00000264       ?doserrno_no_memory@@3KA   1002a264     libucrt:errno.obj
 0003:00000270       ?__acrt_flsindex@@3KA      1002a270     libucrt:per_thread_data.obj
 0003:00000608       __mbctypes                 1002a608     libucrt:mbctype.obj
 0003:00000710       __mbcasemaps               1002a710     libucrt:mbctype.obj
 0003:00000810       ?__rgctypeflag@@3PADA      1002a810     libucrt:mbctype.obj
 0003:00000818       ?__rgcode_page_info@@3PAUcode_page_info@@A 1002a818     libucrt:mbctype.obj
 0003:00000a70       ?__dcrt_lowio_console_output_handle@@3PAXA 1002aa70     libucrt:initcon.obj
 0003:00000a74       ?__DAZ_ENABLED@?1??__set_fpsr_sse2@@9@9 1002aa74     libucrt:fpctrl.obj
 0003:00000c08       ?is_initialized_as_dll@@3_NA 1002ac08     LIBCMT:utility.obj
 0003:00000c09       ?module_local_atexit_table_initialized@@3_NA 1002ac09     LIBCMT:utility.obj
 0003:00000c0c       ?module_local_atexit_table@@3U_onexit_table_t@@A 1002ac0c     LIBCMT:utility.obj
 0003:00000c18       ?module_local_at_quick_exit_table@@3U_onexit_table_t@@A 1002ac18     LIBCMT:utility.obj
 0003:00000c24       ?g_tss_cv@@3U_RTL_CONDITION_VARIABLE@@A 1002ac24     LIBCMT:thread_safe_statics.obj
 0003:00000c28       ?g_tss_event@@3PAXA        1002ac28     LIBCMT:thread_safe_statics.obj
 0003:00000c2c       ?g_tss_mutex@@3U_RTL_CRITICAL_SECTION@@A 1002ac2c     LIBCMT:thread_safe_statics.obj
 0003:00000c44       ?g_sleep_condition_variable_cs@@3P6GHPAU_RTL_CONDITION_VARIABLE@@PAU_RTL_CRITICAL_SECTION@@K@ZA 1002ac44     LIBCMT:thread_safe_statics.obj
 0003:00000c48       ?g_wake_all_condition_variable@@3P6GXPAU_RTL_CONDITION_VARIABLE@@@ZA 1002ac48     LIBCMT:thread_safe_statics.obj
 0003:00000c50       _GS_ExceptionRecord        1002ac50     LIBCMT:gs_report.obj
 0003:00000ca0       _GS_ContextRecord          1002aca0     LIBCMT:gs_report.obj
 0003:00000f70       ?__proc_attached@@3HA      1002af70     LIBCMT:dll_dllmain.obj
 0003:00000fd4       ?AllocateData@@3P6GPAUAtlThunkData_t@@XZA 1002afd4     atls:atlthunk.obj
 0003:00000fd8       ?InitData@@3P6GXPAUAtlThunkData_t@@PAXI@ZA 1002afd8     atls:atlthunk.obj
 0003:00000fdc       ?DataToCode@@3P6GP6GJPAUHWND__@@IIJ@ZPAUAtlThunkData_t@@@ZA 1002afdc     atls:atlthunk.obj
 0003:00000fe0       ?FreeData@@3P6GXPAUAtlThunkData_t@@@ZA 1002afe0     atls:atlthunk.obj
 0003:00000fe4       ?Initialized@@3_NA         1002afe4     atls:atlthunk.obj
 0003:00000ff4       ?__vcrt_startup_thread_ptd@@3U__vcrt_ptd@@A 1002aff4     libvcruntime:per_thread_data.obj
 0003:0000101c       ___vcrt_lock_table         1002b01c     libvcruntime:locks.obj
 0003:00001034       ___vcrt_locks_initialized  1002b034     libvcruntime:locks.obj
 0003:00001060       ?heap@@3V_HeapManager@@A   1002b060     libvcruntime:undname.obj
 0003:00001074       ?module_handles@@3PAPAUHINSTANCE__@@A 1002b074     libvcruntime:winapi_downlevel.obj
 0003:00001080       ?function_pointers@@3PAPAXA 1002b080     libvcruntime:winapi_downlevel.obj
 0003:00001094       ?__acrt_invalid_parameter_handler@@3V?$dual_state_global@P6AXPB_W00II@Z@__crt_state_management@@A 1002b094     libucrt:invalid_parameter.obj
 0003:00001098       ?c_termination_complete@@3JA 1002b098     libucrt:exit.obj
 0003:0000109c       ?thread_local_exit_callback_func@@3P6GXPAXK0@ZA 1002b09c     libucrt:exit.obj
 0003:000010a8       ?program_name@?1???$common_configure_argv@D@@YAHW4_crt_argv_mode@@@Z@4PADA 1002b0a8     libucrt:argv_parsing.obj
 0003:000011d8       ?__acrt_new_handler@@3V?$dual_state_global@P6AHI@Z@__crt_state_management@@A 1002b1d8     libucrt:new_handler.obj
 0003:000011e0       ?module_handles@@3PAPAUHINSTANCE__@@A 1002b1e0     libucrt:winapi_thunks.obj
 0003:00001230       ?encoded_function_pointers@@3PAPAXA 1002b230     libucrt:winapi_thunks.obj
 0003:000012b8       ?internal_state@?1??_mbtowc_l@@9@4U_Mbstatet@@A 1002b2b8     libucrt:mbtowc.obj
 0003:000012c8       ?enable_percent_n@@3IA     1002b2c8     libucrt:printf_count_output.obj
 0003:000014e8       ?__acrt_lock_table@@3PAU_RTL_CRITICAL_SECTION@@A 1002b4e8     libucrt:locks.obj
 0003:00001638       ?__acrt_locks_initialized@@3IA 1002b638     libucrt:locks.obj
 0003:00001648       ?fSystemSet@@3HA           1002b648     libucrt:mbctype.obj
 0003:0000164c       ?initialized@?1??__acrt_initialize_multibyte@@9@4_NA 1002b64c     libucrt:mbctype.obj
 0003:0000166c       ?ctrlc_action@@3V?$dual_state_global@P6AXH@Z@__crt_state_management@@A 1002b66c     libucrt:signal.obj
 0003:00001670       ?ctrlbreak_action@@3V?$dual_state_global@P6AXH@Z@__crt_state_management@@A 1002b670     libucrt:signal.obj
 0003:00001674       ?abort_action@@3V?$dual_state_global@P6AXH@Z@__crt_state_management@@A 1002b674     libucrt:signal.obj
 0003:00001678       ?term_action@@3V?$dual_state_global@P6AXH@Z@__crt_state_management@@A 1002b678     libucrt:signal.obj
 0003:0000167c       ?user_matherr@@3V?$dual_state_global@P6AHPAU_exception@@@Z@__crt_state_management@@A 1002b67c     libucrt:matherr.obj
 0003:00001680       ?__acrt_global_new_mode@@3V?$dual_state_global@J@__crt_state_management@@A 1002b680     libucrt:new_mode.obj
 0003:0000168c       ?internal_pst@?1??__mbrtoc32_utf8@__crt_mbstring@@YAIPA_UPBDIPAU_Mbstatet@@@Z@4U3@A 1002b68c     libucrt:mbrtoc32.obj
 0003:00001694       ?__acrt_app_type@@3W4_crt_app_type@@A 1002b694     libucrt:report_runtime_error.obj
 0003:0000169c       __pmatherr_set             1002b69c     libucrt:libm_error.obj
 0004:00000220       $R000000                   1002c220     ImageScanner.res
 0004:00000bc8       $R0009A8                   1002cbc8     ImageScanner.res
 0004:00000cb0       $R000A90                   1002ccb0     ImageScanner.res
 0004:00000f18       $R000CF8                   1002cf18     ImageScanner.res
 0004:00001430       $R001210                   1002d430     ImageScanner.res
 0004:00004430       $R004210                   10030430     ImageScanner.res
 0004:00004468       $R004248                   10030468     ImageScanner.res
