 OPOSPINPad

 Timestamp is 5b863e56 (Wed Aug 29 15:33:58 2018)

 Preferred load address is 10000000

 Start         Length     Name                   Class
 0001:00000000 00000080H .text$di                CODE
 0001:00000080 0001d62bH .text$mn                CODE
 0001:0001d6ab 00000051H .text$x                 CODE
 0001:0001d6fc 00000042H .text$yd                CODE
 0002:00000000 000002fcH .idata$5                DATA
 0002:000002fc 00000004H .00cfg                  DATA
 0002:00000300 00000004H .CRT$XCA                DATA
 0002:00000304 00000004H .CRT$XCL                DATA
 0002:00000308 00000010H .CRT$XCU                DATA
 0002:00000318 00000004H .CRT$XCZ                DATA
 0002:0000031c 00000004H .CRT$XIA                DATA
 0002:00000320 00000010H .CRT$XIC                DATA
 0002:00000330 00000004H .CRT$XIZ                DATA
 0002:00000334 00000004H .CRT$XLA                DATA
 0002:00000338 00000004H .CRT$XLZ                DATA
 0002:0000033c 00000004H .CRT$XPA                DATA
 0002:00000340 00000008H .CRT$XPX                DATA
 0002:00000348 00000004H .CRT$XPXA               DATA
 0002:0000034c 00000004H .CRT$XPZ                DATA
 0002:00000350 00000004H .CRT$XTA                DATA
 0002:00000354 0000000cH .CRT$XTZ                DATA
 0002:00000358 00000000H .gfids$y                DATA
 0002:00000360 00006eb8H .rdata                  DATA
 0002:00007218 00000018H .rdata$T                DATA
 0002:00007230 00000180H .rdata$r                DATA
 0002:000073b0 00000020H .rdata$sxdata           DATA
 0002:000073d0 000003dcH .rdata$zzzdbg           DATA
 0002:000077ac 00000004H .rtc$IAA                DATA
 0002:000077b0 00000004H .rtc$IZZ                DATA
 0002:000077b4 00000004H .rtc$TAA                DATA
 0002:000077b8 00000004H .rtc$TZZ                DATA
 0002:000077bc 00000004H .tls                    DATA
 0002:000077c0 00000004H .tls$                   DATA
 0002:000077c4 00000004H .tls$ZZZ                DATA
 0002:000077c8 00000624H .xdata$x                DATA
 0002:00007dec 00000004H ATL$__a                 DATA
 0002:00007df0 00000010H ATL$__z                 DATA
 0002:00007e00 000000a8H .edata                  DATA
 0002:00007ea8 00000078H .idata$2                DATA
 0002:00007f20 00000014H .idata$3                DATA
 0002:00007f34 000002fcH .idata$4                DATA
 0002:00008230 00000bc0H .idata$6                DATA
 0003:00000000 000009b0H .data                   DATA
 0003:000009b0 00000098H .data$r                 DATA
 0003:00000a48 00000b68H .bss                    DATA
 0004:00000000 00000220H .rsrc$01                DATA
 0004:00000220 00004b30H .rsrc$02                DATA

  Address         Publics by Value              Rva+Base       Lib:Object

 0000:00000000       ___guard_iat_count         00000000     <absolute>
 0000:00000000       ___guard_fids_count        00000000     <absolute>
 0000:00000000       ___guard_longjmp_count     00000000     <absolute>
 0000:00000000       ___guard_longjmp_table     00000000     <absolute>
 0000:00000000       ___hybrid_code_map_count   00000000     <absolute>
 0000:00000000       __except_list              00000000     <absolute>
 0000:00000000       ___guard_fids_table        00000000     <absolute>
 0000:00000000       ___hybrid_auxiliary_iat    00000000     <absolute>
 0000:00000000       ___dynamic_value_reloc_table 00000000     <absolute>
 0000:00000000       ___guard_iat_table         00000000     <absolute>
 0000:00000000       ___volatile_metadata       00000000     <absolute>
 0000:00000000       ___enclave_config          00000000     <absolute>
 0000:00000000       ___hybrid_code_map         00000000     <absolute>
 0000:00000008       ___safe_se_handler_count   00000008     <absolute>
 0000:0000002c       __tls_array                0000002c     <absolute>
 0000:00000100       ___guard_flags             00000100     <absolute>
 0000:00000000       ___ImageBase               10000000     <linker-defined>
 0001:00000080       ?DupWide@_CW@@AAEXXZ       10001080 f   CWString.obj
 0001:0000009c       ?cw_dup@@YGXPBDAAHAAPA_W1@Z 1000109c f   CWString.obj
 0001:0000010b       ?cw_memcpy@@YGHPA_WPBDH@Z  1000110b f   CWString.obj
 0001:00000137       ?cw_strcpy@@YAHPA_WPBD@Z   10001137 f   CWString.obj
 0001:0000014a       ?cw_strlen@@YAHPBD@Z       1000114a f   CWString.obj
 0001:00000163       ??0CAtlComModule@ATL@@QAE@XZ 10001163 f i OposVariant.obj
 0001:000001a8       ??0CAtlWinModule@ATL@@QAE@XZ 100011a8 f i OposVariant.obj
 0001:000001df       ??0OposDispParms@@QAE@PAVOposVariant@@H@Z 100011df f   OposVariant.obj
 0001:00000250       ??1OposDispParms@@QAE@XZ   10001250 f   OposVariant.obj
 0001:0000025e       ??A?$CSimpleArray@GV?$CSimpleArrayEqualHelper@G@ATL@@@ATL@@QAEAAGH@Z 1000125e f i OposVariant.obj
 0001:00000283       ??_Estringdispid@CComTypeInfoHolder@ATL@@QAEPAXI@Z 10001283 f i OposVariant.obj
 0001:000002ef       ?AtlWinModuleInit@ATL@@YGJPAU_ATL_WIN_MODULE70@1@@Z 100012ef f i OposVariant.obj
 0001:00000315       ?AtlWinModuleTerm@ATL@@YGJPAU_ATL_WIN_MODULE70@1@PAUHINSTANCE__@@@Z 10001315 f i OposVariant.obj
 0001:00000378       ?ChangeBSTR@OposVariant@@QAEXPAPA_WAAJ@Z 10001378 f   OposVariant.obj
 0001:000003b9       ?ChangeCURRENCY@OposVariant@@QAEXPATtagCY@@AAJ@Z 100013b9 f   OposVariant.obj
 0001:00000408       ?ChangeLONG@OposVariant@@QAEXPAJAAJ@Z 10001408 f   OposVariant.obj
 0001:00000449       ?GetLONG@OposVariant@@QAEJXZ 10001449 f   OposVariant.obj
 0001:00000464       ?Init@CComCriticalSection@ATL@@QAEJXZ 10001464 f i OposVariant.obj
 0001:0000048b       ?RemoveAll@?$CSimpleArray@GV?$CSimpleArrayEqualHelper@G@ATL@@@ATL@@QAEXXZ 1000148b f i OposVariant.obj
 0001:0000048b       ?RemoveAll@?$CSimpleArray@PAUHINSTANCE__@@V?$CSimpleArrayEqualHelper@PAUHINSTANCE__@@@ATL@@@ATL@@QAEXXZ 1000148b f i atls:atlbase.obj
 0001:000004a8       ?SetBSTR@OposVariant@@QAEXPA_WAAJ@Z 100014a8 f   OposVariant.obj
 0001:000004dc       ?SetBSTR_Copy@OposVariant@@QAEXPA_WAAJ@Z 100014dc f   OposVariant.obj
 0001:0000052c       ?SetBSTR_InOutPtr@OposVariant@@QAE_NPAPA_WAAJ@Z 1000152c f   OposVariant.obj
 0001:00000563       ?SetBSTR_OutPtr@OposVariant@@QAE_NPAPA_WAAJ@Z 10001563 f   OposVariant.obj
 0001:0000057f       ?SetCURRENCY@OposVariant@@QAEXTtagCY@@@Z 1000157f f   OposVariant.obj
 0001:000005a7       ?SetDispatch_Ptr@OposVariant@@QAEXPAUIDispatch@@AAJ@Z 100015a7 f   OposVariant.obj
 0001:000005e2       ?SetLONG@OposVariant@@QAEXJ@Z 100015e2 f   OposVariant.obj
 0001:00000604       ?SetLONG_Ptr@OposVariant@@QAEXPAJAAJ@Z 10001604 f   OposVariant.obj
 0001:00000637       ?SetString@OposVariant@@QAEXPB_WAAJ@Z 10001637 f   OposVariant.obj
 0001:0000067d       ?SetVARIANT_BOOL@OposVariant@@QAEXF@Z 1000167d f   OposVariant.obj
 0001:000006a7       ?Term@CAtlComModule@ATL@@QAEXXZ 100016a7 f i OposVariant.obj
 0001:000006f1       ?_AtlRaiseException@ATL@@YAXKK@Z 100016f1 f i OposVariant.obj
 0001:00000706       ?GetWindow@?$IOleInPlaceActiveObjectImpl@VCOPOSPINPad@@@ATL@@UAGJPAPAUHWND__@@@Z 10001706 f i PINPad.obj
 0001:00000753       ?ContextSensitiveHelp@?$IOleInPlaceObjectWindowlessImpl@VCOPOSPINPad@@@ATL@@UAGJH@Z 10001753 f i PINPad.obj
 0001:00000753       ?GetControlInfo@?$IOleControlImpl@VCOPOSPINPad@@@ATL@@UAGJPAUtagCONTROLINFO@@@Z 10001753 f i PINPad.obj
 0001:00000753       ?GetDropTarget@?$IOleInPlaceObjectWindowlessImpl@VCOPOSPINPad@@@ATL@@UAGJPAPAUIDropTarget@@@Z 10001753 f i PINPad.obj
 0001:00000753       ?SOOutputCompleteDummy@COPOSPINPad@@MAGJJ@Z 10001753 f i PINPad.obj
 0001:00000753       ?QueryGetData@?$IDataObjectImpl@VCOPOSPINPad@@@ATL@@UAGJPAUtagFORMATETC@@@Z 10001753 f i PINPad.obj
 0001:00000753       ?Unfreeze@?$IViewObjectExImpl@VCOPOSPINPad@@@ATL@@UAGJK@Z 10001753 f i PINPad.obj
 0001:00000753       ?OnMnemonic@?$IOleControlImpl@VCOPOSPINPad@@@ATL@@UAGJPAUtagMSG@@@Z 10001753 f i PINPad.obj
 0001:00000753       ?ContextSensitiveHelp@?$IOleInPlaceActiveObjectImpl@VCOPOSPINPad@@@ATL@@UAGJH@Z 10001753 f i PINPad.obj
 0001:00000753       ?SetColorScheme@?$IOleObjectImpl@VCOPOSPINPad@@@ATL@@UAGJPAUtagLOGPALETTE@@@Z 10001753 f i PINPad.obj
 0001:0000075b       ?TranslateAcceleratorW@?$IOleInPlaceActiveObjectImpl@VCOPOSPINPad@@@ATL@@UAGJPAUtagMSG@@@Z 1000175b f i PINPad.obj
 0001:000007f9       ?EnableModeless@?$IOleInPlaceActiveObjectImpl@VCOPOSPINPad@@@ATL@@UAGJH@Z 100017f9 f i PINPad.obj
 0001:000007f9       ?OnFrameWindowActivate@?$IOleInPlaceActiveObjectImpl@VCOPOSPINPad@@@ATL@@UAGJH@Z 100017f9 f i PINPad.obj
 0001:000007f9       ?SaveCompleted@?$IPersistStorageImpl@VCOPOSPINPad@@@ATL@@UAGJPAUIStorage@@@Z 100017f9 f i PINPad.obj
 0001:000007f9       ?OnAmbientPropertyChange@?$IOleControlImpl@VCOPOSPINPad@@@ATL@@UAGJJ@Z 100017f9 f i PINPad.obj
 0001:000007fe       ?OnDocWindowActivate@?$IOleInPlaceActiveObjectImpl@VCOPOSPINPad@@@ATL@@UAGJH@Z 100017fe f i PINPad.obj
 0001:00000820       ?ResizeBorder@?$IOleInPlaceActiveObjectImpl@VCOPOSPINPad@@@ATL@@UAGJPBUtagRECT@@PAUIOleInPlaceUIWindow@@H@Z 10001820 f i PINPad.obj
 0001:00000825       ?Draw@?$IViewObjectExImpl@VCOPOSPINPad@@@ATL@@UAGJKJPAXPAUtagDVTARGETDEVICE@@PAUHDC__@@2PBU_RECTL@@3P6GHK@ZK@Z 10001825 f i PINPad.obj
 0001:00000857       ?GetColorSet@?$IViewObjectExImpl@VCOPOSPINPad@@@ATL@@UAGJKJPAXPAUtagDVTARGETDEVICE@@PAUHDC__@@PAPAUtagLOGPALETTE@@@Z 10001857 f i PINPad.obj
 0001:0000085f       ?Freeze@?$IViewObjectExImpl@VCOPOSPINPad@@@ATL@@UAGJKJPAXPAK@Z 1000185f f i PINPad.obj
 0001:00000867       ?SetAdvise@?$IViewObjectExImpl@VCOPOSPINPad@@@ATL@@UAGJKKPAUIAdviseSink@@@Z 10001867 f i PINPad.obj
 0001:00000886       ?GetAdvise@?$IViewObjectExImpl@VCOPOSPINPad@@@ATL@@UAGJPAK0PAPAUIAdviseSink@@@Z 10001886 f i PINPad.obj
 0001:000008bb       ?GetExtent@?$IViewObjectExImpl@VCOPOSPINPad@@@ATL@@UAGJKJPAUtagDVTARGETDEVICE@@PAUtagSIZE@@@Z 100018bb f i PINPad.obj
 0001:000008ec       ?GetRect@?$IViewObjectExImpl@VCOPOSPINPad@@@ATL@@UAGJKPAU_RECTL@@@Z 100018ec f i PINPad.obj
 0001:000008ec       ?GetDataHere@?$IDataObjectImpl@VCOPOSPINPad@@@ATL@@UAGJPAUtagFORMATETC@@PAUtagSTGMEDIUM@@@Z 100018ec f i PINPad.obj
 0001:000008ec       ?GetCanonicalFormatEtc@?$IDataObjectImpl@VCOPOSPINPad@@@ATL@@UAGJPAUtagFORMATETC@@0@Z 100018ec f i PINPad.obj
 0001:000008ec       ?QueryInterface@CRegObject@ATL@@UAGJABU_GUID@@PAPAX@Z 100018ec f i PINPad.obj
 0001:000008ec       ?EnumFormatEtc@?$IDataObjectImpl@VCOPOSPINPad@@@ATL@@UAGJKPAPAUIEnumFORMATETC@@@Z 100018ec f i PINPad.obj
 0001:000008ec       ?SetMoniker@?$IOleObjectImpl@VCOPOSPINPad@@@ATL@@UAGJKPAUIMoniker@@@Z 100018ec f i PINPad.obj
 0001:000008ec       ?GetClipboardData@?$IOleObjectImpl@VCOPOSPINPad@@@ATL@@UAGJKPAPAUIDataObject@@@Z 100018ec f i PINPad.obj
 0001:000008f4       ?GetViewStatus@?$IViewObjectExImpl@VCOPOSPINPad@@@ATL@@UAGJPAK@Z 100018f4 f i PINPad.obj
 0001:00000911       ?QueryHitPoint@?$IViewObjectExImpl@VCOPOSPINPad@@@ATL@@UAGJKPBUtagRECT@@UtagPOINT@@JPAK@Z 10001911 f i PINPad.obj
 0001:00000952       ?QueryHitRect@?$IViewObjectExImpl@VCOPOSPINPad@@@ATL@@UAGJKPBUtagRECT@@0JPAK@Z 10001952 f i PINPad.obj
 0001:000009ad       ?GetNaturalExtent@?$IViewObjectExImpl@VCOPOSPINPad@@@ATL@@UAGJKJPAUtagDVTARGETDEVICE@@PAUHDC__@@PAUtagExtentInfo@@PAUtagSIZE@@@Z 100019ad f i PINPad.obj
 0001:000009f8       ?GetWindow@?$IOleInPlaceObjectWindowlessImpl@VCOPOSPINPad@@@ATL@@UAGJPAPAUHWND__@@@Z 100019f8 f i PINPad.obj
 0001:00000a45       ?InPlaceDeactivate@?$IOleInPlaceObjectWindowlessImpl@VCOPOSPINPad@@@ATL@@UAGJXZ 10001a45 f i PINPad.obj
 0001:00000a5f       ?UIDeactivate@?$IOleInPlaceObjectWindowlessImpl@VCOPOSPINPad@@@ATL@@UAGJXZ 10001a5f f i PINPad.obj
 0001:00000a79       ?SetObjectRects@?$IOleInPlaceObjectWindowlessImpl@VCOPOSPINPad@@@ATL@@UAGJPBUtagRECT@@0@Z 10001a79 f i PINPad.obj
 0001:00000a99       ?ReactivateAndUndo@?$IOleInPlaceObjectWindowlessImpl@VCOPOSPINPad@@@ATL@@UAGJXZ 10001a99 f i PINPad.obj
 0001:00000aa1       ?OnWindowMessage@?$IOleInPlaceObjectWindowlessImpl@VCOPOSPINPad@@@ATL@@UAGJIIJPAJ@Z 10001aa1 f i PINPad.obj
 0001:00000b11       ?EnumConnectionPoints@?$IConnectionPointContainerImpl@VCOPOSPINPad@@@ATL@@UAGJPAPAUIEnumConnectionPoints@@@Z 10001b11 f i PINPad.obj
 0001:00000c8b       ?FindConnectionPoint@?$IConnectionPointContainerImpl@VCOPOSPINPad@@@ATL@@UAGJABU_GUID@@PAPAUIConnectionPoint@@@Z 10001c8b f i PINPad.obj
 0001:00000d2e       ?GetClassID@?$IPersistStorageImpl@VCOPOSPINPad@@@ATL@@UAGJPAU_GUID@@@Z 10001d2e f i PINPad.obj
 0001:00000d2e       ?GetUserClassID@?$IOleObjectImpl@VCOPOSPINPad@@@ATL@@UAGJPAU_GUID@@@Z 10001d2e f i PINPad.obj
 0001:00000d2e       ?GetClassID@?$IPersistStreamInitImpl@VCOPOSPINPad@@@ATL@@UAGJPAU_GUID@@@Z 10001d2e f i PINPad.obj
 0001:00000d52       ?IsDirty@?$IPersistStorageImpl@VCOPOSPINPad@@@ATL@@UAGJXZ 10001d52 f i PINPad.obj
 0001:00000d86       ?InitNew@?$IPersistStorageImpl@VCOPOSPINPad@@@ATL@@UAGJPAUIStorage@@@Z 10001d86 f i PINPad.obj
 0001:00000dba       ?Load@?$IPersistStorageImpl@VCOPOSPINPad@@@ATL@@UAGJPAUIStorage@@@Z 10001dba f i PINPad.obj
 0001:00000e26       ?Save@?$IPersistStorageImpl@VCOPOSPINPad@@@ATL@@UAGJPAUIStorage@@H@Z 10001e26 f i PINPad.obj
 0001:00000e99       ?Update@?$IOleObjectImpl@VCOPOSPINPad@@@ATL@@UAGJXZ 10001e99 f i PINPad.obj
 0001:00000e99       ?Release@CRegObject@ATL@@UAGKXZ 10001e99 f i PINPad.obj
 0001:00000e99       ?IsUpToDate@?$IOleObjectImpl@VCOPOSPINPad@@@ATL@@UAGJXZ 10001e99 f i PINPad.obj
 0001:00000e99       ?HandsOffStorage@?$IPersistStorageImpl@VCOPOSPINPad@@@ATL@@UAGJXZ 10001e99 f i PINPad.obj
 0001:00000e9e       ?GetPages@?$ISpecifyPropertyPagesImpl@VCOPOSPINPad@@@ATL@@UAGJPAUtagCAUUID@@@Z 10001e9e f i PINPad.obj
 0001:00000eb5       ?QuickActivate@?$IQuickActivateImpl@VCOPOSPINPad@@@ATL@@UAGJPAUtagQACONTAINER@@PAUtagQACONTROL@@@Z 10001eb5 f i PINPad.obj
 0001:00000ed8       ?SetContentExtent@?$IQuickActivateImpl@VCOPOSPINPad@@@ATL@@UAGJPAUtagSIZE@@@Z 10001ed8 f i PINPad.obj
 0001:00000f04       ?GetContentExtent@?$IQuickActivateImpl@VCOPOSPINPad@@@ATL@@UAGJPAUtagSIZE@@@Z 10001f04 f i PINPad.obj
 0001:00000f24       ?GetData@?$IDataObjectImpl@VCOPOSPINPad@@@ATL@@UAGJPAUtagFORMATETC@@PAUtagSTGMEDIUM@@@Z 10001f24 f i PINPad.obj
 0001:00000f47       ?SetData@?$IDataObjectImpl@VCOPOSPINPad@@@ATL@@UAGJPAUtagFORMATETC@@PAUtagSTGMEDIUM@@H@Z 10001f47 f i PINPad.obj
 0001:00000f47       ?InitFromData@?$IOleObjectImpl@VCOPOSPINPad@@@ATL@@UAGJPAUIDataObject@@HK@Z 10001f47 f i PINPad.obj
 0001:00000f47       ?GetMoniker@?$IOleObjectImpl@VCOPOSPINPad@@@ATL@@UAGJKKPAPAUIMoniker@@@Z 10001f47 f i PINPad.obj
 0001:00000f4f       ?DAdvise@?$IDataObjectImpl@VCOPOSPINPad@@@ATL@@UAGJPAUtagFORMATETC@@KPAUIAdviseSink@@PAK@Z 10001f4f f i PINPad.obj
 0001:00000f90       ?DUnadvise@?$IDataObjectImpl@VCOPOSPINPad@@@ATL@@UAGJK@Z 10001f90 f i PINPad.obj
 0001:00000fbe       ?EnumDAdvise@?$IDataObjectImpl@VCOPOSPINPad@@@ATL@@UAGJPAPAUIEnumSTATDATA@@@Z 10001fbe f i PINPad.obj
 0001:00000ffd       ?GetClassInfoW@?$IProvideClassInfo2Impl@$1?CLSID_OPOSPINPad@@3U_GUID@@B$1?DIID__IOPOSPINPadEvents@@3U2@B$1?LIBID_OposPINPad_CCO@@3U2@B$00$0A@VCComTypeInfoHolder@ATL@@@ATL@@UAGJPAPAUITypeInfo@@@Z 10001ffd f i PINPad.obj
 0001:00001013       ?GetGUID@?$IProvideClassInfo2Impl@$1?CLSID_OPOSPINPad@@3U_GUID@@B$1?DIID__IOPOSPINPadEvents@@3U2@B$1?LIBID_OposPINPad_CCO@@3U2@B$00$0A@VCComTypeInfoHolder@ATL@@@ATL@@UAGJKPAU_GUID@@@Z 10002013 f i PINPad.obj
 0001:00001051       ?FAccessAllowed@?$IObjectSafetyImpl@VCOPOSPINPad@@$02@ATL@@MAEHXZ 10002051 f i PINPad.obj
 0001:00001051       __get_startup_argv_mode    10002051 f i LIBCMT:argv_mode.obj
 0001:00001055       ?GetInterfaceSafetyOptions@?$IObjectSafetyImpl@VCOPOSPINPad@@$02@ATL@@UAGJABU_GUID@@PAK1@Z 10002055 f i PINPad.obj
 0001:000010c9       ?SetInterfaceSafetyOptions@?$IObjectSafetyImpl@VCOPOSPINPad@@$02@ATL@@UAGJABU_GUID@@KK@Z 100020c9 f i PINPad.obj
 0001:00001143       ?_LocCPQueryInterface@?$IConnectionPointImpl@VCOPOSPINPad@@$1?DIID__IOPOSPINPadEvents@@3U_GUID@@BVCComDynamicUnkArray@ATL@@@ATL@@UAGJABU_GUID@@PAPAX@Z 10002143 f i PINPad.obj
 0001:00001143       ?_LocCPQueryInterface@?$IConnectionPointImpl@VCOPOSPINPad@@$1?IID_IPropertyNotifySink@@3U_GUID@@BVCComDynamicUnkArray@ATL@@@ATL@@UAGJABU_GUID@@PAPAX@Z 10002143 f i PINPad.obj
 0001:00001190       ?GetConnectionInterface@?$IConnectionPointImpl@VCOPOSPINPad@@$1?IID_IPropertyNotifySink@@3U_GUID@@BVCComDynamicUnkArray@ATL@@@ATL@@UAGJPAU_GUID@@@Z 10002190 f i PINPad.obj
 0001:000011b4       ?GetConnectionPointContainer@?$IConnectionPointImpl@VCOPOSPINPad@@$1?IID_IPropertyNotifySink@@3U_GUID@@BVCComDynamicUnkArray@ATL@@@ATL@@UAGJPAPAUIConnectionPointContainer@@@Z 100021b4 f i PINPad.obj
 0001:000011d7       ?Advise@?$IConnectionPointImpl@VCOPOSPINPad@@$1?IID_IPropertyNotifySink@@3U_GUID@@BVCComDynamicUnkArray@ATL@@@ATL@@UAGJPAUIUnknown@@PAK@Z 100021d7 f i PINPad.obj
 0001:000011d7       ?Advise@?$IConnectionPointImpl@VCOPOSPINPad@@$1?DIID__IOPOSPINPadEvents@@3U_GUID@@BVCComDynamicUnkArray@ATL@@@ATL@@UAGJPAUIUnknown@@PAK@Z 100021d7 f i PINPad.obj
 0001:00001278       ?Unadvise@?$IConnectionPointImpl@VCOPOSPINPad@@$1?DIID__IOPOSPINPadEvents@@3U_GUID@@BVCComDynamicUnkArray@ATL@@@ATL@@UAGJK@Z 10002278 f i PINPad.obj
 0001:00001278       ?Unadvise@?$IConnectionPointImpl@VCOPOSPINPad@@$1?IID_IPropertyNotifySink@@3U_GUID@@BVCComDynamicUnkArray@ATL@@@ATL@@UAGJK@Z 10002278 f i PINPad.obj
 0001:000012b8       ?EnumConnections@?$IConnectionPointImpl@VCOPOSPINPad@@$1?IID_IPropertyNotifySink@@3U_GUID@@BVCComDynamicUnkArray@ATL@@@ATL@@UAGJPAPAUIEnumConnections@@@Z 100022b8 f i PINPad.obj
 0001:000012b8       ?EnumConnections@?$IConnectionPointImpl@VCOPOSPINPad@@$1?DIID__IOPOSPINPadEvents@@3U_GUID@@BVCComDynamicUnkArray@ATL@@@ATL@@UAGJPAPAUIEnumConnections@@@Z 100022b8 f i PINPad.obj
 0001:000013be       ?GetCategoryMap@CComObjectRootBase@ATL@@SAPBU_ATL_CATMAP_ENTRY@2@XZ 100023be f i PINPad.obj
 0001:000013be       ?GetObjectDescription@?$CComCoClass@VCOPOSPINPad@@$1?CLSID_OPOSPINPad@@3U_GUID@@B@ATL@@SGPB_WXZ 100023be f i PINPad.obj
 0001:000013c1       ?GetConnectionInterface@?$IConnectionPointImpl@VCOPOSPINPad@@$1?DIID__IOPOSPINPadEvents@@3U_GUID@@BVCComDynamicUnkArray@ATL@@@ATL@@UAGJPAU_GUID@@@Z 100023c1 f i PINPad.obj
 0001:000013e5       ?GetConnectionPointContainer@?$IConnectionPointImpl@VCOPOSPINPad@@$1?DIID__IOPOSPINPadEvents@@3U_GUID@@BVCComDynamicUnkArray@ATL@@@ATL@@UAGJPAPAUIConnectionPointContainer@@@Z 100023e5 f i PINPad.obj
 0001:00001408       ?UpdateRegistry@COPOSPINPad@@SGJH@Z 10002408 f i PINPad.obj
 0001:00001420       ?ProcessWindowMessage@COPOSPINPad@@UAEHPAUHWND__@@IIJAAJK@Z 10002420 f i PINPad.obj
 0001:00001469       ?SOData@COPOSPINPad@@MAGJJ@Z 10002469 f i PINPad.obj
 0001:000014a2       ?SODirectIO@COPOSPINPad@@MAGJJPAJPAPA_W@Z 100024a2 f i PINPad.obj
 0001:000014eb       ?SOError@COPOSPINPad@@MAGJJJJPAJ@Z 100024eb f i PINPad.obj
 0001:00001540       ?SOStatusUpdate@COPOSPINPad@@MAGJJ@Z 10002540 f i PINPad.obj
 0001:00001579       ?AddRef@CRegObject@ATL@@UAGKXZ 10002579 f i PINPad.obj
 0001:0000157f       ?AddReplacement@CRegObject@ATL@@UAGJPB_W0@Z 1000257f f i PINPad.obj
 0001:000015b8       ?ClearReplacements@CRegObject@ATL@@UAGJXZ 100025b8 f i PINPad.obj
 0001:000015ca       ??_ECRegObject@ATL@@UAEPAXI@Z 100025ca f i PINPad.obj
 0001:000015ca       ??_GCRegObject@ATL@@UAEPAXI@Z 100025ca f i PINPad.obj
 0001:000015ec       ?CreateInstance@?$CComCreator@V?$CComObjectCached@VCComClassFactory@ATL@@@ATL@@@ATL@@SGJPAXABU_GUID@@PAPAX@Z 100025ec f i PINPad.obj
 0001:0000167f       ?CreateInstance@?$CComCreator2@V?$CComCreator@V?$CComObject@VCOPOSPINPad@@@ATL@@@ATL@@V?$CComCreator@V?$CComAggObject@VCOPOSPINPad@@@ATL@@@2@@ATL@@SGJPAXABU_GUID@@PAPAX@Z 1000267f f i PINPad.obj
 0001:0000169f       ?Next@?$CComEnumImpl@UIEnumConnectionPoints@@$1?_GUID_b196b285_bab4_101a_b69c_00aa00341d07@@3U__s_GUID@@BPAUIConnectionPoint@@V?$_CopyInterface@UIConnectionPoint@@@ATL@@@ATL@@UAGJKPAPAUIConnectionPoint@@PAK@Z 1000269f f i PINPad.obj
 0001:00001776       ?Skip@?$CComEnumImpl@UIEnumConnectionPoints@@$1?_GUID_b196b285_bab4_101a_b69c_00aa00341d07@@3U__s_GUID@@BPAUIConnectionPoint@@V?$_CopyInterface@UIConnectionPoint@@@ATL@@@ATL@@UAGJK@Z 10002776 f i PINPad.obj
 0001:000017a3       ?Reset@?$CComEnumImpl@UIEnumConnectionPoints@@$1?_GUID_b196b285_bab4_101a_b69c_00aa00341d07@@3U__s_GUID@@BPAUIConnectionPoint@@V?$_CopyInterface@UIConnectionPoint@@@ATL@@@ATL@@UAGJXZ 100027a3 f i PINPad.obj
 0001:000017a3       ?Reset@?$CComEnumImpl@UIEnumConnections@@$1?_GUID_b196b287_bab4_101a_b69c_00aa00341d07@@3U__s_GUID@@BUtagCONNECTDATA@@V?$_Copy@UtagCONNECTDATA@@@ATL@@@ATL@@UAGJXZ 100027a3 f i PINPad.obj
 0001:000017b5       ?Clone@?$CComEnumImpl@UIEnumConnectionPoints@@$1?_GUID_b196b285_bab4_101a_b69c_00aa00341d07@@3U__s_GUID@@BPAUIConnectionPoint@@V?$_CopyInterface@UIConnectionPoint@@@ATL@@@ATL@@UAGJPAPAUIEnumConnectionPoints@@@Z 100027b5 f i PINPad.obj
 0001:00001894       ?AddRef@?$CComObject@V?$CComEnum@UIEnumConnections@@$1?_GUID_b196b287_bab4_101a_b69c_00aa00341d07@@3U__s_GUID@@BUtagCONNECTDATA@@V?$_Copy@UtagCONNECTDATA@@@ATL@@VCComSingleThreadModel@6@@ATL@@@ATL@@UAGKXZ 10002894 f i PINPad.obj
 0001:00001894       ?AddRef@?$CComObject@V?$CComEnum@UIEnumConnectionPoints@@$1?_GUID_b196b285_bab4_101a_b69c_00aa00341d07@@3U__s_GUID@@BPAUIConnectionPoint@@V?$_CopyInterface@UIConnectionPoint@@@ATL@@VCComSingleThreadModel@6@@ATL@@@ATL@@UAGKXZ 10002894 f i PINPad.obj
 0001:000018a5       ?Release@?$CComObject@V?$CComEnum@UIEnumConnectionPoints@@$1?_GUID_b196b285_bab4_101a_b69c_00aa00341d07@@3U__s_GUID@@BPAUIConnectionPoint@@V?$_CopyInterface@UIConnectionPoint@@@ATL@@VCComSingleThreadModel@6@@ATL@@@ATL@@UAGKXZ 100028a5 f i PINPad.obj
 0001:000018a5       ?Release@?$CComObject@V?$CComEnum@UIEnumConnections@@$1?_GUID_b196b287_bab4_101a_b69c_00aa00341d07@@3U__s_GUID@@BUtagCONNECTDATA@@V?$_Copy@UtagCONNECTDATA@@@ATL@@VCComSingleThreadModel@6@@ATL@@@ATL@@UAGKXZ 100028a5 f i PINPad.obj
 0001:000018e1       ?QueryInterface@?$CComObject@V?$CComEnum@UIEnumConnectionPoints@@$1?_GUID_b196b285_bab4_101a_b69c_00aa00341d07@@3U__s_GUID@@BPAUIConnectionPoint@@V?$_CopyInterface@UIConnectionPoint@@@ATL@@VCComSingleThreadModel@6@@ATL@@@ATL@@UAGJABU_GUID@@PAPAX@Z 100028e1 f i PINPad.obj
 0001:000018fb       ??_E?$CComObject@V?$CComEnum@UIEnumConnectionPoints@@$1?_GUID_b196b285_bab4_101a_b69c_00aa00341d07@@3U__s_GUID@@BPAUIConnectionPoint@@V?$_CopyInterface@UIConnectionPoint@@@ATL@@VCComSingleThreadModel@6@@ATL@@@ATL@@UAEPAXI@Z 100028fb f i PINPad.obj
 0001:000018fb       ??_G?$CComObject@V?$CComEnum@UIEnumConnectionPoints@@$1?_GUID_b196b285_bab4_101a_b69c_00aa00341d07@@3U__s_GUID@@BPAUIConnectionPoint@@V?$_CopyInterface@UIConnectionPoint@@@ATL@@VCComSingleThreadModel@6@@ATL@@@ATL@@UAEPAXI@Z 100028fb f i PINPad.obj
 0001:0000191d       ?AddRef@?$CComObjectCached@VCComClassFactory@ATL@@@ATL@@UAGKXZ 1000291d f i PINPad.obj
 0001:00001944       ?Release@?$CComObjectCached@VCComClassFactory@ATL@@@ATL@@UAGKXZ 10002944 f i PINPad.obj
 0001:0000197a       ?QueryInterface@?$CComObjectCached@VCComClassFactory@ATL@@@ATL@@UAGJABU_GUID@@PAPAX@Z 1000297a f i PINPad.obj
 0001:00001994       ??_G?$CComObjectCached@VCComClassFactory@ATL@@@ATL@@UAEPAXI@Z 10002994 f i PINPad.obj
 0001:00001994       ??_E?$CComObjectCached@VCComClassFactory@ATL@@@ATL@@UAEPAXI@Z 10002994 f i PINPad.obj
 0001:000019b6       ?AddRef@?$CComAggObject@VCOPOSPINPad@@@ATL@@UAGKXZ 100029b6 f i PINPad.obj
 0001:000019c7       ?Release@?$CComAggObject@VCOPOSPINPad@@@ATL@@UAGKXZ 100029c7 f i PINPad.obj
 0001:00001a03       ?QueryInterface@?$CComAggObject@VCOPOSPINPad@@@ATL@@UAGJABU_GUID@@PAPAX@Z 10002a03 f i PINPad.obj
 0001:00001a52       ?AddRef@?$CComContainedObject@VCOPOSPINPad@@@ATL@@UAGKXZ 10002a52 f i PINPad.obj
 0001:00001a68       ?Release@?$CComContainedObject@VCOPOSPINPad@@@ATL@@UAGKXZ 10002a68 f i PINPad.obj
 0001:00001a7e       ?QueryInterface@?$CComContainedObject@VCOPOSPINPad@@@ATL@@UAGJABU_GUID@@PAPAX@Z 10002a7e f i PINPad.obj
 0001:00001a99       ??_E?$CComAggObject@VCOPOSPINPad@@@ATL@@UAEPAXI@Z 10002a99 f i PINPad.obj
 0001:00001a99       ??_G?$CComAggObject@VCOPOSPINPad@@@ATL@@UAEPAXI@Z 10002a99 f i PINPad.obj
 0001:00001abe       ?AddRef@?$CComObject@VCOPOSPINPad@@@ATL@@UAGKXZ 10002abe f i PINPad.obj
 0001:00001ad5       ?Release@?$CComObject@VCOPOSPINPad@@@ATL@@UAGKXZ 10002ad5 f i PINPad.obj
 0001:00001b17       ?QueryInterface@?$CComObject@VCOPOSPINPad@@@ATL@@UAGJABU_GUID@@PAPAX@Z 10002b17 f i PINPad.obj
 0001:00001b31       ?OnFinalMessage@?$CWindowImplBaseT@VCWindow@ATL@@V?$CWinTraits@$0FGAAAAAA@$0A@@2@@ATL@@UAEXPAUHWND__@@@Z 10002b31 f i PINPad.obj
 0001:00001b31       ?ObjectMain@CComObjectRootBase@ATL@@SGX_N@Z 10002b31 f i PINPad.obj
 0001:00001b34       ?OnDrawAdvanced@CComControlBase@ATL@@UAEJAAUATL_DRAWINFO@@@Z 10002b34 f i PINPad.obj
 0001:00001c23       ?CreateInstance@CComClassFactory@ATL@@UAGJPAUIUnknown@@ABU_GUID@@PAPAX@Z 10002c23 f i PINPad.obj
 0001:00001c61       ?LockServer@CComClassFactory@ATL@@UAGJH@Z 10002c61 f i PINPad.obj
 0001:00001c80       ??_ECComClassFactory@ATL@@UAEPAXI@Z 10002c80 f i PINPad.obj
 0001:00001c80       ??_GCComClassFactory@ATL@@UAEPAXI@Z 10002c80 f i PINPad.obj
 0001:00001cab       ?Next@?$CComEnumImpl@UIEnumConnections@@$1?_GUID_b196b287_bab4_101a_b69c_00aa00341d07@@3U__s_GUID@@BUtagCONNECTDATA@@V?$_Copy@UtagCONNECTDATA@@@ATL@@@ATL@@UAGJKPAUtagCONNECTDATA@@PAK@Z 10002cab f i PINPad.obj
 0001:00001d82       ?Skip@?$CComEnumImpl@UIEnumConnections@@$1?_GUID_b196b287_bab4_101a_b69c_00aa00341d07@@3U__s_GUID@@BUtagCONNECTDATA@@V?$_Copy@UtagCONNECTDATA@@@ATL@@@ATL@@UAGJK@Z 10002d82 f i PINPad.obj
 0001:00001daf       ?Clone@?$CComEnumImpl@UIEnumConnections@@$1?_GUID_b196b287_bab4_101a_b69c_00aa00341d07@@3U__s_GUID@@BUtagCONNECTDATA@@V?$_Copy@UtagCONNECTDATA@@@ATL@@@ATL@@UAGJPAPAUIEnumConnections@@@Z 10002daf f i PINPad.obj
 0001:00001e8e       ?QueryInterface@?$CComObject@V?$CComEnum@UIEnumConnections@@$1?_GUID_b196b287_bab4_101a_b69c_00aa00341d07@@3U__s_GUID@@BUtagCONNECTDATA@@V?$_Copy@UtagCONNECTDATA@@@ATL@@VCComSingleThreadModel@6@@ATL@@@ATL@@UAGJABU_GUID@@PAPAX@Z 10002e8e f i PINPad.obj
 0001:00001ea8       ??_E?$CComObject@V?$CComEnum@UIEnumConnections@@$1?_GUID_b196b287_bab4_101a_b69c_00aa00341d07@@3U__s_GUID@@BUtagCONNECTDATA@@V?$_Copy@UtagCONNECTDATA@@@ATL@@VCComSingleThreadModel@6@@ATL@@@ATL@@UAEPAXI@Z 10002ea8 f i PINPad.obj
 0001:00001ea8       ??_G?$CComObject@V?$CComEnum@UIEnumConnections@@$1?_GUID_b196b287_bab4_101a_b69c_00aa00341d07@@3U__s_GUID@@BUtagCONNECTDATA@@V?$_Copy@UtagCONNECTDATA@@@ATL@@VCComSingleThreadModel@6@@ATL@@@ATL@@UAEPAXI@Z 10002ea8 f i PINPad.obj
 0001:00001eca       ??_E?$CComObject@VCOPOSPINPad@@@ATL@@W3AEPAXI@Z 10002eca f i PINPad.obj
 0001:00001ed2       ??_E?$CComObject@VCOPOSPINPad@@@ATL@@WEM@AEPAXI@Z 10002ed2 f i PINPad.obj
 0001:00001eda       ?QueryInterface@?$CComObject@VCOPOSPINPad@@@ATL@@WHA@AGJABU_GUID@@PAPAX@Z 10002eda f i PINPad.obj
 0001:00001ee4       ?AddRef@?$CComObject@VCOPOSPINPad@@@ATL@@WHA@AGKXZ 10002ee4 f i PINPad.obj
 0001:00001eee       ?Release@?$CComObject@VCOPOSPINPad@@@ATL@@WHA@AGKXZ 10002eee f i PINPad.obj
 0001:00001ef8       ?QueryInterface@?$CComObject@VCOPOSPINPad@@@ATL@@WHE@AGJABU_GUID@@PAPAX@Z 10002ef8 f i PINPad.obj
 0001:00001f02       ?AddRef@?$CComObject@VCOPOSPINPad@@@ATL@@WHE@AGKXZ 10002f02 f i PINPad.obj
 0001:00001f0c       ?Release@?$CComObject@VCOPOSPINPad@@@ATL@@WHE@AGKXZ 10002f0c f i PINPad.obj
 0001:00001f16       ?QueryInterface@?$CComObject@VCOPOSPINPad@@@ATL@@WHI@AGJABU_GUID@@PAPAX@Z 10002f16 f i PINPad.obj
 0001:00001f20       ?AddRef@?$CComObject@VCOPOSPINPad@@@ATL@@WHI@AGKXZ 10002f20 f i PINPad.obj
 0001:00001f2a       ?Release@?$CComObject@VCOPOSPINPad@@@ATL@@WHI@AGKXZ 10002f2a f i PINPad.obj
 0001:00001f34       ?QueryInterface@?$CComObject@VCOPOSPINPad@@@ATL@@WHM@AGJABU_GUID@@PAPAX@Z 10002f34 f i PINPad.obj
 0001:00001f3e       ?AddRef@?$CComObject@VCOPOSPINPad@@@ATL@@WHM@AGKXZ 10002f3e f i PINPad.obj
 0001:00001f48       ?Release@?$CComObject@VCOPOSPINPad@@@ATL@@WHM@AGKXZ 10002f48 f i PINPad.obj
 0001:00001f52       ?QueryInterface@?$CComObject@VCOPOSPINPad@@@ATL@@WIA@AGJABU_GUID@@PAPAX@Z 10002f52 f i PINPad.obj
 0001:00001f5f       ?AddRef@?$CComObject@VCOPOSPINPad@@@ATL@@WIA@AGKXZ 10002f5f f i PINPad.obj
 0001:00001f6c       ?Release@?$CComObject@VCOPOSPINPad@@@ATL@@WIA@AGKXZ 10002f6c f i PINPad.obj
 0001:00001f79       ?QueryInterface@?$CComObject@VCOPOSPINPad@@@ATL@@WIE@AGJABU_GUID@@PAPAX@Z 10002f79 f i PINPad.obj
 0001:00001f86       ?AddRef@?$CComObject@VCOPOSPINPad@@@ATL@@WIE@AGKXZ 10002f86 f i PINPad.obj
 0001:00001f93       ?Release@?$CComObject@VCOPOSPINPad@@@ATL@@WIE@AGKXZ 10002f93 f i PINPad.obj
 0001:00001fa0       ?QueryInterface@?$CComObject@VCOPOSPINPad@@@ATL@@WII@AGJABU_GUID@@PAPAX@Z 10002fa0 f i PINPad.obj
 0001:00001fad       ?AddRef@?$CComObject@VCOPOSPINPad@@@ATL@@WII@AGKXZ 10002fad f i PINPad.obj
 0001:00001fba       ?Release@?$CComObject@VCOPOSPINPad@@@ATL@@WII@AGKXZ 10002fba f i PINPad.obj
 0001:00001fc7       ?QueryInterface@?$CComObject@VCOPOSPINPad@@@ATL@@WIM@AGJABU_GUID@@PAPAX@Z 10002fc7 f i PINPad.obj
 0001:00001fd4       ?AddRef@?$CComObject@VCOPOSPINPad@@@ATL@@WIM@AGKXZ 10002fd4 f i PINPad.obj
 0001:00001fe1       ?Release@?$CComObject@VCOPOSPINPad@@@ATL@@WIM@AGKXZ 10002fe1 f i PINPad.obj
 0001:00001fee       ?QueryInterface@?$CComObject@VCOPOSPINPad@@@ATL@@WJA@AGJABU_GUID@@PAPAX@Z 10002fee f i PINPad.obj
 0001:00001ffb       ?AddRef@?$CComObject@VCOPOSPINPad@@@ATL@@WJA@AGKXZ 10002ffb f i PINPad.obj
 0001:00002008       ?Release@?$CComObject@VCOPOSPINPad@@@ATL@@WJA@AGKXZ 10003008 f i PINPad.obj
 0001:00002015       ?QueryInterface@?$CComObject@VCOPOSPINPad@@@ATL@@WJE@AGJABU_GUID@@PAPAX@Z 10003015 f i PINPad.obj
 0001:00002022       ?AddRef@?$CComObject@VCOPOSPINPad@@@ATL@@WJE@AGKXZ 10003022 f i PINPad.obj
 0001:0000202f       ?Release@?$CComObject@VCOPOSPINPad@@@ATL@@WJE@AGKXZ 1000302f f i PINPad.obj
 0001:0000203c       ?QueryInterface@?$CComObject@VCOPOSPINPad@@@ATL@@WJI@AGJABU_GUID@@PAPAX@Z 1000303c f i PINPad.obj
 0001:00002049       ?AddRef@?$CComObject@VCOPOSPINPad@@@ATL@@WJI@AGKXZ 10003049 f i PINPad.obj
 0001:00002056       ?Release@?$CComObject@VCOPOSPINPad@@@ATL@@WJI@AGKXZ 10003056 f i PINPad.obj
 0001:00002063       ?QueryInterface@?$CComObject@VCOPOSPINPad@@@ATL@@WJM@AGJABU_GUID@@PAPAX@Z 10003063 f i PINPad.obj
 0001:00002070       ?AddRef@?$CComObject@VCOPOSPINPad@@@ATL@@WJM@AGKXZ 10003070 f i PINPad.obj
 0001:0000207d       ?Release@?$CComObject@VCOPOSPINPad@@@ATL@@WJM@AGKXZ 1000307d f i PINPad.obj
 0001:0000208a       ?QueryInterface@?$CComObject@VCOPOSPINPad@@@ATL@@WKA@AGJABU_GUID@@PAPAX@Z 1000308a f i PINPad.obj
 0001:00002097       ?AddRef@?$CComObject@VCOPOSPINPad@@@ATL@@WKA@AGKXZ 10003097 f i PINPad.obj
 0001:000020a4       ?Release@?$CComObject@VCOPOSPINPad@@@ATL@@WKA@AGKXZ 100030a4 f i PINPad.obj
 0001:000020b1       ?AddRef@?$CComObject@VCOPOSPINPad@@@ATL@@WKI@AGKXZ 100030b1 f i PINPad.obj
 0001:000020be       ?Release@?$CComObject@VCOPOSPINPad@@@ATL@@WKI@AGKXZ 100030be f i PINPad.obj
 0001:000020cb       ?AddRef@?$CComObject@VCOPOSPINPad@@@ATL@@WLE@AGKXZ 100030cb f i PINPad.obj
 0001:000020d8       ?Release@?$CComObject@VCOPOSPINPad@@@ATL@@WLE@AGKXZ 100030d8 f i PINPad.obj
 0001:000020e5       ??_E?$CComContainedObject@VCOPOSPINPad@@@ATL@@W3AEPAXI@Z 100030e5 f i PINPad.obj
 0001:000020ed       ??_E?$CComContainedObject@VCOPOSPINPad@@@ATL@@WEM@AEPAXI@Z 100030ed f i PINPad.obj
 0001:000020f5       ?QueryInterface@?$CComContainedObject@VCOPOSPINPad@@@ATL@@WHA@AGJABU_GUID@@PAPAX@Z 100030f5 f i PINPad.obj
 0001:000020ff       ?AddRef@?$CComContainedObject@VCOPOSPINPad@@@ATL@@WHA@AGKXZ 100030ff f i PINPad.obj
 0001:00002109       ?Release@?$CComContainedObject@VCOPOSPINPad@@@ATL@@WHA@AGKXZ 10003109 f i PINPad.obj
 0001:00002113       ?QueryInterface@?$CComContainedObject@VCOPOSPINPad@@@ATL@@WHE@AGJABU_GUID@@PAPAX@Z 10003113 f i PINPad.obj
 0001:0000211d       ?AddRef@?$CComContainedObject@VCOPOSPINPad@@@ATL@@WHE@AGKXZ 1000311d f i PINPad.obj
 0001:00002127       ?Release@?$CComContainedObject@VCOPOSPINPad@@@ATL@@WHE@AGKXZ 10003127 f i PINPad.obj
 0001:00002131       ?QueryInterface@?$CComContainedObject@VCOPOSPINPad@@@ATL@@WHI@AGJABU_GUID@@PAPAX@Z 10003131 f i PINPad.obj
 0001:0000213b       ?AddRef@?$CComContainedObject@VCOPOSPINPad@@@ATL@@WHI@AGKXZ 1000313b f i PINPad.obj
 0001:00002145       ?Release@?$CComContainedObject@VCOPOSPINPad@@@ATL@@WHI@AGKXZ 10003145 f i PINPad.obj
 0001:0000214f       ?QueryInterface@?$CComContainedObject@VCOPOSPINPad@@@ATL@@WHM@AGJABU_GUID@@PAPAX@Z 1000314f f i PINPad.obj
 0001:00002159       ?AddRef@?$CComContainedObject@VCOPOSPINPad@@@ATL@@WHM@AGKXZ 10003159 f i PINPad.obj
 0001:00002163       ?Release@?$CComContainedObject@VCOPOSPINPad@@@ATL@@WHM@AGKXZ 10003163 f i PINPad.obj
 0001:0000216d       ?QueryInterface@?$CComContainedObject@VCOPOSPINPad@@@ATL@@WIA@AGJABU_GUID@@PAPAX@Z 1000316d f i PINPad.obj
 0001:0000217a       ?AddRef@?$CComContainedObject@VCOPOSPINPad@@@ATL@@WIA@AGKXZ 1000317a f i PINPad.obj
 0001:00002187       ?Release@?$CComContainedObject@VCOPOSPINPad@@@ATL@@WIA@AGKXZ 10003187 f i PINPad.obj
 0001:00002194       ?QueryInterface@?$CComContainedObject@VCOPOSPINPad@@@ATL@@WIE@AGJABU_GUID@@PAPAX@Z 10003194 f i PINPad.obj
 0001:000021a1       ?AddRef@?$CComContainedObject@VCOPOSPINPad@@@ATL@@WIE@AGKXZ 100031a1 f i PINPad.obj
 0001:000021ae       ?Release@?$CComContainedObject@VCOPOSPINPad@@@ATL@@WIE@AGKXZ 100031ae f i PINPad.obj
 0001:000021bb       ?QueryInterface@?$CComContainedObject@VCOPOSPINPad@@@ATL@@WII@AGJABU_GUID@@PAPAX@Z 100031bb f i PINPad.obj
 0001:000021c8       ?AddRef@?$CComContainedObject@VCOPOSPINPad@@@ATL@@WII@AGKXZ 100031c8 f i PINPad.obj
 0001:000021d5       ?Release@?$CComContainedObject@VCOPOSPINPad@@@ATL@@WII@AGKXZ 100031d5 f i PINPad.obj
 0001:000021e2       ?QueryInterface@?$CComContainedObject@VCOPOSPINPad@@@ATL@@WIM@AGJABU_GUID@@PAPAX@Z 100031e2 f i PINPad.obj
 0001:000021ef       ?AddRef@?$CComContainedObject@VCOPOSPINPad@@@ATL@@WIM@AGKXZ 100031ef f i PINPad.obj
 0001:000021fc       ?Release@?$CComContainedObject@VCOPOSPINPad@@@ATL@@WIM@AGKXZ 100031fc f i PINPad.obj
 0001:00002209       ?QueryInterface@?$CComContainedObject@VCOPOSPINPad@@@ATL@@WJA@AGJABU_GUID@@PAPAX@Z 10003209 f i PINPad.obj
 0001:00002216       ?AddRef@?$CComContainedObject@VCOPOSPINPad@@@ATL@@WJA@AGKXZ 10003216 f i PINPad.obj
 0001:00002223       ?Release@?$CComContainedObject@VCOPOSPINPad@@@ATL@@WJA@AGKXZ 10003223 f i PINPad.obj
 0001:00002230       ?QueryInterface@?$CComContainedObject@VCOPOSPINPad@@@ATL@@WJE@AGJABU_GUID@@PAPAX@Z 10003230 f i PINPad.obj
 0001:0000223d       ?AddRef@?$CComContainedObject@VCOPOSPINPad@@@ATL@@WJE@AGKXZ 1000323d f i PINPad.obj
 0001:0000224a       ?Release@?$CComContainedObject@VCOPOSPINPad@@@ATL@@WJE@AGKXZ 1000324a f i PINPad.obj
 0001:00002257       ?QueryInterface@?$CComContainedObject@VCOPOSPINPad@@@ATL@@WJI@AGJABU_GUID@@PAPAX@Z 10003257 f i PINPad.obj
 0001:00002264       ?AddRef@?$CComContainedObject@VCOPOSPINPad@@@ATL@@WJI@AGKXZ 10003264 f i PINPad.obj
 0001:00002271       ?Release@?$CComContainedObject@VCOPOSPINPad@@@ATL@@WJI@AGKXZ 10003271 f i PINPad.obj
 0001:0000227e       ?QueryInterface@?$CComContainedObject@VCOPOSPINPad@@@ATL@@WJM@AGJABU_GUID@@PAPAX@Z 1000327e f i PINPad.obj
 0001:0000228b       ?AddRef@?$CComContainedObject@VCOPOSPINPad@@@ATL@@WJM@AGKXZ 1000328b f i PINPad.obj
 0001:00002298       ?Release@?$CComContainedObject@VCOPOSPINPad@@@ATL@@WJM@AGKXZ 10003298 f i PINPad.obj
 0001:000022a5       ?QueryInterface@?$CComContainedObject@VCOPOSPINPad@@@ATL@@WKA@AGJABU_GUID@@PAPAX@Z 100032a5 f i PINPad.obj
 0001:000022b2       ?AddRef@?$CComContainedObject@VCOPOSPINPad@@@ATL@@WKA@AGKXZ 100032b2 f i PINPad.obj
 0001:000022bf       ?Release@?$CComContainedObject@VCOPOSPINPad@@@ATL@@WKA@AGKXZ 100032bf f i PINPad.obj
 0001:000022cc       ?AddRef@?$CComContainedObject@VCOPOSPINPad@@@ATL@@WKI@AGKXZ 100032cc f i PINPad.obj
 0001:000022d9       ?Release@?$CComContainedObject@VCOPOSPINPad@@@ATL@@WKI@AGKXZ 100032d9 f i PINPad.obj
 0001:000022e6       ?AddRef@?$CComContainedObject@VCOPOSPINPad@@@ATL@@WLE@AGKXZ 100032e6 f i PINPad.obj
 0001:000022f3       ?Release@?$CComContainedObject@VCOPOSPINPad@@@ATL@@WLE@AGKXZ 100032f3 f i PINPad.obj
 0001:00002300       ?Lock@CAtlModule@ATL@@UAEJXZ 10003300 f i PINPad.obj
 0001:0000230a       ?Unlock@CAtlModule@ATL@@UAEJXZ 1000330a f i PINPad.obj
 0001:00002314       ?GetLockCount@CAtlModule@ATL@@UAEJXZ 10003314 f i PINPad.obj
 0001:00002318       ?GetGITPtr@CAtlModule@ATL@@UAEJPAPAUIGlobalInterfaceTable@@@Z 10003318 f i PINPad.obj
 0001:00002364       ?GetWindowProc@?$CWindowImplBaseT@VCWindow@ATL@@V?$CWinTraits@$0FGAAAAAA@$0A@@2@@ATL@@UAEP6GJPAUHWND__@@IIJ@ZXZ 10003364 f i PINPad.obj
 0001:0000236a       ?StartWindowProc@?$CWindowImplBaseT@VCWindow@ATL@@V?$CWinTraits@$0FGAAAAAA@$0A@@2@@ATL@@SGJPAUHWND__@@IIJ@Z 1000336a f i PINPad.obj
 0001:000023be       ?AddCommonRGSReplacements@?$CAtlModuleT@VCComModule@ATL@@@ATL@@UAEJPAUIRegistrarBase@@@Z 100033be f i PINPad.obj
 0001:000023d8       ?UpdateRegistryFromResourceD@CComModule@ATL@@UAGJPB_WHPAU_ATL_REGMAP_ENTRY@2@@Z 100033d8 f i PINPad.obj
 0001:000023d8       ?UpdateRegistryFromResourceD@CComModule@ATL@@UAGJIHPAU_ATL_REGMAP_ENTRY@2@@Z 100033d8 f i PINPad.obj
 0001:000023e0       ?UpdateRegistryFromResource@CComModule@ATL@@UAGJPB_WHPAU_ATL_REGMAP_ENTRY@2@@Z 100033e0 f i PINPad.obj
 0001:000023e9       ?UpdateRegistryFromResource@CComModule@ATL@@UAGJIHPAU_ATL_REGMAP_ENTRY@2@@Z 100033e9 f i PINPad.obj
 0001:000023f2       ?GetTypeInfoCount@?$IDispatchImpl@UIOPOSPINPad@@$1?IID_IOPOSPINPad@@3U_GUID@@B$1?LIBID_OposPINPad_CCO@@3U3@B$00$0A@VCComTypeInfoHolder@ATL@@@ATL@@UAGJPAI@Z 100033f2 f i PINPad.obj
 0001:0000240f       ?GetTypeInfo@?$IDispatchImpl@UIOPOSPINPad@@$1?IID_IOPOSPINPad@@3U_GUID@@B$1?LIBID_OposPINPad_CCO@@3U3@B$00$0A@VCComTypeInfoHolder@ATL@@@ATL@@UAGJIKPAPAUITypeInfo@@@Z 1000340f f i PINPad.obj
 0001:00002433       ?GetIDsOfNames@?$IDispatchImpl@UIOPOSPINPad@@$1?IID_IOPOSPINPad@@3U_GUID@@B$1?LIBID_OposPINPad_CCO@@3U3@B$00$0A@VCComTypeInfoHolder@ATL@@@ATL@@UAGJABU_GUID@@PAPA_WIKPAJ@Z 10003433 f i PINPad.obj
 0001:00002453       ?Invoke@?$IDispatchImpl@UIOPOSPINPad@@$1?IID_IOPOSPINPad@@3U_GUID@@B$1?LIBID_OposPINPad_CCO@@3U3@B$00$0A@VCComTypeInfoHolder@ATL@@@ATL@@UAGJJABU_GUID@@KGPAUtagDISPPARAMS@@PAUtagVARIANT@@PAUtagEXCEPINFO@@PAI@Z 10003453 f i PINPad.obj
 0001:00002461       ??_GCComModule@ATL@@UAEPAXI@Z 10003461 f i PINPad.obj
 0001:00002461       ??_ECComModule@ATL@@UAEPAXI@Z 10003461 f i PINPad.obj
 0001:00002489       ?CreateControlWindow@?$CComControl@VCOPOSPINPad@@V?$CWindowImpl@VCOPOSPINPad@@VCWindow@ATL@@V?$CWinTraits@$0FGAAAAAA@$0A@@3@@ATL@@@ATL@@UAEPAUHWND__@@PAU3@AAUtagRECT@@@Z 10003489 f i PINPad.obj
 0001:000024b8       ?ControlQueryInterface@?$CComControl@VCOPOSPINPad@@V?$CWindowImpl@VCOPOSPINPad@@VCWindow@ATL@@V?$CWinTraits@$0FGAAAAAA@$0A@@3@@ATL@@@ATL@@UAEJABU_GUID@@PAPAX@Z 100034b8 f i PINPad.obj
 0001:000024d3       ?IsDirty@?$IPersistStreamInitImpl@VCOPOSPINPad@@@ATL@@UAGJXZ 100034d3 f i PINPad.obj
 0001:000024f2       ?Load@?$IPersistStreamInitImpl@VCOPOSPINPad@@@ATL@@UAGJPAUIStream@@@Z 100034f2 f i PINPad.obj
 0001:00002511       ?Save@?$IPersistStreamInitImpl@VCOPOSPINPad@@@ATL@@UAGJPAUIStream@@H@Z 10003511 f i PINPad.obj
 0001:00002533       ?GetSizeMax@?$IPersistStreamInitImpl@VCOPOSPINPad@@@ATL@@UAGJPAT_ULARGE_INTEGER@@@Z 10003533 f i PINPad.obj
 0001:000026e8       ?InitNew@?$IPersistStreamInitImpl@VCOPOSPINPad@@@ATL@@UAGJXZ 100036e8 f i PINPad.obj
 0001:00002705       ?SetClientSite@?$IOleObjectImpl@VCOPOSPINPad@@@ATL@@UAGJPAUIOleClientSite@@@Z 10003705 f i PINPad.obj
 0001:00002722       ?GetClientSite@?$IOleObjectImpl@VCOPOSPINPad@@@ATL@@UAGJPAPAUIOleClientSite@@@Z 10003722 f i PINPad.obj
 0001:0000273f       ?SetHostNames@?$IOleObjectImpl@VCOPOSPINPad@@@ATL@@UAGJPB_W0@Z 1000373f f i PINPad.obj
 0001:00002744       ?Close@?$IOleObjectImpl@VCOPOSPINPad@@@ATL@@UAGJK@Z 10003744 f i PINPad.obj
 0001:00002761       ?DoVerb@?$IOleObjectImpl@VCOPOSPINPad@@@ATL@@UAGJJPAUtagMSG@@PAUIOleClientSite@@JPAUHWND__@@PBUtagRECT@@@Z 10003761 f i PINPad.obj
 0001:00002879       ?EnumVerbs@?$IOleObjectImpl@VCOPOSPINPad@@@ATL@@UAGJPAPAUIEnumOLEVERB@@@Z 10003879 f i PINPad.obj
 0001:0000289b       ?GetUserType@?$IOleObjectImpl@VCOPOSPINPad@@@ATL@@UAGJKPAPA_W@Z 1000389b f i PINPad.obj
 0001:000028b3       ?SetExtent@?$IOleObjectImpl@VCOPOSPINPad@@@ATL@@UAGJKPAUtagSIZE@@@Z 100038b3 f i PINPad.obj
 0001:000028d3       ?GetExtent@?$IOleObjectImpl@VCOPOSPINPad@@@ATL@@UAGJKPAUtagSIZE@@@Z 100038d3 f i PINPad.obj
 0001:00002911       ?Advise@?$IOleObjectImpl@VCOPOSPINPad@@@ATL@@UAGJPAUIAdviseSink@@PAK@Z 10003911 f i PINPad.obj
 0001:00002931       ?Unadvise@?$IOleObjectImpl@VCOPOSPINPad@@@ATL@@UAGJK@Z 10003931 f i PINPad.obj
 0001:00002960       ?EnumAdvise@?$IOleObjectImpl@VCOPOSPINPad@@@ATL@@UAGJPAPAUIEnumSTATDATA@@@Z 10003960 f i PINPad.obj
 0001:000029a0       ?GetMiscStatus@?$IOleObjectImpl@VCOPOSPINPad@@@ATL@@UAGJKPAK@Z 100039a0 f i PINPad.obj
 0001:000029b8       ??$?4UITypeInfo2@@@?$CComPtr@UITypeInfo@@@ATL@@QAEPAUITypeInfo@@ABV?$CComPtr@UITypeInfo2@@@1@@Z 100039b8 f i PINPad.obj
 0001:000029e5       ??$AtlAdd@K@ATL@@YAJPAKKK@Z 100039e5 f i PINPad.obj
 0001:00002a08       ??$AtlAdd@_K@ATL@@YAJPA_K_K1@Z 10003a08 f i PINPad.obj
 0001:00002a40       ??$AtlAddThrow@K@ATL@@YAKKK@Z 10003a40 f i PINPad.obj
 0001:00002a66       ??$AtlModuleRegisterWndClassInfoT@VAtlModuleRegisterWndClassInfoParamW@ATL@@@ATL@@YAGPAU_ATL_BASE_MODULE70@0@PAU_ATL_WIN_MODULE70@0@PAU_ATL_WNDCLASSINFOW@0@PAP6GJPAUHWND__@@IIJ@ZVAtlModuleRegisterWndClassInfoParamW@0@@Z 10003a66 f i PINPad.obj
 0001:00002bb4       ??$AtlMultiply@H@ATL@@YAJPAHHH@Z 10003bb4 f i PINPad.obj
 0001:00002bec       ??$AtlMultiply@I@ATL@@YAJPAIII@Z 10003bec f i PINPad.obj
 0001:00002bec       ??$AtlMultiply@K@ATL@@YAJPAKKK@Z 10003bec f i PINPad.obj
 0001:00002c0e       ??$AtlMultiplyThrow@I@ATL@@YAIII@Z 10003c0e f i PINPad.obj
 0001:00002c34       ??0?$CComAggObject@VCOPOSPINPad@@@ATL@@QAE@PAX@Z 10003c34 f i PINPad.obj
 0001:00002c61       ??0?$CComContainedObject@VCOPOSPINPad@@@ATL@@QAE@PAX@Z 10003c61 f i PINPad.obj
 0001:00002d1a       ??0?$CComObject@V?$CComEnum@UIEnumConnectionPoints@@$1?_GUID_b196b285_bab4_101a_b69c_00aa00341d07@@3U__s_GUID@@BPAUIConnectionPoint@@V?$_CopyInterface@UIConnectionPoint@@@ATL@@VCComSingleThreadModel@6@@ATL@@@ATL@@QAE@PAX@Z 10003d1a f i PINPad.obj
 0001:00002d48       ??0?$CComObject@V?$CComEnum@UIEnumConnections@@$1?_GUID_b196b287_bab4_101a_b69c_00aa00341d07@@3U__s_GUID@@BUtagCONNECTDATA@@V?$_Copy@UtagCONNECTDATA@@@ATL@@VCComSingleThreadModel@6@@ATL@@@ATL@@QAE@PAX@Z 10003d48 f i PINPad.obj
 0001:00002d76       ??0?$CComObject@VCOPOSPINPad@@@ATL@@QAE@PAX@Z 10003d76 f i PINPad.obj
 0001:00002e2d       ??0?$CComQIPtr@UIOleControlSite@@$1?_GUID_b196b289_bab4_101a_b69c_00aa00341d07@@3U__s_GUID@@B@ATL@@QAE@PAUIUnknown@@@Z 10003e2d f i PINPad.obj
 0001:00002e56       ??0CAtlModule@ATL@@QAE@XZ  10003e56 f i PINPad.obj
 0001:00002e97       ??0CParseBuffer@CRegParser@ATL@@QAE@H@Z 10003e97 f i PINPad.obj
 0001:00002ecd       ??0_ATL_MSG@ATL@@QAE@PAUHWND__@@IIJH@Z 10003ecd f i PINPad.obj
 0001:00002f05       ??1?$CComAggObject@VCOPOSPINPad@@@ATL@@UAE@XZ 10003f05 f i PINPad.obj
 0001:00002f29       ??1?$CComEnumImpl@UIEnumConnectionPoints@@$1?_GUID_b196b285_bab4_101a_b69c_00aa00341d07@@3U__s_GUID@@BPAUIConnectionPoint@@V?$_CopyInterface@UIConnectionPoint@@@ATL@@@ATL@@UAE@XZ 10003f29 f i PINPad.obj
 0001:00002f69       ??1?$CComEnumImpl@UIEnumConnections@@$1?_GUID_b196b287_bab4_101a_b69c_00aa00341d07@@3U__s_GUID@@BUtagCONNECTDATA@@V?$_Copy@UtagCONNECTDATA@@@ATL@@@ATL@@UAE@XZ 10003f69 f i PINPad.obj
 0001:00002fa9       ??1?$CComObject@V?$CComEnum@UIEnumConnectionPoints@@$1?_GUID_b196b285_bab4_101a_b69c_00aa00341d07@@3U__s_GUID@@BPAUIConnectionPoint@@V?$_CopyInterface@UIConnectionPoint@@@ATL@@VCComSingleThreadModel@6@@ATL@@@ATL@@UAE@XZ 10003fa9 f i PINPad.obj
 0001:00002fcc       ??1?$CComObject@V?$CComEnum@UIEnumConnections@@$1?_GUID_b196b287_bab4_101a_b69c_00aa00341d07@@3U__s_GUID@@BUtagCONNECTDATA@@V?$_Copy@UtagCONNECTDATA@@@ATL@@VCComSingleThreadModel@6@@ATL@@@ATL@@UAE@XZ 10003fcc f i PINPad.obj
 0001:00002fef       ??1?$CComObject@VCOPOSPINPad@@@ATL@@UAE@XZ 10003fef f i PINPad.obj
 0001:000030ad       ??1?$CComObjectCached@VCComClassFactory@ATL@@@ATL@@UAE@XZ 100040ad f i PINPad.obj
 0001:000030c3       ??1?$CComObjectRootEx@VCComMultiThreadModel@ATL@@@ATL@@QAE@XZ 100040c3 f i PINPad.obj
 0001:000030d8       ??1CRegObject@ATL@@UAE@XZ  100040d8 f i PINPad.obj
 0001:000030f8       ??4?$CComPtr@UIUnknown@@@ATL@@QAEPAUIUnknown@@PAU2@@Z 100040f8 f i PINPad.obj
 0001:000030f8       ??4?$CComPtr@UIAdviseSink@@@ATL@@QAEPAUIAdviseSink@@PAU2@@Z 100040f8 f i PINPad.obj
 0001:000030f8       ??4?$CComPtr@UIOleClientSite@@@ATL@@QAEPAUIOleClientSite@@PAU2@@Z 100040f8 f i PINPad.obj
 0001:0000312c       ??4?$CComQIPtr@UIOleObject@@$1?_GUID_00000112_0000_0000_c000_000000000046@@3U__s_GUID@@B@ATL@@QAEPAUIOleObject@@PAUIUnknown@@@Z 1000412c f i PINPad.obj
 0001:00003151       ??4?$CComQIPtr@UISpecifyPropertyPages@@$1?_GUID_b196b28b_bab4_101a_b69c_00aa00341d07@@3U__s_GUID@@B@ATL@@QAEPAUISpecifyPropertyPages@@PAUIUnknown@@@Z 10004151 f i PINPad.obj
 0001:00003176       ??_E?$CComContainedObject@VCOPOSPINPad@@@ATL@@UAEPAXI@Z 10004176 f i PINPad.obj
 0001:00003176       ??_G?$CComContainedObject@VCOPOSPINPad@@@ATL@@UAEPAXI@Z 10004176 f i PINPad.obj
 0001:0000319b       ??_G?$CComObject@VCOPOSPINPad@@@ATL@@UAEPAXI@Z 1000419b f i PINPad.obj
 0001:0000319b       ??_E?$CComObject@VCOPOSPINPad@@@ATL@@UAEPAXI@Z 1000419b f i PINPad.obj
 0001:000031c0       ?Add@?$CSimpleArray@GV?$CSimpleArrayEqualHelper@G@ATL@@@ATL@@QAEHABG@Z 100041c0 f i PINPad.obj
 0001:00003244       ?Add@?$CSimpleMap@PA_WPA_WVCExpansionVectorEqualHelper@ATL@@@ATL@@QAEHABQA_W0@Z 10004244 f i PINPad.obj
 0001:00003299       ?Add@CComDynamicUnkArray@ATL@@QAEKPAUIUnknown@@@Z 10004299 f i PINPad.obj
 0001:00003354       ?Add@CExpansionVector@ATL@@QAEHPB_W0@Z 10004354 f i PINPad.obj
 0001:00003458       ?AddString@CParseBuffer@CRegParser@ATL@@QAEHPB_W@Z 10004458 f i PINPad.obj
 0001:0000348d       ?AddValue@CRegParser@ATL@@IAEJAAVCRegKey@2@PB_WPA_W@Z 1000448d f i PINPad.obj
 0001:000037ae       ?Allocate@?$CAtlSafeAllocBufferManager@VCCRTAllocator@ATL@@@_ATL_SAFE_ALLOCA_IMPL@ATL@@QAEPAXK@Z 100047ae f i PINPad.obj
 0001:000037db       ?Allocate@?$CTempBuffer@E$0BAA@VCCRTAllocator@ATL@@@ATL@@QAEPAEI@Z 100047db f i PINPad.obj
 0001:0000380a       ?Allocate@?$CTempBuffer@_W$0BAA@VCCRTAllocator@ATL@@@ATL@@QAEPA_WI@Z 1000480a f i PINPad.obj
 0001:00003839       ?Allocate@?$CTempBuffer@_W$0EAA@VCCRTAllocator@ATL@@@ATL@@QAEPA_WI@Z 10004839 f i PINPad.obj
 0001:00003868       ?AllocateHeap@?$CTempBuffer@_W$0BAA@VCCRTAllocator@ATL@@@ATL@@AAEXI@Z 10004868 f i PINPad.obj
 0001:00003868       ?AllocateHeap@?$CTempBuffer@_W$0EAA@VCCRTAllocator@ATL@@@ATL@@AAEXI@Z 10004868 f i PINPad.obj
 0001:00003868       ?AllocateHeap@?$CTempBuffer@E$0BAA@VCCRTAllocator@ATL@@@ATL@@AAEXI@Z 10004868 f i PINPad.obj
 0001:0000388d       ?Append@CParseBuffer@CRegParser@ATL@@QAEHPB_WH@Z 1000488d f i PINPad.obj
 0001:0000391b       ?AtlCallTermFunc@ATL@@YGXPAU_ATL_MODULE70@1@@Z 1000491b f i PINPad.obj
 0001:0000395f       ?AtlCoTaskMemCAlloc@ATL@@YAPAXKK@Z 1000495f f i PINPad.obj
 0001:0000398c       ?AtlCoTaskMemRecalloc@ATL@@YAPAXPAXKK@Z 1000498c f i PINPad.obj
 0001:000039bc       ?AtlComModuleGetClassObject@ATL@@YGJPAU_ATL_COM_MODULE70@1@ABU_GUID@@1PAPAX@Z 100049bc f i PINPad.obj
 0001:00003aaf       ?AtlComModuleRegisterServer@ATL@@YGJPAU_ATL_COM_MODULE70@1@HPBU_GUID@@@Z 10004aaf f i PINPad.obj
 0001:00003b37       ?AtlComModuleUnregisterServer@ATL@@YGJPAU_ATL_COM_MODULE70@1@HPBU_GUID@@@Z 10004b37 f i PINPad.obj
 0001:00003bbf       ?AtlComQIPtrAssign2@ATL@@YAXPAPAUIUnknown@@PAU2@ABU_GUID@@@Z 10004bbf f i PINPad.obj
 0001:00003bee       ?AtlCreateTargetDC@ATL@@YGPAUHDC__@@PAU2@PAUtagDVTARGETDEVICE@@@Z 10004bee f i PINPad.obj
 0001:00003c57       ?AtlCrtErrorCheck@ATL@@YAHH@Z 10004c57 f i PINPad.obj
 0001:00003c92       ?AtlHiMetricToPixel@ATL@@YGXPBUtagSIZE@@PAU2@@Z 10004c92 f i PINPad.obj
 0001:00003d07       ?AtlHresultFromLastError@ATL@@YAJXZ 10004d07 f i PINPad.obj
 0001:00003d1e       ?AtlHresultFromWin32@ATL@@YAJK@Z 10004d1e f i PINPad.obj
 0001:00003d33       ?AtlIPersistStreamInit_Load@ATL@@YGJPAUIStream@@PBUATL_PROPMAP_ENTRY@1@PAXPAUIUnknown@@@Z 10004d33 f i PINPad.obj
 0001:00003f13       ?AtlIPersistStreamInit_Save@ATL@@YGJPAUIStream@@HPBUATL_PROPMAP_ENTRY@1@PAXPAUIUnknown@@@Z 10004f13 f i PINPad.obj
 0001:000040ab       ?AtlInternalOleLoadFromStream@ATL@@YAJPAUIStream@@ABU_GUID@@PAPAXTClassesAllowedInStream@1@K@Z 100050ab f i PINPad.obj
 0001:000041d1       ?AtlInternalQueryInterface@ATL@@YGJPAXPBU_ATL_INTMAP_ENTRY@1@ABU_GUID@@PAPAX@Z 100051d1 f i PINPad.obj
 0001:00004274       ?AtlLoadTypeLib@ATL@@YGJPAUHINSTANCE__@@PB_WPAPA_WPAPAUITypeLib@@@Z 10005274 f i PINPad.obj
 0001:00004452       ?AtlModuleAddTermFunc@ATL@@YGJPAU_ATL_MODULE70@1@P6GXK@ZK@Z 10005452 f i PINPad.obj
 0001:000044af       ?AtlRegisterClassCategoriesHelper@ATL@@YGJABU_GUID@@PBU_ATL_CATMAP_ENTRY@1@H@Z 100054af f i PINPad.obj
 0001:0000478f       ?AtlRegisterTypeLib@ATL@@YGJPAUHINSTANCE__@@PB_W@Z 1000578f f i PINPad.obj
 0001:00004917       ?AtlThrowImpl@ATL@@YGXJ@Z  10005917 f i PINPad.obj
 0001:00004935       ?AtlUnRegisterTypeLib@ATL@@YGJPAUHINSTANCE__@@PB_W@Z 10005935 f i PINPad.obj
 0001:000049e0       ?AtlWinModuleAddCreateWndData@ATL@@YGXPAU_ATL_WIN_MODULE70@1@PAU_AtlCreateWndData@1@PAX@Z 100059e0 f i PINPad.obj
 0001:00004a34       ?AtlWinModuleExtractCreateWndData@ATL@@YGPAXPAU_ATL_WIN_MODULE70@1@@Z 10005a34 f i PINPad.obj
 0001:00004a97       ?AtlWinModuleRegisterClassExW@ATL@@YGGPAU_ATL_WIN_MODULE70@1@PBUtagWNDCLASSEXW@@@Z 10005a97 f i PINPad.obj
 0001:00004ad6       ?CanForceRemoveKey@CRegParser@ATL@@IAEHPB_W@Z 10005ad6 f i PINPad.obj
 0001:00004b05       ?ChToByte@CRegParser@ATL@@KAE_W@Z 10005b05 f i PINPad.obj
 0001:00004b38       ?Cleanup@CComTypeInfoHolder@ATL@@SGXK@Z 10005b38 f i PINPad.obj
 0001:00004b6b       ?ClearReplacements@CExpansionVector@ATL@@QAEJXZ 10005b6b f i PINPad.obj
 0001:00004ba8       ?Close@CRegKey@ATL@@QAEJXZ 10005ba8 f i PINPad.obj
 0001:00004bc2       ?Create@?$CWindowImpl@VCOPOSPINPad@@VCWindow@ATL@@V?$CWinTraits@$0FGAAAAAA@$0A@@3@@ATL@@QAEPAUHWND__@@PAU3@V_U_RECT@2@PB_WKKV_U_MENUorID@2@PAX@Z 10005bc2 f i PINPad.obj
 0001:00004c06       ?Create@?$CWindowImplBaseT@VCWindow@ATL@@V?$CWinTraits@$0FGAAAAAA@$0A@@2@@ATL@@QAEPAUHWND__@@PAU3@V_U_RECT@2@PB_WKKV_U_MENUorID@2@GPAX@Z 10005c06 f i PINPad.obj
 0001:00004ca2       ?Create@CRegKey@ATL@@QAEJPAUHKEY__@@PB_WPA_WKKPAU_SECURITY_ATTRIBUTES@@PAK@Z 10005ca2 f i PINPad.obj
 0001:00004d05       ?CreateInstance@?$CComCreator@V?$CComAggObject@VCOPOSPINPad@@@ATL@@@ATL@@SGJPAXABU_GUID@@PAPAX@Z 10005d05 f i PINPad.obj
 0001:00004d7b       ?CreateInstance@?$CComCreator@V?$CComObject@VCOPOSPINPad@@@ATL@@@ATL@@SGJPAXABU_GUID@@PAPAX@Z 10005d7b f i PINPad.obj
 0001:00004dfc       ?CreateInstance@?$CComObject@V?$CComEnum@UIEnumConnectionPoints@@$1?_GUID_b196b285_bab4_101a_b69c_00aa00341d07@@3U__s_GUID@@BPAUIConnectionPoint@@V?$_CopyInterface@UIConnectionPoint@@@ATL@@VCComSingleThreadModel@6@@ATL@@@ATL@@SGJPAPAV12@@Z 10005dfc f i PINPad.obj
 0001:00004e43       ?CreateInstance@?$CComObject@V?$CComEnum@UIEnumConnections@@$1?_GUID_b196b287_bab4_101a_b69c_00aa00341d07@@3U__s_GUID@@BUtagCONNECTDATA@@V?$_Copy@UtagCONNECTDATA@@@ATL@@VCComSingleThreadModel@6@@ATL@@@ATL@@SGJPAPAV12@@Z 10005e43 f i PINPad.obj
 0001:00004e8a       ?DefaultReflectionHandler@?$CWindowImplRoot@VCWindow@ATL@@@ATL@@SAHPAUHWND__@@IIJAAJ@Z 10005e8a f i PINPad.obj
 0001:00004efd       ?DeleteSubKey@CRegKey@ATL@@QAEJPB_W@Z 10005efd f i PINPad.obj
 0001:00004f20       ?DoEvent@COPOSPINPad@@IAEXIIJ@Z 10005f20 f i PINPad.obj
 0001:00004fa0       ?DoVerbHide@?$IOleObjectImpl@VCOPOSPINPad@@@ATL@@QAEJPBUtagRECT@@PAUHWND__@@@Z 10005fa0 f i PINPad.obj
 0001:00004fd6       ?DoVerbInPlaceActivate@?$IOleObjectImpl@VCOPOSPINPad@@@ATL@@QAEJPBUtagRECT@@PAUHWND__@@@Z 10005fd6 f i PINPad.obj
 0001:00005009       ?DoVerbPrimary@?$IOleObjectImpl@VCOPOSPINPad@@@ATL@@QAEJPBUtagRECT@@PAUHWND__@@@Z 10006009 f i PINPad.obj
 0001:00005095       ?DoVerbProperties@CComControlBase@ATL@@QAEJPBUtagRECT@@PAUHWND__@@@Z 10006095 f i PINPad.obj
 0001:000051bc       ?DoVerbShow@?$IOleObjectImpl@VCOPOSPINPad@@@ATL@@QAEJPBUtagRECT@@PAUHWND__@@@Z 100061bc f i PINPad.obj
 0001:000051e1       ?DoVerbUIActivate@?$IOleObjectImpl@VCOPOSPINPad@@@ATL@@QAEJPBUtagRECT@@PAUHWND__@@@Z 100061e1 f i PINPad.obj
 0001:0000521e       ?DoesVerbActivate@CComControlBase@ATL@@QAEHJ@Z 1000621e f i PINPad.obj
 0001:0000523f       ?DoesVerbUIActivate@CComControlBase@ATL@@QAEHJ@Z 1000623f f i PINPad.obj
 0001:00005274       ?EndOfVar@CRegParser@ATL@@IAEHXZ 10006274 f i PINPad.obj
 0001:00005294       ?EscapeSingleQuote@CAtlModule@ATL@@SAXPA_WIPB_W@Z 10006294 f i PINPad.obj
 0001:000052e3       ?FindKey@?$CSimpleMap@PA_WPA_WVCExpansionVectorEqualHelper@ATL@@@ATL@@QBEHABQA_W@Z 100062e3 f i PINPad.obj
 0001:0000531a       ?FireTheEvent@?$CProxy_IOPOSEvents@VCOPOSPINPad@@@@IAEXPAVOposVariant@@IAAJPB_WJ@Z 1000631a f i PINPad.obj
 0001:000053ac       ?FireViewChange@CComControlBase@ATL@@QAEJXZ 100063ac f i PINPad.obj
 0001:000053f5       ?Fire_DataEvent@?$CProxy_IOPOSEvents@VCOPOSPINPad@@@@QAEXJ@Z 100063f5 f i PINPad.obj
 0001:00005481       ?Fire_DirectIOEvent@?$CProxy_IOPOSEvents@VCOPOSPINPad@@@@QAEXJPAJPAPA_W@Z 10006481 f i PINPad.obj
 0001:00005567       ?Fire_ErrorEvent@?$CProxy_IOPOSEvents@VCOPOSPINPad@@@@QAEXJJJPAJ@Z 10006567 f i PINPad.obj
 0001:0000564e       ?Fire_StatusUpdateEvent@?$CProxy_IOPOSEvents@VCOPOSPINPad@@@@QAEXJ@Z 1000664e f i PINPad.obj
 0001:000056da       ?FreeHeap@?$CTempBuffer@E$0BAA@VCCRTAllocator@ATL@@@ATL@@AAEXXZ 100066da f i PINPad.obj
 0001:000056da       ?FreeHeap@?$CTempBuffer@_W$0EAA@VCCRTAllocator@ATL@@@ATL@@AAEXXZ 100066da f i PINPad.obj
 0001:000056da       ?FreeHeap@?$CTempBuffer@_W$0BAA@VCCRTAllocator@ATL@@@ATL@@AAEXXZ 100066da f i PINPad.obj
 0001:000056e3       ?GetAmbientLocaleID@CComControlBase@ATL@@QAEJAAK@Z 100066e3 f i PINPad.obj
 0001:0000573f       ?GetAmbientUserMode@CComControlBase@ATL@@QAEJAAH@Z 1000673f f i PINPad.obj
 0001:000057af       ?GetAt@CComDynamicUnkArray@ATL@@QAEPAUIUnknown@@H@Z 100067af f i PINPad.obj
 0001:000057cb       ?GetClassObject@CComModule@ATL@@QAEJABU_GUID@@0PAPAX@Z 100067cb f i PINPad.obj
 0001:0000586d       ?GetConnMap@COPOSPINPad@@SAPBU_ATL_CONNMAP_ENTRY@ATL@@PAH@Z 1000686d f i PINPad.obj
 0001:000058dd       ?GetCookie@CComDynamicUnkArray@ATL@@QAGKPAPAUIUnknown@@@Z 100068dd f i PINPad.obj
 0001:00005915       ?GetIDsOfNames@CComTypeInfoHolder@ATL@@QAEJABU_GUID@@PAPA_WIKPAJ@Z 10006915 f i PINPad.obj
 0001:00005a23       ?GetKeyAt@?$CSimpleMap@PA_WPA_WVCExpansionVectorEqualHelper@ATL@@@ATL@@QBEAAPA_WH@Z 10006a23 f i PINPad.obj
 0001:00005a48       ?GetPagesHelper@?$ISpecifyPropertyPagesImpl@VCOPOSPINPad@@@ATL@@IAEJPAUtagCAUUID@@PBUATL_PROPMAP_ENTRY@2@@Z 10006a48 f i PINPad.obj
 0001:00005b6f       ?GetProperty@?$CComPtr@UIDispatch@@@ATL@@SAJPAUIDispatch@@JPAUtagVARIANT@@@Z 10006b6f f i PINPad.obj
 0001:00005bbe       ?GetSizeMax@CComVariant@ATL@@QBEJPAT_ULARGE_INTEGER@@@Z 10006bbe f i PINPad.obj
 0001:00005d78       ?GetStreamSize@CComBSTR@ATL@@SAKPA_W@Z 10006d78 f i PINPad.obj
 0001:00005d92       ?GetTI@CComTypeInfoHolder@ATL@@QAEJK@Z 10006d92 f i PINPad.obj
 0001:00005f7b       ?GetTI@CComTypeInfoHolder@ATL@@QAEJKPAPAUITypeInfo@@@Z 10006f7b f i PINPad.obj
 0001:00005fbd       ?GetUnknown@CComDynamicUnkArray@ATL@@QAGPAUIUnknown@@K@Z 10006fbd f i PINPad.obj
 0001:00005fde       ?GetValueAt@?$CSimpleMap@PA_WPA_WVCExpansionVectorEqualHelper@ATL@@@ATL@@QBEAAPA_WH@Z 10006fde f i PINPad.obj
 0001:00006004       ?GetZoomInfo@CComControlBase@ATL@@QAEXAAUATL_DRAWINFO@@@Z 10007004 f i PINPad.obj
 0001:00006097       ?HKeyFromString@CRegParser@ATL@@KAPAUHKEY__@@PA_W@Z 10007097 f i PINPad.obj
 0001:000060c5       ?HasSubKeys@CRegParser@ATL@@IAEHPAUHKEY__@@@Z 100070c5 f i PINPad.obj
 0001:000060fa       ?IDataObject_GetData@CComControlBase@ATL@@QAEJPAUtagFORMATETC@@PAUtagSTGMEDIUM@@@Z 100070fa f i PINPad.obj
 0001:000062a0       ?IOleInPlaceObject_InPlaceDeactivate@CComControlBase@ATL@@QAEJXZ 100072a0 f i PINPad.obj
 0001:00006327       ?IOleInPlaceObject_SetObjectRects@CComControlBase@ATL@@QAEJPBUtagRECT@@0@Z 10007327 f i PINPad.obj
 0001:000063f4       ?IOleInPlaceObject_UIDeactivate@CComControlBase@ATL@@QAEJXZ 100073f4 f i PINPad.obj
 0001:000064b6       ?IOleObject_Advise@CComControlBase@ATL@@QAEJPAUIAdviseSink@@PAK@Z 100074b6 f i PINPad.obj
 0001:000064e0       ?IOleObject_Close@CComControlBase@ATL@@QAEJK@Z 100074e0 f i PINPad.obj
 0001:000065c4       ?IOleObject_GetClientSite@CComControlBase@ATL@@QAEJPAPAUIOleClientSite@@@Z 100075c4 f i PINPad.obj
 0001:000065ed       ?IOleObject_SetClientSite@CComControlBase@ATL@@QAEJPAUIOleClientSite@@@Z 100075ed f i PINPad.obj
 0001:0000662c       ?IOleObject_SetExtent@CComControlBase@ATL@@QAEJKPAUtagSIZE@@@Z 1000762c f i PINPad.obj
 0001:000066e0       ?IPSI_GetIPersistStreamInit@?$IPersistStorageImpl@VCOPOSPINPad@@@ATL@@AAEPAUIPersistStreamInit@@XZ 100076e0 f i PINPad.obj
 0001:00006722       ?IPersistStreamInit_Load@?$IPersistStreamInitImpl@VCOPOSPINPad@@@ATL@@QAEJPAUIStream@@PBUATL_PROPMAP_ENTRY@2@@Z 10007722 f i PINPad.obj
 0001:0000674e       ?IPersistStreamInit_Save@?$IPersistStreamInitImpl@VCOPOSPINPad@@@ATL@@QAEJPAUIStream@@HPBUATL_PROPMAP_ENTRY@2@@Z 1000774e f i PINPad.obj
 0001:00006783       ?IQuickActivate_QuickActivate@CComControlBase@ATL@@QAEJPAUtagQACONTAINER@@PAUtagQACONTROL@@@Z 10007783 f i PINPad.obj
 0001:000069c5       ?IViewObject_Draw@CComControlBase@ATL@@QAEJKJPAXPAUtagDVTARGETDEVICE@@PAUHDC__@@2PBU_RECTL@@3@Z 100079c5 f i PINPad.obj
 0001:00006a6d       ?InPlaceActivate@CComControlBase@ATL@@QAEJJPBUtagRECT@@@Z 10007a6d f i PINPad.obj
 0001:00006cde       ?Init@?$CComEnumImpl@UIEnumConnectionPoints@@$1?_GUID_b196b285_bab4_101a_b69c_00aa00341d07@@3U__s_GUID@@BPAUIConnectionPoint@@V?$_CopyInterface@UIConnectionPoint@@@ATL@@@ATL@@QAEJPAPAUIConnectionPoint@@0PAUIUnknown@@W4CComEnumFlags@2@@Z 10007cde f i PINPad.obj
 0001:00006dbd       ?Init@?$CComEnumImpl@UIEnumConnections@@$1?_GUID_b196b287_bab4_101a_b69c_00aa00341d07@@3U__s_GUID@@BUtagCONNECTDATA@@V?$_Copy@UtagCONNECTDATA@@@ATL@@@ATL@@QAEJPAUtagCONNECTDATA@@0PAUIUnknown@@W4CComEnumFlags@2@@Z 10007dbd f i PINPad.obj
 0001:00006e9c       ?Init@CComModule@ATL@@QAEJPAU_ATL_OBJMAP_ENTRY30@2@PAUHINSTANCE__@@PBU_GUID@@@Z 10007e9c f i PINPad.obj
 0001:00006efb       ?Init@CDynamicStdCallThunk2@ATL@@QAEHKPAX@Z 10007efb f i PINPad.obj
 0001:00006f26       ?InlineIsEqualUnknown@ATL@@YGHABU_GUID@@@Z 10007f26 f i PINPad.obj
 0001:00006f4e       ?InternalGetSite@CComControlBase@ATL@@QAEJABU_GUID@@PAPAX@Z 10007f4e f i PINPad.obj
 0001:00006f7c       ?InternalSetAtIndex@?$CSimpleMap@PA_WPA_WVCExpansionVectorEqualHelper@ATL@@@ATL@@QAEXHABQA_W0@Z 10007f7c f i PINPad.obj
 0001:00006fa6       ?Invoke@CComTypeInfoHolder@ATL@@QAEJPAUIDispatch@@JABU_GUID@@KGPAUtagDISPPARAMS@@PAUtagVARIANT@@PAUtagEXCEPINFO@@PAI@Z 10007fa6 f i PINPad.obj
 0001:00006fe9       ?IsEqualObject@?$CComPtrBase@UITypeInfo@@@ATL@@QAE_NPAUIUnknown@@@Z 10007fe9 f i PINPad.obj
 0001:00006fe9       ?IsEqualObject@?$CComPtrBase@UIOleClientSite@@@ATL@@QAE_NPAUIUnknown@@@Z 10007fe9 f i PINPad.obj
 0001:00007056       ?IsSpace@CRegParser@ATL@@IAEH_W@Z 10008056 f i PINPad.obj
 0001:00007080       ?LoadNameCache@CComTypeInfoHolder@ATL@@QAEJPAUITypeInfo@@@Z 10008080 f i PINPad.obj
 0001:000071ce       ?Lookup@?$CSimpleMap@PA_WPA_WVCExpansionVectorEqualHelper@ATL@@@ATL@@QBEPA_WABQA_W@Z 100081ce f i PINPad.obj
 0001:000071f4       ?NextToken@CRegParser@ATL@@IAEJPA_W@Z 100081f4 f i PINPad.obj
 0001:0000732c       ?OnKillFocus@CComControlBase@ATL@@QAEJIIJAAH@Z 1000832c f i PINPad.obj
 0001:00007387       ?OnMouseActivate@CComControlBase@ATL@@QAEJIIJAAH@Z 10008387 f i PINPad.obj
 0001:000073f5       ?OnPaint@CComControlBase@ATL@@QAEJIIJAAH@Z 100083f5 f i PINPad.obj
 0001:000074a7       ?OnSetFocus@CComControlBase@ATL@@QAEJIIJAAH@Z 100084a7 f i PINPad.obj
 0001:00007530       ?Open@CRegKey@ATL@@QAEJPAUHKEY__@@PB_WK@Z 10008530 f i PINPad.obj
 0001:00007579       ?PreProcessBuffer@CRegParser@ATL@@QAEJPA_WPAPA_W@Z 10008579 f i PINPad.obj
 0001:000077e3       ?ProcessWindowMessage@?$CComControl@VCOPOSPINPad@@V?$CWindowImpl@VCOPOSPINPad@@VCWindow@ATL@@V?$CWinTraits@$0FGAAAAAA@$0A@@3@@ATL@@@ATL@@UAEHPAUHWND__@@IIJAAJK@Z 100087e3 f i PINPad.obj
 0001:00007882       ?PutProperty@?$CComPtr@UIDispatch@@@ATL@@SAJPAUIDispatch@@JPAUtagVARIANT@@@Z 10008882 f i PINPad.obj
 0001:00007914       ?ReadFromStream@CComBSTR@ATL@@QAEJPAUIStream@@@Z 10008914 f i PINPad.obj
 0001:00007a42       ?ReadFromStream@CComVariant@ATL@@QAEJPAUIStream@@GTClassesAllowedInStream@2@K@Z 10008a42 f i PINPad.obj
 0001:00007bc8       ?RecurseDeleteKey@CRegKey@ATL@@QAEJPB_W@Z 10008bc8 f i PINPad.obj
 0001:00007c8a       ?RegCreateKeyExW@CAtlTransactionManager@ATL@@QAEJPAUHKEY__@@PB_WKPA_WKKQAU_SECURITY_ATTRIBUTES@@PAPAU3@PAK@Z 10008c8a f i PINPad.obj
 0001:00007ced       ?RegDeleteKeyW@CAtlTransactionManager@ATL@@QAEJPAUHKEY__@@PB_W@Z 10008ced f i PINPad.obj
 0001:00007d3f       ?RegOpenKeyExW@CAtlTransactionManager@ATL@@QAEJPAUHKEY__@@PB_WKKPAPAU3@@Z 10008d3f f i PINPad.obj
 0001:00007d96       ?Register@_ATL_WNDCLASSINFOW@ATL@@QAEGPAP6GJPAUHWND__@@IIJ@Z@Z 10008d96 f i PINPad.obj
 0001:00007db6       ?RegisterBuffer@CRegParser@ATL@@QAEJPA_WH@Z 10008db6 f i PINPad.obj
 0001:00007eef       ?RegisterFromResource@CRegObject@ATL@@IAEJPB_W00H@Z 10008eef f i PINPad.obj
 0001:00008025       ?RegisterServer@?$CAtlModuleT@VCComModule@ATL@@@ATL@@QAEJHPBU_GUID@@@Z 10009025 f i PINPad.obj
 0001:00008053       ?RegisterServer@CComModule@ATL@@QAEJHPBU_GUID@@@Z 10009053 f i PINPad.obj
 0001:000080c9       ?RegisterSubkeys@CRegParser@ATL@@IAEJPA_WPAUHKEY__@@HH@Z 100090c9 f i PINPad.obj
 0001:00008698       ?Remove@CComDynamicUnkArray@ATL@@QAEHK@Z 10009698 f i PINPad.obj
 0001:000086c1       ?RemoveAll@?$CSimpleMap@PA_WPA_WVCExpansionVectorEqualHelper@ATL@@@ATL@@QAEXXZ 100096c1 f i PINPad.obj
 0001:000086ed       ?ResourceRegisterSz@CRegObject@ATL@@QAGJPB_W00@Z 100096ed f i PINPad.obj
 0001:0000871a       ?ResourceUnregisterSz@CRegObject@ATL@@QAGJPB_W00@Z 1000971a f i PINPad.obj
 0001:00008747       ?SendOnDataChange@CComControlBase@ATL@@QAEJK@Z 10009747 f i PINPad.obj
 0001:00008794       ?SetControlFocus@CComControlBase@ATL@@QAEHH@Z 10009794 f i PINPad.obj
 0001:00008831       ?SetMultiStringValue@CRegKey@ATL@@QAEJPB_W0@Z 10009831 f i PINPad.obj
 0001:0000888d       ?SetStringValue@CRegKey@ATL@@QAEJPB_W0K@Z 1000988d f i PINPad.obj
 0001:000088d6       ?SkipAssignment@CRegParser@ATL@@IAEJPA_W@Z 100098d6 f i PINPad.obj
 0001:0000893b       ?SkipWhiteSpace@CRegParser@ATL@@IAEXXZ 1000993b f i PINPad.obj
 0001:0000895d       ?StrChrW@CRegParser@ATL@@KAPA_WPA_W_W@Z 1000995d f i PINPad.obj
 0001:0000899a       ?Term@CAtlModule@ATL@@QAEXXZ 1000999a f i PINPad.obj
 0001:000089d3       ?Term@CComModule@ATL@@QAEXXZ 100099d3 f i PINPad.obj
 0001:00008a2b       ?UnregisterServer@?$CAtlModuleT@VCComModule@ATL@@@ATL@@QAEJHPBU_GUID@@@Z 10009a2b f i PINPad.obj
 0001:00008a51       ?UnregisterServer@CComModule@ATL@@QAEJHPBU_GUID@@@Z 10009a51 f i PINPad.obj
 0001:00008ac7       ?UpdateRegistryFromResource@CAtlModule@ATL@@QAGJIHPAU_ATL_REGMAP_ENTRY@2@@Z 10009ac7 f i PINPad.obj
 0001:00008c92       ?UpdateRegistryFromResource@CAtlModule@ATL@@QAGJPB_WHPAU_ATL_REGMAP_ENTRY@2@@Z 10009c92 f i PINPad.obj
 0001:00008e63       ?VTFromRegType@CRegParser@ATL@@KAHPB_WAAG@Z 10009e63 f i PINPad.obj
 0001:00008ed0       ?WindowProc@?$CWindowImplBaseT@VCWindow@ATL@@V?$CWinTraits@$0FGAAAAAA@$0A@@2@@ATL@@SGJPAUHWND__@@IIJ@Z 10009ed0 f i PINPad.obj
 0001:00008fc2       ?WriteToStream@CComBSTR@ATL@@QAEJPAUIStream@@@Z 10009fc2 f i PINPad.obj
 0001:00009019       ?WriteToStream@CComVariant@ATL@@QAEJPAUIStream@@@Z 1000a019 f i PINPad.obj
 0001:00009193       ?WriteToStream@CComVariant@ATL@@QAEJPAUIStream@@G@Z 1000a193 f i PINPad.obj
 0001:000091fc       ?_AtlInitialConstruct@?$CComObjectRootEx@VCComMultiThreadModel@ATL@@@ATL@@QAEJXZ 1000a1fc f i PINPad.obj
 0001:00009211       ?_AtlVerifyStackAvailable@_ATL_SAFE_ALLOCA_IMPL@ATL@@YA_NK@Z 1000a211 f i PINPad.obj
 0001:0000928f       ?copy@?$_Copy@UtagCONNECTDATA@@@ATL@@SAJPAUtagCONNECTDATA@@PBU3@@Z 1000a28f f i PINPad.obj
 0001:000092c5       ?copy@?$_CopyInterface@UIConnectionPoint@@@ATL@@SAJPAPAUIConnectionPoint@@PBQAU3@@Z 1000a2c5 f i PINPad.obj
 0001:000092f3       ?memcpy_s@Checked@ATL@@YAXPAXIPBXI@Z 1000a2f3 f i PINPad.obj
 0001:00009312       ?ocscpy_s@@YA_NPA_WIPB_W@Z 1000a312 f i PINPad.obj
 0001:00009341       ?ocslen@@YAHPB_W@Z         1000a341 f i PINPad.obj
 0001:00009361       ?wcscpy_s@Checked@ATL@@YAXPA_WIPB_W@Z 1000a361 f i PINPad.obj
 0001:0000937d       _DllCanUnloadNow@0         1000a37d f   PINPad.obj
 0001:00009389       _DllGetClassObject@12      1000a389 f   PINPad.obj
 0001:00009397       _DllMain@12                1000a397 f   PINPad.obj
 0001:000093d9       _DllRegisterServer@0       1000a3d9 f   PINPad.obj
 0001:000093e8       _DllUnregisterServer@0     1000a3e8 f   PINPad.obj
 0001:000093f7       _InlineIsEqualGUID         1000a3f7 f i PINPad.obj
 0001:00009427       ___local_stdio_printf_options 1000a427 f i PINPad.obj
 0001:0000942d       __vswprintf_s_l            1000a42d f i PINPad.obj
 0001:000094da       _swprintf_s                1000a4da f i PINPad.obj
 0001:000094f6       ??0?$CComControl@VCOPOSPINPad@@V?$CWindowImpl@VCOPOSPINPad@@VCWindow@ATL@@V?$CWinTraits@$0FGAAAAAA@$0A@@3@@ATL@@@ATL@@QAE@XZ 1000a4f6 f i PINPadImpl.obj
 0001:0000951d       ??0?$CProxy_IOPOSEvents@VCOPOSPINPad@@@@QAE@XZ 1000a51d f i PINPadImpl.obj
 0001:0000953d       ??0CComControlBase@ATL@@QAE@AAPAUHWND__@@@Z 1000a53d f i PINPadImpl.obj
 0001:00009587       ??0COPOSPINPad@@QAE@XZ     1000a587 f   PINPadImpl.obj
 0001:000095bd       ??1?$CComControl@VCOPOSPINPad@@V?$CWindowImpl@VCOPOSPINPad@@VCWindow@ATL@@V?$CWinTraits@$0FGAAAAAA@$0A@@3@@ATL@@@ATL@@UAE@XZ 1000a5bd f i PINPadImpl.obj
 0001:000095d6       ??1?$IConnectionPointImpl@VCOPOSPINPad@@$1?DIID__IOPOSPINPadEvents@@3U_GUID@@BVCComDynamicUnkArray@ATL@@@ATL@@QAE@XZ 1000a5d6 f i PINPadImpl.obj
 0001:000095d6       ??1?$IConnectionPointImpl@VCOPOSPINPad@@$1?IID_IPropertyNotifySink@@3U_GUID@@BVCComDynamicUnkArray@ATL@@@ATL@@QAE@XZ 1000a5d6 f i PINPadImpl.obj
 0001:00009613       ??1CComControlBase@ATL@@UAE@XZ 1000a613 f i PINPadImpl.obj
 0001:00009676       ??1COPOSPINPad@@UAE@XZ     1000a676 f   PINPadImpl.obj
 0001:000096be       ??1OposVariantResult@@QAE@XZ 1000a6be f i PINPadImpl.obj
 0001:000096df       ??1_CW@@QAE@XZ             1000a6df f i PINPadImpl.obj
 0001:000096f8       ?BeginEFTTransaction@COPOSPINPad@@UAGJPA_WJPAJ@Z 1000a6f8 f   PINPadImpl.obj
 0001:00009774       ?CheckHealth@COPOSPINPad@@UAGJJPAJ@Z 1000a774 f   PINPadImpl.obj
 0001:000097c3       ?ClaimDevice@COPOSPINPad@@UAGJJPAJ@Z 1000a7c3 f   PINPadImpl.obj
 0001:00009838       ?ClearInput@COPOSPINPad@@UAGJPAJ@Z 1000a838 f   PINPadImpl.obj
 0001:00009853       ?ClearInputProperties@COPOSPINPad@@UAGJPAJ@Z 1000a853 f   PINPadImpl.obj
 0001:0000986e       ?Close@COPOSPINPad@@UAGJPAJ@Z 1000a86e f   PINPadImpl.obj
 0001:000098dc       ?CompareFirmwareVersion@COPOSPINPad@@UAGJPA_WPAJ1@Z 1000a8dc f   PINPadImpl.obj
 0001:0000995c       ?ComputeMAC@COPOSPINPad@@UAGJPA_WPAPA_WPAJ@Z 1000a95c f   PINPadImpl.obj
 0001:000099dc       ?DirectIO@COPOSPINPad@@UAGJJPAJPAPA_W0@Z 1000a9dc f   PINPadImpl.obj
 0001:00009a8a       ?DoInvoke@COPOSPINPad@@IAEJJPAVOposVariant@@IHPAJ_N@Z 1000aa8a f   PINPadImpl.obj
 0001:00009b4c       ?EnablePINEntry@COPOSPINPad@@UAGJPAJ@Z 1000ab4c f   PINPadImpl.obj
 0001:00009b67       ?EndEFTTransaction@COPOSPINPad@@UAGJJPAJ@Z 1000ab67 f   PINPadImpl.obj
 0001:00009bb6       ?EventClose@COPOSPINPad@@IAEXXZ 1000abb6 f i PINPadImpl.obj
 0001:00009be9       ?EventInit@COPOSPINPad@@IAEJXZ 1000abe9 f i PINPadImpl.obj
 0001:00009cb5       ?EventUninit@COPOSPINPad@@IAEXXZ 1000acb5 f i PINPadImpl.obj
 0001:00009d07       ?EventWindowProc@COPOSPINPad@@IAGJIIJ@Z 1000ad07 f i PINPadImpl.obj
 0001:00009ddb       ?FinalConstruct@COPOSPINPad@@QAEJXZ 1000addb f   PINPadImpl.obj
 0001:00009e14       ?FireEventCleanup@COPOSPINPad@@IAEXXZ 1000ae14 f i PINPadImpl.obj
 0001:00009e2a       ?FireEventSetup@COPOSPINPad@@IAE_NXZ 1000ae2a f i PINPadImpl.obj
 0001:00009e5e       ?FreezeEvents@COPOSPINPad@@MAGJH@Z 1000ae5e f   PINPadImpl.obj
 0001:00009ebe       ?GetOposProp@COPOSPINPad@@IAEJJPAFJ@Z 1000aebe f   PINPadImpl.obj
 0001:00009ee1       ?GetOposProp@COPOSPINPad@@IAEJJPAJJ@Z 1000aee1 f   PINPadImpl.obj
 0001:00009f9f       ?GetOposProp@COPOSPINPad@@IAEJJPAPA_WJ@Z 1000af9f f   PINPadImpl.obj
 0001:0000a06a       ?OnDraw@COPOSPINPad@@MAEJAAUATL_DRAWINFO@@@Z 1000b06a f   PINPadImpl.obj
 0001:0000a10a       ?Open@COPOSPINPad@@UAGJPA_WPAJ@Z 1000b10a f   PINPadImpl.obj
 0001:0000a8a7       ?ReleaseDevice@COPOSPINPad@@UAGJPAJ@Z 1000b8a7 f   PINPadImpl.obj
 0001:0000a8f6       ?ResetStatistics@COPOSPINPad@@UAGJPA_WPAJ@Z 1000b8f6 f   PINPadImpl.obj
 0001:0000a94d       ?RetrieveStatistics@COPOSPINPad@@UAGJPAPA_WPAJ@Z 1000b94d f   PINPadImpl.obj
 0001:0000a9a4       ?SOProcessID@COPOSPINPad@@UAGJPAJ@Z 1000b9a4 f   PINPadImpl.obj
 0001:0000a9b8       ?SetCOFreezeEvents@COPOSPINPad@@IAEXF@Z 1000b9b8 f   PINPadImpl.obj
 0001:0000aa43       ?SetOposProp@COPOSPINPad@@IAEJJJJ@Z 1000ba43 f   PINPadImpl.obj
 0001:0000ab21       ?SetOposProp@COPOSPINPad@@IAEJJPA_WJ@Z 1000bb21 f   PINPadImpl.obj
 0001:0000ac0d       ?UpdateFirmware@COPOSPINPad@@UAGJPA_WPAJ@Z 1000bc0d f   PINPadImpl.obj
 0001:0000ac64       ?UpdateKey@COPOSPINPad@@UAGJJPA_WPAJ@Z 1000bc64 f   PINPadImpl.obj
 0001:0000ace0       ?UpdateStatistics@COPOSPINPad@@UAGJPA_WPAJ@Z 1000bce0 f   PINPadImpl.obj
 0001:0000ad37       ?VerifyMAC@COPOSPINPad@@UAGJPA_WPAJ@Z 1000bd37 f   PINPadImpl.obj
 0001:0000ad8e       ?get_AccountNumber@COPOSPINPad@@UAGJPAPA_W@Z 1000bd8e f   PINPadImpl.obj
 0001:0000ada7       ?get_AdditionalSecurityInformation@COPOSPINPad@@UAGJPAPA_W@Z 1000bda7 f   PINPadImpl.obj
 0001:0000adc0       ?get_Amount@COPOSPINPad@@UAGJPATtagCY@@@Z 1000bdc0 f   PINPadImpl.obj
 0001:0000ae51       ?get_AvailableLanguagesList@COPOSPINPad@@UAGJPAPA_W@Z 1000be51 f   PINPadImpl.obj
 0001:0000ae6a       ?get_AvailablePromptsList@COPOSPINPad@@UAGJPAPA_W@Z 1000be6a f   PINPadImpl.obj
 0001:0000ae83       ?get_BinaryConversion@COPOSPINPad@@UAGJPAJ@Z 1000be83 f   PINPadImpl.obj
 0001:0000ae99       ?get_CapCompareFirmwareVersion@COPOSPINPad@@UAGJPAF@Z 1000be99 f   PINPadImpl.obj
 0001:0000aeb2       ?get_CapDisplay@COPOSPINPad@@UAGJPAJ@Z 1000beb2 f   PINPadImpl.obj
 0001:0000aecb       ?get_CapKeyboard@COPOSPINPad@@UAGJPAF@Z 1000becb f   PINPadImpl.obj
 0001:0000aee4       ?get_CapLanguage@COPOSPINPad@@UAGJPAJ@Z 1000bee4 f   PINPadImpl.obj
 0001:0000aefd       ?get_CapMACCalculation@COPOSPINPad@@UAGJPAF@Z 1000befd f   PINPadImpl.obj
 0001:0000af16       ?get_CapPowerReporting@COPOSPINPad@@UAGJPAJ@Z 1000bf16 f   PINPadImpl.obj
 0001:0000af2f       ?get_CapStatisticsReporting@COPOSPINPad@@UAGJPAF@Z 1000bf2f f   PINPadImpl.obj
 0001:0000af48       ?get_CapTone@COPOSPINPad@@UAGJPAF@Z 1000bf48 f   PINPadImpl.obj
 0001:0000af61       ?get_CapUpdateFirmware@COPOSPINPad@@UAGJPAF@Z 1000bf61 f   PINPadImpl.obj
 0001:0000af7a       ?get_CapUpdateStatistics@COPOSPINPad@@UAGJPAF@Z 1000bf7a f   PINPadImpl.obj
 0001:0000af93       ?get_CheckHealthText@COPOSPINPad@@UAGJPAPA_W@Z 1000bf93 f   PINPadImpl.obj
 0001:0000afac       ?get_Claimed@COPOSPINPad@@UAGJPAF@Z 1000bfac f   PINPadImpl.obj
 0001:0000afc2       ?get_ControlObjectDescription@COPOSPINPad@@UAGJPAPA_W@Z 1000bfc2 f   PINPadImpl.obj
 0001:0000afff       ?get_ControlObjectVersion@COPOSPINPad@@UAGJPAJ@Z 1000bfff f   PINPadImpl.obj
 0001:0000b012       ?get_DataCount@COPOSPINPad@@UAGJPAJ@Z 1000c012 f   PINPadImpl.obj
 0001:0000b028       ?get_DataEventEnabled@COPOSPINPad@@UAGJPAF@Z 1000c028 f   PINPadImpl.obj
 0001:0000b03e       ?get_DeviceDescription@COPOSPINPad@@UAGJPAPA_W@Z 1000c03e f   PINPadImpl.obj
 0001:0000b057       ?get_DeviceEnabled@COPOSPINPad@@UAGJPAF@Z 1000c057 f   PINPadImpl.obj
 0001:0000b06d       ?get_DeviceName@COPOSPINPad@@UAGJPAPA_W@Z 1000c06d f   PINPadImpl.obj
 0001:0000b086       ?get_EncryptedPIN@COPOSPINPad@@UAGJPAPA_W@Z 1000c086 f   PINPadImpl.obj
 0001:0000b09f       ?get_FreezeEvents@COPOSPINPad@@UAGJPAF@Z 1000c09f f   PINPadImpl.obj
 0001:0000b0b5       ?get_MaximumPINLength@COPOSPINPad@@UAGJPAJ@Z 1000c0b5 f   PINPadImpl.obj
 0001:0000b0ce       ?get_MerchantID@COPOSPINPad@@UAGJPAPA_W@Z 1000c0ce f   PINPadImpl.obj
 0001:0000b0e7       ?get_MinimumPINLength@COPOSPINPad@@UAGJPAJ@Z 1000c0e7 f   PINPadImpl.obj
 0001:0000b100       ?get_OpenResult@COPOSPINPad@@UAGJPAJ@Z 1000c100 f   PINPadImpl.obj
 0001:0000b117       ?get_PINEntryEnabled@COPOSPINPad@@UAGJPAF@Z 1000c117 f   PINPadImpl.obj
 0001:0000b130       ?get_PowerNotify@COPOSPINPad@@UAGJPAJ@Z 1000c130 f   PINPadImpl.obj
 0001:0000b146       ?get_PowerState@COPOSPINPad@@UAGJPAJ@Z 1000c146 f   PINPadImpl.obj
 0001:0000b15c       ?get_Prompt@COPOSPINPad@@UAGJPAJ@Z 1000c15c f   PINPadImpl.obj
 0001:0000b175       ?get_PromptLanguage@COPOSPINPad@@UAGJPAJ@Z 1000c175 f   PINPadImpl.obj
 0001:0000b18e       ?get_ResultCode@COPOSPINPad@@UAGJPAJ@Z 1000c18e f   PINPadImpl.obj
 0001:0000b1cc       ?get_ResultCodeExtended@COPOSPINPad@@UAGJPAJ@Z 1000c1cc f   PINPadImpl.obj
 0001:0000b1e2       ?get_ServiceObjectDescription@COPOSPINPad@@UAGJPAPA_W@Z 1000c1e2 f   PINPadImpl.obj
 0001:0000b1fb       ?get_ServiceObjectVersion@COPOSPINPad@@UAGJPAJ@Z 1000c1fb f   PINPadImpl.obj
 0001:0000b211       ?get_State@COPOSPINPad@@UAGJPAJ@Z 1000c211 f   PINPadImpl.obj
 0001:0000b23d       ?get_TerminalID@COPOSPINPad@@UAGJPAPA_W@Z 1000c23d f   PINPadImpl.obj
 0001:0000b256       ?get_Track1Data@COPOSPINPad@@UAGJPAPA_W@Z 1000c256 f   PINPadImpl.obj
 0001:0000b26f       ?get_Track2Data@COPOSPINPad@@UAGJPAPA_W@Z 1000c26f f   PINPadImpl.obj
 0001:0000b288       ?get_Track3Data@COPOSPINPad@@UAGJPAPA_W@Z 1000c288 f   PINPadImpl.obj
 0001:0000b2a1       ?get_Track4Data@COPOSPINPad@@UAGJPAPA_W@Z 1000c2a1 f   PINPadImpl.obj
 0001:0000b2ba       ?get_TransactionType@COPOSPINPad@@UAGJPAJ@Z 1000c2ba f   PINPadImpl.obj
 0001:0000b2d3       ?put_AccountNumber@COPOSPINPad@@UAGJPA_W@Z 1000c2d3 f   PINPadImpl.obj
 0001:0000b2ec       ?put_Amount@COPOSPINPad@@UAGJTtagCY@@@Z 1000c2ec f   PINPadImpl.obj
 0001:0000b38d       ?put_BinaryConversion@COPOSPINPad@@UAGJJ@Z 1000c38d f   PINPadImpl.obj
 0001:0000b3a3       ?put_DataEventEnabled@COPOSPINPad@@UAGJF@Z 1000c3a3 f   PINPadImpl.obj
 0001:0000b3c0       ?put_DeviceEnabled@COPOSPINPad@@UAGJF@Z 1000c3c0 f   PINPadImpl.obj
 0001:0000b3dd       ?put_FreezeEvents@COPOSPINPad@@UAGJF@Z 1000c3dd f   PINPadImpl.obj
 0001:0000b429       ?put_MaximumPINLength@COPOSPINPad@@UAGJJ@Z 1000c429 f   PINPadImpl.obj
 0001:0000b442       ?put_MerchantID@COPOSPINPad@@UAGJPA_W@Z 1000c442 f   PINPadImpl.obj
 0001:0000b45b       ?put_MinimumPINLength@COPOSPINPad@@UAGJJ@Z 1000c45b f   PINPadImpl.obj
 0001:0000b474       ?put_PowerNotify@COPOSPINPad@@UAGJJ@Z 1000c474 f   PINPadImpl.obj
 0001:0000b48a       ?put_Prompt@COPOSPINPad@@UAGJJ@Z 1000c48a f   PINPadImpl.obj
 0001:0000b4a3       ?put_PromptLanguage@COPOSPINPad@@UAGJJ@Z 1000c4a3 f   PINPadImpl.obj
 0001:0000b4bc       ?put_TerminalID@COPOSPINPad@@UAGJPA_W@Z 1000c4bc f   PINPadImpl.obj
 0001:0000b4d5       ?put_Track1Data@COPOSPINPad@@UAGJPA_W@Z 1000c4d5 f   PINPadImpl.obj
 0001:0000b4ee       ?put_Track2Data@COPOSPINPad@@UAGJPA_W@Z 1000c4ee f   PINPadImpl.obj
 0001:0000b507       ?put_Track3Data@COPOSPINPad@@UAGJPA_W@Z 1000c507 f   PINPadImpl.obj
 0001:0000b520       ?put_Track4Data@COPOSPINPad@@UAGJPA_W@Z 1000c520 f   PINPadImpl.obj
 0001:0000b539       ?put_TransactionType@COPOSPINPad@@UAGJJ@Z 1000c539 f   PINPadImpl.obj
 0001:0000b552       ?s_EventWindowProc@COPOSPINPad@@KGJPAUHWND__@@IIJ@Z 1000c552 f i PINPadImpl.obj
 0001:0000b5a4       ??_U@YAPAXI@Z              1000c5a4 f   LIBCMT:new_array.obj
 0001:0000b5ad       ??3@YAXPAXI@Z              1000c5ad f   LIBCMT:delete_scalar_size.obj
 0001:0000b5bb       ??_V@YAXPAX@Z              1000c5bb f   LIBCMT:delete_array.obj
 0001:0000b5c0       ??_V@YAXPAXI@Z             1000c5c0 f   LIBCMT:delete_array_size.obj
 0001:0000b5ce       ??$__crt_fast_encode_pointer@PAX@@YAPAXQAX@Z 1000c5ce f i libvcruntime:winapi_downlevel.obj
 0001:0000b5ce       ??$__crt_fast_encode_pointer@P6GHPAU_RTL_CONDITION_VARIABLE@@PAU_RTL_CRITICAL_SECTION@@K@Z@@YAP6GHPAU_RTL_CONDITION_VARIABLE@@PAU_RTL_CRITICAL_SECTION@@K@ZQ6GH01K@Z@Z 1000c5ce f i LIBCMT:thread_safe_statics.obj
 0001:0000b5ce       ??$__crt_fast_encode_pointer@PAP6AXXZ@@YAPAP6AXXZQAP6AXXZ@Z 1000c5ce f i LIBCMT:utility.obj
 0001:0000b5ce       ??$__crt_fast_encode_pointer@P6GXPAU_RTL_CONDITION_VARIABLE@@@Z@@YAP6GXPAU_RTL_CONDITION_VARIABLE@@@ZQ6GX0@Z@Z 1000c5ce f i LIBCMT:thread_safe_statics.obj
 0001:0000b62f       ___scrt_acquire_startup_lock 1000c62f f   LIBCMT:utility.obj
 0001:0000b661       ___scrt_dllmain_after_initialize_c 1000c661 f   LIBCMT:utility.obj
 0001:0000b68c       ___scrt_dllmain_before_initialize_c 1000c68c f   LIBCMT:utility.obj
 0001:0000b69a       ___scrt_dllmain_crt_thread_attach 1000c69a f   LIBCMT:utility.obj
 0001:0000b6b9       ___scrt_dllmain_crt_thread_detach 1000c6b9 f   LIBCMT:utility.obj
 0001:0000b6c6       ___scrt_dllmain_exception_filter 1000c6c6 f   LIBCMT:utility.obj
 0001:0000b6fa       ___scrt_dllmain_uninitialize_c 1000c6fa f   LIBCMT:utility.obj
 0001:0000b71d       ___scrt_dllmain_uninitialize_critical 1000c71d f   LIBCMT:utility.obj
 0001:0000b72a       ___scrt_initialize_crt     1000c72a f   LIBCMT:utility.obj
 0001:0000b763       ___scrt_initialize_onexit_tables 1000c763 f   LIBCMT:utility.obj
 0001:0000b808       ___scrt_is_nonwritable_in_current_image 1000c808 f   LIBCMT:utility.obj
 0001:0000b89c       ___scrt_release_startup_lock 1000c89c f   LIBCMT:utility.obj
 0001:0000b8b9       ___scrt_uninitialize_crt   1000c8b9 f   LIBCMT:utility.obj
 0001:0000b8e1       __onexit                   1000c8e1 f   LIBCMT:utility.obj
 0001:0000b91c       _atexit                    1000c91c f   LIBCMT:utility.obj
 0001:0000b931       ??3@YAXPAX@Z               1000c931 f   LIBCMT:delete_scalar.obj
 0001:0000ba68       __Init_thread_footer       1000ca68 f   LIBCMT:thread_safe_statics.obj
 0001:0000bab2       __Init_thread_header       1000cab2 f   LIBCMT:thread_safe_statics.obj
 0001:0000bb04       __Init_thread_notify       1000cb04 f   LIBCMT:thread_safe_statics.obj
 0001:0000bb46       __Init_thread_wait         1000cb46 f   LIBCMT:thread_safe_statics.obj
 0001:0000bba6       ___raise_securityfailure   1000cba6 f   LIBCMT:gs_report.obj
 0001:0000bbce       ___report_gsfailure        1000cbce f   LIBCMT:gs_report.obj
 0001:0000bcc7       ___report_rangecheckfailure 1000ccc7 f   LIBCMT:gs_report.obj
 0001:0000bcd3       ___report_securityfailure  1000ccd3 f   LIBCMT:gs_report.obj
 0001:0000bda1       ??2@YAPAXIABUnothrow_t@std@@@Z 1000cda1 f   LIBCMT:new_scalar_nothrow.obj
 0001:0000bdf1       ??_U@YAPAXIABUnothrow_t@std@@@Z 1000cdf1 f   LIBCMT:new_array_nothrow.obj
 0001:0000bdfa       @__security_check_cookie@4 1000cdfa f   LIBCMT:_secchk_.obj
 0001:0000be10       __SEH_prolog4_GS           1000ce10 f   LIBCMT:_sehprolg4gs_.obj
 0001:0000be59       __SEH_epilog4_GS           1000ce59 f   LIBCMT:_sehprolg4gs_.obj
 0001:0000be70       __alloca_probe_16          1000ce70 f   LIBCMT:alloca16.obj
 0001:0000be86       __alloca_probe_8           1000ce86     LIBCMT:alloca16.obj
 0001:0000bea0       __alloca_probe             1000cea0 f   LIBCMT:chkstk.obj
 0001:0000bea0       __chkstk                   1000cea0 f   LIBCMT:chkstk.obj
[...]
 0002:00002c70       ?candidate_modules@?1??try_get_LCMapStringEx@@YAP6GHPB_WK0HPA_WHPAU_nlsversioninfo@@PAXJ@ZXZ@4QBW4module_id@?A0x391cf84c@@B 10021c70     libucrt:winapi_thunks.obj
 0002:00002c88       ?candidate_modules@?1??try_get_LocaleNameToLCID@@YAP6GKPB_WK@ZXZ@4QBW4module_id@?A0x391cf84c@@B 10021c88     libucrt:winapi_thunks.obj
 0002:00002ca4       ?candidate_modules@?1??try_get_AppPolicyGetProcessTerminationMethod@@YAP6GJPAXPAW4AppPolicyProcessTerminationMethod@@@ZXZ@4QBW4module_id@?A0x391cf84c@@B 10021ca4     libucrt:winapi_thunks.obj
 0002:00002cd0       ?candidate_modules@?1??try_get_SetThreadStackGuarantee@@YAP6GHPAK@ZXZ@4QBW4module_id@?A0x391cf84c@@B 10021cd0     libucrt:winapi_thunks.obj
 0002:000031fc       ?_mb_locale_names@@3QBQB_WB 100221fc     libucrt:mbctype.obj
 0002:00003a48       ?LcidToLocaleNameTable@?A0x881e4c05@@3QBULcidToLocaleName@1@B 10022a48     libucrt:lcidtoname_downlevel.obj
 0002:00004b70       ?LocaleNameToIndexTable@?A0x881e4c05@@3QBULocaleNameIndex@1@B 10023b70     libucrt:lcidtoname_downlevel.obj
 0002:000064b0       LOG_name                   100254b0     libucrt:log10.obj
 0002:000064c0       _One                       100254c0     libucrt:ceil_pentium4.obj
 0002:000064d0       _Bns                       100254d0     libucrt:ceil_pentium4.obj
 0002:000064e0       _Zero                      100254e0     libucrt:ceil_pentium4.obj
 0002:000064f0       _S                         100254f0     libucrt:ceil_pentium4.obj
 0002:00006500       _NegZero                   10025500     libucrt:ceil_pentium4.obj
 0002:00006510       emask                      10025510     libucrt:log10_pentium4.obj
 0002:00006520       CC                         10025520     libucrt:log10_pentium4.obj
 0002:00006530       Magic                      10025530     libucrt:log10_pentium4.obj
 0002:00006540       hi_mask                    10025540     libucrt:log10_pentium4.obj
 0002:00006550       LOG10_2                    10025550     libucrt:log10_pentium4.obj
 0002:00006560       place_L                    10025560     libucrt:log10_pentium4.obj
 0002:00006580       One                        10025580     libucrt:log10_pentium4.obj
 0002:00006590       Zero                       10025590     libucrt:log10_pentium4.obj
 0002:000065a0       Two52                      100255a0     libucrt:log10_pentium4.obj
 0002:000065b0       Infs                       100255b0     libucrt:log10_pentium4.obj
 0002:000065c0       NaN                        100255c0     libucrt:log10_pentium4.obj
 0002:000065d0       coeff                      100255d0     libucrt:log10_pentium4.obj
 0002:0000662e       _log2max                   1002562e     libucrt:87tran.obj
 0002:00006638       _smallarg                  10025638     libucrt:87tran.obj
 0002:00006642       _half                      10025642     libucrt:87tran.obj
 0002:0000668e       One                        1002568e     libucrt:87disp.obj
 0002:00006696       Three                      10025696     libucrt:87disp.obj
 0002:0000669e       XAMtoTagTab                1002569e     libucrt:87disp.obj
 0002:000066b0       One                        100256b0     libucrt:common.obj
 0002:000066c4       DblMax                     100256c4     libucrt:common.obj
 0002:000066cc       DblMin                     100256cc     libucrt:common.obj
 0002:000066d4       IeeeAdjO                   100256d4     libucrt:common.obj
 0002:000066dc       IeeeAdjU                   100256dc     libucrt:common.obj
 0002:000066e4       _infinity                  100256e4     libucrt:common.obj
 0002:000066ec       _zero                      100256ec     libucrt:common.obj
 0002:00006728       _over                      10025728     libucrt:fpctrl.obj
 0002:00006734       _under                     10025734     libucrt:fpctrl.obj
 0002:00006f68       ?_names@?1??_get_fname@@9@9 10025f68     libucrt:fpexcept.obj
 0002:000077c8       __sehtable$?_AtlVerifyStackAvailable@_ATL_SAFE_ALLOCA_IMPL@ATL@@YA_NK@Z 100267c8     PINPad.obj
 0002:000077e8       __sehtable$___scrt_is_nonwritable_in_current_image 100267e8     LIBCMT:utility.obj
 0002:00007804       __ehfuncinfo$?__scrt_initialize_thread_safe_statics_platform_specific@@YAXXZ 10026804     LIBCMT:thread_safe_statics.obj
 0002:00007828       __catchsym$??2@YAPAXIABUnothrow_t@std@@@Z$2 10026828     LIBCMT:new_scalar_nothrow.obj
 0002:00007838       __unwindtable$??2@YAPAXIABUnothrow_t@std@@@Z 10026838     LIBCMT:new_scalar_nothrow.obj
 0002:00007848       __tryblocktable$??2@YAPAXIABUnothrow_t@std@@@Z 10026848     LIBCMT:new_scalar_nothrow.obj
 0002:0000785c       __ehfuncinfo$??2@YAPAXIABUnothrow_t@std@@@Z 1002685c     LIBCMT:new_scalar_nothrow.obj
 0002:00007880       __sehtable$?dllmain_crt_process_attach@@YAHQAUHINSTANCE__@@QAX@Z 10026880     LIBCMT:dll_dllmain.obj
 0002:000078a0       __sehtable$?dllmain_crt_process_detach@@YAH_N@Z 100268a0     LIBCMT:dll_dllmain.obj
 0002:000078c0       __sehtable$?dllmain_dispatch@@YAHQAUHINSTANCE__@@KQAX@Z 100268c0     LIBCMT:dll_dllmain.obj
 0002:00007970       __sehtable$?FrameUnwindToState@__FrameHandler3@@SAXPAUEHRegistrationNode@@PAXPBU_s_FuncInfo@@H@Z 10026970     libvcruntime:frame.obj
 0002:00007998       __sehtable$?CallCatchBlock@@YAPAXPAUEHExceptionRecord@@PAUEHRegistrationNode@@PAU_CONTEXT@@PBU_s_FuncInfo@@PAXHK@Z 10026998     libvcruntime:frame.obj
 0002:000079c0       __catchsym$?CallUnexpected@@YAXPBU_s_ESTypeList@@@Z$2 100269c0     libvcruntime:frame.obj
 0002:000079d0       __unwindtable$?CallUnexpected@@YAXPBU_s_ESTypeList@@@Z 100269d0     libvcruntime:frame.obj
 0002:000079e0       __tryblocktable$?CallUnexpected@@YAXPBU_s_ESTypeList@@@Z 100269e0     libvcruntime:frame.obj
 0002:000079f4       __ehfuncinfo$?CallUnexpected@@YAXPBU_s_ESTypeList@@@Z 100269f4     libvcruntime:frame.obj
 0002:00007a18       __sehtable$??$BuildCatchObjectHelperInternal@$$CBU_s_HandlerType@@@@YAHPAUEHExceptionRecord@@PAXPBU_s_HandlerType@@PBU_s_CatchableType@@@Z 10026a18     libvcruntime:frame.obj
 0002:00007a38       __sehtable$??$BuildCatchObjectInternal@$$CBU_s_HandlerType@@@@YAXPAUEHExceptionRecord@@PAXPBU_s_HandlerType@@PBU_s_CatchableType@@@Z 10026a38     libvcruntime:frame.obj
 0002:00007a90       __sehtable$___DestructExceptionObject 10026a90     libvcruntime:ehhelpers.obj
 0002:00007ab0       __sehtable$??R<lambda_6e4b09c48022b2350581041d5f6b0c4c>@@QBE@XZ 10026ab0     libucrt:exit.obj
 0002:00007ad0       __sehtable$??$?RV<lambda_03b1d95aef87969028cfba75ccab2455>@@AAV<lambda_6e4b09c48022b2350581041d5f6b0c4c>@@V<lambda_22bdf7517842c4b3e53723af5aa32b9e>@@@?$__crt_seh_guarded_call@X@@QAEX$$QAV<lambda_03b1d95aef87969028cfba75ccab2455>@@AAV<lambda_6e4b09c48022b2350581041d5f6b0c4c>@@$$QAV<lambda_22bdf7517842c4b3e53723af5aa32b9e>@@@Z 10026ad0     libucrt:exit.obj
 0002:00007af0       __sehtable$??$?RV<lambda_8e746cf0007f6ed984d6f78af1fec997>@@AAV<lambda_22ebabd17bc4fa466a2aca6d8deb888d>@@V<lambda_18ed0c0b38a6dc0daf1e7ac6d6adf05e>@@@?$__crt_seh_guarded_call@H@@QAEH$$QAV<lambda_8e746cf0007f6ed984d6f78af1fec997>@@AAV<lambda_22ebabd17bc4fa466a2aca6d8deb888d>@@$$QAV<lambda_18ed0c0b38a6dc0daf1e7ac6d6adf05e>@@@Z 10026af0     libucrt:onexit.obj
 0002:00007b10       __sehtable$??$?RV<lambda_69a2805e680e0e292e8ba93315fe43a8>@@AAV<lambda_f03950bc5685219e0bcd2087efbe011e>@@V<lambda_03fcd07e894ec930e3f35da366ca99d6>@@@?$__crt_seh_guarded_call@H@@QAEH$$QAV<lambda_69a2805e680e0e292e8ba93315fe43a8>@@AAV<lambda_f03950bc5685219e0bcd2087efbe011e>@@$$QAV<lambda_03fcd07e894ec930e3f35da366ca99d6>@@@Z 10026b10     libucrt:onexit.obj
 0002:00007b30       __sehtable$__query_new_handler 10026b30     libucrt:new_handler.obj
 0002:00007b50       __sehtable$_terminate      10026b50     libucrt:terminate.obj
 0002:00007b70       __sehtable$??$?RV<lambda_15ade71b0218206bbe3333a0c9b79046>@@AAV<lambda_da44e0f8b0f19ba52fefafb335991732>@@V<lambda_207f2d024fc103971653565357d6cd41>@@@?$__crt_seh_guarded_call@X@@QAEX$$QAV<lambda_15ade71b0218206bbe3333a0c9b79046>@@AAV<lambda_da44e0f8b0f19ba52fefafb335991732>@@$$QAV<lambda_207f2d024fc103971653565357d6cd41>@@@Z 10026b70     libucrt:per_thread_data.obj
 0002:00007b90       __sehtable$??$?RV<lambda_a7e850c220f1c8d1e6efeecdedd162c6>@@AAV<lambda_46720907175c18b6c9d2717bc0d2d362>@@V<lambda_9048902d66e8d99359bc9897bbb930a8>@@@?$__crt_seh_guarded_call@X@@QAEX$$QAV<lambda_a7e850c220f1c8d1e6efeecdedd162c6>@@AAV<lambda_46720907175c18b6c9d2717bc0d2d362>@@$$QAV<lambda_9048902d66e8d99359bc9897bbb930a8>@@@Z 10026b90     libucrt:per_thread_data.obj
 0002:00007bb0       __sehtable$??$?RV<lambda_38edbb1296d33220d7e4dd0ed76b244a>@@AAV<lambda_5ce1d447e08cb34b2473517608e21441>@@V<lambda_fb385d3da700c9147fc39e65dd577a8c>@@@?$__crt_seh_guarded_call@X@@QAEX$$QAV<lambda_38edbb1296d33220d7e4dd0ed76b244a>@@AAV<lambda_5ce1d447e08cb34b2473517608e21441>@@$$QAV<lambda_fb385d3da700c9147fc39e65dd577a8c>@@@Z 10026bb0     libucrt:per_thread_data.obj
 0002:00007bd0       __sehtable$??$?RV<lambda_6affb1475c98b40b75cdec977db92e3c>@@AAV<lambda_b8d4b9c228a6ecc3f80208dbb4b4a104>@@V<lambda_608742c3c92a14382c1684fc64f96c88>@@@?$__crt_seh_guarded_call@X@@QAEX$$QAV<lambda_6affb1475c98b40b75cdec977db92e3c>@@AAV<lambda_b8d4b9c228a6ecc3f80208dbb4b4a104>@@$$QAV<lambda_608742c3c92a14382c1684fc64f96c88>@@@Z 10026bd0     libucrt:per_thread_data.obj
 0002:00007bf0       __sehtable$??$?RV<lambda_e5124f882df8998aaf41531e079ba474>@@AAV<lambda_3e16ef9562a7dcce91392c22ab16ea36>@@V<lambda_e25ca0880e6ef98be67edffd8c599615>@@@?$__crt_seh_guarded_call@X@@QAEX$$QAV<lambda_e5124f882df8998aaf41531e079ba474>@@AAV<lambda_3e16ef9562a7dcce91392c22ab16ea36>@@$$QAV<lambda_e25ca0880e6ef98be67edffd8c599615>@@@Z 10026bf0     libucrt:wsetlocale.obj
 0002:00007c10       __sehtable$___acrt_initialize_lowio 10026c10     libucrt:ioinit.obj
 0002:00007c30       __sehtable$?update_thread_multibyte_data_internal@@YAPAU__crt_multibyte_data@@QAU__acrt_ptd@@QAU1@@Z 10026c30     libucrt:mbctype.obj
 0002:00007c50       __sehtable$??$?RV<lambda_ceb1ee4838e85a9d631eb091e2fbe199>@@AAV<lambda_ae742caa10f662c28703da3d2ea5e57e>@@V<lambda_cd08b5d6af4937fe54fc07d0c9bf6b37>@@@?$__crt_seh_guarded_call@X@@QAEX$$QAV<lambda_ceb1ee4838e85a9d631eb091e2fbe199>@@AAV<lambda_ae742caa10f662c28703da3d2ea5e57e>@@$$QAV<lambda_cd08b5d6af4937fe54fc07d0c9bf6b37>@@@Z 10026c50     libucrt:mbctype.obj
 0002:00007c70       __sehtable$_raise          10026c70     libucrt:signal.obj
 0002:00007c90       __sehtable$??$?RV<lambda_cbab9ec6f41b0180b23cc171c22676b0>@@AAV<lambda_44731a7d0e6d81c3e6aa82d741081786>@@V<lambda_4b292cb8dd18144e164572427af410ab>@@@?$__crt_seh_guarded_call@P6AXH@Z@@QAEP6AXH@Z$$QAV<lambda_cbab9ec6f41b0180b23cc171c22676b0>@@AAV<lambda_44731a7d0e6d81c3e6aa82d741081786>@@$$QAV<lambda_4b292cb8dd18144e164572427af410ab>@@@Z 10026c90     libucrt:signal.obj
 0002:00007cb0       __sehtable$___acrt_update_thread_locale_data 10026cb0     libucrt:locale_refcounting.obj
 0002:00007cd0       __sehtable$__fcloseall     10026cd0     libucrt:closeall.obj
 0002:00007cf0       __sehtable$??$?RV<lambda_2866be3712abc81a800a822484c830d8>@@AAV<lambda_39ca0ed439415581b5b15c265174cece>@@V<lambda_2b24c74d71094a6cd0cb82e44167d71b>@@@?$__crt_seh_guarded_call@X@@QAEX$$QAV<lambda_2866be3712abc81a800a822484c830d8>@@AAV<lambda_39ca0ed439415581b5b15c265174cece>@@$$QAV<lambda_2b24c74d71094a6cd0cb82e44167d71b>@@@Z 10026cf0     libucrt:fflush.obj
 0002:00007d10       __sehtable$??$?RV<lambda_2cc53f568c5a2bb6f192f930a45d44ea>@@AAV<lambda_ab61a845afdef5b7c387490eaf3616ee>@@V<lambda_c2ffc0b7726aa6be21d5f0026187e748>@@@?$__crt_seh_guarded_call@X@@QAEX$$QAV<lambda_2cc53f568c5a2bb6f192f930a45d44ea>@@AAV<lambda_ab61a845afdef5b7c387490eaf3616ee>@@$$QAV<lambda_c2ffc0b7726aa6be21d5f0026187e748>@@@Z 10026d10     libucrt:fflush.obj
 0002:00007d30       __sehtable$___acrt_lowio_ensure_fh_exists 10026d30     libucrt:osfinfo.obj
 0002:00007d50       __sehtable$__write         10026d50     libucrt:write.obj
 0002:00007d70       __sehtable$_fclose         10026d70     libucrt:fclose.obj
 0002:00007d90       __sehtable$??$?RV<lambda_9e9de3de5fa147e2223d7db92bc10aa6>@@AAV<lambda_38ce7e780aa69e748d6df282ebc68efe>@@V<lambda_8ca6da459f0f6780f1cff60fdc3d00e5>@@@?$__crt_seh_guarded_call@H@@QAEH$$QAV<lambda_9e9de3de5fa147e2223d7db92bc10aa6>@@AAV<lambda_38ce7e780aa69e748d6df282ebc68efe>@@$$QAV<lambda_8ca6da459f0f6780f1cff60fdc3d00e5>@@@Z 10026d90     libucrt:commit.obj
 0002:00007db0       __sehtable$??$?RV<lambda_218ce3db14220d0be481dae8ef3383b6>@@AAV<lambda_628dfdc04ba53c8bfc02c9951375f3f5>@@V<lambda_57dc472bd5c9d5f3b2cbca59b8a843ae>@@@?$__crt_seh_guarded_call@H@@QAEH$$QAV<lambda_218ce3db14220d0be481dae8ef3383b6>@@AAV<lambda_628dfdc04ba53c8bfc02c9951375f3f5>@@$$QAV<lambda_57dc472bd5c9d5f3b2cbca59b8a843ae>@@@Z 10026db0     libucrt:close.obj
 0002:00007dd0       __sehtable$__IsNonwritableInCurrentImage 10026dd0     LIBCMT:pesect.obj
 0002:00007e00       .edata                     10026e00     OPOSPINPad.exp
 0002:00007e28       rgpv                       10026e28     OPOSPINPad.exp
 0002:00007e38       rgszName                   10026e38     OPOSPINPad.exp
 0002:00007e48       rgwOrd                     10026e48     OPOSPINPad.exp
 0002:00007e50       szName                     10026e50     OPOSPINPad.exp
 0002:00007e5f       $N00001                    10026e5f     OPOSPINPad.exp
 0002:00007e6f       $N00002                    10026e6f     OPOSPINPad.exp
 0002:00007e81       $N00003                    10026e81     OPOSPINPad.exp
 0002:00007e93       $N00004                    10026e93     OPOSPINPad.exp
 0002:000084ac       .idata$6                   100274ac     kernel32:KERNEL32.dll
 0002:000086c0       .idata$6                   100276c0     user32:USER32.dll
 0002:000087f4       .idata$6                   100277f4     gdi32:GDI32.dll
 0002:0000889a       .idata$6                   1002789a     advapi32:ADVAPI32.dll
 0002:000089b6       .idata$6                   100279b6     ole32:ole32.dll
 0002:000089c0       .idata$6                   100279c0     oleaut32:OLEAUT32.dll
 0003:00000110       ?ObjectMap@@3PAU_ATL_OBJMAP_ENTRY30@ATL@@A 10028110     PINPad.obj
 0003:000001b0       ?s_SOMethodNames@@3PAPADA  100281b0     PINPadImpl.obj
 0003:0000021c       ?s_RequiredMethodsPerRelease@@3PAHA 1002821c     PINPadImpl.obj
 0003:00000260       ?__vcrt_flsindex@@3KA      10028260     libvcruntime:per_thread_data.obj
 0003:00000280       ?errno_no_memory@@3HA      10028280     libucrt:errno.obj
 0003:00000284       ?doserrno_no_memory@@3KA   10028284     libucrt:errno.obj
 0003:00000290       ?__acrt_flsindex@@3KA      10028290     libucrt:per_thread_data.obj
 0003:00000408       __mbctypes                 10028408     libucrt:mbctype.obj
 0003:00000510       __mbcasemaps               10028510     libucrt:mbctype.obj
 0003:00000610       ?__rgctypeflag@@3PADA      10028610     libucrt:mbctype.obj
 0003:00000618       ?__rgcode_page_info@@3PAUcode_page_info@@A 10028618     libucrt:mbctype.obj
 0003:00000b20       ?is_initialized_as_dll@@3_NA 10028b20     LIBCMT:utility.obj
 0003:00000b21       ?module_local_atexit_table_initialized@@3_NA 10028b21     LIBCMT:utility.obj
 0003:00000b24       ?module_local_atexit_table@@3U_onexit_table_t@@A 10028b24     LIBCMT:utility.obj
 0003:00000b30       ?module_local_at_quick_exit_table@@3U_onexit_table_t@@A 10028b30     LIBCMT:utility.obj
 0003:00000b3c       ?_Tss_mutex@@3U_RTL_CRITICAL_SECTION@@A 10028b3c     LIBCMT:thread_safe_statics.obj
 0003:00000b54       ?_Tss_cv@@3U_RTL_CONDITION_VARIABLE@@A 10028b54     LIBCMT:thread_safe_statics.obj
 0003:00000b58       ?_Tss_event@@3PAXA         10028b58     LIBCMT:thread_safe_statics.obj
 0003:00000b5c       ?encoded_sleep_condition_variable_cs@@3P6GHPAU_RTL_CONDITION_VARIABLE@@PAU_RTL_CRITICAL_SECTION@@K@ZA 10028b5c     LIBCMT:thread_safe_statics.obj
 0003:00000b60       ?encoded_wake_all_condition_variable@@3P6GXPAU_RTL_CONDITION_VARIABLE@@@ZA 10028b60     LIBCMT:thread_safe_statics.obj
 0003:00000b68       _GS_ExceptionRecord        10028b68     LIBCMT:gs_report.obj
 0003:00000bb8       _GS_ContextRecord          10028bb8     LIBCMT:gs_report.obj
 0003:00000e88       ?__proc_attached@@3HA      10028e88     LIBCMT:dll_dllmain.obj
 0003:00000ee4       ?AllocateData@@3P6GPAUAtlThunkData_t@@XZA 10028ee4     atls:atlthunk.obj
 0003:00000ee8       ?InitData@@3P6GXPAUAtlThunkData_t@@PAXI@ZA 10028ee8     atls:atlthunk.obj
 0003:00000eec       ?DataToCode@@3P6GP6GJPAUHWND__@@IIJ@ZPAUAtlThunkData_t@@@ZA 10028eec     atls:atlthunk.obj
 0003:00000ef0       ?FreeData@@3P6GXPAUAtlThunkData_t@@@ZA 10028ef0     atls:atlthunk.obj
 0003:00000ef4       ?Initialized@@3_NA         10028ef4     atls:atlthunk.obj
 0003:00000f00       ?__vcrt_startup_thread_ptd@@3U__vcrt_ptd@@A 10028f00     libvcruntime:per_thread_data.obj
 0003:00000f28       ___vcrt_lock_table         10028f28     libvcruntime:locks.obj
 0003:00000f40       ___vcrt_locks_initialized  10028f40     libvcruntime:locks.obj
 0003:00000f44       ?module_handles@@3PAPAUHINSTANCE__@@A 10028f44     libvcruntime:winapi_downlevel.obj
 0003:00000f50       ?encoded_function_pointers@@3PAPAXA 10028f50     libvcruntime:winapi_downlevel.obj
 0003:00000f8c       ?heap@@3V_HeapManager@@A   10028f8c     libvcruntime:undname.obj
 0003:00000fa4       ?__acrt_invalid_parameter_handler@@3V?$dual_state_global@P6AXPB_W00II@Z@__crt_state_management@@A 10028fa4     libucrt:invalid_parameter.obj
 0003:00000fa8       ?c_termination_complete@@3JA 10028fa8     libucrt:exit.obj
 0003:00000fac       ?thread_local_exit_callback_func@@3P6GXPAXK0@ZA 10028fac     libucrt:exit.obj
 0003:00000fb8       ?program_name@?1???$common_configure_argv@D@@YAHW4_crt_argv_mode@@@Z@4PADA 10028fb8     libucrt:argv_parsing.obj
 0003:000010e8       ?__acrt_new_handler@@3V?$dual_state_global@P6AHI@Z@__crt_state_management@@A 100290e8     libucrt:new_handler.obj
 0003:000010f0       ?module_handles@@3PAPAUHINSTANCE__@@A 100290f0     libucrt:winapi_thunks.obj
 0003:00001140       ?encoded_function_pointers@@3PAPAXA 10029140     libucrt:winapi_thunks.obj
 0003:000011d0       ?enable_percent_n@@3IA     100291d0     libucrt:printf_count_output.obj
 0003:000013f0       ?__acrt_lock_table@@3PAU_RTL_CRITICAL_SECTION@@A 100293f0     libucrt:locks.obj
 0003:00001540       ?__acrt_locks_initialized@@3IA 10029540     libucrt:locks.obj
 0003:00001550       ?fSystemSet@@3HA           10029550     libucrt:mbctype.obj
 0003:00001554       ?initialized@?1??__acrt_initialize_multibyte@@9@4_NA 10029554     libucrt:mbctype.obj
 0003:00001574       ?ctrlc_action@@3V?$dual_state_global@P6AXH@Z@__crt_state_management@@A 10029574     libucrt:signal.obj
 0003:00001578       ?ctrlbreak_action@@3V?$dual_state_global@P6AXH@Z@__crt_state_management@@A 10029578     libucrt:signal.obj
 0003:0000157c       ?abort_action@@3V?$dual_state_global@P6AXH@Z@__crt_state_management@@A 1002957c     libucrt:signal.obj
 0003:00001580       ?term_action@@3V?$dual_state_global@P6AXH@Z@__crt_state_management@@A 10029580     libucrt:signal.obj
 0003:00001584       ?user_matherr@@3V?$dual_state_global@P6AHPAU_exception@@@Z@__crt_state_management@@A 10029584     libucrt:matherr.obj
 0003:00001588       ?__acrt_global_new_mode@@3V?$dual_state_global@J@__crt_state_management@@A 10029588     libucrt:new_mode.obj
 0003:00001594       ?__acrt_app_type@@3W4_crt_app_type@@A 10029594     libucrt:report_runtime_error.obj
 0003:0000159c       __pmatherr_set             1002959c     libucrt:libm_error.obj
 0004:00000220       $R000000                   1002a220     PINPad.res
 0004:00000b78       $R000958                   1002ab78     PINPad.res
 0004:00000c60       $R000A40                   1002ac60     PINPad.res
 0004:00000ec8       $R000CA8                   1002aec8     PINPad.res
 0004:000013d0       $R0011B0                   1002b3d0     PINPad.res
 0004:00004ba0       $R004980                   1002eba0     PINPad.res
 0004:00004bd0       $R0049B0                   1002ebd0     PINPad.res
