 OPOSRemoteOrderDisplay

 Timestamp is 5d429f85 (Thu Aug  1 17:15:01 2019)

 Preferred load address is 10000000

 Start         Length     Name                   Class
 0001:00000000 00000080H .text$di                CODE
 0001:00000080 0001e0c3H .text$mn                CODE
 0001:0001e143 00000036H .text$x                 CODE
 0001:0001e179 00000042H .text$yd                CODE
 0002:00000000 000002fcH .idata$5                DATA
 0002:000002fc 00000004H .00cfg                  DATA
 0002:00000300 00000004H .CRT$XCA                DATA
 0002:00000304 00000004H .CRT$XCL                DATA
 0002:00000308 00000010H .CRT$XCU                DATA
 0002:00000318 00000004H .CRT$XCZ                DATA
 0002:0000031c 00000004H .CRT$XIA                DATA
 0002:00000320 00000010H .CRT$XIC                DATA
 0002:00000330 00000004H .CRT$XIZ                DATA
 0002:00000334 00000004H .CRT$XLA                DATA
 0002:00000338 00000004H .CRT$XLZ                DATA
 0002:0000033c 00000004H .CRT$XPA                DATA
 0002:00000340 00000008H .CRT$XPX                DATA
 0002:00000348 00000004H .CRT$XPXA               DATA
 0002:0000034c 00000004H .CRT$XPZ                DATA
 0002:00000350 00000004H .CRT$XTA                DATA
 0002:00000354 0000000cH .CRT$XTZ                DATA
 0002:00000358 00000000H .gfids$y                DATA
 0002:00000360 00006f6cH .rdata                  DATA
 0002:000072cc 00000018H .rdata$T                DATA
 0002:000072e4 0000017cH .rdata$r                DATA
 0002:00007460 0000001cH .rdata$sxdata           DATA
 0002:0000747c 000003e8H .rdata$zzzdbg           DATA
 0002:00007864 00000004H .rtc$IAA                DATA
 0002:00007868 00000004H .rtc$IZZ                DATA
 0002:0000786c 00000004H .rtc$TAA                DATA
 0002:00007870 00000004H .rtc$TZZ                DATA
 0002:00007874 00000004H .tls                    DATA
 0002:00007878 00000004H .tls$                   DATA
 0002:0000787c 00000004H .tls$ZZZ                DATA
 0002:00007880 00000604H .xdata$x                DATA
 0002:00007e84 00000004H ATL$__a                 DATA
 0002:00007e88 00000008H ATL$__z                 DATA
 0002:00007e90 000000b4H .edata                  DATA
 0002:00007f44 00000078H .idata$2                DATA
 0002:00007fbc 00000014H .idata$3                DATA
 0002:00007fd0 000002fcH .idata$4                DATA
 0002:000082cc 00000bc8H .idata$6                DATA
 0003:00000000 00000ae0H .data                   DATA
 0003:00000ae0 00000098H .data$r                 DATA
 0003:00000b78 00000b80H .bss                    DATA
 0004:00000000 00000220H .rsrc$01                DATA
 0004:00000220 00005630H .rsrc$02                DATA

  Address         Publics by Value              Rva+Base       Lib:Object

 0000:00000000       ___guard_fids_count        00000000     <absolute>
 0000:00000000       ___guard_longjmp_table     00000000     <absolute>
 0000:00000000       ___hybrid_code_map_count   00000000     <absolute>
 0000:00000000       ___dynamic_value_reloc_table 00000000     <absolute>
 0000:00000000       ___guard_longjmp_count     00000000     <absolute>
 0000:00000000       __except_list              00000000     <absolute>
 0000:00000000       ___guard_fids_table        00000000     <absolute>
 0000:00000000       ___guard_iat_count         00000000     <absolute>
 0000:00000000       ___hybrid_auxiliary_iat    00000000     <absolute>
 0000:00000000       ___guard_iat_table         00000000     <absolute>
 0000:00000000       ___volatile_metadata       00000000     <absolute>
 0000:00000000       ___enclave_config          00000000     <absolute>
 0000:00000000       ___AbsoluteZero            00000000     <absolute>
 0000:00000000       ___hybrid_code_map         00000000     <absolute>
 0000:00000007       ___safe_se_handler_count   00000007     <absolute>
 0000:0000002c       __tls_array                0000002c     <absolute>
 0000:00000100       ___guard_flags             00000100     <absolute>
 0000:00000000       ___ImageBase               10000000     <linker-defined>
 0001:00000080       ?DupWide@_CW@@AAEXXZ       10001080 f   CWString.obj
 0001:0000009c       ?cw_dup@@YGXPBDAAHAAPA_W1@Z 1000109c f   CWString.obj
 0001:0000010b       ?cw_memcpy@@YGHPA_WPBDH@Z  1000110b f   CWString.obj
 0001:00000137       ?cw_strcpy@@YAHPA_WPBD@Z   10001137 f   CWString.obj
 0001:0000014a       ?cw_strlen@@YAHPBD@Z       1000114a f   CWString.obj
 0001:00000163       ??0CAtlComModule@ATL@@QAE@XZ 10001163 f i OposVariant.obj
 0001:000001a8       ??0CAtlWinModule@ATL@@QAE@XZ 100011a8 f i OposVariant.obj
 0001:000001df       ??0OposDispParms@@QAE@PAVOposVariant@@H@Z 100011df f   OposVariant.obj
 0001:00000250       ??1OposDispParms@@QAE@XZ   10001250 f   OposVariant.obj
 0001:0000025e       ??A?$CSimpleArray@GV?$CSimpleArrayEqualHelper@G@ATL@@@ATL@@QAEAAGH@Z 1000125e f i OposVariant.obj
 0001:00000283       ??_Estringdispid@CComTypeInfoHolder@ATL@@QAEPAXI@Z 10001283 f i OposVariant.obj
 0001:000002ef       ?AtlWinModuleInit@ATL@@YGJPAU_ATL_WIN_MODULE70@1@@Z 100012ef f i OposVariant.obj
 0001:00000315       ?AtlWinModuleTerm@ATL@@YGJPAU_ATL_WIN_MODULE70@1@PAUHINSTANCE__@@@Z 10001315 f i OposVariant.obj
 0001:00000378       ?ChangeBSTR@OposVariant@@QAEXPAPA_WAAJ@Z 10001378 f   OposVariant.obj
 0001:000003b9       ?ChangeLONG@OposVariant@@QAEXPAJAAJ@Z 100013b9 f   OposVariant.obj
 0001:000003fa       ?GetLONG@OposVariant@@QAEJXZ 100013fa f   OposVariant.obj
 0001:00000415       ?Init@CComCriticalSection@ATL@@QAEJXZ 10001415 f i OposVariant.obj
 0001:0000043d       ?RemoveAll@?$CSimpleArray@PAUHINSTANCE__@@V?$CSimpleArrayEqualHelper@PAUHINSTANCE__@@@ATL@@@ATL@@QAEXXZ 1000143d f i atls:atlbase.obj
 0001:0000043d       ?RemoveAll@?$CSimpleArray@GV?$CSimpleArrayEqualHelper@G@ATL@@@ATL@@QAEXXZ 1000143d f i OposVariant.obj
 0001:0000045a       ?SetBSTR@OposVariant@@QAEXPA_WAAJ@Z 1000145a f   OposVariant.obj
 0001:0000048e       ?SetBSTR_Copy@OposVariant@@QAEXPA_WAAJ@Z 1000148e f   OposVariant.obj
 0001:000004de       ?SetBSTR_InOutPtr@OposVariant@@QAE_NPAPA_WAAJ@Z 100014de f   OposVariant.obj
 0001:00000515       ?SetDispatch_Ptr@OposVariant@@QAEXPAUIDispatch@@AAJ@Z 10001515 f   OposVariant.obj
 0001:00000550       ?SetLONG@OposVariant@@QAEXJ@Z 10001550 f   OposVariant.obj
 0001:00000572       ?SetLONG_Ptr@OposVariant@@QAEXPAJAAJ@Z 10001572 f   OposVariant.obj
 0001:000005a5       ?SetString@OposVariant@@QAEXPB_WAAJ@Z 100015a5 f   OposVariant.obj
 0001:000005eb       ?SetVARIANT_BOOL@OposVariant@@QAEXF@Z 100015eb f   OposVariant.obj
 0001:00000615       ?Term@CAtlComModule@ATL@@QAEXXZ 10001615 f i OposVariant.obj
 0001:0000065f       ?_AtlRaiseException@ATL@@YAXKK@Z 1000165f f i OposVariant.obj
 0001:00000674       ?AddRef@?$CComObjectCached@VCComClassFactory@ATL@@@ATL@@UAGKXZ 10001674 f i RemoteOrderDisplay.obj
 0001:0000069b       ?Release@?$CComObjectCached@VCComClassFactory@ATL@@@ATL@@UAGKXZ 1000169b f i RemoteOrderDisplay.obj
 0001:000006d1       ?QueryInterface@?$CComObjectCached@VCComClassFactory@ATL@@@ATL@@UAGJABU_GUID@@PAPAX@Z 100016d1 f i RemoteOrderDisplay.obj
 0001:000006eb       ??_G?$CComObjectCached@VCComClassFactory@ATL@@@ATL@@UAEPAXI@Z 100016eb f i RemoteOrderDisplay.obj
 0001:000006eb       ??_E?$CComObjectCached@VCComClassFactory@ATL@@@ATL@@UAEPAXI@Z 100016eb f i RemoteOrderDisplay.obj
 0001:0000070d       ?AddRef@?$CComAggObject@VCOPOSRemoteOrderDisplay@@@ATL@@UAGKXZ 1000170d f i RemoteOrderDisplay.obj
 0001:0000071e       ?Release@?$CComAggObject@VCOPOSRemoteOrderDisplay@@@ATL@@UAGKXZ 1000171e f i RemoteOrderDisplay.obj
 0001:0000075a       ?QueryInterface@?$CComAggObject@VCOPOSRemoteOrderDisplay@@@ATL@@UAGJABU_GUID@@PAPAX@Z 1000175a f i RemoteOrderDisplay.obj
 0001:000007a9       ?AddRef@?$CComContainedObject@VCOPOSRemoteOrderDisplay@@@ATL@@UAGKXZ 100017a9 f i RemoteOrderDisplay.obj
 0001:000007bf       ?Release@?$CComContainedObject@VCOPOSRemoteOrderDisplay@@@ATL@@UAGKXZ 100017bf f i RemoteOrderDisplay.obj
 0001:000007d5       ?QueryInterface@?$CComContainedObject@VCOPOSRemoteOrderDisplay@@@ATL@@UAGJABU_GUID@@PAPAX@Z 100017d5 f i RemoteOrderDisplay.obj
 0001:000007f0       ??_G?$CComAggObject@VCOPOSRemoteOrderDisplay@@@ATL@@UAEPAXI@Z 100017f0 f i RemoteOrderDisplay.obj
 0001:000007f0       ??_E?$CComAggObject@VCOPOSRemoteOrderDisplay@@@ATL@@UAEPAXI@Z 100017f0 f i RemoteOrderDisplay.obj
 0001:00000815       ?AddRef@?$CComObject@VCOPOSRemoteOrderDisplay@@@ATL@@UAGKXZ 10001815 f i RemoteOrderDisplay.obj
 0001:0000082c       ?Release@?$CComObject@VCOPOSRemoteOrderDisplay@@@ATL@@UAGKXZ 1000182c f i RemoteOrderDisplay.obj
 0001:0000086e       ?QueryInterface@?$CComObject@VCOPOSRemoteOrderDisplay@@@ATL@@UAGJABU_GUID@@PAPAX@Z 1000186e f i RemoteOrderDisplay.obj
 0001:00000888       ?Lock@CAtlModule@ATL@@UAEJXZ 10001888 f i RemoteOrderDisplay.obj
 0001:00000892       ?Unlock@CAtlModule@ATL@@UAEJXZ 10001892 f i RemoteOrderDisplay.obj
 0001:0000089c       ?GetLockCount@CAtlModule@ATL@@UAEJXZ 1000189c f i RemoteOrderDisplay.obj
 0001:000008a0       ?GetGITPtr@CAtlModule@ATL@@UAEJPAPAUIGlobalInterfaceTable@@@Z 100018a0 f i RemoteOrderDisplay.obj
 0001:000008ec       ?AddCommonRGSReplacements@?$CAtlModuleT@VCComModule@ATL@@@ATL@@UAEJPAUIRegistrarBase@@@Z 100018ec f i RemoteOrderDisplay.obj
 0001:00000906       ?UpdateRegistryFromResourceD@CComModule@ATL@@UAGJPB_WHPAU_ATL_REGMAP_ENTRY@2@@Z 10001906 f i RemoteOrderDisplay.obj
 0001:00000906       ?UpdateRegistryFromResourceD@CComModule@ATL@@UAGJIHPAU_ATL_REGMAP_ENTRY@2@@Z 10001906 f i RemoteOrderDisplay.obj
 0001:0000090e       ?UpdateRegistryFromResource@CComModule@ATL@@UAGJPB_WHPAU_ATL_REGMAP_ENTRY@2@@Z 1000190e f i RemoteOrderDisplay.obj
 0001:00000917       ?UpdateRegistryFromResource@CComModule@ATL@@UAGJIHPAU_ATL_REGMAP_ENTRY@2@@Z 10001917 f i RemoteOrderDisplay.obj
 0001:00000920       ??_GCComModule@ATL@@UAEPAXI@Z 10001920 f i RemoteOrderDisplay.obj
 0001:00000920       ??_ECComModule@ATL@@UAEPAXI@Z 10001920 f i RemoteOrderDisplay.obj
 0001:00000948       ?OnDrawAdvanced@CComControlBase@ATL@@UAEJAAUATL_DRAWINFO@@@Z 10001948 f i RemoteOrderDisplay.obj
 0001:00000a37       ?Next@?$CComEnumImpl@UIEnumConnections@@$1?_GUID_b196b287_bab4_101a_b69c_00aa00341d07@@3U__s_GUID@@BUtagCONNECTDATA@@V?$_Copy@UtagCONNECTDATA@@@ATL@@@ATL@@UAGJKPAUtagCONNECTDATA@@PAK@Z 10001a37 f i RemoteOrderDisplay.obj
 0001:00000b0e       ?Skip@?$CComEnumImpl@UIEnumConnections@@$1?_GUID_b196b287_bab4_101a_b69c_00aa00341d07@@3U__s_GUID@@BUtagCONNECTDATA@@V?$_Copy@UtagCONNECTDATA@@@ATL@@@ATL@@UAGJK@Z 10001b0e f i RemoteOrderDisplay.obj
 0001:00000b3b       ?Reset@?$CComEnumImpl@UIEnumConnectionPoints@@$1?_GUID_b196b285_bab4_101a_b69c_00aa00341d07@@3U__s_GUID@@BPAUIConnectionPoint@@V?$_CopyInterface@UIConnectionPoint@@@ATL@@@ATL@@UAGJXZ 10001b3b f i RemoteOrderDisplay.obj
 0001:00000b3b       ?Reset@?$CComEnumImpl@UIEnumConnections@@$1?_GUID_b196b287_bab4_101a_b69c_00aa00341d07@@3U__s_GUID@@BUtagCONNECTDATA@@V?$_Copy@UtagCONNECTDATA@@@ATL@@@ATL@@UAGJXZ 10001b3b f i RemoteOrderDisplay.obj
 0001:00000b4d       ?Clone@?$CComEnumImpl@UIEnumConnections@@$1?_GUID_b196b287_bab4_101a_b69c_00aa00341d07@@3U__s_GUID@@BUtagCONNECTDATA@@V?$_Copy@UtagCONNECTDATA@@@ATL@@@ATL@@UAGJPAPAUIEnumConnections@@@Z 10001b4d f i RemoteOrderDisplay.obj
 0001:00000c2e       ?GetClipboardData@?$IOleObjectImpl@VCOPOSRemoteOrderDisplay@@@ATL@@UAGJKPAPAUIDataObject@@@Z 10001c2e f i RemoteOrderDisplay.obj
 0001:00000c2e       ?GetDataHere@?$IDataObjectImpl@VCOPOSRemoteOrderDisplay@@@ATL@@UAGJPAUtagFORMATETC@@PAUtagSTGMEDIUM@@@Z 10001c2e f i RemoteOrderDisplay.obj
 0001:00000c2e       ?GetCanonicalFormatEtc@?$IDataObjectImpl@VCOPOSRemoteOrderDisplay@@@ATL@@UAGJPAUtagFORMATETC@@0@Z 10001c2e f i RemoteOrderDisplay.obj
 0001:00000c2e       ?QueryInterface@CRegObject@ATL@@UAGJABU_GUID@@PAPAX@Z 10001c2e f i RemoteOrderDisplay.obj
 0001:00000c2e       ?SetMoniker@?$IOleObjectImpl@VCOPOSRemoteOrderDisplay@@@ATL@@UAGJKPAUIMoniker@@@Z 10001c2e f i RemoteOrderDisplay.obj
 0001:00000c2e       ?GetRect@?$IViewObjectExImpl@VCOPOSRemoteOrderDisplay@@@ATL@@UAGJKPAU_RECTL@@@Z 10001c2e f i RemoteOrderDisplay.obj
 0001:00000c2e       ?EnumFormatEtc@?$IDataObjectImpl@VCOPOSRemoteOrderDisplay@@@ATL@@UAGJKPAPAUIEnumFORMATETC@@@Z 10001c2e f i RemoteOrderDisplay.obj
 0001:00000c36       ?AddRef@CRegObject@ATL@@UAGKXZ 10001c36 f i RemoteOrderDisplay.obj
 0001:00000c3c       ?IsUpToDate@?$IOleObjectImpl@VCOPOSRemoteOrderDisplay@@@ATL@@UAGJXZ 10001c3c f i RemoteOrderDisplay.obj
 0001:00000c3c       ?HandsOffStorage@?$IPersistStorageImpl@VCOPOSRemoteOrderDisplay@@@ATL@@UAGJXZ 10001c3c f i RemoteOrderDisplay.obj
 0001:00000c3c       ?Update@?$IOleObjectImpl@VCOPOSRemoteOrderDisplay@@@ATL@@UAGJXZ 10001c3c f i RemoteOrderDisplay.obj
 0001:00000c3c       ?Release@CRegObject@ATL@@UAGKXZ 10001c3c f i RemoteOrderDisplay.obj
 0001:00000c41       ?AddReplacement@CRegObject@ATL@@UAGJPB_W0@Z 10001c41 f i RemoteOrderDisplay.obj
 0001:00000c7a       ?ClearReplacements@CRegObject@ATL@@UAGJXZ 10001c7a f i RemoteOrderDisplay.obj
 0001:00000c8c       ?AddRef@?$CComObject@V?$CComEnum@UIEnumConnectionPoints@@$1?_GUID_b196b285_bab4_101a_b69c_00aa00341d07@@3U__s_GUID@@BPAUIConnectionPoint@@V?$_CopyInterface@UIConnectionPoint@@@ATL@@VCComSingleThreadModel@6@@ATL@@@ATL@@UAGKXZ 10001c8c f i RemoteOrderDisplay.obj
 0001:00000c8c       ?AddRef@?$CComObject@V?$CComEnum@UIEnumConnections@@$1?_GUID_b196b287_bab4_101a_b69c_00aa00341d07@@3U__s_GUID@@BUtagCONNECTDATA@@V?$_Copy@UtagCONNECTDATA@@@ATL@@VCComSingleThreadModel@6@@ATL@@@ATL@@UAGKXZ 10001c8c f i RemoteOrderDisplay.obj
 0001:00000c9d       ?Release@?$CComObject@V?$CComEnum@UIEnumConnectionPoints@@$1?_GUID_b196b285_bab4_101a_b69c_00aa00341d07@@3U__s_GUID@@BPAUIConnectionPoint@@V?$_CopyInterface@UIConnectionPoint@@@ATL@@VCComSingleThreadModel@6@@ATL@@@ATL@@UAGKXZ 10001c9d f i RemoteOrderDisplay.obj
 0001:00000c9d       ?Release@?$CComObject@V?$CComEnum@UIEnumConnections@@$1?_GUID_b196b287_bab4_101a_b69c_00aa00341d07@@3U__s_GUID@@BUtagCONNECTDATA@@V?$_Copy@UtagCONNECTDATA@@@ATL@@VCComSingleThreadModel@6@@ATL@@@ATL@@UAGKXZ 10001c9d f i RemoteOrderDisplay.obj
 0001:00000cd9       ?QueryInterface@?$CComObject@V?$CComEnum@UIEnumConnections@@$1?_GUID_b196b287_bab4_101a_b69c_00aa00341d07@@3U__s_GUID@@BUtagCONNECTDATA@@V?$_Copy@UtagCONNECTDATA@@@ATL@@VCComSingleThreadModel@6@@ATL@@@ATL@@UAGJABU_GUID@@PAPAX@Z 10001cd9 f i RemoteOrderDisplay.obj
 0001:00000cf3       ??_G?$CComObject@V?$CComEnum@UIEnumConnections@@$1?_GUID_b196b287_bab4_101a_b69c_00aa00341d07@@3U__s_GUID@@BUtagCONNECTDATA@@V?$_Copy@UtagCONNECTDATA@@@ATL@@VCComSingleThreadModel@6@@ATL@@@ATL@@UAEPAXI@Z 10001cf3 f i RemoteOrderDisplay.obj
 0001:00000cf3       ??_E?$CComObject@V?$CComEnum@UIEnumConnections@@$1?_GUID_b196b287_bab4_101a_b69c_00aa00341d07@@3U__s_GUID@@BUtagCONNECTDATA@@V?$_Copy@UtagCONNECTDATA@@@ATL@@VCComSingleThreadModel@6@@ATL@@@ATL@@UAEPAXI@Z 10001cf3 f i RemoteOrderDisplay.obj
 0001:00000d15       ??_GCRegObject@ATL@@UAEPAXI@Z 10001d15 f i RemoteOrderDisplay.obj
 0001:00000d15       ??_ECRegObject@ATL@@UAEPAXI@Z 10001d15 f i RemoteOrderDisplay.obj
 0001:00000d37       ??_E?$CComObject@VCOPOSRemoteOrderDisplay@@@ATL@@W3AEPAXI@Z 10001d37 f i RemoteOrderDisplay.obj
 0001:00000d3f       ??_E?$CComObject@VCOPOSRemoteOrderDisplay@@@ATL@@WEM@AEPAXI@Z 10001d3f f i RemoteOrderDisplay.obj
 0001:00000d47       ?QueryInterface@?$CComObject@VCOPOSRemoteOrderDisplay@@@ATL@@WHA@AGJABU_GUID@@PAPAX@Z 10001d47 f i RemoteOrderDisplay.obj
 0001:00000d51       ?AddRef@?$CComObject@VCOPOSRemoteOrderDisplay@@@ATL@@WHA@AGKXZ 10001d51 f i RemoteOrderDisplay.obj
 0001:00000d5b       ?Release@?$CComObject@VCOPOSRemoteOrderDisplay@@@ATL@@WHA@AGKXZ 10001d5b f i RemoteOrderDisplay.obj
 0001:00000d65       ?QueryInterface@?$CComObject@VCOPOSRemoteOrderDisplay@@@ATL@@WHE@AGJABU_GUID@@PAPAX@Z 10001d65 f i RemoteOrderDisplay.obj
 0001:00000d6f       ?AddRef@?$CComObject@VCOPOSRemoteOrderDisplay@@@ATL@@WHE@AGKXZ 10001d6f f i RemoteOrderDisplay.obj
 0001:00000d79       ?Release@?$CComObject@VCOPOSRemoteOrderDisplay@@@ATL@@WHE@AGKXZ 10001d79 f i RemoteOrderDisplay.obj
 0001:00000d83       ?QueryInterface@?$CComObject@VCOPOSRemoteOrderDisplay@@@ATL@@WHI@AGJABU_GUID@@PAPAX@Z 10001d83 f i RemoteOrderDisplay.obj
 0001:00000d8d       ?AddRef@?$CComObject@VCOPOSRemoteOrderDisplay@@@ATL@@WHI@AGKXZ 10001d8d f i RemoteOrderDisplay.obj
 0001:00000d97       ?Release@?$CComObject@VCOPOSRemoteOrderDisplay@@@ATL@@WHI@AGKXZ 10001d97 f i RemoteOrderDisplay.obj
 0001:00000da1       ?QueryInterface@?$CComObject@VCOPOSRemoteOrderDisplay@@@ATL@@WHM@AGJABU_GUID@@PAPAX@Z 10001da1 f i RemoteOrderDisplay.obj
 0001:00000dab       ?AddRef@?$CComObject@VCOPOSRemoteOrderDisplay@@@ATL@@WHM@AGKXZ 10001dab f i RemoteOrderDisplay.obj
 0001:00000db5       ?Release@?$CComObject@VCOPOSRemoteOrderDisplay@@@ATL@@WHM@AGKXZ 10001db5 f i RemoteOrderDisplay.obj
 0001:00000dbf       ?QueryInterface@?$CComObject@VCOPOSRemoteOrderDisplay@@@ATL@@WIA@AGJABU_GUID@@PAPAX@Z 10001dbf f i RemoteOrderDisplay.obj
 0001:00000dcc       ?AddRef@?$CComObject@VCOPOSRemoteOrderDisplay@@@ATL@@WIA@AGKXZ 10001dcc f i RemoteOrderDisplay.obj
 0001:00000dd9       ?Release@?$CComObject@VCOPOSRemoteOrderDisplay@@@ATL@@WIA@AGKXZ 10001dd9 f i RemoteOrderDisplay.obj
 0001:00000de6       ?QueryInterface@?$CComObject@VCOPOSRemoteOrderDisplay@@@ATL@@WIE@AGJABU_GUID@@PAPAX@Z 10001de6 f i RemoteOrderDisplay.obj
 0001:00000df3       ?AddRef@?$CComObject@VCOPOSRemoteOrderDisplay@@@ATL@@WIE@AGKXZ 10001df3 f i RemoteOrderDisplay.obj
 0001:00000e00       ?Release@?$CComObject@VCOPOSRemoteOrderDisplay@@@ATL@@WIE@AGKXZ 10001e00 f i RemoteOrderDisplay.obj
 0001:00000e0d       ?QueryInterface@?$CComObject@VCOPOSRemoteOrderDisplay@@@ATL@@WII@AGJABU_GUID@@PAPAX@Z 10001e0d f i RemoteOrderDisplay.obj
 0001:00000e1a       ?AddRef@?$CComObject@VCOPOSRemoteOrderDisplay@@@ATL@@WII@AGKXZ 10001e1a f i RemoteOrderDisplay.obj
 0001:00000e27       ?Release@?$CComObject@VCOPOSRemoteOrderDisplay@@@ATL@@WII@AGKXZ 10001e27 f i RemoteOrderDisplay.obj
 0001:00000e34       ?QueryInterface@?$CComObject@VCOPOSRemoteOrderDisplay@@@ATL@@WIM@AGJABU_GUID@@PAPAX@Z 10001e34 f i RemoteOrderDisplay.obj
 0001:00000e41       ?AddRef@?$CComObject@VCOPOSRemoteOrderDisplay@@@ATL@@WIM@AGKXZ 10001e41 f i RemoteOrderDisplay.obj
 0001:00000e4e       ?Release@?$CComObject@VCOPOSRemoteOrderDisplay@@@ATL@@WIM@AGKXZ 10001e4e f i RemoteOrderDisplay.obj
 0001:00000e5b       ?QueryInterface@?$CComObject@VCOPOSRemoteOrderDisplay@@@ATL@@WJA@AGJABU_GUID@@PAPAX@Z 10001e5b f i RemoteOrderDisplay.obj
 0001:00000e68       ?AddRef@?$CComObject@VCOPOSRemoteOrderDisplay@@@ATL@@WJA@AGKXZ 10001e68 f i RemoteOrderDisplay.obj
 0001:00000e75       ?Release@?$CComObject@VCOPOSRemoteOrderDisplay@@@ATL@@WJA@AGKXZ 10001e75 f i RemoteOrderDisplay.obj
 0001:00000e82       ?QueryInterface@?$CComObject@VCOPOSRemoteOrderDisplay@@@ATL@@WJE@AGJABU_GUID@@PAPAX@Z 10001e82 f i RemoteOrderDisplay.obj
 0001:00000e8f       ?AddRef@?$CComObject@VCOPOSRemoteOrderDisplay@@@ATL@@WJE@AGKXZ 10001e8f f i RemoteOrderDisplay.obj
 0001:00000e9c       ?Release@?$CComObject@VCOPOSRemoteOrderDisplay@@@ATL@@WJE@AGKXZ 10001e9c f i RemoteOrderDisplay.obj
 0001:00000ea9       ?QueryInterface@?$CComObject@VCOPOSRemoteOrderDisplay@@@ATL@@WJI@AGJABU_GUID@@PAPAX@Z 10001ea9 f i RemoteOrderDisplay.obj
 0001:00000eb6       ?AddRef@?$CComObject@VCOPOSRemoteOrderDisplay@@@ATL@@WJI@AGKXZ 10001eb6 f i RemoteOrderDisplay.obj
 0001:00000ec3       ?Release@?$CComObject@VCOPOSRemoteOrderDisplay@@@ATL@@WJI@AGKXZ 10001ec3 f i RemoteOrderDisplay.obj
 0001:00000ed0       ?QueryInterface@?$CComObject@VCOPOSRemoteOrderDisplay@@@ATL@@WJM@AGJABU_GUID@@PAPAX@Z 10001ed0 f i RemoteOrderDisplay.obj
 0001:00000edd       ?AddRef@?$CComObject@VCOPOSRemoteOrderDisplay@@@ATL@@WJM@AGKXZ 10001edd f i RemoteOrderDisplay.obj
 0001:00000eea       ?Release@?$CComObject@VCOPOSRemoteOrderDisplay@@@ATL@@WJM@AGKXZ 10001eea f i RemoteOrderDisplay.obj
 0001:00000ef7       ?QueryInterface@?$CComObject@VCOPOSRemoteOrderDisplay@@@ATL@@WKA@AGJABU_GUID@@PAPAX@Z 10001ef7 f i RemoteOrderDisplay.obj
 0001:00000f04       ?AddRef@?$CComObject@VCOPOSRemoteOrderDisplay@@@ATL@@WKA@AGKXZ 10001f04 f i RemoteOrderDisplay.obj
 0001:00000f11       ?Release@?$CComObject@VCOPOSRemoteOrderDisplay@@@ATL@@WKA@AGKXZ 10001f11 f i RemoteOrderDisplay.obj
 0001:00000f1e       ?AddRef@?$CComObject@VCOPOSRemoteOrderDisplay@@@ATL@@WKI@AGKXZ 10001f1e f i RemoteOrderDisplay.obj
 0001:00000f2b       ?Release@?$CComObject@VCOPOSRemoteOrderDisplay@@@ATL@@WKI@AGKXZ 10001f2b f i RemoteOrderDisplay.obj
 0001:00000f38       ?AddRef@?$CComObject@VCOPOSRemoteOrderDisplay@@@ATL@@WLE@AGKXZ 10001f38 f i RemoteOrderDisplay.obj
 0001:00000f45       ?Release@?$CComObject@VCOPOSRemoteOrderDisplay@@@ATL@@WLE@AGKXZ 10001f45 f i RemoteOrderDisplay.obj
 0001:00000f52       ??_E?$CComContainedObject@VCOPOSRemoteOrderDisplay@@@ATL@@W3AEPAXI@Z 10001f52 f i RemoteOrderDisplay.obj
 0001:00000f5a       ??_E?$CComContainedObject@VCOPOSRemoteOrderDisplay@@@ATL@@WEM@AEPAXI@Z 10001f5a f i RemoteOrderDisplay.obj
 0001:00000f62       ?QueryInterface@?$CComContainedObject@VCOPOSRemoteOrderDisplay@@@ATL@@WHA@AGJABU_GUID@@PAPAX@Z 10001f62 f i RemoteOrderDisplay.obj
 0001:00000f6c       ?AddRef@?$CComContainedObject@VCOPOSRemoteOrderDisplay@@@ATL@@WHA@AGKXZ 10001f6c f i RemoteOrderDisplay.obj
 0001:00000f76       ?Release@?$CComContainedObject@VCOPOSRemoteOrderDisplay@@@ATL@@WHA@AGKXZ 10001f76 f i RemoteOrderDisplay.obj
 0001:00000f80       ?QueryInterface@?$CComContainedObject@VCOPOSRemoteOrderDisplay@@@ATL@@WHE@AGJABU_GUID@@PAPAX@Z 10001f80 f i RemoteOrderDisplay.obj
 0001:00000f8a       ?AddRef@?$CComContainedObject@VCOPOSRemoteOrderDisplay@@@ATL@@WHE@AGKXZ 10001f8a f i RemoteOrderDisplay.obj
 0001:00000f94       ?Release@?$CComContainedObject@VCOPOSRemoteOrderDisplay@@@ATL@@WHE@AGKXZ 10001f94 f i RemoteOrderDisplay.obj
 0001:00000f9e       ?QueryInterface@?$CComContainedObject@VCOPOSRemoteOrderDisplay@@@ATL@@WHI@AGJABU_GUID@@PAPAX@Z 10001f9e f i RemoteOrderDisplay.obj
 0001:00000fa8       ?AddRef@?$CComContainedObject@VCOPOSRemoteOrderDisplay@@@ATL@@WHI@AGKXZ 10001fa8 f i RemoteOrderDisplay.obj
 0001:00000fb2       ?Release@?$CComContainedObject@VCOPOSRemoteOrderDisplay@@@ATL@@WHI@AGKXZ 10001fb2 f i RemoteOrderDisplay.obj
 0001:00000fbc       ?QueryInterface@?$CComContainedObject@VCOPOSRemoteOrderDisplay@@@ATL@@WHM@AGJABU_GUID@@PAPAX@Z 10001fbc f i RemoteOrderDisplay.obj
 0001:00000fc6       ?AddRef@?$CComContainedObject@VCOPOSRemoteOrderDisplay@@@ATL@@WHM@AGKXZ 10001fc6 f i RemoteOrderDisplay.obj
 0001:00000fd0       ?Release@?$CComContainedObject@VCOPOSRemoteOrderDisplay@@@ATL@@WHM@AGKXZ 10001fd0 f i RemoteOrderDisplay.obj
 0001:00000fda       ?QueryInterface@?$CComContainedObject@VCOPOSRemoteOrderDisplay@@@ATL@@WIA@AGJABU_GUID@@PAPAX@Z 10001fda f i RemoteOrderDisplay.obj
 0001:00000fe7       ?AddRef@?$CComContainedObject@VCOPOSRemoteOrderDisplay@@@ATL@@WIA@AGKXZ 10001fe7 f i RemoteOrderDisplay.obj
 0001:00000ff4       ?Release@?$CComContainedObject@VCOPOSRemoteOrderDisplay@@@ATL@@WIA@AGKXZ 10001ff4 f i RemoteOrderDisplay.obj
 0001:00001001       ?QueryInterface@?$CComContainedObject@VCOPOSRemoteOrderDisplay@@@ATL@@WIE@AGJABU_GUID@@PAPAX@Z 10002001 f i RemoteOrderDisplay.obj
 0001:0000100e       ?AddRef@?$CComContainedObject@VCOPOSRemoteOrderDisplay@@@ATL@@WIE@AGKXZ 1000200e f i RemoteOrderDisplay.obj
 0001:0000101b       ?Release@?$CComContainedObject@VCOPOSRemoteOrderDisplay@@@ATL@@WIE@AGKXZ 1000201b f i RemoteOrderDisplay.obj
 0001:00001028       ?QueryInterface@?$CComContainedObject@VCOPOSRemoteOrderDisplay@@@ATL@@WII@AGJABU_GUID@@PAPAX@Z 10002028 f i RemoteOrderDisplay.obj
 0001:00001035       ?AddRef@?$CComContainedObject@VCOPOSRemoteOrderDisplay@@@ATL@@WII@AGKXZ 10002035 f i RemoteOrderDisplay.obj
 0001:00001042       ?Release@?$CComContainedObject@VCOPOSRemoteOrderDisplay@@@ATL@@WII@AGKXZ 10002042 f i RemoteOrderDisplay.obj
 0001:0000104f       ?QueryInterface@?$CComContainedObject@VCOPOSRemoteOrderDisplay@@@ATL@@WIM@AGJABU_GUID@@PAPAX@Z 1000204f f i RemoteOrderDisplay.obj
 0001:0000105c       ?AddRef@?$CComContainedObject@VCOPOSRemoteOrderDisplay@@@ATL@@WIM@AGKXZ 1000205c f i RemoteOrderDisplay.obj
 0001:00001069       ?Release@?$CComContainedObject@VCOPOSRemoteOrderDisplay@@@ATL@@WIM@AGKXZ 10002069 f i RemoteOrderDisplay.obj
 0001:00001076       ?QueryInterface@?$CComContainedObject@VCOPOSRemoteOrderDisplay@@@ATL@@WJA@AGJABU_GUID@@PAPAX@Z 10002076 f i RemoteOrderDisplay.obj
 0001:00001083       ?AddRef@?$CComContainedObject@VCOPOSRemoteOrderDisplay@@@ATL@@WJA@AGKXZ 10002083 f i RemoteOrderDisplay.obj
 0001:00001090       ?Release@?$CComContainedObject@VCOPOSRemoteOrderDisplay@@@ATL@@WJA@AGKXZ 10002090 f i RemoteOrderDisplay.obj
 0001:0000109d       ?QueryInterface@?$CComContainedObject@VCOPOSRemoteOrderDisplay@@@ATL@@WJE@AGJABU_GUID@@PAPAX@Z 1000209d f i RemoteOrderDisplay.obj
 0001:000010aa       ?AddRef@?$CComContainedObject@VCOPOSRemoteOrderDisplay@@@ATL@@WJE@AGKXZ 100020aa f i RemoteOrderDisplay.obj
 0001:000010b7       ?Release@?$CComContainedObject@VCOPOSRemoteOrderDisplay@@@ATL@@WJE@AGKXZ 100020b7 f i RemoteOrderDisplay.obj
 0001:000010c4       ?QueryInterface@?$CComContainedObject@VCOPOSRemoteOrderDisplay@@@ATL@@WJI@AGJABU_GUID@@PAPAX@Z 100020c4 f i RemoteOrderDisplay.obj
 0001:000010d1       ?AddRef@?$CComContainedObject@VCOPOSRemoteOrderDisplay@@@ATL@@WJI@AGKXZ 100020d1 f i RemoteOrderDisplay.obj
 0001:000010de       ?Release@?$CComContainedObject@VCOPOSRemoteOrderDisplay@@@ATL@@WJI@AGKXZ 100020de f i RemoteOrderDisplay.obj
 0001:000010eb       ?QueryInterface@?$CComContainedObject@VCOPOSRemoteOrderDisplay@@@ATL@@WJM@AGJABU_GUID@@PAPAX@Z 100020eb f i RemoteOrderDisplay.obj
 0001:000010f8       ?AddRef@?$CComContainedObject@VCOPOSRemoteOrderDisplay@@@ATL@@WJM@AGKXZ 100020f8 f i RemoteOrderDisplay.obj
 0001:00001105       ?Release@?$CComContainedObject@VCOPOSRemoteOrderDisplay@@@ATL@@WJM@AGKXZ 10002105 f i RemoteOrderDisplay.obj
 0001:00001112       ?QueryInterface@?$CComContainedObject@VCOPOSRemoteOrderDisplay@@@ATL@@WKA@AGJABU_GUID@@PAPAX@Z 10002112 f i RemoteOrderDisplay.obj
 0001:0000111f       ?AddRef@?$CComContainedObject@VCOPOSRemoteOrderDisplay@@@ATL@@WKA@AGKXZ 1000211f f i RemoteOrderDisplay.obj
 0001:0000112c       ?Release@?$CComContainedObject@VCOPOSRemoteOrderDisplay@@@ATL@@WKA@AGKXZ 1000212c f i RemoteOrderDisplay.obj
 0001:00001139       ?AddRef@?$CComContainedObject@VCOPOSRemoteOrderDisplay@@@ATL@@WKI@AGKXZ 10002139 f i RemoteOrderDisplay.obj
 0001:00001146       ?Release@?$CComContainedObject@VCOPOSRemoteOrderDisplay@@@ATL@@WKI@AGKXZ 10002146 f i RemoteOrderDisplay.obj
 0001:00001153       ?AddRef@?$CComContainedObject@VCOPOSRemoteOrderDisplay@@@ATL@@WLE@AGKXZ 10002153 f i RemoteOrderDisplay.obj
 0001:00001160       ?Release@?$CComContainedObject@VCOPOSRemoteOrderDisplay@@@ATL@@WLE@AGKXZ 10002160 f i RemoteOrderDisplay.obj
 0001:0000116d       ?GetWindowProc@?$CWindowImplBaseT@VCWindow@ATL@@V?$CWinTraits@$0FGAAAAAA@$0A@@2@@ATL@@UAEP6GJPAUHWND__@@IIJ@ZXZ 1000216d f i RemoteOrderDisplay.obj
 0001:00001173       ?StartWindowProc@?$CWindowImplBaseT@VCWindow@ATL@@V?$CWinTraits@$0FGAAAAAA@$0A@@2@@ATL@@SGJPAUHWND__@@IIJ@Z 10002173 f i RemoteOrderDisplay.obj
 0001:000011c7       ?ObjectMain@CComObjectRootBase@ATL@@SGX_N@Z 100021c7 f i RemoteOrderDisplay.obj
 0001:000011c7       ?OnFinalMessage@?$CWindowImplBaseT@VCWindow@ATL@@V?$CWinTraits@$0FGAAAAAA@$0A@@2@@ATL@@UAEXPAUHWND__@@@Z 100021c7 f i RemoteOrderDisplay.obj
 0001:000011ca       ?GetTypeInfoCount@?$IDispatchImpl@UIOPOSRemoteOrderDisplay@@$1?IID_IOPOSRemoteOrderDisplay@@3U_GUID@@B$1?LIBID_OposRemoteOrderDisplay_CCO@@3U3@B$00$0A@VCComTypeInfoHolder@ATL@@@ATL@@UAGJPAI@Z 100021ca f i RemoteOrderDisplay.obj
 0001:000011e7       ?GetTypeInfo@?$IDispatchImpl@UIOPOSRemoteOrderDisplay@@$1?IID_IOPOSRemoteOrderDisplay@@3U_GUID@@B$1?LIBID_OposRemoteOrderDisplay_CCO@@3U3@B$00$0A@VCComTypeInfoHolder@ATL@@@ATL@@UAGJIKPAPAUITypeInfo@@@Z 100021e7 f i RemoteOrderDisplay.obj
 0001:0000120b       ?GetIDsOfNames@?$IDispatchImpl@UIOPOSRemoteOrderDisplay@@$1?IID_IOPOSRemoteOrderDisplay@@3U_GUID@@B$1?LIBID_OposRemoteOrderDisplay_CCO@@3U3@B$00$0A@VCComTypeInfoHolder@ATL@@@ATL@@UAGJABU_GUID@@PAPA_WIKPAJ@Z 1000220b f i RemoteOrderDisplay.obj
 0001:0000122b       ?Invoke@?$IDispatchImpl@UIOPOSRemoteOrderDisplay@@$1?IID_IOPOSRemoteOrderDisplay@@3U_GUID@@B$1?LIBID_OposRemoteOrderDisplay_CCO@@3U3@B$00$0A@VCComTypeInfoHolder@ATL@@@ATL@@UAGJJABU_GUID@@KGPAUtagDISPPARAMS@@PAUtagVARIANT@@PAUtagEXCEPINFO@@PAI@Z 1000222b f i RemoteOrderDisplay.obj
 0001:00001239       ?CreateControlWindow@?$CComControl@VCOPOSRemoteOrderDisplay@@V?$CWindowImpl@VCOPOSRemoteOrderDisplay@@VCWindow@ATL@@V?$CWinTraits@$0FGAAAAAA@$0A@@3@@ATL@@@ATL@@UAEPAUHWND__@@PAU3@AAUtagRECT@@@Z 10002239 f i RemoteOrderDisplay.obj
 0001:00001268       ?ControlQueryInterface@?$CComControl@VCOPOSRemoteOrderDisplay@@V?$CWindowImpl@VCOPOSRemoteOrderDisplay@@VCWindow@ATL@@V?$CWinTraits@$0FGAAAAAA@$0A@@3@@ATL@@@ATL@@UAEJABU_GUID@@PAPAX@Z 10002268 f i RemoteOrderDisplay.obj
 0001:00001283       ?GetClassID@?$IPersistStreamInitImpl@VCOPOSRemoteOrderDisplay@@@ATL@@UAGJPAU_GUID@@@Z 10002283 f i RemoteOrderDisplay.obj
 0001:00001283       ?GetClassID@?$IPersistStorageImpl@VCOPOSRemoteOrderDisplay@@@ATL@@UAGJPAU_GUID@@@Z 10002283 f i RemoteOrderDisplay.obj
 0001:00001283       ?GetUserClassID@?$IOleObjectImpl@VCOPOSRemoteOrderDisplay@@@ATL@@UAGJPAU_GUID@@@Z 10002283 f i RemoteOrderDisplay.obj
 0001:000012a7       ?IsDirty@?$IPersistStreamInitImpl@VCOPOSRemoteOrderDisplay@@@ATL@@UAGJXZ 100022a7 f i RemoteOrderDisplay.obj
 0001:000012c6       ?Load@?$IPersistStreamInitImpl@VCOPOSRemoteOrderDisplay@@@ATL@@UAGJPAUIStream@@@Z 100022c6 f i RemoteOrderDisplay.obj
 0001:000012e5       ?Save@?$IPersistStreamInitImpl@VCOPOSRemoteOrderDisplay@@@ATL@@UAGJPAUIStream@@H@Z 100022e5 f i RemoteOrderDisplay.obj
 0001:00001307       ?GetSizeMax@?$IPersistStreamInitImpl@VCOPOSRemoteOrderDisplay@@@ATL@@UAGJPAT_ULARGE_INTEGER@@@Z 10002307 f i RemoteOrderDisplay.obj
 0001:000014bc       ?InitNew@?$IPersistStreamInitImpl@VCOPOSRemoteOrderDisplay@@@ATL@@UAGJXZ 100024bc f i RemoteOrderDisplay.obj
 0001:000014d9       ?QueryGetData@?$IDataObjectImpl@VCOPOSRemoteOrderDisplay@@@ATL@@UAGJPAUtagFORMATETC@@@Z 100024d9 f i RemoteOrderDisplay.obj
 0001:000014d9       ?OnMnemonic@?$IOleControlImpl@VCOPOSRemoteOrderDisplay@@@ATL@@UAGJPAUtagMSG@@@Z 100024d9 f i RemoteOrderDisplay.obj
 0001:000014d9       ?GetDropTarget@?$IOleInPlaceObjectWindowlessImpl@VCOPOSRemoteOrderDisplay@@@ATL@@UAGJPAPAUIDropTarget@@@Z 100024d9 f i RemoteOrderDisplay.obj
 0001:000014d9       ?SetColorScheme@?$IOleObjectImpl@VCOPOSRemoteOrderDisplay@@@ATL@@UAGJPAUtagLOGPALETTE@@@Z 100024d9 f i RemoteOrderDisplay.obj
 0001:000014d9       ?Unfreeze@?$IViewObjectExImpl@VCOPOSRemoteOrderDisplay@@@ATL@@UAGJK@Z 100024d9 f i RemoteOrderDisplay.obj
 0001:000014d9       ?ContextSensitiveHelp@?$IOleInPlaceActiveObjectImpl@VCOPOSRemoteOrderDisplay@@@ATL@@UAGJH@Z 100024d9 f i RemoteOrderDisplay.obj
 0001:000014d9       ?ContextSensitiveHelp@?$IOleInPlaceObjectWindowlessImpl@VCOPOSRemoteOrderDisplay@@@ATL@@UAGJH@Z 100024d9 f i RemoteOrderDisplay.obj
 0001:000014d9       ?GetControlInfo@?$IOleControlImpl@VCOPOSRemoteOrderDisplay@@@ATL@@UAGJPAUtagCONTROLINFO@@@Z 100024d9 f i RemoteOrderDisplay.obj
 0001:000014e1       ?OnFrameWindowActivate@?$IOleInPlaceActiveObjectImpl@VCOPOSRemoteOrderDisplay@@@ATL@@UAGJH@Z 100024e1 f i RemoteOrderDisplay.obj
 0001:000014e1       ?SaveCompleted@?$IPersistStorageImpl@VCOPOSRemoteOrderDisplay@@@ATL@@UAGJPAUIStorage@@@Z 100024e1 f i RemoteOrderDisplay.obj
 0001:000014e1       ?OnAmbientPropertyChange@?$IOleControlImpl@VCOPOSRemoteOrderDisplay@@@ATL@@UAGJJ@Z 100024e1 f i RemoteOrderDisplay.obj
 0001:000014e1       ?EnableModeless@?$IOleInPlaceActiveObjectImpl@VCOPOSRemoteOrderDisplay@@@ATL@@UAGJH@Z 100024e1 f i RemoteOrderDisplay.obj
 0001:000014e6       ?SetClientSite@?$IOleObjectImpl@VCOPOSRemoteOrderDisplay@@@ATL@@UAGJPAUIOleClientSite@@@Z 100024e6 f i RemoteOrderDisplay.obj
 0001:00001503       ?GetClientSite@?$IOleObjectImpl@VCOPOSRemoteOrderDisplay@@@ATL@@UAGJPAPAUIOleClientSite@@@Z 10002503 f i RemoteOrderDisplay.obj
 0001:00001520       ?SetHostNames@?$IOleObjectImpl@VCOPOSRemoteOrderDisplay@@@ATL@@UAGJPB_W0@Z 10002520 f i RemoteOrderDisplay.obj
 0001:00001525       ?Close@?$IOleObjectImpl@VCOPOSRemoteOrderDisplay@@@ATL@@UAGJK@Z 10002525 f i RemoteOrderDisplay.obj
 0001:00001542       ?GetMoniker@?$IOleObjectImpl@VCOPOSRemoteOrderDisplay@@@ATL@@UAGJKKPAPAUIMoniker@@@Z 10002542 f i RemoteOrderDisplay.obj
 0001:00001542       ?InitFromData@?$IOleObjectImpl@VCOPOSRemoteOrderDisplay@@@ATL@@UAGJPAUIDataObject@@HK@Z 10002542 f i RemoteOrderDisplay.obj
 0001:00001542       ?SetData@?$IDataObjectImpl@VCOPOSRemoteOrderDisplay@@@ATL@@UAGJPAUtagFORMATETC@@PAUtagSTGMEDIUM@@H@Z 10002542 f i RemoteOrderDisplay.obj
 0001:0000154a       ?DoVerb@?$IOleObjectImpl@VCOPOSRemoteOrderDisplay@@@ATL@@UAGJJPAUtagMSG@@PAUIOleClientSite@@JPAUHWND__@@PBUtagRECT@@@Z 1000254a f i RemoteOrderDisplay.obj
 0001:00001662       ?EnumVerbs@?$IOleObjectImpl@VCOPOSRemoteOrderDisplay@@@ATL@@UAGJPAPAUIEnumOLEVERB@@@Z 10002662 f i RemoteOrderDisplay.obj
 0001:00001684       ?GetUserType@?$IOleObjectImpl@VCOPOSRemoteOrderDisplay@@@ATL@@UAGJKPAPA_W@Z 10002684 f i RemoteOrderDisplay.obj
 0001:0000169c       ?SetExtent@?$IOleObjectImpl@VCOPOSRemoteOrderDisplay@@@ATL@@UAGJKPAUtagSIZE@@@Z 1000269c f i RemoteOrderDisplay.obj
 0001:000016bc       ?GetExtent@?$IOleObjectImpl@VCOPOSRemoteOrderDisplay@@@ATL@@UAGJKPAUtagSIZE@@@Z 100026bc f i RemoteOrderDisplay.obj
 0001:000016fa       ?Advise@?$IOleObjectImpl@VCOPOSRemoteOrderDisplay@@@ATL@@UAGJPAUIAdviseSink@@PAK@Z 100026fa f i RemoteOrderDisplay.obj
 0001:0000171a       ?Unadvise@?$IOleObjectImpl@VCOPOSRemoteOrderDisplay@@@ATL@@UAGJK@Z 1000271a f i RemoteOrderDisplay.obj
 0001:00001749       ?EnumAdvise@?$IOleObjectImpl@VCOPOSRemoteOrderDisplay@@@ATL@@UAGJPAPAUIEnumSTATDATA@@@Z 10002749 f i RemoteOrderDisplay.obj
 0001:00001789       ?GetMiscStatus@?$IOleObjectImpl@VCOPOSRemoteOrderDisplay@@@ATL@@UAGJKPAK@Z 10002789 f i RemoteOrderDisplay.obj
 0001:000017a1       ?GetWindow@?$IOleInPlaceActiveObjectImpl@VCOPOSRemoteOrderDisplay@@@ATL@@UAGJPAPAUHWND__@@@Z 100027a1 f i RemoteOrderDisplay.obj
 0001:000017ee       ?TranslateAcceleratorW@?$IOleInPlaceActiveObjectImpl@VCOPOSRemoteOrderDisplay@@@ATL@@UAGJPAUtagMSG@@@Z 100027ee f i RemoteOrderDisplay.obj
 0001:0000188c       ?OnDocWindowActivate@?$IOleInPlaceActiveObjectImpl@VCOPOSRemoteOrderDisplay@@@ATL@@UAGJH@Z 1000288c f i RemoteOrderDisplay.obj
 0001:000018ae       ?ResizeBorder@?$IOleInPlaceActiveObjectImpl@VCOPOSRemoteOrderDisplay@@@ATL@@UAGJPBUtagRECT@@PAUIOleInPlaceUIWindow@@H@Z 100028ae f i RemoteOrderDisplay.obj
 0001:000018b3       ?Draw@?$IViewObjectExImpl@VCOPOSRemoteOrderDisplay@@@ATL@@UAGJKJPAXPAUtagDVTARGETDEVICE@@PAUHDC__@@2PBU_RECTL@@3P6GHK@ZK@Z 100028b3 f i RemoteOrderDisplay.obj
 0001:000018e5       ?GetColorSet@?$IViewObjectExImpl@VCOPOSRemoteOrderDisplay@@@ATL@@UAGJKJPAXPAUtagDVTARGETDEVICE@@PAUHDC__@@PAPAUtagLOGPALETTE@@@Z 100028e5 f i RemoteOrderDisplay.obj
 0001:000018ed       ?Freeze@?$IViewObjectExImpl@VCOPOSRemoteOrderDisplay@@@ATL@@UAGJKJPAXPAK@Z 100028ed f i RemoteOrderDisplay.obj
 0001:000018f5       ?SetAdvise@?$IViewObjectExImpl@VCOPOSRemoteOrderDisplay@@@ATL@@UAGJKKPAUIAdviseSink@@@Z 100028f5 f i RemoteOrderDisplay.obj
 0001:00001914       ?GetAdvise@?$IViewObjectExImpl@VCOPOSRemoteOrderDisplay@@@ATL@@UAGJPAK0PAPAUIAdviseSink@@@Z 10002914 f i RemoteOrderDisplay.obj
 0001:00001949       ?GetExtent@?$IViewObjectExImpl@VCOPOSRemoteOrderDisplay@@@ATL@@UAGJKJPAUtagDVTARGETDEVICE@@PAUtagSIZE@@@Z 10002949 f i RemoteOrderDisplay.obj
 0001:0000197a       ?GetViewStatus@?$IViewObjectExImpl@VCOPOSRemoteOrderDisplay@@@ATL@@UAGJPAK@Z 1000297a f i RemoteOrderDisplay.obj
 0001:00001997       ?QueryHitPoint@?$IViewObjectExImpl@VCOPOSRemoteOrderDisplay@@@ATL@@UAGJKPBUtagRECT@@UtagPOINT@@JPAK@Z 10002997 f i RemoteOrderDisplay.obj
 0001:000019d8       ?QueryHitRect@?$IViewObjectExImpl@VCOPOSRemoteOrderDisplay@@@ATL@@UAGJKPBUtagRECT@@0JPAK@Z 100029d8 f i RemoteOrderDisplay.obj
 0001:00001a33       ?GetNaturalExtent@?$IViewObjectExImpl@VCOPOSRemoteOrderDisplay@@@ATL@@UAGJKJPAUtagDVTARGETDEVICE@@PAUHDC__@@PAUtagExtentInfo@@PAUtagSIZE@@@Z 10002a33 f i RemoteOrderDisplay.obj
 0001:00001a7e       ?GetWindow@?$IOleInPlaceObjectWindowlessImpl@VCOPOSRemoteOrderDisplay@@@ATL@@UAGJPAPAUHWND__@@@Z 10002a7e f i RemoteOrderDisplay.obj
 0001:00001acb       ?InPlaceDeactivate@?$IOleInPlaceObjectWindowlessImpl@VCOPOSRemoteOrderDisplay@@@ATL@@UAGJXZ 10002acb f i RemoteOrderDisplay.obj
 0001:00001ae5       ?UIDeactivate@?$IOleInPlaceObjectWindowlessImpl@VCOPOSRemoteOrderDisplay@@@ATL@@UAGJXZ 10002ae5 f i RemoteOrderDisplay.obj
 0001:00001aff       ?SetObjectRects@?$IOleInPlaceObjectWindowlessImpl@VCOPOSRemoteOrderDisplay@@@ATL@@UAGJPBUtagRECT@@0@Z 10002aff f i RemoteOrderDisplay.obj
 0001:00001b1f       ?ReactivateAndUndo@?$IOleInPlaceObjectWindowlessImpl@VCOPOSRemoteOrderDisplay@@@ATL@@UAGJXZ 10002b1f f i RemoteOrderDisplay.obj
 0001:00001b27       ?OnWindowMessage@?$IOleInPlaceObjectWindowlessImpl@VCOPOSRemoteOrderDisplay@@@ATL@@UAGJIIJPAJ@Z 10002b27 f i RemoteOrderDisplay.obj
 0001:00001b97       ?EnumConnectionPoints@?$IConnectionPointContainerImpl@VCOPOSRemoteOrderDisplay@@@ATL@@UAGJPAPAUIEnumConnectionPoints@@@Z 10002b97 f i RemoteOrderDisplay.obj
 0001:00001d11       ?FindConnectionPoint@?$IConnectionPointContainerImpl@VCOPOSRemoteOrderDisplay@@@ATL@@UAGJABU_GUID@@PAPAUIConnectionPoint@@@Z 10002d11 f i RemoteOrderDisplay.obj
 0001:00001db4       ?IsDirty@?$IPersistStorageImpl@VCOPOSRemoteOrderDisplay@@@ATL@@UAGJXZ 10002db4 f i RemoteOrderDisplay.obj
 0001:00001de8       ?InitNew@?$IPersistStorageImpl@VCOPOSRemoteOrderDisplay@@@ATL@@UAGJPAUIStorage@@@Z 10002de8 f i RemoteOrderDisplay.obj
 0001:00001e1c       ?Load@?$IPersistStorageImpl@VCOPOSRemoteOrderDisplay@@@ATL@@UAGJPAUIStorage@@@Z 10002e1c f i RemoteOrderDisplay.obj
 0001:00001e88       ?Save@?$IPersistStorageImpl@VCOPOSRemoteOrderDisplay@@@ATL@@UAGJPAUIStorage@@H@Z 10002e88 f i RemoteOrderDisplay.obj
 0001:00001efb       ?GetPages@?$ISpecifyPropertyPagesImpl@VCOPOSRemoteOrderDisplay@@@ATL@@UAGJPAUtagCAUUID@@@Z 10002efb f i RemoteOrderDisplay.obj
 0001:00001f12       ?QuickActivate@?$IQuickActivateImpl@VCOPOSRemoteOrderDisplay@@@ATL@@UAGJPAUtagQACONTAINER@@PAUtagQACONTROL@@@Z 10002f12 f i RemoteOrderDisplay.obj
 0001:00001f35       ?SetContentExtent@?$IQuickActivateImpl@VCOPOSRemoteOrderDisplay@@@ATL@@UAGJPAUtagSIZE@@@Z 10002f35 f i RemoteOrderDisplay.obj
 0001:00001f61       ?GetContentExtent@?$IQuickActivateImpl@VCOPOSRemoteOrderDisplay@@@ATL@@UAGJPAUtagSIZE@@@Z 10002f61 f i RemoteOrderDisplay.obj
 0001:00001f81       ?GetData@?$IDataObjectImpl@VCOPOSRemoteOrderDisplay@@@ATL@@UAGJPAUtagFORMATETC@@PAUtagSTGMEDIUM@@@Z 10002f81 f i RemoteOrderDisplay.obj
 0001:00001fa4       ?DAdvise@?$IDataObjectImpl@VCOPOSRemoteOrderDisplay@@@ATL@@UAGJPAUtagFORMATETC@@KPAUIAdviseSink@@PAK@Z 10002fa4 f i RemoteOrderDisplay.obj
 0001:00001fe5       ?DUnadvise@?$IDataObjectImpl@VCOPOSRemoteOrderDisplay@@@ATL@@UAGJK@Z 10002fe5 f i RemoteOrderDisplay.obj
 0001:00002013       ?EnumDAdvise@?$IDataObjectImpl@VCOPOSRemoteOrderDisplay@@@ATL@@UAGJPAPAUIEnumSTATDATA@@@Z 10003013 f i RemoteOrderDisplay.obj
 0001:00002052       ?GetClassInfoW@?$IProvideClassInfo2Impl@$1?CLSID_OPOSRemoteOrderDisplay@@3U_GUID@@B$1?DIID__IOPOSRemoteOrderDisplayEvents@@3U2@B$1?LIBID_OposRemoteOrderDisplay_CCO@@3U2@B$00$0A@VCComTypeInfoHolder@ATL@@@ATL@@UAGJPAPAUITypeInfo@@@Z 10003052 f i RemoteOrderDisplay.obj
 0001:00002068       ?GetGUID@?$IProvideClassInfo2Impl@$1?CLSID_OPOSRemoteOrderDisplay@@3U_GUID@@B$1?DIID__IOPOSRemoteOrderDisplayEvents@@3U2@B$1?LIBID_OposRemoteOrderDisplay_CCO@@3U2@B$00$0A@VCComTypeInfoHolder@ATL@@@ATL@@UAGJKPAU_GUID@@@Z 10003068 f i RemoteOrderDisplay.obj
 0001:000020a6       __get_startup_argv_mode    100030a6 f i LIBCMT:argv_mode.obj
 0001:000020a6       ?FAccessAllowed@?$IObjectSafetyImpl@VCOPOSRemoteOrderDisplay@@$02@ATL@@MAEHXZ 100030a6 f i RemoteOrderDisplay.obj
 0001:000020aa       ?GetInterfaceSafetyOptions@?$IObjectSafetyImpl@VCOPOSRemoteOrderDisplay@@$02@ATL@@UAGJABU_GUID@@PAK1@Z 100030aa f i RemoteOrderDisplay.obj
 0001:0000211e       ?SetInterfaceSafetyOptions@?$IObjectSafetyImpl@VCOPOSRemoteOrderDisplay@@$02@ATL@@UAGJABU_GUID@@KK@Z 1000311e f i RemoteOrderDisplay.obj
 0001:00002198       ?_LocCPQueryInterface@?$IConnectionPointImpl@VCOPOSRemoteOrderDisplay@@$1?DIID__IOPOSRemoteOrderDisplayEvents@@3U_GUID@@BVCComDynamicUnkArray@ATL@@@ATL@@UAGJABU_GUID@@PAPAX@Z 10003198 f i RemoteOrderDisplay.obj
 0001:00002198       ?_LocCPQueryInterface@?$IConnectionPointImpl@VCOPOSRemoteOrderDisplay@@$1?IID_IPropertyNotifySink@@3U_GUID@@BVCComDynamicUnkArray@ATL@@@ATL@@UAGJABU_GUID@@PAPAX@Z 10003198 f i RemoteOrderDisplay.obj
 0001:000021e5       ?GetConnectionInterface@?$IConnectionPointImpl@VCOPOSRemoteOrderDisplay@@$1?IID_IPropertyNotifySink@@3U_GUID@@BVCComDynamicUnkArray@ATL@@@ATL@@UAGJPAU_GUID@@@Z 100031e5 f i RemoteOrderDisplay.obj
 0001:00002209       ?GetConnectionPointContainer@?$IConnectionPointImpl@VCOPOSRemoteOrderDisplay@@$1?IID_IPropertyNotifySink@@3U_GUID@@BVCComDynamicUnkArray@ATL@@@ATL@@UAGJPAPAUIConnectionPointContainer@@@Z 10003209 f i RemoteOrderDisplay.obj
 0001:0000222c       ?Advise@?$IConnectionPointImpl@VCOPOSRemoteOrderDisplay@@$1?DIID__IOPOSRemoteOrderDisplayEvents@@3U_GUID@@BVCComDynamicUnkArray@ATL@@@ATL@@UAGJPAUIUnknown@@PAK@Z 1000322c f i RemoteOrderDisplay.obj
 0001:0000222c       ?Advise@?$IConnectionPointImpl@VCOPOSRemoteOrderDisplay@@$1?IID_IPropertyNotifySink@@3U_GUID@@BVCComDynamicUnkArray@ATL@@@ATL@@UAGJPAUIUnknown@@PAK@Z 1000322c f i RemoteOrderDisplay.obj
 0001:000022cd       ?Unadvise@?$IConnectionPointImpl@VCOPOSRemoteOrderDisplay@@$1?DIID__IOPOSRemoteOrderDisplayEvents@@3U_GUID@@BVCComDynamicUnkArray@ATL@@@ATL@@UAGJK@Z 100032cd f i RemoteOrderDisplay.obj
 0001:000022cd       ?Unadvise@?$IConnectionPointImpl@VCOPOSRemoteOrderDisplay@@$1?IID_IPropertyNotifySink@@3U_GUID@@BVCComDynamicUnkArray@ATL@@@ATL@@UAGJK@Z 100032cd f i RemoteOrderDisplay.obj
 0001:0000230d       ?EnumConnections@?$IConnectionPointImpl@VCOPOSRemoteOrderDisplay@@$1?IID_IPropertyNotifySink@@3U_GUID@@BVCComDynamicUnkArray@ATL@@@ATL@@UAGJPAPAUIEnumConnections@@@Z 1000330d f i RemoteOrderDisplay.obj
 0001:0000230d       ?EnumConnections@?$IConnectionPointImpl@VCOPOSRemoteOrderDisplay@@$1?DIID__IOPOSRemoteOrderDisplayEvents@@3U_GUID@@BVCComDynamicUnkArray@ATL@@@ATL@@UAGJPAPAUIEnumConnections@@@Z 1000330d f i RemoteOrderDisplay.obj
 0001:00002413       ?GetCategoryMap@CComObjectRootBase@ATL@@SAPBU_ATL_CATMAP_ENTRY@2@XZ 10003413 f i RemoteOrderDisplay.obj
 0001:00002413       ?GetObjectDescription@?$CComCoClass@VCOPOSRemoteOrderDisplay@@$1?CLSID_OPOSRemoteOrderDisplay@@3U_GUID@@B@ATL@@SGPB_WXZ 10003413 f i RemoteOrderDisplay.obj
 0001:00002416       ?GetConnectionInterface@?$IConnectionPointImpl@VCOPOSRemoteOrderDisplay@@$1?DIID__IOPOSRemoteOrderDisplayEvents@@3U_GUID@@BVCComDynamicUnkArray@ATL@@@ATL@@UAGJPAU_GUID@@@Z 10003416 f i RemoteOrderDisplay.obj
 0001:0000243a       ?GetConnectionPointContainer@?$IConnectionPointImpl@VCOPOSRemoteOrderDisplay@@$1?DIID__IOPOSRemoteOrderDisplayEvents@@3U_GUID@@BVCComDynamicUnkArray@ATL@@@ATL@@UAGJPAPAUIConnectionPointContainer@@@Z 1000343a f i RemoteOrderDisplay.obj
 0001:0000245d       ?UpdateRegistry@COPOSRemoteOrderDisplay@@SGJH@Z 1000345d f i RemoteOrderDisplay.obj
 0001:00002475       ?ProcessWindowMessage@COPOSRemoteOrderDisplay@@UAEHPAUHWND__@@IIJAAJK@Z 10003475 f i RemoteOrderDisplay.obj
 0001:000024be       ?SOData@COPOSRemoteOrderDisplay@@MAGJJ@Z 100034be f i RemoteOrderDisplay.obj
 0001:000024f7       ?SODirectIO@COPOSRemoteOrderDisplay@@MAGJJPAJPAPA_W@Z 100034f7 f i RemoteOrderDisplay.obj
 0001:00002540       ?SOError@COPOSRemoteOrderDisplay@@MAGJJJJPAJ@Z 10003540 f i RemoteOrderDisplay.obj
 0001:00002595       ?SOOutputComplete@COPOSRemoteOrderDisplay@@MAGJJ@Z 10003595 f i RemoteOrderDisplay.obj
 0001:000025ce       ?SOStatusUpdate@COPOSRemoteOrderDisplay@@MAGJJ@Z 100035ce f i RemoteOrderDisplay.obj
 0001:00002607       ?CreateInstance@?$CComCreator@V?$CComObjectCached@VCComClassFactory@ATL@@@ATL@@@ATL@@SGJPAXABU_GUID@@PAPAX@Z 10003607 f i RemoteOrderDisplay.obj
 0001:0000269a       ?CreateInstance@?$CComCreator2@V?$CComCreator@V?$CComObject@VCOPOSRemoteOrderDisplay@@@ATL@@@ATL@@V?$CComCreator@V?$CComAggObject@VCOPOSRemoteOrderDisplay@@@ATL@@@2@@ATL@@SGJPAXABU_GUID@@PAPAX@Z 1000369a f i RemoteOrderDisplay.obj
 0001:000026ba       ?CreateInstance@CComClassFactory@ATL@@UAGJPAUIUnknown@@ABU_GUID@@PAPAX@Z 100036ba f i RemoteOrderDisplay.obj
 0001:000026f8       ?LockServer@CComClassFactory@ATL@@UAGJH@Z 100036f8 f i RemoteOrderDisplay.obj
 0001:00002717       ??_ECComClassFactory@ATL@@UAEPAXI@Z 10003717 f i RemoteOrderDisplay.obj
 0001:00002717       ??_GCComClassFactory@ATL@@UAEPAXI@Z 10003717 f i RemoteOrderDisplay.obj
 0001:00002742       ?Next@?$CComEnumImpl@UIEnumConnectionPoints@@$1?_GUID_b196b285_bab4_101a_b69c_00aa00341d07@@3U__s_GUID@@BPAUIConnectionPoint@@V?$_CopyInterface@UIConnectionPoint@@@ATL@@@ATL@@UAGJKPAPAUIConnectionPoint@@PAK@Z 10003742 f i RemoteOrderDisplay.obj
 0001:00002819       ?Skip@?$CComEnumImpl@UIEnumConnectionPoints@@$1?_GUID_b196b285_bab4_101a_b69c_00aa00341d07@@3U__s_GUID@@BPAUIConnectionPoint@@V?$_CopyInterface@UIConnectionPoint@@@ATL@@@ATL@@UAGJK@Z 10003819 f i RemoteOrderDisplay.obj
 0001:00002846       ?Clone@?$CComEnumImpl@UIEnumConnectionPoints@@$1?_GUID_b196b285_bab4_101a_b69c_00aa00341d07@@3U__s_GUID@@BPAUIConnectionPoint@@V?$_CopyInterface@UIConnectionPoint@@@ATL@@@ATL@@UAGJPAPAUIEnumConnectionPoints@@@Z 10003846 f i RemoteOrderDisplay.obj
 0001:00002927       ?QueryInterface@?$CComObject@V?$CComEnum@UIEnumConnectionPoints@@$1?_GUID_b196b285_bab4_101a_b69c_00aa00341d07@@3U__s_GUID@@BPAUIConnectionPoint@@V?$_CopyInterface@UIConnectionPoint@@@ATL@@VCComSingleThreadModel@6@@ATL@@@ATL@@UAGJABU_GUID@@PAPAX@Z 10003927 f i RemoteOrderDisplay.obj
 0001:00002941       ??_E?$CComObject@V?$CComEnum@UIEnumConnectionPoints@@$1?_GUID_b196b285_bab4_101a_b69c_00aa00341d07@@3U__s_GUID@@BPAUIConnectionPoint@@V?$_CopyInterface@UIConnectionPoint@@@ATL@@VCComSingleThreadModel@6@@ATL@@@ATL@@UAEPAXI@Z 10003941 f i RemoteOrderDisplay.obj
 0001:00002941       ??_G?$CComObject@V?$CComEnum@UIEnumConnectionPoints@@$1?_GUID_b196b285_bab4_101a_b69c_00aa00341d07@@3U__s_GUID@@BPAUIConnectionPoint@@V?$_CopyInterface@UIConnectionPoint@@@ATL@@VCComSingleThreadModel@6@@ATL@@@ATL@@UAEPAXI@Z 10003941 f i RemoteOrderDisplay.obj
 0001:00002963       ??$?4UITypeInfo2@@@?$CComPtr@UITypeInfo@@@ATL@@QAEPAUITypeInfo@@ABV?$CComPtr@UITypeInfo2@@@1@@Z 10003963 f i RemoteOrderDisplay.obj
 0001:00002990       ??$AtlAdd@K@ATL@@YAJPAKKK@Z 10003990 f i RemoteOrderDisplay.obj
 0001:000029b3       ??$AtlAdd@_K@ATL@@YAJPA_K_K1@Z 100039b3 f i RemoteOrderDisplay.obj
 0001:000029eb       ??$AtlAddThrow@K@ATL@@YAKKK@Z 100039eb f i RemoteOrderDisplay.obj
 0001:00002a11       ??$AtlModuleRegisterWndClassInfoT@VAtlModuleRegisterWndClassInfoParamW@ATL@@@ATL@@YAGPAU_ATL_BASE_MODULE70@0@PAU_ATL_WIN_MODULE70@0@PAU_ATL_WNDCLASSINFOW@0@PAP6GJPAUHWND__@@IIJ@ZVAtlModuleRegisterWndClassInfoParamW@0@@Z 10003a11 f i RemoteOrderDisplay.obj
 0001:00002b5f       ??$AtlMultiply@H@ATL@@YAJPAHHH@Z 10003b5f f i RemoteOrderDisplay.obj
 0001:00002b97       ??$AtlMultiply@K@ATL@@YAJPAKKK@Z 10003b97 f i RemoteOrderDisplay.obj
 0001:00002b97       ??$AtlMultiply@I@ATL@@YAJPAIII@Z 10003b97 f i RemoteOrderDisplay.obj
 0001:00002bb9       ??$AtlMultiplyThrow@I@ATL@@YAIII@Z 10003bb9 f i RemoteOrderDisplay.obj
 0001:00002bdf       ??0?$CComAggObject@VCOPOSRemoteOrderDisplay@@@ATL@@QAE@PAX@Z 10003bdf f i RemoteOrderDisplay.obj
 0001:00002c0c       ??0?$CComContainedObject@VCOPOSRemoteOrderDisplay@@@ATL@@QAE@PAX@Z 10003c0c f i RemoteOrderDisplay.obj
 0001:00002cc5       ??0?$CComObject@V?$CComEnum@UIEnumConnectionPoints@@$1?_GUID_b196b285_bab4_101a_b69c_00aa00341d07@@3U__s_GUID@@BPAUIConnectionPoint@@V?$_CopyInterface@UIConnectionPoint@@@ATL@@VCComSingleThreadModel@6@@ATL@@@ATL@@QAE@PAX@Z 10003cc5 f i RemoteOrderDisplay.obj
 0001:00002cf3       ??0?$CComObject@V?$CComEnum@UIEnumConnections@@$1?_GUID_b196b287_bab4_101a_b69c_00aa00341d07@@3U__s_GUID@@BUtagCONNECTDATA@@V?$_Copy@UtagCONNECTDATA@@@ATL@@VCComSingleThreadModel@6@@ATL@@@ATL@@QAE@PAX@Z 10003cf3 f i RemoteOrderDisplay.obj
 0001:00002d21       ??0?$CComObject@VCOPOSRemoteOrderDisplay@@@ATL@@QAE@PAX@Z 10003d21 f i RemoteOrderDisplay.obj
 0001:00002dd8       ??0?$CComQIPtr@UIOleControlSite@@$1?_GUID_b196b289_bab4_101a_b69c_00aa00341d07@@3U__s_GUID@@B@ATL@@QAE@PAUIUnknown@@@Z 10003dd8 f i RemoteOrderDisplay.obj
 0001:00002e01       ??0CAtlModule@ATL@@QAE@XZ  10003e01 f i RemoteOrderDisplay.obj
 0001:00002e42       ??0CParseBuffer@CRegParser@ATL@@QAE@H@Z 10003e42 f i RemoteOrderDisplay.obj
 0001:00002e78       ??0_ATL_MSG@ATL@@QAE@PAUHWND__@@IIJH@Z 10003e78 f i RemoteOrderDisplay.obj
 0001:00002eb0       ??1?$CComAggObject@VCOPOSRemoteOrderDisplay@@@ATL@@UAE@XZ 10003eb0 f i RemoteOrderDisplay.obj
 0001:00002ed4       ??1?$CComEnumImpl@UIEnumConnectionPoints@@$1?_GUID_b196b285_bab4_101a_b69c_00aa00341d07@@3U__s_GUID@@BPAUIConnectionPoint@@V?$_CopyInterface@UIConnectionPoint@@@ATL@@@ATL@@UAE@XZ 10003ed4 f i RemoteOrderDisplay.obj
 0001:00002f14       ??1?$CComEnumImpl@UIEnumConnections@@$1?_GUID_b196b287_bab4_101a_b69c_00aa00341d07@@3U__s_GUID@@BUtagCONNECTDATA@@V?$_Copy@UtagCONNECTDATA@@@ATL@@@ATL@@UAE@XZ 10003f14 f i RemoteOrderDisplay.obj
 0001:00002f54       ??1?$CComObject@V?$CComEnum@UIEnumConnectionPoints@@$1?_GUID_b196b285_bab4_101a_b69c_00aa00341d07@@3U__s_GUID@@BPAUIConnectionPoint@@V?$_CopyInterface@UIConnectionPoint@@@ATL@@VCComSingleThreadModel@6@@ATL@@@ATL@@UAE@XZ 10003f54 f i RemoteOrderDisplay.obj
 0001:00002f77       ??1?$CComObject@V?$CComEnum@UIEnumConnections@@$1?_GUID_b196b287_bab4_101a_b69c_00aa00341d07@@3U__s_GUID@@BUtagCONNECTDATA@@V?$_Copy@UtagCONNECTDATA@@@ATL@@VCComSingleThreadModel@6@@ATL@@@ATL@@UAE@XZ 10003f77 f i RemoteOrderDisplay.obj
 0001:00002f9a       ??1?$CComObject@VCOPOSRemoteOrderDisplay@@@ATL@@UAE@XZ 10003f9a f i RemoteOrderDisplay.obj
 0001:00003058       ??1?$CComObjectCached@VCComClassFactory@ATL@@@ATL@@UAE@XZ 10004058 f i RemoteOrderDisplay.obj
 0001:0000306e       ??1?$CComObjectRootEx@VCComMultiThreadModel@ATL@@@ATL@@QAE@XZ 1000406e f i RemoteOrderDisplay.obj
 0001:00003083       ??1CRegObject@ATL@@UAE@XZ  10004083 f i RemoteOrderDisplay.obj
 0001:000030a3       ??4?$CComPtr@UIOleClientSite@@@ATL@@QAEPAUIOleClientSite@@PAU2@@Z 100040a3 f i RemoteOrderDisplay.obj
 0001:000030a3       ??4?$CComPtr@UIUnknown@@@ATL@@QAEPAUIUnknown@@PAU2@@Z 100040a3 f i RemoteOrderDisplay.obj
 0001:000030a3       ??4?$CComPtr@UIAdviseSink@@@ATL@@QAEPAUIAdviseSink@@PAU2@@Z 100040a3 f i RemoteOrderDisplay.obj
 0001:000030d7       ??4?$CComQIPtr@UIOleObject@@$1?_GUID_00000112_0000_0000_c000_000000000046@@3U__s_GUID@@B@ATL@@QAEPAUIOleObject@@PAUIUnknown@@@Z 100040d7 f i RemoteOrderDisplay.obj
 0001:000030fc       ??4?$CComQIPtr@UISpecifyPropertyPages@@$1?_GUID_b196b28b_bab4_101a_b69c_00aa00341d07@@3U__s_GUID@@B@ATL@@QAEPAUISpecifyPropertyPages@@PAUIUnknown@@@Z 100040fc f i RemoteOrderDisplay.obj
 0001:00003121       ??_G?$CComContainedObject@VCOPOSRemoteOrderDisplay@@@ATL@@UAEPAXI@Z 10004121 f i RemoteOrderDisplay.obj
 0001:00003121       ??_E?$CComContainedObject@VCOPOSRemoteOrderDisplay@@@ATL@@UAEPAXI@Z 10004121 f i RemoteOrderDisplay.obj
 0001:00003146       ??_G?$CComObject@VCOPOSRemoteOrderDisplay@@@ATL@@UAEPAXI@Z 10004146 f i RemoteOrderDisplay.obj
 0001:00003146       ??_E?$CComObject@VCOPOSRemoteOrderDisplay@@@ATL@@UAEPAXI@Z 10004146 f i RemoteOrderDisplay.obj
 0001:0000316b       ?Add@?$CSimpleArray@GV?$CSimpleArrayEqualHelper@G@ATL@@@ATL@@QAEHABG@Z 1000416b f i RemoteOrderDisplay.obj
 0001:000031ef       ?Add@?$CSimpleMap@PA_WPA_WVCExpansionVectorEqualHelper@ATL@@@ATL@@QAEHABQA_W0@Z 100041ef f i RemoteOrderDisplay.obj
 0001:00003244       ?Add@CComDynamicUnkArray@ATL@@QAEKPAUIUnknown@@@Z 10004244 f i RemoteOrderDisplay.obj
 0001:000032fa       ?Add@CExpansionVector@ATL@@QAEHPB_W0@Z 100042fa f i RemoteOrderDisplay.obj
 0001:000033fe       ?AddString@CParseBuffer@CRegParser@ATL@@QAEHPB_W@Z 100043fe f i RemoteOrderDisplay.obj
 0001:00003433       ?AddValue@CRegParser@ATL@@IAEJAAVCRegKey@2@PB_WPA_W@Z 10004433 f i RemoteOrderDisplay.obj
 0001:00003754       ?Allocate@?$CAtlSafeAllocBufferManager@VCCRTAllocator@ATL@@@_ATL_SAFE_ALLOCA_IMPL@ATL@@QAEPAXK@Z 10004754 f i RemoteOrderDisplay.obj
 0001:00003781       ?Allocate@?$CTempBuffer@E$0BAA@VCCRTAllocator@ATL@@@ATL@@QAEPAEI@Z 10004781 f i RemoteOrderDisplay.obj
 0001:000037b0       ?Allocate@?$CTempBuffer@_W$0BAA@VCCRTAllocator@ATL@@@ATL@@QAEPA_WI@Z 100047b0 f i RemoteOrderDisplay.obj
 0001:000037df       ?Allocate@?$CTempBuffer@_W$0EAA@VCCRTAllocator@ATL@@@ATL@@QAEPA_WI@Z 100047df f i RemoteOrderDisplay.obj
 0001:0000380e       ?AllocateHeap@?$CTempBuffer@_W$0BAA@VCCRTAllocator@ATL@@@ATL@@AAEXI@Z 1000480e f i RemoteOrderDisplay.obj
 0001:0000380e       ?AllocateHeap@?$CTempBuffer@E$0BAA@VCCRTAllocator@ATL@@@ATL@@AAEXI@Z 1000480e f i RemoteOrderDisplay.obj
 0001:0000380e       ?AllocateHeap@?$CTempBuffer@_W$0EAA@VCCRTAllocator@ATL@@@ATL@@AAEXI@Z 1000480e f i RemoteOrderDisplay.obj
 0001:00003833       ?Append@CParseBuffer@CRegParser@ATL@@QAEHPB_WH@Z 10004833 f i RemoteOrderDisplay.obj
 0001:000038c1       ?AtlCallTermFunc@ATL@@YGXPAU_ATL_MODULE70@1@@Z 100048c1 f i RemoteOrderDisplay.obj
 0001:00003905       ?AtlCoTaskMemCAlloc@ATL@@YAPAXKK@Z 10004905 f i RemoteOrderDisplay.obj
 0001:00003932       ?AtlCoTaskMemRecalloc@ATL@@YAPAXPAXKK@Z 10004932 f i RemoteOrderDisplay.obj
 0001:00003962       ?AtlComModuleGetClassObject@ATL@@YGJPAU_ATL_COM_MODULE70@1@ABU_GUID@@1PAPAX@Z 10004962 f i RemoteOrderDisplay.obj
 0001:00003a55       ?AtlComModuleRegisterServer@ATL@@YGJPAU_ATL_COM_MODULE70@1@HPBU_GUID@@@Z 10004a55 f i RemoteOrderDisplay.obj
 0001:00003add       ?AtlComModuleUnregisterServer@ATL@@YGJPAU_ATL_COM_MODULE70@1@HPBU_GUID@@@Z 10004add f i RemoteOrderDisplay.obj
 0001:00003b65       ?AtlComQIPtrAssign2@ATL@@YAXPAPAUIUnknown@@PAU2@ABU_GUID@@@Z 10004b65 f i RemoteOrderDisplay.obj
 0001:00003b94       ?AtlCreateTargetDC@ATL@@YGPAUHDC__@@PAU2@PAUtagDVTARGETDEVICE@@@Z 10004b94 f i RemoteOrderDisplay.obj
 0001:00003bfd       ?AtlCrtErrorCheck@ATL@@YAHH@Z 10004bfd f i RemoteOrderDisplay.obj
 0001:00003c38       ?AtlHiMetricToPixel@ATL@@YGXPBUtagSIZE@@PAU2@@Z 10004c38 f i RemoteOrderDisplay.obj
 0001:00003cad       ?AtlHresultFromLastError@ATL@@YAJXZ 10004cad f i RemoteOrderDisplay.obj
 0001:00003cc4       ?AtlHresultFromWin32@ATL@@YAJK@Z 10004cc4 f i RemoteOrderDisplay.obj
 0001:00003cd9       ?AtlIPersistStreamInit_Load@ATL@@YGJPAUIStream@@PBUATL_PROPMAP_ENTRY@1@PAXPAUIUnknown@@@Z 10004cd9 f i RemoteOrderDisplay.obj
 0001:00003eb9       ?AtlIPersistStreamInit_Save@ATL@@YGJPAUIStream@@HPBUATL_PROPMAP_ENTRY@1@PAXPAUIUnknown@@@Z 10004eb9 f i RemoteOrderDisplay.obj
 0001:00004051       ?AtlInternalOleLoadFromStream@ATL@@YAJPAUIStream@@ABU_GUID@@PAPAXTClassesAllowedInStream@1@K@Z 10005051 f i RemoteOrderDisplay.obj
 0001:00004177       ?AtlInternalQueryInterface@ATL@@YGJPAXPBU_ATL_INTMAP_ENTRY@1@ABU_GUID@@PAPAX@Z 10005177 f i RemoteOrderDisplay.obj
 0001:0000421a       ?AtlLoadTypeLib@ATL@@YGJPAUHINSTANCE__@@PB_WPAPA_WPAPAUITypeLib@@@Z 1000521a f i RemoteOrderDisplay.obj
 0001:000043f8       ?AtlModuleAddTermFunc@ATL@@YGJPAU_ATL_MODULE70@1@P6GXK@ZK@Z 100053f8 f i RemoteOrderDisplay.obj
 0001:00004455       ?AtlRegisterClassCategoriesHelper@ATL@@YGJABU_GUID@@PBU_ATL_CATMAP_ENTRY@1@H@Z 10005455 f i RemoteOrderDisplay.obj
 0001:00004735       ?AtlRegisterTypeLib@ATL@@YGJPAUHINSTANCE__@@PB_W@Z 10005735 f i RemoteOrderDisplay.obj
 0001:000048bd       ?AtlThrowImpl@ATL@@YGXJ@Z  100058bd f i RemoteOrderDisplay.obj
 0001:000048db       ?AtlUnRegisterTypeLib@ATL@@YGJPAUHINSTANCE__@@PB_W@Z 100058db f i RemoteOrderDisplay.obj
 0001:00004986       ?AtlWinModuleAddCreateWndData@ATL@@YGXPAU_ATL_WIN_MODULE70@1@PAU_AtlCreateWndData@1@PAX@Z 10005986 f i RemoteOrderDisplay.obj
 0001:000049da       ?AtlWinModuleExtractCreateWndData@ATL@@YGPAXPAU_ATL_WIN_MODULE70@1@@Z 100059da f i RemoteOrderDisplay.obj
 0001:00004a3d       ?AtlWinModuleRegisterClassExW@ATL@@YGGPAU_ATL_WIN_MODULE70@1@PBUtagWNDCLASSEXW@@@Z 10005a3d f i RemoteOrderDisplay.obj
 0001:00004a7c       ?CanForceRemoveKey@CRegParser@ATL@@IAEHPB_W@Z 10005a7c f i RemoteOrderDisplay.obj
 0001:00004aab       ?ChToByte@CRegParser@ATL@@KAE_W@Z 10005aab f i RemoteOrderDisplay.obj
 0001:00004ade       ?Cleanup@CComTypeInfoHolder@ATL@@SGXK@Z 10005ade f i RemoteOrderDisplay.obj
 0001:00004b11       ?ClearReplacements@CExpansionVector@ATL@@QAEJXZ 10005b11 f i RemoteOrderDisplay.obj
 0001:00004b4e       ?Close@CRegKey@ATL@@QAEJXZ 10005b4e f i RemoteOrderDisplay.obj
 0001:00004b68       ?CreateInstance@?$CComCreator@V?$CComAggObject@VCOPOSRemoteOrderDisplay@@@ATL@@@ATL@@SGJPAXABU_GUID@@PAPAX@Z 10005b68 f i RemoteOrderDisplay.obj
 0001:00004bde       ?CreateInstance@?$CComCreator@V?$CComObject@VCOPOSRemoteOrderDisplay@@@ATL@@@ATL@@SGJPAXABU_GUID@@PAPAX@Z 10005bde f i RemoteOrderDisplay.obj
 0001:00004c5f       ?CreateInstance@?$CComObject@V?$CComEnum@UIEnumConnectionPoints@@$1?_GUID_b196b285_bab4_101a_b69c_00aa00341d07@@3U__s_GUID@@BPAUIConnectionPoint@@V?$_CopyInterface@UIConnectionPoint@@@ATL@@VCComSingleThreadModel@6@@ATL@@@ATL@@SGJPAPAV12@@Z 10005c5f f i RemoteOrderDisplay.obj
 0001:00004ca6       ?CreateInstance@?$CComObject@V?$CComEnum@UIEnumConnections@@$1?_GUID_b196b287_bab4_101a_b69c_00aa00341d07@@3U__s_GUID@@BUtagCONNECTDATA@@V?$_Copy@UtagCONNECTDATA@@@ATL@@VCComSingleThreadModel@6@@ATL@@@ATL@@SGJPAPAV12@@Z 10005ca6 f i RemoteOrderDisplay.obj
 0001:00004ced       ?DefaultReflectionHandler@?$CWindowImplRoot@VCWindow@ATL@@@ATL@@SAHPAUHWND__@@IIJAAJ@Z 10005ced f i RemoteOrderDisplay.obj
 0001:00004d60       ?DeleteSubKey@CRegKey@ATL@@QAEJPB_W@Z 10005d60 f i RemoteOrderDisplay.obj
 0001:00004dd9       ?DoEvent@COPOSRemoteOrderDisplay@@IAEXIIJ@Z 10005dd9 f i RemoteOrderDisplay.obj
 0001:00004e59       ?DoVerbHide@?$IOleObjectImpl@VCOPOSRemoteOrderDisplay@@@ATL@@QAEJPBUtagRECT@@PAUHWND__@@@Z 10005e59 f i RemoteOrderDisplay.obj
 0001:00004e8f       ?DoVerbInPlaceActivate@?$IOleObjectImpl@VCOPOSRemoteOrderDisplay@@@ATL@@QAEJPBUtagRECT@@PAUHWND__@@@Z 10005e8f f i RemoteOrderDisplay.obj
 0001:00004ec2       ?DoVerbPrimary@?$IOleObjectImpl@VCOPOSRemoteOrderDisplay@@@ATL@@QAEJPBUtagRECT@@PAUHWND__@@@Z 10005ec2 f i RemoteOrderDisplay.obj
 0001:00004f4e       ?DoVerbProperties@CComControlBase@ATL@@QAEJPBUtagRECT@@PAUHWND__@@@Z 10005f4e f i RemoteOrderDisplay.obj
 0001:00005075       ?DoVerbShow@?$IOleObjectImpl@VCOPOSRemoteOrderDisplay@@@ATL@@QAEJPBUtagRECT@@PAUHWND__@@@Z 10006075 f i RemoteOrderDisplay.obj
 0001:0000509a       ?DoVerbUIActivate@?$IOleObjectImpl@VCOPOSRemoteOrderDisplay@@@ATL@@QAEJPBUtagRECT@@PAUHWND__@@@Z 1000609a f i RemoteOrderDisplay.obj
 0001:000050d7       ?DoesVerbActivate@CComControlBase@ATL@@QAEHJ@Z 100060d7 f i RemoteOrderDisplay.obj
 0001:000050f8       ?DoesVerbUIActivate@CComControlBase@ATL@@QAEHJ@Z 100060f8 f i RemoteOrderDisplay.obj
 0001:0000512d       ?EndOfVar@CRegParser@ATL@@IAEHXZ 1000612d f i RemoteOrderDisplay.obj
 0001:0000514d       ?EscapeSingleQuote@CAtlModule@ATL@@SAXPA_WIPB_W@Z 1000614d f i RemoteOrderDisplay.obj
 0001:0000519c       ?FindKey@?$CSimpleMap@PA_WPA_WVCExpansionVectorEqualHelper@ATL@@@ATL@@QBEHABQA_W@Z 1000619c f i RemoteOrderDisplay.obj
 0001:000051d3       ?FireTheEvent@?$CProxy_IOPOSEvents@VCOPOSRemoteOrderDisplay@@@@IAEXPAVOposVariant@@IAAJPB_WJ@Z 100061d3 f i RemoteOrderDisplay.obj
 0001:00005265       ?FireViewChange@CComControlBase@ATL@@QAEJXZ 10006265 f i RemoteOrderDisplay.obj
 0001:000052ae       ?Fire_DataEvent@?$CProxy_IOPOSEvents@VCOPOSRemoteOrderDisplay@@@@QAEXJ@Z 100062ae f i RemoteOrderDisplay.obj
 0001:0000533a       ?Fire_DirectIOEvent@?$CProxy_IOPOSEvents@VCOPOSRemoteOrderDisplay@@@@QAEXJPAJPAPA_W@Z 1000633a f i RemoteOrderDisplay.obj
 0001:00005420       ?Fire_ErrorEvent@?$CProxy_IOPOSEvents@VCOPOSRemoteOrderDisplay@@@@QAEXJJJPAJ@Z 10006420 f i RemoteOrderDisplay.obj
 0001:00005507       ?Fire_OutputCompleteEvent@?$CProxy_IOPOSEvents@VCOPOSRemoteOrderDisplay@@@@QAEXJ@Z 10006507 f i RemoteOrderDisplay.obj
 0001:00005593       ?Fire_StatusUpdateEvent@?$CProxy_IOPOSEvents@VCOPOSRemoteOrderDisplay@@@@QAEXJ@Z 10006593 f i RemoteOrderDisplay.obj
 0001:0000561f       ?FreeHeap@?$CTempBuffer@_W$0BAA@VCCRTAllocator@ATL@@@ATL@@AAEXXZ 1000661f f i RemoteOrderDisplay.obj
 0001:0000561f       ?FreeHeap@?$CTempBuffer@_W$0EAA@VCCRTAllocator@ATL@@@ATL@@AAEXXZ 1000661f f i RemoteOrderDisplay.obj
 0001:0000561f       ?FreeHeap@?$CTempBuffer@E$0BAA@VCCRTAllocator@ATL@@@ATL@@AAEXXZ 1000661f f i RemoteOrderDisplay.obj
 0001:00005628       ?GetAmbientLocaleID@CComControlBase@ATL@@QAEJAAK@Z 10006628 f i RemoteOrderDisplay.obj
 0001:00005684       ?GetAmbientUserMode@CComControlBase@ATL@@QAEJAAH@Z 10006684 f i RemoteOrderDisplay.obj
 0001:000056f4       ?GetAt@CComDynamicUnkArray@ATL@@QAEPAUIUnknown@@H@Z 100066f4 f i RemoteOrderDisplay.obj
 0001:00005710       ?GetClassObject@CComModule@ATL@@QAEJABU_GUID@@0PAPAX@Z 10006710 f i RemoteOrderDisplay.obj
 0001:000057b2       ?GetConnMap@COPOSRemoteOrderDisplay@@SAPBU_ATL_CONNMAP_ENTRY@ATL@@PAH@Z 100067b2 f i RemoteOrderDisplay.obj
 0001:00005822       ?GetCookie@CComDynamicUnkArray@ATL@@QAGKPAPAUIUnknown@@@Z 10006822 f i RemoteOrderDisplay.obj
 0001:0000585a       ?GetIDsOfNames@CComTypeInfoHolder@ATL@@QAEJABU_GUID@@PAPA_WIKPAJ@Z 1000685a f i RemoteOrderDisplay.obj
 0001:00005968       ?GetKeyAt@?$CSimpleMap@PA_WPA_WVCExpansionVectorEqualHelper@ATL@@@ATL@@QBEAAPA_WH@Z 10006968 f i RemoteOrderDisplay.obj
 0001:0000598d       ?GetPagesHelper@?$ISpecifyPropertyPagesImpl@VCOPOSRemoteOrderDisplay@@@ATL@@IAEJPAUtagCAUUID@@PBUATL_PROPMAP_ENTRY@2@@Z 1000698d f i RemoteOrderDisplay.obj
 0001:00005ab4       ?GetProperty@?$CComPtr@UIDispatch@@@ATL@@SAJPAUIDispatch@@JPAUtagVARIANT@@@Z 10006ab4 f i RemoteOrderDisplay.obj
 0001:00005b03       ?GetSizeMax@CComVariant@ATL@@QBEJPAT_ULARGE_INTEGER@@@Z 10006b03 f i RemoteOrderDisplay.obj
 0001:00005cbd       ?GetStreamSize@CComBSTR@ATL@@SAKPA_W@Z 10006cbd f i RemoteOrderDisplay.obj
 0001:00005cd7       ?GetTI@CComTypeInfoHolder@ATL@@QAEJK@Z 10006cd7 f i RemoteOrderDisplay.obj
 0001:00005ec0       ?GetTI@CComTypeInfoHolder@ATL@@QAEJKPAPAUITypeInfo@@@Z 10006ec0 f i RemoteOrderDisplay.obj
 0001:00005f02       ?GetUnknown@CComDynamicUnkArray@ATL@@QAGPAUIUnknown@@K@Z 10006f02 f i RemoteOrderDisplay.obj
 0001:00005f23       ?GetValueAt@?$CSimpleMap@PA_WPA_WVCExpansionVectorEqualHelper@ATL@@@ATL@@QBEAAPA_WH@Z 10006f23 f i RemoteOrderDisplay.obj
 0001:00005f49       ?GetZoomInfo@CComControlBase@ATL@@QAEXAAUATL_DRAWINFO@@@Z 10006f49 f i RemoteOrderDisplay.obj
 0001:00005fdc       ?HKeyFromString@CRegParser@ATL@@KAPAUHKEY__@@PA_W@Z 10006fdc f i RemoteOrderDisplay.obj
 0001:0000600a       ?HasSubKeys@CRegParser@ATL@@IAEHPAUHKEY__@@@Z 1000700a f i RemoteOrderDisplay.obj
 0001:0000603f       ?IDataObject_GetData@CComControlBase@ATL@@QAEJPAUtagFORMATETC@@PAUtagSTGMEDIUM@@@Z 1000703f f i RemoteOrderDisplay.obj
 0001:000061e5       ?IOleInPlaceObject_InPlaceDeactivate@CComControlBase@ATL@@QAEJXZ 100071e5 f i RemoteOrderDisplay.obj
 0001:0000626c       ?IOleInPlaceObject_SetObjectRects@CComControlBase@ATL@@QAEJPBUtagRECT@@0@Z 1000726c f i RemoteOrderDisplay.obj
 0001:00006339       ?IOleInPlaceObject_UIDeactivate@CComControlBase@ATL@@QAEJXZ 10007339 f i RemoteOrderDisplay.obj
 0001:000063fb       ?IOleObject_Advise@CComControlBase@ATL@@QAEJPAUIAdviseSink@@PAK@Z 100073fb f i RemoteOrderDisplay.obj
 0001:00006425       ?IOleObject_Close@CComControlBase@ATL@@QAEJK@Z 10007425 f i RemoteOrderDisplay.obj
 0001:00006509       ?IOleObject_GetClientSite@CComControlBase@ATL@@QAEJPAPAUIOleClientSite@@@Z 10007509 f i RemoteOrderDisplay.obj
 0001:00006532       ?IOleObject_SetClientSite@CComControlBase@ATL@@QAEJPAUIOleClientSite@@@Z 10007532 f i RemoteOrderDisplay.obj
 0001:00006571       ?IOleObject_SetExtent@CComControlBase@ATL@@QAEJKPAUtagSIZE@@@Z 10007571 f i RemoteOrderDisplay.obj
 0001:00006625       ?IPSI_GetIPersistStreamInit@?$IPersistStorageImpl@VCOPOSRemoteOrderDisplay@@@ATL@@AAEPAUIPersistStreamInit@@XZ 10007625 f i RemoteOrderDisplay.obj
 0001:00006667       ?IPersistStreamInit_Load@?$IPersistStreamInitImpl@VCOPOSRemoteOrderDisplay@@@ATL@@QAEJPAUIStream@@PBUATL_PROPMAP_ENTRY@2@@Z 10007667 f i RemoteOrderDisplay.obj
 0001:00006693       ?IPersistStreamInit_Save@?$IPersistStreamInitImpl@VCOPOSRemoteOrderDisplay@@@ATL@@QAEJPAUIStream@@HPBUATL_PROPMAP_ENTRY@2@@Z 10007693 f i RemoteOrderDisplay.obj
 0001:000066c8       ?IQuickActivate_QuickActivate@CComControlBase@ATL@@QAEJPAUtagQACONTAINER@@PAUtagQACONTROL@@@Z 100076c8 f i RemoteOrderDisplay.obj
 0001:0000690a       ?IViewObject_Draw@CComControlBase@ATL@@QAEJKJPAXPAUtagDVTARGETDEVICE@@PAUHDC__@@2PBU_RECTL@@3@Z 1000790a f i RemoteOrderDisplay.obj
 0001:000069b2       ?InPlaceActivate@CComControlBase@ATL@@QAEJJPBUtagRECT@@@Z 100079b2 f i RemoteOrderDisplay.obj
 0001:00006c23       ?Init@?$CComEnumImpl@UIEnumConnectionPoints@@$1?_GUID_b196b285_bab4_101a_b69c_00aa00341d07@@3U__s_GUID@@BPAUIConnectionPoint@@V?$_CopyInterface@UIConnectionPoint@@@ATL@@@ATL@@QAEJPAPAUIConnectionPoint@@0PAUIUnknown@@W4CComEnumFlags@2@@Z 10007c23 f i RemoteOrderDisplay.obj
 0001:00006d02       ?Init@?$CComEnumImpl@UIEnumConnections@@$1?_GUID_b196b287_bab4_101a_b69c_00aa00341d07@@3U__s_GUID@@BUtagCONNECTDATA@@V?$_Copy@UtagCONNECTDATA@@@ATL@@@ATL@@QAEJPAUtagCONNECTDATA@@0PAUIUnknown@@W4CComEnumFlags@2@@Z 10007d02 f i RemoteOrderDisplay.obj
 0001:00006de1       ?Init@CComModule@ATL@@QAEJPAU_ATL_OBJMAP_ENTRY30@2@PAUHINSTANCE__@@PBU_GUID@@@Z 10007de1 f i RemoteOrderDisplay.obj
 0001:00006e40       ?Init@CDynamicStdCallThunk2@ATL@@QAEHKPAX@Z 10007e40 f i RemoteOrderDisplay.obj
 0001:00006e6b       ?InlineIsEqualUnknown@ATL@@YGHABU_GUID@@@Z 10007e6b f i RemoteOrderDisplay.obj
 0001:00006e93       ?InternalGetSite@CComControlBase@ATL@@QAEJABU_GUID@@PAPAX@Z 10007e93 f i RemoteOrderDisplay.obj
 0001:00006ec1       ?InternalSetAtIndex@?$CSimpleMap@PA_WPA_WVCExpansionVectorEqualHelper@ATL@@@ATL@@QAEXHABQA_W0@Z 10007ec1 f i RemoteOrderDisplay.obj
 0001:00006eeb       ?Invoke@CComTypeInfoHolder@ATL@@QAEJPAUIDispatch@@JABU_GUID@@KGPAUtagDISPPARAMS@@PAUtagVARIANT@@PAUtagEXCEPINFO@@PAI@Z 10007eeb f i RemoteOrderDisplay.obj
 0001:00006f2e       ?IsEqualObject@?$CComPtrBase@UITypeInfo@@@ATL@@QAE_NPAUIUnknown@@@Z 10007f2e f i RemoteOrderDisplay.obj
 0001:00006f2e       ?IsEqualObject@?$CComPtrBase@UIOleClientSite@@@ATL@@QAE_NPAUIUnknown@@@Z 10007f2e f i RemoteOrderDisplay.obj
 0001:00006f9b       ?IsSpace@CRegParser@ATL@@IAEH_W@Z 10007f9b f i RemoteOrderDisplay.obj
 0001:00006fc5       ?LoadNameCache@CComTypeInfoHolder@ATL@@QAEJPAUITypeInfo@@@Z 10007fc5 f i RemoteOrderDisplay.obj
 0001:00007113       ?Lookup@?$CSimpleMap@PA_WPA_WVCExpansionVectorEqualHelper@ATL@@@ATL@@QBEPA_WABQA_W@Z 10008113 f i RemoteOrderDisplay.obj
 0001:00007139       ?NextToken@CRegParser@ATL@@IAEJPA_W@Z 10008139 f i RemoteOrderDisplay.obj
 0001:00007271       ?OnKillFocus@CComControlBase@ATL@@QAEJIIJAAH@Z 10008271 f i RemoteOrderDisplay.obj
 0001:000072cc       ?OnMouseActivate@CComControlBase@ATL@@QAEJIIJAAH@Z 100082cc f i RemoteOrderDisplay.obj
 0001:0000733a       ?OnPaint@CComControlBase@ATL@@QAEJIIJAAH@Z 1000833a f i RemoteOrderDisplay.obj
 0001:000073ec       ?OnSetFocus@CComControlBase@ATL@@QAEJIIJAAH@Z 100083ec f i RemoteOrderDisplay.obj
 0001:00007475       ?Open@CRegKey@ATL@@QAEJPAUHKEY__@@PB_WK@Z 10008475 f i RemoteOrderDisplay.obj
 0001:000074ca       ?PreProcessBuffer@CRegParser@ATL@@QAEJPA_WPAPA_W@Z 100084ca f i RemoteOrderDisplay.obj
 0001:00007734       ?ProcessWindowMessage@?$CComControl@VCOPOSRemoteOrderDisplay@@V?$CWindowImpl@VCOPOSRemoteOrderDisplay@@VCWindow@ATL@@V?$CWinTraits@$0FGAAAAAA@$0A@@3@@ATL@@@ATL@@UAEHPAUHWND__@@IIJAAJK@Z 10008734 f i RemoteOrderDisplay.obj
 0001:000077d3       ?PutProperty@?$CComPtr@UIDispatch@@@ATL@@SAJPAUIDispatch@@JPAUtagVARIANT@@@Z 100087d3 f i RemoteOrderDisplay.obj
 0001:00007865       ?ReadFromStream@CComBSTR@ATL@@QAEJPAUIStream@@@Z 10008865 f i RemoteOrderDisplay.obj
 0001:00007993       ?ReadFromStream@CComVariant@ATL@@QAEJPAUIStream@@GTClassesAllowedInStream@2@K@Z 10008993 f i RemoteOrderDisplay.obj
 0001:00007b19       ?RecurseDeleteKey@CRegKey@ATL@@QAEJPB_W@Z 10008b19 f i RemoteOrderDisplay.obj
 0001:00007bdb       ?RegCreateKeyExW@CAtlTransactionManager@ATL@@QAEJPAUHKEY__@@PB_WKPA_WKKQAU_SECURITY_ATTRIBUTES@@PAPAU3@PAK@Z 10008bdb f i RemoteOrderDisplay.obj
 0001:00007c3e       ?RegDeleteKeyW@CAtlTransactionManager@ATL@@QAEJPAUHKEY__@@PB_W@Z 10008c3e f i RemoteOrderDisplay.obj
 0001:00007c90       ?RegOpenKeyExW@CAtlTransactionManager@ATL@@QAEJPAUHKEY__@@PB_WKKPAPAU3@@Z 10008c90 f i RemoteOrderDisplay.obj
 0001:00007ce7       ?Register@_ATL_WNDCLASSINFOW@ATL@@QAEGPAP6GJPAUHWND__@@IIJ@Z@Z 10008ce7 f i RemoteOrderDisplay.obj
 0001:00007d07       ?RegisterBuffer@CRegParser@ATL@@QAEJPA_WH@Z 10008d07 f i RemoteOrderDisplay.obj
 0001:00007e40       ?RegisterFromResource@CRegObject@ATL@@IAEJPB_W00H@Z 10008e40 f i RemoteOrderDisplay.obj
 0001:00007f76       ?RegisterServer@?$CAtlModuleT@VCComModule@ATL@@@ATL@@QAEJHPBU_GUID@@@Z 10008f76 f i RemoteOrderDisplay.obj
 0001:00007fa4       ?RegisterServer@CComModule@ATL@@QAEJHPBU_GUID@@@Z 10008fa4 f i RemoteOrderDisplay.obj
 0001:0000801a       ?RegisterSubkeys@CRegParser@ATL@@IAEJPA_WPAUHKEY__@@HH@Z 1000901a f i RemoteOrderDisplay.obj
 0001:000085ec       ?Remove@CComDynamicUnkArray@ATL@@QAEHK@Z 100095ec f i RemoteOrderDisplay.obj
 0001:00008615       ?RemoveAll@?$CSimpleMap@PA_WPA_WVCExpansionVectorEqualHelper@ATL@@@ATL@@QAEXXZ 10009615 f i RemoteOrderDisplay.obj
 0001:00008641       ?ResourceRegisterSz@CRegObject@ATL@@QAGJPB_W00@Z 10009641 f i RemoteOrderDisplay.obj
 0001:0000866e       ?ResourceUnregisterSz@CRegObject@ATL@@QAGJPB_W00@Z 1000966e f i RemoteOrderDisplay.obj
 0001:0000869b       ?SendOnDataChange@CComControlBase@ATL@@QAEJK@Z 1000969b f i RemoteOrderDisplay.obj
 0001:000086e8       ?SetControlFocus@CComControlBase@ATL@@QAEHH@Z 100096e8 f i RemoteOrderDisplay.obj
 0001:00008785       ?SetMultiStringValue@CRegKey@ATL@@QAEJPB_W0@Z 10009785 f i RemoteOrderDisplay.obj
 0001:000087e1       ?SetStringValue@CRegKey@ATL@@QAEJPB_W0K@Z 100097e1 f i RemoteOrderDisplay.obj
 0001:0000882a       ?SkipAssignment@CRegParser@ATL@@IAEJPA_W@Z 1000982a f i RemoteOrderDisplay.obj
 0001:0000888f       ?SkipWhiteSpace@CRegParser@ATL@@IAEXXZ 1000988f f i RemoteOrderDisplay.obj
 0001:000088b1       ?StrChrW@CRegParser@ATL@@KAPA_WPA_W_W@Z 100098b1 f i RemoteOrderDisplay.obj
 0001:000088ee       ?Term@CAtlModule@ATL@@QAEXXZ 100098ee f i RemoteOrderDisplay.obj
 0001:00008927       ?Term@CComModule@ATL@@QAEXXZ 10009927 f i RemoteOrderDisplay.obj
 0001:0000897f       ?UnregisterServer@?$CAtlModuleT@VCComModule@ATL@@@ATL@@QAEJHPBU_GUID@@@Z 1000997f f i RemoteOrderDisplay.obj
 0001:000089a5       ?UnregisterServer@CComModule@ATL@@QAEJHPBU_GUID@@@Z 100099a5 f i RemoteOrderDisplay.obj
 0001:00008a1b       ?UpdateRegistryFromResource@CAtlModule@ATL@@QAGJIHPAU_ATL_REGMAP_ENTRY@2@@Z 10009a1b f i RemoteOrderDisplay.obj
 0001:00008be6       ?UpdateRegistryFromResource@CAtlModule@ATL@@QAGJPB_WHPAU_ATL_REGMAP_ENTRY@2@@Z 10009be6 f i RemoteOrderDisplay.obj
 0001:00008db7       ?VTFromRegType@CRegParser@ATL@@KAHPB_WAAG@Z 10009db7 f i RemoteOrderDisplay.obj
 0001:00008e24       ?WindowProc@?$CWindowImplBaseT@VCWindow@ATL@@V?$CWinTraits@$0FGAAAAAA@$0A@@2@@ATL@@SGJPAUHWND__@@IIJ@Z 10009e24 f i RemoteOrderDisplay.obj
 0001:00008f16       ?WriteToStream@CComBSTR@ATL@@QAEJPAUIStream@@@Z 10009f16 f i RemoteOrderDisplay.obj
 0001:00008f6d       ?WriteToStream@CComVariant@ATL@@QAEJPAUIStream@@@Z 10009f6d f i RemoteOrderDisplay.obj
 0001:000090e7       ?WriteToStream@CComVariant@ATL@@QAEJPAUIStream@@G@Z 1000a0e7 f i RemoteOrderDisplay.obj
 0001:00009150       ?_AtlInitialConstruct@?$CComObjectRootEx@VCComMultiThreadModel@ATL@@@ATL@@QAEJXZ 1000a150 f i RemoteOrderDisplay.obj
 0001:00009165       ?_AtlVerifyStackAvailable@_ATL_SAFE_ALLOCA_IMPL@ATL@@YA_NK@Z 1000a165 f i RemoteOrderDisplay.obj
 0001:000091e3       ?atlCreate@?$CWindowImpl@VCOPOSRemoteOrderDisplay@@VCWindow@ATL@@V?$CWinTraits@$0FGAAAAAA@$0A@@3@@ATL@@QAEPAUHWND__@@PAU3@V_U_RECT@2@PB_WKKV_U_MENUorID@2@PAX@Z 1000a1e3 f i RemoteOrderDisplay.obj
 0001:00009227       ?atlCreate@?$CWindowImplBaseT@VCWindow@ATL@@V?$CWinTraits@$0FGAAAAAA@$0A@@2@@ATL@@QAEPAUHWND__@@PAU3@V_U_RECT@2@PB_WKKV_U_MENUorID@2@GPAX@Z 1000a227 f i RemoteOrderDisplay.obj
 0001:000092c3       ?atlCreate@CRegKey@ATL@@QAEJPAUHKEY__@@PB_WPA_WKKPAU_SECURITY_ATTRIBUTES@@PAK@Z 1000a2c3 f i RemoteOrderDisplay.obj
 0001:00009332       ?copy@?$_Copy@UtagCONNECTDATA@@@ATL@@SAJPAUtagCONNECTDATA@@PBU3@@Z 1000a332 f i RemoteOrderDisplay.obj
 0001:00009368       ?copy@?$_CopyInterface@UIConnectionPoint@@@ATL@@SAJPAPAUIConnectionPoint@@PBQAU3@@Z 1000a368 f i RemoteOrderDisplay.obj
 0001:00009396       ?memcpy_s@Checked@ATL@@YAXPAXIPBXI@Z 1000a396 f i RemoteOrderDisplay.obj
 0001:000093b5       ?ocscpy_s@@YA_NPA_WIPB_W@Z 1000a3b5 f i RemoteOrderDisplay.obj
 0001:000093e4       ?ocslen@@YAHPB_W@Z         1000a3e4 f i RemoteOrderDisplay.obj
 0001:00009404       ?wcscpy_s@Checked@ATL@@YAXPA_WIPB_W@Z 1000a404 f i RemoteOrderDisplay.obj
 0001:00009420       _DllCanUnloadNow@0         1000a420 f   RemoteOrderDisplay.obj
 0001:0000942c       _DllGetClassObject@12      1000a42c f   RemoteOrderDisplay.obj
 0001:0000943a       _DllMain@12                1000a43a f   RemoteOrderDisplay.obj
 0001:0000947c       _DllRegisterServer@0       1000a47c f   RemoteOrderDisplay.obj
 0001:0000948b       _DllUnregisterServer@0     1000a48b f   RemoteOrderDisplay.obj
 0001:0000949a       _InlineIsEqualGUID         1000a49a f i RemoteOrderDisplay.obj
 0001:000094ca       ___local_stdio_printf_options 1000a4ca f i RemoteOrderDisplay.obj
 0001:000094d0       __vswprintf_s_l            1000a4d0 f i RemoteOrderDisplay.obj
 0001:0000957d       _swprintf_s                1000a57d f i RemoteOrderDisplay.obj
 0001:00009599       ??0?$CComControl@VCOPOSRemoteOrderDisplay@@V?$CWindowImpl@VCOPOSRemoteOrderDisplay@@VCWindow@ATL@@V?$CWinTraits@$0FGAAAAAA@$0A@@3@@ATL@@@ATL@@QAE@XZ 1000a599 f i RemoteOrderDisplayImpl.obj
 0001:000095c0       ??0?$CProxy_IOPOSEvents@VCOPOSRemoteOrderDisplay@@@@QAE@XZ 1000a5c0 f i RemoteOrderDisplayImpl.obj
 0001:000095e3       ??0CComControlBase@ATL@@QAE@AAPAUHWND__@@@Z 1000a5e3 f i RemoteOrderDisplayImpl.obj
 0001:0000962d       ??0COPOSRemoteOrderDisplay@@QAE@XZ 1000a62d f   RemoteOrderDisplayImpl.obj
 0001:00009663       ??1?$CComControl@VCOPOSRemoteOrderDisplay@@V?$CWindowImpl@VCOPOSRemoteOrderDisplay@@VCWindow@ATL@@V?$CWinTraits@$0FGAAAAAA@$0A@@3@@ATL@@@ATL@@UAE@XZ 1000a663 f i RemoteOrderDisplayImpl.obj
 0001:0000967c       ??1?$IConnectionPointImpl@VCOPOSRemoteOrderDisplay@@$1?DIID__IOPOSRemoteOrderDisplayEvents@@3U_GUID@@BVCComDynamicUnkArray@ATL@@@ATL@@QAE@XZ 1000a67c f i RemoteOrderDisplayImpl.obj
 0001:0000967c       ??1?$IConnectionPointImpl@VCOPOSRemoteOrderDisplay@@$1?IID_IPropertyNotifySink@@3U_GUID@@BVCComDynamicUnkArray@ATL@@@ATL@@QAE@XZ 1000a67c f i RemoteOrderDisplayImpl.obj
 0001:000096b9       ??1CComControlBase@ATL@@UAE@XZ 1000a6b9 f i RemoteOrderDisplayImpl.obj
 0001:0000971c       ??1COPOSRemoteOrderDisplay@@UAE@XZ 1000a71c f   RemoteOrderDisplayImpl.obj
 0001:00009764       ??1OposVariantResult@@QAE@XZ 1000a764 f i RemoteOrderDisplayImpl.obj
 0001:00009785       ??1_CW@@QAE@XZ             1000a785 f i RemoteOrderDisplayImpl.obj
 0001:0000979e       ?CheckHealth@COPOSRemoteOrderDisplay@@UAGJJPAJ@Z 1000a79e f   RemoteOrderDisplayImpl.obj
 0001:000097ed       ?ClaimDevice@COPOSRemoteOrderDisplay@@UAGJJPAJ@Z 1000a7ed f   RemoteOrderDisplayImpl.obj
 0001:00009862       ?ClearInput@COPOSRemoteOrderDisplay@@UAGJPAJ@Z 1000a862 f   RemoteOrderDisplayImpl.obj
 0001:0000987d       ?ClearOutput@COPOSRemoteOrderDisplay@@UAGJPAJ@Z 1000a87d f   RemoteOrderDisplayImpl.obj
 0001:00009898       ?ClearVideo@COPOSRemoteOrderDisplay@@UAGJJJPAJ@Z 1000a898 f   RemoteOrderDisplayImpl.obj
 0001:0000990c       ?ClearVideoRegion@COPOSRemoteOrderDisplay@@UAGJJJJJJJPAJ@Z 1000a90c f   RemoteOrderDisplayImpl.obj
 0001:000099cf       ?Close@COPOSRemoteOrderDisplay@@UAGJPAJ@Z 1000a9cf f   RemoteOrderDisplayImpl.obj
 0001:00009a3d       ?CompareFirmwareVersion@COPOSRemoteOrderDisplay@@UAGJPA_WPAJ1@Z 1000aa3d f   RemoteOrderDisplayImpl.obj
 0001:00009abd       ?ControlClock@COPOSRemoteOrderDisplay@@UAGJJJJJJJJJJJPAJ@Z 1000aabd f   RemoteOrderDisplayImpl.obj
 0001:00009bb8       ?ControlCursor@COPOSRemoteOrderDisplay@@UAGJJJPAJ@Z 1000abb8 f   RemoteOrderDisplayImpl.obj
 0001:00009c2c       ?CopyVideoRegion@COPOSRemoteOrderDisplay@@UAGJJJJJJJJPAJ@Z 1000ac2c f   RemoteOrderDisplayImpl.obj
 0001:00009cfd       ?DirectIO@COPOSRemoteOrderDisplay@@UAGJJPAJPAPA_W0@Z 1000acfd f   RemoteOrderDisplayImpl.obj
 0001:00009dab       ?DisplayData@COPOSRemoteOrderDisplay@@UAGJJJJJPA_WPAJ@Z 1000adab f   RemoteOrderDisplayImpl.obj
 0001:00009e6e       ?DoInvoke@COPOSRemoteOrderDisplay@@IAEJJPAVOposVariant@@IHPAJ_N@Z 1000ae6e f   RemoteOrderDisplayImpl.obj
 0001:00009f30       ?DrawBox@COPOSRemoteOrderDisplay@@UAGJJJJJJJJPAJ@Z 1000af30 f   RemoteOrderDisplayImpl.obj
 0001:0000a001       ?EventClose@COPOSRemoteOrderDisplay@@IAEXXZ 1000b001 f i RemoteOrderDisplayImpl.obj
 0001:0000a034       ?EventInit@COPOSRemoteOrderDisplay@@IAEJXZ 1000b034 f i RemoteOrderDisplayImpl.obj
 0001:0000a100       ?EventUninit@COPOSRemoteOrderDisplay@@IAEXXZ 1000b100 f i RemoteOrderDisplayImpl.obj
 0001:0000a152       ?EventWindowProc@COPOSRemoteOrderDisplay@@IAGJIIJ@Z 1000b152 f i RemoteOrderDisplayImpl.obj
 0001:0000a250       ?FinalConstruct@COPOSRemoteOrderDisplay@@QAEJXZ 1000b250 f   RemoteOrderDisplayImpl.obj
 0001:0000a289       ?FireEventCleanup@COPOSRemoteOrderDisplay@@IAEXXZ 1000b289 f i RemoteOrderDisplayImpl.obj
 0001:0000a29f       ?FireEventSetup@COPOSRemoteOrderDisplay@@IAE_NXZ 1000b29f f i RemoteOrderDisplayImpl.obj
 0001:0000a2d3       ?FreeVideoRegion@COPOSRemoteOrderDisplay@@UAGJJJPAJ@Z 1000b2d3 f   RemoteOrderDisplayImpl.obj
 0001:0000a347       ?FreezeEvents@COPOSRemoteOrderDisplay@@MAGJH@Z 1000b347 f   RemoteOrderDisplayImpl.obj
 0001:0000a3a7       ?GetOposProp@COPOSRemoteOrderDisplay@@IAEJJPAFJ@Z 1000b3a7 f   RemoteOrderDisplayImpl.obj
 0001:0000a3ca       ?GetOposProp@COPOSRemoteOrderDisplay@@IAEJJPAJJ@Z 1000b3ca f   RemoteOrderDisplayImpl.obj
 0001:0000a488       ?GetOposProp@COPOSRemoteOrderDisplay@@IAEJJPAPA_WJ@Z 1000b488 f   RemoteOrderDisplayImpl.obj
 0001:0000a553       ?OnDraw@COPOSRemoteOrderDisplay@@MAEJAAUATL_DRAWINFO@@@Z 1000b553 f   RemoteOrderDisplayImpl.obj
 0001:0000a5f3       ?Open@COPOSRemoteOrderDisplay@@UAGJPA_WPAJ@Z 1000b5f3 f   RemoteOrderDisplayImpl.obj
 0001:0000ad90       ?ReleaseDevice@COPOSRemoteOrderDisplay@@UAGJPAJ@Z 1000bd90 f   RemoteOrderDisplayImpl.obj
 0001:0000addf       ?ResetStatistics@COPOSRemoteOrderDisplay@@UAGJPA_WPAJ@Z 1000bddf f   RemoteOrderDisplayImpl.obj
 0001:0000ae36       ?ResetVideo@COPOSRemoteOrderDisplay@@UAGJJPAJ@Z 1000be36 f   RemoteOrderDisplayImpl.obj
 0001:0000ae85       ?RestoreVideoRegion@COPOSRemoteOrderDisplay@@UAGJJJJJPAJ@Z 1000be85 f   RemoteOrderDisplayImpl.obj
 0001:0000af26       ?RetrieveStatistics@COPOSRemoteOrderDisplay@@UAGJPAPA_WPAJ@Z 1000bf26 f   RemoteOrderDisplayImpl.obj
 0001:0000af7d       ?SOProcessID@COPOSRemoteOrderDisplay@@UAGJPAJ@Z 1000bf7d f   RemoteOrderDisplayImpl.obj
[...]
 0002:00002d68       ?strings@?1??fp_format_nan_or_infinity@@YAHW4__acrt_fp_class@@_NPADI1@Z@4QAY03QBDA 10022d68     libucrt:cvt.obj
 0002:000032b0       ?_mb_locale_names@@3QBQB_WB 100232b0     libucrt:mbctype.obj
 0002:00003af8       ?LcidToLocaleNameTable@?A0x881e4c05@@3QBULcidToLocaleName@1@B 10023af8     libucrt:lcidtoname_downlevel.obj
 0002:00004c20       ?LocaleNameToIndexTable@?A0x881e4c05@@3QBULocaleNameIndex@1@B 10024c20     libucrt:lcidtoname_downlevel.obj
 0002:00006478       ?large_power_indices@?1??multiply_by_power_of_ten@__crt_strtox@@YA_NAAUbig_integer@2@I@Z@4QBUunpack_index@?1??12@YA_N0I@Z@B 10026478     libucrt:cfout.obj
 0002:00006560       LOG_name                   10026560     libucrt:log10_impl.obj
 0002:00006570       _One                       10026570     libucrt:ceil_pentium4.obj
 0002:00006580       _Bns                       10026580     libucrt:ceil_pentium4.obj
 0002:00006590       _Zero                      10026590     libucrt:ceil_pentium4.obj
 0002:000065a0       _S                         100265a0     libucrt:ceil_pentium4.obj
 0002:000065b0       _NegZero                   100265b0     libucrt:ceil_pentium4.obj
 0002:000065c0       emask                      100265c0     libucrt:log10_pentium4.obj
 0002:000065d0       CC                         100265d0     libucrt:log10_pentium4.obj
 0002:000065e0       Magic                      100265e0     libucrt:log10_pentium4.obj
 0002:000065f0       hi_mask                    100265f0     libucrt:log10_pentium4.obj
 0002:00006600       LOG10_2                    10026600     libucrt:log10_pentium4.obj
 0002:00006610       place_L                    10026610     libucrt:log10_pentium4.obj
 0002:00006630       One                        10026630     libucrt:log10_pentium4.obj
 0002:00006640       Zero                       10026640     libucrt:log10_pentium4.obj
 0002:00006650       Two52                      10026650     libucrt:log10_pentium4.obj
 0002:00006660       Infs                       10026660     libucrt:log10_pentium4.obj
 0002:00006670       NaN                        10026670     libucrt:log10_pentium4.obj
 0002:00006680       coeff                      10026680     libucrt:log10_pentium4.obj
 0002:000066de       _log2max                   100266de     libucrt:87tran.obj
 0002:000066e8       _smallarg                  100266e8     libucrt:87tran.obj
 0002:000066f2       _half                      100266f2     libucrt:87tran.obj
 0002:0000673e       One                        1002673e     libucrt:87disp.obj
 0002:00006746       Three                      10026746     libucrt:87disp.obj
 0002:0000674e       XAMtoTagTab                1002674e     libucrt:87disp.obj
 0002:00006760       One                        10026760     libucrt:common.obj
 0002:00006774       DblMax                     10026774     libucrt:common.obj
 0002:0000677c       DblMin                     1002677c     libucrt:common.obj
 0002:00006784       IeeeAdjO                   10026784     libucrt:common.obj
 0002:0000678c       IeeeAdjU                   1002678c     libucrt:common.obj
 0002:00006794       _infinity                  10026794     libucrt:common.obj
 0002:0000679c       _zero                      1002679c     libucrt:common.obj
 0002:000067e8       _over                      100267e8     libucrt:fpctrl.obj
 0002:000067f4       _under                     100267f4     libucrt:fpctrl.obj
 0002:00007028       ?_names@?1??_get_fname@@9@9 10027028     libucrt:fpexcept.obj
 0002:00007880       __sehtable$?_AtlVerifyStackAvailable@_ATL_SAFE_ALLOCA_IMPL@ATL@@YA_NK@Z 10027880     RemoteOrderDisplay.obj
 0002:000078a0       __sehtable$___scrt_is_nonwritable_in_current_image 100278a0     LIBCMT:utility.obj
 0002:000078bc       __catchsym$??2@YAPAXIABUnothrow_t@std@@@Z$2 100278bc     LIBCMT:new_scalar_nothrow.obj
 0002:000078cc       __unwindtable$??2@YAPAXIABUnothrow_t@std@@@Z 100278cc     LIBCMT:new_scalar_nothrow.obj
 0002:000078dc       __tryblocktable$??2@YAPAXIABUnothrow_t@std@@@Z 100278dc     LIBCMT:new_scalar_nothrow.obj
 0002:000078f0       __ehfuncinfo$??2@YAPAXIABUnothrow_t@std@@@Z 100278f0     LIBCMT:new_scalar_nothrow.obj
 0002:00007918       __sehtable$?dllmain_crt_process_attach@@YAHQAUHINSTANCE__@@QAX@Z 10027918     LIBCMT:dll_dllmain.obj
 0002:00007938       __sehtable$?dllmain_crt_process_detach@@YAH_N@Z 10027938     LIBCMT:dll_dllmain.obj
 0002:00007958       __sehtable$?dllmain_dispatch@@YAHQAUHINSTANCE__@@KQAX@Z 10027958     LIBCMT:dll_dllmain.obj
 0002:00007a08       __sehtable$?FrameUnwindToState@__FrameHandler3@@SAXPAUEHRegistrationNode@@PAXPBU_s_FuncInfo@@H@Z 10027a08     libvcruntime:frame.obj
 0002:00007a30       __sehtable$?CallCatchBlock@@YAPAXPAUEHExceptionRecord@@PAUEHRegistrationNode@@PAU_CONTEXT@@PBU_s_FuncInfo@@PAXHK@Z 10027a30     libvcruntime:frame.obj
 0002:00007a58       __catchsym$?CallUnexpected@@YAXPBU_s_ESTypeList@@@Z$2 10027a58     libvcruntime:frame.obj
 0002:00007a68       __unwindtable$?CallUnexpected@@YAXPBU_s_ESTypeList@@@Z 10027a68     libvcruntime:frame.obj
 0002:00007a78       __tryblocktable$?CallUnexpected@@YAXPBU_s_ESTypeList@@@Z 10027a78     libvcruntime:frame.obj
 0002:00007a8c       __ehfuncinfo$?CallUnexpected@@YAXPBU_s_ESTypeList@@@Z 10027a8c     libvcruntime:frame.obj
 0002:00007ab0       __sehtable$??$BuildCatchObjectHelperInternal@V__FrameHandler3@@@@YAHPAUEHExceptionRecord@@PAXPBU_s_HandlerType@@PBU_s_CatchableType@@@Z 10027ab0     libvcruntime:frame.obj
 0002:00007ad0       __sehtable$??$BuildCatchObjectInternal@V__FrameHandler3@@@@YAXPAUEHExceptionRecord@@PAXPBU_s_HandlerType@@PBU_s_CatchableType@@@Z 10027ad0     libvcruntime:frame.obj
 0002:00007b28       __sehtable$___DestructExceptionObject 10027b28     libvcruntime:ehhelpers.obj
 0002:00007b48       __sehtable$??R<lambda_6e4b09c48022b2350581041d5f6b0c4c>@@QBE@XZ 10027b48     libucrt:exit.obj
 0002:00007b68       __sehtable$??$?RV<lambda_03b1d95aef87969028cfba75ccab2455>@@AAV<lambda_6e4b09c48022b2350581041d5f6b0c4c>@@V<lambda_22bdf7517842c4b3e53723af5aa32b9e>@@@?$__crt_seh_guarded_call@X@@QAEX$$QAV<lambda_03b1d95aef87969028cfba75ccab2455>@@AAV<lambda_6e4b09c48022b2350581041d5f6b0c4c>@@$$QAV<lambda_22bdf7517842c4b3e53723af5aa32b9e>@@@Z 10027b68     libucrt:exit.obj
 0002:00007b88       __sehtable$??$?RV<lambda_8e746cf0007f6ed984d6f78af1fec997>@@AAV<lambda_22ebabd17bc4fa466a2aca6d8deb888d>@@V<lambda_18ed0c0b38a6dc0daf1e7ac6d6adf05e>@@@?$__crt_seh_guarded_call@H@@QAEH$$QAV<lambda_8e746cf0007f6ed984d6f78af1fec997>@@AAV<lambda_22ebabd17bc4fa466a2aca6d8deb888d>@@$$QAV<lambda_18ed0c0b38a6dc0daf1e7ac6d6adf05e>@@@Z 10027b88     libucrt:onexit.obj
 0002:00007ba8       __sehtable$??$?RV<lambda_69a2805e680e0e292e8ba93315fe43a8>@@AAV<lambda_f03950bc5685219e0bcd2087efbe011e>@@V<lambda_03fcd07e894ec930e3f35da366ca99d6>@@@?$__crt_seh_guarded_call@H@@QAEH$$QAV<lambda_69a2805e680e0e292e8ba93315fe43a8>@@AAV<lambda_f03950bc5685219e0bcd2087efbe011e>@@$$QAV<lambda_03fcd07e894ec930e3f35da366ca99d6>@@@Z 10027ba8     libucrt:onexit.obj
 0002:00007bc8       __sehtable$__query_new_handler 10027bc8     libucrt:new_handler.obj
 0002:00007be8       __sehtable$_terminate      10027be8     libucrt:terminate.obj
 0002:00007c08       __sehtable$??$?RV<lambda_15ade71b0218206bbe3333a0c9b79046>@@AAV<lambda_da44e0f8b0f19ba52fefafb335991732>@@V<lambda_207f2d024fc103971653565357d6cd41>@@@?$__crt_seh_guarded_call@X@@QAEX$$QAV<lambda_15ade71b0218206bbe3333a0c9b79046>@@AAV<lambda_da44e0f8b0f19ba52fefafb335991732>@@$$QAV<lambda_207f2d024fc103971653565357d6cd41>@@@Z 10027c08     libucrt:per_thread_data.obj
 0002:00007c28       __sehtable$??$?RV<lambda_a7e850c220f1c8d1e6efeecdedd162c6>@@AAV<lambda_46720907175c18b6c9d2717bc0d2d362>@@V<lambda_9048902d66e8d99359bc9897bbb930a8>@@@?$__crt_seh_guarded_call@X@@QAEX$$QAV<lambda_a7e850c220f1c8d1e6efeecdedd162c6>@@AAV<lambda_46720907175c18b6c9d2717bc0d2d362>@@$$QAV<lambda_9048902d66e8d99359bc9897bbb930a8>@@@Z 10027c28     libucrt:per_thread_data.obj
 0002:00007c48       __sehtable$??$?RV<lambda_38edbb1296d33220d7e4dd0ed76b244a>@@AAV<lambda_5ce1d447e08cb34b2473517608e21441>@@V<lambda_fb385d3da700c9147fc39e65dd577a8c>@@@?$__crt_seh_guarded_call@X@@QAEX$$QAV<lambda_38edbb1296d33220d7e4dd0ed76b244a>@@AAV<lambda_5ce1d447e08cb34b2473517608e21441>@@$$QAV<lambda_fb385d3da700c9147fc39e65dd577a8c>@@@Z 10027c48     libucrt:per_thread_data.obj
 0002:00007c68       __sehtable$??$?RV<lambda_6affb1475c98b40b75cdec977db92e3c>@@AAV<lambda_b8d4b9c228a6ecc3f80208dbb4b4a104>@@V<lambda_608742c3c92a14382c1684fc64f96c88>@@@?$__crt_seh_guarded_call@X@@QAEX$$QAV<lambda_6affb1475c98b40b75cdec977db92e3c>@@AAV<lambda_b8d4b9c228a6ecc3f80208dbb4b4a104>@@$$QAV<lambda_608742c3c92a14382c1684fc64f96c88>@@@Z 10027c68     libucrt:per_thread_data.obj
 0002:00007c88       __sehtable$??$?RV<lambda_e5124f882df8998aaf41531e079ba474>@@AAV<lambda_3e16ef9562a7dcce91392c22ab16ea36>@@V<lambda_e25ca0880e6ef98be67edffd8c599615>@@@?$__crt_seh_guarded_call@X@@QAEX$$QAV<lambda_e5124f882df8998aaf41531e079ba474>@@AAV<lambda_3e16ef9562a7dcce91392c22ab16ea36>@@$$QAV<lambda_e25ca0880e6ef98be67edffd8c599615>@@@Z 10027c88     libucrt:wsetlocale.obj
 0002:00007ca8       __sehtable$___acrt_initialize_lowio 10027ca8     libucrt:ioinit.obj
 0002:00007cc8       __sehtable$?update_thread_multibyte_data_internal@@YAPAU__crt_multibyte_data@@QAU__acrt_ptd@@QAPAU1@@Z 10027cc8     libucrt:mbctype.obj
 0002:00007ce8       __sehtable$??$?RV<lambda_ceb1ee4838e85a9d631eb091e2fbe199>@@AAV<lambda_ae742caa10f662c28703da3d2ea5e57e>@@V<lambda_cd08b5d6af4937fe54fc07d0c9bf6b37>@@@?$__crt_seh_guarded_call@X@@QAEX$$QAV<lambda_ceb1ee4838e85a9d631eb091e2fbe199>@@AAV<lambda_ae742caa10f662c28703da3d2ea5e57e>@@$$QAV<lambda_cd08b5d6af4937fe54fc07d0c9bf6b37>@@@Z 10027ce8     libucrt:mbctype.obj
 0002:00007d08       __sehtable$_raise          10027d08     libucrt:signal.obj
 0002:00007d28       __sehtable$??$?RV<lambda_cbab9ec6f41b0180b23cc171c22676b0>@@AAV<lambda_44731a7d0e6d81c3e6aa82d741081786>@@V<lambda_4b292cb8dd18144e164572427af410ab>@@@?$__crt_seh_guarded_call@P6AXH@Z@@QAEP6AXH@Z$$QAV<lambda_cbab9ec6f41b0180b23cc171c22676b0>@@AAV<lambda_44731a7d0e6d81c3e6aa82d741081786>@@$$QAV<lambda_4b292cb8dd18144e164572427af410ab>@@@Z 10027d28     libucrt:signal.obj
 0002:00007d48       __sehtable$??$?RV<lambda_2866be3712abc81a800a822484c830d8>@@AAV<lambda_39ca0ed439415581b5b15c265174cece>@@V<lambda_2b24c74d71094a6cd0cb82e44167d71b>@@@?$__crt_seh_guarded_call@X@@QAEX$$QAV<lambda_2866be3712abc81a800a822484c830d8>@@AAV<lambda_39ca0ed439415581b5b15c265174cece>@@$$QAV<lambda_2b24c74d71094a6cd0cb82e44167d71b>@@@Z 10027d48     libucrt:fflush.obj
 0002:00007d68       __sehtable$??$?RV<lambda_2cc53f568c5a2bb6f192f930a45d44ea>@@AAV<lambda_ab61a845afdef5b7c387490eaf3616ee>@@V<lambda_c2ffc0b7726aa6be21d5f0026187e748>@@@?$__crt_seh_guarded_call@X@@QAEX$$QAV<lambda_2cc53f568c5a2bb6f192f930a45d44ea>@@AAV<lambda_ab61a845afdef5b7c387490eaf3616ee>@@$$QAV<lambda_c2ffc0b7726aa6be21d5f0026187e748>@@@Z 10027d68     libucrt:fflush.obj
 0002:00007d88       __sehtable$___acrt_update_thread_locale_data 10027d88     libucrt:locale_refcounting.obj
 0002:00007da8       __sehtable$__fcloseall     10027da8     libucrt:closeall.obj
 0002:00007dc8       __sehtable$___acrt_lowio_ensure_fh_exists 10027dc8     libucrt:osfinfo.obj
 0002:00007de8       __sehtable$??$?RV<lambda_9e9de3de5fa147e2223d7db92bc10aa6>@@AAV<lambda_38ce7e780aa69e748d6df282ebc68efe>@@V<lambda_8ca6da459f0f6780f1cff60fdc3d00e5>@@@?$__crt_seh_guarded_call@H@@QAEH$$QAV<lambda_9e9de3de5fa147e2223d7db92bc10aa6>@@AAV<lambda_38ce7e780aa69e748d6df282ebc68efe>@@$$QAV<lambda_8ca6da459f0f6780f1cff60fdc3d00e5>@@@Z 10027de8     libucrt:commit.obj
 0002:00007e08       __sehtable$__write         10027e08     libucrt:write.obj
 0002:00007e28       __sehtable$_fclose         10027e28     libucrt:fclose.obj
 0002:00007e48       __sehtable$??$?RV<lambda_218ce3db14220d0be481dae8ef3383b6>@@AAV<lambda_628dfdc04ba53c8bfc02c9951375f3f5>@@V<lambda_57dc472bd5c9d5f3b2cbca59b8a843ae>@@@?$__crt_seh_guarded_call@H@@QAEH$$QAV<lambda_218ce3db14220d0be481dae8ef3383b6>@@AAV<lambda_628dfdc04ba53c8bfc02c9951375f3f5>@@$$QAV<lambda_57dc472bd5c9d5f3b2cbca59b8a843ae>@@@Z 10027e48     libucrt:close.obj
 0002:00007e68       __sehtable$__IsNonwritableInCurrentImage 10027e68     LIBCMT:pesect.obj
 0002:00007e90       .edata                     10027e90     OPOSRemoteOrderDisplay.exp
 0002:00007eb8       rgpv                       10027eb8     OPOSRemoteOrderDisplay.exp
 0002:00007ec8       rgszName                   10027ec8     OPOSRemoteOrderDisplay.exp
 0002:00007ed8       rgwOrd                     10027ed8     OPOSRemoteOrderDisplay.exp
 0002:00007ee0       szName                     10027ee0     OPOSRemoteOrderDisplay.exp
 0002:00007efb       $N00001                    10027efb     OPOSRemoteOrderDisplay.exp
 0002:00007f0b       $N00002                    10027f0b     OPOSRemoteOrderDisplay.exp
 0002:00007f1d       $N00003                    10027f1d     OPOSRemoteOrderDisplay.exp
 0002:00007f2f       $N00004                    10027f2f     OPOSRemoteOrderDisplay.exp
 0002:0000853e       .idata$6                   1002853e     kernel32:KERNEL32.dll
 0002:00008752       .idata$6                   10028752     user32:USER32.dll
 0002:00008886       .idata$6                   10028886     gdi32:GDI32.dll
 0002:0000892c       .idata$6                   1002892c     advapi32:ADVAPI32.dll
 0002:00008a48       .idata$6                   10028a48     ole32:ole32.dll
 0002:00008a52       .idata$6                   10028a52     oleaut32:OLEAUT32.dll
 0003:00000110       ?ObjectMap@@3PAU_ATL_OBJMAP_ENTRY30@ATL@@A 10029110     RemoteOrderDisplay.obj
 0003:000001d0       ?s_SOMethodNames@@3PAPADA  100291d0     RemoteOrderDisplayImpl.obj
 0003:0000025c       ?s_RequiredMethodsPerRelease@@3PAHA 1002925c     RemoteOrderDisplayImpl.obj
 0003:00000290       ?__vcrt_flsindex@@3KA      10029290     libvcruntime:per_thread_data.obj
 0003:000002b0       ?errno_no_memory@@3HA      100292b0     libucrt:errno.obj
 0003:000002b4       ?doserrno_no_memory@@3KA   100292b4     libucrt:errno.obj
 0003:000002c0       ?__acrt_flsindex@@3KA      100292c0     libucrt:per_thread_data.obj
 0003:00000658       __mbctypes                 10029658     libucrt:mbctype.obj
 0003:00000760       __mbcasemaps               10029760     libucrt:mbctype.obj
 0003:00000860       ?__rgctypeflag@@3PADA      10029860     libucrt:mbctype.obj
 0003:00000868       ?__rgcode_page_info@@3PAUcode_page_info@@A 10029868     libucrt:mbctype.obj
 0003:00000ac0       ?__dcrt_lowio_console_output_handle@@3PAXA 10029ac0     libucrt:initcon.obj
 0003:00000c58       ?is_initialized_as_dll@@3_NA 10029c58     LIBCMT:utility.obj
 0003:00000c59       ?module_local_atexit_table_initialized@@3_NA 10029c59     LIBCMT:utility.obj
 0003:00000c5c       ?module_local_atexit_table@@3U_onexit_table_t@@A 10029c5c     LIBCMT:utility.obj
 0003:00000c68       ?module_local_at_quick_exit_table@@3U_onexit_table_t@@A 10029c68     LIBCMT:utility.obj
 0003:00000c74       ?g_tss_cv@@3U_RTL_CONDITION_VARIABLE@@A 10029c74     LIBCMT:thread_safe_statics.obj
 0003:00000c78       ?g_tss_event@@3PAXA        10029c78     LIBCMT:thread_safe_statics.obj
 0003:00000c7c       ?g_tss_mutex@@3U_RTL_CRITICAL_SECTION@@A 10029c7c     LIBCMT:thread_safe_statics.obj
 0003:00000c94       ?g_sleep_condition_variable_cs@@3P6GHPAU_RTL_CONDITION_VARIABLE@@PAU_RTL_CRITICAL_SECTION@@K@ZA 10029c94     LIBCMT:thread_safe_statics.obj
 0003:00000c98       ?g_wake_all_condition_variable@@3P6GXPAU_RTL_CONDITION_VARIABLE@@@ZA 10029c98     LIBCMT:thread_safe_statics.obj
 0003:00000ca0       _GS_ExceptionRecord        10029ca0     LIBCMT:gs_report.obj
 0003:00000cf0       _GS_ContextRecord          10029cf0     LIBCMT:gs_report.obj
 0003:00000fc0       ?__proc_attached@@3HA      10029fc0     LIBCMT:dll_dllmain.obj
 0003:0000101c       ?AllocateData@@3P6GPAUAtlThunkData_t@@XZA 1002a01c     atls:atlthunk.obj
 0003:00001020       ?InitData@@3P6GXPAUAtlThunkData_t@@PAXI@ZA 1002a020     atls:atlthunk.obj
 0003:00001024       ?DataToCode@@3P6GP6GJPAUHWND__@@IIJ@ZPAUAtlThunkData_t@@@ZA 1002a024     atls:atlthunk.obj
 0003:00001028       ?FreeData@@3P6GXPAUAtlThunkData_t@@@ZA 1002a028     atls:atlthunk.obj
 0003:0000102c       ?Initialized@@3_NA         1002a02c     atls:atlthunk.obj
 0003:00001038       ?__vcrt_startup_thread_ptd@@3U__vcrt_ptd@@A 1002a038     libvcruntime:per_thread_data.obj
 0003:00001060       ___vcrt_lock_table         1002a060     libvcruntime:locks.obj
 0003:00001078       ___vcrt_locks_initialized  1002a078     libvcruntime:locks.obj
 0003:000010a4       ?heap@@3V_HeapManager@@A   1002a0a4     libvcruntime:undname.obj
 0003:000010b8       ?module_handles@@3PAPAUHINSTANCE__@@A 1002a0b8     libvcruntime:winapi_downlevel.obj
 0003:000010c4       ?function_pointers@@3PAPAXA 1002a0c4     libvcruntime:winapi_downlevel.obj
 0003:000010dc       ?__acrt_invalid_parameter_handler@@3V?$dual_state_global@P6AXPB_W00II@Z@__crt_state_management@@A 1002a0dc     libucrt:invalid_parameter.obj
 0003:000010e0       ?c_termination_complete@@3JA 1002a0e0     libucrt:exit.obj
 0003:000010e4       ?thread_local_exit_callback_func@@3P6GXPAXK0@ZA 1002a0e4     libucrt:exit.obj
 0003:000010f0       ?program_name@?1???$common_configure_argv@D@@YAHW4_crt_argv_mode@@@Z@4PADA 1002a0f0     libucrt:argv_parsing.obj
 0003:00001220       ?__acrt_new_handler@@3V?$dual_state_global@P6AHI@Z@__crt_state_management@@A 1002a220     libucrt:new_handler.obj
 0003:00001228       ?module_handles@@3PAPAUHINSTANCE__@@A 1002a228     libucrt:winapi_thunks.obj
 0003:00001278       ?encoded_function_pointers@@3PAPAXA 1002a278     libucrt:winapi_thunks.obj
 0003:00001300       ?internal_state@?1??_mbtowc_l@@9@4U_Mbstatet@@A 1002a300     libucrt:mbtowc.obj
 0003:00001310       ?enable_percent_n@@3IA     1002a310     libucrt:printf_count_output.obj
 0003:00001530       ?__acrt_lock_table@@3PAU_RTL_CRITICAL_SECTION@@A 1002a530     libucrt:locks.obj
 0003:00001680       ?__acrt_locks_initialized@@3IA 1002a680     libucrt:locks.obj
 0003:00001690       ?fSystemSet@@3HA           1002a690     libucrt:mbctype.obj
 0003:00001694       ?initialized@?1??__acrt_initialize_multibyte@@9@4_NA 1002a694     libucrt:mbctype.obj
 0003:000016b4       ?ctrlc_action@@3V?$dual_state_global@P6AXH@Z@__crt_state_management@@A 1002a6b4     libucrt:signal.obj
 0003:000016b8       ?ctrlbreak_action@@3V?$dual_state_global@P6AXH@Z@__crt_state_management@@A 1002a6b8     libucrt:signal.obj
 0003:000016bc       ?abort_action@@3V?$dual_state_global@P6AXH@Z@__crt_state_management@@A 1002a6bc     libucrt:signal.obj
 0003:000016c0       ?term_action@@3V?$dual_state_global@P6AXH@Z@__crt_state_management@@A 1002a6c0     libucrt:signal.obj
 0003:000016c4       ?user_matherr@@3V?$dual_state_global@P6AHPAU_exception@@@Z@__crt_state_management@@A 1002a6c4     libucrt:matherr.obj
 0003:000016c8       ?__acrt_global_new_mode@@3V?$dual_state_global@J@__crt_state_management@@A 1002a6c8     libucrt:new_mode.obj
 0003:000016d4       ?internal_pst@?1??__mbrtoc32_utf8@__crt_mbstring@@YAIPA_UPBDIPAU_Mbstatet@@@Z@4U3@A 1002a6d4     libucrt:mbrtoc32.obj
 0003:000016dc       ?__acrt_app_type@@3W4_crt_app_type@@A 1002a6dc     libucrt:report_runtime_error.obj
 0003:000016e4       __pmatherr_set             1002a6e4     libucrt:libm_error.obj
 0004:00000220       $R000000                   1002b220     RemoteOrderDisplay.res
 0004:00000bc0       $R0009A0                   1002bbc0     RemoteOrderDisplay.res
 0004:00000ca8       $R000A88                   1002bca8     RemoteOrderDisplay.res
 0004:00000f10       $R000CF0                   1002bf10     RemoteOrderDisplay.res
 0004:00001478       $R001258                   1002c478     RemoteOrderDisplay.res
 0004:00005688       $R005468                   10030688     RemoteOrderDisplay.res
 0004:000056d0       $R0054B0                   100306d0     RemoteOrderDisplay.res
