 OPOSElectronicJournal

 Timestamp is 5c43fdb2 (Sun Jan 20 13:48:50 2019)

 Preferred load address is 10000000

 Start         Length     Name                   Class
 0001:00000000 00000080H .text$di                CODE
 0001:00000080 0001d57bH .text$mn                CODE
 0001:0001d5fb 00000051H .text$x                 CODE
 0001:0001d64c 00000042H .text$yd                CODE
 0002:00000000 00000300H .idata$5                DATA
 0002:00000300 00000004H .00cfg                  DATA
 0002:00000304 00000004H .CRT$XCA                DATA
 0002:00000308 00000004H .CRT$XCL                DATA
 0002:0000030c 00000010H .CRT$XCU                DATA
 0002:0000031c 00000004H .CRT$XCZ                DATA
 0002:00000320 00000004H .CRT$XIA                DATA
 0002:00000324 00000010H .CRT$XIC                DATA
 0002:00000334 00000004H .CRT$XIZ                DATA
 0002:00000338 00000004H .CRT$XLA                DATA
 0002:0000033c 00000004H .CRT$XLZ                DATA
 0002:00000340 00000004H .CRT$XPA                DATA
 0002:00000344 00000008H .CRT$XPX                DATA
 0002:0000034c 00000004H .CRT$XPXA               DATA
 0002:00000350 00000004H .CRT$XPZ                DATA
 0002:00000354 00000004H .CRT$XTA                DATA
 0002:00000358 00000008H .CRT$XTZ                DATA
 0002:0000035c 00000000H .gfids$x                DATA
 0002:0000035c 00000000H .gfids$y                DATA
 0002:00000360 00007018H .rdata                  DATA
 0002:00007378 00000018H .rdata$T                DATA
 0002:00007390 00000180H .rdata$r                DATA
 0002:00007510 00000020H .rdata$sxdata           DATA
 0002:00007530 000003e4H .rdata$zzzdbg           DATA
 0002:00007914 00000004H .rtc$IAA                DATA
 0002:00007918 00000004H .rtc$IZZ                DATA
 0002:0000791c 00000004H .rtc$TAA                DATA
 0002:00007920 00000004H .rtc$TZZ                DATA
 0002:00007924 00000004H .tls                    DATA
 0002:00007928 00000004H .tls$                   DATA
 0002:0000792c 00000004H .tls$ZZZ                DATA
 0002:00007930 000005f4H .xdata$x                DATA
 0002:00007f24 00000004H ATL$__a                 DATA
 0002:00007f28 00000008H ATL$__z                 DATA
 0002:00007f30 000000b4H .edata                  DATA
 0002:00007fe4 00000078H .idata$2                DATA
 0002:0000805c 00000014H .idata$3                DATA
 0002:00008070 00000300H .idata$4                DATA
 0002:00008370 00000bdeH .idata$6                DATA
 0003:00000000 000009d0H .data                   DATA
 0003:000009d0 00000098H .data$r                 DATA
 0003:00000a68 00000b5cH .bss                    DATA
 0004:00000000 00000220H .rsrc$01                DATA
 0004:00000220 00005070H .rsrc$02                DATA

  Address         Publics by Value              Rva+Base       Lib:Object

 0000:00000000       ___volatile_metadata       00000000     <absolute>
 0000:00000000       ___guard_longjmp_table     00000000     <absolute>
 0000:00000000       ___hybrid_code_map_count   00000000     <absolute>
 0000:00000000       ___guard_iat_count         00000000     <absolute>
 0000:00000000       ___dynamic_value_reloc_table 00000000     <absolute>
 0000:00000000       ___guard_longjmp_count     00000000     <absolute>
 0000:00000000       __except_list              00000000     <absolute>
 0000:00000000       ___guard_fids_table        00000000     <absolute>
 0000:00000000       ___guard_fids_count        00000000     <absolute>
 0000:00000000       ___guard_iat_table         00000000     <absolute>
 0000:00000000       ___enclave_config          00000000     <absolute>
 0000:00000000       ___hybrid_auxiliary_iat    00000000     <absolute>
 0000:00000000       ___hybrid_code_map         00000000     <absolute>
 0000:00000008       ___safe_se_handler_count   00000008     <absolute>
 0000:0000002c       __tls_array                0000002c     <absolute>
 0000:00000100       ___guard_flags             00000100     <absolute>
 0000:00000000       ___ImageBase               10000000     <linker-defined>
 0001:00000080       ?DupWide@_CW@@AAEXXZ       10001080 f   CWString.obj
 0001:0000009c       ?cw_dup@@YGXPBDAAHAAPA_W1@Z 1000109c f   CWString.obj
 0001:0000010b       ?cw_memcpy@@YGHPA_WPBDH@Z  1000110b f   CWString.obj
 0001:00000137       ?cw_strcpy@@YAHPA_WPBD@Z   10001137 f   CWString.obj
 0001:0000014a       ?cw_strlen@@YAHPBD@Z       1000114a f   CWString.obj
 0001:00000163       ??0CAtlComModule@ATL@@QAE@XZ 10001163 f i OposVariant.obj
 0001:000001a8       ??0CAtlWinModule@ATL@@QAE@XZ 100011a8 f i OposVariant.obj
 0001:000001df       ??0OposDispParms@@QAE@PAVOposVariant@@H@Z 100011df f   OposVariant.obj
 0001:00000250       ??1OposDispParms@@QAE@XZ   10001250 f   OposVariant.obj
 0001:0000025e       ??A?$CSimpleArray@GV?$CSimpleArrayEqualHelper@G@ATL@@@ATL@@QAEAAGH@Z 1000125e f i OposVariant.obj
 0001:00000283       ??_Estringdispid@CComTypeInfoHolder@ATL@@QAEPAXI@Z 10001283 f i OposVariant.obj
 0001:000002ef       ?AtlWinModuleInit@ATL@@YGJPAU_ATL_WIN_MODULE70@1@@Z 100012ef f i OposVariant.obj
 0001:00000315       ?AtlWinModuleTerm@ATL@@YGJPAU_ATL_WIN_MODULE70@1@PAUHINSTANCE__@@@Z 10001315 f i OposVariant.obj
 0001:00000378       ?ChangeBSTR@OposVariant@@QAEXPAPA_WAAJ@Z 10001378 f   OposVariant.obj
 0001:000003b9       ?ChangeCURRENCY@OposVariant@@QAEXPATtagCY@@AAJ@Z 100013b9 f   OposVariant.obj
 0001:00000408       ?ChangeLONG@OposVariant@@QAEXPAJAAJ@Z 10001408 f   OposVariant.obj
 0001:00000449       ?GetLONG@OposVariant@@QAEJXZ 10001449 f   OposVariant.obj
 0001:00000464       ?Init@CComCriticalSection@ATL@@QAEJXZ 10001464 f i OposVariant.obj
 0001:0000048c       ?RemoveAll@?$CSimpleArray@PAUHINSTANCE__@@V?$CSimpleArrayEqualHelper@PAUHINSTANCE__@@@ATL@@@ATL@@QAEXXZ 1000148c f i atls:atlbase.obj
 0001:0000048c       ?RemoveAll@?$CSimpleArray@GV?$CSimpleArrayEqualHelper@G@ATL@@@ATL@@QAEXXZ 1000148c f i OposVariant.obj
 0001:000004a9       ?SetBSTR@OposVariant@@QAEXPA_WAAJ@Z 100014a9 f   OposVariant.obj
 0001:000004dd       ?SetBSTR_Copy@OposVariant@@QAEXPA_WAAJ@Z 100014dd f   OposVariant.obj
 0001:0000052d       ?SetBSTR_InOutPtr@OposVariant@@QAE_NPAPA_WAAJ@Z 1000152d f   OposVariant.obj
 0001:00000564       ?SetBSTR_OutPtr@OposVariant@@QAE_NPAPA_WAAJ@Z 10001564 f   OposVariant.obj
 0001:00000580       ?SetDispatch_Ptr@OposVariant@@QAEXPAUIDispatch@@AAJ@Z 10001580 f   OposVariant.obj
 0001:000005bb       ?SetLONG@OposVariant@@QAEXJ@Z 100015bb f   OposVariant.obj
 0001:000005dd       ?SetLONG_Ptr@OposVariant@@QAEXPAJAAJ@Z 100015dd f   OposVariant.obj
 0001:00000610       ?SetString@OposVariant@@QAEXPB_WAAJ@Z 10001610 f   OposVariant.obj
 0001:00000656       ?SetVARIANT_BOOL@OposVariant@@QAEXF@Z 10001656 f   OposVariant.obj
 0001:00000680       ?Term@CAtlComModule@ATL@@QAEXXZ 10001680 f i OposVariant.obj
 0001:000006ca       ?_AtlRaiseException@ATL@@YAXKK@Z 100016ca f i OposVariant.obj
 0001:000006df       ?AddRef@?$CComObjectCached@VCComClassFactory@ATL@@@ATL@@UAGKXZ 100016df f i ElectronicJournal.obj
 0001:00000706       ?Release@?$CComObjectCached@VCComClassFactory@ATL@@@ATL@@UAGKXZ 10001706 f i ElectronicJournal.obj
 0001:0000073c       ?QueryInterface@?$CComObjectCached@VCComClassFactory@ATL@@@ATL@@UAGJABU_GUID@@PAPAX@Z 1000173c f i ElectronicJournal.obj
 0001:00000756       ??_E?$CComObjectCached@VCComClassFactory@ATL@@@ATL@@UAEPAXI@Z 10001756 f i ElectronicJournal.obj
 0001:00000756       ??_G?$CComObjectCached@VCComClassFactory@ATL@@@ATL@@UAEPAXI@Z 10001756 f i ElectronicJournal.obj
 0001:00000778       ?AddRef@?$CComAggObject@VCOPOSElectronicJournal@@@ATL@@UAGKXZ 10001778 f i ElectronicJournal.obj
 0001:00000789       ?Release@?$CComAggObject@VCOPOSElectronicJournal@@@ATL@@UAGKXZ 10001789 f i ElectronicJournal.obj
 0001:000007c5       ?QueryInterface@?$CComAggObject@VCOPOSElectronicJournal@@@ATL@@UAGJABU_GUID@@PAPAX@Z 100017c5 f i ElectronicJournal.obj
 0001:00000814       ?AddRef@?$CComContainedObject@VCOPOSElectronicJournal@@@ATL@@UAGKXZ 10001814 f i ElectronicJournal.obj
 0001:0000082a       ?Release@?$CComContainedObject@VCOPOSElectronicJournal@@@ATL@@UAGKXZ 1000182a f i ElectronicJournal.obj
 0001:00000840       ?QueryInterface@?$CComContainedObject@VCOPOSElectronicJournal@@@ATL@@UAGJABU_GUID@@PAPAX@Z 10001840 f i ElectronicJournal.obj
 0001:0000085b       ??_E?$CComAggObject@VCOPOSElectronicJournal@@@ATL@@UAEPAXI@Z 1000185b f i ElectronicJournal.obj
 0001:0000085b       ??_G?$CComAggObject@VCOPOSElectronicJournal@@@ATL@@UAEPAXI@Z 1000185b f i ElectronicJournal.obj
 0001:00000880       ?AddRef@?$CComObject@VCOPOSElectronicJournal@@@ATL@@UAGKXZ 10001880 f i ElectronicJournal.obj
 0001:00000897       ?Release@?$CComObject@VCOPOSElectronicJournal@@@ATL@@UAGKXZ 10001897 f i ElectronicJournal.obj
 0001:000008d9       ?QueryInterface@?$CComObject@VCOPOSElectronicJournal@@@ATL@@UAGJABU_GUID@@PAPAX@Z 100018d9 f i ElectronicJournal.obj
 0001:000008f3       ?ObjectMain@CComObjectRootBase@ATL@@SGX_N@Z 100018f3 f i ElectronicJournal.obj
 0001:000008f3       ?OnFinalMessage@?$CWindowImplBaseT@VCWindow@ATL@@V?$CWinTraits@$0FGAAAAAA@$0A@@2@@ATL@@UAEXPAUHWND__@@@Z 100018f3 f i ElectronicJournal.obj
 0001:000008f6       ?GetCategoryMap@CComObjectRootBase@ATL@@SAPBU_ATL_CATMAP_ENTRY@2@XZ 100018f6 f i ElectronicJournal.obj
 0001:000008f6       ?GetObjectDescription@?$CComCoClass@VCOPOSElectronicJournal@@$1?CLSID_OPOSElectronicJournal@@3U_GUID@@B@ATL@@SGPB_WXZ 100018f6 f i ElectronicJournal.obj
 0001:000008f9       ?CreateInstance@CComClassFactory@ATL@@UAGJPAUIUnknown@@ABU_GUID@@PAPAX@Z 100018f9 f i ElectronicJournal.obj
 0001:00000937       ?LockServer@CComClassFactory@ATL@@UAGJH@Z 10001937 f i ElectronicJournal.obj
 0001:00000956       ??_GCComClassFactory@ATL@@UAEPAXI@Z 10001956 f i ElectronicJournal.obj
 0001:00000956       ??_ECComClassFactory@ATL@@UAEPAXI@Z 10001956 f i ElectronicJournal.obj
 0001:00000981       ?OnDrawAdvanced@CComControlBase@ATL@@UAEJAAUATL_DRAWINFO@@@Z 10001981 f i ElectronicJournal.obj
 0001:00000a70       ?Next@?$CComEnumImpl@UIEnumConnections@@$1?_GUID_b196b287_bab4_101a_b69c_00aa00341d07@@3U__s_GUID@@BUtagCONNECTDATA@@V?$_Copy@UtagCONNECTDATA@@@ATL@@@ATL@@UAGJKPAUtagCONNECTDATA@@PAK@Z 10001a70 f i ElectronicJournal.obj
 0001:00000b47       ?Skip@?$CComEnumImpl@UIEnumConnections@@$1?_GUID_b196b287_bab4_101a_b69c_00aa00341d07@@3U__s_GUID@@BUtagCONNECTDATA@@V?$_Copy@UtagCONNECTDATA@@@ATL@@@ATL@@UAGJK@Z 10001b47 f i ElectronicJournal.obj
 0001:00000b74       ?Reset@?$CComEnumImpl@UIEnumConnectionPoints@@$1?_GUID_b196b285_bab4_101a_b69c_00aa00341d07@@3U__s_GUID@@BPAUIConnectionPoint@@V?$_CopyInterface@UIConnectionPoint@@@ATL@@@ATL@@UAGJXZ 10001b74 f i ElectronicJournal.obj
 0001:00000b74       ?Reset@?$CComEnumImpl@UIEnumConnections@@$1?_GUID_b196b287_bab4_101a_b69c_00aa00341d07@@3U__s_GUID@@BUtagCONNECTDATA@@V?$_Copy@UtagCONNECTDATA@@@ATL@@@ATL@@UAGJXZ 10001b74 f i ElectronicJournal.obj
 0001:00000b86       ?Clone@?$CComEnumImpl@UIEnumConnections@@$1?_GUID_b196b287_bab4_101a_b69c_00aa00341d07@@3U__s_GUID@@BUtagCONNECTDATA@@V?$_Copy@UtagCONNECTDATA@@@ATL@@@ATL@@UAGJPAPAUIEnumConnections@@@Z 10001b86 f i ElectronicJournal.obj
 0001:00000c65       ?AddRef@?$CComObject@V?$CComEnum@UIEnumConnectionPoints@@$1?_GUID_b196b285_bab4_101a_b69c_00aa00341d07@@3U__s_GUID@@BPAUIConnectionPoint@@V?$_CopyInterface@UIConnectionPoint@@@ATL@@VCComSingleThreadModel@6@@ATL@@@ATL@@UAGKXZ 10001c65 f i ElectronicJournal.obj
 0001:00000c65       ?AddRef@?$CComObject@V?$CComEnum@UIEnumConnections@@$1?_GUID_b196b287_bab4_101a_b69c_00aa00341d07@@3U__s_GUID@@BUtagCONNECTDATA@@V?$_Copy@UtagCONNECTDATA@@@ATL@@VCComSingleThreadModel@6@@ATL@@@ATL@@UAGKXZ 10001c65 f i ElectronicJournal.obj
 0001:00000c76       ?Release@?$CComObject@V?$CComEnum@UIEnumConnections@@$1?_GUID_b196b287_bab4_101a_b69c_00aa00341d07@@3U__s_GUID@@BUtagCONNECTDATA@@V?$_Copy@UtagCONNECTDATA@@@ATL@@VCComSingleThreadModel@6@@ATL@@@ATL@@UAGKXZ 10001c76 f i ElectronicJournal.obj
 0001:00000c76       ?Release@?$CComObject@V?$CComEnum@UIEnumConnectionPoints@@$1?_GUID_b196b285_bab4_101a_b69c_00aa00341d07@@3U__s_GUID@@BPAUIConnectionPoint@@V?$_CopyInterface@UIConnectionPoint@@@ATL@@VCComSingleThreadModel@6@@ATL@@@ATL@@UAGKXZ 10001c76 f i ElectronicJournal.obj
 0001:00000cb2       ?QueryInterface@?$CComObject@V?$CComEnum@UIEnumConnections@@$1?_GUID_b196b287_bab4_101a_b69c_00aa00341d07@@3U__s_GUID@@BUtagCONNECTDATA@@V?$_Copy@UtagCONNECTDATA@@@ATL@@VCComSingleThreadModel@6@@ATL@@@ATL@@UAGJABU_GUID@@PAPAX@Z 10001cb2 f i ElectronicJournal.obj
 0001:00000ccc       ??_E?$CComObject@V?$CComEnum@UIEnumConnections@@$1?_GUID_b196b287_bab4_101a_b69c_00aa00341d07@@3U__s_GUID@@BUtagCONNECTDATA@@V?$_Copy@UtagCONNECTDATA@@@ATL@@VCComSingleThreadModel@6@@ATL@@@ATL@@UAEPAXI@Z 10001ccc f i ElectronicJournal.obj
 0001:00000ccc       ??_G?$CComObject@V?$CComEnum@UIEnumConnections@@$1?_GUID_b196b287_bab4_101a_b69c_00aa00341d07@@3U__s_GUID@@BUtagCONNECTDATA@@V?$_Copy@UtagCONNECTDATA@@@ATL@@VCComSingleThreadModel@6@@ATL@@@ATL@@UAEPAXI@Z 10001ccc f i ElectronicJournal.obj
 0001:00000cee       ??_E?$CComObject@VCOPOSElectronicJournal@@@ATL@@W3AEPAXI@Z 10001cee f i ElectronicJournal.obj
 0001:00000cf6       ??_E?$CComObject@VCOPOSElectronicJournal@@@ATL@@WEM@AEPAXI@Z 10001cf6 f i ElectronicJournal.obj
 0001:00000cfe       ?QueryInterface@?$CComObject@VCOPOSElectronicJournal@@@ATL@@WHA@AGJABU_GUID@@PAPAX@Z 10001cfe f i ElectronicJournal.obj
 0001:00000d08       ?AddRef@?$CComObject@VCOPOSElectronicJournal@@@ATL@@WHA@AGKXZ 10001d08 f i ElectronicJournal.obj
 0001:00000d12       ?Release@?$CComObject@VCOPOSElectronicJournal@@@ATL@@WHA@AGKXZ 10001d12 f i ElectronicJournal.obj
 0001:00000d1c       ?QueryInterface@?$CComObject@VCOPOSElectronicJournal@@@ATL@@WHE@AGJABU_GUID@@PAPAX@Z 10001d1c f i ElectronicJournal.obj
 0001:00000d26       ?AddRef@?$CComObject@VCOPOSElectronicJournal@@@ATL@@WHE@AGKXZ 10001d26 f i ElectronicJournal.obj
 0001:00000d30       ?Release@?$CComObject@VCOPOSElectronicJournal@@@ATL@@WHE@AGKXZ 10001d30 f i ElectronicJournal.obj
 0001:00000d3a       ?QueryInterface@?$CComObject@VCOPOSElectronicJournal@@@ATL@@WHI@AGJABU_GUID@@PAPAX@Z 10001d3a f i ElectronicJournal.obj
 0001:00000d44       ?AddRef@?$CComObject@VCOPOSElectronicJournal@@@ATL@@WHI@AGKXZ 10001d44 f i ElectronicJournal.obj
 0001:00000d4e       ?Release@?$CComObject@VCOPOSElectronicJournal@@@ATL@@WHI@AGKXZ 10001d4e f i ElectronicJournal.obj
 0001:00000d58       ?QueryInterface@?$CComObject@VCOPOSElectronicJournal@@@ATL@@WHM@AGJABU_GUID@@PAPAX@Z 10001d58 f i ElectronicJournal.obj
 0001:00000d62       ?AddRef@?$CComObject@VCOPOSElectronicJournal@@@ATL@@WHM@AGKXZ 10001d62 f i ElectronicJournal.obj
 0001:00000d6c       ?Release@?$CComObject@VCOPOSElectronicJournal@@@ATL@@WHM@AGKXZ 10001d6c f i ElectronicJournal.obj
 0001:00000d76       ?QueryInterface@?$CComObject@VCOPOSElectronicJournal@@@ATL@@WIA@AGJABU_GUID@@PAPAX@Z 10001d76 f i ElectronicJournal.obj
 0001:00000d83       ?AddRef@?$CComObject@VCOPOSElectronicJournal@@@ATL@@WIA@AGKXZ 10001d83 f i ElectronicJournal.obj
 0001:00000d90       ?Release@?$CComObject@VCOPOSElectronicJournal@@@ATL@@WIA@AGKXZ 10001d90 f i ElectronicJournal.obj
 0001:00000d9d       ?QueryInterface@?$CComObject@VCOPOSElectronicJournal@@@ATL@@WIE@AGJABU_GUID@@PAPAX@Z 10001d9d f i ElectronicJournal.obj
 0001:00000daa       ?AddRef@?$CComObject@VCOPOSElectronicJournal@@@ATL@@WIE@AGKXZ 10001daa f i ElectronicJournal.obj
 0001:00000db7       ?Release@?$CComObject@VCOPOSElectronicJournal@@@ATL@@WIE@AGKXZ 10001db7 f i ElectronicJournal.obj
 0001:00000dc4       ?QueryInterface@?$CComObject@VCOPOSElectronicJournal@@@ATL@@WII@AGJABU_GUID@@PAPAX@Z 10001dc4 f i ElectronicJournal.obj
 0001:00000dd1       ?AddRef@?$CComObject@VCOPOSElectronicJournal@@@ATL@@WII@AGKXZ 10001dd1 f i ElectronicJournal.obj
 0001:00000dde       ?Release@?$CComObject@VCOPOSElectronicJournal@@@ATL@@WII@AGKXZ 10001dde f i ElectronicJournal.obj
 0001:00000deb       ?QueryInterface@?$CComObject@VCOPOSElectronicJournal@@@ATL@@WIM@AGJABU_GUID@@PAPAX@Z 10001deb f i ElectronicJournal.obj
 0001:00000df8       ?AddRef@?$CComObject@VCOPOSElectronicJournal@@@ATL@@WIM@AGKXZ 10001df8 f i ElectronicJournal.obj
 0001:00000e05       ?Release@?$CComObject@VCOPOSElectronicJournal@@@ATL@@WIM@AGKXZ 10001e05 f i ElectronicJournal.obj
 0001:00000e12       ?QueryInterface@?$CComObject@VCOPOSElectronicJournal@@@ATL@@WJA@AGJABU_GUID@@PAPAX@Z 10001e12 f i ElectronicJournal.obj
 0001:00000e1f       ?AddRef@?$CComObject@VCOPOSElectronicJournal@@@ATL@@WJA@AGKXZ 10001e1f f i ElectronicJournal.obj
 0001:00000e2c       ?Release@?$CComObject@VCOPOSElectronicJournal@@@ATL@@WJA@AGKXZ 10001e2c f i ElectronicJournal.obj
 0001:00000e39       ?QueryInterface@?$CComObject@VCOPOSElectronicJournal@@@ATL@@WJE@AGJABU_GUID@@PAPAX@Z 10001e39 f i ElectronicJournal.obj
 0001:00000e46       ?AddRef@?$CComObject@VCOPOSElectronicJournal@@@ATL@@WJE@AGKXZ 10001e46 f i ElectronicJournal.obj
 0001:00000e53       ?Release@?$CComObject@VCOPOSElectronicJournal@@@ATL@@WJE@AGKXZ 10001e53 f i ElectronicJournal.obj
 0001:00000e60       ?QueryInterface@?$CComObject@VCOPOSElectronicJournal@@@ATL@@WJI@AGJABU_GUID@@PAPAX@Z 10001e60 f i ElectronicJournal.obj
 0001:00000e6d       ?AddRef@?$CComObject@VCOPOSElectronicJournal@@@ATL@@WJI@AGKXZ 10001e6d f i ElectronicJournal.obj
 0001:00000e7a       ?Release@?$CComObject@VCOPOSElectronicJournal@@@ATL@@WJI@AGKXZ 10001e7a f i ElectronicJournal.obj
 0001:00000e87       ?QueryInterface@?$CComObject@VCOPOSElectronicJournal@@@ATL@@WJM@AGJABU_GUID@@PAPAX@Z 10001e87 f i ElectronicJournal.obj
 0001:00000e94       ?AddRef@?$CComObject@VCOPOSElectronicJournal@@@ATL@@WJM@AGKXZ 10001e94 f i ElectronicJournal.obj
 0001:00000ea1       ?Release@?$CComObject@VCOPOSElectronicJournal@@@ATL@@WJM@AGKXZ 10001ea1 f i ElectronicJournal.obj
 0001:00000eae       ?QueryInterface@?$CComObject@VCOPOSElectronicJournal@@@ATL@@WKA@AGJABU_GUID@@PAPAX@Z 10001eae f i ElectronicJournal.obj
 0001:00000ebb       ?AddRef@?$CComObject@VCOPOSElectronicJournal@@@ATL@@WKA@AGKXZ 10001ebb f i ElectronicJournal.obj
 0001:00000ec8       ?Release@?$CComObject@VCOPOSElectronicJournal@@@ATL@@WKA@AGKXZ 10001ec8 f i ElectronicJournal.obj
 0001:00000ed5       ?AddRef@?$CComObject@VCOPOSElectronicJournal@@@ATL@@WKI@AGKXZ 10001ed5 f i ElectronicJournal.obj
 0001:00000ee2       ?Release@?$CComObject@VCOPOSElectronicJournal@@@ATL@@WKI@AGKXZ 10001ee2 f i ElectronicJournal.obj
 0001:00000eef       ?AddRef@?$CComObject@VCOPOSElectronicJournal@@@ATL@@WLE@AGKXZ 10001eef f i ElectronicJournal.obj
 0001:00000efc       ?Release@?$CComObject@VCOPOSElectronicJournal@@@ATL@@WLE@AGKXZ 10001efc f i ElectronicJournal.obj
 0001:00000f09       ??_E?$CComContainedObject@VCOPOSElectronicJournal@@@ATL@@W3AEPAXI@Z 10001f09 f i ElectronicJournal.obj
 0001:00000f11       ??_E?$CComContainedObject@VCOPOSElectronicJournal@@@ATL@@WEM@AEPAXI@Z 10001f11 f i ElectronicJournal.obj
 0001:00000f19       ?QueryInterface@?$CComContainedObject@VCOPOSElectronicJournal@@@ATL@@WHA@AGJABU_GUID@@PAPAX@Z 10001f19 f i ElectronicJournal.obj
 0001:00000f23       ?AddRef@?$CComContainedObject@VCOPOSElectronicJournal@@@ATL@@WHA@AGKXZ 10001f23 f i ElectronicJournal.obj
 0001:00000f2d       ?Release@?$CComContainedObject@VCOPOSElectronicJournal@@@ATL@@WHA@AGKXZ 10001f2d f i ElectronicJournal.obj
 0001:00000f37       ?QueryInterface@?$CComContainedObject@VCOPOSElectronicJournal@@@ATL@@WHE@AGJABU_GUID@@PAPAX@Z 10001f37 f i ElectronicJournal.obj
 0001:00000f41       ?AddRef@?$CComContainedObject@VCOPOSElectronicJournal@@@ATL@@WHE@AGKXZ 10001f41 f i ElectronicJournal.obj
 0001:00000f4b       ?Release@?$CComContainedObject@VCOPOSElectronicJournal@@@ATL@@WHE@AGKXZ 10001f4b f i ElectronicJournal.obj
 0001:00000f55       ?QueryInterface@?$CComContainedObject@VCOPOSElectronicJournal@@@ATL@@WHI@AGJABU_GUID@@PAPAX@Z 10001f55 f i ElectronicJournal.obj
 0001:00000f5f       ?AddRef@?$CComContainedObject@VCOPOSElectronicJournal@@@ATL@@WHI@AGKXZ 10001f5f f i ElectronicJournal.obj
 0001:00000f69       ?Release@?$CComContainedObject@VCOPOSElectronicJournal@@@ATL@@WHI@AGKXZ 10001f69 f i ElectronicJournal.obj
 0001:00000f73       ?QueryInterface@?$CComContainedObject@VCOPOSElectronicJournal@@@ATL@@WHM@AGJABU_GUID@@PAPAX@Z 10001f73 f i ElectronicJournal.obj
 0001:00000f7d       ?AddRef@?$CComContainedObject@VCOPOSElectronicJournal@@@ATL@@WHM@AGKXZ 10001f7d f i ElectronicJournal.obj
 0001:00000f87       ?Release@?$CComContainedObject@VCOPOSElectronicJournal@@@ATL@@WHM@AGKXZ 10001f87 f i ElectronicJournal.obj
 0001:00000f91       ?QueryInterface@?$CComContainedObject@VCOPOSElectronicJournal@@@ATL@@WIA@AGJABU_GUID@@PAPAX@Z 10001f91 f i ElectronicJournal.obj
 0001:00000f9e       ?AddRef@?$CComContainedObject@VCOPOSElectronicJournal@@@ATL@@WIA@AGKXZ 10001f9e f i ElectronicJournal.obj
 0001:00000fab       ?Release@?$CComContainedObject@VCOPOSElectronicJournal@@@ATL@@WIA@AGKXZ 10001fab f i ElectronicJournal.obj
 0001:00000fb8       ?QueryInterface@?$CComContainedObject@VCOPOSElectronicJournal@@@ATL@@WIE@AGJABU_GUID@@PAPAX@Z 10001fb8 f i ElectronicJournal.obj
 0001:00000fc5       ?AddRef@?$CComContainedObject@VCOPOSElectronicJournal@@@ATL@@WIE@AGKXZ 10001fc5 f i ElectronicJournal.obj
 0001:00000fd2       ?Release@?$CComContainedObject@VCOPOSElectronicJournal@@@ATL@@WIE@AGKXZ 10001fd2 f i ElectronicJournal.obj
 0001:00000fdf       ?QueryInterface@?$CComContainedObject@VCOPOSElectronicJournal@@@ATL@@WII@AGJABU_GUID@@PAPAX@Z 10001fdf f i ElectronicJournal.obj
 0001:00000fec       ?AddRef@?$CComContainedObject@VCOPOSElectronicJournal@@@ATL@@WII@AGKXZ 10001fec f i ElectronicJournal.obj
 0001:00000ff9       ?Release@?$CComContainedObject@VCOPOSElectronicJournal@@@ATL@@WII@AGKXZ 10001ff9 f i ElectronicJournal.obj
 0001:00001006       ?QueryInterface@?$CComContainedObject@VCOPOSElectronicJournal@@@ATL@@WIM@AGJABU_GUID@@PAPAX@Z 10002006 f i ElectronicJournal.obj
 0001:00001013       ?AddRef@?$CComContainedObject@VCOPOSElectronicJournal@@@ATL@@WIM@AGKXZ 10002013 f i ElectronicJournal.obj
 0001:00001020       ?Release@?$CComContainedObject@VCOPOSElectronicJournal@@@ATL@@WIM@AGKXZ 10002020 f i ElectronicJournal.obj
 0001:0000102d       ?QueryInterface@?$CComContainedObject@VCOPOSElectronicJournal@@@ATL@@WJA@AGJABU_GUID@@PAPAX@Z 1000202d f i ElectronicJournal.obj
 0001:0000103a       ?AddRef@?$CComContainedObject@VCOPOSElectronicJournal@@@ATL@@WJA@AGKXZ 1000203a f i ElectronicJournal.obj
 0001:00001047       ?Release@?$CComContainedObject@VCOPOSElectronicJournal@@@ATL@@WJA@AGKXZ 10002047 f i ElectronicJournal.obj
 0001:00001054       ?QueryInterface@?$CComContainedObject@VCOPOSElectronicJournal@@@ATL@@WJE@AGJABU_GUID@@PAPAX@Z 10002054 f i ElectronicJournal.obj
 0001:00001061       ?AddRef@?$CComContainedObject@VCOPOSElectronicJournal@@@ATL@@WJE@AGKXZ 10002061 f i ElectronicJournal.obj
 0001:0000106e       ?Release@?$CComContainedObject@VCOPOSElectronicJournal@@@ATL@@WJE@AGKXZ 1000206e f i ElectronicJournal.obj
 0001:0000107b       ?QueryInterface@?$CComContainedObject@VCOPOSElectronicJournal@@@ATL@@WJI@AGJABU_GUID@@PAPAX@Z 1000207b f i ElectronicJournal.obj
 0001:00001088       ?AddRef@?$CComContainedObject@VCOPOSElectronicJournal@@@ATL@@WJI@AGKXZ 10002088 f i ElectronicJournal.obj
 0001:00001095       ?Release@?$CComContainedObject@VCOPOSElectronicJournal@@@ATL@@WJI@AGKXZ 10002095 f i ElectronicJournal.obj
 0001:000010a2       ?QueryInterface@?$CComContainedObject@VCOPOSElectronicJournal@@@ATL@@WJM@AGJABU_GUID@@PAPAX@Z 100020a2 f i ElectronicJournal.obj
 0001:000010af       ?AddRef@?$CComContainedObject@VCOPOSElectronicJournal@@@ATL@@WJM@AGKXZ 100020af f i ElectronicJournal.obj
 0001:000010bc       ?Release@?$CComContainedObject@VCOPOSElectronicJournal@@@ATL@@WJM@AGKXZ 100020bc f i ElectronicJournal.obj
 0001:000010c9       ?QueryInterface@?$CComContainedObject@VCOPOSElectronicJournal@@@ATL@@WKA@AGJABU_GUID@@PAPAX@Z 100020c9 f i ElectronicJournal.obj
 0001:000010d6       ?AddRef@?$CComContainedObject@VCOPOSElectronicJournal@@@ATL@@WKA@AGKXZ 100020d6 f i ElectronicJournal.obj
 0001:000010e3       ?Release@?$CComContainedObject@VCOPOSElectronicJournal@@@ATL@@WKA@AGKXZ 100020e3 f i ElectronicJournal.obj
 0001:000010f0       ?AddRef@?$CComContainedObject@VCOPOSElectronicJournal@@@ATL@@WKI@AGKXZ 100020f0 f i ElectronicJournal.obj
 0001:000010fd       ?Release@?$CComContainedObject@VCOPOSElectronicJournal@@@ATL@@WKI@AGKXZ 100020fd f i ElectronicJournal.obj
 0001:0000110a       ?AddRef@?$CComContainedObject@VCOPOSElectronicJournal@@@ATL@@WLE@AGKXZ 1000210a f i ElectronicJournal.obj
 0001:00001117       ?Release@?$CComContainedObject@VCOPOSElectronicJournal@@@ATL@@WLE@AGKXZ 10002117 f i ElectronicJournal.obj
 0001:00001124       ?Lock@CAtlModule@ATL@@UAEJXZ 10002124 f i ElectronicJournal.obj
 0001:0000112e       ?Unlock@CAtlModule@ATL@@UAEJXZ 1000212e f i ElectronicJournal.obj
 0001:00001138       ?GetLockCount@CAtlModule@ATL@@UAEJXZ 10002138 f i ElectronicJournal.obj
 0001:0000113c       ?GetGITPtr@CAtlModule@ATL@@UAEJPAPAUIGlobalInterfaceTable@@@Z 1000213c f i ElectronicJournal.obj
 0001:00001188       ?AddCommonRGSReplacements@?$CAtlModuleT@VCComModule@ATL@@@ATL@@UAEJPAUIRegistrarBase@@@Z 10002188 f i ElectronicJournal.obj
 0001:000011a2       ?UpdateRegistryFromResourceD@CComModule@ATL@@UAGJPB_WHPAU_ATL_REGMAP_ENTRY@2@@Z 100021a2 f i ElectronicJournal.obj
 0001:000011a2       ?UpdateRegistryFromResourceD@CComModule@ATL@@UAGJIHPAU_ATL_REGMAP_ENTRY@2@@Z 100021a2 f i ElectronicJournal.obj
 0001:000011aa       ?UpdateRegistryFromResource@CComModule@ATL@@UAGJPB_WHPAU_ATL_REGMAP_ENTRY@2@@Z 100021aa f i ElectronicJournal.obj
 0001:000011b3       ?UpdateRegistryFromResource@CComModule@ATL@@UAGJIHPAU_ATL_REGMAP_ENTRY@2@@Z 100021b3 f i ElectronicJournal.obj
 0001:000011bc       ??_ECComModule@ATL@@UAEPAXI@Z 100021bc f i ElectronicJournal.obj
 0001:000011bc       ??_GCComModule@ATL@@UAEPAXI@Z 100021bc f i ElectronicJournal.obj
 0001:000011e4       ?GetWindowProc@?$CWindowImplBaseT@VCWindow@ATL@@V?$CWinTraits@$0FGAAAAAA@$0A@@2@@ATL@@UAEP6GJPAUHWND__@@IIJ@ZXZ 100021e4 f i ElectronicJournal.obj
 0001:000011ea       ?StartWindowProc@?$CWindowImplBaseT@VCWindow@ATL@@V?$CWinTraits@$0FGAAAAAA@$0A@@2@@ATL@@SGJPAUHWND__@@IIJ@Z 100021ea f i ElectronicJournal.obj
 0001:0000123e       ?GetTypeInfoCount@?$IDispatchImpl@UIOPOSElectronicJournal@@$1?IID_IOPOSElectronicJournal@@3U_GUID@@B$1?LIBID_OposElectronicJournal_CCO@@3U3@B$00$0A@VCComTypeInfoHolder@ATL@@@ATL@@UAGJPAI@Z 1000223e f i ElectronicJournal.obj
 0001:0000125b       ?GetTypeInfo@?$IDispatchImpl@UIOPOSElectronicJournal@@$1?IID_IOPOSElectronicJournal@@3U_GUID@@B$1?LIBID_OposElectronicJournal_CCO@@3U3@B$00$0A@VCComTypeInfoHolder@ATL@@@ATL@@UAGJIKPAPAUITypeInfo@@@Z 1000225b f i ElectronicJournal.obj
 0001:0000127f       ?GetIDsOfNames@?$IDispatchImpl@UIOPOSElectronicJournal@@$1?IID_IOPOSElectronicJournal@@3U_GUID@@B$1?LIBID_OposElectronicJournal_CCO@@3U3@B$00$0A@VCComTypeInfoHolder@ATL@@@ATL@@UAGJABU_GUID@@PAPA_WIKPAJ@Z 1000227f f i ElectronicJournal.obj
 0001:0000129f       ?Invoke@?$IDispatchImpl@UIOPOSElectronicJournal@@$1?IID_IOPOSElectronicJournal@@3U_GUID@@B$1?LIBID_OposElectronicJournal_CCO@@3U3@B$00$0A@VCComTypeInfoHolder@ATL@@@ATL@@UAGJJABU_GUID@@KGPAUtagDISPPARAMS@@PAUtagVARIANT@@PAUtagEXCEPINFO@@PAI@Z 1000229f f i ElectronicJournal.obj
 0001:000012ad       ?CreateControlWindow@?$CComControl@VCOPOSElectronicJournal@@V?$CWindowImpl@VCOPOSElectronicJournal@@VCWindow@ATL@@V?$CWinTraits@$0FGAAAAAA@$0A@@3@@ATL@@@ATL@@UAEPAUHWND__@@PAU3@AAUtagRECT@@@Z 100022ad f i ElectronicJournal.obj
 0001:000012dc       ?ControlQueryInterface@?$CComControl@VCOPOSElectronicJournal@@V?$CWindowImpl@VCOPOSElectronicJournal@@VCWindow@ATL@@V?$CWinTraits@$0FGAAAAAA@$0A@@3@@ATL@@@ATL@@UAEJABU_GUID@@PAPAX@Z 100022dc f i ElectronicJournal.obj
 0001:000012f7       ?GetClassID@?$IPersistStorageImpl@VCOPOSElectronicJournal@@@ATL@@UAGJPAU_GUID@@@Z 100022f7 f i ElectronicJournal.obj
 0001:000012f7       ?GetClassID@?$IPersistStreamInitImpl@VCOPOSElectronicJournal@@@ATL@@UAGJPAU_GUID@@@Z 100022f7 f i ElectronicJournal.obj
 0001:000012f7       ?GetUserClassID@?$IOleObjectImpl@VCOPOSElectronicJournal@@@ATL@@UAGJPAU_GUID@@@Z 100022f7 f i ElectronicJournal.obj
 0001:0000131b       ?IsDirty@?$IPersistStreamInitImpl@VCOPOSElectronicJournal@@@ATL@@UAGJXZ 1000231b f i ElectronicJournal.obj
 0001:0000133a       ?Load@?$IPersistStreamInitImpl@VCOPOSElectronicJournal@@@ATL@@UAGJPAUIStream@@@Z 1000233a f i ElectronicJournal.obj
 0001:00001359       ?Save@?$IPersistStreamInitImpl@VCOPOSElectronicJournal@@@ATL@@UAGJPAUIStream@@H@Z 10002359 f i ElectronicJournal.obj
 0001:0000137b       ?GetSizeMax@?$IPersistStreamInitImpl@VCOPOSElectronicJournal@@@ATL@@UAGJPAT_ULARGE_INTEGER@@@Z 1000237b f i ElectronicJournal.obj
 0001:00001530       ?InitNew@?$IPersistStreamInitImpl@VCOPOSElectronicJournal@@@ATL@@UAGJXZ 10002530 f i ElectronicJournal.obj
 0001:0000154d       ?OnMnemonic@?$IOleControlImpl@VCOPOSElectronicJournal@@@ATL@@UAGJPAUtagMSG@@@Z 1000254d f i ElectronicJournal.obj
 0001:0000154d       ?ContextSensitiveHelp@?$IOleInPlaceObjectWindowlessImpl@VCOPOSElectronicJournal@@@ATL@@UAGJH@Z 1000254d f i ElectronicJournal.obj
 0001:0000154d       ?SetColorScheme@?$IOleObjectImpl@VCOPOSElectronicJournal@@@ATL@@UAGJPAUtagLOGPALETTE@@@Z 1000254d f i ElectronicJournal.obj
 0001:0000154d       ?GetControlInfo@?$IOleControlImpl@VCOPOSElectronicJournal@@@ATL@@UAGJPAUtagCONTROLINFO@@@Z 1000254d f i ElectronicJournal.obj
 0001:0000154d       ?QueryGetData@?$IDataObjectImpl@VCOPOSElectronicJournal@@@ATL@@UAGJPAUtagFORMATETC@@@Z 1000254d f i ElectronicJournal.obj
 0001:0000154d       ?Unfreeze@?$IViewObjectExImpl@VCOPOSElectronicJournal@@@ATL@@UAGJK@Z 1000254d f i ElectronicJournal.obj
 0001:0000154d       ?GetDropTarget@?$IOleInPlaceObjectWindowlessImpl@VCOPOSElectronicJournal@@@ATL@@UAGJPAPAUIDropTarget@@@Z 1000254d f i ElectronicJournal.obj
 0001:0000154d       ?ContextSensitiveHelp@?$IOleInPlaceActiveObjectImpl@VCOPOSElectronicJournal@@@ATL@@UAGJH@Z 1000254d f i ElectronicJournal.obj
 0001:00001555       ?OnAmbientPropertyChange@?$IOleControlImpl@VCOPOSElectronicJournal@@@ATL@@UAGJJ@Z 10002555 f i ElectronicJournal.obj
 0001:00001555       ?OnFrameWindowActivate@?$IOleInPlaceActiveObjectImpl@VCOPOSElectronicJournal@@@ATL@@UAGJH@Z 10002555 f i ElectronicJournal.obj
 0001:00001555       ?EnableModeless@?$IOleInPlaceActiveObjectImpl@VCOPOSElectronicJournal@@@ATL@@UAGJH@Z 10002555 f i ElectronicJournal.obj
 0001:00001555       ?SaveCompleted@?$IPersistStorageImpl@VCOPOSElectronicJournal@@@ATL@@UAGJPAUIStorage@@@Z 10002555 f i ElectronicJournal.obj
 0001:0000155a       ?SetClientSite@?$IOleObjectImpl@VCOPOSElectronicJournal@@@ATL@@UAGJPAUIOleClientSite@@@Z 1000255a f i ElectronicJournal.obj
 0001:00001577       ?GetClientSite@?$IOleObjectImpl@VCOPOSElectronicJournal@@@ATL@@UAGJPAPAUIOleClientSite@@@Z 10002577 f i ElectronicJournal.obj
 0001:00001594       ?SetHostNames@?$IOleObjectImpl@VCOPOSElectronicJournal@@@ATL@@UAGJPB_W0@Z 10002594 f i ElectronicJournal.obj
 0001:00001599       ?Close@?$IOleObjectImpl@VCOPOSElectronicJournal@@@ATL@@UAGJK@Z 10002599 f i ElectronicJournal.obj
 0001:000015b6       ?GetRect@?$IViewObjectExImpl@VCOPOSElectronicJournal@@@ATL@@UAGJKPAU_RECTL@@@Z 100025b6 f i ElectronicJournal.obj
 0001:000015b6       ?QueryInterface@CRegObject@ATL@@UAGJABU_GUID@@PAPAX@Z 100025b6 f i ElectronicJournal.obj
 0001:000015b6       ?GetClipboardData@?$IOleObjectImpl@VCOPOSElectronicJournal@@@ATL@@UAGJKPAPAUIDataObject@@@Z 100025b6 f i ElectronicJournal.obj
 0001:000015b6       ?SetMoniker@?$IOleObjectImpl@VCOPOSElectronicJournal@@@ATL@@UAGJKPAUIMoniker@@@Z 100025b6 f i ElectronicJournal.obj
 0001:000015b6       ?GetDataHere@?$IDataObjectImpl@VCOPOSElectronicJournal@@@ATL@@UAGJPAUtagFORMATETC@@PAUtagSTGMEDIUM@@@Z 100025b6 f i ElectronicJournal.obj
 0001:000015b6       ?EnumFormatEtc@?$IDataObjectImpl@VCOPOSElectronicJournal@@@ATL@@UAGJKPAPAUIEnumFORMATETC@@@Z 100025b6 f i ElectronicJournal.obj
 0001:000015b6       ?GetCanonicalFormatEtc@?$IDataObjectImpl@VCOPOSElectronicJournal@@@ATL@@UAGJPAUtagFORMATETC@@0@Z 100025b6 f i ElectronicJournal.obj
 0001:000015be       ?SetData@?$IDataObjectImpl@VCOPOSElectronicJournal@@@ATL@@UAGJPAUtagFORMATETC@@PAUtagSTGMEDIUM@@H@Z 100025be f i ElectronicJournal.obj
 0001:000015be       ?InitFromData@?$IOleObjectImpl@VCOPOSElectronicJournal@@@ATL@@UAGJPAUIDataObject@@HK@Z 100025be f i ElectronicJournal.obj
 0001:000015be       ?GetMoniker@?$IOleObjectImpl@VCOPOSElectronicJournal@@@ATL@@UAGJKKPAPAUIMoniker@@@Z 100025be f i ElectronicJournal.obj
 0001:000015c6       ?DoVerb@?$IOleObjectImpl@VCOPOSElectronicJournal@@@ATL@@UAGJJPAUtagMSG@@PAUIOleClientSite@@JPAUHWND__@@PBUtagRECT@@@Z 100025c6 f i ElectronicJournal.obj
 0001:000016de       ?EnumVerbs@?$IOleObjectImpl@VCOPOSElectronicJournal@@@ATL@@UAGJPAPAUIEnumOLEVERB@@@Z 100026de f i ElectronicJournal.obj
 0001:00001700       ?Release@CRegObject@ATL@@UAGKXZ 10002700 f i ElectronicJournal.obj
 0001:00001700       ?IsUpToDate@?$IOleObjectImpl@VCOPOSElectronicJournal@@@ATL@@UAGJXZ 10002700 f i ElectronicJournal.obj
 0001:00001700       ?Update@?$IOleObjectImpl@VCOPOSElectronicJournal@@@ATL@@UAGJXZ 10002700 f i ElectronicJournal.obj
 0001:00001700       ?HandsOffStorage@?$IPersistStorageImpl@VCOPOSElectronicJournal@@@ATL@@UAGJXZ 10002700 f i ElectronicJournal.obj
 0001:00001705       ?GetUserType@?$IOleObjectImpl@VCOPOSElectronicJournal@@@ATL@@UAGJKPAPA_W@Z 10002705 f i ElectronicJournal.obj
 0001:0000171d       ?SetExtent@?$IOleObjectImpl@VCOPOSElectronicJournal@@@ATL@@UAGJKPAUtagSIZE@@@Z 1000271d f i ElectronicJournal.obj
 0001:0000173d       ?GetExtent@?$IOleObjectImpl@VCOPOSElectronicJournal@@@ATL@@UAGJKPAUtagSIZE@@@Z 1000273d f i ElectronicJournal.obj
 0001:0000177b       ?Advise@?$IOleObjectImpl@VCOPOSElectronicJournal@@@ATL@@UAGJPAUIAdviseSink@@PAK@Z 1000277b f i ElectronicJournal.obj
 0001:0000179b       ?Unadvise@?$IOleObjectImpl@VCOPOSElectronicJournal@@@ATL@@UAGJK@Z 1000279b f i ElectronicJournal.obj
 0001:000017ca       ?EnumAdvise@?$IOleObjectImpl@VCOPOSElectronicJournal@@@ATL@@UAGJPAPAUIEnumSTATDATA@@@Z 100027ca f i ElectronicJournal.obj
 0001:0000180a       ?GetMiscStatus@?$IOleObjectImpl@VCOPOSElectronicJournal@@@ATL@@UAGJKPAK@Z 1000280a f i ElectronicJournal.obj
 0001:00001822       ?GetWindow@?$IOleInPlaceActiveObjectImpl@VCOPOSElectronicJournal@@@ATL@@UAGJPAPAUHWND__@@@Z 10002822 f i ElectronicJournal.obj
 0001:0000186f       ?TranslateAcceleratorW@?$IOleInPlaceActiveObjectImpl@VCOPOSElectronicJournal@@@ATL@@UAGJPAUtagMSG@@@Z 1000286f f i ElectronicJournal.obj
 0001:0000190d       ?OnDocWindowActivate@?$IOleInPlaceActiveObjectImpl@VCOPOSElectronicJournal@@@ATL@@UAGJH@Z 1000290d f i ElectronicJournal.obj
 0001:0000192f       ?ResizeBorder@?$IOleInPlaceActiveObjectImpl@VCOPOSElectronicJournal@@@ATL@@UAGJPBUtagRECT@@PAUIOleInPlaceUIWindow@@H@Z 1000292f f i ElectronicJournal.obj
 0001:00001934       ?Draw@?$IViewObjectExImpl@VCOPOSElectronicJournal@@@ATL@@UAGJKJPAXPAUtagDVTARGETDEVICE@@PAUHDC__@@2PBU_RECTL@@3P6GHK@ZK@Z 10002934 f i ElectronicJournal.obj
 0001:00001966       ?GetColorSet@?$IViewObjectExImpl@VCOPOSElectronicJournal@@@ATL@@UAGJKJPAXPAUtagDVTARGETDEVICE@@PAUHDC__@@PAPAUtagLOGPALETTE@@@Z 10002966 f i ElectronicJournal.obj
 0001:0000196e       ?Freeze@?$IViewObjectExImpl@VCOPOSElectronicJournal@@@ATL@@UAGJKJPAXPAK@Z 1000296e f i ElectronicJournal.obj
 0001:00001976       ?SetAdvise@?$IViewObjectExImpl@VCOPOSElectronicJournal@@@ATL@@UAGJKKPAUIAdviseSink@@@Z 10002976 f i ElectronicJournal.obj
 0001:00001995       ?GetAdvise@?$IViewObjectExImpl@VCOPOSElectronicJournal@@@ATL@@UAGJPAK0PAPAUIAdviseSink@@@Z 10002995 f i ElectronicJournal.obj
 0001:000019ca       ?GetExtent@?$IViewObjectExImpl@VCOPOSElectronicJournal@@@ATL@@UAGJKJPAUtagDVTARGETDEVICE@@PAUtagSIZE@@@Z 100029ca f i ElectronicJournal.obj
 0001:000019fb       ?GetViewStatus@?$IViewObjectExImpl@VCOPOSElectronicJournal@@@ATL@@UAGJPAK@Z 100029fb f i ElectronicJournal.obj
 0001:00001a18       ?QueryHitPoint@?$IViewObjectExImpl@VCOPOSElectronicJournal@@@ATL@@UAGJKPBUtagRECT@@UtagPOINT@@JPAK@Z 10002a18 f i ElectronicJournal.obj
 0001:00001a59       ?QueryHitRect@?$IViewObjectExImpl@VCOPOSElectronicJournal@@@ATL@@UAGJKPBUtagRECT@@0JPAK@Z 10002a59 f i ElectronicJournal.obj
 0001:00001ab4       ?GetNaturalExtent@?$IViewObjectExImpl@VCOPOSElectronicJournal@@@ATL@@UAGJKJPAUtagDVTARGETDEVICE@@PAUHDC__@@PAUtagExtentInfo@@PAUtagSIZE@@@Z 10002ab4 f i ElectronicJournal.obj
 0001:00001aff       ?GetWindow@?$IOleInPlaceObjectWindowlessImpl@VCOPOSElectronicJournal@@@ATL@@UAGJPAPAUHWND__@@@Z 10002aff f i ElectronicJournal.obj
 0001:00001b4c       ?InPlaceDeactivate@?$IOleInPlaceObjectWindowlessImpl@VCOPOSElectronicJournal@@@ATL@@UAGJXZ 10002b4c f i ElectronicJournal.obj
 0001:00001b66       ?UIDeactivate@?$IOleInPlaceObjectWindowlessImpl@VCOPOSElectronicJournal@@@ATL@@UAGJXZ 10002b66 f i ElectronicJournal.obj
 0001:00001b80       ?SetObjectRects@?$IOleInPlaceObjectWindowlessImpl@VCOPOSElectronicJournal@@@ATL@@UAGJPBUtagRECT@@0@Z 10002b80 f i ElectronicJournal.obj
 0001:00001ba0       ?ReactivateAndUndo@?$IOleInPlaceObjectWindowlessImpl@VCOPOSElectronicJournal@@@ATL@@UAGJXZ 10002ba0 f i ElectronicJournal.obj
 0001:00001ba8       ?OnWindowMessage@?$IOleInPlaceObjectWindowlessImpl@VCOPOSElectronicJournal@@@ATL@@UAGJIIJPAJ@Z 10002ba8 f i ElectronicJournal.obj
 0001:00001c18       ?EnumConnectionPoints@?$IConnectionPointContainerImpl@VCOPOSElectronicJournal@@@ATL@@UAGJPAPAUIEnumConnectionPoints@@@Z 10002c18 f i ElectronicJournal.obj
 0001:00001d92       ?FindConnectionPoint@?$IConnectionPointContainerImpl@VCOPOSElectronicJournal@@@ATL@@UAGJABU_GUID@@PAPAUIConnectionPoint@@@Z 10002d92 f i ElectronicJournal.obj
 0001:00001e35       ?IsDirty@?$IPersistStorageImpl@VCOPOSElectronicJournal@@@ATL@@UAGJXZ 10002e35 f i ElectronicJournal.obj
 0001:00001e69       ?InitNew@?$IPersistStorageImpl@VCOPOSElectronicJournal@@@ATL@@UAGJPAUIStorage@@@Z 10002e69 f i ElectronicJournal.obj
 0001:00001e9d       ?Load@?$IPersistStorageImpl@VCOPOSElectronicJournal@@@ATL@@UAGJPAUIStorage@@@Z 10002e9d f i ElectronicJournal.obj
 0001:00001f09       ?Save@?$IPersistStorageImpl@VCOPOSElectronicJournal@@@ATL@@UAGJPAUIStorage@@H@Z 10002f09 f i ElectronicJournal.obj
 0001:00001f7c       ?GetPages@?$ISpecifyPropertyPagesImpl@VCOPOSElectronicJournal@@@ATL@@UAGJPAUtagCAUUID@@@Z 10002f7c f i ElectronicJournal.obj
 0001:00001f93       ?QuickActivate@?$IQuickActivateImpl@VCOPOSElectronicJournal@@@ATL@@UAGJPAUtagQACONTAINER@@PAUtagQACONTROL@@@Z 10002f93 f i ElectronicJournal.obj
 0001:00001fb6       ?SetContentExtent@?$IQuickActivateImpl@VCOPOSElectronicJournal@@@ATL@@UAGJPAUtagSIZE@@@Z 10002fb6 f i ElectronicJournal.obj
 0001:00001fe2       ?GetContentExtent@?$IQuickActivateImpl@VCOPOSElectronicJournal@@@ATL@@UAGJPAUtagSIZE@@@Z 10002fe2 f i ElectronicJournal.obj
 0001:00002002       ?GetData@?$IDataObjectImpl@VCOPOSElectronicJournal@@@ATL@@UAGJPAUtagFORMATETC@@PAUtagSTGMEDIUM@@@Z 10003002 f i ElectronicJournal.obj
 0001:00002025       ?DAdvise@?$IDataObjectImpl@VCOPOSElectronicJournal@@@ATL@@UAGJPAUtagFORMATETC@@KPAUIAdviseSink@@PAK@Z 10003025 f i ElectronicJournal.obj
 0001:00002066       ?DUnadvise@?$IDataObjectImpl@VCOPOSElectronicJournal@@@ATL@@UAGJK@Z 10003066 f i ElectronicJournal.obj
 0001:00002094       ?EnumDAdvise@?$IDataObjectImpl@VCOPOSElectronicJournal@@@ATL@@UAGJPAPAUIEnumSTATDATA@@@Z 10003094 f i ElectronicJournal.obj
 0001:000020d3       ?GetClassInfoW@?$IProvideClassInfo2Impl@$1?CLSID_OPOSElectronicJournal@@3U_GUID@@B$1?DIID__IOPOSElectronicJournalEvents@@3U2@B$1?LIBID_OposElectronicJournal_CCO@@3U2@B$00$0A@VCComTypeInfoHolder@ATL@@@ATL@@UAGJPAPAUITypeInfo@@@Z 100030d3 f i ElectronicJournal.obj
 0001:000020e9       ?GetGUID@?$IProvideClassInfo2Impl@$1?CLSID_OPOSElectronicJournal@@3U_GUID@@B$1?DIID__IOPOSElectronicJournalEvents@@3U2@B$1?LIBID_OposElectronicJournal_CCO@@3U2@B$00$0A@VCComTypeInfoHolder@ATL@@@ATL@@UAGJKPAU_GUID@@@Z 100030e9 f i ElectronicJournal.obj
 0001:00002127       __get_startup_argv_mode    10003127 f i LIBCMT:argv_mode.obj
 0001:00002127       ?FAccessAllowed@?$IObjectSafetyImpl@VCOPOSElectronicJournal@@$02@ATL@@MAEHXZ 10003127 f i ElectronicJournal.obj
 0001:0000212b       ?GetInterfaceSafetyOptions@?$IObjectSafetyImpl@VCOPOSElectronicJournal@@$02@ATL@@UAGJABU_GUID@@PAK1@Z 1000312b f i ElectronicJournal.obj
 0001:0000219f       ?SetInterfaceSafetyOptions@?$IObjectSafetyImpl@VCOPOSElectronicJournal@@$02@ATL@@UAGJABU_GUID@@KK@Z 1000319f f i ElectronicJournal.obj
 0001:00002219       ?_LocCPQueryInterface@?$IConnectionPointImpl@VCOPOSElectronicJournal@@$1?DIID__IOPOSElectronicJournalEvents@@3U_GUID@@BVCComDynamicUnkArray@ATL@@@ATL@@UAGJABU_GUID@@PAPAX@Z 10003219 f i ElectronicJournal.obj
 0001:00002219       ?_LocCPQueryInterface@?$IConnectionPointImpl@VCOPOSElectronicJournal@@$1?IID_IPropertyNotifySink@@3U_GUID@@BVCComDynamicUnkArray@ATL@@@ATL@@UAGJABU_GUID@@PAPAX@Z 10003219 f i ElectronicJournal.obj
 0001:00002266       ?GetConnectionInterface@?$IConnectionPointImpl@VCOPOSElectronicJournal@@$1?IID_IPropertyNotifySink@@3U_GUID@@BVCComDynamicUnkArray@ATL@@@ATL@@UAGJPAU_GUID@@@Z 10003266 f i ElectronicJournal.obj
 0001:0000228a       ?GetConnectionPointContainer@?$IConnectionPointImpl@VCOPOSElectronicJournal@@$1?IID_IPropertyNotifySink@@3U_GUID@@BVCComDynamicUnkArray@ATL@@@ATL@@UAGJPAPAUIConnectionPointContainer@@@Z 1000328a f i ElectronicJournal.obj
 0001:000022ad       ?Advise@?$IConnectionPointImpl@VCOPOSElectronicJournal@@$1?IID_IPropertyNotifySink@@3U_GUID@@BVCComDynamicUnkArray@ATL@@@ATL@@UAGJPAUIUnknown@@PAK@Z 100032ad f i ElectronicJournal.obj
 0001:000022ad       ?Advise@?$IConnectionPointImpl@VCOPOSElectronicJournal@@$1?DIID__IOPOSElectronicJournalEvents@@3U_GUID@@BVCComDynamicUnkArray@ATL@@@ATL@@UAGJPAUIUnknown@@PAK@Z 100032ad f i ElectronicJournal.obj
 0001:0000234e       ?Unadvise@?$IConnectionPointImpl@VCOPOSElectronicJournal@@$1?IID_IPropertyNotifySink@@3U_GUID@@BVCComDynamicUnkArray@ATL@@@ATL@@UAGJK@Z 1000334e f i ElectronicJournal.obj
 0001:0000234e       ?Unadvise@?$IConnectionPointImpl@VCOPOSElectronicJournal@@$1?DIID__IOPOSElectronicJournalEvents@@3U_GUID@@BVCComDynamicUnkArray@ATL@@@ATL@@UAGJK@Z 1000334e f i ElectronicJournal.obj
 0001:0000238e       ?EnumConnections@?$IConnectionPointImpl@VCOPOSElectronicJournal@@$1?DIID__IOPOSElectronicJournalEvents@@3U_GUID@@BVCComDynamicUnkArray@ATL@@@ATL@@UAGJPAPAUIEnumConnections@@@Z 1000338e f i ElectronicJournal.obj
 0001:0000238e       ?EnumConnections@?$IConnectionPointImpl@VCOPOSElectronicJournal@@$1?IID_IPropertyNotifySink@@3U_GUID@@BVCComDynamicUnkArray@ATL@@@ATL@@UAGJPAPAUIEnumConnections@@@Z 1000338e f i ElectronicJournal.obj
 0001:00002494       ?AddRef@CRegObject@ATL@@UAGKXZ 10003494 f i ElectronicJournal.obj
 0001:0000249a       ?AddReplacement@CRegObject@ATL@@UAGJPB_W0@Z 1000349a f i ElectronicJournal.obj
 0001:000024d3       ?ClearReplacements@CRegObject@ATL@@UAGJXZ 100034d3 f i ElectronicJournal.obj
 0001:000024e5       ?GetConnectionInterface@?$IConnectionPointImpl@VCOPOSElectronicJournal@@$1?DIID__IOPOSElectronicJournalEvents@@3U_GUID@@BVCComDynamicUnkArray@ATL@@@ATL@@UAGJPAU_GUID@@@Z 100034e5 f i ElectronicJournal.obj
 0001:00002509       ?GetConnectionPointContainer@?$IConnectionPointImpl@VCOPOSElectronicJournal@@$1?DIID__IOPOSElectronicJournalEvents@@3U_GUID@@BVCComDynamicUnkArray@ATL@@@ATL@@UAGJPAPAUIConnectionPointContainer@@@Z 10003509 f i ElectronicJournal.obj
 0001:0000252c       ??_GCRegObject@ATL@@UAEPAXI@Z 1000352c f i ElectronicJournal.obj
 0001:0000252c       ??_ECRegObject@ATL@@UAEPAXI@Z 1000352c f i ElectronicJournal.obj
 0001:0000254e       ?UpdateRegistry@COPOSElectronicJournal@@SGJH@Z 1000354e f i ElectronicJournal.obj
 0001:00002566       ?ProcessWindowMessage@COPOSElectronicJournal@@UAEHPAUHWND__@@IIJAAJK@Z 10003566 f i ElectronicJournal.obj
 0001:000025af       ?SOData@COPOSElectronicJournal@@MAGJJ@Z 100035af f i ElectronicJournal.obj
 0001:000025e8       ?SODirectIO@COPOSElectronicJournal@@MAGJJPAJPAPA_W@Z 100035e8 f i ElectronicJournal.obj
 0001:00002631       ?SOError@COPOSElectronicJournal@@MAGJJJJPAJ@Z 10003631 f i ElectronicJournal.obj
 0001:00002686       ?SOOutputComplete@COPOSElectronicJournal@@MAGJJ@Z 10003686 f i ElectronicJournal.obj
 0001:000026bf       ?SOStatusUpdate@COPOSElectronicJournal@@MAGJJ@Z 100036bf f i ElectronicJournal.obj
 0001:000026f8       ?CreateInstance@?$CComCreator@V?$CComObjectCached@VCComClassFactory@ATL@@@ATL@@@ATL@@SGJPAXABU_GUID@@PAPAX@Z 100036f8 f i ElectronicJournal.obj
 0001:0000278b       ?CreateInstance@?$CComCreator2@V?$CComCreator@V?$CComObject@VCOPOSElectronicJournal@@@ATL@@@ATL@@V?$CComCreator@V?$CComAggObject@VCOPOSElectronicJournal@@@ATL@@@2@@ATL@@SGJPAXABU_GUID@@PAPAX@Z 1000378b f i ElectronicJournal.obj
 0001:000027ab       ?Next@?$CComEnumImpl@UIEnumConnectionPoints@@$1?_GUID_b196b285_bab4_101a_b69c_00aa00341d07@@3U__s_GUID@@BPAUIConnectionPoint@@V?$_CopyInterface@UIConnectionPoint@@@ATL@@@ATL@@UAGJKPAPAUIConnectionPoint@@PAK@Z 100037ab f i ElectronicJournal.obj
 0001:00002882       ?Skip@?$CComEnumImpl@UIEnumConnectionPoints@@$1?_GUID_b196b285_bab4_101a_b69c_00aa00341d07@@3U__s_GUID@@BPAUIConnectionPoint@@V?$_CopyInterface@UIConnectionPoint@@@ATL@@@ATL@@UAGJK@Z 10003882 f i ElectronicJournal.obj
 0001:000028af       ?Clone@?$CComEnumImpl@UIEnumConnectionPoints@@$1?_GUID_b196b285_bab4_101a_b69c_00aa00341d07@@3U__s_GUID@@BPAUIConnectionPoint@@V?$_CopyInterface@UIConnectionPoint@@@ATL@@@ATL@@UAGJPAPAUIEnumConnectionPoints@@@Z 100038af f i ElectronicJournal.obj
 0001:0000298e       ?QueryInterface@?$CComObject@V?$CComEnum@UIEnumConnectionPoints@@$1?_GUID_b196b285_bab4_101a_b69c_00aa00341d07@@3U__s_GUID@@BPAUIConnectionPoint@@V?$_CopyInterface@UIConnectionPoint@@@ATL@@VCComSingleThreadModel@6@@ATL@@@ATL@@UAGJABU_GUID@@PAPAX@Z 1000398e f i ElectronicJournal.obj
 0001:000029a8       ??_E?$CComObject@V?$CComEnum@UIEnumConnectionPoints@@$1?_GUID_b196b285_bab4_101a_b69c_00aa00341d07@@3U__s_GUID@@BPAUIConnectionPoint@@V?$_CopyInterface@UIConnectionPoint@@@ATL@@VCComSingleThreadModel@6@@ATL@@@ATL@@UAEPAXI@Z 100039a8 f i ElectronicJournal.obj
 0001:000029a8       ??_G?$CComObject@V?$CComEnum@UIEnumConnectionPoints@@$1?_GUID_b196b285_bab4_101a_b69c_00aa00341d07@@3U__s_GUID@@BPAUIConnectionPoint@@V?$_CopyInterface@UIConnectionPoint@@@ATL@@VCComSingleThreadModel@6@@ATL@@@ATL@@UAEPAXI@Z 100039a8 f i ElectronicJournal.obj
 0001:000029ca       ??$?4UITypeInfo2@@@?$CComPtr@UITypeInfo@@@ATL@@QAEPAUITypeInfo@@ABV?$CComPtr@UITypeInfo2@@@1@@Z 100039ca f i ElectronicJournal.obj
 0001:000029f7       ??$AtlAdd@K@ATL@@YAJPAKKK@Z 100039f7 f i ElectronicJournal.obj
 0001:00002a1a       ??$AtlAdd@_K@ATL@@YAJPA_K_K1@Z 10003a1a f i ElectronicJournal.obj
 0001:00002a52       ??$AtlAddThrow@K@ATL@@YAKKK@Z 10003a52 f i ElectronicJournal.obj
 0001:00002a78       ??$AtlModuleRegisterWndClassInfoT@VAtlModuleRegisterWndClassInfoParamW@ATL@@@ATL@@YAGPAU_ATL_BASE_MODULE70@0@PAU_ATL_WIN_MODULE70@0@PAU_ATL_WNDCLASSINFOW@0@PAP6GJPAUHWND__@@IIJ@ZVAtlModuleRegisterWndClassInfoParamW@0@@Z 10003a78 f i ElectronicJournal.obj
 0001:00002bc6       ??$AtlMultiply@H@ATL@@YAJPAHHH@Z 10003bc6 f i ElectronicJournal.obj
 0001:00002bfe       ??$AtlMultiply@I@ATL@@YAJPAIII@Z 10003bfe f i ElectronicJournal.obj
 0001:00002bfe       ??$AtlMultiply@K@ATL@@YAJPAKKK@Z 10003bfe f i ElectronicJournal.obj
 0001:00002c20       ??$AtlMultiplyThrow@I@ATL@@YAIII@Z 10003c20 f i ElectronicJournal.obj
 0001:00002c46       ??0?$CComAggObject@VCOPOSElectronicJournal@@@ATL@@QAE@PAX@Z 10003c46 f i ElectronicJournal.obj
 0001:00002c73       ??0?$CComContainedObject@VCOPOSElectronicJournal@@@ATL@@QAE@PAX@Z 10003c73 f i ElectronicJournal.obj
 0001:00002d2c       ??0?$CComObject@V?$CComEnum@UIEnumConnectionPoints@@$1?_GUID_b196b285_bab4_101a_b69c_00aa00341d07@@3U__s_GUID@@BPAUIConnectionPoint@@V?$_CopyInterface@UIConnectionPoint@@@ATL@@VCComSingleThreadModel@6@@ATL@@@ATL@@QAE@PAX@Z 10003d2c f i ElectronicJournal.obj
 0001:00002d5a       ??0?$CComObject@V?$CComEnum@UIEnumConnections@@$1?_GUID_b196b287_bab4_101a_b69c_00aa00341d07@@3U__s_GUID@@BUtagCONNECTDATA@@V?$_Copy@UtagCONNECTDATA@@@ATL@@VCComSingleThreadModel@6@@ATL@@@ATL@@QAE@PAX@Z 10003d5a f i ElectronicJournal.obj
 0001:00002d88       ??0?$CComObject@VCOPOSElectronicJournal@@@ATL@@QAE@PAX@Z 10003d88 f i ElectronicJournal.obj
 0001:00002e3f       ??0?$CComQIPtr@UIOleControlSite@@$1?_GUID_b196b289_bab4_101a_b69c_00aa00341d07@@3U__s_GUID@@B@ATL@@QAE@PAUIUnknown@@@Z 10003e3f f i ElectronicJournal.obj
 0001:00002e68       ??0CAtlModule@ATL@@QAE@XZ  10003e68 f i ElectronicJournal.obj
 0001:00002ea9       ??0CParseBuffer@CRegParser@ATL@@QAE@H@Z 10003ea9 f i ElectronicJournal.obj
 0001:00002edf       ??0_ATL_MSG@ATL@@QAE@PAUHWND__@@IIJH@Z 10003edf f i ElectronicJournal.obj
 0001:00002f17       ??1?$CComAggObject@VCOPOSElectronicJournal@@@ATL@@UAE@XZ 10003f17 f i ElectronicJournal.obj
 0001:00002f3b       ??1?$CComEnumImpl@UIEnumConnectionPoints@@$1?_GUID_b196b285_bab4_101a_b69c_00aa00341d07@@3U__s_GUID@@BPAUIConnectionPoint@@V?$_CopyInterface@UIConnectionPoint@@@ATL@@@ATL@@UAE@XZ 10003f3b f i ElectronicJournal.obj
 0001:00002f7b       ??1?$CComEnumImpl@UIEnumConnections@@$1?_GUID_b196b287_bab4_101a_b69c_00aa00341d07@@3U__s_GUID@@BUtagCONNECTDATA@@V?$_Copy@UtagCONNECTDATA@@@ATL@@@ATL@@UAE@XZ 10003f7b f i ElectronicJournal.obj
 0001:00002fbb       ??1?$CComObject@V?$CComEnum@UIEnumConnectionPoints@@$1?_GUID_b196b285_bab4_101a_b69c_00aa00341d07@@3U__s_GUID@@BPAUIConnectionPoint@@V?$_CopyInterface@UIConnectionPoint@@@ATL@@VCComSingleThreadModel@6@@ATL@@@ATL@@UAE@XZ 10003fbb f i ElectronicJournal.obj
 0001:00002fde       ??1?$CComObject@V?$CComEnum@UIEnumConnections@@$1?_GUID_b196b287_bab4_101a_b69c_00aa00341d07@@3U__s_GUID@@BUtagCONNECTDATA@@V?$_Copy@UtagCONNECTDATA@@@ATL@@VCComSingleThreadModel@6@@ATL@@@ATL@@UAE@XZ 10003fde f i ElectronicJournal.obj
 0001:00003001       ??1?$CComObject@VCOPOSElectronicJournal@@@ATL@@UAE@XZ 10004001 f i ElectronicJournal.obj
 0001:000030bf       ??1?$CComObjectCached@VCComClassFactory@ATL@@@ATL@@UAE@XZ 100040bf f i ElectronicJournal.obj
 0001:000030d5       ??1?$CComObjectRootEx@VCComMultiThreadModel@ATL@@@ATL@@QAE@XZ 100040d5 f i ElectronicJournal.obj
 0001:000030ea       ??1CRegObject@ATL@@UAE@XZ  100040ea f i ElectronicJournal.obj
 0001:0000310a       ??4?$CComPtr@UIOleClientSite@@@ATL@@QAEPAUIOleClientSite@@PAU2@@Z 1000410a f i ElectronicJournal.obj
 0001:0000310a       ??4?$CComPtr@UIAdviseSink@@@ATL@@QAEPAUIAdviseSink@@PAU2@@Z 1000410a f i ElectronicJournal.obj
 0001:0000310a       ??4?$CComPtr@UIUnknown@@@ATL@@QAEPAUIUnknown@@PAU2@@Z 1000410a f i ElectronicJournal.obj
 0001:0000313e       ??4?$CComQIPtr@UIOleObject@@$1?_GUID_00000112_0000_0000_c000_000000000046@@3U__s_GUID@@B@ATL@@QAEPAUIOleObject@@PAUIUnknown@@@Z 1000413e f i ElectronicJournal.obj
 0001:00003163       ??4?$CComQIPtr@UISpecifyPropertyPages@@$1?_GUID_b196b28b_bab4_101a_b69c_00aa00341d07@@3U__s_GUID@@B@ATL@@QAEPAUISpecifyPropertyPages@@PAUIUnknown@@@Z 10004163 f i ElectronicJournal.obj
 0001:00003188       ??_G?$CComContainedObject@VCOPOSElectronicJournal@@@ATL@@UAEPAXI@Z 10004188 f i ElectronicJournal.obj
 0001:00003188       ??_E?$CComContainedObject@VCOPOSElectronicJournal@@@ATL@@UAEPAXI@Z 10004188 f i ElectronicJournal.obj
 0001:000031ad       ??_G?$CComObject@VCOPOSElectronicJournal@@@ATL@@UAEPAXI@Z 100041ad f i ElectronicJournal.obj
 0001:000031ad       ??_E?$CComObject@VCOPOSElectronicJournal@@@ATL@@UAEPAXI@Z 100041ad f i ElectronicJournal.obj
 0001:000031d2       ?Add@?$CSimpleArray@GV?$CSimpleArrayEqualHelper@G@ATL@@@ATL@@QAEHABG@Z 100041d2 f i ElectronicJournal.obj
 0001:00003256       ?Add@?$CSimpleMap@PA_WPA_WVCExpansionVectorEqualHelper@ATL@@@ATL@@QAEHABQA_W0@Z 10004256 f i ElectronicJournal.obj
 0001:000032ab       ?Add@CComDynamicUnkArray@ATL@@QAEKPAUIUnknown@@@Z 100042ab f i ElectronicJournal.obj
 0001:00003366       ?Add@CExpansionVector@ATL@@QAEHPB_W0@Z 10004366 f i ElectronicJournal.obj
 0001:0000346a       ?AddString@CParseBuffer@CRegParser@ATL@@QAEHPB_W@Z 1000446a f i ElectronicJournal.obj
 0001:0000349f       ?AddValue@CRegParser@ATL@@IAEJAAVCRegKey@2@PB_WPA_W@Z 1000449f f i ElectronicJournal.obj
 0001:000037c0       ?Allocate@?$CAtlSafeAllocBufferManager@VCCRTAllocator@ATL@@@_ATL_SAFE_ALLOCA_IMPL@ATL@@QAEPAXK@Z 100047c0 f i ElectronicJournal.obj
 0001:000037ed       ?Allocate@?$CTempBuffer@E$0BAA@VCCRTAllocator@ATL@@@ATL@@QAEPAEI@Z 100047ed f i ElectronicJournal.obj
 0001:0000381c       ?Allocate@?$CTempBuffer@_W$0BAA@VCCRTAllocator@ATL@@@ATL@@QAEPA_WI@Z 1000481c f i ElectronicJournal.obj
 0001:0000384b       ?Allocate@?$CTempBuffer@_W$0EAA@VCCRTAllocator@ATL@@@ATL@@QAEPA_WI@Z 1000484b f i ElectronicJournal.obj
 0001:0000387a       ?AllocateHeap@?$CTempBuffer@E$0BAA@VCCRTAllocator@ATL@@@ATL@@AAEXI@Z 1000487a f i ElectronicJournal.obj
 0001:0000387a       ?AllocateHeap@?$CTempBuffer@_W$0BAA@VCCRTAllocator@ATL@@@ATL@@AAEXI@Z 1000487a f i ElectronicJournal.obj
 0001:0000387a       ?AllocateHeap@?$CTempBuffer@_W$0EAA@VCCRTAllocator@ATL@@@ATL@@AAEXI@Z 1000487a f i ElectronicJournal.obj
 0001:0000389f       ?Append@CParseBuffer@CRegParser@ATL@@QAEHPB_WH@Z 1000489f f i ElectronicJournal.obj
 0001:0000392d       ?AtlCallTermFunc@ATL@@YGXPAU_ATL_MODULE70@1@@Z 1000492d f i ElectronicJournal.obj
 0001:00003971       ?AtlCoTaskMemCAlloc@ATL@@YAPAXKK@Z 10004971 f i ElectronicJournal.obj
 0001:0000399e       ?AtlCoTaskMemRecalloc@ATL@@YAPAXPAXKK@Z 1000499e f i ElectronicJournal.obj
 0001:000039ce       ?AtlComModuleGetClassObject@ATL@@YGJPAU_ATL_COM_MODULE70@1@ABU_GUID@@1PAPAX@Z 100049ce f i ElectronicJournal.obj
 0001:00003ac1       ?AtlComModuleRegisterServer@ATL@@YGJPAU_ATL_COM_MODULE70@1@HPBU_GUID@@@Z 10004ac1 f i ElectronicJournal.obj
 0001:00003b49       ?AtlComModuleUnregisterServer@ATL@@YGJPAU_ATL_COM_MODULE70@1@HPBU_GUID@@@Z 10004b49 f i ElectronicJournal.obj
 0001:00003bd1       ?AtlComQIPtrAssign2@ATL@@YAXPAPAUIUnknown@@PAU2@ABU_GUID@@@Z 10004bd1 f i ElectronicJournal.obj
 0001:00003c00       ?AtlCreateTargetDC@ATL@@YGPAUHDC__@@PAU2@PAUtagDVTARGETDEVICE@@@Z 10004c00 f i ElectronicJournal.obj
 0001:00003c69       ?AtlCrtErrorCheck@ATL@@YAHH@Z 10004c69 f i ElectronicJournal.obj
 0001:00003ca4       ?AtlHiMetricToPixel@ATL@@YGXPBUtagSIZE@@PAU2@@Z 10004ca4 f i ElectronicJournal.obj
 0001:00003d19       ?AtlHresultFromLastError@ATL@@YAJXZ 10004d19 f i ElectronicJournal.obj
 0001:00003d30       ?AtlHresultFromWin32@ATL@@YAJK@Z 10004d30 f i ElectronicJournal.obj
 0001:00003d45       ?AtlIPersistStreamInit_Load@ATL@@YGJPAUIStream@@PBUATL_PROPMAP_ENTRY@1@PAXPAUIUnknown@@@Z 10004d45 f i ElectronicJournal.obj
 0001:00003f25       ?AtlIPersistStreamInit_Save@ATL@@YGJPAUIStream@@HPBUATL_PROPMAP_ENTRY@1@PAXPAUIUnknown@@@Z 10004f25 f i ElectronicJournal.obj
 0001:000040bd       ?AtlInternalOleLoadFromStream@ATL@@YAJPAUIStream@@ABU_GUID@@PAPAXTClassesAllowedInStream@1@K@Z 100050bd f i ElectronicJournal.obj
 0001:000041e3       ?AtlInternalQueryInterface@ATL@@YGJPAXPBU_ATL_INTMAP_ENTRY@1@ABU_GUID@@PAPAX@Z 100051e3 f i ElectronicJournal.obj
 0001:00004286       ?AtlLoadTypeLib@ATL@@YGJPAUHINSTANCE__@@PB_WPAPA_WPAPAUITypeLib@@@Z 10005286 f i ElectronicJournal.obj
 0001:00004464       ?AtlModuleAddTermFunc@ATL@@YGJPAU_ATL_MODULE70@1@P6GXK@ZK@Z 10005464 f i ElectronicJournal.obj
 0001:000044c1       ?AtlRegisterClassCategoriesHelper@ATL@@YGJABU_GUID@@PBU_ATL_CATMAP_ENTRY@1@H@Z 100054c1 f i ElectronicJournal.obj
 0001:000047a1       ?AtlRegisterTypeLib@ATL@@YGJPAUHINSTANCE__@@PB_W@Z 100057a1 f i ElectronicJournal.obj
 0001:00004929       ?AtlThrowImpl@ATL@@YGXJ@Z  10005929 f i ElectronicJournal.obj
 0001:00004947       ?AtlUnRegisterTypeLib@ATL@@YGJPAUHINSTANCE__@@PB_W@Z 10005947 f i ElectronicJournal.obj
 0001:000049f2       ?AtlWinModuleAddCreateWndData@ATL@@YGXPAU_ATL_WIN_MODULE70@1@PAU_AtlCreateWndData@1@PAX@Z 100059f2 f i ElectronicJournal.obj
 0001:00004a46       ?AtlWinModuleExtractCreateWndData@ATL@@YGPAXPAU_ATL_WIN_MODULE70@1@@Z 10005a46 f i ElectronicJournal.obj
 0001:00004aa9       ?AtlWinModuleRegisterClassExW@ATL@@YGGPAU_ATL_WIN_MODULE70@1@PBUtagWNDCLASSEXW@@@Z 10005aa9 f i ElectronicJournal.obj
 0001:00004ae8       ?CanForceRemoveKey@CRegParser@ATL@@IAEHPB_W@Z 10005ae8 f i ElectronicJournal.obj
 0001:00004b17       ?ChToByte@CRegParser@ATL@@KAE_W@Z 10005b17 f i ElectronicJournal.obj
 0001:00004b4a       ?Cleanup@CComTypeInfoHolder@ATL@@SGXK@Z 10005b4a f i ElectronicJournal.obj
 0001:00004b7d       ?ClearReplacements@CExpansionVector@ATL@@QAEJXZ 10005b7d f i ElectronicJournal.obj
 0001:00004bba       ?Close@CRegKey@ATL@@QAEJXZ 10005bba f i ElectronicJournal.obj
 0001:00004bd4       ?CreateInstance@?$CComCreator@V?$CComAggObject@VCOPOSElectronicJournal@@@ATL@@@ATL@@SGJPAXABU_GUID@@PAPAX@Z 10005bd4 f i ElectronicJournal.obj
 0001:00004c4a       ?CreateInstance@?$CComCreator@V?$CComObject@VCOPOSElectronicJournal@@@ATL@@@ATL@@SGJPAXABU_GUID@@PAPAX@Z 10005c4a f i ElectronicJournal.obj
 0001:00004ccb       ?CreateInstance@?$CComObject@V?$CComEnum@UIEnumConnectionPoints@@$1?_GUID_b196b285_bab4_101a_b69c_00aa00341d07@@3U__s_GUID@@BPAUIConnectionPoint@@V?$_CopyInterface@UIConnectionPoint@@@ATL@@VCComSingleThreadModel@6@@ATL@@@ATL@@SGJPAPAV12@@Z 10005ccb f i ElectronicJournal.obj
 0001:00004d12       ?CreateInstance@?$CComObject@V?$CComEnum@UIEnumConnections@@$1?_GUID_b196b287_bab4_101a_b69c_00aa00341d07@@3U__s_GUID@@BUtagCONNECTDATA@@V?$_Copy@UtagCONNECTDATA@@@ATL@@VCComSingleThreadModel@6@@ATL@@@ATL@@SGJPAPAV12@@Z 10005d12 f i ElectronicJournal.obj
 0001:00004d59       ?DefaultReflectionHandler@?$CWindowImplRoot@VCWindow@ATL@@@ATL@@SAHPAUHWND__@@IIJAAJ@Z 10005d59 f i ElectronicJournal.obj
 0001:00004dcc       ?DeleteSubKey@CRegKey@ATL@@QAEJPB_W@Z 10005dcc f i ElectronicJournal.obj
 0001:00004e45       ?DoEvent@COPOSElectronicJournal@@IAEXIIJ@Z 10005e45 f i ElectronicJournal.obj
 0001:00004ec5       ?DoVerbHide@?$IOleObjectImpl@VCOPOSElectronicJournal@@@ATL@@QAEJPBUtagRECT@@PAUHWND__@@@Z 10005ec5 f i ElectronicJournal.obj
 0001:00004efb       ?DoVerbInPlaceActivate@?$IOleObjectImpl@VCOPOSElectronicJournal@@@ATL@@QAEJPBUtagRECT@@PAUHWND__@@@Z 10005efb f i ElectronicJournal.obj
 0001:00004f2e       ?DoVerbPrimary@?$IOleObjectImpl@VCOPOSElectronicJournal@@@ATL@@QAEJPBUtagRECT@@PAUHWND__@@@Z 10005f2e f i ElectronicJournal.obj
 0001:00004fba       ?DoVerbProperties@CComControlBase@ATL@@QAEJPBUtagRECT@@PAUHWND__@@@Z 10005fba f i ElectronicJournal.obj
 0001:000050e1       ?DoVerbShow@?$IOleObjectImpl@VCOPOSElectronicJournal@@@ATL@@QAEJPBUtagRECT@@PAUHWND__@@@Z 100060e1 f i ElectronicJournal.obj
 0001:00005106       ?DoVerbUIActivate@?$IOleObjectImpl@VCOPOSElectronicJournal@@@ATL@@QAEJPBUtagRECT@@PAUHWND__@@@Z 10006106 f i ElectronicJournal.obj
 0001:00005143       ?DoesVerbActivate@CComControlBase@ATL@@QAEHJ@Z 10006143 f i ElectronicJournal.obj
 0001:00005164       ?DoesVerbUIActivate@CComControlBase@ATL@@QAEHJ@Z 10006164 f i ElectronicJournal.obj
 0001:00005199       ?EndOfVar@CRegParser@ATL@@IAEHXZ 10006199 f i ElectronicJournal.obj
 0001:000051b9       ?EscapeSingleQuote@CAtlModule@ATL@@SAXPA_WIPB_W@Z 100061b9 f i ElectronicJournal.obj
 0001:00005208       ?FindKey@?$CSimpleMap@PA_WPA_WVCExpansionVectorEqualHelper@ATL@@@ATL@@QBEHABQA_W@Z 10006208 f i ElectronicJournal.obj
 0001:0000523f       ?FireTheEvent@?$CProxy_IOPOSEvents@VCOPOSElectronicJournal@@@@IAEXPAVOposVariant@@IAAJPB_WJ@Z 1000623f f i ElectronicJournal.obj
 0001:000052d1       ?FireViewChange@CComControlBase@ATL@@QAEJXZ 100062d1 f i ElectronicJournal.obj
 0001:0000531a       ?Fire_DataEvent@?$CProxy_IOPOSEvents@VCOPOSElectronicJournal@@@@QAEXJ@Z 1000631a f i ElectronicJournal.obj
 0001:000053a6       ?Fire_DirectIOEvent@?$CProxy_IOPOSEvents@VCOPOSElectronicJournal@@@@QAEXJPAJPAPA_W@Z 100063a6 f i ElectronicJournal.obj
 0001:0000548c       ?Fire_ErrorEvent@?$CProxy_IOPOSEvents@VCOPOSElectronicJournal@@@@QAEXJJJPAJ@Z 1000648c f i ElectronicJournal.obj
 0001:00005573       ?Fire_OutputCompleteEvent@?$CProxy_IOPOSEvents@VCOPOSElectronicJournal@@@@QAEXJ@Z 10006573 f i ElectronicJournal.obj
 0001:000055ff       ?Fire_StatusUpdateEvent@?$CProxy_IOPOSEvents@VCOPOSElectronicJournal@@@@QAEXJ@Z 100065ff f i ElectronicJournal.obj
 0001:0000568b       ?FreeHeap@?$CTempBuffer@_W$0EAA@VCCRTAllocator@ATL@@@ATL@@AAEXXZ 1000668b f i ElectronicJournal.obj
 0001:0000568b       ?FreeHeap@?$CTempBuffer@E$0BAA@VCCRTAllocator@ATL@@@ATL@@AAEXXZ 1000668b f i ElectronicJournal.obj
 0001:0000568b       ?FreeHeap@?$CTempBuffer@_W$0BAA@VCCRTAllocator@ATL@@@ATL@@AAEXXZ 1000668b f i ElectronicJournal.obj
 0001:00005694       ?GetAmbientLocaleID@CComControlBase@ATL@@QAEJAAK@Z 10006694 f i ElectronicJournal.obj
 0001:000056f0       ?GetAmbientUserMode@CComControlBase@ATL@@QAEJAAH@Z 100066f0 f i ElectronicJournal.obj
 0001:00005760       ?GetAt@CComDynamicUnkArray@ATL@@QAEPAUIUnknown@@H@Z 10006760 f i ElectronicJournal.obj
 0001:0000577c       ?GetClassObject@CComModule@ATL@@QAEJABU_GUID@@0PAPAX@Z 1000677c f i ElectronicJournal.obj
 0001:0000581e       ?GetConnMap@COPOSElectronicJournal@@SAPBU_ATL_CONNMAP_ENTRY@ATL@@PAH@Z 1000681e f i ElectronicJournal.obj
 0001:0000588e       ?GetCookie@CComDynamicUnkArray@ATL@@QAGKPAPAUIUnknown@@@Z 1000688e f i ElectronicJournal.obj
 0001:000058c6       ?GetIDsOfNames@CComTypeInfoHolder@ATL@@QAEJABU_GUID@@PAPA_WIKPAJ@Z 100068c6 f i ElectronicJournal.obj
 0001:000059d4       ?GetKeyAt@?$CSimpleMap@PA_WPA_WVCExpansionVectorEqualHelper@ATL@@@ATL@@QBEAAPA_WH@Z 100069d4 f i ElectronicJournal.obj
 0001:000059f9       ?GetPagesHelper@?$ISpecifyPropertyPagesImpl@VCOPOSElectronicJournal@@@ATL@@IAEJPAUtagCAUUID@@PBUATL_PROPMAP_ENTRY@2@@Z 100069f9 f i ElectronicJournal.obj
 0001:00005b20       ?GetProperty@?$CComPtr@UIDispatch@@@ATL@@SAJPAUIDispatch@@JPAUtagVARIANT@@@Z 10006b20 f i ElectronicJournal.obj
 0001:00005b6f       ?GetSizeMax@CComVariant@ATL@@QBEJPAT_ULARGE_INTEGER@@@Z 10006b6f f i ElectronicJournal.obj
 0001:00005d29       ?GetStreamSize@CComBSTR@ATL@@SAKPA_W@Z 10006d29 f i ElectronicJournal.obj
 0001:00005d43       ?GetTI@CComTypeInfoHolder@ATL@@QAEJK@Z 10006d43 f i ElectronicJournal.obj
 0001:00005f2c       ?GetTI@CComTypeInfoHolder@ATL@@QAEJKPAPAUITypeInfo@@@Z 10006f2c f i ElectronicJournal.obj
 0001:00005f6e       ?GetUnknown@CComDynamicUnkArray@ATL@@QAGPAUIUnknown@@K@Z 10006f6e f i ElectronicJournal.obj
 0001:00005f8f       ?GetValueAt@?$CSimpleMap@PA_WPA_WVCExpansionVectorEqualHelper@ATL@@@ATL@@QBEAAPA_WH@Z 10006f8f f i ElectronicJournal.obj
 0001:00005fb5       ?GetZoomInfo@CComControlBase@ATL@@QAEXAAUATL_DRAWINFO@@@Z 10006fb5 f i ElectronicJournal.obj
 0001:00006048       ?HKeyFromString@CRegParser@ATL@@KAPAUHKEY__@@PA_W@Z 10007048 f i ElectronicJournal.obj
 0001:00006076       ?HasSubKeys@CRegParser@ATL@@IAEHPAUHKEY__@@@Z 10007076 f i ElectronicJournal.obj
 0001:000060ab       ?IDataObject_GetData@CComControlBase@ATL@@QAEJPAUtagFORMATETC@@PAUtagSTGMEDIUM@@@Z 100070ab f i ElectronicJournal.obj
 0001:00006251       ?IOleInPlaceObject_InPlaceDeactivate@CComControlBase@ATL@@QAEJXZ 10007251 f i ElectronicJournal.obj
 0001:000062d8       ?IOleInPlaceObject_SetObjectRects@CComControlBase@ATL@@QAEJPBUtagRECT@@0@Z 100072d8 f i ElectronicJournal.obj
 0001:000063a5       ?IOleInPlaceObject_UIDeactivate@CComControlBase@ATL@@QAEJXZ 100073a5 f i ElectronicJournal.obj
 0001:00006467       ?IOleObject_Advise@CComControlBase@ATL@@QAEJPAUIAdviseSink@@PAK@Z 10007467 f i ElectronicJournal.obj
 0001:00006491       ?IOleObject_Close@CComControlBase@ATL@@QAEJK@Z 10007491 f i ElectronicJournal.obj
 0001:00006575       ?IOleObject_GetClientSite@CComControlBase@ATL@@QAEJPAPAUIOleClientSite@@@Z 10007575 f i ElectronicJournal.obj
 0001:0000659e       ?IOleObject_SetClientSite@CComControlBase@ATL@@QAEJPAUIOleClientSite@@@Z 1000759e f i ElectronicJournal.obj
 0001:000065dd       ?IOleObject_SetExtent@CComControlBase@ATL@@QAEJKPAUtagSIZE@@@Z 100075dd f i ElectronicJournal.obj
 0001:00006691       ?IPSI_GetIPersistStreamInit@?$IPersistStorageImpl@VCOPOSElectronicJournal@@@ATL@@AAEPAUIPersistStreamInit@@XZ 10007691 f i ElectronicJournal.obj
 0001:000066d3       ?IPersistStreamInit_Load@?$IPersistStreamInitImpl@VCOPOSElectronicJournal@@@ATL@@QAEJPAUIStream@@PBUATL_PROPMAP_ENTRY@2@@Z 100076d3 f i ElectronicJournal.obj
 0001:000066ff       ?IPersistStreamInit_Save@?$IPersistStreamInitImpl@VCOPOSElectronicJournal@@@ATL@@QAEJPAUIStream@@HPBUATL_PROPMAP_ENTRY@2@@Z 100076ff f i ElectronicJournal.obj
 0001:00006734       ?IQuickActivate_QuickActivate@CComControlBase@ATL@@QAEJPAUtagQACONTAINER@@PAUtagQACONTROL@@@Z 10007734 f i ElectronicJournal.obj
 0001:00006976       ?IViewObject_Draw@CComControlBase@ATL@@QAEJKJPAXPAUtagDVTARGETDEVICE@@PAUHDC__@@2PBU_RECTL@@3@Z 10007976 f i ElectronicJournal.obj
 0001:00006a1e       ?InPlaceActivate@CComControlBase@ATL@@QAEJJPBUtagRECT@@@Z 10007a1e f i ElectronicJournal.obj
 0001:00006c8f       ?Init@?$CComEnumImpl@UIEnumConnectionPoints@@$1?_GUID_b196b285_bab4_101a_b69c_00aa00341d07@@3U__s_GUID@@BPAUIConnectionPoint@@V?$_CopyInterface@UIConnectionPoint@@@ATL@@@ATL@@QAEJPAPAUIConnectionPoint@@0PAUIUnknown@@W4CComEnumFlags@2@@Z 10007c8f f i ElectronicJournal.obj
 0001:00006d6e       ?Init@?$CComEnumImpl@UIEnumConnections@@$1?_GUID_b196b287_bab4_101a_b69c_00aa00341d07@@3U__s_GUID@@BUtagCONNECTDATA@@V?$_Copy@UtagCONNECTDATA@@@ATL@@@ATL@@QAEJPAUtagCONNECTDATA@@0PAUIUnknown@@W4CComEnumFlags@2@@Z 10007d6e f i ElectronicJournal.obj
 0001:00006e4d       ?Init@CComModule@ATL@@QAEJPAU_ATL_OBJMAP_ENTRY30@2@PAUHINSTANCE__@@PBU_GUID@@@Z 10007e4d f i ElectronicJournal.obj
 0001:00006eac       ?Init@CDynamicStdCallThunk2@ATL@@QAEHKPAX@Z 10007eac f i ElectronicJournal.obj
 0001:00006ed7       ?InlineIsEqualUnknown@ATL@@YGHABU_GUID@@@Z 10007ed7 f i ElectronicJournal.obj
 0001:00006eff       ?InternalGetSite@CComControlBase@ATL@@QAEJABU_GUID@@PAPAX@Z 10007eff f i ElectronicJournal.obj
 0001:00006f2d       ?InternalSetAtIndex@?$CSimpleMap@PA_WPA_WVCExpansionVectorEqualHelper@ATL@@@ATL@@QAEXHABQA_W0@Z 10007f2d f i ElectronicJournal.obj
 0001:00006f57       ?Invoke@CComTypeInfoHolder@ATL@@QAEJPAUIDispatch@@JABU_GUID@@KGPAUtagDISPPARAMS@@PAUtagVARIANT@@PAUtagEXCEPINFO@@PAI@Z 10007f57 f i ElectronicJournal.obj
 0001:00006f9a       ?IsEqualObject@?$CComPtrBase@UITypeInfo@@@ATL@@QAE_NPAUIUnknown@@@Z 10007f9a f i ElectronicJournal.obj
 0001:00006f9a       ?IsEqualObject@?$CComPtrBase@UIOleClientSite@@@ATL@@QAE_NPAUIUnknown@@@Z 10007f9a f i ElectronicJournal.obj
 0001:00007007       ?IsSpace@CRegParser@ATL@@IAEH_W@Z 10008007 f i ElectronicJournal.obj
 0001:00007031       ?LoadNameCache@CComTypeInfoHolder@ATL@@QAEJPAUITypeInfo@@@Z 10008031 f i ElectronicJournal.obj
 0001:0000717f       ?Lookup@?$CSimpleMap@PA_WPA_WVCExpansionVectorEqualHelper@ATL@@@ATL@@QBEPA_WABQA_W@Z 1000817f f i ElectronicJournal.obj
 0001:000071a5       ?NextToken@CRegParser@ATL@@IAEJPA_W@Z 100081a5 f i ElectronicJournal.obj
 0001:000072dd       ?OnKillFocus@CComControlBase@ATL@@QAEJIIJAAH@Z 100082dd f i ElectronicJournal.obj
 0001:00007338       ?OnMouseActivate@CComControlBase@ATL@@QAEJIIJAAH@Z 10008338 f i ElectronicJournal.obj
 0001:000073a6       ?OnPaint@CComControlBase@ATL@@QAEJIIJAAH@Z 100083a6 f i ElectronicJournal.obj
 0001:00007458       ?OnSetFocus@CComControlBase@ATL@@QAEJIIJAAH@Z 10008458 f i ElectronicJournal.obj
 0001:000074e1       ?Open@CRegKey@ATL@@QAEJPAUHKEY__@@PB_WK@Z 100084e1 f i ElectronicJournal.obj
 0001:00007536       ?PreProcessBuffer@CRegParser@ATL@@QAEJPA_WPAPA_W@Z 10008536 f i ElectronicJournal.obj
 0001:000077a0       ?ProcessWindowMessage@?$CComControl@VCOPOSElectronicJournal@@V?$CWindowImpl@VCOPOSElectronicJournal@@VCWindow@ATL@@V?$CWinTraits@$0FGAAAAAA@$0A@@3@@ATL@@@ATL@@UAEHPAUHWND__@@IIJAAJK@Z 100087a0 f i ElectronicJournal.obj
 0001:0000783f       ?PutProperty@?$CComPtr@UIDispatch@@@ATL@@SAJPAUIDispatch@@JPAUtagVARIANT@@@Z 1000883f f i ElectronicJournal.obj
 0001:000078d1       ?ReadFromStream@CComBSTR@ATL@@QAEJPAUIStream@@@Z 100088d1 f i ElectronicJournal.obj
 0001:000079ff       ?ReadFromStream@CComVariant@ATL@@QAEJPAUIStream@@GTClassesAllowedInStream@2@K@Z 100089ff f i ElectronicJournal.obj
 0001:00007b85       ?RecurseDeleteKey@CRegKey@ATL@@QAEJPB_W@Z 10008b85 f i ElectronicJournal.obj
 0001:00007c47       ?RegCreateKeyExW@CAtlTransactionManager@ATL@@QAEJPAUHKEY__@@PB_WKPA_WKKQAU_SECURITY_ATTRIBUTES@@PAPAU3@PAK@Z 10008c47 f i ElectronicJournal.obj
 0001:00007caa       ?RegDeleteKeyW@CAtlTransactionManager@ATL@@QAEJPAUHKEY__@@PB_W@Z 10008caa f i ElectronicJournal.obj
 0001:00007cfc       ?RegOpenKeyExW@CAtlTransactionManager@ATL@@QAEJPAUHKEY__@@PB_WKKPAPAU3@@Z 10008cfc f i ElectronicJournal.obj
 0001:00007d53       ?Register@_ATL_WNDCLASSINFOW@ATL@@QAEGPAP6GJPAUHWND__@@IIJ@Z@Z 10008d53 f i ElectronicJournal.obj
 0001:00007d73       ?RegisterBuffer@CRegParser@ATL@@QAEJPA_WH@Z 10008d73 f i ElectronicJournal.obj
 0001:00007eac       ?RegisterFromResource@CRegObject@ATL@@IAEJPB_W00H@Z 10008eac f i ElectronicJournal.obj
 0001:00007fe2       ?RegisterServer@?$CAtlModuleT@VCComModule@ATL@@@ATL@@QAEJHPBU_GUID@@@Z 10008fe2 f i ElectronicJournal.obj
 0001:00008010       ?RegisterServer@CComModule@ATL@@QAEJHPBU_GUID@@@Z 10009010 f i ElectronicJournal.obj
 0001:00008086       ?RegisterSubkeys@CRegParser@ATL@@IAEJPA_WPAUHKEY__@@HH@Z 10009086 f i ElectronicJournal.obj
 0001:00008655       ?Remove@CComDynamicUnkArray@ATL@@QAEHK@Z 10009655 f i ElectronicJournal.obj
 0001:0000867e       ?RemoveAll@?$CSimpleMap@PA_WPA_WVCExpansionVectorEqualHelper@ATL@@@ATL@@QAEXXZ 1000967e f i ElectronicJournal.obj
 0001:000086aa       ?ResourceRegisterSz@CRegObject@ATL@@QAGJPB_W00@Z 100096aa f i ElectronicJournal.obj
 0001:000086d7       ?ResourceUnregisterSz@CRegObject@ATL@@QAGJPB_W00@Z 100096d7 f i ElectronicJournal.obj
 0001:00008704       ?SendOnDataChange@CComControlBase@ATL@@QAEJK@Z 10009704 f i ElectronicJournal.obj
 0001:00008751       ?SetControlFocus@CComControlBase@ATL@@QAEHH@Z 10009751 f i ElectronicJournal.obj
 0001:000087ee       ?SetMultiStringValue@CRegKey@ATL@@QAEJPB_W0@Z 100097ee f i ElectronicJournal.obj
 0001:0000884a       ?SetStringValue@CRegKey@ATL@@QAEJPB_W0K@Z 1000984a f i ElectronicJournal.obj
 0001:00008893       ?SkipAssignment@CRegParser@ATL@@IAEJPA_W@Z 10009893 f i ElectronicJournal.obj
 0001:000088f8       ?SkipWhiteSpace@CRegParser@ATL@@IAEXXZ 100098f8 f i ElectronicJournal.obj
 0001:0000891a       ?StrChrW@CRegParser@ATL@@KAPA_WPA_W_W@Z 1000991a f i ElectronicJournal.obj
 0001:00008957       ?Term@CAtlModule@ATL@@QAEXXZ 10009957 f i ElectronicJournal.obj
 0001:00008990       ?Term@CComModule@ATL@@QAEXXZ 10009990 f i ElectronicJournal.obj
 0001:000089e8       ?UnregisterServer@?$CAtlModuleT@VCComModule@ATL@@@ATL@@QAEJHPBU_GUID@@@Z 100099e8 f i ElectronicJournal.obj
 0001:00008a0e       ?UnregisterServer@CComModule@ATL@@QAEJHPBU_GUID@@@Z 10009a0e f i ElectronicJournal.obj
 0001:00008a84       ?UpdateRegistryFromResource@CAtlModule@ATL@@QAGJIHPAU_ATL_REGMAP_ENTRY@2@@Z 10009a84 f i ElectronicJournal.obj
 0001:00008c4f       ?UpdateRegistryFromResource@CAtlModule@ATL@@QAGJPB_WHPAU_ATL_REGMAP_ENTRY@2@@Z 10009c4f f i ElectronicJournal.obj
 0001:00008e20       ?VTFromRegType@CRegParser@ATL@@KAHPB_WAAG@Z 10009e20 f i ElectronicJournal.obj
 0001:00008e8d       ?WindowProc@?$CWindowImplBaseT@VCWindow@ATL@@V?$CWinTraits@$0FGAAAAAA@$0A@@2@@ATL@@SGJPAUHWND__@@IIJ@Z 10009e8d f i ElectronicJournal.obj
 0001:00008f7f       ?WriteToStream@CComBSTR@ATL@@QAEJPAUIStream@@@Z 10009f7f f i ElectronicJournal.obj
 0001:00008fd6       ?WriteToStream@CComVariant@ATL@@QAEJPAUIStream@@@Z 10009fd6 f i ElectronicJournal.obj
 0001:00009150       ?WriteToStream@CComVariant@ATL@@QAEJPAUIStream@@G@Z 1000a150 f i ElectronicJournal.obj
 0001:000091b9       ?_AtlInitialConstruct@?$CComObjectRootEx@VCComMultiThreadModel@ATL@@@ATL@@QAEJXZ 1000a1b9 f i ElectronicJournal.obj
 0001:000091ce       ?_AtlVerifyStackAvailable@_ATL_SAFE_ALLOCA_IMPL@ATL@@YA_NK@Z 1000a1ce f i ElectronicJournal.obj
 0001:0000924c       ?atlCreate@?$CWindowImpl@VCOPOSElectronicJournal@@VCWindow@ATL@@V?$CWinTraits@$0FGAAAAAA@$0A@@3@@ATL@@QAEPAUHWND__@@PAU3@V_U_RECT@2@PB_WKKV_U_MENUorID@2@PAX@Z 1000a24c f i ElectronicJournal.obj
 0001:00009290       ?atlCreate@?$CWindowImplBaseT@VCWindow@ATL@@V?$CWinTraits@$0FGAAAAAA@$0A@@2@@ATL@@QAEPAUHWND__@@PAU3@V_U_RECT@2@PB_WKKV_U_MENUorID@2@GPAX@Z 1000a290 f i ElectronicJournal.obj
 0001:0000932c       ?atlCreate@CRegKey@ATL@@QAEJPAUHKEY__@@PB_WPA_WKKPAU_SECURITY_ATTRIBUTES@@PAK@Z 1000a32c f i ElectronicJournal.obj
 0001:0000939b       ?copy@?$_Copy@UtagCONNECTDATA@@@ATL@@SAJPAUtagCONNECTDATA@@PBU3@@Z 1000a39b f i ElectronicJournal.obj
 0001:000093d1       ?copy@?$_CopyInterface@UIConnectionPoint@@@ATL@@SAJPAPAUIConnectionPoint@@PBQAU3@@Z 1000a3d1 f i ElectronicJournal.obj
 0001:000093ff       ?memcpy_s@Checked@ATL@@YAXPAXIPBXI@Z 1000a3ff f i ElectronicJournal.obj
 0001:0000941e       ?ocscpy_s@@YA_NPA_WIPB_W@Z 1000a41e f i ElectronicJournal.obj
 0001:0000944d       ?ocslen@@YAHPB_W@Z         1000a44d f i ElectronicJournal.obj
 0001:0000946d       ?wcscpy_s@Checked@ATL@@YAXPA_WIPB_W@Z 1000a46d f i ElectronicJournal.obj
 0001:00009489       _DllCanUnloadNow@0         1000a489 f   ElectronicJournal.obj
 0001:00009495       _DllGetClassObject@12      1000a495 f   ElectronicJournal.obj
 0001:000094a3       _DllMain@12                1000a4a3 f   ElectronicJournal.obj
 0001:000094e5       _DllRegisterServer@0       1000a4e5 f   ElectronicJournal.obj
 0001:000094f4       _DllUnregisterServer@0     1000a4f4 f   ElectronicJournal.obj
 0001:00009503       _InlineIsEqualGUID         1000a503 f i ElectronicJournal.obj
 0001:00009533       ___local_stdio_printf_options 1000a533 f i ElectronicJournal.obj
 0001:00009539       __vswprintf_s_l            1000a539 f i ElectronicJournal.obj
 0001:000095e6       _swprintf_s                1000a5e6 f i ElectronicJournal.obj
 0001:00009602       ??0?$CComControl@VCOPOSElectronicJournal@@V?$CWindowImpl@VCOPOSElectronicJournal@@VCWindow@ATL@@V?$CWinTraits@$0FGAAAAAA@$0A@@3@@ATL@@@ATL@@QAE@XZ 1000a602 f i ElectronicJournalImpl.obj
 0001:00009629       ??0?$CProxy_IOPOSEvents@VCOPOSElectronicJournal@@@@QAE@XZ 1000a629 f i ElectronicJournalImpl.obj
 0001:0000964c       ??0CComControlBase@ATL@@QAE@AAPAUHWND__@@@Z 1000a64c f i ElectronicJournalImpl.obj
 0001:00009696       ??0COPOSElectronicJournal@@QAE@XZ 1000a696 f   ElectronicJournalImpl.obj
 0001:000096cc       ??1?$CComControl@VCOPOSElectronicJournal@@V?$CWindowImpl@VCOPOSElectronicJournal@@VCWindow@ATL@@V?$CWinTraits@$0FGAAAAAA@$0A@@3@@ATL@@@ATL@@UAE@XZ 1000a6cc f i ElectronicJournalImpl.obj
 0001:000096e5       ??1?$IConnectionPointImpl@VCOPOSElectronicJournal@@$1?IID_IPropertyNotifySink@@3U_GUID@@BVCComDynamicUnkArray@ATL@@@ATL@@QAE@XZ 1000a6e5 f i ElectronicJournalImpl.obj
 0001:000096e5       ??1?$IConnectionPointImpl@VCOPOSElectronicJournal@@$1?DIID__IOPOSElectronicJournalEvents@@3U_GUID@@BVCComDynamicUnkArray@ATL@@@ATL@@QAE@XZ 1000a6e5 f i ElectronicJournalImpl.obj
 0001:00009722       ??1CComControlBase@ATL@@UAE@XZ 1000a722 f i ElectronicJournalImpl.obj
 0001:00009785       ??1COPOSElectronicJournal@@UAE@XZ 1000a785 f   ElectronicJournalImpl.obj
 0001:000097cd       ??1OposVariantResult@@QAE@XZ 1000a7cd f i ElectronicJournalImpl.obj
 0001:000097ee       ??1_CW@@QAE@XZ             1000a7ee f i ElectronicJournalImpl.obj
 0001:00009807       ?AddMarker@COPOSElectronicJournal@@UAGJPA_WPAJ@Z 1000a807 f   ElectronicJournalImpl.obj
 0001:0000985e       ?CancelPrintContent@COPOSElectronicJournal@@UAGJPAJ@Z 1000a85e f   ElectronicJournalImpl.obj
 0001:00009879       ?CancelQueryContent@COPOSElectronicJournal@@UAGJPAJ@Z 1000a879 f   ElectronicJournalImpl.obj
 0001:00009894       ?CheckHealth@COPOSElectronicJournal@@UAGJJPAJ@Z 1000a894 f   ElectronicJournalImpl.obj
 0001:000098e3       ?ClaimDevice@COPOSElectronicJournal@@UAGJJPAJ@Z 1000a8e3 f   ElectronicJournalImpl.obj
 0001:00009958       ?ClearInput@COPOSElectronicJournal@@UAGJPAJ@Z 1000a958 f   ElectronicJournalImpl.obj
 0001:00009973       ?ClearOutput@COPOSElectronicJournal@@UAGJPAJ@Z 1000a973 f   ElectronicJournalImpl.obj
 0001:0000998e       ?Close@COPOSElectronicJournal@@UAGJPAJ@Z 1000a98e f   ElectronicJournalImpl.obj
 0001:000099fc       ?CompareFirmwareVersion@COPOSElectronicJournal@@UAGJPA_WPAJ1@Z 1000a9fc f   ElectronicJournalImpl.obj
 0001:00009a7c       ?DirectIO@COPOSElectronicJournal@@UAGJJPAJPAPA_W0@Z 1000aa7c f   ElectronicJournalImpl.obj
 0001:00009b2a       ?DoInvoke@COPOSElectronicJournal@@IAEJJPAVOposVariant@@IHPAJ_N@Z 1000ab2a f   ElectronicJournalImpl.obj
 0001:00009bec       ?EraseMedium@COPOSElectronicJournal@@UAGJPAJ@Z 1000abec f   ElectronicJournalImpl.obj
 0001:00009c07       ?EventClose@COPOSElectronicJournal@@IAEXXZ 1000ac07 f i ElectronicJournalImpl.obj
 0001:00009c3a       ?EventInit@COPOSElectronicJournal@@IAEJXZ 1000ac3a f i ElectronicJournalImpl.obj
 0001:00009d06       ?EventUninit@COPOSElectronicJournal@@IAEXXZ 1000ad06 f i ElectronicJournalImpl.obj
 0001:00009d58       ?EventWindowProc@COPOSElectronicJournal@@IAGJIIJ@Z 1000ad58 f i ElectronicJournalImpl.obj
 0001:00009e56       ?FinalConstruct@COPOSElectronicJournal@@QAEJXZ 1000ae56 f   ElectronicJournalImpl.obj
 0001:00009e8f       ?FireEventCleanup@COPOSElectronicJournal@@IAEXXZ 1000ae8f f i ElectronicJournalImpl.obj
 0001:00009ea5       ?FireEventSetup@COPOSElectronicJournal@@IAE_NXZ 1000aea5 f i ElectronicJournalImpl.obj
 0001:00009ed9       ?FreezeEvents@COPOSElectronicJournal@@MAGJH@Z 1000aed9 f   ElectronicJournalImpl.obj
 0001:00009f39       ?GetOposProp@COPOSElectronicJournal@@IAEJJPAFJ@Z 1000af39 f   ElectronicJournalImpl.obj
 0001:00009f5c       ?GetOposProp@COPOSElectronicJournal@@IAEJJPAJJ@Z 1000af5c f   ElectronicJournalImpl.obj
 0001:0000a01a       ?GetOposProp@COPOSElectronicJournal@@IAEJJPAPA_WJ@Z 1000b01a f   ElectronicJournalImpl.obj
 0001:0000a0e5       ?InitializeMedium@COPOSElectronicJournal@@UAGJPA_WPAJ@Z 1000b0e5 f   ElectronicJournalImpl.obj
 0001:0000a13c       ?OnDraw@COPOSElectronicJournal@@MAEJAAUATL_DRAWINFO@@@Z 1000b13c f   ElectronicJournalImpl.obj
 0001:0000a1dc       ?Open@COPOSElectronicJournal@@UAGJPA_WPAJ@Z 1000b1dc f   ElectronicJournalImpl.obj
 0001:0000a975       ?PrintContent@COPOSElectronicJournal@@UAGJPA_W0PAJ@Z 1000b975 f   ElectronicJournalImpl.obj
 0001:0000a9f5       ?PrintContentFile@COPOSElectronicJournal@@UAGJPA_WPAJ@Z 1000b9f5 f   ElectronicJournalImpl.obj
 0001:0000aa4c       ?QueryContent@COPOSElectronicJournal@@UAGJPA_W00PAJ@Z 1000ba4c f   ElectronicJournalImpl.obj
 0001:0000ab04       ?ReleaseDevice@COPOSElectronicJournal@@UAGJPAJ@Z 1000bb04 f   ElectronicJournalImpl.obj
 0001:0000ab53       ?ResetStatistics@COPOSElectronicJournal@@UAGJPA_WPAJ@Z 1000bb53 f   ElectronicJournalImpl.obj
 0001:0000abaa       ?ResumePrintContent@COPOSElectronicJournal@@UAGJPAJ@Z 1000bbaa f   ElectronicJournalImpl.obj
 0001:0000abc5       ?ResumeQueryContent@COPOSElectronicJournal@@UAGJPAJ@Z 1000bbc5 f   ElectronicJournalImpl.obj
 0001:0000abe0       ?RetrieveCurrentMarker@COPOSElectronicJournal@@UAGJJPAPA_WPAJ@Z 1000bbe0 f   ElectronicJournalImpl.obj
 0001:0000ac5c       ?RetrieveMarker@COPOSElectronicJournal@@UAGJJJJPAPA_WPAJ@Z 1000bc5c f   ElectronicJournalImpl.obj
 0001:0000ad0b       ?RetrieveMarkerByDateTime@COPOSElectronicJournal@@UAGJJPA_W0PAPA_WPAJ@Z 1000bd0b f   ElectronicJournalImpl.obj
 0001:0000adce       ?RetrieveMarkersDateTime@COPOSElectronicJournal@@UAGJPA_WPAPA_WPAJ@Z 1000bdce f   ElectronicJournalImpl.obj
 0001:0000ae4e       ?RetrieveStatistics@COPOSElectronicJournal@@UAGJPAPA_WPAJ@Z 1000be4e f   ElectronicJournalImpl.obj
 0001:0000aea5       ?SOProcessID@COPOSElectronicJournal@@UAGJPAJ@Z 1000bea5 f   ElectronicJournalImpl.obj
 0001:0000aeb9       ?SetCOFreezeEvents@COPOSElectronicJournal@@IAEXF@Z 1000beb9 f   ElectronicJournalImpl.obj
[...]
 0002:00001d10       ?candidate_modules@?1??try_get_FlsSetValue@@YAP6GHKPAX@ZXZ@4QBW4module_id@?A0x5d2a34d3@@B 10020d10     libvcruntime:winapi_downlevel.obj
 0002:00001d24       ?candidate_modules@?1??try_get_InitializeCriticalSectionEx@@YAP6GHPAU_RTL_CRITICAL_SECTION@@KK@ZXZ@4QBW4module_id@?A0x5d2a34d3@@B 10020d24     libvcruntime:winapi_downlevel.obj
 0002:00001d68       ?tokenTable@@3QBQBDB       10020d68     libvcruntime:undname.obj
 0002:00001da8       ?nameTable@@3QBQBDB        10020da8     libvcruntime:undname.obj
 0002:00001ef0       ?rttiTable@@3QBQBDB        10020ef0     libvcruntime:undname.obj
 0002:00002508       _errtable                  10021508     libucrt:errno.obj
 0002:000027b0       ___acrt_initializers       100217b0     libucrt:initialization.obj
 0002:00002828       _module_names              10021828     libucrt:winapi_thunks.obj
 0002:00002d70       ?candidate_modules@?1??try_get_FlsAlloc@@YAP6GKP6GXPAX@Z@ZXZ@4QBW4module_id@?A0x352e5c4b@@B 10021d70     libucrt:winapi_thunks.obj
 0002:00002d84       ?candidate_modules@?1??try_get_FlsFree@@YAP6GHK@ZXZ@4QBW4module_id@?A0x352e5c4b@@B 10021d84     libucrt:winapi_thunks.obj
 0002:00002d94       ?candidate_modules@?1??try_get_FlsGetValue@@YAP6GPAXK@ZXZ@4QBW4module_id@?A0x352e5c4b@@B 10021d94     libucrt:winapi_thunks.obj
 0002:00002da8       ?candidate_modules@?1??try_get_FlsSetValue@@YAP6GHKPAX@ZXZ@4QBW4module_id@?A0x352e5c4b@@B 10021da8     libucrt:winapi_thunks.obj
 0002:00002dbc       ?candidate_modules@?1??try_get_GetCurrentPackageId@@YAP6GJPAIPAE@ZXZ@4QBW4module_id@?A0x352e5c4b@@B 10021dbc     libucrt:winapi_thunks.obj
 0002:00002dd8       ?candidate_modules@?1??try_get_InitializeCriticalSectionEx@@YAP6GHPAU_RTL_CRITICAL_SECTION@@KK@ZXZ@4QBW4module_id@?A0x352e5c4b@@B 10021dd8     libucrt:winapi_thunks.obj
 0002:00002dfc       ?candidate_modules@?1??try_get_LCMapStringEx@@YAP6GHPB_WK0HPA_WHPAU_nlsversioninfo@@PAXJ@ZXZ@4QBW4module_id@?A0x352e5c4b@@B 10021dfc     libucrt:winapi_thunks.obj
 0002:00002e14       ?candidate_modules@?1??try_get_LocaleNameToLCID@@YAP6GKPB_WK@ZXZ@4QBW4module_id@?A0x352e5c4b@@B 10021e14     libucrt:winapi_thunks.obj
 0002:00002e30       ?candidate_modules@?1??try_get_SetThreadStackGuarantee@@YAP6GHPAK@ZXZ@4QBW4module_id@?A0x352e5c4b@@B 10021e30     libucrt:winapi_thunks.obj
 0002:0000335c       __mb_locale_names          1002235c     libucrt:mbctype.obj
 0002:00003ba8       _LcidToLocaleNameTable     10022ba8     libucrt:lcidtoname_downlevel.obj
 0002:00004cd0       _LocaleNameToIndexTable    10023cd0     libucrt:lcidtoname_downlevel.obj
 0002:00006610       LOG_name                   10025610     libucrt:log10.obj
 0002:00006620       _One                       10025620     libucrt:ceil_pentium4.obj
 0002:00006630       _Bns                       10025630     libucrt:ceil_pentium4.obj
 0002:00006640       _Zero                      10025640     libucrt:ceil_pentium4.obj
 0002:00006650       _S                         10025650     libucrt:ceil_pentium4.obj
 0002:00006660       _NegZero                   10025660     libucrt:ceil_pentium4.obj
 0002:00006670       emask                      10025670     libucrt:log10_pentium4.obj
 0002:00006680       CC                         10025680     libucrt:log10_pentium4.obj
 0002:00006690       Magic                      10025690     libucrt:log10_pentium4.obj
 0002:000066a0       hi_mask                    100256a0     libucrt:log10_pentium4.obj
 0002:000066b0       LOG10_2                    100256b0     libucrt:log10_pentium4.obj
 0002:000066c0       place_L                    100256c0     libucrt:log10_pentium4.obj
 0002:000066e0       One                        100256e0     libucrt:log10_pentium4.obj
 0002:000066f0       Zero                       100256f0     libucrt:log10_pentium4.obj
 0002:00006700       Two52                      10025700     libucrt:log10_pentium4.obj
 0002:00006710       Infs                       10025710     libucrt:log10_pentium4.obj
 0002:00006720       NaN                        10025720     libucrt:log10_pentium4.obj
 0002:00006730       coeff                      10025730     libucrt:log10_pentium4.obj
 0002:0000678e       _log2max                   1002578e     libucrt:87tran.obj
 0002:00006798       _smallarg                  10025798     libucrt:87tran.obj
 0002:000067a2       _half                      100257a2     libucrt:87tran.obj
 0002:000067ee       One                        100257ee     libucrt:87disp.obj
 0002:000067f6       Three                      100257f6     libucrt:87disp.obj
 0002:000067fe       XAMtoTagTab                100257fe     libucrt:87disp.obj
 0002:00006810       One                        10025810     libucrt:common.obj
 0002:00006824       DblMax                     10025824     libucrt:common.obj
 0002:0000682c       DblMin                     1002582c     libucrt:common.obj
 0002:00006834       IeeeAdjO                   10025834     libucrt:common.obj
 0002:0000683c       IeeeAdjU                   1002583c     libucrt:common.obj
 0002:00006844       _infinity                  10025844     libucrt:common.obj
 0002:0000684c       _zero                      1002584c     libucrt:common.obj
 0002:00006888       _over                      10025888     libucrt:fpctrl.obj
 0002:00006894       _under                     10025894     libucrt:fpctrl.obj
 0002:00007158       ?_names@?1??_get_fname@@9@9 10026158     libucrt:fpexcept.obj
 0002:00007930       __sehtable$?_AtlVerifyStackAvailable@_ATL_SAFE_ALLOCA_IMPL@ATL@@YA_NK@Z 10026930     ElectronicJournal.obj
 0002:00007950       __sehtable$___scrt_is_nonwritable_in_current_image 10026950     LIBCMT:utility.obj
 0002:0000796c       __ehfuncinfo$?__scrt_initialize_thread_safe_statics_platform_specific@@YAXXZ 1002696c     LIBCMT:thread_safe_statics.obj
 0002:00007990       __catchsym$??2@YAPAXIABUnothrow_t@std@@@Z$2 10026990     LIBCMT:new_scalar_nothrow.obj
 0002:000079a0       __unwindtable$??2@YAPAXIABUnothrow_t@std@@@Z 100269a0     LIBCMT:new_scalar_nothrow.obj
 0002:000079b0       __tryblocktable$??2@YAPAXIABUnothrow_t@std@@@Z 100269b0     LIBCMT:new_scalar_nothrow.obj
 0002:000079c4       __ehfuncinfo$??2@YAPAXIABUnothrow_t@std@@@Z 100269c4     LIBCMT:new_scalar_nothrow.obj
 0002:000079e8       __sehtable$?dllmain_crt_process_attach@@YAHQAUHINSTANCE__@@QAX@Z 100269e8     LIBCMT:dll_dllmain.obj
 0002:00007a08       __sehtable$?dllmain_crt_process_detach@@YAH_N@Z 10026a08     LIBCMT:dll_dllmain.obj
 0002:00007a28       __sehtable$?dllmain_dispatch@@YAHQAUHINSTANCE__@@KQAX@Z 10026a28     LIBCMT:dll_dllmain.obj
 0002:00007ad8       __sehtable$?FrameUnwindToState@__FrameHandler3@@SAXPAUEHRegistrationNode@@PAXPBU_s_FuncInfo@@H@Z 10026ad8     libvcruntime:frame.obj
 0002:00007b00       __sehtable$?CallCatchBlock@@YAPAXPAUEHExceptionRecord@@PAUEHRegistrationNode@@PAU_CONTEXT@@PBU_s_FuncInfo@@PAXHK@Z 10026b00     libvcruntime:frame.obj
 0002:00007b28       __catchsym$?CallUnexpected@@YAXPBU_s_ESTypeList@@@Z$2 10026b28     libvcruntime:frame.obj
 0002:00007b38       __unwindtable$?CallUnexpected@@YAXPBU_s_ESTypeList@@@Z 10026b38     libvcruntime:frame.obj
 0002:00007b48       __tryblocktable$?CallUnexpected@@YAXPBU_s_ESTypeList@@@Z 10026b48     libvcruntime:frame.obj
 0002:00007b5c       __ehfuncinfo$?CallUnexpected@@YAXPBU_s_ESTypeList@@@Z 10026b5c     libvcruntime:frame.obj
 0002:00007b80       __sehtable$??$BuildCatchObjectHelperInternal@V__FrameHandler3@@@@YAHPAUEHExceptionRecord@@PAXPBU_s_HandlerType@@PBU_s_CatchableType@@@Z 10026b80     libvcruntime:frame.obj
 0002:00007ba0       __sehtable$??$BuildCatchObjectInternal@V__FrameHandler3@@@@YAXPAUEHExceptionRecord@@PAXPBU_s_HandlerType@@PBU_s_CatchableType@@@Z 10026ba0     libvcruntime:frame.obj
 0002:00007bf8       __sehtable$___DestructExceptionObject 10026bf8     libvcruntime:ehhelpers.obj
 0002:00007c18       __sehtable$?common_exit@@YAXHW4_crt_exit_cleanup_mode@@W4_crt_exit_return_mode@@@Z 10026c18     libucrt:exit.obj
 0002:00007c40       __sehtable$??$?RV<lambda_800076c951b434888f4765a74a194fcc>@@AAV<lambda_4e60a939b0d047cfe11ddc22648dfba9>@@V<lambda_6dbb1268764f43b569ce7b67e331d33a>@@@?$__crt_seh_guarded_call@H@@QAEH$$QAV<lambda_800076c951b434888f4765a74a194fcc>@@AAV<lambda_4e60a939b0d047cfe11ddc22648dfba9>@@$$QAV<lambda_6dbb1268764f43b569ce7b67e331d33a>@@@Z 10026c40     libucrt:onexit.obj
 0002:00007c60       __sehtable$??$?RV<lambda_995298e7d72eb4c2aab26c0585b3abe5>@@AAV<lambda_275893d493268fdec8709772e3fcec0e>@@V<lambda_293819299cbf9a7022e18b56a874bb5c>@@@?$__crt_seh_guarded_call@H@@QAEH$$QAV<lambda_995298e7d72eb4c2aab26c0585b3abe5>@@AAV<lambda_275893d493268fdec8709772e3fcec0e>@@$$QAV<lambda_293819299cbf9a7022e18b56a874bb5c>@@@Z 10026c60     libucrt:onexit.obj
 0002:00007c80       __sehtable$__query_new_handler 10026c80     libucrt:new_handler.obj
 0002:00007ca0       __sehtable$_terminate      10026ca0     libucrt:terminate.obj
 0002:00007cc0       __sehtable$??$?RV<lambda_9df27f884b057bc3edfc946cb5b7cf47>@@AAV<lambda_e69574bed617af4e071282c136b37893>@@V<lambda_cc0d902bcbbeb830f749456577db4721>@@@?$__crt_seh_guarded_call@X@@QAEX$$QAV<lambda_9df27f884b057bc3edfc946cb5b7cf47>@@AAV<lambda_e69574bed617af4e071282c136b37893>@@$$QAV<lambda_cc0d902bcbbeb830f749456577db4721>@@@Z 10026cc0     libucrt:per_thread_data.obj
 0002:00007ce0       __sehtable$??$?RV<lambda_3518db117f0e7cdb002338c5d3c47b6c>@@AAV<lambda_b2ea41f6bbb362cd97d94c6828d90b61>@@V<lambda_abdedf541bb04549bc734292b4a045d4>@@@?$__crt_seh_guarded_call@X@@QAEX$$QAV<lambda_3518db117f0e7cdb002338c5d3c47b6c>@@AAV<lambda_b2ea41f6bbb362cd97d94c6828d90b61>@@$$QAV<lambda_abdedf541bb04549bc734292b4a045d4>@@@Z 10026ce0     libucrt:per_thread_data.obj
 0002:00007d00       __sehtable$??$?RV<lambda_51b6e8b1eb166f2a3faf91f424b38130>@@AAV<lambda_6250bd4b2a391816dd638c3bf72b0bcb>@@V<lambda_0b5a4a3e68152e1d9b943535f5f47bed>@@@?$__crt_seh_guarded_call@X@@QAEX$$QAV<lambda_51b6e8b1eb166f2a3faf91f424b38130>@@AAV<lambda_6250bd4b2a391816dd638c3bf72b0bcb>@@$$QAV<lambda_0b5a4a3e68152e1d9b943535f5f47bed>@@@Z 10026d00     libucrt:per_thread_data.obj
 0002:00007d20       __sehtable$??$?RV<lambda_5b71d36f03204c0beab531769a5b5694>@@AAV<lambda_be2b3da3f62db62e9dad5dc70221a656>@@V<lambda_8f9ce462984622f9bf76b59e2aaaf805>@@@?$__crt_seh_guarded_call@X@@QAEX$$QAV<lambda_5b71d36f03204c0beab531769a5b5694>@@AAV<lambda_be2b3da3f62db62e9dad5dc70221a656>@@$$QAV<lambda_8f9ce462984622f9bf76b59e2aaaf805>@@@Z 10026d20     libucrt:per_thread_data.obj
 0002:00007d40       __sehtable$___acrt_uninitialize_locale 10026d40     libucrt:wsetlocale.obj
 0002:00007d60       __sehtable$___acrt_initialize_lowio 10026d60     libucrt:ioinit.obj
 0002:00007d80       __sehtable$___acrt_update_thread_multibyte_data 10026d80     libucrt:mbctype.obj
 0002:00007da0       __sehtable$??$?RV<lambda_978dc153c237d78434369da87b74ff60>@@AAV<lambda_ad1ced32f4ac17aa236e5ef05d6b3b7c>@@V<lambda_4a8533e2866a575feecb8298ce776b0d>@@@?$__crt_seh_guarded_call@X@@QAEX$$QAV<lambda_978dc153c237d78434369da87b74ff60>@@AAV<lambda_ad1ced32f4ac17aa236e5ef05d6b3b7c>@@$$QAV<lambda_4a8533e2866a575feecb8298ce776b0d>@@@Z 10026da0     libucrt:mbctype.obj
 0002:00007dc0       __sehtable$_raise          10026dc0     libucrt:signal.obj
 0002:00007de0       __sehtable$??$?RV<lambda_a048d3beccc847880fc8490e18b82769>@@AAV<lambda_ec61778202f4f5fc7e7711acc23c3bca>@@V<lambda_f7496a158712204296dd6628a163878e>@@@?$__crt_seh_guarded_call@P6AXH@Z@@QAEP6AXH@Z$$QAV<lambda_a048d3beccc847880fc8490e18b82769>@@AAV<lambda_ec61778202f4f5fc7e7711acc23c3bca>@@$$QAV<lambda_f7496a158712204296dd6628a163878e>@@@Z 10026de0     libucrt:signal.obj
 0002:00007e00       __sehtable$___acrt_update_thread_locale_data 10026e00     libucrt:locale_refcounting.obj
 0002:00007e20       __sehtable$__fcloseall     10026e20     libucrt:closeall.obj
 0002:00007e40       __sehtable$_common_flush_all 10026e40     libucrt:fflush.obj
 0002:00007e68       __sehtable$___acrt_lowio_ensure_fh_exists 10026e68     libucrt:osfinfo.obj
 0002:00007e88       __sehtable$__write         10026e88     libucrt:write.obj
 0002:00007ea8       __sehtable$_fclose         10026ea8     libucrt:fclose.obj
 0002:00007ec8       __sehtable$??$?RV<lambda_61cee617f5178ae960314fd4d05640a0>@@AAV<lambda_6978c1fb23f02e42e1d9e99668cc68aa>@@V<lambda_9cd88cf8ad10232537feb2133f08c833>@@@?$__crt_seh_guarded_call@H@@QAEH$$QAV<lambda_61cee617f5178ae960314fd4d05640a0>@@AAV<lambda_6978c1fb23f02e42e1d9e99668cc68aa>@@$$QAV<lambda_9cd88cf8ad10232537feb2133f08c833>@@@Z 10026ec8     libucrt:commit.obj
 0002:00007ee8       __sehtable$??$?RV<lambda_123407a5e2ac06da108355a851863b7a>@@AAV<lambda_2fe9b910cf3cbf4a0ab98a02ba45b3ec>@@V<lambda_ae55bdf541ad94d75914d381c370e64d>@@@?$__crt_seh_guarded_call@H@@QAEH$$QAV<lambda_123407a5e2ac06da108355a851863b7a>@@AAV<lambda_2fe9b910cf3cbf4a0ab98a02ba45b3ec>@@$$QAV<lambda_ae55bdf541ad94d75914d381c370e64d>@@@Z 10026ee8     libucrt:close.obj
 0002:00007f08       __sehtable$__IsNonwritableInCurrentImage 10026f08     LIBCMT:pesect.obj
 0002:00007f30       .edata                     10026f30     OPOSElectronicJournal.exp
 0002:00007f58       rgpv                       10026f58     OPOSElectronicJournal.exp
 0002:00007f68       rgszName                   10026f68     OPOSElectronicJournal.exp
 0002:00007f78       rgwOrd                     10026f78     OPOSElectronicJournal.exp
 0002:00007f80       szName                     10026f80     OPOSElectronicJournal.exp
 0002:00007f9a       $N00001                    10026f9a     OPOSElectronicJournal.exp
 0002:00007faa       $N00002                    10026faa     OPOSElectronicJournal.exp
 0002:00007fbc       $N00003                    10026fbc     OPOSElectronicJournal.exp
 0002:00007fce       $N00004                    10026fce     OPOSElectronicJournal.exp
 0002:000085e2       .idata$6                   100275e2     kernel32:KERNEL32.dll
 0002:000087f6       .idata$6                   100277f6     user32:USER32.dll
 0002:0000892a       .idata$6                   1002792a     gdi32:GDI32.dll
 0002:000089d0       .idata$6                   100279d0     advapi32:ADVAPI32.dll
 0002:00008aec       .idata$6                   10027aec     ole32:ole32.dll
 0002:00008af6       .idata$6                   10027af6     oleaut32:OLEAUT32.dll
 0003:00000110       ?ObjectMap@@3PAU_ATL_OBJMAP_ENTRY30@ATL@@A 10028110     ElectronicJournal.obj
 0003:000001d0       ?s_SOMethodNames@@3PAPADA  100281d0     ElectronicJournalImpl.obj
 0003:00000264       ?s_RequiredMethodsPerRelease@@3PAHA 10028264     ElectronicJournalImpl.obj
 0003:00000280       ?__vcrt_flsindex@@3KA      10028280     libvcruntime:per_thread_data.obj
 0003:000002a0       _errno_no_memory           100282a0     libucrt:errno.obj
 0003:000002a4       _doserrno_no_memory        100282a4     libucrt:errno.obj
 0003:000002b0       ___acrt_flsindex           100282b0     libucrt:per_thread_data.obj
 0003:00000424       ___rgctypeflag             10028424     libucrt:mbctype.obj
 0003:00000428       ___rgcode_page_info        10028428     libucrt:mbctype.obj
 0003:00000b48       ?is_initialized_as_dll@@3_NA 10028b48     LIBCMT:utility.obj
 0003:00000b49       ?module_local_atexit_table_initialized@@3_NA 10028b49     LIBCMT:utility.obj
 0003:00000b4c       ?module_local_atexit_table@@3U_onexit_table_t@@A 10028b4c     LIBCMT:utility.obj
 0003:00000b58       ?module_local_at_quick_exit_table@@3U_onexit_table_t@@A 10028b58     LIBCMT:utility.obj
 0003:00000b64       ?_Tss_mutex@@3U_RTL_CRITICAL_SECTION@@A 10028b64     LIBCMT:thread_safe_statics.obj
 0003:00000b7c       ?_Tss_cv@@3U_RTL_CONDITION_VARIABLE@@A 10028b7c     LIBCMT:thread_safe_statics.obj
 0003:00000b80       ?_Tss_event@@3PAXA         10028b80     LIBCMT:thread_safe_statics.obj
 0003:00000b84       ?encoded_sleep_condition_variable_cs@@3P6GHPAU_RTL_CONDITION_VARIABLE@@PAU_RTL_CRITICAL_SECTION@@K@ZA 10028b84     LIBCMT:thread_safe_statics.obj
 0003:00000b88       ?encoded_wake_all_condition_variable@@3P6GXPAU_RTL_CONDITION_VARIABLE@@@ZA 10028b88     LIBCMT:thread_safe_statics.obj
 0003:00000b90       _GS_ExceptionRecord        10028b90     LIBCMT:gs_report.obj
 0003:00000be0       _GS_ContextRecord          10028be0     LIBCMT:gs_report.obj
 0003:00000eb0       ?__proc_attached@@3HA      10028eb0     LIBCMT:dll_dllmain.obj
 0003:00000f0c       ?AllocateData@@3P6GPAUAtlThunkData_t@@XZA 10028f0c     atls:atlthunk.obj
 0003:00000f10       ?InitData@@3P6GXPAUAtlThunkData_t@@PAXI@ZA 10028f10     atls:atlthunk.obj
 0003:00000f14       ?DataToCode@@3P6GP6GJPAUHWND__@@IIJ@ZPAUAtlThunkData_t@@@ZA 10028f14     atls:atlthunk.obj
 0003:00000f18       ?FreeData@@3P6GXPAUAtlThunkData_t@@@ZA 10028f18     atls:atlthunk.obj
 0003:00000f1c       ?Initialized@@3_NA         10028f1c     atls:atlthunk.obj
 0003:00000f28       ?__vcrt_startup_thread_ptd@@3U__vcrt_ptd@@A 10028f28     libvcruntime:per_thread_data.obj
 0003:00000f50       ___vcrt_lock_table         10028f50     libvcruntime:locks.obj
 0003:00000f68       ___vcrt_locks_initialized  10028f68     libvcruntime:locks.obj
 0003:00000f6c       ?module_handles@@3PAPAUHINSTANCE__@@A 10028f6c     libvcruntime:winapi_downlevel.obj
 0003:00000f78       ?encoded_function_pointers@@3PAPAXA 10028f78     libvcruntime:winapi_downlevel.obj
 0003:00000fb4       ?heap@@3V_HeapManager@@A   10028fb4     libvcruntime:undname.obj
 0003:00000fcc       ___acrt_invalid_parameter_handler 10028fcc     libucrt:invalid_parameter.obj
 0003:00000fd0       _c_termination_complete    10028fd0     libucrt:exit.obj
 0003:00000fd4       _thread_local_exit_callback_func 10028fd4     libucrt:exit.obj
 0003:00000fd8       ?c_exit_complete@?5??common_exit@@YAXHW4_crt_exit_cleanup_mode@@W4_crt_exit_return_mode@@@Z@4_NA 10028fd8     libucrt:exit.obj
 0003:00000fe0       ?program_name@?5???$common_configure_argv@D@@YAHW4_crt_argv_mode@@@Z@4PADA 10028fe0     libucrt:argv_parsing.obj
 0003:00001110       ___acrt_new_handler        10029110     libucrt:new_handler.obj
 0003:00001118       _module_handles            10029118     libucrt:winapi_thunks.obj
 0003:00001168       _encoded_function_pointers 10029168     libucrt:winapi_thunks.obj
 0003:000011e8       ?state_cache@?1??__acrt_is_packaged_app@@9@4JA 100291e8     libucrt:winapi_thunks.obj
 0003:000011f4       _enable_percent_n          100291f4     libucrt:printf_count_output.obj
 0003:00001410       ___acrt_lock_table         10029410     libucrt:locks.obj
 0003:00001548       ___acrt_locks_initialized  10029548     libucrt:locks.obj
 0003:00001564       _fSystemSet                10029564     libucrt:mbctype.obj
 0003:00001568       ?initialized@?1??__acrt_initialize_multibyte@@9@4_NA 10029568     libucrt:mbctype.obj
 0003:00001588       _ctrlc_action              10029588     libucrt:signal.obj
 0003:0000158c       _ctrlbreak_action          1002958c     libucrt:signal.obj
 0003:00001590       _abort_action              10029590     libucrt:signal.obj
 0003:00001594       _term_action               10029594     libucrt:signal.obj
 0003:00001598       _user_matherr              10029598     libucrt:matherr.obj
 0003:0000159c       ___acrt_global_new_mode    1002959c     libucrt:new_mode.obj
 0003:000015a8       ___acrt_app_type           100295a8     libucrt:report_runtime_error.obj
 0003:000015b0       __pmatherr_set             100295b0     libucrt:libm_error.obj
 0004:00000220       $R000000                   1002a220     ElectronicJournal.res
 0004:00000bb8       $R000998                   1002abb8     ElectronicJournal.res
 0004:00000ca0       $R000A80                   1002aca0     ElectronicJournal.res
 0004:00000f08       $R000CE8                   1002af08     ElectronicJournal.res
 0004:00001410       $R0011F0                   1002b410     ElectronicJournal.res
 0004:000050c8       $R004EA8                   1002f0c8     ElectronicJournal.res
 0004:00005110       $R004EF0                   1002f110     ElectronicJournal.res
