 OPOSBumpBar

 Timestamp is 5b863ca4 (Wed Aug 29 15:26:44 2018)

 Preferred load address is 10000000

 Start         Length     Name                   Class
 0001:00000000 00000080H .text$di                CODE
 0001:00000080 0001d21bH .text$mn                CODE
 0001:0001d29b 00000051H .text$x                 CODE
 0001:0001d2ec 00000042H .text$yd                CODE
 0002:00000000 000002fcH .idata$5                DATA
 0002:000002fc 00000004H .00cfg                  DATA
 0002:00000300 00000004H .CRT$XCA                DATA
 0002:00000304 00000004H .CRT$XCL                DATA
 0002:00000308 00000010H .CRT$XCU                DATA
 0002:00000318 00000004H .CRT$XCZ                DATA
 0002:0000031c 00000004H .CRT$XIA                DATA
 0002:00000320 00000010H .CRT$XIC                DATA
 0002:00000330 00000004H .CRT$XIZ                DATA
 0002:00000334 00000004H .CRT$XLA                DATA
 0002:00000338 00000004H .CRT$XLZ                DATA
 0002:0000033c 00000004H .CRT$XPA                DATA
 0002:00000340 00000008H .CRT$XPX                DATA
 0002:00000348 00000004H .CRT$XPXA               DATA
 0002:0000034c 00000004H .CRT$XPZ                DATA
 0002:00000350 00000004H .CRT$XTA                DATA
 0002:00000354 0000000cH .CRT$XTZ                DATA
 0002:00000358 00000000H .gfids$y                DATA
 0002:00000360 00006db8H .rdata                  DATA
 0002:00007118 00000018H .rdata$T                DATA
 0002:00007130 00000180H .rdata$r                DATA
 0002:000072b0 00000020H .rdata$sxdata           DATA
 0002:000072d0 000003dcH .rdata$zzzdbg           DATA
 0002:000076ac 00000004H .rtc$IAA                DATA
 0002:000076b0 00000004H .rtc$IZZ                DATA
 0002:000076b4 00000004H .rtc$TAA                DATA
 0002:000076b8 00000004H .rtc$TZZ                DATA
 0002:000076bc 00000004H .tls                    DATA
 0002:000076c0 00000004H .tls$                   DATA
 0002:000076c4 00000004H .tls$ZZZ                DATA
 0002:000076c8 00000624H .xdata$x                DATA
 0002:00007cec 00000004H ATL$__a                 DATA
 0002:00007cf0 00000010H ATL$__z                 DATA
 0002:00007d00 000000a8H .edata                  DATA
 0002:00007da8 00000078H .idata$2                DATA
 0002:00007e20 00000014H .idata$3                DATA
 0002:00007e34 000002fcH .idata$4                DATA
 0002:00008130 00000bc0H .idata$6                DATA
 0003:00000000 00000990H .data                   DATA
 0003:00000990 00000098H .data$r                 DATA
 0003:00000a28 00000b68H .bss                    DATA
 0004:00000000 00000220H .rsrc$01                DATA
 0004:00000220 00004270H .rsrc$02                DATA

  Address         Publics by Value              Rva+Base       Lib:Object

 0000:00000000       ___guard_iat_count         00000000     <absolute>
 0000:00000000       ___guard_fids_count        00000000     <absolute>
 0000:00000000       ___guard_longjmp_count     00000000     <absolute>
 0000:00000000       ___guard_longjmp_table     00000000     <absolute>
 0000:00000000       ___hybrid_code_map_count   00000000     <absolute>
 0000:00000000       __except_list              00000000     <absolute>
 0000:00000000       ___guard_fids_table        00000000     <absolute>
 0000:00000000       ___hybrid_auxiliary_iat    00000000     <absolute>
 0000:00000000       ___dynamic_value_reloc_table 00000000     <absolute>
 0000:00000000       ___guard_iat_table         00000000     <absolute>
 0000:00000000       ___volatile_metadata       00000000     <absolute>
 0000:00000000       ___enclave_config          00000000     <absolute>
 0000:00000000       ___hybrid_code_map         00000000     <absolute>
 0000:00000008       ___safe_se_handler_count   00000008     <absolute>
 0000:0000002c       __tls_array                0000002c     <absolute>
 0000:00000100       ___guard_flags             00000100     <absolute>
 0000:00000000       ___ImageBase               10000000     <linker-defined>
 0001:00000080       ?DupWide@_CW@@AAEXXZ       10001080 f   CWString.obj
 0001:0000009c       ?cw_dup@@YGXPBDAAHAAPA_W1@Z 1000109c f   CWString.obj
 0001:0000010b       ?cw_memcpy@@YGHPA_WPBDH@Z  1000110b f   CWString.obj
 0001:00000137       ?cw_strcpy@@YAHPA_WPBD@Z   10001137 f   CWString.obj
 0001:0000014a       ?cw_strlen@@YAHPBD@Z       1000114a f   CWString.obj
 0001:00000163       ??0CAtlComModule@ATL@@QAE@XZ 10001163 f i OposVariant.obj
 0001:000001a8       ??0CAtlWinModule@ATL@@QAE@XZ 100011a8 f i OposVariant.obj
 0001:000001df       ??0OposDispParms@@QAE@PAVOposVariant@@H@Z 100011df f   OposVariant.obj
 0001:00000250       ??1OposDispParms@@QAE@XZ   10001250 f   OposVariant.obj
 0001:0000025e       ??A?$CSimpleArray@GV?$CSimpleArrayEqualHelper@G@ATL@@@ATL@@QAEAAGH@Z 1000125e f i OposVariant.obj
 0001:00000283       ??_Estringdispid@CComTypeInfoHolder@ATL@@QAEPAXI@Z 10001283 f i OposVariant.obj
 0001:000002ef       ?AtlWinModuleInit@ATL@@YGJPAU_ATL_WIN_MODULE70@1@@Z 100012ef f i OposVariant.obj
 0001:00000315       ?AtlWinModuleTerm@ATL@@YGJPAU_ATL_WIN_MODULE70@1@PAUHINSTANCE__@@@Z 10001315 f i OposVariant.obj
 0001:00000378       ?ChangeBSTR@OposVariant@@QAEXPAPA_WAAJ@Z 10001378 f   OposVariant.obj
 0001:000003b9       ?ChangeLONG@OposVariant@@QAEXPAJAAJ@Z 100013b9 f   OposVariant.obj
 0001:000003fa       ?GetLONG@OposVariant@@QAEJXZ 100013fa f   OposVariant.obj
 0001:00000415       ?Init@CComCriticalSection@ATL@@QAEJXZ 10001415 f i OposVariant.obj
 0001:0000043c       ?RemoveAll@?$CSimpleArray@GV?$CSimpleArrayEqualHelper@G@ATL@@@ATL@@QAEXXZ 1000143c f i OposVariant.obj
 0001:0000043c       ?RemoveAll@?$CSimpleArray@PAUHINSTANCE__@@V?$CSimpleArrayEqualHelper@PAUHINSTANCE__@@@ATL@@@ATL@@QAEXXZ 1000143c f i atls:atlbase.obj
 0001:00000459       ?SetBSTR@OposVariant@@QAEXPA_WAAJ@Z 10001459 f   OposVariant.obj
 0001:0000048d       ?SetBSTR_Copy@OposVariant@@QAEXPA_WAAJ@Z 1000148d f   OposVariant.obj
 0001:000004dd       ?SetBSTR_InOutPtr@OposVariant@@QAE_NPAPA_WAAJ@Z 100014dd f   OposVariant.obj
 0001:00000514       ?SetDispatch_Ptr@OposVariant@@QAEXPAUIDispatch@@AAJ@Z 10001514 f   OposVariant.obj
 0001:0000054f       ?SetLONG@OposVariant@@QAEXJ@Z 1000154f f   OposVariant.obj
 0001:00000571       ?SetLONG_Ptr@OposVariant@@QAEXPAJAAJ@Z 10001571 f   OposVariant.obj
 0001:000005a4       ?SetString@OposVariant@@QAEXPB_WAAJ@Z 100015a4 f   OposVariant.obj
 0001:000005ea       ?SetVARIANT_BOOL@OposVariant@@QAEXF@Z 100015ea f   OposVariant.obj
 0001:00000614       ?Term@CAtlComModule@ATL@@QAEXXZ 10001614 f i OposVariant.obj
 0001:0000065e       ?_AtlRaiseException@ATL@@YAXKK@Z 1000165e f i OposVariant.obj
 0001:00000673       ?Draw@?$IViewObjectExImpl@VCOPOSBumpBar@@@ATL@@UAGJKJPAXPAUtagDVTARGETDEVICE@@PAUHDC__@@2PBU_RECTL@@3P6GHK@ZK@Z 10001673 f i BumpBar.obj
 0001:000006a5       ?GetColorSet@?$IViewObjectExImpl@VCOPOSBumpBar@@@ATL@@UAGJKJPAXPAUtagDVTARGETDEVICE@@PAUHDC__@@PAPAUtagLOGPALETTE@@@Z 100016a5 f i BumpBar.obj
 0001:000006ad       ?Freeze@?$IViewObjectExImpl@VCOPOSBumpBar@@@ATL@@UAGJKJPAXPAK@Z 100016ad f i BumpBar.obj
 0001:000006b5       ?ContextSensitiveHelp@?$IOleInPlaceObjectWindowlessImpl@VCOPOSBumpBar@@@ATL@@UAGJH@Z 100016b5 f i BumpBar.obj
 0001:000006b5       ?OnMnemonic@?$IOleControlImpl@VCOPOSBumpBar@@@ATL@@UAGJPAUtagMSG@@@Z 100016b5 f i BumpBar.obj
 0001:000006b5       ?SetColorScheme@?$IOleObjectImpl@VCOPOSBumpBar@@@ATL@@UAGJPAUtagLOGPALETTE@@@Z 100016b5 f i BumpBar.obj
 0001:000006b5       ?QueryGetData@?$IDataObjectImpl@VCOPOSBumpBar@@@ATL@@UAGJPAUtagFORMATETC@@@Z 100016b5 f i BumpBar.obj
 0001:000006b5       ?GetDropTarget@?$IOleInPlaceObjectWindowlessImpl@VCOPOSBumpBar@@@ATL@@UAGJPAPAUIDropTarget@@@Z 100016b5 f i BumpBar.obj
 0001:000006b5       ?Unfreeze@?$IViewObjectExImpl@VCOPOSBumpBar@@@ATL@@UAGJK@Z 100016b5 f i BumpBar.obj
 0001:000006b5       ?ContextSensitiveHelp@?$IOleInPlaceActiveObjectImpl@VCOPOSBumpBar@@@ATL@@UAGJH@Z 100016b5 f i BumpBar.obj
 0001:000006b5       ?GetControlInfo@?$IOleControlImpl@VCOPOSBumpBar@@@ATL@@UAGJPAUtagCONTROLINFO@@@Z 100016b5 f i BumpBar.obj
 0001:000006bd       ?SetAdvise@?$IViewObjectExImpl@VCOPOSBumpBar@@@ATL@@UAGJKKPAUIAdviseSink@@@Z 100016bd f i BumpBar.obj
 0001:000006dc       ?GetAdvise@?$IViewObjectExImpl@VCOPOSBumpBar@@@ATL@@UAGJPAK0PAPAUIAdviseSink@@@Z 100016dc f i BumpBar.obj
 0001:00000711       ?GetExtent@?$IViewObjectExImpl@VCOPOSBumpBar@@@ATL@@UAGJKJPAUtagDVTARGETDEVICE@@PAUtagSIZE@@@Z 10001711 f i BumpBar.obj
 0001:00000742       ?GetCanonicalFormatEtc@?$IDataObjectImpl@VCOPOSBumpBar@@@ATL@@UAGJPAUtagFORMATETC@@0@Z 10001742 f i BumpBar.obj
 0001:00000742       ?GetDataHere@?$IDataObjectImpl@VCOPOSBumpBar@@@ATL@@UAGJPAUtagFORMATETC@@PAUtagSTGMEDIUM@@@Z 10001742 f i BumpBar.obj
 0001:00000742       ?EnumFormatEtc@?$IDataObjectImpl@VCOPOSBumpBar@@@ATL@@UAGJKPAPAUIEnumFORMATETC@@@Z 10001742 f i BumpBar.obj
 0001:00000742       ?GetClipboardData@?$IOleObjectImpl@VCOPOSBumpBar@@@ATL@@UAGJKPAPAUIDataObject@@@Z 10001742 f i BumpBar.obj
 0001:00000742       ?SetMoniker@?$IOleObjectImpl@VCOPOSBumpBar@@@ATL@@UAGJKPAUIMoniker@@@Z 10001742 f i BumpBar.obj
 0001:00000742       ?QueryInterface@CRegObject@ATL@@UAGJABU_GUID@@PAPAX@Z 10001742 f i BumpBar.obj
 0001:00000742       ?GetRect@?$IViewObjectExImpl@VCOPOSBumpBar@@@ATL@@UAGJKPAU_RECTL@@@Z 10001742 f i BumpBar.obj
 0001:0000074a       ?GetViewStatus@?$IViewObjectExImpl@VCOPOSBumpBar@@@ATL@@UAGJPAK@Z 1000174a f i BumpBar.obj
 0001:00000767       ?QueryHitPoint@?$IViewObjectExImpl@VCOPOSBumpBar@@@ATL@@UAGJKPBUtagRECT@@UtagPOINT@@JPAK@Z 10001767 f i BumpBar.obj
 0001:000007a8       ?QueryHitRect@?$IViewObjectExImpl@VCOPOSBumpBar@@@ATL@@UAGJKPBUtagRECT@@0JPAK@Z 100017a8 f i BumpBar.obj
 0001:00000803       ?GetNaturalExtent@?$IViewObjectExImpl@VCOPOSBumpBar@@@ATL@@UAGJKJPAUtagDVTARGETDEVICE@@PAUHDC__@@PAUtagExtentInfo@@PAUtagSIZE@@@Z 10001803 f i BumpBar.obj
 0001:0000084e       ?GetWindow@?$IOleInPlaceObjectWindowlessImpl@VCOPOSBumpBar@@@ATL@@UAGJPAPAUHWND__@@@Z 1000184e f i BumpBar.obj
 0001:0000089b       ?InPlaceDeactivate@?$IOleInPlaceObjectWindowlessImpl@VCOPOSBumpBar@@@ATL@@UAGJXZ 1000189b f i BumpBar.obj
 0001:000008b5       ?UIDeactivate@?$IOleInPlaceObjectWindowlessImpl@VCOPOSBumpBar@@@ATL@@UAGJXZ 100018b5 f i BumpBar.obj
 0001:000008cf       ?SetObjectRects@?$IOleInPlaceObjectWindowlessImpl@VCOPOSBumpBar@@@ATL@@UAGJPBUtagRECT@@0@Z 100018cf f i BumpBar.obj
 0001:000008ef       ?ReactivateAndUndo@?$IOleInPlaceObjectWindowlessImpl@VCOPOSBumpBar@@@ATL@@UAGJXZ 100018ef f i BumpBar.obj
 0001:000008f7       ?OnWindowMessage@?$IOleInPlaceObjectWindowlessImpl@VCOPOSBumpBar@@@ATL@@UAGJIIJPAJ@Z 100018f7 f i BumpBar.obj
 0001:00000967       ?EnumConnectionPoints@?$IConnectionPointContainerImpl@VCOPOSBumpBar@@@ATL@@UAGJPAPAUIEnumConnectionPoints@@@Z 10001967 f i BumpBar.obj
 0001:00000ae1       ?FindConnectionPoint@?$IConnectionPointContainerImpl@VCOPOSBumpBar@@@ATL@@UAGJABU_GUID@@PAPAUIConnectionPoint@@@Z 10001ae1 f i BumpBar.obj
 0001:00000b84       ?GetClassID@?$IPersistStreamInitImpl@VCOPOSBumpBar@@@ATL@@UAGJPAU_GUID@@@Z 10001b84 f i BumpBar.obj
 0001:00000b84       ?GetUserClassID@?$IOleObjectImpl@VCOPOSBumpBar@@@ATL@@UAGJPAU_GUID@@@Z 10001b84 f i BumpBar.obj
 0001:00000b84       ?GetClassID@?$IPersistStorageImpl@VCOPOSBumpBar@@@ATL@@UAGJPAU_GUID@@@Z 10001b84 f i BumpBar.obj
 0001:00000ba8       ?IsDirty@?$IPersistStorageImpl@VCOPOSBumpBar@@@ATL@@UAGJXZ 10001ba8 f i BumpBar.obj
 0001:00000bdc       ?InitNew@?$IPersistStorageImpl@VCOPOSBumpBar@@@ATL@@UAGJPAUIStorage@@@Z 10001bdc f i BumpBar.obj
 0001:00000c10       ?Load@?$IPersistStorageImpl@VCOPOSBumpBar@@@ATL@@UAGJPAUIStorage@@@Z 10001c10 f i BumpBar.obj
 0001:00000c7c       ?Save@?$IPersistStorageImpl@VCOPOSBumpBar@@@ATL@@UAGJPAUIStorage@@H@Z 10001c7c f i BumpBar.obj
 0001:00000cef       ?SaveCompleted@?$IPersistStorageImpl@VCOPOSBumpBar@@@ATL@@UAGJPAUIStorage@@@Z 10001cef f i BumpBar.obj
 0001:00000cef       ?OnAmbientPropertyChange@?$IOleControlImpl@VCOPOSBumpBar@@@ATL@@UAGJJ@Z 10001cef f i BumpBar.obj
 0001:00000cef       ?OnFrameWindowActivate@?$IOleInPlaceActiveObjectImpl@VCOPOSBumpBar@@@ATL@@UAGJH@Z 10001cef f i BumpBar.obj
 0001:00000cef       ?EnableModeless@?$IOleInPlaceActiveObjectImpl@VCOPOSBumpBar@@@ATL@@UAGJH@Z 10001cef f i BumpBar.obj
 0001:00000cf4       ?HandsOffStorage@?$IPersistStorageImpl@VCOPOSBumpBar@@@ATL@@UAGJXZ 10001cf4 f i BumpBar.obj
 0001:00000cf4       ?Release@CRegObject@ATL@@UAGKXZ 10001cf4 f i BumpBar.obj
 0001:00000cf4       ?Update@?$IOleObjectImpl@VCOPOSBumpBar@@@ATL@@UAGJXZ 10001cf4 f i BumpBar.obj
 0001:00000cf4       ?IsUpToDate@?$IOleObjectImpl@VCOPOSBumpBar@@@ATL@@UAGJXZ 10001cf4 f i BumpBar.obj
 0001:00000cf9       ?GetPages@?$ISpecifyPropertyPagesImpl@VCOPOSBumpBar@@@ATL@@UAGJPAUtagCAUUID@@@Z 10001cf9 f i BumpBar.obj
 0001:00000d10       ?QuickActivate@?$IQuickActivateImpl@VCOPOSBumpBar@@@ATL@@UAGJPAUtagQACONTAINER@@PAUtagQACONTROL@@@Z 10001d10 f i BumpBar.obj
 0001:00000d33       ?SetContentExtent@?$IQuickActivateImpl@VCOPOSBumpBar@@@ATL@@UAGJPAUtagSIZE@@@Z 10001d33 f i BumpBar.obj
 0001:00000d5f       ?GetContentExtent@?$IQuickActivateImpl@VCOPOSBumpBar@@@ATL@@UAGJPAUtagSIZE@@@Z 10001d5f f i BumpBar.obj
 0001:00000d7f       ?GetData@?$IDataObjectImpl@VCOPOSBumpBar@@@ATL@@UAGJPAUtagFORMATETC@@PAUtagSTGMEDIUM@@@Z 10001d7f f i BumpBar.obj
 0001:00000da2       ?GetMoniker@?$IOleObjectImpl@VCOPOSBumpBar@@@ATL@@UAGJKKPAPAUIMoniker@@@Z 10001da2 f i BumpBar.obj
 0001:00000da2       ?InitFromData@?$IOleObjectImpl@VCOPOSBumpBar@@@ATL@@UAGJPAUIDataObject@@HK@Z 10001da2 f i BumpBar.obj
 0001:00000da2       ?SetData@?$IDataObjectImpl@VCOPOSBumpBar@@@ATL@@UAGJPAUtagFORMATETC@@PAUtagSTGMEDIUM@@H@Z 10001da2 f i BumpBar.obj
 0001:00000daa       ?DAdvise@?$IDataObjectImpl@VCOPOSBumpBar@@@ATL@@UAGJPAUtagFORMATETC@@KPAUIAdviseSink@@PAK@Z 10001daa f i BumpBar.obj
 0001:00000deb       ?DUnadvise@?$IDataObjectImpl@VCOPOSBumpBar@@@ATL@@UAGJK@Z 10001deb f i BumpBar.obj
 0001:00000e19       ?EnumDAdvise@?$IDataObjectImpl@VCOPOSBumpBar@@@ATL@@UAGJPAPAUIEnumSTATDATA@@@Z 10001e19 f i BumpBar.obj
 0001:00000e58       ?GetClassInfoW@?$IProvideClassInfo2Impl@$1?CLSID_OPOSBumpBar@@3U_GUID@@B$1?DIID__IOPOSBumpBarEvents@@3U2@B$1?LIBID_OposBumpBar_CCO@@3U2@B$00$0A@VCComTypeInfoHolder@ATL@@@ATL@@UAGJPAPAUITypeInfo@@@Z 10001e58 f i BumpBar.obj
 0001:00000e6e       ?GetGUID@?$IProvideClassInfo2Impl@$1?CLSID_OPOSBumpBar@@3U_GUID@@B$1?DIID__IOPOSBumpBarEvents@@3U2@B$1?LIBID_OposBumpBar_CCO@@3U2@B$00$0A@VCComTypeInfoHolder@ATL@@@ATL@@UAGJKPAU_GUID@@@Z 10001e6e f i BumpBar.obj
 0001:00000eac       ?FAccessAllowed@?$IObjectSafetyImpl@VCOPOSBumpBar@@$02@ATL@@MAEHXZ 10001eac f i BumpBar.obj
 0001:00000eac       __get_startup_argv_mode    10001eac f i LIBCMT:argv_mode.obj
 0001:00000eb0       ?GetInterfaceSafetyOptions@?$IObjectSafetyImpl@VCOPOSBumpBar@@$02@ATL@@UAGJABU_GUID@@PAK1@Z 10001eb0 f i BumpBar.obj
 0001:00000f24       ?SetInterfaceSafetyOptions@?$IObjectSafetyImpl@VCOPOSBumpBar@@$02@ATL@@UAGJABU_GUID@@KK@Z 10001f24 f i BumpBar.obj
 0001:00000f9e       ?_LocCPQueryInterface@?$IConnectionPointImpl@VCOPOSBumpBar@@$1?DIID__IOPOSBumpBarEvents@@3U_GUID@@BVCComDynamicUnkArray@ATL@@@ATL@@UAGJABU_GUID@@PAPAX@Z 10001f9e f i BumpBar.obj
 0001:00000f9e       ?_LocCPQueryInterface@?$IConnectionPointImpl@VCOPOSBumpBar@@$1?IID_IPropertyNotifySink@@3U_GUID@@BVCComDynamicUnkArray@ATL@@@ATL@@UAGJABU_GUID@@PAPAX@Z 10001f9e f i BumpBar.obj
 0001:00000feb       ?GetConnectionInterface@?$IConnectionPointImpl@VCOPOSBumpBar@@$1?IID_IPropertyNotifySink@@3U_GUID@@BVCComDynamicUnkArray@ATL@@@ATL@@UAGJPAU_GUID@@@Z 10001feb f i BumpBar.obj
 0001:0000100f       ?GetConnectionPointContainer@?$IConnectionPointImpl@VCOPOSBumpBar@@$1?IID_IPropertyNotifySink@@3U_GUID@@BVCComDynamicUnkArray@ATL@@@ATL@@UAGJPAPAUIConnectionPointContainer@@@Z 1000200f f i BumpBar.obj
 0001:00001032       ?Advise@?$IConnectionPointImpl@VCOPOSBumpBar@@$1?IID_IPropertyNotifySink@@3U_GUID@@BVCComDynamicUnkArray@ATL@@@ATL@@UAGJPAUIUnknown@@PAK@Z 10002032 f i BumpBar.obj
 0001:00001032       ?Advise@?$IConnectionPointImpl@VCOPOSBumpBar@@$1?DIID__IOPOSBumpBarEvents@@3U_GUID@@BVCComDynamicUnkArray@ATL@@@ATL@@UAGJPAUIUnknown@@PAK@Z 10002032 f i BumpBar.obj
 0001:000010d3       ?Unadvise@?$IConnectionPointImpl@VCOPOSBumpBar@@$1?DIID__IOPOSBumpBarEvents@@3U_GUID@@BVCComDynamicUnkArray@ATL@@@ATL@@UAGJK@Z 100020d3 f i BumpBar.obj
 0001:000010d3       ?Unadvise@?$IConnectionPointImpl@VCOPOSBumpBar@@$1?IID_IPropertyNotifySink@@3U_GUID@@BVCComDynamicUnkArray@ATL@@@ATL@@UAGJK@Z 100020d3 f i BumpBar.obj
 0001:00001113       ?EnumConnections@?$IConnectionPointImpl@VCOPOSBumpBar@@$1?IID_IPropertyNotifySink@@3U_GUID@@BVCComDynamicUnkArray@ATL@@@ATL@@UAGJPAPAUIEnumConnections@@@Z 10002113 f i BumpBar.obj
 0001:00001113       ?EnumConnections@?$IConnectionPointImpl@VCOPOSBumpBar@@$1?DIID__IOPOSBumpBarEvents@@3U_GUID@@BVCComDynamicUnkArray@ATL@@@ATL@@UAGJPAPAUIEnumConnections@@@Z 10002113 f i BumpBar.obj
 0001:00001219       ?GetCategoryMap@CComObjectRootBase@ATL@@SAPBU_ATL_CATMAP_ENTRY@2@XZ 10002219 f i BumpBar.obj
 0001:00001219       ?GetObjectDescription@?$CComCoClass@VCOPOSBumpBar@@$1?CLSID_OPOSBumpBar@@3U_GUID@@B@ATL@@SGPB_WXZ 10002219 f i BumpBar.obj
 0001:0000121c       ?GetConnectionInterface@?$IConnectionPointImpl@VCOPOSBumpBar@@$1?DIID__IOPOSBumpBarEvents@@3U_GUID@@BVCComDynamicUnkArray@ATL@@@ATL@@UAGJPAU_GUID@@@Z 1000221c f i BumpBar.obj
 0001:00001240       ?GetConnectionPointContainer@?$IConnectionPointImpl@VCOPOSBumpBar@@$1?DIID__IOPOSBumpBarEvents@@3U_GUID@@BVCComDynamicUnkArray@ATL@@@ATL@@UAGJPAPAUIConnectionPointContainer@@@Z 10002240 f i BumpBar.obj
 0001:00001263       ?UpdateRegistry@COPOSBumpBar@@SGJH@Z 10002263 f i BumpBar.obj
 0001:0000127b       ?ProcessWindowMessage@COPOSBumpBar@@UAEHPAUHWND__@@IIJAAJK@Z 1000227b f i BumpBar.obj
 0001:000012c4       ?SOData@COPOSBumpBar@@MAGJJ@Z 100022c4 f i BumpBar.obj
 0001:000012fd       ?SODirectIO@COPOSBumpBar@@MAGJJPAJPAPA_W@Z 100022fd f i BumpBar.obj
 0001:00001346       ?SOError@COPOSBumpBar@@MAGJJJJPAJ@Z 10002346 f i BumpBar.obj
 0001:0000139b       ?SOOutputComplete@COPOSBumpBar@@MAGJJ@Z 1000239b f i BumpBar.obj
 0001:000013d4       ?SOStatusUpdate@COPOSBumpBar@@MAGJJ@Z 100023d4 f i BumpBar.obj
 0001:0000140d       ?AddRef@CRegObject@ATL@@UAGKXZ 1000240d f i BumpBar.obj
 0001:00001413       ?AddReplacement@CRegObject@ATL@@UAGJPB_W0@Z 10002413 f i BumpBar.obj
 0001:0000144c       ?ClearReplacements@CRegObject@ATL@@UAGJXZ 1000244c f i BumpBar.obj
 0001:0000145e       ??_GCRegObject@ATL@@UAEPAXI@Z 1000245e f i BumpBar.obj
 0001:0000145e       ??_ECRegObject@ATL@@UAEPAXI@Z 1000245e f i BumpBar.obj
 0001:00001480       ?CreateInstance@?$CComCreator@V?$CComObjectCached@VCComClassFactory@ATL@@@ATL@@@ATL@@SGJPAXABU_GUID@@PAPAX@Z 10002480 f i BumpBar.obj
 0001:00001513       ?CreateInstance@?$CComCreator2@V?$CComCreator@V?$CComObject@VCOPOSBumpBar@@@ATL@@@ATL@@V?$CComCreator@V?$CComAggObject@VCOPOSBumpBar@@@ATL@@@2@@ATL@@SGJPAXABU_GUID@@PAPAX@Z 10002513 f i BumpBar.obj
 0001:00001533       ?Next@?$CComEnumImpl@UIEnumConnectionPoints@@$1?_GUID_b196b285_bab4_101a_b69c_00aa00341d07@@3U__s_GUID@@BPAUIConnectionPoint@@V?$_CopyInterface@UIConnectionPoint@@@ATL@@@ATL@@UAGJKPAPAUIConnectionPoint@@PAK@Z 10002533 f i BumpBar.obj
 0001:0000160a       ?Skip@?$CComEnumImpl@UIEnumConnectionPoints@@$1?_GUID_b196b285_bab4_101a_b69c_00aa00341d07@@3U__s_GUID@@BPAUIConnectionPoint@@V?$_CopyInterface@UIConnectionPoint@@@ATL@@@ATL@@UAGJK@Z 1000260a f i BumpBar.obj
 0001:00001637       ?Reset@?$CComEnumImpl@UIEnumConnections@@$1?_GUID_b196b287_bab4_101a_b69c_00aa00341d07@@3U__s_GUID@@BUtagCONNECTDATA@@V?$_Copy@UtagCONNECTDATA@@@ATL@@@ATL@@UAGJXZ 10002637 f i BumpBar.obj
 0001:00001637       ?Reset@?$CComEnumImpl@UIEnumConnectionPoints@@$1?_GUID_b196b285_bab4_101a_b69c_00aa00341d07@@3U__s_GUID@@BPAUIConnectionPoint@@V?$_CopyInterface@UIConnectionPoint@@@ATL@@@ATL@@UAGJXZ 10002637 f i BumpBar.obj
 0001:00001649       ?Clone@?$CComEnumImpl@UIEnumConnectionPoints@@$1?_GUID_b196b285_bab4_101a_b69c_00aa00341d07@@3U__s_GUID@@BPAUIConnectionPoint@@V?$_CopyInterface@UIConnectionPoint@@@ATL@@@ATL@@UAGJPAPAUIEnumConnectionPoints@@@Z 10002649 f i BumpBar.obj
 0001:00001728       ?AddRef@?$CComObject@V?$CComEnum@UIEnumConnectionPoints@@$1?_GUID_b196b285_bab4_101a_b69c_00aa00341d07@@3U__s_GUID@@BPAUIConnectionPoint@@V?$_CopyInterface@UIConnectionPoint@@@ATL@@VCComSingleThreadModel@6@@ATL@@@ATL@@UAGKXZ 10002728 f i BumpBar.obj
 0001:00001728       ?AddRef@?$CComObject@V?$CComEnum@UIEnumConnections@@$1?_GUID_b196b287_bab4_101a_b69c_00aa00341d07@@3U__s_GUID@@BUtagCONNECTDATA@@V?$_Copy@UtagCONNECTDATA@@@ATL@@VCComSingleThreadModel@6@@ATL@@@ATL@@UAGKXZ 10002728 f i BumpBar.obj
 0001:00001739       ?Release@?$CComObject@V?$CComEnum@UIEnumConnectionPoints@@$1?_GUID_b196b285_bab4_101a_b69c_00aa00341d07@@3U__s_GUID@@BPAUIConnectionPoint@@V?$_CopyInterface@UIConnectionPoint@@@ATL@@VCComSingleThreadModel@6@@ATL@@@ATL@@UAGKXZ 10002739 f i BumpBar.obj
 0001:00001739       ?Release@?$CComObject@V?$CComEnum@UIEnumConnections@@$1?_GUID_b196b287_bab4_101a_b69c_00aa00341d07@@3U__s_GUID@@BUtagCONNECTDATA@@V?$_Copy@UtagCONNECTDATA@@@ATL@@VCComSingleThreadModel@6@@ATL@@@ATL@@UAGKXZ 10002739 f i BumpBar.obj
 0001:00001775       ?QueryInterface@?$CComObject@V?$CComEnum@UIEnumConnectionPoints@@$1?_GUID_b196b285_bab4_101a_b69c_00aa00341d07@@3U__s_GUID@@BPAUIConnectionPoint@@V?$_CopyInterface@UIConnectionPoint@@@ATL@@VCComSingleThreadModel@6@@ATL@@@ATL@@UAGJABU_GUID@@PAPAX@Z 10002775 f i BumpBar.obj
 0001:0000178f       ??_G?$CComObject@V?$CComEnum@UIEnumConnectionPoints@@$1?_GUID_b196b285_bab4_101a_b69c_00aa00341d07@@3U__s_GUID@@BPAUIConnectionPoint@@V?$_CopyInterface@UIConnectionPoint@@@ATL@@VCComSingleThreadModel@6@@ATL@@@ATL@@UAEPAXI@Z 1000278f f i BumpBar.obj
 0001:0000178f       ??_E?$CComObject@V?$CComEnum@UIEnumConnectionPoints@@$1?_GUID_b196b285_bab4_101a_b69c_00aa00341d07@@3U__s_GUID@@BPAUIConnectionPoint@@V?$_CopyInterface@UIConnectionPoint@@@ATL@@VCComSingleThreadModel@6@@ATL@@@ATL@@UAEPAXI@Z 1000278f f i BumpBar.obj
 0001:000017b1       ?AddRef@?$CComObjectCached@VCComClassFactory@ATL@@@ATL@@UAGKXZ 100027b1 f i BumpBar.obj
 0001:000017d8       ?Release@?$CComObjectCached@VCComClassFactory@ATL@@@ATL@@UAGKXZ 100027d8 f i BumpBar.obj
 0001:0000180e       ?QueryInterface@?$CComObjectCached@VCComClassFactory@ATL@@@ATL@@UAGJABU_GUID@@PAPAX@Z 1000280e f i BumpBar.obj
 0001:00001828       ??_E?$CComObjectCached@VCComClassFactory@ATL@@@ATL@@UAEPAXI@Z 10002828 f i BumpBar.obj
 0001:00001828       ??_G?$CComObjectCached@VCComClassFactory@ATL@@@ATL@@UAEPAXI@Z 10002828 f i BumpBar.obj
 0001:0000184a       ?AddRef@?$CComAggObject@VCOPOSBumpBar@@@ATL@@UAGKXZ 1000284a f i BumpBar.obj
 0001:0000185b       ?Release@?$CComAggObject@VCOPOSBumpBar@@@ATL@@UAGKXZ 1000285b f i BumpBar.obj
 0001:00001897       ?QueryInterface@?$CComAggObject@VCOPOSBumpBar@@@ATL@@UAGJABU_GUID@@PAPAX@Z 10002897 f i BumpBar.obj
 0001:000018e6       ?AddRef@?$CComContainedObject@VCOPOSBumpBar@@@ATL@@UAGKXZ 100028e6 f i BumpBar.obj
 0001:000018fc       ?Release@?$CComContainedObject@VCOPOSBumpBar@@@ATL@@UAGKXZ 100028fc f i BumpBar.obj
 0001:00001912       ?QueryInterface@?$CComContainedObject@VCOPOSBumpBar@@@ATL@@UAGJABU_GUID@@PAPAX@Z 10002912 f i BumpBar.obj
 0001:0000192d       ??_E?$CComAggObject@VCOPOSBumpBar@@@ATL@@UAEPAXI@Z 1000292d f i BumpBar.obj
 0001:0000192d       ??_G?$CComAggObject@VCOPOSBumpBar@@@ATL@@UAEPAXI@Z 1000292d f i BumpBar.obj
 0001:00001952       ?AddRef@?$CComObject@VCOPOSBumpBar@@@ATL@@UAGKXZ 10002952 f i BumpBar.obj
 0001:00001969       ?Release@?$CComObject@VCOPOSBumpBar@@@ATL@@UAGKXZ 10002969 f i BumpBar.obj
 0001:000019ab       ?QueryInterface@?$CComObject@VCOPOSBumpBar@@@ATL@@UAGJABU_GUID@@PAPAX@Z 100029ab f i BumpBar.obj
 0001:000019c5       ?ObjectMain@CComObjectRootBase@ATL@@SGX_N@Z 100029c5 f i BumpBar.obj
 0001:000019c5       ?OnFinalMessage@?$CWindowImplBaseT@VCWindow@ATL@@V?$CWinTraits@$0FGAAAAAA@$0A@@2@@ATL@@UAEXPAUHWND__@@@Z 100029c5 f i BumpBar.obj
 0001:000019c8       ?OnDrawAdvanced@CComControlBase@ATL@@UAEJAAUATL_DRAWINFO@@@Z 100029c8 f i BumpBar.obj
 0001:00001ab7       ?CreateInstance@CComClassFactory@ATL@@UAGJPAUIUnknown@@ABU_GUID@@PAPAX@Z 10002ab7 f i BumpBar.obj
 0001:00001af5       ?LockServer@CComClassFactory@ATL@@UAGJH@Z 10002af5 f i BumpBar.obj
 0001:00001b14       ??_ECComClassFactory@ATL@@UAEPAXI@Z 10002b14 f i BumpBar.obj
 0001:00001b14       ??_GCComClassFactory@ATL@@UAEPAXI@Z 10002b14 f i BumpBar.obj
 0001:00001b3f       ?Next@?$CComEnumImpl@UIEnumConnections@@$1?_GUID_b196b287_bab4_101a_b69c_00aa00341d07@@3U__s_GUID@@BUtagCONNECTDATA@@V?$_Copy@UtagCONNECTDATA@@@ATL@@@ATL@@UAGJKPAUtagCONNECTDATA@@PAK@Z 10002b3f f i BumpBar.obj
 0001:00001c16       ?Skip@?$CComEnumImpl@UIEnumConnections@@$1?_GUID_b196b287_bab4_101a_b69c_00aa00341d07@@3U__s_GUID@@BUtagCONNECTDATA@@V?$_Copy@UtagCONNECTDATA@@@ATL@@@ATL@@UAGJK@Z 10002c16 f i BumpBar.obj
 0001:00001c43       ?Clone@?$CComEnumImpl@UIEnumConnections@@$1?_GUID_b196b287_bab4_101a_b69c_00aa00341d07@@3U__s_GUID@@BUtagCONNECTDATA@@V?$_Copy@UtagCONNECTDATA@@@ATL@@@ATL@@UAGJPAPAUIEnumConnections@@@Z 10002c43 f i BumpBar.obj
 0001:00001d22       ?QueryInterface@?$CComObject@V?$CComEnum@UIEnumConnections@@$1?_GUID_b196b287_bab4_101a_b69c_00aa00341d07@@3U__s_GUID@@BUtagCONNECTDATA@@V?$_Copy@UtagCONNECTDATA@@@ATL@@VCComSingleThreadModel@6@@ATL@@@ATL@@UAGJABU_GUID@@PAPAX@Z 10002d22 f i BumpBar.obj
 0001:00001d3c       ??_E?$CComObject@V?$CComEnum@UIEnumConnections@@$1?_GUID_b196b287_bab4_101a_b69c_00aa00341d07@@3U__s_GUID@@BUtagCONNECTDATA@@V?$_Copy@UtagCONNECTDATA@@@ATL@@VCComSingleThreadModel@6@@ATL@@@ATL@@UAEPAXI@Z 10002d3c f i BumpBar.obj
 0001:00001d3c       ??_G?$CComObject@V?$CComEnum@UIEnumConnections@@$1?_GUID_b196b287_bab4_101a_b69c_00aa00341d07@@3U__s_GUID@@BUtagCONNECTDATA@@V?$_Copy@UtagCONNECTDATA@@@ATL@@VCComSingleThreadModel@6@@ATL@@@ATL@@UAEPAXI@Z 10002d3c f i BumpBar.obj
 0001:00001d5e       ??_E?$CComObject@VCOPOSBumpBar@@@ATL@@W3AEPAXI@Z 10002d5e f i BumpBar.obj
 0001:00001d66       ??_E?$CComObject@VCOPOSBumpBar@@@ATL@@WEM@AEPAXI@Z 10002d66 f i BumpBar.obj
 0001:00001d6e       ?QueryInterface@?$CComObject@VCOPOSBumpBar@@@ATL@@WHA@AGJABU_GUID@@PAPAX@Z 10002d6e f i BumpBar.obj
 0001:00001d78       ?AddRef@?$CComObject@VCOPOSBumpBar@@@ATL@@WHA@AGKXZ 10002d78 f i BumpBar.obj
 0001:00001d82       ?Release@?$CComObject@VCOPOSBumpBar@@@ATL@@WHA@AGKXZ 10002d82 f i BumpBar.obj
 0001:00001d8c       ?QueryInterface@?$CComObject@VCOPOSBumpBar@@@ATL@@WHE@AGJABU_GUID@@PAPAX@Z 10002d8c f i BumpBar.obj
 0001:00001d96       ?AddRef@?$CComObject@VCOPOSBumpBar@@@ATL@@WHE@AGKXZ 10002d96 f i BumpBar.obj
 0001:00001da0       ?Release@?$CComObject@VCOPOSBumpBar@@@ATL@@WHE@AGKXZ 10002da0 f i BumpBar.obj
 0001:00001daa       ?QueryInterface@?$CComObject@VCOPOSBumpBar@@@ATL@@WHI@AGJABU_GUID@@PAPAX@Z 10002daa f i BumpBar.obj
 0001:00001db4       ?AddRef@?$CComObject@VCOPOSBumpBar@@@ATL@@WHI@AGKXZ 10002db4 f i BumpBar.obj
 0001:00001dbe       ?Release@?$CComObject@VCOPOSBumpBar@@@ATL@@WHI@AGKXZ 10002dbe f i BumpBar.obj
 0001:00001dc8       ?QueryInterface@?$CComObject@VCOPOSBumpBar@@@ATL@@WHM@AGJABU_GUID@@PAPAX@Z 10002dc8 f i BumpBar.obj
 0001:00001dd2       ?AddRef@?$CComObject@VCOPOSBumpBar@@@ATL@@WHM@AGKXZ 10002dd2 f i BumpBar.obj
 0001:00001ddc       ?Release@?$CComObject@VCOPOSBumpBar@@@ATL@@WHM@AGKXZ 10002ddc f i BumpBar.obj
 0001:00001de6       ?QueryInterface@?$CComObject@VCOPOSBumpBar@@@ATL@@WIA@AGJABU_GUID@@PAPAX@Z 10002de6 f i BumpBar.obj
 0001:00001df3       ?AddRef@?$CComObject@VCOPOSBumpBar@@@ATL@@WIA@AGKXZ 10002df3 f i BumpBar.obj
 0001:00001e00       ?Release@?$CComObject@VCOPOSBumpBar@@@ATL@@WIA@AGKXZ 10002e00 f i BumpBar.obj
 0001:00001e0d       ?QueryInterface@?$CComObject@VCOPOSBumpBar@@@ATL@@WIE@AGJABU_GUID@@PAPAX@Z 10002e0d f i BumpBar.obj
 0001:00001e1a       ?AddRef@?$CComObject@VCOPOSBumpBar@@@ATL@@WIE@AGKXZ 10002e1a f i BumpBar.obj
 0001:00001e27       ?Release@?$CComObject@VCOPOSBumpBar@@@ATL@@WIE@AGKXZ 10002e27 f i BumpBar.obj
 0001:00001e34       ?QueryInterface@?$CComObject@VCOPOSBumpBar@@@ATL@@WII@AGJABU_GUID@@PAPAX@Z 10002e34 f i BumpBar.obj
 0001:00001e41       ?AddRef@?$CComObject@VCOPOSBumpBar@@@ATL@@WII@AGKXZ 10002e41 f i BumpBar.obj
 0001:00001e4e       ?Release@?$CComObject@VCOPOSBumpBar@@@ATL@@WII@AGKXZ 10002e4e f i BumpBar.obj
 0001:00001e5b       ?QueryInterface@?$CComObject@VCOPOSBumpBar@@@ATL@@WIM@AGJABU_GUID@@PAPAX@Z 10002e5b f i BumpBar.obj
 0001:00001e68       ?AddRef@?$CComObject@VCOPOSBumpBar@@@ATL@@WIM@AGKXZ 10002e68 f i BumpBar.obj
 0001:00001e75       ?Release@?$CComObject@VCOPOSBumpBar@@@ATL@@WIM@AGKXZ 10002e75 f i BumpBar.obj
 0001:00001e82       ?QueryInterface@?$CComObject@VCOPOSBumpBar@@@ATL@@WJA@AGJABU_GUID@@PAPAX@Z 10002e82 f i BumpBar.obj
 0001:00001e8f       ?AddRef@?$CComObject@VCOPOSBumpBar@@@ATL@@WJA@AGKXZ 10002e8f f i BumpBar.obj
 0001:00001e9c       ?Release@?$CComObject@VCOPOSBumpBar@@@ATL@@WJA@AGKXZ 10002e9c f i BumpBar.obj
 0001:00001ea9       ?QueryInterface@?$CComObject@VCOPOSBumpBar@@@ATL@@WJE@AGJABU_GUID@@PAPAX@Z 10002ea9 f i BumpBar.obj
 0001:00001eb6       ?AddRef@?$CComObject@VCOPOSBumpBar@@@ATL@@WJE@AGKXZ 10002eb6 f i BumpBar.obj
 0001:00001ec3       ?Release@?$CComObject@VCOPOSBumpBar@@@ATL@@WJE@AGKXZ 10002ec3 f i BumpBar.obj
 0001:00001ed0       ?QueryInterface@?$CComObject@VCOPOSBumpBar@@@ATL@@WJI@AGJABU_GUID@@PAPAX@Z 10002ed0 f i BumpBar.obj
 0001:00001edd       ?AddRef@?$CComObject@VCOPOSBumpBar@@@ATL@@WJI@AGKXZ 10002edd f i BumpBar.obj
 0001:00001eea       ?Release@?$CComObject@VCOPOSBumpBar@@@ATL@@WJI@AGKXZ 10002eea f i BumpBar.obj
 0001:00001ef7       ?QueryInterface@?$CComObject@VCOPOSBumpBar@@@ATL@@WJM@AGJABU_GUID@@PAPAX@Z 10002ef7 f i BumpBar.obj
 0001:00001f04       ?AddRef@?$CComObject@VCOPOSBumpBar@@@ATL@@WJM@AGKXZ 10002f04 f i BumpBar.obj
 0001:00001f11       ?Release@?$CComObject@VCOPOSBumpBar@@@ATL@@WJM@AGKXZ 10002f11 f i BumpBar.obj
 0001:00001f1e       ?QueryInterface@?$CComObject@VCOPOSBumpBar@@@ATL@@WKA@AGJABU_GUID@@PAPAX@Z 10002f1e f i BumpBar.obj
 0001:00001f2b       ?AddRef@?$CComObject@VCOPOSBumpBar@@@ATL@@WKA@AGKXZ 10002f2b f i BumpBar.obj
 0001:00001f38       ?Release@?$CComObject@VCOPOSBumpBar@@@ATL@@WKA@AGKXZ 10002f38 f i BumpBar.obj
 0001:00001f45       ?AddRef@?$CComObject@VCOPOSBumpBar@@@ATL@@WKI@AGKXZ 10002f45 f i BumpBar.obj
 0001:00001f52       ?Release@?$CComObject@VCOPOSBumpBar@@@ATL@@WKI@AGKXZ 10002f52 f i BumpBar.obj
 0001:00001f5f       ?AddRef@?$CComObject@VCOPOSBumpBar@@@ATL@@WLE@AGKXZ 10002f5f f i BumpBar.obj
 0001:00001f6c       ?Release@?$CComObject@VCOPOSBumpBar@@@ATL@@WLE@AGKXZ 10002f6c f i BumpBar.obj
 0001:00001f79       ??_E?$CComContainedObject@VCOPOSBumpBar@@@ATL@@W3AEPAXI@Z 10002f79 f i BumpBar.obj
 0001:00001f81       ??_E?$CComContainedObject@VCOPOSBumpBar@@@ATL@@WEM@AEPAXI@Z 10002f81 f i BumpBar.obj
 0001:00001f89       ?QueryInterface@?$CComContainedObject@VCOPOSBumpBar@@@ATL@@WHA@AGJABU_GUID@@PAPAX@Z 10002f89 f i BumpBar.obj
 0001:00001f93       ?AddRef@?$CComContainedObject@VCOPOSBumpBar@@@ATL@@WHA@AGKXZ 10002f93 f i BumpBar.obj
 0001:00001f9d       ?Release@?$CComContainedObject@VCOPOSBumpBar@@@ATL@@WHA@AGKXZ 10002f9d f i BumpBar.obj
 0001:00001fa7       ?QueryInterface@?$CComContainedObject@VCOPOSBumpBar@@@ATL@@WHE@AGJABU_GUID@@PAPAX@Z 10002fa7 f i BumpBar.obj
 0001:00001fb1       ?AddRef@?$CComContainedObject@VCOPOSBumpBar@@@ATL@@WHE@AGKXZ 10002fb1 f i BumpBar.obj
 0001:00001fbb       ?Release@?$CComContainedObject@VCOPOSBumpBar@@@ATL@@WHE@AGKXZ 10002fbb f i BumpBar.obj
 0001:00001fc5       ?QueryInterface@?$CComContainedObject@VCOPOSBumpBar@@@ATL@@WHI@AGJABU_GUID@@PAPAX@Z 10002fc5 f i BumpBar.obj
 0001:00001fcf       ?AddRef@?$CComContainedObject@VCOPOSBumpBar@@@ATL@@WHI@AGKXZ 10002fcf f i BumpBar.obj
 0001:00001fd9       ?Release@?$CComContainedObject@VCOPOSBumpBar@@@ATL@@WHI@AGKXZ 10002fd9 f i BumpBar.obj
 0001:00001fe3       ?QueryInterface@?$CComContainedObject@VCOPOSBumpBar@@@ATL@@WHM@AGJABU_GUID@@PAPAX@Z 10002fe3 f i BumpBar.obj
 0001:00001fed       ?AddRef@?$CComContainedObject@VCOPOSBumpBar@@@ATL@@WHM@AGKXZ 10002fed f i BumpBar.obj
 0001:00001ff7       ?Release@?$CComContainedObject@VCOPOSBumpBar@@@ATL@@WHM@AGKXZ 10002ff7 f i BumpBar.obj
 0001:00002001       ?QueryInterface@?$CComContainedObject@VCOPOSBumpBar@@@ATL@@WIA@AGJABU_GUID@@PAPAX@Z 10003001 f i BumpBar.obj
 0001:0000200e       ?AddRef@?$CComContainedObject@VCOPOSBumpBar@@@ATL@@WIA@AGKXZ 1000300e f i BumpBar.obj
 0001:0000201b       ?Release@?$CComContainedObject@VCOPOSBumpBar@@@ATL@@WIA@AGKXZ 1000301b f i BumpBar.obj
 0001:00002028       ?QueryInterface@?$CComContainedObject@VCOPOSBumpBar@@@ATL@@WIE@AGJABU_GUID@@PAPAX@Z 10003028 f i BumpBar.obj
 0001:00002035       ?AddRef@?$CComContainedObject@VCOPOSBumpBar@@@ATL@@WIE@AGKXZ 10003035 f i BumpBar.obj
 0001:00002042       ?Release@?$CComContainedObject@VCOPOSBumpBar@@@ATL@@WIE@AGKXZ 10003042 f i BumpBar.obj
 0001:0000204f       ?QueryInterface@?$CComContainedObject@VCOPOSBumpBar@@@ATL@@WII@AGJABU_GUID@@PAPAX@Z 1000304f f i BumpBar.obj
 0001:0000205c       ?AddRef@?$CComContainedObject@VCOPOSBumpBar@@@ATL@@WII@AGKXZ 1000305c f i BumpBar.obj
 0001:00002069       ?Release@?$CComContainedObject@VCOPOSBumpBar@@@ATL@@WII@AGKXZ 10003069 f i BumpBar.obj
 0001:00002076       ?QueryInterface@?$CComContainedObject@VCOPOSBumpBar@@@ATL@@WIM@AGJABU_GUID@@PAPAX@Z 10003076 f i BumpBar.obj
 0001:00002083       ?AddRef@?$CComContainedObject@VCOPOSBumpBar@@@ATL@@WIM@AGKXZ 10003083 f i BumpBar.obj
 0001:00002090       ?Release@?$CComContainedObject@VCOPOSBumpBar@@@ATL@@WIM@AGKXZ 10003090 f i BumpBar.obj
 0001:0000209d       ?QueryInterface@?$CComContainedObject@VCOPOSBumpBar@@@ATL@@WJA@AGJABU_GUID@@PAPAX@Z 1000309d f i BumpBar.obj
 0001:000020aa       ?AddRef@?$CComContainedObject@VCOPOSBumpBar@@@ATL@@WJA@AGKXZ 100030aa f i BumpBar.obj
 0001:000020b7       ?Release@?$CComContainedObject@VCOPOSBumpBar@@@ATL@@WJA@AGKXZ 100030b7 f i BumpBar.obj
 0001:000020c4       ?QueryInterface@?$CComContainedObject@VCOPOSBumpBar@@@ATL@@WJE@AGJABU_GUID@@PAPAX@Z 100030c4 f i BumpBar.obj
 0001:000020d1       ?AddRef@?$CComContainedObject@VCOPOSBumpBar@@@ATL@@WJE@AGKXZ 100030d1 f i BumpBar.obj
 0001:000020de       ?Release@?$CComContainedObject@VCOPOSBumpBar@@@ATL@@WJE@AGKXZ 100030de f i BumpBar.obj
 0001:000020eb       ?QueryInterface@?$CComContainedObject@VCOPOSBumpBar@@@ATL@@WJI@AGJABU_GUID@@PAPAX@Z 100030eb f i BumpBar.obj
 0001:000020f8       ?AddRef@?$CComContainedObject@VCOPOSBumpBar@@@ATL@@WJI@AGKXZ 100030f8 f i BumpBar.obj
 0001:00002105       ?Release@?$CComContainedObject@VCOPOSBumpBar@@@ATL@@WJI@AGKXZ 10003105 f i BumpBar.obj
 0001:00002112       ?QueryInterface@?$CComContainedObject@VCOPOSBumpBar@@@ATL@@WJM@AGJABU_GUID@@PAPAX@Z 10003112 f i BumpBar.obj
 0001:0000211f       ?AddRef@?$CComContainedObject@VCOPOSBumpBar@@@ATL@@WJM@AGKXZ 1000311f f i BumpBar.obj
 0001:0000212c       ?Release@?$CComContainedObject@VCOPOSBumpBar@@@ATL@@WJM@AGKXZ 1000312c f i BumpBar.obj
 0001:00002139       ?QueryInterface@?$CComContainedObject@VCOPOSBumpBar@@@ATL@@WKA@AGJABU_GUID@@PAPAX@Z 10003139 f i BumpBar.obj
 0001:00002146       ?AddRef@?$CComContainedObject@VCOPOSBumpBar@@@ATL@@WKA@AGKXZ 10003146 f i BumpBar.obj
 0001:00002153       ?Release@?$CComContainedObject@VCOPOSBumpBar@@@ATL@@WKA@AGKXZ 10003153 f i BumpBar.obj
 0001:00002160       ?AddRef@?$CComContainedObject@VCOPOSBumpBar@@@ATL@@WKI@AGKXZ 10003160 f i BumpBar.obj
 0001:0000216d       ?Release@?$CComContainedObject@VCOPOSBumpBar@@@ATL@@WKI@AGKXZ 1000316d f i BumpBar.obj
 0001:0000217a       ?AddRef@?$CComContainedObject@VCOPOSBumpBar@@@ATL@@WLE@AGKXZ 1000317a f i BumpBar.obj
 0001:00002187       ?Release@?$CComContainedObject@VCOPOSBumpBar@@@ATL@@WLE@AGKXZ 10003187 f i BumpBar.obj
 0001:00002194       ?Lock@CAtlModule@ATL@@UAEJXZ 10003194 f i BumpBar.obj
 0001:0000219e       ?Unlock@CAtlModule@ATL@@UAEJXZ 1000319e f i BumpBar.obj
 0001:000021a8       ?GetLockCount@CAtlModule@ATL@@UAEJXZ 100031a8 f i BumpBar.obj
 0001:000021ac       ?GetGITPtr@CAtlModule@ATL@@UAEJPAPAUIGlobalInterfaceTable@@@Z 100031ac f i BumpBar.obj
 0001:000021f8       ?GetWindowProc@?$CWindowImplBaseT@VCWindow@ATL@@V?$CWinTraits@$0FGAAAAAA@$0A@@2@@ATL@@UAEP6GJPAUHWND__@@IIJ@ZXZ 100031f8 f i BumpBar.obj
 0001:000021fe       ?StartWindowProc@?$CWindowImplBaseT@VCWindow@ATL@@V?$CWinTraits@$0FGAAAAAA@$0A@@2@@ATL@@SGJPAUHWND__@@IIJ@Z 100031fe f i BumpBar.obj
 0001:00002252       ?AddCommonRGSReplacements@?$CAtlModuleT@VCComModule@ATL@@@ATL@@UAEJPAUIRegistrarBase@@@Z 10003252 f i BumpBar.obj
 0001:0000226c       ?GetTypeInfoCount@?$IDispatchImpl@UIOPOSBumpBar@@$1?IID_IOPOSBumpBar@@3U_GUID@@B$1?LIBID_OposBumpBar_CCO@@3U3@B$00$0A@VCComTypeInfoHolder@ATL@@@ATL@@UAGJPAI@Z 1000326c f i BumpBar.obj
 0001:00002289       ?GetTypeInfo@?$IDispatchImpl@UIOPOSBumpBar@@$1?IID_IOPOSBumpBar@@3U_GUID@@B$1?LIBID_OposBumpBar_CCO@@3U3@B$00$0A@VCComTypeInfoHolder@ATL@@@ATL@@UAGJIKPAPAUITypeInfo@@@Z 10003289 f i BumpBar.obj
 0001:000022ad       ?GetIDsOfNames@?$IDispatchImpl@UIOPOSBumpBar@@$1?IID_IOPOSBumpBar@@3U_GUID@@B$1?LIBID_OposBumpBar_CCO@@3U3@B$00$0A@VCComTypeInfoHolder@ATL@@@ATL@@UAGJABU_GUID@@PAPA_WIKPAJ@Z 100032ad f i BumpBar.obj
 0001:000022cd       ?Invoke@?$IDispatchImpl@UIOPOSBumpBar@@$1?IID_IOPOSBumpBar@@3U_GUID@@B$1?LIBID_OposBumpBar_CCO@@3U3@B$00$0A@VCComTypeInfoHolder@ATL@@@ATL@@UAGJJABU_GUID@@KGPAUtagDISPPARAMS@@PAUtagVARIANT@@PAUtagEXCEPINFO@@PAI@Z 100032cd f i BumpBar.obj
 0001:000022db       ?UpdateRegistryFromResourceD@CComModule@ATL@@UAGJPB_WHPAU_ATL_REGMAP_ENTRY@2@@Z 100032db f i BumpBar.obj
 0001:000022db       ?UpdateRegistryFromResourceD@CComModule@ATL@@UAGJIHPAU_ATL_REGMAP_ENTRY@2@@Z 100032db f i BumpBar.obj
 0001:000022e3       ?UpdateRegistryFromResource@CComModule@ATL@@UAGJPB_WHPAU_ATL_REGMAP_ENTRY@2@@Z 100032e3 f i BumpBar.obj
 0001:000022ec       ?UpdateRegistryFromResource@CComModule@ATL@@UAGJIHPAU_ATL_REGMAP_ENTRY@2@@Z 100032ec f i BumpBar.obj
 0001:000022f5       ?CreateControlWindow@?$CComControl@VCOPOSBumpBar@@V?$CWindowImpl@VCOPOSBumpBar@@VCWindow@ATL@@V?$CWinTraits@$0FGAAAAAA@$0A@@3@@ATL@@@ATL@@UAEPAUHWND__@@PAU3@AAUtagRECT@@@Z 100032f5 f i BumpBar.obj
 0001:00002324       ?ControlQueryInterface@?$CComControl@VCOPOSBumpBar@@V?$CWindowImpl@VCOPOSBumpBar@@VCWindow@ATL@@V?$CWinTraits@$0FGAAAAAA@$0A@@3@@ATL@@@ATL@@UAEJABU_GUID@@PAPAX@Z 10003324 f i BumpBar.obj
 0001:0000233f       ??_ECComModule@ATL@@UAEPAXI@Z 1000333f f i BumpBar.obj
 0001:0000233f       ??_GCComModule@ATL@@UAEPAXI@Z 1000333f f i BumpBar.obj
 0001:00002367       ?IsDirty@?$IPersistStreamInitImpl@VCOPOSBumpBar@@@ATL@@UAGJXZ 10003367 f i BumpBar.obj
 0001:00002386       ?Load@?$IPersistStreamInitImpl@VCOPOSBumpBar@@@ATL@@UAGJPAUIStream@@@Z 10003386 f i BumpBar.obj
 0001:000023a5       ?Save@?$IPersistStreamInitImpl@VCOPOSBumpBar@@@ATL@@UAGJPAUIStream@@H@Z 100033a5 f i BumpBar.obj
 0001:000023c7       ?GetSizeMax@?$IPersistStreamInitImpl@VCOPOSBumpBar@@@ATL@@UAGJPAT_ULARGE_INTEGER@@@Z 100033c7 f i BumpBar.obj
 0001:0000257c       ?InitNew@?$IPersistStreamInitImpl@VCOPOSBumpBar@@@ATL@@UAGJXZ 1000357c f i BumpBar.obj
 0001:00002599       ?SetClientSite@?$IOleObjectImpl@VCOPOSBumpBar@@@ATL@@UAGJPAUIOleClientSite@@@Z 10003599 f i BumpBar.obj
 0001:000025b6       ?GetClientSite@?$IOleObjectImpl@VCOPOSBumpBar@@@ATL@@UAGJPAPAUIOleClientSite@@@Z 100035b6 f i BumpBar.obj
 0001:000025d3       ?SetHostNames@?$IOleObjectImpl@VCOPOSBumpBar@@@ATL@@UAGJPB_W0@Z 100035d3 f i BumpBar.obj
 0001:000025d8       ?Close@?$IOleObjectImpl@VCOPOSBumpBar@@@ATL@@UAGJK@Z 100035d8 f i BumpBar.obj
 0001:000025f5       ?DoVerb@?$IOleObjectImpl@VCOPOSBumpBar@@@ATL@@UAGJJPAUtagMSG@@PAUIOleClientSite@@JPAUHWND__@@PBUtagRECT@@@Z 100035f5 f i BumpBar.obj
 0001:0000270d       ?EnumVerbs@?$IOleObjectImpl@VCOPOSBumpBar@@@ATL@@UAGJPAPAUIEnumOLEVERB@@@Z 1000370d f i BumpBar.obj
 0001:0000272f       ?GetUserType@?$IOleObjectImpl@VCOPOSBumpBar@@@ATL@@UAGJKPAPA_W@Z 1000372f f i BumpBar.obj
 0001:00002747       ?SetExtent@?$IOleObjectImpl@VCOPOSBumpBar@@@ATL@@UAGJKPAUtagSIZE@@@Z 10003747 f i BumpBar.obj
 0001:00002767       ?GetExtent@?$IOleObjectImpl@VCOPOSBumpBar@@@ATL@@UAGJKPAUtagSIZE@@@Z 10003767 f i BumpBar.obj
 0001:000027a5       ?Advise@?$IOleObjectImpl@VCOPOSBumpBar@@@ATL@@UAGJPAUIAdviseSink@@PAK@Z 100037a5 f i BumpBar.obj
 0001:000027c5       ?Unadvise@?$IOleObjectImpl@VCOPOSBumpBar@@@ATL@@UAGJK@Z 100037c5 f i BumpBar.obj
 0001:000027f4       ?EnumAdvise@?$IOleObjectImpl@VCOPOSBumpBar@@@ATL@@UAGJPAPAUIEnumSTATDATA@@@Z 100037f4 f i BumpBar.obj
 0001:00002834       ?GetMiscStatus@?$IOleObjectImpl@VCOPOSBumpBar@@@ATL@@UAGJKPAK@Z 10003834 f i BumpBar.obj
 0001:0000284c       ?GetWindow@?$IOleInPlaceActiveObjectImpl@VCOPOSBumpBar@@@ATL@@UAGJPAPAUHWND__@@@Z 1000384c f i BumpBar.obj
 0001:00002899       ?TranslateAcceleratorW@?$IOleInPlaceActiveObjectImpl@VCOPOSBumpBar@@@ATL@@UAGJPAUtagMSG@@@Z 10003899 f i BumpBar.obj
 0001:00002937       ?OnDocWindowActivate@?$IOleInPlaceActiveObjectImpl@VCOPOSBumpBar@@@ATL@@UAGJH@Z 10003937 f i BumpBar.obj
 0001:00002959       ?ResizeBorder@?$IOleInPlaceActiveObjectImpl@VCOPOSBumpBar@@@ATL@@UAGJPBUtagRECT@@PAUIOleInPlaceUIWindow@@H@Z 10003959 f i BumpBar.obj
 0001:0000295e       ??$?4UITypeInfo2@@@?$CComPtr@UITypeInfo@@@ATL@@QAEPAUITypeInfo@@ABV?$CComPtr@UITypeInfo2@@@1@@Z 1000395e f i BumpBar.obj
 0001:0000298b       ??$AtlAdd@K@ATL@@YAJPAKKK@Z 1000398b f i BumpBar.obj
 0001:000029ae       ??$AtlAdd@_K@ATL@@YAJPA_K_K1@Z 100039ae f i BumpBar.obj
 0001:000029e6       ??$AtlAddThrow@K@ATL@@YAKKK@Z 100039e6 f i BumpBar.obj
 0001:00002a0c       ??$AtlModuleRegisterWndClassInfoT@VAtlModuleRegisterWndClassInfoParamW@ATL@@@ATL@@YAGPAU_ATL_BASE_MODULE70@0@PAU_ATL_WIN_MODULE70@0@PAU_ATL_WNDCLASSINFOW@0@PAP6GJPAUHWND__@@IIJ@ZVAtlModuleRegisterWndClassInfoParamW@0@@Z 10003a0c f i BumpBar.obj
 0001:00002b5a       ??$AtlMultiply@H@ATL@@YAJPAHHH@Z 10003b5a f i BumpBar.obj
 0001:00002b92       ??$AtlMultiply@K@ATL@@YAJPAKKK@Z 10003b92 f i BumpBar.obj
 0001:00002b92       ??$AtlMultiply@I@ATL@@YAJPAIII@Z 10003b92 f i BumpBar.obj
 0001:00002bb4       ??$AtlMultiplyThrow@I@ATL@@YAIII@Z 10003bb4 f i BumpBar.obj
 0001:00002bda       ??0?$CComAggObject@VCOPOSBumpBar@@@ATL@@QAE@PAX@Z 10003bda f i BumpBar.obj
 0001:00002c07       ??0?$CComContainedObject@VCOPOSBumpBar@@@ATL@@QAE@PAX@Z 10003c07 f i BumpBar.obj
 0001:00002cc0       ??0?$CComObject@V?$CComEnum@UIEnumConnectionPoints@@$1?_GUID_b196b285_bab4_101a_b69c_00aa00341d07@@3U__s_GUID@@BPAUIConnectionPoint@@V?$_CopyInterface@UIConnectionPoint@@@ATL@@VCComSingleThreadModel@6@@ATL@@@ATL@@QAE@PAX@Z 10003cc0 f i BumpBar.obj
 0001:00002cee       ??0?$CComObject@V?$CComEnum@UIEnumConnections@@$1?_GUID_b196b287_bab4_101a_b69c_00aa00341d07@@3U__s_GUID@@BUtagCONNECTDATA@@V?$_Copy@UtagCONNECTDATA@@@ATL@@VCComSingleThreadModel@6@@ATL@@@ATL@@QAE@PAX@Z 10003cee f i BumpBar.obj
 0001:00002d1c       ??0?$CComObject@VCOPOSBumpBar@@@ATL@@QAE@PAX@Z 10003d1c f i BumpBar.obj
 0001:00002dd3       ??0?$CComQIPtr@UIOleControlSite@@$1?_GUID_b196b289_bab4_101a_b69c_00aa00341d07@@3U__s_GUID@@B@ATL@@QAE@PAUIUnknown@@@Z 10003dd3 f i BumpBar.obj
 0001:00002dfc       ??0CAtlModule@ATL@@QAE@XZ  10003dfc f i BumpBar.obj
 0001:00002e3d       ??0CParseBuffer@CRegParser@ATL@@QAE@H@Z 10003e3d f i BumpBar.obj
 0001:00002e73       ??0_ATL_MSG@ATL@@QAE@PAUHWND__@@IIJH@Z 10003e73 f i BumpBar.obj
 0001:00002eab       ??1?$CComAggObject@VCOPOSBumpBar@@@ATL@@UAE@XZ 10003eab f i BumpBar.obj
 0001:00002ecf       ??1?$CComEnumImpl@UIEnumConnectionPoints@@$1?_GUID_b196b285_bab4_101a_b69c_00aa00341d07@@3U__s_GUID@@BPAUIConnectionPoint@@V?$_CopyInterface@UIConnectionPoint@@@ATL@@@ATL@@UAE@XZ 10003ecf f i BumpBar.obj
 0001:00002f0f       ??1?$CComEnumImpl@UIEnumConnections@@$1?_GUID_b196b287_bab4_101a_b69c_00aa00341d07@@3U__s_GUID@@BUtagCONNECTDATA@@V?$_Copy@UtagCONNECTDATA@@@ATL@@@ATL@@UAE@XZ 10003f0f f i BumpBar.obj
 0001:00002f4f       ??1?$CComObject@V?$CComEnum@UIEnumConnectionPoints@@$1?_GUID_b196b285_bab4_101a_b69c_00aa00341d07@@3U__s_GUID@@BPAUIConnectionPoint@@V?$_CopyInterface@UIConnectionPoint@@@ATL@@VCComSingleThreadModel@6@@ATL@@@ATL@@UAE@XZ 10003f4f f i BumpBar.obj
 0001:00002f72       ??1?$CComObject@V?$CComEnum@UIEnumConnections@@$1?_GUID_b196b287_bab4_101a_b69c_00aa00341d07@@3U__s_GUID@@BUtagCONNECTDATA@@V?$_Copy@UtagCONNECTDATA@@@ATL@@VCComSingleThreadModel@6@@ATL@@@ATL@@UAE@XZ 10003f72 f i BumpBar.obj
 0001:00002f95       ??1?$CComObject@VCOPOSBumpBar@@@ATL@@UAE@XZ 10003f95 f i BumpBar.obj
 0001:00003053       ??1?$CComObjectCached@VCComClassFactory@ATL@@@ATL@@UAE@XZ 10004053 f i BumpBar.obj
 0001:00003069       ??1?$CComObjectRootEx@VCComMultiThreadModel@ATL@@@ATL@@QAE@XZ 10004069 f i BumpBar.obj
 0001:0000307e       ??1CRegObject@ATL@@UAE@XZ  1000407e f i BumpBar.obj
 0001:0000309e       ??4?$CComPtr@UIOleClientSite@@@ATL@@QAEPAUIOleClientSite@@PAU2@@Z 1000409e f i BumpBar.obj
 0001:0000309e       ??4?$CComPtr@UIAdviseSink@@@ATL@@QAEPAUIAdviseSink@@PAU2@@Z 1000409e f i BumpBar.obj
 0001:0000309e       ??4?$CComPtr@UIUnknown@@@ATL@@QAEPAUIUnknown@@PAU2@@Z 1000409e f i BumpBar.obj
 0001:000030d2       ??4?$CComQIPtr@UIOleObject@@$1?_GUID_00000112_0000_0000_c000_000000000046@@3U__s_GUID@@B@ATL@@QAEPAUIOleObject@@PAUIUnknown@@@Z 100040d2 f i BumpBar.obj
 0001:000030f7       ??4?$CComQIPtr@UISpecifyPropertyPages@@$1?_GUID_b196b28b_bab4_101a_b69c_00aa00341d07@@3U__s_GUID@@B@ATL@@QAEPAUISpecifyPropertyPages@@PAUIUnknown@@@Z 100040f7 f i BumpBar.obj
 0001:0000311c       ??_E?$CComContainedObject@VCOPOSBumpBar@@@ATL@@UAEPAXI@Z 1000411c f i BumpBar.obj
 0001:0000311c       ??_G?$CComContainedObject@VCOPOSBumpBar@@@ATL@@UAEPAXI@Z 1000411c f i BumpBar.obj
 0001:00003141       ??_E?$CComObject@VCOPOSBumpBar@@@ATL@@UAEPAXI@Z 10004141 f i BumpBar.obj
 0001:00003141       ??_G?$CComObject@VCOPOSBumpBar@@@ATL@@UAEPAXI@Z 10004141 f i BumpBar.obj
 0001:00003166       ?Add@?$CSimpleArray@GV?$CSimpleArrayEqualHelper@G@ATL@@@ATL@@QAEHABG@Z 10004166 f i BumpBar.obj
 0001:000031ea       ?Add@?$CSimpleMap@PA_WPA_WVCExpansionVectorEqualHelper@ATL@@@ATL@@QAEHABQA_W0@Z 100041ea f i BumpBar.obj
 0001:0000323f       ?Add@CComDynamicUnkArray@ATL@@QAEKPAUIUnknown@@@Z 1000423f f i BumpBar.obj
 0001:000032fa       ?Add@CExpansionVector@ATL@@QAEHPB_W0@Z 100042fa f i BumpBar.obj
 0001:000033fe       ?AddString@CParseBuffer@CRegParser@ATL@@QAEHPB_W@Z 100043fe f i BumpBar.obj
 0001:00003433       ?AddValue@CRegParser@ATL@@IAEJAAVCRegKey@2@PB_WPA_W@Z 10004433 f i BumpBar.obj
 0001:00003754       ?Allocate@?$CAtlSafeAllocBufferManager@VCCRTAllocator@ATL@@@_ATL_SAFE_ALLOCA_IMPL@ATL@@QAEPAXK@Z 10004754 f i BumpBar.obj
 0001:00003781       ?Allocate@?$CTempBuffer@E$0BAA@VCCRTAllocator@ATL@@@ATL@@QAEPAEI@Z 10004781 f i BumpBar.obj
 0001:000037b0       ?Allocate@?$CTempBuffer@_W$0BAA@VCCRTAllocator@ATL@@@ATL@@QAEPA_WI@Z 100047b0 f i BumpBar.obj
 0001:000037df       ?Allocate@?$CTempBuffer@_W$0EAA@VCCRTAllocator@ATL@@@ATL@@QAEPA_WI@Z 100047df f i BumpBar.obj
 0001:0000380e       ?AllocateHeap@?$CTempBuffer@_W$0EAA@VCCRTAllocator@ATL@@@ATL@@AAEXI@Z 1000480e f i BumpBar.obj
 0001:0000380e       ?AllocateHeap@?$CTempBuffer@E$0BAA@VCCRTAllocator@ATL@@@ATL@@AAEXI@Z 1000480e f i BumpBar.obj
 0001:0000380e       ?AllocateHeap@?$CTempBuffer@_W$0BAA@VCCRTAllocator@ATL@@@ATL@@AAEXI@Z 1000480e f i BumpBar.obj
 0001:00003833       ?Append@CParseBuffer@CRegParser@ATL@@QAEHPB_WH@Z 10004833 f i BumpBar.obj
 0001:000038c1       ?AtlCallTermFunc@ATL@@YGXPAU_ATL_MODULE70@1@@Z 100048c1 f i BumpBar.obj
 0001:00003905       ?AtlCoTaskMemCAlloc@ATL@@YAPAXKK@Z 10004905 f i BumpBar.obj
 0001:00003932       ?AtlCoTaskMemRecalloc@ATL@@YAPAXPAXKK@Z 10004932 f i BumpBar.obj
 0001:00003962       ?AtlComModuleGetClassObject@ATL@@YGJPAU_ATL_COM_MODULE70@1@ABU_GUID@@1PAPAX@Z 10004962 f i BumpBar.obj
 0001:00003a55       ?AtlComModuleRegisterServer@ATL@@YGJPAU_ATL_COM_MODULE70@1@HPBU_GUID@@@Z 10004a55 f i BumpBar.obj
 0001:00003add       ?AtlComModuleUnregisterServer@ATL@@YGJPAU_ATL_COM_MODULE70@1@HPBU_GUID@@@Z 10004add f i BumpBar.obj
 0001:00003b65       ?AtlComQIPtrAssign2@ATL@@YAXPAPAUIUnknown@@PAU2@ABU_GUID@@@Z 10004b65 f i BumpBar.obj
 0001:00003b94       ?AtlCreateTargetDC@ATL@@YGPAUHDC__@@PAU2@PAUtagDVTARGETDEVICE@@@Z 10004b94 f i BumpBar.obj
 0001:00003bfd       ?AtlCrtErrorCheck@ATL@@YAHH@Z 10004bfd f i BumpBar.obj
 0001:00003c38       ?AtlHiMetricToPixel@ATL@@YGXPBUtagSIZE@@PAU2@@Z 10004c38 f i BumpBar.obj
 0001:00003cad       ?AtlHresultFromLastError@ATL@@YAJXZ 10004cad f i BumpBar.obj
 0001:00003cc4       ?AtlHresultFromWin32@ATL@@YAJK@Z 10004cc4 f i BumpBar.obj
 0001:00003cd9       ?AtlIPersistStreamInit_Load@ATL@@YGJPAUIStream@@PBUATL_PROPMAP_ENTRY@1@PAXPAUIUnknown@@@Z 10004cd9 f i BumpBar.obj
 0001:00003eb9       ?AtlIPersistStreamInit_Save@ATL@@YGJPAUIStream@@HPBUATL_PROPMAP_ENTRY@1@PAXPAUIUnknown@@@Z 10004eb9 f i BumpBar.obj
 0001:00004051       ?AtlInternalOleLoadFromStream@ATL@@YAJPAUIStream@@ABU_GUID@@PAPAXTClassesAllowedInStream@1@K@Z 10005051 f i BumpBar.obj
 0001:00004177       ?AtlInternalQueryInterface@ATL@@YGJPAXPBU_ATL_INTMAP_ENTRY@1@ABU_GUID@@PAPAX@Z 10005177 f i BumpBar.obj
 0001:0000421a       ?AtlLoadTypeLib@ATL@@YGJPAUHINSTANCE__@@PB_WPAPA_WPAPAUITypeLib@@@Z 1000521a f i BumpBar.obj
 0001:000043f8       ?AtlModuleAddTermFunc@ATL@@YGJPAU_ATL_MODULE70@1@P6GXK@ZK@Z 100053f8 f i BumpBar.obj
 0001:00004455       ?AtlRegisterClassCategoriesHelper@ATL@@YGJABU_GUID@@PBU_ATL_CATMAP_ENTRY@1@H@Z 10005455 f i BumpBar.obj
 0001:00004735       ?AtlRegisterTypeLib@ATL@@YGJPAUHINSTANCE__@@PB_W@Z 10005735 f i BumpBar.obj
 0001:000048bd       ?AtlThrowImpl@ATL@@YGXJ@Z  100058bd f i BumpBar.obj
 0001:000048db       ?AtlUnRegisterTypeLib@ATL@@YGJPAUHINSTANCE__@@PB_W@Z 100058db f i BumpBar.obj
 0001:00004986       ?AtlWinModuleAddCreateWndData@ATL@@YGXPAU_ATL_WIN_MODULE70@1@PAU_AtlCreateWndData@1@PAX@Z 10005986 f i BumpBar.obj
 0001:000049da       ?AtlWinModuleExtractCreateWndData@ATL@@YGPAXPAU_ATL_WIN_MODULE70@1@@Z 100059da f i BumpBar.obj
 0001:00004a3d       ?AtlWinModuleRegisterClassExW@ATL@@YGGPAU_ATL_WIN_MODULE70@1@PBUtagWNDCLASSEXW@@@Z 10005a3d f i BumpBar.obj
 0001:00004a7c       ?CanForceRemoveKey@CRegParser@ATL@@IAEHPB_W@Z 10005a7c f i BumpBar.obj
 0001:00004aab       ?ChToByte@CRegParser@ATL@@KAE_W@Z 10005aab f i BumpBar.obj
 0001:00004ade       ?Cleanup@CComTypeInfoHolder@ATL@@SGXK@Z 10005ade f i BumpBar.obj
 0001:00004b11       ?ClearReplacements@CExpansionVector@ATL@@QAEJXZ 10005b11 f i BumpBar.obj
 0001:00004b4e       ?Close@CRegKey@ATL@@QAEJXZ 10005b4e f i BumpBar.obj
 0001:00004b68       ?Create@?$CWindowImpl@VCOPOSBumpBar@@VCWindow@ATL@@V?$CWinTraits@$0FGAAAAAA@$0A@@3@@ATL@@QAEPAUHWND__@@PAU3@V_U_RECT@2@PB_WKKV_U_MENUorID@2@PAX@Z 10005b68 f i BumpBar.obj
 0001:00004bac       ?Create@?$CWindowImplBaseT@VCWindow@ATL@@V?$CWinTraits@$0FGAAAAAA@$0A@@2@@ATL@@QAEPAUHWND__@@PAU3@V_U_RECT@2@PB_WKKV_U_MENUorID@2@GPAX@Z 10005bac f i BumpBar.obj
 0001:00004c48       ?Create@CRegKey@ATL@@QAEJPAUHKEY__@@PB_WPA_WKKPAU_SECURITY_ATTRIBUTES@@PAK@Z 10005c48 f i BumpBar.obj
 0001:00004cab       ?CreateInstance@?$CComCreator@V?$CComAggObject@VCOPOSBumpBar@@@ATL@@@ATL@@SGJPAXABU_GUID@@PAPAX@Z 10005cab f i BumpBar.obj
 0001:00004d21       ?CreateInstance@?$CComCreator@V?$CComObject@VCOPOSBumpBar@@@ATL@@@ATL@@SGJPAXABU_GUID@@PAPAX@Z 10005d21 f i BumpBar.obj
 0001:00004da2       ?CreateInstance@?$CComObject@V?$CComEnum@UIEnumConnectionPoints@@$1?_GUID_b196b285_bab4_101a_b69c_00aa00341d07@@3U__s_GUID@@BPAUIConnectionPoint@@V?$_CopyInterface@UIConnectionPoint@@@ATL@@VCComSingleThreadModel@6@@ATL@@@ATL@@SGJPAPAV12@@Z 10005da2 f i BumpBar.obj
 0001:00004de9       ?CreateInstance@?$CComObject@V?$CComEnum@UIEnumConnections@@$1?_GUID_b196b287_bab4_101a_b69c_00aa00341d07@@3U__s_GUID@@BUtagCONNECTDATA@@V?$_Copy@UtagCONNECTDATA@@@ATL@@VCComSingleThreadModel@6@@ATL@@@ATL@@SGJPAPAV12@@Z 10005de9 f i BumpBar.obj
 0001:00004e30       ?DefaultReflectionHandler@?$CWindowImplRoot@VCWindow@ATL@@@ATL@@SAHPAUHWND__@@IIJAAJ@Z 10005e30 f i BumpBar.obj
 0001:00004ea3       ?DeleteSubKey@CRegKey@ATL@@QAEJPB_W@Z 10005ea3 f i BumpBar.obj
 0001:00004ec6       ?DoEvent@COPOSBumpBar@@IAEXIIJ@Z 10005ec6 f i BumpBar.obj
 0001:00004f46       ?DoVerbHide@?$IOleObjectImpl@VCOPOSBumpBar@@@ATL@@QAEJPBUtagRECT@@PAUHWND__@@@Z 10005f46 f i BumpBar.obj
 0001:00004f7c       ?DoVerbInPlaceActivate@?$IOleObjectImpl@VCOPOSBumpBar@@@ATL@@QAEJPBUtagRECT@@PAUHWND__@@@Z 10005f7c f i BumpBar.obj
 0001:00004faf       ?DoVerbPrimary@?$IOleObjectImpl@VCOPOSBumpBar@@@ATL@@QAEJPBUtagRECT@@PAUHWND__@@@Z 10005faf f i BumpBar.obj
 0001:0000503b       ?DoVerbProperties@CComControlBase@ATL@@QAEJPBUtagRECT@@PAUHWND__@@@Z 1000603b f i BumpBar.obj
 0001:00005162       ?DoVerbShow@?$IOleObjectImpl@VCOPOSBumpBar@@@ATL@@QAEJPBUtagRECT@@PAUHWND__@@@Z 10006162 f i BumpBar.obj
 0001:00005187       ?DoVerbUIActivate@?$IOleObjectImpl@VCOPOSBumpBar@@@ATL@@QAEJPBUtagRECT@@PAUHWND__@@@Z 10006187 f i BumpBar.obj
 0001:000051c4       ?DoesVerbActivate@CComControlBase@ATL@@QAEHJ@Z 100061c4 f i BumpBar.obj
 0001:000051e5       ?DoesVerbUIActivate@CComControlBase@ATL@@QAEHJ@Z 100061e5 f i BumpBar.obj
 0001:0000521a       ?EndOfVar@CRegParser@ATL@@IAEHXZ 1000621a f i BumpBar.obj
 0001:0000523a       ?EscapeSingleQuote@CAtlModule@ATL@@SAXPA_WIPB_W@Z 1000623a f i BumpBar.obj
 0001:00005289       ?FindKey@?$CSimpleMap@PA_WPA_WVCExpansionVectorEqualHelper@ATL@@@ATL@@QBEHABQA_W@Z 10006289 f i BumpBar.obj
 0001:000052c0       ?FireTheEvent@?$CProxy_IOPOSEvents@VCOPOSBumpBar@@@@IAEXPAVOposVariant@@IAAJPB_WJ@Z 100062c0 f i BumpBar.obj
 0001:00005352       ?FireViewChange@CComControlBase@ATL@@QAEJXZ 10006352 f i BumpBar.obj
 0001:0000539b       ?Fire_DataEvent@?$CProxy_IOPOSEvents@VCOPOSBumpBar@@@@QAEXJ@Z 1000639b f i BumpBar.obj
 0001:00005427       ?Fire_DirectIOEvent@?$CProxy_IOPOSEvents@VCOPOSBumpBar@@@@QAEXJPAJPAPA_W@Z 10006427 f i BumpBar.obj
 0001:0000550d       ?Fire_ErrorEvent@?$CProxy_IOPOSEvents@VCOPOSBumpBar@@@@QAEXJJJPAJ@Z 1000650d f i BumpBar.obj
 0001:000055f4       ?Fire_OutputCompleteEvent@?$CProxy_IOPOSEvents@VCOPOSBumpBar@@@@QAEXJ@Z 100065f4 f i BumpBar.obj
 0001:00005680       ?Fire_StatusUpdateEvent@?$CProxy_IOPOSEvents@VCOPOSBumpBar@@@@QAEXJ@Z 10006680 f i BumpBar.obj
 0001:0000570c       ?FreeHeap@?$CTempBuffer@_W$0BAA@VCCRTAllocator@ATL@@@ATL@@AAEXXZ 1000670c f i BumpBar.obj
 0001:0000570c       ?FreeHeap@?$CTempBuffer@E$0BAA@VCCRTAllocator@ATL@@@ATL@@AAEXXZ 1000670c f i BumpBar.obj
 0001:0000570c       ?FreeHeap@?$CTempBuffer@_W$0EAA@VCCRTAllocator@ATL@@@ATL@@AAEXXZ 1000670c f i BumpBar.obj
 0001:00005715       ?GetAmbientLocaleID@CComControlBase@ATL@@QAEJAAK@Z 10006715 f i BumpBar.obj
 0001:00005771       ?GetAmbientUserMode@CComControlBase@ATL@@QAEJAAH@Z 10006771 f i BumpBar.obj
 0001:000057e1       ?GetAt@CComDynamicUnkArray@ATL@@QAEPAUIUnknown@@H@Z 100067e1 f i BumpBar.obj
 0001:000057fd       ?GetClassObject@CComModule@ATL@@QAEJABU_GUID@@0PAPAX@Z 100067fd f i BumpBar.obj
 0001:0000589f       ?GetConnMap@COPOSBumpBar@@SAPBU_ATL_CONNMAP_ENTRY@ATL@@PAH@Z 1000689f f i BumpBar.obj
 0001:0000590f       ?GetCookie@CComDynamicUnkArray@ATL@@QAGKPAPAUIUnknown@@@Z 1000690f f i BumpBar.obj
 0001:00005947       ?GetIDsOfNames@CComTypeInfoHolder@ATL@@QAEJABU_GUID@@PAPA_WIKPAJ@Z 10006947 f i BumpBar.obj
 0001:00005a55       ?GetKeyAt@?$CSimpleMap@PA_WPA_WVCExpansionVectorEqualHelper@ATL@@@ATL@@QBEAAPA_WH@Z 10006a55 f i BumpBar.obj
 0001:00005a7a       ?GetPagesHelper@?$ISpecifyPropertyPagesImpl@VCOPOSBumpBar@@@ATL@@IAEJPAUtagCAUUID@@PBUATL_PROPMAP_ENTRY@2@@Z 10006a7a f i BumpBar.obj
 0001:00005ba1       ?GetProperty@?$CComPtr@UIDispatch@@@ATL@@SAJPAUIDispatch@@JPAUtagVARIANT@@@Z 10006ba1 f i BumpBar.obj
 0001:00005bf0       ?GetSizeMax@CComVariant@ATL@@QBEJPAT_ULARGE_INTEGER@@@Z 10006bf0 f i BumpBar.obj
 0001:00005daa       ?GetStreamSize@CComBSTR@ATL@@SAKPA_W@Z 10006daa f i BumpBar.obj
 0001:00005dc4       ?GetTI@CComTypeInfoHolder@ATL@@QAEJK@Z 10006dc4 f i BumpBar.obj
 0001:00005fad       ?GetTI@CComTypeInfoHolder@ATL@@QAEJKPAPAUITypeInfo@@@Z 10006fad f i BumpBar.obj
 0001:00005fef       ?GetUnknown@CComDynamicUnkArray@ATL@@QAGPAUIUnknown@@K@Z 10006fef f i BumpBar.obj
 0001:00006010       ?GetValueAt@?$CSimpleMap@PA_WPA_WVCExpansionVectorEqualHelper@ATL@@@ATL@@QBEAAPA_WH@Z 10007010 f i BumpBar.obj
 0001:00006036       ?GetZoomInfo@CComControlBase@ATL@@QAEXAAUATL_DRAWINFO@@@Z 10007036 f i BumpBar.obj
 0001:000060c9       ?HKeyFromString@CRegParser@ATL@@KAPAUHKEY__@@PA_W@Z 100070c9 f i BumpBar.obj
 0001:000060f7       ?HasSubKeys@CRegParser@ATL@@IAEHPAUHKEY__@@@Z 100070f7 f i BumpBar.obj
 0001:0000612c       ?IDataObject_GetData@CComControlBase@ATL@@QAEJPAUtagFORMATETC@@PAUtagSTGMEDIUM@@@Z 1000712c f i BumpBar.obj
 0001:000062d2       ?IOleInPlaceObject_InPlaceDeactivate@CComControlBase@ATL@@QAEJXZ 100072d2 f i BumpBar.obj
 0001:00006359       ?IOleInPlaceObject_SetObjectRects@CComControlBase@ATL@@QAEJPBUtagRECT@@0@Z 10007359 f i BumpBar.obj
 0001:00006426       ?IOleInPlaceObject_UIDeactivate@CComControlBase@ATL@@QAEJXZ 10007426 f i BumpBar.obj
 0001:000064e8       ?IOleObject_Advise@CComControlBase@ATL@@QAEJPAUIAdviseSink@@PAK@Z 100074e8 f i BumpBar.obj
 0001:00006512       ?IOleObject_Close@CComControlBase@ATL@@QAEJK@Z 10007512 f i BumpBar.obj
 0001:000065f6       ?IOleObject_GetClientSite@CComControlBase@ATL@@QAEJPAPAUIOleClientSite@@@Z 100075f6 f i BumpBar.obj
 0001:0000661f       ?IOleObject_SetClientSite@CComControlBase@ATL@@QAEJPAUIOleClientSite@@@Z 1000761f f i BumpBar.obj
 0001:0000665e       ?IOleObject_SetExtent@CComControlBase@ATL@@QAEJKPAUtagSIZE@@@Z 1000765e f i BumpBar.obj
 0001:00006712       ?IPSI_GetIPersistStreamInit@?$IPersistStorageImpl@VCOPOSBumpBar@@@ATL@@AAEPAUIPersistStreamInit@@XZ 10007712 f i BumpBar.obj
 0001:00006754       ?IPersistStreamInit_Load@?$IPersistStreamInitImpl@VCOPOSBumpBar@@@ATL@@QAEJPAUIStream@@PBUATL_PROPMAP_ENTRY@2@@Z 10007754 f i BumpBar.obj
 0001:00006780       ?IPersistStreamInit_Save@?$IPersistStreamInitImpl@VCOPOSBumpBar@@@ATL@@QAEJPAUIStream@@HPBUATL_PROPMAP_ENTRY@2@@Z 10007780 f i BumpBar.obj
 0001:000067b5       ?IQuickActivate_QuickActivate@CComControlBase@ATL@@QAEJPAUtagQACONTAINER@@PAUtagQACONTROL@@@Z 100077b5 f i BumpBar.obj
 0001:000069f7       ?IViewObject_Draw@CComControlBase@ATL@@QAEJKJPAXPAUtagDVTARGETDEVICE@@PAUHDC__@@2PBU_RECTL@@3@Z 100079f7 f i BumpBar.obj
 0001:00006a9f       ?InPlaceActivate@CComControlBase@ATL@@QAEJJPBUtagRECT@@@Z 10007a9f f i BumpBar.obj
 0001:00006d10       ?Init@?$CComEnumImpl@UIEnumConnectionPoints@@$1?_GUID_b196b285_bab4_101a_b69c_00aa00341d07@@3U__s_GUID@@BPAUIConnectionPoint@@V?$_CopyInterface@UIConnectionPoint@@@ATL@@@ATL@@QAEJPAPAUIConnectionPoint@@0PAUIUnknown@@W4CComEnumFlags@2@@Z 10007d10 f i BumpBar.obj
 0001:00006def       ?Init@?$CComEnumImpl@UIEnumConnections@@$1?_GUID_b196b287_bab4_101a_b69c_00aa00341d07@@3U__s_GUID@@BUtagCONNECTDATA@@V?$_Copy@UtagCONNECTDATA@@@ATL@@@ATL@@QAEJPAUtagCONNECTDATA@@0PAUIUnknown@@W4CComEnumFlags@2@@Z 10007def f i BumpBar.obj
 0001:00006ece       ?Init@CComModule@ATL@@QAEJPAU_ATL_OBJMAP_ENTRY30@2@PAUHINSTANCE__@@PBU_GUID@@@Z 10007ece f i BumpBar.obj
 0001:00006f2d       ?Init@CDynamicStdCallThunk2@ATL@@QAEHKPAX@Z 10007f2d f i BumpBar.obj
 0001:00006f58       ?InlineIsEqualUnknown@ATL@@YGHABU_GUID@@@Z 10007f58 f i BumpBar.obj
 0001:00006f80       ?InternalGetSite@CComControlBase@ATL@@QAEJABU_GUID@@PAPAX@Z 10007f80 f i BumpBar.obj
 0001:00006fae       ?InternalSetAtIndex@?$CSimpleMap@PA_WPA_WVCExpansionVectorEqualHelper@ATL@@@ATL@@QAEXHABQA_W0@Z 10007fae f i BumpBar.obj
 0001:00006fd8       ?Invoke@CComTypeInfoHolder@ATL@@QAEJPAUIDispatch@@JABU_GUID@@KGPAUtagDISPPARAMS@@PAUtagVARIANT@@PAUtagEXCEPINFO@@PAI@Z 10007fd8 f i BumpBar.obj
 0001:0000701b       ?IsEqualObject@?$CComPtrBase@UITypeInfo@@@ATL@@QAE_NPAUIUnknown@@@Z 1000801b f i BumpBar.obj
 0001:0000701b       ?IsEqualObject@?$CComPtrBase@UIOleClientSite@@@ATL@@QAE_NPAUIUnknown@@@Z 1000801b f i BumpBar.obj
 0001:00007088       ?IsSpace@CRegParser@ATL@@IAEH_W@Z 10008088 f i BumpBar.obj
 0001:000070b2       ?LoadNameCache@CComTypeInfoHolder@ATL@@QAEJPAUITypeInfo@@@Z 100080b2 f i BumpBar.obj
 0001:00007200       ?Lookup@?$CSimpleMap@PA_WPA_WVCExpansionVectorEqualHelper@ATL@@@ATL@@QBEPA_WABQA_W@Z 10008200 f i BumpBar.obj
 0001:00007226       ?NextToken@CRegParser@ATL@@IAEJPA_W@Z 10008226 f i BumpBar.obj
 0001:0000735e       ?OnKillFocus@CComControlBase@ATL@@QAEJIIJAAH@Z 1000835e f i BumpBar.obj
 0001:000073b9       ?OnMouseActivate@CComControlBase@ATL@@QAEJIIJAAH@Z 100083b9 f i BumpBar.obj
 0001:00007427       ?OnPaint@CComControlBase@ATL@@QAEJIIJAAH@Z 10008427 f i BumpBar.obj
 0001:000074d9       ?OnSetFocus@CComControlBase@ATL@@QAEJIIJAAH@Z 100084d9 f i BumpBar.obj
 0001:00007562       ?Open@CRegKey@ATL@@QAEJPAUHKEY__@@PB_WK@Z 10008562 f i BumpBar.obj
 0001:000075ab       ?PreProcessBuffer@CRegParser@ATL@@QAEJPA_WPAPA_W@Z 100085ab f i BumpBar.obj
 0001:00007815       ?ProcessWindowMessage@?$CComControl@VCOPOSBumpBar@@V?$CWindowImpl@VCOPOSBumpBar@@VCWindow@ATL@@V?$CWinTraits@$0FGAAAAAA@$0A@@3@@ATL@@@ATL@@UAEHPAUHWND__@@IIJAAJK@Z 10008815 f i BumpBar.obj
 0001:000078b4       ?PutProperty@?$CComPtr@UIDispatch@@@ATL@@SAJPAUIDispatch@@JPAUtagVARIANT@@@Z 100088b4 f i BumpBar.obj
 0001:00007946       ?ReadFromStream@CComBSTR@ATL@@QAEJPAUIStream@@@Z 10008946 f i BumpBar.obj
 0001:00007a74       ?ReadFromStream@CComVariant@ATL@@QAEJPAUIStream@@GTClassesAllowedInStream@2@K@Z 10008a74 f i BumpBar.obj
 0001:00007bfa       ?RecurseDeleteKey@CRegKey@ATL@@QAEJPB_W@Z 10008bfa f i BumpBar.obj
 0001:00007cbc       ?RegCreateKeyExW@CAtlTransactionManager@ATL@@QAEJPAUHKEY__@@PB_WKPA_WKKQAU_SECURITY_ATTRIBUTES@@PAPAU3@PAK@Z 10008cbc f i BumpBar.obj
 0001:00007d1f       ?RegDeleteKeyW@CAtlTransactionManager@ATL@@QAEJPAUHKEY__@@PB_W@Z 10008d1f f i BumpBar.obj
 0001:00007d71       ?RegOpenKeyExW@CAtlTransactionManager@ATL@@QAEJPAUHKEY__@@PB_WKKPAPAU3@@Z 10008d71 f i BumpBar.obj
 0001:00007dc8       ?Register@_ATL_WNDCLASSINFOW@ATL@@QAEGPAP6GJPAUHWND__@@IIJ@Z@Z 10008dc8 f i BumpBar.obj
 0001:00007de8       ?RegisterBuffer@CRegParser@ATL@@QAEJPA_WH@Z 10008de8 f i BumpBar.obj
 0001:00007f21       ?RegisterFromResource@CRegObject@ATL@@IAEJPB_W00H@Z 10008f21 f i BumpBar.obj
 0001:00008057       ?RegisterServer@?$CAtlModuleT@VCComModule@ATL@@@ATL@@QAEJHPBU_GUID@@@Z 10009057 f i BumpBar.obj
 0001:00008085       ?RegisterServer@CComModule@ATL@@QAEJHPBU_GUID@@@Z 10009085 f i BumpBar.obj
 0001:000080fb       ?RegisterSubkeys@CRegParser@ATL@@IAEJPA_WPAUHKEY__@@HH@Z 100090fb f i BumpBar.obj
 0001:000086ca       ?Remove@CComDynamicUnkArray@ATL@@QAEHK@Z 100096ca f i BumpBar.obj
 0001:000086f3       ?RemoveAll@?$CSimpleMap@PA_WPA_WVCExpansionVectorEqualHelper@ATL@@@ATL@@QAEXXZ 100096f3 f i BumpBar.obj
 0001:0000871f       ?ResourceRegisterSz@CRegObject@ATL@@QAGJPB_W00@Z 1000971f f i BumpBar.obj
 0001:0000874c       ?ResourceUnregisterSz@CRegObject@ATL@@QAGJPB_W00@Z 1000974c f i BumpBar.obj
 0001:00008779       ?SendOnDataChange@CComControlBase@ATL@@QAEJK@Z 10009779 f i BumpBar.obj
 0001:000087c6       ?SetControlFocus@CComControlBase@ATL@@QAEHH@Z 100097c6 f i BumpBar.obj
 0001:00008863       ?SetMultiStringValue@CRegKey@ATL@@QAEJPB_W0@Z 10009863 f i BumpBar.obj
 0001:000088bf       ?SetStringValue@CRegKey@ATL@@QAEJPB_W0K@Z 100098bf f i BumpBar.obj
 0001:00008908       ?SkipAssignment@CRegParser@ATL@@IAEJPA_W@Z 10009908 f i BumpBar.obj
 0001:0000896d       ?SkipWhiteSpace@CRegParser@ATL@@IAEXXZ 1000996d f i BumpBar.obj
 0001:0000898f       ?StrChrW@CRegParser@ATL@@KAPA_WPA_W_W@Z 1000998f f i BumpBar.obj
 0001:000089cc       ?Term@CAtlModule@ATL@@QAEXXZ 100099cc f i BumpBar.obj
 0001:00008a05       ?Term@CComModule@ATL@@QAEXXZ 10009a05 f i BumpBar.obj
 0001:00008a5d       ?UnregisterServer@?$CAtlModuleT@VCComModule@ATL@@@ATL@@QAEJHPBU_GUID@@@Z 10009a5d f i BumpBar.obj
 0001:00008a83       ?UnregisterServer@CComModule@ATL@@QAEJHPBU_GUID@@@Z 10009a83 f i BumpBar.obj
 0001:00008af9       ?UpdateRegistryFromResource@CAtlModule@ATL@@QAGJIHPAU_ATL_REGMAP_ENTRY@2@@Z 10009af9 f i BumpBar.obj
 0001:00008cc4       ?UpdateRegistryFromResource@CAtlModule@ATL@@QAGJPB_WHPAU_ATL_REGMAP_ENTRY@2@@Z 10009cc4 f i BumpBar.obj
 0001:00008e95       ?VTFromRegType@CRegParser@ATL@@KAHPB_WAAG@Z 10009e95 f i BumpBar.obj
 0001:00008f02       ?WindowProc@?$CWindowImplBaseT@VCWindow@ATL@@V?$CWinTraits@$0FGAAAAAA@$0A@@2@@ATL@@SGJPAUHWND__@@IIJ@Z 10009f02 f i BumpBar.obj
 0001:00008ff4       ?WriteToStream@CComBSTR@ATL@@QAEJPAUIStream@@@Z 10009ff4 f i BumpBar.obj
 0001:0000904b       ?WriteToStream@CComVariant@ATL@@QAEJPAUIStream@@@Z 1000a04b f i BumpBar.obj
 0001:000091c5       ?WriteToStream@CComVariant@ATL@@QAEJPAUIStream@@G@Z 1000a1c5 f i BumpBar.obj
 0001:0000922e       ?_AtlInitialConstruct@?$CComObjectRootEx@VCComMultiThreadModel@ATL@@@ATL@@QAEJXZ 1000a22e f i BumpBar.obj
 0001:00009243       ?_AtlVerifyStackAvailable@_ATL_SAFE_ALLOCA_IMPL@ATL@@YA_NK@Z 1000a243 f i BumpBar.obj
 0001:000092c1       ?copy@?$_Copy@UtagCONNECTDATA@@@ATL@@SAJPAUtagCONNECTDATA@@PBU3@@Z 1000a2c1 f i BumpBar.obj
 0001:000092f7       ?copy@?$_CopyInterface@UIConnectionPoint@@@ATL@@SAJPAPAUIConnectionPoint@@PBQAU3@@Z 1000a2f7 f i BumpBar.obj
 0001:00009325       ?memcpy_s@Checked@ATL@@YAXPAXIPBXI@Z 1000a325 f i BumpBar.obj
 0001:00009344       ?ocscpy_s@@YA_NPA_WIPB_W@Z 1000a344 f i BumpBar.obj
 0001:00009373       ?ocslen@@YAHPB_W@Z         1000a373 f i BumpBar.obj
 0001:00009393       ?wcscpy_s@Checked@ATL@@YAXPA_WIPB_W@Z 1000a393 f i BumpBar.obj
 0001:000093af       _DllCanUnloadNow@0         1000a3af f   BumpBar.obj
 0001:000093bb       _DllGetClassObject@12      1000a3bb f   BumpBar.obj
 0001:000093c9       _DllMain@12                1000a3c9 f   BumpBar.obj
 0001:0000940b       _DllRegisterServer@0       1000a40b f   BumpBar.obj
 0001:0000941a       _DllUnregisterServer@0     1000a41a f   BumpBar.obj
 0001:00009429       _InlineIsEqualGUID         1000a429 f i BumpBar.obj
 0001:00009459       ___local_stdio_printf_options 1000a459 f i BumpBar.obj
 0001:0000945f       __vswprintf_s_l            1000a45f f i BumpBar.obj
 0001:0000950c       _swprintf_s                1000a50c f i BumpBar.obj
 0001:00009528       ??0?$CComControl@VCOPOSBumpBar@@V?$CWindowImpl@VCOPOSBumpBar@@VCWindow@ATL@@V?$CWinTraits@$0FGAAAAAA@$0A@@3@@ATL@@@ATL@@QAE@XZ 1000a528 f i BumpBarImpl.obj
 0001:0000954f       ??0?$CProxy_IOPOSEvents@VCOPOSBumpBar@@@@QAE@XZ 1000a54f f i BumpBarImpl.obj
 0001:00009572       ??0CComControlBase@ATL@@QAE@AAPAUHWND__@@@Z 1000a572 f i BumpBarImpl.obj
 0001:000095bc       ??0COPOSBumpBar@@QAE@XZ    1000a5bc f   BumpBarImpl.obj
 0001:000095f2       ??1?$CComControl@VCOPOSBumpBar@@V?$CWindowImpl@VCOPOSBumpBar@@VCWindow@ATL@@V?$CWinTraits@$0FGAAAAAA@$0A@@3@@ATL@@@ATL@@UAE@XZ 1000a5f2 f i BumpBarImpl.obj
 0001:0000960b       ??1?$IConnectionPointImpl@VCOPOSBumpBar@@$1?IID_IPropertyNotifySink@@3U_GUID@@BVCComDynamicUnkArray@ATL@@@ATL@@QAE@XZ 1000a60b f i BumpBarImpl.obj
 0001:0000960b       ??1?$IConnectionPointImpl@VCOPOSBumpBar@@$1?DIID__IOPOSBumpBarEvents@@3U_GUID@@BVCComDynamicUnkArray@ATL@@@ATL@@QAE@XZ 1000a60b f i BumpBarImpl.obj
 0001:00009648       ??1CComControlBase@ATL@@UAE@XZ 1000a648 f i BumpBarImpl.obj
 0001:000096ab       ??1COPOSBumpBar@@UAE@XZ    1000a6ab f   BumpBarImpl.obj
 0001:000096f3       ??1OposVariantResult@@QAE@XZ 1000a6f3 f i BumpBarImpl.obj
 0001:00009714       ??1_CW@@QAE@XZ             1000a714 f i BumpBarImpl.obj
 0001:0000972d       ?BumpBarSound@COPOSBumpBar@@UAGJJJJJJPAJ@Z 1000a72d f   BumpBarImpl.obj
 0001:000097d9       ?CheckHealth@COPOSBumpBar@@UAGJJPAJ@Z 1000a7d9 f   BumpBarImpl.obj
 0001:00009828       ?ClaimDevice@COPOSBumpBar@@UAGJJPAJ@Z 1000a828 f   BumpBarImpl.obj
 0001:0000989d       ?ClearInput@COPOSBumpBar@@UAGJPAJ@Z 1000a89d f   BumpBarImpl.obj
 0001:000098b8       ?ClearOutput@COPOSBumpBar@@UAGJPAJ@Z 1000a8b8 f   BumpBarImpl.obj
 0001:000098d3       ?Close@COPOSBumpBar@@UAGJPAJ@Z 1000a8d3 f   BumpBarImpl.obj
 0001:00009941       ?CompareFirmwareVersion@COPOSBumpBar@@UAGJPA_WPAJ1@Z 1000a941 f   BumpBarImpl.obj
 0001:000099c1       ?DirectIO@COPOSBumpBar@@UAGJJPAJPAPA_W0@Z 1000a9c1 f   BumpBarImpl.obj
 0001:00009a6f       ?DoInvoke@COPOSBumpBar@@IAEJJPAVOposVariant@@IHPAJ_N@Z 1000aa6f f   BumpBarImpl.obj
 0001:00009b31       ?EventClose@COPOSBumpBar@@IAEXXZ 1000ab31 f i BumpBarImpl.obj
 0001:00009b64       ?EventInit@COPOSBumpBar@@IAEJXZ 1000ab64 f i BumpBarImpl.obj
 0001:00009c30       ?EventUninit@COPOSBumpBar@@IAEXXZ 1000ac30 f i BumpBarImpl.obj
 0001:00009c82       ?EventWindowProc@COPOSBumpBar@@IAGJIIJ@Z 1000ac82 f i BumpBarImpl.obj
 0001:00009d80       ?FinalConstruct@COPOSBumpBar@@QAEJXZ 1000ad80 f   BumpBarImpl.obj
 0001:00009db9       ?FireEventCleanup@COPOSBumpBar@@IAEXXZ 1000adb9 f i BumpBarImpl.obj
 0001:00009dcf       ?FireEventSetup@COPOSBumpBar@@IAE_NXZ 1000adcf f i BumpBarImpl.obj
 0001:00009e03       ?FreezeEvents@COPOSBumpBar@@MAGJH@Z 1000ae03 f   BumpBarImpl.obj
 0001:00009e63       ?GetOposProp@COPOSBumpBar@@IAEJJPAFJ@Z 1000ae63 f   BumpBarImpl.obj
 0001:00009e86       ?GetOposProp@COPOSBumpBar@@IAEJJPAJJ@Z 1000ae86 f   BumpBarImpl.obj
 0001:00009f44       ?GetOposProp@COPOSBumpBar@@IAEJJPAPA_WJ@Z 1000af44 f   BumpBarImpl.obj
 0001:0000a00f       ?OnDraw@COPOSBumpBar@@MAEJAAUATL_DRAWINFO@@@Z 1000b00f f   BumpBarImpl.obj
 0001:0000a0af       ?Open@COPOSBumpBar@@UAGJPA_WPAJ@Z 1000b0af f   BumpBarImpl.obj
 0001:0000a84c       ?ReleaseDevice@COPOSBumpBar@@UAGJPAJ@Z 1000b84c f   BumpBarImpl.obj
 0001:0000a89b       ?ResetStatistics@COPOSBumpBar@@UAGJPA_WPAJ@Z 1000b89b f   BumpBarImpl.obj
 0001:0000a8f2       ?RetrieveStatistics@COPOSBumpBar@@UAGJPAPA_WPAJ@Z 1000b8f2 f   BumpBarImpl.obj
 0001:0000a949       ?SOProcessID@COPOSBumpBar@@UAGJPAJ@Z 1000b949 f   BumpBarImpl.obj
 0001:0000a95d       ?SetCOFreezeEvents@COPOSBumpBar@@IAEXF@Z 1000b95d f   BumpBarImpl.obj
 0001:0000a9e8       ?SetKeyTranslation@COPOSBumpBar@@UAGJJJJPAJ@Z 1000b9e8 f   BumpBarImpl.obj
 0001:0000aa7e       ?SetOposProp@COPOSBumpBar@@IAEJJJJ@Z 1000ba7e f   BumpBarImpl.obj
 0001:0000ab5c       ?UpdateFirmware@COPOSBumpBar@@UAGJPA_WPAJ@Z 1000bb5c f   BumpBarImpl.obj
 0001:0000abb3       ?UpdateStatistics@COPOSBumpBar@@UAGJPA_WPAJ@Z 1000bbb3 f   BumpBarImpl.obj
 0001:0000ac0a       ?get_AsyncMode@COPOSBumpBar@@UAGJPAF@Z 1000bc0a f   BumpBarImpl.obj
 0001:0000ac23       ?get_AutoToneDuration@COPOSBumpBar@@UAGJPAJ@Z 1000bc23 f   BumpBarImpl.obj
 0001:0000ac3c       ?get_AutoToneFrequency@COPOSBumpBar@@UAGJPAJ@Z 1000bc3c f   BumpBarImpl.obj
 0001:0000ac55       ?get_BinaryConversion@COPOSBumpBar@@UAGJPAJ@Z 1000bc55 f   BumpBarImpl.obj
 0001:0000ac6b       ?get_BumpBarDataCount@COPOSBumpBar@@UAGJPAJ@Z 1000bc6b f   BumpBarImpl.obj
 0001:0000ac84       ?get_CapCompareFirmwareVersion@COPOSBumpBar@@UAGJPAF@Z 1000bc84 f   BumpBarImpl.obj
 0001:0000ac9d       ?get_CapPowerReporting@COPOSBumpBar@@UAGJPAJ@Z 1000bc9d f   BumpBarImpl.obj
 0001:0000acb6       ?get_CapStatisticsReporting@COPOSBumpBar@@UAGJPAF@Z 1000bcb6 f   BumpBarImpl.obj
 0001:0000accf       ?get_CapTone@COPOSBumpBar@@UAGJPAF@Z 1000bccf f   BumpBarImpl.obj
 0001:0000ace8       ?get_CapUpdateFirmware@COPOSBumpBar@@UAGJPAF@Z 1000bce8 f   BumpBarImpl.obj
 0001:0000ad01       ?get_CapUpdateStatistics@COPOSBumpBar@@UAGJPAF@Z 1000bd01 f   BumpBarImpl.obj
 0001:0000ad1a       ?get_CheckHealthText@COPOSBumpBar@@UAGJPAPA_W@Z 1000bd1a f   BumpBarImpl.obj
 0001:0000ad33       ?get_Claimed@COPOSBumpBar@@UAGJPAF@Z 1000bd33 f   BumpBarImpl.obj
 0001:0000ad49       ?get_ControlObjectDescription@COPOSBumpBar@@UAGJPAPA_W@Z 1000bd49 f   BumpBarImpl.obj
 0001:0000ad86       ?get_ControlObjectVersion@COPOSBumpBar@@UAGJPAJ@Z 1000bd86 f   BumpBarImpl.obj
 0001:0000ad99       ?get_CurrentUnitID@COPOSBumpBar@@UAGJPAJ@Z 1000bd99 f   BumpBarImpl.obj
 0001:0000adb2       ?get_DataCount@COPOSBumpBar@@UAGJPAJ@Z 1000bdb2 f   BumpBarImpl.obj
 0001:0000adc8       ?get_DataEventEnabled@COPOSBumpBar@@UAGJPAF@Z 1000bdc8 f   BumpBarImpl.obj
 0001:0000adde       ?get_DeviceDescription@COPOSBumpBar@@UAGJPAPA_W@Z 1000bdde f   BumpBarImpl.obj
 0001:0000adf7       ?get_DeviceEnabled@COPOSBumpBar@@UAGJPAF@Z 1000bdf7 f   BumpBarImpl.obj
 0001:0000ae0d       ?get_DeviceName@COPOSBumpBar@@UAGJPAPA_W@Z 1000be0d f   BumpBarImpl.obj
 0001:0000ae26       ?get_ErrorString@COPOSBumpBar@@UAGJPAPA_W@Z 1000be26 f   BumpBarImpl.obj
 0001:0000ae3f       ?get_ErrorUnits@COPOSBumpBar@@UAGJPAJ@Z 1000be3f f   BumpBarImpl.obj
 0001:0000ae58       ?get_EventString@COPOSBumpBar@@UAGJPAPA_W@Z 1000be58 f   BumpBarImpl.obj
 0001:0000ae71       ?get_EventUnitID@COPOSBumpBar@@UAGJPAJ@Z 1000be71 f   BumpBarImpl.obj
 0001:0000ae8a       ?get_EventUnits@COPOSBumpBar@@UAGJPAJ@Z 1000be8a f   BumpBarImpl.obj
 0001:0000aea3       ?get_FreezeEvents@COPOSBumpBar@@UAGJPAF@Z 1000bea3 f   BumpBarImpl.obj
 0001:0000aeb9       ?get_Keys@COPOSBumpBar@@UAGJPAJ@Z 1000beb9 f   BumpBarImpl.obj
 0001:0000aed2       ?get_OpenResult@COPOSBumpBar@@UAGJPAJ@Z 1000bed2 f   BumpBarImpl.obj
 0001:0000aee9       ?get_OutputID@COPOSBumpBar@@UAGJPAJ@Z 1000bee9 f   BumpBarImpl.obj
 0001:0000aeff       ?get_PowerNotify@COPOSBumpBar@@UAGJPAJ@Z 1000beff f   BumpBarImpl.obj
 0001:0000af15       ?get_PowerState@COPOSBumpBar@@UAGJPAJ@Z 1000bf15 f   BumpBarImpl.obj
 0001:0000af2b       ?get_ResultCode@COPOSBumpBar@@UAGJPAJ@Z 1000bf2b f   BumpBarImpl.obj
 0001:0000af69       ?get_ResultCodeExtended@COPOSBumpBar@@UAGJPAJ@Z 1000bf69 f   BumpBarImpl.obj
 0001:0000af7f       ?get_ServiceObjectDescription@COPOSBumpBar@@UAGJPAPA_W@Z 1000bf7f f   BumpBarImpl.obj
 0001:0000af98       ?get_ServiceObjectVersion@COPOSBumpBar@@UAGJPAJ@Z 1000bf98 f   BumpBarImpl.obj
 0001:0000afae       ?get_State@COPOSBumpBar@@UAGJPAJ@Z 1000bfae f   BumpBarImpl.obj
 0001:0000afda       ?get_Timeout@COPOSBumpBar@@UAGJPAJ@Z 1000bfda f   BumpBarImpl.obj
 0001:0000aff3       ?get_UnitsOnline@COPOSBumpBar@@UAGJPAJ@Z 1000bff3 f   BumpBarImpl.obj
 0001:0000b00c       ?put_AsyncMode@COPOSBumpBar@@UAGJF@Z 1000c00c f   BumpBarImpl.obj
 0001:0000b02c       ?put_AutoToneDuration@COPOSBumpBar@@UAGJJ@Z 1000c02c f   BumpBarImpl.obj
 0001:0000b045       ?put_AutoToneFrequency@COPOSBumpBar@@UAGJJ@Z 1000c045 f   BumpBarImpl.obj
 0001:0000b05e       ?put_BinaryConversion@COPOSBumpBar@@UAGJJ@Z 1000c05e f   BumpBarImpl.obj
 0001:0000b074       ?put_CurrentUnitID@COPOSBumpBar@@UAGJJ@Z 1000c074 f   BumpBarImpl.obj
 0001:0000b08d       ?put_DataEventEnabled@COPOSBumpBar@@UAGJF@Z 1000c08d f   BumpBarImpl.obj
 0001:0000b0aa       ?put_DeviceEnabled@COPOSBumpBar@@UAGJF@Z 1000c0aa f   BumpBarImpl.obj
 0001:0000b0c7       ?put_FreezeEvents@COPOSBumpBar@@UAGJF@Z 1000c0c7 f   BumpBarImpl.obj
 0001:0000b113       ?put_PowerNotify@COPOSBumpBar@@UAGJJ@Z 1000c113 f   BumpBarImpl.obj
 0001:0000b129       ?put_Timeout@COPOSBumpBar@@UAGJJ@Z 1000c129 f   BumpBarImpl.obj
 0001:0000b142       ?s_EventWindowProc@COPOSBumpBar@@KGJPAUHWND__@@IIJ@Z 1000c142 f i BumpBarImpl.obj
 0001:0000b194       ??_U@YAPAXI@Z              1000c194 f   LIBCMT:new_array.obj
 0001:0000b19d       ??3@YAXPAXI@Z              1000c19d f   LIBCMT:delete_scalar_size.obj
 0001:0000b1ab       ??_V@YAXPAX@Z              1000c1ab f   LIBCMT:delete_array.obj
 0001:0000b1b0       ??_V@YAXPAXI@Z             1000c1b0 f   LIBCMT:delete_array_size.obj
 0001:0000b1be       ??$__crt_fast_encode_pointer@P6GHPAU_RTL_CONDITION_VARIABLE@@PAU_RTL_CRITICAL_SECTION@@K@Z@@YAP6GHPAU_RTL_CONDITION_VARIABLE@@PAU_RTL_CRITICAL_SECTION@@K@ZQ6GH01K@Z@Z 1000c1be f i LIBCMT:thread_safe_statics.obj
 0001:0000b1be       ??$__crt_fast_encode_pointer@P6GXPAU_RTL_CONDITION_VARIABLE@@@Z@@YAP6GXPAU_RTL_CONDITION_VARIABLE@@@ZQ6GX0@Z@Z 1000c1be f i LIBCMT:thread_safe_statics.obj
 0001:0000b1be       ??$__crt_fast_encode_pointer@PAP6AXXZ@@YAPAP6AXXZQAP6AXXZ@Z 1000c1be f i LIBCMT:utility.obj
 0001:0000b1be       ??$__crt_fast_encode_pointer@PAX@@YAPAXQAX@Z 1000c1be f i libvcruntime:winapi_downlevel.obj
 0001:0000b21f       ___scrt_acquire_startup_lock 1000c21f f   LIBCMT:utility.obj
 0001:0000b251       ___scrt_dllmain_after_initialize_c 1000c251 f   LIBCMT:utility.obj
 0001:0000b27c       ___scrt_dllmain_before_initialize_c 1000c27c f   LIBCMT:utility.obj
 0001:0000b28a       ___scrt_dllmain_crt_thread_attach 1000c28a f   LIBCMT:utility.obj
 0001:0000b2a9       ___scrt_dllmain_crt_thread_detach 1000c2a9 f   LIBCMT:utility.obj
 0001:0000b2b6       ___scrt_dllmain_exception_filter 1000c2b6 f   LIBCMT:utility.obj
 0001:0000b2ea       ___scrt_dllmain_uninitialize_c 1000c2ea f   LIBCMT:utility.obj
 0001:0000b30d       ___scrt_dllmain_uninitialize_critical 1000c30d f   LIBCMT:utility.obj
 0001:0000b31a       ___scrt_initialize_crt     1000c31a f   LIBCMT:utility.obj
 0001:0000b353       ___scrt_initialize_onexit_tables 1000c353 f   LIBCMT:utility.obj
 0001:0000b3f8       ___scrt_is_nonwritable_in_current_image 1000c3f8 f   LIBCMT:utility.obj
 0001:0000b48c       ___scrt_release_startup_lock 1000c48c f   LIBCMT:utility.obj
 0001:0000b4a9       ___scrt_uninitialize_crt   1000c4a9 f   LIBCMT:utility.obj
 0001:0000b4d1       __onexit                   1000c4d1 f   LIBCMT:utility.obj
 0001:0000b50c       _atexit                    1000c50c f   LIBCMT:utility.obj
 0001:0000b521       ??3@YAXPAX@Z               1000c521 f   LIBCMT:delete_scalar.obj
 0001:0000b658       __Init_thread_footer       1000c658 f   LIBCMT:thread_safe_statics.obj
 0001:0000b6a2       __Init_thread_header       1000c6a2 f   LIBCMT:thread_safe_statics.obj
 0001:0000b6f4       __Init_thread_notify       1000c6f4 f   LIBCMT:thread_safe_statics.obj
 0001:0000b736       __Init_thread_wait         1000c736 f   LIBCMT:thread_safe_statics.obj
 0001:0000b796       ___raise_securityfailure   1000c796 f   LIBCMT:gs_report.obj
 0001:0000b7be       ___report_gsfailure        1000c7be f   LIBCMT:gs_report.obj
 0001:0000b8b7       ___report_rangecheckfailure 1000c8b7 f   LIBCMT:gs_report.obj
 0001:0000b8c3       ___report_securityfailure  1000c8c3 f   LIBCMT:gs_report.obj
 0001:0000b991       ??2@YAPAXIABUnothrow_t@std@@@Z 1000c991 f   LIBCMT:new_scalar_nothrow.obj
 0001:0000b9e1       ??_U@YAPAXIABUnothrow_t@std@@@Z 1000c9e1 f   LIBCMT:new_array_nothrow.obj
 0001:0000b9ea       @__security_check_cookie@4 1000c9ea f   LIBCMT:_secchk_.obj
 0001:0000ba00       __SEH_prolog4_GS           1000ca00 f   LIBCMT:_sehprolg4gs_.obj
 0001:0000ba49       __SEH_epilog4_GS           1000ca49 f   LIBCMT:_sehprolg4gs_.obj
 0001:0000ba60       __alloca_probe_16          1000ca60 f   LIBCMT:alloca16.obj
 0001:0000ba76       __alloca_probe_8           1000ca76     LIBCMT:alloca16.obj
 0001:0000ba90       __alloca_probe             1000ca90 f   LIBCMT:chkstk.obj
 0001:0000ba90       __chkstk                   1000ca90 f   LIBCMT:chkstk.obj
 0001:0000bddd       __DllMainCRTStartup@12     1000cddd f   LIBCMT:dll_dllmain.obj
 0001:0000be00       ??2@YAPAXI@Z               1000ce00 f   LIBCMT:new_scalar.obj
 0001:0000be30       ___isa_available_init      1000ce30 f   LIBCMT:_cpu_disp_.obj
 0001:0000bfc7       ___scrt_is_ucrt_dll_in_use 1000cfc7 f   LIBCMT:ucrt_detection.obj
 0001:0000bfd3       ___scrt_fastfail           1000cfd3 f   LIBCMT:utility_desktop.obj
 0001:0000c0ed       __crt_debugger_hook        1000d0ed f   LIBCMT:utility_desktop.obj
 0001:0000c100       __SEH_prolog4              1000d100 f   LIBCMT:_sehprolg4_.obj
 0001:0000c146       __SEH_epilog4              1000d146 f   LIBCMT:_sehprolg4_.obj
 0001:0000c15b       @_guard_check_icall_nop@4  1000d15b f i LIBCMT:guard_support.obj
 0001:0000c1a9       ___security_init_cookie    1000d1a9 f   LIBCMT:gs_support.obj
 0001:0000c1f4       ?__scrt_initialize_type_info@@YAXXZ 1000d1f4 f   LIBCMT:tncleanup.obj
 0001:0000c200       ?__scrt_uninitialize_type_info@@YAXXZ 1000d200 f   LIBCMT:tncleanup.obj
 0001:0000c20c       ___local_stdio_scanf_options 1000d20c f i LIBCMT:default_local_stdio_options.obj
[...]
 0002:00002b78       ?candidate_modules@?1??try_get_LCMapStringEx@@YAP6GHPB_WK0HPA_WHPAU_nlsversioninfo@@PAXJ@ZXZ@4QBW4module_id@?A0x391cf84c@@B 10021b78     libucrt:winapi_thunks.obj
 0002:00002b90       ?candidate_modules@?1??try_get_LocaleNameToLCID@@YAP6GKPB_WK@ZXZ@4QBW4module_id@?A0x391cf84c@@B 10021b90     libucrt:winapi_thunks.obj
 0002:00002bac       ?candidate_modules@?1??try_get_AppPolicyGetProcessTerminationMethod@@YAP6GJPAXPAW4AppPolicyProcessTerminationMethod@@@ZXZ@4QBW4module_id@?A0x391cf84c@@B 10021bac     libucrt:winapi_thunks.obj
 0002:00002bd8       ?candidate_modules@?1??try_get_SetThreadStackGuarantee@@YAP6GHPAK@ZXZ@4QBW4module_id@?A0x391cf84c@@B 10021bd8     libucrt:winapi_thunks.obj
 0002:00003104       ?_mb_locale_names@@3QBQB_WB 10022104     libucrt:mbctype.obj
 0002:00003950       ?LcidToLocaleNameTable@?A0x881e4c05@@3QBULcidToLocaleName@1@B 10022950     libucrt:lcidtoname_downlevel.obj
 0002:00004a78       ?LocaleNameToIndexTable@?A0x881e4c05@@3QBULocaleNameIndex@1@B 10023a78     libucrt:lcidtoname_downlevel.obj
 0002:000063b0       LOG_name                   100253b0     libucrt:log10.obj
 0002:000063c0       _One                       100253c0     libucrt:ceil_pentium4.obj
 0002:000063d0       _Bns                       100253d0     libucrt:ceil_pentium4.obj
 0002:000063e0       _Zero                      100253e0     libucrt:ceil_pentium4.obj
 0002:000063f0       _S                         100253f0     libucrt:ceil_pentium4.obj
 0002:00006400       _NegZero                   10025400     libucrt:ceil_pentium4.obj
 0002:00006410       emask                      10025410     libucrt:log10_pentium4.obj
 0002:00006420       CC                         10025420     libucrt:log10_pentium4.obj
 0002:00006430       Magic                      10025430     libucrt:log10_pentium4.obj
 0002:00006440       hi_mask                    10025440     libucrt:log10_pentium4.obj
 0002:00006450       LOG10_2                    10025450     libucrt:log10_pentium4.obj
 0002:00006460       place_L                    10025460     libucrt:log10_pentium4.obj
 0002:00006480       One                        10025480     libucrt:log10_pentium4.obj
 0002:00006490       Zero                       10025490     libucrt:log10_pentium4.obj
 0002:000064a0       Two52                      100254a0     libucrt:log10_pentium4.obj
 0002:000064b0       Infs                       100254b0     libucrt:log10_pentium4.obj
 0002:000064c0       NaN                        100254c0     libucrt:log10_pentium4.obj
 0002:000064d0       coeff                      100254d0     libucrt:log10_pentium4.obj
 0002:0000652e       _log2max                   1002552e     libucrt:87tran.obj
 0002:00006538       _smallarg                  10025538     libucrt:87tran.obj
 0002:00006542       _half                      10025542     libucrt:87tran.obj
 0002:0000658e       One                        1002558e     libucrt:87disp.obj
 0002:00006596       Three                      10025596     libucrt:87disp.obj
 0002:0000659e       XAMtoTagTab                1002559e     libucrt:87disp.obj
 0002:000065b0       One                        100255b0     libucrt:common.obj
 0002:000065c4       DblMax                     100255c4     libucrt:common.obj
 0002:000065cc       DblMin                     100255cc     libucrt:common.obj
 0002:000065d4       IeeeAdjO                   100255d4     libucrt:common.obj
 0002:000065dc       IeeeAdjU                   100255dc     libucrt:common.obj
 0002:000065e4       _infinity                  100255e4     libucrt:common.obj
 0002:000065ec       _zero                      100255ec     libucrt:common.obj
 0002:00006628       _over                      10025628     libucrt:fpctrl.obj
 0002:00006634       _under                     10025634     libucrt:fpctrl.obj
 0002:00006e68       ?_names@?1??_get_fname@@9@9 10025e68     libucrt:fpexcept.obj
 0002:000076c8       __sehtable$?_AtlVerifyStackAvailable@_ATL_SAFE_ALLOCA_IMPL@ATL@@YA_NK@Z 100266c8     BumpBar.obj
 0002:000076e8       __sehtable$___scrt_is_nonwritable_in_current_image 100266e8     LIBCMT:utility.obj
 0002:00007704       __ehfuncinfo$?__scrt_initialize_thread_safe_statics_platform_specific@@YAXXZ 10026704     LIBCMT:thread_safe_statics.obj
 0002:00007728       __catchsym$??2@YAPAXIABUnothrow_t@std@@@Z$2 10026728     LIBCMT:new_scalar_nothrow.obj
 0002:00007738       __unwindtable$??2@YAPAXIABUnothrow_t@std@@@Z 10026738     LIBCMT:new_scalar_nothrow.obj
 0002:00007748       __tryblocktable$??2@YAPAXIABUnothrow_t@std@@@Z 10026748     LIBCMT:new_scalar_nothrow.obj
 0002:0000775c       __ehfuncinfo$??2@YAPAXIABUnothrow_t@std@@@Z 1002675c     LIBCMT:new_scalar_nothrow.obj
 0002:00007780       __sehtable$?dllmain_crt_process_attach@@YAHQAUHINSTANCE__@@QAX@Z 10026780     LIBCMT:dll_dllmain.obj
 0002:000077a0       __sehtable$?dllmain_crt_process_detach@@YAH_N@Z 100267a0     LIBCMT:dll_dllmain.obj
 0002:000077c0       __sehtable$?dllmain_dispatch@@YAHQAUHINSTANCE__@@KQAX@Z 100267c0     LIBCMT:dll_dllmain.obj
 0002:00007870       __sehtable$?FrameUnwindToState@__FrameHandler3@@SAXPAUEHRegistrationNode@@PAXPBU_s_FuncInfo@@H@Z 10026870     libvcruntime:frame.obj
 0002:00007898       __sehtable$?CallCatchBlock@@YAPAXPAUEHExceptionRecord@@PAUEHRegistrationNode@@PAU_CONTEXT@@PBU_s_FuncInfo@@PAXHK@Z 10026898     libvcruntime:frame.obj
 0002:000078c0       __catchsym$?CallUnexpected@@YAXPBU_s_ESTypeList@@@Z$2 100268c0     libvcruntime:frame.obj
 0002:000078d0       __unwindtable$?CallUnexpected@@YAXPBU_s_ESTypeList@@@Z 100268d0     libvcruntime:frame.obj
 0002:000078e0       __tryblocktable$?CallUnexpected@@YAXPBU_s_ESTypeList@@@Z 100268e0     libvcruntime:frame.obj
 0002:000078f4       __ehfuncinfo$?CallUnexpected@@YAXPBU_s_ESTypeList@@@Z 100268f4     libvcruntime:frame.obj
 0002:00007918       __sehtable$??$BuildCatchObjectHelperInternal@$$CBU_s_HandlerType@@@@YAHPAUEHExceptionRecord@@PAXPBU_s_HandlerType@@PBU_s_CatchableType@@@Z 10026918     libvcruntime:frame.obj
 0002:00007938       __sehtable$??$BuildCatchObjectInternal@$$CBU_s_HandlerType@@@@YAXPAUEHExceptionRecord@@PAXPBU_s_HandlerType@@PBU_s_CatchableType@@@Z 10026938     libvcruntime:frame.obj
 0002:00007990       __sehtable$___DestructExceptionObject 10026990     libvcruntime:ehhelpers.obj
 0002:000079b0       __sehtable$??R<lambda_6e4b09c48022b2350581041d5f6b0c4c>@@QBE@XZ 100269b0     libucrt:exit.obj
 0002:000079d0       __sehtable$??$?RV<lambda_03b1d95aef87969028cfba75ccab2455>@@AAV<lambda_6e4b09c48022b2350581041d5f6b0c4c>@@V<lambda_22bdf7517842c4b3e53723af5aa32b9e>@@@?$__crt_seh_guarded_call@X@@QAEX$$QAV<lambda_03b1d95aef87969028cfba75ccab2455>@@AAV<lambda_6e4b09c48022b2350581041d5f6b0c4c>@@$$QAV<lambda_22bdf7517842c4b3e53723af5aa32b9e>@@@Z 100269d0     libucrt:exit.obj
 0002:000079f0       __sehtable$??$?RV<lambda_8e746cf0007f6ed984d6f78af1fec997>@@AAV<lambda_22ebabd17bc4fa466a2aca6d8deb888d>@@V<lambda_18ed0c0b38a6dc0daf1e7ac6d6adf05e>@@@?$__crt_seh_guarded_call@H@@QAEH$$QAV<lambda_8e746cf0007f6ed984d6f78af1fec997>@@AAV<lambda_22ebabd17bc4fa466a2aca6d8deb888d>@@$$QAV<lambda_18ed0c0b38a6dc0daf1e7ac6d6adf05e>@@@Z 100269f0     libucrt:onexit.obj
 0002:00007a10       __sehtable$??$?RV<lambda_69a2805e680e0e292e8ba93315fe43a8>@@AAV<lambda_f03950bc5685219e0bcd2087efbe011e>@@V<lambda_03fcd07e894ec930e3f35da366ca99d6>@@@?$__crt_seh_guarded_call@H@@QAEH$$QAV<lambda_69a2805e680e0e292e8ba93315fe43a8>@@AAV<lambda_f03950bc5685219e0bcd2087efbe011e>@@$$QAV<lambda_03fcd07e894ec930e3f35da366ca99d6>@@@Z 10026a10     libucrt:onexit.obj
 0002:00007a30       __sehtable$__query_new_handler 10026a30     libucrt:new_handler.obj
 0002:00007a50       __sehtable$_terminate      10026a50     libucrt:terminate.obj
 0002:00007a70       __sehtable$??$?RV<lambda_15ade71b0218206bbe3333a0c9b79046>@@AAV<lambda_da44e0f8b0f19ba52fefafb335991732>@@V<lambda_207f2d024fc103971653565357d6cd41>@@@?$__crt_seh_guarded_call@X@@QAEX$$QAV<lambda_15ade71b0218206bbe3333a0c9b79046>@@AAV<lambda_da44e0f8b0f19ba52fefafb335991732>@@$$QAV<lambda_207f2d024fc103971653565357d6cd41>@@@Z 10026a70     libucrt:per_thread_data.obj
 0002:00007a90       __sehtable$??$?RV<lambda_a7e850c220f1c8d1e6efeecdedd162c6>@@AAV<lambda_46720907175c18b6c9d2717bc0d2d362>@@V<lambda_9048902d66e8d99359bc9897bbb930a8>@@@?$__crt_seh_guarded_call@X@@QAEX$$QAV<lambda_a7e850c220f1c8d1e6efeecdedd162c6>@@AAV<lambda_46720907175c18b6c9d2717bc0d2d362>@@$$QAV<lambda_9048902d66e8d99359bc9897bbb930a8>@@@Z 10026a90     libucrt:per_thread_data.obj
 0002:00007ab0       __sehtable$??$?RV<lambda_38edbb1296d33220d7e4dd0ed76b244a>@@AAV<lambda_5ce1d447e08cb34b2473517608e21441>@@V<lambda_fb385d3da700c9147fc39e65dd577a8c>@@@?$__crt_seh_guarded_call@X@@QAEX$$QAV<lambda_38edbb1296d33220d7e4dd0ed76b244a>@@AAV<lambda_5ce1d447e08cb34b2473517608e21441>@@$$QAV<lambda_fb385d3da700c9147fc39e65dd577a8c>@@@Z 10026ab0     libucrt:per_thread_data.obj
 0002:00007ad0       __sehtable$??$?RV<lambda_6affb1475c98b40b75cdec977db92e3c>@@AAV<lambda_b8d4b9c228a6ecc3f80208dbb4b4a104>@@V<lambda_608742c3c92a14382c1684fc64f96c88>@@@?$__crt_seh_guarded_call@X@@QAEX$$QAV<lambda_6affb1475c98b40b75cdec977db92e3c>@@AAV<lambda_b8d4b9c228a6ecc3f80208dbb4b4a104>@@$$QAV<lambda_608742c3c92a14382c1684fc64f96c88>@@@Z 10026ad0     libucrt:per_thread_data.obj
 0002:00007af0       __sehtable$??$?RV<lambda_e5124f882df8998aaf41531e079ba474>@@AAV<lambda_3e16ef9562a7dcce91392c22ab16ea36>@@V<lambda_e25ca0880e6ef98be67edffd8c599615>@@@?$__crt_seh_guarded_call@X@@QAEX$$QAV<lambda_e5124f882df8998aaf41531e079ba474>@@AAV<lambda_3e16ef9562a7dcce91392c22ab16ea36>@@$$QAV<lambda_e25ca0880e6ef98be67edffd8c599615>@@@Z 10026af0     libucrt:wsetlocale.obj
 0002:00007b10       __sehtable$___acrt_initialize_lowio 10026b10     libucrt:ioinit.obj
 0002:00007b30       __sehtable$?update_thread_multibyte_data_internal@@YAPAU__crt_multibyte_data@@QAU__acrt_ptd@@QAU1@@Z 10026b30     libucrt:mbctype.obj
 0002:00007b50       __sehtable$??$?RV<lambda_ceb1ee4838e85a9d631eb091e2fbe199>@@AAV<lambda_ae742caa10f662c28703da3d2ea5e57e>@@V<lambda_cd08b5d6af4937fe54fc07d0c9bf6b37>@@@?$__crt_seh_guarded_call@X@@QAEX$$QAV<lambda_ceb1ee4838e85a9d631eb091e2fbe199>@@AAV<lambda_ae742caa10f662c28703da3d2ea5e57e>@@$$QAV<lambda_cd08b5d6af4937fe54fc07d0c9bf6b37>@@@Z 10026b50     libucrt:mbctype.obj
 0002:00007b70       __sehtable$_raise          10026b70     libucrt:signal.obj
 0002:00007b90       __sehtable$??$?RV<lambda_cbab9ec6f41b0180b23cc171c22676b0>@@AAV<lambda_44731a7d0e6d81c3e6aa82d741081786>@@V<lambda_4b292cb8dd18144e164572427af410ab>@@@?$__crt_seh_guarded_call@P6AXH@Z@@QAEP6AXH@Z$$QAV<lambda_cbab9ec6f41b0180b23cc171c22676b0>@@AAV<lambda_44731a7d0e6d81c3e6aa82d741081786>@@$$QAV<lambda_4b292cb8dd18144e164572427af410ab>@@@Z 10026b90     libucrt:signal.obj
 0002:00007bb0       __sehtable$___acrt_update_thread_locale_data 10026bb0     libucrt:locale_refcounting.obj
 0002:00007bd0       __sehtable$__fcloseall     10026bd0     libucrt:closeall.obj
 0002:00007bf0       __sehtable$??$?RV<lambda_2866be3712abc81a800a822484c830d8>@@AAV<lambda_39ca0ed439415581b5b15c265174cece>@@V<lambda_2b24c74d71094a6cd0cb82e44167d71b>@@@?$__crt_seh_guarded_call@X@@QAEX$$QAV<lambda_2866be3712abc81a800a822484c830d8>@@AAV<lambda_39ca0ed439415581b5b15c265174cece>@@$$QAV<lambda_2b24c74d71094a6cd0cb82e44167d71b>@@@Z 10026bf0     libucrt:fflush.obj
 0002:00007c10       __sehtable$??$?RV<lambda_2cc53f568c5a2bb6f192f930a45d44ea>@@AAV<lambda_ab61a845afdef5b7c387490eaf3616ee>@@V<lambda_c2ffc0b7726aa6be21d5f0026187e748>@@@?$__crt_seh_guarded_call@X@@QAEX$$QAV<lambda_2cc53f568c5a2bb6f192f930a45d44ea>@@AAV<lambda_ab61a845afdef5b7c387490eaf3616ee>@@$$QAV<lambda_c2ffc0b7726aa6be21d5f0026187e748>@@@Z 10026c10     libucrt:fflush.obj
 0002:00007c30       __sehtable$___acrt_lowio_ensure_fh_exists 10026c30     libucrt:osfinfo.obj
 0002:00007c50       __sehtable$__write         10026c50     libucrt:write.obj
 0002:00007c70       __sehtable$_fclose         10026c70     libucrt:fclose.obj
 0002:00007c90       __sehtable$??$?RV<lambda_9e9de3de5fa147e2223d7db92bc10aa6>@@AAV<lambda_38ce7e780aa69e748d6df282ebc68efe>@@V<lambda_8ca6da459f0f6780f1cff60fdc3d00e5>@@@?$__crt_seh_guarded_call@H@@QAEH$$QAV<lambda_9e9de3de5fa147e2223d7db92bc10aa6>@@AAV<lambda_38ce7e780aa69e748d6df282ebc68efe>@@$$QAV<lambda_8ca6da459f0f6780f1cff60fdc3d00e5>@@@Z 10026c90     libucrt:commit.obj
 0002:00007cb0       __sehtable$??$?RV<lambda_218ce3db14220d0be481dae8ef3383b6>@@AAV<lambda_628dfdc04ba53c8bfc02c9951375f3f5>@@V<lambda_57dc472bd5c9d5f3b2cbca59b8a843ae>@@@?$__crt_seh_guarded_call@H@@QAEH$$QAV<lambda_218ce3db14220d0be481dae8ef3383b6>@@AAV<lambda_628dfdc04ba53c8bfc02c9951375f3f5>@@$$QAV<lambda_57dc472bd5c9d5f3b2cbca59b8a843ae>@@@Z 10026cb0     libucrt:close.obj
 0002:00007cd0       __sehtable$__IsNonwritableInCurrentImage 10026cd0     LIBCMT:pesect.obj
 0002:00007d00       .edata                     10026d00     OPOSBumpBar.exp
 0002:00007d28       rgpv                       10026d28     OPOSBumpBar.exp
 0002:00007d38       rgszName                   10026d38     OPOSBumpBar.exp
 0002:00007d48       rgwOrd                     10026d48     OPOSBumpBar.exp
 0002:00007d50       szName                     10026d50     OPOSBumpBar.exp
 0002:00007d60       $N00001                    10026d60     OPOSBumpBar.exp
 0002:00007d70       $N00002                    10026d70     OPOSBumpBar.exp
 0002:00007d82       $N00003                    10026d82     OPOSBumpBar.exp
 0002:00007d94       $N00004                    10026d94     OPOSBumpBar.exp
 0002:000083ac       .idata$6                   100273ac     kernel32:KERNEL32.dll
 0002:000085c0       .idata$6                   100275c0     user32:USER32.dll
 0002:000086f4       .idata$6                   100276f4     gdi32:GDI32.dll
 0002:0000879a       .idata$6                   1002779a     advapi32:ADVAPI32.dll
 0002:000088b6       .idata$6                   100278b6     ole32:ole32.dll
 0002:000088c0       .idata$6                   100278c0     oleaut32:OLEAUT32.dll
 0003:00000110       ?ObjectMap@@3PAU_ATL_OBJMAP_ENTRY30@ATL@@A 10028110     BumpBar.obj
 0003:000001b0       ?s_SOMethodNames@@3PAPADA  100281b0     BumpBarImpl.obj
 0003:00000204       ?s_RequiredMethodsPerRelease@@3PAHA 10028204     BumpBarImpl.obj
 0003:00000240       ?__vcrt_flsindex@@3KA      10028240     libvcruntime:per_thread_data.obj
 0003:00000260       ?errno_no_memory@@3HA      10028260     libucrt:errno.obj
 0003:00000264       ?doserrno_no_memory@@3KA   10028264     libucrt:errno.obj
 0003:00000270       ?__acrt_flsindex@@3KA      10028270     libucrt:per_thread_data.obj
 0003:000003e8       __mbctypes                 100283e8     libucrt:mbctype.obj
 0003:000004f0       __mbcasemaps               100284f0     libucrt:mbctype.obj
 0003:000005f0       ?__rgctypeflag@@3PADA      100285f0     libucrt:mbctype.obj
 0003:000005f8       ?__rgcode_page_info@@3PAUcode_page_info@@A 100285f8     libucrt:mbctype.obj
 0003:00000b00       ?is_initialized_as_dll@@3_NA 10028b00     LIBCMT:utility.obj
 0003:00000b01       ?module_local_atexit_table_initialized@@3_NA 10028b01     LIBCMT:utility.obj
 0003:00000b04       ?module_local_atexit_table@@3U_onexit_table_t@@A 10028b04     LIBCMT:utility.obj
 0003:00000b10       ?module_local_at_quick_exit_table@@3U_onexit_table_t@@A 10028b10     LIBCMT:utility.obj
 0003:00000b1c       ?_Tss_mutex@@3U_RTL_CRITICAL_SECTION@@A 10028b1c     LIBCMT:thread_safe_statics.obj
 0003:00000b34       ?_Tss_cv@@3U_RTL_CONDITION_VARIABLE@@A 10028b34     LIBCMT:thread_safe_statics.obj
 0003:00000b38       ?_Tss_event@@3PAXA         10028b38     LIBCMT:thread_safe_statics.obj
 0003:00000b3c       ?encoded_sleep_condition_variable_cs@@3P6GHPAU_RTL_CONDITION_VARIABLE@@PAU_RTL_CRITICAL_SECTION@@K@ZA 10028b3c     LIBCMT:thread_safe_statics.obj
 0003:00000b40       ?encoded_wake_all_condition_variable@@3P6GXPAU_RTL_CONDITION_VARIABLE@@@ZA 10028b40     LIBCMT:thread_safe_statics.obj
 0003:00000b48       _GS_ExceptionRecord        10028b48     LIBCMT:gs_report.obj
 0003:00000b98       _GS_ContextRecord          10028b98     LIBCMT:gs_report.obj
 0003:00000e68       ?__proc_attached@@3HA      10028e68     LIBCMT:dll_dllmain.obj
 0003:00000ec4       ?AllocateData@@3P6GPAUAtlThunkData_t@@XZA 10028ec4     atls:atlthunk.obj
 0003:00000ec8       ?InitData@@3P6GXPAUAtlThunkData_t@@PAXI@ZA 10028ec8     atls:atlthunk.obj
 0003:00000ecc       ?DataToCode@@3P6GP6GJPAUHWND__@@IIJ@ZPAUAtlThunkData_t@@@ZA 10028ecc     atls:atlthunk.obj
 0003:00000ed0       ?FreeData@@3P6GXPAUAtlThunkData_t@@@ZA 10028ed0     atls:atlthunk.obj
 0003:00000ed4       ?Initialized@@3_NA         10028ed4     atls:atlthunk.obj
 0003:00000ee0       ?__vcrt_startup_thread_ptd@@3U__vcrt_ptd@@A 10028ee0     libvcruntime:per_thread_data.obj
 0003:00000f08       ___vcrt_lock_table         10028f08     libvcruntime:locks.obj
 0003:00000f20       ___vcrt_locks_initialized  10028f20     libvcruntime:locks.obj
 0003:00000f24       ?module_handles@@3PAPAUHINSTANCE__@@A 10028f24     libvcruntime:winapi_downlevel.obj
 0003:00000f30       ?encoded_function_pointers@@3PAPAXA 10028f30     libvcruntime:winapi_downlevel.obj
 0003:00000f6c       ?heap@@3V_HeapManager@@A   10028f6c     libvcruntime:undname.obj
 0003:00000f84       ?__acrt_invalid_parameter_handler@@3V?$dual_state_global@P6AXPB_W00II@Z@__crt_state_management@@A 10028f84     libucrt:invalid_parameter.obj
 0003:00000f88       ?c_termination_complete@@3JA 10028f88     libucrt:exit.obj
 0003:00000f8c       ?thread_local_exit_callback_func@@3P6GXPAXK0@ZA 10028f8c     libucrt:exit.obj
 0003:00000f98       ?program_name@?1???$common_configure_argv@D@@YAHW4_crt_argv_mode@@@Z@4PADA 10028f98     libucrt:argv_parsing.obj
 0003:000010c8       ?__acrt_new_handler@@3V?$dual_state_global@P6AHI@Z@__crt_state_management@@A 100290c8     libucrt:new_handler.obj
 0003:000010d0       ?module_handles@@3PAPAUHINSTANCE__@@A 100290d0     libucrt:winapi_thunks.obj
 0003:00001120       ?encoded_function_pointers@@3PAPAXA 10029120     libucrt:winapi_thunks.obj
 0003:000011b0       ?enable_percent_n@@3IA     100291b0     libucrt:printf_count_output.obj
 0003:000013d0       ?__acrt_lock_table@@3PAU_RTL_CRITICAL_SECTION@@A 100293d0     libucrt:locks.obj
 0003:00001520       ?__acrt_locks_initialized@@3IA 10029520     libucrt:locks.obj
 0003:00001530       ?fSystemSet@@3HA           10029530     libucrt:mbctype.obj
 0003:00001534       ?initialized@?1??__acrt_initialize_multibyte@@9@4_NA 10029534     libucrt:mbctype.obj
 0003:00001554       ?ctrlc_action@@3V?$dual_state_global@P6AXH@Z@__crt_state_management@@A 10029554     libucrt:signal.obj
 0003:00001558       ?ctrlbreak_action@@3V?$dual_state_global@P6AXH@Z@__crt_state_management@@A 10029558     libucrt:signal.obj
 0003:0000155c       ?abort_action@@3V?$dual_state_global@P6AXH@Z@__crt_state_management@@A 1002955c     libucrt:signal.obj
 0003:00001560       ?term_action@@3V?$dual_state_global@P6AXH@Z@__crt_state_management@@A 10029560     libucrt:signal.obj
 0003:00001564       ?user_matherr@@3V?$dual_state_global@P6AHPAU_exception@@@Z@__crt_state_management@@A 10029564     libucrt:matherr.obj
 0003:00001568       ?__acrt_global_new_mode@@3V?$dual_state_global@J@__crt_state_management@@A 10029568     libucrt:new_mode.obj
 0003:00001574       ?__acrt_app_type@@3W4_crt_app_type@@A 10029574     libucrt:report_runtime_error.obj
 0003:0000157c       __pmatherr_set             1002957c     libucrt:libm_error.obj
 0004:00000220       $R000000                   1002a220     BumpBar.res
 0004:00000b80       $R000960                   1002ab80     BumpBar.res
 0004:00000c68       $R000A48                   1002ac68     BumpBar.res
 0004:00000ed0       $R000CB0                   1002aed0     BumpBar.res
 0004:000013e0       $R0011C0                   1002b3e0     BumpBar.res
 0004:000042e0       $R0040C0                   1002e2e0     BumpBar.res
 0004:00004310       $R0040F0                   1002e310     BumpBar.res
