 OPOSPointCardRW

 Timestamp is 5ed4591f (Mon Jun  1 10:25:51 2020)

 Preferred load address is 10000000

 Start         Length     Name                   Class
 0001:00000000 00000080H .text$di                CODE
 0001:00000080 0001eb63H .text$mn                CODE
 0001:0001ebe3 00000036H .text$x                 CODE
 0001:0001ec19 00000042H .text$yd                CODE
 0002:00000000 000002fcH .idata$5                DATA
 0002:000002fc 00000004H .00cfg                  DATA
 0002:00000300 00000004H .CRT$XCA                DATA
 0002:00000304 00000004H .CRT$XCL                DATA
 0002:00000308 00000010H .CRT$XCU                DATA
 0002:00000318 00000004H .CRT$XCZ                DATA
 0002:0000031c 00000004H .CRT$XIA                DATA
 0002:00000320 00000010H .CRT$XIC                DATA
 0002:00000330 00000004H .CRT$XIZ                DATA
 0002:00000334 00000004H .CRT$XLA                DATA
 0002:00000338 00000004H .CRT$XLZ                DATA
 0002:0000033c 00000004H .CRT$XPA                DATA
 0002:00000340 00000008H .CRT$XPX                DATA
 0002:00000348 00000004H .CRT$XPXA               DATA
 0002:0000034c 00000004H .CRT$XPZ                DATA
 0002:00000350 00000004H .CRT$XTA                DATA
 0002:00000354 0000000cH .CRT$XTZ                DATA
 0002:00000358 00000000H .gfids$y                DATA
 0002:00000360 00007558H .rdata                  DATA
 0002:000078b8 00000018H .rdata$T                DATA
 0002:000078d0 00000178H .rdata$r                DATA
 0002:00007a48 0000001cH .rdata$sxdata           DATA
 0002:00007a64 000003e0H .rdata$zzzdbg           DATA
 0002:00007e44 00000004H .rtc$IAA                DATA
 0002:00007e48 00000004H .rtc$IZZ                DATA
 0002:00007e4c 00000004H .rtc$TAA                DATA
 0002:00007e50 00000004H .rtc$TZZ                DATA
 0002:00007e54 00000004H .tls                    DATA
 0002:00007e58 00000004H .tls$                   DATA
 0002:00007e5c 00000004H .tls$ZZZ                DATA
 0002:00007e60 0000062cH .xdata$x                DATA
 0002:0000848c 00000004H ATL$__a                 DATA
 0002:00008490 00000010H ATL$__z                 DATA
 0002:000084a0 000000acH .edata                  DATA
 0002:0000854c 00000078H .idata$2                DATA
 0002:000085c4 00000014H .idata$3                DATA
 0002:000085d8 000002fcH .idata$4                DATA
 0002:000088d4 00000bceH .idata$6                DATA
 0003:00000000 00000ad0H .data                   DATA
 0003:00000ad0 00000098H .data$r                 DATA
 0003:00000b68 00000b80H .bss                    DATA
 0004:00000000 00000220H .rsrc$01                DATA
 0004:00000220 00005df0H .rsrc$02                DATA

  Address         Publics by Value              Rva+Base       Lib:Object

 0000:00000000       ___arm64x_redirection_metadata 00000000     <absolute>
 0000:00000000       ___dynamic_value_reloc_table 00000000     <absolute>
 0000:00000000       ___guard_longjmp_count     00000000     <absolute>
 0000:00000000       ___x64_code_ranges_to_entry_points 00000000     <absolute>
 0000:00000000       ___guard_fids_count        00000000     <absolute>
 0000:00000000       ___guard_longjmp_table     00000000     <absolute>
 0000:00000000       ___hybrid_code_map_count   00000000     <absolute>
 0000:00000000       __except_list              00000000     <absolute>
 0000:00000000       ___guard_iat_count         00000000     <absolute>
 0000:00000000       ___arm64x_native_entrypoint 00000000     <absolute>
 0000:00000000       ___guard_fids_table        00000000     <absolute>
 0000:00000000       ___guard_eh_cont_count     00000000     <absolute>
 0000:00000000       ___hybrid_auxiliary_iat    00000000     <absolute>
 0000:00000000       ___guard_iat_table         00000000     <absolute>
 0000:00000000       ___volatile_metadata       00000000     <absolute>
 0000:00000000       ___enclave_config          00000000     <absolute>
 0000:00000000       ___AbsoluteZero            00000000     <absolute>
 0000:00000000       ___guard_eh_cont_table     00000000     <absolute>
 0000:00000000       ___hybrid_code_map         00000000     <absolute>
 0000:00000007       ___safe_se_handler_count   00000007     <absolute>
 0000:0000002c       __tls_array                0000002c     <absolute>
 0000:00000100       ___guard_flags             00000100     <absolute>
 0000:00000000       ___ImageBase               10000000     <linker-defined>
 0001:00000080       ?DupWide@_CW@@AAEXXZ       10001080 f   CWString.obj
 0001:0000009c       ?cw_dup@@YGXPBDAAHAAPA_W1@Z 1000109c f   CWString.obj
 0001:00000124       ?cw_memcpy@@YGHPA_WPBDH@Z  10001124 f   CWString.obj
 0001:00000150       ?cw_strcpy@@YAHPA_WPBD@Z   10001150 f   CWString.obj
 0001:00000163       ?cw_strlen@@YAHPBD@Z       10001163 f   CWString.obj
 0001:0000017c       ??0CAtlComModule@ATL@@QAE@XZ 1000117c f i OposVariant.obj
 0001:000001c1       ??0CAtlWinModule@ATL@@QAE@XZ 100011c1 f i OposVariant.obj
 0001:000001f8       ??0OposDispParms@@QAE@PAVOposVariant@@H@Z 100011f8 f   OposVariant.obj
 0001:00000269       ??1OposDispParms@@QAE@XZ   10001269 f   OposVariant.obj
 0001:00000277       ??A?$CSimpleArray@GV?$CSimpleArrayEqualHelper@G@ATL@@@ATL@@QAEAAGH@Z 10001277 f i OposVariant.obj
 0001:0000029c       ??_Estringdispid@CComTypeInfoHolder@ATL@@QAEPAXI@Z 1000129c f i OposVariant.obj
 0001:00000308       ?AtlWinModuleInit@ATL@@YGJPAU_ATL_WIN_MODULE70@1@@Z 10001308 f i OposVariant.obj
 0001:0000032e       ?AtlWinModuleTerm@ATL@@YGJPAU_ATL_WIN_MODULE70@1@PAUHINSTANCE__@@@Z 1000132e f i OposVariant.obj
 0001:00000391       ?ChangeBSTR@OposVariant@@QAEXPAPA_WAAJ@Z 10001391 f   OposVariant.obj
 0001:000003d2       ?ChangeLONG@OposVariant@@QAEXPAJAAJ@Z 100013d2 f   OposVariant.obj
 0001:00000413       ?GetLONG@OposVariant@@QAEJXZ 10001413 f   OposVariant.obj
 0001:0000042e       ?Init@CComCriticalSection@ATL@@QAEJXZ 1000142e f i OposVariant.obj
 0001:00000456       ?RemoveAll@?$CSimpleArray@PAUHINSTANCE__@@V?$CSimpleArrayEqualHelper@PAUHINSTANCE__@@@ATL@@@ATL@@QAEXXZ 10001456 f i atls:atlbase.obj
 0001:00000456       ?RemoveAll@?$CSimpleArray@GV?$CSimpleArrayEqualHelper@G@ATL@@@ATL@@QAEXXZ 10001456 f i OposVariant.obj
 0001:00000473       ?SetBSTR@OposVariant@@QAEXPA_WAAJ@Z 10001473 f   OposVariant.obj
 0001:000004a7       ?SetBSTR_Copy@OposVariant@@QAEXPA_WAAJ@Z 100014a7 f   OposVariant.obj
 0001:000004f7       ?SetBSTR_InOutPtr@OposVariant@@QAE_NPAPA_WAAJ@Z 100014f7 f   OposVariant.obj
 0001:0000052e       ?SetDispatch_Ptr@OposVariant@@QAEXPAUIDispatch@@AAJ@Z 1000152e f   OposVariant.obj
 0001:00000569       ?SetLONG@OposVariant@@QAEXJ@Z 10001569 f   OposVariant.obj
 0001:0000058b       ?SetLONG_Ptr@OposVariant@@QAEXPAJAAJ@Z 1000158b f   OposVariant.obj
 0001:000005be       ?SetString@OposVariant@@QAEXPB_WAAJ@Z 100015be f   OposVariant.obj
 0001:00000604       ?SetVARIANT_BOOL@OposVariant@@QAEXF@Z 10001604 f   OposVariant.obj
 0001:0000062e       ?Term@CAtlComModule@ATL@@QAEXXZ 1000162e f i OposVariant.obj
 0001:00000678       ?_AtlRaiseException@ATL@@YAXKK@Z 10001678 f i OposVariant.obj
 0001:0000068d       ?CreateInstance@CComClassFactory@ATL@@UAGJPAUIUnknown@@ABU_GUID@@PAPAX@Z 1000168d f i PointCardRW.obj
 0001:000006cb       ?LockServer@CComClassFactory@ATL@@UAGJH@Z 100016cb f i PointCardRW.obj
 0001:000006ea       ??_GCComClassFactory@ATL@@UAEPAXI@Z 100016ea f i PointCardRW.obj
 0001:000006ea       ??_ECComClassFactory@ATL@@UAEPAXI@Z 100016ea f i PointCardRW.obj
 0001:00000715       ??_E?$CComObject@VCOPOSPointCardRW@@@ATL@@W3AEPAXI@Z 10001715 f i PointCardRW.obj
 0001:0000071d       ??_E?$CComObject@VCOPOSPointCardRW@@@ATL@@WEM@AEPAXI@Z 1000171d f i PointCardRW.obj
 0001:00000725       ?QueryInterface@?$CComObject@VCOPOSPointCardRW@@@ATL@@WHA@AGJABU_GUID@@PAPAX@Z 10001725 f i PointCardRW.obj
 0001:0000072f       ?AddRef@?$CComObject@VCOPOSPointCardRW@@@ATL@@WHA@AGKXZ 1000172f f i PointCardRW.obj
 0001:00000739       ?Release@?$CComObject@VCOPOSPointCardRW@@@ATL@@WHA@AGKXZ 10001739 f i PointCardRW.obj
 0001:00000743       ?QueryInterface@?$CComObject@VCOPOSPointCardRW@@@ATL@@WHE@AGJABU_GUID@@PAPAX@Z 10001743 f i PointCardRW.obj
 0001:0000074d       ?AddRef@?$CComObject@VCOPOSPointCardRW@@@ATL@@WHE@AGKXZ 1000174d f i PointCardRW.obj
 0001:00000757       ?Release@?$CComObject@VCOPOSPointCardRW@@@ATL@@WHE@AGKXZ 10001757 f i PointCardRW.obj
 0001:00000761       ?QueryInterface@?$CComObject@VCOPOSPointCardRW@@@ATL@@WHI@AGJABU_GUID@@PAPAX@Z 10001761 f i PointCardRW.obj
 0001:0000076b       ?AddRef@?$CComObject@VCOPOSPointCardRW@@@ATL@@WHI@AGKXZ 1000176b f i PointCardRW.obj
 0001:00000775       ?Release@?$CComObject@VCOPOSPointCardRW@@@ATL@@WHI@AGKXZ 10001775 f i PointCardRW.obj
 0001:0000077f       ?QueryInterface@?$CComObject@VCOPOSPointCardRW@@@ATL@@WHM@AGJABU_GUID@@PAPAX@Z 1000177f f i PointCardRW.obj
 0001:00000789       ?AddRef@?$CComObject@VCOPOSPointCardRW@@@ATL@@WHM@AGKXZ 10001789 f i PointCardRW.obj
 0001:00000793       ?Release@?$CComObject@VCOPOSPointCardRW@@@ATL@@WHM@AGKXZ 10001793 f i PointCardRW.obj
 0001:0000079d       ?QueryInterface@?$CComObject@VCOPOSPointCardRW@@@ATL@@WIA@AGJABU_GUID@@PAPAX@Z 1000179d f i PointCardRW.obj
 0001:000007aa       ?AddRef@?$CComObject@VCOPOSPointCardRW@@@ATL@@WIA@AGKXZ 100017aa f i PointCardRW.obj
 0001:000007b7       ?Release@?$CComObject@VCOPOSPointCardRW@@@ATL@@WIA@AGKXZ 100017b7 f i PointCardRW.obj
 0001:000007c4       ?QueryInterface@?$CComObject@VCOPOSPointCardRW@@@ATL@@WIE@AGJABU_GUID@@PAPAX@Z 100017c4 f i PointCardRW.obj
 0001:000007d1       ?AddRef@?$CComObject@VCOPOSPointCardRW@@@ATL@@WIE@AGKXZ 100017d1 f i PointCardRW.obj
 0001:000007de       ?Release@?$CComObject@VCOPOSPointCardRW@@@ATL@@WIE@AGKXZ 100017de f i PointCardRW.obj
 0001:000007eb       ?QueryInterface@?$CComObject@VCOPOSPointCardRW@@@ATL@@WII@AGJABU_GUID@@PAPAX@Z 100017eb f i PointCardRW.obj
 0001:000007f8       ?AddRef@?$CComObject@VCOPOSPointCardRW@@@ATL@@WII@AGKXZ 100017f8 f i PointCardRW.obj
 0001:00000805       ?Release@?$CComObject@VCOPOSPointCardRW@@@ATL@@WII@AGKXZ 10001805 f i PointCardRW.obj
 0001:00000812       ?QueryInterface@?$CComObject@VCOPOSPointCardRW@@@ATL@@WIM@AGJABU_GUID@@PAPAX@Z 10001812 f i PointCardRW.obj
 0001:0000081f       ?AddRef@?$CComObject@VCOPOSPointCardRW@@@ATL@@WIM@AGKXZ 1000181f f i PointCardRW.obj
 0001:0000082c       ?Release@?$CComObject@VCOPOSPointCardRW@@@ATL@@WIM@AGKXZ 1000182c f i PointCardRW.obj
 0001:00000839       ?QueryInterface@?$CComObject@VCOPOSPointCardRW@@@ATL@@WJA@AGJABU_GUID@@PAPAX@Z 10001839 f i PointCardRW.obj
 0001:00000846       ?AddRef@?$CComObject@VCOPOSPointCardRW@@@ATL@@WJA@AGKXZ 10001846 f i PointCardRW.obj
 0001:00000853       ?Release@?$CComObject@VCOPOSPointCardRW@@@ATL@@WJA@AGKXZ 10001853 f i PointCardRW.obj
 0001:00000860       ?QueryInterface@?$CComObject@VCOPOSPointCardRW@@@ATL@@WJE@AGJABU_GUID@@PAPAX@Z 10001860 f i PointCardRW.obj
 0001:0000086d       ?AddRef@?$CComObject@VCOPOSPointCardRW@@@ATL@@WJE@AGKXZ 1000186d f i PointCardRW.obj
 0001:0000087a       ?Release@?$CComObject@VCOPOSPointCardRW@@@ATL@@WJE@AGKXZ 1000187a f i PointCardRW.obj
 0001:00000887       ?QueryInterface@?$CComObject@VCOPOSPointCardRW@@@ATL@@WJI@AGJABU_GUID@@PAPAX@Z 10001887 f i PointCardRW.obj
 0001:00000894       ?AddRef@?$CComObject@VCOPOSPointCardRW@@@ATL@@WJI@AGKXZ 10001894 f i PointCardRW.obj
 0001:000008a1       ?Release@?$CComObject@VCOPOSPointCardRW@@@ATL@@WJI@AGKXZ 100018a1 f i PointCardRW.obj
 0001:000008ae       ?QueryInterface@?$CComObject@VCOPOSPointCardRW@@@ATL@@WJM@AGJABU_GUID@@PAPAX@Z 100018ae f i PointCardRW.obj
 0001:000008bb       ?AddRef@?$CComObject@VCOPOSPointCardRW@@@ATL@@WJM@AGKXZ 100018bb f i PointCardRW.obj
 0001:000008c8       ?Release@?$CComObject@VCOPOSPointCardRW@@@ATL@@WJM@AGKXZ 100018c8 f i PointCardRW.obj
 0001:000008d5       ?QueryInterface@?$CComObject@VCOPOSPointCardRW@@@ATL@@WKA@AGJABU_GUID@@PAPAX@Z 100018d5 f i PointCardRW.obj
 0001:000008e2       ?AddRef@?$CComObject@VCOPOSPointCardRW@@@ATL@@WKA@AGKXZ 100018e2 f i PointCardRW.obj
 0001:000008ef       ?Release@?$CComObject@VCOPOSPointCardRW@@@ATL@@WKA@AGKXZ 100018ef f i PointCardRW.obj
 0001:000008fc       ?AddRef@?$CComObject@VCOPOSPointCardRW@@@ATL@@WKI@AGKXZ 100018fc f i PointCardRW.obj
 0001:00000909       ?Release@?$CComObject@VCOPOSPointCardRW@@@ATL@@WKI@AGKXZ 10001909 f i PointCardRW.obj
 0001:00000916       ?AddRef@?$CComObject@VCOPOSPointCardRW@@@ATL@@WLE@AGKXZ 10001916 f i PointCardRW.obj
 0001:00000923       ?Release@?$CComObject@VCOPOSPointCardRW@@@ATL@@WLE@AGKXZ 10001923 f i PointCardRW.obj
 0001:00000930       ??_E?$CComContainedObject@VCOPOSPointCardRW@@@ATL@@W3AEPAXI@Z 10001930 f i PointCardRW.obj
 0001:00000938       ??_E?$CComContainedObject@VCOPOSPointCardRW@@@ATL@@WEM@AEPAXI@Z 10001938 f i PointCardRW.obj
 0001:00000940       ?QueryInterface@?$CComContainedObject@VCOPOSPointCardRW@@@ATL@@WHA@AGJABU_GUID@@PAPAX@Z 10001940 f i PointCardRW.obj
 0001:0000094a       ?AddRef@?$CComContainedObject@VCOPOSPointCardRW@@@ATL@@WHA@AGKXZ 1000194a f i PointCardRW.obj
 0001:00000954       ?Release@?$CComContainedObject@VCOPOSPointCardRW@@@ATL@@WHA@AGKXZ 10001954 f i PointCardRW.obj
 0001:0000095e       ?QueryInterface@?$CComContainedObject@VCOPOSPointCardRW@@@ATL@@WHE@AGJABU_GUID@@PAPAX@Z 1000195e f i PointCardRW.obj
 0001:00000968       ?AddRef@?$CComContainedObject@VCOPOSPointCardRW@@@ATL@@WHE@AGKXZ 10001968 f i PointCardRW.obj
 0001:00000972       ?Release@?$CComContainedObject@VCOPOSPointCardRW@@@ATL@@WHE@AGKXZ 10001972 f i PointCardRW.obj
 0001:0000097c       ?QueryInterface@?$CComContainedObject@VCOPOSPointCardRW@@@ATL@@WHI@AGJABU_GUID@@PAPAX@Z 1000197c f i PointCardRW.obj
 0001:00000986       ?AddRef@?$CComContainedObject@VCOPOSPointCardRW@@@ATL@@WHI@AGKXZ 10001986 f i PointCardRW.obj
 0001:00000990       ?Release@?$CComContainedObject@VCOPOSPointCardRW@@@ATL@@WHI@AGKXZ 10001990 f i PointCardRW.obj
 0001:0000099a       ?QueryInterface@?$CComContainedObject@VCOPOSPointCardRW@@@ATL@@WHM@AGJABU_GUID@@PAPAX@Z 1000199a f i PointCardRW.obj
 0001:000009a4       ?AddRef@?$CComContainedObject@VCOPOSPointCardRW@@@ATL@@WHM@AGKXZ 100019a4 f i PointCardRW.obj
 0001:000009ae       ?Release@?$CComContainedObject@VCOPOSPointCardRW@@@ATL@@WHM@AGKXZ 100019ae f i PointCardRW.obj
 0001:000009b8       ?QueryInterface@?$CComContainedObject@VCOPOSPointCardRW@@@ATL@@WIA@AGJABU_GUID@@PAPAX@Z 100019b8 f i PointCardRW.obj
 0001:000009c5       ?AddRef@?$CComContainedObject@VCOPOSPointCardRW@@@ATL@@WIA@AGKXZ 100019c5 f i PointCardRW.obj
 0001:000009d2       ?Release@?$CComContainedObject@VCOPOSPointCardRW@@@ATL@@WIA@AGKXZ 100019d2 f i PointCardRW.obj
 0001:000009df       ?QueryInterface@?$CComContainedObject@VCOPOSPointCardRW@@@ATL@@WIE@AGJABU_GUID@@PAPAX@Z 100019df f i PointCardRW.obj
 0001:000009ec       ?AddRef@?$CComContainedObject@VCOPOSPointCardRW@@@ATL@@WIE@AGKXZ 100019ec f i PointCardRW.obj
 0001:000009f9       ?Release@?$CComContainedObject@VCOPOSPointCardRW@@@ATL@@WIE@AGKXZ 100019f9 f i PointCardRW.obj
 0001:00000a06       ?QueryInterface@?$CComContainedObject@VCOPOSPointCardRW@@@ATL@@WII@AGJABU_GUID@@PAPAX@Z 10001a06 f i PointCardRW.obj
 0001:00000a13       ?AddRef@?$CComContainedObject@VCOPOSPointCardRW@@@ATL@@WII@AGKXZ 10001a13 f i PointCardRW.obj
 0001:00000a20       ?Release@?$CComContainedObject@VCOPOSPointCardRW@@@ATL@@WII@AGKXZ 10001a20 f i PointCardRW.obj
 0001:00000a2d       ?QueryInterface@?$CComContainedObject@VCOPOSPointCardRW@@@ATL@@WIM@AGJABU_GUID@@PAPAX@Z 10001a2d f i PointCardRW.obj
 0001:00000a3a       ?AddRef@?$CComContainedObject@VCOPOSPointCardRW@@@ATL@@WIM@AGKXZ 10001a3a f i PointCardRW.obj
 0001:00000a47       ?Release@?$CComContainedObject@VCOPOSPointCardRW@@@ATL@@WIM@AGKXZ 10001a47 f i PointCardRW.obj
 0001:00000a54       ?QueryInterface@?$CComContainedObject@VCOPOSPointCardRW@@@ATL@@WJA@AGJABU_GUID@@PAPAX@Z 10001a54 f i PointCardRW.obj
 0001:00000a61       ?AddRef@?$CComContainedObject@VCOPOSPointCardRW@@@ATL@@WJA@AGKXZ 10001a61 f i PointCardRW.obj
 0001:00000a6e       ?Release@?$CComContainedObject@VCOPOSPointCardRW@@@ATL@@WJA@AGKXZ 10001a6e f i PointCardRW.obj
 0001:00000a7b       ?QueryInterface@?$CComContainedObject@VCOPOSPointCardRW@@@ATL@@WJE@AGJABU_GUID@@PAPAX@Z 10001a7b f i PointCardRW.obj
 0001:00000a88       ?AddRef@?$CComContainedObject@VCOPOSPointCardRW@@@ATL@@WJE@AGKXZ 10001a88 f i PointCardRW.obj
 0001:00000a95       ?Release@?$CComContainedObject@VCOPOSPointCardRW@@@ATL@@WJE@AGKXZ 10001a95 f i PointCardRW.obj
 0001:00000aa2       ?QueryInterface@?$CComContainedObject@VCOPOSPointCardRW@@@ATL@@WJI@AGJABU_GUID@@PAPAX@Z 10001aa2 f i PointCardRW.obj
 0001:00000aaf       ?AddRef@?$CComContainedObject@VCOPOSPointCardRW@@@ATL@@WJI@AGKXZ 10001aaf f i PointCardRW.obj
 0001:00000abc       ?Release@?$CComContainedObject@VCOPOSPointCardRW@@@ATL@@WJI@AGKXZ 10001abc f i PointCardRW.obj
 0001:00000ac9       ?QueryInterface@?$CComContainedObject@VCOPOSPointCardRW@@@ATL@@WJM@AGJABU_GUID@@PAPAX@Z 10001ac9 f i PointCardRW.obj
 0001:00000ad6       ?AddRef@?$CComContainedObject@VCOPOSPointCardRW@@@ATL@@WJM@AGKXZ 10001ad6 f i PointCardRW.obj
 0001:00000ae3       ?Release@?$CComContainedObject@VCOPOSPointCardRW@@@ATL@@WJM@AGKXZ 10001ae3 f i PointCardRW.obj
 0001:00000af0       ?QueryInterface@?$CComContainedObject@VCOPOSPointCardRW@@@ATL@@WKA@AGJABU_GUID@@PAPAX@Z 10001af0 f i PointCardRW.obj
 0001:00000afd       ?AddRef@?$CComContainedObject@VCOPOSPointCardRW@@@ATL@@WKA@AGKXZ 10001afd f i PointCardRW.obj
 0001:00000b0a       ?Release@?$CComContainedObject@VCOPOSPointCardRW@@@ATL@@WKA@AGKXZ 10001b0a f i PointCardRW.obj
 0001:00000b17       ?AddRef@?$CComContainedObject@VCOPOSPointCardRW@@@ATL@@WKI@AGKXZ 10001b17 f i PointCardRW.obj
 0001:00000b24       ?Release@?$CComContainedObject@VCOPOSPointCardRW@@@ATL@@WKI@AGKXZ 10001b24 f i PointCardRW.obj
 0001:00000b31       ?AddRef@?$CComContainedObject@VCOPOSPointCardRW@@@ATL@@WLE@AGKXZ 10001b31 f i PointCardRW.obj
 0001:00000b3e       ?Release@?$CComContainedObject@VCOPOSPointCardRW@@@ATL@@WLE@AGKXZ 10001b3e f i PointCardRW.obj
 0001:00000b4b       ?GetWindowProc@?$CWindowImplBaseT@VCWindow@ATL@@V?$CWinTraits@$0FGAAAAAA@$0A@@2@@ATL@@UAEP6GJPAUHWND__@@IIJ@ZXZ 10001b4b f i PointCardRW.obj
 0001:00000b51       ?StartWindowProc@?$CWindowImplBaseT@VCWindow@ATL@@V?$CWinTraits@$0FGAAAAAA@$0A@@2@@ATL@@SGJPAUHWND__@@IIJ@Z 10001b51 f i PointCardRW.obj
 0001:00000ba5       ?ObjectMain@CComObjectRootBase@ATL@@SGX_N@Z 10001ba5 f i PointCardRW.obj
 0001:00000ba5       ?OnFinalMessage@?$CWindowImplBaseT@VCWindow@ATL@@V?$CWinTraits@$0FGAAAAAA@$0A@@2@@ATL@@UAEXPAUHWND__@@@Z 10001ba5 f i PointCardRW.obj
 0001:00000ba8       ?GetTypeInfoCount@?$IDispatchImpl@UIOPOSPointCardRW@@$1?IID_IOPOSPointCardRW@@3U_GUID@@B$1?LIBID_OposPointCardRW_CCO@@3U3@B$00$0A@VCComTypeInfoHolder@ATL@@@ATL@@UAGJPAI@Z 10001ba8 f i PointCardRW.obj
 0001:00000bc5       ?GetTypeInfo@?$IDispatchImpl@UIOPOSPointCardRW@@$1?IID_IOPOSPointCardRW@@3U_GUID@@B$1?LIBID_OposPointCardRW_CCO@@3U3@B$00$0A@VCComTypeInfoHolder@ATL@@@ATL@@UAGJIKPAPAUITypeInfo@@@Z 10001bc5 f i PointCardRW.obj
 0001:00000be9       ?GetIDsOfNames@?$IDispatchImpl@UIOPOSPointCardRW@@$1?IID_IOPOSPointCardRW@@3U_GUID@@B$1?LIBID_OposPointCardRW_CCO@@3U3@B$00$0A@VCComTypeInfoHolder@ATL@@@ATL@@UAGJABU_GUID@@PAPA_WIKPAJ@Z 10001be9 f i PointCardRW.obj
 0001:00000c09       ?Invoke@?$IDispatchImpl@UIOPOSPointCardRW@@$1?IID_IOPOSPointCardRW@@3U_GUID@@B$1?LIBID_OposPointCardRW_CCO@@3U3@B$00$0A@VCComTypeInfoHolder@ATL@@@ATL@@UAGJJABU_GUID@@KGPAUtagDISPPARAMS@@PAUtagVARIANT@@PAUtagEXCEPINFO@@PAI@Z 10001c09 f i PointCardRW.obj
 0001:00000c17       ?CreateControlWindow@?$CComControl@VCOPOSPointCardRW@@V?$CWindowImpl@VCOPOSPointCardRW@@VCWindow@ATL@@V?$CWinTraits@$0FGAAAAAA@$0A@@3@@ATL@@@ATL@@UAEPAUHWND__@@PAU3@AAUtagRECT@@@Z 10001c17 f i PointCardRW.obj
 0001:00000c46       ?ControlQueryInterface@?$CComControl@VCOPOSPointCardRW@@V?$CWindowImpl@VCOPOSPointCardRW@@VCWindow@ATL@@V?$CWinTraits@$0FGAAAAAA@$0A@@3@@ATL@@@ATL@@UAEJABU_GUID@@PAPAX@Z 10001c46 f i PointCardRW.obj
 0001:00000c61       ?GetClassID@?$IPersistStorageImpl@VCOPOSPointCardRW@@@ATL@@UAGJPAU_GUID@@@Z 10001c61 f i PointCardRW.obj
 0001:00000c61       ?GetUserClassID@?$IOleObjectImpl@VCOPOSPointCardRW@@@ATL@@UAGJPAU_GUID@@@Z 10001c61 f i PointCardRW.obj
 0001:00000c61       ?GetClassID@?$IPersistStreamInitImpl@VCOPOSPointCardRW@@@ATL@@UAGJPAU_GUID@@@Z 10001c61 f i PointCardRW.obj
 0001:00000c85       ?IsDirty@?$IPersistStreamInitImpl@VCOPOSPointCardRW@@@ATL@@UAGJXZ 10001c85 f i PointCardRW.obj
 0001:00000ca4       ?Load@?$IPersistStreamInitImpl@VCOPOSPointCardRW@@@ATL@@UAGJPAUIStream@@@Z 10001ca4 f i PointCardRW.obj
 0001:00000cc3       ?Save@?$IPersistStreamInitImpl@VCOPOSPointCardRW@@@ATL@@UAGJPAUIStream@@H@Z 10001cc3 f i PointCardRW.obj
 0001:00000ce5       ?GetSizeMax@?$IPersistStreamInitImpl@VCOPOSPointCardRW@@@ATL@@UAGJPAT_ULARGE_INTEGER@@@Z 10001ce5 f i PointCardRW.obj
 0001:00000ec4       ?InitNew@?$IPersistStreamInitImpl@VCOPOSPointCardRW@@@ATL@@UAGJXZ 10001ec4 f i PointCardRW.obj
 0001:00000ee1       ?GetDropTarget@?$IOleInPlaceObjectWindowlessImpl@VCOPOSPointCardRW@@@ATL@@UAGJPAPAUIDropTarget@@@Z 10001ee1 f i PointCardRW.obj
 0001:00000ee1       ?OnMnemonic@?$IOleControlImpl@VCOPOSPointCardRW@@@ATL@@UAGJPAUtagMSG@@@Z 10001ee1 f i PointCardRW.obj
 0001:00000ee1       ?SetColorScheme@?$IOleObjectImpl@VCOPOSPointCardRW@@@ATL@@UAGJPAUtagLOGPALETTE@@@Z 10001ee1 f i PointCardRW.obj
 0001:00000ee1       ?Unfreeze@?$IViewObjectExImpl@VCOPOSPointCardRW@@@ATL@@UAGJK@Z 10001ee1 f i PointCardRW.obj
 0001:00000ee1       ?ContextSensitiveHelp@?$IOleInPlaceActiveObjectImpl@VCOPOSPointCardRW@@@ATL@@UAGJH@Z 10001ee1 f i PointCardRW.obj
 0001:00000ee1       ?GetControlInfo@?$IOleControlImpl@VCOPOSPointCardRW@@@ATL@@UAGJPAUtagCONTROLINFO@@@Z 10001ee1 f i PointCardRW.obj
 0001:00000ee1       ?QueryGetData@?$IDataObjectImpl@VCOPOSPointCardRW@@@ATL@@UAGJPAUtagFORMATETC@@@Z 10001ee1 f i PointCardRW.obj
 0001:00000ee1       ?ContextSensitiveHelp@?$IOleInPlaceObjectWindowlessImpl@VCOPOSPointCardRW@@@ATL@@UAGJH@Z 10001ee1 f i PointCardRW.obj
 0001:00000ee9       ?OnAmbientPropertyChange@?$IOleControlImpl@VCOPOSPointCardRW@@@ATL@@UAGJJ@Z 10001ee9 f i PointCardRW.obj
 0001:00000ee9       ?EnableModeless@?$IOleInPlaceActiveObjectImpl@VCOPOSPointCardRW@@@ATL@@UAGJH@Z 10001ee9 f i PointCardRW.obj
 0001:00000ee9       ?SaveCompleted@?$IPersistStorageImpl@VCOPOSPointCardRW@@@ATL@@UAGJPAUIStorage@@@Z 10001ee9 f i PointCardRW.obj
 0001:00000ee9       ?OnFrameWindowActivate@?$IOleInPlaceActiveObjectImpl@VCOPOSPointCardRW@@@ATL@@UAGJH@Z 10001ee9 f i PointCardRW.obj
 0001:00000eee       ?SetClientSite@?$IOleObjectImpl@VCOPOSPointCardRW@@@ATL@@UAGJPAUIOleClientSite@@@Z 10001eee f i PointCardRW.obj
 0001:00000f0b       ?GetClientSite@?$IOleObjectImpl@VCOPOSPointCardRW@@@ATL@@UAGJPAPAUIOleClientSite@@@Z 10001f0b f i PointCardRW.obj
 0001:00000f28       ?SetHostNames@?$IOleObjectImpl@VCOPOSPointCardRW@@@ATL@@UAGJPB_W0@Z 10001f28 f i PointCardRW.obj
 0001:00000f2d       ?Close@?$IOleObjectImpl@VCOPOSPointCardRW@@@ATL@@UAGJK@Z 10001f2d f i PointCardRW.obj
 0001:00000f4a       ?EnumFormatEtc@?$IDataObjectImpl@VCOPOSPointCardRW@@@ATL@@UAGJKPAPAUIEnumFORMATETC@@@Z 10001f4a f i PointCardRW.obj
 0001:00000f4a       ?GetRect@?$IViewObjectExImpl@VCOPOSPointCardRW@@@ATL@@UAGJKPAU_RECTL@@@Z 10001f4a f i PointCardRW.obj
 0001:00000f4a       ?QueryInterface@CRegObject@ATL@@UAGJABU_GUID@@PAPAX@Z 10001f4a f i PointCardRW.obj
 0001:00000f4a       ?SetMoniker@?$IOleObjectImpl@VCOPOSPointCardRW@@@ATL@@UAGJKPAUIMoniker@@@Z 10001f4a f i PointCardRW.obj
 0001:00000f4a       ?GetDataHere@?$IDataObjectImpl@VCOPOSPointCardRW@@@ATL@@UAGJPAUtagFORMATETC@@PAUtagSTGMEDIUM@@@Z 10001f4a f i PointCardRW.obj
 0001:00000f4a       ?GetCanonicalFormatEtc@?$IDataObjectImpl@VCOPOSPointCardRW@@@ATL@@UAGJPAUtagFORMATETC@@0@Z 10001f4a f i PointCardRW.obj
 0001:00000f4a       ?GetClipboardData@?$IOleObjectImpl@VCOPOSPointCardRW@@@ATL@@UAGJKPAPAUIDataObject@@@Z 10001f4a f i PointCardRW.obj
 0001:00000f52       ?InitFromData@?$IOleObjectImpl@VCOPOSPointCardRW@@@ATL@@UAGJPAUIDataObject@@HK@Z 10001f52 f i PointCardRW.obj
 0001:00000f52       ?GetMoniker@?$IOleObjectImpl@VCOPOSPointCardRW@@@ATL@@UAGJKKPAPAUIMoniker@@@Z 10001f52 f i PointCardRW.obj
 0001:00000f52       ?SetData@?$IDataObjectImpl@VCOPOSPointCardRW@@@ATL@@UAGJPAUtagFORMATETC@@PAUtagSTGMEDIUM@@H@Z 10001f52 f i PointCardRW.obj
 0001:00000f5a       ?DoVerb@?$IOleObjectImpl@VCOPOSPointCardRW@@@ATL@@UAGJJPAUtagMSG@@PAUIOleClientSite@@JPAUHWND__@@PBUtagRECT@@@Z 10001f5a f i PointCardRW.obj
 0001:0000104e       ?EnumVerbs@?$IOleObjectImpl@VCOPOSPointCardRW@@@ATL@@UAGJPAPAUIEnumOLEVERB@@@Z 1000204e f i PointCardRW.obj
 0001:00001070       ?HandsOffStorage@?$IPersistStorageImpl@VCOPOSPointCardRW@@@ATL@@UAGJXZ 10002070 f i PointCardRW.obj
 0001:00001070       ?IsUpToDate@?$IOleObjectImpl@VCOPOSPointCardRW@@@ATL@@UAGJXZ 10002070 f i PointCardRW.obj
 0001:00001070       ?Update@?$IOleObjectImpl@VCOPOSPointCardRW@@@ATL@@UAGJXZ 10002070 f i PointCardRW.obj
 0001:00001070       ?Release@CRegObject@ATL@@UAGKXZ 10002070 f i PointCardRW.obj
 0001:00001075       ?GetUserType@?$IOleObjectImpl@VCOPOSPointCardRW@@@ATL@@UAGJKPAPA_W@Z 10002075 f i PointCardRW.obj
 0001:0000108d       ?SetExtent@?$IOleObjectImpl@VCOPOSPointCardRW@@@ATL@@UAGJKPAUtagSIZE@@@Z 1000208d f i PointCardRW.obj
 0001:000010ad       ?GetExtent@?$IOleObjectImpl@VCOPOSPointCardRW@@@ATL@@UAGJKPAUtagSIZE@@@Z 100020ad f i PointCardRW.obj
 0001:000010eb       ?Advise@?$IOleObjectImpl@VCOPOSPointCardRW@@@ATL@@UAGJPAUIAdviseSink@@PAK@Z 100020eb f i PointCardRW.obj
 0001:0000110b       ?Unadvise@?$IOleObjectImpl@VCOPOSPointCardRW@@@ATL@@UAGJK@Z 1000210b f i PointCardRW.obj
 0001:0000113a       ?EnumAdvise@?$IOleObjectImpl@VCOPOSPointCardRW@@@ATL@@UAGJPAPAUIEnumSTATDATA@@@Z 1000213a f i PointCardRW.obj
 0001:0000117a       ?GetMiscStatus@?$IOleObjectImpl@VCOPOSPointCardRW@@@ATL@@UAGJKPAK@Z 1000217a f i PointCardRW.obj
 0001:00001192       ?GetWindow@?$IOleInPlaceActiveObjectImpl@VCOPOSPointCardRW@@@ATL@@UAGJPAPAUHWND__@@@Z 10002192 f i PointCardRW.obj
 0001:000011df       ?TranslateAcceleratorW@?$IOleInPlaceActiveObjectImpl@VCOPOSPointCardRW@@@ATL@@UAGJPAUtagMSG@@@Z 100021df f i PointCardRW.obj
 0001:0000128d       ?OnDocWindowActivate@?$IOleInPlaceActiveObjectImpl@VCOPOSPointCardRW@@@ATL@@UAGJH@Z 1000228d f i PointCardRW.obj
 0001:000012af       ?ResizeBorder@?$IOleInPlaceActiveObjectImpl@VCOPOSPointCardRW@@@ATL@@UAGJPBUtagRECT@@PAUIOleInPlaceUIWindow@@H@Z 100022af f i PointCardRW.obj
 0001:000012b4       ?Draw@?$IViewObjectExImpl@VCOPOSPointCardRW@@@ATL@@UAGJKJPAXPAUtagDVTARGETDEVICE@@PAUHDC__@@2PBU_RECTL@@3P6GHK@ZK@Z 100022b4 f i PointCardRW.obj
 0001:000012e6       ?GetColorSet@?$IViewObjectExImpl@VCOPOSPointCardRW@@@ATL@@UAGJKJPAXPAUtagDVTARGETDEVICE@@PAUHDC__@@PAPAUtagLOGPALETTE@@@Z 100022e6 f i PointCardRW.obj
 0001:000012ee       ?Freeze@?$IViewObjectExImpl@VCOPOSPointCardRW@@@ATL@@UAGJKJPAXPAK@Z 100022ee f i PointCardRW.obj
 0001:000012f6       ?SetAdvise@?$IViewObjectExImpl@VCOPOSPointCardRW@@@ATL@@UAGJKKPAUIAdviseSink@@@Z 100022f6 f i PointCardRW.obj
 0001:00001315       ?GetAdvise@?$IViewObjectExImpl@VCOPOSPointCardRW@@@ATL@@UAGJPAK0PAPAUIAdviseSink@@@Z 10002315 f i PointCardRW.obj
 0001:0000134a       ?GetExtent@?$IViewObjectExImpl@VCOPOSPointCardRW@@@ATL@@UAGJKJPAUtagDVTARGETDEVICE@@PAUtagSIZE@@@Z 1000234a f i PointCardRW.obj
 0001:0000137b       ?GetViewStatus@?$IViewObjectExImpl@VCOPOSPointCardRW@@@ATL@@UAGJPAK@Z 1000237b f i PointCardRW.obj
 0001:00001398       ?QueryHitPoint@?$IViewObjectExImpl@VCOPOSPointCardRW@@@ATL@@UAGJKPBUtagRECT@@UtagPOINT@@JPAK@Z 10002398 f i PointCardRW.obj
 0001:000013d9       ?QueryHitRect@?$IViewObjectExImpl@VCOPOSPointCardRW@@@ATL@@UAGJKPBUtagRECT@@0JPAK@Z 100023d9 f i PointCardRW.obj
 0001:00001434       ?GetNaturalExtent@?$IViewObjectExImpl@VCOPOSPointCardRW@@@ATL@@UAGJKJPAUtagDVTARGETDEVICE@@PAUHDC__@@PAUtagExtentInfo@@PAUtagSIZE@@@Z 10002434 f i PointCardRW.obj
 0001:0000147f       ?GetWindow@?$IOleInPlaceObjectWindowlessImpl@VCOPOSPointCardRW@@@ATL@@UAGJPAPAUHWND__@@@Z 1000247f f i PointCardRW.obj
 0001:000014cc       ?InPlaceDeactivate@?$IOleInPlaceObjectWindowlessImpl@VCOPOSPointCardRW@@@ATL@@UAGJXZ 100024cc f i PointCardRW.obj
 0001:000014e6       ?UIDeactivate@?$IOleInPlaceObjectWindowlessImpl@VCOPOSPointCardRW@@@ATL@@UAGJXZ 100024e6 f i PointCardRW.obj
 0001:00001500       ?SetObjectRects@?$IOleInPlaceObjectWindowlessImpl@VCOPOSPointCardRW@@@ATL@@UAGJPBUtagRECT@@0@Z 10002500 f i PointCardRW.obj
 0001:00001520       ?ReactivateAndUndo@?$IOleInPlaceObjectWindowlessImpl@VCOPOSPointCardRW@@@ATL@@UAGJXZ 10002520 f i PointCardRW.obj
 0001:00001528       ?OnWindowMessage@?$IOleInPlaceObjectWindowlessImpl@VCOPOSPointCardRW@@@ATL@@UAGJIIJPAJ@Z 10002528 f i PointCardRW.obj
 0001:00001598       ?EnumConnectionPoints@?$IConnectionPointContainerImpl@VCOPOSPointCardRW@@@ATL@@UAGJPAPAUIEnumConnectionPoints@@@Z 10002598 f i PointCardRW.obj
 0001:00001724       ?FindConnectionPoint@?$IConnectionPointContainerImpl@VCOPOSPointCardRW@@@ATL@@UAGJABU_GUID@@PAPAUIConnectionPoint@@@Z 10002724 f i PointCardRW.obj
 0001:000017c7       ?IsDirty@?$IPersistStorageImpl@VCOPOSPointCardRW@@@ATL@@UAGJXZ 100027c7 f i PointCardRW.obj
 0001:000017f7       ?InitNew@?$IPersistStorageImpl@VCOPOSPointCardRW@@@ATL@@UAGJPAUIStorage@@@Z 100027f7 f i PointCardRW.obj
 0001:00001827       ?Load@?$IPersistStorageImpl@VCOPOSPointCardRW@@@ATL@@UAGJPAUIStorage@@@Z 10002827 f i PointCardRW.obj
 0001:00001893       ?Save@?$IPersistStorageImpl@VCOPOSPointCardRW@@@ATL@@UAGJPAUIStorage@@H@Z 10002893 f i PointCardRW.obj
 0001:00001906       ?GetPages@?$ISpecifyPropertyPagesImpl@VCOPOSPointCardRW@@@ATL@@UAGJPAUtagCAUUID@@@Z 10002906 f i PointCardRW.obj
 0001:0000191d       ?QuickActivate@?$IQuickActivateImpl@VCOPOSPointCardRW@@@ATL@@UAGJPAUtagQACONTAINER@@PAUtagQACONTROL@@@Z 1000291d f i PointCardRW.obj
 0001:00001940       ?SetContentExtent@?$IQuickActivateImpl@VCOPOSPointCardRW@@@ATL@@UAGJPAUtagSIZE@@@Z 10002940 f i PointCardRW.obj
 0001:0000196c       ?GetContentExtent@?$IQuickActivateImpl@VCOPOSPointCardRW@@@ATL@@UAGJPAUtagSIZE@@@Z 1000296c f i PointCardRW.obj
 0001:000019a6       ?GetData@?$IDataObjectImpl@VCOPOSPointCardRW@@@ATL@@UAGJPAUtagFORMATETC@@PAUtagSTGMEDIUM@@@Z 100029a6 f i PointCardRW.obj
 0001:000019c9       ?DAdvise@?$IDataObjectImpl@VCOPOSPointCardRW@@@ATL@@UAGJPAUtagFORMATETC@@KPAUIAdviseSink@@PAK@Z 100029c9 f i PointCardRW.obj
 0001:00001a0a       ?DUnadvise@?$IDataObjectImpl@VCOPOSPointCardRW@@@ATL@@UAGJK@Z 10002a0a f i PointCardRW.obj
 0001:00001a38       ?EnumDAdvise@?$IDataObjectImpl@VCOPOSPointCardRW@@@ATL@@UAGJPAPAUIEnumSTATDATA@@@Z 10002a38 f i PointCardRW.obj
 0001:00001a77       ?GetClassInfoW@?$IProvideClassInfo2Impl@$1?CLSID_OPOSPointCardRW@@3U_GUID@@B$1?DIID__IOPOSPointCardRWEvents@@3U2@B$1?LIBID_OposPointCardRW_CCO@@3U2@B$00$0A@VCComTypeInfoHolder@ATL@@@ATL@@UAGJPAPAUITypeInfo@@@Z 10002a77 f i PointCardRW.obj
 0001:00001a8d       ?GetGUID@?$IProvideClassInfo2Impl@$1?CLSID_OPOSPointCardRW@@3U_GUID@@B$1?DIID__IOPOSPointCardRWEvents@@3U2@B$1?LIBID_OposPointCardRW_CCO@@3U2@B$00$0A@VCComTypeInfoHolder@ATL@@@ATL@@UAGJKPAU_GUID@@@Z 10002a8d f i PointCardRW.obj
 0001:00001acb       __get_startup_argv_mode    10002acb f i LIBCMT:argv_mode.obj
 0001:00001acb       ?FAccessAllowed@?$IObjectSafetyImpl@VCOPOSPointCardRW@@$02@ATL@@MAEHXZ 10002acb f i PointCardRW.obj
 0001:00001acf       ?GetInterfaceSafetyOptions@?$IObjectSafetyImpl@VCOPOSPointCardRW@@$02@ATL@@UAGJABU_GUID@@PAK1@Z 10002acf f i PointCardRW.obj
 0001:00001b43       ?SetInterfaceSafetyOptions@?$IObjectSafetyImpl@VCOPOSPointCardRW@@$02@ATL@@UAGJABU_GUID@@KK@Z 10002b43 f i PointCardRW.obj
 0001:00001bbd       ?_LocCPQueryInterface@?$IConnectionPointImpl@VCOPOSPointCardRW@@$1?IID_IPropertyNotifySink@@3U_GUID@@BVCComDynamicUnkArray@ATL@@@ATL@@UAGJABU_GUID@@PAPAX@Z 10002bbd f i PointCardRW.obj
 0001:00001bbd       ?_LocCPQueryInterface@?$IConnectionPointImpl@VCOPOSPointCardRW@@$1?DIID__IOPOSPointCardRWEvents@@3U_GUID@@BVCComDynamicUnkArray@ATL@@@ATL@@UAGJABU_GUID@@PAPAX@Z 10002bbd f i PointCardRW.obj
 0001:00001c0a       ?GetConnectionInterface@?$IConnectionPointImpl@VCOPOSPointCardRW@@$1?IID_IPropertyNotifySink@@3U_GUID@@BVCComDynamicUnkArray@ATL@@@ATL@@UAGJPAU_GUID@@@Z 10002c0a f i PointCardRW.obj
 0001:00001c2e       ?GetConnectionPointContainer@?$IConnectionPointImpl@VCOPOSPointCardRW@@$1?IID_IPropertyNotifySink@@3U_GUID@@BVCComDynamicUnkArray@ATL@@@ATL@@UAGJPAPAUIConnectionPointContainer@@@Z 10002c2e f i PointCardRW.obj
 0001:00001c51       ?Advise@?$IConnectionPointImpl@VCOPOSPointCardRW@@$1?DIID__IOPOSPointCardRWEvents@@3U_GUID@@BVCComDynamicUnkArray@ATL@@@ATL@@UAGJPAUIUnknown@@PAK@Z 10002c51 f i PointCardRW.obj
 0001:00001c51       ?Advise@?$IConnectionPointImpl@VCOPOSPointCardRW@@$1?IID_IPropertyNotifySink@@3U_GUID@@BVCComDynamicUnkArray@ATL@@@ATL@@UAGJPAUIUnknown@@PAK@Z 10002c51 f i PointCardRW.obj
 0001:00001cf1       ?Unadvise@?$IConnectionPointImpl@VCOPOSPointCardRW@@$1?DIID__IOPOSPointCardRWEvents@@3U_GUID@@BVCComDynamicUnkArray@ATL@@@ATL@@UAGJK@Z 10002cf1 f i PointCardRW.obj
 0001:00001cf1       ?Unadvise@?$IConnectionPointImpl@VCOPOSPointCardRW@@$1?IID_IPropertyNotifySink@@3U_GUID@@BVCComDynamicUnkArray@ATL@@@ATL@@UAGJK@Z 10002cf1 f i PointCardRW.obj
 0001:00001d31       ?EnumConnections@?$IConnectionPointImpl@VCOPOSPointCardRW@@$1?DIID__IOPOSPointCardRWEvents@@3U_GUID@@BVCComDynamicUnkArray@ATL@@@ATL@@UAGJPAPAUIEnumConnections@@@Z 10002d31 f i PointCardRW.obj
 0001:00001d31       ?EnumConnections@?$IConnectionPointImpl@VCOPOSPointCardRW@@$1?IID_IPropertyNotifySink@@3U_GUID@@BVCComDynamicUnkArray@ATL@@@ATL@@UAGJPAPAUIEnumConnections@@@Z 10002d31 f i PointCardRW.obj
 0001:00001e2c       ?GetObjectDescription@?$CComCoClass@VCOPOSPointCardRW@@$1?CLSID_OPOSPointCardRW@@3U_GUID@@B@ATL@@SGPB_WXZ 10002e2c f i PointCardRW.obj
 0001:00001e2c       ?GetCategoryMap@CComObjectRootBase@ATL@@SAPBU_ATL_CATMAP_ENTRY@2@XZ 10002e2c f i PointCardRW.obj
 0001:00001e2f       ?GetConnectionInterface@?$IConnectionPointImpl@VCOPOSPointCardRW@@$1?DIID__IOPOSPointCardRWEvents@@3U_GUID@@BVCComDynamicUnkArray@ATL@@@ATL@@UAGJPAU_GUID@@@Z 10002e2f f i PointCardRW.obj
 0001:00001e53       ?GetConnectionPointContainer@?$IConnectionPointImpl@VCOPOSPointCardRW@@$1?DIID__IOPOSPointCardRWEvents@@3U_GUID@@BVCComDynamicUnkArray@ATL@@@ATL@@UAGJPAPAUIConnectionPointContainer@@@Z 10002e53 f i PointCardRW.obj
 0001:00001e76       ?Lock@CAtlModule@ATL@@UAEJXZ 10002e76 f i PointCardRW.obj
 0001:00001e80       ?Unlock@CAtlModule@ATL@@UAEJXZ 10002e80 f i PointCardRW.obj
 0001:00001e8a       ?GetLockCount@CAtlModule@ATL@@UAEJXZ 10002e8a f i PointCardRW.obj
 0001:00001e8e       ?GetGITPtr@CAtlModule@ATL@@UAEJPAPAUIGlobalInterfaceTable@@@Z 10002e8e f i PointCardRW.obj
 0001:00001eda       ?UpdateRegistry@COPOSPointCardRW@@SGJH@Z 10002eda f i PointCardRW.obj
 0001:00001ef2       ?ProcessWindowMessage@COPOSPointCardRW@@UAEHPAUHWND__@@IIJAAJK@Z 10002ef2 f i PointCardRW.obj
 0001:00001f3b       ?SOData@COPOSPointCardRW@@MAGJJ@Z 10002f3b f i PointCardRW.obj
 0001:00001f74       ?SODirectIO@COPOSPointCardRW@@MAGJJPAJPAPA_W@Z 10002f74 f i PointCardRW.obj
 0001:00001fbd       ?SOError@COPOSPointCardRW@@MAGJJJJPAJ@Z 10002fbd f i PointCardRW.obj
 0001:00002012       ?SOOutputComplete@COPOSPointCardRW@@MAGJJ@Z 10003012 f i PointCardRW.obj
 0001:0000204b       ?SOStatusUpdate@COPOSPointCardRW@@MAGJJ@Z 1000304b f i PointCardRW.obj
 0001:00002084       ?AddCommonRGSReplacements@?$CAtlModuleT@VCComModule@ATL@@@ATL@@UAEJPAUIRegistrarBase@@@Z 10003084 f i PointCardRW.obj
 0001:0000209e       ?UpdateRegistryFromResourceD@CComModule@ATL@@UAGJPB_WHPAU_ATL_REGMAP_ENTRY@2@@Z 1000309e f i PointCardRW.obj
 0001:0000209e       ?UpdateRegistryFromResourceD@CComModule@ATL@@UAGJIHPAU_ATL_REGMAP_ENTRY@2@@Z 1000309e f i PointCardRW.obj
 0001:000020a6       ?UpdateRegistryFromResource@CComModule@ATL@@UAGJPB_WHPAU_ATL_REGMAP_ENTRY@2@@Z 100030a6 f i PointCardRW.obj
 0001:000020af       ?UpdateRegistryFromResource@CComModule@ATL@@UAGJIHPAU_ATL_REGMAP_ENTRY@2@@Z 100030af f i PointCardRW.obj
 0001:000020b8       ??_GCComModule@ATL@@UAEPAXI@Z 100030b8 f i PointCardRW.obj
 0001:000020b8       ??_ECComModule@ATL@@UAEPAXI@Z 100030b8 f i PointCardRW.obj
 0001:000020e0       ?CreateInstance@?$CComCreator@V?$CComObjectCached@VCComClassFactory@ATL@@@ATL@@@ATL@@SGJPAXABU_GUID@@PAPAX@Z 100030e0 f i PointCardRW.obj
 0001:00002180       ?CreateInstance@?$CComCreator2@V?$CComCreator@V?$CComObject@VCOPOSPointCardRW@@@ATL@@@ATL@@V?$CComCreator@V?$CComAggObject@VCOPOSPointCardRW@@@ATL@@@2@@ATL@@SGJPAXABU_GUID@@PAPAX@Z 10003180 f i PointCardRW.obj
 0001:000021a0       ?AddRef@?$CComObjectCached@VCComClassFactory@ATL@@@ATL@@UAGKXZ 100031a0 f i PointCardRW.obj
 0001:000021c7       ?Release@?$CComObjectCached@VCComClassFactory@ATL@@@ATL@@UAGKXZ 100031c7 f i PointCardRW.obj
 0001:000021fd       ?QueryInterface@?$CComObjectCached@VCComClassFactory@ATL@@@ATL@@UAGJABU_GUID@@PAPAX@Z 100031fd f i PointCardRW.obj
 0001:00002217       ??_G?$CComObjectCached@VCComClassFactory@ATL@@@ATL@@UAEPAXI@Z 10003217 f i PointCardRW.obj
 0001:00002217       ??_E?$CComObjectCached@VCComClassFactory@ATL@@@ATL@@UAEPAXI@Z 10003217 f i PointCardRW.obj
 0001:00002239       ?Next@?$CComEnumImpl@UIEnumConnectionPoints@@$1?_GUID_b196b285_bab4_101a_b69c_00aa00341d07@@3U__s_GUID@@BPAUIConnectionPoint@@V?$_CopyInterface@UIConnectionPoint@@@ATL@@@ATL@@UAGJKPAPAUIConnectionPoint@@PAK@Z 10003239 f i PointCardRW.obj
 0001:00002310       ?Skip@?$CComEnumImpl@UIEnumConnectionPoints@@$1?_GUID_b196b285_bab4_101a_b69c_00aa00341d07@@3U__s_GUID@@BPAUIConnectionPoint@@V?$_CopyInterface@UIConnectionPoint@@@ATL@@@ATL@@UAGJK@Z 10003310 f i PointCardRW.obj
 0001:0000233d       ?Reset@?$CComEnumImpl@UIEnumConnectionPoints@@$1?_GUID_b196b285_bab4_101a_b69c_00aa00341d07@@3U__s_GUID@@BPAUIConnectionPoint@@V?$_CopyInterface@UIConnectionPoint@@@ATL@@@ATL@@UAGJXZ 1000333d f i PointCardRW.obj
 0001:0000233d       ?Reset@?$CComEnumImpl@UIEnumConnections@@$1?_GUID_b196b287_bab4_101a_b69c_00aa00341d07@@3U__s_GUID@@BUtagCONNECTDATA@@V?$_Copy@UtagCONNECTDATA@@@ATL@@@ATL@@UAGJXZ 1000333d f i PointCardRW.obj
 0001:0000234f       ?Clone@?$CComEnumImpl@UIEnumConnectionPoints@@$1?_GUID_b196b285_bab4_101a_b69c_00aa00341d07@@3U__s_GUID@@BPAUIConnectionPoint@@V?$_CopyInterface@UIConnectionPoint@@@ATL@@@ATL@@UAGJPAPAUIEnumConnectionPoints@@@Z 1000334f f i PointCardRW.obj
 0001:00002430       ?AddRef@?$CComObject@V?$CComEnum@UIEnumConnectionPoints@@$1?_GUID_b196b285_bab4_101a_b69c_00aa00341d07@@3U__s_GUID@@BPAUIConnectionPoint@@V?$_CopyInterface@UIConnectionPoint@@@ATL@@VCComSingleThreadModel@6@@ATL@@@ATL@@UAGKXZ 10003430 f i PointCardRW.obj
 0001:00002430       ?AddRef@?$CComObject@V?$CComEnum@UIEnumConnections@@$1?_GUID_b196b287_bab4_101a_b69c_00aa00341d07@@3U__s_GUID@@BUtagCONNECTDATA@@V?$_Copy@UtagCONNECTDATA@@@ATL@@VCComSingleThreadModel@6@@ATL@@@ATL@@UAGKXZ 10003430 f i PointCardRW.obj
 0001:00002441       ?Release@?$CComObject@V?$CComEnum@UIEnumConnectionPoints@@$1?_GUID_b196b285_bab4_101a_b69c_00aa00341d07@@3U__s_GUID@@BPAUIConnectionPoint@@V?$_CopyInterface@UIConnectionPoint@@@ATL@@VCComSingleThreadModel@6@@ATL@@@ATL@@UAGKXZ 10003441 f i PointCardRW.obj
 0001:00002441       ?Release@?$CComObject@V?$CComEnum@UIEnumConnections@@$1?_GUID_b196b287_bab4_101a_b69c_00aa00341d07@@3U__s_GUID@@BUtagCONNECTDATA@@V?$_Copy@UtagCONNECTDATA@@@ATL@@VCComSingleThreadModel@6@@ATL@@@ATL@@UAGKXZ 10003441 f i PointCardRW.obj
 0001:0000247d       ?QueryInterface@?$CComObject@V?$CComEnum@UIEnumConnectionPoints@@$1?_GUID_b196b285_bab4_101a_b69c_00aa00341d07@@3U__s_GUID@@BPAUIConnectionPoint@@V?$_CopyInterface@UIConnectionPoint@@@ATL@@VCComSingleThreadModel@6@@ATL@@@ATL@@UAGJABU_GUID@@PAPAX@Z 1000347d f i PointCardRW.obj
 0001:00002497       ??_G?$CComObject@V?$CComEnum@UIEnumConnectionPoints@@$1?_GUID_b196b285_bab4_101a_b69c_00aa00341d07@@3U__s_GUID@@BPAUIConnectionPoint@@V?$_CopyInterface@UIConnectionPoint@@@ATL@@VCComSingleThreadModel@6@@ATL@@@ATL@@UAEPAXI@Z 10003497 f i PointCardRW.obj
 0001:00002497       ??_E?$CComObject@V?$CComEnum@UIEnumConnectionPoints@@$1?_GUID_b196b285_bab4_101a_b69c_00aa00341d07@@3U__s_GUID@@BPAUIConnectionPoint@@V?$_CopyInterface@UIConnectionPoint@@@ATL@@VCComSingleThreadModel@6@@ATL@@@ATL@@UAEPAXI@Z 10003497 f i PointCardRW.obj
 0001:000024b9       ?AddRef@CRegObject@ATL@@UAGKXZ 100034b9 f i PointCardRW.obj
 0001:000024bf       ?AddReplacement@CRegObject@ATL@@UAGJPB_W0@Z 100034bf f i PointCardRW.obj
 0001:000024f8       ?ClearReplacements@CRegObject@ATL@@UAGJXZ 100034f8 f i PointCardRW.obj
 0001:0000250a       ??_GCRegObject@ATL@@UAEPAXI@Z 1000350a f i PointCardRW.obj
 0001:0000250a       ??_ECRegObject@ATL@@UAEPAXI@Z 1000350a f i PointCardRW.obj
 0001:0000252c       ?AddRef@?$CComAggObject@VCOPOSPointCardRW@@@ATL@@UAGKXZ 1000352c f i PointCardRW.obj
 0001:0000253d       ?Release@?$CComAggObject@VCOPOSPointCardRW@@@ATL@@UAGKXZ 1000353d f i PointCardRW.obj
 0001:00002579       ?QueryInterface@?$CComAggObject@VCOPOSPointCardRW@@@ATL@@UAGJABU_GUID@@PAPAX@Z 10003579 f i PointCardRW.obj
 0001:000025c8       ?AddRef@?$CComContainedObject@VCOPOSPointCardRW@@@ATL@@UAGKXZ 100035c8 f i PointCardRW.obj
 0001:000025de       ?Release@?$CComContainedObject@VCOPOSPointCardRW@@@ATL@@UAGKXZ 100035de f i PointCardRW.obj
 0001:000025f4       ?QueryInterface@?$CComContainedObject@VCOPOSPointCardRW@@@ATL@@UAGJABU_GUID@@PAPAX@Z 100035f4 f i PointCardRW.obj
 0001:0000260f       ??_G?$CComAggObject@VCOPOSPointCardRW@@@ATL@@UAEPAXI@Z 1000360f f i PointCardRW.obj
 0001:0000260f       ??_E?$CComAggObject@VCOPOSPointCardRW@@@ATL@@UAEPAXI@Z 1000360f f i PointCardRW.obj
 0001:00002634       ?AddRef@?$CComObject@VCOPOSPointCardRW@@@ATL@@UAGKXZ 10003634 f i PointCardRW.obj
 0001:0000264b       ?Release@?$CComObject@VCOPOSPointCardRW@@@ATL@@UAGKXZ 1000364b f i PointCardRW.obj
 0001:0000268d       ?QueryInterface@?$CComObject@VCOPOSPointCardRW@@@ATL@@UAGJABU_GUID@@PAPAX@Z 1000368d f i PointCardRW.obj
 0001:000026a7       ?OnDrawAdvanced@CComControlBase@ATL@@UAEJAAUATL_DRAWINFO@@@Z 100036a7 f i PointCardRW.obj
 0001:0000279a       ?Next@?$CComEnumImpl@UIEnumConnections@@$1?_GUID_b196b287_bab4_101a_b69c_00aa00341d07@@3U__s_GUID@@BUtagCONNECTDATA@@V?$_Copy@UtagCONNECTDATA@@@ATL@@@ATL@@UAGJKPAUtagCONNECTDATA@@PAK@Z 1000379a f i PointCardRW.obj
 0001:00002871       ?Skip@?$CComEnumImpl@UIEnumConnections@@$1?_GUID_b196b287_bab4_101a_b69c_00aa00341d07@@3U__s_GUID@@BUtagCONNECTDATA@@V?$_Copy@UtagCONNECTDATA@@@ATL@@@ATL@@UAGJK@Z 10003871 f i PointCardRW.obj
 0001:0000289e       ?Clone@?$CComEnumImpl@UIEnumConnections@@$1?_GUID_b196b287_bab4_101a_b69c_00aa00341d07@@3U__s_GUID@@BUtagCONNECTDATA@@V?$_Copy@UtagCONNECTDATA@@@ATL@@@ATL@@UAGJPAPAUIEnumConnections@@@Z 1000389e f i PointCardRW.obj
 0001:0000297f       ?QueryInterface@?$CComObject@V?$CComEnum@UIEnumConnections@@$1?_GUID_b196b287_bab4_101a_b69c_00aa00341d07@@3U__s_GUID@@BUtagCONNECTDATA@@V?$_Copy@UtagCONNECTDATA@@@ATL@@VCComSingleThreadModel@6@@ATL@@@ATL@@UAGJABU_GUID@@PAPAX@Z 1000397f f i PointCardRW.obj
 0001:00002999       ??_G?$CComObject@V?$CComEnum@UIEnumConnections@@$1?_GUID_b196b287_bab4_101a_b69c_00aa00341d07@@3U__s_GUID@@BUtagCONNECTDATA@@V?$_Copy@UtagCONNECTDATA@@@ATL@@VCComSingleThreadModel@6@@ATL@@@ATL@@UAEPAXI@Z 10003999 f i PointCardRW.obj
 0001:00002999       ??_E?$CComObject@V?$CComEnum@UIEnumConnections@@$1?_GUID_b196b287_bab4_101a_b69c_00aa00341d07@@3U__s_GUID@@BUtagCONNECTDATA@@V?$_Copy@UtagCONNECTDATA@@@ATL@@VCComSingleThreadModel@6@@ATL@@@ATL@@UAEPAXI@Z 10003999 f i PointCardRW.obj
 0001:000029bb       ??$?4UITypeInfo2@@@?$CComPtr@UITypeInfo@@@ATL@@QAEPAUITypeInfo@@ABV?$CComPtr@UITypeInfo2@@@1@@Z 100039bb f i PointCardRW.obj
 0001:000029e8       ??$AtlAdd@K@ATL@@YAJPAKKK@Z 100039e8 f i PointCardRW.obj
 0001:00002a0b       ??$AtlAdd@_K@ATL@@YAJPA_K_K1@Z 10003a0b f i PointCardRW.obj
 0001:00002a43       ??$AtlAddThrow@K@ATL@@YAKKK@Z 10003a43 f i PointCardRW.obj
 0001:00002a69       ??$AtlModuleRegisterWndClassInfoT@VAtlModuleRegisterWndClassInfoParamW@ATL@@@ATL@@YAGPAU_ATL_BASE_MODULE70@0@PAU_ATL_WIN_MODULE70@0@PAU_ATL_WNDCLASSINFOW@0@PAP6GJPAUHWND__@@IIJ@ZVAtlModuleRegisterWndClassInfoParamW@0@@Z 10003a69 f i PointCardRW.obj
 0001:00002bb7       ??$AtlMultiply@H@ATL@@YAJPAHHH@Z 10003bb7 f i PointCardRW.obj
 0001:00002bef       ??$AtlMultiply@K@ATL@@YAJPAKKK@Z 10003bef f i PointCardRW.obj
 0001:00002bef       ??$AtlMultiply@I@ATL@@YAJPAIII@Z 10003bef f i PointCardRW.obj
 0001:00002c11       ??$AtlMultiplyThrow@I@ATL@@YAIII@Z 10003c11 f i PointCardRW.obj
 0001:00002c37       ??0?$CComAggObject@VCOPOSPointCardRW@@@ATL@@QAE@PAX@Z 10003c37 f i PointCardRW.obj
 0001:00002c64       ??0?$CComContainedObject@VCOPOSPointCardRW@@@ATL@@QAE@PAX@Z 10003c64 f i PointCardRW.obj
 0001:00002d1d       ??0?$CComObject@V?$CComEnum@UIEnumConnectionPoints@@$1?_GUID_b196b285_bab4_101a_b69c_00aa00341d07@@3U__s_GUID@@BPAUIConnectionPoint@@V?$_CopyInterface@UIConnectionPoint@@@ATL@@VCComSingleThreadModel@6@@ATL@@@ATL@@QAE@PAX@Z 10003d1d f i PointCardRW.obj
 0001:00002d4b       ??0?$CComObject@V?$CComEnum@UIEnumConnections@@$1?_GUID_b196b287_bab4_101a_b69c_00aa00341d07@@3U__s_GUID@@BUtagCONNECTDATA@@V?$_Copy@UtagCONNECTDATA@@@ATL@@VCComSingleThreadModel@6@@ATL@@@ATL@@QAE@PAX@Z 10003d4b f i PointCardRW.obj
 0001:00002d79       ??0?$CComObject@VCOPOSPointCardRW@@@ATL@@QAE@PAX@Z 10003d79 f i PointCardRW.obj
 0001:00002e30       ??0?$CComQIPtr@UIOleControlSite@@$1?_GUID_b196b289_bab4_101a_b69c_00aa00341d07@@3U__s_GUID@@B@ATL@@QAE@PAUIUnknown@@@Z 10003e30 f i PointCardRW.obj
 0001:00002e59       ??0CAtlModule@ATL@@QAE@XZ  10003e59 f i PointCardRW.obj
 0001:00002e9a       ??0CParseBuffer@CRegParser@ATL@@QAE@H@Z 10003e9a f i PointCardRW.obj
 0001:00002ed0       ??0_ATL_MSG@ATL@@QAE@PAUHWND__@@IIJH@Z 10003ed0 f i PointCardRW.obj
 0001:00002f08       ??1?$CComAggObject@VCOPOSPointCardRW@@@ATL@@UAE@XZ 10003f08 f i PointCardRW.obj
 0001:00002f2c       ??1?$CComEnumImpl@UIEnumConnectionPoints@@$1?_GUID_b196b285_bab4_101a_b69c_00aa00341d07@@3U__s_GUID@@BPAUIConnectionPoint@@V?$_CopyInterface@UIConnectionPoint@@@ATL@@@ATL@@UAE@XZ 10003f2c f i PointCardRW.obj
 0001:00002f6c       ??1?$CComEnumImpl@UIEnumConnections@@$1?_GUID_b196b287_bab4_101a_b69c_00aa00341d07@@3U__s_GUID@@BUtagCONNECTDATA@@V?$_Copy@UtagCONNECTDATA@@@ATL@@@ATL@@UAE@XZ 10003f6c f i PointCardRW.obj
 0001:00002fac       ??1?$CComObject@V?$CComEnum@UIEnumConnectionPoints@@$1?_GUID_b196b285_bab4_101a_b69c_00aa00341d07@@3U__s_GUID@@BPAUIConnectionPoint@@V?$_CopyInterface@UIConnectionPoint@@@ATL@@VCComSingleThreadModel@6@@ATL@@@ATL@@UAE@XZ 10003fac f i PointCardRW.obj
 0001:00002fcf       ??1?$CComObject@V?$CComEnum@UIEnumConnections@@$1?_GUID_b196b287_bab4_101a_b69c_00aa00341d07@@3U__s_GUID@@BUtagCONNECTDATA@@V?$_Copy@UtagCONNECTDATA@@@ATL@@VCComSingleThreadModel@6@@ATL@@@ATL@@UAE@XZ 10003fcf f i PointCardRW.obj
 0001:00002ff2       ??1?$CComObject@VCOPOSPointCardRW@@@ATL@@UAE@XZ 10003ff2 f i PointCardRW.obj
 0001:000030b0       ??1?$CComObjectCached@VCComClassFactory@ATL@@@ATL@@UAE@XZ 100040b0 f i PointCardRW.obj
 0001:000030c6       ??1?$CComObjectRootEx@VCComMultiThreadModel@ATL@@@ATL@@QAE@XZ 100040c6 f i PointCardRW.obj
 0001:000030db       ??1CRegObject@ATL@@UAE@XZ  100040db f i PointCardRW.obj
 0001:000030fb       ??4?$CComPtr@UIOleClientSite@@@ATL@@QAEPAUIOleClientSite@@PAU2@@Z 100040fb f i PointCardRW.obj
 0001:000030fb       ??4?$CComPtr@UIUnknown@@@ATL@@QAEPAUIUnknown@@PAU2@@Z 100040fb f i PointCardRW.obj
 0001:000030fb       ??4?$CComPtr@UIAdviseSink@@@ATL@@QAEPAUIAdviseSink@@PAU2@@Z 100040fb f i PointCardRW.obj
 0001:0000312f       ??_G?$CComContainedObject@VCOPOSPointCardRW@@@ATL@@UAEPAXI@Z 1000412f f i PointCardRW.obj
 0001:0000312f       ??_E?$CComContainedObject@VCOPOSPointCardRW@@@ATL@@UAEPAXI@Z 1000412f f i PointCardRW.obj
 0001:00003154       ??_E?$CComObject@VCOPOSPointCardRW@@@ATL@@UAEPAXI@Z 10004154 f i PointCardRW.obj
 0001:00003154       ??_G?$CComObject@VCOPOSPointCardRW@@@ATL@@UAEPAXI@Z 10004154 f i PointCardRW.obj
 0001:00003179       ?Add@?$CSimpleArray@GV?$CSimpleArrayEqualHelper@G@ATL@@@ATL@@QAEHABG@Z 10004179 f i PointCardRW.obj
 0001:000031fd       ?Add@?$CSimpleMap@PA_WPA_WVCExpansionVectorEqualHelper@ATL@@@ATL@@QAEHABQA_W0@Z 100041fd f i PointCardRW.obj
 0001:00003252       ?Add@CComDynamicUnkArray@ATL@@QAEKPAUIUnknown@@@Z 10004252 f i PointCardRW.obj
 0001:00003308       ?Add@CExpansionVector@ATL@@QAEHPB_W0@Z 10004308 f i PointCardRW.obj
 0001:00003411       ?AddString@CParseBuffer@CRegParser@ATL@@QAEHPB_W@Z 10004411 f i PointCardRW.obj
 0001:00003446       ?AddTermFunc@CAtlModule@ATL@@QAEJP6GXK@ZK@Z 10004446 f i PointCardRW.obj
 0001:000034a9       ?AddValue@CRegParser@ATL@@IAEJAAVCRegKey@2@PB_WPA_W@Z 100044a9 f i PointCardRW.obj
 0001:000037c3       ?Allocate@?$CAtlSafeAllocBufferManager@VCCRTAllocator@ATL@@@_ATL_SAFE_ALLOCA_IMPL@ATL@@QAEPAXK@Z 100047c3 f i PointCardRW.obj
 0001:000037f0       ?Allocate@?$CTempBuffer@E$0BAA@VCCRTAllocator@ATL@@@ATL@@QAEPAEI@Z 100047f0 f i PointCardRW.obj
 0001:0000381f       ?Allocate@?$CTempBuffer@_W$0BAA@VCCRTAllocator@ATL@@@ATL@@QAEPA_WI@Z 1000481f f i PointCardRW.obj
 0001:0000384e       ?Allocate@?$CTempBuffer@_W$0EAA@VCCRTAllocator@ATL@@@ATL@@QAEPA_WI@Z 1000484e f i PointCardRW.obj
 0001:0000387d       ?AllocateHeap@?$CTempBuffer@E$0BAA@VCCRTAllocator@ATL@@@ATL@@AAEXI@Z 1000487d f i PointCardRW.obj
 0001:0000387d       ?AllocateHeap@?$CTempBuffer@_W$0EAA@VCCRTAllocator@ATL@@@ATL@@AAEXI@Z 1000487d f i PointCardRW.obj
 0001:0000387d       ?AllocateHeap@?$CTempBuffer@_W$0BAA@VCCRTAllocator@ATL@@@ATL@@AAEXI@Z 1000487d f i PointCardRW.obj
 0001:000038a2       ?Append@CParseBuffer@CRegParser@ATL@@QAEHPB_WH@Z 100048a2 f i PointCardRW.obj
 0001:00003930       ?AtlCoTaskMemCAlloc@ATL@@YAPAXKK@Z 10004930 f i PointCardRW.obj
 0001:0000395d       ?AtlCoTaskMemRecalloc@ATL@@YAPAXPAXKK@Z 1000495d f i PointCardRW.obj
 0001:0000398d       ?AtlComModuleGetClassObject@ATL@@YGJPAU_ATL_COM_MODULE70@1@ABU_GUID@@1PAPAX@Z 1000498d f i PointCardRW.obj
 0001:00003a80       ?AtlComModuleRegisterServer@ATL@@YGJPAU_ATL_COM_MODULE70@1@HPBU_GUID@@@Z 10004a80 f i PointCardRW.obj
 0001:00003b08       ?AtlComModuleUnregisterServer@ATL@@YGJPAU_ATL_COM_MODULE70@1@HPBU_GUID@@@Z 10004b08 f i PointCardRW.obj
 0001:00003b90       ?AtlComQIPtrAssign2@ATL@@YAXPAPAUIUnknown@@PAU2@ABU_GUID@@@Z 10004b90 f i PointCardRW.obj
 0001:00003bbf       ?AtlCreateTargetDC@ATL@@YGPAUHDC__@@PAU2@PAUtagDVTARGETDEVICE@@@Z 10004bbf f i PointCardRW.obj
 0001:00003c28       ?AtlCrtErrorCheck@ATL@@YAHH@Z 10004c28 f i PointCardRW.obj
 0001:00003c63       ?AtlHiMetricToPixel@ATL@@YGXPBUtagSIZE@@PAU2@@Z 10004c63 f i PointCardRW.obj
 0001:00003cd8       ?AtlHresultFromLastError@ATL@@YAJXZ 10004cd8 f i PointCardRW.obj
 0001:00003cef       ?AtlHresultFromWin32@ATL@@YAJK@Z 10004cef f i PointCardRW.obj
 0001:00003d04       ?AtlInternalOleLoadFromStream@ATL@@YAJPAUIStream@@ABU_GUID@@PAPAXTClassesAllowedInStream@1@K@Z 10004d04 f i PointCardRW.obj
 0001:00003e22       ?AtlInternalQueryInterface@ATL@@YGJPAXPBU_ATL_INTMAP_ENTRY@1@ABU_GUID@@PAPAX@Z 10004e22 f i PointCardRW.obj
 0001:00003ec5       ?AtlLoadTypeLib@ATL@@YGJPAUHINSTANCE__@@PB_WPAPA_WPAPAUITypeLib@@@Z 10004ec5 f i PointCardRW.obj
 0001:000040a3       ?AtlRegisterClassCategoriesHelper@ATL@@YGJABU_GUID@@PBU_ATL_CATMAP_ENTRY@1@H@Z 100050a3 f i PointCardRW.obj
 0001:0000439f       ?AtlRegisterTypeLib@ATL@@YGJPAUHINSTANCE__@@PB_W@Z 1000539f f i PointCardRW.obj
 0001:00004527       ?AtlThrowImpl@ATL@@YGXJ@Z  10005527 f i PointCardRW.obj
 0001:00004545       ?AtlUnRegisterTypeLib@ATL@@YGJPAUHINSTANCE__@@PB_W@Z 10005545 f i PointCardRW.obj
 0001:000045f0       ?AtlWinModuleAddCreateWndData@ATL@@YGXPAU_ATL_WIN_MODULE70@1@PAU_AtlCreateWndData@1@PAX@Z 100055f0 f i PointCardRW.obj
 0001:00004644       ?AtlWinModuleExtractCreateWndData@ATL@@YGPAXPAU_ATL_WIN_MODULE70@1@@Z 10005644 f i PointCardRW.obj
 0001:000046a7       ?AtlWinModuleRegisterClassExW@ATL@@YGGPAU_ATL_WIN_MODULE70@1@PBUtagWNDCLASSEXW@@@Z 100056a7 f i PointCardRW.obj
 0001:000046e6       ?CanForceRemoveKey@CRegParser@ATL@@IAEHPB_W@Z 100056e6 f i PointCardRW.obj
 0001:00004715       ?ChToByte@CRegParser@ATL@@KAE_W@Z 10005715 f i PointCardRW.obj
 0001:00004748       ?Cleanup@CComTypeInfoHolder@ATL@@SGXK@Z 10005748 f i PointCardRW.obj
 0001:0000477b       ?ClearReplacements@CExpansionVector@ATL@@QAEJXZ 1000577b f i PointCardRW.obj
 0001:000047b8       ?Close@CRegKey@ATL@@QAEJXZ 100057b8 f i PointCardRW.obj
 0001:000047d2       ?CreateInstance@?$CComCreator@V?$CComAggObject@VCOPOSPointCardRW@@@ATL@@@ATL@@SGJPAXABU_GUID@@PAPAX@Z 100057d2 f i PointCardRW.obj
 0001:00004847       ?CreateInstance@?$CComCreator@V?$CComObject@VCOPOSPointCardRW@@@ATL@@@ATL@@SGJPAXABU_GUID@@PAPAX@Z 10005847 f i PointCardRW.obj
 0001:000048c7       ?CreateInstance@?$CComObject@V?$CComEnum@UIEnumConnectionPoints@@$1?_GUID_b196b285_bab4_101a_b69c_00aa00341d07@@3U__s_GUID@@BPAUIConnectionPoint@@V?$_CopyInterface@UIConnectionPoint@@@ATL@@VCComSingleThreadModel@6@@ATL@@@ATL@@SGJPAPAV12@@Z 100058c7 f i PointCardRW.obj
 0001:00004911       ?CreateInstance@?$CComObject@V?$CComEnum@UIEnumConnections@@$1?_GUID_b196b287_bab4_101a_b69c_00aa00341d07@@3U__s_GUID@@BUtagCONNECTDATA@@V?$_Copy@UtagCONNECTDATA@@@ATL@@VCComSingleThreadModel@6@@ATL@@@ATL@@SGJPAPAV12@@Z 10005911 f i PointCardRW.obj
 0001:0000495b       ?DefaultReflectionHandler@?$CWindowImplRoot@VCWindow@ATL@@@ATL@@SAHPAUHWND__@@IIJAAJ@Z 1000595b f i PointCardRW.obj
 0001:000049ce       ?DeleteSubKey@CRegKey@ATL@@QAEJPB_W@Z 100059ce f i PointCardRW.obj
 0001:00004a47       ?DoEvent@COPOSPointCardRW@@IAEXIIJ@Z 10005a47 f i PointCardRW.obj
 0001:00004ac7       ?DoVerbHide@?$IOleObjectImpl@VCOPOSPointCardRW@@@ATL@@QAEJPBUtagRECT@@PAUHWND__@@@Z 10005ac7 f i PointCardRW.obj
 0001:00004afd       ?DoVerbInPlaceActivate@?$IOleObjectImpl@VCOPOSPointCardRW@@@ATL@@QAEJPBUtagRECT@@PAUHWND__@@@Z 10005afd f i PointCardRW.obj
 0001:00004b30       ?DoVerbPrimary@?$IOleObjectImpl@VCOPOSPointCardRW@@@ATL@@QAEJPBUtagRECT@@PAUHWND__@@@Z 10005b30 f i PointCardRW.obj
 0001:00004bbc       ?DoVerbProperties@CComControlBase@ATL@@QAEJPBUtagRECT@@PAUHWND__@@@Z 10005bbc f i PointCardRW.obj
 0001:00004d3b       ?DoVerbUIActivate@?$IOleObjectImpl@VCOPOSPointCardRW@@@ATL@@QAEJPBUtagRECT@@PAUHWND__@@@Z 10005d3b f i PointCardRW.obj
 0001:00004d78       ?DoesVerbActivate@CComControlBase@ATL@@QAEHJ@Z 10005d78 f i PointCardRW.obj
 0001:00004d99       ?DoesVerbUIActivate@CComControlBase@ATL@@QAEHJ@Z 10005d99 f i PointCardRW.obj
 0001:00004dce       ?EndOfVar@CRegParser@ATL@@IAEHXZ 10005dce f i PointCardRW.obj
 0001:00004dee       ?EscapeSingleQuote@CAtlModule@ATL@@SAXPA_WIPB_W@Z 10005dee f i PointCardRW.obj
 0001:00004e3d       ?FindKey@?$CSimpleMap@PA_WPA_WVCExpansionVectorEqualHelper@ATL@@@ATL@@QBEHABQA_W@Z 10005e3d f i PointCardRW.obj
 0001:00004e74       ?FireTheEvent@?$CProxy_IOPOSEvents@VCOPOSPointCardRW@@@@IAEXPAVOposVariant@@IAAJPB_WJ@Z 10005e74 f i PointCardRW.obj
 0001:00004f06       ?FireViewChange@CComControlBase@ATL@@QAEJXZ 10005f06 f i PointCardRW.obj
 0001:00004f4f       ?Fire_DataEvent@?$CProxy_IOPOSEvents@VCOPOSPointCardRW@@@@QAEXJ@Z 10005f4f f i PointCardRW.obj
 0001:00004fe5       ?Fire_DirectIOEvent@?$CProxy_IOPOSEvents@VCOPOSPointCardRW@@@@QAEXJPAJPAPA_W@Z 10005fe5 f i PointCardRW.obj
 0001:000050d1       ?Fire_ErrorEvent@?$CProxy_IOPOSEvents@VCOPOSPointCardRW@@@@QAEXJJJPAJ@Z 100060d1 f i PointCardRW.obj
 0001:000051c2       ?Fire_OutputCompleteEvent@?$CProxy_IOPOSEvents@VCOPOSPointCardRW@@@@QAEXJ@Z 100061c2 f i PointCardRW.obj
 0001:00005258       ?Fire_StatusUpdateEvent@?$CProxy_IOPOSEvents@VCOPOSPointCardRW@@@@QAEXJ@Z 10006258 f i PointCardRW.obj
 0001:000052ee       ?FreeHeap@?$CTempBuffer@_W$0BAA@VCCRTAllocator@ATL@@@ATL@@AAEXXZ 100062ee f i PointCardRW.obj
 0001:000052ee       ?FreeHeap@?$CTempBuffer@_W$0EAA@VCCRTAllocator@ATL@@@ATL@@AAEXXZ 100062ee f i PointCardRW.obj
 0001:000052ee       ?FreeHeap@?$CTempBuffer@E$0BAA@VCCRTAllocator@ATL@@@ATL@@AAEXXZ 100062ee f i PointCardRW.obj
 0001:000052f7       ?GetAmbientLocaleID@CComControlBase@ATL@@QAEJAAK@Z 100062f7 f i PointCardRW.obj
 0001:00005353       ?GetAmbientUserMode@CComControlBase@ATL@@QAEJAAH@Z 10006353 f i PointCardRW.obj
 0001:000053c3       ?GetAt@CComDynamicUnkArray@ATL@@QAEPAUIUnknown@@H@Z 100063c3 f i PointCardRW.obj
 0001:000053df       ?GetClassObject@CComModule@ATL@@QAEJABU_GUID@@0PAPAX@Z 100063df f i PointCardRW.obj
 0001:00005481       ?GetConnMap@COPOSPointCardRW@@SAPBU_ATL_CONNMAP_ENTRY@ATL@@PAH@Z 10006481 f i PointCardRW.obj
 0001:000054f1       ?GetCookie@CComDynamicUnkArray@ATL@@QAGKPAPAUIUnknown@@@Z 100064f1 f i PointCardRW.obj
 0001:00005529       ?GetIDsOfNames@CComTypeInfoHolder@ATL@@QAEJABU_GUID@@PAPA_WIKPAJ@Z 10006529 f i PointCardRW.obj
 0001:00005650       ?GetKeyAt@?$CSimpleMap@PA_WPA_WVCExpansionVectorEqualHelper@ATL@@@ATL@@QBEAAPA_WH@Z 10006650 f i PointCardRW.obj
 0001:00005675       ?GetPagesHelper@?$ISpecifyPropertyPagesImpl@VCOPOSPointCardRW@@@ATL@@IAEJPAUtagCAUUID@@PBUATL_PROPMAP_ENTRY@2@@Z 10006675 f i PointCardRW.obj
 0001:0000579c       ?GetProperty@?$CComPtr@UIDispatch@@@ATL@@SAJPAUIDispatch@@JPAUtagVARIANT@@@Z 1000679c f i PointCardRW.obj
 0001:000057eb       ?GetSizeMax@CComVariant@ATL@@QBEJPAT_ULARGE_INTEGER@@@Z 100067eb f i PointCardRW.obj
 0001:000059ad       ?GetTI@CComTypeInfoHolder@ATL@@QAEJK@Z 100069ad f i PointCardRW.obj
 0001:00005b8c       ?GetTI@CComTypeInfoHolder@ATL@@QAEJKPAPAUITypeInfo@@@Z 10006b8c f i PointCardRW.obj
 0001:00005bce       ?GetUnknown@CComDynamicUnkArray@ATL@@QAGPAUIUnknown@@K@Z 10006bce f i PointCardRW.obj
 0001:00005bef       ?GetValueAt@?$CSimpleMap@PA_WPA_WVCExpansionVectorEqualHelper@ATL@@@ATL@@QBEAAPA_WH@Z 10006bef f i PointCardRW.obj
 0001:00005c15       ?GetZoomInfo@CComControlBase@ATL@@QAEXAAUATL_DRAWINFO@@@Z 10006c15 f i PointCardRW.obj
 0001:00005ca8       ?HKeyFromString@CRegParser@ATL@@KAPAUHKEY__@@PA_W@Z 10006ca8 f i PointCardRW.obj
 0001:00005cd6       ?HasSubKeys@CRegParser@ATL@@IAEHPAUHKEY__@@@Z 10006cd6 f i PointCardRW.obj
 0001:00005d0b       ?IDataObject_GetData@CComControlBase@ATL@@QAEJPAUtagFORMATETC@@PAUtagSTGMEDIUM@@@Z 10006d0b f i PointCardRW.obj
 0001:00005eb1       ?IOleInPlaceObject_InPlaceDeactivate@CComControlBase@ATL@@QAEJXZ 10006eb1 f i PointCardRW.obj
 0001:00005f38       ?IOleInPlaceObject_SetObjectRects@CComControlBase@ATL@@QAEJPBUtagRECT@@0@Z 10006f38 f i PointCardRW.obj
 0001:00006005       ?IOleInPlaceObject_UIDeactivate@CComControlBase@ATL@@QAEJXZ 10007005 f i PointCardRW.obj
 0001:000060c7       ?IOleObject_Advise@CComControlBase@ATL@@QAEJPAUIAdviseSink@@PAK@Z 100070c7 f i PointCardRW.obj
 0001:000060f1       ?IOleObject_Close@CComControlBase@ATL@@QAEJK@Z 100070f1 f i PointCardRW.obj
 0001:000061d5       ?IOleObject_GetClientSite@CComControlBase@ATL@@QAEJPAPAUIOleClientSite@@@Z 100071d5 f i PointCardRW.obj
 0001:000061fe       ?IOleObject_SetClientSite@CComControlBase@ATL@@QAEJPAUIOleClientSite@@@Z 100071fe f i PointCardRW.obj
 0001:0000623d       ?IOleObject_SetExtent@CComControlBase@ATL@@QAEJKPAUtagSIZE@@@Z 1000723d f i PointCardRW.obj
 0001:000062f1       ?IPSI_GetIPersistStreamInit@?$IPersistStorageImpl@VCOPOSPointCardRW@@@ATL@@AAEPAUIPersistStreamInit@@XZ 100072f1 f i PointCardRW.obj
 0001:00006399       ?IPersistStreamInit_Load@?$IPersistStreamInitImpl@VCOPOSPointCardRW@@@ATL@@QAEJPAUIStream@@PBUATL_PROPMAP_ENTRY@2@@Z 10007399 f i PointCardRW.obj
 0001:0000660e       ?IPersistStreamInit_Save@?$IPersistStreamInitImpl@VCOPOSPointCardRW@@@ATL@@QAEJPAUIStream@@HPBUATL_PROPMAP_ENTRY@2@@Z 1000760e f i PointCardRW.obj
 0001:000067fc       ?IQuickActivate_QuickActivate@CComControlBase@ATL@@QAEJPAUtagQACONTAINER@@PAUtagQACONTROL@@@Z 100077fc f i PointCardRW.obj
 0001:00006a3e       ?IViewObject_Draw@CComControlBase@ATL@@QAEJKJPAXPAUtagDVTARGETDEVICE@@PAUHDC__@@2PBU_RECTL@@3@Z 10007a3e f i PointCardRW.obj
 0001:00006ae6       ?InPlaceActivate@CComControlBase@ATL@@QAEJJPBUtagRECT@@@Z 10007ae6 f i PointCardRW.obj
 0001:00006d57       ?Init@?$CComEnumImpl@UIEnumConnectionPoints@@$1?_GUID_b196b285_bab4_101a_b69c_00aa00341d07@@3U__s_GUID@@BPAUIConnectionPoint@@V?$_CopyInterface@UIConnectionPoint@@@ATL@@@ATL@@QAEJPAPAUIConnectionPoint@@0PAUIUnknown@@W4CComEnumFlags@2@@Z 10007d57 f i PointCardRW.obj
 0001:00006e36       ?Init@?$CComEnumImpl@UIEnumConnections@@$1?_GUID_b196b287_bab4_101a_b69c_00aa00341d07@@3U__s_GUID@@BUtagCONNECTDATA@@V?$_Copy@UtagCONNECTDATA@@@ATL@@@ATL@@QAEJPAUtagCONNECTDATA@@0PAUIUnknown@@W4CComEnumFlags@2@@Z 10007e36 f i PointCardRW.obj
 0001:00006f15       ?Init@CComModule@ATL@@QAEJPAU_ATL_OBJMAP_ENTRY30@2@PAUHINSTANCE__@@PBU_GUID@@@Z 10007f15 f i PointCardRW.obj
 0001:00006f74       ?Init@CDynamicStdCallThunk2@ATL@@QAEHKPAX@Z 10007f74 f i PointCardRW.obj
 0001:00006f9f       ?InlineIsEqualUnknown@ATL@@YGHABU_GUID@@@Z 10007f9f f i PointCardRW.obj
 0001:00006fc7       ?InternalSetAtIndex@?$CSimpleMap@PA_WPA_WVCExpansionVectorEqualHelper@ATL@@@ATL@@QAEXHABQA_W0@Z 10007fc7 f i PointCardRW.obj
 0001:00006ff1       ?Invoke@CComTypeInfoHolder@ATL@@QAEJPAUIDispatch@@JABU_GUID@@KGPAUtagDISPPARAMS@@PAUtagVARIANT@@PAUtagEXCEPINFO@@PAI@Z 10007ff1 f i PointCardRW.obj
 0001:00007034       ?IsEqualObject@?$CComPtrBase@UITypeInfo@@@ATL@@QAE_NPAUIUnknown@@@Z 10008034 f i PointCardRW.obj
 0001:00007034       ?IsEqualObject@?$CComPtrBase@UIOleClientSite@@@ATL@@QAE_NPAUIUnknown@@@Z 10008034 f i PointCardRW.obj
 0001:000070a1       ?IsSpace@CRegParser@ATL@@IAEH_W@Z 100080a1 f i PointCardRW.obj
 0001:000070cb       ?LoadNameCache@CComTypeInfoHolder@ATL@@QAEJPAUITypeInfo@@@Z 100080cb f i PointCardRW.obj
 0001:00007200       ?Lookup@?$CSimpleMap@PA_WPA_WVCExpansionVectorEqualHelper@ATL@@@ATL@@QBEPA_WABQA_W@Z 10008200 f i PointCardRW.obj
 0001:00007226       ?NextToken@CRegParser@ATL@@IAEJPA_W@Z 10008226 f i PointCardRW.obj
 0001:0000735e       ?OnKillFocus@CComControlBase@ATL@@QAEJIIJAAH@Z 1000835e f i PointCardRW.obj
 0001:000073b9       ?OnMouseActivate@CComControlBase@ATL@@QAEJIIJAAH@Z 100083b9 f i PointCardRW.obj
 0001:00007427       ?OnPaint@CComControlBase@ATL@@QAEJIIJAAH@Z 10008427 f i PointCardRW.obj
 0001:000074d9       ?OnSetFocus@CComControlBase@ATL@@QAEJIIJAAH@Z 100084d9 f i PointCardRW.obj
 0001:00007562       ?Open@CRegKey@ATL@@QAEJPAUHKEY__@@PB_WK@Z 10008562 f i PointCardRW.obj
 0001:000075b7       ?PreProcessBuffer@CRegParser@ATL@@QAEJPA_WPAPA_W@Z 100085b7 f i PointCardRW.obj
 0001:00007826       ?ProcessWindowMessage@?$CComControl@VCOPOSPointCardRW@@V?$CWindowImpl@VCOPOSPointCardRW@@VCWindow@ATL@@V?$CWinTraits@$0FGAAAAAA@$0A@@3@@ATL@@@ATL@@UAEHPAUHWND__@@IIJAAJK@Z 10008826 f i PointCardRW.obj
 0001:000078c5       ?ReadFromStream@CComBSTR@ATL@@QAEJPAUIStream@@@Z 100088c5 f i PointCardRW.obj
 0001:000079e8       ?ReadFromStream@CComVariant@ATL@@QAEJPAUIStream@@GTClassesAllowedInStream@2@K@Z 100089e8 f i PointCardRW.obj
 0001:00007b72       ?RecurseDeleteKey@CRegKey@ATL@@QAEJPB_W@Z 10008b72 f i PointCardRW.obj
 0001:00007c60       ?RegCreateKeyExW@CAtlTransactionManager@ATL@@QAEJPAUHKEY__@@PB_WKPA_WKKQAU_SECURITY_ATTRIBUTES@@PAPAU3@PAK@Z 10008c60 f i PointCardRW.obj
 0001:00007cc3       ?RegDeleteKeyW@CAtlTransactionManager@ATL@@QAEJPAUHKEY__@@PB_W@Z 10008cc3 f i PointCardRW.obj
 0001:00007d15       ?RegOpenKeyExW@CAtlTransactionManager@ATL@@QAEJPAUHKEY__@@PB_WKKPAPAU3@@Z 10008d15 f i PointCardRW.obj
 0001:00007d6c       ?Register@_ATL_WNDCLASSINFOW@ATL@@QAEGPAP6GJPAUHWND__@@IIJ@Z@Z 10008d6c f i PointCardRW.obj
 0001:00007d8c       ?RegisterBuffer@CRegParser@ATL@@QAEJPA_WH@Z 10008d8c f i PointCardRW.obj
 0001:00007ed3       ?RegisterFromResource@CRegObject@ATL@@IAEJPB_W00H@Z 10008ed3 f i PointCardRW.obj
 0001:00008009       ?RegisterServer@?$CAtlModuleT@VCComModule@ATL@@@ATL@@QAEJHPBU_GUID@@@Z 10009009 f i PointCardRW.obj
 0001:00008037       ?RegisterServer@CComModule@ATL@@QAEJHPBU_GUID@@@Z 10009037 f i PointCardRW.obj
 0001:000080ad       ?RegisterSubkeys@CRegParser@ATL@@IAEJPA_WPAUHKEY__@@HH@Z 100090ad f i PointCardRW.obj
 0001:0000875a       ?Remove@CComDynamicUnkArray@ATL@@QAEHK@Z 1000975a f i PointCardRW.obj
 0001:00008783       ?RemoveAll@?$CSimpleMap@PA_WPA_WVCExpansionVectorEqualHelper@ATL@@@ATL@@QAEXXZ 10009783 f i PointCardRW.obj
 0001:000087af       ?ResourceRegisterSz@CRegObject@ATL@@QAGJPB_W00@Z 100097af f i PointCardRW.obj
 0001:000087dc       ?ResourceUnregisterSz@CRegObject@ATL@@QAGJPB_W00@Z 100097dc f i PointCardRW.obj
 0001:00008809       ?SendOnDataChange@CComControlBase@ATL@@QAEJK@Z 10009809 f i PointCardRW.obj
 0001:00008856       ?SetControlFocus@CComControlBase@ATL@@QAEHH@Z 10009856 f i PointCardRW.obj
 0001:000088f3       ?SetMultiStringValue@CRegKey@ATL@@QAEJPB_W0@Z 100098f3 f i PointCardRW.obj
 0001:0000894f       ?SetStringValue@CRegKey@ATL@@QAEJPB_W0K@Z 1000994f f i PointCardRW.obj
 0001:00008998       ?SkipAssignment@CRegParser@ATL@@IAEJPA_W@Z 10009998 f i PointCardRW.obj
 0001:000089fd       ?SkipWhiteSpace@CRegParser@ATL@@IAEXXZ 100099fd f i PointCardRW.obj
 0001:00008a1f       ?StrChrW@CRegParser@ATL@@KAPA_WPA_W_W@Z 10009a1f f i PointCardRW.obj
 0001:00008a5c       ?Term@CAtlModule@ATL@@QAEXXZ 10009a5c f i PointCardRW.obj
 0001:00008aaf       ?Term@CComModule@ATL@@QAEXXZ 10009aaf f i PointCardRW.obj
 0001:00008b07       ?UnregisterServer@?$CAtlModuleT@VCComModule@ATL@@@ATL@@QAEJHPBU_GUID@@@Z 10009b07 f i PointCardRW.obj
 0001:00008b2d       ?UnregisterServer@CComModule@ATL@@QAEJHPBU_GUID@@@Z 10009b2d f i PointCardRW.obj
 0001:00008ba3       ?UpdateRegistryFromResource@CAtlModule@ATL@@QAGJIHPAU_ATL_REGMAP_ENTRY@2@@Z 10009ba3 f i PointCardRW.obj
 0001:00008d6e       ?UpdateRegistryFromResource@CAtlModule@ATL@@QAGJPB_WHPAU_ATL_REGMAP_ENTRY@2@@Z 10009d6e f i PointCardRW.obj
 0001:00008f3f       ?VTFromRegType@CRegParser@ATL@@KAHPB_WAAG@Z 10009f3f f i PointCardRW.obj
 0001:00008fac       ?WindowProc@?$CWindowImplBaseT@VCWindow@ATL@@V?$CWinTraits@$0FGAAAAAA@$0A@@2@@ATL@@SGJPAUHWND__@@IIJ@Z 10009fac f i PointCardRW.obj
 0001:0000909e       ?WriteToStream@CComBSTR@ATL@@QAEJPAUIStream@@@Z 1000a09e f i PointCardRW.obj
 0001:00009100       ?WriteToStream@CComVariant@ATL@@QAEJPAUIStream@@@Z 1000a100 f i PointCardRW.obj
 0001:0000927a       ?WriteToStream@CComVariant@ATL@@QAEJPAUIStream@@G@Z 1000a27a f i PointCardRW.obj
 0001:000092e3       ?_AtlInitialConstruct@?$CComObjectRootEx@VCComMultiThreadModel@ATL@@@ATL@@QAEJXZ 1000a2e3 f i PointCardRW.obj
 0001:000092f8       ?_AtlVerifyStackAvailable@_ATL_SAFE_ALLOCA_IMPL@ATL@@YA_NK@Z 1000a2f8 f i PointCardRW.obj
 0001:00009376       ?atlCreate@?$CWindowImpl@VCOPOSPointCardRW@@VCWindow@ATL@@V?$CWinTraits@$0FGAAAAAA@$0A@@3@@ATL@@QAEPAUHWND__@@PAU3@V_U_RECT@2@PB_WKKV_U_MENUorID@2@PAX@Z 1000a376 f i PointCardRW.obj
 0001:000093ba       ?atlCreate@?$CWindowImplBaseT@VCWindow@ATL@@V?$CWinTraits@$0FGAAAAAA@$0A@@2@@ATL@@QAEPAUHWND__@@PAU3@V_U_RECT@2@PB_WKKV_U_MENUorID@2@GPAX@Z 1000a3ba f i PointCardRW.obj
 0001:00009456       ?copy@?$_Copy@UtagCONNECTDATA@@@ATL@@SAJPAUtagCONNECTDATA@@PBU3@@Z 1000a456 f i PointCardRW.obj
 0001:0000948c       ?copy@?$_CopyInterface@UIConnectionPoint@@@ATL@@SAJPAPAUIConnectionPoint@@PBQAU3@@Z 1000a48c f i PointCardRW.obj
 0001:000094ba       ?memcpy_s@Checked@ATL@@YAXPAXIPBXI@Z 1000a4ba f i PointCardRW.obj
 0001:000094d9       ?ocscpy_s@@YA_NPA_WIPB_W@Z 1000a4d9 f i PointCardRW.obj
 0001:00009523       ?wcscpy_s@Checked@ATL@@YAXPA_WIPB_W@Z 1000a523 f i PointCardRW.obj
 0001:0000953f       _DllCanUnloadNow@0         1000a53f f   PointCardRW.obj
 0001:0000954b       _DllGetClassObject@12      1000a54b f   PointCardRW.obj
 0001:00009559       _DllMain@12                1000a559 f   PointCardRW.obj
 0001:0000959b       _DllRegisterServer@0       1000a59b f   PointCardRW.obj
 0001:000095aa       _DllUnregisterServer@0     1000a5aa f   PointCardRW.obj
 0001:000095b9       _InlineIsEqualGUID         1000a5b9 f i PointCardRW.obj
 0001:000095e9       ___local_stdio_printf_options 1000a5e9 f i PointCardRW.obj
 0001:000095ef       __vswprintf_s_l            1000a5ef f i PointCardRW.obj
 0001:0000969c       _swprintf_s                1000a69c f i PointCardRW.obj
 0001:000096b8       ??0?$CComControl@VCOPOSPointCardRW@@V?$CWindowImpl@VCOPOSPointCardRW@@VCWindow@ATL@@V?$CWinTraits@$0FGAAAAAA@$0A@@3@@ATL@@@ATL@@QAE@XZ 1000a6b8 f i PointCardRWImpl.obj
 0001:000096df       ??0?$CProxy_IOPOSEvents@VCOPOSPointCardRW@@@@QAE@XZ 1000a6df f i PointCardRWImpl.obj
 0001:00009702       ??0CComControlBase@ATL@@QAE@AAPAUHWND__@@@Z 1000a702 f i PointCardRWImpl.obj
 0001:0000974c       ??0COPOSPointCardRW@@QAE@XZ 1000a74c f   PointCardRWImpl.obj
 0001:00009782       ??1?$CComControl@VCOPOSPointCardRW@@V?$CWindowImpl@VCOPOSPointCardRW@@VCWindow@ATL@@V?$CWinTraits@$0FGAAAAAA@$0A@@3@@ATL@@@ATL@@UAE@XZ 1000a782 f i PointCardRWImpl.obj
 0001:0000979b       ??1?$IConnectionPointImpl@VCOPOSPointCardRW@@$1?DIID__IOPOSPointCardRWEvents@@3U_GUID@@BVCComDynamicUnkArray@ATL@@@ATL@@QAE@XZ 1000a79b f i PointCardRWImpl.obj
 0001:0000979b       ??1?$IConnectionPointImpl@VCOPOSPointCardRW@@$1?IID_IPropertyNotifySink@@3U_GUID@@BVCComDynamicUnkArray@ATL@@@ATL@@QAE@XZ 1000a79b f i PointCardRWImpl.obj
 0001:000097d8       ??1CComControlBase@ATL@@UAE@XZ 1000a7d8 f i PointCardRWImpl.obj
 0001:0000983b       ??1COPOSPointCardRW@@UAE@XZ 1000a83b f   PointCardRWImpl.obj
 0001:00009883       ?BeginInsertion@COPOSPointCardRW@@UAGJJPAJ@Z 1000a883 f   PointCardRWImpl.obj
 0001:000098d2       ?BeginRemoval@COPOSPointCardRW@@UAGJJPAJ@Z 1000a8d2 f   PointCardRWImpl.obj
 0001:00009921       ?CheckHealth@COPOSPointCardRW@@UAGJJPAJ@Z 1000a921 f   PointCardRWImpl.obj
 0001:00009970       ?ClaimDevice@COPOSPointCardRW@@UAGJJPAJ@Z 1000a970 f   PointCardRWImpl.obj
 0001:000099e5       ?CleanCard@COPOSPointCardRW@@UAGJPAJ@Z 1000a9e5 f   PointCardRWImpl.obj
 0001:00009a00       ?ClearInput@COPOSPointCardRW@@UAGJPAJ@Z 1000aa00 f   PointCardRWImpl.obj
 0001:00009a1b       ?ClearInputProperties@COPOSPointCardRW@@UAGJPAJ@Z 1000aa1b f   PointCardRWImpl.obj
 0001:00009a36       ?ClearOutput@COPOSPointCardRW@@UAGJPAJ@Z 1000aa36 f   PointCardRWImpl.obj
 0001:00009a51       ?ClearPrintWrite@COPOSPointCardRW@@UAGJJJJJJPAJ@Z 1000aa51 f   PointCardRWImpl.obj
 0001:00009afd       ?Close@COPOSPointCardRW@@UAGJPAJ@Z 1000aafd f   PointCardRWImpl.obj
 0001:00009b6b       ?CompareFirmwareVersion@COPOSPointCardRW@@UAGJPA_WPAJ1@Z 1000ab6b f   PointCardRWImpl.obj
 0001:00009beb       ?DirectIO@COPOSPointCardRW@@UAGJJPAJPAPA_W0@Z 1000abeb f   PointCardRWImpl.obj
 0001:00009c99       ?DoInvoke@COPOSPointCardRW@@IAEJJPAVOposVariant@@IHPAJ_N@Z 1000ac99 f   PointCardRWImpl.obj
 0001:00009d75       ?EndInsertion@COPOSPointCardRW@@UAGJPAJ@Z 1000ad75 f   PointCardRWImpl.obj
 0001:00009d90       ?EndRemoval@COPOSPointCardRW@@UAGJPAJ@Z 1000ad90 f   PointCardRWImpl.obj
 0001:00009dab       ?EventClose@COPOSPointCardRW@@IAEXXZ 1000adab f i PointCardRWImpl.obj
 0001:00009dde       ?EventInit@COPOSPointCardRW@@IAEJXZ 1000adde f i PointCardRWImpl.obj
 0001:00009eaa       ?EventUninit@COPOSPointCardRW@@IAEXXZ 1000aeaa f i PointCardRWImpl.obj
 0001:00009efc       ?EventWindowProc@COPOSPointCardRW@@IAGJIIJ@Z 1000aefc f i PointCardRWImpl.obj
 0001:00009ffa       ?FinalConstruct@COPOSPointCardRW@@QAEJXZ 1000affa f   PointCardRWImpl.obj
 0001:0000a033       ?FireEventCleanup@COPOSPointCardRW@@IAEXXZ 1000b033 f i PointCardRWImpl.obj
 0001:0000a049       ?FireEventSetup@COPOSPointCardRW@@IAE_NXZ 1000b049 f i PointCardRWImpl.obj
 0001:0000a07d       ?FreezeEvents@COPOSPointCardRW@@MAGJH@Z 1000b07d f   PointCardRWImpl.obj
 0001:0000a0dd       ?GetOposProp@COPOSPointCardRW@@IAEJJPAFJ@Z 1000b0dd f   PointCardRWImpl.obj
 0001:0000a100       ?GetOposProp@COPOSPointCardRW@@IAEJJPAJJ@Z 1000b100 f   PointCardRWImpl.obj
 0001:0000a1cf       ?GetOposProp@COPOSPointCardRW@@IAEJJPAPA_WJ@Z 1000b1cf f   PointCardRWImpl.obj
 0001:0000a2ab       ?OnDraw@COPOSPointCardRW@@MAEJAAUATL_DRAWINFO@@@Z 1000b2ab f   PointCardRWImpl.obj
 0001:0000a34b       ?Open@COPOSPointCardRW@@UAGJPA_WPAJ@Z 1000b34b f   PointCardRWImpl.obj
 0001:0000ab9e       ?PrintWrite@COPOSPointCardRW@@UAGJJJJPA_WPAJ@Z 1000bb9e f   PointCardRWImpl.obj
 0001:0000ac4d       ?ReleaseDevice@COPOSPointCardRW@@UAGJPAJ@Z 1000bc4d f   PointCardRWImpl.obj
 0001:0000ac9c       ?ResetStatistics@COPOSPointCardRW@@UAGJPA_WPAJ@Z 1000bc9c f   PointCardRWImpl.obj
 0001:0000acf3       ?RetrieveStatistics@COPOSPointCardRW@@UAGJPAPA_WPAJ@Z 1000bcf3 f   PointCardRWImpl.obj
 0001:0000ad4a       ?RotatePrint@COPOSPointCardRW@@UAGJJPAJ@Z 1000bd4a f   PointCardRWImpl.obj
 0001:0000ad99       ?SOProcessID@COPOSPointCardRW@@UAGJPAJ@Z 1000bd99 f   PointCardRWImpl.obj
 0001:0000adad       ?SetCOFreezeEvents@COPOSPointCardRW@@IAEXF@Z 1000bdad f   PointCardRWImpl.obj
 0001:0000ae4d       ?SetOposProp@COPOSPointCardRW@@IAEJJJJ@Z 1000be4d f   PointCardRWImpl.obj
 0001:0000af44       ?SetOposProp@COPOSPointCardRW@@IAEJJPA_WJ@Z 1000bf44 f   PointCardRWImpl.obj
 0001:0000b045       ?UpdateFirmware@COPOSPointCardRW@@UAGJPA_WPAJ@Z 1000c045 f   PointCardRWImpl.obj
 0001:0000b09c       ?UpdateStatistics@COPOSPointCardRW@@UAGJPA_WPAJ@Z 1000c09c f   PointCardRWImpl.obj
 0001:0000b0f3       ?ValidateData@COPOSPointCardRW@@UAGJPA_WPAJ@Z 1000c0f3 f   PointCardRWImpl.obj
 0001:0000b14a       ?get_BinaryConversion@COPOSPointCardRW@@UAGJPAJ@Z 1000c14a f   PointCardRWImpl.obj
 0001:0000b160       ?get_CapBold@COPOSPointCardRW@@UAGJPAF@Z 1000c160 f   PointCardRWImpl.obj
 0001:0000b179       ?get_CapCardEntranceSensor@COPOSPointCardRW@@UAGJPAF@Z 1000c179 f   PointCardRWImpl.obj
 0001:0000b192       ?get_CapCharacterSet@COPOSPointCardRW@@UAGJPAJ@Z 1000c192 f   PointCardRWImpl.obj
 0001:0000b1ab       ?get_CapCleanCard@COPOSPointCardRW@@UAGJPAF@Z 1000c1ab f   PointCardRWImpl.obj
 0001:0000b1c4       ?get_CapClearPrint@COPOSPointCardRW@@UAGJPAF@Z 1000c1c4 f   PointCardRWImpl.obj
 0001:0000b1dd       ?get_CapCompareFirmwareVersion@COPOSPointCardRW@@UAGJPAF@Z 1000c1dd f   PointCardRWImpl.obj
 0001:0000b1f6       ?get_CapDhigh@COPOSPointCardRW@@UAGJPAF@Z 1000c1f6 f   PointCardRWImpl.obj
 0001:0000b20f       ?get_CapDwide@COPOSPointCardRW@@UAGJPAF@Z 1000c20f f   PointCardRWImpl.obj
 0001:0000b228       ?get_CapDwideDhigh@COPOSPointCardRW@@UAGJPAF@Z 1000c228 f   PointCardRWImpl.obj
 0001:0000b241       ?get_CapItalic@COPOSPointCardRW@@UAGJPAF@Z 1000c241 f   PointCardRWImpl.obj
 0001:0000b25a       ?get_CapLeft90@COPOSPointCardRW@@UAGJPAF@Z 1000c25a f   PointCardRWImpl.obj
 0001:0000b273       ?get_CapMapCharacterSet@COPOSPointCardRW@@UAGJPAF@Z 1000c273 f   PointCardRWImpl.obj
 0001:0000b28c       ?get_CapPowerReporting@COPOSPointCardRW@@UAGJPAJ@Z 1000c28c f   PointCardRWImpl.obj
 0001:0000b2a5       ?get_CapPrint@COPOSPointCardRW@@UAGJPAF@Z 1000c2a5 f   PointCardRWImpl.obj
 0001:0000b2be       ?get_CapPrintMode@COPOSPointCardRW@@UAGJPAF@Z 1000c2be f   PointCardRWImpl.obj
 0001:0000b2d7       ?get_CapRight90@COPOSPointCardRW@@UAGJPAF@Z 1000c2d7 f   PointCardRWImpl.obj
 0001:0000b2f0       ?get_CapRotate180@COPOSPointCardRW@@UAGJPAF@Z 1000c2f0 f   PointCardRWImpl.obj
 0001:0000b309       ?get_CapStatisticsReporting@COPOSPointCardRW@@UAGJPAF@Z 1000c309 f   PointCardRWImpl.obj
 0001:0000b322       ?get_CapTracksToRead@COPOSPointCardRW@@UAGJPAJ@Z 1000c322 f   PointCardRWImpl.obj
 0001:0000b33b       ?get_CapTracksToWrite@COPOSPointCardRW@@UAGJPAJ@Z 1000c33b f   PointCardRWImpl.obj
 0001:0000b354       ?get_CapUpdateFirmware@COPOSPointCardRW@@UAGJPAF@Z 1000c354 f   PointCardRWImpl.obj
 0001:0000b36d       ?get_CapUpdateStatistics@COPOSPointCardRW@@UAGJPAF@Z 1000c36d f   PointCardRWImpl.obj
 0001:0000b386       ?get_CardState@COPOSPointCardRW@@UAGJPAJ@Z 1000c386 f   PointCardRWImpl.obj
 0001:0000b39f       ?get_CharacterSet@COPOSPointCardRW@@UAGJPAJ@Z 1000c39f f   PointCardRWImpl.obj
 0001:0000b3b8       ?get_CharacterSetList@COPOSPointCardRW@@UAGJPAPA_W@Z 1000c3b8 f   PointCardRWImpl.obj
 0001:0000b3d1       ?get_CheckHealthText@COPOSPointCardRW@@UAGJPAPA_W@Z 1000c3d1 f   PointCardRWImpl.obj
 0001:0000b3ea       ?get_Claimed@COPOSPointCardRW@@UAGJPAF@Z 1000c3ea f   PointCardRWImpl.obj
 0001:0000b400       ?get_ControlObjectDescription@COPOSPointCardRW@@UAGJPAPA_W@Z 1000c400 f   PointCardRWImpl.obj
 0001:0000b44e       ?get_ControlObjectVersion@COPOSPointCardRW@@UAGJPAJ@Z 1000c44e f   PointCardRWImpl.obj
 0001:0000b461       ?get_DataCount@COPOSPointCardRW@@UAGJPAJ@Z 1000c461 f   PointCardRWImpl.obj
 0001:0000b477       ?get_DataEventEnabled@COPOSPointCardRW@@UAGJPAF@Z 1000c477 f   PointCardRWImpl.obj
 0001:0000b48d       ?get_DeviceDescription@COPOSPointCardRW@@UAGJPAPA_W@Z 1000c48d f   PointCardRWImpl.obj
 0001:0000b4a6       ?get_DeviceEnabled@COPOSPointCardRW@@UAGJPAF@Z 1000c4a6 f   PointCardRWImpl.obj
 0001:0000b4bc       ?get_DeviceName@COPOSPointCardRW@@UAGJPAPA_W@Z 1000c4bc f   PointCardRWImpl.obj
 0001:0000b4d5       ?get_FontTypeFaceList@COPOSPointCardRW@@UAGJPAPA_W@Z 1000c4d5 f   PointCardRWImpl.obj
 0001:0000b4ee       ?get_FreezeEvents@COPOSPointCardRW@@UAGJPAF@Z 1000c4ee f   PointCardRWImpl.obj
 0001:0000b504       ?get_LineChars@COPOSPointCardRW@@UAGJPAJ@Z 1000c504 f   PointCardRWImpl.obj
 0001:0000b51d       ?get_LineCharsList@COPOSPointCardRW@@UAGJPAPA_W@Z 1000c51d f   PointCardRWImpl.obj
 0001:0000b536       ?get_LineHeight@COPOSPointCardRW@@UAGJPAJ@Z 1000c536 f   PointCardRWImpl.obj
 0001:0000b54f       ?get_LineSpacing@COPOSPointCardRW@@UAGJPAJ@Z 1000c54f f   PointCardRWImpl.obj
 0001:0000b568       ?get_LineWidth@COPOSPointCardRW@@UAGJPAJ@Z 1000c568 f   PointCardRWImpl.obj
 0001:0000b581       ?get_MapCharacterSet@COPOSPointCardRW@@UAGJPAF@Z 1000c581 f   PointCardRWImpl.obj
 0001:0000b59a       ?get_MapMode@COPOSPointCardRW@@UAGJPAJ@Z 1000c59a f   PointCardRWImpl.obj
 0001:0000b5b3       ?get_MaxLine@COPOSPointCardRW@@UAGJPAJ@Z 1000c5b3 f   PointCardRWImpl.obj
 0001:0000b5cc       ?get_OpenResult@COPOSPointCardRW@@UAGJPAJ@Z 1000c5cc f   PointCardRWImpl.obj
 0001:0000b5e3       ?get_OutputID@COPOSPointCardRW@@UAGJPAJ@Z 1000c5e3 f   PointCardRWImpl.obj
 0001:0000b5f9       ?get_PowerNotify@COPOSPointCardRW@@UAGJPAJ@Z 1000c5f9 f   PointCardRWImpl.obj
 0001:0000b60f       ?get_PowerState@COPOSPointCardRW@@UAGJPAJ@Z 1000c60f f   PointCardRWImpl.obj
 0001:0000b625       ?get_PrintHeight@COPOSPointCardRW@@UAGJPAJ@Z 1000c625 f   PointCardRWImpl.obj
 0001:0000b63e       ?get_ReadState1@COPOSPointCardRW@@UAGJPAJ@Z 1000c63e f   PointCardRWImpl.obj
 0001:0000b657       ?get_ReadState2@COPOSPointCardRW@@UAGJPAJ@Z 1000c657 f   PointCardRWImpl.obj
 0001:0000b670       ?get_RecvLength1@COPOSPointCardRW@@UAGJPAJ@Z 1000c670 f   PointCardRWImpl.obj
 0001:0000b689       ?get_RecvLength2@COPOSPointCardRW@@UAGJPAJ@Z 1000c689 f   PointCardRWImpl.obj
 0001:0000b6a2       ?get_ResultCode@COPOSPointCardRW@@UAGJPAJ@Z 1000c6a2 f   PointCardRWImpl.obj
 0001:0000b6e0       ?get_ResultCodeExtended@COPOSPointCardRW@@UAGJPAJ@Z 1000c6e0 f   PointCardRWImpl.obj
 0001:0000b6f6       ?get_ServiceObjectDescription@COPOSPointCardRW@@UAGJPAPA_W@Z 1000c6f6 f   PointCardRWImpl.obj
 0001:0000b70f       ?get_ServiceObjectVersion@COPOSPointCardRW@@UAGJPAJ@Z 1000c70f f   PointCardRWImpl.obj
 0001:0000b725       ?get_SidewaysMaxChars@COPOSPointCardRW@@UAGJPAJ@Z 1000c725 f   PointCardRWImpl.obj
 0001:0000b73e       ?get_SidewaysMaxLines@COPOSPointCardRW@@UAGJPAJ@Z 1000c73e f   PointCardRWImpl.obj
 0001:0000b757       ?get_State@COPOSPointCardRW@@UAGJPAJ@Z 1000c757 f   PointCardRWImpl.obj
 0001:0000b783       ?get_Track1Data@COPOSPointCardRW@@UAGJPAPA_W@Z 1000c783 f   PointCardRWImpl.obj
 0001:0000b79c       ?get_Track2Data@COPOSPointCardRW@@UAGJPAPA_W@Z 1000c79c f   PointCardRWImpl.obj
 0001:0000b7b5       ?get_Track3Data@COPOSPointCardRW@@UAGJPAPA_W@Z 1000c7b5 f   PointCardRWImpl.obj
 0001:0000b7ce       ?get_Track4Data@COPOSPointCardRW@@UAGJPAPA_W@Z 1000c7ce f   PointCardRWImpl.obj
[...]
 0002:00003888       ?_mb_locale_names@@3QBQB_WB 10023888     libucrt:mbctype.obj
 0002:000040d0       ?LcidToLocaleNameTable@?A0x881e4c05@@3QBULcidToLocaleName@1@B 100240d0     libucrt:lcidtoname_downlevel.obj
 0002:000051f8       ?LocaleNameToIndexTable@?A0x881e4c05@@3QBULocaleNameIndex@1@B 100251f8     libucrt:lcidtoname_downlevel.obj
 0002:00006b30       LOG_name                   10026b30     libucrt:log10_impl.obj
 0002:00006b40       _One                       10026b40     libucrt:ceil_pentium4.obj
 0002:00006b50       _Bns                       10026b50     libucrt:ceil_pentium4.obj
 0002:00006b60       _Zero                      10026b60     libucrt:ceil_pentium4.obj
 0002:00006b70       _S                         10026b70     libucrt:ceil_pentium4.obj
 0002:00006b80       _NegZero                   10026b80     libucrt:ceil_pentium4.obj
 0002:00006b90       emask                      10026b90     libucrt:log10_pentium4.obj
 0002:00006ba0       CC                         10026ba0     libucrt:log10_pentium4.obj
 0002:00006bb0       Magic                      10026bb0     libucrt:log10_pentium4.obj
 0002:00006bc0       hi_mask                    10026bc0     libucrt:log10_pentium4.obj
 0002:00006bd0       LOG10_2                    10026bd0     libucrt:log10_pentium4.obj
 0002:00006be0       place_L                    10026be0     libucrt:log10_pentium4.obj
 0002:00006c00       One                        10026c00     libucrt:log10_pentium4.obj
 0002:00006c10       Zero                       10026c10     libucrt:log10_pentium4.obj
 0002:00006c20       Two52                      10026c20     libucrt:log10_pentium4.obj
 0002:00006c30       Infs                       10026c30     libucrt:log10_pentium4.obj
 0002:00006c40       NaN                        10026c40     libucrt:log10_pentium4.obj
 0002:00006c50       coeff                      10026c50     libucrt:log10_pentium4.obj
 0002:00006cae       _log2max                   10026cae     libucrt:87tran.obj
 0002:00006cb8       _smallarg                  10026cb8     libucrt:87tran.obj
 0002:00006cc2       _half                      10026cc2     libucrt:87tran.obj
 0002:00006d0e       One                        10026d0e     libucrt:87disp.obj
 0002:00006d16       Three                      10026d16     libucrt:87disp.obj
 0002:00006d1e       XAMtoTagTab                10026d1e     libucrt:87disp.obj
 0002:00006d30       One                        10026d30     libucrt:common.obj
 0002:00006d44       DblMax                     10026d44     libucrt:common.obj
 0002:00006d4c       DblMin                     10026d4c     libucrt:common.obj
 0002:00006d54       IeeeAdjO                   10026d54     libucrt:common.obj
 0002:00006d5c       IeeeAdjU                   10026d5c     libucrt:common.obj
 0002:00006d64       _infinity                  10026d64     libucrt:common.obj
 0002:00006d6c       _zero                      10026d6c     libucrt:common.obj
 0002:00006db8       _over                      10026db8     libucrt:fpctrl.obj
 0002:00006dc4       _under                     10026dc4     libucrt:fpctrl.obj
 0002:000075f8       ?_names@?1??_get_fname@@9@9 100275f8     libucrt:fpexcept.obj
 0002:000077a0       two32                      100277a0     LIBCMT:ftol2.obj
 0002:000077a4       two63                      100277a4     LIBCMT:ftol2.obj
 0002:000077a8       _NaN                       100277a8     LIBCMT:ftol2.obj
 0002:00007e60       __sehtable$?_AtlVerifyStackAvailable@_ATL_SAFE_ALLOCA_IMPL@ATL@@YA_NK@Z 10027e60     PointCardRW.obj
 0002:00007e80       __sehtable$___scrt_is_nonwritable_in_current_image 10027e80     LIBCMT:utility.obj
 0002:00007e9c       __catchsym$??2@YAPAXIABUnothrow_t@std@@@Z$2 10027e9c     LIBCMT:new_scalar_nothrow.obj
 0002:00007eac       __unwindtable$??2@YAPAXIABUnothrow_t@std@@@Z 10027eac     LIBCMT:new_scalar_nothrow.obj
 0002:00007ebc       __tryblocktable$??2@YAPAXIABUnothrow_t@std@@@Z 10027ebc     LIBCMT:new_scalar_nothrow.obj
 0002:00007ed0       __ehfuncinfo$??2@YAPAXIABUnothrow_t@std@@@Z 10027ed0     LIBCMT:new_scalar_nothrow.obj
 0002:00007ef8       __sehtable$?dllmain_crt_process_attach@@YAHQAUHINSTANCE__@@QAX@Z 10027ef8     LIBCMT:dll_dllmain.obj
 0002:00007f18       __sehtable$?dllmain_crt_process_detach@@YAH_N@Z 10027f18     LIBCMT:dll_dllmain.obj
 0002:00007f40       __sehtable$?dllmain_dispatch@@YAHQAUHINSTANCE__@@KQAX@Z 10027f40     LIBCMT:dll_dllmain.obj
 0002:00007ff0       __sehtable$___DestructExceptionObject 10027ff0     libvcruntime:ehhelpers.obj
 0002:00008010       __sehtable$?FrameUnwindToState@__FrameHandler3@@SAXPAUEHRegistrationNode@@PAXPBU_s_FuncInfo@@H@Z 10028010     libvcruntime:frame.obj
 0002:00008038       __sehtable$?CallCatchBlock@@YAPAXPAUEHExceptionRecord@@PAUEHRegistrationNode@@PAU_CONTEXT@@PBU_s_FuncInfo@@PAXHK@Z 10028038     libvcruntime:frame.obj
 0002:00008060       __catchsym$?CallUnexpected@@YAXPBU_s_ESTypeList@@@Z$2 10028060     libvcruntime:frame.obj
 0002:00008070       __unwindtable$?CallUnexpected@@YAXPBU_s_ESTypeList@@@Z 10028070     libvcruntime:frame.obj
 0002:00008080       __tryblocktable$?CallUnexpected@@YAXPBU_s_ESTypeList@@@Z 10028080     libvcruntime:frame.obj
 0002:00008094       __ehfuncinfo$?CallUnexpected@@YAXPBU_s_ESTypeList@@@Z 10028094     libvcruntime:frame.obj
 0002:000080b8       __sehtable$??$BuildCatchObjectHelperInternal@V__FrameHandler3@@@@YAHPAUEHExceptionRecord@@PAXPBU_s_HandlerType@@PBU_s_CatchableType@@@Z 100280b8     libvcruntime:frame.obj
 0002:000080d8       __sehtable$??$BuildCatchObjectInternal@V__FrameHandler3@@@@YAXPAUEHExceptionRecord@@PAXPBU_s_HandlerType@@PBU_s_CatchableType@@@Z 100280d8     libvcruntime:frame.obj
 0002:00008130       __sehtable$??R<lambda_6e4b09c48022b2350581041d5f6b0c4c>@@QBE@XZ 10028130     libucrt:exit.obj
 0002:00008150       __sehtable$??$?RV<lambda_03b1d95aef87969028cfba75ccab2455>@@AAV<lambda_6e4b09c48022b2350581041d5f6b0c4c>@@V<lambda_22bdf7517842c4b3e53723af5aa32b9e>@@@?$__crt_seh_guarded_call@X@@QAEX$$QAV<lambda_03b1d95aef87969028cfba75ccab2455>@@AAV<lambda_6e4b09c48022b2350581041d5f6b0c4c>@@$$QAV<lambda_22bdf7517842c4b3e53723af5aa32b9e>@@@Z 10028150     libucrt:exit.obj
 0002:00008170       __sehtable$??$?RV<lambda_8e746cf0007f6ed984d6f78af1fec997>@@AAV<lambda_22ebabd17bc4fa466a2aca6d8deb888d>@@V<lambda_18ed0c0b38a6dc0daf1e7ac6d6adf05e>@@@?$__crt_seh_guarded_call@H@@QAEH$$QAV<lambda_8e746cf0007f6ed984d6f78af1fec997>@@AAV<lambda_22ebabd17bc4fa466a2aca6d8deb888d>@@$$QAV<lambda_18ed0c0b38a6dc0daf1e7ac6d6adf05e>@@@Z 10028170     libucrt:onexit.obj
 0002:00008190       __sehtable$??$?RV<lambda_69a2805e680e0e292e8ba93315fe43a8>@@AAV<lambda_f03950bc5685219e0bcd2087efbe011e>@@V<lambda_03fcd07e894ec930e3f35da366ca99d6>@@@?$__crt_seh_guarded_call@H@@QAEH$$QAV<lambda_69a2805e680e0e292e8ba93315fe43a8>@@AAV<lambda_f03950bc5685219e0bcd2087efbe011e>@@$$QAV<lambda_03fcd07e894ec930e3f35da366ca99d6>@@@Z 10028190     libucrt:onexit.obj
 0002:000081b0       __sehtable$__query_new_handler 100281b0     libucrt:new_handler.obj
 0002:000081d0       __sehtable$_terminate      100281d0     libucrt:terminate.obj
 0002:000081f0       __sehtable$??$?RV<lambda_15ade71b0218206bbe3333a0c9b79046>@@AAV<lambda_da44e0f8b0f19ba52fefafb335991732>@@V<lambda_207f2d024fc103971653565357d6cd41>@@@?$__crt_seh_guarded_call@X@@QAEX$$QAV<lambda_15ade71b0218206bbe3333a0c9b79046>@@AAV<lambda_da44e0f8b0f19ba52fefafb335991732>@@$$QAV<lambda_207f2d024fc103971653565357d6cd41>@@@Z 100281f0     libucrt:per_thread_data.obj
 0002:00008210       __sehtable$??$?RV<lambda_a7e850c220f1c8d1e6efeecdedd162c6>@@AAV<lambda_46720907175c18b6c9d2717bc0d2d362>@@V<lambda_9048902d66e8d99359bc9897bbb930a8>@@@?$__crt_seh_guarded_call@X@@QAEX$$QAV<lambda_a7e850c220f1c8d1e6efeecdedd162c6>@@AAV<lambda_46720907175c18b6c9d2717bc0d2d362>@@$$QAV<lambda_9048902d66e8d99359bc9897bbb930a8>@@@Z 10028210     libucrt:per_thread_data.obj
 0002:00008230       __sehtable$??$?RV<lambda_38edbb1296d33220d7e4dd0ed76b244a>@@AAV<lambda_5ce1d447e08cb34b2473517608e21441>@@V<lambda_fb385d3da700c9147fc39e65dd577a8c>@@@?$__crt_seh_guarded_call@X@@QAEX$$QAV<lambda_38edbb1296d33220d7e4dd0ed76b244a>@@AAV<lambda_5ce1d447e08cb34b2473517608e21441>@@$$QAV<lambda_fb385d3da700c9147fc39e65dd577a8c>@@@Z 10028230     libucrt:per_thread_data.obj
 0002:00008250       __sehtable$??$?RV<lambda_6affb1475c98b40b75cdec977db92e3c>@@AAV<lambda_b8d4b9c228a6ecc3f80208dbb4b4a104>@@V<lambda_608742c3c92a14382c1684fc64f96c88>@@@?$__crt_seh_guarded_call@X@@QAEX$$QAV<lambda_6affb1475c98b40b75cdec977db92e3c>@@AAV<lambda_b8d4b9c228a6ecc3f80208dbb4b4a104>@@$$QAV<lambda_608742c3c92a14382c1684fc64f96c88>@@@Z 10028250     libucrt:per_thread_data.obj
 0002:00008270       __sehtable$??$?RV<lambda_e5124f882df8998aaf41531e079ba474>@@AAV<lambda_3e16ef9562a7dcce91392c22ab16ea36>@@V<lambda_e25ca0880e6ef98be67edffd8c599615>@@@?$__crt_seh_guarded_call@X@@QAEX$$QAV<lambda_e5124f882df8998aaf41531e079ba474>@@AAV<lambda_3e16ef9562a7dcce91392c22ab16ea36>@@$$QAV<lambda_e25ca0880e6ef98be67edffd8c599615>@@@Z 10028270     libucrt:wsetlocale.obj
 0002:00008290       __sehtable$___acrt_initialize_lowio 10028290     libucrt:ioinit.obj
 0002:000082b0       __sehtable$?update_thread_multibyte_data_internal@@YAPAU__crt_multibyte_data@@QAU__acrt_ptd@@QAPAU1@@Z 100282b0     libucrt:mbctype.obj
 0002:000082d0       __sehtable$??$?RV<lambda_ceb1ee4838e85a9d631eb091e2fbe199>@@AAV<lambda_ae742caa10f662c28703da3d2ea5e57e>@@V<lambda_cd08b5d6af4937fe54fc07d0c9bf6b37>@@@?$__crt_seh_guarded_call@X@@QAEX$$QAV<lambda_ceb1ee4838e85a9d631eb091e2fbe199>@@AAV<lambda_ae742caa10f662c28703da3d2ea5e57e>@@$$QAV<lambda_cd08b5d6af4937fe54fc07d0c9bf6b37>@@@Z 100282d0     libucrt:mbctype.obj
 0002:000082f0       __sehtable$_raise          100282f0     libucrt:signal.obj
 0002:00008310       __sehtable$??$?RV<lambda_cbab9ec6f41b0180b23cc171c22676b0>@@AAV<lambda_44731a7d0e6d81c3e6aa82d741081786>@@V<lambda_4b292cb8dd18144e164572427af410ab>@@@?$__crt_seh_guarded_call@P6AXH@Z@@QAEP6AXH@Z$$QAV<lambda_cbab9ec6f41b0180b23cc171c22676b0>@@AAV<lambda_44731a7d0e6d81c3e6aa82d741081786>@@$$QAV<lambda_4b292cb8dd18144e164572427af410ab>@@@Z 10028310     libucrt:signal.obj
 0002:00008330       __sehtable$??$?RV<lambda_2866be3712abc81a800a822484c830d8>@@AAV<lambda_39ca0ed439415581b5b15c265174cece>@@V<lambda_2b24c74d71094a6cd0cb82e44167d71b>@@@?$__crt_seh_guarded_call@X@@QAEX$$QAV<lambda_2866be3712abc81a800a822484c830d8>@@AAV<lambda_39ca0ed439415581b5b15c265174cece>@@$$QAV<lambda_2b24c74d71094a6cd0cb82e44167d71b>@@@Z 10028330     libucrt:fflush.obj
 0002:00008350       __sehtable$??$?RV<lambda_2cc53f568c5a2bb6f192f930a45d44ea>@@AAV<lambda_ab61a845afdef5b7c387490eaf3616ee>@@V<lambda_c2ffc0b7726aa6be21d5f0026187e748>@@@?$__crt_seh_guarded_call@X@@QAEX$$QAV<lambda_2cc53f568c5a2bb6f192f930a45d44ea>@@AAV<lambda_ab61a845afdef5b7c387490eaf3616ee>@@$$QAV<lambda_c2ffc0b7726aa6be21d5f0026187e748>@@@Z 10028350     libucrt:fflush.obj
 0002:00008370       __sehtable$___acrt_update_thread_locale_data 10028370     libucrt:locale_refcounting.obj
 0002:00008390       __sehtable$__fcloseall     10028390     libucrt:closeall.obj
 0002:000083b0       __sehtable$___acrt_lowio_ensure_fh_exists 100283b0     libucrt:osfinfo.obj
 0002:000083d0       __sehtable$??$?RV<lambda_9e9de3de5fa147e2223d7db92bc10aa6>@@AAV<lambda_38ce7e780aa69e748d6df282ebc68efe>@@V<lambda_8ca6da459f0f6780f1cff60fdc3d00e5>@@@?$__crt_seh_guarded_call@H@@QAEH$$QAV<lambda_9e9de3de5fa147e2223d7db92bc10aa6>@@AAV<lambda_38ce7e780aa69e748d6df282ebc68efe>@@$$QAV<lambda_8ca6da459f0f6780f1cff60fdc3d00e5>@@@Z 100283d0     libucrt:commit.obj
 0002:000083f0       __sehtable$__write         100283f0     libucrt:write.obj
 0002:00008410       __sehtable$_fclose         10028410     libucrt:fclose.obj
 0002:00008430       __sehtable$??$?RV<lambda_218ce3db14220d0be481dae8ef3383b6>@@AAV<lambda_628dfdc04ba53c8bfc02c9951375f3f5>@@V<lambda_57dc472bd5c9d5f3b2cbca59b8a843ae>@@@?$__crt_seh_guarded_call@H@@QAEH$$QAV<lambda_218ce3db14220d0be481dae8ef3383b6>@@AAV<lambda_628dfdc04ba53c8bfc02c9951375f3f5>@@$$QAV<lambda_57dc472bd5c9d5f3b2cbca59b8a843ae>@@@Z 10028430     libucrt:close.obj
 0002:00008450       __sehtable$___set_fpsr_sse2 10028450     libucrt:fpctrl.obj
 0002:00008470       __sehtable$__IsNonwritableInCurrentImage 10028470     LIBCMT:pesect.obj
 0002:000084a0       .edata                     100284a0     OPOSPointCardRW.exp
 0002:000084c8       rgpv                       100284c8     OPOSPointCardRW.exp
 0002:000084d8       rgszName                   100284d8     OPOSPointCardRW.exp
 0002:000084e8       rgwOrd                     100284e8     OPOSPointCardRW.exp
 0002:000084f0       szName                     100284f0     OPOSPointCardRW.exp
 0002:00008504       $N00001                    10028504     OPOSPointCardRW.exp
 0002:00008514       $N00002                    10028514     OPOSPointCardRW.exp
 0002:00008526       $N00003                    10028526     OPOSPointCardRW.exp
 0002:00008538       $N00004                    10028538     OPOSPointCardRW.exp
 0002:00008b46       .idata$6                   10028b46     kernel32:KERNEL32.dll
 0002:00008d5a       .idata$6                   10028d5a     user32:USER32.dll
 0002:00008e8e       .idata$6                   10028e8e     gdi32:GDI32.dll
 0002:00008f34       .idata$6                   10028f34     advapi32:ADVAPI32.dll
 0002:00009050       .idata$6                   10029050     ole32:ole32.dll
 0002:0000905a       .idata$6                   1002905a     oleaut32:OLEAUT32.dll
 0003:00000110       ?ObjectMap@@3PAU_ATL_OBJMAP_ENTRY30@ATL@@A 1002a110     PointCardRW.obj
 0003:000001d0       ?s_SOMethodNames@@3PAPADA  1002a1d0     PointCardRWImpl.obj
 0003:00000244       ?s_RequiredMethodsPerRelease@@3PAHA 1002a244     PointCardRWImpl.obj
 0003:00000280       ?__vcrt_flsindex@@3KA      1002a280     libvcruntime:per_thread_data.obj
 0003:000002a0       ?errno_no_memory@@3HA      1002a2a0     libucrt:errno.obj
 0003:000002a4       ?doserrno_no_memory@@3KA   1002a2a4     libucrt:errno.obj
 0003:000002b0       ?__acrt_flsindex@@3KA      1002a2b0     libucrt:per_thread_data.obj
 0003:00000648       __mbctypes                 1002a648     libucrt:mbctype.obj
 0003:00000750       __mbcasemaps               1002a750     libucrt:mbctype.obj
 0003:00000850       ?__rgctypeflag@@3PADA      1002a850     libucrt:mbctype.obj
 0003:00000858       ?__rgcode_page_info@@3PAUcode_page_info@@A 1002a858     libucrt:mbctype.obj
 0003:00000ab0       ?__dcrt_lowio_console_output_handle@@3PAXA 1002aab0     libucrt:initcon.obj
 0003:00000ab4       ?__DAZ_ENABLED@?1??__set_fpsr_sse2@@9@9 1002aab4     libucrt:fpctrl.obj
 0003:00000c48       ?is_initialized_as_dll@@3_NA 1002ac48     LIBCMT:utility.obj
 0003:00000c49       ?module_local_atexit_table_initialized@@3_NA 1002ac49     LIBCMT:utility.obj
 0003:00000c4c       ?module_local_atexit_table@@3U_onexit_table_t@@A 1002ac4c     LIBCMT:utility.obj
 0003:00000c58       ?module_local_at_quick_exit_table@@3U_onexit_table_t@@A 1002ac58     LIBCMT:utility.obj
 0003:00000c64       ?g_tss_cv@@3U_RTL_CONDITION_VARIABLE@@A 1002ac64     LIBCMT:thread_safe_statics.obj
 0003:00000c68       ?g_tss_event@@3PAXA        1002ac68     LIBCMT:thread_safe_statics.obj
 0003:00000c6c       ?g_tss_mutex@@3U_RTL_CRITICAL_SECTION@@A 1002ac6c     LIBCMT:thread_safe_statics.obj
 0003:00000c84       ?g_sleep_condition_variable_cs@@3P6GHPAU_RTL_CONDITION_VARIABLE@@PAU_RTL_CRITICAL_SECTION@@K@ZA 1002ac84     LIBCMT:thread_safe_statics.obj
 0003:00000c88       ?g_wake_all_condition_variable@@3P6GXPAU_RTL_CONDITION_VARIABLE@@@ZA 1002ac88     LIBCMT:thread_safe_statics.obj
 0003:00000c90       _GS_ExceptionRecord        1002ac90     LIBCMT:gs_report.obj
 0003:00000ce0       _GS_ContextRecord          1002ace0     LIBCMT:gs_report.obj
 0003:00000fb0       ?__proc_attached@@3HA      1002afb0     LIBCMT:dll_dllmain.obj
 0003:0000100c       ?AllocateData@@3P6GPAUAtlThunkData_t@@XZA 1002b00c     atls:atlthunk.obj
 0003:00001010       ?InitData@@3P6GXPAUAtlThunkData_t@@PAXI@ZA 1002b010     atls:atlthunk.obj
 0003:00001014       ?DataToCode@@3P6GP6GJPAUHWND__@@IIJ@ZPAUAtlThunkData_t@@@ZA 1002b014     atls:atlthunk.obj
 0003:00001018       ?FreeData@@3P6GXPAUAtlThunkData_t@@@ZA 1002b018     atls:atlthunk.obj
 0003:0000101c       ?Initialized@@3_NA         1002b01c     atls:atlthunk.obj
 0003:0000102c       ?__vcrt_startup_thread_ptd@@3U__vcrt_ptd@@A 1002b02c     libvcruntime:per_thread_data.obj
 0003:00001054       ___vcrt_lock_table         1002b054     libvcruntime:locks.obj
 0003:0000106c       ___vcrt_locks_initialized  1002b06c     libvcruntime:locks.obj
 0003:00001098       ?heap@@3V_HeapManager@@A   1002b098     libvcruntime:undname.obj
 0003:000010ac       ?module_handles@@3PAPAUHINSTANCE__@@A 1002b0ac     libvcruntime:winapi_downlevel.obj
 0003:000010b8       ?function_pointers@@3PAPAXA 1002b0b8     libvcruntime:winapi_downlevel.obj
 0003:000010cc       ?__acrt_invalid_parameter_handler@@3V?$dual_state_global@P6AXPB_W00II@Z@__crt_state_management@@A 1002b0cc     libucrt:invalid_parameter.obj
 0003:000010d0       ?c_termination_complete@@3JA 1002b0d0     libucrt:exit.obj
 0003:000010d4       ?thread_local_exit_callback_func@@3P6GXPAXK0@ZA 1002b0d4     libucrt:exit.obj
 0003:000010e0       ?program_name@?1???$common_configure_argv@D@@YAHW4_crt_argv_mode@@@Z@4PADA 1002b0e0     libucrt:argv_parsing.obj
 0003:00001210       ?__acrt_new_handler@@3V?$dual_state_global@P6AHI@Z@__crt_state_management@@A 1002b210     libucrt:new_handler.obj
 0003:00001218       ?module_handles@@3PAPAUHINSTANCE__@@A 1002b218     libucrt:winapi_thunks.obj
 0003:00001268       ?encoded_function_pointers@@3PAPAXA 1002b268     libucrt:winapi_thunks.obj
 0003:000012f0       ?internal_state@?1??_mbtowc_l@@9@4U_Mbstatet@@A 1002b2f0     libucrt:mbtowc.obj
 0003:00001300       ?enable_percent_n@@3IA     1002b300     libucrt:printf_count_output.obj
 0003:00001520       ?__acrt_lock_table@@3PAU_RTL_CRITICAL_SECTION@@A 1002b520     libucrt:locks.obj
 0003:00001670       ?__acrt_locks_initialized@@3IA 1002b670     libucrt:locks.obj
 0003:00001680       ?fSystemSet@@3HA           1002b680     libucrt:mbctype.obj
 0003:00001684       ?initialized@?1??__acrt_initialize_multibyte@@9@4_NA 1002b684     libucrt:mbctype.obj
 0003:000016a4       ?ctrlc_action@@3V?$dual_state_global@P6AXH@Z@__crt_state_management@@A 1002b6a4     libucrt:signal.obj
 0003:000016a8       ?ctrlbreak_action@@3V?$dual_state_global@P6AXH@Z@__crt_state_management@@A 1002b6a8     libucrt:signal.obj
 0003:000016ac       ?abort_action@@3V?$dual_state_global@P6AXH@Z@__crt_state_management@@A 1002b6ac     libucrt:signal.obj
 0003:000016b0       ?term_action@@3V?$dual_state_global@P6AXH@Z@__crt_state_management@@A 1002b6b0     libucrt:signal.obj
 0003:000016b4       ?user_matherr@@3V?$dual_state_global@P6AHPAU_exception@@@Z@__crt_state_management@@A 1002b6b4     libucrt:matherr.obj
 0003:000016b8       ?__acrt_global_new_mode@@3V?$dual_state_global@J@__crt_state_management@@A 1002b6b8     libucrt:new_mode.obj
 0003:000016c4       ?internal_pst@?1??__mbrtoc32_utf8@__crt_mbstring@@YAIPA_UPBDIPAU_Mbstatet@@@Z@4U3@A 1002b6c4     libucrt:mbrtoc32.obj
 0003:000016cc       ?__acrt_app_type@@3W4_crt_app_type@@A 1002b6cc     libucrt:report_runtime_error.obj
 0003:000016d4       __pmatherr_set             1002b6d4     libucrt:libm_error.obj
 0004:00000220       $R000000                   1002c220     PointCardRW.res
 0004:00000bc0       $R0009A0                   1002cbc0     PointCardRW.res
 0004:00000ca8       $R000A88                   1002cca8     PointCardRW.res
 0004:00000f10       $R000CF0                   1002cf10     PointCardRW.res
 0004:00001480       $R001260                   1002d480     PointCardRW.res
 0004:00005e58       $R005C38                   10031e58     PointCardRW.res
 0004:00005e90       $R005C70                   10031e90     PointCardRW.res
