 OPOSBiometrics

 Timestamp is 5defa83b (Tue Dec 10 23:14:19 2019)

 Preferred load address is 10000000

 Start         Length     Name                   Class
 0001:00000000 00000080H .text$di                CODE
 0001:00000080 0001e0c3H .text$mn                CODE
 0001:0001e143 00000036H .text$x                 CODE
 0001:0001e179 00000042H .text$yd                CODE
 0002:00000000 00000300H .idata$5                DATA
 0002:00000300 00000004H .00cfg                  DATA
 0002:00000304 00000004H .CRT$XCA                DATA
 0002:00000308 00000004H .CRT$XCL                DATA
 0002:0000030c 00000010H .CRT$XCU                DATA
 0002:0000031c 00000004H .CRT$XCZ                DATA
 0002:00000320 00000004H .CRT$XIA                DATA
 0002:00000324 00000010H .CRT$XIC                DATA
 0002:00000334 00000004H .CRT$XIZ                DATA
 0002:00000338 00000004H .CRT$XLA                DATA
 0002:0000033c 00000004H .CRT$XLZ                DATA
 0002:00000340 00000004H .CRT$XPA                DATA
 0002:00000344 00000008H .CRT$XPX                DATA
 0002:0000034c 00000004H .CRT$XPXA               DATA
 0002:00000350 00000004H .CRT$XPZ                DATA
 0002:00000354 00000004H .CRT$XTA                DATA
 0002:00000358 00000008H .CRT$XTZ                DATA
 0002:0000035c 00000000H .gfids$y                DATA
 0002:00000360 00006f9cH .rdata                  DATA
 0002:000072fc 00000018H .rdata$T                DATA
 0002:00007314 0000017cH .rdata$r                DATA
 0002:00007490 0000001cH .rdata$sxdata           DATA
 0002:000074ac 000003e0H .rdata$zzzdbg           DATA
 0002:0000788c 00000004H .rtc$IAA                DATA
 0002:00007890 00000004H .rtc$IZZ                DATA
 0002:00007894 00000004H .rtc$TAA                DATA
 0002:00007898 00000004H .rtc$TZZ                DATA
 0002:0000789c 00000004H .tls                    DATA
 0002:000078a0 00000004H .tls$                   DATA
 0002:000078a4 00000004H .tls$ZZZ                DATA
 0002:000078a8 0000060cH .xdata$x                DATA
 0002:00007eb4 00000004H ATL$__a                 DATA
 0002:00007eb8 00000008H ATL$__z                 DATA
 0002:00007ec0 000000acH .edata                  DATA
 0002:00007f6c 00000078H .idata$2                DATA
 0002:00007fe4 00000014H .idata$3                DATA
 0002:00007ff8 00000300H .idata$4                DATA
 0002:000082f8 00000bc8H .idata$6                DATA
 0003:00000000 00000ab0H .data                   DATA
 0003:00000ab0 00000098H .data$r                 DATA
 0003:00000b48 00000b80H .bss                    DATA
 0004:00000000 00000220H .rsrc$01                DATA
 0004:00000220 000048a0H .rsrc$02                DATA

  Address         Publics by Value              Rva+Base       Lib:Object

 0000:00000000       ___guard_fids_count        00000000     <absolute>
 0000:00000000       ___guard_iat_count         00000000     <absolute>
 0000:00000000       ___hybrid_code_map_count   00000000     <absolute>
 0000:00000000       ___dynamic_value_reloc_table 00000000     <absolute>
 0000:00000000       ___guard_longjmp_count     00000000     <absolute>
 0000:00000000       __except_list              00000000     <absolute>
 0000:00000000       ___guard_fids_table        00000000     <absolute>
 0000:00000000       ___guard_longjmp_table     00000000     <absolute>
 0000:00000000       ___hybrid_auxiliary_iat    00000000     <absolute>
 0000:00000000       ___guard_iat_table         00000000     <absolute>
 0000:00000000       ___volatile_metadata       00000000     <absolute>
 0000:00000000       ___enclave_config          00000000     <absolute>
 0000:00000000       ___AbsoluteZero            00000000     <absolute>
 0000:00000000       ___hybrid_code_map         00000000     <absolute>
 0000:00000007       ___safe_se_handler_count   00000007     <absolute>
 0000:0000002c       __tls_array                0000002c     <absolute>
 0000:00000100       ___guard_flags             00000100     <absolute>
 0000:00000000       ___ImageBase               10000000     <linker-defined>
 0001:00000080       ?DupWide@_CW@@AAEXXZ       10001080 f   CWString.obj
 0001:0000009c       ?cw_dup@@YGXPBDAAHAAPA_W1@Z 1000109c f   CWString.obj
 0001:00000124       ?cw_memcpy@@YGHPA_WPBDH@Z  10001124 f   CWString.obj
 0001:00000150       ?cw_strcpy@@YAHPA_WPBD@Z   10001150 f   CWString.obj
 0001:00000163       ?cw_strlen@@YAHPBD@Z       10001163 f   CWString.obj
 0001:0000017c       ??0CAtlComModule@ATL@@QAE@XZ 1000117c f i OposVariant.obj
 0001:000001c1       ??0CAtlWinModule@ATL@@QAE@XZ 100011c1 f i OposVariant.obj
 0001:000001f8       ??0OposDispParms@@QAE@PAVOposVariant@@H@Z 100011f8 f   OposVariant.obj
 0001:00000269       ??1OposDispParms@@QAE@XZ   10001269 f   OposVariant.obj
 0001:00000277       ??A?$CSimpleArray@GV?$CSimpleArrayEqualHelper@G@ATL@@@ATL@@QAEAAGH@Z 10001277 f i OposVariant.obj
 0001:0000029c       ??_Estringdispid@CComTypeInfoHolder@ATL@@QAEPAXI@Z 1000129c f i OposVariant.obj
 0001:00000308       ?AtlWinModuleInit@ATL@@YGJPAU_ATL_WIN_MODULE70@1@@Z 10001308 f i OposVariant.obj
 0001:0000032e       ?AtlWinModuleTerm@ATL@@YGJPAU_ATL_WIN_MODULE70@1@PAUHINSTANCE__@@@Z 1000132e f i OposVariant.obj
 0001:00000391       ?ChangeBSTR@OposVariant@@QAEXPAPA_WAAJ@Z 10001391 f   OposVariant.obj
 0001:000003d2       ?ChangeLONG@OposVariant@@QAEXPAJAAJ@Z 100013d2 f   OposVariant.obj
 0001:00000413       ?GetLONG@OposVariant@@QAEJXZ 10001413 f   OposVariant.obj
 0001:0000042e       ?Init@CComCriticalSection@ATL@@QAEJXZ 1000142e f i OposVariant.obj
 0001:00000456       ?RemoveAll@?$CSimpleArray@PAUHINSTANCE__@@V?$CSimpleArrayEqualHelper@PAUHINSTANCE__@@@ATL@@@ATL@@QAEXXZ 10001456 f i atls:atlbase.obj
 0001:00000456       ?RemoveAll@?$CSimpleArray@GV?$CSimpleArrayEqualHelper@G@ATL@@@ATL@@QAEXXZ 10001456 f i OposVariant.obj
 0001:00000473       ?SetBSTR@OposVariant@@QAEXPA_WAAJ@Z 10001473 f   OposVariant.obj
 0001:000004a7       ?SetBSTR_Copy@OposVariant@@QAEXPA_WAAJ@Z 100014a7 f   OposVariant.obj
 0001:000004f7       ?SetBSTR_InOutPtr@OposVariant@@QAE_NPAPA_WAAJ@Z 100014f7 f   OposVariant.obj
 0001:0000052e       ?SetDispatch_Ptr@OposVariant@@QAEXPAUIDispatch@@AAJ@Z 1000152e f   OposVariant.obj
 0001:00000569       ?SetLONG@OposVariant@@QAEXJ@Z 10001569 f   OposVariant.obj
 0001:0000058b       ?SetLONG_Ptr@OposVariant@@QAEXPAJAAJ@Z 1000158b f   OposVariant.obj
 0001:000005be       ?SetString@OposVariant@@QAEXPB_WAAJ@Z 100015be f   OposVariant.obj
 0001:00000604       ?SetVARIANT@OposVariant@@QAEXAAUtagVARIANT@@GAAJ@Z 10001604 f   OposVariant.obj
 0001:0000064b       ?SetVARIANT_BOOL@OposVariant@@QAEXF@Z 1000164b f   OposVariant.obj
 0001:00000675       ?SetVARIANT_BOOL_Ptr@OposVariant@@QAEXPAFAAJ@Z 10001675 f   OposVariant.obj
 0001:000006a8       ?SetVARIANT_Ptr@OposVariant@@QAEXAAPAUtagVARIANT@@GAAJ@Z 100016a8 f   OposVariant.obj
 0001:000006f6       ?Term@CAtlComModule@ATL@@QAEXXZ 100016f6 f i OposVariant.obj
 0001:00000740       ?_AtlRaiseException@ATL@@YAXKK@Z 10001740 f i OposVariant.obj
 0001:00000755       ?CreateInstance@CComClassFactory@ATL@@UAGJPAUIUnknown@@ABU_GUID@@PAPAX@Z 10001755 f i Biometrics.obj
 0001:00000793       ?LockServer@CComClassFactory@ATL@@UAGJH@Z 10001793 f i Biometrics.obj
 0001:000007b2       ??_ECComClassFactory@ATL@@UAEPAXI@Z 100017b2 f i Biometrics.obj
 0001:000007b2       ??_GCComClassFactory@ATL@@UAEPAXI@Z 100017b2 f i Biometrics.obj
 0001:000007dd       ?GetWindowProc@?$CWindowImplBaseT@VCWindow@ATL@@V?$CWinTraits@$0FGAAAAAA@$0A@@2@@ATL@@UAEP6GJPAUHWND__@@IIJ@ZXZ 100017dd f i Biometrics.obj
 0001:000007e3       ?StartWindowProc@?$CWindowImplBaseT@VCWindow@ATL@@V?$CWinTraits@$0FGAAAAAA@$0A@@2@@ATL@@SGJPAUHWND__@@IIJ@Z 100017e3 f i Biometrics.obj
 0001:00000837       ?OnFinalMessage@?$CWindowImplBaseT@VCWindow@ATL@@V?$CWinTraits@$0FGAAAAAA@$0A@@2@@ATL@@UAEXPAUHWND__@@@Z 10001837 f i Biometrics.obj
 0001:00000837       ?ObjectMain@CComObjectRootBase@ATL@@SGX_N@Z 10001837 f i Biometrics.obj
 0001:0000083a       ?GetTypeInfoCount@?$IDispatchImpl@UIOPOSBiometrics@@$1?IID_IOPOSBiometrics@@3U_GUID@@B$1?LIBID_OposBiometrics_CCO@@3U3@B$00$0A@VCComTypeInfoHolder@ATL@@@ATL@@UAGJPAI@Z 1000183a f i Biometrics.obj
 0001:00000857       ?GetTypeInfo@?$IDispatchImpl@UIOPOSBiometrics@@$1?IID_IOPOSBiometrics@@3U_GUID@@B$1?LIBID_OposBiometrics_CCO@@3U3@B$00$0A@VCComTypeInfoHolder@ATL@@@ATL@@UAGJIKPAPAUITypeInfo@@@Z 10001857 f i Biometrics.obj
 0001:0000087b       ?GetIDsOfNames@?$IDispatchImpl@UIOPOSBiometrics@@$1?IID_IOPOSBiometrics@@3U_GUID@@B$1?LIBID_OposBiometrics_CCO@@3U3@B$00$0A@VCComTypeInfoHolder@ATL@@@ATL@@UAGJABU_GUID@@PAPA_WIKPAJ@Z 1000187b f i Biometrics.obj
 0001:0000089b       ?Invoke@?$IDispatchImpl@UIOPOSBiometrics@@$1?IID_IOPOSBiometrics@@3U_GUID@@B$1?LIBID_OposBiometrics_CCO@@3U3@B$00$0A@VCComTypeInfoHolder@ATL@@@ATL@@UAGJJABU_GUID@@KGPAUtagDISPPARAMS@@PAUtagVARIANT@@PAUtagEXCEPINFO@@PAI@Z 1000189b f i Biometrics.obj
 0001:000008a9       ?CreateControlWindow@?$CComControl@VCOPOSBiometrics@@V?$CWindowImpl@VCOPOSBiometrics@@VCWindow@ATL@@V?$CWinTraits@$0FGAAAAAA@$0A@@3@@ATL@@@ATL@@UAEPAUHWND__@@PAU3@AAUtagRECT@@@Z 100018a9 f i Biometrics.obj
 0001:000008d8       ?ControlQueryInterface@?$CComControl@VCOPOSBiometrics@@V?$CWindowImpl@VCOPOSBiometrics@@VCWindow@ATL@@V?$CWinTraits@$0FGAAAAAA@$0A@@3@@ATL@@@ATL@@UAEJABU_GUID@@PAPAX@Z 100018d8 f i Biometrics.obj
 0001:000008f3       ?GetClassID@?$IPersistStreamInitImpl@VCOPOSBiometrics@@@ATL@@UAGJPAU_GUID@@@Z 100018f3 f i Biometrics.obj
 0001:000008f3       ?GetUserClassID@?$IOleObjectImpl@VCOPOSBiometrics@@@ATL@@UAGJPAU_GUID@@@Z 100018f3 f i Biometrics.obj
 0001:000008f3       ?GetClassID@?$IPersistStorageImpl@VCOPOSBiometrics@@@ATL@@UAGJPAU_GUID@@@Z 100018f3 f i Biometrics.obj
 0001:00000917       ?IsDirty@?$IPersistStreamInitImpl@VCOPOSBiometrics@@@ATL@@UAGJXZ 10001917 f i Biometrics.obj
 0001:00000936       ?Load@?$IPersistStreamInitImpl@VCOPOSBiometrics@@@ATL@@UAGJPAUIStream@@@Z 10001936 f i Biometrics.obj
 0001:00000955       ?Save@?$IPersistStreamInitImpl@VCOPOSBiometrics@@@ATL@@UAGJPAUIStream@@H@Z 10001955 f i Biometrics.obj
 0001:00000977       ?GetSizeMax@?$IPersistStreamInitImpl@VCOPOSBiometrics@@@ATL@@UAGJPAT_ULARGE_INTEGER@@@Z 10001977 f i Biometrics.obj
 0001:00000b56       ?InitNew@?$IPersistStreamInitImpl@VCOPOSBiometrics@@@ATL@@UAGJXZ 10001b56 f i Biometrics.obj
 0001:00000b73       ?SetColorScheme@?$IOleObjectImpl@VCOPOSBiometrics@@@ATL@@UAGJPAUtagLOGPALETTE@@@Z 10001b73 f i Biometrics.obj
 0001:00000b73       ?SOOutputCompleteDummy@COPOSBiometrics@@MAGJJ@Z 10001b73 f i Biometrics.obj
 0001:00000b73       ?ContextSensitiveHelp@?$IOleInPlaceActiveObjectImpl@VCOPOSBiometrics@@@ATL@@UAGJH@Z 10001b73 f i Biometrics.obj
 0001:00000b73       ?GetControlInfo@?$IOleControlImpl@VCOPOSBiometrics@@@ATL@@UAGJPAUtagCONTROLINFO@@@Z 10001b73 f i Biometrics.obj
 0001:00000b73       ?QueryGetData@?$IDataObjectImpl@VCOPOSBiometrics@@@ATL@@UAGJPAUtagFORMATETC@@@Z 10001b73 f i Biometrics.obj
 0001:00000b73       ?Unfreeze@?$IViewObjectExImpl@VCOPOSBiometrics@@@ATL@@UAGJK@Z 10001b73 f i Biometrics.obj
 0001:00000b73       ?OnMnemonic@?$IOleControlImpl@VCOPOSBiometrics@@@ATL@@UAGJPAUtagMSG@@@Z 10001b73 f i Biometrics.obj
 0001:00000b73       ?ContextSensitiveHelp@?$IOleInPlaceObjectWindowlessImpl@VCOPOSBiometrics@@@ATL@@UAGJH@Z 10001b73 f i Biometrics.obj
 0001:00000b73       ?GetDropTarget@?$IOleInPlaceObjectWindowlessImpl@VCOPOSBiometrics@@@ATL@@UAGJPAPAUIDropTarget@@@Z 10001b73 f i Biometrics.obj
 0001:00000b7b       ?OnFrameWindowActivate@?$IOleInPlaceActiveObjectImpl@VCOPOSBiometrics@@@ATL@@UAGJH@Z 10001b7b f i Biometrics.obj
 0001:00000b7b       ?SaveCompleted@?$IPersistStorageImpl@VCOPOSBiometrics@@@ATL@@UAGJPAUIStorage@@@Z 10001b7b f i Biometrics.obj
 0001:00000b7b       ?OnAmbientPropertyChange@?$IOleControlImpl@VCOPOSBiometrics@@@ATL@@UAGJJ@Z 10001b7b f i Biometrics.obj
 0001:00000b7b       ?EnableModeless@?$IOleInPlaceActiveObjectImpl@VCOPOSBiometrics@@@ATL@@UAGJH@Z 10001b7b f i Biometrics.obj
 0001:00000b80       ?SetClientSite@?$IOleObjectImpl@VCOPOSBiometrics@@@ATL@@UAGJPAUIOleClientSite@@@Z 10001b80 f i Biometrics.obj
 0001:00000b9d       ?GetClientSite@?$IOleObjectImpl@VCOPOSBiometrics@@@ATL@@UAGJPAPAUIOleClientSite@@@Z 10001b9d f i Biometrics.obj
 0001:00000bba       ?SetHostNames@?$IOleObjectImpl@VCOPOSBiometrics@@@ATL@@UAGJPB_W0@Z 10001bba f i Biometrics.obj
 0001:00000bbf       ?Close@?$IOleObjectImpl@VCOPOSBiometrics@@@ATL@@UAGJK@Z 10001bbf f i Biometrics.obj
 0001:00000bdc       ?GetClipboardData@?$IOleObjectImpl@VCOPOSBiometrics@@@ATL@@UAGJKPAPAUIDataObject@@@Z 10001bdc f i Biometrics.obj
 0001:00000bdc       ?SetMoniker@?$IOleObjectImpl@VCOPOSBiometrics@@@ATL@@UAGJKPAUIMoniker@@@Z 10001bdc f i Biometrics.obj
 0001:00000bdc       ?GetCanonicalFormatEtc@?$IDataObjectImpl@VCOPOSBiometrics@@@ATL@@UAGJPAUtagFORMATETC@@0@Z 10001bdc f i Biometrics.obj
 0001:00000bdc       ?EnumFormatEtc@?$IDataObjectImpl@VCOPOSBiometrics@@@ATL@@UAGJKPAPAUIEnumFORMATETC@@@Z 10001bdc f i Biometrics.obj
 0001:00000bdc       ?GetRect@?$IViewObjectExImpl@VCOPOSBiometrics@@@ATL@@UAGJKPAU_RECTL@@@Z 10001bdc f i Biometrics.obj
 0001:00000bdc       ?QueryInterface@CRegObject@ATL@@UAGJABU_GUID@@PAPAX@Z 10001bdc f i Biometrics.obj
 0001:00000bdc       ?GetDataHere@?$IDataObjectImpl@VCOPOSBiometrics@@@ATL@@UAGJPAUtagFORMATETC@@PAUtagSTGMEDIUM@@@Z 10001bdc f i Biometrics.obj
 0001:00000be4       ?SetData@?$IDataObjectImpl@VCOPOSBiometrics@@@ATL@@UAGJPAUtagFORMATETC@@PAUtagSTGMEDIUM@@H@Z 10001be4 f i Biometrics.obj
 0001:00000be4       ?GetMoniker@?$IOleObjectImpl@VCOPOSBiometrics@@@ATL@@UAGJKKPAPAUIMoniker@@@Z 10001be4 f i Biometrics.obj
 0001:00000be4       ?InitFromData@?$IOleObjectImpl@VCOPOSBiometrics@@@ATL@@UAGJPAUIDataObject@@HK@Z 10001be4 f i Biometrics.obj
 0001:00000bec       ?DoVerb@?$IOleObjectImpl@VCOPOSBiometrics@@@ATL@@UAGJJPAUtagMSG@@PAUIOleClientSite@@JPAUHWND__@@PBUtagRECT@@@Z 10001bec f i Biometrics.obj
 0001:00000ce0       ?EnumVerbs@?$IOleObjectImpl@VCOPOSBiometrics@@@ATL@@UAGJPAPAUIEnumOLEVERB@@@Z 10001ce0 f i Biometrics.obj
 0001:00000d02       ?Release@CRegObject@ATL@@UAGKXZ 10001d02 f i Biometrics.obj
 0001:00000d02       ?Update@?$IOleObjectImpl@VCOPOSBiometrics@@@ATL@@UAGJXZ 10001d02 f i Biometrics.obj
 0001:00000d02       ?HandsOffStorage@?$IPersistStorageImpl@VCOPOSBiometrics@@@ATL@@UAGJXZ 10001d02 f i Biometrics.obj
 0001:00000d02       ?IsUpToDate@?$IOleObjectImpl@VCOPOSBiometrics@@@ATL@@UAGJXZ 10001d02 f i Biometrics.obj
 0001:00000d07       ?GetUserType@?$IOleObjectImpl@VCOPOSBiometrics@@@ATL@@UAGJKPAPA_W@Z 10001d07 f i Biometrics.obj
 0001:00000d1f       ?SetExtent@?$IOleObjectImpl@VCOPOSBiometrics@@@ATL@@UAGJKPAUtagSIZE@@@Z 10001d1f f i Biometrics.obj
 0001:00000d3f       ?GetExtent@?$IOleObjectImpl@VCOPOSBiometrics@@@ATL@@UAGJKPAUtagSIZE@@@Z 10001d3f f i Biometrics.obj
 0001:00000d7d       ?Advise@?$IOleObjectImpl@VCOPOSBiometrics@@@ATL@@UAGJPAUIAdviseSink@@PAK@Z 10001d7d f i Biometrics.obj
 0001:00000d9d       ?Unadvise@?$IOleObjectImpl@VCOPOSBiometrics@@@ATL@@UAGJK@Z 10001d9d f i Biometrics.obj
 0001:00000dcc       ?EnumAdvise@?$IOleObjectImpl@VCOPOSBiometrics@@@ATL@@UAGJPAPAUIEnumSTATDATA@@@Z 10001dcc f i Biometrics.obj
 0001:00000e0c       ?GetMiscStatus@?$IOleObjectImpl@VCOPOSBiometrics@@@ATL@@UAGJKPAK@Z 10001e0c f i Biometrics.obj
 0001:00000e24       ?GetWindow@?$IOleInPlaceActiveObjectImpl@VCOPOSBiometrics@@@ATL@@UAGJPAPAUHWND__@@@Z 10001e24 f i Biometrics.obj
 0001:00000e71       ?TranslateAcceleratorW@?$IOleInPlaceActiveObjectImpl@VCOPOSBiometrics@@@ATL@@UAGJPAUtagMSG@@@Z 10001e71 f i Biometrics.obj
 0001:00000f1f       ?OnDocWindowActivate@?$IOleInPlaceActiveObjectImpl@VCOPOSBiometrics@@@ATL@@UAGJH@Z 10001f1f f i Biometrics.obj
 0001:00000f41       ?ResizeBorder@?$IOleInPlaceActiveObjectImpl@VCOPOSBiometrics@@@ATL@@UAGJPBUtagRECT@@PAUIOleInPlaceUIWindow@@H@Z 10001f41 f i Biometrics.obj
 0001:00000f46       ?Draw@?$IViewObjectExImpl@VCOPOSBiometrics@@@ATL@@UAGJKJPAXPAUtagDVTARGETDEVICE@@PAUHDC__@@2PBU_RECTL@@3P6GHK@ZK@Z 10001f46 f i Biometrics.obj
 0001:00000f78       ?GetColorSet@?$IViewObjectExImpl@VCOPOSBiometrics@@@ATL@@UAGJKJPAXPAUtagDVTARGETDEVICE@@PAUHDC__@@PAPAUtagLOGPALETTE@@@Z 10001f78 f i Biometrics.obj
 0001:00000f80       ?Freeze@?$IViewObjectExImpl@VCOPOSBiometrics@@@ATL@@UAGJKJPAXPAK@Z 10001f80 f i Biometrics.obj
 0001:00000f88       ?SetAdvise@?$IViewObjectExImpl@VCOPOSBiometrics@@@ATL@@UAGJKKPAUIAdviseSink@@@Z 10001f88 f i Biometrics.obj
 0001:00000fa7       ?GetAdvise@?$IViewObjectExImpl@VCOPOSBiometrics@@@ATL@@UAGJPAK0PAPAUIAdviseSink@@@Z 10001fa7 f i Biometrics.obj
 0001:00000fdc       ?GetExtent@?$IViewObjectExImpl@VCOPOSBiometrics@@@ATL@@UAGJKJPAUtagDVTARGETDEVICE@@PAUtagSIZE@@@Z 10001fdc f i Biometrics.obj
 0001:0000100d       ?GetViewStatus@?$IViewObjectExImpl@VCOPOSBiometrics@@@ATL@@UAGJPAK@Z 1000200d f i Biometrics.obj
 0001:0000102a       ?QueryHitPoint@?$IViewObjectExImpl@VCOPOSBiometrics@@@ATL@@UAGJKPBUtagRECT@@UtagPOINT@@JPAK@Z 1000202a f i Biometrics.obj
 0001:0000106b       ?QueryHitRect@?$IViewObjectExImpl@VCOPOSBiometrics@@@ATL@@UAGJKPBUtagRECT@@0JPAK@Z 1000206b f i Biometrics.obj
 0001:000010c6       ?GetNaturalExtent@?$IViewObjectExImpl@VCOPOSBiometrics@@@ATL@@UAGJKJPAUtagDVTARGETDEVICE@@PAUHDC__@@PAUtagExtentInfo@@PAUtagSIZE@@@Z 100020c6 f i Biometrics.obj
 0001:00001111       ?GetWindow@?$IOleInPlaceObjectWindowlessImpl@VCOPOSBiometrics@@@ATL@@UAGJPAPAUHWND__@@@Z 10002111 f i Biometrics.obj
 0001:0000115e       ?InPlaceDeactivate@?$IOleInPlaceObjectWindowlessImpl@VCOPOSBiometrics@@@ATL@@UAGJXZ 1000215e f i Biometrics.obj
 0001:00001178       ?UIDeactivate@?$IOleInPlaceObjectWindowlessImpl@VCOPOSBiometrics@@@ATL@@UAGJXZ 10002178 f i Biometrics.obj
 0001:00001192       ?SetObjectRects@?$IOleInPlaceObjectWindowlessImpl@VCOPOSBiometrics@@@ATL@@UAGJPBUtagRECT@@0@Z 10002192 f i Biometrics.obj
 0001:000011b2       ?ReactivateAndUndo@?$IOleInPlaceObjectWindowlessImpl@VCOPOSBiometrics@@@ATL@@UAGJXZ 100021b2 f i Biometrics.obj
 0001:000011ba       ?OnWindowMessage@?$IOleInPlaceObjectWindowlessImpl@VCOPOSBiometrics@@@ATL@@UAGJIIJPAJ@Z 100021ba f i Biometrics.obj
 0001:0000122a       ?EnumConnectionPoints@?$IConnectionPointContainerImpl@VCOPOSBiometrics@@@ATL@@UAGJPAPAUIEnumConnectionPoints@@@Z 1000222a f i Biometrics.obj
 0001:000013a4       ?FindConnectionPoint@?$IConnectionPointContainerImpl@VCOPOSBiometrics@@@ATL@@UAGJABU_GUID@@PAPAUIConnectionPoint@@@Z 100023a4 f i Biometrics.obj
 0001:00001447       ?IsDirty@?$IPersistStorageImpl@VCOPOSBiometrics@@@ATL@@UAGJXZ 10002447 f i Biometrics.obj
 0001:0000147b       ?InitNew@?$IPersistStorageImpl@VCOPOSBiometrics@@@ATL@@UAGJPAUIStorage@@@Z 1000247b f i Biometrics.obj
 0001:000014af       ?Load@?$IPersistStorageImpl@VCOPOSBiometrics@@@ATL@@UAGJPAUIStorage@@@Z 100024af f i Biometrics.obj
 0001:0000151b       ?Save@?$IPersistStorageImpl@VCOPOSBiometrics@@@ATL@@UAGJPAUIStorage@@H@Z 1000251b f i Biometrics.obj
 0001:0000158e       ?GetPages@?$ISpecifyPropertyPagesImpl@VCOPOSBiometrics@@@ATL@@UAGJPAUtagCAUUID@@@Z 1000258e f i Biometrics.obj
 0001:000015a5       ?QuickActivate@?$IQuickActivateImpl@VCOPOSBiometrics@@@ATL@@UAGJPAUtagQACONTAINER@@PAUtagQACONTROL@@@Z 100025a5 f i Biometrics.obj
 0001:000015c8       ?SetContentExtent@?$IQuickActivateImpl@VCOPOSBiometrics@@@ATL@@UAGJPAUtagSIZE@@@Z 100025c8 f i Biometrics.obj
 0001:000015f4       ?GetContentExtent@?$IQuickActivateImpl@VCOPOSBiometrics@@@ATL@@UAGJPAUtagSIZE@@@Z 100025f4 f i Biometrics.obj
 0001:0000162e       ?GetData@?$IDataObjectImpl@VCOPOSBiometrics@@@ATL@@UAGJPAUtagFORMATETC@@PAUtagSTGMEDIUM@@@Z 1000262e f i Biometrics.obj
 0001:00001651       ?DAdvise@?$IDataObjectImpl@VCOPOSBiometrics@@@ATL@@UAGJPAUtagFORMATETC@@KPAUIAdviseSink@@PAK@Z 10002651 f i Biometrics.obj
 0001:00001692       ?DUnadvise@?$IDataObjectImpl@VCOPOSBiometrics@@@ATL@@UAGJK@Z 10002692 f i Biometrics.obj
 0001:000016c0       ?EnumDAdvise@?$IDataObjectImpl@VCOPOSBiometrics@@@ATL@@UAGJPAPAUIEnumSTATDATA@@@Z 100026c0 f i Biometrics.obj
 0001:000016ff       ?GetClassInfoW@?$IProvideClassInfo2Impl@$1?CLSID_OPOSBiometrics@@3U_GUID@@B$1?DIID__IOPOSBiometricsEvents@@3U2@B$1?LIBID_OposBiometrics_CCO@@3U2@B$00$0A@VCComTypeInfoHolder@ATL@@@ATL@@UAGJPAPAUITypeInfo@@@Z 100026ff f i Biometrics.obj
 0001:00001715       ?GetGUID@?$IProvideClassInfo2Impl@$1?CLSID_OPOSBiometrics@@3U_GUID@@B$1?DIID__IOPOSBiometricsEvents@@3U2@B$1?LIBID_OposBiometrics_CCO@@3U2@B$00$0A@VCComTypeInfoHolder@ATL@@@ATL@@UAGJKPAU_GUID@@@Z 10002715 f i Biometrics.obj
 0001:00001753       __get_startup_argv_mode    10002753 f i LIBCMT:argv_mode.obj
 0001:00001753       ?FAccessAllowed@?$IObjectSafetyImpl@VCOPOSBiometrics@@$02@ATL@@MAEHXZ 10002753 f i Biometrics.obj
 0001:00001757       ?GetInterfaceSafetyOptions@?$IObjectSafetyImpl@VCOPOSBiometrics@@$02@ATL@@UAGJABU_GUID@@PAK1@Z 10002757 f i Biometrics.obj
 0001:000017cb       ?SetInterfaceSafetyOptions@?$IObjectSafetyImpl@VCOPOSBiometrics@@$02@ATL@@UAGJABU_GUID@@KK@Z 100027cb f i Biometrics.obj
 0001:00001845       ?_LocCPQueryInterface@?$IConnectionPointImpl@VCOPOSBiometrics@@$1?IID_IPropertyNotifySink@@3U_GUID@@BVCComDynamicUnkArray@ATL@@@ATL@@UAGJABU_GUID@@PAPAX@Z 10002845 f i Biometrics.obj
 0001:00001845       ?_LocCPQueryInterface@?$IConnectionPointImpl@VCOPOSBiometrics@@$1?DIID__IOPOSBiometricsEvents@@3U_GUID@@BVCComDynamicUnkArray@ATL@@@ATL@@UAGJABU_GUID@@PAPAX@Z 10002845 f i Biometrics.obj
 0001:00001892       ?GetConnectionInterface@?$IConnectionPointImpl@VCOPOSBiometrics@@$1?IID_IPropertyNotifySink@@3U_GUID@@BVCComDynamicUnkArray@ATL@@@ATL@@UAGJPAU_GUID@@@Z 10002892 f i Biometrics.obj
 0001:000018b6       ?GetConnectionPointContainer@?$IConnectionPointImpl@VCOPOSBiometrics@@$1?IID_IPropertyNotifySink@@3U_GUID@@BVCComDynamicUnkArray@ATL@@@ATL@@UAGJPAPAUIConnectionPointContainer@@@Z 100028b6 f i Biometrics.obj
 0001:000018d9       ?Advise@?$IConnectionPointImpl@VCOPOSBiometrics@@$1?DIID__IOPOSBiometricsEvents@@3U_GUID@@BVCComDynamicUnkArray@ATL@@@ATL@@UAGJPAUIUnknown@@PAK@Z 100028d9 f i Biometrics.obj
 0001:000018d9       ?Advise@?$IConnectionPointImpl@VCOPOSBiometrics@@$1?IID_IPropertyNotifySink@@3U_GUID@@BVCComDynamicUnkArray@ATL@@@ATL@@UAGJPAUIUnknown@@PAK@Z 100028d9 f i Biometrics.obj
 0001:0000197a       ?Unadvise@?$IConnectionPointImpl@VCOPOSBiometrics@@$1?DIID__IOPOSBiometricsEvents@@3U_GUID@@BVCComDynamicUnkArray@ATL@@@ATL@@UAGJK@Z 1000297a f i Biometrics.obj
 0001:0000197a       ?Unadvise@?$IConnectionPointImpl@VCOPOSBiometrics@@$1?IID_IPropertyNotifySink@@3U_GUID@@BVCComDynamicUnkArray@ATL@@@ATL@@UAGJK@Z 1000297a f i Biometrics.obj
 0001:000019ba       ?EnumConnections@?$IConnectionPointImpl@VCOPOSBiometrics@@$1?IID_IPropertyNotifySink@@3U_GUID@@BVCComDynamicUnkArray@ATL@@@ATL@@UAGJPAPAUIEnumConnections@@@Z 100029ba f i Biometrics.obj
 0001:000019ba       ?EnumConnections@?$IConnectionPointImpl@VCOPOSBiometrics@@$1?DIID__IOPOSBiometricsEvents@@3U_GUID@@BVCComDynamicUnkArray@ATL@@@ATL@@UAGJPAPAUIEnumConnections@@@Z 100029ba f i Biometrics.obj
 0001:00001ac0       ?GetObjectDescription@?$CComCoClass@VCOPOSBiometrics@@$1?CLSID_OPOSBiometrics@@3U_GUID@@B@ATL@@SGPB_WXZ 10002ac0 f i Biometrics.obj
 0001:00001ac0       ?GetCategoryMap@CComObjectRootBase@ATL@@SAPBU_ATL_CATMAP_ENTRY@2@XZ 10002ac0 f i Biometrics.obj
 0001:00001ac3       ?GetConnectionInterface@?$IConnectionPointImpl@VCOPOSBiometrics@@$1?DIID__IOPOSBiometricsEvents@@3U_GUID@@BVCComDynamicUnkArray@ATL@@@ATL@@UAGJPAU_GUID@@@Z 10002ac3 f i Biometrics.obj
 0001:00001ae7       ?GetConnectionPointContainer@?$IConnectionPointImpl@VCOPOSBiometrics@@$1?DIID__IOPOSBiometricsEvents@@3U_GUID@@BVCComDynamicUnkArray@ATL@@@ATL@@UAGJPAPAUIConnectionPointContainer@@@Z 10002ae7 f i Biometrics.obj
 0001:00001b0a       ?UpdateRegistry@COPOSBiometrics@@SGJH@Z 10002b0a f i Biometrics.obj
 0001:00001b22       ?ProcessWindowMessage@COPOSBiometrics@@UAEHPAUHWND__@@IIJAAJK@Z 10002b22 f i Biometrics.obj
 0001:00001b6b       ?SOData@COPOSBiometrics@@MAGJJ@Z 10002b6b f i Biometrics.obj
 0001:00001ba4       ?SODirectIO@COPOSBiometrics@@MAGJJPAJPAPA_W@Z 10002ba4 f i Biometrics.obj
 0001:00001bed       ?SOError@COPOSBiometrics@@MAGJJJJPAJ@Z 10002bed f i Biometrics.obj
 0001:00001c42       ?SOStatusUpdate@COPOSBiometrics@@MAGJJ@Z 10002c42 f i Biometrics.obj
 0001:00001c7b       ?Lock@CAtlModule@ATL@@UAEJXZ 10002c7b f i Biometrics.obj
 0001:00001c85       ?Unlock@CAtlModule@ATL@@UAEJXZ 10002c85 f i Biometrics.obj
 0001:00001c8f       ?GetLockCount@CAtlModule@ATL@@UAEJXZ 10002c8f f i Biometrics.obj
 0001:00001c93       ?GetGITPtr@CAtlModule@ATL@@UAEJPAPAUIGlobalInterfaceTable@@@Z 10002c93 f i Biometrics.obj
 0001:00001cdf       ?AddCommonRGSReplacements@?$CAtlModuleT@VCComModule@ATL@@@ATL@@UAEJPAUIRegistrarBase@@@Z 10002cdf f i Biometrics.obj
 0001:00001cf9       ?UpdateRegistryFromResourceD@CComModule@ATL@@UAGJIHPAU_ATL_REGMAP_ENTRY@2@@Z 10002cf9 f i Biometrics.obj
 0001:00001cf9       ?UpdateRegistryFromResourceD@CComModule@ATL@@UAGJPB_WHPAU_ATL_REGMAP_ENTRY@2@@Z 10002cf9 f i Biometrics.obj
 0001:00001d01       ?UpdateRegistryFromResource@CComModule@ATL@@UAGJPB_WHPAU_ATL_REGMAP_ENTRY@2@@Z 10002d01 f i Biometrics.obj
 0001:00001d0a       ?UpdateRegistryFromResource@CComModule@ATL@@UAGJIHPAU_ATL_REGMAP_ENTRY@2@@Z 10002d0a f i Biometrics.obj
 0001:00001d13       ??_GCComModule@ATL@@UAEPAXI@Z 10002d13 f i Biometrics.obj
 0001:00001d13       ??_ECComModule@ATL@@UAEPAXI@Z 10002d13 f i Biometrics.obj
 0001:00001d3b       ?CreateInstance@?$CComCreator@V?$CComObjectCached@VCComClassFactory@ATL@@@ATL@@@ATL@@SGJPAXABU_GUID@@PAPAX@Z 10002d3b f i Biometrics.obj
 0001:00001de7       ?CreateInstance@?$CComCreator2@V?$CComCreator@V?$CComObject@VCOPOSBiometrics@@@ATL@@@ATL@@V?$CComCreator@V?$CComAggObject@VCOPOSBiometrics@@@ATL@@@2@@ATL@@SGJPAXABU_GUID@@PAPAX@Z 10002de7 f i Biometrics.obj
 0001:00001e07       ?AddRef@?$CComObjectCached@VCComClassFactory@ATL@@@ATL@@UAGKXZ 10002e07 f i Biometrics.obj
 0001:00001e2e       ?Release@?$CComObjectCached@VCComClassFactory@ATL@@@ATL@@UAGKXZ 10002e2e f i Biometrics.obj
 0001:00001e64       ?QueryInterface@?$CComObjectCached@VCComClassFactory@ATL@@@ATL@@UAGJABU_GUID@@PAPAX@Z 10002e64 f i Biometrics.obj
 0001:00001e7e       ??_G?$CComObjectCached@VCComClassFactory@ATL@@@ATL@@UAEPAXI@Z 10002e7e f i Biometrics.obj
 0001:00001e7e       ??_E?$CComObjectCached@VCComClassFactory@ATL@@@ATL@@UAEPAXI@Z 10002e7e f i Biometrics.obj
 0001:00001ea0       ?Next@?$CComEnumImpl@UIEnumConnectionPoints@@$1?_GUID_b196b285_bab4_101a_b69c_00aa00341d07@@3U__s_GUID@@BPAUIConnectionPoint@@V?$_CopyInterface@UIConnectionPoint@@@ATL@@@ATL@@UAGJKPAPAUIConnectionPoint@@PAK@Z 10002ea0 f i Biometrics.obj
 0001:00001f77       ?Skip@?$CComEnumImpl@UIEnumConnectionPoints@@$1?_GUID_b196b285_bab4_101a_b69c_00aa00341d07@@3U__s_GUID@@BPAUIConnectionPoint@@V?$_CopyInterface@UIConnectionPoint@@@ATL@@@ATL@@UAGJK@Z 10002f77 f i Biometrics.obj
 0001:00001fa4       ?Reset@?$CComEnumImpl@UIEnumConnectionPoints@@$1?_GUID_b196b285_bab4_101a_b69c_00aa00341d07@@3U__s_GUID@@BPAUIConnectionPoint@@V?$_CopyInterface@UIConnectionPoint@@@ATL@@@ATL@@UAGJXZ 10002fa4 f i Biometrics.obj
 0001:00001fa4       ?Reset@?$CComEnumImpl@UIEnumConnections@@$1?_GUID_b196b287_bab4_101a_b69c_00aa00341d07@@3U__s_GUID@@BUtagCONNECTDATA@@V?$_Copy@UtagCONNECTDATA@@@ATL@@@ATL@@UAGJXZ 10002fa4 f i Biometrics.obj
 0001:00001fb6       ?Clone@?$CComEnumImpl@UIEnumConnectionPoints@@$1?_GUID_b196b285_bab4_101a_b69c_00aa00341d07@@3U__s_GUID@@BPAUIConnectionPoint@@V?$_CopyInterface@UIConnectionPoint@@@ATL@@@ATL@@UAGJPAPAUIEnumConnectionPoints@@@Z 10002fb6 f i Biometrics.obj
 0001:00002097       ?AddRef@?$CComObject@V?$CComEnum@UIEnumConnectionPoints@@$1?_GUID_b196b285_bab4_101a_b69c_00aa00341d07@@3U__s_GUID@@BPAUIConnectionPoint@@V?$_CopyInterface@UIConnectionPoint@@@ATL@@VCComSingleThreadModel@6@@ATL@@@ATL@@UAGKXZ 10003097 f i Biometrics.obj
 0001:00002097       ?AddRef@?$CComObject@V?$CComEnum@UIEnumConnections@@$1?_GUID_b196b287_bab4_101a_b69c_00aa00341d07@@3U__s_GUID@@BUtagCONNECTDATA@@V?$_Copy@UtagCONNECTDATA@@@ATL@@VCComSingleThreadModel@6@@ATL@@@ATL@@UAGKXZ 10003097 f i Biometrics.obj
 0001:000020a8       ?Release@?$CComObject@V?$CComEnum@UIEnumConnectionPoints@@$1?_GUID_b196b285_bab4_101a_b69c_00aa00341d07@@3U__s_GUID@@BPAUIConnectionPoint@@V?$_CopyInterface@UIConnectionPoint@@@ATL@@VCComSingleThreadModel@6@@ATL@@@ATL@@UAGKXZ 100030a8 f i Biometrics.obj
 0001:000020a8       ?Release@?$CComObject@V?$CComEnum@UIEnumConnections@@$1?_GUID_b196b287_bab4_101a_b69c_00aa00341d07@@3U__s_GUID@@BUtagCONNECTDATA@@V?$_Copy@UtagCONNECTDATA@@@ATL@@VCComSingleThreadModel@6@@ATL@@@ATL@@UAGKXZ 100030a8 f i Biometrics.obj
 0001:000020e4       ?QueryInterface@?$CComObject@V?$CComEnum@UIEnumConnectionPoints@@$1?_GUID_b196b285_bab4_101a_b69c_00aa00341d07@@3U__s_GUID@@BPAUIConnectionPoint@@V?$_CopyInterface@UIConnectionPoint@@@ATL@@VCComSingleThreadModel@6@@ATL@@@ATL@@UAGJABU_GUID@@PAPAX@Z 100030e4 f i Biometrics.obj
 0001:000020fe       ??_G?$CComObject@V?$CComEnum@UIEnumConnectionPoints@@$1?_GUID_b196b285_bab4_101a_b69c_00aa00341d07@@3U__s_GUID@@BPAUIConnectionPoint@@V?$_CopyInterface@UIConnectionPoint@@@ATL@@VCComSingleThreadModel@6@@ATL@@@ATL@@UAEPAXI@Z 100030fe f i Biometrics.obj
 0001:000020fe       ??_E?$CComObject@V?$CComEnum@UIEnumConnectionPoints@@$1?_GUID_b196b285_bab4_101a_b69c_00aa00341d07@@3U__s_GUID@@BPAUIConnectionPoint@@V?$_CopyInterface@UIConnectionPoint@@@ATL@@VCComSingleThreadModel@6@@ATL@@@ATL@@UAEPAXI@Z 100030fe f i Biometrics.obj
 0001:00002120       ?AddRef@CRegObject@ATL@@UAGKXZ 10003120 f i Biometrics.obj
 0001:00002126       ?AddReplacement@CRegObject@ATL@@UAGJPB_W0@Z 10003126 f i Biometrics.obj
 0001:0000215f       ?ClearReplacements@CRegObject@ATL@@UAGJXZ 1000315f f i Biometrics.obj
 0001:00002171       ??_ECRegObject@ATL@@UAEPAXI@Z 10003171 f i Biometrics.obj
 0001:00002171       ??_GCRegObject@ATL@@UAEPAXI@Z 10003171 f i Biometrics.obj
 0001:00002193       ?AddRef@?$CComAggObject@VCOPOSBiometrics@@@ATL@@UAGKXZ 10003193 f i Biometrics.obj
 0001:000021a4       ?Release@?$CComAggObject@VCOPOSBiometrics@@@ATL@@UAGKXZ 100031a4 f i Biometrics.obj
 0001:000021e0       ?QueryInterface@?$CComAggObject@VCOPOSBiometrics@@@ATL@@UAGJABU_GUID@@PAPAX@Z 100031e0 f i Biometrics.obj
 0001:0000222f       ?AddRef@?$CComContainedObject@VCOPOSBiometrics@@@ATL@@UAGKXZ 1000322f f i Biometrics.obj
 0001:00002245       ?Release@?$CComContainedObject@VCOPOSBiometrics@@@ATL@@UAGKXZ 10003245 f i Biometrics.obj
 0001:0000225b       ?QueryInterface@?$CComContainedObject@VCOPOSBiometrics@@@ATL@@UAGJABU_GUID@@PAPAX@Z 1000325b f i Biometrics.obj
 0001:00002276       ??_E?$CComAggObject@VCOPOSBiometrics@@@ATL@@UAEPAXI@Z 10003276 f i Biometrics.obj
 0001:00002276       ??_G?$CComAggObject@VCOPOSBiometrics@@@ATL@@UAEPAXI@Z 10003276 f i Biometrics.obj
 0001:0000229b       ?AddRef@?$CComObject@VCOPOSBiometrics@@@ATL@@UAGKXZ 1000329b f i Biometrics.obj
 0001:000022b2       ?Release@?$CComObject@VCOPOSBiometrics@@@ATL@@UAGKXZ 100032b2 f i Biometrics.obj
 0001:000022f4       ?QueryInterface@?$CComObject@VCOPOSBiometrics@@@ATL@@UAGJABU_GUID@@PAPAX@Z 100032f4 f i Biometrics.obj
 0001:0000230e       ?OnDrawAdvanced@CComControlBase@ATL@@UAEJAAUATL_DRAWINFO@@@Z 1000330e f i Biometrics.obj
 0001:00002401       ?Next@?$CComEnumImpl@UIEnumConnections@@$1?_GUID_b196b287_bab4_101a_b69c_00aa00341d07@@3U__s_GUID@@BUtagCONNECTDATA@@V?$_Copy@UtagCONNECTDATA@@@ATL@@@ATL@@UAGJKPAUtagCONNECTDATA@@PAK@Z 10003401 f i Biometrics.obj
 0001:000024d8       ?Skip@?$CComEnumImpl@UIEnumConnections@@$1?_GUID_b196b287_bab4_101a_b69c_00aa00341d07@@3U__s_GUID@@BUtagCONNECTDATA@@V?$_Copy@UtagCONNECTDATA@@@ATL@@@ATL@@UAGJK@Z 100034d8 f i Biometrics.obj
 0001:00002505       ?Clone@?$CComEnumImpl@UIEnumConnections@@$1?_GUID_b196b287_bab4_101a_b69c_00aa00341d07@@3U__s_GUID@@BUtagCONNECTDATA@@V?$_Copy@UtagCONNECTDATA@@@ATL@@@ATL@@UAGJPAPAUIEnumConnections@@@Z 10003505 f i Biometrics.obj
 0001:000025e6       ?QueryInterface@?$CComObject@V?$CComEnum@UIEnumConnections@@$1?_GUID_b196b287_bab4_101a_b69c_00aa00341d07@@3U__s_GUID@@BUtagCONNECTDATA@@V?$_Copy@UtagCONNECTDATA@@@ATL@@VCComSingleThreadModel@6@@ATL@@@ATL@@UAGJABU_GUID@@PAPAX@Z 100035e6 f i Biometrics.obj
 0001:00002600       ??_E?$CComObject@V?$CComEnum@UIEnumConnections@@$1?_GUID_b196b287_bab4_101a_b69c_00aa00341d07@@3U__s_GUID@@BUtagCONNECTDATA@@V?$_Copy@UtagCONNECTDATA@@@ATL@@VCComSingleThreadModel@6@@ATL@@@ATL@@UAEPAXI@Z 10003600 f i Biometrics.obj
 0001:00002600       ??_G?$CComObject@V?$CComEnum@UIEnumConnections@@$1?_GUID_b196b287_bab4_101a_b69c_00aa00341d07@@3U__s_GUID@@BUtagCONNECTDATA@@V?$_Copy@UtagCONNECTDATA@@@ATL@@VCComSingleThreadModel@6@@ATL@@@ATL@@UAEPAXI@Z 10003600 f i Biometrics.obj
 0001:00002622       ??_E?$CComObject@VCOPOSBiometrics@@@ATL@@W3AEPAXI@Z 10003622 f i Biometrics.obj
 0001:0000262a       ??_E?$CComObject@VCOPOSBiometrics@@@ATL@@WEM@AEPAXI@Z 1000362a f i Biometrics.obj
 0001:00002632       ?QueryInterface@?$CComObject@VCOPOSBiometrics@@@ATL@@WHA@AGJABU_GUID@@PAPAX@Z 10003632 f i Biometrics.obj
 0001:0000263c       ?AddRef@?$CComObject@VCOPOSBiometrics@@@ATL@@WHA@AGKXZ 1000363c f i Biometrics.obj
 0001:00002646       ?Release@?$CComObject@VCOPOSBiometrics@@@ATL@@WHA@AGKXZ 10003646 f i Biometrics.obj
 0001:00002650       ?QueryInterface@?$CComObject@VCOPOSBiometrics@@@ATL@@WHE@AGJABU_GUID@@PAPAX@Z 10003650 f i Biometrics.obj
 0001:0000265a       ?AddRef@?$CComObject@VCOPOSBiometrics@@@ATL@@WHE@AGKXZ 1000365a f i Biometrics.obj
 0001:00002664       ?Release@?$CComObject@VCOPOSBiometrics@@@ATL@@WHE@AGKXZ 10003664 f i Biometrics.obj
 0001:0000266e       ?QueryInterface@?$CComObject@VCOPOSBiometrics@@@ATL@@WHI@AGJABU_GUID@@PAPAX@Z 1000366e f i Biometrics.obj
 0001:00002678       ?AddRef@?$CComObject@VCOPOSBiometrics@@@ATL@@WHI@AGKXZ 10003678 f i Biometrics.obj
 0001:00002682       ?Release@?$CComObject@VCOPOSBiometrics@@@ATL@@WHI@AGKXZ 10003682 f i Biometrics.obj
 0001:0000268c       ?QueryInterface@?$CComObject@VCOPOSBiometrics@@@ATL@@WHM@AGJABU_GUID@@PAPAX@Z 1000368c f i Biometrics.obj
 0001:00002696       ?AddRef@?$CComObject@VCOPOSBiometrics@@@ATL@@WHM@AGKXZ 10003696 f i Biometrics.obj
 0001:000026a0       ?Release@?$CComObject@VCOPOSBiometrics@@@ATL@@WHM@AGKXZ 100036a0 f i Biometrics.obj
 0001:000026aa       ?QueryInterface@?$CComObject@VCOPOSBiometrics@@@ATL@@WIA@AGJABU_GUID@@PAPAX@Z 100036aa f i Biometrics.obj
 0001:000026b7       ?AddRef@?$CComObject@VCOPOSBiometrics@@@ATL@@WIA@AGKXZ 100036b7 f i Biometrics.obj
 0001:000026c4       ?Release@?$CComObject@VCOPOSBiometrics@@@ATL@@WIA@AGKXZ 100036c4 f i Biometrics.obj
 0001:000026d1       ?QueryInterface@?$CComObject@VCOPOSBiometrics@@@ATL@@WIE@AGJABU_GUID@@PAPAX@Z 100036d1 f i Biometrics.obj
 0001:000026de       ?AddRef@?$CComObject@VCOPOSBiometrics@@@ATL@@WIE@AGKXZ 100036de f i Biometrics.obj
 0001:000026eb       ?Release@?$CComObject@VCOPOSBiometrics@@@ATL@@WIE@AGKXZ 100036eb f i Biometrics.obj
 0001:000026f8       ?QueryInterface@?$CComObject@VCOPOSBiometrics@@@ATL@@WII@AGJABU_GUID@@PAPAX@Z 100036f8 f i Biometrics.obj
 0001:00002705       ?AddRef@?$CComObject@VCOPOSBiometrics@@@ATL@@WII@AGKXZ 10003705 f i Biometrics.obj
 0001:00002712       ?Release@?$CComObject@VCOPOSBiometrics@@@ATL@@WII@AGKXZ 10003712 f i Biometrics.obj
 0001:0000271f       ?QueryInterface@?$CComObject@VCOPOSBiometrics@@@ATL@@WIM@AGJABU_GUID@@PAPAX@Z 1000371f f i Biometrics.obj
 0001:0000272c       ?AddRef@?$CComObject@VCOPOSBiometrics@@@ATL@@WIM@AGKXZ 1000372c f i Biometrics.obj
 0001:00002739       ?Release@?$CComObject@VCOPOSBiometrics@@@ATL@@WIM@AGKXZ 10003739 f i Biometrics.obj
 0001:00002746       ?QueryInterface@?$CComObject@VCOPOSBiometrics@@@ATL@@WJA@AGJABU_GUID@@PAPAX@Z 10003746 f i Biometrics.obj
 0001:00002753       ?AddRef@?$CComObject@VCOPOSBiometrics@@@ATL@@WJA@AGKXZ 10003753 f i Biometrics.obj
 0001:00002760       ?Release@?$CComObject@VCOPOSBiometrics@@@ATL@@WJA@AGKXZ 10003760 f i Biometrics.obj
 0001:0000276d       ?QueryInterface@?$CComObject@VCOPOSBiometrics@@@ATL@@WJE@AGJABU_GUID@@PAPAX@Z 1000376d f i Biometrics.obj
 0001:0000277a       ?AddRef@?$CComObject@VCOPOSBiometrics@@@ATL@@WJE@AGKXZ 1000377a f i Biometrics.obj
 0001:00002787       ?Release@?$CComObject@VCOPOSBiometrics@@@ATL@@WJE@AGKXZ 10003787 f i Biometrics.obj
 0001:00002794       ?QueryInterface@?$CComObject@VCOPOSBiometrics@@@ATL@@WJI@AGJABU_GUID@@PAPAX@Z 10003794 f i Biometrics.obj
 0001:000027a1       ?AddRef@?$CComObject@VCOPOSBiometrics@@@ATL@@WJI@AGKXZ 100037a1 f i Biometrics.obj
 0001:000027ae       ?Release@?$CComObject@VCOPOSBiometrics@@@ATL@@WJI@AGKXZ 100037ae f i Biometrics.obj
 0001:000027bb       ?QueryInterface@?$CComObject@VCOPOSBiometrics@@@ATL@@WJM@AGJABU_GUID@@PAPAX@Z 100037bb f i Biometrics.obj
 0001:000027c8       ?AddRef@?$CComObject@VCOPOSBiometrics@@@ATL@@WJM@AGKXZ 100037c8 f i Biometrics.obj
 0001:000027d5       ?Release@?$CComObject@VCOPOSBiometrics@@@ATL@@WJM@AGKXZ 100037d5 f i Biometrics.obj
 0001:000027e2       ?QueryInterface@?$CComObject@VCOPOSBiometrics@@@ATL@@WKA@AGJABU_GUID@@PAPAX@Z 100037e2 f i Biometrics.obj
 0001:000027ef       ?AddRef@?$CComObject@VCOPOSBiometrics@@@ATL@@WKA@AGKXZ 100037ef f i Biometrics.obj
 0001:000027fc       ?Release@?$CComObject@VCOPOSBiometrics@@@ATL@@WKA@AGKXZ 100037fc f i Biometrics.obj
 0001:00002809       ?AddRef@?$CComObject@VCOPOSBiometrics@@@ATL@@WKI@AGKXZ 10003809 f i Biometrics.obj
 0001:00002816       ?Release@?$CComObject@VCOPOSBiometrics@@@ATL@@WKI@AGKXZ 10003816 f i Biometrics.obj
 0001:00002823       ?AddRef@?$CComObject@VCOPOSBiometrics@@@ATL@@WLE@AGKXZ 10003823 f i Biometrics.obj
 0001:00002830       ?Release@?$CComObject@VCOPOSBiometrics@@@ATL@@WLE@AGKXZ 10003830 f i Biometrics.obj
 0001:0000283d       ??_E?$CComContainedObject@VCOPOSBiometrics@@@ATL@@W3AEPAXI@Z 1000383d f i Biometrics.obj
 0001:00002845       ??_E?$CComContainedObject@VCOPOSBiometrics@@@ATL@@WEM@AEPAXI@Z 10003845 f i Biometrics.obj
 0001:0000284d       ?QueryInterface@?$CComContainedObject@VCOPOSBiometrics@@@ATL@@WHA@AGJABU_GUID@@PAPAX@Z 1000384d f i Biometrics.obj
 0001:00002857       ?AddRef@?$CComContainedObject@VCOPOSBiometrics@@@ATL@@WHA@AGKXZ 10003857 f i Biometrics.obj
 0001:00002861       ?Release@?$CComContainedObject@VCOPOSBiometrics@@@ATL@@WHA@AGKXZ 10003861 f i Biometrics.obj
 0001:0000286b       ?QueryInterface@?$CComContainedObject@VCOPOSBiometrics@@@ATL@@WHE@AGJABU_GUID@@PAPAX@Z 1000386b f i Biometrics.obj
 0001:00002875       ?AddRef@?$CComContainedObject@VCOPOSBiometrics@@@ATL@@WHE@AGKXZ 10003875 f i Biometrics.obj
 0001:0000287f       ?Release@?$CComContainedObject@VCOPOSBiometrics@@@ATL@@WHE@AGKXZ 1000387f f i Biometrics.obj
 0001:00002889       ?QueryInterface@?$CComContainedObject@VCOPOSBiometrics@@@ATL@@WHI@AGJABU_GUID@@PAPAX@Z 10003889 f i Biometrics.obj
 0001:00002893       ?AddRef@?$CComContainedObject@VCOPOSBiometrics@@@ATL@@WHI@AGKXZ 10003893 f i Biometrics.obj
 0001:0000289d       ?Release@?$CComContainedObject@VCOPOSBiometrics@@@ATL@@WHI@AGKXZ 1000389d f i Biometrics.obj
 0001:000028a7       ?QueryInterface@?$CComContainedObject@VCOPOSBiometrics@@@ATL@@WHM@AGJABU_GUID@@PAPAX@Z 100038a7 f i Biometrics.obj
 0001:000028b1       ?AddRef@?$CComContainedObject@VCOPOSBiometrics@@@ATL@@WHM@AGKXZ 100038b1 f i Biometrics.obj
 0001:000028bb       ?Release@?$CComContainedObject@VCOPOSBiometrics@@@ATL@@WHM@AGKXZ 100038bb f i Biometrics.obj
 0001:000028c5       ?QueryInterface@?$CComContainedObject@VCOPOSBiometrics@@@ATL@@WIA@AGJABU_GUID@@PAPAX@Z 100038c5 f i Biometrics.obj
 0001:000028d2       ?AddRef@?$CComContainedObject@VCOPOSBiometrics@@@ATL@@WIA@AGKXZ 100038d2 f i Biometrics.obj
 0001:000028df       ?Release@?$CComContainedObject@VCOPOSBiometrics@@@ATL@@WIA@AGKXZ 100038df f i Biometrics.obj
 0001:000028ec       ?QueryInterface@?$CComContainedObject@VCOPOSBiometrics@@@ATL@@WIE@AGJABU_GUID@@PAPAX@Z 100038ec f i Biometrics.obj
 0001:000028f9       ?AddRef@?$CComContainedObject@VCOPOSBiometrics@@@ATL@@WIE@AGKXZ 100038f9 f i Biometrics.obj
 0001:00002906       ?Release@?$CComContainedObject@VCOPOSBiometrics@@@ATL@@WIE@AGKXZ 10003906 f i Biometrics.obj
 0001:00002913       ?QueryInterface@?$CComContainedObject@VCOPOSBiometrics@@@ATL@@WII@AGJABU_GUID@@PAPAX@Z 10003913 f i Biometrics.obj
 0001:00002920       ?AddRef@?$CComContainedObject@VCOPOSBiometrics@@@ATL@@WII@AGKXZ 10003920 f i Biometrics.obj
 0001:0000292d       ?Release@?$CComContainedObject@VCOPOSBiometrics@@@ATL@@WII@AGKXZ 1000392d f i Biometrics.obj
 0001:0000293a       ?QueryInterface@?$CComContainedObject@VCOPOSBiometrics@@@ATL@@WIM@AGJABU_GUID@@PAPAX@Z 1000393a f i Biometrics.obj
 0001:00002947       ?AddRef@?$CComContainedObject@VCOPOSBiometrics@@@ATL@@WIM@AGKXZ 10003947 f i Biometrics.obj
 0001:00002954       ?Release@?$CComContainedObject@VCOPOSBiometrics@@@ATL@@WIM@AGKXZ 10003954 f i Biometrics.obj
 0001:00002961       ?QueryInterface@?$CComContainedObject@VCOPOSBiometrics@@@ATL@@WJA@AGJABU_GUID@@PAPAX@Z 10003961 f i Biometrics.obj
 0001:0000296e       ?AddRef@?$CComContainedObject@VCOPOSBiometrics@@@ATL@@WJA@AGKXZ 1000396e f i Biometrics.obj
 0001:0000297b       ?Release@?$CComContainedObject@VCOPOSBiometrics@@@ATL@@WJA@AGKXZ 1000397b f i Biometrics.obj
 0001:00002988       ?QueryInterface@?$CComContainedObject@VCOPOSBiometrics@@@ATL@@WJE@AGJABU_GUID@@PAPAX@Z 10003988 f i Biometrics.obj
 0001:00002995       ?AddRef@?$CComContainedObject@VCOPOSBiometrics@@@ATL@@WJE@AGKXZ 10003995 f i Biometrics.obj
 0001:000029a2       ?Release@?$CComContainedObject@VCOPOSBiometrics@@@ATL@@WJE@AGKXZ 100039a2 f i Biometrics.obj
 0001:000029af       ?QueryInterface@?$CComContainedObject@VCOPOSBiometrics@@@ATL@@WJI@AGJABU_GUID@@PAPAX@Z 100039af f i Biometrics.obj
 0001:000029bc       ?AddRef@?$CComContainedObject@VCOPOSBiometrics@@@ATL@@WJI@AGKXZ 100039bc f i Biometrics.obj
 0001:000029c9       ?Release@?$CComContainedObject@VCOPOSBiometrics@@@ATL@@WJI@AGKXZ 100039c9 f i Biometrics.obj
 0001:000029d6       ?QueryInterface@?$CComContainedObject@VCOPOSBiometrics@@@ATL@@WJM@AGJABU_GUID@@PAPAX@Z 100039d6 f i Biometrics.obj
 0001:000029e3       ?AddRef@?$CComContainedObject@VCOPOSBiometrics@@@ATL@@WJM@AGKXZ 100039e3 f i Biometrics.obj
 0001:000029f0       ?Release@?$CComContainedObject@VCOPOSBiometrics@@@ATL@@WJM@AGKXZ 100039f0 f i Biometrics.obj
 0001:000029fd       ?QueryInterface@?$CComContainedObject@VCOPOSBiometrics@@@ATL@@WKA@AGJABU_GUID@@PAPAX@Z 100039fd f i Biometrics.obj
 0001:00002a0a       ?AddRef@?$CComContainedObject@VCOPOSBiometrics@@@ATL@@WKA@AGKXZ 10003a0a f i Biometrics.obj
 0001:00002a17       ?Release@?$CComContainedObject@VCOPOSBiometrics@@@ATL@@WKA@AGKXZ 10003a17 f i Biometrics.obj
 0001:00002a24       ?AddRef@?$CComContainedObject@VCOPOSBiometrics@@@ATL@@WKI@AGKXZ 10003a24 f i Biometrics.obj
 0001:00002a31       ?Release@?$CComContainedObject@VCOPOSBiometrics@@@ATL@@WKI@AGKXZ 10003a31 f i Biometrics.obj
 0001:00002a3e       ?AddRef@?$CComContainedObject@VCOPOSBiometrics@@@ATL@@WLE@AGKXZ 10003a3e f i Biometrics.obj
 0001:00002a4b       ?Release@?$CComContainedObject@VCOPOSBiometrics@@@ATL@@WLE@AGKXZ 10003a4b f i Biometrics.obj
 0001:00002a58       ??$?4UITypeInfo2@@@?$CComPtr@UITypeInfo@@@ATL@@QAEPAUITypeInfo@@ABV?$CComPtr@UITypeInfo2@@@1@@Z 10003a58 f i Biometrics.obj
 0001:00002a85       ??$AtlAdd@K@ATL@@YAJPAKKK@Z 10003a85 f i Biometrics.obj
 0001:00002aa8       ??$AtlAdd@_K@ATL@@YAJPA_K_K1@Z 10003aa8 f i Biometrics.obj
 0001:00002ae0       ??$AtlAddThrow@K@ATL@@YAKKK@Z 10003ae0 f i Biometrics.obj
 0001:00002b06       ??$AtlModuleRegisterWndClassInfoT@VAtlModuleRegisterWndClassInfoParamW@ATL@@@ATL@@YAGPAU_ATL_BASE_MODULE70@0@PAU_ATL_WIN_MODULE70@0@PAU_ATL_WNDCLASSINFOW@0@PAP6GJPAUHWND__@@IIJ@ZVAtlModuleRegisterWndClassInfoParamW@0@@Z 10003b06 f i Biometrics.obj
 0001:00002c54       ??$AtlMultiply@H@ATL@@YAJPAHHH@Z 10003c54 f i Biometrics.obj
 0001:00002c8c       ??$AtlMultiply@I@ATL@@YAJPAIII@Z 10003c8c f i Biometrics.obj
 0001:00002c8c       ??$AtlMultiply@K@ATL@@YAJPAKKK@Z 10003c8c f i Biometrics.obj
 0001:00002cae       ??$AtlMultiplyThrow@I@ATL@@YAIII@Z 10003cae f i Biometrics.obj
 0001:00002cd4       ??0?$CComAggObject@VCOPOSBiometrics@@@ATL@@QAE@PAX@Z 10003cd4 f i Biometrics.obj
 0001:00002d01       ??0?$CComContainedObject@VCOPOSBiometrics@@@ATL@@QAE@PAX@Z 10003d01 f i Biometrics.obj
 0001:00002dba       ??0?$CComObject@V?$CComEnum@UIEnumConnectionPoints@@$1?_GUID_b196b285_bab4_101a_b69c_00aa00341d07@@3U__s_GUID@@BPAUIConnectionPoint@@V?$_CopyInterface@UIConnectionPoint@@@ATL@@VCComSingleThreadModel@6@@ATL@@@ATL@@QAE@PAX@Z 10003dba f i Biometrics.obj
 0001:00002de8       ??0?$CComObject@V?$CComEnum@UIEnumConnections@@$1?_GUID_b196b287_bab4_101a_b69c_00aa00341d07@@3U__s_GUID@@BUtagCONNECTDATA@@V?$_Copy@UtagCONNECTDATA@@@ATL@@VCComSingleThreadModel@6@@ATL@@@ATL@@QAE@PAX@Z 10003de8 f i Biometrics.obj
 0001:00002e16       ??0?$CComObject@VCOPOSBiometrics@@@ATL@@QAE@PAX@Z 10003e16 f i Biometrics.obj
 0001:00002ecd       ??0?$CComQIPtr@UIOleControlSite@@$1?_GUID_b196b289_bab4_101a_b69c_00aa00341d07@@3U__s_GUID@@B@ATL@@QAE@PAUIUnknown@@@Z 10003ecd f i Biometrics.obj
 0001:00002ef6       ??0CAtlModule@ATL@@QAE@XZ  10003ef6 f i Biometrics.obj
 0001:00002f37       ??0CParseBuffer@CRegParser@ATL@@QAE@H@Z 10003f37 f i Biometrics.obj
 0001:00002f6d       ??0_ATL_MSG@ATL@@QAE@PAUHWND__@@IIJH@Z 10003f6d f i Biometrics.obj
 0001:00002fa5       ??1?$CComAggObject@VCOPOSBiometrics@@@ATL@@UAE@XZ 10003fa5 f i Biometrics.obj
 0001:00002fc9       ??1?$CComEnumImpl@UIEnumConnectionPoints@@$1?_GUID_b196b285_bab4_101a_b69c_00aa00341d07@@3U__s_GUID@@BPAUIConnectionPoint@@V?$_CopyInterface@UIConnectionPoint@@@ATL@@@ATL@@UAE@XZ 10003fc9 f i Biometrics.obj
 0001:00003009       ??1?$CComEnumImpl@UIEnumConnections@@$1?_GUID_b196b287_bab4_101a_b69c_00aa00341d07@@3U__s_GUID@@BUtagCONNECTDATA@@V?$_Copy@UtagCONNECTDATA@@@ATL@@@ATL@@UAE@XZ 10004009 f i Biometrics.obj
 0001:00003049       ??1?$CComObject@V?$CComEnum@UIEnumConnectionPoints@@$1?_GUID_b196b285_bab4_101a_b69c_00aa00341d07@@3U__s_GUID@@BPAUIConnectionPoint@@V?$_CopyInterface@UIConnectionPoint@@@ATL@@VCComSingleThreadModel@6@@ATL@@@ATL@@UAE@XZ 10004049 f i Biometrics.obj
 0001:0000306c       ??1?$CComObject@V?$CComEnum@UIEnumConnections@@$1?_GUID_b196b287_bab4_101a_b69c_00aa00341d07@@3U__s_GUID@@BUtagCONNECTDATA@@V?$_Copy@UtagCONNECTDATA@@@ATL@@VCComSingleThreadModel@6@@ATL@@@ATL@@UAE@XZ 1000406c f i Biometrics.obj
 0001:0000308f       ??1?$CComObject@VCOPOSBiometrics@@@ATL@@UAE@XZ 1000408f f i Biometrics.obj
 0001:0000314d       ??1?$CComObjectCached@VCComClassFactory@ATL@@@ATL@@UAE@XZ 1000414d f i Biometrics.obj
 0001:00003163       ??1?$CComObjectRootEx@VCComMultiThreadModel@ATL@@@ATL@@QAE@XZ 10004163 f i Biometrics.obj
 0001:00003178       ??1CRegObject@ATL@@UAE@XZ  10004178 f i Biometrics.obj
 0001:00003198       ??4?$CComPtr@UIAdviseSink@@@ATL@@QAEPAUIAdviseSink@@PAU2@@Z 10004198 f i Biometrics.obj
 0001:00003198       ??4?$CComPtr@UIUnknown@@@ATL@@QAEPAUIUnknown@@PAU2@@Z 10004198 f i Biometrics.obj
 0001:00003198       ??4?$CComPtr@UIOleClientSite@@@ATL@@QAEPAUIOleClientSite@@PAU2@@Z 10004198 f i Biometrics.obj
 0001:000031cc       ??_E?$CComContainedObject@VCOPOSBiometrics@@@ATL@@UAEPAXI@Z 100041cc f i Biometrics.obj
 0001:000031cc       ??_G?$CComContainedObject@VCOPOSBiometrics@@@ATL@@UAEPAXI@Z 100041cc f i Biometrics.obj
 0001:000031f1       ??_E?$CComObject@VCOPOSBiometrics@@@ATL@@UAEPAXI@Z 100041f1 f i Biometrics.obj
 0001:000031f1       ??_G?$CComObject@VCOPOSBiometrics@@@ATL@@UAEPAXI@Z 100041f1 f i Biometrics.obj
 0001:00003216       ?Add@?$CSimpleArray@GV?$CSimpleArrayEqualHelper@G@ATL@@@ATL@@QAEHABG@Z 10004216 f i Biometrics.obj
 0001:0000329a       ?Add@?$CSimpleMap@PA_WPA_WVCExpansionVectorEqualHelper@ATL@@@ATL@@QAEHABQA_W0@Z 1000429a f i Biometrics.obj
 0001:000032ef       ?Add@CComDynamicUnkArray@ATL@@QAEKPAUIUnknown@@@Z 100042ef f i Biometrics.obj
 0001:000033a5       ?Add@CExpansionVector@ATL@@QAEHPB_W0@Z 100043a5 f i Biometrics.obj
 0001:000034ae       ?AddString@CParseBuffer@CRegParser@ATL@@QAEHPB_W@Z 100044ae f i Biometrics.obj
 0001:000034e3       ?AddTermFunc@CAtlModule@ATL@@QAEJP6GXK@ZK@Z 100044e3 f i Biometrics.obj
 0001:00003546       ?AddValue@CRegParser@ATL@@IAEJAAVCRegKey@2@PB_WPA_W@Z 10004546 f i Biometrics.obj
 0001:00003860       ?Allocate@?$CAtlSafeAllocBufferManager@VCCRTAllocator@ATL@@@_ATL_SAFE_ALLOCA_IMPL@ATL@@QAEPAXK@Z 10004860 f i Biometrics.obj
 0001:0000388d       ?Allocate@?$CTempBuffer@E$0BAA@VCCRTAllocator@ATL@@@ATL@@QAEPAEI@Z 1000488d f i Biometrics.obj
 0001:000038bc       ?Allocate@?$CTempBuffer@_W$0BAA@VCCRTAllocator@ATL@@@ATL@@QAEPA_WI@Z 100048bc f i Biometrics.obj
 0001:000038eb       ?Allocate@?$CTempBuffer@_W$0EAA@VCCRTAllocator@ATL@@@ATL@@QAEPA_WI@Z 100048eb f i Biometrics.obj
 0001:0000391a       ?AllocateHeap@?$CTempBuffer@_W$0BAA@VCCRTAllocator@ATL@@@ATL@@AAEXI@Z 1000491a f i Biometrics.obj
 0001:0000391a       ?AllocateHeap@?$CTempBuffer@_W$0EAA@VCCRTAllocator@ATL@@@ATL@@AAEXI@Z 1000491a f i Biometrics.obj
 0001:0000391a       ?AllocateHeap@?$CTempBuffer@E$0BAA@VCCRTAllocator@ATL@@@ATL@@AAEXI@Z 1000491a f i Biometrics.obj
 0001:0000393f       ?Append@CParseBuffer@CRegParser@ATL@@QAEHPB_WH@Z 1000493f f i Biometrics.obj
 0001:000039cd       ?AtlCoTaskMemCAlloc@ATL@@YAPAXKK@Z 100049cd f i Biometrics.obj
 0001:000039fa       ?AtlCoTaskMemRecalloc@ATL@@YAPAXPAXKK@Z 100049fa f i Biometrics.obj
 0001:00003a2a       ?AtlComModuleGetClassObject@ATL@@YGJPAU_ATL_COM_MODULE70@1@ABU_GUID@@1PAPAX@Z 10004a2a f i Biometrics.obj
 0001:00003b1d       ?AtlComModuleRegisterServer@ATL@@YGJPAU_ATL_COM_MODULE70@1@HPBU_GUID@@@Z 10004b1d f i Biometrics.obj
 0001:00003ba5       ?AtlComModuleUnregisterServer@ATL@@YGJPAU_ATL_COM_MODULE70@1@HPBU_GUID@@@Z 10004ba5 f i Biometrics.obj
 0001:00003c2d       ?AtlComQIPtrAssign2@ATL@@YAXPAPAUIUnknown@@PAU2@ABU_GUID@@@Z 10004c2d f i Biometrics.obj
 0001:00003c5c       ?AtlCreateTargetDC@ATL@@YGPAUHDC__@@PAU2@PAUtagDVTARGETDEVICE@@@Z 10004c5c f i Biometrics.obj
 0001:00003cc5       ?AtlCrtErrorCheck@ATL@@YAHH@Z 10004cc5 f i Biometrics.obj
 0001:00003d00       ?AtlHiMetricToPixel@ATL@@YGXPBUtagSIZE@@PAU2@@Z 10004d00 f i Biometrics.obj
 0001:00003d75       ?AtlHresultFromLastError@ATL@@YAJXZ 10004d75 f i Biometrics.obj
 0001:00003d8c       ?AtlHresultFromWin32@ATL@@YAJK@Z 10004d8c f i Biometrics.obj
 0001:00003da1       ?AtlInternalOleLoadFromStream@ATL@@YAJPAUIStream@@ABU_GUID@@PAPAXTClassesAllowedInStream@1@K@Z 10004da1 f i Biometrics.obj
 0001:00003ec7       ?AtlInternalQueryInterface@ATL@@YGJPAXPBU_ATL_INTMAP_ENTRY@1@ABU_GUID@@PAPAX@Z 10004ec7 f i Biometrics.obj
 0001:00003f6a       ?AtlLoadTypeLib@ATL@@YGJPAUHINSTANCE__@@PB_WPAPA_WPAPAUITypeLib@@@Z 10004f6a f i Biometrics.obj
 0001:00004148       ?AtlRegisterClassCategoriesHelper@ATL@@YGJABU_GUID@@PBU_ATL_CATMAP_ENTRY@1@H@Z 10005148 f i Biometrics.obj
 0001:00004444       ?AtlRegisterTypeLib@ATL@@YGJPAUHINSTANCE__@@PB_W@Z 10005444 f i Biometrics.obj
 0001:000045cc       ?AtlThrowImpl@ATL@@YGXJ@Z  100055cc f i Biometrics.obj
 0001:000045ea       ?AtlUnRegisterTypeLib@ATL@@YGJPAUHINSTANCE__@@PB_W@Z 100055ea f i Biometrics.obj
 0001:00004695       ?AtlWinModuleAddCreateWndData@ATL@@YGXPAU_ATL_WIN_MODULE70@1@PAU_AtlCreateWndData@1@PAX@Z 10005695 f i Biometrics.obj
 0001:000046e9       ?AtlWinModuleExtractCreateWndData@ATL@@YGPAXPAU_ATL_WIN_MODULE70@1@@Z 100056e9 f i Biometrics.obj
 0001:0000474c       ?AtlWinModuleRegisterClassExW@ATL@@YGGPAU_ATL_WIN_MODULE70@1@PBUtagWNDCLASSEXW@@@Z 1000574c f i Biometrics.obj
 0001:0000478b       ?CanForceRemoveKey@CRegParser@ATL@@IAEHPB_W@Z 1000578b f i Biometrics.obj
 0001:000047ba       ?ChToByte@CRegParser@ATL@@KAE_W@Z 100057ba f i Biometrics.obj
 0001:000047ed       ?Cleanup@CComTypeInfoHolder@ATL@@SGXK@Z 100057ed f i Biometrics.obj
 0001:00004820       ?ClearReplacements@CExpansionVector@ATL@@QAEJXZ 10005820 f i Biometrics.obj
 0001:0000485d       ?Close@CRegKey@ATL@@QAEJXZ 1000585d f i Biometrics.obj
 0001:00004877       ?CreateInstance@?$CComCreator@V?$CComAggObject@VCOPOSBiometrics@@@ATL@@@ATL@@SGJPAXABU_GUID@@PAPAX@Z 10005877 f i Biometrics.obj
 0001:000048ed       ?CreateInstance@?$CComCreator@V?$CComObject@VCOPOSBiometrics@@@ATL@@@ATL@@SGJPAXABU_GUID@@PAPAX@Z 100058ed f i Biometrics.obj
 0001:0000496e       ?CreateInstance@?$CComObject@V?$CComEnum@UIEnumConnectionPoints@@$1?_GUID_b196b285_bab4_101a_b69c_00aa00341d07@@3U__s_GUID@@BPAUIConnectionPoint@@V?$_CopyInterface@UIConnectionPoint@@@ATL@@VCComSingleThreadModel@6@@ATL@@@ATL@@SGJPAPAV12@@Z 1000596e f i Biometrics.obj
 0001:000049b5       ?CreateInstance@?$CComObject@V?$CComEnum@UIEnumConnections@@$1?_GUID_b196b287_bab4_101a_b69c_00aa00341d07@@3U__s_GUID@@BUtagCONNECTDATA@@V?$_Copy@UtagCONNECTDATA@@@ATL@@VCComSingleThreadModel@6@@ATL@@@ATL@@SGJPAPAV12@@Z 100059b5 f i Biometrics.obj
 0001:000049fc       ?DefaultReflectionHandler@?$CWindowImplRoot@VCWindow@ATL@@@ATL@@SAHPAUHWND__@@IIJAAJ@Z 100059fc f i Biometrics.obj
 0001:00004a6f       ?DeleteSubKey@CRegKey@ATL@@QAEJPB_W@Z 10005a6f f i Biometrics.obj
 0001:00004ae8       ?DoEvent@COPOSBiometrics@@IAEXIIJ@Z 10005ae8 f i Biometrics.obj
 0001:00004b68       ?DoVerbHide@?$IOleObjectImpl@VCOPOSBiometrics@@@ATL@@QAEJPBUtagRECT@@PAUHWND__@@@Z 10005b68 f i Biometrics.obj
 0001:00004b9e       ?DoVerbInPlaceActivate@?$IOleObjectImpl@VCOPOSBiometrics@@@ATL@@QAEJPBUtagRECT@@PAUHWND__@@@Z 10005b9e f i Biometrics.obj
 0001:00004bd1       ?DoVerbPrimary@?$IOleObjectImpl@VCOPOSBiometrics@@@ATL@@QAEJPBUtagRECT@@PAUHWND__@@@Z 10005bd1 f i Biometrics.obj
 0001:00004c5d       ?DoVerbProperties@CComControlBase@ATL@@QAEJPBUtagRECT@@PAUHWND__@@@Z 10005c5d f i Biometrics.obj
 0001:00004ddc       ?DoVerbUIActivate@?$IOleObjectImpl@VCOPOSBiometrics@@@ATL@@QAEJPBUtagRECT@@PAUHWND__@@@Z 10005ddc f i Biometrics.obj
 0001:00004e19       ?DoesVerbActivate@CComControlBase@ATL@@QAEHJ@Z 10005e19 f i Biometrics.obj
 0001:00004e3a       ?DoesVerbUIActivate@CComControlBase@ATL@@QAEHJ@Z 10005e3a f i Biometrics.obj
 0001:00004e6f       ?EndOfVar@CRegParser@ATL@@IAEHXZ 10005e6f f i Biometrics.obj
 0001:00004e8f       ?EscapeSingleQuote@CAtlModule@ATL@@SAXPA_WIPB_W@Z 10005e8f f i Biometrics.obj
 0001:00004ede       ?FindKey@?$CSimpleMap@PA_WPA_WVCExpansionVectorEqualHelper@ATL@@@ATL@@QBEHABQA_W@Z 10005ede f i Biometrics.obj
 0001:00004f15       ?FireTheEvent@?$CProxy_IOPOSEvents@VCOPOSBiometrics@@@@IAEXPAVOposVariant@@IAAJPB_WJ@Z 10005f15 f i Biometrics.obj
 0001:00004fa7       ?FireViewChange@CComControlBase@ATL@@QAEJXZ 10005fa7 f i Biometrics.obj
 0001:00004ff0       ?Fire_DataEvent@?$CProxy_IOPOSEvents@VCOPOSBiometrics@@@@QAEXJ@Z 10005ff0 f i Biometrics.obj
 0001:00005083       ?Fire_DirectIOEvent@?$CProxy_IOPOSEvents@VCOPOSBiometrics@@@@QAEXJPAJPAPA_W@Z 10006083 f i Biometrics.obj
 0001:0000516c       ?Fire_ErrorEvent@?$CProxy_IOPOSEvents@VCOPOSBiometrics@@@@QAEXJJJPAJ@Z 1000616c f i Biometrics.obj
 0001:00005256       ?Fire_StatusUpdateEvent@?$CProxy_IOPOSEvents@VCOPOSBiometrics@@@@QAEXJ@Z 10006256 f i Biometrics.obj
 0001:000052e9       ?FreeHeap@?$CTempBuffer@_W$0EAA@VCCRTAllocator@ATL@@@ATL@@AAEXXZ 100062e9 f i Biometrics.obj
 0001:000052e9       ?FreeHeap@?$CTempBuffer@_W$0BAA@VCCRTAllocator@ATL@@@ATL@@AAEXXZ 100062e9 f i Biometrics.obj
 0001:000052e9       ?FreeHeap@?$CTempBuffer@E$0BAA@VCCRTAllocator@ATL@@@ATL@@AAEXXZ 100062e9 f i Biometrics.obj
 0001:000052f2       ?GetAmbientLocaleID@CComControlBase@ATL@@QAEJAAK@Z 100062f2 f i Biometrics.obj
 0001:0000534e       ?GetAmbientUserMode@CComControlBase@ATL@@QAEJAAH@Z 1000634e f i Biometrics.obj
 0001:000053be       ?GetAt@CComDynamicUnkArray@ATL@@QAEPAUIUnknown@@H@Z 100063be f i Biometrics.obj
 0001:000053da       ?GetClassObject@CComModule@ATL@@QAEJABU_GUID@@0PAPAX@Z 100063da f i Biometrics.obj
 0001:0000547c       ?GetConnMap@COPOSBiometrics@@SAPBU_ATL_CONNMAP_ENTRY@ATL@@PAH@Z 1000647c f i Biometrics.obj
 0001:000054ec       ?GetCookie@CComDynamicUnkArray@ATL@@QAGKPAPAUIUnknown@@@Z 100064ec f i Biometrics.obj
 0001:00005524       ?GetIDsOfNames@CComTypeInfoHolder@ATL@@QAEJABU_GUID@@PAPA_WIKPAJ@Z 10006524 f i Biometrics.obj
 0001:0000564b       ?GetKeyAt@?$CSimpleMap@PA_WPA_WVCExpansionVectorEqualHelper@ATL@@@ATL@@QBEAAPA_WH@Z 1000664b f i Biometrics.obj
 0001:00005670       ?GetPagesHelper@?$ISpecifyPropertyPagesImpl@VCOPOSBiometrics@@@ATL@@IAEJPAUtagCAUUID@@PBUATL_PROPMAP_ENTRY@2@@Z 10006670 f i Biometrics.obj
 0001:00005797       ?GetProperty@?$CComPtr@UIDispatch@@@ATL@@SAJPAUIDispatch@@JPAUtagVARIANT@@@Z 10006797 f i Biometrics.obj
 0001:000057e6       ?GetSizeMax@CComVariant@ATL@@QBEJPAT_ULARGE_INTEGER@@@Z 100067e6 f i Biometrics.obj
 0001:000059ac       ?GetTI@CComTypeInfoHolder@ATL@@QAEJK@Z 100069ac f i Biometrics.obj
 0001:00005b8b       ?GetTI@CComTypeInfoHolder@ATL@@QAEJKPAPAUITypeInfo@@@Z 10006b8b f i Biometrics.obj
 0001:00005bcd       ?GetUnknown@CComDynamicUnkArray@ATL@@QAGPAUIUnknown@@K@Z 10006bcd f i Biometrics.obj
 0001:00005bee       ?GetValueAt@?$CSimpleMap@PA_WPA_WVCExpansionVectorEqualHelper@ATL@@@ATL@@QBEAAPA_WH@Z 10006bee f i Biometrics.obj
 0001:00005c14       ?GetZoomInfo@CComControlBase@ATL@@QAEXAAUATL_DRAWINFO@@@Z 10006c14 f i Biometrics.obj
 0001:00005ca7       ?HKeyFromString@CRegParser@ATL@@KAPAUHKEY__@@PA_W@Z 10006ca7 f i Biometrics.obj
 0001:00005cd5       ?HasSubKeys@CRegParser@ATL@@IAEHPAUHKEY__@@@Z 10006cd5 f i Biometrics.obj
 0001:00005d0a       ?IDataObject_GetData@CComControlBase@ATL@@QAEJPAUtagFORMATETC@@PAUtagSTGMEDIUM@@@Z 10006d0a f i Biometrics.obj
 0001:00005eb0       ?IOleInPlaceObject_InPlaceDeactivate@CComControlBase@ATL@@QAEJXZ 10006eb0 f i Biometrics.obj
 0001:00005f37       ?IOleInPlaceObject_SetObjectRects@CComControlBase@ATL@@QAEJPBUtagRECT@@0@Z 10006f37 f i Biometrics.obj
 0001:00006004       ?IOleInPlaceObject_UIDeactivate@CComControlBase@ATL@@QAEJXZ 10007004 f i Biometrics.obj
 0001:000060c6       ?IOleObject_Advise@CComControlBase@ATL@@QAEJPAUIAdviseSink@@PAK@Z 100070c6 f i Biometrics.obj
 0001:000060f0       ?IOleObject_Close@CComControlBase@ATL@@QAEJK@Z 100070f0 f i Biometrics.obj
 0001:000061d4       ?IOleObject_GetClientSite@CComControlBase@ATL@@QAEJPAPAUIOleClientSite@@@Z 100071d4 f i Biometrics.obj
 0001:000061fd       ?IOleObject_SetClientSite@CComControlBase@ATL@@QAEJPAUIOleClientSite@@@Z 100071fd f i Biometrics.obj
 0001:0000623c       ?IOleObject_SetExtent@CComControlBase@ATL@@QAEJKPAUtagSIZE@@@Z 1000723c f i Biometrics.obj
 0001:000062f0       ?IPSI_GetIPersistStreamInit@?$IPersistStorageImpl@VCOPOSBiometrics@@@ATL@@AAEPAUIPersistStreamInit@@XZ 100072f0 f i Biometrics.obj
 0001:00006398       ?IPersistStreamInit_Load@?$IPersistStreamInitImpl@VCOPOSBiometrics@@@ATL@@QAEJPAUIStream@@PBUATL_PROPMAP_ENTRY@2@@Z 10007398 f i Biometrics.obj
 0001:00006614       ?IPersistStreamInit_Save@?$IPersistStreamInitImpl@VCOPOSBiometrics@@@ATL@@QAEJPAUIStream@@HPBUATL_PROPMAP_ENTRY@2@@Z 10007614 f i Biometrics.obj
 0001:00006802       ?IQuickActivate_QuickActivate@CComControlBase@ATL@@QAEJPAUtagQACONTAINER@@PAUtagQACONTROL@@@Z 10007802 f i Biometrics.obj
 0001:00006a44       ?IViewObject_Draw@CComControlBase@ATL@@QAEJKJPAXPAUtagDVTARGETDEVICE@@PAUHDC__@@2PBU_RECTL@@3@Z 10007a44 f i Biometrics.obj
 0001:00006aec       ?InPlaceActivate@CComControlBase@ATL@@QAEJJPBUtagRECT@@@Z 10007aec f i Biometrics.obj
 0001:00006d5d       ?Init@?$CComEnumImpl@UIEnumConnectionPoints@@$1?_GUID_b196b285_bab4_101a_b69c_00aa00341d07@@3U__s_GUID@@BPAUIConnectionPoint@@V?$_CopyInterface@UIConnectionPoint@@@ATL@@@ATL@@QAEJPAPAUIConnectionPoint@@0PAUIUnknown@@W4CComEnumFlags@2@@Z 10007d5d f i Biometrics.obj
 0001:00006e3c       ?Init@?$CComEnumImpl@UIEnumConnections@@$1?_GUID_b196b287_bab4_101a_b69c_00aa00341d07@@3U__s_GUID@@BUtagCONNECTDATA@@V?$_Copy@UtagCONNECTDATA@@@ATL@@@ATL@@QAEJPAUtagCONNECTDATA@@0PAUIUnknown@@W4CComEnumFlags@2@@Z 10007e3c f i Biometrics.obj
 0001:00006f1b       ?Init@CComModule@ATL@@QAEJPAU_ATL_OBJMAP_ENTRY30@2@PAUHINSTANCE__@@PBU_GUID@@@Z 10007f1b f i Biometrics.obj
 0001:00006f7a       ?Init@CDynamicStdCallThunk2@ATL@@QAEHKPAX@Z 10007f7a f i Biometrics.obj
 0001:00006fa5       ?InlineIsEqualUnknown@ATL@@YGHABU_GUID@@@Z 10007fa5 f i Biometrics.obj
 0001:00006fcd       ?InternalSetAtIndex@?$CSimpleMap@PA_WPA_WVCExpansionVectorEqualHelper@ATL@@@ATL@@QAEXHABQA_W0@Z 10007fcd f i Biometrics.obj
 0001:00006ff7       ?Invoke@CComTypeInfoHolder@ATL@@QAEJPAUIDispatch@@JABU_GUID@@KGPAUtagDISPPARAMS@@PAUtagVARIANT@@PAUtagEXCEPINFO@@PAI@Z 10007ff7 f i Biometrics.obj
 0001:0000703a       ?IsEqualObject@?$CComPtrBase@UIOleClientSite@@@ATL@@QAE_NPAUIUnknown@@@Z 1000803a f i Biometrics.obj
 0001:0000703a       ?IsEqualObject@?$CComPtrBase@UITypeInfo@@@ATL@@QAE_NPAUIUnknown@@@Z 1000803a f i Biometrics.obj
 0001:000070a7       ?IsSpace@CRegParser@ATL@@IAEH_W@Z 100080a7 f i Biometrics.obj
 0001:000070d1       ?LoadNameCache@CComTypeInfoHolder@ATL@@QAEJPAUITypeInfo@@@Z 100080d1 f i Biometrics.obj
 0001:0000721d       ?Lookup@?$CSimpleMap@PA_WPA_WVCExpansionVectorEqualHelper@ATL@@@ATL@@QBEPA_WABQA_W@Z 1000821d f i Biometrics.obj
 0001:00007243       ?NextToken@CRegParser@ATL@@IAEJPA_W@Z 10008243 f i Biometrics.obj
 0001:0000737b       ?OnKillFocus@CComControlBase@ATL@@QAEJIIJAAH@Z 1000837b f i Biometrics.obj
 0001:000073d6       ?OnMouseActivate@CComControlBase@ATL@@QAEJIIJAAH@Z 100083d6 f i Biometrics.obj
 0001:00007444       ?OnPaint@CComControlBase@ATL@@QAEJIIJAAH@Z 10008444 f i Biometrics.obj
 0001:000074f6       ?OnSetFocus@CComControlBase@ATL@@QAEJIIJAAH@Z 100084f6 f i Biometrics.obj
 0001:0000757f       ?Open@CRegKey@ATL@@QAEJPAUHKEY__@@PB_WK@Z 1000857f f i Biometrics.obj
 0001:000075d4       ?PreProcessBuffer@CRegParser@ATL@@QAEJPA_WPAPA_W@Z 100085d4 f i Biometrics.obj
 0001:0000783e       ?ProcessWindowMessage@?$CComControl@VCOPOSBiometrics@@V?$CWindowImpl@VCOPOSBiometrics@@VCWindow@ATL@@V?$CWinTraits@$0FGAAAAAA@$0A@@3@@ATL@@@ATL@@UAEHPAUHWND__@@IIJAAJK@Z 1000883e f i Biometrics.obj
 0001:000078dd       ?ReadFromStream@CComBSTR@ATL@@QAEJPAUIStream@@@Z 100088dd f i Biometrics.obj
 0001:00007a0b       ?ReadFromStream@CComVariant@ATL@@QAEJPAUIStream@@GTClassesAllowedInStream@2@K@Z 10008a0b f i Biometrics.obj
 0001:00007b91       ?RecurseDeleteKey@CRegKey@ATL@@QAEJPB_W@Z 10008b91 f i Biometrics.obj
 0001:00007c7f       ?RegCreateKeyExW@CAtlTransactionManager@ATL@@QAEJPAUHKEY__@@PB_WKPA_WKKQAU_SECURITY_ATTRIBUTES@@PAPAU3@PAK@Z 10008c7f f i Biometrics.obj
 0001:00007ce2       ?RegDeleteKeyW@CAtlTransactionManager@ATL@@QAEJPAUHKEY__@@PB_W@Z 10008ce2 f i Biometrics.obj
 0001:00007d34       ?RegOpenKeyExW@CAtlTransactionManager@ATL@@QAEJPAUHKEY__@@PB_WKKPAPAU3@@Z 10008d34 f i Biometrics.obj
 0001:00007d8b       ?Register@_ATL_WNDCLASSINFOW@ATL@@QAEGPAP6GJPAUHWND__@@IIJ@Z@Z 10008d8b f i Biometrics.obj
 0001:00007dab       ?RegisterBuffer@CRegParser@ATL@@QAEJPA_WH@Z 10008dab f i Biometrics.obj
 0001:00007ee4       ?RegisterFromResource@CRegObject@ATL@@IAEJPB_W00H@Z 10008ee4 f i Biometrics.obj
 0001:0000801a       ?RegisterServer@?$CAtlModuleT@VCComModule@ATL@@@ATL@@QAEJHPBU_GUID@@@Z 1000901a f i Biometrics.obj
 0001:00008048       ?RegisterServer@CComModule@ATL@@QAEJHPBU_GUID@@@Z 10009048 f i Biometrics.obj
 0001:000080be       ?RegisterSubkeys@CRegParser@ATL@@IAEJPA_WPAUHKEY__@@HH@Z 100090be f i Biometrics.obj
 0001:00008765       ?Remove@CComDynamicUnkArray@ATL@@QAEHK@Z 10009765 f i Biometrics.obj
 0001:0000878e       ?RemoveAll@?$CSimpleMap@PA_WPA_WVCExpansionVectorEqualHelper@ATL@@@ATL@@QAEXXZ 1000978e f i Biometrics.obj
 0001:000087ba       ?ResourceRegisterSz@CRegObject@ATL@@QAGJPB_W00@Z 100097ba f i Biometrics.obj
 0001:000087e7       ?ResourceUnregisterSz@CRegObject@ATL@@QAGJPB_W00@Z 100097e7 f i Biometrics.obj
 0001:00008814       ?SendOnDataChange@CComControlBase@ATL@@QAEJK@Z 10009814 f i Biometrics.obj
 0001:00008861       ?SetControlFocus@CComControlBase@ATL@@QAEHH@Z 10009861 f i Biometrics.obj
 0001:000088fe       ?SetMultiStringValue@CRegKey@ATL@@QAEJPB_W0@Z 100098fe f i Biometrics.obj
 0001:0000895a       ?SetStringValue@CRegKey@ATL@@QAEJPB_W0K@Z 1000995a f i Biometrics.obj
 0001:000089a3       ?SkipAssignment@CRegParser@ATL@@IAEJPA_W@Z 100099a3 f i Biometrics.obj
 0001:00008a08       ?SkipWhiteSpace@CRegParser@ATL@@IAEXXZ 10009a08 f i Biometrics.obj
 0001:00008a2a       ?StrChrW@CRegParser@ATL@@KAPA_WPA_W_W@Z 10009a2a f i Biometrics.obj
 0001:00008a67       ?Term@CAtlModule@ATL@@QAEXXZ 10009a67 f i Biometrics.obj
 0001:00008aba       ?Term@CComModule@ATL@@QAEXXZ 10009aba f i Biometrics.obj
 0001:00008b12       ?UnregisterServer@?$CAtlModuleT@VCComModule@ATL@@@ATL@@QAEJHPBU_GUID@@@Z 10009b12 f i Biometrics.obj
 0001:00008b38       ?UnregisterServer@CComModule@ATL@@QAEJHPBU_GUID@@@Z 10009b38 f i Biometrics.obj
 0001:00008bae       ?UpdateRegistryFromResource@CAtlModule@ATL@@QAGJIHPAU_ATL_REGMAP_ENTRY@2@@Z 10009bae f i Biometrics.obj
 0001:00008d79       ?UpdateRegistryFromResource@CAtlModule@ATL@@QAGJPB_WHPAU_ATL_REGMAP_ENTRY@2@@Z 10009d79 f i Biometrics.obj
 0001:00008f4a       ?VTFromRegType@CRegParser@ATL@@KAHPB_WAAG@Z 10009f4a f i Biometrics.obj
 0001:00008fb7       ?WindowProc@?$CWindowImplBaseT@VCWindow@ATL@@V?$CWinTraits@$0FGAAAAAA@$0A@@2@@ATL@@SGJPAUHWND__@@IIJ@Z 10009fb7 f i Biometrics.obj
 0001:000090a9       ?WriteToStream@CComBSTR@ATL@@QAEJPAUIStream@@@Z 1000a0a9 f i Biometrics.obj
 0001:0000910b       ?WriteToStream@CComVariant@ATL@@QAEJPAUIStream@@@Z 1000a10b f i Biometrics.obj
 0001:00009285       ?WriteToStream@CComVariant@ATL@@QAEJPAUIStream@@G@Z 1000a285 f i Biometrics.obj
 0001:000092ee       ?_AtlInitialConstruct@?$CComObjectRootEx@VCComMultiThreadModel@ATL@@@ATL@@QAEJXZ 1000a2ee f i Biometrics.obj
 0001:00009303       ?_AtlVerifyStackAvailable@_ATL_SAFE_ALLOCA_IMPL@ATL@@YA_NK@Z 1000a303 f i Biometrics.obj
 0001:00009381       ?atlCreate@?$CWindowImpl@VCOPOSBiometrics@@VCWindow@ATL@@V?$CWinTraits@$0FGAAAAAA@$0A@@3@@ATL@@QAEPAUHWND__@@PAU3@V_U_RECT@2@PB_WKKV_U_MENUorID@2@PAX@Z 1000a381 f i Biometrics.obj
 0001:000093c5       ?atlCreate@?$CWindowImplBaseT@VCWindow@ATL@@V?$CWinTraits@$0FGAAAAAA@$0A@@2@@ATL@@QAEPAUHWND__@@PAU3@V_U_RECT@2@PB_WKKV_U_MENUorID@2@GPAX@Z 1000a3c5 f i Biometrics.obj
 0001:00009461       ?copy@?$_Copy@UtagCONNECTDATA@@@ATL@@SAJPAUtagCONNECTDATA@@PBU3@@Z 1000a461 f i Biometrics.obj
 0001:00009497       ?copy@?$_CopyInterface@UIConnectionPoint@@@ATL@@SAJPAPAUIConnectionPoint@@PBQAU3@@Z 1000a497 f i Biometrics.obj
 0001:000094c5       ?memcpy_s@Checked@ATL@@YAXPAXIPBXI@Z 1000a4c5 f i Biometrics.obj
 0001:000094e4       ?ocscpy_s@@YA_NPA_WIPB_W@Z 1000a4e4 f i Biometrics.obj
 0001:0000952e       ?wcscpy_s@Checked@ATL@@YAXPA_WIPB_W@Z 1000a52e f i Biometrics.obj
 0001:0000954a       _DllCanUnloadNow@0         1000a54a f   Biometrics.obj
 0001:00009556       _DllGetClassObject@12      1000a556 f   Biometrics.obj
 0001:00009564       _DllMain@12                1000a564 f   Biometrics.obj
 0001:000095a6       _DllRegisterServer@0       1000a5a6 f   Biometrics.obj
 0001:000095b5       _DllUnregisterServer@0     1000a5b5 f   Biometrics.obj
 0001:000095c4       _InlineIsEqualGUID         1000a5c4 f i Biometrics.obj
 0001:000095f4       ___local_stdio_printf_options 1000a5f4 f i Biometrics.obj
 0001:000095fa       __vswprintf_s_l            1000a5fa f i Biometrics.obj
 0001:000096a7       _swprintf_s                1000a6a7 f i Biometrics.obj
 0001:000096c3       ??0?$CComControl@VCOPOSBiometrics@@V?$CWindowImpl@VCOPOSBiometrics@@VCWindow@ATL@@V?$CWinTraits@$0FGAAAAAA@$0A@@3@@ATL@@@ATL@@QAE@XZ 1000a6c3 f i BiometricsImpl.obj
 0001:000096ea       ??0?$CProxy_IOPOSEvents@VCOPOSBiometrics@@@@QAE@XZ 1000a6ea f i BiometricsImpl.obj
 0001:0000970a       ??0CComControlBase@ATL@@QAE@AAPAUHWND__@@@Z 1000a70a f i BiometricsImpl.obj
 0001:00009754       ??0COPOSBiometrics@@QAE@XZ 1000a754 f   BiometricsImpl.obj
 0001:0000978a       ??1?$CComControl@VCOPOSBiometrics@@V?$CWindowImpl@VCOPOSBiometrics@@VCWindow@ATL@@V?$CWinTraits@$0FGAAAAAA@$0A@@3@@ATL@@@ATL@@UAE@XZ 1000a78a f i BiometricsImpl.obj
 0001:000097a3       ??1?$IConnectionPointImpl@VCOPOSBiometrics@@$1?IID_IPropertyNotifySink@@3U_GUID@@BVCComDynamicUnkArray@ATL@@@ATL@@QAE@XZ 1000a7a3 f i BiometricsImpl.obj
 0001:000097a3       ??1?$IConnectionPointImpl@VCOPOSBiometrics@@$1?DIID__IOPOSBiometricsEvents@@3U_GUID@@BVCComDynamicUnkArray@ATL@@@ATL@@QAE@XZ 1000a7a3 f i BiometricsImpl.obj
 0001:000097e0       ??1CComControlBase@ATL@@UAE@XZ 1000a7e0 f i BiometricsImpl.obj
 0001:00009843       ??1COPOSBiometrics@@UAE@XZ 1000a843 f   BiometricsImpl.obj
 0001:0000988b       ?BeginEnrollCapture@COPOSBiometrics@@UAGJPA_W0PAJ@Z 1000a88b f   BiometricsImpl.obj
 0001:0000990b       ?BeginVerifyCapture@COPOSBiometrics@@UAGJPAJ@Z 1000a90b f   BiometricsImpl.obj
 0001:00009926       ?CheckHealth@COPOSBiometrics@@UAGJJPAJ@Z 1000a926 f   BiometricsImpl.obj
 0001:00009975       ?ClaimDevice@COPOSBiometrics@@UAGJJPAJ@Z 1000a975 f   BiometricsImpl.obj
 0001:000099ea       ?ClearInput@COPOSBiometrics@@UAGJPAJ@Z 1000a9ea f   BiometricsImpl.obj
 0001:00009a05       ?ClearInputProperties@COPOSBiometrics@@UAGJPAJ@Z 1000aa05 f   BiometricsImpl.obj
 0001:00009a20       ?Close@COPOSBiometrics@@UAGJPAJ@Z 1000aa20 f   BiometricsImpl.obj
 0001:00009a8e       ?CompareFirmwareVersion@COPOSBiometrics@@UAGJPA_WPAJ1@Z 1000aa8e f   BiometricsImpl.obj
 0001:00009b0e       ?DirectIO@COPOSBiometrics@@UAGJJPAJPAPA_W0@Z 1000ab0e f   BiometricsImpl.obj
 0001:00009bbc       ?DoInvoke@COPOSBiometrics@@IAEJJPAVOposVariant@@IHPAJ_N@Z 1000abbc f   BiometricsImpl.obj
 0001:00009c98       ?EndCapture@COPOSBiometrics@@UAGJPAJ@Z 1000ac98 f   BiometricsImpl.obj
 0001:00009cb3       ?EventClose@COPOSBiometrics@@IAEXXZ 1000acb3 f i BiometricsImpl.obj
 0001:00009ce6       ?EventInit@COPOSBiometrics@@IAEJXZ 1000ace6 f i BiometricsImpl.obj
 0001:00009db2       ?EventUninit@COPOSBiometrics@@IAEXXZ 1000adb2 f i BiometricsImpl.obj
 0001:00009e04       ?EventWindowProc@COPOSBiometrics@@IAGJIIJ@Z 1000ae04 f i BiometricsImpl.obj
 0001:00009ed8       ?FinalConstruct@COPOSBiometrics@@QAEJXZ 1000aed8 f   BiometricsImpl.obj
 0001:00009f11       ?FireEventCleanup@COPOSBiometrics@@IAEXXZ 1000af11 f i BiometricsImpl.obj
 0001:00009f27       ?FireEventSetup@COPOSBiometrics@@IAE_NXZ 1000af27 f i BiometricsImpl.obj
 0001:00009f5b       ?FreezeEvents@COPOSBiometrics@@MAGJH@Z 1000af5b f   BiometricsImpl.obj
 0001:00009fbb       ?GetOposProp@COPOSBiometrics@@IAEJJPAFJ@Z 1000afbb f   BiometricsImpl.obj
 0001:00009fde       ?GetOposProp@COPOSBiometrics@@IAEJJPAJJ@Z 1000afde f   BiometricsImpl.obj
 0001:0000a0ad       ?GetOposProp@COPOSBiometrics@@IAEJJPAPA_WJ@Z 1000b0ad f   BiometricsImpl.obj
 0001:0000a189       ?Identify@COPOSBiometrics@@UAGJJJFUtagVARIANT@@PAU2@JPAJ@Z 1000b189 f   BiometricsImpl.obj
 0001:0000a296       ?IdentifyMatch@COPOSBiometrics@@UAGJJJFPA_WUtagVARIANT@@PAU2@PAJ@Z 1000b296 f   BiometricsImpl.obj
 0001:0000a3b9       ?OnDraw@COPOSBiometrics@@MAEJAAUATL_DRAWINFO@@@Z 1000b3b9 f   BiometricsImpl.obj
 0001:0000a459       ?Open@COPOSBiometrics@@UAGJPA_WPAJ@Z 1000b459 f   BiometricsImpl.obj
 0001:0000ac9b       ?ProcessPrematchData@COPOSBiometrics@@UAGJPA_W0PAPA_WPAJ@Z 1000bc9b f   BiometricsImpl.obj
 0001:0000ad53       ?ReleaseDevice@COPOSBiometrics@@UAGJPAJ@Z 1000bd53 f   BiometricsImpl.obj
 0001:0000ada2       ?ResetStatistics@COPOSBiometrics@@UAGJPA_WPAJ@Z 1000bda2 f   BiometricsImpl.obj
 0001:0000adf9       ?RetrieveStatistics@COPOSBiometrics@@UAGJPAPA_WPAJ@Z 1000bdf9 f   BiometricsImpl.obj
 0001:0000ae50       ?SOProcessID@COPOSBiometrics@@UAGJPAJ@Z 1000be50 f   BiometricsImpl.obj
 0001:0000ae64       ?SetCOFreezeEvents@COPOSBiometrics@@IAEXF@Z 1000be64 f   BiometricsImpl.obj
 0001:0000af04       ?SetOposProp@COPOSBiometrics@@IAEJJJJ@Z 1000bf04 f   BiometricsImpl.obj
 0001:0000affb       ?UpdateFirmware@COPOSBiometrics@@UAGJPA_WPAJ@Z 1000bffb f   BiometricsImpl.obj
 0001:0000b052       ?UpdateStatistics@COPOSBiometrics@@UAGJPA_WPAJ@Z 1000c052 f   BiometricsImpl.obj
 0001:0000b0a9       ?Verify@COPOSBiometrics@@UAGJJJFPA_WPAPA_WPAFPAJ31J3@Z 1000c0a9 f   BiometricsImpl.obj
 0001:0000b220       ?VerifyMatch@COPOSBiometrics@@UAGJJJFPA_W0PAPA_WPAFPAJ313@Z 1000c220 f   BiometricsImpl.obj
 0001:0000b3aa       ?get_Algorithm@COPOSBiometrics@@UAGJPAJ@Z 1000c3aa f   BiometricsImpl.obj
 0001:0000b3c3       ?get_AlgorithmList@COPOSBiometrics@@UAGJPAPA_W@Z 1000c3c3 f   BiometricsImpl.obj
 0001:0000b3dc       ?get_AutoDisable@COPOSBiometrics@@UAGJPAF@Z 1000c3dc f   BiometricsImpl.obj
 0001:0000b3f2       ?get_BIR@COPOSBiometrics@@UAGJPAPA_W@Z 1000c3f2 f   BiometricsImpl.obj
 0001:0000b40b       ?get_BinaryConversion@COPOSBiometrics@@UAGJPAJ@Z 1000c40b f   BiometricsImpl.obj
 0001:0000b421       ?get_CapCompareFirmwareVersion@COPOSBiometrics@@UAGJPAF@Z 1000c421 f   BiometricsImpl.obj
 0001:0000b43a       ?get_CapPowerReporting@COPOSBiometrics@@UAGJPAJ@Z 1000c43a f   BiometricsImpl.obj
 0001:0000b453       ?get_CapPrematchData@COPOSBiometrics@@UAGJPAF@Z 1000c453 f   BiometricsImpl.obj
 0001:0000b46c       ?get_CapRawSensorData@COPOSBiometrics@@UAGJPAF@Z 1000c46c f   BiometricsImpl.obj
 0001:0000b485       ?get_CapRealTimeData@COPOSBiometrics@@UAGJPAF@Z 1000c485 f   BiometricsImpl.obj
 0001:0000b49e       ?get_CapSensorColor@COPOSBiometrics@@UAGJPAJ@Z 1000c49e f   BiometricsImpl.obj
 0001:0000b4b7       ?get_CapSensorOrientation@COPOSBiometrics@@UAGJPAJ@Z 1000c4b7 f   BiometricsImpl.obj
 0001:0000b4d0       ?get_CapSensorType@COPOSBiometrics@@UAGJPAJ@Z 1000c4d0 f   BiometricsImpl.obj
 0001:0000b4e9       ?get_CapStatisticsReporting@COPOSBiometrics@@UAGJPAF@Z 1000c4e9 f   BiometricsImpl.obj
 0001:0000b502       ?get_CapTemplateAdaptation@COPOSBiometrics@@UAGJPAF@Z 1000c502 f   BiometricsImpl.obj
 0001:0000b51b       ?get_CapUpdateFirmware@COPOSBiometrics@@UAGJPAF@Z 1000c51b f   BiometricsImpl.obj
 0001:0000b534       ?get_CapUpdateStatistics@COPOSBiometrics@@UAGJPAF@Z 1000c534 f   BiometricsImpl.obj
 0001:0000b54d       ?get_CheckHealthText@COPOSBiometrics@@UAGJPAPA_W@Z 1000c54d f   BiometricsImpl.obj
 0001:0000b566       ?get_Claimed@COPOSBiometrics@@UAGJPAF@Z 1000c566 f   BiometricsImpl.obj
 0001:0000b57c       ?get_ControlObjectDescription@COPOSBiometrics@@UAGJPAPA_W@Z 1000c57c f   BiometricsImpl.obj
 0001:0000b5ca       ?get_ControlObjectVersion@COPOSBiometrics@@UAGJPAJ@Z 1000c5ca f   BiometricsImpl.obj
 0001:0000b5dd       ?get_DataCount@COPOSBiometrics@@UAGJPAJ@Z 1000c5dd f   BiometricsImpl.obj
 0001:0000b5f3       ?get_DataEventEnabled@COPOSBiometrics@@UAGJPAF@Z 1000c5f3 f   BiometricsImpl.obj
 0001:0000b609       ?get_DeviceDescription@COPOSBiometrics@@UAGJPAPA_W@Z 1000c609 f   BiometricsImpl.obj
 0001:0000b622       ?get_DeviceEnabled@COPOSBiometrics@@UAGJPAF@Z 1000c622 f   BiometricsImpl.obj
 0001:0000b638       ?get_DeviceName@COPOSBiometrics@@UAGJPAPA_W@Z 1000c638 f   BiometricsImpl.obj
 0001:0000b651       ?get_FreezeEvents@COPOSBiometrics@@UAGJPAF@Z 1000c651 f   BiometricsImpl.obj
 0001:0000b667       ?get_OpenResult@COPOSBiometrics@@UAGJPAJ@Z 1000c667 f   BiometricsImpl.obj
 0001:0000b67e       ?get_PowerNotify@COPOSBiometrics@@UAGJPAJ@Z 1000c67e f   BiometricsImpl.obj
 0001:0000b694       ?get_PowerState@COPOSBiometrics@@UAGJPAJ@Z 1000c694 f   BiometricsImpl.obj
 0001:0000b6aa       ?get_RawSensorData@COPOSBiometrics@@UAGJPAPA_W@Z 1000c6aa f   BiometricsImpl.obj
 0001:0000b6c3       ?get_RealTimeDataEnabled@COPOSBiometrics@@UAGJPAF@Z 1000c6c3 f   BiometricsImpl.obj
 0001:0000b6dc       ?get_ResultCode@COPOSBiometrics@@UAGJPAJ@Z 1000c6dc f   BiometricsImpl.obj
 0001:0000b71a       ?get_ResultCodeExtended@COPOSBiometrics@@UAGJPAJ@Z 1000c71a f   BiometricsImpl.obj
 0001:0000b730       ?get_SensorBPP@COPOSBiometrics@@UAGJPAJ@Z 1000c730 f   BiometricsImpl.obj
 0001:0000b749       ?get_SensorColor@COPOSBiometrics@@UAGJPAJ@Z 1000c749 f   BiometricsImpl.obj
 0001:0000b762       ?get_SensorHeight@COPOSBiometrics@@UAGJPAJ@Z 1000c762 f   BiometricsImpl.obj
 0001:0000b77b       ?get_SensorOrientation@COPOSBiometrics@@UAGJPAJ@Z 1000c77b f   BiometricsImpl.obj
 0001:0000b794       ?get_SensorType@COPOSBiometrics@@UAGJPAJ@Z 1000c794 f   BiometricsImpl.obj
 0001:0000b7ad       ?get_SensorWidth@COPOSBiometrics@@UAGJPAJ@Z 1000c7ad f   BiometricsImpl.obj
 0001:0000b7c6       ?get_ServiceObjectDescription@COPOSBiometrics@@UAGJPAPA_W@Z 1000c7c6 f   BiometricsImpl.obj
 0001:0000b7df       ?get_ServiceObjectVersion@COPOSBiometrics@@UAGJPAJ@Z 1000c7df f   BiometricsImpl.obj
 0001:0000b7f5       ?get_State@COPOSBiometrics@@UAGJPAJ@Z 1000c7f5 f   BiometricsImpl.obj
 0001:0000b821       ?put_Algorithm@COPOSBiometrics@@UAGJJ@Z 1000c821 f   BiometricsImpl.obj
 0001:0000b83a       ?put_AutoDisable@COPOSBiometrics@@UAGJF@Z 1000c83a f   BiometricsImpl.obj
 0001:0000b857       ?put_BinaryConversion@COPOSBiometrics@@UAGJJ@Z 1000c857 f   BiometricsImpl.obj
 0001:0000b86d       ?put_DataEventEnabled@COPOSBiometrics@@UAGJF@Z 1000c86d f   BiometricsImpl.obj
 0001:0000b88a       ?put_DeviceEnabled@COPOSBiometrics@@UAGJF@Z 1000c88a f   BiometricsImpl.obj
 0001:0000b8a7       ?put_FreezeEvents@COPOSBiometrics@@UAGJF@Z 1000c8a7 f   BiometricsImpl.obj
 0001:0000b8f3       ?put_PowerNotify@COPOSBiometrics@@UAGJJ@Z 1000c8f3 f   BiometricsImpl.obj
 0001:0000b909       ?put_RealTimeDataEnabled@COPOSBiometrics@@UAGJF@Z 1000c909 f   BiometricsImpl.obj
 0001:0000b929       ?put_SensorColor@COPOSBiometrics@@UAGJJ@Z 1000c929 f   BiometricsImpl.obj
 0001:0000b942       ?put_SensorOrientation@COPOSBiometrics@@UAGJJ@Z 1000c942 f   BiometricsImpl.obj
 0001:0000b95b       ?put_SensorType@COPOSBiometrics@@UAGJJ@Z 1000c95b f   BiometricsImpl.obj
 0001:0000b974       ?s_EventWindowProc@COPOSBiometrics@@KGJPAUHWND__@@IIJ@Z 1000c974 f i BiometricsImpl.obj
 0001:0000b9c6       ??_U@YAPAXI@Z              1000c9c6 f   LIBCMT:new_array.obj
 0001:0000b9cf       ??3@YAXPAXI@Z              1000c9cf f   LIBCMT:delete_scalar_size.obj
 0001:0000b9dd       ??_V@YAXPAX@Z              1000c9dd f   LIBCMT:delete_array.obj
 0001:0000b9e2       ??_V@YAXPAXI@Z             1000c9e2 f   LIBCMT:delete_array_size.obj
 0001:0000ba34       ___scrt_acquire_startup_lock 1000ca34 f   LIBCMT:utility.obj
 0001:0000ba66       ___scrt_dllmain_after_initialize_c 1000ca66 f   LIBCMT:utility.obj
 0001:0000ba91       ___scrt_dllmain_before_initialize_c 1000ca91 f   LIBCMT:utility.obj
 0001:0000ba9f       ___scrt_dllmain_crt_thread_attach 1000ca9f f   LIBCMT:utility.obj
 0001:0000babe       ___scrt_dllmain_crt_thread_detach 1000cabe f   LIBCMT:utility.obj
 0001:0000bacb       ___scrt_dllmain_exception_filter 1000cacb f   LIBCMT:utility.obj
 0001:0000baff       ___scrt_dllmain_uninitialize_c 1000caff f   LIBCMT:utility.obj
 0001:0000bb22       ___scrt_dllmain_uninitialize_critical 1000cb22 f   LIBCMT:utility.obj
 0001:0000bb2f       ___scrt_initialize_crt     1000cb2f f   LIBCMT:utility.obj
 0001:0000bb68       ___scrt_initialize_onexit_tables 1000cb68 f   LIBCMT:utility.obj
 0001:0000bbef       ___scrt_is_nonwritable_in_current_image 1000cbef f   LIBCMT:utility.obj
 0001:0000bc83       ___scrt_release_startup_lock 1000cc83 f   LIBCMT:utility.obj
 0001:0000bca0       ___scrt_uninitialize_crt   1000cca0 f   LIBCMT:utility.obj
 0001:0000bcc8       __onexit                   1000ccc8 f   LIBCMT:utility.obj
 0001:0000bcf5       _atexit                    1000ccf5 f   LIBCMT:utility.obj
 0001:0000bd0a       ??3@YAXPAX@Z               1000cd0a f   LIBCMT:delete_scalar.obj
 0001:0000bdd4       __Init_thread_footer       1000cdd4 f   LIBCMT:thread_safe_statics.obj
 0001:0000be1e       __Init_thread_header       1000ce1e f   LIBCMT:thread_safe_statics.obj
 0001:0000be70       __Init_thread_notify       1000ce70 f   LIBCMT:thread_safe_statics.obj
 0001:0000bea6       __Init_thread_wait         1000cea6 f   LIBCMT:thread_safe_statics.obj
 0001:0000bef4       ___raise_securityfailure   1000cef4 f   LIBCMT:gs_report.obj
 0001:0000bf1c       ___report_gsfailure        1000cf1c f   LIBCMT:gs_report.obj
 0001:0000c015       ___report_rangecheckfailure 1000d015 f   LIBCMT:gs_report.obj
[...]
 0002:000032d8       ?_mb_locale_names@@3QBQB_WB 100232d8     libucrt:mbctype.obj
 0002:00003b20       ?LcidToLocaleNameTable@?A0x881e4c05@@3QBULcidToLocaleName@1@B 10023b20     libucrt:lcidtoname_downlevel.obj
 0002:00004c48       ?LocaleNameToIndexTable@?A0x881e4c05@@3QBULocaleNameIndex@1@B 10024c48     libucrt:lcidtoname_downlevel.obj
 0002:000064a0       ?large_power_indices@?1??multiply_by_power_of_ten@__crt_strtox@@YA_NAAUbig_integer@2@I@Z@4QBUunpack_index@?1??12@YA_N0I@Z@B 100264a0     libucrt:cfout.obj
 0002:00006580       LOG_name                   10026580     libucrt:log10_impl.obj
 0002:00006590       _One                       10026590     libucrt:ceil_pentium4.obj
 0002:000065a0       _Bns                       100265a0     libucrt:ceil_pentium4.obj
 0002:000065b0       _Zero                      100265b0     libucrt:ceil_pentium4.obj
 0002:000065c0       _S                         100265c0     libucrt:ceil_pentium4.obj
 0002:000065d0       _NegZero                   100265d0     libucrt:ceil_pentium4.obj
 0002:000065e0       emask                      100265e0     libucrt:log10_pentium4.obj
 0002:000065f0       CC                         100265f0     libucrt:log10_pentium4.obj
 0002:00006600       Magic                      10026600     libucrt:log10_pentium4.obj
 0002:00006610       hi_mask                    10026610     libucrt:log10_pentium4.obj
 0002:00006620       LOG10_2                    10026620     libucrt:log10_pentium4.obj
 0002:00006630       place_L                    10026630     libucrt:log10_pentium4.obj
 0002:00006650       One                        10026650     libucrt:log10_pentium4.obj
 0002:00006660       Zero                       10026660     libucrt:log10_pentium4.obj
 0002:00006670       Two52                      10026670     libucrt:log10_pentium4.obj
 0002:00006680       Infs                       10026680     libucrt:log10_pentium4.obj
 0002:00006690       NaN                        10026690     libucrt:log10_pentium4.obj
 0002:000066a0       coeff                      100266a0     libucrt:log10_pentium4.obj
 0002:000066fe       _log2max                   100266fe     libucrt:87tran.obj
 0002:00006708       _smallarg                  10026708     libucrt:87tran.obj
 0002:00006712       _half                      10026712     libucrt:87tran.obj
 0002:0000675e       One                        1002675e     libucrt:87disp.obj
 0002:00006766       Three                      10026766     libucrt:87disp.obj
 0002:0000676e       XAMtoTagTab                1002676e     libucrt:87disp.obj
 0002:00006780       One                        10026780     libucrt:common.obj
 0002:00006794       DblMax                     10026794     libucrt:common.obj
 0002:0000679c       DblMin                     1002679c     libucrt:common.obj
 0002:000067a4       IeeeAdjO                   100267a4     libucrt:common.obj
 0002:000067ac       IeeeAdjU                   100267ac     libucrt:common.obj
 0002:000067b4       _infinity                  100267b4     libucrt:common.obj
 0002:000067bc       _zero                      100267bc     libucrt:common.obj
 0002:00006808       _over                      10026808     libucrt:fpctrl.obj
 0002:00006814       _under                     10026814     libucrt:fpctrl.obj
 0002:00007048       ?_names@?1??_get_fname@@9@9 10027048     libucrt:fpexcept.obj
 0002:000071f0       two32                      100271f0     LIBCMT:ftol2.obj
 0002:000071f4       two63                      100271f4     LIBCMT:ftol2.obj
 0002:000071f8       _NaN                       100271f8     LIBCMT:ftol2.obj
 0002:000078a8       __sehtable$?_AtlVerifyStackAvailable@_ATL_SAFE_ALLOCA_IMPL@ATL@@YA_NK@Z 100278a8     Biometrics.obj
 0002:000078c8       __sehtable$___scrt_is_nonwritable_in_current_image 100278c8     LIBCMT:utility.obj
 0002:000078e4       __catchsym$??2@YAPAXIABUnothrow_t@std@@@Z$2 100278e4     LIBCMT:new_scalar_nothrow.obj
 0002:000078f4       __unwindtable$??2@YAPAXIABUnothrow_t@std@@@Z 100278f4     LIBCMT:new_scalar_nothrow.obj
 0002:00007904       __tryblocktable$??2@YAPAXIABUnothrow_t@std@@@Z 10027904     LIBCMT:new_scalar_nothrow.obj
 0002:00007918       __ehfuncinfo$??2@YAPAXIABUnothrow_t@std@@@Z 10027918     LIBCMT:new_scalar_nothrow.obj
 0002:00007940       __sehtable$?dllmain_crt_process_attach@@YAHQAUHINSTANCE__@@QAX@Z 10027940     LIBCMT:dll_dllmain.obj
 0002:00007960       __sehtable$?dllmain_crt_process_detach@@YAH_N@Z 10027960     LIBCMT:dll_dllmain.obj
 0002:00007988       __sehtable$?dllmain_dispatch@@YAHQAUHINSTANCE__@@KQAX@Z 10027988     LIBCMT:dll_dllmain.obj
 0002:00007a38       __sehtable$___DestructExceptionObject 10027a38     libvcruntime:ehhelpers.obj
 0002:00007a58       __sehtable$?FrameUnwindToState@__FrameHandler3@@SAXPAUEHRegistrationNode@@PAXPBU_s_FuncInfo@@H@Z 10027a58     libvcruntime:frame.obj
 0002:00007a80       __sehtable$?CallCatchBlock@@YAPAXPAUEHExceptionRecord@@PAUEHRegistrationNode@@PAU_CONTEXT@@PBU_s_FuncInfo@@PAXHK@Z 10027a80     libvcruntime:frame.obj
 0002:00007aa8       __catchsym$?CallUnexpected@@YAXPBU_s_ESTypeList@@@Z$2 10027aa8     libvcruntime:frame.obj
 0002:00007ab8       __unwindtable$?CallUnexpected@@YAXPBU_s_ESTypeList@@@Z 10027ab8     libvcruntime:frame.obj
 0002:00007ac8       __tryblocktable$?CallUnexpected@@YAXPBU_s_ESTypeList@@@Z 10027ac8     libvcruntime:frame.obj
 0002:00007adc       __ehfuncinfo$?CallUnexpected@@YAXPBU_s_ESTypeList@@@Z 10027adc     libvcruntime:frame.obj
 0002:00007b00       __sehtable$??$BuildCatchObjectHelperInternal@V__FrameHandler3@@@@YAHPAUEHExceptionRecord@@PAXPBU_s_HandlerType@@PBU_s_CatchableType@@@Z 10027b00     libvcruntime:frame.obj
 0002:00007b20       __sehtable$??$BuildCatchObjectInternal@V__FrameHandler3@@@@YAXPAUEHExceptionRecord@@PAXPBU_s_HandlerType@@PBU_s_CatchableType@@@Z 10027b20     libvcruntime:frame.obj
 0002:00007b78       __sehtable$??R<lambda_6e4b09c48022b2350581041d5f6b0c4c>@@QBE@XZ 10027b78     libucrt:exit.obj
 0002:00007b98       __sehtable$??$?RV<lambda_03b1d95aef87969028cfba75ccab2455>@@AAV<lambda_6e4b09c48022b2350581041d5f6b0c4c>@@V<lambda_22bdf7517842c4b3e53723af5aa32b9e>@@@?$__crt_seh_guarded_call@X@@QAEX$$QAV<lambda_03b1d95aef87969028cfba75ccab2455>@@AAV<lambda_6e4b09c48022b2350581041d5f6b0c4c>@@$$QAV<lambda_22bdf7517842c4b3e53723af5aa32b9e>@@@Z 10027b98     libucrt:exit.obj
 0002:00007bb8       __sehtable$??$?RV<lambda_8e746cf0007f6ed984d6f78af1fec997>@@AAV<lambda_22ebabd17bc4fa466a2aca6d8deb888d>@@V<lambda_18ed0c0b38a6dc0daf1e7ac6d6adf05e>@@@?$__crt_seh_guarded_call@H@@QAEH$$QAV<lambda_8e746cf0007f6ed984d6f78af1fec997>@@AAV<lambda_22ebabd17bc4fa466a2aca6d8deb888d>@@$$QAV<lambda_18ed0c0b38a6dc0daf1e7ac6d6adf05e>@@@Z 10027bb8     libucrt:onexit.obj
 0002:00007bd8       __sehtable$??$?RV<lambda_69a2805e680e0e292e8ba93315fe43a8>@@AAV<lambda_f03950bc5685219e0bcd2087efbe011e>@@V<lambda_03fcd07e894ec930e3f35da366ca99d6>@@@?$__crt_seh_guarded_call@H@@QAEH$$QAV<lambda_69a2805e680e0e292e8ba93315fe43a8>@@AAV<lambda_f03950bc5685219e0bcd2087efbe011e>@@$$QAV<lambda_03fcd07e894ec930e3f35da366ca99d6>@@@Z 10027bd8     libucrt:onexit.obj
 0002:00007bf8       __sehtable$__query_new_handler 10027bf8     libucrt:new_handler.obj
 0002:00007c18       __sehtable$_terminate      10027c18     libucrt:terminate.obj
 0002:00007c38       __sehtable$??$?RV<lambda_15ade71b0218206bbe3333a0c9b79046>@@AAV<lambda_da44e0f8b0f19ba52fefafb335991732>@@V<lambda_207f2d024fc103971653565357d6cd41>@@@?$__crt_seh_guarded_call@X@@QAEX$$QAV<lambda_15ade71b0218206bbe3333a0c9b79046>@@AAV<lambda_da44e0f8b0f19ba52fefafb335991732>@@$$QAV<lambda_207f2d024fc103971653565357d6cd41>@@@Z 10027c38     libucrt:per_thread_data.obj
 0002:00007c58       __sehtable$??$?RV<lambda_a7e850c220f1c8d1e6efeecdedd162c6>@@AAV<lambda_46720907175c18b6c9d2717bc0d2d362>@@V<lambda_9048902d66e8d99359bc9897bbb930a8>@@@?$__crt_seh_guarded_call@X@@QAEX$$QAV<lambda_a7e850c220f1c8d1e6efeecdedd162c6>@@AAV<lambda_46720907175c18b6c9d2717bc0d2d362>@@$$QAV<lambda_9048902d66e8d99359bc9897bbb930a8>@@@Z 10027c58     libucrt:per_thread_data.obj
 0002:00007c78       __sehtable$??$?RV<lambda_38edbb1296d33220d7e4dd0ed76b244a>@@AAV<lambda_5ce1d447e08cb34b2473517608e21441>@@V<lambda_fb385d3da700c9147fc39e65dd577a8c>@@@?$__crt_seh_guarded_call@X@@QAEX$$QAV<lambda_38edbb1296d33220d7e4dd0ed76b244a>@@AAV<lambda_5ce1d447e08cb34b2473517608e21441>@@$$QAV<lambda_fb385d3da700c9147fc39e65dd577a8c>@@@Z 10027c78     libucrt:per_thread_data.obj
 0002:00007c98       __sehtable$??$?RV<lambda_6affb1475c98b40b75cdec977db92e3c>@@AAV<lambda_b8d4b9c228a6ecc3f80208dbb4b4a104>@@V<lambda_608742c3c92a14382c1684fc64f96c88>@@@?$__crt_seh_guarded_call@X@@QAEX$$QAV<lambda_6affb1475c98b40b75cdec977db92e3c>@@AAV<lambda_b8d4b9c228a6ecc3f80208dbb4b4a104>@@$$QAV<lambda_608742c3c92a14382c1684fc64f96c88>@@@Z 10027c98     libucrt:per_thread_data.obj
 0002:00007cb8       __sehtable$??$?RV<lambda_e5124f882df8998aaf41531e079ba474>@@AAV<lambda_3e16ef9562a7dcce91392c22ab16ea36>@@V<lambda_e25ca0880e6ef98be67edffd8c599615>@@@?$__crt_seh_guarded_call@X@@QAEX$$QAV<lambda_e5124f882df8998aaf41531e079ba474>@@AAV<lambda_3e16ef9562a7dcce91392c22ab16ea36>@@$$QAV<lambda_e25ca0880e6ef98be67edffd8c599615>@@@Z 10027cb8     libucrt:wsetlocale.obj
 0002:00007cd8       __sehtable$___acrt_initialize_lowio 10027cd8     libucrt:ioinit.obj
 0002:00007cf8       __sehtable$?update_thread_multibyte_data_internal@@YAPAU__crt_multibyte_data@@QAU__acrt_ptd@@QAPAU1@@Z 10027cf8     libucrt:mbctype.obj
 0002:00007d18       __sehtable$??$?RV<lambda_ceb1ee4838e85a9d631eb091e2fbe199>@@AAV<lambda_ae742caa10f662c28703da3d2ea5e57e>@@V<lambda_cd08b5d6af4937fe54fc07d0c9bf6b37>@@@?$__crt_seh_guarded_call@X@@QAEX$$QAV<lambda_ceb1ee4838e85a9d631eb091e2fbe199>@@AAV<lambda_ae742caa10f662c28703da3d2ea5e57e>@@$$QAV<lambda_cd08b5d6af4937fe54fc07d0c9bf6b37>@@@Z 10027d18     libucrt:mbctype.obj
 0002:00007d38       __sehtable$_raise          10027d38     libucrt:signal.obj
 0002:00007d58       __sehtable$??$?RV<lambda_cbab9ec6f41b0180b23cc171c22676b0>@@AAV<lambda_44731a7d0e6d81c3e6aa82d741081786>@@V<lambda_4b292cb8dd18144e164572427af410ab>@@@?$__crt_seh_guarded_call@P6AXH@Z@@QAEP6AXH@Z$$QAV<lambda_cbab9ec6f41b0180b23cc171c22676b0>@@AAV<lambda_44731a7d0e6d81c3e6aa82d741081786>@@$$QAV<lambda_4b292cb8dd18144e164572427af410ab>@@@Z 10027d58     libucrt:signal.obj
 0002:00007d78       __sehtable$??$?RV<lambda_2866be3712abc81a800a822484c830d8>@@AAV<lambda_39ca0ed439415581b5b15c265174cece>@@V<lambda_2b24c74d71094a6cd0cb82e44167d71b>@@@?$__crt_seh_guarded_call@X@@QAEX$$QAV<lambda_2866be3712abc81a800a822484c830d8>@@AAV<lambda_39ca0ed439415581b5b15c265174cece>@@$$QAV<lambda_2b24c74d71094a6cd0cb82e44167d71b>@@@Z 10027d78     libucrt:fflush.obj
 0002:00007d98       __sehtable$??$?RV<lambda_2cc53f568c5a2bb6f192f930a45d44ea>@@AAV<lambda_ab61a845afdef5b7c387490eaf3616ee>@@V<lambda_c2ffc0b7726aa6be21d5f0026187e748>@@@?$__crt_seh_guarded_call@X@@QAEX$$QAV<lambda_2cc53f568c5a2bb6f192f930a45d44ea>@@AAV<lambda_ab61a845afdef5b7c387490eaf3616ee>@@$$QAV<lambda_c2ffc0b7726aa6be21d5f0026187e748>@@@Z 10027d98     libucrt:fflush.obj
 0002:00007db8       __sehtable$___acrt_update_thread_locale_data 10027db8     libucrt:locale_refcounting.obj
 0002:00007dd8       __sehtable$__fcloseall     10027dd8     libucrt:closeall.obj
 0002:00007df8       __sehtable$___acrt_lowio_ensure_fh_exists 10027df8     libucrt:osfinfo.obj
 0002:00007e18       __sehtable$??$?RV<lambda_9e9de3de5fa147e2223d7db92bc10aa6>@@AAV<lambda_38ce7e780aa69e748d6df282ebc68efe>@@V<lambda_8ca6da459f0f6780f1cff60fdc3d00e5>@@@?$__crt_seh_guarded_call@H@@QAEH$$QAV<lambda_9e9de3de5fa147e2223d7db92bc10aa6>@@AAV<lambda_38ce7e780aa69e748d6df282ebc68efe>@@$$QAV<lambda_8ca6da459f0f6780f1cff60fdc3d00e5>@@@Z 10027e18     libucrt:commit.obj
 0002:00007e38       __sehtable$__write         10027e38     libucrt:write.obj
 0002:00007e58       __sehtable$_fclose         10027e58     libucrt:fclose.obj
 0002:00007e78       __sehtable$??$?RV<lambda_218ce3db14220d0be481dae8ef3383b6>@@AAV<lambda_628dfdc04ba53c8bfc02c9951375f3f5>@@V<lambda_57dc472bd5c9d5f3b2cbca59b8a843ae>@@@?$__crt_seh_guarded_call@H@@QAEH$$QAV<lambda_218ce3db14220d0be481dae8ef3383b6>@@AAV<lambda_628dfdc04ba53c8bfc02c9951375f3f5>@@$$QAV<lambda_57dc472bd5c9d5f3b2cbca59b8a843ae>@@@Z 10027e78     libucrt:close.obj
 0002:00007e98       __sehtable$__IsNonwritableInCurrentImage 10027e98     LIBCMT:pesect.obj
 0002:00007ec0       .edata                     10027ec0     OPOSBiometrics.exp
 0002:00007ee8       rgpv                       10027ee8     OPOSBiometrics.exp
 0002:00007ef8       rgszName                   10027ef8     OPOSBiometrics.exp
 0002:00007f08       rgwOrd                     10027f08     OPOSBiometrics.exp
 0002:00007f10       szName                     10027f10     OPOSBiometrics.exp
 0002:00007f23       $N00001                    10027f23     OPOSBiometrics.exp
 0002:00007f33       $N00002                    10027f33     OPOSBiometrics.exp
 0002:00007f45       $N00003                    10027f45     OPOSBiometrics.exp
 0002:00007f57       $N00004                    10027f57     OPOSBiometrics.exp
 0002:0000856a       .idata$6                   1002856a     kernel32:KERNEL32.dll
 0002:0000877e       .idata$6                   1002877e     user32:USER32.dll
 0002:000088b2       .idata$6                   100288b2     gdi32:GDI32.dll
 0002:00008958       .idata$6                   10028958     advapi32:ADVAPI32.dll
 0002:00008a74       .idata$6                   10028a74     ole32:ole32.dll
 0002:00008a7e       .idata$6                   10028a7e     oleaut32:OLEAUT32.dll
 0003:00000110       ?ObjectMap@@3PAU_ATL_OBJMAP_ENTRY30@ATL@@A 10029110     Biometrics.obj
 0003:000001d0       ?s_SOMethodNames@@3PAPADA  100291d0     BiometricsImpl.obj
 0003:0000023c       ?s_RequiredMethodsPerRelease@@3PAHA 1002923c     BiometricsImpl.obj
 0003:00000260       ?__vcrt_flsindex@@3KA      10029260     libvcruntime:per_thread_data.obj
 0003:00000280       ?errno_no_memory@@3HA      10029280     libucrt:errno.obj
 0003:00000284       ?doserrno_no_memory@@3KA   10029284     libucrt:errno.obj
 0003:00000290       ?__acrt_flsindex@@3KA      10029290     libucrt:per_thread_data.obj
 0003:00000628       __mbctypes                 10029628     libucrt:mbctype.obj
 0003:00000730       __mbcasemaps               10029730     libucrt:mbctype.obj
 0003:00000830       ?__rgctypeflag@@3PADA      10029830     libucrt:mbctype.obj
 0003:00000838       ?__rgcode_page_info@@3PAUcode_page_info@@A 10029838     libucrt:mbctype.obj
 0003:00000a90       ?__dcrt_lowio_console_output_handle@@3PAXA 10029a90     libucrt:initcon.obj
 0003:00000c28       ?is_initialized_as_dll@@3_NA 10029c28     LIBCMT:utility.obj
 0003:00000c29       ?module_local_atexit_table_initialized@@3_NA 10029c29     LIBCMT:utility.obj
 0003:00000c2c       ?module_local_atexit_table@@3U_onexit_table_t@@A 10029c2c     LIBCMT:utility.obj
 0003:00000c38       ?module_local_at_quick_exit_table@@3U_onexit_table_t@@A 10029c38     LIBCMT:utility.obj
 0003:00000c44       ?g_tss_cv@@3U_RTL_CONDITION_VARIABLE@@A 10029c44     LIBCMT:thread_safe_statics.obj
 0003:00000c48       ?g_tss_event@@3PAXA        10029c48     LIBCMT:thread_safe_statics.obj
 0003:00000c4c       ?g_tss_mutex@@3U_RTL_CRITICAL_SECTION@@A 10029c4c     LIBCMT:thread_safe_statics.obj
 0003:00000c64       ?g_sleep_condition_variable_cs@@3P6GHPAU_RTL_CONDITION_VARIABLE@@PAU_RTL_CRITICAL_SECTION@@K@ZA 10029c64     LIBCMT:thread_safe_statics.obj
 0003:00000c68       ?g_wake_all_condition_variable@@3P6GXPAU_RTL_CONDITION_VARIABLE@@@ZA 10029c68     LIBCMT:thread_safe_statics.obj
 0003:00000c70       _GS_ExceptionRecord        10029c70     LIBCMT:gs_report.obj
 0003:00000cc0       _GS_ContextRecord          10029cc0     LIBCMT:gs_report.obj
 0003:00000f90       ?__proc_attached@@3HA      10029f90     LIBCMT:dll_dllmain.obj
 0003:00000fec       ?AllocateData@@3P6GPAUAtlThunkData_t@@XZA 10029fec     atls:atlthunk.obj
 0003:00000ff0       ?InitData@@3P6GXPAUAtlThunkData_t@@PAXI@ZA 10029ff0     atls:atlthunk.obj
 0003:00000ff4       ?DataToCode@@3P6GP6GJPAUHWND__@@IIJ@ZPAUAtlThunkData_t@@@ZA 10029ff4     atls:atlthunk.obj
 0003:00000ff8       ?FreeData@@3P6GXPAUAtlThunkData_t@@@ZA 10029ff8     atls:atlthunk.obj
 0003:00000ffc       ?Initialized@@3_NA         10029ffc     atls:atlthunk.obj
 0003:0000100c       ?__vcrt_startup_thread_ptd@@3U__vcrt_ptd@@A 1002a00c     libvcruntime:per_thread_data.obj
 0003:00001034       ___vcrt_lock_table         1002a034     libvcruntime:locks.obj
 0003:0000104c       ___vcrt_locks_initialized  1002a04c     libvcruntime:locks.obj
 0003:00001078       ?heap@@3V_HeapManager@@A   1002a078     libvcruntime:undname.obj
 0003:0000108c       ?module_handles@@3PAPAUHINSTANCE__@@A 1002a08c     libvcruntime:winapi_downlevel.obj
 0003:00001098       ?function_pointers@@3PAPAXA 1002a098     libvcruntime:winapi_downlevel.obj
 0003:000010ac       ?__acrt_invalid_parameter_handler@@3V?$dual_state_global@P6AXPB_W00II@Z@__crt_state_management@@A 1002a0ac     libucrt:invalid_parameter.obj
 0003:000010b0       ?c_termination_complete@@3JA 1002a0b0     libucrt:exit.obj
 0003:000010b4       ?thread_local_exit_callback_func@@3P6GXPAXK0@ZA 1002a0b4     libucrt:exit.obj
 0003:000010c0       ?program_name@?1???$common_configure_argv@D@@YAHW4_crt_argv_mode@@@Z@4PADA 1002a0c0     libucrt:argv_parsing.obj
 0003:000011f0       ?__acrt_new_handler@@3V?$dual_state_global@P6AHI@Z@__crt_state_management@@A 1002a1f0     libucrt:new_handler.obj
 0003:000011f8       ?module_handles@@3PAPAUHINSTANCE__@@A 1002a1f8     libucrt:winapi_thunks.obj
 0003:00001248       ?encoded_function_pointers@@3PAPAXA 1002a248     libucrt:winapi_thunks.obj
 0003:000012d0       ?internal_state@?1??_mbtowc_l@@9@4U_Mbstatet@@A 1002a2d0     libucrt:mbtowc.obj
 0003:000012e0       ?enable_percent_n@@3IA     1002a2e0     libucrt:printf_count_output.obj
 0003:00001500       ?__acrt_lock_table@@3PAU_RTL_CRITICAL_SECTION@@A 1002a500     libucrt:locks.obj
 0003:00001650       ?__acrt_locks_initialized@@3IA 1002a650     libucrt:locks.obj
 0003:00001660       ?fSystemSet@@3HA           1002a660     libucrt:mbctype.obj
 0003:00001664       ?initialized@?1??__acrt_initialize_multibyte@@9@4_NA 1002a664     libucrt:mbctype.obj
 0003:00001684       ?ctrlc_action@@3V?$dual_state_global@P6AXH@Z@__crt_state_management@@A 1002a684     libucrt:signal.obj
 0003:00001688       ?ctrlbreak_action@@3V?$dual_state_global@P6AXH@Z@__crt_state_management@@A 1002a688     libucrt:signal.obj
 0003:0000168c       ?abort_action@@3V?$dual_state_global@P6AXH@Z@__crt_state_management@@A 1002a68c     libucrt:signal.obj
 0003:00001690       ?term_action@@3V?$dual_state_global@P6AXH@Z@__crt_state_management@@A 1002a690     libucrt:signal.obj
 0003:00001694       ?user_matherr@@3V?$dual_state_global@P6AHPAU_exception@@@Z@__crt_state_management@@A 1002a694     libucrt:matherr.obj
 0003:00001698       ?__acrt_global_new_mode@@3V?$dual_state_global@J@__crt_state_management@@A 1002a698     libucrt:new_mode.obj
 0003:000016a4       ?internal_pst@?1??__mbrtoc32_utf8@__crt_mbstring@@YAIPA_UPBDIPAU_Mbstatet@@@Z@4U3@A 1002a6a4     libucrt:mbrtoc32.obj
 0003:000016ac       ?__acrt_app_type@@3W4_crt_app_type@@A 1002a6ac     libucrt:report_runtime_error.obj
 0003:000016b4       __pmatherr_set             1002a6b4     libucrt:libm_error.obj
 0004:00000220       $R000000                   1002b220     Biometrics.res
 0004:00000bb8       $R000998                   1002bbb8     Biometrics.res
 0004:00000ca0       $R000A80                   1002bca0     Biometrics.res
 0004:00000f08       $R000CE8                   1002bf08     Biometrics.res
 0004:00001410       $R0011F0                   1002c410     Biometrics.res
 0004:00004908       $R0046E8                   1002f908     Biometrics.res
 0004:00004940       $R004720                   1002f940     Biometrics.res
