 OPOSMotionSensor

 Timestamp is 5b863e26 (Wed Aug 29 15:33:10 2018)

 Preferred load address is 10000000

 Start         Length     Name                   Class
 0001:00000000 00000080H .text$di                CODE
 0001:00000080 0001cb7bH .text$mn                CODE
 0001:0001cbfb 00000051H .text$x                 CODE
 0001:0001cc4c 00000042H .text$yd                CODE
 0002:00000000 000002fcH .idata$5                DATA
 0002:000002fc 00000004H .00cfg                  DATA
 0002:00000300 00000004H .CRT$XCA                DATA
 0002:00000304 00000004H .CRT$XCL                DATA
 0002:00000308 00000010H .CRT$XCU                DATA
 0002:00000318 00000004H .CRT$XCZ                DATA
 0002:0000031c 00000004H .CRT$XIA                DATA
 0002:00000320 00000010H .CRT$XIC                DATA
 0002:00000330 00000004H .CRT$XIZ                DATA
 0002:00000334 00000004H .CRT$XLA                DATA
 0002:00000338 00000004H .CRT$XLZ                DATA
 0002:0000033c 00000004H .CRT$XPA                DATA
 0002:00000340 00000008H .CRT$XPX                DATA
 0002:00000348 00000004H .CRT$XPXA               DATA
 0002:0000034c 00000004H .CRT$XPZ                DATA
 0002:00000350 00000004H .CRT$XTA                DATA
 0002:00000354 0000000cH .CRT$XTZ                DATA
 0002:00000358 00000000H .gfids$y                DATA
 0002:00000360 00006c98H .rdata                  DATA
 0002:00006ff8 00000018H .rdata$T                DATA
 0002:00007010 00000180H .rdata$r                DATA
 0002:00007190 00000020H .rdata$sxdata           DATA
 0002:000071b0 000003e0H .rdata$zzzdbg           DATA
 0002:00007590 00000004H .rtc$IAA                DATA
 0002:00007594 00000004H .rtc$IZZ                DATA
 0002:00007598 00000004H .rtc$TAA                DATA
 0002:0000759c 00000004H .rtc$TZZ                DATA
 0002:000075a0 00000004H .tls                    DATA
 0002:000075a4 00000004H .tls$                   DATA
 0002:000075a8 00000008H .tls$ZZZ                DATA
 0002:000075b0 00000624H .xdata$x                DATA
 0002:00007bd4 00000004H ATL$__a                 DATA
 0002:00007bd8 00000008H ATL$__z                 DATA
 0002:00007be0 000000b0H .edata                  DATA
 0002:00007c90 00000078H .idata$2                DATA
 0002:00007d08 00000014H .idata$3                DATA
 0002:00007d1c 000002fcH .idata$4                DATA
 0002:00008018 00000bc0H .idata$6                DATA
 0003:00000000 00000980H .data                   DATA
 0003:00000980 00000098H .data$r                 DATA
 0003:00000a18 00000b68H .bss                    DATA
 0004:00000000 00000220H .rsrc$01                DATA
 0004:00000220 000036a8H .rsrc$02                DATA

  Address         Publics by Value              Rva+Base       Lib:Object

 0000:00000000       ___guard_iat_count         00000000     <absolute>
 0000:00000000       ___guard_longjmp_count     00000000     <absolute>
 0000:00000000       ___guard_fids_count        00000000     <absolute>
 0000:00000000       ___guard_longjmp_table     00000000     <absolute>
 0000:00000000       ___hybrid_code_map_count   00000000     <absolute>
 0000:00000000       __except_list              00000000     <absolute>
 0000:00000000       ___guard_fids_table        00000000     <absolute>
 0000:00000000       ___hybrid_auxiliary_iat    00000000     <absolute>
 0000:00000000       ___dynamic_value_reloc_table 00000000     <absolute>
 0000:00000000       ___guard_iat_table         00000000     <absolute>
 0000:00000000       ___volatile_metadata       00000000     <absolute>
 0000:00000000       ___enclave_config          00000000     <absolute>
 0000:00000000       ___hybrid_code_map         00000000     <absolute>
 0000:00000008       ___safe_se_handler_count   00000008     <absolute>
 0000:0000002c       __tls_array                0000002c     <absolute>
 0000:00000100       ___guard_flags             00000100     <absolute>
 0000:00000000       ___ImageBase               10000000     <linker-defined>
 0001:00000080       ?DupWide@_CW@@AAEXXZ       10001080 f   CWString.obj
 0001:0000009c       ?cw_dup@@YGXPBDAAHAAPA_W1@Z 1000109c f   CWString.obj
 0001:0000010b       ?cw_memcpy@@YGHPA_WPBDH@Z  1000110b f   CWString.obj
 0001:00000137       ?cw_strcpy@@YAHPA_WPBD@Z   10001137 f   CWString.obj
 0001:0000014a       ?cw_strlen@@YAHPBD@Z       1000114a f   CWString.obj
 0001:00000163       ??0CAtlComModule@ATL@@QAE@XZ 10001163 f i OposVariant.obj
 0001:000001a8       ??0CAtlWinModule@ATL@@QAE@XZ 100011a8 f i OposVariant.obj
 0001:000001df       ??0OposDispParms@@QAE@PAVOposVariant@@H@Z 100011df f   OposVariant.obj
 0001:00000250       ??1OposDispParms@@QAE@XZ   10001250 f   OposVariant.obj
 0001:0000025e       ??A?$CSimpleArray@GV?$CSimpleArrayEqualHelper@G@ATL@@@ATL@@QAEAAGH@Z 1000125e f i OposVariant.obj
 0001:00000283       ??_Estringdispid@CComTypeInfoHolder@ATL@@QAEPAXI@Z 10001283 f i OposVariant.obj
 0001:000002ef       ?AtlWinModuleInit@ATL@@YGJPAU_ATL_WIN_MODULE70@1@@Z 100012ef f i OposVariant.obj
 0001:00000315       ?AtlWinModuleTerm@ATL@@YGJPAU_ATL_WIN_MODULE70@1@PAUHINSTANCE__@@@Z 10001315 f i OposVariant.obj
 0001:00000378       ?ChangeBSTR@OposVariant@@QAEXPAPA_WAAJ@Z 10001378 f   OposVariant.obj
 0001:000003b9       ?ChangeLONG@OposVariant@@QAEXPAJAAJ@Z 100013b9 f   OposVariant.obj
 0001:000003fa       ?GetLONG@OposVariant@@QAEJXZ 100013fa f   OposVariant.obj
 0001:00000415       ?Init@CComCriticalSection@ATL@@QAEJXZ 10001415 f i OposVariant.obj
 0001:0000043c       ?RemoveAll@?$CSimpleArray@GV?$CSimpleArrayEqualHelper@G@ATL@@@ATL@@QAEXXZ 1000143c f i OposVariant.obj
 0001:0000043c       ?RemoveAll@?$CSimpleArray@PAUHINSTANCE__@@V?$CSimpleArrayEqualHelper@PAUHINSTANCE__@@@ATL@@@ATL@@QAEXXZ 1000143c f i atls:atlbase.obj
 0001:00000459       ?SetBSTR@OposVariant@@QAEXPA_WAAJ@Z 10001459 f   OposVariant.obj
 0001:0000048d       ?SetBSTR_Copy@OposVariant@@QAEXPA_WAAJ@Z 1000148d f   OposVariant.obj
 0001:000004dd       ?SetBSTR_InOutPtr@OposVariant@@QAE_NPAPA_WAAJ@Z 100014dd f   OposVariant.obj
 0001:00000514       ?SetDispatch_Ptr@OposVariant@@QAEXPAUIDispatch@@AAJ@Z 10001514 f   OposVariant.obj
 0001:0000054f       ?SetLONG@OposVariant@@QAEXJ@Z 1000154f f   OposVariant.obj
 0001:00000571       ?SetLONG_Ptr@OposVariant@@QAEXPAJAAJ@Z 10001571 f   OposVariant.obj
 0001:000005a4       ?SetString@OposVariant@@QAEXPB_WAAJ@Z 100015a4 f   OposVariant.obj
 0001:000005ea       ?SetVARIANT_BOOL@OposVariant@@QAEXF@Z 100015ea f   OposVariant.obj
 0001:00000614       ?Term@CAtlComModule@ATL@@QAEXXZ 10001614 f i OposVariant.obj
 0001:0000065e       ?_AtlRaiseException@ATL@@YAXKK@Z 1000165e f i OposVariant.obj
 0001:00000673       ?GetWindow@?$IOleInPlaceObjectWindowlessImpl@VCOPOSMotionSensor@@@ATL@@UAGJPAPAUHWND__@@@Z 10001673 f i MotionSensor.obj
 0001:000006c0       ?ContextSensitiveHelp@?$IOleInPlaceObjectWindowlessImpl@VCOPOSMotionSensor@@@ATL@@UAGJH@Z 100016c0 f i MotionSensor.obj
 0001:000006c0       ?SOOutputCompleteDummy@COPOSMotionSensor@@MAGJJ@Z 100016c0 f i MotionSensor.obj
 0001:000006c0       ?OnMnemonic@?$IOleControlImpl@VCOPOSMotionSensor@@@ATL@@UAGJPAUtagMSG@@@Z 100016c0 f i MotionSensor.obj
 0001:000006c0       ?GetControlInfo@?$IOleControlImpl@VCOPOSMotionSensor@@@ATL@@UAGJPAUtagCONTROLINFO@@@Z 100016c0 f i MotionSensor.obj
 0001:000006c0       ?GetDropTarget@?$IOleInPlaceObjectWindowlessImpl@VCOPOSMotionSensor@@@ATL@@UAGJPAPAUIDropTarget@@@Z 100016c0 f i MotionSensor.obj
 0001:000006c0       ?SODataDummy@COPOSMotionSensor@@MAGJJ@Z 100016c0 f i MotionSensor.obj
 0001:000006c0       ?Unfreeze@?$IViewObjectExImpl@VCOPOSMotionSensor@@@ATL@@UAGJK@Z 100016c0 f i MotionSensor.obj
 0001:000006c0       ?ContextSensitiveHelp@?$IOleInPlaceActiveObjectImpl@VCOPOSMotionSensor@@@ATL@@UAGJH@Z 100016c0 f i MotionSensor.obj
 0001:000006c0       ?QueryGetData@?$IDataObjectImpl@VCOPOSMotionSensor@@@ATL@@UAGJPAUtagFORMATETC@@@Z 100016c0 f i MotionSensor.obj
 0001:000006c0       ?SetColorScheme@?$IOleObjectImpl@VCOPOSMotionSensor@@@ATL@@UAGJPAUtagLOGPALETTE@@@Z 100016c0 f i MotionSensor.obj
 0001:000006c8       ?InPlaceDeactivate@?$IOleInPlaceObjectWindowlessImpl@VCOPOSMotionSensor@@@ATL@@UAGJXZ 100016c8 f i MotionSensor.obj
 0001:000006e2       ?UIDeactivate@?$IOleInPlaceObjectWindowlessImpl@VCOPOSMotionSensor@@@ATL@@UAGJXZ 100016e2 f i MotionSensor.obj
 0001:000006fc       ?SetObjectRects@?$IOleInPlaceObjectWindowlessImpl@VCOPOSMotionSensor@@@ATL@@UAGJPBUtagRECT@@0@Z 100016fc f i MotionSensor.obj
 0001:0000071c       ?ReactivateAndUndo@?$IOleInPlaceObjectWindowlessImpl@VCOPOSMotionSensor@@@ATL@@UAGJXZ 1000171c f i MotionSensor.obj
 0001:00000724       ?OnWindowMessage@?$IOleInPlaceObjectWindowlessImpl@VCOPOSMotionSensor@@@ATL@@UAGJIIJPAJ@Z 10001724 f i MotionSensor.obj
 0001:00000794       ?EnumConnectionPoints@?$IConnectionPointContainerImpl@VCOPOSMotionSensor@@@ATL@@UAGJPAPAUIEnumConnectionPoints@@@Z 10001794 f i MotionSensor.obj
 0001:0000090e       ?FindConnectionPoint@?$IConnectionPointContainerImpl@VCOPOSMotionSensor@@@ATL@@UAGJABU_GUID@@PAPAUIConnectionPoint@@@Z 1000190e f i MotionSensor.obj
 0001:000009b1       ?GetUserClassID@?$IOleObjectImpl@VCOPOSMotionSensor@@@ATL@@UAGJPAU_GUID@@@Z 100019b1 f i MotionSensor.obj
 0001:000009b1       ?GetClassID@?$IPersistStreamInitImpl@VCOPOSMotionSensor@@@ATL@@UAGJPAU_GUID@@@Z 100019b1 f i MotionSensor.obj
 0001:000009b1       ?GetClassID@?$IPersistStorageImpl@VCOPOSMotionSensor@@@ATL@@UAGJPAU_GUID@@@Z 100019b1 f i MotionSensor.obj
 0001:000009d5       ?IsDirty@?$IPersistStorageImpl@VCOPOSMotionSensor@@@ATL@@UAGJXZ 100019d5 f i MotionSensor.obj
 0001:00000a09       ?InitNew@?$IPersistStorageImpl@VCOPOSMotionSensor@@@ATL@@UAGJPAUIStorage@@@Z 10001a09 f i MotionSensor.obj
 0001:00000a3d       ?Load@?$IPersistStorageImpl@VCOPOSMotionSensor@@@ATL@@UAGJPAUIStorage@@@Z 10001a3d f i MotionSensor.obj
 0001:00000aa9       ?Save@?$IPersistStorageImpl@VCOPOSMotionSensor@@@ATL@@UAGJPAUIStorage@@H@Z 10001aa9 f i MotionSensor.obj
 0001:00000b1c       ?SaveCompleted@?$IPersistStorageImpl@VCOPOSMotionSensor@@@ATL@@UAGJPAUIStorage@@@Z 10001b1c f i MotionSensor.obj
 0001:00000b1c       ?OnFrameWindowActivate@?$IOleInPlaceActiveObjectImpl@VCOPOSMotionSensor@@@ATL@@UAGJH@Z 10001b1c f i MotionSensor.obj
 0001:00000b1c       ?OnAmbientPropertyChange@?$IOleControlImpl@VCOPOSMotionSensor@@@ATL@@UAGJJ@Z 10001b1c f i MotionSensor.obj
 0001:00000b1c       ?EnableModeless@?$IOleInPlaceActiveObjectImpl@VCOPOSMotionSensor@@@ATL@@UAGJH@Z 10001b1c f i MotionSensor.obj
 0001:00000b21       ?Release@CRegObject@ATL@@UAGKXZ 10001b21 f i MotionSensor.obj
 0001:00000b21       ?HandsOffStorage@?$IPersistStorageImpl@VCOPOSMotionSensor@@@ATL@@UAGJXZ 10001b21 f i MotionSensor.obj
 0001:00000b21       ?IsUpToDate@?$IOleObjectImpl@VCOPOSMotionSensor@@@ATL@@UAGJXZ 10001b21 f i MotionSensor.obj
 0001:00000b21       ?Update@?$IOleObjectImpl@VCOPOSMotionSensor@@@ATL@@UAGJXZ 10001b21 f i MotionSensor.obj
 0001:00000b26       ?GetPages@?$ISpecifyPropertyPagesImpl@VCOPOSMotionSensor@@@ATL@@UAGJPAUtagCAUUID@@@Z 10001b26 f i MotionSensor.obj
 0001:00000b3d       ?QuickActivate@?$IQuickActivateImpl@VCOPOSMotionSensor@@@ATL@@UAGJPAUtagQACONTAINER@@PAUtagQACONTROL@@@Z 10001b3d f i MotionSensor.obj
 0001:00000b60       ?SetContentExtent@?$IQuickActivateImpl@VCOPOSMotionSensor@@@ATL@@UAGJPAUtagSIZE@@@Z 10001b60 f i MotionSensor.obj
 0001:00000b8c       ?GetContentExtent@?$IQuickActivateImpl@VCOPOSMotionSensor@@@ATL@@UAGJPAUtagSIZE@@@Z 10001b8c f i MotionSensor.obj
 0001:00000bac       ?GetData@?$IDataObjectImpl@VCOPOSMotionSensor@@@ATL@@UAGJPAUtagFORMATETC@@PAUtagSTGMEDIUM@@@Z 10001bac f i MotionSensor.obj
 0001:00000bcf       ?GetRect@?$IViewObjectExImpl@VCOPOSMotionSensor@@@ATL@@UAGJKPAU_RECTL@@@Z 10001bcf f i MotionSensor.obj
 0001:00000bcf       ?EnumFormatEtc@?$IDataObjectImpl@VCOPOSMotionSensor@@@ATL@@UAGJKPAPAUIEnumFORMATETC@@@Z 10001bcf f i MotionSensor.obj
 0001:00000bcf       ?GetCanonicalFormatEtc@?$IDataObjectImpl@VCOPOSMotionSensor@@@ATL@@UAGJPAUtagFORMATETC@@0@Z 10001bcf f i MotionSensor.obj
 0001:00000bcf       ?QueryInterface@CRegObject@ATL@@UAGJABU_GUID@@PAPAX@Z 10001bcf f i MotionSensor.obj
 0001:00000bcf       ?GetClipboardData@?$IOleObjectImpl@VCOPOSMotionSensor@@@ATL@@UAGJKPAPAUIDataObject@@@Z 10001bcf f i MotionSensor.obj
 0001:00000bcf       ?GetDataHere@?$IDataObjectImpl@VCOPOSMotionSensor@@@ATL@@UAGJPAUtagFORMATETC@@PAUtagSTGMEDIUM@@@Z 10001bcf f i MotionSensor.obj
 0001:00000bcf       ?SetMoniker@?$IOleObjectImpl@VCOPOSMotionSensor@@@ATL@@UAGJKPAUIMoniker@@@Z 10001bcf f i MotionSensor.obj
 0001:00000bd7       ?GetMoniker@?$IOleObjectImpl@VCOPOSMotionSensor@@@ATL@@UAGJKKPAPAUIMoniker@@@Z 10001bd7 f i MotionSensor.obj
 0001:00000bd7       ?InitFromData@?$IOleObjectImpl@VCOPOSMotionSensor@@@ATL@@UAGJPAUIDataObject@@HK@Z 10001bd7 f i MotionSensor.obj
 0001:00000bd7       ?SetData@?$IDataObjectImpl@VCOPOSMotionSensor@@@ATL@@UAGJPAUtagFORMATETC@@PAUtagSTGMEDIUM@@H@Z 10001bd7 f i MotionSensor.obj
 0001:00000bdf       ?DAdvise@?$IDataObjectImpl@VCOPOSMotionSensor@@@ATL@@UAGJPAUtagFORMATETC@@KPAUIAdviseSink@@PAK@Z 10001bdf f i MotionSensor.obj
 0001:00000c20       ?DUnadvise@?$IDataObjectImpl@VCOPOSMotionSensor@@@ATL@@UAGJK@Z 10001c20 f i MotionSensor.obj
 0001:00000c4e       ?EnumDAdvise@?$IDataObjectImpl@VCOPOSMotionSensor@@@ATL@@UAGJPAPAUIEnumSTATDATA@@@Z 10001c4e f i MotionSensor.obj
 0001:00000c8d       ?GetClassInfoW@?$IProvideClassInfo2Impl@$1?CLSID_OPOSMotionSensor@@3U_GUID@@B$1?DIID__IOPOSMotionSensorEvents@@3U2@B$1?LIBID_OposMotionSensor_CCO@@3U2@B$00$0A@VCComTypeInfoHolder@ATL@@@ATL@@UAGJPAPAUITypeInfo@@@Z 10001c8d f i MotionSensor.obj
 0001:00000ca3       ?GetGUID@?$IProvideClassInfo2Impl@$1?CLSID_OPOSMotionSensor@@3U_GUID@@B$1?DIID__IOPOSMotionSensorEvents@@3U2@B$1?LIBID_OposMotionSensor_CCO@@3U2@B$00$0A@VCComTypeInfoHolder@ATL@@@ATL@@UAGJKPAU_GUID@@@Z 10001ca3 f i MotionSensor.obj
 0001:00000ce1       ?FAccessAllowed@?$IObjectSafetyImpl@VCOPOSMotionSensor@@$02@ATL@@MAEHXZ 10001ce1 f i MotionSensor.obj
 0001:00000ce1       __get_startup_argv_mode    10001ce1 f i LIBCMT:argv_mode.obj
 0001:00000ce5       ?GetInterfaceSafetyOptions@?$IObjectSafetyImpl@VCOPOSMotionSensor@@$02@ATL@@UAGJABU_GUID@@PAK1@Z 10001ce5 f i MotionSensor.obj
 0001:00000d59       ?SetInterfaceSafetyOptions@?$IObjectSafetyImpl@VCOPOSMotionSensor@@$02@ATL@@UAGJABU_GUID@@KK@Z 10001d59 f i MotionSensor.obj
 0001:00000dd3       ?_LocCPQueryInterface@?$IConnectionPointImpl@VCOPOSMotionSensor@@$1?DIID__IOPOSMotionSensorEvents@@3U_GUID@@BVCComDynamicUnkArray@ATL@@@ATL@@UAGJABU_GUID@@PAPAX@Z 10001dd3 f i MotionSensor.obj
 0001:00000dd3       ?_LocCPQueryInterface@?$IConnectionPointImpl@VCOPOSMotionSensor@@$1?IID_IPropertyNotifySink@@3U_GUID@@BVCComDynamicUnkArray@ATL@@@ATL@@UAGJABU_GUID@@PAPAX@Z 10001dd3 f i MotionSensor.obj
 0001:00000e20       ?GetConnectionInterface@?$IConnectionPointImpl@VCOPOSMotionSensor@@$1?IID_IPropertyNotifySink@@3U_GUID@@BVCComDynamicUnkArray@ATL@@@ATL@@UAGJPAU_GUID@@@Z 10001e20 f i MotionSensor.obj
 0001:00000e44       ?GetConnectionPointContainer@?$IConnectionPointImpl@VCOPOSMotionSensor@@$1?IID_IPropertyNotifySink@@3U_GUID@@BVCComDynamicUnkArray@ATL@@@ATL@@UAGJPAPAUIConnectionPointContainer@@@Z 10001e44 f i MotionSensor.obj
 0001:00000e67       ?Advise@?$IConnectionPointImpl@VCOPOSMotionSensor@@$1?IID_IPropertyNotifySink@@3U_GUID@@BVCComDynamicUnkArray@ATL@@@ATL@@UAGJPAUIUnknown@@PAK@Z 10001e67 f i MotionSensor.obj
 0001:00000e67       ?Advise@?$IConnectionPointImpl@VCOPOSMotionSensor@@$1?DIID__IOPOSMotionSensorEvents@@3U_GUID@@BVCComDynamicUnkArray@ATL@@@ATL@@UAGJPAUIUnknown@@PAK@Z 10001e67 f i MotionSensor.obj
 0001:00000f08       ?Unadvise@?$IConnectionPointImpl@VCOPOSMotionSensor@@$1?IID_IPropertyNotifySink@@3U_GUID@@BVCComDynamicUnkArray@ATL@@@ATL@@UAGJK@Z 10001f08 f i MotionSensor.obj
 0001:00000f08       ?Unadvise@?$IConnectionPointImpl@VCOPOSMotionSensor@@$1?DIID__IOPOSMotionSensorEvents@@3U_GUID@@BVCComDynamicUnkArray@ATL@@@ATL@@UAGJK@Z 10001f08 f i MotionSensor.obj
 0001:00000f48       ?EnumConnections@?$IConnectionPointImpl@VCOPOSMotionSensor@@$1?DIID__IOPOSMotionSensorEvents@@3U_GUID@@BVCComDynamicUnkArray@ATL@@@ATL@@UAGJPAPAUIEnumConnections@@@Z 10001f48 f i MotionSensor.obj
 0001:00000f48       ?EnumConnections@?$IConnectionPointImpl@VCOPOSMotionSensor@@$1?IID_IPropertyNotifySink@@3U_GUID@@BVCComDynamicUnkArray@ATL@@@ATL@@UAGJPAPAUIEnumConnections@@@Z 10001f48 f i MotionSensor.obj
 0001:0000104e       ?GetObjectDescription@?$CComCoClass@VCOPOSMotionSensor@@$1?CLSID_OPOSMotionSensor@@3U_GUID@@B@ATL@@SGPB_WXZ 1000204e f i MotionSensor.obj
 0001:0000104e       ?GetCategoryMap@CComObjectRootBase@ATL@@SAPBU_ATL_CATMAP_ENTRY@2@XZ 1000204e f i MotionSensor.obj
 0001:00001051       ?GetConnectionInterface@?$IConnectionPointImpl@VCOPOSMotionSensor@@$1?DIID__IOPOSMotionSensorEvents@@3U_GUID@@BVCComDynamicUnkArray@ATL@@@ATL@@UAGJPAU_GUID@@@Z 10002051 f i MotionSensor.obj
 0001:00001075       ?GetConnectionPointContainer@?$IConnectionPointImpl@VCOPOSMotionSensor@@$1?DIID__IOPOSMotionSensorEvents@@3U_GUID@@BVCComDynamicUnkArray@ATL@@@ATL@@UAGJPAPAUIConnectionPointContainer@@@Z 10002075 f i MotionSensor.obj
 0001:00001098       ?UpdateRegistry@COPOSMotionSensor@@SGJH@Z 10002098 f i MotionSensor.obj
 0001:000010b0       ?ProcessWindowMessage@COPOSMotionSensor@@UAEHPAUHWND__@@IIJAAJK@Z 100020b0 f i MotionSensor.obj
 0001:000010f9       ?SODirectIO@COPOSMotionSensor@@MAGJJPAJPAPA_W@Z 100020f9 f i MotionSensor.obj
 0001:00001142       ?Freeze@?$IViewObjectExImpl@VCOPOSMotionSensor@@@ATL@@UAGJKJPAXPAK@Z 10002142 f i MotionSensor.obj
 0001:00001142       ?SOErrorDummy@COPOSMotionSensor@@MAGJJJJPAJ@Z 10002142 f i MotionSensor.obj
 0001:0000114a       ?SOStatusUpdate@COPOSMotionSensor@@MAGJJ@Z 1000214a f i MotionSensor.obj
 0001:00001183       ?CreateInstance@?$CComCreator@V?$CComObjectCached@VCComClassFactory@ATL@@@ATL@@@ATL@@SGJPAXABU_GUID@@PAPAX@Z 10002183 f i MotionSensor.obj
 0001:00001216       ?CreateInstance@?$CComCreator2@V?$CComCreator@V?$CComObject@VCOPOSMotionSensor@@@ATL@@@ATL@@V?$CComCreator@V?$CComAggObject@VCOPOSMotionSensor@@@ATL@@@2@@ATL@@SGJPAXABU_GUID@@PAPAX@Z 10002216 f i MotionSensor.obj
 0001:00001236       ?AddRef@CRegObject@ATL@@UAGKXZ 10002236 f i MotionSensor.obj
 0001:0000123c       ?AddReplacement@CRegObject@ATL@@UAGJPB_W0@Z 1000223c f i MotionSensor.obj
 0001:00001275       ?ClearReplacements@CRegObject@ATL@@UAGJXZ 10002275 f i MotionSensor.obj
 0001:00001287       ??_GCRegObject@ATL@@UAEPAXI@Z 10002287 f i MotionSensor.obj
 0001:00001287       ??_ECRegObject@ATL@@UAEPAXI@Z 10002287 f i MotionSensor.obj
 0001:000012a9       ?Next@?$CComEnumImpl@UIEnumConnectionPoints@@$1?_GUID_b196b285_bab4_101a_b69c_00aa00341d07@@3U__s_GUID@@BPAUIConnectionPoint@@V?$_CopyInterface@UIConnectionPoint@@@ATL@@@ATL@@UAGJKPAPAUIConnectionPoint@@PAK@Z 100022a9 f i MotionSensor.obj
 0001:00001380       ?Skip@?$CComEnumImpl@UIEnumConnectionPoints@@$1?_GUID_b196b285_bab4_101a_b69c_00aa00341d07@@3U__s_GUID@@BPAUIConnectionPoint@@V?$_CopyInterface@UIConnectionPoint@@@ATL@@@ATL@@UAGJK@Z 10002380 f i MotionSensor.obj
 0001:000013ad       ?Reset@?$CComEnumImpl@UIEnumConnectionPoints@@$1?_GUID_b196b285_bab4_101a_b69c_00aa00341d07@@3U__s_GUID@@BPAUIConnectionPoint@@V?$_CopyInterface@UIConnectionPoint@@@ATL@@@ATL@@UAGJXZ 100023ad f i MotionSensor.obj
 0001:000013ad       ?Reset@?$CComEnumImpl@UIEnumConnections@@$1?_GUID_b196b287_bab4_101a_b69c_00aa00341d07@@3U__s_GUID@@BUtagCONNECTDATA@@V?$_Copy@UtagCONNECTDATA@@@ATL@@@ATL@@UAGJXZ 100023ad f i MotionSensor.obj
 0001:000013bf       ?Clone@?$CComEnumImpl@UIEnumConnectionPoints@@$1?_GUID_b196b285_bab4_101a_b69c_00aa00341d07@@3U__s_GUID@@BPAUIConnectionPoint@@V?$_CopyInterface@UIConnectionPoint@@@ATL@@@ATL@@UAGJPAPAUIEnumConnectionPoints@@@Z 100023bf f i MotionSensor.obj
 0001:0000149e       ?AddRef@?$CComObject@V?$CComEnum@UIEnumConnectionPoints@@$1?_GUID_b196b285_bab4_101a_b69c_00aa00341d07@@3U__s_GUID@@BPAUIConnectionPoint@@V?$_CopyInterface@UIConnectionPoint@@@ATL@@VCComSingleThreadModel@6@@ATL@@@ATL@@UAGKXZ 1000249e f i MotionSensor.obj
 0001:0000149e       ?AddRef@?$CComObject@V?$CComEnum@UIEnumConnections@@$1?_GUID_b196b287_bab4_101a_b69c_00aa00341d07@@3U__s_GUID@@BUtagCONNECTDATA@@V?$_Copy@UtagCONNECTDATA@@@ATL@@VCComSingleThreadModel@6@@ATL@@@ATL@@UAGKXZ 1000249e f i MotionSensor.obj
 0001:000014af       ?Release@?$CComObject@V?$CComEnum@UIEnumConnectionPoints@@$1?_GUID_b196b285_bab4_101a_b69c_00aa00341d07@@3U__s_GUID@@BPAUIConnectionPoint@@V?$_CopyInterface@UIConnectionPoint@@@ATL@@VCComSingleThreadModel@6@@ATL@@@ATL@@UAGKXZ 100024af f i MotionSensor.obj
 0001:000014af       ?Release@?$CComObject@V?$CComEnum@UIEnumConnections@@$1?_GUID_b196b287_bab4_101a_b69c_00aa00341d07@@3U__s_GUID@@BUtagCONNECTDATA@@V?$_Copy@UtagCONNECTDATA@@@ATL@@VCComSingleThreadModel@6@@ATL@@@ATL@@UAGKXZ 100024af f i MotionSensor.obj
 0001:000014eb       ?QueryInterface@?$CComObject@V?$CComEnum@UIEnumConnectionPoints@@$1?_GUID_b196b285_bab4_101a_b69c_00aa00341d07@@3U__s_GUID@@BPAUIConnectionPoint@@V?$_CopyInterface@UIConnectionPoint@@@ATL@@VCComSingleThreadModel@6@@ATL@@@ATL@@UAGJABU_GUID@@PAPAX@Z 100024eb f i MotionSensor.obj
 0001:00001505       ??_G?$CComObject@V?$CComEnum@UIEnumConnectionPoints@@$1?_GUID_b196b285_bab4_101a_b69c_00aa00341d07@@3U__s_GUID@@BPAUIConnectionPoint@@V?$_CopyInterface@UIConnectionPoint@@@ATL@@VCComSingleThreadModel@6@@ATL@@@ATL@@UAEPAXI@Z 10002505 f i MotionSensor.obj
 0001:00001505       ??_E?$CComObject@V?$CComEnum@UIEnumConnectionPoints@@$1?_GUID_b196b285_bab4_101a_b69c_00aa00341d07@@3U__s_GUID@@BPAUIConnectionPoint@@V?$_CopyInterface@UIConnectionPoint@@@ATL@@VCComSingleThreadModel@6@@ATL@@@ATL@@UAEPAXI@Z 10002505 f i MotionSensor.obj
 0001:00001527       ?AddRef@?$CComObjectCached@VCComClassFactory@ATL@@@ATL@@UAGKXZ 10002527 f i MotionSensor.obj
 0001:0000154e       ?Release@?$CComObjectCached@VCComClassFactory@ATL@@@ATL@@UAGKXZ 1000254e f i MotionSensor.obj
 0001:00001584       ?QueryInterface@?$CComObjectCached@VCComClassFactory@ATL@@@ATL@@UAGJABU_GUID@@PAPAX@Z 10002584 f i MotionSensor.obj
 0001:0000159e       ??_E?$CComObjectCached@VCComClassFactory@ATL@@@ATL@@UAEPAXI@Z 1000259e f i MotionSensor.obj
 0001:0000159e       ??_G?$CComObjectCached@VCComClassFactory@ATL@@@ATL@@UAEPAXI@Z 1000259e f i MotionSensor.obj
 0001:000015c0       ?AddRef@?$CComAggObject@VCOPOSMotionSensor@@@ATL@@UAGKXZ 100025c0 f i MotionSensor.obj
 0001:000015d1       ?Release@?$CComAggObject@VCOPOSMotionSensor@@@ATL@@UAGKXZ 100025d1 f i MotionSensor.obj
 0001:0000160d       ?QueryInterface@?$CComAggObject@VCOPOSMotionSensor@@@ATL@@UAGJABU_GUID@@PAPAX@Z 1000260d f i MotionSensor.obj
 0001:0000165c       ?AddRef@?$CComContainedObject@VCOPOSMotionSensor@@@ATL@@UAGKXZ 1000265c f i MotionSensor.obj
 0001:00001672       ?Release@?$CComContainedObject@VCOPOSMotionSensor@@@ATL@@UAGKXZ 10002672 f i MotionSensor.obj
 0001:00001688       ?QueryInterface@?$CComContainedObject@VCOPOSMotionSensor@@@ATL@@UAGJABU_GUID@@PAPAX@Z 10002688 f i MotionSensor.obj
 0001:000016a3       ??_G?$CComAggObject@VCOPOSMotionSensor@@@ATL@@UAEPAXI@Z 100026a3 f i MotionSensor.obj
 0001:000016a3       ??_E?$CComAggObject@VCOPOSMotionSensor@@@ATL@@UAEPAXI@Z 100026a3 f i MotionSensor.obj
 0001:000016c8       ?AddRef@?$CComObject@VCOPOSMotionSensor@@@ATL@@UAGKXZ 100026c8 f i MotionSensor.obj
 0001:000016df       ?Release@?$CComObject@VCOPOSMotionSensor@@@ATL@@UAGKXZ 100026df f i MotionSensor.obj
 0001:00001721       ?QueryInterface@?$CComObject@VCOPOSMotionSensor@@@ATL@@UAGJABU_GUID@@PAPAX@Z 10002721 f i MotionSensor.obj
 0001:0000173b       ?OnFinalMessage@?$CWindowImplBaseT@VCWindow@ATL@@V?$CWinTraits@$0FGAAAAAA@$0A@@2@@ATL@@UAEXPAUHWND__@@@Z 1000273b f i MotionSensor.obj
 0001:0000173b       ?ObjectMain@CComObjectRootBase@ATL@@SGX_N@Z 1000273b f i MotionSensor.obj
 0001:0000173e       ?OnDrawAdvanced@CComControlBase@ATL@@UAEJAAUATL_DRAWINFO@@@Z 1000273e f i MotionSensor.obj
 0001:0000182d       ?CreateInstance@CComClassFactory@ATL@@UAGJPAUIUnknown@@ABU_GUID@@PAPAX@Z 1000282d f i MotionSensor.obj
 0001:0000186b       ?LockServer@CComClassFactory@ATL@@UAGJH@Z 1000286b f i MotionSensor.obj
 0001:0000188a       ??_ECComClassFactory@ATL@@UAEPAXI@Z 1000288a f i MotionSensor.obj
 0001:0000188a       ??_GCComClassFactory@ATL@@UAEPAXI@Z 1000288a f i MotionSensor.obj
 0001:000018b5       ?Next@?$CComEnumImpl@UIEnumConnections@@$1?_GUID_b196b287_bab4_101a_b69c_00aa00341d07@@3U__s_GUID@@BUtagCONNECTDATA@@V?$_Copy@UtagCONNECTDATA@@@ATL@@@ATL@@UAGJKPAUtagCONNECTDATA@@PAK@Z 100028b5 f i MotionSensor.obj
 0001:0000198c       ?Skip@?$CComEnumImpl@UIEnumConnections@@$1?_GUID_b196b287_bab4_101a_b69c_00aa00341d07@@3U__s_GUID@@BUtagCONNECTDATA@@V?$_Copy@UtagCONNECTDATA@@@ATL@@@ATL@@UAGJK@Z 1000298c f i MotionSensor.obj
 0001:000019b9       ?Clone@?$CComEnumImpl@UIEnumConnections@@$1?_GUID_b196b287_bab4_101a_b69c_00aa00341d07@@3U__s_GUID@@BUtagCONNECTDATA@@V?$_Copy@UtagCONNECTDATA@@@ATL@@@ATL@@UAGJPAPAUIEnumConnections@@@Z 100029b9 f i MotionSensor.obj
 0001:00001a98       ?QueryInterface@?$CComObject@V?$CComEnum@UIEnumConnections@@$1?_GUID_b196b287_bab4_101a_b69c_00aa00341d07@@3U__s_GUID@@BUtagCONNECTDATA@@V?$_Copy@UtagCONNECTDATA@@@ATL@@VCComSingleThreadModel@6@@ATL@@@ATL@@UAGJABU_GUID@@PAPAX@Z 10002a98 f i MotionSensor.obj
 0001:00001ab2       ??_G?$CComObject@V?$CComEnum@UIEnumConnections@@$1?_GUID_b196b287_bab4_101a_b69c_00aa00341d07@@3U__s_GUID@@BUtagCONNECTDATA@@V?$_Copy@UtagCONNECTDATA@@@ATL@@VCComSingleThreadModel@6@@ATL@@@ATL@@UAEPAXI@Z 10002ab2 f i MotionSensor.obj
 0001:00001ab2       ??_E?$CComObject@V?$CComEnum@UIEnumConnections@@$1?_GUID_b196b287_bab4_101a_b69c_00aa00341d07@@3U__s_GUID@@BUtagCONNECTDATA@@V?$_Copy@UtagCONNECTDATA@@@ATL@@VCComSingleThreadModel@6@@ATL@@@ATL@@UAEPAXI@Z 10002ab2 f i MotionSensor.obj
 0001:00001ad4       ??_E?$CComObject@VCOPOSMotionSensor@@@ATL@@W3AEPAXI@Z 10002ad4 f i MotionSensor.obj
 0001:00001adc       ??_E?$CComObject@VCOPOSMotionSensor@@@ATL@@WEM@AEPAXI@Z 10002adc f i MotionSensor.obj
 0001:00001ae4       ?QueryInterface@?$CComObject@VCOPOSMotionSensor@@@ATL@@WHA@AGJABU_GUID@@PAPAX@Z 10002ae4 f i MotionSensor.obj
 0001:00001aee       ?AddRef@?$CComObject@VCOPOSMotionSensor@@@ATL@@WHA@AGKXZ 10002aee f i MotionSensor.obj
 0001:00001af8       ?Release@?$CComObject@VCOPOSMotionSensor@@@ATL@@WHA@AGKXZ 10002af8 f i MotionSensor.obj
 0001:00001b02       ?QueryInterface@?$CComObject@VCOPOSMotionSensor@@@ATL@@WHE@AGJABU_GUID@@PAPAX@Z 10002b02 f i MotionSensor.obj
 0001:00001b0c       ?AddRef@?$CComObject@VCOPOSMotionSensor@@@ATL@@WHE@AGKXZ 10002b0c f i MotionSensor.obj
 0001:00001b16       ?Release@?$CComObject@VCOPOSMotionSensor@@@ATL@@WHE@AGKXZ 10002b16 f i MotionSensor.obj
 0001:00001b20       ?QueryInterface@?$CComObject@VCOPOSMotionSensor@@@ATL@@WHI@AGJABU_GUID@@PAPAX@Z 10002b20 f i MotionSensor.obj
 0001:00001b2a       ?AddRef@?$CComObject@VCOPOSMotionSensor@@@ATL@@WHI@AGKXZ 10002b2a f i MotionSensor.obj
 0001:00001b34       ?Release@?$CComObject@VCOPOSMotionSensor@@@ATL@@WHI@AGKXZ 10002b34 f i MotionSensor.obj
 0001:00001b3e       ?QueryInterface@?$CComObject@VCOPOSMotionSensor@@@ATL@@WHM@AGJABU_GUID@@PAPAX@Z 10002b3e f i MotionSensor.obj
 0001:00001b48       ?AddRef@?$CComObject@VCOPOSMotionSensor@@@ATL@@WHM@AGKXZ 10002b48 f i MotionSensor.obj
 0001:00001b52       ?Release@?$CComObject@VCOPOSMotionSensor@@@ATL@@WHM@AGKXZ 10002b52 f i MotionSensor.obj
 0001:00001b5c       ?QueryInterface@?$CComObject@VCOPOSMotionSensor@@@ATL@@WIA@AGJABU_GUID@@PAPAX@Z 10002b5c f i MotionSensor.obj
 0001:00001b69       ?AddRef@?$CComObject@VCOPOSMotionSensor@@@ATL@@WIA@AGKXZ 10002b69 f i MotionSensor.obj
 0001:00001b76       ?Release@?$CComObject@VCOPOSMotionSensor@@@ATL@@WIA@AGKXZ 10002b76 f i MotionSensor.obj
 0001:00001b83       ?QueryInterface@?$CComObject@VCOPOSMotionSensor@@@ATL@@WIE@AGJABU_GUID@@PAPAX@Z 10002b83 f i MotionSensor.obj
 0001:00001b90       ?AddRef@?$CComObject@VCOPOSMotionSensor@@@ATL@@WIE@AGKXZ 10002b90 f i MotionSensor.obj
 0001:00001b9d       ?Release@?$CComObject@VCOPOSMotionSensor@@@ATL@@WIE@AGKXZ 10002b9d f i MotionSensor.obj
 0001:00001baa       ?QueryInterface@?$CComObject@VCOPOSMotionSensor@@@ATL@@WII@AGJABU_GUID@@PAPAX@Z 10002baa f i MotionSensor.obj
 0001:00001bb7       ?AddRef@?$CComObject@VCOPOSMotionSensor@@@ATL@@WII@AGKXZ 10002bb7 f i MotionSensor.obj
 0001:00001bc4       ?Release@?$CComObject@VCOPOSMotionSensor@@@ATL@@WII@AGKXZ 10002bc4 f i MotionSensor.obj
 0001:00001bd1       ?QueryInterface@?$CComObject@VCOPOSMotionSensor@@@ATL@@WIM@AGJABU_GUID@@PAPAX@Z 10002bd1 f i MotionSensor.obj
 0001:00001bde       ?AddRef@?$CComObject@VCOPOSMotionSensor@@@ATL@@WIM@AGKXZ 10002bde f i MotionSensor.obj
 0001:00001beb       ?Release@?$CComObject@VCOPOSMotionSensor@@@ATL@@WIM@AGKXZ 10002beb f i MotionSensor.obj
 0001:00001bf8       ?QueryInterface@?$CComObject@VCOPOSMotionSensor@@@ATL@@WJA@AGJABU_GUID@@PAPAX@Z 10002bf8 f i MotionSensor.obj
 0001:00001c05       ?AddRef@?$CComObject@VCOPOSMotionSensor@@@ATL@@WJA@AGKXZ 10002c05 f i MotionSensor.obj
 0001:00001c12       ?Release@?$CComObject@VCOPOSMotionSensor@@@ATL@@WJA@AGKXZ 10002c12 f i MotionSensor.obj
 0001:00001c1f       ?QueryInterface@?$CComObject@VCOPOSMotionSensor@@@ATL@@WJE@AGJABU_GUID@@PAPAX@Z 10002c1f f i MotionSensor.obj
 0001:00001c2c       ?AddRef@?$CComObject@VCOPOSMotionSensor@@@ATL@@WJE@AGKXZ 10002c2c f i MotionSensor.obj
 0001:00001c39       ?Release@?$CComObject@VCOPOSMotionSensor@@@ATL@@WJE@AGKXZ 10002c39 f i MotionSensor.obj
 0001:00001c46       ?QueryInterface@?$CComObject@VCOPOSMotionSensor@@@ATL@@WJI@AGJABU_GUID@@PAPAX@Z 10002c46 f i MotionSensor.obj
 0001:00001c53       ?AddRef@?$CComObject@VCOPOSMotionSensor@@@ATL@@WJI@AGKXZ 10002c53 f i MotionSensor.obj
 0001:00001c60       ?Release@?$CComObject@VCOPOSMotionSensor@@@ATL@@WJI@AGKXZ 10002c60 f i MotionSensor.obj
 0001:00001c6d       ?QueryInterface@?$CComObject@VCOPOSMotionSensor@@@ATL@@WJM@AGJABU_GUID@@PAPAX@Z 10002c6d f i MotionSensor.obj
 0001:00001c7a       ?AddRef@?$CComObject@VCOPOSMotionSensor@@@ATL@@WJM@AGKXZ 10002c7a f i MotionSensor.obj
 0001:00001c87       ?Release@?$CComObject@VCOPOSMotionSensor@@@ATL@@WJM@AGKXZ 10002c87 f i MotionSensor.obj
 0001:00001c94       ?QueryInterface@?$CComObject@VCOPOSMotionSensor@@@ATL@@WKA@AGJABU_GUID@@PAPAX@Z 10002c94 f i MotionSensor.obj
 0001:00001ca1       ?AddRef@?$CComObject@VCOPOSMotionSensor@@@ATL@@WKA@AGKXZ 10002ca1 f i MotionSensor.obj
 0001:00001cae       ?Release@?$CComObject@VCOPOSMotionSensor@@@ATL@@WKA@AGKXZ 10002cae f i MotionSensor.obj
 0001:00001cbb       ?AddRef@?$CComObject@VCOPOSMotionSensor@@@ATL@@WKI@AGKXZ 10002cbb f i MotionSensor.obj
 0001:00001cc8       ?Release@?$CComObject@VCOPOSMotionSensor@@@ATL@@WKI@AGKXZ 10002cc8 f i MotionSensor.obj
 0001:00001cd5       ?AddRef@?$CComObject@VCOPOSMotionSensor@@@ATL@@WLE@AGKXZ 10002cd5 f i MotionSensor.obj
 0001:00001ce2       ?Release@?$CComObject@VCOPOSMotionSensor@@@ATL@@WLE@AGKXZ 10002ce2 f i MotionSensor.obj
 0001:00001cef       ??_E?$CComContainedObject@VCOPOSMotionSensor@@@ATL@@W3AEPAXI@Z 10002cef f i MotionSensor.obj
 0001:00001cf7       ??_E?$CComContainedObject@VCOPOSMotionSensor@@@ATL@@WEM@AEPAXI@Z 10002cf7 f i MotionSensor.obj
 0001:00001cff       ?QueryInterface@?$CComContainedObject@VCOPOSMotionSensor@@@ATL@@WHA@AGJABU_GUID@@PAPAX@Z 10002cff f i MotionSensor.obj
 0001:00001d09       ?AddRef@?$CComContainedObject@VCOPOSMotionSensor@@@ATL@@WHA@AGKXZ 10002d09 f i MotionSensor.obj
 0001:00001d13       ?Release@?$CComContainedObject@VCOPOSMotionSensor@@@ATL@@WHA@AGKXZ 10002d13 f i MotionSensor.obj
 0001:00001d1d       ?QueryInterface@?$CComContainedObject@VCOPOSMotionSensor@@@ATL@@WHE@AGJABU_GUID@@PAPAX@Z 10002d1d f i MotionSensor.obj
 0001:00001d27       ?AddRef@?$CComContainedObject@VCOPOSMotionSensor@@@ATL@@WHE@AGKXZ 10002d27 f i MotionSensor.obj
 0001:00001d31       ?Release@?$CComContainedObject@VCOPOSMotionSensor@@@ATL@@WHE@AGKXZ 10002d31 f i MotionSensor.obj
 0001:00001d3b       ?QueryInterface@?$CComContainedObject@VCOPOSMotionSensor@@@ATL@@WHI@AGJABU_GUID@@PAPAX@Z 10002d3b f i MotionSensor.obj
 0001:00001d45       ?AddRef@?$CComContainedObject@VCOPOSMotionSensor@@@ATL@@WHI@AGKXZ 10002d45 f i MotionSensor.obj
 0001:00001d4f       ?Release@?$CComContainedObject@VCOPOSMotionSensor@@@ATL@@WHI@AGKXZ 10002d4f f i MotionSensor.obj
 0001:00001d59       ?QueryInterface@?$CComContainedObject@VCOPOSMotionSensor@@@ATL@@WHM@AGJABU_GUID@@PAPAX@Z 10002d59 f i MotionSensor.obj
 0001:00001d63       ?AddRef@?$CComContainedObject@VCOPOSMotionSensor@@@ATL@@WHM@AGKXZ 10002d63 f i MotionSensor.obj
 0001:00001d6d       ?Release@?$CComContainedObject@VCOPOSMotionSensor@@@ATL@@WHM@AGKXZ 10002d6d f i MotionSensor.obj
 0001:00001d77       ?QueryInterface@?$CComContainedObject@VCOPOSMotionSensor@@@ATL@@WIA@AGJABU_GUID@@PAPAX@Z 10002d77 f i MotionSensor.obj
 0001:00001d84       ?AddRef@?$CComContainedObject@VCOPOSMotionSensor@@@ATL@@WIA@AGKXZ 10002d84 f i MotionSensor.obj
 0001:00001d91       ?Release@?$CComContainedObject@VCOPOSMotionSensor@@@ATL@@WIA@AGKXZ 10002d91 f i MotionSensor.obj
 0001:00001d9e       ?QueryInterface@?$CComContainedObject@VCOPOSMotionSensor@@@ATL@@WIE@AGJABU_GUID@@PAPAX@Z 10002d9e f i MotionSensor.obj
 0001:00001dab       ?AddRef@?$CComContainedObject@VCOPOSMotionSensor@@@ATL@@WIE@AGKXZ 10002dab f i MotionSensor.obj
 0001:00001db8       ?Release@?$CComContainedObject@VCOPOSMotionSensor@@@ATL@@WIE@AGKXZ 10002db8 f i MotionSensor.obj
 0001:00001dc5       ?QueryInterface@?$CComContainedObject@VCOPOSMotionSensor@@@ATL@@WII@AGJABU_GUID@@PAPAX@Z 10002dc5 f i MotionSensor.obj
 0001:00001dd2       ?AddRef@?$CComContainedObject@VCOPOSMotionSensor@@@ATL@@WII@AGKXZ 10002dd2 f i MotionSensor.obj
 0001:00001ddf       ?Release@?$CComContainedObject@VCOPOSMotionSensor@@@ATL@@WII@AGKXZ 10002ddf f i MotionSensor.obj
 0001:00001dec       ?QueryInterface@?$CComContainedObject@VCOPOSMotionSensor@@@ATL@@WIM@AGJABU_GUID@@PAPAX@Z 10002dec f i MotionSensor.obj
 0001:00001df9       ?AddRef@?$CComContainedObject@VCOPOSMotionSensor@@@ATL@@WIM@AGKXZ 10002df9 f i MotionSensor.obj
 0001:00001e06       ?Release@?$CComContainedObject@VCOPOSMotionSensor@@@ATL@@WIM@AGKXZ 10002e06 f i MotionSensor.obj
 0001:00001e13       ?QueryInterface@?$CComContainedObject@VCOPOSMotionSensor@@@ATL@@WJA@AGJABU_GUID@@PAPAX@Z 10002e13 f i MotionSensor.obj
 0001:00001e20       ?AddRef@?$CComContainedObject@VCOPOSMotionSensor@@@ATL@@WJA@AGKXZ 10002e20 f i MotionSensor.obj
 0001:00001e2d       ?Release@?$CComContainedObject@VCOPOSMotionSensor@@@ATL@@WJA@AGKXZ 10002e2d f i MotionSensor.obj
 0001:00001e3a       ?QueryInterface@?$CComContainedObject@VCOPOSMotionSensor@@@ATL@@WJE@AGJABU_GUID@@PAPAX@Z 10002e3a f i MotionSensor.obj
 0001:00001e47       ?AddRef@?$CComContainedObject@VCOPOSMotionSensor@@@ATL@@WJE@AGKXZ 10002e47 f i MotionSensor.obj
 0001:00001e54       ?Release@?$CComContainedObject@VCOPOSMotionSensor@@@ATL@@WJE@AGKXZ 10002e54 f i MotionSensor.obj
 0001:00001e61       ?QueryInterface@?$CComContainedObject@VCOPOSMotionSensor@@@ATL@@WJI@AGJABU_GUID@@PAPAX@Z 10002e61 f i MotionSensor.obj
 0001:00001e6e       ?AddRef@?$CComContainedObject@VCOPOSMotionSensor@@@ATL@@WJI@AGKXZ 10002e6e f i MotionSensor.obj
 0001:00001e7b       ?Release@?$CComContainedObject@VCOPOSMotionSensor@@@ATL@@WJI@AGKXZ 10002e7b f i MotionSensor.obj
 0001:00001e88       ?QueryInterface@?$CComContainedObject@VCOPOSMotionSensor@@@ATL@@WJM@AGJABU_GUID@@PAPAX@Z 10002e88 f i MotionSensor.obj
 0001:00001e95       ?AddRef@?$CComContainedObject@VCOPOSMotionSensor@@@ATL@@WJM@AGKXZ 10002e95 f i MotionSensor.obj
 0001:00001ea2       ?Release@?$CComContainedObject@VCOPOSMotionSensor@@@ATL@@WJM@AGKXZ 10002ea2 f i MotionSensor.obj
 0001:00001eaf       ?QueryInterface@?$CComContainedObject@VCOPOSMotionSensor@@@ATL@@WKA@AGJABU_GUID@@PAPAX@Z 10002eaf f i MotionSensor.obj
 0001:00001ebc       ?AddRef@?$CComContainedObject@VCOPOSMotionSensor@@@ATL@@WKA@AGKXZ 10002ebc f i MotionSensor.obj
 0001:00001ec9       ?Release@?$CComContainedObject@VCOPOSMotionSensor@@@ATL@@WKA@AGKXZ 10002ec9 f i MotionSensor.obj
 0001:00001ed6       ?AddRef@?$CComContainedObject@VCOPOSMotionSensor@@@ATL@@WKI@AGKXZ 10002ed6 f i MotionSensor.obj
 0001:00001ee3       ?Release@?$CComContainedObject@VCOPOSMotionSensor@@@ATL@@WKI@AGKXZ 10002ee3 f i MotionSensor.obj
 0001:00001ef0       ?AddRef@?$CComContainedObject@VCOPOSMotionSensor@@@ATL@@WLE@AGKXZ 10002ef0 f i MotionSensor.obj
 0001:00001efd       ?Release@?$CComContainedObject@VCOPOSMotionSensor@@@ATL@@WLE@AGKXZ 10002efd f i MotionSensor.obj
 0001:00001f0a       ?Lock@CAtlModule@ATL@@UAEJXZ 10002f0a f i MotionSensor.obj
 0001:00001f14       ?Unlock@CAtlModule@ATL@@UAEJXZ 10002f14 f i MotionSensor.obj
 0001:00001f1e       ?GetLockCount@CAtlModule@ATL@@UAEJXZ 10002f1e f i MotionSensor.obj
 0001:00001f22       ?GetGITPtr@CAtlModule@ATL@@UAEJPAPAUIGlobalInterfaceTable@@@Z 10002f22 f i MotionSensor.obj
 0001:00001f6e       ?GetWindowProc@?$CWindowImplBaseT@VCWindow@ATL@@V?$CWinTraits@$0FGAAAAAA@$0A@@2@@ATL@@UAEP6GJPAUHWND__@@IIJ@ZXZ 10002f6e f i MotionSensor.obj
 0001:00001f74       ?StartWindowProc@?$CWindowImplBaseT@VCWindow@ATL@@V?$CWinTraits@$0FGAAAAAA@$0A@@2@@ATL@@SGJPAUHWND__@@IIJ@Z 10002f74 f i MotionSensor.obj
 0001:00001fc8       ?AddCommonRGSReplacements@?$CAtlModuleT@VCComModule@ATL@@@ATL@@UAEJPAUIRegistrarBase@@@Z 10002fc8 f i MotionSensor.obj
 0001:00001fe2       ?GetTypeInfoCount@?$IDispatchImpl@UIOPOSMotionSensor@@$1?IID_IOPOSMotionSensor@@3U_GUID@@B$1?LIBID_OposMotionSensor_CCO@@3U3@B$00$0A@VCComTypeInfoHolder@ATL@@@ATL@@UAGJPAI@Z 10002fe2 f i MotionSensor.obj
 0001:00001fff       ?GetTypeInfo@?$IDispatchImpl@UIOPOSMotionSensor@@$1?IID_IOPOSMotionSensor@@3U_GUID@@B$1?LIBID_OposMotionSensor_CCO@@3U3@B$00$0A@VCComTypeInfoHolder@ATL@@@ATL@@UAGJIKPAPAUITypeInfo@@@Z 10002fff f i MotionSensor.obj
 0001:00002023       ?GetIDsOfNames@?$IDispatchImpl@UIOPOSMotionSensor@@$1?IID_IOPOSMotionSensor@@3U_GUID@@B$1?LIBID_OposMotionSensor_CCO@@3U3@B$00$0A@VCComTypeInfoHolder@ATL@@@ATL@@UAGJABU_GUID@@PAPA_WIKPAJ@Z 10003023 f i MotionSensor.obj
 0001:00002043       ?Invoke@?$IDispatchImpl@UIOPOSMotionSensor@@$1?IID_IOPOSMotionSensor@@3U_GUID@@B$1?LIBID_OposMotionSensor_CCO@@3U3@B$00$0A@VCComTypeInfoHolder@ATL@@@ATL@@UAGJJABU_GUID@@KGPAUtagDISPPARAMS@@PAUtagVARIANT@@PAUtagEXCEPINFO@@PAI@Z 10003043 f i MotionSensor.obj
 0001:00002051       ?CreateControlWindow@?$CComControl@VCOPOSMotionSensor@@V?$CWindowImpl@VCOPOSMotionSensor@@VCWindow@ATL@@V?$CWinTraits@$0FGAAAAAA@$0A@@3@@ATL@@@ATL@@UAEPAUHWND__@@PAU3@AAUtagRECT@@@Z 10003051 f i MotionSensor.obj
 0001:00002080       ?ControlQueryInterface@?$CComControl@VCOPOSMotionSensor@@V?$CWindowImpl@VCOPOSMotionSensor@@VCWindow@ATL@@V?$CWinTraits@$0FGAAAAAA@$0A@@3@@ATL@@@ATL@@UAEJABU_GUID@@PAPAX@Z 10003080 f i MotionSensor.obj
 0001:0000209b       ?UpdateRegistryFromResourceD@CComModule@ATL@@UAGJIHPAU_ATL_REGMAP_ENTRY@2@@Z 1000309b f i MotionSensor.obj
 0001:0000209b       ?UpdateRegistryFromResourceD@CComModule@ATL@@UAGJPB_WHPAU_ATL_REGMAP_ENTRY@2@@Z 1000309b f i MotionSensor.obj
 0001:000020a3       ?UpdateRegistryFromResource@CComModule@ATL@@UAGJPB_WHPAU_ATL_REGMAP_ENTRY@2@@Z 100030a3 f i MotionSensor.obj
 0001:000020ac       ?UpdateRegistryFromResource@CComModule@ATL@@UAGJIHPAU_ATL_REGMAP_ENTRY@2@@Z 100030ac f i MotionSensor.obj
 0001:000020b5       ?IsDirty@?$IPersistStreamInitImpl@VCOPOSMotionSensor@@@ATL@@UAGJXZ 100030b5 f i MotionSensor.obj
 0001:000020d4       ?Load@?$IPersistStreamInitImpl@VCOPOSMotionSensor@@@ATL@@UAGJPAUIStream@@@Z 100030d4 f i MotionSensor.obj
 0001:000020f3       ?Save@?$IPersistStreamInitImpl@VCOPOSMotionSensor@@@ATL@@UAGJPAUIStream@@H@Z 100030f3 f i MotionSensor.obj
 0001:00002115       ?GetSizeMax@?$IPersistStreamInitImpl@VCOPOSMotionSensor@@@ATL@@UAGJPAT_ULARGE_INTEGER@@@Z 10003115 f i MotionSensor.obj
 0001:000022ca       ?InitNew@?$IPersistStreamInitImpl@VCOPOSMotionSensor@@@ATL@@UAGJXZ 100032ca f i MotionSensor.obj
 0001:000022e7       ?SetClientSite@?$IOleObjectImpl@VCOPOSMotionSensor@@@ATL@@UAGJPAUIOleClientSite@@@Z 100032e7 f i MotionSensor.obj
 0001:00002304       ??_ECComModule@ATL@@UAEPAXI@Z 10003304 f i MotionSensor.obj
 0001:00002304       ??_GCComModule@ATL@@UAEPAXI@Z 10003304 f i MotionSensor.obj
 0001:0000232c       ?GetClientSite@?$IOleObjectImpl@VCOPOSMotionSensor@@@ATL@@UAGJPAPAUIOleClientSite@@@Z 1000332c f i MotionSensor.obj
 0001:00002349       ?SetHostNames@?$IOleObjectImpl@VCOPOSMotionSensor@@@ATL@@UAGJPB_W0@Z 10003349 f i MotionSensor.obj
 0001:0000234e       ?Close@?$IOleObjectImpl@VCOPOSMotionSensor@@@ATL@@UAGJK@Z 1000334e f i MotionSensor.obj
 0001:0000236b       ?DoVerb@?$IOleObjectImpl@VCOPOSMotionSensor@@@ATL@@UAGJJPAUtagMSG@@PAUIOleClientSite@@JPAUHWND__@@PBUtagRECT@@@Z 1000336b f i MotionSensor.obj
 0001:00002483       ?EnumVerbs@?$IOleObjectImpl@VCOPOSMotionSensor@@@ATL@@UAGJPAPAUIEnumOLEVERB@@@Z 10003483 f i MotionSensor.obj
 0001:000024a5       ?GetUserType@?$IOleObjectImpl@VCOPOSMotionSensor@@@ATL@@UAGJKPAPA_W@Z 100034a5 f i MotionSensor.obj
 0001:000024bd       ?SetExtent@?$IOleObjectImpl@VCOPOSMotionSensor@@@ATL@@UAGJKPAUtagSIZE@@@Z 100034bd f i MotionSensor.obj
 0001:000024dd       ?GetExtent@?$IOleObjectImpl@VCOPOSMotionSensor@@@ATL@@UAGJKPAUtagSIZE@@@Z 100034dd f i MotionSensor.obj
 0001:0000251b       ?Advise@?$IOleObjectImpl@VCOPOSMotionSensor@@@ATL@@UAGJPAUIAdviseSink@@PAK@Z 1000351b f i MotionSensor.obj
 0001:0000253b       ?Unadvise@?$IOleObjectImpl@VCOPOSMotionSensor@@@ATL@@UAGJK@Z 1000353b f i MotionSensor.obj
 0001:0000256a       ?EnumAdvise@?$IOleObjectImpl@VCOPOSMotionSensor@@@ATL@@UAGJPAPAUIEnumSTATDATA@@@Z 1000356a f i MotionSensor.obj
 0001:000025aa       ?GetMiscStatus@?$IOleObjectImpl@VCOPOSMotionSensor@@@ATL@@UAGJKPAK@Z 100035aa f i MotionSensor.obj
 0001:000025c2       ?GetWindow@?$IOleInPlaceActiveObjectImpl@VCOPOSMotionSensor@@@ATL@@UAGJPAPAUHWND__@@@Z 100035c2 f i MotionSensor.obj
 0001:0000260f       ?TranslateAcceleratorW@?$IOleInPlaceActiveObjectImpl@VCOPOSMotionSensor@@@ATL@@UAGJPAUtagMSG@@@Z 1000360f f i MotionSensor.obj
 0001:000026ad       ?OnDocWindowActivate@?$IOleInPlaceActiveObjectImpl@VCOPOSMotionSensor@@@ATL@@UAGJH@Z 100036ad f i MotionSensor.obj
 0001:000026cf       ?ResizeBorder@?$IOleInPlaceActiveObjectImpl@VCOPOSMotionSensor@@@ATL@@UAGJPBUtagRECT@@PAUIOleInPlaceUIWindow@@H@Z 100036cf f i MotionSensor.obj
 0001:000026d4       ?Draw@?$IViewObjectExImpl@VCOPOSMotionSensor@@@ATL@@UAGJKJPAXPAUtagDVTARGETDEVICE@@PAUHDC__@@2PBU_RECTL@@3P6GHK@ZK@Z 100036d4 f i MotionSensor.obj
 0001:00002706       ?GetColorSet@?$IViewObjectExImpl@VCOPOSMotionSensor@@@ATL@@UAGJKJPAXPAUtagDVTARGETDEVICE@@PAUHDC__@@PAPAUtagLOGPALETTE@@@Z 10003706 f i MotionSensor.obj
 0001:0000270e       ?SetAdvise@?$IViewObjectExImpl@VCOPOSMotionSensor@@@ATL@@UAGJKKPAUIAdviseSink@@@Z 1000370e f i MotionSensor.obj
 0001:0000272d       ?GetAdvise@?$IViewObjectExImpl@VCOPOSMotionSensor@@@ATL@@UAGJPAK0PAPAUIAdviseSink@@@Z 1000372d f i MotionSensor.obj
 0001:00002762       ?GetExtent@?$IViewObjectExImpl@VCOPOSMotionSensor@@@ATL@@UAGJKJPAUtagDVTARGETDEVICE@@PAUtagSIZE@@@Z 10003762 f i MotionSensor.obj
 0001:00002793       ?GetViewStatus@?$IViewObjectExImpl@VCOPOSMotionSensor@@@ATL@@UAGJPAK@Z 10003793 f i MotionSensor.obj
 0001:000027b0       ?QueryHitPoint@?$IViewObjectExImpl@VCOPOSMotionSensor@@@ATL@@UAGJKPBUtagRECT@@UtagPOINT@@JPAK@Z 100037b0 f i MotionSensor.obj
 0001:000027f1       ?QueryHitRect@?$IViewObjectExImpl@VCOPOSMotionSensor@@@ATL@@UAGJKPBUtagRECT@@0JPAK@Z 100037f1 f i MotionSensor.obj
 0001:0000284c       ?GetNaturalExtent@?$IViewObjectExImpl@VCOPOSMotionSensor@@@ATL@@UAGJKJPAUtagDVTARGETDEVICE@@PAUHDC__@@PAUtagExtentInfo@@PAUtagSIZE@@@Z 1000384c f i MotionSensor.obj
 0001:00002897       ??$?4UITypeInfo2@@@?$CComPtr@UITypeInfo@@@ATL@@QAEPAUITypeInfo@@ABV?$CComPtr@UITypeInfo2@@@1@@Z 10003897 f i MotionSensor.obj
 0001:000028c4       ??$AtlAdd@K@ATL@@YAJPAKKK@Z 100038c4 f i MotionSensor.obj
 0001:000028e7       ??$AtlAdd@_K@ATL@@YAJPA_K_K1@Z 100038e7 f i MotionSensor.obj
 0001:0000291f       ??$AtlAddThrow@K@ATL@@YAKKK@Z 1000391f f i MotionSensor.obj
 0001:00002945       ??$AtlModuleRegisterWndClassInfoT@VAtlModuleRegisterWndClassInfoParamW@ATL@@@ATL@@YAGPAU_ATL_BASE_MODULE70@0@PAU_ATL_WIN_MODULE70@0@PAU_ATL_WNDCLASSINFOW@0@PAP6GJPAUHWND__@@IIJ@ZVAtlModuleRegisterWndClassInfoParamW@0@@Z 10003945 f i MotionSensor.obj
 0001:00002a93       ??$AtlMultiply@H@ATL@@YAJPAHHH@Z 10003a93 f i MotionSensor.obj
 0001:00002acb       ??$AtlMultiply@K@ATL@@YAJPAKKK@Z 10003acb f i MotionSensor.obj
 0001:00002acb       ??$AtlMultiply@I@ATL@@YAJPAIII@Z 10003acb f i MotionSensor.obj
 0001:00002aed       ??$AtlMultiplyThrow@I@ATL@@YAIII@Z 10003aed f i MotionSensor.obj
 0001:00002b13       ??0?$CComAggObject@VCOPOSMotionSensor@@@ATL@@QAE@PAX@Z 10003b13 f i MotionSensor.obj
 0001:00002b40       ??0?$CComContainedObject@VCOPOSMotionSensor@@@ATL@@QAE@PAX@Z 10003b40 f i MotionSensor.obj
 0001:00002bf9       ??0?$CComObject@V?$CComEnum@UIEnumConnectionPoints@@$1?_GUID_b196b285_bab4_101a_b69c_00aa00341d07@@3U__s_GUID@@BPAUIConnectionPoint@@V?$_CopyInterface@UIConnectionPoint@@@ATL@@VCComSingleThreadModel@6@@ATL@@@ATL@@QAE@PAX@Z 10003bf9 f i MotionSensor.obj
 0001:00002c27       ??0?$CComObject@V?$CComEnum@UIEnumConnections@@$1?_GUID_b196b287_bab4_101a_b69c_00aa00341d07@@3U__s_GUID@@BUtagCONNECTDATA@@V?$_Copy@UtagCONNECTDATA@@@ATL@@VCComSingleThreadModel@6@@ATL@@@ATL@@QAE@PAX@Z 10003c27 f i MotionSensor.obj
 0001:00002c55       ??0?$CComObject@VCOPOSMotionSensor@@@ATL@@QAE@PAX@Z 10003c55 f i MotionSensor.obj
 0001:00002d0c       ??0?$CComQIPtr@UIOleControlSite@@$1?_GUID_b196b289_bab4_101a_b69c_00aa00341d07@@3U__s_GUID@@B@ATL@@QAE@PAUIUnknown@@@Z 10003d0c f i MotionSensor.obj
 0001:00002d35       ??0CAtlModule@ATL@@QAE@XZ  10003d35 f i MotionSensor.obj
 0001:00002d76       ??0CParseBuffer@CRegParser@ATL@@QAE@H@Z 10003d76 f i MotionSensor.obj
 0001:00002dac       ??0_ATL_MSG@ATL@@QAE@PAUHWND__@@IIJH@Z 10003dac f i MotionSensor.obj
 0001:00002de4       ??1?$CComAggObject@VCOPOSMotionSensor@@@ATL@@UAE@XZ 10003de4 f i MotionSensor.obj
 0001:00002e08       ??1?$CComEnumImpl@UIEnumConnectionPoints@@$1?_GUID_b196b285_bab4_101a_b69c_00aa00341d07@@3U__s_GUID@@BPAUIConnectionPoint@@V?$_CopyInterface@UIConnectionPoint@@@ATL@@@ATL@@UAE@XZ 10003e08 f i MotionSensor.obj
 0001:00002e48       ??1?$CComEnumImpl@UIEnumConnections@@$1?_GUID_b196b287_bab4_101a_b69c_00aa00341d07@@3U__s_GUID@@BUtagCONNECTDATA@@V?$_Copy@UtagCONNECTDATA@@@ATL@@@ATL@@UAE@XZ 10003e48 f i MotionSensor.obj
 0001:00002e88       ??1?$CComObject@V?$CComEnum@UIEnumConnectionPoints@@$1?_GUID_b196b285_bab4_101a_b69c_00aa00341d07@@3U__s_GUID@@BPAUIConnectionPoint@@V?$_CopyInterface@UIConnectionPoint@@@ATL@@VCComSingleThreadModel@6@@ATL@@@ATL@@UAE@XZ 10003e88 f i MotionSensor.obj
 0001:00002eab       ??1?$CComObject@V?$CComEnum@UIEnumConnections@@$1?_GUID_b196b287_bab4_101a_b69c_00aa00341d07@@3U__s_GUID@@BUtagCONNECTDATA@@V?$_Copy@UtagCONNECTDATA@@@ATL@@VCComSingleThreadModel@6@@ATL@@@ATL@@UAE@XZ 10003eab f i MotionSensor.obj
 0001:00002ece       ??1?$CComObject@VCOPOSMotionSensor@@@ATL@@UAE@XZ 10003ece f i MotionSensor.obj
 0001:00002f8c       ??1?$CComObjectCached@VCComClassFactory@ATL@@@ATL@@UAE@XZ 10003f8c f i MotionSensor.obj
 0001:00002fa2       ??1?$CComObjectRootEx@VCComMultiThreadModel@ATL@@@ATL@@QAE@XZ 10003fa2 f i MotionSensor.obj
 0001:00002fb7       ??1CRegObject@ATL@@UAE@XZ  10003fb7 f i MotionSensor.obj
 0001:00002fd7       ??4?$CComPtr@UIUnknown@@@ATL@@QAEPAUIUnknown@@PAU2@@Z 10003fd7 f i MotionSensor.obj
 0001:00002fd7       ??4?$CComPtr@UIOleClientSite@@@ATL@@QAEPAUIOleClientSite@@PAU2@@Z 10003fd7 f i MotionSensor.obj
 0001:00002fd7       ??4?$CComPtr@UIAdviseSink@@@ATL@@QAEPAUIAdviseSink@@PAU2@@Z 10003fd7 f i MotionSensor.obj
 0001:0000300b       ??4?$CComQIPtr@UIOleObject@@$1?_GUID_00000112_0000_0000_c000_000000000046@@3U__s_GUID@@B@ATL@@QAEPAUIOleObject@@PAUIUnknown@@@Z 1000400b f i MotionSensor.obj
 0001:00003030       ??4?$CComQIPtr@UISpecifyPropertyPages@@$1?_GUID_b196b28b_bab4_101a_b69c_00aa00341d07@@3U__s_GUID@@B@ATL@@QAEPAUISpecifyPropertyPages@@PAUIUnknown@@@Z 10004030 f i MotionSensor.obj
 0001:00003055       ??_G?$CComContainedObject@VCOPOSMotionSensor@@@ATL@@UAEPAXI@Z 10004055 f i MotionSensor.obj
 0001:00003055       ??_E?$CComContainedObject@VCOPOSMotionSensor@@@ATL@@UAEPAXI@Z 10004055 f i MotionSensor.obj
 0001:0000307a       ??_E?$CComObject@VCOPOSMotionSensor@@@ATL@@UAEPAXI@Z 1000407a f i MotionSensor.obj
 0001:0000307a       ??_G?$CComObject@VCOPOSMotionSensor@@@ATL@@UAEPAXI@Z 1000407a f i MotionSensor.obj
 0001:0000309f       ?Add@?$CSimpleArray@GV?$CSimpleArrayEqualHelper@G@ATL@@@ATL@@QAEHABG@Z 1000409f f i MotionSensor.obj
 0001:00003123       ?Add@?$CSimpleMap@PA_WPA_WVCExpansionVectorEqualHelper@ATL@@@ATL@@QAEHABQA_W0@Z 10004123 f i MotionSensor.obj
 0001:00003178       ?Add@CComDynamicUnkArray@ATL@@QAEKPAUIUnknown@@@Z 10004178 f i MotionSensor.obj
 0001:00003233       ?Add@CExpansionVector@ATL@@QAEHPB_W0@Z 10004233 f i MotionSensor.obj
 0001:00003337       ?AddString@CParseBuffer@CRegParser@ATL@@QAEHPB_W@Z 10004337 f i MotionSensor.obj
 0001:0000336c       ?AddValue@CRegParser@ATL@@IAEJAAVCRegKey@2@PB_WPA_W@Z 1000436c f i MotionSensor.obj
 0001:0000368d       ?Allocate@?$CAtlSafeAllocBufferManager@VCCRTAllocator@ATL@@@_ATL_SAFE_ALLOCA_IMPL@ATL@@QAEPAXK@Z 1000468d f i MotionSensor.obj
 0001:000036ba       ?Allocate@?$CTempBuffer@E$0BAA@VCCRTAllocator@ATL@@@ATL@@QAEPAEI@Z 100046ba f i MotionSensor.obj
 0001:000036e9       ?Allocate@?$CTempBuffer@_W$0BAA@VCCRTAllocator@ATL@@@ATL@@QAEPA_WI@Z 100046e9 f i MotionSensor.obj
 0001:00003718       ?Allocate@?$CTempBuffer@_W$0EAA@VCCRTAllocator@ATL@@@ATL@@QAEPA_WI@Z 10004718 f i MotionSensor.obj
 0001:00003747       ?AllocateHeap@?$CTempBuffer@_W$0BAA@VCCRTAllocator@ATL@@@ATL@@AAEXI@Z 10004747 f i MotionSensor.obj
 0001:00003747       ?AllocateHeap@?$CTempBuffer@_W$0EAA@VCCRTAllocator@ATL@@@ATL@@AAEXI@Z 10004747 f i MotionSensor.obj
 0001:00003747       ?AllocateHeap@?$CTempBuffer@E$0BAA@VCCRTAllocator@ATL@@@ATL@@AAEXI@Z 10004747 f i MotionSensor.obj
 0001:0000376c       ?Append@CParseBuffer@CRegParser@ATL@@QAEHPB_WH@Z 1000476c f i MotionSensor.obj
 0001:000037fa       ?AtlCallTermFunc@ATL@@YGXPAU_ATL_MODULE70@1@@Z 100047fa f i MotionSensor.obj
 0001:0000383e       ?AtlCoTaskMemCAlloc@ATL@@YAPAXKK@Z 1000483e f i MotionSensor.obj
 0001:0000386b       ?AtlCoTaskMemRecalloc@ATL@@YAPAXPAXKK@Z 1000486b f i MotionSensor.obj
 0001:0000389b       ?AtlComModuleGetClassObject@ATL@@YGJPAU_ATL_COM_MODULE70@1@ABU_GUID@@1PAPAX@Z 1000489b f i MotionSensor.obj
 0001:0000398e       ?AtlComModuleRegisterServer@ATL@@YGJPAU_ATL_COM_MODULE70@1@HPBU_GUID@@@Z 1000498e f i MotionSensor.obj
 0001:00003a16       ?AtlComModuleUnregisterServer@ATL@@YGJPAU_ATL_COM_MODULE70@1@HPBU_GUID@@@Z 10004a16 f i MotionSensor.obj
 0001:00003a9e       ?AtlComQIPtrAssign2@ATL@@YAXPAPAUIUnknown@@PAU2@ABU_GUID@@@Z 10004a9e f i MotionSensor.obj
 0001:00003acd       ?AtlCreateTargetDC@ATL@@YGPAUHDC__@@PAU2@PAUtagDVTARGETDEVICE@@@Z 10004acd f i MotionSensor.obj
 0001:00003b36       ?AtlCrtErrorCheck@ATL@@YAHH@Z 10004b36 f i MotionSensor.obj
 0001:00003b71       ?AtlHiMetricToPixel@ATL@@YGXPBUtagSIZE@@PAU2@@Z 10004b71 f i MotionSensor.obj
 0001:00003be6       ?AtlHresultFromLastError@ATL@@YAJXZ 10004be6 f i MotionSensor.obj
 0001:00003bfd       ?AtlHresultFromWin32@ATL@@YAJK@Z 10004bfd f i MotionSensor.obj
 0001:00003c12       ?AtlIPersistStreamInit_Load@ATL@@YGJPAUIStream@@PBUATL_PROPMAP_ENTRY@1@PAXPAUIUnknown@@@Z 10004c12 f i MotionSensor.obj
 0001:00003df2       ?AtlIPersistStreamInit_Save@ATL@@YGJPAUIStream@@HPBUATL_PROPMAP_ENTRY@1@PAXPAUIUnknown@@@Z 10004df2 f i MotionSensor.obj
 0001:00003f8a       ?AtlInternalOleLoadFromStream@ATL@@YAJPAUIStream@@ABU_GUID@@PAPAXTClassesAllowedInStream@1@K@Z 10004f8a f i MotionSensor.obj
 0001:000040b0       ?AtlInternalQueryInterface@ATL@@YGJPAXPBU_ATL_INTMAP_ENTRY@1@ABU_GUID@@PAPAX@Z 100050b0 f i MotionSensor.obj
 0001:00004153       ?AtlLoadTypeLib@ATL@@YGJPAUHINSTANCE__@@PB_WPAPA_WPAPAUITypeLib@@@Z 10005153 f i MotionSensor.obj
 0001:00004331       ?AtlModuleAddTermFunc@ATL@@YGJPAU_ATL_MODULE70@1@P6GXK@ZK@Z 10005331 f i MotionSensor.obj
 0001:0000438e       ?AtlRegisterClassCategoriesHelper@ATL@@YGJABU_GUID@@PBU_ATL_CATMAP_ENTRY@1@H@Z 1000538e f i MotionSensor.obj
 0001:0000466e       ?AtlRegisterTypeLib@ATL@@YGJPAUHINSTANCE__@@PB_W@Z 1000566e f i MotionSensor.obj
 0001:000047f6       ?AtlThrowImpl@ATL@@YGXJ@Z  100057f6 f i MotionSensor.obj
 0001:00004814       ?AtlUnRegisterTypeLib@ATL@@YGJPAUHINSTANCE__@@PB_W@Z 10005814 f i MotionSensor.obj
 0001:000048bf       ?AtlWinModuleAddCreateWndData@ATL@@YGXPAU_ATL_WIN_MODULE70@1@PAU_AtlCreateWndData@1@PAX@Z 100058bf f i MotionSensor.obj
 0001:00004913       ?AtlWinModuleExtractCreateWndData@ATL@@YGPAXPAU_ATL_WIN_MODULE70@1@@Z 10005913 f i MotionSensor.obj
 0001:00004976       ?AtlWinModuleRegisterClassExW@ATL@@YGGPAU_ATL_WIN_MODULE70@1@PBUtagWNDCLASSEXW@@@Z 10005976 f i MotionSensor.obj
 0001:000049b5       ?CanForceRemoveKey@CRegParser@ATL@@IAEHPB_W@Z 100059b5 f i MotionSensor.obj
 0001:000049e4       ?ChToByte@CRegParser@ATL@@KAE_W@Z 100059e4 f i MotionSensor.obj
 0001:00004a17       ?Cleanup@CComTypeInfoHolder@ATL@@SGXK@Z 10005a17 f i MotionSensor.obj
 0001:00004a4a       ?ClearReplacements@CExpansionVector@ATL@@QAEJXZ 10005a4a f i MotionSensor.obj
 0001:00004a87       ?Close@CRegKey@ATL@@QAEJXZ 10005a87 f i MotionSensor.obj
 0001:00004aa1       ?Create@?$CWindowImpl@VCOPOSMotionSensor@@VCWindow@ATL@@V?$CWinTraits@$0FGAAAAAA@$0A@@3@@ATL@@QAEPAUHWND__@@PAU3@V_U_RECT@2@PB_WKKV_U_MENUorID@2@PAX@Z 10005aa1 f i MotionSensor.obj
 0001:00004ae5       ?Create@?$CWindowImplBaseT@VCWindow@ATL@@V?$CWinTraits@$0FGAAAAAA@$0A@@2@@ATL@@QAEPAUHWND__@@PAU3@V_U_RECT@2@PB_WKKV_U_MENUorID@2@GPAX@Z 10005ae5 f i MotionSensor.obj
 0001:00004b81       ?Create@CRegKey@ATL@@QAEJPAUHKEY__@@PB_WPA_WKKPAU_SECURITY_ATTRIBUTES@@PAK@Z 10005b81 f i MotionSensor.obj
 0001:00004be4       ?CreateInstance@?$CComCreator@V?$CComAggObject@VCOPOSMotionSensor@@@ATL@@@ATL@@SGJPAXABU_GUID@@PAPAX@Z 10005be4 f i MotionSensor.obj
 0001:00004c5a       ?CreateInstance@?$CComCreator@V?$CComObject@VCOPOSMotionSensor@@@ATL@@@ATL@@SGJPAXABU_GUID@@PAPAX@Z 10005c5a f i MotionSensor.obj
 0001:00004cdb       ?CreateInstance@?$CComObject@V?$CComEnum@UIEnumConnectionPoints@@$1?_GUID_b196b285_bab4_101a_b69c_00aa00341d07@@3U__s_GUID@@BPAUIConnectionPoint@@V?$_CopyInterface@UIConnectionPoint@@@ATL@@VCComSingleThreadModel@6@@ATL@@@ATL@@SGJPAPAV12@@Z 10005cdb f i MotionSensor.obj
 0001:00004d22       ?CreateInstance@?$CComObject@V?$CComEnum@UIEnumConnections@@$1?_GUID_b196b287_bab4_101a_b69c_00aa00341d07@@3U__s_GUID@@BUtagCONNECTDATA@@V?$_Copy@UtagCONNECTDATA@@@ATL@@VCComSingleThreadModel@6@@ATL@@@ATL@@SGJPAPAV12@@Z 10005d22 f i MotionSensor.obj
 0001:00004d69       ?DefaultReflectionHandler@?$CWindowImplRoot@VCWindow@ATL@@@ATL@@SAHPAUHWND__@@IIJAAJ@Z 10005d69 f i MotionSensor.obj
 0001:00004ddc       ?DeleteSubKey@CRegKey@ATL@@QAEJPB_W@Z 10005ddc f i MotionSensor.obj
 0001:00004dff       ?DoEvent@COPOSMotionSensor@@IAEXIIJ@Z 10005dff f i MotionSensor.obj
 0001:00004e7f       ?DoVerbHide@?$IOleObjectImpl@VCOPOSMotionSensor@@@ATL@@QAEJPBUtagRECT@@PAUHWND__@@@Z 10005e7f f i MotionSensor.obj
 0001:00004eb5       ?DoVerbInPlaceActivate@?$IOleObjectImpl@VCOPOSMotionSensor@@@ATL@@QAEJPBUtagRECT@@PAUHWND__@@@Z 10005eb5 f i MotionSensor.obj
 0001:00004ee8       ?DoVerbPrimary@?$IOleObjectImpl@VCOPOSMotionSensor@@@ATL@@QAEJPBUtagRECT@@PAUHWND__@@@Z 10005ee8 f i MotionSensor.obj
 0001:00004f74       ?DoVerbProperties@CComControlBase@ATL@@QAEJPBUtagRECT@@PAUHWND__@@@Z 10005f74 f i MotionSensor.obj
 0001:0000509b       ?DoVerbShow@?$IOleObjectImpl@VCOPOSMotionSensor@@@ATL@@QAEJPBUtagRECT@@PAUHWND__@@@Z 1000609b f i MotionSensor.obj
 0001:000050c0       ?DoVerbUIActivate@?$IOleObjectImpl@VCOPOSMotionSensor@@@ATL@@QAEJPBUtagRECT@@PAUHWND__@@@Z 100060c0 f i MotionSensor.obj
 0001:000050fd       ?DoesVerbActivate@CComControlBase@ATL@@QAEHJ@Z 100060fd f i MotionSensor.obj
 0001:0000511e       ?DoesVerbUIActivate@CComControlBase@ATL@@QAEHJ@Z 1000611e f i MotionSensor.obj
 0001:00005153       ?EndOfVar@CRegParser@ATL@@IAEHXZ 10006153 f i MotionSensor.obj
 0001:00005173       ?EscapeSingleQuote@CAtlModule@ATL@@SAXPA_WIPB_W@Z 10006173 f i MotionSensor.obj
 0001:000051c2       ?FindKey@?$CSimpleMap@PA_WPA_WVCExpansionVectorEqualHelper@ATL@@@ATL@@QBEHABQA_W@Z 100061c2 f i MotionSensor.obj
 0001:000051f9       ?FireTheEvent@?$CProxy_IOPOSEvents@VCOPOSMotionSensor@@@@IAEXPAVOposVariant@@IAAJPB_WJ@Z 100061f9 f i MotionSensor.obj
 0001:0000528b       ?FireViewChange@CComControlBase@ATL@@QAEJXZ 1000628b f i MotionSensor.obj
 0001:000052d4       ?Fire_DirectIOEvent@?$CProxy_IOPOSEvents@VCOPOSMotionSensor@@@@QAEXJPAJPAPA_W@Z 100062d4 f i MotionSensor.obj
 0001:000053ba       ?Fire_StatusUpdateEvent@?$CProxy_IOPOSEvents@VCOPOSMotionSensor@@@@QAEXJ@Z 100063ba f i MotionSensor.obj
 0001:00005446       ?FreeHeap@?$CTempBuffer@E$0BAA@VCCRTAllocator@ATL@@@ATL@@AAEXXZ 10006446 f i MotionSensor.obj
 0001:00005446       ?FreeHeap@?$CTempBuffer@_W$0EAA@VCCRTAllocator@ATL@@@ATL@@AAEXXZ 10006446 f i MotionSensor.obj
 0001:00005446       ?FreeHeap@?$CTempBuffer@_W$0BAA@VCCRTAllocator@ATL@@@ATL@@AAEXXZ 10006446 f i MotionSensor.obj
 0001:0000544f       ?GetAmbientLocaleID@CComControlBase@ATL@@QAEJAAK@Z 1000644f f i MotionSensor.obj
 0001:000054ab       ?GetAmbientUserMode@CComControlBase@ATL@@QAEJAAH@Z 100064ab f i MotionSensor.obj
 0001:0000551b       ?GetAt@CComDynamicUnkArray@ATL@@QAEPAUIUnknown@@H@Z 1000651b f i MotionSensor.obj
 0001:00005537       ?GetClassObject@CComModule@ATL@@QAEJABU_GUID@@0PAPAX@Z 10006537 f i MotionSensor.obj
 0001:000055d9       ?GetConnMap@COPOSMotionSensor@@SAPBU_ATL_CONNMAP_ENTRY@ATL@@PAH@Z 100065d9 f i MotionSensor.obj
 0001:00005649       ?GetCookie@CComDynamicUnkArray@ATL@@QAGKPAPAUIUnknown@@@Z 10006649 f i MotionSensor.obj
 0001:00005681       ?GetIDsOfNames@CComTypeInfoHolder@ATL@@QAEJABU_GUID@@PAPA_WIKPAJ@Z 10006681 f i MotionSensor.obj
 0001:0000578f       ?GetKeyAt@?$CSimpleMap@PA_WPA_WVCExpansionVectorEqualHelper@ATL@@@ATL@@QBEAAPA_WH@Z 1000678f f i MotionSensor.obj
 0001:000057b4       ?GetPagesHelper@?$ISpecifyPropertyPagesImpl@VCOPOSMotionSensor@@@ATL@@IAEJPAUtagCAUUID@@PBUATL_PROPMAP_ENTRY@2@@Z 100067b4 f i MotionSensor.obj
 0001:000058db       ?GetProperty@?$CComPtr@UIDispatch@@@ATL@@SAJPAUIDispatch@@JPAUtagVARIANT@@@Z 100068db f i MotionSensor.obj
 0001:0000592a       ?GetSizeMax@CComVariant@ATL@@QBEJPAT_ULARGE_INTEGER@@@Z 1000692a f i MotionSensor.obj
 0001:00005ae4       ?GetStreamSize@CComBSTR@ATL@@SAKPA_W@Z 10006ae4 f i MotionSensor.obj
 0001:00005afe       ?GetTI@CComTypeInfoHolder@ATL@@QAEJK@Z 10006afe f i MotionSensor.obj
 0001:00005ce7       ?GetTI@CComTypeInfoHolder@ATL@@QAEJKPAPAUITypeInfo@@@Z 10006ce7 f i MotionSensor.obj
 0001:00005d29       ?GetUnknown@CComDynamicUnkArray@ATL@@QAGPAUIUnknown@@K@Z 10006d29 f i MotionSensor.obj
 0001:00005d4a       ?GetValueAt@?$CSimpleMap@PA_WPA_WVCExpansionVectorEqualHelper@ATL@@@ATL@@QBEAAPA_WH@Z 10006d4a f i MotionSensor.obj
 0001:00005d70       ?GetZoomInfo@CComControlBase@ATL@@QAEXAAUATL_DRAWINFO@@@Z 10006d70 f i MotionSensor.obj
 0001:00005e03       ?HKeyFromString@CRegParser@ATL@@KAPAUHKEY__@@PA_W@Z 10006e03 f i MotionSensor.obj
 0001:00005e31       ?HasSubKeys@CRegParser@ATL@@IAEHPAUHKEY__@@@Z 10006e31 f i MotionSensor.obj
 0001:00005e66       ?IDataObject_GetData@CComControlBase@ATL@@QAEJPAUtagFORMATETC@@PAUtagSTGMEDIUM@@@Z 10006e66 f i MotionSensor.obj
 0001:0000600c       ?IOleInPlaceObject_InPlaceDeactivate@CComControlBase@ATL@@QAEJXZ 1000700c f i MotionSensor.obj
 0001:00006093       ?IOleInPlaceObject_SetObjectRects@CComControlBase@ATL@@QAEJPBUtagRECT@@0@Z 10007093 f i MotionSensor.obj
 0001:00006160       ?IOleInPlaceObject_UIDeactivate@CComControlBase@ATL@@QAEJXZ 10007160 f i MotionSensor.obj
 0001:00006222       ?IOleObject_Advise@CComControlBase@ATL@@QAEJPAUIAdviseSink@@PAK@Z 10007222 f i MotionSensor.obj
 0001:0000624c       ?IOleObject_Close@CComControlBase@ATL@@QAEJK@Z 1000724c f i MotionSensor.obj
 0001:00006330       ?IOleObject_GetClientSite@CComControlBase@ATL@@QAEJPAPAUIOleClientSite@@@Z 10007330 f i MotionSensor.obj
 0001:00006359       ?IOleObject_SetClientSite@CComControlBase@ATL@@QAEJPAUIOleClientSite@@@Z 10007359 f i MotionSensor.obj
 0001:00006398       ?IOleObject_SetExtent@CComControlBase@ATL@@QAEJKPAUtagSIZE@@@Z 10007398 f i MotionSensor.obj
 0001:0000644c       ?IPSI_GetIPersistStreamInit@?$IPersistStorageImpl@VCOPOSMotionSensor@@@ATL@@AAEPAUIPersistStreamInit@@XZ 1000744c f i MotionSensor.obj
 0001:0000648e       ?IPersistStreamInit_Load@?$IPersistStreamInitImpl@VCOPOSMotionSensor@@@ATL@@QAEJPAUIStream@@PBUATL_PROPMAP_ENTRY@2@@Z 1000748e f i MotionSensor.obj
 0001:000064ba       ?IPersistStreamInit_Save@?$IPersistStreamInitImpl@VCOPOSMotionSensor@@@ATL@@QAEJPAUIStream@@HPBUATL_PROPMAP_ENTRY@2@@Z 100074ba f i MotionSensor.obj
 0001:000064ef       ?IQuickActivate_QuickActivate@CComControlBase@ATL@@QAEJPAUtagQACONTAINER@@PAUtagQACONTROL@@@Z 100074ef f i MotionSensor.obj
 0001:00006731       ?IViewObject_Draw@CComControlBase@ATL@@QAEJKJPAXPAUtagDVTARGETDEVICE@@PAUHDC__@@2PBU_RECTL@@3@Z 10007731 f i MotionSensor.obj
 0001:000067d9       ?InPlaceActivate@CComControlBase@ATL@@QAEJJPBUtagRECT@@@Z 100077d9 f i MotionSensor.obj
 0001:00006a4a       ?Init@?$CComEnumImpl@UIEnumConnectionPoints@@$1?_GUID_b196b285_bab4_101a_b69c_00aa00341d07@@3U__s_GUID@@BPAUIConnectionPoint@@V?$_CopyInterface@UIConnectionPoint@@@ATL@@@ATL@@QAEJPAPAUIConnectionPoint@@0PAUIUnknown@@W4CComEnumFlags@2@@Z 10007a4a f i MotionSensor.obj
 0001:00006b29       ?Init@?$CComEnumImpl@UIEnumConnections@@$1?_GUID_b196b287_bab4_101a_b69c_00aa00341d07@@3U__s_GUID@@BUtagCONNECTDATA@@V?$_Copy@UtagCONNECTDATA@@@ATL@@@ATL@@QAEJPAUtagCONNECTDATA@@0PAUIUnknown@@W4CComEnumFlags@2@@Z 10007b29 f i MotionSensor.obj
 0001:00006c08       ?Init@CComModule@ATL@@QAEJPAU_ATL_OBJMAP_ENTRY30@2@PAUHINSTANCE__@@PBU_GUID@@@Z 10007c08 f i MotionSensor.obj
 0001:00006c67       ?Init@CDynamicStdCallThunk2@ATL@@QAEHKPAX@Z 10007c67 f i MotionSensor.obj
 0001:00006c92       ?InlineIsEqualUnknown@ATL@@YGHABU_GUID@@@Z 10007c92 f i MotionSensor.obj
 0001:00006cba       ?InternalGetSite@CComControlBase@ATL@@QAEJABU_GUID@@PAPAX@Z 10007cba f i MotionSensor.obj
 0001:00006ce8       ?InternalSetAtIndex@?$CSimpleMap@PA_WPA_WVCExpansionVectorEqualHelper@ATL@@@ATL@@QAEXHABQA_W0@Z 10007ce8 f i MotionSensor.obj
 0001:00006d12       ?Invoke@CComTypeInfoHolder@ATL@@QAEJPAUIDispatch@@JABU_GUID@@KGPAUtagDISPPARAMS@@PAUtagVARIANT@@PAUtagEXCEPINFO@@PAI@Z 10007d12 f i MotionSensor.obj
 0001:00006d55       ?IsEqualObject@?$CComPtrBase@UIOleClientSite@@@ATL@@QAE_NPAUIUnknown@@@Z 10007d55 f i MotionSensor.obj
 0001:00006d55       ?IsEqualObject@?$CComPtrBase@UITypeInfo@@@ATL@@QAE_NPAUIUnknown@@@Z 10007d55 f i MotionSensor.obj
 0001:00006dc2       ?IsSpace@CRegParser@ATL@@IAEH_W@Z 10007dc2 f i MotionSensor.obj
 0001:00006dec       ?LoadNameCache@CComTypeInfoHolder@ATL@@QAEJPAUITypeInfo@@@Z 10007dec f i MotionSensor.obj
 0001:00006f3a       ?Lookup@?$CSimpleMap@PA_WPA_WVCExpansionVectorEqualHelper@ATL@@@ATL@@QBEPA_WABQA_W@Z 10007f3a f i MotionSensor.obj
 0001:00006f60       ?NextToken@CRegParser@ATL@@IAEJPA_W@Z 10007f60 f i MotionSensor.obj
 0001:00007098       ?OnKillFocus@CComControlBase@ATL@@QAEJIIJAAH@Z 10008098 f i MotionSensor.obj
 0001:000070f3       ?OnMouseActivate@CComControlBase@ATL@@QAEJIIJAAH@Z 100080f3 f i MotionSensor.obj
 0001:00007161       ?OnPaint@CComControlBase@ATL@@QAEJIIJAAH@Z 10008161 f i MotionSensor.obj
 0001:00007213       ?OnSetFocus@CComControlBase@ATL@@QAEJIIJAAH@Z 10008213 f i MotionSensor.obj
 0001:0000729c       ?Open@CRegKey@ATL@@QAEJPAUHKEY__@@PB_WK@Z 1000829c f i MotionSensor.obj
 0001:000072e5       ?PreProcessBuffer@CRegParser@ATL@@QAEJPA_WPAPA_W@Z 100082e5 f i MotionSensor.obj
 0001:0000754f       ?ProcessWindowMessage@?$CComControl@VCOPOSMotionSensor@@V?$CWindowImpl@VCOPOSMotionSensor@@VCWindow@ATL@@V?$CWinTraits@$0FGAAAAAA@$0A@@3@@ATL@@@ATL@@UAEHPAUHWND__@@IIJAAJK@Z 1000854f f i MotionSensor.obj
 0001:000075ee       ?PutProperty@?$CComPtr@UIDispatch@@@ATL@@SAJPAUIDispatch@@JPAUtagVARIANT@@@Z 100085ee f i MotionSensor.obj
 0001:00007680       ?ReadFromStream@CComBSTR@ATL@@QAEJPAUIStream@@@Z 10008680 f i MotionSensor.obj
 0001:000077ae       ?ReadFromStream@CComVariant@ATL@@QAEJPAUIStream@@GTClassesAllowedInStream@2@K@Z 100087ae f i MotionSensor.obj
 0001:00007934       ?RecurseDeleteKey@CRegKey@ATL@@QAEJPB_W@Z 10008934 f i MotionSensor.obj
 0001:000079f6       ?RegCreateKeyExW@CAtlTransactionManager@ATL@@QAEJPAUHKEY__@@PB_WKPA_WKKQAU_SECURITY_ATTRIBUTES@@PAPAU3@PAK@Z 100089f6 f i MotionSensor.obj
 0001:00007a59       ?RegDeleteKeyW@CAtlTransactionManager@ATL@@QAEJPAUHKEY__@@PB_W@Z 10008a59 f i MotionSensor.obj
 0001:00007aab       ?RegOpenKeyExW@CAtlTransactionManager@ATL@@QAEJPAUHKEY__@@PB_WKKPAPAU3@@Z 10008aab f i MotionSensor.obj
 0001:00007b02       ?Register@_ATL_WNDCLASSINFOW@ATL@@QAEGPAP6GJPAUHWND__@@IIJ@Z@Z 10008b02 f i MotionSensor.obj
 0001:00007b22       ?RegisterBuffer@CRegParser@ATL@@QAEJPA_WH@Z 10008b22 f i MotionSensor.obj
 0001:00007c5b       ?RegisterFromResource@CRegObject@ATL@@IAEJPB_W00H@Z 10008c5b f i MotionSensor.obj
 0001:00007d91       ?RegisterServer@?$CAtlModuleT@VCComModule@ATL@@@ATL@@QAEJHPBU_GUID@@@Z 10008d91 f i MotionSensor.obj
 0001:00007dbf       ?RegisterServer@CComModule@ATL@@QAEJHPBU_GUID@@@Z 10008dbf f i MotionSensor.obj
 0001:00007e35       ?RegisterSubkeys@CRegParser@ATL@@IAEJPA_WPAUHKEY__@@HH@Z 10008e35 f i MotionSensor.obj
 0001:00008404       ?Remove@CComDynamicUnkArray@ATL@@QAEHK@Z 10009404 f i MotionSensor.obj
 0001:0000842d       ?RemoveAll@?$CSimpleMap@PA_WPA_WVCExpansionVectorEqualHelper@ATL@@@ATL@@QAEXXZ 1000942d f i MotionSensor.obj
 0001:00008459       ?ResourceRegisterSz@CRegObject@ATL@@QAGJPB_W00@Z 10009459 f i MotionSensor.obj
 0001:00008486       ?ResourceUnregisterSz@CRegObject@ATL@@QAGJPB_W00@Z 10009486 f i MotionSensor.obj
 0001:000084b3       ?SendOnDataChange@CComControlBase@ATL@@QAEJK@Z 100094b3 f i MotionSensor.obj
 0001:00008500       ?SetControlFocus@CComControlBase@ATL@@QAEHH@Z 10009500 f i MotionSensor.obj
 0001:0000859d       ?SetMultiStringValue@CRegKey@ATL@@QAEJPB_W0@Z 1000959d f i MotionSensor.obj
 0001:000085f9       ?SetStringValue@CRegKey@ATL@@QAEJPB_W0K@Z 100095f9 f i MotionSensor.obj
 0001:00008642       ?SkipAssignment@CRegParser@ATL@@IAEJPA_W@Z 10009642 f i MotionSensor.obj
 0001:000086a7       ?SkipWhiteSpace@CRegParser@ATL@@IAEXXZ 100096a7 f i MotionSensor.obj
 0001:000086c9       ?StrChrW@CRegParser@ATL@@KAPA_WPA_W_W@Z 100096c9 f i MotionSensor.obj
 0001:00008706       ?Term@CAtlModule@ATL@@QAEXXZ 10009706 f i MotionSensor.obj
 0001:0000873f       ?Term@CComModule@ATL@@QAEXXZ 1000973f f i MotionSensor.obj
 0001:00008797       ?UnregisterServer@?$CAtlModuleT@VCComModule@ATL@@@ATL@@QAEJHPBU_GUID@@@Z 10009797 f i MotionSensor.obj
 0001:000087bd       ?UnregisterServer@CComModule@ATL@@QAEJHPBU_GUID@@@Z 100097bd f i MotionSensor.obj
 0001:00008833       ?UpdateRegistryFromResource@CAtlModule@ATL@@QAGJIHPAU_ATL_REGMAP_ENTRY@2@@Z 10009833 f i MotionSensor.obj
 0001:000089fe       ?UpdateRegistryFromResource@CAtlModule@ATL@@QAGJPB_WHPAU_ATL_REGMAP_ENTRY@2@@Z 100099fe f i MotionSensor.obj
 0001:00008bcf       ?VTFromRegType@CRegParser@ATL@@KAHPB_WAAG@Z 10009bcf f i MotionSensor.obj
 0001:00008c3c       ?WindowProc@?$CWindowImplBaseT@VCWindow@ATL@@V?$CWinTraits@$0FGAAAAAA@$0A@@2@@ATL@@SGJPAUHWND__@@IIJ@Z 10009c3c f i MotionSensor.obj
 0001:00008d2e       ?WriteToStream@CComBSTR@ATL@@QAEJPAUIStream@@@Z 10009d2e f i MotionSensor.obj
 0001:00008d85       ?WriteToStream@CComVariant@ATL@@QAEJPAUIStream@@@Z 10009d85 f i MotionSensor.obj
 0001:00008eff       ?WriteToStream@CComVariant@ATL@@QAEJPAUIStream@@G@Z 10009eff f i MotionSensor.obj
 0001:00008f68       ?_AtlInitialConstruct@?$CComObjectRootEx@VCComMultiThreadModel@ATL@@@ATL@@QAEJXZ 10009f68 f i MotionSensor.obj
 0001:00008f7d       ?_AtlVerifyStackAvailable@_ATL_SAFE_ALLOCA_IMPL@ATL@@YA_NK@Z 10009f7d f i MotionSensor.obj
 0001:00008ffb       ?copy@?$_Copy@UtagCONNECTDATA@@@ATL@@SAJPAUtagCONNECTDATA@@PBU3@@Z 10009ffb f i MotionSensor.obj
 0001:00009031       ?copy@?$_CopyInterface@UIConnectionPoint@@@ATL@@SAJPAPAUIConnectionPoint@@PBQAU3@@Z 1000a031 f i MotionSensor.obj
 0001:0000905f       ?memcpy_s@Checked@ATL@@YAXPAXIPBXI@Z 1000a05f f i MotionSensor.obj
 0001:0000907e       ?ocscpy_s@@YA_NPA_WIPB_W@Z 1000a07e f i MotionSensor.obj
 0001:000090ad       ?ocslen@@YAHPB_W@Z         1000a0ad f i MotionSensor.obj
 0001:000090cd       ?wcscpy_s@Checked@ATL@@YAXPA_WIPB_W@Z 1000a0cd f i MotionSensor.obj
 0001:000090e9       _DllCanUnloadNow@0         1000a0e9 f   MotionSensor.obj
 0001:000090f5       _DllGetClassObject@12      1000a0f5 f   MotionSensor.obj
 0001:00009103       _DllMain@12                1000a103 f   MotionSensor.obj
 0001:00009145       _DllRegisterServer@0       1000a145 f   MotionSensor.obj
 0001:00009154       _DllUnregisterServer@0     1000a154 f   MotionSensor.obj
 0001:00009163       _InlineIsEqualGUID         1000a163 f i MotionSensor.obj
 0001:00009193       ___local_stdio_printf_options 1000a193 f i MotionSensor.obj
 0001:00009199       __vswprintf_s_l            1000a199 f i MotionSensor.obj
 0001:00009246       _swprintf_s                1000a246 f i MotionSensor.obj
 0001:00009262       ??0?$CComControl@VCOPOSMotionSensor@@V?$CWindowImpl@VCOPOSMotionSensor@@VCWindow@ATL@@V?$CWinTraits@$0FGAAAAAA@$0A@@3@@ATL@@@ATL@@QAE@XZ 1000a262 f i MotionSensorImpl.obj
 0001:00009289       ??0CComControlBase@ATL@@QAE@AAPAUHWND__@@@Z 1000a289 f i MotionSensorImpl.obj
 0001:000092d3       ??0COPOSMotionSensor@@QAE@XZ 1000a2d3 f   MotionSensorImpl.obj
 0001:00009322       ??1?$CComControl@VCOPOSMotionSensor@@V?$CWindowImpl@VCOPOSMotionSensor@@VCWindow@ATL@@V?$CWinTraits@$0FGAAAAAA@$0A@@3@@ATL@@@ATL@@UAE@XZ 1000a322 f i MotionSensorImpl.obj
 0001:0000933b       ??1?$IConnectionPointImpl@VCOPOSMotionSensor@@$1?DIID__IOPOSMotionSensorEvents@@3U_GUID@@BVCComDynamicUnkArray@ATL@@@ATL@@QAE@XZ 1000a33b f i MotionSensorImpl.obj
 0001:0000933b       ??1?$IConnectionPointImpl@VCOPOSMotionSensor@@$1?IID_IPropertyNotifySink@@3U_GUID@@BVCComDynamicUnkArray@ATL@@@ATL@@QAE@XZ 1000a33b f i MotionSensorImpl.obj
 0001:00009378       ??1CComControlBase@ATL@@UAE@XZ 1000a378 f i MotionSensorImpl.obj
 0001:000093db       ??1COPOSMotionSensor@@UAE@XZ 1000a3db f   MotionSensorImpl.obj
 0001:00009423       ??1OposVariantResult@@QAE@XZ 1000a423 f i MotionSensorImpl.obj
 0001:00009444       ??1_CW@@QAE@XZ             1000a444 f i MotionSensorImpl.obj
 0001:0000945d       ?CheckHealth@COPOSMotionSensor@@UAGJJPAJ@Z 1000a45d f   MotionSensorImpl.obj
 0001:000094ac       ?ClaimDevice@COPOSMotionSensor@@UAGJJPAJ@Z 1000a4ac f   MotionSensorImpl.obj
 0001:0000951a       ?Close@COPOSMotionSensor@@UAGJPAJ@Z 1000a51a f   MotionSensorImpl.obj
 0001:00009588       ?CompareFirmwareVersion@COPOSMotionSensor@@UAGJPA_WPAJ1@Z 1000a588 f   MotionSensorImpl.obj
 0001:00009608       ?DirectIO@COPOSMotionSensor@@UAGJJPAJPAPA_W0@Z 1000a608 f   MotionSensorImpl.obj
 0001:000096b6       ?DoInvoke@COPOSMotionSensor@@IAEJJPAVOposVariant@@IHPAJ_N@Z 1000a6b6 f   MotionSensorImpl.obj
 0001:00009778       ?EventClose@COPOSMotionSensor@@IAEXXZ 1000a778 f i MotionSensorImpl.obj
 0001:000097ab       ?EventInit@COPOSMotionSensor@@IAEJXZ 1000a7ab f i MotionSensorImpl.obj
 0001:00009877       ?EventUninit@COPOSMotionSensor@@IAEXXZ 1000a877 f i MotionSensorImpl.obj
 0001:000098c9       ?EventWindowProc@COPOSMotionSensor@@IAGJIIJ@Z 1000a8c9 f i MotionSensorImpl.obj
 0001:00009940       ?FinalConstruct@COPOSMotionSensor@@QAEJXZ 1000a940 f   MotionSensorImpl.obj
 0001:00009979       ?FireEventCleanup@COPOSMotionSensor@@IAEXXZ 1000a979 f i MotionSensorImpl.obj
 0001:0000998f       ?FireEventSetup@COPOSMotionSensor@@IAE_NXZ 1000a98f f i MotionSensorImpl.obj
 0001:000099c3       ?FreezeEvents@COPOSMotionSensor@@MAGJH@Z 1000a9c3 f   MotionSensorImpl.obj
 0001:00009a14       ?GetOposProp@COPOSMotionSensor@@IAEJJPAFJ@Z 1000aa14 f   MotionSensorImpl.obj
 0001:00009a37       ?GetOposProp@COPOSMotionSensor@@IAEJJPAJJ@Z 1000aa37 f   MotionSensorImpl.obj
 0001:00009af5       ?GetOposProp@COPOSMotionSensor@@IAEJJPAPA_WJ@Z 1000aaf5 f   MotionSensorImpl.obj
 0001:00009bc0       ?OnDraw@COPOSMotionSensor@@MAEJAAUATL_DRAWINFO@@@Z 1000abc0 f   MotionSensorImpl.obj
 0001:00009c60       ?Open@COPOSMotionSensor@@UAGJPA_WPAJ@Z 1000ac60 f   MotionSensorImpl.obj
 0001:0000a3fe       ?ReleaseDevice@COPOSMotionSensor@@UAGJPAJ@Z 1000b3fe f   MotionSensorImpl.obj
 0001:0000a435       ?ResetStatistics@COPOSMotionSensor@@UAGJPA_WPAJ@Z 1000b435 f   MotionSensorImpl.obj
 0001:0000a48c       ?RetrieveStatistics@COPOSMotionSensor@@UAGJPAPA_WPAJ@Z 1000b48c f   MotionSensorImpl.obj
 0001:0000a4e3       ?SOProcessID@COPOSMotionSensor@@UAGJPAJ@Z 1000b4e3 f   MotionSensorImpl.obj
 0001:0000a4f7       ?SetCOFreezeEvents@COPOSMotionSensor@@IAEXF@Z 1000b4f7 f   MotionSensorImpl.obj
 0001:0000a582       ?SetOposProp@COPOSMotionSensor@@IAEJJJJ@Z 1000b582 f   MotionSensorImpl.obj
 0001:0000a660       ?UpdateFirmware@COPOSMotionSensor@@UAGJPA_WPAJ@Z 1000b660 f   MotionSensorImpl.obj
 0001:0000a6b7       ?UpdateStatistics@COPOSMotionSensor@@UAGJPA_WPAJ@Z 1000b6b7 f   MotionSensorImpl.obj
 0001:0000a70e       ?WaitForMotion@COPOSMotionSensor@@UAGJJPAJ@Z 1000b70e f   MotionSensorImpl.obj
 0001:0000a75d       ?get_BinaryConversion@COPOSMotionSensor@@UAGJPAJ@Z 1000b75d f   MotionSensorImpl.obj
 0001:0000a773       ?get_CapCompareFirmwareVersion@COPOSMotionSensor@@UAGJPAF@Z 1000b773 f   MotionSensorImpl.obj
 0001:0000a78c       ?get_CapPowerReporting@COPOSMotionSensor@@UAGJPAJ@Z 1000b78c f   MotionSensorImpl.obj
 0001:0000a7a5       ?get_CapStatisticsReporting@COPOSMotionSensor@@UAGJPAF@Z 1000b7a5 f   MotionSensorImpl.obj
 0001:0000a7be       ?get_CapUpdateFirmware@COPOSMotionSensor@@UAGJPAF@Z 1000b7be f   MotionSensorImpl.obj
 0001:0000a7d7       ?get_CapUpdateStatistics@COPOSMotionSensor@@UAGJPAF@Z 1000b7d7 f   MotionSensorImpl.obj
 0001:0000a7f0       ?get_CheckHealthText@COPOSMotionSensor@@UAGJPAPA_W@Z 1000b7f0 f   MotionSensorImpl.obj
 0001:0000a809       ?get_Claimed@COPOSMotionSensor@@UAGJPAF@Z 1000b809 f   MotionSensorImpl.obj
 0001:0000a81f       ?get_ControlObjectDescription@COPOSMotionSensor@@UAGJPAPA_W@Z 1000b81f f   MotionSensorImpl.obj
 0001:0000a85c       ?get_ControlObjectVersion@COPOSMotionSensor@@UAGJPAJ@Z 1000b85c f   MotionSensorImpl.obj
 0001:0000a86f       ?get_DeviceDescription@COPOSMotionSensor@@UAGJPAPA_W@Z 1000b86f f   MotionSensorImpl.obj
 0001:0000a888       ?get_DeviceEnabled@COPOSMotionSensor@@UAGJPAF@Z 1000b888 f   MotionSensorImpl.obj
 0001:0000a89e       ?get_DeviceName@COPOSMotionSensor@@UAGJPAPA_W@Z 1000b89e f   MotionSensorImpl.obj
 0001:0000a8b7       ?get_FreezeEvents@COPOSMotionSensor@@UAGJPAF@Z 1000b8b7 f   MotionSensorImpl.obj
 0001:0000a8cd       ?get_Motion@COPOSMotionSensor@@UAGJPAF@Z 1000b8cd f   MotionSensorImpl.obj
 0001:0000a8e6       ?get_OpenResult@COPOSMotionSensor@@UAGJPAJ@Z 1000b8e6 f   MotionSensorImpl.obj
 0001:0000a8fd       ?get_PowerNotify@COPOSMotionSensor@@UAGJPAJ@Z 1000b8fd f   MotionSensorImpl.obj
 0001:0000a913       ?get_PowerState@COPOSMotionSensor@@UAGJPAJ@Z 1000b913 f   MotionSensorImpl.obj
 0001:0000a929       ?get_ResultCode@COPOSMotionSensor@@UAGJPAJ@Z 1000b929 f   MotionSensorImpl.obj
 0001:0000a967       ?get_ResultCodeExtended@COPOSMotionSensor@@UAGJPAJ@Z 1000b967 f   MotionSensorImpl.obj
 0001:0000a97d       ?get_ServiceObjectDescription@COPOSMotionSensor@@UAGJPAPA_W@Z 1000b97d f   MotionSensorImpl.obj
 0001:0000a996       ?get_ServiceObjectVersion@COPOSMotionSensor@@UAGJPAJ@Z 1000b996 f   MotionSensorImpl.obj
 0001:0000a9ac       ?get_State@COPOSMotionSensor@@UAGJPAJ@Z 1000b9ac f   MotionSensorImpl.obj
 0001:0000a9d8       ?get_Timeout@COPOSMotionSensor@@UAGJPAJ@Z 1000b9d8 f   MotionSensorImpl.obj
 0001:0000a9f1       ?put_BinaryConversion@COPOSMotionSensor@@UAGJJ@Z 1000b9f1 f   MotionSensorImpl.obj
 0001:0000aa07       ?put_DeviceEnabled@COPOSMotionSensor@@UAGJF@Z 1000ba07 f   MotionSensorImpl.obj
 0001:0000aa24       ?put_FreezeEvents@COPOSMotionSensor@@UAGJF@Z 1000ba24 f   MotionSensorImpl.obj
 0001:0000aa70       ?put_PowerNotify@COPOSMotionSensor@@UAGJJ@Z 1000ba70 f   MotionSensorImpl.obj
 0001:0000aa86       ?put_Timeout@COPOSMotionSensor@@UAGJJ@Z 1000ba86 f   MotionSensorImpl.obj
 0001:0000aa9f       ?s_EventWindowProc@COPOSMotionSensor@@KGJPAUHWND__@@IIJ@Z 1000ba9f f i MotionSensorImpl.obj
 0001:0000aaf1       ??_U@YAPAXI@Z              1000baf1 f   LIBCMT:new_array.obj
 0001:0000aafa       ??3@YAXPAXI@Z              1000bafa f   LIBCMT:delete_scalar_size.obj
 0001:0000ab08       ??_V@YAXPAX@Z              1000bb08 f   LIBCMT:delete_array.obj
 0001:0000ab0d       ??_V@YAXPAXI@Z             1000bb0d f   LIBCMT:delete_array_size.obj
 0001:0000ab1b       ??$__crt_fast_encode_pointer@PAP6AXXZ@@YAPAP6AXXZQAP6AXXZ@Z 1000bb1b f i LIBCMT:utility.obj
 0001:0000ab1b       ??$__crt_fast_encode_pointer@P6GXPAU_RTL_CONDITION_VARIABLE@@@Z@@YAP6GXPAU_RTL_CONDITION_VARIABLE@@@ZQ6GX0@Z@Z 1000bb1b f i LIBCMT:thread_safe_statics.obj
 0001:0000ab1b       ??$__crt_fast_encode_pointer@PAX@@YAPAXQAX@Z 1000bb1b f i libvcruntime:winapi_downlevel.obj
 0001:0000ab1b       ??$__crt_fast_encode_pointer@P6GHPAU_RTL_CONDITION_VARIABLE@@PAU_RTL_CRITICAL_SECTION@@K@Z@@YAP6GHPAU_RTL_CONDITION_VARIABLE@@PAU_RTL_CRITICAL_SECTION@@K@ZQ6GH01K@Z@Z 1000bb1b f i LIBCMT:thread_safe_statics.obj
 0001:0000ab7c       ___scrt_acquire_startup_lock 1000bb7c f   LIBCMT:utility.obj
 0001:0000abae       ___scrt_dllmain_after_initialize_c 1000bbae f   LIBCMT:utility.obj
 0001:0000abd9       ___scrt_dllmain_before_initialize_c 1000bbd9 f   LIBCMT:utility.obj
 0001:0000abe7       ___scrt_dllmain_crt_thread_attach 1000bbe7 f   LIBCMT:utility.obj
 0001:0000ac06       ___scrt_dllmain_crt_thread_detach 1000bc06 f   LIBCMT:utility.obj
 0001:0000ac13       ___scrt_dllmain_exception_filter 1000bc13 f   LIBCMT:utility.obj
 0001:0000ac47       ___scrt_dllmain_uninitialize_c 1000bc47 f   LIBCMT:utility.obj
 0001:0000ac6a       ___scrt_dllmain_uninitialize_critical 1000bc6a f   LIBCMT:utility.obj
 0001:0000ac77       ___scrt_initialize_crt     1000bc77 f   LIBCMT:utility.obj
 0001:0000acb0       ___scrt_initialize_onexit_tables 1000bcb0 f   LIBCMT:utility.obj
 0001:0000ad55       ___scrt_is_nonwritable_in_current_image 1000bd55 f   LIBCMT:utility.obj
 0001:0000ade9       ___scrt_release_startup_lock 1000bde9 f   LIBCMT:utility.obj
 0001:0000ae06       ___scrt_uninitialize_crt   1000be06 f   LIBCMT:utility.obj
 0001:0000ae2e       __onexit                   1000be2e f   LIBCMT:utility.obj
 0001:0000ae69       _atexit                    1000be69 f   LIBCMT:utility.obj
 0001:0000ae7e       ??3@YAXPAX@Z               1000be7e f   LIBCMT:delete_scalar.obj
 0001:0000afb5       __Init_thread_footer       1000bfb5 f   LIBCMT:thread_safe_statics.obj
 0001:0000afff       __Init_thread_header       1000bfff f   LIBCMT:thread_safe_statics.obj
 0001:0000b051       __Init_thread_notify       1000c051 f   LIBCMT:thread_safe_statics.obj
 0001:0000b093       __Init_thread_wait         1000c093 f   LIBCMT:thread_safe_statics.obj
 0001:0000b0f3       ___raise_securityfailure   1000c0f3 f   LIBCMT:gs_report.obj
 0001:0000b11b       ___report_gsfailure        1000c11b f   LIBCMT:gs_report.obj
 0001:0000b214       ___report_rangecheckfailure 1000c214 f   LIBCMT:gs_report.obj
 0001:0000b220       ___report_securityfailure  1000c220 f   LIBCMT:gs_report.obj
 0001:0000b2ee       ??2@YAPAXIABUnothrow_t@std@@@Z 1000c2ee f   LIBCMT:new_scalar_nothrow.obj
[...]
 0002:00002a68       ?candidate_modules@?1??try_get_LocaleNameToLCID@@YAP6GKPB_WK@ZXZ@4QBW4module_id@?A0x391cf84c@@B 10020a68     libucrt:winapi_thunks.obj
 0002:00002a84       ?candidate_modules@?1??try_get_AppPolicyGetProcessTerminationMethod@@YAP6GJPAXPAW4AppPolicyProcessTerminationMethod@@@ZXZ@4QBW4module_id@?A0x391cf84c@@B 10020a84     libucrt:winapi_thunks.obj
 0002:00002ab0       ?candidate_modules@?1??try_get_SetThreadStackGuarantee@@YAP6GHPAK@ZXZ@4QBW4module_id@?A0x391cf84c@@B 10020ab0     libucrt:winapi_thunks.obj
 0002:00002fdc       ?_mb_locale_names@@3QBQB_WB 10020fdc     libucrt:mbctype.obj
 0002:00003828       ?LcidToLocaleNameTable@?A0x881e4c05@@3QBULcidToLocaleName@1@B 10021828     libucrt:lcidtoname_downlevel.obj
 0002:00004950       ?LocaleNameToIndexTable@?A0x881e4c05@@3QBULocaleNameIndex@1@B 10022950     libucrt:lcidtoname_downlevel.obj
 0002:00006290       LOG_name                   10024290     libucrt:log10.obj
 0002:000062a0       _One                       100242a0     libucrt:ceil_pentium4.obj
 0002:000062b0       _Bns                       100242b0     libucrt:ceil_pentium4.obj
 0002:000062c0       _Zero                      100242c0     libucrt:ceil_pentium4.obj
 0002:000062d0       _S                         100242d0     libucrt:ceil_pentium4.obj
 0002:000062e0       _NegZero                   100242e0     libucrt:ceil_pentium4.obj
 0002:000062f0       emask                      100242f0     libucrt:log10_pentium4.obj
 0002:00006300       CC                         10024300     libucrt:log10_pentium4.obj
 0002:00006310       Magic                      10024310     libucrt:log10_pentium4.obj
 0002:00006320       hi_mask                    10024320     libucrt:log10_pentium4.obj
 0002:00006330       LOG10_2                    10024330     libucrt:log10_pentium4.obj
 0002:00006340       place_L                    10024340     libucrt:log10_pentium4.obj
 0002:00006360       One                        10024360     libucrt:log10_pentium4.obj
 0002:00006370       Zero                       10024370     libucrt:log10_pentium4.obj
 0002:00006380       Two52                      10024380     libucrt:log10_pentium4.obj
 0002:00006390       Infs                       10024390     libucrt:log10_pentium4.obj
 0002:000063a0       NaN                        100243a0     libucrt:log10_pentium4.obj
 0002:000063b0       coeff                      100243b0     libucrt:log10_pentium4.obj
 0002:0000640e       _log2max                   1002440e     libucrt:87tran.obj
 0002:00006418       _smallarg                  10024418     libucrt:87tran.obj
 0002:00006422       _half                      10024422     libucrt:87tran.obj
 0002:0000646e       One                        1002446e     libucrt:87disp.obj
 0002:00006476       Three                      10024476     libucrt:87disp.obj
 0002:0000647e       XAMtoTagTab                1002447e     libucrt:87disp.obj
 0002:00006490       One                        10024490     libucrt:common.obj
 0002:000064a4       DblMax                     100244a4     libucrt:common.obj
 0002:000064ac       DblMin                     100244ac     libucrt:common.obj
 0002:000064b4       IeeeAdjO                   100244b4     libucrt:common.obj
 0002:000064bc       IeeeAdjU                   100244bc     libucrt:common.obj
 0002:000064c4       _infinity                  100244c4     libucrt:common.obj
 0002:000064cc       _zero                      100244cc     libucrt:common.obj
 0002:00006508       _over                      10024508     libucrt:fpctrl.obj
 0002:00006514       _under                     10024514     libucrt:fpctrl.obj
 0002:00006d48       ?_names@?1??_get_fname@@9@9 10024d48     libucrt:fpexcept.obj
 0002:000075b0       __sehtable$?_AtlVerifyStackAvailable@_ATL_SAFE_ALLOCA_IMPL@ATL@@YA_NK@Z 100255b0     MotionSensor.obj
 0002:000075d0       __sehtable$___scrt_is_nonwritable_in_current_image 100255d0     LIBCMT:utility.obj
 0002:000075ec       __ehfuncinfo$?__scrt_initialize_thread_safe_statics_platform_specific@@YAXXZ 100255ec     LIBCMT:thread_safe_statics.obj
 0002:00007610       __catchsym$??2@YAPAXIABUnothrow_t@std@@@Z$2 10025610     LIBCMT:new_scalar_nothrow.obj
 0002:00007620       __unwindtable$??2@YAPAXIABUnothrow_t@std@@@Z 10025620     LIBCMT:new_scalar_nothrow.obj
 0002:00007630       __tryblocktable$??2@YAPAXIABUnothrow_t@std@@@Z 10025630     LIBCMT:new_scalar_nothrow.obj
 0002:00007644       __ehfuncinfo$??2@YAPAXIABUnothrow_t@std@@@Z 10025644     LIBCMT:new_scalar_nothrow.obj
 0002:00007668       __sehtable$?dllmain_crt_process_attach@@YAHQAUHINSTANCE__@@QAX@Z 10025668     LIBCMT:dll_dllmain.obj
 0002:00007688       __sehtable$?dllmain_crt_process_detach@@YAH_N@Z 10025688     LIBCMT:dll_dllmain.obj
 0002:000076a8       __sehtable$?dllmain_dispatch@@YAHQAUHINSTANCE__@@KQAX@Z 100256a8     LIBCMT:dll_dllmain.obj
 0002:00007758       __sehtable$?FrameUnwindToState@__FrameHandler3@@SAXPAUEHRegistrationNode@@PAXPBU_s_FuncInfo@@H@Z 10025758     libvcruntime:frame.obj
 0002:00007780       __sehtable$?CallCatchBlock@@YAPAXPAUEHExceptionRecord@@PAUEHRegistrationNode@@PAU_CONTEXT@@PBU_s_FuncInfo@@PAXHK@Z 10025780     libvcruntime:frame.obj
 0002:000077a8       __catchsym$?CallUnexpected@@YAXPBU_s_ESTypeList@@@Z$2 100257a8     libvcruntime:frame.obj
 0002:000077b8       __unwindtable$?CallUnexpected@@YAXPBU_s_ESTypeList@@@Z 100257b8     libvcruntime:frame.obj
 0002:000077c8       __tryblocktable$?CallUnexpected@@YAXPBU_s_ESTypeList@@@Z 100257c8     libvcruntime:frame.obj
 0002:000077dc       __ehfuncinfo$?CallUnexpected@@YAXPBU_s_ESTypeList@@@Z 100257dc     libvcruntime:frame.obj
 0002:00007800       __sehtable$??$BuildCatchObjectHelperInternal@$$CBU_s_HandlerType@@@@YAHPAUEHExceptionRecord@@PAXPBU_s_HandlerType@@PBU_s_CatchableType@@@Z 10025800     libvcruntime:frame.obj
 0002:00007820       __sehtable$??$BuildCatchObjectInternal@$$CBU_s_HandlerType@@@@YAXPAUEHExceptionRecord@@PAXPBU_s_HandlerType@@PBU_s_CatchableType@@@Z 10025820     libvcruntime:frame.obj
 0002:00007878       __sehtable$___DestructExceptionObject 10025878     libvcruntime:ehhelpers.obj
 0002:00007898       __sehtable$??R<lambda_6e4b09c48022b2350581041d5f6b0c4c>@@QBE@XZ 10025898     libucrt:exit.obj
 0002:000078b8       __sehtable$??$?RV<lambda_03b1d95aef87969028cfba75ccab2455>@@AAV<lambda_6e4b09c48022b2350581041d5f6b0c4c>@@V<lambda_22bdf7517842c4b3e53723af5aa32b9e>@@@?$__crt_seh_guarded_call@X@@QAEX$$QAV<lambda_03b1d95aef87969028cfba75ccab2455>@@AAV<lambda_6e4b09c48022b2350581041d5f6b0c4c>@@$$QAV<lambda_22bdf7517842c4b3e53723af5aa32b9e>@@@Z 100258b8     libucrt:exit.obj
 0002:000078d8       __sehtable$??$?RV<lambda_8e746cf0007f6ed984d6f78af1fec997>@@AAV<lambda_22ebabd17bc4fa466a2aca6d8deb888d>@@V<lambda_18ed0c0b38a6dc0daf1e7ac6d6adf05e>@@@?$__crt_seh_guarded_call@H@@QAEH$$QAV<lambda_8e746cf0007f6ed984d6f78af1fec997>@@AAV<lambda_22ebabd17bc4fa466a2aca6d8deb888d>@@$$QAV<lambda_18ed0c0b38a6dc0daf1e7ac6d6adf05e>@@@Z 100258d8     libucrt:onexit.obj
 0002:000078f8       __sehtable$??$?RV<lambda_69a2805e680e0e292e8ba93315fe43a8>@@AAV<lambda_f03950bc5685219e0bcd2087efbe011e>@@V<lambda_03fcd07e894ec930e3f35da366ca99d6>@@@?$__crt_seh_guarded_call@H@@QAEH$$QAV<lambda_69a2805e680e0e292e8ba93315fe43a8>@@AAV<lambda_f03950bc5685219e0bcd2087efbe011e>@@$$QAV<lambda_03fcd07e894ec930e3f35da366ca99d6>@@@Z 100258f8     libucrt:onexit.obj
 0002:00007918       __sehtable$__query_new_handler 10025918     libucrt:new_handler.obj
 0002:00007938       __sehtable$_terminate      10025938     libucrt:terminate.obj
 0002:00007958       __sehtable$??$?RV<lambda_15ade71b0218206bbe3333a0c9b79046>@@AAV<lambda_da44e0f8b0f19ba52fefafb335991732>@@V<lambda_207f2d024fc103971653565357d6cd41>@@@?$__crt_seh_guarded_call@X@@QAEX$$QAV<lambda_15ade71b0218206bbe3333a0c9b79046>@@AAV<lambda_da44e0f8b0f19ba52fefafb335991732>@@$$QAV<lambda_207f2d024fc103971653565357d6cd41>@@@Z 10025958     libucrt:per_thread_data.obj
 0002:00007978       __sehtable$??$?RV<lambda_a7e850c220f1c8d1e6efeecdedd162c6>@@AAV<lambda_46720907175c18b6c9d2717bc0d2d362>@@V<lambda_9048902d66e8d99359bc9897bbb930a8>@@@?$__crt_seh_guarded_call@X@@QAEX$$QAV<lambda_a7e850c220f1c8d1e6efeecdedd162c6>@@AAV<lambda_46720907175c18b6c9d2717bc0d2d362>@@$$QAV<lambda_9048902d66e8d99359bc9897bbb930a8>@@@Z 10025978     libucrt:per_thread_data.obj
 0002:00007998       __sehtable$??$?RV<lambda_38edbb1296d33220d7e4dd0ed76b244a>@@AAV<lambda_5ce1d447e08cb34b2473517608e21441>@@V<lambda_fb385d3da700c9147fc39e65dd577a8c>@@@?$__crt_seh_guarded_call@X@@QAEX$$QAV<lambda_38edbb1296d33220d7e4dd0ed76b244a>@@AAV<lambda_5ce1d447e08cb34b2473517608e21441>@@$$QAV<lambda_fb385d3da700c9147fc39e65dd577a8c>@@@Z 10025998     libucrt:per_thread_data.obj
 0002:000079b8       __sehtable$??$?RV<lambda_6affb1475c98b40b75cdec977db92e3c>@@AAV<lambda_b8d4b9c228a6ecc3f80208dbb4b4a104>@@V<lambda_608742c3c92a14382c1684fc64f96c88>@@@?$__crt_seh_guarded_call@X@@QAEX$$QAV<lambda_6affb1475c98b40b75cdec977db92e3c>@@AAV<lambda_b8d4b9c228a6ecc3f80208dbb4b4a104>@@$$QAV<lambda_608742c3c92a14382c1684fc64f96c88>@@@Z 100259b8     libucrt:per_thread_data.obj
 0002:000079d8       __sehtable$??$?RV<lambda_e5124f882df8998aaf41531e079ba474>@@AAV<lambda_3e16ef9562a7dcce91392c22ab16ea36>@@V<lambda_e25ca0880e6ef98be67edffd8c599615>@@@?$__crt_seh_guarded_call@X@@QAEX$$QAV<lambda_e5124f882df8998aaf41531e079ba474>@@AAV<lambda_3e16ef9562a7dcce91392c22ab16ea36>@@$$QAV<lambda_e25ca0880e6ef98be67edffd8c599615>@@@Z 100259d8     libucrt:wsetlocale.obj
 0002:000079f8       __sehtable$___acrt_initialize_lowio 100259f8     libucrt:ioinit.obj
 0002:00007a18       __sehtable$?update_thread_multibyte_data_internal@@YAPAU__crt_multibyte_data@@QAU__acrt_ptd@@QAU1@@Z 10025a18     libucrt:mbctype.obj
 0002:00007a38       __sehtable$??$?RV<lambda_ceb1ee4838e85a9d631eb091e2fbe199>@@AAV<lambda_ae742caa10f662c28703da3d2ea5e57e>@@V<lambda_cd08b5d6af4937fe54fc07d0c9bf6b37>@@@?$__crt_seh_guarded_call@X@@QAEX$$QAV<lambda_ceb1ee4838e85a9d631eb091e2fbe199>@@AAV<lambda_ae742caa10f662c28703da3d2ea5e57e>@@$$QAV<lambda_cd08b5d6af4937fe54fc07d0c9bf6b37>@@@Z 10025a38     libucrt:mbctype.obj
 0002:00007a58       __sehtable$_raise          10025a58     libucrt:signal.obj
 0002:00007a78       __sehtable$??$?RV<lambda_cbab9ec6f41b0180b23cc171c22676b0>@@AAV<lambda_44731a7d0e6d81c3e6aa82d741081786>@@V<lambda_4b292cb8dd18144e164572427af410ab>@@@?$__crt_seh_guarded_call@P6AXH@Z@@QAEP6AXH@Z$$QAV<lambda_cbab9ec6f41b0180b23cc171c22676b0>@@AAV<lambda_44731a7d0e6d81c3e6aa82d741081786>@@$$QAV<lambda_4b292cb8dd18144e164572427af410ab>@@@Z 10025a78     libucrt:signal.obj
 0002:00007a98       __sehtable$___acrt_update_thread_locale_data 10025a98     libucrt:locale_refcounting.obj
 0002:00007ab8       __sehtable$__fcloseall     10025ab8     libucrt:closeall.obj
 0002:00007ad8       __sehtable$??$?RV<lambda_2866be3712abc81a800a822484c830d8>@@AAV<lambda_39ca0ed439415581b5b15c265174cece>@@V<lambda_2b24c74d71094a6cd0cb82e44167d71b>@@@?$__crt_seh_guarded_call@X@@QAEX$$QAV<lambda_2866be3712abc81a800a822484c830d8>@@AAV<lambda_39ca0ed439415581b5b15c265174cece>@@$$QAV<lambda_2b24c74d71094a6cd0cb82e44167d71b>@@@Z 10025ad8     libucrt:fflush.obj
 0002:00007af8       __sehtable$??$?RV<lambda_2cc53f568c5a2bb6f192f930a45d44ea>@@AAV<lambda_ab61a845afdef5b7c387490eaf3616ee>@@V<lambda_c2ffc0b7726aa6be21d5f0026187e748>@@@?$__crt_seh_guarded_call@X@@QAEX$$QAV<lambda_2cc53f568c5a2bb6f192f930a45d44ea>@@AAV<lambda_ab61a845afdef5b7c387490eaf3616ee>@@$$QAV<lambda_c2ffc0b7726aa6be21d5f0026187e748>@@@Z 10025af8     libucrt:fflush.obj
 0002:00007b18       __sehtable$___acrt_lowio_ensure_fh_exists 10025b18     libucrt:osfinfo.obj
 0002:00007b38       __sehtable$__write         10025b38     libucrt:write.obj
 0002:00007b58       __sehtable$_fclose         10025b58     libucrt:fclose.obj
 0002:00007b78       __sehtable$??$?RV<lambda_9e9de3de5fa147e2223d7db92bc10aa6>@@AAV<lambda_38ce7e780aa69e748d6df282ebc68efe>@@V<lambda_8ca6da459f0f6780f1cff60fdc3d00e5>@@@?$__crt_seh_guarded_call@H@@QAEH$$QAV<lambda_9e9de3de5fa147e2223d7db92bc10aa6>@@AAV<lambda_38ce7e780aa69e748d6df282ebc68efe>@@$$QAV<lambda_8ca6da459f0f6780f1cff60fdc3d00e5>@@@Z 10025b78     libucrt:commit.obj
 0002:00007b98       __sehtable$??$?RV<lambda_218ce3db14220d0be481dae8ef3383b6>@@AAV<lambda_628dfdc04ba53c8bfc02c9951375f3f5>@@V<lambda_57dc472bd5c9d5f3b2cbca59b8a843ae>@@@?$__crt_seh_guarded_call@H@@QAEH$$QAV<lambda_218ce3db14220d0be481dae8ef3383b6>@@AAV<lambda_628dfdc04ba53c8bfc02c9951375f3f5>@@$$QAV<lambda_57dc472bd5c9d5f3b2cbca59b8a843ae>@@@Z 10025b98     libucrt:close.obj
 0002:00007bb8       __sehtable$__IsNonwritableInCurrentImage 10025bb8     LIBCMT:pesect.obj
 0002:00007be0       .edata                     10025be0     OPOSMotionSensor.exp
 0002:00007c08       rgpv                       10025c08     OPOSMotionSensor.exp
 0002:00007c18       rgszName                   10025c18     OPOSMotionSensor.exp
 0002:00007c28       rgwOrd                     10025c28     OPOSMotionSensor.exp
 0002:00007c30       szName                     10025c30     OPOSMotionSensor.exp
 0002:00007c45       $N00001                    10025c45     OPOSMotionSensor.exp
 0002:00007c55       $N00002                    10025c55     OPOSMotionSensor.exp
 0002:00007c67       $N00003                    10025c67     OPOSMotionSensor.exp
 0002:00007c79       $N00004                    10025c79     OPOSMotionSensor.exp
 0002:00008294       .idata$6                   10026294     kernel32:KERNEL32.dll
 0002:000084a8       .idata$6                   100264a8     user32:USER32.dll
 0002:000085dc       .idata$6                   100265dc     gdi32:GDI32.dll
 0002:00008682       .idata$6                   10026682     advapi32:ADVAPI32.dll
 0002:0000879e       .idata$6                   1002679e     ole32:ole32.dll
 0002:000087a8       .idata$6                   100267a8     oleaut32:OLEAUT32.dll
 0003:00000110       ?ObjectMap@@3PAU_ATL_OBJMAP_ENTRY30@ATL@@A 10027110     MotionSensor.obj
 0003:000001bc       ?s_RequiredMethodsPerRelease@@3PAHA 100271bc     MotionSensorImpl.obj
 0003:000001c8       ?s_SOMethodNames@@3PAPADA  100271c8     MotionSensorImpl.obj
 0003:00000230       ?__vcrt_flsindex@@3KA      10027230     libvcruntime:per_thread_data.obj
 0003:00000250       ?errno_no_memory@@3HA      10027250     libucrt:errno.obj
 0003:00000254       ?doserrno_no_memory@@3KA   10027254     libucrt:errno.obj
 0003:00000260       ?__acrt_flsindex@@3KA      10027260     libucrt:per_thread_data.obj
 0003:000003d8       __mbctypes                 100273d8     libucrt:mbctype.obj
 0003:000004e0       __mbcasemaps               100274e0     libucrt:mbctype.obj
 0003:000005e0       ?__rgctypeflag@@3PADA      100275e0     libucrt:mbctype.obj
 0003:000005e8       ?__rgcode_page_info@@3PAUcode_page_info@@A 100275e8     libucrt:mbctype.obj
 0003:00000af0       ?is_initialized_as_dll@@3_NA 10027af0     LIBCMT:utility.obj
 0003:00000af1       ?module_local_atexit_table_initialized@@3_NA 10027af1     LIBCMT:utility.obj
 0003:00000af4       ?module_local_atexit_table@@3U_onexit_table_t@@A 10027af4     LIBCMT:utility.obj
 0003:00000b00       ?module_local_at_quick_exit_table@@3U_onexit_table_t@@A 10027b00     LIBCMT:utility.obj
 0003:00000b0c       ?_Tss_mutex@@3U_RTL_CRITICAL_SECTION@@A 10027b0c     LIBCMT:thread_safe_statics.obj
 0003:00000b24       ?_Tss_cv@@3U_RTL_CONDITION_VARIABLE@@A 10027b24     LIBCMT:thread_safe_statics.obj
 0003:00000b28       ?_Tss_event@@3PAXA         10027b28     LIBCMT:thread_safe_statics.obj
 0003:00000b2c       ?encoded_sleep_condition_variable_cs@@3P6GHPAU_RTL_CONDITION_VARIABLE@@PAU_RTL_CRITICAL_SECTION@@K@ZA 10027b2c     LIBCMT:thread_safe_statics.obj
 0003:00000b30       ?encoded_wake_all_condition_variable@@3P6GXPAU_RTL_CONDITION_VARIABLE@@@ZA 10027b30     LIBCMT:thread_safe_statics.obj
 0003:00000b38       _GS_ExceptionRecord        10027b38     LIBCMT:gs_report.obj
 0003:00000b88       _GS_ContextRecord          10027b88     LIBCMT:gs_report.obj
 0003:00000e58       ?__proc_attached@@3HA      10027e58     LIBCMT:dll_dllmain.obj
 0003:00000eb4       ?AllocateData@@3P6GPAUAtlThunkData_t@@XZA 10027eb4     atls:atlthunk.obj
 0003:00000eb8       ?InitData@@3P6GXPAUAtlThunkData_t@@PAXI@ZA 10027eb8     atls:atlthunk.obj
 0003:00000ebc       ?DataToCode@@3P6GP6GJPAUHWND__@@IIJ@ZPAUAtlThunkData_t@@@ZA 10027ebc     atls:atlthunk.obj
 0003:00000ec0       ?FreeData@@3P6GXPAUAtlThunkData_t@@@ZA 10027ec0     atls:atlthunk.obj
 0003:00000ec4       ?Initialized@@3_NA         10027ec4     atls:atlthunk.obj
 0003:00000ed0       ?__vcrt_startup_thread_ptd@@3U__vcrt_ptd@@A 10027ed0     libvcruntime:per_thread_data.obj
 0003:00000ef8       ___vcrt_lock_table         10027ef8     libvcruntime:locks.obj
 0003:00000f10       ___vcrt_locks_initialized  10027f10     libvcruntime:locks.obj
 0003:00000f14       ?module_handles@@3PAPAUHINSTANCE__@@A 10027f14     libvcruntime:winapi_downlevel.obj
 0003:00000f20       ?encoded_function_pointers@@3PAPAXA 10027f20     libvcruntime:winapi_downlevel.obj
 0003:00000f5c       ?heap@@3V_HeapManager@@A   10027f5c     libvcruntime:undname.obj
 0003:00000f74       ?__acrt_invalid_parameter_handler@@3V?$dual_state_global@P6AXPB_W00II@Z@__crt_state_management@@A 10027f74     libucrt:invalid_parameter.obj
 0003:00000f78       ?c_termination_complete@@3JA 10027f78     libucrt:exit.obj
 0003:00000f7c       ?thread_local_exit_callback_func@@3P6GXPAXK0@ZA 10027f7c     libucrt:exit.obj
 0003:00000f88       ?program_name@?1???$common_configure_argv@D@@YAHW4_crt_argv_mode@@@Z@4PADA 10027f88     libucrt:argv_parsing.obj
 0003:000010b8       ?__acrt_new_handler@@3V?$dual_state_global@P6AHI@Z@__crt_state_management@@A 100280b8     libucrt:new_handler.obj
 0003:000010c0       ?module_handles@@3PAPAUHINSTANCE__@@A 100280c0     libucrt:winapi_thunks.obj
 0003:00001110       ?encoded_function_pointers@@3PAPAXA 10028110     libucrt:winapi_thunks.obj
 0003:000011a0       ?enable_percent_n@@3IA     100281a0     libucrt:printf_count_output.obj
 0003:000013c0       ?__acrt_lock_table@@3PAU_RTL_CRITICAL_SECTION@@A 100283c0     libucrt:locks.obj
 0003:00001510       ?__acrt_locks_initialized@@3IA 10028510     libucrt:locks.obj
 0003:00001520       ?fSystemSet@@3HA           10028520     libucrt:mbctype.obj
 0003:00001524       ?initialized@?1??__acrt_initialize_multibyte@@9@4_NA 10028524     libucrt:mbctype.obj
 0003:00001544       ?ctrlc_action@@3V?$dual_state_global@P6AXH@Z@__crt_state_management@@A 10028544     libucrt:signal.obj
 0003:00001548       ?ctrlbreak_action@@3V?$dual_state_global@P6AXH@Z@__crt_state_management@@A 10028548     libucrt:signal.obj
 0003:0000154c       ?abort_action@@3V?$dual_state_global@P6AXH@Z@__crt_state_management@@A 1002854c     libucrt:signal.obj
 0003:00001550       ?term_action@@3V?$dual_state_global@P6AXH@Z@__crt_state_management@@A 10028550     libucrt:signal.obj
 0003:00001554       ?user_matherr@@3V?$dual_state_global@P6AHPAU_exception@@@Z@__crt_state_management@@A 10028554     libucrt:matherr.obj
 0003:00001558       ?__acrt_global_new_mode@@3V?$dual_state_global@J@__crt_state_management@@A 10028558     libucrt:new_mode.obj
 0003:00001564       ?__acrt_app_type@@3W4_crt_app_type@@A 10028564     libucrt:report_runtime_error.obj
 0003:0000156c       __pmatherr_set             1002856c     libucrt:libm_error.obj
 0004:00000220       $R000000                   10029220     MotionSensor.res
 0004:00000ba0       $R000980                   10029ba0     MotionSensor.res
 0004:00000c88       $R000A68                   10029c88     MotionSensor.res
 0004:00000ef0       $R000CD0                   10029ef0     MotionSensor.res
 0004:000013d0       $R0011B0                   1002a3d0     MotionSensor.res
 0004:00003710       $R0034F0                   1002c710     MotionSensor.res
 0004:00003748       $R003528                   1002c748     MotionSensor.res
