 OPOSBiometrics

 Timestamp is 5b863c8c (Wed Aug 29 15:26:20 2018)

 Preferred load address is 10000000

 Start         Length     Name                   Class
 0001:00000000 00000080H .text$di                CODE
 0001:00000080 0001d7cbH .text$mn                CODE
 0001:0001d84b 00000051H .text$x                 CODE
 0001:0001d89c 00000042H .text$yd                CODE
 0002:00000000 00000300H .idata$5                DATA
 0002:00000300 00000004H .00cfg                  DATA
 0002:00000304 00000004H .CRT$XCA                DATA
 0002:00000308 00000004H .CRT$XCL                DATA
 0002:0000030c 00000010H .CRT$XCU                DATA
 0002:0000031c 00000004H .CRT$XCZ                DATA
 0002:00000320 00000004H .CRT$XIA                DATA
 0002:00000324 00000010H .CRT$XIC                DATA
 0002:00000334 00000004H .CRT$XIZ                DATA
 0002:00000338 00000004H .CRT$XLA                DATA
 0002:0000033c 00000004H .CRT$XLZ                DATA
 0002:00000340 00000004H .CRT$XPA                DATA
 0002:00000344 00000008H .CRT$XPX                DATA
 0002:0000034c 00000004H .CRT$XPXA               DATA
 0002:00000350 00000004H .CRT$XPZ                DATA
 0002:00000354 00000004H .CRT$XTA                DATA
 0002:00000358 00000008H .CRT$XTZ                DATA
 0002:0000035c 00000000H .gfids$y                DATA
 0002:00000360 00006e28H .rdata                  DATA
 0002:00007188 00000018H .rdata$T                DATA
 0002:000071a0 00000180H .rdata$r                DATA
 0002:00007320 00000020H .rdata$sxdata           DATA
 0002:00007340 000003e0H .rdata$zzzdbg           DATA
 0002:00007720 00000004H .rtc$IAA                DATA
 0002:00007724 00000004H .rtc$IZZ                DATA
 0002:00007728 00000004H .rtc$TAA                DATA
 0002:0000772c 00000004H .rtc$TZZ                DATA
 0002:00007730 00000004H .tls                    DATA
 0002:00007734 00000004H .tls$                   DATA
 0002:00007738 00000008H .tls$ZZZ                DATA
 0002:00007740 00000624H .xdata$x                DATA
 0002:00007d64 00000004H ATL$__a                 DATA
 0002:00007d68 00000008H ATL$__z                 DATA
 0002:00007d70 000000acH .edata                  DATA
 0002:00007e1c 00000078H .idata$2                DATA
 0002:00007e94 00000014H .idata$3                DATA
 0002:00007ea8 00000300H .idata$4                DATA
 0002:000081a8 00000bc0H .idata$6                DATA
 0003:00000000 00000990H .data                   DATA
 0003:00000990 00000098H .data$r                 DATA
 0003:00000a28 00000b68H .bss                    DATA
 0004:00000000 00000220H .rsrc$01                DATA
 0004:00000220 00004830H .rsrc$02                DATA

  Address         Publics by Value              Rva+Base       Lib:Object

 0000:00000000       ___guard_iat_count         00000000     <absolute>
 0000:00000000       ___dynamic_value_reloc_table 00000000     <absolute>
 0000:00000000       ___guard_longjmp_table     00000000     <absolute>
 0000:00000000       ___guard_longjmp_count     00000000     <absolute>
 0000:00000000       ___hybrid_code_map_count   00000000     <absolute>
 0000:00000000       __except_list              00000000     <absolute>
 0000:00000000       ___guard_fids_table        00000000     <absolute>
 0000:00000000       ___hybrid_auxiliary_iat    00000000     <absolute>
 0000:00000000       ___guard_fids_count        00000000     <absolute>
 0000:00000000       ___guard_iat_table         00000000     <absolute>
 0000:00000000       ___volatile_metadata       00000000     <absolute>
 0000:00000000       ___enclave_config          00000000     <absolute>
 0000:00000000       ___hybrid_code_map         00000000     <absolute>
 0000:00000008       ___safe_se_handler_count   00000008     <absolute>
 0000:0000002c       __tls_array                0000002c     <absolute>
 0000:00000100       ___guard_flags             00000100     <absolute>
 0000:00000000       ___ImageBase               10000000     <linker-defined>
 0001:00000080       ?DupWide@_CW@@AAEXXZ       10001080 f   CWString.obj
 0001:0000009c       ?cw_dup@@YGXPBDAAHAAPA_W1@Z 1000109c f   CWString.obj
 0001:0000010b       ?cw_memcpy@@YGHPA_WPBDH@Z  1000110b f   CWString.obj
 0001:00000137       ?cw_strcpy@@YAHPA_WPBD@Z   10001137 f   CWString.obj
 0001:0000014a       ?cw_strlen@@YAHPBD@Z       1000114a f   CWString.obj
 0001:00000163       ??0CAtlComModule@ATL@@QAE@XZ 10001163 f i OposVariant.obj
 0001:000001a8       ??0CAtlWinModule@ATL@@QAE@XZ 100011a8 f i OposVariant.obj
 0001:000001df       ??0OposDispParms@@QAE@PAVOposVariant@@H@Z 100011df f   OposVariant.obj
 0001:00000250       ??1OposDispParms@@QAE@XZ   10001250 f   OposVariant.obj
 0001:0000025e       ??A?$CSimpleArray@GV?$CSimpleArrayEqualHelper@G@ATL@@@ATL@@QAEAAGH@Z 1000125e f i OposVariant.obj
 0001:00000283       ??_Estringdispid@CComTypeInfoHolder@ATL@@QAEPAXI@Z 10001283 f i OposVariant.obj
 0001:000002ef       ?AtlWinModuleInit@ATL@@YGJPAU_ATL_WIN_MODULE70@1@@Z 100012ef f i OposVariant.obj
 0001:00000315       ?AtlWinModuleTerm@ATL@@YGJPAU_ATL_WIN_MODULE70@1@PAUHINSTANCE__@@@Z 10001315 f i OposVariant.obj
 0001:00000378       ?ChangeBSTR@OposVariant@@QAEXPAPA_WAAJ@Z 10001378 f   OposVariant.obj
 0001:000003b9       ?ChangeLONG@OposVariant@@QAEXPAJAAJ@Z 100013b9 f   OposVariant.obj
 0001:000003fa       ?GetLONG@OposVariant@@QAEJXZ 100013fa f   OposVariant.obj
 0001:00000415       ?Init@CComCriticalSection@ATL@@QAEJXZ 10001415 f i OposVariant.obj
 0001:0000043c       ?RemoveAll@?$CSimpleArray@GV?$CSimpleArrayEqualHelper@G@ATL@@@ATL@@QAEXXZ 1000143c f i OposVariant.obj
 0001:0000043c       ?RemoveAll@?$CSimpleArray@PAUHINSTANCE__@@V?$CSimpleArrayEqualHelper@PAUHINSTANCE__@@@ATL@@@ATL@@QAEXXZ 1000143c f i atls:atlbase.obj
 0001:00000459       ?SetBSTR@OposVariant@@QAEXPA_WAAJ@Z 10001459 f   OposVariant.obj
 0001:0000048d       ?SetBSTR_Copy@OposVariant@@QAEXPA_WAAJ@Z 1000148d f   OposVariant.obj
 0001:000004dd       ?SetBSTR_InOutPtr@OposVariant@@QAE_NPAPA_WAAJ@Z 100014dd f   OposVariant.obj
 0001:00000514       ?SetDispatch_Ptr@OposVariant@@QAEXPAUIDispatch@@AAJ@Z 10001514 f   OposVariant.obj
 0001:0000054f       ?SetLONG@OposVariant@@QAEXJ@Z 1000154f f   OposVariant.obj
 0001:00000571       ?SetLONG_Ptr@OposVariant@@QAEXPAJAAJ@Z 10001571 f   OposVariant.obj
 0001:000005a4       ?SetString@OposVariant@@QAEXPB_WAAJ@Z 100015a4 f   OposVariant.obj
 0001:000005ea       ?SetVARIANT@OposVariant@@QAEXAAUtagVARIANT@@GAAJ@Z 100015ea f   OposVariant.obj
 0001:00000631       ?SetVARIANT_BOOL@OposVariant@@QAEXF@Z 10001631 f   OposVariant.obj
 0001:0000065b       ?SetVARIANT_BOOL_Ptr@OposVariant@@QAEXPAFAAJ@Z 1000165b f   OposVariant.obj
 0001:0000068e       ?SetVARIANT_Ptr@OposVariant@@QAEXAAPAUtagVARIANT@@GAAJ@Z 1000168e f   OposVariant.obj
 0001:000006dc       ?Term@CAtlComModule@ATL@@QAEXXZ 100016dc f i OposVariant.obj
 0001:00000726       ?_AtlRaiseException@ATL@@YAXKK@Z 10001726 f i OposVariant.obj
 0001:0000073b       ?GetWindow@?$IOleInPlaceActiveObjectImpl@VCOPOSBiometrics@@@ATL@@UAGJPAPAUHWND__@@@Z 1000173b f i Biometrics.obj
 0001:00000788       ?ContextSensitiveHelp@?$IOleInPlaceActiveObjectImpl@VCOPOSBiometrics@@@ATL@@UAGJH@Z 10001788 f i Biometrics.obj
 0001:00000788       ?Unfreeze@?$IViewObjectExImpl@VCOPOSBiometrics@@@ATL@@UAGJK@Z 10001788 f i Biometrics.obj
 0001:00000788       ?GetControlInfo@?$IOleControlImpl@VCOPOSBiometrics@@@ATL@@UAGJPAUtagCONTROLINFO@@@Z 10001788 f i Biometrics.obj
 0001:00000788       ?ContextSensitiveHelp@?$IOleInPlaceObjectWindowlessImpl@VCOPOSBiometrics@@@ATL@@UAGJH@Z 10001788 f i Biometrics.obj
 0001:00000788       ?GetDropTarget@?$IOleInPlaceObjectWindowlessImpl@VCOPOSBiometrics@@@ATL@@UAGJPAPAUIDropTarget@@@Z 10001788 f i Biometrics.obj
 0001:00000788       ?OnMnemonic@?$IOleControlImpl@VCOPOSBiometrics@@@ATL@@UAGJPAUtagMSG@@@Z 10001788 f i Biometrics.obj
 0001:00000788       ?SetColorScheme@?$IOleObjectImpl@VCOPOSBiometrics@@@ATL@@UAGJPAUtagLOGPALETTE@@@Z 10001788 f i Biometrics.obj
 0001:00000788       ?SOOutputCompleteDummy@COPOSBiometrics@@MAGJJ@Z 10001788 f i Biometrics.obj
 0001:00000788       ?QueryGetData@?$IDataObjectImpl@VCOPOSBiometrics@@@ATL@@UAGJPAUtagFORMATETC@@@Z 10001788 f i Biometrics.obj
 0001:00000790       ?TranslateAcceleratorW@?$IOleInPlaceActiveObjectImpl@VCOPOSBiometrics@@@ATL@@UAGJPAUtagMSG@@@Z 10001790 f i Biometrics.obj
 0001:0000082e       ?EnableModeless@?$IOleInPlaceActiveObjectImpl@VCOPOSBiometrics@@@ATL@@UAGJH@Z 1000182e f i Biometrics.obj
 0001:0000082e       ?OnAmbientPropertyChange@?$IOleControlImpl@VCOPOSBiometrics@@@ATL@@UAGJJ@Z 1000182e f i Biometrics.obj
 0001:0000082e       ?OnFrameWindowActivate@?$IOleInPlaceActiveObjectImpl@VCOPOSBiometrics@@@ATL@@UAGJH@Z 1000182e f i Biometrics.obj
 0001:0000082e       ?SaveCompleted@?$IPersistStorageImpl@VCOPOSBiometrics@@@ATL@@UAGJPAUIStorage@@@Z 1000182e f i Biometrics.obj
 0001:00000833       ?OnDocWindowActivate@?$IOleInPlaceActiveObjectImpl@VCOPOSBiometrics@@@ATL@@UAGJH@Z 10001833 f i Biometrics.obj
 0001:00000855       ?ResizeBorder@?$IOleInPlaceActiveObjectImpl@VCOPOSBiometrics@@@ATL@@UAGJPBUtagRECT@@PAUIOleInPlaceUIWindow@@H@Z 10001855 f i Biometrics.obj
 0001:0000085a       ?Draw@?$IViewObjectExImpl@VCOPOSBiometrics@@@ATL@@UAGJKJPAXPAUtagDVTARGETDEVICE@@PAUHDC__@@2PBU_RECTL@@3P6GHK@ZK@Z 1000185a f i Biometrics.obj
 0001:0000088c       ?GetColorSet@?$IViewObjectExImpl@VCOPOSBiometrics@@@ATL@@UAGJKJPAXPAUtagDVTARGETDEVICE@@PAUHDC__@@PAPAUtagLOGPALETTE@@@Z 1000188c f i Biometrics.obj
 0001:00000894       ?Freeze@?$IViewObjectExImpl@VCOPOSBiometrics@@@ATL@@UAGJKJPAXPAK@Z 10001894 f i Biometrics.obj
 0001:0000089c       ?SetAdvise@?$IViewObjectExImpl@VCOPOSBiometrics@@@ATL@@UAGJKKPAUIAdviseSink@@@Z 1000189c f i Biometrics.obj
 0001:000008bb       ?GetAdvise@?$IViewObjectExImpl@VCOPOSBiometrics@@@ATL@@UAGJPAK0PAPAUIAdviseSink@@@Z 100018bb f i Biometrics.obj
 0001:000008f0       ?GetExtent@?$IViewObjectExImpl@VCOPOSBiometrics@@@ATL@@UAGJKJPAUtagDVTARGETDEVICE@@PAUtagSIZE@@@Z 100018f0 f i Biometrics.obj
 0001:00000921       ?GetRect@?$IViewObjectExImpl@VCOPOSBiometrics@@@ATL@@UAGJKPAU_RECTL@@@Z 10001921 f i Biometrics.obj
 0001:00000921       ?QueryInterface@CRegObject@ATL@@UAGJABU_GUID@@PAPAX@Z 10001921 f i Biometrics.obj
 0001:00000921       ?GetDataHere@?$IDataObjectImpl@VCOPOSBiometrics@@@ATL@@UAGJPAUtagFORMATETC@@PAUtagSTGMEDIUM@@@Z 10001921 f i Biometrics.obj
 0001:00000921       ?GetCanonicalFormatEtc@?$IDataObjectImpl@VCOPOSBiometrics@@@ATL@@UAGJPAUtagFORMATETC@@0@Z 10001921 f i Biometrics.obj
 0001:00000921       ?SetMoniker@?$IOleObjectImpl@VCOPOSBiometrics@@@ATL@@UAGJKPAUIMoniker@@@Z 10001921 f i Biometrics.obj
 0001:00000921       ?EnumFormatEtc@?$IDataObjectImpl@VCOPOSBiometrics@@@ATL@@UAGJKPAPAUIEnumFORMATETC@@@Z 10001921 f i Biometrics.obj
 0001:00000921       ?GetClipboardData@?$IOleObjectImpl@VCOPOSBiometrics@@@ATL@@UAGJKPAPAUIDataObject@@@Z 10001921 f i Biometrics.obj
 0001:00000929       ?GetViewStatus@?$IViewObjectExImpl@VCOPOSBiometrics@@@ATL@@UAGJPAK@Z 10001929 f i Biometrics.obj
 0001:00000946       ?QueryHitPoint@?$IViewObjectExImpl@VCOPOSBiometrics@@@ATL@@UAGJKPBUtagRECT@@UtagPOINT@@JPAK@Z 10001946 f i Biometrics.obj
 0001:00000987       ?QueryHitRect@?$IViewObjectExImpl@VCOPOSBiometrics@@@ATL@@UAGJKPBUtagRECT@@0JPAK@Z 10001987 f i Biometrics.obj
 0001:000009e2       ?GetNaturalExtent@?$IViewObjectExImpl@VCOPOSBiometrics@@@ATL@@UAGJKJPAUtagDVTARGETDEVICE@@PAUHDC__@@PAUtagExtentInfo@@PAUtagSIZE@@@Z 100019e2 f i Biometrics.obj
 0001:00000a2d       ?GetWindow@?$IOleInPlaceObjectWindowlessImpl@VCOPOSBiometrics@@@ATL@@UAGJPAPAUHWND__@@@Z 10001a2d f i Biometrics.obj
 0001:00000a7a       ?InPlaceDeactivate@?$IOleInPlaceObjectWindowlessImpl@VCOPOSBiometrics@@@ATL@@UAGJXZ 10001a7a f i Biometrics.obj
 0001:00000a94       ?UIDeactivate@?$IOleInPlaceObjectWindowlessImpl@VCOPOSBiometrics@@@ATL@@UAGJXZ 10001a94 f i Biometrics.obj
 0001:00000aae       ?SetObjectRects@?$IOleInPlaceObjectWindowlessImpl@VCOPOSBiometrics@@@ATL@@UAGJPBUtagRECT@@0@Z 10001aae f i Biometrics.obj
 0001:00000ace       ?ReactivateAndUndo@?$IOleInPlaceObjectWindowlessImpl@VCOPOSBiometrics@@@ATL@@UAGJXZ 10001ace f i Biometrics.obj
 0001:00000ad6       ?OnWindowMessage@?$IOleInPlaceObjectWindowlessImpl@VCOPOSBiometrics@@@ATL@@UAGJIIJPAJ@Z 10001ad6 f i Biometrics.obj
 0001:00000b46       ?EnumConnectionPoints@?$IConnectionPointContainerImpl@VCOPOSBiometrics@@@ATL@@UAGJPAPAUIEnumConnectionPoints@@@Z 10001b46 f i Biometrics.obj
 0001:00000cc0       ?FindConnectionPoint@?$IConnectionPointContainerImpl@VCOPOSBiometrics@@@ATL@@UAGJABU_GUID@@PAPAUIConnectionPoint@@@Z 10001cc0 f i Biometrics.obj
 0001:00000d63       ?GetUserClassID@?$IOleObjectImpl@VCOPOSBiometrics@@@ATL@@UAGJPAU_GUID@@@Z 10001d63 f i Biometrics.obj
 0001:00000d63       ?GetClassID@?$IPersistStorageImpl@VCOPOSBiometrics@@@ATL@@UAGJPAU_GUID@@@Z 10001d63 f i Biometrics.obj
 0001:00000d63       ?GetClassID@?$IPersistStreamInitImpl@VCOPOSBiometrics@@@ATL@@UAGJPAU_GUID@@@Z 10001d63 f i Biometrics.obj
 0001:00000d87       ?IsDirty@?$IPersistStorageImpl@VCOPOSBiometrics@@@ATL@@UAGJXZ 10001d87 f i Biometrics.obj
 0001:00000dbb       ?InitNew@?$IPersistStorageImpl@VCOPOSBiometrics@@@ATL@@UAGJPAUIStorage@@@Z 10001dbb f i Biometrics.obj
 0001:00000def       ?Load@?$IPersistStorageImpl@VCOPOSBiometrics@@@ATL@@UAGJPAUIStorage@@@Z 10001def f i Biometrics.obj
 0001:00000e5b       ?Save@?$IPersistStorageImpl@VCOPOSBiometrics@@@ATL@@UAGJPAUIStorage@@H@Z 10001e5b f i Biometrics.obj
 0001:00000ece       ?Release@CRegObject@ATL@@UAGKXZ 10001ece f i Biometrics.obj
 0001:00000ece       ?Update@?$IOleObjectImpl@VCOPOSBiometrics@@@ATL@@UAGJXZ 10001ece f i Biometrics.obj
 0001:00000ece       ?HandsOffStorage@?$IPersistStorageImpl@VCOPOSBiometrics@@@ATL@@UAGJXZ 10001ece f i Biometrics.obj
 0001:00000ece       ?IsUpToDate@?$IOleObjectImpl@VCOPOSBiometrics@@@ATL@@UAGJXZ 10001ece f i Biometrics.obj
 0001:00000ed3       ?GetPages@?$ISpecifyPropertyPagesImpl@VCOPOSBiometrics@@@ATL@@UAGJPAUtagCAUUID@@@Z 10001ed3 f i Biometrics.obj
 0001:00000eea       ?QuickActivate@?$IQuickActivateImpl@VCOPOSBiometrics@@@ATL@@UAGJPAUtagQACONTAINER@@PAUtagQACONTROL@@@Z 10001eea f i Biometrics.obj
 0001:00000f0d       ?SetContentExtent@?$IQuickActivateImpl@VCOPOSBiometrics@@@ATL@@UAGJPAUtagSIZE@@@Z 10001f0d f i Biometrics.obj
 0001:00000f39       ?GetContentExtent@?$IQuickActivateImpl@VCOPOSBiometrics@@@ATL@@UAGJPAUtagSIZE@@@Z 10001f39 f i Biometrics.obj
 0001:00000f59       ?GetData@?$IDataObjectImpl@VCOPOSBiometrics@@@ATL@@UAGJPAUtagFORMATETC@@PAUtagSTGMEDIUM@@@Z 10001f59 f i Biometrics.obj
 0001:00000f7c       ?SetData@?$IDataObjectImpl@VCOPOSBiometrics@@@ATL@@UAGJPAUtagFORMATETC@@PAUtagSTGMEDIUM@@H@Z 10001f7c f i Biometrics.obj
 0001:00000f7c       ?GetMoniker@?$IOleObjectImpl@VCOPOSBiometrics@@@ATL@@UAGJKKPAPAUIMoniker@@@Z 10001f7c f i Biometrics.obj
 0001:00000f7c       ?InitFromData@?$IOleObjectImpl@VCOPOSBiometrics@@@ATL@@UAGJPAUIDataObject@@HK@Z 10001f7c f i Biometrics.obj
 0001:00000f84       ?DAdvise@?$IDataObjectImpl@VCOPOSBiometrics@@@ATL@@UAGJPAUtagFORMATETC@@KPAUIAdviseSink@@PAK@Z 10001f84 f i Biometrics.obj
 0001:00000fc5       ?DUnadvise@?$IDataObjectImpl@VCOPOSBiometrics@@@ATL@@UAGJK@Z 10001fc5 f i Biometrics.obj
 0001:00000ff3       ?EnumDAdvise@?$IDataObjectImpl@VCOPOSBiometrics@@@ATL@@UAGJPAPAUIEnumSTATDATA@@@Z 10001ff3 f i Biometrics.obj
 0001:00001032       ?GetClassInfoW@?$IProvideClassInfo2Impl@$1?CLSID_OPOSBiometrics@@3U_GUID@@B$1?DIID__IOPOSBiometricsEvents@@3U2@B$1?LIBID_OposBiometrics_CCO@@3U2@B$00$0A@VCComTypeInfoHolder@ATL@@@ATL@@UAGJPAPAUITypeInfo@@@Z 10002032 f i Biometrics.obj
 0001:00001048       ?GetGUID@?$IProvideClassInfo2Impl@$1?CLSID_OPOSBiometrics@@3U_GUID@@B$1?DIID__IOPOSBiometricsEvents@@3U2@B$1?LIBID_OposBiometrics_CCO@@3U2@B$00$0A@VCComTypeInfoHolder@ATL@@@ATL@@UAGJKPAU_GUID@@@Z 10002048 f i Biometrics.obj
 0001:00001086       __get_startup_argv_mode    10002086 f i LIBCMT:argv_mode.obj
 0001:00001086       ?FAccessAllowed@?$IObjectSafetyImpl@VCOPOSBiometrics@@$02@ATL@@MAEHXZ 10002086 f i Biometrics.obj
 0001:0000108a       ?GetInterfaceSafetyOptions@?$IObjectSafetyImpl@VCOPOSBiometrics@@$02@ATL@@UAGJABU_GUID@@PAK1@Z 1000208a f i Biometrics.obj
 0001:000010fe       ?SetInterfaceSafetyOptions@?$IObjectSafetyImpl@VCOPOSBiometrics@@$02@ATL@@UAGJABU_GUID@@KK@Z 100020fe f i Biometrics.obj
 0001:00001178       ?_LocCPQueryInterface@?$IConnectionPointImpl@VCOPOSBiometrics@@$1?DIID__IOPOSBiometricsEvents@@3U_GUID@@BVCComDynamicUnkArray@ATL@@@ATL@@UAGJABU_GUID@@PAPAX@Z 10002178 f i Biometrics.obj
 0001:00001178       ?_LocCPQueryInterface@?$IConnectionPointImpl@VCOPOSBiometrics@@$1?IID_IPropertyNotifySink@@3U_GUID@@BVCComDynamicUnkArray@ATL@@@ATL@@UAGJABU_GUID@@PAPAX@Z 10002178 f i Biometrics.obj
 0001:000011c5       ?GetConnectionInterface@?$IConnectionPointImpl@VCOPOSBiometrics@@$1?IID_IPropertyNotifySink@@3U_GUID@@BVCComDynamicUnkArray@ATL@@@ATL@@UAGJPAU_GUID@@@Z 100021c5 f i Biometrics.obj
 0001:000011e9       ?GetConnectionPointContainer@?$IConnectionPointImpl@VCOPOSBiometrics@@$1?IID_IPropertyNotifySink@@3U_GUID@@BVCComDynamicUnkArray@ATL@@@ATL@@UAGJPAPAUIConnectionPointContainer@@@Z 100021e9 f i Biometrics.obj
 0001:0000120c       ?Advise@?$IConnectionPointImpl@VCOPOSBiometrics@@$1?DIID__IOPOSBiometricsEvents@@3U_GUID@@BVCComDynamicUnkArray@ATL@@@ATL@@UAGJPAUIUnknown@@PAK@Z 1000220c f i Biometrics.obj
 0001:0000120c       ?Advise@?$IConnectionPointImpl@VCOPOSBiometrics@@$1?IID_IPropertyNotifySink@@3U_GUID@@BVCComDynamicUnkArray@ATL@@@ATL@@UAGJPAUIUnknown@@PAK@Z 1000220c f i Biometrics.obj
 0001:000012ad       ?Unadvise@?$IConnectionPointImpl@VCOPOSBiometrics@@$1?DIID__IOPOSBiometricsEvents@@3U_GUID@@BVCComDynamicUnkArray@ATL@@@ATL@@UAGJK@Z 100022ad f i Biometrics.obj
 0001:000012ad       ?Unadvise@?$IConnectionPointImpl@VCOPOSBiometrics@@$1?IID_IPropertyNotifySink@@3U_GUID@@BVCComDynamicUnkArray@ATL@@@ATL@@UAGJK@Z 100022ad f i Biometrics.obj
 0001:000012ed       ?EnumConnections@?$IConnectionPointImpl@VCOPOSBiometrics@@$1?IID_IPropertyNotifySink@@3U_GUID@@BVCComDynamicUnkArray@ATL@@@ATL@@UAGJPAPAUIEnumConnections@@@Z 100022ed f i Biometrics.obj
 0001:000012ed       ?EnumConnections@?$IConnectionPointImpl@VCOPOSBiometrics@@$1?DIID__IOPOSBiometricsEvents@@3U_GUID@@BVCComDynamicUnkArray@ATL@@@ATL@@UAGJPAPAUIEnumConnections@@@Z 100022ed f i Biometrics.obj
 0001:000013f3       ?GetObjectDescription@?$CComCoClass@VCOPOSBiometrics@@$1?CLSID_OPOSBiometrics@@3U_GUID@@B@ATL@@SGPB_WXZ 100023f3 f i Biometrics.obj
 0001:000013f3       ?GetCategoryMap@CComObjectRootBase@ATL@@SAPBU_ATL_CATMAP_ENTRY@2@XZ 100023f3 f i Biometrics.obj
 0001:000013f6       ?GetConnectionInterface@?$IConnectionPointImpl@VCOPOSBiometrics@@$1?DIID__IOPOSBiometricsEvents@@3U_GUID@@BVCComDynamicUnkArray@ATL@@@ATL@@UAGJPAU_GUID@@@Z 100023f6 f i Biometrics.obj
 0001:0000141a       ?GetConnectionPointContainer@?$IConnectionPointImpl@VCOPOSBiometrics@@$1?DIID__IOPOSBiometricsEvents@@3U_GUID@@BVCComDynamicUnkArray@ATL@@@ATL@@UAGJPAPAUIConnectionPointContainer@@@Z 1000241a f i Biometrics.obj
 0001:0000143d       ?UpdateRegistry@COPOSBiometrics@@SGJH@Z 1000243d f i Biometrics.obj
 0001:00001455       ?ProcessWindowMessage@COPOSBiometrics@@UAEHPAUHWND__@@IIJAAJK@Z 10002455 f i Biometrics.obj
 0001:0000149e       ?SOData@COPOSBiometrics@@MAGJJ@Z 1000249e f i Biometrics.obj
 0001:000014d7       ?SODirectIO@COPOSBiometrics@@MAGJJPAJPAPA_W@Z 100024d7 f i Biometrics.obj
 0001:00001520       ?SOError@COPOSBiometrics@@MAGJJJJPAJ@Z 10002520 f i Biometrics.obj
 0001:00001575       ?SOStatusUpdate@COPOSBiometrics@@MAGJJ@Z 10002575 f i Biometrics.obj
 0001:000015ae       ?AddRef@CRegObject@ATL@@UAGKXZ 100025ae f i Biometrics.obj
 0001:000015b4       ?AddReplacement@CRegObject@ATL@@UAGJPB_W0@Z 100025b4 f i Biometrics.obj
 0001:000015ed       ?ClearReplacements@CRegObject@ATL@@UAGJXZ 100025ed f i Biometrics.obj
 0001:000015ff       ??_ECRegObject@ATL@@UAEPAXI@Z 100025ff f i Biometrics.obj
 0001:000015ff       ??_GCRegObject@ATL@@UAEPAXI@Z 100025ff f i Biometrics.obj
 0001:00001621       ?CreateInstance@?$CComCreator@V?$CComObjectCached@VCComClassFactory@ATL@@@ATL@@@ATL@@SGJPAXABU_GUID@@PAPAX@Z 10002621 f i Biometrics.obj
 0001:000016b4       ?CreateInstance@?$CComCreator2@V?$CComCreator@V?$CComObject@VCOPOSBiometrics@@@ATL@@@ATL@@V?$CComCreator@V?$CComAggObject@VCOPOSBiometrics@@@ATL@@@2@@ATL@@SGJPAXABU_GUID@@PAPAX@Z 100026b4 f i Biometrics.obj
 0001:000016d4       ?Next@?$CComEnumImpl@UIEnumConnectionPoints@@$1?_GUID_b196b285_bab4_101a_b69c_00aa00341d07@@3U__s_GUID@@BPAUIConnectionPoint@@V?$_CopyInterface@UIConnectionPoint@@@ATL@@@ATL@@UAGJKPAPAUIConnectionPoint@@PAK@Z 100026d4 f i Biometrics.obj
 0001:000017ab       ?Skip@?$CComEnumImpl@UIEnumConnectionPoints@@$1?_GUID_b196b285_bab4_101a_b69c_00aa00341d07@@3U__s_GUID@@BPAUIConnectionPoint@@V?$_CopyInterface@UIConnectionPoint@@@ATL@@@ATL@@UAGJK@Z 100027ab f i Biometrics.obj
 0001:000017d8       ?Reset@?$CComEnumImpl@UIEnumConnections@@$1?_GUID_b196b287_bab4_101a_b69c_00aa00341d07@@3U__s_GUID@@BUtagCONNECTDATA@@V?$_Copy@UtagCONNECTDATA@@@ATL@@@ATL@@UAGJXZ 100027d8 f i Biometrics.obj
 0001:000017d8       ?Reset@?$CComEnumImpl@UIEnumConnectionPoints@@$1?_GUID_b196b285_bab4_101a_b69c_00aa00341d07@@3U__s_GUID@@BPAUIConnectionPoint@@V?$_CopyInterface@UIConnectionPoint@@@ATL@@@ATL@@UAGJXZ 100027d8 f i Biometrics.obj
 0001:000017ea       ?Clone@?$CComEnumImpl@UIEnumConnectionPoints@@$1?_GUID_b196b285_bab4_101a_b69c_00aa00341d07@@3U__s_GUID@@BPAUIConnectionPoint@@V?$_CopyInterface@UIConnectionPoint@@@ATL@@@ATL@@UAGJPAPAUIEnumConnectionPoints@@@Z 100027ea f i Biometrics.obj
 0001:000018c9       ?AddRef@?$CComObject@V?$CComEnum@UIEnumConnections@@$1?_GUID_b196b287_bab4_101a_b69c_00aa00341d07@@3U__s_GUID@@BUtagCONNECTDATA@@V?$_Copy@UtagCONNECTDATA@@@ATL@@VCComSingleThreadModel@6@@ATL@@@ATL@@UAGKXZ 100028c9 f i Biometrics.obj
 0001:000018c9       ?AddRef@?$CComObject@V?$CComEnum@UIEnumConnectionPoints@@$1?_GUID_b196b285_bab4_101a_b69c_00aa00341d07@@3U__s_GUID@@BPAUIConnectionPoint@@V?$_CopyInterface@UIConnectionPoint@@@ATL@@VCComSingleThreadModel@6@@ATL@@@ATL@@UAGKXZ 100028c9 f i Biometrics.obj
 0001:000018da       ?Release@?$CComObject@V?$CComEnum@UIEnumConnectionPoints@@$1?_GUID_b196b285_bab4_101a_b69c_00aa00341d07@@3U__s_GUID@@BPAUIConnectionPoint@@V?$_CopyInterface@UIConnectionPoint@@@ATL@@VCComSingleThreadModel@6@@ATL@@@ATL@@UAGKXZ 100028da f i Biometrics.obj
 0001:000018da       ?Release@?$CComObject@V?$CComEnum@UIEnumConnections@@$1?_GUID_b196b287_bab4_101a_b69c_00aa00341d07@@3U__s_GUID@@BUtagCONNECTDATA@@V?$_Copy@UtagCONNECTDATA@@@ATL@@VCComSingleThreadModel@6@@ATL@@@ATL@@UAGKXZ 100028da f i Biometrics.obj
 0001:00001916       ?QueryInterface@?$CComObject@V?$CComEnum@UIEnumConnectionPoints@@$1?_GUID_b196b285_bab4_101a_b69c_00aa00341d07@@3U__s_GUID@@BPAUIConnectionPoint@@V?$_CopyInterface@UIConnectionPoint@@@ATL@@VCComSingleThreadModel@6@@ATL@@@ATL@@UAGJABU_GUID@@PAPAX@Z 10002916 f i Biometrics.obj
 0001:00001930       ??_E?$CComObject@V?$CComEnum@UIEnumConnectionPoints@@$1?_GUID_b196b285_bab4_101a_b69c_00aa00341d07@@3U__s_GUID@@BPAUIConnectionPoint@@V?$_CopyInterface@UIConnectionPoint@@@ATL@@VCComSingleThreadModel@6@@ATL@@@ATL@@UAEPAXI@Z 10002930 f i Biometrics.obj
 0001:00001930       ??_G?$CComObject@V?$CComEnum@UIEnumConnectionPoints@@$1?_GUID_b196b285_bab4_101a_b69c_00aa00341d07@@3U__s_GUID@@BPAUIConnectionPoint@@V?$_CopyInterface@UIConnectionPoint@@@ATL@@VCComSingleThreadModel@6@@ATL@@@ATL@@UAEPAXI@Z 10002930 f i Biometrics.obj
 0001:00001952       ?AddRef@?$CComObjectCached@VCComClassFactory@ATL@@@ATL@@UAGKXZ 10002952 f i Biometrics.obj
 0001:00001979       ?Release@?$CComObjectCached@VCComClassFactory@ATL@@@ATL@@UAGKXZ 10002979 f i Biometrics.obj
 0001:000019af       ?QueryInterface@?$CComObjectCached@VCComClassFactory@ATL@@@ATL@@UAGJABU_GUID@@PAPAX@Z 100029af f i Biometrics.obj
 0001:000019c9       ??_G?$CComObjectCached@VCComClassFactory@ATL@@@ATL@@UAEPAXI@Z 100029c9 f i Biometrics.obj
 0001:000019c9       ??_E?$CComObjectCached@VCComClassFactory@ATL@@@ATL@@UAEPAXI@Z 100029c9 f i Biometrics.obj
 0001:000019eb       ?AddRef@?$CComAggObject@VCOPOSBiometrics@@@ATL@@UAGKXZ 100029eb f i Biometrics.obj
 0001:000019fc       ?Release@?$CComAggObject@VCOPOSBiometrics@@@ATL@@UAGKXZ 100029fc f i Biometrics.obj
 0001:00001a38       ?QueryInterface@?$CComAggObject@VCOPOSBiometrics@@@ATL@@UAGJABU_GUID@@PAPAX@Z 10002a38 f i Biometrics.obj
 0001:00001a87       ?AddRef@?$CComContainedObject@VCOPOSBiometrics@@@ATL@@UAGKXZ 10002a87 f i Biometrics.obj
 0001:00001a9d       ?Release@?$CComContainedObject@VCOPOSBiometrics@@@ATL@@UAGKXZ 10002a9d f i Biometrics.obj
 0001:00001ab3       ?QueryInterface@?$CComContainedObject@VCOPOSBiometrics@@@ATL@@UAGJABU_GUID@@PAPAX@Z 10002ab3 f i Biometrics.obj
 0001:00001ace       ??_E?$CComAggObject@VCOPOSBiometrics@@@ATL@@UAEPAXI@Z 10002ace f i Biometrics.obj
 0001:00001ace       ??_G?$CComAggObject@VCOPOSBiometrics@@@ATL@@UAEPAXI@Z 10002ace f i Biometrics.obj
 0001:00001af3       ?AddRef@?$CComObject@VCOPOSBiometrics@@@ATL@@UAGKXZ 10002af3 f i Biometrics.obj
 0001:00001b0a       ?Release@?$CComObject@VCOPOSBiometrics@@@ATL@@UAGKXZ 10002b0a f i Biometrics.obj
 0001:00001b4c       ?QueryInterface@?$CComObject@VCOPOSBiometrics@@@ATL@@UAGJABU_GUID@@PAPAX@Z 10002b4c f i Biometrics.obj
 0001:00001b66       ?ObjectMain@CComObjectRootBase@ATL@@SGX_N@Z 10002b66 f i Biometrics.obj
 0001:00001b66       ?OnFinalMessage@?$CWindowImplBaseT@VCWindow@ATL@@V?$CWinTraits@$0FGAAAAAA@$0A@@2@@ATL@@UAEXPAUHWND__@@@Z 10002b66 f i Biometrics.obj
 0001:00001b69       ?OnDrawAdvanced@CComControlBase@ATL@@UAEJAAUATL_DRAWINFO@@@Z 10002b69 f i Biometrics.obj
 0001:00001c58       ?CreateInstance@CComClassFactory@ATL@@UAGJPAUIUnknown@@ABU_GUID@@PAPAX@Z 10002c58 f i Biometrics.obj
 0001:00001c96       ?LockServer@CComClassFactory@ATL@@UAGJH@Z 10002c96 f i Biometrics.obj
 0001:00001cb5       ??_ECComClassFactory@ATL@@UAEPAXI@Z 10002cb5 f i Biometrics.obj
 0001:00001cb5       ??_GCComClassFactory@ATL@@UAEPAXI@Z 10002cb5 f i Biometrics.obj
 0001:00001ce0       ?Next@?$CComEnumImpl@UIEnumConnections@@$1?_GUID_b196b287_bab4_101a_b69c_00aa00341d07@@3U__s_GUID@@BUtagCONNECTDATA@@V?$_Copy@UtagCONNECTDATA@@@ATL@@@ATL@@UAGJKPAUtagCONNECTDATA@@PAK@Z 10002ce0 f i Biometrics.obj
 0001:00001db7       ?Skip@?$CComEnumImpl@UIEnumConnections@@$1?_GUID_b196b287_bab4_101a_b69c_00aa00341d07@@3U__s_GUID@@BUtagCONNECTDATA@@V?$_Copy@UtagCONNECTDATA@@@ATL@@@ATL@@UAGJK@Z 10002db7 f i Biometrics.obj
 0001:00001de4       ?Clone@?$CComEnumImpl@UIEnumConnections@@$1?_GUID_b196b287_bab4_101a_b69c_00aa00341d07@@3U__s_GUID@@BUtagCONNECTDATA@@V?$_Copy@UtagCONNECTDATA@@@ATL@@@ATL@@UAGJPAPAUIEnumConnections@@@Z 10002de4 f i Biometrics.obj
 0001:00001ec3       ?QueryInterface@?$CComObject@V?$CComEnum@UIEnumConnections@@$1?_GUID_b196b287_bab4_101a_b69c_00aa00341d07@@3U__s_GUID@@BUtagCONNECTDATA@@V?$_Copy@UtagCONNECTDATA@@@ATL@@VCComSingleThreadModel@6@@ATL@@@ATL@@UAGJABU_GUID@@PAPAX@Z 10002ec3 f i Biometrics.obj
 0001:00001edd       ??_G?$CComObject@V?$CComEnum@UIEnumConnections@@$1?_GUID_b196b287_bab4_101a_b69c_00aa00341d07@@3U__s_GUID@@BUtagCONNECTDATA@@V?$_Copy@UtagCONNECTDATA@@@ATL@@VCComSingleThreadModel@6@@ATL@@@ATL@@UAEPAXI@Z 10002edd f i Biometrics.obj
 0001:00001edd       ??_E?$CComObject@V?$CComEnum@UIEnumConnections@@$1?_GUID_b196b287_bab4_101a_b69c_00aa00341d07@@3U__s_GUID@@BUtagCONNECTDATA@@V?$_Copy@UtagCONNECTDATA@@@ATL@@VCComSingleThreadModel@6@@ATL@@@ATL@@UAEPAXI@Z 10002edd f i Biometrics.obj
 0001:00001eff       ??_E?$CComObject@VCOPOSBiometrics@@@ATL@@W3AEPAXI@Z 10002eff f i Biometrics.obj
 0001:00001f07       ??_E?$CComObject@VCOPOSBiometrics@@@ATL@@WEM@AEPAXI@Z 10002f07 f i Biometrics.obj
 0001:00001f0f       ?QueryInterface@?$CComObject@VCOPOSBiometrics@@@ATL@@WHA@AGJABU_GUID@@PAPAX@Z 10002f0f f i Biometrics.obj
 0001:00001f19       ?AddRef@?$CComObject@VCOPOSBiometrics@@@ATL@@WHA@AGKXZ 10002f19 f i Biometrics.obj
 0001:00001f23       ?Release@?$CComObject@VCOPOSBiometrics@@@ATL@@WHA@AGKXZ 10002f23 f i Biometrics.obj
 0001:00001f2d       ?QueryInterface@?$CComObject@VCOPOSBiometrics@@@ATL@@WHE@AGJABU_GUID@@PAPAX@Z 10002f2d f i Biometrics.obj
 0001:00001f37       ?AddRef@?$CComObject@VCOPOSBiometrics@@@ATL@@WHE@AGKXZ 10002f37 f i Biometrics.obj
 0001:00001f41       ?Release@?$CComObject@VCOPOSBiometrics@@@ATL@@WHE@AGKXZ 10002f41 f i Biometrics.obj
 0001:00001f4b       ?QueryInterface@?$CComObject@VCOPOSBiometrics@@@ATL@@WHI@AGJABU_GUID@@PAPAX@Z 10002f4b f i Biometrics.obj
 0001:00001f55       ?AddRef@?$CComObject@VCOPOSBiometrics@@@ATL@@WHI@AGKXZ 10002f55 f i Biometrics.obj
 0001:00001f5f       ?Release@?$CComObject@VCOPOSBiometrics@@@ATL@@WHI@AGKXZ 10002f5f f i Biometrics.obj
 0001:00001f69       ?QueryInterface@?$CComObject@VCOPOSBiometrics@@@ATL@@WHM@AGJABU_GUID@@PAPAX@Z 10002f69 f i Biometrics.obj
 0001:00001f73       ?AddRef@?$CComObject@VCOPOSBiometrics@@@ATL@@WHM@AGKXZ 10002f73 f i Biometrics.obj
 0001:00001f7d       ?Release@?$CComObject@VCOPOSBiometrics@@@ATL@@WHM@AGKXZ 10002f7d f i Biometrics.obj
 0001:00001f87       ?QueryInterface@?$CComObject@VCOPOSBiometrics@@@ATL@@WIA@AGJABU_GUID@@PAPAX@Z 10002f87 f i Biometrics.obj
 0001:00001f94       ?AddRef@?$CComObject@VCOPOSBiometrics@@@ATL@@WIA@AGKXZ 10002f94 f i Biometrics.obj
 0001:00001fa1       ?Release@?$CComObject@VCOPOSBiometrics@@@ATL@@WIA@AGKXZ 10002fa1 f i Biometrics.obj
 0001:00001fae       ?QueryInterface@?$CComObject@VCOPOSBiometrics@@@ATL@@WIE@AGJABU_GUID@@PAPAX@Z 10002fae f i Biometrics.obj
 0001:00001fbb       ?AddRef@?$CComObject@VCOPOSBiometrics@@@ATL@@WIE@AGKXZ 10002fbb f i Biometrics.obj
 0001:00001fc8       ?Release@?$CComObject@VCOPOSBiometrics@@@ATL@@WIE@AGKXZ 10002fc8 f i Biometrics.obj
 0001:00001fd5       ?QueryInterface@?$CComObject@VCOPOSBiometrics@@@ATL@@WII@AGJABU_GUID@@PAPAX@Z 10002fd5 f i Biometrics.obj
 0001:00001fe2       ?AddRef@?$CComObject@VCOPOSBiometrics@@@ATL@@WII@AGKXZ 10002fe2 f i Biometrics.obj
 0001:00001fef       ?Release@?$CComObject@VCOPOSBiometrics@@@ATL@@WII@AGKXZ 10002fef f i Biometrics.obj
 0001:00001ffc       ?QueryInterface@?$CComObject@VCOPOSBiometrics@@@ATL@@WIM@AGJABU_GUID@@PAPAX@Z 10002ffc f i Biometrics.obj
 0001:00002009       ?AddRef@?$CComObject@VCOPOSBiometrics@@@ATL@@WIM@AGKXZ 10003009 f i Biometrics.obj
 0001:00002016       ?Release@?$CComObject@VCOPOSBiometrics@@@ATL@@WIM@AGKXZ 10003016 f i Biometrics.obj
 0001:00002023       ?QueryInterface@?$CComObject@VCOPOSBiometrics@@@ATL@@WJA@AGJABU_GUID@@PAPAX@Z 10003023 f i Biometrics.obj
 0001:00002030       ?AddRef@?$CComObject@VCOPOSBiometrics@@@ATL@@WJA@AGKXZ 10003030 f i Biometrics.obj
 0001:0000203d       ?Release@?$CComObject@VCOPOSBiometrics@@@ATL@@WJA@AGKXZ 1000303d f i Biometrics.obj
 0001:0000204a       ?QueryInterface@?$CComObject@VCOPOSBiometrics@@@ATL@@WJE@AGJABU_GUID@@PAPAX@Z 1000304a f i Biometrics.obj
 0001:00002057       ?AddRef@?$CComObject@VCOPOSBiometrics@@@ATL@@WJE@AGKXZ 10003057 f i Biometrics.obj
 0001:00002064       ?Release@?$CComObject@VCOPOSBiometrics@@@ATL@@WJE@AGKXZ 10003064 f i Biometrics.obj
 0001:00002071       ?QueryInterface@?$CComObject@VCOPOSBiometrics@@@ATL@@WJI@AGJABU_GUID@@PAPAX@Z 10003071 f i Biometrics.obj
 0001:0000207e       ?AddRef@?$CComObject@VCOPOSBiometrics@@@ATL@@WJI@AGKXZ 1000307e f i Biometrics.obj
 0001:0000208b       ?Release@?$CComObject@VCOPOSBiometrics@@@ATL@@WJI@AGKXZ 1000308b f i Biometrics.obj
 0001:00002098       ?QueryInterface@?$CComObject@VCOPOSBiometrics@@@ATL@@WJM@AGJABU_GUID@@PAPAX@Z 10003098 f i Biometrics.obj
 0001:000020a5       ?AddRef@?$CComObject@VCOPOSBiometrics@@@ATL@@WJM@AGKXZ 100030a5 f i Biometrics.obj
 0001:000020b2       ?Release@?$CComObject@VCOPOSBiometrics@@@ATL@@WJM@AGKXZ 100030b2 f i Biometrics.obj
 0001:000020bf       ?QueryInterface@?$CComObject@VCOPOSBiometrics@@@ATL@@WKA@AGJABU_GUID@@PAPAX@Z 100030bf f i Biometrics.obj
 0001:000020cc       ?AddRef@?$CComObject@VCOPOSBiometrics@@@ATL@@WKA@AGKXZ 100030cc f i Biometrics.obj
 0001:000020d9       ?Release@?$CComObject@VCOPOSBiometrics@@@ATL@@WKA@AGKXZ 100030d9 f i Biometrics.obj
 0001:000020e6       ?AddRef@?$CComObject@VCOPOSBiometrics@@@ATL@@WKI@AGKXZ 100030e6 f i Biometrics.obj
 0001:000020f3       ?Release@?$CComObject@VCOPOSBiometrics@@@ATL@@WKI@AGKXZ 100030f3 f i Biometrics.obj
 0001:00002100       ?AddRef@?$CComObject@VCOPOSBiometrics@@@ATL@@WLE@AGKXZ 10003100 f i Biometrics.obj
 0001:0000210d       ?Release@?$CComObject@VCOPOSBiometrics@@@ATL@@WLE@AGKXZ 1000310d f i Biometrics.obj
 0001:0000211a       ??_E?$CComContainedObject@VCOPOSBiometrics@@@ATL@@W3AEPAXI@Z 1000311a f i Biometrics.obj
 0001:00002122       ??_E?$CComContainedObject@VCOPOSBiometrics@@@ATL@@WEM@AEPAXI@Z 10003122 f i Biometrics.obj
 0001:0000212a       ?QueryInterface@?$CComContainedObject@VCOPOSBiometrics@@@ATL@@WHA@AGJABU_GUID@@PAPAX@Z 1000312a f i Biometrics.obj
 0001:00002134       ?AddRef@?$CComContainedObject@VCOPOSBiometrics@@@ATL@@WHA@AGKXZ 10003134 f i Biometrics.obj
 0001:0000213e       ?Release@?$CComContainedObject@VCOPOSBiometrics@@@ATL@@WHA@AGKXZ 1000313e f i Biometrics.obj
 0001:00002148       ?QueryInterface@?$CComContainedObject@VCOPOSBiometrics@@@ATL@@WHE@AGJABU_GUID@@PAPAX@Z 10003148 f i Biometrics.obj
 0001:00002152       ?AddRef@?$CComContainedObject@VCOPOSBiometrics@@@ATL@@WHE@AGKXZ 10003152 f i Biometrics.obj
 0001:0000215c       ?Release@?$CComContainedObject@VCOPOSBiometrics@@@ATL@@WHE@AGKXZ 1000315c f i Biometrics.obj
 0001:00002166       ?QueryInterface@?$CComContainedObject@VCOPOSBiometrics@@@ATL@@WHI@AGJABU_GUID@@PAPAX@Z 10003166 f i Biometrics.obj
 0001:00002170       ?AddRef@?$CComContainedObject@VCOPOSBiometrics@@@ATL@@WHI@AGKXZ 10003170 f i Biometrics.obj
 0001:0000217a       ?Release@?$CComContainedObject@VCOPOSBiometrics@@@ATL@@WHI@AGKXZ 1000317a f i Biometrics.obj
 0001:00002184       ?QueryInterface@?$CComContainedObject@VCOPOSBiometrics@@@ATL@@WHM@AGJABU_GUID@@PAPAX@Z 10003184 f i Biometrics.obj
 0001:0000218e       ?AddRef@?$CComContainedObject@VCOPOSBiometrics@@@ATL@@WHM@AGKXZ 1000318e f i Biometrics.obj
 0001:00002198       ?Release@?$CComContainedObject@VCOPOSBiometrics@@@ATL@@WHM@AGKXZ 10003198 f i Biometrics.obj
 0001:000021a2       ?QueryInterface@?$CComContainedObject@VCOPOSBiometrics@@@ATL@@WIA@AGJABU_GUID@@PAPAX@Z 100031a2 f i Biometrics.obj
 0001:000021af       ?AddRef@?$CComContainedObject@VCOPOSBiometrics@@@ATL@@WIA@AGKXZ 100031af f i Biometrics.obj
 0001:000021bc       ?Release@?$CComContainedObject@VCOPOSBiometrics@@@ATL@@WIA@AGKXZ 100031bc f i Biometrics.obj
 0001:000021c9       ?QueryInterface@?$CComContainedObject@VCOPOSBiometrics@@@ATL@@WIE@AGJABU_GUID@@PAPAX@Z 100031c9 f i Biometrics.obj
 0001:000021d6       ?AddRef@?$CComContainedObject@VCOPOSBiometrics@@@ATL@@WIE@AGKXZ 100031d6 f i Biometrics.obj
 0001:000021e3       ?Release@?$CComContainedObject@VCOPOSBiometrics@@@ATL@@WIE@AGKXZ 100031e3 f i Biometrics.obj
 0001:000021f0       ?QueryInterface@?$CComContainedObject@VCOPOSBiometrics@@@ATL@@WII@AGJABU_GUID@@PAPAX@Z 100031f0 f i Biometrics.obj
 0001:000021fd       ?AddRef@?$CComContainedObject@VCOPOSBiometrics@@@ATL@@WII@AGKXZ 100031fd f i Biometrics.obj
 0001:0000220a       ?Release@?$CComContainedObject@VCOPOSBiometrics@@@ATL@@WII@AGKXZ 1000320a f i Biometrics.obj
 0001:00002217       ?QueryInterface@?$CComContainedObject@VCOPOSBiometrics@@@ATL@@WIM@AGJABU_GUID@@PAPAX@Z 10003217 f i Biometrics.obj
 0001:00002224       ?AddRef@?$CComContainedObject@VCOPOSBiometrics@@@ATL@@WIM@AGKXZ 10003224 f i Biometrics.obj
 0001:00002231       ?Release@?$CComContainedObject@VCOPOSBiometrics@@@ATL@@WIM@AGKXZ 10003231 f i Biometrics.obj
 0001:0000223e       ?QueryInterface@?$CComContainedObject@VCOPOSBiometrics@@@ATL@@WJA@AGJABU_GUID@@PAPAX@Z 1000323e f i Biometrics.obj
 0001:0000224b       ?AddRef@?$CComContainedObject@VCOPOSBiometrics@@@ATL@@WJA@AGKXZ 1000324b f i Biometrics.obj
 0001:00002258       ?Release@?$CComContainedObject@VCOPOSBiometrics@@@ATL@@WJA@AGKXZ 10003258 f i Biometrics.obj
 0001:00002265       ?QueryInterface@?$CComContainedObject@VCOPOSBiometrics@@@ATL@@WJE@AGJABU_GUID@@PAPAX@Z 10003265 f i Biometrics.obj
 0001:00002272       ?AddRef@?$CComContainedObject@VCOPOSBiometrics@@@ATL@@WJE@AGKXZ 10003272 f i Biometrics.obj
 0001:0000227f       ?Release@?$CComContainedObject@VCOPOSBiometrics@@@ATL@@WJE@AGKXZ 1000327f f i Biometrics.obj
 0001:0000228c       ?QueryInterface@?$CComContainedObject@VCOPOSBiometrics@@@ATL@@WJI@AGJABU_GUID@@PAPAX@Z 1000328c f i Biometrics.obj
 0001:00002299       ?AddRef@?$CComContainedObject@VCOPOSBiometrics@@@ATL@@WJI@AGKXZ 10003299 f i Biometrics.obj
 0001:000022a6       ?Release@?$CComContainedObject@VCOPOSBiometrics@@@ATL@@WJI@AGKXZ 100032a6 f i Biometrics.obj
 0001:000022b3       ?QueryInterface@?$CComContainedObject@VCOPOSBiometrics@@@ATL@@WJM@AGJABU_GUID@@PAPAX@Z 100032b3 f i Biometrics.obj
 0001:000022c0       ?AddRef@?$CComContainedObject@VCOPOSBiometrics@@@ATL@@WJM@AGKXZ 100032c0 f i Biometrics.obj
 0001:000022cd       ?Release@?$CComContainedObject@VCOPOSBiometrics@@@ATL@@WJM@AGKXZ 100032cd f i Biometrics.obj
 0001:000022da       ?QueryInterface@?$CComContainedObject@VCOPOSBiometrics@@@ATL@@WKA@AGJABU_GUID@@PAPAX@Z 100032da f i Biometrics.obj
 0001:000022e7       ?AddRef@?$CComContainedObject@VCOPOSBiometrics@@@ATL@@WKA@AGKXZ 100032e7 f i Biometrics.obj
 0001:000022f4       ?Release@?$CComContainedObject@VCOPOSBiometrics@@@ATL@@WKA@AGKXZ 100032f4 f i Biometrics.obj
 0001:00002301       ?AddRef@?$CComContainedObject@VCOPOSBiometrics@@@ATL@@WKI@AGKXZ 10003301 f i Biometrics.obj
 0001:0000230e       ?Release@?$CComContainedObject@VCOPOSBiometrics@@@ATL@@WKI@AGKXZ 1000330e f i Biometrics.obj
 0001:0000231b       ?AddRef@?$CComContainedObject@VCOPOSBiometrics@@@ATL@@WLE@AGKXZ 1000331b f i Biometrics.obj
 0001:00002328       ?Release@?$CComContainedObject@VCOPOSBiometrics@@@ATL@@WLE@AGKXZ 10003328 f i Biometrics.obj
 0001:00002335       ?Lock@CAtlModule@ATL@@UAEJXZ 10003335 f i Biometrics.obj
 0001:0000233f       ?Unlock@CAtlModule@ATL@@UAEJXZ 1000333f f i Biometrics.obj
 0001:00002349       ?GetLockCount@CAtlModule@ATL@@UAEJXZ 10003349 f i Biometrics.obj
 0001:0000234d       ?GetGITPtr@CAtlModule@ATL@@UAEJPAPAUIGlobalInterfaceTable@@@Z 1000334d f i Biometrics.obj
 0001:00002399       ?GetWindowProc@?$CWindowImplBaseT@VCWindow@ATL@@V?$CWinTraits@$0FGAAAAAA@$0A@@2@@ATL@@UAEP6GJPAUHWND__@@IIJ@ZXZ 10003399 f i Biometrics.obj
 0001:0000239f       ?StartWindowProc@?$CWindowImplBaseT@VCWindow@ATL@@V?$CWinTraits@$0FGAAAAAA@$0A@@2@@ATL@@SGJPAUHWND__@@IIJ@Z 1000339f f i Biometrics.obj
 0001:000023f3       ?AddCommonRGSReplacements@?$CAtlModuleT@VCComModule@ATL@@@ATL@@UAEJPAUIRegistrarBase@@@Z 100033f3 f i Biometrics.obj
 0001:0000240d       ?UpdateRegistryFromResourceD@CComModule@ATL@@UAGJIHPAU_ATL_REGMAP_ENTRY@2@@Z 1000340d f i Biometrics.obj
 0001:0000240d       ?UpdateRegistryFromResourceD@CComModule@ATL@@UAGJPB_WHPAU_ATL_REGMAP_ENTRY@2@@Z 1000340d f i Biometrics.obj
 0001:00002415       ?UpdateRegistryFromResource@CComModule@ATL@@UAGJPB_WHPAU_ATL_REGMAP_ENTRY@2@@Z 10003415 f i Biometrics.obj
 0001:0000241e       ?UpdateRegistryFromResource@CComModule@ATL@@UAGJIHPAU_ATL_REGMAP_ENTRY@2@@Z 1000341e f i Biometrics.obj
 0001:00002427       ?GetTypeInfoCount@?$IDispatchImpl@UIOPOSBiometrics@@$1?IID_IOPOSBiometrics@@3U_GUID@@B$1?LIBID_OposBiometrics_CCO@@3U3@B$00$0A@VCComTypeInfoHolder@ATL@@@ATL@@UAGJPAI@Z 10003427 f i Biometrics.obj
 0001:00002444       ?GetTypeInfo@?$IDispatchImpl@UIOPOSBiometrics@@$1?IID_IOPOSBiometrics@@3U_GUID@@B$1?LIBID_OposBiometrics_CCO@@3U3@B$00$0A@VCComTypeInfoHolder@ATL@@@ATL@@UAGJIKPAPAUITypeInfo@@@Z 10003444 f i Biometrics.obj
 0001:00002468       ?GetIDsOfNames@?$IDispatchImpl@UIOPOSBiometrics@@$1?IID_IOPOSBiometrics@@3U_GUID@@B$1?LIBID_OposBiometrics_CCO@@3U3@B$00$0A@VCComTypeInfoHolder@ATL@@@ATL@@UAGJABU_GUID@@PAPA_WIKPAJ@Z 10003468 f i Biometrics.obj
 0001:00002488       ?Invoke@?$IDispatchImpl@UIOPOSBiometrics@@$1?IID_IOPOSBiometrics@@3U_GUID@@B$1?LIBID_OposBiometrics_CCO@@3U3@B$00$0A@VCComTypeInfoHolder@ATL@@@ATL@@UAGJJABU_GUID@@KGPAUtagDISPPARAMS@@PAUtagVARIANT@@PAUtagEXCEPINFO@@PAI@Z 10003488 f i Biometrics.obj
 0001:00002496       ??_GCComModule@ATL@@UAEPAXI@Z 10003496 f i Biometrics.obj
 0001:00002496       ??_ECComModule@ATL@@UAEPAXI@Z 10003496 f i Biometrics.obj
 0001:000024be       ?CreateControlWindow@?$CComControl@VCOPOSBiometrics@@V?$CWindowImpl@VCOPOSBiometrics@@VCWindow@ATL@@V?$CWinTraits@$0FGAAAAAA@$0A@@3@@ATL@@@ATL@@UAEPAUHWND__@@PAU3@AAUtagRECT@@@Z 100034be f i Biometrics.obj
 0001:000024ed       ?ControlQueryInterface@?$CComControl@VCOPOSBiometrics@@V?$CWindowImpl@VCOPOSBiometrics@@VCWindow@ATL@@V?$CWinTraits@$0FGAAAAAA@$0A@@3@@ATL@@@ATL@@UAEJABU_GUID@@PAPAX@Z 100034ed f i Biometrics.obj
 0001:00002508       ?IsDirty@?$IPersistStreamInitImpl@VCOPOSBiometrics@@@ATL@@UAGJXZ 10003508 f i Biometrics.obj
 0001:00002527       ?Load@?$IPersistStreamInitImpl@VCOPOSBiometrics@@@ATL@@UAGJPAUIStream@@@Z 10003527 f i Biometrics.obj
 0001:00002546       ?Save@?$IPersistStreamInitImpl@VCOPOSBiometrics@@@ATL@@UAGJPAUIStream@@H@Z 10003546 f i Biometrics.obj
 0001:00002568       ?GetSizeMax@?$IPersistStreamInitImpl@VCOPOSBiometrics@@@ATL@@UAGJPAT_ULARGE_INTEGER@@@Z 10003568 f i Biometrics.obj
 0001:0000271d       ?InitNew@?$IPersistStreamInitImpl@VCOPOSBiometrics@@@ATL@@UAGJXZ 1000371d f i Biometrics.obj
 0001:0000273a       ?SetClientSite@?$IOleObjectImpl@VCOPOSBiometrics@@@ATL@@UAGJPAUIOleClientSite@@@Z 1000373a f i Biometrics.obj
 0001:00002757       ?GetClientSite@?$IOleObjectImpl@VCOPOSBiometrics@@@ATL@@UAGJPAPAUIOleClientSite@@@Z 10003757 f i Biometrics.obj
 0001:00002774       ?SetHostNames@?$IOleObjectImpl@VCOPOSBiometrics@@@ATL@@UAGJPB_W0@Z 10003774 f i Biometrics.obj
 0001:00002779       ?Close@?$IOleObjectImpl@VCOPOSBiometrics@@@ATL@@UAGJK@Z 10003779 f i Biometrics.obj
 0001:00002796       ?DoVerb@?$IOleObjectImpl@VCOPOSBiometrics@@@ATL@@UAGJJPAUtagMSG@@PAUIOleClientSite@@JPAUHWND__@@PBUtagRECT@@@Z 10003796 f i Biometrics.obj
 0001:000028ae       ?EnumVerbs@?$IOleObjectImpl@VCOPOSBiometrics@@@ATL@@UAGJPAPAUIEnumOLEVERB@@@Z 100038ae f i Biometrics.obj
 0001:000028d0       ?GetUserType@?$IOleObjectImpl@VCOPOSBiometrics@@@ATL@@UAGJKPAPA_W@Z 100038d0 f i Biometrics.obj
 0001:000028e8       ?SetExtent@?$IOleObjectImpl@VCOPOSBiometrics@@@ATL@@UAGJKPAUtagSIZE@@@Z 100038e8 f i Biometrics.obj
 0001:00002908       ?GetExtent@?$IOleObjectImpl@VCOPOSBiometrics@@@ATL@@UAGJKPAUtagSIZE@@@Z 10003908 f i Biometrics.obj
 0001:00002946       ?Advise@?$IOleObjectImpl@VCOPOSBiometrics@@@ATL@@UAGJPAUIAdviseSink@@PAK@Z 10003946 f i Biometrics.obj
 0001:00002966       ?Unadvise@?$IOleObjectImpl@VCOPOSBiometrics@@@ATL@@UAGJK@Z 10003966 f i Biometrics.obj
 0001:00002995       ?EnumAdvise@?$IOleObjectImpl@VCOPOSBiometrics@@@ATL@@UAGJPAPAUIEnumSTATDATA@@@Z 10003995 f i Biometrics.obj
 0001:000029d5       ?GetMiscStatus@?$IOleObjectImpl@VCOPOSBiometrics@@@ATL@@UAGJKPAK@Z 100039d5 f i Biometrics.obj
 0001:000029ed       ??$?4UITypeInfo2@@@?$CComPtr@UITypeInfo@@@ATL@@QAEPAUITypeInfo@@ABV?$CComPtr@UITypeInfo2@@@1@@Z 100039ed f i Biometrics.obj
 0001:00002a1a       ??$AtlAdd@K@ATL@@YAJPAKKK@Z 10003a1a f i Biometrics.obj
 0001:00002a3d       ??$AtlAdd@_K@ATL@@YAJPA_K_K1@Z 10003a3d f i Biometrics.obj
 0001:00002a75       ??$AtlAddThrow@K@ATL@@YAKKK@Z 10003a75 f i Biometrics.obj
 0001:00002a9b       ??$AtlModuleRegisterWndClassInfoT@VAtlModuleRegisterWndClassInfoParamW@ATL@@@ATL@@YAGPAU_ATL_BASE_MODULE70@0@PAU_ATL_WIN_MODULE70@0@PAU_ATL_WNDCLASSINFOW@0@PAP6GJPAUHWND__@@IIJ@ZVAtlModuleRegisterWndClassInfoParamW@0@@Z 10003a9b f i Biometrics.obj
 0001:00002be9       ??$AtlMultiply@H@ATL@@YAJPAHHH@Z 10003be9 f i Biometrics.obj
 0001:00002c21       ??$AtlMultiply@K@ATL@@YAJPAKKK@Z 10003c21 f i Biometrics.obj
 0001:00002c21       ??$AtlMultiply@I@ATL@@YAJPAIII@Z 10003c21 f i Biometrics.obj
 0001:00002c43       ??$AtlMultiplyThrow@I@ATL@@YAIII@Z 10003c43 f i Biometrics.obj
 0001:00002c69       ??0?$CComAggObject@VCOPOSBiometrics@@@ATL@@QAE@PAX@Z 10003c69 f i Biometrics.obj
 0001:00002c96       ??0?$CComContainedObject@VCOPOSBiometrics@@@ATL@@QAE@PAX@Z 10003c96 f i Biometrics.obj
 0001:00002d4f       ??0?$CComObject@V?$CComEnum@UIEnumConnectionPoints@@$1?_GUID_b196b285_bab4_101a_b69c_00aa00341d07@@3U__s_GUID@@BPAUIConnectionPoint@@V?$_CopyInterface@UIConnectionPoint@@@ATL@@VCComSingleThreadModel@6@@ATL@@@ATL@@QAE@PAX@Z 10003d4f f i Biometrics.obj
 0001:00002d7d       ??0?$CComObject@V?$CComEnum@UIEnumConnections@@$1?_GUID_b196b287_bab4_101a_b69c_00aa00341d07@@3U__s_GUID@@BUtagCONNECTDATA@@V?$_Copy@UtagCONNECTDATA@@@ATL@@VCComSingleThreadModel@6@@ATL@@@ATL@@QAE@PAX@Z 10003d7d f i Biometrics.obj
 0001:00002dab       ??0?$CComObject@VCOPOSBiometrics@@@ATL@@QAE@PAX@Z 10003dab f i Biometrics.obj
 0001:00002e62       ??0?$CComQIPtr@UIOleControlSite@@$1?_GUID_b196b289_bab4_101a_b69c_00aa00341d07@@3U__s_GUID@@B@ATL@@QAE@PAUIUnknown@@@Z 10003e62 f i Biometrics.obj
 0001:00002e8b       ??0CAtlModule@ATL@@QAE@XZ  10003e8b f i Biometrics.obj
 0001:00002ecc       ??0CParseBuffer@CRegParser@ATL@@QAE@H@Z 10003ecc f i Biometrics.obj
 0001:00002f02       ??0_ATL_MSG@ATL@@QAE@PAUHWND__@@IIJH@Z 10003f02 f i Biometrics.obj
 0001:00002f3a       ??1?$CComAggObject@VCOPOSBiometrics@@@ATL@@UAE@XZ 10003f3a f i Biometrics.obj
 0001:00002f5e       ??1?$CComEnumImpl@UIEnumConnectionPoints@@$1?_GUID_b196b285_bab4_101a_b69c_00aa00341d07@@3U__s_GUID@@BPAUIConnectionPoint@@V?$_CopyInterface@UIConnectionPoint@@@ATL@@@ATL@@UAE@XZ 10003f5e f i Biometrics.obj
 0001:00002f9e       ??1?$CComEnumImpl@UIEnumConnections@@$1?_GUID_b196b287_bab4_101a_b69c_00aa00341d07@@3U__s_GUID@@BUtagCONNECTDATA@@V?$_Copy@UtagCONNECTDATA@@@ATL@@@ATL@@UAE@XZ 10003f9e f i Biometrics.obj
 0001:00002fde       ??1?$CComObject@V?$CComEnum@UIEnumConnectionPoints@@$1?_GUID_b196b285_bab4_101a_b69c_00aa00341d07@@3U__s_GUID@@BPAUIConnectionPoint@@V?$_CopyInterface@UIConnectionPoint@@@ATL@@VCComSingleThreadModel@6@@ATL@@@ATL@@UAE@XZ 10003fde f i Biometrics.obj
 0001:00003001       ??1?$CComObject@V?$CComEnum@UIEnumConnections@@$1?_GUID_b196b287_bab4_101a_b69c_00aa00341d07@@3U__s_GUID@@BUtagCONNECTDATA@@V?$_Copy@UtagCONNECTDATA@@@ATL@@VCComSingleThreadModel@6@@ATL@@@ATL@@UAE@XZ 10004001 f i Biometrics.obj
 0001:00003024       ??1?$CComObject@VCOPOSBiometrics@@@ATL@@UAE@XZ 10004024 f i Biometrics.obj
 0001:000030e2       ??1?$CComObjectCached@VCComClassFactory@ATL@@@ATL@@UAE@XZ 100040e2 f i Biometrics.obj
 0001:000030f8       ??1?$CComObjectRootEx@VCComMultiThreadModel@ATL@@@ATL@@QAE@XZ 100040f8 f i Biometrics.obj
 0001:0000310d       ??1CRegObject@ATL@@UAE@XZ  1000410d f i Biometrics.obj
 0001:0000312d       ??4?$CComPtr@UIOleClientSite@@@ATL@@QAEPAUIOleClientSite@@PAU2@@Z 1000412d f i Biometrics.obj
 0001:0000312d       ??4?$CComPtr@UIAdviseSink@@@ATL@@QAEPAUIAdviseSink@@PAU2@@Z 1000412d f i Biometrics.obj
 0001:0000312d       ??4?$CComPtr@UIUnknown@@@ATL@@QAEPAUIUnknown@@PAU2@@Z 1000412d f i Biometrics.obj
 0001:00003161       ??4?$CComQIPtr@UIOleObject@@$1?_GUID_00000112_0000_0000_c000_000000000046@@3U__s_GUID@@B@ATL@@QAEPAUIOleObject@@PAUIUnknown@@@Z 10004161 f i Biometrics.obj
 0001:00003186       ??4?$CComQIPtr@UISpecifyPropertyPages@@$1?_GUID_b196b28b_bab4_101a_b69c_00aa00341d07@@3U__s_GUID@@B@ATL@@QAEPAUISpecifyPropertyPages@@PAUIUnknown@@@Z 10004186 f i Biometrics.obj
 0001:000031ab       ??_G?$CComContainedObject@VCOPOSBiometrics@@@ATL@@UAEPAXI@Z 100041ab f i Biometrics.obj
 0001:000031ab       ??_E?$CComContainedObject@VCOPOSBiometrics@@@ATL@@UAEPAXI@Z 100041ab f i Biometrics.obj
 0001:000031d0       ??_E?$CComObject@VCOPOSBiometrics@@@ATL@@UAEPAXI@Z 100041d0 f i Biometrics.obj
 0001:000031d0       ??_G?$CComObject@VCOPOSBiometrics@@@ATL@@UAEPAXI@Z 100041d0 f i Biometrics.obj
 0001:000031f5       ?Add@?$CSimpleArray@GV?$CSimpleArrayEqualHelper@G@ATL@@@ATL@@QAEHABG@Z 100041f5 f i Biometrics.obj
 0001:00003279       ?Add@?$CSimpleMap@PA_WPA_WVCExpansionVectorEqualHelper@ATL@@@ATL@@QAEHABQA_W0@Z 10004279 f i Biometrics.obj
 0001:000032ce       ?Add@CComDynamicUnkArray@ATL@@QAEKPAUIUnknown@@@Z 100042ce f i Biometrics.obj
 0001:00003389       ?Add@CExpansionVector@ATL@@QAEHPB_W0@Z 10004389 f i Biometrics.obj
 0001:0000348d       ?AddString@CParseBuffer@CRegParser@ATL@@QAEHPB_W@Z 1000448d f i Biometrics.obj
 0001:000034c2       ?AddValue@CRegParser@ATL@@IAEJAAVCRegKey@2@PB_WPA_W@Z 100044c2 f i Biometrics.obj
 0001:000037e3       ?Allocate@?$CAtlSafeAllocBufferManager@VCCRTAllocator@ATL@@@_ATL_SAFE_ALLOCA_IMPL@ATL@@QAEPAXK@Z 100047e3 f i Biometrics.obj
 0001:00003810       ?Allocate@?$CTempBuffer@E$0BAA@VCCRTAllocator@ATL@@@ATL@@QAEPAEI@Z 10004810 f i Biometrics.obj
 0001:0000383f       ?Allocate@?$CTempBuffer@_W$0BAA@VCCRTAllocator@ATL@@@ATL@@QAEPA_WI@Z 1000483f f i Biometrics.obj
 0001:0000386e       ?Allocate@?$CTempBuffer@_W$0EAA@VCCRTAllocator@ATL@@@ATL@@QAEPA_WI@Z 1000486e f i Biometrics.obj
 0001:0000389d       ?AllocateHeap@?$CTempBuffer@_W$0BAA@VCCRTAllocator@ATL@@@ATL@@AAEXI@Z 1000489d f i Biometrics.obj
 0001:0000389d       ?AllocateHeap@?$CTempBuffer@E$0BAA@VCCRTAllocator@ATL@@@ATL@@AAEXI@Z 1000489d f i Biometrics.obj
 0001:0000389d       ?AllocateHeap@?$CTempBuffer@_W$0EAA@VCCRTAllocator@ATL@@@ATL@@AAEXI@Z 1000489d f i Biometrics.obj
 0001:000038c2       ?Append@CParseBuffer@CRegParser@ATL@@QAEHPB_WH@Z 100048c2 f i Biometrics.obj
 0001:00003950       ?AtlCallTermFunc@ATL@@YGXPAU_ATL_MODULE70@1@@Z 10004950 f i Biometrics.obj
 0001:00003994       ?AtlCoTaskMemCAlloc@ATL@@YAPAXKK@Z 10004994 f i Biometrics.obj
 0001:000039c1       ?AtlCoTaskMemRecalloc@ATL@@YAPAXPAXKK@Z 100049c1 f i Biometrics.obj
 0001:000039f1       ?AtlComModuleGetClassObject@ATL@@YGJPAU_ATL_COM_MODULE70@1@ABU_GUID@@1PAPAX@Z 100049f1 f i Biometrics.obj
 0001:00003ae4       ?AtlComModuleRegisterServer@ATL@@YGJPAU_ATL_COM_MODULE70@1@HPBU_GUID@@@Z 10004ae4 f i Biometrics.obj
 0001:00003b6c       ?AtlComModuleUnregisterServer@ATL@@YGJPAU_ATL_COM_MODULE70@1@HPBU_GUID@@@Z 10004b6c f i Biometrics.obj
 0001:00003bf4       ?AtlComQIPtrAssign2@ATL@@YAXPAPAUIUnknown@@PAU2@ABU_GUID@@@Z 10004bf4 f i Biometrics.obj
 0001:00003c23       ?AtlCreateTargetDC@ATL@@YGPAUHDC__@@PAU2@PAUtagDVTARGETDEVICE@@@Z 10004c23 f i Biometrics.obj
 0001:00003c8c       ?AtlCrtErrorCheck@ATL@@YAHH@Z 10004c8c f i Biometrics.obj
 0001:00003cc7       ?AtlHiMetricToPixel@ATL@@YGXPBUtagSIZE@@PAU2@@Z 10004cc7 f i Biometrics.obj
 0001:00003d3c       ?AtlHresultFromLastError@ATL@@YAJXZ 10004d3c f i Biometrics.obj
 0001:00003d53       ?AtlHresultFromWin32@ATL@@YAJK@Z 10004d53 f i Biometrics.obj
 0001:00003d68       ?AtlIPersistStreamInit_Load@ATL@@YGJPAUIStream@@PBUATL_PROPMAP_ENTRY@1@PAXPAUIUnknown@@@Z 10004d68 f i Biometrics.obj
 0001:00003f48       ?AtlIPersistStreamInit_Save@ATL@@YGJPAUIStream@@HPBUATL_PROPMAP_ENTRY@1@PAXPAUIUnknown@@@Z 10004f48 f i Biometrics.obj
 0001:000040e0       ?AtlInternalOleLoadFromStream@ATL@@YAJPAUIStream@@ABU_GUID@@PAPAXTClassesAllowedInStream@1@K@Z 100050e0 f i Biometrics.obj
 0001:00004206       ?AtlInternalQueryInterface@ATL@@YGJPAXPBU_ATL_INTMAP_ENTRY@1@ABU_GUID@@PAPAX@Z 10005206 f i Biometrics.obj
 0001:000042a9       ?AtlLoadTypeLib@ATL@@YGJPAUHINSTANCE__@@PB_WPAPA_WPAPAUITypeLib@@@Z 100052a9 f i Biometrics.obj
 0001:00004487       ?AtlModuleAddTermFunc@ATL@@YGJPAU_ATL_MODULE70@1@P6GXK@ZK@Z 10005487 f i Biometrics.obj
 0001:000044e4       ?AtlRegisterClassCategoriesHelper@ATL@@YGJABU_GUID@@PBU_ATL_CATMAP_ENTRY@1@H@Z 100054e4 f i Biometrics.obj
 0001:000047c4       ?AtlRegisterTypeLib@ATL@@YGJPAUHINSTANCE__@@PB_W@Z 100057c4 f i Biometrics.obj
 0001:0000494c       ?AtlThrowImpl@ATL@@YGXJ@Z  1000594c f i Biometrics.obj
 0001:0000496a       ?AtlUnRegisterTypeLib@ATL@@YGJPAUHINSTANCE__@@PB_W@Z 1000596a f i Biometrics.obj
 0001:00004a15       ?AtlWinModuleAddCreateWndData@ATL@@YGXPAU_ATL_WIN_MODULE70@1@PAU_AtlCreateWndData@1@PAX@Z 10005a15 f i Biometrics.obj
 0001:00004a69       ?AtlWinModuleExtractCreateWndData@ATL@@YGPAXPAU_ATL_WIN_MODULE70@1@@Z 10005a69 f i Biometrics.obj
 0001:00004acc       ?AtlWinModuleRegisterClassExW@ATL@@YGGPAU_ATL_WIN_MODULE70@1@PBUtagWNDCLASSEXW@@@Z 10005acc f i Biometrics.obj
 0001:00004b0b       ?CanForceRemoveKey@CRegParser@ATL@@IAEHPB_W@Z 10005b0b f i Biometrics.obj
 0001:00004b3a       ?ChToByte@CRegParser@ATL@@KAE_W@Z 10005b3a f i Biometrics.obj
 0001:00004b6d       ?Cleanup@CComTypeInfoHolder@ATL@@SGXK@Z 10005b6d f i Biometrics.obj
 0001:00004ba0       ?ClearReplacements@CExpansionVector@ATL@@QAEJXZ 10005ba0 f i Biometrics.obj
 0001:00004bdd       ?Close@CRegKey@ATL@@QAEJXZ 10005bdd f i Biometrics.obj
 0001:00004bf7       ?Create@?$CWindowImpl@VCOPOSBiometrics@@VCWindow@ATL@@V?$CWinTraits@$0FGAAAAAA@$0A@@3@@ATL@@QAEPAUHWND__@@PAU3@V_U_RECT@2@PB_WKKV_U_MENUorID@2@PAX@Z 10005bf7 f i Biometrics.obj
 0001:00004c3b       ?Create@?$CWindowImplBaseT@VCWindow@ATL@@V?$CWinTraits@$0FGAAAAAA@$0A@@2@@ATL@@QAEPAUHWND__@@PAU3@V_U_RECT@2@PB_WKKV_U_MENUorID@2@GPAX@Z 10005c3b f i Biometrics.obj
 0001:00004cd7       ?Create@CRegKey@ATL@@QAEJPAUHKEY__@@PB_WPA_WKKPAU_SECURITY_ATTRIBUTES@@PAK@Z 10005cd7 f i Biometrics.obj
 0001:00004d3a       ?CreateInstance@?$CComCreator@V?$CComAggObject@VCOPOSBiometrics@@@ATL@@@ATL@@SGJPAXABU_GUID@@PAPAX@Z 10005d3a f i Biometrics.obj
 0001:00004db0       ?CreateInstance@?$CComCreator@V?$CComObject@VCOPOSBiometrics@@@ATL@@@ATL@@SGJPAXABU_GUID@@PAPAX@Z 10005db0 f i Biometrics.obj
 0001:00004e31       ?CreateInstance@?$CComObject@V?$CComEnum@UIEnumConnectionPoints@@$1?_GUID_b196b285_bab4_101a_b69c_00aa00341d07@@3U__s_GUID@@BPAUIConnectionPoint@@V?$_CopyInterface@UIConnectionPoint@@@ATL@@VCComSingleThreadModel@6@@ATL@@@ATL@@SGJPAPAV12@@Z 10005e31 f i Biometrics.obj
 0001:00004e78       ?CreateInstance@?$CComObject@V?$CComEnum@UIEnumConnections@@$1?_GUID_b196b287_bab4_101a_b69c_00aa00341d07@@3U__s_GUID@@BUtagCONNECTDATA@@V?$_Copy@UtagCONNECTDATA@@@ATL@@VCComSingleThreadModel@6@@ATL@@@ATL@@SGJPAPAV12@@Z 10005e78 f i Biometrics.obj
 0001:00004ebf       ?DefaultReflectionHandler@?$CWindowImplRoot@VCWindow@ATL@@@ATL@@SAHPAUHWND__@@IIJAAJ@Z 10005ebf f i Biometrics.obj
 0001:00004f32       ?DeleteSubKey@CRegKey@ATL@@QAEJPB_W@Z 10005f32 f i Biometrics.obj
 0001:00004f55       ?DoEvent@COPOSBiometrics@@IAEXIIJ@Z 10005f55 f i Biometrics.obj
 0001:00004fd5       ?DoVerbHide@?$IOleObjectImpl@VCOPOSBiometrics@@@ATL@@QAEJPBUtagRECT@@PAUHWND__@@@Z 10005fd5 f i Biometrics.obj
 0001:0000500b       ?DoVerbInPlaceActivate@?$IOleObjectImpl@VCOPOSBiometrics@@@ATL@@QAEJPBUtagRECT@@PAUHWND__@@@Z 1000600b f i Biometrics.obj
 0001:0000503e       ?DoVerbPrimary@?$IOleObjectImpl@VCOPOSBiometrics@@@ATL@@QAEJPBUtagRECT@@PAUHWND__@@@Z 1000603e f i Biometrics.obj
 0001:000050ca       ?DoVerbProperties@CComControlBase@ATL@@QAEJPBUtagRECT@@PAUHWND__@@@Z 100060ca f i Biometrics.obj
 0001:000051f1       ?DoVerbShow@?$IOleObjectImpl@VCOPOSBiometrics@@@ATL@@QAEJPBUtagRECT@@PAUHWND__@@@Z 100061f1 f i Biometrics.obj
 0001:00005216       ?DoVerbUIActivate@?$IOleObjectImpl@VCOPOSBiometrics@@@ATL@@QAEJPBUtagRECT@@PAUHWND__@@@Z 10006216 f i Biometrics.obj
 0001:00005253       ?DoesVerbActivate@CComControlBase@ATL@@QAEHJ@Z 10006253 f i Biometrics.obj
 0001:00005274       ?DoesVerbUIActivate@CComControlBase@ATL@@QAEHJ@Z 10006274 f i Biometrics.obj
 0001:000052a9       ?EndOfVar@CRegParser@ATL@@IAEHXZ 100062a9 f i Biometrics.obj
 0001:000052c9       ?EscapeSingleQuote@CAtlModule@ATL@@SAXPA_WIPB_W@Z 100062c9 f i Biometrics.obj
 0001:00005318       ?FindKey@?$CSimpleMap@PA_WPA_WVCExpansionVectorEqualHelper@ATL@@@ATL@@QBEHABQA_W@Z 10006318 f i Biometrics.obj
 0001:0000534f       ?FireTheEvent@?$CProxy_IOPOSEvents@VCOPOSBiometrics@@@@IAEXPAVOposVariant@@IAAJPB_WJ@Z 1000634f f i Biometrics.obj
 0001:000053e1       ?FireViewChange@CComControlBase@ATL@@QAEJXZ 100063e1 f i Biometrics.obj
 0001:0000542a       ?Fire_DataEvent@?$CProxy_IOPOSEvents@VCOPOSBiometrics@@@@QAEXJ@Z 1000642a f i Biometrics.obj
 0001:000054b6       ?Fire_DirectIOEvent@?$CProxy_IOPOSEvents@VCOPOSBiometrics@@@@QAEXJPAJPAPA_W@Z 100064b6 f i Biometrics.obj
 0001:0000559c       ?Fire_ErrorEvent@?$CProxy_IOPOSEvents@VCOPOSBiometrics@@@@QAEXJJJPAJ@Z 1000659c f i Biometrics.obj
 0001:00005683       ?Fire_StatusUpdateEvent@?$CProxy_IOPOSEvents@VCOPOSBiometrics@@@@QAEXJ@Z 10006683 f i Biometrics.obj
 0001:0000570f       ?FreeHeap@?$CTempBuffer@_W$0EAA@VCCRTAllocator@ATL@@@ATL@@AAEXXZ 1000670f f i Biometrics.obj
 0001:0000570f       ?FreeHeap@?$CTempBuffer@E$0BAA@VCCRTAllocator@ATL@@@ATL@@AAEXXZ 1000670f f i Biometrics.obj
 0001:0000570f       ?FreeHeap@?$CTempBuffer@_W$0BAA@VCCRTAllocator@ATL@@@ATL@@AAEXXZ 1000670f f i Biometrics.obj
 0001:00005718       ?GetAmbientLocaleID@CComControlBase@ATL@@QAEJAAK@Z 10006718 f i Biometrics.obj
 0001:00005774       ?GetAmbientUserMode@CComControlBase@ATL@@QAEJAAH@Z 10006774 f i Biometrics.obj
 0001:000057e4       ?GetAt@CComDynamicUnkArray@ATL@@QAEPAUIUnknown@@H@Z 100067e4 f i Biometrics.obj
 0001:00005800       ?GetClassObject@CComModule@ATL@@QAEJABU_GUID@@0PAPAX@Z 10006800 f i Biometrics.obj
 0001:000058a2       ?GetConnMap@COPOSBiometrics@@SAPBU_ATL_CONNMAP_ENTRY@ATL@@PAH@Z 100068a2 f i Biometrics.obj
 0001:00005912       ?GetCookie@CComDynamicUnkArray@ATL@@QAGKPAPAUIUnknown@@@Z 10006912 f i Biometrics.obj
 0001:0000594a       ?GetIDsOfNames@CComTypeInfoHolder@ATL@@QAEJABU_GUID@@PAPA_WIKPAJ@Z 1000694a f i Biometrics.obj
 0001:00005a58       ?GetKeyAt@?$CSimpleMap@PA_WPA_WVCExpansionVectorEqualHelper@ATL@@@ATL@@QBEAAPA_WH@Z 10006a58 f i Biometrics.obj
 0001:00005a7d       ?GetPagesHelper@?$ISpecifyPropertyPagesImpl@VCOPOSBiometrics@@@ATL@@IAEJPAUtagCAUUID@@PBUATL_PROPMAP_ENTRY@2@@Z 10006a7d f i Biometrics.obj
 0001:00005ba4       ?GetProperty@?$CComPtr@UIDispatch@@@ATL@@SAJPAUIDispatch@@JPAUtagVARIANT@@@Z 10006ba4 f i Biometrics.obj
 0001:00005bf3       ?GetSizeMax@CComVariant@ATL@@QBEJPAT_ULARGE_INTEGER@@@Z 10006bf3 f i Biometrics.obj
 0001:00005dad       ?GetStreamSize@CComBSTR@ATL@@SAKPA_W@Z 10006dad f i Biometrics.obj
 0001:00005dc7       ?GetTI@CComTypeInfoHolder@ATL@@QAEJK@Z 10006dc7 f i Biometrics.obj
 0001:00005fb0       ?GetTI@CComTypeInfoHolder@ATL@@QAEJKPAPAUITypeInfo@@@Z 10006fb0 f i Biometrics.obj
 0001:00005ff2       ?GetUnknown@CComDynamicUnkArray@ATL@@QAGPAUIUnknown@@K@Z 10006ff2 f i Biometrics.obj
 0001:00006013       ?GetValueAt@?$CSimpleMap@PA_WPA_WVCExpansionVectorEqualHelper@ATL@@@ATL@@QBEAAPA_WH@Z 10007013 f i Biometrics.obj
 0001:00006039       ?GetZoomInfo@CComControlBase@ATL@@QAEXAAUATL_DRAWINFO@@@Z 10007039 f i Biometrics.obj
 0001:000060cc       ?HKeyFromString@CRegParser@ATL@@KAPAUHKEY__@@PA_W@Z 100070cc f i Biometrics.obj
 0001:000060fa       ?HasSubKeys@CRegParser@ATL@@IAEHPAUHKEY__@@@Z 100070fa f i Biometrics.obj
 0001:0000612f       ?IDataObject_GetData@CComControlBase@ATL@@QAEJPAUtagFORMATETC@@PAUtagSTGMEDIUM@@@Z 1000712f f i Biometrics.obj
 0001:000062d5       ?IOleInPlaceObject_InPlaceDeactivate@CComControlBase@ATL@@QAEJXZ 100072d5 f i Biometrics.obj
 0001:0000635c       ?IOleInPlaceObject_SetObjectRects@CComControlBase@ATL@@QAEJPBUtagRECT@@0@Z 1000735c f i Biometrics.obj
 0001:00006429       ?IOleInPlaceObject_UIDeactivate@CComControlBase@ATL@@QAEJXZ 10007429 f i Biometrics.obj
 0001:000064eb       ?IOleObject_Advise@CComControlBase@ATL@@QAEJPAUIAdviseSink@@PAK@Z 100074eb f i Biometrics.obj
 0001:00006515       ?IOleObject_Close@CComControlBase@ATL@@QAEJK@Z 10007515 f i Biometrics.obj
 0001:000065f9       ?IOleObject_GetClientSite@CComControlBase@ATL@@QAEJPAPAUIOleClientSite@@@Z 100075f9 f i Biometrics.obj
 0001:00006622       ?IOleObject_SetClientSite@CComControlBase@ATL@@QAEJPAUIOleClientSite@@@Z 10007622 f i Biometrics.obj
 0001:00006661       ?IOleObject_SetExtent@CComControlBase@ATL@@QAEJKPAUtagSIZE@@@Z 10007661 f i Biometrics.obj
 0001:00006715       ?IPSI_GetIPersistStreamInit@?$IPersistStorageImpl@VCOPOSBiometrics@@@ATL@@AAEPAUIPersistStreamInit@@XZ 10007715 f i Biometrics.obj
 0001:00006757       ?IPersistStreamInit_Load@?$IPersistStreamInitImpl@VCOPOSBiometrics@@@ATL@@QAEJPAUIStream@@PBUATL_PROPMAP_ENTRY@2@@Z 10007757 f i Biometrics.obj
 0001:00006783       ?IPersistStreamInit_Save@?$IPersistStreamInitImpl@VCOPOSBiometrics@@@ATL@@QAEJPAUIStream@@HPBUATL_PROPMAP_ENTRY@2@@Z 10007783 f i Biometrics.obj
 0001:000067b8       ?IQuickActivate_QuickActivate@CComControlBase@ATL@@QAEJPAUtagQACONTAINER@@PAUtagQACONTROL@@@Z 100077b8 f i Biometrics.obj
 0001:000069fa       ?IViewObject_Draw@CComControlBase@ATL@@QAEJKJPAXPAUtagDVTARGETDEVICE@@PAUHDC__@@2PBU_RECTL@@3@Z 100079fa f i Biometrics.obj
 0001:00006aa2       ?InPlaceActivate@CComControlBase@ATL@@QAEJJPBUtagRECT@@@Z 10007aa2 f i Biometrics.obj
 0001:00006d13       ?Init@?$CComEnumImpl@UIEnumConnectionPoints@@$1?_GUID_b196b285_bab4_101a_b69c_00aa00341d07@@3U__s_GUID@@BPAUIConnectionPoint@@V?$_CopyInterface@UIConnectionPoint@@@ATL@@@ATL@@QAEJPAPAUIConnectionPoint@@0PAUIUnknown@@W4CComEnumFlags@2@@Z 10007d13 f i Biometrics.obj
 0001:00006df2       ?Init@?$CComEnumImpl@UIEnumConnections@@$1?_GUID_b196b287_bab4_101a_b69c_00aa00341d07@@3U__s_GUID@@BUtagCONNECTDATA@@V?$_Copy@UtagCONNECTDATA@@@ATL@@@ATL@@QAEJPAUtagCONNECTDATA@@0PAUIUnknown@@W4CComEnumFlags@2@@Z 10007df2 f i Biometrics.obj
 0001:00006ed1       ?Init@CComModule@ATL@@QAEJPAU_ATL_OBJMAP_ENTRY30@2@PAUHINSTANCE__@@PBU_GUID@@@Z 10007ed1 f i Biometrics.obj
 0001:00006f30       ?Init@CDynamicStdCallThunk2@ATL@@QAEHKPAX@Z 10007f30 f i Biometrics.obj
 0001:00006f5b       ?InlineIsEqualUnknown@ATL@@YGHABU_GUID@@@Z 10007f5b f i Biometrics.obj
 0001:00006f83       ?InternalGetSite@CComControlBase@ATL@@QAEJABU_GUID@@PAPAX@Z 10007f83 f i Biometrics.obj
 0001:00006fb1       ?InternalSetAtIndex@?$CSimpleMap@PA_WPA_WVCExpansionVectorEqualHelper@ATL@@@ATL@@QAEXHABQA_W0@Z 10007fb1 f i Biometrics.obj
 0001:00006fdb       ?Invoke@CComTypeInfoHolder@ATL@@QAEJPAUIDispatch@@JABU_GUID@@KGPAUtagDISPPARAMS@@PAUtagVARIANT@@PAUtagEXCEPINFO@@PAI@Z 10007fdb f i Biometrics.obj
 0001:0000701e       ?IsEqualObject@?$CComPtrBase@UIOleClientSite@@@ATL@@QAE_NPAUIUnknown@@@Z 1000801e f i Biometrics.obj
 0001:0000701e       ?IsEqualObject@?$CComPtrBase@UITypeInfo@@@ATL@@QAE_NPAUIUnknown@@@Z 1000801e f i Biometrics.obj
 0001:0000708b       ?IsSpace@CRegParser@ATL@@IAEH_W@Z 1000808b f i Biometrics.obj
 0001:000070b5       ?LoadNameCache@CComTypeInfoHolder@ATL@@QAEJPAUITypeInfo@@@Z 100080b5 f i Biometrics.obj
 0001:00007203       ?Lookup@?$CSimpleMap@PA_WPA_WVCExpansionVectorEqualHelper@ATL@@@ATL@@QBEPA_WABQA_W@Z 10008203 f i Biometrics.obj
 0001:00007229       ?NextToken@CRegParser@ATL@@IAEJPA_W@Z 10008229 f i Biometrics.obj
 0001:00007361       ?OnKillFocus@CComControlBase@ATL@@QAEJIIJAAH@Z 10008361 f i Biometrics.obj
 0001:000073bc       ?OnMouseActivate@CComControlBase@ATL@@QAEJIIJAAH@Z 100083bc f i Biometrics.obj
 0001:0000742a       ?OnPaint@CComControlBase@ATL@@QAEJIIJAAH@Z 1000842a f i Biometrics.obj
 0001:000074dc       ?OnSetFocus@CComControlBase@ATL@@QAEJIIJAAH@Z 100084dc f i Biometrics.obj
 0001:00007565       ?Open@CRegKey@ATL@@QAEJPAUHKEY__@@PB_WK@Z 10008565 f i Biometrics.obj
 0001:000075ae       ?PreProcessBuffer@CRegParser@ATL@@QAEJPA_WPAPA_W@Z 100085ae f i Biometrics.obj
 0001:00007818       ?ProcessWindowMessage@?$CComControl@VCOPOSBiometrics@@V?$CWindowImpl@VCOPOSBiometrics@@VCWindow@ATL@@V?$CWinTraits@$0FGAAAAAA@$0A@@3@@ATL@@@ATL@@UAEHPAUHWND__@@IIJAAJK@Z 10008818 f i Biometrics.obj
 0001:000078b7       ?PutProperty@?$CComPtr@UIDispatch@@@ATL@@SAJPAUIDispatch@@JPAUtagVARIANT@@@Z 100088b7 f i Biometrics.obj
 0001:00007949       ?ReadFromStream@CComBSTR@ATL@@QAEJPAUIStream@@@Z 10008949 f i Biometrics.obj
 0001:00007a77       ?ReadFromStream@CComVariant@ATL@@QAEJPAUIStream@@GTClassesAllowedInStream@2@K@Z 10008a77 f i Biometrics.obj
 0001:00007bfd       ?RecurseDeleteKey@CRegKey@ATL@@QAEJPB_W@Z 10008bfd f i Biometrics.obj
 0001:00007cbf       ?RegCreateKeyExW@CAtlTransactionManager@ATL@@QAEJPAUHKEY__@@PB_WKPA_WKKQAU_SECURITY_ATTRIBUTES@@PAPAU3@PAK@Z 10008cbf f i Biometrics.obj
 0001:00007d22       ?RegDeleteKeyW@CAtlTransactionManager@ATL@@QAEJPAUHKEY__@@PB_W@Z 10008d22 f i Biometrics.obj
 0001:00007d74       ?RegOpenKeyExW@CAtlTransactionManager@ATL@@QAEJPAUHKEY__@@PB_WKKPAPAU3@@Z 10008d74 f i Biometrics.obj
 0001:00007dcb       ?Register@_ATL_WNDCLASSINFOW@ATL@@QAEGPAP6GJPAUHWND__@@IIJ@Z@Z 10008dcb f i Biometrics.obj
 0001:00007deb       ?RegisterBuffer@CRegParser@ATL@@QAEJPA_WH@Z 10008deb f i Biometrics.obj
 0001:00007f24       ?RegisterFromResource@CRegObject@ATL@@IAEJPB_W00H@Z 10008f24 f i Biometrics.obj
 0001:0000805a       ?RegisterServer@?$CAtlModuleT@VCComModule@ATL@@@ATL@@QAEJHPBU_GUID@@@Z 1000905a f i Biometrics.obj
 0001:00008088       ?RegisterServer@CComModule@ATL@@QAEJHPBU_GUID@@@Z 10009088 f i Biometrics.obj
 0001:000080fe       ?RegisterSubkeys@CRegParser@ATL@@IAEJPA_WPAUHKEY__@@HH@Z 100090fe f i Biometrics.obj
 0001:000086cd       ?Remove@CComDynamicUnkArray@ATL@@QAEHK@Z 100096cd f i Biometrics.obj
 0001:000086f6       ?RemoveAll@?$CSimpleMap@PA_WPA_WVCExpansionVectorEqualHelper@ATL@@@ATL@@QAEXXZ 100096f6 f i Biometrics.obj
 0001:00008722       ?ResourceRegisterSz@CRegObject@ATL@@QAGJPB_W00@Z 10009722 f i Biometrics.obj
 0001:0000874f       ?ResourceUnregisterSz@CRegObject@ATL@@QAGJPB_W00@Z 1000974f f i Biometrics.obj
 0001:0000877c       ?SendOnDataChange@CComControlBase@ATL@@QAEJK@Z 1000977c f i Biometrics.obj
 0001:000087c9       ?SetControlFocus@CComControlBase@ATL@@QAEHH@Z 100097c9 f i Biometrics.obj
 0001:00008866       ?SetMultiStringValue@CRegKey@ATL@@QAEJPB_W0@Z 10009866 f i Biometrics.obj
 0001:000088c2       ?SetStringValue@CRegKey@ATL@@QAEJPB_W0K@Z 100098c2 f i Biometrics.obj
 0001:0000890b       ?SkipAssignment@CRegParser@ATL@@IAEJPA_W@Z 1000990b f i Biometrics.obj
 0001:00008970       ?SkipWhiteSpace@CRegParser@ATL@@IAEXXZ 10009970 f i Biometrics.obj
 0001:00008992       ?StrChrW@CRegParser@ATL@@KAPA_WPA_W_W@Z 10009992 f i Biometrics.obj
 0001:000089cf       ?Term@CAtlModule@ATL@@QAEXXZ 100099cf f i Biometrics.obj
 0001:00008a08       ?Term@CComModule@ATL@@QAEXXZ 10009a08 f i Biometrics.obj
 0001:00008a60       ?UnregisterServer@?$CAtlModuleT@VCComModule@ATL@@@ATL@@QAEJHPBU_GUID@@@Z 10009a60 f i Biometrics.obj
 0001:00008a86       ?UnregisterServer@CComModule@ATL@@QAEJHPBU_GUID@@@Z 10009a86 f i Biometrics.obj
 0001:00008afc       ?UpdateRegistryFromResource@CAtlModule@ATL@@QAGJIHPAU_ATL_REGMAP_ENTRY@2@@Z 10009afc f i Biometrics.obj
 0001:00008cc7       ?UpdateRegistryFromResource@CAtlModule@ATL@@QAGJPB_WHPAU_ATL_REGMAP_ENTRY@2@@Z 10009cc7 f i Biometrics.obj
 0001:00008e98       ?VTFromRegType@CRegParser@ATL@@KAHPB_WAAG@Z 10009e98 f i Biometrics.obj
 0001:00008f05       ?WindowProc@?$CWindowImplBaseT@VCWindow@ATL@@V?$CWinTraits@$0FGAAAAAA@$0A@@2@@ATL@@SGJPAUHWND__@@IIJ@Z 10009f05 f i Biometrics.obj
 0001:00008ff7       ?WriteToStream@CComBSTR@ATL@@QAEJPAUIStream@@@Z 10009ff7 f i Biometrics.obj
 0001:0000904e       ?WriteToStream@CComVariant@ATL@@QAEJPAUIStream@@@Z 1000a04e f i Biometrics.obj
 0001:000091c8       ?WriteToStream@CComVariant@ATL@@QAEJPAUIStream@@G@Z 1000a1c8 f i Biometrics.obj
 0001:00009231       ?_AtlInitialConstruct@?$CComObjectRootEx@VCComMultiThreadModel@ATL@@@ATL@@QAEJXZ 1000a231 f i Biometrics.obj
 0001:00009246       ?_AtlVerifyStackAvailable@_ATL_SAFE_ALLOCA_IMPL@ATL@@YA_NK@Z 1000a246 f i Biometrics.obj
 0001:000092c4       ?copy@?$_Copy@UtagCONNECTDATA@@@ATL@@SAJPAUtagCONNECTDATA@@PBU3@@Z 1000a2c4 f i Biometrics.obj
 0001:000092fa       ?copy@?$_CopyInterface@UIConnectionPoint@@@ATL@@SAJPAPAUIConnectionPoint@@PBQAU3@@Z 1000a2fa f i Biometrics.obj
 0001:00009328       ?memcpy_s@Checked@ATL@@YAXPAXIPBXI@Z 1000a328 f i Biometrics.obj
 0001:00009347       ?ocscpy_s@@YA_NPA_WIPB_W@Z 1000a347 f i Biometrics.obj
 0001:00009376       ?ocslen@@YAHPB_W@Z         1000a376 f i Biometrics.obj
 0001:00009396       ?wcscpy_s@Checked@ATL@@YAXPA_WIPB_W@Z 1000a396 f i Biometrics.obj
 0001:000093b2       _DllCanUnloadNow@0         1000a3b2 f   Biometrics.obj
 0001:000093be       _DllGetClassObject@12      1000a3be f   Biometrics.obj
 0001:000093cc       _DllMain@12                1000a3cc f   Biometrics.obj
 0001:0000940e       _DllRegisterServer@0       1000a40e f   Biometrics.obj
 0001:0000941d       _DllUnregisterServer@0     1000a41d f   Biometrics.obj
 0001:0000942c       _InlineIsEqualGUID         1000a42c f i Biometrics.obj
 0001:0000945c       ___local_stdio_printf_options 1000a45c f i Biometrics.obj
 0001:00009462       __vswprintf_s_l            1000a462 f i Biometrics.obj
 0001:0000950f       _swprintf_s                1000a50f f i Biometrics.obj
 0001:0000952b       ??0?$CComControl@VCOPOSBiometrics@@V?$CWindowImpl@VCOPOSBiometrics@@VCWindow@ATL@@V?$CWinTraits@$0FGAAAAAA@$0A@@3@@ATL@@@ATL@@QAE@XZ 1000a52b f i BiometricsImpl.obj
 0001:00009552       ??0?$CProxy_IOPOSEvents@VCOPOSBiometrics@@@@QAE@XZ 1000a552 f i BiometricsImpl.obj
 0001:00009572       ??0CComControlBase@ATL@@QAE@AAPAUHWND__@@@Z 1000a572 f i BiometricsImpl.obj
 0001:000095bc       ??0COPOSBiometrics@@QAE@XZ 1000a5bc f   BiometricsImpl.obj
 0001:000095f2       ??1?$CComControl@VCOPOSBiometrics@@V?$CWindowImpl@VCOPOSBiometrics@@VCWindow@ATL@@V?$CWinTraits@$0FGAAAAAA@$0A@@3@@ATL@@@ATL@@UAE@XZ 1000a5f2 f i BiometricsImpl.obj
 0001:0000960b       ??1?$IConnectionPointImpl@VCOPOSBiometrics@@$1?DIID__IOPOSBiometricsEvents@@3U_GUID@@BVCComDynamicUnkArray@ATL@@@ATL@@QAE@XZ 1000a60b f i BiometricsImpl.obj
 0001:0000960b       ??1?$IConnectionPointImpl@VCOPOSBiometrics@@$1?IID_IPropertyNotifySink@@3U_GUID@@BVCComDynamicUnkArray@ATL@@@ATL@@QAE@XZ 1000a60b f i BiometricsImpl.obj
 0001:00009648       ??1CComControlBase@ATL@@UAE@XZ 1000a648 f i BiometricsImpl.obj
 0001:000096ab       ??1COPOSBiometrics@@UAE@XZ 1000a6ab f   BiometricsImpl.obj
 0001:000096f3       ??1OposVariantResult@@QAE@XZ 1000a6f3 f i BiometricsImpl.obj
 0001:00009714       ??1_CW@@QAE@XZ             1000a714 f i BiometricsImpl.obj
 0001:0000972d       ?BeginEnrollCapture@COPOSBiometrics@@UAGJPA_W0PAJ@Z 1000a72d f   BiometricsImpl.obj
 0001:000097ad       ?BeginVerifyCapture@COPOSBiometrics@@UAGJPAJ@Z 1000a7ad f   BiometricsImpl.obj
 0001:000097c8       ?CheckHealth@COPOSBiometrics@@UAGJJPAJ@Z 1000a7c8 f   BiometricsImpl.obj
 0001:00009817       ?ClaimDevice@COPOSBiometrics@@UAGJJPAJ@Z 1000a817 f   BiometricsImpl.obj
 0001:0000988c       ?ClearInput@COPOSBiometrics@@UAGJPAJ@Z 1000a88c f   BiometricsImpl.obj
 0001:000098a7       ?ClearInputProperties@COPOSBiometrics@@UAGJPAJ@Z 1000a8a7 f   BiometricsImpl.obj
 0001:000098c2       ?Close@COPOSBiometrics@@UAGJPAJ@Z 1000a8c2 f   BiometricsImpl.obj
 0001:00009930       ?CompareFirmwareVersion@COPOSBiometrics@@UAGJPA_WPAJ1@Z 1000a930 f   BiometricsImpl.obj
 0001:000099b0       ?DirectIO@COPOSBiometrics@@UAGJJPAJPAPA_W0@Z 1000a9b0 f   BiometricsImpl.obj
 0001:00009a5e       ?DoInvoke@COPOSBiometrics@@IAEJJPAVOposVariant@@IHPAJ_N@Z 1000aa5e f   BiometricsImpl.obj
 0001:00009b20       ?EndCapture@COPOSBiometrics@@UAGJPAJ@Z 1000ab20 f   BiometricsImpl.obj
 0001:00009b3b       ?EventClose@COPOSBiometrics@@IAEXXZ 1000ab3b f i BiometricsImpl.obj
 0001:00009b6e       ?EventInit@COPOSBiometrics@@IAEJXZ 1000ab6e f i BiometricsImpl.obj
 0001:00009c3a       ?EventUninit@COPOSBiometrics@@IAEXXZ 1000ac3a f i BiometricsImpl.obj
 0001:00009c8c       ?EventWindowProc@COPOSBiometrics@@IAGJIIJ@Z 1000ac8c f i BiometricsImpl.obj
 0001:00009d60       ?FinalConstruct@COPOSBiometrics@@QAEJXZ 1000ad60 f   BiometricsImpl.obj
 0001:00009d99       ?FireEventCleanup@COPOSBiometrics@@IAEXXZ 1000ad99 f i BiometricsImpl.obj
 0001:00009daf       ?FireEventSetup@COPOSBiometrics@@IAE_NXZ 1000adaf f i BiometricsImpl.obj
 0001:00009de3       ?FreezeEvents@COPOSBiometrics@@MAGJH@Z 1000ade3 f   BiometricsImpl.obj
 0001:00009e43       ?GetOposProp@COPOSBiometrics@@IAEJJPAFJ@Z 1000ae43 f   BiometricsImpl.obj
 0001:00009e66       ?GetOposProp@COPOSBiometrics@@IAEJJPAJJ@Z 1000ae66 f   BiometricsImpl.obj
 0001:00009f24       ?GetOposProp@COPOSBiometrics@@IAEJJPAPA_WJ@Z 1000af24 f   BiometricsImpl.obj
 0001:00009fef       ?Identify@COPOSBiometrics@@UAGJJJFUtagVARIANT@@PAU2@JPAJ@Z 1000afef f   BiometricsImpl.obj
 0001:0000a0fc       ?IdentifyMatch@COPOSBiometrics@@UAGJJJFPA_WUtagVARIANT@@PAU2@PAJ@Z 1000b0fc f   BiometricsImpl.obj
 0001:0000a21f       ?OnDraw@COPOSBiometrics@@MAEJAAUATL_DRAWINFO@@@Z 1000b21f f   BiometricsImpl.obj
 0001:0000a2bf       ?Open@COPOSBiometrics@@UAGJPA_WPAJ@Z 1000b2bf f   BiometricsImpl.obj
 0001:0000aa58       ?ProcessPrematchData@COPOSBiometrics@@UAGJPA_W0PAPA_WPAJ@Z 1000ba58 f   BiometricsImpl.obj
 0001:0000ab10       ?ReleaseDevice@COPOSBiometrics@@UAGJPAJ@Z 1000bb10 f   BiometricsImpl.obj
 0001:0000ab5f       ?ResetStatistics@COPOSBiometrics@@UAGJPA_WPAJ@Z 1000bb5f f   BiometricsImpl.obj
 0001:0000abb6       ?RetrieveStatistics@COPOSBiometrics@@UAGJPAPA_WPAJ@Z 1000bbb6 f   BiometricsImpl.obj
 0001:0000ac0d       ?SOProcessID@COPOSBiometrics@@UAGJPAJ@Z 1000bc0d f   BiometricsImpl.obj
 0001:0000ac21       ?SetCOFreezeEvents@COPOSBiometrics@@IAEXF@Z 1000bc21 f   BiometricsImpl.obj
 0001:0000acac       ?SetOposProp@COPOSBiometrics@@IAEJJJJ@Z 1000bcac f   BiometricsImpl.obj
 0001:0000ad8a       ?UpdateFirmware@COPOSBiometrics@@UAGJPA_WPAJ@Z 1000bd8a f   BiometricsImpl.obj
 0001:0000ade1       ?UpdateStatistics@COPOSBiometrics@@UAGJPA_WPAJ@Z 1000bde1 f   BiometricsImpl.obj
 0001:0000ae38       ?Verify@COPOSBiometrics@@UAGJJJFPA_WPAPA_WPAFPAJ31J3@Z 1000be38 f   BiometricsImpl.obj
 0001:0000afaf       ?VerifyMatch@COPOSBiometrics@@UAGJJJFPA_W0PAPA_WPAFPAJ313@Z 1000bfaf f   BiometricsImpl.obj
 0001:0000b139       ?get_Algorithm@COPOSBiometrics@@UAGJPAJ@Z 1000c139 f   BiometricsImpl.obj
 0001:0000b152       ?get_AlgorithmList@COPOSBiometrics@@UAGJPAPA_W@Z 1000c152 f   BiometricsImpl.obj
 0001:0000b16b       ?get_AutoDisable@COPOSBiometrics@@UAGJPAF@Z 1000c16b f   BiometricsImpl.obj
 0001:0000b181       ?get_BIR@COPOSBiometrics@@UAGJPAPA_W@Z 1000c181 f   BiometricsImpl.obj
 0001:0000b19a       ?get_BinaryConversion@COPOSBiometrics@@UAGJPAJ@Z 1000c19a f   BiometricsImpl.obj
 0001:0000b1b0       ?get_CapCompareFirmwareVersion@COPOSBiometrics@@UAGJPAF@Z 1000c1b0 f   BiometricsImpl.obj
 0001:0000b1c9       ?get_CapPowerReporting@COPOSBiometrics@@UAGJPAJ@Z 1000c1c9 f   BiometricsImpl.obj
 0001:0000b1e2       ?get_CapPrematchData@COPOSBiometrics@@UAGJPAF@Z 1000c1e2 f   BiometricsImpl.obj
 0001:0000b1fb       ?get_CapRawSensorData@COPOSBiometrics@@UAGJPAF@Z 1000c1fb f   BiometricsImpl.obj
 0001:0000b214       ?get_CapRealTimeData@COPOSBiometrics@@UAGJPAF@Z 1000c214 f   BiometricsImpl.obj
 0001:0000b22d       ?get_CapSensorColor@COPOSBiometrics@@UAGJPAJ@Z 1000c22d f   BiometricsImpl.obj
 0001:0000b246       ?get_CapSensorOrientation@COPOSBiometrics@@UAGJPAJ@Z 1000c246 f   BiometricsImpl.obj
 0001:0000b25f       ?get_CapSensorType@COPOSBiometrics@@UAGJPAJ@Z 1000c25f f   BiometricsImpl.obj
 0001:0000b278       ?get_CapStatisticsReporting@COPOSBiometrics@@UAGJPAF@Z 1000c278 f   BiometricsImpl.obj
 0001:0000b291       ?get_CapTemplateAdaptation@COPOSBiometrics@@UAGJPAF@Z 1000c291 f   BiometricsImpl.obj
 0001:0000b2aa       ?get_CapUpdateFirmware@COPOSBiometrics@@UAGJPAF@Z 1000c2aa f   BiometricsImpl.obj
 0001:0000b2c3       ?get_CapUpdateStatistics@COPOSBiometrics@@UAGJPAF@Z 1000c2c3 f   BiometricsImpl.obj
 0001:0000b2dc       ?get_CheckHealthText@COPOSBiometrics@@UAGJPAPA_W@Z 1000c2dc f   BiometricsImpl.obj
 0001:0000b2f5       ?get_Claimed@COPOSBiometrics@@UAGJPAF@Z 1000c2f5 f   BiometricsImpl.obj
 0001:0000b30b       ?get_ControlObjectDescription@COPOSBiometrics@@UAGJPAPA_W@Z 1000c30b f   BiometricsImpl.obj
 0001:0000b348       ?get_ControlObjectVersion@COPOSBiometrics@@UAGJPAJ@Z 1000c348 f   BiometricsImpl.obj
 0001:0000b35b       ?get_DataCount@COPOSBiometrics@@UAGJPAJ@Z 1000c35b f   BiometricsImpl.obj
 0001:0000b371       ?get_DataEventEnabled@COPOSBiometrics@@UAGJPAF@Z 1000c371 f   BiometricsImpl.obj
 0001:0000b387       ?get_DeviceDescription@COPOSBiometrics@@UAGJPAPA_W@Z 1000c387 f   BiometricsImpl.obj
 0001:0000b3a0       ?get_DeviceEnabled@COPOSBiometrics@@UAGJPAF@Z 1000c3a0 f   BiometricsImpl.obj
 0001:0000b3b6       ?get_DeviceName@COPOSBiometrics@@UAGJPAPA_W@Z 1000c3b6 f   BiometricsImpl.obj
 0001:0000b3cf       ?get_FreezeEvents@COPOSBiometrics@@UAGJPAF@Z 1000c3cf f   BiometricsImpl.obj
 0001:0000b3e5       ?get_OpenResult@COPOSBiometrics@@UAGJPAJ@Z 1000c3e5 f   BiometricsImpl.obj
 0001:0000b3fc       ?get_PowerNotify@COPOSBiometrics@@UAGJPAJ@Z 1000c3fc f   BiometricsImpl.obj
 0001:0000b412       ?get_PowerState@COPOSBiometrics@@UAGJPAJ@Z 1000c412 f   BiometricsImpl.obj
 0001:0000b428       ?get_RawSensorData@COPOSBiometrics@@UAGJPAPA_W@Z 1000c428 f   BiometricsImpl.obj
 0001:0000b441       ?get_RealTimeDataEnabled@COPOSBiometrics@@UAGJPAF@Z 1000c441 f   BiometricsImpl.obj
 0001:0000b45a       ?get_ResultCode@COPOSBiometrics@@UAGJPAJ@Z 1000c45a f   BiometricsImpl.obj
 0001:0000b498       ?get_ResultCodeExtended@COPOSBiometrics@@UAGJPAJ@Z 1000c498 f   BiometricsImpl.obj
 0001:0000b4ae       ?get_SensorBPP@COPOSBiometrics@@UAGJPAJ@Z 1000c4ae f   BiometricsImpl.obj
 0001:0000b4c7       ?get_SensorColor@COPOSBiometrics@@UAGJPAJ@Z 1000c4c7 f   BiometricsImpl.obj
 0001:0000b4e0       ?get_SensorHeight@COPOSBiometrics@@UAGJPAJ@Z 1000c4e0 f   BiometricsImpl.obj
 0001:0000b4f9       ?get_SensorOrientation@COPOSBiometrics@@UAGJPAJ@Z 1000c4f9 f   BiometricsImpl.obj
 0001:0000b512       ?get_SensorType@COPOSBiometrics@@UAGJPAJ@Z 1000c512 f   BiometricsImpl.obj
 0001:0000b52b       ?get_SensorWidth@COPOSBiometrics@@UAGJPAJ@Z 1000c52b f   BiometricsImpl.obj
 0001:0000b544       ?get_ServiceObjectDescription@COPOSBiometrics@@UAGJPAPA_W@Z 1000c544 f   BiometricsImpl.obj
 0001:0000b55d       ?get_ServiceObjectVersion@COPOSBiometrics@@UAGJPAJ@Z 1000c55d f   BiometricsImpl.obj
 0001:0000b573       ?get_State@COPOSBiometrics@@UAGJPAJ@Z 1000c573 f   BiometricsImpl.obj
 0001:0000b59f       ?put_Algorithm@COPOSBiometrics@@UAGJJ@Z 1000c59f f   BiometricsImpl.obj
 0001:0000b5b8       ?put_AutoDisable@COPOSBiometrics@@UAGJF@Z 1000c5b8 f   BiometricsImpl.obj
 0001:0000b5d5       ?put_BinaryConversion@COPOSBiometrics@@UAGJJ@Z 1000c5d5 f   BiometricsImpl.obj
 0001:0000b5eb       ?put_DataEventEnabled@COPOSBiometrics@@UAGJF@Z 1000c5eb f   BiometricsImpl.obj
 0001:0000b608       ?put_DeviceEnabled@COPOSBiometrics@@UAGJF@Z 1000c608 f   BiometricsImpl.obj
 0001:0000b625       ?put_FreezeEvents@COPOSBiometrics@@UAGJF@Z 1000c625 f   BiometricsImpl.obj
 0001:0000b671       ?put_PowerNotify@COPOSBiometrics@@UAGJJ@Z 1000c671 f   BiometricsImpl.obj
 0001:0000b687       ?put_RealTimeDataEnabled@COPOSBiometrics@@UAGJF@Z 1000c687 f   BiometricsImpl.obj
 0001:0000b6a7       ?put_SensorColor@COPOSBiometrics@@UAGJJ@Z 1000c6a7 f   BiometricsImpl.obj
 0001:0000b6c0       ?put_SensorOrientation@COPOSBiometrics@@UAGJJ@Z 1000c6c0 f   BiometricsImpl.obj
 0001:0000b6d9       ?put_SensorType@COPOSBiometrics@@UAGJJ@Z 1000c6d9 f   BiometricsImpl.obj
 0001:0000b6f2       ?s_EventWindowProc@COPOSBiometrics@@KGJPAUHWND__@@IIJ@Z 1000c6f2 f i BiometricsImpl.obj
 0001:0000b744       ??_U@YAPAXI@Z              1000c744 f   LIBCMT:new_array.obj
 0001:0000b74d       ??3@YAXPAXI@Z              1000c74d f   LIBCMT:delete_scalar_size.obj
 0001:0000b75b       ??_V@YAXPAX@Z              1000c75b f   LIBCMT:delete_array.obj
 0001:0000b760       ??_V@YAXPAXI@Z             1000c760 f   LIBCMT:delete_array_size.obj
 0001:0000b76e       ??$__crt_fast_encode_pointer@PAP6AXXZ@@YAPAP6AXXZQAP6AXXZ@Z 1000c76e f i LIBCMT:utility.obj
 0001:0000b76e       ??$__crt_fast_encode_pointer@P6GHPAU_RTL_CONDITION_VARIABLE@@PAU_RTL_CRITICAL_SECTION@@K@Z@@YAP6GHPAU_RTL_CONDITION_VARIABLE@@PAU_RTL_CRITICAL_SECTION@@K@ZQ6GH01K@Z@Z 1000c76e f i LIBCMT:thread_safe_statics.obj
 0001:0000b76e       ??$__crt_fast_encode_pointer@PAX@@YAPAXQAX@Z 1000c76e f i libvcruntime:winapi_downlevel.obj
[...]
 0002:00002bf8       ?candidate_modules@?1??try_get_LocaleNameToLCID@@YAP6GKPB_WK@ZXZ@4QBW4module_id@?A0x391cf84c@@B 10021bf8     libucrt:winapi_thunks.obj
 0002:00002c14       ?candidate_modules@?1??try_get_AppPolicyGetProcessTerminationMethod@@YAP6GJPAXPAW4AppPolicyProcessTerminationMethod@@@ZXZ@4QBW4module_id@?A0x391cf84c@@B 10021c14     libucrt:winapi_thunks.obj
 0002:00002c40       ?candidate_modules@?1??try_get_SetThreadStackGuarantee@@YAP6GHPAK@ZXZ@4QBW4module_id@?A0x391cf84c@@B 10021c40     libucrt:winapi_thunks.obj
 0002:0000316c       ?_mb_locale_names@@3QBQB_WB 1002216c     libucrt:mbctype.obj
 0002:000039b8       ?LcidToLocaleNameTable@?A0x881e4c05@@3QBULcidToLocaleName@1@B 100229b8     libucrt:lcidtoname_downlevel.obj
 0002:00004ae0       ?LocaleNameToIndexTable@?A0x881e4c05@@3QBULocaleNameIndex@1@B 10023ae0     libucrt:lcidtoname_downlevel.obj
 0002:00006420       LOG_name                   10025420     libucrt:log10.obj
 0002:00006430       _One                       10025430     libucrt:ceil_pentium4.obj
 0002:00006440       _Bns                       10025440     libucrt:ceil_pentium4.obj
 0002:00006450       _Zero                      10025450     libucrt:ceil_pentium4.obj
 0002:00006460       _S                         10025460     libucrt:ceil_pentium4.obj
 0002:00006470       _NegZero                   10025470     libucrt:ceil_pentium4.obj
 0002:00006480       emask                      10025480     libucrt:log10_pentium4.obj
 0002:00006490       CC                         10025490     libucrt:log10_pentium4.obj
 0002:000064a0       Magic                      100254a0     libucrt:log10_pentium4.obj
 0002:000064b0       hi_mask                    100254b0     libucrt:log10_pentium4.obj
 0002:000064c0       LOG10_2                    100254c0     libucrt:log10_pentium4.obj
 0002:000064d0       place_L                    100254d0     libucrt:log10_pentium4.obj
 0002:000064f0       One                        100254f0     libucrt:log10_pentium4.obj
 0002:00006500       Zero                       10025500     libucrt:log10_pentium4.obj
 0002:00006510       Two52                      10025510     libucrt:log10_pentium4.obj
 0002:00006520       Infs                       10025520     libucrt:log10_pentium4.obj
 0002:00006530       NaN                        10025530     libucrt:log10_pentium4.obj
 0002:00006540       coeff                      10025540     libucrt:log10_pentium4.obj
 0002:0000659e       _log2max                   1002559e     libucrt:87tran.obj
 0002:000065a8       _smallarg                  100255a8     libucrt:87tran.obj
 0002:000065b2       _half                      100255b2     libucrt:87tran.obj
 0002:000065fe       One                        100255fe     libucrt:87disp.obj
 0002:00006606       Three                      10025606     libucrt:87disp.obj
 0002:0000660e       XAMtoTagTab                1002560e     libucrt:87disp.obj
 0002:00006620       One                        10025620     libucrt:common.obj
 0002:00006634       DblMax                     10025634     libucrt:common.obj
 0002:0000663c       DblMin                     1002563c     libucrt:common.obj
 0002:00006644       IeeeAdjO                   10025644     libucrt:common.obj
 0002:0000664c       IeeeAdjU                   1002564c     libucrt:common.obj
 0002:00006654       _infinity                  10025654     libucrt:common.obj
 0002:0000665c       _zero                      1002565c     libucrt:common.obj
 0002:00006698       _over                      10025698     libucrt:fpctrl.obj
 0002:000066a4       _under                     100256a4     libucrt:fpctrl.obj
 0002:00006ed8       ?_names@?1??_get_fname@@9@9 10025ed8     libucrt:fpexcept.obj
 0002:00007740       __sehtable$?_AtlVerifyStackAvailable@_ATL_SAFE_ALLOCA_IMPL@ATL@@YA_NK@Z 10026740     Biometrics.obj
 0002:00007760       __sehtable$___scrt_is_nonwritable_in_current_image 10026760     LIBCMT:utility.obj
 0002:0000777c       __ehfuncinfo$?__scrt_initialize_thread_safe_statics_platform_specific@@YAXXZ 1002677c     LIBCMT:thread_safe_statics.obj
 0002:000077a0       __catchsym$??2@YAPAXIABUnothrow_t@std@@@Z$2 100267a0     LIBCMT:new_scalar_nothrow.obj
 0002:000077b0       __unwindtable$??2@YAPAXIABUnothrow_t@std@@@Z 100267b0     LIBCMT:new_scalar_nothrow.obj
 0002:000077c0       __tryblocktable$??2@YAPAXIABUnothrow_t@std@@@Z 100267c0     LIBCMT:new_scalar_nothrow.obj
 0002:000077d4       __ehfuncinfo$??2@YAPAXIABUnothrow_t@std@@@Z 100267d4     LIBCMT:new_scalar_nothrow.obj
 0002:000077f8       __sehtable$?dllmain_crt_process_attach@@YAHQAUHINSTANCE__@@QAX@Z 100267f8     LIBCMT:dll_dllmain.obj
 0002:00007818       __sehtable$?dllmain_crt_process_detach@@YAH_N@Z 10026818     LIBCMT:dll_dllmain.obj
 0002:00007838       __sehtable$?dllmain_dispatch@@YAHQAUHINSTANCE__@@KQAX@Z 10026838     LIBCMT:dll_dllmain.obj
 0002:000078e8       __sehtable$?FrameUnwindToState@__FrameHandler3@@SAXPAUEHRegistrationNode@@PAXPBU_s_FuncInfo@@H@Z 100268e8     libvcruntime:frame.obj
 0002:00007910       __sehtable$?CallCatchBlock@@YAPAXPAUEHExceptionRecord@@PAUEHRegistrationNode@@PAU_CONTEXT@@PBU_s_FuncInfo@@PAXHK@Z 10026910     libvcruntime:frame.obj
 0002:00007938       __catchsym$?CallUnexpected@@YAXPBU_s_ESTypeList@@@Z$2 10026938     libvcruntime:frame.obj
 0002:00007948       __unwindtable$?CallUnexpected@@YAXPBU_s_ESTypeList@@@Z 10026948     libvcruntime:frame.obj
 0002:00007958       __tryblocktable$?CallUnexpected@@YAXPBU_s_ESTypeList@@@Z 10026958     libvcruntime:frame.obj
 0002:0000796c       __ehfuncinfo$?CallUnexpected@@YAXPBU_s_ESTypeList@@@Z 1002696c     libvcruntime:frame.obj
 0002:00007990       __sehtable$??$BuildCatchObjectHelperInternal@$$CBU_s_HandlerType@@@@YAHPAUEHExceptionRecord@@PAXPBU_s_HandlerType@@PBU_s_CatchableType@@@Z 10026990     libvcruntime:frame.obj
 0002:000079b0       __sehtable$??$BuildCatchObjectInternal@$$CBU_s_HandlerType@@@@YAXPAUEHExceptionRecord@@PAXPBU_s_HandlerType@@PBU_s_CatchableType@@@Z 100269b0     libvcruntime:frame.obj
 0002:00007a08       __sehtable$___DestructExceptionObject 10026a08     libvcruntime:ehhelpers.obj
 0002:00007a28       __sehtable$??R<lambda_6e4b09c48022b2350581041d5f6b0c4c>@@QBE@XZ 10026a28     libucrt:exit.obj
 0002:00007a48       __sehtable$??$?RV<lambda_03b1d95aef87969028cfba75ccab2455>@@AAV<lambda_6e4b09c48022b2350581041d5f6b0c4c>@@V<lambda_22bdf7517842c4b3e53723af5aa32b9e>@@@?$__crt_seh_guarded_call@X@@QAEX$$QAV<lambda_03b1d95aef87969028cfba75ccab2455>@@AAV<lambda_6e4b09c48022b2350581041d5f6b0c4c>@@$$QAV<lambda_22bdf7517842c4b3e53723af5aa32b9e>@@@Z 10026a48     libucrt:exit.obj
 0002:00007a68       __sehtable$??$?RV<lambda_8e746cf0007f6ed984d6f78af1fec997>@@AAV<lambda_22ebabd17bc4fa466a2aca6d8deb888d>@@V<lambda_18ed0c0b38a6dc0daf1e7ac6d6adf05e>@@@?$__crt_seh_guarded_call@H@@QAEH$$QAV<lambda_8e746cf0007f6ed984d6f78af1fec997>@@AAV<lambda_22ebabd17bc4fa466a2aca6d8deb888d>@@$$QAV<lambda_18ed0c0b38a6dc0daf1e7ac6d6adf05e>@@@Z 10026a68     libucrt:onexit.obj
 0002:00007a88       __sehtable$??$?RV<lambda_69a2805e680e0e292e8ba93315fe43a8>@@AAV<lambda_f03950bc5685219e0bcd2087efbe011e>@@V<lambda_03fcd07e894ec930e3f35da366ca99d6>@@@?$__crt_seh_guarded_call@H@@QAEH$$QAV<lambda_69a2805e680e0e292e8ba93315fe43a8>@@AAV<lambda_f03950bc5685219e0bcd2087efbe011e>@@$$QAV<lambda_03fcd07e894ec930e3f35da366ca99d6>@@@Z 10026a88     libucrt:onexit.obj
 0002:00007aa8       __sehtable$__query_new_handler 10026aa8     libucrt:new_handler.obj
 0002:00007ac8       __sehtable$_terminate      10026ac8     libucrt:terminate.obj
 0002:00007ae8       __sehtable$??$?RV<lambda_15ade71b0218206bbe3333a0c9b79046>@@AAV<lambda_da44e0f8b0f19ba52fefafb335991732>@@V<lambda_207f2d024fc103971653565357d6cd41>@@@?$__crt_seh_guarded_call@X@@QAEX$$QAV<lambda_15ade71b0218206bbe3333a0c9b79046>@@AAV<lambda_da44e0f8b0f19ba52fefafb335991732>@@$$QAV<lambda_207f2d024fc103971653565357d6cd41>@@@Z 10026ae8     libucrt:per_thread_data.obj
 0002:00007b08       __sehtable$??$?RV<lambda_a7e850c220f1c8d1e6efeecdedd162c6>@@AAV<lambda_46720907175c18b6c9d2717bc0d2d362>@@V<lambda_9048902d66e8d99359bc9897bbb930a8>@@@?$__crt_seh_guarded_call@X@@QAEX$$QAV<lambda_a7e850c220f1c8d1e6efeecdedd162c6>@@AAV<lambda_46720907175c18b6c9d2717bc0d2d362>@@$$QAV<lambda_9048902d66e8d99359bc9897bbb930a8>@@@Z 10026b08     libucrt:per_thread_data.obj
 0002:00007b28       __sehtable$??$?RV<lambda_38edbb1296d33220d7e4dd0ed76b244a>@@AAV<lambda_5ce1d447e08cb34b2473517608e21441>@@V<lambda_fb385d3da700c9147fc39e65dd577a8c>@@@?$__crt_seh_guarded_call@X@@QAEX$$QAV<lambda_38edbb1296d33220d7e4dd0ed76b244a>@@AAV<lambda_5ce1d447e08cb34b2473517608e21441>@@$$QAV<lambda_fb385d3da700c9147fc39e65dd577a8c>@@@Z 10026b28     libucrt:per_thread_data.obj
 0002:00007b48       __sehtable$??$?RV<lambda_6affb1475c98b40b75cdec977db92e3c>@@AAV<lambda_b8d4b9c228a6ecc3f80208dbb4b4a104>@@V<lambda_608742c3c92a14382c1684fc64f96c88>@@@?$__crt_seh_guarded_call@X@@QAEX$$QAV<lambda_6affb1475c98b40b75cdec977db92e3c>@@AAV<lambda_b8d4b9c228a6ecc3f80208dbb4b4a104>@@$$QAV<lambda_608742c3c92a14382c1684fc64f96c88>@@@Z 10026b48     libucrt:per_thread_data.obj
 0002:00007b68       __sehtable$??$?RV<lambda_e5124f882df8998aaf41531e079ba474>@@AAV<lambda_3e16ef9562a7dcce91392c22ab16ea36>@@V<lambda_e25ca0880e6ef98be67edffd8c599615>@@@?$__crt_seh_guarded_call@X@@QAEX$$QAV<lambda_e5124f882df8998aaf41531e079ba474>@@AAV<lambda_3e16ef9562a7dcce91392c22ab16ea36>@@$$QAV<lambda_e25ca0880e6ef98be67edffd8c599615>@@@Z 10026b68     libucrt:wsetlocale.obj
 0002:00007b88       __sehtable$___acrt_initialize_lowio 10026b88     libucrt:ioinit.obj
 0002:00007ba8       __sehtable$?update_thread_multibyte_data_internal@@YAPAU__crt_multibyte_data@@QAU__acrt_ptd@@QAU1@@Z 10026ba8     libucrt:mbctype.obj
 0002:00007bc8       __sehtable$??$?RV<lambda_ceb1ee4838e85a9d631eb091e2fbe199>@@AAV<lambda_ae742caa10f662c28703da3d2ea5e57e>@@V<lambda_cd08b5d6af4937fe54fc07d0c9bf6b37>@@@?$__crt_seh_guarded_call@X@@QAEX$$QAV<lambda_ceb1ee4838e85a9d631eb091e2fbe199>@@AAV<lambda_ae742caa10f662c28703da3d2ea5e57e>@@$$QAV<lambda_cd08b5d6af4937fe54fc07d0c9bf6b37>@@@Z 10026bc8     libucrt:mbctype.obj
 0002:00007be8       __sehtable$_raise          10026be8     libucrt:signal.obj
 0002:00007c08       __sehtable$??$?RV<lambda_cbab9ec6f41b0180b23cc171c22676b0>@@AAV<lambda_44731a7d0e6d81c3e6aa82d741081786>@@V<lambda_4b292cb8dd18144e164572427af410ab>@@@?$__crt_seh_guarded_call@P6AXH@Z@@QAEP6AXH@Z$$QAV<lambda_cbab9ec6f41b0180b23cc171c22676b0>@@AAV<lambda_44731a7d0e6d81c3e6aa82d741081786>@@$$QAV<lambda_4b292cb8dd18144e164572427af410ab>@@@Z 10026c08     libucrt:signal.obj
 0002:00007c28       __sehtable$___acrt_update_thread_locale_data 10026c28     libucrt:locale_refcounting.obj
 0002:00007c48       __sehtable$__fcloseall     10026c48     libucrt:closeall.obj
 0002:00007c68       __sehtable$??$?RV<lambda_2866be3712abc81a800a822484c830d8>@@AAV<lambda_39ca0ed439415581b5b15c265174cece>@@V<lambda_2b24c74d71094a6cd0cb82e44167d71b>@@@?$__crt_seh_guarded_call@X@@QAEX$$QAV<lambda_2866be3712abc81a800a822484c830d8>@@AAV<lambda_39ca0ed439415581b5b15c265174cece>@@$$QAV<lambda_2b24c74d71094a6cd0cb82e44167d71b>@@@Z 10026c68     libucrt:fflush.obj
 0002:00007c88       __sehtable$??$?RV<lambda_2cc53f568c5a2bb6f192f930a45d44ea>@@AAV<lambda_ab61a845afdef5b7c387490eaf3616ee>@@V<lambda_c2ffc0b7726aa6be21d5f0026187e748>@@@?$__crt_seh_guarded_call@X@@QAEX$$QAV<lambda_2cc53f568c5a2bb6f192f930a45d44ea>@@AAV<lambda_ab61a845afdef5b7c387490eaf3616ee>@@$$QAV<lambda_c2ffc0b7726aa6be21d5f0026187e748>@@@Z 10026c88     libucrt:fflush.obj
 0002:00007ca8       __sehtable$___acrt_lowio_ensure_fh_exists 10026ca8     libucrt:osfinfo.obj
 0002:00007cc8       __sehtable$__write         10026cc8     libucrt:write.obj
 0002:00007ce8       __sehtable$_fclose         10026ce8     libucrt:fclose.obj
 0002:00007d08       __sehtable$??$?RV<lambda_9e9de3de5fa147e2223d7db92bc10aa6>@@AAV<lambda_38ce7e780aa69e748d6df282ebc68efe>@@V<lambda_8ca6da459f0f6780f1cff60fdc3d00e5>@@@?$__crt_seh_guarded_call@H@@QAEH$$QAV<lambda_9e9de3de5fa147e2223d7db92bc10aa6>@@AAV<lambda_38ce7e780aa69e748d6df282ebc68efe>@@$$QAV<lambda_8ca6da459f0f6780f1cff60fdc3d00e5>@@@Z 10026d08     libucrt:commit.obj
 0002:00007d28       __sehtable$??$?RV<lambda_218ce3db14220d0be481dae8ef3383b6>@@AAV<lambda_628dfdc04ba53c8bfc02c9951375f3f5>@@V<lambda_57dc472bd5c9d5f3b2cbca59b8a843ae>@@@?$__crt_seh_guarded_call@H@@QAEH$$QAV<lambda_218ce3db14220d0be481dae8ef3383b6>@@AAV<lambda_628dfdc04ba53c8bfc02c9951375f3f5>@@$$QAV<lambda_57dc472bd5c9d5f3b2cbca59b8a843ae>@@@Z 10026d28     libucrt:close.obj
 0002:00007d48       __sehtable$__IsNonwritableInCurrentImage 10026d48     LIBCMT:pesect.obj
 0002:00007d70       .edata                     10026d70     OPOSBiometrics.exp
 0002:00007d98       rgpv                       10026d98     OPOSBiometrics.exp
 0002:00007da8       rgszName                   10026da8     OPOSBiometrics.exp
 0002:00007db8       rgwOrd                     10026db8     OPOSBiometrics.exp
 0002:00007dc0       szName                     10026dc0     OPOSBiometrics.exp
 0002:00007dd3       $N00001                    10026dd3     OPOSBiometrics.exp
 0002:00007de3       $N00002                    10026de3     OPOSBiometrics.exp
 0002:00007df5       $N00003                    10026df5     OPOSBiometrics.exp
 0002:00007e07       $N00004                    10026e07     OPOSBiometrics.exp
 0002:00008424       .idata$6                   10027424     kernel32:KERNEL32.dll
 0002:00008638       .idata$6                   10027638     user32:USER32.dll
 0002:0000876c       .idata$6                   1002776c     gdi32:GDI32.dll
 0002:00008812       .idata$6                   10027812     advapi32:ADVAPI32.dll
 0002:0000892e       .idata$6                   1002792e     ole32:ole32.dll
 0002:00008938       .idata$6                   10027938     oleaut32:OLEAUT32.dll
 0003:00000110       ?ObjectMap@@3PAU_ATL_OBJMAP_ENTRY30@ATL@@A 10028110     Biometrics.obj
 0003:000001b8       ?s_SOMethodNames@@3PAPADA  100281b8     BiometricsImpl.obj
 0003:00000224       ?s_RequiredMethodsPerRelease@@3PAHA 10028224     BiometricsImpl.obj
 0003:00000240       ?__vcrt_flsindex@@3KA      10028240     libvcruntime:per_thread_data.obj
 0003:00000260       ?errno_no_memory@@3HA      10028260     libucrt:errno.obj
 0003:00000264       ?doserrno_no_memory@@3KA   10028264     libucrt:errno.obj
 0003:00000270       ?__acrt_flsindex@@3KA      10028270     libucrt:per_thread_data.obj
 0003:000003e8       __mbctypes                 100283e8     libucrt:mbctype.obj
 0003:000004f0       __mbcasemaps               100284f0     libucrt:mbctype.obj
 0003:000005f0       ?__rgctypeflag@@3PADA      100285f0     libucrt:mbctype.obj
 0003:000005f8       ?__rgcode_page_info@@3PAUcode_page_info@@A 100285f8     libucrt:mbctype.obj
 0003:00000b00       ?is_initialized_as_dll@@3_NA 10028b00     LIBCMT:utility.obj
 0003:00000b01       ?module_local_atexit_table_initialized@@3_NA 10028b01     LIBCMT:utility.obj
 0003:00000b04       ?module_local_atexit_table@@3U_onexit_table_t@@A 10028b04     LIBCMT:utility.obj
 0003:00000b10       ?module_local_at_quick_exit_table@@3U_onexit_table_t@@A 10028b10     LIBCMT:utility.obj
 0003:00000b1c       ?_Tss_mutex@@3U_RTL_CRITICAL_SECTION@@A 10028b1c     LIBCMT:thread_safe_statics.obj
 0003:00000b34       ?_Tss_cv@@3U_RTL_CONDITION_VARIABLE@@A 10028b34     LIBCMT:thread_safe_statics.obj
 0003:00000b38       ?_Tss_event@@3PAXA         10028b38     LIBCMT:thread_safe_statics.obj
 0003:00000b3c       ?encoded_sleep_condition_variable_cs@@3P6GHPAU_RTL_CONDITION_VARIABLE@@PAU_RTL_CRITICAL_SECTION@@K@ZA 10028b3c     LIBCMT:thread_safe_statics.obj
 0003:00000b40       ?encoded_wake_all_condition_variable@@3P6GXPAU_RTL_CONDITION_VARIABLE@@@ZA 10028b40     LIBCMT:thread_safe_statics.obj
 0003:00000b48       _GS_ExceptionRecord        10028b48     LIBCMT:gs_report.obj
 0003:00000b98       _GS_ContextRecord          10028b98     LIBCMT:gs_report.obj
 0003:00000e68       ?__proc_attached@@3HA      10028e68     LIBCMT:dll_dllmain.obj
 0003:00000ec4       ?AllocateData@@3P6GPAUAtlThunkData_t@@XZA 10028ec4     atls:atlthunk.obj
 0003:00000ec8       ?InitData@@3P6GXPAUAtlThunkData_t@@PAXI@ZA 10028ec8     atls:atlthunk.obj
 0003:00000ecc       ?DataToCode@@3P6GP6GJPAUHWND__@@IIJ@ZPAUAtlThunkData_t@@@ZA 10028ecc     atls:atlthunk.obj
 0003:00000ed0       ?FreeData@@3P6GXPAUAtlThunkData_t@@@ZA 10028ed0     atls:atlthunk.obj
 0003:00000ed4       ?Initialized@@3_NA         10028ed4     atls:atlthunk.obj
 0003:00000ee0       ?__vcrt_startup_thread_ptd@@3U__vcrt_ptd@@A 10028ee0     libvcruntime:per_thread_data.obj
 0003:00000f08       ___vcrt_lock_table         10028f08     libvcruntime:locks.obj
 0003:00000f20       ___vcrt_locks_initialized  10028f20     libvcruntime:locks.obj
 0003:00000f24       ?module_handles@@3PAPAUHINSTANCE__@@A 10028f24     libvcruntime:winapi_downlevel.obj
 0003:00000f30       ?encoded_function_pointers@@3PAPAXA 10028f30     libvcruntime:winapi_downlevel.obj
 0003:00000f6c       ?heap@@3V_HeapManager@@A   10028f6c     libvcruntime:undname.obj
 0003:00000f84       ?__acrt_invalid_parameter_handler@@3V?$dual_state_global@P6AXPB_W00II@Z@__crt_state_management@@A 10028f84     libucrt:invalid_parameter.obj
 0003:00000f88       ?c_termination_complete@@3JA 10028f88     libucrt:exit.obj
 0003:00000f8c       ?thread_local_exit_callback_func@@3P6GXPAXK0@ZA 10028f8c     libucrt:exit.obj
 0003:00000f98       ?program_name@?1???$common_configure_argv@D@@YAHW4_crt_argv_mode@@@Z@4PADA 10028f98     libucrt:argv_parsing.obj
 0003:000010c8       ?__acrt_new_handler@@3V?$dual_state_global@P6AHI@Z@__crt_state_management@@A 100290c8     libucrt:new_handler.obj
 0003:000010d0       ?module_handles@@3PAPAUHINSTANCE__@@A 100290d0     libucrt:winapi_thunks.obj
 0003:00001120       ?encoded_function_pointers@@3PAPAXA 10029120     libucrt:winapi_thunks.obj
 0003:000011b0       ?enable_percent_n@@3IA     100291b0     libucrt:printf_count_output.obj
 0003:000013d0       ?__acrt_lock_table@@3PAU_RTL_CRITICAL_SECTION@@A 100293d0     libucrt:locks.obj
 0003:00001520       ?__acrt_locks_initialized@@3IA 10029520     libucrt:locks.obj
 0003:00001530       ?fSystemSet@@3HA           10029530     libucrt:mbctype.obj
 0003:00001534       ?initialized@?1??__acrt_initialize_multibyte@@9@4_NA 10029534     libucrt:mbctype.obj
 0003:00001554       ?ctrlc_action@@3V?$dual_state_global@P6AXH@Z@__crt_state_management@@A 10029554     libucrt:signal.obj
 0003:00001558       ?ctrlbreak_action@@3V?$dual_state_global@P6AXH@Z@__crt_state_management@@A 10029558     libucrt:signal.obj
 0003:0000155c       ?abort_action@@3V?$dual_state_global@P6AXH@Z@__crt_state_management@@A 1002955c     libucrt:signal.obj
 0003:00001560       ?term_action@@3V?$dual_state_global@P6AXH@Z@__crt_state_management@@A 10029560     libucrt:signal.obj
 0003:00001564       ?user_matherr@@3V?$dual_state_global@P6AHPAU_exception@@@Z@__crt_state_management@@A 10029564     libucrt:matherr.obj
 0003:00001568       ?__acrt_global_new_mode@@3V?$dual_state_global@J@__crt_state_management@@A 10029568     libucrt:new_mode.obj
 0003:00001574       ?__acrt_app_type@@3W4_crt_app_type@@A 10029574     libucrt:report_runtime_error.obj
 0003:0000157c       __pmatherr_set             1002957c     libucrt:libm_error.obj
 0004:00000220       $R000000                   1002a220     Biometrics.res
 0004:00000b90       $R000970                   1002ab90     Biometrics.res
 0004:00000c78       $R000A58                   1002ac78     Biometrics.res
 0004:00000ee0       $R000CC0                   1002aee0     Biometrics.res
 0004:000013b0       $R001190                   1002b3b0     Biometrics.res
 0004:00004898       $R004678                   1002e898     Biometrics.res
 0004:000048d0       $R0046B0                   1002e8d0     Biometrics.res
