 OPOSCAT

 Timestamp is 5defa89c (Tue Dec 10 23:15:56 2019)

 Preferred load address is 10000000

 Start         Length     Name                   Class
 0001:00000000 00000080H .text$di                CODE
 0001:00000080 0001e2d3H .text$mn                CODE
 0001:0001e353 00000036H .text$x                 CODE
 0001:0001e389 00000042H .text$yd                CODE
 0002:00000000 000002fcH .idata$5                DATA
 0002:000002fc 00000004H .00cfg                  DATA
 0002:00000300 00000004H .CRT$XCA                DATA
 0002:00000304 00000004H .CRT$XCL                DATA
 0002:00000308 00000010H .CRT$XCU                DATA
 0002:00000318 00000004H .CRT$XCZ                DATA
 0002:0000031c 00000004H .CRT$XIA                DATA
 0002:00000320 00000010H .CRT$XIC                DATA
 0002:00000330 00000004H .CRT$XIZ                DATA
 0002:00000334 00000004H .CRT$XLA                DATA
 0002:00000338 00000004H .CRT$XLZ                DATA
 0002:0000033c 00000004H .CRT$XPA                DATA
 0002:00000340 00000008H .CRT$XPX                DATA
 0002:00000348 00000004H .CRT$XPXA               DATA
 0002:0000034c 00000004H .CRT$XPZ                DATA
 0002:00000350 00000004H .CRT$XTA                DATA
 0002:00000354 0000000cH .CRT$XTZ                DATA
 0002:00000358 00000000H .gfids$y                DATA
 0002:00000360 0000709cH .rdata                  DATA
 0002:000073fc 00000018H .rdata$T                DATA
 0002:00007414 0000017cH .rdata$r                DATA
 0002:00007590 0000001cH .rdata$sxdata           DATA
 0002:000075ac 000003d8H .rdata$zzzdbg           DATA
 0002:00007984 00000004H .rtc$IAA                DATA
 0002:00007988 00000004H .rtc$IZZ                DATA
 0002:0000798c 00000004H .rtc$TAA                DATA
 0002:00007990 00000004H .rtc$TZZ                DATA
 0002:00007994 00000004H .tls                    DATA
 0002:00007998 00000004H .tls$                   DATA
 0002:0000799c 00000004H .tls$ZZZ                DATA
 0002:000079a0 0000060cH .xdata$x                DATA
 0002:00007fac 00000004H ATL$__a                 DATA
 0002:00007fb0 00000010H ATL$__z                 DATA
 0002:00007fc0 000000a4H .edata                  DATA
 0002:00008064 00000078H .idata$2                DATA
 0002:000080dc 00000014H .idata$3                DATA
 0002:000080f0 000002fcH .idata$4                DATA
 0002:000083ec 00000bc8H .idata$6                DATA
 0003:00000000 00000ac0H .data                   DATA
 0003:00000ac0 00000098H .data$r                 DATA
 0003:00000b58 00000b80H .bss                    DATA
 0004:00000000 00000220H .rsrc$01                DATA
 0004:00000220 000051d0H .rsrc$02                DATA

  Address         Publics by Value              Rva+Base       Lib:Object

 0000:00000000       ___guard_fids_count        00000000     <absolute>
 0000:00000000       ___hybrid_code_map_count   00000000     <absolute>
 0000:00000000       ___guard_iat_count         00000000     <absolute>
 0000:00000000       ___hybrid_auxiliary_iat    00000000     <absolute>
 0000:00000000       ___volatile_metadata       00000000     <absolute>
 0000:00000000       ___dynamic_value_reloc_table 00000000     <absolute>
 0000:00000000       ___guard_longjmp_count     00000000     <absolute>
 0000:00000000       ___guard_fids_table        00000000     <absolute>
 0000:00000000       ___guard_longjmp_table     00000000     <absolute>
 0000:00000000       ___AbsoluteZero            00000000     <absolute>
 0000:00000000       ___guard_iat_table         00000000     <absolute>
 0000:00000000       __except_list              00000000     <absolute>
 0000:00000000       ___enclave_config          00000000     <absolute>
 0000:00000000       ___hybrid_code_map         00000000     <absolute>
 0000:00000007       ___safe_se_handler_count   00000007     <absolute>
 0000:0000002c       __tls_array                0000002c     <absolute>
 0000:00000100       ___guard_flags             00000100     <absolute>
 0000:00000000       ___ImageBase               10000000     <linker-defined>
 0001:00000080       ?DupWide@_CW@@AAEXXZ       10001080 f   CWString.obj
 0001:0000009c       ?cw_dup@@YGXPBDAAHAAPA_W1@Z 1000109c f   CWString.obj
 0001:00000124       ?cw_memcpy@@YGHPA_WPBDH@Z  10001124 f   CWString.obj
 0001:00000150       ?cw_strcpy@@YAHPA_WPBD@Z   10001150 f   CWString.obj
 0001:00000163       ?cw_strlen@@YAHPBD@Z       10001163 f   CWString.obj
 0001:0000017c       ??0CAtlComModule@ATL@@QAE@XZ 1000117c f i OposVariant.obj
 0001:000001c1       ??0CAtlWinModule@ATL@@QAE@XZ 100011c1 f i OposVariant.obj
 0001:000001f8       ??0OposDispParms@@QAE@PAVOposVariant@@H@Z 100011f8 f   OposVariant.obj
 0001:00000269       ??1OposDispParms@@QAE@XZ   10001269 f   OposVariant.obj
 0001:00000277       ??A?$CSimpleArray@GV?$CSimpleArrayEqualHelper@G@ATL@@@ATL@@QAEAAGH@Z 10001277 f i OposVariant.obj
 0001:0000029c       ??_Estringdispid@CComTypeInfoHolder@ATL@@QAEPAXI@Z 1000129c f i OposVariant.obj
 0001:00000308       ?AtlWinModuleInit@ATL@@YGJPAU_ATL_WIN_MODULE70@1@@Z 10001308 f i OposVariant.obj
 0001:0000032e       ?AtlWinModuleTerm@ATL@@YGJPAU_ATL_WIN_MODULE70@1@PAUHINSTANCE__@@@Z 1000132e f i OposVariant.obj
 0001:00000391       ?ChangeBSTR@OposVariant@@QAEXPAPA_WAAJ@Z 10001391 f   OposVariant.obj
 0001:000003d2       ?ChangeCURRENCY@OposVariant@@QAEXPATtagCY@@AAJ@Z 100013d2 f   OposVariant.obj
 0001:00000421       ?ChangeLONG@OposVariant@@QAEXPAJAAJ@Z 10001421 f   OposVariant.obj
 0001:00000462       ?GetLONG@OposVariant@@QAEJXZ 10001462 f   OposVariant.obj
 0001:0000047d       ?Init@CComCriticalSection@ATL@@QAEJXZ 1000147d f i OposVariant.obj
 0001:000004a5       ?RemoveAll@?$CSimpleArray@PAUHINSTANCE__@@V?$CSimpleArrayEqualHelper@PAUHINSTANCE__@@@ATL@@@ATL@@QAEXXZ 100014a5 f i atls:atlbase.obj
 0001:000004a5       ?RemoveAll@?$CSimpleArray@GV?$CSimpleArrayEqualHelper@G@ATL@@@ATL@@QAEXXZ 100014a5 f i OposVariant.obj
 0001:000004c2       ?SetBSTR@OposVariant@@QAEXPA_WAAJ@Z 100014c2 f   OposVariant.obj
 0001:000004f6       ?SetBSTR_Copy@OposVariant@@QAEXPA_WAAJ@Z 100014f6 f   OposVariant.obj
 0001:00000546       ?SetBSTR_InOutPtr@OposVariant@@QAE_NPAPA_WAAJ@Z 10001546 f   OposVariant.obj
 0001:0000057d       ?SetCURRENCY@OposVariant@@QAEXTtagCY@@@Z 1000157d f   OposVariant.obj
 0001:000005a5       ?SetDispatch_Ptr@OposVariant@@QAEXPAUIDispatch@@AAJ@Z 100015a5 f   OposVariant.obj
 0001:000005e0       ?SetLONG@OposVariant@@QAEXJ@Z 100015e0 f   OposVariant.obj
 0001:00000602       ?SetLONG_Ptr@OposVariant@@QAEXPAJAAJ@Z 10001602 f   OposVariant.obj
 0001:00000635       ?SetString@OposVariant@@QAEXPB_WAAJ@Z 10001635 f   OposVariant.obj
 0001:0000067b       ?SetVARIANT_BOOL@OposVariant@@QAEXF@Z 1000167b f   OposVariant.obj
 0001:000006a5       ?Term@CAtlComModule@ATL@@QAEXXZ 100016a5 f i OposVariant.obj
 0001:000006ef       ?_AtlRaiseException@ATL@@YAXKK@Z 100016ef f i OposVariant.obj
 0001:00000704       ?Release@?$CComContainedObject@VCOPOSCAT@@@ATL@@WJE@AGKXZ 10001704 f i CAT.obj
 0001:00000711       ?QueryInterface@?$CComContainedObject@VCOPOSCAT@@@ATL@@WJI@AGJABU_GUID@@PAPAX@Z 10001711 f i CAT.obj
 0001:0000071e       ?AddRef@?$CComContainedObject@VCOPOSCAT@@@ATL@@WJI@AGKXZ 1000171e f i CAT.obj
 0001:0000072b       ?Release@?$CComContainedObject@VCOPOSCAT@@@ATL@@WJI@AGKXZ 1000172b f i CAT.obj
 0001:00000738       ?CreateInstance@CComClassFactory@ATL@@UAGJPAUIUnknown@@ABU_GUID@@PAPAX@Z 10001738 f i CAT.obj
 0001:00000776       ?QueryInterface@?$CComContainedObject@VCOPOSCAT@@@ATL@@WJM@AGJABU_GUID@@PAPAX@Z 10001776 f i CAT.obj
 0001:00000783       ?AddRef@?$CComContainedObject@VCOPOSCAT@@@ATL@@WJM@AGKXZ 10001783 f i CAT.obj
 0001:00000790       ?LockServer@CComClassFactory@ATL@@UAGJH@Z 10001790 f i CAT.obj
 0001:000007af       ?Release@?$CComContainedObject@VCOPOSCAT@@@ATL@@WJM@AGKXZ 100017af f i CAT.obj
 0001:000007bc       ?QueryInterface@?$CComContainedObject@VCOPOSCAT@@@ATL@@WKA@AGJABU_GUID@@PAPAX@Z 100017bc f i CAT.obj
 0001:000007c9       ?AddRef@?$CComContainedObject@VCOPOSCAT@@@ATL@@WKA@AGKXZ 100017c9 f i CAT.obj
 0001:000007d6       ?Release@?$CComContainedObject@VCOPOSCAT@@@ATL@@WKA@AGKXZ 100017d6 f i CAT.obj
 0001:000007e3       ?AddRef@?$CComContainedObject@VCOPOSCAT@@@ATL@@WKI@AGKXZ 100017e3 f i CAT.obj
 0001:000007f0       ?Release@?$CComContainedObject@VCOPOSCAT@@@ATL@@WKI@AGKXZ 100017f0 f i CAT.obj
 0001:000007fd       ?AddRef@?$CComContainedObject@VCOPOSCAT@@@ATL@@WLE@AGKXZ 100017fd f i CAT.obj
 0001:0000080a       ?Release@?$CComContainedObject@VCOPOSCAT@@@ATL@@WLE@AGKXZ 1000180a f i CAT.obj
 0001:00000817       ??_ECComClassFactory@ATL@@UAEPAXI@Z 10001817 f i CAT.obj
 0001:00000817       ??_GCComClassFactory@ATL@@UAEPAXI@Z 10001817 f i CAT.obj
 0001:00000842       ?GetWindowProc@?$CWindowImplBaseT@VCWindow@ATL@@V?$CWinTraits@$0FGAAAAAA@$0A@@2@@ATL@@UAEP6GJPAUHWND__@@IIJ@ZXZ 10001842 f i CAT.obj
 0001:00000848       ?StartWindowProc@?$CWindowImplBaseT@VCWindow@ATL@@V?$CWinTraits@$0FGAAAAAA@$0A@@2@@ATL@@SGJPAUHWND__@@IIJ@Z 10001848 f i CAT.obj
 0001:0000089c       ?OnFinalMessage@?$CWindowImplBaseT@VCWindow@ATL@@V?$CWinTraits@$0FGAAAAAA@$0A@@2@@ATL@@UAEXPAUHWND__@@@Z 1000189c f i CAT.obj
 0001:0000089c       ?ObjectMain@CComObjectRootBase@ATL@@SGX_N@Z 1000189c f i CAT.obj
 0001:0000089f       ?GetTypeInfoCount@?$IDispatchImpl@UIOPOSCAT@@$1?IID_IOPOSCAT@@3U_GUID@@B$1?LIBID_OposCAT_CCO@@3U3@B$00$0A@VCComTypeInfoHolder@ATL@@@ATL@@UAGJPAI@Z 1000189f f i CAT.obj
 0001:000008bc       ?GetTypeInfo@?$IDispatchImpl@UIOPOSCAT@@$1?IID_IOPOSCAT@@3U_GUID@@B$1?LIBID_OposCAT_CCO@@3U3@B$00$0A@VCComTypeInfoHolder@ATL@@@ATL@@UAGJIKPAPAUITypeInfo@@@Z 100018bc f i CAT.obj
 0001:000008e0       ?GetIDsOfNames@?$IDispatchImpl@UIOPOSCAT@@$1?IID_IOPOSCAT@@3U_GUID@@B$1?LIBID_OposCAT_CCO@@3U3@B$00$0A@VCComTypeInfoHolder@ATL@@@ATL@@UAGJABU_GUID@@PAPA_WIKPAJ@Z 100018e0 f i CAT.obj
 0001:00000900       ?Invoke@?$IDispatchImpl@UIOPOSCAT@@$1?IID_IOPOSCAT@@3U_GUID@@B$1?LIBID_OposCAT_CCO@@3U3@B$00$0A@VCComTypeInfoHolder@ATL@@@ATL@@UAGJJABU_GUID@@KGPAUtagDISPPARAMS@@PAUtagVARIANT@@PAUtagEXCEPINFO@@PAI@Z 10001900 f i CAT.obj
 0001:0000090e       ?CreateControlWindow@?$CComControl@VCOPOSCAT@@V?$CWindowImpl@VCOPOSCAT@@VCWindow@ATL@@V?$CWinTraits@$0FGAAAAAA@$0A@@3@@ATL@@@ATL@@UAEPAUHWND__@@PAU3@AAUtagRECT@@@Z 1000190e f i CAT.obj
 0001:0000093d       ?ControlQueryInterface@?$CComControl@VCOPOSCAT@@V?$CWindowImpl@VCOPOSCAT@@VCWindow@ATL@@V?$CWinTraits@$0FGAAAAAA@$0A@@3@@ATL@@@ATL@@UAEJABU_GUID@@PAPAX@Z 1000193d f i CAT.obj
 0001:00000958       ?GetClassID@?$IPersistStorageImpl@VCOPOSCAT@@@ATL@@UAGJPAU_GUID@@@Z 10001958 f i CAT.obj
 0001:00000958       ?GetUserClassID@?$IOleObjectImpl@VCOPOSCAT@@@ATL@@UAGJPAU_GUID@@@Z 10001958 f i CAT.obj
 0001:00000958       ?GetClassID@?$IPersistStreamInitImpl@VCOPOSCAT@@@ATL@@UAGJPAU_GUID@@@Z 10001958 f i CAT.obj
 0001:0000097c       ?IsDirty@?$IPersistStreamInitImpl@VCOPOSCAT@@@ATL@@UAGJXZ 1000197c f i CAT.obj
 0001:0000099b       ?Load@?$IPersistStreamInitImpl@VCOPOSCAT@@@ATL@@UAGJPAUIStream@@@Z 1000199b f i CAT.obj
 0001:000009ba       ?Save@?$IPersistStreamInitImpl@VCOPOSCAT@@@ATL@@UAGJPAUIStream@@H@Z 100019ba f i CAT.obj
 0001:000009dc       ?GetSizeMax@?$IPersistStreamInitImpl@VCOPOSCAT@@@ATL@@UAGJPAT_ULARGE_INTEGER@@@Z 100019dc f i CAT.obj
 0001:00000bbb       ?InitNew@?$IPersistStreamInitImpl@VCOPOSCAT@@@ATL@@UAGJXZ 10001bbb f i CAT.obj
 0001:00000bd8       ?OnMnemonic@?$IOleControlImpl@VCOPOSCAT@@@ATL@@UAGJPAUtagMSG@@@Z 10001bd8 f i CAT.obj
 0001:00000bd8       ?QueryGetData@?$IDataObjectImpl@VCOPOSCAT@@@ATL@@UAGJPAUtagFORMATETC@@@Z 10001bd8 f i CAT.obj
 0001:00000bd8       ?Unfreeze@?$IViewObjectExImpl@VCOPOSCAT@@@ATL@@UAGJK@Z 10001bd8 f i CAT.obj
 0001:00000bd8       ?ContextSensitiveHelp@?$IOleInPlaceActiveObjectImpl@VCOPOSCAT@@@ATL@@UAGJH@Z 10001bd8 f i CAT.obj
 0001:00000bd8       ?GetDropTarget@?$IOleInPlaceObjectWindowlessImpl@VCOPOSCAT@@@ATL@@UAGJPAPAUIDropTarget@@@Z 10001bd8 f i CAT.obj
 0001:00000bd8       ?GetControlInfo@?$IOleControlImpl@VCOPOSCAT@@@ATL@@UAGJPAUtagCONTROLINFO@@@Z 10001bd8 f i CAT.obj
 0001:00000bd8       ?ContextSensitiveHelp@?$IOleInPlaceObjectWindowlessImpl@VCOPOSCAT@@@ATL@@UAGJH@Z 10001bd8 f i CAT.obj
 0001:00000bd8       ?SetColorScheme@?$IOleObjectImpl@VCOPOSCAT@@@ATL@@UAGJPAUtagLOGPALETTE@@@Z 10001bd8 f i CAT.obj
 0001:00000bd8       ?SODataDummy@COPOSCAT@@MAGJJ@Z 10001bd8 f i CAT.obj
 0001:00000be0       ?OnFrameWindowActivate@?$IOleInPlaceActiveObjectImpl@VCOPOSCAT@@@ATL@@UAGJH@Z 10001be0 f i CAT.obj
 0001:00000be0       ?OnAmbientPropertyChange@?$IOleControlImpl@VCOPOSCAT@@@ATL@@UAGJJ@Z 10001be0 f i CAT.obj
 0001:00000be0       ?EnableModeless@?$IOleInPlaceActiveObjectImpl@VCOPOSCAT@@@ATL@@UAGJH@Z 10001be0 f i CAT.obj
 0001:00000be0       ?SaveCompleted@?$IPersistStorageImpl@VCOPOSCAT@@@ATL@@UAGJPAUIStorage@@@Z 10001be0 f i CAT.obj
 0001:00000be5       ?SetClientSite@?$IOleObjectImpl@VCOPOSCAT@@@ATL@@UAGJPAUIOleClientSite@@@Z 10001be5 f i CAT.obj
 0001:00000c02       ?GetClientSite@?$IOleObjectImpl@VCOPOSCAT@@@ATL@@UAGJPAPAUIOleClientSite@@@Z 10001c02 f i CAT.obj
 0001:00000c1f       ?SetHostNames@?$IOleObjectImpl@VCOPOSCAT@@@ATL@@UAGJPB_W0@Z 10001c1f f i CAT.obj
 0001:00000c24       ?Close@?$IOleObjectImpl@VCOPOSCAT@@@ATL@@UAGJK@Z 10001c24 f i CAT.obj
 0001:00000c41       ?GetClipboardData@?$IOleObjectImpl@VCOPOSCAT@@@ATL@@UAGJKPAPAUIDataObject@@@Z 10001c41 f i CAT.obj
 0001:00000c41       ?GetRect@?$IViewObjectExImpl@VCOPOSCAT@@@ATL@@UAGJKPAU_RECTL@@@Z 10001c41 f i CAT.obj
 0001:00000c41       ?SetMoniker@?$IOleObjectImpl@VCOPOSCAT@@@ATL@@UAGJKPAUIMoniker@@@Z 10001c41 f i CAT.obj
 0001:00000c41       ?GetDataHere@?$IDataObjectImpl@VCOPOSCAT@@@ATL@@UAGJPAUtagFORMATETC@@PAUtagSTGMEDIUM@@@Z 10001c41 f i CAT.obj
 0001:00000c41       ?EnumFormatEtc@?$IDataObjectImpl@VCOPOSCAT@@@ATL@@UAGJKPAPAUIEnumFORMATETC@@@Z 10001c41 f i CAT.obj
 0001:00000c41       ?QueryInterface@CRegObject@ATL@@UAGJABU_GUID@@PAPAX@Z 10001c41 f i CAT.obj
 0001:00000c41       ?GetCanonicalFormatEtc@?$IDataObjectImpl@VCOPOSCAT@@@ATL@@UAGJPAUtagFORMATETC@@0@Z 10001c41 f i CAT.obj
 0001:00000c49       ?GetMoniker@?$IOleObjectImpl@VCOPOSCAT@@@ATL@@UAGJKKPAPAUIMoniker@@@Z 10001c49 f i CAT.obj
 0001:00000c49       ?InitFromData@?$IOleObjectImpl@VCOPOSCAT@@@ATL@@UAGJPAUIDataObject@@HK@Z 10001c49 f i CAT.obj
 0001:00000c49       ?SetData@?$IDataObjectImpl@VCOPOSCAT@@@ATL@@UAGJPAUtagFORMATETC@@PAUtagSTGMEDIUM@@H@Z 10001c49 f i CAT.obj
 0001:00000c51       ?DoVerb@?$IOleObjectImpl@VCOPOSCAT@@@ATL@@UAGJJPAUtagMSG@@PAUIOleClientSite@@JPAUHWND__@@PBUtagRECT@@@Z 10001c51 f i CAT.obj
 0001:00000d45       ?EnumVerbs@?$IOleObjectImpl@VCOPOSCAT@@@ATL@@UAGJPAPAUIEnumOLEVERB@@@Z 10001d45 f i CAT.obj
 0001:00000d67       ?IsUpToDate@?$IOleObjectImpl@VCOPOSCAT@@@ATL@@UAGJXZ 10001d67 f i CAT.obj
 0001:00000d67       ?Release@CRegObject@ATL@@UAGKXZ 10001d67 f i CAT.obj
 0001:00000d67       ?Update@?$IOleObjectImpl@VCOPOSCAT@@@ATL@@UAGJXZ 10001d67 f i CAT.obj
 0001:00000d67       ?HandsOffStorage@?$IPersistStorageImpl@VCOPOSCAT@@@ATL@@UAGJXZ 10001d67 f i CAT.obj
 0001:00000d6c       ?GetUserType@?$IOleObjectImpl@VCOPOSCAT@@@ATL@@UAGJKPAPA_W@Z 10001d6c f i CAT.obj
 0001:00000d84       ?SetExtent@?$IOleObjectImpl@VCOPOSCAT@@@ATL@@UAGJKPAUtagSIZE@@@Z 10001d84 f i CAT.obj
 0001:00000da4       ?GetExtent@?$IOleObjectImpl@VCOPOSCAT@@@ATL@@UAGJKPAUtagSIZE@@@Z 10001da4 f i CAT.obj
 0001:00000de2       ?Advise@?$IOleObjectImpl@VCOPOSCAT@@@ATL@@UAGJPAUIAdviseSink@@PAK@Z 10001de2 f i CAT.obj
 0001:00000e02       ?Unadvise@?$IOleObjectImpl@VCOPOSCAT@@@ATL@@UAGJK@Z 10001e02 f i CAT.obj
 0001:00000e31       ?EnumAdvise@?$IOleObjectImpl@VCOPOSCAT@@@ATL@@UAGJPAPAUIEnumSTATDATA@@@Z 10001e31 f i CAT.obj
 0001:00000e71       ?GetMiscStatus@?$IOleObjectImpl@VCOPOSCAT@@@ATL@@UAGJKPAK@Z 10001e71 f i CAT.obj
 0001:00000e89       ?GetWindow@?$IOleInPlaceActiveObjectImpl@VCOPOSCAT@@@ATL@@UAGJPAPAUHWND__@@@Z 10001e89 f i CAT.obj
 0001:00000ed6       ?TranslateAcceleratorW@?$IOleInPlaceActiveObjectImpl@VCOPOSCAT@@@ATL@@UAGJPAUtagMSG@@@Z 10001ed6 f i CAT.obj
 0001:00000f84       ?OnDocWindowActivate@?$IOleInPlaceActiveObjectImpl@VCOPOSCAT@@@ATL@@UAGJH@Z 10001f84 f i CAT.obj
 0001:00000fa6       ?ResizeBorder@?$IOleInPlaceActiveObjectImpl@VCOPOSCAT@@@ATL@@UAGJPBUtagRECT@@PAUIOleInPlaceUIWindow@@H@Z 10001fa6 f i CAT.obj
 0001:00000fab       ?Draw@?$IViewObjectExImpl@VCOPOSCAT@@@ATL@@UAGJKJPAXPAUtagDVTARGETDEVICE@@PAUHDC__@@2PBU_RECTL@@3P6GHK@ZK@Z 10001fab f i CAT.obj
 0001:00000fdd       ?GetColorSet@?$IViewObjectExImpl@VCOPOSCAT@@@ATL@@UAGJKJPAXPAUtagDVTARGETDEVICE@@PAUHDC__@@PAPAUtagLOGPALETTE@@@Z 10001fdd f i CAT.obj
 0001:00000fe5       ?Freeze@?$IViewObjectExImpl@VCOPOSCAT@@@ATL@@UAGJKJPAXPAK@Z 10001fe5 f i CAT.obj
 0001:00000fed       ?SetAdvise@?$IViewObjectExImpl@VCOPOSCAT@@@ATL@@UAGJKKPAUIAdviseSink@@@Z 10001fed f i CAT.obj
 0001:0000100c       ?GetAdvise@?$IViewObjectExImpl@VCOPOSCAT@@@ATL@@UAGJPAK0PAPAUIAdviseSink@@@Z 1000200c f i CAT.obj
 0001:00001041       ?GetExtent@?$IViewObjectExImpl@VCOPOSCAT@@@ATL@@UAGJKJPAUtagDVTARGETDEVICE@@PAUtagSIZE@@@Z 10002041 f i CAT.obj
 0001:00001072       ?GetViewStatus@?$IViewObjectExImpl@VCOPOSCAT@@@ATL@@UAGJPAK@Z 10002072 f i CAT.obj
 0001:0000108f       ?QueryHitPoint@?$IViewObjectExImpl@VCOPOSCAT@@@ATL@@UAGJKPBUtagRECT@@UtagPOINT@@JPAK@Z 1000208f f i CAT.obj
 0001:000010d0       ?QueryHitRect@?$IViewObjectExImpl@VCOPOSCAT@@@ATL@@UAGJKPBUtagRECT@@0JPAK@Z 100020d0 f i CAT.obj
 0001:0000112b       ?GetNaturalExtent@?$IViewObjectExImpl@VCOPOSCAT@@@ATL@@UAGJKJPAUtagDVTARGETDEVICE@@PAUHDC__@@PAUtagExtentInfo@@PAUtagSIZE@@@Z 1000212b f i CAT.obj
 0001:00001176       ?GetWindow@?$IOleInPlaceObjectWindowlessImpl@VCOPOSCAT@@@ATL@@UAGJPAPAUHWND__@@@Z 10002176 f i CAT.obj
 0001:000011c3       ?InPlaceDeactivate@?$IOleInPlaceObjectWindowlessImpl@VCOPOSCAT@@@ATL@@UAGJXZ 100021c3 f i CAT.obj
 0001:000011dd       ?UIDeactivate@?$IOleInPlaceObjectWindowlessImpl@VCOPOSCAT@@@ATL@@UAGJXZ 100021dd f i CAT.obj
 0001:000011f7       ?SetObjectRects@?$IOleInPlaceObjectWindowlessImpl@VCOPOSCAT@@@ATL@@UAGJPBUtagRECT@@0@Z 100021f7 f i CAT.obj
 0001:00001217       ?ReactivateAndUndo@?$IOleInPlaceObjectWindowlessImpl@VCOPOSCAT@@@ATL@@UAGJXZ 10002217 f i CAT.obj
 0001:0000121f       ?OnWindowMessage@?$IOleInPlaceObjectWindowlessImpl@VCOPOSCAT@@@ATL@@UAGJIIJPAJ@Z 1000221f f i CAT.obj
 0001:0000128f       ?EnumConnectionPoints@?$IConnectionPointContainerImpl@VCOPOSCAT@@@ATL@@UAGJPAPAUIEnumConnectionPoints@@@Z 1000228f f i CAT.obj
 0001:00001409       ?FindConnectionPoint@?$IConnectionPointContainerImpl@VCOPOSCAT@@@ATL@@UAGJABU_GUID@@PAPAUIConnectionPoint@@@Z 10002409 f i CAT.obj
 0001:000014ac       ?IsDirty@?$IPersistStorageImpl@VCOPOSCAT@@@ATL@@UAGJXZ 100024ac f i CAT.obj
 0001:000014e0       ?InitNew@?$IPersistStorageImpl@VCOPOSCAT@@@ATL@@UAGJPAUIStorage@@@Z 100024e0 f i CAT.obj
 0001:00001514       ?Load@?$IPersistStorageImpl@VCOPOSCAT@@@ATL@@UAGJPAUIStorage@@@Z 10002514 f i CAT.obj
 0001:00001580       ?Save@?$IPersistStorageImpl@VCOPOSCAT@@@ATL@@UAGJPAUIStorage@@H@Z 10002580 f i CAT.obj
 0001:000015f3       ?GetPages@?$ISpecifyPropertyPagesImpl@VCOPOSCAT@@@ATL@@UAGJPAUtagCAUUID@@@Z 100025f3 f i CAT.obj
 0001:0000160a       ?QuickActivate@?$IQuickActivateImpl@VCOPOSCAT@@@ATL@@UAGJPAUtagQACONTAINER@@PAUtagQACONTROL@@@Z 1000260a f i CAT.obj
 0001:0000162d       ?SetContentExtent@?$IQuickActivateImpl@VCOPOSCAT@@@ATL@@UAGJPAUtagSIZE@@@Z 1000262d f i CAT.obj
 0001:00001659       ?GetContentExtent@?$IQuickActivateImpl@VCOPOSCAT@@@ATL@@UAGJPAUtagSIZE@@@Z 10002659 f i CAT.obj
 0001:00001693       ?GetData@?$IDataObjectImpl@VCOPOSCAT@@@ATL@@UAGJPAUtagFORMATETC@@PAUtagSTGMEDIUM@@@Z 10002693 f i CAT.obj
 0001:000016b6       ?DAdvise@?$IDataObjectImpl@VCOPOSCAT@@@ATL@@UAGJPAUtagFORMATETC@@KPAUIAdviseSink@@PAK@Z 100026b6 f i CAT.obj
 0001:000016f7       ?DUnadvise@?$IDataObjectImpl@VCOPOSCAT@@@ATL@@UAGJK@Z 100026f7 f i CAT.obj
 0001:00001725       ?EnumDAdvise@?$IDataObjectImpl@VCOPOSCAT@@@ATL@@UAGJPAPAUIEnumSTATDATA@@@Z 10002725 f i CAT.obj
 0001:00001764       ?GetClassInfoW@?$IProvideClassInfo2Impl@$1?CLSID_OPOSCAT@@3U_GUID@@B$1?DIID__IOPOSCATEvents@@3U2@B$1?LIBID_OposCAT_CCO@@3U2@B$00$0A@VCComTypeInfoHolder@ATL@@@ATL@@UAGJPAPAUITypeInfo@@@Z 10002764 f i CAT.obj
 0001:0000177a       ?GetGUID@?$IProvideClassInfo2Impl@$1?CLSID_OPOSCAT@@3U_GUID@@B$1?DIID__IOPOSCATEvents@@3U2@B$1?LIBID_OposCAT_CCO@@3U2@B$00$0A@VCComTypeInfoHolder@ATL@@@ATL@@UAGJKPAU_GUID@@@Z 1000277a f i CAT.obj
 0001:000017b8       __get_startup_argv_mode    100027b8 f i LIBCMT:argv_mode.obj
 0001:000017b8       ?FAccessAllowed@?$IObjectSafetyImpl@VCOPOSCAT@@$02@ATL@@MAEHXZ 100027b8 f i CAT.obj
 0001:000017bc       ?GetInterfaceSafetyOptions@?$IObjectSafetyImpl@VCOPOSCAT@@$02@ATL@@UAGJABU_GUID@@PAK1@Z 100027bc f i CAT.obj
 0001:00001830       ?SetInterfaceSafetyOptions@?$IObjectSafetyImpl@VCOPOSCAT@@$02@ATL@@UAGJABU_GUID@@KK@Z 10002830 f i CAT.obj
 0001:000018aa       ?_LocCPQueryInterface@?$IConnectionPointImpl@VCOPOSCAT@@$1?IID_IPropertyNotifySink@@3U_GUID@@BVCComDynamicUnkArray@ATL@@@ATL@@UAGJABU_GUID@@PAPAX@Z 100028aa f i CAT.obj
 0001:000018aa       ?_LocCPQueryInterface@?$IConnectionPointImpl@VCOPOSCAT@@$1?DIID__IOPOSCATEvents@@3U_GUID@@BVCComDynamicUnkArray@ATL@@@ATL@@UAGJABU_GUID@@PAPAX@Z 100028aa f i CAT.obj
 0001:000018f7       ?GetConnectionInterface@?$IConnectionPointImpl@VCOPOSCAT@@$1?IID_IPropertyNotifySink@@3U_GUID@@BVCComDynamicUnkArray@ATL@@@ATL@@UAGJPAU_GUID@@@Z 100028f7 f i CAT.obj
 0001:0000191b       ?GetConnectionPointContainer@?$IConnectionPointImpl@VCOPOSCAT@@$1?IID_IPropertyNotifySink@@3U_GUID@@BVCComDynamicUnkArray@ATL@@@ATL@@UAGJPAPAUIConnectionPointContainer@@@Z 1000291b f i CAT.obj
 0001:0000193e       ?Advise@?$IConnectionPointImpl@VCOPOSCAT@@$1?IID_IPropertyNotifySink@@3U_GUID@@BVCComDynamicUnkArray@ATL@@@ATL@@UAGJPAUIUnknown@@PAK@Z 1000293e f i CAT.obj
 0001:0000193e       ?Advise@?$IConnectionPointImpl@VCOPOSCAT@@$1?DIID__IOPOSCATEvents@@3U_GUID@@BVCComDynamicUnkArray@ATL@@@ATL@@UAGJPAUIUnknown@@PAK@Z 1000293e f i CAT.obj
 0001:000019df       ?Unadvise@?$IConnectionPointImpl@VCOPOSCAT@@$1?IID_IPropertyNotifySink@@3U_GUID@@BVCComDynamicUnkArray@ATL@@@ATL@@UAGJK@Z 100029df f i CAT.obj
 0001:000019df       ?Unadvise@?$IConnectionPointImpl@VCOPOSCAT@@$1?DIID__IOPOSCATEvents@@3U_GUID@@BVCComDynamicUnkArray@ATL@@@ATL@@UAGJK@Z 100029df f i CAT.obj
 0001:00001a1f       ?EnumConnections@?$IConnectionPointImpl@VCOPOSCAT@@$1?DIID__IOPOSCATEvents@@3U_GUID@@BVCComDynamicUnkArray@ATL@@@ATL@@UAGJPAPAUIEnumConnections@@@Z 10002a1f f i CAT.obj
 0001:00001a1f       ?EnumConnections@?$IConnectionPointImpl@VCOPOSCAT@@$1?IID_IPropertyNotifySink@@3U_GUID@@BVCComDynamicUnkArray@ATL@@@ATL@@UAGJPAPAUIEnumConnections@@@Z 10002a1f f i CAT.obj
 0001:00001b25       ?GetCategoryMap@CComObjectRootBase@ATL@@SAPBU_ATL_CATMAP_ENTRY@2@XZ 10002b25 f i CAT.obj
 0001:00001b25       ?GetObjectDescription@?$CComCoClass@VCOPOSCAT@@$1?CLSID_OPOSCAT@@3U_GUID@@B@ATL@@SGPB_WXZ 10002b25 f i CAT.obj
 0001:00001b28       ?GetConnectionInterface@?$IConnectionPointImpl@VCOPOSCAT@@$1?DIID__IOPOSCATEvents@@3U_GUID@@BVCComDynamicUnkArray@ATL@@@ATL@@UAGJPAU_GUID@@@Z 10002b28 f i CAT.obj
 0001:00001b4c       ?GetConnectionPointContainer@?$IConnectionPointImpl@VCOPOSCAT@@$1?DIID__IOPOSCATEvents@@3U_GUID@@BVCComDynamicUnkArray@ATL@@@ATL@@UAGJPAPAUIConnectionPointContainer@@@Z 10002b4c f i CAT.obj
 0001:00001b6f       ?UpdateRegistry@COPOSCAT@@SGJH@Z 10002b6f f i CAT.obj
 0001:00001b87       ?ProcessWindowMessage@COPOSCAT@@UAEHPAUHWND__@@IIJAAJK@Z 10002b87 f i CAT.obj
 0001:00001bd0       ?Lock@CAtlModule@ATL@@UAEJXZ 10002bd0 f i CAT.obj
 0001:00001bda       ?Unlock@CAtlModule@ATL@@UAEJXZ 10002bda f i CAT.obj
 0001:00001be4       ?GetLockCount@CAtlModule@ATL@@UAEJXZ 10002be4 f i CAT.obj
 0001:00001be8       ?GetGITPtr@CAtlModule@ATL@@UAEJPAPAUIGlobalInterfaceTable@@@Z 10002be8 f i CAT.obj
 0001:00001c34       ?SODirectIO@COPOSCAT@@MAGJJPAJPAPA_W@Z 10002c34 f i CAT.obj
 0001:00001c7d       ?SOError@COPOSCAT@@MAGJJJJPAJ@Z 10002c7d f i CAT.obj
 0001:00001cd2       ?SOOutputComplete@COPOSCAT@@MAGJJ@Z 10002cd2 f i CAT.obj
 0001:00001d0b       ?SOStatusUpdate@COPOSCAT@@MAGJJ@Z 10002d0b f i CAT.obj
 0001:00001d44       ?AddCommonRGSReplacements@?$CAtlModuleT@VCComModule@ATL@@@ATL@@UAEJPAUIRegistrarBase@@@Z 10002d44 f i CAT.obj
 0001:00001d5e       ?UpdateRegistryFromResourceD@CComModule@ATL@@UAGJPB_WHPAU_ATL_REGMAP_ENTRY@2@@Z 10002d5e f i CAT.obj
 0001:00001d5e       ?UpdateRegistryFromResourceD@CComModule@ATL@@UAGJIHPAU_ATL_REGMAP_ENTRY@2@@Z 10002d5e f i CAT.obj
 0001:00001d66       ?UpdateRegistryFromResource@CComModule@ATL@@UAGJPB_WHPAU_ATL_REGMAP_ENTRY@2@@Z 10002d66 f i CAT.obj
 0001:00001d6f       ?UpdateRegistryFromResource@CComModule@ATL@@UAGJIHPAU_ATL_REGMAP_ENTRY@2@@Z 10002d6f f i CAT.obj
 0001:00001d78       ??_ECComModule@ATL@@UAEPAXI@Z 10002d78 f i CAT.obj
 0001:00001d78       ??_GCComModule@ATL@@UAEPAXI@Z 10002d78 f i CAT.obj
 0001:00001da0       ?CreateInstance@?$CComCreator@V?$CComObjectCached@VCComClassFactory@ATL@@@ATL@@@ATL@@SGJPAXABU_GUID@@PAPAX@Z 10002da0 f i CAT.obj
 0001:00001e4c       ?CreateInstance@?$CComCreator2@V?$CComCreator@V?$CComObject@VCOPOSCAT@@@ATL@@@ATL@@V?$CComCreator@V?$CComAggObject@VCOPOSCAT@@@ATL@@@2@@ATL@@SGJPAXABU_GUID@@PAPAX@Z 10002e4c f i CAT.obj
 0001:00001e6c       ?AddRef@?$CComObjectCached@VCComClassFactory@ATL@@@ATL@@UAGKXZ 10002e6c f i CAT.obj
 0001:00001e93       ?Release@?$CComObjectCached@VCComClassFactory@ATL@@@ATL@@UAGKXZ 10002e93 f i CAT.obj
 0001:00001ec9       ?QueryInterface@?$CComObjectCached@VCComClassFactory@ATL@@@ATL@@UAGJABU_GUID@@PAPAX@Z 10002ec9 f i CAT.obj
 0001:00001ee3       ??_E?$CComObjectCached@VCComClassFactory@ATL@@@ATL@@UAEPAXI@Z 10002ee3 f i CAT.obj
 0001:00001ee3       ??_G?$CComObjectCached@VCComClassFactory@ATL@@@ATL@@UAEPAXI@Z 10002ee3 f i CAT.obj
 0001:00001f05       ?Next@?$CComEnumImpl@UIEnumConnectionPoints@@$1?_GUID_b196b285_bab4_101a_b69c_00aa00341d07@@3U__s_GUID@@BPAUIConnectionPoint@@V?$_CopyInterface@UIConnectionPoint@@@ATL@@@ATL@@UAGJKPAPAUIConnectionPoint@@PAK@Z 10002f05 f i CAT.obj
 0001:00001fdc       ?Skip@?$CComEnumImpl@UIEnumConnectionPoints@@$1?_GUID_b196b285_bab4_101a_b69c_00aa00341d07@@3U__s_GUID@@BPAUIConnectionPoint@@V?$_CopyInterface@UIConnectionPoint@@@ATL@@@ATL@@UAGJK@Z 10002fdc f i CAT.obj
 0001:00002009       ?Reset@?$CComEnumImpl@UIEnumConnectionPoints@@$1?_GUID_b196b285_bab4_101a_b69c_00aa00341d07@@3U__s_GUID@@BPAUIConnectionPoint@@V?$_CopyInterface@UIConnectionPoint@@@ATL@@@ATL@@UAGJXZ 10003009 f i CAT.obj
 0001:00002009       ?Reset@?$CComEnumImpl@UIEnumConnections@@$1?_GUID_b196b287_bab4_101a_b69c_00aa00341d07@@3U__s_GUID@@BUtagCONNECTDATA@@V?$_Copy@UtagCONNECTDATA@@@ATL@@@ATL@@UAGJXZ 10003009 f i CAT.obj
 0001:0000201b       ?Clone@?$CComEnumImpl@UIEnumConnectionPoints@@$1?_GUID_b196b285_bab4_101a_b69c_00aa00341d07@@3U__s_GUID@@BPAUIConnectionPoint@@V?$_CopyInterface@UIConnectionPoint@@@ATL@@@ATL@@UAGJPAPAUIEnumConnectionPoints@@@Z 1000301b f i CAT.obj
 0001:000020fc       ?AddRef@?$CComObject@V?$CComEnum@UIEnumConnectionPoints@@$1?_GUID_b196b285_bab4_101a_b69c_00aa00341d07@@3U__s_GUID@@BPAUIConnectionPoint@@V?$_CopyInterface@UIConnectionPoint@@@ATL@@VCComSingleThreadModel@6@@ATL@@@ATL@@UAGKXZ 100030fc f i CAT.obj
 0001:000020fc       ?AddRef@?$CComObject@V?$CComEnum@UIEnumConnections@@$1?_GUID_b196b287_bab4_101a_b69c_00aa00341d07@@3U__s_GUID@@BUtagCONNECTDATA@@V?$_Copy@UtagCONNECTDATA@@@ATL@@VCComSingleThreadModel@6@@ATL@@@ATL@@UAGKXZ 100030fc f i CAT.obj
 0001:0000210d       ?Release@?$CComObject@V?$CComEnum@UIEnumConnections@@$1?_GUID_b196b287_bab4_101a_b69c_00aa00341d07@@3U__s_GUID@@BUtagCONNECTDATA@@V?$_Copy@UtagCONNECTDATA@@@ATL@@VCComSingleThreadModel@6@@ATL@@@ATL@@UAGKXZ 1000310d f i CAT.obj
 0001:0000210d       ?Release@?$CComObject@V?$CComEnum@UIEnumConnectionPoints@@$1?_GUID_b196b285_bab4_101a_b69c_00aa00341d07@@3U__s_GUID@@BPAUIConnectionPoint@@V?$_CopyInterface@UIConnectionPoint@@@ATL@@VCComSingleThreadModel@6@@ATL@@@ATL@@UAGKXZ 1000310d f i CAT.obj
 0001:00002149       ?QueryInterface@?$CComObject@V?$CComEnum@UIEnumConnectionPoints@@$1?_GUID_b196b285_bab4_101a_b69c_00aa00341d07@@3U__s_GUID@@BPAUIConnectionPoint@@V?$_CopyInterface@UIConnectionPoint@@@ATL@@VCComSingleThreadModel@6@@ATL@@@ATL@@UAGJABU_GUID@@PAPAX@Z 10003149 f i CAT.obj
 0001:00002163       ??_G?$CComObject@V?$CComEnum@UIEnumConnectionPoints@@$1?_GUID_b196b285_bab4_101a_b69c_00aa00341d07@@3U__s_GUID@@BPAUIConnectionPoint@@V?$_CopyInterface@UIConnectionPoint@@@ATL@@VCComSingleThreadModel@6@@ATL@@@ATL@@UAEPAXI@Z 10003163 f i CAT.obj
 0001:00002163       ??_E?$CComObject@V?$CComEnum@UIEnumConnectionPoints@@$1?_GUID_b196b285_bab4_101a_b69c_00aa00341d07@@3U__s_GUID@@BPAUIConnectionPoint@@V?$_CopyInterface@UIConnectionPoint@@@ATL@@VCComSingleThreadModel@6@@ATL@@@ATL@@UAEPAXI@Z 10003163 f i CAT.obj
 0001:00002185       ?AddRef@CRegObject@ATL@@UAGKXZ 10003185 f i CAT.obj
 0001:0000218b       ?AddReplacement@CRegObject@ATL@@UAGJPB_W0@Z 1000318b f i CAT.obj
 0001:000021c4       ?ClearReplacements@CRegObject@ATL@@UAGJXZ 100031c4 f i CAT.obj
 0001:000021d6       ??_ECRegObject@ATL@@UAEPAXI@Z 100031d6 f i CAT.obj
 0001:000021d6       ??_GCRegObject@ATL@@UAEPAXI@Z 100031d6 f i CAT.obj
 0001:000021f8       ?AddRef@?$CComAggObject@VCOPOSCAT@@@ATL@@UAGKXZ 100031f8 f i CAT.obj
 0001:00002209       ?Release@?$CComAggObject@VCOPOSCAT@@@ATL@@UAGKXZ 10003209 f i CAT.obj
 0001:00002245       ?QueryInterface@?$CComAggObject@VCOPOSCAT@@@ATL@@UAGJABU_GUID@@PAPAX@Z 10003245 f i CAT.obj
 0001:00002294       ?AddRef@?$CComContainedObject@VCOPOSCAT@@@ATL@@UAGKXZ 10003294 f i CAT.obj
 0001:000022aa       ?Release@?$CComContainedObject@VCOPOSCAT@@@ATL@@UAGKXZ 100032aa f i CAT.obj
 0001:000022c0       ?QueryInterface@?$CComContainedObject@VCOPOSCAT@@@ATL@@UAGJABU_GUID@@PAPAX@Z 100032c0 f i CAT.obj
 0001:000022db       ??_G?$CComAggObject@VCOPOSCAT@@@ATL@@UAEPAXI@Z 100032db f i CAT.obj
 0001:000022db       ??_E?$CComAggObject@VCOPOSCAT@@@ATL@@UAEPAXI@Z 100032db f i CAT.obj
 0001:00002300       ?AddRef@?$CComObject@VCOPOSCAT@@@ATL@@UAGKXZ 10003300 f i CAT.obj
 0001:00002317       ?Release@?$CComObject@VCOPOSCAT@@@ATL@@UAGKXZ 10003317 f i CAT.obj
 0001:00002359       ?QueryInterface@?$CComObject@VCOPOSCAT@@@ATL@@UAGJABU_GUID@@PAPAX@Z 10003359 f i CAT.obj
 0001:00002373       ?OnDrawAdvanced@CComControlBase@ATL@@UAEJAAUATL_DRAWINFO@@@Z 10003373 f i CAT.obj
 0001:00002466       ?Next@?$CComEnumImpl@UIEnumConnections@@$1?_GUID_b196b287_bab4_101a_b69c_00aa00341d07@@3U__s_GUID@@BUtagCONNECTDATA@@V?$_Copy@UtagCONNECTDATA@@@ATL@@@ATL@@UAGJKPAUtagCONNECTDATA@@PAK@Z 10003466 f i CAT.obj
 0001:0000253d       ?Skip@?$CComEnumImpl@UIEnumConnections@@$1?_GUID_b196b287_bab4_101a_b69c_00aa00341d07@@3U__s_GUID@@BUtagCONNECTDATA@@V?$_Copy@UtagCONNECTDATA@@@ATL@@@ATL@@UAGJK@Z 1000353d f i CAT.obj
 0001:0000256a       ?Clone@?$CComEnumImpl@UIEnumConnections@@$1?_GUID_b196b287_bab4_101a_b69c_00aa00341d07@@3U__s_GUID@@BUtagCONNECTDATA@@V?$_Copy@UtagCONNECTDATA@@@ATL@@@ATL@@UAGJPAPAUIEnumConnections@@@Z 1000356a f i CAT.obj
 0001:0000264b       ?QueryInterface@?$CComObject@V?$CComEnum@UIEnumConnections@@$1?_GUID_b196b287_bab4_101a_b69c_00aa00341d07@@3U__s_GUID@@BUtagCONNECTDATA@@V?$_Copy@UtagCONNECTDATA@@@ATL@@VCComSingleThreadModel@6@@ATL@@@ATL@@UAGJABU_GUID@@PAPAX@Z 1000364b f i CAT.obj
 0001:00002665       ??_E?$CComObject@V?$CComEnum@UIEnumConnections@@$1?_GUID_b196b287_bab4_101a_b69c_00aa00341d07@@3U__s_GUID@@BUtagCONNECTDATA@@V?$_Copy@UtagCONNECTDATA@@@ATL@@VCComSingleThreadModel@6@@ATL@@@ATL@@UAEPAXI@Z 10003665 f i CAT.obj
 0001:00002665       ??_G?$CComObject@V?$CComEnum@UIEnumConnections@@$1?_GUID_b196b287_bab4_101a_b69c_00aa00341d07@@3U__s_GUID@@BUtagCONNECTDATA@@V?$_Copy@UtagCONNECTDATA@@@ATL@@VCComSingleThreadModel@6@@ATL@@@ATL@@UAEPAXI@Z 10003665 f i CAT.obj
 0001:00002687       ??_E?$CComObject@VCOPOSCAT@@@ATL@@W3AEPAXI@Z 10003687 f i CAT.obj
 0001:0000268f       ??_E?$CComObject@VCOPOSCAT@@@ATL@@WEM@AEPAXI@Z 1000368f f i CAT.obj
 0001:00002697       ?QueryInterface@?$CComObject@VCOPOSCAT@@@ATL@@WHA@AGJABU_GUID@@PAPAX@Z 10003697 f i CAT.obj
 0001:000026a1       ?AddRef@?$CComObject@VCOPOSCAT@@@ATL@@WHA@AGKXZ 100036a1 f i CAT.obj
 0001:000026ab       ?Release@?$CComObject@VCOPOSCAT@@@ATL@@WHA@AGKXZ 100036ab f i CAT.obj
 0001:000026b5       ?QueryInterface@?$CComObject@VCOPOSCAT@@@ATL@@WHE@AGJABU_GUID@@PAPAX@Z 100036b5 f i CAT.obj
 0001:000026bf       ?AddRef@?$CComObject@VCOPOSCAT@@@ATL@@WHE@AGKXZ 100036bf f i CAT.obj
 0001:000026c9       ?Release@?$CComObject@VCOPOSCAT@@@ATL@@WHE@AGKXZ 100036c9 f i CAT.obj
 0001:000026d3       ?QueryInterface@?$CComObject@VCOPOSCAT@@@ATL@@WHI@AGJABU_GUID@@PAPAX@Z 100036d3 f i CAT.obj
 0001:000026dd       ?AddRef@?$CComObject@VCOPOSCAT@@@ATL@@WHI@AGKXZ 100036dd f i CAT.obj
 0001:000026e7       ?Release@?$CComObject@VCOPOSCAT@@@ATL@@WHI@AGKXZ 100036e7 f i CAT.obj
 0001:000026f1       ?QueryInterface@?$CComObject@VCOPOSCAT@@@ATL@@WHM@AGJABU_GUID@@PAPAX@Z 100036f1 f i CAT.obj
 0001:000026fb       ?AddRef@?$CComObject@VCOPOSCAT@@@ATL@@WHM@AGKXZ 100036fb f i CAT.obj
 0001:00002705       ?Release@?$CComObject@VCOPOSCAT@@@ATL@@WHM@AGKXZ 10003705 f i CAT.obj
 0001:0000270f       ?QueryInterface@?$CComObject@VCOPOSCAT@@@ATL@@WIA@AGJABU_GUID@@PAPAX@Z 1000370f f i CAT.obj
 0001:0000271c       ?AddRef@?$CComObject@VCOPOSCAT@@@ATL@@WIA@AGKXZ 1000371c f i CAT.obj
 0001:00002729       ?Release@?$CComObject@VCOPOSCAT@@@ATL@@WIA@AGKXZ 10003729 f i CAT.obj
 0001:00002736       ?QueryInterface@?$CComObject@VCOPOSCAT@@@ATL@@WIE@AGJABU_GUID@@PAPAX@Z 10003736 f i CAT.obj
 0001:00002743       ?AddRef@?$CComObject@VCOPOSCAT@@@ATL@@WIE@AGKXZ 10003743 f i CAT.obj
 0001:00002750       ?Release@?$CComObject@VCOPOSCAT@@@ATL@@WIE@AGKXZ 10003750 f i CAT.obj
 0001:0000275d       ?QueryInterface@?$CComObject@VCOPOSCAT@@@ATL@@WII@AGJABU_GUID@@PAPAX@Z 1000375d f i CAT.obj
 0001:0000276a       ?AddRef@?$CComObject@VCOPOSCAT@@@ATL@@WII@AGKXZ 1000376a f i CAT.obj
 0001:00002777       ?Release@?$CComObject@VCOPOSCAT@@@ATL@@WII@AGKXZ 10003777 f i CAT.obj
 0001:00002784       ?QueryInterface@?$CComObject@VCOPOSCAT@@@ATL@@WIM@AGJABU_GUID@@PAPAX@Z 10003784 f i CAT.obj
 0001:00002791       ?AddRef@?$CComObject@VCOPOSCAT@@@ATL@@WIM@AGKXZ 10003791 f i CAT.obj
 0001:0000279e       ?Release@?$CComObject@VCOPOSCAT@@@ATL@@WIM@AGKXZ 1000379e f i CAT.obj
 0001:000027ab       ?QueryInterface@?$CComObject@VCOPOSCAT@@@ATL@@WJA@AGJABU_GUID@@PAPAX@Z 100037ab f i CAT.obj
 0001:000027b8       ?AddRef@?$CComObject@VCOPOSCAT@@@ATL@@WJA@AGKXZ 100037b8 f i CAT.obj
 0001:000027c5       ?Release@?$CComObject@VCOPOSCAT@@@ATL@@WJA@AGKXZ 100037c5 f i CAT.obj
 0001:000027d2       ?QueryInterface@?$CComObject@VCOPOSCAT@@@ATL@@WJE@AGJABU_GUID@@PAPAX@Z 100037d2 f i CAT.obj
 0001:000027df       ?AddRef@?$CComObject@VCOPOSCAT@@@ATL@@WJE@AGKXZ 100037df f i CAT.obj
 0001:000027ec       ?Release@?$CComObject@VCOPOSCAT@@@ATL@@WJE@AGKXZ 100037ec f i CAT.obj
 0001:000027f9       ?QueryInterface@?$CComObject@VCOPOSCAT@@@ATL@@WJI@AGJABU_GUID@@PAPAX@Z 100037f9 f i CAT.obj
 0001:00002806       ?AddRef@?$CComObject@VCOPOSCAT@@@ATL@@WJI@AGKXZ 10003806 f i CAT.obj
 0001:00002813       ?Release@?$CComObject@VCOPOSCAT@@@ATL@@WJI@AGKXZ 10003813 f i CAT.obj
 0001:00002820       ?QueryInterface@?$CComObject@VCOPOSCAT@@@ATL@@WJM@AGJABU_GUID@@PAPAX@Z 10003820 f i CAT.obj
 0001:0000282d       ?AddRef@?$CComObject@VCOPOSCAT@@@ATL@@WJM@AGKXZ 1000382d f i CAT.obj
 0001:0000283a       ?Release@?$CComObject@VCOPOSCAT@@@ATL@@WJM@AGKXZ 1000383a f i CAT.obj
 0001:00002847       ?QueryInterface@?$CComObject@VCOPOSCAT@@@ATL@@WKA@AGJABU_GUID@@PAPAX@Z 10003847 f i CAT.obj
 0001:00002854       ?AddRef@?$CComObject@VCOPOSCAT@@@ATL@@WKA@AGKXZ 10003854 f i CAT.obj
 0001:00002861       ?Release@?$CComObject@VCOPOSCAT@@@ATL@@WKA@AGKXZ 10003861 f i CAT.obj
 0001:0000286e       ?AddRef@?$CComObject@VCOPOSCAT@@@ATL@@WKI@AGKXZ 1000386e f i CAT.obj
 0001:0000287b       ?Release@?$CComObject@VCOPOSCAT@@@ATL@@WKI@AGKXZ 1000387b f i CAT.obj
 0001:00002888       ?AddRef@?$CComObject@VCOPOSCAT@@@ATL@@WLE@AGKXZ 10003888 f i CAT.obj
 0001:00002895       ?Release@?$CComObject@VCOPOSCAT@@@ATL@@WLE@AGKXZ 10003895 f i CAT.obj
 0001:000028a2       ??_E?$CComContainedObject@VCOPOSCAT@@@ATL@@W3AEPAXI@Z 100038a2 f i CAT.obj
 0001:000028aa       ??_E?$CComContainedObject@VCOPOSCAT@@@ATL@@WEM@AEPAXI@Z 100038aa f i CAT.obj
 0001:000028b2       ?QueryInterface@?$CComContainedObject@VCOPOSCAT@@@ATL@@WHA@AGJABU_GUID@@PAPAX@Z 100038b2 f i CAT.obj
 0001:000028bc       ?AddRef@?$CComContainedObject@VCOPOSCAT@@@ATL@@WHA@AGKXZ 100038bc f i CAT.obj
 0001:000028c6       ?Release@?$CComContainedObject@VCOPOSCAT@@@ATL@@WHA@AGKXZ 100038c6 f i CAT.obj
 0001:000028d0       ?QueryInterface@?$CComContainedObject@VCOPOSCAT@@@ATL@@WHE@AGJABU_GUID@@PAPAX@Z 100038d0 f i CAT.obj
 0001:000028da       ?AddRef@?$CComContainedObject@VCOPOSCAT@@@ATL@@WHE@AGKXZ 100038da f i CAT.obj
 0001:000028e4       ?Release@?$CComContainedObject@VCOPOSCAT@@@ATL@@WHE@AGKXZ 100038e4 f i CAT.obj
 0001:000028ee       ?QueryInterface@?$CComContainedObject@VCOPOSCAT@@@ATL@@WHI@AGJABU_GUID@@PAPAX@Z 100038ee f i CAT.obj
 0001:000028f8       ?AddRef@?$CComContainedObject@VCOPOSCAT@@@ATL@@WHI@AGKXZ 100038f8 f i CAT.obj
 0001:00002902       ?Release@?$CComContainedObject@VCOPOSCAT@@@ATL@@WHI@AGKXZ 10003902 f i CAT.obj
 0001:0000290c       ?QueryInterface@?$CComContainedObject@VCOPOSCAT@@@ATL@@WHM@AGJABU_GUID@@PAPAX@Z 1000390c f i CAT.obj
 0001:00002916       ?AddRef@?$CComContainedObject@VCOPOSCAT@@@ATL@@WHM@AGKXZ 10003916 f i CAT.obj
 0001:00002920       ?Release@?$CComContainedObject@VCOPOSCAT@@@ATL@@WHM@AGKXZ 10003920 f i CAT.obj
 0001:0000292a       ?QueryInterface@?$CComContainedObject@VCOPOSCAT@@@ATL@@WIA@AGJABU_GUID@@PAPAX@Z 1000392a f i CAT.obj
 0001:00002937       ?AddRef@?$CComContainedObject@VCOPOSCAT@@@ATL@@WIA@AGKXZ 10003937 f i CAT.obj
 0001:00002944       ?Release@?$CComContainedObject@VCOPOSCAT@@@ATL@@WIA@AGKXZ 10003944 f i CAT.obj
 0001:00002951       ?QueryInterface@?$CComContainedObject@VCOPOSCAT@@@ATL@@WIE@AGJABU_GUID@@PAPAX@Z 10003951 f i CAT.obj
 0001:0000295e       ?AddRef@?$CComContainedObject@VCOPOSCAT@@@ATL@@WIE@AGKXZ 1000395e f i CAT.obj
 0001:0000296b       ?Release@?$CComContainedObject@VCOPOSCAT@@@ATL@@WIE@AGKXZ 1000396b f i CAT.obj
 0001:00002978       ?QueryInterface@?$CComContainedObject@VCOPOSCAT@@@ATL@@WII@AGJABU_GUID@@PAPAX@Z 10003978 f i CAT.obj
 0001:00002985       ?AddRef@?$CComContainedObject@VCOPOSCAT@@@ATL@@WII@AGKXZ 10003985 f i CAT.obj
 0001:00002992       ?Release@?$CComContainedObject@VCOPOSCAT@@@ATL@@WII@AGKXZ 10003992 f i CAT.obj
 0001:0000299f       ?QueryInterface@?$CComContainedObject@VCOPOSCAT@@@ATL@@WIM@AGJABU_GUID@@PAPAX@Z 1000399f f i CAT.obj
 0001:000029ac       ?AddRef@?$CComContainedObject@VCOPOSCAT@@@ATL@@WIM@AGKXZ 100039ac f i CAT.obj
 0001:000029b9       ?Release@?$CComContainedObject@VCOPOSCAT@@@ATL@@WIM@AGKXZ 100039b9 f i CAT.obj
 0001:000029c6       ?QueryInterface@?$CComContainedObject@VCOPOSCAT@@@ATL@@WJA@AGJABU_GUID@@PAPAX@Z 100039c6 f i CAT.obj
 0001:000029d3       ?AddRef@?$CComContainedObject@VCOPOSCAT@@@ATL@@WJA@AGKXZ 100039d3 f i CAT.obj
 0001:000029e0       ?Release@?$CComContainedObject@VCOPOSCAT@@@ATL@@WJA@AGKXZ 100039e0 f i CAT.obj
 0001:000029ed       ?QueryInterface@?$CComContainedObject@VCOPOSCAT@@@ATL@@WJE@AGJABU_GUID@@PAPAX@Z 100039ed f i CAT.obj
 0001:000029fa       ?AddRef@?$CComContainedObject@VCOPOSCAT@@@ATL@@WJE@AGKXZ 100039fa f i CAT.obj
 0001:00002a07       ??$?4UITypeInfo2@@@?$CComPtr@UITypeInfo@@@ATL@@QAEPAUITypeInfo@@ABV?$CComPtr@UITypeInfo2@@@1@@Z 10003a07 f i CAT.obj
 0001:00002a34       ??$AtlAdd@K@ATL@@YAJPAKKK@Z 10003a34 f i CAT.obj
 0001:00002a57       ??$AtlAdd@_K@ATL@@YAJPA_K_K1@Z 10003a57 f i CAT.obj
 0001:00002a8f       ??$AtlAddThrow@K@ATL@@YAKKK@Z 10003a8f f i CAT.obj
 0001:00002ab5       ??$AtlModuleRegisterWndClassInfoT@VAtlModuleRegisterWndClassInfoParamW@ATL@@@ATL@@YAGPAU_ATL_BASE_MODULE70@0@PAU_ATL_WIN_MODULE70@0@PAU_ATL_WNDCLASSINFOW@0@PAP6GJPAUHWND__@@IIJ@ZVAtlModuleRegisterWndClassInfoParamW@0@@Z 10003ab5 f i CAT.obj
 0001:00002c03       ??$AtlMultiply@H@ATL@@YAJPAHHH@Z 10003c03 f i CAT.obj
 0001:00002c3b       ??$AtlMultiply@I@ATL@@YAJPAIII@Z 10003c3b f i CAT.obj
 0001:00002c3b       ??$AtlMultiply@K@ATL@@YAJPAKKK@Z 10003c3b f i CAT.obj
 0001:00002c5d       ??$AtlMultiplyThrow@I@ATL@@YAIII@Z 10003c5d f i CAT.obj
 0001:00002c83       ??0?$CComAggObject@VCOPOSCAT@@@ATL@@QAE@PAX@Z 10003c83 f i CAT.obj
 0001:00002cb0       ??0?$CComContainedObject@VCOPOSCAT@@@ATL@@QAE@PAX@Z 10003cb0 f i CAT.obj
 0001:00002d69       ??0?$CComObject@V?$CComEnum@UIEnumConnectionPoints@@$1?_GUID_b196b285_bab4_101a_b69c_00aa00341d07@@3U__s_GUID@@BPAUIConnectionPoint@@V?$_CopyInterface@UIConnectionPoint@@@ATL@@VCComSingleThreadModel@6@@ATL@@@ATL@@QAE@PAX@Z 10003d69 f i CAT.obj
 0001:00002d97       ??0?$CComObject@V?$CComEnum@UIEnumConnections@@$1?_GUID_b196b287_bab4_101a_b69c_00aa00341d07@@3U__s_GUID@@BUtagCONNECTDATA@@V?$_Copy@UtagCONNECTDATA@@@ATL@@VCComSingleThreadModel@6@@ATL@@@ATL@@QAE@PAX@Z 10003d97 f i CAT.obj
 0001:00002dc5       ??0?$CComObject@VCOPOSCAT@@@ATL@@QAE@PAX@Z 10003dc5 f i CAT.obj
 0001:00002e7c       ??0?$CComQIPtr@UIOleControlSite@@$1?_GUID_b196b289_bab4_101a_b69c_00aa00341d07@@3U__s_GUID@@B@ATL@@QAE@PAUIUnknown@@@Z 10003e7c f i CAT.obj
 0001:00002ea5       ??0CAtlModule@ATL@@QAE@XZ  10003ea5 f i CAT.obj
 0001:00002ee6       ??0CParseBuffer@CRegParser@ATL@@QAE@H@Z 10003ee6 f i CAT.obj
 0001:00002f1c       ??0_ATL_MSG@ATL@@QAE@PAUHWND__@@IIJH@Z 10003f1c f i CAT.obj
 0001:00002f54       ??1?$CComAggObject@VCOPOSCAT@@@ATL@@UAE@XZ 10003f54 f i CAT.obj
 0001:00002f78       ??1?$CComEnumImpl@UIEnumConnectionPoints@@$1?_GUID_b196b285_bab4_101a_b69c_00aa00341d07@@3U__s_GUID@@BPAUIConnectionPoint@@V?$_CopyInterface@UIConnectionPoint@@@ATL@@@ATL@@UAE@XZ 10003f78 f i CAT.obj
 0001:00002fb8       ??1?$CComEnumImpl@UIEnumConnections@@$1?_GUID_b196b287_bab4_101a_b69c_00aa00341d07@@3U__s_GUID@@BUtagCONNECTDATA@@V?$_Copy@UtagCONNECTDATA@@@ATL@@@ATL@@UAE@XZ 10003fb8 f i CAT.obj
 0001:00002ff8       ??1?$CComObject@V?$CComEnum@UIEnumConnectionPoints@@$1?_GUID_b196b285_bab4_101a_b69c_00aa00341d07@@3U__s_GUID@@BPAUIConnectionPoint@@V?$_CopyInterface@UIConnectionPoint@@@ATL@@VCComSingleThreadModel@6@@ATL@@@ATL@@UAE@XZ 10003ff8 f i CAT.obj
 0001:0000301b       ??1?$CComObject@V?$CComEnum@UIEnumConnections@@$1?_GUID_b196b287_bab4_101a_b69c_00aa00341d07@@3U__s_GUID@@BUtagCONNECTDATA@@V?$_Copy@UtagCONNECTDATA@@@ATL@@VCComSingleThreadModel@6@@ATL@@@ATL@@UAE@XZ 1000401b f i CAT.obj
 0001:0000303e       ??1?$CComObject@VCOPOSCAT@@@ATL@@UAE@XZ 1000403e f i CAT.obj
 0001:000030fc       ??1?$CComObjectCached@VCComClassFactory@ATL@@@ATL@@UAE@XZ 100040fc f i CAT.obj
 0001:00003112       ??1?$CComObjectRootEx@VCComMultiThreadModel@ATL@@@ATL@@QAE@XZ 10004112 f i CAT.obj
 0001:00003127       ??1CRegObject@ATL@@UAE@XZ  10004127 f i CAT.obj
 0001:00003147       ??4?$CComPtr@UIAdviseSink@@@ATL@@QAEPAUIAdviseSink@@PAU2@@Z 10004147 f i CAT.obj
 0001:00003147       ??4?$CComPtr@UIUnknown@@@ATL@@QAEPAUIUnknown@@PAU2@@Z 10004147 f i CAT.obj
 0001:00003147       ??4?$CComPtr@UIOleClientSite@@@ATL@@QAEPAUIOleClientSite@@PAU2@@Z 10004147 f i CAT.obj
 0001:0000317b       ??_E?$CComContainedObject@VCOPOSCAT@@@ATL@@UAEPAXI@Z 1000417b f i CAT.obj
 0001:0000317b       ??_G?$CComContainedObject@VCOPOSCAT@@@ATL@@UAEPAXI@Z 1000417b f i CAT.obj
 0001:000031a0       ??_E?$CComObject@VCOPOSCAT@@@ATL@@UAEPAXI@Z 100041a0 f i CAT.obj
 0001:000031a0       ??_G?$CComObject@VCOPOSCAT@@@ATL@@UAEPAXI@Z 100041a0 f i CAT.obj
 0001:000031c5       ?Add@?$CSimpleArray@GV?$CSimpleArrayEqualHelper@G@ATL@@@ATL@@QAEHABG@Z 100041c5 f i CAT.obj
 0001:00003249       ?Add@?$CSimpleMap@PA_WPA_WVCExpansionVectorEqualHelper@ATL@@@ATL@@QAEHABQA_W0@Z 10004249 f i CAT.obj
 0001:0000329e       ?Add@CComDynamicUnkArray@ATL@@QAEKPAUIUnknown@@@Z 1000429e f i CAT.obj
 0001:00003354       ?Add@CExpansionVector@ATL@@QAEHPB_W0@Z 10004354 f i CAT.obj
 0001:0000345d       ?AddString@CParseBuffer@CRegParser@ATL@@QAEHPB_W@Z 1000445d f i CAT.obj
 0001:00003492       ?AddTermFunc@CAtlModule@ATL@@QAEJP6GXK@ZK@Z 10004492 f i CAT.obj
 0001:000034f5       ?AddValue@CRegParser@ATL@@IAEJAAVCRegKey@2@PB_WPA_W@Z 100044f5 f i CAT.obj
 0001:0000380f       ?Allocate@?$CAtlSafeAllocBufferManager@VCCRTAllocator@ATL@@@_ATL_SAFE_ALLOCA_IMPL@ATL@@QAEPAXK@Z 1000480f f i CAT.obj
 0001:0000383c       ?Allocate@?$CTempBuffer@E$0BAA@VCCRTAllocator@ATL@@@ATL@@QAEPAEI@Z 1000483c f i CAT.obj
 0001:0000386b       ?Allocate@?$CTempBuffer@_W$0BAA@VCCRTAllocator@ATL@@@ATL@@QAEPA_WI@Z 1000486b f i CAT.obj
 0001:0000389a       ?Allocate@?$CTempBuffer@_W$0EAA@VCCRTAllocator@ATL@@@ATL@@QAEPA_WI@Z 1000489a f i CAT.obj
 0001:000038c9       ?AllocateHeap@?$CTempBuffer@_W$0EAA@VCCRTAllocator@ATL@@@ATL@@AAEXI@Z 100048c9 f i CAT.obj
 0001:000038c9       ?AllocateHeap@?$CTempBuffer@_W$0BAA@VCCRTAllocator@ATL@@@ATL@@AAEXI@Z 100048c9 f i CAT.obj
 0001:000038c9       ?AllocateHeap@?$CTempBuffer@E$0BAA@VCCRTAllocator@ATL@@@ATL@@AAEXI@Z 100048c9 f i CAT.obj
 0001:000038ee       ?Append@CParseBuffer@CRegParser@ATL@@QAEHPB_WH@Z 100048ee f i CAT.obj
 0001:0000397c       ?AtlCoTaskMemCAlloc@ATL@@YAPAXKK@Z 1000497c f i CAT.obj
 0001:000039a9       ?AtlCoTaskMemRecalloc@ATL@@YAPAXPAXKK@Z 100049a9 f i CAT.obj
 0001:000039d9       ?AtlComModuleGetClassObject@ATL@@YGJPAU_ATL_COM_MODULE70@1@ABU_GUID@@1PAPAX@Z 100049d9 f i CAT.obj
 0001:00003acc       ?AtlComModuleRegisterServer@ATL@@YGJPAU_ATL_COM_MODULE70@1@HPBU_GUID@@@Z 10004acc f i CAT.obj
 0001:00003b54       ?AtlComModuleUnregisterServer@ATL@@YGJPAU_ATL_COM_MODULE70@1@HPBU_GUID@@@Z 10004b54 f i CAT.obj
 0001:00003bdc       ?AtlComQIPtrAssign2@ATL@@YAXPAPAUIUnknown@@PAU2@ABU_GUID@@@Z 10004bdc f i CAT.obj
 0001:00003c0b       ?AtlCreateTargetDC@ATL@@YGPAUHDC__@@PAU2@PAUtagDVTARGETDEVICE@@@Z 10004c0b f i CAT.obj
 0001:00003c74       ?AtlCrtErrorCheck@ATL@@YAHH@Z 10004c74 f i CAT.obj
 0001:00003caf       ?AtlHiMetricToPixel@ATL@@YGXPBUtagSIZE@@PAU2@@Z 10004caf f i CAT.obj
 0001:00003d24       ?AtlHresultFromLastError@ATL@@YAJXZ 10004d24 f i CAT.obj
 0001:00003d3b       ?AtlHresultFromWin32@ATL@@YAJK@Z 10004d3b f i CAT.obj
 0001:00003d50       ?AtlInternalOleLoadFromStream@ATL@@YAJPAUIStream@@ABU_GUID@@PAPAXTClassesAllowedInStream@1@K@Z 10004d50 f i CAT.obj
 0001:00003e76       ?AtlInternalQueryInterface@ATL@@YGJPAXPBU_ATL_INTMAP_ENTRY@1@ABU_GUID@@PAPAX@Z 10004e76 f i CAT.obj
 0001:00003f19       ?AtlLoadTypeLib@ATL@@YGJPAUHINSTANCE__@@PB_WPAPA_WPAPAUITypeLib@@@Z 10004f19 f i CAT.obj
 0001:000040f7       ?AtlRegisterClassCategoriesHelper@ATL@@YGJABU_GUID@@PBU_ATL_CATMAP_ENTRY@1@H@Z 100050f7 f i CAT.obj
 0001:000043f3       ?AtlRegisterTypeLib@ATL@@YGJPAUHINSTANCE__@@PB_W@Z 100053f3 f i CAT.obj
 0001:0000457b       ?AtlThrowImpl@ATL@@YGXJ@Z  1000557b f i CAT.obj
 0001:00004599       ?AtlUnRegisterTypeLib@ATL@@YGJPAUHINSTANCE__@@PB_W@Z 10005599 f i CAT.obj
 0001:00004644       ?AtlWinModuleAddCreateWndData@ATL@@YGXPAU_ATL_WIN_MODULE70@1@PAU_AtlCreateWndData@1@PAX@Z 10005644 f i CAT.obj
 0001:00004698       ?AtlWinModuleExtractCreateWndData@ATL@@YGPAXPAU_ATL_WIN_MODULE70@1@@Z 10005698 f i CAT.obj
 0001:000046fb       ?AtlWinModuleRegisterClassExW@ATL@@YGGPAU_ATL_WIN_MODULE70@1@PBUtagWNDCLASSEXW@@@Z 100056fb f i CAT.obj
 0001:0000473a       ?CanForceRemoveKey@CRegParser@ATL@@IAEHPB_W@Z 1000573a f i CAT.obj
 0001:00004769       ?ChToByte@CRegParser@ATL@@KAE_W@Z 10005769 f i CAT.obj
 0001:0000479c       ?Cleanup@CComTypeInfoHolder@ATL@@SGXK@Z 1000579c f i CAT.obj
 0001:000047cf       ?ClearReplacements@CExpansionVector@ATL@@QAEJXZ 100057cf f i CAT.obj
 0001:0000480c       ?Close@CRegKey@ATL@@QAEJXZ 1000580c f i CAT.obj
 0001:00004826       ?CreateInstance@?$CComCreator@V?$CComAggObject@VCOPOSCAT@@@ATL@@@ATL@@SGJPAXABU_GUID@@PAPAX@Z 10005826 f i CAT.obj
 0001:0000489c       ?CreateInstance@?$CComCreator@V?$CComObject@VCOPOSCAT@@@ATL@@@ATL@@SGJPAXABU_GUID@@PAPAX@Z 1000589c f i CAT.obj
 0001:0000491d       ?CreateInstance@?$CComObject@V?$CComEnum@UIEnumConnectionPoints@@$1?_GUID_b196b285_bab4_101a_b69c_00aa00341d07@@3U__s_GUID@@BPAUIConnectionPoint@@V?$_CopyInterface@UIConnectionPoint@@@ATL@@VCComSingleThreadModel@6@@ATL@@@ATL@@SGJPAPAV12@@Z 1000591d f i CAT.obj
 0001:00004964       ?CreateInstance@?$CComObject@V?$CComEnum@UIEnumConnections@@$1?_GUID_b196b287_bab4_101a_b69c_00aa00341d07@@3U__s_GUID@@BUtagCONNECTDATA@@V?$_Copy@UtagCONNECTDATA@@@ATL@@VCComSingleThreadModel@6@@ATL@@@ATL@@SGJPAPAV12@@Z 10005964 f i CAT.obj
 0001:000049ab       ?DefaultReflectionHandler@?$CWindowImplRoot@VCWindow@ATL@@@ATL@@SAHPAUHWND__@@IIJAAJ@Z 100059ab f i CAT.obj
 0001:00004a1e       ?DeleteSubKey@CRegKey@ATL@@QAEJPB_W@Z 10005a1e f i CAT.obj
 0001:00004a97       ?DoEvent@COPOSCAT@@IAEXIIJ@Z 10005a97 f i CAT.obj
 0001:00004b17       ?DoVerbHide@?$IOleObjectImpl@VCOPOSCAT@@@ATL@@QAEJPBUtagRECT@@PAUHWND__@@@Z 10005b17 f i CAT.obj
 0001:00004b4d       ?DoVerbInPlaceActivate@?$IOleObjectImpl@VCOPOSCAT@@@ATL@@QAEJPBUtagRECT@@PAUHWND__@@@Z 10005b4d f i CAT.obj
 0001:00004b80       ?DoVerbPrimary@?$IOleObjectImpl@VCOPOSCAT@@@ATL@@QAEJPBUtagRECT@@PAUHWND__@@@Z 10005b80 f i CAT.obj
 0001:00004c0c       ?DoVerbProperties@CComControlBase@ATL@@QAEJPBUtagRECT@@PAUHWND__@@@Z 10005c0c f i CAT.obj
 0001:00004d8b       ?DoVerbUIActivate@?$IOleObjectImpl@VCOPOSCAT@@@ATL@@QAEJPBUtagRECT@@PAUHWND__@@@Z 10005d8b f i CAT.obj
 0001:00004dc8       ?DoesVerbActivate@CComControlBase@ATL@@QAEHJ@Z 10005dc8 f i CAT.obj
 0001:00004de9       ?DoesVerbUIActivate@CComControlBase@ATL@@QAEHJ@Z 10005de9 f i CAT.obj
 0001:00004e1e       ?EndOfVar@CRegParser@ATL@@IAEHXZ 10005e1e f i CAT.obj
 0001:00004e3e       ?EscapeSingleQuote@CAtlModule@ATL@@SAXPA_WIPB_W@Z 10005e3e f i CAT.obj
 0001:00004e8d       ?FindKey@?$CSimpleMap@PA_WPA_WVCExpansionVectorEqualHelper@ATL@@@ATL@@QBEHABQA_W@Z 10005e8d f i CAT.obj
 0001:00004ec4       ?FireTheEvent@?$CProxy_IOPOSEvents@VCOPOSCAT@@@@IAEXPAVOposVariant@@IAAJPB_WJ@Z 10005ec4 f i CAT.obj
 0001:00004f56       ?FireViewChange@CComControlBase@ATL@@QAEJXZ 10005f56 f i CAT.obj
 0001:00004f9f       ?Fire_DirectIOEvent@?$CProxy_IOPOSEvents@VCOPOSCAT@@@@QAEXJPAJPAPA_W@Z 10005f9f f i CAT.obj
 0001:00005088       ?Fire_ErrorEvent@?$CProxy_IOPOSEvents@VCOPOSCAT@@@@QAEXJJJPAJ@Z 10006088 f i CAT.obj
 0001:00005172       ?Fire_OutputCompleteEvent@?$CProxy_IOPOSEvents@VCOPOSCAT@@@@QAEXJ@Z 10006172 f i CAT.obj
 0001:00005205       ?Fire_StatusUpdateEvent@?$CProxy_IOPOSEvents@VCOPOSCAT@@@@QAEXJ@Z 10006205 f i CAT.obj
 0001:00005298       ?FreeHeap@?$CTempBuffer@_W$0EAA@VCCRTAllocator@ATL@@@ATL@@AAEXXZ 10006298 f i CAT.obj
 0001:00005298       ?FreeHeap@?$CTempBuffer@E$0BAA@VCCRTAllocator@ATL@@@ATL@@AAEXXZ 10006298 f i CAT.obj
 0001:00005298       ?FreeHeap@?$CTempBuffer@_W$0BAA@VCCRTAllocator@ATL@@@ATL@@AAEXXZ 10006298 f i CAT.obj
 0001:000052a1       ?GetAmbientLocaleID@CComControlBase@ATL@@QAEJAAK@Z 100062a1 f i CAT.obj
 0001:000052fd       ?GetAmbientUserMode@CComControlBase@ATL@@QAEJAAH@Z 100062fd f i CAT.obj
 0001:0000536d       ?GetAt@CComDynamicUnkArray@ATL@@QAEPAUIUnknown@@H@Z 1000636d f i CAT.obj
 0001:00005389       ?GetClassObject@CComModule@ATL@@QAEJABU_GUID@@0PAPAX@Z 10006389 f i CAT.obj
 0001:0000542b       ?GetConnMap@COPOSCAT@@SAPBU_ATL_CONNMAP_ENTRY@ATL@@PAH@Z 1000642b f i CAT.obj
 0001:0000549b       ?GetCookie@CComDynamicUnkArray@ATL@@QAGKPAPAUIUnknown@@@Z 1000649b f i CAT.obj
 0001:000054d3       ?GetIDsOfNames@CComTypeInfoHolder@ATL@@QAEJABU_GUID@@PAPA_WIKPAJ@Z 100064d3 f i CAT.obj
 0001:000055fa       ?GetKeyAt@?$CSimpleMap@PA_WPA_WVCExpansionVectorEqualHelper@ATL@@@ATL@@QBEAAPA_WH@Z 100065fa f i CAT.obj
 0001:0000561f       ?GetPagesHelper@?$ISpecifyPropertyPagesImpl@VCOPOSCAT@@@ATL@@IAEJPAUtagCAUUID@@PBUATL_PROPMAP_ENTRY@2@@Z 1000661f f i CAT.obj
 0001:00005746       ?GetProperty@?$CComPtr@UIDispatch@@@ATL@@SAJPAUIDispatch@@JPAUtagVARIANT@@@Z 10006746 f i CAT.obj
 0001:00005795       ?GetSizeMax@CComVariant@ATL@@QBEJPAT_ULARGE_INTEGER@@@Z 10006795 f i CAT.obj
 0001:0000595b       ?GetTI@CComTypeInfoHolder@ATL@@QAEJK@Z 1000695b f i CAT.obj
 0001:00005b3a       ?GetTI@CComTypeInfoHolder@ATL@@QAEJKPAPAUITypeInfo@@@Z 10006b3a f i CAT.obj
 0001:00005b7c       ?GetUnknown@CComDynamicUnkArray@ATL@@QAGPAUIUnknown@@K@Z 10006b7c f i CAT.obj
 0001:00005b9d       ?GetValueAt@?$CSimpleMap@PA_WPA_WVCExpansionVectorEqualHelper@ATL@@@ATL@@QBEAAPA_WH@Z 10006b9d f i CAT.obj
 0001:00005bc3       ?GetZoomInfo@CComControlBase@ATL@@QAEXAAUATL_DRAWINFO@@@Z 10006bc3 f i CAT.obj
 0001:00005c56       ?HKeyFromString@CRegParser@ATL@@KAPAUHKEY__@@PA_W@Z 10006c56 f i CAT.obj
 0001:00005c84       ?HasSubKeys@CRegParser@ATL@@IAEHPAUHKEY__@@@Z 10006c84 f i CAT.obj
 0001:00005cb9       ?IDataObject_GetData@CComControlBase@ATL@@QAEJPAUtagFORMATETC@@PAUtagSTGMEDIUM@@@Z 10006cb9 f i CAT.obj
 0001:00005e5f       ?IOleInPlaceObject_InPlaceDeactivate@CComControlBase@ATL@@QAEJXZ 10006e5f f i CAT.obj
 0001:00005ee6       ?IOleInPlaceObject_SetObjectRects@CComControlBase@ATL@@QAEJPBUtagRECT@@0@Z 10006ee6 f i CAT.obj
 0001:00005fb3       ?IOleInPlaceObject_UIDeactivate@CComControlBase@ATL@@QAEJXZ 10006fb3 f i CAT.obj
 0001:00006075       ?IOleObject_Advise@CComControlBase@ATL@@QAEJPAUIAdviseSink@@PAK@Z 10007075 f i CAT.obj
 0001:0000609f       ?IOleObject_Close@CComControlBase@ATL@@QAEJK@Z 1000709f f i CAT.obj
 0001:00006183       ?IOleObject_GetClientSite@CComControlBase@ATL@@QAEJPAPAUIOleClientSite@@@Z 10007183 f i CAT.obj
 0001:000061ac       ?IOleObject_SetClientSite@CComControlBase@ATL@@QAEJPAUIOleClientSite@@@Z 100071ac f i CAT.obj
 0001:000061eb       ?IOleObject_SetExtent@CComControlBase@ATL@@QAEJKPAUtagSIZE@@@Z 100071eb f i CAT.obj
 0001:0000629f       ?IPSI_GetIPersistStreamInit@?$IPersistStorageImpl@VCOPOSCAT@@@ATL@@AAEPAUIPersistStreamInit@@XZ 1000729f f i CAT.obj
 0001:00006347       ?IPersistStreamInit_Load@?$IPersistStreamInitImpl@VCOPOSCAT@@@ATL@@QAEJPAUIStream@@PBUATL_PROPMAP_ENTRY@2@@Z 10007347 f i CAT.obj
 0001:000065c3       ?IPersistStreamInit_Save@?$IPersistStreamInitImpl@VCOPOSCAT@@@ATL@@QAEJPAUIStream@@HPBUATL_PROPMAP_ENTRY@2@@Z 100075c3 f i CAT.obj
 0001:000067b1       ?IQuickActivate_QuickActivate@CComControlBase@ATL@@QAEJPAUtagQACONTAINER@@PAUtagQACONTROL@@@Z 100077b1 f i CAT.obj
 0001:000069f3       ?IViewObject_Draw@CComControlBase@ATL@@QAEJKJPAXPAUtagDVTARGETDEVICE@@PAUHDC__@@2PBU_RECTL@@3@Z 100079f3 f i CAT.obj
 0001:00006a9b       ?InPlaceActivate@CComControlBase@ATL@@QAEJJPBUtagRECT@@@Z 10007a9b f i CAT.obj
 0001:00006d0c       ?Init@?$CComEnumImpl@UIEnumConnectionPoints@@$1?_GUID_b196b285_bab4_101a_b69c_00aa00341d07@@3U__s_GUID@@BPAUIConnectionPoint@@V?$_CopyInterface@UIConnectionPoint@@@ATL@@@ATL@@QAEJPAPAUIConnectionPoint@@0PAUIUnknown@@W4CComEnumFlags@2@@Z 10007d0c f i CAT.obj
 0001:00006deb       ?Init@?$CComEnumImpl@UIEnumConnections@@$1?_GUID_b196b287_bab4_101a_b69c_00aa00341d07@@3U__s_GUID@@BUtagCONNECTDATA@@V?$_Copy@UtagCONNECTDATA@@@ATL@@@ATL@@QAEJPAUtagCONNECTDATA@@0PAUIUnknown@@W4CComEnumFlags@2@@Z 10007deb f i CAT.obj
 0001:00006eca       ?Init@CComModule@ATL@@QAEJPAU_ATL_OBJMAP_ENTRY30@2@PAUHINSTANCE__@@PBU_GUID@@@Z 10007eca f i CAT.obj
 0001:00006f29       ?Init@CDynamicStdCallThunk2@ATL@@QAEHKPAX@Z 10007f29 f i CAT.obj
 0001:00006f54       ?InlineIsEqualUnknown@ATL@@YGHABU_GUID@@@Z 10007f54 f i CAT.obj
 0001:00006f7c       ?InternalSetAtIndex@?$CSimpleMap@PA_WPA_WVCExpansionVectorEqualHelper@ATL@@@ATL@@QAEXHABQA_W0@Z 10007f7c f i CAT.obj
 0001:00006fa6       ?Invoke@CComTypeInfoHolder@ATL@@QAEJPAUIDispatch@@JABU_GUID@@KGPAUtagDISPPARAMS@@PAUtagVARIANT@@PAUtagEXCEPINFO@@PAI@Z 10007fa6 f i CAT.obj
 0001:00006fe9       ?IsEqualObject@?$CComPtrBase@UITypeInfo@@@ATL@@QAE_NPAUIUnknown@@@Z 10007fe9 f i CAT.obj
 0001:00006fe9       ?IsEqualObject@?$CComPtrBase@UIOleClientSite@@@ATL@@QAE_NPAUIUnknown@@@Z 10007fe9 f i CAT.obj
 0001:00007056       ?IsSpace@CRegParser@ATL@@IAEH_W@Z 10008056 f i CAT.obj
 0001:00007080       ?LoadNameCache@CComTypeInfoHolder@ATL@@QAEJPAUITypeInfo@@@Z 10008080 f i CAT.obj
 0001:000071cc       ?Lookup@?$CSimpleMap@PA_WPA_WVCExpansionVectorEqualHelper@ATL@@@ATL@@QBEPA_WABQA_W@Z 100081cc f i CAT.obj
 0001:000071f2       ?NextToken@CRegParser@ATL@@IAEJPA_W@Z 100081f2 f i CAT.obj
 0001:0000732a       ?OnKillFocus@CComControlBase@ATL@@QAEJIIJAAH@Z 1000832a f i CAT.obj
 0001:00007385       ?OnMouseActivate@CComControlBase@ATL@@QAEJIIJAAH@Z 10008385 f i CAT.obj
 0001:000073f3       ?OnPaint@CComControlBase@ATL@@QAEJIIJAAH@Z 100083f3 f i CAT.obj
 0001:000074a5       ?OnSetFocus@CComControlBase@ATL@@QAEJIIJAAH@Z 100084a5 f i CAT.obj
 0001:0000752e       ?Open@CRegKey@ATL@@QAEJPAUHKEY__@@PB_WK@Z 1000852e f i CAT.obj
 0001:00007583       ?PreProcessBuffer@CRegParser@ATL@@QAEJPA_WPAPA_W@Z 10008583 f i CAT.obj
 0001:000077ed       ?ProcessWindowMessage@?$CComControl@VCOPOSCAT@@V?$CWindowImpl@VCOPOSCAT@@VCWindow@ATL@@V?$CWinTraits@$0FGAAAAAA@$0A@@3@@ATL@@@ATL@@UAEHPAUHWND__@@IIJAAJK@Z 100087ed f i CAT.obj
 0001:0000788c       ?ReadFromStream@CComBSTR@ATL@@QAEJPAUIStream@@@Z 1000888c f i CAT.obj
 0001:000079ba       ?ReadFromStream@CComVariant@ATL@@QAEJPAUIStream@@GTClassesAllowedInStream@2@K@Z 100089ba f i CAT.obj
 0001:00007b40       ?RecurseDeleteKey@CRegKey@ATL@@QAEJPB_W@Z 10008b40 f i CAT.obj
 0001:00007c2e       ?RegCreateKeyExW@CAtlTransactionManager@ATL@@QAEJPAUHKEY__@@PB_WKPA_WKKQAU_SECURITY_ATTRIBUTES@@PAPAU3@PAK@Z 10008c2e f i CAT.obj
 0001:00007c91       ?RegDeleteKeyW@CAtlTransactionManager@ATL@@QAEJPAUHKEY__@@PB_W@Z 10008c91 f i CAT.obj
 0001:00007ce3       ?RegOpenKeyExW@CAtlTransactionManager@ATL@@QAEJPAUHKEY__@@PB_WKKPAPAU3@@Z 10008ce3 f i CAT.obj
 0001:00007d3a       ?Register@_ATL_WNDCLASSINFOW@ATL@@QAEGPAP6GJPAUHWND__@@IIJ@Z@Z 10008d3a f i CAT.obj
 0001:00007d5a       ?RegisterBuffer@CRegParser@ATL@@QAEJPA_WH@Z 10008d5a f i CAT.obj
 0001:00007e93       ?RegisterFromResource@CRegObject@ATL@@IAEJPB_W00H@Z 10008e93 f i CAT.obj
 0001:00007fc9       ?RegisterServer@?$CAtlModuleT@VCComModule@ATL@@@ATL@@QAEJHPBU_GUID@@@Z 10008fc9 f i CAT.obj
 0001:00007ff7       ?RegisterServer@CComModule@ATL@@QAEJHPBU_GUID@@@Z 10008ff7 f i CAT.obj
 0001:0000806d       ?RegisterSubkeys@CRegParser@ATL@@IAEJPA_WPAUHKEY__@@HH@Z 1000906d f i CAT.obj
 0001:00008714       ?Remove@CComDynamicUnkArray@ATL@@QAEHK@Z 10009714 f i CAT.obj
 0001:0000873d       ?RemoveAll@?$CSimpleMap@PA_WPA_WVCExpansionVectorEqualHelper@ATL@@@ATL@@QAEXXZ 1000973d f i CAT.obj
 0001:00008769       ?ResourceRegisterSz@CRegObject@ATL@@QAGJPB_W00@Z 10009769 f i CAT.obj
 0001:00008796       ?ResourceUnregisterSz@CRegObject@ATL@@QAGJPB_W00@Z 10009796 f i CAT.obj
 0001:000087c3       ?SendOnDataChange@CComControlBase@ATL@@QAEJK@Z 100097c3 f i CAT.obj
 0001:00008810       ?SetControlFocus@CComControlBase@ATL@@QAEHH@Z 10009810 f i CAT.obj
 0001:000088ad       ?SetMultiStringValue@CRegKey@ATL@@QAEJPB_W0@Z 100098ad f i CAT.obj
 0001:00008909       ?SetStringValue@CRegKey@ATL@@QAEJPB_W0K@Z 10009909 f i CAT.obj
 0001:00008952       ?SkipAssignment@CRegParser@ATL@@IAEJPA_W@Z 10009952 f i CAT.obj
 0001:000089b7       ?SkipWhiteSpace@CRegParser@ATL@@IAEXXZ 100099b7 f i CAT.obj
 0001:000089d9       ?StrChrW@CRegParser@ATL@@KAPA_WPA_W_W@Z 100099d9 f i CAT.obj
 0001:00008a16       ?Term@CAtlModule@ATL@@QAEXXZ 10009a16 f i CAT.obj
 0001:00008a69       ?Term@CComModule@ATL@@QAEXXZ 10009a69 f i CAT.obj
 0001:00008ac1       ?UnregisterServer@?$CAtlModuleT@VCComModule@ATL@@@ATL@@QAEJHPBU_GUID@@@Z 10009ac1 f i CAT.obj
 0001:00008ae7       ?UnregisterServer@CComModule@ATL@@QAEJHPBU_GUID@@@Z 10009ae7 f i CAT.obj
 0001:00008b5d       ?UpdateRegistryFromResource@CAtlModule@ATL@@QAGJIHPAU_ATL_REGMAP_ENTRY@2@@Z 10009b5d f i CAT.obj
 0001:00008d28       ?UpdateRegistryFromResource@CAtlModule@ATL@@QAGJPB_WHPAU_ATL_REGMAP_ENTRY@2@@Z 10009d28 f i CAT.obj
 0001:00008ef9       ?VTFromRegType@CRegParser@ATL@@KAHPB_WAAG@Z 10009ef9 f i CAT.obj
 0001:00008f66       ?WindowProc@?$CWindowImplBaseT@VCWindow@ATL@@V?$CWinTraits@$0FGAAAAAA@$0A@@2@@ATL@@SGJPAUHWND__@@IIJ@Z 10009f66 f i CAT.obj
 0001:00009058       ?WriteToStream@CComBSTR@ATL@@QAEJPAUIStream@@@Z 1000a058 f i CAT.obj
 0001:000090ba       ?WriteToStream@CComVariant@ATL@@QAEJPAUIStream@@@Z 1000a0ba f i CAT.obj
 0001:00009234       ?WriteToStream@CComVariant@ATL@@QAEJPAUIStream@@G@Z 1000a234 f i CAT.obj
 0001:0000929d       ?_AtlInitialConstruct@?$CComObjectRootEx@VCComMultiThreadModel@ATL@@@ATL@@QAEJXZ 1000a29d f i CAT.obj
 0001:000092b2       ?_AtlVerifyStackAvailable@_ATL_SAFE_ALLOCA_IMPL@ATL@@YA_NK@Z 1000a2b2 f i CAT.obj
 0001:00009330       ?atlCreate@?$CWindowImpl@VCOPOSCAT@@VCWindow@ATL@@V?$CWinTraits@$0FGAAAAAA@$0A@@3@@ATL@@QAEPAUHWND__@@PAU3@V_U_RECT@2@PB_WKKV_U_MENUorID@2@PAX@Z 1000a330 f i CAT.obj
 0001:00009374       ?atlCreate@?$CWindowImplBaseT@VCWindow@ATL@@V?$CWinTraits@$0FGAAAAAA@$0A@@2@@ATL@@QAEPAUHWND__@@PAU3@V_U_RECT@2@PB_WKKV_U_MENUorID@2@GPAX@Z 1000a374 f i CAT.obj
 0001:00009410       ?copy@?$_Copy@UtagCONNECTDATA@@@ATL@@SAJPAUtagCONNECTDATA@@PBU3@@Z 1000a410 f i CAT.obj
 0001:00009446       ?copy@?$_CopyInterface@UIConnectionPoint@@@ATL@@SAJPAPAUIConnectionPoint@@PBQAU3@@Z 1000a446 f i CAT.obj
 0001:00009474       ?memcpy_s@Checked@ATL@@YAXPAXIPBXI@Z 1000a474 f i CAT.obj
 0001:00009493       ?ocscpy_s@@YA_NPA_WIPB_W@Z 1000a493 f i CAT.obj
 0001:000094dd       ?wcscpy_s@Checked@ATL@@YAXPA_WIPB_W@Z 1000a4dd f i CAT.obj
 0001:000094f9       _DllCanUnloadNow@0         1000a4f9 f   CAT.obj
 0001:00009505       _DllGetClassObject@12      1000a505 f   CAT.obj
 0001:00009513       _DllMain@12                1000a513 f   CAT.obj
 0001:00009555       _DllRegisterServer@0       1000a555 f   CAT.obj
 0001:00009564       _DllUnregisterServer@0     1000a564 f   CAT.obj
 0001:00009573       _InlineIsEqualGUID         1000a573 f i CAT.obj
 0001:000095a3       ___local_stdio_printf_options 1000a5a3 f i CAT.obj
 0001:000095a9       __vswprintf_s_l            1000a5a9 f i CAT.obj
 0001:00009656       _swprintf_s                1000a656 f i CAT.obj
 0001:00009672       ??0?$CComControl@VCOPOSCAT@@V?$CWindowImpl@VCOPOSCAT@@VCWindow@ATL@@V?$CWinTraits@$0FGAAAAAA@$0A@@3@@ATL@@@ATL@@QAE@XZ 1000a672 f i CATImpl.obj
 0001:00009699       ??0?$CProxy_IOPOSEvents@VCOPOSCAT@@@@QAE@XZ 1000a699 f i CATImpl.obj
 0001:000096b9       ??0CComControlBase@ATL@@QAE@AAPAUHWND__@@@Z 1000a6b9 f i CATImpl.obj
 0001:00009703       ??0COPOSCAT@@QAE@XZ        1000a703 f   CATImpl.obj
 0001:00009739       ??1?$CComControl@VCOPOSCAT@@V?$CWindowImpl@VCOPOSCAT@@VCWindow@ATL@@V?$CWinTraits@$0FGAAAAAA@$0A@@3@@ATL@@@ATL@@UAE@XZ 1000a739 f i CATImpl.obj
 0001:00009752       ??1?$IConnectionPointImpl@VCOPOSCAT@@$1?IID_IPropertyNotifySink@@3U_GUID@@BVCComDynamicUnkArray@ATL@@@ATL@@QAE@XZ 1000a752 f i CATImpl.obj
 0001:00009752       ??1?$IConnectionPointImpl@VCOPOSCAT@@$1?DIID__IOPOSCATEvents@@3U_GUID@@BVCComDynamicUnkArray@ATL@@@ATL@@QAE@XZ 1000a752 f i CATImpl.obj
 0001:0000978f       ??1CComControlBase@ATL@@UAE@XZ 1000a78f f i CATImpl.obj
 0001:000097f2       ??1COPOSCAT@@UAE@XZ        1000a7f2 f   CATImpl.obj
 0001:0000983a       ?AccessDailyLog@COPOSCAT@@UAGJJJJPAJ@Z 1000a83a f   CATImpl.obj
 0001:000098d0       ?AuthorizeCompletion@COPOSCAT@@UAGJJTtagCY@@0JPAJ@Z 1000a8d0 f   CATImpl.obj
 0001:00009977       ?AuthorizePreSales@COPOSCAT@@UAGJJTtagCY@@0JPAJ@Z 1000a977 f   CATImpl.obj
 0001:00009a1e       ?AuthorizeRefund@COPOSCAT@@UAGJJTtagCY@@0JPAJ@Z 1000aa1e f   CATImpl.obj
 0001:00009ac5       ?AuthorizeSales@COPOSCAT@@UAGJJTtagCY@@0JPAJ@Z 1000aac5 f   CATImpl.obj
 0001:00009b6c       ?AuthorizeVoid@COPOSCAT@@UAGJJTtagCY@@0JPAJ@Z 1000ab6c f   CATImpl.obj
 0001:00009c13       ?AuthorizeVoidPreSales@COPOSCAT@@UAGJJTtagCY@@0JPAJ@Z 1000ac13 f   CATImpl.obj
 0001:00009cba       ?CashDeposit@COPOSCAT@@UAGJJTtagCY@@JPAJ@Z 1000acba f   CATImpl.obj
 0001:00009d53       ?CheckCard@COPOSCAT@@UAGJJJPAJ@Z 1000ad53 f   CATImpl.obj
 0001:00009dc7       ?CheckHealth@COPOSCAT@@UAGJJPAJ@Z 1000adc7 f   CATImpl.obj
 0001:00009e16       ?ClaimDevice@COPOSCAT@@UAGJJPAJ@Z 1000ae16 f   CATImpl.obj
 0001:00009e8b       ?ClearOutput@COPOSCAT@@UAGJPAJ@Z 1000ae8b f   CATImpl.obj
 0001:00009ea6       ?Close@COPOSCAT@@UAGJPAJ@Z 1000aea6 f   CATImpl.obj
 0001:00009f14       ?CompareFirmwareVersion@COPOSCAT@@UAGJPA_WPAJ1@Z 1000af14 f   CATImpl.obj
 0001:00009f94       ?DirectIO@COPOSCAT@@UAGJJPAJPAPA_W0@Z 1000af94 f   CATImpl.obj
 0001:0000a042       ?DoInvoke@COPOSCAT@@IAEJJPAVOposVariant@@IHPAJ_N@Z 1000b042 f   CATImpl.obj
 0001:0000a11e       ?EventClose@COPOSCAT@@IAEXXZ 1000b11e f i CATImpl.obj
 0001:0000a151       ?EventInit@COPOSCAT@@IAEJXZ 1000b151 f i CATImpl.obj
 0001:0000a21d       ?EventUninit@COPOSCAT@@IAEXXZ 1000b21d f i CATImpl.obj
 0001:0000a26f       ?EventWindowProc@COPOSCAT@@IAGJIIJ@Z 1000b26f f i CATImpl.obj
 0001:0000a342       ?FinalConstruct@COPOSCAT@@QAEJXZ 1000b342 f   CATImpl.obj
 0001:0000a37b       ?FireEventCleanup@COPOSCAT@@IAEXXZ 1000b37b f i CATImpl.obj
 0001:0000a391       ?FireEventSetup@COPOSCAT@@IAE_NXZ 1000b391 f i CATImpl.obj
 0001:0000a3c5       ?FreezeEvents@COPOSCAT@@MAGJH@Z 1000b3c5 f   CATImpl.obj
 0001:0000a425       ?GetOposProp@COPOSCAT@@IAEJJPAFJ@Z 1000b425 f   CATImpl.obj
 0001:0000a448       ?GetOposProp@COPOSCAT@@IAEJJPAJJ@Z 1000b448 f   CATImpl.obj
 0001:0000a517       ?GetOposProp@COPOSCAT@@IAEJJPAPA_WJ@Z 1000b517 f   CATImpl.obj
 0001:0000a5f3       ?LockTerminal@COPOSCAT@@UAGJPAJ@Z 1000b5f3 f   CATImpl.obj
 0001:0000a60e       ?OnDraw@COPOSCAT@@MAEJAAUATL_DRAWINFO@@@Z 1000b60e f   CATImpl.obj
 0001:0000a6ae       ?Open@COPOSCAT@@UAGJPA_WPAJ@Z 1000b6ae f   CATImpl.obj
 0001:0000af02       ?ReleaseDevice@COPOSCAT@@UAGJPAJ@Z 1000bf02 f   CATImpl.obj
 0001:0000af51       ?ResetStatistics@COPOSCAT@@UAGJPA_WPAJ@Z 1000bf51 f   CATImpl.obj
 0001:0000afa8       ?RetrieveStatistics@COPOSCAT@@UAGJPAPA_WPAJ@Z 1000bfa8 f   CATImpl.obj
 0001:0000afff       ?SOProcessID@COPOSCAT@@UAGJPAJ@Z 1000bfff f   CATImpl.obj
 0001:0000b013       ?SetCOFreezeEvents@COPOSCAT@@IAEXF@Z 1000c013 f   CATImpl.obj
 0001:0000b0b3       ?SetOposProp@COPOSCAT@@IAEJJJJ@Z 1000c0b3 f   CATImpl.obj
 0001:0000b1aa       ?SetOposProp@COPOSCAT@@IAEJJPA_WJ@Z 1000c1aa f   CATImpl.obj
 0001:0000b2ab       ?UnlockTerminal@COPOSCAT@@UAGJPAJ@Z 1000c2ab f   CATImpl.obj
 0001:0000b2c6       ?UpdateFirmware@COPOSCAT@@UAGJPA_WPAJ@Z 1000c2c6 f   CATImpl.obj
 0001:0000b31d       ?UpdateStatistics@COPOSCAT@@UAGJPA_WPAJ@Z 1000c31d f   CATImpl.obj
 0001:0000b374       ?get_AccountNumber@COPOSCAT@@UAGJPAPA_W@Z 1000c374 f   CATImpl.obj
 0001:0000b38d       ?get_AdditionalSecurityInformation@COPOSCAT@@UAGJPAPA_W@Z 1000c38d f   CATImpl.obj
 0001:0000b3a6       ?get_ApprovalCode@COPOSCAT@@UAGJPAPA_W@Z 1000c3a6 f   CATImpl.obj
 0001:0000b3bf       ?get_AsyncMode@COPOSCAT@@UAGJPAF@Z 1000c3bf f   CATImpl.obj
 0001:0000b3d8       ?get_Balance@COPOSCAT@@UAGJPATtagCY@@@Z 1000c3d8 f   CATImpl.obj
 0001:0000b472       ?get_BinaryConversion@COPOSCAT@@UAGJPAJ@Z 1000c472 f   CATImpl.obj
 0001:0000b488       ?get_CapAdditionalSecurityInformation@COPOSCAT@@UAGJPAF@Z 1000c488 f   CATImpl.obj
 0001:0000b4a1       ?get_CapAuthorizeCompletion@COPOSCAT@@UAGJPAF@Z 1000c4a1 f   CATImpl.obj
 0001:0000b4ba       ?get_CapAuthorizePreSales@COPOSCAT@@UAGJPAF@Z 1000c4ba f   CATImpl.obj
 0001:0000b4d3       ?get_CapAuthorizeRefund@COPOSCAT@@UAGJPAF@Z 1000c4d3 f   CATImpl.obj
 0001:0000b4ec       ?get_CapAuthorizeVoid@COPOSCAT@@UAGJPAF@Z 1000c4ec f   CATImpl.obj
 0001:0000b505       ?get_CapAuthorizeVoidPreSales@COPOSCAT@@UAGJPAF@Z 1000c505 f   CATImpl.obj
 0001:0000b51e       ?get_CapCashDeposit@COPOSCAT@@UAGJPAF@Z 1000c51e f   CATImpl.obj
 0001:0000b537       ?get_CapCenterResultCode@COPOSCAT@@UAGJPAF@Z 1000c537 f   CATImpl.obj
 0001:0000b550       ?get_CapCheckCard@COPOSCAT@@UAGJPAF@Z 1000c550 f   CATImpl.obj
 0001:0000b569       ?get_CapCompareFirmwareVersion@COPOSCAT@@UAGJPAF@Z 1000c569 f   CATImpl.obj
 0001:0000b582       ?get_CapDailyLog@COPOSCAT@@UAGJPAJ@Z 1000c582 f   CATImpl.obj
 0001:0000b59b       ?get_CapInstallments@COPOSCAT@@UAGJPAF@Z 1000c59b f   CATImpl.obj
 0001:0000b5b4       ?get_CapLockTerminal@COPOSCAT@@UAGJPAF@Z 1000c5b4 f   CATImpl.obj
 0001:0000b5cd       ?get_CapLogStatus@COPOSCAT@@UAGJPAF@Z 1000c5cd f   CATImpl.obj
 0001:0000b5e6       ?get_CapPaymentDetail@COPOSCAT@@UAGJPAF@Z 1000c5e6 f   CATImpl.obj
 0001:0000b5ff       ?get_CapPowerReporting@COPOSCAT@@UAGJPAJ@Z 1000c5ff f   CATImpl.obj
 0001:0000b618       ?get_CapStatisticsReporting@COPOSCAT@@UAGJPAF@Z 1000c618 f   CATImpl.obj
 0001:0000b631       ?get_CapTaxOthers@COPOSCAT@@UAGJPAF@Z 1000c631 f   CATImpl.obj
 0001:0000b64a       ?get_CapTrainingMode@COPOSCAT@@UAGJPAF@Z 1000c64a f   CATImpl.obj
 0001:0000b663       ?get_CapTransactionNumber@COPOSCAT@@UAGJPAF@Z 1000c663 f   CATImpl.obj
 0001:0000b67c       ?get_CapUnlockTerminal@COPOSCAT@@UAGJPAF@Z 1000c67c f   CATImpl.obj
 0001:0000b695       ?get_CapUpdateFirmware@COPOSCAT@@UAGJPAF@Z 1000c695 f   CATImpl.obj
 0001:0000b6ae       ?get_CapUpdateStatistics@COPOSCAT@@UAGJPAF@Z 1000c6ae f   CATImpl.obj
 0001:0000b6c7       ?get_CardCompanyID@COPOSCAT@@UAGJPAPA_W@Z 1000c6c7 f   CATImpl.obj
 0001:0000b6e0       ?get_CenterResultCode@COPOSCAT@@UAGJPAPA_W@Z 1000c6e0 f   CATImpl.obj
 0001:0000b6f9       ?get_CheckHealthText@COPOSCAT@@UAGJPAPA_W@Z 1000c6f9 f   CATImpl.obj
 0001:0000b712       ?get_Claimed@COPOSCAT@@UAGJPAF@Z 1000c712 f   CATImpl.obj
 0001:0000b728       ?get_ControlObjectDescription@COPOSCAT@@UAGJPAPA_W@Z 1000c728 f   CATImpl.obj
 0001:0000b776       ?get_ControlObjectVersion@COPOSCAT@@UAGJPAJ@Z 1000c776 f   CATImpl.obj
 0001:0000b789       ?get_DailyLog@COPOSCAT@@UAGJPAPA_W@Z 1000c789 f   CATImpl.obj
 0001:0000b7a2       ?get_DeviceDescription@COPOSCAT@@UAGJPAPA_W@Z 1000c7a2 f   CATImpl.obj
 0001:0000b7bb       ?get_DeviceEnabled@COPOSCAT@@UAGJPAF@Z 1000c7bb f   CATImpl.obj
 0001:0000b7d1       ?get_DeviceName@COPOSCAT@@UAGJPAPA_W@Z 1000c7d1 f   CATImpl.obj
 0001:0000b7ea       ?get_FreezeEvents@COPOSCAT@@UAGJPAF@Z 1000c7ea f   CATImpl.obj
 0001:0000b800       ?get_LogStatus@COPOSCAT@@UAGJPAJ@Z 1000c800 f   CATImpl.obj
 0001:0000b819       ?get_OpenResult@COPOSCAT@@UAGJPAJ@Z 1000c819 f   CATImpl.obj
 0001:0000b830       ?get_OutputID@COPOSCAT@@UAGJPAJ@Z 1000c830 f   CATImpl.obj
 0001:0000b846       ?get_PaymentCondition@COPOSCAT@@UAGJPAJ@Z 1000c846 f   CATImpl.obj
 0001:0000b85f       ?get_PaymentDetail@COPOSCAT@@UAGJPAPA_W@Z 1000c85f f   CATImpl.obj
 0001:0000b878       ?get_PaymentMedia@COPOSCAT@@UAGJPAJ@Z 1000c878 f   CATImpl.obj
 0001:0000b891       ?get_PowerNotify@COPOSCAT@@UAGJPAJ@Z 1000c891 f   CATImpl.obj
 0001:0000b8a7       ?get_PowerState@COPOSCAT@@UAGJPAJ@Z 1000c8a7 f   CATImpl.obj
 0001:0000b8bd       ?get_ResultCode@COPOSCAT@@UAGJPAJ@Z 1000c8bd f   CATImpl.obj
 0001:0000b8fb       ?get_ResultCodeExtended@COPOSCAT@@UAGJPAJ@Z 1000c8fb f   CATImpl.obj
 0001:0000b911       ?get_SequenceNumber@COPOSCAT@@UAGJPAJ@Z 1000c911 f   CATImpl.obj
 0001:0000b92a       ?get_ServiceObjectDescription@COPOSCAT@@UAGJPAPA_W@Z 1000c92a f   CATImpl.obj
 0001:0000b943       ?get_ServiceObjectVersion@COPOSCAT@@UAGJPAJ@Z 1000c943 f   CATImpl.obj
 0001:0000b959       ?get_SettledAmount@COPOSCAT@@UAGJPATtagCY@@@Z 1000c959 f   CATImpl.obj
 0001:0000b9f3       ?get_SlipNumber@COPOSCAT@@UAGJPAPA_W@Z 1000c9f3 f   CATImpl.obj
 0001:0000ba0c       ?get_State@COPOSCAT@@UAGJPAJ@Z 1000ca0c f   CATImpl.obj
 0001:0000ba38       ?get_TrainingMode@COPOSCAT@@UAGJPAF@Z 1000ca38 f   CATImpl.obj
 0001:0000ba51       ?get_TransactionNumber@COPOSCAT@@UAGJPAPA_W@Z 1000ca51 f   CATImpl.obj
 0001:0000ba6a       ?get_TransactionType@COPOSCAT@@UAGJPAJ@Z 1000ca6a f   CATImpl.obj
 0001:0000ba83       ?put_AdditionalSecurityInformation@COPOSCAT@@UAGJPA_W@Z 1000ca83 f   CATImpl.obj
 0001:0000ba9c       ?put_AsyncMode@COPOSCAT@@UAGJF@Z 1000ca9c f   CATImpl.obj
 0001:0000babc       ?put_BinaryConversion@COPOSCAT@@UAGJJ@Z 1000cabc f   CATImpl.obj
 0001:0000bad2       ?put_DeviceEnabled@COPOSCAT@@UAGJF@Z 1000cad2 f   CATImpl.obj
 0001:0000baef       ?put_FreezeEvents@COPOSCAT@@UAGJF@Z 1000caef f   CATImpl.obj
 0001:0000bb3b       ?put_PaymentMedia@COPOSCAT@@UAGJJ@Z 1000cb3b f   CATImpl.obj
 0001:0000bb54       ?put_PowerNotify@COPOSCAT@@UAGJJ@Z 1000cb54 f   CATImpl.obj
 0001:0000bb6a       ?put_TrainingMode@COPOSCAT@@UAGJF@Z 1000cb6a f   CATImpl.obj
 0001:0000bb8a       ?s_EventWindowProc@COPOSCAT@@KGJPAUHWND__@@IIJ@Z 1000cb8a f i CATImpl.obj
 0001:0000bbdc       ??_U@YAPAXI@Z              1000cbdc f   LIBCMT:new_array.obj
 0001:0000bbe5       ??3@YAXPAXI@Z              1000cbe5 f   LIBCMT:delete_scalar_size.obj
 0001:0000bbf3       ??_V@YAXPAX@Z              1000cbf3 f   LIBCMT:delete_array.obj
 0001:0000bbf8       ??_V@YAXPAXI@Z             1000cbf8 f   LIBCMT:delete_array_size.obj
 0001:0000bc4a       ___scrt_acquire_startup_lock 1000cc4a f   LIBCMT:utility.obj
 0001:0000bc7c       ___scrt_dllmain_after_initialize_c 1000cc7c f   LIBCMT:utility.obj
 0001:0000bca7       ___scrt_dllmain_before_initialize_c 1000cca7 f   LIBCMT:utility.obj
 0001:0000bcb5       ___scrt_dllmain_crt_thread_attach 1000ccb5 f   LIBCMT:utility.obj
 0001:0000bcd4       ___scrt_dllmain_crt_thread_detach 1000ccd4 f   LIBCMT:utility.obj
 0001:0000bce1       ___scrt_dllmain_exception_filter 1000cce1 f   LIBCMT:utility.obj
 0001:0000bd15       ___scrt_dllmain_uninitialize_c 1000cd15 f   LIBCMT:utility.obj
 0001:0000bd38       ___scrt_dllmain_uninitialize_critical 1000cd38 f   LIBCMT:utility.obj
 0001:0000bd45       ___scrt_initialize_crt     1000cd45 f   LIBCMT:utility.obj
 0001:0000bd7e       ___scrt_initialize_onexit_tables 1000cd7e f   LIBCMT:utility.obj
 0001:0000be05       ___scrt_is_nonwritable_in_current_image 1000ce05 f   LIBCMT:utility.obj
 0001:0000be99       ___scrt_release_startup_lock 1000ce99 f   LIBCMT:utility.obj
 0001:0000beb6       ___scrt_uninitialize_crt   1000ceb6 f   LIBCMT:utility.obj
 0001:0000bede       __onexit                   1000cede f   LIBCMT:utility.obj
 0001:0000bf0b       _atexit                    1000cf0b f   LIBCMT:utility.obj
 0001:0000bf20       ??3@YAXPAX@Z               1000cf20 f   LIBCMT:delete_scalar.obj
 0001:0000bfea       __Init_thread_footer       1000cfea f   LIBCMT:thread_safe_statics.obj
 0001:0000c034       __Init_thread_header       1000d034 f   LIBCMT:thread_safe_statics.obj
 0001:0000c086       __Init_thread_notify       1000d086 f   LIBCMT:thread_safe_statics.obj
 0001:0000c0bc       __Init_thread_wait         1000d0bc f   LIBCMT:thread_safe_statics.obj
 0001:0000c10a       ___raise_securityfailure   1000d10a f   LIBCMT:gs_report.obj
 0001:0000c132       ___report_gsfailure        1000d132 f   LIBCMT:gs_report.obj
 0001:0000c22b       ___report_rangecheckfailure 1000d22b f   LIBCMT:gs_report.obj
 0001:0000c237       ___report_securityfailure  1000d237 f   LIBCMT:gs_report.obj
 0001:0000c305       ??2@YAPAXIABUnothrow_t@std@@@Z 1000d305 f   LIBCMT:new_scalar_nothrow.obj
 0001:0000c355       ??_U@YAPAXIABUnothrow_t@std@@@Z 1000d355 f   LIBCMT:new_array_nothrow.obj
 0001:0000c35e       @__security_check_cookie@4 1000d35e f   LIBCMT:secchk.obj
 0001:0000c370       __SEH_prolog4_GS           1000d370 f   LIBCMT:sehprolg4gs.obj
 0001:0000c3b9       __SEH_epilog4_GS           1000d3b9 f   LIBCMT:sehprolg4gs.obj
 0001:0000c3d0       __alloca_probe_16          1000d3d0 f   LIBCMT:alloca16.obj
 0001:0000c3e6       __alloca_probe_8           1000d3e6     LIBCMT:alloca16.obj
 0001:0000c400       __chkstk                   1000d400 f   LIBCMT:chkstk.obj
 0001:0000c400       __alloca_probe             1000d400 f   LIBCMT:chkstk.obj
 0001:0000c768       __DllMainCRTStartup@12     1000d768 f   LIBCMT:dll_dllmain.obj
 0001:0000c78b       ??2@YAPAXI@Z               1000d78b f   LIBCMT:new_scalar.obj
 0001:0000c7bb       ___isa_available_init      1000d7bb f   LIBCMT:cpu_disp.obj
 0001:0000c98b       ___scrt_is_ucrt_dll_in_use 1000d98b f   LIBCMT:ucrt_detection.obj
 0001:0000c997       ___scrt_fastfail           1000d997 f   LIBCMT:utility_desktop.obj
 0001:0000cab1       __crt_debugger_hook        1000dab1 f   LIBCMT:utility_desktop.obj
 0001:0000cac0       __SEH_prolog4              1000dac0 f   LIBCMT:sehprolg4.obj
 0001:0000cb06       __SEH_epilog4              1000db06 f   LIBCMT:sehprolg4.obj
 0001:0000cb1b       @_guard_check_icall_nop@4  1000db1b f i LIBCMT:guard_support.obj
 0001:0000cb69       ___security_init_cookie    1000db69 f   LIBCMT:gs_support.obj
 0001:0000cbb4       ?__scrt_initialize_type_info@@YAXXZ 1000dbb4 f   LIBCMT:tncleanup.obj
 0001:0000cbc0       ?__scrt_uninitialize_type_info@@YAXXZ 1000dbc0 f   LIBCMT:tncleanup.obj
 0001:0000cbcc       ___local_stdio_scanf_options 1000dbcc f i LIBCMT:default_local_stdio_options.obj
 0001:0000cbd2       ___scrt_initialize_default_local_stdio_options 1000dbd2 f   LIBCMT:default_local_stdio_options.obj
 0001:0000cbef       ___scrt_get_dyn_tls_init_callback 1000dbef f   LIBCMT:dyn_tls_init.obj
 0001:0000cbf5       __RTC_Initialize           1000dbf5 f   LIBCMT:initsect.obj
 0001:0000cc21       __RTC_Terminate            1000dc21 f   LIBCMT:initsect.obj
 0001:0000cc4d       ??0bad_alloc@std@@QAE@ABV01@@Z 1000dc4d f i LIBCMT:throw_bad_alloc.obj
 0001:0000cc68       ??0bad_alloc@std@@QAE@XZ   1000dc68 f i LIBCMT:throw_bad_alloc.obj
 0001:0000cc80       ??0bad_array_new_length@std@@QAE@ABV01@@Z 1000dc80 f i LIBCMT:throw_bad_alloc.obj
 0001:0000cc9b       ??0bad_array_new_length@std@@QAE@XZ 1000dc9b f i LIBCMT:throw_bad_alloc.obj
 0001:0000ccb3       ??0exception@std@@QAE@ABV01@@Z 1000dcb3 f i LIBCMT:throw_bad_alloc.obj
 0001:0000ccdf       ??1bad_exception@std@@UAE@XZ 1000dcdf f i libvcruntime:frame.obj
 0001:0000ccdf       ??1bad_alloc@std@@UAE@XZ   1000dcdf f i LIBCMT:throw_bad_alloc.obj
 0001:0000ccdf       ??1bad_array_new_length@std@@UAE@XZ 1000dcdf f i LIBCMT:throw_bad_alloc.obj
 0001:0000ccf0       ??_Gbad_alloc@std@@UAEPAXI@Z 1000dcf0 f i LIBCMT:throw_bad_alloc.obj
 0001:0000ccf0       ??_Eexception@std@@UAEPAXI@Z 1000dcf0 f i LIBCMT:throw_bad_alloc.obj
 0001:0000ccf0       ??_Ebad_array_new_length@std@@UAEPAXI@Z 1000dcf0 f i LIBCMT:throw_bad_alloc.obj
 0001:0000ccf0       ??_Ebad_alloc@std@@UAEPAXI@Z 1000dcf0 f i LIBCMT:throw_bad_alloc.obj
 0001:0000ccf0       ??_Gbad_exception@std@@UAEPAXI@Z 1000dcf0 f i libvcruntime:frame.obj
 0001:0000ccf0       ??_Gbad_array_new_length@std@@UAEPAXI@Z 1000dcf0 f i LIBCMT:throw_bad_alloc.obj
 0001:0000ccf0       ??_Ebad_exception@std@@UAEPAXI@Z 1000dcf0 f i libvcruntime:frame.obj
 0001:0000ccf0       ??_Gexception@std@@UAEPAXI@Z 1000dcf0 f i LIBCMT:throw_bad_alloc.obj
 0001:0000cd1d       ?__scrt_throw_std_bad_alloc@@YAXXZ 1000dd1d f   LIBCMT:throw_bad_alloc.obj
 0001:0000cd3a       ?__scrt_throw_std_bad_array_new_length@@YAXXZ 1000dd3a f   LIBCMT:throw_bad_alloc.obj
 0001:0000cd57       ?what@exception@std@@UBEPBDXZ 1000dd57 f i LIBCMT:throw_bad_alloc.obj
 0001:0000cd64       ??_Gtype_info@@UAEPAXI@Z   1000dd64 f i LIBCMT:std_type_info_static.obj
 0001:0000cd64       ??_Etype_info@@UAEPAXI@Z   1000dd64 f i LIBCMT:std_type_info_static.obj
 0001:0000cd87       ??0CAtlBaseModule@ATL@@QAE@XZ 1000dd87 f   atls:atlbase.obj
 0001:0000cdda       ??0_ATL_BASE_MODULE70@ATL@@QAE@XZ 1000ddda f i atls:atlbase.obj
 0001:0000cdfd       ??1CAtlBaseModule@ATL@@QAE@XZ 1000ddfd f   atls:atlbase.obj
 0001:0000ceea       ?Init@_stdcallthunk@ATL@@QAEHKPAX@Z 1000deea f i atls:atlthunk.obj
 0001:0000cf1f       ?__AllocStdCallThunk_cmn@@YAPAXXZ 1000df1f f   atls:atlthunk.obj
 0001:0000cfe5       ?__FreeStdCallThunk_cmn@@YAXPAX@Z 1000dfe5 f   atls:atlthunk.obj
 0001:0000d080       _AtlThunk_AllocateData@0   1000e080 f   atls:atlthunk.obj
 0001:0000d0e5       _AtlThunk_DataToCode@4     1000e0e5 f   atls:atlthunk.obj
 0001:0000d12c       _AtlThunk_FreeData@4       1000e12c f   atls:atlthunk.obj
 0001:0000d182       _AtlThunk_InitData@12      1000e182 f   atls:atlthunk.obj
 0001:0000d1d1       __get_purecall_handler     1000e1d1 f   libvcruntime:purevirt.obj
[...]
 0002:00002e90       ?strings@?1??fp_format_nan_or_infinity@@YAHW4__acrt_fp_class@@_NPADI1@Z@4QAY03QBDA 10022e90     libucrt:cvt.obj
 0002:000033d8       ?_mb_locale_names@@3QBQB_WB 100233d8     libucrt:mbctype.obj
 0002:00003c20       ?LcidToLocaleNameTable@?A0x881e4c05@@3QBULcidToLocaleName@1@B 10023c20     libucrt:lcidtoname_downlevel.obj
 0002:00004d48       ?LocaleNameToIndexTable@?A0x881e4c05@@3QBULocaleNameIndex@1@B 10024d48     libucrt:lcidtoname_downlevel.obj
 0002:000065a0       ?large_power_indices@?1??multiply_by_power_of_ten@__crt_strtox@@YA_NAAUbig_integer@2@I@Z@4QBUunpack_index@?1??12@YA_N0I@Z@B 100265a0     libucrt:cfout.obj
 0002:00006680       LOG_name                   10026680     libucrt:log10_impl.obj
 0002:00006690       _One                       10026690     libucrt:ceil_pentium4.obj
 0002:000066a0       _Bns                       100266a0     libucrt:ceil_pentium4.obj
 0002:000066b0       _Zero                      100266b0     libucrt:ceil_pentium4.obj
 0002:000066c0       _S                         100266c0     libucrt:ceil_pentium4.obj
 0002:000066d0       _NegZero                   100266d0     libucrt:ceil_pentium4.obj
 0002:000066e0       emask                      100266e0     libucrt:log10_pentium4.obj
 0002:000066f0       CC                         100266f0     libucrt:log10_pentium4.obj
 0002:00006700       Magic                      10026700     libucrt:log10_pentium4.obj
 0002:00006710       hi_mask                    10026710     libucrt:log10_pentium4.obj
 0002:00006720       LOG10_2                    10026720     libucrt:log10_pentium4.obj
 0002:00006730       place_L                    10026730     libucrt:log10_pentium4.obj
 0002:00006750       One                        10026750     libucrt:log10_pentium4.obj
 0002:00006760       Zero                       10026760     libucrt:log10_pentium4.obj
 0002:00006770       Two52                      10026770     libucrt:log10_pentium4.obj
 0002:00006780       Infs                       10026780     libucrt:log10_pentium4.obj
 0002:00006790       NaN                        10026790     libucrt:log10_pentium4.obj
 0002:000067a0       coeff                      100267a0     libucrt:log10_pentium4.obj
 0002:000067fe       _log2max                   100267fe     libucrt:87tran.obj
 0002:00006808       _smallarg                  10026808     libucrt:87tran.obj
 0002:00006812       _half                      10026812     libucrt:87tran.obj
 0002:0000685e       One                        1002685e     libucrt:87disp.obj
 0002:00006866       Three                      10026866     libucrt:87disp.obj
 0002:0000686e       XAMtoTagTab                1002686e     libucrt:87disp.obj
 0002:00006880       One                        10026880     libucrt:common.obj
 0002:00006894       DblMax                     10026894     libucrt:common.obj
 0002:0000689c       DblMin                     1002689c     libucrt:common.obj
 0002:000068a4       IeeeAdjO                   100268a4     libucrt:common.obj
 0002:000068ac       IeeeAdjU                   100268ac     libucrt:common.obj
 0002:000068b4       _infinity                  100268b4     libucrt:common.obj
 0002:000068bc       _zero                      100268bc     libucrt:common.obj
 0002:00006908       _over                      10026908     libucrt:fpctrl.obj
 0002:00006914       _under                     10026914     libucrt:fpctrl.obj
 0002:00007148       ?_names@?1??_get_fname@@9@9 10027148     libucrt:fpexcept.obj
 0002:000072f0       two32                      100272f0     LIBCMT:ftol2.obj
 0002:000072f4       two63                      100272f4     LIBCMT:ftol2.obj
 0002:000072f8       _NaN                       100272f8     LIBCMT:ftol2.obj
 0002:000079a0       __sehtable$?_AtlVerifyStackAvailable@_ATL_SAFE_ALLOCA_IMPL@ATL@@YA_NK@Z 100279a0     CAT.obj
 0002:000079c0       __sehtable$___scrt_is_nonwritable_in_current_image 100279c0     LIBCMT:utility.obj
 0002:000079dc       __catchsym$??2@YAPAXIABUnothrow_t@std@@@Z$2 100279dc     LIBCMT:new_scalar_nothrow.obj
 0002:000079ec       __unwindtable$??2@YAPAXIABUnothrow_t@std@@@Z 100279ec     LIBCMT:new_scalar_nothrow.obj
 0002:000079fc       __tryblocktable$??2@YAPAXIABUnothrow_t@std@@@Z 100279fc     LIBCMT:new_scalar_nothrow.obj
 0002:00007a10       __ehfuncinfo$??2@YAPAXIABUnothrow_t@std@@@Z 10027a10     LIBCMT:new_scalar_nothrow.obj
 0002:00007a38       __sehtable$?dllmain_crt_process_attach@@YAHQAUHINSTANCE__@@QAX@Z 10027a38     LIBCMT:dll_dllmain.obj
 0002:00007a58       __sehtable$?dllmain_crt_process_detach@@YAH_N@Z 10027a58     LIBCMT:dll_dllmain.obj
 0002:00007a80       __sehtable$?dllmain_dispatch@@YAHQAUHINSTANCE__@@KQAX@Z 10027a80     LIBCMT:dll_dllmain.obj
 0002:00007b30       __sehtable$___DestructExceptionObject 10027b30     libvcruntime:ehhelpers.obj
 0002:00007b50       __sehtable$?FrameUnwindToState@__FrameHandler3@@SAXPAUEHRegistrationNode@@PAXPBU_s_FuncInfo@@H@Z 10027b50     libvcruntime:frame.obj
 0002:00007b78       __sehtable$?CallCatchBlock@@YAPAXPAUEHExceptionRecord@@PAUEHRegistrationNode@@PAU_CONTEXT@@PBU_s_FuncInfo@@PAXHK@Z 10027b78     libvcruntime:frame.obj
 0002:00007ba0       __catchsym$?CallUnexpected@@YAXPBU_s_ESTypeList@@@Z$2 10027ba0     libvcruntime:frame.obj
 0002:00007bb0       __unwindtable$?CallUnexpected@@YAXPBU_s_ESTypeList@@@Z 10027bb0     libvcruntime:frame.obj
 0002:00007bc0       __tryblocktable$?CallUnexpected@@YAXPBU_s_ESTypeList@@@Z 10027bc0     libvcruntime:frame.obj
 0002:00007bd4       __ehfuncinfo$?CallUnexpected@@YAXPBU_s_ESTypeList@@@Z 10027bd4     libvcruntime:frame.obj
 0002:00007bf8       __sehtable$??$BuildCatchObjectHelperInternal@V__FrameHandler3@@@@YAHPAUEHExceptionRecord@@PAXPBU_s_HandlerType@@PBU_s_CatchableType@@@Z 10027bf8     libvcruntime:frame.obj
 0002:00007c18       __sehtable$??$BuildCatchObjectInternal@V__FrameHandler3@@@@YAXPAUEHExceptionRecord@@PAXPBU_s_HandlerType@@PBU_s_CatchableType@@@Z 10027c18     libvcruntime:frame.obj
 0002:00007c70       __sehtable$??R<lambda_6e4b09c48022b2350581041d5f6b0c4c>@@QBE@XZ 10027c70     libucrt:exit.obj
 0002:00007c90       __sehtable$??$?RV<lambda_03b1d95aef87969028cfba75ccab2455>@@AAV<lambda_6e4b09c48022b2350581041d5f6b0c4c>@@V<lambda_22bdf7517842c4b3e53723af5aa32b9e>@@@?$__crt_seh_guarded_call@X@@QAEX$$QAV<lambda_03b1d95aef87969028cfba75ccab2455>@@AAV<lambda_6e4b09c48022b2350581041d5f6b0c4c>@@$$QAV<lambda_22bdf7517842c4b3e53723af5aa32b9e>@@@Z 10027c90     libucrt:exit.obj
 0002:00007cb0       __sehtable$??$?RV<lambda_8e746cf0007f6ed984d6f78af1fec997>@@AAV<lambda_22ebabd17bc4fa466a2aca6d8deb888d>@@V<lambda_18ed0c0b38a6dc0daf1e7ac6d6adf05e>@@@?$__crt_seh_guarded_call@H@@QAEH$$QAV<lambda_8e746cf0007f6ed984d6f78af1fec997>@@AAV<lambda_22ebabd17bc4fa466a2aca6d8deb888d>@@$$QAV<lambda_18ed0c0b38a6dc0daf1e7ac6d6adf05e>@@@Z 10027cb0     libucrt:onexit.obj
 0002:00007cd0       __sehtable$??$?RV<lambda_69a2805e680e0e292e8ba93315fe43a8>@@AAV<lambda_f03950bc5685219e0bcd2087efbe011e>@@V<lambda_03fcd07e894ec930e3f35da366ca99d6>@@@?$__crt_seh_guarded_call@H@@QAEH$$QAV<lambda_69a2805e680e0e292e8ba93315fe43a8>@@AAV<lambda_f03950bc5685219e0bcd2087efbe011e>@@$$QAV<lambda_03fcd07e894ec930e3f35da366ca99d6>@@@Z 10027cd0     libucrt:onexit.obj
 0002:00007cf0       __sehtable$__query_new_handler 10027cf0     libucrt:new_handler.obj
 0002:00007d10       __sehtable$_terminate      10027d10     libucrt:terminate.obj
 0002:00007d30       __sehtable$??$?RV<lambda_15ade71b0218206bbe3333a0c9b79046>@@AAV<lambda_da44e0f8b0f19ba52fefafb335991732>@@V<lambda_207f2d024fc103971653565357d6cd41>@@@?$__crt_seh_guarded_call@X@@QAEX$$QAV<lambda_15ade71b0218206bbe3333a0c9b79046>@@AAV<lambda_da44e0f8b0f19ba52fefafb335991732>@@$$QAV<lambda_207f2d024fc103971653565357d6cd41>@@@Z 10027d30     libucrt:per_thread_data.obj
 0002:00007d50       __sehtable$??$?RV<lambda_a7e850c220f1c8d1e6efeecdedd162c6>@@AAV<lambda_46720907175c18b6c9d2717bc0d2d362>@@V<lambda_9048902d66e8d99359bc9897bbb930a8>@@@?$__crt_seh_guarded_call@X@@QAEX$$QAV<lambda_a7e850c220f1c8d1e6efeecdedd162c6>@@AAV<lambda_46720907175c18b6c9d2717bc0d2d362>@@$$QAV<lambda_9048902d66e8d99359bc9897bbb930a8>@@@Z 10027d50     libucrt:per_thread_data.obj
 0002:00007d70       __sehtable$??$?RV<lambda_38edbb1296d33220d7e4dd0ed76b244a>@@AAV<lambda_5ce1d447e08cb34b2473517608e21441>@@V<lambda_fb385d3da700c9147fc39e65dd577a8c>@@@?$__crt_seh_guarded_call@X@@QAEX$$QAV<lambda_38edbb1296d33220d7e4dd0ed76b244a>@@AAV<lambda_5ce1d447e08cb34b2473517608e21441>@@$$QAV<lambda_fb385d3da700c9147fc39e65dd577a8c>@@@Z 10027d70     libucrt:per_thread_data.obj
 0002:00007d90       __sehtable$??$?RV<lambda_6affb1475c98b40b75cdec977db92e3c>@@AAV<lambda_b8d4b9c228a6ecc3f80208dbb4b4a104>@@V<lambda_608742c3c92a14382c1684fc64f96c88>@@@?$__crt_seh_guarded_call@X@@QAEX$$QAV<lambda_6affb1475c98b40b75cdec977db92e3c>@@AAV<lambda_b8d4b9c228a6ecc3f80208dbb4b4a104>@@$$QAV<lambda_608742c3c92a14382c1684fc64f96c88>@@@Z 10027d90     libucrt:per_thread_data.obj
 0002:00007db0       __sehtable$??$?RV<lambda_e5124f882df8998aaf41531e079ba474>@@AAV<lambda_3e16ef9562a7dcce91392c22ab16ea36>@@V<lambda_e25ca0880e6ef98be67edffd8c599615>@@@?$__crt_seh_guarded_call@X@@QAEX$$QAV<lambda_e5124f882df8998aaf41531e079ba474>@@AAV<lambda_3e16ef9562a7dcce91392c22ab16ea36>@@$$QAV<lambda_e25ca0880e6ef98be67edffd8c599615>@@@Z 10027db0     libucrt:wsetlocale.obj
 0002:00007dd0       __sehtable$___acrt_initialize_lowio 10027dd0     libucrt:ioinit.obj
 0002:00007df0       __sehtable$?update_thread_multibyte_data_internal@@YAPAU__crt_multibyte_data@@QAU__acrt_ptd@@QAPAU1@@Z 10027df0     libucrt:mbctype.obj
 0002:00007e10       __sehtable$??$?RV<lambda_ceb1ee4838e85a9d631eb091e2fbe199>@@AAV<lambda_ae742caa10f662c28703da3d2ea5e57e>@@V<lambda_cd08b5d6af4937fe54fc07d0c9bf6b37>@@@?$__crt_seh_guarded_call@X@@QAEX$$QAV<lambda_ceb1ee4838e85a9d631eb091e2fbe199>@@AAV<lambda_ae742caa10f662c28703da3d2ea5e57e>@@$$QAV<lambda_cd08b5d6af4937fe54fc07d0c9bf6b37>@@@Z 10027e10     libucrt:mbctype.obj
 0002:00007e30       __sehtable$_raise          10027e30     libucrt:signal.obj
 0002:00007e50       __sehtable$??$?RV<lambda_cbab9ec6f41b0180b23cc171c22676b0>@@AAV<lambda_44731a7d0e6d81c3e6aa82d741081786>@@V<lambda_4b292cb8dd18144e164572427af410ab>@@@?$__crt_seh_guarded_call@P6AXH@Z@@QAEP6AXH@Z$$QAV<lambda_cbab9ec6f41b0180b23cc171c22676b0>@@AAV<lambda_44731a7d0e6d81c3e6aa82d741081786>@@$$QAV<lambda_4b292cb8dd18144e164572427af410ab>@@@Z 10027e50     libucrt:signal.obj
 0002:00007e70       __sehtable$??$?RV<lambda_2866be3712abc81a800a822484c830d8>@@AAV<lambda_39ca0ed439415581b5b15c265174cece>@@V<lambda_2b24c74d71094a6cd0cb82e44167d71b>@@@?$__crt_seh_guarded_call@X@@QAEX$$QAV<lambda_2866be3712abc81a800a822484c830d8>@@AAV<lambda_39ca0ed439415581b5b15c265174cece>@@$$QAV<lambda_2b24c74d71094a6cd0cb82e44167d71b>@@@Z 10027e70     libucrt:fflush.obj
 0002:00007e90       __sehtable$??$?RV<lambda_2cc53f568c5a2bb6f192f930a45d44ea>@@AAV<lambda_ab61a845afdef5b7c387490eaf3616ee>@@V<lambda_c2ffc0b7726aa6be21d5f0026187e748>@@@?$__crt_seh_guarded_call@X@@QAEX$$QAV<lambda_2cc53f568c5a2bb6f192f930a45d44ea>@@AAV<lambda_ab61a845afdef5b7c387490eaf3616ee>@@$$QAV<lambda_c2ffc0b7726aa6be21d5f0026187e748>@@@Z 10027e90     libucrt:fflush.obj
 0002:00007eb0       __sehtable$___acrt_update_thread_locale_data 10027eb0     libucrt:locale_refcounting.obj
 0002:00007ed0       __sehtable$__fcloseall     10027ed0     libucrt:closeall.obj
 0002:00007ef0       __sehtable$___acrt_lowio_ensure_fh_exists 10027ef0     libucrt:osfinfo.obj
 0002:00007f10       __sehtable$??$?RV<lambda_9e9de3de5fa147e2223d7db92bc10aa6>@@AAV<lambda_38ce7e780aa69e748d6df282ebc68efe>@@V<lambda_8ca6da459f0f6780f1cff60fdc3d00e5>@@@?$__crt_seh_guarded_call@H@@QAEH$$QAV<lambda_9e9de3de5fa147e2223d7db92bc10aa6>@@AAV<lambda_38ce7e780aa69e748d6df282ebc68efe>@@$$QAV<lambda_8ca6da459f0f6780f1cff60fdc3d00e5>@@@Z 10027f10     libucrt:commit.obj
 0002:00007f30       __sehtable$__write         10027f30     libucrt:write.obj
 0002:00007f50       __sehtable$_fclose         10027f50     libucrt:fclose.obj
 0002:00007f70       __sehtable$??$?RV<lambda_218ce3db14220d0be481dae8ef3383b6>@@AAV<lambda_628dfdc04ba53c8bfc02c9951375f3f5>@@V<lambda_57dc472bd5c9d5f3b2cbca59b8a843ae>@@@?$__crt_seh_guarded_call@H@@QAEH$$QAV<lambda_218ce3db14220d0be481dae8ef3383b6>@@AAV<lambda_628dfdc04ba53c8bfc02c9951375f3f5>@@$$QAV<lambda_57dc472bd5c9d5f3b2cbca59b8a843ae>@@@Z 10027f70     libucrt:close.obj
 0002:00007f90       __sehtable$__IsNonwritableInCurrentImage 10027f90     LIBCMT:pesect.obj
 0002:00007fc0       .edata                     10027fc0     OPOSCAT.exp
 0002:00007fe8       rgpv                       10027fe8     OPOSCAT.exp
 0002:00007ff8       rgszName                   10027ff8     OPOSCAT.exp
 0002:00008008       rgwOrd                     10028008     OPOSCAT.exp
 0002:00008010       szName                     10028010     OPOSCAT.exp
 0002:0000801c       $N00001                    1002801c     OPOSCAT.exp
 0002:0000802c       $N00002                    1002802c     OPOSCAT.exp
 0002:0000803e       $N00003                    1002803e     OPOSCAT.exp
 0002:00008050       $N00004                    10028050     OPOSCAT.exp
 0002:0000865e       .idata$6                   1002865e     kernel32:KERNEL32.dll
 0002:00008872       .idata$6                   10028872     user32:USER32.dll
 0002:000089a6       .idata$6                   100289a6     gdi32:GDI32.dll
 0002:00008a4c       .idata$6                   10028a4c     advapi32:ADVAPI32.dll
 0002:00008b68       .idata$6                   10028b68     ole32:ole32.dll
 0002:00008b72       .idata$6                   10028b72     oleaut32:OLEAUT32.dll
 0003:00000110       ?ObjectMap@@3PAU_ATL_OBJMAP_ENTRY30@ATL@@A 10029110     CAT.obj
 0003:000001b8       ?s_SOMethodNames@@3PAPADA  100291b8     CATImpl.obj
 0003:00000234       ?s_RequiredMethodsPerRelease@@3PAHA 10029234     CATImpl.obj
 0003:00000270       ?__vcrt_flsindex@@3KA      10029270     libvcruntime:per_thread_data.obj
 0003:00000290       ?errno_no_memory@@3HA      10029290     libucrt:errno.obj
 0003:00000294       ?doserrno_no_memory@@3KA   10029294     libucrt:errno.obj
 0003:000002a0       ?__acrt_flsindex@@3KA      100292a0     libucrt:per_thread_data.obj
 0003:00000638       __mbctypes                 10029638     libucrt:mbctype.obj
 0003:00000740       __mbcasemaps               10029740     libucrt:mbctype.obj
 0003:00000840       ?__rgctypeflag@@3PADA      10029840     libucrt:mbctype.obj
 0003:00000848       ?__rgcode_page_info@@3PAUcode_page_info@@A 10029848     libucrt:mbctype.obj
 0003:00000aa0       ?__dcrt_lowio_console_output_handle@@3PAXA 10029aa0     libucrt:initcon.obj
 0003:00000c38       ?is_initialized_as_dll@@3_NA 10029c38     LIBCMT:utility.obj
 0003:00000c39       ?module_local_atexit_table_initialized@@3_NA 10029c39     LIBCMT:utility.obj
 0003:00000c3c       ?module_local_atexit_table@@3U_onexit_table_t@@A 10029c3c     LIBCMT:utility.obj
 0003:00000c48       ?module_local_at_quick_exit_table@@3U_onexit_table_t@@A 10029c48     LIBCMT:utility.obj
 0003:00000c54       ?g_tss_cv@@3U_RTL_CONDITION_VARIABLE@@A 10029c54     LIBCMT:thread_safe_statics.obj
 0003:00000c58       ?g_tss_event@@3PAXA        10029c58     LIBCMT:thread_safe_statics.obj
 0003:00000c5c       ?g_tss_mutex@@3U_RTL_CRITICAL_SECTION@@A 10029c5c     LIBCMT:thread_safe_statics.obj
 0003:00000c74       ?g_sleep_condition_variable_cs@@3P6GHPAU_RTL_CONDITION_VARIABLE@@PAU_RTL_CRITICAL_SECTION@@K@ZA 10029c74     LIBCMT:thread_safe_statics.obj
 0003:00000c78       ?g_wake_all_condition_variable@@3P6GXPAU_RTL_CONDITION_VARIABLE@@@ZA 10029c78     LIBCMT:thread_safe_statics.obj
 0003:00000c80       _GS_ExceptionRecord        10029c80     LIBCMT:gs_report.obj
 0003:00000cd0       _GS_ContextRecord          10029cd0     LIBCMT:gs_report.obj
 0003:00000fa0       ?__proc_attached@@3HA      10029fa0     LIBCMT:dll_dllmain.obj
 0003:00000ffc       ?AllocateData@@3P6GPAUAtlThunkData_t@@XZA 10029ffc     atls:atlthunk.obj
 0003:00001000       ?InitData@@3P6GXPAUAtlThunkData_t@@PAXI@ZA 1002a000     atls:atlthunk.obj
 0003:00001004       ?DataToCode@@3P6GP6GJPAUHWND__@@IIJ@ZPAUAtlThunkData_t@@@ZA 1002a004     atls:atlthunk.obj
 0003:00001008       ?FreeData@@3P6GXPAUAtlThunkData_t@@@ZA 1002a008     atls:atlthunk.obj
 0003:0000100c       ?Initialized@@3_NA         1002a00c     atls:atlthunk.obj
 0003:0000101c       ?__vcrt_startup_thread_ptd@@3U__vcrt_ptd@@A 1002a01c     libvcruntime:per_thread_data.obj
 0003:00001044       ___vcrt_lock_table         1002a044     libvcruntime:locks.obj
 0003:0000105c       ___vcrt_locks_initialized  1002a05c     libvcruntime:locks.obj
 0003:00001088       ?heap@@3V_HeapManager@@A   1002a088     libvcruntime:undname.obj
 0003:0000109c       ?module_handles@@3PAPAUHINSTANCE__@@A 1002a09c     libvcruntime:winapi_downlevel.obj
 0003:000010a8       ?function_pointers@@3PAPAXA 1002a0a8     libvcruntime:winapi_downlevel.obj
 0003:000010bc       ?__acrt_invalid_parameter_handler@@3V?$dual_state_global@P6AXPB_W00II@Z@__crt_state_management@@A 1002a0bc     libucrt:invalid_parameter.obj
 0003:000010c0       ?c_termination_complete@@3JA 1002a0c0     libucrt:exit.obj
 0003:000010c4       ?thread_local_exit_callback_func@@3P6GXPAXK0@ZA 1002a0c4     libucrt:exit.obj
 0003:000010d0       ?program_name@?1???$common_configure_argv@D@@YAHW4_crt_argv_mode@@@Z@4PADA 1002a0d0     libucrt:argv_parsing.obj
 0003:00001200       ?__acrt_new_handler@@3V?$dual_state_global@P6AHI@Z@__crt_state_management@@A 1002a200     libucrt:new_handler.obj
 0003:00001208       ?module_handles@@3PAPAUHINSTANCE__@@A 1002a208     libucrt:winapi_thunks.obj
 0003:00001258       ?encoded_function_pointers@@3PAPAXA 1002a258     libucrt:winapi_thunks.obj
 0003:000012e0       ?internal_state@?1??_mbtowc_l@@9@4U_Mbstatet@@A 1002a2e0     libucrt:mbtowc.obj
 0003:000012f0       ?enable_percent_n@@3IA     1002a2f0     libucrt:printf_count_output.obj
 0003:00001510       ?__acrt_lock_table@@3PAU_RTL_CRITICAL_SECTION@@A 1002a510     libucrt:locks.obj
 0003:00001660       ?__acrt_locks_initialized@@3IA 1002a660     libucrt:locks.obj
 0003:00001670       ?fSystemSet@@3HA           1002a670     libucrt:mbctype.obj
 0003:00001674       ?initialized@?1??__acrt_initialize_multibyte@@9@4_NA 1002a674     libucrt:mbctype.obj
 0003:00001694       ?ctrlc_action@@3V?$dual_state_global@P6AXH@Z@__crt_state_management@@A 1002a694     libucrt:signal.obj
 0003:00001698       ?ctrlbreak_action@@3V?$dual_state_global@P6AXH@Z@__crt_state_management@@A 1002a698     libucrt:signal.obj
 0003:0000169c       ?abort_action@@3V?$dual_state_global@P6AXH@Z@__crt_state_management@@A 1002a69c     libucrt:signal.obj
 0003:000016a0       ?term_action@@3V?$dual_state_global@P6AXH@Z@__crt_state_management@@A 1002a6a0     libucrt:signal.obj
 0003:000016a4       ?user_matherr@@3V?$dual_state_global@P6AHPAU_exception@@@Z@__crt_state_management@@A 1002a6a4     libucrt:matherr.obj
 0003:000016a8       ?__acrt_global_new_mode@@3V?$dual_state_global@J@__crt_state_management@@A 1002a6a8     libucrt:new_mode.obj
 0003:000016b4       ?internal_pst@?1??__mbrtoc32_utf8@__crt_mbstring@@YAIPA_UPBDIPAU_Mbstatet@@@Z@4U3@A 1002a6b4     libucrt:mbrtoc32.obj
 0003:000016bc       ?__acrt_app_type@@3W4_crt_app_type@@A 1002a6bc     libucrt:report_runtime_error.obj
 0003:000016c4       __pmatherr_set             1002a6c4     libucrt:libm_error.obj
 0004:00000220       $R000000                   1002b220     CAT.res
 0004:00000b90       $R000970                   1002bb90     CAT.res
 0004:00000c78       $R000A58                   1002bc78     CAT.res
 0004:00000ee0       $R000CC0                   1002bee0     CAT.res
 0004:00001410       $R0011F0                   1002c410     CAT.res
 0004:00005248       $R005028                   10030248     CAT.res
 0004:00005270       $R005050                   10030270     CAT.res
