 OPOSLights

 Timestamp is 5defa9ad (Tue Dec 10 23:20:29 2019)

 Preferred load address is 10000000

 Start         Length     Name                   Class
 0001:00000000 00000080H .text$di                CODE
 0001:00000080 0001d543H .text$mn                CODE
 0001:0001d5c3 00000036H .text$x                 CODE
 0001:0001d5f9 00000042H .text$yd                CODE
 0002:00000000 000002fcH .idata$5                DATA
 0002:000002fc 00000004H .00cfg                  DATA
 0002:00000300 00000004H .CRT$XCA                DATA
 0002:00000304 00000004H .CRT$XCL                DATA
 0002:00000308 00000010H .CRT$XCU                DATA
 0002:00000318 00000004H .CRT$XCZ                DATA
 0002:0000031c 00000004H .CRT$XIA                DATA
 0002:00000320 00000010H .CRT$XIC                DATA
 0002:00000330 00000004H .CRT$XIZ                DATA
 0002:00000334 00000004H .CRT$XLA                DATA
 0002:00000338 00000004H .CRT$XLZ                DATA
 0002:0000033c 00000004H .CRT$XPA                DATA
 0002:00000340 00000008H .CRT$XPX                DATA
 0002:00000348 00000004H .CRT$XPXA               DATA
 0002:0000034c 00000004H .CRT$XPZ                DATA
 0002:00000350 00000004H .CRT$XTA                DATA
 0002:00000354 0000000cH .CRT$XTZ                DATA
 0002:00000358 00000000H .gfids$y                DATA
 0002:00000360 00006decH .rdata                  DATA
 0002:0000714c 00000018H .rdata$T                DATA
 0002:00007164 0000017cH .rdata$r                DATA
 0002:000072e0 0000001cH .rdata$sxdata           DATA
 0002:000072fc 000003dcH .rdata$zzzdbg           DATA
 0002:000076d8 00000004H .rtc$IAA                DATA
 0002:000076dc 00000004H .rtc$IZZ                DATA
 0002:000076e0 00000004H .rtc$TAA                DATA
 0002:000076e4 00000004H .rtc$TZZ                DATA
 0002:000076e8 00000004H .tls                    DATA
 0002:000076ec 00000004H .tls$                   DATA
 0002:000076f0 00000008H .tls$ZZZ                DATA
 0002:000076f8 0000060cH .xdata$x                DATA
 0002:00007d04 00000004H ATL$__a                 DATA
 0002:00007d08 00000008H ATL$__z                 DATA
 0002:00007d10 000000a8H .edata                  DATA
 0002:00007db8 00000078H .idata$2                DATA
 0002:00007e30 00000014H .idata$3                DATA
 0002:00007e44 000002fcH .idata$4                DATA
 0002:00008140 00000bc8H .idata$6                DATA
 0003:00000000 00000a80H .data                   DATA
 0003:00000a80 00000098H .data$r                 DATA
 0003:00000b18 00000b80H .bss                    DATA
 0004:00000000 00000220H .rsrc$01                DATA
 0004:00000220 000036a8H .rsrc$02                DATA

  Address         Publics by Value              Rva+Base       Lib:Object

 0000:00000000       ___guard_fids_count        00000000     <absolute>
 0000:00000000       ___hybrid_code_map_count   00000000     <absolute>
 0000:00000000       ___guard_iat_count         00000000     <absolute>
 0000:00000000       ___hybrid_auxiliary_iat    00000000     <absolute>
 0000:00000000       ___volatile_metadata       00000000     <absolute>
 0000:00000000       ___dynamic_value_reloc_table 00000000     <absolute>
 0000:00000000       ___guard_longjmp_count     00000000     <absolute>
 0000:00000000       ___guard_fids_table        00000000     <absolute>
 0000:00000000       ___guard_longjmp_table     00000000     <absolute>
 0000:00000000       ___AbsoluteZero            00000000     <absolute>
 0000:00000000       __except_list              00000000     <absolute>
 0000:00000000       ___guard_iat_table         00000000     <absolute>
 0000:00000000       ___enclave_config          00000000     <absolute>
 0000:00000000       ___hybrid_code_map         00000000     <absolute>
 0000:00000007       ___safe_se_handler_count   00000007     <absolute>
 0000:0000002c       __tls_array                0000002c     <absolute>
 0000:00000100       ___guard_flags             00000100     <absolute>
 0000:00000000       ___ImageBase               10000000     <linker-defined>
 0001:00000080       ?DupWide@_CW@@AAEXXZ       10001080 f   CWString.obj
 0001:0000009c       ?cw_dup@@YGXPBDAAHAAPA_W1@Z 1000109c f   CWString.obj
 0001:00000124       ?cw_memcpy@@YGHPA_WPBDH@Z  10001124 f   CWString.obj
 0001:00000150       ?cw_strcpy@@YAHPA_WPBD@Z   10001150 f   CWString.obj
 0001:00000163       ?cw_strlen@@YAHPBD@Z       10001163 f   CWString.obj
 0001:0000017c       ??0CAtlComModule@ATL@@QAE@XZ 1000117c f i OposVariant.obj
 0001:000001c1       ??0CAtlWinModule@ATL@@QAE@XZ 100011c1 f i OposVariant.obj
 0001:000001f8       ??0OposDispParms@@QAE@PAVOposVariant@@H@Z 100011f8 f   OposVariant.obj
 0001:00000269       ??1OposDispParms@@QAE@XZ   10001269 f   OposVariant.obj
 0001:00000277       ??A?$CSimpleArray@GV?$CSimpleArrayEqualHelper@G@ATL@@@ATL@@QAEAAGH@Z 10001277 f i OposVariant.obj
 0001:0000029c       ??_Estringdispid@CComTypeInfoHolder@ATL@@QAEPAXI@Z 1000129c f i OposVariant.obj
 0001:00000308       ?AtlWinModuleInit@ATL@@YGJPAU_ATL_WIN_MODULE70@1@@Z 10001308 f i OposVariant.obj
 0001:0000032e       ?AtlWinModuleTerm@ATL@@YGJPAU_ATL_WIN_MODULE70@1@PAUHINSTANCE__@@@Z 1000132e f i OposVariant.obj
 0001:00000391       ?ChangeBSTR@OposVariant@@QAEXPAPA_WAAJ@Z 10001391 f   OposVariant.obj
 0001:000003d2       ?ChangeLONG@OposVariant@@QAEXPAJAAJ@Z 100013d2 f   OposVariant.obj
 0001:00000413       ?GetLONG@OposVariant@@QAEJXZ 10001413 f   OposVariant.obj
 0001:0000042e       ?Init@CComCriticalSection@ATL@@QAEJXZ 1000142e f i OposVariant.obj
 0001:00000456       ?RemoveAll@?$CSimpleArray@PAUHINSTANCE__@@V?$CSimpleArrayEqualHelper@PAUHINSTANCE__@@@ATL@@@ATL@@QAEXXZ 10001456 f i atls:atlbase.obj
 0001:00000456       ?RemoveAll@?$CSimpleArray@GV?$CSimpleArrayEqualHelper@G@ATL@@@ATL@@QAEXXZ 10001456 f i OposVariant.obj
 0001:00000473       ?SetBSTR@OposVariant@@QAEXPA_WAAJ@Z 10001473 f   OposVariant.obj
 0001:000004a7       ?SetBSTR_Copy@OposVariant@@QAEXPA_WAAJ@Z 100014a7 f   OposVariant.obj
 0001:000004f7       ?SetBSTR_InOutPtr@OposVariant@@QAE_NPAPA_WAAJ@Z 100014f7 f   OposVariant.obj
 0001:0000052e       ?SetDispatch_Ptr@OposVariant@@QAEXPAUIDispatch@@AAJ@Z 1000152e f   OposVariant.obj
 0001:00000569       ?SetLONG@OposVariant@@QAEXJ@Z 10001569 f   OposVariant.obj
 0001:0000058b       ?SetLONG_Ptr@OposVariant@@QAEXPAJAAJ@Z 1000158b f   OposVariant.obj
 0001:000005be       ?SetString@OposVariant@@QAEXPB_WAAJ@Z 100015be f   OposVariant.obj
 0001:00000604       ?SetVARIANT_BOOL@OposVariant@@QAEXF@Z 10001604 f   OposVariant.obj
 0001:0000062e       ?Term@CAtlComModule@ATL@@QAEXXZ 1000162e f i OposVariant.obj
 0001:00000678       ?_AtlRaiseException@ATL@@YAXKK@Z 10001678 f i OposVariant.obj
 0001:0000068d       ?CreateInstance@CComClassFactory@ATL@@UAGJPAUIUnknown@@ABU_GUID@@PAPAX@Z 1000168d f i Lights.obj
 0001:000006cb       ?LockServer@CComClassFactory@ATL@@UAGJH@Z 100016cb f i Lights.obj
 0001:000006ea       ??_ECComClassFactory@ATL@@UAEPAXI@Z 100016ea f i Lights.obj
 0001:000006ea       ??_GCComClassFactory@ATL@@UAEPAXI@Z 100016ea f i Lights.obj
 0001:00000715       ?GetWindowProc@?$CWindowImplBaseT@VCWindow@ATL@@V?$CWinTraits@$0FGAAAAAA@$0A@@2@@ATL@@UAEP6GJPAUHWND__@@IIJ@ZXZ 10001715 f i Lights.obj
 0001:0000071b       ?StartWindowProc@?$CWindowImplBaseT@VCWindow@ATL@@V?$CWinTraits@$0FGAAAAAA@$0A@@2@@ATL@@SGJPAUHWND__@@IIJ@Z 1000171b f i Lights.obj
 0001:0000076f       ?OnFinalMessage@?$CWindowImplBaseT@VCWindow@ATL@@V?$CWinTraits@$0FGAAAAAA@$0A@@2@@ATL@@UAEXPAUHWND__@@@Z 1000176f f i Lights.obj
 0001:0000076f       ?ObjectMain@CComObjectRootBase@ATL@@SGX_N@Z 1000176f f i Lights.obj
 0001:00000772       ?GetTypeInfoCount@?$IDispatchImpl@UIOPOSLights@@$1?IID_IOPOSLights@@3U_GUID@@B$1?LIBID_OposLights_CCO@@3U3@B$00$0A@VCComTypeInfoHolder@ATL@@@ATL@@UAGJPAI@Z 10001772 f i Lights.obj
 0001:0000078f       ?GetTypeInfo@?$IDispatchImpl@UIOPOSLights@@$1?IID_IOPOSLights@@3U_GUID@@B$1?LIBID_OposLights_CCO@@3U3@B$00$0A@VCComTypeInfoHolder@ATL@@@ATL@@UAGJIKPAPAUITypeInfo@@@Z 1000178f f i Lights.obj
 0001:000007b3       ?GetIDsOfNames@?$IDispatchImpl@UIOPOSLights@@$1?IID_IOPOSLights@@3U_GUID@@B$1?LIBID_OposLights_CCO@@3U3@B$00$0A@VCComTypeInfoHolder@ATL@@@ATL@@UAGJABU_GUID@@PAPA_WIKPAJ@Z 100017b3 f i Lights.obj
 0001:000007d3       ?Invoke@?$IDispatchImpl@UIOPOSLights@@$1?IID_IOPOSLights@@3U_GUID@@B$1?LIBID_OposLights_CCO@@3U3@B$00$0A@VCComTypeInfoHolder@ATL@@@ATL@@UAGJJABU_GUID@@KGPAUtagDISPPARAMS@@PAUtagVARIANT@@PAUtagEXCEPINFO@@PAI@Z 100017d3 f i Lights.obj
 0001:000007e1       ?CreateControlWindow@?$CComControl@VCOPOSLights@@V?$CWindowImpl@VCOPOSLights@@VCWindow@ATL@@V?$CWinTraits@$0FGAAAAAA@$0A@@3@@ATL@@@ATL@@UAEPAUHWND__@@PAU3@AAUtagRECT@@@Z 100017e1 f i Lights.obj
 0001:00000810       ?ControlQueryInterface@?$CComControl@VCOPOSLights@@V?$CWindowImpl@VCOPOSLights@@VCWindow@ATL@@V?$CWinTraits@$0FGAAAAAA@$0A@@3@@ATL@@@ATL@@UAEJABU_GUID@@PAPAX@Z 10001810 f i Lights.obj
 0001:0000082b       ?GetClassID@?$IPersistStorageImpl@VCOPOSLights@@@ATL@@UAGJPAU_GUID@@@Z 1000182b f i Lights.obj
 0001:0000082b       ?GetClassID@?$IPersistStreamInitImpl@VCOPOSLights@@@ATL@@UAGJPAU_GUID@@@Z 1000182b f i Lights.obj
 0001:0000082b       ?GetUserClassID@?$IOleObjectImpl@VCOPOSLights@@@ATL@@UAGJPAU_GUID@@@Z 1000182b f i Lights.obj
 0001:0000084f       ?IsDirty@?$IPersistStreamInitImpl@VCOPOSLights@@@ATL@@UAGJXZ 1000184f f i Lights.obj
 0001:0000086e       ?Load@?$IPersistStreamInitImpl@VCOPOSLights@@@ATL@@UAGJPAUIStream@@@Z 1000186e f i Lights.obj
 0001:0000088d       ?Save@?$IPersistStreamInitImpl@VCOPOSLights@@@ATL@@UAGJPAUIStream@@H@Z 1000188d f i Lights.obj
 0001:000008af       ?GetSizeMax@?$IPersistStreamInitImpl@VCOPOSLights@@@ATL@@UAGJPAT_ULARGE_INTEGER@@@Z 100018af f i Lights.obj
 0001:00000a8e       ?InitNew@?$IPersistStreamInitImpl@VCOPOSLights@@@ATL@@UAGJXZ 10001a8e f i Lights.obj
 0001:00000aab       ?SetColorScheme@?$IOleObjectImpl@VCOPOSLights@@@ATL@@UAGJPAUtagLOGPALETTE@@@Z 10001aab f i Lights.obj
 0001:00000aab       ?GetControlInfo@?$IOleControlImpl@VCOPOSLights@@@ATL@@UAGJPAUtagCONTROLINFO@@@Z 10001aab f i Lights.obj
 0001:00000aab       ?QueryGetData@?$IDataObjectImpl@VCOPOSLights@@@ATL@@UAGJPAUtagFORMATETC@@@Z 10001aab f i Lights.obj
 0001:00000aab       ?OnMnemonic@?$IOleControlImpl@VCOPOSLights@@@ATL@@UAGJPAUtagMSG@@@Z 10001aab f i Lights.obj
 0001:00000aab       ?ContextSensitiveHelp@?$IOleInPlaceObjectWindowlessImpl@VCOPOSLights@@@ATL@@UAGJH@Z 10001aab f i Lights.obj
 0001:00000aab       ?SOOutputCompleteDummy@COPOSLights@@MAGJJ@Z 10001aab f i Lights.obj
 0001:00000aab       ?SODataDummy@COPOSLights@@MAGJJ@Z 10001aab f i Lights.obj
 0001:00000aab       ?ContextSensitiveHelp@?$IOleInPlaceActiveObjectImpl@VCOPOSLights@@@ATL@@UAGJH@Z 10001aab f i Lights.obj
 0001:00000aab       ?Unfreeze@?$IViewObjectExImpl@VCOPOSLights@@@ATL@@UAGJK@Z 10001aab f i Lights.obj
 0001:00000aab       ?GetDropTarget@?$IOleInPlaceObjectWindowlessImpl@VCOPOSLights@@@ATL@@UAGJPAPAUIDropTarget@@@Z 10001aab f i Lights.obj
 0001:00000ab3       ?OnFrameWindowActivate@?$IOleInPlaceActiveObjectImpl@VCOPOSLights@@@ATL@@UAGJH@Z 10001ab3 f i Lights.obj
 0001:00000ab3       ?EnableModeless@?$IOleInPlaceActiveObjectImpl@VCOPOSLights@@@ATL@@UAGJH@Z 10001ab3 f i Lights.obj
 0001:00000ab3       ?OnAmbientPropertyChange@?$IOleControlImpl@VCOPOSLights@@@ATL@@UAGJJ@Z 10001ab3 f i Lights.obj
 0001:00000ab3       ?SaveCompleted@?$IPersistStorageImpl@VCOPOSLights@@@ATL@@UAGJPAUIStorage@@@Z 10001ab3 f i Lights.obj
 0001:00000ab8       ?SetClientSite@?$IOleObjectImpl@VCOPOSLights@@@ATL@@UAGJPAUIOleClientSite@@@Z 10001ab8 f i Lights.obj
 0001:00000ad5       ?GetClientSite@?$IOleObjectImpl@VCOPOSLights@@@ATL@@UAGJPAPAUIOleClientSite@@@Z 10001ad5 f i Lights.obj
 0001:00000af2       ?SetHostNames@?$IOleObjectImpl@VCOPOSLights@@@ATL@@UAGJPB_W0@Z 10001af2 f i Lights.obj
 0001:00000af7       ?Close@?$IOleObjectImpl@VCOPOSLights@@@ATL@@UAGJK@Z 10001af7 f i Lights.obj
 0001:00000b14       ?GetClipboardData@?$IOleObjectImpl@VCOPOSLights@@@ATL@@UAGJKPAPAUIDataObject@@@Z 10001b14 f i Lights.obj
 0001:00000b14       ?EnumFormatEtc@?$IDataObjectImpl@VCOPOSLights@@@ATL@@UAGJKPAPAUIEnumFORMATETC@@@Z 10001b14 f i Lights.obj
 0001:00000b14       ?GetDataHere@?$IDataObjectImpl@VCOPOSLights@@@ATL@@UAGJPAUtagFORMATETC@@PAUtagSTGMEDIUM@@@Z 10001b14 f i Lights.obj
 0001:00000b14       ?GetCanonicalFormatEtc@?$IDataObjectImpl@VCOPOSLights@@@ATL@@UAGJPAUtagFORMATETC@@0@Z 10001b14 f i Lights.obj
 0001:00000b14       ?SetMoniker@?$IOleObjectImpl@VCOPOSLights@@@ATL@@UAGJKPAUIMoniker@@@Z 10001b14 f i Lights.obj
 0001:00000b14       ?QueryInterface@CRegObject@ATL@@UAGJABU_GUID@@PAPAX@Z 10001b14 f i Lights.obj
 0001:00000b14       ?GetRect@?$IViewObjectExImpl@VCOPOSLights@@@ATL@@UAGJKPAU_RECTL@@@Z 10001b14 f i Lights.obj
 0001:00000b1c       ?SetData@?$IDataObjectImpl@VCOPOSLights@@@ATL@@UAGJPAUtagFORMATETC@@PAUtagSTGMEDIUM@@H@Z 10001b1c f i Lights.obj
 0001:00000b1c       ?GetMoniker@?$IOleObjectImpl@VCOPOSLights@@@ATL@@UAGJKKPAPAUIMoniker@@@Z 10001b1c f i Lights.obj
 0001:00000b1c       ?InitFromData@?$IOleObjectImpl@VCOPOSLights@@@ATL@@UAGJPAUIDataObject@@HK@Z 10001b1c f i Lights.obj
 0001:00000b24       ?DoVerb@?$IOleObjectImpl@VCOPOSLights@@@ATL@@UAGJJPAUtagMSG@@PAUIOleClientSite@@JPAUHWND__@@PBUtagRECT@@@Z 10001b24 f i Lights.obj
 0001:00000c18       ?EnumVerbs@?$IOleObjectImpl@VCOPOSLights@@@ATL@@UAGJPAPAUIEnumOLEVERB@@@Z 10001c18 f i Lights.obj
 0001:00000c3a       ?IsUpToDate@?$IOleObjectImpl@VCOPOSLights@@@ATL@@UAGJXZ 10001c3a f i Lights.obj
 0001:00000c3a       ?Release@CRegObject@ATL@@UAGKXZ 10001c3a f i Lights.obj
 0001:00000c3a       ?Update@?$IOleObjectImpl@VCOPOSLights@@@ATL@@UAGJXZ 10001c3a f i Lights.obj
 0001:00000c3a       ?HandsOffStorage@?$IPersistStorageImpl@VCOPOSLights@@@ATL@@UAGJXZ 10001c3a f i Lights.obj
 0001:00000c3f       ?GetUserType@?$IOleObjectImpl@VCOPOSLights@@@ATL@@UAGJKPAPA_W@Z 10001c3f f i Lights.obj
 0001:00000c57       ?SetExtent@?$IOleObjectImpl@VCOPOSLights@@@ATL@@UAGJKPAUtagSIZE@@@Z 10001c57 f i Lights.obj
 0001:00000c77       ?GetExtent@?$IOleObjectImpl@VCOPOSLights@@@ATL@@UAGJKPAUtagSIZE@@@Z 10001c77 f i Lights.obj
 0001:00000cb5       ?Advise@?$IOleObjectImpl@VCOPOSLights@@@ATL@@UAGJPAUIAdviseSink@@PAK@Z 10001cb5 f i Lights.obj
 0001:00000cd5       ?Unadvise@?$IOleObjectImpl@VCOPOSLights@@@ATL@@UAGJK@Z 10001cd5 f i Lights.obj
 0001:00000d04       ?EnumAdvise@?$IOleObjectImpl@VCOPOSLights@@@ATL@@UAGJPAPAUIEnumSTATDATA@@@Z 10001d04 f i Lights.obj
 0001:00000d44       ?GetMiscStatus@?$IOleObjectImpl@VCOPOSLights@@@ATL@@UAGJKPAK@Z 10001d44 f i Lights.obj
 0001:00000d5c       ?GetWindow@?$IOleInPlaceActiveObjectImpl@VCOPOSLights@@@ATL@@UAGJPAPAUHWND__@@@Z 10001d5c f i Lights.obj
 0001:00000da9       ?TranslateAcceleratorW@?$IOleInPlaceActiveObjectImpl@VCOPOSLights@@@ATL@@UAGJPAUtagMSG@@@Z 10001da9 f i Lights.obj
 0001:00000e57       ?OnDocWindowActivate@?$IOleInPlaceActiveObjectImpl@VCOPOSLights@@@ATL@@UAGJH@Z 10001e57 f i Lights.obj
 0001:00000e79       ?ResizeBorder@?$IOleInPlaceActiveObjectImpl@VCOPOSLights@@@ATL@@UAGJPBUtagRECT@@PAUIOleInPlaceUIWindow@@H@Z 10001e79 f i Lights.obj
 0001:00000e7e       ?Draw@?$IViewObjectExImpl@VCOPOSLights@@@ATL@@UAGJKJPAXPAUtagDVTARGETDEVICE@@PAUHDC__@@2PBU_RECTL@@3P6GHK@ZK@Z 10001e7e f i Lights.obj
 0001:00000eb0       ?GetColorSet@?$IViewObjectExImpl@VCOPOSLights@@@ATL@@UAGJKJPAXPAUtagDVTARGETDEVICE@@PAUHDC__@@PAPAUtagLOGPALETTE@@@Z 10001eb0 f i Lights.obj
 0001:00000eb8       ?Freeze@?$IViewObjectExImpl@VCOPOSLights@@@ATL@@UAGJKJPAXPAK@Z 10001eb8 f i Lights.obj
 0001:00000eb8       ?SOErrorDummy@COPOSLights@@MAGJJJJPAJ@Z 10001eb8 f i Lights.obj
 0001:00000ec0       ?SetAdvise@?$IViewObjectExImpl@VCOPOSLights@@@ATL@@UAGJKKPAUIAdviseSink@@@Z 10001ec0 f i Lights.obj
 0001:00000edf       ?GetAdvise@?$IViewObjectExImpl@VCOPOSLights@@@ATL@@UAGJPAK0PAPAUIAdviseSink@@@Z 10001edf f i Lights.obj
 0001:00000f14       ?GetExtent@?$IViewObjectExImpl@VCOPOSLights@@@ATL@@UAGJKJPAUtagDVTARGETDEVICE@@PAUtagSIZE@@@Z 10001f14 f i Lights.obj
 0001:00000f45       ?GetViewStatus@?$IViewObjectExImpl@VCOPOSLights@@@ATL@@UAGJPAK@Z 10001f45 f i Lights.obj
 0001:00000f62       ?QueryHitPoint@?$IViewObjectExImpl@VCOPOSLights@@@ATL@@UAGJKPBUtagRECT@@UtagPOINT@@JPAK@Z 10001f62 f i Lights.obj
 0001:00000fa3       ?QueryHitRect@?$IViewObjectExImpl@VCOPOSLights@@@ATL@@UAGJKPBUtagRECT@@0JPAK@Z 10001fa3 f i Lights.obj
 0001:00000ffe       ?GetNaturalExtent@?$IViewObjectExImpl@VCOPOSLights@@@ATL@@UAGJKJPAUtagDVTARGETDEVICE@@PAUHDC__@@PAUtagExtentInfo@@PAUtagSIZE@@@Z 10001ffe f i Lights.obj
 0001:00001049       ?GetWindow@?$IOleInPlaceObjectWindowlessImpl@VCOPOSLights@@@ATL@@UAGJPAPAUHWND__@@@Z 10002049 f i Lights.obj
 0001:00001096       ?InPlaceDeactivate@?$IOleInPlaceObjectWindowlessImpl@VCOPOSLights@@@ATL@@UAGJXZ 10002096 f i Lights.obj
 0001:000010b0       ?UIDeactivate@?$IOleInPlaceObjectWindowlessImpl@VCOPOSLights@@@ATL@@UAGJXZ 100020b0 f i Lights.obj
 0001:000010ca       ?SetObjectRects@?$IOleInPlaceObjectWindowlessImpl@VCOPOSLights@@@ATL@@UAGJPBUtagRECT@@0@Z 100020ca f i Lights.obj
 0001:000010ea       ?ReactivateAndUndo@?$IOleInPlaceObjectWindowlessImpl@VCOPOSLights@@@ATL@@UAGJXZ 100020ea f i Lights.obj
 0001:000010f2       ?OnWindowMessage@?$IOleInPlaceObjectWindowlessImpl@VCOPOSLights@@@ATL@@UAGJIIJPAJ@Z 100020f2 f i Lights.obj
 0001:00001162       ?EnumConnectionPoints@?$IConnectionPointContainerImpl@VCOPOSLights@@@ATL@@UAGJPAPAUIEnumConnectionPoints@@@Z 10002162 f i Lights.obj
 0001:000012dc       ?FindConnectionPoint@?$IConnectionPointContainerImpl@VCOPOSLights@@@ATL@@UAGJABU_GUID@@PAPAUIConnectionPoint@@@Z 100022dc f i Lights.obj
 0001:0000137f       ?IsDirty@?$IPersistStorageImpl@VCOPOSLights@@@ATL@@UAGJXZ 1000237f f i Lights.obj
 0001:000013b3       ?InitNew@?$IPersistStorageImpl@VCOPOSLights@@@ATL@@UAGJPAUIStorage@@@Z 100023b3 f i Lights.obj
 0001:000013e7       ?Load@?$IPersistStorageImpl@VCOPOSLights@@@ATL@@UAGJPAUIStorage@@@Z 100023e7 f i Lights.obj
 0001:00001453       ?Save@?$IPersistStorageImpl@VCOPOSLights@@@ATL@@UAGJPAUIStorage@@H@Z 10002453 f i Lights.obj
 0001:000014c6       ?GetPages@?$ISpecifyPropertyPagesImpl@VCOPOSLights@@@ATL@@UAGJPAUtagCAUUID@@@Z 100024c6 f i Lights.obj
 0001:000014dd       ?QuickActivate@?$IQuickActivateImpl@VCOPOSLights@@@ATL@@UAGJPAUtagQACONTAINER@@PAUtagQACONTROL@@@Z 100024dd f i Lights.obj
 0001:00001500       ?SetContentExtent@?$IQuickActivateImpl@VCOPOSLights@@@ATL@@UAGJPAUtagSIZE@@@Z 10002500 f i Lights.obj
 0001:0000152c       ?GetContentExtent@?$IQuickActivateImpl@VCOPOSLights@@@ATL@@UAGJPAUtagSIZE@@@Z 1000252c f i Lights.obj
 0001:00001566       ?GetData@?$IDataObjectImpl@VCOPOSLights@@@ATL@@UAGJPAUtagFORMATETC@@PAUtagSTGMEDIUM@@@Z 10002566 f i Lights.obj
 0001:00001589       ?DAdvise@?$IDataObjectImpl@VCOPOSLights@@@ATL@@UAGJPAUtagFORMATETC@@KPAUIAdviseSink@@PAK@Z 10002589 f i Lights.obj
 0001:000015ca       ?DUnadvise@?$IDataObjectImpl@VCOPOSLights@@@ATL@@UAGJK@Z 100025ca f i Lights.obj
 0001:000015f8       ?EnumDAdvise@?$IDataObjectImpl@VCOPOSLights@@@ATL@@UAGJPAPAUIEnumSTATDATA@@@Z 100025f8 f i Lights.obj
 0001:00001637       ?GetClassInfoW@?$IProvideClassInfo2Impl@$1?CLSID_OPOSLights@@3U_GUID@@B$1?DIID__IOPOSLightsEvents@@3U2@B$1?LIBID_OposLights_CCO@@3U2@B$00$0A@VCComTypeInfoHolder@ATL@@@ATL@@UAGJPAPAUITypeInfo@@@Z 10002637 f i Lights.obj
 0001:0000164d       ?GetGUID@?$IProvideClassInfo2Impl@$1?CLSID_OPOSLights@@3U_GUID@@B$1?DIID__IOPOSLightsEvents@@3U2@B$1?LIBID_OposLights_CCO@@3U2@B$00$0A@VCComTypeInfoHolder@ATL@@@ATL@@UAGJKPAU_GUID@@@Z 1000264d f i Lights.obj
 0001:0000168b       ?FAccessAllowed@?$IObjectSafetyImpl@VCOPOSLights@@$02@ATL@@MAEHXZ 1000268b f i Lights.obj
 0001:0000168b       __get_startup_argv_mode    1000268b f i LIBCMT:argv_mode.obj
 0001:0000168f       ?GetInterfaceSafetyOptions@?$IObjectSafetyImpl@VCOPOSLights@@$02@ATL@@UAGJABU_GUID@@PAK1@Z 1000268f f i Lights.obj
 0001:00001703       ?SetInterfaceSafetyOptions@?$IObjectSafetyImpl@VCOPOSLights@@$02@ATL@@UAGJABU_GUID@@KK@Z 10002703 f i Lights.obj
 0001:0000177d       ?_LocCPQueryInterface@?$IConnectionPointImpl@VCOPOSLights@@$1?DIID__IOPOSLightsEvents@@3U_GUID@@BVCComDynamicUnkArray@ATL@@@ATL@@UAGJABU_GUID@@PAPAX@Z 1000277d f i Lights.obj
 0001:0000177d       ?_LocCPQueryInterface@?$IConnectionPointImpl@VCOPOSLights@@$1?IID_IPropertyNotifySink@@3U_GUID@@BVCComDynamicUnkArray@ATL@@@ATL@@UAGJABU_GUID@@PAPAX@Z 1000277d f i Lights.obj
 0001:000017ca       ?GetConnectionInterface@?$IConnectionPointImpl@VCOPOSLights@@$1?IID_IPropertyNotifySink@@3U_GUID@@BVCComDynamicUnkArray@ATL@@@ATL@@UAGJPAU_GUID@@@Z 100027ca f i Lights.obj
 0001:000017ee       ?GetConnectionPointContainer@?$IConnectionPointImpl@VCOPOSLights@@$1?IID_IPropertyNotifySink@@3U_GUID@@BVCComDynamicUnkArray@ATL@@@ATL@@UAGJPAPAUIConnectionPointContainer@@@Z 100027ee f i Lights.obj
 0001:00001811       ?Advise@?$IConnectionPointImpl@VCOPOSLights@@$1?DIID__IOPOSLightsEvents@@3U_GUID@@BVCComDynamicUnkArray@ATL@@@ATL@@UAGJPAUIUnknown@@PAK@Z 10002811 f i Lights.obj
 0001:00001811       ?Advise@?$IConnectionPointImpl@VCOPOSLights@@$1?IID_IPropertyNotifySink@@3U_GUID@@BVCComDynamicUnkArray@ATL@@@ATL@@UAGJPAUIUnknown@@PAK@Z 10002811 f i Lights.obj
 0001:000018b2       ?Unadvise@?$IConnectionPointImpl@VCOPOSLights@@$1?DIID__IOPOSLightsEvents@@3U_GUID@@BVCComDynamicUnkArray@ATL@@@ATL@@UAGJK@Z 100028b2 f i Lights.obj
 0001:000018b2       ?Unadvise@?$IConnectionPointImpl@VCOPOSLights@@$1?IID_IPropertyNotifySink@@3U_GUID@@BVCComDynamicUnkArray@ATL@@@ATL@@UAGJK@Z 100028b2 f i Lights.obj
 0001:000018f2       ?EnumConnections@?$IConnectionPointImpl@VCOPOSLights@@$1?IID_IPropertyNotifySink@@3U_GUID@@BVCComDynamicUnkArray@ATL@@@ATL@@UAGJPAPAUIEnumConnections@@@Z 100028f2 f i Lights.obj
 0001:000018f2       ?EnumConnections@?$IConnectionPointImpl@VCOPOSLights@@$1?DIID__IOPOSLightsEvents@@3U_GUID@@BVCComDynamicUnkArray@ATL@@@ATL@@UAGJPAPAUIEnumConnections@@@Z 100028f2 f i Lights.obj
 0001:000019f8       ?GetObjectDescription@?$CComCoClass@VCOPOSLights@@$1?CLSID_OPOSLights@@3U_GUID@@B@ATL@@SGPB_WXZ 100029f8 f i Lights.obj
 0001:000019f8       ?GetCategoryMap@CComObjectRootBase@ATL@@SAPBU_ATL_CATMAP_ENTRY@2@XZ 100029f8 f i Lights.obj
 0001:000019fb       ?GetConnectionInterface@?$IConnectionPointImpl@VCOPOSLights@@$1?DIID__IOPOSLightsEvents@@3U_GUID@@BVCComDynamicUnkArray@ATL@@@ATL@@UAGJPAU_GUID@@@Z 100029fb f i Lights.obj
 0001:00001a1f       ?GetConnectionPointContainer@?$IConnectionPointImpl@VCOPOSLights@@$1?DIID__IOPOSLightsEvents@@3U_GUID@@BVCComDynamicUnkArray@ATL@@@ATL@@UAGJPAPAUIConnectionPointContainer@@@Z 10002a1f f i Lights.obj
 0001:00001a42       ?UpdateRegistry@COPOSLights@@SGJH@Z 10002a42 f i Lights.obj
 0001:00001a5a       ?ProcessWindowMessage@COPOSLights@@UAEHPAUHWND__@@IIJAAJK@Z 10002a5a f i Lights.obj
 0001:00001aa3       ?SODirectIO@COPOSLights@@MAGJJPAJPAPA_W@Z 10002aa3 f i Lights.obj
 0001:00001aec       ?SOStatusUpdate@COPOSLights@@MAGJJ@Z 10002aec f i Lights.obj
 0001:00001b25       ?Lock@CAtlModule@ATL@@UAEJXZ 10002b25 f i Lights.obj
 0001:00001b2f       ?Unlock@CAtlModule@ATL@@UAEJXZ 10002b2f f i Lights.obj
 0001:00001b39       ?GetLockCount@CAtlModule@ATL@@UAEJXZ 10002b39 f i Lights.obj
 0001:00001b3d       ?GetGITPtr@CAtlModule@ATL@@UAEJPAPAUIGlobalInterfaceTable@@@Z 10002b3d f i Lights.obj
 0001:00001b89       ?AddCommonRGSReplacements@?$CAtlModuleT@VCComModule@ATL@@@ATL@@UAEJPAUIRegistrarBase@@@Z 10002b89 f i Lights.obj
 0001:00001ba3       ?CreateInstance@?$CComCreator@V?$CComObjectCached@VCComClassFactory@ATL@@@ATL@@@ATL@@SGJPAXABU_GUID@@PAPAX@Z 10002ba3 f i Lights.obj
 0001:00001c4f       ?CreateInstance@?$CComCreator2@V?$CComCreator@V?$CComObject@VCOPOSLights@@@ATL@@@ATL@@V?$CComCreator@V?$CComAggObject@VCOPOSLights@@@ATL@@@2@@ATL@@SGJPAXABU_GUID@@PAPAX@Z 10002c4f f i Lights.obj
 0001:00001c6f       ?UpdateRegistryFromResourceD@CComModule@ATL@@UAGJIHPAU_ATL_REGMAP_ENTRY@2@@Z 10002c6f f i Lights.obj
 0001:00001c6f       ?UpdateRegistryFromResourceD@CComModule@ATL@@UAGJPB_WHPAU_ATL_REGMAP_ENTRY@2@@Z 10002c6f f i Lights.obj
 0001:00001c77       ?UpdateRegistryFromResource@CComModule@ATL@@UAGJPB_WHPAU_ATL_REGMAP_ENTRY@2@@Z 10002c77 f i Lights.obj
 0001:00001c80       ?UpdateRegistryFromResource@CComModule@ATL@@UAGJIHPAU_ATL_REGMAP_ENTRY@2@@Z 10002c80 f i Lights.obj
 0001:00001c89       ?AddRef@?$CComObjectCached@VCComClassFactory@ATL@@@ATL@@UAGKXZ 10002c89 f i Lights.obj
 0001:00001cb0       ?Release@?$CComObjectCached@VCComClassFactory@ATL@@@ATL@@UAGKXZ 10002cb0 f i Lights.obj
 0001:00001ce6       ?QueryInterface@?$CComObjectCached@VCComClassFactory@ATL@@@ATL@@UAGJABU_GUID@@PAPAX@Z 10002ce6 f i Lights.obj
 0001:00001d00       ??_G?$CComObjectCached@VCComClassFactory@ATL@@@ATL@@UAEPAXI@Z 10002d00 f i Lights.obj
 0001:00001d00       ??_E?$CComObjectCached@VCComClassFactory@ATL@@@ATL@@UAEPAXI@Z 10002d00 f i Lights.obj
 0001:00001d22       ??_GCComModule@ATL@@UAEPAXI@Z 10002d22 f i Lights.obj
 0001:00001d22       ??_ECComModule@ATL@@UAEPAXI@Z 10002d22 f i Lights.obj
 0001:00001d4a       ?Next@?$CComEnumImpl@UIEnumConnectionPoints@@$1?_GUID_b196b285_bab4_101a_b69c_00aa00341d07@@3U__s_GUID@@BPAUIConnectionPoint@@V?$_CopyInterface@UIConnectionPoint@@@ATL@@@ATL@@UAGJKPAPAUIConnectionPoint@@PAK@Z 10002d4a f i Lights.obj
 0001:00001e21       ?Skip@?$CComEnumImpl@UIEnumConnectionPoints@@$1?_GUID_b196b285_bab4_101a_b69c_00aa00341d07@@3U__s_GUID@@BPAUIConnectionPoint@@V?$_CopyInterface@UIConnectionPoint@@@ATL@@@ATL@@UAGJK@Z 10002e21 f i Lights.obj
 0001:00001e4e       ?Reset@?$CComEnumImpl@UIEnumConnectionPoints@@$1?_GUID_b196b285_bab4_101a_b69c_00aa00341d07@@3U__s_GUID@@BPAUIConnectionPoint@@V?$_CopyInterface@UIConnectionPoint@@@ATL@@@ATL@@UAGJXZ 10002e4e f i Lights.obj
 0001:00001e4e       ?Reset@?$CComEnumImpl@UIEnumConnections@@$1?_GUID_b196b287_bab4_101a_b69c_00aa00341d07@@3U__s_GUID@@BUtagCONNECTDATA@@V?$_Copy@UtagCONNECTDATA@@@ATL@@@ATL@@UAGJXZ 10002e4e f i Lights.obj
 0001:00001e60       ?Clone@?$CComEnumImpl@UIEnumConnectionPoints@@$1?_GUID_b196b285_bab4_101a_b69c_00aa00341d07@@3U__s_GUID@@BPAUIConnectionPoint@@V?$_CopyInterface@UIConnectionPoint@@@ATL@@@ATL@@UAGJPAPAUIEnumConnectionPoints@@@Z 10002e60 f i Lights.obj
 0001:00001f41       ?AddRef@?$CComObject@V?$CComEnum@UIEnumConnectionPoints@@$1?_GUID_b196b285_bab4_101a_b69c_00aa00341d07@@3U__s_GUID@@BPAUIConnectionPoint@@V?$_CopyInterface@UIConnectionPoint@@@ATL@@VCComSingleThreadModel@6@@ATL@@@ATL@@UAGKXZ 10002f41 f i Lights.obj
 0001:00001f41       ?AddRef@?$CComObject@V?$CComEnum@UIEnumConnections@@$1?_GUID_b196b287_bab4_101a_b69c_00aa00341d07@@3U__s_GUID@@BUtagCONNECTDATA@@V?$_Copy@UtagCONNECTDATA@@@ATL@@VCComSingleThreadModel@6@@ATL@@@ATL@@UAGKXZ 10002f41 f i Lights.obj
 0001:00001f52       ?Release@?$CComObject@V?$CComEnum@UIEnumConnections@@$1?_GUID_b196b287_bab4_101a_b69c_00aa00341d07@@3U__s_GUID@@BUtagCONNECTDATA@@V?$_Copy@UtagCONNECTDATA@@@ATL@@VCComSingleThreadModel@6@@ATL@@@ATL@@UAGKXZ 10002f52 f i Lights.obj
 0001:00001f52       ?Release@?$CComObject@V?$CComEnum@UIEnumConnectionPoints@@$1?_GUID_b196b285_bab4_101a_b69c_00aa00341d07@@3U__s_GUID@@BPAUIConnectionPoint@@V?$_CopyInterface@UIConnectionPoint@@@ATL@@VCComSingleThreadModel@6@@ATL@@@ATL@@UAGKXZ 10002f52 f i Lights.obj
 0001:00001f8e       ?QueryInterface@?$CComObject@V?$CComEnum@UIEnumConnectionPoints@@$1?_GUID_b196b285_bab4_101a_b69c_00aa00341d07@@3U__s_GUID@@BPAUIConnectionPoint@@V?$_CopyInterface@UIConnectionPoint@@@ATL@@VCComSingleThreadModel@6@@ATL@@@ATL@@UAGJABU_GUID@@PAPAX@Z 10002f8e f i Lights.obj
 0001:00001fa8       ??_E?$CComObject@V?$CComEnum@UIEnumConnectionPoints@@$1?_GUID_b196b285_bab4_101a_b69c_00aa00341d07@@3U__s_GUID@@BPAUIConnectionPoint@@V?$_CopyInterface@UIConnectionPoint@@@ATL@@VCComSingleThreadModel@6@@ATL@@@ATL@@UAEPAXI@Z 10002fa8 f i Lights.obj
 0001:00001fa8       ??_G?$CComObject@V?$CComEnum@UIEnumConnectionPoints@@$1?_GUID_b196b285_bab4_101a_b69c_00aa00341d07@@3U__s_GUID@@BPAUIConnectionPoint@@V?$_CopyInterface@UIConnectionPoint@@@ATL@@VCComSingleThreadModel@6@@ATL@@@ATL@@UAEPAXI@Z 10002fa8 f i Lights.obj
 0001:00001fca       ?AddRef@CRegObject@ATL@@UAGKXZ 10002fca f i Lights.obj
 0001:00001fd0       ?AddReplacement@CRegObject@ATL@@UAGJPB_W0@Z 10002fd0 f i Lights.obj
 0001:00002009       ?ClearReplacements@CRegObject@ATL@@UAGJXZ 10003009 f i Lights.obj
 0001:0000201b       ??_ECRegObject@ATL@@UAEPAXI@Z 1000301b f i Lights.obj
 0001:0000201b       ??_GCRegObject@ATL@@UAEPAXI@Z 1000301b f i Lights.obj
 0001:0000203d       ?AddRef@?$CComAggObject@VCOPOSLights@@@ATL@@UAGKXZ 1000303d f i Lights.obj
 0001:0000204e       ?Release@?$CComAggObject@VCOPOSLights@@@ATL@@UAGKXZ 1000304e f i Lights.obj
 0001:0000208a       ?QueryInterface@?$CComAggObject@VCOPOSLights@@@ATL@@UAGJABU_GUID@@PAPAX@Z 1000308a f i Lights.obj
 0001:000020d9       ?AddRef@?$CComContainedObject@VCOPOSLights@@@ATL@@UAGKXZ 100030d9 f i Lights.obj
 0001:000020ef       ?Release@?$CComContainedObject@VCOPOSLights@@@ATL@@UAGKXZ 100030ef f i Lights.obj
 0001:00002105       ?QueryInterface@?$CComContainedObject@VCOPOSLights@@@ATL@@UAGJABU_GUID@@PAPAX@Z 10003105 f i Lights.obj
 0001:00002120       ??_E?$CComAggObject@VCOPOSLights@@@ATL@@UAEPAXI@Z 10003120 f i Lights.obj
 0001:00002120       ??_G?$CComAggObject@VCOPOSLights@@@ATL@@UAEPAXI@Z 10003120 f i Lights.obj
 0001:00002145       ?AddRef@?$CComObject@VCOPOSLights@@@ATL@@UAGKXZ 10003145 f i Lights.obj
 0001:0000215c       ?Release@?$CComObject@VCOPOSLights@@@ATL@@UAGKXZ 1000315c f i Lights.obj
 0001:0000219e       ?QueryInterface@?$CComObject@VCOPOSLights@@@ATL@@UAGJABU_GUID@@PAPAX@Z 1000319e f i Lights.obj
 0001:000021b8       ?OnDrawAdvanced@CComControlBase@ATL@@UAEJAAUATL_DRAWINFO@@@Z 100031b8 f i Lights.obj
 0001:000022ab       ?Next@?$CComEnumImpl@UIEnumConnections@@$1?_GUID_b196b287_bab4_101a_b69c_00aa00341d07@@3U__s_GUID@@BUtagCONNECTDATA@@V?$_Copy@UtagCONNECTDATA@@@ATL@@@ATL@@UAGJKPAUtagCONNECTDATA@@PAK@Z 100032ab f i Lights.obj
 0001:00002382       ?Skip@?$CComEnumImpl@UIEnumConnections@@$1?_GUID_b196b287_bab4_101a_b69c_00aa00341d07@@3U__s_GUID@@BUtagCONNECTDATA@@V?$_Copy@UtagCONNECTDATA@@@ATL@@@ATL@@UAGJK@Z 10003382 f i Lights.obj
 0001:000023af       ?Clone@?$CComEnumImpl@UIEnumConnections@@$1?_GUID_b196b287_bab4_101a_b69c_00aa00341d07@@3U__s_GUID@@BUtagCONNECTDATA@@V?$_Copy@UtagCONNECTDATA@@@ATL@@@ATL@@UAGJPAPAUIEnumConnections@@@Z 100033af f i Lights.obj
 0001:00002490       ?QueryInterface@?$CComObject@V?$CComEnum@UIEnumConnections@@$1?_GUID_b196b287_bab4_101a_b69c_00aa00341d07@@3U__s_GUID@@BUtagCONNECTDATA@@V?$_Copy@UtagCONNECTDATA@@@ATL@@VCComSingleThreadModel@6@@ATL@@@ATL@@UAGJABU_GUID@@PAPAX@Z 10003490 f i Lights.obj
 0001:000024aa       ??_G?$CComObject@V?$CComEnum@UIEnumConnections@@$1?_GUID_b196b287_bab4_101a_b69c_00aa00341d07@@3U__s_GUID@@BUtagCONNECTDATA@@V?$_Copy@UtagCONNECTDATA@@@ATL@@VCComSingleThreadModel@6@@ATL@@@ATL@@UAEPAXI@Z 100034aa f i Lights.obj
 0001:000024aa       ??_E?$CComObject@V?$CComEnum@UIEnumConnections@@$1?_GUID_b196b287_bab4_101a_b69c_00aa00341d07@@3U__s_GUID@@BUtagCONNECTDATA@@V?$_Copy@UtagCONNECTDATA@@@ATL@@VCComSingleThreadModel@6@@ATL@@@ATL@@UAEPAXI@Z 100034aa f i Lights.obj
 0001:000024cc       ??_E?$CComObject@VCOPOSLights@@@ATL@@W3AEPAXI@Z 100034cc f i Lights.obj
 0001:000024d4       ??_E?$CComObject@VCOPOSLights@@@ATL@@WEM@AEPAXI@Z 100034d4 f i Lights.obj
 0001:000024dc       ?QueryInterface@?$CComObject@VCOPOSLights@@@ATL@@WHA@AGJABU_GUID@@PAPAX@Z 100034dc f i Lights.obj
 0001:000024e6       ?AddRef@?$CComObject@VCOPOSLights@@@ATL@@WHA@AGKXZ 100034e6 f i Lights.obj
 0001:000024f0       ?Release@?$CComObject@VCOPOSLights@@@ATL@@WHA@AGKXZ 100034f0 f i Lights.obj
 0001:000024fa       ?QueryInterface@?$CComObject@VCOPOSLights@@@ATL@@WHE@AGJABU_GUID@@PAPAX@Z 100034fa f i Lights.obj
 0001:00002504       ?AddRef@?$CComObject@VCOPOSLights@@@ATL@@WHE@AGKXZ 10003504 f i Lights.obj
 0001:0000250e       ?Release@?$CComObject@VCOPOSLights@@@ATL@@WHE@AGKXZ 1000350e f i Lights.obj
 0001:00002518       ?QueryInterface@?$CComObject@VCOPOSLights@@@ATL@@WHI@AGJABU_GUID@@PAPAX@Z 10003518 f i Lights.obj
 0001:00002522       ?AddRef@?$CComObject@VCOPOSLights@@@ATL@@WHI@AGKXZ 10003522 f i Lights.obj
 0001:0000252c       ?Release@?$CComObject@VCOPOSLights@@@ATL@@WHI@AGKXZ 1000352c f i Lights.obj
 0001:00002536       ?QueryInterface@?$CComObject@VCOPOSLights@@@ATL@@WHM@AGJABU_GUID@@PAPAX@Z 10003536 f i Lights.obj
 0001:00002540       ?AddRef@?$CComObject@VCOPOSLights@@@ATL@@WHM@AGKXZ 10003540 f i Lights.obj
 0001:0000254a       ?Release@?$CComObject@VCOPOSLights@@@ATL@@WHM@AGKXZ 1000354a f i Lights.obj
 0001:00002554       ?QueryInterface@?$CComObject@VCOPOSLights@@@ATL@@WIA@AGJABU_GUID@@PAPAX@Z 10003554 f i Lights.obj
 0001:00002561       ?AddRef@?$CComObject@VCOPOSLights@@@ATL@@WIA@AGKXZ 10003561 f i Lights.obj
 0001:0000256e       ?Release@?$CComObject@VCOPOSLights@@@ATL@@WIA@AGKXZ 1000356e f i Lights.obj
 0001:0000257b       ?QueryInterface@?$CComObject@VCOPOSLights@@@ATL@@WIE@AGJABU_GUID@@PAPAX@Z 1000357b f i Lights.obj
 0001:00002588       ?AddRef@?$CComObject@VCOPOSLights@@@ATL@@WIE@AGKXZ 10003588 f i Lights.obj
 0001:00002595       ?Release@?$CComObject@VCOPOSLights@@@ATL@@WIE@AGKXZ 10003595 f i Lights.obj
 0001:000025a2       ?QueryInterface@?$CComObject@VCOPOSLights@@@ATL@@WII@AGJABU_GUID@@PAPAX@Z 100035a2 f i Lights.obj
 0001:000025af       ?AddRef@?$CComObject@VCOPOSLights@@@ATL@@WII@AGKXZ 100035af f i Lights.obj
 0001:000025bc       ?Release@?$CComObject@VCOPOSLights@@@ATL@@WII@AGKXZ 100035bc f i Lights.obj
 0001:000025c9       ?QueryInterface@?$CComObject@VCOPOSLights@@@ATL@@WIM@AGJABU_GUID@@PAPAX@Z 100035c9 f i Lights.obj
 0001:000025d6       ?AddRef@?$CComObject@VCOPOSLights@@@ATL@@WIM@AGKXZ 100035d6 f i Lights.obj
 0001:000025e3       ?Release@?$CComObject@VCOPOSLights@@@ATL@@WIM@AGKXZ 100035e3 f i Lights.obj
 0001:000025f0       ?QueryInterface@?$CComObject@VCOPOSLights@@@ATL@@WJA@AGJABU_GUID@@PAPAX@Z 100035f0 f i Lights.obj
 0001:000025fd       ?AddRef@?$CComObject@VCOPOSLights@@@ATL@@WJA@AGKXZ 100035fd f i Lights.obj
 0001:0000260a       ?Release@?$CComObject@VCOPOSLights@@@ATL@@WJA@AGKXZ 1000360a f i Lights.obj
 0001:00002617       ?QueryInterface@?$CComObject@VCOPOSLights@@@ATL@@WJE@AGJABU_GUID@@PAPAX@Z 10003617 f i Lights.obj
 0001:00002624       ?AddRef@?$CComObject@VCOPOSLights@@@ATL@@WJE@AGKXZ 10003624 f i Lights.obj
 0001:00002631       ?Release@?$CComObject@VCOPOSLights@@@ATL@@WJE@AGKXZ 10003631 f i Lights.obj
 0001:0000263e       ?QueryInterface@?$CComObject@VCOPOSLights@@@ATL@@WJI@AGJABU_GUID@@PAPAX@Z 1000363e f i Lights.obj
 0001:0000264b       ?AddRef@?$CComObject@VCOPOSLights@@@ATL@@WJI@AGKXZ 1000364b f i Lights.obj
 0001:00002658       ?Release@?$CComObject@VCOPOSLights@@@ATL@@WJI@AGKXZ 10003658 f i Lights.obj
 0001:00002665       ?QueryInterface@?$CComObject@VCOPOSLights@@@ATL@@WJM@AGJABU_GUID@@PAPAX@Z 10003665 f i Lights.obj
 0001:00002672       ?AddRef@?$CComObject@VCOPOSLights@@@ATL@@WJM@AGKXZ 10003672 f i Lights.obj
 0001:0000267f       ?Release@?$CComObject@VCOPOSLights@@@ATL@@WJM@AGKXZ 1000367f f i Lights.obj
 0001:0000268c       ?QueryInterface@?$CComObject@VCOPOSLights@@@ATL@@WKA@AGJABU_GUID@@PAPAX@Z 1000368c f i Lights.obj
 0001:00002699       ?AddRef@?$CComObject@VCOPOSLights@@@ATL@@WKA@AGKXZ 10003699 f i Lights.obj
 0001:000026a6       ?Release@?$CComObject@VCOPOSLights@@@ATL@@WKA@AGKXZ 100036a6 f i Lights.obj
 0001:000026b3       ?AddRef@?$CComObject@VCOPOSLights@@@ATL@@WKI@AGKXZ 100036b3 f i Lights.obj
 0001:000026c0       ?Release@?$CComObject@VCOPOSLights@@@ATL@@WKI@AGKXZ 100036c0 f i Lights.obj
 0001:000026cd       ?AddRef@?$CComObject@VCOPOSLights@@@ATL@@WLE@AGKXZ 100036cd f i Lights.obj
 0001:000026da       ?Release@?$CComObject@VCOPOSLights@@@ATL@@WLE@AGKXZ 100036da f i Lights.obj
 0001:000026e7       ??_E?$CComContainedObject@VCOPOSLights@@@ATL@@W3AEPAXI@Z 100036e7 f i Lights.obj
 0001:000026ef       ??_E?$CComContainedObject@VCOPOSLights@@@ATL@@WEM@AEPAXI@Z 100036ef f i Lights.obj
 0001:000026f7       ?QueryInterface@?$CComContainedObject@VCOPOSLights@@@ATL@@WHA@AGJABU_GUID@@PAPAX@Z 100036f7 f i Lights.obj
 0001:00002701       ?AddRef@?$CComContainedObject@VCOPOSLights@@@ATL@@WHA@AGKXZ 10003701 f i Lights.obj
 0001:0000270b       ?Release@?$CComContainedObject@VCOPOSLights@@@ATL@@WHA@AGKXZ 1000370b f i Lights.obj
 0001:00002715       ?QueryInterface@?$CComContainedObject@VCOPOSLights@@@ATL@@WHE@AGJABU_GUID@@PAPAX@Z 10003715 f i Lights.obj
 0001:0000271f       ?AddRef@?$CComContainedObject@VCOPOSLights@@@ATL@@WHE@AGKXZ 1000371f f i Lights.obj
 0001:00002729       ?Release@?$CComContainedObject@VCOPOSLights@@@ATL@@WHE@AGKXZ 10003729 f i Lights.obj
 0001:00002733       ?QueryInterface@?$CComContainedObject@VCOPOSLights@@@ATL@@WHI@AGJABU_GUID@@PAPAX@Z 10003733 f i Lights.obj
 0001:0000273d       ?AddRef@?$CComContainedObject@VCOPOSLights@@@ATL@@WHI@AGKXZ 1000373d f i Lights.obj
 0001:00002747       ?Release@?$CComContainedObject@VCOPOSLights@@@ATL@@WHI@AGKXZ 10003747 f i Lights.obj
 0001:00002751       ?QueryInterface@?$CComContainedObject@VCOPOSLights@@@ATL@@WHM@AGJABU_GUID@@PAPAX@Z 10003751 f i Lights.obj
 0001:0000275b       ?AddRef@?$CComContainedObject@VCOPOSLights@@@ATL@@WHM@AGKXZ 1000375b f i Lights.obj
 0001:00002765       ?Release@?$CComContainedObject@VCOPOSLights@@@ATL@@WHM@AGKXZ 10003765 f i Lights.obj
 0001:0000276f       ?QueryInterface@?$CComContainedObject@VCOPOSLights@@@ATL@@WIA@AGJABU_GUID@@PAPAX@Z 1000376f f i Lights.obj
 0001:0000277c       ?AddRef@?$CComContainedObject@VCOPOSLights@@@ATL@@WIA@AGKXZ 1000377c f i Lights.obj
 0001:00002789       ?Release@?$CComContainedObject@VCOPOSLights@@@ATL@@WIA@AGKXZ 10003789 f i Lights.obj
 0001:00002796       ?QueryInterface@?$CComContainedObject@VCOPOSLights@@@ATL@@WIE@AGJABU_GUID@@PAPAX@Z 10003796 f i Lights.obj
 0001:000027a3       ?AddRef@?$CComContainedObject@VCOPOSLights@@@ATL@@WIE@AGKXZ 100037a3 f i Lights.obj
 0001:000027b0       ?Release@?$CComContainedObject@VCOPOSLights@@@ATL@@WIE@AGKXZ 100037b0 f i Lights.obj
 0001:000027bd       ?QueryInterface@?$CComContainedObject@VCOPOSLights@@@ATL@@WII@AGJABU_GUID@@PAPAX@Z 100037bd f i Lights.obj
 0001:000027ca       ?AddRef@?$CComContainedObject@VCOPOSLights@@@ATL@@WII@AGKXZ 100037ca f i Lights.obj
 0001:000027d7       ?Release@?$CComContainedObject@VCOPOSLights@@@ATL@@WII@AGKXZ 100037d7 f i Lights.obj
 0001:000027e4       ?QueryInterface@?$CComContainedObject@VCOPOSLights@@@ATL@@WIM@AGJABU_GUID@@PAPAX@Z 100037e4 f i Lights.obj
 0001:000027f1       ?AddRef@?$CComContainedObject@VCOPOSLights@@@ATL@@WIM@AGKXZ 100037f1 f i Lights.obj
 0001:000027fe       ?Release@?$CComContainedObject@VCOPOSLights@@@ATL@@WIM@AGKXZ 100037fe f i Lights.obj
 0001:0000280b       ?QueryInterface@?$CComContainedObject@VCOPOSLights@@@ATL@@WJA@AGJABU_GUID@@PAPAX@Z 1000380b f i Lights.obj
 0001:00002818       ?AddRef@?$CComContainedObject@VCOPOSLights@@@ATL@@WJA@AGKXZ 10003818 f i Lights.obj
 0001:00002825       ?Release@?$CComContainedObject@VCOPOSLights@@@ATL@@WJA@AGKXZ 10003825 f i Lights.obj
 0001:00002832       ?QueryInterface@?$CComContainedObject@VCOPOSLights@@@ATL@@WJE@AGJABU_GUID@@PAPAX@Z 10003832 f i Lights.obj
 0001:0000283f       ?AddRef@?$CComContainedObject@VCOPOSLights@@@ATL@@WJE@AGKXZ 1000383f f i Lights.obj
 0001:0000284c       ?Release@?$CComContainedObject@VCOPOSLights@@@ATL@@WJE@AGKXZ 1000384c f i Lights.obj
 0001:00002859       ?QueryInterface@?$CComContainedObject@VCOPOSLights@@@ATL@@WJI@AGJABU_GUID@@PAPAX@Z 10003859 f i Lights.obj
 0001:00002866       ?AddRef@?$CComContainedObject@VCOPOSLights@@@ATL@@WJI@AGKXZ 10003866 f i Lights.obj
 0001:00002873       ?Release@?$CComContainedObject@VCOPOSLights@@@ATL@@WJI@AGKXZ 10003873 f i Lights.obj
 0001:00002880       ?QueryInterface@?$CComContainedObject@VCOPOSLights@@@ATL@@WJM@AGJABU_GUID@@PAPAX@Z 10003880 f i Lights.obj
 0001:0000288d       ?AddRef@?$CComContainedObject@VCOPOSLights@@@ATL@@WJM@AGKXZ 1000388d f i Lights.obj
 0001:0000289a       ?Release@?$CComContainedObject@VCOPOSLights@@@ATL@@WJM@AGKXZ 1000389a f i Lights.obj
 0001:000028a7       ?QueryInterface@?$CComContainedObject@VCOPOSLights@@@ATL@@WKA@AGJABU_GUID@@PAPAX@Z 100038a7 f i Lights.obj
 0001:000028b4       ?AddRef@?$CComContainedObject@VCOPOSLights@@@ATL@@WKA@AGKXZ 100038b4 f i Lights.obj
 0001:000028c1       ?Release@?$CComContainedObject@VCOPOSLights@@@ATL@@WKA@AGKXZ 100038c1 f i Lights.obj
 0001:000028ce       ?AddRef@?$CComContainedObject@VCOPOSLights@@@ATL@@WKI@AGKXZ 100038ce f i Lights.obj
 0001:000028db       ?Release@?$CComContainedObject@VCOPOSLights@@@ATL@@WKI@AGKXZ 100038db f i Lights.obj
 0001:000028e8       ?AddRef@?$CComContainedObject@VCOPOSLights@@@ATL@@WLE@AGKXZ 100038e8 f i Lights.obj
 0001:000028f5       ?Release@?$CComContainedObject@VCOPOSLights@@@ATL@@WLE@AGKXZ 100038f5 f i Lights.obj
 0001:00002902       ??$?4UITypeInfo2@@@?$CComPtr@UITypeInfo@@@ATL@@QAEPAUITypeInfo@@ABV?$CComPtr@UITypeInfo2@@@1@@Z 10003902 f i Lights.obj
 0001:0000292f       ??$AtlAdd@K@ATL@@YAJPAKKK@Z 1000392f f i Lights.obj
 0001:00002952       ??$AtlAdd@_K@ATL@@YAJPA_K_K1@Z 10003952 f i Lights.obj
 0001:0000298a       ??$AtlAddThrow@K@ATL@@YAKKK@Z 1000398a f i Lights.obj
 0001:000029b0       ??$AtlModuleRegisterWndClassInfoT@VAtlModuleRegisterWndClassInfoParamW@ATL@@@ATL@@YAGPAU_ATL_BASE_MODULE70@0@PAU_ATL_WIN_MODULE70@0@PAU_ATL_WNDCLASSINFOW@0@PAP6GJPAUHWND__@@IIJ@ZVAtlModuleRegisterWndClassInfoParamW@0@@Z 100039b0 f i Lights.obj
 0001:00002afe       ??$AtlMultiply@H@ATL@@YAJPAHHH@Z 10003afe f i Lights.obj
 0001:00002b36       ??$AtlMultiply@K@ATL@@YAJPAKKK@Z 10003b36 f i Lights.obj
 0001:00002b36       ??$AtlMultiply@I@ATL@@YAJPAIII@Z 10003b36 f i Lights.obj
 0001:00002b58       ??$AtlMultiplyThrow@I@ATL@@YAIII@Z 10003b58 f i Lights.obj
 0001:00002b7e       ??0?$CComAggObject@VCOPOSLights@@@ATL@@QAE@PAX@Z 10003b7e f i Lights.obj
 0001:00002bab       ??0?$CComContainedObject@VCOPOSLights@@@ATL@@QAE@PAX@Z 10003bab f i Lights.obj
 0001:00002c64       ??0?$CComObject@V?$CComEnum@UIEnumConnectionPoints@@$1?_GUID_b196b285_bab4_101a_b69c_00aa00341d07@@3U__s_GUID@@BPAUIConnectionPoint@@V?$_CopyInterface@UIConnectionPoint@@@ATL@@VCComSingleThreadModel@6@@ATL@@@ATL@@QAE@PAX@Z 10003c64 f i Lights.obj
 0001:00002c92       ??0?$CComObject@V?$CComEnum@UIEnumConnections@@$1?_GUID_b196b287_bab4_101a_b69c_00aa00341d07@@3U__s_GUID@@BUtagCONNECTDATA@@V?$_Copy@UtagCONNECTDATA@@@ATL@@VCComSingleThreadModel@6@@ATL@@@ATL@@QAE@PAX@Z 10003c92 f i Lights.obj
 0001:00002cc0       ??0?$CComObject@VCOPOSLights@@@ATL@@QAE@PAX@Z 10003cc0 f i Lights.obj
 0001:00002d77       ??0?$CComQIPtr@UIOleControlSite@@$1?_GUID_b196b289_bab4_101a_b69c_00aa00341d07@@3U__s_GUID@@B@ATL@@QAE@PAUIUnknown@@@Z 10003d77 f i Lights.obj
 0001:00002da0       ??0CAtlModule@ATL@@QAE@XZ  10003da0 f i Lights.obj
 0001:00002de1       ??0CParseBuffer@CRegParser@ATL@@QAE@H@Z 10003de1 f i Lights.obj
 0001:00002e17       ??0_ATL_MSG@ATL@@QAE@PAUHWND__@@IIJH@Z 10003e17 f i Lights.obj
 0001:00002e4f       ??1?$CComAggObject@VCOPOSLights@@@ATL@@UAE@XZ 10003e4f f i Lights.obj
 0001:00002e73       ??1?$CComEnumImpl@UIEnumConnectionPoints@@$1?_GUID_b196b285_bab4_101a_b69c_00aa00341d07@@3U__s_GUID@@BPAUIConnectionPoint@@V?$_CopyInterface@UIConnectionPoint@@@ATL@@@ATL@@UAE@XZ 10003e73 f i Lights.obj
 0001:00002eb3       ??1?$CComEnumImpl@UIEnumConnections@@$1?_GUID_b196b287_bab4_101a_b69c_00aa00341d07@@3U__s_GUID@@BUtagCONNECTDATA@@V?$_Copy@UtagCONNECTDATA@@@ATL@@@ATL@@UAE@XZ 10003eb3 f i Lights.obj
 0001:00002ef3       ??1?$CComObject@V?$CComEnum@UIEnumConnectionPoints@@$1?_GUID_b196b285_bab4_101a_b69c_00aa00341d07@@3U__s_GUID@@BPAUIConnectionPoint@@V?$_CopyInterface@UIConnectionPoint@@@ATL@@VCComSingleThreadModel@6@@ATL@@@ATL@@UAE@XZ 10003ef3 f i Lights.obj
 0001:00002f16       ??1?$CComObject@V?$CComEnum@UIEnumConnections@@$1?_GUID_b196b287_bab4_101a_b69c_00aa00341d07@@3U__s_GUID@@BUtagCONNECTDATA@@V?$_Copy@UtagCONNECTDATA@@@ATL@@VCComSingleThreadModel@6@@ATL@@@ATL@@UAE@XZ 10003f16 f i Lights.obj
 0001:00002f39       ??1?$CComObject@VCOPOSLights@@@ATL@@UAE@XZ 10003f39 f i Lights.obj
 0001:00002ff7       ??1?$CComObjectCached@VCComClassFactory@ATL@@@ATL@@UAE@XZ 10003ff7 f i Lights.obj
 0001:0000300d       ??1?$CComObjectRootEx@VCComMultiThreadModel@ATL@@@ATL@@QAE@XZ 1000400d f i Lights.obj
 0001:00003022       ??1CRegObject@ATL@@UAE@XZ  10004022 f i Lights.obj
 0001:00003042       ??4?$CComPtr@UIOleClientSite@@@ATL@@QAEPAUIOleClientSite@@PAU2@@Z 10004042 f i Lights.obj
 0001:00003042       ??4?$CComPtr@UIUnknown@@@ATL@@QAEPAUIUnknown@@PAU2@@Z 10004042 f i Lights.obj
 0001:00003042       ??4?$CComPtr@UIAdviseSink@@@ATL@@QAEPAUIAdviseSink@@PAU2@@Z 10004042 f i Lights.obj
 0001:00003076       ??_E?$CComContainedObject@VCOPOSLights@@@ATL@@UAEPAXI@Z 10004076 f i Lights.obj
 0001:00003076       ??_G?$CComContainedObject@VCOPOSLights@@@ATL@@UAEPAXI@Z 10004076 f i Lights.obj
 0001:0000309b       ??_E?$CComObject@VCOPOSLights@@@ATL@@UAEPAXI@Z 1000409b f i Lights.obj
 0001:0000309b       ??_G?$CComObject@VCOPOSLights@@@ATL@@UAEPAXI@Z 1000409b f i Lights.obj
 0001:000030c0       ?Add@?$CSimpleArray@GV?$CSimpleArrayEqualHelper@G@ATL@@@ATL@@QAEHABG@Z 100040c0 f i Lights.obj
 0001:00003144       ?Add@?$CSimpleMap@PA_WPA_WVCExpansionVectorEqualHelper@ATL@@@ATL@@QAEHABQA_W0@Z 10004144 f i Lights.obj
 0001:00003199       ?Add@CComDynamicUnkArray@ATL@@QAEKPAUIUnknown@@@Z 10004199 f i Lights.obj
 0001:0000324f       ?Add@CExpansionVector@ATL@@QAEHPB_W0@Z 1000424f f i Lights.obj
 0001:00003358       ?AddString@CParseBuffer@CRegParser@ATL@@QAEHPB_W@Z 10004358 f i Lights.obj
 0001:0000338d       ?AddTermFunc@CAtlModule@ATL@@QAEJP6GXK@ZK@Z 1000438d f i Lights.obj
 0001:000033f0       ?AddValue@CRegParser@ATL@@IAEJAAVCRegKey@2@PB_WPA_W@Z 100043f0 f i Lights.obj
 0001:0000370a       ?Allocate@?$CAtlSafeAllocBufferManager@VCCRTAllocator@ATL@@@_ATL_SAFE_ALLOCA_IMPL@ATL@@QAEPAXK@Z 1000470a f i Lights.obj
 0001:00003737       ?Allocate@?$CTempBuffer@E$0BAA@VCCRTAllocator@ATL@@@ATL@@QAEPAEI@Z 10004737 f i Lights.obj
 0001:00003766       ?Allocate@?$CTempBuffer@_W$0BAA@VCCRTAllocator@ATL@@@ATL@@QAEPA_WI@Z 10004766 f i Lights.obj
 0001:00003795       ?Allocate@?$CTempBuffer@_W$0EAA@VCCRTAllocator@ATL@@@ATL@@QAEPA_WI@Z 10004795 f i Lights.obj
 0001:000037c4       ?AllocateHeap@?$CTempBuffer@E$0BAA@VCCRTAllocator@ATL@@@ATL@@AAEXI@Z 100047c4 f i Lights.obj
 0001:000037c4       ?AllocateHeap@?$CTempBuffer@_W$0BAA@VCCRTAllocator@ATL@@@ATL@@AAEXI@Z 100047c4 f i Lights.obj
 0001:000037c4       ?AllocateHeap@?$CTempBuffer@_W$0EAA@VCCRTAllocator@ATL@@@ATL@@AAEXI@Z 100047c4 f i Lights.obj
 0001:000037e9       ?Append@CParseBuffer@CRegParser@ATL@@QAEHPB_WH@Z 100047e9 f i Lights.obj
 0001:00003877       ?AtlCoTaskMemCAlloc@ATL@@YAPAXKK@Z 10004877 f i Lights.obj
 0001:000038a4       ?AtlCoTaskMemRecalloc@ATL@@YAPAXPAXKK@Z 100048a4 f i Lights.obj
 0001:000038d4       ?AtlComModuleGetClassObject@ATL@@YGJPAU_ATL_COM_MODULE70@1@ABU_GUID@@1PAPAX@Z 100048d4 f i Lights.obj
 0001:000039c7       ?AtlComModuleRegisterServer@ATL@@YGJPAU_ATL_COM_MODULE70@1@HPBU_GUID@@@Z 100049c7 f i Lights.obj
 0001:00003a4f       ?AtlComModuleUnregisterServer@ATL@@YGJPAU_ATL_COM_MODULE70@1@HPBU_GUID@@@Z 10004a4f f i Lights.obj
 0001:00003ad7       ?AtlComQIPtrAssign2@ATL@@YAXPAPAUIUnknown@@PAU2@ABU_GUID@@@Z 10004ad7 f i Lights.obj
 0001:00003b06       ?AtlCreateTargetDC@ATL@@YGPAUHDC__@@PAU2@PAUtagDVTARGETDEVICE@@@Z 10004b06 f i Lights.obj
 0001:00003b6f       ?AtlCrtErrorCheck@ATL@@YAHH@Z 10004b6f f i Lights.obj
 0001:00003baa       ?AtlHiMetricToPixel@ATL@@YGXPBUtagSIZE@@PAU2@@Z 10004baa f i Lights.obj
 0001:00003c1f       ?AtlHresultFromLastError@ATL@@YAJXZ 10004c1f f i Lights.obj
 0001:00003c36       ?AtlHresultFromWin32@ATL@@YAJK@Z 10004c36 f i Lights.obj
 0001:00003c4b       ?AtlInternalOleLoadFromStream@ATL@@YAJPAUIStream@@ABU_GUID@@PAPAXTClassesAllowedInStream@1@K@Z 10004c4b f i Lights.obj
 0001:00003d71       ?AtlInternalQueryInterface@ATL@@YGJPAXPBU_ATL_INTMAP_ENTRY@1@ABU_GUID@@PAPAX@Z 10004d71 f i Lights.obj
 0001:00003e14       ?AtlLoadTypeLib@ATL@@YGJPAUHINSTANCE__@@PB_WPAPA_WPAPAUITypeLib@@@Z 10004e14 f i Lights.obj
 0001:00003ff2       ?AtlRegisterClassCategoriesHelper@ATL@@YGJABU_GUID@@PBU_ATL_CATMAP_ENTRY@1@H@Z 10004ff2 f i Lights.obj
 0001:000042ee       ?AtlRegisterTypeLib@ATL@@YGJPAUHINSTANCE__@@PB_W@Z 100052ee f i Lights.obj
 0001:00004476       ?AtlThrowImpl@ATL@@YGXJ@Z  10005476 f i Lights.obj
 0001:00004494       ?AtlUnRegisterTypeLib@ATL@@YGJPAUHINSTANCE__@@PB_W@Z 10005494 f i Lights.obj
 0001:0000453f       ?AtlWinModuleAddCreateWndData@ATL@@YGXPAU_ATL_WIN_MODULE70@1@PAU_AtlCreateWndData@1@PAX@Z 1000553f f i Lights.obj
 0001:00004593       ?AtlWinModuleExtractCreateWndData@ATL@@YGPAXPAU_ATL_WIN_MODULE70@1@@Z 10005593 f i Lights.obj
 0001:000045f6       ?AtlWinModuleRegisterClassExW@ATL@@YGGPAU_ATL_WIN_MODULE70@1@PBUtagWNDCLASSEXW@@@Z 100055f6 f i Lights.obj
 0001:00004635       ?CanForceRemoveKey@CRegParser@ATL@@IAEHPB_W@Z 10005635 f i Lights.obj
 0001:00004664       ?ChToByte@CRegParser@ATL@@KAE_W@Z 10005664 f i Lights.obj
 0001:00004697       ?Cleanup@CComTypeInfoHolder@ATL@@SGXK@Z 10005697 f i Lights.obj
 0001:000046ca       ?ClearReplacements@CExpansionVector@ATL@@QAEJXZ 100056ca f i Lights.obj
 0001:00004707       ?Close@CRegKey@ATL@@QAEJXZ 10005707 f i Lights.obj
 0001:00004721       ?CreateInstance@?$CComCreator@V?$CComAggObject@VCOPOSLights@@@ATL@@@ATL@@SGJPAXABU_GUID@@PAPAX@Z 10005721 f i Lights.obj
 0001:00004797       ?CreateInstance@?$CComCreator@V?$CComObject@VCOPOSLights@@@ATL@@@ATL@@SGJPAXABU_GUID@@PAPAX@Z 10005797 f i Lights.obj
 0001:00004818       ?CreateInstance@?$CComObject@V?$CComEnum@UIEnumConnectionPoints@@$1?_GUID_b196b285_bab4_101a_b69c_00aa00341d07@@3U__s_GUID@@BPAUIConnectionPoint@@V?$_CopyInterface@UIConnectionPoint@@@ATL@@VCComSingleThreadModel@6@@ATL@@@ATL@@SGJPAPAV12@@Z 10005818 f i Lights.obj
 0001:0000485f       ?CreateInstance@?$CComObject@V?$CComEnum@UIEnumConnections@@$1?_GUID_b196b287_bab4_101a_b69c_00aa00341d07@@3U__s_GUID@@BUtagCONNECTDATA@@V?$_Copy@UtagCONNECTDATA@@@ATL@@VCComSingleThreadModel@6@@ATL@@@ATL@@SGJPAPAV12@@Z 1000585f f i Lights.obj
 0001:000048a6       ?DefaultReflectionHandler@?$CWindowImplRoot@VCWindow@ATL@@@ATL@@SAHPAUHWND__@@IIJAAJ@Z 100058a6 f i Lights.obj
 0001:00004919       ?DeleteSubKey@CRegKey@ATL@@QAEJPB_W@Z 10005919 f i Lights.obj
 0001:00004992       ?DoEvent@COPOSLights@@IAEXIIJ@Z 10005992 f i Lights.obj
 0001:00004a12       ?DoVerbHide@?$IOleObjectImpl@VCOPOSLights@@@ATL@@QAEJPBUtagRECT@@PAUHWND__@@@Z 10005a12 f i Lights.obj
 0001:00004a48       ?DoVerbInPlaceActivate@?$IOleObjectImpl@VCOPOSLights@@@ATL@@QAEJPBUtagRECT@@PAUHWND__@@@Z 10005a48 f i Lights.obj
 0001:00004a7b       ?DoVerbPrimary@?$IOleObjectImpl@VCOPOSLights@@@ATL@@QAEJPBUtagRECT@@PAUHWND__@@@Z 10005a7b f i Lights.obj
 0001:00004b07       ?DoVerbProperties@CComControlBase@ATL@@QAEJPBUtagRECT@@PAUHWND__@@@Z 10005b07 f i Lights.obj
 0001:00004c86       ?DoVerbUIActivate@?$IOleObjectImpl@VCOPOSLights@@@ATL@@QAEJPBUtagRECT@@PAUHWND__@@@Z 10005c86 f i Lights.obj
 0001:00004cc3       ?DoesVerbActivate@CComControlBase@ATL@@QAEHJ@Z 10005cc3 f i Lights.obj
 0001:00004ce4       ?DoesVerbUIActivate@CComControlBase@ATL@@QAEHJ@Z 10005ce4 f i Lights.obj
 0001:00004d19       ?EndOfVar@CRegParser@ATL@@IAEHXZ 10005d19 f i Lights.obj
 0001:00004d39       ?EscapeSingleQuote@CAtlModule@ATL@@SAXPA_WIPB_W@Z 10005d39 f i Lights.obj
 0001:00004d88       ?FindKey@?$CSimpleMap@PA_WPA_WVCExpansionVectorEqualHelper@ATL@@@ATL@@QBEHABQA_W@Z 10005d88 f i Lights.obj
 0001:00004dbf       ?FireTheEvent@?$CProxy_IOPOSEvents@VCOPOSLights@@@@IAEXPAVOposVariant@@IAAJPB_WJ@Z 10005dbf f i Lights.obj
 0001:00004e51       ?FireViewChange@CComControlBase@ATL@@QAEJXZ 10005e51 f i Lights.obj
 0001:00004e9a       ?Fire_DirectIOEvent@?$CProxy_IOPOSEvents@VCOPOSLights@@@@QAEXJPAJPAPA_W@Z 10005e9a f i Lights.obj
 0001:00004f83       ?Fire_StatusUpdateEvent@?$CProxy_IOPOSEvents@VCOPOSLights@@@@QAEXJ@Z 10005f83 f i Lights.obj
 0001:00005016       ?FreeHeap@?$CTempBuffer@E$0BAA@VCCRTAllocator@ATL@@@ATL@@AAEXXZ 10006016 f i Lights.obj
 0001:00005016       ?FreeHeap@?$CTempBuffer@_W$0BAA@VCCRTAllocator@ATL@@@ATL@@AAEXXZ 10006016 f i Lights.obj
 0001:00005016       ?FreeHeap@?$CTempBuffer@_W$0EAA@VCCRTAllocator@ATL@@@ATL@@AAEXXZ 10006016 f i Lights.obj
 0001:0000501f       ?GetAmbientLocaleID@CComControlBase@ATL@@QAEJAAK@Z 1000601f f i Lights.obj
 0001:0000507b       ?GetAmbientUserMode@CComControlBase@ATL@@QAEJAAH@Z 1000607b f i Lights.obj
 0001:000050eb       ?GetAt@CComDynamicUnkArray@ATL@@QAEPAUIUnknown@@H@Z 100060eb f i Lights.obj
 0001:00005107       ?GetClassObject@CComModule@ATL@@QAEJABU_GUID@@0PAPAX@Z 10006107 f i Lights.obj
 0001:000051a9       ?GetConnMap@COPOSLights@@SAPBU_ATL_CONNMAP_ENTRY@ATL@@PAH@Z 100061a9 f i Lights.obj
 0001:00005219       ?GetCookie@CComDynamicUnkArray@ATL@@QAGKPAPAUIUnknown@@@Z 10006219 f i Lights.obj
 0001:00005251       ?GetIDsOfNames@CComTypeInfoHolder@ATL@@QAEJABU_GUID@@PAPA_WIKPAJ@Z 10006251 f i Lights.obj
 0001:00005378       ?GetKeyAt@?$CSimpleMap@PA_WPA_WVCExpansionVectorEqualHelper@ATL@@@ATL@@QBEAAPA_WH@Z 10006378 f i Lights.obj
 0001:0000539d       ?GetPagesHelper@?$ISpecifyPropertyPagesImpl@VCOPOSLights@@@ATL@@IAEJPAUtagCAUUID@@PBUATL_PROPMAP_ENTRY@2@@Z 1000639d f i Lights.obj
 0001:000054c4       ?GetProperty@?$CComPtr@UIDispatch@@@ATL@@SAJPAUIDispatch@@JPAUtagVARIANT@@@Z 100064c4 f i Lights.obj
 0001:00005513       ?GetSizeMax@CComVariant@ATL@@QBEJPAT_ULARGE_INTEGER@@@Z 10006513 f i Lights.obj
 0001:000056d9       ?GetTI@CComTypeInfoHolder@ATL@@QAEJK@Z 100066d9 f i Lights.obj
 0001:000058b8       ?GetTI@CComTypeInfoHolder@ATL@@QAEJKPAPAUITypeInfo@@@Z 100068b8 f i Lights.obj
 0001:000058fa       ?GetUnknown@CComDynamicUnkArray@ATL@@QAGPAUIUnknown@@K@Z 100068fa f i Lights.obj
 0001:0000591b       ?GetValueAt@?$CSimpleMap@PA_WPA_WVCExpansionVectorEqualHelper@ATL@@@ATL@@QBEAAPA_WH@Z 1000691b f i Lights.obj
 0001:00005941       ?GetZoomInfo@CComControlBase@ATL@@QAEXAAUATL_DRAWINFO@@@Z 10006941 f i Lights.obj
 0001:000059d4       ?HKeyFromString@CRegParser@ATL@@KAPAUHKEY__@@PA_W@Z 100069d4 f i Lights.obj
 0001:00005a02       ?HasSubKeys@CRegParser@ATL@@IAEHPAUHKEY__@@@Z 10006a02 f i Lights.obj
 0001:00005a37       ?IDataObject_GetData@CComControlBase@ATL@@QAEJPAUtagFORMATETC@@PAUtagSTGMEDIUM@@@Z 10006a37 f i Lights.obj
 0001:00005bdd       ?IOleInPlaceObject_InPlaceDeactivate@CComControlBase@ATL@@QAEJXZ 10006bdd f i Lights.obj
 0001:00005c64       ?IOleInPlaceObject_SetObjectRects@CComControlBase@ATL@@QAEJPBUtagRECT@@0@Z 10006c64 f i Lights.obj
 0001:00005d31       ?IOleInPlaceObject_UIDeactivate@CComControlBase@ATL@@QAEJXZ 10006d31 f i Lights.obj
 0001:00005df3       ?IOleObject_Advise@CComControlBase@ATL@@QAEJPAUIAdviseSink@@PAK@Z 10006df3 f i Lights.obj
 0001:00005e1d       ?IOleObject_Close@CComControlBase@ATL@@QAEJK@Z 10006e1d f i Lights.obj
 0001:00005f01       ?IOleObject_GetClientSite@CComControlBase@ATL@@QAEJPAPAUIOleClientSite@@@Z 10006f01 f i Lights.obj
 0001:00005f2a       ?IOleObject_SetClientSite@CComControlBase@ATL@@QAEJPAUIOleClientSite@@@Z 10006f2a f i Lights.obj
 0001:00005f69       ?IOleObject_SetExtent@CComControlBase@ATL@@QAEJKPAUtagSIZE@@@Z 10006f69 f i Lights.obj
 0001:0000601d       ?IPSI_GetIPersistStreamInit@?$IPersistStorageImpl@VCOPOSLights@@@ATL@@AAEPAUIPersistStreamInit@@XZ 1000701d f i Lights.obj
 0001:000060c5       ?IPersistStreamInit_Load@?$IPersistStreamInitImpl@VCOPOSLights@@@ATL@@QAEJPAUIStream@@PBUATL_PROPMAP_ENTRY@2@@Z 100070c5 f i Lights.obj
 0001:00006341       ?IPersistStreamInit_Save@?$IPersistStreamInitImpl@VCOPOSLights@@@ATL@@QAEJPAUIStream@@HPBUATL_PROPMAP_ENTRY@2@@Z 10007341 f i Lights.obj
 0001:0000652f       ?IQuickActivate_QuickActivate@CComControlBase@ATL@@QAEJPAUtagQACONTAINER@@PAUtagQACONTROL@@@Z 1000752f f i Lights.obj
 0001:00006771       ?IViewObject_Draw@CComControlBase@ATL@@QAEJKJPAXPAUtagDVTARGETDEVICE@@PAUHDC__@@2PBU_RECTL@@3@Z 10007771 f i Lights.obj
 0001:00006819       ?InPlaceActivate@CComControlBase@ATL@@QAEJJPBUtagRECT@@@Z 10007819 f i Lights.obj
 0001:00006a8a       ?Init@?$CComEnumImpl@UIEnumConnectionPoints@@$1?_GUID_b196b285_bab4_101a_b69c_00aa00341d07@@3U__s_GUID@@BPAUIConnectionPoint@@V?$_CopyInterface@UIConnectionPoint@@@ATL@@@ATL@@QAEJPAPAUIConnectionPoint@@0PAUIUnknown@@W4CComEnumFlags@2@@Z 10007a8a f i Lights.obj
 0001:00006b69       ?Init@?$CComEnumImpl@UIEnumConnections@@$1?_GUID_b196b287_bab4_101a_b69c_00aa00341d07@@3U__s_GUID@@BUtagCONNECTDATA@@V?$_Copy@UtagCONNECTDATA@@@ATL@@@ATL@@QAEJPAUtagCONNECTDATA@@0PAUIUnknown@@W4CComEnumFlags@2@@Z 10007b69 f i Lights.obj
 0001:00006c48       ?Init@CComModule@ATL@@QAEJPAU_ATL_OBJMAP_ENTRY30@2@PAUHINSTANCE__@@PBU_GUID@@@Z 10007c48 f i Lights.obj
 0001:00006ca7       ?Init@CDynamicStdCallThunk2@ATL@@QAEHKPAX@Z 10007ca7 f i Lights.obj
 0001:00006cd2       ?InlineIsEqualUnknown@ATL@@YGHABU_GUID@@@Z 10007cd2 f i Lights.obj
 0001:00006cfa       ?InternalSetAtIndex@?$CSimpleMap@PA_WPA_WVCExpansionVectorEqualHelper@ATL@@@ATL@@QAEXHABQA_W0@Z 10007cfa f i Lights.obj
 0001:00006d24       ?Invoke@CComTypeInfoHolder@ATL@@QAEJPAUIDispatch@@JABU_GUID@@KGPAUtagDISPPARAMS@@PAUtagVARIANT@@PAUtagEXCEPINFO@@PAI@Z 10007d24 f i Lights.obj
 0001:00006d67       ?IsEqualObject@?$CComPtrBase@UIOleClientSite@@@ATL@@QAE_NPAUIUnknown@@@Z 10007d67 f i Lights.obj
 0001:00006d67       ?IsEqualObject@?$CComPtrBase@UITypeInfo@@@ATL@@QAE_NPAUIUnknown@@@Z 10007d67 f i Lights.obj
 0001:00006dd4       ?IsSpace@CRegParser@ATL@@IAEH_W@Z 10007dd4 f i Lights.obj
 0001:00006dfe       ?LoadNameCache@CComTypeInfoHolder@ATL@@QAEJPAUITypeInfo@@@Z 10007dfe f i Lights.obj
 0001:00006f4a       ?Lookup@?$CSimpleMap@PA_WPA_WVCExpansionVectorEqualHelper@ATL@@@ATL@@QBEPA_WABQA_W@Z 10007f4a f i Lights.obj
 0001:00006f70       ?NextToken@CRegParser@ATL@@IAEJPA_W@Z 10007f70 f i Lights.obj
 0001:000070a8       ?OnKillFocus@CComControlBase@ATL@@QAEJIIJAAH@Z 100080a8 f i Lights.obj
 0001:00007103       ?OnMouseActivate@CComControlBase@ATL@@QAEJIIJAAH@Z 10008103 f i Lights.obj
 0001:00007171       ?OnPaint@CComControlBase@ATL@@QAEJIIJAAH@Z 10008171 f i Lights.obj
 0001:00007223       ?OnSetFocus@CComControlBase@ATL@@QAEJIIJAAH@Z 10008223 f i Lights.obj
 0001:000072ac       ?Open@CRegKey@ATL@@QAEJPAUHKEY__@@PB_WK@Z 100082ac f i Lights.obj
 0001:00007301       ?PreProcessBuffer@CRegParser@ATL@@QAEJPA_WPAPA_W@Z 10008301 f i Lights.obj
 0001:0000756b       ?ProcessWindowMessage@?$CComControl@VCOPOSLights@@V?$CWindowImpl@VCOPOSLights@@VCWindow@ATL@@V?$CWinTraits@$0FGAAAAAA@$0A@@3@@ATL@@@ATL@@UAEHPAUHWND__@@IIJAAJK@Z 1000856b f i Lights.obj
 0001:0000760a       ?ReadFromStream@CComBSTR@ATL@@QAEJPAUIStream@@@Z 1000860a f i Lights.obj
 0001:00007738       ?ReadFromStream@CComVariant@ATL@@QAEJPAUIStream@@GTClassesAllowedInStream@2@K@Z 10008738 f i Lights.obj
 0001:000078be       ?RecurseDeleteKey@CRegKey@ATL@@QAEJPB_W@Z 100088be f i Lights.obj
 0001:000079ac       ?RegCreateKeyExW@CAtlTransactionManager@ATL@@QAEJPAUHKEY__@@PB_WKPA_WKKQAU_SECURITY_ATTRIBUTES@@PAPAU3@PAK@Z 100089ac f i Lights.obj
 0001:00007a0f       ?RegDeleteKeyW@CAtlTransactionManager@ATL@@QAEJPAUHKEY__@@PB_W@Z 10008a0f f i Lights.obj
 0001:00007a61       ?RegOpenKeyExW@CAtlTransactionManager@ATL@@QAEJPAUHKEY__@@PB_WKKPAPAU3@@Z 10008a61 f i Lights.obj
 0001:00007ab8       ?Register@_ATL_WNDCLASSINFOW@ATL@@QAEGPAP6GJPAUHWND__@@IIJ@Z@Z 10008ab8 f i Lights.obj
 0001:00007ad8       ?RegisterBuffer@CRegParser@ATL@@QAEJPA_WH@Z 10008ad8 f i Lights.obj
 0001:00007c11       ?RegisterFromResource@CRegObject@ATL@@IAEJPB_W00H@Z 10008c11 f i Lights.obj
 0001:00007d47       ?RegisterServer@?$CAtlModuleT@VCComModule@ATL@@@ATL@@QAEJHPBU_GUID@@@Z 10008d47 f i Lights.obj
 0001:00007d75       ?RegisterServer@CComModule@ATL@@QAEJHPBU_GUID@@@Z 10008d75 f i Lights.obj
 0001:00007deb       ?RegisterSubkeys@CRegParser@ATL@@IAEJPA_WPAUHKEY__@@HH@Z 10008deb f i Lights.obj
 0001:00008492       ?Remove@CComDynamicUnkArray@ATL@@QAEHK@Z 10009492 f i Lights.obj
 0001:000084bb       ?RemoveAll@?$CSimpleMap@PA_WPA_WVCExpansionVectorEqualHelper@ATL@@@ATL@@QAEXXZ 100094bb f i Lights.obj
 0001:000084e7       ?ResourceRegisterSz@CRegObject@ATL@@QAGJPB_W00@Z 100094e7 f i Lights.obj
 0001:00008514       ?ResourceUnregisterSz@CRegObject@ATL@@QAGJPB_W00@Z 10009514 f i Lights.obj
 0001:00008541       ?SendOnDataChange@CComControlBase@ATL@@QAEJK@Z 10009541 f i Lights.obj
 0001:0000858e       ?SetControlFocus@CComControlBase@ATL@@QAEHH@Z 1000958e f i Lights.obj
 0001:0000862b       ?SetMultiStringValue@CRegKey@ATL@@QAEJPB_W0@Z 1000962b f i Lights.obj
 0001:00008687       ?SetStringValue@CRegKey@ATL@@QAEJPB_W0K@Z 10009687 f i Lights.obj
 0001:000086d0       ?SkipAssignment@CRegParser@ATL@@IAEJPA_W@Z 100096d0 f i Lights.obj
 0001:00008735       ?SkipWhiteSpace@CRegParser@ATL@@IAEXXZ 10009735 f i Lights.obj
 0001:00008757       ?StrChrW@CRegParser@ATL@@KAPA_WPA_W_W@Z 10009757 f i Lights.obj
 0001:00008794       ?Term@CAtlModule@ATL@@QAEXXZ 10009794 f i Lights.obj
 0001:000087e7       ?Term@CComModule@ATL@@QAEXXZ 100097e7 f i Lights.obj
 0001:0000883f       ?UnregisterServer@?$CAtlModuleT@VCComModule@ATL@@@ATL@@QAEJHPBU_GUID@@@Z 1000983f f i Lights.obj
 0001:00008865       ?UnregisterServer@CComModule@ATL@@QAEJHPBU_GUID@@@Z 10009865 f i Lights.obj
 0001:000088db       ?UpdateRegistryFromResource@CAtlModule@ATL@@QAGJIHPAU_ATL_REGMAP_ENTRY@2@@Z 100098db f i Lights.obj
 0001:00008aa6       ?UpdateRegistryFromResource@CAtlModule@ATL@@QAGJPB_WHPAU_ATL_REGMAP_ENTRY@2@@Z 10009aa6 f i Lights.obj
 0001:00008c77       ?VTFromRegType@CRegParser@ATL@@KAHPB_WAAG@Z 10009c77 f i Lights.obj
 0001:00008ce4       ?WindowProc@?$CWindowImplBaseT@VCWindow@ATL@@V?$CWinTraits@$0FGAAAAAA@$0A@@2@@ATL@@SGJPAUHWND__@@IIJ@Z 10009ce4 f i Lights.obj
 0001:00008dd6       ?WriteToStream@CComBSTR@ATL@@QAEJPAUIStream@@@Z 10009dd6 f i Lights.obj
 0001:00008e38       ?WriteToStream@CComVariant@ATL@@QAEJPAUIStream@@@Z 10009e38 f i Lights.obj
 0001:00008fb2       ?WriteToStream@CComVariant@ATL@@QAEJPAUIStream@@G@Z 10009fb2 f i Lights.obj
 0001:0000901b       ?_AtlInitialConstruct@?$CComObjectRootEx@VCComMultiThreadModel@ATL@@@ATL@@QAEJXZ 1000a01b f i Lights.obj
 0001:00009030       ?_AtlVerifyStackAvailable@_ATL_SAFE_ALLOCA_IMPL@ATL@@YA_NK@Z 1000a030 f i Lights.obj
 0001:000090ae       ?atlCreate@?$CWindowImpl@VCOPOSLights@@VCWindow@ATL@@V?$CWinTraits@$0FGAAAAAA@$0A@@3@@ATL@@QAEPAUHWND__@@PAU3@V_U_RECT@2@PB_WKKV_U_MENUorID@2@PAX@Z 1000a0ae f i Lights.obj
 0001:000090f2       ?atlCreate@?$CWindowImplBaseT@VCWindow@ATL@@V?$CWinTraits@$0FGAAAAAA@$0A@@2@@ATL@@QAEPAUHWND__@@PAU3@V_U_RECT@2@PB_WKKV_U_MENUorID@2@GPAX@Z 1000a0f2 f i Lights.obj
 0001:0000918e       ?copy@?$_Copy@UtagCONNECTDATA@@@ATL@@SAJPAUtagCONNECTDATA@@PBU3@@Z 1000a18e f i Lights.obj
 0001:000091c4       ?copy@?$_CopyInterface@UIConnectionPoint@@@ATL@@SAJPAPAUIConnectionPoint@@PBQAU3@@Z 1000a1c4 f i Lights.obj
 0001:000091f2       ?memcpy_s@Checked@ATL@@YAXPAXIPBXI@Z 1000a1f2 f i Lights.obj
 0001:00009211       ?ocscpy_s@@YA_NPA_WIPB_W@Z 1000a211 f i Lights.obj
 0001:0000925b       ?wcscpy_s@Checked@ATL@@YAXPA_WIPB_W@Z 1000a25b f i Lights.obj
 0001:00009277       _DllCanUnloadNow@0         1000a277 f   Lights.obj
 0001:00009283       _DllGetClassObject@12      1000a283 f   Lights.obj
 0001:00009291       _DllMain@12                1000a291 f   Lights.obj
 0001:000092d3       _DllRegisterServer@0       1000a2d3 f   Lights.obj
 0001:000092e2       _DllUnregisterServer@0     1000a2e2 f   Lights.obj
 0001:000092f1       _InlineIsEqualGUID         1000a2f1 f i Lights.obj
 0001:00009321       ___local_stdio_printf_options 1000a321 f i Lights.obj
 0001:00009327       __vswprintf_s_l            1000a327 f i Lights.obj
 0001:000093d4       _swprintf_s                1000a3d4 f i Lights.obj
 0001:000093f0       ??0?$CComControl@VCOPOSLights@@V?$CWindowImpl@VCOPOSLights@@VCWindow@ATL@@V?$CWinTraits@$0FGAAAAAA@$0A@@3@@ATL@@@ATL@@QAE@XZ 1000a3f0 f i LightsImpl.obj
 0001:00009417       ??0CComControlBase@ATL@@QAE@AAPAUHWND__@@@Z 1000a417 f i LightsImpl.obj
 0001:00009461       ??0COPOSLights@@QAE@XZ     1000a461 f   LightsImpl.obj
 0001:000094b0       ??1?$CComControl@VCOPOSLights@@V?$CWindowImpl@VCOPOSLights@@VCWindow@ATL@@V?$CWinTraits@$0FGAAAAAA@$0A@@3@@ATL@@@ATL@@UAE@XZ 1000a4b0 f i LightsImpl.obj
 0001:000094c9       ??1?$IConnectionPointImpl@VCOPOSLights@@$1?DIID__IOPOSLightsEvents@@3U_GUID@@BVCComDynamicUnkArray@ATL@@@ATL@@QAE@XZ 1000a4c9 f i LightsImpl.obj
 0001:000094c9       ??1?$IConnectionPointImpl@VCOPOSLights@@$1?IID_IPropertyNotifySink@@3U_GUID@@BVCComDynamicUnkArray@ATL@@@ATL@@QAE@XZ 1000a4c9 f i LightsImpl.obj
 0001:00009506       ??1CComControlBase@ATL@@UAE@XZ 1000a506 f i LightsImpl.obj
 0001:00009569       ??1COPOSLights@@UAE@XZ     1000a569 f   LightsImpl.obj
 0001:000095b1       ?CheckHealth@COPOSLights@@UAGJJPAJ@Z 1000a5b1 f   LightsImpl.obj
 0001:00009600       ?ClaimDevice@COPOSLights@@UAGJJPAJ@Z 1000a600 f   LightsImpl.obj
 0001:00009675       ?Close@COPOSLights@@UAGJPAJ@Z 1000a675 f   LightsImpl.obj
 0001:000096e3       ?CompareFirmwareVersion@COPOSLights@@UAGJPA_WPAJ1@Z 1000a6e3 f   LightsImpl.obj
 0001:00009763       ?DirectIO@COPOSLights@@UAGJJPAJPAPA_W0@Z 1000a763 f   LightsImpl.obj
 0001:00009811       ?DoInvoke@COPOSLights@@IAEJJPAVOposVariant@@IHPAJ_N@Z 1000a811 f   LightsImpl.obj
 0001:000098ed       ?EventClose@COPOSLights@@IAEXXZ 1000a8ed f i LightsImpl.obj
 0001:00009920       ?EventInit@COPOSLights@@IAEJXZ 1000a920 f i LightsImpl.obj
 0001:000099ec       ?EventUninit@COPOSLights@@IAEXXZ 1000a9ec f i LightsImpl.obj
 0001:00009a3e       ?EventWindowProc@COPOSLights@@IAGJIIJ@Z 1000aa3e f i LightsImpl.obj
 0001:00009ab5       ?FinalConstruct@COPOSLights@@QAEJXZ 1000aab5 f   LightsImpl.obj
 0001:00009aee       ?FireEventCleanup@COPOSLights@@IAEXXZ 1000aaee f i LightsImpl.obj
 0001:00009b04       ?FireEventSetup@COPOSLights@@IAE_NXZ 1000ab04 f i LightsImpl.obj
 0001:00009b38       ?FreezeEvents@COPOSLights@@MAGJH@Z 1000ab38 f   LightsImpl.obj
 0001:00009b89       ?GetOposProp@COPOSLights@@IAEJJPAFJ@Z 1000ab89 f   LightsImpl.obj
 0001:00009bac       ?GetOposProp@COPOSLights@@IAEJJPAJJ@Z 1000abac f   LightsImpl.obj
 0001:00009c7b       ?GetOposProp@COPOSLights@@IAEJJPAPA_WJ@Z 1000ac7b f   LightsImpl.obj
 0001:00009d57       ?OnDraw@COPOSLights@@MAEJAAUATL_DRAWINFO@@@Z 1000ad57 f   LightsImpl.obj
 0001:00009df7       ?Open@COPOSLights@@UAGJPA_WPAJ@Z 1000adf7 f   LightsImpl.obj
 0001:0000a639       ?ReleaseDevice@COPOSLights@@UAGJPAJ@Z 1000b639 f   LightsImpl.obj
 0001:0000a688       ?ResetStatistics@COPOSLights@@UAGJPA_WPAJ@Z 1000b688 f   LightsImpl.obj
 0001:0000a6df       ?RetrieveStatistics@COPOSLights@@UAGJPAPA_WPAJ@Z 1000b6df f   LightsImpl.obj
 0001:0000a736       ?SOProcessID@COPOSLights@@UAGJPAJ@Z 1000b736 f   LightsImpl.obj
 0001:0000a74a       ?SetCOFreezeEvents@COPOSLights@@IAEXF@Z 1000b74a f   LightsImpl.obj
 0001:0000a7ea       ?SetOposProp@COPOSLights@@IAEJJJJ@Z 1000b7ea f   LightsImpl.obj
 0001:0000a8e1       ?SwitchOff@COPOSLights@@UAGJJPAJ@Z 1000b8e1 f   LightsImpl.obj
 0001:0000a930       ?SwitchOn@COPOSLights@@UAGJJJJJJPAJ@Z 1000b930 f   LightsImpl.obj
 0001:0000a9dc       ?UpdateFirmware@COPOSLights@@UAGJPA_WPAJ@Z 1000b9dc f   LightsImpl.obj
 0001:0000aa33       ?UpdateStatistics@COPOSLights@@UAGJPA_WPAJ@Z 1000ba33 f   LightsImpl.obj
 0001:0000aa8a       ?get_BinaryConversion@COPOSLights@@UAGJPAJ@Z 1000ba8a f   LightsImpl.obj
 0001:0000aaa0       ?get_CapAlarm@COPOSLights@@UAGJPAJ@Z 1000baa0 f   LightsImpl.obj
 0001:0000aab9       ?get_CapBlink@COPOSLights@@UAGJPAF@Z 1000bab9 f   LightsImpl.obj
 0001:0000aad2       ?get_CapColor@COPOSLights@@UAGJPAJ@Z 1000bad2 f   LightsImpl.obj
 0001:0000aaeb       ?get_CapCompareFirmwareVersion@COPOSLights@@UAGJPAF@Z 1000baeb f   LightsImpl.obj
 0001:0000ab04       ?get_CapPowerReporting@COPOSLights@@UAGJPAJ@Z 1000bb04 f   LightsImpl.obj
 0001:0000ab1d       ?get_CapStatisticsReporting@COPOSLights@@UAGJPAF@Z 1000bb1d f   LightsImpl.obj
 0001:0000ab36       ?get_CapUpdateFirmware@COPOSLights@@UAGJPAF@Z 1000bb36 f   LightsImpl.obj
 0001:0000ab4f       ?get_CapUpdateStatistics@COPOSLights@@UAGJPAF@Z 1000bb4f f   LightsImpl.obj
 0001:0000ab68       ?get_CheckHealthText@COPOSLights@@UAGJPAPA_W@Z 1000bb68 f   LightsImpl.obj
 0001:0000ab81       ?get_Claimed@COPOSLights@@UAGJPAF@Z 1000bb81 f   LightsImpl.obj
 0001:0000ab97       ?get_ControlObjectDescription@COPOSLights@@UAGJPAPA_W@Z 1000bb97 f   LightsImpl.obj
 0001:0000abe5       ?get_ControlObjectVersion@COPOSLights@@UAGJPAJ@Z 1000bbe5 f   LightsImpl.obj
 0001:0000abf8       ?get_DeviceDescription@COPOSLights@@UAGJPAPA_W@Z 1000bbf8 f   LightsImpl.obj
 0001:0000ac11       ?get_DeviceEnabled@COPOSLights@@UAGJPAF@Z 1000bc11 f   LightsImpl.obj
 0001:0000ac27       ?get_DeviceName@COPOSLights@@UAGJPAPA_W@Z 1000bc27 f   LightsImpl.obj
 0001:0000ac40       ?get_FreezeEvents@COPOSLights@@UAGJPAF@Z 1000bc40 f   LightsImpl.obj
 0001:0000ac56       ?get_MaxLights@COPOSLights@@UAGJPAJ@Z 1000bc56 f   LightsImpl.obj
 0001:0000ac6f       ?get_OpenResult@COPOSLights@@UAGJPAJ@Z 1000bc6f f   LightsImpl.obj
 0001:0000ac86       ?get_PowerNotify@COPOSLights@@UAGJPAJ@Z 1000bc86 f   LightsImpl.obj
 0001:0000ac9c       ?get_PowerState@COPOSLights@@UAGJPAJ@Z 1000bc9c f   LightsImpl.obj
 0001:0000acb2       ?get_ResultCode@COPOSLights@@UAGJPAJ@Z 1000bcb2 f   LightsImpl.obj
 0001:0000acf0       ?get_ResultCodeExtended@COPOSLights@@UAGJPAJ@Z 1000bcf0 f   LightsImpl.obj
 0001:0000ad06       ?get_ServiceObjectDescription@COPOSLights@@UAGJPAPA_W@Z 1000bd06 f   LightsImpl.obj
 0001:0000ad1f       ?get_ServiceObjectVersion@COPOSLights@@UAGJPAJ@Z 1000bd1f f   LightsImpl.obj
 0001:0000ad35       ?get_State@COPOSLights@@UAGJPAJ@Z 1000bd35 f   LightsImpl.obj
 0001:0000ad61       ?put_BinaryConversion@COPOSLights@@UAGJJ@Z 1000bd61 f   LightsImpl.obj
 0001:0000ad77       ?put_DeviceEnabled@COPOSLights@@UAGJF@Z 1000bd77 f   LightsImpl.obj
 0001:0000ad94       ?put_FreezeEvents@COPOSLights@@UAGJF@Z 1000bd94 f   LightsImpl.obj
 0001:0000ade0       ?put_PowerNotify@COPOSLights@@UAGJJ@Z 1000bde0 f   LightsImpl.obj
 0001:0000adf6       ?s_EventWindowProc@COPOSLights@@KGJPAUHWND__@@IIJ@Z 1000bdf6 f i LightsImpl.obj
 0001:0000ae48       ??_U@YAPAXI@Z              1000be48 f   LIBCMT:new_array.obj
 0001:0000ae51       ??3@YAXPAXI@Z              1000be51 f   LIBCMT:delete_scalar_size.obj
 0001:0000ae5f       ??_V@YAXPAX@Z              1000be5f f   LIBCMT:delete_array.obj
 0001:0000ae64       ??_V@YAXPAXI@Z             1000be64 f   LIBCMT:delete_array_size.obj
 0001:0000aeb6       ___scrt_acquire_startup_lock 1000beb6 f   LIBCMT:utility.obj
 0001:0000aee8       ___scrt_dllmain_after_initialize_c 1000bee8 f   LIBCMT:utility.obj
 0001:0000af13       ___scrt_dllmain_before_initialize_c 1000bf13 f   LIBCMT:utility.obj
 0001:0000af21       ___scrt_dllmain_crt_thread_attach 1000bf21 f   LIBCMT:utility.obj
 0001:0000af40       ___scrt_dllmain_crt_thread_detach 1000bf40 f   LIBCMT:utility.obj
 0001:0000af4d       ___scrt_dllmain_exception_filter 1000bf4d f   LIBCMT:utility.obj
 0001:0000af81       ___scrt_dllmain_uninitialize_c 1000bf81 f   LIBCMT:utility.obj
 0001:0000afa4       ___scrt_dllmain_uninitialize_critical 1000bfa4 f   LIBCMT:utility.obj
 0001:0000afb1       ___scrt_initialize_crt     1000bfb1 f   LIBCMT:utility.obj
 0001:0000afea       ___scrt_initialize_onexit_tables 1000bfea f   LIBCMT:utility.obj
 0001:0000b071       ___scrt_is_nonwritable_in_current_image 1000c071 f   LIBCMT:utility.obj
 0001:0000b105       ___scrt_release_startup_lock 1000c105 f   LIBCMT:utility.obj
 0001:0000b122       ___scrt_uninitialize_crt   1000c122 f   LIBCMT:utility.obj
 0001:0000b14a       __onexit                   1000c14a f   LIBCMT:utility.obj
 0001:0000b177       _atexit                    1000c177 f   LIBCMT:utility.obj
 0001:0000b18c       ??3@YAXPAX@Z               1000c18c f   LIBCMT:delete_scalar.obj
 0001:0000b256       __Init_thread_footer       1000c256 f   LIBCMT:thread_safe_statics.obj
 0001:0000b2a0       __Init_thread_header       1000c2a0 f   LIBCMT:thread_safe_statics.obj
 0001:0000b2f2       __Init_thread_notify       1000c2f2 f   LIBCMT:thread_safe_statics.obj
 0001:0000b328       __Init_thread_wait         1000c328 f   LIBCMT:thread_safe_statics.obj
 0001:0000b376       ___raise_securityfailure   1000c376 f   LIBCMT:gs_report.obj
 0001:0000b39e       ___report_gsfailure        1000c39e f   LIBCMT:gs_report.obj
 0001:0000b497       ___report_rangecheckfailure 1000c497 f   LIBCMT:gs_report.obj
 0001:0000b4a3       ___report_securityfailure  1000c4a3 f   LIBCMT:gs_report.obj
 0001:0000b571       ??2@YAPAXIABUnothrow_t@std@@@Z 1000c571 f   LIBCMT:new_scalar_nothrow.obj
 0001:0000b5c1       ??_U@YAPAXIABUnothrow_t@std@@@Z 1000c5c1 f   LIBCMT:new_array_nothrow.obj
 0001:0000b5ca       @__security_check_cookie@4 1000c5ca f   LIBCMT:secchk.obj
 0001:0000b5e0       __SEH_prolog4_GS           1000c5e0 f   LIBCMT:sehprolg4gs.obj
 0001:0000b629       __SEH_epilog4_GS           1000c629 f   LIBCMT:sehprolg4gs.obj
 0001:0000b640       __alloca_probe_16          1000c640 f   LIBCMT:alloca16.obj
 0001:0000b656       __alloca_probe_8           1000c656     LIBCMT:alloca16.obj
 0001:0000b670       __chkstk                   1000c670 f   LIBCMT:chkstk.obj
 0001:0000b670       __alloca_probe             1000c670 f   LIBCMT:chkstk.obj
 0001:0000b9d8       __DllMainCRTStartup@12     1000c9d8 f   LIBCMT:dll_dllmain.obj
 0001:0000b9fb       ??2@YAPAXI@Z               1000c9fb f   LIBCMT:new_scalar.obj
 0001:0000ba2b       ___isa_available_init      1000ca2b f   LIBCMT:cpu_disp.obj
 0001:0000bbfb       ___scrt_is_ucrt_dll_in_use 1000cbfb f   LIBCMT:ucrt_detection.obj
 0001:0000bc07       ___scrt_fastfail           1000cc07 f   LIBCMT:utility_desktop.obj
 0001:0000bd21       __crt_debugger_hook        1000cd21 f   LIBCMT:utility_desktop.obj
 0001:0000bd30       __SEH_prolog4              1000cd30 f   LIBCMT:sehprolg4.obj
 0001:0000bd76       __SEH_epilog4              1000cd76 f   LIBCMT:sehprolg4.obj
 0001:0000bd8b       @_guard_check_icall_nop@4  1000cd8b f i LIBCMT:guard_support.obj
 0001:0000bdd9       ___security_init_cookie    1000cdd9 f   LIBCMT:gs_support.obj
 0001:0000be24       ?__scrt_initialize_type_info@@YAXXZ 1000ce24 f   LIBCMT:tncleanup.obj
 0001:0000be30       ?__scrt_uninitialize_type_info@@YAXXZ 1000ce30 f   LIBCMT:tncleanup.obj
 0001:0000be3c       ___local_stdio_scanf_options 1000ce3c f i LIBCMT:default_local_stdio_options.obj
 0001:0000be42       ___scrt_initialize_default_local_stdio_options 1000ce42 f   LIBCMT:default_local_stdio_options.obj
 0001:0000be5f       ___scrt_get_dyn_tls_init_callback 1000ce5f f   LIBCMT:dyn_tls_init.obj
 0001:0000be65       __RTC_Initialize           1000ce65 f   LIBCMT:initsect.obj
 0001:0000be91       __RTC_Terminate            1000ce91 f   LIBCMT:initsect.obj
 0001:0000bebd       ??0bad_alloc@std@@QAE@ABV01@@Z 1000cebd f i LIBCMT:throw_bad_alloc.obj
 0001:0000bed8       ??0bad_alloc@std@@QAE@XZ   1000ced8 f i LIBCMT:throw_bad_alloc.obj
 0001:0000bef0       ??0bad_array_new_length@std@@QAE@ABV01@@Z 1000cef0 f i LIBCMT:throw_bad_alloc.obj
 0001:0000bf0b       ??0bad_array_new_length@std@@QAE@XZ 1000cf0b f i LIBCMT:throw_bad_alloc.obj
 0001:0000bf23       ??0exception@std@@QAE@ABV01@@Z 1000cf23 f i LIBCMT:throw_bad_alloc.obj
 0001:0000bf4f       ??1bad_alloc@std@@UAE@XZ   1000cf4f f i LIBCMT:throw_bad_alloc.obj
 0001:0000bf4f       ??1bad_array_new_length@std@@UAE@XZ 1000cf4f f i LIBCMT:throw_bad_alloc.obj
 0001:0000bf4f       ??1bad_exception@std@@UAE@XZ 1000cf4f f i libvcruntime:frame.obj
 0001:0000bf60       ??_Eexception@std@@UAEPAXI@Z 1000cf60 f i LIBCMT:throw_bad_alloc.obj
 0001:0000bf60       ??_Gbad_exception@std@@UAEPAXI@Z 1000cf60 f i libvcruntime:frame.obj
 0001:0000bf60       ??_Ebad_array_new_length@std@@UAEPAXI@Z 1000cf60 f i LIBCMT:throw_bad_alloc.obj
 0001:0000bf60       ??_Gexception@std@@UAEPAXI@Z 1000cf60 f i LIBCMT:throw_bad_alloc.obj
 0001:0000bf60       ??_Ebad_exception@std@@UAEPAXI@Z 1000cf60 f i libvcruntime:frame.obj
 0001:0000bf60       ??_Gbad_alloc@std@@UAEPAXI@Z 1000cf60 f i LIBCMT:throw_bad_alloc.obj
 0001:0000bf60       ??_Gbad_array_new_length@std@@UAEPAXI@Z 1000cf60 f i LIBCMT:throw_bad_alloc.obj
 0001:0000bf60       ??_Ebad_alloc@std@@UAEPAXI@Z 1000cf60 f i LIBCMT:throw_bad_alloc.obj
 0001:0000bf8d       ?__scrt_throw_std_bad_alloc@@YAXXZ 1000cf8d f   LIBCMT:throw_bad_alloc.obj
 0001:0000bfaa       ?__scrt_throw_std_bad_array_new_length@@YAXXZ 1000cfaa f   LIBCMT:throw_bad_alloc.obj
 0001:0000bfc7       ?what@exception@std@@UBEPBDXZ 1000cfc7 f i LIBCMT:throw_bad_alloc.obj
 0001:0000bfd4       ??_Etype_info@@UAEPAXI@Z   1000cfd4 f i LIBCMT:std_type_info_static.obj
 0001:0000bfd4       ??_Gtype_info@@UAEPAXI@Z   1000cfd4 f i LIBCMT:std_type_info_static.obj
 0001:0000bff7       ??0CAtlBaseModule@ATL@@QAE@XZ 1000cff7 f   atls:atlbase.obj
 0001:0000c04a       ??0_ATL_BASE_MODULE70@ATL@@QAE@XZ 1000d04a f i atls:atlbase.obj
 0001:0000c06d       ??1CAtlBaseModule@ATL@@QAE@XZ 1000d06d f   atls:atlbase.obj
 0001:0000c15a       ?Init@_stdcallthunk@ATL@@QAEHKPAX@Z 1000d15a f i atls:atlthunk.obj
 0001:0000c18f       ?__AllocStdCallThunk_cmn@@YAPAXXZ 1000d18f f   atls:atlthunk.obj
 0001:0000c255       ?__FreeStdCallThunk_cmn@@YAXPAX@Z 1000d255 f   atls:atlthunk.obj
 0001:0000c2f0       _AtlThunk_AllocateData@0   1000d2f0 f   atls:atlthunk.obj
 0001:0000c355       _AtlThunk_DataToCode@4     1000d355 f   atls:atlthunk.obj
 0001:0000c39c       _AtlThunk_FreeData@4       1000d39c f   atls:atlthunk.obj
 0001:0000c3f2       _AtlThunk_InitData@12      1000d3f2 f   atls:atlthunk.obj
 0001:0000c441       __get_purecall_handler     1000d441 f   libvcruntime:purevirt.obj
 0001:0000c447       __purecall                 1000d447 f   libvcruntime:purevirt.obj
 0001:0000c463       _wcsstr                    1000d463 f   libvcruntime:wcsstr.obj
 0001:0000c720       __except_handler4          1000d720 f   libvcruntime:chandler4.obj
 0001:0000c87e       _memcmp                    1000d87e f   libvcruntime:memcmp.obj
 0001:0000d830       _memcpy                    1000e830 f   libvcruntime:memcpy.obj
 0001:0000ddb0       _memset                    1000edb0 f   libvcruntime:memset.obj
 0001:0000df0a       ___vcrt_initialize         1000ef0a f   libvcruntime:initialization.obj
 0001:0000df29       ___vcrt_thread_attach      1000ef29 f   libvcruntime:initialization.obj
 0001:0000df34       ___vcrt_thread_detach      1000ef34 f   libvcruntime:initialization.obj
 0001:0000df3f       ___vcrt_uninitialize       1000ef3f f   libvcruntime:initialization.obj
 0001:0000df56       ___vcrt_uninitialize_critical 1000ef56 f   libvcruntime:initialization.obj
 0001:0000df5e       ?GetRangeOfTrysToCheck@__FrameHandler3@@SA?AU?$pair@Viterator@TryBlockMap@__FrameHandler3@@V123@@std@@AAVTryBlockMap@1@HPAXPBU_s_FuncInfo@@H@Z 1000ef5e f   libvcruntime:trnsctrl.obj
 0001:0000dfce       ?_CallCatchBlock2@@YAPAXPAUEHRegistrationNode@@PBU_s_FuncInfo@@PAXHK@Z 1000efce f   libvcruntime:trnsctrl.obj
 0001:0000e02c       ?_CallSETranslator@@YAHPAUEHExceptionRecord@@PAUEHRegistrationNode@@PAX2PBU_s_FuncInfo@@H1@Z 1000f02c f   libvcruntime:trnsctrl.obj
 0001:0000e112       ?_JumpToContinuation@@YGXPAXPAUEHRegistrationNode@@@Z 1000f112 f   libvcruntime:trnsctrl.obj
 0001:0000e142       ?_UnwindNestedFrames@@YGXPAUEHRegistrationNode@@PAUEHExceptionRecord@@@Z 1000f142 f   libvcruntime:trnsctrl.obj
 0001:0000e195       __CatchGuardHandler        1000f195 f   libvcruntime:trnsctrl.obj
 0001:0000e1c6       __CreateFrameInfo          1000f1c6 f   libvcruntime:trnsctrl.obj
 0001:0000e1ea       __FindAndUnlinkFrame       1000f1ea f   libvcruntime:trnsctrl.obj
 0001:0000e232       __TranslatorGuardHandler   1000f232 f   libvcruntime:trnsctrl.obj
 0001:0000e2cf       ___CxxFrameHandler3        1000f2cf f   libvcruntime:trnsctrl.obj
[...]
 0002:00002be0       ?strings@?1??fp_format_nan_or_infinity@@YAHW4__acrt_fp_class@@_NPADI1@Z@4QAY03QBDA 10021be0     libucrt:cvt.obj
 0002:00003128       ?_mb_locale_names@@3QBQB_WB 10022128     libucrt:mbctype.obj
 0002:00003970       ?LcidToLocaleNameTable@?A0x881e4c05@@3QBULcidToLocaleName@1@B 10022970     libucrt:lcidtoname_downlevel.obj
 0002:00004a98       ?LocaleNameToIndexTable@?A0x881e4c05@@3QBULocaleNameIndex@1@B 10023a98     libucrt:lcidtoname_downlevel.obj
 0002:000062f0       ?large_power_indices@?1??multiply_by_power_of_ten@__crt_strtox@@YA_NAAUbig_integer@2@I@Z@4QBUunpack_index@?1??12@YA_N0I@Z@B 100252f0     libucrt:cfout.obj
 0002:000063d0       LOG_name                   100253d0     libucrt:log10_impl.obj
 0002:000063e0       _One                       100253e0     libucrt:ceil_pentium4.obj
 0002:000063f0       _Bns                       100253f0     libucrt:ceil_pentium4.obj
 0002:00006400       _Zero                      10025400     libucrt:ceil_pentium4.obj
 0002:00006410       _S                         10025410     libucrt:ceil_pentium4.obj
 0002:00006420       _NegZero                   10025420     libucrt:ceil_pentium4.obj
 0002:00006430       emask                      10025430     libucrt:log10_pentium4.obj
 0002:00006440       CC                         10025440     libucrt:log10_pentium4.obj
 0002:00006450       Magic                      10025450     libucrt:log10_pentium4.obj
 0002:00006460       hi_mask                    10025460     libucrt:log10_pentium4.obj
 0002:00006470       LOG10_2                    10025470     libucrt:log10_pentium4.obj
 0002:00006480       place_L                    10025480     libucrt:log10_pentium4.obj
 0002:000064a0       One                        100254a0     libucrt:log10_pentium4.obj
 0002:000064b0       Zero                       100254b0     libucrt:log10_pentium4.obj
 0002:000064c0       Two52                      100254c0     libucrt:log10_pentium4.obj
 0002:000064d0       Infs                       100254d0     libucrt:log10_pentium4.obj
 0002:000064e0       NaN                        100254e0     libucrt:log10_pentium4.obj
 0002:000064f0       coeff                      100254f0     libucrt:log10_pentium4.obj
 0002:0000654e       _log2max                   1002554e     libucrt:87tran.obj
 0002:00006558       _smallarg                  10025558     libucrt:87tran.obj
 0002:00006562       _half                      10025562     libucrt:87tran.obj
 0002:000065ae       One                        100255ae     libucrt:87disp.obj
 0002:000065b6       Three                      100255b6     libucrt:87disp.obj
 0002:000065be       XAMtoTagTab                100255be     libucrt:87disp.obj
 0002:000065d0       One                        100255d0     libucrt:common.obj
 0002:000065e4       DblMax                     100255e4     libucrt:common.obj
 0002:000065ec       DblMin                     100255ec     libucrt:common.obj
 0002:000065f4       IeeeAdjO                   100255f4     libucrt:common.obj
 0002:000065fc       IeeeAdjU                   100255fc     libucrt:common.obj
 0002:00006604       _infinity                  10025604     libucrt:common.obj
 0002:0000660c       _zero                      1002560c     libucrt:common.obj
 0002:00006658       _over                      10025658     libucrt:fpctrl.obj
 0002:00006664       _under                     10025664     libucrt:fpctrl.obj
 0002:00006e98       ?_names@?1??_get_fname@@9@9 10025e98     libucrt:fpexcept.obj
 0002:00007040       two32                      10026040     LIBCMT:ftol2.obj
 0002:00007044       two63                      10026044     LIBCMT:ftol2.obj
 0002:00007048       _NaN                       10026048     LIBCMT:ftol2.obj
 0002:000076f8       __sehtable$?_AtlVerifyStackAvailable@_ATL_SAFE_ALLOCA_IMPL@ATL@@YA_NK@Z 100266f8     Lights.obj
 0002:00007718       __sehtable$___scrt_is_nonwritable_in_current_image 10026718     LIBCMT:utility.obj
 0002:00007734       __catchsym$??2@YAPAXIABUnothrow_t@std@@@Z$2 10026734     LIBCMT:new_scalar_nothrow.obj
 0002:00007744       __unwindtable$??2@YAPAXIABUnothrow_t@std@@@Z 10026744     LIBCMT:new_scalar_nothrow.obj
 0002:00007754       __tryblocktable$??2@YAPAXIABUnothrow_t@std@@@Z 10026754     LIBCMT:new_scalar_nothrow.obj
 0002:00007768       __ehfuncinfo$??2@YAPAXIABUnothrow_t@std@@@Z 10026768     LIBCMT:new_scalar_nothrow.obj
 0002:00007790       __sehtable$?dllmain_crt_process_attach@@YAHQAUHINSTANCE__@@QAX@Z 10026790     LIBCMT:dll_dllmain.obj
 0002:000077b0       __sehtable$?dllmain_crt_process_detach@@YAH_N@Z 100267b0     LIBCMT:dll_dllmain.obj
 0002:000077d8       __sehtable$?dllmain_dispatch@@YAHQAUHINSTANCE__@@KQAX@Z 100267d8     LIBCMT:dll_dllmain.obj
 0002:00007888       __sehtable$___DestructExceptionObject 10026888     libvcruntime:ehhelpers.obj
 0002:000078a8       __sehtable$?FrameUnwindToState@__FrameHandler3@@SAXPAUEHRegistrationNode@@PAXPBU_s_FuncInfo@@H@Z 100268a8     libvcruntime:frame.obj
 0002:000078d0       __sehtable$?CallCatchBlock@@YAPAXPAUEHExceptionRecord@@PAUEHRegistrationNode@@PAU_CONTEXT@@PBU_s_FuncInfo@@PAXHK@Z 100268d0     libvcruntime:frame.obj
 0002:000078f8       __catchsym$?CallUnexpected@@YAXPBU_s_ESTypeList@@@Z$2 100268f8     libvcruntime:frame.obj
 0002:00007908       __unwindtable$?CallUnexpected@@YAXPBU_s_ESTypeList@@@Z 10026908     libvcruntime:frame.obj
 0002:00007918       __tryblocktable$?CallUnexpected@@YAXPBU_s_ESTypeList@@@Z 10026918     libvcruntime:frame.obj
 0002:0000792c       __ehfuncinfo$?CallUnexpected@@YAXPBU_s_ESTypeList@@@Z 1002692c     libvcruntime:frame.obj
 0002:00007950       __sehtable$??$BuildCatchObjectHelperInternal@V__FrameHandler3@@@@YAHPAUEHExceptionRecord@@PAXPBU_s_HandlerType@@PBU_s_CatchableType@@@Z 10026950     libvcruntime:frame.obj
 0002:00007970       __sehtable$??$BuildCatchObjectInternal@V__FrameHandler3@@@@YAXPAUEHExceptionRecord@@PAXPBU_s_HandlerType@@PBU_s_CatchableType@@@Z 10026970     libvcruntime:frame.obj
 0002:000079c8       __sehtable$??R<lambda_6e4b09c48022b2350581041d5f6b0c4c>@@QBE@XZ 100269c8     libucrt:exit.obj
 0002:000079e8       __sehtable$??$?RV<lambda_03b1d95aef87969028cfba75ccab2455>@@AAV<lambda_6e4b09c48022b2350581041d5f6b0c4c>@@V<lambda_22bdf7517842c4b3e53723af5aa32b9e>@@@?$__crt_seh_guarded_call@X@@QAEX$$QAV<lambda_03b1d95aef87969028cfba75ccab2455>@@AAV<lambda_6e4b09c48022b2350581041d5f6b0c4c>@@$$QAV<lambda_22bdf7517842c4b3e53723af5aa32b9e>@@@Z 100269e8     libucrt:exit.obj
 0002:00007a08       __sehtable$??$?RV<lambda_8e746cf0007f6ed984d6f78af1fec997>@@AAV<lambda_22ebabd17bc4fa466a2aca6d8deb888d>@@V<lambda_18ed0c0b38a6dc0daf1e7ac6d6adf05e>@@@?$__crt_seh_guarded_call@H@@QAEH$$QAV<lambda_8e746cf0007f6ed984d6f78af1fec997>@@AAV<lambda_22ebabd17bc4fa466a2aca6d8deb888d>@@$$QAV<lambda_18ed0c0b38a6dc0daf1e7ac6d6adf05e>@@@Z 10026a08     libucrt:onexit.obj
 0002:00007a28       __sehtable$??$?RV<lambda_69a2805e680e0e292e8ba93315fe43a8>@@AAV<lambda_f03950bc5685219e0bcd2087efbe011e>@@V<lambda_03fcd07e894ec930e3f35da366ca99d6>@@@?$__crt_seh_guarded_call@H@@QAEH$$QAV<lambda_69a2805e680e0e292e8ba93315fe43a8>@@AAV<lambda_f03950bc5685219e0bcd2087efbe011e>@@$$QAV<lambda_03fcd07e894ec930e3f35da366ca99d6>@@@Z 10026a28     libucrt:onexit.obj
 0002:00007a48       __sehtable$__query_new_handler 10026a48     libucrt:new_handler.obj
 0002:00007a68       __sehtable$_terminate      10026a68     libucrt:terminate.obj
 0002:00007a88       __sehtable$??$?RV<lambda_15ade71b0218206bbe3333a0c9b79046>@@AAV<lambda_da44e0f8b0f19ba52fefafb335991732>@@V<lambda_207f2d024fc103971653565357d6cd41>@@@?$__crt_seh_guarded_call@X@@QAEX$$QAV<lambda_15ade71b0218206bbe3333a0c9b79046>@@AAV<lambda_da44e0f8b0f19ba52fefafb335991732>@@$$QAV<lambda_207f2d024fc103971653565357d6cd41>@@@Z 10026a88     libucrt:per_thread_data.obj
 0002:00007aa8       __sehtable$??$?RV<lambda_a7e850c220f1c8d1e6efeecdedd162c6>@@AAV<lambda_46720907175c18b6c9d2717bc0d2d362>@@V<lambda_9048902d66e8d99359bc9897bbb930a8>@@@?$__crt_seh_guarded_call@X@@QAEX$$QAV<lambda_a7e850c220f1c8d1e6efeecdedd162c6>@@AAV<lambda_46720907175c18b6c9d2717bc0d2d362>@@$$QAV<lambda_9048902d66e8d99359bc9897bbb930a8>@@@Z 10026aa8     libucrt:per_thread_data.obj
 0002:00007ac8       __sehtable$??$?RV<lambda_38edbb1296d33220d7e4dd0ed76b244a>@@AAV<lambda_5ce1d447e08cb34b2473517608e21441>@@V<lambda_fb385d3da700c9147fc39e65dd577a8c>@@@?$__crt_seh_guarded_call@X@@QAEX$$QAV<lambda_38edbb1296d33220d7e4dd0ed76b244a>@@AAV<lambda_5ce1d447e08cb34b2473517608e21441>@@$$QAV<lambda_fb385d3da700c9147fc39e65dd577a8c>@@@Z 10026ac8     libucrt:per_thread_data.obj
 0002:00007ae8       __sehtable$??$?RV<lambda_6affb1475c98b40b75cdec977db92e3c>@@AAV<lambda_b8d4b9c228a6ecc3f80208dbb4b4a104>@@V<lambda_608742c3c92a14382c1684fc64f96c88>@@@?$__crt_seh_guarded_call@X@@QAEX$$QAV<lambda_6affb1475c98b40b75cdec977db92e3c>@@AAV<lambda_b8d4b9c228a6ecc3f80208dbb4b4a104>@@$$QAV<lambda_608742c3c92a14382c1684fc64f96c88>@@@Z 10026ae8     libucrt:per_thread_data.obj
 0002:00007b08       __sehtable$??$?RV<lambda_e5124f882df8998aaf41531e079ba474>@@AAV<lambda_3e16ef9562a7dcce91392c22ab16ea36>@@V<lambda_e25ca0880e6ef98be67edffd8c599615>@@@?$__crt_seh_guarded_call@X@@QAEX$$QAV<lambda_e5124f882df8998aaf41531e079ba474>@@AAV<lambda_3e16ef9562a7dcce91392c22ab16ea36>@@$$QAV<lambda_e25ca0880e6ef98be67edffd8c599615>@@@Z 10026b08     libucrt:wsetlocale.obj
 0002:00007b28       __sehtable$___acrt_initialize_lowio 10026b28     libucrt:ioinit.obj
 0002:00007b48       __sehtable$?update_thread_multibyte_data_internal@@YAPAU__crt_multibyte_data@@QAU__acrt_ptd@@QAPAU1@@Z 10026b48     libucrt:mbctype.obj
 0002:00007b68       __sehtable$??$?RV<lambda_ceb1ee4838e85a9d631eb091e2fbe199>@@AAV<lambda_ae742caa10f662c28703da3d2ea5e57e>@@V<lambda_cd08b5d6af4937fe54fc07d0c9bf6b37>@@@?$__crt_seh_guarded_call@X@@QAEX$$QAV<lambda_ceb1ee4838e85a9d631eb091e2fbe199>@@AAV<lambda_ae742caa10f662c28703da3d2ea5e57e>@@$$QAV<lambda_cd08b5d6af4937fe54fc07d0c9bf6b37>@@@Z 10026b68     libucrt:mbctype.obj
 0002:00007b88       __sehtable$_raise          10026b88     libucrt:signal.obj
 0002:00007ba8       __sehtable$??$?RV<lambda_cbab9ec6f41b0180b23cc171c22676b0>@@AAV<lambda_44731a7d0e6d81c3e6aa82d741081786>@@V<lambda_4b292cb8dd18144e164572427af410ab>@@@?$__crt_seh_guarded_call@P6AXH@Z@@QAEP6AXH@Z$$QAV<lambda_cbab9ec6f41b0180b23cc171c22676b0>@@AAV<lambda_44731a7d0e6d81c3e6aa82d741081786>@@$$QAV<lambda_4b292cb8dd18144e164572427af410ab>@@@Z 10026ba8     libucrt:signal.obj
 0002:00007bc8       __sehtable$??$?RV<lambda_2866be3712abc81a800a822484c830d8>@@AAV<lambda_39ca0ed439415581b5b15c265174cece>@@V<lambda_2b24c74d71094a6cd0cb82e44167d71b>@@@?$__crt_seh_guarded_call@X@@QAEX$$QAV<lambda_2866be3712abc81a800a822484c830d8>@@AAV<lambda_39ca0ed439415581b5b15c265174cece>@@$$QAV<lambda_2b24c74d71094a6cd0cb82e44167d71b>@@@Z 10026bc8     libucrt:fflush.obj
 0002:00007be8       __sehtable$??$?RV<lambda_2cc53f568c5a2bb6f192f930a45d44ea>@@AAV<lambda_ab61a845afdef5b7c387490eaf3616ee>@@V<lambda_c2ffc0b7726aa6be21d5f0026187e748>@@@?$__crt_seh_guarded_call@X@@QAEX$$QAV<lambda_2cc53f568c5a2bb6f192f930a45d44ea>@@AAV<lambda_ab61a845afdef5b7c387490eaf3616ee>@@$$QAV<lambda_c2ffc0b7726aa6be21d5f0026187e748>@@@Z 10026be8     libucrt:fflush.obj
 0002:00007c08       __sehtable$___acrt_update_thread_locale_data 10026c08     libucrt:locale_refcounting.obj
 0002:00007c28       __sehtable$__fcloseall     10026c28     libucrt:closeall.obj
 0002:00007c48       __sehtable$___acrt_lowio_ensure_fh_exists 10026c48     libucrt:osfinfo.obj
 0002:00007c68       __sehtable$??$?RV<lambda_9e9de3de5fa147e2223d7db92bc10aa6>@@AAV<lambda_38ce7e780aa69e748d6df282ebc68efe>@@V<lambda_8ca6da459f0f6780f1cff60fdc3d00e5>@@@?$__crt_seh_guarded_call@H@@QAEH$$QAV<lambda_9e9de3de5fa147e2223d7db92bc10aa6>@@AAV<lambda_38ce7e780aa69e748d6df282ebc68efe>@@$$QAV<lambda_8ca6da459f0f6780f1cff60fdc3d00e5>@@@Z 10026c68     libucrt:commit.obj
 0002:00007c88       __sehtable$__write         10026c88     libucrt:write.obj
 0002:00007ca8       __sehtable$_fclose         10026ca8     libucrt:fclose.obj
 0002:00007cc8       __sehtable$??$?RV<lambda_218ce3db14220d0be481dae8ef3383b6>@@AAV<lambda_628dfdc04ba53c8bfc02c9951375f3f5>@@V<lambda_57dc472bd5c9d5f3b2cbca59b8a843ae>@@@?$__crt_seh_guarded_call@H@@QAEH$$QAV<lambda_218ce3db14220d0be481dae8ef3383b6>@@AAV<lambda_628dfdc04ba53c8bfc02c9951375f3f5>@@$$QAV<lambda_57dc472bd5c9d5f3b2cbca59b8a843ae>@@@Z 10026cc8     libucrt:close.obj
 0002:00007ce8       __sehtable$__IsNonwritableInCurrentImage 10026ce8     LIBCMT:pesect.obj
 0002:00007d10       .edata                     10026d10     OPOSLights.exp
 0002:00007d38       rgpv                       10026d38     OPOSLights.exp
 0002:00007d48       rgszName                   10026d48     OPOSLights.exp
 0002:00007d58       rgwOrd                     10026d58     OPOSLights.exp
 0002:00007d60       szName                     10026d60     OPOSLights.exp
 0002:00007d6f       $N00001                    10026d6f     OPOSLights.exp
 0002:00007d7f       $N00002                    10026d7f     OPOSLights.exp
 0002:00007d91       $N00003                    10026d91     OPOSLights.exp
 0002:00007da3       $N00004                    10026da3     OPOSLights.exp
 0002:000083b2       .idata$6                   100273b2     kernel32:KERNEL32.dll
 0002:000085c6       .idata$6                   100275c6     user32:USER32.dll
 0002:000086fa       .idata$6                   100276fa     gdi32:GDI32.dll
 0002:000087a0       .idata$6                   100277a0     advapi32:ADVAPI32.dll
 0002:000088bc       .idata$6                   100278bc     ole32:ole32.dll
 0002:000088c6       .idata$6                   100278c6     oleaut32:OLEAUT32.dll
 0003:00000110       ?ObjectMap@@3PAU_ATL_OBJMAP_ENTRY30@ATL@@A 10028110     Lights.obj
 0003:000001c0       ?s_SOMethodNames@@3PAPADA  100281c0     LightsImpl.obj
 0003:0000020c       ?s_RequiredMethodsPerRelease@@3PAHA 1002820c     LightsImpl.obj
 0003:00000230       ?__vcrt_flsindex@@3KA      10028230     libvcruntime:per_thread_data.obj
 0003:00000250       ?errno_no_memory@@3HA      10028250     libucrt:errno.obj
 0003:00000254       ?doserrno_no_memory@@3KA   10028254     libucrt:errno.obj
 0003:00000260       ?__acrt_flsindex@@3KA      10028260     libucrt:per_thread_data.obj
 0003:000005f8       __mbctypes                 100285f8     libucrt:mbctype.obj
 0003:00000700       __mbcasemaps               10028700     libucrt:mbctype.obj
 0003:00000800       ?__rgctypeflag@@3PADA      10028800     libucrt:mbctype.obj
 0003:00000808       ?__rgcode_page_info@@3PAUcode_page_info@@A 10028808     libucrt:mbctype.obj
 0003:00000a60       ?__dcrt_lowio_console_output_handle@@3PAXA 10028a60     libucrt:initcon.obj
 0003:00000bf8       ?is_initialized_as_dll@@3_NA 10028bf8     LIBCMT:utility.obj
 0003:00000bf9       ?module_local_atexit_table_initialized@@3_NA 10028bf9     LIBCMT:utility.obj
 0003:00000bfc       ?module_local_atexit_table@@3U_onexit_table_t@@A 10028bfc     LIBCMT:utility.obj
 0003:00000c08       ?module_local_at_quick_exit_table@@3U_onexit_table_t@@A 10028c08     LIBCMT:utility.obj
 0003:00000c14       ?g_tss_cv@@3U_RTL_CONDITION_VARIABLE@@A 10028c14     LIBCMT:thread_safe_statics.obj
 0003:00000c18       ?g_tss_event@@3PAXA        10028c18     LIBCMT:thread_safe_statics.obj
 0003:00000c1c       ?g_tss_mutex@@3U_RTL_CRITICAL_SECTION@@A 10028c1c     LIBCMT:thread_safe_statics.obj
 0003:00000c34       ?g_sleep_condition_variable_cs@@3P6GHPAU_RTL_CONDITION_VARIABLE@@PAU_RTL_CRITICAL_SECTION@@K@ZA 10028c34     LIBCMT:thread_safe_statics.obj
 0003:00000c38       ?g_wake_all_condition_variable@@3P6GXPAU_RTL_CONDITION_VARIABLE@@@ZA 10028c38     LIBCMT:thread_safe_statics.obj
 0003:00000c40       _GS_ExceptionRecord        10028c40     LIBCMT:gs_report.obj
 0003:00000c90       _GS_ContextRecord          10028c90     LIBCMT:gs_report.obj
 0003:00000f60       ?__proc_attached@@3HA      10028f60     LIBCMT:dll_dllmain.obj
 0003:00000fbc       ?AllocateData@@3P6GPAUAtlThunkData_t@@XZA 10028fbc     atls:atlthunk.obj
 0003:00000fc0       ?InitData@@3P6GXPAUAtlThunkData_t@@PAXI@ZA 10028fc0     atls:atlthunk.obj
 0003:00000fc4       ?DataToCode@@3P6GP6GJPAUHWND__@@IIJ@ZPAUAtlThunkData_t@@@ZA 10028fc4     atls:atlthunk.obj
 0003:00000fc8       ?FreeData@@3P6GXPAUAtlThunkData_t@@@ZA 10028fc8     atls:atlthunk.obj
 0003:00000fcc       ?Initialized@@3_NA         10028fcc     atls:atlthunk.obj
 0003:00000fdc       ?__vcrt_startup_thread_ptd@@3U__vcrt_ptd@@A 10028fdc     libvcruntime:per_thread_data.obj
 0003:00001004       ___vcrt_lock_table         10029004     libvcruntime:locks.obj
 0003:0000101c       ___vcrt_locks_initialized  1002901c     libvcruntime:locks.obj
 0003:00001048       ?heap@@3V_HeapManager@@A   10029048     libvcruntime:undname.obj
 0003:0000105c       ?module_handles@@3PAPAUHINSTANCE__@@A 1002905c     libvcruntime:winapi_downlevel.obj
 0003:00001068       ?function_pointers@@3PAPAXA 10029068     libvcruntime:winapi_downlevel.obj
 0003:0000107c       ?__acrt_invalid_parameter_handler@@3V?$dual_state_global@P6AXPB_W00II@Z@__crt_state_management@@A 1002907c     libucrt:invalid_parameter.obj
 0003:00001080       ?c_termination_complete@@3JA 10029080     libucrt:exit.obj
 0003:00001084       ?thread_local_exit_callback_func@@3P6GXPAXK0@ZA 10029084     libucrt:exit.obj
 0003:00001090       ?program_name@?1???$common_configure_argv@D@@YAHW4_crt_argv_mode@@@Z@4PADA 10029090     libucrt:argv_parsing.obj
 0003:000011c0       ?__acrt_new_handler@@3V?$dual_state_global@P6AHI@Z@__crt_state_management@@A 100291c0     libucrt:new_handler.obj
 0003:000011c8       ?module_handles@@3PAPAUHINSTANCE__@@A 100291c8     libucrt:winapi_thunks.obj
 0003:00001218       ?encoded_function_pointers@@3PAPAXA 10029218     libucrt:winapi_thunks.obj
 0003:000012a0       ?internal_state@?1??_mbtowc_l@@9@4U_Mbstatet@@A 100292a0     libucrt:mbtowc.obj
 0003:000012b0       ?enable_percent_n@@3IA     100292b0     libucrt:printf_count_output.obj
 0003:000014d0       ?__acrt_lock_table@@3PAU_RTL_CRITICAL_SECTION@@A 100294d0     libucrt:locks.obj
 0003:00001620       ?__acrt_locks_initialized@@3IA 10029620     libucrt:locks.obj
 0003:00001630       ?fSystemSet@@3HA           10029630     libucrt:mbctype.obj
 0003:00001634       ?initialized@?1??__acrt_initialize_multibyte@@9@4_NA 10029634     libucrt:mbctype.obj
 0003:00001654       ?ctrlc_action@@3V?$dual_state_global@P6AXH@Z@__crt_state_management@@A 10029654     libucrt:signal.obj
 0003:00001658       ?ctrlbreak_action@@3V?$dual_state_global@P6AXH@Z@__crt_state_management@@A 10029658     libucrt:signal.obj
 0003:0000165c       ?abort_action@@3V?$dual_state_global@P6AXH@Z@__crt_state_management@@A 1002965c     libucrt:signal.obj
 0003:00001660       ?term_action@@3V?$dual_state_global@P6AXH@Z@__crt_state_management@@A 10029660     libucrt:signal.obj
 0003:00001664       ?user_matherr@@3V?$dual_state_global@P6AHPAU_exception@@@Z@__crt_state_management@@A 10029664     libucrt:matherr.obj
 0003:00001668       ?__acrt_global_new_mode@@3V?$dual_state_global@J@__crt_state_management@@A 10029668     libucrt:new_mode.obj
 0003:00001674       ?internal_pst@?1??__mbrtoc32_utf8@__crt_mbstring@@YAIPA_UPBDIPAU_Mbstatet@@@Z@4U3@A 10029674     libucrt:mbrtoc32.obj
 0003:0000167c       ?__acrt_app_type@@3W4_crt_app_type@@A 1002967c     libucrt:report_runtime_error.obj
 0003:00001684       __pmatherr_set             10029684     libucrt:libm_error.obj
 0004:00000220       $R000000                   1002a220     Lights.res
 0004:00000ba0       $R000980                   1002aba0     Lights.res
 0004:00000c88       $R000A68                   1002ac88     Lights.res
 0004:00000ef0       $R000CD0                   1002aef0     Lights.res
 0004:000013d8       $R0011B8                   1002b3d8     Lights.res
 0004:00003718       $R0034F8                   1002d718     Lights.res
 0004:00003748       $R003528                   1002d748     Lights.res
