 OPOSTotals

 Timestamp is 5d42a033 (Thu Aug  1 17:17:55 2019)

 Preferred load address is 10000000

 Start         Length     Name                   Class
 0001:00000000 00000080H .text$di                CODE
 0001:00000080 0001d613H .text$mn                CODE
 0001:0001d693 00000036H .text$x                 CODE
 0001:0001d6c9 00000042H .text$yd                CODE
 0002:00000000 000002fcH .idata$5                DATA
 0002:000002fc 00000004H .00cfg                  DATA
 0002:00000300 00000004H .CRT$XCA                DATA
 0002:00000304 00000004H .CRT$XCL                DATA
 0002:00000308 00000010H .CRT$XCU                DATA
 0002:00000318 00000004H .CRT$XCZ                DATA
 0002:0000031c 00000004H .CRT$XIA                DATA
 0002:00000320 00000010H .CRT$XIC                DATA
 0002:00000330 00000004H .CRT$XIZ                DATA
 0002:00000334 00000004H .CRT$XLA                DATA
 0002:00000338 00000004H .CRT$XLZ                DATA
 0002:0000033c 00000004H .CRT$XPA                DATA
 0002:00000340 00000008H .CRT$XPX                DATA
 0002:00000348 00000004H .CRT$XPXA               DATA
 0002:0000034c 00000004H .CRT$XPZ                DATA
 0002:00000350 00000004H .CRT$XTA                DATA
 0002:00000354 0000000cH .CRT$XTZ                DATA
 0002:00000358 00000000H .gfids$y                DATA
 0002:00000360 00006d5cH .rdata                  DATA
 0002:000070bc 00000018H .rdata$T                DATA
 0002:000070d4 0000017cH .rdata$r                DATA
 0002:00007250 0000001cH .rdata$sxdata           DATA
 0002:0000726c 000003dcH .rdata$zzzdbg           DATA
 0002:00007648 00000004H .rtc$IAA                DATA
 0002:0000764c 00000004H .rtc$IZZ                DATA
 0002:00007650 00000004H .rtc$TAA                DATA
 0002:00007654 00000004H .rtc$TZZ                DATA
 0002:00007658 00000004H .tls                    DATA
 0002:0000765c 00000004H .tls$                   DATA
 0002:00007660 00000008H .tls$ZZZ                DATA
 0002:00007668 00000604H .xdata$x                DATA
 0002:00007c6c 00000004H ATL$__a                 DATA
 0002:00007c70 00000010H ATL$__z                 DATA
 0002:00007c80 000000a8H .edata                  DATA
 0002:00007d28 00000078H .idata$2                DATA
 0002:00007da0 00000014H .idata$3                DATA
 0002:00007db4 000002fcH .idata$4                DATA
 0002:000080b0 00000bc8H .idata$6                DATA
 0003:00000000 00000ac0H .data                   DATA
 0003:00000ac0 00000098H .data$r                 DATA
 0003:00000b58 00000b80H .bss                    DATA
 0004:00000000 00000220H .rsrc$01                DATA
 0004:00000220 00004078H .rsrc$02                DATA

  Address         Publics by Value              Rva+Base       Lib:Object

 0000:00000000       ___guard_fids_count        00000000     <absolute>
 0000:00000000       ___guard_iat_count         00000000     <absolute>
 0000:00000000       ___hybrid_code_map_count   00000000     <absolute>
 0000:00000000       ___dynamic_value_reloc_table 00000000     <absolute>
 0000:00000000       ___guard_longjmp_count     00000000     <absolute>
 0000:00000000       __except_list              00000000     <absolute>
 0000:00000000       ___guard_fids_table        00000000     <absolute>
 0000:00000000       ___guard_longjmp_table     00000000     <absolute>
 0000:00000000       ___hybrid_auxiliary_iat    00000000     <absolute>
 0000:00000000       ___guard_iat_table         00000000     <absolute>
 0000:00000000       ___volatile_metadata       00000000     <absolute>
 0000:00000000       ___enclave_config          00000000     <absolute>
 0000:00000000       ___AbsoluteZero            00000000     <absolute>
 0000:00000000       ___hybrid_code_map         00000000     <absolute>
 0000:00000007       ___safe_se_handler_count   00000007     <absolute>
 0000:0000002c       __tls_array                0000002c     <absolute>
 0000:00000100       ___guard_flags             00000100     <absolute>
 0000:00000000       ___ImageBase               10000000     <linker-defined>
 0001:00000080       ?DupWide@_CW@@AAEXXZ       10001080 f   CWString.obj
 0001:0000009c       ?cw_dup@@YGXPBDAAHAAPA_W1@Z 1000109c f   CWString.obj
 0001:0000010b       ?cw_memcpy@@YGHPA_WPBDH@Z  1000110b f   CWString.obj
 0001:00000137       ?cw_strcpy@@YAHPA_WPBD@Z   10001137 f   CWString.obj
 0001:0000014a       ?cw_strlen@@YAHPBD@Z       1000114a f   CWString.obj
 0001:00000163       ??0CAtlComModule@ATL@@QAE@XZ 10001163 f i OposVariant.obj
 0001:000001a8       ??0CAtlWinModule@ATL@@QAE@XZ 100011a8 f i OposVariant.obj
 0001:000001df       ??0OposDispParms@@QAE@PAVOposVariant@@H@Z 100011df f   OposVariant.obj
 0001:00000250       ??1OposDispParms@@QAE@XZ   10001250 f   OposVariant.obj
 0001:0000025e       ??A?$CSimpleArray@GV?$CSimpleArrayEqualHelper@G@ATL@@@ATL@@QAEAAGH@Z 1000125e f i OposVariant.obj
 0001:00000283       ??_Estringdispid@CComTypeInfoHolder@ATL@@QAEPAXI@Z 10001283 f i OposVariant.obj
 0001:000002ef       ?AtlWinModuleInit@ATL@@YGJPAU_ATL_WIN_MODULE70@1@@Z 100012ef f i OposVariant.obj
 0001:00000315       ?AtlWinModuleTerm@ATL@@YGJPAU_ATL_WIN_MODULE70@1@PAUHINSTANCE__@@@Z 10001315 f i OposVariant.obj
 0001:00000378       ?ChangeBSTR@OposVariant@@QAEXPAPA_WAAJ@Z 10001378 f   OposVariant.obj
 0001:000003b9       ?ChangeLONG@OposVariant@@QAEXPAJAAJ@Z 100013b9 f   OposVariant.obj
 0001:000003fa       ?GetLONG@OposVariant@@QAEJXZ 100013fa f   OposVariant.obj
 0001:00000415       ?Init@CComCriticalSection@ATL@@QAEJXZ 10001415 f i OposVariant.obj
 0001:0000043d       ?RemoveAll@?$CSimpleArray@GV?$CSimpleArrayEqualHelper@G@ATL@@@ATL@@QAEXXZ 1000143d f i OposVariant.obj
 0001:0000043d       ?RemoveAll@?$CSimpleArray@PAUHINSTANCE__@@V?$CSimpleArrayEqualHelper@PAUHINSTANCE__@@@ATL@@@ATL@@QAEXXZ 1000143d f i atls:atlbase.obj
 0001:0000045a       ?SetBSTR@OposVariant@@QAEXPA_WAAJ@Z 1000145a f   OposVariant.obj
 0001:0000048e       ?SetBSTR_Copy@OposVariant@@QAEXPA_WAAJ@Z 1000148e f   OposVariant.obj
 0001:000004de       ?SetBSTR_InOutPtr@OposVariant@@QAE_NPAPA_WAAJ@Z 100014de f   OposVariant.obj
 0001:00000515       ?SetBSTR_OutPtr@OposVariant@@QAE_NPAPA_WAAJ@Z 10001515 f   OposVariant.obj
 0001:00000531       ?SetDispatch_Ptr@OposVariant@@QAEXPAUIDispatch@@AAJ@Z 10001531 f   OposVariant.obj
 0001:0000056c       ?SetLONG@OposVariant@@QAEXJ@Z 1000156c f   OposVariant.obj
 0001:0000058e       ?SetLONG_Ptr@OposVariant@@QAEXPAJAAJ@Z 1000158e f   OposVariant.obj
 0001:000005c1       ?SetString@OposVariant@@QAEXPB_WAAJ@Z 100015c1 f   OposVariant.obj
 0001:00000607       ?SetVARIANT_BOOL@OposVariant@@QAEXF@Z 10001607 f   OposVariant.obj
 0001:00000631       ?Term@CAtlComModule@ATL@@QAEXXZ 10001631 f i OposVariant.obj
 0001:0000067b       ?_AtlRaiseException@ATL@@YAXKK@Z 1000167b f i OposVariant.obj
 0001:00000690       ?AddRef@?$CComObjectCached@VCComClassFactory@ATL@@@ATL@@UAGKXZ 10001690 f i Totals.obj
 0001:000006b7       ?Release@?$CComObjectCached@VCComClassFactory@ATL@@@ATL@@UAGKXZ 100016b7 f i Totals.obj
 0001:000006ed       ?QueryInterface@?$CComObjectCached@VCComClassFactory@ATL@@@ATL@@UAGJABU_GUID@@PAPAX@Z 100016ed f i Totals.obj
 0001:00000707       ??_G?$CComObjectCached@VCComClassFactory@ATL@@@ATL@@UAEPAXI@Z 10001707 f i Totals.obj
 0001:00000707       ??_E?$CComObjectCached@VCComClassFactory@ATL@@@ATL@@UAEPAXI@Z 10001707 f i Totals.obj
 0001:00000729       ?AddRef@?$CComAggObject@VCOPOSTotals@@@ATL@@UAGKXZ 10001729 f i Totals.obj
 0001:0000073a       ?Release@?$CComAggObject@VCOPOSTotals@@@ATL@@UAGKXZ 1000173a f i Totals.obj
 0001:00000776       ?QueryInterface@?$CComAggObject@VCOPOSTotals@@@ATL@@UAGJABU_GUID@@PAPAX@Z 10001776 f i Totals.obj
 0001:000007c5       ?AddRef@?$CComContainedObject@VCOPOSTotals@@@ATL@@UAGKXZ 100017c5 f i Totals.obj
 0001:000007db       ?Release@?$CComContainedObject@VCOPOSTotals@@@ATL@@UAGKXZ 100017db f i Totals.obj
 0001:000007f1       ?QueryInterface@?$CComContainedObject@VCOPOSTotals@@@ATL@@UAGJABU_GUID@@PAPAX@Z 100017f1 f i Totals.obj
 0001:0000080c       ??_G?$CComAggObject@VCOPOSTotals@@@ATL@@UAEPAXI@Z 1000180c f i Totals.obj
 0001:0000080c       ??_E?$CComAggObject@VCOPOSTotals@@@ATL@@UAEPAXI@Z 1000180c f i Totals.obj
 0001:00000831       ?AddRef@?$CComObject@VCOPOSTotals@@@ATL@@UAGKXZ 10001831 f i Totals.obj
 0001:00000848       ?Release@?$CComObject@VCOPOSTotals@@@ATL@@UAGKXZ 10001848 f i Totals.obj
 0001:0000088a       ?QueryInterface@?$CComObject@VCOPOSTotals@@@ATL@@UAGJABU_GUID@@PAPAX@Z 1000188a f i Totals.obj
 0001:000008a4       ?Lock@CAtlModule@ATL@@UAEJXZ 100018a4 f i Totals.obj
 0001:000008ae       ?Unlock@CAtlModule@ATL@@UAEJXZ 100018ae f i Totals.obj
 0001:000008b8       ?GetLockCount@CAtlModule@ATL@@UAEJXZ 100018b8 f i Totals.obj
 0001:000008bc       ?GetGITPtr@CAtlModule@ATL@@UAEJPAPAUIGlobalInterfaceTable@@@Z 100018bc f i Totals.obj
 0001:00000908       ?AddCommonRGSReplacements@?$CAtlModuleT@VCComModule@ATL@@@ATL@@UAEJPAUIRegistrarBase@@@Z 10001908 f i Totals.obj
 0001:00000922       ?UpdateRegistryFromResourceD@CComModule@ATL@@UAGJIHPAU_ATL_REGMAP_ENTRY@2@@Z 10001922 f i Totals.obj
 0001:00000922       ?UpdateRegistryFromResourceD@CComModule@ATL@@UAGJPB_WHPAU_ATL_REGMAP_ENTRY@2@@Z 10001922 f i Totals.obj
 0001:0000092a       ?UpdateRegistryFromResource@CComModule@ATL@@UAGJPB_WHPAU_ATL_REGMAP_ENTRY@2@@Z 1000192a f i Totals.obj
 0001:00000933       ?UpdateRegistryFromResource@CComModule@ATL@@UAGJIHPAU_ATL_REGMAP_ENTRY@2@@Z 10001933 f i Totals.obj
 0001:0000093c       ??_GCComModule@ATL@@UAEPAXI@Z 1000193c f i Totals.obj
 0001:0000093c       ??_ECComModule@ATL@@UAEPAXI@Z 1000193c f i Totals.obj
 0001:00000964       ?OnDrawAdvanced@CComControlBase@ATL@@UAEJAAUATL_DRAWINFO@@@Z 10001964 f i Totals.obj
 0001:00000a53       ?Next@?$CComEnumImpl@UIEnumConnections@@$1?_GUID_b196b287_bab4_101a_b69c_00aa00341d07@@3U__s_GUID@@BUtagCONNECTDATA@@V?$_Copy@UtagCONNECTDATA@@@ATL@@@ATL@@UAGJKPAUtagCONNECTDATA@@PAK@Z 10001a53 f i Totals.obj
 0001:00000b2a       ?Skip@?$CComEnumImpl@UIEnumConnections@@$1?_GUID_b196b287_bab4_101a_b69c_00aa00341d07@@3U__s_GUID@@BUtagCONNECTDATA@@V?$_Copy@UtagCONNECTDATA@@@ATL@@@ATL@@UAGJK@Z 10001b2a f i Totals.obj
 0001:00000b57       ?Reset@?$CComEnumImpl@UIEnumConnectionPoints@@$1?_GUID_b196b285_bab4_101a_b69c_00aa00341d07@@3U__s_GUID@@BPAUIConnectionPoint@@V?$_CopyInterface@UIConnectionPoint@@@ATL@@@ATL@@UAGJXZ 10001b57 f i Totals.obj
 0001:00000b57       ?Reset@?$CComEnumImpl@UIEnumConnections@@$1?_GUID_b196b287_bab4_101a_b69c_00aa00341d07@@3U__s_GUID@@BUtagCONNECTDATA@@V?$_Copy@UtagCONNECTDATA@@@ATL@@@ATL@@UAGJXZ 10001b57 f i Totals.obj
 0001:00000b69       ?Clone@?$CComEnumImpl@UIEnumConnections@@$1?_GUID_b196b287_bab4_101a_b69c_00aa00341d07@@3U__s_GUID@@BUtagCONNECTDATA@@V?$_Copy@UtagCONNECTDATA@@@ATL@@@ATL@@UAGJPAPAUIEnumConnections@@@Z 10001b69 f i Totals.obj
 0001:00000c4a       ?AddRef@?$CComObject@V?$CComEnum@UIEnumConnectionPoints@@$1?_GUID_b196b285_bab4_101a_b69c_00aa00341d07@@3U__s_GUID@@BPAUIConnectionPoint@@V?$_CopyInterface@UIConnectionPoint@@@ATL@@VCComSingleThreadModel@6@@ATL@@@ATL@@UAGKXZ 10001c4a f i Totals.obj
 0001:00000c4a       ?AddRef@?$CComObject@V?$CComEnum@UIEnumConnections@@$1?_GUID_b196b287_bab4_101a_b69c_00aa00341d07@@3U__s_GUID@@BUtagCONNECTDATA@@V?$_Copy@UtagCONNECTDATA@@@ATL@@VCComSingleThreadModel@6@@ATL@@@ATL@@UAGKXZ 10001c4a f i Totals.obj
 0001:00000c5b       ?Release@?$CComObject@V?$CComEnum@UIEnumConnections@@$1?_GUID_b196b287_bab4_101a_b69c_00aa00341d07@@3U__s_GUID@@BUtagCONNECTDATA@@V?$_Copy@UtagCONNECTDATA@@@ATL@@VCComSingleThreadModel@6@@ATL@@@ATL@@UAGKXZ 10001c5b f i Totals.obj
 0001:00000c5b       ?Release@?$CComObject@V?$CComEnum@UIEnumConnectionPoints@@$1?_GUID_b196b285_bab4_101a_b69c_00aa00341d07@@3U__s_GUID@@BPAUIConnectionPoint@@V?$_CopyInterface@UIConnectionPoint@@@ATL@@VCComSingleThreadModel@6@@ATL@@@ATL@@UAGKXZ 10001c5b f i Totals.obj
 0001:00000c97       ?QueryInterface@?$CComObject@V?$CComEnum@UIEnumConnections@@$1?_GUID_b196b287_bab4_101a_b69c_00aa00341d07@@3U__s_GUID@@BUtagCONNECTDATA@@V?$_Copy@UtagCONNECTDATA@@@ATL@@VCComSingleThreadModel@6@@ATL@@@ATL@@UAGJABU_GUID@@PAPAX@Z 10001c97 f i Totals.obj
 0001:00000cb1       ??_G?$CComObject@V?$CComEnum@UIEnumConnections@@$1?_GUID_b196b287_bab4_101a_b69c_00aa00341d07@@3U__s_GUID@@BUtagCONNECTDATA@@V?$_Copy@UtagCONNECTDATA@@@ATL@@VCComSingleThreadModel@6@@ATL@@@ATL@@UAEPAXI@Z 10001cb1 f i Totals.obj
 0001:00000cb1       ??_E?$CComObject@V?$CComEnum@UIEnumConnections@@$1?_GUID_b196b287_bab4_101a_b69c_00aa00341d07@@3U__s_GUID@@BUtagCONNECTDATA@@V?$_Copy@UtagCONNECTDATA@@@ATL@@VCComSingleThreadModel@6@@ATL@@@ATL@@UAEPAXI@Z 10001cb1 f i Totals.obj
 0001:00000cd3       ?GetRect@?$IViewObjectExImpl@VCOPOSTotals@@@ATL@@UAGJKPAU_RECTL@@@Z 10001cd3 f i Totals.obj
 0001:00000cd3       ?QueryInterface@CRegObject@ATL@@UAGJABU_GUID@@PAPAX@Z 10001cd3 f i Totals.obj
 0001:00000cd3       ?SetMoniker@?$IOleObjectImpl@VCOPOSTotals@@@ATL@@UAGJKPAUIMoniker@@@Z 10001cd3 f i Totals.obj
 0001:00000cd3       ?GetDataHere@?$IDataObjectImpl@VCOPOSTotals@@@ATL@@UAGJPAUtagFORMATETC@@PAUtagSTGMEDIUM@@@Z 10001cd3 f i Totals.obj
 0001:00000cd3       ?EnumFormatEtc@?$IDataObjectImpl@VCOPOSTotals@@@ATL@@UAGJKPAPAUIEnumFORMATETC@@@Z 10001cd3 f i Totals.obj
 0001:00000cd3       ?GetClipboardData@?$IOleObjectImpl@VCOPOSTotals@@@ATL@@UAGJKPAPAUIDataObject@@@Z 10001cd3 f i Totals.obj
 0001:00000cd3       ?GetCanonicalFormatEtc@?$IDataObjectImpl@VCOPOSTotals@@@ATL@@UAGJPAUtagFORMATETC@@0@Z 10001cd3 f i Totals.obj
 0001:00000cdb       ?AddRef@CRegObject@ATL@@UAGKXZ 10001cdb f i Totals.obj
 0001:00000ce1       ?Update@?$IOleObjectImpl@VCOPOSTotals@@@ATL@@UAGJXZ 10001ce1 f i Totals.obj
 0001:00000ce1       ?IsUpToDate@?$IOleObjectImpl@VCOPOSTotals@@@ATL@@UAGJXZ 10001ce1 f i Totals.obj
 0001:00000ce1       ?Release@CRegObject@ATL@@UAGKXZ 10001ce1 f i Totals.obj
 0001:00000ce1       ?HandsOffStorage@?$IPersistStorageImpl@VCOPOSTotals@@@ATL@@UAGJXZ 10001ce1 f i Totals.obj
 0001:00000ce6       ?AddReplacement@CRegObject@ATL@@UAGJPB_W0@Z 10001ce6 f i Totals.obj
 0001:00000d1f       ?ClearReplacements@CRegObject@ATL@@UAGJXZ 10001d1f f i Totals.obj
 0001:00000d31       ??_ECRegObject@ATL@@UAEPAXI@Z 10001d31 f i Totals.obj
 0001:00000d31       ??_GCRegObject@ATL@@UAEPAXI@Z 10001d31 f i Totals.obj
 0001:00000d53       ??_E?$CComObject@VCOPOSTotals@@@ATL@@W3AEPAXI@Z 10001d53 f i Totals.obj
 0001:00000d5b       ??_E?$CComObject@VCOPOSTotals@@@ATL@@WEM@AEPAXI@Z 10001d5b f i Totals.obj
 0001:00000d63       ?QueryInterface@?$CComObject@VCOPOSTotals@@@ATL@@WHA@AGJABU_GUID@@PAPAX@Z 10001d63 f i Totals.obj
 0001:00000d6d       ?AddRef@?$CComObject@VCOPOSTotals@@@ATL@@WHA@AGKXZ 10001d6d f i Totals.obj
 0001:00000d77       ?Release@?$CComObject@VCOPOSTotals@@@ATL@@WHA@AGKXZ 10001d77 f i Totals.obj
 0001:00000d81       ?QueryInterface@?$CComObject@VCOPOSTotals@@@ATL@@WHE@AGJABU_GUID@@PAPAX@Z 10001d81 f i Totals.obj
 0001:00000d8b       ?AddRef@?$CComObject@VCOPOSTotals@@@ATL@@WHE@AGKXZ 10001d8b f i Totals.obj
 0001:00000d95       ?Release@?$CComObject@VCOPOSTotals@@@ATL@@WHE@AGKXZ 10001d95 f i Totals.obj
 0001:00000d9f       ?QueryInterface@?$CComObject@VCOPOSTotals@@@ATL@@WHI@AGJABU_GUID@@PAPAX@Z 10001d9f f i Totals.obj
 0001:00000da9       ?AddRef@?$CComObject@VCOPOSTotals@@@ATL@@WHI@AGKXZ 10001da9 f i Totals.obj
 0001:00000db3       ?Release@?$CComObject@VCOPOSTotals@@@ATL@@WHI@AGKXZ 10001db3 f i Totals.obj
 0001:00000dbd       ?QueryInterface@?$CComObject@VCOPOSTotals@@@ATL@@WHM@AGJABU_GUID@@PAPAX@Z 10001dbd f i Totals.obj
 0001:00000dc7       ?AddRef@?$CComObject@VCOPOSTotals@@@ATL@@WHM@AGKXZ 10001dc7 f i Totals.obj
 0001:00000dd1       ?Release@?$CComObject@VCOPOSTotals@@@ATL@@WHM@AGKXZ 10001dd1 f i Totals.obj
 0001:00000ddb       ?QueryInterface@?$CComObject@VCOPOSTotals@@@ATL@@WIA@AGJABU_GUID@@PAPAX@Z 10001ddb f i Totals.obj
 0001:00000de8       ?AddRef@?$CComObject@VCOPOSTotals@@@ATL@@WIA@AGKXZ 10001de8 f i Totals.obj
 0001:00000df5       ?Release@?$CComObject@VCOPOSTotals@@@ATL@@WIA@AGKXZ 10001df5 f i Totals.obj
 0001:00000e02       ?QueryInterface@?$CComObject@VCOPOSTotals@@@ATL@@WIE@AGJABU_GUID@@PAPAX@Z 10001e02 f i Totals.obj
 0001:00000e0f       ?AddRef@?$CComObject@VCOPOSTotals@@@ATL@@WIE@AGKXZ 10001e0f f i Totals.obj
 0001:00000e1c       ?Release@?$CComObject@VCOPOSTotals@@@ATL@@WIE@AGKXZ 10001e1c f i Totals.obj
 0001:00000e29       ?QueryInterface@?$CComObject@VCOPOSTotals@@@ATL@@WII@AGJABU_GUID@@PAPAX@Z 10001e29 f i Totals.obj
 0001:00000e36       ?AddRef@?$CComObject@VCOPOSTotals@@@ATL@@WII@AGKXZ 10001e36 f i Totals.obj
 0001:00000e43       ?Release@?$CComObject@VCOPOSTotals@@@ATL@@WII@AGKXZ 10001e43 f i Totals.obj
 0001:00000e50       ?QueryInterface@?$CComObject@VCOPOSTotals@@@ATL@@WIM@AGJABU_GUID@@PAPAX@Z 10001e50 f i Totals.obj
 0001:00000e5d       ?AddRef@?$CComObject@VCOPOSTotals@@@ATL@@WIM@AGKXZ 10001e5d f i Totals.obj
 0001:00000e6a       ?Release@?$CComObject@VCOPOSTotals@@@ATL@@WIM@AGKXZ 10001e6a f i Totals.obj
 0001:00000e77       ?QueryInterface@?$CComObject@VCOPOSTotals@@@ATL@@WJA@AGJABU_GUID@@PAPAX@Z 10001e77 f i Totals.obj
 0001:00000e84       ?AddRef@?$CComObject@VCOPOSTotals@@@ATL@@WJA@AGKXZ 10001e84 f i Totals.obj
 0001:00000e91       ?Release@?$CComObject@VCOPOSTotals@@@ATL@@WJA@AGKXZ 10001e91 f i Totals.obj
 0001:00000e9e       ?QueryInterface@?$CComObject@VCOPOSTotals@@@ATL@@WJE@AGJABU_GUID@@PAPAX@Z 10001e9e f i Totals.obj
 0001:00000eab       ?AddRef@?$CComObject@VCOPOSTotals@@@ATL@@WJE@AGKXZ 10001eab f i Totals.obj
 0001:00000eb8       ?Release@?$CComObject@VCOPOSTotals@@@ATL@@WJE@AGKXZ 10001eb8 f i Totals.obj
 0001:00000ec5       ?QueryInterface@?$CComObject@VCOPOSTotals@@@ATL@@WJI@AGJABU_GUID@@PAPAX@Z 10001ec5 f i Totals.obj
 0001:00000ed2       ?AddRef@?$CComObject@VCOPOSTotals@@@ATL@@WJI@AGKXZ 10001ed2 f i Totals.obj
 0001:00000edf       ?Release@?$CComObject@VCOPOSTotals@@@ATL@@WJI@AGKXZ 10001edf f i Totals.obj
 0001:00000eec       ?QueryInterface@?$CComObject@VCOPOSTotals@@@ATL@@WJM@AGJABU_GUID@@PAPAX@Z 10001eec f i Totals.obj
 0001:00000ef9       ?AddRef@?$CComObject@VCOPOSTotals@@@ATL@@WJM@AGKXZ 10001ef9 f i Totals.obj
 0001:00000f06       ?Release@?$CComObject@VCOPOSTotals@@@ATL@@WJM@AGKXZ 10001f06 f i Totals.obj
 0001:00000f13       ?QueryInterface@?$CComObject@VCOPOSTotals@@@ATL@@WKA@AGJABU_GUID@@PAPAX@Z 10001f13 f i Totals.obj
 0001:00000f20       ?AddRef@?$CComObject@VCOPOSTotals@@@ATL@@WKA@AGKXZ 10001f20 f i Totals.obj
 0001:00000f2d       ?Release@?$CComObject@VCOPOSTotals@@@ATL@@WKA@AGKXZ 10001f2d f i Totals.obj
 0001:00000f3a       ?AddRef@?$CComObject@VCOPOSTotals@@@ATL@@WKI@AGKXZ 10001f3a f i Totals.obj
 0001:00000f47       ?Release@?$CComObject@VCOPOSTotals@@@ATL@@WKI@AGKXZ 10001f47 f i Totals.obj
 0001:00000f54       ?AddRef@?$CComObject@VCOPOSTotals@@@ATL@@WLE@AGKXZ 10001f54 f i Totals.obj
 0001:00000f61       ?Release@?$CComObject@VCOPOSTotals@@@ATL@@WLE@AGKXZ 10001f61 f i Totals.obj
 0001:00000f6e       ??_E?$CComContainedObject@VCOPOSTotals@@@ATL@@W3AEPAXI@Z 10001f6e f i Totals.obj
 0001:00000f76       ??_E?$CComContainedObject@VCOPOSTotals@@@ATL@@WEM@AEPAXI@Z 10001f76 f i Totals.obj
 0001:00000f7e       ?QueryInterface@?$CComContainedObject@VCOPOSTotals@@@ATL@@WHA@AGJABU_GUID@@PAPAX@Z 10001f7e f i Totals.obj
 0001:00000f88       ?AddRef@?$CComContainedObject@VCOPOSTotals@@@ATL@@WHA@AGKXZ 10001f88 f i Totals.obj
 0001:00000f92       ?Release@?$CComContainedObject@VCOPOSTotals@@@ATL@@WHA@AGKXZ 10001f92 f i Totals.obj
 0001:00000f9c       ?QueryInterface@?$CComContainedObject@VCOPOSTotals@@@ATL@@WHE@AGJABU_GUID@@PAPAX@Z 10001f9c f i Totals.obj
 0001:00000fa6       ?AddRef@?$CComContainedObject@VCOPOSTotals@@@ATL@@WHE@AGKXZ 10001fa6 f i Totals.obj
 0001:00000fb0       ?Release@?$CComContainedObject@VCOPOSTotals@@@ATL@@WHE@AGKXZ 10001fb0 f i Totals.obj
 0001:00000fba       ?QueryInterface@?$CComContainedObject@VCOPOSTotals@@@ATL@@WHI@AGJABU_GUID@@PAPAX@Z 10001fba f i Totals.obj
 0001:00000fc4       ?AddRef@?$CComContainedObject@VCOPOSTotals@@@ATL@@WHI@AGKXZ 10001fc4 f i Totals.obj
 0001:00000fce       ?Release@?$CComContainedObject@VCOPOSTotals@@@ATL@@WHI@AGKXZ 10001fce f i Totals.obj
 0001:00000fd8       ?QueryInterface@?$CComContainedObject@VCOPOSTotals@@@ATL@@WHM@AGJABU_GUID@@PAPAX@Z 10001fd8 f i Totals.obj
 0001:00000fe2       ?AddRef@?$CComContainedObject@VCOPOSTotals@@@ATL@@WHM@AGKXZ 10001fe2 f i Totals.obj
 0001:00000fec       ?Release@?$CComContainedObject@VCOPOSTotals@@@ATL@@WHM@AGKXZ 10001fec f i Totals.obj
 0001:00000ff6       ?QueryInterface@?$CComContainedObject@VCOPOSTotals@@@ATL@@WIA@AGJABU_GUID@@PAPAX@Z 10001ff6 f i Totals.obj
 0001:00001003       ?AddRef@?$CComContainedObject@VCOPOSTotals@@@ATL@@WIA@AGKXZ 10002003 f i Totals.obj
 0001:00001010       ?Release@?$CComContainedObject@VCOPOSTotals@@@ATL@@WIA@AGKXZ 10002010 f i Totals.obj
 0001:0000101d       ?QueryInterface@?$CComContainedObject@VCOPOSTotals@@@ATL@@WIE@AGJABU_GUID@@PAPAX@Z 1000201d f i Totals.obj
 0001:0000102a       ?AddRef@?$CComContainedObject@VCOPOSTotals@@@ATL@@WIE@AGKXZ 1000202a f i Totals.obj
 0001:00001037       ?Release@?$CComContainedObject@VCOPOSTotals@@@ATL@@WIE@AGKXZ 10002037 f i Totals.obj
 0001:00001044       ?QueryInterface@?$CComContainedObject@VCOPOSTotals@@@ATL@@WII@AGJABU_GUID@@PAPAX@Z 10002044 f i Totals.obj
 0001:00001051       ?AddRef@?$CComContainedObject@VCOPOSTotals@@@ATL@@WII@AGKXZ 10002051 f i Totals.obj
 0001:0000105e       ?Release@?$CComContainedObject@VCOPOSTotals@@@ATL@@WII@AGKXZ 1000205e f i Totals.obj
 0001:0000106b       ?QueryInterface@?$CComContainedObject@VCOPOSTotals@@@ATL@@WIM@AGJABU_GUID@@PAPAX@Z 1000206b f i Totals.obj
 0001:00001078       ?AddRef@?$CComContainedObject@VCOPOSTotals@@@ATL@@WIM@AGKXZ 10002078 f i Totals.obj
 0001:00001085       ?Release@?$CComContainedObject@VCOPOSTotals@@@ATL@@WIM@AGKXZ 10002085 f i Totals.obj
 0001:00001092       ?QueryInterface@?$CComContainedObject@VCOPOSTotals@@@ATL@@WJA@AGJABU_GUID@@PAPAX@Z 10002092 f i Totals.obj
 0001:0000109f       ?AddRef@?$CComContainedObject@VCOPOSTotals@@@ATL@@WJA@AGKXZ 1000209f f i Totals.obj
 0001:000010ac       ?Release@?$CComContainedObject@VCOPOSTotals@@@ATL@@WJA@AGKXZ 100020ac f i Totals.obj
 0001:000010b9       ?QueryInterface@?$CComContainedObject@VCOPOSTotals@@@ATL@@WJE@AGJABU_GUID@@PAPAX@Z 100020b9 f i Totals.obj
 0001:000010c6       ?AddRef@?$CComContainedObject@VCOPOSTotals@@@ATL@@WJE@AGKXZ 100020c6 f i Totals.obj
 0001:000010d3       ?Release@?$CComContainedObject@VCOPOSTotals@@@ATL@@WJE@AGKXZ 100020d3 f i Totals.obj
 0001:000010e0       ?QueryInterface@?$CComContainedObject@VCOPOSTotals@@@ATL@@WJI@AGJABU_GUID@@PAPAX@Z 100020e0 f i Totals.obj
 0001:000010ed       ?AddRef@?$CComContainedObject@VCOPOSTotals@@@ATL@@WJI@AGKXZ 100020ed f i Totals.obj
 0001:000010fa       ?Release@?$CComContainedObject@VCOPOSTotals@@@ATL@@WJI@AGKXZ 100020fa f i Totals.obj
 0001:00001107       ?QueryInterface@?$CComContainedObject@VCOPOSTotals@@@ATL@@WJM@AGJABU_GUID@@PAPAX@Z 10002107 f i Totals.obj
 0001:00001114       ?AddRef@?$CComContainedObject@VCOPOSTotals@@@ATL@@WJM@AGKXZ 10002114 f i Totals.obj
 0001:00001121       ?Release@?$CComContainedObject@VCOPOSTotals@@@ATL@@WJM@AGKXZ 10002121 f i Totals.obj
 0001:0000112e       ?QueryInterface@?$CComContainedObject@VCOPOSTotals@@@ATL@@WKA@AGJABU_GUID@@PAPAX@Z 1000212e f i Totals.obj
 0001:0000113b       ?AddRef@?$CComContainedObject@VCOPOSTotals@@@ATL@@WKA@AGKXZ 1000213b f i Totals.obj
 0001:00001148       ?Release@?$CComContainedObject@VCOPOSTotals@@@ATL@@WKA@AGKXZ 10002148 f i Totals.obj
 0001:00001155       ?AddRef@?$CComContainedObject@VCOPOSTotals@@@ATL@@WKI@AGKXZ 10002155 f i Totals.obj
 0001:00001162       ?Release@?$CComContainedObject@VCOPOSTotals@@@ATL@@WKI@AGKXZ 10002162 f i Totals.obj
 0001:0000116f       ?AddRef@?$CComContainedObject@VCOPOSTotals@@@ATL@@WLE@AGKXZ 1000216f f i Totals.obj
 0001:0000117c       ?Release@?$CComContainedObject@VCOPOSTotals@@@ATL@@WLE@AGKXZ 1000217c f i Totals.obj
 0001:00001189       ?GetWindowProc@?$CWindowImplBaseT@VCWindow@ATL@@V?$CWinTraits@$0FGAAAAAA@$0A@@2@@ATL@@UAEP6GJPAUHWND__@@IIJ@ZXZ 10002189 f i Totals.obj
 0001:0000118f       ?StartWindowProc@?$CWindowImplBaseT@VCWindow@ATL@@V?$CWinTraits@$0FGAAAAAA@$0A@@2@@ATL@@SGJPAUHWND__@@IIJ@Z 1000218f f i Totals.obj
 0001:000011e3       ?ObjectMain@CComObjectRootBase@ATL@@SGX_N@Z 100021e3 f i Totals.obj
 0001:000011e3       ?OnFinalMessage@?$CWindowImplBaseT@VCWindow@ATL@@V?$CWinTraits@$0FGAAAAAA@$0A@@2@@ATL@@UAEXPAUHWND__@@@Z 100021e3 f i Totals.obj
 0001:000011e6       ?GetTypeInfoCount@?$IDispatchImpl@UIOPOSTotals@@$1?IID_IOPOSTotals@@3U_GUID@@B$1?LIBID_OposTotals_CCO@@3U3@B$00$0A@VCComTypeInfoHolder@ATL@@@ATL@@UAGJPAI@Z 100021e6 f i Totals.obj
 0001:00001203       ?GetTypeInfo@?$IDispatchImpl@UIOPOSTotals@@$1?IID_IOPOSTotals@@3U_GUID@@B$1?LIBID_OposTotals_CCO@@3U3@B$00$0A@VCComTypeInfoHolder@ATL@@@ATL@@UAGJIKPAPAUITypeInfo@@@Z 10002203 f i Totals.obj
 0001:00001227       ?GetIDsOfNames@?$IDispatchImpl@UIOPOSTotals@@$1?IID_IOPOSTotals@@3U_GUID@@B$1?LIBID_OposTotals_CCO@@3U3@B$00$0A@VCComTypeInfoHolder@ATL@@@ATL@@UAGJABU_GUID@@PAPA_WIKPAJ@Z 10002227 f i Totals.obj
 0001:00001247       ?Invoke@?$IDispatchImpl@UIOPOSTotals@@$1?IID_IOPOSTotals@@3U_GUID@@B$1?LIBID_OposTotals_CCO@@3U3@B$00$0A@VCComTypeInfoHolder@ATL@@@ATL@@UAGJJABU_GUID@@KGPAUtagDISPPARAMS@@PAUtagVARIANT@@PAUtagEXCEPINFO@@PAI@Z 10002247 f i Totals.obj
 0001:00001255       ?CreateControlWindow@?$CComControl@VCOPOSTotals@@V?$CWindowImpl@VCOPOSTotals@@VCWindow@ATL@@V?$CWinTraits@$0FGAAAAAA@$0A@@3@@ATL@@@ATL@@UAEPAUHWND__@@PAU3@AAUtagRECT@@@Z 10002255 f i Totals.obj
 0001:00001284       ?ControlQueryInterface@?$CComControl@VCOPOSTotals@@V?$CWindowImpl@VCOPOSTotals@@VCWindow@ATL@@V?$CWinTraits@$0FGAAAAAA@$0A@@3@@ATL@@@ATL@@UAEJABU_GUID@@PAPAX@Z 10002284 f i Totals.obj
 0001:0000129f       ?GetClassID@?$IPersistStorageImpl@VCOPOSTotals@@@ATL@@UAGJPAU_GUID@@@Z 1000229f f i Totals.obj
 0001:0000129f       ?GetUserClassID@?$IOleObjectImpl@VCOPOSTotals@@@ATL@@UAGJPAU_GUID@@@Z 1000229f f i Totals.obj
 0001:0000129f       ?GetClassID@?$IPersistStreamInitImpl@VCOPOSTotals@@@ATL@@UAGJPAU_GUID@@@Z 1000229f f i Totals.obj
 0001:000012c3       ?IsDirty@?$IPersistStreamInitImpl@VCOPOSTotals@@@ATL@@UAGJXZ 100022c3 f i Totals.obj
 0001:000012e2       ?Load@?$IPersistStreamInitImpl@VCOPOSTotals@@@ATL@@UAGJPAUIStream@@@Z 100022e2 f i Totals.obj
 0001:00001301       ?Save@?$IPersistStreamInitImpl@VCOPOSTotals@@@ATL@@UAGJPAUIStream@@H@Z 10002301 f i Totals.obj
 0001:00001323       ?GetSizeMax@?$IPersistStreamInitImpl@VCOPOSTotals@@@ATL@@UAGJPAT_ULARGE_INTEGER@@@Z 10002323 f i Totals.obj
 0001:000014d8       ?InitNew@?$IPersistStreamInitImpl@VCOPOSTotals@@@ATL@@UAGJXZ 100024d8 f i Totals.obj
 0001:000014f5       ?ContextSensitiveHelp@?$IOleInPlaceActiveObjectImpl@VCOPOSTotals@@@ATL@@UAGJH@Z 100024f5 f i Totals.obj
 0001:000014f5       ?QueryGetData@?$IDataObjectImpl@VCOPOSTotals@@@ATL@@UAGJPAUtagFORMATETC@@@Z 100024f5 f i Totals.obj
 0001:000014f5       ?SOOutputCompleteDummy@COPOSTotals@@MAGJJ@Z 100024f5 f i Totals.obj
 0001:000014f5       ?Unfreeze@?$IViewObjectExImpl@VCOPOSTotals@@@ATL@@UAGJK@Z 100024f5 f i Totals.obj
 0001:000014f5       ?SODataDummy@COPOSTotals@@MAGJJ@Z 100024f5 f i Totals.obj
 0001:000014f5       ?GetDropTarget@?$IOleInPlaceObjectWindowlessImpl@VCOPOSTotals@@@ATL@@UAGJPAPAUIDropTarget@@@Z 100024f5 f i Totals.obj
 0001:000014f5       ?OnMnemonic@?$IOleControlImpl@VCOPOSTotals@@@ATL@@UAGJPAUtagMSG@@@Z 100024f5 f i Totals.obj
 0001:000014f5       ?SetColorScheme@?$IOleObjectImpl@VCOPOSTotals@@@ATL@@UAGJPAUtagLOGPALETTE@@@Z 100024f5 f i Totals.obj
 0001:000014f5       ?ContextSensitiveHelp@?$IOleInPlaceObjectWindowlessImpl@VCOPOSTotals@@@ATL@@UAGJH@Z 100024f5 f i Totals.obj
 0001:000014f5       ?GetControlInfo@?$IOleControlImpl@VCOPOSTotals@@@ATL@@UAGJPAUtagCONTROLINFO@@@Z 100024f5 f i Totals.obj
 0001:000014fd       ?OnAmbientPropertyChange@?$IOleControlImpl@VCOPOSTotals@@@ATL@@UAGJJ@Z 100024fd f i Totals.obj
 0001:000014fd       ?OnFrameWindowActivate@?$IOleInPlaceActiveObjectImpl@VCOPOSTotals@@@ATL@@UAGJH@Z 100024fd f i Totals.obj
 0001:000014fd       ?EnableModeless@?$IOleInPlaceActiveObjectImpl@VCOPOSTotals@@@ATL@@UAGJH@Z 100024fd f i Totals.obj
 0001:000014fd       ?SaveCompleted@?$IPersistStorageImpl@VCOPOSTotals@@@ATL@@UAGJPAUIStorage@@@Z 100024fd f i Totals.obj
 0001:00001502       ?SetClientSite@?$IOleObjectImpl@VCOPOSTotals@@@ATL@@UAGJPAUIOleClientSite@@@Z 10002502 f i Totals.obj
 0001:0000151f       ?GetClientSite@?$IOleObjectImpl@VCOPOSTotals@@@ATL@@UAGJPAPAUIOleClientSite@@@Z 1000251f f i Totals.obj
 0001:0000153c       ?SetHostNames@?$IOleObjectImpl@VCOPOSTotals@@@ATL@@UAGJPB_W0@Z 1000253c f i Totals.obj
 0001:00001541       ?Close@?$IOleObjectImpl@VCOPOSTotals@@@ATL@@UAGJK@Z 10002541 f i Totals.obj
 0001:0000155e       ?InitFromData@?$IOleObjectImpl@VCOPOSTotals@@@ATL@@UAGJPAUIDataObject@@HK@Z 1000255e f i Totals.obj
 0001:0000155e       ?SetData@?$IDataObjectImpl@VCOPOSTotals@@@ATL@@UAGJPAUtagFORMATETC@@PAUtagSTGMEDIUM@@H@Z 1000255e f i Totals.obj
 0001:0000155e       ?GetMoniker@?$IOleObjectImpl@VCOPOSTotals@@@ATL@@UAGJKKPAPAUIMoniker@@@Z 1000255e f i Totals.obj
 0001:00001566       ?DoVerb@?$IOleObjectImpl@VCOPOSTotals@@@ATL@@UAGJJPAUtagMSG@@PAUIOleClientSite@@JPAUHWND__@@PBUtagRECT@@@Z 10002566 f i Totals.obj
 0001:0000167e       ?EnumVerbs@?$IOleObjectImpl@VCOPOSTotals@@@ATL@@UAGJPAPAUIEnumOLEVERB@@@Z 1000267e f i Totals.obj
 0001:000016a0       ?GetUserType@?$IOleObjectImpl@VCOPOSTotals@@@ATL@@UAGJKPAPA_W@Z 100026a0 f i Totals.obj
 0001:000016b8       ?SetExtent@?$IOleObjectImpl@VCOPOSTotals@@@ATL@@UAGJKPAUtagSIZE@@@Z 100026b8 f i Totals.obj
 0001:000016d8       ?GetExtent@?$IOleObjectImpl@VCOPOSTotals@@@ATL@@UAGJKPAUtagSIZE@@@Z 100026d8 f i Totals.obj
 0001:00001716       ?Advise@?$IOleObjectImpl@VCOPOSTotals@@@ATL@@UAGJPAUIAdviseSink@@PAK@Z 10002716 f i Totals.obj
 0001:00001736       ?Unadvise@?$IOleObjectImpl@VCOPOSTotals@@@ATL@@UAGJK@Z 10002736 f i Totals.obj
 0001:00001765       ?EnumAdvise@?$IOleObjectImpl@VCOPOSTotals@@@ATL@@UAGJPAPAUIEnumSTATDATA@@@Z 10002765 f i Totals.obj
 0001:000017a5       ?GetMiscStatus@?$IOleObjectImpl@VCOPOSTotals@@@ATL@@UAGJKPAK@Z 100027a5 f i Totals.obj
 0001:000017bd       ?GetWindow@?$IOleInPlaceActiveObjectImpl@VCOPOSTotals@@@ATL@@UAGJPAPAUHWND__@@@Z 100027bd f i Totals.obj
 0001:0000180a       ?TranslateAcceleratorW@?$IOleInPlaceActiveObjectImpl@VCOPOSTotals@@@ATL@@UAGJPAUtagMSG@@@Z 1000280a f i Totals.obj
 0001:000018a8       ?OnDocWindowActivate@?$IOleInPlaceActiveObjectImpl@VCOPOSTotals@@@ATL@@UAGJH@Z 100028a8 f i Totals.obj
 0001:000018ca       ?ResizeBorder@?$IOleInPlaceActiveObjectImpl@VCOPOSTotals@@@ATL@@UAGJPBUtagRECT@@PAUIOleInPlaceUIWindow@@H@Z 100028ca f i Totals.obj
 0001:000018cf       ?Draw@?$IViewObjectExImpl@VCOPOSTotals@@@ATL@@UAGJKJPAXPAUtagDVTARGETDEVICE@@PAUHDC__@@2PBU_RECTL@@3P6GHK@ZK@Z 100028cf f i Totals.obj
 0001:00001901       ?GetColorSet@?$IViewObjectExImpl@VCOPOSTotals@@@ATL@@UAGJKJPAXPAUtagDVTARGETDEVICE@@PAUHDC__@@PAPAUtagLOGPALETTE@@@Z 10002901 f i Totals.obj
 0001:00001909       ?Freeze@?$IViewObjectExImpl@VCOPOSTotals@@@ATL@@UAGJKJPAXPAK@Z 10002909 f i Totals.obj
 0001:00001909       ?SOErrorDummy@COPOSTotals@@MAGJJJJPAJ@Z 10002909 f i Totals.obj
 0001:00001911       ?SetAdvise@?$IViewObjectExImpl@VCOPOSTotals@@@ATL@@UAGJKKPAUIAdviseSink@@@Z 10002911 f i Totals.obj
 0001:00001930       ?GetAdvise@?$IViewObjectExImpl@VCOPOSTotals@@@ATL@@UAGJPAK0PAPAUIAdviseSink@@@Z 10002930 f i Totals.obj
 0001:00001965       ?GetExtent@?$IViewObjectExImpl@VCOPOSTotals@@@ATL@@UAGJKJPAUtagDVTARGETDEVICE@@PAUtagSIZE@@@Z 10002965 f i Totals.obj
 0001:00001996       ?GetViewStatus@?$IViewObjectExImpl@VCOPOSTotals@@@ATL@@UAGJPAK@Z 10002996 f i Totals.obj
 0001:000019b3       ?QueryHitPoint@?$IViewObjectExImpl@VCOPOSTotals@@@ATL@@UAGJKPBUtagRECT@@UtagPOINT@@JPAK@Z 100029b3 f i Totals.obj
 0001:000019f4       ?QueryHitRect@?$IViewObjectExImpl@VCOPOSTotals@@@ATL@@UAGJKPBUtagRECT@@0JPAK@Z 100029f4 f i Totals.obj
 0001:00001a4f       ?GetNaturalExtent@?$IViewObjectExImpl@VCOPOSTotals@@@ATL@@UAGJKJPAUtagDVTARGETDEVICE@@PAUHDC__@@PAUtagExtentInfo@@PAUtagSIZE@@@Z 10002a4f f i Totals.obj
 0001:00001a9a       ?GetWindow@?$IOleInPlaceObjectWindowlessImpl@VCOPOSTotals@@@ATL@@UAGJPAPAUHWND__@@@Z 10002a9a f i Totals.obj
 0001:00001ae7       ?InPlaceDeactivate@?$IOleInPlaceObjectWindowlessImpl@VCOPOSTotals@@@ATL@@UAGJXZ 10002ae7 f i Totals.obj
 0001:00001b01       ?UIDeactivate@?$IOleInPlaceObjectWindowlessImpl@VCOPOSTotals@@@ATL@@UAGJXZ 10002b01 f i Totals.obj
 0001:00001b1b       ?SetObjectRects@?$IOleInPlaceObjectWindowlessImpl@VCOPOSTotals@@@ATL@@UAGJPBUtagRECT@@0@Z 10002b1b f i Totals.obj
 0001:00001b3b       ?ReactivateAndUndo@?$IOleInPlaceObjectWindowlessImpl@VCOPOSTotals@@@ATL@@UAGJXZ 10002b3b f i Totals.obj
 0001:00001b43       ?OnWindowMessage@?$IOleInPlaceObjectWindowlessImpl@VCOPOSTotals@@@ATL@@UAGJIIJPAJ@Z 10002b43 f i Totals.obj
 0001:00001bb3       ?EnumConnectionPoints@?$IConnectionPointContainerImpl@VCOPOSTotals@@@ATL@@UAGJPAPAUIEnumConnectionPoints@@@Z 10002bb3 f i Totals.obj
 0001:00001d2d       ?FindConnectionPoint@?$IConnectionPointContainerImpl@VCOPOSTotals@@@ATL@@UAGJABU_GUID@@PAPAUIConnectionPoint@@@Z 10002d2d f i Totals.obj
 0001:00001dd0       ?IsDirty@?$IPersistStorageImpl@VCOPOSTotals@@@ATL@@UAGJXZ 10002dd0 f i Totals.obj
 0001:00001e04       ?InitNew@?$IPersistStorageImpl@VCOPOSTotals@@@ATL@@UAGJPAUIStorage@@@Z 10002e04 f i Totals.obj
 0001:00001e38       ?Load@?$IPersistStorageImpl@VCOPOSTotals@@@ATL@@UAGJPAUIStorage@@@Z 10002e38 f i Totals.obj
 0001:00001ea4       ?Save@?$IPersistStorageImpl@VCOPOSTotals@@@ATL@@UAGJPAUIStorage@@H@Z 10002ea4 f i Totals.obj
 0001:00001f17       ?GetPages@?$ISpecifyPropertyPagesImpl@VCOPOSTotals@@@ATL@@UAGJPAUtagCAUUID@@@Z 10002f17 f i Totals.obj
 0001:00001f2e       ?QuickActivate@?$IQuickActivateImpl@VCOPOSTotals@@@ATL@@UAGJPAUtagQACONTAINER@@PAUtagQACONTROL@@@Z 10002f2e f i Totals.obj
 0001:00001f51       ?SetContentExtent@?$IQuickActivateImpl@VCOPOSTotals@@@ATL@@UAGJPAUtagSIZE@@@Z 10002f51 f i Totals.obj
 0001:00001f7d       ?GetContentExtent@?$IQuickActivateImpl@VCOPOSTotals@@@ATL@@UAGJPAUtagSIZE@@@Z 10002f7d f i Totals.obj
 0001:00001f9d       ?GetData@?$IDataObjectImpl@VCOPOSTotals@@@ATL@@UAGJPAUtagFORMATETC@@PAUtagSTGMEDIUM@@@Z 10002f9d f i Totals.obj
 0001:00001fc0       ?DAdvise@?$IDataObjectImpl@VCOPOSTotals@@@ATL@@UAGJPAUtagFORMATETC@@KPAUIAdviseSink@@PAK@Z 10002fc0 f i Totals.obj
 0001:00002001       ?DUnadvise@?$IDataObjectImpl@VCOPOSTotals@@@ATL@@UAGJK@Z 10003001 f i Totals.obj
 0001:0000202f       ?EnumDAdvise@?$IDataObjectImpl@VCOPOSTotals@@@ATL@@UAGJPAPAUIEnumSTATDATA@@@Z 1000302f f i Totals.obj
 0001:0000206e       ?GetClassInfoW@?$IProvideClassInfo2Impl@$1?CLSID_OPOSTotals@@3U_GUID@@B$1?DIID__IOPOSTotalsEvents@@3U2@B$1?LIBID_OposTotals_CCO@@3U2@B$00$0A@VCComTypeInfoHolder@ATL@@@ATL@@UAGJPAPAUITypeInfo@@@Z 1000306e f i Totals.obj
 0001:00002084       ?GetGUID@?$IProvideClassInfo2Impl@$1?CLSID_OPOSTotals@@3U_GUID@@B$1?DIID__IOPOSTotalsEvents@@3U2@B$1?LIBID_OposTotals_CCO@@3U2@B$00$0A@VCComTypeInfoHolder@ATL@@@ATL@@UAGJKPAU_GUID@@@Z 10003084 f i Totals.obj
 0001:000020c2       ?FAccessAllowed@?$IObjectSafetyImpl@VCOPOSTotals@@$02@ATL@@MAEHXZ 100030c2 f i Totals.obj
 0001:000020c2       __get_startup_argv_mode    100030c2 f i LIBCMT:argv_mode.obj
 0001:000020c6       ?GetInterfaceSafetyOptions@?$IObjectSafetyImpl@VCOPOSTotals@@$02@ATL@@UAGJABU_GUID@@PAK1@Z 100030c6 f i Totals.obj
 0001:0000213a       ?SetInterfaceSafetyOptions@?$IObjectSafetyImpl@VCOPOSTotals@@$02@ATL@@UAGJABU_GUID@@KK@Z 1000313a f i Totals.obj
 0001:000021b4       ?_LocCPQueryInterface@?$IConnectionPointImpl@VCOPOSTotals@@$1?IID_IPropertyNotifySink@@3U_GUID@@BVCComDynamicUnkArray@ATL@@@ATL@@UAGJABU_GUID@@PAPAX@Z 100031b4 f i Totals.obj
 0001:000021b4       ?_LocCPQueryInterface@?$IConnectionPointImpl@VCOPOSTotals@@$1?DIID__IOPOSTotalsEvents@@3U_GUID@@BVCComDynamicUnkArray@ATL@@@ATL@@UAGJABU_GUID@@PAPAX@Z 100031b4 f i Totals.obj
 0001:00002201       ?GetConnectionInterface@?$IConnectionPointImpl@VCOPOSTotals@@$1?IID_IPropertyNotifySink@@3U_GUID@@BVCComDynamicUnkArray@ATL@@@ATL@@UAGJPAU_GUID@@@Z 10003201 f i Totals.obj
 0001:00002225       ?GetConnectionPointContainer@?$IConnectionPointImpl@VCOPOSTotals@@$1?IID_IPropertyNotifySink@@3U_GUID@@BVCComDynamicUnkArray@ATL@@@ATL@@UAGJPAPAUIConnectionPointContainer@@@Z 10003225 f i Totals.obj
 0001:00002248       ?Advise@?$IConnectionPointImpl@VCOPOSTotals@@$1?IID_IPropertyNotifySink@@3U_GUID@@BVCComDynamicUnkArray@ATL@@@ATL@@UAGJPAUIUnknown@@PAK@Z 10003248 f i Totals.obj
 0001:00002248       ?Advise@?$IConnectionPointImpl@VCOPOSTotals@@$1?DIID__IOPOSTotalsEvents@@3U_GUID@@BVCComDynamicUnkArray@ATL@@@ATL@@UAGJPAUIUnknown@@PAK@Z 10003248 f i Totals.obj
 0001:000022e9       ?Unadvise@?$IConnectionPointImpl@VCOPOSTotals@@$1?IID_IPropertyNotifySink@@3U_GUID@@BVCComDynamicUnkArray@ATL@@@ATL@@UAGJK@Z 100032e9 f i Totals.obj
 0001:000022e9       ?Unadvise@?$IConnectionPointImpl@VCOPOSTotals@@$1?DIID__IOPOSTotalsEvents@@3U_GUID@@BVCComDynamicUnkArray@ATL@@@ATL@@UAGJK@Z 100032e9 f i Totals.obj
 0001:00002329       ?EnumConnections@?$IConnectionPointImpl@VCOPOSTotals@@$1?DIID__IOPOSTotalsEvents@@3U_GUID@@BVCComDynamicUnkArray@ATL@@@ATL@@UAGJPAPAUIEnumConnections@@@Z 10003329 f i Totals.obj
 0001:00002329       ?EnumConnections@?$IConnectionPointImpl@VCOPOSTotals@@$1?IID_IPropertyNotifySink@@3U_GUID@@BVCComDynamicUnkArray@ATL@@@ATL@@UAGJPAPAUIEnumConnections@@@Z 10003329 f i Totals.obj
 0001:0000242f       ?GetCategoryMap@CComObjectRootBase@ATL@@SAPBU_ATL_CATMAP_ENTRY@2@XZ 1000342f f i Totals.obj
 0001:0000242f       ?GetObjectDescription@?$CComCoClass@VCOPOSTotals@@$1?CLSID_OPOSTotals@@3U_GUID@@B@ATL@@SGPB_WXZ 1000342f f i Totals.obj
 0001:00002432       ?GetConnectionInterface@?$IConnectionPointImpl@VCOPOSTotals@@$1?DIID__IOPOSTotalsEvents@@3U_GUID@@BVCComDynamicUnkArray@ATL@@@ATL@@UAGJPAU_GUID@@@Z 10003432 f i Totals.obj
 0001:00002456       ?GetConnectionPointContainer@?$IConnectionPointImpl@VCOPOSTotals@@$1?DIID__IOPOSTotalsEvents@@3U_GUID@@BVCComDynamicUnkArray@ATL@@@ATL@@UAGJPAPAUIConnectionPointContainer@@@Z 10003456 f i Totals.obj
 0001:00002479       ?UpdateRegistry@COPOSTotals@@SGJH@Z 10003479 f i Totals.obj
 0001:00002491       ?ProcessWindowMessage@COPOSTotals@@UAEHPAUHWND__@@IIJAAJK@Z 10003491 f i Totals.obj
 0001:000024da       ?SODirectIO@COPOSTotals@@MAGJJPAJPAPA_W@Z 100034da f i Totals.obj
 0001:00002523       ?SOStatusUpdate@COPOSTotals@@MAGJJ@Z 10003523 f i Totals.obj
 0001:0000255c       ?CreateInstance@?$CComCreator@V?$CComObjectCached@VCComClassFactory@ATL@@@ATL@@@ATL@@SGJPAXABU_GUID@@PAPAX@Z 1000355c f i Totals.obj
 0001:000025ef       ?CreateInstance@?$CComCreator2@V?$CComCreator@V?$CComObject@VCOPOSTotals@@@ATL@@@ATL@@V?$CComCreator@V?$CComAggObject@VCOPOSTotals@@@ATL@@@2@@ATL@@SGJPAXABU_GUID@@PAPAX@Z 100035ef f i Totals.obj
 0001:0000260f       ?Next@?$CComEnumImpl@UIEnumConnectionPoints@@$1?_GUID_b196b285_bab4_101a_b69c_00aa00341d07@@3U__s_GUID@@BPAUIConnectionPoint@@V?$_CopyInterface@UIConnectionPoint@@@ATL@@@ATL@@UAGJKPAPAUIConnectionPoint@@PAK@Z 1000360f f i Totals.obj
 0001:000026e6       ?Skip@?$CComEnumImpl@UIEnumConnectionPoints@@$1?_GUID_b196b285_bab4_101a_b69c_00aa00341d07@@3U__s_GUID@@BPAUIConnectionPoint@@V?$_CopyInterface@UIConnectionPoint@@@ATL@@@ATL@@UAGJK@Z 100036e6 f i Totals.obj
 0001:00002713       ?Clone@?$CComEnumImpl@UIEnumConnectionPoints@@$1?_GUID_b196b285_bab4_101a_b69c_00aa00341d07@@3U__s_GUID@@BPAUIConnectionPoint@@V?$_CopyInterface@UIConnectionPoint@@@ATL@@@ATL@@UAGJPAPAUIEnumConnectionPoints@@@Z 10003713 f i Totals.obj
 0001:000027f4       ?QueryInterface@?$CComObject@V?$CComEnum@UIEnumConnectionPoints@@$1?_GUID_b196b285_bab4_101a_b69c_00aa00341d07@@3U__s_GUID@@BPAUIConnectionPoint@@V?$_CopyInterface@UIConnectionPoint@@@ATL@@VCComSingleThreadModel@6@@ATL@@@ATL@@UAGJABU_GUID@@PAPAX@Z 100037f4 f i Totals.obj
 0001:0000280e       ??_E?$CComObject@V?$CComEnum@UIEnumConnectionPoints@@$1?_GUID_b196b285_bab4_101a_b69c_00aa00341d07@@3U__s_GUID@@BPAUIConnectionPoint@@V?$_CopyInterface@UIConnectionPoint@@@ATL@@VCComSingleThreadModel@6@@ATL@@@ATL@@UAEPAXI@Z 1000380e f i Totals.obj
 0001:0000280e       ??_G?$CComObject@V?$CComEnum@UIEnumConnectionPoints@@$1?_GUID_b196b285_bab4_101a_b69c_00aa00341d07@@3U__s_GUID@@BPAUIConnectionPoint@@V?$_CopyInterface@UIConnectionPoint@@@ATL@@VCComSingleThreadModel@6@@ATL@@@ATL@@UAEPAXI@Z 1000380e f i Totals.obj
 0001:00002830       ?CreateInstance@CComClassFactory@ATL@@UAGJPAUIUnknown@@ABU_GUID@@PAPAX@Z 10003830 f i Totals.obj
 0001:0000286e       ?LockServer@CComClassFactory@ATL@@UAGJH@Z 1000386e f i Totals.obj
 0001:0000288d       ??_ECComClassFactory@ATL@@UAEPAXI@Z 1000388d f i Totals.obj
 0001:0000288d       ??_GCComClassFactory@ATL@@UAEPAXI@Z 1000388d f i Totals.obj
 0001:000028b8       ??$?4UITypeInfo2@@@?$CComPtr@UITypeInfo@@@ATL@@QAEPAUITypeInfo@@ABV?$CComPtr@UITypeInfo2@@@1@@Z 100038b8 f i Totals.obj
 0001:000028e5       ??$AtlAdd@K@ATL@@YAJPAKKK@Z 100038e5 f i Totals.obj
 0001:00002908       ??$AtlAdd@_K@ATL@@YAJPA_K_K1@Z 10003908 f i Totals.obj
 0001:00002940       ??$AtlAddThrow@K@ATL@@YAKKK@Z 10003940 f i Totals.obj
 0001:00002966       ??$AtlModuleRegisterWndClassInfoT@VAtlModuleRegisterWndClassInfoParamW@ATL@@@ATL@@YAGPAU_ATL_BASE_MODULE70@0@PAU_ATL_WIN_MODULE70@0@PAU_ATL_WNDCLASSINFOW@0@PAP6GJPAUHWND__@@IIJ@ZVAtlModuleRegisterWndClassInfoParamW@0@@Z 10003966 f i Totals.obj
 0001:00002ab4       ??$AtlMultiply@H@ATL@@YAJPAHHH@Z 10003ab4 f i Totals.obj
 0001:00002aec       ??$AtlMultiply@I@ATL@@YAJPAIII@Z 10003aec f i Totals.obj
 0001:00002aec       ??$AtlMultiply@K@ATL@@YAJPAKKK@Z 10003aec f i Totals.obj
 0001:00002b0e       ??$AtlMultiplyThrow@I@ATL@@YAIII@Z 10003b0e f i Totals.obj
 0001:00002b34       ??0?$CComAggObject@VCOPOSTotals@@@ATL@@QAE@PAX@Z 10003b34 f i Totals.obj
 0001:00002b61       ??0?$CComContainedObject@VCOPOSTotals@@@ATL@@QAE@PAX@Z 10003b61 f i Totals.obj
 0001:00002c1a       ??0?$CComObject@V?$CComEnum@UIEnumConnectionPoints@@$1?_GUID_b196b285_bab4_101a_b69c_00aa00341d07@@3U__s_GUID@@BPAUIConnectionPoint@@V?$_CopyInterface@UIConnectionPoint@@@ATL@@VCComSingleThreadModel@6@@ATL@@@ATL@@QAE@PAX@Z 10003c1a f i Totals.obj
 0001:00002c48       ??0?$CComObject@V?$CComEnum@UIEnumConnections@@$1?_GUID_b196b287_bab4_101a_b69c_00aa00341d07@@3U__s_GUID@@BUtagCONNECTDATA@@V?$_Copy@UtagCONNECTDATA@@@ATL@@VCComSingleThreadModel@6@@ATL@@@ATL@@QAE@PAX@Z 10003c48 f i Totals.obj
 0001:00002c76       ??0?$CComObject@VCOPOSTotals@@@ATL@@QAE@PAX@Z 10003c76 f i Totals.obj
 0001:00002d2d       ??0?$CComQIPtr@UIOleControlSite@@$1?_GUID_b196b289_bab4_101a_b69c_00aa00341d07@@3U__s_GUID@@B@ATL@@QAE@PAUIUnknown@@@Z 10003d2d f i Totals.obj
 0001:00002d56       ??0CAtlModule@ATL@@QAE@XZ  10003d56 f i Totals.obj
 0001:00002d97       ??0CParseBuffer@CRegParser@ATL@@QAE@H@Z 10003d97 f i Totals.obj
 0001:00002dcd       ??0_ATL_MSG@ATL@@QAE@PAUHWND__@@IIJH@Z 10003dcd f i Totals.obj
 0001:00002e05       ??1?$CComAggObject@VCOPOSTotals@@@ATL@@UAE@XZ 10003e05 f i Totals.obj
 0001:00002e29       ??1?$CComEnumImpl@UIEnumConnectionPoints@@$1?_GUID_b196b285_bab4_101a_b69c_00aa00341d07@@3U__s_GUID@@BPAUIConnectionPoint@@V?$_CopyInterface@UIConnectionPoint@@@ATL@@@ATL@@UAE@XZ 10003e29 f i Totals.obj
 0001:00002e69       ??1?$CComEnumImpl@UIEnumConnections@@$1?_GUID_b196b287_bab4_101a_b69c_00aa00341d07@@3U__s_GUID@@BUtagCONNECTDATA@@V?$_Copy@UtagCONNECTDATA@@@ATL@@@ATL@@UAE@XZ 10003e69 f i Totals.obj
 0001:00002ea9       ??1?$CComObject@V?$CComEnum@UIEnumConnectionPoints@@$1?_GUID_b196b285_bab4_101a_b69c_00aa00341d07@@3U__s_GUID@@BPAUIConnectionPoint@@V?$_CopyInterface@UIConnectionPoint@@@ATL@@VCComSingleThreadModel@6@@ATL@@@ATL@@UAE@XZ 10003ea9 f i Totals.obj
 0001:00002ecc       ??1?$CComObject@V?$CComEnum@UIEnumConnections@@$1?_GUID_b196b287_bab4_101a_b69c_00aa00341d07@@3U__s_GUID@@BUtagCONNECTDATA@@V?$_Copy@UtagCONNECTDATA@@@ATL@@VCComSingleThreadModel@6@@ATL@@@ATL@@UAE@XZ 10003ecc f i Totals.obj
 0001:00002eef       ??1?$CComObject@VCOPOSTotals@@@ATL@@UAE@XZ 10003eef f i Totals.obj
 0001:00002fad       ??1?$CComObjectCached@VCComClassFactory@ATL@@@ATL@@UAE@XZ 10003fad f i Totals.obj
 0001:00002fc3       ??1?$CComObjectRootEx@VCComMultiThreadModel@ATL@@@ATL@@QAE@XZ 10003fc3 f i Totals.obj
 0001:00002fd8       ??1CRegObject@ATL@@UAE@XZ  10003fd8 f i Totals.obj
 0001:00002ff8       ??4?$CComPtr@UIUnknown@@@ATL@@QAEPAUIUnknown@@PAU2@@Z 10003ff8 f i Totals.obj
 0001:00002ff8       ??4?$CComPtr@UIAdviseSink@@@ATL@@QAEPAUIAdviseSink@@PAU2@@Z 10003ff8 f i Totals.obj
 0001:00002ff8       ??4?$CComPtr@UIOleClientSite@@@ATL@@QAEPAUIOleClientSite@@PAU2@@Z 10003ff8 f i Totals.obj
 0001:0000302c       ??4?$CComQIPtr@UIOleObject@@$1?_GUID_00000112_0000_0000_c000_000000000046@@3U__s_GUID@@B@ATL@@QAEPAUIOleObject@@PAUIUnknown@@@Z 1000402c f i Totals.obj
 0001:00003051       ??4?$CComQIPtr@UISpecifyPropertyPages@@$1?_GUID_b196b28b_bab4_101a_b69c_00aa00341d07@@3U__s_GUID@@B@ATL@@QAEPAUISpecifyPropertyPages@@PAUIUnknown@@@Z 10004051 f i Totals.obj
 0001:00003076       ??_G?$CComContainedObject@VCOPOSTotals@@@ATL@@UAEPAXI@Z 10004076 f i Totals.obj
 0001:00003076       ??_E?$CComContainedObject@VCOPOSTotals@@@ATL@@UAEPAXI@Z 10004076 f i Totals.obj
 0001:0000309b       ??_E?$CComObject@VCOPOSTotals@@@ATL@@UAEPAXI@Z 1000409b f i Totals.obj
 0001:0000309b       ??_G?$CComObject@VCOPOSTotals@@@ATL@@UAEPAXI@Z 1000409b f i Totals.obj
 0001:000030c0       ?Add@?$CSimpleArray@GV?$CSimpleArrayEqualHelper@G@ATL@@@ATL@@QAEHABG@Z 100040c0 f i Totals.obj
 0001:00003144       ?Add@?$CSimpleMap@PA_WPA_WVCExpansionVectorEqualHelper@ATL@@@ATL@@QAEHABQA_W0@Z 10004144 f i Totals.obj
 0001:00003199       ?Add@CComDynamicUnkArray@ATL@@QAEKPAUIUnknown@@@Z 10004199 f i Totals.obj
 0001:0000324f       ?Add@CExpansionVector@ATL@@QAEHPB_W0@Z 1000424f f i Totals.obj
 0001:00003353       ?AddString@CParseBuffer@CRegParser@ATL@@QAEHPB_W@Z 10004353 f i Totals.obj
 0001:00003388       ?AddValue@CRegParser@ATL@@IAEJAAVCRegKey@2@PB_WPA_W@Z 10004388 f i Totals.obj
 0001:000036a9       ?Allocate@?$CAtlSafeAllocBufferManager@VCCRTAllocator@ATL@@@_ATL_SAFE_ALLOCA_IMPL@ATL@@QAEPAXK@Z 100046a9 f i Totals.obj
 0001:000036d6       ?Allocate@?$CTempBuffer@E$0BAA@VCCRTAllocator@ATL@@@ATL@@QAEPAEI@Z 100046d6 f i Totals.obj
 0001:00003705       ?Allocate@?$CTempBuffer@_W$0BAA@VCCRTAllocator@ATL@@@ATL@@QAEPA_WI@Z 10004705 f i Totals.obj
 0001:00003734       ?Allocate@?$CTempBuffer@_W$0EAA@VCCRTAllocator@ATL@@@ATL@@QAEPA_WI@Z 10004734 f i Totals.obj
 0001:00003763       ?AllocateHeap@?$CTempBuffer@_W$0BAA@VCCRTAllocator@ATL@@@ATL@@AAEXI@Z 10004763 f i Totals.obj
 0001:00003763       ?AllocateHeap@?$CTempBuffer@_W$0EAA@VCCRTAllocator@ATL@@@ATL@@AAEXI@Z 10004763 f i Totals.obj
 0001:00003763       ?AllocateHeap@?$CTempBuffer@E$0BAA@VCCRTAllocator@ATL@@@ATL@@AAEXI@Z 10004763 f i Totals.obj
 0001:00003788       ?Append@CParseBuffer@CRegParser@ATL@@QAEHPB_WH@Z 10004788 f i Totals.obj
 0001:00003816       ?AtlCallTermFunc@ATL@@YGXPAU_ATL_MODULE70@1@@Z 10004816 f i Totals.obj
 0001:0000385a       ?AtlCoTaskMemCAlloc@ATL@@YAPAXKK@Z 1000485a f i Totals.obj
 0001:00003887       ?AtlCoTaskMemRecalloc@ATL@@YAPAXPAXKK@Z 10004887 f i Totals.obj
 0001:000038b7       ?AtlComModuleGetClassObject@ATL@@YGJPAU_ATL_COM_MODULE70@1@ABU_GUID@@1PAPAX@Z 100048b7 f i Totals.obj
 0001:000039aa       ?AtlComModuleRegisterServer@ATL@@YGJPAU_ATL_COM_MODULE70@1@HPBU_GUID@@@Z 100049aa f i Totals.obj
 0001:00003a32       ?AtlComModuleUnregisterServer@ATL@@YGJPAU_ATL_COM_MODULE70@1@HPBU_GUID@@@Z 10004a32 f i Totals.obj
 0001:00003aba       ?AtlComQIPtrAssign2@ATL@@YAXPAPAUIUnknown@@PAU2@ABU_GUID@@@Z 10004aba f i Totals.obj
 0001:00003ae9       ?AtlCreateTargetDC@ATL@@YGPAUHDC__@@PAU2@PAUtagDVTARGETDEVICE@@@Z 10004ae9 f i Totals.obj
 0001:00003b52       ?AtlCrtErrorCheck@ATL@@YAHH@Z 10004b52 f i Totals.obj
 0001:00003b8d       ?AtlHiMetricToPixel@ATL@@YGXPBUtagSIZE@@PAU2@@Z 10004b8d f i Totals.obj
 0001:00003c02       ?AtlHresultFromLastError@ATL@@YAJXZ 10004c02 f i Totals.obj
 0001:00003c19       ?AtlHresultFromWin32@ATL@@YAJK@Z 10004c19 f i Totals.obj
 0001:00003c2e       ?AtlIPersistStreamInit_Load@ATL@@YGJPAUIStream@@PBUATL_PROPMAP_ENTRY@1@PAXPAUIUnknown@@@Z 10004c2e f i Totals.obj
 0001:00003e0e       ?AtlIPersistStreamInit_Save@ATL@@YGJPAUIStream@@HPBUATL_PROPMAP_ENTRY@1@PAXPAUIUnknown@@@Z 10004e0e f i Totals.obj
 0001:00003fa6       ?AtlInternalOleLoadFromStream@ATL@@YAJPAUIStream@@ABU_GUID@@PAPAXTClassesAllowedInStream@1@K@Z 10004fa6 f i Totals.obj
 0001:000040cc       ?AtlInternalQueryInterface@ATL@@YGJPAXPBU_ATL_INTMAP_ENTRY@1@ABU_GUID@@PAPAX@Z 100050cc f i Totals.obj
 0001:0000416f       ?AtlLoadTypeLib@ATL@@YGJPAUHINSTANCE__@@PB_WPAPA_WPAPAUITypeLib@@@Z 1000516f f i Totals.obj
 0001:0000434d       ?AtlModuleAddTermFunc@ATL@@YGJPAU_ATL_MODULE70@1@P6GXK@ZK@Z 1000534d f i Totals.obj
 0001:000043aa       ?AtlRegisterClassCategoriesHelper@ATL@@YGJABU_GUID@@PBU_ATL_CATMAP_ENTRY@1@H@Z 100053aa f i Totals.obj
 0001:0000468a       ?AtlRegisterTypeLib@ATL@@YGJPAUHINSTANCE__@@PB_W@Z 1000568a f i Totals.obj
 0001:00004812       ?AtlThrowImpl@ATL@@YGXJ@Z  10005812 f i Totals.obj
 0001:00004830       ?AtlUnRegisterTypeLib@ATL@@YGJPAUHINSTANCE__@@PB_W@Z 10005830 f i Totals.obj
 0001:000048db       ?AtlWinModuleAddCreateWndData@ATL@@YGXPAU_ATL_WIN_MODULE70@1@PAU_AtlCreateWndData@1@PAX@Z 100058db f i Totals.obj
 0001:0000492f       ?AtlWinModuleExtractCreateWndData@ATL@@YGPAXPAU_ATL_WIN_MODULE70@1@@Z 1000592f f i Totals.obj
 0001:00004992       ?AtlWinModuleRegisterClassExW@ATL@@YGGPAU_ATL_WIN_MODULE70@1@PBUtagWNDCLASSEXW@@@Z 10005992 f i Totals.obj
 0001:000049d1       ?CanForceRemoveKey@CRegParser@ATL@@IAEHPB_W@Z 100059d1 f i Totals.obj
 0001:00004a00       ?ChToByte@CRegParser@ATL@@KAE_W@Z 10005a00 f i Totals.obj
 0001:00004a33       ?Cleanup@CComTypeInfoHolder@ATL@@SGXK@Z 10005a33 f i Totals.obj
 0001:00004a66       ?ClearReplacements@CExpansionVector@ATL@@QAEJXZ 10005a66 f i Totals.obj
 0001:00004aa3       ?Close@CRegKey@ATL@@QAEJXZ 10005aa3 f i Totals.obj
 0001:00004abd       ?CreateInstance@?$CComCreator@V?$CComAggObject@VCOPOSTotals@@@ATL@@@ATL@@SGJPAXABU_GUID@@PAPAX@Z 10005abd f i Totals.obj
 0001:00004b33       ?CreateInstance@?$CComCreator@V?$CComObject@VCOPOSTotals@@@ATL@@@ATL@@SGJPAXABU_GUID@@PAPAX@Z 10005b33 f i Totals.obj
 0001:00004bb4       ?CreateInstance@?$CComObject@V?$CComEnum@UIEnumConnectionPoints@@$1?_GUID_b196b285_bab4_101a_b69c_00aa00341d07@@3U__s_GUID@@BPAUIConnectionPoint@@V?$_CopyInterface@UIConnectionPoint@@@ATL@@VCComSingleThreadModel@6@@ATL@@@ATL@@SGJPAPAV12@@Z 10005bb4 f i Totals.obj
 0001:00004bfb       ?CreateInstance@?$CComObject@V?$CComEnum@UIEnumConnections@@$1?_GUID_b196b287_bab4_101a_b69c_00aa00341d07@@3U__s_GUID@@BUtagCONNECTDATA@@V?$_Copy@UtagCONNECTDATA@@@ATL@@VCComSingleThreadModel@6@@ATL@@@ATL@@SGJPAPAV12@@Z 10005bfb f i Totals.obj
 0001:00004c42       ?DefaultReflectionHandler@?$CWindowImplRoot@VCWindow@ATL@@@ATL@@SAHPAUHWND__@@IIJAAJ@Z 10005c42 f i Totals.obj
 0001:00004cb5       ?DeleteSubKey@CRegKey@ATL@@QAEJPB_W@Z 10005cb5 f i Totals.obj
 0001:00004d2e       ?DoEvent@COPOSTotals@@IAEXIIJ@Z 10005d2e f i Totals.obj
 0001:00004dae       ?DoVerbHide@?$IOleObjectImpl@VCOPOSTotals@@@ATL@@QAEJPBUtagRECT@@PAUHWND__@@@Z 10005dae f i Totals.obj
 0001:00004de4       ?DoVerbInPlaceActivate@?$IOleObjectImpl@VCOPOSTotals@@@ATL@@QAEJPBUtagRECT@@PAUHWND__@@@Z 10005de4 f i Totals.obj
 0001:00004e17       ?DoVerbPrimary@?$IOleObjectImpl@VCOPOSTotals@@@ATL@@QAEJPBUtagRECT@@PAUHWND__@@@Z 10005e17 f i Totals.obj
 0001:00004ea3       ?DoVerbProperties@CComControlBase@ATL@@QAEJPBUtagRECT@@PAUHWND__@@@Z 10005ea3 f i Totals.obj
 0001:00004fca       ?DoVerbShow@?$IOleObjectImpl@VCOPOSTotals@@@ATL@@QAEJPBUtagRECT@@PAUHWND__@@@Z 10005fca f i Totals.obj
 0001:00004fef       ?DoVerbUIActivate@?$IOleObjectImpl@VCOPOSTotals@@@ATL@@QAEJPBUtagRECT@@PAUHWND__@@@Z 10005fef f i Totals.obj
 0001:0000502c       ?DoesVerbActivate@CComControlBase@ATL@@QAEHJ@Z 1000602c f i Totals.obj
 0001:0000504d       ?DoesVerbUIActivate@CComControlBase@ATL@@QAEHJ@Z 1000604d f i Totals.obj
 0001:00005082       ?EndOfVar@CRegParser@ATL@@IAEHXZ 10006082 f i Totals.obj
 0001:000050a2       ?EscapeSingleQuote@CAtlModule@ATL@@SAXPA_WIPB_W@Z 100060a2 f i Totals.obj
 0001:000050f1       ?FindKey@?$CSimpleMap@PA_WPA_WVCExpansionVectorEqualHelper@ATL@@@ATL@@QBEHABQA_W@Z 100060f1 f i Totals.obj
 0001:00005128       ?FireTheEvent@?$CProxy_IOPOSEvents@VCOPOSTotals@@@@IAEXPAVOposVariant@@IAAJPB_WJ@Z 10006128 f i Totals.obj
 0001:000051ba       ?FireViewChange@CComControlBase@ATL@@QAEJXZ 100061ba f i Totals.obj
 0001:00005203       ?Fire_DirectIOEvent@?$CProxy_IOPOSEvents@VCOPOSTotals@@@@QAEXJPAJPAPA_W@Z 10006203 f i Totals.obj
 0001:000052e9       ?Fire_StatusUpdateEvent@?$CProxy_IOPOSEvents@VCOPOSTotals@@@@QAEXJ@Z 100062e9 f i Totals.obj
 0001:00005375       ?FreeHeap@?$CTempBuffer@_W$0EAA@VCCRTAllocator@ATL@@@ATL@@AAEXXZ 10006375 f i Totals.obj
 0001:00005375       ?FreeHeap@?$CTempBuffer@E$0BAA@VCCRTAllocator@ATL@@@ATL@@AAEXXZ 10006375 f i Totals.obj
 0001:00005375       ?FreeHeap@?$CTempBuffer@_W$0BAA@VCCRTAllocator@ATL@@@ATL@@AAEXXZ 10006375 f i Totals.obj
 0001:0000537e       ?GetAmbientLocaleID@CComControlBase@ATL@@QAEJAAK@Z 1000637e f i Totals.obj
 0001:000053da       ?GetAmbientUserMode@CComControlBase@ATL@@QAEJAAH@Z 100063da f i Totals.obj
 0001:0000544a       ?GetAt@CComDynamicUnkArray@ATL@@QAEPAUIUnknown@@H@Z 1000644a f i Totals.obj
 0001:00005466       ?GetClassObject@CComModule@ATL@@QAEJABU_GUID@@0PAPAX@Z 10006466 f i Totals.obj
 0001:00005508       ?GetConnMap@COPOSTotals@@SAPBU_ATL_CONNMAP_ENTRY@ATL@@PAH@Z 10006508 f i Totals.obj
 0001:00005578       ?GetCookie@CComDynamicUnkArray@ATL@@QAGKPAPAUIUnknown@@@Z 10006578 f i Totals.obj
 0001:000055b0       ?GetIDsOfNames@CComTypeInfoHolder@ATL@@QAEJABU_GUID@@PAPA_WIKPAJ@Z 100065b0 f i Totals.obj
 0001:000056be       ?GetKeyAt@?$CSimpleMap@PA_WPA_WVCExpansionVectorEqualHelper@ATL@@@ATL@@QBEAAPA_WH@Z 100066be f i Totals.obj
 0001:000056e3       ?GetPagesHelper@?$ISpecifyPropertyPagesImpl@VCOPOSTotals@@@ATL@@IAEJPAUtagCAUUID@@PBUATL_PROPMAP_ENTRY@2@@Z 100066e3 f i Totals.obj
 0001:0000580a       ?GetProperty@?$CComPtr@UIDispatch@@@ATL@@SAJPAUIDispatch@@JPAUtagVARIANT@@@Z 1000680a f i Totals.obj
 0001:00005859       ?GetSizeMax@CComVariant@ATL@@QBEJPAT_ULARGE_INTEGER@@@Z 10006859 f i Totals.obj
 0001:00005a13       ?GetStreamSize@CComBSTR@ATL@@SAKPA_W@Z 10006a13 f i Totals.obj
 0001:00005a2d       ?GetTI@CComTypeInfoHolder@ATL@@QAEJK@Z 10006a2d f i Totals.obj
 0001:00005c16       ?GetTI@CComTypeInfoHolder@ATL@@QAEJKPAPAUITypeInfo@@@Z 10006c16 f i Totals.obj
 0001:00005c58       ?GetUnknown@CComDynamicUnkArray@ATL@@QAGPAUIUnknown@@K@Z 10006c58 f i Totals.obj
 0001:00005c79       ?GetValueAt@?$CSimpleMap@PA_WPA_WVCExpansionVectorEqualHelper@ATL@@@ATL@@QBEAAPA_WH@Z 10006c79 f i Totals.obj
 0001:00005c9f       ?GetZoomInfo@CComControlBase@ATL@@QAEXAAUATL_DRAWINFO@@@Z 10006c9f f i Totals.obj
 0001:00005d32       ?HKeyFromString@CRegParser@ATL@@KAPAUHKEY__@@PA_W@Z 10006d32 f i Totals.obj
 0001:00005d60       ?HasSubKeys@CRegParser@ATL@@IAEHPAUHKEY__@@@Z 10006d60 f i Totals.obj
 0001:00005d95       ?IDataObject_GetData@CComControlBase@ATL@@QAEJPAUtagFORMATETC@@PAUtagSTGMEDIUM@@@Z 10006d95 f i Totals.obj
 0001:00005f3b       ?IOleInPlaceObject_InPlaceDeactivate@CComControlBase@ATL@@QAEJXZ 10006f3b f i Totals.obj
 0001:00005fc2       ?IOleInPlaceObject_SetObjectRects@CComControlBase@ATL@@QAEJPBUtagRECT@@0@Z 10006fc2 f i Totals.obj
 0001:0000608f       ?IOleInPlaceObject_UIDeactivate@CComControlBase@ATL@@QAEJXZ 1000708f f i Totals.obj
 0001:00006151       ?IOleObject_Advise@CComControlBase@ATL@@QAEJPAUIAdviseSink@@PAK@Z 10007151 f i Totals.obj
 0001:0000617b       ?IOleObject_Close@CComControlBase@ATL@@QAEJK@Z 1000717b f i Totals.obj
 0001:0000625f       ?IOleObject_GetClientSite@CComControlBase@ATL@@QAEJPAPAUIOleClientSite@@@Z 1000725f f i Totals.obj
 0001:00006288       ?IOleObject_SetClientSite@CComControlBase@ATL@@QAEJPAUIOleClientSite@@@Z 10007288 f i Totals.obj
 0001:000062c7       ?IOleObject_SetExtent@CComControlBase@ATL@@QAEJKPAUtagSIZE@@@Z 100072c7 f i Totals.obj
 0001:0000637b       ?IPSI_GetIPersistStreamInit@?$IPersistStorageImpl@VCOPOSTotals@@@ATL@@AAEPAUIPersistStreamInit@@XZ 1000737b f i Totals.obj
 0001:000063bd       ?IPersistStreamInit_Load@?$IPersistStreamInitImpl@VCOPOSTotals@@@ATL@@QAEJPAUIStream@@PBUATL_PROPMAP_ENTRY@2@@Z 100073bd f i Totals.obj
 0001:000063e9       ?IPersistStreamInit_Save@?$IPersistStreamInitImpl@VCOPOSTotals@@@ATL@@QAEJPAUIStream@@HPBUATL_PROPMAP_ENTRY@2@@Z 100073e9 f i Totals.obj
 0001:0000641e       ?IQuickActivate_QuickActivate@CComControlBase@ATL@@QAEJPAUtagQACONTAINER@@PAUtagQACONTROL@@@Z 1000741e f i Totals.obj
 0001:00006660       ?IViewObject_Draw@CComControlBase@ATL@@QAEJKJPAXPAUtagDVTARGETDEVICE@@PAUHDC__@@2PBU_RECTL@@3@Z 10007660 f i Totals.obj
 0001:00006708       ?InPlaceActivate@CComControlBase@ATL@@QAEJJPBUtagRECT@@@Z 10007708 f i Totals.obj
 0001:00006979       ?Init@?$CComEnumImpl@UIEnumConnectionPoints@@$1?_GUID_b196b285_bab4_101a_b69c_00aa00341d07@@3U__s_GUID@@BPAUIConnectionPoint@@V?$_CopyInterface@UIConnectionPoint@@@ATL@@@ATL@@QAEJPAPAUIConnectionPoint@@0PAUIUnknown@@W4CComEnumFlags@2@@Z 10007979 f i Totals.obj
 0001:00006a58       ?Init@?$CComEnumImpl@UIEnumConnections@@$1?_GUID_b196b287_bab4_101a_b69c_00aa00341d07@@3U__s_GUID@@BUtagCONNECTDATA@@V?$_Copy@UtagCONNECTDATA@@@ATL@@@ATL@@QAEJPAUtagCONNECTDATA@@0PAUIUnknown@@W4CComEnumFlags@2@@Z 10007a58 f i Totals.obj
 0001:00006b37       ?Init@CComModule@ATL@@QAEJPAU_ATL_OBJMAP_ENTRY30@2@PAUHINSTANCE__@@PBU_GUID@@@Z 10007b37 f i Totals.obj
 0001:00006b96       ?Init@CDynamicStdCallThunk2@ATL@@QAEHKPAX@Z 10007b96 f i Totals.obj
 0001:00006bc1       ?InlineIsEqualUnknown@ATL@@YGHABU_GUID@@@Z 10007bc1 f i Totals.obj
 0001:00006be9       ?InternalGetSite@CComControlBase@ATL@@QAEJABU_GUID@@PAPAX@Z 10007be9 f i Totals.obj
 0001:00006c17       ?InternalSetAtIndex@?$CSimpleMap@PA_WPA_WVCExpansionVectorEqualHelper@ATL@@@ATL@@QAEXHABQA_W0@Z 10007c17 f i Totals.obj
 0001:00006c41       ?Invoke@CComTypeInfoHolder@ATL@@QAEJPAUIDispatch@@JABU_GUID@@KGPAUtagDISPPARAMS@@PAUtagVARIANT@@PAUtagEXCEPINFO@@PAI@Z 10007c41 f i Totals.obj
 0001:00006c84       ?IsEqualObject@?$CComPtrBase@UIOleClientSite@@@ATL@@QAE_NPAUIUnknown@@@Z 10007c84 f i Totals.obj
 0001:00006c84       ?IsEqualObject@?$CComPtrBase@UITypeInfo@@@ATL@@QAE_NPAUIUnknown@@@Z 10007c84 f i Totals.obj
 0001:00006cf1       ?IsSpace@CRegParser@ATL@@IAEH_W@Z 10007cf1 f i Totals.obj
 0001:00006d1b       ?LoadNameCache@CComTypeInfoHolder@ATL@@QAEJPAUITypeInfo@@@Z 10007d1b f i Totals.obj
 0001:00006e69       ?Lookup@?$CSimpleMap@PA_WPA_WVCExpansionVectorEqualHelper@ATL@@@ATL@@QBEPA_WABQA_W@Z 10007e69 f i Totals.obj
 0001:00006e8f       ?NextToken@CRegParser@ATL@@IAEJPA_W@Z 10007e8f f i Totals.obj
 0001:00006fc7       ?OnKillFocus@CComControlBase@ATL@@QAEJIIJAAH@Z 10007fc7 f i Totals.obj
 0001:00007022       ?OnMouseActivate@CComControlBase@ATL@@QAEJIIJAAH@Z 10008022 f i Totals.obj
 0001:00007090       ?OnPaint@CComControlBase@ATL@@QAEJIIJAAH@Z 10008090 f i Totals.obj
 0001:00007142       ?OnSetFocus@CComControlBase@ATL@@QAEJIIJAAH@Z 10008142 f i Totals.obj
 0001:000071cb       ?Open@CRegKey@ATL@@QAEJPAUHKEY__@@PB_WK@Z 100081cb f i Totals.obj
 0001:00007220       ?PreProcessBuffer@CRegParser@ATL@@QAEJPA_WPAPA_W@Z 10008220 f i Totals.obj
 0001:0000748a       ?ProcessWindowMessage@?$CComControl@VCOPOSTotals@@V?$CWindowImpl@VCOPOSTotals@@VCWindow@ATL@@V?$CWinTraits@$0FGAAAAAA@$0A@@3@@ATL@@@ATL@@UAEHPAUHWND__@@IIJAAJK@Z 1000848a f i Totals.obj
 0001:00007529       ?PutProperty@?$CComPtr@UIDispatch@@@ATL@@SAJPAUIDispatch@@JPAUtagVARIANT@@@Z 10008529 f i Totals.obj
 0001:000075bb       ?ReadFromStream@CComBSTR@ATL@@QAEJPAUIStream@@@Z 100085bb f i Totals.obj
 0001:000076e9       ?ReadFromStream@CComVariant@ATL@@QAEJPAUIStream@@GTClassesAllowedInStream@2@K@Z 100086e9 f i Totals.obj
 0001:0000786f       ?RecurseDeleteKey@CRegKey@ATL@@QAEJPB_W@Z 1000886f f i Totals.obj
 0001:00007931       ?RegCreateKeyExW@CAtlTransactionManager@ATL@@QAEJPAUHKEY__@@PB_WKPA_WKKQAU_SECURITY_ATTRIBUTES@@PAPAU3@PAK@Z 10008931 f i Totals.obj
 0001:00007994       ?RegDeleteKeyW@CAtlTransactionManager@ATL@@QAEJPAUHKEY__@@PB_W@Z 10008994 f i Totals.obj
 0001:000079e6       ?RegOpenKeyExW@CAtlTransactionManager@ATL@@QAEJPAUHKEY__@@PB_WKKPAPAU3@@Z 100089e6 f i Totals.obj
 0001:00007a3d       ?Register@_ATL_WNDCLASSINFOW@ATL@@QAEGPAP6GJPAUHWND__@@IIJ@Z@Z 10008a3d f i Totals.obj
 0001:00007a5d       ?RegisterBuffer@CRegParser@ATL@@QAEJPA_WH@Z 10008a5d f i Totals.obj
 0001:00007b96       ?RegisterFromResource@CRegObject@ATL@@IAEJPB_W00H@Z 10008b96 f i Totals.obj
 0001:00007ccc       ?RegisterServer@?$CAtlModuleT@VCComModule@ATL@@@ATL@@QAEJHPBU_GUID@@@Z 10008ccc f i Totals.obj
 0001:00007cfa       ?RegisterServer@CComModule@ATL@@QAEJHPBU_GUID@@@Z 10008cfa f i Totals.obj
 0001:00007d70       ?RegisterSubkeys@CRegParser@ATL@@IAEJPA_WPAUHKEY__@@HH@Z 10008d70 f i Totals.obj
 0001:00008342       ?Remove@CComDynamicUnkArray@ATL@@QAEHK@Z 10009342 f i Totals.obj
 0001:0000836b       ?RemoveAll@?$CSimpleMap@PA_WPA_WVCExpansionVectorEqualHelper@ATL@@@ATL@@QAEXXZ 1000936b f i Totals.obj
 0001:00008397       ?ResourceRegisterSz@CRegObject@ATL@@QAGJPB_W00@Z 10009397 f i Totals.obj
 0001:000083c4       ?ResourceUnregisterSz@CRegObject@ATL@@QAGJPB_W00@Z 100093c4 f i Totals.obj
 0001:000083f1       ?SendOnDataChange@CComControlBase@ATL@@QAEJK@Z 100093f1 f i Totals.obj
 0001:0000843e       ?SetControlFocus@CComControlBase@ATL@@QAEHH@Z 1000943e f i Totals.obj
 0001:000084db       ?SetMultiStringValue@CRegKey@ATL@@QAEJPB_W0@Z 100094db f i Totals.obj
 0001:00008537       ?SetStringValue@CRegKey@ATL@@QAEJPB_W0K@Z 10009537 f i Totals.obj
 0001:00008580       ?SkipAssignment@CRegParser@ATL@@IAEJPA_W@Z 10009580 f i Totals.obj
 0001:000085e5       ?SkipWhiteSpace@CRegParser@ATL@@IAEXXZ 100095e5 f i Totals.obj
 0001:00008607       ?StrChrW@CRegParser@ATL@@KAPA_WPA_W_W@Z 10009607 f i Totals.obj
 0001:00008644       ?Term@CAtlModule@ATL@@QAEXXZ 10009644 f i Totals.obj
 0001:0000867d       ?Term@CComModule@ATL@@QAEXXZ 1000967d f i Totals.obj
 0001:000086d5       ?UnregisterServer@?$CAtlModuleT@VCComModule@ATL@@@ATL@@QAEJHPBU_GUID@@@Z 100096d5 f i Totals.obj
 0001:000086fb       ?UnregisterServer@CComModule@ATL@@QAEJHPBU_GUID@@@Z 100096fb f i Totals.obj
 0001:00008771       ?UpdateRegistryFromResource@CAtlModule@ATL@@QAGJIHPAU_ATL_REGMAP_ENTRY@2@@Z 10009771 f i Totals.obj
 0001:0000893c       ?UpdateRegistryFromResource@CAtlModule@ATL@@QAGJPB_WHPAU_ATL_REGMAP_ENTRY@2@@Z 1000993c f i Totals.obj
 0001:00008b0d       ?VTFromRegType@CRegParser@ATL@@KAHPB_WAAG@Z 10009b0d f i Totals.obj
 0001:00008b7a       ?WindowProc@?$CWindowImplBaseT@VCWindow@ATL@@V?$CWinTraits@$0FGAAAAAA@$0A@@2@@ATL@@SGJPAUHWND__@@IIJ@Z 10009b7a f i Totals.obj
 0001:00008c6c       ?WriteToStream@CComBSTR@ATL@@QAEJPAUIStream@@@Z 10009c6c f i Totals.obj
 0001:00008cc3       ?WriteToStream@CComVariant@ATL@@QAEJPAUIStream@@@Z 10009cc3 f i Totals.obj
 0001:00008e3d       ?WriteToStream@CComVariant@ATL@@QAEJPAUIStream@@G@Z 10009e3d f i Totals.obj
 0001:00008ea6       ?_AtlInitialConstruct@?$CComObjectRootEx@VCComMultiThreadModel@ATL@@@ATL@@QAEJXZ 10009ea6 f i Totals.obj
 0001:00008ebb       ?_AtlVerifyStackAvailable@_ATL_SAFE_ALLOCA_IMPL@ATL@@YA_NK@Z 10009ebb f i Totals.obj
 0001:00008f39       ?atlCreate@?$CWindowImpl@VCOPOSTotals@@VCWindow@ATL@@V?$CWinTraits@$0FGAAAAAA@$0A@@3@@ATL@@QAEPAUHWND__@@PAU3@V_U_RECT@2@PB_WKKV_U_MENUorID@2@PAX@Z 10009f39 f i Totals.obj
 0001:00008f7d       ?atlCreate@?$CWindowImplBaseT@VCWindow@ATL@@V?$CWinTraits@$0FGAAAAAA@$0A@@2@@ATL@@QAEPAUHWND__@@PAU3@V_U_RECT@2@PB_WKKV_U_MENUorID@2@GPAX@Z 10009f7d f i Totals.obj
 0001:00009019       ?atlCreate@CRegKey@ATL@@QAEJPAUHKEY__@@PB_WPA_WKKPAU_SECURITY_ATTRIBUTES@@PAK@Z 1000a019 f i Totals.obj
 0001:00009088       ?copy@?$_Copy@UtagCONNECTDATA@@@ATL@@SAJPAUtagCONNECTDATA@@PBU3@@Z 1000a088 f i Totals.obj
 0001:000090be       ?copy@?$_CopyInterface@UIConnectionPoint@@@ATL@@SAJPAPAUIConnectionPoint@@PBQAU3@@Z 1000a0be f i Totals.obj
 0001:000090ec       ?memcpy_s@Checked@ATL@@YAXPAXIPBXI@Z 1000a0ec f i Totals.obj
 0001:0000910b       ?ocscpy_s@@YA_NPA_WIPB_W@Z 1000a10b f i Totals.obj
 0001:0000913a       ?ocslen@@YAHPB_W@Z         1000a13a f i Totals.obj
 0001:0000915a       ?wcscpy_s@Checked@ATL@@YAXPA_WIPB_W@Z 1000a15a f i Totals.obj
 0001:00009176       _DllCanUnloadNow@0         1000a176 f   Totals.obj
 0001:00009182       _DllGetClassObject@12      1000a182 f   Totals.obj
 0001:00009190       _DllMain@12                1000a190 f   Totals.obj
 0001:000091d2       _DllRegisterServer@0       1000a1d2 f   Totals.obj
 0001:000091e1       _DllUnregisterServer@0     1000a1e1 f   Totals.obj
 0001:000091f0       _InlineIsEqualGUID         1000a1f0 f i Totals.obj
 0001:00009220       ___local_stdio_printf_options 1000a220 f i Totals.obj
 0001:00009226       __vswprintf_s_l            1000a226 f i Totals.obj
 0001:000092d3       _swprintf_s                1000a2d3 f i Totals.obj
 0001:000092ef       ??0?$CComControl@VCOPOSTotals@@V?$CWindowImpl@VCOPOSTotals@@VCWindow@ATL@@V?$CWinTraits@$0FGAAAAAA@$0A@@3@@ATL@@@ATL@@QAE@XZ 1000a2ef f i TotalsImpl.obj
 0001:00009316       ??0CComControlBase@ATL@@QAE@AAPAUHWND__@@@Z 1000a316 f i TotalsImpl.obj
 0001:00009360       ??0COPOSTotals@@QAE@XZ     1000a360 f   TotalsImpl.obj
 0001:000093af       ??1?$CComControl@VCOPOSTotals@@V?$CWindowImpl@VCOPOSTotals@@VCWindow@ATL@@V?$CWinTraits@$0FGAAAAAA@$0A@@3@@ATL@@@ATL@@UAE@XZ 1000a3af f i TotalsImpl.obj
 0001:000093c8       ??1?$IConnectionPointImpl@VCOPOSTotals@@$1?DIID__IOPOSTotalsEvents@@3U_GUID@@BVCComDynamicUnkArray@ATL@@@ATL@@QAE@XZ 1000a3c8 f i TotalsImpl.obj
 0001:000093c8       ??1?$IConnectionPointImpl@VCOPOSTotals@@$1?IID_IPropertyNotifySink@@3U_GUID@@BVCComDynamicUnkArray@ATL@@@ATL@@QAE@XZ 1000a3c8 f i TotalsImpl.obj
 0001:00009405       ??1CComControlBase@ATL@@UAE@XZ 1000a405 f i TotalsImpl.obj
 0001:00009468       ??1COPOSTotals@@UAE@XZ     1000a468 f   TotalsImpl.obj
 0001:000094b0       ??1OposVariantResult@@QAE@XZ 1000a4b0 f i TotalsImpl.obj
 0001:000094d1       ??1_CW@@QAE@XZ             1000a4d1 f i TotalsImpl.obj
 0001:000094ea       ?BeginTrans@COPOSTotals@@UAGJPAJ@Z 1000a4ea f   TotalsImpl.obj
 0001:00009505       ?CheckHealth@COPOSTotals@@UAGJJPAJ@Z 1000a505 f   TotalsImpl.obj
 0001:00009554       ?ClaimDevice@COPOSTotals@@UAGJJPAJ@Z 1000a554 f   TotalsImpl.obj
 0001:000095c2       ?ClaimFile@COPOSTotals@@UAGJJJPAJ@Z 1000a5c2 f   TotalsImpl.obj
 0001:00009636       ?Close@COPOSTotals@@UAGJPAJ@Z 1000a636 f   TotalsImpl.obj
 0001:000096a4       ?CommitTrans@COPOSTotals@@UAGJPAJ@Z 1000a6a4 f   TotalsImpl.obj
 0001:000096bf       ?CompareFirmwareVersion@COPOSTotals@@UAGJPA_WPAJ1@Z 1000a6bf f   TotalsImpl.obj
 0001:0000973f       ?Create@COPOSTotals@@UAGJPA_WPAJJF1@Z 1000a73f f   TotalsImpl.obj
 0001:000097f8       ?Delete@COPOSTotals@@UAGJPA_WPAJ@Z 1000a7f8 f   TotalsImpl.obj
 0001:0000984f       ?DirectIO@COPOSTotals@@UAGJJPAJPAPA_W0@Z 1000a84f f   TotalsImpl.obj
 0001:000098fd       ?DoInvoke@COPOSTotals@@IAEJJPAVOposVariant@@IHPAJ_N@Z 1000a8fd f   TotalsImpl.obj
 0001:000099bf       ?EventClose@COPOSTotals@@IAEXXZ 1000a9bf f i TotalsImpl.obj
 0001:000099f2       ?EventInit@COPOSTotals@@IAEJXZ 1000a9f2 f i TotalsImpl.obj
 0001:00009abe       ?EventUninit@COPOSTotals@@IAEXXZ 1000aabe f i TotalsImpl.obj
 0001:00009b10       ?EventWindowProc@COPOSTotals@@IAGJIIJ@Z 1000ab10 f i TotalsImpl.obj
 0001:00009b87       ?FinalConstruct@COPOSTotals@@QAEJXZ 1000ab87 f   TotalsImpl.obj
 0001:00009bc0       ?Find@COPOSTotals@@UAGJPA_WPAJ11@Z 1000abc0 f   TotalsImpl.obj
 0001:00009c78       ?FindByIndex@COPOSTotals@@UAGJJPAPA_WPAJ@Z 1000ac78 f   TotalsImpl.obj
 0001:00009cf4       ?FireEventCleanup@COPOSTotals@@IAEXXZ 1000acf4 f i TotalsImpl.obj
 0001:00009d0a       ?FireEventSetup@COPOSTotals@@IAE_NXZ 1000ad0a f i TotalsImpl.obj
 0001:00009d3e       ?FreezeEvents@COPOSTotals@@MAGJH@Z 1000ad3e f   TotalsImpl.obj
 0001:00009d8f       ?GetOposProp@COPOSTotals@@IAEJJPAFJ@Z 1000ad8f f   TotalsImpl.obj
 0001:00009db2       ?GetOposProp@COPOSTotals@@IAEJJPAJJ@Z 1000adb2 f   TotalsImpl.obj
 0001:00009e70       ?GetOposProp@COPOSTotals@@IAEJJPAPA_WJ@Z 1000ae70 f   TotalsImpl.obj
 0001:00009f3b       ?OnDraw@COPOSTotals@@MAEJAAUATL_DRAWINFO@@@Z 1000af3b f   TotalsImpl.obj
 0001:00009fdb       ?Open@COPOSTotals@@UAGJPA_WPAJ@Z 1000afdb f   TotalsImpl.obj
 0001:0000a772       ?Read@COPOSTotals@@UAGJJPAPA_WJJPAJ@Z 1000b772 f   TotalsImpl.obj
 0001:0000a821       ?RecalculateValidationData@COPOSTotals@@UAGJJPAJ@Z 1000b821 f   TotalsImpl.obj
 0001:0000a870       ?ReleaseDevice@COPOSTotals@@UAGJPAJ@Z 1000b870 f   TotalsImpl.obj
 0001:0000a8a7       ?ReleaseFile@COPOSTotals@@UAGJJPAJ@Z 1000b8a7 f   TotalsImpl.obj
 0001:0000a8f6       ?Rename@COPOSTotals@@UAGJJPA_WPAJ@Z 1000b8f6 f   TotalsImpl.obj
 0001:0000a972       ?ResetStatistics@COPOSTotals@@UAGJPA_WPAJ@Z 1000b972 f   TotalsImpl.obj
 0001:0000a9c9       ?RetrieveStatistics@COPOSTotals@@UAGJPAPA_WPAJ@Z 1000b9c9 f   TotalsImpl.obj
 0001:0000aa20       ?Rollback@COPOSTotals@@UAGJPAJ@Z 1000ba20 f   TotalsImpl.obj
 0001:0000aa3b       ?SOProcessID@COPOSTotals@@UAGJPAJ@Z 1000ba3b f   TotalsImpl.obj
 0001:0000aa4f       ?SetAll@COPOSTotals@@UAGJJJPAJ@Z 1000ba4f f   TotalsImpl.obj
 0001:0000aac3       ?SetCOFreezeEvents@COPOSTotals@@IAEXF@Z 1000bac3 f   TotalsImpl.obj
 0001:0000ab4e       ?SetOposProp@COPOSTotals@@IAEJJJJ@Z 1000bb4e f   TotalsImpl.obj
 0001:0000ac2c       ?UpdateFirmware@COPOSTotals@@UAGJPA_WPAJ@Z 1000bc2c f   TotalsImpl.obj
 0001:0000ac83       ?UpdateStatistics@COPOSTotals@@UAGJPA_WPAJ@Z 1000bc83 f   TotalsImpl.obj
 0001:0000acda       ?ValidateData@COPOSTotals@@UAGJJPAJ@Z 1000bcda f   TotalsImpl.obj
 0001:0000ad29       ?Write@COPOSTotals@@UAGJJPA_WJJPAJ@Z 1000bd29 f   TotalsImpl.obj
 0001:0000add8       ?get_BinaryConversion@COPOSTotals@@UAGJPAJ@Z 1000bdd8 f   TotalsImpl.obj
 0001:0000adee       ?get_CapCompareFirmwareVersion@COPOSTotals@@UAGJPAF@Z 1000bdee f   TotalsImpl.obj
 0001:0000ae07       ?get_CapErrorDetection@COPOSTotals@@UAGJPAF@Z 1000be07 f   TotalsImpl.obj
 0001:0000ae20       ?get_CapPowerReporting@COPOSTotals@@UAGJPAJ@Z 1000be20 f   TotalsImpl.obj
 0001:0000ae39       ?get_CapSingleFile@COPOSTotals@@UAGJPAF@Z 1000be39 f   TotalsImpl.obj
 0001:0000ae52       ?get_CapStatisticsReporting@COPOSTotals@@UAGJPAF@Z 1000be52 f   TotalsImpl.obj
 0001:0000ae6b       ?get_CapTransactions@COPOSTotals@@UAGJPAF@Z 1000be6b f   TotalsImpl.obj
 0001:0000ae84       ?get_CapUpdateFirmware@COPOSTotals@@UAGJPAF@Z 1000be84 f   TotalsImpl.obj
 0001:0000ae9d       ?get_CapUpdateStatistics@COPOSTotals@@UAGJPAF@Z 1000be9d f   TotalsImpl.obj
 0001:0000aeb6       ?get_CheckHealthText@COPOSTotals@@UAGJPAPA_W@Z 1000beb6 f   TotalsImpl.obj
 0001:0000aecf       ?get_Claimed@COPOSTotals@@UAGJPAF@Z 1000becf f   TotalsImpl.obj
 0001:0000aee5       ?get_ControlObjectDescription@COPOSTotals@@UAGJPAPA_W@Z 1000bee5 f   TotalsImpl.obj
 0001:0000af22       ?get_ControlObjectVersion@COPOSTotals@@UAGJPAJ@Z 1000bf22 f   TotalsImpl.obj
 0001:0000af35       ?get_DeviceDescription@COPOSTotals@@UAGJPAPA_W@Z 1000bf35 f   TotalsImpl.obj
 0001:0000af4e       ?get_DeviceEnabled@COPOSTotals@@UAGJPAF@Z 1000bf4e f   TotalsImpl.obj
 0001:0000af64       ?get_DeviceName@COPOSTotals@@UAGJPAPA_W@Z 1000bf64 f   TotalsImpl.obj
 0001:0000af7d       ?get_FreeData@COPOSTotals@@UAGJPAJ@Z 1000bf7d f   TotalsImpl.obj
 0001:0000af96       ?get_FreezeEvents@COPOSTotals@@UAGJPAF@Z 1000bf96 f   TotalsImpl.obj
 0001:0000afac       ?get_NumberOfFiles@COPOSTotals@@UAGJPAJ@Z 1000bfac f   TotalsImpl.obj
 0001:0000afc5       ?get_OpenResult@COPOSTotals@@UAGJPAJ@Z 1000bfc5 f   TotalsImpl.obj
 0001:0000afdc       ?get_PowerNotify@COPOSTotals@@UAGJPAJ@Z 1000bfdc f   TotalsImpl.obj
 0001:0000aff2       ?get_PowerState@COPOSTotals@@UAGJPAJ@Z 1000bff2 f   TotalsImpl.obj
 0001:0000b008       ?get_ResultCode@COPOSTotals@@UAGJPAJ@Z 1000c008 f   TotalsImpl.obj
 0001:0000b046       ?get_ResultCodeExtended@COPOSTotals@@UAGJPAJ@Z 1000c046 f   TotalsImpl.obj
 0001:0000b05c       ?get_ServiceObjectDescription@COPOSTotals@@UAGJPAPA_W@Z 1000c05c f   TotalsImpl.obj
 0001:0000b075       ?get_ServiceObjectVersion@COPOSTotals@@UAGJPAJ@Z 1000c075 f   TotalsImpl.obj
 0001:0000b08b       ?get_State@COPOSTotals@@UAGJPAJ@Z 1000c08b f   TotalsImpl.obj
 0001:0000b0b7       ?get_TotalsSize@COPOSTotals@@UAGJPAJ@Z 1000c0b7 f   TotalsImpl.obj
 0001:0000b0d0       ?get_TransactionInProgress@COPOSTotals@@UAGJPAF@Z 1000c0d0 f   TotalsImpl.obj
 0001:0000b0e9       ?put_BinaryConversion@COPOSTotals@@UAGJJ@Z 1000c0e9 f   TotalsImpl.obj
 0001:0000b0ff       ?put_DeviceEnabled@COPOSTotals@@UAGJF@Z 1000c0ff f   TotalsImpl.obj
 0001:0000b11c       ?put_FreezeEvents@COPOSTotals@@UAGJF@Z 1000c11c f   TotalsImpl.obj
 0001:0000b168       ?put_PowerNotify@COPOSTotals@@UAGJJ@Z 1000c168 f   TotalsImpl.obj
 0001:0000b17e       ?s_EventWindowProc@COPOSTotals@@KGJPAUHWND__@@IIJ@Z 1000c17e f i TotalsImpl.obj
 0001:0000b1d0       ??_U@YAPAXI@Z              1000c1d0 f   LIBCMT:new_array.obj
 0001:0000b1d9       ??3@YAXPAXI@Z              1000c1d9 f   LIBCMT:delete_scalar_size.obj
 0001:0000b1e7       ??_V@YAXPAX@Z              1000c1e7 f   LIBCMT:delete_array.obj
 0001:0000b1ec       ??_V@YAXPAXI@Z             1000c1ec f   LIBCMT:delete_array_size.obj
 0001:0000b23e       ___scrt_acquire_startup_lock 1000c23e f   LIBCMT:utility.obj
 0001:0000b270       ___scrt_dllmain_after_initialize_c 1000c270 f   LIBCMT:utility.obj
 0001:0000b29b       ___scrt_dllmain_before_initialize_c 1000c29b f   LIBCMT:utility.obj
 0001:0000b2a9       ___scrt_dllmain_crt_thread_attach 1000c2a9 f   LIBCMT:utility.obj
 0001:0000b2c8       ___scrt_dllmain_crt_thread_detach 1000c2c8 f   LIBCMT:utility.obj
 0001:0000b2d5       ___scrt_dllmain_exception_filter 1000c2d5 f   LIBCMT:utility.obj
 0001:0000b309       ___scrt_dllmain_uninitialize_c 1000c309 f   LIBCMT:utility.obj
 0001:0000b32c       ___scrt_dllmain_uninitialize_critical 1000c32c f   LIBCMT:utility.obj
 0001:0000b339       ___scrt_initialize_crt     1000c339 f   LIBCMT:utility.obj
 0001:0000b372       ___scrt_initialize_onexit_tables 1000c372 f   LIBCMT:utility.obj
 0001:0000b3f9       ___scrt_is_nonwritable_in_current_image 1000c3f9 f   LIBCMT:utility.obj
 0001:0000b48d       ___scrt_release_startup_lock 1000c48d f   LIBCMT:utility.obj
 0001:0000b4aa       ___scrt_uninitialize_crt   1000c4aa f   LIBCMT:utility.obj
 0001:0000b4d2       __onexit                   1000c4d2 f   LIBCMT:utility.obj
 0001:0000b4ff       _atexit                    1000c4ff f   LIBCMT:utility.obj
 0001:0000b514       ??3@YAXPAX@Z               1000c514 f   LIBCMT:delete_scalar.obj
 0001:0000b5de       __Init_thread_footer       1000c5de f   LIBCMT:thread_safe_statics.obj
 0001:0000b628       __Init_thread_header       1000c628 f   LIBCMT:thread_safe_statics.obj
 0001:0000b67a       __Init_thread_notify       1000c67a f   LIBCMT:thread_safe_statics.obj
 0001:0000b6b0       __Init_thread_wait         1000c6b0 f   LIBCMT:thread_safe_statics.obj
 0001:0000b6fe       ___raise_securityfailure   1000c6fe f   LIBCMT:gs_report.obj
 0001:0000b726       ___report_gsfailure        1000c726 f   LIBCMT:gs_report.obj
 0001:0000b81f       ___report_rangecheckfailure 1000c81f f   LIBCMT:gs_report.obj
 0001:0000b82b       ___report_securityfailure  1000c82b f   LIBCMT:gs_report.obj
 0001:0000b8f9       ??2@YAPAXIABUnothrow_t@std@@@Z 1000c8f9 f   LIBCMT:new_scalar_nothrow.obj
 0001:0000b949       ??_U@YAPAXIABUnothrow_t@std@@@Z 1000c949 f   LIBCMT:new_array_nothrow.obj
 0001:0000b952       @__security_check_cookie@4 1000c952 f   LIBCMT:secchk.obj
 0001:0000b970       __SEH_prolog4_GS           1000c970 f   LIBCMT:sehprolg4gs.obj
 0001:0000b9b9       __SEH_epilog4_GS           1000c9b9 f   LIBCMT:sehprolg4gs.obj
 0001:0000b9d0       __alloca_probe_16          1000c9d0 f   LIBCMT:alloca16.obj
 0001:0000b9e6       __alloca_probe_8           1000c9e6     LIBCMT:alloca16.obj
 0001:0000ba00       __chkstk                   1000ca00 f   LIBCMT:chkstk.obj
 0001:0000ba00       __alloca_probe             1000ca00 f   LIBCMT:chkstk.obj
 0001:0000bd48       __DllMainCRTStartup@12     1000cd48 f   LIBCMT:dll_dllmain.obj
 0001:0000bd6b       ??2@YAPAXI@Z               1000cd6b f   LIBCMT:new_scalar.obj
 0001:0000bd9b       ___isa_available_init      1000cd9b f   LIBCMT:cpu_disp.obj
 0001:0000bf32       ___scrt_is_ucrt_dll_in_use 1000cf32 f   LIBCMT:ucrt_detection.obj
 0001:0000bf3e       ___scrt_fastfail           1000cf3e f   LIBCMT:utility_desktop.obj
 0001:0000c058       __crt_debugger_hook        1000d058 f   LIBCMT:utility_desktop.obj
 0001:0000c060       __SEH_prolog4              1000d060 f   LIBCMT:sehprolg4.obj
 0001:0000c0a6       __SEH_epilog4              1000d0a6 f   LIBCMT:sehprolg4.obj
 0001:0000c0bb       @_guard_check_icall_nop@4  1000d0bb f i LIBCMT:guard_support.obj
 0001:0000c109       ___security_init_cookie    1000d109 f   LIBCMT:gs_support.obj
 0001:0000c154       ?__scrt_initialize_type_info@@YAXXZ 1000d154 f   LIBCMT:tncleanup.obj
 0001:0000c160       ?__scrt_uninitialize_type_info@@YAXXZ 1000d160 f   LIBCMT:tncleanup.obj
 0001:0000c16c       ___local_stdio_scanf_options 1000d16c f i LIBCMT:default_local_stdio_options.obj
 0001:0000c172       ___scrt_initialize_default_local_stdio_options 1000d172 f   LIBCMT:default_local_stdio_options.obj
 0001:0000c18f       ___scrt_get_dyn_tls_init_callback 1000d18f f   LIBCMT:dyn_tls_init.obj
 0001:0000c195       __RTC_Initialize           1000d195 f   LIBCMT:initsect.obj
 0001:0000c1c1       __RTC_Terminate            1000d1c1 f   LIBCMT:initsect.obj
 0001:0000c1ed       ??0bad_alloc@std@@QAE@ABV01@@Z 1000d1ed f i LIBCMT:throw_bad_alloc.obj
 0001:0000c208       ??0bad_alloc@std@@QAE@XZ   1000d208 f i LIBCMT:throw_bad_alloc.obj
 0001:0000c220       ??0bad_array_new_length@std@@QAE@ABV01@@Z 1000d220 f i LIBCMT:throw_bad_alloc.obj
 0001:0000c23b       ??0bad_array_new_length@std@@QAE@XZ 1000d23b f i LIBCMT:throw_bad_alloc.obj
 0001:0000c253       ??0exception@std@@QAE@ABV01@@Z 1000d253 f i LIBCMT:throw_bad_alloc.obj
 0001:0000c27f       ??1bad_array_new_length@std@@UAE@XZ 1000d27f f i LIBCMT:throw_bad_alloc.obj
 0001:0000c27f       ??1bad_exception@std@@UAE@XZ 1000d27f f i libvcruntime:frame.obj
 0001:0000c27f       ??1bad_alloc@std@@UAE@XZ   1000d27f f i LIBCMT:throw_bad_alloc.obj
 0001:0000c290       ??_Gexception@std@@UAEPAXI@Z 1000d290 f i LIBCMT:throw_bad_alloc.obj
 0001:0000c290       ??_Gbad_alloc@std@@UAEPAXI@Z 1000d290 f i LIBCMT:throw_bad_alloc.obj
 0001:0000c290       ??_Eexception@std@@UAEPAXI@Z 1000d290 f i LIBCMT:throw_bad_alloc.obj
 0001:0000c290       ??_Ebad_array_new_length@std@@UAEPAXI@Z 1000d290 f i LIBCMT:throw_bad_alloc.obj
 0001:0000c290       ??_Gbad_array_new_length@std@@UAEPAXI@Z 1000d290 f i LIBCMT:throw_bad_alloc.obj
 0001:0000c290       ??_Ebad_alloc@std@@UAEPAXI@Z 1000d290 f i LIBCMT:throw_bad_alloc.obj
 0001:0000c290       ??_Ebad_exception@std@@UAEPAXI@Z 1000d290 f i libvcruntime:frame.obj
 0001:0000c290       ??_Gbad_exception@std@@UAEPAXI@Z 1000d290 f i libvcruntime:frame.obj
 0001:0000c2bd       ?__scrt_throw_std_bad_alloc@@YAXXZ 1000d2bd f   LIBCMT:throw_bad_alloc.obj
 0001:0000c2da       ?__scrt_throw_std_bad_array_new_length@@YAXXZ 1000d2da f   LIBCMT:throw_bad_alloc.obj
 0001:0000c2f7       ?what@exception@std@@UBEPBDXZ 1000d2f7 f i LIBCMT:throw_bad_alloc.obj
 0001:0000c304       ??_Etype_info@@UAEPAXI@Z   1000d304 f i LIBCMT:std_type_info_static.obj
 0001:0000c304       ??_Gtype_info@@UAEPAXI@Z   1000d304 f i LIBCMT:std_type_info_static.obj
[...]
 0002:00002b3c       ?candidate_modules@?1??try_get_SetThreadStackGuarantee@@YAP6GHPAK@ZXZ@4QBW4module_id@?A0x391cf84c@@B 10021b3c     libucrt:winapi_thunks.obj
 0002:00002b60       ?strings@?1??fp_format_nan_or_infinity@@YAHW4__acrt_fp_class@@_NPADI1@Z@4QAY03QBDA 10021b60     libucrt:cvt.obj
 0002:000030a8       ?_mb_locale_names@@3QBQB_WB 100220a8     libucrt:mbctype.obj
 0002:000038f0       ?LcidToLocaleNameTable@?A0x881e4c05@@3QBULcidToLocaleName@1@B 100228f0     libucrt:lcidtoname_downlevel.obj
 0002:00004a18       ?LocaleNameToIndexTable@?A0x881e4c05@@3QBULocaleNameIndex@1@B 10023a18     libucrt:lcidtoname_downlevel.obj
 0002:00006270       ?large_power_indices@?1??multiply_by_power_of_ten@__crt_strtox@@YA_NAAUbig_integer@2@I@Z@4QBUunpack_index@?1??12@YA_N0I@Z@B 10025270     libucrt:cfout.obj
 0002:00006350       LOG_name                   10025350     libucrt:log10_impl.obj
 0002:00006360       _One                       10025360     libucrt:ceil_pentium4.obj
 0002:00006370       _Bns                       10025370     libucrt:ceil_pentium4.obj
 0002:00006380       _Zero                      10025380     libucrt:ceil_pentium4.obj
 0002:00006390       _S                         10025390     libucrt:ceil_pentium4.obj
 0002:000063a0       _NegZero                   100253a0     libucrt:ceil_pentium4.obj
 0002:000063b0       emask                      100253b0     libucrt:log10_pentium4.obj
 0002:000063c0       CC                         100253c0     libucrt:log10_pentium4.obj
 0002:000063d0       Magic                      100253d0     libucrt:log10_pentium4.obj
 0002:000063e0       hi_mask                    100253e0     libucrt:log10_pentium4.obj
 0002:000063f0       LOG10_2                    100253f0     libucrt:log10_pentium4.obj
 0002:00006400       place_L                    10025400     libucrt:log10_pentium4.obj
 0002:00006420       One                        10025420     libucrt:log10_pentium4.obj
 0002:00006430       Zero                       10025430     libucrt:log10_pentium4.obj
 0002:00006440       Two52                      10025440     libucrt:log10_pentium4.obj
 0002:00006450       Infs                       10025450     libucrt:log10_pentium4.obj
 0002:00006460       NaN                        10025460     libucrt:log10_pentium4.obj
 0002:00006470       coeff                      10025470     libucrt:log10_pentium4.obj
 0002:000064ce       _log2max                   100254ce     libucrt:87tran.obj
 0002:000064d8       _smallarg                  100254d8     libucrt:87tran.obj
 0002:000064e2       _half                      100254e2     libucrt:87tran.obj
 0002:0000652e       One                        1002552e     libucrt:87disp.obj
 0002:00006536       Three                      10025536     libucrt:87disp.obj
 0002:0000653e       XAMtoTagTab                1002553e     libucrt:87disp.obj
 0002:00006550       One                        10025550     libucrt:common.obj
 0002:00006564       DblMax                     10025564     libucrt:common.obj
 0002:0000656c       DblMin                     1002556c     libucrt:common.obj
 0002:00006574       IeeeAdjO                   10025574     libucrt:common.obj
 0002:0000657c       IeeeAdjU                   1002557c     libucrt:common.obj
 0002:00006584       _infinity                  10025584     libucrt:common.obj
 0002:0000658c       _zero                      1002558c     libucrt:common.obj
 0002:000065d8       _over                      100255d8     libucrt:fpctrl.obj
 0002:000065e4       _under                     100255e4     libucrt:fpctrl.obj
 0002:00006e18       ?_names@?1??_get_fname@@9@9 10025e18     libucrt:fpexcept.obj
 0002:00007668       __sehtable$?_AtlVerifyStackAvailable@_ATL_SAFE_ALLOCA_IMPL@ATL@@YA_NK@Z 10026668     Totals.obj
 0002:00007688       __sehtable$___scrt_is_nonwritable_in_current_image 10026688     LIBCMT:utility.obj
 0002:000076a4       __catchsym$??2@YAPAXIABUnothrow_t@std@@@Z$2 100266a4     LIBCMT:new_scalar_nothrow.obj
 0002:000076b4       __unwindtable$??2@YAPAXIABUnothrow_t@std@@@Z 100266b4     LIBCMT:new_scalar_nothrow.obj
 0002:000076c4       __tryblocktable$??2@YAPAXIABUnothrow_t@std@@@Z 100266c4     LIBCMT:new_scalar_nothrow.obj
 0002:000076d8       __ehfuncinfo$??2@YAPAXIABUnothrow_t@std@@@Z 100266d8     LIBCMT:new_scalar_nothrow.obj
 0002:00007700       __sehtable$?dllmain_crt_process_attach@@YAHQAUHINSTANCE__@@QAX@Z 10026700     LIBCMT:dll_dllmain.obj
 0002:00007720       __sehtable$?dllmain_crt_process_detach@@YAH_N@Z 10026720     LIBCMT:dll_dllmain.obj
 0002:00007740       __sehtable$?dllmain_dispatch@@YAHQAUHINSTANCE__@@KQAX@Z 10026740     LIBCMT:dll_dllmain.obj
 0002:000077f0       __sehtable$?FrameUnwindToState@__FrameHandler3@@SAXPAUEHRegistrationNode@@PAXPBU_s_FuncInfo@@H@Z 100267f0     libvcruntime:frame.obj
 0002:00007818       __sehtable$?CallCatchBlock@@YAPAXPAUEHExceptionRecord@@PAUEHRegistrationNode@@PAU_CONTEXT@@PBU_s_FuncInfo@@PAXHK@Z 10026818     libvcruntime:frame.obj
 0002:00007840       __catchsym$?CallUnexpected@@YAXPBU_s_ESTypeList@@@Z$2 10026840     libvcruntime:frame.obj
 0002:00007850       __unwindtable$?CallUnexpected@@YAXPBU_s_ESTypeList@@@Z 10026850     libvcruntime:frame.obj
 0002:00007860       __tryblocktable$?CallUnexpected@@YAXPBU_s_ESTypeList@@@Z 10026860     libvcruntime:frame.obj
 0002:00007874       __ehfuncinfo$?CallUnexpected@@YAXPBU_s_ESTypeList@@@Z 10026874     libvcruntime:frame.obj
 0002:00007898       __sehtable$??$BuildCatchObjectHelperInternal@V__FrameHandler3@@@@YAHPAUEHExceptionRecord@@PAXPBU_s_HandlerType@@PBU_s_CatchableType@@@Z 10026898     libvcruntime:frame.obj
 0002:000078b8       __sehtable$??$BuildCatchObjectInternal@V__FrameHandler3@@@@YAXPAUEHExceptionRecord@@PAXPBU_s_HandlerType@@PBU_s_CatchableType@@@Z 100268b8     libvcruntime:frame.obj
 0002:00007910       __sehtable$___DestructExceptionObject 10026910     libvcruntime:ehhelpers.obj
 0002:00007930       __sehtable$??R<lambda_6e4b09c48022b2350581041d5f6b0c4c>@@QBE@XZ 10026930     libucrt:exit.obj
 0002:00007950       __sehtable$??$?RV<lambda_03b1d95aef87969028cfba75ccab2455>@@AAV<lambda_6e4b09c48022b2350581041d5f6b0c4c>@@V<lambda_22bdf7517842c4b3e53723af5aa32b9e>@@@?$__crt_seh_guarded_call@X@@QAEX$$QAV<lambda_03b1d95aef87969028cfba75ccab2455>@@AAV<lambda_6e4b09c48022b2350581041d5f6b0c4c>@@$$QAV<lambda_22bdf7517842c4b3e53723af5aa32b9e>@@@Z 10026950     libucrt:exit.obj
 0002:00007970       __sehtable$??$?RV<lambda_8e746cf0007f6ed984d6f78af1fec997>@@AAV<lambda_22ebabd17bc4fa466a2aca6d8deb888d>@@V<lambda_18ed0c0b38a6dc0daf1e7ac6d6adf05e>@@@?$__crt_seh_guarded_call@H@@QAEH$$QAV<lambda_8e746cf0007f6ed984d6f78af1fec997>@@AAV<lambda_22ebabd17bc4fa466a2aca6d8deb888d>@@$$QAV<lambda_18ed0c0b38a6dc0daf1e7ac6d6adf05e>@@@Z 10026970     libucrt:onexit.obj
 0002:00007990       __sehtable$??$?RV<lambda_69a2805e680e0e292e8ba93315fe43a8>@@AAV<lambda_f03950bc5685219e0bcd2087efbe011e>@@V<lambda_03fcd07e894ec930e3f35da366ca99d6>@@@?$__crt_seh_guarded_call@H@@QAEH$$QAV<lambda_69a2805e680e0e292e8ba93315fe43a8>@@AAV<lambda_f03950bc5685219e0bcd2087efbe011e>@@$$QAV<lambda_03fcd07e894ec930e3f35da366ca99d6>@@@Z 10026990     libucrt:onexit.obj
 0002:000079b0       __sehtable$__query_new_handler 100269b0     libucrt:new_handler.obj
 0002:000079d0       __sehtable$_terminate      100269d0     libucrt:terminate.obj
 0002:000079f0       __sehtable$??$?RV<lambda_15ade71b0218206bbe3333a0c9b79046>@@AAV<lambda_da44e0f8b0f19ba52fefafb335991732>@@V<lambda_207f2d024fc103971653565357d6cd41>@@@?$__crt_seh_guarded_call@X@@QAEX$$QAV<lambda_15ade71b0218206bbe3333a0c9b79046>@@AAV<lambda_da44e0f8b0f19ba52fefafb335991732>@@$$QAV<lambda_207f2d024fc103971653565357d6cd41>@@@Z 100269f0     libucrt:per_thread_data.obj
 0002:00007a10       __sehtable$??$?RV<lambda_a7e850c220f1c8d1e6efeecdedd162c6>@@AAV<lambda_46720907175c18b6c9d2717bc0d2d362>@@V<lambda_9048902d66e8d99359bc9897bbb930a8>@@@?$__crt_seh_guarded_call@X@@QAEX$$QAV<lambda_a7e850c220f1c8d1e6efeecdedd162c6>@@AAV<lambda_46720907175c18b6c9d2717bc0d2d362>@@$$QAV<lambda_9048902d66e8d99359bc9897bbb930a8>@@@Z 10026a10     libucrt:per_thread_data.obj
 0002:00007a30       __sehtable$??$?RV<lambda_38edbb1296d33220d7e4dd0ed76b244a>@@AAV<lambda_5ce1d447e08cb34b2473517608e21441>@@V<lambda_fb385d3da700c9147fc39e65dd577a8c>@@@?$__crt_seh_guarded_call@X@@QAEX$$QAV<lambda_38edbb1296d33220d7e4dd0ed76b244a>@@AAV<lambda_5ce1d447e08cb34b2473517608e21441>@@$$QAV<lambda_fb385d3da700c9147fc39e65dd577a8c>@@@Z 10026a30     libucrt:per_thread_data.obj
 0002:00007a50       __sehtable$??$?RV<lambda_6affb1475c98b40b75cdec977db92e3c>@@AAV<lambda_b8d4b9c228a6ecc3f80208dbb4b4a104>@@V<lambda_608742c3c92a14382c1684fc64f96c88>@@@?$__crt_seh_guarded_call@X@@QAEX$$QAV<lambda_6affb1475c98b40b75cdec977db92e3c>@@AAV<lambda_b8d4b9c228a6ecc3f80208dbb4b4a104>@@$$QAV<lambda_608742c3c92a14382c1684fc64f96c88>@@@Z 10026a50     libucrt:per_thread_data.obj
 0002:00007a70       __sehtable$??$?RV<lambda_e5124f882df8998aaf41531e079ba474>@@AAV<lambda_3e16ef9562a7dcce91392c22ab16ea36>@@V<lambda_e25ca0880e6ef98be67edffd8c599615>@@@?$__crt_seh_guarded_call@X@@QAEX$$QAV<lambda_e5124f882df8998aaf41531e079ba474>@@AAV<lambda_3e16ef9562a7dcce91392c22ab16ea36>@@$$QAV<lambda_e25ca0880e6ef98be67edffd8c599615>@@@Z 10026a70     libucrt:wsetlocale.obj
 0002:00007a90       __sehtable$___acrt_initialize_lowio 10026a90     libucrt:ioinit.obj
 0002:00007ab0       __sehtable$?update_thread_multibyte_data_internal@@YAPAU__crt_multibyte_data@@QAU__acrt_ptd@@QAPAU1@@Z 10026ab0     libucrt:mbctype.obj
 0002:00007ad0       __sehtable$??$?RV<lambda_ceb1ee4838e85a9d631eb091e2fbe199>@@AAV<lambda_ae742caa10f662c28703da3d2ea5e57e>@@V<lambda_cd08b5d6af4937fe54fc07d0c9bf6b37>@@@?$__crt_seh_guarded_call@X@@QAEX$$QAV<lambda_ceb1ee4838e85a9d631eb091e2fbe199>@@AAV<lambda_ae742caa10f662c28703da3d2ea5e57e>@@$$QAV<lambda_cd08b5d6af4937fe54fc07d0c9bf6b37>@@@Z 10026ad0     libucrt:mbctype.obj
 0002:00007af0       __sehtable$_raise          10026af0     libucrt:signal.obj
 0002:00007b10       __sehtable$??$?RV<lambda_cbab9ec6f41b0180b23cc171c22676b0>@@AAV<lambda_44731a7d0e6d81c3e6aa82d741081786>@@V<lambda_4b292cb8dd18144e164572427af410ab>@@@?$__crt_seh_guarded_call@P6AXH@Z@@QAEP6AXH@Z$$QAV<lambda_cbab9ec6f41b0180b23cc171c22676b0>@@AAV<lambda_44731a7d0e6d81c3e6aa82d741081786>@@$$QAV<lambda_4b292cb8dd18144e164572427af410ab>@@@Z 10026b10     libucrt:signal.obj
 0002:00007b30       __sehtable$??$?RV<lambda_2866be3712abc81a800a822484c830d8>@@AAV<lambda_39ca0ed439415581b5b15c265174cece>@@V<lambda_2b24c74d71094a6cd0cb82e44167d71b>@@@?$__crt_seh_guarded_call@X@@QAEX$$QAV<lambda_2866be3712abc81a800a822484c830d8>@@AAV<lambda_39ca0ed439415581b5b15c265174cece>@@$$QAV<lambda_2b24c74d71094a6cd0cb82e44167d71b>@@@Z 10026b30     libucrt:fflush.obj
 0002:00007b50       __sehtable$??$?RV<lambda_2cc53f568c5a2bb6f192f930a45d44ea>@@AAV<lambda_ab61a845afdef5b7c387490eaf3616ee>@@V<lambda_c2ffc0b7726aa6be21d5f0026187e748>@@@?$__crt_seh_guarded_call@X@@QAEX$$QAV<lambda_2cc53f568c5a2bb6f192f930a45d44ea>@@AAV<lambda_ab61a845afdef5b7c387490eaf3616ee>@@$$QAV<lambda_c2ffc0b7726aa6be21d5f0026187e748>@@@Z 10026b50     libucrt:fflush.obj
 0002:00007b70       __sehtable$___acrt_update_thread_locale_data 10026b70     libucrt:locale_refcounting.obj
 0002:00007b90       __sehtable$__fcloseall     10026b90     libucrt:closeall.obj
 0002:00007bb0       __sehtable$___acrt_lowio_ensure_fh_exists 10026bb0     libucrt:osfinfo.obj
 0002:00007bd0       __sehtable$??$?RV<lambda_9e9de3de5fa147e2223d7db92bc10aa6>@@AAV<lambda_38ce7e780aa69e748d6df282ebc68efe>@@V<lambda_8ca6da459f0f6780f1cff60fdc3d00e5>@@@?$__crt_seh_guarded_call@H@@QAEH$$QAV<lambda_9e9de3de5fa147e2223d7db92bc10aa6>@@AAV<lambda_38ce7e780aa69e748d6df282ebc68efe>@@$$QAV<lambda_8ca6da459f0f6780f1cff60fdc3d00e5>@@@Z 10026bd0     libucrt:commit.obj
 0002:00007bf0       __sehtable$__write         10026bf0     libucrt:write.obj
 0002:00007c10       __sehtable$_fclose         10026c10     libucrt:fclose.obj
 0002:00007c30       __sehtable$??$?RV<lambda_218ce3db14220d0be481dae8ef3383b6>@@AAV<lambda_628dfdc04ba53c8bfc02c9951375f3f5>@@V<lambda_57dc472bd5c9d5f3b2cbca59b8a843ae>@@@?$__crt_seh_guarded_call@H@@QAEH$$QAV<lambda_218ce3db14220d0be481dae8ef3383b6>@@AAV<lambda_628dfdc04ba53c8bfc02c9951375f3f5>@@$$QAV<lambda_57dc472bd5c9d5f3b2cbca59b8a843ae>@@@Z 10026c30     libucrt:close.obj
 0002:00007c50       __sehtable$__IsNonwritableInCurrentImage 10026c50     LIBCMT:pesect.obj
 0002:00007c80       .edata                     10026c80     OPOSTotals.exp
 0002:00007ca8       rgpv                       10026ca8     OPOSTotals.exp
 0002:00007cb8       rgszName                   10026cb8     OPOSTotals.exp
 0002:00007cc8       rgwOrd                     10026cc8     OPOSTotals.exp
 0002:00007cd0       szName                     10026cd0     OPOSTotals.exp
 0002:00007cdf       $N00001                    10026cdf     OPOSTotals.exp
 0002:00007cef       $N00002                    10026cef     OPOSTotals.exp
 0002:00007d01       $N00003                    10026d01     OPOSTotals.exp
 0002:00007d13       $N00004                    10026d13     OPOSTotals.exp
 0002:00008322       .idata$6                   10027322     kernel32:KERNEL32.dll
 0002:00008536       .idata$6                   10027536     user32:USER32.dll
 0002:0000866a       .idata$6                   1002766a     gdi32:GDI32.dll
 0002:00008710       .idata$6                   10027710     advapi32:ADVAPI32.dll
 0002:0000882c       .idata$6                   1002782c     ole32:ole32.dll
 0002:00008836       .idata$6                   10027836     oleaut32:OLEAUT32.dll
 0003:00000110       ?ObjectMap@@3PAU_ATL_OBJMAP_ENTRY30@ATL@@A 10028110     Totals.obj
 0003:000001b0       ?s_SOMethodNames@@3PAPADA  100281b0     TotalsImpl.obj
 0003:00000230       ?s_RequiredMethodsPerRelease@@3PAHA 10028230     TotalsImpl.obj
 0003:00000270       ?__vcrt_flsindex@@3KA      10028270     libvcruntime:per_thread_data.obj
 0003:00000290       ?errno_no_memory@@3HA      10028290     libucrt:errno.obj
 0003:00000294       ?doserrno_no_memory@@3KA   10028294     libucrt:errno.obj
 0003:000002a0       ?__acrt_flsindex@@3KA      100282a0     libucrt:per_thread_data.obj
 0003:00000638       __mbctypes                 10028638     libucrt:mbctype.obj
 0003:00000740       __mbcasemaps               10028740     libucrt:mbctype.obj
 0003:00000840       ?__rgctypeflag@@3PADA      10028840     libucrt:mbctype.obj
 0003:00000848       ?__rgcode_page_info@@3PAUcode_page_info@@A 10028848     libucrt:mbctype.obj
 0003:00000aa0       ?__dcrt_lowio_console_output_handle@@3PAXA 10028aa0     libucrt:initcon.obj
 0003:00000c38       ?is_initialized_as_dll@@3_NA 10028c38     LIBCMT:utility.obj
 0003:00000c39       ?module_local_atexit_table_initialized@@3_NA 10028c39     LIBCMT:utility.obj
 0003:00000c3c       ?module_local_atexit_table@@3U_onexit_table_t@@A 10028c3c     LIBCMT:utility.obj
 0003:00000c48       ?module_local_at_quick_exit_table@@3U_onexit_table_t@@A 10028c48     LIBCMT:utility.obj
 0003:00000c54       ?g_tss_cv@@3U_RTL_CONDITION_VARIABLE@@A 10028c54     LIBCMT:thread_safe_statics.obj
 0003:00000c58       ?g_tss_event@@3PAXA        10028c58     LIBCMT:thread_safe_statics.obj
 0003:00000c5c       ?g_tss_mutex@@3U_RTL_CRITICAL_SECTION@@A 10028c5c     LIBCMT:thread_safe_statics.obj
 0003:00000c74       ?g_sleep_condition_variable_cs@@3P6GHPAU_RTL_CONDITION_VARIABLE@@PAU_RTL_CRITICAL_SECTION@@K@ZA 10028c74     LIBCMT:thread_safe_statics.obj
 0003:00000c78       ?g_wake_all_condition_variable@@3P6GXPAU_RTL_CONDITION_VARIABLE@@@ZA 10028c78     LIBCMT:thread_safe_statics.obj
 0003:00000c80       _GS_ExceptionRecord        10028c80     LIBCMT:gs_report.obj
 0003:00000cd0       _GS_ContextRecord          10028cd0     LIBCMT:gs_report.obj
 0003:00000fa0       ?__proc_attached@@3HA      10028fa0     LIBCMT:dll_dllmain.obj
 0003:00000ffc       ?AllocateData@@3P6GPAUAtlThunkData_t@@XZA 10028ffc     atls:atlthunk.obj
 0003:00001000       ?InitData@@3P6GXPAUAtlThunkData_t@@PAXI@ZA 10029000     atls:atlthunk.obj
 0003:00001004       ?DataToCode@@3P6GP6GJPAUHWND__@@IIJ@ZPAUAtlThunkData_t@@@ZA 10029004     atls:atlthunk.obj
 0003:00001008       ?FreeData@@3P6GXPAUAtlThunkData_t@@@ZA 10029008     atls:atlthunk.obj
 0003:0000100c       ?Initialized@@3_NA         1002900c     atls:atlthunk.obj
 0003:00001018       ?__vcrt_startup_thread_ptd@@3U__vcrt_ptd@@A 10029018     libvcruntime:per_thread_data.obj
 0003:00001040       ___vcrt_lock_table         10029040     libvcruntime:locks.obj
 0003:00001058       ___vcrt_locks_initialized  10029058     libvcruntime:locks.obj
 0003:00001084       ?heap@@3V_HeapManager@@A   10029084     libvcruntime:undname.obj
 0003:00001098       ?module_handles@@3PAPAUHINSTANCE__@@A 10029098     libvcruntime:winapi_downlevel.obj
 0003:000010a4       ?function_pointers@@3PAPAXA 100290a4     libvcruntime:winapi_downlevel.obj
 0003:000010bc       ?__acrt_invalid_parameter_handler@@3V?$dual_state_global@P6AXPB_W00II@Z@__crt_state_management@@A 100290bc     libucrt:invalid_parameter.obj
 0003:000010c0       ?c_termination_complete@@3JA 100290c0     libucrt:exit.obj
 0003:000010c4       ?thread_local_exit_callback_func@@3P6GXPAXK0@ZA 100290c4     libucrt:exit.obj
 0003:000010d0       ?program_name@?1???$common_configure_argv@D@@YAHW4_crt_argv_mode@@@Z@4PADA 100290d0     libucrt:argv_parsing.obj
 0003:00001200       ?__acrt_new_handler@@3V?$dual_state_global@P6AHI@Z@__crt_state_management@@A 10029200     libucrt:new_handler.obj
 0003:00001208       ?module_handles@@3PAPAUHINSTANCE__@@A 10029208     libucrt:winapi_thunks.obj
 0003:00001258       ?encoded_function_pointers@@3PAPAXA 10029258     libucrt:winapi_thunks.obj
 0003:000012e0       ?internal_state@?1??_mbtowc_l@@9@4U_Mbstatet@@A 100292e0     libucrt:mbtowc.obj
 0003:000012f0       ?enable_percent_n@@3IA     100292f0     libucrt:printf_count_output.obj
 0003:00001510       ?__acrt_lock_table@@3PAU_RTL_CRITICAL_SECTION@@A 10029510     libucrt:locks.obj
 0003:00001660       ?__acrt_locks_initialized@@3IA 10029660     libucrt:locks.obj
 0003:00001670       ?fSystemSet@@3HA           10029670     libucrt:mbctype.obj
 0003:00001674       ?initialized@?1??__acrt_initialize_multibyte@@9@4_NA 10029674     libucrt:mbctype.obj
 0003:00001694       ?ctrlc_action@@3V?$dual_state_global@P6AXH@Z@__crt_state_management@@A 10029694     libucrt:signal.obj
 0003:00001698       ?ctrlbreak_action@@3V?$dual_state_global@P6AXH@Z@__crt_state_management@@A 10029698     libucrt:signal.obj
 0003:0000169c       ?abort_action@@3V?$dual_state_global@P6AXH@Z@__crt_state_management@@A 1002969c     libucrt:signal.obj
 0003:000016a0       ?term_action@@3V?$dual_state_global@P6AXH@Z@__crt_state_management@@A 100296a0     libucrt:signal.obj
 0003:000016a4       ?user_matherr@@3V?$dual_state_global@P6AHPAU_exception@@@Z@__crt_state_management@@A 100296a4     libucrt:matherr.obj
 0003:000016a8       ?__acrt_global_new_mode@@3V?$dual_state_global@J@__crt_state_management@@A 100296a8     libucrt:new_mode.obj
 0003:000016b4       ?internal_pst@?1??__mbrtoc32_utf8@__crt_mbstring@@YAIPA_UPBDIPAU_Mbstatet@@@Z@4U3@A 100296b4     libucrt:mbrtoc32.obj
 0003:000016bc       ?__acrt_app_type@@3W4_crt_app_type@@A 100296bc     libucrt:report_runtime_error.obj
 0003:000016c4       __pmatherr_set             100296c4     libucrt:libm_error.obj
 0004:00000220       $R000000                   1002a220     Totals.res
 0004:00000b78       $R000958                   1002ab78     Totals.res
 0004:00000c60       $R000A40                   1002ac60     Totals.res
 0004:00000ec8       $R000CA8                   1002aec8     Totals.res
 0004:000013d0       $R0011B0                   1002b3d0     Totals.res
 0004:000040e8       $R003EC8                   1002e0e8     Totals.res
 0004:00004118       $R003EF8                   1002e118     Totals.res
