 OPOSMotionSensor

 Timestamp is 5defa9f6 (Tue Dec 10 23:21:42 2019)

 Preferred load address is 10000000

 Start         Length     Name                   Class
 0001:00000000 00000080H .text$di                CODE
 0001:00000080 0001d463H .text$mn                CODE
 0001:0001d4e3 00000036H .text$x                 CODE
 0001:0001d519 00000042H .text$yd                CODE
 0002:00000000 000002fcH .idata$5                DATA
 0002:000002fc 00000004H .00cfg                  DATA
 0002:00000300 00000004H .CRT$XCA                DATA
 0002:00000304 00000004H .CRT$XCL                DATA
 0002:00000308 00000010H .CRT$XCU                DATA
 0002:00000318 00000004H .CRT$XCZ                DATA
 0002:0000031c 00000004H .CRT$XIA                DATA
 0002:00000320 00000010H .CRT$XIC                DATA
 0002:00000330 00000004H .CRT$XIZ                DATA
 0002:00000334 00000004H .CRT$XLA                DATA
 0002:00000338 00000004H .CRT$XLZ                DATA
 0002:0000033c 00000004H .CRT$XPA                DATA
 0002:00000340 00000008H .CRT$XPX                DATA
 0002:00000348 00000004H .CRT$XPXA               DATA
 0002:0000034c 00000004H .CRT$XPZ                DATA
 0002:00000350 00000004H .CRT$XTA                DATA
 0002:00000354 0000000cH .CRT$XTZ                DATA
 0002:00000358 00000000H .gfids$y                DATA
 0002:00000360 00006e1cH .rdata                  DATA
 0002:0000717c 00000018H .rdata$T                DATA
 0002:00007194 0000017cH .rdata$r                DATA
 0002:00007310 0000001cH .rdata$sxdata           DATA
 0002:0000732c 000003e0H .rdata$zzzdbg           DATA
 0002:0000770c 00000004H .rtc$IAA                DATA
 0002:00007710 00000004H .rtc$IZZ                DATA
 0002:00007714 00000004H .rtc$TAA                DATA
 0002:00007718 00000004H .rtc$TZZ                DATA
 0002:0000771c 00000004H .tls                    DATA
 0002:00007720 00000004H .tls$                   DATA
 0002:00007724 00000004H .tls$ZZZ                DATA
 0002:00007728 0000060cH .xdata$x                DATA
 0002:00007d34 00000004H ATL$__a                 DATA
 0002:00007d38 00000008H ATL$__z                 DATA
 0002:00007d40 000000b0H .edata                  DATA
 0002:00007df0 00000078H .idata$2                DATA
 0002:00007e68 00000014H .idata$3                DATA
 0002:00007e7c 000002fcH .idata$4                DATA
 0002:00008178 00000bc8H .idata$6                DATA
 0003:00000000 00000a90H .data                   DATA
 0003:00000a90 00000098H .data$r                 DATA
 0003:00000b28 00000b80H .bss                    DATA
 0004:00000000 00000220H .rsrc$01                DATA
 0004:00000220 00003718H .rsrc$02                DATA

  Address         Publics by Value              Rva+Base       Lib:Object

 0000:00000000       ___guard_iat_count         00000000     <absolute>
 0000:00000000       ___guard_longjmp_table     00000000     <absolute>
 0000:00000000       ___hybrid_code_map_count   00000000     <absolute>
 0000:00000000       ___dynamic_value_reloc_table 00000000     <absolute>
 0000:00000000       ___guard_longjmp_count     00000000     <absolute>
 0000:00000000       __except_list              00000000     <absolute>
 0000:00000000       ___guard_fids_table        00000000     <absolute>
 0000:00000000       ___guard_fids_count        00000000     <absolute>
 0000:00000000       ___hybrid_auxiliary_iat    00000000     <absolute>
 0000:00000000       ___guard_iat_table         00000000     <absolute>
 0000:00000000       ___volatile_metadata       00000000     <absolute>
 0000:00000000       ___enclave_config          00000000     <absolute>
 0000:00000000       ___AbsoluteZero            00000000     <absolute>
 0000:00000000       ___hybrid_code_map         00000000     <absolute>
 0000:00000007       ___safe_se_handler_count   00000007     <absolute>
 0000:0000002c       __tls_array                0000002c     <absolute>
 0000:00000100       ___guard_flags             00000100     <absolute>
 0000:00000000       ___ImageBase               10000000     <linker-defined>
 0001:00000080       ?DupWide@_CW@@AAEXXZ       10001080 f   CWString.obj
 0001:0000009c       ?cw_dup@@YGXPBDAAHAAPA_W1@Z 1000109c f   CWString.obj
 0001:00000124       ?cw_memcpy@@YGHPA_WPBDH@Z  10001124 f   CWString.obj
 0001:00000150       ?cw_strcpy@@YAHPA_WPBD@Z   10001150 f   CWString.obj
 0001:00000163       ?cw_strlen@@YAHPBD@Z       10001163 f   CWString.obj
 0001:0000017c       ??0CAtlComModule@ATL@@QAE@XZ 1000117c f i OposVariant.obj
 0001:000001c1       ??0CAtlWinModule@ATL@@QAE@XZ 100011c1 f i OposVariant.obj
 0001:000001f8       ??0OposDispParms@@QAE@PAVOposVariant@@H@Z 100011f8 f   OposVariant.obj
 0001:00000269       ??1OposDispParms@@QAE@XZ   10001269 f   OposVariant.obj
 0001:00000277       ??A?$CSimpleArray@GV?$CSimpleArrayEqualHelper@G@ATL@@@ATL@@QAEAAGH@Z 10001277 f i OposVariant.obj
 0001:0000029c       ??_Estringdispid@CComTypeInfoHolder@ATL@@QAEPAXI@Z 1000129c f i OposVariant.obj
 0001:00000308       ?AtlWinModuleInit@ATL@@YGJPAU_ATL_WIN_MODULE70@1@@Z 10001308 f i OposVariant.obj
 0001:0000032e       ?AtlWinModuleTerm@ATL@@YGJPAU_ATL_WIN_MODULE70@1@PAUHINSTANCE__@@@Z 1000132e f i OposVariant.obj
 0001:00000391       ?ChangeBSTR@OposVariant@@QAEXPAPA_WAAJ@Z 10001391 f   OposVariant.obj
 0001:000003d2       ?ChangeLONG@OposVariant@@QAEXPAJAAJ@Z 100013d2 f   OposVariant.obj
 0001:00000413       ?GetLONG@OposVariant@@QAEJXZ 10001413 f   OposVariant.obj
 0001:0000042e       ?Init@CComCriticalSection@ATL@@QAEJXZ 1000142e f i OposVariant.obj
 0001:00000456       ?RemoveAll@?$CSimpleArray@PAUHINSTANCE__@@V?$CSimpleArrayEqualHelper@PAUHINSTANCE__@@@ATL@@@ATL@@QAEXXZ 10001456 f i atls:atlbase.obj
 0001:00000456       ?RemoveAll@?$CSimpleArray@GV?$CSimpleArrayEqualHelper@G@ATL@@@ATL@@QAEXXZ 10001456 f i OposVariant.obj
 0001:00000473       ?SetBSTR@OposVariant@@QAEXPA_WAAJ@Z 10001473 f   OposVariant.obj
 0001:000004a7       ?SetBSTR_Copy@OposVariant@@QAEXPA_WAAJ@Z 100014a7 f   OposVariant.obj
 0001:000004f7       ?SetBSTR_InOutPtr@OposVariant@@QAE_NPAPA_WAAJ@Z 100014f7 f   OposVariant.obj
 0001:0000052e       ?SetDispatch_Ptr@OposVariant@@QAEXPAUIDispatch@@AAJ@Z 1000152e f   OposVariant.obj
 0001:00000569       ?SetLONG@OposVariant@@QAEXJ@Z 10001569 f   OposVariant.obj
 0001:0000058b       ?SetLONG_Ptr@OposVariant@@QAEXPAJAAJ@Z 1000158b f   OposVariant.obj
 0001:000005be       ?SetString@OposVariant@@QAEXPB_WAAJ@Z 100015be f   OposVariant.obj
 0001:00000604       ?SetVARIANT_BOOL@OposVariant@@QAEXF@Z 10001604 f   OposVariant.obj
 0001:0000062e       ?Term@CAtlComModule@ATL@@QAEXXZ 1000162e f i OposVariant.obj
 0001:00000678       ?_AtlRaiseException@ATL@@YAXKK@Z 10001678 f i OposVariant.obj
 0001:0000068d       ?CreateInstance@CComClassFactory@ATL@@UAGJPAUIUnknown@@ABU_GUID@@PAPAX@Z 1000168d f i MotionSensor.obj
 0001:000006cb       ?LockServer@CComClassFactory@ATL@@UAGJH@Z 100016cb f i MotionSensor.obj
 0001:000006ea       ??_ECComClassFactory@ATL@@UAEPAXI@Z 100016ea f i MotionSensor.obj
 0001:000006ea       ??_GCComClassFactory@ATL@@UAEPAXI@Z 100016ea f i MotionSensor.obj
 0001:00000715       ?GetWindowProc@?$CWindowImplBaseT@VCWindow@ATL@@V?$CWinTraits@$0FGAAAAAA@$0A@@2@@ATL@@UAEP6GJPAUHWND__@@IIJ@ZXZ 10001715 f i MotionSensor.obj
 0001:0000071b       ?StartWindowProc@?$CWindowImplBaseT@VCWindow@ATL@@V?$CWinTraits@$0FGAAAAAA@$0A@@2@@ATL@@SGJPAUHWND__@@IIJ@Z 1000171b f i MotionSensor.obj
 0001:0000076f       ?OnFinalMessage@?$CWindowImplBaseT@VCWindow@ATL@@V?$CWinTraits@$0FGAAAAAA@$0A@@2@@ATL@@UAEXPAUHWND__@@@Z 1000176f f i MotionSensor.obj
 0001:0000076f       ?ObjectMain@CComObjectRootBase@ATL@@SGX_N@Z 1000176f f i MotionSensor.obj
 0001:00000772       ?GetTypeInfoCount@?$IDispatchImpl@UIOPOSMotionSensor@@$1?IID_IOPOSMotionSensor@@3U_GUID@@B$1?LIBID_OposMotionSensor_CCO@@3U3@B$00$0A@VCComTypeInfoHolder@ATL@@@ATL@@UAGJPAI@Z 10001772 f i MotionSensor.obj
 0001:0000078f       ?GetTypeInfo@?$IDispatchImpl@UIOPOSMotionSensor@@$1?IID_IOPOSMotionSensor@@3U_GUID@@B$1?LIBID_OposMotionSensor_CCO@@3U3@B$00$0A@VCComTypeInfoHolder@ATL@@@ATL@@UAGJIKPAPAUITypeInfo@@@Z 1000178f f i MotionSensor.obj
 0001:000007b3       ?GetIDsOfNames@?$IDispatchImpl@UIOPOSMotionSensor@@$1?IID_IOPOSMotionSensor@@3U_GUID@@B$1?LIBID_OposMotionSensor_CCO@@3U3@B$00$0A@VCComTypeInfoHolder@ATL@@@ATL@@UAGJABU_GUID@@PAPA_WIKPAJ@Z 100017b3 f i MotionSensor.obj
 0001:000007d3       ?Invoke@?$IDispatchImpl@UIOPOSMotionSensor@@$1?IID_IOPOSMotionSensor@@3U_GUID@@B$1?LIBID_OposMotionSensor_CCO@@3U3@B$00$0A@VCComTypeInfoHolder@ATL@@@ATL@@UAGJJABU_GUID@@KGPAUtagDISPPARAMS@@PAUtagVARIANT@@PAUtagEXCEPINFO@@PAI@Z 100017d3 f i MotionSensor.obj
 0001:000007e1       ?CreateControlWindow@?$CComControl@VCOPOSMotionSensor@@V?$CWindowImpl@VCOPOSMotionSensor@@VCWindow@ATL@@V?$CWinTraits@$0FGAAAAAA@$0A@@3@@ATL@@@ATL@@UAEPAUHWND__@@PAU3@AAUtagRECT@@@Z 100017e1 f i MotionSensor.obj
 0001:00000810       ?ControlQueryInterface@?$CComControl@VCOPOSMotionSensor@@V?$CWindowImpl@VCOPOSMotionSensor@@VCWindow@ATL@@V?$CWinTraits@$0FGAAAAAA@$0A@@3@@ATL@@@ATL@@UAEJABU_GUID@@PAPAX@Z 10001810 f i MotionSensor.obj
 0001:0000082b       ?GetUserClassID@?$IOleObjectImpl@VCOPOSMotionSensor@@@ATL@@UAGJPAU_GUID@@@Z 1000182b f i MotionSensor.obj
 0001:0000082b       ?GetClassID@?$IPersistStorageImpl@VCOPOSMotionSensor@@@ATL@@UAGJPAU_GUID@@@Z 1000182b f i MotionSensor.obj
 0001:0000082b       ?GetClassID@?$IPersistStreamInitImpl@VCOPOSMotionSensor@@@ATL@@UAGJPAU_GUID@@@Z 1000182b f i MotionSensor.obj
 0001:0000084f       ?IsDirty@?$IPersistStreamInitImpl@VCOPOSMotionSensor@@@ATL@@UAGJXZ 1000184f f i MotionSensor.obj
 0001:0000086e       ?Load@?$IPersistStreamInitImpl@VCOPOSMotionSensor@@@ATL@@UAGJPAUIStream@@@Z 1000186e f i MotionSensor.obj
 0001:0000088d       ?Save@?$IPersistStreamInitImpl@VCOPOSMotionSensor@@@ATL@@UAGJPAUIStream@@H@Z 1000188d f i MotionSensor.obj
 0001:000008af       ?GetSizeMax@?$IPersistStreamInitImpl@VCOPOSMotionSensor@@@ATL@@UAGJPAT_ULARGE_INTEGER@@@Z 100018af f i MotionSensor.obj
 0001:00000a8e       ?InitNew@?$IPersistStreamInitImpl@VCOPOSMotionSensor@@@ATL@@UAGJXZ 10001a8e f i MotionSensor.obj
 0001:00000aab       ?ContextSensitiveHelp@?$IOleInPlaceObjectWindowlessImpl@VCOPOSMotionSensor@@@ATL@@UAGJH@Z 10001aab f i MotionSensor.obj
 0001:00000aab       ?Unfreeze@?$IViewObjectExImpl@VCOPOSMotionSensor@@@ATL@@UAGJK@Z 10001aab f i MotionSensor.obj
 0001:00000aab       ?SOOutputCompleteDummy@COPOSMotionSensor@@MAGJJ@Z 10001aab f i MotionSensor.obj
 0001:00000aab       ?ContextSensitiveHelp@?$IOleInPlaceActiveObjectImpl@VCOPOSMotionSensor@@@ATL@@UAGJH@Z 10001aab f i MotionSensor.obj
 0001:00000aab       ?GetControlInfo@?$IOleControlImpl@VCOPOSMotionSensor@@@ATL@@UAGJPAUtagCONTROLINFO@@@Z 10001aab f i MotionSensor.obj
 0001:00000aab       ?QueryGetData@?$IDataObjectImpl@VCOPOSMotionSensor@@@ATL@@UAGJPAUtagFORMATETC@@@Z 10001aab f i MotionSensor.obj
 0001:00000aab       ?SODataDummy@COPOSMotionSensor@@MAGJJ@Z 10001aab f i MotionSensor.obj
 0001:00000aab       ?SetColorScheme@?$IOleObjectImpl@VCOPOSMotionSensor@@@ATL@@UAGJPAUtagLOGPALETTE@@@Z 10001aab f i MotionSensor.obj
 0001:00000aab       ?GetDropTarget@?$IOleInPlaceObjectWindowlessImpl@VCOPOSMotionSensor@@@ATL@@UAGJPAPAUIDropTarget@@@Z 10001aab f i MotionSensor.obj
 0001:00000aab       ?OnMnemonic@?$IOleControlImpl@VCOPOSMotionSensor@@@ATL@@UAGJPAUtagMSG@@@Z 10001aab f i MotionSensor.obj
 0001:00000ab3       ?EnableModeless@?$IOleInPlaceActiveObjectImpl@VCOPOSMotionSensor@@@ATL@@UAGJH@Z 10001ab3 f i MotionSensor.obj
 0001:00000ab3       ?OnAmbientPropertyChange@?$IOleControlImpl@VCOPOSMotionSensor@@@ATL@@UAGJJ@Z 10001ab3 f i MotionSensor.obj
 0001:00000ab3       ?SaveCompleted@?$IPersistStorageImpl@VCOPOSMotionSensor@@@ATL@@UAGJPAUIStorage@@@Z 10001ab3 f i MotionSensor.obj
 0001:00000ab3       ?OnFrameWindowActivate@?$IOleInPlaceActiveObjectImpl@VCOPOSMotionSensor@@@ATL@@UAGJH@Z 10001ab3 f i MotionSensor.obj
 0001:00000ab8       ?SetClientSite@?$IOleObjectImpl@VCOPOSMotionSensor@@@ATL@@UAGJPAUIOleClientSite@@@Z 10001ab8 f i MotionSensor.obj
 0001:00000ad5       ?GetClientSite@?$IOleObjectImpl@VCOPOSMotionSensor@@@ATL@@UAGJPAPAUIOleClientSite@@@Z 10001ad5 f i MotionSensor.obj
 0001:00000af2       ?SetHostNames@?$IOleObjectImpl@VCOPOSMotionSensor@@@ATL@@UAGJPB_W0@Z 10001af2 f i MotionSensor.obj
 0001:00000af7       ?Close@?$IOleObjectImpl@VCOPOSMotionSensor@@@ATL@@UAGJK@Z 10001af7 f i MotionSensor.obj
 0001:00000b14       ?QueryInterface@CRegObject@ATL@@UAGJABU_GUID@@PAPAX@Z 10001b14 f i MotionSensor.obj
 0001:00000b14       ?GetClipboardData@?$IOleObjectImpl@VCOPOSMotionSensor@@@ATL@@UAGJKPAPAUIDataObject@@@Z 10001b14 f i MotionSensor.obj
 0001:00000b14       ?EnumFormatEtc@?$IDataObjectImpl@VCOPOSMotionSensor@@@ATL@@UAGJKPAPAUIEnumFORMATETC@@@Z 10001b14 f i MotionSensor.obj
 0001:00000b14       ?GetRect@?$IViewObjectExImpl@VCOPOSMotionSensor@@@ATL@@UAGJKPAU_RECTL@@@Z 10001b14 f i MotionSensor.obj
 0001:00000b14       ?GetCanonicalFormatEtc@?$IDataObjectImpl@VCOPOSMotionSensor@@@ATL@@UAGJPAUtagFORMATETC@@0@Z 10001b14 f i MotionSensor.obj
 0001:00000b14       ?SetMoniker@?$IOleObjectImpl@VCOPOSMotionSensor@@@ATL@@UAGJKPAUIMoniker@@@Z 10001b14 f i MotionSensor.obj
 0001:00000b14       ?GetDataHere@?$IDataObjectImpl@VCOPOSMotionSensor@@@ATL@@UAGJPAUtagFORMATETC@@PAUtagSTGMEDIUM@@@Z 10001b14 f i MotionSensor.obj
 0001:00000b1c       ?InitFromData@?$IOleObjectImpl@VCOPOSMotionSensor@@@ATL@@UAGJPAUIDataObject@@HK@Z 10001b1c f i MotionSensor.obj
 0001:00000b1c       ?SetData@?$IDataObjectImpl@VCOPOSMotionSensor@@@ATL@@UAGJPAUtagFORMATETC@@PAUtagSTGMEDIUM@@H@Z 10001b1c f i MotionSensor.obj
 0001:00000b1c       ?GetMoniker@?$IOleObjectImpl@VCOPOSMotionSensor@@@ATL@@UAGJKKPAPAUIMoniker@@@Z 10001b1c f i MotionSensor.obj
 0001:00000b24       ?DoVerb@?$IOleObjectImpl@VCOPOSMotionSensor@@@ATL@@UAGJJPAUtagMSG@@PAUIOleClientSite@@JPAUHWND__@@PBUtagRECT@@@Z 10001b24 f i MotionSensor.obj
 0001:00000c18       ?EnumVerbs@?$IOleObjectImpl@VCOPOSMotionSensor@@@ATL@@UAGJPAPAUIEnumOLEVERB@@@Z 10001c18 f i MotionSensor.obj
 0001:00000c3a       ?Release@CRegObject@ATL@@UAGKXZ 10001c3a f i MotionSensor.obj
 0001:00000c3a       ?HandsOffStorage@?$IPersistStorageImpl@VCOPOSMotionSensor@@@ATL@@UAGJXZ 10001c3a f i MotionSensor.obj
 0001:00000c3a       ?IsUpToDate@?$IOleObjectImpl@VCOPOSMotionSensor@@@ATL@@UAGJXZ 10001c3a f i MotionSensor.obj
 0001:00000c3a       ?Update@?$IOleObjectImpl@VCOPOSMotionSensor@@@ATL@@UAGJXZ 10001c3a f i MotionSensor.obj
 0001:00000c3f       ?GetUserType@?$IOleObjectImpl@VCOPOSMotionSensor@@@ATL@@UAGJKPAPA_W@Z 10001c3f f i MotionSensor.obj
 0001:00000c57       ?SetExtent@?$IOleObjectImpl@VCOPOSMotionSensor@@@ATL@@UAGJKPAUtagSIZE@@@Z 10001c57 f i MotionSensor.obj
 0001:00000c77       ?GetExtent@?$IOleObjectImpl@VCOPOSMotionSensor@@@ATL@@UAGJKPAUtagSIZE@@@Z 10001c77 f i MotionSensor.obj
 0001:00000cb5       ?Advise@?$IOleObjectImpl@VCOPOSMotionSensor@@@ATL@@UAGJPAUIAdviseSink@@PAK@Z 10001cb5 f i MotionSensor.obj
 0001:00000cd5       ?Unadvise@?$IOleObjectImpl@VCOPOSMotionSensor@@@ATL@@UAGJK@Z 10001cd5 f i MotionSensor.obj
 0001:00000d04       ?EnumAdvise@?$IOleObjectImpl@VCOPOSMotionSensor@@@ATL@@UAGJPAPAUIEnumSTATDATA@@@Z 10001d04 f i MotionSensor.obj
 0001:00000d44       ?GetMiscStatus@?$IOleObjectImpl@VCOPOSMotionSensor@@@ATL@@UAGJKPAK@Z 10001d44 f i MotionSensor.obj
 0001:00000d5c       ?GetWindow@?$IOleInPlaceActiveObjectImpl@VCOPOSMotionSensor@@@ATL@@UAGJPAPAUHWND__@@@Z 10001d5c f i MotionSensor.obj
 0001:00000da9       ?TranslateAcceleratorW@?$IOleInPlaceActiveObjectImpl@VCOPOSMotionSensor@@@ATL@@UAGJPAUtagMSG@@@Z 10001da9 f i MotionSensor.obj
 0001:00000e57       ?OnDocWindowActivate@?$IOleInPlaceActiveObjectImpl@VCOPOSMotionSensor@@@ATL@@UAGJH@Z 10001e57 f i MotionSensor.obj
 0001:00000e79       ?ResizeBorder@?$IOleInPlaceActiveObjectImpl@VCOPOSMotionSensor@@@ATL@@UAGJPBUtagRECT@@PAUIOleInPlaceUIWindow@@H@Z 10001e79 f i MotionSensor.obj
 0001:00000e7e       ?Draw@?$IViewObjectExImpl@VCOPOSMotionSensor@@@ATL@@UAGJKJPAXPAUtagDVTARGETDEVICE@@PAUHDC__@@2PBU_RECTL@@3P6GHK@ZK@Z 10001e7e f i MotionSensor.obj
 0001:00000eb0       ?GetColorSet@?$IViewObjectExImpl@VCOPOSMotionSensor@@@ATL@@UAGJKJPAXPAUtagDVTARGETDEVICE@@PAUHDC__@@PAPAUtagLOGPALETTE@@@Z 10001eb0 f i MotionSensor.obj
 0001:00000eb8       ?Freeze@?$IViewObjectExImpl@VCOPOSMotionSensor@@@ATL@@UAGJKJPAXPAK@Z 10001eb8 f i MotionSensor.obj
 0001:00000eb8       ?SOErrorDummy@COPOSMotionSensor@@MAGJJJJPAJ@Z 10001eb8 f i MotionSensor.obj
 0001:00000ec0       ?SetAdvise@?$IViewObjectExImpl@VCOPOSMotionSensor@@@ATL@@UAGJKKPAUIAdviseSink@@@Z 10001ec0 f i MotionSensor.obj
 0001:00000edf       ?GetAdvise@?$IViewObjectExImpl@VCOPOSMotionSensor@@@ATL@@UAGJPAK0PAPAUIAdviseSink@@@Z 10001edf f i MotionSensor.obj
 0001:00000f14       ?GetExtent@?$IViewObjectExImpl@VCOPOSMotionSensor@@@ATL@@UAGJKJPAUtagDVTARGETDEVICE@@PAUtagSIZE@@@Z 10001f14 f i MotionSensor.obj
 0001:00000f45       ?GetViewStatus@?$IViewObjectExImpl@VCOPOSMotionSensor@@@ATL@@UAGJPAK@Z 10001f45 f i MotionSensor.obj
 0001:00000f62       ?QueryHitPoint@?$IViewObjectExImpl@VCOPOSMotionSensor@@@ATL@@UAGJKPBUtagRECT@@UtagPOINT@@JPAK@Z 10001f62 f i MotionSensor.obj
 0001:00000fa3       ?QueryHitRect@?$IViewObjectExImpl@VCOPOSMotionSensor@@@ATL@@UAGJKPBUtagRECT@@0JPAK@Z 10001fa3 f i MotionSensor.obj
 0001:00000ffe       ?GetNaturalExtent@?$IViewObjectExImpl@VCOPOSMotionSensor@@@ATL@@UAGJKJPAUtagDVTARGETDEVICE@@PAUHDC__@@PAUtagExtentInfo@@PAUtagSIZE@@@Z 10001ffe f i MotionSensor.obj
 0001:00001049       ?GetWindow@?$IOleInPlaceObjectWindowlessImpl@VCOPOSMotionSensor@@@ATL@@UAGJPAPAUHWND__@@@Z 10002049 f i MotionSensor.obj
 0001:00001096       ?InPlaceDeactivate@?$IOleInPlaceObjectWindowlessImpl@VCOPOSMotionSensor@@@ATL@@UAGJXZ 10002096 f i MotionSensor.obj
 0001:000010b0       ?UIDeactivate@?$IOleInPlaceObjectWindowlessImpl@VCOPOSMotionSensor@@@ATL@@UAGJXZ 100020b0 f i MotionSensor.obj
 0001:000010ca       ?SetObjectRects@?$IOleInPlaceObjectWindowlessImpl@VCOPOSMotionSensor@@@ATL@@UAGJPBUtagRECT@@0@Z 100020ca f i MotionSensor.obj
 0001:000010ea       ?ReactivateAndUndo@?$IOleInPlaceObjectWindowlessImpl@VCOPOSMotionSensor@@@ATL@@UAGJXZ 100020ea f i MotionSensor.obj
 0001:000010f2       ?OnWindowMessage@?$IOleInPlaceObjectWindowlessImpl@VCOPOSMotionSensor@@@ATL@@UAGJIIJPAJ@Z 100020f2 f i MotionSensor.obj
 0001:00001162       ?EnumConnectionPoints@?$IConnectionPointContainerImpl@VCOPOSMotionSensor@@@ATL@@UAGJPAPAUIEnumConnectionPoints@@@Z 10002162 f i MotionSensor.obj
 0001:000012dc       ?FindConnectionPoint@?$IConnectionPointContainerImpl@VCOPOSMotionSensor@@@ATL@@UAGJABU_GUID@@PAPAUIConnectionPoint@@@Z 100022dc f i MotionSensor.obj
 0001:0000137f       ?IsDirty@?$IPersistStorageImpl@VCOPOSMotionSensor@@@ATL@@UAGJXZ 1000237f f i MotionSensor.obj
 0001:000013b3       ?InitNew@?$IPersistStorageImpl@VCOPOSMotionSensor@@@ATL@@UAGJPAUIStorage@@@Z 100023b3 f i MotionSensor.obj
 0001:000013e7       ?Load@?$IPersistStorageImpl@VCOPOSMotionSensor@@@ATL@@UAGJPAUIStorage@@@Z 100023e7 f i MotionSensor.obj
 0001:00001453       ?Save@?$IPersistStorageImpl@VCOPOSMotionSensor@@@ATL@@UAGJPAUIStorage@@H@Z 10002453 f i MotionSensor.obj
 0001:000014c6       ?GetPages@?$ISpecifyPropertyPagesImpl@VCOPOSMotionSensor@@@ATL@@UAGJPAUtagCAUUID@@@Z 100024c6 f i MotionSensor.obj
 0001:000014dd       ?QuickActivate@?$IQuickActivateImpl@VCOPOSMotionSensor@@@ATL@@UAGJPAUtagQACONTAINER@@PAUtagQACONTROL@@@Z 100024dd f i MotionSensor.obj
 0001:00001500       ?SetContentExtent@?$IQuickActivateImpl@VCOPOSMotionSensor@@@ATL@@UAGJPAUtagSIZE@@@Z 10002500 f i MotionSensor.obj
 0001:0000152c       ?GetContentExtent@?$IQuickActivateImpl@VCOPOSMotionSensor@@@ATL@@UAGJPAUtagSIZE@@@Z 1000252c f i MotionSensor.obj
 0001:00001566       ?GetData@?$IDataObjectImpl@VCOPOSMotionSensor@@@ATL@@UAGJPAUtagFORMATETC@@PAUtagSTGMEDIUM@@@Z 10002566 f i MotionSensor.obj
 0001:00001589       ?DAdvise@?$IDataObjectImpl@VCOPOSMotionSensor@@@ATL@@UAGJPAUtagFORMATETC@@KPAUIAdviseSink@@PAK@Z 10002589 f i MotionSensor.obj
 0001:000015ca       ?DUnadvise@?$IDataObjectImpl@VCOPOSMotionSensor@@@ATL@@UAGJK@Z 100025ca f i MotionSensor.obj
 0001:000015f8       ?EnumDAdvise@?$IDataObjectImpl@VCOPOSMotionSensor@@@ATL@@UAGJPAPAUIEnumSTATDATA@@@Z 100025f8 f i MotionSensor.obj
 0001:00001637       ?GetClassInfoW@?$IProvideClassInfo2Impl@$1?CLSID_OPOSMotionSensor@@3U_GUID@@B$1?DIID__IOPOSMotionSensorEvents@@3U2@B$1?LIBID_OposMotionSensor_CCO@@3U2@B$00$0A@VCComTypeInfoHolder@ATL@@@ATL@@UAGJPAPAUITypeInfo@@@Z 10002637 f i MotionSensor.obj
 0001:0000164d       ?GetGUID@?$IProvideClassInfo2Impl@$1?CLSID_OPOSMotionSensor@@3U_GUID@@B$1?DIID__IOPOSMotionSensorEvents@@3U2@B$1?LIBID_OposMotionSensor_CCO@@3U2@B$00$0A@VCComTypeInfoHolder@ATL@@@ATL@@UAGJKPAU_GUID@@@Z 1000264d f i MotionSensor.obj
 0001:0000168b       __get_startup_argv_mode    1000268b f i LIBCMT:argv_mode.obj
 0001:0000168b       ?FAccessAllowed@?$IObjectSafetyImpl@VCOPOSMotionSensor@@$02@ATL@@MAEHXZ 1000268b f i MotionSensor.obj
 0001:0000168f       ?GetInterfaceSafetyOptions@?$IObjectSafetyImpl@VCOPOSMotionSensor@@$02@ATL@@UAGJABU_GUID@@PAK1@Z 1000268f f i MotionSensor.obj
 0001:00001703       ?SetInterfaceSafetyOptions@?$IObjectSafetyImpl@VCOPOSMotionSensor@@$02@ATL@@UAGJABU_GUID@@KK@Z 10002703 f i MotionSensor.obj
 0001:0000177d       ?_LocCPQueryInterface@?$IConnectionPointImpl@VCOPOSMotionSensor@@$1?IID_IPropertyNotifySink@@3U_GUID@@BVCComDynamicUnkArray@ATL@@@ATL@@UAGJABU_GUID@@PAPAX@Z 1000277d f i MotionSensor.obj
 0001:0000177d       ?_LocCPQueryInterface@?$IConnectionPointImpl@VCOPOSMotionSensor@@$1?DIID__IOPOSMotionSensorEvents@@3U_GUID@@BVCComDynamicUnkArray@ATL@@@ATL@@UAGJABU_GUID@@PAPAX@Z 1000277d f i MotionSensor.obj
 0001:000017ca       ?GetConnectionInterface@?$IConnectionPointImpl@VCOPOSMotionSensor@@$1?IID_IPropertyNotifySink@@3U_GUID@@BVCComDynamicUnkArray@ATL@@@ATL@@UAGJPAU_GUID@@@Z 100027ca f i MotionSensor.obj
 0001:000017ee       ?GetConnectionPointContainer@?$IConnectionPointImpl@VCOPOSMotionSensor@@$1?IID_IPropertyNotifySink@@3U_GUID@@BVCComDynamicUnkArray@ATL@@@ATL@@UAGJPAPAUIConnectionPointContainer@@@Z 100027ee f i MotionSensor.obj
 0001:00001811       ?Advise@?$IConnectionPointImpl@VCOPOSMotionSensor@@$1?IID_IPropertyNotifySink@@3U_GUID@@BVCComDynamicUnkArray@ATL@@@ATL@@UAGJPAUIUnknown@@PAK@Z 10002811 f i MotionSensor.obj
 0001:00001811       ?Advise@?$IConnectionPointImpl@VCOPOSMotionSensor@@$1?DIID__IOPOSMotionSensorEvents@@3U_GUID@@BVCComDynamicUnkArray@ATL@@@ATL@@UAGJPAUIUnknown@@PAK@Z 10002811 f i MotionSensor.obj
 0001:000018b2       ?Unadvise@?$IConnectionPointImpl@VCOPOSMotionSensor@@$1?IID_IPropertyNotifySink@@3U_GUID@@BVCComDynamicUnkArray@ATL@@@ATL@@UAGJK@Z 100028b2 f i MotionSensor.obj
 0001:000018b2       ?Unadvise@?$IConnectionPointImpl@VCOPOSMotionSensor@@$1?DIID__IOPOSMotionSensorEvents@@3U_GUID@@BVCComDynamicUnkArray@ATL@@@ATL@@UAGJK@Z 100028b2 f i MotionSensor.obj
 0001:000018f2       ?EnumConnections@?$IConnectionPointImpl@VCOPOSMotionSensor@@$1?IID_IPropertyNotifySink@@3U_GUID@@BVCComDynamicUnkArray@ATL@@@ATL@@UAGJPAPAUIEnumConnections@@@Z 100028f2 f i MotionSensor.obj
 0001:000018f2       ?EnumConnections@?$IConnectionPointImpl@VCOPOSMotionSensor@@$1?DIID__IOPOSMotionSensorEvents@@3U_GUID@@BVCComDynamicUnkArray@ATL@@@ATL@@UAGJPAPAUIEnumConnections@@@Z 100028f2 f i MotionSensor.obj
 0001:000019f8       ?GetObjectDescription@?$CComCoClass@VCOPOSMotionSensor@@$1?CLSID_OPOSMotionSensor@@3U_GUID@@B@ATL@@SGPB_WXZ 100029f8 f i MotionSensor.obj
 0001:000019f8       ?GetCategoryMap@CComObjectRootBase@ATL@@SAPBU_ATL_CATMAP_ENTRY@2@XZ 100029f8 f i MotionSensor.obj
 0001:000019fb       ?GetConnectionInterface@?$IConnectionPointImpl@VCOPOSMotionSensor@@$1?DIID__IOPOSMotionSensorEvents@@3U_GUID@@BVCComDynamicUnkArray@ATL@@@ATL@@UAGJPAU_GUID@@@Z 100029fb f i MotionSensor.obj
 0001:00001a1f       ?GetConnectionPointContainer@?$IConnectionPointImpl@VCOPOSMotionSensor@@$1?DIID__IOPOSMotionSensorEvents@@3U_GUID@@BVCComDynamicUnkArray@ATL@@@ATL@@UAGJPAPAUIConnectionPointContainer@@@Z 10002a1f f i MotionSensor.obj
 0001:00001a42       ?UpdateRegistry@COPOSMotionSensor@@SGJH@Z 10002a42 f i MotionSensor.obj
 0001:00001a5a       ?ProcessWindowMessage@COPOSMotionSensor@@UAEHPAUHWND__@@IIJAAJK@Z 10002a5a f i MotionSensor.obj
 0001:00001aa3       ?SODirectIO@COPOSMotionSensor@@MAGJJPAJPAPA_W@Z 10002aa3 f i MotionSensor.obj
 0001:00001aec       ?SOStatusUpdate@COPOSMotionSensor@@MAGJJ@Z 10002aec f i MotionSensor.obj
 0001:00001b25       ?Lock@CAtlModule@ATL@@UAEJXZ 10002b25 f i MotionSensor.obj
 0001:00001b2f       ?Unlock@CAtlModule@ATL@@UAEJXZ 10002b2f f i MotionSensor.obj
 0001:00001b39       ?GetLockCount@CAtlModule@ATL@@UAEJXZ 10002b39 f i MotionSensor.obj
 0001:00001b3d       ?GetGITPtr@CAtlModule@ATL@@UAEJPAPAUIGlobalInterfaceTable@@@Z 10002b3d f i MotionSensor.obj
 0001:00001b89       ?AddCommonRGSReplacements@?$CAtlModuleT@VCComModule@ATL@@@ATL@@UAEJPAUIRegistrarBase@@@Z 10002b89 f i MotionSensor.obj
 0001:00001ba3       ?CreateInstance@?$CComCreator@V?$CComObjectCached@VCComClassFactory@ATL@@@ATL@@@ATL@@SGJPAXABU_GUID@@PAPAX@Z 10002ba3 f i MotionSensor.obj
 0001:00001c4f       ?CreateInstance@?$CComCreator2@V?$CComCreator@V?$CComObject@VCOPOSMotionSensor@@@ATL@@@ATL@@V?$CComCreator@V?$CComAggObject@VCOPOSMotionSensor@@@ATL@@@2@@ATL@@SGJPAXABU_GUID@@PAPAX@Z 10002c4f f i MotionSensor.obj
 0001:00001c6f       ?UpdateRegistryFromResourceD@CComModule@ATL@@UAGJPB_WHPAU_ATL_REGMAP_ENTRY@2@@Z 10002c6f f i MotionSensor.obj
 0001:00001c6f       ?UpdateRegistryFromResourceD@CComModule@ATL@@UAGJIHPAU_ATL_REGMAP_ENTRY@2@@Z 10002c6f f i MotionSensor.obj
 0001:00001c77       ?UpdateRegistryFromResource@CComModule@ATL@@UAGJPB_WHPAU_ATL_REGMAP_ENTRY@2@@Z 10002c77 f i MotionSensor.obj
 0001:00001c80       ?UpdateRegistryFromResource@CComModule@ATL@@UAGJIHPAU_ATL_REGMAP_ENTRY@2@@Z 10002c80 f i MotionSensor.obj
 0001:00001c89       ?AddRef@?$CComObjectCached@VCComClassFactory@ATL@@@ATL@@UAGKXZ 10002c89 f i MotionSensor.obj
 0001:00001cb0       ?Release@?$CComObjectCached@VCComClassFactory@ATL@@@ATL@@UAGKXZ 10002cb0 f i MotionSensor.obj
 0001:00001ce6       ?QueryInterface@?$CComObjectCached@VCComClassFactory@ATL@@@ATL@@UAGJABU_GUID@@PAPAX@Z 10002ce6 f i MotionSensor.obj
 0001:00001d00       ??_E?$CComObjectCached@VCComClassFactory@ATL@@@ATL@@UAEPAXI@Z 10002d00 f i MotionSensor.obj
 0001:00001d00       ??_G?$CComObjectCached@VCComClassFactory@ATL@@@ATL@@UAEPAXI@Z 10002d00 f i MotionSensor.obj
 0001:00001d22       ??_ECComModule@ATL@@UAEPAXI@Z 10002d22 f i MotionSensor.obj
 0001:00001d22       ??_GCComModule@ATL@@UAEPAXI@Z 10002d22 f i MotionSensor.obj
 0001:00001d4a       ?Next@?$CComEnumImpl@UIEnumConnectionPoints@@$1?_GUID_b196b285_bab4_101a_b69c_00aa00341d07@@3U__s_GUID@@BPAUIConnectionPoint@@V?$_CopyInterface@UIConnectionPoint@@@ATL@@@ATL@@UAGJKPAPAUIConnectionPoint@@PAK@Z 10002d4a f i MotionSensor.obj
 0001:00001e21       ?Skip@?$CComEnumImpl@UIEnumConnectionPoints@@$1?_GUID_b196b285_bab4_101a_b69c_00aa00341d07@@3U__s_GUID@@BPAUIConnectionPoint@@V?$_CopyInterface@UIConnectionPoint@@@ATL@@@ATL@@UAGJK@Z 10002e21 f i MotionSensor.obj
 0001:00001e4e       ?Reset@?$CComEnumImpl@UIEnumConnectionPoints@@$1?_GUID_b196b285_bab4_101a_b69c_00aa00341d07@@3U__s_GUID@@BPAUIConnectionPoint@@V?$_CopyInterface@UIConnectionPoint@@@ATL@@@ATL@@UAGJXZ 10002e4e f i MotionSensor.obj
 0001:00001e4e       ?Reset@?$CComEnumImpl@UIEnumConnections@@$1?_GUID_b196b287_bab4_101a_b69c_00aa00341d07@@3U__s_GUID@@BUtagCONNECTDATA@@V?$_Copy@UtagCONNECTDATA@@@ATL@@@ATL@@UAGJXZ 10002e4e f i MotionSensor.obj
 0001:00001e60       ?Clone@?$CComEnumImpl@UIEnumConnectionPoints@@$1?_GUID_b196b285_bab4_101a_b69c_00aa00341d07@@3U__s_GUID@@BPAUIConnectionPoint@@V?$_CopyInterface@UIConnectionPoint@@@ATL@@@ATL@@UAGJPAPAUIEnumConnectionPoints@@@Z 10002e60 f i MotionSensor.obj
 0001:00001f41       ?AddRef@?$CComObject@V?$CComEnum@UIEnumConnections@@$1?_GUID_b196b287_bab4_101a_b69c_00aa00341d07@@3U__s_GUID@@BUtagCONNECTDATA@@V?$_Copy@UtagCONNECTDATA@@@ATL@@VCComSingleThreadModel@6@@ATL@@@ATL@@UAGKXZ 10002f41 f i MotionSensor.obj
 0001:00001f41       ?AddRef@?$CComObject@V?$CComEnum@UIEnumConnectionPoints@@$1?_GUID_b196b285_bab4_101a_b69c_00aa00341d07@@3U__s_GUID@@BPAUIConnectionPoint@@V?$_CopyInterface@UIConnectionPoint@@@ATL@@VCComSingleThreadModel@6@@ATL@@@ATL@@UAGKXZ 10002f41 f i MotionSensor.obj
 0001:00001f52       ?Release@?$CComObject@V?$CComEnum@UIEnumConnections@@$1?_GUID_b196b287_bab4_101a_b69c_00aa00341d07@@3U__s_GUID@@BUtagCONNECTDATA@@V?$_Copy@UtagCONNECTDATA@@@ATL@@VCComSingleThreadModel@6@@ATL@@@ATL@@UAGKXZ 10002f52 f i MotionSensor.obj
 0001:00001f52       ?Release@?$CComObject@V?$CComEnum@UIEnumConnectionPoints@@$1?_GUID_b196b285_bab4_101a_b69c_00aa00341d07@@3U__s_GUID@@BPAUIConnectionPoint@@V?$_CopyInterface@UIConnectionPoint@@@ATL@@VCComSingleThreadModel@6@@ATL@@@ATL@@UAGKXZ 10002f52 f i MotionSensor.obj
 0001:00001f8e       ?QueryInterface@?$CComObject@V?$CComEnum@UIEnumConnectionPoints@@$1?_GUID_b196b285_bab4_101a_b69c_00aa00341d07@@3U__s_GUID@@BPAUIConnectionPoint@@V?$_CopyInterface@UIConnectionPoint@@@ATL@@VCComSingleThreadModel@6@@ATL@@@ATL@@UAGJABU_GUID@@PAPAX@Z 10002f8e f i MotionSensor.obj
 0001:00001fa8       ??_G?$CComObject@V?$CComEnum@UIEnumConnectionPoints@@$1?_GUID_b196b285_bab4_101a_b69c_00aa00341d07@@3U__s_GUID@@BPAUIConnectionPoint@@V?$_CopyInterface@UIConnectionPoint@@@ATL@@VCComSingleThreadModel@6@@ATL@@@ATL@@UAEPAXI@Z 10002fa8 f i MotionSensor.obj
 0001:00001fa8       ??_E?$CComObject@V?$CComEnum@UIEnumConnectionPoints@@$1?_GUID_b196b285_bab4_101a_b69c_00aa00341d07@@3U__s_GUID@@BPAUIConnectionPoint@@V?$_CopyInterface@UIConnectionPoint@@@ATL@@VCComSingleThreadModel@6@@ATL@@@ATL@@UAEPAXI@Z 10002fa8 f i MotionSensor.obj
 0001:00001fca       ?AddRef@CRegObject@ATL@@UAGKXZ 10002fca f i MotionSensor.obj
 0001:00001fd0       ?AddReplacement@CRegObject@ATL@@UAGJPB_W0@Z 10002fd0 f i MotionSensor.obj
 0001:00002009       ?ClearReplacements@CRegObject@ATL@@UAGJXZ 10003009 f i MotionSensor.obj
 0001:0000201b       ??_ECRegObject@ATL@@UAEPAXI@Z 1000301b f i MotionSensor.obj
 0001:0000201b       ??_GCRegObject@ATL@@UAEPAXI@Z 1000301b f i MotionSensor.obj
 0001:0000203d       ?AddRef@?$CComAggObject@VCOPOSMotionSensor@@@ATL@@UAGKXZ 1000303d f i MotionSensor.obj
 0001:0000204e       ?Release@?$CComAggObject@VCOPOSMotionSensor@@@ATL@@UAGKXZ 1000304e f i MotionSensor.obj
 0001:0000208a       ?QueryInterface@?$CComAggObject@VCOPOSMotionSensor@@@ATL@@UAGJABU_GUID@@PAPAX@Z 1000308a f i MotionSensor.obj
 0001:000020d9       ?AddRef@?$CComContainedObject@VCOPOSMotionSensor@@@ATL@@UAGKXZ 100030d9 f i MotionSensor.obj
 0001:000020ef       ?Release@?$CComContainedObject@VCOPOSMotionSensor@@@ATL@@UAGKXZ 100030ef f i MotionSensor.obj
 0001:00002105       ?QueryInterface@?$CComContainedObject@VCOPOSMotionSensor@@@ATL@@UAGJABU_GUID@@PAPAX@Z 10003105 f i MotionSensor.obj
 0001:00002120       ??_G?$CComAggObject@VCOPOSMotionSensor@@@ATL@@UAEPAXI@Z 10003120 f i MotionSensor.obj
 0001:00002120       ??_E?$CComAggObject@VCOPOSMotionSensor@@@ATL@@UAEPAXI@Z 10003120 f i MotionSensor.obj
 0001:00002145       ?AddRef@?$CComObject@VCOPOSMotionSensor@@@ATL@@UAGKXZ 10003145 f i MotionSensor.obj
 0001:0000215c       ?Release@?$CComObject@VCOPOSMotionSensor@@@ATL@@UAGKXZ 1000315c f i MotionSensor.obj
 0001:0000219e       ?QueryInterface@?$CComObject@VCOPOSMotionSensor@@@ATL@@UAGJABU_GUID@@PAPAX@Z 1000319e f i MotionSensor.obj
 0001:000021b8       ?OnDrawAdvanced@CComControlBase@ATL@@UAEJAAUATL_DRAWINFO@@@Z 100031b8 f i MotionSensor.obj
 0001:000022ab       ?Next@?$CComEnumImpl@UIEnumConnections@@$1?_GUID_b196b287_bab4_101a_b69c_00aa00341d07@@3U__s_GUID@@BUtagCONNECTDATA@@V?$_Copy@UtagCONNECTDATA@@@ATL@@@ATL@@UAGJKPAUtagCONNECTDATA@@PAK@Z 100032ab f i MotionSensor.obj
 0001:00002382       ?Skip@?$CComEnumImpl@UIEnumConnections@@$1?_GUID_b196b287_bab4_101a_b69c_00aa00341d07@@3U__s_GUID@@BUtagCONNECTDATA@@V?$_Copy@UtagCONNECTDATA@@@ATL@@@ATL@@UAGJK@Z 10003382 f i MotionSensor.obj
 0001:000023af       ?Clone@?$CComEnumImpl@UIEnumConnections@@$1?_GUID_b196b287_bab4_101a_b69c_00aa00341d07@@3U__s_GUID@@BUtagCONNECTDATA@@V?$_Copy@UtagCONNECTDATA@@@ATL@@@ATL@@UAGJPAPAUIEnumConnections@@@Z 100033af f i MotionSensor.obj
 0001:00002490       ?QueryInterface@?$CComObject@V?$CComEnum@UIEnumConnections@@$1?_GUID_b196b287_bab4_101a_b69c_00aa00341d07@@3U__s_GUID@@BUtagCONNECTDATA@@V?$_Copy@UtagCONNECTDATA@@@ATL@@VCComSingleThreadModel@6@@ATL@@@ATL@@UAGJABU_GUID@@PAPAX@Z 10003490 f i MotionSensor.obj
 0001:000024aa       ??_E?$CComObject@V?$CComEnum@UIEnumConnections@@$1?_GUID_b196b287_bab4_101a_b69c_00aa00341d07@@3U__s_GUID@@BUtagCONNECTDATA@@V?$_Copy@UtagCONNECTDATA@@@ATL@@VCComSingleThreadModel@6@@ATL@@@ATL@@UAEPAXI@Z 100034aa f i MotionSensor.obj
 0001:000024aa       ??_G?$CComObject@V?$CComEnum@UIEnumConnections@@$1?_GUID_b196b287_bab4_101a_b69c_00aa00341d07@@3U__s_GUID@@BUtagCONNECTDATA@@V?$_Copy@UtagCONNECTDATA@@@ATL@@VCComSingleThreadModel@6@@ATL@@@ATL@@UAEPAXI@Z 100034aa f i MotionSensor.obj
 0001:000024cc       ??_E?$CComObject@VCOPOSMotionSensor@@@ATL@@W3AEPAXI@Z 100034cc f i MotionSensor.obj
 0001:000024d4       ??_E?$CComObject@VCOPOSMotionSensor@@@ATL@@WEM@AEPAXI@Z 100034d4 f i MotionSensor.obj
 0001:000024dc       ?QueryInterface@?$CComObject@VCOPOSMotionSensor@@@ATL@@WHA@AGJABU_GUID@@PAPAX@Z 100034dc f i MotionSensor.obj
 0001:000024e6       ?AddRef@?$CComObject@VCOPOSMotionSensor@@@ATL@@WHA@AGKXZ 100034e6 f i MotionSensor.obj
 0001:000024f0       ?Release@?$CComObject@VCOPOSMotionSensor@@@ATL@@WHA@AGKXZ 100034f0 f i MotionSensor.obj
 0001:000024fa       ?QueryInterface@?$CComObject@VCOPOSMotionSensor@@@ATL@@WHE@AGJABU_GUID@@PAPAX@Z 100034fa f i MotionSensor.obj
 0001:00002504       ?AddRef@?$CComObject@VCOPOSMotionSensor@@@ATL@@WHE@AGKXZ 10003504 f i MotionSensor.obj
 0001:0000250e       ?Release@?$CComObject@VCOPOSMotionSensor@@@ATL@@WHE@AGKXZ 1000350e f i MotionSensor.obj
 0001:00002518       ?QueryInterface@?$CComObject@VCOPOSMotionSensor@@@ATL@@WHI@AGJABU_GUID@@PAPAX@Z 10003518 f i MotionSensor.obj
 0001:00002522       ?AddRef@?$CComObject@VCOPOSMotionSensor@@@ATL@@WHI@AGKXZ 10003522 f i MotionSensor.obj
 0001:0000252c       ?Release@?$CComObject@VCOPOSMotionSensor@@@ATL@@WHI@AGKXZ 1000352c f i MotionSensor.obj
 0001:00002536       ?QueryInterface@?$CComObject@VCOPOSMotionSensor@@@ATL@@WHM@AGJABU_GUID@@PAPAX@Z 10003536 f i MotionSensor.obj
 0001:00002540       ?AddRef@?$CComObject@VCOPOSMotionSensor@@@ATL@@WHM@AGKXZ 10003540 f i MotionSensor.obj
 0001:0000254a       ?Release@?$CComObject@VCOPOSMotionSensor@@@ATL@@WHM@AGKXZ 1000354a f i MotionSensor.obj
 0001:00002554       ?QueryInterface@?$CComObject@VCOPOSMotionSensor@@@ATL@@WIA@AGJABU_GUID@@PAPAX@Z 10003554 f i MotionSensor.obj
 0001:00002561       ?AddRef@?$CComObject@VCOPOSMotionSensor@@@ATL@@WIA@AGKXZ 10003561 f i MotionSensor.obj
 0001:0000256e       ?Release@?$CComObject@VCOPOSMotionSensor@@@ATL@@WIA@AGKXZ 1000356e f i MotionSensor.obj
 0001:0000257b       ?QueryInterface@?$CComObject@VCOPOSMotionSensor@@@ATL@@WIE@AGJABU_GUID@@PAPAX@Z 1000357b f i MotionSensor.obj
 0001:00002588       ?AddRef@?$CComObject@VCOPOSMotionSensor@@@ATL@@WIE@AGKXZ 10003588 f i MotionSensor.obj
 0001:00002595       ?Release@?$CComObject@VCOPOSMotionSensor@@@ATL@@WIE@AGKXZ 10003595 f i MotionSensor.obj
 0001:000025a2       ?QueryInterface@?$CComObject@VCOPOSMotionSensor@@@ATL@@WII@AGJABU_GUID@@PAPAX@Z 100035a2 f i MotionSensor.obj
 0001:000025af       ?AddRef@?$CComObject@VCOPOSMotionSensor@@@ATL@@WII@AGKXZ 100035af f i MotionSensor.obj
 0001:000025bc       ?Release@?$CComObject@VCOPOSMotionSensor@@@ATL@@WII@AGKXZ 100035bc f i MotionSensor.obj
 0001:000025c9       ?QueryInterface@?$CComObject@VCOPOSMotionSensor@@@ATL@@WIM@AGJABU_GUID@@PAPAX@Z 100035c9 f i MotionSensor.obj
 0001:000025d6       ?AddRef@?$CComObject@VCOPOSMotionSensor@@@ATL@@WIM@AGKXZ 100035d6 f i MotionSensor.obj
 0001:000025e3       ?Release@?$CComObject@VCOPOSMotionSensor@@@ATL@@WIM@AGKXZ 100035e3 f i MotionSensor.obj
 0001:000025f0       ?QueryInterface@?$CComObject@VCOPOSMotionSensor@@@ATL@@WJA@AGJABU_GUID@@PAPAX@Z 100035f0 f i MotionSensor.obj
 0001:000025fd       ?AddRef@?$CComObject@VCOPOSMotionSensor@@@ATL@@WJA@AGKXZ 100035fd f i MotionSensor.obj
 0001:0000260a       ?Release@?$CComObject@VCOPOSMotionSensor@@@ATL@@WJA@AGKXZ 1000360a f i MotionSensor.obj
 0001:00002617       ?QueryInterface@?$CComObject@VCOPOSMotionSensor@@@ATL@@WJE@AGJABU_GUID@@PAPAX@Z 10003617 f i MotionSensor.obj
 0001:00002624       ?AddRef@?$CComObject@VCOPOSMotionSensor@@@ATL@@WJE@AGKXZ 10003624 f i MotionSensor.obj
 0001:00002631       ?Release@?$CComObject@VCOPOSMotionSensor@@@ATL@@WJE@AGKXZ 10003631 f i MotionSensor.obj
 0001:0000263e       ?QueryInterface@?$CComObject@VCOPOSMotionSensor@@@ATL@@WJI@AGJABU_GUID@@PAPAX@Z 1000363e f i MotionSensor.obj
 0001:0000264b       ?AddRef@?$CComObject@VCOPOSMotionSensor@@@ATL@@WJI@AGKXZ 1000364b f i MotionSensor.obj
 0001:00002658       ?Release@?$CComObject@VCOPOSMotionSensor@@@ATL@@WJI@AGKXZ 10003658 f i MotionSensor.obj
 0001:00002665       ?QueryInterface@?$CComObject@VCOPOSMotionSensor@@@ATL@@WJM@AGJABU_GUID@@PAPAX@Z 10003665 f i MotionSensor.obj
 0001:00002672       ?AddRef@?$CComObject@VCOPOSMotionSensor@@@ATL@@WJM@AGKXZ 10003672 f i MotionSensor.obj
 0001:0000267f       ?Release@?$CComObject@VCOPOSMotionSensor@@@ATL@@WJM@AGKXZ 1000367f f i MotionSensor.obj
 0001:0000268c       ?QueryInterface@?$CComObject@VCOPOSMotionSensor@@@ATL@@WKA@AGJABU_GUID@@PAPAX@Z 1000368c f i MotionSensor.obj
 0001:00002699       ?AddRef@?$CComObject@VCOPOSMotionSensor@@@ATL@@WKA@AGKXZ 10003699 f i MotionSensor.obj
 0001:000026a6       ?Release@?$CComObject@VCOPOSMotionSensor@@@ATL@@WKA@AGKXZ 100036a6 f i MotionSensor.obj
 0001:000026b3       ?AddRef@?$CComObject@VCOPOSMotionSensor@@@ATL@@WKI@AGKXZ 100036b3 f i MotionSensor.obj
 0001:000026c0       ?Release@?$CComObject@VCOPOSMotionSensor@@@ATL@@WKI@AGKXZ 100036c0 f i MotionSensor.obj
 0001:000026cd       ?AddRef@?$CComObject@VCOPOSMotionSensor@@@ATL@@WLE@AGKXZ 100036cd f i MotionSensor.obj
 0001:000026da       ?Release@?$CComObject@VCOPOSMotionSensor@@@ATL@@WLE@AGKXZ 100036da f i MotionSensor.obj
 0001:000026e7       ??_E?$CComContainedObject@VCOPOSMotionSensor@@@ATL@@W3AEPAXI@Z 100036e7 f i MotionSensor.obj
 0001:000026ef       ??_E?$CComContainedObject@VCOPOSMotionSensor@@@ATL@@WEM@AEPAXI@Z 100036ef f i MotionSensor.obj
 0001:000026f7       ?QueryInterface@?$CComContainedObject@VCOPOSMotionSensor@@@ATL@@WHA@AGJABU_GUID@@PAPAX@Z 100036f7 f i MotionSensor.obj
 0001:00002701       ?AddRef@?$CComContainedObject@VCOPOSMotionSensor@@@ATL@@WHA@AGKXZ 10003701 f i MotionSensor.obj
 0001:0000270b       ?Release@?$CComContainedObject@VCOPOSMotionSensor@@@ATL@@WHA@AGKXZ 1000370b f i MotionSensor.obj
 0001:00002715       ?QueryInterface@?$CComContainedObject@VCOPOSMotionSensor@@@ATL@@WHE@AGJABU_GUID@@PAPAX@Z 10003715 f i MotionSensor.obj
 0001:0000271f       ?AddRef@?$CComContainedObject@VCOPOSMotionSensor@@@ATL@@WHE@AGKXZ 1000371f f i MotionSensor.obj
 0001:00002729       ?Release@?$CComContainedObject@VCOPOSMotionSensor@@@ATL@@WHE@AGKXZ 10003729 f i MotionSensor.obj
 0001:00002733       ?QueryInterface@?$CComContainedObject@VCOPOSMotionSensor@@@ATL@@WHI@AGJABU_GUID@@PAPAX@Z 10003733 f i MotionSensor.obj
 0001:0000273d       ?AddRef@?$CComContainedObject@VCOPOSMotionSensor@@@ATL@@WHI@AGKXZ 1000373d f i MotionSensor.obj
 0001:00002747       ?Release@?$CComContainedObject@VCOPOSMotionSensor@@@ATL@@WHI@AGKXZ 10003747 f i MotionSensor.obj
 0001:00002751       ?QueryInterface@?$CComContainedObject@VCOPOSMotionSensor@@@ATL@@WHM@AGJABU_GUID@@PAPAX@Z 10003751 f i MotionSensor.obj
 0001:0000275b       ?AddRef@?$CComContainedObject@VCOPOSMotionSensor@@@ATL@@WHM@AGKXZ 1000375b f i MotionSensor.obj
 0001:00002765       ?Release@?$CComContainedObject@VCOPOSMotionSensor@@@ATL@@WHM@AGKXZ 10003765 f i MotionSensor.obj
 0001:0000276f       ?QueryInterface@?$CComContainedObject@VCOPOSMotionSensor@@@ATL@@WIA@AGJABU_GUID@@PAPAX@Z 1000376f f i MotionSensor.obj
 0001:0000277c       ?AddRef@?$CComContainedObject@VCOPOSMotionSensor@@@ATL@@WIA@AGKXZ 1000377c f i MotionSensor.obj
 0001:00002789       ?Release@?$CComContainedObject@VCOPOSMotionSensor@@@ATL@@WIA@AGKXZ 10003789 f i MotionSensor.obj
 0001:00002796       ?QueryInterface@?$CComContainedObject@VCOPOSMotionSensor@@@ATL@@WIE@AGJABU_GUID@@PAPAX@Z 10003796 f i MotionSensor.obj
 0001:000027a3       ?AddRef@?$CComContainedObject@VCOPOSMotionSensor@@@ATL@@WIE@AGKXZ 100037a3 f i MotionSensor.obj
 0001:000027b0       ?Release@?$CComContainedObject@VCOPOSMotionSensor@@@ATL@@WIE@AGKXZ 100037b0 f i MotionSensor.obj
 0001:000027bd       ?QueryInterface@?$CComContainedObject@VCOPOSMotionSensor@@@ATL@@WII@AGJABU_GUID@@PAPAX@Z 100037bd f i MotionSensor.obj
 0001:000027ca       ?AddRef@?$CComContainedObject@VCOPOSMotionSensor@@@ATL@@WII@AGKXZ 100037ca f i MotionSensor.obj
 0001:000027d7       ?Release@?$CComContainedObject@VCOPOSMotionSensor@@@ATL@@WII@AGKXZ 100037d7 f i MotionSensor.obj
 0001:000027e4       ?QueryInterface@?$CComContainedObject@VCOPOSMotionSensor@@@ATL@@WIM@AGJABU_GUID@@PAPAX@Z 100037e4 f i MotionSensor.obj
 0001:000027f1       ?AddRef@?$CComContainedObject@VCOPOSMotionSensor@@@ATL@@WIM@AGKXZ 100037f1 f i MotionSensor.obj
 0001:000027fe       ?Release@?$CComContainedObject@VCOPOSMotionSensor@@@ATL@@WIM@AGKXZ 100037fe f i MotionSensor.obj
 0001:0000280b       ?QueryInterface@?$CComContainedObject@VCOPOSMotionSensor@@@ATL@@WJA@AGJABU_GUID@@PAPAX@Z 1000380b f i MotionSensor.obj
 0001:00002818       ?AddRef@?$CComContainedObject@VCOPOSMotionSensor@@@ATL@@WJA@AGKXZ 10003818 f i MotionSensor.obj
 0001:00002825       ?Release@?$CComContainedObject@VCOPOSMotionSensor@@@ATL@@WJA@AGKXZ 10003825 f i MotionSensor.obj
 0001:00002832       ?QueryInterface@?$CComContainedObject@VCOPOSMotionSensor@@@ATL@@WJE@AGJABU_GUID@@PAPAX@Z 10003832 f i MotionSensor.obj
 0001:0000283f       ?AddRef@?$CComContainedObject@VCOPOSMotionSensor@@@ATL@@WJE@AGKXZ 1000383f f i MotionSensor.obj
 0001:0000284c       ?Release@?$CComContainedObject@VCOPOSMotionSensor@@@ATL@@WJE@AGKXZ 1000384c f i MotionSensor.obj
 0001:00002859       ?QueryInterface@?$CComContainedObject@VCOPOSMotionSensor@@@ATL@@WJI@AGJABU_GUID@@PAPAX@Z 10003859 f i MotionSensor.obj
 0001:00002866       ?AddRef@?$CComContainedObject@VCOPOSMotionSensor@@@ATL@@WJI@AGKXZ 10003866 f i MotionSensor.obj
 0001:00002873       ?Release@?$CComContainedObject@VCOPOSMotionSensor@@@ATL@@WJI@AGKXZ 10003873 f i MotionSensor.obj
 0001:00002880       ?QueryInterface@?$CComContainedObject@VCOPOSMotionSensor@@@ATL@@WJM@AGJABU_GUID@@PAPAX@Z 10003880 f i MotionSensor.obj
 0001:0000288d       ?AddRef@?$CComContainedObject@VCOPOSMotionSensor@@@ATL@@WJM@AGKXZ 1000388d f i MotionSensor.obj
 0001:0000289a       ?Release@?$CComContainedObject@VCOPOSMotionSensor@@@ATL@@WJM@AGKXZ 1000389a f i MotionSensor.obj
 0001:000028a7       ?QueryInterface@?$CComContainedObject@VCOPOSMotionSensor@@@ATL@@WKA@AGJABU_GUID@@PAPAX@Z 100038a7 f i MotionSensor.obj
 0001:000028b4       ?AddRef@?$CComContainedObject@VCOPOSMotionSensor@@@ATL@@WKA@AGKXZ 100038b4 f i MotionSensor.obj
 0001:000028c1       ?Release@?$CComContainedObject@VCOPOSMotionSensor@@@ATL@@WKA@AGKXZ 100038c1 f i MotionSensor.obj
 0001:000028ce       ?AddRef@?$CComContainedObject@VCOPOSMotionSensor@@@ATL@@WKI@AGKXZ 100038ce f i MotionSensor.obj
 0001:000028db       ?Release@?$CComContainedObject@VCOPOSMotionSensor@@@ATL@@WKI@AGKXZ 100038db f i MotionSensor.obj
 0001:000028e8       ?AddRef@?$CComContainedObject@VCOPOSMotionSensor@@@ATL@@WLE@AGKXZ 100038e8 f i MotionSensor.obj
 0001:000028f5       ?Release@?$CComContainedObject@VCOPOSMotionSensor@@@ATL@@WLE@AGKXZ 100038f5 f i MotionSensor.obj
 0001:00002902       ??$?4UITypeInfo2@@@?$CComPtr@UITypeInfo@@@ATL@@QAEPAUITypeInfo@@ABV?$CComPtr@UITypeInfo2@@@1@@Z 10003902 f i MotionSensor.obj
 0001:0000292f       ??$AtlAdd@K@ATL@@YAJPAKKK@Z 1000392f f i MotionSensor.obj
 0001:00002952       ??$AtlAdd@_K@ATL@@YAJPA_K_K1@Z 10003952 f i MotionSensor.obj
 0001:0000298a       ??$AtlAddThrow@K@ATL@@YAKKK@Z 1000398a f i MotionSensor.obj
 0001:000029b0       ??$AtlModuleRegisterWndClassInfoT@VAtlModuleRegisterWndClassInfoParamW@ATL@@@ATL@@YAGPAU_ATL_BASE_MODULE70@0@PAU_ATL_WIN_MODULE70@0@PAU_ATL_WNDCLASSINFOW@0@PAP6GJPAUHWND__@@IIJ@ZVAtlModuleRegisterWndClassInfoParamW@0@@Z 100039b0 f i MotionSensor.obj
 0001:00002afe       ??$AtlMultiply@H@ATL@@YAJPAHHH@Z 10003afe f i MotionSensor.obj
 0001:00002b36       ??$AtlMultiply@K@ATL@@YAJPAKKK@Z 10003b36 f i MotionSensor.obj
 0001:00002b36       ??$AtlMultiply@I@ATL@@YAJPAIII@Z 10003b36 f i MotionSensor.obj
 0001:00002b58       ??$AtlMultiplyThrow@I@ATL@@YAIII@Z 10003b58 f i MotionSensor.obj
 0001:00002b7e       ??0?$CComAggObject@VCOPOSMotionSensor@@@ATL@@QAE@PAX@Z 10003b7e f i MotionSensor.obj
 0001:00002bab       ??0?$CComContainedObject@VCOPOSMotionSensor@@@ATL@@QAE@PAX@Z 10003bab f i MotionSensor.obj
 0001:00002c64       ??0?$CComObject@V?$CComEnum@UIEnumConnectionPoints@@$1?_GUID_b196b285_bab4_101a_b69c_00aa00341d07@@3U__s_GUID@@BPAUIConnectionPoint@@V?$_CopyInterface@UIConnectionPoint@@@ATL@@VCComSingleThreadModel@6@@ATL@@@ATL@@QAE@PAX@Z 10003c64 f i MotionSensor.obj
 0001:00002c92       ??0?$CComObject@V?$CComEnum@UIEnumConnections@@$1?_GUID_b196b287_bab4_101a_b69c_00aa00341d07@@3U__s_GUID@@BUtagCONNECTDATA@@V?$_Copy@UtagCONNECTDATA@@@ATL@@VCComSingleThreadModel@6@@ATL@@@ATL@@QAE@PAX@Z 10003c92 f i MotionSensor.obj
 0001:00002cc0       ??0?$CComObject@VCOPOSMotionSensor@@@ATL@@QAE@PAX@Z 10003cc0 f i MotionSensor.obj
 0001:00002d77       ??0?$CComQIPtr@UIOleControlSite@@$1?_GUID_b196b289_bab4_101a_b69c_00aa00341d07@@3U__s_GUID@@B@ATL@@QAE@PAUIUnknown@@@Z 10003d77 f i MotionSensor.obj
 0001:00002da0       ??0CAtlModule@ATL@@QAE@XZ  10003da0 f i MotionSensor.obj
 0001:00002de1       ??0CParseBuffer@CRegParser@ATL@@QAE@H@Z 10003de1 f i MotionSensor.obj
 0001:00002e17       ??0_ATL_MSG@ATL@@QAE@PAUHWND__@@IIJH@Z 10003e17 f i MotionSensor.obj
 0001:00002e4f       ??1?$CComAggObject@VCOPOSMotionSensor@@@ATL@@UAE@XZ 10003e4f f i MotionSensor.obj
 0001:00002e73       ??1?$CComEnumImpl@UIEnumConnectionPoints@@$1?_GUID_b196b285_bab4_101a_b69c_00aa00341d07@@3U__s_GUID@@BPAUIConnectionPoint@@V?$_CopyInterface@UIConnectionPoint@@@ATL@@@ATL@@UAE@XZ 10003e73 f i MotionSensor.obj
 0001:00002eb3       ??1?$CComEnumImpl@UIEnumConnections@@$1?_GUID_b196b287_bab4_101a_b69c_00aa00341d07@@3U__s_GUID@@BUtagCONNECTDATA@@V?$_Copy@UtagCONNECTDATA@@@ATL@@@ATL@@UAE@XZ 10003eb3 f i MotionSensor.obj
 0001:00002ef3       ??1?$CComObject@V?$CComEnum@UIEnumConnectionPoints@@$1?_GUID_b196b285_bab4_101a_b69c_00aa00341d07@@3U__s_GUID@@BPAUIConnectionPoint@@V?$_CopyInterface@UIConnectionPoint@@@ATL@@VCComSingleThreadModel@6@@ATL@@@ATL@@UAE@XZ 10003ef3 f i MotionSensor.obj
 0001:00002f16       ??1?$CComObject@V?$CComEnum@UIEnumConnections@@$1?_GUID_b196b287_bab4_101a_b69c_00aa00341d07@@3U__s_GUID@@BUtagCONNECTDATA@@V?$_Copy@UtagCONNECTDATA@@@ATL@@VCComSingleThreadModel@6@@ATL@@@ATL@@UAE@XZ 10003f16 f i MotionSensor.obj
 0001:00002f39       ??1?$CComObject@VCOPOSMotionSensor@@@ATL@@UAE@XZ 10003f39 f i MotionSensor.obj
 0001:00002ff7       ??1?$CComObjectCached@VCComClassFactory@ATL@@@ATL@@UAE@XZ 10003ff7 f i MotionSensor.obj
 0001:0000300d       ??1?$CComObjectRootEx@VCComMultiThreadModel@ATL@@@ATL@@QAE@XZ 1000400d f i MotionSensor.obj
 0001:00003022       ??1CRegObject@ATL@@UAE@XZ  10004022 f i MotionSensor.obj
 0001:00003042       ??4?$CComPtr@UIUnknown@@@ATL@@QAEPAUIUnknown@@PAU2@@Z 10004042 f i MotionSensor.obj
 0001:00003042       ??4?$CComPtr@UIOleClientSite@@@ATL@@QAEPAUIOleClientSite@@PAU2@@Z 10004042 f i MotionSensor.obj
 0001:00003042       ??4?$CComPtr@UIAdviseSink@@@ATL@@QAEPAUIAdviseSink@@PAU2@@Z 10004042 f i MotionSensor.obj
 0001:00003076       ??_G?$CComContainedObject@VCOPOSMotionSensor@@@ATL@@UAEPAXI@Z 10004076 f i MotionSensor.obj
 0001:00003076       ??_E?$CComContainedObject@VCOPOSMotionSensor@@@ATL@@UAEPAXI@Z 10004076 f i MotionSensor.obj
 0001:0000309b       ??_E?$CComObject@VCOPOSMotionSensor@@@ATL@@UAEPAXI@Z 1000409b f i MotionSensor.obj
 0001:0000309b       ??_G?$CComObject@VCOPOSMotionSensor@@@ATL@@UAEPAXI@Z 1000409b f i MotionSensor.obj
 0001:000030c0       ?Add@?$CSimpleArray@GV?$CSimpleArrayEqualHelper@G@ATL@@@ATL@@QAEHABG@Z 100040c0 f i MotionSensor.obj
 0001:00003144       ?Add@?$CSimpleMap@PA_WPA_WVCExpansionVectorEqualHelper@ATL@@@ATL@@QAEHABQA_W0@Z 10004144 f i MotionSensor.obj
 0001:00003199       ?Add@CComDynamicUnkArray@ATL@@QAEKPAUIUnknown@@@Z 10004199 f i MotionSensor.obj
 0001:0000324f       ?Add@CExpansionVector@ATL@@QAEHPB_W0@Z 1000424f f i MotionSensor.obj
 0001:00003358       ?AddString@CParseBuffer@CRegParser@ATL@@QAEHPB_W@Z 10004358 f i MotionSensor.obj
 0001:0000338d       ?AddTermFunc@CAtlModule@ATL@@QAEJP6GXK@ZK@Z 1000438d f i MotionSensor.obj
 0001:000033f0       ?AddValue@CRegParser@ATL@@IAEJAAVCRegKey@2@PB_WPA_W@Z 100043f0 f i MotionSensor.obj
 0001:0000370a       ?Allocate@?$CAtlSafeAllocBufferManager@VCCRTAllocator@ATL@@@_ATL_SAFE_ALLOCA_IMPL@ATL@@QAEPAXK@Z 1000470a f i MotionSensor.obj
 0001:00003737       ?Allocate@?$CTempBuffer@E$0BAA@VCCRTAllocator@ATL@@@ATL@@QAEPAEI@Z 10004737 f i MotionSensor.obj
 0001:00003766       ?Allocate@?$CTempBuffer@_W$0BAA@VCCRTAllocator@ATL@@@ATL@@QAEPA_WI@Z 10004766 f i MotionSensor.obj
 0001:00003795       ?Allocate@?$CTempBuffer@_W$0EAA@VCCRTAllocator@ATL@@@ATL@@QAEPA_WI@Z 10004795 f i MotionSensor.obj
 0001:000037c4       ?AllocateHeap@?$CTempBuffer@E$0BAA@VCCRTAllocator@ATL@@@ATL@@AAEXI@Z 100047c4 f i MotionSensor.obj
 0001:000037c4       ?AllocateHeap@?$CTempBuffer@_W$0EAA@VCCRTAllocator@ATL@@@ATL@@AAEXI@Z 100047c4 f i MotionSensor.obj
 0001:000037c4       ?AllocateHeap@?$CTempBuffer@_W$0BAA@VCCRTAllocator@ATL@@@ATL@@AAEXI@Z 100047c4 f i MotionSensor.obj
 0001:000037e9       ?Append@CParseBuffer@CRegParser@ATL@@QAEHPB_WH@Z 100047e9 f i MotionSensor.obj
 0001:00003877       ?AtlCoTaskMemCAlloc@ATL@@YAPAXKK@Z 10004877 f i MotionSensor.obj
 0001:000038a4       ?AtlCoTaskMemRecalloc@ATL@@YAPAXPAXKK@Z 100048a4 f i MotionSensor.obj
 0001:000038d4       ?AtlComModuleGetClassObject@ATL@@YGJPAU_ATL_COM_MODULE70@1@ABU_GUID@@1PAPAX@Z 100048d4 f i MotionSensor.obj
 0001:000039c7       ?AtlComModuleRegisterServer@ATL@@YGJPAU_ATL_COM_MODULE70@1@HPBU_GUID@@@Z 100049c7 f i MotionSensor.obj
 0001:00003a4f       ?AtlComModuleUnregisterServer@ATL@@YGJPAU_ATL_COM_MODULE70@1@HPBU_GUID@@@Z 10004a4f f i MotionSensor.obj
 0001:00003ad7       ?AtlComQIPtrAssign2@ATL@@YAXPAPAUIUnknown@@PAU2@ABU_GUID@@@Z 10004ad7 f i MotionSensor.obj
 0001:00003b06       ?AtlCreateTargetDC@ATL@@YGPAUHDC__@@PAU2@PAUtagDVTARGETDEVICE@@@Z 10004b06 f i MotionSensor.obj
 0001:00003b6f       ?AtlCrtErrorCheck@ATL@@YAHH@Z 10004b6f f i MotionSensor.obj
 0001:00003baa       ?AtlHiMetricToPixel@ATL@@YGXPBUtagSIZE@@PAU2@@Z 10004baa f i MotionSensor.obj
 0001:00003c1f       ?AtlHresultFromLastError@ATL@@YAJXZ 10004c1f f i MotionSensor.obj
 0001:00003c36       ?AtlHresultFromWin32@ATL@@YAJK@Z 10004c36 f i MotionSensor.obj
 0001:00003c4b       ?AtlInternalOleLoadFromStream@ATL@@YAJPAUIStream@@ABU_GUID@@PAPAXTClassesAllowedInStream@1@K@Z 10004c4b f i MotionSensor.obj
 0001:00003d71       ?AtlInternalQueryInterface@ATL@@YGJPAXPBU_ATL_INTMAP_ENTRY@1@ABU_GUID@@PAPAX@Z 10004d71 f i MotionSensor.obj
 0001:00003e14       ?AtlLoadTypeLib@ATL@@YGJPAUHINSTANCE__@@PB_WPAPA_WPAPAUITypeLib@@@Z 10004e14 f i MotionSensor.obj
 0001:00003ff2       ?AtlRegisterClassCategoriesHelper@ATL@@YGJABU_GUID@@PBU_ATL_CATMAP_ENTRY@1@H@Z 10004ff2 f i MotionSensor.obj
 0001:000042ee       ?AtlRegisterTypeLib@ATL@@YGJPAUHINSTANCE__@@PB_W@Z 100052ee f i MotionSensor.obj
 0001:00004476       ?AtlThrowImpl@ATL@@YGXJ@Z  10005476 f i MotionSensor.obj
 0001:00004494       ?AtlUnRegisterTypeLib@ATL@@YGJPAUHINSTANCE__@@PB_W@Z 10005494 f i MotionSensor.obj
 0001:0000453f       ?AtlWinModuleAddCreateWndData@ATL@@YGXPAU_ATL_WIN_MODULE70@1@PAU_AtlCreateWndData@1@PAX@Z 1000553f f i MotionSensor.obj
 0001:00004593       ?AtlWinModuleExtractCreateWndData@ATL@@YGPAXPAU_ATL_WIN_MODULE70@1@@Z 10005593 f i MotionSensor.obj
 0001:000045f6       ?AtlWinModuleRegisterClassExW@ATL@@YGGPAU_ATL_WIN_MODULE70@1@PBUtagWNDCLASSEXW@@@Z 100055f6 f i MotionSensor.obj
 0001:00004635       ?CanForceRemoveKey@CRegParser@ATL@@IAEHPB_W@Z 10005635 f i MotionSensor.obj
 0001:00004664       ?ChToByte@CRegParser@ATL@@KAE_W@Z 10005664 f i MotionSensor.obj
 0001:00004697       ?Cleanup@CComTypeInfoHolder@ATL@@SGXK@Z 10005697 f i MotionSensor.obj
 0001:000046ca       ?ClearReplacements@CExpansionVector@ATL@@QAEJXZ 100056ca f i MotionSensor.obj
 0001:00004707       ?Close@CRegKey@ATL@@QAEJXZ 10005707 f i MotionSensor.obj
 0001:00004721       ?CreateInstance@?$CComCreator@V?$CComAggObject@VCOPOSMotionSensor@@@ATL@@@ATL@@SGJPAXABU_GUID@@PAPAX@Z 10005721 f i MotionSensor.obj
 0001:00004797       ?CreateInstance@?$CComCreator@V?$CComObject@VCOPOSMotionSensor@@@ATL@@@ATL@@SGJPAXABU_GUID@@PAPAX@Z 10005797 f i MotionSensor.obj
 0001:00004818       ?CreateInstance@?$CComObject@V?$CComEnum@UIEnumConnectionPoints@@$1?_GUID_b196b285_bab4_101a_b69c_00aa00341d07@@3U__s_GUID@@BPAUIConnectionPoint@@V?$_CopyInterface@UIConnectionPoint@@@ATL@@VCComSingleThreadModel@6@@ATL@@@ATL@@SGJPAPAV12@@Z 10005818 f i MotionSensor.obj
 0001:0000485f       ?CreateInstance@?$CComObject@V?$CComEnum@UIEnumConnections@@$1?_GUID_b196b287_bab4_101a_b69c_00aa00341d07@@3U__s_GUID@@BUtagCONNECTDATA@@V?$_Copy@UtagCONNECTDATA@@@ATL@@VCComSingleThreadModel@6@@ATL@@@ATL@@SGJPAPAV12@@Z 1000585f f i MotionSensor.obj
 0001:000048a6       ?DefaultReflectionHandler@?$CWindowImplRoot@VCWindow@ATL@@@ATL@@SAHPAUHWND__@@IIJAAJ@Z 100058a6 f i MotionSensor.obj
 0001:00004919       ?DeleteSubKey@CRegKey@ATL@@QAEJPB_W@Z 10005919 f i MotionSensor.obj
 0001:00004992       ?DoEvent@COPOSMotionSensor@@IAEXIIJ@Z 10005992 f i MotionSensor.obj
 0001:00004a12       ?DoVerbHide@?$IOleObjectImpl@VCOPOSMotionSensor@@@ATL@@QAEJPBUtagRECT@@PAUHWND__@@@Z 10005a12 f i MotionSensor.obj
 0001:00004a48       ?DoVerbInPlaceActivate@?$IOleObjectImpl@VCOPOSMotionSensor@@@ATL@@QAEJPBUtagRECT@@PAUHWND__@@@Z 10005a48 f i MotionSensor.obj
 0001:00004a7b       ?DoVerbPrimary@?$IOleObjectImpl@VCOPOSMotionSensor@@@ATL@@QAEJPBUtagRECT@@PAUHWND__@@@Z 10005a7b f i MotionSensor.obj
 0001:00004b07       ?DoVerbProperties@CComControlBase@ATL@@QAEJPBUtagRECT@@PAUHWND__@@@Z 10005b07 f i MotionSensor.obj
 0001:00004c86       ?DoVerbUIActivate@?$IOleObjectImpl@VCOPOSMotionSensor@@@ATL@@QAEJPBUtagRECT@@PAUHWND__@@@Z 10005c86 f i MotionSensor.obj
 0001:00004cc3       ?DoesVerbActivate@CComControlBase@ATL@@QAEHJ@Z 10005cc3 f i MotionSensor.obj
 0001:00004ce4       ?DoesVerbUIActivate@CComControlBase@ATL@@QAEHJ@Z 10005ce4 f i MotionSensor.obj
 0001:00004d19       ?EndOfVar@CRegParser@ATL@@IAEHXZ 10005d19 f i MotionSensor.obj
 0001:00004d39       ?EscapeSingleQuote@CAtlModule@ATL@@SAXPA_WIPB_W@Z 10005d39 f i MotionSensor.obj
 0001:00004d88       ?FindKey@?$CSimpleMap@PA_WPA_WVCExpansionVectorEqualHelper@ATL@@@ATL@@QBEHABQA_W@Z 10005d88 f i MotionSensor.obj
 0001:00004dbf       ?FireTheEvent@?$CProxy_IOPOSEvents@VCOPOSMotionSensor@@@@IAEXPAVOposVariant@@IAAJPB_WJ@Z 10005dbf f i MotionSensor.obj
 0001:00004e51       ?FireViewChange@CComControlBase@ATL@@QAEJXZ 10005e51 f i MotionSensor.obj
 0001:00004e9a       ?Fire_DirectIOEvent@?$CProxy_IOPOSEvents@VCOPOSMotionSensor@@@@QAEXJPAJPAPA_W@Z 10005e9a f i MotionSensor.obj
 0001:00004f83       ?Fire_StatusUpdateEvent@?$CProxy_IOPOSEvents@VCOPOSMotionSensor@@@@QAEXJ@Z 10005f83 f i MotionSensor.obj
 0001:00005016       ?FreeHeap@?$CTempBuffer@E$0BAA@VCCRTAllocator@ATL@@@ATL@@AAEXXZ 10006016 f i MotionSensor.obj
 0001:00005016       ?FreeHeap@?$CTempBuffer@_W$0BAA@VCCRTAllocator@ATL@@@ATL@@AAEXXZ 10006016 f i MotionSensor.obj
 0001:00005016       ?FreeHeap@?$CTempBuffer@_W$0EAA@VCCRTAllocator@ATL@@@ATL@@AAEXXZ 10006016 f i MotionSensor.obj
 0001:0000501f       ?GetAmbientLocaleID@CComControlBase@ATL@@QAEJAAK@Z 1000601f f i MotionSensor.obj
 0001:0000507b       ?GetAmbientUserMode@CComControlBase@ATL@@QAEJAAH@Z 1000607b f i MotionSensor.obj
 0001:000050eb       ?GetAt@CComDynamicUnkArray@ATL@@QAEPAUIUnknown@@H@Z 100060eb f i MotionSensor.obj
 0001:00005107       ?GetClassObject@CComModule@ATL@@QAEJABU_GUID@@0PAPAX@Z 10006107 f i MotionSensor.obj
 0001:000051a9       ?GetConnMap@COPOSMotionSensor@@SAPBU_ATL_CONNMAP_ENTRY@ATL@@PAH@Z 100061a9 f i MotionSensor.obj
 0001:00005219       ?GetCookie@CComDynamicUnkArray@ATL@@QAGKPAPAUIUnknown@@@Z 10006219 f i MotionSensor.obj
 0001:00005251       ?GetIDsOfNames@CComTypeInfoHolder@ATL@@QAEJABU_GUID@@PAPA_WIKPAJ@Z 10006251 f i MotionSensor.obj
 0001:00005378       ?GetKeyAt@?$CSimpleMap@PA_WPA_WVCExpansionVectorEqualHelper@ATL@@@ATL@@QBEAAPA_WH@Z 10006378 f i MotionSensor.obj
 0001:0000539d       ?GetPagesHelper@?$ISpecifyPropertyPagesImpl@VCOPOSMotionSensor@@@ATL@@IAEJPAUtagCAUUID@@PBUATL_PROPMAP_ENTRY@2@@Z 1000639d f i MotionSensor.obj
 0001:000054c4       ?GetProperty@?$CComPtr@UIDispatch@@@ATL@@SAJPAUIDispatch@@JPAUtagVARIANT@@@Z 100064c4 f i MotionSensor.obj
 0001:00005513       ?GetSizeMax@CComVariant@ATL@@QBEJPAT_ULARGE_INTEGER@@@Z 10006513 f i MotionSensor.obj
 0001:000056d9       ?GetTI@CComTypeInfoHolder@ATL@@QAEJK@Z 100066d9 f i MotionSensor.obj
 0001:000058b8       ?GetTI@CComTypeInfoHolder@ATL@@QAEJKPAPAUITypeInfo@@@Z 100068b8 f i MotionSensor.obj
 0001:000058fa       ?GetUnknown@CComDynamicUnkArray@ATL@@QAGPAUIUnknown@@K@Z 100068fa f i MotionSensor.obj
 0001:0000591b       ?GetValueAt@?$CSimpleMap@PA_WPA_WVCExpansionVectorEqualHelper@ATL@@@ATL@@QBEAAPA_WH@Z 1000691b f i MotionSensor.obj
 0001:00005941       ?GetZoomInfo@CComControlBase@ATL@@QAEXAAUATL_DRAWINFO@@@Z 10006941 f i MotionSensor.obj
 0001:000059d4       ?HKeyFromString@CRegParser@ATL@@KAPAUHKEY__@@PA_W@Z 100069d4 f i MotionSensor.obj
 0001:00005a02       ?HasSubKeys@CRegParser@ATL@@IAEHPAUHKEY__@@@Z 10006a02 f i MotionSensor.obj
 0001:00005a37       ?IDataObject_GetData@CComControlBase@ATL@@QAEJPAUtagFORMATETC@@PAUtagSTGMEDIUM@@@Z 10006a37 f i MotionSensor.obj
 0001:00005bdd       ?IOleInPlaceObject_InPlaceDeactivate@CComControlBase@ATL@@QAEJXZ 10006bdd f i MotionSensor.obj
 0001:00005c64       ?IOleInPlaceObject_SetObjectRects@CComControlBase@ATL@@QAEJPBUtagRECT@@0@Z 10006c64 f i MotionSensor.obj
 0001:00005d31       ?IOleInPlaceObject_UIDeactivate@CComControlBase@ATL@@QAEJXZ 10006d31 f i MotionSensor.obj
 0001:00005df3       ?IOleObject_Advise@CComControlBase@ATL@@QAEJPAUIAdviseSink@@PAK@Z 10006df3 f i MotionSensor.obj
 0001:00005e1d       ?IOleObject_Close@CComControlBase@ATL@@QAEJK@Z 10006e1d f i MotionSensor.obj
 0001:00005f01       ?IOleObject_GetClientSite@CComControlBase@ATL@@QAEJPAPAUIOleClientSite@@@Z 10006f01 f i MotionSensor.obj
 0001:00005f2a       ?IOleObject_SetClientSite@CComControlBase@ATL@@QAEJPAUIOleClientSite@@@Z 10006f2a f i MotionSensor.obj
 0001:00005f69       ?IOleObject_SetExtent@CComControlBase@ATL@@QAEJKPAUtagSIZE@@@Z 10006f69 f i MotionSensor.obj
 0001:0000601d       ?IPSI_GetIPersistStreamInit@?$IPersistStorageImpl@VCOPOSMotionSensor@@@ATL@@AAEPAUIPersistStreamInit@@XZ 1000701d f i MotionSensor.obj
 0001:000060c5       ?IPersistStreamInit_Load@?$IPersistStreamInitImpl@VCOPOSMotionSensor@@@ATL@@QAEJPAUIStream@@PBUATL_PROPMAP_ENTRY@2@@Z 100070c5 f i MotionSensor.obj
 0001:00006341       ?IPersistStreamInit_Save@?$IPersistStreamInitImpl@VCOPOSMotionSensor@@@ATL@@QAEJPAUIStream@@HPBUATL_PROPMAP_ENTRY@2@@Z 10007341 f i MotionSensor.obj
 0001:0000652f       ?IQuickActivate_QuickActivate@CComControlBase@ATL@@QAEJPAUtagQACONTAINER@@PAUtagQACONTROL@@@Z 1000752f f i MotionSensor.obj
 0001:00006771       ?IViewObject_Draw@CComControlBase@ATL@@QAEJKJPAXPAUtagDVTARGETDEVICE@@PAUHDC__@@2PBU_RECTL@@3@Z 10007771 f i MotionSensor.obj
 0001:00006819       ?InPlaceActivate@CComControlBase@ATL@@QAEJJPBUtagRECT@@@Z 10007819 f i MotionSensor.obj
 0001:00006a8a       ?Init@?$CComEnumImpl@UIEnumConnectionPoints@@$1?_GUID_b196b285_bab4_101a_b69c_00aa00341d07@@3U__s_GUID@@BPAUIConnectionPoint@@V?$_CopyInterface@UIConnectionPoint@@@ATL@@@ATL@@QAEJPAPAUIConnectionPoint@@0PAUIUnknown@@W4CComEnumFlags@2@@Z 10007a8a f i MotionSensor.obj
 0001:00006b69       ?Init@?$CComEnumImpl@UIEnumConnections@@$1?_GUID_b196b287_bab4_101a_b69c_00aa00341d07@@3U__s_GUID@@BUtagCONNECTDATA@@V?$_Copy@UtagCONNECTDATA@@@ATL@@@ATL@@QAEJPAUtagCONNECTDATA@@0PAUIUnknown@@W4CComEnumFlags@2@@Z 10007b69 f i MotionSensor.obj
 0001:00006c48       ?Init@CComModule@ATL@@QAEJPAU_ATL_OBJMAP_ENTRY30@2@PAUHINSTANCE__@@PBU_GUID@@@Z 10007c48 f i MotionSensor.obj
 0001:00006ca7       ?Init@CDynamicStdCallThunk2@ATL@@QAEHKPAX@Z 10007ca7 f i MotionSensor.obj
 0001:00006cd2       ?InlineIsEqualUnknown@ATL@@YGHABU_GUID@@@Z 10007cd2 f i MotionSensor.obj
 0001:00006cfa       ?InternalSetAtIndex@?$CSimpleMap@PA_WPA_WVCExpansionVectorEqualHelper@ATL@@@ATL@@QAEXHABQA_W0@Z 10007cfa f i MotionSensor.obj
 0001:00006d24       ?Invoke@CComTypeInfoHolder@ATL@@QAEJPAUIDispatch@@JABU_GUID@@KGPAUtagDISPPARAMS@@PAUtagVARIANT@@PAUtagEXCEPINFO@@PAI@Z 10007d24 f i MotionSensor.obj
 0001:00006d67       ?IsEqualObject@?$CComPtrBase@UITypeInfo@@@ATL@@QAE_NPAUIUnknown@@@Z 10007d67 f i MotionSensor.obj
 0001:00006d67       ?IsEqualObject@?$CComPtrBase@UIOleClientSite@@@ATL@@QAE_NPAUIUnknown@@@Z 10007d67 f i MotionSensor.obj
 0001:00006dd4       ?IsSpace@CRegParser@ATL@@IAEH_W@Z 10007dd4 f i MotionSensor.obj
 0001:00006dfe       ?LoadNameCache@CComTypeInfoHolder@ATL@@QAEJPAUITypeInfo@@@Z 10007dfe f i MotionSensor.obj
 0001:00006f4a       ?Lookup@?$CSimpleMap@PA_WPA_WVCExpansionVectorEqualHelper@ATL@@@ATL@@QBEPA_WABQA_W@Z 10007f4a f i MotionSensor.obj
 0001:00006f70       ?NextToken@CRegParser@ATL@@IAEJPA_W@Z 10007f70 f i MotionSensor.obj
 0001:000070a8       ?OnKillFocus@CComControlBase@ATL@@QAEJIIJAAH@Z 100080a8 f i MotionSensor.obj
 0001:00007103       ?OnMouseActivate@CComControlBase@ATL@@QAEJIIJAAH@Z 10008103 f i MotionSensor.obj
 0001:00007171       ?OnPaint@CComControlBase@ATL@@QAEJIIJAAH@Z 10008171 f i MotionSensor.obj
 0001:00007223       ?OnSetFocus@CComControlBase@ATL@@QAEJIIJAAH@Z 10008223 f i MotionSensor.obj
 0001:000072ac       ?Open@CRegKey@ATL@@QAEJPAUHKEY__@@PB_WK@Z 100082ac f i MotionSensor.obj
 0001:00007301       ?PreProcessBuffer@CRegParser@ATL@@QAEJPA_WPAPA_W@Z 10008301 f i MotionSensor.obj
 0001:0000756b       ?ProcessWindowMessage@?$CComControl@VCOPOSMotionSensor@@V?$CWindowImpl@VCOPOSMotionSensor@@VCWindow@ATL@@V?$CWinTraits@$0FGAAAAAA@$0A@@3@@ATL@@@ATL@@UAEHPAUHWND__@@IIJAAJK@Z 1000856b f i MotionSensor.obj
 0001:0000760a       ?ReadFromStream@CComBSTR@ATL@@QAEJPAUIStream@@@Z 1000860a f i MotionSensor.obj
 0001:00007738       ?ReadFromStream@CComVariant@ATL@@QAEJPAUIStream@@GTClassesAllowedInStream@2@K@Z 10008738 f i MotionSensor.obj
 0001:000078be       ?RecurseDeleteKey@CRegKey@ATL@@QAEJPB_W@Z 100088be f i MotionSensor.obj
 0001:000079ac       ?RegCreateKeyExW@CAtlTransactionManager@ATL@@QAEJPAUHKEY__@@PB_WKPA_WKKQAU_SECURITY_ATTRIBUTES@@PAPAU3@PAK@Z 100089ac f i MotionSensor.obj
 0001:00007a0f       ?RegDeleteKeyW@CAtlTransactionManager@ATL@@QAEJPAUHKEY__@@PB_W@Z 10008a0f f i MotionSensor.obj
 0001:00007a61       ?RegOpenKeyExW@CAtlTransactionManager@ATL@@QAEJPAUHKEY__@@PB_WKKPAPAU3@@Z 10008a61 f i MotionSensor.obj
 0001:00007ab8       ?Register@_ATL_WNDCLASSINFOW@ATL@@QAEGPAP6GJPAUHWND__@@IIJ@Z@Z 10008ab8 f i MotionSensor.obj
 0001:00007ad8       ?RegisterBuffer@CRegParser@ATL@@QAEJPA_WH@Z 10008ad8 f i MotionSensor.obj
 0001:00007c11       ?RegisterFromResource@CRegObject@ATL@@IAEJPB_W00H@Z 10008c11 f i MotionSensor.obj
 0001:00007d47       ?RegisterServer@?$CAtlModuleT@VCComModule@ATL@@@ATL@@QAEJHPBU_GUID@@@Z 10008d47 f i MotionSensor.obj
 0001:00007d75       ?RegisterServer@CComModule@ATL@@QAEJHPBU_GUID@@@Z 10008d75 f i MotionSensor.obj
 0001:00007deb       ?RegisterSubkeys@CRegParser@ATL@@IAEJPA_WPAUHKEY__@@HH@Z 10008deb f i MotionSensor.obj
 0001:00008492       ?Remove@CComDynamicUnkArray@ATL@@QAEHK@Z 10009492 f i MotionSensor.obj
 0001:000084bb       ?RemoveAll@?$CSimpleMap@PA_WPA_WVCExpansionVectorEqualHelper@ATL@@@ATL@@QAEXXZ 100094bb f i MotionSensor.obj
 0001:000084e7       ?ResourceRegisterSz@CRegObject@ATL@@QAGJPB_W00@Z 100094e7 f i MotionSensor.obj
 0001:00008514       ?ResourceUnregisterSz@CRegObject@ATL@@QAGJPB_W00@Z 10009514 f i MotionSensor.obj
 0001:00008541       ?SendOnDataChange@CComControlBase@ATL@@QAEJK@Z 10009541 f i MotionSensor.obj
 0001:0000858e       ?SetControlFocus@CComControlBase@ATL@@QAEHH@Z 1000958e f i MotionSensor.obj
 0001:0000862b       ?SetMultiStringValue@CRegKey@ATL@@QAEJPB_W0@Z 1000962b f i MotionSensor.obj
 0001:00008687       ?SetStringValue@CRegKey@ATL@@QAEJPB_W0K@Z 10009687 f i MotionSensor.obj
 0001:000086d0       ?SkipAssignment@CRegParser@ATL@@IAEJPA_W@Z 100096d0 f i MotionSensor.obj
 0001:00008735       ?SkipWhiteSpace@CRegParser@ATL@@IAEXXZ 10009735 f i MotionSensor.obj
 0001:00008757       ?StrChrW@CRegParser@ATL@@KAPA_WPA_W_W@Z 10009757 f i MotionSensor.obj
 0001:00008794       ?Term@CAtlModule@ATL@@QAEXXZ 10009794 f i MotionSensor.obj
 0001:000087e7       ?Term@CComModule@ATL@@QAEXXZ 100097e7 f i MotionSensor.obj
 0001:0000883f       ?UnregisterServer@?$CAtlModuleT@VCComModule@ATL@@@ATL@@QAEJHPBU_GUID@@@Z 1000983f f i MotionSensor.obj
 0001:00008865       ?UnregisterServer@CComModule@ATL@@QAEJHPBU_GUID@@@Z 10009865 f i MotionSensor.obj
 0001:000088db       ?UpdateRegistryFromResource@CAtlModule@ATL@@QAGJIHPAU_ATL_REGMAP_ENTRY@2@@Z 100098db f i MotionSensor.obj
 0001:00008aa6       ?UpdateRegistryFromResource@CAtlModule@ATL@@QAGJPB_WHPAU_ATL_REGMAP_ENTRY@2@@Z 10009aa6 f i MotionSensor.obj
 0001:00008c77       ?VTFromRegType@CRegParser@ATL@@KAHPB_WAAG@Z 10009c77 f i MotionSensor.obj
 0001:00008ce4       ?WindowProc@?$CWindowImplBaseT@VCWindow@ATL@@V?$CWinTraits@$0FGAAAAAA@$0A@@2@@ATL@@SGJPAUHWND__@@IIJ@Z 10009ce4 f i MotionSensor.obj
 0001:00008dd6       ?WriteToStream@CComBSTR@ATL@@QAEJPAUIStream@@@Z 10009dd6 f i MotionSensor.obj
 0001:00008e38       ?WriteToStream@CComVariant@ATL@@QAEJPAUIStream@@@Z 10009e38 f i MotionSensor.obj
 0001:00008fb2       ?WriteToStream@CComVariant@ATL@@QAEJPAUIStream@@G@Z 10009fb2 f i MotionSensor.obj
 0001:0000901b       ?_AtlInitialConstruct@?$CComObjectRootEx@VCComMultiThreadModel@ATL@@@ATL@@QAEJXZ 1000a01b f i MotionSensor.obj
 0001:00009030       ?_AtlVerifyStackAvailable@_ATL_SAFE_ALLOCA_IMPL@ATL@@YA_NK@Z 1000a030 f i MotionSensor.obj
 0001:000090ae       ?atlCreate@?$CWindowImpl@VCOPOSMotionSensor@@VCWindow@ATL@@V?$CWinTraits@$0FGAAAAAA@$0A@@3@@ATL@@QAEPAUHWND__@@PAU3@V_U_RECT@2@PB_WKKV_U_MENUorID@2@PAX@Z 1000a0ae f i MotionSensor.obj
 0001:000090f2       ?atlCreate@?$CWindowImplBaseT@VCWindow@ATL@@V?$CWinTraits@$0FGAAAAAA@$0A@@2@@ATL@@QAEPAUHWND__@@PAU3@V_U_RECT@2@PB_WKKV_U_MENUorID@2@GPAX@Z 1000a0f2 f i MotionSensor.obj
 0001:0000918e       ?copy@?$_Copy@UtagCONNECTDATA@@@ATL@@SAJPAUtagCONNECTDATA@@PBU3@@Z 1000a18e f i MotionSensor.obj
 0001:000091c4       ?copy@?$_CopyInterface@UIConnectionPoint@@@ATL@@SAJPAPAUIConnectionPoint@@PBQAU3@@Z 1000a1c4 f i MotionSensor.obj
 0001:000091f2       ?memcpy_s@Checked@ATL@@YAXPAXIPBXI@Z 1000a1f2 f i MotionSensor.obj
 0001:00009211       ?ocscpy_s@@YA_NPA_WIPB_W@Z 1000a211 f i MotionSensor.obj
 0001:0000925b       ?wcscpy_s@Checked@ATL@@YAXPA_WIPB_W@Z 1000a25b f i MotionSensor.obj
 0001:00009277       _DllCanUnloadNow@0         1000a277 f   MotionSensor.obj
 0001:00009283       _DllGetClassObject@12      1000a283 f   MotionSensor.obj
 0001:00009291       _DllMain@12                1000a291 f   MotionSensor.obj
 0001:000092d3       _DllRegisterServer@0       1000a2d3 f   MotionSensor.obj
 0001:000092e2       _DllUnregisterServer@0     1000a2e2 f   MotionSensor.obj
 0001:000092f1       _InlineIsEqualGUID         1000a2f1 f i MotionSensor.obj
 0001:00009321       ___local_stdio_printf_options 1000a321 f i MotionSensor.obj
 0001:00009327       __vswprintf_s_l            1000a327 f i MotionSensor.obj
 0001:000093d4       _swprintf_s                1000a3d4 f i MotionSensor.obj
 0001:000093f0       ??0?$CComControl@VCOPOSMotionSensor@@V?$CWindowImpl@VCOPOSMotionSensor@@VCWindow@ATL@@V?$CWinTraits@$0FGAAAAAA@$0A@@3@@ATL@@@ATL@@QAE@XZ 1000a3f0 f i MotionSensorImpl.obj
 0001:00009417       ??0CComControlBase@ATL@@QAE@AAPAUHWND__@@@Z 1000a417 f i MotionSensorImpl.obj
 0001:00009461       ??0COPOSMotionSensor@@QAE@XZ 1000a461 f   MotionSensorImpl.obj
 0001:000094b0       ??1?$CComControl@VCOPOSMotionSensor@@V?$CWindowImpl@VCOPOSMotionSensor@@VCWindow@ATL@@V?$CWinTraits@$0FGAAAAAA@$0A@@3@@ATL@@@ATL@@UAE@XZ 1000a4b0 f i MotionSensorImpl.obj
 0001:000094c9       ??1?$IConnectionPointImpl@VCOPOSMotionSensor@@$1?DIID__IOPOSMotionSensorEvents@@3U_GUID@@BVCComDynamicUnkArray@ATL@@@ATL@@QAE@XZ 1000a4c9 f i MotionSensorImpl.obj
 0001:000094c9       ??1?$IConnectionPointImpl@VCOPOSMotionSensor@@$1?IID_IPropertyNotifySink@@3U_GUID@@BVCComDynamicUnkArray@ATL@@@ATL@@QAE@XZ 1000a4c9 f i MotionSensorImpl.obj
 0001:00009506       ??1CComControlBase@ATL@@UAE@XZ 1000a506 f i MotionSensorImpl.obj
 0001:00009569       ??1COPOSMotionSensor@@UAE@XZ 1000a569 f   MotionSensorImpl.obj
 0001:000095b1       ?CheckHealth@COPOSMotionSensor@@UAGJJPAJ@Z 1000a5b1 f   MotionSensorImpl.obj
 0001:00009600       ?ClaimDevice@COPOSMotionSensor@@UAGJJPAJ@Z 1000a600 f   MotionSensorImpl.obj
 0001:0000966e       ?Close@COPOSMotionSensor@@UAGJPAJ@Z 1000a66e f   MotionSensorImpl.obj
 0001:000096dc       ?CompareFirmwareVersion@COPOSMotionSensor@@UAGJPA_WPAJ1@Z 1000a6dc f   MotionSensorImpl.obj
 0001:0000975c       ?DirectIO@COPOSMotionSensor@@UAGJJPAJPAPA_W0@Z 1000a75c f   MotionSensorImpl.obj
 0001:0000980a       ?DoInvoke@COPOSMotionSensor@@IAEJJPAVOposVariant@@IHPAJ_N@Z 1000a80a f   MotionSensorImpl.obj
 0001:000098e6       ?EventClose@COPOSMotionSensor@@IAEXXZ 1000a8e6 f i MotionSensorImpl.obj
 0001:00009919       ?EventInit@COPOSMotionSensor@@IAEJXZ 1000a919 f i MotionSensorImpl.obj
 0001:000099e5       ?EventUninit@COPOSMotionSensor@@IAEXXZ 1000a9e5 f i MotionSensorImpl.obj
 0001:00009a37       ?EventWindowProc@COPOSMotionSensor@@IAGJIIJ@Z 1000aa37 f i MotionSensorImpl.obj
 0001:00009aae       ?FinalConstruct@COPOSMotionSensor@@QAEJXZ 1000aaae f   MotionSensorImpl.obj
 0001:00009ae7       ?FireEventCleanup@COPOSMotionSensor@@IAEXXZ 1000aae7 f i MotionSensorImpl.obj
 0001:00009afd       ?FireEventSetup@COPOSMotionSensor@@IAE_NXZ 1000aafd f i MotionSensorImpl.obj
 0001:00009b31       ?FreezeEvents@COPOSMotionSensor@@MAGJH@Z 1000ab31 f   MotionSensorImpl.obj
 0001:00009b82       ?GetOposProp@COPOSMotionSensor@@IAEJJPAFJ@Z 1000ab82 f   MotionSensorImpl.obj
 0001:00009ba5       ?GetOposProp@COPOSMotionSensor@@IAEJJPAJJ@Z 1000aba5 f   MotionSensorImpl.obj
 0001:00009c74       ?GetOposProp@COPOSMotionSensor@@IAEJJPAPA_WJ@Z 1000ac74 f   MotionSensorImpl.obj
 0001:00009d50       ?OnDraw@COPOSMotionSensor@@MAEJAAUATL_DRAWINFO@@@Z 1000ad50 f   MotionSensorImpl.obj
 0001:00009df0       ?Open@COPOSMotionSensor@@UAGJPA_WPAJ@Z 1000adf0 f   MotionSensorImpl.obj
 0001:0000a634       ?ReleaseDevice@COPOSMotionSensor@@UAGJPAJ@Z 1000b634 f   MotionSensorImpl.obj
 0001:0000a66b       ?ResetStatistics@COPOSMotionSensor@@UAGJPA_WPAJ@Z 1000b66b f   MotionSensorImpl.obj
 0001:0000a6c2       ?RetrieveStatistics@COPOSMotionSensor@@UAGJPAPA_WPAJ@Z 1000b6c2 f   MotionSensorImpl.obj
 0001:0000a719       ?SOProcessID@COPOSMotionSensor@@UAGJPAJ@Z 1000b719 f   MotionSensorImpl.obj
 0001:0000a72d       ?SetCOFreezeEvents@COPOSMotionSensor@@IAEXF@Z 1000b72d f   MotionSensorImpl.obj
 0001:0000a7cd       ?SetOposProp@COPOSMotionSensor@@IAEJJJJ@Z 1000b7cd f   MotionSensorImpl.obj
 0001:0000a8c4       ?UpdateFirmware@COPOSMotionSensor@@UAGJPA_WPAJ@Z 1000b8c4 f   MotionSensorImpl.obj
 0001:0000a91b       ?UpdateStatistics@COPOSMotionSensor@@UAGJPA_WPAJ@Z 1000b91b f   MotionSensorImpl.obj
 0001:0000a972       ?WaitForMotion@COPOSMotionSensor@@UAGJJPAJ@Z 1000b972 f   MotionSensorImpl.obj
 0001:0000a9c1       ?get_BinaryConversion@COPOSMotionSensor@@UAGJPAJ@Z 1000b9c1 f   MotionSensorImpl.obj
 0001:0000a9d7       ?get_CapCompareFirmwareVersion@COPOSMotionSensor@@UAGJPAF@Z 1000b9d7 f   MotionSensorImpl.obj
 0001:0000a9f0       ?get_CapPowerReporting@COPOSMotionSensor@@UAGJPAJ@Z 1000b9f0 f   MotionSensorImpl.obj
 0001:0000aa09       ?get_CapStatisticsReporting@COPOSMotionSensor@@UAGJPAF@Z 1000ba09 f   MotionSensorImpl.obj
 0001:0000aa22       ?get_CapUpdateFirmware@COPOSMotionSensor@@UAGJPAF@Z 1000ba22 f   MotionSensorImpl.obj
 0001:0000aa3b       ?get_CapUpdateStatistics@COPOSMotionSensor@@UAGJPAF@Z 1000ba3b f   MotionSensorImpl.obj
 0001:0000aa54       ?get_CheckHealthText@COPOSMotionSensor@@UAGJPAPA_W@Z 1000ba54 f   MotionSensorImpl.obj
 0001:0000aa6d       ?get_Claimed@COPOSMotionSensor@@UAGJPAF@Z 1000ba6d f   MotionSensorImpl.obj
 0001:0000aa83       ?get_ControlObjectDescription@COPOSMotionSensor@@UAGJPAPA_W@Z 1000ba83 f   MotionSensorImpl.obj
 0001:0000aad1       ?get_ControlObjectVersion@COPOSMotionSensor@@UAGJPAJ@Z 1000bad1 f   MotionSensorImpl.obj
 0001:0000aae4       ?get_DeviceDescription@COPOSMotionSensor@@UAGJPAPA_W@Z 1000bae4 f   MotionSensorImpl.obj
 0001:0000aafd       ?get_DeviceEnabled@COPOSMotionSensor@@UAGJPAF@Z 1000bafd f   MotionSensorImpl.obj
 0001:0000ab13       ?get_DeviceName@COPOSMotionSensor@@UAGJPAPA_W@Z 1000bb13 f   MotionSensorImpl.obj
 0001:0000ab2c       ?get_FreezeEvents@COPOSMotionSensor@@UAGJPAF@Z 1000bb2c f   MotionSensorImpl.obj
 0001:0000ab42       ?get_Motion@COPOSMotionSensor@@UAGJPAF@Z 1000bb42 f   MotionSensorImpl.obj
 0001:0000ab5b       ?get_OpenResult@COPOSMotionSensor@@UAGJPAJ@Z 1000bb5b f   MotionSensorImpl.obj
 0001:0000ab72       ?get_PowerNotify@COPOSMotionSensor@@UAGJPAJ@Z 1000bb72 f   MotionSensorImpl.obj
 0001:0000ab88       ?get_PowerState@COPOSMotionSensor@@UAGJPAJ@Z 1000bb88 f   MotionSensorImpl.obj
 0001:0000ab9e       ?get_ResultCode@COPOSMotionSensor@@UAGJPAJ@Z 1000bb9e f   MotionSensorImpl.obj
 0001:0000abdc       ?get_ResultCodeExtended@COPOSMotionSensor@@UAGJPAJ@Z 1000bbdc f   MotionSensorImpl.obj
 0001:0000abf2       ?get_ServiceObjectDescription@COPOSMotionSensor@@UAGJPAPA_W@Z 1000bbf2 f   MotionSensorImpl.obj
 0001:0000ac0b       ?get_ServiceObjectVersion@COPOSMotionSensor@@UAGJPAJ@Z 1000bc0b f   MotionSensorImpl.obj
 0001:0000ac21       ?get_State@COPOSMotionSensor@@UAGJPAJ@Z 1000bc21 f   MotionSensorImpl.obj
 0001:0000ac4d       ?get_Timeout@COPOSMotionSensor@@UAGJPAJ@Z 1000bc4d f   MotionSensorImpl.obj
 0001:0000ac66       ?put_BinaryConversion@COPOSMotionSensor@@UAGJJ@Z 1000bc66 f   MotionSensorImpl.obj
 0001:0000ac7c       ?put_DeviceEnabled@COPOSMotionSensor@@UAGJF@Z 1000bc7c f   MotionSensorImpl.obj
 0001:0000ac99       ?put_FreezeEvents@COPOSMotionSensor@@UAGJF@Z 1000bc99 f   MotionSensorImpl.obj
 0001:0000ace5       ?put_PowerNotify@COPOSMotionSensor@@UAGJJ@Z 1000bce5 f   MotionSensorImpl.obj
 0001:0000acfb       ?put_Timeout@COPOSMotionSensor@@UAGJJ@Z 1000bcfb f   MotionSensorImpl.obj
 0001:0000ad14       ?s_EventWindowProc@COPOSMotionSensor@@KGJPAUHWND__@@IIJ@Z 1000bd14 f i MotionSensorImpl.obj
 0001:0000ad66       ??_U@YAPAXI@Z              1000bd66 f   LIBCMT:new_array.obj
 0001:0000ad6f       ??3@YAXPAXI@Z              1000bd6f f   LIBCMT:delete_scalar_size.obj
 0001:0000ad7d       ??_V@YAXPAX@Z              1000bd7d f   LIBCMT:delete_array.obj
 0001:0000ad82       ??_V@YAXPAXI@Z             1000bd82 f   LIBCMT:delete_array_size.obj
 0001:0000add4       ___scrt_acquire_startup_lock 1000bdd4 f   LIBCMT:utility.obj
 0001:0000ae06       ___scrt_dllmain_after_initialize_c 1000be06 f   LIBCMT:utility.obj
 0001:0000ae31       ___scrt_dllmain_before_initialize_c 1000be31 f   LIBCMT:utility.obj
 0001:0000ae3f       ___scrt_dllmain_crt_thread_attach 1000be3f f   LIBCMT:utility.obj
 0001:0000ae5e       ___scrt_dllmain_crt_thread_detach 1000be5e f   LIBCMT:utility.obj
 0001:0000ae6b       ___scrt_dllmain_exception_filter 1000be6b f   LIBCMT:utility.obj
 0001:0000ae9f       ___scrt_dllmain_uninitialize_c 1000be9f f   LIBCMT:utility.obj
 0001:0000aec2       ___scrt_dllmain_uninitialize_critical 1000bec2 f   LIBCMT:utility.obj
 0001:0000aecf       ___scrt_initialize_crt     1000becf f   LIBCMT:utility.obj
 0001:0000af08       ___scrt_initialize_onexit_tables 1000bf08 f   LIBCMT:utility.obj
 0001:0000af8f       ___scrt_is_nonwritable_in_current_image 1000bf8f f   LIBCMT:utility.obj
 0001:0000b023       ___scrt_release_startup_lock 1000c023 f   LIBCMT:utility.obj
 0001:0000b040       ___scrt_uninitialize_crt   1000c040 f   LIBCMT:utility.obj
 0001:0000b068       __onexit                   1000c068 f   LIBCMT:utility.obj
 0001:0000b095       _atexit                    1000c095 f   LIBCMT:utility.obj
 0001:0000b0aa       ??3@YAXPAX@Z               1000c0aa f   LIBCMT:delete_scalar.obj
 0001:0000b174       __Init_thread_footer       1000c174 f   LIBCMT:thread_safe_statics.obj
 0001:0000b1be       __Init_thread_header       1000c1be f   LIBCMT:thread_safe_statics.obj
 0001:0000b210       __Init_thread_notify       1000c210 f   LIBCMT:thread_safe_statics.obj
 0001:0000b246       __Init_thread_wait         1000c246 f   LIBCMT:thread_safe_statics.obj
 0001:0000b294       ___raise_securityfailure   1000c294 f   LIBCMT:gs_report.obj
 0001:0000b2bc       ___report_gsfailure        1000c2bc f   LIBCMT:gs_report.obj
 0001:0000b3b5       ___report_rangecheckfailure 1000c3b5 f   LIBCMT:gs_report.obj
 0001:0000b3c1       ___report_securityfailure  1000c3c1 f   LIBCMT:gs_report.obj
 0001:0000b48f       ??2@YAPAXIABUnothrow_t@std@@@Z 1000c48f f   LIBCMT:new_scalar_nothrow.obj
 0001:0000b4df       ??_U@YAPAXIABUnothrow_t@std@@@Z 1000c4df f   LIBCMT:new_array_nothrow.obj
 0001:0000b4e8       @__security_check_cookie@4 1000c4e8 f   LIBCMT:secchk.obj
 0001:0000b500       __SEH_prolog4_GS           1000c500 f   LIBCMT:sehprolg4gs.obj
 0001:0000b549       __SEH_epilog4_GS           1000c549 f   LIBCMT:sehprolg4gs.obj
 0001:0000b560       __alloca_probe_16          1000c560 f   LIBCMT:alloca16.obj
 0001:0000b576       __alloca_probe_8           1000c576     LIBCMT:alloca16.obj
 0001:0000b590       __alloca_probe             1000c590 f   LIBCMT:chkstk.obj
 0001:0000b590       __chkstk                   1000c590 f   LIBCMT:chkstk.obj
 0001:0000b8f8       __DllMainCRTStartup@12     1000c8f8 f   LIBCMT:dll_dllmain.obj
 0001:0000b91b       ??2@YAPAXI@Z               1000c91b f   LIBCMT:new_scalar.obj
 0001:0000b94b       ___isa_available_init      1000c94b f   LIBCMT:cpu_disp.obj
 0001:0000bb1b       ___scrt_is_ucrt_dll_in_use 1000cb1b f   LIBCMT:ucrt_detection.obj
 0001:0000bb27       ___scrt_fastfail           1000cb27 f   LIBCMT:utility_desktop.obj
 0001:0000bc41       __crt_debugger_hook        1000cc41 f   LIBCMT:utility_desktop.obj
 0001:0000bc50       __SEH_prolog4              1000cc50 f   LIBCMT:sehprolg4.obj
 0001:0000bc96       __SEH_epilog4              1000cc96 f   LIBCMT:sehprolg4.obj
 0001:0000bcab       @_guard_check_icall_nop@4  1000ccab f i LIBCMT:guard_support.obj
 0001:0000bcf9       ___security_init_cookie    1000ccf9 f   LIBCMT:gs_support.obj
 0001:0000bd44       ?__scrt_initialize_type_info@@YAXXZ 1000cd44 f   LIBCMT:tncleanup.obj
 0001:0000bd50       ?__scrt_uninitialize_type_info@@YAXXZ 1000cd50 f   LIBCMT:tncleanup.obj
 0001:0000bd5c       ___local_stdio_scanf_options 1000cd5c f i LIBCMT:default_local_stdio_options.obj
 0001:0000bd62       ___scrt_initialize_default_local_stdio_options 1000cd62 f   LIBCMT:default_local_stdio_options.obj
 0001:0000bd7f       ___scrt_get_dyn_tls_init_callback 1000cd7f f   LIBCMT:dyn_tls_init.obj
 0001:0000bd85       __RTC_Initialize           1000cd85 f   LIBCMT:initsect.obj
 0001:0000bdb1       __RTC_Terminate            1000cdb1 f   LIBCMT:initsect.obj
[...]
 0002:00003158       ?_mb_locale_names@@3QBQB_WB 10022158     libucrt:mbctype.obj
 0002:000039a0       ?LcidToLocaleNameTable@?A0x881e4c05@@3QBULcidToLocaleName@1@B 100229a0     libucrt:lcidtoname_downlevel.obj
 0002:00004ac8       ?LocaleNameToIndexTable@?A0x881e4c05@@3QBULocaleNameIndex@1@B 10023ac8     libucrt:lcidtoname_downlevel.obj
 0002:00006320       ?large_power_indices@?1??multiply_by_power_of_ten@__crt_strtox@@YA_NAAUbig_integer@2@I@Z@4QBUunpack_index@?1??12@YA_N0I@Z@B 10025320     libucrt:cfout.obj
 0002:00006400       LOG_name                   10025400     libucrt:log10_impl.obj
 0002:00006410       _One                       10025410     libucrt:ceil_pentium4.obj
 0002:00006420       _Bns                       10025420     libucrt:ceil_pentium4.obj
 0002:00006430       _Zero                      10025430     libucrt:ceil_pentium4.obj
 0002:00006440       _S                         10025440     libucrt:ceil_pentium4.obj
 0002:00006450       _NegZero                   10025450     libucrt:ceil_pentium4.obj
 0002:00006460       emask                      10025460     libucrt:log10_pentium4.obj
 0002:00006470       CC                         10025470     libucrt:log10_pentium4.obj
 0002:00006480       Magic                      10025480     libucrt:log10_pentium4.obj
 0002:00006490       hi_mask                    10025490     libucrt:log10_pentium4.obj
 0002:000064a0       LOG10_2                    100254a0     libucrt:log10_pentium4.obj
 0002:000064b0       place_L                    100254b0     libucrt:log10_pentium4.obj
 0002:000064d0       One                        100254d0     libucrt:log10_pentium4.obj
 0002:000064e0       Zero                       100254e0     libucrt:log10_pentium4.obj
 0002:000064f0       Two52                      100254f0     libucrt:log10_pentium4.obj
 0002:00006500       Infs                       10025500     libucrt:log10_pentium4.obj
 0002:00006510       NaN                        10025510     libucrt:log10_pentium4.obj
 0002:00006520       coeff                      10025520     libucrt:log10_pentium4.obj
 0002:0000657e       _log2max                   1002557e     libucrt:87tran.obj
 0002:00006588       _smallarg                  10025588     libucrt:87tran.obj
 0002:00006592       _half                      10025592     libucrt:87tran.obj
 0002:000065de       One                        100255de     libucrt:87disp.obj
 0002:000065e6       Three                      100255e6     libucrt:87disp.obj
 0002:000065ee       XAMtoTagTab                100255ee     libucrt:87disp.obj
 0002:00006600       One                        10025600     libucrt:common.obj
 0002:00006614       DblMax                     10025614     libucrt:common.obj
 0002:0000661c       DblMin                     1002561c     libucrt:common.obj
 0002:00006624       IeeeAdjO                   10025624     libucrt:common.obj
 0002:0000662c       IeeeAdjU                   1002562c     libucrt:common.obj
 0002:00006634       _infinity                  10025634     libucrt:common.obj
 0002:0000663c       _zero                      1002563c     libucrt:common.obj
 0002:00006688       _over                      10025688     libucrt:fpctrl.obj
 0002:00006694       _under                     10025694     libucrt:fpctrl.obj
 0002:00006ec8       ?_names@?1??_get_fname@@9@9 10025ec8     libucrt:fpexcept.obj
 0002:00007070       two32                      10026070     LIBCMT:ftol2.obj
 0002:00007074       two63                      10026074     LIBCMT:ftol2.obj
 0002:00007078       _NaN                       10026078     LIBCMT:ftol2.obj
 0002:00007728       __sehtable$?_AtlVerifyStackAvailable@_ATL_SAFE_ALLOCA_IMPL@ATL@@YA_NK@Z 10026728     MotionSensor.obj
 0002:00007748       __sehtable$___scrt_is_nonwritable_in_current_image 10026748     LIBCMT:utility.obj
 0002:00007764       __catchsym$??2@YAPAXIABUnothrow_t@std@@@Z$2 10026764     LIBCMT:new_scalar_nothrow.obj
 0002:00007774       __unwindtable$??2@YAPAXIABUnothrow_t@std@@@Z 10026774     LIBCMT:new_scalar_nothrow.obj
 0002:00007784       __tryblocktable$??2@YAPAXIABUnothrow_t@std@@@Z 10026784     LIBCMT:new_scalar_nothrow.obj
 0002:00007798       __ehfuncinfo$??2@YAPAXIABUnothrow_t@std@@@Z 10026798     LIBCMT:new_scalar_nothrow.obj
 0002:000077c0       __sehtable$?dllmain_crt_process_attach@@YAHQAUHINSTANCE__@@QAX@Z 100267c0     LIBCMT:dll_dllmain.obj
 0002:000077e0       __sehtable$?dllmain_crt_process_detach@@YAH_N@Z 100267e0     LIBCMT:dll_dllmain.obj
 0002:00007808       __sehtable$?dllmain_dispatch@@YAHQAUHINSTANCE__@@KQAX@Z 10026808     LIBCMT:dll_dllmain.obj
 0002:000078b8       __sehtable$___DestructExceptionObject 100268b8     libvcruntime:ehhelpers.obj
 0002:000078d8       __sehtable$?FrameUnwindToState@__FrameHandler3@@SAXPAUEHRegistrationNode@@PAXPBU_s_FuncInfo@@H@Z 100268d8     libvcruntime:frame.obj
 0002:00007900       __sehtable$?CallCatchBlock@@YAPAXPAUEHExceptionRecord@@PAUEHRegistrationNode@@PAU_CONTEXT@@PBU_s_FuncInfo@@PAXHK@Z 10026900     libvcruntime:frame.obj
 0002:00007928       __catchsym$?CallUnexpected@@YAXPBU_s_ESTypeList@@@Z$2 10026928     libvcruntime:frame.obj
 0002:00007938       __unwindtable$?CallUnexpected@@YAXPBU_s_ESTypeList@@@Z 10026938     libvcruntime:frame.obj
 0002:00007948       __tryblocktable$?CallUnexpected@@YAXPBU_s_ESTypeList@@@Z 10026948     libvcruntime:frame.obj
 0002:0000795c       __ehfuncinfo$?CallUnexpected@@YAXPBU_s_ESTypeList@@@Z 1002695c     libvcruntime:frame.obj
 0002:00007980       __sehtable$??$BuildCatchObjectHelperInternal@V__FrameHandler3@@@@YAHPAUEHExceptionRecord@@PAXPBU_s_HandlerType@@PBU_s_CatchableType@@@Z 10026980     libvcruntime:frame.obj
 0002:000079a0       __sehtable$??$BuildCatchObjectInternal@V__FrameHandler3@@@@YAXPAUEHExceptionRecord@@PAXPBU_s_HandlerType@@PBU_s_CatchableType@@@Z 100269a0     libvcruntime:frame.obj
 0002:000079f8       __sehtable$??R<lambda_6e4b09c48022b2350581041d5f6b0c4c>@@QBE@XZ 100269f8     libucrt:exit.obj
 0002:00007a18       __sehtable$??$?RV<lambda_03b1d95aef87969028cfba75ccab2455>@@AAV<lambda_6e4b09c48022b2350581041d5f6b0c4c>@@V<lambda_22bdf7517842c4b3e53723af5aa32b9e>@@@?$__crt_seh_guarded_call@X@@QAEX$$QAV<lambda_03b1d95aef87969028cfba75ccab2455>@@AAV<lambda_6e4b09c48022b2350581041d5f6b0c4c>@@$$QAV<lambda_22bdf7517842c4b3e53723af5aa32b9e>@@@Z 10026a18     libucrt:exit.obj
 0002:00007a38       __sehtable$??$?RV<lambda_8e746cf0007f6ed984d6f78af1fec997>@@AAV<lambda_22ebabd17bc4fa466a2aca6d8deb888d>@@V<lambda_18ed0c0b38a6dc0daf1e7ac6d6adf05e>@@@?$__crt_seh_guarded_call@H@@QAEH$$QAV<lambda_8e746cf0007f6ed984d6f78af1fec997>@@AAV<lambda_22ebabd17bc4fa466a2aca6d8deb888d>@@$$QAV<lambda_18ed0c0b38a6dc0daf1e7ac6d6adf05e>@@@Z 10026a38     libucrt:onexit.obj
 0002:00007a58       __sehtable$??$?RV<lambda_69a2805e680e0e292e8ba93315fe43a8>@@AAV<lambda_f03950bc5685219e0bcd2087efbe011e>@@V<lambda_03fcd07e894ec930e3f35da366ca99d6>@@@?$__crt_seh_guarded_call@H@@QAEH$$QAV<lambda_69a2805e680e0e292e8ba93315fe43a8>@@AAV<lambda_f03950bc5685219e0bcd2087efbe011e>@@$$QAV<lambda_03fcd07e894ec930e3f35da366ca99d6>@@@Z 10026a58     libucrt:onexit.obj
 0002:00007a78       __sehtable$__query_new_handler 10026a78     libucrt:new_handler.obj
 0002:00007a98       __sehtable$_terminate      10026a98     libucrt:terminate.obj
 0002:00007ab8       __sehtable$??$?RV<lambda_15ade71b0218206bbe3333a0c9b79046>@@AAV<lambda_da44e0f8b0f19ba52fefafb335991732>@@V<lambda_207f2d024fc103971653565357d6cd41>@@@?$__crt_seh_guarded_call@X@@QAEX$$QAV<lambda_15ade71b0218206bbe3333a0c9b79046>@@AAV<lambda_da44e0f8b0f19ba52fefafb335991732>@@$$QAV<lambda_207f2d024fc103971653565357d6cd41>@@@Z 10026ab8     libucrt:per_thread_data.obj
 0002:00007ad8       __sehtable$??$?RV<lambda_a7e850c220f1c8d1e6efeecdedd162c6>@@AAV<lambda_46720907175c18b6c9d2717bc0d2d362>@@V<lambda_9048902d66e8d99359bc9897bbb930a8>@@@?$__crt_seh_guarded_call@X@@QAEX$$QAV<lambda_a7e850c220f1c8d1e6efeecdedd162c6>@@AAV<lambda_46720907175c18b6c9d2717bc0d2d362>@@$$QAV<lambda_9048902d66e8d99359bc9897bbb930a8>@@@Z 10026ad8     libucrt:per_thread_data.obj
 0002:00007af8       __sehtable$??$?RV<lambda_38edbb1296d33220d7e4dd0ed76b244a>@@AAV<lambda_5ce1d447e08cb34b2473517608e21441>@@V<lambda_fb385d3da700c9147fc39e65dd577a8c>@@@?$__crt_seh_guarded_call@X@@QAEX$$QAV<lambda_38edbb1296d33220d7e4dd0ed76b244a>@@AAV<lambda_5ce1d447e08cb34b2473517608e21441>@@$$QAV<lambda_fb385d3da700c9147fc39e65dd577a8c>@@@Z 10026af8     libucrt:per_thread_data.obj
 0002:00007b18       __sehtable$??$?RV<lambda_6affb1475c98b40b75cdec977db92e3c>@@AAV<lambda_b8d4b9c228a6ecc3f80208dbb4b4a104>@@V<lambda_608742c3c92a14382c1684fc64f96c88>@@@?$__crt_seh_guarded_call@X@@QAEX$$QAV<lambda_6affb1475c98b40b75cdec977db92e3c>@@AAV<lambda_b8d4b9c228a6ecc3f80208dbb4b4a104>@@$$QAV<lambda_608742c3c92a14382c1684fc64f96c88>@@@Z 10026b18     libucrt:per_thread_data.obj
 0002:00007b38       __sehtable$??$?RV<lambda_e5124f882df8998aaf41531e079ba474>@@AAV<lambda_3e16ef9562a7dcce91392c22ab16ea36>@@V<lambda_e25ca0880e6ef98be67edffd8c599615>@@@?$__crt_seh_guarded_call@X@@QAEX$$QAV<lambda_e5124f882df8998aaf41531e079ba474>@@AAV<lambda_3e16ef9562a7dcce91392c22ab16ea36>@@$$QAV<lambda_e25ca0880e6ef98be67edffd8c599615>@@@Z 10026b38     libucrt:wsetlocale.obj
 0002:00007b58       __sehtable$___acrt_initialize_lowio 10026b58     libucrt:ioinit.obj
 0002:00007b78       __sehtable$?update_thread_multibyte_data_internal@@YAPAU__crt_multibyte_data@@QAU__acrt_ptd@@QAPAU1@@Z 10026b78     libucrt:mbctype.obj
 0002:00007b98       __sehtable$??$?RV<lambda_ceb1ee4838e85a9d631eb091e2fbe199>@@AAV<lambda_ae742caa10f662c28703da3d2ea5e57e>@@V<lambda_cd08b5d6af4937fe54fc07d0c9bf6b37>@@@?$__crt_seh_guarded_call@X@@QAEX$$QAV<lambda_ceb1ee4838e85a9d631eb091e2fbe199>@@AAV<lambda_ae742caa10f662c28703da3d2ea5e57e>@@$$QAV<lambda_cd08b5d6af4937fe54fc07d0c9bf6b37>@@@Z 10026b98     libucrt:mbctype.obj
 0002:00007bb8       __sehtable$_raise          10026bb8     libucrt:signal.obj
 0002:00007bd8       __sehtable$??$?RV<lambda_cbab9ec6f41b0180b23cc171c22676b0>@@AAV<lambda_44731a7d0e6d81c3e6aa82d741081786>@@V<lambda_4b292cb8dd18144e164572427af410ab>@@@?$__crt_seh_guarded_call@P6AXH@Z@@QAEP6AXH@Z$$QAV<lambda_cbab9ec6f41b0180b23cc171c22676b0>@@AAV<lambda_44731a7d0e6d81c3e6aa82d741081786>@@$$QAV<lambda_4b292cb8dd18144e164572427af410ab>@@@Z 10026bd8     libucrt:signal.obj
 0002:00007bf8       __sehtable$??$?RV<lambda_2866be3712abc81a800a822484c830d8>@@AAV<lambda_39ca0ed439415581b5b15c265174cece>@@V<lambda_2b24c74d71094a6cd0cb82e44167d71b>@@@?$__crt_seh_guarded_call@X@@QAEX$$QAV<lambda_2866be3712abc81a800a822484c830d8>@@AAV<lambda_39ca0ed439415581b5b15c265174cece>@@$$QAV<lambda_2b24c74d71094a6cd0cb82e44167d71b>@@@Z 10026bf8     libucrt:fflush.obj
 0002:00007c18       __sehtable$??$?RV<lambda_2cc53f568c5a2bb6f192f930a45d44ea>@@AAV<lambda_ab61a845afdef5b7c387490eaf3616ee>@@V<lambda_c2ffc0b7726aa6be21d5f0026187e748>@@@?$__crt_seh_guarded_call@X@@QAEX$$QAV<lambda_2cc53f568c5a2bb6f192f930a45d44ea>@@AAV<lambda_ab61a845afdef5b7c387490eaf3616ee>@@$$QAV<lambda_c2ffc0b7726aa6be21d5f0026187e748>@@@Z 10026c18     libucrt:fflush.obj
 0002:00007c38       __sehtable$___acrt_update_thread_locale_data 10026c38     libucrt:locale_refcounting.obj
 0002:00007c58       __sehtable$__fcloseall     10026c58     libucrt:closeall.obj
 0002:00007c78       __sehtable$___acrt_lowio_ensure_fh_exists 10026c78     libucrt:osfinfo.obj
 0002:00007c98       __sehtable$??$?RV<lambda_9e9de3de5fa147e2223d7db92bc10aa6>@@AAV<lambda_38ce7e780aa69e748d6df282ebc68efe>@@V<lambda_8ca6da459f0f6780f1cff60fdc3d00e5>@@@?$__crt_seh_guarded_call@H@@QAEH$$QAV<lambda_9e9de3de5fa147e2223d7db92bc10aa6>@@AAV<lambda_38ce7e780aa69e748d6df282ebc68efe>@@$$QAV<lambda_8ca6da459f0f6780f1cff60fdc3d00e5>@@@Z 10026c98     libucrt:commit.obj
 0002:00007cb8       __sehtable$__write         10026cb8     libucrt:write.obj
 0002:00007cd8       __sehtable$_fclose         10026cd8     libucrt:fclose.obj
 0002:00007cf8       __sehtable$??$?RV<lambda_218ce3db14220d0be481dae8ef3383b6>@@AAV<lambda_628dfdc04ba53c8bfc02c9951375f3f5>@@V<lambda_57dc472bd5c9d5f3b2cbca59b8a843ae>@@@?$__crt_seh_guarded_call@H@@QAEH$$QAV<lambda_218ce3db14220d0be481dae8ef3383b6>@@AAV<lambda_628dfdc04ba53c8bfc02c9951375f3f5>@@$$QAV<lambda_57dc472bd5c9d5f3b2cbca59b8a843ae>@@@Z 10026cf8     libucrt:close.obj
 0002:00007d18       __sehtable$__IsNonwritableInCurrentImage 10026d18     LIBCMT:pesect.obj
 0002:00007d40       .edata                     10026d40     OPOSMotionSensor.exp
 0002:00007d68       rgpv                       10026d68     OPOSMotionSensor.exp
 0002:00007d78       rgszName                   10026d78     OPOSMotionSensor.exp
 0002:00007d88       rgwOrd                     10026d88     OPOSMotionSensor.exp
 0002:00007d90       szName                     10026d90     OPOSMotionSensor.exp
 0002:00007da5       $N00001                    10026da5     OPOSMotionSensor.exp
 0002:00007db5       $N00002                    10026db5     OPOSMotionSensor.exp
 0002:00007dc7       $N00003                    10026dc7     OPOSMotionSensor.exp
 0002:00007dd9       $N00004                    10026dd9     OPOSMotionSensor.exp
 0002:000083ea       .idata$6                   100273ea     kernel32:KERNEL32.dll
 0002:000085fe       .idata$6                   100275fe     user32:USER32.dll
 0002:00008732       .idata$6                   10027732     gdi32:GDI32.dll
 0002:000087d8       .idata$6                   100277d8     advapi32:ADVAPI32.dll
 0002:000088f4       .idata$6                   100278f4     ole32:ole32.dll
 0002:000088fe       .idata$6                   100278fe     oleaut32:OLEAUT32.dll
 0003:00000110       ?ObjectMap@@3PAU_ATL_OBJMAP_ENTRY30@ATL@@A 10028110     MotionSensor.obj
 0003:000001d0       ?s_SOMethodNames@@3PAPADA  100281d0     MotionSensorImpl.obj
 0003:00000218       ?s_RequiredMethodsPerRelease@@3PAHA 10028218     MotionSensorImpl.obj
 0003:00000240       ?__vcrt_flsindex@@3KA      10028240     libvcruntime:per_thread_data.obj
 0003:00000260       ?errno_no_memory@@3HA      10028260     libucrt:errno.obj
 0003:00000264       ?doserrno_no_memory@@3KA   10028264     libucrt:errno.obj
 0003:00000270       ?__acrt_flsindex@@3KA      10028270     libucrt:per_thread_data.obj
 0003:00000608       __mbctypes                 10028608     libucrt:mbctype.obj
 0003:00000710       __mbcasemaps               10028710     libucrt:mbctype.obj
 0003:00000810       ?__rgctypeflag@@3PADA      10028810     libucrt:mbctype.obj
 0003:00000818       ?__rgcode_page_info@@3PAUcode_page_info@@A 10028818     libucrt:mbctype.obj
 0003:00000a70       ?__dcrt_lowio_console_output_handle@@3PAXA 10028a70     libucrt:initcon.obj
 0003:00000c08       ?is_initialized_as_dll@@3_NA 10028c08     LIBCMT:utility.obj
 0003:00000c09       ?module_local_atexit_table_initialized@@3_NA 10028c09     LIBCMT:utility.obj
 0003:00000c0c       ?module_local_atexit_table@@3U_onexit_table_t@@A 10028c0c     LIBCMT:utility.obj
 0003:00000c18       ?module_local_at_quick_exit_table@@3U_onexit_table_t@@A 10028c18     LIBCMT:utility.obj
 0003:00000c24       ?g_tss_cv@@3U_RTL_CONDITION_VARIABLE@@A 10028c24     LIBCMT:thread_safe_statics.obj
 0003:00000c28       ?g_tss_event@@3PAXA        10028c28     LIBCMT:thread_safe_statics.obj
 0003:00000c2c       ?g_tss_mutex@@3U_RTL_CRITICAL_SECTION@@A 10028c2c     LIBCMT:thread_safe_statics.obj
 0003:00000c44       ?g_sleep_condition_variable_cs@@3P6GHPAU_RTL_CONDITION_VARIABLE@@PAU_RTL_CRITICAL_SECTION@@K@ZA 10028c44     LIBCMT:thread_safe_statics.obj
 0003:00000c48       ?g_wake_all_condition_variable@@3P6GXPAU_RTL_CONDITION_VARIABLE@@@ZA 10028c48     LIBCMT:thread_safe_statics.obj
 0003:00000c50       _GS_ExceptionRecord        10028c50     LIBCMT:gs_report.obj
 0003:00000ca0       _GS_ContextRecord          10028ca0     LIBCMT:gs_report.obj
 0003:00000f70       ?__proc_attached@@3HA      10028f70     LIBCMT:dll_dllmain.obj
 0003:00000fcc       ?AllocateData@@3P6GPAUAtlThunkData_t@@XZA 10028fcc     atls:atlthunk.obj
 0003:00000fd0       ?InitData@@3P6GXPAUAtlThunkData_t@@PAXI@ZA 10028fd0     atls:atlthunk.obj
 0003:00000fd4       ?DataToCode@@3P6GP6GJPAUHWND__@@IIJ@ZPAUAtlThunkData_t@@@ZA 10028fd4     atls:atlthunk.obj
 0003:00000fd8       ?FreeData@@3P6GXPAUAtlThunkData_t@@@ZA 10028fd8     atls:atlthunk.obj
 0003:00000fdc       ?Initialized@@3_NA         10028fdc     atls:atlthunk.obj
 0003:00000fec       ?__vcrt_startup_thread_ptd@@3U__vcrt_ptd@@A 10028fec     libvcruntime:per_thread_data.obj
 0003:00001014       ___vcrt_lock_table         10029014     libvcruntime:locks.obj
 0003:0000102c       ___vcrt_locks_initialized  1002902c     libvcruntime:locks.obj
 0003:00001058       ?heap@@3V_HeapManager@@A   10029058     libvcruntime:undname.obj
 0003:0000106c       ?module_handles@@3PAPAUHINSTANCE__@@A 1002906c     libvcruntime:winapi_downlevel.obj
 0003:00001078       ?function_pointers@@3PAPAXA 10029078     libvcruntime:winapi_downlevel.obj
 0003:0000108c       ?__acrt_invalid_parameter_handler@@3V?$dual_state_global@P6AXPB_W00II@Z@__crt_state_management@@A 1002908c     libucrt:invalid_parameter.obj
 0003:00001090       ?c_termination_complete@@3JA 10029090     libucrt:exit.obj
 0003:00001094       ?thread_local_exit_callback_func@@3P6GXPAXK0@ZA 10029094     libucrt:exit.obj
 0003:000010a0       ?program_name@?1???$common_configure_argv@D@@YAHW4_crt_argv_mode@@@Z@4PADA 100290a0     libucrt:argv_parsing.obj
 0003:000011d0       ?__acrt_new_handler@@3V?$dual_state_global@P6AHI@Z@__crt_state_management@@A 100291d0     libucrt:new_handler.obj
 0003:000011d8       ?module_handles@@3PAPAUHINSTANCE__@@A 100291d8     libucrt:winapi_thunks.obj
 0003:00001228       ?encoded_function_pointers@@3PAPAXA 10029228     libucrt:winapi_thunks.obj
 0003:000012b0       ?internal_state@?1??_mbtowc_l@@9@4U_Mbstatet@@A 100292b0     libucrt:mbtowc.obj
 0003:000012c0       ?enable_percent_n@@3IA     100292c0     libucrt:printf_count_output.obj
 0003:000014e0       ?__acrt_lock_table@@3PAU_RTL_CRITICAL_SECTION@@A 100294e0     libucrt:locks.obj
 0003:00001630       ?__acrt_locks_initialized@@3IA 10029630     libucrt:locks.obj
 0003:00001640       ?fSystemSet@@3HA           10029640     libucrt:mbctype.obj
 0003:00001644       ?initialized@?1??__acrt_initialize_multibyte@@9@4_NA 10029644     libucrt:mbctype.obj
 0003:00001664       ?ctrlc_action@@3V?$dual_state_global@P6AXH@Z@__crt_state_management@@A 10029664     libucrt:signal.obj
 0003:00001668       ?ctrlbreak_action@@3V?$dual_state_global@P6AXH@Z@__crt_state_management@@A 10029668     libucrt:signal.obj
 0003:0000166c       ?abort_action@@3V?$dual_state_global@P6AXH@Z@__crt_state_management@@A 1002966c     libucrt:signal.obj
 0003:00001670       ?term_action@@3V?$dual_state_global@P6AXH@Z@__crt_state_management@@A 10029670     libucrt:signal.obj
 0003:00001674       ?user_matherr@@3V?$dual_state_global@P6AHPAU_exception@@@Z@__crt_state_management@@A 10029674     libucrt:matherr.obj
 0003:00001678       ?__acrt_global_new_mode@@3V?$dual_state_global@J@__crt_state_management@@A 10029678     libucrt:new_mode.obj
 0003:00001684       ?internal_pst@?1??__mbrtoc32_utf8@__crt_mbstring@@YAIPA_UPBDIPAU_Mbstatet@@@Z@4U3@A 10029684     libucrt:mbrtoc32.obj
 0003:0000168c       ?__acrt_app_type@@3W4_crt_app_type@@A 1002968c     libucrt:report_runtime_error.obj
 0003:00001694       __pmatherr_set             10029694     libucrt:libm_error.obj
 0004:00000220       $R000000                   1002a220     MotionSensor.res
 0004:00000bc8       $R0009A8                   1002abc8     MotionSensor.res
 0004:00000cb0       $R000A90                   1002acb0     MotionSensor.res
 0004:00000f18       $R000CF8                   1002af18     MotionSensor.res
 0004:00001430       $R001210                   1002b430     MotionSensor.res
 0004:00003780       $R003560                   1002d780     MotionSensor.res
 0004:000037b8       $R003598                   1002d7b8     MotionSensor.res
