 OPOSCashDrawer

 Timestamp is 5ed45762 (Mon Jun  1 10:18:26 2020)

 Preferred load address is 10000000

 Start         Length     Name                   Class
 0001:00000000 00000080H .text$di                CODE
 0001:00000080 0001dda3H .text$mn                CODE
 0001:0001de23 00000036H .text$x                 CODE
 0001:0001de59 00000042H .text$yd                CODE
 0002:00000000 000002fcH .idata$5                DATA
 0002:000002fc 00000004H .00cfg                  DATA
 0002:00000300 00000004H .CRT$XCA                DATA
 0002:00000304 00000004H .CRT$XCL                DATA
 0002:00000308 00000010H .CRT$XCU                DATA
 0002:00000318 00000004H .CRT$XCZ                DATA
 0002:0000031c 00000004H .CRT$XIA                DATA
 0002:00000320 00000010H .CRT$XIC                DATA
 0002:00000330 00000004H .CRT$XIZ                DATA
 0002:00000334 00000004H .CRT$XLA                DATA
 0002:00000338 00000004H .CRT$XLZ                DATA
 0002:0000033c 00000004H .CRT$XPA                DATA
 0002:00000340 00000008H .CRT$XPX                DATA
 0002:00000348 00000004H .CRT$XPXA               DATA
 0002:0000034c 00000004H .CRT$XPZ                DATA
 0002:00000350 00000004H .CRT$XTA                DATA
 0002:00000354 0000000cH .CRT$XTZ                DATA
 0002:00000358 00000000H .gfids$y                DATA
 0002:00000360 000071d8H .rdata                  DATA
 0002:00007538 00000018H .rdata$T                DATA
 0002:00007550 00000178H .rdata$r                DATA
 0002:000076c8 0000001cH .rdata$sxdata           DATA
 0002:000076e4 000003e0H .rdata$zzzdbg           DATA
 0002:00007ac4 00000004H .rtc$IAA                DATA
 0002:00007ac8 00000004H .rtc$IZZ                DATA
 0002:00007acc 00000004H .rtc$TAA                DATA
 0002:00007ad0 00000004H .rtc$TZZ                DATA
 0002:00007ad4 00000004H .tls                    DATA
 0002:00007ad8 00000004H .tls$                   DATA
 0002:00007adc 00000004H .tls$ZZZ                DATA
 0002:00007ae0 0000062cH .xdata$x                DATA
 0002:0000810c 00000004H ATL$__a                 DATA
 0002:00008110 00000010H ATL$__z                 DATA
 0002:00008120 000000acH .edata                  DATA
 0002:000081cc 00000078H .idata$2                DATA
 0002:00008244 00000014H .idata$3                DATA
 0002:00008258 000002fcH .idata$4                DATA
 0002:00008554 00000bceH .idata$6                DATA
 0003:00000000 00000ab0H .data                   DATA
 0003:00000ab0 00000098H .data$r                 DATA
 0003:00000b48 00000b80H .bss                    DATA
 0004:00000000 00000220H .rsrc$01                DATA
 0004:00000220 000038d0H .rsrc$02                DATA

  Address         Publics by Value              Rva+Base       Lib:Object

 0000:00000000       ___arm64x_redirection_metadata 00000000     <absolute>
 0000:00000000       ___x64_code_ranges_to_entry_points 00000000     <absolute>
 0000:00000000       ___guard_fids_count        00000000     <absolute>
 0000:00000000       ___guard_longjmp_table     00000000     <absolute>
 0000:00000000       ___hybrid_code_map_count   00000000     <absolute>
 0000:00000000       ___hybrid_auxiliary_iat    00000000     <absolute>
 0000:00000000       ___guard_iat_count         00000000     <absolute>
 0000:00000000       ___arm64x_native_entrypoint 00000000     <absolute>
 0000:00000000       ___volatile_metadata       00000000     <absolute>
 0000:00000000       ___guard_fids_table        00000000     <absolute>
 0000:00000000       ___guard_eh_cont_count     00000000     <absolute>
 0000:00000000       ___dynamic_value_reloc_table 00000000     <absolute>
 0000:00000000       ___AbsoluteZero            00000000     <absolute>
 0000:00000000       ___guard_longjmp_count     00000000     <absolute>
 0000:00000000       ___guard_iat_table         00000000     <absolute>
 0000:00000000       ___enclave_config          00000000     <absolute>
 0000:00000000       ___guard_eh_cont_table     00000000     <absolute>
 0000:00000000       __except_list              00000000     <absolute>
 0000:00000000       ___hybrid_code_map         00000000     <absolute>
 0000:00000007       ___safe_se_handler_count   00000007     <absolute>
 0000:0000002c       __tls_array                0000002c     <absolute>
 0000:00000100       ___guard_flags             00000100     <absolute>
 0000:00000000       ___ImageBase               10000000     <linker-defined>
 0001:00000080       ?DupWide@_CW@@AAEXXZ       10001080 f   CWString.obj
 0001:0000009c       ?cw_dup@@YGXPBDAAHAAPA_W1@Z 1000109c f   CWString.obj
 0001:00000124       ?cw_memcpy@@YGHPA_WPBDH@Z  10001124 f   CWString.obj
 0001:00000150       ?cw_strcpy@@YAHPA_WPBD@Z   10001150 f   CWString.obj
 0001:00000163       ?cw_strlen@@YAHPBD@Z       10001163 f   CWString.obj
 0001:0000017c       ??0CAtlComModule@ATL@@QAE@XZ 1000117c f i OposVariant.obj
 0001:000001c1       ??0CAtlWinModule@ATL@@QAE@XZ 100011c1 f i OposVariant.obj
 0001:000001f8       ??0OposDispParms@@QAE@PAVOposVariant@@H@Z 100011f8 f   OposVariant.obj
 0001:00000269       ??1OposDispParms@@QAE@XZ   10001269 f   OposVariant.obj
 0001:00000277       ??A?$CSimpleArray@GV?$CSimpleArrayEqualHelper@G@ATL@@@ATL@@QAEAAGH@Z 10001277 f i OposVariant.obj
 0001:0000029c       ??_Estringdispid@CComTypeInfoHolder@ATL@@QAEPAXI@Z 1000129c f i OposVariant.obj
 0001:00000308       ?AtlWinModuleInit@ATL@@YGJPAU_ATL_WIN_MODULE70@1@@Z 10001308 f i OposVariant.obj
 0001:0000032e       ?AtlWinModuleTerm@ATL@@YGJPAU_ATL_WIN_MODULE70@1@PAUHINSTANCE__@@@Z 1000132e f i OposVariant.obj
 0001:00000391       ?ChangeBSTR@OposVariant@@QAEXPAPA_WAAJ@Z 10001391 f   OposVariant.obj
 0001:000003d2       ?ChangeLONG@OposVariant@@QAEXPAJAAJ@Z 100013d2 f   OposVariant.obj
 0001:00000413       ?GetLONG@OposVariant@@QAEJXZ 10001413 f   OposVariant.obj
 0001:0000042e       ?Init@CComCriticalSection@ATL@@QAEJXZ 1000142e f i OposVariant.obj
 0001:00000456       ?RemoveAll@?$CSimpleArray@PAUHINSTANCE__@@V?$CSimpleArrayEqualHelper@PAUHINSTANCE__@@@ATL@@@ATL@@QAEXXZ 10001456 f i atls:atlbase.obj
 0001:00000456       ?RemoveAll@?$CSimpleArray@GV?$CSimpleArrayEqualHelper@G@ATL@@@ATL@@QAEXXZ 10001456 f i OposVariant.obj
 0001:00000473       ?SetBSTR@OposVariant@@QAEXPA_WAAJ@Z 10001473 f   OposVariant.obj
 0001:000004a7       ?SetBSTR_Copy@OposVariant@@QAEXPA_WAAJ@Z 100014a7 f   OposVariant.obj
 0001:000004f7       ?SetBSTR_InOutPtr@OposVariant@@QAE_NPAPA_WAAJ@Z 100014f7 f   OposVariant.obj
 0001:0000052e       ?SetDispatch_Ptr@OposVariant@@QAEXPAUIDispatch@@AAJ@Z 1000152e f   OposVariant.obj
 0001:00000569       ?SetLONG@OposVariant@@QAEXJ@Z 10001569 f   OposVariant.obj
 0001:0000058b       ?SetLONG_Ptr@OposVariant@@QAEXPAJAAJ@Z 1000158b f   OposVariant.obj
 0001:000005be       ?SetString@OposVariant@@QAEXPB_WAAJ@Z 100015be f   OposVariant.obj
 0001:00000604       ?SetVARIANT_BOOL@OposVariant@@QAEXF@Z 10001604 f   OposVariant.obj
 0001:0000062e       ?Term@CAtlComModule@ATL@@QAEXXZ 1000162e f i OposVariant.obj
 0001:00000678       ?_AtlRaiseException@ATL@@YAXKK@Z 10001678 f i OposVariant.obj
 0001:0000068d       ?CreateInstance@CComClassFactory@ATL@@UAGJPAUIUnknown@@ABU_GUID@@PAPAX@Z 1000168d f i CashDrawer.obj
 0001:000006cb       ?LockServer@CComClassFactory@ATL@@UAGJH@Z 100016cb f i CashDrawer.obj
 0001:000006ea       ??_GCComClassFactory@ATL@@UAEPAXI@Z 100016ea f i CashDrawer.obj
 0001:000006ea       ??_ECComClassFactory@ATL@@UAEPAXI@Z 100016ea f i CashDrawer.obj
 0001:00000715       ?GetWindowProc@?$CWindowImplBaseT@VCWindow@ATL@@V?$CWinTraits@$0FGAAAAAA@$0A@@2@@ATL@@UAEP6GJPAUHWND__@@IIJ@ZXZ 10001715 f i CashDrawer.obj
 0001:0000071b       ?StartWindowProc@?$CWindowImplBaseT@VCWindow@ATL@@V?$CWinTraits@$0FGAAAAAA@$0A@@2@@ATL@@SGJPAUHWND__@@IIJ@Z 1000171b f i CashDrawer.obj
 0001:0000076f       ?ObjectMain@CComObjectRootBase@ATL@@SGX_N@Z 1000176f f i CashDrawer.obj
 0001:0000076f       ?OnFinalMessage@?$CWindowImplBaseT@VCWindow@ATL@@V?$CWinTraits@$0FGAAAAAA@$0A@@2@@ATL@@UAEXPAUHWND__@@@Z 1000176f f i CashDrawer.obj
 0001:00000772       ?GetTypeInfoCount@?$IDispatchImpl@UIOPOSCashDrawer@@$1?IID_IOPOSCashDrawer@@3U_GUID@@B$1?LIBID_OposCashDrawer_CCO@@3U3@B$00$0A@VCComTypeInfoHolder@ATL@@@ATL@@UAGJPAI@Z 10001772 f i CashDrawer.obj
 0001:0000078f       ?GetTypeInfo@?$IDispatchImpl@UIOPOSCashDrawer@@$1?IID_IOPOSCashDrawer@@3U_GUID@@B$1?LIBID_OposCashDrawer_CCO@@3U3@B$00$0A@VCComTypeInfoHolder@ATL@@@ATL@@UAGJIKPAPAUITypeInfo@@@Z 1000178f f i CashDrawer.obj
 0001:000007b3       ?GetIDsOfNames@?$IDispatchImpl@UIOPOSCashDrawer@@$1?IID_IOPOSCashDrawer@@3U_GUID@@B$1?LIBID_OposCashDrawer_CCO@@3U3@B$00$0A@VCComTypeInfoHolder@ATL@@@ATL@@UAGJABU_GUID@@PAPA_WIKPAJ@Z 100017b3 f i CashDrawer.obj
 0001:000007d3       ?Invoke@?$IDispatchImpl@UIOPOSCashDrawer@@$1?IID_IOPOSCashDrawer@@3U_GUID@@B$1?LIBID_OposCashDrawer_CCO@@3U3@B$00$0A@VCComTypeInfoHolder@ATL@@@ATL@@UAGJJABU_GUID@@KGPAUtagDISPPARAMS@@PAUtagVARIANT@@PAUtagEXCEPINFO@@PAI@Z 100017d3 f i CashDrawer.obj
 0001:000007e1       ?CreateControlWindow@?$CComControl@VCOPOSCashDrawer@@V?$CWindowImpl@VCOPOSCashDrawer@@VCWindow@ATL@@V?$CWinTraits@$0FGAAAAAA@$0A@@3@@ATL@@@ATL@@UAEPAUHWND__@@PAU3@AAUtagRECT@@@Z 100017e1 f i CashDrawer.obj
 0001:00000810       ?ControlQueryInterface@?$CComControl@VCOPOSCashDrawer@@V?$CWindowImpl@VCOPOSCashDrawer@@VCWindow@ATL@@V?$CWinTraits@$0FGAAAAAA@$0A@@3@@ATL@@@ATL@@UAEJABU_GUID@@PAPAX@Z 10001810 f i CashDrawer.obj
 0001:0000082b       ?GetClassID@?$IPersistStreamInitImpl@VCOPOSCashDrawer@@@ATL@@UAGJPAU_GUID@@@Z 1000182b f i CashDrawer.obj
 0001:0000082b       ?GetUserClassID@?$IOleObjectImpl@VCOPOSCashDrawer@@@ATL@@UAGJPAU_GUID@@@Z 1000182b f i CashDrawer.obj
 0001:0000082b       ?GetClassID@?$IPersistStorageImpl@VCOPOSCashDrawer@@@ATL@@UAGJPAU_GUID@@@Z 1000182b f i CashDrawer.obj
 0001:0000084f       ?IsDirty@?$IPersistStreamInitImpl@VCOPOSCashDrawer@@@ATL@@UAGJXZ 1000184f f i CashDrawer.obj
 0001:0000086e       ?Load@?$IPersistStreamInitImpl@VCOPOSCashDrawer@@@ATL@@UAGJPAUIStream@@@Z 1000186e f i CashDrawer.obj
 0001:0000088d       ?Save@?$IPersistStreamInitImpl@VCOPOSCashDrawer@@@ATL@@UAGJPAUIStream@@H@Z 1000188d f i CashDrawer.obj
 0001:000008af       ?GetSizeMax@?$IPersistStreamInitImpl@VCOPOSCashDrawer@@@ATL@@UAGJPAT_ULARGE_INTEGER@@@Z 100018af f i CashDrawer.obj
 0001:00000a8e       ?InitNew@?$IPersistStreamInitImpl@VCOPOSCashDrawer@@@ATL@@UAGJXZ 10001a8e f i CashDrawer.obj
 0001:00000aab       ?SODataDummy@COPOSCashDrawer@@MAGJJ@Z 10001aab f i CashDrawer.obj
 0001:00000aab       ?SOOutputCompleteDummy@COPOSCashDrawer@@MAGJJ@Z 10001aab f i CashDrawer.obj
 0001:00000aab       ?ContextSensitiveHelp@?$IOleInPlaceActiveObjectImpl@VCOPOSCashDrawer@@@ATL@@UAGJH@Z 10001aab f i CashDrawer.obj
 0001:00000aab       ?SetColorScheme@?$IOleObjectImpl@VCOPOSCashDrawer@@@ATL@@UAGJPAUtagLOGPALETTE@@@Z 10001aab f i CashDrawer.obj
 0001:00000aab       ?GetControlInfo@?$IOleControlImpl@VCOPOSCashDrawer@@@ATL@@UAGJPAUtagCONTROLINFO@@@Z 10001aab f i CashDrawer.obj
 0001:00000aab       ?Unfreeze@?$IViewObjectExImpl@VCOPOSCashDrawer@@@ATL@@UAGJK@Z 10001aab f i CashDrawer.obj
 0001:00000aab       ?QueryGetData@?$IDataObjectImpl@VCOPOSCashDrawer@@@ATL@@UAGJPAUtagFORMATETC@@@Z 10001aab f i CashDrawer.obj
 0001:00000aab       ?GetDropTarget@?$IOleInPlaceObjectWindowlessImpl@VCOPOSCashDrawer@@@ATL@@UAGJPAPAUIDropTarget@@@Z 10001aab f i CashDrawer.obj
 0001:00000aab       ?OnMnemonic@?$IOleControlImpl@VCOPOSCashDrawer@@@ATL@@UAGJPAUtagMSG@@@Z 10001aab f i CashDrawer.obj
 0001:00000aab       ?ContextSensitiveHelp@?$IOleInPlaceObjectWindowlessImpl@VCOPOSCashDrawer@@@ATL@@UAGJH@Z 10001aab f i CashDrawer.obj
 0001:00000ab3       ?SaveCompleted@?$IPersistStorageImpl@VCOPOSCashDrawer@@@ATL@@UAGJPAUIStorage@@@Z 10001ab3 f i CashDrawer.obj
 0001:00000ab3       ?OnFrameWindowActivate@?$IOleInPlaceActiveObjectImpl@VCOPOSCashDrawer@@@ATL@@UAGJH@Z 10001ab3 f i CashDrawer.obj
 0001:00000ab3       ?EnableModeless@?$IOleInPlaceActiveObjectImpl@VCOPOSCashDrawer@@@ATL@@UAGJH@Z 10001ab3 f i CashDrawer.obj
 0001:00000ab3       ?OnAmbientPropertyChange@?$IOleControlImpl@VCOPOSCashDrawer@@@ATL@@UAGJJ@Z 10001ab3 f i CashDrawer.obj
 0001:00000ab8       ?SetClientSite@?$IOleObjectImpl@VCOPOSCashDrawer@@@ATL@@UAGJPAUIOleClientSite@@@Z 10001ab8 f i CashDrawer.obj
 0001:00000ad5       ?GetClientSite@?$IOleObjectImpl@VCOPOSCashDrawer@@@ATL@@UAGJPAPAUIOleClientSite@@@Z 10001ad5 f i CashDrawer.obj
 0001:00000af2       ?SetHostNames@?$IOleObjectImpl@VCOPOSCashDrawer@@@ATL@@UAGJPB_W0@Z 10001af2 f i CashDrawer.obj
 0001:00000af7       ?Close@?$IOleObjectImpl@VCOPOSCashDrawer@@@ATL@@UAGJK@Z 10001af7 f i CashDrawer.obj
 0001:00000b14       ?QueryInterface@CRegObject@ATL@@UAGJABU_GUID@@PAPAX@Z 10001b14 f i CashDrawer.obj
 0001:00000b14       ?GetRect@?$IViewObjectExImpl@VCOPOSCashDrawer@@@ATL@@UAGJKPAU_RECTL@@@Z 10001b14 f i CashDrawer.obj
 0001:00000b14       ?GetClipboardData@?$IOleObjectImpl@VCOPOSCashDrawer@@@ATL@@UAGJKPAPAUIDataObject@@@Z 10001b14 f i CashDrawer.obj
 0001:00000b14       ?GetCanonicalFormatEtc@?$IDataObjectImpl@VCOPOSCashDrawer@@@ATL@@UAGJPAUtagFORMATETC@@0@Z 10001b14 f i CashDrawer.obj
 0001:00000b14       ?EnumFormatEtc@?$IDataObjectImpl@VCOPOSCashDrawer@@@ATL@@UAGJKPAPAUIEnumFORMATETC@@@Z 10001b14 f i CashDrawer.obj
 0001:00000b14       ?GetDataHere@?$IDataObjectImpl@VCOPOSCashDrawer@@@ATL@@UAGJPAUtagFORMATETC@@PAUtagSTGMEDIUM@@@Z 10001b14 f i CashDrawer.obj
 0001:00000b14       ?SetMoniker@?$IOleObjectImpl@VCOPOSCashDrawer@@@ATL@@UAGJKPAUIMoniker@@@Z 10001b14 f i CashDrawer.obj
 0001:00000b1c       ?SetData@?$IDataObjectImpl@VCOPOSCashDrawer@@@ATL@@UAGJPAUtagFORMATETC@@PAUtagSTGMEDIUM@@H@Z 10001b1c f i CashDrawer.obj
 0001:00000b1c       ?GetMoniker@?$IOleObjectImpl@VCOPOSCashDrawer@@@ATL@@UAGJKKPAPAUIMoniker@@@Z 10001b1c f i CashDrawer.obj
 0001:00000b1c       ?InitFromData@?$IOleObjectImpl@VCOPOSCashDrawer@@@ATL@@UAGJPAUIDataObject@@HK@Z 10001b1c f i CashDrawer.obj
 0001:00000b24       ?DoVerb@?$IOleObjectImpl@VCOPOSCashDrawer@@@ATL@@UAGJJPAUtagMSG@@PAUIOleClientSite@@JPAUHWND__@@PBUtagRECT@@@Z 10001b24 f i CashDrawer.obj
 0001:00000c18       ?EnumVerbs@?$IOleObjectImpl@VCOPOSCashDrawer@@@ATL@@UAGJPAPAUIEnumOLEVERB@@@Z 10001c18 f i CashDrawer.obj
 0001:00000c3a       ?IsUpToDate@?$IOleObjectImpl@VCOPOSCashDrawer@@@ATL@@UAGJXZ 10001c3a f i CashDrawer.obj
 0001:00000c3a       ?HandsOffStorage@?$IPersistStorageImpl@VCOPOSCashDrawer@@@ATL@@UAGJXZ 10001c3a f i CashDrawer.obj
 0001:00000c3a       ?Release@CRegObject@ATL@@UAGKXZ 10001c3a f i CashDrawer.obj
 0001:00000c3a       ?Update@?$IOleObjectImpl@VCOPOSCashDrawer@@@ATL@@UAGJXZ 10001c3a f i CashDrawer.obj
 0001:00000c3f       ?GetUserType@?$IOleObjectImpl@VCOPOSCashDrawer@@@ATL@@UAGJKPAPA_W@Z 10001c3f f i CashDrawer.obj
 0001:00000c57       ?SetExtent@?$IOleObjectImpl@VCOPOSCashDrawer@@@ATL@@UAGJKPAUtagSIZE@@@Z 10001c57 f i CashDrawer.obj
 0001:00000c77       ?GetExtent@?$IOleObjectImpl@VCOPOSCashDrawer@@@ATL@@UAGJKPAUtagSIZE@@@Z 10001c77 f i CashDrawer.obj
 0001:00000cb5       ?Advise@?$IOleObjectImpl@VCOPOSCashDrawer@@@ATL@@UAGJPAUIAdviseSink@@PAK@Z 10001cb5 f i CashDrawer.obj
 0001:00000cd5       ?Unadvise@?$IOleObjectImpl@VCOPOSCashDrawer@@@ATL@@UAGJK@Z 10001cd5 f i CashDrawer.obj
 0001:00000d04       ?EnumAdvise@?$IOleObjectImpl@VCOPOSCashDrawer@@@ATL@@UAGJPAPAUIEnumSTATDATA@@@Z 10001d04 f i CashDrawer.obj
 0001:00000d44       ?GetMiscStatus@?$IOleObjectImpl@VCOPOSCashDrawer@@@ATL@@UAGJKPAK@Z 10001d44 f i CashDrawer.obj
 0001:00000d5c       ?GetWindow@?$IOleInPlaceActiveObjectImpl@VCOPOSCashDrawer@@@ATL@@UAGJPAPAUHWND__@@@Z 10001d5c f i CashDrawer.obj
 0001:00000da9       ?TranslateAcceleratorW@?$IOleInPlaceActiveObjectImpl@VCOPOSCashDrawer@@@ATL@@UAGJPAUtagMSG@@@Z 10001da9 f i CashDrawer.obj
 0001:00000e57       ?OnDocWindowActivate@?$IOleInPlaceActiveObjectImpl@VCOPOSCashDrawer@@@ATL@@UAGJH@Z 10001e57 f i CashDrawer.obj
 0001:00000e79       ?ResizeBorder@?$IOleInPlaceActiveObjectImpl@VCOPOSCashDrawer@@@ATL@@UAGJPBUtagRECT@@PAUIOleInPlaceUIWindow@@H@Z 10001e79 f i CashDrawer.obj
 0001:00000e7e       ?Draw@?$IViewObjectExImpl@VCOPOSCashDrawer@@@ATL@@UAGJKJPAXPAUtagDVTARGETDEVICE@@PAUHDC__@@2PBU_RECTL@@3P6GHK@ZK@Z 10001e7e f i CashDrawer.obj
 0001:00000eb0       ?GetColorSet@?$IViewObjectExImpl@VCOPOSCashDrawer@@@ATL@@UAGJKJPAXPAUtagDVTARGETDEVICE@@PAUHDC__@@PAPAUtagLOGPALETTE@@@Z 10001eb0 f i CashDrawer.obj
 0001:00000eb8       ?Freeze@?$IViewObjectExImpl@VCOPOSCashDrawer@@@ATL@@UAGJKJPAXPAK@Z 10001eb8 f i CashDrawer.obj
 0001:00000eb8       ?SOErrorDummy@COPOSCashDrawer@@MAGJJJJPAJ@Z 10001eb8 f i CashDrawer.obj
 0001:00000ec0       ?SetAdvise@?$IViewObjectExImpl@VCOPOSCashDrawer@@@ATL@@UAGJKKPAUIAdviseSink@@@Z 10001ec0 f i CashDrawer.obj
 0001:00000edf       ?GetAdvise@?$IViewObjectExImpl@VCOPOSCashDrawer@@@ATL@@UAGJPAK0PAPAUIAdviseSink@@@Z 10001edf f i CashDrawer.obj
 0001:00000f14       ?GetExtent@?$IViewObjectExImpl@VCOPOSCashDrawer@@@ATL@@UAGJKJPAUtagDVTARGETDEVICE@@PAUtagSIZE@@@Z 10001f14 f i CashDrawer.obj
 0001:00000f45       ?GetViewStatus@?$IViewObjectExImpl@VCOPOSCashDrawer@@@ATL@@UAGJPAK@Z 10001f45 f i CashDrawer.obj
 0001:00000f62       ?QueryHitPoint@?$IViewObjectExImpl@VCOPOSCashDrawer@@@ATL@@UAGJKPBUtagRECT@@UtagPOINT@@JPAK@Z 10001f62 f i CashDrawer.obj
 0001:00000fa3       ?QueryHitRect@?$IViewObjectExImpl@VCOPOSCashDrawer@@@ATL@@UAGJKPBUtagRECT@@0JPAK@Z 10001fa3 f i CashDrawer.obj
 0001:00000ffe       ?GetNaturalExtent@?$IViewObjectExImpl@VCOPOSCashDrawer@@@ATL@@UAGJKJPAUtagDVTARGETDEVICE@@PAUHDC__@@PAUtagExtentInfo@@PAUtagSIZE@@@Z 10001ffe f i CashDrawer.obj
 0001:00001049       ?GetWindow@?$IOleInPlaceObjectWindowlessImpl@VCOPOSCashDrawer@@@ATL@@UAGJPAPAUHWND__@@@Z 10002049 f i CashDrawer.obj
 0001:00001096       ?InPlaceDeactivate@?$IOleInPlaceObjectWindowlessImpl@VCOPOSCashDrawer@@@ATL@@UAGJXZ 10002096 f i CashDrawer.obj
 0001:000010b0       ?UIDeactivate@?$IOleInPlaceObjectWindowlessImpl@VCOPOSCashDrawer@@@ATL@@UAGJXZ 100020b0 f i CashDrawer.obj
 0001:000010ca       ?SetObjectRects@?$IOleInPlaceObjectWindowlessImpl@VCOPOSCashDrawer@@@ATL@@UAGJPBUtagRECT@@0@Z 100020ca f i CashDrawer.obj
 0001:000010ea       ?ReactivateAndUndo@?$IOleInPlaceObjectWindowlessImpl@VCOPOSCashDrawer@@@ATL@@UAGJXZ 100020ea f i CashDrawer.obj
 0001:000010f2       ?OnWindowMessage@?$IOleInPlaceObjectWindowlessImpl@VCOPOSCashDrawer@@@ATL@@UAGJIIJPAJ@Z 100020f2 f i CashDrawer.obj
 0001:00001162       ?EnumConnectionPoints@?$IConnectionPointContainerImpl@VCOPOSCashDrawer@@@ATL@@UAGJPAPAUIEnumConnectionPoints@@@Z 10002162 f i CashDrawer.obj
 0001:000012ee       ?FindConnectionPoint@?$IConnectionPointContainerImpl@VCOPOSCashDrawer@@@ATL@@UAGJABU_GUID@@PAPAUIConnectionPoint@@@Z 100022ee f i CashDrawer.obj
 0001:00001391       ?IsDirty@?$IPersistStorageImpl@VCOPOSCashDrawer@@@ATL@@UAGJXZ 10002391 f i CashDrawer.obj
 0001:000013c1       ?InitNew@?$IPersistStorageImpl@VCOPOSCashDrawer@@@ATL@@UAGJPAUIStorage@@@Z 100023c1 f i CashDrawer.obj
 0001:000013f1       ?Load@?$IPersistStorageImpl@VCOPOSCashDrawer@@@ATL@@UAGJPAUIStorage@@@Z 100023f1 f i CashDrawer.obj
 0001:0000145d       ?Save@?$IPersistStorageImpl@VCOPOSCashDrawer@@@ATL@@UAGJPAUIStorage@@H@Z 1000245d f i CashDrawer.obj
 0001:000014d0       ?GetPages@?$ISpecifyPropertyPagesImpl@VCOPOSCashDrawer@@@ATL@@UAGJPAUtagCAUUID@@@Z 100024d0 f i CashDrawer.obj
 0001:000014e7       ?QuickActivate@?$IQuickActivateImpl@VCOPOSCashDrawer@@@ATL@@UAGJPAUtagQACONTAINER@@PAUtagQACONTROL@@@Z 100024e7 f i CashDrawer.obj
 0001:0000150a       ?SetContentExtent@?$IQuickActivateImpl@VCOPOSCashDrawer@@@ATL@@UAGJPAUtagSIZE@@@Z 1000250a f i CashDrawer.obj
 0001:00001536       ?GetContentExtent@?$IQuickActivateImpl@VCOPOSCashDrawer@@@ATL@@UAGJPAUtagSIZE@@@Z 10002536 f i CashDrawer.obj
 0001:00001570       ?GetData@?$IDataObjectImpl@VCOPOSCashDrawer@@@ATL@@UAGJPAUtagFORMATETC@@PAUtagSTGMEDIUM@@@Z 10002570 f i CashDrawer.obj
 0001:00001593       ?DAdvise@?$IDataObjectImpl@VCOPOSCashDrawer@@@ATL@@UAGJPAUtagFORMATETC@@KPAUIAdviseSink@@PAK@Z 10002593 f i CashDrawer.obj
 0001:000015d4       ?DUnadvise@?$IDataObjectImpl@VCOPOSCashDrawer@@@ATL@@UAGJK@Z 100025d4 f i CashDrawer.obj
 0001:00001602       ?EnumDAdvise@?$IDataObjectImpl@VCOPOSCashDrawer@@@ATL@@UAGJPAPAUIEnumSTATDATA@@@Z 10002602 f i CashDrawer.obj
 0001:00001641       ?GetClassInfoW@?$IProvideClassInfo2Impl@$1?CLSID_OPOSCashDrawer@@3U_GUID@@B$1?DIID__IOPOSCashDrawerEvents@@3U2@B$1?LIBID_OposCashDrawer_CCO@@3U2@B$00$0A@VCComTypeInfoHolder@ATL@@@ATL@@UAGJPAPAUITypeInfo@@@Z 10002641 f i CashDrawer.obj
 0001:00001657       ?GetGUID@?$IProvideClassInfo2Impl@$1?CLSID_OPOSCashDrawer@@3U_GUID@@B$1?DIID__IOPOSCashDrawerEvents@@3U2@B$1?LIBID_OposCashDrawer_CCO@@3U2@B$00$0A@VCComTypeInfoHolder@ATL@@@ATL@@UAGJKPAU_GUID@@@Z 10002657 f i CashDrawer.obj
 0001:00001695       ?FAccessAllowed@?$IObjectSafetyImpl@VCOPOSCashDrawer@@$02@ATL@@MAEHXZ 10002695 f i CashDrawer.obj
 0001:00001695       __get_startup_argv_mode    10002695 f i LIBCMT:argv_mode.obj
 0001:00001699       ?GetInterfaceSafetyOptions@?$IObjectSafetyImpl@VCOPOSCashDrawer@@$02@ATL@@UAGJABU_GUID@@PAK1@Z 10002699 f i CashDrawer.obj
 0001:0000170d       ?SetInterfaceSafetyOptions@?$IObjectSafetyImpl@VCOPOSCashDrawer@@$02@ATL@@UAGJABU_GUID@@KK@Z 1000270d f i CashDrawer.obj
 0001:00001787       ?_LocCPQueryInterface@?$IConnectionPointImpl@VCOPOSCashDrawer@@$1?DIID__IOPOSCashDrawerEvents@@3U_GUID@@BVCComDynamicUnkArray@ATL@@@ATL@@UAGJABU_GUID@@PAPAX@Z 10002787 f i CashDrawer.obj
 0001:00001787       ?_LocCPQueryInterface@?$IConnectionPointImpl@VCOPOSCashDrawer@@$1?IID_IPropertyNotifySink@@3U_GUID@@BVCComDynamicUnkArray@ATL@@@ATL@@UAGJABU_GUID@@PAPAX@Z 10002787 f i CashDrawer.obj
 0001:000017d4       ?GetConnectionInterface@?$IConnectionPointImpl@VCOPOSCashDrawer@@$1?IID_IPropertyNotifySink@@3U_GUID@@BVCComDynamicUnkArray@ATL@@@ATL@@UAGJPAU_GUID@@@Z 100027d4 f i CashDrawer.obj
 0001:000017f8       ?GetConnectionPointContainer@?$IConnectionPointImpl@VCOPOSCashDrawer@@$1?IID_IPropertyNotifySink@@3U_GUID@@BVCComDynamicUnkArray@ATL@@@ATL@@UAGJPAPAUIConnectionPointContainer@@@Z 100027f8 f i CashDrawer.obj
 0001:0000181b       ?Advise@?$IConnectionPointImpl@VCOPOSCashDrawer@@$1?DIID__IOPOSCashDrawerEvents@@3U_GUID@@BVCComDynamicUnkArray@ATL@@@ATL@@UAGJPAUIUnknown@@PAK@Z 1000281b f i CashDrawer.obj
 0001:0000181b       ?Advise@?$IConnectionPointImpl@VCOPOSCashDrawer@@$1?IID_IPropertyNotifySink@@3U_GUID@@BVCComDynamicUnkArray@ATL@@@ATL@@UAGJPAUIUnknown@@PAK@Z 1000281b f i CashDrawer.obj
 0001:000018bb       ?Unadvise@?$IConnectionPointImpl@VCOPOSCashDrawer@@$1?DIID__IOPOSCashDrawerEvents@@3U_GUID@@BVCComDynamicUnkArray@ATL@@@ATL@@UAGJK@Z 100028bb f i CashDrawer.obj
 0001:000018bb       ?Unadvise@?$IConnectionPointImpl@VCOPOSCashDrawer@@$1?IID_IPropertyNotifySink@@3U_GUID@@BVCComDynamicUnkArray@ATL@@@ATL@@UAGJK@Z 100028bb f i CashDrawer.obj
 0001:000018fb       ?EnumConnections@?$IConnectionPointImpl@VCOPOSCashDrawer@@$1?IID_IPropertyNotifySink@@3U_GUID@@BVCComDynamicUnkArray@ATL@@@ATL@@UAGJPAPAUIEnumConnections@@@Z 100028fb f i CashDrawer.obj
 0001:000018fb       ?EnumConnections@?$IConnectionPointImpl@VCOPOSCashDrawer@@$1?DIID__IOPOSCashDrawerEvents@@3U_GUID@@BVCComDynamicUnkArray@ATL@@@ATL@@UAGJPAPAUIEnumConnections@@@Z 100028fb f i CashDrawer.obj
 0001:000019f6       ?GetCategoryMap@CComObjectRootBase@ATL@@SAPBU_ATL_CATMAP_ENTRY@2@XZ 100029f6 f i CashDrawer.obj
 0001:000019f6       ?GetObjectDescription@?$CComCoClass@VCOPOSCashDrawer@@$1?CLSID_OPOSCashDrawer@@3U_GUID@@B@ATL@@SGPB_WXZ 100029f6 f i CashDrawer.obj
 0001:000019f9       ?GetConnectionInterface@?$IConnectionPointImpl@VCOPOSCashDrawer@@$1?DIID__IOPOSCashDrawerEvents@@3U_GUID@@BVCComDynamicUnkArray@ATL@@@ATL@@UAGJPAU_GUID@@@Z 100029f9 f i CashDrawer.obj
 0001:00001a1d       ?GetConnectionPointContainer@?$IConnectionPointImpl@VCOPOSCashDrawer@@$1?DIID__IOPOSCashDrawerEvents@@3U_GUID@@BVCComDynamicUnkArray@ATL@@@ATL@@UAGJPAPAUIConnectionPointContainer@@@Z 10002a1d f i CashDrawer.obj
 0001:00001a40       ?UpdateRegistry@COPOSCashDrawer@@SGJH@Z 10002a40 f i CashDrawer.obj
 0001:00001a58       ?ProcessWindowMessage@COPOSCashDrawer@@UAEHPAUHWND__@@IIJAAJK@Z 10002a58 f i CashDrawer.obj
 0001:00001aa1       ?SODirectIO@COPOSCashDrawer@@MAGJJPAJPAPA_W@Z 10002aa1 f i CashDrawer.obj
 0001:00001aea       ?SOStatusUpdate@COPOSCashDrawer@@MAGJJ@Z 10002aea f i CashDrawer.obj
 0001:00001b23       ?Lock@CAtlModule@ATL@@UAEJXZ 10002b23 f i CashDrawer.obj
 0001:00001b2d       ?Unlock@CAtlModule@ATL@@UAEJXZ 10002b2d f i CashDrawer.obj
 0001:00001b37       ?GetLockCount@CAtlModule@ATL@@UAEJXZ 10002b37 f i CashDrawer.obj
 0001:00001b3b       ?GetGITPtr@CAtlModule@ATL@@UAEJPAPAUIGlobalInterfaceTable@@@Z 10002b3b f i CashDrawer.obj
 0001:00001b87       ?AddCommonRGSReplacements@?$CAtlModuleT@VCComModule@ATL@@@ATL@@UAEJPAUIRegistrarBase@@@Z 10002b87 f i CashDrawer.obj
 0001:00001ba1       ?CreateInstance@?$CComCreator@V?$CComObjectCached@VCComClassFactory@ATL@@@ATL@@@ATL@@SGJPAXABU_GUID@@PAPAX@Z 10002ba1 f i CashDrawer.obj
 0001:00001c41       ?UpdateRegistryFromResourceD@CComModule@ATL@@UAGJIHPAU_ATL_REGMAP_ENTRY@2@@Z 10002c41 f i CashDrawer.obj
 0001:00001c41       ?UpdateRegistryFromResourceD@CComModule@ATL@@UAGJPB_WHPAU_ATL_REGMAP_ENTRY@2@@Z 10002c41 f i CashDrawer.obj
 0001:00001c49       ?CreateInstance@?$CComCreator2@V?$CComCreator@V?$CComObject@VCOPOSCashDrawer@@@ATL@@@ATL@@V?$CComCreator@V?$CComAggObject@VCOPOSCashDrawer@@@ATL@@@2@@ATL@@SGJPAXABU_GUID@@PAPAX@Z 10002c49 f i CashDrawer.obj
 0001:00001c69       ?UpdateRegistryFromResource@CComModule@ATL@@UAGJPB_WHPAU_ATL_REGMAP_ENTRY@2@@Z 10002c69 f i CashDrawer.obj
 0001:00001c72       ?UpdateRegistryFromResource@CComModule@ATL@@UAGJIHPAU_ATL_REGMAP_ENTRY@2@@Z 10002c72 f i CashDrawer.obj
 0001:00001c7b       ?AddRef@?$CComObjectCached@VCComClassFactory@ATL@@@ATL@@UAGKXZ 10002c7b f i CashDrawer.obj
 0001:00001ca2       ?Release@?$CComObjectCached@VCComClassFactory@ATL@@@ATL@@UAGKXZ 10002ca2 f i CashDrawer.obj
 0001:00001cd8       ?QueryInterface@?$CComObjectCached@VCComClassFactory@ATL@@@ATL@@UAGJABU_GUID@@PAPAX@Z 10002cd8 f i CashDrawer.obj
 0001:00001cf2       ??_ECComModule@ATL@@UAEPAXI@Z 10002cf2 f i CashDrawer.obj
 0001:00001cf2       ??_GCComModule@ATL@@UAEPAXI@Z 10002cf2 f i CashDrawer.obj
 0001:00001d1a       ??_G?$CComObjectCached@VCComClassFactory@ATL@@@ATL@@UAEPAXI@Z 10002d1a f i CashDrawer.obj
 0001:00001d1a       ??_E?$CComObjectCached@VCComClassFactory@ATL@@@ATL@@UAEPAXI@Z 10002d1a f i CashDrawer.obj
 0001:00001d3c       ?Next@?$CComEnumImpl@UIEnumConnectionPoints@@$1?_GUID_b196b285_bab4_101a_b69c_00aa00341d07@@3U__s_GUID@@BPAUIConnectionPoint@@V?$_CopyInterface@UIConnectionPoint@@@ATL@@@ATL@@UAGJKPAPAUIConnectionPoint@@PAK@Z 10002d3c f i CashDrawer.obj
 0001:00001e13       ?Skip@?$CComEnumImpl@UIEnumConnectionPoints@@$1?_GUID_b196b285_bab4_101a_b69c_00aa00341d07@@3U__s_GUID@@BPAUIConnectionPoint@@V?$_CopyInterface@UIConnectionPoint@@@ATL@@@ATL@@UAGJK@Z 10002e13 f i CashDrawer.obj
 0001:00001e40       ?Reset@?$CComEnumImpl@UIEnumConnectionPoints@@$1?_GUID_b196b285_bab4_101a_b69c_00aa00341d07@@3U__s_GUID@@BPAUIConnectionPoint@@V?$_CopyInterface@UIConnectionPoint@@@ATL@@@ATL@@UAGJXZ 10002e40 f i CashDrawer.obj
 0001:00001e40       ?Reset@?$CComEnumImpl@UIEnumConnections@@$1?_GUID_b196b287_bab4_101a_b69c_00aa00341d07@@3U__s_GUID@@BUtagCONNECTDATA@@V?$_Copy@UtagCONNECTDATA@@@ATL@@@ATL@@UAGJXZ 10002e40 f i CashDrawer.obj
 0001:00001e52       ?Clone@?$CComEnumImpl@UIEnumConnectionPoints@@$1?_GUID_b196b285_bab4_101a_b69c_00aa00341d07@@3U__s_GUID@@BPAUIConnectionPoint@@V?$_CopyInterface@UIConnectionPoint@@@ATL@@@ATL@@UAGJPAPAUIEnumConnectionPoints@@@Z 10002e52 f i CashDrawer.obj
 0001:00001f33       ?AddRef@?$CComObject@V?$CComEnum@UIEnumConnections@@$1?_GUID_b196b287_bab4_101a_b69c_00aa00341d07@@3U__s_GUID@@BUtagCONNECTDATA@@V?$_Copy@UtagCONNECTDATA@@@ATL@@VCComSingleThreadModel@6@@ATL@@@ATL@@UAGKXZ 10002f33 f i CashDrawer.obj
 0001:00001f33       ?AddRef@?$CComObject@V?$CComEnum@UIEnumConnectionPoints@@$1?_GUID_b196b285_bab4_101a_b69c_00aa00341d07@@3U__s_GUID@@BPAUIConnectionPoint@@V?$_CopyInterface@UIConnectionPoint@@@ATL@@VCComSingleThreadModel@6@@ATL@@@ATL@@UAGKXZ 10002f33 f i CashDrawer.obj
 0001:00001f44       ?Release@?$CComObject@V?$CComEnum@UIEnumConnectionPoints@@$1?_GUID_b196b285_bab4_101a_b69c_00aa00341d07@@3U__s_GUID@@BPAUIConnectionPoint@@V?$_CopyInterface@UIConnectionPoint@@@ATL@@VCComSingleThreadModel@6@@ATL@@@ATL@@UAGKXZ 10002f44 f i CashDrawer.obj
 0001:00001f44       ?Release@?$CComObject@V?$CComEnum@UIEnumConnections@@$1?_GUID_b196b287_bab4_101a_b69c_00aa00341d07@@3U__s_GUID@@BUtagCONNECTDATA@@V?$_Copy@UtagCONNECTDATA@@@ATL@@VCComSingleThreadModel@6@@ATL@@@ATL@@UAGKXZ 10002f44 f i CashDrawer.obj
 0001:00001f80       ?QueryInterface@?$CComObject@V?$CComEnum@UIEnumConnectionPoints@@$1?_GUID_b196b285_bab4_101a_b69c_00aa00341d07@@3U__s_GUID@@BPAUIConnectionPoint@@V?$_CopyInterface@UIConnectionPoint@@@ATL@@VCComSingleThreadModel@6@@ATL@@@ATL@@UAGJABU_GUID@@PAPAX@Z 10002f80 f i CashDrawer.obj
 0001:00001f9a       ??_E?$CComObject@V?$CComEnum@UIEnumConnectionPoints@@$1?_GUID_b196b285_bab4_101a_b69c_00aa00341d07@@3U__s_GUID@@BPAUIConnectionPoint@@V?$_CopyInterface@UIConnectionPoint@@@ATL@@VCComSingleThreadModel@6@@ATL@@@ATL@@UAEPAXI@Z 10002f9a f i CashDrawer.obj
 0001:00001f9a       ??_G?$CComObject@V?$CComEnum@UIEnumConnectionPoints@@$1?_GUID_b196b285_bab4_101a_b69c_00aa00341d07@@3U__s_GUID@@BPAUIConnectionPoint@@V?$_CopyInterface@UIConnectionPoint@@@ATL@@VCComSingleThreadModel@6@@ATL@@@ATL@@UAEPAXI@Z 10002f9a f i CashDrawer.obj
 0001:00001fbc       ?AddRef@CRegObject@ATL@@UAGKXZ 10002fbc f i CashDrawer.obj
 0001:00001fc2       ?AddReplacement@CRegObject@ATL@@UAGJPB_W0@Z 10002fc2 f i CashDrawer.obj
 0001:00001ffb       ?ClearReplacements@CRegObject@ATL@@UAGJXZ 10002ffb f i CashDrawer.obj
 0001:0000200d       ??_GCRegObject@ATL@@UAEPAXI@Z 1000300d f i CashDrawer.obj
 0001:0000200d       ??_ECRegObject@ATL@@UAEPAXI@Z 1000300d f i CashDrawer.obj
 0001:0000202f       ?AddRef@?$CComAggObject@VCOPOSCashDrawer@@@ATL@@UAGKXZ 1000302f f i CashDrawer.obj
 0001:00002040       ?Release@?$CComAggObject@VCOPOSCashDrawer@@@ATL@@UAGKXZ 10003040 f i CashDrawer.obj
 0001:0000207c       ?QueryInterface@?$CComAggObject@VCOPOSCashDrawer@@@ATL@@UAGJABU_GUID@@PAPAX@Z 1000307c f i CashDrawer.obj
 0001:000020cb       ?AddRef@?$CComContainedObject@VCOPOSCashDrawer@@@ATL@@UAGKXZ 100030cb f i CashDrawer.obj
 0001:000020e1       ?Release@?$CComContainedObject@VCOPOSCashDrawer@@@ATL@@UAGKXZ 100030e1 f i CashDrawer.obj
 0001:000020f7       ?QueryInterface@?$CComContainedObject@VCOPOSCashDrawer@@@ATL@@UAGJABU_GUID@@PAPAX@Z 100030f7 f i CashDrawer.obj
 0001:00002112       ??_G?$CComAggObject@VCOPOSCashDrawer@@@ATL@@UAEPAXI@Z 10003112 f i CashDrawer.obj
 0001:00002112       ??_E?$CComAggObject@VCOPOSCashDrawer@@@ATL@@UAEPAXI@Z 10003112 f i CashDrawer.obj
 0001:00002137       ?AddRef@?$CComObject@VCOPOSCashDrawer@@@ATL@@UAGKXZ 10003137 f i CashDrawer.obj
 0001:0000214e       ?Release@?$CComObject@VCOPOSCashDrawer@@@ATL@@UAGKXZ 1000314e f i CashDrawer.obj
 0001:00002190       ?QueryInterface@?$CComObject@VCOPOSCashDrawer@@@ATL@@UAGJABU_GUID@@PAPAX@Z 10003190 f i CashDrawer.obj
 0001:000021aa       ?OnDrawAdvanced@CComControlBase@ATL@@UAEJAAUATL_DRAWINFO@@@Z 100031aa f i CashDrawer.obj
 0001:0000229d       ?Next@?$CComEnumImpl@UIEnumConnections@@$1?_GUID_b196b287_bab4_101a_b69c_00aa00341d07@@3U__s_GUID@@BUtagCONNECTDATA@@V?$_Copy@UtagCONNECTDATA@@@ATL@@@ATL@@UAGJKPAUtagCONNECTDATA@@PAK@Z 1000329d f i CashDrawer.obj
 0001:00002374       ?Skip@?$CComEnumImpl@UIEnumConnections@@$1?_GUID_b196b287_bab4_101a_b69c_00aa00341d07@@3U__s_GUID@@BUtagCONNECTDATA@@V?$_Copy@UtagCONNECTDATA@@@ATL@@@ATL@@UAGJK@Z 10003374 f i CashDrawer.obj
 0001:000023a1       ?Clone@?$CComEnumImpl@UIEnumConnections@@$1?_GUID_b196b287_bab4_101a_b69c_00aa00341d07@@3U__s_GUID@@BUtagCONNECTDATA@@V?$_Copy@UtagCONNECTDATA@@@ATL@@@ATL@@UAGJPAPAUIEnumConnections@@@Z 100033a1 f i CashDrawer.obj
 0001:00002482       ?QueryInterface@?$CComObject@V?$CComEnum@UIEnumConnections@@$1?_GUID_b196b287_bab4_101a_b69c_00aa00341d07@@3U__s_GUID@@BUtagCONNECTDATA@@V?$_Copy@UtagCONNECTDATA@@@ATL@@VCComSingleThreadModel@6@@ATL@@@ATL@@UAGJABU_GUID@@PAPAX@Z 10003482 f i CashDrawer.obj
 0001:0000249c       ??_E?$CComObject@V?$CComEnum@UIEnumConnections@@$1?_GUID_b196b287_bab4_101a_b69c_00aa00341d07@@3U__s_GUID@@BUtagCONNECTDATA@@V?$_Copy@UtagCONNECTDATA@@@ATL@@VCComSingleThreadModel@6@@ATL@@@ATL@@UAEPAXI@Z 1000349c f i CashDrawer.obj
 0001:0000249c       ??_G?$CComObject@V?$CComEnum@UIEnumConnections@@$1?_GUID_b196b287_bab4_101a_b69c_00aa00341d07@@3U__s_GUID@@BUtagCONNECTDATA@@V?$_Copy@UtagCONNECTDATA@@@ATL@@VCComSingleThreadModel@6@@ATL@@@ATL@@UAEPAXI@Z 1000349c f i CashDrawer.obj
 0001:000024be       ??_E?$CComObject@VCOPOSCashDrawer@@@ATL@@W3AEPAXI@Z 100034be f i CashDrawer.obj
 0001:000024c6       ??_E?$CComObject@VCOPOSCashDrawer@@@ATL@@WEM@AEPAXI@Z 100034c6 f i CashDrawer.obj
 0001:000024ce       ?QueryInterface@?$CComObject@VCOPOSCashDrawer@@@ATL@@WHA@AGJABU_GUID@@PAPAX@Z 100034ce f i CashDrawer.obj
 0001:000024d8       ?AddRef@?$CComObject@VCOPOSCashDrawer@@@ATL@@WHA@AGKXZ 100034d8 f i CashDrawer.obj
 0001:000024e2       ?Release@?$CComObject@VCOPOSCashDrawer@@@ATL@@WHA@AGKXZ 100034e2 f i CashDrawer.obj
 0001:000024ec       ?QueryInterface@?$CComObject@VCOPOSCashDrawer@@@ATL@@WHE@AGJABU_GUID@@PAPAX@Z 100034ec f i CashDrawer.obj
 0001:000024f6       ?AddRef@?$CComObject@VCOPOSCashDrawer@@@ATL@@WHE@AGKXZ 100034f6 f i CashDrawer.obj
 0001:00002500       ?Release@?$CComObject@VCOPOSCashDrawer@@@ATL@@WHE@AGKXZ 10003500 f i CashDrawer.obj
 0001:0000250a       ?QueryInterface@?$CComObject@VCOPOSCashDrawer@@@ATL@@WHI@AGJABU_GUID@@PAPAX@Z 1000350a f i CashDrawer.obj
 0001:00002514       ?AddRef@?$CComObject@VCOPOSCashDrawer@@@ATL@@WHI@AGKXZ 10003514 f i CashDrawer.obj
 0001:0000251e       ?Release@?$CComObject@VCOPOSCashDrawer@@@ATL@@WHI@AGKXZ 1000351e f i CashDrawer.obj
 0001:00002528       ?QueryInterface@?$CComObject@VCOPOSCashDrawer@@@ATL@@WHM@AGJABU_GUID@@PAPAX@Z 10003528 f i CashDrawer.obj
 0001:00002532       ?AddRef@?$CComObject@VCOPOSCashDrawer@@@ATL@@WHM@AGKXZ 10003532 f i CashDrawer.obj
 0001:0000253c       ?Release@?$CComObject@VCOPOSCashDrawer@@@ATL@@WHM@AGKXZ 1000353c f i CashDrawer.obj
 0001:00002546       ?QueryInterface@?$CComObject@VCOPOSCashDrawer@@@ATL@@WIA@AGJABU_GUID@@PAPAX@Z 10003546 f i CashDrawer.obj
 0001:00002553       ?AddRef@?$CComObject@VCOPOSCashDrawer@@@ATL@@WIA@AGKXZ 10003553 f i CashDrawer.obj
 0001:00002560       ?Release@?$CComObject@VCOPOSCashDrawer@@@ATL@@WIA@AGKXZ 10003560 f i CashDrawer.obj
 0001:0000256d       ?QueryInterface@?$CComObject@VCOPOSCashDrawer@@@ATL@@WIE@AGJABU_GUID@@PAPAX@Z 1000356d f i CashDrawer.obj
 0001:0000257a       ?AddRef@?$CComObject@VCOPOSCashDrawer@@@ATL@@WIE@AGKXZ 1000357a f i CashDrawer.obj
 0001:00002587       ?Release@?$CComObject@VCOPOSCashDrawer@@@ATL@@WIE@AGKXZ 10003587 f i CashDrawer.obj
 0001:00002594       ?QueryInterface@?$CComObject@VCOPOSCashDrawer@@@ATL@@WII@AGJABU_GUID@@PAPAX@Z 10003594 f i CashDrawer.obj
 0001:000025a1       ?AddRef@?$CComObject@VCOPOSCashDrawer@@@ATL@@WII@AGKXZ 100035a1 f i CashDrawer.obj
 0001:000025ae       ?Release@?$CComObject@VCOPOSCashDrawer@@@ATL@@WII@AGKXZ 100035ae f i CashDrawer.obj
 0001:000025bb       ?QueryInterface@?$CComObject@VCOPOSCashDrawer@@@ATL@@WIM@AGJABU_GUID@@PAPAX@Z 100035bb f i CashDrawer.obj
 0001:000025c8       ?AddRef@?$CComObject@VCOPOSCashDrawer@@@ATL@@WIM@AGKXZ 100035c8 f i CashDrawer.obj
 0001:000025d5       ?Release@?$CComObject@VCOPOSCashDrawer@@@ATL@@WIM@AGKXZ 100035d5 f i CashDrawer.obj
 0001:000025e2       ?QueryInterface@?$CComObject@VCOPOSCashDrawer@@@ATL@@WJA@AGJABU_GUID@@PAPAX@Z 100035e2 f i CashDrawer.obj
 0001:000025ef       ?AddRef@?$CComObject@VCOPOSCashDrawer@@@ATL@@WJA@AGKXZ 100035ef f i CashDrawer.obj
 0001:000025fc       ?Release@?$CComObject@VCOPOSCashDrawer@@@ATL@@WJA@AGKXZ 100035fc f i CashDrawer.obj
 0001:00002609       ?QueryInterface@?$CComObject@VCOPOSCashDrawer@@@ATL@@WJE@AGJABU_GUID@@PAPAX@Z 10003609 f i CashDrawer.obj
 0001:00002616       ?AddRef@?$CComObject@VCOPOSCashDrawer@@@ATL@@WJE@AGKXZ 10003616 f i CashDrawer.obj
 0001:00002623       ?Release@?$CComObject@VCOPOSCashDrawer@@@ATL@@WJE@AGKXZ 10003623 f i CashDrawer.obj
 0001:00002630       ?QueryInterface@?$CComObject@VCOPOSCashDrawer@@@ATL@@WJI@AGJABU_GUID@@PAPAX@Z 10003630 f i CashDrawer.obj
 0001:0000263d       ?AddRef@?$CComObject@VCOPOSCashDrawer@@@ATL@@WJI@AGKXZ 1000363d f i CashDrawer.obj
 0001:0000264a       ?Release@?$CComObject@VCOPOSCashDrawer@@@ATL@@WJI@AGKXZ 1000364a f i CashDrawer.obj
 0001:00002657       ?QueryInterface@?$CComObject@VCOPOSCashDrawer@@@ATL@@WJM@AGJABU_GUID@@PAPAX@Z 10003657 f i CashDrawer.obj
 0001:00002664       ?AddRef@?$CComObject@VCOPOSCashDrawer@@@ATL@@WJM@AGKXZ 10003664 f i CashDrawer.obj
 0001:00002671       ?Release@?$CComObject@VCOPOSCashDrawer@@@ATL@@WJM@AGKXZ 10003671 f i CashDrawer.obj
 0001:0000267e       ?QueryInterface@?$CComObject@VCOPOSCashDrawer@@@ATL@@WKA@AGJABU_GUID@@PAPAX@Z 1000367e f i CashDrawer.obj
 0001:0000268b       ?AddRef@?$CComObject@VCOPOSCashDrawer@@@ATL@@WKA@AGKXZ 1000368b f i CashDrawer.obj
 0001:00002698       ?Release@?$CComObject@VCOPOSCashDrawer@@@ATL@@WKA@AGKXZ 10003698 f i CashDrawer.obj
 0001:000026a5       ?AddRef@?$CComObject@VCOPOSCashDrawer@@@ATL@@WKI@AGKXZ 100036a5 f i CashDrawer.obj
 0001:000026b2       ?Release@?$CComObject@VCOPOSCashDrawer@@@ATL@@WKI@AGKXZ 100036b2 f i CashDrawer.obj
 0001:000026bf       ?AddRef@?$CComObject@VCOPOSCashDrawer@@@ATL@@WLE@AGKXZ 100036bf f i CashDrawer.obj
 0001:000026cc       ?Release@?$CComObject@VCOPOSCashDrawer@@@ATL@@WLE@AGKXZ 100036cc f i CashDrawer.obj
 0001:000026d9       ??_E?$CComContainedObject@VCOPOSCashDrawer@@@ATL@@W3AEPAXI@Z 100036d9 f i CashDrawer.obj
 0001:000026e1       ??_E?$CComContainedObject@VCOPOSCashDrawer@@@ATL@@WEM@AEPAXI@Z 100036e1 f i CashDrawer.obj
 0001:000026e9       ?QueryInterface@?$CComContainedObject@VCOPOSCashDrawer@@@ATL@@WHA@AGJABU_GUID@@PAPAX@Z 100036e9 f i CashDrawer.obj
 0001:000026f3       ?AddRef@?$CComContainedObject@VCOPOSCashDrawer@@@ATL@@WHA@AGKXZ 100036f3 f i CashDrawer.obj
 0001:000026fd       ?Release@?$CComContainedObject@VCOPOSCashDrawer@@@ATL@@WHA@AGKXZ 100036fd f i CashDrawer.obj
 0001:00002707       ?QueryInterface@?$CComContainedObject@VCOPOSCashDrawer@@@ATL@@WHE@AGJABU_GUID@@PAPAX@Z 10003707 f i CashDrawer.obj
 0001:00002711       ?AddRef@?$CComContainedObject@VCOPOSCashDrawer@@@ATL@@WHE@AGKXZ 10003711 f i CashDrawer.obj
 0001:0000271b       ?Release@?$CComContainedObject@VCOPOSCashDrawer@@@ATL@@WHE@AGKXZ 1000371b f i CashDrawer.obj
 0001:00002725       ?QueryInterface@?$CComContainedObject@VCOPOSCashDrawer@@@ATL@@WHI@AGJABU_GUID@@PAPAX@Z 10003725 f i CashDrawer.obj
 0001:0000272f       ?AddRef@?$CComContainedObject@VCOPOSCashDrawer@@@ATL@@WHI@AGKXZ 1000372f f i CashDrawer.obj
 0001:00002739       ?Release@?$CComContainedObject@VCOPOSCashDrawer@@@ATL@@WHI@AGKXZ 10003739 f i CashDrawer.obj
 0001:00002743       ?QueryInterface@?$CComContainedObject@VCOPOSCashDrawer@@@ATL@@WHM@AGJABU_GUID@@PAPAX@Z 10003743 f i CashDrawer.obj
 0001:0000274d       ?AddRef@?$CComContainedObject@VCOPOSCashDrawer@@@ATL@@WHM@AGKXZ 1000374d f i CashDrawer.obj
 0001:00002757       ?Release@?$CComContainedObject@VCOPOSCashDrawer@@@ATL@@WHM@AGKXZ 10003757 f i CashDrawer.obj
 0001:00002761       ?QueryInterface@?$CComContainedObject@VCOPOSCashDrawer@@@ATL@@WIA@AGJABU_GUID@@PAPAX@Z 10003761 f i CashDrawer.obj
 0001:0000276e       ?AddRef@?$CComContainedObject@VCOPOSCashDrawer@@@ATL@@WIA@AGKXZ 1000376e f i CashDrawer.obj
 0001:0000277b       ?Release@?$CComContainedObject@VCOPOSCashDrawer@@@ATL@@WIA@AGKXZ 1000377b f i CashDrawer.obj
 0001:00002788       ?QueryInterface@?$CComContainedObject@VCOPOSCashDrawer@@@ATL@@WIE@AGJABU_GUID@@PAPAX@Z 10003788 f i CashDrawer.obj
 0001:00002795       ?AddRef@?$CComContainedObject@VCOPOSCashDrawer@@@ATL@@WIE@AGKXZ 10003795 f i CashDrawer.obj
 0001:000027a2       ?Release@?$CComContainedObject@VCOPOSCashDrawer@@@ATL@@WIE@AGKXZ 100037a2 f i CashDrawer.obj
 0001:000027af       ?QueryInterface@?$CComContainedObject@VCOPOSCashDrawer@@@ATL@@WII@AGJABU_GUID@@PAPAX@Z 100037af f i CashDrawer.obj
 0001:000027bc       ?AddRef@?$CComContainedObject@VCOPOSCashDrawer@@@ATL@@WII@AGKXZ 100037bc f i CashDrawer.obj
 0001:000027c9       ?Release@?$CComContainedObject@VCOPOSCashDrawer@@@ATL@@WII@AGKXZ 100037c9 f i CashDrawer.obj
 0001:000027d6       ?QueryInterface@?$CComContainedObject@VCOPOSCashDrawer@@@ATL@@WIM@AGJABU_GUID@@PAPAX@Z 100037d6 f i CashDrawer.obj
 0001:000027e3       ?AddRef@?$CComContainedObject@VCOPOSCashDrawer@@@ATL@@WIM@AGKXZ 100037e3 f i CashDrawer.obj
 0001:000027f0       ?Release@?$CComContainedObject@VCOPOSCashDrawer@@@ATL@@WIM@AGKXZ 100037f0 f i CashDrawer.obj
 0001:000027fd       ?QueryInterface@?$CComContainedObject@VCOPOSCashDrawer@@@ATL@@WJA@AGJABU_GUID@@PAPAX@Z 100037fd f i CashDrawer.obj
 0001:0000280a       ?AddRef@?$CComContainedObject@VCOPOSCashDrawer@@@ATL@@WJA@AGKXZ 1000380a f i CashDrawer.obj
 0001:00002817       ?Release@?$CComContainedObject@VCOPOSCashDrawer@@@ATL@@WJA@AGKXZ 10003817 f i CashDrawer.obj
 0001:00002824       ?QueryInterface@?$CComContainedObject@VCOPOSCashDrawer@@@ATL@@WJE@AGJABU_GUID@@PAPAX@Z 10003824 f i CashDrawer.obj
 0001:00002831       ?AddRef@?$CComContainedObject@VCOPOSCashDrawer@@@ATL@@WJE@AGKXZ 10003831 f i CashDrawer.obj
 0001:0000283e       ?Release@?$CComContainedObject@VCOPOSCashDrawer@@@ATL@@WJE@AGKXZ 1000383e f i CashDrawer.obj
 0001:0000284b       ?QueryInterface@?$CComContainedObject@VCOPOSCashDrawer@@@ATL@@WJI@AGJABU_GUID@@PAPAX@Z 1000384b f i CashDrawer.obj
 0001:00002858       ?AddRef@?$CComContainedObject@VCOPOSCashDrawer@@@ATL@@WJI@AGKXZ 10003858 f i CashDrawer.obj
 0001:00002865       ?Release@?$CComContainedObject@VCOPOSCashDrawer@@@ATL@@WJI@AGKXZ 10003865 f i CashDrawer.obj
 0001:00002872       ?QueryInterface@?$CComContainedObject@VCOPOSCashDrawer@@@ATL@@WJM@AGJABU_GUID@@PAPAX@Z 10003872 f i CashDrawer.obj
 0001:0000287f       ?AddRef@?$CComContainedObject@VCOPOSCashDrawer@@@ATL@@WJM@AGKXZ 1000387f f i CashDrawer.obj
 0001:0000288c       ?Release@?$CComContainedObject@VCOPOSCashDrawer@@@ATL@@WJM@AGKXZ 1000388c f i CashDrawer.obj
 0001:00002899       ?QueryInterface@?$CComContainedObject@VCOPOSCashDrawer@@@ATL@@WKA@AGJABU_GUID@@PAPAX@Z 10003899 f i CashDrawer.obj
 0001:000028a6       ?AddRef@?$CComContainedObject@VCOPOSCashDrawer@@@ATL@@WKA@AGKXZ 100038a6 f i CashDrawer.obj
 0001:000028b3       ?Release@?$CComContainedObject@VCOPOSCashDrawer@@@ATL@@WKA@AGKXZ 100038b3 f i CashDrawer.obj
 0001:000028c0       ?AddRef@?$CComContainedObject@VCOPOSCashDrawer@@@ATL@@WKI@AGKXZ 100038c0 f i CashDrawer.obj
 0001:000028cd       ?Release@?$CComContainedObject@VCOPOSCashDrawer@@@ATL@@WKI@AGKXZ 100038cd f i CashDrawer.obj
 0001:000028da       ?AddRef@?$CComContainedObject@VCOPOSCashDrawer@@@ATL@@WLE@AGKXZ 100038da f i CashDrawer.obj
 0001:000028e7       ?Release@?$CComContainedObject@VCOPOSCashDrawer@@@ATL@@WLE@AGKXZ 100038e7 f i CashDrawer.obj
 0001:000028f4       ??$?4UITypeInfo2@@@?$CComPtr@UITypeInfo@@@ATL@@QAEPAUITypeInfo@@ABV?$CComPtr@UITypeInfo2@@@1@@Z 100038f4 f i CashDrawer.obj
 0001:00002921       ??$AtlAdd@K@ATL@@YAJPAKKK@Z 10003921 f i CashDrawer.obj
 0001:00002944       ??$AtlAdd@_K@ATL@@YAJPA_K_K1@Z 10003944 f i CashDrawer.obj
 0001:0000297c       ??$AtlAddThrow@K@ATL@@YAKKK@Z 1000397c f i CashDrawer.obj
 0001:000029a2       ??$AtlModuleRegisterWndClassInfoT@VAtlModuleRegisterWndClassInfoParamW@ATL@@@ATL@@YAGPAU_ATL_BASE_MODULE70@0@PAU_ATL_WIN_MODULE70@0@PAU_ATL_WNDCLASSINFOW@0@PAP6GJPAUHWND__@@IIJ@ZVAtlModuleRegisterWndClassInfoParamW@0@@Z 100039a2 f i CashDrawer.obj
 0001:00002af0       ??$AtlMultiply@H@ATL@@YAJPAHHH@Z 10003af0 f i CashDrawer.obj
 0001:00002b28       ??$AtlMultiply@I@ATL@@YAJPAIII@Z 10003b28 f i CashDrawer.obj
 0001:00002b28       ??$AtlMultiply@K@ATL@@YAJPAKKK@Z 10003b28 f i CashDrawer.obj
 0001:00002b4a       ??$AtlMultiplyThrow@I@ATL@@YAIII@Z 10003b4a f i CashDrawer.obj
 0001:00002b70       ??0?$CComAggObject@VCOPOSCashDrawer@@@ATL@@QAE@PAX@Z 10003b70 f i CashDrawer.obj
 0001:00002b9d       ??0?$CComContainedObject@VCOPOSCashDrawer@@@ATL@@QAE@PAX@Z 10003b9d f i CashDrawer.obj
 0001:00002c56       ??0?$CComObject@V?$CComEnum@UIEnumConnectionPoints@@$1?_GUID_b196b285_bab4_101a_b69c_00aa00341d07@@3U__s_GUID@@BPAUIConnectionPoint@@V?$_CopyInterface@UIConnectionPoint@@@ATL@@VCComSingleThreadModel@6@@ATL@@@ATL@@QAE@PAX@Z 10003c56 f i CashDrawer.obj
 0001:00002c84       ??0?$CComObject@V?$CComEnum@UIEnumConnections@@$1?_GUID_b196b287_bab4_101a_b69c_00aa00341d07@@3U__s_GUID@@BUtagCONNECTDATA@@V?$_Copy@UtagCONNECTDATA@@@ATL@@VCComSingleThreadModel@6@@ATL@@@ATL@@QAE@PAX@Z 10003c84 f i CashDrawer.obj
 0001:00002cb2       ??0?$CComObject@VCOPOSCashDrawer@@@ATL@@QAE@PAX@Z 10003cb2 f i CashDrawer.obj
 0001:00002d69       ??0?$CComQIPtr@UIOleControlSite@@$1?_GUID_b196b289_bab4_101a_b69c_00aa00341d07@@3U__s_GUID@@B@ATL@@QAE@PAUIUnknown@@@Z 10003d69 f i CashDrawer.obj
 0001:00002d92       ??0CAtlModule@ATL@@QAE@XZ  10003d92 f i CashDrawer.obj
 0001:00002dd3       ??0CParseBuffer@CRegParser@ATL@@QAE@H@Z 10003dd3 f i CashDrawer.obj
 0001:00002e09       ??0_ATL_MSG@ATL@@QAE@PAUHWND__@@IIJH@Z 10003e09 f i CashDrawer.obj
 0001:00002e41       ??1?$CComAggObject@VCOPOSCashDrawer@@@ATL@@UAE@XZ 10003e41 f i CashDrawer.obj
 0001:00002e65       ??1?$CComEnumImpl@UIEnumConnectionPoints@@$1?_GUID_b196b285_bab4_101a_b69c_00aa00341d07@@3U__s_GUID@@BPAUIConnectionPoint@@V?$_CopyInterface@UIConnectionPoint@@@ATL@@@ATL@@UAE@XZ 10003e65 f i CashDrawer.obj
 0001:00002ea5       ??1?$CComEnumImpl@UIEnumConnections@@$1?_GUID_b196b287_bab4_101a_b69c_00aa00341d07@@3U__s_GUID@@BUtagCONNECTDATA@@V?$_Copy@UtagCONNECTDATA@@@ATL@@@ATL@@UAE@XZ 10003ea5 f i CashDrawer.obj
 0001:00002ee5       ??1?$CComObject@V?$CComEnum@UIEnumConnectionPoints@@$1?_GUID_b196b285_bab4_101a_b69c_00aa00341d07@@3U__s_GUID@@BPAUIConnectionPoint@@V?$_CopyInterface@UIConnectionPoint@@@ATL@@VCComSingleThreadModel@6@@ATL@@@ATL@@UAE@XZ 10003ee5 f i CashDrawer.obj
 0001:00002f08       ??1?$CComObject@V?$CComEnum@UIEnumConnections@@$1?_GUID_b196b287_bab4_101a_b69c_00aa00341d07@@3U__s_GUID@@BUtagCONNECTDATA@@V?$_Copy@UtagCONNECTDATA@@@ATL@@VCComSingleThreadModel@6@@ATL@@@ATL@@UAE@XZ 10003f08 f i CashDrawer.obj
 0001:00002f2b       ??1?$CComObject@VCOPOSCashDrawer@@@ATL@@UAE@XZ 10003f2b f i CashDrawer.obj
 0001:00002fe9       ??1?$CComObjectCached@VCComClassFactory@ATL@@@ATL@@UAE@XZ 10003fe9 f i CashDrawer.obj
 0001:00002fff       ??1?$CComObjectRootEx@VCComMultiThreadModel@ATL@@@ATL@@QAE@XZ 10003fff f i CashDrawer.obj
 0001:00003014       ??1CRegObject@ATL@@UAE@XZ  10004014 f i CashDrawer.obj
 0001:00003034       ??4?$CComPtr@UIUnknown@@@ATL@@QAEPAUIUnknown@@PAU2@@Z 10004034 f i CashDrawer.obj
 0001:00003034       ??4?$CComPtr@UIAdviseSink@@@ATL@@QAEPAUIAdviseSink@@PAU2@@Z 10004034 f i CashDrawer.obj
 0001:00003034       ??4?$CComPtr@UIOleClientSite@@@ATL@@QAEPAUIOleClientSite@@PAU2@@Z 10004034 f i CashDrawer.obj
 0001:00003068       ??_E?$CComContainedObject@VCOPOSCashDrawer@@@ATL@@UAEPAXI@Z 10004068 f i CashDrawer.obj
 0001:00003068       ??_G?$CComContainedObject@VCOPOSCashDrawer@@@ATL@@UAEPAXI@Z 10004068 f i CashDrawer.obj
 0001:0000308d       ??_E?$CComObject@VCOPOSCashDrawer@@@ATL@@UAEPAXI@Z 1000408d f i CashDrawer.obj
 0001:0000308d       ??_G?$CComObject@VCOPOSCashDrawer@@@ATL@@UAEPAXI@Z 1000408d f i CashDrawer.obj
 0001:000030b2       ?Add@?$CSimpleArray@GV?$CSimpleArrayEqualHelper@G@ATL@@@ATL@@QAEHABG@Z 100040b2 f i CashDrawer.obj
 0001:00003136       ?Add@?$CSimpleMap@PA_WPA_WVCExpansionVectorEqualHelper@ATL@@@ATL@@QAEHABQA_W0@Z 10004136 f i CashDrawer.obj
 0001:0000318b       ?Add@CComDynamicUnkArray@ATL@@QAEKPAUIUnknown@@@Z 1000418b f i CashDrawer.obj
 0001:00003241       ?Add@CExpansionVector@ATL@@QAEHPB_W0@Z 10004241 f i CashDrawer.obj
 0001:0000334a       ?AddString@CParseBuffer@CRegParser@ATL@@QAEHPB_W@Z 1000434a f i CashDrawer.obj
 0001:0000337f       ?AddTermFunc@CAtlModule@ATL@@QAEJP6GXK@ZK@Z 1000437f f i CashDrawer.obj
 0001:000033e2       ?AddValue@CRegParser@ATL@@IAEJAAVCRegKey@2@PB_WPA_W@Z 100043e2 f i CashDrawer.obj
 0001:000036fc       ?Allocate@?$CAtlSafeAllocBufferManager@VCCRTAllocator@ATL@@@_ATL_SAFE_ALLOCA_IMPL@ATL@@QAEPAXK@Z 100046fc f i CashDrawer.obj
 0001:00003729       ?Allocate@?$CTempBuffer@E$0BAA@VCCRTAllocator@ATL@@@ATL@@QAEPAEI@Z 10004729 f i CashDrawer.obj
 0001:00003758       ?Allocate@?$CTempBuffer@_W$0BAA@VCCRTAllocator@ATL@@@ATL@@QAEPA_WI@Z 10004758 f i CashDrawer.obj
 0001:00003787       ?Allocate@?$CTempBuffer@_W$0EAA@VCCRTAllocator@ATL@@@ATL@@QAEPA_WI@Z 10004787 f i CashDrawer.obj
 0001:000037b6       ?AllocateHeap@?$CTempBuffer@_W$0EAA@VCCRTAllocator@ATL@@@ATL@@AAEXI@Z 100047b6 f i CashDrawer.obj
 0001:000037b6       ?AllocateHeap@?$CTempBuffer@_W$0BAA@VCCRTAllocator@ATL@@@ATL@@AAEXI@Z 100047b6 f i CashDrawer.obj
 0001:000037b6       ?AllocateHeap@?$CTempBuffer@E$0BAA@VCCRTAllocator@ATL@@@ATL@@AAEXI@Z 100047b6 f i CashDrawer.obj
 0001:000037db       ?Append@CParseBuffer@CRegParser@ATL@@QAEHPB_WH@Z 100047db f i CashDrawer.obj
 0001:00003869       ?AtlCoTaskMemCAlloc@ATL@@YAPAXKK@Z 10004869 f i CashDrawer.obj
 0001:00003896       ?AtlCoTaskMemRecalloc@ATL@@YAPAXPAXKK@Z 10004896 f i CashDrawer.obj
 0001:000038c6       ?AtlComModuleGetClassObject@ATL@@YGJPAU_ATL_COM_MODULE70@1@ABU_GUID@@1PAPAX@Z 100048c6 f i CashDrawer.obj
 0001:000039b9       ?AtlComModuleRegisterServer@ATL@@YGJPAU_ATL_COM_MODULE70@1@HPBU_GUID@@@Z 100049b9 f i CashDrawer.obj
 0001:00003a41       ?AtlComModuleUnregisterServer@ATL@@YGJPAU_ATL_COM_MODULE70@1@HPBU_GUID@@@Z 10004a41 f i CashDrawer.obj
 0001:00003ac9       ?AtlComQIPtrAssign2@ATL@@YAXPAPAUIUnknown@@PAU2@ABU_GUID@@@Z 10004ac9 f i CashDrawer.obj
 0001:00003af8       ?AtlCreateTargetDC@ATL@@YGPAUHDC__@@PAU2@PAUtagDVTARGETDEVICE@@@Z 10004af8 f i CashDrawer.obj
 0001:00003b61       ?AtlCrtErrorCheck@ATL@@YAHH@Z 10004b61 f i CashDrawer.obj
 0001:00003b9c       ?AtlHiMetricToPixel@ATL@@YGXPBUtagSIZE@@PAU2@@Z 10004b9c f i CashDrawer.obj
 0001:00003c11       ?AtlHresultFromLastError@ATL@@YAJXZ 10004c11 f i CashDrawer.obj
 0001:00003c28       ?AtlHresultFromWin32@ATL@@YAJK@Z 10004c28 f i CashDrawer.obj
 0001:00003c3d       ?AtlInternalOleLoadFromStream@ATL@@YAJPAUIStream@@ABU_GUID@@PAPAXTClassesAllowedInStream@1@K@Z 10004c3d f i CashDrawer.obj
 0001:00003d5b       ?AtlInternalQueryInterface@ATL@@YGJPAXPBU_ATL_INTMAP_ENTRY@1@ABU_GUID@@PAPAX@Z 10004d5b f i CashDrawer.obj
 0001:00003dfe       ?AtlLoadTypeLib@ATL@@YGJPAUHINSTANCE__@@PB_WPAPA_WPAPAUITypeLib@@@Z 10004dfe f i CashDrawer.obj
 0001:00003fdc       ?AtlRegisterClassCategoriesHelper@ATL@@YGJABU_GUID@@PBU_ATL_CATMAP_ENTRY@1@H@Z 10004fdc f i CashDrawer.obj
 0001:000042d8       ?AtlRegisterTypeLib@ATL@@YGJPAUHINSTANCE__@@PB_W@Z 100052d8 f i CashDrawer.obj
 0001:00004460       ?AtlThrowImpl@ATL@@YGXJ@Z  10005460 f i CashDrawer.obj
 0001:0000447e       ?AtlUnRegisterTypeLib@ATL@@YGJPAUHINSTANCE__@@PB_W@Z 1000547e f i CashDrawer.obj
 0001:00004529       ?AtlWinModuleAddCreateWndData@ATL@@YGXPAU_ATL_WIN_MODULE70@1@PAU_AtlCreateWndData@1@PAX@Z 10005529 f i CashDrawer.obj
 0001:0000457d       ?AtlWinModuleExtractCreateWndData@ATL@@YGPAXPAU_ATL_WIN_MODULE70@1@@Z 1000557d f i CashDrawer.obj
 0001:000045e0       ?AtlWinModuleRegisterClassExW@ATL@@YGGPAU_ATL_WIN_MODULE70@1@PBUtagWNDCLASSEXW@@@Z 100055e0 f i CashDrawer.obj
 0001:0000461f       ?CanForceRemoveKey@CRegParser@ATL@@IAEHPB_W@Z 1000561f f i CashDrawer.obj
 0001:0000464e       ?ChToByte@CRegParser@ATL@@KAE_W@Z 1000564e f i CashDrawer.obj
 0001:00004681       ?Cleanup@CComTypeInfoHolder@ATL@@SGXK@Z 10005681 f i CashDrawer.obj
 0001:000046b4       ?ClearReplacements@CExpansionVector@ATL@@QAEJXZ 100056b4 f i CashDrawer.obj
 0001:000046f1       ?Close@CRegKey@ATL@@QAEJXZ 100056f1 f i CashDrawer.obj
 0001:0000470b       ?CreateInstance@?$CComCreator@V?$CComAggObject@VCOPOSCashDrawer@@@ATL@@@ATL@@SGJPAXABU_GUID@@PAPAX@Z 1000570b f i CashDrawer.obj
 0001:00004780       ?CreateInstance@?$CComCreator@V?$CComObject@VCOPOSCashDrawer@@@ATL@@@ATL@@SGJPAXABU_GUID@@PAPAX@Z 10005780 f i CashDrawer.obj
 0001:00004800       ?CreateInstance@?$CComObject@V?$CComEnum@UIEnumConnectionPoints@@$1?_GUID_b196b285_bab4_101a_b69c_00aa00341d07@@3U__s_GUID@@BPAUIConnectionPoint@@V?$_CopyInterface@UIConnectionPoint@@@ATL@@VCComSingleThreadModel@6@@ATL@@@ATL@@SGJPAPAV12@@Z 10005800 f i CashDrawer.obj
 0001:0000484a       ?CreateInstance@?$CComObject@V?$CComEnum@UIEnumConnections@@$1?_GUID_b196b287_bab4_101a_b69c_00aa00341d07@@3U__s_GUID@@BUtagCONNECTDATA@@V?$_Copy@UtagCONNECTDATA@@@ATL@@VCComSingleThreadModel@6@@ATL@@@ATL@@SGJPAPAV12@@Z 1000584a f i CashDrawer.obj
 0001:00004894       ?DefaultReflectionHandler@?$CWindowImplRoot@VCWindow@ATL@@@ATL@@SAHPAUHWND__@@IIJAAJ@Z 10005894 f i CashDrawer.obj
 0001:00004907       ?DeleteSubKey@CRegKey@ATL@@QAEJPB_W@Z 10005907 f i CashDrawer.obj
 0001:00004980       ?DoEvent@COPOSCashDrawer@@IAEXIIJ@Z 10005980 f i CashDrawer.obj
 0001:00004a00       ?DoVerbHide@?$IOleObjectImpl@VCOPOSCashDrawer@@@ATL@@QAEJPBUtagRECT@@PAUHWND__@@@Z 10005a00 f i CashDrawer.obj
 0001:00004a36       ?DoVerbInPlaceActivate@?$IOleObjectImpl@VCOPOSCashDrawer@@@ATL@@QAEJPBUtagRECT@@PAUHWND__@@@Z 10005a36 f i CashDrawer.obj
 0001:00004a69       ?DoVerbPrimary@?$IOleObjectImpl@VCOPOSCashDrawer@@@ATL@@QAEJPBUtagRECT@@PAUHWND__@@@Z 10005a69 f i CashDrawer.obj
 0001:00004af5       ?DoVerbProperties@CComControlBase@ATL@@QAEJPBUtagRECT@@PAUHWND__@@@Z 10005af5 f i CashDrawer.obj
 0001:00004c74       ?DoVerbUIActivate@?$IOleObjectImpl@VCOPOSCashDrawer@@@ATL@@QAEJPBUtagRECT@@PAUHWND__@@@Z 10005c74 f i CashDrawer.obj
 0001:00004cb1       ?DoesVerbActivate@CComControlBase@ATL@@QAEHJ@Z 10005cb1 f i CashDrawer.obj
 0001:00004cd2       ?DoesVerbUIActivate@CComControlBase@ATL@@QAEHJ@Z 10005cd2 f i CashDrawer.obj
 0001:00004d07       ?EndOfVar@CRegParser@ATL@@IAEHXZ 10005d07 f i CashDrawer.obj
 0001:00004d27       ?EscapeSingleQuote@CAtlModule@ATL@@SAXPA_WIPB_W@Z 10005d27 f i CashDrawer.obj
 0001:00004d76       ?FindKey@?$CSimpleMap@PA_WPA_WVCExpansionVectorEqualHelper@ATL@@@ATL@@QBEHABQA_W@Z 10005d76 f i CashDrawer.obj
 0001:00004dad       ?FireTheEvent@?$CProxy_IOPOSEvents@VCOPOSCashDrawer@@@@IAEXPAVOposVariant@@IAAJPB_WJ@Z 10005dad f i CashDrawer.obj
 0001:00004e3f       ?FireViewChange@CComControlBase@ATL@@QAEJXZ 10005e3f f i CashDrawer.obj
 0001:00004e88       ?Fire_DirectIOEvent@?$CProxy_IOPOSEvents@VCOPOSCashDrawer@@@@QAEXJPAJPAPA_W@Z 10005e88 f i CashDrawer.obj
 0001:00004f74       ?Fire_StatusUpdateEvent@?$CProxy_IOPOSEvents@VCOPOSCashDrawer@@@@QAEXJ@Z 10005f74 f i CashDrawer.obj
 0001:0000500a       ?FreeHeap@?$CTempBuffer@E$0BAA@VCCRTAllocator@ATL@@@ATL@@AAEXXZ 1000600a f i CashDrawer.obj
 0001:0000500a       ?FreeHeap@?$CTempBuffer@_W$0EAA@VCCRTAllocator@ATL@@@ATL@@AAEXXZ 1000600a f i CashDrawer.obj
 0001:0000500a       ?FreeHeap@?$CTempBuffer@_W$0BAA@VCCRTAllocator@ATL@@@ATL@@AAEXXZ 1000600a f i CashDrawer.obj
 0001:00005013       ?GetAmbientLocaleID@CComControlBase@ATL@@QAEJAAK@Z 10006013 f i CashDrawer.obj
 0001:0000506f       ?GetAmbientUserMode@CComControlBase@ATL@@QAEJAAH@Z 1000606f f i CashDrawer.obj
 0001:000050df       ?GetAt@CComDynamicUnkArray@ATL@@QAEPAUIUnknown@@H@Z 100060df f i CashDrawer.obj
 0001:000050fb       ?GetClassObject@CComModule@ATL@@QAEJABU_GUID@@0PAPAX@Z 100060fb f i CashDrawer.obj
 0001:0000519d       ?GetConnMap@COPOSCashDrawer@@SAPBU_ATL_CONNMAP_ENTRY@ATL@@PAH@Z 1000619d f i CashDrawer.obj
 0001:0000520d       ?GetCookie@CComDynamicUnkArray@ATL@@QAGKPAPAUIUnknown@@@Z 1000620d f i CashDrawer.obj
 0001:00005245       ?GetIDsOfNames@CComTypeInfoHolder@ATL@@QAEJABU_GUID@@PAPA_WIKPAJ@Z 10006245 f i CashDrawer.obj
 0001:0000536c       ?GetKeyAt@?$CSimpleMap@PA_WPA_WVCExpansionVectorEqualHelper@ATL@@@ATL@@QBEAAPA_WH@Z 1000636c f i CashDrawer.obj
 0001:00005391       ?GetPagesHelper@?$ISpecifyPropertyPagesImpl@VCOPOSCashDrawer@@@ATL@@IAEJPAUtagCAUUID@@PBUATL_PROPMAP_ENTRY@2@@Z 10006391 f i CashDrawer.obj
 0001:000054b8       ?GetProperty@?$CComPtr@UIDispatch@@@ATL@@SAJPAUIDispatch@@JPAUtagVARIANT@@@Z 100064b8 f i CashDrawer.obj
 0001:00005507       ?GetSizeMax@CComVariant@ATL@@QBEJPAT_ULARGE_INTEGER@@@Z 10006507 f i CashDrawer.obj
 0001:000056c9       ?GetTI@CComTypeInfoHolder@ATL@@QAEJK@Z 100066c9 f i CashDrawer.obj
 0001:000058a8       ?GetTI@CComTypeInfoHolder@ATL@@QAEJKPAPAUITypeInfo@@@Z 100068a8 f i CashDrawer.obj
 0001:000058ea       ?GetUnknown@CComDynamicUnkArray@ATL@@QAGPAUIUnknown@@K@Z 100068ea f i CashDrawer.obj
 0001:0000590b       ?GetValueAt@?$CSimpleMap@PA_WPA_WVCExpansionVectorEqualHelper@ATL@@@ATL@@QBEAAPA_WH@Z 1000690b f i CashDrawer.obj
 0001:00005931       ?GetZoomInfo@CComControlBase@ATL@@QAEXAAUATL_DRAWINFO@@@Z 10006931 f i CashDrawer.obj
 0001:000059c4       ?HKeyFromString@CRegParser@ATL@@KAPAUHKEY__@@PA_W@Z 100069c4 f i CashDrawer.obj
 0001:000059f2       ?HasSubKeys@CRegParser@ATL@@IAEHPAUHKEY__@@@Z 100069f2 f i CashDrawer.obj
 0001:00005a27       ?IDataObject_GetData@CComControlBase@ATL@@QAEJPAUtagFORMATETC@@PAUtagSTGMEDIUM@@@Z 10006a27 f i CashDrawer.obj
 0001:00005bcd       ?IOleInPlaceObject_InPlaceDeactivate@CComControlBase@ATL@@QAEJXZ 10006bcd f i CashDrawer.obj
 0001:00005c54       ?IOleInPlaceObject_SetObjectRects@CComControlBase@ATL@@QAEJPBUtagRECT@@0@Z 10006c54 f i CashDrawer.obj
 0001:00005d21       ?IOleInPlaceObject_UIDeactivate@CComControlBase@ATL@@QAEJXZ 10006d21 f i CashDrawer.obj
 0001:00005de3       ?IOleObject_Advise@CComControlBase@ATL@@QAEJPAUIAdviseSink@@PAK@Z 10006de3 f i CashDrawer.obj
 0001:00005e0d       ?IOleObject_Close@CComControlBase@ATL@@QAEJK@Z 10006e0d f i CashDrawer.obj
 0001:00005ef1       ?IOleObject_GetClientSite@CComControlBase@ATL@@QAEJPAPAUIOleClientSite@@@Z 10006ef1 f i CashDrawer.obj
 0001:00005f1a       ?IOleObject_SetClientSite@CComControlBase@ATL@@QAEJPAUIOleClientSite@@@Z 10006f1a f i CashDrawer.obj
 0001:00005f59       ?IOleObject_SetExtent@CComControlBase@ATL@@QAEJKPAUtagSIZE@@@Z 10006f59 f i CashDrawer.obj
 0001:0000600d       ?IPSI_GetIPersistStreamInit@?$IPersistStorageImpl@VCOPOSCashDrawer@@@ATL@@AAEPAUIPersistStreamInit@@XZ 1000700d f i CashDrawer.obj
 0001:000060b5       ?IPersistStreamInit_Load@?$IPersistStreamInitImpl@VCOPOSCashDrawer@@@ATL@@QAEJPAUIStream@@PBUATL_PROPMAP_ENTRY@2@@Z 100070b5 f i CashDrawer.obj
 0001:0000632a       ?IPersistStreamInit_Save@?$IPersistStreamInitImpl@VCOPOSCashDrawer@@@ATL@@QAEJPAUIStream@@HPBUATL_PROPMAP_ENTRY@2@@Z 1000732a f i CashDrawer.obj
 0001:00006518       ?IQuickActivate_QuickActivate@CComControlBase@ATL@@QAEJPAUtagQACONTAINER@@PAUtagQACONTROL@@@Z 10007518 f i CashDrawer.obj
 0001:0000675a       ?IViewObject_Draw@CComControlBase@ATL@@QAEJKJPAXPAUtagDVTARGETDEVICE@@PAUHDC__@@2PBU_RECTL@@3@Z 1000775a f i CashDrawer.obj
 0001:00006802       ?InPlaceActivate@CComControlBase@ATL@@QAEJJPBUtagRECT@@@Z 10007802 f i CashDrawer.obj
 0001:00006a73       ?Init@?$CComEnumImpl@UIEnumConnectionPoints@@$1?_GUID_b196b285_bab4_101a_b69c_00aa00341d07@@3U__s_GUID@@BPAUIConnectionPoint@@V?$_CopyInterface@UIConnectionPoint@@@ATL@@@ATL@@QAEJPAPAUIConnectionPoint@@0PAUIUnknown@@W4CComEnumFlags@2@@Z 10007a73 f i CashDrawer.obj
 0001:00006b52       ?Init@?$CComEnumImpl@UIEnumConnections@@$1?_GUID_b196b287_bab4_101a_b69c_00aa00341d07@@3U__s_GUID@@BUtagCONNECTDATA@@V?$_Copy@UtagCONNECTDATA@@@ATL@@@ATL@@QAEJPAUtagCONNECTDATA@@0PAUIUnknown@@W4CComEnumFlags@2@@Z 10007b52 f i CashDrawer.obj
 0001:00006c31       ?Init@CComModule@ATL@@QAEJPAU_ATL_OBJMAP_ENTRY30@2@PAUHINSTANCE__@@PBU_GUID@@@Z 10007c31 f i CashDrawer.obj
 0001:00006c90       ?Init@CDynamicStdCallThunk2@ATL@@QAEHKPAX@Z 10007c90 f i CashDrawer.obj
 0001:00006cbb       ?InlineIsEqualUnknown@ATL@@YGHABU_GUID@@@Z 10007cbb f i CashDrawer.obj
 0001:00006ce3       ?InternalSetAtIndex@?$CSimpleMap@PA_WPA_WVCExpansionVectorEqualHelper@ATL@@@ATL@@QAEXHABQA_W0@Z 10007ce3 f i CashDrawer.obj
 0001:00006d0d       ?Invoke@CComTypeInfoHolder@ATL@@QAEJPAUIDispatch@@JABU_GUID@@KGPAUtagDISPPARAMS@@PAUtagVARIANT@@PAUtagEXCEPINFO@@PAI@Z 10007d0d f i CashDrawer.obj
 0001:00006d50       ?IsEqualObject@?$CComPtrBase@UIOleClientSite@@@ATL@@QAE_NPAUIUnknown@@@Z 10007d50 f i CashDrawer.obj
 0001:00006d50       ?IsEqualObject@?$CComPtrBase@UITypeInfo@@@ATL@@QAE_NPAUIUnknown@@@Z 10007d50 f i CashDrawer.obj
 0001:00006dbd       ?IsSpace@CRegParser@ATL@@IAEH_W@Z 10007dbd f i CashDrawer.obj
 0001:00006de7       ?LoadNameCache@CComTypeInfoHolder@ATL@@QAEJPAUITypeInfo@@@Z 10007de7 f i CashDrawer.obj
 0001:00006f1c       ?Lookup@?$CSimpleMap@PA_WPA_WVCExpansionVectorEqualHelper@ATL@@@ATL@@QBEPA_WABQA_W@Z 10007f1c f i CashDrawer.obj
 0001:00006f42       ?NextToken@CRegParser@ATL@@IAEJPA_W@Z 10007f42 f i CashDrawer.obj
 0001:0000707a       ?OnKillFocus@CComControlBase@ATL@@QAEJIIJAAH@Z 1000807a f i CashDrawer.obj
 0001:000070d5       ?OnMouseActivate@CComControlBase@ATL@@QAEJIIJAAH@Z 100080d5 f i CashDrawer.obj
 0001:00007143       ?OnPaint@CComControlBase@ATL@@QAEJIIJAAH@Z 10008143 f i CashDrawer.obj
 0001:000071f5       ?OnSetFocus@CComControlBase@ATL@@QAEJIIJAAH@Z 100081f5 f i CashDrawer.obj
 0001:0000727e       ?Open@CRegKey@ATL@@QAEJPAUHKEY__@@PB_WK@Z 1000827e f i CashDrawer.obj
 0001:000072d3       ?PreProcessBuffer@CRegParser@ATL@@QAEJPA_WPAPA_W@Z 100082d3 f i CashDrawer.obj
 0001:00007542       ?ProcessWindowMessage@?$CComControl@VCOPOSCashDrawer@@V?$CWindowImpl@VCOPOSCashDrawer@@VCWindow@ATL@@V?$CWinTraits@$0FGAAAAAA@$0A@@3@@ATL@@@ATL@@UAEHPAUHWND__@@IIJAAJK@Z 10008542 f i CashDrawer.obj
 0001:000075e1       ?ReadFromStream@CComBSTR@ATL@@QAEJPAUIStream@@@Z 100085e1 f i CashDrawer.obj
 0001:00007704       ?ReadFromStream@CComVariant@ATL@@QAEJPAUIStream@@GTClassesAllowedInStream@2@K@Z 10008704 f i CashDrawer.obj
 0001:0000788e       ?RecurseDeleteKey@CRegKey@ATL@@QAEJPB_W@Z 1000888e f i CashDrawer.obj
 0001:0000797c       ?RegCreateKeyExW@CAtlTransactionManager@ATL@@QAEJPAUHKEY__@@PB_WKPA_WKKQAU_SECURITY_ATTRIBUTES@@PAPAU3@PAK@Z 1000897c f i CashDrawer.obj
 0001:000079df       ?RegDeleteKeyW@CAtlTransactionManager@ATL@@QAEJPAUHKEY__@@PB_W@Z 100089df f i CashDrawer.obj
 0001:00007a31       ?RegOpenKeyExW@CAtlTransactionManager@ATL@@QAEJPAUHKEY__@@PB_WKKPAPAU3@@Z 10008a31 f i CashDrawer.obj
 0001:00007a88       ?Register@_ATL_WNDCLASSINFOW@ATL@@QAEGPAP6GJPAUHWND__@@IIJ@Z@Z 10008a88 f i CashDrawer.obj
 0001:00007aa8       ?RegisterBuffer@CRegParser@ATL@@QAEJPA_WH@Z 10008aa8 f i CashDrawer.obj
 0001:00007bef       ?RegisterFromResource@CRegObject@ATL@@IAEJPB_W00H@Z 10008bef f i CashDrawer.obj
 0001:00007d25       ?RegisterServer@?$CAtlModuleT@VCComModule@ATL@@@ATL@@QAEJHPBU_GUID@@@Z 10008d25 f i CashDrawer.obj
 0001:00007d53       ?RegisterServer@CComModule@ATL@@QAEJHPBU_GUID@@@Z 10008d53 f i CashDrawer.obj
 0001:00007dc9       ?RegisterSubkeys@CRegParser@ATL@@IAEJPA_WPAUHKEY__@@HH@Z 10008dc9 f i CashDrawer.obj
 0001:00008476       ?Remove@CComDynamicUnkArray@ATL@@QAEHK@Z 10009476 f i CashDrawer.obj
 0001:0000849f       ?RemoveAll@?$CSimpleMap@PA_WPA_WVCExpansionVectorEqualHelper@ATL@@@ATL@@QAEXXZ 1000949f f i CashDrawer.obj
 0001:000084cb       ?ResourceRegisterSz@CRegObject@ATL@@QAGJPB_W00@Z 100094cb f i CashDrawer.obj
 0001:000084f8       ?ResourceUnregisterSz@CRegObject@ATL@@QAGJPB_W00@Z 100094f8 f i CashDrawer.obj
 0001:00008525       ?SendOnDataChange@CComControlBase@ATL@@QAEJK@Z 10009525 f i CashDrawer.obj
 0001:00008572       ?SetControlFocus@CComControlBase@ATL@@QAEHH@Z 10009572 f i CashDrawer.obj
 0001:0000860f       ?SetMultiStringValue@CRegKey@ATL@@QAEJPB_W0@Z 1000960f f i CashDrawer.obj
 0001:0000866b       ?SetStringValue@CRegKey@ATL@@QAEJPB_W0K@Z 1000966b f i CashDrawer.obj
 0001:000086b4       ?SkipAssignment@CRegParser@ATL@@IAEJPA_W@Z 100096b4 f i CashDrawer.obj
 0001:00008719       ?SkipWhiteSpace@CRegParser@ATL@@IAEXXZ 10009719 f i CashDrawer.obj
 0001:0000873b       ?StrChrW@CRegParser@ATL@@KAPA_WPA_W_W@Z 1000973b f i CashDrawer.obj
 0001:00008778       ?Term@CAtlModule@ATL@@QAEXXZ 10009778 f i CashDrawer.obj
 0001:000087cb       ?Term@CComModule@ATL@@QAEXXZ 100097cb f i CashDrawer.obj
 0001:00008823       ?UnregisterServer@?$CAtlModuleT@VCComModule@ATL@@@ATL@@QAEJHPBU_GUID@@@Z 10009823 f i CashDrawer.obj
 0001:00008849       ?UnregisterServer@CComModule@ATL@@QAEJHPBU_GUID@@@Z 10009849 f i CashDrawer.obj
 0001:000088bf       ?UpdateRegistryFromResource@CAtlModule@ATL@@QAGJIHPAU_ATL_REGMAP_ENTRY@2@@Z 100098bf f i CashDrawer.obj
 0001:00008a8a       ?UpdateRegistryFromResource@CAtlModule@ATL@@QAGJPB_WHPAU_ATL_REGMAP_ENTRY@2@@Z 10009a8a f i CashDrawer.obj
 0001:00008c5b       ?VTFromRegType@CRegParser@ATL@@KAHPB_WAAG@Z 10009c5b f i CashDrawer.obj
 0001:00008cc8       ?WindowProc@?$CWindowImplBaseT@VCWindow@ATL@@V?$CWinTraits@$0FGAAAAAA@$0A@@2@@ATL@@SGJPAUHWND__@@IIJ@Z 10009cc8 f i CashDrawer.obj
 0001:00008dba       ?WriteToStream@CComBSTR@ATL@@QAEJPAUIStream@@@Z 10009dba f i CashDrawer.obj
 0001:00008e1c       ?WriteToStream@CComVariant@ATL@@QAEJPAUIStream@@@Z 10009e1c f i CashDrawer.obj
 0001:00008f96       ?WriteToStream@CComVariant@ATL@@QAEJPAUIStream@@G@Z 10009f96 f i CashDrawer.obj
 0001:00008fff       ?_AtlInitialConstruct@?$CComObjectRootEx@VCComMultiThreadModel@ATL@@@ATL@@QAEJXZ 10009fff f i CashDrawer.obj
 0001:00009014       ?_AtlVerifyStackAvailable@_ATL_SAFE_ALLOCA_IMPL@ATL@@YA_NK@Z 1000a014 f i CashDrawer.obj
 0001:00009092       ?atlCreate@?$CWindowImpl@VCOPOSCashDrawer@@VCWindow@ATL@@V?$CWinTraits@$0FGAAAAAA@$0A@@3@@ATL@@QAEPAUHWND__@@PAU3@V_U_RECT@2@PB_WKKV_U_MENUorID@2@PAX@Z 1000a092 f i CashDrawer.obj
 0001:000090d6       ?atlCreate@?$CWindowImplBaseT@VCWindow@ATL@@V?$CWinTraits@$0FGAAAAAA@$0A@@2@@ATL@@QAEPAUHWND__@@PAU3@V_U_RECT@2@PB_WKKV_U_MENUorID@2@GPAX@Z 1000a0d6 f i CashDrawer.obj
 0001:00009172       ?copy@?$_Copy@UtagCONNECTDATA@@@ATL@@SAJPAUtagCONNECTDATA@@PBU3@@Z 1000a172 f i CashDrawer.obj
 0001:000091a8       ?copy@?$_CopyInterface@UIConnectionPoint@@@ATL@@SAJPAPAUIConnectionPoint@@PBQAU3@@Z 1000a1a8 f i CashDrawer.obj
 0001:000091d6       ?memcpy_s@Checked@ATL@@YAXPAXIPBXI@Z 1000a1d6 f i CashDrawer.obj
 0001:000091f5       ?ocscpy_s@@YA_NPA_WIPB_W@Z 1000a1f5 f i CashDrawer.obj
 0001:0000923f       ?wcscpy_s@Checked@ATL@@YAXPA_WIPB_W@Z 1000a23f f i CashDrawer.obj
 0001:0000925b       _DllCanUnloadNow@0         1000a25b f   CashDrawer.obj
 0001:00009267       _DllGetClassObject@12      1000a267 f   CashDrawer.obj
 0001:00009275       _DllMain@12                1000a275 f   CashDrawer.obj
 0001:000092b7       _DllRegisterServer@0       1000a2b7 f   CashDrawer.obj
 0001:000092c6       _DllUnregisterServer@0     1000a2c6 f   CashDrawer.obj
 0001:000092d5       _InlineIsEqualGUID         1000a2d5 f i CashDrawer.obj
 0001:00009305       ___local_stdio_printf_options 1000a305 f i CashDrawer.obj
 0001:0000930b       __vswprintf_s_l            1000a30b f i CashDrawer.obj
 0001:000093b8       _swprintf_s                1000a3b8 f i CashDrawer.obj
 0001:000093d4       ??0?$CComControl@VCOPOSCashDrawer@@V?$CWindowImpl@VCOPOSCashDrawer@@VCWindow@ATL@@V?$CWinTraits@$0FGAAAAAA@$0A@@3@@ATL@@@ATL@@QAE@XZ 1000a3d4 f i CashDrawerImpl.obj
 0001:000093fb       ??0CComControlBase@ATL@@QAE@AAPAUHWND__@@@Z 1000a3fb f i CashDrawerImpl.obj
 0001:00009445       ??0COPOSCashDrawer@@QAE@XZ 1000a445 f   CashDrawerImpl.obj
 0001:00009494       ??1?$CComControl@VCOPOSCashDrawer@@V?$CWindowImpl@VCOPOSCashDrawer@@VCWindow@ATL@@V?$CWinTraits@$0FGAAAAAA@$0A@@3@@ATL@@@ATL@@UAE@XZ 1000a494 f i CashDrawerImpl.obj
 0001:000094ad       ??1?$IConnectionPointImpl@VCOPOSCashDrawer@@$1?IID_IPropertyNotifySink@@3U_GUID@@BVCComDynamicUnkArray@ATL@@@ATL@@QAE@XZ 1000a4ad f i CashDrawerImpl.obj
 0001:000094ad       ??1?$IConnectionPointImpl@VCOPOSCashDrawer@@$1?DIID__IOPOSCashDrawerEvents@@3U_GUID@@BVCComDynamicUnkArray@ATL@@@ATL@@QAE@XZ 1000a4ad f i CashDrawerImpl.obj
 0001:000094ea       ??1CComControlBase@ATL@@UAE@XZ 1000a4ea f i CashDrawerImpl.obj
 0001:0000954d       ??1COPOSCashDrawer@@UAE@XZ 1000a54d f   CashDrawerImpl.obj
 0001:00009595       ?CheckHealth@COPOSCashDrawer@@UAGJJPAJ@Z 1000a595 f   CashDrawerImpl.obj
 0001:000095e4       ?ClaimDevice@COPOSCashDrawer@@UAGJJPAJ@Z 1000a5e4 f   CashDrawerImpl.obj
 0001:00009652       ?Close@COPOSCashDrawer@@UAGJPAJ@Z 1000a652 f   CashDrawerImpl.obj
 0001:000096c0       ?CompareFirmwareVersion@COPOSCashDrawer@@UAGJPA_WPAJ1@Z 1000a6c0 f   CashDrawerImpl.obj
 0001:00009740       ?DirectIO@COPOSCashDrawer@@UAGJJPAJPAPA_W0@Z 1000a740 f   CashDrawerImpl.obj
 0001:000097ee       ?DoInvoke@COPOSCashDrawer@@IAEJJPAVOposVariant@@IHPAJ_N@Z 1000a7ee f   CashDrawerImpl.obj
 0001:000098ca       ?EventClose@COPOSCashDrawer@@IAEXXZ 1000a8ca f i CashDrawerImpl.obj
 0001:000098fd       ?EventInit@COPOSCashDrawer@@IAEJXZ 1000a8fd f i CashDrawerImpl.obj
 0001:000099c9       ?EventUninit@COPOSCashDrawer@@IAEXXZ 1000a9c9 f i CashDrawerImpl.obj
 0001:00009a1b       ?EventWindowProc@COPOSCashDrawer@@IAGJIIJ@Z 1000aa1b f i CashDrawerImpl.obj
 0001:00009a92       ?FinalConstruct@COPOSCashDrawer@@QAEJXZ 1000aa92 f   CashDrawerImpl.obj
 0001:00009acb       ?FireEventCleanup@COPOSCashDrawer@@IAEXXZ 1000aacb f i CashDrawerImpl.obj
 0001:00009ae1       ?FireEventSetup@COPOSCashDrawer@@IAE_NXZ 1000aae1 f i CashDrawerImpl.obj
 0001:00009b15       ?FreezeEvents@COPOSCashDrawer@@MAGJH@Z 1000ab15 f   CashDrawerImpl.obj
 0001:00009b66       ?GetOposProp@COPOSCashDrawer@@IAEJJPAFJ@Z 1000ab66 f   CashDrawerImpl.obj
 0001:00009b89       ?GetOposProp@COPOSCashDrawer@@IAEJJPAJJ@Z 1000ab89 f   CashDrawerImpl.obj
 0001:00009c58       ?GetOposProp@COPOSCashDrawer@@IAEJJPAPA_WJ@Z 1000ac58 f   CashDrawerImpl.obj
 0001:00009d34       ?OnDraw@COPOSCashDrawer@@MAEJAAUATL_DRAWINFO@@@Z 1000ad34 f   CashDrawerImpl.obj
 0001:00009dd4       ?Open@COPOSCashDrawer@@UAGJPA_WPAJ@Z 1000add4 f   CashDrawerImpl.obj
 0001:0000a614       ?OpenDrawer@COPOSCashDrawer@@UAGJPAJ@Z 1000b614 f   CashDrawerImpl.obj
 0001:0000a62f       ?ReleaseDevice@COPOSCashDrawer@@UAGJPAJ@Z 1000b62f f   CashDrawerImpl.obj
 0001:0000a666       ?ResetStatistics@COPOSCashDrawer@@UAGJPA_WPAJ@Z 1000b666 f   CashDrawerImpl.obj
 0001:0000a6bd       ?RetrieveStatistics@COPOSCashDrawer@@UAGJPAPA_WPAJ@Z 1000b6bd f   CashDrawerImpl.obj
 0001:0000a714       ?SOProcessID@COPOSCashDrawer@@UAGJPAJ@Z 1000b714 f   CashDrawerImpl.obj
 0001:0000a728       ?SetCOFreezeEvents@COPOSCashDrawer@@IAEXF@Z 1000b728 f   CashDrawerImpl.obj
 0001:0000a7c8       ?SetOposProp@COPOSCashDrawer@@IAEJJJJ@Z 1000b7c8 f   CashDrawerImpl.obj
 0001:0000a8bf       ?UpdateFirmware@COPOSCashDrawer@@UAGJPA_WPAJ@Z 1000b8bf f   CashDrawerImpl.obj
 0001:0000a916       ?UpdateStatistics@COPOSCashDrawer@@UAGJPA_WPAJ@Z 1000b916 f   CashDrawerImpl.obj
 0001:0000a96d       ?WaitForDrawerClose@COPOSCashDrawer@@UAGJJJJJPAJ@Z 1000b96d f   CashDrawerImpl.obj
 0001:0000aa0e       ?get_BinaryConversion@COPOSCashDrawer@@UAGJPAJ@Z 1000ba0e f   CashDrawerImpl.obj
 0001:0000aa24       ?get_CapCompareFirmwareVersion@COPOSCashDrawer@@UAGJPAF@Z 1000ba24 f   CashDrawerImpl.obj
 0001:0000aa3d       ?get_CapPowerReporting@COPOSCashDrawer@@UAGJPAJ@Z 1000ba3d f   CashDrawerImpl.obj
 0001:0000aa56       ?get_CapStatisticsReporting@COPOSCashDrawer@@UAGJPAF@Z 1000ba56 f   CashDrawerImpl.obj
 0001:0000aa6f       ?get_CapStatus@COPOSCashDrawer@@UAGJPAF@Z 1000ba6f f   CashDrawerImpl.obj
 0001:0000aa88       ?get_CapStatusMultiDrawerDetect@COPOSCashDrawer@@UAGJPAF@Z 1000ba88 f   CashDrawerImpl.obj
 0001:0000aaa1       ?get_CapUpdateFirmware@COPOSCashDrawer@@UAGJPAF@Z 1000baa1 f   CashDrawerImpl.obj
 0001:0000aaba       ?get_CapUpdateStatistics@COPOSCashDrawer@@UAGJPAF@Z 1000baba f   CashDrawerImpl.obj
 0001:0000aad3       ?get_CheckHealthText@COPOSCashDrawer@@UAGJPAPA_W@Z 1000bad3 f   CashDrawerImpl.obj
 0001:0000aaec       ?get_Claimed@COPOSCashDrawer@@UAGJPAF@Z 1000baec f   CashDrawerImpl.obj
 0001:0000ab02       ?get_ControlObjectDescription@COPOSCashDrawer@@UAGJPAPA_W@Z 1000bb02 f   CashDrawerImpl.obj
 0001:0000ab50       ?get_ControlObjectVersion@COPOSCashDrawer@@UAGJPAJ@Z 1000bb50 f   CashDrawerImpl.obj
 0001:0000ab63       ?get_DeviceDescription@COPOSCashDrawer@@UAGJPAPA_W@Z 1000bb63 f   CashDrawerImpl.obj
 0001:0000ab7c       ?get_DeviceEnabled@COPOSCashDrawer@@UAGJPAF@Z 1000bb7c f   CashDrawerImpl.obj
 0001:0000ab92       ?get_DeviceName@COPOSCashDrawer@@UAGJPAPA_W@Z 1000bb92 f   CashDrawerImpl.obj
 0001:0000abab       ?get_DrawerOpened@COPOSCashDrawer@@UAGJPAF@Z 1000bbab f   CashDrawerImpl.obj
 0001:0000abc4       ?get_FreezeEvents@COPOSCashDrawer@@UAGJPAF@Z 1000bbc4 f   CashDrawerImpl.obj
 0001:0000abda       ?get_OpenResult@COPOSCashDrawer@@UAGJPAJ@Z 1000bbda f   CashDrawerImpl.obj
 0001:0000abf1       ?get_PowerNotify@COPOSCashDrawer@@UAGJPAJ@Z 1000bbf1 f   CashDrawerImpl.obj
 0001:0000ac07       ?get_PowerState@COPOSCashDrawer@@UAGJPAJ@Z 1000bc07 f   CashDrawerImpl.obj
 0001:0000ac1d       ?get_ResultCode@COPOSCashDrawer@@UAGJPAJ@Z 1000bc1d f   CashDrawerImpl.obj
 0001:0000ac5b       ?get_ResultCodeExtended@COPOSCashDrawer@@UAGJPAJ@Z 1000bc5b f   CashDrawerImpl.obj
 0001:0000ac71       ?get_ServiceObjectDescription@COPOSCashDrawer@@UAGJPAPA_W@Z 1000bc71 f   CashDrawerImpl.obj
 0001:0000ac8a       ?get_ServiceObjectVersion@COPOSCashDrawer@@UAGJPAJ@Z 1000bc8a f   CashDrawerImpl.obj
 0001:0000aca0       ?get_State@COPOSCashDrawer@@UAGJPAJ@Z 1000bca0 f   CashDrawerImpl.obj
 0001:0000accc       ?put_BinaryConversion@COPOSCashDrawer@@UAGJJ@Z 1000bccc f   CashDrawerImpl.obj
 0001:0000ace2       ?put_DeviceEnabled@COPOSCashDrawer@@UAGJF@Z 1000bce2 f   CashDrawerImpl.obj
 0001:0000acff       ?put_FreezeEvents@COPOSCashDrawer@@UAGJF@Z 1000bcff f   CashDrawerImpl.obj
 0001:0000ad4b       ?put_PowerNotify@COPOSCashDrawer@@UAGJJ@Z 1000bd4b f   CashDrawerImpl.obj
 0001:0000ad61       ?s_EventWindowProc@COPOSCashDrawer@@KGJPAUHWND__@@IIJ@Z 1000bd61 f i CashDrawerImpl.obj
 0001:0000adb3       ??_U@YAPAXI@Z              1000bdb3 f   LIBCMT:new_array.obj
 0001:0000adbc       ??3@YAXPAXI@Z              1000bdbc f   LIBCMT:delete_scalar_size.obj
 0001:0000adca       ??_V@YAXPAX@Z              1000bdca f   LIBCMT:delete_array.obj
 0001:0000adcf       ??_V@YAXPAXI@Z             1000bdcf f   LIBCMT:delete_array_size.obj
 0001:0000ae21       ___scrt_acquire_startup_lock 1000be21 f   LIBCMT:utility.obj
 0001:0000ae53       ___scrt_dllmain_after_initialize_c 1000be53 f   LIBCMT:utility.obj
 0001:0000ae7e       ___scrt_dllmain_before_initialize_c 1000be7e f   LIBCMT:utility.obj
 0001:0000ae8c       ___scrt_dllmain_crt_thread_attach 1000be8c f   LIBCMT:utility.obj
 0001:0000aeab       ___scrt_dllmain_crt_thread_detach 1000beab f   LIBCMT:utility.obj
 0001:0000aeb8       ___scrt_dllmain_exception_filter 1000beb8 f   LIBCMT:utility.obj
 0001:0000aeec       ___scrt_dllmain_uninitialize_c 1000beec f   LIBCMT:utility.obj
 0001:0000af0f       ___scrt_dllmain_uninitialize_critical 1000bf0f f   LIBCMT:utility.obj
 0001:0000af1c       ___scrt_initialize_crt     1000bf1c f   LIBCMT:utility.obj
 0001:0000af55       ___scrt_initialize_onexit_tables 1000bf55 f   LIBCMT:utility.obj
 0001:0000afdc       ___scrt_is_nonwritable_in_current_image 1000bfdc f   LIBCMT:utility.obj
 0001:0000b070       ___scrt_release_startup_lock 1000c070 f   LIBCMT:utility.obj
 0001:0000b08d       ___scrt_uninitialize_crt   1000c08d f   LIBCMT:utility.obj
 0001:0000b0b5       __onexit                   1000c0b5 f   LIBCMT:utility.obj
 0001:0000b0e2       _atexit                    1000c0e2 f   LIBCMT:utility.obj
 0001:0000b0f7       ??3@YAXPAX@Z               1000c0f7 f   LIBCMT:delete_scalar.obj
 0001:0000b1c1       __Init_thread_footer       1000c1c1 f   LIBCMT:thread_safe_statics.obj
 0001:0000b20b       __Init_thread_header       1000c20b f   LIBCMT:thread_safe_statics.obj
 0001:0000b25d       __Init_thread_notify       1000c25d f   LIBCMT:thread_safe_statics.obj
 0001:0000b293       __Init_thread_wait         1000c293 f   LIBCMT:thread_safe_statics.obj
 0001:0000b2e1       ___raise_securityfailure   1000c2e1 f   LIBCMT:gs_report.obj
 0001:0000b309       ___report_gsfailure        1000c309 f   LIBCMT:gs_report.obj
 0001:0000b402       ___report_rangecheckfailure 1000c402 f   LIBCMT:gs_report.obj
 0001:0000b40e       ___report_securityfailure  1000c40e f   LIBCMT:gs_report.obj
 0001:0000b4dc       ??2@YAPAXIABUnothrow_t@std@@@Z 1000c4dc f   LIBCMT:new_scalar_nothrow.obj
 0001:0000b52c       ??_U@YAPAXIABUnothrow_t@std@@@Z 1000c52c f   LIBCMT:new_array_nothrow.obj
 0001:0000b535       @__security_check_cookie@4 1000c535 f   LIBCMT:secchk.obj
 0001:0000b550       __SEH_prolog4_GS           1000c550 f   LIBCMT:sehprolg4gs.obj
 0001:0000b599       __SEH_epilog4_GS           1000c599 f   LIBCMT:sehprolg4gs.obj
 0001:0000b5b0       __alloca_probe_16          1000c5b0 f   LIBCMT:alloca16.obj
 0001:0000b5c6       __alloca_probe_8           1000c5c6     LIBCMT:alloca16.obj
 0001:0000b5e0       __chkstk                   1000c5e0 f   LIBCMT:chkstk.obj
 0001:0000b5e0       __alloca_probe             1000c5e0 f   LIBCMT:chkstk.obj
 0001:0000b94d       __DllMainCRTStartup@12     1000c94d f   LIBCMT:dll_dllmain.obj
 0001:0000b970       ??2@YAPAXI@Z               1000c970 f   LIBCMT:new_scalar.obj
 0001:0000b9a0       ___isa_available_init      1000c9a0 f   LIBCMT:cpu_disp.obj
 0001:0000bb70       ___scrt_is_ucrt_dll_in_use 1000cb70 f   LIBCMT:ucrt_detection.obj
 0001:0000bb7c       ___scrt_fastfail           1000cb7c f   LIBCMT:utility_desktop.obj
 0001:0000bc96       __crt_debugger_hook        1000cc96 f   LIBCMT:utility_desktop.obj
 0001:0000bca0       __SEH_prolog4              1000cca0 f   LIBCMT:sehprolg4.obj
 0001:0000bce6       __SEH_epilog4              1000cce6 f   LIBCMT:sehprolg4.obj
 0001:0000bcfb       @_guard_check_icall_nop@4  1000ccfb f i LIBCMT:guard_support.obj
 0001:0000bd49       ___security_init_cookie    1000cd49 f   LIBCMT:gs_support.obj
 0001:0000bd94       ?__scrt_initialize_type_info@@YAXXZ 1000cd94 f   LIBCMT:tncleanup.obj
 0001:0000bda0       ?__scrt_uninitialize_type_info@@YAXXZ 1000cda0 f   LIBCMT:tncleanup.obj
 0001:0000bdac       ___local_stdio_scanf_options 1000cdac f i LIBCMT:default_local_stdio_options.obj
 0001:0000bdb2       ___scrt_initialize_default_local_stdio_options 1000cdb2 f   LIBCMT:default_local_stdio_options.obj
 0001:0000bdcf       ___scrt_get_dyn_tls_init_callback 1000cdcf f   LIBCMT:dyn_tls_init.obj
 0001:0000bdd5       __RTC_Initialize           1000cdd5 f   LIBCMT:initsect.obj
 0001:0000be01       __RTC_Terminate            1000ce01 f   LIBCMT:initsect.obj
 0001:0000be2d       ??0bad_alloc@std@@QAE@ABV01@@Z 1000ce2d f i LIBCMT:throw_bad_alloc.obj
 0001:0000be48       ??0bad_alloc@std@@QAE@XZ   1000ce48 f i LIBCMT:throw_bad_alloc.obj
 0001:0000be60       ??0bad_array_new_length@std@@QAE@ABV01@@Z 1000ce60 f i LIBCMT:throw_bad_alloc.obj
 0001:0000be7b       ??0bad_array_new_length@std@@QAE@XZ 1000ce7b f i LIBCMT:throw_bad_alloc.obj
 0001:0000be93       ??0exception@std@@QAE@ABV01@@Z 1000ce93 f i LIBCMT:throw_bad_alloc.obj
 0001:0000bebf       ??1bad_array_new_length@std@@UAE@XZ 1000cebf f i LIBCMT:throw_bad_alloc.obj
 0001:0000bebf       ??1bad_alloc@std@@UAE@XZ   1000cebf f i LIBCMT:throw_bad_alloc.obj
 0001:0000bebf       ??1bad_exception@std@@UAE@XZ 1000cebf f i libvcruntime:frame.obj
 0001:0000bed0       ??_Ebad_exception@std@@UAEPAXI@Z 1000ced0 f i libvcruntime:frame.obj
 0001:0000bed0       ??_Gbad_alloc@std@@UAEPAXI@Z 1000ced0 f i LIBCMT:throw_bad_alloc.obj
 0001:0000bed0       ??_Gbad_array_new_length@std@@UAEPAXI@Z 1000ced0 f i LIBCMT:throw_bad_alloc.obj
 0001:0000bed0       ??_Ebad_array_new_length@std@@UAEPAXI@Z 1000ced0 f i LIBCMT:throw_bad_alloc.obj
 0001:0000bed0       ??_Eexception@std@@UAEPAXI@Z 1000ced0 f i LIBCMT:throw_bad_alloc.obj
[...]
 0002:00003508       ?_mb_locale_names@@3QBQB_WB 10022508     libucrt:mbctype.obj
 0002:00003d50       ?LcidToLocaleNameTable@?A0x881e4c05@@3QBULcidToLocaleName@1@B 10022d50     libucrt:lcidtoname_downlevel.obj
 0002:00004e78       ?LocaleNameToIndexTable@?A0x881e4c05@@3QBULocaleNameIndex@1@B 10023e78     libucrt:lcidtoname_downlevel.obj
 0002:000067b0       LOG_name                   100257b0     libucrt:log10_impl.obj
 0002:000067c0       _One                       100257c0     libucrt:ceil_pentium4.obj
 0002:000067d0       _Bns                       100257d0     libucrt:ceil_pentium4.obj
 0002:000067e0       _Zero                      100257e0     libucrt:ceil_pentium4.obj
 0002:000067f0       _S                         100257f0     libucrt:ceil_pentium4.obj
 0002:00006800       _NegZero                   10025800     libucrt:ceil_pentium4.obj
 0002:00006810       emask                      10025810     libucrt:log10_pentium4.obj
 0002:00006820       CC                         10025820     libucrt:log10_pentium4.obj
 0002:00006830       Magic                      10025830     libucrt:log10_pentium4.obj
 0002:00006840       hi_mask                    10025840     libucrt:log10_pentium4.obj
 0002:00006850       LOG10_2                    10025850     libucrt:log10_pentium4.obj
 0002:00006860       place_L                    10025860     libucrt:log10_pentium4.obj
 0002:00006880       One                        10025880     libucrt:log10_pentium4.obj
 0002:00006890       Zero                       10025890     libucrt:log10_pentium4.obj
 0002:000068a0       Two52                      100258a0     libucrt:log10_pentium4.obj
 0002:000068b0       Infs                       100258b0     libucrt:log10_pentium4.obj
 0002:000068c0       NaN                        100258c0     libucrt:log10_pentium4.obj
 0002:000068d0       coeff                      100258d0     libucrt:log10_pentium4.obj
 0002:0000692e       _log2max                   1002592e     libucrt:87tran.obj
 0002:00006938       _smallarg                  10025938     libucrt:87tran.obj
 0002:00006942       _half                      10025942     libucrt:87tran.obj
 0002:0000698e       One                        1002598e     libucrt:87disp.obj
 0002:00006996       Three                      10025996     libucrt:87disp.obj
 0002:0000699e       XAMtoTagTab                1002599e     libucrt:87disp.obj
 0002:000069b0       One                        100259b0     libucrt:common.obj
 0002:000069c4       DblMax                     100259c4     libucrt:common.obj
 0002:000069cc       DblMin                     100259cc     libucrt:common.obj
 0002:000069d4       IeeeAdjO                   100259d4     libucrt:common.obj
 0002:000069dc       IeeeAdjU                   100259dc     libucrt:common.obj
 0002:000069e4       _infinity                  100259e4     libucrt:common.obj
 0002:000069ec       _zero                      100259ec     libucrt:common.obj
 0002:00006a38       _over                      10025a38     libucrt:fpctrl.obj
 0002:00006a44       _under                     10025a44     libucrt:fpctrl.obj
 0002:00007278       ?_names@?1??_get_fname@@9@9 10026278     libucrt:fpexcept.obj
 0002:00007420       two32                      10026420     LIBCMT:ftol2.obj
 0002:00007424       two63                      10026424     LIBCMT:ftol2.obj
 0002:00007428       _NaN                       10026428     LIBCMT:ftol2.obj
 0002:00007ae0       __sehtable$?_AtlVerifyStackAvailable@_ATL_SAFE_ALLOCA_IMPL@ATL@@YA_NK@Z 10026ae0     CashDrawer.obj
 0002:00007b00       __sehtable$___scrt_is_nonwritable_in_current_image 10026b00     LIBCMT:utility.obj
 0002:00007b1c       __catchsym$??2@YAPAXIABUnothrow_t@std@@@Z$2 10026b1c     LIBCMT:new_scalar_nothrow.obj
 0002:00007b2c       __unwindtable$??2@YAPAXIABUnothrow_t@std@@@Z 10026b2c     LIBCMT:new_scalar_nothrow.obj
 0002:00007b3c       __tryblocktable$??2@YAPAXIABUnothrow_t@std@@@Z 10026b3c     LIBCMT:new_scalar_nothrow.obj
 0002:00007b50       __ehfuncinfo$??2@YAPAXIABUnothrow_t@std@@@Z 10026b50     LIBCMT:new_scalar_nothrow.obj
 0002:00007b78       __sehtable$?dllmain_crt_process_attach@@YAHQAUHINSTANCE__@@QAX@Z 10026b78     LIBCMT:dll_dllmain.obj
 0002:00007b98       __sehtable$?dllmain_crt_process_detach@@YAH_N@Z 10026b98     LIBCMT:dll_dllmain.obj
 0002:00007bc0       __sehtable$?dllmain_dispatch@@YAHQAUHINSTANCE__@@KQAX@Z 10026bc0     LIBCMT:dll_dllmain.obj
 0002:00007c70       __sehtable$___DestructExceptionObject 10026c70     libvcruntime:ehhelpers.obj
 0002:00007c90       __sehtable$?FrameUnwindToState@__FrameHandler3@@SAXPAUEHRegistrationNode@@PAXPBU_s_FuncInfo@@H@Z 10026c90     libvcruntime:frame.obj
 0002:00007cb8       __sehtable$?CallCatchBlock@@YAPAXPAUEHExceptionRecord@@PAUEHRegistrationNode@@PAU_CONTEXT@@PBU_s_FuncInfo@@PAXHK@Z 10026cb8     libvcruntime:frame.obj
 0002:00007ce0       __catchsym$?CallUnexpected@@YAXPBU_s_ESTypeList@@@Z$2 10026ce0     libvcruntime:frame.obj
 0002:00007cf0       __unwindtable$?CallUnexpected@@YAXPBU_s_ESTypeList@@@Z 10026cf0     libvcruntime:frame.obj
 0002:00007d00       __tryblocktable$?CallUnexpected@@YAXPBU_s_ESTypeList@@@Z 10026d00     libvcruntime:frame.obj
 0002:00007d14       __ehfuncinfo$?CallUnexpected@@YAXPBU_s_ESTypeList@@@Z 10026d14     libvcruntime:frame.obj
 0002:00007d38       __sehtable$??$BuildCatchObjectHelperInternal@V__FrameHandler3@@@@YAHPAUEHExceptionRecord@@PAXPBU_s_HandlerType@@PBU_s_CatchableType@@@Z 10026d38     libvcruntime:frame.obj
 0002:00007d58       __sehtable$??$BuildCatchObjectInternal@V__FrameHandler3@@@@YAXPAUEHExceptionRecord@@PAXPBU_s_HandlerType@@PBU_s_CatchableType@@@Z 10026d58     libvcruntime:frame.obj
 0002:00007db0       __sehtable$??R<lambda_6e4b09c48022b2350581041d5f6b0c4c>@@QBE@XZ 10026db0     libucrt:exit.obj
 0002:00007dd0       __sehtable$??$?RV<lambda_03b1d95aef87969028cfba75ccab2455>@@AAV<lambda_6e4b09c48022b2350581041d5f6b0c4c>@@V<lambda_22bdf7517842c4b3e53723af5aa32b9e>@@@?$__crt_seh_guarded_call@X@@QAEX$$QAV<lambda_03b1d95aef87969028cfba75ccab2455>@@AAV<lambda_6e4b09c48022b2350581041d5f6b0c4c>@@$$QAV<lambda_22bdf7517842c4b3e53723af5aa32b9e>@@@Z 10026dd0     libucrt:exit.obj
 0002:00007df0       __sehtable$??$?RV<lambda_8e746cf0007f6ed984d6f78af1fec997>@@AAV<lambda_22ebabd17bc4fa466a2aca6d8deb888d>@@V<lambda_18ed0c0b38a6dc0daf1e7ac6d6adf05e>@@@?$__crt_seh_guarded_call@H@@QAEH$$QAV<lambda_8e746cf0007f6ed984d6f78af1fec997>@@AAV<lambda_22ebabd17bc4fa466a2aca6d8deb888d>@@$$QAV<lambda_18ed0c0b38a6dc0daf1e7ac6d6adf05e>@@@Z 10026df0     libucrt:onexit.obj
 0002:00007e10       __sehtable$??$?RV<lambda_69a2805e680e0e292e8ba93315fe43a8>@@AAV<lambda_f03950bc5685219e0bcd2087efbe011e>@@V<lambda_03fcd07e894ec930e3f35da366ca99d6>@@@?$__crt_seh_guarded_call@H@@QAEH$$QAV<lambda_69a2805e680e0e292e8ba93315fe43a8>@@AAV<lambda_f03950bc5685219e0bcd2087efbe011e>@@$$QAV<lambda_03fcd07e894ec930e3f35da366ca99d6>@@@Z 10026e10     libucrt:onexit.obj
 0002:00007e30       __sehtable$__query_new_handler 10026e30     libucrt:new_handler.obj
 0002:00007e50       __sehtable$_terminate      10026e50     libucrt:terminate.obj
 0002:00007e70       __sehtable$??$?RV<lambda_15ade71b0218206bbe3333a0c9b79046>@@AAV<lambda_da44e0f8b0f19ba52fefafb335991732>@@V<lambda_207f2d024fc103971653565357d6cd41>@@@?$__crt_seh_guarded_call@X@@QAEX$$QAV<lambda_15ade71b0218206bbe3333a0c9b79046>@@AAV<lambda_da44e0f8b0f19ba52fefafb335991732>@@$$QAV<lambda_207f2d024fc103971653565357d6cd41>@@@Z 10026e70     libucrt:per_thread_data.obj
 0002:00007e90       __sehtable$??$?RV<lambda_a7e850c220f1c8d1e6efeecdedd162c6>@@AAV<lambda_46720907175c18b6c9d2717bc0d2d362>@@V<lambda_9048902d66e8d99359bc9897bbb930a8>@@@?$__crt_seh_guarded_call@X@@QAEX$$QAV<lambda_a7e850c220f1c8d1e6efeecdedd162c6>@@AAV<lambda_46720907175c18b6c9d2717bc0d2d362>@@$$QAV<lambda_9048902d66e8d99359bc9897bbb930a8>@@@Z 10026e90     libucrt:per_thread_data.obj
 0002:00007eb0       __sehtable$??$?RV<lambda_38edbb1296d33220d7e4dd0ed76b244a>@@AAV<lambda_5ce1d447e08cb34b2473517608e21441>@@V<lambda_fb385d3da700c9147fc39e65dd577a8c>@@@?$__crt_seh_guarded_call@X@@QAEX$$QAV<lambda_38edbb1296d33220d7e4dd0ed76b244a>@@AAV<lambda_5ce1d447e08cb34b2473517608e21441>@@$$QAV<lambda_fb385d3da700c9147fc39e65dd577a8c>@@@Z 10026eb0     libucrt:per_thread_data.obj
 0002:00007ed0       __sehtable$??$?RV<lambda_6affb1475c98b40b75cdec977db92e3c>@@AAV<lambda_b8d4b9c228a6ecc3f80208dbb4b4a104>@@V<lambda_608742c3c92a14382c1684fc64f96c88>@@@?$__crt_seh_guarded_call@X@@QAEX$$QAV<lambda_6affb1475c98b40b75cdec977db92e3c>@@AAV<lambda_b8d4b9c228a6ecc3f80208dbb4b4a104>@@$$QAV<lambda_608742c3c92a14382c1684fc64f96c88>@@@Z 10026ed0     libucrt:per_thread_data.obj
 0002:00007ef0       __sehtable$??$?RV<lambda_e5124f882df8998aaf41531e079ba474>@@AAV<lambda_3e16ef9562a7dcce91392c22ab16ea36>@@V<lambda_e25ca0880e6ef98be67edffd8c599615>@@@?$__crt_seh_guarded_call@X@@QAEX$$QAV<lambda_e5124f882df8998aaf41531e079ba474>@@AAV<lambda_3e16ef9562a7dcce91392c22ab16ea36>@@$$QAV<lambda_e25ca0880e6ef98be67edffd8c599615>@@@Z 10026ef0     libucrt:wsetlocale.obj
 0002:00007f10       __sehtable$___acrt_initialize_lowio 10026f10     libucrt:ioinit.obj
 0002:00007f30       __sehtable$?update_thread_multibyte_data_internal@@YAPAU__crt_multibyte_data@@QAU__acrt_ptd@@QAPAU1@@Z 10026f30     libucrt:mbctype.obj
 0002:00007f50       __sehtable$??$?RV<lambda_ceb1ee4838e85a9d631eb091e2fbe199>@@AAV<lambda_ae742caa10f662c28703da3d2ea5e57e>@@V<lambda_cd08b5d6af4937fe54fc07d0c9bf6b37>@@@?$__crt_seh_guarded_call@X@@QAEX$$QAV<lambda_ceb1ee4838e85a9d631eb091e2fbe199>@@AAV<lambda_ae742caa10f662c28703da3d2ea5e57e>@@$$QAV<lambda_cd08b5d6af4937fe54fc07d0c9bf6b37>@@@Z 10026f50     libucrt:mbctype.obj
 0002:00007f70       __sehtable$_raise          10026f70     libucrt:signal.obj
 0002:00007f90       __sehtable$??$?RV<lambda_cbab9ec6f41b0180b23cc171c22676b0>@@AAV<lambda_44731a7d0e6d81c3e6aa82d741081786>@@V<lambda_4b292cb8dd18144e164572427af410ab>@@@?$__crt_seh_guarded_call@P6AXH@Z@@QAEP6AXH@Z$$QAV<lambda_cbab9ec6f41b0180b23cc171c22676b0>@@AAV<lambda_44731a7d0e6d81c3e6aa82d741081786>@@$$QAV<lambda_4b292cb8dd18144e164572427af410ab>@@@Z 10026f90     libucrt:signal.obj
 0002:00007fb0       __sehtable$??$?RV<lambda_2866be3712abc81a800a822484c830d8>@@AAV<lambda_39ca0ed439415581b5b15c265174cece>@@V<lambda_2b24c74d71094a6cd0cb82e44167d71b>@@@?$__crt_seh_guarded_call@X@@QAEX$$QAV<lambda_2866be3712abc81a800a822484c830d8>@@AAV<lambda_39ca0ed439415581b5b15c265174cece>@@$$QAV<lambda_2b24c74d71094a6cd0cb82e44167d71b>@@@Z 10026fb0     libucrt:fflush.obj
 0002:00007fd0       __sehtable$??$?RV<lambda_2cc53f568c5a2bb6f192f930a45d44ea>@@AAV<lambda_ab61a845afdef5b7c387490eaf3616ee>@@V<lambda_c2ffc0b7726aa6be21d5f0026187e748>@@@?$__crt_seh_guarded_call@X@@QAEX$$QAV<lambda_2cc53f568c5a2bb6f192f930a45d44ea>@@AAV<lambda_ab61a845afdef5b7c387490eaf3616ee>@@$$QAV<lambda_c2ffc0b7726aa6be21d5f0026187e748>@@@Z 10026fd0     libucrt:fflush.obj
 0002:00007ff0       __sehtable$___acrt_update_thread_locale_data 10026ff0     libucrt:locale_refcounting.obj
 0002:00008010       __sehtable$__fcloseall     10027010     libucrt:closeall.obj
 0002:00008030       __sehtable$___acrt_lowio_ensure_fh_exists 10027030     libucrt:osfinfo.obj
 0002:00008050       __sehtable$??$?RV<lambda_9e9de3de5fa147e2223d7db92bc10aa6>@@AAV<lambda_38ce7e780aa69e748d6df282ebc68efe>@@V<lambda_8ca6da459f0f6780f1cff60fdc3d00e5>@@@?$__crt_seh_guarded_call@H@@QAEH$$QAV<lambda_9e9de3de5fa147e2223d7db92bc10aa6>@@AAV<lambda_38ce7e780aa69e748d6df282ebc68efe>@@$$QAV<lambda_8ca6da459f0f6780f1cff60fdc3d00e5>@@@Z 10027050     libucrt:commit.obj
 0002:00008070       __sehtable$__write         10027070     libucrt:write.obj
 0002:00008090       __sehtable$_fclose         10027090     libucrt:fclose.obj
 0002:000080b0       __sehtable$??$?RV<lambda_218ce3db14220d0be481dae8ef3383b6>@@AAV<lambda_628dfdc04ba53c8bfc02c9951375f3f5>@@V<lambda_57dc472bd5c9d5f3b2cbca59b8a843ae>@@@?$__crt_seh_guarded_call@H@@QAEH$$QAV<lambda_218ce3db14220d0be481dae8ef3383b6>@@AAV<lambda_628dfdc04ba53c8bfc02c9951375f3f5>@@$$QAV<lambda_57dc472bd5c9d5f3b2cbca59b8a843ae>@@@Z 100270b0     libucrt:close.obj
 0002:000080d0       __sehtable$___set_fpsr_sse2 100270d0     libucrt:fpctrl.obj
 0002:000080f0       __sehtable$__IsNonwritableInCurrentImage 100270f0     LIBCMT:pesect.obj
 0002:00008120       .edata                     10027120     OPOSCashDrawer.exp
 0002:00008148       rgpv                       10027148     OPOSCashDrawer.exp
 0002:00008158       rgszName                   10027158     OPOSCashDrawer.exp
 0002:00008168       rgwOrd                     10027168     OPOSCashDrawer.exp
 0002:00008170       szName                     10027170     OPOSCashDrawer.exp
 0002:00008183       $N00001                    10027183     OPOSCashDrawer.exp
 0002:00008193       $N00002                    10027193     OPOSCashDrawer.exp
 0002:000081a5       $N00003                    100271a5     OPOSCashDrawer.exp
 0002:000081b7       $N00004                    100271b7     OPOSCashDrawer.exp
 0002:000087c6       .idata$6                   100277c6     kernel32:KERNEL32.dll
 0002:000089da       .idata$6                   100279da     user32:USER32.dll
 0002:00008b0e       .idata$6                   10027b0e     gdi32:GDI32.dll
 0002:00008bb4       .idata$6                   10027bb4     advapi32:ADVAPI32.dll
 0002:00008cd0       .idata$6                   10027cd0     ole32:ole32.dll
 0002:00008cda       .idata$6                   10027cda     oleaut32:OLEAUT32.dll
 0003:00000110       ?ObjectMap@@3PAU_ATL_OBJMAP_ENTRY30@ATL@@A 10029110     CashDrawer.obj
 0003:000001d0       ?s_SOMethodNames@@3PAPADA  100291d0     CashDrawerImpl.obj
 0003:0000021c       ?s_RequiredMethodsPerRelease@@3PAHA 1002921c     CashDrawerImpl.obj
 0003:00000260       ?__vcrt_flsindex@@3KA      10029260     libvcruntime:per_thread_data.obj
 0003:00000280       ?errno_no_memory@@3HA      10029280     libucrt:errno.obj
 0003:00000284       ?doserrno_no_memory@@3KA   10029284     libucrt:errno.obj
 0003:00000290       ?__acrt_flsindex@@3KA      10029290     libucrt:per_thread_data.obj
 0003:00000628       __mbctypes                 10029628     libucrt:mbctype.obj
 0003:00000730       __mbcasemaps               10029730     libucrt:mbctype.obj
 0003:00000830       ?__rgctypeflag@@3PADA      10029830     libucrt:mbctype.obj
 0003:00000838       ?__rgcode_page_info@@3PAUcode_page_info@@A 10029838     libucrt:mbctype.obj
 0003:00000a90       ?__dcrt_lowio_console_output_handle@@3PAXA 10029a90     libucrt:initcon.obj
 0003:00000a94       ?__DAZ_ENABLED@?1??__set_fpsr_sse2@@9@9 10029a94     libucrt:fpctrl.obj
 0003:00000c28       ?is_initialized_as_dll@@3_NA 10029c28     LIBCMT:utility.obj
 0003:00000c29       ?module_local_atexit_table_initialized@@3_NA 10029c29     LIBCMT:utility.obj
 0003:00000c2c       ?module_local_atexit_table@@3U_onexit_table_t@@A 10029c2c     LIBCMT:utility.obj
 0003:00000c38       ?module_local_at_quick_exit_table@@3U_onexit_table_t@@A 10029c38     LIBCMT:utility.obj
 0003:00000c44       ?g_tss_cv@@3U_RTL_CONDITION_VARIABLE@@A 10029c44     LIBCMT:thread_safe_statics.obj
 0003:00000c48       ?g_tss_event@@3PAXA        10029c48     LIBCMT:thread_safe_statics.obj
 0003:00000c4c       ?g_tss_mutex@@3U_RTL_CRITICAL_SECTION@@A 10029c4c     LIBCMT:thread_safe_statics.obj
 0003:00000c64       ?g_sleep_condition_variable_cs@@3P6GHPAU_RTL_CONDITION_VARIABLE@@PAU_RTL_CRITICAL_SECTION@@K@ZA 10029c64     LIBCMT:thread_safe_statics.obj
 0003:00000c68       ?g_wake_all_condition_variable@@3P6GXPAU_RTL_CONDITION_VARIABLE@@@ZA 10029c68     LIBCMT:thread_safe_statics.obj
 0003:00000c70       _GS_ExceptionRecord        10029c70     LIBCMT:gs_report.obj
 0003:00000cc0       _GS_ContextRecord          10029cc0     LIBCMT:gs_report.obj
 0003:00000f90       ?__proc_attached@@3HA      10029f90     LIBCMT:dll_dllmain.obj
 0003:00000fec       ?AllocateData@@3P6GPAUAtlThunkData_t@@XZA 10029fec     atls:atlthunk.obj
 0003:00000ff0       ?InitData@@3P6GXPAUAtlThunkData_t@@PAXI@ZA 10029ff0     atls:atlthunk.obj
 0003:00000ff4       ?DataToCode@@3P6GP6GJPAUHWND__@@IIJ@ZPAUAtlThunkData_t@@@ZA 10029ff4     atls:atlthunk.obj
 0003:00000ff8       ?FreeData@@3P6GXPAUAtlThunkData_t@@@ZA 10029ff8     atls:atlthunk.obj
 0003:00000ffc       ?Initialized@@3_NA         10029ffc     atls:atlthunk.obj
 0003:0000100c       ?__vcrt_startup_thread_ptd@@3U__vcrt_ptd@@A 1002a00c     libvcruntime:per_thread_data.obj
 0003:00001034       ___vcrt_lock_table         1002a034     libvcruntime:locks.obj
 0003:0000104c       ___vcrt_locks_initialized  1002a04c     libvcruntime:locks.obj
 0003:00001078       ?heap@@3V_HeapManager@@A   1002a078     libvcruntime:undname.obj
 0003:0000108c       ?module_handles@@3PAPAUHINSTANCE__@@A 1002a08c     libvcruntime:winapi_downlevel.obj
 0003:00001098       ?function_pointers@@3PAPAXA 1002a098     libvcruntime:winapi_downlevel.obj
 0003:000010ac       ?__acrt_invalid_parameter_handler@@3V?$dual_state_global@P6AXPB_W00II@Z@__crt_state_management@@A 1002a0ac     libucrt:invalid_parameter.obj
 0003:000010b0       ?c_termination_complete@@3JA 1002a0b0     libucrt:exit.obj
 0003:000010b4       ?thread_local_exit_callback_func@@3P6GXPAXK0@ZA 1002a0b4     libucrt:exit.obj
 0003:000010c0       ?program_name@?1???$common_configure_argv@D@@YAHW4_crt_argv_mode@@@Z@4PADA 1002a0c0     libucrt:argv_parsing.obj
 0003:000011f0       ?__acrt_new_handler@@3V?$dual_state_global@P6AHI@Z@__crt_state_management@@A 1002a1f0     libucrt:new_handler.obj
 0003:000011f8       ?module_handles@@3PAPAUHINSTANCE__@@A 1002a1f8     libucrt:winapi_thunks.obj
 0003:00001248       ?encoded_function_pointers@@3PAPAXA 1002a248     libucrt:winapi_thunks.obj
 0003:000012d0       ?internal_state@?1??_mbtowc_l@@9@4U_Mbstatet@@A 1002a2d0     libucrt:mbtowc.obj
 0003:000012e0       ?enable_percent_n@@3IA     1002a2e0     libucrt:printf_count_output.obj
 0003:00001500       ?__acrt_lock_table@@3PAU_RTL_CRITICAL_SECTION@@A 1002a500     libucrt:locks.obj
 0003:00001650       ?__acrt_locks_initialized@@3IA 1002a650     libucrt:locks.obj
 0003:00001660       ?fSystemSet@@3HA           1002a660     libucrt:mbctype.obj
 0003:00001664       ?initialized@?1??__acrt_initialize_multibyte@@9@4_NA 1002a664     libucrt:mbctype.obj
 0003:00001684       ?ctrlc_action@@3V?$dual_state_global@P6AXH@Z@__crt_state_management@@A 1002a684     libucrt:signal.obj
 0003:00001688       ?ctrlbreak_action@@3V?$dual_state_global@P6AXH@Z@__crt_state_management@@A 1002a688     libucrt:signal.obj
 0003:0000168c       ?abort_action@@3V?$dual_state_global@P6AXH@Z@__crt_state_management@@A 1002a68c     libucrt:signal.obj
 0003:00001690       ?term_action@@3V?$dual_state_global@P6AXH@Z@__crt_state_management@@A 1002a690     libucrt:signal.obj
 0003:00001694       ?user_matherr@@3V?$dual_state_global@P6AHPAU_exception@@@Z@__crt_state_management@@A 1002a694     libucrt:matherr.obj
 0003:00001698       ?__acrt_global_new_mode@@3V?$dual_state_global@J@__crt_state_management@@A 1002a698     libucrt:new_mode.obj
 0003:000016a4       ?internal_pst@?1??__mbrtoc32_utf8@__crt_mbstring@@YAIPA_UPBDIPAU_Mbstatet@@@Z@4U3@A 1002a6a4     libucrt:mbrtoc32.obj
 0003:000016ac       ?__acrt_app_type@@3W4_crt_app_type@@A 1002a6ac     libucrt:report_runtime_error.obj
 0003:000016b4       __pmatherr_set             1002a6b4     libucrt:libm_error.obj
 0004:00000220       $R000000                   1002b220     CashDrawer.res
 0004:00000bb8       $R000998                   1002bbb8     CashDrawer.res
 0004:00000ca0       $R000A80                   1002bca0     CashDrawer.res
 0004:00000f08       $R000CE8                   1002bf08     CashDrawer.res
 0004:00001470       $R001250                   1002c470     CashDrawer.res
 0004:00003938       $R003718                   1002e938     CashDrawer.res
 0004:00003970       $R003750                   1002e970     CashDrawer.res
