 OPOSCashDrawer

 Timestamp is 600f779d (Tue Jan 26 10:59:57 2021)

 Preferred load address is 10000000

 Start         Length     Name                   Class
 0001:00000000 00000080H .text$di                CODE
 0001:00000080 0001ddb3H .text$mn                CODE
 0001:0001de33 0000003aH .text$x                 CODE
 0001:0001de6d 00000042H .text$yd                CODE
 0002:00000000 000002fcH .idata$5                DATA
 0002:000002fc 00000004H .00cfg                  DATA
 0002:00000300 00000004H .CRT$XCA                DATA
 0002:00000304 00000004H .CRT$XCL                DATA
 0002:00000308 00000010H .CRT$XCU                DATA
 0002:00000318 00000004H .CRT$XCZ                DATA
 0002:0000031c 00000004H .CRT$XIA                DATA
 0002:00000320 00000010H .CRT$XIC                DATA
 0002:00000330 00000004H .CRT$XIZ                DATA
 0002:00000334 00000004H .CRT$XLA                DATA
 0002:00000338 00000004H .CRT$XLZ                DATA
 0002:0000033c 00000004H .CRT$XPA                DATA
 0002:00000340 00000008H .CRT$XPX                DATA
 0002:00000348 00000004H .CRT$XPXA               DATA
 0002:0000034c 00000004H .CRT$XPZ                DATA
 0002:00000350 00000004H .CRT$XTA                DATA
 0002:00000354 0000000cH .CRT$XTZ                DATA
 0002:00000358 00000000H .gfids$y                DATA
 0002:00000360 000071e0H .rdata                  DATA
 0002:00007540 00000000H .rdata$CastGuardVftablesA DATA
 0002:00007540 00000000H .rdata$CastGuardVftablesC DATA
 0002:00007540 00000018H .rdata$T                DATA
 0002:00007558 00000178H .rdata$r                DATA
 0002:000076d0 0000001cH .rdata$sxdata           DATA
 0002:000076ec 000003e0H .rdata$zzzdbg           DATA
 0002:00007acc 00000004H .rtc$IAA                DATA
 0002:00007ad0 00000004H .rtc$IZZ                DATA
 0002:00007ad4 00000004H .rtc$TAA                DATA
 0002:00007ad8 00000004H .rtc$TZZ                DATA
 0002:00007adc 00000004H .tls                    DATA
 0002:00007ae0 00000004H .tls$                   DATA
 0002:00007ae4 00000004H .tls$ZZZ                DATA
 0002:00007ae8 0000062cH .xdata$x                DATA
 0002:00008114 00000004H ATL$__a                 DATA
 0002:00008118 00000008H ATL$__z                 DATA
 0002:00008120 000000acH .edata                  DATA
 0002:000081cc 00000078H .idata$2                DATA
 0002:00008244 00000014H .idata$3                DATA
 0002:00008258 000002fcH .idata$4                DATA
 0002:00008554 00000bceH .idata$6                DATA
 0003:00000000 00000ab0H .data                   DATA
 0003:00000ab0 00000098H .data$r                 DATA
 0003:00000b48 00000b88H .bss                    DATA
 0004:00000000 00000220H .rsrc$01                DATA
 0004:00000220 000038d0H .rsrc$02                DATA

  Address         Publics by Value              Rva+Base       Lib:Object

 0000:00000000       ___arm64x_native_entrypoint 00000000     <absolute>
 0000:00000000       ___guard_fids_count        00000000     <absolute>
 0000:00000000       ___guard_longjmp_table     00000000     <absolute>
 0000:00000000       __except_list              00000000     <absolute>
 0000:00000000       ___volatile_metadata       00000000     <absolute>
 0000:00000000       ___arm64x_extra_rfe_table  00000000     <absolute>
 0000:00000000       ___arm64x_redirection_metadata 00000000     <absolute>
 0000:00000000       ___x64_code_ranges_to_entry_points_count 00000000     <absolute>
 0000:00000000       ___guard_eh_cont_table     00000000     <absolute>
 0000:00000000       ___guard_eh_cont_count     00000000     <absolute>
 0000:00000000       ___hybrid_code_map_count   00000000     <absolute>
 0000:00000000       ___guard_iat_table         00000000     <absolute>
 0000:00000000       ___x64_code_ranges_to_entry_points 00000000     <absolute>
 0000:00000000       ___guard_iat_count         00000000     <absolute>
 0000:00000000       ___hybrid_code_map         00000000     <absolute>
 0000:00000000       ___arm64x_extra_rfe_table_size 00000000     <absolute>
 0000:00000000       ___guard_longjmp_count     00000000     <absolute>
 0000:00000000       ___arm64x_redirection_metadata_count 00000000     <absolute>
 0000:00000000       ___hybrid_auxiliary_iat    00000000     <absolute>
 0000:00000000       ___dynamic_value_reloc_table 00000000     <absolute>
 0000:00000000       ___enclave_config          00000000     <absolute>
 0000:00000000       ___AbsoluteZero            00000000     <absolute>
 0000:00000000       ___guard_fids_table        00000000     <absolute>
 0000:00000007       ___safe_se_handler_count   00000007     <absolute>
 0000:0000002c       __tls_array                0000002c     <absolute>
 0000:00000100       ___guard_flags             00000100     <absolute>
 0000:00000000       ___ImageBase               10000000     <linker-defined>
 0001:00000080       ?DupWide@_CW@@AAEXXZ       10001080 f   CWString.obj
 0001:0000009c       ?cw_dup@@YGXPBDAAHAAPA_W1@Z 1000109c f   CWString.obj
 0001:00000124       ?cw_memcpy@@YGHPA_WPBDH@Z  10001124 f   CWString.obj
 0001:00000150       ?cw_strcpy@@YAHPA_WPBD@Z   10001150 f   CWString.obj
 0001:00000163       ?cw_strlen@@YAHPBD@Z       10001163 f   CWString.obj
 0001:0000017c       ??0CAtlComModule@ATL@@QAE@XZ 1000117c f i OposVariant.obj
 0001:000001c1       ??0CAtlWinModule@ATL@@QAE@XZ 100011c1 f i OposVariant.obj
 0001:000001f8       ??0OposDispParms@@QAE@PAVOposVariant@@H@Z 100011f8 f   OposVariant.obj
 0001:00000269       ??1OposDispParms@@QAE@XZ   10001269 f   OposVariant.obj
 0001:00000277       ??A?$CSimpleArray@GV?$CSimpleArrayEqualHelper@G@ATL@@@ATL@@QAEAAGH@Z 10001277 f i OposVariant.obj
 0001:0000029c       ??_Estringdispid@CComTypeInfoHolder@ATL@@QAEPAXI@Z 1000129c f i OposVariant.obj
 0001:00000308       ?AtlWinModuleInit@ATL@@YGJPAU_ATL_WIN_MODULE70@1@@Z 10001308 f i OposVariant.obj
 0001:0000032e       ?AtlWinModuleTerm@ATL@@YGJPAU_ATL_WIN_MODULE70@1@PAUHINSTANCE__@@@Z 1000132e f i OposVariant.obj
 0001:00000391       ?ChangeBSTR@OposVariant@@QAEXPAPA_WAAJ@Z 10001391 f   OposVariant.obj
 0001:000003d2       ?ChangeLONG@OposVariant@@QAEXPAJAAJ@Z 100013d2 f   OposVariant.obj
 0001:00000413       ?GetLONG@OposVariant@@QAEJXZ 10001413 f   OposVariant.obj
 0001:0000042e       ?Init@CComCriticalSection@ATL@@QAEJXZ 1000142e f i OposVariant.obj
 0001:00000456       ?RemoveAll@?$CSimpleArray@GV?$CSimpleArrayEqualHelper@G@ATL@@@ATL@@QAEXXZ 10001456 f i OposVariant.obj
 0001:00000456       ?RemoveAll@?$CSimpleArray@PAUHINSTANCE__@@V?$CSimpleArrayEqualHelper@PAUHINSTANCE__@@@ATL@@@ATL@@QAEXXZ 10001456 f i atls:atlbase.obj
 0001:00000473       ?SetBSTR@OposVariant@@QAEXPA_WAAJ@Z 10001473 f   OposVariant.obj
 0001:000004a7       ?SetBSTR_Copy@OposVariant@@QAEXPA_WAAJ@Z 100014a7 f   OposVariant.obj
 0001:000004f7       ?SetBSTR_InOutPtr@OposVariant@@QAE_NPAPA_WAAJ@Z 100014f7 f   OposVariant.obj
 0001:0000052e       ?SetDispatch_Ptr@OposVariant@@QAEXPAUIDispatch@@AAJ@Z 1000152e f   OposVariant.obj
 0001:00000569       ?SetLONG@OposVariant@@QAEXJ@Z 10001569 f   OposVariant.obj
 0001:0000058b       ?SetLONG_Ptr@OposVariant@@QAEXPAJAAJ@Z 1000158b f   OposVariant.obj
 0001:000005be       ?SetString@OposVariant@@QAEXPB_WAAJ@Z 100015be f   OposVariant.obj
 0001:00000604       ?SetVARIANT_BOOL@OposVariant@@QAEXF@Z 10001604 f   OposVariant.obj
 0001:0000062e       ?Term@CAtlComModule@ATL@@QAEXXZ 1000162e f i OposVariant.obj
 0001:00000678       ?_AtlRaiseException@ATL@@YAXKK@Z 10001678 f i OposVariant.obj
 0001:0000068d       ?Release@?$CComContainedObject@VCOPOSCashDrawer@@@ATL@@WIM@AGKXZ 1000168d f i CashDrawer.obj
 0001:0000069a       ?QueryInterface@?$CComContainedObject@VCOPOSCashDrawer@@@ATL@@WJA@AGJABU_GUID@@PAPAX@Z 1000169a f i CashDrawer.obj
 0001:000006a7       ?AddRef@?$CComContainedObject@VCOPOSCashDrawer@@@ATL@@WJA@AGKXZ 100016a7 f i CashDrawer.obj
 0001:000006b4       ?Release@?$CComContainedObject@VCOPOSCashDrawer@@@ATL@@WJA@AGKXZ 100016b4 f i CashDrawer.obj
 0001:000006c1       ?QueryInterface@?$CComContainedObject@VCOPOSCashDrawer@@@ATL@@WJE@AGJABU_GUID@@PAPAX@Z 100016c1 f i CashDrawer.obj
 0001:000006ce       ?AddRef@?$CComContainedObject@VCOPOSCashDrawer@@@ATL@@WJE@AGKXZ 100016ce f i CashDrawer.obj
 0001:000006db       ?Release@?$CComContainedObject@VCOPOSCashDrawer@@@ATL@@WJE@AGKXZ 100016db f i CashDrawer.obj
 0001:000006e8       ?QueryInterface@?$CComContainedObject@VCOPOSCashDrawer@@@ATL@@WJI@AGJABU_GUID@@PAPAX@Z 100016e8 f i CashDrawer.obj
 0001:000006f5       ?AddRef@?$CComContainedObject@VCOPOSCashDrawer@@@ATL@@WJI@AGKXZ 100016f5 f i CashDrawer.obj
 0001:00000702       ?Release@?$CComContainedObject@VCOPOSCashDrawer@@@ATL@@WJI@AGKXZ 10001702 f i CashDrawer.obj
 0001:0000070f       ?QueryInterface@?$CComContainedObject@VCOPOSCashDrawer@@@ATL@@WJM@AGJABU_GUID@@PAPAX@Z 1000170f f i CashDrawer.obj
 0001:0000071c       ?AddRef@?$CComContainedObject@VCOPOSCashDrawer@@@ATL@@WJM@AGKXZ 1000171c f i CashDrawer.obj
 0001:00000729       ?Release@?$CComContainedObject@VCOPOSCashDrawer@@@ATL@@WJM@AGKXZ 10001729 f i CashDrawer.obj
 0001:00000736       ?QueryInterface@?$CComContainedObject@VCOPOSCashDrawer@@@ATL@@WKA@AGJABU_GUID@@PAPAX@Z 10001736 f i CashDrawer.obj
 0001:00000743       ?AddRef@?$CComContainedObject@VCOPOSCashDrawer@@@ATL@@WKA@AGKXZ 10001743 f i CashDrawer.obj
 0001:00000750       ?Release@?$CComContainedObject@VCOPOSCashDrawer@@@ATL@@WKA@AGKXZ 10001750 f i CashDrawer.obj
 0001:0000075d       ?AddRef@?$CComContainedObject@VCOPOSCashDrawer@@@ATL@@WKI@AGKXZ 1000175d f i CashDrawer.obj
 0001:0000076a       ?Release@?$CComContainedObject@VCOPOSCashDrawer@@@ATL@@WKI@AGKXZ 1000176a f i CashDrawer.obj
 0001:00000777       ?AddRef@?$CComContainedObject@VCOPOSCashDrawer@@@ATL@@WLE@AGKXZ 10001777 f i CashDrawer.obj
 0001:00000784       ?Release@?$CComContainedObject@VCOPOSCashDrawer@@@ATL@@WLE@AGKXZ 10001784 f i CashDrawer.obj
 0001:00000791       ?CreateInstance@CComClassFactory@ATL@@UAGJPAUIUnknown@@ABU_GUID@@PAPAX@Z 10001791 f i CashDrawer.obj
 0001:000007cf       ?LockServer@CComClassFactory@ATL@@UAGJH@Z 100017cf f i CashDrawer.obj
 0001:000007ee       ??_ECComClassFactory@ATL@@UAEPAXI@Z 100017ee f i CashDrawer.obj
 0001:000007ee       ??_GCComClassFactory@ATL@@UAEPAXI@Z 100017ee f i CashDrawer.obj
 0001:00000819       ?GetWindowProc@?$CWindowImplBaseT@VCWindow@ATL@@V?$CWinTraits@$0FGAAAAAA@$0A@@2@@ATL@@UAEP6GJPAUHWND__@@IIJ@ZXZ 10001819 f i CashDrawer.obj
 0001:0000081f       ?StartWindowProc@?$CWindowImplBaseT@VCWindow@ATL@@V?$CWinTraits@$0FGAAAAAA@$0A@@2@@ATL@@SGJPAUHWND__@@IIJ@Z 1000181f f i CashDrawer.obj
 0001:00000873       ?ObjectMain@CComObjectRootBase@ATL@@SGX_N@Z 10001873 f i CashDrawer.obj
 0001:00000873       ?OnFinalMessage@?$CWindowImplBaseT@VCWindow@ATL@@V?$CWinTraits@$0FGAAAAAA@$0A@@2@@ATL@@UAEXPAUHWND__@@@Z 10001873 f i CashDrawer.obj
 0001:00000876       ?GetTypeInfoCount@?$IDispatchImpl@UIOPOSCashDrawer@@$1?IID_IOPOSCashDrawer@@3U_GUID@@B$1?LIBID_OposCashDrawer_CCO@@3U3@B$00$0A@VCComTypeInfoHolder@ATL@@@ATL@@UAGJPAI@Z 10001876 f i CashDrawer.obj
 0001:00000893       ?GetTypeInfo@?$IDispatchImpl@UIOPOSCashDrawer@@$1?IID_IOPOSCashDrawer@@3U_GUID@@B$1?LIBID_OposCashDrawer_CCO@@3U3@B$00$0A@VCComTypeInfoHolder@ATL@@@ATL@@UAGJIKPAPAUITypeInfo@@@Z 10001893 f i CashDrawer.obj
 0001:000008b7       ?GetIDsOfNames@?$IDispatchImpl@UIOPOSCashDrawer@@$1?IID_IOPOSCashDrawer@@3U_GUID@@B$1?LIBID_OposCashDrawer_CCO@@3U3@B$00$0A@VCComTypeInfoHolder@ATL@@@ATL@@UAGJABU_GUID@@PAPA_WIKPAJ@Z 100018b7 f i CashDrawer.obj
 0001:000008d7       ?Invoke@?$IDispatchImpl@UIOPOSCashDrawer@@$1?IID_IOPOSCashDrawer@@3U_GUID@@B$1?LIBID_OposCashDrawer_CCO@@3U3@B$00$0A@VCComTypeInfoHolder@ATL@@@ATL@@UAGJJABU_GUID@@KGPAUtagDISPPARAMS@@PAUtagVARIANT@@PAUtagEXCEPINFO@@PAI@Z 100018d7 f i CashDrawer.obj
 0001:000008e5       ?CreateControlWindow@?$CComControl@VCOPOSCashDrawer@@V?$CWindowImpl@VCOPOSCashDrawer@@VCWindow@ATL@@V?$CWinTraits@$0FGAAAAAA@$0A@@3@@ATL@@@ATL@@UAEPAUHWND__@@PAU3@AAUtagRECT@@@Z 100018e5 f i CashDrawer.obj
 0001:00000914       ?ControlQueryInterface@?$CComControl@VCOPOSCashDrawer@@V?$CWindowImpl@VCOPOSCashDrawer@@VCWindow@ATL@@V?$CWinTraits@$0FGAAAAAA@$0A@@3@@ATL@@@ATL@@UAEJABU_GUID@@PAPAX@Z 10001914 f i CashDrawer.obj
 0001:0000092f       ?GetClassID@?$IPersistStreamInitImpl@VCOPOSCashDrawer@@@ATL@@UAGJPAU_GUID@@@Z 1000192f f i CashDrawer.obj
 0001:0000092f       ?GetUserClassID@?$IOleObjectImpl@VCOPOSCashDrawer@@@ATL@@UAGJPAU_GUID@@@Z 1000192f f i CashDrawer.obj
 0001:0000092f       ?GetClassID@?$IPersistStorageImpl@VCOPOSCashDrawer@@@ATL@@UAGJPAU_GUID@@@Z 1000192f f i CashDrawer.obj
 0001:00000953       ?IsDirty@?$IPersistStreamInitImpl@VCOPOSCashDrawer@@@ATL@@UAGJXZ 10001953 f i CashDrawer.obj
 0001:00000972       ?Load@?$IPersistStreamInitImpl@VCOPOSCashDrawer@@@ATL@@UAGJPAUIStream@@@Z 10001972 f i CashDrawer.obj
 0001:00000991       ?Save@?$IPersistStreamInitImpl@VCOPOSCashDrawer@@@ATL@@UAGJPAUIStream@@H@Z 10001991 f i CashDrawer.obj
 0001:000009b3       ?GetSizeMax@?$IPersistStreamInitImpl@VCOPOSCashDrawer@@@ATL@@UAGJPAT_ULARGE_INTEGER@@@Z 100019b3 f i CashDrawer.obj
 0001:00000b92       ?InitNew@?$IPersistStreamInitImpl@VCOPOSCashDrawer@@@ATL@@UAGJXZ 10001b92 f i CashDrawer.obj
 0001:00000baf       ?Unfreeze@?$IViewObjectExImpl@VCOPOSCashDrawer@@@ATL@@UAGJK@Z 10001baf f i CashDrawer.obj
 0001:00000baf       ?QueryGetData@?$IDataObjectImpl@VCOPOSCashDrawer@@@ATL@@UAGJPAUtagFORMATETC@@@Z 10001baf f i CashDrawer.obj
 0001:00000baf       ?SODataDummy@COPOSCashDrawer@@MAGJJ@Z 10001baf f i CashDrawer.obj
 0001:00000baf       ?ContextSensitiveHelp@?$IOleInPlaceActiveObjectImpl@VCOPOSCashDrawer@@@ATL@@UAGJH@Z 10001baf f i CashDrawer.obj
 0001:00000baf       ?OnMnemonic@?$IOleControlImpl@VCOPOSCashDrawer@@@ATL@@UAGJPAUtagMSG@@@Z 10001baf f i CashDrawer.obj
 0001:00000baf       ?SOOutputCompleteDummy@COPOSCashDrawer@@MAGJJ@Z 10001baf f i CashDrawer.obj
 0001:00000baf       ?GetDropTarget@?$IOleInPlaceObjectWindowlessImpl@VCOPOSCashDrawer@@@ATL@@UAGJPAPAUIDropTarget@@@Z 10001baf f i CashDrawer.obj
 0001:00000baf       ?SetColorScheme@?$IOleObjectImpl@VCOPOSCashDrawer@@@ATL@@UAGJPAUtagLOGPALETTE@@@Z 10001baf f i CashDrawer.obj
 0001:00000baf       ?GetControlInfo@?$IOleControlImpl@VCOPOSCashDrawer@@@ATL@@UAGJPAUtagCONTROLINFO@@@Z 10001baf f i CashDrawer.obj
 0001:00000baf       ?ContextSensitiveHelp@?$IOleInPlaceObjectWindowlessImpl@VCOPOSCashDrawer@@@ATL@@UAGJH@Z 10001baf f i CashDrawer.obj
 0001:00000bb7       ?OnFrameWindowActivate@?$IOleInPlaceActiveObjectImpl@VCOPOSCashDrawer@@@ATL@@UAGJH@Z 10001bb7 f i CashDrawer.obj
 0001:00000bb7       ?OnAmbientPropertyChange@?$IOleControlImpl@VCOPOSCashDrawer@@@ATL@@UAGJJ@Z 10001bb7 f i CashDrawer.obj
 0001:00000bb7       ?SaveCompleted@?$IPersistStorageImpl@VCOPOSCashDrawer@@@ATL@@UAGJPAUIStorage@@@Z 10001bb7 f i CashDrawer.obj
 0001:00000bb7       ?EnableModeless@?$IOleInPlaceActiveObjectImpl@VCOPOSCashDrawer@@@ATL@@UAGJH@Z 10001bb7 f i CashDrawer.obj
 0001:00000bbc       ?SetClientSite@?$IOleObjectImpl@VCOPOSCashDrawer@@@ATL@@UAGJPAUIOleClientSite@@@Z 10001bbc f i CashDrawer.obj
 0001:00000bd9       ?GetClientSite@?$IOleObjectImpl@VCOPOSCashDrawer@@@ATL@@UAGJPAPAUIOleClientSite@@@Z 10001bd9 f i CashDrawer.obj
 0001:00000bf6       ?SetHostNames@?$IOleObjectImpl@VCOPOSCashDrawer@@@ATL@@UAGJPB_W0@Z 10001bf6 f i CashDrawer.obj
 0001:00000bfb       ?Close@?$IOleObjectImpl@VCOPOSCashDrawer@@@ATL@@UAGJK@Z 10001bfb f i CashDrawer.obj
 0001:00000c18       ?SetMoniker@?$IOleObjectImpl@VCOPOSCashDrawer@@@ATL@@UAGJKPAUIMoniker@@@Z 10001c18 f i CashDrawer.obj
 0001:00000c18       ?EnumFormatEtc@?$IDataObjectImpl@VCOPOSCashDrawer@@@ATL@@UAGJKPAPAUIEnumFORMATETC@@@Z 10001c18 f i CashDrawer.obj
 0001:00000c18       ?GetRect@?$IViewObjectExImpl@VCOPOSCashDrawer@@@ATL@@UAGJKPAU_RECTL@@@Z 10001c18 f i CashDrawer.obj
 0001:00000c18       ?QueryInterface@CRegObject@ATL@@UAGJABU_GUID@@PAPAX@Z 10001c18 f i CashDrawer.obj
 0001:00000c18       ?GetCanonicalFormatEtc@?$IDataObjectImpl@VCOPOSCashDrawer@@@ATL@@UAGJPAUtagFORMATETC@@0@Z 10001c18 f i CashDrawer.obj
 0001:00000c18       ?GetDataHere@?$IDataObjectImpl@VCOPOSCashDrawer@@@ATL@@UAGJPAUtagFORMATETC@@PAUtagSTGMEDIUM@@@Z 10001c18 f i CashDrawer.obj
 0001:00000c18       ?GetClipboardData@?$IOleObjectImpl@VCOPOSCashDrawer@@@ATL@@UAGJKPAPAUIDataObject@@@Z 10001c18 f i CashDrawer.obj
 0001:00000c20       ?InitFromData@?$IOleObjectImpl@VCOPOSCashDrawer@@@ATL@@UAGJPAUIDataObject@@HK@Z 10001c20 f i CashDrawer.obj
 0001:00000c20       ?GetMoniker@?$IOleObjectImpl@VCOPOSCashDrawer@@@ATL@@UAGJKKPAPAUIMoniker@@@Z 10001c20 f i CashDrawer.obj
 0001:00000c20       ?SetData@?$IDataObjectImpl@VCOPOSCashDrawer@@@ATL@@UAGJPAUtagFORMATETC@@PAUtagSTGMEDIUM@@H@Z 10001c20 f i CashDrawer.obj
 0001:00000c28       ?DoVerb@?$IOleObjectImpl@VCOPOSCashDrawer@@@ATL@@UAGJJPAUtagMSG@@PAUIOleClientSite@@JPAUHWND__@@PBUtagRECT@@@Z 10001c28 f i CashDrawer.obj
 0001:00000d1c       ?EnumVerbs@?$IOleObjectImpl@VCOPOSCashDrawer@@@ATL@@UAGJPAPAUIEnumOLEVERB@@@Z 10001d1c f i CashDrawer.obj
 0001:00000d3e       ?IsUpToDate@?$IOleObjectImpl@VCOPOSCashDrawer@@@ATL@@UAGJXZ 10001d3e f i CashDrawer.obj
 0001:00000d3e       ?Update@?$IOleObjectImpl@VCOPOSCashDrawer@@@ATL@@UAGJXZ 10001d3e f i CashDrawer.obj
 0001:00000d3e       ?HandsOffStorage@?$IPersistStorageImpl@VCOPOSCashDrawer@@@ATL@@UAGJXZ 10001d3e f i CashDrawer.obj
 0001:00000d3e       ?Release@CRegObject@ATL@@UAGKXZ 10001d3e f i CashDrawer.obj
 0001:00000d43       ?GetUserType@?$IOleObjectImpl@VCOPOSCashDrawer@@@ATL@@UAGJKPAPA_W@Z 10001d43 f i CashDrawer.obj
 0001:00000d5b       ?SetExtent@?$IOleObjectImpl@VCOPOSCashDrawer@@@ATL@@UAGJKPAUtagSIZE@@@Z 10001d5b f i CashDrawer.obj
 0001:00000d7b       ?GetExtent@?$IOleObjectImpl@VCOPOSCashDrawer@@@ATL@@UAGJKPAUtagSIZE@@@Z 10001d7b f i CashDrawer.obj
 0001:00000db9       ?Advise@?$IOleObjectImpl@VCOPOSCashDrawer@@@ATL@@UAGJPAUIAdviseSink@@PAK@Z 10001db9 f i CashDrawer.obj
 0001:00000dd9       ?Unadvise@?$IOleObjectImpl@VCOPOSCashDrawer@@@ATL@@UAGJK@Z 10001dd9 f i CashDrawer.obj
 0001:00000e08       ?EnumAdvise@?$IOleObjectImpl@VCOPOSCashDrawer@@@ATL@@UAGJPAPAUIEnumSTATDATA@@@Z 10001e08 f i CashDrawer.obj
 0001:00000e48       ?GetMiscStatus@?$IOleObjectImpl@VCOPOSCashDrawer@@@ATL@@UAGJKPAK@Z 10001e48 f i CashDrawer.obj
 0001:00000e60       ?GetWindow@?$IOleInPlaceActiveObjectImpl@VCOPOSCashDrawer@@@ATL@@UAGJPAPAUHWND__@@@Z 10001e60 f i CashDrawer.obj
 0001:00000ead       ?TranslateAcceleratorW@?$IOleInPlaceActiveObjectImpl@VCOPOSCashDrawer@@@ATL@@UAGJPAUtagMSG@@@Z 10001ead f i CashDrawer.obj
 0001:00000f5b       ?OnDocWindowActivate@?$IOleInPlaceActiveObjectImpl@VCOPOSCashDrawer@@@ATL@@UAGJH@Z 10001f5b f i CashDrawer.obj
 0001:00000f7d       ?ResizeBorder@?$IOleInPlaceActiveObjectImpl@VCOPOSCashDrawer@@@ATL@@UAGJPBUtagRECT@@PAUIOleInPlaceUIWindow@@H@Z 10001f7d f i CashDrawer.obj
 0001:00000f82       ?Draw@?$IViewObjectExImpl@VCOPOSCashDrawer@@@ATL@@UAGJKJPAXPAUtagDVTARGETDEVICE@@PAUHDC__@@2PBU_RECTL@@3P6GHK@ZK@Z 10001f82 f i CashDrawer.obj
 0001:00000fb4       ?GetColorSet@?$IViewObjectExImpl@VCOPOSCashDrawer@@@ATL@@UAGJKJPAXPAUtagDVTARGETDEVICE@@PAUHDC__@@PAPAUtagLOGPALETTE@@@Z 10001fb4 f i CashDrawer.obj
 0001:00000fbc       ?SOErrorDummy@COPOSCashDrawer@@MAGJJJJPAJ@Z 10001fbc f i CashDrawer.obj
 0001:00000fbc       ?Freeze@?$IViewObjectExImpl@VCOPOSCashDrawer@@@ATL@@UAGJKJPAXPAK@Z 10001fbc f i CashDrawer.obj
 0001:00000fc4       ?SetAdvise@?$IViewObjectExImpl@VCOPOSCashDrawer@@@ATL@@UAGJKKPAUIAdviseSink@@@Z 10001fc4 f i CashDrawer.obj
 0001:00000fe3       ?GetAdvise@?$IViewObjectExImpl@VCOPOSCashDrawer@@@ATL@@UAGJPAK0PAPAUIAdviseSink@@@Z 10001fe3 f i CashDrawer.obj
 0001:00001018       ?GetExtent@?$IViewObjectExImpl@VCOPOSCashDrawer@@@ATL@@UAGJKJPAUtagDVTARGETDEVICE@@PAUtagSIZE@@@Z 10002018 f i CashDrawer.obj
 0001:00001049       ?GetViewStatus@?$IViewObjectExImpl@VCOPOSCashDrawer@@@ATL@@UAGJPAK@Z 10002049 f i CashDrawer.obj
 0001:00001066       ?QueryHitPoint@?$IViewObjectExImpl@VCOPOSCashDrawer@@@ATL@@UAGJKPBUtagRECT@@UtagPOINT@@JPAK@Z 10002066 f i CashDrawer.obj
 0001:000010a7       ?QueryHitRect@?$IViewObjectExImpl@VCOPOSCashDrawer@@@ATL@@UAGJKPBUtagRECT@@0JPAK@Z 100020a7 f i CashDrawer.obj
 0001:00001102       ?GetNaturalExtent@?$IViewObjectExImpl@VCOPOSCashDrawer@@@ATL@@UAGJKJPAUtagDVTARGETDEVICE@@PAUHDC__@@PAUtagExtentInfo@@PAUtagSIZE@@@Z 10002102 f i CashDrawer.obj
 0001:0000114d       ?GetWindow@?$IOleInPlaceObjectWindowlessImpl@VCOPOSCashDrawer@@@ATL@@UAGJPAPAUHWND__@@@Z 1000214d f i CashDrawer.obj
 0001:0000119a       ?InPlaceDeactivate@?$IOleInPlaceObjectWindowlessImpl@VCOPOSCashDrawer@@@ATL@@UAGJXZ 1000219a f i CashDrawer.obj
 0001:000011b4       ?UIDeactivate@?$IOleInPlaceObjectWindowlessImpl@VCOPOSCashDrawer@@@ATL@@UAGJXZ 100021b4 f i CashDrawer.obj
 0001:000011ce       ?SetObjectRects@?$IOleInPlaceObjectWindowlessImpl@VCOPOSCashDrawer@@@ATL@@UAGJPBUtagRECT@@0@Z 100021ce f i CashDrawer.obj
 0001:000011ee       ?ReactivateAndUndo@?$IOleInPlaceObjectWindowlessImpl@VCOPOSCashDrawer@@@ATL@@UAGJXZ 100021ee f i CashDrawer.obj
 0001:000011f6       ?OnWindowMessage@?$IOleInPlaceObjectWindowlessImpl@VCOPOSCashDrawer@@@ATL@@UAGJIIJPAJ@Z 100021f6 f i CashDrawer.obj
 0001:00001266       ?EnumConnectionPoints@?$IConnectionPointContainerImpl@VCOPOSCashDrawer@@@ATL@@UAGJPAPAUIEnumConnectionPoints@@@Z 10002266 f i CashDrawer.obj
 0001:000013f2       ?FindConnectionPoint@?$IConnectionPointContainerImpl@VCOPOSCashDrawer@@@ATL@@UAGJABU_GUID@@PAPAUIConnectionPoint@@@Z 100023f2 f i CashDrawer.obj
 0001:00001495       ?IsDirty@?$IPersistStorageImpl@VCOPOSCashDrawer@@@ATL@@UAGJXZ 10002495 f i CashDrawer.obj
 0001:000014c5       ?InitNew@?$IPersistStorageImpl@VCOPOSCashDrawer@@@ATL@@UAGJPAUIStorage@@@Z 100024c5 f i CashDrawer.obj
 0001:000014f5       ?Load@?$IPersistStorageImpl@VCOPOSCashDrawer@@@ATL@@UAGJPAUIStorage@@@Z 100024f5 f i CashDrawer.obj
 0001:00001561       ?Save@?$IPersistStorageImpl@VCOPOSCashDrawer@@@ATL@@UAGJPAUIStorage@@H@Z 10002561 f i CashDrawer.obj
 0001:000015d4       ?GetPages@?$ISpecifyPropertyPagesImpl@VCOPOSCashDrawer@@@ATL@@UAGJPAUtagCAUUID@@@Z 100025d4 f i CashDrawer.obj
 0001:000015eb       ?QuickActivate@?$IQuickActivateImpl@VCOPOSCashDrawer@@@ATL@@UAGJPAUtagQACONTAINER@@PAUtagQACONTROL@@@Z 100025eb f i CashDrawer.obj
 0001:0000160e       ?SetContentExtent@?$IQuickActivateImpl@VCOPOSCashDrawer@@@ATL@@UAGJPAUtagSIZE@@@Z 1000260e f i CashDrawer.obj
 0001:0000163a       ?GetContentExtent@?$IQuickActivateImpl@VCOPOSCashDrawer@@@ATL@@UAGJPAUtagSIZE@@@Z 1000263a f i CashDrawer.obj
 0001:00001676       ?GetData@?$IDataObjectImpl@VCOPOSCashDrawer@@@ATL@@UAGJPAUtagFORMATETC@@PAUtagSTGMEDIUM@@@Z 10002676 f i CashDrawer.obj
 0001:00001699       ?DAdvise@?$IDataObjectImpl@VCOPOSCashDrawer@@@ATL@@UAGJPAUtagFORMATETC@@KPAUIAdviseSink@@PAK@Z 10002699 f i CashDrawer.obj
 0001:000016da       ?DUnadvise@?$IDataObjectImpl@VCOPOSCashDrawer@@@ATL@@UAGJK@Z 100026da f i CashDrawer.obj
 0001:00001708       ?EnumDAdvise@?$IDataObjectImpl@VCOPOSCashDrawer@@@ATL@@UAGJPAPAUIEnumSTATDATA@@@Z 10002708 f i CashDrawer.obj
 0001:00001747       ?GetClassInfoW@?$IProvideClassInfo2Impl@$1?CLSID_OPOSCashDrawer@@3U_GUID@@B$1?DIID__IOPOSCashDrawerEvents@@3U2@B$1?LIBID_OposCashDrawer_CCO@@3U2@B$00$0A@VCComTypeInfoHolder@ATL@@@ATL@@UAGJPAPAUITypeInfo@@@Z 10002747 f i CashDrawer.obj
 0001:0000175d       ?GetGUID@?$IProvideClassInfo2Impl@$1?CLSID_OPOSCashDrawer@@3U_GUID@@B$1?DIID__IOPOSCashDrawerEvents@@3U2@B$1?LIBID_OposCashDrawer_CCO@@3U2@B$00$0A@VCComTypeInfoHolder@ATL@@@ATL@@UAGJKPAU_GUID@@@Z 1000275d f i CashDrawer.obj
 0001:0000179b       ?FAccessAllowed@?$IObjectSafetyImpl@VCOPOSCashDrawer@@$02@ATL@@MAEHXZ 1000279b f i CashDrawer.obj
 0001:0000179b       __get_startup_argv_mode    1000279b f i LIBCMT:argv_mode.obj
 0001:0000179f       ?GetInterfaceSafetyOptions@?$IObjectSafetyImpl@VCOPOSCashDrawer@@$02@ATL@@UAGJABU_GUID@@PAK1@Z 1000279f f i CashDrawer.obj
 0001:00001813       ?SetInterfaceSafetyOptions@?$IObjectSafetyImpl@VCOPOSCashDrawer@@$02@ATL@@UAGJABU_GUID@@KK@Z 10002813 f i CashDrawer.obj
 0001:0000188d       ?_LocCPQueryInterface@?$IConnectionPointImpl@VCOPOSCashDrawer@@$1?DIID__IOPOSCashDrawerEvents@@3U_GUID@@BVCComDynamicUnkArray@ATL@@@ATL@@UAGJABU_GUID@@PAPAX@Z 1000288d f i CashDrawer.obj
 0001:0000188d       ?_LocCPQueryInterface@?$IConnectionPointImpl@VCOPOSCashDrawer@@$1?IID_IPropertyNotifySink@@3U_GUID@@BVCComDynamicUnkArray@ATL@@@ATL@@UAGJABU_GUID@@PAPAX@Z 1000288d f i CashDrawer.obj
 0001:000018da       ?GetConnectionInterface@?$IConnectionPointImpl@VCOPOSCashDrawer@@$1?IID_IPropertyNotifySink@@3U_GUID@@BVCComDynamicUnkArray@ATL@@@ATL@@UAGJPAU_GUID@@@Z 100028da f i CashDrawer.obj
 0001:000018fe       ?GetConnectionPointContainer@?$IConnectionPointImpl@VCOPOSCashDrawer@@$1?IID_IPropertyNotifySink@@3U_GUID@@BVCComDynamicUnkArray@ATL@@@ATL@@UAGJPAPAUIConnectionPointContainer@@@Z 100028fe f i CashDrawer.obj
 0001:00001921       ?Advise@?$IConnectionPointImpl@VCOPOSCashDrawer@@$1?IID_IPropertyNotifySink@@3U_GUID@@BVCComDynamicUnkArray@ATL@@@ATL@@UAGJPAUIUnknown@@PAK@Z 10002921 f i CashDrawer.obj
 0001:00001921       ?Advise@?$IConnectionPointImpl@VCOPOSCashDrawer@@$1?DIID__IOPOSCashDrawerEvents@@3U_GUID@@BVCComDynamicUnkArray@ATL@@@ATL@@UAGJPAUIUnknown@@PAK@Z 10002921 f i CashDrawer.obj
 0001:000019c1       ?Unadvise@?$IConnectionPointImpl@VCOPOSCashDrawer@@$1?IID_IPropertyNotifySink@@3U_GUID@@BVCComDynamicUnkArray@ATL@@@ATL@@UAGJK@Z 100029c1 f i CashDrawer.obj
 0001:000019c1       ?Unadvise@?$IConnectionPointImpl@VCOPOSCashDrawer@@$1?DIID__IOPOSCashDrawerEvents@@3U_GUID@@BVCComDynamicUnkArray@ATL@@@ATL@@UAGJK@Z 100029c1 f i CashDrawer.obj
 0001:00001a01       ?EnumConnections@?$IConnectionPointImpl@VCOPOSCashDrawer@@$1?IID_IPropertyNotifySink@@3U_GUID@@BVCComDynamicUnkArray@ATL@@@ATL@@UAGJPAPAUIEnumConnections@@@Z 10002a01 f i CashDrawer.obj
 0001:00001a01       ?EnumConnections@?$IConnectionPointImpl@VCOPOSCashDrawer@@$1?DIID__IOPOSCashDrawerEvents@@3U_GUID@@BVCComDynamicUnkArray@ATL@@@ATL@@UAGJPAPAUIEnumConnections@@@Z 10002a01 f i CashDrawer.obj
 0001:00001afc       ?GetObjectDescription@?$CComCoClass@VCOPOSCashDrawer@@$1?CLSID_OPOSCashDrawer@@3U_GUID@@B@ATL@@SGPB_WXZ 10002afc f i CashDrawer.obj
 0001:00001afc       ?GetCategoryMap@CComObjectRootBase@ATL@@SAPBU_ATL_CATMAP_ENTRY@2@XZ 10002afc f i CashDrawer.obj
 0001:00001aff       ?GetConnectionInterface@?$IConnectionPointImpl@VCOPOSCashDrawer@@$1?DIID__IOPOSCashDrawerEvents@@3U_GUID@@BVCComDynamicUnkArray@ATL@@@ATL@@UAGJPAU_GUID@@@Z 10002aff f i CashDrawer.obj
 0001:00001b23       ?GetConnectionPointContainer@?$IConnectionPointImpl@VCOPOSCashDrawer@@$1?DIID__IOPOSCashDrawerEvents@@3U_GUID@@BVCComDynamicUnkArray@ATL@@@ATL@@UAGJPAPAUIConnectionPointContainer@@@Z 10002b23 f i CashDrawer.obj
 0001:00001b46       ?UpdateRegistry@COPOSCashDrawer@@SGJH@Z 10002b46 f i CashDrawer.obj
 0001:00001b5e       ?ProcessWindowMessage@COPOSCashDrawer@@UAEHPAUHWND__@@IIJAAJK@Z 10002b5e f i CashDrawer.obj
 0001:00001ba7       ?SODirectIO@COPOSCashDrawer@@MAGJJPAJPAPA_W@Z 10002ba7 f i CashDrawer.obj
 0001:00001bf0       ?SOStatusUpdate@COPOSCashDrawer@@MAGJJ@Z 10002bf0 f i CashDrawer.obj
 0001:00001c29       ?Lock@CAtlModule@ATL@@UAEJXZ 10002c29 f i CashDrawer.obj
 0001:00001c33       ?Unlock@CAtlModule@ATL@@UAEJXZ 10002c33 f i CashDrawer.obj
 0001:00001c3d       ?GetLockCount@CAtlModule@ATL@@UAEJXZ 10002c3d f i CashDrawer.obj
 0001:00001c41       ?GetGITPtr@CAtlModule@ATL@@UAEJPAPAUIGlobalInterfaceTable@@@Z 10002c41 f i CashDrawer.obj
 0001:00001c8d       ?AddCommonRGSReplacements@?$CAtlModuleT@VCComModule@ATL@@@ATL@@UAEJPAUIRegistrarBase@@@Z 10002c8d f i CashDrawer.obj
 0001:00001ca7       ?UpdateRegistryFromResourceD@CComModule@ATL@@UAGJIHPAU_ATL_REGMAP_ENTRY@2@@Z 10002ca7 f i CashDrawer.obj
 0001:00001ca7       ?UpdateRegistryFromResourceD@CComModule@ATL@@UAGJPB_WHPAU_ATL_REGMAP_ENTRY@2@@Z 10002ca7 f i CashDrawer.obj
 0001:00001caf       ?UpdateRegistryFromResource@CComModule@ATL@@UAGJPB_WHPAU_ATL_REGMAP_ENTRY@2@@Z 10002caf f i CashDrawer.obj
 0001:00001cb8       ?UpdateRegistryFromResource@CComModule@ATL@@UAGJIHPAU_ATL_REGMAP_ENTRY@2@@Z 10002cb8 f i CashDrawer.obj
 0001:00001cc1       ?CreateInstance@?$CComCreator@V?$CComObjectCached@VCComClassFactory@ATL@@@ATL@@@ATL@@SGJPAXABU_GUID@@PAPAX@Z 10002cc1 f i CashDrawer.obj
 0001:00001d61       ?CreateInstance@?$CComCreator2@V?$CComCreator@V?$CComObject@VCOPOSCashDrawer@@@ATL@@@ATL@@V?$CComCreator@V?$CComAggObject@VCOPOSCashDrawer@@@ATL@@@2@@ATL@@SGJPAXABU_GUID@@PAPAX@Z 10002d61 f i CashDrawer.obj
 0001:00001d81       ??_GCComModule@ATL@@UAEPAXI@Z 10002d81 f i CashDrawer.obj
 0001:00001d81       ??_ECComModule@ATL@@UAEPAXI@Z 10002d81 f i CashDrawer.obj
 0001:00001da9       ?AddRef@?$CComObjectCached@VCComClassFactory@ATL@@@ATL@@UAGKXZ 10002da9 f i CashDrawer.obj
 0001:00001dd0       ?Release@?$CComObjectCached@VCComClassFactory@ATL@@@ATL@@UAGKXZ 10002dd0 f i CashDrawer.obj
 0001:00001e06       ?QueryInterface@?$CComObjectCached@VCComClassFactory@ATL@@@ATL@@UAGJABU_GUID@@PAPAX@Z 10002e06 f i CashDrawer.obj
 0001:00001e20       ??_G?$CComObjectCached@VCComClassFactory@ATL@@@ATL@@UAEPAXI@Z 10002e20 f i CashDrawer.obj
 0001:00001e20       ??_E?$CComObjectCached@VCComClassFactory@ATL@@@ATL@@UAEPAXI@Z 10002e20 f i CashDrawer.obj
 0001:00001e42       ?Next@?$CComEnumImpl@UIEnumConnectionPoints@@$1?_GUID_b196b285_bab4_101a_b69c_00aa00341d07@@3U__s_GUID@@BPAUIConnectionPoint@@V?$_CopyInterface@UIConnectionPoint@@@ATL@@@ATL@@UAGJKPAPAUIConnectionPoint@@PAK@Z 10002e42 f i CashDrawer.obj
 0001:00001f19       ?Skip@?$CComEnumImpl@UIEnumConnectionPoints@@$1?_GUID_b196b285_bab4_101a_b69c_00aa00341d07@@3U__s_GUID@@BPAUIConnectionPoint@@V?$_CopyInterface@UIConnectionPoint@@@ATL@@@ATL@@UAGJK@Z 10002f19 f i CashDrawer.obj
 0001:00001f46       ?Reset@?$CComEnumImpl@UIEnumConnectionPoints@@$1?_GUID_b196b285_bab4_101a_b69c_00aa00341d07@@3U__s_GUID@@BPAUIConnectionPoint@@V?$_CopyInterface@UIConnectionPoint@@@ATL@@@ATL@@UAGJXZ 10002f46 f i CashDrawer.obj
 0001:00001f46       ?Reset@?$CComEnumImpl@UIEnumConnections@@$1?_GUID_b196b287_bab4_101a_b69c_00aa00341d07@@3U__s_GUID@@BUtagCONNECTDATA@@V?$_Copy@UtagCONNECTDATA@@@ATL@@@ATL@@UAGJXZ 10002f46 f i CashDrawer.obj
 0001:00001f58       ?Clone@?$CComEnumImpl@UIEnumConnectionPoints@@$1?_GUID_b196b285_bab4_101a_b69c_00aa00341d07@@3U__s_GUID@@BPAUIConnectionPoint@@V?$_CopyInterface@UIConnectionPoint@@@ATL@@@ATL@@UAGJPAPAUIEnumConnectionPoints@@@Z 10002f58 f i CashDrawer.obj
 0001:00002039       ?AddRef@?$CComObject@V?$CComEnum@UIEnumConnectionPoints@@$1?_GUID_b196b285_bab4_101a_b69c_00aa00341d07@@3U__s_GUID@@BPAUIConnectionPoint@@V?$_CopyInterface@UIConnectionPoint@@@ATL@@VCComSingleThreadModel@6@@ATL@@@ATL@@UAGKXZ 10003039 f i CashDrawer.obj
 0001:00002039       ?AddRef@?$CComObject@V?$CComEnum@UIEnumConnections@@$1?_GUID_b196b287_bab4_101a_b69c_00aa00341d07@@3U__s_GUID@@BUtagCONNECTDATA@@V?$_Copy@UtagCONNECTDATA@@@ATL@@VCComSingleThreadModel@6@@ATL@@@ATL@@UAGKXZ 10003039 f i CashDrawer.obj
 0001:0000204a       ?Release@?$CComObject@V?$CComEnum@UIEnumConnectionPoints@@$1?_GUID_b196b285_bab4_101a_b69c_00aa00341d07@@3U__s_GUID@@BPAUIConnectionPoint@@V?$_CopyInterface@UIConnectionPoint@@@ATL@@VCComSingleThreadModel@6@@ATL@@@ATL@@UAGKXZ 1000304a f i CashDrawer.obj
 0001:0000204a       ?Release@?$CComObject@V?$CComEnum@UIEnumConnections@@$1?_GUID_b196b287_bab4_101a_b69c_00aa00341d07@@3U__s_GUID@@BUtagCONNECTDATA@@V?$_Copy@UtagCONNECTDATA@@@ATL@@VCComSingleThreadModel@6@@ATL@@@ATL@@UAGKXZ 1000304a f i CashDrawer.obj
 0001:00002086       ?QueryInterface@?$CComObject@V?$CComEnum@UIEnumConnectionPoints@@$1?_GUID_b196b285_bab4_101a_b69c_00aa00341d07@@3U__s_GUID@@BPAUIConnectionPoint@@V?$_CopyInterface@UIConnectionPoint@@@ATL@@VCComSingleThreadModel@6@@ATL@@@ATL@@UAGJABU_GUID@@PAPAX@Z 10003086 f i CashDrawer.obj
 0001:000020a0       ??_E?$CComObject@V?$CComEnum@UIEnumConnectionPoints@@$1?_GUID_b196b285_bab4_101a_b69c_00aa00341d07@@3U__s_GUID@@BPAUIConnectionPoint@@V?$_CopyInterface@UIConnectionPoint@@@ATL@@VCComSingleThreadModel@6@@ATL@@@ATL@@UAEPAXI@Z 100030a0 f i CashDrawer.obj
 0001:000020a0       ??_G?$CComObject@V?$CComEnum@UIEnumConnectionPoints@@$1?_GUID_b196b285_bab4_101a_b69c_00aa00341d07@@3U__s_GUID@@BPAUIConnectionPoint@@V?$_CopyInterface@UIConnectionPoint@@@ATL@@VCComSingleThreadModel@6@@ATL@@@ATL@@UAEPAXI@Z 100030a0 f i CashDrawer.obj
 0001:000020c2       ?AddRef@CRegObject@ATL@@UAGKXZ 100030c2 f i CashDrawer.obj
 0001:000020c8       ?AddReplacement@CRegObject@ATL@@UAGJPB_W0@Z 100030c8 f i CashDrawer.obj
 0001:00002101       ?ClearReplacements@CRegObject@ATL@@UAGJXZ 10003101 f i CashDrawer.obj
 0001:00002113       ??_ECRegObject@ATL@@UAEPAXI@Z 10003113 f i CashDrawer.obj
 0001:00002113       ??_GCRegObject@ATL@@UAEPAXI@Z 10003113 f i CashDrawer.obj
 0001:00002135       ?AddRef@?$CComAggObject@VCOPOSCashDrawer@@@ATL@@UAGKXZ 10003135 f i CashDrawer.obj
 0001:00002146       ?Release@?$CComAggObject@VCOPOSCashDrawer@@@ATL@@UAGKXZ 10003146 f i CashDrawer.obj
 0001:00002182       ?QueryInterface@?$CComAggObject@VCOPOSCashDrawer@@@ATL@@UAGJABU_GUID@@PAPAX@Z 10003182 f i CashDrawer.obj
 0001:000021d1       ?AddRef@?$CComContainedObject@VCOPOSCashDrawer@@@ATL@@UAGKXZ 100031d1 f i CashDrawer.obj
 0001:000021e7       ?Release@?$CComContainedObject@VCOPOSCashDrawer@@@ATL@@UAGKXZ 100031e7 f i CashDrawer.obj
 0001:000021fd       ?QueryInterface@?$CComContainedObject@VCOPOSCashDrawer@@@ATL@@UAGJABU_GUID@@PAPAX@Z 100031fd f i CashDrawer.obj
 0001:00002218       ??_G?$CComAggObject@VCOPOSCashDrawer@@@ATL@@UAEPAXI@Z 10003218 f i CashDrawer.obj
 0001:00002218       ??_E?$CComAggObject@VCOPOSCashDrawer@@@ATL@@UAEPAXI@Z 10003218 f i CashDrawer.obj
 0001:0000223d       ?AddRef@?$CComObject@VCOPOSCashDrawer@@@ATL@@UAGKXZ 1000323d f i CashDrawer.obj
 0001:00002254       ?Release@?$CComObject@VCOPOSCashDrawer@@@ATL@@UAGKXZ 10003254 f i CashDrawer.obj
 0001:00002296       ?QueryInterface@?$CComObject@VCOPOSCashDrawer@@@ATL@@UAGJABU_GUID@@PAPAX@Z 10003296 f i CashDrawer.obj
 0001:000022b0       ?OnDrawAdvanced@CComControlBase@ATL@@UAEJAAUATL_DRAWINFO@@@Z 100032b0 f i CashDrawer.obj
 0001:000023a3       ?Next@?$CComEnumImpl@UIEnumConnections@@$1?_GUID_b196b287_bab4_101a_b69c_00aa00341d07@@3U__s_GUID@@BUtagCONNECTDATA@@V?$_Copy@UtagCONNECTDATA@@@ATL@@@ATL@@UAGJKPAUtagCONNECTDATA@@PAK@Z 100033a3 f i CashDrawer.obj
 0001:0000247a       ?Skip@?$CComEnumImpl@UIEnumConnections@@$1?_GUID_b196b287_bab4_101a_b69c_00aa00341d07@@3U__s_GUID@@BUtagCONNECTDATA@@V?$_Copy@UtagCONNECTDATA@@@ATL@@@ATL@@UAGJK@Z 1000347a f i CashDrawer.obj
 0001:000024a7       ?Clone@?$CComEnumImpl@UIEnumConnections@@$1?_GUID_b196b287_bab4_101a_b69c_00aa00341d07@@3U__s_GUID@@BUtagCONNECTDATA@@V?$_Copy@UtagCONNECTDATA@@@ATL@@@ATL@@UAGJPAPAUIEnumConnections@@@Z 100034a7 f i CashDrawer.obj
 0001:00002588       ?QueryInterface@?$CComObject@V?$CComEnum@UIEnumConnections@@$1?_GUID_b196b287_bab4_101a_b69c_00aa00341d07@@3U__s_GUID@@BUtagCONNECTDATA@@V?$_Copy@UtagCONNECTDATA@@@ATL@@VCComSingleThreadModel@6@@ATL@@@ATL@@UAGJABU_GUID@@PAPAX@Z 10003588 f i CashDrawer.obj
 0001:000025a2       ??_G?$CComObject@V?$CComEnum@UIEnumConnections@@$1?_GUID_b196b287_bab4_101a_b69c_00aa00341d07@@3U__s_GUID@@BUtagCONNECTDATA@@V?$_Copy@UtagCONNECTDATA@@@ATL@@VCComSingleThreadModel@6@@ATL@@@ATL@@UAEPAXI@Z 100035a2 f i CashDrawer.obj
 0001:000025a2       ??_E?$CComObject@V?$CComEnum@UIEnumConnections@@$1?_GUID_b196b287_bab4_101a_b69c_00aa00341d07@@3U__s_GUID@@BUtagCONNECTDATA@@V?$_Copy@UtagCONNECTDATA@@@ATL@@VCComSingleThreadModel@6@@ATL@@@ATL@@UAEPAXI@Z 100035a2 f i CashDrawer.obj
 0001:000025c4       ??_E?$CComObject@VCOPOSCashDrawer@@@ATL@@W3AEPAXI@Z 100035c4 f i CashDrawer.obj
 0001:000025cc       ??_E?$CComObject@VCOPOSCashDrawer@@@ATL@@WEM@AEPAXI@Z 100035cc f i CashDrawer.obj
 0001:000025d4       ?QueryInterface@?$CComObject@VCOPOSCashDrawer@@@ATL@@WHA@AGJABU_GUID@@PAPAX@Z 100035d4 f i CashDrawer.obj
 0001:000025de       ?AddRef@?$CComObject@VCOPOSCashDrawer@@@ATL@@WHA@AGKXZ 100035de f i CashDrawer.obj
 0001:000025e8       ?Release@?$CComObject@VCOPOSCashDrawer@@@ATL@@WHA@AGKXZ 100035e8 f i CashDrawer.obj
 0001:000025f2       ?QueryInterface@?$CComObject@VCOPOSCashDrawer@@@ATL@@WHE@AGJABU_GUID@@PAPAX@Z 100035f2 f i CashDrawer.obj
 0001:000025fc       ?AddRef@?$CComObject@VCOPOSCashDrawer@@@ATL@@WHE@AGKXZ 100035fc f i CashDrawer.obj
 0001:00002606       ?Release@?$CComObject@VCOPOSCashDrawer@@@ATL@@WHE@AGKXZ 10003606 f i CashDrawer.obj
 0001:00002610       ?QueryInterface@?$CComObject@VCOPOSCashDrawer@@@ATL@@WHI@AGJABU_GUID@@PAPAX@Z 10003610 f i CashDrawer.obj
 0001:0000261a       ?AddRef@?$CComObject@VCOPOSCashDrawer@@@ATL@@WHI@AGKXZ 1000361a f i CashDrawer.obj
 0001:00002624       ?Release@?$CComObject@VCOPOSCashDrawer@@@ATL@@WHI@AGKXZ 10003624 f i CashDrawer.obj
 0001:0000262e       ?QueryInterface@?$CComObject@VCOPOSCashDrawer@@@ATL@@WHM@AGJABU_GUID@@PAPAX@Z 1000362e f i CashDrawer.obj
 0001:00002638       ?AddRef@?$CComObject@VCOPOSCashDrawer@@@ATL@@WHM@AGKXZ 10003638 f i CashDrawer.obj
 0001:00002642       ?Release@?$CComObject@VCOPOSCashDrawer@@@ATL@@WHM@AGKXZ 10003642 f i CashDrawer.obj
 0001:0000264c       ?QueryInterface@?$CComObject@VCOPOSCashDrawer@@@ATL@@WIA@AGJABU_GUID@@PAPAX@Z 1000364c f i CashDrawer.obj
 0001:00002659       ?AddRef@?$CComObject@VCOPOSCashDrawer@@@ATL@@WIA@AGKXZ 10003659 f i CashDrawer.obj
 0001:00002666       ?Release@?$CComObject@VCOPOSCashDrawer@@@ATL@@WIA@AGKXZ 10003666 f i CashDrawer.obj
 0001:00002673       ?QueryInterface@?$CComObject@VCOPOSCashDrawer@@@ATL@@WIE@AGJABU_GUID@@PAPAX@Z 10003673 f i CashDrawer.obj
 0001:00002680       ?AddRef@?$CComObject@VCOPOSCashDrawer@@@ATL@@WIE@AGKXZ 10003680 f i CashDrawer.obj
 0001:0000268d       ?Release@?$CComObject@VCOPOSCashDrawer@@@ATL@@WIE@AGKXZ 1000368d f i CashDrawer.obj
 0001:0000269a       ?QueryInterface@?$CComObject@VCOPOSCashDrawer@@@ATL@@WII@AGJABU_GUID@@PAPAX@Z 1000369a f i CashDrawer.obj
 0001:000026a7       ?AddRef@?$CComObject@VCOPOSCashDrawer@@@ATL@@WII@AGKXZ 100036a7 f i CashDrawer.obj
 0001:000026b4       ?Release@?$CComObject@VCOPOSCashDrawer@@@ATL@@WII@AGKXZ 100036b4 f i CashDrawer.obj
 0001:000026c1       ?QueryInterface@?$CComObject@VCOPOSCashDrawer@@@ATL@@WIM@AGJABU_GUID@@PAPAX@Z 100036c1 f i CashDrawer.obj
 0001:000026ce       ?AddRef@?$CComObject@VCOPOSCashDrawer@@@ATL@@WIM@AGKXZ 100036ce f i CashDrawer.obj
 0001:000026db       ?Release@?$CComObject@VCOPOSCashDrawer@@@ATL@@WIM@AGKXZ 100036db f i CashDrawer.obj
 0001:000026e8       ?QueryInterface@?$CComObject@VCOPOSCashDrawer@@@ATL@@WJA@AGJABU_GUID@@PAPAX@Z 100036e8 f i CashDrawer.obj
 0001:000026f5       ?AddRef@?$CComObject@VCOPOSCashDrawer@@@ATL@@WJA@AGKXZ 100036f5 f i CashDrawer.obj
 0001:00002702       ?Release@?$CComObject@VCOPOSCashDrawer@@@ATL@@WJA@AGKXZ 10003702 f i CashDrawer.obj
 0001:0000270f       ?QueryInterface@?$CComObject@VCOPOSCashDrawer@@@ATL@@WJE@AGJABU_GUID@@PAPAX@Z 1000370f f i CashDrawer.obj
 0001:0000271c       ?AddRef@?$CComObject@VCOPOSCashDrawer@@@ATL@@WJE@AGKXZ 1000371c f i CashDrawer.obj
 0001:00002729       ?Release@?$CComObject@VCOPOSCashDrawer@@@ATL@@WJE@AGKXZ 10003729 f i CashDrawer.obj
 0001:00002736       ?QueryInterface@?$CComObject@VCOPOSCashDrawer@@@ATL@@WJI@AGJABU_GUID@@PAPAX@Z 10003736 f i CashDrawer.obj
 0001:00002743       ?AddRef@?$CComObject@VCOPOSCashDrawer@@@ATL@@WJI@AGKXZ 10003743 f i CashDrawer.obj
 0001:00002750       ?Release@?$CComObject@VCOPOSCashDrawer@@@ATL@@WJI@AGKXZ 10003750 f i CashDrawer.obj
 0001:0000275d       ?QueryInterface@?$CComObject@VCOPOSCashDrawer@@@ATL@@WJM@AGJABU_GUID@@PAPAX@Z 1000375d f i CashDrawer.obj
 0001:0000276a       ?AddRef@?$CComObject@VCOPOSCashDrawer@@@ATL@@WJM@AGKXZ 1000376a f i CashDrawer.obj
 0001:00002777       ?Release@?$CComObject@VCOPOSCashDrawer@@@ATL@@WJM@AGKXZ 10003777 f i CashDrawer.obj
 0001:00002784       ?QueryInterface@?$CComObject@VCOPOSCashDrawer@@@ATL@@WKA@AGJABU_GUID@@PAPAX@Z 10003784 f i CashDrawer.obj
 0001:00002791       ?AddRef@?$CComObject@VCOPOSCashDrawer@@@ATL@@WKA@AGKXZ 10003791 f i CashDrawer.obj
 0001:0000279e       ?Release@?$CComObject@VCOPOSCashDrawer@@@ATL@@WKA@AGKXZ 1000379e f i CashDrawer.obj
 0001:000027ab       ?AddRef@?$CComObject@VCOPOSCashDrawer@@@ATL@@WKI@AGKXZ 100037ab f i CashDrawer.obj
 0001:000027b8       ?Release@?$CComObject@VCOPOSCashDrawer@@@ATL@@WKI@AGKXZ 100037b8 f i CashDrawer.obj
 0001:000027c5       ?AddRef@?$CComObject@VCOPOSCashDrawer@@@ATL@@WLE@AGKXZ 100037c5 f i CashDrawer.obj
 0001:000027d2       ?Release@?$CComObject@VCOPOSCashDrawer@@@ATL@@WLE@AGKXZ 100037d2 f i CashDrawer.obj
 0001:000027df       ??_E?$CComContainedObject@VCOPOSCashDrawer@@@ATL@@W3AEPAXI@Z 100037df f i CashDrawer.obj
 0001:000027e7       ??_E?$CComContainedObject@VCOPOSCashDrawer@@@ATL@@WEM@AEPAXI@Z 100037e7 f i CashDrawer.obj
 0001:000027ef       ?QueryInterface@?$CComContainedObject@VCOPOSCashDrawer@@@ATL@@WHA@AGJABU_GUID@@PAPAX@Z 100037ef f i CashDrawer.obj
 0001:000027f9       ?AddRef@?$CComContainedObject@VCOPOSCashDrawer@@@ATL@@WHA@AGKXZ 100037f9 f i CashDrawer.obj
 0001:00002803       ?Release@?$CComContainedObject@VCOPOSCashDrawer@@@ATL@@WHA@AGKXZ 10003803 f i CashDrawer.obj
 0001:0000280d       ?QueryInterface@?$CComContainedObject@VCOPOSCashDrawer@@@ATL@@WHE@AGJABU_GUID@@PAPAX@Z 1000380d f i CashDrawer.obj
 0001:00002817       ?AddRef@?$CComContainedObject@VCOPOSCashDrawer@@@ATL@@WHE@AGKXZ 10003817 f i CashDrawer.obj
 0001:00002821       ?Release@?$CComContainedObject@VCOPOSCashDrawer@@@ATL@@WHE@AGKXZ 10003821 f i CashDrawer.obj
 0001:0000282b       ?QueryInterface@?$CComContainedObject@VCOPOSCashDrawer@@@ATL@@WHI@AGJABU_GUID@@PAPAX@Z 1000382b f i CashDrawer.obj
 0001:00002835       ?AddRef@?$CComContainedObject@VCOPOSCashDrawer@@@ATL@@WHI@AGKXZ 10003835 f i CashDrawer.obj
 0001:0000283f       ?Release@?$CComContainedObject@VCOPOSCashDrawer@@@ATL@@WHI@AGKXZ 1000383f f i CashDrawer.obj
 0001:00002849       ?QueryInterface@?$CComContainedObject@VCOPOSCashDrawer@@@ATL@@WHM@AGJABU_GUID@@PAPAX@Z 10003849 f i CashDrawer.obj
 0001:00002853       ?AddRef@?$CComContainedObject@VCOPOSCashDrawer@@@ATL@@WHM@AGKXZ 10003853 f i CashDrawer.obj
 0001:0000285d       ?Release@?$CComContainedObject@VCOPOSCashDrawer@@@ATL@@WHM@AGKXZ 1000385d f i CashDrawer.obj
 0001:00002867       ?QueryInterface@?$CComContainedObject@VCOPOSCashDrawer@@@ATL@@WIA@AGJABU_GUID@@PAPAX@Z 10003867 f i CashDrawer.obj
 0001:00002874       ?AddRef@?$CComContainedObject@VCOPOSCashDrawer@@@ATL@@WIA@AGKXZ 10003874 f i CashDrawer.obj
 0001:00002881       ?Release@?$CComContainedObject@VCOPOSCashDrawer@@@ATL@@WIA@AGKXZ 10003881 f i CashDrawer.obj
 0001:0000288e       ?QueryInterface@?$CComContainedObject@VCOPOSCashDrawer@@@ATL@@WIE@AGJABU_GUID@@PAPAX@Z 1000388e f i CashDrawer.obj
 0001:0000289b       ?AddRef@?$CComContainedObject@VCOPOSCashDrawer@@@ATL@@WIE@AGKXZ 1000389b f i CashDrawer.obj
 0001:000028a8       ?Release@?$CComContainedObject@VCOPOSCashDrawer@@@ATL@@WIE@AGKXZ 100038a8 f i CashDrawer.obj
 0001:000028b5       ?QueryInterface@?$CComContainedObject@VCOPOSCashDrawer@@@ATL@@WII@AGJABU_GUID@@PAPAX@Z 100038b5 f i CashDrawer.obj
 0001:000028c2       ?AddRef@?$CComContainedObject@VCOPOSCashDrawer@@@ATL@@WII@AGKXZ 100038c2 f i CashDrawer.obj
 0001:000028cf       ?Release@?$CComContainedObject@VCOPOSCashDrawer@@@ATL@@WII@AGKXZ 100038cf f i CashDrawer.obj
 0001:000028dc       ?QueryInterface@?$CComContainedObject@VCOPOSCashDrawer@@@ATL@@WIM@AGJABU_GUID@@PAPAX@Z 100038dc f i CashDrawer.obj
 0001:000028e9       ?AddRef@?$CComContainedObject@VCOPOSCashDrawer@@@ATL@@WIM@AGKXZ 100038e9 f i CashDrawer.obj
 0001:000028f6       ??$?4UITypeInfo2@@@?$CComPtr@UITypeInfo@@@ATL@@QAEPAUITypeInfo@@ABV?$CComPtr@UITypeInfo2@@@1@@Z 100038f6 f i CashDrawer.obj
 0001:00002923       ??$AtlAdd@K@ATL@@YAJPAKKK@Z 10003923 f i CashDrawer.obj
 0001:00002946       ??$AtlAdd@_K@ATL@@YAJPA_K_K1@Z 10003946 f i CashDrawer.obj
 0001:0000297e       ??$AtlAddThrow@K@ATL@@YAKKK@Z 1000397e f i CashDrawer.obj
 0001:000029a4       ??$AtlModuleRegisterWndClassInfoT@VAtlModuleRegisterWndClassInfoParamW@ATL@@@ATL@@YAGPAU_ATL_BASE_MODULE70@0@PAU_ATL_WIN_MODULE70@0@PAU_ATL_WNDCLASSINFOW@0@PAP6GJPAUHWND__@@IIJ@ZVAtlModuleRegisterWndClassInfoParamW@0@@Z 100039a4 f i CashDrawer.obj
 0001:00002af2       ??$AtlMultiply@H@ATL@@YAJPAHHH@Z 10003af2 f i CashDrawer.obj
 0001:00002b2a       ??$AtlMultiply@K@ATL@@YAJPAKKK@Z 10003b2a f i CashDrawer.obj
 0001:00002b2a       ??$AtlMultiply@I@ATL@@YAJPAIII@Z 10003b2a f i CashDrawer.obj
 0001:00002b4c       ??$AtlMultiplyThrow@I@ATL@@YAIII@Z 10003b4c f i CashDrawer.obj
 0001:00002b72       ??0?$CComAggObject@VCOPOSCashDrawer@@@ATL@@QAE@PAX@Z 10003b72 f i CashDrawer.obj
 0001:00002b9f       ??0?$CComContainedObject@VCOPOSCashDrawer@@@ATL@@QAE@PAX@Z 10003b9f f i CashDrawer.obj
 0001:00002c58       ??0?$CComObject@V?$CComEnum@UIEnumConnectionPoints@@$1?_GUID_b196b285_bab4_101a_b69c_00aa00341d07@@3U__s_GUID@@BPAUIConnectionPoint@@V?$_CopyInterface@UIConnectionPoint@@@ATL@@VCComSingleThreadModel@6@@ATL@@@ATL@@QAE@PAX@Z 10003c58 f i CashDrawer.obj
 0001:00002c86       ??0?$CComObject@V?$CComEnum@UIEnumConnections@@$1?_GUID_b196b287_bab4_101a_b69c_00aa00341d07@@3U__s_GUID@@BUtagCONNECTDATA@@V?$_Copy@UtagCONNECTDATA@@@ATL@@VCComSingleThreadModel@6@@ATL@@@ATL@@QAE@PAX@Z 10003c86 f i CashDrawer.obj
 0001:00002cb4       ??0?$CComObject@VCOPOSCashDrawer@@@ATL@@QAE@PAX@Z 10003cb4 f i CashDrawer.obj
 0001:00002d6b       ??0?$CComQIPtr@UIOleControlSite@@$1?_GUID_b196b289_bab4_101a_b69c_00aa00341d07@@3U__s_GUID@@B@ATL@@QAE@PAUIUnknown@@@Z 10003d6b f i CashDrawer.obj
 0001:00002d94       ??0CAtlModule@ATL@@QAE@XZ  10003d94 f i CashDrawer.obj
 0001:00002dd5       ??0CParseBuffer@CRegParser@ATL@@QAE@H@Z 10003dd5 f i CashDrawer.obj
 0001:00002e0b       ??0_ATL_MSG@ATL@@QAE@PAUHWND__@@IIJH@Z 10003e0b f i CashDrawer.obj
 0001:00002e43       ??1?$CComAggObject@VCOPOSCashDrawer@@@ATL@@UAE@XZ 10003e43 f i CashDrawer.obj
 0001:00002e67       ??1?$CComEnumImpl@UIEnumConnectionPoints@@$1?_GUID_b196b285_bab4_101a_b69c_00aa00341d07@@3U__s_GUID@@BPAUIConnectionPoint@@V?$_CopyInterface@UIConnectionPoint@@@ATL@@@ATL@@UAE@XZ 10003e67 f i CashDrawer.obj
 0001:00002ea7       ??1?$CComEnumImpl@UIEnumConnections@@$1?_GUID_b196b287_bab4_101a_b69c_00aa00341d07@@3U__s_GUID@@BUtagCONNECTDATA@@V?$_Copy@UtagCONNECTDATA@@@ATL@@@ATL@@UAE@XZ 10003ea7 f i CashDrawer.obj
 0001:00002ee7       ??1?$CComObject@V?$CComEnum@UIEnumConnectionPoints@@$1?_GUID_b196b285_bab4_101a_b69c_00aa00341d07@@3U__s_GUID@@BPAUIConnectionPoint@@V?$_CopyInterface@UIConnectionPoint@@@ATL@@VCComSingleThreadModel@6@@ATL@@@ATL@@UAE@XZ 10003ee7 f i CashDrawer.obj
 0001:00002f0a       ??1?$CComObject@V?$CComEnum@UIEnumConnections@@$1?_GUID_b196b287_bab4_101a_b69c_00aa00341d07@@3U__s_GUID@@BUtagCONNECTDATA@@V?$_Copy@UtagCONNECTDATA@@@ATL@@VCComSingleThreadModel@6@@ATL@@@ATL@@UAE@XZ 10003f0a f i CashDrawer.obj
 0001:00002f2d       ??1?$CComObject@VCOPOSCashDrawer@@@ATL@@UAE@XZ 10003f2d f i CashDrawer.obj
 0001:00002feb       ??1?$CComObjectCached@VCComClassFactory@ATL@@@ATL@@UAE@XZ 10003feb f i CashDrawer.obj
 0001:00003001       ??1?$CComObjectRootEx@VCComMultiThreadModel@ATL@@@ATL@@QAE@XZ 10004001 f i CashDrawer.obj
 0001:00003016       ??1CRegObject@ATL@@UAE@XZ  10004016 f i CashDrawer.obj
 0001:00003036       ??4?$CComPtr@UIAdviseSink@@@ATL@@QAEPAUIAdviseSink@@PAU2@@Z 10004036 f i CashDrawer.obj
 0001:00003036       ??4?$CComPtr@UIUnknown@@@ATL@@QAEPAUIUnknown@@PAU2@@Z 10004036 f i CashDrawer.obj
 0001:00003036       ??4?$CComPtr@UIOleClientSite@@@ATL@@QAEPAUIOleClientSite@@PAU2@@Z 10004036 f i CashDrawer.obj
 0001:0000306a       ??_G?$CComContainedObject@VCOPOSCashDrawer@@@ATL@@UAEPAXI@Z 1000406a f i CashDrawer.obj
 0001:0000306a       ??_E?$CComContainedObject@VCOPOSCashDrawer@@@ATL@@UAEPAXI@Z 1000406a f i CashDrawer.obj
 0001:0000308f       ??_E?$CComObject@VCOPOSCashDrawer@@@ATL@@UAEPAXI@Z 1000408f f i CashDrawer.obj
 0001:0000308f       ??_G?$CComObject@VCOPOSCashDrawer@@@ATL@@UAEPAXI@Z 1000408f f i CashDrawer.obj
 0001:000030b4       ?Add@?$CSimpleArray@GV?$CSimpleArrayEqualHelper@G@ATL@@@ATL@@QAEHABG@Z 100040b4 f i CashDrawer.obj
 0001:00003138       ?Add@?$CSimpleMap@PA_WPA_WVCExpansionVectorEqualHelper@ATL@@@ATL@@QAEHABQA_W0@Z 10004138 f i CashDrawer.obj
 0001:0000318d       ?Add@CComDynamicUnkArray@ATL@@QAEKPAUIUnknown@@@Z 1000418d f i CashDrawer.obj
 0001:00003243       ?Add@CExpansionVector@ATL@@QAEHPB_W0@Z 10004243 f i CashDrawer.obj
 0001:0000334c       ?AddString@CParseBuffer@CRegParser@ATL@@QAEHPB_W@Z 1000434c f i CashDrawer.obj
 0001:00003381       ?AddTermFunc@CAtlModule@ATL@@QAEJP6GXK@ZK@Z 10004381 f i CashDrawer.obj
 0001:000033e4       ?AddValue@CRegParser@ATL@@IAEJAAVCRegKey@2@PB_WPA_W@Z 100043e4 f i CashDrawer.obj
 0001:000036fe       ?Allocate@?$CAtlSafeAllocBufferManager@VCCRTAllocator@ATL@@@_ATL_SAFE_ALLOCA_IMPL@ATL@@QAEPAXK@Z 100046fe f i CashDrawer.obj
 0001:0000372b       ?Allocate@?$CTempBuffer@E$0BAA@VCCRTAllocator@ATL@@@ATL@@QAEPAEI@Z 1000472b f i CashDrawer.obj
 0001:0000375a       ?Allocate@?$CTempBuffer@_W$0BAA@VCCRTAllocator@ATL@@@ATL@@QAEPA_WI@Z 1000475a f i CashDrawer.obj
 0001:00003789       ?Allocate@?$CTempBuffer@_W$0EAA@VCCRTAllocator@ATL@@@ATL@@QAEPA_WI@Z 10004789 f i CashDrawer.obj
 0001:000037b8       ?AllocateHeap@?$CTempBuffer@_W$0EAA@VCCRTAllocator@ATL@@@ATL@@AAEXI@Z 100047b8 f i CashDrawer.obj
 0001:000037b8       ?AllocateHeap@?$CTempBuffer@_W$0BAA@VCCRTAllocator@ATL@@@ATL@@AAEXI@Z 100047b8 f i CashDrawer.obj
 0001:000037b8       ?AllocateHeap@?$CTempBuffer@E$0BAA@VCCRTAllocator@ATL@@@ATL@@AAEXI@Z 100047b8 f i CashDrawer.obj
 0001:000037dd       ?Append@CParseBuffer@CRegParser@ATL@@QAEHPB_WH@Z 100047dd f i CashDrawer.obj
 0001:0000386b       ?AtlCoTaskMemCAlloc@ATL@@YAPAXKK@Z 1000486b f i CashDrawer.obj
 0001:00003898       ?AtlCoTaskMemRecalloc@ATL@@YAPAXPAXKK@Z 10004898 f i CashDrawer.obj
 0001:000038c8       ?AtlComModuleGetClassObject@ATL@@YGJPAU_ATL_COM_MODULE70@1@ABU_GUID@@1PAPAX@Z 100048c8 f i CashDrawer.obj
 0001:000039bb       ?AtlComModuleRegisterServer@ATL@@YGJPAU_ATL_COM_MODULE70@1@HPBU_GUID@@@Z 100049bb f i CashDrawer.obj
 0001:00003a43       ?AtlComModuleUnregisterServer@ATL@@YGJPAU_ATL_COM_MODULE70@1@HPBU_GUID@@@Z 10004a43 f i CashDrawer.obj
 0001:00003acb       ?AtlComQIPtrAssign2@ATL@@YAXPAPAUIUnknown@@PAU2@ABU_GUID@@@Z 10004acb f i CashDrawer.obj
 0001:00003afa       ?AtlCreateTargetDC@ATL@@YGPAUHDC__@@PAU2@PAUtagDVTARGETDEVICE@@@Z 10004afa f i CashDrawer.obj
 0001:00003b63       ?AtlCrtErrorCheck@ATL@@YAHH@Z 10004b63 f i CashDrawer.obj
 0001:00003b9e       ?AtlHiMetricToPixel@ATL@@YGXPBUtagSIZE@@PAU2@@Z 10004b9e f i CashDrawer.obj
 0001:00003c13       ?AtlHresultFromLastError@ATL@@YAJXZ 10004c13 f i CashDrawer.obj
 0001:00003c2a       ?AtlHresultFromWin32@ATL@@YAJK@Z 10004c2a f i CashDrawer.obj
 0001:00003c3f       ?AtlInternalOleLoadFromStream@ATL@@YAJPAUIStream@@ABU_GUID@@PAPAXTClassesAllowedInStream@1@K@Z 10004c3f f i CashDrawer.obj
 0001:00003d5d       ?AtlInternalQueryInterface@ATL@@YGJPAXPBU_ATL_INTMAP_ENTRY@1@ABU_GUID@@PAPAX@Z 10004d5d f i CashDrawer.obj
 0001:00003e00       ?AtlLoadTypeLib@ATL@@YGJPAUHINSTANCE__@@PB_WPAPA_WPAPAUITypeLib@@@Z 10004e00 f i CashDrawer.obj
 0001:00003fde       ?AtlRegisterClassCategoriesHelper@ATL@@YGJABU_GUID@@PBU_ATL_CATMAP_ENTRY@1@H@Z 10004fde f i CashDrawer.obj
 0001:000042da       ?AtlRegisterTypeLib@ATL@@YGJPAUHINSTANCE__@@PB_W@Z 100052da f i CashDrawer.obj
 0001:00004462       ?AtlThrowImpl@ATL@@YGXJ@Z  10005462 f i CashDrawer.obj
 0001:00004480       ?AtlUnRegisterTypeLib@ATL@@YGJPAUHINSTANCE__@@PB_W@Z 10005480 f i CashDrawer.obj
 0001:0000452b       ?AtlWinModuleAddCreateWndData@ATL@@YGXPAU_ATL_WIN_MODULE70@1@PAU_AtlCreateWndData@1@PAX@Z 1000552b f i CashDrawer.obj
 0001:0000457f       ?AtlWinModuleExtractCreateWndData@ATL@@YGPAXPAU_ATL_WIN_MODULE70@1@@Z 1000557f f i CashDrawer.obj
 0001:000045e2       ?AtlWinModuleRegisterClassExW@ATL@@YGGPAU_ATL_WIN_MODULE70@1@PBUtagWNDCLASSEXW@@@Z 100055e2 f i CashDrawer.obj
 0001:00004621       ?CanForceRemoveKey@CRegParser@ATL@@IAEHPB_W@Z 10005621 f i CashDrawer.obj
 0001:00004650       ?ChToByte@CRegParser@ATL@@KAE_W@Z 10005650 f i CashDrawer.obj
 0001:00004683       ?Cleanup@CComTypeInfoHolder@ATL@@SGXK@Z 10005683 f i CashDrawer.obj
 0001:000046b6       ?ClearReplacements@CExpansionVector@ATL@@QAEJXZ 100056b6 f i CashDrawer.obj
 0001:000046f3       ?Close@CRegKey@ATL@@QAEJXZ 100056f3 f i CashDrawer.obj
 0001:0000470d       ?CreateInstance@?$CComCreator@V?$CComAggObject@VCOPOSCashDrawer@@@ATL@@@ATL@@SGJPAXABU_GUID@@PAPAX@Z 1000570d f i CashDrawer.obj
 0001:00004782       ?CreateInstance@?$CComCreator@V?$CComObject@VCOPOSCashDrawer@@@ATL@@@ATL@@SGJPAXABU_GUID@@PAPAX@Z 10005782 f i CashDrawer.obj
 0001:00004802       ?CreateInstance@?$CComObject@V?$CComEnum@UIEnumConnectionPoints@@$1?_GUID_b196b285_bab4_101a_b69c_00aa00341d07@@3U__s_GUID@@BPAUIConnectionPoint@@V?$_CopyInterface@UIConnectionPoint@@@ATL@@VCComSingleThreadModel@6@@ATL@@@ATL@@SGJPAPAV12@@Z 10005802 f i CashDrawer.obj
 0001:0000484c       ?CreateInstance@?$CComObject@V?$CComEnum@UIEnumConnections@@$1?_GUID_b196b287_bab4_101a_b69c_00aa00341d07@@3U__s_GUID@@BUtagCONNECTDATA@@V?$_Copy@UtagCONNECTDATA@@@ATL@@VCComSingleThreadModel@6@@ATL@@@ATL@@SGJPAPAV12@@Z 1000584c f i CashDrawer.obj
 0001:00004896       ?DefaultReflectionHandler@?$CWindowImplRoot@VCWindow@ATL@@@ATL@@SAHPAUHWND__@@IIJAAJ@Z 10005896 f i CashDrawer.obj
 0001:00004909       ?DeleteSubKey@CRegKey@ATL@@QAEJPB_W@Z 10005909 f i CashDrawer.obj
 0001:00004982       ?DoEvent@COPOSCashDrawer@@IAEXIIJ@Z 10005982 f i CashDrawer.obj
 0001:00004a02       ?DoVerbHide@?$IOleObjectImpl@VCOPOSCashDrawer@@@ATL@@QAEJPBUtagRECT@@PAUHWND__@@@Z 10005a02 f i CashDrawer.obj
 0001:00004a38       ?DoVerbInPlaceActivate@?$IOleObjectImpl@VCOPOSCashDrawer@@@ATL@@QAEJPBUtagRECT@@PAUHWND__@@@Z 10005a38 f i CashDrawer.obj
 0001:00004a6b       ?DoVerbPrimary@?$IOleObjectImpl@VCOPOSCashDrawer@@@ATL@@QAEJPBUtagRECT@@PAUHWND__@@@Z 10005a6b f i CashDrawer.obj
 0001:00004af7       ?DoVerbProperties@CComControlBase@ATL@@QAEJPBUtagRECT@@PAUHWND__@@@Z 10005af7 f i CashDrawer.obj
 0001:00004c76       ?DoVerbUIActivate@?$IOleObjectImpl@VCOPOSCashDrawer@@@ATL@@QAEJPBUtagRECT@@PAUHWND__@@@Z 10005c76 f i CashDrawer.obj
 0001:00004cb3       ?DoesVerbActivate@CComControlBase@ATL@@QAEHJ@Z 10005cb3 f i CashDrawer.obj
 0001:00004cd4       ?DoesVerbUIActivate@CComControlBase@ATL@@QAEHJ@Z 10005cd4 f i CashDrawer.obj
 0001:00004d09       ?EndOfVar@CRegParser@ATL@@IAEHXZ 10005d09 f i CashDrawer.obj
 0001:00004d29       ?EscapeSingleQuote@CAtlModule@ATL@@SAXPA_WIPB_W@Z 10005d29 f i CashDrawer.obj
 0001:00004d78       ?FindKey@?$CSimpleMap@PA_WPA_WVCExpansionVectorEqualHelper@ATL@@@ATL@@QBEHABQA_W@Z 10005d78 f i CashDrawer.obj
 0001:00004daf       ?FireTheEvent@?$CProxy_IOPOSEvents@VCOPOSCashDrawer@@@@IAEXPAVOposVariant@@IAAJPB_WJ@Z 10005daf f i CashDrawer.obj
 0001:00004e41       ?FireViewChange@CComControlBase@ATL@@QAEJXZ 10005e41 f i CashDrawer.obj
 0001:00004e8a       ?Fire_DirectIOEvent@?$CProxy_IOPOSEvents@VCOPOSCashDrawer@@@@QAEXJPAJPAPA_W@Z 10005e8a f i CashDrawer.obj
 0001:00004f76       ?Fire_StatusUpdateEvent@?$CProxy_IOPOSEvents@VCOPOSCashDrawer@@@@QAEXJ@Z 10005f76 f i CashDrawer.obj
 0001:0000500c       ?FreeHeap@?$CTempBuffer@E$0BAA@VCCRTAllocator@ATL@@@ATL@@AAEXXZ 1000600c f i CashDrawer.obj
 0001:0000500c       ?FreeHeap@?$CTempBuffer@_W$0BAA@VCCRTAllocator@ATL@@@ATL@@AAEXXZ 1000600c f i CashDrawer.obj
 0001:0000500c       ?FreeHeap@?$CTempBuffer@_W$0EAA@VCCRTAllocator@ATL@@@ATL@@AAEXXZ 1000600c f i CashDrawer.obj
 0001:00005015       ?GetAmbientLocaleID@CComControlBase@ATL@@QAEJAAK@Z 10006015 f i CashDrawer.obj
 0001:00005071       ?GetAmbientUserMode@CComControlBase@ATL@@QAEJAAH@Z 10006071 f i CashDrawer.obj
 0001:000050e1       ?GetAt@CComDynamicUnkArray@ATL@@QAEPAUIUnknown@@H@Z 100060e1 f i CashDrawer.obj
 0001:000050fd       ?GetClassObject@CComModule@ATL@@QAEJABU_GUID@@0PAPAX@Z 100060fd f i CashDrawer.obj
 0001:0000519f       ?GetConnMap@COPOSCashDrawer@@SAPBU_ATL_CONNMAP_ENTRY@ATL@@PAH@Z 1000619f f i CashDrawer.obj
 0001:0000520f       ?GetCookie@CComDynamicUnkArray@ATL@@QAGKPAPAUIUnknown@@@Z 1000620f f i CashDrawer.obj
 0001:00005247       ?GetIDsOfNames@CComTypeInfoHolder@ATL@@QAEJABU_GUID@@PAPA_WIKPAJ@Z 10006247 f i CashDrawer.obj
 0001:0000536e       ?GetKeyAt@?$CSimpleMap@PA_WPA_WVCExpansionVectorEqualHelper@ATL@@@ATL@@QBEAAPA_WH@Z 1000636e f i CashDrawer.obj
 0001:00005393       ?GetPagesHelper@?$ISpecifyPropertyPagesImpl@VCOPOSCashDrawer@@@ATL@@IAEJPAUtagCAUUID@@PBUATL_PROPMAP_ENTRY@2@@Z 10006393 f i CashDrawer.obj
 0001:000054ba       ?GetProperty@?$CComPtr@UIDispatch@@@ATL@@SAJPAUIDispatch@@JPAUtagVARIANT@@@Z 100064ba f i CashDrawer.obj
 0001:00005509       ?GetSizeMax@CComVariant@ATL@@QBEJPAT_ULARGE_INTEGER@@@Z 10006509 f i CashDrawer.obj
 0001:000056cb       ?GetTI@CComTypeInfoHolder@ATL@@QAEJK@Z 100066cb f i CashDrawer.obj
 0001:000058aa       ?GetTI@CComTypeInfoHolder@ATL@@QAEJKPAPAUITypeInfo@@@Z 100068aa f i CashDrawer.obj
 0001:000058ec       ?GetUnknown@CComDynamicUnkArray@ATL@@QAGPAUIUnknown@@K@Z 100068ec f i CashDrawer.obj
 0001:0000590d       ?GetValueAt@?$CSimpleMap@PA_WPA_WVCExpansionVectorEqualHelper@ATL@@@ATL@@QBEAAPA_WH@Z 1000690d f i CashDrawer.obj
 0001:00005933       ?GetZoomInfo@CComControlBase@ATL@@QAEXAAUATL_DRAWINFO@@@Z 10006933 f i CashDrawer.obj
 0001:000059c6       ?HKeyFromString@CRegParser@ATL@@KAPAUHKEY__@@PA_W@Z 100069c6 f i CashDrawer.obj
 0001:000059f4       ?HasSubKeys@CRegParser@ATL@@IAEHPAUHKEY__@@@Z 100069f4 f i CashDrawer.obj
 0001:00005a29       ?IDataObject_GetData@CComControlBase@ATL@@QAEJPAUtagFORMATETC@@PAUtagSTGMEDIUM@@@Z 10006a29 f i CashDrawer.obj
 0001:00005bcf       ?IOleInPlaceObject_InPlaceDeactivate@CComControlBase@ATL@@QAEJXZ 10006bcf f i CashDrawer.obj
 0001:00005c56       ?IOleInPlaceObject_SetObjectRects@CComControlBase@ATL@@QAEJPBUtagRECT@@0@Z 10006c56 f i CashDrawer.obj
 0001:00005d23       ?IOleInPlaceObject_UIDeactivate@CComControlBase@ATL@@QAEJXZ 10006d23 f i CashDrawer.obj
 0001:00005de5       ?IOleObject_Advise@CComControlBase@ATL@@QAEJPAUIAdviseSink@@PAK@Z 10006de5 f i CashDrawer.obj
 0001:00005e0f       ?IOleObject_Close@CComControlBase@ATL@@QAEJK@Z 10006e0f f i CashDrawer.obj
 0001:00005ef3       ?IOleObject_GetClientSite@CComControlBase@ATL@@QAEJPAPAUIOleClientSite@@@Z 10006ef3 f i CashDrawer.obj
 0001:00005f1c       ?IOleObject_SetClientSite@CComControlBase@ATL@@QAEJPAUIOleClientSite@@@Z 10006f1c f i CashDrawer.obj
 0001:00005f5b       ?IOleObject_SetExtent@CComControlBase@ATL@@QAEJKPAUtagSIZE@@@Z 10006f5b f i CashDrawer.obj
 0001:0000600d       ?IPSI_GetIPersistStreamInit@?$IPersistStorageImpl@VCOPOSCashDrawer@@@ATL@@AAEPAUIPersistStreamInit@@XZ 1000700d f i CashDrawer.obj
 0001:000060b5       ?IPersistStreamInit_Load@?$IPersistStreamInitImpl@VCOPOSCashDrawer@@@ATL@@QAEJPAUIStream@@PBUATL_PROPMAP_ENTRY@2@@Z 100070b5 f i CashDrawer.obj
 0001:0000632a       ?IPersistStreamInit_Save@?$IPersistStreamInitImpl@VCOPOSCashDrawer@@@ATL@@QAEJPAUIStream@@HPBUATL_PROPMAP_ENTRY@2@@Z 1000732a f i CashDrawer.obj
 0001:00006518       ?IQuickActivate_QuickActivate@CComControlBase@ATL@@QAEJPAUtagQACONTAINER@@PAUtagQACONTROL@@@Z 10007518 f i CashDrawer.obj
 0001:0000675a       ?IViewObject_Draw@CComControlBase@ATL@@QAEJKJPAXPAUtagDVTARGETDEVICE@@PAUHDC__@@2PBU_RECTL@@3@Z 1000775a f i CashDrawer.obj
 0001:00006802       ?InPlaceActivate@CComControlBase@ATL@@QAEJJPBUtagRECT@@@Z 10007802 f i CashDrawer.obj
 0001:00006a73       ?Init@?$CComEnumImpl@UIEnumConnectionPoints@@$1?_GUID_b196b285_bab4_101a_b69c_00aa00341d07@@3U__s_GUID@@BPAUIConnectionPoint@@V?$_CopyInterface@UIConnectionPoint@@@ATL@@@ATL@@QAEJPAPAUIConnectionPoint@@0PAUIUnknown@@W4CComEnumFlags@2@@Z 10007a73 f i CashDrawer.obj
 0001:00006b52       ?Init@?$CComEnumImpl@UIEnumConnections@@$1?_GUID_b196b287_bab4_101a_b69c_00aa00341d07@@3U__s_GUID@@BUtagCONNECTDATA@@V?$_Copy@UtagCONNECTDATA@@@ATL@@@ATL@@QAEJPAUtagCONNECTDATA@@0PAUIUnknown@@W4CComEnumFlags@2@@Z 10007b52 f i CashDrawer.obj
 0001:00006c31       ?Init@CComModule@ATL@@QAEJPAU_ATL_OBJMAP_ENTRY30@2@PAUHINSTANCE__@@PBU_GUID@@@Z 10007c31 f i CashDrawer.obj
 0001:00006c90       ?Init@CDynamicStdCallThunk2@ATL@@QAEHKPAX@Z 10007c90 f i CashDrawer.obj
 0001:00006cbb       ?InlineIsEqualUnknown@ATL@@YGHABU_GUID@@@Z 10007cbb f i CashDrawer.obj
 0001:00006ce3       ?InternalSetAtIndex@?$CSimpleMap@PA_WPA_WVCExpansionVectorEqualHelper@ATL@@@ATL@@QAEXHABQA_W0@Z 10007ce3 f i CashDrawer.obj
 0001:00006d0d       ?Invoke@CComTypeInfoHolder@ATL@@QAEJPAUIDispatch@@JABU_GUID@@KGPAUtagDISPPARAMS@@PAUtagVARIANT@@PAUtagEXCEPINFO@@PAI@Z 10007d0d f i CashDrawer.obj
 0001:00006d50       ?IsEqualObject@?$CComPtrBase@UIOleClientSite@@@ATL@@QAE_NPAUIUnknown@@@Z 10007d50 f i CashDrawer.obj
 0001:00006d50       ?IsEqualObject@?$CComPtrBase@UITypeInfo@@@ATL@@QAE_NPAUIUnknown@@@Z 10007d50 f i CashDrawer.obj
 0001:00006dbd       ?IsSpace@CRegParser@ATL@@IAEH_W@Z 10007dbd f i CashDrawer.obj
 0001:00006de7       ?LoadNameCache@CComTypeInfoHolder@ATL@@QAEJPAUITypeInfo@@@Z 10007de7 f i CashDrawer.obj
 0001:00006f1c       ?Lookup@?$CSimpleMap@PA_WPA_WVCExpansionVectorEqualHelper@ATL@@@ATL@@QBEPA_WABQA_W@Z 10007f1c f i CashDrawer.obj
 0001:00006f42       ?NextToken@CRegParser@ATL@@IAEJPA_W@Z 10007f42 f i CashDrawer.obj
 0001:0000707a       ?OnKillFocus@CComControlBase@ATL@@QAEJIIJAAH@Z 1000807a f i CashDrawer.obj
 0001:000070d5       ?OnMouseActivate@CComControlBase@ATL@@QAEJIIJAAH@Z 100080d5 f i CashDrawer.obj
 0001:00007143       ?OnPaint@CComControlBase@ATL@@QAEJIIJAAH@Z 10008143 f i CashDrawer.obj
 0001:000071f5       ?OnSetFocus@CComControlBase@ATL@@QAEJIIJAAH@Z 100081f5 f i CashDrawer.obj
 0001:0000727e       ?Open@CRegKey@ATL@@QAEJPAUHKEY__@@PB_WK@Z 1000827e f i CashDrawer.obj
 0001:000072d3       ?PreProcessBuffer@CRegParser@ATL@@QAEJPA_WPAPA_W@Z 100082d3 f i CashDrawer.obj
 0001:00007542       ?ProcessWindowMessage@?$CComControl@VCOPOSCashDrawer@@V?$CWindowImpl@VCOPOSCashDrawer@@VCWindow@ATL@@V?$CWinTraits@$0FGAAAAAA@$0A@@3@@ATL@@@ATL@@UAEHPAUHWND__@@IIJAAJK@Z 10008542 f i CashDrawer.obj
 0001:000075e1       ?ReadFromStream@CComBSTR@ATL@@QAEJPAUIStream@@@Z 100085e1 f i CashDrawer.obj
 0001:00007704       ?ReadFromStream@CComVariant@ATL@@QAEJPAUIStream@@GTClassesAllowedInStream@2@K@Z 10008704 f i CashDrawer.obj
 0001:0000788e       ?RecurseDeleteKey@CRegKey@ATL@@QAEJPB_W@Z 1000888e f i CashDrawer.obj
 0001:0000797c       ?RegCreateKeyExW@CAtlTransactionManager@ATL@@QAEJPAUHKEY__@@PB_WKPA_WKKQAU_SECURITY_ATTRIBUTES@@PAPAU3@PAK@Z 1000897c f i CashDrawer.obj
 0001:000079df       ?RegDeleteKeyW@CAtlTransactionManager@ATL@@QAEJPAUHKEY__@@PB_W@Z 100089df f i CashDrawer.obj
 0001:00007a31       ?RegOpenKeyExW@CAtlTransactionManager@ATL@@QAEJPAUHKEY__@@PB_WKKPAPAU3@@Z 10008a31 f i CashDrawer.obj
 0001:00007a88       ?Register@_ATL_WNDCLASSINFOW@ATL@@QAEGPAP6GJPAUHWND__@@IIJ@Z@Z 10008a88 f i CashDrawer.obj
 0001:00007aa8       ?RegisterBuffer@CRegParser@ATL@@QAEJPA_WH@Z 10008aa8 f i CashDrawer.obj
 0001:00007bef       ?RegisterFromResource@CRegObject@ATL@@IAEJPB_W00H@Z 10008bef f i CashDrawer.obj
 0001:00007d25       ?RegisterServer@?$CAtlModuleT@VCComModule@ATL@@@ATL@@QAEJHPBU_GUID@@@Z 10008d25 f i CashDrawer.obj
 0001:00007d53       ?RegisterServer@CComModule@ATL@@QAEJHPBU_GUID@@@Z 10008d53 f i CashDrawer.obj
 0001:00007dc9       ?RegisterSubkeys@CRegParser@ATL@@IAEJPA_WPAUHKEY__@@HH@Z 10008dc9 f i CashDrawer.obj
 0001:00008476       ?Remove@CComDynamicUnkArray@ATL@@QAEHK@Z 10009476 f i CashDrawer.obj
 0001:0000849f       ?RemoveAll@?$CSimpleMap@PA_WPA_WVCExpansionVectorEqualHelper@ATL@@@ATL@@QAEXXZ 1000949f f i CashDrawer.obj
 0001:000084cb       ?ResourceRegisterSz@CRegObject@ATL@@QAGJPB_W00@Z 100094cb f i CashDrawer.obj
 0001:000084f8       ?ResourceUnregisterSz@CRegObject@ATL@@QAGJPB_W00@Z 100094f8 f i CashDrawer.obj
 0001:00008525       ?SendOnDataChange@CComControlBase@ATL@@QAEJK@Z 10009525 f i CashDrawer.obj
 0001:00008572       ?SetControlFocus@CComControlBase@ATL@@QAEHH@Z 10009572 f i CashDrawer.obj
 0001:0000860f       ?SetMultiStringValue@CRegKey@ATL@@QAEJPB_W0@Z 1000960f f i CashDrawer.obj
 0001:0000866b       ?SetStringValue@CRegKey@ATL@@QAEJPB_W0K@Z 1000966b f i CashDrawer.obj
 0001:000086b4       ?SkipAssignment@CRegParser@ATL@@IAEJPA_W@Z 100096b4 f i CashDrawer.obj
 0001:00008719       ?SkipWhiteSpace@CRegParser@ATL@@IAEXXZ 10009719 f i CashDrawer.obj
 0001:0000873b       ?StrChrW@CRegParser@ATL@@KAPA_WPA_W_W@Z 1000973b f i CashDrawer.obj
 0001:00008778       ?Term@CAtlModule@ATL@@QAEXXZ 10009778 f i CashDrawer.obj
 0001:000087cb       ?Term@CComModule@ATL@@QAEXXZ 100097cb f i CashDrawer.obj
 0001:00008823       ?UnregisterServer@?$CAtlModuleT@VCComModule@ATL@@@ATL@@QAEJHPBU_GUID@@@Z 10009823 f i CashDrawer.obj
 0001:00008849       ?UnregisterServer@CComModule@ATL@@QAEJHPBU_GUID@@@Z 10009849 f i CashDrawer.obj
 0001:000088bf       ?UpdateRegistryFromResource@CAtlModule@ATL@@QAGJIHPAU_ATL_REGMAP_ENTRY@2@@Z 100098bf f i CashDrawer.obj
 0001:00008a8a       ?UpdateRegistryFromResource@CAtlModule@ATL@@QAGJPB_WHPAU_ATL_REGMAP_ENTRY@2@@Z 10009a8a f i CashDrawer.obj
 0001:00008c5b       ?VTFromRegType@CRegParser@ATL@@KAHPB_WAAG@Z 10009c5b f i CashDrawer.obj
 0001:00008cc8       ?WindowProc@?$CWindowImplBaseT@VCWindow@ATL@@V?$CWinTraits@$0FGAAAAAA@$0A@@2@@ATL@@SGJPAUHWND__@@IIJ@Z 10009cc8 f i CashDrawer.obj
 0001:00008dba       ?WriteToStream@CComBSTR@ATL@@QAEJPAUIStream@@@Z 10009dba f i CashDrawer.obj
 0001:00008e1c       ?WriteToStream@CComVariant@ATL@@QAEJPAUIStream@@@Z 10009e1c f i CashDrawer.obj
 0001:00008f96       ?WriteToStream@CComVariant@ATL@@QAEJPAUIStream@@G@Z 10009f96 f i CashDrawer.obj
 0001:00008fff       ?_AtlInitialConstruct@?$CComObjectRootEx@VCComMultiThreadModel@ATL@@@ATL@@QAEJXZ 10009fff f i CashDrawer.obj
 0001:00009014       ?_AtlVerifyStackAvailable@_ATL_SAFE_ALLOCA_IMPL@ATL@@YA_NK@Z 1000a014 f i CashDrawer.obj
 0001:00009092       ?atlCreate@?$CWindowImpl@VCOPOSCashDrawer@@VCWindow@ATL@@V?$CWinTraits@$0FGAAAAAA@$0A@@3@@ATL@@QAEPAUHWND__@@PAU3@V_U_RECT@2@PB_WKKV_U_MENUorID@2@PAX@Z 1000a092 f i CashDrawer.obj
 0001:000090d6       ?atlCreate@?$CWindowImplBaseT@VCWindow@ATL@@V?$CWinTraits@$0FGAAAAAA@$0A@@2@@ATL@@QAEPAUHWND__@@PAU3@V_U_RECT@2@PB_WKKV_U_MENUorID@2@GPAX@Z 1000a0d6 f i CashDrawer.obj
 0001:00009172       ?copy@?$_Copy@UtagCONNECTDATA@@@ATL@@SAJPAUtagCONNECTDATA@@PBU3@@Z 1000a172 f i CashDrawer.obj
 0001:000091a8       ?copy@?$_CopyInterface@UIConnectionPoint@@@ATL@@SAJPAPAUIConnectionPoint@@PBQAU3@@Z 1000a1a8 f i CashDrawer.obj
 0001:000091d6       ?memcpy_s@Checked@ATL@@YAXPAXIPBXI@Z 1000a1d6 f i CashDrawer.obj
 0001:000091f5       ?ocscpy_s@@YA_NPA_WIPB_W@Z 1000a1f5 f i CashDrawer.obj
 0001:0000923f       ?wcscpy_s@Checked@ATL@@YAXPA_WIPB_W@Z 1000a23f f i CashDrawer.obj
 0001:0000925b       _DllCanUnloadNow@0         1000a25b f   CashDrawer.obj
 0001:00009267       _DllGetClassObject@12      1000a267 f   CashDrawer.obj
 0001:00009275       _DllMain@12                1000a275 f   CashDrawer.obj
 0001:000092b7       _DllRegisterServer@0       1000a2b7 f   CashDrawer.obj
 0001:000092c6       _DllUnregisterServer@0     1000a2c6 f   CashDrawer.obj
 0001:000092d5       _InlineIsEqualGUID         1000a2d5 f i CashDrawer.obj
 0001:00009305       ___local_stdio_printf_options 1000a305 f i CashDrawer.obj
 0001:0000930b       __vswprintf_s_l            1000a30b f i CashDrawer.obj
 0001:000093b8       _swprintf_s                1000a3b8 f i CashDrawer.obj
 0001:000093d4       ??0?$CComControl@VCOPOSCashDrawer@@V?$CWindowImpl@VCOPOSCashDrawer@@VCWindow@ATL@@V?$CWinTraits@$0FGAAAAAA@$0A@@3@@ATL@@@ATL@@QAE@XZ 1000a3d4 f i CashDrawerImpl.obj
 0001:000093fb       ??0CComControlBase@ATL@@QAE@AAPAUHWND__@@@Z 1000a3fb f i CashDrawerImpl.obj
 0001:0000944b       ??0COPOSCashDrawer@@QAE@XZ 1000a44b f   CashDrawerImpl.obj
 0001:0000949a       ??1?$CComControl@VCOPOSCashDrawer@@V?$CWindowImpl@VCOPOSCashDrawer@@VCWindow@ATL@@V?$CWinTraits@$0FGAAAAAA@$0A@@3@@ATL@@@ATL@@UAE@XZ 1000a49a f i CashDrawerImpl.obj
 0001:000094b3       ??1?$IConnectionPointImpl@VCOPOSCashDrawer@@$1?DIID__IOPOSCashDrawerEvents@@3U_GUID@@BVCComDynamicUnkArray@ATL@@@ATL@@QAE@XZ 1000a4b3 f i CashDrawerImpl.obj
 0001:000094b3       ??1?$IConnectionPointImpl@VCOPOSCashDrawer@@$1?IID_IPropertyNotifySink@@3U_GUID@@BVCComDynamicUnkArray@ATL@@@ATL@@QAE@XZ 1000a4b3 f i CashDrawerImpl.obj
 0001:000094f0       ??1CComControlBase@ATL@@UAE@XZ 1000a4f0 f i CashDrawerImpl.obj
 0001:00009553       ??1COPOSCashDrawer@@UAE@XZ 1000a553 f   CashDrawerImpl.obj
 0001:0000959b       ?CheckHealth@COPOSCashDrawer@@UAGJJPAJ@Z 1000a59b f   CashDrawerImpl.obj
 0001:000095ea       ?ClaimDevice@COPOSCashDrawer@@UAGJJPAJ@Z 1000a5ea f   CashDrawerImpl.obj
 0001:00009658       ?Close@COPOSCashDrawer@@UAGJPAJ@Z 1000a658 f   CashDrawerImpl.obj
 0001:000096c6       ?CompareFirmwareVersion@COPOSCashDrawer@@UAGJPA_WPAJ1@Z 1000a6c6 f   CashDrawerImpl.obj
 0001:00009746       ?DirectIO@COPOSCashDrawer@@UAGJJPAJPAPA_W0@Z 1000a746 f   CashDrawerImpl.obj
 0001:000097f4       ?DoInvoke@COPOSCashDrawer@@IAEJJPAVOposVariant@@IHPAJ_N@Z 1000a7f4 f   CashDrawerImpl.obj
 0001:000098d0       ?EventClose@COPOSCashDrawer@@IAEXXZ 1000a8d0 f i CashDrawerImpl.obj
 0001:00009903       ?EventInit@COPOSCashDrawer@@IAEJXZ 1000a903 f i CashDrawerImpl.obj
 0001:000099cf       ?EventUninit@COPOSCashDrawer@@IAEXXZ 1000a9cf f i CashDrawerImpl.obj
 0001:00009a21       ?EventWindowProc@COPOSCashDrawer@@IAGJIIJ@Z 1000aa21 f i CashDrawerImpl.obj
 0001:00009a98       ?FinalConstruct@COPOSCashDrawer@@QAEJXZ 1000aa98 f   CashDrawerImpl.obj
 0001:00009ad1       ?FireEventCleanup@COPOSCashDrawer@@IAEXXZ 1000aad1 f i CashDrawerImpl.obj
 0001:00009ae7       ?FireEventSetup@COPOSCashDrawer@@IAE_NXZ 1000aae7 f i CashDrawerImpl.obj
 0001:00009b1b       ?FreezeEvents@COPOSCashDrawer@@MAGJH@Z 1000ab1b f   CashDrawerImpl.obj
 0001:00009b6c       ?GetOposProp@COPOSCashDrawer@@IAEJJPAFJ@Z 1000ab6c f   CashDrawerImpl.obj
 0001:00009b8f       ?GetOposProp@COPOSCashDrawer@@IAEJJPAJJ@Z 1000ab8f f   CashDrawerImpl.obj
 0001:00009c5e       ?GetOposProp@COPOSCashDrawer@@IAEJJPAPA_WJ@Z 1000ac5e f   CashDrawerImpl.obj
 0001:00009d3a       ?OnDraw@COPOSCashDrawer@@MAEJAAUATL_DRAWINFO@@@Z 1000ad3a f   CashDrawerImpl.obj
 0001:00009dda       ?Open@COPOSCashDrawer@@UAGJPA_WPAJ@Z 1000adda f   CashDrawerImpl.obj
 0001:0000a61a       ?OpenDrawer@COPOSCashDrawer@@UAGJPAJ@Z 1000b61a f   CashDrawerImpl.obj
 0001:0000a635       ?ReleaseDevice@COPOSCashDrawer@@UAGJPAJ@Z 1000b635 f   CashDrawerImpl.obj
 0001:0000a66c       ?ResetStatistics@COPOSCashDrawer@@UAGJPA_WPAJ@Z 1000b66c f   CashDrawerImpl.obj
 0001:0000a6c3       ?RetrieveStatistics@COPOSCashDrawer@@UAGJPAPA_WPAJ@Z 1000b6c3 f   CashDrawerImpl.obj
 0001:0000a71a       ?SOProcessID@COPOSCashDrawer@@UAGJPAJ@Z 1000b71a f   CashDrawerImpl.obj
 0001:0000a72e       ?SetCOFreezeEvents@COPOSCashDrawer@@IAEXF@Z 1000b72e f   CashDrawerImpl.obj
 0001:0000a7ce       ?SetOposProp@COPOSCashDrawer@@IAEJJJJ@Z 1000b7ce f   CashDrawerImpl.obj
 0001:0000a8c5       ?UpdateFirmware@COPOSCashDrawer@@UAGJPA_WPAJ@Z 1000b8c5 f   CashDrawerImpl.obj
 0001:0000a91c       ?UpdateStatistics@COPOSCashDrawer@@UAGJPA_WPAJ@Z 1000b91c f   CashDrawerImpl.obj
 0001:0000a973       ?WaitForDrawerClose@COPOSCashDrawer@@UAGJJJJJPAJ@Z 1000b973 f   CashDrawerImpl.obj
 0001:0000aa14       ?get_BinaryConversion@COPOSCashDrawer@@UAGJPAJ@Z 1000ba14 f   CashDrawerImpl.obj
 0001:0000aa2a       ?get_CapCompareFirmwareVersion@COPOSCashDrawer@@UAGJPAF@Z 1000ba2a f   CashDrawerImpl.obj
 0001:0000aa43       ?get_CapPowerReporting@COPOSCashDrawer@@UAGJPAJ@Z 1000ba43 f   CashDrawerImpl.obj
 0001:0000aa5c       ?get_CapStatisticsReporting@COPOSCashDrawer@@UAGJPAF@Z 1000ba5c f   CashDrawerImpl.obj
 0001:0000aa75       ?get_CapStatus@COPOSCashDrawer@@UAGJPAF@Z 1000ba75 f   CashDrawerImpl.obj
 0001:0000aa8e       ?get_CapStatusMultiDrawerDetect@COPOSCashDrawer@@UAGJPAF@Z 1000ba8e f   CashDrawerImpl.obj
 0001:0000aaa7       ?get_CapUpdateFirmware@COPOSCashDrawer@@UAGJPAF@Z 1000baa7 f   CashDrawerImpl.obj
 0001:0000aac0       ?get_CapUpdateStatistics@COPOSCashDrawer@@UAGJPAF@Z 1000bac0 f   CashDrawerImpl.obj
 0001:0000aad9       ?get_CheckHealthText@COPOSCashDrawer@@UAGJPAPA_W@Z 1000bad9 f   CashDrawerImpl.obj
 0001:0000aaf2       ?get_Claimed@COPOSCashDrawer@@UAGJPAF@Z 1000baf2 f   CashDrawerImpl.obj
 0001:0000ab08       ?get_ControlObjectDescription@COPOSCashDrawer@@UAGJPAPA_W@Z 1000bb08 f   CashDrawerImpl.obj
 0001:0000ab56       ?get_ControlObjectVersion@COPOSCashDrawer@@UAGJPAJ@Z 1000bb56 f   CashDrawerImpl.obj
 0001:0000ab69       ?get_DeviceDescription@COPOSCashDrawer@@UAGJPAPA_W@Z 1000bb69 f   CashDrawerImpl.obj
 0001:0000ab82       ?get_DeviceEnabled@COPOSCashDrawer@@UAGJPAF@Z 1000bb82 f   CashDrawerImpl.obj
 0001:0000ab98       ?get_DeviceName@COPOSCashDrawer@@UAGJPAPA_W@Z 1000bb98 f   CashDrawerImpl.obj
 0001:0000abb1       ?get_DrawerOpened@COPOSCashDrawer@@UAGJPAF@Z 1000bbb1 f   CashDrawerImpl.obj
 0001:0000abca       ?get_FreezeEvents@COPOSCashDrawer@@UAGJPAF@Z 1000bbca f   CashDrawerImpl.obj
 0001:0000abe0       ?get_OpenResult@COPOSCashDrawer@@UAGJPAJ@Z 1000bbe0 f   CashDrawerImpl.obj
 0001:0000abf7       ?get_PowerNotify@COPOSCashDrawer@@UAGJPAJ@Z 1000bbf7 f   CashDrawerImpl.obj
 0001:0000ac0d       ?get_PowerState@COPOSCashDrawer@@UAGJPAJ@Z 1000bc0d f   CashDrawerImpl.obj
 0001:0000ac23       ?get_ResultCode@COPOSCashDrawer@@UAGJPAJ@Z 1000bc23 f   CashDrawerImpl.obj
 0001:0000ac61       ?get_ResultCodeExtended@COPOSCashDrawer@@UAGJPAJ@Z 1000bc61 f   CashDrawerImpl.obj
 0001:0000ac77       ?get_ServiceObjectDescription@COPOSCashDrawer@@UAGJPAPA_W@Z 1000bc77 f   CashDrawerImpl.obj
 0001:0000ac90       ?get_ServiceObjectVersion@COPOSCashDrawer@@UAGJPAJ@Z 1000bc90 f   CashDrawerImpl.obj
 0001:0000aca6       ?get_State@COPOSCashDrawer@@UAGJPAJ@Z 1000bca6 f   CashDrawerImpl.obj
 0001:0000acd2       ?put_BinaryConversion@COPOSCashDrawer@@UAGJJ@Z 1000bcd2 f   CashDrawerImpl.obj
 0001:0000ace8       ?put_DeviceEnabled@COPOSCashDrawer@@UAGJF@Z 1000bce8 f   CashDrawerImpl.obj
 0001:0000ad05       ?put_FreezeEvents@COPOSCashDrawer@@UAGJF@Z 1000bd05 f   CashDrawerImpl.obj
 0001:0000ad51       ?put_PowerNotify@COPOSCashDrawer@@UAGJJ@Z 1000bd51 f   CashDrawerImpl.obj
 0001:0000ad67       ?s_EventWindowProc@COPOSCashDrawer@@KGJPAUHWND__@@IIJ@Z 1000bd67 f i CashDrawerImpl.obj
 0001:0000adb9       ??_U@YAPAXI@Z              1000bdb9 f   LIBCMT:new_array.obj
 0001:0000adc2       ??3@YAXPAXI@Z              1000bdc2 f   LIBCMT:delete_scalar_size.obj
 0001:0000add0       ??_V@YAXPAX@Z              1000bdd0 f   LIBCMT:delete_array.obj
 0001:0000add5       ??_V@YAXPAXI@Z             1000bdd5 f   LIBCMT:delete_array_size.obj
 0001:0000ae27       ___scrt_acquire_startup_lock 1000be27 f   LIBCMT:utility.obj
 0001:0000ae59       ___scrt_dllmain_after_initialize_c 1000be59 f   LIBCMT:utility.obj
 0001:0000ae84       ___scrt_dllmain_before_initialize_c 1000be84 f   LIBCMT:utility.obj
 0001:0000ae92       ___scrt_dllmain_crt_thread_attach 1000be92 f   LIBCMT:utility.obj
 0001:0000aeb1       ___scrt_dllmain_crt_thread_detach 1000beb1 f   LIBCMT:utility.obj
 0001:0000aebe       ___scrt_dllmain_exception_filter 1000bebe f   LIBCMT:utility.obj
 0001:0000aef2       ___scrt_dllmain_uninitialize_c 1000bef2 f   LIBCMT:utility.obj
 0001:0000af15       ___scrt_dllmain_uninitialize_critical 1000bf15 f   LIBCMT:utility.obj
 0001:0000af22       ___scrt_initialize_crt     1000bf22 f   LIBCMT:utility.obj
 0001:0000af5b       ___scrt_initialize_onexit_tables 1000bf5b f   LIBCMT:utility.obj
 0001:0000afe2       ___scrt_is_nonwritable_in_current_image 1000bfe2 f   LIBCMT:utility.obj
 0001:0000b076       ___scrt_release_startup_lock 1000c076 f   LIBCMT:utility.obj
 0001:0000b093       ___scrt_uninitialize_crt   1000c093 f   LIBCMT:utility.obj
 0001:0000b0bb       __onexit                   1000c0bb f   LIBCMT:utility.obj
 0001:0000b0e8       _atexit                    1000c0e8 f   LIBCMT:utility.obj
 0001:0000b0fd       ??3@YAXPAX@Z               1000c0fd f   LIBCMT:delete_scalar.obj
 0001:0000b1c7       __Init_thread_footer       1000c1c7 f   LIBCMT:thread_safe_statics.obj
 0001:0000b211       __Init_thread_header       1000c211 f   LIBCMT:thread_safe_statics.obj
 0001:0000b263       __Init_thread_notify       1000c263 f   LIBCMT:thread_safe_statics.obj
 0001:0000b299       __Init_thread_wait         1000c299 f   LIBCMT:thread_safe_statics.obj
 0001:0000b2e7       ___raise_securityfailure   1000c2e7 f   LIBCMT:gs_report.obj
 0001:0000b30f       ___report_gsfailure        1000c30f f   LIBCMT:gs_report.obj
 0001:0000b408       ___report_rangecheckfailure 1000c408 f   LIBCMT:gs_report.obj
 0001:0000b414       ___report_securityfailure  1000c414 f   LIBCMT:gs_report.obj
 0001:0000b4e2       ??2@YAPAXIABUnothrow_t@std@@@Z 1000c4e2 f   LIBCMT:new_scalar_nothrow.obj
 0001:0000b537       ??_U@YAPAXIABUnothrow_t@std@@@Z 1000c537 f   LIBCMT:new_array_nothrow.obj
 0001:0000b540       @__security_check_cookie@4 1000c540 f   LIBCMT:secchk.obj
 0001:0000b560       __SEH_prolog4_GS           1000c560 f   LIBCMT:sehprolg4gs.obj
 0001:0000b5a7       __SEH_epilog4_GS           1000c5a7 f   LIBCMT:sehprolg4gs.obj
 0001:0000b5c0       __alloca_probe_16          1000c5c0 f   LIBCMT:alloca16.obj
 0001:0000b5d6       __alloca_probe_8           1000c5d6     LIBCMT:alloca16.obj
 0001:0000b5f0       __alloca_probe             1000c5f0 f   LIBCMT:chkstk.obj
 0001:0000b5f0       __chkstk                   1000c5f0 f   LIBCMT:chkstk.obj
 0001:0000b95d       __DllMainCRTStartup@12     1000c95d f   LIBCMT:dll_dllmain.obj
 0001:0000b980       ??2@YAPAXI@Z               1000c980 f   LIBCMT:new_scalar.obj
 0001:0000b9b0       ___isa_available_init      1000c9b0 f   LIBCMT:cpu_disp.obj
 0001:0000bb80       ___scrt_is_ucrt_dll_in_use 1000cb80 f   LIBCMT:ucrt_detection.obj
 0001:0000bb8c       ___scrt_fastfail           1000cb8c f   LIBCMT:utility_desktop.obj
 0001:0000bca6       __crt_debugger_hook        1000cca6 f   LIBCMT:utility_desktop.obj
 0001:0000bcb0       __SEH_prolog4              1000ccb0 f   LIBCMT:sehprolg4.obj
 0001:0000bcf4       __SEH_epilog4              1000ccf4 f   LIBCMT:sehprolg4.obj
 0001:0000bd08       @_guard_check_icall_nop@4  1000cd08 f i LIBCMT:guard_support.obj
 0001:0000bd58       ___security_init_cookie    1000cd58 f   LIBCMT:gs_support.obj
 0001:0000bda3       ?__scrt_initialize_type_info@@YAXXZ 1000cda3 f   LIBCMT:tncleanup.obj
 0001:0000bdaf       ?__scrt_uninitialize_type_info@@YAXXZ 1000cdaf f   LIBCMT:tncleanup.obj
 0001:0000bdbb       ___local_stdio_scanf_options 1000cdbb f i LIBCMT:default_local_stdio_options.obj
 0001:0000bdc1       ___scrt_initialize_default_local_stdio_options 1000cdc1 f   LIBCMT:default_local_stdio_options.obj
 0001:0000bdde       ___scrt_get_dyn_tls_init_callback 1000cdde f   LIBCMT:dyn_tls_init.obj
 0001:0000bde4       __RTC_Initialize           1000cde4 f   LIBCMT:initsect.obj
 0001:0000be10       __RTC_Terminate            1000ce10 f   LIBCMT:initsect.obj
 0001:0000be3c       ??0bad_alloc@std@@QAE@ABV01@@Z 1000ce3c f i LIBCMT:throw_bad_alloc.obj
 0001:0000be57       ??0bad_alloc@std@@QAE@XZ   1000ce57 f i LIBCMT:throw_bad_alloc.obj
 0001:0000be6f       ??0bad_array_new_length@std@@QAE@ABV01@@Z 1000ce6f f i LIBCMT:throw_bad_alloc.obj
 0001:0000be8a       ??0bad_array_new_length@std@@QAE@XZ 1000ce8a f i LIBCMT:throw_bad_alloc.obj
 0001:0000bea2       ??0exception@std@@QAE@ABV01@@Z 1000cea2 f i LIBCMT:throw_bad_alloc.obj
 0001:0000bece       ??1bad_alloc@std@@UAE@XZ   1000cece f i LIBCMT:throw_bad_alloc.obj
 0001:0000bece       ??1bad_exception@std@@UAE@XZ 1000cece f i libvcruntime:frame.obj
 0001:0000bece       ??1bad_array_new_length@std@@UAE@XZ 1000cece f i LIBCMT:throw_bad_alloc.obj
 0001:0000bedf       ??_Ebad_array_new_length@std@@UAEPAXI@Z 1000cedf f i LIBCMT:throw_bad_alloc.obj
[...]
 0002:00003508       ?_mb_locale_names@@3QBQB_WB 10022508     libucrt:mbctype.obj
 0002:00003d50       ?LcidToLocaleNameTable@?A0x881e4c05@@3QBULcidToLocaleName@1@B 10022d50     libucrt:lcidtoname_downlevel.obj
 0002:00004e78       ?LocaleNameToIndexTable@?A0x881e4c05@@3QBULocaleNameIndex@1@B 10023e78     libucrt:lcidtoname_downlevel.obj
 0002:000067b0       LOG_name                   100257b0     libucrt:log10_impl.obj
 0002:000067c0       _One                       100257c0     libucrt:ceil_pentium4.obj
 0002:000067d0       _Bns                       100257d0     libucrt:ceil_pentium4.obj
 0002:000067e0       _Zero                      100257e0     libucrt:ceil_pentium4.obj
 0002:000067f0       _S                         100257f0     libucrt:ceil_pentium4.obj
 0002:00006800       _NegZero                   10025800     libucrt:ceil_pentium4.obj
 0002:00006810       emask                      10025810     libucrt:log10_pentium4.obj
 0002:00006820       CC                         10025820     libucrt:log10_pentium4.obj
 0002:00006830       Magic                      10025830     libucrt:log10_pentium4.obj
 0002:00006840       hi_mask                    10025840     libucrt:log10_pentium4.obj
 0002:00006850       LOG10_2                    10025850     libucrt:log10_pentium4.obj
 0002:00006860       place_L                    10025860     libucrt:log10_pentium4.obj
 0002:00006880       One                        10025880     libucrt:log10_pentium4.obj
 0002:00006890       Zero                       10025890     libucrt:log10_pentium4.obj
 0002:000068a0       Two52                      100258a0     libucrt:log10_pentium4.obj
 0002:000068b0       Infs                       100258b0     libucrt:log10_pentium4.obj
 0002:000068c0       NaN                        100258c0     libucrt:log10_pentium4.obj
 0002:000068d0       coeff                      100258d0     libucrt:log10_pentium4.obj
 0002:0000692e       _log2max                   1002592e     libucrt:87tran.obj
 0002:00006938       _smallarg                  10025938     libucrt:87tran.obj
 0002:00006942       _half                      10025942     libucrt:87tran.obj
 0002:0000698e       One                        1002598e     libucrt:87disp.obj
 0002:00006996       Three                      10025996     libucrt:87disp.obj
 0002:0000699e       XAMtoTagTab                1002599e     libucrt:87disp.obj
 0002:000069b0       One                        100259b0     libucrt:common.obj
 0002:000069c4       DblMax                     100259c4     libucrt:common.obj
 0002:000069cc       DblMin                     100259cc     libucrt:common.obj
 0002:000069d4       IeeeAdjO                   100259d4     libucrt:common.obj
 0002:000069dc       IeeeAdjU                   100259dc     libucrt:common.obj
 0002:000069e4       _infinity                  100259e4     libucrt:common.obj
 0002:000069ec       _zero                      100259ec     libucrt:common.obj
 0002:00006a38       _over                      10025a38     libucrt:fpctrl.obj
 0002:00006a44       _under                     10025a44     libucrt:fpctrl.obj
 0002:00007278       ?_names@?1??_get_fname@@9@9 10026278     libucrt:fpexcept.obj
 0002:00007420       two32                      10026420     LIBCMT:ftol2.obj
 0002:00007424       two63                      10026424     LIBCMT:ftol2.obj
 0002:00007428       _NaN                       10026428     LIBCMT:ftol2.obj
 0002:00007ae8       __sehtable$?_AtlVerifyStackAvailable@_ATL_SAFE_ALLOCA_IMPL@ATL@@YA_NK@Z 10026ae8     CashDrawer.obj
 0002:00007b08       __sehtable$___scrt_is_nonwritable_in_current_image 10026b08     LIBCMT:utility.obj
 0002:00007b24       __catchsym$??2@YAPAXIABUnothrow_t@std@@@Z$2 10026b24     LIBCMT:new_scalar_nothrow.obj
 0002:00007b34       __unwindtable$??2@YAPAXIABUnothrow_t@std@@@Z 10026b34     LIBCMT:new_scalar_nothrow.obj
 0002:00007b44       __tryblocktable$??2@YAPAXIABUnothrow_t@std@@@Z 10026b44     LIBCMT:new_scalar_nothrow.obj
 0002:00007b58       __ehfuncinfo$??2@YAPAXIABUnothrow_t@std@@@Z 10026b58     LIBCMT:new_scalar_nothrow.obj
 0002:00007b80       __sehtable$?dllmain_crt_process_attach@@YAHQAUHINSTANCE__@@QAX@Z 10026b80     LIBCMT:dll_dllmain.obj
 0002:00007ba0       __sehtable$?dllmain_crt_process_detach@@YAH_N@Z 10026ba0     LIBCMT:dll_dllmain.obj
 0002:00007bc8       __sehtable$?dllmain_dispatch@@YAHQAUHINSTANCE__@@KQAX@Z 10026bc8     LIBCMT:dll_dllmain.obj
 0002:00007c78       __sehtable$___DestructExceptionObject 10026c78     libvcruntime:ehhelpers.obj
 0002:00007c98       __sehtable$?FrameUnwindToState@__FrameHandler3@@SAXPAUEHRegistrationNode@@PAXPBU_s_FuncInfo@@H@Z 10026c98     libvcruntime:frame.obj
 0002:00007cc0       __sehtable$?CallCatchBlock@@YAPAXPAUEHExceptionRecord@@PAUEHRegistrationNode@@PAU_CONTEXT@@PBU_s_FuncInfo@@PAXHK@Z 10026cc0     libvcruntime:frame.obj
 0002:00007ce8       __catchsym$?CallUnexpected@@YAXPBU_s_ESTypeList@@@Z$2 10026ce8     libvcruntime:frame.obj
 0002:00007cf8       __unwindtable$?CallUnexpected@@YAXPBU_s_ESTypeList@@@Z 10026cf8     libvcruntime:frame.obj
 0002:00007d08       __tryblocktable$?CallUnexpected@@YAXPBU_s_ESTypeList@@@Z 10026d08     libvcruntime:frame.obj
 0002:00007d1c       __ehfuncinfo$?CallUnexpected@@YAXPBU_s_ESTypeList@@@Z 10026d1c     libvcruntime:frame.obj
 0002:00007d40       __sehtable$??$BuildCatchObjectHelperInternal@V__FrameHandler3@@@@YAHPAUEHExceptionRecord@@PAXPBU_s_HandlerType@@PBU_s_CatchableType@@@Z 10026d40     libvcruntime:frame.obj
 0002:00007d60       __sehtable$??$BuildCatchObjectInternal@V__FrameHandler3@@@@YAXPAUEHExceptionRecord@@PAXPBU_s_HandlerType@@PBU_s_CatchableType@@@Z 10026d60     libvcruntime:frame.obj
 0002:00007db8       __sehtable$??R<lambda_6e4b09c48022b2350581041d5f6b0c4c>@@QBE@XZ 10026db8     libucrt:exit.obj
 0002:00007dd8       __sehtable$??$?RV<lambda_03b1d95aef87969028cfba75ccab2455>@@AAV<lambda_6e4b09c48022b2350581041d5f6b0c4c>@@V<lambda_22bdf7517842c4b3e53723af5aa32b9e>@@@?$__crt_seh_guarded_call@X@@QAEX$$QAV<lambda_03b1d95aef87969028cfba75ccab2455>@@AAV<lambda_6e4b09c48022b2350581041d5f6b0c4c>@@$$QAV<lambda_22bdf7517842c4b3e53723af5aa32b9e>@@@Z 10026dd8     libucrt:exit.obj
 0002:00007df8       __sehtable$??$?RV<lambda_8e746cf0007f6ed984d6f78af1fec997>@@AAV<lambda_22ebabd17bc4fa466a2aca6d8deb888d>@@V<lambda_18ed0c0b38a6dc0daf1e7ac6d6adf05e>@@@?$__crt_seh_guarded_call@H@@QAEH$$QAV<lambda_8e746cf0007f6ed984d6f78af1fec997>@@AAV<lambda_22ebabd17bc4fa466a2aca6d8deb888d>@@$$QAV<lambda_18ed0c0b38a6dc0daf1e7ac6d6adf05e>@@@Z 10026df8     libucrt:onexit.obj
 0002:00007e18       __sehtable$??$?RV<lambda_69a2805e680e0e292e8ba93315fe43a8>@@AAV<lambda_f03950bc5685219e0bcd2087efbe011e>@@V<lambda_03fcd07e894ec930e3f35da366ca99d6>@@@?$__crt_seh_guarded_call@H@@QAEH$$QAV<lambda_69a2805e680e0e292e8ba93315fe43a8>@@AAV<lambda_f03950bc5685219e0bcd2087efbe011e>@@$$QAV<lambda_03fcd07e894ec930e3f35da366ca99d6>@@@Z 10026e18     libucrt:onexit.obj
 0002:00007e38       __sehtable$__query_new_handler 10026e38     libucrt:new_handler.obj
 0002:00007e58       __sehtable$_terminate      10026e58     libucrt:terminate.obj
 0002:00007e78       __sehtable$??$?RV<lambda_15ade71b0218206bbe3333a0c9b79046>@@AAV<lambda_da44e0f8b0f19ba52fefafb335991732>@@V<lambda_207f2d024fc103971653565357d6cd41>@@@?$__crt_seh_guarded_call@X@@QAEX$$QAV<lambda_15ade71b0218206bbe3333a0c9b79046>@@AAV<lambda_da44e0f8b0f19ba52fefafb335991732>@@$$QAV<lambda_207f2d024fc103971653565357d6cd41>@@@Z 10026e78     libucrt:per_thread_data.obj
 0002:00007e98       __sehtable$??$?RV<lambda_a7e850c220f1c8d1e6efeecdedd162c6>@@AAV<lambda_46720907175c18b6c9d2717bc0d2d362>@@V<lambda_9048902d66e8d99359bc9897bbb930a8>@@@?$__crt_seh_guarded_call@X@@QAEX$$QAV<lambda_a7e850c220f1c8d1e6efeecdedd162c6>@@AAV<lambda_46720907175c18b6c9d2717bc0d2d362>@@$$QAV<lambda_9048902d66e8d99359bc9897bbb930a8>@@@Z 10026e98     libucrt:per_thread_data.obj
 0002:00007eb8       __sehtable$??$?RV<lambda_38edbb1296d33220d7e4dd0ed76b244a>@@AAV<lambda_5ce1d447e08cb34b2473517608e21441>@@V<lambda_fb385d3da700c9147fc39e65dd577a8c>@@@?$__crt_seh_guarded_call@X@@QAEX$$QAV<lambda_38edbb1296d33220d7e4dd0ed76b244a>@@AAV<lambda_5ce1d447e08cb34b2473517608e21441>@@$$QAV<lambda_fb385d3da700c9147fc39e65dd577a8c>@@@Z 10026eb8     libucrt:per_thread_data.obj
 0002:00007ed8       __sehtable$??$?RV<lambda_6affb1475c98b40b75cdec977db92e3c>@@AAV<lambda_b8d4b9c228a6ecc3f80208dbb4b4a104>@@V<lambda_608742c3c92a14382c1684fc64f96c88>@@@?$__crt_seh_guarded_call@X@@QAEX$$QAV<lambda_6affb1475c98b40b75cdec977db92e3c>@@AAV<lambda_b8d4b9c228a6ecc3f80208dbb4b4a104>@@$$QAV<lambda_608742c3c92a14382c1684fc64f96c88>@@@Z 10026ed8     libucrt:per_thread_data.obj
 0002:00007ef8       __sehtable$??$?RV<lambda_e5124f882df8998aaf41531e079ba474>@@AAV<lambda_3e16ef9562a7dcce91392c22ab16ea36>@@V<lambda_e25ca0880e6ef98be67edffd8c599615>@@@?$__crt_seh_guarded_call@X@@QAEX$$QAV<lambda_e5124f882df8998aaf41531e079ba474>@@AAV<lambda_3e16ef9562a7dcce91392c22ab16ea36>@@$$QAV<lambda_e25ca0880e6ef98be67edffd8c599615>@@@Z 10026ef8     libucrt:wsetlocale.obj
 0002:00007f18       __sehtable$___acrt_initialize_lowio 10026f18     libucrt:ioinit.obj
 0002:00007f38       __sehtable$?update_thread_multibyte_data_internal@@YAPAU__crt_multibyte_data@@QAU__acrt_ptd@@QAPAU1@@Z 10026f38     libucrt:mbctype.obj
 0002:00007f58       __sehtable$??$?RV<lambda_ceb1ee4838e85a9d631eb091e2fbe199>@@AAV<lambda_ae742caa10f662c28703da3d2ea5e57e>@@V<lambda_cd08b5d6af4937fe54fc07d0c9bf6b37>@@@?$__crt_seh_guarded_call@X@@QAEX$$QAV<lambda_ceb1ee4838e85a9d631eb091e2fbe199>@@AAV<lambda_ae742caa10f662c28703da3d2ea5e57e>@@$$QAV<lambda_cd08b5d6af4937fe54fc07d0c9bf6b37>@@@Z 10026f58     libucrt:mbctype.obj
 0002:00007f78       __sehtable$_raise          10026f78     libucrt:signal.obj
 0002:00007f98       __sehtable$??$?RV<lambda_cbab9ec6f41b0180b23cc171c22676b0>@@AAV<lambda_44731a7d0e6d81c3e6aa82d741081786>@@V<lambda_4b292cb8dd18144e164572427af410ab>@@@?$__crt_seh_guarded_call@P6AXH@Z@@QAEP6AXH@Z$$QAV<lambda_cbab9ec6f41b0180b23cc171c22676b0>@@AAV<lambda_44731a7d0e6d81c3e6aa82d741081786>@@$$QAV<lambda_4b292cb8dd18144e164572427af410ab>@@@Z 10026f98     libucrt:signal.obj
 0002:00007fb8       __sehtable$??$?RV<lambda_2866be3712abc81a800a822484c830d8>@@AAV<lambda_39ca0ed439415581b5b15c265174cece>@@V<lambda_2b24c74d71094a6cd0cb82e44167d71b>@@@?$__crt_seh_guarded_call@X@@QAEX$$QAV<lambda_2866be3712abc81a800a822484c830d8>@@AAV<lambda_39ca0ed439415581b5b15c265174cece>@@$$QAV<lambda_2b24c74d71094a6cd0cb82e44167d71b>@@@Z 10026fb8     libucrt:fflush.obj
 0002:00007fd8       __sehtable$??$?RV<lambda_2cc53f568c5a2bb6f192f930a45d44ea>@@AAV<lambda_ab61a845afdef5b7c387490eaf3616ee>@@V<lambda_c2ffc0b7726aa6be21d5f0026187e748>@@@?$__crt_seh_guarded_call@X@@QAEX$$QAV<lambda_2cc53f568c5a2bb6f192f930a45d44ea>@@AAV<lambda_ab61a845afdef5b7c387490eaf3616ee>@@$$QAV<lambda_c2ffc0b7726aa6be21d5f0026187e748>@@@Z 10026fd8     libucrt:fflush.obj
 0002:00007ff8       __sehtable$___acrt_update_thread_locale_data 10026ff8     libucrt:locale_refcounting.obj
 0002:00008018       __sehtable$__fcloseall     10027018     libucrt:closeall.obj
 0002:00008038       __sehtable$___acrt_lowio_ensure_fh_exists 10027038     libucrt:osfinfo.obj
 0002:00008058       __sehtable$??$?RV<lambda_9e9de3de5fa147e2223d7db92bc10aa6>@@AAV<lambda_38ce7e780aa69e748d6df282ebc68efe>@@V<lambda_8ca6da459f0f6780f1cff60fdc3d00e5>@@@?$__crt_seh_guarded_call@H@@QAEH$$QAV<lambda_9e9de3de5fa147e2223d7db92bc10aa6>@@AAV<lambda_38ce7e780aa69e748d6df282ebc68efe>@@$$QAV<lambda_8ca6da459f0f6780f1cff60fdc3d00e5>@@@Z 10027058     libucrt:commit.obj
 0002:00008078       __sehtable$__write         10027078     libucrt:write.obj
 0002:00008098       __sehtable$_fclose         10027098     libucrt:fclose.obj
 0002:000080b8       __sehtable$??$?RV<lambda_218ce3db14220d0be481dae8ef3383b6>@@AAV<lambda_628dfdc04ba53c8bfc02c9951375f3f5>@@V<lambda_57dc472bd5c9d5f3b2cbca59b8a843ae>@@@?$__crt_seh_guarded_call@H@@QAEH$$QAV<lambda_218ce3db14220d0be481dae8ef3383b6>@@AAV<lambda_628dfdc04ba53c8bfc02c9951375f3f5>@@$$QAV<lambda_57dc472bd5c9d5f3b2cbca59b8a843ae>@@@Z 100270b8     libucrt:close.obj
 0002:000080d8       __sehtable$___set_fpsr_sse2 100270d8     libucrt:fpctrl.obj
 0002:000080f8       __sehtable$__IsNonwritableInCurrentImage 100270f8     LIBCMT:pesect.obj
 0002:00008120       .edata                     10027120     OPOSCashDrawer.exp
 0002:00008148       rgpv                       10027148     OPOSCashDrawer.exp
 0002:00008158       rgszName                   10027158     OPOSCashDrawer.exp
 0002:00008168       rgwOrd                     10027168     OPOSCashDrawer.exp
 0002:00008170       szName                     10027170     OPOSCashDrawer.exp
 0002:00008183       $N00001                    10027183     OPOSCashDrawer.exp
 0002:00008193       $N00002                    10027193     OPOSCashDrawer.exp
 0002:000081a5       $N00003                    100271a5     OPOSCashDrawer.exp
 0002:000081b7       $N00004                    100271b7     OPOSCashDrawer.exp
 0002:000087c6       .idata$6                   100277c6     kernel32:KERNEL32.dll
 0002:000089da       .idata$6                   100279da     user32:USER32.dll
 0002:00008b0e       .idata$6                   10027b0e     gdi32:GDI32.dll
 0002:00008bb4       .idata$6                   10027bb4     advapi32:ADVAPI32.dll
 0002:00008cd0       .idata$6                   10027cd0     ole32:ole32.dll
 0002:00008cda       .idata$6                   10027cda     oleaut32:OLEAUT32.dll
 0003:00000110       ?ObjectMap@@3PAU_ATL_OBJMAP_ENTRY30@ATL@@A 10029110     CashDrawer.obj
 0003:000001d0       ?s_SOMethodNames@@3PAPADA  100291d0     CashDrawerImpl.obj
 0003:0000021c       ?s_RequiredMethodsPerRelease@@3PAHA 1002921c     CashDrawerImpl.obj
 0003:00000260       ?__vcrt_flsindex@@3KA      10029260     libvcruntime:per_thread_data.obj
 0003:00000280       ?errno_no_memory@@3HA      10029280     libucrt:errno.obj
 0003:00000284       ?doserrno_no_memory@@3KA   10029284     libucrt:errno.obj
 0003:00000290       ?__acrt_flsindex@@3KA      10029290     libucrt:per_thread_data.obj
 0003:00000628       __mbctypes                 10029628     libucrt:mbctype.obj
 0003:00000730       __mbcasemaps               10029730     libucrt:mbctype.obj
 0003:00000830       ?__rgctypeflag@@3PADA      10029830     libucrt:mbctype.obj
 0003:00000838       ?__rgcode_page_info@@3PAUcode_page_info@@A 10029838     libucrt:mbctype.obj
 0003:00000a90       ?__dcrt_lowio_console_output_handle@@3PAXA 10029a90     libucrt:initcon.obj
 0003:00000a94       ?__DAZ_ENABLED@?1??__set_fpsr_sse2@@9@9 10029a94     libucrt:fpctrl.obj
 0003:00000c28       ?is_initialized_as_dll@@3_NA 10029c28     LIBCMT:utility.obj
 0003:00000c29       ?module_local_atexit_table_initialized@@3_NA 10029c29     LIBCMT:utility.obj
 0003:00000c2c       ?module_local_atexit_table@@3U_onexit_table_t@@A 10029c2c     LIBCMT:utility.obj
 0003:00000c38       ?module_local_at_quick_exit_table@@3U_onexit_table_t@@A 10029c38     LIBCMT:utility.obj
 0003:00000c44       ?g_tss_cv@@3U_RTL_CONDITION_VARIABLE@@A 10029c44     LIBCMT:thread_safe_statics.obj
 0003:00000c48       ?g_tss_event@@3PAXA        10029c48     LIBCMT:thread_safe_statics.obj
 0003:00000c4c       ?g_tss_mutex@@3U_RTL_CRITICAL_SECTION@@A 10029c4c     LIBCMT:thread_safe_statics.obj
 0003:00000c64       ?g_sleep_condition_variable_cs@@3P6GHPAU_RTL_CONDITION_VARIABLE@@PAU_RTL_CRITICAL_SECTION@@K@ZA 10029c64     LIBCMT:thread_safe_statics.obj
 0003:00000c68       ?g_wake_all_condition_variable@@3P6GXPAU_RTL_CONDITION_VARIABLE@@@ZA 10029c68     LIBCMT:thread_safe_statics.obj
 0003:00000c70       _GS_ExceptionRecord        10029c70     LIBCMT:gs_report.obj
 0003:00000cc0       _GS_ContextRecord          10029cc0     LIBCMT:gs_report.obj
 0003:00000f90       ?__proc_attached@@3HA      10029f90     LIBCMT:dll_dllmain.obj
 0003:00000ff4       ?AllocateData@@3P6GPAUAtlThunkData_t@@XZA 10029ff4     atls:atlthunk.obj
 0003:00000ff8       ?InitData@@3P6GXPAUAtlThunkData_t@@PAXI@ZA 10029ff8     atls:atlthunk.obj
 0003:00000ffc       ?DataToCode@@3P6GP6GJPAUHWND__@@IIJ@ZPAUAtlThunkData_t@@@ZA 10029ffc     atls:atlthunk.obj
 0003:00001000       ?FreeData@@3P6GXPAUAtlThunkData_t@@@ZA 1002a000     atls:atlthunk.obj
 0003:00001004       ?Initialized@@3_NA         1002a004     atls:atlthunk.obj
 0003:00001014       ?__vcrt_startup_thread_ptd@@3U__vcrt_ptd@@A 1002a014     libvcruntime:per_thread_data.obj
 0003:0000103c       ___vcrt_lock_table         1002a03c     libvcruntime:locks.obj
 0003:00001054       ___vcrt_locks_initialized  1002a054     libvcruntime:locks.obj
 0003:00001080       ?heap@@3V_HeapManager@@A   1002a080     libvcruntime:undname.obj
 0003:00001094       ?module_handles@@3PAPAUHINSTANCE__@@A 1002a094     libvcruntime:winapi_downlevel.obj
 0003:000010a0       ?function_pointers@@3PAPAXA 1002a0a0     libvcruntime:winapi_downlevel.obj
 0003:000010b4       ?__acrt_invalid_parameter_handler@@3V?$dual_state_global@P6AXPB_W00II@Z@__crt_state_management@@A 1002a0b4     libucrt:invalid_parameter.obj
 0003:000010b8       ?c_termination_complete@@3JA 1002a0b8     libucrt:exit.obj
 0003:000010bc       ?thread_local_exit_callback_func@@3P6GXPAXK0@ZA 1002a0bc     libucrt:exit.obj
 0003:000010c8       ?program_name@?1???$common_configure_argv@D@@YAHW4_crt_argv_mode@@@Z@4PADA 1002a0c8     libucrt:argv_parsing.obj
 0003:000011f8       ?__acrt_new_handler@@3V?$dual_state_global@P6AHI@Z@__crt_state_management@@A 1002a1f8     libucrt:new_handler.obj
 0003:00001200       ?module_handles@@3PAPAUHINSTANCE__@@A 1002a200     libucrt:winapi_thunks.obj
 0003:00001250       ?encoded_function_pointers@@3PAPAXA 1002a250     libucrt:winapi_thunks.obj
 0003:000012d8       ?internal_state@?1??_mbtowc_l@@9@4U_Mbstatet@@A 1002a2d8     libucrt:mbtowc.obj
 0003:000012e8       ?enable_percent_n@@3IA     1002a2e8     libucrt:printf_count_output.obj
 0003:00001508       ?__acrt_lock_table@@3PAU_RTL_CRITICAL_SECTION@@A 1002a508     libucrt:locks.obj
 0003:00001658       ?__acrt_locks_initialized@@3IA 1002a658     libucrt:locks.obj
 0003:00001668       ?fSystemSet@@3HA           1002a668     libucrt:mbctype.obj
 0003:0000166c       ?initialized@?1??__acrt_initialize_multibyte@@9@4_NA 1002a66c     libucrt:mbctype.obj
 0003:0000168c       ?ctrlc_action@@3V?$dual_state_global@P6AXH@Z@__crt_state_management@@A 1002a68c     libucrt:signal.obj
 0003:00001690       ?ctrlbreak_action@@3V?$dual_state_global@P6AXH@Z@__crt_state_management@@A 1002a690     libucrt:signal.obj
 0003:00001694       ?abort_action@@3V?$dual_state_global@P6AXH@Z@__crt_state_management@@A 1002a694     libucrt:signal.obj
 0003:00001698       ?term_action@@3V?$dual_state_global@P6AXH@Z@__crt_state_management@@A 1002a698     libucrt:signal.obj
 0003:0000169c       ?user_matherr@@3V?$dual_state_global@P6AHPAU_exception@@@Z@__crt_state_management@@A 1002a69c     libucrt:matherr.obj
 0003:000016a0       ?__acrt_global_new_mode@@3V?$dual_state_global@J@__crt_state_management@@A 1002a6a0     libucrt:new_mode.obj
 0003:000016ac       ?internal_pst@?1??__mbrtoc32_utf8@__crt_mbstring@@YAIPA_UPBDIPAU_Mbstatet@@@Z@4U3@A 1002a6ac     libucrt:mbrtoc32.obj
 0003:000016b4       ?__acrt_app_type@@3W4_crt_app_type@@A 1002a6b4     libucrt:report_runtime_error.obj
 0003:000016bc       __pmatherr_set             1002a6bc     libucrt:libm_error.obj
 0004:00000220       $R000000                   1002b220     CashDrawer.res
 0004:00000bb8       $R000998                   1002bbb8     CashDrawer.res
 0004:00000ca0       $R000A80                   1002bca0     CashDrawer.res
 0004:00000f08       $R000CE8                   1002bf08     CashDrawer.res
 0004:00001470       $R001250                   1002c470     CashDrawer.res
 0004:00003938       $R003718                   1002e938     CashDrawer.res
 0004:00003970       $R003750                   1002e970     CashDrawer.res
