 OPOSCAT

 Timestamp is 5b863ce8 (Wed Aug 29 15:27:52 2018)

 Preferred load address is 10000000

 Start         Length     Name                   Class
 0001:00000000 00000080H .text$di                CODE
 0001:00000080 0001d9bbH .text$mn                CODE
 0001:0001da3b 00000051H .text$x                 CODE
 0001:0001da8c 00000042H .text$yd                CODE
 0002:00000000 000002fcH .idata$5                DATA
 0002:000002fc 00000004H .00cfg                  DATA
 0002:00000300 00000004H .CRT$XCA                DATA
 0002:00000304 00000004H .CRT$XCL                DATA
 0002:00000308 00000010H .CRT$XCU                DATA
 0002:00000318 00000004H .CRT$XCZ                DATA
 0002:0000031c 00000004H .CRT$XIA                DATA
 0002:00000320 00000010H .CRT$XIC                DATA
 0002:00000330 00000004H .CRT$XIZ                DATA
 0002:00000334 00000004H .CRT$XLA                DATA
 0002:00000338 00000004H .CRT$XLZ                DATA
 0002:0000033c 00000004H .CRT$XPA                DATA
 0002:00000340 00000008H .CRT$XPX                DATA
 0002:00000348 00000004H .CRT$XPXA               DATA
 0002:0000034c 00000004H .CRT$XPZ                DATA
 0002:00000350 00000004H .CRT$XTA                DATA
 0002:00000354 0000000cH .CRT$XTZ                DATA
 0002:00000358 00000000H .gfids$y                DATA
 0002:00000360 00006f18H .rdata                  DATA
 0002:00007278 00000018H .rdata$T                DATA
 0002:00007290 00000180H .rdata$r                DATA
 0002:00007410 00000020H .rdata$sxdata           DATA
 0002:00007430 000003d8H .rdata$zzzdbg           DATA
 0002:00007808 00000004H .rtc$IAA                DATA
 0002:0000780c 00000004H .rtc$IZZ                DATA
 0002:00007810 00000004H .rtc$TAA                DATA
 0002:00007814 00000004H .rtc$TZZ                DATA
 0002:00007818 00000004H .tls                    DATA
 0002:0000781c 00000004H .tls$                   DATA
 0002:00007820 00000008H .tls$ZZZ                DATA
 0002:00007828 00000624H .xdata$x                DATA
 0002:00007e4c 00000004H ATL$__a                 DATA
 0002:00007e50 00000010H ATL$__z                 DATA
 0002:00007e60 000000a4H .edata                  DATA
 0002:00007f04 00000078H .idata$2                DATA
 0002:00007f7c 00000014H .idata$3                DATA
 0002:00007f90 000002fcH .idata$4                DATA
 0002:0000828c 00000bc0H .idata$6                DATA
 0003:00000000 000009b0H .data                   DATA
 0003:000009b0 00000098H .data$r                 DATA
 0003:00000a48 00000b68H .bss                    DATA
 0004:00000000 00000220H .rsrc$01                DATA
 0004:00000220 00005158H .rsrc$02                DATA

  Address         Publics by Value              Rva+Base       Lib:Object

 0000:00000000       ___guard_iat_count         00000000     <absolute>
 0000:00000000       ___guard_longjmp_table     00000000     <absolute>
 0000:00000000       ___dynamic_value_reloc_table 00000000     <absolute>
 0000:00000000       ___guard_longjmp_count     00000000     <absolute>
 0000:00000000       ___hybrid_code_map_count   00000000     <absolute>
 0000:00000000       __except_list              00000000     <absolute>
 0000:00000000       ___guard_fids_table        00000000     <absolute>
 0000:00000000       ___hybrid_auxiliary_iat    00000000     <absolute>
 0000:00000000       ___guard_fids_count        00000000     <absolute>
 0000:00000000       ___guard_iat_table         00000000     <absolute>
 0000:00000000       ___volatile_metadata       00000000     <absolute>
 0000:00000000       ___enclave_config          00000000     <absolute>
 0000:00000000       ___hybrid_code_map         00000000     <absolute>
 0000:00000008       ___safe_se_handler_count   00000008     <absolute>
 0000:0000002c       __tls_array                0000002c     <absolute>
 0000:00000100       ___guard_flags             00000100     <absolute>
 0000:00000000       ___ImageBase               10000000     <linker-defined>
 0001:00000080       ?DupWide@_CW@@AAEXXZ       10001080 f   CWString.obj
 0001:0000009c       ?cw_dup@@YGXPBDAAHAAPA_W1@Z 1000109c f   CWString.obj
 0001:0000010b       ?cw_memcpy@@YGHPA_WPBDH@Z  1000110b f   CWString.obj
 0001:00000137       ?cw_strcpy@@YAHPA_WPBD@Z   10001137 f   CWString.obj
 0001:0000014a       ?cw_strlen@@YAHPBD@Z       1000114a f   CWString.obj
 0001:00000163       ??0CAtlComModule@ATL@@QAE@XZ 10001163 f i OposVariant.obj
 0001:000001a8       ??0CAtlWinModule@ATL@@QAE@XZ 100011a8 f i OposVariant.obj
 0001:000001df       ??0OposDispParms@@QAE@PAVOposVariant@@H@Z 100011df f   OposVariant.obj
 0001:00000250       ??1OposDispParms@@QAE@XZ   10001250 f   OposVariant.obj
 0001:0000025e       ??A?$CSimpleArray@GV?$CSimpleArrayEqualHelper@G@ATL@@@ATL@@QAEAAGH@Z 1000125e f i OposVariant.obj
 0001:00000283       ??_Estringdispid@CComTypeInfoHolder@ATL@@QAEPAXI@Z 10001283 f i OposVariant.obj
 0001:000002ef       ?AtlWinModuleInit@ATL@@YGJPAU_ATL_WIN_MODULE70@1@@Z 100012ef f i OposVariant.obj
 0001:00000315       ?AtlWinModuleTerm@ATL@@YGJPAU_ATL_WIN_MODULE70@1@PAUHINSTANCE__@@@Z 10001315 f i OposVariant.obj
 0001:00000378       ?ChangeBSTR@OposVariant@@QAEXPAPA_WAAJ@Z 10001378 f   OposVariant.obj
 0001:000003b9       ?ChangeCURRENCY@OposVariant@@QAEXPATtagCY@@AAJ@Z 100013b9 f   OposVariant.obj
 0001:00000408       ?ChangeLONG@OposVariant@@QAEXPAJAAJ@Z 10001408 f   OposVariant.obj
 0001:00000449       ?GetLONG@OposVariant@@QAEJXZ 10001449 f   OposVariant.obj
 0001:00000464       ?Init@CComCriticalSection@ATL@@QAEJXZ 10001464 f i OposVariant.obj
 0001:0000048b       ?RemoveAll@?$CSimpleArray@PAUHINSTANCE__@@V?$CSimpleArrayEqualHelper@PAUHINSTANCE__@@@ATL@@@ATL@@QAEXXZ 1000148b f i atls:atlbase.obj
 0001:0000048b       ?RemoveAll@?$CSimpleArray@GV?$CSimpleArrayEqualHelper@G@ATL@@@ATL@@QAEXXZ 1000148b f i OposVariant.obj
 0001:000004a8       ?SetBSTR@OposVariant@@QAEXPA_WAAJ@Z 100014a8 f   OposVariant.obj
 0001:000004dc       ?SetBSTR_Copy@OposVariant@@QAEXPA_WAAJ@Z 100014dc f   OposVariant.obj
 0001:0000052c       ?SetBSTR_InOutPtr@OposVariant@@QAE_NPAPA_WAAJ@Z 1000152c f   OposVariant.obj
 0001:00000563       ?SetCURRENCY@OposVariant@@QAEXTtagCY@@@Z 10001563 f   OposVariant.obj
 0001:0000058b       ?SetDispatch_Ptr@OposVariant@@QAEXPAUIDispatch@@AAJ@Z 1000158b f   OposVariant.obj
 0001:000005c6       ?SetLONG@OposVariant@@QAEXJ@Z 100015c6 f   OposVariant.obj
 0001:000005e8       ?SetLONG_Ptr@OposVariant@@QAEXPAJAAJ@Z 100015e8 f   OposVariant.obj
 0001:0000061b       ?SetString@OposVariant@@QAEXPB_WAAJ@Z 1000161b f   OposVariant.obj
 0001:00000661       ?SetVARIANT_BOOL@OposVariant@@QAEXF@Z 10001661 f   OposVariant.obj
 0001:0000068b       ?Term@CAtlComModule@ATL@@QAEXXZ 1000168b f i OposVariant.obj
 0001:000006d5       ?_AtlRaiseException@ATL@@YAXKK@Z 100016d5 f i OposVariant.obj
 0001:000006ea       ?Unadvise@?$IOleObjectImpl@VCOPOSCAT@@@ATL@@UAGJK@Z 100016ea f i CAT.obj
 0001:00000719       ?EnumAdvise@?$IOleObjectImpl@VCOPOSCAT@@@ATL@@UAGJPAPAUIEnumSTATDATA@@@Z 10001719 f i CAT.obj
 0001:00000759       ?GetMiscStatus@?$IOleObjectImpl@VCOPOSCAT@@@ATL@@UAGJKPAK@Z 10001759 f i CAT.obj
 0001:00000771       ?OnMnemonic@?$IOleControlImpl@VCOPOSCAT@@@ATL@@UAGJPAUtagMSG@@@Z 10001771 f i CAT.obj
 0001:00000771       ?ContextSensitiveHelp@?$IOleInPlaceObjectWindowlessImpl@VCOPOSCAT@@@ATL@@UAGJH@Z 10001771 f i CAT.obj
 0001:00000771       ?QueryGetData@?$IDataObjectImpl@VCOPOSCAT@@@ATL@@UAGJPAUtagFORMATETC@@@Z 10001771 f i CAT.obj
 0001:00000771       ?SetColorScheme@?$IOleObjectImpl@VCOPOSCAT@@@ATL@@UAGJPAUtagLOGPALETTE@@@Z 10001771 f i CAT.obj
 0001:00000771       ?GetControlInfo@?$IOleControlImpl@VCOPOSCAT@@@ATL@@UAGJPAUtagCONTROLINFO@@@Z 10001771 f i CAT.obj
 0001:00000771       ?GetDropTarget@?$IOleInPlaceObjectWindowlessImpl@VCOPOSCAT@@@ATL@@UAGJPAPAUIDropTarget@@@Z 10001771 f i CAT.obj
 0001:00000771       ?Unfreeze@?$IViewObjectExImpl@VCOPOSCAT@@@ATL@@UAGJK@Z 10001771 f i CAT.obj
 0001:00000771       ?SODataDummy@COPOSCAT@@MAGJJ@Z 10001771 f i CAT.obj
 0001:00000771       ?ContextSensitiveHelp@?$IOleInPlaceActiveObjectImpl@VCOPOSCAT@@@ATL@@UAGJH@Z 10001771 f i CAT.obj
 0001:00000779       ?GetWindow@?$IOleInPlaceActiveObjectImpl@VCOPOSCAT@@@ATL@@UAGJPAPAUHWND__@@@Z 10001779 f i CAT.obj
 0001:000007c6       ?TranslateAcceleratorW@?$IOleInPlaceActiveObjectImpl@VCOPOSCAT@@@ATL@@UAGJPAUtagMSG@@@Z 100017c6 f i CAT.obj
 0001:00000864       ?OnAmbientPropertyChange@?$IOleControlImpl@VCOPOSCAT@@@ATL@@UAGJJ@Z 10001864 f i CAT.obj
 0001:00000864       ?OnFrameWindowActivate@?$IOleInPlaceActiveObjectImpl@VCOPOSCAT@@@ATL@@UAGJH@Z 10001864 f i CAT.obj
 0001:00000864       ?SaveCompleted@?$IPersistStorageImpl@VCOPOSCAT@@@ATL@@UAGJPAUIStorage@@@Z 10001864 f i CAT.obj
 0001:00000864       ?EnableModeless@?$IOleInPlaceActiveObjectImpl@VCOPOSCAT@@@ATL@@UAGJH@Z 10001864 f i CAT.obj
 0001:00000869       ?OnDocWindowActivate@?$IOleInPlaceActiveObjectImpl@VCOPOSCAT@@@ATL@@UAGJH@Z 10001869 f i CAT.obj
 0001:0000088b       ?ResizeBorder@?$IOleInPlaceActiveObjectImpl@VCOPOSCAT@@@ATL@@UAGJPBUtagRECT@@PAUIOleInPlaceUIWindow@@H@Z 1000188b f i CAT.obj
 0001:00000890       ?Draw@?$IViewObjectExImpl@VCOPOSCAT@@@ATL@@UAGJKJPAXPAUtagDVTARGETDEVICE@@PAUHDC__@@2PBU_RECTL@@3P6GHK@ZK@Z 10001890 f i CAT.obj
 0001:000008c2       ?GetColorSet@?$IViewObjectExImpl@VCOPOSCAT@@@ATL@@UAGJKJPAXPAUtagDVTARGETDEVICE@@PAUHDC__@@PAPAUtagLOGPALETTE@@@Z 100018c2 f i CAT.obj
 0001:000008ca       ?Freeze@?$IViewObjectExImpl@VCOPOSCAT@@@ATL@@UAGJKJPAXPAK@Z 100018ca f i CAT.obj
 0001:000008d2       ?SetAdvise@?$IViewObjectExImpl@VCOPOSCAT@@@ATL@@UAGJKKPAUIAdviseSink@@@Z 100018d2 f i CAT.obj
 0001:000008f1       ?GetAdvise@?$IViewObjectExImpl@VCOPOSCAT@@@ATL@@UAGJPAK0PAPAUIAdviseSink@@@Z 100018f1 f i CAT.obj
 0001:00000926       ?GetExtent@?$IViewObjectExImpl@VCOPOSCAT@@@ATL@@UAGJKJPAUtagDVTARGETDEVICE@@PAUtagSIZE@@@Z 10001926 f i CAT.obj
 0001:00000957       ?EnumFormatEtc@?$IDataObjectImpl@VCOPOSCAT@@@ATL@@UAGJKPAPAUIEnumFORMATETC@@@Z 10001957 f i CAT.obj
 0001:00000957       ?SetMoniker@?$IOleObjectImpl@VCOPOSCAT@@@ATL@@UAGJKPAUIMoniker@@@Z 10001957 f i CAT.obj
 0001:00000957       ?GetDataHere@?$IDataObjectImpl@VCOPOSCAT@@@ATL@@UAGJPAUtagFORMATETC@@PAUtagSTGMEDIUM@@@Z 10001957 f i CAT.obj
 0001:00000957       ?GetRect@?$IViewObjectExImpl@VCOPOSCAT@@@ATL@@UAGJKPAU_RECTL@@@Z 10001957 f i CAT.obj
 0001:00000957       ?GetClipboardData@?$IOleObjectImpl@VCOPOSCAT@@@ATL@@UAGJKPAPAUIDataObject@@@Z 10001957 f i CAT.obj
 0001:00000957       ?GetCanonicalFormatEtc@?$IDataObjectImpl@VCOPOSCAT@@@ATL@@UAGJPAUtagFORMATETC@@0@Z 10001957 f i CAT.obj
 0001:00000957       ?QueryInterface@CRegObject@ATL@@UAGJABU_GUID@@PAPAX@Z 10001957 f i CAT.obj
 0001:0000095f       ?GetViewStatus@?$IViewObjectExImpl@VCOPOSCAT@@@ATL@@UAGJPAK@Z 1000195f f i CAT.obj
 0001:0000097c       ?QueryHitPoint@?$IViewObjectExImpl@VCOPOSCAT@@@ATL@@UAGJKPBUtagRECT@@UtagPOINT@@JPAK@Z 1000197c f i CAT.obj
 0001:000009bd       ?QueryHitRect@?$IViewObjectExImpl@VCOPOSCAT@@@ATL@@UAGJKPBUtagRECT@@0JPAK@Z 100019bd f i CAT.obj
 0001:00000a18       ?GetNaturalExtent@?$IViewObjectExImpl@VCOPOSCAT@@@ATL@@UAGJKJPAUtagDVTARGETDEVICE@@PAUHDC__@@PAUtagExtentInfo@@PAUtagSIZE@@@Z 10001a18 f i CAT.obj
 0001:00000a63       ?GetWindow@?$IOleInPlaceObjectWindowlessImpl@VCOPOSCAT@@@ATL@@UAGJPAPAUHWND__@@@Z 10001a63 f i CAT.obj
 0001:00000ab0       ?InPlaceDeactivate@?$IOleInPlaceObjectWindowlessImpl@VCOPOSCAT@@@ATL@@UAGJXZ 10001ab0 f i CAT.obj
 0001:00000aca       ?UIDeactivate@?$IOleInPlaceObjectWindowlessImpl@VCOPOSCAT@@@ATL@@UAGJXZ 10001aca f i CAT.obj
 0001:00000ae4       ?SetObjectRects@?$IOleInPlaceObjectWindowlessImpl@VCOPOSCAT@@@ATL@@UAGJPBUtagRECT@@0@Z 10001ae4 f i CAT.obj
 0001:00000b04       ?ReactivateAndUndo@?$IOleInPlaceObjectWindowlessImpl@VCOPOSCAT@@@ATL@@UAGJXZ 10001b04 f i CAT.obj
 0001:00000b0c       ?OnWindowMessage@?$IOleInPlaceObjectWindowlessImpl@VCOPOSCAT@@@ATL@@UAGJIIJPAJ@Z 10001b0c f i CAT.obj
 0001:00000b7c       ?EnumConnectionPoints@?$IConnectionPointContainerImpl@VCOPOSCAT@@@ATL@@UAGJPAPAUIEnumConnectionPoints@@@Z 10001b7c f i CAT.obj
 0001:00000cf6       ?FindConnectionPoint@?$IConnectionPointContainerImpl@VCOPOSCAT@@@ATL@@UAGJABU_GUID@@PAPAUIConnectionPoint@@@Z 10001cf6 f i CAT.obj
 0001:00000d99       ?GetClassID@?$IPersistStreamInitImpl@VCOPOSCAT@@@ATL@@UAGJPAU_GUID@@@Z 10001d99 f i CAT.obj
 0001:00000d99       ?GetUserClassID@?$IOleObjectImpl@VCOPOSCAT@@@ATL@@UAGJPAU_GUID@@@Z 10001d99 f i CAT.obj
 0001:00000d99       ?GetClassID@?$IPersistStorageImpl@VCOPOSCAT@@@ATL@@UAGJPAU_GUID@@@Z 10001d99 f i CAT.obj
 0001:00000dbd       ?IsDirty@?$IPersistStorageImpl@VCOPOSCAT@@@ATL@@UAGJXZ 10001dbd f i CAT.obj
 0001:00000df1       ?InitNew@?$IPersistStorageImpl@VCOPOSCAT@@@ATL@@UAGJPAUIStorage@@@Z 10001df1 f i CAT.obj
 0001:00000e25       ?Load@?$IPersistStorageImpl@VCOPOSCAT@@@ATL@@UAGJPAUIStorage@@@Z 10001e25 f i CAT.obj
 0001:00000e91       ?Save@?$IPersistStorageImpl@VCOPOSCAT@@@ATL@@UAGJPAUIStorage@@H@Z 10001e91 f i CAT.obj
 0001:00000f04       ?IsUpToDate@?$IOleObjectImpl@VCOPOSCAT@@@ATL@@UAGJXZ 10001f04 f i CAT.obj
 0001:00000f04       ?Release@CRegObject@ATL@@UAGKXZ 10001f04 f i CAT.obj
 0001:00000f04       ?Update@?$IOleObjectImpl@VCOPOSCAT@@@ATL@@UAGJXZ 10001f04 f i CAT.obj
 0001:00000f04       ?HandsOffStorage@?$IPersistStorageImpl@VCOPOSCAT@@@ATL@@UAGJXZ 10001f04 f i CAT.obj
 0001:00000f09       ?GetPages@?$ISpecifyPropertyPagesImpl@VCOPOSCAT@@@ATL@@UAGJPAUtagCAUUID@@@Z 10001f09 f i CAT.obj
 0001:00000f20       ?QuickActivate@?$IQuickActivateImpl@VCOPOSCAT@@@ATL@@UAGJPAUtagQACONTAINER@@PAUtagQACONTROL@@@Z 10001f20 f i CAT.obj
 0001:00000f43       ?SetContentExtent@?$IQuickActivateImpl@VCOPOSCAT@@@ATL@@UAGJPAUtagSIZE@@@Z 10001f43 f i CAT.obj
 0001:00000f6f       ?GetContentExtent@?$IQuickActivateImpl@VCOPOSCAT@@@ATL@@UAGJPAUtagSIZE@@@Z 10001f6f f i CAT.obj
 0001:00000f8f       ?GetData@?$IDataObjectImpl@VCOPOSCAT@@@ATL@@UAGJPAUtagFORMATETC@@PAUtagSTGMEDIUM@@@Z 10001f8f f i CAT.obj
 0001:00000fb2       ?SetData@?$IDataObjectImpl@VCOPOSCAT@@@ATL@@UAGJPAUtagFORMATETC@@PAUtagSTGMEDIUM@@H@Z 10001fb2 f i CAT.obj
 0001:00000fb2       ?GetMoniker@?$IOleObjectImpl@VCOPOSCAT@@@ATL@@UAGJKKPAPAUIMoniker@@@Z 10001fb2 f i CAT.obj
 0001:00000fb2       ?InitFromData@?$IOleObjectImpl@VCOPOSCAT@@@ATL@@UAGJPAUIDataObject@@HK@Z 10001fb2 f i CAT.obj
 0001:00000fba       ?DAdvise@?$IDataObjectImpl@VCOPOSCAT@@@ATL@@UAGJPAUtagFORMATETC@@KPAUIAdviseSink@@PAK@Z 10001fba f i CAT.obj
 0001:00000ffb       ?DUnadvise@?$IDataObjectImpl@VCOPOSCAT@@@ATL@@UAGJK@Z 10001ffb f i CAT.obj
 0001:00001029       ?EnumDAdvise@?$IDataObjectImpl@VCOPOSCAT@@@ATL@@UAGJPAPAUIEnumSTATDATA@@@Z 10002029 f i CAT.obj
 0001:00001068       ?GetClassInfoW@?$IProvideClassInfo2Impl@$1?CLSID_OPOSCAT@@3U_GUID@@B$1?DIID__IOPOSCATEvents@@3U2@B$1?LIBID_OposCAT_CCO@@3U2@B$00$0A@VCComTypeInfoHolder@ATL@@@ATL@@UAGJPAPAUITypeInfo@@@Z 10002068 f i CAT.obj
 0001:0000107e       ?GetGUID@?$IProvideClassInfo2Impl@$1?CLSID_OPOSCAT@@3U_GUID@@B$1?DIID__IOPOSCATEvents@@3U2@B$1?LIBID_OposCAT_CCO@@3U2@B$00$0A@VCComTypeInfoHolder@ATL@@@ATL@@UAGJKPAU_GUID@@@Z 1000207e f i CAT.obj
 0001:000010bc       ?FAccessAllowed@?$IObjectSafetyImpl@VCOPOSCAT@@$02@ATL@@MAEHXZ 100020bc f i CAT.obj
 0001:000010bc       __get_startup_argv_mode    100020bc f i LIBCMT:argv_mode.obj
 0001:000010c0       ?GetInterfaceSafetyOptions@?$IObjectSafetyImpl@VCOPOSCAT@@$02@ATL@@UAGJABU_GUID@@PAK1@Z 100020c0 f i CAT.obj
 0001:00001134       ?SetInterfaceSafetyOptions@?$IObjectSafetyImpl@VCOPOSCAT@@$02@ATL@@UAGJABU_GUID@@KK@Z 10002134 f i CAT.obj
 0001:000011ae       ?_LocCPQueryInterface@?$IConnectionPointImpl@VCOPOSCAT@@$1?IID_IPropertyNotifySink@@3U_GUID@@BVCComDynamicUnkArray@ATL@@@ATL@@UAGJABU_GUID@@PAPAX@Z 100021ae f i CAT.obj
 0001:000011ae       ?_LocCPQueryInterface@?$IConnectionPointImpl@VCOPOSCAT@@$1?DIID__IOPOSCATEvents@@3U_GUID@@BVCComDynamicUnkArray@ATL@@@ATL@@UAGJABU_GUID@@PAPAX@Z 100021ae f i CAT.obj
 0001:000011fb       ?GetConnectionInterface@?$IConnectionPointImpl@VCOPOSCAT@@$1?IID_IPropertyNotifySink@@3U_GUID@@BVCComDynamicUnkArray@ATL@@@ATL@@UAGJPAU_GUID@@@Z 100021fb f i CAT.obj
 0001:0000121f       ?GetConnectionPointContainer@?$IConnectionPointImpl@VCOPOSCAT@@$1?IID_IPropertyNotifySink@@3U_GUID@@BVCComDynamicUnkArray@ATL@@@ATL@@UAGJPAPAUIConnectionPointContainer@@@Z 1000221f f i CAT.obj
 0001:00001242       ?Advise@?$IConnectionPointImpl@VCOPOSCAT@@$1?DIID__IOPOSCATEvents@@3U_GUID@@BVCComDynamicUnkArray@ATL@@@ATL@@UAGJPAUIUnknown@@PAK@Z 10002242 f i CAT.obj
 0001:00001242       ?Advise@?$IConnectionPointImpl@VCOPOSCAT@@$1?IID_IPropertyNotifySink@@3U_GUID@@BVCComDynamicUnkArray@ATL@@@ATL@@UAGJPAUIUnknown@@PAK@Z 10002242 f i CAT.obj
 0001:000012e3       ?Unadvise@?$IConnectionPointImpl@VCOPOSCAT@@$1?IID_IPropertyNotifySink@@3U_GUID@@BVCComDynamicUnkArray@ATL@@@ATL@@UAGJK@Z 100022e3 f i CAT.obj
 0001:000012e3       ?Unadvise@?$IConnectionPointImpl@VCOPOSCAT@@$1?DIID__IOPOSCATEvents@@3U_GUID@@BVCComDynamicUnkArray@ATL@@@ATL@@UAGJK@Z 100022e3 f i CAT.obj
 0001:00001323       ?EnumConnections@?$IConnectionPointImpl@VCOPOSCAT@@$1?DIID__IOPOSCATEvents@@3U_GUID@@BVCComDynamicUnkArray@ATL@@@ATL@@UAGJPAPAUIEnumConnections@@@Z 10002323 f i CAT.obj
 0001:00001323       ?EnumConnections@?$IConnectionPointImpl@VCOPOSCAT@@$1?IID_IPropertyNotifySink@@3U_GUID@@BVCComDynamicUnkArray@ATL@@@ATL@@UAGJPAPAUIEnumConnections@@@Z 10002323 f i CAT.obj
 0001:00001429       ?GetObjectDescription@?$CComCoClass@VCOPOSCAT@@$1?CLSID_OPOSCAT@@3U_GUID@@B@ATL@@SGPB_WXZ 10002429 f i CAT.obj
 0001:00001429       ?GetCategoryMap@CComObjectRootBase@ATL@@SAPBU_ATL_CATMAP_ENTRY@2@XZ 10002429 f i CAT.obj
 0001:0000142c       ?GetConnectionInterface@?$IConnectionPointImpl@VCOPOSCAT@@$1?DIID__IOPOSCATEvents@@3U_GUID@@BVCComDynamicUnkArray@ATL@@@ATL@@UAGJPAU_GUID@@@Z 1000242c f i CAT.obj
 0001:00001450       ?GetConnectionPointContainer@?$IConnectionPointImpl@VCOPOSCAT@@$1?DIID__IOPOSCATEvents@@3U_GUID@@BVCComDynamicUnkArray@ATL@@@ATL@@UAGJPAPAUIConnectionPointContainer@@@Z 10002450 f i CAT.obj
 0001:00001473       ?UpdateRegistry@COPOSCAT@@SGJH@Z 10002473 f i CAT.obj
 0001:0000148b       ?ProcessWindowMessage@COPOSCAT@@UAEHPAUHWND__@@IIJAAJK@Z 1000248b f i CAT.obj
 0001:000014d4       ?SODirectIO@COPOSCAT@@MAGJJPAJPAPA_W@Z 100024d4 f i CAT.obj
 0001:0000151d       ?SOError@COPOSCAT@@MAGJJJJPAJ@Z 1000251d f i CAT.obj
 0001:00001572       ?SOOutputComplete@COPOSCAT@@MAGJJ@Z 10002572 f i CAT.obj
 0001:000015ab       ?SOStatusUpdate@COPOSCAT@@MAGJJ@Z 100025ab f i CAT.obj
 0001:000015e4       ?AddRef@CRegObject@ATL@@UAGKXZ 100025e4 f i CAT.obj
 0001:000015ea       ?AddReplacement@CRegObject@ATL@@UAGJPB_W0@Z 100025ea f i CAT.obj
 0001:00001623       ?ClearReplacements@CRegObject@ATL@@UAGJXZ 10002623 f i CAT.obj
 0001:00001635       ??_ECRegObject@ATL@@UAEPAXI@Z 10002635 f i CAT.obj
 0001:00001635       ??_GCRegObject@ATL@@UAEPAXI@Z 10002635 f i CAT.obj
 0001:00001657       ?CreateInstance@?$CComCreator@V?$CComObjectCached@VCComClassFactory@ATL@@@ATL@@@ATL@@SGJPAXABU_GUID@@PAPAX@Z 10002657 f i CAT.obj
 0001:000016ea       ?CreateInstance@?$CComCreator2@V?$CComCreator@V?$CComObject@VCOPOSCAT@@@ATL@@@ATL@@V?$CComCreator@V?$CComAggObject@VCOPOSCAT@@@ATL@@@2@@ATL@@SGJPAXABU_GUID@@PAPAX@Z 100026ea f i CAT.obj
 0001:0000170a       ?Next@?$CComEnumImpl@UIEnumConnectionPoints@@$1?_GUID_b196b285_bab4_101a_b69c_00aa00341d07@@3U__s_GUID@@BPAUIConnectionPoint@@V?$_CopyInterface@UIConnectionPoint@@@ATL@@@ATL@@UAGJKPAPAUIConnectionPoint@@PAK@Z 1000270a f i CAT.obj
 0001:000017e1       ?Skip@?$CComEnumImpl@UIEnumConnectionPoints@@$1?_GUID_b196b285_bab4_101a_b69c_00aa00341d07@@3U__s_GUID@@BPAUIConnectionPoint@@V?$_CopyInterface@UIConnectionPoint@@@ATL@@@ATL@@UAGJK@Z 100027e1 f i CAT.obj
 0001:0000180e       ?Reset@?$CComEnumImpl@UIEnumConnections@@$1?_GUID_b196b287_bab4_101a_b69c_00aa00341d07@@3U__s_GUID@@BUtagCONNECTDATA@@V?$_Copy@UtagCONNECTDATA@@@ATL@@@ATL@@UAGJXZ 1000280e f i CAT.obj
 0001:0000180e       ?Reset@?$CComEnumImpl@UIEnumConnectionPoints@@$1?_GUID_b196b285_bab4_101a_b69c_00aa00341d07@@3U__s_GUID@@BPAUIConnectionPoint@@V?$_CopyInterface@UIConnectionPoint@@@ATL@@@ATL@@UAGJXZ 1000280e f i CAT.obj
 0001:00001820       ?Clone@?$CComEnumImpl@UIEnumConnectionPoints@@$1?_GUID_b196b285_bab4_101a_b69c_00aa00341d07@@3U__s_GUID@@BPAUIConnectionPoint@@V?$_CopyInterface@UIConnectionPoint@@@ATL@@@ATL@@UAGJPAPAUIEnumConnectionPoints@@@Z 10002820 f i CAT.obj
 0001:000018ff       ?AddRef@?$CComObject@V?$CComEnum@UIEnumConnectionPoints@@$1?_GUID_b196b285_bab4_101a_b69c_00aa00341d07@@3U__s_GUID@@BPAUIConnectionPoint@@V?$_CopyInterface@UIConnectionPoint@@@ATL@@VCComSingleThreadModel@6@@ATL@@@ATL@@UAGKXZ 100028ff f i CAT.obj
 0001:000018ff       ?AddRef@?$CComObject@V?$CComEnum@UIEnumConnections@@$1?_GUID_b196b287_bab4_101a_b69c_00aa00341d07@@3U__s_GUID@@BUtagCONNECTDATA@@V?$_Copy@UtagCONNECTDATA@@@ATL@@VCComSingleThreadModel@6@@ATL@@@ATL@@UAGKXZ 100028ff f i CAT.obj
 0001:00001910       ?Release@?$CComObject@V?$CComEnum@UIEnumConnections@@$1?_GUID_b196b287_bab4_101a_b69c_00aa00341d07@@3U__s_GUID@@BUtagCONNECTDATA@@V?$_Copy@UtagCONNECTDATA@@@ATL@@VCComSingleThreadModel@6@@ATL@@@ATL@@UAGKXZ 10002910 f i CAT.obj
 0001:00001910       ?Release@?$CComObject@V?$CComEnum@UIEnumConnectionPoints@@$1?_GUID_b196b285_bab4_101a_b69c_00aa00341d07@@3U__s_GUID@@BPAUIConnectionPoint@@V?$_CopyInterface@UIConnectionPoint@@@ATL@@VCComSingleThreadModel@6@@ATL@@@ATL@@UAGKXZ 10002910 f i CAT.obj
 0001:0000194c       ?QueryInterface@?$CComObject@V?$CComEnum@UIEnumConnectionPoints@@$1?_GUID_b196b285_bab4_101a_b69c_00aa00341d07@@3U__s_GUID@@BPAUIConnectionPoint@@V?$_CopyInterface@UIConnectionPoint@@@ATL@@VCComSingleThreadModel@6@@ATL@@@ATL@@UAGJABU_GUID@@PAPAX@Z 1000294c f i CAT.obj
 0001:00001966       ??_E?$CComObject@V?$CComEnum@UIEnumConnectionPoints@@$1?_GUID_b196b285_bab4_101a_b69c_00aa00341d07@@3U__s_GUID@@BPAUIConnectionPoint@@V?$_CopyInterface@UIConnectionPoint@@@ATL@@VCComSingleThreadModel@6@@ATL@@@ATL@@UAEPAXI@Z 10002966 f i CAT.obj
 0001:00001966       ??_G?$CComObject@V?$CComEnum@UIEnumConnectionPoints@@$1?_GUID_b196b285_bab4_101a_b69c_00aa00341d07@@3U__s_GUID@@BPAUIConnectionPoint@@V?$_CopyInterface@UIConnectionPoint@@@ATL@@VCComSingleThreadModel@6@@ATL@@@ATL@@UAEPAXI@Z 10002966 f i CAT.obj
 0001:00001988       ?AddRef@?$CComObjectCached@VCComClassFactory@ATL@@@ATL@@UAGKXZ 10002988 f i CAT.obj
 0001:000019af       ?Release@?$CComObjectCached@VCComClassFactory@ATL@@@ATL@@UAGKXZ 100029af f i CAT.obj
 0001:000019e5       ?QueryInterface@?$CComObjectCached@VCComClassFactory@ATL@@@ATL@@UAGJABU_GUID@@PAPAX@Z 100029e5 f i CAT.obj
 0001:000019ff       ??_E?$CComObjectCached@VCComClassFactory@ATL@@@ATL@@UAEPAXI@Z 100029ff f i CAT.obj
 0001:000019ff       ??_G?$CComObjectCached@VCComClassFactory@ATL@@@ATL@@UAEPAXI@Z 100029ff f i CAT.obj
 0001:00001a21       ?AddRef@?$CComAggObject@VCOPOSCAT@@@ATL@@UAGKXZ 10002a21 f i CAT.obj
 0001:00001a32       ?Release@?$CComAggObject@VCOPOSCAT@@@ATL@@UAGKXZ 10002a32 f i CAT.obj
 0001:00001a6e       ?QueryInterface@?$CComAggObject@VCOPOSCAT@@@ATL@@UAGJABU_GUID@@PAPAX@Z 10002a6e f i CAT.obj
 0001:00001abd       ?AddRef@?$CComContainedObject@VCOPOSCAT@@@ATL@@UAGKXZ 10002abd f i CAT.obj
 0001:00001ad3       ?Release@?$CComContainedObject@VCOPOSCAT@@@ATL@@UAGKXZ 10002ad3 f i CAT.obj
 0001:00001ae9       ?QueryInterface@?$CComContainedObject@VCOPOSCAT@@@ATL@@UAGJABU_GUID@@PAPAX@Z 10002ae9 f i CAT.obj
 0001:00001b04       ??_G?$CComAggObject@VCOPOSCAT@@@ATL@@UAEPAXI@Z 10002b04 f i CAT.obj
 0001:00001b04       ??_E?$CComAggObject@VCOPOSCAT@@@ATL@@UAEPAXI@Z 10002b04 f i CAT.obj
 0001:00001b29       ?AddRef@?$CComObject@VCOPOSCAT@@@ATL@@UAGKXZ 10002b29 f i CAT.obj
 0001:00001b40       ?Release@?$CComObject@VCOPOSCAT@@@ATL@@UAGKXZ 10002b40 f i CAT.obj
 0001:00001b82       ?QueryInterface@?$CComObject@VCOPOSCAT@@@ATL@@UAGJABU_GUID@@PAPAX@Z 10002b82 f i CAT.obj
 0001:00001b9c       ?ObjectMain@CComObjectRootBase@ATL@@SGX_N@Z 10002b9c f i CAT.obj
 0001:00001b9c       ?OnFinalMessage@?$CWindowImplBaseT@VCWindow@ATL@@V?$CWinTraits@$0FGAAAAAA@$0A@@2@@ATL@@UAEXPAUHWND__@@@Z 10002b9c f i CAT.obj
 0001:00001b9f       ?OnDrawAdvanced@CComControlBase@ATL@@UAEJAAUATL_DRAWINFO@@@Z 10002b9f f i CAT.obj
 0001:00001c8e       ?CreateInstance@CComClassFactory@ATL@@UAGJPAUIUnknown@@ABU_GUID@@PAPAX@Z 10002c8e f i CAT.obj
 0001:00001ccc       ?LockServer@CComClassFactory@ATL@@UAGJH@Z 10002ccc f i CAT.obj
 0001:00001ceb       ??_ECComClassFactory@ATL@@UAEPAXI@Z 10002ceb f i CAT.obj
 0001:00001ceb       ??_GCComClassFactory@ATL@@UAEPAXI@Z 10002ceb f i CAT.obj
 0001:00001d16       ?Next@?$CComEnumImpl@UIEnumConnections@@$1?_GUID_b196b287_bab4_101a_b69c_00aa00341d07@@3U__s_GUID@@BUtagCONNECTDATA@@V?$_Copy@UtagCONNECTDATA@@@ATL@@@ATL@@UAGJKPAUtagCONNECTDATA@@PAK@Z 10002d16 f i CAT.obj
 0001:00001ded       ?Skip@?$CComEnumImpl@UIEnumConnections@@$1?_GUID_b196b287_bab4_101a_b69c_00aa00341d07@@3U__s_GUID@@BUtagCONNECTDATA@@V?$_Copy@UtagCONNECTDATA@@@ATL@@@ATL@@UAGJK@Z 10002ded f i CAT.obj
 0001:00001e1a       ?Clone@?$CComEnumImpl@UIEnumConnections@@$1?_GUID_b196b287_bab4_101a_b69c_00aa00341d07@@3U__s_GUID@@BUtagCONNECTDATA@@V?$_Copy@UtagCONNECTDATA@@@ATL@@@ATL@@UAGJPAPAUIEnumConnections@@@Z 10002e1a f i CAT.obj
 0001:00001ef9       ?QueryInterface@?$CComObject@V?$CComEnum@UIEnumConnections@@$1?_GUID_b196b287_bab4_101a_b69c_00aa00341d07@@3U__s_GUID@@BUtagCONNECTDATA@@V?$_Copy@UtagCONNECTDATA@@@ATL@@VCComSingleThreadModel@6@@ATL@@@ATL@@UAGJABU_GUID@@PAPAX@Z 10002ef9 f i CAT.obj
 0001:00001f13       ??_E?$CComObject@V?$CComEnum@UIEnumConnections@@$1?_GUID_b196b287_bab4_101a_b69c_00aa00341d07@@3U__s_GUID@@BUtagCONNECTDATA@@V?$_Copy@UtagCONNECTDATA@@@ATL@@VCComSingleThreadModel@6@@ATL@@@ATL@@UAEPAXI@Z 10002f13 f i CAT.obj
 0001:00001f13       ??_G?$CComObject@V?$CComEnum@UIEnumConnections@@$1?_GUID_b196b287_bab4_101a_b69c_00aa00341d07@@3U__s_GUID@@BUtagCONNECTDATA@@V?$_Copy@UtagCONNECTDATA@@@ATL@@VCComSingleThreadModel@6@@ATL@@@ATL@@UAEPAXI@Z 10002f13 f i CAT.obj
 0001:00001f35       ??_E?$CComObject@VCOPOSCAT@@@ATL@@W3AEPAXI@Z 10002f35 f i CAT.obj
 0001:00001f3d       ??_E?$CComObject@VCOPOSCAT@@@ATL@@WEM@AEPAXI@Z 10002f3d f i CAT.obj
 0001:00001f45       ?QueryInterface@?$CComObject@VCOPOSCAT@@@ATL@@WHA@AGJABU_GUID@@PAPAX@Z 10002f45 f i CAT.obj
 0001:00001f4f       ?AddRef@?$CComObject@VCOPOSCAT@@@ATL@@WHA@AGKXZ 10002f4f f i CAT.obj
 0001:00001f59       ?Release@?$CComObject@VCOPOSCAT@@@ATL@@WHA@AGKXZ 10002f59 f i CAT.obj
 0001:00001f63       ?QueryInterface@?$CComObject@VCOPOSCAT@@@ATL@@WHE@AGJABU_GUID@@PAPAX@Z 10002f63 f i CAT.obj
 0001:00001f6d       ?AddRef@?$CComObject@VCOPOSCAT@@@ATL@@WHE@AGKXZ 10002f6d f i CAT.obj
 0001:00001f77       ?Release@?$CComObject@VCOPOSCAT@@@ATL@@WHE@AGKXZ 10002f77 f i CAT.obj
 0001:00001f81       ?QueryInterface@?$CComObject@VCOPOSCAT@@@ATL@@WHI@AGJABU_GUID@@PAPAX@Z 10002f81 f i CAT.obj
 0001:00001f8b       ?AddRef@?$CComObject@VCOPOSCAT@@@ATL@@WHI@AGKXZ 10002f8b f i CAT.obj
 0001:00001f95       ?Release@?$CComObject@VCOPOSCAT@@@ATL@@WHI@AGKXZ 10002f95 f i CAT.obj
 0001:00001f9f       ?QueryInterface@?$CComObject@VCOPOSCAT@@@ATL@@WHM@AGJABU_GUID@@PAPAX@Z 10002f9f f i CAT.obj
 0001:00001fa9       ?AddRef@?$CComObject@VCOPOSCAT@@@ATL@@WHM@AGKXZ 10002fa9 f i CAT.obj
 0001:00001fb3       ?Release@?$CComObject@VCOPOSCAT@@@ATL@@WHM@AGKXZ 10002fb3 f i CAT.obj
 0001:00001fbd       ?QueryInterface@?$CComObject@VCOPOSCAT@@@ATL@@WIA@AGJABU_GUID@@PAPAX@Z 10002fbd f i CAT.obj
 0001:00001fca       ?AddRef@?$CComObject@VCOPOSCAT@@@ATL@@WIA@AGKXZ 10002fca f i CAT.obj
 0001:00001fd7       ?Release@?$CComObject@VCOPOSCAT@@@ATL@@WIA@AGKXZ 10002fd7 f i CAT.obj
 0001:00001fe4       ?QueryInterface@?$CComObject@VCOPOSCAT@@@ATL@@WIE@AGJABU_GUID@@PAPAX@Z 10002fe4 f i CAT.obj
 0001:00001ff1       ?AddRef@?$CComObject@VCOPOSCAT@@@ATL@@WIE@AGKXZ 10002ff1 f i CAT.obj
 0001:00001ffe       ?Release@?$CComObject@VCOPOSCAT@@@ATL@@WIE@AGKXZ 10002ffe f i CAT.obj
 0001:0000200b       ?QueryInterface@?$CComObject@VCOPOSCAT@@@ATL@@WII@AGJABU_GUID@@PAPAX@Z 1000300b f i CAT.obj
 0001:00002018       ?AddRef@?$CComObject@VCOPOSCAT@@@ATL@@WII@AGKXZ 10003018 f i CAT.obj
 0001:00002025       ?Release@?$CComObject@VCOPOSCAT@@@ATL@@WII@AGKXZ 10003025 f i CAT.obj
 0001:00002032       ?QueryInterface@?$CComObject@VCOPOSCAT@@@ATL@@WIM@AGJABU_GUID@@PAPAX@Z 10003032 f i CAT.obj
 0001:0000203f       ?AddRef@?$CComObject@VCOPOSCAT@@@ATL@@WIM@AGKXZ 1000303f f i CAT.obj
 0001:0000204c       ?Release@?$CComObject@VCOPOSCAT@@@ATL@@WIM@AGKXZ 1000304c f i CAT.obj
 0001:00002059       ?QueryInterface@?$CComObject@VCOPOSCAT@@@ATL@@WJA@AGJABU_GUID@@PAPAX@Z 10003059 f i CAT.obj
 0001:00002066       ?AddRef@?$CComObject@VCOPOSCAT@@@ATL@@WJA@AGKXZ 10003066 f i CAT.obj
 0001:00002073       ?Release@?$CComObject@VCOPOSCAT@@@ATL@@WJA@AGKXZ 10003073 f i CAT.obj
 0001:00002080       ?QueryInterface@?$CComObject@VCOPOSCAT@@@ATL@@WJE@AGJABU_GUID@@PAPAX@Z 10003080 f i CAT.obj
 0001:0000208d       ?AddRef@?$CComObject@VCOPOSCAT@@@ATL@@WJE@AGKXZ 1000308d f i CAT.obj
 0001:0000209a       ?Release@?$CComObject@VCOPOSCAT@@@ATL@@WJE@AGKXZ 1000309a f i CAT.obj
 0001:000020a7       ?QueryInterface@?$CComObject@VCOPOSCAT@@@ATL@@WJI@AGJABU_GUID@@PAPAX@Z 100030a7 f i CAT.obj
 0001:000020b4       ?AddRef@?$CComObject@VCOPOSCAT@@@ATL@@WJI@AGKXZ 100030b4 f i CAT.obj
 0001:000020c1       ?Release@?$CComObject@VCOPOSCAT@@@ATL@@WJI@AGKXZ 100030c1 f i CAT.obj
 0001:000020ce       ?QueryInterface@?$CComObject@VCOPOSCAT@@@ATL@@WJM@AGJABU_GUID@@PAPAX@Z 100030ce f i CAT.obj
 0001:000020db       ?AddRef@?$CComObject@VCOPOSCAT@@@ATL@@WJM@AGKXZ 100030db f i CAT.obj
 0001:000020e8       ?Release@?$CComObject@VCOPOSCAT@@@ATL@@WJM@AGKXZ 100030e8 f i CAT.obj
 0001:000020f5       ?QueryInterface@?$CComObject@VCOPOSCAT@@@ATL@@WKA@AGJABU_GUID@@PAPAX@Z 100030f5 f i CAT.obj
 0001:00002102       ?AddRef@?$CComObject@VCOPOSCAT@@@ATL@@WKA@AGKXZ 10003102 f i CAT.obj
 0001:0000210f       ?Release@?$CComObject@VCOPOSCAT@@@ATL@@WKA@AGKXZ 1000310f f i CAT.obj
 0001:0000211c       ?AddRef@?$CComObject@VCOPOSCAT@@@ATL@@WKI@AGKXZ 1000311c f i CAT.obj
 0001:00002129       ?Release@?$CComObject@VCOPOSCAT@@@ATL@@WKI@AGKXZ 10003129 f i CAT.obj
 0001:00002136       ?AddRef@?$CComObject@VCOPOSCAT@@@ATL@@WLE@AGKXZ 10003136 f i CAT.obj
 0001:00002143       ?Release@?$CComObject@VCOPOSCAT@@@ATL@@WLE@AGKXZ 10003143 f i CAT.obj
 0001:00002150       ??_E?$CComContainedObject@VCOPOSCAT@@@ATL@@W3AEPAXI@Z 10003150 f i CAT.obj
 0001:00002158       ??_E?$CComContainedObject@VCOPOSCAT@@@ATL@@WEM@AEPAXI@Z 10003158 f i CAT.obj
 0001:00002160       ?QueryInterface@?$CComContainedObject@VCOPOSCAT@@@ATL@@WHA@AGJABU_GUID@@PAPAX@Z 10003160 f i CAT.obj
 0001:0000216a       ?AddRef@?$CComContainedObject@VCOPOSCAT@@@ATL@@WHA@AGKXZ 1000316a f i CAT.obj
 0001:00002174       ?Release@?$CComContainedObject@VCOPOSCAT@@@ATL@@WHA@AGKXZ 10003174 f i CAT.obj
 0001:0000217e       ?QueryInterface@?$CComContainedObject@VCOPOSCAT@@@ATL@@WHE@AGJABU_GUID@@PAPAX@Z 1000317e f i CAT.obj
 0001:00002188       ?AddRef@?$CComContainedObject@VCOPOSCAT@@@ATL@@WHE@AGKXZ 10003188 f i CAT.obj
 0001:00002192       ?Release@?$CComContainedObject@VCOPOSCAT@@@ATL@@WHE@AGKXZ 10003192 f i CAT.obj
 0001:0000219c       ?QueryInterface@?$CComContainedObject@VCOPOSCAT@@@ATL@@WHI@AGJABU_GUID@@PAPAX@Z 1000319c f i CAT.obj
 0001:000021a6       ?AddRef@?$CComContainedObject@VCOPOSCAT@@@ATL@@WHI@AGKXZ 100031a6 f i CAT.obj
 0001:000021b0       ?Release@?$CComContainedObject@VCOPOSCAT@@@ATL@@WHI@AGKXZ 100031b0 f i CAT.obj
 0001:000021ba       ?QueryInterface@?$CComContainedObject@VCOPOSCAT@@@ATL@@WHM@AGJABU_GUID@@PAPAX@Z 100031ba f i CAT.obj
 0001:000021c4       ?AddRef@?$CComContainedObject@VCOPOSCAT@@@ATL@@WHM@AGKXZ 100031c4 f i CAT.obj
 0001:000021ce       ?Release@?$CComContainedObject@VCOPOSCAT@@@ATL@@WHM@AGKXZ 100031ce f i CAT.obj
 0001:000021d8       ?QueryInterface@?$CComContainedObject@VCOPOSCAT@@@ATL@@WIA@AGJABU_GUID@@PAPAX@Z 100031d8 f i CAT.obj
 0001:000021e5       ?AddRef@?$CComContainedObject@VCOPOSCAT@@@ATL@@WIA@AGKXZ 100031e5 f i CAT.obj
 0001:000021f2       ?Release@?$CComContainedObject@VCOPOSCAT@@@ATL@@WIA@AGKXZ 100031f2 f i CAT.obj
 0001:000021ff       ?QueryInterface@?$CComContainedObject@VCOPOSCAT@@@ATL@@WIE@AGJABU_GUID@@PAPAX@Z 100031ff f i CAT.obj
 0001:0000220c       ?AddRef@?$CComContainedObject@VCOPOSCAT@@@ATL@@WIE@AGKXZ 1000320c f i CAT.obj
 0001:00002219       ?Release@?$CComContainedObject@VCOPOSCAT@@@ATL@@WIE@AGKXZ 10003219 f i CAT.obj
 0001:00002226       ?QueryInterface@?$CComContainedObject@VCOPOSCAT@@@ATL@@WII@AGJABU_GUID@@PAPAX@Z 10003226 f i CAT.obj
 0001:00002233       ?AddRef@?$CComContainedObject@VCOPOSCAT@@@ATL@@WII@AGKXZ 10003233 f i CAT.obj
 0001:00002240       ?Release@?$CComContainedObject@VCOPOSCAT@@@ATL@@WII@AGKXZ 10003240 f i CAT.obj
 0001:0000224d       ?QueryInterface@?$CComContainedObject@VCOPOSCAT@@@ATL@@WIM@AGJABU_GUID@@PAPAX@Z 1000324d f i CAT.obj
 0001:0000225a       ?AddRef@?$CComContainedObject@VCOPOSCAT@@@ATL@@WIM@AGKXZ 1000325a f i CAT.obj
 0001:00002267       ?Release@?$CComContainedObject@VCOPOSCAT@@@ATL@@WIM@AGKXZ 10003267 f i CAT.obj
 0001:00002274       ?QueryInterface@?$CComContainedObject@VCOPOSCAT@@@ATL@@WJA@AGJABU_GUID@@PAPAX@Z 10003274 f i CAT.obj
 0001:00002281       ?AddRef@?$CComContainedObject@VCOPOSCAT@@@ATL@@WJA@AGKXZ 10003281 f i CAT.obj
 0001:0000228e       ?Release@?$CComContainedObject@VCOPOSCAT@@@ATL@@WJA@AGKXZ 1000328e f i CAT.obj
 0001:0000229b       ?QueryInterface@?$CComContainedObject@VCOPOSCAT@@@ATL@@WJE@AGJABU_GUID@@PAPAX@Z 1000329b f i CAT.obj
 0001:000022a8       ?AddRef@?$CComContainedObject@VCOPOSCAT@@@ATL@@WJE@AGKXZ 100032a8 f i CAT.obj
 0001:000022b5       ?Release@?$CComContainedObject@VCOPOSCAT@@@ATL@@WJE@AGKXZ 100032b5 f i CAT.obj
 0001:000022c2       ?QueryInterface@?$CComContainedObject@VCOPOSCAT@@@ATL@@WJI@AGJABU_GUID@@PAPAX@Z 100032c2 f i CAT.obj
 0001:000022cf       ?AddRef@?$CComContainedObject@VCOPOSCAT@@@ATL@@WJI@AGKXZ 100032cf f i CAT.obj
 0001:000022dc       ?Release@?$CComContainedObject@VCOPOSCAT@@@ATL@@WJI@AGKXZ 100032dc f i CAT.obj
 0001:000022e9       ?QueryInterface@?$CComContainedObject@VCOPOSCAT@@@ATL@@WJM@AGJABU_GUID@@PAPAX@Z 100032e9 f i CAT.obj
 0001:000022f6       ?AddRef@?$CComContainedObject@VCOPOSCAT@@@ATL@@WJM@AGKXZ 100032f6 f i CAT.obj
 0001:00002303       ?Release@?$CComContainedObject@VCOPOSCAT@@@ATL@@WJM@AGKXZ 10003303 f i CAT.obj
 0001:00002310       ?QueryInterface@?$CComContainedObject@VCOPOSCAT@@@ATL@@WKA@AGJABU_GUID@@PAPAX@Z 10003310 f i CAT.obj
 0001:0000231d       ?AddRef@?$CComContainedObject@VCOPOSCAT@@@ATL@@WKA@AGKXZ 1000331d f i CAT.obj
 0001:0000232a       ?Release@?$CComContainedObject@VCOPOSCAT@@@ATL@@WKA@AGKXZ 1000332a f i CAT.obj
 0001:00002337       ?AddRef@?$CComContainedObject@VCOPOSCAT@@@ATL@@WKI@AGKXZ 10003337 f i CAT.obj
 0001:00002344       ?Release@?$CComContainedObject@VCOPOSCAT@@@ATL@@WKI@AGKXZ 10003344 f i CAT.obj
 0001:00002351       ?AddRef@?$CComContainedObject@VCOPOSCAT@@@ATL@@WLE@AGKXZ 10003351 f i CAT.obj
 0001:0000235e       ?Release@?$CComContainedObject@VCOPOSCAT@@@ATL@@WLE@AGKXZ 1000335e f i CAT.obj
 0001:0000236b       ?Lock@CAtlModule@ATL@@UAEJXZ 1000336b f i CAT.obj
 0001:00002375       ?Unlock@CAtlModule@ATL@@UAEJXZ 10003375 f i CAT.obj
 0001:0000237f       ?GetLockCount@CAtlModule@ATL@@UAEJXZ 1000337f f i CAT.obj
 0001:00002383       ?GetGITPtr@CAtlModule@ATL@@UAEJPAPAUIGlobalInterfaceTable@@@Z 10003383 f i CAT.obj
 0001:000023cf       ?GetWindowProc@?$CWindowImplBaseT@VCWindow@ATL@@V?$CWinTraits@$0FGAAAAAA@$0A@@2@@ATL@@UAEP6GJPAUHWND__@@IIJ@ZXZ 100033cf f i CAT.obj
 0001:000023d5       ?StartWindowProc@?$CWindowImplBaseT@VCWindow@ATL@@V?$CWinTraits@$0FGAAAAAA@$0A@@2@@ATL@@SGJPAUHWND__@@IIJ@Z 100033d5 f i CAT.obj
 0001:00002429       ?AddCommonRGSReplacements@?$CAtlModuleT@VCComModule@ATL@@@ATL@@UAEJPAUIRegistrarBase@@@Z 10003429 f i CAT.obj
 0001:00002443       ?UpdateRegistryFromResourceD@CComModule@ATL@@UAGJIHPAU_ATL_REGMAP_ENTRY@2@@Z 10003443 f i CAT.obj
 0001:00002443       ?UpdateRegistryFromResourceD@CComModule@ATL@@UAGJPB_WHPAU_ATL_REGMAP_ENTRY@2@@Z 10003443 f i CAT.obj
 0001:0000244b       ?UpdateRegistryFromResource@CComModule@ATL@@UAGJPB_WHPAU_ATL_REGMAP_ENTRY@2@@Z 1000344b f i CAT.obj
 0001:00002454       ?UpdateRegistryFromResource@CComModule@ATL@@UAGJIHPAU_ATL_REGMAP_ENTRY@2@@Z 10003454 f i CAT.obj
 0001:0000245d       ?GetTypeInfoCount@?$IDispatchImpl@UIOPOSCAT@@$1?IID_IOPOSCAT@@3U_GUID@@B$1?LIBID_OposCAT_CCO@@3U3@B$00$0A@VCComTypeInfoHolder@ATL@@@ATL@@UAGJPAI@Z 1000345d f i CAT.obj
 0001:0000247a       ?GetTypeInfo@?$IDispatchImpl@UIOPOSCAT@@$1?IID_IOPOSCAT@@3U_GUID@@B$1?LIBID_OposCAT_CCO@@3U3@B$00$0A@VCComTypeInfoHolder@ATL@@@ATL@@UAGJIKPAPAUITypeInfo@@@Z 1000347a f i CAT.obj
 0001:0000249e       ?GetIDsOfNames@?$IDispatchImpl@UIOPOSCAT@@$1?IID_IOPOSCAT@@3U_GUID@@B$1?LIBID_OposCAT_CCO@@3U3@B$00$0A@VCComTypeInfoHolder@ATL@@@ATL@@UAGJABU_GUID@@PAPA_WIKPAJ@Z 1000349e f i CAT.obj
 0001:000024be       ?Invoke@?$IDispatchImpl@UIOPOSCAT@@$1?IID_IOPOSCAT@@3U_GUID@@B$1?LIBID_OposCAT_CCO@@3U3@B$00$0A@VCComTypeInfoHolder@ATL@@@ATL@@UAGJJABU_GUID@@KGPAUtagDISPPARAMS@@PAUtagVARIANT@@PAUtagEXCEPINFO@@PAI@Z 100034be f i CAT.obj
 0001:000024cc       ??_ECComModule@ATL@@UAEPAXI@Z 100034cc f i CAT.obj
 0001:000024cc       ??_GCComModule@ATL@@UAEPAXI@Z 100034cc f i CAT.obj
 0001:000024f4       ?CreateControlWindow@?$CComControl@VCOPOSCAT@@V?$CWindowImpl@VCOPOSCAT@@VCWindow@ATL@@V?$CWinTraits@$0FGAAAAAA@$0A@@3@@ATL@@@ATL@@UAEPAUHWND__@@PAU3@AAUtagRECT@@@Z 100034f4 f i CAT.obj
 0001:00002523       ?ControlQueryInterface@?$CComControl@VCOPOSCAT@@V?$CWindowImpl@VCOPOSCAT@@VCWindow@ATL@@V?$CWinTraits@$0FGAAAAAA@$0A@@3@@ATL@@@ATL@@UAEJABU_GUID@@PAPAX@Z 10003523 f i CAT.obj
 0001:0000253e       ?IsDirty@?$IPersistStreamInitImpl@VCOPOSCAT@@@ATL@@UAGJXZ 1000353e f i CAT.obj
 0001:0000255d       ?Load@?$IPersistStreamInitImpl@VCOPOSCAT@@@ATL@@UAGJPAUIStream@@@Z 1000355d f i CAT.obj
 0001:0000257c       ?Save@?$IPersistStreamInitImpl@VCOPOSCAT@@@ATL@@UAGJPAUIStream@@H@Z 1000357c f i CAT.obj
 0001:0000259e       ?GetSizeMax@?$IPersistStreamInitImpl@VCOPOSCAT@@@ATL@@UAGJPAT_ULARGE_INTEGER@@@Z 1000359e f i CAT.obj
 0001:00002753       ?InitNew@?$IPersistStreamInitImpl@VCOPOSCAT@@@ATL@@UAGJXZ 10003753 f i CAT.obj
 0001:00002770       ?SetClientSite@?$IOleObjectImpl@VCOPOSCAT@@@ATL@@UAGJPAUIOleClientSite@@@Z 10003770 f i CAT.obj
 0001:0000278d       ?GetClientSite@?$IOleObjectImpl@VCOPOSCAT@@@ATL@@UAGJPAPAUIOleClientSite@@@Z 1000378d f i CAT.obj
 0001:000027aa       ?SetHostNames@?$IOleObjectImpl@VCOPOSCAT@@@ATL@@UAGJPB_W0@Z 100037aa f i CAT.obj
 0001:000027af       ?Close@?$IOleObjectImpl@VCOPOSCAT@@@ATL@@UAGJK@Z 100037af f i CAT.obj
 0001:000027cc       ?DoVerb@?$IOleObjectImpl@VCOPOSCAT@@@ATL@@UAGJJPAUtagMSG@@PAUIOleClientSite@@JPAUHWND__@@PBUtagRECT@@@Z 100037cc f i CAT.obj
 0001:000028e4       ?EnumVerbs@?$IOleObjectImpl@VCOPOSCAT@@@ATL@@UAGJPAPAUIEnumOLEVERB@@@Z 100038e4 f i CAT.obj
 0001:00002906       ?GetUserType@?$IOleObjectImpl@VCOPOSCAT@@@ATL@@UAGJKPAPA_W@Z 10003906 f i CAT.obj
 0001:0000291e       ?SetExtent@?$IOleObjectImpl@VCOPOSCAT@@@ATL@@UAGJKPAUtagSIZE@@@Z 1000391e f i CAT.obj
 0001:0000293e       ?GetExtent@?$IOleObjectImpl@VCOPOSCAT@@@ATL@@UAGJKPAUtagSIZE@@@Z 1000393e f i CAT.obj
 0001:0000297c       ?Advise@?$IOleObjectImpl@VCOPOSCAT@@@ATL@@UAGJPAUIAdviseSink@@PAK@Z 1000397c f i CAT.obj
 0001:0000299c       ??$?4UITypeInfo2@@@?$CComPtr@UITypeInfo@@@ATL@@QAEPAUITypeInfo@@ABV?$CComPtr@UITypeInfo2@@@1@@Z 1000399c f i CAT.obj
 0001:000029c9       ??$AtlAdd@K@ATL@@YAJPAKKK@Z 100039c9 f i CAT.obj
 0001:000029ec       ??$AtlAdd@_K@ATL@@YAJPA_K_K1@Z 100039ec f i CAT.obj
 0001:00002a24       ??$AtlAddThrow@K@ATL@@YAKKK@Z 10003a24 f i CAT.obj
 0001:00002a4a       ??$AtlModuleRegisterWndClassInfoT@VAtlModuleRegisterWndClassInfoParamW@ATL@@@ATL@@YAGPAU_ATL_BASE_MODULE70@0@PAU_ATL_WIN_MODULE70@0@PAU_ATL_WNDCLASSINFOW@0@PAP6GJPAUHWND__@@IIJ@ZVAtlModuleRegisterWndClassInfoParamW@0@@Z 10003a4a f i CAT.obj
 0001:00002b98       ??$AtlMultiply@H@ATL@@YAJPAHHH@Z 10003b98 f i CAT.obj
 0001:00002bd0       ??$AtlMultiply@I@ATL@@YAJPAIII@Z 10003bd0 f i CAT.obj
 0001:00002bd0       ??$AtlMultiply@K@ATL@@YAJPAKKK@Z 10003bd0 f i CAT.obj
 0001:00002bf2       ??$AtlMultiplyThrow@I@ATL@@YAIII@Z 10003bf2 f i CAT.obj
 0001:00002c18       ??0?$CComAggObject@VCOPOSCAT@@@ATL@@QAE@PAX@Z 10003c18 f i CAT.obj
 0001:00002c45       ??0?$CComContainedObject@VCOPOSCAT@@@ATL@@QAE@PAX@Z 10003c45 f i CAT.obj
 0001:00002cfe       ??0?$CComObject@V?$CComEnum@UIEnumConnectionPoints@@$1?_GUID_b196b285_bab4_101a_b69c_00aa00341d07@@3U__s_GUID@@BPAUIConnectionPoint@@V?$_CopyInterface@UIConnectionPoint@@@ATL@@VCComSingleThreadModel@6@@ATL@@@ATL@@QAE@PAX@Z 10003cfe f i CAT.obj
 0001:00002d2c       ??0?$CComObject@V?$CComEnum@UIEnumConnections@@$1?_GUID_b196b287_bab4_101a_b69c_00aa00341d07@@3U__s_GUID@@BUtagCONNECTDATA@@V?$_Copy@UtagCONNECTDATA@@@ATL@@VCComSingleThreadModel@6@@ATL@@@ATL@@QAE@PAX@Z 10003d2c f i CAT.obj
 0001:00002d5a       ??0?$CComObject@VCOPOSCAT@@@ATL@@QAE@PAX@Z 10003d5a f i CAT.obj
 0001:00002e11       ??0?$CComQIPtr@UIOleControlSite@@$1?_GUID_b196b289_bab4_101a_b69c_00aa00341d07@@3U__s_GUID@@B@ATL@@QAE@PAUIUnknown@@@Z 10003e11 f i CAT.obj
 0001:00002e3a       ??0CAtlModule@ATL@@QAE@XZ  10003e3a f i CAT.obj
 0001:00002e7b       ??0CParseBuffer@CRegParser@ATL@@QAE@H@Z 10003e7b f i CAT.obj
 0001:00002eb1       ??0_ATL_MSG@ATL@@QAE@PAUHWND__@@IIJH@Z 10003eb1 f i CAT.obj
 0001:00002ee9       ??1?$CComAggObject@VCOPOSCAT@@@ATL@@UAE@XZ 10003ee9 f i CAT.obj
 0001:00002f0d       ??1?$CComEnumImpl@UIEnumConnectionPoints@@$1?_GUID_b196b285_bab4_101a_b69c_00aa00341d07@@3U__s_GUID@@BPAUIConnectionPoint@@V?$_CopyInterface@UIConnectionPoint@@@ATL@@@ATL@@UAE@XZ 10003f0d f i CAT.obj
 0001:00002f4d       ??1?$CComEnumImpl@UIEnumConnections@@$1?_GUID_b196b287_bab4_101a_b69c_00aa00341d07@@3U__s_GUID@@BUtagCONNECTDATA@@V?$_Copy@UtagCONNECTDATA@@@ATL@@@ATL@@UAE@XZ 10003f4d f i CAT.obj
 0001:00002f8d       ??1?$CComObject@V?$CComEnum@UIEnumConnectionPoints@@$1?_GUID_b196b285_bab4_101a_b69c_00aa00341d07@@3U__s_GUID@@BPAUIConnectionPoint@@V?$_CopyInterface@UIConnectionPoint@@@ATL@@VCComSingleThreadModel@6@@ATL@@@ATL@@UAE@XZ 10003f8d f i CAT.obj
 0001:00002fb0       ??1?$CComObject@V?$CComEnum@UIEnumConnections@@$1?_GUID_b196b287_bab4_101a_b69c_00aa00341d07@@3U__s_GUID@@BUtagCONNECTDATA@@V?$_Copy@UtagCONNECTDATA@@@ATL@@VCComSingleThreadModel@6@@ATL@@@ATL@@UAE@XZ 10003fb0 f i CAT.obj
 0001:00002fd3       ??1?$CComObject@VCOPOSCAT@@@ATL@@UAE@XZ 10003fd3 f i CAT.obj
 0001:00003091       ??1?$CComObjectCached@VCComClassFactory@ATL@@@ATL@@UAE@XZ 10004091 f i CAT.obj
 0001:000030a7       ??1?$CComObjectRootEx@VCComMultiThreadModel@ATL@@@ATL@@QAE@XZ 100040a7 f i CAT.obj
 0001:000030bc       ??1CRegObject@ATL@@UAE@XZ  100040bc f i CAT.obj
 0001:000030dc       ??4?$CComPtr@UIUnknown@@@ATL@@QAEPAUIUnknown@@PAU2@@Z 100040dc f i CAT.obj
 0001:000030dc       ??4?$CComPtr@UIAdviseSink@@@ATL@@QAEPAUIAdviseSink@@PAU2@@Z 100040dc f i CAT.obj
 0001:000030dc       ??4?$CComPtr@UIOleClientSite@@@ATL@@QAEPAUIOleClientSite@@PAU2@@Z 100040dc f i CAT.obj
 0001:00003110       ??4?$CComQIPtr@UIOleObject@@$1?_GUID_00000112_0000_0000_c000_000000000046@@3U__s_GUID@@B@ATL@@QAEPAUIOleObject@@PAUIUnknown@@@Z 10004110 f i CAT.obj
 0001:00003135       ??4?$CComQIPtr@UISpecifyPropertyPages@@$1?_GUID_b196b28b_bab4_101a_b69c_00aa00341d07@@3U__s_GUID@@B@ATL@@QAEPAUISpecifyPropertyPages@@PAUIUnknown@@@Z 10004135 f i CAT.obj
 0001:0000315a       ??_G?$CComContainedObject@VCOPOSCAT@@@ATL@@UAEPAXI@Z 1000415a f i CAT.obj
 0001:0000315a       ??_E?$CComContainedObject@VCOPOSCAT@@@ATL@@UAEPAXI@Z 1000415a f i CAT.obj
 0001:0000317f       ??_G?$CComObject@VCOPOSCAT@@@ATL@@UAEPAXI@Z 1000417f f i CAT.obj
 0001:0000317f       ??_E?$CComObject@VCOPOSCAT@@@ATL@@UAEPAXI@Z 1000417f f i CAT.obj
 0001:000031a4       ?Add@?$CSimpleArray@GV?$CSimpleArrayEqualHelper@G@ATL@@@ATL@@QAEHABG@Z 100041a4 f i CAT.obj
 0001:00003228       ?Add@?$CSimpleMap@PA_WPA_WVCExpansionVectorEqualHelper@ATL@@@ATL@@QAEHABQA_W0@Z 10004228 f i CAT.obj
 0001:0000327d       ?Add@CComDynamicUnkArray@ATL@@QAEKPAUIUnknown@@@Z 1000427d f i CAT.obj
 0001:00003338       ?Add@CExpansionVector@ATL@@QAEHPB_W0@Z 10004338 f i CAT.obj
 0001:0000343c       ?AddString@CParseBuffer@CRegParser@ATL@@QAEHPB_W@Z 1000443c f i CAT.obj
 0001:00003471       ?AddValue@CRegParser@ATL@@IAEJAAVCRegKey@2@PB_WPA_W@Z 10004471 f i CAT.obj
 0001:00003792       ?Allocate@?$CAtlSafeAllocBufferManager@VCCRTAllocator@ATL@@@_ATL_SAFE_ALLOCA_IMPL@ATL@@QAEPAXK@Z 10004792 f i CAT.obj
 0001:000037bf       ?Allocate@?$CTempBuffer@E$0BAA@VCCRTAllocator@ATL@@@ATL@@QAEPAEI@Z 100047bf f i CAT.obj
 0001:000037ee       ?Allocate@?$CTempBuffer@_W$0BAA@VCCRTAllocator@ATL@@@ATL@@QAEPA_WI@Z 100047ee f i CAT.obj
 0001:0000381d       ?Allocate@?$CTempBuffer@_W$0EAA@VCCRTAllocator@ATL@@@ATL@@QAEPA_WI@Z 1000481d f i CAT.obj
 0001:0000384c       ?AllocateHeap@?$CTempBuffer@E$0BAA@VCCRTAllocator@ATL@@@ATL@@AAEXI@Z 1000484c f i CAT.obj
 0001:0000384c       ?AllocateHeap@?$CTempBuffer@_W$0EAA@VCCRTAllocator@ATL@@@ATL@@AAEXI@Z 1000484c f i CAT.obj
 0001:0000384c       ?AllocateHeap@?$CTempBuffer@_W$0BAA@VCCRTAllocator@ATL@@@ATL@@AAEXI@Z 1000484c f i CAT.obj
 0001:00003871       ?Append@CParseBuffer@CRegParser@ATL@@QAEHPB_WH@Z 10004871 f i CAT.obj
 0001:000038ff       ?AtlCallTermFunc@ATL@@YGXPAU_ATL_MODULE70@1@@Z 100048ff f i CAT.obj
 0001:00003943       ?AtlCoTaskMemCAlloc@ATL@@YAPAXKK@Z 10004943 f i CAT.obj
 0001:00003970       ?AtlCoTaskMemRecalloc@ATL@@YAPAXPAXKK@Z 10004970 f i CAT.obj
 0001:000039a0       ?AtlComModuleGetClassObject@ATL@@YGJPAU_ATL_COM_MODULE70@1@ABU_GUID@@1PAPAX@Z 100049a0 f i CAT.obj
 0001:00003a93       ?AtlComModuleRegisterServer@ATL@@YGJPAU_ATL_COM_MODULE70@1@HPBU_GUID@@@Z 10004a93 f i CAT.obj
 0001:00003b1b       ?AtlComModuleUnregisterServer@ATL@@YGJPAU_ATL_COM_MODULE70@1@HPBU_GUID@@@Z 10004b1b f i CAT.obj
 0001:00003ba3       ?AtlComQIPtrAssign2@ATL@@YAXPAPAUIUnknown@@PAU2@ABU_GUID@@@Z 10004ba3 f i CAT.obj
 0001:00003bd2       ?AtlCreateTargetDC@ATL@@YGPAUHDC__@@PAU2@PAUtagDVTARGETDEVICE@@@Z 10004bd2 f i CAT.obj
 0001:00003c3b       ?AtlCrtErrorCheck@ATL@@YAHH@Z 10004c3b f i CAT.obj
 0001:00003c76       ?AtlHiMetricToPixel@ATL@@YGXPBUtagSIZE@@PAU2@@Z 10004c76 f i CAT.obj
 0001:00003ceb       ?AtlHresultFromLastError@ATL@@YAJXZ 10004ceb f i CAT.obj
 0001:00003d02       ?AtlHresultFromWin32@ATL@@YAJK@Z 10004d02 f i CAT.obj
 0001:00003d17       ?AtlIPersistStreamInit_Load@ATL@@YGJPAUIStream@@PBUATL_PROPMAP_ENTRY@1@PAXPAUIUnknown@@@Z 10004d17 f i CAT.obj
 0001:00003ef7       ?AtlIPersistStreamInit_Save@ATL@@YGJPAUIStream@@HPBUATL_PROPMAP_ENTRY@1@PAXPAUIUnknown@@@Z 10004ef7 f i CAT.obj
 0001:0000408f       ?AtlInternalOleLoadFromStream@ATL@@YAJPAUIStream@@ABU_GUID@@PAPAXTClassesAllowedInStream@1@K@Z 1000508f f i CAT.obj
 0001:000041b5       ?AtlInternalQueryInterface@ATL@@YGJPAXPBU_ATL_INTMAP_ENTRY@1@ABU_GUID@@PAPAX@Z 100051b5 f i CAT.obj
 0001:00004258       ?AtlLoadTypeLib@ATL@@YGJPAUHINSTANCE__@@PB_WPAPA_WPAPAUITypeLib@@@Z 10005258 f i CAT.obj
 0001:00004436       ?AtlModuleAddTermFunc@ATL@@YGJPAU_ATL_MODULE70@1@P6GXK@ZK@Z 10005436 f i CAT.obj
 0001:00004493       ?AtlRegisterClassCategoriesHelper@ATL@@YGJABU_GUID@@PBU_ATL_CATMAP_ENTRY@1@H@Z 10005493 f i CAT.obj
 0001:00004773       ?AtlRegisterTypeLib@ATL@@YGJPAUHINSTANCE__@@PB_W@Z 10005773 f i CAT.obj
 0001:000048fb       ?AtlThrowImpl@ATL@@YGXJ@Z  100058fb f i CAT.obj
 0001:00004919       ?AtlUnRegisterTypeLib@ATL@@YGJPAUHINSTANCE__@@PB_W@Z 10005919 f i CAT.obj
 0001:000049c4       ?AtlWinModuleAddCreateWndData@ATL@@YGXPAU_ATL_WIN_MODULE70@1@PAU_AtlCreateWndData@1@PAX@Z 100059c4 f i CAT.obj
 0001:00004a18       ?AtlWinModuleExtractCreateWndData@ATL@@YGPAXPAU_ATL_WIN_MODULE70@1@@Z 10005a18 f i CAT.obj
 0001:00004a7b       ?AtlWinModuleRegisterClassExW@ATL@@YGGPAU_ATL_WIN_MODULE70@1@PBUtagWNDCLASSEXW@@@Z 10005a7b f i CAT.obj
 0001:00004aba       ?CanForceRemoveKey@CRegParser@ATL@@IAEHPB_W@Z 10005aba f i CAT.obj
 0001:00004ae9       ?ChToByte@CRegParser@ATL@@KAE_W@Z 10005ae9 f i CAT.obj
 0001:00004b1c       ?Cleanup@CComTypeInfoHolder@ATL@@SGXK@Z 10005b1c f i CAT.obj
 0001:00004b4f       ?ClearReplacements@CExpansionVector@ATL@@QAEJXZ 10005b4f f i CAT.obj
 0001:00004b8c       ?Close@CRegKey@ATL@@QAEJXZ 10005b8c f i CAT.obj
 0001:00004ba6       ?Create@?$CWindowImpl@VCOPOSCAT@@VCWindow@ATL@@V?$CWinTraits@$0FGAAAAAA@$0A@@3@@ATL@@QAEPAUHWND__@@PAU3@V_U_RECT@2@PB_WKKV_U_MENUorID@2@PAX@Z 10005ba6 f i CAT.obj
 0001:00004bea       ?Create@?$CWindowImplBaseT@VCWindow@ATL@@V?$CWinTraits@$0FGAAAAAA@$0A@@2@@ATL@@QAEPAUHWND__@@PAU3@V_U_RECT@2@PB_WKKV_U_MENUorID@2@GPAX@Z 10005bea f i CAT.obj
 0001:00004c86       ?Create@CRegKey@ATL@@QAEJPAUHKEY__@@PB_WPA_WKKPAU_SECURITY_ATTRIBUTES@@PAK@Z 10005c86 f i CAT.obj
 0001:00004ce9       ?CreateInstance@?$CComCreator@V?$CComAggObject@VCOPOSCAT@@@ATL@@@ATL@@SGJPAXABU_GUID@@PAPAX@Z 10005ce9 f i CAT.obj
 0001:00004d5f       ?CreateInstance@?$CComCreator@V?$CComObject@VCOPOSCAT@@@ATL@@@ATL@@SGJPAXABU_GUID@@PAPAX@Z 10005d5f f i CAT.obj
 0001:00004de0       ?CreateInstance@?$CComObject@V?$CComEnum@UIEnumConnectionPoints@@$1?_GUID_b196b285_bab4_101a_b69c_00aa00341d07@@3U__s_GUID@@BPAUIConnectionPoint@@V?$_CopyInterface@UIConnectionPoint@@@ATL@@VCComSingleThreadModel@6@@ATL@@@ATL@@SGJPAPAV12@@Z 10005de0 f i CAT.obj
 0001:00004e27       ?CreateInstance@?$CComObject@V?$CComEnum@UIEnumConnections@@$1?_GUID_b196b287_bab4_101a_b69c_00aa00341d07@@3U__s_GUID@@BUtagCONNECTDATA@@V?$_Copy@UtagCONNECTDATA@@@ATL@@VCComSingleThreadModel@6@@ATL@@@ATL@@SGJPAPAV12@@Z 10005e27 f i CAT.obj
 0001:00004e6e       ?DefaultReflectionHandler@?$CWindowImplRoot@VCWindow@ATL@@@ATL@@SAHPAUHWND__@@IIJAAJ@Z 10005e6e f i CAT.obj
 0001:00004ee1       ?DeleteSubKey@CRegKey@ATL@@QAEJPB_W@Z 10005ee1 f i CAT.obj
 0001:00004f04       ?DoEvent@COPOSCAT@@IAEXIIJ@Z 10005f04 f i CAT.obj
 0001:00004f84       ?DoVerbHide@?$IOleObjectImpl@VCOPOSCAT@@@ATL@@QAEJPBUtagRECT@@PAUHWND__@@@Z 10005f84 f i CAT.obj
 0001:00004fba       ?DoVerbInPlaceActivate@?$IOleObjectImpl@VCOPOSCAT@@@ATL@@QAEJPBUtagRECT@@PAUHWND__@@@Z 10005fba f i CAT.obj
 0001:00004fed       ?DoVerbPrimary@?$IOleObjectImpl@VCOPOSCAT@@@ATL@@QAEJPBUtagRECT@@PAUHWND__@@@Z 10005fed f i CAT.obj
 0001:00005079       ?DoVerbProperties@CComControlBase@ATL@@QAEJPBUtagRECT@@PAUHWND__@@@Z 10006079 f i CAT.obj
 0001:000051a0       ?DoVerbShow@?$IOleObjectImpl@VCOPOSCAT@@@ATL@@QAEJPBUtagRECT@@PAUHWND__@@@Z 100061a0 f i CAT.obj
 0001:000051c5       ?DoVerbUIActivate@?$IOleObjectImpl@VCOPOSCAT@@@ATL@@QAEJPBUtagRECT@@PAUHWND__@@@Z 100061c5 f i CAT.obj
 0001:00005202       ?DoesVerbActivate@CComControlBase@ATL@@QAEHJ@Z 10006202 f i CAT.obj
 0001:00005223       ?DoesVerbUIActivate@CComControlBase@ATL@@QAEHJ@Z 10006223 f i CAT.obj
 0001:00005258       ?EndOfVar@CRegParser@ATL@@IAEHXZ 10006258 f i CAT.obj
 0001:00005278       ?EscapeSingleQuote@CAtlModule@ATL@@SAXPA_WIPB_W@Z 10006278 f i CAT.obj
 0001:000052c7       ?FindKey@?$CSimpleMap@PA_WPA_WVCExpansionVectorEqualHelper@ATL@@@ATL@@QBEHABQA_W@Z 100062c7 f i CAT.obj
 0001:000052fe       ?FireTheEvent@?$CProxy_IOPOSEvents@VCOPOSCAT@@@@IAEXPAVOposVariant@@IAAJPB_WJ@Z 100062fe f i CAT.obj
 0001:00005390       ?FireViewChange@CComControlBase@ATL@@QAEJXZ 10006390 f i CAT.obj
 0001:000053d9       ?Fire_DirectIOEvent@?$CProxy_IOPOSEvents@VCOPOSCAT@@@@QAEXJPAJPAPA_W@Z 100063d9 f i CAT.obj
 0001:000054bf       ?Fire_ErrorEvent@?$CProxy_IOPOSEvents@VCOPOSCAT@@@@QAEXJJJPAJ@Z 100064bf f i CAT.obj
 0001:000055a6       ?Fire_OutputCompleteEvent@?$CProxy_IOPOSEvents@VCOPOSCAT@@@@QAEXJ@Z 100065a6 f i CAT.obj
 0001:00005632       ?Fire_StatusUpdateEvent@?$CProxy_IOPOSEvents@VCOPOSCAT@@@@QAEXJ@Z 10006632 f i CAT.obj
 0001:000056be       ?FreeHeap@?$CTempBuffer@_W$0EAA@VCCRTAllocator@ATL@@@ATL@@AAEXXZ 100066be f i CAT.obj
 0001:000056be       ?FreeHeap@?$CTempBuffer@E$0BAA@VCCRTAllocator@ATL@@@ATL@@AAEXXZ 100066be f i CAT.obj
 0001:000056be       ?FreeHeap@?$CTempBuffer@_W$0BAA@VCCRTAllocator@ATL@@@ATL@@AAEXXZ 100066be f i CAT.obj
 0001:000056c7       ?GetAmbientLocaleID@CComControlBase@ATL@@QAEJAAK@Z 100066c7 f i CAT.obj
 0001:00005723       ?GetAmbientUserMode@CComControlBase@ATL@@QAEJAAH@Z 10006723 f i CAT.obj
 0001:00005793       ?GetAt@CComDynamicUnkArray@ATL@@QAEPAUIUnknown@@H@Z 10006793 f i CAT.obj
 0001:000057af       ?GetClassObject@CComModule@ATL@@QAEJABU_GUID@@0PAPAX@Z 100067af f i CAT.obj
 0001:00005851       ?GetConnMap@COPOSCAT@@SAPBU_ATL_CONNMAP_ENTRY@ATL@@PAH@Z 10006851 f i CAT.obj
 0001:000058c1       ?GetCookie@CComDynamicUnkArray@ATL@@QAGKPAPAUIUnknown@@@Z 100068c1 f i CAT.obj
 0001:000058f9       ?GetIDsOfNames@CComTypeInfoHolder@ATL@@QAEJABU_GUID@@PAPA_WIKPAJ@Z 100068f9 f i CAT.obj
 0001:00005a07       ?GetKeyAt@?$CSimpleMap@PA_WPA_WVCExpansionVectorEqualHelper@ATL@@@ATL@@QBEAAPA_WH@Z 10006a07 f i CAT.obj
 0001:00005a2c       ?GetPagesHelper@?$ISpecifyPropertyPagesImpl@VCOPOSCAT@@@ATL@@IAEJPAUtagCAUUID@@PBUATL_PROPMAP_ENTRY@2@@Z 10006a2c f i CAT.obj
 0001:00005b53       ?GetProperty@?$CComPtr@UIDispatch@@@ATL@@SAJPAUIDispatch@@JPAUtagVARIANT@@@Z 10006b53 f i CAT.obj
 0001:00005ba2       ?GetSizeMax@CComVariant@ATL@@QBEJPAT_ULARGE_INTEGER@@@Z 10006ba2 f i CAT.obj
 0001:00005d5c       ?GetStreamSize@CComBSTR@ATL@@SAKPA_W@Z 10006d5c f i CAT.obj
 0001:00005d76       ?GetTI@CComTypeInfoHolder@ATL@@QAEJK@Z 10006d76 f i CAT.obj
 0001:00005f5f       ?GetTI@CComTypeInfoHolder@ATL@@QAEJKPAPAUITypeInfo@@@Z 10006f5f f i CAT.obj
 0001:00005fa1       ?GetUnknown@CComDynamicUnkArray@ATL@@QAGPAUIUnknown@@K@Z 10006fa1 f i CAT.obj
 0001:00005fc2       ?GetValueAt@?$CSimpleMap@PA_WPA_WVCExpansionVectorEqualHelper@ATL@@@ATL@@QBEAAPA_WH@Z 10006fc2 f i CAT.obj
 0001:00005fe8       ?GetZoomInfo@CComControlBase@ATL@@QAEXAAUATL_DRAWINFO@@@Z 10006fe8 f i CAT.obj
 0001:0000607b       ?HKeyFromString@CRegParser@ATL@@KAPAUHKEY__@@PA_W@Z 1000707b f i CAT.obj
 0001:000060a9       ?HasSubKeys@CRegParser@ATL@@IAEHPAUHKEY__@@@Z 100070a9 f i CAT.obj
 0001:000060de       ?IDataObject_GetData@CComControlBase@ATL@@QAEJPAUtagFORMATETC@@PAUtagSTGMEDIUM@@@Z 100070de f i CAT.obj
 0001:00006284       ?IOleInPlaceObject_InPlaceDeactivate@CComControlBase@ATL@@QAEJXZ 10007284 f i CAT.obj
 0001:0000630b       ?IOleInPlaceObject_SetObjectRects@CComControlBase@ATL@@QAEJPBUtagRECT@@0@Z 1000730b f i CAT.obj
 0001:000063d8       ?IOleInPlaceObject_UIDeactivate@CComControlBase@ATL@@QAEJXZ 100073d8 f i CAT.obj
 0001:0000649a       ?IOleObject_Advise@CComControlBase@ATL@@QAEJPAUIAdviseSink@@PAK@Z 1000749a f i CAT.obj
 0001:000064c4       ?IOleObject_Close@CComControlBase@ATL@@QAEJK@Z 100074c4 f i CAT.obj
 0001:000065a8       ?IOleObject_GetClientSite@CComControlBase@ATL@@QAEJPAPAUIOleClientSite@@@Z 100075a8 f i CAT.obj
 0001:000065d1       ?IOleObject_SetClientSite@CComControlBase@ATL@@QAEJPAUIOleClientSite@@@Z 100075d1 f i CAT.obj
 0001:00006610       ?IOleObject_SetExtent@CComControlBase@ATL@@QAEJKPAUtagSIZE@@@Z 10007610 f i CAT.obj
 0001:000066c4       ?IPSI_GetIPersistStreamInit@?$IPersistStorageImpl@VCOPOSCAT@@@ATL@@AAEPAUIPersistStreamInit@@XZ 100076c4 f i CAT.obj
 0001:00006706       ?IPersistStreamInit_Load@?$IPersistStreamInitImpl@VCOPOSCAT@@@ATL@@QAEJPAUIStream@@PBUATL_PROPMAP_ENTRY@2@@Z 10007706 f i CAT.obj
 0001:00006732       ?IPersistStreamInit_Save@?$IPersistStreamInitImpl@VCOPOSCAT@@@ATL@@QAEJPAUIStream@@HPBUATL_PROPMAP_ENTRY@2@@Z 10007732 f i CAT.obj
 0001:00006767       ?IQuickActivate_QuickActivate@CComControlBase@ATL@@QAEJPAUtagQACONTAINER@@PAUtagQACONTROL@@@Z 10007767 f i CAT.obj
 0001:000069a9       ?IViewObject_Draw@CComControlBase@ATL@@QAEJKJPAXPAUtagDVTARGETDEVICE@@PAUHDC__@@2PBU_RECTL@@3@Z 100079a9 f i CAT.obj
 0001:00006a51       ?InPlaceActivate@CComControlBase@ATL@@QAEJJPBUtagRECT@@@Z 10007a51 f i CAT.obj
 0001:00006cc2       ?Init@?$CComEnumImpl@UIEnumConnectionPoints@@$1?_GUID_b196b285_bab4_101a_b69c_00aa00341d07@@3U__s_GUID@@BPAUIConnectionPoint@@V?$_CopyInterface@UIConnectionPoint@@@ATL@@@ATL@@QAEJPAPAUIConnectionPoint@@0PAUIUnknown@@W4CComEnumFlags@2@@Z 10007cc2 f i CAT.obj
 0001:00006da1       ?Init@?$CComEnumImpl@UIEnumConnections@@$1?_GUID_b196b287_bab4_101a_b69c_00aa00341d07@@3U__s_GUID@@BUtagCONNECTDATA@@V?$_Copy@UtagCONNECTDATA@@@ATL@@@ATL@@QAEJPAUtagCONNECTDATA@@0PAUIUnknown@@W4CComEnumFlags@2@@Z 10007da1 f i CAT.obj
 0001:00006e80       ?Init@CComModule@ATL@@QAEJPAU_ATL_OBJMAP_ENTRY30@2@PAUHINSTANCE__@@PBU_GUID@@@Z 10007e80 f i CAT.obj
 0001:00006edf       ?Init@CDynamicStdCallThunk2@ATL@@QAEHKPAX@Z 10007edf f i CAT.obj
 0001:00006f0a       ?InlineIsEqualUnknown@ATL@@YGHABU_GUID@@@Z 10007f0a f i CAT.obj
 0001:00006f32       ?InternalGetSite@CComControlBase@ATL@@QAEJABU_GUID@@PAPAX@Z 10007f32 f i CAT.obj
 0001:00006f60       ?InternalSetAtIndex@?$CSimpleMap@PA_WPA_WVCExpansionVectorEqualHelper@ATL@@@ATL@@QAEXHABQA_W0@Z 10007f60 f i CAT.obj
 0001:00006f8a       ?Invoke@CComTypeInfoHolder@ATL@@QAEJPAUIDispatch@@JABU_GUID@@KGPAUtagDISPPARAMS@@PAUtagVARIANT@@PAUtagEXCEPINFO@@PAI@Z 10007f8a f i CAT.obj
 0001:00006fcd       ?IsEqualObject@?$CComPtrBase@UIOleClientSite@@@ATL@@QAE_NPAUIUnknown@@@Z 10007fcd f i CAT.obj
 0001:00006fcd       ?IsEqualObject@?$CComPtrBase@UITypeInfo@@@ATL@@QAE_NPAUIUnknown@@@Z 10007fcd f i CAT.obj
 0001:0000703a       ?IsSpace@CRegParser@ATL@@IAEH_W@Z 1000803a f i CAT.obj
 0001:00007064       ?LoadNameCache@CComTypeInfoHolder@ATL@@QAEJPAUITypeInfo@@@Z 10008064 f i CAT.obj
 0001:000071b2       ?Lookup@?$CSimpleMap@PA_WPA_WVCExpansionVectorEqualHelper@ATL@@@ATL@@QBEPA_WABQA_W@Z 100081b2 f i CAT.obj
 0001:000071d8       ?NextToken@CRegParser@ATL@@IAEJPA_W@Z 100081d8 f i CAT.obj
 0001:00007310       ?OnKillFocus@CComControlBase@ATL@@QAEJIIJAAH@Z 10008310 f i CAT.obj
 0001:0000736b       ?OnMouseActivate@CComControlBase@ATL@@QAEJIIJAAH@Z 1000836b f i CAT.obj
 0001:000073d9       ?OnPaint@CComControlBase@ATL@@QAEJIIJAAH@Z 100083d9 f i CAT.obj
 0001:0000748b       ?OnSetFocus@CComControlBase@ATL@@QAEJIIJAAH@Z 1000848b f i CAT.obj
 0001:00007514       ?Open@CRegKey@ATL@@QAEJPAUHKEY__@@PB_WK@Z 10008514 f i CAT.obj
 0001:0000755d       ?PreProcessBuffer@CRegParser@ATL@@QAEJPA_WPAPA_W@Z 1000855d f i CAT.obj
 0001:000077c7       ?ProcessWindowMessage@?$CComControl@VCOPOSCAT@@V?$CWindowImpl@VCOPOSCAT@@VCWindow@ATL@@V?$CWinTraits@$0FGAAAAAA@$0A@@3@@ATL@@@ATL@@UAEHPAUHWND__@@IIJAAJK@Z 100087c7 f i CAT.obj
 0001:00007866       ?PutProperty@?$CComPtr@UIDispatch@@@ATL@@SAJPAUIDispatch@@JPAUtagVARIANT@@@Z 10008866 f i CAT.obj
 0001:000078f8       ?ReadFromStream@CComBSTR@ATL@@QAEJPAUIStream@@@Z 100088f8 f i CAT.obj
 0001:00007a26       ?ReadFromStream@CComVariant@ATL@@QAEJPAUIStream@@GTClassesAllowedInStream@2@K@Z 10008a26 f i CAT.obj
 0001:00007bac       ?RecurseDeleteKey@CRegKey@ATL@@QAEJPB_W@Z 10008bac f i CAT.obj
 0001:00007c6e       ?RegCreateKeyExW@CAtlTransactionManager@ATL@@QAEJPAUHKEY__@@PB_WKPA_WKKQAU_SECURITY_ATTRIBUTES@@PAPAU3@PAK@Z 10008c6e f i CAT.obj
 0001:00007cd1       ?RegDeleteKeyW@CAtlTransactionManager@ATL@@QAEJPAUHKEY__@@PB_W@Z 10008cd1 f i CAT.obj
 0001:00007d23       ?RegOpenKeyExW@CAtlTransactionManager@ATL@@QAEJPAUHKEY__@@PB_WKKPAPAU3@@Z 10008d23 f i CAT.obj
 0001:00007d7a       ?Register@_ATL_WNDCLASSINFOW@ATL@@QAEGPAP6GJPAUHWND__@@IIJ@Z@Z 10008d7a f i CAT.obj
 0001:00007d9a       ?RegisterBuffer@CRegParser@ATL@@QAEJPA_WH@Z 10008d9a f i CAT.obj
 0001:00007ed3       ?RegisterFromResource@CRegObject@ATL@@IAEJPB_W00H@Z 10008ed3 f i CAT.obj
 0001:00008009       ?RegisterServer@?$CAtlModuleT@VCComModule@ATL@@@ATL@@QAEJHPBU_GUID@@@Z 10009009 f i CAT.obj
 0001:00008037       ?RegisterServer@CComModule@ATL@@QAEJHPBU_GUID@@@Z 10009037 f i CAT.obj
 0001:000080ad       ?RegisterSubkeys@CRegParser@ATL@@IAEJPA_WPAUHKEY__@@HH@Z 100090ad f i CAT.obj
 0001:0000867c       ?Remove@CComDynamicUnkArray@ATL@@QAEHK@Z 1000967c f i CAT.obj
 0001:000086a5       ?RemoveAll@?$CSimpleMap@PA_WPA_WVCExpansionVectorEqualHelper@ATL@@@ATL@@QAEXXZ 100096a5 f i CAT.obj
 0001:000086d1       ?ResourceRegisterSz@CRegObject@ATL@@QAGJPB_W00@Z 100096d1 f i CAT.obj
 0001:000086fe       ?ResourceUnregisterSz@CRegObject@ATL@@QAGJPB_W00@Z 100096fe f i CAT.obj
 0001:0000872b       ?SendOnDataChange@CComControlBase@ATL@@QAEJK@Z 1000972b f i CAT.obj
 0001:00008778       ?SetControlFocus@CComControlBase@ATL@@QAEHH@Z 10009778 f i CAT.obj
 0001:00008815       ?SetMultiStringValue@CRegKey@ATL@@QAEJPB_W0@Z 10009815 f i CAT.obj
 0001:00008871       ?SetStringValue@CRegKey@ATL@@QAEJPB_W0K@Z 10009871 f i CAT.obj
 0001:000088ba       ?SkipAssignment@CRegParser@ATL@@IAEJPA_W@Z 100098ba f i CAT.obj
 0001:0000891f       ?SkipWhiteSpace@CRegParser@ATL@@IAEXXZ 1000991f f i CAT.obj
 0001:00008941       ?StrChrW@CRegParser@ATL@@KAPA_WPA_W_W@Z 10009941 f i CAT.obj
 0001:0000897e       ?Term@CAtlModule@ATL@@QAEXXZ 1000997e f i CAT.obj
 0001:000089b7       ?Term@CComModule@ATL@@QAEXXZ 100099b7 f i CAT.obj
 0001:00008a0f       ?UnregisterServer@?$CAtlModuleT@VCComModule@ATL@@@ATL@@QAEJHPBU_GUID@@@Z 10009a0f f i CAT.obj
 0001:00008a35       ?UnregisterServer@CComModule@ATL@@QAEJHPBU_GUID@@@Z 10009a35 f i CAT.obj
 0001:00008aab       ?UpdateRegistryFromResource@CAtlModule@ATL@@QAGJIHPAU_ATL_REGMAP_ENTRY@2@@Z 10009aab f i CAT.obj
 0001:00008c76       ?UpdateRegistryFromResource@CAtlModule@ATL@@QAGJPB_WHPAU_ATL_REGMAP_ENTRY@2@@Z 10009c76 f i CAT.obj
 0001:00008e47       ?VTFromRegType@CRegParser@ATL@@KAHPB_WAAG@Z 10009e47 f i CAT.obj
 0001:00008eb4       ?WindowProc@?$CWindowImplBaseT@VCWindow@ATL@@V?$CWinTraits@$0FGAAAAAA@$0A@@2@@ATL@@SGJPAUHWND__@@IIJ@Z 10009eb4 f i CAT.obj
 0001:00008fa6       ?WriteToStream@CComBSTR@ATL@@QAEJPAUIStream@@@Z 10009fa6 f i CAT.obj
 0001:00008ffd       ?WriteToStream@CComVariant@ATL@@QAEJPAUIStream@@@Z 10009ffd f i CAT.obj
 0001:00009177       ?WriteToStream@CComVariant@ATL@@QAEJPAUIStream@@G@Z 1000a177 f i CAT.obj
 0001:000091e0       ?_AtlInitialConstruct@?$CComObjectRootEx@VCComMultiThreadModel@ATL@@@ATL@@QAEJXZ 1000a1e0 f i CAT.obj
 0001:000091f5       ?_AtlVerifyStackAvailable@_ATL_SAFE_ALLOCA_IMPL@ATL@@YA_NK@Z 1000a1f5 f i CAT.obj
 0001:00009273       ?copy@?$_Copy@UtagCONNECTDATA@@@ATL@@SAJPAUtagCONNECTDATA@@PBU3@@Z 1000a273 f i CAT.obj
 0001:000092a9       ?copy@?$_CopyInterface@UIConnectionPoint@@@ATL@@SAJPAPAUIConnectionPoint@@PBQAU3@@Z 1000a2a9 f i CAT.obj
 0001:000092d7       ?memcpy_s@Checked@ATL@@YAXPAXIPBXI@Z 1000a2d7 f i CAT.obj
 0001:000092f6       ?ocscpy_s@@YA_NPA_WIPB_W@Z 1000a2f6 f i CAT.obj
 0001:00009325       ?ocslen@@YAHPB_W@Z         1000a325 f i CAT.obj
 0001:00009345       ?wcscpy_s@Checked@ATL@@YAXPA_WIPB_W@Z 1000a345 f i CAT.obj
 0001:00009361       _DllCanUnloadNow@0         1000a361 f   CAT.obj
 0001:0000936d       _DllGetClassObject@12      1000a36d f   CAT.obj
 0001:0000937b       _DllMain@12                1000a37b f   CAT.obj
 0001:000093bd       _DllRegisterServer@0       1000a3bd f   CAT.obj
 0001:000093cc       _DllUnregisterServer@0     1000a3cc f   CAT.obj
 0001:000093db       _InlineIsEqualGUID         1000a3db f i CAT.obj
 0001:0000940b       ___local_stdio_printf_options 1000a40b f i CAT.obj
 0001:00009411       __vswprintf_s_l            1000a411 f i CAT.obj
 0001:000094be       _swprintf_s                1000a4be f i CAT.obj
 0001:000094da       ??0?$CComControl@VCOPOSCAT@@V?$CWindowImpl@VCOPOSCAT@@VCWindow@ATL@@V?$CWinTraits@$0FGAAAAAA@$0A@@3@@ATL@@@ATL@@QAE@XZ 1000a4da f i CATImpl.obj
 0001:00009501       ??0?$CProxy_IOPOSEvents@VCOPOSCAT@@@@QAE@XZ 1000a501 f i CATImpl.obj
 0001:00009521       ??0CComControlBase@ATL@@QAE@AAPAUHWND__@@@Z 1000a521 f i CATImpl.obj
 0001:0000956b       ??0COPOSCAT@@QAE@XZ        1000a56b f   CATImpl.obj
 0001:000095a1       ??1?$CComControl@VCOPOSCAT@@V?$CWindowImpl@VCOPOSCAT@@VCWindow@ATL@@V?$CWinTraits@$0FGAAAAAA@$0A@@3@@ATL@@@ATL@@UAE@XZ 1000a5a1 f i CATImpl.obj
 0001:000095ba       ??1?$IConnectionPointImpl@VCOPOSCAT@@$1?IID_IPropertyNotifySink@@3U_GUID@@BVCComDynamicUnkArray@ATL@@@ATL@@QAE@XZ 1000a5ba f i CATImpl.obj
 0001:000095ba       ??1?$IConnectionPointImpl@VCOPOSCAT@@$1?DIID__IOPOSCATEvents@@3U_GUID@@BVCComDynamicUnkArray@ATL@@@ATL@@QAE@XZ 1000a5ba f i CATImpl.obj
 0001:000095f7       ??1CComControlBase@ATL@@UAE@XZ 1000a5f7 f i CATImpl.obj
 0001:0000965a       ??1COPOSCAT@@UAE@XZ        1000a65a f   CATImpl.obj
 0001:000096a2       ??1OposVariantResult@@QAE@XZ 1000a6a2 f i CATImpl.obj
 0001:000096c3       ??1_CW@@QAE@XZ             1000a6c3 f i CATImpl.obj
 0001:000096dc       ?AccessDailyLog@COPOSCAT@@UAGJJJJPAJ@Z 1000a6dc f   CATImpl.obj
 0001:00009772       ?AuthorizeCompletion@COPOSCAT@@UAGJJTtagCY@@0JPAJ@Z 1000a772 f   CATImpl.obj
 0001:00009819       ?AuthorizePreSales@COPOSCAT@@UAGJJTtagCY@@0JPAJ@Z 1000a819 f   CATImpl.obj
 0001:000098c0       ?AuthorizeRefund@COPOSCAT@@UAGJJTtagCY@@0JPAJ@Z 1000a8c0 f   CATImpl.obj
 0001:00009967       ?AuthorizeSales@COPOSCAT@@UAGJJTtagCY@@0JPAJ@Z 1000a967 f   CATImpl.obj
 0001:00009a0e       ?AuthorizeVoid@COPOSCAT@@UAGJJTtagCY@@0JPAJ@Z 1000aa0e f   CATImpl.obj
 0001:00009ab5       ?AuthorizeVoidPreSales@COPOSCAT@@UAGJJTtagCY@@0JPAJ@Z 1000aab5 f   CATImpl.obj
 0001:00009b5c       ?CashDeposit@COPOSCAT@@UAGJJTtagCY@@JPAJ@Z 1000ab5c f   CATImpl.obj
 0001:00009bf5       ?CheckCard@COPOSCAT@@UAGJJJPAJ@Z 1000abf5 f   CATImpl.obj
 0001:00009c69       ?CheckHealth@COPOSCAT@@UAGJJPAJ@Z 1000ac69 f   CATImpl.obj
 0001:00009cb8       ?ClaimDevice@COPOSCAT@@UAGJJPAJ@Z 1000acb8 f   CATImpl.obj
 0001:00009d2d       ?ClearOutput@COPOSCAT@@UAGJPAJ@Z 1000ad2d f   CATImpl.obj
 0001:00009d48       ?Close@COPOSCAT@@UAGJPAJ@Z 1000ad48 f   CATImpl.obj
 0001:00009db6       ?CompareFirmwareVersion@COPOSCAT@@UAGJPA_WPAJ1@Z 1000adb6 f   CATImpl.obj
 0001:00009e36       ?DirectIO@COPOSCAT@@UAGJJPAJPAPA_W0@Z 1000ae36 f   CATImpl.obj
 0001:00009ee4       ?DoInvoke@COPOSCAT@@IAEJJPAVOposVariant@@IHPAJ_N@Z 1000aee4 f   CATImpl.obj
 0001:00009fa6       ?EventClose@COPOSCAT@@IAEXXZ 1000afa6 f i CATImpl.obj
 0001:00009fd9       ?EventInit@COPOSCAT@@IAEJXZ 1000afd9 f i CATImpl.obj
 0001:0000a0a5       ?EventUninit@COPOSCAT@@IAEXXZ 1000b0a5 f i CATImpl.obj
 0001:0000a0f7       ?EventWindowProc@COPOSCAT@@IAGJIIJ@Z 1000b0f7 f i CATImpl.obj
 0001:0000a1ca       ?FinalConstruct@COPOSCAT@@QAEJXZ 1000b1ca f   CATImpl.obj
 0001:0000a203       ?FireEventCleanup@COPOSCAT@@IAEXXZ 1000b203 f i CATImpl.obj
 0001:0000a219       ?FireEventSetup@COPOSCAT@@IAE_NXZ 1000b219 f i CATImpl.obj
 0001:0000a24d       ?FreezeEvents@COPOSCAT@@MAGJH@Z 1000b24d f   CATImpl.obj
 0001:0000a2ad       ?GetOposProp@COPOSCAT@@IAEJJPAFJ@Z 1000b2ad f   CATImpl.obj
 0001:0000a2d0       ?GetOposProp@COPOSCAT@@IAEJJPAJJ@Z 1000b2d0 f   CATImpl.obj
 0001:0000a38e       ?GetOposProp@COPOSCAT@@IAEJJPAPA_WJ@Z 1000b38e f   CATImpl.obj
 0001:0000a459       ?LockTerminal@COPOSCAT@@UAGJPAJ@Z 1000b459 f   CATImpl.obj
 0001:0000a474       ?OnDraw@COPOSCAT@@MAEJAAUATL_DRAWINFO@@@Z 1000b474 f   CATImpl.obj
 0001:0000a514       ?Open@COPOSCAT@@UAGJPA_WPAJ@Z 1000b514 f   CATImpl.obj
 0001:0000acb2       ?ReleaseDevice@COPOSCAT@@UAGJPAJ@Z 1000bcb2 f   CATImpl.obj
 0001:0000ad01       ?ResetStatistics@COPOSCAT@@UAGJPA_WPAJ@Z 1000bd01 f   CATImpl.obj
 0001:0000ad58       ?RetrieveStatistics@COPOSCAT@@UAGJPAPA_WPAJ@Z 1000bd58 f   CATImpl.obj
 0001:0000adaf       ?SOProcessID@COPOSCAT@@UAGJPAJ@Z 1000bdaf f   CATImpl.obj
 0001:0000adc3       ?SetCOFreezeEvents@COPOSCAT@@IAEXF@Z 1000bdc3 f   CATImpl.obj
 0001:0000ae4e       ?SetOposProp@COPOSCAT@@IAEJJJJ@Z 1000be4e f   CATImpl.obj
 0001:0000af2c       ?SetOposProp@COPOSCAT@@IAEJJPA_WJ@Z 1000bf2c f   CATImpl.obj
 0001:0000b018       ?UnlockTerminal@COPOSCAT@@UAGJPAJ@Z 1000c018 f   CATImpl.obj
 0001:0000b033       ?UpdateFirmware@COPOSCAT@@UAGJPA_WPAJ@Z 1000c033 f   CATImpl.obj
 0001:0000b08a       ?UpdateStatistics@COPOSCAT@@UAGJPA_WPAJ@Z 1000c08a f   CATImpl.obj
 0001:0000b0e1       ?get_AccountNumber@COPOSCAT@@UAGJPAPA_W@Z 1000c0e1 f   CATImpl.obj
 0001:0000b0fa       ?get_AdditionalSecurityInformation@COPOSCAT@@UAGJPAPA_W@Z 1000c0fa f   CATImpl.obj
 0001:0000b113       ?get_ApprovalCode@COPOSCAT@@UAGJPAPA_W@Z 1000c113 f   CATImpl.obj
 0001:0000b12c       ?get_AsyncMode@COPOSCAT@@UAGJPAF@Z 1000c12c f   CATImpl.obj
 0001:0000b145       ?get_Balance@COPOSCAT@@UAGJPATtagCY@@@Z 1000c145 f   CATImpl.obj
 0001:0000b1df       ?get_BinaryConversion@COPOSCAT@@UAGJPAJ@Z 1000c1df f   CATImpl.obj
 0001:0000b1f5       ?get_CapAdditionalSecurityInformation@COPOSCAT@@UAGJPAF@Z 1000c1f5 f   CATImpl.obj
 0001:0000b20e       ?get_CapAuthorizeCompletion@COPOSCAT@@UAGJPAF@Z 1000c20e f   CATImpl.obj
 0001:0000b227       ?get_CapAuthorizePreSales@COPOSCAT@@UAGJPAF@Z 1000c227 f   CATImpl.obj
 0001:0000b240       ?get_CapAuthorizeRefund@COPOSCAT@@UAGJPAF@Z 1000c240 f   CATImpl.obj
 0001:0000b259       ?get_CapAuthorizeVoid@COPOSCAT@@UAGJPAF@Z 1000c259 f   CATImpl.obj
 0001:0000b272       ?get_CapAuthorizeVoidPreSales@COPOSCAT@@UAGJPAF@Z 1000c272 f   CATImpl.obj
 0001:0000b28b       ?get_CapCashDeposit@COPOSCAT@@UAGJPAF@Z 1000c28b f   CATImpl.obj
 0001:0000b2a4       ?get_CapCenterResultCode@COPOSCAT@@UAGJPAF@Z 1000c2a4 f   CATImpl.obj
 0001:0000b2bd       ?get_CapCheckCard@COPOSCAT@@UAGJPAF@Z 1000c2bd f   CATImpl.obj
 0001:0000b2d6       ?get_CapCompareFirmwareVersion@COPOSCAT@@UAGJPAF@Z 1000c2d6 f   CATImpl.obj
 0001:0000b2ef       ?get_CapDailyLog@COPOSCAT@@UAGJPAJ@Z 1000c2ef f   CATImpl.obj
 0001:0000b308       ?get_CapInstallments@COPOSCAT@@UAGJPAF@Z 1000c308 f   CATImpl.obj
 0001:0000b321       ?get_CapLockTerminal@COPOSCAT@@UAGJPAF@Z 1000c321 f   CATImpl.obj
 0001:0000b33a       ?get_CapLogStatus@COPOSCAT@@UAGJPAF@Z 1000c33a f   CATImpl.obj
 0001:0000b353       ?get_CapPaymentDetail@COPOSCAT@@UAGJPAF@Z 1000c353 f   CATImpl.obj
 0001:0000b36c       ?get_CapPowerReporting@COPOSCAT@@UAGJPAJ@Z 1000c36c f   CATImpl.obj
 0001:0000b385       ?get_CapStatisticsReporting@COPOSCAT@@UAGJPAF@Z 1000c385 f   CATImpl.obj
 0001:0000b39e       ?get_CapTaxOthers@COPOSCAT@@UAGJPAF@Z 1000c39e f   CATImpl.obj
 0001:0000b3b7       ?get_CapTrainingMode@COPOSCAT@@UAGJPAF@Z 1000c3b7 f   CATImpl.obj
 0001:0000b3d0       ?get_CapTransactionNumber@COPOSCAT@@UAGJPAF@Z 1000c3d0 f   CATImpl.obj
 0001:0000b3e9       ?get_CapUnlockTerminal@COPOSCAT@@UAGJPAF@Z 1000c3e9 f   CATImpl.obj
 0001:0000b402       ?get_CapUpdateFirmware@COPOSCAT@@UAGJPAF@Z 1000c402 f   CATImpl.obj
 0001:0000b41b       ?get_CapUpdateStatistics@COPOSCAT@@UAGJPAF@Z 1000c41b f   CATImpl.obj
 0001:0000b434       ?get_CardCompanyID@COPOSCAT@@UAGJPAPA_W@Z 1000c434 f   CATImpl.obj
 0001:0000b44d       ?get_CenterResultCode@COPOSCAT@@UAGJPAPA_W@Z 1000c44d f   CATImpl.obj
 0001:0000b466       ?get_CheckHealthText@COPOSCAT@@UAGJPAPA_W@Z 1000c466 f   CATImpl.obj
 0001:0000b47f       ?get_Claimed@COPOSCAT@@UAGJPAF@Z 1000c47f f   CATImpl.obj
 0001:0000b495       ?get_ControlObjectDescription@COPOSCAT@@UAGJPAPA_W@Z 1000c495 f   CATImpl.obj
 0001:0000b4d2       ?get_ControlObjectVersion@COPOSCAT@@UAGJPAJ@Z 1000c4d2 f   CATImpl.obj
 0001:0000b4e5       ?get_DailyLog@COPOSCAT@@UAGJPAPA_W@Z 1000c4e5 f   CATImpl.obj
 0001:0000b4fe       ?get_DeviceDescription@COPOSCAT@@UAGJPAPA_W@Z 1000c4fe f   CATImpl.obj
 0001:0000b517       ?get_DeviceEnabled@COPOSCAT@@UAGJPAF@Z 1000c517 f   CATImpl.obj
 0001:0000b52d       ?get_DeviceName@COPOSCAT@@UAGJPAPA_W@Z 1000c52d f   CATImpl.obj
 0001:0000b546       ?get_FreezeEvents@COPOSCAT@@UAGJPAF@Z 1000c546 f   CATImpl.obj
 0001:0000b55c       ?get_LogStatus@COPOSCAT@@UAGJPAJ@Z 1000c55c f   CATImpl.obj
 0001:0000b575       ?get_OpenResult@COPOSCAT@@UAGJPAJ@Z 1000c575 f   CATImpl.obj
 0001:0000b58c       ?get_OutputID@COPOSCAT@@UAGJPAJ@Z 1000c58c f   CATImpl.obj
 0001:0000b5a2       ?get_PaymentCondition@COPOSCAT@@UAGJPAJ@Z 1000c5a2 f   CATImpl.obj
 0001:0000b5bb       ?get_PaymentDetail@COPOSCAT@@UAGJPAPA_W@Z 1000c5bb f   CATImpl.obj
 0001:0000b5d4       ?get_PaymentMedia@COPOSCAT@@UAGJPAJ@Z 1000c5d4 f   CATImpl.obj
 0001:0000b5ed       ?get_PowerNotify@COPOSCAT@@UAGJPAJ@Z 1000c5ed f   CATImpl.obj
 0001:0000b603       ?get_PowerState@COPOSCAT@@UAGJPAJ@Z 1000c603 f   CATImpl.obj
 0001:0000b619       ?get_ResultCode@COPOSCAT@@UAGJPAJ@Z 1000c619 f   CATImpl.obj
 0001:0000b657       ?get_ResultCodeExtended@COPOSCAT@@UAGJPAJ@Z 1000c657 f   CATImpl.obj
 0001:0000b66d       ?get_SequenceNumber@COPOSCAT@@UAGJPAJ@Z 1000c66d f   CATImpl.obj
 0001:0000b686       ?get_ServiceObjectDescription@COPOSCAT@@UAGJPAPA_W@Z 1000c686 f   CATImpl.obj
 0001:0000b69f       ?get_ServiceObjectVersion@COPOSCAT@@UAGJPAJ@Z 1000c69f f   CATImpl.obj
 0001:0000b6b5       ?get_SettledAmount@COPOSCAT@@UAGJPATtagCY@@@Z 1000c6b5 f   CATImpl.obj
 0001:0000b74f       ?get_SlipNumber@COPOSCAT@@UAGJPAPA_W@Z 1000c74f f   CATImpl.obj
 0001:0000b768       ?get_State@COPOSCAT@@UAGJPAJ@Z 1000c768 f   CATImpl.obj
 0001:0000b794       ?get_TrainingMode@COPOSCAT@@UAGJPAF@Z 1000c794 f   CATImpl.obj
 0001:0000b7ad       ?get_TransactionNumber@COPOSCAT@@UAGJPAPA_W@Z 1000c7ad f   CATImpl.obj
 0001:0000b7c6       ?get_TransactionType@COPOSCAT@@UAGJPAJ@Z 1000c7c6 f   CATImpl.obj
 0001:0000b7df       ?put_AdditionalSecurityInformation@COPOSCAT@@UAGJPA_W@Z 1000c7df f   CATImpl.obj
 0001:0000b7f8       ?put_AsyncMode@COPOSCAT@@UAGJF@Z 1000c7f8 f   CATImpl.obj
 0001:0000b818       ?put_BinaryConversion@COPOSCAT@@UAGJJ@Z 1000c818 f   CATImpl.obj
 0001:0000b82e       ?put_DeviceEnabled@COPOSCAT@@UAGJF@Z 1000c82e f   CATImpl.obj
 0001:0000b84b       ?put_FreezeEvents@COPOSCAT@@UAGJF@Z 1000c84b f   CATImpl.obj
 0001:0000b897       ?put_PaymentMedia@COPOSCAT@@UAGJJ@Z 1000c897 f   CATImpl.obj
 0001:0000b8b0       ?put_PowerNotify@COPOSCAT@@UAGJJ@Z 1000c8b0 f   CATImpl.obj
 0001:0000b8c6       ?put_TrainingMode@COPOSCAT@@UAGJF@Z 1000c8c6 f   CATImpl.obj
 0001:0000b8e6       ?s_EventWindowProc@COPOSCAT@@KGJPAUHWND__@@IIJ@Z 1000c8e6 f i CATImpl.obj
 0001:0000b938       ??_U@YAPAXI@Z              1000c938 f   LIBCMT:new_array.obj
 0001:0000b941       ??3@YAXPAXI@Z              1000c941 f   LIBCMT:delete_scalar_size.obj
 0001:0000b94f       ??_V@YAXPAX@Z              1000c94f f   LIBCMT:delete_array.obj
 0001:0000b954       ??_V@YAXPAXI@Z             1000c954 f   LIBCMT:delete_array_size.obj
 0001:0000b962       ??$__crt_fast_encode_pointer@PAP6AXXZ@@YAPAP6AXXZQAP6AXXZ@Z 1000c962 f i LIBCMT:utility.obj
 0001:0000b962       ??$__crt_fast_encode_pointer@P6GXPAU_RTL_CONDITION_VARIABLE@@@Z@@YAP6GXPAU_RTL_CONDITION_VARIABLE@@@ZQ6GX0@Z@Z 1000c962 f i LIBCMT:thread_safe_statics.obj
 0001:0000b962       ??$__crt_fast_encode_pointer@P6GHPAU_RTL_CONDITION_VARIABLE@@PAU_RTL_CRITICAL_SECTION@@K@Z@@YAP6GHPAU_RTL_CONDITION_VARIABLE@@PAU_RTL_CRITICAL_SECTION@@K@ZQ6GH01K@Z@Z 1000c962 f i LIBCMT:thread_safe_statics.obj
 0001:0000b962       ??$__crt_fast_encode_pointer@PAX@@YAPAXQAX@Z 1000c962 f i libvcruntime:winapi_downlevel.obj
 0001:0000b9c3       ___scrt_acquire_startup_lock 1000c9c3 f   LIBCMT:utility.obj
 0001:0000b9f5       ___scrt_dllmain_after_initialize_c 1000c9f5 f   LIBCMT:utility.obj
 0001:0000ba20       ___scrt_dllmain_before_initialize_c 1000ca20 f   LIBCMT:utility.obj
 0001:0000ba2e       ___scrt_dllmain_crt_thread_attach 1000ca2e f   LIBCMT:utility.obj
 0001:0000ba4d       ___scrt_dllmain_crt_thread_detach 1000ca4d f   LIBCMT:utility.obj
 0001:0000ba5a       ___scrt_dllmain_exception_filter 1000ca5a f   LIBCMT:utility.obj
 0001:0000ba8e       ___scrt_dllmain_uninitialize_c 1000ca8e f   LIBCMT:utility.obj
 0001:0000bab1       ___scrt_dllmain_uninitialize_critical 1000cab1 f   LIBCMT:utility.obj
 0001:0000babe       ___scrt_initialize_crt     1000cabe f   LIBCMT:utility.obj
 0001:0000baf7       ___scrt_initialize_onexit_tables 1000caf7 f   LIBCMT:utility.obj
 0001:0000bb9c       ___scrt_is_nonwritable_in_current_image 1000cb9c f   LIBCMT:utility.obj
 0001:0000bc30       ___scrt_release_startup_lock 1000cc30 f   LIBCMT:utility.obj
 0001:0000bc4d       ___scrt_uninitialize_crt   1000cc4d f   LIBCMT:utility.obj
 0001:0000bc75       __onexit                   1000cc75 f   LIBCMT:utility.obj
 0001:0000bcb0       _atexit                    1000ccb0 f   LIBCMT:utility.obj
 0001:0000bcc5       ??3@YAXPAX@Z               1000ccc5 f   LIBCMT:delete_scalar.obj
 0001:0000bdfc       __Init_thread_footer       1000cdfc f   LIBCMT:thread_safe_statics.obj
 0001:0000be46       __Init_thread_header       1000ce46 f   LIBCMT:thread_safe_statics.obj
 0001:0000be98       __Init_thread_notify       1000ce98 f   LIBCMT:thread_safe_statics.obj
 0001:0000beda       __Init_thread_wait         1000ceda f   LIBCMT:thread_safe_statics.obj
 0001:0000bf3a       ___raise_securityfailure   1000cf3a f   LIBCMT:gs_report.obj
 0001:0000bf62       ___report_gsfailure        1000cf62 f   LIBCMT:gs_report.obj
 0001:0000c05b       ___report_rangecheckfailure 1000d05b f   LIBCMT:gs_report.obj
 0001:0000c067       ___report_securityfailure  1000d067 f   LIBCMT:gs_report.obj
 0001:0000c135       ??2@YAPAXIABUnothrow_t@std@@@Z 1000d135 f   LIBCMT:new_scalar_nothrow.obj
 0001:0000c185       ??_U@YAPAXIABUnothrow_t@std@@@Z 1000d185 f   LIBCMT:new_array_nothrow.obj
 0001:0000c18e       @__security_check_cookie@4 1000d18e f   LIBCMT:_secchk_.obj
 0001:0000c1a0       __SEH_prolog4_GS           1000d1a0 f   LIBCMT:_sehprolg4gs_.obj
 0001:0000c1e9       __SEH_epilog4_GS           1000d1e9 f   LIBCMT:_sehprolg4gs_.obj
 0001:0000c200       __alloca_probe_16          1000d200 f   LIBCMT:alloca16.obj
 0001:0000c216       __alloca_probe_8           1000d216     LIBCMT:alloca16.obj
 0001:0000c230       __alloca_probe             1000d230 f   LIBCMT:chkstk.obj
 0001:0000c230       __chkstk                   1000d230 f   LIBCMT:chkstk.obj
 0001:0000c57d       __DllMainCRTStartup@12     1000d57d f   LIBCMT:dll_dllmain.obj
 0001:0000c5a0       ??2@YAPAXI@Z               1000d5a0 f   LIBCMT:new_scalar.obj
 0001:0000c5d0       ___isa_available_init      1000d5d0 f   LIBCMT:_cpu_disp_.obj
 0001:0000c767       ___scrt_is_ucrt_dll_in_use 1000d767 f   LIBCMT:ucrt_detection.obj
 0001:0000c773       ___scrt_fastfail           1000d773 f   LIBCMT:utility_desktop.obj
 0001:0000c88d       __crt_debugger_hook        1000d88d f   LIBCMT:utility_desktop.obj
 0001:0000c8a0       __SEH_prolog4              1000d8a0 f   LIBCMT:_sehprolg4_.obj
 0001:0000c8e6       __SEH_epilog4              1000d8e6 f   LIBCMT:_sehprolg4_.obj
 0001:0000c8fb       @_guard_check_icall_nop@4  1000d8fb f i LIBCMT:guard_support.obj
 0001:0000c949       ___security_init_cookie    1000d949 f   LIBCMT:gs_support.obj
 0001:0000c994       ?__scrt_initialize_type_info@@YAXXZ 1000d994 f   LIBCMT:tncleanup.obj
 0001:0000c9a0       ?__scrt_uninitialize_type_info@@YAXXZ 1000d9a0 f   LIBCMT:tncleanup.obj
 0001:0000c9ac       ___local_stdio_scanf_options 1000d9ac f i LIBCMT:default_local_stdio_options.obj
 0001:0000c9b2       ___scrt_initialize_default_local_stdio_options 1000d9b2 f   LIBCMT:default_local_stdio_options.obj
 0001:0000c9cf       ___scrt_get_dyn_tls_init_callback 1000d9cf f   LIBCMT:dyn_tls_init.obj
 0001:0000c9d5       __RTC_Initialize           1000d9d5 f   LIBCMT:_initsect_.obj
 0001:0000ca01       __RTC_Terminate            1000da01 f   LIBCMT:_initsect_.obj
 0001:0000ca2d       ??0bad_alloc@std@@QAE@ABV01@@Z 1000da2d f i LIBCMT:throw_bad_alloc.obj
 0001:0000ca48       ??0bad_alloc@std@@QAE@XZ   1000da48 f i LIBCMT:throw_bad_alloc.obj
 0001:0000ca60       ??0bad_array_new_length@std@@QAE@ABV01@@Z 1000da60 f i LIBCMT:throw_bad_alloc.obj
 0001:0000ca7b       ??0bad_array_new_length@std@@QAE@XZ 1000da7b f i LIBCMT:throw_bad_alloc.obj
 0001:0000ca93       ??0exception@std@@QAE@ABV01@@Z 1000da93 f i LIBCMT:throw_bad_alloc.obj
 0001:0000cabf       ??1bad_array_new_length@std@@UAE@XZ 1000dabf f i LIBCMT:throw_bad_alloc.obj
 0001:0000cabf       ??1bad_exception@std@@UAE@XZ 1000dabf f i libvcruntime:frame.obj
 0001:0000cabf       ??1bad_alloc@std@@UAE@XZ   1000dabf f i LIBCMT:throw_bad_alloc.obj
[...]
 0002:00002cd8       ?candidate_modules@?1??try_get_LCMapStringEx@@YAP6GHPB_WK0HPA_WHPAU_nlsversioninfo@@PAXJ@ZXZ@4QBW4module_id@?A0x391cf84c@@B 10021cd8     libucrt:winapi_thunks.obj
 0002:00002cf0       ?candidate_modules@?1??try_get_LocaleNameToLCID@@YAP6GKPB_WK@ZXZ@4QBW4module_id@?A0x391cf84c@@B 10021cf0     libucrt:winapi_thunks.obj
 0002:00002d0c       ?candidate_modules@?1??try_get_AppPolicyGetProcessTerminationMethod@@YAP6GJPAXPAW4AppPolicyProcessTerminationMethod@@@ZXZ@4QBW4module_id@?A0x391cf84c@@B 10021d0c     libucrt:winapi_thunks.obj
 0002:00002d38       ?candidate_modules@?1??try_get_SetThreadStackGuarantee@@YAP6GHPAK@ZXZ@4QBW4module_id@?A0x391cf84c@@B 10021d38     libucrt:winapi_thunks.obj
 0002:00003264       ?_mb_locale_names@@3QBQB_WB 10022264     libucrt:mbctype.obj
 0002:00003ab0       ?LcidToLocaleNameTable@?A0x881e4c05@@3QBULcidToLocaleName@1@B 10022ab0     libucrt:lcidtoname_downlevel.obj
 0002:00004bd8       ?LocaleNameToIndexTable@?A0x881e4c05@@3QBULocaleNameIndex@1@B 10023bd8     libucrt:lcidtoname_downlevel.obj
 0002:00006510       LOG_name                   10025510     libucrt:log10.obj
 0002:00006520       _One                       10025520     libucrt:ceil_pentium4.obj
 0002:00006530       _Bns                       10025530     libucrt:ceil_pentium4.obj
 0002:00006540       _Zero                      10025540     libucrt:ceil_pentium4.obj
 0002:00006550       _S                         10025550     libucrt:ceil_pentium4.obj
 0002:00006560       _NegZero                   10025560     libucrt:ceil_pentium4.obj
 0002:00006570       emask                      10025570     libucrt:log10_pentium4.obj
 0002:00006580       CC                         10025580     libucrt:log10_pentium4.obj
 0002:00006590       Magic                      10025590     libucrt:log10_pentium4.obj
 0002:000065a0       hi_mask                    100255a0     libucrt:log10_pentium4.obj
 0002:000065b0       LOG10_2                    100255b0     libucrt:log10_pentium4.obj
 0002:000065c0       place_L                    100255c0     libucrt:log10_pentium4.obj
 0002:000065e0       One                        100255e0     libucrt:log10_pentium4.obj
 0002:000065f0       Zero                       100255f0     libucrt:log10_pentium4.obj
 0002:00006600       Two52                      10025600     libucrt:log10_pentium4.obj
 0002:00006610       Infs                       10025610     libucrt:log10_pentium4.obj
 0002:00006620       NaN                        10025620     libucrt:log10_pentium4.obj
 0002:00006630       coeff                      10025630     libucrt:log10_pentium4.obj
 0002:0000668e       _log2max                   1002568e     libucrt:87tran.obj
 0002:00006698       _smallarg                  10025698     libucrt:87tran.obj
 0002:000066a2       _half                      100256a2     libucrt:87tran.obj
 0002:000066ee       One                        100256ee     libucrt:87disp.obj
 0002:000066f6       Three                      100256f6     libucrt:87disp.obj
 0002:000066fe       XAMtoTagTab                100256fe     libucrt:87disp.obj
 0002:00006710       One                        10025710     libucrt:common.obj
 0002:00006724       DblMax                     10025724     libucrt:common.obj
 0002:0000672c       DblMin                     1002572c     libucrt:common.obj
 0002:00006734       IeeeAdjO                   10025734     libucrt:common.obj
 0002:0000673c       IeeeAdjU                   1002573c     libucrt:common.obj
 0002:00006744       _infinity                  10025744     libucrt:common.obj
 0002:0000674c       _zero                      1002574c     libucrt:common.obj
 0002:00006788       _over                      10025788     libucrt:fpctrl.obj
 0002:00006794       _under                     10025794     libucrt:fpctrl.obj
 0002:00006fc8       ?_names@?1??_get_fname@@9@9 10025fc8     libucrt:fpexcept.obj
 0002:00007828       __sehtable$?_AtlVerifyStackAvailable@_ATL_SAFE_ALLOCA_IMPL@ATL@@YA_NK@Z 10026828     CAT.obj
 0002:00007848       __sehtable$___scrt_is_nonwritable_in_current_image 10026848     LIBCMT:utility.obj
 0002:00007864       __ehfuncinfo$?__scrt_initialize_thread_safe_statics_platform_specific@@YAXXZ 10026864     LIBCMT:thread_safe_statics.obj
 0002:00007888       __catchsym$??2@YAPAXIABUnothrow_t@std@@@Z$2 10026888     LIBCMT:new_scalar_nothrow.obj
 0002:00007898       __unwindtable$??2@YAPAXIABUnothrow_t@std@@@Z 10026898     LIBCMT:new_scalar_nothrow.obj
 0002:000078a8       __tryblocktable$??2@YAPAXIABUnothrow_t@std@@@Z 100268a8     LIBCMT:new_scalar_nothrow.obj
 0002:000078bc       __ehfuncinfo$??2@YAPAXIABUnothrow_t@std@@@Z 100268bc     LIBCMT:new_scalar_nothrow.obj
 0002:000078e0       __sehtable$?dllmain_crt_process_attach@@YAHQAUHINSTANCE__@@QAX@Z 100268e0     LIBCMT:dll_dllmain.obj
 0002:00007900       __sehtable$?dllmain_crt_process_detach@@YAH_N@Z 10026900     LIBCMT:dll_dllmain.obj
 0002:00007920       __sehtable$?dllmain_dispatch@@YAHQAUHINSTANCE__@@KQAX@Z 10026920     LIBCMT:dll_dllmain.obj
 0002:000079d0       __sehtable$?FrameUnwindToState@__FrameHandler3@@SAXPAUEHRegistrationNode@@PAXPBU_s_FuncInfo@@H@Z 100269d0     libvcruntime:frame.obj
 0002:000079f8       __sehtable$?CallCatchBlock@@YAPAXPAUEHExceptionRecord@@PAUEHRegistrationNode@@PAU_CONTEXT@@PBU_s_FuncInfo@@PAXHK@Z 100269f8     libvcruntime:frame.obj
 0002:00007a20       __catchsym$?CallUnexpected@@YAXPBU_s_ESTypeList@@@Z$2 10026a20     libvcruntime:frame.obj
 0002:00007a30       __unwindtable$?CallUnexpected@@YAXPBU_s_ESTypeList@@@Z 10026a30     libvcruntime:frame.obj
 0002:00007a40       __tryblocktable$?CallUnexpected@@YAXPBU_s_ESTypeList@@@Z 10026a40     libvcruntime:frame.obj
 0002:00007a54       __ehfuncinfo$?CallUnexpected@@YAXPBU_s_ESTypeList@@@Z 10026a54     libvcruntime:frame.obj
 0002:00007a78       __sehtable$??$BuildCatchObjectHelperInternal@$$CBU_s_HandlerType@@@@YAHPAUEHExceptionRecord@@PAXPBU_s_HandlerType@@PBU_s_CatchableType@@@Z 10026a78     libvcruntime:frame.obj
 0002:00007a98       __sehtable$??$BuildCatchObjectInternal@$$CBU_s_HandlerType@@@@YAXPAUEHExceptionRecord@@PAXPBU_s_HandlerType@@PBU_s_CatchableType@@@Z 10026a98     libvcruntime:frame.obj
 0002:00007af0       __sehtable$___DestructExceptionObject 10026af0     libvcruntime:ehhelpers.obj
 0002:00007b10       __sehtable$??R<lambda_6e4b09c48022b2350581041d5f6b0c4c>@@QBE@XZ 10026b10     libucrt:exit.obj
 0002:00007b30       __sehtable$??$?RV<lambda_03b1d95aef87969028cfba75ccab2455>@@AAV<lambda_6e4b09c48022b2350581041d5f6b0c4c>@@V<lambda_22bdf7517842c4b3e53723af5aa32b9e>@@@?$__crt_seh_guarded_call@X@@QAEX$$QAV<lambda_03b1d95aef87969028cfba75ccab2455>@@AAV<lambda_6e4b09c48022b2350581041d5f6b0c4c>@@$$QAV<lambda_22bdf7517842c4b3e53723af5aa32b9e>@@@Z 10026b30     libucrt:exit.obj
 0002:00007b50       __sehtable$??$?RV<lambda_8e746cf0007f6ed984d6f78af1fec997>@@AAV<lambda_22ebabd17bc4fa466a2aca6d8deb888d>@@V<lambda_18ed0c0b38a6dc0daf1e7ac6d6adf05e>@@@?$__crt_seh_guarded_call@H@@QAEH$$QAV<lambda_8e746cf0007f6ed984d6f78af1fec997>@@AAV<lambda_22ebabd17bc4fa466a2aca6d8deb888d>@@$$QAV<lambda_18ed0c0b38a6dc0daf1e7ac6d6adf05e>@@@Z 10026b50     libucrt:onexit.obj
 0002:00007b70       __sehtable$??$?RV<lambda_69a2805e680e0e292e8ba93315fe43a8>@@AAV<lambda_f03950bc5685219e0bcd2087efbe011e>@@V<lambda_03fcd07e894ec930e3f35da366ca99d6>@@@?$__crt_seh_guarded_call@H@@QAEH$$QAV<lambda_69a2805e680e0e292e8ba93315fe43a8>@@AAV<lambda_f03950bc5685219e0bcd2087efbe011e>@@$$QAV<lambda_03fcd07e894ec930e3f35da366ca99d6>@@@Z 10026b70     libucrt:onexit.obj
 0002:00007b90       __sehtable$__query_new_handler 10026b90     libucrt:new_handler.obj
 0002:00007bb0       __sehtable$_terminate      10026bb0     libucrt:terminate.obj
 0002:00007bd0       __sehtable$??$?RV<lambda_15ade71b0218206bbe3333a0c9b79046>@@AAV<lambda_da44e0f8b0f19ba52fefafb335991732>@@V<lambda_207f2d024fc103971653565357d6cd41>@@@?$__crt_seh_guarded_call@X@@QAEX$$QAV<lambda_15ade71b0218206bbe3333a0c9b79046>@@AAV<lambda_da44e0f8b0f19ba52fefafb335991732>@@$$QAV<lambda_207f2d024fc103971653565357d6cd41>@@@Z 10026bd0     libucrt:per_thread_data.obj
 0002:00007bf0       __sehtable$??$?RV<lambda_a7e850c220f1c8d1e6efeecdedd162c6>@@AAV<lambda_46720907175c18b6c9d2717bc0d2d362>@@V<lambda_9048902d66e8d99359bc9897bbb930a8>@@@?$__crt_seh_guarded_call@X@@QAEX$$QAV<lambda_a7e850c220f1c8d1e6efeecdedd162c6>@@AAV<lambda_46720907175c18b6c9d2717bc0d2d362>@@$$QAV<lambda_9048902d66e8d99359bc9897bbb930a8>@@@Z 10026bf0     libucrt:per_thread_data.obj
 0002:00007c10       __sehtable$??$?RV<lambda_38edbb1296d33220d7e4dd0ed76b244a>@@AAV<lambda_5ce1d447e08cb34b2473517608e21441>@@V<lambda_fb385d3da700c9147fc39e65dd577a8c>@@@?$__crt_seh_guarded_call@X@@QAEX$$QAV<lambda_38edbb1296d33220d7e4dd0ed76b244a>@@AAV<lambda_5ce1d447e08cb34b2473517608e21441>@@$$QAV<lambda_fb385d3da700c9147fc39e65dd577a8c>@@@Z 10026c10     libucrt:per_thread_data.obj
 0002:00007c30       __sehtable$??$?RV<lambda_6affb1475c98b40b75cdec977db92e3c>@@AAV<lambda_b8d4b9c228a6ecc3f80208dbb4b4a104>@@V<lambda_608742c3c92a14382c1684fc64f96c88>@@@?$__crt_seh_guarded_call@X@@QAEX$$QAV<lambda_6affb1475c98b40b75cdec977db92e3c>@@AAV<lambda_b8d4b9c228a6ecc3f80208dbb4b4a104>@@$$QAV<lambda_608742c3c92a14382c1684fc64f96c88>@@@Z 10026c30     libucrt:per_thread_data.obj
 0002:00007c50       __sehtable$??$?RV<lambda_e5124f882df8998aaf41531e079ba474>@@AAV<lambda_3e16ef9562a7dcce91392c22ab16ea36>@@V<lambda_e25ca0880e6ef98be67edffd8c599615>@@@?$__crt_seh_guarded_call@X@@QAEX$$QAV<lambda_e5124f882df8998aaf41531e079ba474>@@AAV<lambda_3e16ef9562a7dcce91392c22ab16ea36>@@$$QAV<lambda_e25ca0880e6ef98be67edffd8c599615>@@@Z 10026c50     libucrt:wsetlocale.obj
 0002:00007c70       __sehtable$___acrt_initialize_lowio 10026c70     libucrt:ioinit.obj
 0002:00007c90       __sehtable$?update_thread_multibyte_data_internal@@YAPAU__crt_multibyte_data@@QAU__acrt_ptd@@QAU1@@Z 10026c90     libucrt:mbctype.obj
 0002:00007cb0       __sehtable$??$?RV<lambda_ceb1ee4838e85a9d631eb091e2fbe199>@@AAV<lambda_ae742caa10f662c28703da3d2ea5e57e>@@V<lambda_cd08b5d6af4937fe54fc07d0c9bf6b37>@@@?$__crt_seh_guarded_call@X@@QAEX$$QAV<lambda_ceb1ee4838e85a9d631eb091e2fbe199>@@AAV<lambda_ae742caa10f662c28703da3d2ea5e57e>@@$$QAV<lambda_cd08b5d6af4937fe54fc07d0c9bf6b37>@@@Z 10026cb0     libucrt:mbctype.obj
 0002:00007cd0       __sehtable$_raise          10026cd0     libucrt:signal.obj
 0002:00007cf0       __sehtable$??$?RV<lambda_cbab9ec6f41b0180b23cc171c22676b0>@@AAV<lambda_44731a7d0e6d81c3e6aa82d741081786>@@V<lambda_4b292cb8dd18144e164572427af410ab>@@@?$__crt_seh_guarded_call@P6AXH@Z@@QAEP6AXH@Z$$QAV<lambda_cbab9ec6f41b0180b23cc171c22676b0>@@AAV<lambda_44731a7d0e6d81c3e6aa82d741081786>@@$$QAV<lambda_4b292cb8dd18144e164572427af410ab>@@@Z 10026cf0     libucrt:signal.obj
 0002:00007d10       __sehtable$___acrt_update_thread_locale_data 10026d10     libucrt:locale_refcounting.obj
 0002:00007d30       __sehtable$__fcloseall     10026d30     libucrt:closeall.obj
 0002:00007d50       __sehtable$??$?RV<lambda_2866be3712abc81a800a822484c830d8>@@AAV<lambda_39ca0ed439415581b5b15c265174cece>@@V<lambda_2b24c74d71094a6cd0cb82e44167d71b>@@@?$__crt_seh_guarded_call@X@@QAEX$$QAV<lambda_2866be3712abc81a800a822484c830d8>@@AAV<lambda_39ca0ed439415581b5b15c265174cece>@@$$QAV<lambda_2b24c74d71094a6cd0cb82e44167d71b>@@@Z 10026d50     libucrt:fflush.obj
 0002:00007d70       __sehtable$??$?RV<lambda_2cc53f568c5a2bb6f192f930a45d44ea>@@AAV<lambda_ab61a845afdef5b7c387490eaf3616ee>@@V<lambda_c2ffc0b7726aa6be21d5f0026187e748>@@@?$__crt_seh_guarded_call@X@@QAEX$$QAV<lambda_2cc53f568c5a2bb6f192f930a45d44ea>@@AAV<lambda_ab61a845afdef5b7c387490eaf3616ee>@@$$QAV<lambda_c2ffc0b7726aa6be21d5f0026187e748>@@@Z 10026d70     libucrt:fflush.obj
 0002:00007d90       __sehtable$___acrt_lowio_ensure_fh_exists 10026d90     libucrt:osfinfo.obj
 0002:00007db0       __sehtable$__write         10026db0     libucrt:write.obj
 0002:00007dd0       __sehtable$_fclose         10026dd0     libucrt:fclose.obj
 0002:00007df0       __sehtable$??$?RV<lambda_9e9de3de5fa147e2223d7db92bc10aa6>@@AAV<lambda_38ce7e780aa69e748d6df282ebc68efe>@@V<lambda_8ca6da459f0f6780f1cff60fdc3d00e5>@@@?$__crt_seh_guarded_call@H@@QAEH$$QAV<lambda_9e9de3de5fa147e2223d7db92bc10aa6>@@AAV<lambda_38ce7e780aa69e748d6df282ebc68efe>@@$$QAV<lambda_8ca6da459f0f6780f1cff60fdc3d00e5>@@@Z 10026df0     libucrt:commit.obj
 0002:00007e10       __sehtable$??$?RV<lambda_218ce3db14220d0be481dae8ef3383b6>@@AAV<lambda_628dfdc04ba53c8bfc02c9951375f3f5>@@V<lambda_57dc472bd5c9d5f3b2cbca59b8a843ae>@@@?$__crt_seh_guarded_call@H@@QAEH$$QAV<lambda_218ce3db14220d0be481dae8ef3383b6>@@AAV<lambda_628dfdc04ba53c8bfc02c9951375f3f5>@@$$QAV<lambda_57dc472bd5c9d5f3b2cbca59b8a843ae>@@@Z 10026e10     libucrt:close.obj
 0002:00007e30       __sehtable$__IsNonwritableInCurrentImage 10026e30     LIBCMT:pesect.obj
 0002:00007e60       .edata                     10026e60     OPOSCAT.exp
 0002:00007e88       rgpv                       10026e88     OPOSCAT.exp
 0002:00007e98       rgszName                   10026e98     OPOSCAT.exp
 0002:00007ea8       rgwOrd                     10026ea8     OPOSCAT.exp
 0002:00007eb0       szName                     10026eb0     OPOSCAT.exp
 0002:00007ebc       $N00001                    10026ebc     OPOSCAT.exp
 0002:00007ecc       $N00002                    10026ecc     OPOSCAT.exp
 0002:00007ede       $N00003                    10026ede     OPOSCAT.exp
 0002:00007ef0       $N00004                    10026ef0     OPOSCAT.exp
 0002:00008508       .idata$6                   10027508     kernel32:KERNEL32.dll
 0002:0000871c       .idata$6                   1002771c     user32:USER32.dll
 0002:00008850       .idata$6                   10027850     gdi32:GDI32.dll
 0002:000088f6       .idata$6                   100278f6     advapi32:ADVAPI32.dll
 0002:00008a12       .idata$6                   10027a12     ole32:ole32.dll
 0002:00008a1c       .idata$6                   10027a1c     oleaut32:OLEAUT32.dll
 0003:00000110       ?ObjectMap@@3PAU_ATL_OBJMAP_ENTRY30@ATL@@A 10028110     CAT.obj
 0003:000001a8       ?s_SOMethodNames@@3PAPADA  100281a8     CATImpl.obj
 0003:00000224       ?s_RequiredMethodsPerRelease@@3PAHA 10028224     CATImpl.obj
 0003:00000260       ?__vcrt_flsindex@@3KA      10028260     libvcruntime:per_thread_data.obj
 0003:00000280       ?errno_no_memory@@3HA      10028280     libucrt:errno.obj
 0003:00000284       ?doserrno_no_memory@@3KA   10028284     libucrt:errno.obj
 0003:00000290       ?__acrt_flsindex@@3KA      10028290     libucrt:per_thread_data.obj
 0003:00000408       __mbctypes                 10028408     libucrt:mbctype.obj
 0003:00000510       __mbcasemaps               10028510     libucrt:mbctype.obj
 0003:00000610       ?__rgctypeflag@@3PADA      10028610     libucrt:mbctype.obj
 0003:00000618       ?__rgcode_page_info@@3PAUcode_page_info@@A 10028618     libucrt:mbctype.obj
 0003:00000b20       ?is_initialized_as_dll@@3_NA 10028b20     LIBCMT:utility.obj
 0003:00000b21       ?module_local_atexit_table_initialized@@3_NA 10028b21     LIBCMT:utility.obj
 0003:00000b24       ?module_local_atexit_table@@3U_onexit_table_t@@A 10028b24     LIBCMT:utility.obj
 0003:00000b30       ?module_local_at_quick_exit_table@@3U_onexit_table_t@@A 10028b30     LIBCMT:utility.obj
 0003:00000b3c       ?_Tss_mutex@@3U_RTL_CRITICAL_SECTION@@A 10028b3c     LIBCMT:thread_safe_statics.obj
 0003:00000b54       ?_Tss_cv@@3U_RTL_CONDITION_VARIABLE@@A 10028b54     LIBCMT:thread_safe_statics.obj
 0003:00000b58       ?_Tss_event@@3PAXA         10028b58     LIBCMT:thread_safe_statics.obj
 0003:00000b5c       ?encoded_sleep_condition_variable_cs@@3P6GHPAU_RTL_CONDITION_VARIABLE@@PAU_RTL_CRITICAL_SECTION@@K@ZA 10028b5c     LIBCMT:thread_safe_statics.obj
 0003:00000b60       ?encoded_wake_all_condition_variable@@3P6GXPAU_RTL_CONDITION_VARIABLE@@@ZA 10028b60     LIBCMT:thread_safe_statics.obj
 0003:00000b68       _GS_ExceptionRecord        10028b68     LIBCMT:gs_report.obj
 0003:00000bb8       _GS_ContextRecord          10028bb8     LIBCMT:gs_report.obj
 0003:00000e88       ?__proc_attached@@3HA      10028e88     LIBCMT:dll_dllmain.obj
 0003:00000ee4       ?AllocateData@@3P6GPAUAtlThunkData_t@@XZA 10028ee4     atls:atlthunk.obj
 0003:00000ee8       ?InitData@@3P6GXPAUAtlThunkData_t@@PAXI@ZA 10028ee8     atls:atlthunk.obj
 0003:00000eec       ?DataToCode@@3P6GP6GJPAUHWND__@@IIJ@ZPAUAtlThunkData_t@@@ZA 10028eec     atls:atlthunk.obj
 0003:00000ef0       ?FreeData@@3P6GXPAUAtlThunkData_t@@@ZA 10028ef0     atls:atlthunk.obj
 0003:00000ef4       ?Initialized@@3_NA         10028ef4     atls:atlthunk.obj
 0003:00000f00       ?__vcrt_startup_thread_ptd@@3U__vcrt_ptd@@A 10028f00     libvcruntime:per_thread_data.obj
 0003:00000f28       ___vcrt_lock_table         10028f28     libvcruntime:locks.obj
 0003:00000f40       ___vcrt_locks_initialized  10028f40     libvcruntime:locks.obj
 0003:00000f44       ?module_handles@@3PAPAUHINSTANCE__@@A 10028f44     libvcruntime:winapi_downlevel.obj
 0003:00000f50       ?encoded_function_pointers@@3PAPAXA 10028f50     libvcruntime:winapi_downlevel.obj
 0003:00000f8c       ?heap@@3V_HeapManager@@A   10028f8c     libvcruntime:undname.obj
 0003:00000fa4       ?__acrt_invalid_parameter_handler@@3V?$dual_state_global@P6AXPB_W00II@Z@__crt_state_management@@A 10028fa4     libucrt:invalid_parameter.obj
 0003:00000fa8       ?c_termination_complete@@3JA 10028fa8     libucrt:exit.obj
 0003:00000fac       ?thread_local_exit_callback_func@@3P6GXPAXK0@ZA 10028fac     libucrt:exit.obj
 0003:00000fb8       ?program_name@?1???$common_configure_argv@D@@YAHW4_crt_argv_mode@@@Z@4PADA 10028fb8     libucrt:argv_parsing.obj
 0003:000010e8       ?__acrt_new_handler@@3V?$dual_state_global@P6AHI@Z@__crt_state_management@@A 100290e8     libucrt:new_handler.obj
 0003:000010f0       ?module_handles@@3PAPAUHINSTANCE__@@A 100290f0     libucrt:winapi_thunks.obj
 0003:00001140       ?encoded_function_pointers@@3PAPAXA 10029140     libucrt:winapi_thunks.obj
 0003:000011d0       ?enable_percent_n@@3IA     100291d0     libucrt:printf_count_output.obj
 0003:000013f0       ?__acrt_lock_table@@3PAU_RTL_CRITICAL_SECTION@@A 100293f0     libucrt:locks.obj
 0003:00001540       ?__acrt_locks_initialized@@3IA 10029540     libucrt:locks.obj
 0003:00001550       ?fSystemSet@@3HA           10029550     libucrt:mbctype.obj
 0003:00001554       ?initialized@?1??__acrt_initialize_multibyte@@9@4_NA 10029554     libucrt:mbctype.obj
 0003:00001574       ?ctrlc_action@@3V?$dual_state_global@P6AXH@Z@__crt_state_management@@A 10029574     libucrt:signal.obj
 0003:00001578       ?ctrlbreak_action@@3V?$dual_state_global@P6AXH@Z@__crt_state_management@@A 10029578     libucrt:signal.obj
 0003:0000157c       ?abort_action@@3V?$dual_state_global@P6AXH@Z@__crt_state_management@@A 1002957c     libucrt:signal.obj
 0003:00001580       ?term_action@@3V?$dual_state_global@P6AXH@Z@__crt_state_management@@A 10029580     libucrt:signal.obj
 0003:00001584       ?user_matherr@@3V?$dual_state_global@P6AHPAU_exception@@@Z@__crt_state_management@@A 10029584     libucrt:matherr.obj
 0003:00001588       ?__acrt_global_new_mode@@3V?$dual_state_global@J@__crt_state_management@@A 10029588     libucrt:new_mode.obj
 0003:00001594       ?__acrt_app_type@@3W4_crt_app_type@@A 10029594     libucrt:report_runtime_error.obj
 0003:0000159c       __pmatherr_set             1002959c     libucrt:libm_error.obj
 0004:00000220       $R000000                   1002a220     CAT.res
 0004:00000b68       $R000948                   1002ab68     CAT.res
 0004:00000c50       $R000A30                   1002ac50     CAT.res
 0004:00000eb8       $R000C98                   1002aeb8     CAT.res
 0004:000013a8       $R001188                   1002b3a8     CAT.res
 0004:000051d0       $R004FB0                   1002f1d0     CAT.res
 0004:000051f8       $R004FD8                   1002f1f8     CAT.res
