 OPOSBiometrics

 Timestamp is 61a75b86 (Wed Dec  1 20:24:54 2021)

 Preferred load address is 10000000

 Start         Length     Name                   Class
 0001:00000000 00000080H .text$di                CODE
 0001:00000080 0001f2e8H .text$mn                CODE
 0001:0001f368 000000d8H .text$x                 CODE
 0001:0001f440 00000042H .text$yd                CODE
 0002:00000000 00000300H .idata$5                DATA
 0002:00000300 00000008H .00cfg                  DATA
 0002:00000308 00000004H .CRT$XCA                DATA
 0002:0000030c 00000004H .CRT$XCL                DATA
 0002:00000310 00000010H .CRT$XCU                DATA
 0002:00000320 00000004H .CRT$XCZ                DATA
 0002:00000324 00000004H .CRT$XIA                DATA
 0002:00000328 00000010H .CRT$XIC                DATA
 0002:00000338 00000004H .CRT$XIZ                DATA
 0002:0000033c 00000004H .CRT$XLA                DATA
 0002:00000340 00000004H .CRT$XLZ                DATA
 0002:00000344 00000004H .CRT$XPA                DATA
 0002:00000348 00000008H .CRT$XPX                DATA
 0002:00000350 00000004H .CRT$XPXA               DATA
 0002:00000354 00000004H .CRT$XPZ                DATA
 0002:00000358 00000004H .CRT$XTA                DATA
 0002:0000035c 00000004H .CRT$XTZ                DATA
 0002:00000360 00000000H .gfids$y                DATA
 0002:00000360 00006ea0H .rdata                  DATA
 0002:00007200 00000000H .rdata$CastGuardVftablesA DATA
 0002:00007200 00000000H .rdata$CastGuardVftablesC DATA
 0002:00007200 00000018H .rdata$T                DATA
 0002:00007218 00000178H .rdata$r                DATA
 0002:00007390 0000002cH .rdata$sxdata           DATA
 0002:000073bc 00000030H .rdata$voltmd           DATA
 0002:000073ec 0000040cH .rdata$zzzdbg           DATA
 0002:000077f8 00000004H .rtc$IAA                DATA
 0002:000077fc 00000004H .rtc$IZZ                DATA
 0002:00007800 00000004H .rtc$TAA                DATA
 0002:00007804 00000004H .rtc$TZZ                DATA
 0002:00007808 00000004H .tls                    DATA
 0002:0000780c 00000004H .tls$                   DATA
 0002:00007810 00000008H .tls$ZZZ                DATA
 0002:00007818 000006dcH .xdata$x                DATA
 0002:00007ef4 00000004H ATL$__a                 DATA
 0002:00007ef8 00000008H ATL$__z                 DATA
 0002:00007f00 000000acH .edata                  DATA
 0002:00007fac 00000078H .idata$2                DATA
 0002:00008024 00000014H .idata$3                DATA
 0002:00008038 00000300H .idata$4                DATA
 0002:00008338 00000bceH .idata$6                DATA
 0003:00000000 00000ab0H .data                   DATA
 0003:00000ab0 00000080H .data$r                 DATA
 0003:00000b30 00000018H .data$rs                DATA
 0003:00000b48 00000b80H .bss                    DATA
 0004:00000000 00000220H .rsrc$01                DATA
 0004:00000220 000048a0H .rsrc$02                DATA

  Address         Publics by Value              Rva+Base       Lib:Object

 0000:00000000       ___arm64x_native_entrypoint 00000000     <absolute>
 0000:00000000       ___guard_longjmp_table     00000000     <absolute>
 0000:00000000       ___arm64x_extra_rfe_table  00000000     <absolute>
 0000:00000000       ___guard_iat_count         00000000     <absolute>
 0000:00000000       ___arm64x_redirection_metadata 00000000     <absolute>
 0000:00000000       ___guard_fids_count        00000000     <absolute>
 0000:00000000       ___guard_eh_cont_count     00000000     <absolute>
 0000:00000000       __except_list              00000000     <absolute>
 0000:00000000       ___x64_code_ranges_to_entry_points_count 00000000     <absolute>
 0000:00000000       ___hybrid_code_map_count   00000000     <absolute>
 0000:00000000       ___x64_code_ranges_to_entry_points 00000000     <absolute>
 0000:00000000       ___guard_iat_table         00000000     <absolute>
 0000:00000000       ___guard_eh_cont_table     00000000     <absolute>
 0000:00000000       ___hybrid_code_map         00000000     <absolute>
 0000:00000000       ___arm64x_extra_rfe_table_size 00000000     <absolute>
 0000:00000000       ___guard_longjmp_count     00000000     <absolute>
 0000:00000000       ___guard_check_icall_a64n_fptr 00000000     <absolute>
 0000:00000000       ___arm64x_redirection_metadata_count 00000000     <absolute>
 0000:00000000       ___hybrid_auxiliary_iat    00000000     <absolute>
 0000:00000000       ___dynamic_value_reloc_table 00000000     <absolute>
 0000:00000000       ___AbsoluteZero            00000000     <absolute>
 0000:00000000       ___enclave_config          00000000     <absolute>
 0000:00000000       ___guard_fids_table        00000000     <absolute>
 0000:00000000       ___hybrid_auxiliary_iat_copy 00000000     <absolute>
 0000:0000000b       ___safe_se_handler_count   0000000b     <absolute>
 0000:0000002c       __tls_array                0000002c     <absolute>
 0000:00000100       ___guard_flags             00000100     <absolute>
 0000:00000000       ___ImageBase               10000000     <linker-defined>
 0001:00000080       ?DupWide@_CW@@AAEXXZ       10001080 f   CWString.obj
 0001:0000009c       ?cw_dup@@YGXPBDAAHAAPA_W1@Z 1000109c f   CWString.obj
 0001:00000124       ?cw_memcpy@@YGHPA_WPBDH@Z  10001124 f   CWString.obj
 0001:00000150       ?cw_strcpy@@YAHPA_WPBD@Z   10001150 f   CWString.obj
 0001:00000163       ?cw_strlen@@YAHPBD@Z       10001163 f   CWString.obj
 0001:0000017c       ??0CAtlComModule@ATL@@QAE@XZ 1000117c f i OposVariant.obj
 0001:000001c1       ??0CAtlWinModule@ATL@@QAE@XZ 100011c1 f i OposVariant.obj
 0001:000001f8       ??0OposDispParms@@QAE@PAVOposVariant@@H@Z 100011f8 f   OposVariant.obj
 0001:00000269       ??1OposDispParms@@QAE@XZ   10001269 f   OposVariant.obj
 0001:00000277       ??A?$CSimpleArray@GV?$CSimpleArrayEqualHelper@G@ATL@@@ATL@@QAEAAGH@Z 10001277 f i OposVariant.obj
 0001:0000029c       ??_Estringdispid@CComTypeInfoHolder@ATL@@QAEPAXI@Z 1000129c f i OposVariant.obj
 0001:00000308       ?AtlWinModuleInit@ATL@@YGJPAU_ATL_WIN_MODULE70@1@@Z 10001308 f i OposVariant.obj
 0001:0000032e       ?AtlWinModuleTerm@ATL@@YGJPAU_ATL_WIN_MODULE70@1@PAUHINSTANCE__@@@Z 1000132e f i OposVariant.obj
 0001:00000391       ?ChangeBSTR@OposVariant@@QAEXPAPA_WAAJ@Z 10001391 f   OposVariant.obj
 0001:000003d2       ?ChangeLONG@OposVariant@@QAEXPAJAAJ@Z 100013d2 f   OposVariant.obj
 0001:00000413       ?GetLONG@OposVariant@@QAEJXZ 10001413 f   OposVariant.obj
 0001:0000042e       ?Init@CComCriticalSection@ATL@@QAEJXZ 1000142e f i OposVariant.obj
 0001:00000456       ?RemoveAll@?$CSimpleArray@GV?$CSimpleArrayEqualHelper@G@ATL@@@ATL@@QAEXXZ 10001456 f i OposVariant.obj
 0001:00000456       ?RemoveAll@?$CSimpleArray@PAUHINSTANCE__@@V?$CSimpleArrayEqualHelper@PAUHINSTANCE__@@@ATL@@@ATL@@QAEXXZ 10001456 f i atls:atlbase.obj
 0001:00000473       ?SetBSTR@OposVariant@@QAEXPA_WAAJ@Z 10001473 f   OposVariant.obj
 0001:000004a7       ?SetBSTR_Copy@OposVariant@@QAEXPA_WAAJ@Z 100014a7 f   OposVariant.obj
 0001:000004f7       ?SetBSTR_InOutPtr@OposVariant@@QAE_NPAPA_WAAJ@Z 100014f7 f   OposVariant.obj
 0001:0000052e       ?SetDispatch_Ptr@OposVariant@@QAEXPAUIDispatch@@AAJ@Z 1000152e f   OposVariant.obj
 0001:00000569       ?SetLONG@OposVariant@@QAEXJ@Z 10001569 f   OposVariant.obj
 0001:0000058b       ?SetLONG_Ptr@OposVariant@@QAEXPAJAAJ@Z 1000158b f   OposVariant.obj
 0001:000005be       ?SetString@OposVariant@@QAEXPB_WAAJ@Z 100015be f   OposVariant.obj
 0001:00000604       ?SetVARIANT@OposVariant@@QAEXAAUtagVARIANT@@GAAJ@Z 10001604 f   OposVariant.obj
 0001:0000064b       ?SetVARIANT_BOOL@OposVariant@@QAEXF@Z 1000164b f   OposVariant.obj
 0001:00000675       ?SetVARIANT_BOOL_Ptr@OposVariant@@QAEXPAFAAJ@Z 10001675 f   OposVariant.obj
 0001:000006a8       ?SetVARIANT_Ptr@OposVariant@@QAEXAAPAUtagVARIANT@@GAAJ@Z 100016a8 f   OposVariant.obj
 0001:000006f6       ?Term@CAtlComModule@ATL@@QAEXXZ 100016f6 f i OposVariant.obj
 0001:00000740       ?_AtlRaiseException@ATL@@YAXKK@Z 10001740 f i OposVariant.obj
 0001:00000755       ?OnDrawAdvanced@CComControlBase@ATL@@UAEJAAUATL_DRAWINFO@@@Z 10001755 f i Biometrics.obj
 0001:00000848       ?Next@?$CComEnumImpl@UIEnumConnections@@$1?_GUID_b196b287_bab4_101a_b69c_00aa00341d07@@3U__s_GUID@@BUtagCONNECTDATA@@V?$_Copy@UtagCONNECTDATA@@@ATL@@@ATL@@UAGJKPAUtagCONNECTDATA@@PAK@Z 10001848 f i Biometrics.obj
 0001:00000917       ?Skip@?$CComEnumImpl@UIEnumConnections@@$1?_GUID_b196b287_bab4_101a_b69c_00aa00341d07@@3U__s_GUID@@BUtagCONNECTDATA@@V?$_Copy@UtagCONNECTDATA@@@ATL@@@ATL@@UAGJK@Z 10001917 f i Biometrics.obj
 0001:00000944       ?Reset@?$CComEnumImpl@UIEnumConnections@@$1?_GUID_b196b287_bab4_101a_b69c_00aa00341d07@@3U__s_GUID@@BUtagCONNECTDATA@@V?$_Copy@UtagCONNECTDATA@@@ATL@@@ATL@@UAGJXZ 10001944 f i Biometrics.obj
 0001:00000944       ?Reset@?$CComEnumImpl@UIEnumConnectionPoints@@$1?_GUID_b196b285_bab4_101a_b69c_00aa00341d07@@3U__s_GUID@@BPAUIConnectionPoint@@V?$_CopyInterface@UIConnectionPoint@@@ATL@@@ATL@@UAGJXZ 10001944 f i Biometrics.obj
 0001:00000956       ?Clone@?$CComEnumImpl@UIEnumConnections@@$1?_GUID_b196b287_bab4_101a_b69c_00aa00341d07@@3U__s_GUID@@BUtagCONNECTDATA@@V?$_Copy@UtagCONNECTDATA@@@ATL@@@ATL@@UAGJPAPAUIEnumConnections@@@Z 10001956 f i Biometrics.obj
 0001:00000a37       ?AddRef@?$CComObject@V?$CComEnum@UIEnumConnections@@$1?_GUID_b196b287_bab4_101a_b69c_00aa00341d07@@3U__s_GUID@@BUtagCONNECTDATA@@V?$_Copy@UtagCONNECTDATA@@@ATL@@VCComSingleThreadModel@6@@ATL@@@ATL@@UAGKXZ 10001a37 f i Biometrics.obj
 0001:00000a37       ?AddRef@?$CComObject@V?$CComEnum@UIEnumConnectionPoints@@$1?_GUID_b196b285_bab4_101a_b69c_00aa00341d07@@3U__s_GUID@@BPAUIConnectionPoint@@V?$_CopyInterface@UIConnectionPoint@@@ATL@@VCComSingleThreadModel@6@@ATL@@@ATL@@UAGKXZ 10001a37 f i Biometrics.obj
 0001:00000a48       ?Release@?$CComObject@V?$CComEnum@UIEnumConnectionPoints@@$1?_GUID_b196b285_bab4_101a_b69c_00aa00341d07@@3U__s_GUID@@BPAUIConnectionPoint@@V?$_CopyInterface@UIConnectionPoint@@@ATL@@VCComSingleThreadModel@6@@ATL@@@ATL@@UAGKXZ 10001a48 f i Biometrics.obj
 0001:00000a48       ?Release@?$CComObject@V?$CComEnum@UIEnumConnections@@$1?_GUID_b196b287_bab4_101a_b69c_00aa00341d07@@3U__s_GUID@@BUtagCONNECTDATA@@V?$_Copy@UtagCONNECTDATA@@@ATL@@VCComSingleThreadModel@6@@ATL@@@ATL@@UAGKXZ 10001a48 f i Biometrics.obj
 0001:00000a84       ?QueryInterface@?$CComObject@V?$CComEnum@UIEnumConnections@@$1?_GUID_b196b287_bab4_101a_b69c_00aa00341d07@@3U__s_GUID@@BUtagCONNECTDATA@@V?$_Copy@UtagCONNECTDATA@@@ATL@@VCComSingleThreadModel@6@@ATL@@@ATL@@UAGJABU_GUID@@PAPAX@Z 10001a84 f i Biometrics.obj
 0001:00000a9e       ?OnFinalMessage@?$CWindowImplBaseT@VCWindow@ATL@@V?$CWinTraits@$0FGAAAAAA@$0A@@2@@ATL@@UAEXPAUHWND__@@@Z 10001a9e f i Biometrics.obj
 0001:00000a9e       ?ObjectMain@CComObjectRootBase@ATL@@SGX_N@Z 10001a9e f i Biometrics.obj
 0001:00000aa1       ?GetCategoryMap@CComObjectRootBase@ATL@@SAPBU_ATL_CATMAP_ENTRY@2@XZ 10001aa1 f i Biometrics.obj
 0001:00000aa1       ?GetObjectDescription@?$CComCoClass@VCOPOSBiometrics@@$1?CLSID_OPOSBiometrics@@3U_GUID@@B@ATL@@SGPB_WXZ 10001aa1 f i Biometrics.obj
 0001:00000aa4       ??_E?$CComObject@V?$CComEnum@UIEnumConnections@@$1?_GUID_b196b287_bab4_101a_b69c_00aa00341d07@@3U__s_GUID@@BUtagCONNECTDATA@@V?$_Copy@UtagCONNECTDATA@@@ATL@@VCComSingleThreadModel@6@@ATL@@@ATL@@UAEPAXI@Z 10001aa4 f i Biometrics.obj
 0001:00000aa4       ??_G?$CComObject@V?$CComEnum@UIEnumConnections@@$1?_GUID_b196b287_bab4_101a_b69c_00aa00341d07@@3U__s_GUID@@BUtagCONNECTDATA@@V?$_Copy@UtagCONNECTDATA@@@ATL@@VCComSingleThreadModel@6@@ATL@@@ATL@@UAEPAXI@Z 10001aa4 f i Biometrics.obj
 0001:00000ac6       ?CreateInstance@CComClassFactory@ATL@@UAGJPAUIUnknown@@ABU_GUID@@PAPAX@Z 10001ac6 f i Biometrics.obj
 0001:00000b04       ?LockServer@CComClassFactory@ATL@@UAGJH@Z 10001b04 f i Biometrics.obj
 0001:00000b23       ??_ECComClassFactory@ATL@@UAEPAXI@Z 10001b23 f i Biometrics.obj
 0001:00000b23       ??_GCComClassFactory@ATL@@UAEPAXI@Z 10001b23 f i Biometrics.obj
 0001:00000b4e       ??_E?$CComObject@VCOPOSBiometrics@@@ATL@@W3AEPAXI@Z 10001b4e f i Biometrics.obj
 0001:00000b56       ??_E?$CComObject@VCOPOSBiometrics@@@ATL@@WEM@AEPAXI@Z 10001b56 f i Biometrics.obj
 0001:00000b5e       ?QueryInterface@?$CComObject@VCOPOSBiometrics@@@ATL@@WHA@AGJABU_GUID@@PAPAX@Z 10001b5e f i Biometrics.obj
 0001:00000b68       ?AddRef@?$CComObject@VCOPOSBiometrics@@@ATL@@WHA@AGKXZ 10001b68 f i Biometrics.obj
 0001:00000b72       ?Release@?$CComObject@VCOPOSBiometrics@@@ATL@@WHA@AGKXZ 10001b72 f i Biometrics.obj
 0001:00000b7c       ?QueryInterface@?$CComObject@VCOPOSBiometrics@@@ATL@@WHE@AGJABU_GUID@@PAPAX@Z 10001b7c f i Biometrics.obj
 0001:00000b86       ?AddRef@?$CComObject@VCOPOSBiometrics@@@ATL@@WHE@AGKXZ 10001b86 f i Biometrics.obj
 0001:00000b90       ?Release@?$CComObject@VCOPOSBiometrics@@@ATL@@WHE@AGKXZ 10001b90 f i Biometrics.obj
 0001:00000b9a       ?QueryInterface@?$CComObject@VCOPOSBiometrics@@@ATL@@WHI@AGJABU_GUID@@PAPAX@Z 10001b9a f i Biometrics.obj
 0001:00000ba4       ?AddRef@?$CComObject@VCOPOSBiometrics@@@ATL@@WHI@AGKXZ 10001ba4 f i Biometrics.obj
 0001:00000bae       ?Release@?$CComObject@VCOPOSBiometrics@@@ATL@@WHI@AGKXZ 10001bae f i Biometrics.obj
 0001:00000bb8       ?QueryInterface@?$CComObject@VCOPOSBiometrics@@@ATL@@WHM@AGJABU_GUID@@PAPAX@Z 10001bb8 f i Biometrics.obj
 0001:00000bc2       ?AddRef@?$CComObject@VCOPOSBiometrics@@@ATL@@WHM@AGKXZ 10001bc2 f i Biometrics.obj
 0001:00000bcc       ?Release@?$CComObject@VCOPOSBiometrics@@@ATL@@WHM@AGKXZ 10001bcc f i Biometrics.obj
 0001:00000bd6       ?QueryInterface@?$CComObject@VCOPOSBiometrics@@@ATL@@WIA@AGJABU_GUID@@PAPAX@Z 10001bd6 f i Biometrics.obj
 0001:00000be3       ?AddRef@?$CComObject@VCOPOSBiometrics@@@ATL@@WIA@AGKXZ 10001be3 f i Biometrics.obj
 0001:00000bf0       ?Release@?$CComObject@VCOPOSBiometrics@@@ATL@@WIA@AGKXZ 10001bf0 f i Biometrics.obj
 0001:00000bfd       ?QueryInterface@?$CComObject@VCOPOSBiometrics@@@ATL@@WIE@AGJABU_GUID@@PAPAX@Z 10001bfd f i Biometrics.obj
 0001:00000c0a       ?AddRef@?$CComObject@VCOPOSBiometrics@@@ATL@@WIE@AGKXZ 10001c0a f i Biometrics.obj
 0001:00000c17       ?Release@?$CComObject@VCOPOSBiometrics@@@ATL@@WIE@AGKXZ 10001c17 f i Biometrics.obj
 0001:00000c24       ?QueryInterface@?$CComObject@VCOPOSBiometrics@@@ATL@@WII@AGJABU_GUID@@PAPAX@Z 10001c24 f i Biometrics.obj
 0001:00000c31       ?AddRef@?$CComObject@VCOPOSBiometrics@@@ATL@@WII@AGKXZ 10001c31 f i Biometrics.obj
 0001:00000c3e       ?Release@?$CComObject@VCOPOSBiometrics@@@ATL@@WII@AGKXZ 10001c3e f i Biometrics.obj
 0001:00000c4b       ?QueryInterface@?$CComObject@VCOPOSBiometrics@@@ATL@@WIM@AGJABU_GUID@@PAPAX@Z 10001c4b f i Biometrics.obj
 0001:00000c58       ?AddRef@?$CComObject@VCOPOSBiometrics@@@ATL@@WIM@AGKXZ 10001c58 f i Biometrics.obj
 0001:00000c65       ?Release@?$CComObject@VCOPOSBiometrics@@@ATL@@WIM@AGKXZ 10001c65 f i Biometrics.obj
 0001:00000c72       ?QueryInterface@?$CComObject@VCOPOSBiometrics@@@ATL@@WJA@AGJABU_GUID@@PAPAX@Z 10001c72 f i Biometrics.obj
 0001:00000c7f       ?AddRef@?$CComObject@VCOPOSBiometrics@@@ATL@@WJA@AGKXZ 10001c7f f i Biometrics.obj
 0001:00000c8c       ?Release@?$CComObject@VCOPOSBiometrics@@@ATL@@WJA@AGKXZ 10001c8c f i Biometrics.obj
 0001:00000c99       ?QueryInterface@?$CComObject@VCOPOSBiometrics@@@ATL@@WJE@AGJABU_GUID@@PAPAX@Z 10001c99 f i Biometrics.obj
 0001:00000ca6       ?AddRef@?$CComObject@VCOPOSBiometrics@@@ATL@@WJE@AGKXZ 10001ca6 f i Biometrics.obj
 0001:00000cb3       ?Release@?$CComObject@VCOPOSBiometrics@@@ATL@@WJE@AGKXZ 10001cb3 f i Biometrics.obj
 0001:00000cc0       ?QueryInterface@?$CComObject@VCOPOSBiometrics@@@ATL@@WJI@AGJABU_GUID@@PAPAX@Z 10001cc0 f i Biometrics.obj
 0001:00000ccd       ?AddRef@?$CComObject@VCOPOSBiometrics@@@ATL@@WJI@AGKXZ 10001ccd f i Biometrics.obj
 0001:00000cda       ?Release@?$CComObject@VCOPOSBiometrics@@@ATL@@WJI@AGKXZ 10001cda f i Biometrics.obj
 0001:00000ce7       ?QueryInterface@?$CComObject@VCOPOSBiometrics@@@ATL@@WJM@AGJABU_GUID@@PAPAX@Z 10001ce7 f i Biometrics.obj
 0001:00000cf4       ?AddRef@?$CComObject@VCOPOSBiometrics@@@ATL@@WJM@AGKXZ 10001cf4 f i Biometrics.obj
 0001:00000d01       ?Release@?$CComObject@VCOPOSBiometrics@@@ATL@@WJM@AGKXZ 10001d01 f i Biometrics.obj
 0001:00000d0e       ?QueryInterface@?$CComObject@VCOPOSBiometrics@@@ATL@@WKA@AGJABU_GUID@@PAPAX@Z 10001d0e f i Biometrics.obj
 0001:00000d1b       ?AddRef@?$CComObject@VCOPOSBiometrics@@@ATL@@WKA@AGKXZ 10001d1b f i Biometrics.obj
 0001:00000d28       ?Release@?$CComObject@VCOPOSBiometrics@@@ATL@@WKA@AGKXZ 10001d28 f i Biometrics.obj
 0001:00000d35       ?AddRef@?$CComObject@VCOPOSBiometrics@@@ATL@@WKI@AGKXZ 10001d35 f i Biometrics.obj
 0001:00000d42       ?Release@?$CComObject@VCOPOSBiometrics@@@ATL@@WKI@AGKXZ 10001d42 f i Biometrics.obj
 0001:00000d4f       ?AddRef@?$CComObject@VCOPOSBiometrics@@@ATL@@WLE@AGKXZ 10001d4f f i Biometrics.obj
 0001:00000d5c       ?Release@?$CComObject@VCOPOSBiometrics@@@ATL@@WLE@AGKXZ 10001d5c f i Biometrics.obj
 0001:00000d69       ??_E?$CComContainedObject@VCOPOSBiometrics@@@ATL@@W3AEPAXI@Z 10001d69 f i Biometrics.obj
 0001:00000d71       ??_E?$CComContainedObject@VCOPOSBiometrics@@@ATL@@WEM@AEPAXI@Z 10001d71 f i Biometrics.obj
 0001:00000d79       ?QueryInterface@?$CComContainedObject@VCOPOSBiometrics@@@ATL@@WHA@AGJABU_GUID@@PAPAX@Z 10001d79 f i Biometrics.obj
 0001:00000d83       ?AddRef@?$CComContainedObject@VCOPOSBiometrics@@@ATL@@WHA@AGKXZ 10001d83 f i Biometrics.obj
 0001:00000d8d       ?Release@?$CComContainedObject@VCOPOSBiometrics@@@ATL@@WHA@AGKXZ 10001d8d f i Biometrics.obj
 0001:00000d97       ?QueryInterface@?$CComContainedObject@VCOPOSBiometrics@@@ATL@@WHE@AGJABU_GUID@@PAPAX@Z 10001d97 f i Biometrics.obj
 0001:00000da1       ?AddRef@?$CComContainedObject@VCOPOSBiometrics@@@ATL@@WHE@AGKXZ 10001da1 f i Biometrics.obj
 0001:00000dab       ?Release@?$CComContainedObject@VCOPOSBiometrics@@@ATL@@WHE@AGKXZ 10001dab f i Biometrics.obj
 0001:00000db5       ?QueryInterface@?$CComContainedObject@VCOPOSBiometrics@@@ATL@@WHI@AGJABU_GUID@@PAPAX@Z 10001db5 f i Biometrics.obj
 0001:00000dbf       ?AddRef@?$CComContainedObject@VCOPOSBiometrics@@@ATL@@WHI@AGKXZ 10001dbf f i Biometrics.obj
 0001:00000dc9       ?Release@?$CComContainedObject@VCOPOSBiometrics@@@ATL@@WHI@AGKXZ 10001dc9 f i Biometrics.obj
 0001:00000dd3       ?QueryInterface@?$CComContainedObject@VCOPOSBiometrics@@@ATL@@WHM@AGJABU_GUID@@PAPAX@Z 10001dd3 f i Biometrics.obj
 0001:00000ddd       ?AddRef@?$CComContainedObject@VCOPOSBiometrics@@@ATL@@WHM@AGKXZ 10001ddd f i Biometrics.obj
 0001:00000de7       ?Release@?$CComContainedObject@VCOPOSBiometrics@@@ATL@@WHM@AGKXZ 10001de7 f i Biometrics.obj
 0001:00000df1       ?QueryInterface@?$CComContainedObject@VCOPOSBiometrics@@@ATL@@WIA@AGJABU_GUID@@PAPAX@Z 10001df1 f i Biometrics.obj
 0001:00000dfe       ?AddRef@?$CComContainedObject@VCOPOSBiometrics@@@ATL@@WIA@AGKXZ 10001dfe f i Biometrics.obj
 0001:00000e0b       ?Release@?$CComContainedObject@VCOPOSBiometrics@@@ATL@@WIA@AGKXZ 10001e0b f i Biometrics.obj
 0001:00000e18       ?QueryInterface@?$CComContainedObject@VCOPOSBiometrics@@@ATL@@WIE@AGJABU_GUID@@PAPAX@Z 10001e18 f i Biometrics.obj
 0001:00000e25       ?AddRef@?$CComContainedObject@VCOPOSBiometrics@@@ATL@@WIE@AGKXZ 10001e25 f i Biometrics.obj
 0001:00000e32       ?Release@?$CComContainedObject@VCOPOSBiometrics@@@ATL@@WIE@AGKXZ 10001e32 f i Biometrics.obj
 0001:00000e3f       ?QueryInterface@?$CComContainedObject@VCOPOSBiometrics@@@ATL@@WII@AGJABU_GUID@@PAPAX@Z 10001e3f f i Biometrics.obj
 0001:00000e4c       ?AddRef@?$CComContainedObject@VCOPOSBiometrics@@@ATL@@WII@AGKXZ 10001e4c f i Biometrics.obj
 0001:00000e59       ?Release@?$CComContainedObject@VCOPOSBiometrics@@@ATL@@WII@AGKXZ 10001e59 f i Biometrics.obj
 0001:00000e66       ?QueryInterface@?$CComContainedObject@VCOPOSBiometrics@@@ATL@@WIM@AGJABU_GUID@@PAPAX@Z 10001e66 f i Biometrics.obj
 0001:00000e73       ?AddRef@?$CComContainedObject@VCOPOSBiometrics@@@ATL@@WIM@AGKXZ 10001e73 f i Biometrics.obj
 0001:00000e80       ?Release@?$CComContainedObject@VCOPOSBiometrics@@@ATL@@WIM@AGKXZ 10001e80 f i Biometrics.obj
 0001:00000e8d       ?QueryInterface@?$CComContainedObject@VCOPOSBiometrics@@@ATL@@WJA@AGJABU_GUID@@PAPAX@Z 10001e8d f i Biometrics.obj
 0001:00000e9a       ?AddRef@?$CComContainedObject@VCOPOSBiometrics@@@ATL@@WJA@AGKXZ 10001e9a f i Biometrics.obj
 0001:00000ea7       ?Release@?$CComContainedObject@VCOPOSBiometrics@@@ATL@@WJA@AGKXZ 10001ea7 f i Biometrics.obj
 0001:00000eb4       ?QueryInterface@?$CComContainedObject@VCOPOSBiometrics@@@ATL@@WJE@AGJABU_GUID@@PAPAX@Z 10001eb4 f i Biometrics.obj
 0001:00000ec1       ?AddRef@?$CComContainedObject@VCOPOSBiometrics@@@ATL@@WJE@AGKXZ 10001ec1 f i Biometrics.obj
 0001:00000ece       ?Release@?$CComContainedObject@VCOPOSBiometrics@@@ATL@@WJE@AGKXZ 10001ece f i Biometrics.obj
 0001:00000edb       ?QueryInterface@?$CComContainedObject@VCOPOSBiometrics@@@ATL@@WJI@AGJABU_GUID@@PAPAX@Z 10001edb f i Biometrics.obj
 0001:00000ee8       ?AddRef@?$CComContainedObject@VCOPOSBiometrics@@@ATL@@WJI@AGKXZ 10001ee8 f i Biometrics.obj
 0001:00000ef5       ?Release@?$CComContainedObject@VCOPOSBiometrics@@@ATL@@WJI@AGKXZ 10001ef5 f i Biometrics.obj
 0001:00000f02       ?QueryInterface@?$CComContainedObject@VCOPOSBiometrics@@@ATL@@WJM@AGJABU_GUID@@PAPAX@Z 10001f02 f i Biometrics.obj
 0001:00000f0f       ?AddRef@?$CComContainedObject@VCOPOSBiometrics@@@ATL@@WJM@AGKXZ 10001f0f f i Biometrics.obj
 0001:00000f1c       ?Release@?$CComContainedObject@VCOPOSBiometrics@@@ATL@@WJM@AGKXZ 10001f1c f i Biometrics.obj
 0001:00000f29       ?QueryInterface@?$CComContainedObject@VCOPOSBiometrics@@@ATL@@WKA@AGJABU_GUID@@PAPAX@Z 10001f29 f i Biometrics.obj
 0001:00000f36       ?AddRef@?$CComContainedObject@VCOPOSBiometrics@@@ATL@@WKA@AGKXZ 10001f36 f i Biometrics.obj
 0001:00000f43       ?Release@?$CComContainedObject@VCOPOSBiometrics@@@ATL@@WKA@AGKXZ 10001f43 f i Biometrics.obj
 0001:00000f50       ?AddRef@?$CComContainedObject@VCOPOSBiometrics@@@ATL@@WKI@AGKXZ 10001f50 f i Biometrics.obj
 0001:00000f5d       ?Release@?$CComContainedObject@VCOPOSBiometrics@@@ATL@@WKI@AGKXZ 10001f5d f i Biometrics.obj
 0001:00000f6a       ?AddRef@?$CComContainedObject@VCOPOSBiometrics@@@ATL@@WLE@AGKXZ 10001f6a f i Biometrics.obj
 0001:00000f77       ?Release@?$CComContainedObject@VCOPOSBiometrics@@@ATL@@WLE@AGKXZ 10001f77 f i Biometrics.obj
 0001:00000f84       ?GetWindowProc@?$CWindowImplBaseT@VCWindow@ATL@@V?$CWinTraits@$0FGAAAAAA@$0A@@2@@ATL@@UAEP6GJPAUHWND__@@IIJ@ZXZ 10001f84 f i Biometrics.obj
 0001:00000f8a       ?StartWindowProc@?$CWindowImplBaseT@VCWindow@ATL@@V?$CWinTraits@$0FGAAAAAA@$0A@@2@@ATL@@SGJPAUHWND__@@IIJ@Z 10001f8a f i Biometrics.obj
 0001:00000fde       ?GetTypeInfoCount@?$IDispatchImpl@UIOPOSBiometrics@@$1?IID_IOPOSBiometrics@@3U_GUID@@B$1?LIBID_OposBiometrics_CCO@@3U3@B$00$0A@VCComTypeInfoHolder@ATL@@@ATL@@UAGJPAI@Z 10001fde f i Biometrics.obj
 0001:00000ffb       ?GetTypeInfo@?$IDispatchImpl@UIOPOSBiometrics@@$1?IID_IOPOSBiometrics@@3U_GUID@@B$1?LIBID_OposBiometrics_CCO@@3U3@B$00$0A@VCComTypeInfoHolder@ATL@@@ATL@@UAGJIKPAPAUITypeInfo@@@Z 10001ffb f i Biometrics.obj
 0001:0000101f       ?GetIDsOfNames@?$IDispatchImpl@UIOPOSBiometrics@@$1?IID_IOPOSBiometrics@@3U_GUID@@B$1?LIBID_OposBiometrics_CCO@@3U3@B$00$0A@VCComTypeInfoHolder@ATL@@@ATL@@UAGJABU_GUID@@PAPA_WIKPAJ@Z 1000201f f i Biometrics.obj
 0001:0000103f       ?Invoke@?$IDispatchImpl@UIOPOSBiometrics@@$1?IID_IOPOSBiometrics@@3U_GUID@@B$1?LIBID_OposBiometrics_CCO@@3U3@B$00$0A@VCComTypeInfoHolder@ATL@@@ATL@@UAGJJABU_GUID@@KGPAUtagDISPPARAMS@@PAUtagVARIANT@@PAUtagEXCEPINFO@@PAI@Z 1000203f f i Biometrics.obj
 0001:0000104d       ?CreateControlWindow@?$CComControl@VCOPOSBiometrics@@V?$CWindowImpl@VCOPOSBiometrics@@VCWindow@ATL@@V?$CWinTraits@$0FGAAAAAA@$0A@@3@@ATL@@@ATL@@UAEPAUHWND__@@PAU3@AAUtagRECT@@@Z 1000204d f i Biometrics.obj
 0001:0000107c       ?ControlQueryInterface@?$CComControl@VCOPOSBiometrics@@V?$CWindowImpl@VCOPOSBiometrics@@VCWindow@ATL@@V?$CWinTraits@$0FGAAAAAA@$0A@@3@@ATL@@@ATL@@UAEJABU_GUID@@PAPAX@Z 1000207c f i Biometrics.obj
 0001:00001097       ?GetUserClassID@?$IOleObjectImpl@VCOPOSBiometrics@@@ATL@@UAGJPAU_GUID@@@Z 10002097 f i Biometrics.obj
 0001:00001097       ?GetClassID@?$IPersistStreamInitImpl@VCOPOSBiometrics@@@ATL@@UAGJPAU_GUID@@@Z 10002097 f i Biometrics.obj
 0001:00001097       ?GetClassID@?$IPersistStorageImpl@VCOPOSBiometrics@@@ATL@@UAGJPAU_GUID@@@Z 10002097 f i Biometrics.obj
 0001:000010bb       ?IsDirty@?$IPersistStreamInitImpl@VCOPOSBiometrics@@@ATL@@UAGJXZ 100020bb f i Biometrics.obj
 0001:000010da       ?Load@?$IPersistStreamInitImpl@VCOPOSBiometrics@@@ATL@@UAGJPAUIStream@@@Z 100020da f i Biometrics.obj
 0001:000010f9       ?Save@?$IPersistStreamInitImpl@VCOPOSBiometrics@@@ATL@@UAGJPAUIStream@@H@Z 100020f9 f i Biometrics.obj
 0001:0000111b       ?GetSizeMax@?$IPersistStreamInitImpl@VCOPOSBiometrics@@@ATL@@UAGJPAT_ULARGE_INTEGER@@@Z 1000211b f i Biometrics.obj
 0001:000012fa       ?InitNew@?$IPersistStreamInitImpl@VCOPOSBiometrics@@@ATL@@UAGJXZ 100022fa f i Biometrics.obj
 0001:00001317       ?QueryGetData@?$IDataObjectImpl@VCOPOSBiometrics@@@ATL@@UAGJPAUtagFORMATETC@@@Z 10002317 f i Biometrics.obj
 0001:00001317       ?SOOutputCompleteDummy@COPOSBiometrics@@MAGJJ@Z 10002317 f i Biometrics.obj
 0001:00001317       ?GetDropTarget@?$IOleInPlaceObjectWindowlessImpl@VCOPOSBiometrics@@@ATL@@UAGJPAPAUIDropTarget@@@Z 10002317 f i Biometrics.obj
 0001:00001317       ?ContextSensitiveHelp@?$IOleInPlaceObjectWindowlessImpl@VCOPOSBiometrics@@@ATL@@UAGJH@Z 10002317 f i Biometrics.obj
 0001:00001317       ?Unfreeze@?$IViewObjectExImpl@VCOPOSBiometrics@@@ATL@@UAGJK@Z 10002317 f i Biometrics.obj
 0001:00001317       ?GetControlInfo@?$IOleControlImpl@VCOPOSBiometrics@@@ATL@@UAGJPAUtagCONTROLINFO@@@Z 10002317 f i Biometrics.obj
 0001:00001317       ?OnMnemonic@?$IOleControlImpl@VCOPOSBiometrics@@@ATL@@UAGJPAUtagMSG@@@Z 10002317 f i Biometrics.obj
 0001:00001317       ?ContextSensitiveHelp@?$IOleInPlaceActiveObjectImpl@VCOPOSBiometrics@@@ATL@@UAGJH@Z 10002317 f i Biometrics.obj
 0001:00001317       ?SetColorScheme@?$IOleObjectImpl@VCOPOSBiometrics@@@ATL@@UAGJPAUtagLOGPALETTE@@@Z 10002317 f i Biometrics.obj
 0001:0000131f       ?OnFrameWindowActivate@?$IOleInPlaceActiveObjectImpl@VCOPOSBiometrics@@@ATL@@UAGJH@Z 1000231f f i Biometrics.obj
 0001:0000131f       ?EnableModeless@?$IOleInPlaceActiveObjectImpl@VCOPOSBiometrics@@@ATL@@UAGJH@Z 1000231f f i Biometrics.obj
 0001:0000131f       ?SaveCompleted@?$IPersistStorageImpl@VCOPOSBiometrics@@@ATL@@UAGJPAUIStorage@@@Z 1000231f f i Biometrics.obj
 0001:0000131f       ?OnAmbientPropertyChange@?$IOleControlImpl@VCOPOSBiometrics@@@ATL@@UAGJJ@Z 1000231f f i Biometrics.obj
 0001:00001324       ?SetClientSite@?$IOleObjectImpl@VCOPOSBiometrics@@@ATL@@UAGJPAUIOleClientSite@@@Z 10002324 f i Biometrics.obj
 0001:00001341       ?GetClientSite@?$IOleObjectImpl@VCOPOSBiometrics@@@ATL@@UAGJPAPAUIOleClientSite@@@Z 10002341 f i Biometrics.obj
 0001:0000135e       ?SetHostNames@?$IOleObjectImpl@VCOPOSBiometrics@@@ATL@@UAGJPB_W0@Z 1000235e f i Biometrics.obj
 0001:00001363       ?Close@?$IOleObjectImpl@VCOPOSBiometrics@@@ATL@@UAGJK@Z 10002363 f i Biometrics.obj
 0001:00001380       ?QueryInterface@CRegObject@ATL@@UAGJABU_GUID@@PAPAX@Z 10002380 f i Biometrics.obj
 0001:00001380       ?GetDataHere@?$IDataObjectImpl@VCOPOSBiometrics@@@ATL@@UAGJPAUtagFORMATETC@@PAUtagSTGMEDIUM@@@Z 10002380 f i Biometrics.obj
 0001:00001380       ?GetCanonicalFormatEtc@?$IDataObjectImpl@VCOPOSBiometrics@@@ATL@@UAGJPAUtagFORMATETC@@0@Z 10002380 f i Biometrics.obj
 0001:00001380       ?GetClipboardData@?$IOleObjectImpl@VCOPOSBiometrics@@@ATL@@UAGJKPAPAUIDataObject@@@Z 10002380 f i Biometrics.obj
 0001:00001380       ?SetMoniker@?$IOleObjectImpl@VCOPOSBiometrics@@@ATL@@UAGJKPAUIMoniker@@@Z 10002380 f i Biometrics.obj
 0001:00001380       ?GetRect@?$IViewObjectExImpl@VCOPOSBiometrics@@@ATL@@UAGJKPAU_RECTL@@@Z 10002380 f i Biometrics.obj
 0001:00001380       ?EnumFormatEtc@?$IDataObjectImpl@VCOPOSBiometrics@@@ATL@@UAGJKPAPAUIEnumFORMATETC@@@Z 10002380 f i Biometrics.obj
 0001:00001388       ?InitFromData@?$IOleObjectImpl@VCOPOSBiometrics@@@ATL@@UAGJPAUIDataObject@@HK@Z 10002388 f i Biometrics.obj
 0001:00001388       ?SetData@?$IDataObjectImpl@VCOPOSBiometrics@@@ATL@@UAGJPAUtagFORMATETC@@PAUtagSTGMEDIUM@@H@Z 10002388 f i Biometrics.obj
 0001:00001388       ?GetMoniker@?$IOleObjectImpl@VCOPOSBiometrics@@@ATL@@UAGJKKPAPAUIMoniker@@@Z 10002388 f i Biometrics.obj
 0001:00001390       ?DoVerb@?$IOleObjectImpl@VCOPOSBiometrics@@@ATL@@UAGJJPAUtagMSG@@PAUIOleClientSite@@JPAUHWND__@@PBUtagRECT@@@Z 10002390 f i Biometrics.obj
 0001:00001484       ?EnumVerbs@?$IOleObjectImpl@VCOPOSBiometrics@@@ATL@@UAGJPAPAUIEnumOLEVERB@@@Z 10002484 f i Biometrics.obj
 0001:000014a6       ?HandsOffStorage@?$IPersistStorageImpl@VCOPOSBiometrics@@@ATL@@UAGJXZ 100024a6 f i Biometrics.obj
 0001:000014a6       ?Update@?$IOleObjectImpl@VCOPOSBiometrics@@@ATL@@UAGJXZ 100024a6 f i Biometrics.obj
 0001:000014a6       ?Release@CRegObject@ATL@@UAGKXZ 100024a6 f i Biometrics.obj
 0001:000014a6       ?IsUpToDate@?$IOleObjectImpl@VCOPOSBiometrics@@@ATL@@UAGJXZ 100024a6 f i Biometrics.obj
 0001:000014ab       ?GetUserType@?$IOleObjectImpl@VCOPOSBiometrics@@@ATL@@UAGJKPAPA_W@Z 100024ab f i Biometrics.obj
 0001:000014c3       ?SetExtent@?$IOleObjectImpl@VCOPOSBiometrics@@@ATL@@UAGJKPAUtagSIZE@@@Z 100024c3 f i Biometrics.obj
 0001:000014e3       ?GetExtent@?$IOleObjectImpl@VCOPOSBiometrics@@@ATL@@UAGJKPAUtagSIZE@@@Z 100024e3 f i Biometrics.obj
 0001:00001521       ?Advise@?$IOleObjectImpl@VCOPOSBiometrics@@@ATL@@UAGJPAUIAdviseSink@@PAK@Z 10002521 f i Biometrics.obj
 0001:00001541       ?Unadvise@?$IOleObjectImpl@VCOPOSBiometrics@@@ATL@@UAGJK@Z 10002541 f i Biometrics.obj
 0001:00001570       ?EnumAdvise@?$IOleObjectImpl@VCOPOSBiometrics@@@ATL@@UAGJPAPAUIEnumSTATDATA@@@Z 10002570 f i Biometrics.obj
 0001:000015b0       ?GetMiscStatus@?$IOleObjectImpl@VCOPOSBiometrics@@@ATL@@UAGJKPAK@Z 100025b0 f i Biometrics.obj
 0001:000015c8       ?GetWindow@?$IOleInPlaceActiveObjectImpl@VCOPOSBiometrics@@@ATL@@UAGJPAPAUHWND__@@@Z 100025c8 f i Biometrics.obj
 0001:00001615       ?TranslateAcceleratorW@?$IOleInPlaceActiveObjectImpl@VCOPOSBiometrics@@@ATL@@UAGJPAUtagMSG@@@Z 10002615 f i Biometrics.obj
 0001:000016c3       ?OnDocWindowActivate@?$IOleInPlaceActiveObjectImpl@VCOPOSBiometrics@@@ATL@@UAGJH@Z 100026c3 f i Biometrics.obj
 0001:000016e5       ?ResizeBorder@?$IOleInPlaceActiveObjectImpl@VCOPOSBiometrics@@@ATL@@UAGJPBUtagRECT@@PAUIOleInPlaceUIWindow@@H@Z 100026e5 f i Biometrics.obj
 0001:000016ea       ?Draw@?$IViewObjectExImpl@VCOPOSBiometrics@@@ATL@@UAGJKJPAXPAUtagDVTARGETDEVICE@@PAUHDC__@@2PBU_RECTL@@3P6GHK@ZK@Z 100026ea f i Biometrics.obj
 0001:0000171c       ?GetColorSet@?$IViewObjectExImpl@VCOPOSBiometrics@@@ATL@@UAGJKJPAXPAUtagDVTARGETDEVICE@@PAUHDC__@@PAPAUtagLOGPALETTE@@@Z 1000271c f i Biometrics.obj
 0001:00001724       ?Freeze@?$IViewObjectExImpl@VCOPOSBiometrics@@@ATL@@UAGJKJPAXPAK@Z 10002724 f i Biometrics.obj
 0001:0000172c       ?SetAdvise@?$IViewObjectExImpl@VCOPOSBiometrics@@@ATL@@UAGJKKPAUIAdviseSink@@@Z 1000272c f i Biometrics.obj
 0001:0000174b       ?GetAdvise@?$IViewObjectExImpl@VCOPOSBiometrics@@@ATL@@UAGJPAK0PAPAUIAdviseSink@@@Z 1000274b f i Biometrics.obj
 0001:00001780       ?GetExtent@?$IViewObjectExImpl@VCOPOSBiometrics@@@ATL@@UAGJKJPAUtagDVTARGETDEVICE@@PAUtagSIZE@@@Z 10002780 f i Biometrics.obj
 0001:000017b1       ?GetViewStatus@?$IViewObjectExImpl@VCOPOSBiometrics@@@ATL@@UAGJPAK@Z 100027b1 f i Biometrics.obj
 0001:000017ce       ?QueryHitPoint@?$IViewObjectExImpl@VCOPOSBiometrics@@@ATL@@UAGJKPBUtagRECT@@UtagPOINT@@JPAK@Z 100027ce f i Biometrics.obj
 0001:0000180f       ?QueryHitRect@?$IViewObjectExImpl@VCOPOSBiometrics@@@ATL@@UAGJKPBUtagRECT@@0JPAK@Z 1000280f f i Biometrics.obj
 0001:0000186a       ?GetNaturalExtent@?$IViewObjectExImpl@VCOPOSBiometrics@@@ATL@@UAGJKJPAUtagDVTARGETDEVICE@@PAUHDC__@@PAUtagExtentInfo@@PAUtagSIZE@@@Z 1000286a f i Biometrics.obj
 0001:000018b5       ?GetWindow@?$IOleInPlaceObjectWindowlessImpl@VCOPOSBiometrics@@@ATL@@UAGJPAPAUHWND__@@@Z 100028b5 f i Biometrics.obj
 0001:00001902       ?InPlaceDeactivate@?$IOleInPlaceObjectWindowlessImpl@VCOPOSBiometrics@@@ATL@@UAGJXZ 10002902 f i Biometrics.obj
 0001:0000191c       ?UIDeactivate@?$IOleInPlaceObjectWindowlessImpl@VCOPOSBiometrics@@@ATL@@UAGJXZ 1000291c f i Biometrics.obj
 0001:00001936       ?SetObjectRects@?$IOleInPlaceObjectWindowlessImpl@VCOPOSBiometrics@@@ATL@@UAGJPBUtagRECT@@0@Z 10002936 f i Biometrics.obj
 0001:00001956       ?ReactivateAndUndo@?$IOleInPlaceObjectWindowlessImpl@VCOPOSBiometrics@@@ATL@@UAGJXZ 10002956 f i Biometrics.obj
 0001:0000195e       ?OnWindowMessage@?$IOleInPlaceObjectWindowlessImpl@VCOPOSBiometrics@@@ATL@@UAGJIIJPAJ@Z 1000295e f i Biometrics.obj
 0001:000019ce       ?EnumConnectionPoints@?$IConnectionPointContainerImpl@VCOPOSBiometrics@@@ATL@@UAGJPAPAUIEnumConnectionPoints@@@Z 100029ce f i Biometrics.obj
 0001:00001b5e       ?FindConnectionPoint@?$IConnectionPointContainerImpl@VCOPOSBiometrics@@@ATL@@UAGJABU_GUID@@PAPAUIConnectionPoint@@@Z 10002b5e f i Biometrics.obj
 0001:00001c01       ?IsDirty@?$IPersistStorageImpl@VCOPOSBiometrics@@@ATL@@UAGJXZ 10002c01 f i Biometrics.obj
 0001:00001c31       ?InitNew@?$IPersistStorageImpl@VCOPOSBiometrics@@@ATL@@UAGJPAUIStorage@@@Z 10002c31 f i Biometrics.obj
 0001:00001c61       ?Load@?$IPersistStorageImpl@VCOPOSBiometrics@@@ATL@@UAGJPAUIStorage@@@Z 10002c61 f i Biometrics.obj
 0001:00001ccd       ?Save@?$IPersistStorageImpl@VCOPOSBiometrics@@@ATL@@UAGJPAUIStorage@@H@Z 10002ccd f i Biometrics.obj
 0001:00001d40       ?GetPages@?$ISpecifyPropertyPagesImpl@VCOPOSBiometrics@@@ATL@@UAGJPAUtagCAUUID@@@Z 10002d40 f i Biometrics.obj
 0001:00001d57       ?QuickActivate@?$IQuickActivateImpl@VCOPOSBiometrics@@@ATL@@UAGJPAUtagQACONTAINER@@PAUtagQACONTROL@@@Z 10002d57 f i Biometrics.obj
 0001:00001d7a       ?SetContentExtent@?$IQuickActivateImpl@VCOPOSBiometrics@@@ATL@@UAGJPAUtagSIZE@@@Z 10002d7a f i Biometrics.obj
 0001:00001da6       ?GetContentExtent@?$IQuickActivateImpl@VCOPOSBiometrics@@@ATL@@UAGJPAUtagSIZE@@@Z 10002da6 f i Biometrics.obj
 0001:00001de2       ?GetData@?$IDataObjectImpl@VCOPOSBiometrics@@@ATL@@UAGJPAUtagFORMATETC@@PAUtagSTGMEDIUM@@@Z 10002de2 f i Biometrics.obj
 0001:00001e05       ?DAdvise@?$IDataObjectImpl@VCOPOSBiometrics@@@ATL@@UAGJPAUtagFORMATETC@@KPAUIAdviseSink@@PAK@Z 10002e05 f i Biometrics.obj
 0001:00001e46       ?DUnadvise@?$IDataObjectImpl@VCOPOSBiometrics@@@ATL@@UAGJK@Z 10002e46 f i Biometrics.obj
 0001:00001e74       ?EnumDAdvise@?$IDataObjectImpl@VCOPOSBiometrics@@@ATL@@UAGJPAPAUIEnumSTATDATA@@@Z 10002e74 f i Biometrics.obj
 0001:00001eb3       ?Lock@CAtlModule@ATL@@UAEJXZ 10002eb3 f i Biometrics.obj
 0001:00001ebd       ?Unlock@CAtlModule@ATL@@UAEJXZ 10002ebd f i Biometrics.obj
 0001:00001ec7       ?GetLockCount@CAtlModule@ATL@@UAEJXZ 10002ec7 f i Biometrics.obj
 0001:00001ecb       ?GetClassInfoW@?$IProvideClassInfo2Impl@$1?CLSID_OPOSBiometrics@@3U_GUID@@B$1?DIID__IOPOSBiometricsEvents@@3U2@B$1?LIBID_OposBiometrics_CCO@@3U2@B$00$0A@VCComTypeInfoHolder@ATL@@@ATL@@UAGJPAPAUITypeInfo@@@Z 10002ecb f i Biometrics.obj
 0001:00001ee1       ?GetGITPtr@CAtlModule@ATL@@UAEJPAPAUIGlobalInterfaceTable@@@Z 10002ee1 f i Biometrics.obj
 0001:00001f2d       ?GetGUID@?$IProvideClassInfo2Impl@$1?CLSID_OPOSBiometrics@@3U_GUID@@B$1?DIID__IOPOSBiometricsEvents@@3U2@B$1?LIBID_OposBiometrics_CCO@@3U2@B$00$0A@VCComTypeInfoHolder@ATL@@@ATL@@UAGJKPAU_GUID@@@Z 10002f2d f i Biometrics.obj
 0001:00001f6b       __get_startup_argv_mode    10002f6b f i LIBCMT:argv_mode.obj
 0001:00001f6b       ?FAccessAllowed@?$IObjectSafetyImpl@VCOPOSBiometrics@@$02@ATL@@MAEHXZ 10002f6b f i Biometrics.obj
 0001:00001f6f       ?GetInterfaceSafetyOptions@?$IObjectSafetyImpl@VCOPOSBiometrics@@$02@ATL@@UAGJABU_GUID@@PAK1@Z 10002f6f f i Biometrics.obj
 0001:00001fe2       ?SetInterfaceSafetyOptions@?$IObjectSafetyImpl@VCOPOSBiometrics@@$02@ATL@@UAGJABU_GUID@@KK@Z 10002fe2 f i Biometrics.obj
 0001:0000205c       ?_LocCPQueryInterface@?$IConnectionPointImpl@VCOPOSBiometrics@@$1?DIID__IOPOSBiometricsEvents@@3U_GUID@@BVCComDynamicUnkArray@ATL@@@ATL@@UAGJABU_GUID@@PAPAX@Z 1000305c f i Biometrics.obj
 0001:0000205c       ?_LocCPQueryInterface@?$IConnectionPointImpl@VCOPOSBiometrics@@$1?IID_IPropertyNotifySink@@3U_GUID@@BVCComDynamicUnkArray@ATL@@@ATL@@UAGJABU_GUID@@PAPAX@Z 1000305c f i Biometrics.obj
 0001:000020a9       ?GetConnectionInterface@?$IConnectionPointImpl@VCOPOSBiometrics@@$1?IID_IPropertyNotifySink@@3U_GUID@@BVCComDynamicUnkArray@ATL@@@ATL@@UAGJPAU_GUID@@@Z 100030a9 f i Biometrics.obj
 0001:000020cd       ?GetConnectionPointContainer@?$IConnectionPointImpl@VCOPOSBiometrics@@$1?IID_IPropertyNotifySink@@3U_GUID@@BVCComDynamicUnkArray@ATL@@@ATL@@UAGJPAPAUIConnectionPointContainer@@@Z 100030cd f i Biometrics.obj
 0001:000020f0       ?Advise@?$IConnectionPointImpl@VCOPOSBiometrics@@$1?DIID__IOPOSBiometricsEvents@@3U_GUID@@BVCComDynamicUnkArray@ATL@@@ATL@@UAGJPAUIUnknown@@PAK@Z 100030f0 f i Biometrics.obj
 0001:000020f0       ?Advise@?$IConnectionPointImpl@VCOPOSBiometrics@@$1?IID_IPropertyNotifySink@@3U_GUID@@BVCComDynamicUnkArray@ATL@@@ATL@@UAGJPAUIUnknown@@PAK@Z 100030f0 f i Biometrics.obj
 0001:00002190       ?Unadvise@?$IConnectionPointImpl@VCOPOSBiometrics@@$1?DIID__IOPOSBiometricsEvents@@3U_GUID@@BVCComDynamicUnkArray@ATL@@@ATL@@UAGJK@Z 10003190 f i Biometrics.obj
 0001:00002190       ?Unadvise@?$IConnectionPointImpl@VCOPOSBiometrics@@$1?IID_IPropertyNotifySink@@3U_GUID@@BVCComDynamicUnkArray@ATL@@@ATL@@UAGJK@Z 10003190 f i Biometrics.obj
 0001:000021d0       ?EnumConnections@?$IConnectionPointImpl@VCOPOSBiometrics@@$1?DIID__IOPOSBiometricsEvents@@3U_GUID@@BVCComDynamicUnkArray@ATL@@@ATL@@UAGJPAPAUIEnumConnections@@@Z 100031d0 f i Biometrics.obj
 0001:000021d0       ?EnumConnections@?$IConnectionPointImpl@VCOPOSBiometrics@@$1?IID_IPropertyNotifySink@@3U_GUID@@BVCComDynamicUnkArray@ATL@@@ATL@@UAGJPAPAUIEnumConnections@@@Z 100031d0 f i Biometrics.obj
 0001:000022d3       ?GetConnectionInterface@?$IConnectionPointImpl@VCOPOSBiometrics@@$1?DIID__IOPOSBiometricsEvents@@3U_GUID@@BVCComDynamicUnkArray@ATL@@@ATL@@UAGJPAU_GUID@@@Z 100032d3 f i Biometrics.obj
 0001:000022f7       ?GetConnectionPointContainer@?$IConnectionPointImpl@VCOPOSBiometrics@@$1?DIID__IOPOSBiometricsEvents@@3U_GUID@@BVCComDynamicUnkArray@ATL@@@ATL@@UAGJPAPAUIConnectionPointContainer@@@Z 100032f7 f i Biometrics.obj
 0001:0000231a       ?AddCommonRGSReplacements@?$CAtlModuleT@VCComModule@ATL@@@ATL@@UAEJPAUIRegistrarBase@@@Z 1000331a f i Biometrics.obj
 0001:00002334       ?UpdateRegistry@COPOSBiometrics@@SGJH@Z 10003334 f i Biometrics.obj
 0001:0000234c       ?UpdateRegistryFromResourceD@CComModule@ATL@@UAGJIHPAU_ATL_REGMAP_ENTRY@2@@Z 1000334c f i Biometrics.obj
 0001:0000234c       ?UpdateRegistryFromResourceD@CComModule@ATL@@UAGJPB_WHPAU_ATL_REGMAP_ENTRY@2@@Z 1000334c f i Biometrics.obj
 0001:00002354       ?ProcessWindowMessage@COPOSBiometrics@@UAEHPAUHWND__@@IIJAAJK@Z 10003354 f i Biometrics.obj
 0001:000023a1       ?UpdateRegistryFromResource@CComModule@ATL@@UAGJPB_WHPAU_ATL_REGMAP_ENTRY@2@@Z 100033a1 f i Biometrics.obj
 0001:000023aa       ?UpdateRegistryFromResource@CComModule@ATL@@UAGJIHPAU_ATL_REGMAP_ENTRY@2@@Z 100033aa f i Biometrics.obj
 0001:000023b3       ?SOData@COPOSBiometrics@@MAGJJ@Z 100033b3 f i Biometrics.obj
 0001:000023ec       ?SODirectIO@COPOSBiometrics@@MAGJJPAJPAPA_W@Z 100033ec f i Biometrics.obj
 0001:00002435       ?SOError@COPOSBiometrics@@MAGJJJJPAJ@Z 10003435 f i Biometrics.obj
 0001:0000248a       ?SOStatusUpdate@COPOSBiometrics@@MAGJJ@Z 1000348a f i Biometrics.obj
 0001:000024c3       ??_ECComModule@ATL@@UAEPAXI@Z 100034c3 f i Biometrics.obj
 0001:000024c3       ??_GCComModule@ATL@@UAEPAXI@Z 100034c3 f i Biometrics.obj
 0001:000024eb       ?CreateInstance@?$CComCreator@V?$CComObjectCached@VCComClassFactory@ATL@@@ATL@@@ATL@@SGJPAXABU_GUID@@PAPAX@Z 100034eb f i Biometrics.obj
 0001:0000258c       ?CreateInstance@?$CComCreator2@V?$CComCreator@V?$CComObject@VCOPOSBiometrics@@@ATL@@@ATL@@V?$CComCreator@V?$CComAggObject@VCOPOSBiometrics@@@ATL@@@2@@ATL@@SGJPAXABU_GUID@@PAPAX@Z 1000358c f i Biometrics.obj
 0001:000025ac       ?AddRef@?$CComObjectCached@VCComClassFactory@ATL@@@ATL@@UAGKXZ 100035ac f i Biometrics.obj
 0001:000025d3       ?Release@?$CComObjectCached@VCComClassFactory@ATL@@@ATL@@UAGKXZ 100035d3 f i Biometrics.obj
 0001:00002609       ?QueryInterface@?$CComObjectCached@VCComClassFactory@ATL@@@ATL@@UAGJABU_GUID@@PAPAX@Z 10003609 f i Biometrics.obj
 0001:00002623       ??_G?$CComObjectCached@VCComClassFactory@ATL@@@ATL@@UAEPAXI@Z 10003623 f i Biometrics.obj
 0001:00002623       ??_E?$CComObjectCached@VCComClassFactory@ATL@@@ATL@@UAEPAXI@Z 10003623 f i Biometrics.obj
 0001:00002645       ?Next@?$CComEnumImpl@UIEnumConnectionPoints@@$1?_GUID_b196b285_bab4_101a_b69c_00aa00341d07@@3U__s_GUID@@BPAUIConnectionPoint@@V?$_CopyInterface@UIConnectionPoint@@@ATL@@@ATL@@UAGJKPAPAUIConnectionPoint@@PAK@Z 10003645 f i Biometrics.obj
 0001:00002714       ?Skip@?$CComEnumImpl@UIEnumConnectionPoints@@$1?_GUID_b196b285_bab4_101a_b69c_00aa00341d07@@3U__s_GUID@@BPAUIConnectionPoint@@V?$_CopyInterface@UIConnectionPoint@@@ATL@@@ATL@@UAGJK@Z 10003714 f i Biometrics.obj
 0001:00002741       ?Clone@?$CComEnumImpl@UIEnumConnectionPoints@@$1?_GUID_b196b285_bab4_101a_b69c_00aa00341d07@@3U__s_GUID@@BPAUIConnectionPoint@@V?$_CopyInterface@UIConnectionPoint@@@ATL@@@ATL@@UAGJPAPAUIEnumConnectionPoints@@@Z 10003741 f i Biometrics.obj
 0001:00002822       ?QueryInterface@?$CComObject@V?$CComEnum@UIEnumConnectionPoints@@$1?_GUID_b196b285_bab4_101a_b69c_00aa00341d07@@3U__s_GUID@@BPAUIConnectionPoint@@V?$_CopyInterface@UIConnectionPoint@@@ATL@@VCComSingleThreadModel@6@@ATL@@@ATL@@UAGJABU_GUID@@PAPAX@Z 10003822 f i Biometrics.obj
 0001:0000283c       ??_G?$CComObject@V?$CComEnum@UIEnumConnectionPoints@@$1?_GUID_b196b285_bab4_101a_b69c_00aa00341d07@@3U__s_GUID@@BPAUIConnectionPoint@@V?$_CopyInterface@UIConnectionPoint@@@ATL@@VCComSingleThreadModel@6@@ATL@@@ATL@@UAEPAXI@Z 1000383c f i Biometrics.obj
 0001:0000283c       ??_E?$CComObject@V?$CComEnum@UIEnumConnectionPoints@@$1?_GUID_b196b285_bab4_101a_b69c_00aa00341d07@@3U__s_GUID@@BPAUIConnectionPoint@@V?$_CopyInterface@UIConnectionPoint@@@ATL@@VCComSingleThreadModel@6@@ATL@@@ATL@@UAEPAXI@Z 1000383c f i Biometrics.obj
 0001:0000285e       ?AddRef@CRegObject@ATL@@UAGKXZ 1000385e f i Biometrics.obj
 0001:00002864       ?AddReplacement@CRegObject@ATL@@UAGJPB_W0@Z 10003864 f i Biometrics.obj
 0001:0000289d       ?ClearReplacements@CRegObject@ATL@@UAGJXZ 1000389d f i Biometrics.obj
 0001:000028af       ??_GCRegObject@ATL@@UAEPAXI@Z 100038af f i Biometrics.obj
 0001:000028af       ??_ECRegObject@ATL@@UAEPAXI@Z 100038af f i Biometrics.obj
 0001:000028d1       ?AddRef@?$CComAggObject@VCOPOSBiometrics@@@ATL@@UAGKXZ 100038d1 f i Biometrics.obj
 0001:000028e2       ?Release@?$CComAggObject@VCOPOSBiometrics@@@ATL@@UAGKXZ 100038e2 f i Biometrics.obj
 0001:0000291e       ?QueryInterface@?$CComAggObject@VCOPOSBiometrics@@@ATL@@UAGJABU_GUID@@PAPAX@Z 1000391e f i Biometrics.obj
 0001:0000296d       ?AddRef@?$CComContainedObject@VCOPOSBiometrics@@@ATL@@UAGKXZ 1000396d f i Biometrics.obj
 0001:00002983       ?Release@?$CComContainedObject@VCOPOSBiometrics@@@ATL@@UAGKXZ 10003983 f i Biometrics.obj
 0001:00002999       ?QueryInterface@?$CComContainedObject@VCOPOSBiometrics@@@ATL@@UAGJABU_GUID@@PAPAX@Z 10003999 f i Biometrics.obj
 0001:000029b4       ??_G?$CComAggObject@VCOPOSBiometrics@@@ATL@@UAEPAXI@Z 100039b4 f i Biometrics.obj
 0001:000029b4       ??_E?$CComAggObject@VCOPOSBiometrics@@@ATL@@UAEPAXI@Z 100039b4 f i Biometrics.obj
 0001:000029d9       ?AddRef@?$CComObject@VCOPOSBiometrics@@@ATL@@UAGKXZ 100039d9 f i Biometrics.obj
 0001:000029f0       ?Release@?$CComObject@VCOPOSBiometrics@@@ATL@@UAGKXZ 100039f0 f i Biometrics.obj
 0001:00002a32       ?QueryInterface@?$CComObject@VCOPOSBiometrics@@@ATL@@UAGJABU_GUID@@PAPAX@Z 10003a32 f i Biometrics.obj
 0001:00002a4c       ??$?4UITypeInfo2@@@?$CComPtr@UITypeInfo@@@ATL@@QAEPAUITypeInfo@@ABV?$CComPtr@UITypeInfo2@@@1@@Z 10003a4c f i Biometrics.obj
 0001:00002a79       ??$AtlAdd@K@ATL@@YAJPAKKK@Z 10003a79 f i Biometrics.obj
 0001:00002a9c       ??$AtlAdd@_K@ATL@@YAJPA_K_K1@Z 10003a9c f i Biometrics.obj
 0001:00002ad4       ??$AtlAddThrow@K@ATL@@YAKKK@Z 10003ad4 f i Biometrics.obj
 0001:00002afa       ??$AtlModuleRegisterWndClassInfoT@VAtlModuleRegisterWndClassInfoParamW@ATL@@@ATL@@YAGPAU_ATL_BASE_MODULE70@0@PAU_ATL_WIN_MODULE70@0@PAU_ATL_WNDCLASSINFOW@0@PAP6GJPAUHWND__@@IIJ@ZVAtlModuleRegisterWndClassInfoParamW@0@@Z 10003afa f i Biometrics.obj
 0001:00002c47       ??$AtlMultiply@H@ATL@@YAJPAHHH@Z 10003c47 f i Biometrics.obj
 0001:00002c7f       ??$AtlMultiply@I@ATL@@YAJPAIII@Z 10003c7f f i Biometrics.obj
 0001:00002c7f       ??$AtlMultiply@K@ATL@@YAJPAKKK@Z 10003c7f f i Biometrics.obj
 0001:00002ca1       ??$AtlMultiplyThrow@I@ATL@@YAIII@Z 10003ca1 f i Biometrics.obj
 0001:00002cc7       ??0?$CComAggObject@VCOPOSBiometrics@@@ATL@@QAE@PAX@Z 10003cc7 f i Biometrics.obj
 0001:00002cf4       ??0?$CComContainedObject@VCOPOSBiometrics@@@ATL@@QAE@PAX@Z 10003cf4 f i Biometrics.obj
 0001:00002dad       ??0?$CComObject@V?$CComEnum@UIEnumConnectionPoints@@$1?_GUID_b196b285_bab4_101a_b69c_00aa00341d07@@3U__s_GUID@@BPAUIConnectionPoint@@V?$_CopyInterface@UIConnectionPoint@@@ATL@@VCComSingleThreadModel@6@@ATL@@@ATL@@QAE@PAX@Z 10003dad f i Biometrics.obj
 0001:00002ddb       ??0?$CComObject@V?$CComEnum@UIEnumConnections@@$1?_GUID_b196b287_bab4_101a_b69c_00aa00341d07@@3U__s_GUID@@BUtagCONNECTDATA@@V?$_Copy@UtagCONNECTDATA@@@ATL@@VCComSingleThreadModel@6@@ATL@@@ATL@@QAE@PAX@Z 10003ddb f i Biometrics.obj
 0001:00002e09       ??0?$CComObject@VCOPOSBiometrics@@@ATL@@QAE@PAX@Z 10003e09 f i Biometrics.obj
 0001:00002ec0       ??0?$CComQIPtr@UIOleControlSite@@$1?_GUID_b196b289_bab4_101a_b69c_00aa00341d07@@3U__s_GUID@@B@ATL@@QAE@PAUIUnknown@@@Z 10003ec0 f i Biometrics.obj
 0001:00002ee9       ??0CAtlModule@ATL@@QAE@XZ  10003ee9 f i Biometrics.obj
 0001:00002f2a       ??0CParseBuffer@CRegParser@ATL@@QAE@H@Z 10003f2a f i Biometrics.obj
 0001:00002f60       ??0_ATL_MSG@ATL@@QAE@PAUHWND__@@IIJH@Z 10003f60 f i Biometrics.obj
 0001:00002f98       ??1?$CComAggObject@VCOPOSBiometrics@@@ATL@@UAE@XZ 10003f98 f i Biometrics.obj
 0001:00002fbc       ??1?$CComEnumImpl@UIEnumConnectionPoints@@$1?_GUID_b196b285_bab4_101a_b69c_00aa00341d07@@3U__s_GUID@@BPAUIConnectionPoint@@V?$_CopyInterface@UIConnectionPoint@@@ATL@@@ATL@@UAE@XZ 10003fbc f i Biometrics.obj
 0001:00002ff8       ??1?$CComEnumImpl@UIEnumConnections@@$1?_GUID_b196b287_bab4_101a_b69c_00aa00341d07@@3U__s_GUID@@BUtagCONNECTDATA@@V?$_Copy@UtagCONNECTDATA@@@ATL@@@ATL@@UAE@XZ 10003ff8 f i Biometrics.obj
 0001:00003034       ??1?$CComObject@V?$CComEnum@UIEnumConnectionPoints@@$1?_GUID_b196b285_bab4_101a_b69c_00aa00341d07@@3U__s_GUID@@BPAUIConnectionPoint@@V?$_CopyInterface@UIConnectionPoint@@@ATL@@VCComSingleThreadModel@6@@ATL@@@ATL@@UAE@XZ 10004034 f i Biometrics.obj
 0001:00003057       ??1?$CComObject@V?$CComEnum@UIEnumConnections@@$1?_GUID_b196b287_bab4_101a_b69c_00aa00341d07@@3U__s_GUID@@BUtagCONNECTDATA@@V?$_Copy@UtagCONNECTDATA@@@ATL@@VCComSingleThreadModel@6@@ATL@@@ATL@@UAE@XZ 10004057 f i Biometrics.obj
 0001:0000307a       ??1?$CComObject@VCOPOSBiometrics@@@ATL@@UAE@XZ 1000407a f i Biometrics.obj
 0001:00003138       ??1?$CComObjectCached@VCComClassFactory@ATL@@@ATL@@UAE@XZ 10004138 f i Biometrics.obj
 0001:0000314e       ??1?$CComObjectRootEx@VCComMultiThreadModel@ATL@@@ATL@@QAE@XZ 1000414e f i Biometrics.obj
 0001:00003163       ??1CRegObject@ATL@@UAE@XZ  10004163 f i Biometrics.obj
 0001:00003183       ??4?$CComPtr@UIOleClientSite@@@ATL@@QAEPAUIOleClientSite@@PAU2@@Z 10004183 f i Biometrics.obj
 0001:00003183       ??4?$CComPtr@UIAdviseSink@@@ATL@@QAEPAUIAdviseSink@@PAU2@@Z 10004183 f i Biometrics.obj
 0001:00003183       ??4?$CComPtr@UIUnknown@@@ATL@@QAEPAUIUnknown@@PAU2@@Z 10004183 f i Biometrics.obj
 0001:000031b1       ??_E?$CComContainedObject@VCOPOSBiometrics@@@ATL@@UAEPAXI@Z 100041b1 f i Biometrics.obj
 0001:000031b1       ??_G?$CComContainedObject@VCOPOSBiometrics@@@ATL@@UAEPAXI@Z 100041b1 f i Biometrics.obj
 0001:000031d6       ??_E?$CComObject@VCOPOSBiometrics@@@ATL@@UAEPAXI@Z 100041d6 f i Biometrics.obj
 0001:000031d6       ??_G?$CComObject@VCOPOSBiometrics@@@ATL@@UAEPAXI@Z 100041d6 f i Biometrics.obj
 0001:000031fb       ?Add@?$CSimpleArray@GV?$CSimpleArrayEqualHelper@G@ATL@@@ATL@@QAEHABG@Z 100041fb f i Biometrics.obj
 0001:00003275       ?Add@?$CSimpleMap@PA_WPA_WVCExpansionVectorEqualHelper@ATL@@@ATL@@QAEHABQA_W0@Z 10004275 f i Biometrics.obj
 0001:000032ca       ?Add@CComDynamicUnkArray@ATL@@QAEKPAUIUnknown@@@Z 100042ca f i Biometrics.obj
 0001:0000337b       ?Add@CExpansionVector@ATL@@QAEHPB_W0@Z 1000437b f i Biometrics.obj
 0001:00003484       ?AddString@CParseBuffer@CRegParser@ATL@@QAEHPB_W@Z 10004484 f i Biometrics.obj
 0001:000034b9       ?AddTermFunc@CAtlModule@ATL@@QAEJP6GXK@ZK@Z 100044b9 f i Biometrics.obj
 0001:00003525       ?AddValue@CRegParser@ATL@@IAEJAAVCRegKey@2@PB_WPA_W@Z 10004525 f i Biometrics.obj
 0001:0000383f       ?Allocate@?$CAtlSafeAllocBufferManager@VCCRTAllocator@ATL@@@_ATL_SAFE_ALLOCA_IMPL@ATL@@QAEPAXK@Z 1000483f f i Biometrics.obj
 0001:0000386c       ?Allocate@?$CTempBuffer@E$0BAA@VCCRTAllocator@ATL@@@ATL@@QAEPAEI@Z 1000486c f i Biometrics.obj
 0001:0000389b       ?Allocate@?$CTempBuffer@_W$0BAA@VCCRTAllocator@ATL@@@ATL@@QAEPA_WI@Z 1000489b f i Biometrics.obj
 0001:000038ca       ?Allocate@?$CTempBuffer@_W$0EAA@VCCRTAllocator@ATL@@@ATL@@QAEPA_WI@Z 100048ca f i Biometrics.obj
 0001:000038f9       ?AllocateHeap@?$CTempBuffer@_W$0EAA@VCCRTAllocator@ATL@@@ATL@@AAEXI@Z 100048f9 f i Biometrics.obj
 0001:000038f9       ?AllocateHeap@?$CTempBuffer@E$0BAA@VCCRTAllocator@ATL@@@ATL@@AAEXI@Z 100048f9 f i Biometrics.obj
 0001:000038f9       ?AllocateHeap@?$CTempBuffer@_W$0BAA@VCCRTAllocator@ATL@@@ATL@@AAEXI@Z 100048f9 f i Biometrics.obj
 0001:0000391e       ?Append@CParseBuffer@CRegParser@ATL@@QAEHPB_WH@Z 1000491e f i Biometrics.obj
 0001:000039aa       ?AtlCoTaskMemCAlloc@ATL@@YAPAXKK@Z 100049aa f i Biometrics.obj
 0001:000039d7       ?AtlCoTaskMemRecalloc@ATL@@YAPAXPAXKK@Z 100049d7 f i Biometrics.obj
 0001:00003a07       ?AtlComModuleGetClassObject@ATL@@YGJPAU_ATL_COM_MODULE70@1@ABU_GUID@@1PAPAX@Z 10004a07 f i Biometrics.obj
 0001:00003afc       ?AtlComModuleRegisterServer@ATL@@YGJPAU_ATL_COM_MODULE70@1@HPBU_GUID@@@Z 10004afc f i Biometrics.obj
 0001:00003b84       ?AtlComModuleUnregisterServer@ATL@@YGJPAU_ATL_COM_MODULE70@1@HPBU_GUID@@@Z 10004b84 f i Biometrics.obj
 0001:00003c0c       ?AtlComQIPtrAssign2@ATL@@YAXPAPAUIUnknown@@PAU2@ABU_GUID@@@Z 10004c0c f i Biometrics.obj
 0001:00003c3b       ?AtlCreateTargetDC@ATL@@YGPAUHDC__@@PAU2@PAUtagDVTARGETDEVICE@@@Z 10004c3b f i Biometrics.obj
 0001:00003ca4       ?AtlCrtErrorCheck@ATL@@YAHH@Z 10004ca4 f i Biometrics.obj
 0001:00003cdf       ?AtlHiMetricToPixel@ATL@@YGXPBUtagSIZE@@PAU2@@Z 10004cdf f i Biometrics.obj
 0001:00003d54       ?AtlHresultFromLastError@ATL@@YAJXZ 10004d54 f i Biometrics.obj
 0001:00003d6b       ?AtlHresultFromWin32@ATL@@YAJK@Z 10004d6b f i Biometrics.obj
 0001:00003d80       ?AtlInternalOleLoadFromStream@ATL@@YAJPAUIStream@@ABU_GUID@@PAPAXTClassesAllowedInStream@1@K@Z 10004d80 f i Biometrics.obj
 0001:00003ea9       ?AtlInternalQueryInterface@ATL@@YGJPAXPBU_ATL_INTMAP_ENTRY@1@ABU_GUID@@PAPAX@Z 10004ea9 f i Biometrics.obj
 0001:00003f4c       ?AtlLoadTypeLib@ATL@@YGJPAUHINSTANCE__@@PB_WPAPA_WPAPAUITypeLib@@@Z 10004f4c f i Biometrics.obj
 0001:0000412a       ?AtlRegisterClassCategoriesHelper@ATL@@YGJABU_GUID@@PBU_ATL_CATMAP_ENTRY@1@H@Z 1000512a f i Biometrics.obj
 0001:00004426       ?AtlRegisterTypeLib@ATL@@YGJPAUHINSTANCE__@@PB_W@Z 10005426 f i Biometrics.obj
 0001:000045ae       ?AtlThrowImpl@ATL@@YGXJ@Z  100055ae f i Biometrics.obj
 0001:000045cc       ?AtlUnRegisterTypeLib@ATL@@YGJPAUHINSTANCE__@@PB_W@Z 100055cc f i Biometrics.obj
 0001:00004677       ?AtlWinModuleAddCreateWndData@ATL@@YGXPAU_ATL_WIN_MODULE70@1@PAU_AtlCreateWndData@1@PAX@Z 10005677 f i Biometrics.obj
 0001:000046cb       ?AtlWinModuleExtractCreateWndData@ATL@@YGPAXPAU_ATL_WIN_MODULE70@1@@Z 100056cb f i Biometrics.obj
 0001:0000472f       ?AtlWinModuleRegisterClassExW@ATL@@YGGPAU_ATL_WIN_MODULE70@1@PBUtagWNDCLASSEXW@@@Z 1000572f f i Biometrics.obj
 0001:0000476e       ?CanForceRemoveKey@CRegParser@ATL@@IAEHPB_W@Z 1000576e f i Biometrics.obj
 0001:0000479d       ?ChToByte@CRegParser@ATL@@KAE_W@Z 1000579d f i Biometrics.obj
 0001:00004825       ?Cleanup@CComTypeInfoHolder@ATL@@SGXK@Z 10005825 f i Biometrics.obj
 0001:00004858       ?ClearReplacements@CExpansionVector@ATL@@QAEJXZ 10005858 f i Biometrics.obj
 0001:00004895       ?Close@CRegKey@ATL@@QAEJXZ 10005895 f i Biometrics.obj
 0001:000048af       ?CreateInstance@?$CComCreator@V?$CComAggObject@VCOPOSBiometrics@@@ATL@@@ATL@@SGJPAXABU_GUID@@PAPAX@Z 100058af f i Biometrics.obj
 0001:00004924       ?CreateInstance@?$CComCreator@V?$CComObject@VCOPOSBiometrics@@@ATL@@@ATL@@SGJPAXABU_GUID@@PAPAX@Z 10005924 f i Biometrics.obj
 0001:000049ad       ?CreateInstance@?$CComObject@V?$CComEnum@UIEnumConnectionPoints@@$1?_GUID_b196b285_bab4_101a_b69c_00aa00341d07@@3U__s_GUID@@BPAUIConnectionPoint@@V?$_CopyInterface@UIConnectionPoint@@@ATL@@VCComSingleThreadModel@6@@ATL@@@ATL@@SGJPAPAV12@@Z 100059ad f i Biometrics.obj
 0001:000049f7       ?CreateInstance@?$CComObject@V?$CComEnum@UIEnumConnections@@$1?_GUID_b196b287_bab4_101a_b69c_00aa00341d07@@3U__s_GUID@@BUtagCONNECTDATA@@V?$_Copy@UtagCONNECTDATA@@@ATL@@VCComSingleThreadModel@6@@ATL@@@ATL@@SGJPAPAV12@@Z 100059f7 f i Biometrics.obj
 0001:00004a41       ?DefaultReflectionHandler@?$CWindowImplRoot@VCWindow@ATL@@@ATL@@SAHPAUHWND__@@IIJAAJ@Z 10005a41 f i Biometrics.obj
 0001:00004ae1       ?DeleteSubKey@CRegKey@ATL@@QAEJPB_W@Z 10005ae1 f i Biometrics.obj
 0001:00004b5a       ?DoEvent@COPOSBiometrics@@IAEXIIJ@Z 10005b5a f i Biometrics.obj
 0001:00004bda       ?DoVerbHide@?$IOleObjectImpl@VCOPOSBiometrics@@@ATL@@QAEJPBUtagRECT@@PAUHWND__@@@Z 10005bda f i Biometrics.obj
 0001:00004c10       ?DoVerbInPlaceActivate@?$IOleObjectImpl@VCOPOSBiometrics@@@ATL@@QAEJPBUtagRECT@@PAUHWND__@@@Z 10005c10 f i Biometrics.obj
 0001:00004c43       ?DoVerbPrimary@?$IOleObjectImpl@VCOPOSBiometrics@@@ATL@@QAEJPBUtagRECT@@PAUHWND__@@@Z 10005c43 f i Biometrics.obj
 0001:00004ccf       ?DoVerbProperties@CComControlBase@ATL@@QAEJPBUtagRECT@@PAUHWND__@@@Z 10005ccf f i Biometrics.obj
 0001:00004e4e       ?DoVerbUIActivate@?$IOleObjectImpl@VCOPOSBiometrics@@@ATL@@QAEJPBUtagRECT@@PAUHWND__@@@Z 10005e4e f i Biometrics.obj
 0001:00004e8b       ?DoesVerbActivate@CComControlBase@ATL@@QAEHJ@Z 10005e8b f i Biometrics.obj
 0001:00004eaf       ?DoesVerbUIActivate@CComControlBase@ATL@@QAEHJ@Z 10005eaf f i Biometrics.obj
 0001:00004ee4       ?EndOfVar@CRegParser@ATL@@IAEHXZ 10005ee4 f i Biometrics.obj
 0001:00004f04       ?EscapeSingleQuote@CAtlModule@ATL@@SAXPA_WIPB_W@Z 10005f04 f i Biometrics.obj
 0001:00004f53       ?FindKey@?$CSimpleMap@PA_WPA_WVCExpansionVectorEqualHelper@ATL@@@ATL@@QBEHABQA_W@Z 10005f53 f i Biometrics.obj
 0001:00004f8a       ?FireTheEvent@?$CProxy_IOPOSEvents@VCOPOSBiometrics@@@@IAEXPAVOposVariant@@IAAJPB_WJ@Z 10005f8a f i Biometrics.obj
 0001:0000501c       ?FireViewChange@CComControlBase@ATL@@QAEJXZ 1000601c f i Biometrics.obj
 0001:00005065       ?Fire_DataEvent@?$CProxy_IOPOSEvents@VCOPOSBiometrics@@@@QAEXJ@Z 10006065 f i Biometrics.obj
 0001:000050fb       ?Fire_DirectIOEvent@?$CProxy_IOPOSEvents@VCOPOSBiometrics@@@@QAEXJPAJPAPA_W@Z 100060fb f i Biometrics.obj
 0001:000051e7       ?Fire_ErrorEvent@?$CProxy_IOPOSEvents@VCOPOSBiometrics@@@@QAEXJJJPAJ@Z 100061e7 f i Biometrics.obj
 0001:000052d8       ?Fire_StatusUpdateEvent@?$CProxy_IOPOSEvents@VCOPOSBiometrics@@@@QAEXJ@Z 100062d8 f i Biometrics.obj
 0001:0000536e       ?FreeHeap@?$CTempBuffer@_W$0BAA@VCCRTAllocator@ATL@@@ATL@@AAEXXZ 1000636e f i Biometrics.obj
 0001:0000536e       ?FreeHeap@?$CTempBuffer@E$0BAA@VCCRTAllocator@ATL@@@ATL@@AAEXXZ 1000636e f i Biometrics.obj
 0001:0000536e       ?FreeHeap@?$CTempBuffer@_W$0EAA@VCCRTAllocator@ATL@@@ATL@@AAEXXZ 1000636e f i Biometrics.obj
 0001:00005377       ?GetAmbientLocaleID@CComControlBase@ATL@@QAEJAAK@Z 10006377 f i Biometrics.obj
 0001:000053d3       ?GetAmbientUserMode@CComControlBase@ATL@@QAEJAAH@Z 100063d3 f i Biometrics.obj
 0001:00005443       ?GetAt@CComDynamicUnkArray@ATL@@QAEPAUIUnknown@@H@Z 10006443 f i Biometrics.obj
 0001:0000545f       ?GetClassObject@CComModule@ATL@@QAEJABU_GUID@@0PAPAX@Z 1000645f f i Biometrics.obj
 0001:00005501       ?GetConnMap@COPOSBiometrics@@SAPBU_ATL_CONNMAP_ENTRY@ATL@@PAH@Z 10006501 f i Biometrics.obj
 0001:00005571       ?GetCookie@CComDynamicUnkArray@ATL@@QAGKPAPAUIUnknown@@@Z 10006571 f i Biometrics.obj
 0001:000055a9       ?GetIDsOfNames@CComTypeInfoHolder@ATL@@QAEJABU_GUID@@PAPA_WIKPAJ@Z 100065a9 f i Biometrics.obj
 0001:000056c9       ?GetKeyAt@?$CSimpleMap@PA_WPA_WVCExpansionVectorEqualHelper@ATL@@@ATL@@QBEAAPA_WH@Z 100066c9 f i Biometrics.obj
 0001:000056ee       ?GetPagesHelper@?$ISpecifyPropertyPagesImpl@VCOPOSBiometrics@@@ATL@@IAEJPAUtagCAUUID@@PBUATL_PROPMAP_ENTRY@2@@Z 100066ee f i Biometrics.obj
 0001:00005815       ?GetProperty@?$CComPtr@UIDispatch@@@ATL@@SAJPAUIDispatch@@JPAUtagVARIANT@@@Z 10006815 f i Biometrics.obj
 0001:00005864       ?GetSizeMax@CComVariant@ATL@@QBEJPAT_ULARGE_INTEGER@@@Z 10006864 f i Biometrics.obj
 0001:00005a26       ?GetTI@CComTypeInfoHolder@ATL@@QAEJK@Z 10006a26 f i Biometrics.obj
 0001:00005c06       ?GetTI@CComTypeInfoHolder@ATL@@QAEJKPAPAUITypeInfo@@@Z 10006c06 f i Biometrics.obj
 0001:00005c44       ?GetUnknown@CComDynamicUnkArray@ATL@@QAGPAUIUnknown@@K@Z 10006c44 f i Biometrics.obj
 0001:00005c65       ?GetValueAt@?$CSimpleMap@PA_WPA_WVCExpansionVectorEqualHelper@ATL@@@ATL@@QBEAAPA_WH@Z 10006c65 f i Biometrics.obj
 0001:00005c8b       ?GetZoomInfo@CComControlBase@ATL@@QAEXAAUATL_DRAWINFO@@@Z 10006c8b f i Biometrics.obj
 0001:00005d1e       ?HKeyFromString@CRegParser@ATL@@KAPAUHKEY__@@PA_W@Z 10006d1e f i Biometrics.obj
 0001:00005d4c       ?HasSubKeys@CRegParser@ATL@@IAEHPAUHKEY__@@@Z 10006d4c f i Biometrics.obj
 0001:00005d81       ?IDataObject_GetData@CComControlBase@ATL@@QAEJPAUtagFORMATETC@@PAUtagSTGMEDIUM@@@Z 10006d81 f i Biometrics.obj
 0001:00005f23       ?IOleInPlaceObject_InPlaceDeactivate@CComControlBase@ATL@@QAEJXZ 10006f23 f i Biometrics.obj
 0001:00005faa       ?IOleInPlaceObject_SetObjectRects@CComControlBase@ATL@@QAEJPBUtagRECT@@0@Z 10006faa f i Biometrics.obj
 0001:00006077       ?IOleInPlaceObject_UIDeactivate@CComControlBase@ATL@@QAEJXZ 10007077 f i Biometrics.obj
 0001:00006139       ?IOleObject_Advise@CComControlBase@ATL@@QAEJPAUIAdviseSink@@PAK@Z 10007139 f i Biometrics.obj
 0001:00006163       ?IOleObject_Close@CComControlBase@ATL@@QAEJK@Z 10007163 f i Biometrics.obj
 0001:00006247       ?IOleObject_GetClientSite@CComControlBase@ATL@@QAEJPAPAUIOleClientSite@@@Z 10007247 f i Biometrics.obj
 0001:00006270       ?IOleObject_SetClientSite@CComControlBase@ATL@@QAEJPAUIOleClientSite@@@Z 10007270 f i Biometrics.obj
 0001:000062af       ?IOleObject_SetExtent@CComControlBase@ATL@@QAEJKPAUtagSIZE@@@Z 100072af f i Biometrics.obj
 0001:00006361       ?IPSI_GetIPersistStreamInit@?$IPersistStorageImpl@VCOPOSBiometrics@@@ATL@@AAEPAUIPersistStreamInit@@XZ 10007361 f i Biometrics.obj
 0001:00006409       ?IPersistStreamInit_Load@?$IPersistStreamInitImpl@VCOPOSBiometrics@@@ATL@@QAEJPAUIStream@@PBUATL_PROPMAP_ENTRY@2@@Z 10007409 f i Biometrics.obj
 0001:0000667f       ?IPersistStreamInit_Save@?$IPersistStreamInitImpl@VCOPOSBiometrics@@@ATL@@QAEJPAUIStream@@HPBUATL_PROPMAP_ENTRY@2@@Z 1000767f f i Biometrics.obj
 0001:0000686e       ?IQuickActivate_QuickActivate@CComControlBase@ATL@@QAEJPAUtagQACONTAINER@@PAUtagQACONTROL@@@Z 1000786e f i Biometrics.obj
 0001:00006ab0       ?IViewObject_Draw@CComControlBase@ATL@@QAEJKJPAXPAUtagDVTARGETDEVICE@@PAUHDC__@@2PBU_RECTL@@3@Z 10007ab0 f i Biometrics.obj
 0001:00006b58       ?InPlaceActivate@CComControlBase@ATL@@QAEJJPBUtagRECT@@@Z 10007b58 f i Biometrics.obj
 0001:00006dca       ?Init@?$CComEnumImpl@UIEnumConnectionPoints@@$1?_GUID_b196b285_bab4_101a_b69c_00aa00341d07@@3U__s_GUID@@BPAUIConnectionPoint@@V?$_CopyInterface@UIConnectionPoint@@@ATL@@@ATL@@QAEJPAPAUIConnectionPoint@@0PAUIUnknown@@W4CComEnumFlags@2@@Z 10007dca f i Biometrics.obj
 0001:00006ea6       ?Init@?$CComEnumImpl@UIEnumConnections@@$1?_GUID_b196b287_bab4_101a_b69c_00aa00341d07@@3U__s_GUID@@BUtagCONNECTDATA@@V?$_Copy@UtagCONNECTDATA@@@ATL@@@ATL@@QAEJPAUtagCONNECTDATA@@0PAUIUnknown@@W4CComEnumFlags@2@@Z 10007ea6 f i Biometrics.obj
 0001:00006f82       ?Init@CComModule@ATL@@QAEJPAU_ATL_OBJMAP_ENTRY30@2@PAUHINSTANCE__@@PBU_GUID@@@Z 10007f82 f i Biometrics.obj
 0001:00006fe1       ?Init@CDynamicStdCallThunk2@ATL@@QAEHKPAX@Z 10007fe1 f i Biometrics.obj
 0001:0000700c       ?InlineIsEqualUnknown@ATL@@YGHABU_GUID@@@Z 1000800c f i Biometrics.obj
 0001:00007034       ?InternalSetAtIndex@?$CSimpleMap@PA_WPA_WVCExpansionVectorEqualHelper@ATL@@@ATL@@QAEXHABQA_W0@Z 10008034 f i Biometrics.obj
 0001:0000705e       ?Invoke@CComTypeInfoHolder@ATL@@QAEJPAUIDispatch@@JABU_GUID@@KGPAUtagDISPPARAMS@@PAUtagVARIANT@@PAUtagEXCEPINFO@@PAI@Z 1000805e f i Biometrics.obj
 0001:0000709f       ?IsEqualObject@?$CComPtrBase@UIOleClientSite@@@ATL@@QAE_NPAUIUnknown@@@Z 1000809f f i Biometrics.obj
 0001:0000709f       ?IsEqualObject@?$CComPtrBase@UITypeInfo@@@ATL@@QAE_NPAUIUnknown@@@Z 1000809f f i Biometrics.obj
 0001:0000710b       ?IsSpace@CRegParser@ATL@@IAEH_W@Z 1000810b f i Biometrics.obj
 0001:00007131       ?LoadNameCache@CComTypeInfoHolder@ATL@@QAEJPAUITypeInfo@@@Z 10008131 f i Biometrics.obj
 0001:00007266       ?Lookup@?$CSimpleMap@PA_WPA_WVCExpansionVectorEqualHelper@ATL@@@ATL@@QBEPA_WABQA_W@Z 10008266 f i Biometrics.obj
 0001:0000728c       ?NextToken@CRegParser@ATL@@IAEJPA_W@Z 1000828c f i Biometrics.obj
 0001:000073bb       ?OnKillFocus@CComControlBase@ATL@@QAEJIIJAAH@Z 100083bb f i Biometrics.obj
 0001:00007416       ?OnMouseActivate@CComControlBase@ATL@@QAEJIIJAAH@Z 10008416 f i Biometrics.obj
 0001:00007484       ?OnPaint@CComControlBase@ATL@@QAEJIIJAAH@Z 10008484 f i Biometrics.obj
 0001:0000753b       ?OnSetFocus@CComControlBase@ATL@@QAEJIIJAAH@Z 1000853b f i Biometrics.obj
 0001:000075c6       ?Open@CRegKey@ATL@@QAEJPAUHKEY__@@PB_WK@Z 100085c6 f i Biometrics.obj
 0001:0000761b       ?PreProcessBuffer@CRegParser@ATL@@QAEJPA_WPAPA_W@Z 1000861b f i Biometrics.obj
 0001:0000788b       ?ProcessWindowMessage@?$CComControl@VCOPOSBiometrics@@V?$CWindowImpl@VCOPOSBiometrics@@VCWindow@ATL@@V?$CWinTraits@$0FGAAAAAA@$0A@@3@@ATL@@@ATL@@UAEHPAUHWND__@@IIJAAJK@Z 1000888b f i Biometrics.obj
 0001:00007933       ?ReadFromStream@CComBSTR@ATL@@QAEJPAUIStream@@@Z 10008933 f i Biometrics.obj
 0001:00007a56       ?ReadFromStream@CComVariant@ATL@@QAEJPAUIStream@@GTClassesAllowedInStream@2@K@Z 10008a56 f i Biometrics.obj
 0001:00007be0       ?RecurseDeleteKey@CRegKey@ATL@@QAEJPB_W@Z 10008be0 f i Biometrics.obj
 0001:00007cce       ?RegCreateKeyExW@CAtlTransactionManager@ATL@@QAEJPAUHKEY__@@PB_WKPA_WKKQAU_SECURITY_ATTRIBUTES@@PAPAU3@PAK@Z 10008cce f i Biometrics.obj
 0001:00007d31       ?RegDeleteKeyW@CAtlTransactionManager@ATL@@QAEJPAUHKEY__@@PB_W@Z 10008d31 f i Biometrics.obj
 0001:00007d83       ?RegOpenKeyExW@CAtlTransactionManager@ATL@@QAEJPAUHKEY__@@PB_WKKPAPAU3@@Z 10008d83 f i Biometrics.obj
 0001:00007dda       ?Register@_ATL_WNDCLASSINFOW@ATL@@QAEGPAP6GJPAUHWND__@@IIJ@Z@Z 10008dda f i Biometrics.obj
 0001:00007dfa       ?RegisterBuffer@CRegParser@ATL@@QAEJPA_WH@Z 10008dfa f i Biometrics.obj
 0001:00007f41       ?RegisterFromResource@CRegObject@ATL@@IAEJPB_W00H@Z 10008f41 f i Biometrics.obj
 0001:00008077       ?RegisterServer@?$CAtlModuleT@VCComModule@ATL@@@ATL@@QAEJHPBU_GUID@@@Z 10009077 f i Biometrics.obj
 0001:000080a5       ?RegisterServer@CComModule@ATL@@QAEJHPBU_GUID@@@Z 100090a5 f i Biometrics.obj
 0001:00008116       ?RegisterSubkeys@CRegParser@ATL@@IAEJPA_WPAUHKEY__@@HH@Z 10009116 f i Biometrics.obj
 0001:00008772       ?Remove@CComDynamicUnkArray@ATL@@QAEHK@Z 10009772 f i Biometrics.obj
 0001:0000879b       ?RemoveAll@?$CSimpleMap@PA_WPA_WVCExpansionVectorEqualHelper@ATL@@@ATL@@QAEXXZ 1000979b f i Biometrics.obj
 0001:000087c7       ?ResourceRegisterSz@CRegObject@ATL@@QAGJPB_W00@Z 100097c7 f i Biometrics.obj
 0001:000087f4       ?ResourceUnregisterSz@CRegObject@ATL@@QAGJPB_W00@Z 100097f4 f i Biometrics.obj
 0001:00008821       ?SendOnDataChange@CComControlBase@ATL@@QAEJK@Z 10009821 f i Biometrics.obj
 0001:0000886e       ?SetControlFocus@CComControlBase@ATL@@QAEHH@Z 1000986e f i Biometrics.obj
 0001:00008909       ?SetMultiStringValue@CRegKey@ATL@@QAEJPB_W0@Z 10009909 f i Biometrics.obj
 0001:00008965       ?SetStringValue@CRegKey@ATL@@QAEJPB_W0K@Z 10009965 f i Biometrics.obj
 0001:000089ae       ?SkipAssignment@CRegParser@ATL@@IAEJPA_W@Z 100099ae f i Biometrics.obj
 0001:00008a1a       ?SkipWhiteSpace@CRegParser@ATL@@IAEXXZ 10009a1a f i Biometrics.obj
 0001:00008a43       ?StrChrW@CRegParser@ATL@@KAPA_WPA_W_W@Z 10009a43 f i Biometrics.obj
 0001:00008a80       ?Term@CAtlModule@ATL@@QAEXXZ 10009a80 f i Biometrics.obj
 0001:00008afd       ?Term@CComModule@ATL@@QAEXXZ 10009afd f i Biometrics.obj
 0001:00008b55       ?UnregisterServer@?$CAtlModuleT@VCComModule@ATL@@@ATL@@QAEJHPBU_GUID@@@Z 10009b55 f i Biometrics.obj
 0001:00008b7b       ?UnregisterServer@CComModule@ATL@@QAEJHPBU_GUID@@@Z 10009b7b f i Biometrics.obj
 0001:00008bec       ?UpdateRegistryFromResource@CAtlModule@ATL@@QAGJIHPAU_ATL_REGMAP_ENTRY@2@@Z 10009bec f i Biometrics.obj
 0001:00008db7       ?UpdateRegistryFromResource@CAtlModule@ATL@@QAGJPB_WHPAU_ATL_REGMAP_ENTRY@2@@Z 10009db7 f i Biometrics.obj
 0001:00008f88       ?VTFromRegType@CRegParser@ATL@@KAHPB_WAAG@Z 10009f88 f i Biometrics.obj
 0001:00008ff5       ?WindowProc@?$CWindowImplBaseT@VCWindow@ATL@@V?$CWinTraits@$0FGAAAAAA@$0A@@2@@ATL@@SGJPAUHWND__@@IIJ@Z 10009ff5 f i Biometrics.obj
 0001:000090e3       ?WriteToStream@CComBSTR@ATL@@QAEJPAUIStream@@@Z 1000a0e3 f i Biometrics.obj
 0001:00009145       ?WriteToStream@CComVariant@ATL@@QAEJPAUIStream@@@Z 1000a145 f i Biometrics.obj
 0001:000092bf       ?WriteToStream@CComVariant@ATL@@QAEJPAUIStream@@G@Z 1000a2bf f i Biometrics.obj
 0001:00009328       ?_AtlInitialConstruct@?$CComObjectRootEx@VCComMultiThreadModel@ATL@@@ATL@@QAEJXZ 1000a328 f i Biometrics.obj
 0001:0000933d       ?_AtlVerifyStackAvailable@_ATL_SAFE_ALLOCA_IMPL@ATL@@YA_NK@Z 1000a33d f i Biometrics.obj
 0001:000093bb       ?atlCreate@?$CWindowImpl@VCOPOSBiometrics@@VCWindow@ATL@@V?$CWinTraits@$0FGAAAAAA@$0A@@3@@ATL@@QAEPAUHWND__@@PAU3@V_U_RECT@2@PB_WKKV_U_MENUorID@2@PAX@Z 1000a3bb f i Biometrics.obj
 0001:00009406       ?atlCreate@?$CWindowImplBaseT@VCWindow@ATL@@V?$CWinTraits@$0FGAAAAAA@$0A@@2@@ATL@@QAEPAUHWND__@@PAU3@V_U_RECT@2@PB_WKKV_U_MENUorID@2@GPAX@Z 1000a406 f i Biometrics.obj
 0001:000094a2       ?copy@?$_Copy@UtagCONNECTDATA@@@ATL@@SAJPAUtagCONNECTDATA@@PBU3@@Z 1000a4a2 f i Biometrics.obj
 0001:000094d8       ?copy@?$_CopyInterface@UIConnectionPoint@@@ATL@@SAJPAPAUIConnectionPoint@@PBQAU3@@Z 1000a4d8 f i Biometrics.obj
 0001:00009506       ?memcpy_s@Checked@ATL@@YAXPAXIPBXI@Z 1000a506 f i Biometrics.obj
 0001:00009525       ?ocscpy_s@@YA_NPA_WIPB_W@Z 1000a525 f i Biometrics.obj
 0001:0000956f       ?wcscpy_s@Checked@ATL@@YAXPA_WIPB_W@Z 1000a56f f i Biometrics.obj
 0001:0000958b       _DllCanUnloadNow@0         1000a58b f   Biometrics.obj
 0001:00009597       _DllGetClassObject@12      1000a597 f   Biometrics.obj
 0001:000095a5       _DllMain@12                1000a5a5 f   Biometrics.obj
 0001:000095e7       _DllRegisterServer@0       1000a5e7 f   Biometrics.obj
 0001:000095f6       _DllUnregisterServer@0     1000a5f6 f   Biometrics.obj
 0001:00009605       _InlineIsEqualGUID         1000a605 f i Biometrics.obj
 0001:00009635       ___local_stdio_printf_options 1000a635 f i Biometrics.obj
 0001:0000963b       __vswprintf_s_l            1000a63b f i Biometrics.obj
 0001:000096e8       _swprintf_s                1000a6e8 f i Biometrics.obj
 0001:00009704       ??0?$CComControl@VCOPOSBiometrics@@V?$CWindowImpl@VCOPOSBiometrics@@VCWindow@ATL@@V?$CWinTraits@$0FGAAAAAA@$0A@@3@@ATL@@@ATL@@QAE@XZ 1000a704 f i BiometricsImpl.obj
 0001:0000972b       ??0?$CProxy_IOPOSEvents@VCOPOSBiometrics@@@@QAE@XZ 1000a72b f i BiometricsImpl.obj
 0001:0000974b       ??0CComControlBase@ATL@@QAE@AAPAUHWND__@@@Z 1000a74b f i BiometricsImpl.obj
 0001:0000979b       ??0COPOSBiometrics@@QAE@XZ 1000a79b f   BiometricsImpl.obj
 0001:000097d1       ??1?$CComControl@VCOPOSBiometrics@@V?$CWindowImpl@VCOPOSBiometrics@@VCWindow@ATL@@V?$CWinTraits@$0FGAAAAAA@$0A@@3@@ATL@@@ATL@@UAE@XZ 1000a7d1 f i BiometricsImpl.obj
 0001:000097ea       ??1?$IConnectionPointImpl@VCOPOSBiometrics@@$1?IID_IPropertyNotifySink@@3U_GUID@@BVCComDynamicUnkArray@ATL@@@ATL@@QAE@XZ 1000a7ea f i BiometricsImpl.obj
 0001:000097ea       ??1?$IConnectionPointImpl@VCOPOSBiometrics@@$1?DIID__IOPOSBiometricsEvents@@3U_GUID@@BVCComDynamicUnkArray@ATL@@@ATL@@QAE@XZ 1000a7ea f i BiometricsImpl.obj
 0001:00009827       ??1CComControlBase@ATL@@UAE@XZ 1000a827 f i BiometricsImpl.obj
 0001:0000988a       ??1COPOSBiometrics@@UAE@XZ 1000a88a f   BiometricsImpl.obj
 0001:000098d2       ?BeginEnrollCapture@COPOSBiometrics@@UAGJPA_W0PAJ@Z 1000a8d2 f   BiometricsImpl.obj
 0001:00009952       ?BeginVerifyCapture@COPOSBiometrics@@UAGJPAJ@Z 1000a952 f   BiometricsImpl.obj
 0001:0000996d       ?CheckHealth@COPOSBiometrics@@UAGJJPAJ@Z 1000a96d f   BiometricsImpl.obj
 0001:000099bc       ?ClaimDevice@COPOSBiometrics@@UAGJJPAJ@Z 1000a9bc f   BiometricsImpl.obj
 0001:00009a31       ?ClearInput@COPOSBiometrics@@UAGJPAJ@Z 1000aa31 f   BiometricsImpl.obj
 0001:00009a4c       ?ClearInputProperties@COPOSBiometrics@@UAGJPAJ@Z 1000aa4c f   BiometricsImpl.obj
 0001:00009a67       ?Close@COPOSBiometrics@@UAGJPAJ@Z 1000aa67 f   BiometricsImpl.obj
 0001:00009ad5       ?CompareFirmwareVersion@COPOSBiometrics@@UAGJPA_WPAJ1@Z 1000aad5 f   BiometricsImpl.obj
 0001:00009b55       ?DirectIO@COPOSBiometrics@@UAGJJPAJPAPA_W0@Z 1000ab55 f   BiometricsImpl.obj
 0001:00009c03       ?DoInvoke@COPOSBiometrics@@IAEJJPAVOposVariant@@IHPAJ_N@Z 1000ac03 f   BiometricsImpl.obj
 0001:00009cdf       ?EndCapture@COPOSBiometrics@@UAGJPAJ@Z 1000acdf f   BiometricsImpl.obj
 0001:00009cfa       ?EventClose@COPOSBiometrics@@IAEXXZ 1000acfa f i BiometricsImpl.obj
 0001:00009d2d       ?EventInit@COPOSBiometrics@@IAEJXZ 1000ad2d f i BiometricsImpl.obj
 0001:00009e01       ?EventUninit@COPOSBiometrics@@IAEXXZ 1000ae01 f i BiometricsImpl.obj
 0001:00009e53       ?EventWindowProc@COPOSBiometrics@@IAGJIIJ@Z 1000ae53 f i BiometricsImpl.obj
 0001:00009f27       ?FinalConstruct@COPOSBiometrics@@QAEJXZ 1000af27 f   BiometricsImpl.obj
 0001:00009f60       ?FireEventCleanup@COPOSBiometrics@@IAEXXZ 1000af60 f i BiometricsImpl.obj
 0001:00009f76       ?FireEventSetup@COPOSBiometrics@@IAE_NXZ 1000af76 f i BiometricsImpl.obj
 0001:00009faa       ?FreezeEvents@COPOSBiometrics@@MAGJH@Z 1000afaa f   BiometricsImpl.obj
 0001:0000a003       ?GetOposProp@COPOSBiometrics@@IAEJJPAFJ@Z 1000b003 f   BiometricsImpl.obj
 0001:0000a026       ?GetOposProp@COPOSBiometrics@@IAEJJPAJJ@Z 1000b026 f   BiometricsImpl.obj
 0001:0000a0f5       ?GetOposProp@COPOSBiometrics@@IAEJJPAPA_WJ@Z 1000b0f5 f   BiometricsImpl.obj
 0001:0000a1d1       ?Identify@COPOSBiometrics@@UAGJJJFUtagVARIANT@@PAU2@JPAJ@Z 1000b1d1 f   BiometricsImpl.obj
 0001:0000a2de       ?IdentifyMatch@COPOSBiometrics@@UAGJJJFPA_WUtagVARIANT@@PAU2@PAJ@Z 1000b2de f   BiometricsImpl.obj
 0001:0000a401       ?OnDraw@COPOSBiometrics@@MAEJAAUATL_DRAWINFO@@@Z 1000b401 f   BiometricsImpl.obj
 0001:0000a4a1       ?Open@COPOSBiometrics@@UAGJPA_WPAJ@Z 1000b4a1 f   BiometricsImpl.obj
 0001:0000acdc       ?ProcessPrematchData@COPOSBiometrics@@UAGJPA_W0PAPA_WPAJ@Z 1000bcdc f   BiometricsImpl.obj
 0001:0000ad94       ?ReleaseDevice@COPOSBiometrics@@UAGJPAJ@Z 1000bd94 f   BiometricsImpl.obj
 0001:0000ade3       ?ResetStatistics@COPOSBiometrics@@UAGJPA_WPAJ@Z 1000bde3 f   BiometricsImpl.obj
 0001:0000ae3a       ?RetrieveStatistics@COPOSBiometrics@@UAGJPAPA_WPAJ@Z 1000be3a f   BiometricsImpl.obj
 0001:0000ae91       ?SOProcessID@COPOSBiometrics@@UAGJPAJ@Z 1000be91 f   BiometricsImpl.obj
 0001:0000aea5       ?SetCOFreezeEvents@COPOSBiometrics@@IAEXF@Z 1000bea5 f   BiometricsImpl.obj
 0001:0000af45       ?SetOposProp@COPOSBiometrics@@IAEJJJJ@Z 1000bf45 f   BiometricsImpl.obj
 0001:0000b03c       ?UpdateFirmware@COPOSBiometrics@@UAGJPA_WPAJ@Z 1000c03c f   BiometricsImpl.obj
 0001:0000b093       ?UpdateStatistics@COPOSBiometrics@@UAGJPA_WPAJ@Z 1000c093 f   BiometricsImpl.obj
 0001:0000b0ea       ?Verify@COPOSBiometrics@@UAGJJJFPA_WPAPA_WPAFPAJ31J3@Z 1000c0ea f   BiometricsImpl.obj
 0001:0000b261       ?VerifyMatch@COPOSBiometrics@@UAGJJJFPA_W0PAPA_WPAFPAJ313@Z 1000c261 f   BiometricsImpl.obj
 0001:0000b3eb       ?get_Algorithm@COPOSBiometrics@@UAGJPAJ@Z 1000c3eb f   BiometricsImpl.obj
 0001:0000b404       ?get_AlgorithmList@COPOSBiometrics@@UAGJPAPA_W@Z 1000c404 f   BiometricsImpl.obj
 0001:0000b41d       ?get_AutoDisable@COPOSBiometrics@@UAGJPAF@Z 1000c41d f   BiometricsImpl.obj
 0001:0000b433       ?get_BIR@COPOSBiometrics@@UAGJPAPA_W@Z 1000c433 f   BiometricsImpl.obj
 0001:0000b44c       ?get_BinaryConversion@COPOSBiometrics@@UAGJPAJ@Z 1000c44c f   BiometricsImpl.obj
 0001:0000b462       ?get_CapCompareFirmwareVersion@COPOSBiometrics@@UAGJPAF@Z 1000c462 f   BiometricsImpl.obj
 0001:0000b47b       ?get_CapPowerReporting@COPOSBiometrics@@UAGJPAJ@Z 1000c47b f   BiometricsImpl.obj
 0001:0000b494       ?get_CapPrematchData@COPOSBiometrics@@UAGJPAF@Z 1000c494 f   BiometricsImpl.obj
 0001:0000b4ad       ?get_CapRawSensorData@COPOSBiometrics@@UAGJPAF@Z 1000c4ad f   BiometricsImpl.obj
 0001:0000b4c6       ?get_CapRealTimeData@COPOSBiometrics@@UAGJPAF@Z 1000c4c6 f   BiometricsImpl.obj
 0001:0000b4df       ?get_CapSensorColor@COPOSBiometrics@@UAGJPAJ@Z 1000c4df f   BiometricsImpl.obj
 0001:0000b4f8       ?get_CapSensorOrientation@COPOSBiometrics@@UAGJPAJ@Z 1000c4f8 f   BiometricsImpl.obj
 0001:0000b511       ?get_CapSensorType@COPOSBiometrics@@UAGJPAJ@Z 1000c511 f   BiometricsImpl.obj
 0001:0000b52a       ?get_CapStatisticsReporting@COPOSBiometrics@@UAGJPAF@Z 1000c52a f   BiometricsImpl.obj
 0001:0000b543       ?get_CapTemplateAdaptation@COPOSBiometrics@@UAGJPAF@Z 1000c543 f   BiometricsImpl.obj
 0001:0000b55c       ?get_CapUpdateFirmware@COPOSBiometrics@@UAGJPAF@Z 1000c55c f   BiometricsImpl.obj
 0001:0000b575       ?get_CapUpdateStatistics@COPOSBiometrics@@UAGJPAF@Z 1000c575 f   BiometricsImpl.obj
 0001:0000b58e       ?get_CheckHealthText@COPOSBiometrics@@UAGJPAPA_W@Z 1000c58e f   BiometricsImpl.obj
 0001:0000b5a7       ?get_Claimed@COPOSBiometrics@@UAGJPAF@Z 1000c5a7 f   BiometricsImpl.obj
 0001:0000b5bd       ?get_ControlObjectDescription@COPOSBiometrics@@UAGJPAPA_W@Z 1000c5bd f   BiometricsImpl.obj
 0001:0000b60b       ?get_ControlObjectVersion@COPOSBiometrics@@UAGJPAJ@Z 1000c60b f   BiometricsImpl.obj
 0001:0000b61e       ?get_DataCount@COPOSBiometrics@@UAGJPAJ@Z 1000c61e f   BiometricsImpl.obj
 0001:0000b634       ?get_DataEventEnabled@COPOSBiometrics@@UAGJPAF@Z 1000c634 f   BiometricsImpl.obj
 0001:0000b64a       ?get_DeviceDescription@COPOSBiometrics@@UAGJPAPA_W@Z 1000c64a f   BiometricsImpl.obj
 0001:0000b663       ?get_DeviceEnabled@COPOSBiometrics@@UAGJPAF@Z 1000c663 f   BiometricsImpl.obj
 0001:0000b679       ?get_DeviceName@COPOSBiometrics@@UAGJPAPA_W@Z 1000c679 f   BiometricsImpl.obj
 0001:0000b692       ?get_FreezeEvents@COPOSBiometrics@@UAGJPAF@Z 1000c692 f   BiometricsImpl.obj
 0001:0000b6a8       ?get_OpenResult@COPOSBiometrics@@UAGJPAJ@Z 1000c6a8 f   BiometricsImpl.obj
 0001:0000b6bf       ?get_PowerNotify@COPOSBiometrics@@UAGJPAJ@Z 1000c6bf f   BiometricsImpl.obj
 0001:0000b6d5       ?get_PowerState@COPOSBiometrics@@UAGJPAJ@Z 1000c6d5 f   BiometricsImpl.obj
 0001:0000b6eb       ?get_RawSensorData@COPOSBiometrics@@UAGJPAPA_W@Z 1000c6eb f   BiometricsImpl.obj
 0001:0000b704       ?get_RealTimeDataEnabled@COPOSBiometrics@@UAGJPAF@Z 1000c704 f   BiometricsImpl.obj
 0001:0000b71d       ?get_ResultCode@COPOSBiometrics@@UAGJPAJ@Z 1000c71d f   BiometricsImpl.obj
 0001:0000b75b       ?get_ResultCodeExtended@COPOSBiometrics@@UAGJPAJ@Z 1000c75b f   BiometricsImpl.obj
 0001:0000b771       ?get_SensorBPP@COPOSBiometrics@@UAGJPAJ@Z 1000c771 f   BiometricsImpl.obj
 0001:0000b78a       ?get_SensorColor@COPOSBiometrics@@UAGJPAJ@Z 1000c78a f   BiometricsImpl.obj
 0001:0000b7a3       ?get_SensorHeight@COPOSBiometrics@@UAGJPAJ@Z 1000c7a3 f   BiometricsImpl.obj
 0001:0000b7bc       ?get_SensorOrientation@COPOSBiometrics@@UAGJPAJ@Z 1000c7bc f   BiometricsImpl.obj
 0001:0000b7d5       ?get_SensorType@COPOSBiometrics@@UAGJPAJ@Z 1000c7d5 f   BiometricsImpl.obj
 0001:0000b7ee       ?get_SensorWidth@COPOSBiometrics@@UAGJPAJ@Z 1000c7ee f   BiometricsImpl.obj
 0001:0000b807       ?get_ServiceObjectDescription@COPOSBiometrics@@UAGJPAPA_W@Z 1000c807 f   BiometricsImpl.obj
 0001:0000b820       ?get_ServiceObjectVersion@COPOSBiometrics@@UAGJPAJ@Z 1000c820 f   BiometricsImpl.obj
 0001:0000b836       ?get_State@COPOSBiometrics@@UAGJPAJ@Z 1000c836 f   BiometricsImpl.obj
 0001:0000b862       ?put_Algorithm@COPOSBiometrics@@UAGJJ@Z 1000c862 f   BiometricsImpl.obj
 0001:0000b87b       ?put_AutoDisable@COPOSBiometrics@@UAGJF@Z 1000c87b f   BiometricsImpl.obj
 0001:0000b898       ?put_BinaryConversion@COPOSBiometrics@@UAGJJ@Z 1000c898 f   BiometricsImpl.obj
 0001:0000b8ae       ?put_DataEventEnabled@COPOSBiometrics@@UAGJF@Z 1000c8ae f   BiometricsImpl.obj
 0001:0000b8cb       ?put_DeviceEnabled@COPOSBiometrics@@UAGJF@Z 1000c8cb f   BiometricsImpl.obj
 0001:0000b8e8       ?put_FreezeEvents@COPOSBiometrics@@UAGJF@Z 1000c8e8 f   BiometricsImpl.obj
 0001:0000b934       ?put_PowerNotify@COPOSBiometrics@@UAGJJ@Z 1000c934 f   BiometricsImpl.obj
 0001:0000b94a       ?put_RealTimeDataEnabled@COPOSBiometrics@@UAGJF@Z 1000c94a f   BiometricsImpl.obj
 0001:0000b96a       ?put_SensorColor@COPOSBiometrics@@UAGJJ@Z 1000c96a f   BiometricsImpl.obj
 0001:0000b983       ?put_SensorOrientation@COPOSBiometrics@@UAGJJ@Z 1000c983 f   BiometricsImpl.obj
 0001:0000b99c       ?put_SensorType@COPOSBiometrics@@UAGJJ@Z 1000c99c f   BiometricsImpl.obj
 0001:0000b9b5       ?s_EventWindowProc@COPOSBiometrics@@KGJPAUHWND__@@IIJ@Z 1000c9b5 f i BiometricsImpl.obj
 0001:0000ba07       ??_U@YAPAXI@Z              1000ca07 f   LIBCMT:new_array.obj
 0001:0000ba10       ??3@YAXPAXI@Z              1000ca10 f   LIBCMT:delete_scalar_size.obj
 0001:0000ba1e       ??_V@YAXPAX@Z              1000ca1e f   LIBCMT:delete_array.obj
 0001:0000ba23       ??_V@YAXPAXI@Z             1000ca23 f   LIBCMT:delete_array_size.obj
 0001:0000ba75       ___scrt_acquire_startup_lock 1000ca75 f   LIBCMT:utility.obj
 0001:0000baa7       ___scrt_dllmain_after_initialize_c 1000caa7 f   LIBCMT:utility.obj
 0001:0000bad2       ___scrt_dllmain_before_initialize_c 1000cad2 f   LIBCMT:utility.obj
 0001:0000bae0       ___scrt_dllmain_crt_thread_attach 1000cae0 f   LIBCMT:utility.obj
 0001:0000baff       ___scrt_dllmain_crt_thread_detach 1000caff f   LIBCMT:utility.obj
 0001:0000bb0c       ___scrt_dllmain_exception_filter 1000cb0c f   LIBCMT:utility.obj
 0001:0000bb40       ___scrt_dllmain_uninitialize_c 1000cb40 f   LIBCMT:utility.obj
 0001:0000bb63       ___scrt_dllmain_uninitialize_critical 1000cb63 f   LIBCMT:utility.obj
 0001:0000bb70       ___scrt_initialize_crt     1000cb70 f   LIBCMT:utility.obj
 0001:0000bba9       ___scrt_initialize_onexit_tables 1000cba9 f   LIBCMT:utility.obj
 0001:0000bc30       ___scrt_is_nonwritable_in_current_image 1000cc30 f   LIBCMT:utility.obj
 0001:0000bcc4       ___scrt_release_startup_lock 1000ccc4 f   LIBCMT:utility.obj
[...]
 0002:000064f0       Magic                      100274f0     libucrt:log10_pentium4.obj
 0002:00006500       hi_mask                    10027500     libucrt:log10_pentium4.obj
 0002:00006510       LOG10_2                    10027510     libucrt:log10_pentium4.obj
 0002:00006520       place_L                    10027520     libucrt:log10_pentium4.obj
 0002:00006540       One                        10027540     libucrt:log10_pentium4.obj
 0002:00006550       Zero                       10027550     libucrt:log10_pentium4.obj
 0002:00006560       Two52                      10027560     libucrt:log10_pentium4.obj
 0002:00006570       Infs                       10027570     libucrt:log10_pentium4.obj
 0002:00006580       NaN                        10027580     libucrt:log10_pentium4.obj
 0002:00006590       coeff                      10027590     libucrt:log10_pentium4.obj
 0002:000065ee       _log2max                   100275ee     libucrt:87tran.obj
 0002:000065f8       _smallarg                  100275f8     libucrt:87tran.obj
 0002:00006602       _half                      10027602     libucrt:87tran.obj
 0002:0000664e       One                        1002764e     libucrt:87disp.obj
 0002:00006656       Three                      10027656     libucrt:87disp.obj
 0002:0000665e       XAMtoTagTab                1002765e     libucrt:87disp.obj
 0002:00006670       One                        10027670     libucrt:common.obj
 0002:00006684       DblMax                     10027684     libucrt:common.obj
 0002:0000668c       DblMin                     1002768c     libucrt:common.obj
 0002:00006694       IeeeAdjO                   10027694     libucrt:common.obj
 0002:0000669c       IeeeAdjU                   1002769c     libucrt:common.obj
 0002:000066a4       _infinity                  100276a4     libucrt:common.obj
 0002:000066ac       _zero                      100276ac     libucrt:common.obj
 0002:000066f8       _over                      100276f8     libucrt:fpctrl.obj
 0002:00006704       _under                     10027704     libucrt:fpctrl.obj
 0002:00006f38       ?_names@?1??_get_fname@@9@4QBU<unnamed-type-_names>@?1??1@YAPADI@Z@B 10027f38     libucrt:fpexcept.obj
 0002:000070e0       two32                      100280e0     LIBCMT:ftol2.obj
 0002:000070e4       two63                      100280e4     LIBCMT:ftol2.obj
 0002:000070e8       _NaN                       100280e8     LIBCMT:ftol2.obj
 0002:00007818       __sehtable$?_AtlVerifyStackAvailable@_ATL_SAFE_ALLOCA_IMPL@ATL@@YA_NK@Z 10028818     Biometrics.obj
 0002:00007838       __sehtable$___scrt_is_nonwritable_in_current_image 10028838     LIBCMT:utility.obj
 0002:00007854       __catchsym$??2@YAPAXIABUnothrow_t@std@@@Z$2 10028854     LIBCMT:new_scalar_nothrow.obj
 0002:00007864       __unwindtable$??2@YAPAXIABUnothrow_t@std@@@Z 10028864     LIBCMT:new_scalar_nothrow.obj
 0002:00007874       __tryblocktable$??2@YAPAXIABUnothrow_t@std@@@Z 10028874     LIBCMT:new_scalar_nothrow.obj
 0002:00007888       __ehfuncinfo$??2@YAPAXIABUnothrow_t@std@@@Z 10028888     LIBCMT:new_scalar_nothrow.obj
 0002:000078b0       __sehtable$?dllmain_crt_process_attach@@YAHQAUHINSTANCE__@@QAX@Z 100288b0     LIBCMT:dll_dllmain.obj
 0002:000078d0       __sehtable$?dllmain_crt_process_detach@@YAH_N@Z 100288d0     LIBCMT:dll_dllmain.obj
 0002:000078f8       __sehtable$?dllmain_dispatch@@YAHQAUHINSTANCE__@@KQAX@Z 100288f8     LIBCMT:dll_dllmain.obj
 0002:000079a8       __sehtable$___DestructExceptionObject 100289a8     libvcruntime:ehhelpers.obj
 0002:000079c8       __sehtable$?FrameUnwindToState@__FrameHandler3@@SAXPAUEHRegistrationNode@@PAXPBU_s_FuncInfo@@H@Z 100289c8     libvcruntime:frame.obj
 0002:000079f0       __sehtable$?CallCatchBlock@@YAPAXPAUEHExceptionRecord@@PAUEHRegistrationNode@@PAU_CONTEXT@@PBU_s_FuncInfo@@PAXHK@Z 100289f0     libvcruntime:frame.obj
 0002:00007a18       __catchsym$?CallUnexpected@@YAXPBU_s_ESTypeList@@@Z$2 10028a18     libvcruntime:frame.obj
 0002:00007a28       __unwindtable$?CallUnexpected@@YAXPBU_s_ESTypeList@@@Z 10028a28     libvcruntime:frame.obj
 0002:00007a38       __tryblocktable$?CallUnexpected@@YAXPBU_s_ESTypeList@@@Z 10028a38     libvcruntime:frame.obj
 0002:00007a4c       __ehfuncinfo$?CallUnexpected@@YAXPBU_s_ESTypeList@@@Z 10028a4c     libvcruntime:frame.obj
 0002:00007a70       __sehtable$??$BuildCatchObjectHelperInternal@V__FrameHandler3@@@@YAHPAUEHExceptionRecord@@PAXPBU_s_HandlerType@@PBU_s_CatchableType@@@Z 10028a70     libvcruntime:frame.obj
 0002:00007a90       __sehtable$??$BuildCatchObjectInternal@V__FrameHandler3@@@@YAXPAUEHExceptionRecord@@PAXPBU_s_HandlerType@@PBU_s_CatchableType@@@Z 10028a90     libvcruntime:frame.obj
 0002:00007ae4       __ehfuncinfo$?write_double_translated_ansi_nolock@@YA?AUwrite_result@?A0x17268360@@HQBDIAAV__crt_cached_ptd_host@@@Z 10028ae4     libucrt:write.obj
 0002:00007ae4       __ehfuncinfo$?try_cor_exit_process@@YAXI@Z 10028ae4     libucrt:exit.obj
 0002:00007b08       __unwindtable$?common_exit@@YAXHW4_crt_exit_cleanup_mode@@W4_crt_exit_return_mode@@@Z 10028b08     libucrt:exit.obj
 0002:00007b10       __ehfuncinfo$?common_exit@@YAXHW4_crt_exit_cleanup_mode@@W4_crt_exit_return_mode@@@Z 10028b10     libucrt:exit.obj
 0002:00007b38       __sehtable$??R<lambda_6e4b09c48022b2350581041d5f6b0c4c>@@QBE@XZ 10028b38     libucrt:exit.obj
 0002:00007b58       __sehtable$??$?RV<lambda_03b1d95aef87969028cfba75ccab2455>@@AAV<lambda_6e4b09c48022b2350581041d5f6b0c4c>@@V<lambda_22bdf7517842c4b3e53723af5aa32b9e>@@@?$__crt_seh_guarded_call@X@@QAEX$$QAV<lambda_03b1d95aef87969028cfba75ccab2455>@@AAV<lambda_6e4b09c48022b2350581041d5f6b0c4c>@@$$QAV<lambda_22bdf7517842c4b3e53723af5aa32b9e>@@@Z 10028b58     libucrt:exit.obj
 0002:00007b74       __unwindtable$___dcrt_uninitialize_environments_nolock 10028b74     libucrt:environment_initialization.obj
 0002:00007b84       __ehfuncinfo$___dcrt_uninitialize_environments_nolock 10028b84     libucrt:environment_initialization.obj
 0002:00007ba8       __unwindtable$__execute_onexit_table 10028ba8     libucrt:onexit.obj
 0002:00007bb0       __ehfuncinfo$__execute_onexit_table 10028bb0     libucrt:onexit.obj
 0002:00007bd8       __sehtable$??$?RV<lambda_8e746cf0007f6ed984d6f78af1fec997>@@AAV<lambda_22ebabd17bc4fa466a2aca6d8deb888d>@@V<lambda_18ed0c0b38a6dc0daf1e7ac6d6adf05e>@@@?$__crt_seh_guarded_call@H@@QAEH$$QAV<lambda_8e746cf0007f6ed984d6f78af1fec997>@@AAV<lambda_22ebabd17bc4fa466a2aca6d8deb888d>@@$$QAV<lambda_18ed0c0b38a6dc0daf1e7ac6d6adf05e>@@@Z 10028bd8     libucrt:onexit.obj
 0002:00007bf8       __sehtable$??$?RV<lambda_69a2805e680e0e292e8ba93315fe43a8>@@AAV<lambda_f03950bc5685219e0bcd2087efbe011e>@@V<lambda_03fcd07e894ec930e3f35da366ca99d6>@@@?$__crt_seh_guarded_call@H@@QAEH$$QAV<lambda_69a2805e680e0e292e8ba93315fe43a8>@@AAV<lambda_f03950bc5685219e0bcd2087efbe011e>@@$$QAV<lambda_03fcd07e894ec930e3f35da366ca99d6>@@@Z 10028bf8     libucrt:onexit.obj
 0002:00007c18       __sehtable$__query_new_handler 10028c18     libucrt:new_handler.obj
 0002:00007c38       __sehtable$_terminate      10028c38     libucrt:terminate.obj
 0002:00007c58       __sehtable$??$?RV<lambda_15ade71b0218206bbe3333a0c9b79046>@@AAV<lambda_da44e0f8b0f19ba52fefafb335991732>@@V<lambda_207f2d024fc103971653565357d6cd41>@@@?$__crt_seh_guarded_call@X@@QAEX$$QAV<lambda_15ade71b0218206bbe3333a0c9b79046>@@AAV<lambda_da44e0f8b0f19ba52fefafb335991732>@@$$QAV<lambda_207f2d024fc103971653565357d6cd41>@@@Z 10028c58     libucrt:per_thread_data.obj
 0002:00007c78       __sehtable$??$?RV<lambda_a7e850c220f1c8d1e6efeecdedd162c6>@@AAV<lambda_46720907175c18b6c9d2717bc0d2d362>@@V<lambda_9048902d66e8d99359bc9897bbb930a8>@@@?$__crt_seh_guarded_call@X@@QAEX$$QAV<lambda_a7e850c220f1c8d1e6efeecdedd162c6>@@AAV<lambda_46720907175c18b6c9d2717bc0d2d362>@@$$QAV<lambda_9048902d66e8d99359bc9897bbb930a8>@@@Z 10028c78     libucrt:per_thread_data.obj
 0002:00007c98       __sehtable$??$?RV<lambda_38edbb1296d33220d7e4dd0ed76b244a>@@AAV<lambda_5ce1d447e08cb34b2473517608e21441>@@V<lambda_fb385d3da700c9147fc39e65dd577a8c>@@@?$__crt_seh_guarded_call@X@@QAEX$$QAV<lambda_38edbb1296d33220d7e4dd0ed76b244a>@@AAV<lambda_5ce1d447e08cb34b2473517608e21441>@@$$QAV<lambda_fb385d3da700c9147fc39e65dd577a8c>@@@Z 10028c98     libucrt:per_thread_data.obj
 0002:00007cb8       __sehtable$??$?RV<lambda_6affb1475c98b40b75cdec977db92e3c>@@AAV<lambda_b8d4b9c228a6ecc3f80208dbb4b4a104>@@V<lambda_608742c3c92a14382c1684fc64f96c88>@@@?$__crt_seh_guarded_call@X@@QAEX$$QAV<lambda_6affb1475c98b40b75cdec977db92e3c>@@AAV<lambda_b8d4b9c228a6ecc3f80208dbb4b4a104>@@$$QAV<lambda_608742c3c92a14382c1684fc64f96c88>@@@Z 10028cb8     libucrt:per_thread_data.obj
 0002:00007cd8       __sehtable$??$?RV<lambda_e5124f882df8998aaf41531e079ba474>@@AAV<lambda_3e16ef9562a7dcce91392c22ab16ea36>@@V<lambda_e25ca0880e6ef98be67edffd8c599615>@@@?$__crt_seh_guarded_call@X@@QAEX$$QAV<lambda_e5124f882df8998aaf41531e079ba474>@@AAV<lambda_3e16ef9562a7dcce91392c22ab16ea36>@@$$QAV<lambda_e25ca0880e6ef98be67edffd8c599615>@@@Z 10028cd8     libucrt:wsetlocale.obj
 0002:00007cf8       __sehtable$___acrt_initialize_lowio 10028cf8     libucrt:ioinit.obj
 0002:00007d18       __sehtable$?update_thread_multibyte_data_internal@@YAPAU__crt_multibyte_data@@QAU__acrt_ptd@@QAPAU1@@Z 10028d18     libucrt:mbctype.obj
 0002:00007d38       __sehtable$??$?RV<lambda_ceb1ee4838e85a9d631eb091e2fbe199>@@AAV<lambda_ae742caa10f662c28703da3d2ea5e57e>@@V<lambda_cd08b5d6af4937fe54fc07d0c9bf6b37>@@@?$__crt_seh_guarded_call@X@@QAEX$$QAV<lambda_ceb1ee4838e85a9d631eb091e2fbe199>@@AAV<lambda_ae742caa10f662c28703da3d2ea5e57e>@@$$QAV<lambda_cd08b5d6af4937fe54fc07d0c9bf6b37>@@@Z 10028d38     libucrt:mbctype.obj
 0002:00007d58       __sehtable$_raise          10028d58     libucrt:signal.obj
 0002:00007d78       __sehtable$??$?RV<lambda_cbab9ec6f41b0180b23cc171c22676b0>@@AAV<lambda_44731a7d0e6d81c3e6aa82d741081786>@@V<lambda_4b292cb8dd18144e164572427af410ab>@@@?$__crt_seh_guarded_call@P6AXH@Z@@QAEP6AXH@Z$$QAV<lambda_cbab9ec6f41b0180b23cc171c22676b0>@@AAV<lambda_44731a7d0e6d81c3e6aa82d741081786>@@$$QAV<lambda_4b292cb8dd18144e164572427af410ab>@@@Z 10028d78     libucrt:signal.obj
 0002:00007d98       __sehtable$??$?RV<lambda_2866be3712abc81a800a822484c830d8>@@AAV<lambda_39ca0ed439415581b5b15c265174cece>@@V<lambda_2b24c74d71094a6cd0cb82e44167d71b>@@@?$__crt_seh_guarded_call@X@@QAEX$$QAV<lambda_2866be3712abc81a800a822484c830d8>@@AAV<lambda_39ca0ed439415581b5b15c265174cece>@@$$QAV<lambda_2b24c74d71094a6cd0cb82e44167d71b>@@@Z 10028d98     libucrt:fflush.obj
 0002:00007db8       __sehtable$??$?RV<lambda_2cc53f568c5a2bb6f192f930a45d44ea>@@AAV<lambda_ab61a845afdef5b7c387490eaf3616ee>@@V<lambda_c2ffc0b7726aa6be21d5f0026187e748>@@@?$__crt_seh_guarded_call@X@@QAEX$$QAV<lambda_2cc53f568c5a2bb6f192f930a45d44ea>@@AAV<lambda_ab61a845afdef5b7c387490eaf3616ee>@@$$QAV<lambda_c2ffc0b7726aa6be21d5f0026187e748>@@@Z 10028db8     libucrt:fflush.obj
 0002:00007dd8       __sehtable$___acrt_update_thread_locale_data 10028dd8     libucrt:locale_refcounting.obj
 0002:00007df8       __sehtable$__fcloseall     10028df8     libucrt:closeall.obj
 0002:00007e18       __sehtable$___acrt_lowio_ensure_fh_exists 10028e18     libucrt:osfinfo.obj
 0002:00007e38       __sehtable$??$?RV<lambda_9e9de3de5fa147e2223d7db92bc10aa6>@@AAV<lambda_38ce7e780aa69e748d6df282ebc68efe>@@V<lambda_8ca6da459f0f6780f1cff60fdc3d00e5>@@@?$__crt_seh_guarded_call@H@@QAEH$$QAV<lambda_9e9de3de5fa147e2223d7db92bc10aa6>@@AAV<lambda_38ce7e780aa69e748d6df282ebc68efe>@@$$QAV<lambda_8ca6da459f0f6780f1cff60fdc3d00e5>@@@Z 10028e38     libucrt:commit.obj
 0002:00007e58       __sehtable$__write_internal 10028e58     libucrt:write.obj
 0002:00007e78       __sehtable$?_fclose_internal@@YAHQAU_iobuf@@AAV__crt_cached_ptd_host@@@Z 10028e78     libucrt:fclose.obj
 0002:00007e98       __sehtable$??$?RV<lambda_d422a76eb4c3bf3ad751449ab71a6ea4>@@AAV<lambda_c9ba49e555ba839a7b07aa3fbecb7617>@@V<lambda_9476263c8ee91a25d21c55370bdb50de>@@@?$__crt_seh_guarded_call@H@@QAEH$$QAV<lambda_d422a76eb4c3bf3ad751449ab71a6ea4>@@AAV<lambda_c9ba49e555ba839a7b07aa3fbecb7617>@@$$QAV<lambda_9476263c8ee91a25d21c55370bdb50de>@@@Z 10028e98     libucrt:close.obj
 0002:00007eb8       __sehtable$___set_fpsr_sse2 10028eb8     libucrt:fpctrl.obj
 0002:00007ed8       __sehtable$__IsNonwritableInCurrentImage 10028ed8     LIBCMT:pesect.obj
 0002:00007f00       .edata                     10028f00     OPOSBiometrics.exp
 0002:00007f28       rgpv                       10028f28     OPOSBiometrics.exp
 0002:00007f38       rgszName                   10028f38     OPOSBiometrics.exp
 0002:00007f48       rgwOrd                     10028f48     OPOSBiometrics.exp
 0002:00007f50       szName                     10028f50     OPOSBiometrics.exp
 0002:00007f63       $N00001                    10028f63     OPOSBiometrics.exp
 0002:00007f73       $N00002                    10028f73     OPOSBiometrics.exp
 0002:00007f85       $N00003                    10028f85     OPOSBiometrics.exp
 0002:00007f97       $N00004                    10028f97     OPOSBiometrics.exp
 0002:000085aa       .idata$6                   100295aa     kernel32:KERNEL32.dll
 0002:000087be       .idata$6                   100297be     user32:USER32.dll
 0002:000088f2       .idata$6                   100298f2     gdi32:GDI32.dll
 0002:00008998       .idata$6                   10029998     advapi32:ADVAPI32.dll
 0002:00008ab4       .idata$6                   10029ab4     ole32:ole32.dll
 0002:00008abe       .idata$6                   10029abe     oleaut32:OLEAUT32.dll
 0003:00000110       ?ObjectMap@@3PAU_ATL_OBJMAP_ENTRY30@ATL@@A 1002a110     Biometrics.obj
 0003:000001d0       ?s_SOMethodNames@@3PAPADA  1002a1d0     BiometricsImpl.obj
 0003:0000023c       ?s_RequiredMethodsPerRelease@@3PAHA 1002a23c     BiometricsImpl.obj
 0003:00000260       ?__vcrt_flsindex@@3KA      1002a260     libvcruntime:per_thread_data.obj
 0003:00000280       ?errno_no_memory@@3HA      1002a280     libucrt:errno.obj
 0003:00000284       ?doserrno_no_memory@@3KA   1002a284     libucrt:errno.obj
 0003:00000290       ?__acrt_flsindex@@3KA      1002a290     libucrt:per_thread_data.obj
 0003:00000628       __mbctypes                 1002a628     libucrt:mbctype.obj
 0003:00000730       __mbcasemaps               1002a730     libucrt:mbctype.obj
 0003:00000830       ?__rgctypeflag@@3PADA      1002a830     libucrt:mbctype.obj
 0003:00000838       ?__rgcode_page_info@@3PAUcode_page_info@@A 1002a838     libucrt:mbctype.obj
 0003:00000a90       ?__dcrt_lowio_console_output_handle@@3PAXA 1002aa90     libucrt:initcon.obj
 0003:00000a94       ?__DAZ_ENABLED@?1??__set_fpsr_sse2@@9@9 1002aa94     libucrt:fpctrl.obj
 0003:00000c28       ?is_initialized_as_dll@@3_NA 1002ac28     LIBCMT:utility.obj
 0003:00000c29       ?module_local_atexit_table_initialized@@3_NA 1002ac29     LIBCMT:utility.obj
 0003:00000c2c       ?module_local_atexit_table@@3U_onexit_table_t@@A 1002ac2c     LIBCMT:utility.obj
 0003:00000c38       ?module_local_at_quick_exit_table@@3U_onexit_table_t@@A 1002ac38     LIBCMT:utility.obj
 0003:00000c44       ?g_tss_cv@@3U_RTL_CONDITION_VARIABLE@@A 1002ac44     LIBCMT:thread_safe_statics.obj
 0003:00000c48       ?g_tss_event@@3PAXA        1002ac48     LIBCMT:thread_safe_statics.obj
 0003:00000c4c       ?g_tss_mutex@@3U_RTL_CRITICAL_SECTION@@A 1002ac4c     LIBCMT:thread_safe_statics.obj
 0003:00000c64       ?g_sleep_condition_variable_cs@@3P6GHPAU_RTL_CONDITION_VARIABLE@@PAU_RTL_CRITICAL_SECTION@@K@ZA 1002ac64     LIBCMT:thread_safe_statics.obj
 0003:00000c68       ?g_wake_all_condition_variable@@3P6GXPAU_RTL_CONDITION_VARIABLE@@@ZA 1002ac68     LIBCMT:thread_safe_statics.obj
 0003:00000c70       _GS_ExceptionRecord        1002ac70     LIBCMT:gs_report.obj
 0003:00000cc0       _GS_ContextRecord          1002acc0     LIBCMT:gs_report.obj
 0003:00000f90       ?__proc_attached@@3HA      1002af90     LIBCMT:dll_dllmain.obj
 0003:00000fec       ?AllocateData@@3P6GPAUAtlThunkData_t@@XZA 1002afec     atls:atlthunk.obj
 0003:00000ff0       ?InitData@@3P6GXPAUAtlThunkData_t@@PAXI@ZA 1002aff0     atls:atlthunk.obj
 0003:00000ff4       ?DataToCode@@3P6GP6GJPAUHWND__@@IIJ@ZPAUAtlThunkData_t@@@ZA 1002aff4     atls:atlthunk.obj
 0003:00000ff8       ?FreeData@@3P6GXPAUAtlThunkData_t@@@ZA 1002aff8     atls:atlthunk.obj
 0003:00000ffc       ?Initialized@@3_NA         1002affc     atls:atlthunk.obj
 0003:0000100c       ?__vcrt_startup_thread_ptd@@3U__vcrt_ptd@@A 1002b00c     libvcruntime:per_thread_data.obj
 0003:00001034       ___vcrt_lock_table         1002b034     libvcruntime:locks.obj
 0003:0000104c       ___vcrt_locks_initialized  1002b04c     libvcruntime:locks.obj
 0003:00001078       ?heap@@3V_HeapManager@@A   1002b078     libvcruntime:undname.obj
 0003:0000108c       ?module_handles@@3PAPAUHINSTANCE__@@A 1002b08c     libvcruntime:winapi_downlevel.obj
 0003:00001098       ?function_pointers@@3PAPAXA 1002b098     libvcruntime:winapi_downlevel.obj
 0003:000010ac       ?__acrt_invalid_parameter_handler@@3V?$dual_state_global@P6AXPB_W00II@Z@__crt_state_management@@A 1002b0ac     libucrt:invalid_parameter.obj
 0003:000010b0       ?c_termination_complete@@3JA 1002b0b0     libucrt:exit.obj
 0003:000010b4       ?thread_local_exit_callback_func@@3P6GXPAXK0@ZA 1002b0b4     libucrt:exit.obj
 0003:000010c0       ?program_name@?1???$common_configure_argv@D@@YAHW4_crt_argv_mode@@@Z@4PADA 1002b0c0     libucrt:argv_parsing.obj
 0003:000011f0       ?__acrt_new_handler@@3V?$dual_state_global@P6AHI@Z@__crt_state_management@@A 1002b1f0     libucrt:new_handler.obj
 0003:00001200       ?module_handles@@3PAPAUHINSTANCE__@@A 1002b200     libucrt:winapi_thunks.obj
 0003:00001250       ?encoded_function_pointers@@3PAPAXA 1002b250     libucrt:winapi_thunks.obj
 0003:000012d8       ?internal_state@?1??_mbtowc_internal@@9@4U_Mbstatet@@A 1002b2d8     libucrt:mbtowc.obj
 0003:000012e8       ?enable_percent_n@@3IA     1002b2e8     libucrt:printf_count_output.obj
 0003:00001500       ?__acrt_lock_table@@3PAU_RTL_CRITICAL_SECTION@@A 1002b500     libucrt:locks.obj
 0003:00001650       ?__acrt_locks_initialized@@3IA 1002b650     libucrt:locks.obj
 0003:00001660       ?fSystemSet@@3HA           1002b660     libucrt:mbctype.obj
 0003:00001664       ?initialized@?1??__acrt_initialize_multibyte@@9@4_NA 1002b664     libucrt:mbctype.obj
 0003:00001684       ?ctrlc_action@@3V?$dual_state_global@P6AXH@Z@__crt_state_management@@A 1002b684     libucrt:signal.obj
 0003:00001688       ?ctrlbreak_action@@3V?$dual_state_global@P6AXH@Z@__crt_state_management@@A 1002b688     libucrt:signal.obj
 0003:0000168c       ?abort_action@@3V?$dual_state_global@P6AXH@Z@__crt_state_management@@A 1002b68c     libucrt:signal.obj
 0003:00001690       ?term_action@@3V?$dual_state_global@P6AXH@Z@__crt_state_management@@A 1002b690     libucrt:signal.obj
 0003:00001694       ?user_matherr@@3V?$dual_state_global@P6AHPAU_exception@@@Z@__crt_state_management@@A 1002b694     libucrt:matherr.obj
 0003:000016a0       ?__acrt_global_new_mode@@3V?$dual_state_global@J@__crt_state_management@@A 1002b6a0     libucrt:new_mode.obj
 0003:000016a4       ?internal_pst@?1??__mbrtoc32_utf8@__crt_mbstring@@YAIPA_UPBDIPAU_Mbstatet@@AAV__crt_cached_ptd_host@@@Z@4U3@A 1002b6a4     libucrt:mbrtoc32.obj
 0003:000016ac       ?__acrt_app_type@@3W4_crt_app_type@@A 1002b6ac     libucrt:report_runtime_error.obj
 0003:000016b4       __pmatherr_set             1002b6b4     libucrt:libm_error.obj
 0004:00000220       $R000000                   1002c220     Biometrics.res
 0004:00000bb8       $R000998                   1002cbb8     Biometrics.res
 0004:00000ca0       $R000A80                   1002cca0     Biometrics.res
 0004:00000f08       $R000CE8                   1002cf08     Biometrics.res
 0004:00001410       $R0011F0                   1002d410     Biometrics.res
 0004:00004908       $R0046E8                   10030908     Biometrics.res
 0004:00004940       $R004720                   10030940     Biometrics.res
