 OPOSLineDisplay

 Timestamp is 5c4438c3 (Sun Jan 20 18:00:51 2019)

 Preferred load address is 10000000

 Start         Length     Name                   Class
 0001:00000000 00000080H .text$di                CODE
 0001:00000080 0001d2ebH .text$mn                CODE
 0001:0001d36b 00000051H .text$x                 CODE
 0001:0001d3bc 00000042H .text$yd                CODE
 0002:00000000 00000300H .idata$5                DATA
 0002:00000300 00000004H .00cfg                  DATA
 0002:00000304 00000004H .CRT$XCA                DATA
 0002:00000308 00000004H .CRT$XCL                DATA
 0002:0000030c 00000010H .CRT$XCU                DATA
 0002:0000031c 00000004H .CRT$XCZ                DATA
 0002:00000320 00000004H .CRT$XIA                DATA
 0002:00000324 00000010H .CRT$XIC                DATA
 0002:00000334 00000004H .CRT$XIZ                DATA
 0002:00000338 00000004H .CRT$XLA                DATA
 0002:0000033c 00000004H .CRT$XLZ                DATA
 0002:00000340 00000004H .CRT$XPA                DATA
 0002:00000344 00000008H .CRT$XPX                DATA
 0002:0000034c 00000004H .CRT$XPXA               DATA
 0002:00000350 00000004H .CRT$XPZ                DATA
 0002:00000354 00000004H .CRT$XTA                DATA
 0002:00000358 00000008H .CRT$XTZ                DATA
 0002:0000035c 00000000H .gfids$x                DATA
 0002:0000035c 00000000H .gfids$y                DATA
 0002:00000360 00006fe8H .rdata                  DATA
 0002:00007348 00000018H .rdata$T                DATA
 0002:00007360 00000180H .rdata$r                DATA
 0002:000074e0 00000020H .rdata$sxdata           DATA
 0002:00007500 000003e0H .rdata$zzzdbg           DATA
 0002:000078e0 00000004H .rtc$IAA                DATA
 0002:000078e4 00000004H .rtc$IZZ                DATA
 0002:000078e8 00000004H .rtc$TAA                DATA
 0002:000078ec 00000004H .rtc$TZZ                DATA
 0002:000078f0 00000004H .tls                    DATA
 0002:000078f4 00000004H .tls$                   DATA
 0002:000078f8 00000008H .tls$ZZZ                DATA
 0002:00007900 000005f4H .xdata$x                DATA
 0002:00007ef4 00000004H ATL$__a                 DATA
 0002:00007ef8 00000008H ATL$__z                 DATA
 0002:00007f00 000000acH .edata                  DATA
 0002:00007fac 00000078H .idata$2                DATA
 0002:00008024 00000014H .idata$3                DATA
 0002:00008038 00000300H .idata$4                DATA
 0002:00008338 00000bdeH .idata$6                DATA
 0003:00000000 000009d0H .data                   DATA
 0003:000009d0 00000098H .data$r                 DATA
 0003:00000a68 00000b5cH .bss                    DATA
 0004:00000000 00000220H .rsrc$01                DATA
 0004:00000220 00005890H .rsrc$02                DATA

  Address         Publics by Value              Rva+Base       Lib:Object

 0000:00000000       ___guard_fids_count        00000000     <absolute>
 0000:00000000       ___hybrid_code_map_count   00000000     <absolute>
 0000:00000000       ___guard_iat_count         00000000     <absolute>
 0000:00000000       ___dynamic_value_reloc_table 00000000     <absolute>
 0000:00000000       ___guard_longjmp_count     00000000     <absolute>
 0000:00000000       __except_list              00000000     <absolute>
 0000:00000000       ___guard_fids_table        00000000     <absolute>
 0000:00000000       ___guard_longjmp_table     00000000     <absolute>
 0000:00000000       ___hybrid_auxiliary_iat    00000000     <absolute>
 0000:00000000       ___guard_iat_table         00000000     <absolute>
 0000:00000000       ___volatile_metadata       00000000     <absolute>
 0000:00000000       ___enclave_config          00000000     <absolute>
 0000:00000000       ___hybrid_code_map         00000000     <absolute>
 0000:00000008       ___safe_se_handler_count   00000008     <absolute>
 0000:0000002c       __tls_array                0000002c     <absolute>
 0000:00000100       ___guard_flags             00000100     <absolute>
 0000:00000000       ___ImageBase               10000000     <linker-defined>
 0001:00000080       ?DupWide@_CW@@AAEXXZ       10001080 f   CWString.obj
 0001:0000009c       ?cw_dup@@YGXPBDAAHAAPA_W1@Z 1000109c f   CWString.obj
 0001:0000010b       ?cw_memcpy@@YGHPA_WPBDH@Z  1000110b f   CWString.obj
 0001:00000137       ?cw_strcpy@@YAHPA_WPBD@Z   10001137 f   CWString.obj
 0001:0000014a       ?cw_strlen@@YAHPBD@Z       1000114a f   CWString.obj
 0001:00000163       ??0CAtlComModule@ATL@@QAE@XZ 10001163 f i OposVariant.obj
 0001:000001a8       ??0CAtlWinModule@ATL@@QAE@XZ 100011a8 f i OposVariant.obj
 0001:000001df       ??0OposDispParms@@QAE@PAVOposVariant@@H@Z 100011df f   OposVariant.obj
 0001:00000250       ??1OposDispParms@@QAE@XZ   10001250 f   OposVariant.obj
 0001:0000025e       ??A?$CSimpleArray@GV?$CSimpleArrayEqualHelper@G@ATL@@@ATL@@QAEAAGH@Z 1000125e f i OposVariant.obj
 0001:00000283       ??_Estringdispid@CComTypeInfoHolder@ATL@@QAEPAXI@Z 10001283 f i OposVariant.obj
 0001:000002ef       ?AtlWinModuleInit@ATL@@YGJPAU_ATL_WIN_MODULE70@1@@Z 100012ef f i OposVariant.obj
 0001:00000315       ?AtlWinModuleTerm@ATL@@YGJPAU_ATL_WIN_MODULE70@1@PAUHINSTANCE__@@@Z 10001315 f i OposVariant.obj
 0001:00000378       ?ChangeBSTR@OposVariant@@QAEXPAPA_WAAJ@Z 10001378 f   OposVariant.obj
 0001:000003b9       ?ChangeLONG@OposVariant@@QAEXPAJAAJ@Z 100013b9 f   OposVariant.obj
 0001:000003fa       ?GetLONG@OposVariant@@QAEJXZ 100013fa f   OposVariant.obj
 0001:00000415       ?Init@CComCriticalSection@ATL@@QAEJXZ 10001415 f i OposVariant.obj
 0001:0000043d       ?RemoveAll@?$CSimpleArray@PAUHINSTANCE__@@V?$CSimpleArrayEqualHelper@PAUHINSTANCE__@@@ATL@@@ATL@@QAEXXZ 1000143d f i atls:atlbase.obj
 0001:0000043d       ?RemoveAll@?$CSimpleArray@GV?$CSimpleArrayEqualHelper@G@ATL@@@ATL@@QAEXXZ 1000143d f i OposVariant.obj
 0001:0000045a       ?SetBSTR@OposVariant@@QAEXPA_WAAJ@Z 1000145a f   OposVariant.obj
 0001:0000048e       ?SetBSTR_Copy@OposVariant@@QAEXPA_WAAJ@Z 1000148e f   OposVariant.obj
 0001:000004de       ?SetBSTR_InOutPtr@OposVariant@@QAE_NPAPA_WAAJ@Z 100014de f   OposVariant.obj
 0001:00000515       ?SetDispatch_Ptr@OposVariant@@QAEXPAUIDispatch@@AAJ@Z 10001515 f   OposVariant.obj
 0001:00000550       ?SetLONG@OposVariant@@QAEXJ@Z 10001550 f   OposVariant.obj
 0001:00000572       ?SetLONG_Ptr@OposVariant@@QAEXPAJAAJ@Z 10001572 f   OposVariant.obj
 0001:000005a5       ?SetString@OposVariant@@QAEXPB_WAAJ@Z 100015a5 f   OposVariant.obj
 0001:000005eb       ?SetVARIANT_BOOL@OposVariant@@QAEXF@Z 100015eb f   OposVariant.obj
 0001:00000615       ?Term@CAtlComModule@ATL@@QAEXXZ 10001615 f i OposVariant.obj
 0001:0000065f       ?_AtlRaiseException@ATL@@YAXKK@Z 1000165f f i OposVariant.obj
 0001:00000674       ?AddRef@?$CComObjectCached@VCComClassFactory@ATL@@@ATL@@UAGKXZ 10001674 f i LineDisplay.obj
 0001:0000069b       ?Release@?$CComObjectCached@VCComClassFactory@ATL@@@ATL@@UAGKXZ 1000169b f i LineDisplay.obj
 0001:000006d1       ?QueryInterface@?$CComObjectCached@VCComClassFactory@ATL@@@ATL@@UAGJABU_GUID@@PAPAX@Z 100016d1 f i LineDisplay.obj
 0001:000006eb       ??_G?$CComObjectCached@VCComClassFactory@ATL@@@ATL@@UAEPAXI@Z 100016eb f i LineDisplay.obj
 0001:000006eb       ??_E?$CComObjectCached@VCComClassFactory@ATL@@@ATL@@UAEPAXI@Z 100016eb f i LineDisplay.obj
 0001:0000070d       ?AddRef@?$CComAggObject@VCOPOSLineDisplay@@@ATL@@UAGKXZ 1000170d f i LineDisplay.obj
 0001:0000071e       ?Release@?$CComAggObject@VCOPOSLineDisplay@@@ATL@@UAGKXZ 1000171e f i LineDisplay.obj
 0001:0000075a       ?QueryInterface@?$CComAggObject@VCOPOSLineDisplay@@@ATL@@UAGJABU_GUID@@PAPAX@Z 1000175a f i LineDisplay.obj
 0001:000007a9       ?AddRef@?$CComContainedObject@VCOPOSLineDisplay@@@ATL@@UAGKXZ 100017a9 f i LineDisplay.obj
 0001:000007bf       ?Release@?$CComContainedObject@VCOPOSLineDisplay@@@ATL@@UAGKXZ 100017bf f i LineDisplay.obj
 0001:000007d5       ?QueryInterface@?$CComContainedObject@VCOPOSLineDisplay@@@ATL@@UAGJABU_GUID@@PAPAX@Z 100017d5 f i LineDisplay.obj
 0001:000007f0       ??_E?$CComAggObject@VCOPOSLineDisplay@@@ATL@@UAEPAXI@Z 100017f0 f i LineDisplay.obj
 0001:000007f0       ??_G?$CComAggObject@VCOPOSLineDisplay@@@ATL@@UAEPAXI@Z 100017f0 f i LineDisplay.obj
 0001:00000815       ?AddRef@?$CComObject@VCOPOSLineDisplay@@@ATL@@UAGKXZ 10001815 f i LineDisplay.obj
 0001:0000082c       ?Release@?$CComObject@VCOPOSLineDisplay@@@ATL@@UAGKXZ 1000182c f i LineDisplay.obj
 0001:0000086e       ?QueryInterface@?$CComObject@VCOPOSLineDisplay@@@ATL@@UAGJABU_GUID@@PAPAX@Z 1000186e f i LineDisplay.obj
 0001:00000888       ?ObjectMain@CComObjectRootBase@ATL@@SGX_N@Z 10001888 f i LineDisplay.obj
 0001:00000888       ?OnFinalMessage@?$CWindowImplBaseT@VCWindow@ATL@@V?$CWinTraits@$0FGAAAAAA@$0A@@2@@ATL@@UAEXPAUHWND__@@@Z 10001888 f i LineDisplay.obj
 0001:0000088b       ?GetObjectDescription@?$CComCoClass@VCOPOSLineDisplay@@$1?CLSID_OPOSLineDisplay@@3U_GUID@@B@ATL@@SGPB_WXZ 1000188b f i LineDisplay.obj
 0001:0000088b       ?GetCategoryMap@CComObjectRootBase@ATL@@SAPBU_ATL_CATMAP_ENTRY@2@XZ 1000188b f i LineDisplay.obj
 0001:0000088e       ?CreateInstance@CComClassFactory@ATL@@UAGJPAUIUnknown@@ABU_GUID@@PAPAX@Z 1000188e f i LineDisplay.obj
 0001:000008cc       ?LockServer@CComClassFactory@ATL@@UAGJH@Z 100018cc f i LineDisplay.obj
 0001:000008eb       ??_ECComClassFactory@ATL@@UAEPAXI@Z 100018eb f i LineDisplay.obj
 0001:000008eb       ??_GCComClassFactory@ATL@@UAEPAXI@Z 100018eb f i LineDisplay.obj
 0001:00000916       ?OnDrawAdvanced@CComControlBase@ATL@@UAEJAAUATL_DRAWINFO@@@Z 10001916 f i LineDisplay.obj
 0001:00000a05       ?Next@?$CComEnumImpl@UIEnumConnections@@$1?_GUID_b196b287_bab4_101a_b69c_00aa00341d07@@3U__s_GUID@@BUtagCONNECTDATA@@V?$_Copy@UtagCONNECTDATA@@@ATL@@@ATL@@UAGJKPAUtagCONNECTDATA@@PAK@Z 10001a05 f i LineDisplay.obj
 0001:00000adc       ?Skip@?$CComEnumImpl@UIEnumConnections@@$1?_GUID_b196b287_bab4_101a_b69c_00aa00341d07@@3U__s_GUID@@BUtagCONNECTDATA@@V?$_Copy@UtagCONNECTDATA@@@ATL@@@ATL@@UAGJK@Z 10001adc f i LineDisplay.obj
 0001:00000b09       ?Reset@?$CComEnumImpl@UIEnumConnectionPoints@@$1?_GUID_b196b285_bab4_101a_b69c_00aa00341d07@@3U__s_GUID@@BPAUIConnectionPoint@@V?$_CopyInterface@UIConnectionPoint@@@ATL@@@ATL@@UAGJXZ 10001b09 f i LineDisplay.obj
 0001:00000b09       ?Reset@?$CComEnumImpl@UIEnumConnections@@$1?_GUID_b196b287_bab4_101a_b69c_00aa00341d07@@3U__s_GUID@@BUtagCONNECTDATA@@V?$_Copy@UtagCONNECTDATA@@@ATL@@@ATL@@UAGJXZ 10001b09 f i LineDisplay.obj
 0001:00000b1b       ?Clone@?$CComEnumImpl@UIEnumConnections@@$1?_GUID_b196b287_bab4_101a_b69c_00aa00341d07@@3U__s_GUID@@BUtagCONNECTDATA@@V?$_Copy@UtagCONNECTDATA@@@ATL@@@ATL@@UAGJPAPAUIEnumConnections@@@Z 10001b1b f i LineDisplay.obj
 0001:00000bfa       ?AddRef@?$CComObject@V?$CComEnum@UIEnumConnectionPoints@@$1?_GUID_b196b285_bab4_101a_b69c_00aa00341d07@@3U__s_GUID@@BPAUIConnectionPoint@@V?$_CopyInterface@UIConnectionPoint@@@ATL@@VCComSingleThreadModel@6@@ATL@@@ATL@@UAGKXZ 10001bfa f i LineDisplay.obj
 0001:00000bfa       ?AddRef@?$CComObject@V?$CComEnum@UIEnumConnections@@$1?_GUID_b196b287_bab4_101a_b69c_00aa00341d07@@3U__s_GUID@@BUtagCONNECTDATA@@V?$_Copy@UtagCONNECTDATA@@@ATL@@VCComSingleThreadModel@6@@ATL@@@ATL@@UAGKXZ 10001bfa f i LineDisplay.obj
 0001:00000c0b       ?Release@?$CComObject@V?$CComEnum@UIEnumConnections@@$1?_GUID_b196b287_bab4_101a_b69c_00aa00341d07@@3U__s_GUID@@BUtagCONNECTDATA@@V?$_Copy@UtagCONNECTDATA@@@ATL@@VCComSingleThreadModel@6@@ATL@@@ATL@@UAGKXZ 10001c0b f i LineDisplay.obj
 0001:00000c0b       ?Release@?$CComObject@V?$CComEnum@UIEnumConnectionPoints@@$1?_GUID_b196b285_bab4_101a_b69c_00aa00341d07@@3U__s_GUID@@BPAUIConnectionPoint@@V?$_CopyInterface@UIConnectionPoint@@@ATL@@VCComSingleThreadModel@6@@ATL@@@ATL@@UAGKXZ 10001c0b f i LineDisplay.obj
 0001:00000c47       ?QueryInterface@?$CComObject@V?$CComEnum@UIEnumConnections@@$1?_GUID_b196b287_bab4_101a_b69c_00aa00341d07@@3U__s_GUID@@BUtagCONNECTDATA@@V?$_Copy@UtagCONNECTDATA@@@ATL@@VCComSingleThreadModel@6@@ATL@@@ATL@@UAGJABU_GUID@@PAPAX@Z 10001c47 f i LineDisplay.obj
 0001:00000c61       ??_G?$CComObject@V?$CComEnum@UIEnumConnections@@$1?_GUID_b196b287_bab4_101a_b69c_00aa00341d07@@3U__s_GUID@@BUtagCONNECTDATA@@V?$_Copy@UtagCONNECTDATA@@@ATL@@VCComSingleThreadModel@6@@ATL@@@ATL@@UAEPAXI@Z 10001c61 f i LineDisplay.obj
 0001:00000c61       ??_E?$CComObject@V?$CComEnum@UIEnumConnections@@$1?_GUID_b196b287_bab4_101a_b69c_00aa00341d07@@3U__s_GUID@@BUtagCONNECTDATA@@V?$_Copy@UtagCONNECTDATA@@@ATL@@VCComSingleThreadModel@6@@ATL@@@ATL@@UAEPAXI@Z 10001c61 f i LineDisplay.obj
 0001:00000c83       ??_E?$CComObject@VCOPOSLineDisplay@@@ATL@@W3AEPAXI@Z 10001c83 f i LineDisplay.obj
 0001:00000c8b       ??_E?$CComObject@VCOPOSLineDisplay@@@ATL@@WEM@AEPAXI@Z 10001c8b f i LineDisplay.obj
 0001:00000c93       ?QueryInterface@?$CComObject@VCOPOSLineDisplay@@@ATL@@WHA@AGJABU_GUID@@PAPAX@Z 10001c93 f i LineDisplay.obj
 0001:00000c9d       ?AddRef@?$CComObject@VCOPOSLineDisplay@@@ATL@@WHA@AGKXZ 10001c9d f i LineDisplay.obj
 0001:00000ca7       ?Release@?$CComObject@VCOPOSLineDisplay@@@ATL@@WHA@AGKXZ 10001ca7 f i LineDisplay.obj
 0001:00000cb1       ?QueryInterface@?$CComObject@VCOPOSLineDisplay@@@ATL@@WHE@AGJABU_GUID@@PAPAX@Z 10001cb1 f i LineDisplay.obj
 0001:00000cbb       ?AddRef@?$CComObject@VCOPOSLineDisplay@@@ATL@@WHE@AGKXZ 10001cbb f i LineDisplay.obj
 0001:00000cc5       ?Release@?$CComObject@VCOPOSLineDisplay@@@ATL@@WHE@AGKXZ 10001cc5 f i LineDisplay.obj
 0001:00000ccf       ?QueryInterface@?$CComObject@VCOPOSLineDisplay@@@ATL@@WHI@AGJABU_GUID@@PAPAX@Z 10001ccf f i LineDisplay.obj
 0001:00000cd9       ?AddRef@?$CComObject@VCOPOSLineDisplay@@@ATL@@WHI@AGKXZ 10001cd9 f i LineDisplay.obj
 0001:00000ce3       ?Release@?$CComObject@VCOPOSLineDisplay@@@ATL@@WHI@AGKXZ 10001ce3 f i LineDisplay.obj
 0001:00000ced       ?QueryInterface@?$CComObject@VCOPOSLineDisplay@@@ATL@@WHM@AGJABU_GUID@@PAPAX@Z 10001ced f i LineDisplay.obj
 0001:00000cf7       ?AddRef@?$CComObject@VCOPOSLineDisplay@@@ATL@@WHM@AGKXZ 10001cf7 f i LineDisplay.obj
 0001:00000d01       ?Release@?$CComObject@VCOPOSLineDisplay@@@ATL@@WHM@AGKXZ 10001d01 f i LineDisplay.obj
 0001:00000d0b       ?QueryInterface@?$CComObject@VCOPOSLineDisplay@@@ATL@@WIA@AGJABU_GUID@@PAPAX@Z 10001d0b f i LineDisplay.obj
 0001:00000d18       ?AddRef@?$CComObject@VCOPOSLineDisplay@@@ATL@@WIA@AGKXZ 10001d18 f i LineDisplay.obj
 0001:00000d25       ?Release@?$CComObject@VCOPOSLineDisplay@@@ATL@@WIA@AGKXZ 10001d25 f i LineDisplay.obj
 0001:00000d32       ?QueryInterface@?$CComObject@VCOPOSLineDisplay@@@ATL@@WIE@AGJABU_GUID@@PAPAX@Z 10001d32 f i LineDisplay.obj
 0001:00000d3f       ?AddRef@?$CComObject@VCOPOSLineDisplay@@@ATL@@WIE@AGKXZ 10001d3f f i LineDisplay.obj
 0001:00000d4c       ?Release@?$CComObject@VCOPOSLineDisplay@@@ATL@@WIE@AGKXZ 10001d4c f i LineDisplay.obj
 0001:00000d59       ?QueryInterface@?$CComObject@VCOPOSLineDisplay@@@ATL@@WII@AGJABU_GUID@@PAPAX@Z 10001d59 f i LineDisplay.obj
 0001:00000d66       ?AddRef@?$CComObject@VCOPOSLineDisplay@@@ATL@@WII@AGKXZ 10001d66 f i LineDisplay.obj
 0001:00000d73       ?Release@?$CComObject@VCOPOSLineDisplay@@@ATL@@WII@AGKXZ 10001d73 f i LineDisplay.obj
 0001:00000d80       ?QueryInterface@?$CComObject@VCOPOSLineDisplay@@@ATL@@WIM@AGJABU_GUID@@PAPAX@Z 10001d80 f i LineDisplay.obj
 0001:00000d8d       ?AddRef@?$CComObject@VCOPOSLineDisplay@@@ATL@@WIM@AGKXZ 10001d8d f i LineDisplay.obj
 0001:00000d9a       ?Release@?$CComObject@VCOPOSLineDisplay@@@ATL@@WIM@AGKXZ 10001d9a f i LineDisplay.obj
 0001:00000da7       ?QueryInterface@?$CComObject@VCOPOSLineDisplay@@@ATL@@WJA@AGJABU_GUID@@PAPAX@Z 10001da7 f i LineDisplay.obj
 0001:00000db4       ?AddRef@?$CComObject@VCOPOSLineDisplay@@@ATL@@WJA@AGKXZ 10001db4 f i LineDisplay.obj
 0001:00000dc1       ?Release@?$CComObject@VCOPOSLineDisplay@@@ATL@@WJA@AGKXZ 10001dc1 f i LineDisplay.obj
 0001:00000dce       ?QueryInterface@?$CComObject@VCOPOSLineDisplay@@@ATL@@WJE@AGJABU_GUID@@PAPAX@Z 10001dce f i LineDisplay.obj
 0001:00000ddb       ?AddRef@?$CComObject@VCOPOSLineDisplay@@@ATL@@WJE@AGKXZ 10001ddb f i LineDisplay.obj
 0001:00000de8       ?Release@?$CComObject@VCOPOSLineDisplay@@@ATL@@WJE@AGKXZ 10001de8 f i LineDisplay.obj
 0001:00000df5       ?QueryInterface@?$CComObject@VCOPOSLineDisplay@@@ATL@@WJI@AGJABU_GUID@@PAPAX@Z 10001df5 f i LineDisplay.obj
 0001:00000e02       ?AddRef@?$CComObject@VCOPOSLineDisplay@@@ATL@@WJI@AGKXZ 10001e02 f i LineDisplay.obj
 0001:00000e0f       ?Release@?$CComObject@VCOPOSLineDisplay@@@ATL@@WJI@AGKXZ 10001e0f f i LineDisplay.obj
 0001:00000e1c       ?QueryInterface@?$CComObject@VCOPOSLineDisplay@@@ATL@@WJM@AGJABU_GUID@@PAPAX@Z 10001e1c f i LineDisplay.obj
 0001:00000e29       ?AddRef@?$CComObject@VCOPOSLineDisplay@@@ATL@@WJM@AGKXZ 10001e29 f i LineDisplay.obj
 0001:00000e36       ?Release@?$CComObject@VCOPOSLineDisplay@@@ATL@@WJM@AGKXZ 10001e36 f i LineDisplay.obj
 0001:00000e43       ?QueryInterface@?$CComObject@VCOPOSLineDisplay@@@ATL@@WKA@AGJABU_GUID@@PAPAX@Z 10001e43 f i LineDisplay.obj
 0001:00000e50       ?AddRef@?$CComObject@VCOPOSLineDisplay@@@ATL@@WKA@AGKXZ 10001e50 f i LineDisplay.obj
 0001:00000e5d       ?Release@?$CComObject@VCOPOSLineDisplay@@@ATL@@WKA@AGKXZ 10001e5d f i LineDisplay.obj
 0001:00000e6a       ?AddRef@?$CComObject@VCOPOSLineDisplay@@@ATL@@WKI@AGKXZ 10001e6a f i LineDisplay.obj
 0001:00000e77       ?Release@?$CComObject@VCOPOSLineDisplay@@@ATL@@WKI@AGKXZ 10001e77 f i LineDisplay.obj
 0001:00000e84       ?AddRef@?$CComObject@VCOPOSLineDisplay@@@ATL@@WLE@AGKXZ 10001e84 f i LineDisplay.obj
 0001:00000e91       ?Release@?$CComObject@VCOPOSLineDisplay@@@ATL@@WLE@AGKXZ 10001e91 f i LineDisplay.obj
 0001:00000e9e       ??_E?$CComContainedObject@VCOPOSLineDisplay@@@ATL@@W3AEPAXI@Z 10001e9e f i LineDisplay.obj
 0001:00000ea6       ??_E?$CComContainedObject@VCOPOSLineDisplay@@@ATL@@WEM@AEPAXI@Z 10001ea6 f i LineDisplay.obj
 0001:00000eae       ?QueryInterface@?$CComContainedObject@VCOPOSLineDisplay@@@ATL@@WHA@AGJABU_GUID@@PAPAX@Z 10001eae f i LineDisplay.obj
 0001:00000eb8       ?AddRef@?$CComContainedObject@VCOPOSLineDisplay@@@ATL@@WHA@AGKXZ 10001eb8 f i LineDisplay.obj
 0001:00000ec2       ?Release@?$CComContainedObject@VCOPOSLineDisplay@@@ATL@@WHA@AGKXZ 10001ec2 f i LineDisplay.obj
 0001:00000ecc       ?QueryInterface@?$CComContainedObject@VCOPOSLineDisplay@@@ATL@@WHE@AGJABU_GUID@@PAPAX@Z 10001ecc f i LineDisplay.obj
 0001:00000ed6       ?AddRef@?$CComContainedObject@VCOPOSLineDisplay@@@ATL@@WHE@AGKXZ 10001ed6 f i LineDisplay.obj
 0001:00000ee0       ?Release@?$CComContainedObject@VCOPOSLineDisplay@@@ATL@@WHE@AGKXZ 10001ee0 f i LineDisplay.obj
 0001:00000eea       ?QueryInterface@?$CComContainedObject@VCOPOSLineDisplay@@@ATL@@WHI@AGJABU_GUID@@PAPAX@Z 10001eea f i LineDisplay.obj
 0001:00000ef4       ?AddRef@?$CComContainedObject@VCOPOSLineDisplay@@@ATL@@WHI@AGKXZ 10001ef4 f i LineDisplay.obj
 0001:00000efe       ?Release@?$CComContainedObject@VCOPOSLineDisplay@@@ATL@@WHI@AGKXZ 10001efe f i LineDisplay.obj
 0001:00000f08       ?QueryInterface@?$CComContainedObject@VCOPOSLineDisplay@@@ATL@@WHM@AGJABU_GUID@@PAPAX@Z 10001f08 f i LineDisplay.obj
 0001:00000f12       ?AddRef@?$CComContainedObject@VCOPOSLineDisplay@@@ATL@@WHM@AGKXZ 10001f12 f i LineDisplay.obj
 0001:00000f1c       ?Release@?$CComContainedObject@VCOPOSLineDisplay@@@ATL@@WHM@AGKXZ 10001f1c f i LineDisplay.obj
 0001:00000f26       ?QueryInterface@?$CComContainedObject@VCOPOSLineDisplay@@@ATL@@WIA@AGJABU_GUID@@PAPAX@Z 10001f26 f i LineDisplay.obj
 0001:00000f33       ?AddRef@?$CComContainedObject@VCOPOSLineDisplay@@@ATL@@WIA@AGKXZ 10001f33 f i LineDisplay.obj
 0001:00000f40       ?Release@?$CComContainedObject@VCOPOSLineDisplay@@@ATL@@WIA@AGKXZ 10001f40 f i LineDisplay.obj
 0001:00000f4d       ?QueryInterface@?$CComContainedObject@VCOPOSLineDisplay@@@ATL@@WIE@AGJABU_GUID@@PAPAX@Z 10001f4d f i LineDisplay.obj
 0001:00000f5a       ?AddRef@?$CComContainedObject@VCOPOSLineDisplay@@@ATL@@WIE@AGKXZ 10001f5a f i LineDisplay.obj
 0001:00000f67       ?Release@?$CComContainedObject@VCOPOSLineDisplay@@@ATL@@WIE@AGKXZ 10001f67 f i LineDisplay.obj
 0001:00000f74       ?QueryInterface@?$CComContainedObject@VCOPOSLineDisplay@@@ATL@@WII@AGJABU_GUID@@PAPAX@Z 10001f74 f i LineDisplay.obj
 0001:00000f81       ?AddRef@?$CComContainedObject@VCOPOSLineDisplay@@@ATL@@WII@AGKXZ 10001f81 f i LineDisplay.obj
 0001:00000f8e       ?Release@?$CComContainedObject@VCOPOSLineDisplay@@@ATL@@WII@AGKXZ 10001f8e f i LineDisplay.obj
 0001:00000f9b       ?QueryInterface@?$CComContainedObject@VCOPOSLineDisplay@@@ATL@@WIM@AGJABU_GUID@@PAPAX@Z 10001f9b f i LineDisplay.obj
 0001:00000fa8       ?AddRef@?$CComContainedObject@VCOPOSLineDisplay@@@ATL@@WIM@AGKXZ 10001fa8 f i LineDisplay.obj
 0001:00000fb5       ?Release@?$CComContainedObject@VCOPOSLineDisplay@@@ATL@@WIM@AGKXZ 10001fb5 f i LineDisplay.obj
 0001:00000fc2       ?QueryInterface@?$CComContainedObject@VCOPOSLineDisplay@@@ATL@@WJA@AGJABU_GUID@@PAPAX@Z 10001fc2 f i LineDisplay.obj
 0001:00000fcf       ?AddRef@?$CComContainedObject@VCOPOSLineDisplay@@@ATL@@WJA@AGKXZ 10001fcf f i LineDisplay.obj
 0001:00000fdc       ?Release@?$CComContainedObject@VCOPOSLineDisplay@@@ATL@@WJA@AGKXZ 10001fdc f i LineDisplay.obj
 0001:00000fe9       ?QueryInterface@?$CComContainedObject@VCOPOSLineDisplay@@@ATL@@WJE@AGJABU_GUID@@PAPAX@Z 10001fe9 f i LineDisplay.obj
 0001:00000ff6       ?AddRef@?$CComContainedObject@VCOPOSLineDisplay@@@ATL@@WJE@AGKXZ 10001ff6 f i LineDisplay.obj
 0001:00001003       ?Release@?$CComContainedObject@VCOPOSLineDisplay@@@ATL@@WJE@AGKXZ 10002003 f i LineDisplay.obj
 0001:00001010       ?QueryInterface@?$CComContainedObject@VCOPOSLineDisplay@@@ATL@@WJI@AGJABU_GUID@@PAPAX@Z 10002010 f i LineDisplay.obj
 0001:0000101d       ?AddRef@?$CComContainedObject@VCOPOSLineDisplay@@@ATL@@WJI@AGKXZ 1000201d f i LineDisplay.obj
 0001:0000102a       ?Release@?$CComContainedObject@VCOPOSLineDisplay@@@ATL@@WJI@AGKXZ 1000202a f i LineDisplay.obj
 0001:00001037       ?QueryInterface@?$CComContainedObject@VCOPOSLineDisplay@@@ATL@@WJM@AGJABU_GUID@@PAPAX@Z 10002037 f i LineDisplay.obj
 0001:00001044       ?AddRef@?$CComContainedObject@VCOPOSLineDisplay@@@ATL@@WJM@AGKXZ 10002044 f i LineDisplay.obj
 0001:00001051       ?Release@?$CComContainedObject@VCOPOSLineDisplay@@@ATL@@WJM@AGKXZ 10002051 f i LineDisplay.obj
 0001:0000105e       ?QueryInterface@?$CComContainedObject@VCOPOSLineDisplay@@@ATL@@WKA@AGJABU_GUID@@PAPAX@Z 1000205e f i LineDisplay.obj
 0001:0000106b       ?AddRef@?$CComContainedObject@VCOPOSLineDisplay@@@ATL@@WKA@AGKXZ 1000206b f i LineDisplay.obj
 0001:00001078       ?Release@?$CComContainedObject@VCOPOSLineDisplay@@@ATL@@WKA@AGKXZ 10002078 f i LineDisplay.obj
 0001:00001085       ?AddRef@?$CComContainedObject@VCOPOSLineDisplay@@@ATL@@WKI@AGKXZ 10002085 f i LineDisplay.obj
 0001:00001092       ?Release@?$CComContainedObject@VCOPOSLineDisplay@@@ATL@@WKI@AGKXZ 10002092 f i LineDisplay.obj
 0001:0000109f       ?AddRef@?$CComContainedObject@VCOPOSLineDisplay@@@ATL@@WLE@AGKXZ 1000209f f i LineDisplay.obj
 0001:000010ac       ?Release@?$CComContainedObject@VCOPOSLineDisplay@@@ATL@@WLE@AGKXZ 100020ac f i LineDisplay.obj
 0001:000010b9       ?Lock@CAtlModule@ATL@@UAEJXZ 100020b9 f i LineDisplay.obj
 0001:000010c3       ?Unlock@CAtlModule@ATL@@UAEJXZ 100020c3 f i LineDisplay.obj
 0001:000010cd       ?GetLockCount@CAtlModule@ATL@@UAEJXZ 100020cd f i LineDisplay.obj
 0001:000010d1       ?GetGITPtr@CAtlModule@ATL@@UAEJPAPAUIGlobalInterfaceTable@@@Z 100020d1 f i LineDisplay.obj
 0001:0000111d       ?AddCommonRGSReplacements@?$CAtlModuleT@VCComModule@ATL@@@ATL@@UAEJPAUIRegistrarBase@@@Z 1000211d f i LineDisplay.obj
 0001:00001137       ?UpdateRegistryFromResourceD@CComModule@ATL@@UAGJPB_WHPAU_ATL_REGMAP_ENTRY@2@@Z 10002137 f i LineDisplay.obj
 0001:00001137       ?UpdateRegistryFromResourceD@CComModule@ATL@@UAGJIHPAU_ATL_REGMAP_ENTRY@2@@Z 10002137 f i LineDisplay.obj
 0001:0000113f       ?UpdateRegistryFromResource@CComModule@ATL@@UAGJPB_WHPAU_ATL_REGMAP_ENTRY@2@@Z 1000213f f i LineDisplay.obj
 0001:00001148       ?UpdateRegistryFromResource@CComModule@ATL@@UAGJIHPAU_ATL_REGMAP_ENTRY@2@@Z 10002148 f i LineDisplay.obj
 0001:00001151       ??_GCComModule@ATL@@UAEPAXI@Z 10002151 f i LineDisplay.obj
 0001:00001151       ??_ECComModule@ATL@@UAEPAXI@Z 10002151 f i LineDisplay.obj
 0001:00001179       ?GetWindowProc@?$CWindowImplBaseT@VCWindow@ATL@@V?$CWinTraits@$0FGAAAAAA@$0A@@2@@ATL@@UAEP6GJPAUHWND__@@IIJ@ZXZ 10002179 f i LineDisplay.obj
 0001:0000117f       ?StartWindowProc@?$CWindowImplBaseT@VCWindow@ATL@@V?$CWinTraits@$0FGAAAAAA@$0A@@2@@ATL@@SGJPAUHWND__@@IIJ@Z 1000217f f i LineDisplay.obj
 0001:000011d3       ?GetTypeInfoCount@?$IDispatchImpl@UIOPOSLineDisplay@@$1?IID_IOPOSLineDisplay@@3U_GUID@@B$1?LIBID_OposLineDisplay_CCO@@3U3@B$00$0A@VCComTypeInfoHolder@ATL@@@ATL@@UAGJPAI@Z 100021d3 f i LineDisplay.obj
 0001:000011f0       ?GetTypeInfo@?$IDispatchImpl@UIOPOSLineDisplay@@$1?IID_IOPOSLineDisplay@@3U_GUID@@B$1?LIBID_OposLineDisplay_CCO@@3U3@B$00$0A@VCComTypeInfoHolder@ATL@@@ATL@@UAGJIKPAPAUITypeInfo@@@Z 100021f0 f i LineDisplay.obj
 0001:00001214       ?GetIDsOfNames@?$IDispatchImpl@UIOPOSLineDisplay@@$1?IID_IOPOSLineDisplay@@3U_GUID@@B$1?LIBID_OposLineDisplay_CCO@@3U3@B$00$0A@VCComTypeInfoHolder@ATL@@@ATL@@UAGJABU_GUID@@PAPA_WIKPAJ@Z 10002214 f i LineDisplay.obj
 0001:00001234       ?Invoke@?$IDispatchImpl@UIOPOSLineDisplay@@$1?IID_IOPOSLineDisplay@@3U_GUID@@B$1?LIBID_OposLineDisplay_CCO@@3U3@B$00$0A@VCComTypeInfoHolder@ATL@@@ATL@@UAGJJABU_GUID@@KGPAUtagDISPPARAMS@@PAUtagVARIANT@@PAUtagEXCEPINFO@@PAI@Z 10002234 f i LineDisplay.obj
 0001:00001242       ?CreateControlWindow@?$CComControl@VCOPOSLineDisplay@@V?$CWindowImpl@VCOPOSLineDisplay@@VCWindow@ATL@@V?$CWinTraits@$0FGAAAAAA@$0A@@3@@ATL@@@ATL@@UAEPAUHWND__@@PAU3@AAUtagRECT@@@Z 10002242 f i LineDisplay.obj
 0001:00001271       ?ControlQueryInterface@?$CComControl@VCOPOSLineDisplay@@V?$CWindowImpl@VCOPOSLineDisplay@@VCWindow@ATL@@V?$CWinTraits@$0FGAAAAAA@$0A@@3@@ATL@@@ATL@@UAEJABU_GUID@@PAPAX@Z 10002271 f i LineDisplay.obj
 0001:0000128c       ?GetClassID@?$IPersistStorageImpl@VCOPOSLineDisplay@@@ATL@@UAGJPAU_GUID@@@Z 1000228c f i LineDisplay.obj
 0001:0000128c       ?GetUserClassID@?$IOleObjectImpl@VCOPOSLineDisplay@@@ATL@@UAGJPAU_GUID@@@Z 1000228c f i LineDisplay.obj
 0001:0000128c       ?GetClassID@?$IPersistStreamInitImpl@VCOPOSLineDisplay@@@ATL@@UAGJPAU_GUID@@@Z 1000228c f i LineDisplay.obj
 0001:000012b0       ?IsDirty@?$IPersistStreamInitImpl@VCOPOSLineDisplay@@@ATL@@UAGJXZ 100022b0 f i LineDisplay.obj
 0001:000012cf       ?Load@?$IPersistStreamInitImpl@VCOPOSLineDisplay@@@ATL@@UAGJPAUIStream@@@Z 100022cf f i LineDisplay.obj
 0001:000012ee       ?Save@?$IPersistStreamInitImpl@VCOPOSLineDisplay@@@ATL@@UAGJPAUIStream@@H@Z 100022ee f i LineDisplay.obj
 0001:00001310       ?GetSizeMax@?$IPersistStreamInitImpl@VCOPOSLineDisplay@@@ATL@@UAGJPAT_ULARGE_INTEGER@@@Z 10002310 f i LineDisplay.obj
 0001:000014c5       ?InitNew@?$IPersistStreamInitImpl@VCOPOSLineDisplay@@@ATL@@UAGJXZ 100024c5 f i LineDisplay.obj
 0001:000014e2       ?SODataDummy@COPOSLineDisplay@@MAGJJ@Z 100024e2 f i LineDisplay.obj
 0001:000014e2       ?GetDropTarget@?$IOleInPlaceObjectWindowlessImpl@VCOPOSLineDisplay@@@ATL@@UAGJPAPAUIDropTarget@@@Z 100024e2 f i LineDisplay.obj
 0001:000014e2       ?QueryGetData@?$IDataObjectImpl@VCOPOSLineDisplay@@@ATL@@UAGJPAUtagFORMATETC@@@Z 100024e2 f i LineDisplay.obj
 0001:000014e2       ?SetColorScheme@?$IOleObjectImpl@VCOPOSLineDisplay@@@ATL@@UAGJPAUtagLOGPALETTE@@@Z 100024e2 f i LineDisplay.obj
 0001:000014e2       ?SOOutputCompleteDummy@COPOSLineDisplay@@MAGJJ@Z 100024e2 f i LineDisplay.obj
 0001:000014e2       ?ContextSensitiveHelp@?$IOleInPlaceActiveObjectImpl@VCOPOSLineDisplay@@@ATL@@UAGJH@Z 100024e2 f i LineDisplay.obj
 0001:000014e2       ?GetControlInfo@?$IOleControlImpl@VCOPOSLineDisplay@@@ATL@@UAGJPAUtagCONTROLINFO@@@Z 100024e2 f i LineDisplay.obj
 0001:000014e2       ?OnMnemonic@?$IOleControlImpl@VCOPOSLineDisplay@@@ATL@@UAGJPAUtagMSG@@@Z 100024e2 f i LineDisplay.obj
 0001:000014e2       ?ContextSensitiveHelp@?$IOleInPlaceObjectWindowlessImpl@VCOPOSLineDisplay@@@ATL@@UAGJH@Z 100024e2 f i LineDisplay.obj
 0001:000014e2       ?Unfreeze@?$IViewObjectExImpl@VCOPOSLineDisplay@@@ATL@@UAGJK@Z 100024e2 f i LineDisplay.obj
 0001:000014ea       ?EnableModeless@?$IOleInPlaceActiveObjectImpl@VCOPOSLineDisplay@@@ATL@@UAGJH@Z 100024ea f i LineDisplay.obj
 0001:000014ea       ?SaveCompleted@?$IPersistStorageImpl@VCOPOSLineDisplay@@@ATL@@UAGJPAUIStorage@@@Z 100024ea f i LineDisplay.obj
 0001:000014ea       ?OnFrameWindowActivate@?$IOleInPlaceActiveObjectImpl@VCOPOSLineDisplay@@@ATL@@UAGJH@Z 100024ea f i LineDisplay.obj
 0001:000014ea       ?OnAmbientPropertyChange@?$IOleControlImpl@VCOPOSLineDisplay@@@ATL@@UAGJJ@Z 100024ea f i LineDisplay.obj
 0001:000014ef       ?SetClientSite@?$IOleObjectImpl@VCOPOSLineDisplay@@@ATL@@UAGJPAUIOleClientSite@@@Z 100024ef f i LineDisplay.obj
 0001:0000150c       ?GetClientSite@?$IOleObjectImpl@VCOPOSLineDisplay@@@ATL@@UAGJPAPAUIOleClientSite@@@Z 1000250c f i LineDisplay.obj
 0001:00001529       ?SetHostNames@?$IOleObjectImpl@VCOPOSLineDisplay@@@ATL@@UAGJPB_W0@Z 10002529 f i LineDisplay.obj
 0001:0000152e       ?Close@?$IOleObjectImpl@VCOPOSLineDisplay@@@ATL@@UAGJK@Z 1000252e f i LineDisplay.obj
 0001:0000154b       ?GetRect@?$IViewObjectExImpl@VCOPOSLineDisplay@@@ATL@@UAGJKPAU_RECTL@@@Z 1000254b f i LineDisplay.obj
 0001:0000154b       ?GetClipboardData@?$IOleObjectImpl@VCOPOSLineDisplay@@@ATL@@UAGJKPAPAUIDataObject@@@Z 1000254b f i LineDisplay.obj
 0001:0000154b       ?GetCanonicalFormatEtc@?$IDataObjectImpl@VCOPOSLineDisplay@@@ATL@@UAGJPAUtagFORMATETC@@0@Z 1000254b f i LineDisplay.obj
 0001:0000154b       ?QueryInterface@CRegObject@ATL@@UAGJABU_GUID@@PAPAX@Z 1000254b f i LineDisplay.obj
 0001:0000154b       ?EnumFormatEtc@?$IDataObjectImpl@VCOPOSLineDisplay@@@ATL@@UAGJKPAPAUIEnumFORMATETC@@@Z 1000254b f i LineDisplay.obj
 0001:0000154b       ?SetMoniker@?$IOleObjectImpl@VCOPOSLineDisplay@@@ATL@@UAGJKPAUIMoniker@@@Z 1000254b f i LineDisplay.obj
 0001:0000154b       ?GetDataHere@?$IDataObjectImpl@VCOPOSLineDisplay@@@ATL@@UAGJPAUtagFORMATETC@@PAUtagSTGMEDIUM@@@Z 1000254b f i LineDisplay.obj
 0001:00001553       ?GetMoniker@?$IOleObjectImpl@VCOPOSLineDisplay@@@ATL@@UAGJKKPAPAUIMoniker@@@Z 10002553 f i LineDisplay.obj
 0001:00001553       ?SetData@?$IDataObjectImpl@VCOPOSLineDisplay@@@ATL@@UAGJPAUtagFORMATETC@@PAUtagSTGMEDIUM@@H@Z 10002553 f i LineDisplay.obj
 0001:00001553       ?InitFromData@?$IOleObjectImpl@VCOPOSLineDisplay@@@ATL@@UAGJPAUIDataObject@@HK@Z 10002553 f i LineDisplay.obj
 0001:0000155b       ?DoVerb@?$IOleObjectImpl@VCOPOSLineDisplay@@@ATL@@UAGJJPAUtagMSG@@PAUIOleClientSite@@JPAUHWND__@@PBUtagRECT@@@Z 1000255b f i LineDisplay.obj
 0001:00001673       ?EnumVerbs@?$IOleObjectImpl@VCOPOSLineDisplay@@@ATL@@UAGJPAPAUIEnumOLEVERB@@@Z 10002673 f i LineDisplay.obj
 0001:00001695       ?IsUpToDate@?$IOleObjectImpl@VCOPOSLineDisplay@@@ATL@@UAGJXZ 10002695 f i LineDisplay.obj
 0001:00001695       ?Update@?$IOleObjectImpl@VCOPOSLineDisplay@@@ATL@@UAGJXZ 10002695 f i LineDisplay.obj
 0001:00001695       ?Release@CRegObject@ATL@@UAGKXZ 10002695 f i LineDisplay.obj
 0001:00001695       ?HandsOffStorage@?$IPersistStorageImpl@VCOPOSLineDisplay@@@ATL@@UAGJXZ 10002695 f i LineDisplay.obj
 0001:0000169a       ?GetUserType@?$IOleObjectImpl@VCOPOSLineDisplay@@@ATL@@UAGJKPAPA_W@Z 1000269a f i LineDisplay.obj
 0001:000016b2       ?SetExtent@?$IOleObjectImpl@VCOPOSLineDisplay@@@ATL@@UAGJKPAUtagSIZE@@@Z 100026b2 f i LineDisplay.obj
 0001:000016d2       ?GetExtent@?$IOleObjectImpl@VCOPOSLineDisplay@@@ATL@@UAGJKPAUtagSIZE@@@Z 100026d2 f i LineDisplay.obj
 0001:00001710       ?Advise@?$IOleObjectImpl@VCOPOSLineDisplay@@@ATL@@UAGJPAUIAdviseSink@@PAK@Z 10002710 f i LineDisplay.obj
 0001:00001730       ?Unadvise@?$IOleObjectImpl@VCOPOSLineDisplay@@@ATL@@UAGJK@Z 10002730 f i LineDisplay.obj
 0001:0000175f       ?EnumAdvise@?$IOleObjectImpl@VCOPOSLineDisplay@@@ATL@@UAGJPAPAUIEnumSTATDATA@@@Z 1000275f f i LineDisplay.obj
 0001:0000179f       ?GetMiscStatus@?$IOleObjectImpl@VCOPOSLineDisplay@@@ATL@@UAGJKPAK@Z 1000279f f i LineDisplay.obj
 0001:000017b7       ?GetWindow@?$IOleInPlaceActiveObjectImpl@VCOPOSLineDisplay@@@ATL@@UAGJPAPAUHWND__@@@Z 100027b7 f i LineDisplay.obj
 0001:00001804       ?TranslateAcceleratorW@?$IOleInPlaceActiveObjectImpl@VCOPOSLineDisplay@@@ATL@@UAGJPAUtagMSG@@@Z 10002804 f i LineDisplay.obj
 0001:000018a2       ?OnDocWindowActivate@?$IOleInPlaceActiveObjectImpl@VCOPOSLineDisplay@@@ATL@@UAGJH@Z 100028a2 f i LineDisplay.obj
 0001:000018c4       ?ResizeBorder@?$IOleInPlaceActiveObjectImpl@VCOPOSLineDisplay@@@ATL@@UAGJPBUtagRECT@@PAUIOleInPlaceUIWindow@@H@Z 100028c4 f i LineDisplay.obj
 0001:000018c9       ?Draw@?$IViewObjectExImpl@VCOPOSLineDisplay@@@ATL@@UAGJKJPAXPAUtagDVTARGETDEVICE@@PAUHDC__@@2PBU_RECTL@@3P6GHK@ZK@Z 100028c9 f i LineDisplay.obj
 0001:000018fb       ?GetColorSet@?$IViewObjectExImpl@VCOPOSLineDisplay@@@ATL@@UAGJKJPAXPAUtagDVTARGETDEVICE@@PAUHDC__@@PAPAUtagLOGPALETTE@@@Z 100028fb f i LineDisplay.obj
 0001:00001903       ?Freeze@?$IViewObjectExImpl@VCOPOSLineDisplay@@@ATL@@UAGJKJPAXPAK@Z 10002903 f i LineDisplay.obj
 0001:00001903       ?SOErrorDummy@COPOSLineDisplay@@MAGJJJJPAJ@Z 10002903 f i LineDisplay.obj
 0001:0000190b       ?SetAdvise@?$IViewObjectExImpl@VCOPOSLineDisplay@@@ATL@@UAGJKKPAUIAdviseSink@@@Z 1000290b f i LineDisplay.obj
 0001:0000192a       ?GetAdvise@?$IViewObjectExImpl@VCOPOSLineDisplay@@@ATL@@UAGJPAK0PAPAUIAdviseSink@@@Z 1000292a f i LineDisplay.obj
 0001:0000195f       ?GetExtent@?$IViewObjectExImpl@VCOPOSLineDisplay@@@ATL@@UAGJKJPAUtagDVTARGETDEVICE@@PAUtagSIZE@@@Z 1000295f f i LineDisplay.obj
 0001:00001990       ?GetViewStatus@?$IViewObjectExImpl@VCOPOSLineDisplay@@@ATL@@UAGJPAK@Z 10002990 f i LineDisplay.obj
 0001:000019ad       ?QueryHitPoint@?$IViewObjectExImpl@VCOPOSLineDisplay@@@ATL@@UAGJKPBUtagRECT@@UtagPOINT@@JPAK@Z 100029ad f i LineDisplay.obj
 0001:000019ee       ?QueryHitRect@?$IViewObjectExImpl@VCOPOSLineDisplay@@@ATL@@UAGJKPBUtagRECT@@0JPAK@Z 100029ee f i LineDisplay.obj
 0001:00001a49       ?GetNaturalExtent@?$IViewObjectExImpl@VCOPOSLineDisplay@@@ATL@@UAGJKJPAUtagDVTARGETDEVICE@@PAUHDC__@@PAUtagExtentInfo@@PAUtagSIZE@@@Z 10002a49 f i LineDisplay.obj
 0001:00001a94       ?GetWindow@?$IOleInPlaceObjectWindowlessImpl@VCOPOSLineDisplay@@@ATL@@UAGJPAPAUHWND__@@@Z 10002a94 f i LineDisplay.obj
 0001:00001ae1       ?InPlaceDeactivate@?$IOleInPlaceObjectWindowlessImpl@VCOPOSLineDisplay@@@ATL@@UAGJXZ 10002ae1 f i LineDisplay.obj
 0001:00001afb       ?UIDeactivate@?$IOleInPlaceObjectWindowlessImpl@VCOPOSLineDisplay@@@ATL@@UAGJXZ 10002afb f i LineDisplay.obj
 0001:00001b15       ?SetObjectRects@?$IOleInPlaceObjectWindowlessImpl@VCOPOSLineDisplay@@@ATL@@UAGJPBUtagRECT@@0@Z 10002b15 f i LineDisplay.obj
 0001:00001b35       ?ReactivateAndUndo@?$IOleInPlaceObjectWindowlessImpl@VCOPOSLineDisplay@@@ATL@@UAGJXZ 10002b35 f i LineDisplay.obj
 0001:00001b3d       ?OnWindowMessage@?$IOleInPlaceObjectWindowlessImpl@VCOPOSLineDisplay@@@ATL@@UAGJIIJPAJ@Z 10002b3d f i LineDisplay.obj
 0001:00001bad       ?EnumConnectionPoints@?$IConnectionPointContainerImpl@VCOPOSLineDisplay@@@ATL@@UAGJPAPAUIEnumConnectionPoints@@@Z 10002bad f i LineDisplay.obj
 0001:00001d27       ?FindConnectionPoint@?$IConnectionPointContainerImpl@VCOPOSLineDisplay@@@ATL@@UAGJABU_GUID@@PAPAUIConnectionPoint@@@Z 10002d27 f i LineDisplay.obj
 0001:00001dca       ?IsDirty@?$IPersistStorageImpl@VCOPOSLineDisplay@@@ATL@@UAGJXZ 10002dca f i LineDisplay.obj
 0001:00001dfe       ?InitNew@?$IPersistStorageImpl@VCOPOSLineDisplay@@@ATL@@UAGJPAUIStorage@@@Z 10002dfe f i LineDisplay.obj
 0001:00001e32       ?Load@?$IPersistStorageImpl@VCOPOSLineDisplay@@@ATL@@UAGJPAUIStorage@@@Z 10002e32 f i LineDisplay.obj
 0001:00001e9e       ?Save@?$IPersistStorageImpl@VCOPOSLineDisplay@@@ATL@@UAGJPAUIStorage@@H@Z 10002e9e f i LineDisplay.obj
 0001:00001f11       ?GetPages@?$ISpecifyPropertyPagesImpl@VCOPOSLineDisplay@@@ATL@@UAGJPAUtagCAUUID@@@Z 10002f11 f i LineDisplay.obj
 0001:00001f28       ?QuickActivate@?$IQuickActivateImpl@VCOPOSLineDisplay@@@ATL@@UAGJPAUtagQACONTAINER@@PAUtagQACONTROL@@@Z 10002f28 f i LineDisplay.obj
 0001:00001f4b       ?SetContentExtent@?$IQuickActivateImpl@VCOPOSLineDisplay@@@ATL@@UAGJPAUtagSIZE@@@Z 10002f4b f i LineDisplay.obj
 0001:00001f77       ?GetContentExtent@?$IQuickActivateImpl@VCOPOSLineDisplay@@@ATL@@UAGJPAUtagSIZE@@@Z 10002f77 f i LineDisplay.obj
 0001:00001f97       ?GetData@?$IDataObjectImpl@VCOPOSLineDisplay@@@ATL@@UAGJPAUtagFORMATETC@@PAUtagSTGMEDIUM@@@Z 10002f97 f i LineDisplay.obj
 0001:00001fba       ?DAdvise@?$IDataObjectImpl@VCOPOSLineDisplay@@@ATL@@UAGJPAUtagFORMATETC@@KPAUIAdviseSink@@PAK@Z 10002fba f i LineDisplay.obj
 0001:00001ffb       ?DUnadvise@?$IDataObjectImpl@VCOPOSLineDisplay@@@ATL@@UAGJK@Z 10002ffb f i LineDisplay.obj
 0001:00002029       ?EnumDAdvise@?$IDataObjectImpl@VCOPOSLineDisplay@@@ATL@@UAGJPAPAUIEnumSTATDATA@@@Z 10003029 f i LineDisplay.obj
 0001:00002068       ?GetClassInfoW@?$IProvideClassInfo2Impl@$1?CLSID_OPOSLineDisplay@@3U_GUID@@B$1?DIID__IOPOSLineDisplayEvents@@3U2@B$1?LIBID_OposLineDisplay_CCO@@3U2@B$00$0A@VCComTypeInfoHolder@ATL@@@ATL@@UAGJPAPAUITypeInfo@@@Z 10003068 f i LineDisplay.obj
 0001:0000207e       ?GetGUID@?$IProvideClassInfo2Impl@$1?CLSID_OPOSLineDisplay@@3U_GUID@@B$1?DIID__IOPOSLineDisplayEvents@@3U2@B$1?LIBID_OposLineDisplay_CCO@@3U2@B$00$0A@VCComTypeInfoHolder@ATL@@@ATL@@UAGJKPAU_GUID@@@Z 1000307e f i LineDisplay.obj
 0001:000020bc       __get_startup_argv_mode    100030bc f i LIBCMT:argv_mode.obj
 0001:000020bc       ?FAccessAllowed@?$IObjectSafetyImpl@VCOPOSLineDisplay@@$02@ATL@@MAEHXZ 100030bc f i LineDisplay.obj
 0001:000020c0       ?GetInterfaceSafetyOptions@?$IObjectSafetyImpl@VCOPOSLineDisplay@@$02@ATL@@UAGJABU_GUID@@PAK1@Z 100030c0 f i LineDisplay.obj
 0001:00002134       ?SetInterfaceSafetyOptions@?$IObjectSafetyImpl@VCOPOSLineDisplay@@$02@ATL@@UAGJABU_GUID@@KK@Z 10003134 f i LineDisplay.obj
 0001:000021ae       ?_LocCPQueryInterface@?$IConnectionPointImpl@VCOPOSLineDisplay@@$1?IID_IPropertyNotifySink@@3U_GUID@@BVCComDynamicUnkArray@ATL@@@ATL@@UAGJABU_GUID@@PAPAX@Z 100031ae f i LineDisplay.obj
 0001:000021ae       ?_LocCPQueryInterface@?$IConnectionPointImpl@VCOPOSLineDisplay@@$1?DIID__IOPOSLineDisplayEvents@@3U_GUID@@BVCComDynamicUnkArray@ATL@@@ATL@@UAGJABU_GUID@@PAPAX@Z 100031ae f i LineDisplay.obj
 0001:000021fb       ?GetConnectionInterface@?$IConnectionPointImpl@VCOPOSLineDisplay@@$1?IID_IPropertyNotifySink@@3U_GUID@@BVCComDynamicUnkArray@ATL@@@ATL@@UAGJPAU_GUID@@@Z 100031fb f i LineDisplay.obj
 0001:0000221f       ?GetConnectionPointContainer@?$IConnectionPointImpl@VCOPOSLineDisplay@@$1?IID_IPropertyNotifySink@@3U_GUID@@BVCComDynamicUnkArray@ATL@@@ATL@@UAGJPAPAUIConnectionPointContainer@@@Z 1000321f f i LineDisplay.obj
 0001:00002242       ?Advise@?$IConnectionPointImpl@VCOPOSLineDisplay@@$1?IID_IPropertyNotifySink@@3U_GUID@@BVCComDynamicUnkArray@ATL@@@ATL@@UAGJPAUIUnknown@@PAK@Z 10003242 f i LineDisplay.obj
 0001:00002242       ?Advise@?$IConnectionPointImpl@VCOPOSLineDisplay@@$1?DIID__IOPOSLineDisplayEvents@@3U_GUID@@BVCComDynamicUnkArray@ATL@@@ATL@@UAGJPAUIUnknown@@PAK@Z 10003242 f i LineDisplay.obj
 0001:000022e3       ?Unadvise@?$IConnectionPointImpl@VCOPOSLineDisplay@@$1?IID_IPropertyNotifySink@@3U_GUID@@BVCComDynamicUnkArray@ATL@@@ATL@@UAGJK@Z 100032e3 f i LineDisplay.obj
 0001:000022e3       ?Unadvise@?$IConnectionPointImpl@VCOPOSLineDisplay@@$1?DIID__IOPOSLineDisplayEvents@@3U_GUID@@BVCComDynamicUnkArray@ATL@@@ATL@@UAGJK@Z 100032e3 f i LineDisplay.obj
 0001:00002323       ?EnumConnections@?$IConnectionPointImpl@VCOPOSLineDisplay@@$1?IID_IPropertyNotifySink@@3U_GUID@@BVCComDynamicUnkArray@ATL@@@ATL@@UAGJPAPAUIEnumConnections@@@Z 10003323 f i LineDisplay.obj
 0001:00002323       ?EnumConnections@?$IConnectionPointImpl@VCOPOSLineDisplay@@$1?DIID__IOPOSLineDisplayEvents@@3U_GUID@@BVCComDynamicUnkArray@ATL@@@ATL@@UAGJPAPAUIEnumConnections@@@Z 10003323 f i LineDisplay.obj
 0001:00002429       ?AddRef@CRegObject@ATL@@UAGKXZ 10003429 f i LineDisplay.obj
 0001:0000242f       ?AddReplacement@CRegObject@ATL@@UAGJPB_W0@Z 1000342f f i LineDisplay.obj
 0001:00002468       ?ClearReplacements@CRegObject@ATL@@UAGJXZ 10003468 f i LineDisplay.obj
 0001:0000247a       ??_GCRegObject@ATL@@UAEPAXI@Z 1000347a f i LineDisplay.obj
 0001:0000247a       ??_ECRegObject@ATL@@UAEPAXI@Z 1000347a f i LineDisplay.obj
 0001:0000249c       ?GetConnectionInterface@?$IConnectionPointImpl@VCOPOSLineDisplay@@$1?DIID__IOPOSLineDisplayEvents@@3U_GUID@@BVCComDynamicUnkArray@ATL@@@ATL@@UAGJPAU_GUID@@@Z 1000349c f i LineDisplay.obj
 0001:000024c0       ?GetConnectionPointContainer@?$IConnectionPointImpl@VCOPOSLineDisplay@@$1?DIID__IOPOSLineDisplayEvents@@3U_GUID@@BVCComDynamicUnkArray@ATL@@@ATL@@UAGJPAPAUIConnectionPointContainer@@@Z 100034c0 f i LineDisplay.obj
 0001:000024e3       ?UpdateRegistry@COPOSLineDisplay@@SGJH@Z 100034e3 f i LineDisplay.obj
 0001:000024fb       ?ProcessWindowMessage@COPOSLineDisplay@@UAEHPAUHWND__@@IIJAAJK@Z 100034fb f i LineDisplay.obj
 0001:00002544       ?SODirectIO@COPOSLineDisplay@@MAGJJPAJPAPA_W@Z 10003544 f i LineDisplay.obj
 0001:0000258d       ?SOStatusUpdate@COPOSLineDisplay@@MAGJJ@Z 1000358d f i LineDisplay.obj
 0001:000025c6       ?CreateInstance@?$CComCreator@V?$CComObjectCached@VCComClassFactory@ATL@@@ATL@@@ATL@@SGJPAXABU_GUID@@PAPAX@Z 100035c6 f i LineDisplay.obj
 0001:00002659       ?CreateInstance@?$CComCreator2@V?$CComCreator@V?$CComObject@VCOPOSLineDisplay@@@ATL@@@ATL@@V?$CComCreator@V?$CComAggObject@VCOPOSLineDisplay@@@ATL@@@2@@ATL@@SGJPAXABU_GUID@@PAPAX@Z 10003659 f i LineDisplay.obj
 0001:00002679       ?Next@?$CComEnumImpl@UIEnumConnectionPoints@@$1?_GUID_b196b285_bab4_101a_b69c_00aa00341d07@@3U__s_GUID@@BPAUIConnectionPoint@@V?$_CopyInterface@UIConnectionPoint@@@ATL@@@ATL@@UAGJKPAPAUIConnectionPoint@@PAK@Z 10003679 f i LineDisplay.obj
 0001:00002750       ?Skip@?$CComEnumImpl@UIEnumConnectionPoints@@$1?_GUID_b196b285_bab4_101a_b69c_00aa00341d07@@3U__s_GUID@@BPAUIConnectionPoint@@V?$_CopyInterface@UIConnectionPoint@@@ATL@@@ATL@@UAGJK@Z 10003750 f i LineDisplay.obj
 0001:0000277d       ?Clone@?$CComEnumImpl@UIEnumConnectionPoints@@$1?_GUID_b196b285_bab4_101a_b69c_00aa00341d07@@3U__s_GUID@@BPAUIConnectionPoint@@V?$_CopyInterface@UIConnectionPoint@@@ATL@@@ATL@@UAGJPAPAUIEnumConnectionPoints@@@Z 1000377d f i LineDisplay.obj
 0001:0000285c       ?QueryInterface@?$CComObject@V?$CComEnum@UIEnumConnectionPoints@@$1?_GUID_b196b285_bab4_101a_b69c_00aa00341d07@@3U__s_GUID@@BPAUIConnectionPoint@@V?$_CopyInterface@UIConnectionPoint@@@ATL@@VCComSingleThreadModel@6@@ATL@@@ATL@@UAGJABU_GUID@@PAPAX@Z 1000385c f i LineDisplay.obj
 0001:00002876       ??_G?$CComObject@V?$CComEnum@UIEnumConnectionPoints@@$1?_GUID_b196b285_bab4_101a_b69c_00aa00341d07@@3U__s_GUID@@BPAUIConnectionPoint@@V?$_CopyInterface@UIConnectionPoint@@@ATL@@VCComSingleThreadModel@6@@ATL@@@ATL@@UAEPAXI@Z 10003876 f i LineDisplay.obj
 0001:00002876       ??_E?$CComObject@V?$CComEnum@UIEnumConnectionPoints@@$1?_GUID_b196b285_bab4_101a_b69c_00aa00341d07@@3U__s_GUID@@BPAUIConnectionPoint@@V?$_CopyInterface@UIConnectionPoint@@@ATL@@VCComSingleThreadModel@6@@ATL@@@ATL@@UAEPAXI@Z 10003876 f i LineDisplay.obj
 0001:00002898       ??$?4UITypeInfo2@@@?$CComPtr@UITypeInfo@@@ATL@@QAEPAUITypeInfo@@ABV?$CComPtr@UITypeInfo2@@@1@@Z 10003898 f i LineDisplay.obj
 0001:000028c5       ??$AtlAdd@K@ATL@@YAJPAKKK@Z 100038c5 f i LineDisplay.obj
 0001:000028e8       ??$AtlAdd@_K@ATL@@YAJPA_K_K1@Z 100038e8 f i LineDisplay.obj
 0001:00002920       ??$AtlAddThrow@K@ATL@@YAKKK@Z 10003920 f i LineDisplay.obj
 0001:00002946       ??$AtlModuleRegisterWndClassInfoT@VAtlModuleRegisterWndClassInfoParamW@ATL@@@ATL@@YAGPAU_ATL_BASE_MODULE70@0@PAU_ATL_WIN_MODULE70@0@PAU_ATL_WNDCLASSINFOW@0@PAP6GJPAUHWND__@@IIJ@ZVAtlModuleRegisterWndClassInfoParamW@0@@Z 10003946 f i LineDisplay.obj
 0001:00002a94       ??$AtlMultiply@H@ATL@@YAJPAHHH@Z 10003a94 f i LineDisplay.obj
 0001:00002acc       ??$AtlMultiply@I@ATL@@YAJPAIII@Z 10003acc f i LineDisplay.obj
 0001:00002acc       ??$AtlMultiply@K@ATL@@YAJPAKKK@Z 10003acc f i LineDisplay.obj
 0001:00002aee       ??$AtlMultiplyThrow@I@ATL@@YAIII@Z 10003aee f i LineDisplay.obj
 0001:00002b14       ??0?$CComAggObject@VCOPOSLineDisplay@@@ATL@@QAE@PAX@Z 10003b14 f i LineDisplay.obj
 0001:00002b41       ??0?$CComContainedObject@VCOPOSLineDisplay@@@ATL@@QAE@PAX@Z 10003b41 f i LineDisplay.obj
 0001:00002bfa       ??0?$CComObject@V?$CComEnum@UIEnumConnectionPoints@@$1?_GUID_b196b285_bab4_101a_b69c_00aa00341d07@@3U__s_GUID@@BPAUIConnectionPoint@@V?$_CopyInterface@UIConnectionPoint@@@ATL@@VCComSingleThreadModel@6@@ATL@@@ATL@@QAE@PAX@Z 10003bfa f i LineDisplay.obj
 0001:00002c28       ??0?$CComObject@V?$CComEnum@UIEnumConnections@@$1?_GUID_b196b287_bab4_101a_b69c_00aa00341d07@@3U__s_GUID@@BUtagCONNECTDATA@@V?$_Copy@UtagCONNECTDATA@@@ATL@@VCComSingleThreadModel@6@@ATL@@@ATL@@QAE@PAX@Z 10003c28 f i LineDisplay.obj
 0001:00002c56       ??0?$CComObject@VCOPOSLineDisplay@@@ATL@@QAE@PAX@Z 10003c56 f i LineDisplay.obj
 0001:00002d0d       ??0?$CComQIPtr@UIOleControlSite@@$1?_GUID_b196b289_bab4_101a_b69c_00aa00341d07@@3U__s_GUID@@B@ATL@@QAE@PAUIUnknown@@@Z 10003d0d f i LineDisplay.obj
 0001:00002d36       ??0CAtlModule@ATL@@QAE@XZ  10003d36 f i LineDisplay.obj
 0001:00002d77       ??0CParseBuffer@CRegParser@ATL@@QAE@H@Z 10003d77 f i LineDisplay.obj
 0001:00002dad       ??0_ATL_MSG@ATL@@QAE@PAUHWND__@@IIJH@Z 10003dad f i LineDisplay.obj
 0001:00002de5       ??1?$CComAggObject@VCOPOSLineDisplay@@@ATL@@UAE@XZ 10003de5 f i LineDisplay.obj
 0001:00002e09       ??1?$CComEnumImpl@UIEnumConnectionPoints@@$1?_GUID_b196b285_bab4_101a_b69c_00aa00341d07@@3U__s_GUID@@BPAUIConnectionPoint@@V?$_CopyInterface@UIConnectionPoint@@@ATL@@@ATL@@UAE@XZ 10003e09 f i LineDisplay.obj
 0001:00002e49       ??1?$CComEnumImpl@UIEnumConnections@@$1?_GUID_b196b287_bab4_101a_b69c_00aa00341d07@@3U__s_GUID@@BUtagCONNECTDATA@@V?$_Copy@UtagCONNECTDATA@@@ATL@@@ATL@@UAE@XZ 10003e49 f i LineDisplay.obj
 0001:00002e89       ??1?$CComObject@V?$CComEnum@UIEnumConnectionPoints@@$1?_GUID_b196b285_bab4_101a_b69c_00aa00341d07@@3U__s_GUID@@BPAUIConnectionPoint@@V?$_CopyInterface@UIConnectionPoint@@@ATL@@VCComSingleThreadModel@6@@ATL@@@ATL@@UAE@XZ 10003e89 f i LineDisplay.obj
 0001:00002eac       ??1?$CComObject@V?$CComEnum@UIEnumConnections@@$1?_GUID_b196b287_bab4_101a_b69c_00aa00341d07@@3U__s_GUID@@BUtagCONNECTDATA@@V?$_Copy@UtagCONNECTDATA@@@ATL@@VCComSingleThreadModel@6@@ATL@@@ATL@@UAE@XZ 10003eac f i LineDisplay.obj
 0001:00002ecf       ??1?$CComObject@VCOPOSLineDisplay@@@ATL@@UAE@XZ 10003ecf f i LineDisplay.obj
 0001:00002f8d       ??1?$CComObjectCached@VCComClassFactory@ATL@@@ATL@@UAE@XZ 10003f8d f i LineDisplay.obj
 0001:00002fa3       ??1?$CComObjectRootEx@VCComMultiThreadModel@ATL@@@ATL@@QAE@XZ 10003fa3 f i LineDisplay.obj
 0001:00002fb8       ??1CRegObject@ATL@@UAE@XZ  10003fb8 f i LineDisplay.obj
 0001:00002fd8       ??4?$CComPtr@UIOleClientSite@@@ATL@@QAEPAUIOleClientSite@@PAU2@@Z 10003fd8 f i LineDisplay.obj
 0001:00002fd8       ??4?$CComPtr@UIUnknown@@@ATL@@QAEPAUIUnknown@@PAU2@@Z 10003fd8 f i LineDisplay.obj
 0001:00002fd8       ??4?$CComPtr@UIAdviseSink@@@ATL@@QAEPAUIAdviseSink@@PAU2@@Z 10003fd8 f i LineDisplay.obj
 0001:0000300c       ??4?$CComQIPtr@UIOleObject@@$1?_GUID_00000112_0000_0000_c000_000000000046@@3U__s_GUID@@B@ATL@@QAEPAUIOleObject@@PAUIUnknown@@@Z 1000400c f i LineDisplay.obj
 0001:00003031       ??4?$CComQIPtr@UISpecifyPropertyPages@@$1?_GUID_b196b28b_bab4_101a_b69c_00aa00341d07@@3U__s_GUID@@B@ATL@@QAEPAUISpecifyPropertyPages@@PAUIUnknown@@@Z 10004031 f i LineDisplay.obj
 0001:00003056       ??_G?$CComContainedObject@VCOPOSLineDisplay@@@ATL@@UAEPAXI@Z 10004056 f i LineDisplay.obj
 0001:00003056       ??_E?$CComContainedObject@VCOPOSLineDisplay@@@ATL@@UAEPAXI@Z 10004056 f i LineDisplay.obj
 0001:0000307b       ??_E?$CComObject@VCOPOSLineDisplay@@@ATL@@UAEPAXI@Z 1000407b f i LineDisplay.obj
 0001:0000307b       ??_G?$CComObject@VCOPOSLineDisplay@@@ATL@@UAEPAXI@Z 1000407b f i LineDisplay.obj
 0001:000030a0       ?Add@?$CSimpleArray@GV?$CSimpleArrayEqualHelper@G@ATL@@@ATL@@QAEHABG@Z 100040a0 f i LineDisplay.obj
 0001:00003124       ?Add@?$CSimpleMap@PA_WPA_WVCExpansionVectorEqualHelper@ATL@@@ATL@@QAEHABQA_W0@Z 10004124 f i LineDisplay.obj
 0001:00003179       ?Add@CComDynamicUnkArray@ATL@@QAEKPAUIUnknown@@@Z 10004179 f i LineDisplay.obj
 0001:00003234       ?Add@CExpansionVector@ATL@@QAEHPB_W0@Z 10004234 f i LineDisplay.obj
 0001:00003338       ?AddString@CParseBuffer@CRegParser@ATL@@QAEHPB_W@Z 10004338 f i LineDisplay.obj
 0001:0000336d       ?AddValue@CRegParser@ATL@@IAEJAAVCRegKey@2@PB_WPA_W@Z 1000436d f i LineDisplay.obj
 0001:0000368e       ?Allocate@?$CAtlSafeAllocBufferManager@VCCRTAllocator@ATL@@@_ATL_SAFE_ALLOCA_IMPL@ATL@@QAEPAXK@Z 1000468e f i LineDisplay.obj
 0001:000036bb       ?Allocate@?$CTempBuffer@E$0BAA@VCCRTAllocator@ATL@@@ATL@@QAEPAEI@Z 100046bb f i LineDisplay.obj
 0001:000036ea       ?Allocate@?$CTempBuffer@_W$0BAA@VCCRTAllocator@ATL@@@ATL@@QAEPA_WI@Z 100046ea f i LineDisplay.obj
 0001:00003719       ?Allocate@?$CTempBuffer@_W$0EAA@VCCRTAllocator@ATL@@@ATL@@QAEPA_WI@Z 10004719 f i LineDisplay.obj
 0001:00003748       ?AllocateHeap@?$CTempBuffer@_W$0EAA@VCCRTAllocator@ATL@@@ATL@@AAEXI@Z 10004748 f i LineDisplay.obj
 0001:00003748       ?AllocateHeap@?$CTempBuffer@_W$0BAA@VCCRTAllocator@ATL@@@ATL@@AAEXI@Z 10004748 f i LineDisplay.obj
 0001:00003748       ?AllocateHeap@?$CTempBuffer@E$0BAA@VCCRTAllocator@ATL@@@ATL@@AAEXI@Z 10004748 f i LineDisplay.obj
 0001:0000376d       ?Append@CParseBuffer@CRegParser@ATL@@QAEHPB_WH@Z 1000476d f i LineDisplay.obj
 0001:000037fb       ?AtlCallTermFunc@ATL@@YGXPAU_ATL_MODULE70@1@@Z 100047fb f i LineDisplay.obj
 0001:0000383f       ?AtlCoTaskMemCAlloc@ATL@@YAPAXKK@Z 1000483f f i LineDisplay.obj
 0001:0000386c       ?AtlCoTaskMemRecalloc@ATL@@YAPAXPAXKK@Z 1000486c f i LineDisplay.obj
 0001:0000389c       ?AtlComModuleGetClassObject@ATL@@YGJPAU_ATL_COM_MODULE70@1@ABU_GUID@@1PAPAX@Z 1000489c f i LineDisplay.obj
 0001:0000398f       ?AtlComModuleRegisterServer@ATL@@YGJPAU_ATL_COM_MODULE70@1@HPBU_GUID@@@Z 1000498f f i LineDisplay.obj
 0001:00003a17       ?AtlComModuleUnregisterServer@ATL@@YGJPAU_ATL_COM_MODULE70@1@HPBU_GUID@@@Z 10004a17 f i LineDisplay.obj
 0001:00003a9f       ?AtlComQIPtrAssign2@ATL@@YAXPAPAUIUnknown@@PAU2@ABU_GUID@@@Z 10004a9f f i LineDisplay.obj
 0001:00003ace       ?AtlCreateTargetDC@ATL@@YGPAUHDC__@@PAU2@PAUtagDVTARGETDEVICE@@@Z 10004ace f i LineDisplay.obj
 0001:00003b37       ?AtlCrtErrorCheck@ATL@@YAHH@Z 10004b37 f i LineDisplay.obj
 0001:00003b72       ?AtlHiMetricToPixel@ATL@@YGXPBUtagSIZE@@PAU2@@Z 10004b72 f i LineDisplay.obj
 0001:00003be7       ?AtlHresultFromLastError@ATL@@YAJXZ 10004be7 f i LineDisplay.obj
 0001:00003bfe       ?AtlHresultFromWin32@ATL@@YAJK@Z 10004bfe f i LineDisplay.obj
 0001:00003c13       ?AtlIPersistStreamInit_Load@ATL@@YGJPAUIStream@@PBUATL_PROPMAP_ENTRY@1@PAXPAUIUnknown@@@Z 10004c13 f i LineDisplay.obj
 0001:00003df3       ?AtlIPersistStreamInit_Save@ATL@@YGJPAUIStream@@HPBUATL_PROPMAP_ENTRY@1@PAXPAUIUnknown@@@Z 10004df3 f i LineDisplay.obj
 0001:00003f8b       ?AtlInternalOleLoadFromStream@ATL@@YAJPAUIStream@@ABU_GUID@@PAPAXTClassesAllowedInStream@1@K@Z 10004f8b f i LineDisplay.obj
 0001:000040b1       ?AtlInternalQueryInterface@ATL@@YGJPAXPBU_ATL_INTMAP_ENTRY@1@ABU_GUID@@PAPAX@Z 100050b1 f i LineDisplay.obj
 0001:00004154       ?AtlLoadTypeLib@ATL@@YGJPAUHINSTANCE__@@PB_WPAPA_WPAPAUITypeLib@@@Z 10005154 f i LineDisplay.obj
 0001:00004332       ?AtlModuleAddTermFunc@ATL@@YGJPAU_ATL_MODULE70@1@P6GXK@ZK@Z 10005332 f i LineDisplay.obj
 0001:0000438f       ?AtlRegisterClassCategoriesHelper@ATL@@YGJABU_GUID@@PBU_ATL_CATMAP_ENTRY@1@H@Z 1000538f f i LineDisplay.obj
 0001:0000466f       ?AtlRegisterTypeLib@ATL@@YGJPAUHINSTANCE__@@PB_W@Z 1000566f f i LineDisplay.obj
 0001:000047f7       ?AtlThrowImpl@ATL@@YGXJ@Z  100057f7 f i LineDisplay.obj
 0001:00004815       ?AtlUnRegisterTypeLib@ATL@@YGJPAUHINSTANCE__@@PB_W@Z 10005815 f i LineDisplay.obj
 0001:000048c0       ?AtlWinModuleAddCreateWndData@ATL@@YGXPAU_ATL_WIN_MODULE70@1@PAU_AtlCreateWndData@1@PAX@Z 100058c0 f i LineDisplay.obj
 0001:00004914       ?AtlWinModuleExtractCreateWndData@ATL@@YGPAXPAU_ATL_WIN_MODULE70@1@@Z 10005914 f i LineDisplay.obj
 0001:00004977       ?AtlWinModuleRegisterClassExW@ATL@@YGGPAU_ATL_WIN_MODULE70@1@PBUtagWNDCLASSEXW@@@Z 10005977 f i LineDisplay.obj
 0001:000049b6       ?CanForceRemoveKey@CRegParser@ATL@@IAEHPB_W@Z 100059b6 f i LineDisplay.obj
 0001:000049e5       ?ChToByte@CRegParser@ATL@@KAE_W@Z 100059e5 f i LineDisplay.obj
 0001:00004a18       ?Cleanup@CComTypeInfoHolder@ATL@@SGXK@Z 10005a18 f i LineDisplay.obj
 0001:00004a4b       ?ClearReplacements@CExpansionVector@ATL@@QAEJXZ 10005a4b f i LineDisplay.obj
 0001:00004a88       ?Close@CRegKey@ATL@@QAEJXZ 10005a88 f i LineDisplay.obj
 0001:00004aa2       ?CreateInstance@?$CComCreator@V?$CComAggObject@VCOPOSLineDisplay@@@ATL@@@ATL@@SGJPAXABU_GUID@@PAPAX@Z 10005aa2 f i LineDisplay.obj
 0001:00004b18       ?CreateInstance@?$CComCreator@V?$CComObject@VCOPOSLineDisplay@@@ATL@@@ATL@@SGJPAXABU_GUID@@PAPAX@Z 10005b18 f i LineDisplay.obj
 0001:00004b99       ?CreateInstance@?$CComObject@V?$CComEnum@UIEnumConnectionPoints@@$1?_GUID_b196b285_bab4_101a_b69c_00aa00341d07@@3U__s_GUID@@BPAUIConnectionPoint@@V?$_CopyInterface@UIConnectionPoint@@@ATL@@VCComSingleThreadModel@6@@ATL@@@ATL@@SGJPAPAV12@@Z 10005b99 f i LineDisplay.obj
 0001:00004be0       ?CreateInstance@?$CComObject@V?$CComEnum@UIEnumConnections@@$1?_GUID_b196b287_bab4_101a_b69c_00aa00341d07@@3U__s_GUID@@BUtagCONNECTDATA@@V?$_Copy@UtagCONNECTDATA@@@ATL@@VCComSingleThreadModel@6@@ATL@@@ATL@@SGJPAPAV12@@Z 10005be0 f i LineDisplay.obj
 0001:00004c27       ?DefaultReflectionHandler@?$CWindowImplRoot@VCWindow@ATL@@@ATL@@SAHPAUHWND__@@IIJAAJ@Z 10005c27 f i LineDisplay.obj
 0001:00004c9a       ?DeleteSubKey@CRegKey@ATL@@QAEJPB_W@Z 10005c9a f i LineDisplay.obj
 0001:00004d13       ?DoEvent@COPOSLineDisplay@@IAEXIIJ@Z 10005d13 f i LineDisplay.obj
 0001:00004d93       ?DoVerbHide@?$IOleObjectImpl@VCOPOSLineDisplay@@@ATL@@QAEJPBUtagRECT@@PAUHWND__@@@Z 10005d93 f i LineDisplay.obj
 0001:00004dc9       ?DoVerbInPlaceActivate@?$IOleObjectImpl@VCOPOSLineDisplay@@@ATL@@QAEJPBUtagRECT@@PAUHWND__@@@Z 10005dc9 f i LineDisplay.obj
 0001:00004dfc       ?DoVerbPrimary@?$IOleObjectImpl@VCOPOSLineDisplay@@@ATL@@QAEJPBUtagRECT@@PAUHWND__@@@Z 10005dfc f i LineDisplay.obj
 0001:00004e88       ?DoVerbProperties@CComControlBase@ATL@@QAEJPBUtagRECT@@PAUHWND__@@@Z 10005e88 f i LineDisplay.obj
 0001:00004faf       ?DoVerbShow@?$IOleObjectImpl@VCOPOSLineDisplay@@@ATL@@QAEJPBUtagRECT@@PAUHWND__@@@Z 10005faf f i LineDisplay.obj
 0001:00004fd4       ?DoVerbUIActivate@?$IOleObjectImpl@VCOPOSLineDisplay@@@ATL@@QAEJPBUtagRECT@@PAUHWND__@@@Z 10005fd4 f i LineDisplay.obj
 0001:00005011       ?DoesVerbActivate@CComControlBase@ATL@@QAEHJ@Z 10006011 f i LineDisplay.obj
 0001:00005032       ?DoesVerbUIActivate@CComControlBase@ATL@@QAEHJ@Z 10006032 f i LineDisplay.obj
 0001:00005067       ?EndOfVar@CRegParser@ATL@@IAEHXZ 10006067 f i LineDisplay.obj
 0001:00005087       ?EscapeSingleQuote@CAtlModule@ATL@@SAXPA_WIPB_W@Z 10006087 f i LineDisplay.obj
 0001:000050d6       ?FindKey@?$CSimpleMap@PA_WPA_WVCExpansionVectorEqualHelper@ATL@@@ATL@@QBEHABQA_W@Z 100060d6 f i LineDisplay.obj
 0001:0000510d       ?FireTheEvent@?$CProxy_IOPOSEvents@VCOPOSLineDisplay@@@@IAEXPAVOposVariant@@IAAJPB_WJ@Z 1000610d f i LineDisplay.obj
 0001:0000519f       ?FireViewChange@CComControlBase@ATL@@QAEJXZ 1000619f f i LineDisplay.obj
 0001:000051e8       ?Fire_DirectIOEvent@?$CProxy_IOPOSEvents@VCOPOSLineDisplay@@@@QAEXJPAJPAPA_W@Z 100061e8 f i LineDisplay.obj
 0001:000052ce       ?Fire_StatusUpdateEvent@?$CProxy_IOPOSEvents@VCOPOSLineDisplay@@@@QAEXJ@Z 100062ce f i LineDisplay.obj
 0001:0000535a       ?FreeHeap@?$CTempBuffer@E$0BAA@VCCRTAllocator@ATL@@@ATL@@AAEXXZ 1000635a f i LineDisplay.obj
 0001:0000535a       ?FreeHeap@?$CTempBuffer@_W$0BAA@VCCRTAllocator@ATL@@@ATL@@AAEXXZ 1000635a f i LineDisplay.obj
 0001:0000535a       ?FreeHeap@?$CTempBuffer@_W$0EAA@VCCRTAllocator@ATL@@@ATL@@AAEXXZ 1000635a f i LineDisplay.obj
 0001:00005363       ?GetAmbientLocaleID@CComControlBase@ATL@@QAEJAAK@Z 10006363 f i LineDisplay.obj
 0001:000053bf       ?GetAmbientUserMode@CComControlBase@ATL@@QAEJAAH@Z 100063bf f i LineDisplay.obj
 0001:0000542f       ?GetAt@CComDynamicUnkArray@ATL@@QAEPAUIUnknown@@H@Z 1000642f f i LineDisplay.obj
 0001:0000544b       ?GetClassObject@CComModule@ATL@@QAEJABU_GUID@@0PAPAX@Z 1000644b f i LineDisplay.obj
 0001:000054ed       ?GetConnMap@COPOSLineDisplay@@SAPBU_ATL_CONNMAP_ENTRY@ATL@@PAH@Z 100064ed f i LineDisplay.obj
 0001:0000555d       ?GetCookie@CComDynamicUnkArray@ATL@@QAGKPAPAUIUnknown@@@Z 1000655d f i LineDisplay.obj
 0001:00005595       ?GetIDsOfNames@CComTypeInfoHolder@ATL@@QAEJABU_GUID@@PAPA_WIKPAJ@Z 10006595 f i LineDisplay.obj
 0001:000056a3       ?GetKeyAt@?$CSimpleMap@PA_WPA_WVCExpansionVectorEqualHelper@ATL@@@ATL@@QBEAAPA_WH@Z 100066a3 f i LineDisplay.obj
 0001:000056c8       ?GetPagesHelper@?$ISpecifyPropertyPagesImpl@VCOPOSLineDisplay@@@ATL@@IAEJPAUtagCAUUID@@PBUATL_PROPMAP_ENTRY@2@@Z 100066c8 f i LineDisplay.obj
 0001:000057ef       ?GetProperty@?$CComPtr@UIDispatch@@@ATL@@SAJPAUIDispatch@@JPAUtagVARIANT@@@Z 100067ef f i LineDisplay.obj
 0001:0000583e       ?GetSizeMax@CComVariant@ATL@@QBEJPAT_ULARGE_INTEGER@@@Z 1000683e f i LineDisplay.obj
 0001:000059f8       ?GetStreamSize@CComBSTR@ATL@@SAKPA_W@Z 100069f8 f i LineDisplay.obj
 0001:00005a12       ?GetTI@CComTypeInfoHolder@ATL@@QAEJK@Z 10006a12 f i LineDisplay.obj
 0001:00005bfb       ?GetTI@CComTypeInfoHolder@ATL@@QAEJKPAPAUITypeInfo@@@Z 10006bfb f i LineDisplay.obj
 0001:00005c3d       ?GetUnknown@CComDynamicUnkArray@ATL@@QAGPAUIUnknown@@K@Z 10006c3d f i LineDisplay.obj
 0001:00005c5e       ?GetValueAt@?$CSimpleMap@PA_WPA_WVCExpansionVectorEqualHelper@ATL@@@ATL@@QBEAAPA_WH@Z 10006c5e f i LineDisplay.obj
 0001:00005c84       ?GetZoomInfo@CComControlBase@ATL@@QAEXAAUATL_DRAWINFO@@@Z 10006c84 f i LineDisplay.obj
 0001:00005d17       ?HKeyFromString@CRegParser@ATL@@KAPAUHKEY__@@PA_W@Z 10006d17 f i LineDisplay.obj
 0001:00005d45       ?HasSubKeys@CRegParser@ATL@@IAEHPAUHKEY__@@@Z 10006d45 f i LineDisplay.obj
 0001:00005d7a       ?IDataObject_GetData@CComControlBase@ATL@@QAEJPAUtagFORMATETC@@PAUtagSTGMEDIUM@@@Z 10006d7a f i LineDisplay.obj
 0001:00005f20       ?IOleInPlaceObject_InPlaceDeactivate@CComControlBase@ATL@@QAEJXZ 10006f20 f i LineDisplay.obj
 0001:00005fa7       ?IOleInPlaceObject_SetObjectRects@CComControlBase@ATL@@QAEJPBUtagRECT@@0@Z 10006fa7 f i LineDisplay.obj
 0001:00006074       ?IOleInPlaceObject_UIDeactivate@CComControlBase@ATL@@QAEJXZ 10007074 f i LineDisplay.obj
 0001:00006136       ?IOleObject_Advise@CComControlBase@ATL@@QAEJPAUIAdviseSink@@PAK@Z 10007136 f i LineDisplay.obj
 0001:00006160       ?IOleObject_Close@CComControlBase@ATL@@QAEJK@Z 10007160 f i LineDisplay.obj
 0001:00006244       ?IOleObject_GetClientSite@CComControlBase@ATL@@QAEJPAPAUIOleClientSite@@@Z 10007244 f i LineDisplay.obj
 0001:0000626d       ?IOleObject_SetClientSite@CComControlBase@ATL@@QAEJPAUIOleClientSite@@@Z 1000726d f i LineDisplay.obj
 0001:000062ac       ?IOleObject_SetExtent@CComControlBase@ATL@@QAEJKPAUtagSIZE@@@Z 100072ac f i LineDisplay.obj
 0001:00006360       ?IPSI_GetIPersistStreamInit@?$IPersistStorageImpl@VCOPOSLineDisplay@@@ATL@@AAEPAUIPersistStreamInit@@XZ 10007360 f i LineDisplay.obj
 0001:000063a2       ?IPersistStreamInit_Load@?$IPersistStreamInitImpl@VCOPOSLineDisplay@@@ATL@@QAEJPAUIStream@@PBUATL_PROPMAP_ENTRY@2@@Z 100073a2 f i LineDisplay.obj
 0001:000063ce       ?IPersistStreamInit_Save@?$IPersistStreamInitImpl@VCOPOSLineDisplay@@@ATL@@QAEJPAUIStream@@HPBUATL_PROPMAP_ENTRY@2@@Z 100073ce f i LineDisplay.obj
 0001:00006403       ?IQuickActivate_QuickActivate@CComControlBase@ATL@@QAEJPAUtagQACONTAINER@@PAUtagQACONTROL@@@Z 10007403 f i LineDisplay.obj
 0001:00006645       ?IViewObject_Draw@CComControlBase@ATL@@QAEJKJPAXPAUtagDVTARGETDEVICE@@PAUHDC__@@2PBU_RECTL@@3@Z 10007645 f i LineDisplay.obj
 0001:000066ed       ?InPlaceActivate@CComControlBase@ATL@@QAEJJPBUtagRECT@@@Z 100076ed f i LineDisplay.obj
 0001:0000695e       ?Init@?$CComEnumImpl@UIEnumConnectionPoints@@$1?_GUID_b196b285_bab4_101a_b69c_00aa00341d07@@3U__s_GUID@@BPAUIConnectionPoint@@V?$_CopyInterface@UIConnectionPoint@@@ATL@@@ATL@@QAEJPAPAUIConnectionPoint@@0PAUIUnknown@@W4CComEnumFlags@2@@Z 1000795e f i LineDisplay.obj
 0001:00006a3d       ?Init@?$CComEnumImpl@UIEnumConnections@@$1?_GUID_b196b287_bab4_101a_b69c_00aa00341d07@@3U__s_GUID@@BUtagCONNECTDATA@@V?$_Copy@UtagCONNECTDATA@@@ATL@@@ATL@@QAEJPAUtagCONNECTDATA@@0PAUIUnknown@@W4CComEnumFlags@2@@Z 10007a3d f i LineDisplay.obj
 0001:00006b1c       ?Init@CComModule@ATL@@QAEJPAU_ATL_OBJMAP_ENTRY30@2@PAUHINSTANCE__@@PBU_GUID@@@Z 10007b1c f i LineDisplay.obj
 0001:00006b7b       ?Init@CDynamicStdCallThunk2@ATL@@QAEHKPAX@Z 10007b7b f i LineDisplay.obj
 0001:00006ba6       ?InlineIsEqualUnknown@ATL@@YGHABU_GUID@@@Z 10007ba6 f i LineDisplay.obj
 0001:00006bce       ?InternalGetSite@CComControlBase@ATL@@QAEJABU_GUID@@PAPAX@Z 10007bce f i LineDisplay.obj
 0001:00006bfc       ?InternalSetAtIndex@?$CSimpleMap@PA_WPA_WVCExpansionVectorEqualHelper@ATL@@@ATL@@QAEXHABQA_W0@Z 10007bfc f i LineDisplay.obj
 0001:00006c26       ?Invoke@CComTypeInfoHolder@ATL@@QAEJPAUIDispatch@@JABU_GUID@@KGPAUtagDISPPARAMS@@PAUtagVARIANT@@PAUtagEXCEPINFO@@PAI@Z 10007c26 f i LineDisplay.obj
 0001:00006c69       ?IsEqualObject@?$CComPtrBase@UIOleClientSite@@@ATL@@QAE_NPAUIUnknown@@@Z 10007c69 f i LineDisplay.obj
 0001:00006c69       ?IsEqualObject@?$CComPtrBase@UITypeInfo@@@ATL@@QAE_NPAUIUnknown@@@Z 10007c69 f i LineDisplay.obj
 0001:00006cd6       ?IsSpace@CRegParser@ATL@@IAEH_W@Z 10007cd6 f i LineDisplay.obj
 0001:00006d00       ?LoadNameCache@CComTypeInfoHolder@ATL@@QAEJPAUITypeInfo@@@Z 10007d00 f i LineDisplay.obj
 0001:00006e4e       ?Lookup@?$CSimpleMap@PA_WPA_WVCExpansionVectorEqualHelper@ATL@@@ATL@@QBEPA_WABQA_W@Z 10007e4e f i LineDisplay.obj
 0001:00006e74       ?NextToken@CRegParser@ATL@@IAEJPA_W@Z 10007e74 f i LineDisplay.obj
 0001:00006fac       ?OnKillFocus@CComControlBase@ATL@@QAEJIIJAAH@Z 10007fac f i LineDisplay.obj
 0001:00007007       ?OnMouseActivate@CComControlBase@ATL@@QAEJIIJAAH@Z 10008007 f i LineDisplay.obj
 0001:00007075       ?OnPaint@CComControlBase@ATL@@QAEJIIJAAH@Z 10008075 f i LineDisplay.obj
 0001:00007127       ?OnSetFocus@CComControlBase@ATL@@QAEJIIJAAH@Z 10008127 f i LineDisplay.obj
 0001:000071b0       ?Open@CRegKey@ATL@@QAEJPAUHKEY__@@PB_WK@Z 100081b0 f i LineDisplay.obj
 0001:00007205       ?PreProcessBuffer@CRegParser@ATL@@QAEJPA_WPAPA_W@Z 10008205 f i LineDisplay.obj
 0001:0000746f       ?ProcessWindowMessage@?$CComControl@VCOPOSLineDisplay@@V?$CWindowImpl@VCOPOSLineDisplay@@VCWindow@ATL@@V?$CWinTraits@$0FGAAAAAA@$0A@@3@@ATL@@@ATL@@UAEHPAUHWND__@@IIJAAJK@Z 1000846f f i LineDisplay.obj
 0001:0000750e       ?PutProperty@?$CComPtr@UIDispatch@@@ATL@@SAJPAUIDispatch@@JPAUtagVARIANT@@@Z 1000850e f i LineDisplay.obj
 0001:000075a0       ?ReadFromStream@CComBSTR@ATL@@QAEJPAUIStream@@@Z 100085a0 f i LineDisplay.obj
 0001:000076ce       ?ReadFromStream@CComVariant@ATL@@QAEJPAUIStream@@GTClassesAllowedInStream@2@K@Z 100086ce f i LineDisplay.obj
 0001:00007854       ?RecurseDeleteKey@CRegKey@ATL@@QAEJPB_W@Z 10008854 f i LineDisplay.obj
 0001:00007916       ?RegCreateKeyExW@CAtlTransactionManager@ATL@@QAEJPAUHKEY__@@PB_WKPA_WKKQAU_SECURITY_ATTRIBUTES@@PAPAU3@PAK@Z 10008916 f i LineDisplay.obj
 0001:00007979       ?RegDeleteKeyW@CAtlTransactionManager@ATL@@QAEJPAUHKEY__@@PB_W@Z 10008979 f i LineDisplay.obj
 0001:000079cb       ?RegOpenKeyExW@CAtlTransactionManager@ATL@@QAEJPAUHKEY__@@PB_WKKPAPAU3@@Z 100089cb f i LineDisplay.obj
 0001:00007a22       ?Register@_ATL_WNDCLASSINFOW@ATL@@QAEGPAP6GJPAUHWND__@@IIJ@Z@Z 10008a22 f i LineDisplay.obj
 0001:00007a42       ?RegisterBuffer@CRegParser@ATL@@QAEJPA_WH@Z 10008a42 f i LineDisplay.obj
 0001:00007b7b       ?RegisterFromResource@CRegObject@ATL@@IAEJPB_W00H@Z 10008b7b f i LineDisplay.obj
 0001:00007cb1       ?RegisterServer@?$CAtlModuleT@VCComModule@ATL@@@ATL@@QAEJHPBU_GUID@@@Z 10008cb1 f i LineDisplay.obj
 0001:00007cdf       ?RegisterServer@CComModule@ATL@@QAEJHPBU_GUID@@@Z 10008cdf f i LineDisplay.obj
 0001:00007d55       ?RegisterSubkeys@CRegParser@ATL@@IAEJPA_WPAUHKEY__@@HH@Z 10008d55 f i LineDisplay.obj
 0001:00008324       ?Remove@CComDynamicUnkArray@ATL@@QAEHK@Z 10009324 f i LineDisplay.obj
 0001:0000834d       ?RemoveAll@?$CSimpleMap@PA_WPA_WVCExpansionVectorEqualHelper@ATL@@@ATL@@QAEXXZ 1000934d f i LineDisplay.obj
 0001:00008379       ?ResourceRegisterSz@CRegObject@ATL@@QAGJPB_W00@Z 10009379 f i LineDisplay.obj
 0001:000083a6       ?ResourceUnregisterSz@CRegObject@ATL@@QAGJPB_W00@Z 100093a6 f i LineDisplay.obj
 0001:000083d3       ?SendOnDataChange@CComControlBase@ATL@@QAEJK@Z 100093d3 f i LineDisplay.obj
 0001:00008420       ?SetControlFocus@CComControlBase@ATL@@QAEHH@Z 10009420 f i LineDisplay.obj
 0001:000084bd       ?SetMultiStringValue@CRegKey@ATL@@QAEJPB_W0@Z 100094bd f i LineDisplay.obj
 0001:00008519       ?SetStringValue@CRegKey@ATL@@QAEJPB_W0K@Z 10009519 f i LineDisplay.obj
 0001:00008562       ?SkipAssignment@CRegParser@ATL@@IAEJPA_W@Z 10009562 f i LineDisplay.obj
 0001:000085c7       ?SkipWhiteSpace@CRegParser@ATL@@IAEXXZ 100095c7 f i LineDisplay.obj
 0001:000085e9       ?StrChrW@CRegParser@ATL@@KAPA_WPA_W_W@Z 100095e9 f i LineDisplay.obj
 0001:00008626       ?Term@CAtlModule@ATL@@QAEXXZ 10009626 f i LineDisplay.obj
 0001:0000865f       ?Term@CComModule@ATL@@QAEXXZ 1000965f f i LineDisplay.obj
 0001:000086b7       ?UnregisterServer@?$CAtlModuleT@VCComModule@ATL@@@ATL@@QAEJHPBU_GUID@@@Z 100096b7 f i LineDisplay.obj
 0001:000086dd       ?UnregisterServer@CComModule@ATL@@QAEJHPBU_GUID@@@Z 100096dd f i LineDisplay.obj
 0001:00008753       ?UpdateRegistryFromResource@CAtlModule@ATL@@QAGJIHPAU_ATL_REGMAP_ENTRY@2@@Z 10009753 f i LineDisplay.obj
 0001:0000891e       ?UpdateRegistryFromResource@CAtlModule@ATL@@QAGJPB_WHPAU_ATL_REGMAP_ENTRY@2@@Z 1000991e f i LineDisplay.obj
 0001:00008aef       ?VTFromRegType@CRegParser@ATL@@KAHPB_WAAG@Z 10009aef f i LineDisplay.obj
 0001:00008b5c       ?WindowProc@?$CWindowImplBaseT@VCWindow@ATL@@V?$CWinTraits@$0FGAAAAAA@$0A@@2@@ATL@@SGJPAUHWND__@@IIJ@Z 10009b5c f i LineDisplay.obj
 0001:00008c4e       ?WriteToStream@CComBSTR@ATL@@QAEJPAUIStream@@@Z 10009c4e f i LineDisplay.obj
 0001:00008ca5       ?WriteToStream@CComVariant@ATL@@QAEJPAUIStream@@@Z 10009ca5 f i LineDisplay.obj
 0001:00008e1f       ?WriteToStream@CComVariant@ATL@@QAEJPAUIStream@@G@Z 10009e1f f i LineDisplay.obj
 0001:00008e88       ?_AtlInitialConstruct@?$CComObjectRootEx@VCComMultiThreadModel@ATL@@@ATL@@QAEJXZ 10009e88 f i LineDisplay.obj
 0001:00008e9d       ?_AtlVerifyStackAvailable@_ATL_SAFE_ALLOCA_IMPL@ATL@@YA_NK@Z 10009e9d f i LineDisplay.obj
 0001:00008f1b       ?atlCreate@?$CWindowImpl@VCOPOSLineDisplay@@VCWindow@ATL@@V?$CWinTraits@$0FGAAAAAA@$0A@@3@@ATL@@QAEPAUHWND__@@PAU3@V_U_RECT@2@PB_WKKV_U_MENUorID@2@PAX@Z 10009f1b f i LineDisplay.obj
 0001:00008f5f       ?atlCreate@?$CWindowImplBaseT@VCWindow@ATL@@V?$CWinTraits@$0FGAAAAAA@$0A@@2@@ATL@@QAEPAUHWND__@@PAU3@V_U_RECT@2@PB_WKKV_U_MENUorID@2@GPAX@Z 10009f5f f i LineDisplay.obj
 0001:00008ffb       ?atlCreate@CRegKey@ATL@@QAEJPAUHKEY__@@PB_WPA_WKKPAU_SECURITY_ATTRIBUTES@@PAK@Z 10009ffb f i LineDisplay.obj
 0001:0000906a       ?copy@?$_Copy@UtagCONNECTDATA@@@ATL@@SAJPAUtagCONNECTDATA@@PBU3@@Z 1000a06a f i LineDisplay.obj
 0001:000090a0       ?copy@?$_CopyInterface@UIConnectionPoint@@@ATL@@SAJPAPAUIConnectionPoint@@PBQAU3@@Z 1000a0a0 f i LineDisplay.obj
 0001:000090ce       ?memcpy_s@Checked@ATL@@YAXPAXIPBXI@Z 1000a0ce f i LineDisplay.obj
 0001:000090ed       ?ocscpy_s@@YA_NPA_WIPB_W@Z 1000a0ed f i LineDisplay.obj
 0001:0000911c       ?ocslen@@YAHPB_W@Z         1000a11c f i LineDisplay.obj
 0001:0000913c       ?wcscpy_s@Checked@ATL@@YAXPA_WIPB_W@Z 1000a13c f i LineDisplay.obj
 0001:00009158       _DllCanUnloadNow@0         1000a158 f   LineDisplay.obj
 0001:00009164       _DllGetClassObject@12      1000a164 f   LineDisplay.obj
 0001:00009172       _DllMain@12                1000a172 f   LineDisplay.obj
 0001:000091b4       _DllRegisterServer@0       1000a1b4 f   LineDisplay.obj
 0001:000091c3       _DllUnregisterServer@0     1000a1c3 f   LineDisplay.obj
 0001:000091d2       _InlineIsEqualGUID         1000a1d2 f i LineDisplay.obj
 0001:00009202       ___local_stdio_printf_options 1000a202 f i LineDisplay.obj
 0001:00009208       __vswprintf_s_l            1000a208 f i LineDisplay.obj
 0001:000092b5       _swprintf_s                1000a2b5 f i LineDisplay.obj
 0001:000092d1       ??0?$CComControl@VCOPOSLineDisplay@@V?$CWindowImpl@VCOPOSLineDisplay@@VCWindow@ATL@@V?$CWinTraits@$0FGAAAAAA@$0A@@3@@ATL@@@ATL@@QAE@XZ 1000a2d1 f i LineDisplayImpl.obj
 0001:000092f8       ??0CComControlBase@ATL@@QAE@AAPAUHWND__@@@Z 1000a2f8 f i LineDisplayImpl.obj
 0001:00009342       ??0COPOSLineDisplay@@QAE@XZ 1000a342 f   LineDisplayImpl.obj
 0001:00009391       ??1?$CComControl@VCOPOSLineDisplay@@V?$CWindowImpl@VCOPOSLineDisplay@@VCWindow@ATL@@V?$CWinTraits@$0FGAAAAAA@$0A@@3@@ATL@@@ATL@@UAE@XZ 1000a391 f i LineDisplayImpl.obj
 0001:000093aa       ??1?$IConnectionPointImpl@VCOPOSLineDisplay@@$1?DIID__IOPOSLineDisplayEvents@@3U_GUID@@BVCComDynamicUnkArray@ATL@@@ATL@@QAE@XZ 1000a3aa f i LineDisplayImpl.obj
 0001:000093aa       ??1?$IConnectionPointImpl@VCOPOSLineDisplay@@$1?IID_IPropertyNotifySink@@3U_GUID@@BVCComDynamicUnkArray@ATL@@@ATL@@QAE@XZ 1000a3aa f i LineDisplayImpl.obj
 0001:000093e7       ??1CComControlBase@ATL@@UAE@XZ 1000a3e7 f i LineDisplayImpl.obj
 0001:0000944a       ??1COPOSLineDisplay@@UAE@XZ 1000a44a f   LineDisplayImpl.obj
 0001:00009492       ??1OposVariantResult@@QAE@XZ 1000a492 f i LineDisplayImpl.obj
 0001:000094b3       ??1_CW@@QAE@XZ             1000a4b3 f i LineDisplayImpl.obj
 0001:000094cc       ?CheckHealth@COPOSLineDisplay@@UAGJJPAJ@Z 1000a4cc f   LineDisplayImpl.obj
 0001:0000951b       ?ClaimDevice@COPOSLineDisplay@@UAGJJPAJ@Z 1000a51b f   LineDisplayImpl.obj
 0001:00009590       ?ClearDescriptors@COPOSLineDisplay@@UAGJPAJ@Z 1000a590 f   LineDisplayImpl.obj
 0001:000095ab       ?ClearText@COPOSLineDisplay@@UAGJPAJ@Z 1000a5ab f   LineDisplayImpl.obj
 0001:000095c6       ?Close@COPOSLineDisplay@@UAGJPAJ@Z 1000a5c6 f   LineDisplayImpl.obj
 0001:00009634       ?CompareFirmwareVersion@COPOSLineDisplay@@UAGJPA_WPAJ1@Z 1000a634 f   LineDisplayImpl.obj
 0001:000096b4       ?CreateWindow@COPOSLineDisplay@@UAGJJJJJJJPAJ@Z 1000a6b4 f   LineDisplayImpl.obj
 0001:00009777       ?DefineGlyph@COPOSLineDisplay@@UAGJJPA_WPAJ@Z 1000a777 f   LineDisplayImpl.obj
 0001:000097f3       ?DestroyWindow@COPOSLineDisplay@@UAGJPAJ@Z 1000a7f3 f   LineDisplayImpl.obj
 0001:0000980e       ?DirectIO@COPOSLineDisplay@@UAGJJPAJPAPA_W0@Z 1000a80e f   LineDisplayImpl.obj
 0001:000098bc       ?DisplayBitmap@COPOSLineDisplay@@UAGJPA_WJJJPAJ@Z 1000a8bc f   LineDisplayImpl.obj
 0001:0000996b       ?DisplayText@COPOSLineDisplay@@UAGJPA_WJPAJ@Z 1000a96b f   LineDisplayImpl.obj
 0001:000099e7       ?DisplayTextAt@COPOSLineDisplay@@UAGJJJPA_WJPAJ@Z 1000a9e7 f   LineDisplayImpl.obj
 0001:00009a96       ?DoInvoke@COPOSLineDisplay@@IAEJJPAVOposVariant@@IHPAJ_N@Z 1000aa96 f   LineDisplayImpl.obj
 0001:00009b58       ?EventClose@COPOSLineDisplay@@IAEXXZ 1000ab58 f i LineDisplayImpl.obj
 0001:00009b8b       ?EventInit@COPOSLineDisplay@@IAEJXZ 1000ab8b f i LineDisplayImpl.obj
 0001:00009c57       ?EventUninit@COPOSLineDisplay@@IAEXXZ 1000ac57 f i LineDisplayImpl.obj
 0001:00009ca9       ?EventWindowProc@COPOSLineDisplay@@IAGJIIJ@Z 1000aca9 f i LineDisplayImpl.obj
 0001:00009d20       ?FinalConstruct@COPOSLineDisplay@@QAEJXZ 1000ad20 f   LineDisplayImpl.obj
 0001:00009d59       ?FireEventCleanup@COPOSLineDisplay@@IAEXXZ 1000ad59 f i LineDisplayImpl.obj
 0001:00009d6f       ?FireEventSetup@COPOSLineDisplay@@IAE_NXZ 1000ad6f f i LineDisplayImpl.obj
 0001:00009da3       ?FreezeEvents@COPOSLineDisplay@@MAGJH@Z 1000ada3 f   LineDisplayImpl.obj
 0001:00009df4       ?GetOposProp@COPOSLineDisplay@@IAEJJPAFJ@Z 1000adf4 f   LineDisplayImpl.obj
 0001:00009e17       ?GetOposProp@COPOSLineDisplay@@IAEJJPAJJ@Z 1000ae17 f   LineDisplayImpl.obj
 0001:00009ed5       ?GetOposProp@COPOSLineDisplay@@IAEJJPAPA_WJ@Z 1000aed5 f   LineDisplayImpl.obj
 0001:00009fa0       ?OnDraw@COPOSLineDisplay@@MAEJAAUATL_DRAWINFO@@@Z 1000afa0 f   LineDisplayImpl.obj
 0001:0000a040       ?Open@COPOSLineDisplay@@UAGJPA_WPAJ@Z 1000b040 f   LineDisplayImpl.obj
 0001:0000a7d7       ?ReadCharacterAtCursor@COPOSLineDisplay@@UAGJPAJ0@Z 1000b7d7 f   LineDisplayImpl.obj
 0001:0000a82e       ?RefreshWindow@COPOSLineDisplay@@UAGJJPAJ@Z 1000b82e f   LineDisplayImpl.obj
 0001:0000a87d       ?ReleaseDevice@COPOSLineDisplay@@UAGJPAJ@Z 1000b87d f   LineDisplayImpl.obj
 0001:0000a8cc       ?ResetStatistics@COPOSLineDisplay@@UAGJPA_WPAJ@Z 1000b8cc f   LineDisplayImpl.obj
 0001:0000a923       ?RetrieveStatistics@COPOSLineDisplay@@UAGJPAPA_WPAJ@Z 1000b923 f   LineDisplayImpl.obj
 0001:0000a97a       ?SOProcessID@COPOSLineDisplay@@UAGJPAJ@Z 1000b97a f   LineDisplayImpl.obj
 0001:0000a98e       ?ScrollText@COPOSLineDisplay@@UAGJJJPAJ@Z 1000b98e f   LineDisplayImpl.obj
 0001:0000aa02       ?SetBitmap@COPOSLineDisplay@@UAGJJPA_WJJJPAJ@Z 1000ba02 f   LineDisplayImpl.obj
 0001:0000aac5       ?SetCOFreezeEvents@COPOSLineDisplay@@IAEXF@Z 1000bac5 f   LineDisplayImpl.obj
 0001:0000ab50       ?SetDescriptor@COPOSLineDisplay@@UAGJJJPAJ@Z 1000bb50 f   LineDisplayImpl.obj
 0001:0000abc4       ?SetOposProp@COPOSLineDisplay@@IAEJJJJ@Z 1000bbc4 f   LineDisplayImpl.obj
 0001:0000aca2       ?UpdateFirmware@COPOSLineDisplay@@UAGJPA_WPAJ@Z 1000bca2 f   LineDisplayImpl.obj
 0001:0000acf9       ?UpdateStatistics@COPOSLineDisplay@@UAGJPA_WPAJ@Z 1000bcf9 f   LineDisplayImpl.obj
 0001:0000ad50       ?get_BinaryConversion@COPOSLineDisplay@@UAGJPAJ@Z 1000bd50 f   LineDisplayImpl.obj
 0001:0000ad66       ?get_BlinkRate@COPOSLineDisplay@@UAGJPAJ@Z 1000bd66 f   LineDisplayImpl.obj
 0001:0000ad7f       ?get_CapBitmap@COPOSLineDisplay@@UAGJPAF@Z 1000bd7f f   LineDisplayImpl.obj
 0001:0000ad98       ?get_CapBlink@COPOSLineDisplay@@UAGJPAJ@Z 1000bd98 f   LineDisplayImpl.obj
 0001:0000adb1       ?get_CapBlinkRate@COPOSLineDisplay@@UAGJPAF@Z 1000bdb1 f   LineDisplayImpl.obj
 0001:0000adca       ?get_CapBrightness@COPOSLineDisplay@@UAGJPAF@Z 1000bdca f   LineDisplayImpl.obj
 0001:0000ade3       ?get_CapCharacterSet@COPOSLineDisplay@@UAGJPAJ@Z 1000bde3 f   LineDisplayImpl.obj
 0001:0000adfc       ?get_CapCompareFirmwareVersion@COPOSLineDisplay@@UAGJPAF@Z 1000bdfc f   LineDisplayImpl.obj
 0001:0000ae15       ?get_CapCursorType@COPOSLineDisplay@@UAGJPAJ@Z 1000be15 f   LineDisplayImpl.obj
 0001:0000ae2e       ?get_CapCustomGlyph@COPOSLineDisplay@@UAGJPAF@Z 1000be2e f   LineDisplayImpl.obj
 0001:0000ae47       ?get_CapDescriptors@COPOSLineDisplay@@UAGJPAF@Z 1000be47 f   LineDisplayImpl.obj
 0001:0000ae60       ?get_CapHMarquee@COPOSLineDisplay@@UAGJPAF@Z 1000be60 f   LineDisplayImpl.obj
 0001:0000ae79       ?get_CapICharWait@COPOSLineDisplay@@UAGJPAF@Z 1000be79 f   LineDisplayImpl.obj
 0001:0000ae92       ?get_CapMapCharacterSet@COPOSLineDisplay@@UAGJPAF@Z 1000be92 f   LineDisplayImpl.obj
 0001:0000aeab       ?get_CapPowerReporting@COPOSLineDisplay@@UAGJPAJ@Z 1000beab f   LineDisplayImpl.obj
 0001:0000aec4       ?get_CapReadBack@COPOSLineDisplay@@UAGJPAJ@Z 1000bec4 f   LineDisplayImpl.obj
 0001:0000aedd       ?get_CapReverse@COPOSLineDisplay@@UAGJPAJ@Z 1000bedd f   LineDisplayImpl.obj
 0001:0000aef6       ?get_CapScreenMode@COPOSLineDisplay@@UAGJPAF@Z 1000bef6 f   LineDisplayImpl.obj
 0001:0000af0f       ?get_CapStatisticsReporting@COPOSLineDisplay@@UAGJPAF@Z 1000bf0f f   LineDisplayImpl.obj
 0001:0000af28       ?get_CapUpdateFirmware@COPOSLineDisplay@@UAGJPAF@Z 1000bf28 f   LineDisplayImpl.obj
 0001:0000af41       ?get_CapUpdateStatistics@COPOSLineDisplay@@UAGJPAF@Z 1000bf41 f   LineDisplayImpl.obj
 0001:0000af5a       ?get_CapVMarquee@COPOSLineDisplay@@UAGJPAF@Z 1000bf5a f   LineDisplayImpl.obj
 0001:0000af73       ?get_CharacterSet@COPOSLineDisplay@@UAGJPAJ@Z 1000bf73 f   LineDisplayImpl.obj
 0001:0000af8c       ?get_CharacterSetList@COPOSLineDisplay@@UAGJPAPA_W@Z 1000bf8c f   LineDisplayImpl.obj
 0001:0000afa5       ?get_CheckHealthText@COPOSLineDisplay@@UAGJPAPA_W@Z 1000bfa5 f   LineDisplayImpl.obj
 0001:0000afbe       ?get_Claimed@COPOSLineDisplay@@UAGJPAF@Z 1000bfbe f   LineDisplayImpl.obj
 0001:0000afd4       ?get_Columns@COPOSLineDisplay@@UAGJPAJ@Z 1000bfd4 f   LineDisplayImpl.obj
 0001:0000afed       ?get_ControlObjectDescription@COPOSLineDisplay@@UAGJPAPA_W@Z 1000bfed f   LineDisplayImpl.obj
 0001:0000b02a       ?get_ControlObjectVersion@COPOSLineDisplay@@UAGJPAJ@Z 1000c02a f   LineDisplayImpl.obj
 0001:0000b03d       ?get_CurrentWindow@COPOSLineDisplay@@UAGJPAJ@Z 1000c03d f   LineDisplayImpl.obj
 0001:0000b056       ?get_CursorColumn@COPOSLineDisplay@@UAGJPAJ@Z 1000c056 f   LineDisplayImpl.obj
 0001:0000b06f       ?get_CursorRow@COPOSLineDisplay@@UAGJPAJ@Z 1000c06f f   LineDisplayImpl.obj
 0001:0000b088       ?get_CursorType@COPOSLineDisplay@@UAGJPAJ@Z 1000c088 f   LineDisplayImpl.obj
 0001:0000b0a1       ?get_CursorUpdate@COPOSLineDisplay@@UAGJPAF@Z 1000c0a1 f   LineDisplayImpl.obj
 0001:0000b0ba       ?get_CustomGlyphList@COPOSLineDisplay@@UAGJPAPA_W@Z 1000c0ba f   LineDisplayImpl.obj
 0001:0000b0d3       ?get_DeviceBrightness@COPOSLineDisplay@@UAGJPAJ@Z 1000c0d3 f   LineDisplayImpl.obj
 0001:0000b0ec       ?get_DeviceColumns@COPOSLineDisplay@@UAGJPAJ@Z 1000c0ec f   LineDisplayImpl.obj
 0001:0000b105       ?get_DeviceDescription@COPOSLineDisplay@@UAGJPAPA_W@Z 1000c105 f   LineDisplayImpl.obj
 0001:0000b11e       ?get_DeviceDescriptors@COPOSLineDisplay@@UAGJPAJ@Z 1000c11e f   LineDisplayImpl.obj
 0001:0000b137       ?get_DeviceEnabled@COPOSLineDisplay@@UAGJPAF@Z 1000c137 f   LineDisplayImpl.obj
 0001:0000b14d       ?get_DeviceName@COPOSLineDisplay@@UAGJPAPA_W@Z 1000c14d f   LineDisplayImpl.obj
 0001:0000b166       ?get_DeviceRows@COPOSLineDisplay@@UAGJPAJ@Z 1000c166 f   LineDisplayImpl.obj
 0001:0000b17f       ?get_DeviceWindows@COPOSLineDisplay@@UAGJPAJ@Z 1000c17f f   LineDisplayImpl.obj
 0001:0000b198       ?get_FreezeEvents@COPOSLineDisplay@@UAGJPAF@Z 1000c198 f   LineDisplayImpl.obj
 0001:0000b1ae       ?get_GlyphHeight@COPOSLineDisplay@@UAGJPAJ@Z 1000c1ae f   LineDisplayImpl.obj
 0001:0000b1c7       ?get_GlyphWidth@COPOSLineDisplay@@UAGJPAJ@Z 1000c1c7 f   LineDisplayImpl.obj
 0001:0000b1e0       ?get_InterCharacterWait@COPOSLineDisplay@@UAGJPAJ@Z 1000c1e0 f   LineDisplayImpl.obj
 0001:0000b1f9       ?get_MapCharacterSet@COPOSLineDisplay@@UAGJPAF@Z 1000c1f9 f   LineDisplayImpl.obj
 0001:0000b212       ?get_MarqueeFormat@COPOSLineDisplay@@UAGJPAJ@Z 1000c212 f   LineDisplayImpl.obj
 0001:0000b22b       ?get_MarqueeRepeatWait@COPOSLineDisplay@@UAGJPAJ@Z 1000c22b f   LineDisplayImpl.obj
 0001:0000b244       ?get_MarqueeType@COPOSLineDisplay@@UAGJPAJ@Z 1000c244 f   LineDisplayImpl.obj
 0001:0000b25d       ?get_MarqueeUnitWait@COPOSLineDisplay@@UAGJPAJ@Z 1000c25d f   LineDisplayImpl.obj
 0001:0000b276       ?get_MaximumX@COPOSLineDisplay@@UAGJPAJ@Z 1000c276 f   LineDisplayImpl.obj
 0001:0000b28f       ?get_MaximumY@COPOSLineDisplay@@UAGJPAJ@Z 1000c28f f   LineDisplayImpl.obj
 0001:0000b2a8       ?get_OpenResult@COPOSLineDisplay@@UAGJPAJ@Z 1000c2a8 f   LineDisplayImpl.obj
 0001:0000b2bf       ?get_PowerNotify@COPOSLineDisplay@@UAGJPAJ@Z 1000c2bf f   LineDisplayImpl.obj
 0001:0000b2d5       ?get_PowerState@COPOSLineDisplay@@UAGJPAJ@Z 1000c2d5 f   LineDisplayImpl.obj
 0001:0000b2eb       ?get_ResultCode@COPOSLineDisplay@@UAGJPAJ@Z 1000c2eb f   LineDisplayImpl.obj
[...]
 0002:00001cd4       ?candidate_modules@?1??try_get_FlsGetValue@@YAP6GPAXK@ZXZ@4QBW4module_id@?A0x5d2a34d3@@B 10020cd4     libvcruntime:winapi_downlevel.obj
 0002:00001ce8       ?candidate_modules@?1??try_get_FlsSetValue@@YAP6GHKPAX@ZXZ@4QBW4module_id@?A0x5d2a34d3@@B 10020ce8     libvcruntime:winapi_downlevel.obj
 0002:00001cfc       ?candidate_modules@?1??try_get_InitializeCriticalSectionEx@@YAP6GHPAU_RTL_CRITICAL_SECTION@@KK@ZXZ@4QBW4module_id@?A0x5d2a34d3@@B 10020cfc     libvcruntime:winapi_downlevel.obj
 0002:00001d40       ?tokenTable@@3QBQBDB       10020d40     libvcruntime:undname.obj
 0002:00001d80       ?nameTable@@3QBQBDB        10020d80     libvcruntime:undname.obj
 0002:00001ec8       ?rttiTable@@3QBQBDB        10020ec8     libvcruntime:undname.obj
 0002:000024e0       _errtable                  100214e0     libucrt:errno.obj
 0002:00002788       ___acrt_initializers       10021788     libucrt:initialization.obj
 0002:00002800       _module_names              10021800     libucrt:winapi_thunks.obj
 0002:00002d48       ?candidate_modules@?1??try_get_FlsAlloc@@YAP6GKP6GXPAX@Z@ZXZ@4QBW4module_id@?A0x352e5c4b@@B 10021d48     libucrt:winapi_thunks.obj
 0002:00002d5c       ?candidate_modules@?1??try_get_FlsFree@@YAP6GHK@ZXZ@4QBW4module_id@?A0x352e5c4b@@B 10021d5c     libucrt:winapi_thunks.obj
 0002:00002d6c       ?candidate_modules@?1??try_get_FlsGetValue@@YAP6GPAXK@ZXZ@4QBW4module_id@?A0x352e5c4b@@B 10021d6c     libucrt:winapi_thunks.obj
 0002:00002d80       ?candidate_modules@?1??try_get_FlsSetValue@@YAP6GHKPAX@ZXZ@4QBW4module_id@?A0x352e5c4b@@B 10021d80     libucrt:winapi_thunks.obj
 0002:00002d94       ?candidate_modules@?1??try_get_GetCurrentPackageId@@YAP6GJPAIPAE@ZXZ@4QBW4module_id@?A0x352e5c4b@@B 10021d94     libucrt:winapi_thunks.obj
 0002:00002db0       ?candidate_modules@?1??try_get_InitializeCriticalSectionEx@@YAP6GHPAU_RTL_CRITICAL_SECTION@@KK@ZXZ@4QBW4module_id@?A0x352e5c4b@@B 10021db0     libucrt:winapi_thunks.obj
 0002:00002dd4       ?candidate_modules@?1??try_get_LCMapStringEx@@YAP6GHPB_WK0HPA_WHPAU_nlsversioninfo@@PAXJ@ZXZ@4QBW4module_id@?A0x352e5c4b@@B 10021dd4     libucrt:winapi_thunks.obj
 0002:00002dec       ?candidate_modules@?1??try_get_LocaleNameToLCID@@YAP6GKPB_WK@ZXZ@4QBW4module_id@?A0x352e5c4b@@B 10021dec     libucrt:winapi_thunks.obj
 0002:00002e08       ?candidate_modules@?1??try_get_SetThreadStackGuarantee@@YAP6GHPAK@ZXZ@4QBW4module_id@?A0x352e5c4b@@B 10021e08     libucrt:winapi_thunks.obj
 0002:00003334       __mb_locale_names          10022334     libucrt:mbctype.obj
 0002:00003b80       _LcidToLocaleNameTable     10022b80     libucrt:lcidtoname_downlevel.obj
 0002:00004ca8       _LocaleNameToIndexTable    10023ca8     libucrt:lcidtoname_downlevel.obj
 0002:000065e0       LOG_name                   100255e0     libucrt:log10.obj
 0002:000065f0       _One                       100255f0     libucrt:ceil_pentium4.obj
 0002:00006600       _Bns                       10025600     libucrt:ceil_pentium4.obj
 0002:00006610       _Zero                      10025610     libucrt:ceil_pentium4.obj
 0002:00006620       _S                         10025620     libucrt:ceil_pentium4.obj
 0002:00006630       _NegZero                   10025630     libucrt:ceil_pentium4.obj
 0002:00006640       emask                      10025640     libucrt:log10_pentium4.obj
 0002:00006650       CC                         10025650     libucrt:log10_pentium4.obj
 0002:00006660       Magic                      10025660     libucrt:log10_pentium4.obj
 0002:00006670       hi_mask                    10025670     libucrt:log10_pentium4.obj
 0002:00006680       LOG10_2                    10025680     libucrt:log10_pentium4.obj
 0002:00006690       place_L                    10025690     libucrt:log10_pentium4.obj
 0002:000066b0       One                        100256b0     libucrt:log10_pentium4.obj
 0002:000066c0       Zero                       100256c0     libucrt:log10_pentium4.obj
 0002:000066d0       Two52                      100256d0     libucrt:log10_pentium4.obj
 0002:000066e0       Infs                       100256e0     libucrt:log10_pentium4.obj
 0002:000066f0       NaN                        100256f0     libucrt:log10_pentium4.obj
 0002:00006700       coeff                      10025700     libucrt:log10_pentium4.obj
 0002:0000675e       _log2max                   1002575e     libucrt:87tran.obj
 0002:00006768       _smallarg                  10025768     libucrt:87tran.obj
 0002:00006772       _half                      10025772     libucrt:87tran.obj
 0002:000067be       One                        100257be     libucrt:87disp.obj
 0002:000067c6       Three                      100257c6     libucrt:87disp.obj
 0002:000067ce       XAMtoTagTab                100257ce     libucrt:87disp.obj
 0002:000067e0       One                        100257e0     libucrt:common.obj
 0002:000067f4       DblMax                     100257f4     libucrt:common.obj
 0002:000067fc       DblMin                     100257fc     libucrt:common.obj
 0002:00006804       IeeeAdjO                   10025804     libucrt:common.obj
 0002:0000680c       IeeeAdjU                   1002580c     libucrt:common.obj
 0002:00006814       _infinity                  10025814     libucrt:common.obj
 0002:0000681c       _zero                      1002581c     libucrt:common.obj
 0002:00006858       _over                      10025858     libucrt:fpctrl.obj
 0002:00006864       _under                     10025864     libucrt:fpctrl.obj
 0002:00007128       ?_names@?1??_get_fname@@9@9 10026128     libucrt:fpexcept.obj
 0002:00007900       __sehtable$?_AtlVerifyStackAvailable@_ATL_SAFE_ALLOCA_IMPL@ATL@@YA_NK@Z 10026900     LineDisplay.obj
 0002:00007920       __sehtable$___scrt_is_nonwritable_in_current_image 10026920     LIBCMT:utility.obj
 0002:0000793c       __ehfuncinfo$?__scrt_initialize_thread_safe_statics_platform_specific@@YAXXZ 1002693c     LIBCMT:thread_safe_statics.obj
 0002:00007960       __catchsym$??2@YAPAXIABUnothrow_t@std@@@Z$2 10026960     LIBCMT:new_scalar_nothrow.obj
 0002:00007970       __unwindtable$??2@YAPAXIABUnothrow_t@std@@@Z 10026970     LIBCMT:new_scalar_nothrow.obj
 0002:00007980       __tryblocktable$??2@YAPAXIABUnothrow_t@std@@@Z 10026980     LIBCMT:new_scalar_nothrow.obj
 0002:00007994       __ehfuncinfo$??2@YAPAXIABUnothrow_t@std@@@Z 10026994     LIBCMT:new_scalar_nothrow.obj
 0002:000079b8       __sehtable$?dllmain_crt_process_attach@@YAHQAUHINSTANCE__@@QAX@Z 100269b8     LIBCMT:dll_dllmain.obj
 0002:000079d8       __sehtable$?dllmain_crt_process_detach@@YAH_N@Z 100269d8     LIBCMT:dll_dllmain.obj
 0002:000079f8       __sehtable$?dllmain_dispatch@@YAHQAUHINSTANCE__@@KQAX@Z 100269f8     LIBCMT:dll_dllmain.obj
 0002:00007aa8       __sehtable$?FrameUnwindToState@__FrameHandler3@@SAXPAUEHRegistrationNode@@PAXPBU_s_FuncInfo@@H@Z 10026aa8     libvcruntime:frame.obj
 0002:00007ad0       __sehtable$?CallCatchBlock@@YAPAXPAUEHExceptionRecord@@PAUEHRegistrationNode@@PAU_CONTEXT@@PBU_s_FuncInfo@@PAXHK@Z 10026ad0     libvcruntime:frame.obj
 0002:00007af8       __catchsym$?CallUnexpected@@YAXPBU_s_ESTypeList@@@Z$2 10026af8     libvcruntime:frame.obj
 0002:00007b08       __unwindtable$?CallUnexpected@@YAXPBU_s_ESTypeList@@@Z 10026b08     libvcruntime:frame.obj
 0002:00007b18       __tryblocktable$?CallUnexpected@@YAXPBU_s_ESTypeList@@@Z 10026b18     libvcruntime:frame.obj
 0002:00007b2c       __ehfuncinfo$?CallUnexpected@@YAXPBU_s_ESTypeList@@@Z 10026b2c     libvcruntime:frame.obj
 0002:00007b50       __sehtable$??$BuildCatchObjectHelperInternal@V__FrameHandler3@@@@YAHPAUEHExceptionRecord@@PAXPBU_s_HandlerType@@PBU_s_CatchableType@@@Z 10026b50     libvcruntime:frame.obj
 0002:00007b70       __sehtable$??$BuildCatchObjectInternal@V__FrameHandler3@@@@YAXPAUEHExceptionRecord@@PAXPBU_s_HandlerType@@PBU_s_CatchableType@@@Z 10026b70     libvcruntime:frame.obj
 0002:00007bc8       __sehtable$___DestructExceptionObject 10026bc8     libvcruntime:ehhelpers.obj
 0002:00007be8       __sehtable$?common_exit@@YAXHW4_crt_exit_cleanup_mode@@W4_crt_exit_return_mode@@@Z 10026be8     libucrt:exit.obj
 0002:00007c10       __sehtable$??$?RV<lambda_800076c951b434888f4765a74a194fcc>@@AAV<lambda_4e60a939b0d047cfe11ddc22648dfba9>@@V<lambda_6dbb1268764f43b569ce7b67e331d33a>@@@?$__crt_seh_guarded_call@H@@QAEH$$QAV<lambda_800076c951b434888f4765a74a194fcc>@@AAV<lambda_4e60a939b0d047cfe11ddc22648dfba9>@@$$QAV<lambda_6dbb1268764f43b569ce7b67e331d33a>@@@Z 10026c10     libucrt:onexit.obj
 0002:00007c30       __sehtable$??$?RV<lambda_995298e7d72eb4c2aab26c0585b3abe5>@@AAV<lambda_275893d493268fdec8709772e3fcec0e>@@V<lambda_293819299cbf9a7022e18b56a874bb5c>@@@?$__crt_seh_guarded_call@H@@QAEH$$QAV<lambda_995298e7d72eb4c2aab26c0585b3abe5>@@AAV<lambda_275893d493268fdec8709772e3fcec0e>@@$$QAV<lambda_293819299cbf9a7022e18b56a874bb5c>@@@Z 10026c30     libucrt:onexit.obj
 0002:00007c50       __sehtable$__query_new_handler 10026c50     libucrt:new_handler.obj
 0002:00007c70       __sehtable$_terminate      10026c70     libucrt:terminate.obj
 0002:00007c90       __sehtable$??$?RV<lambda_9df27f884b057bc3edfc946cb5b7cf47>@@AAV<lambda_e69574bed617af4e071282c136b37893>@@V<lambda_cc0d902bcbbeb830f749456577db4721>@@@?$__crt_seh_guarded_call@X@@QAEX$$QAV<lambda_9df27f884b057bc3edfc946cb5b7cf47>@@AAV<lambda_e69574bed617af4e071282c136b37893>@@$$QAV<lambda_cc0d902bcbbeb830f749456577db4721>@@@Z 10026c90     libucrt:per_thread_data.obj
 0002:00007cb0       __sehtable$??$?RV<lambda_3518db117f0e7cdb002338c5d3c47b6c>@@AAV<lambda_b2ea41f6bbb362cd97d94c6828d90b61>@@V<lambda_abdedf541bb04549bc734292b4a045d4>@@@?$__crt_seh_guarded_call@X@@QAEX$$QAV<lambda_3518db117f0e7cdb002338c5d3c47b6c>@@AAV<lambda_b2ea41f6bbb362cd97d94c6828d90b61>@@$$QAV<lambda_abdedf541bb04549bc734292b4a045d4>@@@Z 10026cb0     libucrt:per_thread_data.obj
 0002:00007cd0       __sehtable$??$?RV<lambda_51b6e8b1eb166f2a3faf91f424b38130>@@AAV<lambda_6250bd4b2a391816dd638c3bf72b0bcb>@@V<lambda_0b5a4a3e68152e1d9b943535f5f47bed>@@@?$__crt_seh_guarded_call@X@@QAEX$$QAV<lambda_51b6e8b1eb166f2a3faf91f424b38130>@@AAV<lambda_6250bd4b2a391816dd638c3bf72b0bcb>@@$$QAV<lambda_0b5a4a3e68152e1d9b943535f5f47bed>@@@Z 10026cd0     libucrt:per_thread_data.obj
 0002:00007cf0       __sehtable$??$?RV<lambda_5b71d36f03204c0beab531769a5b5694>@@AAV<lambda_be2b3da3f62db62e9dad5dc70221a656>@@V<lambda_8f9ce462984622f9bf76b59e2aaaf805>@@@?$__crt_seh_guarded_call@X@@QAEX$$QAV<lambda_5b71d36f03204c0beab531769a5b5694>@@AAV<lambda_be2b3da3f62db62e9dad5dc70221a656>@@$$QAV<lambda_8f9ce462984622f9bf76b59e2aaaf805>@@@Z 10026cf0     libucrt:per_thread_data.obj
 0002:00007d10       __sehtable$___acrt_uninitialize_locale 10026d10     libucrt:wsetlocale.obj
 0002:00007d30       __sehtable$___acrt_initialize_lowio 10026d30     libucrt:ioinit.obj
 0002:00007d50       __sehtable$___acrt_update_thread_multibyte_data 10026d50     libucrt:mbctype.obj
 0002:00007d70       __sehtable$??$?RV<lambda_978dc153c237d78434369da87b74ff60>@@AAV<lambda_ad1ced32f4ac17aa236e5ef05d6b3b7c>@@V<lambda_4a8533e2866a575feecb8298ce776b0d>@@@?$__crt_seh_guarded_call@X@@QAEX$$QAV<lambda_978dc153c237d78434369da87b74ff60>@@AAV<lambda_ad1ced32f4ac17aa236e5ef05d6b3b7c>@@$$QAV<lambda_4a8533e2866a575feecb8298ce776b0d>@@@Z 10026d70     libucrt:mbctype.obj
 0002:00007d90       __sehtable$_raise          10026d90     libucrt:signal.obj
 0002:00007db0       __sehtable$??$?RV<lambda_a048d3beccc847880fc8490e18b82769>@@AAV<lambda_ec61778202f4f5fc7e7711acc23c3bca>@@V<lambda_f7496a158712204296dd6628a163878e>@@@?$__crt_seh_guarded_call@P6AXH@Z@@QAEP6AXH@Z$$QAV<lambda_a048d3beccc847880fc8490e18b82769>@@AAV<lambda_ec61778202f4f5fc7e7711acc23c3bca>@@$$QAV<lambda_f7496a158712204296dd6628a163878e>@@@Z 10026db0     libucrt:signal.obj
 0002:00007dd0       __sehtable$___acrt_update_thread_locale_data 10026dd0     libucrt:locale_refcounting.obj
 0002:00007df0       __sehtable$__fcloseall     10026df0     libucrt:closeall.obj
 0002:00007e10       __sehtable$_common_flush_all 10026e10     libucrt:fflush.obj
 0002:00007e38       __sehtable$___acrt_lowio_ensure_fh_exists 10026e38     libucrt:osfinfo.obj
 0002:00007e58       __sehtable$__write         10026e58     libucrt:write.obj
 0002:00007e78       __sehtable$_fclose         10026e78     libucrt:fclose.obj
 0002:00007e98       __sehtable$??$?RV<lambda_61cee617f5178ae960314fd4d05640a0>@@AAV<lambda_6978c1fb23f02e42e1d9e99668cc68aa>@@V<lambda_9cd88cf8ad10232537feb2133f08c833>@@@?$__crt_seh_guarded_call@H@@QAEH$$QAV<lambda_61cee617f5178ae960314fd4d05640a0>@@AAV<lambda_6978c1fb23f02e42e1d9e99668cc68aa>@@$$QAV<lambda_9cd88cf8ad10232537feb2133f08c833>@@@Z 10026e98     libucrt:commit.obj
 0002:00007eb8       __sehtable$??$?RV<lambda_123407a5e2ac06da108355a851863b7a>@@AAV<lambda_2fe9b910cf3cbf4a0ab98a02ba45b3ec>@@V<lambda_ae55bdf541ad94d75914d381c370e64d>@@@?$__crt_seh_guarded_call@H@@QAEH$$QAV<lambda_123407a5e2ac06da108355a851863b7a>@@AAV<lambda_2fe9b910cf3cbf4a0ab98a02ba45b3ec>@@$$QAV<lambda_ae55bdf541ad94d75914d381c370e64d>@@@Z 10026eb8     libucrt:close.obj
 0002:00007ed8       __sehtable$__IsNonwritableInCurrentImage 10026ed8     LIBCMT:pesect.obj
 0002:00007f00       .edata                     10026f00     OPOSLineDisplay.exp
 0002:00007f28       rgpv                       10026f28     OPOSLineDisplay.exp
 0002:00007f38       rgszName                   10026f38     OPOSLineDisplay.exp
 0002:00007f48       rgwOrd                     10026f48     OPOSLineDisplay.exp
 0002:00007f50       szName                     10026f50     OPOSLineDisplay.exp
 0002:00007f64       $N00001                    10026f64     OPOSLineDisplay.exp
 0002:00007f74       $N00002                    10026f74     OPOSLineDisplay.exp
 0002:00007f86       $N00003                    10026f86     OPOSLineDisplay.exp
 0002:00007f98       $N00004                    10026f98     OPOSLineDisplay.exp
 0002:000085aa       .idata$6                   100275aa     kernel32:KERNEL32.dll
 0002:000087be       .idata$6                   100277be     user32:USER32.dll
 0002:000088f2       .idata$6                   100278f2     gdi32:GDI32.dll
 0002:00008998       .idata$6                   10027998     advapi32:ADVAPI32.dll
 0002:00008ab4       .idata$6                   10027ab4     ole32:ole32.dll
 0002:00008abe       .idata$6                   10027abe     oleaut32:OLEAUT32.dll
 0003:00000110       ?ObjectMap@@3PAU_ATL_OBJMAP_ENTRY30@ATL@@A 10028110     LineDisplay.obj
 0003:000001c0       ?s_SOMethodNames@@3PAPADA  100281c0     LineDisplayImpl.obj
 0003:00000238       ?s_RequiredMethodsPerRelease@@3PAHA 10028238     LineDisplayImpl.obj
 0003:00000280       ?__vcrt_flsindex@@3KA      10028280     libvcruntime:per_thread_data.obj
 0003:000002a0       _errno_no_memory           100282a0     libucrt:errno.obj
 0003:000002a4       _doserrno_no_memory        100282a4     libucrt:errno.obj
 0003:000002b0       ___acrt_flsindex           100282b0     libucrt:per_thread_data.obj
 0003:00000424       ___rgctypeflag             10028424     libucrt:mbctype.obj
 0003:00000428       ___rgcode_page_info        10028428     libucrt:mbctype.obj
 0003:00000b48       ?is_initialized_as_dll@@3_NA 10028b48     LIBCMT:utility.obj
 0003:00000b49       ?module_local_atexit_table_initialized@@3_NA 10028b49     LIBCMT:utility.obj
 0003:00000b4c       ?module_local_atexit_table@@3U_onexit_table_t@@A 10028b4c     LIBCMT:utility.obj
 0003:00000b58       ?module_local_at_quick_exit_table@@3U_onexit_table_t@@A 10028b58     LIBCMT:utility.obj
 0003:00000b64       ?_Tss_mutex@@3U_RTL_CRITICAL_SECTION@@A 10028b64     LIBCMT:thread_safe_statics.obj
 0003:00000b7c       ?_Tss_cv@@3U_RTL_CONDITION_VARIABLE@@A 10028b7c     LIBCMT:thread_safe_statics.obj
 0003:00000b80       ?_Tss_event@@3PAXA         10028b80     LIBCMT:thread_safe_statics.obj
 0003:00000b84       ?encoded_sleep_condition_variable_cs@@3P6GHPAU_RTL_CONDITION_VARIABLE@@PAU_RTL_CRITICAL_SECTION@@K@ZA 10028b84     LIBCMT:thread_safe_statics.obj
 0003:00000b88       ?encoded_wake_all_condition_variable@@3P6GXPAU_RTL_CONDITION_VARIABLE@@@ZA 10028b88     LIBCMT:thread_safe_statics.obj
 0003:00000b90       _GS_ExceptionRecord        10028b90     LIBCMT:gs_report.obj
 0003:00000be0       _GS_ContextRecord          10028be0     LIBCMT:gs_report.obj
 0003:00000eb0       ?__proc_attached@@3HA      10028eb0     LIBCMT:dll_dllmain.obj
 0003:00000f0c       ?AllocateData@@3P6GPAUAtlThunkData_t@@XZA 10028f0c     atls:atlthunk.obj
 0003:00000f10       ?InitData@@3P6GXPAUAtlThunkData_t@@PAXI@ZA 10028f10     atls:atlthunk.obj
 0003:00000f14       ?DataToCode@@3P6GP6GJPAUHWND__@@IIJ@ZPAUAtlThunkData_t@@@ZA 10028f14     atls:atlthunk.obj
 0003:00000f18       ?FreeData@@3P6GXPAUAtlThunkData_t@@@ZA 10028f18     atls:atlthunk.obj
 0003:00000f1c       ?Initialized@@3_NA         10028f1c     atls:atlthunk.obj
 0003:00000f28       ?__vcrt_startup_thread_ptd@@3U__vcrt_ptd@@A 10028f28     libvcruntime:per_thread_data.obj
 0003:00000f50       ___vcrt_lock_table         10028f50     libvcruntime:locks.obj
 0003:00000f68       ___vcrt_locks_initialized  10028f68     libvcruntime:locks.obj
 0003:00000f6c       ?module_handles@@3PAPAUHINSTANCE__@@A 10028f6c     libvcruntime:winapi_downlevel.obj
 0003:00000f78       ?encoded_function_pointers@@3PAPAXA 10028f78     libvcruntime:winapi_downlevel.obj
 0003:00000fb4       ?heap@@3V_HeapManager@@A   10028fb4     libvcruntime:undname.obj
 0003:00000fcc       ___acrt_invalid_parameter_handler 10028fcc     libucrt:invalid_parameter.obj
 0003:00000fd0       _c_termination_complete    10028fd0     libucrt:exit.obj
 0003:00000fd4       _thread_local_exit_callback_func 10028fd4     libucrt:exit.obj
 0003:00000fd8       ?c_exit_complete@?5??common_exit@@YAXHW4_crt_exit_cleanup_mode@@W4_crt_exit_return_mode@@@Z@4_NA 10028fd8     libucrt:exit.obj
 0003:00000fe0       ?program_name@?5???$common_configure_argv@D@@YAHW4_crt_argv_mode@@@Z@4PADA 10028fe0     libucrt:argv_parsing.obj
 0003:00001110       ___acrt_new_handler        10029110     libucrt:new_handler.obj
 0003:00001118       _module_handles            10029118     libucrt:winapi_thunks.obj
 0003:00001168       _encoded_function_pointers 10029168     libucrt:winapi_thunks.obj
 0003:000011e8       ?state_cache@?1??__acrt_is_packaged_app@@9@4JA 100291e8     libucrt:winapi_thunks.obj
 0003:000011f4       _enable_percent_n          100291f4     libucrt:printf_count_output.obj
 0003:00001410       ___acrt_lock_table         10029410     libucrt:locks.obj
 0003:00001548       ___acrt_locks_initialized  10029548     libucrt:locks.obj
 0003:00001564       _fSystemSet                10029564     libucrt:mbctype.obj
 0003:00001568       ?initialized@?1??__acrt_initialize_multibyte@@9@4_NA 10029568     libucrt:mbctype.obj
 0003:00001588       _ctrlc_action              10029588     libucrt:signal.obj
 0003:0000158c       _ctrlbreak_action          1002958c     libucrt:signal.obj
 0003:00001590       _abort_action              10029590     libucrt:signal.obj
 0003:00001594       _term_action               10029594     libucrt:signal.obj
 0003:00001598       _user_matherr              10029598     libucrt:matherr.obj
 0003:0000159c       ___acrt_global_new_mode    1002959c     libucrt:new_mode.obj
 0003:000015a8       ___acrt_app_type           100295a8     libucrt:report_runtime_error.obj
 0003:000015b0       __pmatherr_set             100295b0     libucrt:libm_error.obj
 0004:00000220       $R000000                   1002a220     LineDisplay.res
 0004:00000b98       $R000978                   1002ab98     LineDisplay.res
 0004:00000c80       $R000A60                   1002ac80     LineDisplay.res
 0004:00000ee8       $R000CC8                   1002aee8     LineDisplay.res
 0004:00001450       $R001230                   1002b450     LineDisplay.res
 0004:000058f8       $R0056D8                   1002f8f8     LineDisplay.res
 0004:00005930       $R005710                   1002f930     LineDisplay.res
