 OPOSCheckScanner

 Timestamp is 5c43fd64 (Sun Jan 20 13:47:32 2019)

 Preferred load address is 10000000

 Start         Length     Name                   Class
 0001:00000000 00000080H .text$di                CODE
 0001:00000080 0001d25bH .text$mn                CODE
 0001:0001d2db 00000051H .text$x                 CODE
 0001:0001d32c 00000042H .text$yd                CODE
 0002:00000000 00000300H .idata$5                DATA
 0002:00000300 00000004H .00cfg                  DATA
 0002:00000304 00000004H .CRT$XCA                DATA
 0002:00000308 00000004H .CRT$XCL                DATA
 0002:0000030c 00000010H .CRT$XCU                DATA
 0002:0000031c 00000004H .CRT$XCZ                DATA
 0002:00000320 00000004H .CRT$XIA                DATA
 0002:00000324 00000010H .CRT$XIC                DATA
 0002:00000334 00000004H .CRT$XIZ                DATA
 0002:00000338 00000004H .CRT$XLA                DATA
 0002:0000033c 00000004H .CRT$XLZ                DATA
 0002:00000340 00000004H .CRT$XPA                DATA
 0002:00000344 00000008H .CRT$XPX                DATA
 0002:0000034c 00000004H .CRT$XPXA               DATA
 0002:00000350 00000004H .CRT$XPZ                DATA
 0002:00000354 00000004H .CRT$XTA                DATA
 0002:00000358 00000008H .CRT$XTZ                DATA
 0002:0000035c 00000000H .gfids$x                DATA
 0002:0000035c 00000000H .gfids$y                DATA
 0002:00000360 00006f88H .rdata                  DATA
 0002:000072e8 00000018H .rdata$T                DATA
 0002:00007300 00000180H .rdata$r                DATA
 0002:00007480 00000020H .rdata$sxdata           DATA
 0002:000074a0 000003e0H .rdata$zzzdbg           DATA
 0002:00007880 00000004H .rtc$IAA                DATA
 0002:00007884 00000004H .rtc$IZZ                DATA
 0002:00007888 00000004H .rtc$TAA                DATA
 0002:0000788c 00000004H .rtc$TZZ                DATA
 0002:00007890 00000004H .tls                    DATA
 0002:00007894 00000004H .tls$                   DATA
 0002:00007898 00000008H .tls$ZZZ                DATA
 0002:000078a0 000005f4H .xdata$x                DATA
 0002:00007e94 00000004H ATL$__a                 DATA
 0002:00007e98 00000008H ATL$__z                 DATA
 0002:00007ea0 000000b0H .edata                  DATA
 0002:00007f50 00000078H .idata$2                DATA
 0002:00007fc8 00000014H .idata$3                DATA
 0002:00007fdc 00000300H .idata$4                DATA
 0002:000082dc 00000bdeH .idata$6                DATA
 0003:00000000 000009b0H .data                   DATA
 0003:000009b0 00000098H .data$r                 DATA
 0003:00000a48 00000b5cH .bss                    DATA
 0004:00000000 00000220H .rsrc$01                DATA
 0004:00000220 000050a0H .rsrc$02                DATA

  Address         Publics by Value              Rva+Base       Lib:Object

 0000:00000000       ___guard_fids_count        00000000     <absolute>
 0000:00000000       ___hybrid_code_map_count   00000000     <absolute>
 0000:00000000       ___guard_iat_count         00000000     <absolute>
 0000:00000000       ___dynamic_value_reloc_table 00000000     <absolute>
 0000:00000000       ___guard_longjmp_count     00000000     <absolute>
 0000:00000000       __except_list              00000000     <absolute>
 0000:00000000       ___guard_fids_table        00000000     <absolute>
 0000:00000000       ___guard_longjmp_table     00000000     <absolute>
 0000:00000000       ___hybrid_auxiliary_iat    00000000     <absolute>
 0000:00000000       ___guard_iat_table         00000000     <absolute>
 0000:00000000       ___volatile_metadata       00000000     <absolute>
 0000:00000000       ___enclave_config          00000000     <absolute>
 0000:00000000       ___hybrid_code_map         00000000     <absolute>
 0000:00000008       ___safe_se_handler_count   00000008     <absolute>
 0000:0000002c       __tls_array                0000002c     <absolute>
 0000:00000100       ___guard_flags             00000100     <absolute>
 0000:00000000       ___ImageBase               10000000     <linker-defined>
 0001:00000080       ?DupWide@_CW@@AAEXXZ       10001080 f   CWString.obj
 0001:0000009c       ?cw_dup@@YGXPBDAAHAAPA_W1@Z 1000109c f   CWString.obj
 0001:0000010b       ?cw_memcpy@@YGHPA_WPBDH@Z  1000110b f   CWString.obj
 0001:00000137       ?cw_strcpy@@YAHPA_WPBD@Z   10001137 f   CWString.obj
 0001:0000014a       ?cw_strlen@@YAHPBD@Z       1000114a f   CWString.obj
 0001:00000163       ??0CAtlComModule@ATL@@QAE@XZ 10001163 f i OposVariant.obj
 0001:000001a8       ??0CAtlWinModule@ATL@@QAE@XZ 100011a8 f i OposVariant.obj
 0001:000001df       ??0OposDispParms@@QAE@PAVOposVariant@@H@Z 100011df f   OposVariant.obj
 0001:00000250       ??1OposDispParms@@QAE@XZ   10001250 f   OposVariant.obj
 0001:0000025e       ??A?$CSimpleArray@GV?$CSimpleArrayEqualHelper@G@ATL@@@ATL@@QAEAAGH@Z 1000125e f i OposVariant.obj
 0001:00000283       ??_Estringdispid@CComTypeInfoHolder@ATL@@QAEPAXI@Z 10001283 f i OposVariant.obj
 0001:000002ef       ?AtlWinModuleInit@ATL@@YGJPAU_ATL_WIN_MODULE70@1@@Z 100012ef f i OposVariant.obj
 0001:00000315       ?AtlWinModuleTerm@ATL@@YGJPAU_ATL_WIN_MODULE70@1@PAUHINSTANCE__@@@Z 10001315 f i OposVariant.obj
 0001:00000378       ?ChangeBSTR@OposVariant@@QAEXPAPA_WAAJ@Z 10001378 f   OposVariant.obj
 0001:000003b9       ?ChangeLONG@OposVariant@@QAEXPAJAAJ@Z 100013b9 f   OposVariant.obj
 0001:000003fa       ?GetLONG@OposVariant@@QAEJXZ 100013fa f   OposVariant.obj
 0001:00000415       ?Init@CComCriticalSection@ATL@@QAEJXZ 10001415 f i OposVariant.obj
 0001:0000043d       ?RemoveAll@?$CSimpleArray@PAUHINSTANCE__@@V?$CSimpleArrayEqualHelper@PAUHINSTANCE__@@@ATL@@@ATL@@QAEXXZ 1000143d f i atls:atlbase.obj
 0001:0000043d       ?RemoveAll@?$CSimpleArray@GV?$CSimpleArrayEqualHelper@G@ATL@@@ATL@@QAEXXZ 1000143d f i OposVariant.obj
 0001:0000045a       ?SetBSTR@OposVariant@@QAEXPA_WAAJ@Z 1000145a f   OposVariant.obj
 0001:0000048e       ?SetBSTR_Copy@OposVariant@@QAEXPA_WAAJ@Z 1000148e f   OposVariant.obj
 0001:000004de       ?SetBSTR_InOutPtr@OposVariant@@QAE_NPAPA_WAAJ@Z 100014de f   OposVariant.obj
 0001:00000515       ?SetDispatch_Ptr@OposVariant@@QAEXPAUIDispatch@@AAJ@Z 10001515 f   OposVariant.obj
 0001:00000550       ?SetLONG@OposVariant@@QAEXJ@Z 10001550 f   OposVariant.obj
 0001:00000572       ?SetLONG_Ptr@OposVariant@@QAEXPAJAAJ@Z 10001572 f   OposVariant.obj
 0001:000005a5       ?SetString@OposVariant@@QAEXPB_WAAJ@Z 100015a5 f   OposVariant.obj
 0001:000005eb       ?SetVARIANT_BOOL@OposVariant@@QAEXF@Z 100015eb f   OposVariant.obj
 0001:00000615       ?Term@CAtlComModule@ATL@@QAEXXZ 10001615 f i OposVariant.obj
 0001:0000065f       ?_AtlRaiseException@ATL@@YAXKK@Z 1000165f f i OposVariant.obj
 0001:00000674       ?AddRef@?$CComObjectCached@VCComClassFactory@ATL@@@ATL@@UAGKXZ 10001674 f i CheckScanner.obj
 0001:0000069b       ?Release@?$CComObjectCached@VCComClassFactory@ATL@@@ATL@@UAGKXZ 1000169b f i CheckScanner.obj
 0001:000006d1       ?QueryInterface@?$CComObjectCached@VCComClassFactory@ATL@@@ATL@@UAGJABU_GUID@@PAPAX@Z 100016d1 f i CheckScanner.obj
 0001:000006eb       ??_E?$CComObjectCached@VCComClassFactory@ATL@@@ATL@@UAEPAXI@Z 100016eb f i CheckScanner.obj
 0001:000006eb       ??_G?$CComObjectCached@VCComClassFactory@ATL@@@ATL@@UAEPAXI@Z 100016eb f i CheckScanner.obj
 0001:0000070d       ?AddRef@?$CComAggObject@VCOPOSCheckScanner@@@ATL@@UAGKXZ 1000170d f i CheckScanner.obj
 0001:0000071e       ?Release@?$CComAggObject@VCOPOSCheckScanner@@@ATL@@UAGKXZ 1000171e f i CheckScanner.obj
 0001:0000075a       ?QueryInterface@?$CComAggObject@VCOPOSCheckScanner@@@ATL@@UAGJABU_GUID@@PAPAX@Z 1000175a f i CheckScanner.obj
 0001:000007a9       ?AddRef@?$CComContainedObject@VCOPOSCheckScanner@@@ATL@@UAGKXZ 100017a9 f i CheckScanner.obj
 0001:000007bf       ?Release@?$CComContainedObject@VCOPOSCheckScanner@@@ATL@@UAGKXZ 100017bf f i CheckScanner.obj
 0001:000007d5       ?QueryInterface@?$CComContainedObject@VCOPOSCheckScanner@@@ATL@@UAGJABU_GUID@@PAPAX@Z 100017d5 f i CheckScanner.obj
 0001:000007f0       ??_E?$CComAggObject@VCOPOSCheckScanner@@@ATL@@UAEPAXI@Z 100017f0 f i CheckScanner.obj
 0001:000007f0       ??_G?$CComAggObject@VCOPOSCheckScanner@@@ATL@@UAEPAXI@Z 100017f0 f i CheckScanner.obj
 0001:00000815       ?AddRef@?$CComObject@VCOPOSCheckScanner@@@ATL@@UAGKXZ 10001815 f i CheckScanner.obj
 0001:0000082c       ?Release@?$CComObject@VCOPOSCheckScanner@@@ATL@@UAGKXZ 1000182c f i CheckScanner.obj
 0001:0000086e       ?QueryInterface@?$CComObject@VCOPOSCheckScanner@@@ATL@@UAGJABU_GUID@@PAPAX@Z 1000186e f i CheckScanner.obj
 0001:00000888       ?ObjectMain@CComObjectRootBase@ATL@@SGX_N@Z 10001888 f i CheckScanner.obj
 0001:00000888       ?OnFinalMessage@?$CWindowImplBaseT@VCWindow@ATL@@V?$CWinTraits@$0FGAAAAAA@$0A@@2@@ATL@@UAEXPAUHWND__@@@Z 10001888 f i CheckScanner.obj
 0001:0000088b       ?GetCategoryMap@CComObjectRootBase@ATL@@SAPBU_ATL_CATMAP_ENTRY@2@XZ 1000188b f i CheckScanner.obj
 0001:0000088b       ?GetObjectDescription@?$CComCoClass@VCOPOSCheckScanner@@$1?CLSID_OPOSCheckScanner@@3U_GUID@@B@ATL@@SGPB_WXZ 1000188b f i CheckScanner.obj
 0001:0000088e       ?CreateInstance@CComClassFactory@ATL@@UAGJPAUIUnknown@@ABU_GUID@@PAPAX@Z 1000188e f i CheckScanner.obj
 0001:000008cc       ?LockServer@CComClassFactory@ATL@@UAGJH@Z 100018cc f i CheckScanner.obj
 0001:000008eb       ??_GCComClassFactory@ATL@@UAEPAXI@Z 100018eb f i CheckScanner.obj
 0001:000008eb       ??_ECComClassFactory@ATL@@UAEPAXI@Z 100018eb f i CheckScanner.obj
 0001:00000916       ?OnDrawAdvanced@CComControlBase@ATL@@UAEJAAUATL_DRAWINFO@@@Z 10001916 f i CheckScanner.obj
 0001:00000a05       ?Next@?$CComEnumImpl@UIEnumConnections@@$1?_GUID_b196b287_bab4_101a_b69c_00aa00341d07@@3U__s_GUID@@BUtagCONNECTDATA@@V?$_Copy@UtagCONNECTDATA@@@ATL@@@ATL@@UAGJKPAUtagCONNECTDATA@@PAK@Z 10001a05 f i CheckScanner.obj
 0001:00000adc       ?Skip@?$CComEnumImpl@UIEnumConnections@@$1?_GUID_b196b287_bab4_101a_b69c_00aa00341d07@@3U__s_GUID@@BUtagCONNECTDATA@@V?$_Copy@UtagCONNECTDATA@@@ATL@@@ATL@@UAGJK@Z 10001adc f i CheckScanner.obj
 0001:00000b09       ?Reset@?$CComEnumImpl@UIEnumConnectionPoints@@$1?_GUID_b196b285_bab4_101a_b69c_00aa00341d07@@3U__s_GUID@@BPAUIConnectionPoint@@V?$_CopyInterface@UIConnectionPoint@@@ATL@@@ATL@@UAGJXZ 10001b09 f i CheckScanner.obj
 0001:00000b09       ?Reset@?$CComEnumImpl@UIEnumConnections@@$1?_GUID_b196b287_bab4_101a_b69c_00aa00341d07@@3U__s_GUID@@BUtagCONNECTDATA@@V?$_Copy@UtagCONNECTDATA@@@ATL@@@ATL@@UAGJXZ 10001b09 f i CheckScanner.obj
 0001:00000b1b       ?Clone@?$CComEnumImpl@UIEnumConnections@@$1?_GUID_b196b287_bab4_101a_b69c_00aa00341d07@@3U__s_GUID@@BUtagCONNECTDATA@@V?$_Copy@UtagCONNECTDATA@@@ATL@@@ATL@@UAGJPAPAUIEnumConnections@@@Z 10001b1b f i CheckScanner.obj
 0001:00000bfa       ?AddRef@?$CComObject@V?$CComEnum@UIEnumConnections@@$1?_GUID_b196b287_bab4_101a_b69c_00aa00341d07@@3U__s_GUID@@BUtagCONNECTDATA@@V?$_Copy@UtagCONNECTDATA@@@ATL@@VCComSingleThreadModel@6@@ATL@@@ATL@@UAGKXZ 10001bfa f i CheckScanner.obj
 0001:00000bfa       ?AddRef@?$CComObject@V?$CComEnum@UIEnumConnectionPoints@@$1?_GUID_b196b285_bab4_101a_b69c_00aa00341d07@@3U__s_GUID@@BPAUIConnectionPoint@@V?$_CopyInterface@UIConnectionPoint@@@ATL@@VCComSingleThreadModel@6@@ATL@@@ATL@@UAGKXZ 10001bfa f i CheckScanner.obj
 0001:00000c0b       ?Release@?$CComObject@V?$CComEnum@UIEnumConnectionPoints@@$1?_GUID_b196b285_bab4_101a_b69c_00aa00341d07@@3U__s_GUID@@BPAUIConnectionPoint@@V?$_CopyInterface@UIConnectionPoint@@@ATL@@VCComSingleThreadModel@6@@ATL@@@ATL@@UAGKXZ 10001c0b f i CheckScanner.obj
 0001:00000c0b       ?Release@?$CComObject@V?$CComEnum@UIEnumConnections@@$1?_GUID_b196b287_bab4_101a_b69c_00aa00341d07@@3U__s_GUID@@BUtagCONNECTDATA@@V?$_Copy@UtagCONNECTDATA@@@ATL@@VCComSingleThreadModel@6@@ATL@@@ATL@@UAGKXZ 10001c0b f i CheckScanner.obj
 0001:00000c47       ?QueryInterface@?$CComObject@V?$CComEnum@UIEnumConnections@@$1?_GUID_b196b287_bab4_101a_b69c_00aa00341d07@@3U__s_GUID@@BUtagCONNECTDATA@@V?$_Copy@UtagCONNECTDATA@@@ATL@@VCComSingleThreadModel@6@@ATL@@@ATL@@UAGJABU_GUID@@PAPAX@Z 10001c47 f i CheckScanner.obj
 0001:00000c61       ??_E?$CComObject@V?$CComEnum@UIEnumConnections@@$1?_GUID_b196b287_bab4_101a_b69c_00aa00341d07@@3U__s_GUID@@BUtagCONNECTDATA@@V?$_Copy@UtagCONNECTDATA@@@ATL@@VCComSingleThreadModel@6@@ATL@@@ATL@@UAEPAXI@Z 10001c61 f i CheckScanner.obj
 0001:00000c61       ??_G?$CComObject@V?$CComEnum@UIEnumConnections@@$1?_GUID_b196b287_bab4_101a_b69c_00aa00341d07@@3U__s_GUID@@BUtagCONNECTDATA@@V?$_Copy@UtagCONNECTDATA@@@ATL@@VCComSingleThreadModel@6@@ATL@@@ATL@@UAEPAXI@Z 10001c61 f i CheckScanner.obj
 0001:00000c83       ??_E?$CComObject@VCOPOSCheckScanner@@@ATL@@W3AEPAXI@Z 10001c83 f i CheckScanner.obj
 0001:00000c8b       ??_E?$CComObject@VCOPOSCheckScanner@@@ATL@@WEM@AEPAXI@Z 10001c8b f i CheckScanner.obj
 0001:00000c93       ?QueryInterface@?$CComObject@VCOPOSCheckScanner@@@ATL@@WHA@AGJABU_GUID@@PAPAX@Z 10001c93 f i CheckScanner.obj
 0001:00000c9d       ?AddRef@?$CComObject@VCOPOSCheckScanner@@@ATL@@WHA@AGKXZ 10001c9d f i CheckScanner.obj
 0001:00000ca7       ?Release@?$CComObject@VCOPOSCheckScanner@@@ATL@@WHA@AGKXZ 10001ca7 f i CheckScanner.obj
 0001:00000cb1       ?QueryInterface@?$CComObject@VCOPOSCheckScanner@@@ATL@@WHE@AGJABU_GUID@@PAPAX@Z 10001cb1 f i CheckScanner.obj
 0001:00000cbb       ?AddRef@?$CComObject@VCOPOSCheckScanner@@@ATL@@WHE@AGKXZ 10001cbb f i CheckScanner.obj
 0001:00000cc5       ?Release@?$CComObject@VCOPOSCheckScanner@@@ATL@@WHE@AGKXZ 10001cc5 f i CheckScanner.obj
 0001:00000ccf       ?QueryInterface@?$CComObject@VCOPOSCheckScanner@@@ATL@@WHI@AGJABU_GUID@@PAPAX@Z 10001ccf f i CheckScanner.obj
 0001:00000cd9       ?AddRef@?$CComObject@VCOPOSCheckScanner@@@ATL@@WHI@AGKXZ 10001cd9 f i CheckScanner.obj
 0001:00000ce3       ?Release@?$CComObject@VCOPOSCheckScanner@@@ATL@@WHI@AGKXZ 10001ce3 f i CheckScanner.obj
 0001:00000ced       ?QueryInterface@?$CComObject@VCOPOSCheckScanner@@@ATL@@WHM@AGJABU_GUID@@PAPAX@Z 10001ced f i CheckScanner.obj
 0001:00000cf7       ?AddRef@?$CComObject@VCOPOSCheckScanner@@@ATL@@WHM@AGKXZ 10001cf7 f i CheckScanner.obj
 0001:00000d01       ?Release@?$CComObject@VCOPOSCheckScanner@@@ATL@@WHM@AGKXZ 10001d01 f i CheckScanner.obj
 0001:00000d0b       ?QueryInterface@?$CComObject@VCOPOSCheckScanner@@@ATL@@WIA@AGJABU_GUID@@PAPAX@Z 10001d0b f i CheckScanner.obj
 0001:00000d18       ?AddRef@?$CComObject@VCOPOSCheckScanner@@@ATL@@WIA@AGKXZ 10001d18 f i CheckScanner.obj
 0001:00000d25       ?Release@?$CComObject@VCOPOSCheckScanner@@@ATL@@WIA@AGKXZ 10001d25 f i CheckScanner.obj
 0001:00000d32       ?QueryInterface@?$CComObject@VCOPOSCheckScanner@@@ATL@@WIE@AGJABU_GUID@@PAPAX@Z 10001d32 f i CheckScanner.obj
 0001:00000d3f       ?AddRef@?$CComObject@VCOPOSCheckScanner@@@ATL@@WIE@AGKXZ 10001d3f f i CheckScanner.obj
 0001:00000d4c       ?Release@?$CComObject@VCOPOSCheckScanner@@@ATL@@WIE@AGKXZ 10001d4c f i CheckScanner.obj
 0001:00000d59       ?QueryInterface@?$CComObject@VCOPOSCheckScanner@@@ATL@@WII@AGJABU_GUID@@PAPAX@Z 10001d59 f i CheckScanner.obj
 0001:00000d66       ?AddRef@?$CComObject@VCOPOSCheckScanner@@@ATL@@WII@AGKXZ 10001d66 f i CheckScanner.obj
 0001:00000d73       ?Release@?$CComObject@VCOPOSCheckScanner@@@ATL@@WII@AGKXZ 10001d73 f i CheckScanner.obj
 0001:00000d80       ?QueryInterface@?$CComObject@VCOPOSCheckScanner@@@ATL@@WIM@AGJABU_GUID@@PAPAX@Z 10001d80 f i CheckScanner.obj
 0001:00000d8d       ?AddRef@?$CComObject@VCOPOSCheckScanner@@@ATL@@WIM@AGKXZ 10001d8d f i CheckScanner.obj
 0001:00000d9a       ?Release@?$CComObject@VCOPOSCheckScanner@@@ATL@@WIM@AGKXZ 10001d9a f i CheckScanner.obj
 0001:00000da7       ?QueryInterface@?$CComObject@VCOPOSCheckScanner@@@ATL@@WJA@AGJABU_GUID@@PAPAX@Z 10001da7 f i CheckScanner.obj
 0001:00000db4       ?AddRef@?$CComObject@VCOPOSCheckScanner@@@ATL@@WJA@AGKXZ 10001db4 f i CheckScanner.obj
 0001:00000dc1       ?Release@?$CComObject@VCOPOSCheckScanner@@@ATL@@WJA@AGKXZ 10001dc1 f i CheckScanner.obj
 0001:00000dce       ?QueryInterface@?$CComObject@VCOPOSCheckScanner@@@ATL@@WJE@AGJABU_GUID@@PAPAX@Z 10001dce f i CheckScanner.obj
 0001:00000ddb       ?AddRef@?$CComObject@VCOPOSCheckScanner@@@ATL@@WJE@AGKXZ 10001ddb f i CheckScanner.obj
 0001:00000de8       ?Release@?$CComObject@VCOPOSCheckScanner@@@ATL@@WJE@AGKXZ 10001de8 f i CheckScanner.obj
 0001:00000df5       ?QueryInterface@?$CComObject@VCOPOSCheckScanner@@@ATL@@WJI@AGJABU_GUID@@PAPAX@Z 10001df5 f i CheckScanner.obj
 0001:00000e02       ?AddRef@?$CComObject@VCOPOSCheckScanner@@@ATL@@WJI@AGKXZ 10001e02 f i CheckScanner.obj
 0001:00000e0f       ?Release@?$CComObject@VCOPOSCheckScanner@@@ATL@@WJI@AGKXZ 10001e0f f i CheckScanner.obj
 0001:00000e1c       ?QueryInterface@?$CComObject@VCOPOSCheckScanner@@@ATL@@WJM@AGJABU_GUID@@PAPAX@Z 10001e1c f i CheckScanner.obj
 0001:00000e29       ?AddRef@?$CComObject@VCOPOSCheckScanner@@@ATL@@WJM@AGKXZ 10001e29 f i CheckScanner.obj
 0001:00000e36       ?Release@?$CComObject@VCOPOSCheckScanner@@@ATL@@WJM@AGKXZ 10001e36 f i CheckScanner.obj
 0001:00000e43       ?QueryInterface@?$CComObject@VCOPOSCheckScanner@@@ATL@@WKA@AGJABU_GUID@@PAPAX@Z 10001e43 f i CheckScanner.obj
 0001:00000e50       ?AddRef@?$CComObject@VCOPOSCheckScanner@@@ATL@@WKA@AGKXZ 10001e50 f i CheckScanner.obj
 0001:00000e5d       ?Release@?$CComObject@VCOPOSCheckScanner@@@ATL@@WKA@AGKXZ 10001e5d f i CheckScanner.obj
 0001:00000e6a       ?AddRef@?$CComObject@VCOPOSCheckScanner@@@ATL@@WKI@AGKXZ 10001e6a f i CheckScanner.obj
 0001:00000e77       ?Release@?$CComObject@VCOPOSCheckScanner@@@ATL@@WKI@AGKXZ 10001e77 f i CheckScanner.obj
 0001:00000e84       ?AddRef@?$CComObject@VCOPOSCheckScanner@@@ATL@@WLE@AGKXZ 10001e84 f i CheckScanner.obj
 0001:00000e91       ?Release@?$CComObject@VCOPOSCheckScanner@@@ATL@@WLE@AGKXZ 10001e91 f i CheckScanner.obj
 0001:00000e9e       ??_E?$CComContainedObject@VCOPOSCheckScanner@@@ATL@@W3AEPAXI@Z 10001e9e f i CheckScanner.obj
 0001:00000ea6       ??_E?$CComContainedObject@VCOPOSCheckScanner@@@ATL@@WEM@AEPAXI@Z 10001ea6 f i CheckScanner.obj
 0001:00000eae       ?QueryInterface@?$CComContainedObject@VCOPOSCheckScanner@@@ATL@@WHA@AGJABU_GUID@@PAPAX@Z 10001eae f i CheckScanner.obj
 0001:00000eb8       ?AddRef@?$CComContainedObject@VCOPOSCheckScanner@@@ATL@@WHA@AGKXZ 10001eb8 f i CheckScanner.obj
 0001:00000ec2       ?Release@?$CComContainedObject@VCOPOSCheckScanner@@@ATL@@WHA@AGKXZ 10001ec2 f i CheckScanner.obj
 0001:00000ecc       ?QueryInterface@?$CComContainedObject@VCOPOSCheckScanner@@@ATL@@WHE@AGJABU_GUID@@PAPAX@Z 10001ecc f i CheckScanner.obj
 0001:00000ed6       ?AddRef@?$CComContainedObject@VCOPOSCheckScanner@@@ATL@@WHE@AGKXZ 10001ed6 f i CheckScanner.obj
 0001:00000ee0       ?Release@?$CComContainedObject@VCOPOSCheckScanner@@@ATL@@WHE@AGKXZ 10001ee0 f i CheckScanner.obj
 0001:00000eea       ?QueryInterface@?$CComContainedObject@VCOPOSCheckScanner@@@ATL@@WHI@AGJABU_GUID@@PAPAX@Z 10001eea f i CheckScanner.obj
 0001:00000ef4       ?AddRef@?$CComContainedObject@VCOPOSCheckScanner@@@ATL@@WHI@AGKXZ 10001ef4 f i CheckScanner.obj
 0001:00000efe       ?Release@?$CComContainedObject@VCOPOSCheckScanner@@@ATL@@WHI@AGKXZ 10001efe f i CheckScanner.obj
 0001:00000f08       ?QueryInterface@?$CComContainedObject@VCOPOSCheckScanner@@@ATL@@WHM@AGJABU_GUID@@PAPAX@Z 10001f08 f i CheckScanner.obj
 0001:00000f12       ?AddRef@?$CComContainedObject@VCOPOSCheckScanner@@@ATL@@WHM@AGKXZ 10001f12 f i CheckScanner.obj
 0001:00000f1c       ?Release@?$CComContainedObject@VCOPOSCheckScanner@@@ATL@@WHM@AGKXZ 10001f1c f i CheckScanner.obj
 0001:00000f26       ?QueryInterface@?$CComContainedObject@VCOPOSCheckScanner@@@ATL@@WIA@AGJABU_GUID@@PAPAX@Z 10001f26 f i CheckScanner.obj
 0001:00000f33       ?AddRef@?$CComContainedObject@VCOPOSCheckScanner@@@ATL@@WIA@AGKXZ 10001f33 f i CheckScanner.obj
 0001:00000f40       ?Release@?$CComContainedObject@VCOPOSCheckScanner@@@ATL@@WIA@AGKXZ 10001f40 f i CheckScanner.obj
 0001:00000f4d       ?QueryInterface@?$CComContainedObject@VCOPOSCheckScanner@@@ATL@@WIE@AGJABU_GUID@@PAPAX@Z 10001f4d f i CheckScanner.obj
 0001:00000f5a       ?AddRef@?$CComContainedObject@VCOPOSCheckScanner@@@ATL@@WIE@AGKXZ 10001f5a f i CheckScanner.obj
 0001:00000f67       ?Release@?$CComContainedObject@VCOPOSCheckScanner@@@ATL@@WIE@AGKXZ 10001f67 f i CheckScanner.obj
 0001:00000f74       ?QueryInterface@?$CComContainedObject@VCOPOSCheckScanner@@@ATL@@WII@AGJABU_GUID@@PAPAX@Z 10001f74 f i CheckScanner.obj
 0001:00000f81       ?AddRef@?$CComContainedObject@VCOPOSCheckScanner@@@ATL@@WII@AGKXZ 10001f81 f i CheckScanner.obj
 0001:00000f8e       ?Release@?$CComContainedObject@VCOPOSCheckScanner@@@ATL@@WII@AGKXZ 10001f8e f i CheckScanner.obj
 0001:00000f9b       ?QueryInterface@?$CComContainedObject@VCOPOSCheckScanner@@@ATL@@WIM@AGJABU_GUID@@PAPAX@Z 10001f9b f i CheckScanner.obj
 0001:00000fa8       ?AddRef@?$CComContainedObject@VCOPOSCheckScanner@@@ATL@@WIM@AGKXZ 10001fa8 f i CheckScanner.obj
 0001:00000fb5       ?Release@?$CComContainedObject@VCOPOSCheckScanner@@@ATL@@WIM@AGKXZ 10001fb5 f i CheckScanner.obj
 0001:00000fc2       ?QueryInterface@?$CComContainedObject@VCOPOSCheckScanner@@@ATL@@WJA@AGJABU_GUID@@PAPAX@Z 10001fc2 f i CheckScanner.obj
 0001:00000fcf       ?AddRef@?$CComContainedObject@VCOPOSCheckScanner@@@ATL@@WJA@AGKXZ 10001fcf f i CheckScanner.obj
 0001:00000fdc       ?Release@?$CComContainedObject@VCOPOSCheckScanner@@@ATL@@WJA@AGKXZ 10001fdc f i CheckScanner.obj
 0001:00000fe9       ?QueryInterface@?$CComContainedObject@VCOPOSCheckScanner@@@ATL@@WJE@AGJABU_GUID@@PAPAX@Z 10001fe9 f i CheckScanner.obj
 0001:00000ff6       ?AddRef@?$CComContainedObject@VCOPOSCheckScanner@@@ATL@@WJE@AGKXZ 10001ff6 f i CheckScanner.obj
 0001:00001003       ?Release@?$CComContainedObject@VCOPOSCheckScanner@@@ATL@@WJE@AGKXZ 10002003 f i CheckScanner.obj
 0001:00001010       ?QueryInterface@?$CComContainedObject@VCOPOSCheckScanner@@@ATL@@WJI@AGJABU_GUID@@PAPAX@Z 10002010 f i CheckScanner.obj
 0001:0000101d       ?AddRef@?$CComContainedObject@VCOPOSCheckScanner@@@ATL@@WJI@AGKXZ 1000201d f i CheckScanner.obj
 0001:0000102a       ?Release@?$CComContainedObject@VCOPOSCheckScanner@@@ATL@@WJI@AGKXZ 1000202a f i CheckScanner.obj
 0001:00001037       ?QueryInterface@?$CComContainedObject@VCOPOSCheckScanner@@@ATL@@WJM@AGJABU_GUID@@PAPAX@Z 10002037 f i CheckScanner.obj
 0001:00001044       ?AddRef@?$CComContainedObject@VCOPOSCheckScanner@@@ATL@@WJM@AGKXZ 10002044 f i CheckScanner.obj
 0001:00001051       ?Release@?$CComContainedObject@VCOPOSCheckScanner@@@ATL@@WJM@AGKXZ 10002051 f i CheckScanner.obj
 0001:0000105e       ?QueryInterface@?$CComContainedObject@VCOPOSCheckScanner@@@ATL@@WKA@AGJABU_GUID@@PAPAX@Z 1000205e f i CheckScanner.obj
 0001:0000106b       ?AddRef@?$CComContainedObject@VCOPOSCheckScanner@@@ATL@@WKA@AGKXZ 1000206b f i CheckScanner.obj
 0001:00001078       ?Release@?$CComContainedObject@VCOPOSCheckScanner@@@ATL@@WKA@AGKXZ 10002078 f i CheckScanner.obj
 0001:00001085       ?AddRef@?$CComContainedObject@VCOPOSCheckScanner@@@ATL@@WKI@AGKXZ 10002085 f i CheckScanner.obj
 0001:00001092       ?Release@?$CComContainedObject@VCOPOSCheckScanner@@@ATL@@WKI@AGKXZ 10002092 f i CheckScanner.obj
 0001:0000109f       ?AddRef@?$CComContainedObject@VCOPOSCheckScanner@@@ATL@@WLE@AGKXZ 1000209f f i CheckScanner.obj
 0001:000010ac       ?Release@?$CComContainedObject@VCOPOSCheckScanner@@@ATL@@WLE@AGKXZ 100020ac f i CheckScanner.obj
 0001:000010b9       ?Lock@CAtlModule@ATL@@UAEJXZ 100020b9 f i CheckScanner.obj
 0001:000010c3       ?Unlock@CAtlModule@ATL@@UAEJXZ 100020c3 f i CheckScanner.obj
 0001:000010cd       ?GetLockCount@CAtlModule@ATL@@UAEJXZ 100020cd f i CheckScanner.obj
 0001:000010d1       ?GetGITPtr@CAtlModule@ATL@@UAEJPAPAUIGlobalInterfaceTable@@@Z 100020d1 f i CheckScanner.obj
 0001:0000111d       ?AddCommonRGSReplacements@?$CAtlModuleT@VCComModule@ATL@@@ATL@@UAEJPAUIRegistrarBase@@@Z 1000211d f i CheckScanner.obj
 0001:00001137       ?UpdateRegistryFromResourceD@CComModule@ATL@@UAGJIHPAU_ATL_REGMAP_ENTRY@2@@Z 10002137 f i CheckScanner.obj
 0001:00001137       ?UpdateRegistryFromResourceD@CComModule@ATL@@UAGJPB_WHPAU_ATL_REGMAP_ENTRY@2@@Z 10002137 f i CheckScanner.obj
 0001:0000113f       ?UpdateRegistryFromResource@CComModule@ATL@@UAGJPB_WHPAU_ATL_REGMAP_ENTRY@2@@Z 1000213f f i CheckScanner.obj
 0001:00001148       ?UpdateRegistryFromResource@CComModule@ATL@@UAGJIHPAU_ATL_REGMAP_ENTRY@2@@Z 10002148 f i CheckScanner.obj
 0001:00001151       ??_GCComModule@ATL@@UAEPAXI@Z 10002151 f i CheckScanner.obj
 0001:00001151       ??_ECComModule@ATL@@UAEPAXI@Z 10002151 f i CheckScanner.obj
 0001:00001179       ?GetWindowProc@?$CWindowImplBaseT@VCWindow@ATL@@V?$CWinTraits@$0FGAAAAAA@$0A@@2@@ATL@@UAEP6GJPAUHWND__@@IIJ@ZXZ 10002179 f i CheckScanner.obj
 0001:0000117f       ?StartWindowProc@?$CWindowImplBaseT@VCWindow@ATL@@V?$CWinTraits@$0FGAAAAAA@$0A@@2@@ATL@@SGJPAUHWND__@@IIJ@Z 1000217f f i CheckScanner.obj
 0001:000011d3       ?GetTypeInfoCount@?$IDispatchImpl@UIOPOSCheckScanner@@$1?IID_IOPOSCheckScanner@@3U_GUID@@B$1?LIBID_OposCheckScanner_CCO@@3U3@B$00$0A@VCComTypeInfoHolder@ATL@@@ATL@@UAGJPAI@Z 100021d3 f i CheckScanner.obj
 0001:000011f0       ?GetTypeInfo@?$IDispatchImpl@UIOPOSCheckScanner@@$1?IID_IOPOSCheckScanner@@3U_GUID@@B$1?LIBID_OposCheckScanner_CCO@@3U3@B$00$0A@VCComTypeInfoHolder@ATL@@@ATL@@UAGJIKPAPAUITypeInfo@@@Z 100021f0 f i CheckScanner.obj
 0001:00001214       ?GetIDsOfNames@?$IDispatchImpl@UIOPOSCheckScanner@@$1?IID_IOPOSCheckScanner@@3U_GUID@@B$1?LIBID_OposCheckScanner_CCO@@3U3@B$00$0A@VCComTypeInfoHolder@ATL@@@ATL@@UAGJABU_GUID@@PAPA_WIKPAJ@Z 10002214 f i CheckScanner.obj
 0001:00001234       ?Invoke@?$IDispatchImpl@UIOPOSCheckScanner@@$1?IID_IOPOSCheckScanner@@3U_GUID@@B$1?LIBID_OposCheckScanner_CCO@@3U3@B$00$0A@VCComTypeInfoHolder@ATL@@@ATL@@UAGJJABU_GUID@@KGPAUtagDISPPARAMS@@PAUtagVARIANT@@PAUtagEXCEPINFO@@PAI@Z 10002234 f i CheckScanner.obj
 0001:00001242       ?CreateControlWindow@?$CComControl@VCOPOSCheckScanner@@V?$CWindowImpl@VCOPOSCheckScanner@@VCWindow@ATL@@V?$CWinTraits@$0FGAAAAAA@$0A@@3@@ATL@@@ATL@@UAEPAUHWND__@@PAU3@AAUtagRECT@@@Z 10002242 f i CheckScanner.obj
 0001:00001271       ?ControlQueryInterface@?$CComControl@VCOPOSCheckScanner@@V?$CWindowImpl@VCOPOSCheckScanner@@VCWindow@ATL@@V?$CWinTraits@$0FGAAAAAA@$0A@@3@@ATL@@@ATL@@UAEJABU_GUID@@PAPAX@Z 10002271 f i CheckScanner.obj
 0001:0000128c       ?GetClassID@?$IPersistStorageImpl@VCOPOSCheckScanner@@@ATL@@UAGJPAU_GUID@@@Z 1000228c f i CheckScanner.obj
 0001:0000128c       ?GetUserClassID@?$IOleObjectImpl@VCOPOSCheckScanner@@@ATL@@UAGJPAU_GUID@@@Z 1000228c f i CheckScanner.obj
 0001:0000128c       ?GetClassID@?$IPersistStreamInitImpl@VCOPOSCheckScanner@@@ATL@@UAGJPAU_GUID@@@Z 1000228c f i CheckScanner.obj
 0001:000012b0       ?IsDirty@?$IPersistStreamInitImpl@VCOPOSCheckScanner@@@ATL@@UAGJXZ 100022b0 f i CheckScanner.obj
 0001:000012cf       ?Load@?$IPersistStreamInitImpl@VCOPOSCheckScanner@@@ATL@@UAGJPAUIStream@@@Z 100022cf f i CheckScanner.obj
 0001:000012ee       ?Save@?$IPersistStreamInitImpl@VCOPOSCheckScanner@@@ATL@@UAGJPAUIStream@@H@Z 100022ee f i CheckScanner.obj
 0001:00001310       ?GetSizeMax@?$IPersistStreamInitImpl@VCOPOSCheckScanner@@@ATL@@UAGJPAT_ULARGE_INTEGER@@@Z 10002310 f i CheckScanner.obj
 0001:000014c5       ?InitNew@?$IPersistStreamInitImpl@VCOPOSCheckScanner@@@ATL@@UAGJXZ 100024c5 f i CheckScanner.obj
 0001:000014e2       ?ContextSensitiveHelp@?$IOleInPlaceActiveObjectImpl@VCOPOSCheckScanner@@@ATL@@UAGJH@Z 100024e2 f i CheckScanner.obj
 0001:000014e2       ?GetDropTarget@?$IOleInPlaceObjectWindowlessImpl@VCOPOSCheckScanner@@@ATL@@UAGJPAPAUIDropTarget@@@Z 100024e2 f i CheckScanner.obj
 0001:000014e2       ?SOOutputCompleteDummy@COPOSCheckScanner@@MAGJJ@Z 100024e2 f i CheckScanner.obj
 0001:000014e2       ?ContextSensitiveHelp@?$IOleInPlaceObjectWindowlessImpl@VCOPOSCheckScanner@@@ATL@@UAGJH@Z 100024e2 f i CheckScanner.obj
 0001:000014e2       ?GetControlInfo@?$IOleControlImpl@VCOPOSCheckScanner@@@ATL@@UAGJPAUtagCONTROLINFO@@@Z 100024e2 f i CheckScanner.obj
 0001:000014e2       ?Unfreeze@?$IViewObjectExImpl@VCOPOSCheckScanner@@@ATL@@UAGJK@Z 100024e2 f i CheckScanner.obj
 0001:000014e2       ?QueryGetData@?$IDataObjectImpl@VCOPOSCheckScanner@@@ATL@@UAGJPAUtagFORMATETC@@@Z 100024e2 f i CheckScanner.obj
 0001:000014e2       ?OnMnemonic@?$IOleControlImpl@VCOPOSCheckScanner@@@ATL@@UAGJPAUtagMSG@@@Z 100024e2 f i CheckScanner.obj
 0001:000014e2       ?SetColorScheme@?$IOleObjectImpl@VCOPOSCheckScanner@@@ATL@@UAGJPAUtagLOGPALETTE@@@Z 100024e2 f i CheckScanner.obj
 0001:000014ea       ?OnAmbientPropertyChange@?$IOleControlImpl@VCOPOSCheckScanner@@@ATL@@UAGJJ@Z 100024ea f i CheckScanner.obj
 0001:000014ea       ?EnableModeless@?$IOleInPlaceActiveObjectImpl@VCOPOSCheckScanner@@@ATL@@UAGJH@Z 100024ea f i CheckScanner.obj
 0001:000014ea       ?OnFrameWindowActivate@?$IOleInPlaceActiveObjectImpl@VCOPOSCheckScanner@@@ATL@@UAGJH@Z 100024ea f i CheckScanner.obj
 0001:000014ea       ?SaveCompleted@?$IPersistStorageImpl@VCOPOSCheckScanner@@@ATL@@UAGJPAUIStorage@@@Z 100024ea f i CheckScanner.obj
 0001:000014ef       ?SetClientSite@?$IOleObjectImpl@VCOPOSCheckScanner@@@ATL@@UAGJPAUIOleClientSite@@@Z 100024ef f i CheckScanner.obj
 0001:0000150c       ?GetClientSite@?$IOleObjectImpl@VCOPOSCheckScanner@@@ATL@@UAGJPAPAUIOleClientSite@@@Z 1000250c f i CheckScanner.obj
 0001:00001529       ?SetHostNames@?$IOleObjectImpl@VCOPOSCheckScanner@@@ATL@@UAGJPB_W0@Z 10002529 f i CheckScanner.obj
 0001:0000152e       ?Close@?$IOleObjectImpl@VCOPOSCheckScanner@@@ATL@@UAGJK@Z 1000252e f i CheckScanner.obj
 0001:0000154b       ?EnumFormatEtc@?$IDataObjectImpl@VCOPOSCheckScanner@@@ATL@@UAGJKPAPAUIEnumFORMATETC@@@Z 1000254b f i CheckScanner.obj
 0001:0000154b       ?GetRect@?$IViewObjectExImpl@VCOPOSCheckScanner@@@ATL@@UAGJKPAU_RECTL@@@Z 1000254b f i CheckScanner.obj
 0001:0000154b       ?QueryInterface@CRegObject@ATL@@UAGJABU_GUID@@PAPAX@Z 1000254b f i CheckScanner.obj
 0001:0000154b       ?GetClipboardData@?$IOleObjectImpl@VCOPOSCheckScanner@@@ATL@@UAGJKPAPAUIDataObject@@@Z 1000254b f i CheckScanner.obj
 0001:0000154b       ?GetCanonicalFormatEtc@?$IDataObjectImpl@VCOPOSCheckScanner@@@ATL@@UAGJPAUtagFORMATETC@@0@Z 1000254b f i CheckScanner.obj
 0001:0000154b       ?SetMoniker@?$IOleObjectImpl@VCOPOSCheckScanner@@@ATL@@UAGJKPAUIMoniker@@@Z 1000254b f i CheckScanner.obj
 0001:0000154b       ?GetDataHere@?$IDataObjectImpl@VCOPOSCheckScanner@@@ATL@@UAGJPAUtagFORMATETC@@PAUtagSTGMEDIUM@@@Z 1000254b f i CheckScanner.obj
 0001:00001553       ?SetData@?$IDataObjectImpl@VCOPOSCheckScanner@@@ATL@@UAGJPAUtagFORMATETC@@PAUtagSTGMEDIUM@@H@Z 10002553 f i CheckScanner.obj
 0001:00001553       ?GetMoniker@?$IOleObjectImpl@VCOPOSCheckScanner@@@ATL@@UAGJKKPAPAUIMoniker@@@Z 10002553 f i CheckScanner.obj
 0001:00001553       ?InitFromData@?$IOleObjectImpl@VCOPOSCheckScanner@@@ATL@@UAGJPAUIDataObject@@HK@Z 10002553 f i CheckScanner.obj
 0001:0000155b       ?DoVerb@?$IOleObjectImpl@VCOPOSCheckScanner@@@ATL@@UAGJJPAUtagMSG@@PAUIOleClientSite@@JPAUHWND__@@PBUtagRECT@@@Z 1000255b f i CheckScanner.obj
 0001:00001673       ?EnumVerbs@?$IOleObjectImpl@VCOPOSCheckScanner@@@ATL@@UAGJPAPAUIEnumOLEVERB@@@Z 10002673 f i CheckScanner.obj
 0001:00001695       ?Update@?$IOleObjectImpl@VCOPOSCheckScanner@@@ATL@@UAGJXZ 10002695 f i CheckScanner.obj
 0001:00001695       ?HandsOffStorage@?$IPersistStorageImpl@VCOPOSCheckScanner@@@ATL@@UAGJXZ 10002695 f i CheckScanner.obj
 0001:00001695       ?Release@CRegObject@ATL@@UAGKXZ 10002695 f i CheckScanner.obj
 0001:00001695       ?IsUpToDate@?$IOleObjectImpl@VCOPOSCheckScanner@@@ATL@@UAGJXZ 10002695 f i CheckScanner.obj
 0001:0000169a       ?GetUserType@?$IOleObjectImpl@VCOPOSCheckScanner@@@ATL@@UAGJKPAPA_W@Z 1000269a f i CheckScanner.obj
 0001:000016b2       ?SetExtent@?$IOleObjectImpl@VCOPOSCheckScanner@@@ATL@@UAGJKPAUtagSIZE@@@Z 100026b2 f i CheckScanner.obj
 0001:000016d2       ?GetExtent@?$IOleObjectImpl@VCOPOSCheckScanner@@@ATL@@UAGJKPAUtagSIZE@@@Z 100026d2 f i CheckScanner.obj
 0001:00001710       ?Advise@?$IOleObjectImpl@VCOPOSCheckScanner@@@ATL@@UAGJPAUIAdviseSink@@PAK@Z 10002710 f i CheckScanner.obj
 0001:00001730       ?Unadvise@?$IOleObjectImpl@VCOPOSCheckScanner@@@ATL@@UAGJK@Z 10002730 f i CheckScanner.obj
 0001:0000175f       ?EnumAdvise@?$IOleObjectImpl@VCOPOSCheckScanner@@@ATL@@UAGJPAPAUIEnumSTATDATA@@@Z 1000275f f i CheckScanner.obj
 0001:0000179f       ?GetMiscStatus@?$IOleObjectImpl@VCOPOSCheckScanner@@@ATL@@UAGJKPAK@Z 1000279f f i CheckScanner.obj
 0001:000017b7       ?GetWindow@?$IOleInPlaceActiveObjectImpl@VCOPOSCheckScanner@@@ATL@@UAGJPAPAUHWND__@@@Z 100027b7 f i CheckScanner.obj
 0001:00001804       ?TranslateAcceleratorW@?$IOleInPlaceActiveObjectImpl@VCOPOSCheckScanner@@@ATL@@UAGJPAUtagMSG@@@Z 10002804 f i CheckScanner.obj
 0001:000018a2       ?OnDocWindowActivate@?$IOleInPlaceActiveObjectImpl@VCOPOSCheckScanner@@@ATL@@UAGJH@Z 100028a2 f i CheckScanner.obj
 0001:000018c4       ?ResizeBorder@?$IOleInPlaceActiveObjectImpl@VCOPOSCheckScanner@@@ATL@@UAGJPBUtagRECT@@PAUIOleInPlaceUIWindow@@H@Z 100028c4 f i CheckScanner.obj
 0001:000018c9       ?Draw@?$IViewObjectExImpl@VCOPOSCheckScanner@@@ATL@@UAGJKJPAXPAUtagDVTARGETDEVICE@@PAUHDC__@@2PBU_RECTL@@3P6GHK@ZK@Z 100028c9 f i CheckScanner.obj
 0001:000018fb       ?GetColorSet@?$IViewObjectExImpl@VCOPOSCheckScanner@@@ATL@@UAGJKJPAXPAUtagDVTARGETDEVICE@@PAUHDC__@@PAPAUtagLOGPALETTE@@@Z 100028fb f i CheckScanner.obj
 0001:00001903       ?Freeze@?$IViewObjectExImpl@VCOPOSCheckScanner@@@ATL@@UAGJKJPAXPAK@Z 10002903 f i CheckScanner.obj
 0001:0000190b       ?SetAdvise@?$IViewObjectExImpl@VCOPOSCheckScanner@@@ATL@@UAGJKKPAUIAdviseSink@@@Z 1000290b f i CheckScanner.obj
 0001:0000192a       ?GetAdvise@?$IViewObjectExImpl@VCOPOSCheckScanner@@@ATL@@UAGJPAK0PAPAUIAdviseSink@@@Z 1000292a f i CheckScanner.obj
 0001:0000195f       ?GetExtent@?$IViewObjectExImpl@VCOPOSCheckScanner@@@ATL@@UAGJKJPAUtagDVTARGETDEVICE@@PAUtagSIZE@@@Z 1000295f f i CheckScanner.obj
 0001:00001990       ?GetViewStatus@?$IViewObjectExImpl@VCOPOSCheckScanner@@@ATL@@UAGJPAK@Z 10002990 f i CheckScanner.obj
 0001:000019ad       ?QueryHitPoint@?$IViewObjectExImpl@VCOPOSCheckScanner@@@ATL@@UAGJKPBUtagRECT@@UtagPOINT@@JPAK@Z 100029ad f i CheckScanner.obj
 0001:000019ee       ?QueryHitRect@?$IViewObjectExImpl@VCOPOSCheckScanner@@@ATL@@UAGJKPBUtagRECT@@0JPAK@Z 100029ee f i CheckScanner.obj
 0001:00001a49       ?GetNaturalExtent@?$IViewObjectExImpl@VCOPOSCheckScanner@@@ATL@@UAGJKJPAUtagDVTARGETDEVICE@@PAUHDC__@@PAUtagExtentInfo@@PAUtagSIZE@@@Z 10002a49 f i CheckScanner.obj
 0001:00001a94       ?GetWindow@?$IOleInPlaceObjectWindowlessImpl@VCOPOSCheckScanner@@@ATL@@UAGJPAPAUHWND__@@@Z 10002a94 f i CheckScanner.obj
 0001:00001ae1       ?InPlaceDeactivate@?$IOleInPlaceObjectWindowlessImpl@VCOPOSCheckScanner@@@ATL@@UAGJXZ 10002ae1 f i CheckScanner.obj
 0001:00001afb       ?UIDeactivate@?$IOleInPlaceObjectWindowlessImpl@VCOPOSCheckScanner@@@ATL@@UAGJXZ 10002afb f i CheckScanner.obj
 0001:00001b15       ?SetObjectRects@?$IOleInPlaceObjectWindowlessImpl@VCOPOSCheckScanner@@@ATL@@UAGJPBUtagRECT@@0@Z 10002b15 f i CheckScanner.obj
 0001:00001b35       ?ReactivateAndUndo@?$IOleInPlaceObjectWindowlessImpl@VCOPOSCheckScanner@@@ATL@@UAGJXZ 10002b35 f i CheckScanner.obj
 0001:00001b3d       ?OnWindowMessage@?$IOleInPlaceObjectWindowlessImpl@VCOPOSCheckScanner@@@ATL@@UAGJIIJPAJ@Z 10002b3d f i CheckScanner.obj
 0001:00001bad       ?EnumConnectionPoints@?$IConnectionPointContainerImpl@VCOPOSCheckScanner@@@ATL@@UAGJPAPAUIEnumConnectionPoints@@@Z 10002bad f i CheckScanner.obj
 0001:00001d27       ?FindConnectionPoint@?$IConnectionPointContainerImpl@VCOPOSCheckScanner@@@ATL@@UAGJABU_GUID@@PAPAUIConnectionPoint@@@Z 10002d27 f i CheckScanner.obj
 0001:00001dca       ?IsDirty@?$IPersistStorageImpl@VCOPOSCheckScanner@@@ATL@@UAGJXZ 10002dca f i CheckScanner.obj
 0001:00001dfe       ?InitNew@?$IPersistStorageImpl@VCOPOSCheckScanner@@@ATL@@UAGJPAUIStorage@@@Z 10002dfe f i CheckScanner.obj
 0001:00001e32       ?Load@?$IPersistStorageImpl@VCOPOSCheckScanner@@@ATL@@UAGJPAUIStorage@@@Z 10002e32 f i CheckScanner.obj
 0001:00001e9e       ?Save@?$IPersistStorageImpl@VCOPOSCheckScanner@@@ATL@@UAGJPAUIStorage@@H@Z 10002e9e f i CheckScanner.obj
 0001:00001f11       ?GetPages@?$ISpecifyPropertyPagesImpl@VCOPOSCheckScanner@@@ATL@@UAGJPAUtagCAUUID@@@Z 10002f11 f i CheckScanner.obj
 0001:00001f28       ?QuickActivate@?$IQuickActivateImpl@VCOPOSCheckScanner@@@ATL@@UAGJPAUtagQACONTAINER@@PAUtagQACONTROL@@@Z 10002f28 f i CheckScanner.obj
 0001:00001f4b       ?SetContentExtent@?$IQuickActivateImpl@VCOPOSCheckScanner@@@ATL@@UAGJPAUtagSIZE@@@Z 10002f4b f i CheckScanner.obj
 0001:00001f77       ?GetContentExtent@?$IQuickActivateImpl@VCOPOSCheckScanner@@@ATL@@UAGJPAUtagSIZE@@@Z 10002f77 f i CheckScanner.obj
 0001:00001f97       ?GetData@?$IDataObjectImpl@VCOPOSCheckScanner@@@ATL@@UAGJPAUtagFORMATETC@@PAUtagSTGMEDIUM@@@Z 10002f97 f i CheckScanner.obj
 0001:00001fba       ?DAdvise@?$IDataObjectImpl@VCOPOSCheckScanner@@@ATL@@UAGJPAUtagFORMATETC@@KPAUIAdviseSink@@PAK@Z 10002fba f i CheckScanner.obj
 0001:00001ffb       ?DUnadvise@?$IDataObjectImpl@VCOPOSCheckScanner@@@ATL@@UAGJK@Z 10002ffb f i CheckScanner.obj
 0001:00002029       ?EnumDAdvise@?$IDataObjectImpl@VCOPOSCheckScanner@@@ATL@@UAGJPAPAUIEnumSTATDATA@@@Z 10003029 f i CheckScanner.obj
 0001:00002068       ?GetClassInfoW@?$IProvideClassInfo2Impl@$1?CLSID_OPOSCheckScanner@@3U_GUID@@B$1?DIID__IOPOSCheckScannerEvents@@3U2@B$1?LIBID_OposCheckScanner_CCO@@3U2@B$00$0A@VCComTypeInfoHolder@ATL@@@ATL@@UAGJPAPAUITypeInfo@@@Z 10003068 f i CheckScanner.obj
 0001:0000207e       ?GetGUID@?$IProvideClassInfo2Impl@$1?CLSID_OPOSCheckScanner@@3U_GUID@@B$1?DIID__IOPOSCheckScannerEvents@@3U2@B$1?LIBID_OposCheckScanner_CCO@@3U2@B$00$0A@VCComTypeInfoHolder@ATL@@@ATL@@UAGJKPAU_GUID@@@Z 1000307e f i CheckScanner.obj
 0001:000020bc       __get_startup_argv_mode    100030bc f i LIBCMT:argv_mode.obj
 0001:000020bc       ?FAccessAllowed@?$IObjectSafetyImpl@VCOPOSCheckScanner@@$02@ATL@@MAEHXZ 100030bc f i CheckScanner.obj
 0001:000020c0       ?GetInterfaceSafetyOptions@?$IObjectSafetyImpl@VCOPOSCheckScanner@@$02@ATL@@UAGJABU_GUID@@PAK1@Z 100030c0 f i CheckScanner.obj
 0001:00002134       ?SetInterfaceSafetyOptions@?$IObjectSafetyImpl@VCOPOSCheckScanner@@$02@ATL@@UAGJABU_GUID@@KK@Z 10003134 f i CheckScanner.obj
 0001:000021ae       ?_LocCPQueryInterface@?$IConnectionPointImpl@VCOPOSCheckScanner@@$1?DIID__IOPOSCheckScannerEvents@@3U_GUID@@BVCComDynamicUnkArray@ATL@@@ATL@@UAGJABU_GUID@@PAPAX@Z 100031ae f i CheckScanner.obj
 0001:000021ae       ?_LocCPQueryInterface@?$IConnectionPointImpl@VCOPOSCheckScanner@@$1?IID_IPropertyNotifySink@@3U_GUID@@BVCComDynamicUnkArray@ATL@@@ATL@@UAGJABU_GUID@@PAPAX@Z 100031ae f i CheckScanner.obj
 0001:000021fb       ?GetConnectionInterface@?$IConnectionPointImpl@VCOPOSCheckScanner@@$1?IID_IPropertyNotifySink@@3U_GUID@@BVCComDynamicUnkArray@ATL@@@ATL@@UAGJPAU_GUID@@@Z 100031fb f i CheckScanner.obj
 0001:0000221f       ?GetConnectionPointContainer@?$IConnectionPointImpl@VCOPOSCheckScanner@@$1?IID_IPropertyNotifySink@@3U_GUID@@BVCComDynamicUnkArray@ATL@@@ATL@@UAGJPAPAUIConnectionPointContainer@@@Z 1000321f f i CheckScanner.obj
 0001:00002242       ?Advise@?$IConnectionPointImpl@VCOPOSCheckScanner@@$1?DIID__IOPOSCheckScannerEvents@@3U_GUID@@BVCComDynamicUnkArray@ATL@@@ATL@@UAGJPAUIUnknown@@PAK@Z 10003242 f i CheckScanner.obj
 0001:00002242       ?Advise@?$IConnectionPointImpl@VCOPOSCheckScanner@@$1?IID_IPropertyNotifySink@@3U_GUID@@BVCComDynamicUnkArray@ATL@@@ATL@@UAGJPAUIUnknown@@PAK@Z 10003242 f i CheckScanner.obj
 0001:000022e3       ?Unadvise@?$IConnectionPointImpl@VCOPOSCheckScanner@@$1?DIID__IOPOSCheckScannerEvents@@3U_GUID@@BVCComDynamicUnkArray@ATL@@@ATL@@UAGJK@Z 100032e3 f i CheckScanner.obj
 0001:000022e3       ?Unadvise@?$IConnectionPointImpl@VCOPOSCheckScanner@@$1?IID_IPropertyNotifySink@@3U_GUID@@BVCComDynamicUnkArray@ATL@@@ATL@@UAGJK@Z 100032e3 f i CheckScanner.obj
 0001:00002323       ?EnumConnections@?$IConnectionPointImpl@VCOPOSCheckScanner@@$1?IID_IPropertyNotifySink@@3U_GUID@@BVCComDynamicUnkArray@ATL@@@ATL@@UAGJPAPAUIEnumConnections@@@Z 10003323 f i CheckScanner.obj
 0001:00002323       ?EnumConnections@?$IConnectionPointImpl@VCOPOSCheckScanner@@$1?DIID__IOPOSCheckScannerEvents@@3U_GUID@@BVCComDynamicUnkArray@ATL@@@ATL@@UAGJPAPAUIEnumConnections@@@Z 10003323 f i CheckScanner.obj
 0001:00002429       ?AddRef@CRegObject@ATL@@UAGKXZ 10003429 f i CheckScanner.obj
 0001:0000242f       ?AddReplacement@CRegObject@ATL@@UAGJPB_W0@Z 1000342f f i CheckScanner.obj
 0001:00002468       ?ClearReplacements@CRegObject@ATL@@UAGJXZ 10003468 f i CheckScanner.obj
 0001:0000247a       ?GetConnectionInterface@?$IConnectionPointImpl@VCOPOSCheckScanner@@$1?DIID__IOPOSCheckScannerEvents@@3U_GUID@@BVCComDynamicUnkArray@ATL@@@ATL@@UAGJPAU_GUID@@@Z 1000347a f i CheckScanner.obj
 0001:0000249e       ?GetConnectionPointContainer@?$IConnectionPointImpl@VCOPOSCheckScanner@@$1?DIID__IOPOSCheckScannerEvents@@3U_GUID@@BVCComDynamicUnkArray@ATL@@@ATL@@UAGJPAPAUIConnectionPointContainer@@@Z 1000349e f i CheckScanner.obj
 0001:000024c1       ??_GCRegObject@ATL@@UAEPAXI@Z 100034c1 f i CheckScanner.obj
 0001:000024c1       ??_ECRegObject@ATL@@UAEPAXI@Z 100034c1 f i CheckScanner.obj
 0001:000024e3       ?UpdateRegistry@COPOSCheckScanner@@SGJH@Z 100034e3 f i CheckScanner.obj
 0001:000024fb       ?ProcessWindowMessage@COPOSCheckScanner@@UAEHPAUHWND__@@IIJAAJK@Z 100034fb f i CheckScanner.obj
 0001:00002544       ?SOData@COPOSCheckScanner@@MAGJJ@Z 10003544 f i CheckScanner.obj
 0001:0000257d       ?SODirectIO@COPOSCheckScanner@@MAGJJPAJPAPA_W@Z 1000357d f i CheckScanner.obj
 0001:000025c6       ?SOError@COPOSCheckScanner@@MAGJJJJPAJ@Z 100035c6 f i CheckScanner.obj
 0001:0000261b       ?SOStatusUpdate@COPOSCheckScanner@@MAGJJ@Z 1000361b f i CheckScanner.obj
 0001:00002654       ?CreateInstance@?$CComCreator@V?$CComObjectCached@VCComClassFactory@ATL@@@ATL@@@ATL@@SGJPAXABU_GUID@@PAPAX@Z 10003654 f i CheckScanner.obj
 0001:000026e7       ?CreateInstance@?$CComCreator2@V?$CComCreator@V?$CComObject@VCOPOSCheckScanner@@@ATL@@@ATL@@V?$CComCreator@V?$CComAggObject@VCOPOSCheckScanner@@@ATL@@@2@@ATL@@SGJPAXABU_GUID@@PAPAX@Z 100036e7 f i CheckScanner.obj
 0001:00002707       ?Next@?$CComEnumImpl@UIEnumConnectionPoints@@$1?_GUID_b196b285_bab4_101a_b69c_00aa00341d07@@3U__s_GUID@@BPAUIConnectionPoint@@V?$_CopyInterface@UIConnectionPoint@@@ATL@@@ATL@@UAGJKPAPAUIConnectionPoint@@PAK@Z 10003707 f i CheckScanner.obj
 0001:000027de       ?Skip@?$CComEnumImpl@UIEnumConnectionPoints@@$1?_GUID_b196b285_bab4_101a_b69c_00aa00341d07@@3U__s_GUID@@BPAUIConnectionPoint@@V?$_CopyInterface@UIConnectionPoint@@@ATL@@@ATL@@UAGJK@Z 100037de f i CheckScanner.obj
 0001:0000280b       ?Clone@?$CComEnumImpl@UIEnumConnectionPoints@@$1?_GUID_b196b285_bab4_101a_b69c_00aa00341d07@@3U__s_GUID@@BPAUIConnectionPoint@@V?$_CopyInterface@UIConnectionPoint@@@ATL@@@ATL@@UAGJPAPAUIEnumConnectionPoints@@@Z 1000380b f i CheckScanner.obj
 0001:000028ea       ?QueryInterface@?$CComObject@V?$CComEnum@UIEnumConnectionPoints@@$1?_GUID_b196b285_bab4_101a_b69c_00aa00341d07@@3U__s_GUID@@BPAUIConnectionPoint@@V?$_CopyInterface@UIConnectionPoint@@@ATL@@VCComSingleThreadModel@6@@ATL@@@ATL@@UAGJABU_GUID@@PAPAX@Z 100038ea f i CheckScanner.obj
 0001:00002904       ??_E?$CComObject@V?$CComEnum@UIEnumConnectionPoints@@$1?_GUID_b196b285_bab4_101a_b69c_00aa00341d07@@3U__s_GUID@@BPAUIConnectionPoint@@V?$_CopyInterface@UIConnectionPoint@@@ATL@@VCComSingleThreadModel@6@@ATL@@@ATL@@UAEPAXI@Z 10003904 f i CheckScanner.obj
 0001:00002904       ??_G?$CComObject@V?$CComEnum@UIEnumConnectionPoints@@$1?_GUID_b196b285_bab4_101a_b69c_00aa00341d07@@3U__s_GUID@@BPAUIConnectionPoint@@V?$_CopyInterface@UIConnectionPoint@@@ATL@@VCComSingleThreadModel@6@@ATL@@@ATL@@UAEPAXI@Z 10003904 f i CheckScanner.obj
 0001:00002926       ??$?4UITypeInfo2@@@?$CComPtr@UITypeInfo@@@ATL@@QAEPAUITypeInfo@@ABV?$CComPtr@UITypeInfo2@@@1@@Z 10003926 f i CheckScanner.obj
 0001:00002953       ??$AtlAdd@K@ATL@@YAJPAKKK@Z 10003953 f i CheckScanner.obj
 0001:00002976       ??$AtlAdd@_K@ATL@@YAJPA_K_K1@Z 10003976 f i CheckScanner.obj
 0001:000029ae       ??$AtlAddThrow@K@ATL@@YAKKK@Z 100039ae f i CheckScanner.obj
 0001:000029d4       ??$AtlModuleRegisterWndClassInfoT@VAtlModuleRegisterWndClassInfoParamW@ATL@@@ATL@@YAGPAU_ATL_BASE_MODULE70@0@PAU_ATL_WIN_MODULE70@0@PAU_ATL_WNDCLASSINFOW@0@PAP6GJPAUHWND__@@IIJ@ZVAtlModuleRegisterWndClassInfoParamW@0@@Z 100039d4 f i CheckScanner.obj
 0001:00002b22       ??$AtlMultiply@H@ATL@@YAJPAHHH@Z 10003b22 f i CheckScanner.obj
 0001:00002b5a       ??$AtlMultiply@K@ATL@@YAJPAKKK@Z 10003b5a f i CheckScanner.obj
 0001:00002b5a       ??$AtlMultiply@I@ATL@@YAJPAIII@Z 10003b5a f i CheckScanner.obj
 0001:00002b7c       ??$AtlMultiplyThrow@I@ATL@@YAIII@Z 10003b7c f i CheckScanner.obj
 0001:00002ba2       ??0?$CComAggObject@VCOPOSCheckScanner@@@ATL@@QAE@PAX@Z 10003ba2 f i CheckScanner.obj
 0001:00002bcf       ??0?$CComContainedObject@VCOPOSCheckScanner@@@ATL@@QAE@PAX@Z 10003bcf f i CheckScanner.obj
 0001:00002c88       ??0?$CComObject@V?$CComEnum@UIEnumConnectionPoints@@$1?_GUID_b196b285_bab4_101a_b69c_00aa00341d07@@3U__s_GUID@@BPAUIConnectionPoint@@V?$_CopyInterface@UIConnectionPoint@@@ATL@@VCComSingleThreadModel@6@@ATL@@@ATL@@QAE@PAX@Z 10003c88 f i CheckScanner.obj
 0001:00002cb6       ??0?$CComObject@V?$CComEnum@UIEnumConnections@@$1?_GUID_b196b287_bab4_101a_b69c_00aa00341d07@@3U__s_GUID@@BUtagCONNECTDATA@@V?$_Copy@UtagCONNECTDATA@@@ATL@@VCComSingleThreadModel@6@@ATL@@@ATL@@QAE@PAX@Z 10003cb6 f i CheckScanner.obj
 0001:00002ce4       ??0?$CComObject@VCOPOSCheckScanner@@@ATL@@QAE@PAX@Z 10003ce4 f i CheckScanner.obj
 0001:00002d9b       ??0?$CComQIPtr@UIOleControlSite@@$1?_GUID_b196b289_bab4_101a_b69c_00aa00341d07@@3U__s_GUID@@B@ATL@@QAE@PAUIUnknown@@@Z 10003d9b f i CheckScanner.obj
 0001:00002dc4       ??0CAtlModule@ATL@@QAE@XZ  10003dc4 f i CheckScanner.obj
 0001:00002e05       ??0CParseBuffer@CRegParser@ATL@@QAE@H@Z 10003e05 f i CheckScanner.obj
 0001:00002e3b       ??0_ATL_MSG@ATL@@QAE@PAUHWND__@@IIJH@Z 10003e3b f i CheckScanner.obj
 0001:00002e73       ??1?$CComAggObject@VCOPOSCheckScanner@@@ATL@@UAE@XZ 10003e73 f i CheckScanner.obj
 0001:00002e97       ??1?$CComEnumImpl@UIEnumConnectionPoints@@$1?_GUID_b196b285_bab4_101a_b69c_00aa00341d07@@3U__s_GUID@@BPAUIConnectionPoint@@V?$_CopyInterface@UIConnectionPoint@@@ATL@@@ATL@@UAE@XZ 10003e97 f i CheckScanner.obj
 0001:00002ed7       ??1?$CComEnumImpl@UIEnumConnections@@$1?_GUID_b196b287_bab4_101a_b69c_00aa00341d07@@3U__s_GUID@@BUtagCONNECTDATA@@V?$_Copy@UtagCONNECTDATA@@@ATL@@@ATL@@UAE@XZ 10003ed7 f i CheckScanner.obj
 0001:00002f17       ??1?$CComObject@V?$CComEnum@UIEnumConnectionPoints@@$1?_GUID_b196b285_bab4_101a_b69c_00aa00341d07@@3U__s_GUID@@BPAUIConnectionPoint@@V?$_CopyInterface@UIConnectionPoint@@@ATL@@VCComSingleThreadModel@6@@ATL@@@ATL@@UAE@XZ 10003f17 f i CheckScanner.obj
 0001:00002f3a       ??1?$CComObject@V?$CComEnum@UIEnumConnections@@$1?_GUID_b196b287_bab4_101a_b69c_00aa00341d07@@3U__s_GUID@@BUtagCONNECTDATA@@V?$_Copy@UtagCONNECTDATA@@@ATL@@VCComSingleThreadModel@6@@ATL@@@ATL@@UAE@XZ 10003f3a f i CheckScanner.obj
 0001:00002f5d       ??1?$CComObject@VCOPOSCheckScanner@@@ATL@@UAE@XZ 10003f5d f i CheckScanner.obj
 0001:0000301b       ??1?$CComObjectCached@VCComClassFactory@ATL@@@ATL@@UAE@XZ 1000401b f i CheckScanner.obj
 0001:00003031       ??1?$CComObjectRootEx@VCComMultiThreadModel@ATL@@@ATL@@QAE@XZ 10004031 f i CheckScanner.obj
 0001:00003046       ??1CRegObject@ATL@@UAE@XZ  10004046 f i CheckScanner.obj
 0001:00003066       ??4?$CComPtr@UIOleClientSite@@@ATL@@QAEPAUIOleClientSite@@PAU2@@Z 10004066 f i CheckScanner.obj
 0001:00003066       ??4?$CComPtr@UIUnknown@@@ATL@@QAEPAUIUnknown@@PAU2@@Z 10004066 f i CheckScanner.obj
 0001:00003066       ??4?$CComPtr@UIAdviseSink@@@ATL@@QAEPAUIAdviseSink@@PAU2@@Z 10004066 f i CheckScanner.obj
 0001:0000309a       ??4?$CComQIPtr@UIOleObject@@$1?_GUID_00000112_0000_0000_c000_000000000046@@3U__s_GUID@@B@ATL@@QAEPAUIOleObject@@PAUIUnknown@@@Z 1000409a f i CheckScanner.obj
 0001:000030bf       ??4?$CComQIPtr@UISpecifyPropertyPages@@$1?_GUID_b196b28b_bab4_101a_b69c_00aa00341d07@@3U__s_GUID@@B@ATL@@QAEPAUISpecifyPropertyPages@@PAUIUnknown@@@Z 100040bf f i CheckScanner.obj
 0001:000030e4       ??_E?$CComContainedObject@VCOPOSCheckScanner@@@ATL@@UAEPAXI@Z 100040e4 f i CheckScanner.obj
 0001:000030e4       ??_G?$CComContainedObject@VCOPOSCheckScanner@@@ATL@@UAEPAXI@Z 100040e4 f i CheckScanner.obj
 0001:00003109       ??_E?$CComObject@VCOPOSCheckScanner@@@ATL@@UAEPAXI@Z 10004109 f i CheckScanner.obj
 0001:00003109       ??_G?$CComObject@VCOPOSCheckScanner@@@ATL@@UAEPAXI@Z 10004109 f i CheckScanner.obj
 0001:0000312e       ?Add@?$CSimpleArray@GV?$CSimpleArrayEqualHelper@G@ATL@@@ATL@@QAEHABG@Z 1000412e f i CheckScanner.obj
 0001:000031b2       ?Add@?$CSimpleMap@PA_WPA_WVCExpansionVectorEqualHelper@ATL@@@ATL@@QAEHABQA_W0@Z 100041b2 f i CheckScanner.obj
 0001:00003207       ?Add@CComDynamicUnkArray@ATL@@QAEKPAUIUnknown@@@Z 10004207 f i CheckScanner.obj
 0001:000032c2       ?Add@CExpansionVector@ATL@@QAEHPB_W0@Z 100042c2 f i CheckScanner.obj
 0001:000033c6       ?AddString@CParseBuffer@CRegParser@ATL@@QAEHPB_W@Z 100043c6 f i CheckScanner.obj
 0001:000033fb       ?AddValue@CRegParser@ATL@@IAEJAAVCRegKey@2@PB_WPA_W@Z 100043fb f i CheckScanner.obj
 0001:0000371c       ?Allocate@?$CAtlSafeAllocBufferManager@VCCRTAllocator@ATL@@@_ATL_SAFE_ALLOCA_IMPL@ATL@@QAEPAXK@Z 1000471c f i CheckScanner.obj
 0001:00003749       ?Allocate@?$CTempBuffer@E$0BAA@VCCRTAllocator@ATL@@@ATL@@QAEPAEI@Z 10004749 f i CheckScanner.obj
 0001:00003778       ?Allocate@?$CTempBuffer@_W$0BAA@VCCRTAllocator@ATL@@@ATL@@QAEPA_WI@Z 10004778 f i CheckScanner.obj
 0001:000037a7       ?Allocate@?$CTempBuffer@_W$0EAA@VCCRTAllocator@ATL@@@ATL@@QAEPA_WI@Z 100047a7 f i CheckScanner.obj
 0001:000037d6       ?AllocateHeap@?$CTempBuffer@_W$0EAA@VCCRTAllocator@ATL@@@ATL@@AAEXI@Z 100047d6 f i CheckScanner.obj
 0001:000037d6       ?AllocateHeap@?$CTempBuffer@_W$0BAA@VCCRTAllocator@ATL@@@ATL@@AAEXI@Z 100047d6 f i CheckScanner.obj
 0001:000037d6       ?AllocateHeap@?$CTempBuffer@E$0BAA@VCCRTAllocator@ATL@@@ATL@@AAEXI@Z 100047d6 f i CheckScanner.obj
 0001:000037fb       ?Append@CParseBuffer@CRegParser@ATL@@QAEHPB_WH@Z 100047fb f i CheckScanner.obj
 0001:00003889       ?AtlCallTermFunc@ATL@@YGXPAU_ATL_MODULE70@1@@Z 10004889 f i CheckScanner.obj
 0001:000038cd       ?AtlCoTaskMemCAlloc@ATL@@YAPAXKK@Z 100048cd f i CheckScanner.obj
 0001:000038fa       ?AtlCoTaskMemRecalloc@ATL@@YAPAXPAXKK@Z 100048fa f i CheckScanner.obj
 0001:0000392a       ?AtlComModuleGetClassObject@ATL@@YGJPAU_ATL_COM_MODULE70@1@ABU_GUID@@1PAPAX@Z 1000492a f i CheckScanner.obj
 0001:00003a1d       ?AtlComModuleRegisterServer@ATL@@YGJPAU_ATL_COM_MODULE70@1@HPBU_GUID@@@Z 10004a1d f i CheckScanner.obj
 0001:00003aa5       ?AtlComModuleUnregisterServer@ATL@@YGJPAU_ATL_COM_MODULE70@1@HPBU_GUID@@@Z 10004aa5 f i CheckScanner.obj
 0001:00003b2d       ?AtlComQIPtrAssign2@ATL@@YAXPAPAUIUnknown@@PAU2@ABU_GUID@@@Z 10004b2d f i CheckScanner.obj
 0001:00003b5c       ?AtlCreateTargetDC@ATL@@YGPAUHDC__@@PAU2@PAUtagDVTARGETDEVICE@@@Z 10004b5c f i CheckScanner.obj
 0001:00003bc5       ?AtlCrtErrorCheck@ATL@@YAHH@Z 10004bc5 f i CheckScanner.obj
 0001:00003c00       ?AtlHiMetricToPixel@ATL@@YGXPBUtagSIZE@@PAU2@@Z 10004c00 f i CheckScanner.obj
 0001:00003c75       ?AtlHresultFromLastError@ATL@@YAJXZ 10004c75 f i CheckScanner.obj
 0001:00003c8c       ?AtlHresultFromWin32@ATL@@YAJK@Z 10004c8c f i CheckScanner.obj
 0001:00003ca1       ?AtlIPersistStreamInit_Load@ATL@@YGJPAUIStream@@PBUATL_PROPMAP_ENTRY@1@PAXPAUIUnknown@@@Z 10004ca1 f i CheckScanner.obj
 0001:00003e81       ?AtlIPersistStreamInit_Save@ATL@@YGJPAUIStream@@HPBUATL_PROPMAP_ENTRY@1@PAXPAUIUnknown@@@Z 10004e81 f i CheckScanner.obj
 0001:00004019       ?AtlInternalOleLoadFromStream@ATL@@YAJPAUIStream@@ABU_GUID@@PAPAXTClassesAllowedInStream@1@K@Z 10005019 f i CheckScanner.obj
 0001:0000413f       ?AtlInternalQueryInterface@ATL@@YGJPAXPBU_ATL_INTMAP_ENTRY@1@ABU_GUID@@PAPAX@Z 1000513f f i CheckScanner.obj
 0001:000041e2       ?AtlLoadTypeLib@ATL@@YGJPAUHINSTANCE__@@PB_WPAPA_WPAPAUITypeLib@@@Z 100051e2 f i CheckScanner.obj
 0001:000043c0       ?AtlModuleAddTermFunc@ATL@@YGJPAU_ATL_MODULE70@1@P6GXK@ZK@Z 100053c0 f i CheckScanner.obj
 0001:0000441d       ?AtlRegisterClassCategoriesHelper@ATL@@YGJABU_GUID@@PBU_ATL_CATMAP_ENTRY@1@H@Z 1000541d f i CheckScanner.obj
 0001:000046fd       ?AtlRegisterTypeLib@ATL@@YGJPAUHINSTANCE__@@PB_W@Z 100056fd f i CheckScanner.obj
 0001:00004885       ?AtlThrowImpl@ATL@@YGXJ@Z  10005885 f i CheckScanner.obj
 0001:000048a3       ?AtlUnRegisterTypeLib@ATL@@YGJPAUHINSTANCE__@@PB_W@Z 100058a3 f i CheckScanner.obj
 0001:0000494e       ?AtlWinModuleAddCreateWndData@ATL@@YGXPAU_ATL_WIN_MODULE70@1@PAU_AtlCreateWndData@1@PAX@Z 1000594e f i CheckScanner.obj
 0001:000049a2       ?AtlWinModuleExtractCreateWndData@ATL@@YGPAXPAU_ATL_WIN_MODULE70@1@@Z 100059a2 f i CheckScanner.obj
 0001:00004a05       ?AtlWinModuleRegisterClassExW@ATL@@YGGPAU_ATL_WIN_MODULE70@1@PBUtagWNDCLASSEXW@@@Z 10005a05 f i CheckScanner.obj
 0001:00004a44       ?CanForceRemoveKey@CRegParser@ATL@@IAEHPB_W@Z 10005a44 f i CheckScanner.obj
 0001:00004a73       ?ChToByte@CRegParser@ATL@@KAE_W@Z 10005a73 f i CheckScanner.obj
 0001:00004aa6       ?Cleanup@CComTypeInfoHolder@ATL@@SGXK@Z 10005aa6 f i CheckScanner.obj
 0001:00004ad9       ?ClearReplacements@CExpansionVector@ATL@@QAEJXZ 10005ad9 f i CheckScanner.obj
 0001:00004b16       ?Close@CRegKey@ATL@@QAEJXZ 10005b16 f i CheckScanner.obj
 0001:00004b30       ?CreateInstance@?$CComCreator@V?$CComAggObject@VCOPOSCheckScanner@@@ATL@@@ATL@@SGJPAXABU_GUID@@PAPAX@Z 10005b30 f i CheckScanner.obj
 0001:00004ba6       ?CreateInstance@?$CComCreator@V?$CComObject@VCOPOSCheckScanner@@@ATL@@@ATL@@SGJPAXABU_GUID@@PAPAX@Z 10005ba6 f i CheckScanner.obj
 0001:00004c27       ?CreateInstance@?$CComObject@V?$CComEnum@UIEnumConnectionPoints@@$1?_GUID_b196b285_bab4_101a_b69c_00aa00341d07@@3U__s_GUID@@BPAUIConnectionPoint@@V?$_CopyInterface@UIConnectionPoint@@@ATL@@VCComSingleThreadModel@6@@ATL@@@ATL@@SGJPAPAV12@@Z 10005c27 f i CheckScanner.obj
 0001:00004c6e       ?CreateInstance@?$CComObject@V?$CComEnum@UIEnumConnections@@$1?_GUID_b196b287_bab4_101a_b69c_00aa00341d07@@3U__s_GUID@@BUtagCONNECTDATA@@V?$_Copy@UtagCONNECTDATA@@@ATL@@VCComSingleThreadModel@6@@ATL@@@ATL@@SGJPAPAV12@@Z 10005c6e f i CheckScanner.obj
 0001:00004cb5       ?DefaultReflectionHandler@?$CWindowImplRoot@VCWindow@ATL@@@ATL@@SAHPAUHWND__@@IIJAAJ@Z 10005cb5 f i CheckScanner.obj
 0001:00004d28       ?DeleteSubKey@CRegKey@ATL@@QAEJPB_W@Z 10005d28 f i CheckScanner.obj
 0001:00004da1       ?DoEvent@COPOSCheckScanner@@IAEXIIJ@Z 10005da1 f i CheckScanner.obj
 0001:00004e21       ?DoVerbHide@?$IOleObjectImpl@VCOPOSCheckScanner@@@ATL@@QAEJPBUtagRECT@@PAUHWND__@@@Z 10005e21 f i CheckScanner.obj
 0001:00004e57       ?DoVerbInPlaceActivate@?$IOleObjectImpl@VCOPOSCheckScanner@@@ATL@@QAEJPBUtagRECT@@PAUHWND__@@@Z 10005e57 f i CheckScanner.obj
 0001:00004e8a       ?DoVerbPrimary@?$IOleObjectImpl@VCOPOSCheckScanner@@@ATL@@QAEJPBUtagRECT@@PAUHWND__@@@Z 10005e8a f i CheckScanner.obj
 0001:00004f16       ?DoVerbProperties@CComControlBase@ATL@@QAEJPBUtagRECT@@PAUHWND__@@@Z 10005f16 f i CheckScanner.obj
 0001:0000503d       ?DoVerbShow@?$IOleObjectImpl@VCOPOSCheckScanner@@@ATL@@QAEJPBUtagRECT@@PAUHWND__@@@Z 1000603d f i CheckScanner.obj
 0001:00005062       ?DoVerbUIActivate@?$IOleObjectImpl@VCOPOSCheckScanner@@@ATL@@QAEJPBUtagRECT@@PAUHWND__@@@Z 10006062 f i CheckScanner.obj
 0001:0000509f       ?DoesVerbActivate@CComControlBase@ATL@@QAEHJ@Z 1000609f f i CheckScanner.obj
 0001:000050c0       ?DoesVerbUIActivate@CComControlBase@ATL@@QAEHJ@Z 100060c0 f i CheckScanner.obj
 0001:000050f5       ?EndOfVar@CRegParser@ATL@@IAEHXZ 100060f5 f i CheckScanner.obj
 0001:00005115       ?EscapeSingleQuote@CAtlModule@ATL@@SAXPA_WIPB_W@Z 10006115 f i CheckScanner.obj
 0001:00005164       ?FindKey@?$CSimpleMap@PA_WPA_WVCExpansionVectorEqualHelper@ATL@@@ATL@@QBEHABQA_W@Z 10006164 f i CheckScanner.obj
 0001:0000519b       ?FireTheEvent@?$CProxy_IOPOSEvents@VCOPOSCheckScanner@@@@IAEXPAVOposVariant@@IAAJPB_WJ@Z 1000619b f i CheckScanner.obj
 0001:0000522d       ?FireViewChange@CComControlBase@ATL@@QAEJXZ 1000622d f i CheckScanner.obj
 0001:00005276       ?Fire_DataEvent@?$CProxy_IOPOSEvents@VCOPOSCheckScanner@@@@QAEXJ@Z 10006276 f i CheckScanner.obj
 0001:00005302       ?Fire_DirectIOEvent@?$CProxy_IOPOSEvents@VCOPOSCheckScanner@@@@QAEXJPAJPAPA_W@Z 10006302 f i CheckScanner.obj
 0001:000053e8       ?Fire_ErrorEvent@?$CProxy_IOPOSEvents@VCOPOSCheckScanner@@@@QAEXJJJPAJ@Z 100063e8 f i CheckScanner.obj
 0001:000054cf       ?Fire_StatusUpdateEvent@?$CProxy_IOPOSEvents@VCOPOSCheckScanner@@@@QAEXJ@Z 100064cf f i CheckScanner.obj
 0001:0000555b       ?FreeHeap@?$CTempBuffer@E$0BAA@VCCRTAllocator@ATL@@@ATL@@AAEXXZ 1000655b f i CheckScanner.obj
 0001:0000555b       ?FreeHeap@?$CTempBuffer@_W$0BAA@VCCRTAllocator@ATL@@@ATL@@AAEXXZ 1000655b f i CheckScanner.obj
 0001:0000555b       ?FreeHeap@?$CTempBuffer@_W$0EAA@VCCRTAllocator@ATL@@@ATL@@AAEXXZ 1000655b f i CheckScanner.obj
 0001:00005564       ?GetAmbientLocaleID@CComControlBase@ATL@@QAEJAAK@Z 10006564 f i CheckScanner.obj
 0001:000055c0       ?GetAmbientUserMode@CComControlBase@ATL@@QAEJAAH@Z 100065c0 f i CheckScanner.obj
 0001:00005630       ?GetAt@CComDynamicUnkArray@ATL@@QAEPAUIUnknown@@H@Z 10006630 f i CheckScanner.obj
 0001:0000564c       ?GetClassObject@CComModule@ATL@@QAEJABU_GUID@@0PAPAX@Z 1000664c f i CheckScanner.obj
 0001:000056ee       ?GetConnMap@COPOSCheckScanner@@SAPBU_ATL_CONNMAP_ENTRY@ATL@@PAH@Z 100066ee f i CheckScanner.obj
 0001:0000575e       ?GetCookie@CComDynamicUnkArray@ATL@@QAGKPAPAUIUnknown@@@Z 1000675e f i CheckScanner.obj
 0001:00005796       ?GetIDsOfNames@CComTypeInfoHolder@ATL@@QAEJABU_GUID@@PAPA_WIKPAJ@Z 10006796 f i CheckScanner.obj
 0001:000058a4       ?GetKeyAt@?$CSimpleMap@PA_WPA_WVCExpansionVectorEqualHelper@ATL@@@ATL@@QBEAAPA_WH@Z 100068a4 f i CheckScanner.obj
 0001:000058c9       ?GetPagesHelper@?$ISpecifyPropertyPagesImpl@VCOPOSCheckScanner@@@ATL@@IAEJPAUtagCAUUID@@PBUATL_PROPMAP_ENTRY@2@@Z 100068c9 f i CheckScanner.obj
 0001:000059f0       ?GetProperty@?$CComPtr@UIDispatch@@@ATL@@SAJPAUIDispatch@@JPAUtagVARIANT@@@Z 100069f0 f i CheckScanner.obj
 0001:00005a3f       ?GetSizeMax@CComVariant@ATL@@QBEJPAT_ULARGE_INTEGER@@@Z 10006a3f f i CheckScanner.obj
 0001:00005bf9       ?GetStreamSize@CComBSTR@ATL@@SAKPA_W@Z 10006bf9 f i CheckScanner.obj
 0001:00005c13       ?GetTI@CComTypeInfoHolder@ATL@@QAEJK@Z 10006c13 f i CheckScanner.obj
 0001:00005dfc       ?GetTI@CComTypeInfoHolder@ATL@@QAEJKPAPAUITypeInfo@@@Z 10006dfc f i CheckScanner.obj
 0001:00005e3e       ?GetUnknown@CComDynamicUnkArray@ATL@@QAGPAUIUnknown@@K@Z 10006e3e f i CheckScanner.obj
 0001:00005e5f       ?GetValueAt@?$CSimpleMap@PA_WPA_WVCExpansionVectorEqualHelper@ATL@@@ATL@@QBEAAPA_WH@Z 10006e5f f i CheckScanner.obj
 0001:00005e85       ?GetZoomInfo@CComControlBase@ATL@@QAEXAAUATL_DRAWINFO@@@Z 10006e85 f i CheckScanner.obj
 0001:00005f18       ?HKeyFromString@CRegParser@ATL@@KAPAUHKEY__@@PA_W@Z 10006f18 f i CheckScanner.obj
 0001:00005f46       ?HasSubKeys@CRegParser@ATL@@IAEHPAUHKEY__@@@Z 10006f46 f i CheckScanner.obj
 0001:00005f7b       ?IDataObject_GetData@CComControlBase@ATL@@QAEJPAUtagFORMATETC@@PAUtagSTGMEDIUM@@@Z 10006f7b f i CheckScanner.obj
 0001:00006121       ?IOleInPlaceObject_InPlaceDeactivate@CComControlBase@ATL@@QAEJXZ 10007121 f i CheckScanner.obj
 0001:000061a8       ?IOleInPlaceObject_SetObjectRects@CComControlBase@ATL@@QAEJPBUtagRECT@@0@Z 100071a8 f i CheckScanner.obj
 0001:00006275       ?IOleInPlaceObject_UIDeactivate@CComControlBase@ATL@@QAEJXZ 10007275 f i CheckScanner.obj
 0001:00006337       ?IOleObject_Advise@CComControlBase@ATL@@QAEJPAUIAdviseSink@@PAK@Z 10007337 f i CheckScanner.obj
 0001:00006361       ?IOleObject_Close@CComControlBase@ATL@@QAEJK@Z 10007361 f i CheckScanner.obj
 0001:00006445       ?IOleObject_GetClientSite@CComControlBase@ATL@@QAEJPAPAUIOleClientSite@@@Z 10007445 f i CheckScanner.obj
 0001:0000646e       ?IOleObject_SetClientSite@CComControlBase@ATL@@QAEJPAUIOleClientSite@@@Z 1000746e f i CheckScanner.obj
 0001:000064ad       ?IOleObject_SetExtent@CComControlBase@ATL@@QAEJKPAUtagSIZE@@@Z 100074ad f i CheckScanner.obj
 0001:00006561       ?IPSI_GetIPersistStreamInit@?$IPersistStorageImpl@VCOPOSCheckScanner@@@ATL@@AAEPAUIPersistStreamInit@@XZ 10007561 f i CheckScanner.obj
 0001:000065a3       ?IPersistStreamInit_Load@?$IPersistStreamInitImpl@VCOPOSCheckScanner@@@ATL@@QAEJPAUIStream@@PBUATL_PROPMAP_ENTRY@2@@Z 100075a3 f i CheckScanner.obj
 0001:000065cf       ?IPersistStreamInit_Save@?$IPersistStreamInitImpl@VCOPOSCheckScanner@@@ATL@@QAEJPAUIStream@@HPBUATL_PROPMAP_ENTRY@2@@Z 100075cf f i CheckScanner.obj
 0001:00006604       ?IQuickActivate_QuickActivate@CComControlBase@ATL@@QAEJPAUtagQACONTAINER@@PAUtagQACONTROL@@@Z 10007604 f i CheckScanner.obj
 0001:00006846       ?IViewObject_Draw@CComControlBase@ATL@@QAEJKJPAXPAUtagDVTARGETDEVICE@@PAUHDC__@@2PBU_RECTL@@3@Z 10007846 f i CheckScanner.obj
 0001:000068ee       ?InPlaceActivate@CComControlBase@ATL@@QAEJJPBUtagRECT@@@Z 100078ee f i CheckScanner.obj
 0001:00006b5f       ?Init@?$CComEnumImpl@UIEnumConnectionPoints@@$1?_GUID_b196b285_bab4_101a_b69c_00aa00341d07@@3U__s_GUID@@BPAUIConnectionPoint@@V?$_CopyInterface@UIConnectionPoint@@@ATL@@@ATL@@QAEJPAPAUIConnectionPoint@@0PAUIUnknown@@W4CComEnumFlags@2@@Z 10007b5f f i CheckScanner.obj
 0001:00006c3e       ?Init@?$CComEnumImpl@UIEnumConnections@@$1?_GUID_b196b287_bab4_101a_b69c_00aa00341d07@@3U__s_GUID@@BUtagCONNECTDATA@@V?$_Copy@UtagCONNECTDATA@@@ATL@@@ATL@@QAEJPAUtagCONNECTDATA@@0PAUIUnknown@@W4CComEnumFlags@2@@Z 10007c3e f i CheckScanner.obj
 0001:00006d1d       ?Init@CComModule@ATL@@QAEJPAU_ATL_OBJMAP_ENTRY30@2@PAUHINSTANCE__@@PBU_GUID@@@Z 10007d1d f i CheckScanner.obj
 0001:00006d7c       ?Init@CDynamicStdCallThunk2@ATL@@QAEHKPAX@Z 10007d7c f i CheckScanner.obj
 0001:00006da7       ?InlineIsEqualUnknown@ATL@@YGHABU_GUID@@@Z 10007da7 f i CheckScanner.obj
 0001:00006dcf       ?InternalGetSite@CComControlBase@ATL@@QAEJABU_GUID@@PAPAX@Z 10007dcf f i CheckScanner.obj
 0001:00006dfd       ?InternalSetAtIndex@?$CSimpleMap@PA_WPA_WVCExpansionVectorEqualHelper@ATL@@@ATL@@QAEXHABQA_W0@Z 10007dfd f i CheckScanner.obj
 0001:00006e27       ?Invoke@CComTypeInfoHolder@ATL@@QAEJPAUIDispatch@@JABU_GUID@@KGPAUtagDISPPARAMS@@PAUtagVARIANT@@PAUtagEXCEPINFO@@PAI@Z 10007e27 f i CheckScanner.obj
 0001:00006e6a       ?IsEqualObject@?$CComPtrBase@UITypeInfo@@@ATL@@QAE_NPAUIUnknown@@@Z 10007e6a f i CheckScanner.obj
 0001:00006e6a       ?IsEqualObject@?$CComPtrBase@UIOleClientSite@@@ATL@@QAE_NPAUIUnknown@@@Z 10007e6a f i CheckScanner.obj
 0001:00006ed7       ?IsSpace@CRegParser@ATL@@IAEH_W@Z 10007ed7 f i CheckScanner.obj
 0001:00006f01       ?LoadNameCache@CComTypeInfoHolder@ATL@@QAEJPAUITypeInfo@@@Z 10007f01 f i CheckScanner.obj
 0001:0000704f       ?Lookup@?$CSimpleMap@PA_WPA_WVCExpansionVectorEqualHelper@ATL@@@ATL@@QBEPA_WABQA_W@Z 1000804f f i CheckScanner.obj
 0001:00007075       ?NextToken@CRegParser@ATL@@IAEJPA_W@Z 10008075 f i CheckScanner.obj
 0001:000071ad       ?OnKillFocus@CComControlBase@ATL@@QAEJIIJAAH@Z 100081ad f i CheckScanner.obj
 0001:00007208       ?OnMouseActivate@CComControlBase@ATL@@QAEJIIJAAH@Z 10008208 f i CheckScanner.obj
 0001:00007276       ?OnPaint@CComControlBase@ATL@@QAEJIIJAAH@Z 10008276 f i CheckScanner.obj
 0001:00007328       ?OnSetFocus@CComControlBase@ATL@@QAEJIIJAAH@Z 10008328 f i CheckScanner.obj
 0001:000073b1       ?Open@CRegKey@ATL@@QAEJPAUHKEY__@@PB_WK@Z 100083b1 f i CheckScanner.obj
 0001:00007406       ?PreProcessBuffer@CRegParser@ATL@@QAEJPA_WPAPA_W@Z 10008406 f i CheckScanner.obj
 0001:00007670       ?ProcessWindowMessage@?$CComControl@VCOPOSCheckScanner@@V?$CWindowImpl@VCOPOSCheckScanner@@VCWindow@ATL@@V?$CWinTraits@$0FGAAAAAA@$0A@@3@@ATL@@@ATL@@UAEHPAUHWND__@@IIJAAJK@Z 10008670 f i CheckScanner.obj
 0001:0000770f       ?PutProperty@?$CComPtr@UIDispatch@@@ATL@@SAJPAUIDispatch@@JPAUtagVARIANT@@@Z 1000870f f i CheckScanner.obj
 0001:000077a1       ?ReadFromStream@CComBSTR@ATL@@QAEJPAUIStream@@@Z 100087a1 f i CheckScanner.obj
 0001:000078cf       ?ReadFromStream@CComVariant@ATL@@QAEJPAUIStream@@GTClassesAllowedInStream@2@K@Z 100088cf f i CheckScanner.obj
 0001:00007a55       ?RecurseDeleteKey@CRegKey@ATL@@QAEJPB_W@Z 10008a55 f i CheckScanner.obj
 0001:00007b17       ?RegCreateKeyExW@CAtlTransactionManager@ATL@@QAEJPAUHKEY__@@PB_WKPA_WKKQAU_SECURITY_ATTRIBUTES@@PAPAU3@PAK@Z 10008b17 f i CheckScanner.obj
 0001:00007b7a       ?RegDeleteKeyW@CAtlTransactionManager@ATL@@QAEJPAUHKEY__@@PB_W@Z 10008b7a f i CheckScanner.obj
 0001:00007bcc       ?RegOpenKeyExW@CAtlTransactionManager@ATL@@QAEJPAUHKEY__@@PB_WKKPAPAU3@@Z 10008bcc f i CheckScanner.obj
 0001:00007c23       ?Register@_ATL_WNDCLASSINFOW@ATL@@QAEGPAP6GJPAUHWND__@@IIJ@Z@Z 10008c23 f i CheckScanner.obj
 0001:00007c43       ?RegisterBuffer@CRegParser@ATL@@QAEJPA_WH@Z 10008c43 f i CheckScanner.obj
 0001:00007d7c       ?RegisterFromResource@CRegObject@ATL@@IAEJPB_W00H@Z 10008d7c f i CheckScanner.obj
 0001:00007eb2       ?RegisterServer@?$CAtlModuleT@VCComModule@ATL@@@ATL@@QAEJHPBU_GUID@@@Z 10008eb2 f i CheckScanner.obj
 0001:00007ee0       ?RegisterServer@CComModule@ATL@@QAEJHPBU_GUID@@@Z 10008ee0 f i CheckScanner.obj
 0001:00007f56       ?RegisterSubkeys@CRegParser@ATL@@IAEJPA_WPAUHKEY__@@HH@Z 10008f56 f i CheckScanner.obj
 0001:00008525       ?Remove@CComDynamicUnkArray@ATL@@QAEHK@Z 10009525 f i CheckScanner.obj
 0001:0000854e       ?RemoveAll@?$CSimpleMap@PA_WPA_WVCExpansionVectorEqualHelper@ATL@@@ATL@@QAEXXZ 1000954e f i CheckScanner.obj
 0001:0000857a       ?ResourceRegisterSz@CRegObject@ATL@@QAGJPB_W00@Z 1000957a f i CheckScanner.obj
 0001:000085a7       ?ResourceUnregisterSz@CRegObject@ATL@@QAGJPB_W00@Z 100095a7 f i CheckScanner.obj
 0001:000085d4       ?SendOnDataChange@CComControlBase@ATL@@QAEJK@Z 100095d4 f i CheckScanner.obj
 0001:00008621       ?SetControlFocus@CComControlBase@ATL@@QAEHH@Z 10009621 f i CheckScanner.obj
 0001:000086be       ?SetMultiStringValue@CRegKey@ATL@@QAEJPB_W0@Z 100096be f i CheckScanner.obj
 0001:0000871a       ?SetStringValue@CRegKey@ATL@@QAEJPB_W0K@Z 1000971a f i CheckScanner.obj
 0001:00008763       ?SkipAssignment@CRegParser@ATL@@IAEJPA_W@Z 10009763 f i CheckScanner.obj
 0001:000087c8       ?SkipWhiteSpace@CRegParser@ATL@@IAEXXZ 100097c8 f i CheckScanner.obj
 0001:000087ea       ?StrChrW@CRegParser@ATL@@KAPA_WPA_W_W@Z 100097ea f i CheckScanner.obj
 0001:00008827       ?Term@CAtlModule@ATL@@QAEXXZ 10009827 f i CheckScanner.obj
 0001:00008860       ?Term@CComModule@ATL@@QAEXXZ 10009860 f i CheckScanner.obj
 0001:000088b8       ?UnregisterServer@?$CAtlModuleT@VCComModule@ATL@@@ATL@@QAEJHPBU_GUID@@@Z 100098b8 f i CheckScanner.obj
 0001:000088de       ?UnregisterServer@CComModule@ATL@@QAEJHPBU_GUID@@@Z 100098de f i CheckScanner.obj
 0001:00008954       ?UpdateRegistryFromResource@CAtlModule@ATL@@QAGJIHPAU_ATL_REGMAP_ENTRY@2@@Z 10009954 f i CheckScanner.obj
 0001:00008b1f       ?UpdateRegistryFromResource@CAtlModule@ATL@@QAGJPB_WHPAU_ATL_REGMAP_ENTRY@2@@Z 10009b1f f i CheckScanner.obj
 0001:00008cf0       ?VTFromRegType@CRegParser@ATL@@KAHPB_WAAG@Z 10009cf0 f i CheckScanner.obj
 0001:00008d5d       ?WindowProc@?$CWindowImplBaseT@VCWindow@ATL@@V?$CWinTraits@$0FGAAAAAA@$0A@@2@@ATL@@SGJPAUHWND__@@IIJ@Z 10009d5d f i CheckScanner.obj
 0001:00008e4f       ?WriteToStream@CComBSTR@ATL@@QAEJPAUIStream@@@Z 10009e4f f i CheckScanner.obj
 0001:00008ea6       ?WriteToStream@CComVariant@ATL@@QAEJPAUIStream@@@Z 10009ea6 f i CheckScanner.obj
 0001:00009020       ?WriteToStream@CComVariant@ATL@@QAEJPAUIStream@@G@Z 1000a020 f i CheckScanner.obj
 0001:00009089       ?_AtlInitialConstruct@?$CComObjectRootEx@VCComMultiThreadModel@ATL@@@ATL@@QAEJXZ 1000a089 f i CheckScanner.obj
 0001:0000909e       ?_AtlVerifyStackAvailable@_ATL_SAFE_ALLOCA_IMPL@ATL@@YA_NK@Z 1000a09e f i CheckScanner.obj
 0001:0000911c       ?atlCreate@?$CWindowImpl@VCOPOSCheckScanner@@VCWindow@ATL@@V?$CWinTraits@$0FGAAAAAA@$0A@@3@@ATL@@QAEPAUHWND__@@PAU3@V_U_RECT@2@PB_WKKV_U_MENUorID@2@PAX@Z 1000a11c f i CheckScanner.obj
 0001:00009160       ?atlCreate@?$CWindowImplBaseT@VCWindow@ATL@@V?$CWinTraits@$0FGAAAAAA@$0A@@2@@ATL@@QAEPAUHWND__@@PAU3@V_U_RECT@2@PB_WKKV_U_MENUorID@2@GPAX@Z 1000a160 f i CheckScanner.obj
 0001:000091fc       ?atlCreate@CRegKey@ATL@@QAEJPAUHKEY__@@PB_WPA_WKKPAU_SECURITY_ATTRIBUTES@@PAK@Z 1000a1fc f i CheckScanner.obj
 0001:0000926b       ?copy@?$_Copy@UtagCONNECTDATA@@@ATL@@SAJPAUtagCONNECTDATA@@PBU3@@Z 1000a26b f i CheckScanner.obj
 0001:000092a1       ?copy@?$_CopyInterface@UIConnectionPoint@@@ATL@@SAJPAPAUIConnectionPoint@@PBQAU3@@Z 1000a2a1 f i CheckScanner.obj
 0001:000092cf       ?memcpy_s@Checked@ATL@@YAXPAXIPBXI@Z 1000a2cf f i CheckScanner.obj
 0001:000092ee       ?ocscpy_s@@YA_NPA_WIPB_W@Z 1000a2ee f i CheckScanner.obj
 0001:0000931d       ?ocslen@@YAHPB_W@Z         1000a31d f i CheckScanner.obj
 0001:0000933d       ?wcscpy_s@Checked@ATL@@YAXPA_WIPB_W@Z 1000a33d f i CheckScanner.obj
 0001:00009359       _DllCanUnloadNow@0         1000a359 f   CheckScanner.obj
 0001:00009365       _DllGetClassObject@12      1000a365 f   CheckScanner.obj
 0001:00009373       _DllMain@12                1000a373 f   CheckScanner.obj
 0001:000093b5       _DllRegisterServer@0       1000a3b5 f   CheckScanner.obj
 0001:000093c4       _DllUnregisterServer@0     1000a3c4 f   CheckScanner.obj
 0001:000093d3       _InlineIsEqualGUID         1000a3d3 f i CheckScanner.obj
 0001:00009403       ___local_stdio_printf_options 1000a403 f i CheckScanner.obj
 0001:00009409       __vswprintf_s_l            1000a409 f i CheckScanner.obj
 0001:000094b6       _swprintf_s                1000a4b6 f i CheckScanner.obj
 0001:000094d2       ??0?$CComControl@VCOPOSCheckScanner@@V?$CWindowImpl@VCOPOSCheckScanner@@VCWindow@ATL@@V?$CWinTraits@$0FGAAAAAA@$0A@@3@@ATL@@@ATL@@QAE@XZ 1000a4d2 f i CheckScannerImpl.obj
 0001:000094f9       ??0?$CProxy_IOPOSEvents@VCOPOSCheckScanner@@@@QAE@XZ 1000a4f9 f i CheckScannerImpl.obj
 0001:00009519       ??0CComControlBase@ATL@@QAE@AAPAUHWND__@@@Z 1000a519 f i CheckScannerImpl.obj
 0001:00009563       ??0COPOSCheckScanner@@QAE@XZ 1000a563 f   CheckScannerImpl.obj
 0001:00009599       ??1?$CComControl@VCOPOSCheckScanner@@V?$CWindowImpl@VCOPOSCheckScanner@@VCWindow@ATL@@V?$CWinTraits@$0FGAAAAAA@$0A@@3@@ATL@@@ATL@@UAE@XZ 1000a599 f i CheckScannerImpl.obj
 0001:000095b2       ??1?$IConnectionPointImpl@VCOPOSCheckScanner@@$1?DIID__IOPOSCheckScannerEvents@@3U_GUID@@BVCComDynamicUnkArray@ATL@@@ATL@@QAE@XZ 1000a5b2 f i CheckScannerImpl.obj
 0001:000095b2       ??1?$IConnectionPointImpl@VCOPOSCheckScanner@@$1?IID_IPropertyNotifySink@@3U_GUID@@BVCComDynamicUnkArray@ATL@@@ATL@@QAE@XZ 1000a5b2 f i CheckScannerImpl.obj
 0001:000095ef       ??1CComControlBase@ATL@@UAE@XZ 1000a5ef f i CheckScannerImpl.obj
 0001:00009652       ??1COPOSCheckScanner@@UAE@XZ 1000a652 f   CheckScannerImpl.obj
 0001:0000969a       ??1OposVariantResult@@QAE@XZ 1000a69a f i CheckScannerImpl.obj
 0001:000096bb       ??1_CW@@QAE@XZ             1000a6bb f i CheckScannerImpl.obj
 0001:000096d4       ?BeginInsertion@COPOSCheckScanner@@UAGJJPAJ@Z 1000a6d4 f   CheckScannerImpl.obj
 0001:00009723       ?BeginRemoval@COPOSCheckScanner@@UAGJJPAJ@Z 1000a723 f   CheckScannerImpl.obj
 0001:00009772       ?CheckHealth@COPOSCheckScanner@@UAGJJPAJ@Z 1000a772 f   CheckScannerImpl.obj
 0001:000097c1       ?ClaimDevice@COPOSCheckScanner@@UAGJJPAJ@Z 1000a7c1 f   CheckScannerImpl.obj
 0001:00009836       ?ClearImage@COPOSCheckScanner@@UAGJJPAJ@Z 1000a836 f   CheckScannerImpl.obj
 0001:00009885       ?ClearInput@COPOSCheckScanner@@UAGJPAJ@Z 1000a885 f   CheckScannerImpl.obj
 0001:000098a0       ?ClearInputProperties@COPOSCheckScanner@@UAGJPAJ@Z 1000a8a0 f   CheckScannerImpl.obj
 0001:000098bb       ?Close@COPOSCheckScanner@@UAGJPAJ@Z 1000a8bb f   CheckScannerImpl.obj
 0001:00009929       ?CompareFirmwareVersion@COPOSCheckScanner@@UAGJPA_WPAJ1@Z 1000a929 f   CheckScannerImpl.obj
 0001:000099a9       ?DefineCropArea@COPOSCheckScanner@@UAGJJJJJJPAJ@Z 1000a9a9 f   CheckScannerImpl.obj
 0001:00009a55       ?DirectIO@COPOSCheckScanner@@UAGJJPAJPAPA_W0@Z 1000aa55 f   CheckScannerImpl.obj
 0001:00009b03       ?DoInvoke@COPOSCheckScanner@@IAEJJPAVOposVariant@@IHPAJ_N@Z 1000ab03 f   CheckScannerImpl.obj
 0001:00009bc5       ?EndInsertion@COPOSCheckScanner@@UAGJPAJ@Z 1000abc5 f   CheckScannerImpl.obj
 0001:00009be0       ?EndRemoval@COPOSCheckScanner@@UAGJPAJ@Z 1000abe0 f   CheckScannerImpl.obj
 0001:00009bfb       ?EventClose@COPOSCheckScanner@@IAEXXZ 1000abfb f i CheckScannerImpl.obj
 0001:00009c2e       ?EventInit@COPOSCheckScanner@@IAEJXZ 1000ac2e f i CheckScannerImpl.obj
 0001:00009cfa       ?EventUninit@COPOSCheckScanner@@IAEXXZ 1000acfa f i CheckScannerImpl.obj
 0001:00009d4c       ?EventWindowProc@COPOSCheckScanner@@IAGJIIJ@Z 1000ad4c f i CheckScannerImpl.obj
 0001:00009e20       ?FinalConstruct@COPOSCheckScanner@@QAEJXZ 1000ae20 f   CheckScannerImpl.obj
 0001:00009e59       ?FireEventCleanup@COPOSCheckScanner@@IAEXXZ 1000ae59 f i CheckScannerImpl.obj
 0001:00009e6f       ?FireEventSetup@COPOSCheckScanner@@IAE_NXZ 1000ae6f f i CheckScannerImpl.obj
 0001:00009ea3       ?FreezeEvents@COPOSCheckScanner@@MAGJH@Z 1000aea3 f   CheckScannerImpl.obj
 0001:00009f03       ?GetOposProp@COPOSCheckScanner@@IAEJJPAFJ@Z 1000af03 f   CheckScannerImpl.obj
 0001:00009f26       ?GetOposProp@COPOSCheckScanner@@IAEJJPAJJ@Z 1000af26 f   CheckScannerImpl.obj
 0001:00009fe4       ?GetOposProp@COPOSCheckScanner@@IAEJJPAPA_WJ@Z 1000afe4 f   CheckScannerImpl.obj
 0001:0000a0af       ?OnDraw@COPOSCheckScanner@@MAEJAAUATL_DRAWINFO@@@Z 1000b0af f   CheckScannerImpl.obj
 0001:0000a14f       ?Open@COPOSCheckScanner@@UAGJPA_WPAJ@Z 1000b14f f   CheckScannerImpl.obj
 0001:0000a8ec       ?ReleaseDevice@COPOSCheckScanner@@UAGJPAJ@Z 1000b8ec f   CheckScannerImpl.obj
 0001:0000a93b       ?ResetStatistics@COPOSCheckScanner@@UAGJPA_WPAJ@Z 1000b93b f   CheckScannerImpl.obj
 0001:0000a992       ?RetrieveImage@COPOSCheckScanner@@UAGJJPAJ@Z 1000b992 f   CheckScannerImpl.obj
 0001:0000a9e1       ?RetrieveMemory@COPOSCheckScanner@@UAGJJPAJ@Z 1000b9e1 f   CheckScannerImpl.obj
 0001:0000aa30       ?RetrieveStatistics@COPOSCheckScanner@@UAGJPAPA_WPAJ@Z 1000ba30 f   CheckScannerImpl.obj
 0001:0000aa87       ?SOProcessID@COPOSCheckScanner@@UAGJPAJ@Z 1000ba87 f   CheckScannerImpl.obj
 0001:0000aa9b       ?SetCOFreezeEvents@COPOSCheckScanner@@IAEXF@Z 1000ba9b f   CheckScannerImpl.obj
 0001:0000ab26       ?SetOposProp@COPOSCheckScanner@@IAEJJJJ@Z 1000bb26 f   CheckScannerImpl.obj
 0001:0000ac04       ?SetOposProp@COPOSCheckScanner@@IAEJJPA_WJ@Z 1000bc04 f   CheckScannerImpl.obj
 0001:0000acf0       ?StoreImage@COPOSCheckScanner@@UAGJJPAJ@Z 1000bcf0 f   CheckScannerImpl.obj
 0001:0000ad3f       ?UpdateFirmware@COPOSCheckScanner@@UAGJPA_WPAJ@Z 1000bd3f f   CheckScannerImpl.obj
 0001:0000ad96       ?UpdateStatistics@COPOSCheckScanner@@UAGJPA_WPAJ@Z 1000bd96 f   CheckScannerImpl.obj
 0001:0000aded       ?get_AutoDisable@COPOSCheckScanner@@UAGJPAF@Z 1000bded f   CheckScannerImpl.obj
 0001:0000ae03       ?get_BinaryConversion@COPOSCheckScanner@@UAGJPAJ@Z 1000be03 f   CheckScannerImpl.obj
 0001:0000ae19       ?get_CapAutoContrast@COPOSCheckScanner@@UAGJPAF@Z 1000be19 f   CheckScannerImpl.obj
 0001:0000ae32       ?get_CapAutoGenerateFileID@COPOSCheckScanner@@UAGJPAF@Z 1000be32 f   CheckScannerImpl.obj
 0001:0000ae4b       ?get_CapAutoGenerateImageTagData@COPOSCheckScanner@@UAGJPAF@Z 1000be4b f   CheckScannerImpl.obj
 0001:0000ae64       ?get_CapAutoSize@COPOSCheckScanner@@UAGJPAF@Z 1000be64 f   CheckScannerImpl.obj
 0001:0000ae7d       ?get_CapColor@COPOSCheckScanner@@UAGJPAJ@Z 1000be7d f   CheckScannerImpl.obj
 0001:0000ae96       ?get_CapCompareFirmwareVersion@COPOSCheckScanner@@UAGJPAF@Z 1000be96 f   CheckScannerImpl.obj
 0001:0000aeaf       ?get_CapConcurrentMICR@COPOSCheckScanner@@UAGJPAF@Z 1000beaf f   CheckScannerImpl.obj
 0001:0000aec8       ?get_CapContrast@COPOSCheckScanner@@UAGJPAF@Z 1000bec8 f   CheckScannerImpl.obj
 0001:0000aee1       ?get_CapDefineCropArea@COPOSCheckScanner@@UAGJPAF@Z 1000bee1 f   CheckScannerImpl.obj
 0001:0000aefa       ?get_CapImageFormat@COPOSCheckScanner@@UAGJPAJ@Z 1000befa f   CheckScannerImpl.obj
 0001:0000af13       ?get_CapImageTagData@COPOSCheckScanner@@UAGJPAF@Z 1000bf13 f   CheckScannerImpl.obj
 0001:0000af2c       ?get_CapMICRDevice@COPOSCheckScanner@@UAGJPAF@Z 1000bf2c f   CheckScannerImpl.obj
 0001:0000af45       ?get_CapPowerReporting@COPOSCheckScanner@@UAGJPAJ@Z 1000bf45 f   CheckScannerImpl.obj
 0001:0000af5e       ?get_CapStatisticsReporting@COPOSCheckScanner@@UAGJPAF@Z 1000bf5e f   CheckScannerImpl.obj
 0001:0000af77       ?get_CapStoreImageFiles@COPOSCheckScanner@@UAGJPAF@Z 1000bf77 f   CheckScannerImpl.obj
 0001:0000af90       ?get_CapUpdateFirmware@COPOSCheckScanner@@UAGJPAF@Z 1000bf90 f   CheckScannerImpl.obj
 0001:0000afa9       ?get_CapUpdateStatistics@COPOSCheckScanner@@UAGJPAF@Z 1000bfa9 f   CheckScannerImpl.obj
 0001:0000afc2       ?get_CapValidationDevice@COPOSCheckScanner@@UAGJPAF@Z 1000bfc2 f   CheckScannerImpl.obj
 0001:0000afdb       ?get_CheckHealthText@COPOSCheckScanner@@UAGJPAPA_W@Z 1000bfdb f   CheckScannerImpl.obj
 0001:0000aff4       ?get_Claimed@COPOSCheckScanner@@UAGJPAF@Z 1000bff4 f   CheckScannerImpl.obj
 0001:0000b00a       ?get_Color@COPOSCheckScanner@@UAGJPAJ@Z 1000c00a f   CheckScannerImpl.obj
 0001:0000b023       ?get_ConcurrentMICR@COPOSCheckScanner@@UAGJPAF@Z 1000c023 f   CheckScannerImpl.obj
 0001:0000b03c       ?get_Contrast@COPOSCheckScanner@@UAGJPAJ@Z 1000c03c f   CheckScannerImpl.obj
 0001:0000b055       ?get_ControlObjectDescription@COPOSCheckScanner@@UAGJPAPA_W@Z 1000c055 f   CheckScannerImpl.obj
 0001:0000b092       ?get_ControlObjectVersion@COPOSCheckScanner@@UAGJPAJ@Z 1000c092 f   CheckScannerImpl.obj
 0001:0000b0a5       ?get_CropAreaCount@COPOSCheckScanner@@UAGJPAJ@Z 1000c0a5 f   CheckScannerImpl.obj
 0001:0000b0be       ?get_DataCount@COPOSCheckScanner@@UAGJPAJ@Z 1000c0be f   CheckScannerImpl.obj
 0001:0000b0d4       ?get_DataEventEnabled@COPOSCheckScanner@@UAGJPAF@Z 1000c0d4 f   CheckScannerImpl.obj
 0001:0000b0ea       ?get_DeviceDescription@COPOSCheckScanner@@UAGJPAPA_W@Z 1000c0ea f   CheckScannerImpl.obj
 0001:0000b103       ?get_DeviceEnabled@COPOSCheckScanner@@UAGJPAF@Z 1000c103 f   CheckScannerImpl.obj
 0001:0000b119       ?get_DeviceName@COPOSCheckScanner@@UAGJPAPA_W@Z 1000c119 f   CheckScannerImpl.obj
 0001:0000b132       ?get_DocumentHeight@COPOSCheckScanner@@UAGJPAJ@Z 1000c132 f   CheckScannerImpl.obj
 0001:0000b14b       ?get_DocumentWidth@COPOSCheckScanner@@UAGJPAJ@Z 1000c14b f   CheckScannerImpl.obj
 0001:0000b164       ?get_FileID@COPOSCheckScanner@@UAGJPAPA_W@Z 1000c164 f   CheckScannerImpl.obj
 0001:0000b17d       ?get_FileIndex@COPOSCheckScanner@@UAGJPAJ@Z 1000c17d f   CheckScannerImpl.obj
 0001:0000b196       ?get_FreezeEvents@COPOSCheckScanner@@UAGJPAF@Z 1000c196 f   CheckScannerImpl.obj
 0001:0000b1ac       ?get_ImageData@COPOSCheckScanner@@UAGJPAPA_W@Z 1000c1ac f   CheckScannerImpl.obj
 0001:0000b1c5       ?get_ImageFormat@COPOSCheckScanner@@UAGJPAJ@Z 1000c1c5 f   CheckScannerImpl.obj
 0001:0000b1de       ?get_ImageMemoryStatus@COPOSCheckScanner@@UAGJPAJ@Z 1000c1de f   CheckScannerImpl.obj
 0001:0000b1f7       ?get_ImageTagData@COPOSCheckScanner@@UAGJPAPA_W@Z 1000c1f7 f   CheckScannerImpl.obj
 0001:0000b210       ?get_MapMode@COPOSCheckScanner@@UAGJPAJ@Z 1000c210 f   CheckScannerImpl.obj
 0001:0000b229       ?get_MaxCropAreas@COPOSCheckScanner@@UAGJPAJ@Z 1000c229 f   CheckScannerImpl.obj
 0001:0000b242       ?get_OpenResult@COPOSCheckScanner@@UAGJPAJ@Z 1000c242 f   CheckScannerImpl.obj
 0001:0000b259       ?get_PowerNotify@COPOSCheckScanner@@UAGJPAJ@Z 1000c259 f   CheckScannerImpl.obj
[...]
 0002:00001c74       ?candidate_modules@?1??try_get_FlsGetValue@@YAP6GPAXK@ZXZ@4QBW4module_id@?A0x5d2a34d3@@B 10020c74     libvcruntime:winapi_downlevel.obj
 0002:00001c88       ?candidate_modules@?1??try_get_FlsSetValue@@YAP6GHKPAX@ZXZ@4QBW4module_id@?A0x5d2a34d3@@B 10020c88     libvcruntime:winapi_downlevel.obj
 0002:00001c9c       ?candidate_modules@?1??try_get_InitializeCriticalSectionEx@@YAP6GHPAU_RTL_CRITICAL_SECTION@@KK@ZXZ@4QBW4module_id@?A0x5d2a34d3@@B 10020c9c     libvcruntime:winapi_downlevel.obj
 0002:00001ce0       ?tokenTable@@3QBQBDB       10020ce0     libvcruntime:undname.obj
 0002:00001d20       ?nameTable@@3QBQBDB        10020d20     libvcruntime:undname.obj
 0002:00001e68       ?rttiTable@@3QBQBDB        10020e68     libvcruntime:undname.obj
 0002:00002480       _errtable                  10021480     libucrt:errno.obj
 0002:00002728       ___acrt_initializers       10021728     libucrt:initialization.obj
 0002:000027a0       _module_names              100217a0     libucrt:winapi_thunks.obj
 0002:00002ce8       ?candidate_modules@?1??try_get_FlsAlloc@@YAP6GKP6GXPAX@Z@ZXZ@4QBW4module_id@?A0x352e5c4b@@B 10021ce8     libucrt:winapi_thunks.obj
 0002:00002cfc       ?candidate_modules@?1??try_get_FlsFree@@YAP6GHK@ZXZ@4QBW4module_id@?A0x352e5c4b@@B 10021cfc     libucrt:winapi_thunks.obj
 0002:00002d0c       ?candidate_modules@?1??try_get_FlsGetValue@@YAP6GPAXK@ZXZ@4QBW4module_id@?A0x352e5c4b@@B 10021d0c     libucrt:winapi_thunks.obj
 0002:00002d20       ?candidate_modules@?1??try_get_FlsSetValue@@YAP6GHKPAX@ZXZ@4QBW4module_id@?A0x352e5c4b@@B 10021d20     libucrt:winapi_thunks.obj
 0002:00002d34       ?candidate_modules@?1??try_get_GetCurrentPackageId@@YAP6GJPAIPAE@ZXZ@4QBW4module_id@?A0x352e5c4b@@B 10021d34     libucrt:winapi_thunks.obj
 0002:00002d50       ?candidate_modules@?1??try_get_InitializeCriticalSectionEx@@YAP6GHPAU_RTL_CRITICAL_SECTION@@KK@ZXZ@4QBW4module_id@?A0x352e5c4b@@B 10021d50     libucrt:winapi_thunks.obj
 0002:00002d74       ?candidate_modules@?1??try_get_LCMapStringEx@@YAP6GHPB_WK0HPA_WHPAU_nlsversioninfo@@PAXJ@ZXZ@4QBW4module_id@?A0x352e5c4b@@B 10021d74     libucrt:winapi_thunks.obj
 0002:00002d8c       ?candidate_modules@?1??try_get_LocaleNameToLCID@@YAP6GKPB_WK@ZXZ@4QBW4module_id@?A0x352e5c4b@@B 10021d8c     libucrt:winapi_thunks.obj
 0002:00002da8       ?candidate_modules@?1??try_get_SetThreadStackGuarantee@@YAP6GHPAK@ZXZ@4QBW4module_id@?A0x352e5c4b@@B 10021da8     libucrt:winapi_thunks.obj
 0002:000032d4       __mb_locale_names          100222d4     libucrt:mbctype.obj
 0002:00003b20       _LcidToLocaleNameTable     10022b20     libucrt:lcidtoname_downlevel.obj
 0002:00004c48       _LocaleNameToIndexTable    10023c48     libucrt:lcidtoname_downlevel.obj
 0002:00006580       LOG_name                   10025580     libucrt:log10.obj
 0002:00006590       _One                       10025590     libucrt:ceil_pentium4.obj
 0002:000065a0       _Bns                       100255a0     libucrt:ceil_pentium4.obj
 0002:000065b0       _Zero                      100255b0     libucrt:ceil_pentium4.obj
 0002:000065c0       _S                         100255c0     libucrt:ceil_pentium4.obj
 0002:000065d0       _NegZero                   100255d0     libucrt:ceil_pentium4.obj
 0002:000065e0       emask                      100255e0     libucrt:log10_pentium4.obj
 0002:000065f0       CC                         100255f0     libucrt:log10_pentium4.obj
 0002:00006600       Magic                      10025600     libucrt:log10_pentium4.obj
 0002:00006610       hi_mask                    10025610     libucrt:log10_pentium4.obj
 0002:00006620       LOG10_2                    10025620     libucrt:log10_pentium4.obj
 0002:00006630       place_L                    10025630     libucrt:log10_pentium4.obj
 0002:00006650       One                        10025650     libucrt:log10_pentium4.obj
 0002:00006660       Zero                       10025660     libucrt:log10_pentium4.obj
 0002:00006670       Two52                      10025670     libucrt:log10_pentium4.obj
 0002:00006680       Infs                       10025680     libucrt:log10_pentium4.obj
 0002:00006690       NaN                        10025690     libucrt:log10_pentium4.obj
 0002:000066a0       coeff                      100256a0     libucrt:log10_pentium4.obj
 0002:000066fe       _log2max                   100256fe     libucrt:87tran.obj
 0002:00006708       _smallarg                  10025708     libucrt:87tran.obj
 0002:00006712       _half                      10025712     libucrt:87tran.obj
 0002:0000675e       One                        1002575e     libucrt:87disp.obj
 0002:00006766       Three                      10025766     libucrt:87disp.obj
 0002:0000676e       XAMtoTagTab                1002576e     libucrt:87disp.obj
 0002:00006780       One                        10025780     libucrt:common.obj
 0002:00006794       DblMax                     10025794     libucrt:common.obj
 0002:0000679c       DblMin                     1002579c     libucrt:common.obj
 0002:000067a4       IeeeAdjO                   100257a4     libucrt:common.obj
 0002:000067ac       IeeeAdjU                   100257ac     libucrt:common.obj
 0002:000067b4       _infinity                  100257b4     libucrt:common.obj
 0002:000067bc       _zero                      100257bc     libucrt:common.obj
 0002:000067f8       _over                      100257f8     libucrt:fpctrl.obj
 0002:00006804       _under                     10025804     libucrt:fpctrl.obj
 0002:000070c8       ?_names@?1??_get_fname@@9@9 100260c8     libucrt:fpexcept.obj
 0002:000078a0       __sehtable$?_AtlVerifyStackAvailable@_ATL_SAFE_ALLOCA_IMPL@ATL@@YA_NK@Z 100268a0     CheckScanner.obj
 0002:000078c0       __sehtable$___scrt_is_nonwritable_in_current_image 100268c0     LIBCMT:utility.obj
 0002:000078dc       __ehfuncinfo$?__scrt_initialize_thread_safe_statics_platform_specific@@YAXXZ 100268dc     LIBCMT:thread_safe_statics.obj
 0002:00007900       __catchsym$??2@YAPAXIABUnothrow_t@std@@@Z$2 10026900     LIBCMT:new_scalar_nothrow.obj
 0002:00007910       __unwindtable$??2@YAPAXIABUnothrow_t@std@@@Z 10026910     LIBCMT:new_scalar_nothrow.obj
 0002:00007920       __tryblocktable$??2@YAPAXIABUnothrow_t@std@@@Z 10026920     LIBCMT:new_scalar_nothrow.obj
 0002:00007934       __ehfuncinfo$??2@YAPAXIABUnothrow_t@std@@@Z 10026934     LIBCMT:new_scalar_nothrow.obj
 0002:00007958       __sehtable$?dllmain_crt_process_attach@@YAHQAUHINSTANCE__@@QAX@Z 10026958     LIBCMT:dll_dllmain.obj
 0002:00007978       __sehtable$?dllmain_crt_process_detach@@YAH_N@Z 10026978     LIBCMT:dll_dllmain.obj
 0002:00007998       __sehtable$?dllmain_dispatch@@YAHQAUHINSTANCE__@@KQAX@Z 10026998     LIBCMT:dll_dllmain.obj
 0002:00007a48       __sehtable$?FrameUnwindToState@__FrameHandler3@@SAXPAUEHRegistrationNode@@PAXPBU_s_FuncInfo@@H@Z 10026a48     libvcruntime:frame.obj
 0002:00007a70       __sehtable$?CallCatchBlock@@YAPAXPAUEHExceptionRecord@@PAUEHRegistrationNode@@PAU_CONTEXT@@PBU_s_FuncInfo@@PAXHK@Z 10026a70     libvcruntime:frame.obj
 0002:00007a98       __catchsym$?CallUnexpected@@YAXPBU_s_ESTypeList@@@Z$2 10026a98     libvcruntime:frame.obj
 0002:00007aa8       __unwindtable$?CallUnexpected@@YAXPBU_s_ESTypeList@@@Z 10026aa8     libvcruntime:frame.obj
 0002:00007ab8       __tryblocktable$?CallUnexpected@@YAXPBU_s_ESTypeList@@@Z 10026ab8     libvcruntime:frame.obj
 0002:00007acc       __ehfuncinfo$?CallUnexpected@@YAXPBU_s_ESTypeList@@@Z 10026acc     libvcruntime:frame.obj
 0002:00007af0       __sehtable$??$BuildCatchObjectHelperInternal@V__FrameHandler3@@@@YAHPAUEHExceptionRecord@@PAXPBU_s_HandlerType@@PBU_s_CatchableType@@@Z 10026af0     libvcruntime:frame.obj
 0002:00007b10       __sehtable$??$BuildCatchObjectInternal@V__FrameHandler3@@@@YAXPAUEHExceptionRecord@@PAXPBU_s_HandlerType@@PBU_s_CatchableType@@@Z 10026b10     libvcruntime:frame.obj
 0002:00007b68       __sehtable$___DestructExceptionObject 10026b68     libvcruntime:ehhelpers.obj
 0002:00007b88       __sehtable$?common_exit@@YAXHW4_crt_exit_cleanup_mode@@W4_crt_exit_return_mode@@@Z 10026b88     libucrt:exit.obj
 0002:00007bb0       __sehtable$??$?RV<lambda_800076c951b434888f4765a74a194fcc>@@AAV<lambda_4e60a939b0d047cfe11ddc22648dfba9>@@V<lambda_6dbb1268764f43b569ce7b67e331d33a>@@@?$__crt_seh_guarded_call@H@@QAEH$$QAV<lambda_800076c951b434888f4765a74a194fcc>@@AAV<lambda_4e60a939b0d047cfe11ddc22648dfba9>@@$$QAV<lambda_6dbb1268764f43b569ce7b67e331d33a>@@@Z 10026bb0     libucrt:onexit.obj
 0002:00007bd0       __sehtable$??$?RV<lambda_995298e7d72eb4c2aab26c0585b3abe5>@@AAV<lambda_275893d493268fdec8709772e3fcec0e>@@V<lambda_293819299cbf9a7022e18b56a874bb5c>@@@?$__crt_seh_guarded_call@H@@QAEH$$QAV<lambda_995298e7d72eb4c2aab26c0585b3abe5>@@AAV<lambda_275893d493268fdec8709772e3fcec0e>@@$$QAV<lambda_293819299cbf9a7022e18b56a874bb5c>@@@Z 10026bd0     libucrt:onexit.obj
 0002:00007bf0       __sehtable$__query_new_handler 10026bf0     libucrt:new_handler.obj
 0002:00007c10       __sehtable$_terminate      10026c10     libucrt:terminate.obj
 0002:00007c30       __sehtable$??$?RV<lambda_9df27f884b057bc3edfc946cb5b7cf47>@@AAV<lambda_e69574bed617af4e071282c136b37893>@@V<lambda_cc0d902bcbbeb830f749456577db4721>@@@?$__crt_seh_guarded_call@X@@QAEX$$QAV<lambda_9df27f884b057bc3edfc946cb5b7cf47>@@AAV<lambda_e69574bed617af4e071282c136b37893>@@$$QAV<lambda_cc0d902bcbbeb830f749456577db4721>@@@Z 10026c30     libucrt:per_thread_data.obj
 0002:00007c50       __sehtable$??$?RV<lambda_3518db117f0e7cdb002338c5d3c47b6c>@@AAV<lambda_b2ea41f6bbb362cd97d94c6828d90b61>@@V<lambda_abdedf541bb04549bc734292b4a045d4>@@@?$__crt_seh_guarded_call@X@@QAEX$$QAV<lambda_3518db117f0e7cdb002338c5d3c47b6c>@@AAV<lambda_b2ea41f6bbb362cd97d94c6828d90b61>@@$$QAV<lambda_abdedf541bb04549bc734292b4a045d4>@@@Z 10026c50     libucrt:per_thread_data.obj
 0002:00007c70       __sehtable$??$?RV<lambda_51b6e8b1eb166f2a3faf91f424b38130>@@AAV<lambda_6250bd4b2a391816dd638c3bf72b0bcb>@@V<lambda_0b5a4a3e68152e1d9b943535f5f47bed>@@@?$__crt_seh_guarded_call@X@@QAEX$$QAV<lambda_51b6e8b1eb166f2a3faf91f424b38130>@@AAV<lambda_6250bd4b2a391816dd638c3bf72b0bcb>@@$$QAV<lambda_0b5a4a3e68152e1d9b943535f5f47bed>@@@Z 10026c70     libucrt:per_thread_data.obj
 0002:00007c90       __sehtable$??$?RV<lambda_5b71d36f03204c0beab531769a5b5694>@@AAV<lambda_be2b3da3f62db62e9dad5dc70221a656>@@V<lambda_8f9ce462984622f9bf76b59e2aaaf805>@@@?$__crt_seh_guarded_call@X@@QAEX$$QAV<lambda_5b71d36f03204c0beab531769a5b5694>@@AAV<lambda_be2b3da3f62db62e9dad5dc70221a656>@@$$QAV<lambda_8f9ce462984622f9bf76b59e2aaaf805>@@@Z 10026c90     libucrt:per_thread_data.obj
 0002:00007cb0       __sehtable$___acrt_uninitialize_locale 10026cb0     libucrt:wsetlocale.obj
 0002:00007cd0       __sehtable$___acrt_initialize_lowio 10026cd0     libucrt:ioinit.obj
 0002:00007cf0       __sehtable$___acrt_update_thread_multibyte_data 10026cf0     libucrt:mbctype.obj
 0002:00007d10       __sehtable$??$?RV<lambda_978dc153c237d78434369da87b74ff60>@@AAV<lambda_ad1ced32f4ac17aa236e5ef05d6b3b7c>@@V<lambda_4a8533e2866a575feecb8298ce776b0d>@@@?$__crt_seh_guarded_call@X@@QAEX$$QAV<lambda_978dc153c237d78434369da87b74ff60>@@AAV<lambda_ad1ced32f4ac17aa236e5ef05d6b3b7c>@@$$QAV<lambda_4a8533e2866a575feecb8298ce776b0d>@@@Z 10026d10     libucrt:mbctype.obj
 0002:00007d30       __sehtable$_raise          10026d30     libucrt:signal.obj
 0002:00007d50       __sehtable$??$?RV<lambda_a048d3beccc847880fc8490e18b82769>@@AAV<lambda_ec61778202f4f5fc7e7711acc23c3bca>@@V<lambda_f7496a158712204296dd6628a163878e>@@@?$__crt_seh_guarded_call@P6AXH@Z@@QAEP6AXH@Z$$QAV<lambda_a048d3beccc847880fc8490e18b82769>@@AAV<lambda_ec61778202f4f5fc7e7711acc23c3bca>@@$$QAV<lambda_f7496a158712204296dd6628a163878e>@@@Z 10026d50     libucrt:signal.obj
 0002:00007d70       __sehtable$___acrt_update_thread_locale_data 10026d70     libucrt:locale_refcounting.obj
 0002:00007d90       __sehtable$__fcloseall     10026d90     libucrt:closeall.obj
 0002:00007db0       __sehtable$_common_flush_all 10026db0     libucrt:fflush.obj
 0002:00007dd8       __sehtable$___acrt_lowio_ensure_fh_exists 10026dd8     libucrt:osfinfo.obj
 0002:00007df8       __sehtable$__write         10026df8     libucrt:write.obj
 0002:00007e18       __sehtable$_fclose         10026e18     libucrt:fclose.obj
 0002:00007e38       __sehtable$??$?RV<lambda_61cee617f5178ae960314fd4d05640a0>@@AAV<lambda_6978c1fb23f02e42e1d9e99668cc68aa>@@V<lambda_9cd88cf8ad10232537feb2133f08c833>@@@?$__crt_seh_guarded_call@H@@QAEH$$QAV<lambda_61cee617f5178ae960314fd4d05640a0>@@AAV<lambda_6978c1fb23f02e42e1d9e99668cc68aa>@@$$QAV<lambda_9cd88cf8ad10232537feb2133f08c833>@@@Z 10026e38     libucrt:commit.obj
 0002:00007e58       __sehtable$??$?RV<lambda_123407a5e2ac06da108355a851863b7a>@@AAV<lambda_2fe9b910cf3cbf4a0ab98a02ba45b3ec>@@V<lambda_ae55bdf541ad94d75914d381c370e64d>@@@?$__crt_seh_guarded_call@H@@QAEH$$QAV<lambda_123407a5e2ac06da108355a851863b7a>@@AAV<lambda_2fe9b910cf3cbf4a0ab98a02ba45b3ec>@@$$QAV<lambda_ae55bdf541ad94d75914d381c370e64d>@@@Z 10026e58     libucrt:close.obj
 0002:00007e78       __sehtable$__IsNonwritableInCurrentImage 10026e78     LIBCMT:pesect.obj
 0002:00007ea0       .edata                     10026ea0     OPOSCheckScanner.exp
 0002:00007ec8       rgpv                       10026ec8     OPOSCheckScanner.exp
 0002:00007ed8       rgszName                   10026ed8     OPOSCheckScanner.exp
 0002:00007ee8       rgwOrd                     10026ee8     OPOSCheckScanner.exp
 0002:00007ef0       szName                     10026ef0     OPOSCheckScanner.exp
 0002:00007f05       $N00001                    10026f05     OPOSCheckScanner.exp
 0002:00007f15       $N00002                    10026f15     OPOSCheckScanner.exp
 0002:00007f27       $N00003                    10026f27     OPOSCheckScanner.exp
 0002:00007f39       $N00004                    10026f39     OPOSCheckScanner.exp
 0002:0000854e       .idata$6                   1002754e     kernel32:KERNEL32.dll
 0002:00008762       .idata$6                   10027762     user32:USER32.dll
 0002:00008896       .idata$6                   10027896     gdi32:GDI32.dll
 0002:0000893c       .idata$6                   1002793c     advapi32:ADVAPI32.dll
 0002:00008a58       .idata$6                   10027a58     ole32:ole32.dll
 0002:00008a62       .idata$6                   10027a62     oleaut32:OLEAUT32.dll
 0003:00000110       ?ObjectMap@@3PAU_ATL_OBJMAP_ENTRY30@ATL@@A 10028110     CheckScanner.obj
 0003:000001c0       ?s_SOMethodNames@@3PAPADA  100281c0     CheckScannerImpl.obj
 0003:00000230       ?s_RequiredMethodsPerRelease@@3PAHA 10028230     CheckScannerImpl.obj
 0003:00000260       ?__vcrt_flsindex@@3KA      10028260     libvcruntime:per_thread_data.obj
 0003:00000280       _errno_no_memory           10028280     libucrt:errno.obj
 0003:00000284       _doserrno_no_memory        10028284     libucrt:errno.obj
 0003:00000290       ___acrt_flsindex           10028290     libucrt:per_thread_data.obj
 0003:00000404       ___rgctypeflag             10028404     libucrt:mbctype.obj
 0003:00000408       ___rgcode_page_info        10028408     libucrt:mbctype.obj
 0003:00000b28       ?is_initialized_as_dll@@3_NA 10028b28     LIBCMT:utility.obj
 0003:00000b29       ?module_local_atexit_table_initialized@@3_NA 10028b29     LIBCMT:utility.obj
 0003:00000b2c       ?module_local_atexit_table@@3U_onexit_table_t@@A 10028b2c     LIBCMT:utility.obj
 0003:00000b38       ?module_local_at_quick_exit_table@@3U_onexit_table_t@@A 10028b38     LIBCMT:utility.obj
 0003:00000b44       ?_Tss_mutex@@3U_RTL_CRITICAL_SECTION@@A 10028b44     LIBCMT:thread_safe_statics.obj
 0003:00000b5c       ?_Tss_cv@@3U_RTL_CONDITION_VARIABLE@@A 10028b5c     LIBCMT:thread_safe_statics.obj
 0003:00000b60       ?_Tss_event@@3PAXA         10028b60     LIBCMT:thread_safe_statics.obj
 0003:00000b64       ?encoded_sleep_condition_variable_cs@@3P6GHPAU_RTL_CONDITION_VARIABLE@@PAU_RTL_CRITICAL_SECTION@@K@ZA 10028b64     LIBCMT:thread_safe_statics.obj
 0003:00000b68       ?encoded_wake_all_condition_variable@@3P6GXPAU_RTL_CONDITION_VARIABLE@@@ZA 10028b68     LIBCMT:thread_safe_statics.obj
 0003:00000b70       _GS_ExceptionRecord        10028b70     LIBCMT:gs_report.obj
 0003:00000bc0       _GS_ContextRecord          10028bc0     LIBCMT:gs_report.obj
 0003:00000e90       ?__proc_attached@@3HA      10028e90     LIBCMT:dll_dllmain.obj
 0003:00000eec       ?AllocateData@@3P6GPAUAtlThunkData_t@@XZA 10028eec     atls:atlthunk.obj
 0003:00000ef0       ?InitData@@3P6GXPAUAtlThunkData_t@@PAXI@ZA 10028ef0     atls:atlthunk.obj
 0003:00000ef4       ?DataToCode@@3P6GP6GJPAUHWND__@@IIJ@ZPAUAtlThunkData_t@@@ZA 10028ef4     atls:atlthunk.obj
 0003:00000ef8       ?FreeData@@3P6GXPAUAtlThunkData_t@@@ZA 10028ef8     atls:atlthunk.obj
 0003:00000efc       ?Initialized@@3_NA         10028efc     atls:atlthunk.obj
 0003:00000f08       ?__vcrt_startup_thread_ptd@@3U__vcrt_ptd@@A 10028f08     libvcruntime:per_thread_data.obj
 0003:00000f30       ___vcrt_lock_table         10028f30     libvcruntime:locks.obj
 0003:00000f48       ___vcrt_locks_initialized  10028f48     libvcruntime:locks.obj
 0003:00000f4c       ?module_handles@@3PAPAUHINSTANCE__@@A 10028f4c     libvcruntime:winapi_downlevel.obj
 0003:00000f58       ?encoded_function_pointers@@3PAPAXA 10028f58     libvcruntime:winapi_downlevel.obj
 0003:00000f94       ?heap@@3V_HeapManager@@A   10028f94     libvcruntime:undname.obj
 0003:00000fac       ___acrt_invalid_parameter_handler 10028fac     libucrt:invalid_parameter.obj
 0003:00000fb0       _c_termination_complete    10028fb0     libucrt:exit.obj
 0003:00000fb4       _thread_local_exit_callback_func 10028fb4     libucrt:exit.obj
 0003:00000fb8       ?c_exit_complete@?5??common_exit@@YAXHW4_crt_exit_cleanup_mode@@W4_crt_exit_return_mode@@@Z@4_NA 10028fb8     libucrt:exit.obj
 0003:00000fc0       ?program_name@?5???$common_configure_argv@D@@YAHW4_crt_argv_mode@@@Z@4PADA 10028fc0     libucrt:argv_parsing.obj
 0003:000010f0       ___acrt_new_handler        100290f0     libucrt:new_handler.obj
 0003:000010f8       _module_handles            100290f8     libucrt:winapi_thunks.obj
 0003:00001148       _encoded_function_pointers 10029148     libucrt:winapi_thunks.obj
 0003:000011c8       ?state_cache@?1??__acrt_is_packaged_app@@9@4JA 100291c8     libucrt:winapi_thunks.obj
 0003:000011d4       _enable_percent_n          100291d4     libucrt:printf_count_output.obj
 0003:000013f0       ___acrt_lock_table         100293f0     libucrt:locks.obj
 0003:00001528       ___acrt_locks_initialized  10029528     libucrt:locks.obj
 0003:00001544       _fSystemSet                10029544     libucrt:mbctype.obj
 0003:00001548       ?initialized@?1??__acrt_initialize_multibyte@@9@4_NA 10029548     libucrt:mbctype.obj
 0003:00001568       _ctrlc_action              10029568     libucrt:signal.obj
 0003:0000156c       _ctrlbreak_action          1002956c     libucrt:signal.obj
 0003:00001570       _abort_action              10029570     libucrt:signal.obj
 0003:00001574       _term_action               10029574     libucrt:signal.obj
 0003:00001578       _user_matherr              10029578     libucrt:matherr.obj
 0003:0000157c       ___acrt_global_new_mode    1002957c     libucrt:new_mode.obj
 0003:00001588       ___acrt_app_type           10029588     libucrt:report_runtime_error.obj
 0003:00001590       __pmatherr_set             10029590     libucrt:libm_error.obj
 0004:00000220       $R000000                   1002a220     CheckScanner.res
 0004:00000ba0       $R000980                   1002aba0     CheckScanner.res
 0004:00000c88       $R000A68                   1002ac88     CheckScanner.res
 0004:00000ef0       $R000CD0                   1002aef0     CheckScanner.res
 0004:000013d0       $R0011B0                   1002b3d0     CheckScanner.res
 0004:00005108       $R004EE8                   1002f108     CheckScanner.res
 0004:00005140       $R004F20                   1002f140     CheckScanner.res
