 OPOSRemoteOrderDisplay

 Timestamp is 5c43ff65 (Sun Jan 20 13:56:05 2019)

 Preferred load address is 10000000

 Start         Length     Name                   Class
 0001:00000000 00000080H .text$di                CODE
 0001:00000080 0001d91bH .text$mn                CODE
 0001:0001d99b 00000051H .text$x                 CODE
 0001:0001d9ec 00000042H .text$yd                CODE
 0002:00000000 00000300H .idata$5                DATA
 0002:00000300 00000004H .00cfg                  DATA
 0002:00000304 00000004H .CRT$XCA                DATA
 0002:00000308 00000004H .CRT$XCL                DATA
 0002:0000030c 00000010H .CRT$XCU                DATA
 0002:0000031c 00000004H .CRT$XCZ                DATA
 0002:00000320 00000004H .CRT$XIA                DATA
 0002:00000324 00000010H .CRT$XIC                DATA
 0002:00000334 00000004H .CRT$XIZ                DATA
 0002:00000338 00000004H .CRT$XLA                DATA
 0002:0000033c 00000004H .CRT$XLZ                DATA
 0002:00000340 00000004H .CRT$XPA                DATA
 0002:00000344 00000008H .CRT$XPX                DATA
 0002:0000034c 00000004H .CRT$XPXA               DATA
 0002:00000350 00000004H .CRT$XPZ                DATA
 0002:00000354 00000004H .CRT$XTA                DATA
 0002:00000358 00000008H .CRT$XTZ                DATA
 0002:0000035c 00000000H .gfids$x                DATA
 0002:0000035c 00000000H .gfids$y                DATA
 0002:00000360 00007028H .rdata                  DATA
 0002:00007388 00000018H .rdata$T                DATA
 0002:000073a0 00000180H .rdata$r                DATA
 0002:00007520 00000020H .rdata$sxdata           DATA
 0002:00007540 000003e8H .rdata$zzzdbg           DATA
 0002:00007928 00000004H .rtc$IAA                DATA
 0002:0000792c 00000004H .rtc$IZZ                DATA
 0002:00007930 00000004H .rtc$TAA                DATA
 0002:00007934 00000004H .rtc$TZZ                DATA
 0002:00007938 00000004H .tls                    DATA
 0002:0000793c 00000004H .tls$                   DATA
 0002:00007940 00000008H .tls$ZZZ                DATA
 0002:00007948 000005f4H .xdata$x                DATA
 0002:00007f3c 00000004H ATL$__a                 DATA
 0002:00007f40 00000010H ATL$__z                 DATA
 0002:00007f50 000000b4H .edata                  DATA
 0002:00008004 00000078H .idata$2                DATA
 0002:0000807c 00000014H .idata$3                DATA
 0002:00008090 00000300H .idata$4                DATA
 0002:00008390 00000bdeH .idata$6                DATA
 0003:00000000 000009e0H .data                   DATA
 0003:000009e0 00000098H .data$r                 DATA
 0003:00000a78 00000b5cH .bss                    DATA
 0004:00000000 00000220H .rsrc$01                DATA
 0004:00000220 00005630H .rsrc$02                DATA

  Address         Publics by Value              Rva+Base       Lib:Object

 0000:00000000       ___guard_fids_count        00000000     <absolute>
 0000:00000000       ___guard_iat_count         00000000     <absolute>
 0000:00000000       ___hybrid_code_map_count   00000000     <absolute>
 0000:00000000       ___dynamic_value_reloc_table 00000000     <absolute>
 0000:00000000       ___guard_longjmp_count     00000000     <absolute>
 0000:00000000       __except_list              00000000     <absolute>
 0000:00000000       ___guard_fids_table        00000000     <absolute>
 0000:00000000       ___guard_longjmp_table     00000000     <absolute>
 0000:00000000       ___hybrid_auxiliary_iat    00000000     <absolute>
 0000:00000000       ___guard_iat_table         00000000     <absolute>
 0000:00000000       ___volatile_metadata       00000000     <absolute>
 0000:00000000       ___enclave_config          00000000     <absolute>
 0000:00000000       ___hybrid_code_map         00000000     <absolute>
 0000:00000008       ___safe_se_handler_count   00000008     <absolute>
 0000:0000002c       __tls_array                0000002c     <absolute>
 0000:00000100       ___guard_flags             00000100     <absolute>
 0000:00000000       ___ImageBase               10000000     <linker-defined>
 0001:00000080       ?DupWide@_CW@@AAEXXZ       10001080 f   CWString.obj
 0001:0000009c       ?cw_dup@@YGXPBDAAHAAPA_W1@Z 1000109c f   CWString.obj
 0001:0000010b       ?cw_memcpy@@YGHPA_WPBDH@Z  1000110b f   CWString.obj
 0001:00000137       ?cw_strcpy@@YAHPA_WPBD@Z   10001137 f   CWString.obj
 0001:0000014a       ?cw_strlen@@YAHPBD@Z       1000114a f   CWString.obj
 0001:00000163       ??0CAtlComModule@ATL@@QAE@XZ 10001163 f i OposVariant.obj
 0001:000001a8       ??0CAtlWinModule@ATL@@QAE@XZ 100011a8 f i OposVariant.obj
 0001:000001df       ??0OposDispParms@@QAE@PAVOposVariant@@H@Z 100011df f   OposVariant.obj
 0001:00000250       ??1OposDispParms@@QAE@XZ   10001250 f   OposVariant.obj
 0001:0000025e       ??A?$CSimpleArray@GV?$CSimpleArrayEqualHelper@G@ATL@@@ATL@@QAEAAGH@Z 1000125e f i OposVariant.obj
 0001:00000283       ??_Estringdispid@CComTypeInfoHolder@ATL@@QAEPAXI@Z 10001283 f i OposVariant.obj
 0001:000002ef       ?AtlWinModuleInit@ATL@@YGJPAU_ATL_WIN_MODULE70@1@@Z 100012ef f i OposVariant.obj
 0001:00000315       ?AtlWinModuleTerm@ATL@@YGJPAU_ATL_WIN_MODULE70@1@PAUHINSTANCE__@@@Z 10001315 f i OposVariant.obj
 0001:00000378       ?ChangeBSTR@OposVariant@@QAEXPAPA_WAAJ@Z 10001378 f   OposVariant.obj
 0001:000003b9       ?ChangeLONG@OposVariant@@QAEXPAJAAJ@Z 100013b9 f   OposVariant.obj
 0001:000003fa       ?GetLONG@OposVariant@@QAEJXZ 100013fa f   OposVariant.obj
 0001:00000415       ?Init@CComCriticalSection@ATL@@QAEJXZ 10001415 f i OposVariant.obj
 0001:0000043d       ?RemoveAll@?$CSimpleArray@PAUHINSTANCE__@@V?$CSimpleArrayEqualHelper@PAUHINSTANCE__@@@ATL@@@ATL@@QAEXXZ 1000143d f i atls:atlbase.obj
 0001:0000043d       ?RemoveAll@?$CSimpleArray@GV?$CSimpleArrayEqualHelper@G@ATL@@@ATL@@QAEXXZ 1000143d f i OposVariant.obj
 0001:0000045a       ?SetBSTR@OposVariant@@QAEXPA_WAAJ@Z 1000145a f   OposVariant.obj
 0001:0000048e       ?SetBSTR_Copy@OposVariant@@QAEXPA_WAAJ@Z 1000148e f   OposVariant.obj
 0001:000004de       ?SetBSTR_InOutPtr@OposVariant@@QAE_NPAPA_WAAJ@Z 100014de f   OposVariant.obj
 0001:00000515       ?SetDispatch_Ptr@OposVariant@@QAEXPAUIDispatch@@AAJ@Z 10001515 f   OposVariant.obj
 0001:00000550       ?SetLONG@OposVariant@@QAEXJ@Z 10001550 f   OposVariant.obj
 0001:00000572       ?SetLONG_Ptr@OposVariant@@QAEXPAJAAJ@Z 10001572 f   OposVariant.obj
 0001:000005a5       ?SetString@OposVariant@@QAEXPB_WAAJ@Z 100015a5 f   OposVariant.obj
 0001:000005eb       ?SetVARIANT_BOOL@OposVariant@@QAEXF@Z 100015eb f   OposVariant.obj
 0001:00000615       ?Term@CAtlComModule@ATL@@QAEXXZ 10001615 f i OposVariant.obj
 0001:0000065f       ?_AtlRaiseException@ATL@@YAXKK@Z 1000165f f i OposVariant.obj
 0001:00000674       ?AddRef@?$CComObjectCached@VCComClassFactory@ATL@@@ATL@@UAGKXZ 10001674 f i RemoteOrderDisplay.obj
 0001:0000069b       ?Release@?$CComObjectCached@VCComClassFactory@ATL@@@ATL@@UAGKXZ 1000169b f i RemoteOrderDisplay.obj
 0001:000006d1       ?QueryInterface@?$CComObjectCached@VCComClassFactory@ATL@@@ATL@@UAGJABU_GUID@@PAPAX@Z 100016d1 f i RemoteOrderDisplay.obj
 0001:000006eb       ??_G?$CComObjectCached@VCComClassFactory@ATL@@@ATL@@UAEPAXI@Z 100016eb f i RemoteOrderDisplay.obj
 0001:000006eb       ??_E?$CComObjectCached@VCComClassFactory@ATL@@@ATL@@UAEPAXI@Z 100016eb f i RemoteOrderDisplay.obj
 0001:0000070d       ?AddRef@?$CComAggObject@VCOPOSRemoteOrderDisplay@@@ATL@@UAGKXZ 1000170d f i RemoteOrderDisplay.obj
 0001:0000071e       ?Release@?$CComAggObject@VCOPOSRemoteOrderDisplay@@@ATL@@UAGKXZ 1000171e f i RemoteOrderDisplay.obj
 0001:0000075a       ?QueryInterface@?$CComAggObject@VCOPOSRemoteOrderDisplay@@@ATL@@UAGJABU_GUID@@PAPAX@Z 1000175a f i RemoteOrderDisplay.obj
 0001:000007a9       ?AddRef@?$CComContainedObject@VCOPOSRemoteOrderDisplay@@@ATL@@UAGKXZ 100017a9 f i RemoteOrderDisplay.obj
 0001:000007bf       ?Release@?$CComContainedObject@VCOPOSRemoteOrderDisplay@@@ATL@@UAGKXZ 100017bf f i RemoteOrderDisplay.obj
 0001:000007d5       ?QueryInterface@?$CComContainedObject@VCOPOSRemoteOrderDisplay@@@ATL@@UAGJABU_GUID@@PAPAX@Z 100017d5 f i RemoteOrderDisplay.obj
 0001:000007f0       ??_G?$CComAggObject@VCOPOSRemoteOrderDisplay@@@ATL@@UAEPAXI@Z 100017f0 f i RemoteOrderDisplay.obj
 0001:000007f0       ??_E?$CComAggObject@VCOPOSRemoteOrderDisplay@@@ATL@@UAEPAXI@Z 100017f0 f i RemoteOrderDisplay.obj
 0001:00000815       ?AddRef@?$CComObject@VCOPOSRemoteOrderDisplay@@@ATL@@UAGKXZ 10001815 f i RemoteOrderDisplay.obj
 0001:0000082c       ?Release@?$CComObject@VCOPOSRemoteOrderDisplay@@@ATL@@UAGKXZ 1000182c f i RemoteOrderDisplay.obj
 0001:0000086e       ?QueryInterface@?$CComObject@VCOPOSRemoteOrderDisplay@@@ATL@@UAGJABU_GUID@@PAPAX@Z 1000186e f i RemoteOrderDisplay.obj
 0001:00000888       ?ObjectMain@CComObjectRootBase@ATL@@SGX_N@Z 10001888 f i RemoteOrderDisplay.obj
 0001:00000888       ?OnFinalMessage@?$CWindowImplBaseT@VCWindow@ATL@@V?$CWinTraits@$0FGAAAAAA@$0A@@2@@ATL@@UAEXPAUHWND__@@@Z 10001888 f i RemoteOrderDisplay.obj
 0001:0000088b       ?GetObjectDescription@?$CComCoClass@VCOPOSRemoteOrderDisplay@@$1?CLSID_OPOSRemoteOrderDisplay@@3U_GUID@@B@ATL@@SGPB_WXZ 1000188b f i RemoteOrderDisplay.obj
 0001:0000088b       ?GetCategoryMap@CComObjectRootBase@ATL@@SAPBU_ATL_CATMAP_ENTRY@2@XZ 1000188b f i RemoteOrderDisplay.obj
 0001:0000088e       ?CreateInstance@CComClassFactory@ATL@@UAGJPAUIUnknown@@ABU_GUID@@PAPAX@Z 1000188e f i RemoteOrderDisplay.obj
 0001:000008cc       ?LockServer@CComClassFactory@ATL@@UAGJH@Z 100018cc f i RemoteOrderDisplay.obj
 0001:000008eb       ??_ECComClassFactory@ATL@@UAEPAXI@Z 100018eb f i RemoteOrderDisplay.obj
 0001:000008eb       ??_GCComClassFactory@ATL@@UAEPAXI@Z 100018eb f i RemoteOrderDisplay.obj
 0001:00000916       ?OnDrawAdvanced@CComControlBase@ATL@@UAEJAAUATL_DRAWINFO@@@Z 10001916 f i RemoteOrderDisplay.obj
 0001:00000a05       ?Next@?$CComEnumImpl@UIEnumConnections@@$1?_GUID_b196b287_bab4_101a_b69c_00aa00341d07@@3U__s_GUID@@BUtagCONNECTDATA@@V?$_Copy@UtagCONNECTDATA@@@ATL@@@ATL@@UAGJKPAUtagCONNECTDATA@@PAK@Z 10001a05 f i RemoteOrderDisplay.obj
 0001:00000adc       ?Skip@?$CComEnumImpl@UIEnumConnections@@$1?_GUID_b196b287_bab4_101a_b69c_00aa00341d07@@3U__s_GUID@@BUtagCONNECTDATA@@V?$_Copy@UtagCONNECTDATA@@@ATL@@@ATL@@UAGJK@Z 10001adc f i RemoteOrderDisplay.obj
 0001:00000b09       ?Reset@?$CComEnumImpl@UIEnumConnections@@$1?_GUID_b196b287_bab4_101a_b69c_00aa00341d07@@3U__s_GUID@@BUtagCONNECTDATA@@V?$_Copy@UtagCONNECTDATA@@@ATL@@@ATL@@UAGJXZ 10001b09 f i RemoteOrderDisplay.obj
 0001:00000b09       ?Reset@?$CComEnumImpl@UIEnumConnectionPoints@@$1?_GUID_b196b285_bab4_101a_b69c_00aa00341d07@@3U__s_GUID@@BPAUIConnectionPoint@@V?$_CopyInterface@UIConnectionPoint@@@ATL@@@ATL@@UAGJXZ 10001b09 f i RemoteOrderDisplay.obj
 0001:00000b1b       ?Clone@?$CComEnumImpl@UIEnumConnections@@$1?_GUID_b196b287_bab4_101a_b69c_00aa00341d07@@3U__s_GUID@@BUtagCONNECTDATA@@V?$_Copy@UtagCONNECTDATA@@@ATL@@@ATL@@UAGJPAPAUIEnumConnections@@@Z 10001b1b f i RemoteOrderDisplay.obj
 0001:00000bfa       ?AddRef@?$CComObject@V?$CComEnum@UIEnumConnections@@$1?_GUID_b196b287_bab4_101a_b69c_00aa00341d07@@3U__s_GUID@@BUtagCONNECTDATA@@V?$_Copy@UtagCONNECTDATA@@@ATL@@VCComSingleThreadModel@6@@ATL@@@ATL@@UAGKXZ 10001bfa f i RemoteOrderDisplay.obj
 0001:00000bfa       ?AddRef@?$CComObject@V?$CComEnum@UIEnumConnectionPoints@@$1?_GUID_b196b285_bab4_101a_b69c_00aa00341d07@@3U__s_GUID@@BPAUIConnectionPoint@@V?$_CopyInterface@UIConnectionPoint@@@ATL@@VCComSingleThreadModel@6@@ATL@@@ATL@@UAGKXZ 10001bfa f i RemoteOrderDisplay.obj
 0001:00000c0b       ?Release@?$CComObject@V?$CComEnum@UIEnumConnections@@$1?_GUID_b196b287_bab4_101a_b69c_00aa00341d07@@3U__s_GUID@@BUtagCONNECTDATA@@V?$_Copy@UtagCONNECTDATA@@@ATL@@VCComSingleThreadModel@6@@ATL@@@ATL@@UAGKXZ 10001c0b f i RemoteOrderDisplay.obj
 0001:00000c0b       ?Release@?$CComObject@V?$CComEnum@UIEnumConnectionPoints@@$1?_GUID_b196b285_bab4_101a_b69c_00aa00341d07@@3U__s_GUID@@BPAUIConnectionPoint@@V?$_CopyInterface@UIConnectionPoint@@@ATL@@VCComSingleThreadModel@6@@ATL@@@ATL@@UAGKXZ 10001c0b f i RemoteOrderDisplay.obj
 0001:00000c47       ?QueryInterface@?$CComObject@V?$CComEnum@UIEnumConnections@@$1?_GUID_b196b287_bab4_101a_b69c_00aa00341d07@@3U__s_GUID@@BUtagCONNECTDATA@@V?$_Copy@UtagCONNECTDATA@@@ATL@@VCComSingleThreadModel@6@@ATL@@@ATL@@UAGJABU_GUID@@PAPAX@Z 10001c47 f i RemoteOrderDisplay.obj
 0001:00000c61       ??_G?$CComObject@V?$CComEnum@UIEnumConnections@@$1?_GUID_b196b287_bab4_101a_b69c_00aa00341d07@@3U__s_GUID@@BUtagCONNECTDATA@@V?$_Copy@UtagCONNECTDATA@@@ATL@@VCComSingleThreadModel@6@@ATL@@@ATL@@UAEPAXI@Z 10001c61 f i RemoteOrderDisplay.obj
 0001:00000c61       ??_E?$CComObject@V?$CComEnum@UIEnumConnections@@$1?_GUID_b196b287_bab4_101a_b69c_00aa00341d07@@3U__s_GUID@@BUtagCONNECTDATA@@V?$_Copy@UtagCONNECTDATA@@@ATL@@VCComSingleThreadModel@6@@ATL@@@ATL@@UAEPAXI@Z 10001c61 f i RemoteOrderDisplay.obj
 0001:00000c83       ??_E?$CComObject@VCOPOSRemoteOrderDisplay@@@ATL@@W3AEPAXI@Z 10001c83 f i RemoteOrderDisplay.obj
 0001:00000c8b       ??_E?$CComObject@VCOPOSRemoteOrderDisplay@@@ATL@@WEM@AEPAXI@Z 10001c8b f i RemoteOrderDisplay.obj
 0001:00000c93       ?QueryInterface@?$CComObject@VCOPOSRemoteOrderDisplay@@@ATL@@WHA@AGJABU_GUID@@PAPAX@Z 10001c93 f i RemoteOrderDisplay.obj
 0001:00000c9d       ?AddRef@?$CComObject@VCOPOSRemoteOrderDisplay@@@ATL@@WHA@AGKXZ 10001c9d f i RemoteOrderDisplay.obj
 0001:00000ca7       ?Release@?$CComObject@VCOPOSRemoteOrderDisplay@@@ATL@@WHA@AGKXZ 10001ca7 f i RemoteOrderDisplay.obj
 0001:00000cb1       ?QueryInterface@?$CComObject@VCOPOSRemoteOrderDisplay@@@ATL@@WHE@AGJABU_GUID@@PAPAX@Z 10001cb1 f i RemoteOrderDisplay.obj
 0001:00000cbb       ?AddRef@?$CComObject@VCOPOSRemoteOrderDisplay@@@ATL@@WHE@AGKXZ 10001cbb f i RemoteOrderDisplay.obj
 0001:00000cc5       ?Release@?$CComObject@VCOPOSRemoteOrderDisplay@@@ATL@@WHE@AGKXZ 10001cc5 f i RemoteOrderDisplay.obj
 0001:00000ccf       ?QueryInterface@?$CComObject@VCOPOSRemoteOrderDisplay@@@ATL@@WHI@AGJABU_GUID@@PAPAX@Z 10001ccf f i RemoteOrderDisplay.obj
 0001:00000cd9       ?AddRef@?$CComObject@VCOPOSRemoteOrderDisplay@@@ATL@@WHI@AGKXZ 10001cd9 f i RemoteOrderDisplay.obj
 0001:00000ce3       ?Release@?$CComObject@VCOPOSRemoteOrderDisplay@@@ATL@@WHI@AGKXZ 10001ce3 f i RemoteOrderDisplay.obj
 0001:00000ced       ?QueryInterface@?$CComObject@VCOPOSRemoteOrderDisplay@@@ATL@@WHM@AGJABU_GUID@@PAPAX@Z 10001ced f i RemoteOrderDisplay.obj
 0001:00000cf7       ?AddRef@?$CComObject@VCOPOSRemoteOrderDisplay@@@ATL@@WHM@AGKXZ 10001cf7 f i RemoteOrderDisplay.obj
 0001:00000d01       ?Release@?$CComObject@VCOPOSRemoteOrderDisplay@@@ATL@@WHM@AGKXZ 10001d01 f i RemoteOrderDisplay.obj
 0001:00000d0b       ?QueryInterface@?$CComObject@VCOPOSRemoteOrderDisplay@@@ATL@@WIA@AGJABU_GUID@@PAPAX@Z 10001d0b f i RemoteOrderDisplay.obj
 0001:00000d18       ?AddRef@?$CComObject@VCOPOSRemoteOrderDisplay@@@ATL@@WIA@AGKXZ 10001d18 f i RemoteOrderDisplay.obj
 0001:00000d25       ?Release@?$CComObject@VCOPOSRemoteOrderDisplay@@@ATL@@WIA@AGKXZ 10001d25 f i RemoteOrderDisplay.obj
 0001:00000d32       ?QueryInterface@?$CComObject@VCOPOSRemoteOrderDisplay@@@ATL@@WIE@AGJABU_GUID@@PAPAX@Z 10001d32 f i RemoteOrderDisplay.obj
 0001:00000d3f       ?AddRef@?$CComObject@VCOPOSRemoteOrderDisplay@@@ATL@@WIE@AGKXZ 10001d3f f i RemoteOrderDisplay.obj
 0001:00000d4c       ?Release@?$CComObject@VCOPOSRemoteOrderDisplay@@@ATL@@WIE@AGKXZ 10001d4c f i RemoteOrderDisplay.obj
 0001:00000d59       ?QueryInterface@?$CComObject@VCOPOSRemoteOrderDisplay@@@ATL@@WII@AGJABU_GUID@@PAPAX@Z 10001d59 f i RemoteOrderDisplay.obj
 0001:00000d66       ?AddRef@?$CComObject@VCOPOSRemoteOrderDisplay@@@ATL@@WII@AGKXZ 10001d66 f i RemoteOrderDisplay.obj
 0001:00000d73       ?Release@?$CComObject@VCOPOSRemoteOrderDisplay@@@ATL@@WII@AGKXZ 10001d73 f i RemoteOrderDisplay.obj
 0001:00000d80       ?QueryInterface@?$CComObject@VCOPOSRemoteOrderDisplay@@@ATL@@WIM@AGJABU_GUID@@PAPAX@Z 10001d80 f i RemoteOrderDisplay.obj
 0001:00000d8d       ?AddRef@?$CComObject@VCOPOSRemoteOrderDisplay@@@ATL@@WIM@AGKXZ 10001d8d f i RemoteOrderDisplay.obj
 0001:00000d9a       ?Release@?$CComObject@VCOPOSRemoteOrderDisplay@@@ATL@@WIM@AGKXZ 10001d9a f i RemoteOrderDisplay.obj
 0001:00000da7       ?QueryInterface@?$CComObject@VCOPOSRemoteOrderDisplay@@@ATL@@WJA@AGJABU_GUID@@PAPAX@Z 10001da7 f i RemoteOrderDisplay.obj
 0001:00000db4       ?AddRef@?$CComObject@VCOPOSRemoteOrderDisplay@@@ATL@@WJA@AGKXZ 10001db4 f i RemoteOrderDisplay.obj
 0001:00000dc1       ?Release@?$CComObject@VCOPOSRemoteOrderDisplay@@@ATL@@WJA@AGKXZ 10001dc1 f i RemoteOrderDisplay.obj
 0001:00000dce       ?QueryInterface@?$CComObject@VCOPOSRemoteOrderDisplay@@@ATL@@WJE@AGJABU_GUID@@PAPAX@Z 10001dce f i RemoteOrderDisplay.obj
 0001:00000ddb       ?AddRef@?$CComObject@VCOPOSRemoteOrderDisplay@@@ATL@@WJE@AGKXZ 10001ddb f i RemoteOrderDisplay.obj
 0001:00000de8       ?Release@?$CComObject@VCOPOSRemoteOrderDisplay@@@ATL@@WJE@AGKXZ 10001de8 f i RemoteOrderDisplay.obj
 0001:00000df5       ?QueryInterface@?$CComObject@VCOPOSRemoteOrderDisplay@@@ATL@@WJI@AGJABU_GUID@@PAPAX@Z 10001df5 f i RemoteOrderDisplay.obj
 0001:00000e02       ?AddRef@?$CComObject@VCOPOSRemoteOrderDisplay@@@ATL@@WJI@AGKXZ 10001e02 f i RemoteOrderDisplay.obj
 0001:00000e0f       ?Release@?$CComObject@VCOPOSRemoteOrderDisplay@@@ATL@@WJI@AGKXZ 10001e0f f i RemoteOrderDisplay.obj
 0001:00000e1c       ?QueryInterface@?$CComObject@VCOPOSRemoteOrderDisplay@@@ATL@@WJM@AGJABU_GUID@@PAPAX@Z 10001e1c f i RemoteOrderDisplay.obj
 0001:00000e29       ?AddRef@?$CComObject@VCOPOSRemoteOrderDisplay@@@ATL@@WJM@AGKXZ 10001e29 f i RemoteOrderDisplay.obj
 0001:00000e36       ?Release@?$CComObject@VCOPOSRemoteOrderDisplay@@@ATL@@WJM@AGKXZ 10001e36 f i RemoteOrderDisplay.obj
 0001:00000e43       ?QueryInterface@?$CComObject@VCOPOSRemoteOrderDisplay@@@ATL@@WKA@AGJABU_GUID@@PAPAX@Z 10001e43 f i RemoteOrderDisplay.obj
 0001:00000e50       ?AddRef@?$CComObject@VCOPOSRemoteOrderDisplay@@@ATL@@WKA@AGKXZ 10001e50 f i RemoteOrderDisplay.obj
 0001:00000e5d       ?Release@?$CComObject@VCOPOSRemoteOrderDisplay@@@ATL@@WKA@AGKXZ 10001e5d f i RemoteOrderDisplay.obj
 0001:00000e6a       ?AddRef@?$CComObject@VCOPOSRemoteOrderDisplay@@@ATL@@WKI@AGKXZ 10001e6a f i RemoteOrderDisplay.obj
 0001:00000e77       ?Release@?$CComObject@VCOPOSRemoteOrderDisplay@@@ATL@@WKI@AGKXZ 10001e77 f i RemoteOrderDisplay.obj
 0001:00000e84       ?AddRef@?$CComObject@VCOPOSRemoteOrderDisplay@@@ATL@@WLE@AGKXZ 10001e84 f i RemoteOrderDisplay.obj
 0001:00000e91       ?Release@?$CComObject@VCOPOSRemoteOrderDisplay@@@ATL@@WLE@AGKXZ 10001e91 f i RemoteOrderDisplay.obj
 0001:00000e9e       ??_E?$CComContainedObject@VCOPOSRemoteOrderDisplay@@@ATL@@W3AEPAXI@Z 10001e9e f i RemoteOrderDisplay.obj
 0001:00000ea6       ??_E?$CComContainedObject@VCOPOSRemoteOrderDisplay@@@ATL@@WEM@AEPAXI@Z 10001ea6 f i RemoteOrderDisplay.obj
 0001:00000eae       ?QueryInterface@?$CComContainedObject@VCOPOSRemoteOrderDisplay@@@ATL@@WHA@AGJABU_GUID@@PAPAX@Z 10001eae f i RemoteOrderDisplay.obj
 0001:00000eb8       ?AddRef@?$CComContainedObject@VCOPOSRemoteOrderDisplay@@@ATL@@WHA@AGKXZ 10001eb8 f i RemoteOrderDisplay.obj
 0001:00000ec2       ?Release@?$CComContainedObject@VCOPOSRemoteOrderDisplay@@@ATL@@WHA@AGKXZ 10001ec2 f i RemoteOrderDisplay.obj
 0001:00000ecc       ?QueryInterface@?$CComContainedObject@VCOPOSRemoteOrderDisplay@@@ATL@@WHE@AGJABU_GUID@@PAPAX@Z 10001ecc f i RemoteOrderDisplay.obj
 0001:00000ed6       ?AddRef@?$CComContainedObject@VCOPOSRemoteOrderDisplay@@@ATL@@WHE@AGKXZ 10001ed6 f i RemoteOrderDisplay.obj
 0001:00000ee0       ?Release@?$CComContainedObject@VCOPOSRemoteOrderDisplay@@@ATL@@WHE@AGKXZ 10001ee0 f i RemoteOrderDisplay.obj
 0001:00000eea       ?QueryInterface@?$CComContainedObject@VCOPOSRemoteOrderDisplay@@@ATL@@WHI@AGJABU_GUID@@PAPAX@Z 10001eea f i RemoteOrderDisplay.obj
 0001:00000ef4       ?AddRef@?$CComContainedObject@VCOPOSRemoteOrderDisplay@@@ATL@@WHI@AGKXZ 10001ef4 f i RemoteOrderDisplay.obj
 0001:00000efe       ?Release@?$CComContainedObject@VCOPOSRemoteOrderDisplay@@@ATL@@WHI@AGKXZ 10001efe f i RemoteOrderDisplay.obj
 0001:00000f08       ?QueryInterface@?$CComContainedObject@VCOPOSRemoteOrderDisplay@@@ATL@@WHM@AGJABU_GUID@@PAPAX@Z 10001f08 f i RemoteOrderDisplay.obj
 0001:00000f12       ?AddRef@?$CComContainedObject@VCOPOSRemoteOrderDisplay@@@ATL@@WHM@AGKXZ 10001f12 f i RemoteOrderDisplay.obj
 0001:00000f1c       ?Release@?$CComContainedObject@VCOPOSRemoteOrderDisplay@@@ATL@@WHM@AGKXZ 10001f1c f i RemoteOrderDisplay.obj
 0001:00000f26       ?QueryInterface@?$CComContainedObject@VCOPOSRemoteOrderDisplay@@@ATL@@WIA@AGJABU_GUID@@PAPAX@Z 10001f26 f i RemoteOrderDisplay.obj
 0001:00000f33       ?AddRef@?$CComContainedObject@VCOPOSRemoteOrderDisplay@@@ATL@@WIA@AGKXZ 10001f33 f i RemoteOrderDisplay.obj
 0001:00000f40       ?Release@?$CComContainedObject@VCOPOSRemoteOrderDisplay@@@ATL@@WIA@AGKXZ 10001f40 f i RemoteOrderDisplay.obj
 0001:00000f4d       ?QueryInterface@?$CComContainedObject@VCOPOSRemoteOrderDisplay@@@ATL@@WIE@AGJABU_GUID@@PAPAX@Z 10001f4d f i RemoteOrderDisplay.obj
 0001:00000f5a       ?AddRef@?$CComContainedObject@VCOPOSRemoteOrderDisplay@@@ATL@@WIE@AGKXZ 10001f5a f i RemoteOrderDisplay.obj
 0001:00000f67       ?Release@?$CComContainedObject@VCOPOSRemoteOrderDisplay@@@ATL@@WIE@AGKXZ 10001f67 f i RemoteOrderDisplay.obj
 0001:00000f74       ?QueryInterface@?$CComContainedObject@VCOPOSRemoteOrderDisplay@@@ATL@@WII@AGJABU_GUID@@PAPAX@Z 10001f74 f i RemoteOrderDisplay.obj
 0001:00000f81       ?AddRef@?$CComContainedObject@VCOPOSRemoteOrderDisplay@@@ATL@@WII@AGKXZ 10001f81 f i RemoteOrderDisplay.obj
 0001:00000f8e       ?Release@?$CComContainedObject@VCOPOSRemoteOrderDisplay@@@ATL@@WII@AGKXZ 10001f8e f i RemoteOrderDisplay.obj
 0001:00000f9b       ?QueryInterface@?$CComContainedObject@VCOPOSRemoteOrderDisplay@@@ATL@@WIM@AGJABU_GUID@@PAPAX@Z 10001f9b f i RemoteOrderDisplay.obj
 0001:00000fa8       ?AddRef@?$CComContainedObject@VCOPOSRemoteOrderDisplay@@@ATL@@WIM@AGKXZ 10001fa8 f i RemoteOrderDisplay.obj
 0001:00000fb5       ?Release@?$CComContainedObject@VCOPOSRemoteOrderDisplay@@@ATL@@WIM@AGKXZ 10001fb5 f i RemoteOrderDisplay.obj
 0001:00000fc2       ?QueryInterface@?$CComContainedObject@VCOPOSRemoteOrderDisplay@@@ATL@@WJA@AGJABU_GUID@@PAPAX@Z 10001fc2 f i RemoteOrderDisplay.obj
 0001:00000fcf       ?AddRef@?$CComContainedObject@VCOPOSRemoteOrderDisplay@@@ATL@@WJA@AGKXZ 10001fcf f i RemoteOrderDisplay.obj
 0001:00000fdc       ?Release@?$CComContainedObject@VCOPOSRemoteOrderDisplay@@@ATL@@WJA@AGKXZ 10001fdc f i RemoteOrderDisplay.obj
 0001:00000fe9       ?QueryInterface@?$CComContainedObject@VCOPOSRemoteOrderDisplay@@@ATL@@WJE@AGJABU_GUID@@PAPAX@Z 10001fe9 f i RemoteOrderDisplay.obj
 0001:00000ff6       ?AddRef@?$CComContainedObject@VCOPOSRemoteOrderDisplay@@@ATL@@WJE@AGKXZ 10001ff6 f i RemoteOrderDisplay.obj
 0001:00001003       ?Release@?$CComContainedObject@VCOPOSRemoteOrderDisplay@@@ATL@@WJE@AGKXZ 10002003 f i RemoteOrderDisplay.obj
 0001:00001010       ?QueryInterface@?$CComContainedObject@VCOPOSRemoteOrderDisplay@@@ATL@@WJI@AGJABU_GUID@@PAPAX@Z 10002010 f i RemoteOrderDisplay.obj
 0001:0000101d       ?AddRef@?$CComContainedObject@VCOPOSRemoteOrderDisplay@@@ATL@@WJI@AGKXZ 1000201d f i RemoteOrderDisplay.obj
 0001:0000102a       ?Release@?$CComContainedObject@VCOPOSRemoteOrderDisplay@@@ATL@@WJI@AGKXZ 1000202a f i RemoteOrderDisplay.obj
 0001:00001037       ?QueryInterface@?$CComContainedObject@VCOPOSRemoteOrderDisplay@@@ATL@@WJM@AGJABU_GUID@@PAPAX@Z 10002037 f i RemoteOrderDisplay.obj
 0001:00001044       ?AddRef@?$CComContainedObject@VCOPOSRemoteOrderDisplay@@@ATL@@WJM@AGKXZ 10002044 f i RemoteOrderDisplay.obj
 0001:00001051       ?Release@?$CComContainedObject@VCOPOSRemoteOrderDisplay@@@ATL@@WJM@AGKXZ 10002051 f i RemoteOrderDisplay.obj
 0001:0000105e       ?QueryInterface@?$CComContainedObject@VCOPOSRemoteOrderDisplay@@@ATL@@WKA@AGJABU_GUID@@PAPAX@Z 1000205e f i RemoteOrderDisplay.obj
 0001:0000106b       ?AddRef@?$CComContainedObject@VCOPOSRemoteOrderDisplay@@@ATL@@WKA@AGKXZ 1000206b f i RemoteOrderDisplay.obj
 0001:00001078       ?Release@?$CComContainedObject@VCOPOSRemoteOrderDisplay@@@ATL@@WKA@AGKXZ 10002078 f i RemoteOrderDisplay.obj
 0001:00001085       ?AddRef@?$CComContainedObject@VCOPOSRemoteOrderDisplay@@@ATL@@WKI@AGKXZ 10002085 f i RemoteOrderDisplay.obj
 0001:00001092       ?Release@?$CComContainedObject@VCOPOSRemoteOrderDisplay@@@ATL@@WKI@AGKXZ 10002092 f i RemoteOrderDisplay.obj
 0001:0000109f       ?AddRef@?$CComContainedObject@VCOPOSRemoteOrderDisplay@@@ATL@@WLE@AGKXZ 1000209f f i RemoteOrderDisplay.obj
 0001:000010ac       ?Release@?$CComContainedObject@VCOPOSRemoteOrderDisplay@@@ATL@@WLE@AGKXZ 100020ac f i RemoteOrderDisplay.obj
 0001:000010b9       ?Lock@CAtlModule@ATL@@UAEJXZ 100020b9 f i RemoteOrderDisplay.obj
 0001:000010c3       ?Unlock@CAtlModule@ATL@@UAEJXZ 100020c3 f i RemoteOrderDisplay.obj
 0001:000010cd       ?GetLockCount@CAtlModule@ATL@@UAEJXZ 100020cd f i RemoteOrderDisplay.obj
 0001:000010d1       ?GetGITPtr@CAtlModule@ATL@@UAEJPAPAUIGlobalInterfaceTable@@@Z 100020d1 f i RemoteOrderDisplay.obj
 0001:0000111d       ?AddCommonRGSReplacements@?$CAtlModuleT@VCComModule@ATL@@@ATL@@UAEJPAUIRegistrarBase@@@Z 1000211d f i RemoteOrderDisplay.obj
 0001:00001137       ?UpdateRegistryFromResourceD@CComModule@ATL@@UAGJPB_WHPAU_ATL_REGMAP_ENTRY@2@@Z 10002137 f i RemoteOrderDisplay.obj
 0001:00001137       ?UpdateRegistryFromResourceD@CComModule@ATL@@UAGJIHPAU_ATL_REGMAP_ENTRY@2@@Z 10002137 f i RemoteOrderDisplay.obj
 0001:0000113f       ?UpdateRegistryFromResource@CComModule@ATL@@UAGJPB_WHPAU_ATL_REGMAP_ENTRY@2@@Z 1000213f f i RemoteOrderDisplay.obj
 0001:00001148       ?UpdateRegistryFromResource@CComModule@ATL@@UAGJIHPAU_ATL_REGMAP_ENTRY@2@@Z 10002148 f i RemoteOrderDisplay.obj
 0001:00001151       ??_ECComModule@ATL@@UAEPAXI@Z 10002151 f i RemoteOrderDisplay.obj
 0001:00001151       ??_GCComModule@ATL@@UAEPAXI@Z 10002151 f i RemoteOrderDisplay.obj
 0001:00001179       ?GetWindowProc@?$CWindowImplBaseT@VCWindow@ATL@@V?$CWinTraits@$0FGAAAAAA@$0A@@2@@ATL@@UAEP6GJPAUHWND__@@IIJ@ZXZ 10002179 f i RemoteOrderDisplay.obj
 0001:0000117f       ?StartWindowProc@?$CWindowImplBaseT@VCWindow@ATL@@V?$CWinTraits@$0FGAAAAAA@$0A@@2@@ATL@@SGJPAUHWND__@@IIJ@Z 1000217f f i RemoteOrderDisplay.obj
 0001:000011d3       ?GetTypeInfoCount@?$IDispatchImpl@UIOPOSRemoteOrderDisplay@@$1?IID_IOPOSRemoteOrderDisplay@@3U_GUID@@B$1?LIBID_OposRemoteOrderDisplay_CCO@@3U3@B$00$0A@VCComTypeInfoHolder@ATL@@@ATL@@UAGJPAI@Z 100021d3 f i RemoteOrderDisplay.obj
 0001:000011f0       ?GetTypeInfo@?$IDispatchImpl@UIOPOSRemoteOrderDisplay@@$1?IID_IOPOSRemoteOrderDisplay@@3U_GUID@@B$1?LIBID_OposRemoteOrderDisplay_CCO@@3U3@B$00$0A@VCComTypeInfoHolder@ATL@@@ATL@@UAGJIKPAPAUITypeInfo@@@Z 100021f0 f i RemoteOrderDisplay.obj
 0001:00001214       ?GetIDsOfNames@?$IDispatchImpl@UIOPOSRemoteOrderDisplay@@$1?IID_IOPOSRemoteOrderDisplay@@3U_GUID@@B$1?LIBID_OposRemoteOrderDisplay_CCO@@3U3@B$00$0A@VCComTypeInfoHolder@ATL@@@ATL@@UAGJABU_GUID@@PAPA_WIKPAJ@Z 10002214 f i RemoteOrderDisplay.obj
 0001:00001234       ?Invoke@?$IDispatchImpl@UIOPOSRemoteOrderDisplay@@$1?IID_IOPOSRemoteOrderDisplay@@3U_GUID@@B$1?LIBID_OposRemoteOrderDisplay_CCO@@3U3@B$00$0A@VCComTypeInfoHolder@ATL@@@ATL@@UAGJJABU_GUID@@KGPAUtagDISPPARAMS@@PAUtagVARIANT@@PAUtagEXCEPINFO@@PAI@Z 10002234 f i RemoteOrderDisplay.obj
 0001:00001242       ?CreateControlWindow@?$CComControl@VCOPOSRemoteOrderDisplay@@V?$CWindowImpl@VCOPOSRemoteOrderDisplay@@VCWindow@ATL@@V?$CWinTraits@$0FGAAAAAA@$0A@@3@@ATL@@@ATL@@UAEPAUHWND__@@PAU3@AAUtagRECT@@@Z 10002242 f i RemoteOrderDisplay.obj
 0001:00001271       ?ControlQueryInterface@?$CComControl@VCOPOSRemoteOrderDisplay@@V?$CWindowImpl@VCOPOSRemoteOrderDisplay@@VCWindow@ATL@@V?$CWinTraits@$0FGAAAAAA@$0A@@3@@ATL@@@ATL@@UAEJABU_GUID@@PAPAX@Z 10002271 f i RemoteOrderDisplay.obj
 0001:0000128c       ?GetUserClassID@?$IOleObjectImpl@VCOPOSRemoteOrderDisplay@@@ATL@@UAGJPAU_GUID@@@Z 1000228c f i RemoteOrderDisplay.obj
 0001:0000128c       ?GetClassID@?$IPersistStorageImpl@VCOPOSRemoteOrderDisplay@@@ATL@@UAGJPAU_GUID@@@Z 1000228c f i RemoteOrderDisplay.obj
 0001:0000128c       ?GetClassID@?$IPersistStreamInitImpl@VCOPOSRemoteOrderDisplay@@@ATL@@UAGJPAU_GUID@@@Z 1000228c f i RemoteOrderDisplay.obj
 0001:000012b0       ?IsDirty@?$IPersistStreamInitImpl@VCOPOSRemoteOrderDisplay@@@ATL@@UAGJXZ 100022b0 f i RemoteOrderDisplay.obj
 0001:000012cf       ?Load@?$IPersistStreamInitImpl@VCOPOSRemoteOrderDisplay@@@ATL@@UAGJPAUIStream@@@Z 100022cf f i RemoteOrderDisplay.obj
 0001:000012ee       ?Save@?$IPersistStreamInitImpl@VCOPOSRemoteOrderDisplay@@@ATL@@UAGJPAUIStream@@H@Z 100022ee f i RemoteOrderDisplay.obj
 0001:00001310       ?GetSizeMax@?$IPersistStreamInitImpl@VCOPOSRemoteOrderDisplay@@@ATL@@UAGJPAT_ULARGE_INTEGER@@@Z 10002310 f i RemoteOrderDisplay.obj
 0001:000014c5       ?InitNew@?$IPersistStreamInitImpl@VCOPOSRemoteOrderDisplay@@@ATL@@UAGJXZ 100024c5 f i RemoteOrderDisplay.obj
 0001:000014e2       ?GetDropTarget@?$IOleInPlaceObjectWindowlessImpl@VCOPOSRemoteOrderDisplay@@@ATL@@UAGJPAPAUIDropTarget@@@Z 100024e2 f i RemoteOrderDisplay.obj
 0001:000014e2       ?GetControlInfo@?$IOleControlImpl@VCOPOSRemoteOrderDisplay@@@ATL@@UAGJPAUtagCONTROLINFO@@@Z 100024e2 f i RemoteOrderDisplay.obj
 0001:000014e2       ?OnMnemonic@?$IOleControlImpl@VCOPOSRemoteOrderDisplay@@@ATL@@UAGJPAUtagMSG@@@Z 100024e2 f i RemoteOrderDisplay.obj
 0001:000014e2       ?ContextSensitiveHelp@?$IOleInPlaceActiveObjectImpl@VCOPOSRemoteOrderDisplay@@@ATL@@UAGJH@Z 100024e2 f i RemoteOrderDisplay.obj
 0001:000014e2       ?ContextSensitiveHelp@?$IOleInPlaceObjectWindowlessImpl@VCOPOSRemoteOrderDisplay@@@ATL@@UAGJH@Z 100024e2 f i RemoteOrderDisplay.obj
 0001:000014e2       ?Unfreeze@?$IViewObjectExImpl@VCOPOSRemoteOrderDisplay@@@ATL@@UAGJK@Z 100024e2 f i RemoteOrderDisplay.obj
 0001:000014e2       ?QueryGetData@?$IDataObjectImpl@VCOPOSRemoteOrderDisplay@@@ATL@@UAGJPAUtagFORMATETC@@@Z 100024e2 f i RemoteOrderDisplay.obj
 0001:000014e2       ?SetColorScheme@?$IOleObjectImpl@VCOPOSRemoteOrderDisplay@@@ATL@@UAGJPAUtagLOGPALETTE@@@Z 100024e2 f i RemoteOrderDisplay.obj
 0001:000014ea       ?OnAmbientPropertyChange@?$IOleControlImpl@VCOPOSRemoteOrderDisplay@@@ATL@@UAGJJ@Z 100024ea f i RemoteOrderDisplay.obj
 0001:000014ea       ?OnFrameWindowActivate@?$IOleInPlaceActiveObjectImpl@VCOPOSRemoteOrderDisplay@@@ATL@@UAGJH@Z 100024ea f i RemoteOrderDisplay.obj
 0001:000014ea       ?SaveCompleted@?$IPersistStorageImpl@VCOPOSRemoteOrderDisplay@@@ATL@@UAGJPAUIStorage@@@Z 100024ea f i RemoteOrderDisplay.obj
 0001:000014ea       ?EnableModeless@?$IOleInPlaceActiveObjectImpl@VCOPOSRemoteOrderDisplay@@@ATL@@UAGJH@Z 100024ea f i RemoteOrderDisplay.obj
 0001:000014ef       ?SetClientSite@?$IOleObjectImpl@VCOPOSRemoteOrderDisplay@@@ATL@@UAGJPAUIOleClientSite@@@Z 100024ef f i RemoteOrderDisplay.obj
 0001:0000150c       ?GetClientSite@?$IOleObjectImpl@VCOPOSRemoteOrderDisplay@@@ATL@@UAGJPAPAUIOleClientSite@@@Z 1000250c f i RemoteOrderDisplay.obj
 0001:00001529       ?SetHostNames@?$IOleObjectImpl@VCOPOSRemoteOrderDisplay@@@ATL@@UAGJPB_W0@Z 10002529 f i RemoteOrderDisplay.obj
 0001:0000152e       ?Close@?$IOleObjectImpl@VCOPOSRemoteOrderDisplay@@@ATL@@UAGJK@Z 1000252e f i RemoteOrderDisplay.obj
 0001:0000154b       ?SetMoniker@?$IOleObjectImpl@VCOPOSRemoteOrderDisplay@@@ATL@@UAGJKPAUIMoniker@@@Z 1000254b f i RemoteOrderDisplay.obj
 0001:0000154b       ?GetDataHere@?$IDataObjectImpl@VCOPOSRemoteOrderDisplay@@@ATL@@UAGJPAUtagFORMATETC@@PAUtagSTGMEDIUM@@@Z 1000254b f i RemoteOrderDisplay.obj
 0001:0000154b       ?GetCanonicalFormatEtc@?$IDataObjectImpl@VCOPOSRemoteOrderDisplay@@@ATL@@UAGJPAUtagFORMATETC@@0@Z 1000254b f i RemoteOrderDisplay.obj
 0001:0000154b       ?GetClipboardData@?$IOleObjectImpl@VCOPOSRemoteOrderDisplay@@@ATL@@UAGJKPAPAUIDataObject@@@Z 1000254b f i RemoteOrderDisplay.obj
 0001:0000154b       ?EnumFormatEtc@?$IDataObjectImpl@VCOPOSRemoteOrderDisplay@@@ATL@@UAGJKPAPAUIEnumFORMATETC@@@Z 1000254b f i RemoteOrderDisplay.obj
 0001:0000154b       ?QueryInterface@CRegObject@ATL@@UAGJABU_GUID@@PAPAX@Z 1000254b f i RemoteOrderDisplay.obj
 0001:0000154b       ?GetRect@?$IViewObjectExImpl@VCOPOSRemoteOrderDisplay@@@ATL@@UAGJKPAU_RECTL@@@Z 1000254b f i RemoteOrderDisplay.obj
 0001:00001553       ?GetMoniker@?$IOleObjectImpl@VCOPOSRemoteOrderDisplay@@@ATL@@UAGJKKPAPAUIMoniker@@@Z 10002553 f i RemoteOrderDisplay.obj
 0001:00001553       ?SetData@?$IDataObjectImpl@VCOPOSRemoteOrderDisplay@@@ATL@@UAGJPAUtagFORMATETC@@PAUtagSTGMEDIUM@@H@Z 10002553 f i RemoteOrderDisplay.obj
 0001:00001553       ?InitFromData@?$IOleObjectImpl@VCOPOSRemoteOrderDisplay@@@ATL@@UAGJPAUIDataObject@@HK@Z 10002553 f i RemoteOrderDisplay.obj
 0001:0000155b       ?DoVerb@?$IOleObjectImpl@VCOPOSRemoteOrderDisplay@@@ATL@@UAGJJPAUtagMSG@@PAUIOleClientSite@@JPAUHWND__@@PBUtagRECT@@@Z 1000255b f i RemoteOrderDisplay.obj
 0001:00001673       ?EnumVerbs@?$IOleObjectImpl@VCOPOSRemoteOrderDisplay@@@ATL@@UAGJPAPAUIEnumOLEVERB@@@Z 10002673 f i RemoteOrderDisplay.obj
 0001:00001695       ?Update@?$IOleObjectImpl@VCOPOSRemoteOrderDisplay@@@ATL@@UAGJXZ 10002695 f i RemoteOrderDisplay.obj
 0001:00001695       ?Release@CRegObject@ATL@@UAGKXZ 10002695 f i RemoteOrderDisplay.obj
 0001:00001695       ?IsUpToDate@?$IOleObjectImpl@VCOPOSRemoteOrderDisplay@@@ATL@@UAGJXZ 10002695 f i RemoteOrderDisplay.obj
 0001:00001695       ?HandsOffStorage@?$IPersistStorageImpl@VCOPOSRemoteOrderDisplay@@@ATL@@UAGJXZ 10002695 f i RemoteOrderDisplay.obj
 0001:0000169a       ?GetUserType@?$IOleObjectImpl@VCOPOSRemoteOrderDisplay@@@ATL@@UAGJKPAPA_W@Z 1000269a f i RemoteOrderDisplay.obj
 0001:000016b2       ?SetExtent@?$IOleObjectImpl@VCOPOSRemoteOrderDisplay@@@ATL@@UAGJKPAUtagSIZE@@@Z 100026b2 f i RemoteOrderDisplay.obj
 0001:000016d2       ?GetExtent@?$IOleObjectImpl@VCOPOSRemoteOrderDisplay@@@ATL@@UAGJKPAUtagSIZE@@@Z 100026d2 f i RemoteOrderDisplay.obj
 0001:00001710       ?Advise@?$IOleObjectImpl@VCOPOSRemoteOrderDisplay@@@ATL@@UAGJPAUIAdviseSink@@PAK@Z 10002710 f i RemoteOrderDisplay.obj
 0001:00001730       ?Unadvise@?$IOleObjectImpl@VCOPOSRemoteOrderDisplay@@@ATL@@UAGJK@Z 10002730 f i RemoteOrderDisplay.obj
 0001:0000175f       ?EnumAdvise@?$IOleObjectImpl@VCOPOSRemoteOrderDisplay@@@ATL@@UAGJPAPAUIEnumSTATDATA@@@Z 1000275f f i RemoteOrderDisplay.obj
 0001:0000179f       ?GetMiscStatus@?$IOleObjectImpl@VCOPOSRemoteOrderDisplay@@@ATL@@UAGJKPAK@Z 1000279f f i RemoteOrderDisplay.obj
 0001:000017b7       ?GetWindow@?$IOleInPlaceActiveObjectImpl@VCOPOSRemoteOrderDisplay@@@ATL@@UAGJPAPAUHWND__@@@Z 100027b7 f i RemoteOrderDisplay.obj
 0001:00001804       ?TranslateAcceleratorW@?$IOleInPlaceActiveObjectImpl@VCOPOSRemoteOrderDisplay@@@ATL@@UAGJPAUtagMSG@@@Z 10002804 f i RemoteOrderDisplay.obj
 0001:000018a2       ?OnDocWindowActivate@?$IOleInPlaceActiveObjectImpl@VCOPOSRemoteOrderDisplay@@@ATL@@UAGJH@Z 100028a2 f i RemoteOrderDisplay.obj
 0001:000018c4       ?ResizeBorder@?$IOleInPlaceActiveObjectImpl@VCOPOSRemoteOrderDisplay@@@ATL@@UAGJPBUtagRECT@@PAUIOleInPlaceUIWindow@@H@Z 100028c4 f i RemoteOrderDisplay.obj
 0001:000018c9       ?Draw@?$IViewObjectExImpl@VCOPOSRemoteOrderDisplay@@@ATL@@UAGJKJPAXPAUtagDVTARGETDEVICE@@PAUHDC__@@2PBU_RECTL@@3P6GHK@ZK@Z 100028c9 f i RemoteOrderDisplay.obj
 0001:000018fb       ?GetColorSet@?$IViewObjectExImpl@VCOPOSRemoteOrderDisplay@@@ATL@@UAGJKJPAXPAUtagDVTARGETDEVICE@@PAUHDC__@@PAPAUtagLOGPALETTE@@@Z 100028fb f i RemoteOrderDisplay.obj
 0001:00001903       ?Freeze@?$IViewObjectExImpl@VCOPOSRemoteOrderDisplay@@@ATL@@UAGJKJPAXPAK@Z 10002903 f i RemoteOrderDisplay.obj
 0001:0000190b       ?SetAdvise@?$IViewObjectExImpl@VCOPOSRemoteOrderDisplay@@@ATL@@UAGJKKPAUIAdviseSink@@@Z 1000290b f i RemoteOrderDisplay.obj
 0001:0000192a       ?GetAdvise@?$IViewObjectExImpl@VCOPOSRemoteOrderDisplay@@@ATL@@UAGJPAK0PAPAUIAdviseSink@@@Z 1000292a f i RemoteOrderDisplay.obj
 0001:0000195f       ?GetExtent@?$IViewObjectExImpl@VCOPOSRemoteOrderDisplay@@@ATL@@UAGJKJPAUtagDVTARGETDEVICE@@PAUtagSIZE@@@Z 1000295f f i RemoteOrderDisplay.obj
 0001:00001990       ?GetViewStatus@?$IViewObjectExImpl@VCOPOSRemoteOrderDisplay@@@ATL@@UAGJPAK@Z 10002990 f i RemoteOrderDisplay.obj
 0001:000019ad       ?QueryHitPoint@?$IViewObjectExImpl@VCOPOSRemoteOrderDisplay@@@ATL@@UAGJKPBUtagRECT@@UtagPOINT@@JPAK@Z 100029ad f i RemoteOrderDisplay.obj
 0001:000019ee       ?QueryHitRect@?$IViewObjectExImpl@VCOPOSRemoteOrderDisplay@@@ATL@@UAGJKPBUtagRECT@@0JPAK@Z 100029ee f i RemoteOrderDisplay.obj
 0001:00001a49       ?GetNaturalExtent@?$IViewObjectExImpl@VCOPOSRemoteOrderDisplay@@@ATL@@UAGJKJPAUtagDVTARGETDEVICE@@PAUHDC__@@PAUtagExtentInfo@@PAUtagSIZE@@@Z 10002a49 f i RemoteOrderDisplay.obj
 0001:00001a94       ?GetWindow@?$IOleInPlaceObjectWindowlessImpl@VCOPOSRemoteOrderDisplay@@@ATL@@UAGJPAPAUHWND__@@@Z 10002a94 f i RemoteOrderDisplay.obj
 0001:00001ae1       ?InPlaceDeactivate@?$IOleInPlaceObjectWindowlessImpl@VCOPOSRemoteOrderDisplay@@@ATL@@UAGJXZ 10002ae1 f i RemoteOrderDisplay.obj
 0001:00001afb       ?UIDeactivate@?$IOleInPlaceObjectWindowlessImpl@VCOPOSRemoteOrderDisplay@@@ATL@@UAGJXZ 10002afb f i RemoteOrderDisplay.obj
 0001:00001b15       ?SetObjectRects@?$IOleInPlaceObjectWindowlessImpl@VCOPOSRemoteOrderDisplay@@@ATL@@UAGJPBUtagRECT@@0@Z 10002b15 f i RemoteOrderDisplay.obj
 0001:00001b35       ?ReactivateAndUndo@?$IOleInPlaceObjectWindowlessImpl@VCOPOSRemoteOrderDisplay@@@ATL@@UAGJXZ 10002b35 f i RemoteOrderDisplay.obj
 0001:00001b3d       ?OnWindowMessage@?$IOleInPlaceObjectWindowlessImpl@VCOPOSRemoteOrderDisplay@@@ATL@@UAGJIIJPAJ@Z 10002b3d f i RemoteOrderDisplay.obj
 0001:00001bad       ?EnumConnectionPoints@?$IConnectionPointContainerImpl@VCOPOSRemoteOrderDisplay@@@ATL@@UAGJPAPAUIEnumConnectionPoints@@@Z 10002bad f i RemoteOrderDisplay.obj
 0001:00001d27       ?FindConnectionPoint@?$IConnectionPointContainerImpl@VCOPOSRemoteOrderDisplay@@@ATL@@UAGJABU_GUID@@PAPAUIConnectionPoint@@@Z 10002d27 f i RemoteOrderDisplay.obj
 0001:00001dca       ?IsDirty@?$IPersistStorageImpl@VCOPOSRemoteOrderDisplay@@@ATL@@UAGJXZ 10002dca f i RemoteOrderDisplay.obj
 0001:00001dfe       ?InitNew@?$IPersistStorageImpl@VCOPOSRemoteOrderDisplay@@@ATL@@UAGJPAUIStorage@@@Z 10002dfe f i RemoteOrderDisplay.obj
 0001:00001e32       ?Load@?$IPersistStorageImpl@VCOPOSRemoteOrderDisplay@@@ATL@@UAGJPAUIStorage@@@Z 10002e32 f i RemoteOrderDisplay.obj
 0001:00001e9e       ?Save@?$IPersistStorageImpl@VCOPOSRemoteOrderDisplay@@@ATL@@UAGJPAUIStorage@@H@Z 10002e9e f i RemoteOrderDisplay.obj
 0001:00001f11       ?GetPages@?$ISpecifyPropertyPagesImpl@VCOPOSRemoteOrderDisplay@@@ATL@@UAGJPAUtagCAUUID@@@Z 10002f11 f i RemoteOrderDisplay.obj
 0001:00001f28       ?QuickActivate@?$IQuickActivateImpl@VCOPOSRemoteOrderDisplay@@@ATL@@UAGJPAUtagQACONTAINER@@PAUtagQACONTROL@@@Z 10002f28 f i RemoteOrderDisplay.obj
 0001:00001f4b       ?SetContentExtent@?$IQuickActivateImpl@VCOPOSRemoteOrderDisplay@@@ATL@@UAGJPAUtagSIZE@@@Z 10002f4b f i RemoteOrderDisplay.obj
 0001:00001f77       ?GetContentExtent@?$IQuickActivateImpl@VCOPOSRemoteOrderDisplay@@@ATL@@UAGJPAUtagSIZE@@@Z 10002f77 f i RemoteOrderDisplay.obj
 0001:00001f97       ?GetData@?$IDataObjectImpl@VCOPOSRemoteOrderDisplay@@@ATL@@UAGJPAUtagFORMATETC@@PAUtagSTGMEDIUM@@@Z 10002f97 f i RemoteOrderDisplay.obj
 0001:00001fba       ?DAdvise@?$IDataObjectImpl@VCOPOSRemoteOrderDisplay@@@ATL@@UAGJPAUtagFORMATETC@@KPAUIAdviseSink@@PAK@Z 10002fba f i RemoteOrderDisplay.obj
 0001:00001ffb       ?DUnadvise@?$IDataObjectImpl@VCOPOSRemoteOrderDisplay@@@ATL@@UAGJK@Z 10002ffb f i RemoteOrderDisplay.obj
 0001:00002029       ?EnumDAdvise@?$IDataObjectImpl@VCOPOSRemoteOrderDisplay@@@ATL@@UAGJPAPAUIEnumSTATDATA@@@Z 10003029 f i RemoteOrderDisplay.obj
 0001:00002068       ?GetClassInfoW@?$IProvideClassInfo2Impl@$1?CLSID_OPOSRemoteOrderDisplay@@3U_GUID@@B$1?DIID__IOPOSRemoteOrderDisplayEvents@@3U2@B$1?LIBID_OposRemoteOrderDisplay_CCO@@3U2@B$00$0A@VCComTypeInfoHolder@ATL@@@ATL@@UAGJPAPAUITypeInfo@@@Z 10003068 f i RemoteOrderDisplay.obj
 0001:0000207e       ?GetGUID@?$IProvideClassInfo2Impl@$1?CLSID_OPOSRemoteOrderDisplay@@3U_GUID@@B$1?DIID__IOPOSRemoteOrderDisplayEvents@@3U2@B$1?LIBID_OposRemoteOrderDisplay_CCO@@3U2@B$00$0A@VCComTypeInfoHolder@ATL@@@ATL@@UAGJKPAU_GUID@@@Z 1000307e f i RemoteOrderDisplay.obj
 0001:000020bc       ?FAccessAllowed@?$IObjectSafetyImpl@VCOPOSRemoteOrderDisplay@@$02@ATL@@MAEHXZ 100030bc f i RemoteOrderDisplay.obj
 0001:000020bc       __get_startup_argv_mode    100030bc f i LIBCMT:argv_mode.obj
 0001:000020c0       ?GetInterfaceSafetyOptions@?$IObjectSafetyImpl@VCOPOSRemoteOrderDisplay@@$02@ATL@@UAGJABU_GUID@@PAK1@Z 100030c0 f i RemoteOrderDisplay.obj
 0001:00002134       ?SetInterfaceSafetyOptions@?$IObjectSafetyImpl@VCOPOSRemoteOrderDisplay@@$02@ATL@@UAGJABU_GUID@@KK@Z 10003134 f i RemoteOrderDisplay.obj
 0001:000021ae       ?_LocCPQueryInterface@?$IConnectionPointImpl@VCOPOSRemoteOrderDisplay@@$1?IID_IPropertyNotifySink@@3U_GUID@@BVCComDynamicUnkArray@ATL@@@ATL@@UAGJABU_GUID@@PAPAX@Z 100031ae f i RemoteOrderDisplay.obj
 0001:000021ae       ?_LocCPQueryInterface@?$IConnectionPointImpl@VCOPOSRemoteOrderDisplay@@$1?DIID__IOPOSRemoteOrderDisplayEvents@@3U_GUID@@BVCComDynamicUnkArray@ATL@@@ATL@@UAGJABU_GUID@@PAPAX@Z 100031ae f i RemoteOrderDisplay.obj
 0001:000021fb       ?GetConnectionInterface@?$IConnectionPointImpl@VCOPOSRemoteOrderDisplay@@$1?IID_IPropertyNotifySink@@3U_GUID@@BVCComDynamicUnkArray@ATL@@@ATL@@UAGJPAU_GUID@@@Z 100031fb f i RemoteOrderDisplay.obj
 0001:0000221f       ?GetConnectionPointContainer@?$IConnectionPointImpl@VCOPOSRemoteOrderDisplay@@$1?IID_IPropertyNotifySink@@3U_GUID@@BVCComDynamicUnkArray@ATL@@@ATL@@UAGJPAPAUIConnectionPointContainer@@@Z 1000321f f i RemoteOrderDisplay.obj
 0001:00002242       ?Advise@?$IConnectionPointImpl@VCOPOSRemoteOrderDisplay@@$1?IID_IPropertyNotifySink@@3U_GUID@@BVCComDynamicUnkArray@ATL@@@ATL@@UAGJPAUIUnknown@@PAK@Z 10003242 f i RemoteOrderDisplay.obj
 0001:00002242       ?Advise@?$IConnectionPointImpl@VCOPOSRemoteOrderDisplay@@$1?DIID__IOPOSRemoteOrderDisplayEvents@@3U_GUID@@BVCComDynamicUnkArray@ATL@@@ATL@@UAGJPAUIUnknown@@PAK@Z 10003242 f i RemoteOrderDisplay.obj
 0001:000022e3       ?Unadvise@?$IConnectionPointImpl@VCOPOSRemoteOrderDisplay@@$1?DIID__IOPOSRemoteOrderDisplayEvents@@3U_GUID@@BVCComDynamicUnkArray@ATL@@@ATL@@UAGJK@Z 100032e3 f i RemoteOrderDisplay.obj
 0001:000022e3       ?Unadvise@?$IConnectionPointImpl@VCOPOSRemoteOrderDisplay@@$1?IID_IPropertyNotifySink@@3U_GUID@@BVCComDynamicUnkArray@ATL@@@ATL@@UAGJK@Z 100032e3 f i RemoteOrderDisplay.obj
 0001:00002323       ?EnumConnections@?$IConnectionPointImpl@VCOPOSRemoteOrderDisplay@@$1?IID_IPropertyNotifySink@@3U_GUID@@BVCComDynamicUnkArray@ATL@@@ATL@@UAGJPAPAUIEnumConnections@@@Z 10003323 f i RemoteOrderDisplay.obj
 0001:00002323       ?EnumConnections@?$IConnectionPointImpl@VCOPOSRemoteOrderDisplay@@$1?DIID__IOPOSRemoteOrderDisplayEvents@@3U_GUID@@BVCComDynamicUnkArray@ATL@@@ATL@@UAGJPAPAUIEnumConnections@@@Z 10003323 f i RemoteOrderDisplay.obj
 0001:00002429       ?AddRef@CRegObject@ATL@@UAGKXZ 10003429 f i RemoteOrderDisplay.obj
 0001:0000242f       ?AddReplacement@CRegObject@ATL@@UAGJPB_W0@Z 1000342f f i RemoteOrderDisplay.obj
 0001:00002468       ?ClearReplacements@CRegObject@ATL@@UAGJXZ 10003468 f i RemoteOrderDisplay.obj
 0001:0000247a       ??_ECRegObject@ATL@@UAEPAXI@Z 1000347a f i RemoteOrderDisplay.obj
 0001:0000247a       ??_GCRegObject@ATL@@UAEPAXI@Z 1000347a f i RemoteOrderDisplay.obj
 0001:0000249c       ?GetConnectionInterface@?$IConnectionPointImpl@VCOPOSRemoteOrderDisplay@@$1?DIID__IOPOSRemoteOrderDisplayEvents@@3U_GUID@@BVCComDynamicUnkArray@ATL@@@ATL@@UAGJPAU_GUID@@@Z 1000349c f i RemoteOrderDisplay.obj
 0001:000024c0       ?GetConnectionPointContainer@?$IConnectionPointImpl@VCOPOSRemoteOrderDisplay@@$1?DIID__IOPOSRemoteOrderDisplayEvents@@3U_GUID@@BVCComDynamicUnkArray@ATL@@@ATL@@UAGJPAPAUIConnectionPointContainer@@@Z 100034c0 f i RemoteOrderDisplay.obj
 0001:000024e3       ?UpdateRegistry@COPOSRemoteOrderDisplay@@SGJH@Z 100034e3 f i RemoteOrderDisplay.obj
 0001:000024fb       ?ProcessWindowMessage@COPOSRemoteOrderDisplay@@UAEHPAUHWND__@@IIJAAJK@Z 100034fb f i RemoteOrderDisplay.obj
 0001:00002544       ?SOData@COPOSRemoteOrderDisplay@@MAGJJ@Z 10003544 f i RemoteOrderDisplay.obj
 0001:0000257d       ?SODirectIO@COPOSRemoteOrderDisplay@@MAGJJPAJPAPA_W@Z 1000357d f i RemoteOrderDisplay.obj
 0001:000025c6       ?SOError@COPOSRemoteOrderDisplay@@MAGJJJJPAJ@Z 100035c6 f i RemoteOrderDisplay.obj
 0001:0000261b       ?SOOutputComplete@COPOSRemoteOrderDisplay@@MAGJJ@Z 1000361b f i RemoteOrderDisplay.obj
 0001:00002654       ?SOStatusUpdate@COPOSRemoteOrderDisplay@@MAGJJ@Z 10003654 f i RemoteOrderDisplay.obj
 0001:0000268d       ?CreateInstance@?$CComCreator@V?$CComObjectCached@VCComClassFactory@ATL@@@ATL@@@ATL@@SGJPAXABU_GUID@@PAPAX@Z 1000368d f i RemoteOrderDisplay.obj
 0001:00002720       ?CreateInstance@?$CComCreator2@V?$CComCreator@V?$CComObject@VCOPOSRemoteOrderDisplay@@@ATL@@@ATL@@V?$CComCreator@V?$CComAggObject@VCOPOSRemoteOrderDisplay@@@ATL@@@2@@ATL@@SGJPAXABU_GUID@@PAPAX@Z 10003720 f i RemoteOrderDisplay.obj
 0001:00002740       ?Next@?$CComEnumImpl@UIEnumConnectionPoints@@$1?_GUID_b196b285_bab4_101a_b69c_00aa00341d07@@3U__s_GUID@@BPAUIConnectionPoint@@V?$_CopyInterface@UIConnectionPoint@@@ATL@@@ATL@@UAGJKPAPAUIConnectionPoint@@PAK@Z 10003740 f i RemoteOrderDisplay.obj
 0001:00002817       ?Skip@?$CComEnumImpl@UIEnumConnectionPoints@@$1?_GUID_b196b285_bab4_101a_b69c_00aa00341d07@@3U__s_GUID@@BPAUIConnectionPoint@@V?$_CopyInterface@UIConnectionPoint@@@ATL@@@ATL@@UAGJK@Z 10003817 f i RemoteOrderDisplay.obj
 0001:00002844       ?Clone@?$CComEnumImpl@UIEnumConnectionPoints@@$1?_GUID_b196b285_bab4_101a_b69c_00aa00341d07@@3U__s_GUID@@BPAUIConnectionPoint@@V?$_CopyInterface@UIConnectionPoint@@@ATL@@@ATL@@UAGJPAPAUIEnumConnectionPoints@@@Z 10003844 f i RemoteOrderDisplay.obj
 0001:00002923       ?QueryInterface@?$CComObject@V?$CComEnum@UIEnumConnectionPoints@@$1?_GUID_b196b285_bab4_101a_b69c_00aa00341d07@@3U__s_GUID@@BPAUIConnectionPoint@@V?$_CopyInterface@UIConnectionPoint@@@ATL@@VCComSingleThreadModel@6@@ATL@@@ATL@@UAGJABU_GUID@@PAPAX@Z 10003923 f i RemoteOrderDisplay.obj
 0001:0000293d       ??_G?$CComObject@V?$CComEnum@UIEnumConnectionPoints@@$1?_GUID_b196b285_bab4_101a_b69c_00aa00341d07@@3U__s_GUID@@BPAUIConnectionPoint@@V?$_CopyInterface@UIConnectionPoint@@@ATL@@VCComSingleThreadModel@6@@ATL@@@ATL@@UAEPAXI@Z 1000393d f i RemoteOrderDisplay.obj
 0001:0000293d       ??_E?$CComObject@V?$CComEnum@UIEnumConnectionPoints@@$1?_GUID_b196b285_bab4_101a_b69c_00aa00341d07@@3U__s_GUID@@BPAUIConnectionPoint@@V?$_CopyInterface@UIConnectionPoint@@@ATL@@VCComSingleThreadModel@6@@ATL@@@ATL@@UAEPAXI@Z 1000393d f i RemoteOrderDisplay.obj
 0001:0000295f       ??$?4UITypeInfo2@@@?$CComPtr@UITypeInfo@@@ATL@@QAEPAUITypeInfo@@ABV?$CComPtr@UITypeInfo2@@@1@@Z 1000395f f i RemoteOrderDisplay.obj
 0001:0000298c       ??$AtlAdd@K@ATL@@YAJPAKKK@Z 1000398c f i RemoteOrderDisplay.obj
 0001:000029af       ??$AtlAdd@_K@ATL@@YAJPA_K_K1@Z 100039af f i RemoteOrderDisplay.obj
 0001:000029e7       ??$AtlAddThrow@K@ATL@@YAKKK@Z 100039e7 f i RemoteOrderDisplay.obj
 0001:00002a0d       ??$AtlModuleRegisterWndClassInfoT@VAtlModuleRegisterWndClassInfoParamW@ATL@@@ATL@@YAGPAU_ATL_BASE_MODULE70@0@PAU_ATL_WIN_MODULE70@0@PAU_ATL_WNDCLASSINFOW@0@PAP6GJPAUHWND__@@IIJ@ZVAtlModuleRegisterWndClassInfoParamW@0@@Z 10003a0d f i RemoteOrderDisplay.obj
 0001:00002b5b       ??$AtlMultiply@H@ATL@@YAJPAHHH@Z 10003b5b f i RemoteOrderDisplay.obj
 0001:00002b93       ??$AtlMultiply@I@ATL@@YAJPAIII@Z 10003b93 f i RemoteOrderDisplay.obj
 0001:00002b93       ??$AtlMultiply@K@ATL@@YAJPAKKK@Z 10003b93 f i RemoteOrderDisplay.obj
 0001:00002bb5       ??$AtlMultiplyThrow@I@ATL@@YAIII@Z 10003bb5 f i RemoteOrderDisplay.obj
 0001:00002bdb       ??0?$CComAggObject@VCOPOSRemoteOrderDisplay@@@ATL@@QAE@PAX@Z 10003bdb f i RemoteOrderDisplay.obj
 0001:00002c08       ??0?$CComContainedObject@VCOPOSRemoteOrderDisplay@@@ATL@@QAE@PAX@Z 10003c08 f i RemoteOrderDisplay.obj
 0001:00002cc1       ??0?$CComObject@V?$CComEnum@UIEnumConnectionPoints@@$1?_GUID_b196b285_bab4_101a_b69c_00aa00341d07@@3U__s_GUID@@BPAUIConnectionPoint@@V?$_CopyInterface@UIConnectionPoint@@@ATL@@VCComSingleThreadModel@6@@ATL@@@ATL@@QAE@PAX@Z 10003cc1 f i RemoteOrderDisplay.obj
 0001:00002cef       ??0?$CComObject@V?$CComEnum@UIEnumConnections@@$1?_GUID_b196b287_bab4_101a_b69c_00aa00341d07@@3U__s_GUID@@BUtagCONNECTDATA@@V?$_Copy@UtagCONNECTDATA@@@ATL@@VCComSingleThreadModel@6@@ATL@@@ATL@@QAE@PAX@Z 10003cef f i RemoteOrderDisplay.obj
 0001:00002d1d       ??0?$CComObject@VCOPOSRemoteOrderDisplay@@@ATL@@QAE@PAX@Z 10003d1d f i RemoteOrderDisplay.obj
 0001:00002dd4       ??0?$CComQIPtr@UIOleControlSite@@$1?_GUID_b196b289_bab4_101a_b69c_00aa00341d07@@3U__s_GUID@@B@ATL@@QAE@PAUIUnknown@@@Z 10003dd4 f i RemoteOrderDisplay.obj
 0001:00002dfd       ??0CAtlModule@ATL@@QAE@XZ  10003dfd f i RemoteOrderDisplay.obj
 0001:00002e3e       ??0CParseBuffer@CRegParser@ATL@@QAE@H@Z 10003e3e f i RemoteOrderDisplay.obj
 0001:00002e74       ??0_ATL_MSG@ATL@@QAE@PAUHWND__@@IIJH@Z 10003e74 f i RemoteOrderDisplay.obj
 0001:00002eac       ??1?$CComAggObject@VCOPOSRemoteOrderDisplay@@@ATL@@UAE@XZ 10003eac f i RemoteOrderDisplay.obj
 0001:00002ed0       ??1?$CComEnumImpl@UIEnumConnectionPoints@@$1?_GUID_b196b285_bab4_101a_b69c_00aa00341d07@@3U__s_GUID@@BPAUIConnectionPoint@@V?$_CopyInterface@UIConnectionPoint@@@ATL@@@ATL@@UAE@XZ 10003ed0 f i RemoteOrderDisplay.obj
 0001:00002f10       ??1?$CComEnumImpl@UIEnumConnections@@$1?_GUID_b196b287_bab4_101a_b69c_00aa00341d07@@3U__s_GUID@@BUtagCONNECTDATA@@V?$_Copy@UtagCONNECTDATA@@@ATL@@@ATL@@UAE@XZ 10003f10 f i RemoteOrderDisplay.obj
 0001:00002f50       ??1?$CComObject@V?$CComEnum@UIEnumConnectionPoints@@$1?_GUID_b196b285_bab4_101a_b69c_00aa00341d07@@3U__s_GUID@@BPAUIConnectionPoint@@V?$_CopyInterface@UIConnectionPoint@@@ATL@@VCComSingleThreadModel@6@@ATL@@@ATL@@UAE@XZ 10003f50 f i RemoteOrderDisplay.obj
 0001:00002f73       ??1?$CComObject@V?$CComEnum@UIEnumConnections@@$1?_GUID_b196b287_bab4_101a_b69c_00aa00341d07@@3U__s_GUID@@BUtagCONNECTDATA@@V?$_Copy@UtagCONNECTDATA@@@ATL@@VCComSingleThreadModel@6@@ATL@@@ATL@@UAE@XZ 10003f73 f i RemoteOrderDisplay.obj
 0001:00002f96       ??1?$CComObject@VCOPOSRemoteOrderDisplay@@@ATL@@UAE@XZ 10003f96 f i RemoteOrderDisplay.obj
 0001:00003054       ??1?$CComObjectCached@VCComClassFactory@ATL@@@ATL@@UAE@XZ 10004054 f i RemoteOrderDisplay.obj
 0001:0000306a       ??1?$CComObjectRootEx@VCComMultiThreadModel@ATL@@@ATL@@QAE@XZ 1000406a f i RemoteOrderDisplay.obj
 0001:0000307f       ??1CRegObject@ATL@@UAE@XZ  1000407f f i RemoteOrderDisplay.obj
 0001:0000309f       ??4?$CComPtr@UIUnknown@@@ATL@@QAEPAUIUnknown@@PAU2@@Z 1000409f f i RemoteOrderDisplay.obj
 0001:0000309f       ??4?$CComPtr@UIAdviseSink@@@ATL@@QAEPAUIAdviseSink@@PAU2@@Z 1000409f f i RemoteOrderDisplay.obj
 0001:0000309f       ??4?$CComPtr@UIOleClientSite@@@ATL@@QAEPAUIOleClientSite@@PAU2@@Z 1000409f f i RemoteOrderDisplay.obj
 0001:000030d3       ??4?$CComQIPtr@UIOleObject@@$1?_GUID_00000112_0000_0000_c000_000000000046@@3U__s_GUID@@B@ATL@@QAEPAUIOleObject@@PAUIUnknown@@@Z 100040d3 f i RemoteOrderDisplay.obj
 0001:000030f8       ??4?$CComQIPtr@UISpecifyPropertyPages@@$1?_GUID_b196b28b_bab4_101a_b69c_00aa00341d07@@3U__s_GUID@@B@ATL@@QAEPAUISpecifyPropertyPages@@PAUIUnknown@@@Z 100040f8 f i RemoteOrderDisplay.obj
 0001:0000311d       ??_G?$CComContainedObject@VCOPOSRemoteOrderDisplay@@@ATL@@UAEPAXI@Z 1000411d f i RemoteOrderDisplay.obj
 0001:0000311d       ??_E?$CComContainedObject@VCOPOSRemoteOrderDisplay@@@ATL@@UAEPAXI@Z 1000411d f i RemoteOrderDisplay.obj
 0001:00003142       ??_G?$CComObject@VCOPOSRemoteOrderDisplay@@@ATL@@UAEPAXI@Z 10004142 f i RemoteOrderDisplay.obj
 0001:00003142       ??_E?$CComObject@VCOPOSRemoteOrderDisplay@@@ATL@@UAEPAXI@Z 10004142 f i RemoteOrderDisplay.obj
 0001:00003167       ?Add@?$CSimpleArray@GV?$CSimpleArrayEqualHelper@G@ATL@@@ATL@@QAEHABG@Z 10004167 f i RemoteOrderDisplay.obj
 0001:000031eb       ?Add@?$CSimpleMap@PA_WPA_WVCExpansionVectorEqualHelper@ATL@@@ATL@@QAEHABQA_W0@Z 100041eb f i RemoteOrderDisplay.obj
 0001:00003240       ?Add@CComDynamicUnkArray@ATL@@QAEKPAUIUnknown@@@Z 10004240 f i RemoteOrderDisplay.obj
 0001:000032fb       ?Add@CExpansionVector@ATL@@QAEHPB_W0@Z 100042fb f i RemoteOrderDisplay.obj
 0001:000033ff       ?AddString@CParseBuffer@CRegParser@ATL@@QAEHPB_W@Z 100043ff f i RemoteOrderDisplay.obj
 0001:00003434       ?AddValue@CRegParser@ATL@@IAEJAAVCRegKey@2@PB_WPA_W@Z 10004434 f i RemoteOrderDisplay.obj
 0001:00003755       ?Allocate@?$CAtlSafeAllocBufferManager@VCCRTAllocator@ATL@@@_ATL_SAFE_ALLOCA_IMPL@ATL@@QAEPAXK@Z 10004755 f i RemoteOrderDisplay.obj
 0001:00003782       ?Allocate@?$CTempBuffer@E$0BAA@VCCRTAllocator@ATL@@@ATL@@QAEPAEI@Z 10004782 f i RemoteOrderDisplay.obj
 0001:000037b1       ?Allocate@?$CTempBuffer@_W$0BAA@VCCRTAllocator@ATL@@@ATL@@QAEPA_WI@Z 100047b1 f i RemoteOrderDisplay.obj
 0001:000037e0       ?Allocate@?$CTempBuffer@_W$0EAA@VCCRTAllocator@ATL@@@ATL@@QAEPA_WI@Z 100047e0 f i RemoteOrderDisplay.obj
 0001:0000380f       ?AllocateHeap@?$CTempBuffer@E$0BAA@VCCRTAllocator@ATL@@@ATL@@AAEXI@Z 1000480f f i RemoteOrderDisplay.obj
 0001:0000380f       ?AllocateHeap@?$CTempBuffer@_W$0BAA@VCCRTAllocator@ATL@@@ATL@@AAEXI@Z 1000480f f i RemoteOrderDisplay.obj
 0001:0000380f       ?AllocateHeap@?$CTempBuffer@_W$0EAA@VCCRTAllocator@ATL@@@ATL@@AAEXI@Z 1000480f f i RemoteOrderDisplay.obj
 0001:00003834       ?Append@CParseBuffer@CRegParser@ATL@@QAEHPB_WH@Z 10004834 f i RemoteOrderDisplay.obj
 0001:000038c2       ?AtlCallTermFunc@ATL@@YGXPAU_ATL_MODULE70@1@@Z 100048c2 f i RemoteOrderDisplay.obj
 0001:00003906       ?AtlCoTaskMemCAlloc@ATL@@YAPAXKK@Z 10004906 f i RemoteOrderDisplay.obj
 0001:00003933       ?AtlCoTaskMemRecalloc@ATL@@YAPAXPAXKK@Z 10004933 f i RemoteOrderDisplay.obj
 0001:00003963       ?AtlComModuleGetClassObject@ATL@@YGJPAU_ATL_COM_MODULE70@1@ABU_GUID@@1PAPAX@Z 10004963 f i RemoteOrderDisplay.obj
 0001:00003a56       ?AtlComModuleRegisterServer@ATL@@YGJPAU_ATL_COM_MODULE70@1@HPBU_GUID@@@Z 10004a56 f i RemoteOrderDisplay.obj
 0001:00003ade       ?AtlComModuleUnregisterServer@ATL@@YGJPAU_ATL_COM_MODULE70@1@HPBU_GUID@@@Z 10004ade f i RemoteOrderDisplay.obj
 0001:00003b66       ?AtlComQIPtrAssign2@ATL@@YAXPAPAUIUnknown@@PAU2@ABU_GUID@@@Z 10004b66 f i RemoteOrderDisplay.obj
 0001:00003b95       ?AtlCreateTargetDC@ATL@@YGPAUHDC__@@PAU2@PAUtagDVTARGETDEVICE@@@Z 10004b95 f i RemoteOrderDisplay.obj
 0001:00003bfe       ?AtlCrtErrorCheck@ATL@@YAHH@Z 10004bfe f i RemoteOrderDisplay.obj
 0001:00003c39       ?AtlHiMetricToPixel@ATL@@YGXPBUtagSIZE@@PAU2@@Z 10004c39 f i RemoteOrderDisplay.obj
 0001:00003cae       ?AtlHresultFromLastError@ATL@@YAJXZ 10004cae f i RemoteOrderDisplay.obj
 0001:00003cc5       ?AtlHresultFromWin32@ATL@@YAJK@Z 10004cc5 f i RemoteOrderDisplay.obj
 0001:00003cda       ?AtlIPersistStreamInit_Load@ATL@@YGJPAUIStream@@PBUATL_PROPMAP_ENTRY@1@PAXPAUIUnknown@@@Z 10004cda f i RemoteOrderDisplay.obj
 0001:00003eba       ?AtlIPersistStreamInit_Save@ATL@@YGJPAUIStream@@HPBUATL_PROPMAP_ENTRY@1@PAXPAUIUnknown@@@Z 10004eba f i RemoteOrderDisplay.obj
 0001:00004052       ?AtlInternalOleLoadFromStream@ATL@@YAJPAUIStream@@ABU_GUID@@PAPAXTClassesAllowedInStream@1@K@Z 10005052 f i RemoteOrderDisplay.obj
 0001:00004178       ?AtlInternalQueryInterface@ATL@@YGJPAXPBU_ATL_INTMAP_ENTRY@1@ABU_GUID@@PAPAX@Z 10005178 f i RemoteOrderDisplay.obj
 0001:0000421b       ?AtlLoadTypeLib@ATL@@YGJPAUHINSTANCE__@@PB_WPAPA_WPAPAUITypeLib@@@Z 1000521b f i RemoteOrderDisplay.obj
 0001:000043f9       ?AtlModuleAddTermFunc@ATL@@YGJPAU_ATL_MODULE70@1@P6GXK@ZK@Z 100053f9 f i RemoteOrderDisplay.obj
 0001:00004456       ?AtlRegisterClassCategoriesHelper@ATL@@YGJABU_GUID@@PBU_ATL_CATMAP_ENTRY@1@H@Z 10005456 f i RemoteOrderDisplay.obj
 0001:00004736       ?AtlRegisterTypeLib@ATL@@YGJPAUHINSTANCE__@@PB_W@Z 10005736 f i RemoteOrderDisplay.obj
 0001:000048be       ?AtlThrowImpl@ATL@@YGXJ@Z  100058be f i RemoteOrderDisplay.obj
 0001:000048dc       ?AtlUnRegisterTypeLib@ATL@@YGJPAUHINSTANCE__@@PB_W@Z 100058dc f i RemoteOrderDisplay.obj
 0001:00004987       ?AtlWinModuleAddCreateWndData@ATL@@YGXPAU_ATL_WIN_MODULE70@1@PAU_AtlCreateWndData@1@PAX@Z 10005987 f i RemoteOrderDisplay.obj
 0001:000049db       ?AtlWinModuleExtractCreateWndData@ATL@@YGPAXPAU_ATL_WIN_MODULE70@1@@Z 100059db f i RemoteOrderDisplay.obj
 0001:00004a3e       ?AtlWinModuleRegisterClassExW@ATL@@YGGPAU_ATL_WIN_MODULE70@1@PBUtagWNDCLASSEXW@@@Z 10005a3e f i RemoteOrderDisplay.obj
 0001:00004a7d       ?CanForceRemoveKey@CRegParser@ATL@@IAEHPB_W@Z 10005a7d f i RemoteOrderDisplay.obj
 0001:00004aac       ?ChToByte@CRegParser@ATL@@KAE_W@Z 10005aac f i RemoteOrderDisplay.obj
 0001:00004adf       ?Cleanup@CComTypeInfoHolder@ATL@@SGXK@Z 10005adf f i RemoteOrderDisplay.obj
 0001:00004b12       ?ClearReplacements@CExpansionVector@ATL@@QAEJXZ 10005b12 f i RemoteOrderDisplay.obj
 0001:00004b4f       ?Close@CRegKey@ATL@@QAEJXZ 10005b4f f i RemoteOrderDisplay.obj
 0001:00004b69       ?CreateInstance@?$CComCreator@V?$CComAggObject@VCOPOSRemoteOrderDisplay@@@ATL@@@ATL@@SGJPAXABU_GUID@@PAPAX@Z 10005b69 f i RemoteOrderDisplay.obj
 0001:00004bdf       ?CreateInstance@?$CComCreator@V?$CComObject@VCOPOSRemoteOrderDisplay@@@ATL@@@ATL@@SGJPAXABU_GUID@@PAPAX@Z 10005bdf f i RemoteOrderDisplay.obj
 0001:00004c60       ?CreateInstance@?$CComObject@V?$CComEnum@UIEnumConnectionPoints@@$1?_GUID_b196b285_bab4_101a_b69c_00aa00341d07@@3U__s_GUID@@BPAUIConnectionPoint@@V?$_CopyInterface@UIConnectionPoint@@@ATL@@VCComSingleThreadModel@6@@ATL@@@ATL@@SGJPAPAV12@@Z 10005c60 f i RemoteOrderDisplay.obj
 0001:00004ca7       ?CreateInstance@?$CComObject@V?$CComEnum@UIEnumConnections@@$1?_GUID_b196b287_bab4_101a_b69c_00aa00341d07@@3U__s_GUID@@BUtagCONNECTDATA@@V?$_Copy@UtagCONNECTDATA@@@ATL@@VCComSingleThreadModel@6@@ATL@@@ATL@@SGJPAPAV12@@Z 10005ca7 f i RemoteOrderDisplay.obj
 0001:00004cee       ?DefaultReflectionHandler@?$CWindowImplRoot@VCWindow@ATL@@@ATL@@SAHPAUHWND__@@IIJAAJ@Z 10005cee f i RemoteOrderDisplay.obj
 0001:00004d61       ?DeleteSubKey@CRegKey@ATL@@QAEJPB_W@Z 10005d61 f i RemoteOrderDisplay.obj
 0001:00004dda       ?DoEvent@COPOSRemoteOrderDisplay@@IAEXIIJ@Z 10005dda f i RemoteOrderDisplay.obj
 0001:00004e5a       ?DoVerbHide@?$IOleObjectImpl@VCOPOSRemoteOrderDisplay@@@ATL@@QAEJPBUtagRECT@@PAUHWND__@@@Z 10005e5a f i RemoteOrderDisplay.obj
 0001:00004e90       ?DoVerbInPlaceActivate@?$IOleObjectImpl@VCOPOSRemoteOrderDisplay@@@ATL@@QAEJPBUtagRECT@@PAUHWND__@@@Z 10005e90 f i RemoteOrderDisplay.obj
 0001:00004ec3       ?DoVerbPrimary@?$IOleObjectImpl@VCOPOSRemoteOrderDisplay@@@ATL@@QAEJPBUtagRECT@@PAUHWND__@@@Z 10005ec3 f i RemoteOrderDisplay.obj
 0001:00004f4f       ?DoVerbProperties@CComControlBase@ATL@@QAEJPBUtagRECT@@PAUHWND__@@@Z 10005f4f f i RemoteOrderDisplay.obj
 0001:00005076       ?DoVerbShow@?$IOleObjectImpl@VCOPOSRemoteOrderDisplay@@@ATL@@QAEJPBUtagRECT@@PAUHWND__@@@Z 10006076 f i RemoteOrderDisplay.obj
 0001:0000509b       ?DoVerbUIActivate@?$IOleObjectImpl@VCOPOSRemoteOrderDisplay@@@ATL@@QAEJPBUtagRECT@@PAUHWND__@@@Z 1000609b f i RemoteOrderDisplay.obj
 0001:000050d8       ?DoesVerbActivate@CComControlBase@ATL@@QAEHJ@Z 100060d8 f i RemoteOrderDisplay.obj
 0001:000050f9       ?DoesVerbUIActivate@CComControlBase@ATL@@QAEHJ@Z 100060f9 f i RemoteOrderDisplay.obj
 0001:0000512e       ?EndOfVar@CRegParser@ATL@@IAEHXZ 1000612e f i RemoteOrderDisplay.obj
 0001:0000514e       ?EscapeSingleQuote@CAtlModule@ATL@@SAXPA_WIPB_W@Z 1000614e f i RemoteOrderDisplay.obj
 0001:0000519d       ?FindKey@?$CSimpleMap@PA_WPA_WVCExpansionVectorEqualHelper@ATL@@@ATL@@QBEHABQA_W@Z 1000619d f i RemoteOrderDisplay.obj
 0001:000051d4       ?FireTheEvent@?$CProxy_IOPOSEvents@VCOPOSRemoteOrderDisplay@@@@IAEXPAVOposVariant@@IAAJPB_WJ@Z 100061d4 f i RemoteOrderDisplay.obj
 0001:00005266       ?FireViewChange@CComControlBase@ATL@@QAEJXZ 10006266 f i RemoteOrderDisplay.obj
 0001:000052af       ?Fire_DataEvent@?$CProxy_IOPOSEvents@VCOPOSRemoteOrderDisplay@@@@QAEXJ@Z 100062af f i RemoteOrderDisplay.obj
 0001:0000533b       ?Fire_DirectIOEvent@?$CProxy_IOPOSEvents@VCOPOSRemoteOrderDisplay@@@@QAEXJPAJPAPA_W@Z 1000633b f i RemoteOrderDisplay.obj
 0001:00005421       ?Fire_ErrorEvent@?$CProxy_IOPOSEvents@VCOPOSRemoteOrderDisplay@@@@QAEXJJJPAJ@Z 10006421 f i RemoteOrderDisplay.obj
 0001:00005508       ?Fire_OutputCompleteEvent@?$CProxy_IOPOSEvents@VCOPOSRemoteOrderDisplay@@@@QAEXJ@Z 10006508 f i RemoteOrderDisplay.obj
 0001:00005594       ?Fire_StatusUpdateEvent@?$CProxy_IOPOSEvents@VCOPOSRemoteOrderDisplay@@@@QAEXJ@Z 10006594 f i RemoteOrderDisplay.obj
 0001:00005620       ?FreeHeap@?$CTempBuffer@E$0BAA@VCCRTAllocator@ATL@@@ATL@@AAEXXZ 10006620 f i RemoteOrderDisplay.obj
 0001:00005620       ?FreeHeap@?$CTempBuffer@_W$0BAA@VCCRTAllocator@ATL@@@ATL@@AAEXXZ 10006620 f i RemoteOrderDisplay.obj
 0001:00005620       ?FreeHeap@?$CTempBuffer@_W$0EAA@VCCRTAllocator@ATL@@@ATL@@AAEXXZ 10006620 f i RemoteOrderDisplay.obj
 0001:00005629       ?GetAmbientLocaleID@CComControlBase@ATL@@QAEJAAK@Z 10006629 f i RemoteOrderDisplay.obj
 0001:00005685       ?GetAmbientUserMode@CComControlBase@ATL@@QAEJAAH@Z 10006685 f i RemoteOrderDisplay.obj
 0001:000056f5       ?GetAt@CComDynamicUnkArray@ATL@@QAEPAUIUnknown@@H@Z 100066f5 f i RemoteOrderDisplay.obj
 0001:00005711       ?GetClassObject@CComModule@ATL@@QAEJABU_GUID@@0PAPAX@Z 10006711 f i RemoteOrderDisplay.obj
 0001:000057b3       ?GetConnMap@COPOSRemoteOrderDisplay@@SAPBU_ATL_CONNMAP_ENTRY@ATL@@PAH@Z 100067b3 f i RemoteOrderDisplay.obj
 0001:00005823       ?GetCookie@CComDynamicUnkArray@ATL@@QAGKPAPAUIUnknown@@@Z 10006823 f i RemoteOrderDisplay.obj
 0001:0000585b       ?GetIDsOfNames@CComTypeInfoHolder@ATL@@QAEJABU_GUID@@PAPA_WIKPAJ@Z 1000685b f i RemoteOrderDisplay.obj
 0001:00005969       ?GetKeyAt@?$CSimpleMap@PA_WPA_WVCExpansionVectorEqualHelper@ATL@@@ATL@@QBEAAPA_WH@Z 10006969 f i RemoteOrderDisplay.obj
 0001:0000598e       ?GetPagesHelper@?$ISpecifyPropertyPagesImpl@VCOPOSRemoteOrderDisplay@@@ATL@@IAEJPAUtagCAUUID@@PBUATL_PROPMAP_ENTRY@2@@Z 1000698e f i RemoteOrderDisplay.obj
 0001:00005ab5       ?GetProperty@?$CComPtr@UIDispatch@@@ATL@@SAJPAUIDispatch@@JPAUtagVARIANT@@@Z 10006ab5 f i RemoteOrderDisplay.obj
 0001:00005b04       ?GetSizeMax@CComVariant@ATL@@QBEJPAT_ULARGE_INTEGER@@@Z 10006b04 f i RemoteOrderDisplay.obj
 0001:00005cbe       ?GetStreamSize@CComBSTR@ATL@@SAKPA_W@Z 10006cbe f i RemoteOrderDisplay.obj
 0001:00005cd8       ?GetTI@CComTypeInfoHolder@ATL@@QAEJK@Z 10006cd8 f i RemoteOrderDisplay.obj
 0001:00005ec1       ?GetTI@CComTypeInfoHolder@ATL@@QAEJKPAPAUITypeInfo@@@Z 10006ec1 f i RemoteOrderDisplay.obj
 0001:00005f03       ?GetUnknown@CComDynamicUnkArray@ATL@@QAGPAUIUnknown@@K@Z 10006f03 f i RemoteOrderDisplay.obj
 0001:00005f24       ?GetValueAt@?$CSimpleMap@PA_WPA_WVCExpansionVectorEqualHelper@ATL@@@ATL@@QBEAAPA_WH@Z 10006f24 f i RemoteOrderDisplay.obj
 0001:00005f4a       ?GetZoomInfo@CComControlBase@ATL@@QAEXAAUATL_DRAWINFO@@@Z 10006f4a f i RemoteOrderDisplay.obj
 0001:00005fdd       ?HKeyFromString@CRegParser@ATL@@KAPAUHKEY__@@PA_W@Z 10006fdd f i RemoteOrderDisplay.obj
 0001:0000600b       ?HasSubKeys@CRegParser@ATL@@IAEHPAUHKEY__@@@Z 1000700b f i RemoteOrderDisplay.obj
 0001:00006040       ?IDataObject_GetData@CComControlBase@ATL@@QAEJPAUtagFORMATETC@@PAUtagSTGMEDIUM@@@Z 10007040 f i RemoteOrderDisplay.obj
 0001:000061e6       ?IOleInPlaceObject_InPlaceDeactivate@CComControlBase@ATL@@QAEJXZ 100071e6 f i RemoteOrderDisplay.obj
 0001:0000626d       ?IOleInPlaceObject_SetObjectRects@CComControlBase@ATL@@QAEJPBUtagRECT@@0@Z 1000726d f i RemoteOrderDisplay.obj
 0001:0000633a       ?IOleInPlaceObject_UIDeactivate@CComControlBase@ATL@@QAEJXZ 1000733a f i RemoteOrderDisplay.obj
 0001:000063fc       ?IOleObject_Advise@CComControlBase@ATL@@QAEJPAUIAdviseSink@@PAK@Z 100073fc f i RemoteOrderDisplay.obj
 0001:00006426       ?IOleObject_Close@CComControlBase@ATL@@QAEJK@Z 10007426 f i RemoteOrderDisplay.obj
 0001:0000650a       ?IOleObject_GetClientSite@CComControlBase@ATL@@QAEJPAPAUIOleClientSite@@@Z 1000750a f i RemoteOrderDisplay.obj
 0001:00006533       ?IOleObject_SetClientSite@CComControlBase@ATL@@QAEJPAUIOleClientSite@@@Z 10007533 f i RemoteOrderDisplay.obj
 0001:00006572       ?IOleObject_SetExtent@CComControlBase@ATL@@QAEJKPAUtagSIZE@@@Z 10007572 f i RemoteOrderDisplay.obj
 0001:00006626       ?IPSI_GetIPersistStreamInit@?$IPersistStorageImpl@VCOPOSRemoteOrderDisplay@@@ATL@@AAEPAUIPersistStreamInit@@XZ 10007626 f i RemoteOrderDisplay.obj
 0001:00006668       ?IPersistStreamInit_Load@?$IPersistStreamInitImpl@VCOPOSRemoteOrderDisplay@@@ATL@@QAEJPAUIStream@@PBUATL_PROPMAP_ENTRY@2@@Z 10007668 f i RemoteOrderDisplay.obj
 0001:00006694       ?IPersistStreamInit_Save@?$IPersistStreamInitImpl@VCOPOSRemoteOrderDisplay@@@ATL@@QAEJPAUIStream@@HPBUATL_PROPMAP_ENTRY@2@@Z 10007694 f i RemoteOrderDisplay.obj
 0001:000066c9       ?IQuickActivate_QuickActivate@CComControlBase@ATL@@QAEJPAUtagQACONTAINER@@PAUtagQACONTROL@@@Z 100076c9 f i RemoteOrderDisplay.obj
 0001:0000690b       ?IViewObject_Draw@CComControlBase@ATL@@QAEJKJPAXPAUtagDVTARGETDEVICE@@PAUHDC__@@2PBU_RECTL@@3@Z 1000790b f i RemoteOrderDisplay.obj
 0001:000069b3       ?InPlaceActivate@CComControlBase@ATL@@QAEJJPBUtagRECT@@@Z 100079b3 f i RemoteOrderDisplay.obj
 0001:00006c24       ?Init@?$CComEnumImpl@UIEnumConnectionPoints@@$1?_GUID_b196b285_bab4_101a_b69c_00aa00341d07@@3U__s_GUID@@BPAUIConnectionPoint@@V?$_CopyInterface@UIConnectionPoint@@@ATL@@@ATL@@QAEJPAPAUIConnectionPoint@@0PAUIUnknown@@W4CComEnumFlags@2@@Z 10007c24 f i RemoteOrderDisplay.obj
 0001:00006d03       ?Init@?$CComEnumImpl@UIEnumConnections@@$1?_GUID_b196b287_bab4_101a_b69c_00aa00341d07@@3U__s_GUID@@BUtagCONNECTDATA@@V?$_Copy@UtagCONNECTDATA@@@ATL@@@ATL@@QAEJPAUtagCONNECTDATA@@0PAUIUnknown@@W4CComEnumFlags@2@@Z 10007d03 f i RemoteOrderDisplay.obj
 0001:00006de2       ?Init@CComModule@ATL@@QAEJPAU_ATL_OBJMAP_ENTRY30@2@PAUHINSTANCE__@@PBU_GUID@@@Z 10007de2 f i RemoteOrderDisplay.obj
 0001:00006e41       ?Init@CDynamicStdCallThunk2@ATL@@QAEHKPAX@Z 10007e41 f i RemoteOrderDisplay.obj
 0001:00006e6c       ?InlineIsEqualUnknown@ATL@@YGHABU_GUID@@@Z 10007e6c f i RemoteOrderDisplay.obj
 0001:00006e94       ?InternalGetSite@CComControlBase@ATL@@QAEJABU_GUID@@PAPAX@Z 10007e94 f i RemoteOrderDisplay.obj
 0001:00006ec2       ?InternalSetAtIndex@?$CSimpleMap@PA_WPA_WVCExpansionVectorEqualHelper@ATL@@@ATL@@QAEXHABQA_W0@Z 10007ec2 f i RemoteOrderDisplay.obj
 0001:00006eec       ?Invoke@CComTypeInfoHolder@ATL@@QAEJPAUIDispatch@@JABU_GUID@@KGPAUtagDISPPARAMS@@PAUtagVARIANT@@PAUtagEXCEPINFO@@PAI@Z 10007eec f i RemoteOrderDisplay.obj
 0001:00006f2f       ?IsEqualObject@?$CComPtrBase@UITypeInfo@@@ATL@@QAE_NPAUIUnknown@@@Z 10007f2f f i RemoteOrderDisplay.obj
 0001:00006f2f       ?IsEqualObject@?$CComPtrBase@UIOleClientSite@@@ATL@@QAE_NPAUIUnknown@@@Z 10007f2f f i RemoteOrderDisplay.obj
 0001:00006f9c       ?IsSpace@CRegParser@ATL@@IAEH_W@Z 10007f9c f i RemoteOrderDisplay.obj
 0001:00006fc6       ?LoadNameCache@CComTypeInfoHolder@ATL@@QAEJPAUITypeInfo@@@Z 10007fc6 f i RemoteOrderDisplay.obj
 0001:00007114       ?Lookup@?$CSimpleMap@PA_WPA_WVCExpansionVectorEqualHelper@ATL@@@ATL@@QBEPA_WABQA_W@Z 10008114 f i RemoteOrderDisplay.obj
 0001:0000713a       ?NextToken@CRegParser@ATL@@IAEJPA_W@Z 1000813a f i RemoteOrderDisplay.obj
 0001:00007272       ?OnKillFocus@CComControlBase@ATL@@QAEJIIJAAH@Z 10008272 f i RemoteOrderDisplay.obj
 0001:000072cd       ?OnMouseActivate@CComControlBase@ATL@@QAEJIIJAAH@Z 100082cd f i RemoteOrderDisplay.obj
 0001:0000733b       ?OnPaint@CComControlBase@ATL@@QAEJIIJAAH@Z 1000833b f i RemoteOrderDisplay.obj
 0001:000073ed       ?OnSetFocus@CComControlBase@ATL@@QAEJIIJAAH@Z 100083ed f i RemoteOrderDisplay.obj
 0001:00007476       ?Open@CRegKey@ATL@@QAEJPAUHKEY__@@PB_WK@Z 10008476 f i RemoteOrderDisplay.obj
 0001:000074cb       ?PreProcessBuffer@CRegParser@ATL@@QAEJPA_WPAPA_W@Z 100084cb f i RemoteOrderDisplay.obj
 0001:00007735       ?ProcessWindowMessage@?$CComControl@VCOPOSRemoteOrderDisplay@@V?$CWindowImpl@VCOPOSRemoteOrderDisplay@@VCWindow@ATL@@V?$CWinTraits@$0FGAAAAAA@$0A@@3@@ATL@@@ATL@@UAEHPAUHWND__@@IIJAAJK@Z 10008735 f i RemoteOrderDisplay.obj
 0001:000077d4       ?PutProperty@?$CComPtr@UIDispatch@@@ATL@@SAJPAUIDispatch@@JPAUtagVARIANT@@@Z 100087d4 f i RemoteOrderDisplay.obj
 0001:00007866       ?ReadFromStream@CComBSTR@ATL@@QAEJPAUIStream@@@Z 10008866 f i RemoteOrderDisplay.obj
 0001:00007994       ?ReadFromStream@CComVariant@ATL@@QAEJPAUIStream@@GTClassesAllowedInStream@2@K@Z 10008994 f i RemoteOrderDisplay.obj
 0001:00007b1a       ?RecurseDeleteKey@CRegKey@ATL@@QAEJPB_W@Z 10008b1a f i RemoteOrderDisplay.obj
 0001:00007bdc       ?RegCreateKeyExW@CAtlTransactionManager@ATL@@QAEJPAUHKEY__@@PB_WKPA_WKKQAU_SECURITY_ATTRIBUTES@@PAPAU3@PAK@Z 10008bdc f i RemoteOrderDisplay.obj
 0001:00007c3f       ?RegDeleteKeyW@CAtlTransactionManager@ATL@@QAEJPAUHKEY__@@PB_W@Z 10008c3f f i RemoteOrderDisplay.obj
 0001:00007c91       ?RegOpenKeyExW@CAtlTransactionManager@ATL@@QAEJPAUHKEY__@@PB_WKKPAPAU3@@Z 10008c91 f i RemoteOrderDisplay.obj
 0001:00007ce8       ?Register@_ATL_WNDCLASSINFOW@ATL@@QAEGPAP6GJPAUHWND__@@IIJ@Z@Z 10008ce8 f i RemoteOrderDisplay.obj
 0001:00007d08       ?RegisterBuffer@CRegParser@ATL@@QAEJPA_WH@Z 10008d08 f i RemoteOrderDisplay.obj
 0001:00007e41       ?RegisterFromResource@CRegObject@ATL@@IAEJPB_W00H@Z 10008e41 f i RemoteOrderDisplay.obj
 0001:00007f77       ?RegisterServer@?$CAtlModuleT@VCComModule@ATL@@@ATL@@QAEJHPBU_GUID@@@Z 10008f77 f i RemoteOrderDisplay.obj
 0001:00007fa5       ?RegisterServer@CComModule@ATL@@QAEJHPBU_GUID@@@Z 10008fa5 f i RemoteOrderDisplay.obj
 0001:0000801b       ?RegisterSubkeys@CRegParser@ATL@@IAEJPA_WPAUHKEY__@@HH@Z 1000901b f i RemoteOrderDisplay.obj
 0001:000085ea       ?Remove@CComDynamicUnkArray@ATL@@QAEHK@Z 100095ea f i RemoteOrderDisplay.obj
 0001:00008613       ?RemoveAll@?$CSimpleMap@PA_WPA_WVCExpansionVectorEqualHelper@ATL@@@ATL@@QAEXXZ 10009613 f i RemoteOrderDisplay.obj
 0001:0000863f       ?ResourceRegisterSz@CRegObject@ATL@@QAGJPB_W00@Z 1000963f f i RemoteOrderDisplay.obj
 0001:0000866c       ?ResourceUnregisterSz@CRegObject@ATL@@QAGJPB_W00@Z 1000966c f i RemoteOrderDisplay.obj
 0001:00008699       ?SendOnDataChange@CComControlBase@ATL@@QAEJK@Z 10009699 f i RemoteOrderDisplay.obj
 0001:000086e6       ?SetControlFocus@CComControlBase@ATL@@QAEHH@Z 100096e6 f i RemoteOrderDisplay.obj
 0001:00008783       ?SetMultiStringValue@CRegKey@ATL@@QAEJPB_W0@Z 10009783 f i RemoteOrderDisplay.obj
 0001:000087df       ?SetStringValue@CRegKey@ATL@@QAEJPB_W0K@Z 100097df f i RemoteOrderDisplay.obj
 0001:00008828       ?SkipAssignment@CRegParser@ATL@@IAEJPA_W@Z 10009828 f i RemoteOrderDisplay.obj
 0001:0000888d       ?SkipWhiteSpace@CRegParser@ATL@@IAEXXZ 1000988d f i RemoteOrderDisplay.obj
 0001:000088af       ?StrChrW@CRegParser@ATL@@KAPA_WPA_W_W@Z 100098af f i RemoteOrderDisplay.obj
 0001:000088ec       ?Term@CAtlModule@ATL@@QAEXXZ 100098ec f i RemoteOrderDisplay.obj
 0001:00008925       ?Term@CComModule@ATL@@QAEXXZ 10009925 f i RemoteOrderDisplay.obj
 0001:0000897d       ?UnregisterServer@?$CAtlModuleT@VCComModule@ATL@@@ATL@@QAEJHPBU_GUID@@@Z 1000997d f i RemoteOrderDisplay.obj
 0001:000089a3       ?UnregisterServer@CComModule@ATL@@QAEJHPBU_GUID@@@Z 100099a3 f i RemoteOrderDisplay.obj
 0001:00008a19       ?UpdateRegistryFromResource@CAtlModule@ATL@@QAGJIHPAU_ATL_REGMAP_ENTRY@2@@Z 10009a19 f i RemoteOrderDisplay.obj
 0001:00008be4       ?UpdateRegistryFromResource@CAtlModule@ATL@@QAGJPB_WHPAU_ATL_REGMAP_ENTRY@2@@Z 10009be4 f i RemoteOrderDisplay.obj
 0001:00008db5       ?VTFromRegType@CRegParser@ATL@@KAHPB_WAAG@Z 10009db5 f i RemoteOrderDisplay.obj
 0001:00008e22       ?WindowProc@?$CWindowImplBaseT@VCWindow@ATL@@V?$CWinTraits@$0FGAAAAAA@$0A@@2@@ATL@@SGJPAUHWND__@@IIJ@Z 10009e22 f i RemoteOrderDisplay.obj
 0001:00008f14       ?WriteToStream@CComBSTR@ATL@@QAEJPAUIStream@@@Z 10009f14 f i RemoteOrderDisplay.obj
 0001:00008f6b       ?WriteToStream@CComVariant@ATL@@QAEJPAUIStream@@@Z 10009f6b f i RemoteOrderDisplay.obj
 0001:000090e5       ?WriteToStream@CComVariant@ATL@@QAEJPAUIStream@@G@Z 1000a0e5 f i RemoteOrderDisplay.obj
 0001:0000914e       ?_AtlInitialConstruct@?$CComObjectRootEx@VCComMultiThreadModel@ATL@@@ATL@@QAEJXZ 1000a14e f i RemoteOrderDisplay.obj
 0001:00009163       ?_AtlVerifyStackAvailable@_ATL_SAFE_ALLOCA_IMPL@ATL@@YA_NK@Z 1000a163 f i RemoteOrderDisplay.obj
 0001:000091e1       ?atlCreate@?$CWindowImpl@VCOPOSRemoteOrderDisplay@@VCWindow@ATL@@V?$CWinTraits@$0FGAAAAAA@$0A@@3@@ATL@@QAEPAUHWND__@@PAU3@V_U_RECT@2@PB_WKKV_U_MENUorID@2@PAX@Z 1000a1e1 f i RemoteOrderDisplay.obj
 0001:00009225       ?atlCreate@?$CWindowImplBaseT@VCWindow@ATL@@V?$CWinTraits@$0FGAAAAAA@$0A@@2@@ATL@@QAEPAUHWND__@@PAU3@V_U_RECT@2@PB_WKKV_U_MENUorID@2@GPAX@Z 1000a225 f i RemoteOrderDisplay.obj
 0001:000092c1       ?atlCreate@CRegKey@ATL@@QAEJPAUHKEY__@@PB_WPA_WKKPAU_SECURITY_ATTRIBUTES@@PAK@Z 1000a2c1 f i RemoteOrderDisplay.obj
 0001:00009330       ?copy@?$_Copy@UtagCONNECTDATA@@@ATL@@SAJPAUtagCONNECTDATA@@PBU3@@Z 1000a330 f i RemoteOrderDisplay.obj
 0001:00009366       ?copy@?$_CopyInterface@UIConnectionPoint@@@ATL@@SAJPAPAUIConnectionPoint@@PBQAU3@@Z 1000a366 f i RemoteOrderDisplay.obj
 0001:00009394       ?memcpy_s@Checked@ATL@@YAXPAXIPBXI@Z 1000a394 f i RemoteOrderDisplay.obj
 0001:000093b3       ?ocscpy_s@@YA_NPA_WIPB_W@Z 1000a3b3 f i RemoteOrderDisplay.obj
 0001:000093e2       ?ocslen@@YAHPB_W@Z         1000a3e2 f i RemoteOrderDisplay.obj
 0001:00009402       ?wcscpy_s@Checked@ATL@@YAXPA_WIPB_W@Z 1000a402 f i RemoteOrderDisplay.obj
 0001:0000941e       _DllCanUnloadNow@0         1000a41e f   RemoteOrderDisplay.obj
 0001:0000942a       _DllGetClassObject@12      1000a42a f   RemoteOrderDisplay.obj
 0001:00009438       _DllMain@12                1000a438 f   RemoteOrderDisplay.obj
 0001:0000947a       _DllRegisterServer@0       1000a47a f   RemoteOrderDisplay.obj
 0001:00009489       _DllUnregisterServer@0     1000a489 f   RemoteOrderDisplay.obj
 0001:00009498       _InlineIsEqualGUID         1000a498 f i RemoteOrderDisplay.obj
 0001:000094c8       ___local_stdio_printf_options 1000a4c8 f i RemoteOrderDisplay.obj
 0001:000094ce       __vswprintf_s_l            1000a4ce f i RemoteOrderDisplay.obj
 0001:0000957b       _swprintf_s                1000a57b f i RemoteOrderDisplay.obj
 0001:00009597       ??0?$CComControl@VCOPOSRemoteOrderDisplay@@V?$CWindowImpl@VCOPOSRemoteOrderDisplay@@VCWindow@ATL@@V?$CWinTraits@$0FGAAAAAA@$0A@@3@@ATL@@@ATL@@QAE@XZ 1000a597 f i RemoteOrderDisplayImpl.obj
 0001:000095be       ??0?$CProxy_IOPOSEvents@VCOPOSRemoteOrderDisplay@@@@QAE@XZ 1000a5be f i RemoteOrderDisplayImpl.obj
 0001:000095e1       ??0CComControlBase@ATL@@QAE@AAPAUHWND__@@@Z 1000a5e1 f i RemoteOrderDisplayImpl.obj
 0001:0000962b       ??0COPOSRemoteOrderDisplay@@QAE@XZ 1000a62b f   RemoteOrderDisplayImpl.obj
 0001:00009661       ??1?$CComControl@VCOPOSRemoteOrderDisplay@@V?$CWindowImpl@VCOPOSRemoteOrderDisplay@@VCWindow@ATL@@V?$CWinTraits@$0FGAAAAAA@$0A@@3@@ATL@@@ATL@@UAE@XZ 1000a661 f i RemoteOrderDisplayImpl.obj
 0001:0000967a       ??1?$IConnectionPointImpl@VCOPOSRemoteOrderDisplay@@$1?DIID__IOPOSRemoteOrderDisplayEvents@@3U_GUID@@BVCComDynamicUnkArray@ATL@@@ATL@@QAE@XZ 1000a67a f i RemoteOrderDisplayImpl.obj
 0001:0000967a       ??1?$IConnectionPointImpl@VCOPOSRemoteOrderDisplay@@$1?IID_IPropertyNotifySink@@3U_GUID@@BVCComDynamicUnkArray@ATL@@@ATL@@QAE@XZ 1000a67a f i RemoteOrderDisplayImpl.obj
 0001:000096b7       ??1CComControlBase@ATL@@UAE@XZ 1000a6b7 f i RemoteOrderDisplayImpl.obj
 0001:0000971a       ??1COPOSRemoteOrderDisplay@@UAE@XZ 1000a71a f   RemoteOrderDisplayImpl.obj
 0001:00009762       ??1OposVariantResult@@QAE@XZ 1000a762 f i RemoteOrderDisplayImpl.obj
 0001:00009783       ??1_CW@@QAE@XZ             1000a783 f i RemoteOrderDisplayImpl.obj
 0001:0000979c       ?CheckHealth@COPOSRemoteOrderDisplay@@UAGJJPAJ@Z 1000a79c f   RemoteOrderDisplayImpl.obj
 0001:000097eb       ?ClaimDevice@COPOSRemoteOrderDisplay@@UAGJJPAJ@Z 1000a7eb f   RemoteOrderDisplayImpl.obj
 0001:00009860       ?ClearInput@COPOSRemoteOrderDisplay@@UAGJPAJ@Z 1000a860 f   RemoteOrderDisplayImpl.obj
 0001:0000987b       ?ClearOutput@COPOSRemoteOrderDisplay@@UAGJPAJ@Z 1000a87b f   RemoteOrderDisplayImpl.obj
 0001:00009896       ?ClearVideo@COPOSRemoteOrderDisplay@@UAGJJJPAJ@Z 1000a896 f   RemoteOrderDisplayImpl.obj
 0001:0000990a       ?ClearVideoRegion@COPOSRemoteOrderDisplay@@UAGJJJJJJJPAJ@Z 1000a90a f   RemoteOrderDisplayImpl.obj
 0001:000099cd       ?Close@COPOSRemoteOrderDisplay@@UAGJPAJ@Z 1000a9cd f   RemoteOrderDisplayImpl.obj
 0001:00009a3b       ?CompareFirmwareVersion@COPOSRemoteOrderDisplay@@UAGJPA_WPAJ1@Z 1000aa3b f   RemoteOrderDisplayImpl.obj
 0001:00009abb       ?ControlClock@COPOSRemoteOrderDisplay@@UAGJJJJJJJJJJJPAJ@Z 1000aabb f   RemoteOrderDisplayImpl.obj
 0001:00009bb6       ?ControlCursor@COPOSRemoteOrderDisplay@@UAGJJJPAJ@Z 1000abb6 f   RemoteOrderDisplayImpl.obj
 0001:00009c2a       ?CopyVideoRegion@COPOSRemoteOrderDisplay@@UAGJJJJJJJJPAJ@Z 1000ac2a f   RemoteOrderDisplayImpl.obj
 0001:00009cfb       ?DirectIO@COPOSRemoteOrderDisplay@@UAGJJPAJPAPA_W0@Z 1000acfb f   RemoteOrderDisplayImpl.obj
 0001:00009da9       ?DisplayData@COPOSRemoteOrderDisplay@@UAGJJJJJPA_WPAJ@Z 1000ada9 f   RemoteOrderDisplayImpl.obj
 0001:00009e6c       ?DoInvoke@COPOSRemoteOrderDisplay@@IAEJJPAVOposVariant@@IHPAJ_N@Z 1000ae6c f   RemoteOrderDisplayImpl.obj
 0001:00009f2e       ?DrawBox@COPOSRemoteOrderDisplay@@UAGJJJJJJJJPAJ@Z 1000af2e f   RemoteOrderDisplayImpl.obj
 0001:00009fff       ?EventClose@COPOSRemoteOrderDisplay@@IAEXXZ 1000afff f i RemoteOrderDisplayImpl.obj
 0001:0000a032       ?EventInit@COPOSRemoteOrderDisplay@@IAEJXZ 1000b032 f i RemoteOrderDisplayImpl.obj
 0001:0000a0fe       ?EventUninit@COPOSRemoteOrderDisplay@@IAEXXZ 1000b0fe f i RemoteOrderDisplayImpl.obj
 0001:0000a150       ?EventWindowProc@COPOSRemoteOrderDisplay@@IAGJIIJ@Z 1000b150 f i RemoteOrderDisplayImpl.obj
 0001:0000a24e       ?FinalConstruct@COPOSRemoteOrderDisplay@@QAEJXZ 1000b24e f   RemoteOrderDisplayImpl.obj
 0001:0000a287       ?FireEventCleanup@COPOSRemoteOrderDisplay@@IAEXXZ 1000b287 f i RemoteOrderDisplayImpl.obj
 0001:0000a29d       ?FireEventSetup@COPOSRemoteOrderDisplay@@IAE_NXZ 1000b29d f i RemoteOrderDisplayImpl.obj
 0001:0000a2d1       ?FreeVideoRegion@COPOSRemoteOrderDisplay@@UAGJJJPAJ@Z 1000b2d1 f   RemoteOrderDisplayImpl.obj
 0001:0000a345       ?FreezeEvents@COPOSRemoteOrderDisplay@@MAGJH@Z 1000b345 f   RemoteOrderDisplayImpl.obj
 0001:0000a3a5       ?GetOposProp@COPOSRemoteOrderDisplay@@IAEJJPAFJ@Z 1000b3a5 f   RemoteOrderDisplayImpl.obj
 0001:0000a3c8       ?GetOposProp@COPOSRemoteOrderDisplay@@IAEJJPAJJ@Z 1000b3c8 f   RemoteOrderDisplayImpl.obj
 0001:0000a486       ?GetOposProp@COPOSRemoteOrderDisplay@@IAEJJPAPA_WJ@Z 1000b486 f   RemoteOrderDisplayImpl.obj
 0001:0000a551       ?OnDraw@COPOSRemoteOrderDisplay@@MAEJAAUATL_DRAWINFO@@@Z 1000b551 f   RemoteOrderDisplayImpl.obj
 0001:0000a5f1       ?Open@COPOSRemoteOrderDisplay@@UAGJPA_WPAJ@Z 1000b5f1 f   RemoteOrderDisplayImpl.obj
 0001:0000ad8e       ?ReleaseDevice@COPOSRemoteOrderDisplay@@UAGJPAJ@Z 1000bd8e f   RemoteOrderDisplayImpl.obj
 0001:0000addd       ?ResetStatistics@COPOSRemoteOrderDisplay@@UAGJPA_WPAJ@Z 1000bddd f   RemoteOrderDisplayImpl.obj
 0001:0000ae34       ?ResetVideo@COPOSRemoteOrderDisplay@@UAGJJPAJ@Z 1000be34 f   RemoteOrderDisplayImpl.obj
 0001:0000ae83       ?RestoreVideoRegion@COPOSRemoteOrderDisplay@@UAGJJJJJPAJ@Z 1000be83 f   RemoteOrderDisplayImpl.obj
 0001:0000af24       ?RetrieveStatistics@COPOSRemoteOrderDisplay@@UAGJPAPA_WPAJ@Z 1000bf24 f   RemoteOrderDisplayImpl.obj
 0001:0000af7b       ?SOProcessID@COPOSRemoteOrderDisplay@@UAGJPAJ@Z 1000bf7b f   RemoteOrderDisplayImpl.obj
[...]
 0002:00001d28       ?candidate_modules@?1??try_get_FlsSetValue@@YAP6GHKPAX@ZXZ@4QBW4module_id@?A0x5d2a34d3@@B 10020d28     libvcruntime:winapi_downlevel.obj
 0002:00001d3c       ?candidate_modules@?1??try_get_InitializeCriticalSectionEx@@YAP6GHPAU_RTL_CRITICAL_SECTION@@KK@ZXZ@4QBW4module_id@?A0x5d2a34d3@@B 10020d3c     libvcruntime:winapi_downlevel.obj
 0002:00001d80       ?tokenTable@@3QBQBDB       10020d80     libvcruntime:undname.obj
 0002:00001dc0       ?nameTable@@3QBQBDB        10020dc0     libvcruntime:undname.obj
 0002:00001f08       ?rttiTable@@3QBQBDB        10020f08     libvcruntime:undname.obj
 0002:00002520       _errtable                  10021520     libucrt:errno.obj
 0002:000027c8       ___acrt_initializers       100217c8     libucrt:initialization.obj
 0002:00002840       _module_names              10021840     libucrt:winapi_thunks.obj
 0002:00002d88       ?candidate_modules@?1??try_get_FlsAlloc@@YAP6GKP6GXPAX@Z@ZXZ@4QBW4module_id@?A0x352e5c4b@@B 10021d88     libucrt:winapi_thunks.obj
 0002:00002d9c       ?candidate_modules@?1??try_get_FlsFree@@YAP6GHK@ZXZ@4QBW4module_id@?A0x352e5c4b@@B 10021d9c     libucrt:winapi_thunks.obj
 0002:00002dac       ?candidate_modules@?1??try_get_FlsGetValue@@YAP6GPAXK@ZXZ@4QBW4module_id@?A0x352e5c4b@@B 10021dac     libucrt:winapi_thunks.obj
 0002:00002dc0       ?candidate_modules@?1??try_get_FlsSetValue@@YAP6GHKPAX@ZXZ@4QBW4module_id@?A0x352e5c4b@@B 10021dc0     libucrt:winapi_thunks.obj
 0002:00002dd4       ?candidate_modules@?1??try_get_GetCurrentPackageId@@YAP6GJPAIPAE@ZXZ@4QBW4module_id@?A0x352e5c4b@@B 10021dd4     libucrt:winapi_thunks.obj
 0002:00002df0       ?candidate_modules@?1??try_get_InitializeCriticalSectionEx@@YAP6GHPAU_RTL_CRITICAL_SECTION@@KK@ZXZ@4QBW4module_id@?A0x352e5c4b@@B 10021df0     libucrt:winapi_thunks.obj
 0002:00002e14       ?candidate_modules@?1??try_get_LCMapStringEx@@YAP6GHPB_WK0HPA_WHPAU_nlsversioninfo@@PAXJ@ZXZ@4QBW4module_id@?A0x352e5c4b@@B 10021e14     libucrt:winapi_thunks.obj
 0002:00002e2c       ?candidate_modules@?1??try_get_LocaleNameToLCID@@YAP6GKPB_WK@ZXZ@4QBW4module_id@?A0x352e5c4b@@B 10021e2c     libucrt:winapi_thunks.obj
 0002:00002e48       ?candidate_modules@?1??try_get_SetThreadStackGuarantee@@YAP6GHPAK@ZXZ@4QBW4module_id@?A0x352e5c4b@@B 10021e48     libucrt:winapi_thunks.obj
 0002:00003374       __mb_locale_names          10022374     libucrt:mbctype.obj
 0002:00003bc0       _LcidToLocaleNameTable     10022bc0     libucrt:lcidtoname_downlevel.obj
 0002:00004ce8       _LocaleNameToIndexTable    10023ce8     libucrt:lcidtoname_downlevel.obj
 0002:00006620       LOG_name                   10025620     libucrt:log10.obj
 0002:00006630       _One                       10025630     libucrt:ceil_pentium4.obj
 0002:00006640       _Bns                       10025640     libucrt:ceil_pentium4.obj
 0002:00006650       _Zero                      10025650     libucrt:ceil_pentium4.obj
 0002:00006660       _S                         10025660     libucrt:ceil_pentium4.obj
 0002:00006670       _NegZero                   10025670     libucrt:ceil_pentium4.obj
 0002:00006680       emask                      10025680     libucrt:log10_pentium4.obj
 0002:00006690       CC                         10025690     libucrt:log10_pentium4.obj
 0002:000066a0       Magic                      100256a0     libucrt:log10_pentium4.obj
 0002:000066b0       hi_mask                    100256b0     libucrt:log10_pentium4.obj
 0002:000066c0       LOG10_2                    100256c0     libucrt:log10_pentium4.obj
 0002:000066d0       place_L                    100256d0     libucrt:log10_pentium4.obj
 0002:000066f0       One                        100256f0     libucrt:log10_pentium4.obj
 0002:00006700       Zero                       10025700     libucrt:log10_pentium4.obj
 0002:00006710       Two52                      10025710     libucrt:log10_pentium4.obj
 0002:00006720       Infs                       10025720     libucrt:log10_pentium4.obj
 0002:00006730       NaN                        10025730     libucrt:log10_pentium4.obj
 0002:00006740       coeff                      10025740     libucrt:log10_pentium4.obj
 0002:0000679e       _log2max                   1002579e     libucrt:87tran.obj
 0002:000067a8       _smallarg                  100257a8     libucrt:87tran.obj
 0002:000067b2       _half                      100257b2     libucrt:87tran.obj
 0002:000067fe       One                        100257fe     libucrt:87disp.obj
 0002:00006806       Three                      10025806     libucrt:87disp.obj
 0002:0000680e       XAMtoTagTab                1002580e     libucrt:87disp.obj
 0002:00006820       One                        10025820     libucrt:common.obj
 0002:00006834       DblMax                     10025834     libucrt:common.obj
 0002:0000683c       DblMin                     1002583c     libucrt:common.obj
 0002:00006844       IeeeAdjO                   10025844     libucrt:common.obj
 0002:0000684c       IeeeAdjU                   1002584c     libucrt:common.obj
 0002:00006854       _infinity                  10025854     libucrt:common.obj
 0002:0000685c       _zero                      1002585c     libucrt:common.obj
 0002:00006898       _over                      10025898     libucrt:fpctrl.obj
 0002:000068a4       _under                     100258a4     libucrt:fpctrl.obj
 0002:00007168       ?_names@?1??_get_fname@@9@9 10026168     libucrt:fpexcept.obj
 0002:00007948       __sehtable$?_AtlVerifyStackAvailable@_ATL_SAFE_ALLOCA_IMPL@ATL@@YA_NK@Z 10026948     RemoteOrderDisplay.obj
 0002:00007968       __sehtable$___scrt_is_nonwritable_in_current_image 10026968     LIBCMT:utility.obj
 0002:00007984       __ehfuncinfo$?__scrt_initialize_thread_safe_statics_platform_specific@@YAXXZ 10026984     LIBCMT:thread_safe_statics.obj
 0002:000079a8       __catchsym$??2@YAPAXIABUnothrow_t@std@@@Z$2 100269a8     LIBCMT:new_scalar_nothrow.obj
 0002:000079b8       __unwindtable$??2@YAPAXIABUnothrow_t@std@@@Z 100269b8     LIBCMT:new_scalar_nothrow.obj
 0002:000079c8       __tryblocktable$??2@YAPAXIABUnothrow_t@std@@@Z 100269c8     LIBCMT:new_scalar_nothrow.obj
 0002:000079dc       __ehfuncinfo$??2@YAPAXIABUnothrow_t@std@@@Z 100269dc     LIBCMT:new_scalar_nothrow.obj
 0002:00007a00       __sehtable$?dllmain_crt_process_attach@@YAHQAUHINSTANCE__@@QAX@Z 10026a00     LIBCMT:dll_dllmain.obj
 0002:00007a20       __sehtable$?dllmain_crt_process_detach@@YAH_N@Z 10026a20     LIBCMT:dll_dllmain.obj
 0002:00007a40       __sehtable$?dllmain_dispatch@@YAHQAUHINSTANCE__@@KQAX@Z 10026a40     LIBCMT:dll_dllmain.obj
 0002:00007af0       __sehtable$?FrameUnwindToState@__FrameHandler3@@SAXPAUEHRegistrationNode@@PAXPBU_s_FuncInfo@@H@Z 10026af0     libvcruntime:frame.obj
 0002:00007b18       __sehtable$?CallCatchBlock@@YAPAXPAUEHExceptionRecord@@PAUEHRegistrationNode@@PAU_CONTEXT@@PBU_s_FuncInfo@@PAXHK@Z 10026b18     libvcruntime:frame.obj
 0002:00007b40       __catchsym$?CallUnexpected@@YAXPBU_s_ESTypeList@@@Z$2 10026b40     libvcruntime:frame.obj
 0002:00007b50       __unwindtable$?CallUnexpected@@YAXPBU_s_ESTypeList@@@Z 10026b50     libvcruntime:frame.obj
 0002:00007b60       __tryblocktable$?CallUnexpected@@YAXPBU_s_ESTypeList@@@Z 10026b60     libvcruntime:frame.obj
 0002:00007b74       __ehfuncinfo$?CallUnexpected@@YAXPBU_s_ESTypeList@@@Z 10026b74     libvcruntime:frame.obj
 0002:00007b98       __sehtable$??$BuildCatchObjectHelperInternal@V__FrameHandler3@@@@YAHPAUEHExceptionRecord@@PAXPBU_s_HandlerType@@PBU_s_CatchableType@@@Z 10026b98     libvcruntime:frame.obj
 0002:00007bb8       __sehtable$??$BuildCatchObjectInternal@V__FrameHandler3@@@@YAXPAUEHExceptionRecord@@PAXPBU_s_HandlerType@@PBU_s_CatchableType@@@Z 10026bb8     libvcruntime:frame.obj
 0002:00007c10       __sehtable$___DestructExceptionObject 10026c10     libvcruntime:ehhelpers.obj
 0002:00007c30       __sehtable$?common_exit@@YAXHW4_crt_exit_cleanup_mode@@W4_crt_exit_return_mode@@@Z 10026c30     libucrt:exit.obj
 0002:00007c58       __sehtable$??$?RV<lambda_800076c951b434888f4765a74a194fcc>@@AAV<lambda_4e60a939b0d047cfe11ddc22648dfba9>@@V<lambda_6dbb1268764f43b569ce7b67e331d33a>@@@?$__crt_seh_guarded_call@H@@QAEH$$QAV<lambda_800076c951b434888f4765a74a194fcc>@@AAV<lambda_4e60a939b0d047cfe11ddc22648dfba9>@@$$QAV<lambda_6dbb1268764f43b569ce7b67e331d33a>@@@Z 10026c58     libucrt:onexit.obj
 0002:00007c78       __sehtable$??$?RV<lambda_995298e7d72eb4c2aab26c0585b3abe5>@@AAV<lambda_275893d493268fdec8709772e3fcec0e>@@V<lambda_293819299cbf9a7022e18b56a874bb5c>@@@?$__crt_seh_guarded_call@H@@QAEH$$QAV<lambda_995298e7d72eb4c2aab26c0585b3abe5>@@AAV<lambda_275893d493268fdec8709772e3fcec0e>@@$$QAV<lambda_293819299cbf9a7022e18b56a874bb5c>@@@Z 10026c78     libucrt:onexit.obj
 0002:00007c98       __sehtable$__query_new_handler 10026c98     libucrt:new_handler.obj
 0002:00007cb8       __sehtable$_terminate      10026cb8     libucrt:terminate.obj
 0002:00007cd8       __sehtable$??$?RV<lambda_9df27f884b057bc3edfc946cb5b7cf47>@@AAV<lambda_e69574bed617af4e071282c136b37893>@@V<lambda_cc0d902bcbbeb830f749456577db4721>@@@?$__crt_seh_guarded_call@X@@QAEX$$QAV<lambda_9df27f884b057bc3edfc946cb5b7cf47>@@AAV<lambda_e69574bed617af4e071282c136b37893>@@$$QAV<lambda_cc0d902bcbbeb830f749456577db4721>@@@Z 10026cd8     libucrt:per_thread_data.obj
 0002:00007cf8       __sehtable$??$?RV<lambda_3518db117f0e7cdb002338c5d3c47b6c>@@AAV<lambda_b2ea41f6bbb362cd97d94c6828d90b61>@@V<lambda_abdedf541bb04549bc734292b4a045d4>@@@?$__crt_seh_guarded_call@X@@QAEX$$QAV<lambda_3518db117f0e7cdb002338c5d3c47b6c>@@AAV<lambda_b2ea41f6bbb362cd97d94c6828d90b61>@@$$QAV<lambda_abdedf541bb04549bc734292b4a045d4>@@@Z 10026cf8     libucrt:per_thread_data.obj
 0002:00007d18       __sehtable$??$?RV<lambda_51b6e8b1eb166f2a3faf91f424b38130>@@AAV<lambda_6250bd4b2a391816dd638c3bf72b0bcb>@@V<lambda_0b5a4a3e68152e1d9b943535f5f47bed>@@@?$__crt_seh_guarded_call@X@@QAEX$$QAV<lambda_51b6e8b1eb166f2a3faf91f424b38130>@@AAV<lambda_6250bd4b2a391816dd638c3bf72b0bcb>@@$$QAV<lambda_0b5a4a3e68152e1d9b943535f5f47bed>@@@Z 10026d18     libucrt:per_thread_data.obj
 0002:00007d38       __sehtable$??$?RV<lambda_5b71d36f03204c0beab531769a5b5694>@@AAV<lambda_be2b3da3f62db62e9dad5dc70221a656>@@V<lambda_8f9ce462984622f9bf76b59e2aaaf805>@@@?$__crt_seh_guarded_call@X@@QAEX$$QAV<lambda_5b71d36f03204c0beab531769a5b5694>@@AAV<lambda_be2b3da3f62db62e9dad5dc70221a656>@@$$QAV<lambda_8f9ce462984622f9bf76b59e2aaaf805>@@@Z 10026d38     libucrt:per_thread_data.obj
 0002:00007d58       __sehtable$___acrt_uninitialize_locale 10026d58     libucrt:wsetlocale.obj
 0002:00007d78       __sehtable$___acrt_initialize_lowio 10026d78     libucrt:ioinit.obj
 0002:00007d98       __sehtable$___acrt_update_thread_multibyte_data 10026d98     libucrt:mbctype.obj
 0002:00007db8       __sehtable$??$?RV<lambda_978dc153c237d78434369da87b74ff60>@@AAV<lambda_ad1ced32f4ac17aa236e5ef05d6b3b7c>@@V<lambda_4a8533e2866a575feecb8298ce776b0d>@@@?$__crt_seh_guarded_call@X@@QAEX$$QAV<lambda_978dc153c237d78434369da87b74ff60>@@AAV<lambda_ad1ced32f4ac17aa236e5ef05d6b3b7c>@@$$QAV<lambda_4a8533e2866a575feecb8298ce776b0d>@@@Z 10026db8     libucrt:mbctype.obj
 0002:00007dd8       __sehtable$_raise          10026dd8     libucrt:signal.obj
 0002:00007df8       __sehtable$??$?RV<lambda_a048d3beccc847880fc8490e18b82769>@@AAV<lambda_ec61778202f4f5fc7e7711acc23c3bca>@@V<lambda_f7496a158712204296dd6628a163878e>@@@?$__crt_seh_guarded_call@P6AXH@Z@@QAEP6AXH@Z$$QAV<lambda_a048d3beccc847880fc8490e18b82769>@@AAV<lambda_ec61778202f4f5fc7e7711acc23c3bca>@@$$QAV<lambda_f7496a158712204296dd6628a163878e>@@@Z 10026df8     libucrt:signal.obj
 0002:00007e18       __sehtable$___acrt_update_thread_locale_data 10026e18     libucrt:locale_refcounting.obj
 0002:00007e38       __sehtable$__fcloseall     10026e38     libucrt:closeall.obj
 0002:00007e58       __sehtable$_common_flush_all 10026e58     libucrt:fflush.obj
 0002:00007e80       __sehtable$___acrt_lowio_ensure_fh_exists 10026e80     libucrt:osfinfo.obj
 0002:00007ea0       __sehtable$__write         10026ea0     libucrt:write.obj
 0002:00007ec0       __sehtable$_fclose         10026ec0     libucrt:fclose.obj
 0002:00007ee0       __sehtable$??$?RV<lambda_61cee617f5178ae960314fd4d05640a0>@@AAV<lambda_6978c1fb23f02e42e1d9e99668cc68aa>@@V<lambda_9cd88cf8ad10232537feb2133f08c833>@@@?$__crt_seh_guarded_call@H@@QAEH$$QAV<lambda_61cee617f5178ae960314fd4d05640a0>@@AAV<lambda_6978c1fb23f02e42e1d9e99668cc68aa>@@$$QAV<lambda_9cd88cf8ad10232537feb2133f08c833>@@@Z 10026ee0     libucrt:commit.obj
 0002:00007f00       __sehtable$??$?RV<lambda_123407a5e2ac06da108355a851863b7a>@@AAV<lambda_2fe9b910cf3cbf4a0ab98a02ba45b3ec>@@V<lambda_ae55bdf541ad94d75914d381c370e64d>@@@?$__crt_seh_guarded_call@H@@QAEH$$QAV<lambda_123407a5e2ac06da108355a851863b7a>@@AAV<lambda_2fe9b910cf3cbf4a0ab98a02ba45b3ec>@@$$QAV<lambda_ae55bdf541ad94d75914d381c370e64d>@@@Z 10026f00     libucrt:close.obj
 0002:00007f20       __sehtable$__IsNonwritableInCurrentImage 10026f20     LIBCMT:pesect.obj
 0002:00007f50       .edata                     10026f50     OPOSRemoteOrderDisplay.exp
 0002:00007f78       rgpv                       10026f78     OPOSRemoteOrderDisplay.exp
 0002:00007f88       rgszName                   10026f88     OPOSRemoteOrderDisplay.exp
 0002:00007f98       rgwOrd                     10026f98     OPOSRemoteOrderDisplay.exp
 0002:00007fa0       szName                     10026fa0     OPOSRemoteOrderDisplay.exp
 0002:00007fbb       $N00001                    10026fbb     OPOSRemoteOrderDisplay.exp
 0002:00007fcb       $N00002                    10026fcb     OPOSRemoteOrderDisplay.exp
 0002:00007fdd       $N00003                    10026fdd     OPOSRemoteOrderDisplay.exp
 0002:00007fef       $N00004                    10026fef     OPOSRemoteOrderDisplay.exp
 0002:00008602       .idata$6                   10027602     kernel32:KERNEL32.dll
 0002:00008816       .idata$6                   10027816     user32:USER32.dll
 0002:0000894a       .idata$6                   1002794a     gdi32:GDI32.dll
 0002:000089f0       .idata$6                   100279f0     advapi32:ADVAPI32.dll
 0002:00008b0c       .idata$6                   10027b0c     ole32:ole32.dll
 0002:00008b16       .idata$6                   10027b16     oleaut32:OLEAUT32.dll
 0003:00000110       ?ObjectMap@@3PAU_ATL_OBJMAP_ENTRY30@ATL@@A 10028110     RemoteOrderDisplay.obj
 0003:000001d0       ?s_SOMethodNames@@3PAPADA  100281d0     RemoteOrderDisplayImpl.obj
 0003:0000025c       ?s_RequiredMethodsPerRelease@@3PAHA 1002825c     RemoteOrderDisplayImpl.obj
 0003:00000290       ?__vcrt_flsindex@@3KA      10028290     libvcruntime:per_thread_data.obj
 0003:000002b0       _errno_no_memory           100282b0     libucrt:errno.obj
 0003:000002b4       _doserrno_no_memory        100282b4     libucrt:errno.obj
 0003:000002c0       ___acrt_flsindex           100282c0     libucrt:per_thread_data.obj
 0003:00000434       ___rgctypeflag             10028434     libucrt:mbctype.obj
 0003:00000438       ___rgcode_page_info        10028438     libucrt:mbctype.obj
 0003:00000b58       ?is_initialized_as_dll@@3_NA 10028b58     LIBCMT:utility.obj
 0003:00000b59       ?module_local_atexit_table_initialized@@3_NA 10028b59     LIBCMT:utility.obj
 0003:00000b5c       ?module_local_atexit_table@@3U_onexit_table_t@@A 10028b5c     LIBCMT:utility.obj
 0003:00000b68       ?module_local_at_quick_exit_table@@3U_onexit_table_t@@A 10028b68     LIBCMT:utility.obj
 0003:00000b74       ?_Tss_mutex@@3U_RTL_CRITICAL_SECTION@@A 10028b74     LIBCMT:thread_safe_statics.obj
 0003:00000b8c       ?_Tss_cv@@3U_RTL_CONDITION_VARIABLE@@A 10028b8c     LIBCMT:thread_safe_statics.obj
 0003:00000b90       ?_Tss_event@@3PAXA         10028b90     LIBCMT:thread_safe_statics.obj
 0003:00000b94       ?encoded_sleep_condition_variable_cs@@3P6GHPAU_RTL_CONDITION_VARIABLE@@PAU_RTL_CRITICAL_SECTION@@K@ZA 10028b94     LIBCMT:thread_safe_statics.obj
 0003:00000b98       ?encoded_wake_all_condition_variable@@3P6GXPAU_RTL_CONDITION_VARIABLE@@@ZA 10028b98     LIBCMT:thread_safe_statics.obj
 0003:00000ba0       _GS_ExceptionRecord        10028ba0     LIBCMT:gs_report.obj
 0003:00000bf0       _GS_ContextRecord          10028bf0     LIBCMT:gs_report.obj
 0003:00000ec0       ?__proc_attached@@3HA      10028ec0     LIBCMT:dll_dllmain.obj
 0003:00000f1c       ?AllocateData@@3P6GPAUAtlThunkData_t@@XZA 10028f1c     atls:atlthunk.obj
 0003:00000f20       ?InitData@@3P6GXPAUAtlThunkData_t@@PAXI@ZA 10028f20     atls:atlthunk.obj
 0003:00000f24       ?DataToCode@@3P6GP6GJPAUHWND__@@IIJ@ZPAUAtlThunkData_t@@@ZA 10028f24     atls:atlthunk.obj
 0003:00000f28       ?FreeData@@3P6GXPAUAtlThunkData_t@@@ZA 10028f28     atls:atlthunk.obj
 0003:00000f2c       ?Initialized@@3_NA         10028f2c     atls:atlthunk.obj
 0003:00000f38       ?__vcrt_startup_thread_ptd@@3U__vcrt_ptd@@A 10028f38     libvcruntime:per_thread_data.obj
 0003:00000f60       ___vcrt_lock_table         10028f60     libvcruntime:locks.obj
 0003:00000f78       ___vcrt_locks_initialized  10028f78     libvcruntime:locks.obj
 0003:00000f7c       ?module_handles@@3PAPAUHINSTANCE__@@A 10028f7c     libvcruntime:winapi_downlevel.obj
 0003:00000f88       ?encoded_function_pointers@@3PAPAXA 10028f88     libvcruntime:winapi_downlevel.obj
 0003:00000fc4       ?heap@@3V_HeapManager@@A   10028fc4     libvcruntime:undname.obj
 0003:00000fdc       ___acrt_invalid_parameter_handler 10028fdc     libucrt:invalid_parameter.obj
 0003:00000fe0       _c_termination_complete    10028fe0     libucrt:exit.obj
 0003:00000fe4       _thread_local_exit_callback_func 10028fe4     libucrt:exit.obj
 0003:00000fe8       ?c_exit_complete@?5??common_exit@@YAXHW4_crt_exit_cleanup_mode@@W4_crt_exit_return_mode@@@Z@4_NA 10028fe8     libucrt:exit.obj
 0003:00000ff0       ?program_name@?5???$common_configure_argv@D@@YAHW4_crt_argv_mode@@@Z@4PADA 10028ff0     libucrt:argv_parsing.obj
 0003:00001120       ___acrt_new_handler        10029120     libucrt:new_handler.obj
 0003:00001128       _module_handles            10029128     libucrt:winapi_thunks.obj
 0003:00001178       _encoded_function_pointers 10029178     libucrt:winapi_thunks.obj
 0003:000011f8       ?state_cache@?1??__acrt_is_packaged_app@@9@4JA 100291f8     libucrt:winapi_thunks.obj
 0003:00001204       _enable_percent_n          10029204     libucrt:printf_count_output.obj
 0003:00001420       ___acrt_lock_table         10029420     libucrt:locks.obj
 0003:00001558       ___acrt_locks_initialized  10029558     libucrt:locks.obj
 0003:00001574       _fSystemSet                10029574     libucrt:mbctype.obj
 0003:00001578       ?initialized@?1??__acrt_initialize_multibyte@@9@4_NA 10029578     libucrt:mbctype.obj
 0003:00001598       _ctrlc_action              10029598     libucrt:signal.obj
 0003:0000159c       _ctrlbreak_action          1002959c     libucrt:signal.obj
 0003:000015a0       _abort_action              100295a0     libucrt:signal.obj
 0003:000015a4       _term_action               100295a4     libucrt:signal.obj
 0003:000015a8       _user_matherr              100295a8     libucrt:matherr.obj
 0003:000015ac       ___acrt_global_new_mode    100295ac     libucrt:new_mode.obj
 0003:000015b8       ___acrt_app_type           100295b8     libucrt:report_runtime_error.obj
 0003:000015c0       __pmatherr_set             100295c0     libucrt:libm_error.obj
 0004:00000220       $R000000                   1002a220     RemoteOrderDisplay.res
 0004:00000bc0       $R0009A0                   1002abc0     RemoteOrderDisplay.res
 0004:00000ca8       $R000A88                   1002aca8     RemoteOrderDisplay.res
 0004:00000f10       $R000CF0                   1002af10     RemoteOrderDisplay.res
 0004:00001478       $R001258                   1002b478     RemoteOrderDisplay.res
 0004:00005688       $R005468                   1002f688     RemoteOrderDisplay.res
 0004:000056d0       $R0054B0                   1002f6d0     RemoteOrderDisplay.res
