 OPOSBiometrics

 Timestamp is 5d429d02 (Thu Aug  1 17:04:18 2019)

 Preferred load address is 10000000

 Start         Length     Name                   Class
 0001:00000000 00000080H .text$di                CODE
 0001:00000080 0001dbf3H .text$mn                CODE
 0001:0001dc73 00000036H .text$x                 CODE
 0001:0001dca9 00000042H .text$yd                CODE
 0002:00000000 00000300H .idata$5                DATA
 0002:00000300 00000004H .00cfg                  DATA
 0002:00000304 00000004H .CRT$XCA                DATA
 0002:00000308 00000004H .CRT$XCL                DATA
 0002:0000030c 00000010H .CRT$XCU                DATA
 0002:0000031c 00000004H .CRT$XCZ                DATA
 0002:00000320 00000004H .CRT$XIA                DATA
 0002:00000324 00000010H .CRT$XIC                DATA
 0002:00000334 00000004H .CRT$XIZ                DATA
 0002:00000338 00000004H .CRT$XLA                DATA
 0002:0000033c 00000004H .CRT$XLZ                DATA
 0002:00000340 00000004H .CRT$XPA                DATA
 0002:00000344 00000008H .CRT$XPX                DATA
 0002:0000034c 00000004H .CRT$XPXA               DATA
 0002:00000350 00000004H .CRT$XPZ                DATA
 0002:00000354 00000004H .CRT$XTA                DATA
 0002:00000358 00000008H .CRT$XTZ                DATA
 0002:0000035c 00000000H .gfids$y                DATA
 0002:00000360 00006dbcH .rdata                  DATA
 0002:0000711c 00000018H .rdata$T                DATA
 0002:00007134 0000017cH .rdata$r                DATA
 0002:000072b0 0000001cH .rdata$sxdata           DATA
 0002:000072cc 000003e0H .rdata$zzzdbg           DATA
 0002:000076ac 00000004H .rtc$IAA                DATA
 0002:000076b0 00000004H .rtc$IZZ                DATA
 0002:000076b4 00000004H .rtc$TAA                DATA
 0002:000076b8 00000004H .rtc$TZZ                DATA
 0002:000076bc 00000004H .tls                    DATA
 0002:000076c0 00000004H .tls$                   DATA
 0002:000076c4 00000004H .tls$ZZZ                DATA
 0002:000076c8 00000604H .xdata$x                DATA
 0002:00007ccc 00000004H ATL$__a                 DATA
 0002:00007cd0 00000010H ATL$__z                 DATA
 0002:00007ce0 000000acH .edata                  DATA
 0002:00007d8c 00000078H .idata$2                DATA
 0002:00007e04 00000014H .idata$3                DATA
 0002:00007e18 00000300H .idata$4                DATA
 0002:00008118 00000bc8H .idata$6                DATA
 0003:00000000 00000a90H .data                   DATA
 0003:00000a90 00000098H .data$r                 DATA
 0003:00000b28 00000b80H .bss                    DATA
 0004:00000000 00000220H .rsrc$01                DATA
 0004:00000220 00004830H .rsrc$02                DATA

  Address         Publics by Value              Rva+Base       Lib:Object

 0000:00000000       ___guard_fids_count        00000000     <absolute>
 0000:00000000       ___guard_iat_count         00000000     <absolute>
 0000:00000000       ___hybrid_code_map_count   00000000     <absolute>
 0000:00000000       ___dynamic_value_reloc_table 00000000     <absolute>
 0000:00000000       ___guard_longjmp_count     00000000     <absolute>
 0000:00000000       __except_list              00000000     <absolute>
 0000:00000000       ___guard_fids_table        00000000     <absolute>
 0000:00000000       ___guard_longjmp_table     00000000     <absolute>
 0000:00000000       ___hybrid_auxiliary_iat    00000000     <absolute>
 0000:00000000       ___guard_iat_table         00000000     <absolute>
 0000:00000000       ___volatile_metadata       00000000     <absolute>
 0000:00000000       ___enclave_config          00000000     <absolute>
 0000:00000000       ___AbsoluteZero            00000000     <absolute>
 0000:00000000       ___hybrid_code_map         00000000     <absolute>
 0000:00000007       ___safe_se_handler_count   00000007     <absolute>
 0000:0000002c       __tls_array                0000002c     <absolute>
 0000:00000100       ___guard_flags             00000100     <absolute>
 0000:00000000       ___ImageBase               10000000     <linker-defined>
 0001:00000080       ?DupWide@_CW@@AAEXXZ       10001080 f   CWString.obj
 0001:0000009c       ?cw_dup@@YGXPBDAAHAAPA_W1@Z 1000109c f   CWString.obj
 0001:0000010b       ?cw_memcpy@@YGHPA_WPBDH@Z  1000110b f   CWString.obj
 0001:00000137       ?cw_strcpy@@YAHPA_WPBD@Z   10001137 f   CWString.obj
 0001:0000014a       ?cw_strlen@@YAHPBD@Z       1000114a f   CWString.obj
 0001:00000163       ??0CAtlComModule@ATL@@QAE@XZ 10001163 f i OposVariant.obj
 0001:000001a8       ??0CAtlWinModule@ATL@@QAE@XZ 100011a8 f i OposVariant.obj
 0001:000001df       ??0OposDispParms@@QAE@PAVOposVariant@@H@Z 100011df f   OposVariant.obj
 0001:00000250       ??1OposDispParms@@QAE@XZ   10001250 f   OposVariant.obj
 0001:0000025e       ??A?$CSimpleArray@GV?$CSimpleArrayEqualHelper@G@ATL@@@ATL@@QAEAAGH@Z 1000125e f i OposVariant.obj
 0001:00000283       ??_Estringdispid@CComTypeInfoHolder@ATL@@QAEPAXI@Z 10001283 f i OposVariant.obj
 0001:000002ef       ?AtlWinModuleInit@ATL@@YGJPAU_ATL_WIN_MODULE70@1@@Z 100012ef f i OposVariant.obj
 0001:00000315       ?AtlWinModuleTerm@ATL@@YGJPAU_ATL_WIN_MODULE70@1@PAUHINSTANCE__@@@Z 10001315 f i OposVariant.obj
 0001:00000378       ?ChangeBSTR@OposVariant@@QAEXPAPA_WAAJ@Z 10001378 f   OposVariant.obj
 0001:000003b9       ?ChangeLONG@OposVariant@@QAEXPAJAAJ@Z 100013b9 f   OposVariant.obj
 0001:000003fa       ?GetLONG@OposVariant@@QAEJXZ 100013fa f   OposVariant.obj
 0001:00000415       ?Init@CComCriticalSection@ATL@@QAEJXZ 10001415 f i OposVariant.obj
 0001:0000043d       ?RemoveAll@?$CSimpleArray@GV?$CSimpleArrayEqualHelper@G@ATL@@@ATL@@QAEXXZ 1000143d f i OposVariant.obj
 0001:0000043d       ?RemoveAll@?$CSimpleArray@PAUHINSTANCE__@@V?$CSimpleArrayEqualHelper@PAUHINSTANCE__@@@ATL@@@ATL@@QAEXXZ 1000143d f i atls:atlbase.obj
 0001:0000045a       ?SetBSTR@OposVariant@@QAEXPA_WAAJ@Z 1000145a f   OposVariant.obj
 0001:0000048e       ?SetBSTR_Copy@OposVariant@@QAEXPA_WAAJ@Z 1000148e f   OposVariant.obj
 0001:000004de       ?SetBSTR_InOutPtr@OposVariant@@QAE_NPAPA_WAAJ@Z 100014de f   OposVariant.obj
 0001:00000515       ?SetDispatch_Ptr@OposVariant@@QAEXPAUIDispatch@@AAJ@Z 10001515 f   OposVariant.obj
 0001:00000550       ?SetLONG@OposVariant@@QAEXJ@Z 10001550 f   OposVariant.obj
 0001:00000572       ?SetLONG_Ptr@OposVariant@@QAEXPAJAAJ@Z 10001572 f   OposVariant.obj
 0001:000005a5       ?SetString@OposVariant@@QAEXPB_WAAJ@Z 100015a5 f   OposVariant.obj
 0001:000005eb       ?SetVARIANT@OposVariant@@QAEXAAUtagVARIANT@@GAAJ@Z 100015eb f   OposVariant.obj
 0001:00000632       ?SetVARIANT_BOOL@OposVariant@@QAEXF@Z 10001632 f   OposVariant.obj
 0001:0000065c       ?SetVARIANT_BOOL_Ptr@OposVariant@@QAEXPAFAAJ@Z 1000165c f   OposVariant.obj
 0001:0000068f       ?SetVARIANT_Ptr@OposVariant@@QAEXAAPAUtagVARIANT@@GAAJ@Z 1000168f f   OposVariant.obj
 0001:000006dd       ?Term@CAtlComModule@ATL@@QAEXXZ 100016dd f i OposVariant.obj
 0001:00000727       ?_AtlRaiseException@ATL@@YAXKK@Z 10001727 f i OposVariant.obj
 0001:0000073c       ?AddRef@?$CComObjectCached@VCComClassFactory@ATL@@@ATL@@UAGKXZ 1000173c f i Biometrics.obj
 0001:00000763       ?Release@?$CComObjectCached@VCComClassFactory@ATL@@@ATL@@UAGKXZ 10001763 f i Biometrics.obj
 0001:00000799       ?QueryInterface@?$CComObjectCached@VCComClassFactory@ATL@@@ATL@@UAGJABU_GUID@@PAPAX@Z 10001799 f i Biometrics.obj
 0001:000007b3       ??_E?$CComObjectCached@VCComClassFactory@ATL@@@ATL@@UAEPAXI@Z 100017b3 f i Biometrics.obj
 0001:000007b3       ??_G?$CComObjectCached@VCComClassFactory@ATL@@@ATL@@UAEPAXI@Z 100017b3 f i Biometrics.obj
 0001:000007d5       ?AddRef@?$CComAggObject@VCOPOSBiometrics@@@ATL@@UAGKXZ 100017d5 f i Biometrics.obj
 0001:000007e6       ?Release@?$CComAggObject@VCOPOSBiometrics@@@ATL@@UAGKXZ 100017e6 f i Biometrics.obj
 0001:00000822       ?QueryInterface@?$CComAggObject@VCOPOSBiometrics@@@ATL@@UAGJABU_GUID@@PAPAX@Z 10001822 f i Biometrics.obj
 0001:00000871       ?AddRef@?$CComContainedObject@VCOPOSBiometrics@@@ATL@@UAGKXZ 10001871 f i Biometrics.obj
 0001:00000887       ?Release@?$CComContainedObject@VCOPOSBiometrics@@@ATL@@UAGKXZ 10001887 f i Biometrics.obj
 0001:0000089d       ?QueryInterface@?$CComContainedObject@VCOPOSBiometrics@@@ATL@@UAGJABU_GUID@@PAPAX@Z 1000189d f i Biometrics.obj
 0001:000008b8       ??_E?$CComAggObject@VCOPOSBiometrics@@@ATL@@UAEPAXI@Z 100018b8 f i Biometrics.obj
 0001:000008b8       ??_G?$CComAggObject@VCOPOSBiometrics@@@ATL@@UAEPAXI@Z 100018b8 f i Biometrics.obj
 0001:000008dd       ?AddRef@?$CComObject@VCOPOSBiometrics@@@ATL@@UAGKXZ 100018dd f i Biometrics.obj
 0001:000008f4       ?Release@?$CComObject@VCOPOSBiometrics@@@ATL@@UAGKXZ 100018f4 f i Biometrics.obj
 0001:00000936       ?QueryInterface@?$CComObject@VCOPOSBiometrics@@@ATL@@UAGJABU_GUID@@PAPAX@Z 10001936 f i Biometrics.obj
 0001:00000950       ?Lock@CAtlModule@ATL@@UAEJXZ 10001950 f i Biometrics.obj
 0001:0000095a       ?Unlock@CAtlModule@ATL@@UAEJXZ 1000195a f i Biometrics.obj
 0001:00000964       ?GetLockCount@CAtlModule@ATL@@UAEJXZ 10001964 f i Biometrics.obj
 0001:00000968       ?GetGITPtr@CAtlModule@ATL@@UAEJPAPAUIGlobalInterfaceTable@@@Z 10001968 f i Biometrics.obj
 0001:000009b4       ?AddCommonRGSReplacements@?$CAtlModuleT@VCComModule@ATL@@@ATL@@UAEJPAUIRegistrarBase@@@Z 100019b4 f i Biometrics.obj
 0001:000009ce       ?UpdateRegistryFromResourceD@CComModule@ATL@@UAGJPB_WHPAU_ATL_REGMAP_ENTRY@2@@Z 100019ce f i Biometrics.obj
 0001:000009ce       ?UpdateRegistryFromResourceD@CComModule@ATL@@UAGJIHPAU_ATL_REGMAP_ENTRY@2@@Z 100019ce f i Biometrics.obj
 0001:000009d6       ?UpdateRegistryFromResource@CComModule@ATL@@UAGJPB_WHPAU_ATL_REGMAP_ENTRY@2@@Z 100019d6 f i Biometrics.obj
 0001:000009df       ?UpdateRegistryFromResource@CComModule@ATL@@UAGJIHPAU_ATL_REGMAP_ENTRY@2@@Z 100019df f i Biometrics.obj
 0001:000009e8       ??_ECComModule@ATL@@UAEPAXI@Z 100019e8 f i Biometrics.obj
 0001:000009e8       ??_GCComModule@ATL@@UAEPAXI@Z 100019e8 f i Biometrics.obj
 0001:00000a10       ?OnDrawAdvanced@CComControlBase@ATL@@UAEJAAUATL_DRAWINFO@@@Z 10001a10 f i Biometrics.obj
 0001:00000aff       ?Next@?$CComEnumImpl@UIEnumConnections@@$1?_GUID_b196b287_bab4_101a_b69c_00aa00341d07@@3U__s_GUID@@BUtagCONNECTDATA@@V?$_Copy@UtagCONNECTDATA@@@ATL@@@ATL@@UAGJKPAUtagCONNECTDATA@@PAK@Z 10001aff f i Biometrics.obj
 0001:00000bd6       ?Skip@?$CComEnumImpl@UIEnumConnections@@$1?_GUID_b196b287_bab4_101a_b69c_00aa00341d07@@3U__s_GUID@@BUtagCONNECTDATA@@V?$_Copy@UtagCONNECTDATA@@@ATL@@@ATL@@UAGJK@Z 10001bd6 f i Biometrics.obj
 0001:00000c03       ?Reset@?$CComEnumImpl@UIEnumConnectionPoints@@$1?_GUID_b196b285_bab4_101a_b69c_00aa00341d07@@3U__s_GUID@@BPAUIConnectionPoint@@V?$_CopyInterface@UIConnectionPoint@@@ATL@@@ATL@@UAGJXZ 10001c03 f i Biometrics.obj
 0001:00000c03       ?Reset@?$CComEnumImpl@UIEnumConnections@@$1?_GUID_b196b287_bab4_101a_b69c_00aa00341d07@@3U__s_GUID@@BUtagCONNECTDATA@@V?$_Copy@UtagCONNECTDATA@@@ATL@@@ATL@@UAGJXZ 10001c03 f i Biometrics.obj
 0001:00000c15       ?Clone@?$CComEnumImpl@UIEnumConnections@@$1?_GUID_b196b287_bab4_101a_b69c_00aa00341d07@@3U__s_GUID@@BUtagCONNECTDATA@@V?$_Copy@UtagCONNECTDATA@@@ATL@@@ATL@@UAGJPAPAUIEnumConnections@@@Z 10001c15 f i Biometrics.obj
 0001:00000cf6       ?AddRef@?$CComObject@V?$CComEnum@UIEnumConnectionPoints@@$1?_GUID_b196b285_bab4_101a_b69c_00aa00341d07@@3U__s_GUID@@BPAUIConnectionPoint@@V?$_CopyInterface@UIConnectionPoint@@@ATL@@VCComSingleThreadModel@6@@ATL@@@ATL@@UAGKXZ 10001cf6 f i Biometrics.obj
 0001:00000cf6       ?AddRef@?$CComObject@V?$CComEnum@UIEnumConnections@@$1?_GUID_b196b287_bab4_101a_b69c_00aa00341d07@@3U__s_GUID@@BUtagCONNECTDATA@@V?$_Copy@UtagCONNECTDATA@@@ATL@@VCComSingleThreadModel@6@@ATL@@@ATL@@UAGKXZ 10001cf6 f i Biometrics.obj
 0001:00000d07       ?Release@?$CComObject@V?$CComEnum@UIEnumConnectionPoints@@$1?_GUID_b196b285_bab4_101a_b69c_00aa00341d07@@3U__s_GUID@@BPAUIConnectionPoint@@V?$_CopyInterface@UIConnectionPoint@@@ATL@@VCComSingleThreadModel@6@@ATL@@@ATL@@UAGKXZ 10001d07 f i Biometrics.obj
 0001:00000d07       ?Release@?$CComObject@V?$CComEnum@UIEnumConnections@@$1?_GUID_b196b287_bab4_101a_b69c_00aa00341d07@@3U__s_GUID@@BUtagCONNECTDATA@@V?$_Copy@UtagCONNECTDATA@@@ATL@@VCComSingleThreadModel@6@@ATL@@@ATL@@UAGKXZ 10001d07 f i Biometrics.obj
 0001:00000d43       ?QueryInterface@?$CComObject@V?$CComEnum@UIEnumConnections@@$1?_GUID_b196b287_bab4_101a_b69c_00aa00341d07@@3U__s_GUID@@BUtagCONNECTDATA@@V?$_Copy@UtagCONNECTDATA@@@ATL@@VCComSingleThreadModel@6@@ATL@@@ATL@@UAGJABU_GUID@@PAPAX@Z 10001d43 f i Biometrics.obj
 0001:00000d5d       ??_G?$CComObject@V?$CComEnum@UIEnumConnections@@$1?_GUID_b196b287_bab4_101a_b69c_00aa00341d07@@3U__s_GUID@@BUtagCONNECTDATA@@V?$_Copy@UtagCONNECTDATA@@@ATL@@VCComSingleThreadModel@6@@ATL@@@ATL@@UAEPAXI@Z 10001d5d f i Biometrics.obj
 0001:00000d5d       ??_E?$CComObject@V?$CComEnum@UIEnumConnections@@$1?_GUID_b196b287_bab4_101a_b69c_00aa00341d07@@3U__s_GUID@@BUtagCONNECTDATA@@V?$_Copy@UtagCONNECTDATA@@@ATL@@VCComSingleThreadModel@6@@ATL@@@ATL@@UAEPAXI@Z 10001d5d f i Biometrics.obj
 0001:00000d7f       ?SetMoniker@?$IOleObjectImpl@VCOPOSBiometrics@@@ATL@@UAGJKPAUIMoniker@@@Z 10001d7f f i Biometrics.obj
 0001:00000d7f       ?QueryInterface@CRegObject@ATL@@UAGJABU_GUID@@PAPAX@Z 10001d7f f i Biometrics.obj
 0001:00000d7f       ?GetRect@?$IViewObjectExImpl@VCOPOSBiometrics@@@ATL@@UAGJKPAU_RECTL@@@Z 10001d7f f i Biometrics.obj
 0001:00000d7f       ?GetDataHere@?$IDataObjectImpl@VCOPOSBiometrics@@@ATL@@UAGJPAUtagFORMATETC@@PAUtagSTGMEDIUM@@@Z 10001d7f f i Biometrics.obj
 0001:00000d7f       ?GetCanonicalFormatEtc@?$IDataObjectImpl@VCOPOSBiometrics@@@ATL@@UAGJPAUtagFORMATETC@@0@Z 10001d7f f i Biometrics.obj
 0001:00000d7f       ?EnumFormatEtc@?$IDataObjectImpl@VCOPOSBiometrics@@@ATL@@UAGJKPAPAUIEnumFORMATETC@@@Z 10001d7f f i Biometrics.obj
 0001:00000d7f       ?GetClipboardData@?$IOleObjectImpl@VCOPOSBiometrics@@@ATL@@UAGJKPAPAUIDataObject@@@Z 10001d7f f i Biometrics.obj
 0001:00000d87       ?AddRef@CRegObject@ATL@@UAGKXZ 10001d87 f i Biometrics.obj
 0001:00000d8d       ?IsUpToDate@?$IOleObjectImpl@VCOPOSBiometrics@@@ATL@@UAGJXZ 10001d8d f i Biometrics.obj
 0001:00000d8d       ?Update@?$IOleObjectImpl@VCOPOSBiometrics@@@ATL@@UAGJXZ 10001d8d f i Biometrics.obj
 0001:00000d8d       ?HandsOffStorage@?$IPersistStorageImpl@VCOPOSBiometrics@@@ATL@@UAGJXZ 10001d8d f i Biometrics.obj
 0001:00000d8d       ?Release@CRegObject@ATL@@UAGKXZ 10001d8d f i Biometrics.obj
 0001:00000d92       ?AddReplacement@CRegObject@ATL@@UAGJPB_W0@Z 10001d92 f i Biometrics.obj
 0001:00000dcb       ?ClearReplacements@CRegObject@ATL@@UAGJXZ 10001dcb f i Biometrics.obj
 0001:00000ddd       ??_GCRegObject@ATL@@UAEPAXI@Z 10001ddd f i Biometrics.obj
 0001:00000ddd       ??_ECRegObject@ATL@@UAEPAXI@Z 10001ddd f i Biometrics.obj
 0001:00000dff       ??_E?$CComObject@VCOPOSBiometrics@@@ATL@@W3AEPAXI@Z 10001dff f i Biometrics.obj
 0001:00000e07       ??_E?$CComObject@VCOPOSBiometrics@@@ATL@@WEM@AEPAXI@Z 10001e07 f i Biometrics.obj
 0001:00000e0f       ?QueryInterface@?$CComObject@VCOPOSBiometrics@@@ATL@@WHA@AGJABU_GUID@@PAPAX@Z 10001e0f f i Biometrics.obj
 0001:00000e19       ?AddRef@?$CComObject@VCOPOSBiometrics@@@ATL@@WHA@AGKXZ 10001e19 f i Biometrics.obj
 0001:00000e23       ?Release@?$CComObject@VCOPOSBiometrics@@@ATL@@WHA@AGKXZ 10001e23 f i Biometrics.obj
 0001:00000e2d       ?QueryInterface@?$CComObject@VCOPOSBiometrics@@@ATL@@WHE@AGJABU_GUID@@PAPAX@Z 10001e2d f i Biometrics.obj
 0001:00000e37       ?AddRef@?$CComObject@VCOPOSBiometrics@@@ATL@@WHE@AGKXZ 10001e37 f i Biometrics.obj
 0001:00000e41       ?Release@?$CComObject@VCOPOSBiometrics@@@ATL@@WHE@AGKXZ 10001e41 f i Biometrics.obj
 0001:00000e4b       ?QueryInterface@?$CComObject@VCOPOSBiometrics@@@ATL@@WHI@AGJABU_GUID@@PAPAX@Z 10001e4b f i Biometrics.obj
 0001:00000e55       ?AddRef@?$CComObject@VCOPOSBiometrics@@@ATL@@WHI@AGKXZ 10001e55 f i Biometrics.obj
 0001:00000e5f       ?Release@?$CComObject@VCOPOSBiometrics@@@ATL@@WHI@AGKXZ 10001e5f f i Biometrics.obj
 0001:00000e69       ?QueryInterface@?$CComObject@VCOPOSBiometrics@@@ATL@@WHM@AGJABU_GUID@@PAPAX@Z 10001e69 f i Biometrics.obj
 0001:00000e73       ?AddRef@?$CComObject@VCOPOSBiometrics@@@ATL@@WHM@AGKXZ 10001e73 f i Biometrics.obj
 0001:00000e7d       ?Release@?$CComObject@VCOPOSBiometrics@@@ATL@@WHM@AGKXZ 10001e7d f i Biometrics.obj
 0001:00000e87       ?QueryInterface@?$CComObject@VCOPOSBiometrics@@@ATL@@WIA@AGJABU_GUID@@PAPAX@Z 10001e87 f i Biometrics.obj
 0001:00000e94       ?AddRef@?$CComObject@VCOPOSBiometrics@@@ATL@@WIA@AGKXZ 10001e94 f i Biometrics.obj
 0001:00000ea1       ?Release@?$CComObject@VCOPOSBiometrics@@@ATL@@WIA@AGKXZ 10001ea1 f i Biometrics.obj
 0001:00000eae       ?QueryInterface@?$CComObject@VCOPOSBiometrics@@@ATL@@WIE@AGJABU_GUID@@PAPAX@Z 10001eae f i Biometrics.obj
 0001:00000ebb       ?AddRef@?$CComObject@VCOPOSBiometrics@@@ATL@@WIE@AGKXZ 10001ebb f i Biometrics.obj
 0001:00000ec8       ?Release@?$CComObject@VCOPOSBiometrics@@@ATL@@WIE@AGKXZ 10001ec8 f i Biometrics.obj
 0001:00000ed5       ?QueryInterface@?$CComObject@VCOPOSBiometrics@@@ATL@@WII@AGJABU_GUID@@PAPAX@Z 10001ed5 f i Biometrics.obj
 0001:00000ee2       ?AddRef@?$CComObject@VCOPOSBiometrics@@@ATL@@WII@AGKXZ 10001ee2 f i Biometrics.obj
 0001:00000eef       ?Release@?$CComObject@VCOPOSBiometrics@@@ATL@@WII@AGKXZ 10001eef f i Biometrics.obj
 0001:00000efc       ?QueryInterface@?$CComObject@VCOPOSBiometrics@@@ATL@@WIM@AGJABU_GUID@@PAPAX@Z 10001efc f i Biometrics.obj
 0001:00000f09       ?AddRef@?$CComObject@VCOPOSBiometrics@@@ATL@@WIM@AGKXZ 10001f09 f i Biometrics.obj
 0001:00000f16       ?Release@?$CComObject@VCOPOSBiometrics@@@ATL@@WIM@AGKXZ 10001f16 f i Biometrics.obj
 0001:00000f23       ?QueryInterface@?$CComObject@VCOPOSBiometrics@@@ATL@@WJA@AGJABU_GUID@@PAPAX@Z 10001f23 f i Biometrics.obj
 0001:00000f30       ?AddRef@?$CComObject@VCOPOSBiometrics@@@ATL@@WJA@AGKXZ 10001f30 f i Biometrics.obj
 0001:00000f3d       ?Release@?$CComObject@VCOPOSBiometrics@@@ATL@@WJA@AGKXZ 10001f3d f i Biometrics.obj
 0001:00000f4a       ?QueryInterface@?$CComObject@VCOPOSBiometrics@@@ATL@@WJE@AGJABU_GUID@@PAPAX@Z 10001f4a f i Biometrics.obj
 0001:00000f57       ?AddRef@?$CComObject@VCOPOSBiometrics@@@ATL@@WJE@AGKXZ 10001f57 f i Biometrics.obj
 0001:00000f64       ?Release@?$CComObject@VCOPOSBiometrics@@@ATL@@WJE@AGKXZ 10001f64 f i Biometrics.obj
 0001:00000f71       ?QueryInterface@?$CComObject@VCOPOSBiometrics@@@ATL@@WJI@AGJABU_GUID@@PAPAX@Z 10001f71 f i Biometrics.obj
 0001:00000f7e       ?AddRef@?$CComObject@VCOPOSBiometrics@@@ATL@@WJI@AGKXZ 10001f7e f i Biometrics.obj
 0001:00000f8b       ?Release@?$CComObject@VCOPOSBiometrics@@@ATL@@WJI@AGKXZ 10001f8b f i Biometrics.obj
 0001:00000f98       ?QueryInterface@?$CComObject@VCOPOSBiometrics@@@ATL@@WJM@AGJABU_GUID@@PAPAX@Z 10001f98 f i Biometrics.obj
 0001:00000fa5       ?AddRef@?$CComObject@VCOPOSBiometrics@@@ATL@@WJM@AGKXZ 10001fa5 f i Biometrics.obj
 0001:00000fb2       ?Release@?$CComObject@VCOPOSBiometrics@@@ATL@@WJM@AGKXZ 10001fb2 f i Biometrics.obj
 0001:00000fbf       ?QueryInterface@?$CComObject@VCOPOSBiometrics@@@ATL@@WKA@AGJABU_GUID@@PAPAX@Z 10001fbf f i Biometrics.obj
 0001:00000fcc       ?AddRef@?$CComObject@VCOPOSBiometrics@@@ATL@@WKA@AGKXZ 10001fcc f i Biometrics.obj
 0001:00000fd9       ?Release@?$CComObject@VCOPOSBiometrics@@@ATL@@WKA@AGKXZ 10001fd9 f i Biometrics.obj
 0001:00000fe6       ?AddRef@?$CComObject@VCOPOSBiometrics@@@ATL@@WKI@AGKXZ 10001fe6 f i Biometrics.obj
 0001:00000ff3       ?Release@?$CComObject@VCOPOSBiometrics@@@ATL@@WKI@AGKXZ 10001ff3 f i Biometrics.obj
 0001:00001000       ?AddRef@?$CComObject@VCOPOSBiometrics@@@ATL@@WLE@AGKXZ 10002000 f i Biometrics.obj
 0001:0000100d       ?Release@?$CComObject@VCOPOSBiometrics@@@ATL@@WLE@AGKXZ 1000200d f i Biometrics.obj
 0001:0000101a       ??_E?$CComContainedObject@VCOPOSBiometrics@@@ATL@@W3AEPAXI@Z 1000201a f i Biometrics.obj
 0001:00001022       ??_E?$CComContainedObject@VCOPOSBiometrics@@@ATL@@WEM@AEPAXI@Z 10002022 f i Biometrics.obj
 0001:0000102a       ?QueryInterface@?$CComContainedObject@VCOPOSBiometrics@@@ATL@@WHA@AGJABU_GUID@@PAPAX@Z 1000202a f i Biometrics.obj
 0001:00001034       ?AddRef@?$CComContainedObject@VCOPOSBiometrics@@@ATL@@WHA@AGKXZ 10002034 f i Biometrics.obj
 0001:0000103e       ?Release@?$CComContainedObject@VCOPOSBiometrics@@@ATL@@WHA@AGKXZ 1000203e f i Biometrics.obj
 0001:00001048       ?QueryInterface@?$CComContainedObject@VCOPOSBiometrics@@@ATL@@WHE@AGJABU_GUID@@PAPAX@Z 10002048 f i Biometrics.obj
 0001:00001052       ?AddRef@?$CComContainedObject@VCOPOSBiometrics@@@ATL@@WHE@AGKXZ 10002052 f i Biometrics.obj
 0001:0000105c       ?Release@?$CComContainedObject@VCOPOSBiometrics@@@ATL@@WHE@AGKXZ 1000205c f i Biometrics.obj
 0001:00001066       ?QueryInterface@?$CComContainedObject@VCOPOSBiometrics@@@ATL@@WHI@AGJABU_GUID@@PAPAX@Z 10002066 f i Biometrics.obj
 0001:00001070       ?AddRef@?$CComContainedObject@VCOPOSBiometrics@@@ATL@@WHI@AGKXZ 10002070 f i Biometrics.obj
 0001:0000107a       ?Release@?$CComContainedObject@VCOPOSBiometrics@@@ATL@@WHI@AGKXZ 1000207a f i Biometrics.obj
 0001:00001084       ?QueryInterface@?$CComContainedObject@VCOPOSBiometrics@@@ATL@@WHM@AGJABU_GUID@@PAPAX@Z 10002084 f i Biometrics.obj
 0001:0000108e       ?AddRef@?$CComContainedObject@VCOPOSBiometrics@@@ATL@@WHM@AGKXZ 1000208e f i Biometrics.obj
 0001:00001098       ?Release@?$CComContainedObject@VCOPOSBiometrics@@@ATL@@WHM@AGKXZ 10002098 f i Biometrics.obj
 0001:000010a2       ?QueryInterface@?$CComContainedObject@VCOPOSBiometrics@@@ATL@@WIA@AGJABU_GUID@@PAPAX@Z 100020a2 f i Biometrics.obj
 0001:000010af       ?AddRef@?$CComContainedObject@VCOPOSBiometrics@@@ATL@@WIA@AGKXZ 100020af f i Biometrics.obj
 0001:000010bc       ?Release@?$CComContainedObject@VCOPOSBiometrics@@@ATL@@WIA@AGKXZ 100020bc f i Biometrics.obj
 0001:000010c9       ?QueryInterface@?$CComContainedObject@VCOPOSBiometrics@@@ATL@@WIE@AGJABU_GUID@@PAPAX@Z 100020c9 f i Biometrics.obj
 0001:000010d6       ?AddRef@?$CComContainedObject@VCOPOSBiometrics@@@ATL@@WIE@AGKXZ 100020d6 f i Biometrics.obj
 0001:000010e3       ?Release@?$CComContainedObject@VCOPOSBiometrics@@@ATL@@WIE@AGKXZ 100020e3 f i Biometrics.obj
 0001:000010f0       ?QueryInterface@?$CComContainedObject@VCOPOSBiometrics@@@ATL@@WII@AGJABU_GUID@@PAPAX@Z 100020f0 f i Biometrics.obj
 0001:000010fd       ?AddRef@?$CComContainedObject@VCOPOSBiometrics@@@ATL@@WII@AGKXZ 100020fd f i Biometrics.obj
 0001:0000110a       ?Release@?$CComContainedObject@VCOPOSBiometrics@@@ATL@@WII@AGKXZ 1000210a f i Biometrics.obj
 0001:00001117       ?QueryInterface@?$CComContainedObject@VCOPOSBiometrics@@@ATL@@WIM@AGJABU_GUID@@PAPAX@Z 10002117 f i Biometrics.obj
 0001:00001124       ?AddRef@?$CComContainedObject@VCOPOSBiometrics@@@ATL@@WIM@AGKXZ 10002124 f i Biometrics.obj
 0001:00001131       ?Release@?$CComContainedObject@VCOPOSBiometrics@@@ATL@@WIM@AGKXZ 10002131 f i Biometrics.obj
 0001:0000113e       ?QueryInterface@?$CComContainedObject@VCOPOSBiometrics@@@ATL@@WJA@AGJABU_GUID@@PAPAX@Z 1000213e f i Biometrics.obj
 0001:0000114b       ?AddRef@?$CComContainedObject@VCOPOSBiometrics@@@ATL@@WJA@AGKXZ 1000214b f i Biometrics.obj
 0001:00001158       ?Release@?$CComContainedObject@VCOPOSBiometrics@@@ATL@@WJA@AGKXZ 10002158 f i Biometrics.obj
 0001:00001165       ?QueryInterface@?$CComContainedObject@VCOPOSBiometrics@@@ATL@@WJE@AGJABU_GUID@@PAPAX@Z 10002165 f i Biometrics.obj
 0001:00001172       ?AddRef@?$CComContainedObject@VCOPOSBiometrics@@@ATL@@WJE@AGKXZ 10002172 f i Biometrics.obj
 0001:0000117f       ?Release@?$CComContainedObject@VCOPOSBiometrics@@@ATL@@WJE@AGKXZ 1000217f f i Biometrics.obj
 0001:0000118c       ?QueryInterface@?$CComContainedObject@VCOPOSBiometrics@@@ATL@@WJI@AGJABU_GUID@@PAPAX@Z 1000218c f i Biometrics.obj
 0001:00001199       ?AddRef@?$CComContainedObject@VCOPOSBiometrics@@@ATL@@WJI@AGKXZ 10002199 f i Biometrics.obj
 0001:000011a6       ?Release@?$CComContainedObject@VCOPOSBiometrics@@@ATL@@WJI@AGKXZ 100021a6 f i Biometrics.obj
 0001:000011b3       ?QueryInterface@?$CComContainedObject@VCOPOSBiometrics@@@ATL@@WJM@AGJABU_GUID@@PAPAX@Z 100021b3 f i Biometrics.obj
 0001:000011c0       ?AddRef@?$CComContainedObject@VCOPOSBiometrics@@@ATL@@WJM@AGKXZ 100021c0 f i Biometrics.obj
 0001:000011cd       ?Release@?$CComContainedObject@VCOPOSBiometrics@@@ATL@@WJM@AGKXZ 100021cd f i Biometrics.obj
 0001:000011da       ?QueryInterface@?$CComContainedObject@VCOPOSBiometrics@@@ATL@@WKA@AGJABU_GUID@@PAPAX@Z 100021da f i Biometrics.obj
 0001:000011e7       ?AddRef@?$CComContainedObject@VCOPOSBiometrics@@@ATL@@WKA@AGKXZ 100021e7 f i Biometrics.obj
 0001:000011f4       ?Release@?$CComContainedObject@VCOPOSBiometrics@@@ATL@@WKA@AGKXZ 100021f4 f i Biometrics.obj
 0001:00001201       ?AddRef@?$CComContainedObject@VCOPOSBiometrics@@@ATL@@WKI@AGKXZ 10002201 f i Biometrics.obj
 0001:0000120e       ?Release@?$CComContainedObject@VCOPOSBiometrics@@@ATL@@WKI@AGKXZ 1000220e f i Biometrics.obj
 0001:0000121b       ?AddRef@?$CComContainedObject@VCOPOSBiometrics@@@ATL@@WLE@AGKXZ 1000221b f i Biometrics.obj
 0001:00001228       ?Release@?$CComContainedObject@VCOPOSBiometrics@@@ATL@@WLE@AGKXZ 10002228 f i Biometrics.obj
 0001:00001235       ?GetWindowProc@?$CWindowImplBaseT@VCWindow@ATL@@V?$CWinTraits@$0FGAAAAAA@$0A@@2@@ATL@@UAEP6GJPAUHWND__@@IIJ@ZXZ 10002235 f i Biometrics.obj
 0001:0000123b       ?StartWindowProc@?$CWindowImplBaseT@VCWindow@ATL@@V?$CWinTraits@$0FGAAAAAA@$0A@@2@@ATL@@SGJPAUHWND__@@IIJ@Z 1000223b f i Biometrics.obj
 0001:0000128f       ?OnFinalMessage@?$CWindowImplBaseT@VCWindow@ATL@@V?$CWinTraits@$0FGAAAAAA@$0A@@2@@ATL@@UAEXPAUHWND__@@@Z 1000228f f i Biometrics.obj
 0001:0000128f       ?ObjectMain@CComObjectRootBase@ATL@@SGX_N@Z 1000228f f i Biometrics.obj
 0001:00001292       ?GetTypeInfoCount@?$IDispatchImpl@UIOPOSBiometrics@@$1?IID_IOPOSBiometrics@@3U_GUID@@B$1?LIBID_OposBiometrics_CCO@@3U3@B$00$0A@VCComTypeInfoHolder@ATL@@@ATL@@UAGJPAI@Z 10002292 f i Biometrics.obj
 0001:000012af       ?GetTypeInfo@?$IDispatchImpl@UIOPOSBiometrics@@$1?IID_IOPOSBiometrics@@3U_GUID@@B$1?LIBID_OposBiometrics_CCO@@3U3@B$00$0A@VCComTypeInfoHolder@ATL@@@ATL@@UAGJIKPAPAUITypeInfo@@@Z 100022af f i Biometrics.obj
 0001:000012d3       ?GetIDsOfNames@?$IDispatchImpl@UIOPOSBiometrics@@$1?IID_IOPOSBiometrics@@3U_GUID@@B$1?LIBID_OposBiometrics_CCO@@3U3@B$00$0A@VCComTypeInfoHolder@ATL@@@ATL@@UAGJABU_GUID@@PAPA_WIKPAJ@Z 100022d3 f i Biometrics.obj
 0001:000012f3       ?Invoke@?$IDispatchImpl@UIOPOSBiometrics@@$1?IID_IOPOSBiometrics@@3U_GUID@@B$1?LIBID_OposBiometrics_CCO@@3U3@B$00$0A@VCComTypeInfoHolder@ATL@@@ATL@@UAGJJABU_GUID@@KGPAUtagDISPPARAMS@@PAUtagVARIANT@@PAUtagEXCEPINFO@@PAI@Z 100022f3 f i Biometrics.obj
 0001:00001301       ?CreateControlWindow@?$CComControl@VCOPOSBiometrics@@V?$CWindowImpl@VCOPOSBiometrics@@VCWindow@ATL@@V?$CWinTraits@$0FGAAAAAA@$0A@@3@@ATL@@@ATL@@UAEPAUHWND__@@PAU3@AAUtagRECT@@@Z 10002301 f i Biometrics.obj
 0001:00001330       ?ControlQueryInterface@?$CComControl@VCOPOSBiometrics@@V?$CWindowImpl@VCOPOSBiometrics@@VCWindow@ATL@@V?$CWinTraits@$0FGAAAAAA@$0A@@3@@ATL@@@ATL@@UAEJABU_GUID@@PAPAX@Z 10002330 f i Biometrics.obj
 0001:0000134b       ?GetClassID@?$IPersistStorageImpl@VCOPOSBiometrics@@@ATL@@UAGJPAU_GUID@@@Z 1000234b f i Biometrics.obj
 0001:0000134b       ?GetClassID@?$IPersistStreamInitImpl@VCOPOSBiometrics@@@ATL@@UAGJPAU_GUID@@@Z 1000234b f i Biometrics.obj
 0001:0000134b       ?GetUserClassID@?$IOleObjectImpl@VCOPOSBiometrics@@@ATL@@UAGJPAU_GUID@@@Z 1000234b f i Biometrics.obj
 0001:0000136f       ?IsDirty@?$IPersistStreamInitImpl@VCOPOSBiometrics@@@ATL@@UAGJXZ 1000236f f i Biometrics.obj
 0001:0000138e       ?Load@?$IPersistStreamInitImpl@VCOPOSBiometrics@@@ATL@@UAGJPAUIStream@@@Z 1000238e f i Biometrics.obj
 0001:000013ad       ?Save@?$IPersistStreamInitImpl@VCOPOSBiometrics@@@ATL@@UAGJPAUIStream@@H@Z 100023ad f i Biometrics.obj
 0001:000013cf       ?GetSizeMax@?$IPersistStreamInitImpl@VCOPOSBiometrics@@@ATL@@UAGJPAT_ULARGE_INTEGER@@@Z 100023cf f i Biometrics.obj
 0001:00001584       ?InitNew@?$IPersistStreamInitImpl@VCOPOSBiometrics@@@ATL@@UAGJXZ 10002584 f i Biometrics.obj
 0001:000015a1       ?SetColorScheme@?$IOleObjectImpl@VCOPOSBiometrics@@@ATL@@UAGJPAUtagLOGPALETTE@@@Z 100025a1 f i Biometrics.obj
 0001:000015a1       ?ContextSensitiveHelp@?$IOleInPlaceObjectWindowlessImpl@VCOPOSBiometrics@@@ATL@@UAGJH@Z 100025a1 f i Biometrics.obj
 0001:000015a1       ?GetControlInfo@?$IOleControlImpl@VCOPOSBiometrics@@@ATL@@UAGJPAUtagCONTROLINFO@@@Z 100025a1 f i Biometrics.obj
 0001:000015a1       ?OnMnemonic@?$IOleControlImpl@VCOPOSBiometrics@@@ATL@@UAGJPAUtagMSG@@@Z 100025a1 f i Biometrics.obj
 0001:000015a1       ?SOOutputCompleteDummy@COPOSBiometrics@@MAGJJ@Z 100025a1 f i Biometrics.obj
 0001:000015a1       ?ContextSensitiveHelp@?$IOleInPlaceActiveObjectImpl@VCOPOSBiometrics@@@ATL@@UAGJH@Z 100025a1 f i Biometrics.obj
 0001:000015a1       ?QueryGetData@?$IDataObjectImpl@VCOPOSBiometrics@@@ATL@@UAGJPAUtagFORMATETC@@@Z 100025a1 f i Biometrics.obj
 0001:000015a1       ?GetDropTarget@?$IOleInPlaceObjectWindowlessImpl@VCOPOSBiometrics@@@ATL@@UAGJPAPAUIDropTarget@@@Z 100025a1 f i Biometrics.obj
 0001:000015a1       ?Unfreeze@?$IViewObjectExImpl@VCOPOSBiometrics@@@ATL@@UAGJK@Z 100025a1 f i Biometrics.obj
 0001:000015a9       ?OnFrameWindowActivate@?$IOleInPlaceActiveObjectImpl@VCOPOSBiometrics@@@ATL@@UAGJH@Z 100025a9 f i Biometrics.obj
 0001:000015a9       ?SaveCompleted@?$IPersistStorageImpl@VCOPOSBiometrics@@@ATL@@UAGJPAUIStorage@@@Z 100025a9 f i Biometrics.obj
 0001:000015a9       ?EnableModeless@?$IOleInPlaceActiveObjectImpl@VCOPOSBiometrics@@@ATL@@UAGJH@Z 100025a9 f i Biometrics.obj
 0001:000015a9       ?OnAmbientPropertyChange@?$IOleControlImpl@VCOPOSBiometrics@@@ATL@@UAGJJ@Z 100025a9 f i Biometrics.obj
 0001:000015ae       ?SetClientSite@?$IOleObjectImpl@VCOPOSBiometrics@@@ATL@@UAGJPAUIOleClientSite@@@Z 100025ae f i Biometrics.obj
 0001:000015cb       ?GetClientSite@?$IOleObjectImpl@VCOPOSBiometrics@@@ATL@@UAGJPAPAUIOleClientSite@@@Z 100025cb f i Biometrics.obj
 0001:000015e8       ?SetHostNames@?$IOleObjectImpl@VCOPOSBiometrics@@@ATL@@UAGJPB_W0@Z 100025e8 f i Biometrics.obj
 0001:000015ed       ?Close@?$IOleObjectImpl@VCOPOSBiometrics@@@ATL@@UAGJK@Z 100025ed f i Biometrics.obj
 0001:0000160a       ?InitFromData@?$IOleObjectImpl@VCOPOSBiometrics@@@ATL@@UAGJPAUIDataObject@@HK@Z 1000260a f i Biometrics.obj
 0001:0000160a       ?SetData@?$IDataObjectImpl@VCOPOSBiometrics@@@ATL@@UAGJPAUtagFORMATETC@@PAUtagSTGMEDIUM@@H@Z 1000260a f i Biometrics.obj
 0001:0000160a       ?GetMoniker@?$IOleObjectImpl@VCOPOSBiometrics@@@ATL@@UAGJKKPAPAUIMoniker@@@Z 1000260a f i Biometrics.obj
 0001:00001612       ?DoVerb@?$IOleObjectImpl@VCOPOSBiometrics@@@ATL@@UAGJJPAUtagMSG@@PAUIOleClientSite@@JPAUHWND__@@PBUtagRECT@@@Z 10002612 f i Biometrics.obj
 0001:0000172a       ?EnumVerbs@?$IOleObjectImpl@VCOPOSBiometrics@@@ATL@@UAGJPAPAUIEnumOLEVERB@@@Z 1000272a f i Biometrics.obj
 0001:0000174c       ?GetUserType@?$IOleObjectImpl@VCOPOSBiometrics@@@ATL@@UAGJKPAPA_W@Z 1000274c f i Biometrics.obj
 0001:00001764       ?SetExtent@?$IOleObjectImpl@VCOPOSBiometrics@@@ATL@@UAGJKPAUtagSIZE@@@Z 10002764 f i Biometrics.obj
 0001:00001784       ?GetExtent@?$IOleObjectImpl@VCOPOSBiometrics@@@ATL@@UAGJKPAUtagSIZE@@@Z 10002784 f i Biometrics.obj
 0001:000017c2       ?Advise@?$IOleObjectImpl@VCOPOSBiometrics@@@ATL@@UAGJPAUIAdviseSink@@PAK@Z 100027c2 f i Biometrics.obj
 0001:000017e2       ?Unadvise@?$IOleObjectImpl@VCOPOSBiometrics@@@ATL@@UAGJK@Z 100027e2 f i Biometrics.obj
 0001:00001811       ?EnumAdvise@?$IOleObjectImpl@VCOPOSBiometrics@@@ATL@@UAGJPAPAUIEnumSTATDATA@@@Z 10002811 f i Biometrics.obj
 0001:00001851       ?GetMiscStatus@?$IOleObjectImpl@VCOPOSBiometrics@@@ATL@@UAGJKPAK@Z 10002851 f i Biometrics.obj
 0001:00001869       ?GetWindow@?$IOleInPlaceActiveObjectImpl@VCOPOSBiometrics@@@ATL@@UAGJPAPAUHWND__@@@Z 10002869 f i Biometrics.obj
 0001:000018b6       ?TranslateAcceleratorW@?$IOleInPlaceActiveObjectImpl@VCOPOSBiometrics@@@ATL@@UAGJPAUtagMSG@@@Z 100028b6 f i Biometrics.obj
 0001:00001954       ?OnDocWindowActivate@?$IOleInPlaceActiveObjectImpl@VCOPOSBiometrics@@@ATL@@UAGJH@Z 10002954 f i Biometrics.obj
 0001:00001976       ?ResizeBorder@?$IOleInPlaceActiveObjectImpl@VCOPOSBiometrics@@@ATL@@UAGJPBUtagRECT@@PAUIOleInPlaceUIWindow@@H@Z 10002976 f i Biometrics.obj
 0001:0000197b       ?Draw@?$IViewObjectExImpl@VCOPOSBiometrics@@@ATL@@UAGJKJPAXPAUtagDVTARGETDEVICE@@PAUHDC__@@2PBU_RECTL@@3P6GHK@ZK@Z 1000297b f i Biometrics.obj
 0001:000019ad       ?GetColorSet@?$IViewObjectExImpl@VCOPOSBiometrics@@@ATL@@UAGJKJPAXPAUtagDVTARGETDEVICE@@PAUHDC__@@PAPAUtagLOGPALETTE@@@Z 100029ad f i Biometrics.obj
 0001:000019b5       ?Freeze@?$IViewObjectExImpl@VCOPOSBiometrics@@@ATL@@UAGJKJPAXPAK@Z 100029b5 f i Biometrics.obj
 0001:000019bd       ?SetAdvise@?$IViewObjectExImpl@VCOPOSBiometrics@@@ATL@@UAGJKKPAUIAdviseSink@@@Z 100029bd f i Biometrics.obj
 0001:000019dc       ?GetAdvise@?$IViewObjectExImpl@VCOPOSBiometrics@@@ATL@@UAGJPAK0PAPAUIAdviseSink@@@Z 100029dc f i Biometrics.obj
 0001:00001a11       ?GetExtent@?$IViewObjectExImpl@VCOPOSBiometrics@@@ATL@@UAGJKJPAUtagDVTARGETDEVICE@@PAUtagSIZE@@@Z 10002a11 f i Biometrics.obj
 0001:00001a42       ?GetViewStatus@?$IViewObjectExImpl@VCOPOSBiometrics@@@ATL@@UAGJPAK@Z 10002a42 f i Biometrics.obj
 0001:00001a5f       ?QueryHitPoint@?$IViewObjectExImpl@VCOPOSBiometrics@@@ATL@@UAGJKPBUtagRECT@@UtagPOINT@@JPAK@Z 10002a5f f i Biometrics.obj
 0001:00001aa0       ?QueryHitRect@?$IViewObjectExImpl@VCOPOSBiometrics@@@ATL@@UAGJKPBUtagRECT@@0JPAK@Z 10002aa0 f i Biometrics.obj
 0001:00001afb       ?GetNaturalExtent@?$IViewObjectExImpl@VCOPOSBiometrics@@@ATL@@UAGJKJPAUtagDVTARGETDEVICE@@PAUHDC__@@PAUtagExtentInfo@@PAUtagSIZE@@@Z 10002afb f i Biometrics.obj
 0001:00001b46       ?GetWindow@?$IOleInPlaceObjectWindowlessImpl@VCOPOSBiometrics@@@ATL@@UAGJPAPAUHWND__@@@Z 10002b46 f i Biometrics.obj
 0001:00001b93       ?InPlaceDeactivate@?$IOleInPlaceObjectWindowlessImpl@VCOPOSBiometrics@@@ATL@@UAGJXZ 10002b93 f i Biometrics.obj
 0001:00001bad       ?UIDeactivate@?$IOleInPlaceObjectWindowlessImpl@VCOPOSBiometrics@@@ATL@@UAGJXZ 10002bad f i Biometrics.obj
 0001:00001bc7       ?SetObjectRects@?$IOleInPlaceObjectWindowlessImpl@VCOPOSBiometrics@@@ATL@@UAGJPBUtagRECT@@0@Z 10002bc7 f i Biometrics.obj
 0001:00001be7       ?ReactivateAndUndo@?$IOleInPlaceObjectWindowlessImpl@VCOPOSBiometrics@@@ATL@@UAGJXZ 10002be7 f i Biometrics.obj
 0001:00001bef       ?OnWindowMessage@?$IOleInPlaceObjectWindowlessImpl@VCOPOSBiometrics@@@ATL@@UAGJIIJPAJ@Z 10002bef f i Biometrics.obj
 0001:00001c5f       ?EnumConnectionPoints@?$IConnectionPointContainerImpl@VCOPOSBiometrics@@@ATL@@UAGJPAPAUIEnumConnectionPoints@@@Z 10002c5f f i Biometrics.obj
 0001:00001dd9       ?FindConnectionPoint@?$IConnectionPointContainerImpl@VCOPOSBiometrics@@@ATL@@UAGJABU_GUID@@PAPAUIConnectionPoint@@@Z 10002dd9 f i Biometrics.obj
 0001:00001e7c       ?IsDirty@?$IPersistStorageImpl@VCOPOSBiometrics@@@ATL@@UAGJXZ 10002e7c f i Biometrics.obj
 0001:00001eb0       ?InitNew@?$IPersistStorageImpl@VCOPOSBiometrics@@@ATL@@UAGJPAUIStorage@@@Z 10002eb0 f i Biometrics.obj
 0001:00001ee4       ?Load@?$IPersistStorageImpl@VCOPOSBiometrics@@@ATL@@UAGJPAUIStorage@@@Z 10002ee4 f i Biometrics.obj
 0001:00001f50       ?Save@?$IPersistStorageImpl@VCOPOSBiometrics@@@ATL@@UAGJPAUIStorage@@H@Z 10002f50 f i Biometrics.obj
 0001:00001fc3       ?GetPages@?$ISpecifyPropertyPagesImpl@VCOPOSBiometrics@@@ATL@@UAGJPAUtagCAUUID@@@Z 10002fc3 f i Biometrics.obj
 0001:00001fda       ?QuickActivate@?$IQuickActivateImpl@VCOPOSBiometrics@@@ATL@@UAGJPAUtagQACONTAINER@@PAUtagQACONTROL@@@Z 10002fda f i Biometrics.obj
 0001:00001ffd       ?SetContentExtent@?$IQuickActivateImpl@VCOPOSBiometrics@@@ATL@@UAGJPAUtagSIZE@@@Z 10002ffd f i Biometrics.obj
 0001:00002029       ?GetContentExtent@?$IQuickActivateImpl@VCOPOSBiometrics@@@ATL@@UAGJPAUtagSIZE@@@Z 10003029 f i Biometrics.obj
 0001:00002049       ?GetData@?$IDataObjectImpl@VCOPOSBiometrics@@@ATL@@UAGJPAUtagFORMATETC@@PAUtagSTGMEDIUM@@@Z 10003049 f i Biometrics.obj
 0001:0000206c       ?DAdvise@?$IDataObjectImpl@VCOPOSBiometrics@@@ATL@@UAGJPAUtagFORMATETC@@KPAUIAdviseSink@@PAK@Z 1000306c f i Biometrics.obj
 0001:000020ad       ?DUnadvise@?$IDataObjectImpl@VCOPOSBiometrics@@@ATL@@UAGJK@Z 100030ad f i Biometrics.obj
 0001:000020db       ?EnumDAdvise@?$IDataObjectImpl@VCOPOSBiometrics@@@ATL@@UAGJPAPAUIEnumSTATDATA@@@Z 100030db f i Biometrics.obj
 0001:0000211a       ?GetClassInfoW@?$IProvideClassInfo2Impl@$1?CLSID_OPOSBiometrics@@3U_GUID@@B$1?DIID__IOPOSBiometricsEvents@@3U2@B$1?LIBID_OposBiometrics_CCO@@3U2@B$00$0A@VCComTypeInfoHolder@ATL@@@ATL@@UAGJPAPAUITypeInfo@@@Z 1000311a f i Biometrics.obj
 0001:00002130       ?GetGUID@?$IProvideClassInfo2Impl@$1?CLSID_OPOSBiometrics@@3U_GUID@@B$1?DIID__IOPOSBiometricsEvents@@3U2@B$1?LIBID_OposBiometrics_CCO@@3U2@B$00$0A@VCComTypeInfoHolder@ATL@@@ATL@@UAGJKPAU_GUID@@@Z 10003130 f i Biometrics.obj
 0001:0000216e       __get_startup_argv_mode    1000316e f i LIBCMT:argv_mode.obj
 0001:0000216e       ?FAccessAllowed@?$IObjectSafetyImpl@VCOPOSBiometrics@@$02@ATL@@MAEHXZ 1000316e f i Biometrics.obj
 0001:00002172       ?GetInterfaceSafetyOptions@?$IObjectSafetyImpl@VCOPOSBiometrics@@$02@ATL@@UAGJABU_GUID@@PAK1@Z 10003172 f i Biometrics.obj
 0001:000021e6       ?SetInterfaceSafetyOptions@?$IObjectSafetyImpl@VCOPOSBiometrics@@$02@ATL@@UAGJABU_GUID@@KK@Z 100031e6 f i Biometrics.obj
 0001:00002260       ?_LocCPQueryInterface@?$IConnectionPointImpl@VCOPOSBiometrics@@$1?DIID__IOPOSBiometricsEvents@@3U_GUID@@BVCComDynamicUnkArray@ATL@@@ATL@@UAGJABU_GUID@@PAPAX@Z 10003260 f i Biometrics.obj
 0001:00002260       ?_LocCPQueryInterface@?$IConnectionPointImpl@VCOPOSBiometrics@@$1?IID_IPropertyNotifySink@@3U_GUID@@BVCComDynamicUnkArray@ATL@@@ATL@@UAGJABU_GUID@@PAPAX@Z 10003260 f i Biometrics.obj
 0001:000022ad       ?GetConnectionInterface@?$IConnectionPointImpl@VCOPOSBiometrics@@$1?IID_IPropertyNotifySink@@3U_GUID@@BVCComDynamicUnkArray@ATL@@@ATL@@UAGJPAU_GUID@@@Z 100032ad f i Biometrics.obj
 0001:000022d1       ?GetConnectionPointContainer@?$IConnectionPointImpl@VCOPOSBiometrics@@$1?IID_IPropertyNotifySink@@3U_GUID@@BVCComDynamicUnkArray@ATL@@@ATL@@UAGJPAPAUIConnectionPointContainer@@@Z 100032d1 f i Biometrics.obj
 0001:000022f4       ?Advise@?$IConnectionPointImpl@VCOPOSBiometrics@@$1?DIID__IOPOSBiometricsEvents@@3U_GUID@@BVCComDynamicUnkArray@ATL@@@ATL@@UAGJPAUIUnknown@@PAK@Z 100032f4 f i Biometrics.obj
 0001:000022f4       ?Advise@?$IConnectionPointImpl@VCOPOSBiometrics@@$1?IID_IPropertyNotifySink@@3U_GUID@@BVCComDynamicUnkArray@ATL@@@ATL@@UAGJPAUIUnknown@@PAK@Z 100032f4 f i Biometrics.obj
 0001:00002395       ?Unadvise@?$IConnectionPointImpl@VCOPOSBiometrics@@$1?IID_IPropertyNotifySink@@3U_GUID@@BVCComDynamicUnkArray@ATL@@@ATL@@UAGJK@Z 10003395 f i Biometrics.obj
 0001:00002395       ?Unadvise@?$IConnectionPointImpl@VCOPOSBiometrics@@$1?DIID__IOPOSBiometricsEvents@@3U_GUID@@BVCComDynamicUnkArray@ATL@@@ATL@@UAGJK@Z 10003395 f i Biometrics.obj
 0001:000023d5       ?EnumConnections@?$IConnectionPointImpl@VCOPOSBiometrics@@$1?IID_IPropertyNotifySink@@3U_GUID@@BVCComDynamicUnkArray@ATL@@@ATL@@UAGJPAPAUIEnumConnections@@@Z 100033d5 f i Biometrics.obj
 0001:000023d5       ?EnumConnections@?$IConnectionPointImpl@VCOPOSBiometrics@@$1?DIID__IOPOSBiometricsEvents@@3U_GUID@@BVCComDynamicUnkArray@ATL@@@ATL@@UAGJPAPAUIEnumConnections@@@Z 100033d5 f i Biometrics.obj
 0001:000024db       ?GetCategoryMap@CComObjectRootBase@ATL@@SAPBU_ATL_CATMAP_ENTRY@2@XZ 100034db f i Biometrics.obj
 0001:000024db       ?GetObjectDescription@?$CComCoClass@VCOPOSBiometrics@@$1?CLSID_OPOSBiometrics@@3U_GUID@@B@ATL@@SGPB_WXZ 100034db f i Biometrics.obj
 0001:000024de       ?GetConnectionInterface@?$IConnectionPointImpl@VCOPOSBiometrics@@$1?DIID__IOPOSBiometricsEvents@@3U_GUID@@BVCComDynamicUnkArray@ATL@@@ATL@@UAGJPAU_GUID@@@Z 100034de f i Biometrics.obj
 0001:00002502       ?GetConnectionPointContainer@?$IConnectionPointImpl@VCOPOSBiometrics@@$1?DIID__IOPOSBiometricsEvents@@3U_GUID@@BVCComDynamicUnkArray@ATL@@@ATL@@UAGJPAPAUIConnectionPointContainer@@@Z 10003502 f i Biometrics.obj
 0001:00002525       ?UpdateRegistry@COPOSBiometrics@@SGJH@Z 10003525 f i Biometrics.obj
 0001:0000253d       ?ProcessWindowMessage@COPOSBiometrics@@UAEHPAUHWND__@@IIJAAJK@Z 1000353d f i Biometrics.obj
 0001:00002586       ?SOData@COPOSBiometrics@@MAGJJ@Z 10003586 f i Biometrics.obj
 0001:000025bf       ?SODirectIO@COPOSBiometrics@@MAGJJPAJPAPA_W@Z 100035bf f i Biometrics.obj
 0001:00002608       ?SOError@COPOSBiometrics@@MAGJJJJPAJ@Z 10003608 f i Biometrics.obj
 0001:0000265d       ?SOStatusUpdate@COPOSBiometrics@@MAGJJ@Z 1000365d f i Biometrics.obj
 0001:00002696       ?CreateInstance@?$CComCreator@V?$CComObjectCached@VCComClassFactory@ATL@@@ATL@@@ATL@@SGJPAXABU_GUID@@PAPAX@Z 10003696 f i Biometrics.obj
 0001:00002729       ?CreateInstance@?$CComCreator2@V?$CComCreator@V?$CComObject@VCOPOSBiometrics@@@ATL@@@ATL@@V?$CComCreator@V?$CComAggObject@VCOPOSBiometrics@@@ATL@@@2@@ATL@@SGJPAXABU_GUID@@PAPAX@Z 10003729 f i Biometrics.obj
 0001:00002749       ?Next@?$CComEnumImpl@UIEnumConnectionPoints@@$1?_GUID_b196b285_bab4_101a_b69c_00aa00341d07@@3U__s_GUID@@BPAUIConnectionPoint@@V?$_CopyInterface@UIConnectionPoint@@@ATL@@@ATL@@UAGJKPAPAUIConnectionPoint@@PAK@Z 10003749 f i Biometrics.obj
 0001:00002820       ?Skip@?$CComEnumImpl@UIEnumConnectionPoints@@$1?_GUID_b196b285_bab4_101a_b69c_00aa00341d07@@3U__s_GUID@@BPAUIConnectionPoint@@V?$_CopyInterface@UIConnectionPoint@@@ATL@@@ATL@@UAGJK@Z 10003820 f i Biometrics.obj
 0001:0000284d       ?Clone@?$CComEnumImpl@UIEnumConnectionPoints@@$1?_GUID_b196b285_bab4_101a_b69c_00aa00341d07@@3U__s_GUID@@BPAUIConnectionPoint@@V?$_CopyInterface@UIConnectionPoint@@@ATL@@@ATL@@UAGJPAPAUIEnumConnectionPoints@@@Z 1000384d f i Biometrics.obj
 0001:0000292e       ?QueryInterface@?$CComObject@V?$CComEnum@UIEnumConnectionPoints@@$1?_GUID_b196b285_bab4_101a_b69c_00aa00341d07@@3U__s_GUID@@BPAUIConnectionPoint@@V?$_CopyInterface@UIConnectionPoint@@@ATL@@VCComSingleThreadModel@6@@ATL@@@ATL@@UAGJABU_GUID@@PAPAX@Z 1000392e f i Biometrics.obj
 0001:00002948       ??_E?$CComObject@V?$CComEnum@UIEnumConnectionPoints@@$1?_GUID_b196b285_bab4_101a_b69c_00aa00341d07@@3U__s_GUID@@BPAUIConnectionPoint@@V?$_CopyInterface@UIConnectionPoint@@@ATL@@VCComSingleThreadModel@6@@ATL@@@ATL@@UAEPAXI@Z 10003948 f i Biometrics.obj
 0001:00002948       ??_G?$CComObject@V?$CComEnum@UIEnumConnectionPoints@@$1?_GUID_b196b285_bab4_101a_b69c_00aa00341d07@@3U__s_GUID@@BPAUIConnectionPoint@@V?$_CopyInterface@UIConnectionPoint@@@ATL@@VCComSingleThreadModel@6@@ATL@@@ATL@@UAEPAXI@Z 10003948 f i Biometrics.obj
 0001:0000296a       ?CreateInstance@CComClassFactory@ATL@@UAGJPAUIUnknown@@ABU_GUID@@PAPAX@Z 1000396a f i Biometrics.obj
 0001:000029a8       ?LockServer@CComClassFactory@ATL@@UAGJH@Z 100039a8 f i Biometrics.obj
 0001:000029c7       ??_ECComClassFactory@ATL@@UAEPAXI@Z 100039c7 f i Biometrics.obj
 0001:000029c7       ??_GCComClassFactory@ATL@@UAEPAXI@Z 100039c7 f i Biometrics.obj
 0001:000029f2       ??$?4UITypeInfo2@@@?$CComPtr@UITypeInfo@@@ATL@@QAEPAUITypeInfo@@ABV?$CComPtr@UITypeInfo2@@@1@@Z 100039f2 f i Biometrics.obj
 0001:00002a1f       ??$AtlAdd@K@ATL@@YAJPAKKK@Z 10003a1f f i Biometrics.obj
 0001:00002a42       ??$AtlAdd@_K@ATL@@YAJPA_K_K1@Z 10003a42 f i Biometrics.obj
 0001:00002a7a       ??$AtlAddThrow@K@ATL@@YAKKK@Z 10003a7a f i Biometrics.obj
 0001:00002aa0       ??$AtlModuleRegisterWndClassInfoT@VAtlModuleRegisterWndClassInfoParamW@ATL@@@ATL@@YAGPAU_ATL_BASE_MODULE70@0@PAU_ATL_WIN_MODULE70@0@PAU_ATL_WNDCLASSINFOW@0@PAP6GJPAUHWND__@@IIJ@ZVAtlModuleRegisterWndClassInfoParamW@0@@Z 10003aa0 f i Biometrics.obj
 0001:00002bee       ??$AtlMultiply@H@ATL@@YAJPAHHH@Z 10003bee f i Biometrics.obj
 0001:00002c26       ??$AtlMultiply@K@ATL@@YAJPAKKK@Z 10003c26 f i Biometrics.obj
 0001:00002c26       ??$AtlMultiply@I@ATL@@YAJPAIII@Z 10003c26 f i Biometrics.obj
 0001:00002c48       ??$AtlMultiplyThrow@I@ATL@@YAIII@Z 10003c48 f i Biometrics.obj
 0001:00002c6e       ??0?$CComAggObject@VCOPOSBiometrics@@@ATL@@QAE@PAX@Z 10003c6e f i Biometrics.obj
 0001:00002c9b       ??0?$CComContainedObject@VCOPOSBiometrics@@@ATL@@QAE@PAX@Z 10003c9b f i Biometrics.obj
 0001:00002d54       ??0?$CComObject@V?$CComEnum@UIEnumConnectionPoints@@$1?_GUID_b196b285_bab4_101a_b69c_00aa00341d07@@3U__s_GUID@@BPAUIConnectionPoint@@V?$_CopyInterface@UIConnectionPoint@@@ATL@@VCComSingleThreadModel@6@@ATL@@@ATL@@QAE@PAX@Z 10003d54 f i Biometrics.obj
 0001:00002d82       ??0?$CComObject@V?$CComEnum@UIEnumConnections@@$1?_GUID_b196b287_bab4_101a_b69c_00aa00341d07@@3U__s_GUID@@BUtagCONNECTDATA@@V?$_Copy@UtagCONNECTDATA@@@ATL@@VCComSingleThreadModel@6@@ATL@@@ATL@@QAE@PAX@Z 10003d82 f i Biometrics.obj
 0001:00002db0       ??0?$CComObject@VCOPOSBiometrics@@@ATL@@QAE@PAX@Z 10003db0 f i Biometrics.obj
 0001:00002e67       ??0?$CComQIPtr@UIOleControlSite@@$1?_GUID_b196b289_bab4_101a_b69c_00aa00341d07@@3U__s_GUID@@B@ATL@@QAE@PAUIUnknown@@@Z 10003e67 f i Biometrics.obj
 0001:00002e90       ??0CAtlModule@ATL@@QAE@XZ  10003e90 f i Biometrics.obj
 0001:00002ed1       ??0CParseBuffer@CRegParser@ATL@@QAE@H@Z 10003ed1 f i Biometrics.obj
 0001:00002f07       ??0_ATL_MSG@ATL@@QAE@PAUHWND__@@IIJH@Z 10003f07 f i Biometrics.obj
 0001:00002f3f       ??1?$CComAggObject@VCOPOSBiometrics@@@ATL@@UAE@XZ 10003f3f f i Biometrics.obj
 0001:00002f63       ??1?$CComEnumImpl@UIEnumConnectionPoints@@$1?_GUID_b196b285_bab4_101a_b69c_00aa00341d07@@3U__s_GUID@@BPAUIConnectionPoint@@V?$_CopyInterface@UIConnectionPoint@@@ATL@@@ATL@@UAE@XZ 10003f63 f i Biometrics.obj
 0001:00002fa3       ??1?$CComEnumImpl@UIEnumConnections@@$1?_GUID_b196b287_bab4_101a_b69c_00aa00341d07@@3U__s_GUID@@BUtagCONNECTDATA@@V?$_Copy@UtagCONNECTDATA@@@ATL@@@ATL@@UAE@XZ 10003fa3 f i Biometrics.obj
 0001:00002fe3       ??1?$CComObject@V?$CComEnum@UIEnumConnectionPoints@@$1?_GUID_b196b285_bab4_101a_b69c_00aa00341d07@@3U__s_GUID@@BPAUIConnectionPoint@@V?$_CopyInterface@UIConnectionPoint@@@ATL@@VCComSingleThreadModel@6@@ATL@@@ATL@@UAE@XZ 10003fe3 f i Biometrics.obj
 0001:00003006       ??1?$CComObject@V?$CComEnum@UIEnumConnections@@$1?_GUID_b196b287_bab4_101a_b69c_00aa00341d07@@3U__s_GUID@@BUtagCONNECTDATA@@V?$_Copy@UtagCONNECTDATA@@@ATL@@VCComSingleThreadModel@6@@ATL@@@ATL@@UAE@XZ 10004006 f i Biometrics.obj
 0001:00003029       ??1?$CComObject@VCOPOSBiometrics@@@ATL@@UAE@XZ 10004029 f i Biometrics.obj
 0001:000030e7       ??1?$CComObjectCached@VCComClassFactory@ATL@@@ATL@@UAE@XZ 100040e7 f i Biometrics.obj
 0001:000030fd       ??1?$CComObjectRootEx@VCComMultiThreadModel@ATL@@@ATL@@QAE@XZ 100040fd f i Biometrics.obj
 0001:00003112       ??1CRegObject@ATL@@UAE@XZ  10004112 f i Biometrics.obj
 0001:00003132       ??4?$CComPtr@UIAdviseSink@@@ATL@@QAEPAUIAdviseSink@@PAU2@@Z 10004132 f i Biometrics.obj
 0001:00003132       ??4?$CComPtr@UIUnknown@@@ATL@@QAEPAUIUnknown@@PAU2@@Z 10004132 f i Biometrics.obj
 0001:00003132       ??4?$CComPtr@UIOleClientSite@@@ATL@@QAEPAUIOleClientSite@@PAU2@@Z 10004132 f i Biometrics.obj
 0001:00003166       ??4?$CComQIPtr@UIOleObject@@$1?_GUID_00000112_0000_0000_c000_000000000046@@3U__s_GUID@@B@ATL@@QAEPAUIOleObject@@PAUIUnknown@@@Z 10004166 f i Biometrics.obj
 0001:0000318b       ??4?$CComQIPtr@UISpecifyPropertyPages@@$1?_GUID_b196b28b_bab4_101a_b69c_00aa00341d07@@3U__s_GUID@@B@ATL@@QAEPAUISpecifyPropertyPages@@PAUIUnknown@@@Z 1000418b f i Biometrics.obj
 0001:000031b0       ??_E?$CComContainedObject@VCOPOSBiometrics@@@ATL@@UAEPAXI@Z 100041b0 f i Biometrics.obj
 0001:000031b0       ??_G?$CComContainedObject@VCOPOSBiometrics@@@ATL@@UAEPAXI@Z 100041b0 f i Biometrics.obj
 0001:000031d5       ??_G?$CComObject@VCOPOSBiometrics@@@ATL@@UAEPAXI@Z 100041d5 f i Biometrics.obj
 0001:000031d5       ??_E?$CComObject@VCOPOSBiometrics@@@ATL@@UAEPAXI@Z 100041d5 f i Biometrics.obj
 0001:000031fa       ?Add@?$CSimpleArray@GV?$CSimpleArrayEqualHelper@G@ATL@@@ATL@@QAEHABG@Z 100041fa f i Biometrics.obj
 0001:0000327e       ?Add@?$CSimpleMap@PA_WPA_WVCExpansionVectorEqualHelper@ATL@@@ATL@@QAEHABQA_W0@Z 1000427e f i Biometrics.obj
 0001:000032d3       ?Add@CComDynamicUnkArray@ATL@@QAEKPAUIUnknown@@@Z 100042d3 f i Biometrics.obj
 0001:00003389       ?Add@CExpansionVector@ATL@@QAEHPB_W0@Z 10004389 f i Biometrics.obj
 0001:0000348d       ?AddString@CParseBuffer@CRegParser@ATL@@QAEHPB_W@Z 1000448d f i Biometrics.obj
 0001:000034c2       ?AddValue@CRegParser@ATL@@IAEJAAVCRegKey@2@PB_WPA_W@Z 100044c2 f i Biometrics.obj
 0001:000037e3       ?Allocate@?$CAtlSafeAllocBufferManager@VCCRTAllocator@ATL@@@_ATL_SAFE_ALLOCA_IMPL@ATL@@QAEPAXK@Z 100047e3 f i Biometrics.obj
 0001:00003810       ?Allocate@?$CTempBuffer@E$0BAA@VCCRTAllocator@ATL@@@ATL@@QAEPAEI@Z 10004810 f i Biometrics.obj
 0001:0000383f       ?Allocate@?$CTempBuffer@_W$0BAA@VCCRTAllocator@ATL@@@ATL@@QAEPA_WI@Z 1000483f f i Biometrics.obj
 0001:0000386e       ?Allocate@?$CTempBuffer@_W$0EAA@VCCRTAllocator@ATL@@@ATL@@QAEPA_WI@Z 1000486e f i Biometrics.obj
 0001:0000389d       ?AllocateHeap@?$CTempBuffer@E$0BAA@VCCRTAllocator@ATL@@@ATL@@AAEXI@Z 1000489d f i Biometrics.obj
 0001:0000389d       ?AllocateHeap@?$CTempBuffer@_W$0BAA@VCCRTAllocator@ATL@@@ATL@@AAEXI@Z 1000489d f i Biometrics.obj
 0001:0000389d       ?AllocateHeap@?$CTempBuffer@_W$0EAA@VCCRTAllocator@ATL@@@ATL@@AAEXI@Z 1000489d f i Biometrics.obj
 0001:000038c2       ?Append@CParseBuffer@CRegParser@ATL@@QAEHPB_WH@Z 100048c2 f i Biometrics.obj
 0001:00003950       ?AtlCallTermFunc@ATL@@YGXPAU_ATL_MODULE70@1@@Z 10004950 f i Biometrics.obj
 0001:00003994       ?AtlCoTaskMemCAlloc@ATL@@YAPAXKK@Z 10004994 f i Biometrics.obj
 0001:000039c1       ?AtlCoTaskMemRecalloc@ATL@@YAPAXPAXKK@Z 100049c1 f i Biometrics.obj
 0001:000039f1       ?AtlComModuleGetClassObject@ATL@@YGJPAU_ATL_COM_MODULE70@1@ABU_GUID@@1PAPAX@Z 100049f1 f i Biometrics.obj
 0001:00003ae4       ?AtlComModuleRegisterServer@ATL@@YGJPAU_ATL_COM_MODULE70@1@HPBU_GUID@@@Z 10004ae4 f i Biometrics.obj
 0001:00003b6c       ?AtlComModuleUnregisterServer@ATL@@YGJPAU_ATL_COM_MODULE70@1@HPBU_GUID@@@Z 10004b6c f i Biometrics.obj
 0001:00003bf4       ?AtlComQIPtrAssign2@ATL@@YAXPAPAUIUnknown@@PAU2@ABU_GUID@@@Z 10004bf4 f i Biometrics.obj
 0001:00003c23       ?AtlCreateTargetDC@ATL@@YGPAUHDC__@@PAU2@PAUtagDVTARGETDEVICE@@@Z 10004c23 f i Biometrics.obj
 0001:00003c8c       ?AtlCrtErrorCheck@ATL@@YAHH@Z 10004c8c f i Biometrics.obj
 0001:00003cc7       ?AtlHiMetricToPixel@ATL@@YGXPBUtagSIZE@@PAU2@@Z 10004cc7 f i Biometrics.obj
 0001:00003d3c       ?AtlHresultFromLastError@ATL@@YAJXZ 10004d3c f i Biometrics.obj
 0001:00003d53       ?AtlHresultFromWin32@ATL@@YAJK@Z 10004d53 f i Biometrics.obj
 0001:00003d68       ?AtlIPersistStreamInit_Load@ATL@@YGJPAUIStream@@PBUATL_PROPMAP_ENTRY@1@PAXPAUIUnknown@@@Z 10004d68 f i Biometrics.obj
 0001:00003f48       ?AtlIPersistStreamInit_Save@ATL@@YGJPAUIStream@@HPBUATL_PROPMAP_ENTRY@1@PAXPAUIUnknown@@@Z 10004f48 f i Biometrics.obj
 0001:000040e0       ?AtlInternalOleLoadFromStream@ATL@@YAJPAUIStream@@ABU_GUID@@PAPAXTClassesAllowedInStream@1@K@Z 100050e0 f i Biometrics.obj
 0001:00004206       ?AtlInternalQueryInterface@ATL@@YGJPAXPBU_ATL_INTMAP_ENTRY@1@ABU_GUID@@PAPAX@Z 10005206 f i Biometrics.obj
 0001:000042a9       ?AtlLoadTypeLib@ATL@@YGJPAUHINSTANCE__@@PB_WPAPA_WPAPAUITypeLib@@@Z 100052a9 f i Biometrics.obj
 0001:00004487       ?AtlModuleAddTermFunc@ATL@@YGJPAU_ATL_MODULE70@1@P6GXK@ZK@Z 10005487 f i Biometrics.obj
 0001:000044e4       ?AtlRegisterClassCategoriesHelper@ATL@@YGJABU_GUID@@PBU_ATL_CATMAP_ENTRY@1@H@Z 100054e4 f i Biometrics.obj
 0001:000047c4       ?AtlRegisterTypeLib@ATL@@YGJPAUHINSTANCE__@@PB_W@Z 100057c4 f i Biometrics.obj
 0001:0000494c       ?AtlThrowImpl@ATL@@YGXJ@Z  1000594c f i Biometrics.obj
 0001:0000496a       ?AtlUnRegisterTypeLib@ATL@@YGJPAUHINSTANCE__@@PB_W@Z 1000596a f i Biometrics.obj
 0001:00004a15       ?AtlWinModuleAddCreateWndData@ATL@@YGXPAU_ATL_WIN_MODULE70@1@PAU_AtlCreateWndData@1@PAX@Z 10005a15 f i Biometrics.obj
 0001:00004a69       ?AtlWinModuleExtractCreateWndData@ATL@@YGPAXPAU_ATL_WIN_MODULE70@1@@Z 10005a69 f i Biometrics.obj
 0001:00004acc       ?AtlWinModuleRegisterClassExW@ATL@@YGGPAU_ATL_WIN_MODULE70@1@PBUtagWNDCLASSEXW@@@Z 10005acc f i Biometrics.obj
 0001:00004b0b       ?CanForceRemoveKey@CRegParser@ATL@@IAEHPB_W@Z 10005b0b f i Biometrics.obj
 0001:00004b3a       ?ChToByte@CRegParser@ATL@@KAE_W@Z 10005b3a f i Biometrics.obj
 0001:00004b6d       ?Cleanup@CComTypeInfoHolder@ATL@@SGXK@Z 10005b6d f i Biometrics.obj
 0001:00004ba0       ?ClearReplacements@CExpansionVector@ATL@@QAEJXZ 10005ba0 f i Biometrics.obj
 0001:00004bdd       ?Close@CRegKey@ATL@@QAEJXZ 10005bdd f i Biometrics.obj
 0001:00004bf7       ?CreateInstance@?$CComCreator@V?$CComAggObject@VCOPOSBiometrics@@@ATL@@@ATL@@SGJPAXABU_GUID@@PAPAX@Z 10005bf7 f i Biometrics.obj
 0001:00004c6d       ?CreateInstance@?$CComCreator@V?$CComObject@VCOPOSBiometrics@@@ATL@@@ATL@@SGJPAXABU_GUID@@PAPAX@Z 10005c6d f i Biometrics.obj
 0001:00004cee       ?CreateInstance@?$CComObject@V?$CComEnum@UIEnumConnectionPoints@@$1?_GUID_b196b285_bab4_101a_b69c_00aa00341d07@@3U__s_GUID@@BPAUIConnectionPoint@@V?$_CopyInterface@UIConnectionPoint@@@ATL@@VCComSingleThreadModel@6@@ATL@@@ATL@@SGJPAPAV12@@Z 10005cee f i Biometrics.obj
 0001:00004d35       ?CreateInstance@?$CComObject@V?$CComEnum@UIEnumConnections@@$1?_GUID_b196b287_bab4_101a_b69c_00aa00341d07@@3U__s_GUID@@BUtagCONNECTDATA@@V?$_Copy@UtagCONNECTDATA@@@ATL@@VCComSingleThreadModel@6@@ATL@@@ATL@@SGJPAPAV12@@Z 10005d35 f i Biometrics.obj
 0001:00004d7c       ?DefaultReflectionHandler@?$CWindowImplRoot@VCWindow@ATL@@@ATL@@SAHPAUHWND__@@IIJAAJ@Z 10005d7c f i Biometrics.obj
 0001:00004def       ?DeleteSubKey@CRegKey@ATL@@QAEJPB_W@Z 10005def f i Biometrics.obj
 0001:00004e68       ?DoEvent@COPOSBiometrics@@IAEXIIJ@Z 10005e68 f i Biometrics.obj
 0001:00004ee8       ?DoVerbHide@?$IOleObjectImpl@VCOPOSBiometrics@@@ATL@@QAEJPBUtagRECT@@PAUHWND__@@@Z 10005ee8 f i Biometrics.obj
 0001:00004f1e       ?DoVerbInPlaceActivate@?$IOleObjectImpl@VCOPOSBiometrics@@@ATL@@QAEJPBUtagRECT@@PAUHWND__@@@Z 10005f1e f i Biometrics.obj
 0001:00004f51       ?DoVerbPrimary@?$IOleObjectImpl@VCOPOSBiometrics@@@ATL@@QAEJPBUtagRECT@@PAUHWND__@@@Z 10005f51 f i Biometrics.obj
 0001:00004fdd       ?DoVerbProperties@CComControlBase@ATL@@QAEJPBUtagRECT@@PAUHWND__@@@Z 10005fdd f i Biometrics.obj
 0001:00005104       ?DoVerbShow@?$IOleObjectImpl@VCOPOSBiometrics@@@ATL@@QAEJPBUtagRECT@@PAUHWND__@@@Z 10006104 f i Biometrics.obj
 0001:00005129       ?DoVerbUIActivate@?$IOleObjectImpl@VCOPOSBiometrics@@@ATL@@QAEJPBUtagRECT@@PAUHWND__@@@Z 10006129 f i Biometrics.obj
 0001:00005166       ?DoesVerbActivate@CComControlBase@ATL@@QAEHJ@Z 10006166 f i Biometrics.obj
 0001:00005187       ?DoesVerbUIActivate@CComControlBase@ATL@@QAEHJ@Z 10006187 f i Biometrics.obj
 0001:000051bc       ?EndOfVar@CRegParser@ATL@@IAEHXZ 100061bc f i Biometrics.obj
 0001:000051dc       ?EscapeSingleQuote@CAtlModule@ATL@@SAXPA_WIPB_W@Z 100061dc f i Biometrics.obj
 0001:0000522b       ?FindKey@?$CSimpleMap@PA_WPA_WVCExpansionVectorEqualHelper@ATL@@@ATL@@QBEHABQA_W@Z 1000622b f i Biometrics.obj
 0001:00005262       ?FireTheEvent@?$CProxy_IOPOSEvents@VCOPOSBiometrics@@@@IAEXPAVOposVariant@@IAAJPB_WJ@Z 10006262 f i Biometrics.obj
 0001:000052f4       ?FireViewChange@CComControlBase@ATL@@QAEJXZ 100062f4 f i Biometrics.obj
 0001:0000533d       ?Fire_DataEvent@?$CProxy_IOPOSEvents@VCOPOSBiometrics@@@@QAEXJ@Z 1000633d f i Biometrics.obj
 0001:000053c9       ?Fire_DirectIOEvent@?$CProxy_IOPOSEvents@VCOPOSBiometrics@@@@QAEXJPAJPAPA_W@Z 100063c9 f i Biometrics.obj
 0001:000054af       ?Fire_ErrorEvent@?$CProxy_IOPOSEvents@VCOPOSBiometrics@@@@QAEXJJJPAJ@Z 100064af f i Biometrics.obj
 0001:00005596       ?Fire_StatusUpdateEvent@?$CProxy_IOPOSEvents@VCOPOSBiometrics@@@@QAEXJ@Z 10006596 f i Biometrics.obj
 0001:00005622       ?FreeHeap@?$CTempBuffer@_W$0BAA@VCCRTAllocator@ATL@@@ATL@@AAEXXZ 10006622 f i Biometrics.obj
 0001:00005622       ?FreeHeap@?$CTempBuffer@E$0BAA@VCCRTAllocator@ATL@@@ATL@@AAEXXZ 10006622 f i Biometrics.obj
 0001:00005622       ?FreeHeap@?$CTempBuffer@_W$0EAA@VCCRTAllocator@ATL@@@ATL@@AAEXXZ 10006622 f i Biometrics.obj
 0001:0000562b       ?GetAmbientLocaleID@CComControlBase@ATL@@QAEJAAK@Z 1000662b f i Biometrics.obj
 0001:00005687       ?GetAmbientUserMode@CComControlBase@ATL@@QAEJAAH@Z 10006687 f i Biometrics.obj
 0001:000056f7       ?GetAt@CComDynamicUnkArray@ATL@@QAEPAUIUnknown@@H@Z 100066f7 f i Biometrics.obj
 0001:00005713       ?GetClassObject@CComModule@ATL@@QAEJABU_GUID@@0PAPAX@Z 10006713 f i Biometrics.obj
 0001:000057b5       ?GetConnMap@COPOSBiometrics@@SAPBU_ATL_CONNMAP_ENTRY@ATL@@PAH@Z 100067b5 f i Biometrics.obj
 0001:00005825       ?GetCookie@CComDynamicUnkArray@ATL@@QAGKPAPAUIUnknown@@@Z 10006825 f i Biometrics.obj
 0001:0000585d       ?GetIDsOfNames@CComTypeInfoHolder@ATL@@QAEJABU_GUID@@PAPA_WIKPAJ@Z 1000685d f i Biometrics.obj
 0001:0000596b       ?GetKeyAt@?$CSimpleMap@PA_WPA_WVCExpansionVectorEqualHelper@ATL@@@ATL@@QBEAAPA_WH@Z 1000696b f i Biometrics.obj
 0001:00005990       ?GetPagesHelper@?$ISpecifyPropertyPagesImpl@VCOPOSBiometrics@@@ATL@@IAEJPAUtagCAUUID@@PBUATL_PROPMAP_ENTRY@2@@Z 10006990 f i Biometrics.obj
 0001:00005ab7       ?GetProperty@?$CComPtr@UIDispatch@@@ATL@@SAJPAUIDispatch@@JPAUtagVARIANT@@@Z 10006ab7 f i Biometrics.obj
 0001:00005b06       ?GetSizeMax@CComVariant@ATL@@QBEJPAT_ULARGE_INTEGER@@@Z 10006b06 f i Biometrics.obj
 0001:00005cc0       ?GetStreamSize@CComBSTR@ATL@@SAKPA_W@Z 10006cc0 f i Biometrics.obj
 0001:00005cda       ?GetTI@CComTypeInfoHolder@ATL@@QAEJK@Z 10006cda f i Biometrics.obj
 0001:00005ec3       ?GetTI@CComTypeInfoHolder@ATL@@QAEJKPAPAUITypeInfo@@@Z 10006ec3 f i Biometrics.obj
 0001:00005f05       ?GetUnknown@CComDynamicUnkArray@ATL@@QAGPAUIUnknown@@K@Z 10006f05 f i Biometrics.obj
 0001:00005f26       ?GetValueAt@?$CSimpleMap@PA_WPA_WVCExpansionVectorEqualHelper@ATL@@@ATL@@QBEAAPA_WH@Z 10006f26 f i Biometrics.obj
 0001:00005f4c       ?GetZoomInfo@CComControlBase@ATL@@QAEXAAUATL_DRAWINFO@@@Z 10006f4c f i Biometrics.obj
 0001:00005fdf       ?HKeyFromString@CRegParser@ATL@@KAPAUHKEY__@@PA_W@Z 10006fdf f i Biometrics.obj
 0001:0000600d       ?HasSubKeys@CRegParser@ATL@@IAEHPAUHKEY__@@@Z 1000700d f i Biometrics.obj
 0001:00006042       ?IDataObject_GetData@CComControlBase@ATL@@QAEJPAUtagFORMATETC@@PAUtagSTGMEDIUM@@@Z 10007042 f i Biometrics.obj
 0001:000061e8       ?IOleInPlaceObject_InPlaceDeactivate@CComControlBase@ATL@@QAEJXZ 100071e8 f i Biometrics.obj
 0001:0000626f       ?IOleInPlaceObject_SetObjectRects@CComControlBase@ATL@@QAEJPBUtagRECT@@0@Z 1000726f f i Biometrics.obj
 0001:0000633c       ?IOleInPlaceObject_UIDeactivate@CComControlBase@ATL@@QAEJXZ 1000733c f i Biometrics.obj
 0001:000063fe       ?IOleObject_Advise@CComControlBase@ATL@@QAEJPAUIAdviseSink@@PAK@Z 100073fe f i Biometrics.obj
 0001:00006428       ?IOleObject_Close@CComControlBase@ATL@@QAEJK@Z 10007428 f i Biometrics.obj
 0001:0000650c       ?IOleObject_GetClientSite@CComControlBase@ATL@@QAEJPAPAUIOleClientSite@@@Z 1000750c f i Biometrics.obj
 0001:00006535       ?IOleObject_SetClientSite@CComControlBase@ATL@@QAEJPAUIOleClientSite@@@Z 10007535 f i Biometrics.obj
 0001:00006574       ?IOleObject_SetExtent@CComControlBase@ATL@@QAEJKPAUtagSIZE@@@Z 10007574 f i Biometrics.obj
 0001:00006628       ?IPSI_GetIPersistStreamInit@?$IPersistStorageImpl@VCOPOSBiometrics@@@ATL@@AAEPAUIPersistStreamInit@@XZ 10007628 f i Biometrics.obj
 0001:0000666a       ?IPersistStreamInit_Load@?$IPersistStreamInitImpl@VCOPOSBiometrics@@@ATL@@QAEJPAUIStream@@PBUATL_PROPMAP_ENTRY@2@@Z 1000766a f i Biometrics.obj
 0001:00006696       ?IPersistStreamInit_Save@?$IPersistStreamInitImpl@VCOPOSBiometrics@@@ATL@@QAEJPAUIStream@@HPBUATL_PROPMAP_ENTRY@2@@Z 10007696 f i Biometrics.obj
 0001:000066cb       ?IQuickActivate_QuickActivate@CComControlBase@ATL@@QAEJPAUtagQACONTAINER@@PAUtagQACONTROL@@@Z 100076cb f i Biometrics.obj
 0001:0000690d       ?IViewObject_Draw@CComControlBase@ATL@@QAEJKJPAXPAUtagDVTARGETDEVICE@@PAUHDC__@@2PBU_RECTL@@3@Z 1000790d f i Biometrics.obj
 0001:000069b5       ?InPlaceActivate@CComControlBase@ATL@@QAEJJPBUtagRECT@@@Z 100079b5 f i Biometrics.obj
 0001:00006c26       ?Init@?$CComEnumImpl@UIEnumConnectionPoints@@$1?_GUID_b196b285_bab4_101a_b69c_00aa00341d07@@3U__s_GUID@@BPAUIConnectionPoint@@V?$_CopyInterface@UIConnectionPoint@@@ATL@@@ATL@@QAEJPAPAUIConnectionPoint@@0PAUIUnknown@@W4CComEnumFlags@2@@Z 10007c26 f i Biometrics.obj
 0001:00006d05       ?Init@?$CComEnumImpl@UIEnumConnections@@$1?_GUID_b196b287_bab4_101a_b69c_00aa00341d07@@3U__s_GUID@@BUtagCONNECTDATA@@V?$_Copy@UtagCONNECTDATA@@@ATL@@@ATL@@QAEJPAUtagCONNECTDATA@@0PAUIUnknown@@W4CComEnumFlags@2@@Z 10007d05 f i Biometrics.obj
 0001:00006de4       ?Init@CComModule@ATL@@QAEJPAU_ATL_OBJMAP_ENTRY30@2@PAUHINSTANCE__@@PBU_GUID@@@Z 10007de4 f i Biometrics.obj
 0001:00006e43       ?Init@CDynamicStdCallThunk2@ATL@@QAEHKPAX@Z 10007e43 f i Biometrics.obj
 0001:00006e6e       ?InlineIsEqualUnknown@ATL@@YGHABU_GUID@@@Z 10007e6e f i Biometrics.obj
 0001:00006e96       ?InternalGetSite@CComControlBase@ATL@@QAEJABU_GUID@@PAPAX@Z 10007e96 f i Biometrics.obj
 0001:00006ec4       ?InternalSetAtIndex@?$CSimpleMap@PA_WPA_WVCExpansionVectorEqualHelper@ATL@@@ATL@@QAEXHABQA_W0@Z 10007ec4 f i Biometrics.obj
 0001:00006eee       ?Invoke@CComTypeInfoHolder@ATL@@QAEJPAUIDispatch@@JABU_GUID@@KGPAUtagDISPPARAMS@@PAUtagVARIANT@@PAUtagEXCEPINFO@@PAI@Z 10007eee f i Biometrics.obj
 0001:00006f31       ?IsEqualObject@?$CComPtrBase@UIOleClientSite@@@ATL@@QAE_NPAUIUnknown@@@Z 10007f31 f i Biometrics.obj
 0001:00006f31       ?IsEqualObject@?$CComPtrBase@UITypeInfo@@@ATL@@QAE_NPAUIUnknown@@@Z 10007f31 f i Biometrics.obj
 0001:00006f9e       ?IsSpace@CRegParser@ATL@@IAEH_W@Z 10007f9e f i Biometrics.obj
 0001:00006fc8       ?LoadNameCache@CComTypeInfoHolder@ATL@@QAEJPAUITypeInfo@@@Z 10007fc8 f i Biometrics.obj
 0001:00007116       ?Lookup@?$CSimpleMap@PA_WPA_WVCExpansionVectorEqualHelper@ATL@@@ATL@@QBEPA_WABQA_W@Z 10008116 f i Biometrics.obj
 0001:0000713c       ?NextToken@CRegParser@ATL@@IAEJPA_W@Z 1000813c f i Biometrics.obj
 0001:00007274       ?OnKillFocus@CComControlBase@ATL@@QAEJIIJAAH@Z 10008274 f i Biometrics.obj
 0001:000072cf       ?OnMouseActivate@CComControlBase@ATL@@QAEJIIJAAH@Z 100082cf f i Biometrics.obj
 0001:0000733d       ?OnPaint@CComControlBase@ATL@@QAEJIIJAAH@Z 1000833d f i Biometrics.obj
 0001:000073ef       ?OnSetFocus@CComControlBase@ATL@@QAEJIIJAAH@Z 100083ef f i Biometrics.obj
 0001:00007478       ?Open@CRegKey@ATL@@QAEJPAUHKEY__@@PB_WK@Z 10008478 f i Biometrics.obj
 0001:000074cd       ?PreProcessBuffer@CRegParser@ATL@@QAEJPA_WPAPA_W@Z 100084cd f i Biometrics.obj
 0001:00007737       ?ProcessWindowMessage@?$CComControl@VCOPOSBiometrics@@V?$CWindowImpl@VCOPOSBiometrics@@VCWindow@ATL@@V?$CWinTraits@$0FGAAAAAA@$0A@@3@@ATL@@@ATL@@UAEHPAUHWND__@@IIJAAJK@Z 10008737 f i Biometrics.obj
 0001:000077d6       ?PutProperty@?$CComPtr@UIDispatch@@@ATL@@SAJPAUIDispatch@@JPAUtagVARIANT@@@Z 100087d6 f i Biometrics.obj
 0001:00007868       ?ReadFromStream@CComBSTR@ATL@@QAEJPAUIStream@@@Z 10008868 f i Biometrics.obj
 0001:00007996       ?ReadFromStream@CComVariant@ATL@@QAEJPAUIStream@@GTClassesAllowedInStream@2@K@Z 10008996 f i Biometrics.obj
 0001:00007b1c       ?RecurseDeleteKey@CRegKey@ATL@@QAEJPB_W@Z 10008b1c f i Biometrics.obj
 0001:00007bde       ?RegCreateKeyExW@CAtlTransactionManager@ATL@@QAEJPAUHKEY__@@PB_WKPA_WKKQAU_SECURITY_ATTRIBUTES@@PAPAU3@PAK@Z 10008bde f i Biometrics.obj
 0001:00007c41       ?RegDeleteKeyW@CAtlTransactionManager@ATL@@QAEJPAUHKEY__@@PB_W@Z 10008c41 f i Biometrics.obj
 0001:00007c93       ?RegOpenKeyExW@CAtlTransactionManager@ATL@@QAEJPAUHKEY__@@PB_WKKPAPAU3@@Z 10008c93 f i Biometrics.obj
 0001:00007cea       ?Register@_ATL_WNDCLASSINFOW@ATL@@QAEGPAP6GJPAUHWND__@@IIJ@Z@Z 10008cea f i Biometrics.obj
 0001:00007d0a       ?RegisterBuffer@CRegParser@ATL@@QAEJPA_WH@Z 10008d0a f i Biometrics.obj
 0001:00007e43       ?RegisterFromResource@CRegObject@ATL@@IAEJPB_W00H@Z 10008e43 f i Biometrics.obj
 0001:00007f79       ?RegisterServer@?$CAtlModuleT@VCComModule@ATL@@@ATL@@QAEJHPBU_GUID@@@Z 10008f79 f i Biometrics.obj
 0001:00007fa7       ?RegisterServer@CComModule@ATL@@QAEJHPBU_GUID@@@Z 10008fa7 f i Biometrics.obj
 0001:0000801d       ?RegisterSubkeys@CRegParser@ATL@@IAEJPA_WPAUHKEY__@@HH@Z 1000901d f i Biometrics.obj
 0001:000085ef       ?Remove@CComDynamicUnkArray@ATL@@QAEHK@Z 100095ef f i Biometrics.obj
 0001:00008618       ?RemoveAll@?$CSimpleMap@PA_WPA_WVCExpansionVectorEqualHelper@ATL@@@ATL@@QAEXXZ 10009618 f i Biometrics.obj
 0001:00008644       ?ResourceRegisterSz@CRegObject@ATL@@QAGJPB_W00@Z 10009644 f i Biometrics.obj
 0001:00008671       ?ResourceUnregisterSz@CRegObject@ATL@@QAGJPB_W00@Z 10009671 f i Biometrics.obj
 0001:0000869e       ?SendOnDataChange@CComControlBase@ATL@@QAEJK@Z 1000969e f i Biometrics.obj
 0001:000086eb       ?SetControlFocus@CComControlBase@ATL@@QAEHH@Z 100096eb f i Biometrics.obj
 0001:00008788       ?SetMultiStringValue@CRegKey@ATL@@QAEJPB_W0@Z 10009788 f i Biometrics.obj
 0001:000087e4       ?SetStringValue@CRegKey@ATL@@QAEJPB_W0K@Z 100097e4 f i Biometrics.obj
 0001:0000882d       ?SkipAssignment@CRegParser@ATL@@IAEJPA_W@Z 1000982d f i Biometrics.obj
 0001:00008892       ?SkipWhiteSpace@CRegParser@ATL@@IAEXXZ 10009892 f i Biometrics.obj
 0001:000088b4       ?StrChrW@CRegParser@ATL@@KAPA_WPA_W_W@Z 100098b4 f i Biometrics.obj
 0001:000088f1       ?Term@CAtlModule@ATL@@QAEXXZ 100098f1 f i Biometrics.obj
 0001:0000892a       ?Term@CComModule@ATL@@QAEXXZ 1000992a f i Biometrics.obj
 0001:00008982       ?UnregisterServer@?$CAtlModuleT@VCComModule@ATL@@@ATL@@QAEJHPBU_GUID@@@Z 10009982 f i Biometrics.obj
 0001:000089a8       ?UnregisterServer@CComModule@ATL@@QAEJHPBU_GUID@@@Z 100099a8 f i Biometrics.obj
 0001:00008a1e       ?UpdateRegistryFromResource@CAtlModule@ATL@@QAGJIHPAU_ATL_REGMAP_ENTRY@2@@Z 10009a1e f i Biometrics.obj
 0001:00008be9       ?UpdateRegistryFromResource@CAtlModule@ATL@@QAGJPB_WHPAU_ATL_REGMAP_ENTRY@2@@Z 10009be9 f i Biometrics.obj
 0001:00008dba       ?VTFromRegType@CRegParser@ATL@@KAHPB_WAAG@Z 10009dba f i Biometrics.obj
 0001:00008e27       ?WindowProc@?$CWindowImplBaseT@VCWindow@ATL@@V?$CWinTraits@$0FGAAAAAA@$0A@@2@@ATL@@SGJPAUHWND__@@IIJ@Z 10009e27 f i Biometrics.obj
 0001:00008f19       ?WriteToStream@CComBSTR@ATL@@QAEJPAUIStream@@@Z 10009f19 f i Biometrics.obj
 0001:00008f70       ?WriteToStream@CComVariant@ATL@@QAEJPAUIStream@@@Z 10009f70 f i Biometrics.obj
 0001:000090ea       ?WriteToStream@CComVariant@ATL@@QAEJPAUIStream@@G@Z 1000a0ea f i Biometrics.obj
 0001:00009153       ?_AtlInitialConstruct@?$CComObjectRootEx@VCComMultiThreadModel@ATL@@@ATL@@QAEJXZ 1000a153 f i Biometrics.obj
 0001:00009168       ?_AtlVerifyStackAvailable@_ATL_SAFE_ALLOCA_IMPL@ATL@@YA_NK@Z 1000a168 f i Biometrics.obj
 0001:000091e6       ?atlCreate@?$CWindowImpl@VCOPOSBiometrics@@VCWindow@ATL@@V?$CWinTraits@$0FGAAAAAA@$0A@@3@@ATL@@QAEPAUHWND__@@PAU3@V_U_RECT@2@PB_WKKV_U_MENUorID@2@PAX@Z 1000a1e6 f i Biometrics.obj
 0001:0000922a       ?atlCreate@?$CWindowImplBaseT@VCWindow@ATL@@V?$CWinTraits@$0FGAAAAAA@$0A@@2@@ATL@@QAEPAUHWND__@@PAU3@V_U_RECT@2@PB_WKKV_U_MENUorID@2@GPAX@Z 1000a22a f i Biometrics.obj
 0001:000092c6       ?atlCreate@CRegKey@ATL@@QAEJPAUHKEY__@@PB_WPA_WKKPAU_SECURITY_ATTRIBUTES@@PAK@Z 1000a2c6 f i Biometrics.obj
 0001:00009335       ?copy@?$_Copy@UtagCONNECTDATA@@@ATL@@SAJPAUtagCONNECTDATA@@PBU3@@Z 1000a335 f i Biometrics.obj
 0001:0000936b       ?copy@?$_CopyInterface@UIConnectionPoint@@@ATL@@SAJPAPAUIConnectionPoint@@PBQAU3@@Z 1000a36b f i Biometrics.obj
 0001:00009399       ?memcpy_s@Checked@ATL@@YAXPAXIPBXI@Z 1000a399 f i Biometrics.obj
 0001:000093b8       ?ocscpy_s@@YA_NPA_WIPB_W@Z 1000a3b8 f i Biometrics.obj
 0001:000093e7       ?ocslen@@YAHPB_W@Z         1000a3e7 f i Biometrics.obj
 0001:00009407       ?wcscpy_s@Checked@ATL@@YAXPA_WIPB_W@Z 1000a407 f i Biometrics.obj
 0001:00009423       _DllCanUnloadNow@0         1000a423 f   Biometrics.obj
 0001:0000942f       _DllGetClassObject@12      1000a42f f   Biometrics.obj
 0001:0000943d       _DllMain@12                1000a43d f   Biometrics.obj
 0001:0000947f       _DllRegisterServer@0       1000a47f f   Biometrics.obj
 0001:0000948e       _DllUnregisterServer@0     1000a48e f   Biometrics.obj
 0001:0000949d       _InlineIsEqualGUID         1000a49d f i Biometrics.obj
 0001:000094cd       ___local_stdio_printf_options 1000a4cd f i Biometrics.obj
 0001:000094d3       __vswprintf_s_l            1000a4d3 f i Biometrics.obj
 0001:00009580       _swprintf_s                1000a580 f i Biometrics.obj
 0001:0000959c       ??0?$CComControl@VCOPOSBiometrics@@V?$CWindowImpl@VCOPOSBiometrics@@VCWindow@ATL@@V?$CWinTraits@$0FGAAAAAA@$0A@@3@@ATL@@@ATL@@QAE@XZ 1000a59c f i BiometricsImpl.obj
 0001:000095c3       ??0?$CProxy_IOPOSEvents@VCOPOSBiometrics@@@@QAE@XZ 1000a5c3 f i BiometricsImpl.obj
 0001:000095e3       ??0CComControlBase@ATL@@QAE@AAPAUHWND__@@@Z 1000a5e3 f i BiometricsImpl.obj
 0001:0000962d       ??0COPOSBiometrics@@QAE@XZ 1000a62d f   BiometricsImpl.obj
 0001:00009663       ??1?$CComControl@VCOPOSBiometrics@@V?$CWindowImpl@VCOPOSBiometrics@@VCWindow@ATL@@V?$CWinTraits@$0FGAAAAAA@$0A@@3@@ATL@@@ATL@@UAE@XZ 1000a663 f i BiometricsImpl.obj
 0001:0000967c       ??1?$IConnectionPointImpl@VCOPOSBiometrics@@$1?IID_IPropertyNotifySink@@3U_GUID@@BVCComDynamicUnkArray@ATL@@@ATL@@QAE@XZ 1000a67c f i BiometricsImpl.obj
 0001:0000967c       ??1?$IConnectionPointImpl@VCOPOSBiometrics@@$1?DIID__IOPOSBiometricsEvents@@3U_GUID@@BVCComDynamicUnkArray@ATL@@@ATL@@QAE@XZ 1000a67c f i BiometricsImpl.obj
 0001:000096b9       ??1CComControlBase@ATL@@UAE@XZ 1000a6b9 f i BiometricsImpl.obj
 0001:0000971c       ??1COPOSBiometrics@@UAE@XZ 1000a71c f   BiometricsImpl.obj
 0001:00009764       ??1OposVariantResult@@QAE@XZ 1000a764 f i BiometricsImpl.obj
 0001:00009785       ??1_CW@@QAE@XZ             1000a785 f i BiometricsImpl.obj
 0001:0000979e       ?BeginEnrollCapture@COPOSBiometrics@@UAGJPA_W0PAJ@Z 1000a79e f   BiometricsImpl.obj
 0001:0000981e       ?BeginVerifyCapture@COPOSBiometrics@@UAGJPAJ@Z 1000a81e f   BiometricsImpl.obj
 0001:00009839       ?CheckHealth@COPOSBiometrics@@UAGJJPAJ@Z 1000a839 f   BiometricsImpl.obj
 0001:00009888       ?ClaimDevice@COPOSBiometrics@@UAGJJPAJ@Z 1000a888 f   BiometricsImpl.obj
 0001:000098fd       ?ClearInput@COPOSBiometrics@@UAGJPAJ@Z 1000a8fd f   BiometricsImpl.obj
 0001:00009918       ?ClearInputProperties@COPOSBiometrics@@UAGJPAJ@Z 1000a918 f   BiometricsImpl.obj
 0001:00009933       ?Close@COPOSBiometrics@@UAGJPAJ@Z 1000a933 f   BiometricsImpl.obj
 0001:000099a1       ?CompareFirmwareVersion@COPOSBiometrics@@UAGJPA_WPAJ1@Z 1000a9a1 f   BiometricsImpl.obj
 0001:00009a21       ?DirectIO@COPOSBiometrics@@UAGJJPAJPAPA_W0@Z 1000aa21 f   BiometricsImpl.obj
 0001:00009acf       ?DoInvoke@COPOSBiometrics@@IAEJJPAVOposVariant@@IHPAJ_N@Z 1000aacf f   BiometricsImpl.obj
 0001:00009b91       ?EndCapture@COPOSBiometrics@@UAGJPAJ@Z 1000ab91 f   BiometricsImpl.obj
 0001:00009bac       ?EventClose@COPOSBiometrics@@IAEXXZ 1000abac f i BiometricsImpl.obj
 0001:00009bdf       ?EventInit@COPOSBiometrics@@IAEJXZ 1000abdf f i BiometricsImpl.obj
 0001:00009cab       ?EventUninit@COPOSBiometrics@@IAEXXZ 1000acab f i BiometricsImpl.obj
 0001:00009cfd       ?EventWindowProc@COPOSBiometrics@@IAGJIIJ@Z 1000acfd f i BiometricsImpl.obj
 0001:00009dd1       ?FinalConstruct@COPOSBiometrics@@QAEJXZ 1000add1 f   BiometricsImpl.obj
 0001:00009e0a       ?FireEventCleanup@COPOSBiometrics@@IAEXXZ 1000ae0a f i BiometricsImpl.obj
 0001:00009e20       ?FireEventSetup@COPOSBiometrics@@IAE_NXZ 1000ae20 f i BiometricsImpl.obj
 0001:00009e54       ?FreezeEvents@COPOSBiometrics@@MAGJH@Z 1000ae54 f   BiometricsImpl.obj
 0001:00009eb4       ?GetOposProp@COPOSBiometrics@@IAEJJPAFJ@Z 1000aeb4 f   BiometricsImpl.obj
 0001:00009ed7       ?GetOposProp@COPOSBiometrics@@IAEJJPAJJ@Z 1000aed7 f   BiometricsImpl.obj
 0001:00009f95       ?GetOposProp@COPOSBiometrics@@IAEJJPAPA_WJ@Z 1000af95 f   BiometricsImpl.obj
 0001:0000a060       ?Identify@COPOSBiometrics@@UAGJJJFUtagVARIANT@@PAU2@JPAJ@Z 1000b060 f   BiometricsImpl.obj
 0001:0000a16d       ?IdentifyMatch@COPOSBiometrics@@UAGJJJFPA_WUtagVARIANT@@PAU2@PAJ@Z 1000b16d f   BiometricsImpl.obj
 0001:0000a290       ?OnDraw@COPOSBiometrics@@MAEJAAUATL_DRAWINFO@@@Z 1000b290 f   BiometricsImpl.obj
 0001:0000a330       ?Open@COPOSBiometrics@@UAGJPA_WPAJ@Z 1000b330 f   BiometricsImpl.obj
 0001:0000aac9       ?ProcessPrematchData@COPOSBiometrics@@UAGJPA_W0PAPA_WPAJ@Z 1000bac9 f   BiometricsImpl.obj
 0001:0000ab81       ?ReleaseDevice@COPOSBiometrics@@UAGJPAJ@Z 1000bb81 f   BiometricsImpl.obj
 0001:0000abd0       ?ResetStatistics@COPOSBiometrics@@UAGJPA_WPAJ@Z 1000bbd0 f   BiometricsImpl.obj
 0001:0000ac27       ?RetrieveStatistics@COPOSBiometrics@@UAGJPAPA_WPAJ@Z 1000bc27 f   BiometricsImpl.obj
 0001:0000ac7e       ?SOProcessID@COPOSBiometrics@@UAGJPAJ@Z 1000bc7e f   BiometricsImpl.obj
 0001:0000ac92       ?SetCOFreezeEvents@COPOSBiometrics@@IAEXF@Z 1000bc92 f   BiometricsImpl.obj
 0001:0000ad1d       ?SetOposProp@COPOSBiometrics@@IAEJJJJ@Z 1000bd1d f   BiometricsImpl.obj
 0001:0000adfb       ?UpdateFirmware@COPOSBiometrics@@UAGJPA_WPAJ@Z 1000bdfb f   BiometricsImpl.obj
 0001:0000ae52       ?UpdateStatistics@COPOSBiometrics@@UAGJPA_WPAJ@Z 1000be52 f   BiometricsImpl.obj
 0001:0000aea9       ?Verify@COPOSBiometrics@@UAGJJJFPA_WPAPA_WPAFPAJ31J3@Z 1000bea9 f   BiometricsImpl.obj
 0001:0000b020       ?VerifyMatch@COPOSBiometrics@@UAGJJJFPA_W0PAPA_WPAFPAJ313@Z 1000c020 f   BiometricsImpl.obj
 0001:0000b1aa       ?get_Algorithm@COPOSBiometrics@@UAGJPAJ@Z 1000c1aa f   BiometricsImpl.obj
 0001:0000b1c3       ?get_AlgorithmList@COPOSBiometrics@@UAGJPAPA_W@Z 1000c1c3 f   BiometricsImpl.obj
 0001:0000b1dc       ?get_AutoDisable@COPOSBiometrics@@UAGJPAF@Z 1000c1dc f   BiometricsImpl.obj
 0001:0000b1f2       ?get_BIR@COPOSBiometrics@@UAGJPAPA_W@Z 1000c1f2 f   BiometricsImpl.obj
 0001:0000b20b       ?get_BinaryConversion@COPOSBiometrics@@UAGJPAJ@Z 1000c20b f   BiometricsImpl.obj
 0001:0000b221       ?get_CapCompareFirmwareVersion@COPOSBiometrics@@UAGJPAF@Z 1000c221 f   BiometricsImpl.obj
 0001:0000b23a       ?get_CapPowerReporting@COPOSBiometrics@@UAGJPAJ@Z 1000c23a f   BiometricsImpl.obj
 0001:0000b253       ?get_CapPrematchData@COPOSBiometrics@@UAGJPAF@Z 1000c253 f   BiometricsImpl.obj
 0001:0000b26c       ?get_CapRawSensorData@COPOSBiometrics@@UAGJPAF@Z 1000c26c f   BiometricsImpl.obj
 0001:0000b285       ?get_CapRealTimeData@COPOSBiometrics@@UAGJPAF@Z 1000c285 f   BiometricsImpl.obj
 0001:0000b29e       ?get_CapSensorColor@COPOSBiometrics@@UAGJPAJ@Z 1000c29e f   BiometricsImpl.obj
 0001:0000b2b7       ?get_CapSensorOrientation@COPOSBiometrics@@UAGJPAJ@Z 1000c2b7 f   BiometricsImpl.obj
 0001:0000b2d0       ?get_CapSensorType@COPOSBiometrics@@UAGJPAJ@Z 1000c2d0 f   BiometricsImpl.obj
 0001:0000b2e9       ?get_CapStatisticsReporting@COPOSBiometrics@@UAGJPAF@Z 1000c2e9 f   BiometricsImpl.obj
 0001:0000b302       ?get_CapTemplateAdaptation@COPOSBiometrics@@UAGJPAF@Z 1000c302 f   BiometricsImpl.obj
 0001:0000b31b       ?get_CapUpdateFirmware@COPOSBiometrics@@UAGJPAF@Z 1000c31b f   BiometricsImpl.obj
 0001:0000b334       ?get_CapUpdateStatistics@COPOSBiometrics@@UAGJPAF@Z 1000c334 f   BiometricsImpl.obj
 0001:0000b34d       ?get_CheckHealthText@COPOSBiometrics@@UAGJPAPA_W@Z 1000c34d f   BiometricsImpl.obj
 0001:0000b366       ?get_Claimed@COPOSBiometrics@@UAGJPAF@Z 1000c366 f   BiometricsImpl.obj
 0001:0000b37c       ?get_ControlObjectDescription@COPOSBiometrics@@UAGJPAPA_W@Z 1000c37c f   BiometricsImpl.obj
 0001:0000b3b9       ?get_ControlObjectVersion@COPOSBiometrics@@UAGJPAJ@Z 1000c3b9 f   BiometricsImpl.obj
 0001:0000b3cc       ?get_DataCount@COPOSBiometrics@@UAGJPAJ@Z 1000c3cc f   BiometricsImpl.obj
 0001:0000b3e2       ?get_DataEventEnabled@COPOSBiometrics@@UAGJPAF@Z 1000c3e2 f   BiometricsImpl.obj
 0001:0000b3f8       ?get_DeviceDescription@COPOSBiometrics@@UAGJPAPA_W@Z 1000c3f8 f   BiometricsImpl.obj
 0001:0000b411       ?get_DeviceEnabled@COPOSBiometrics@@UAGJPAF@Z 1000c411 f   BiometricsImpl.obj
 0001:0000b427       ?get_DeviceName@COPOSBiometrics@@UAGJPAPA_W@Z 1000c427 f   BiometricsImpl.obj
 0001:0000b440       ?get_FreezeEvents@COPOSBiometrics@@UAGJPAF@Z 1000c440 f   BiometricsImpl.obj
 0001:0000b456       ?get_OpenResult@COPOSBiometrics@@UAGJPAJ@Z 1000c456 f   BiometricsImpl.obj
 0001:0000b46d       ?get_PowerNotify@COPOSBiometrics@@UAGJPAJ@Z 1000c46d f   BiometricsImpl.obj
 0001:0000b483       ?get_PowerState@COPOSBiometrics@@UAGJPAJ@Z 1000c483 f   BiometricsImpl.obj
 0001:0000b499       ?get_RawSensorData@COPOSBiometrics@@UAGJPAPA_W@Z 1000c499 f   BiometricsImpl.obj
 0001:0000b4b2       ?get_RealTimeDataEnabled@COPOSBiometrics@@UAGJPAF@Z 1000c4b2 f   BiometricsImpl.obj
 0001:0000b4cb       ?get_ResultCode@COPOSBiometrics@@UAGJPAJ@Z 1000c4cb f   BiometricsImpl.obj
 0001:0000b509       ?get_ResultCodeExtended@COPOSBiometrics@@UAGJPAJ@Z 1000c509 f   BiometricsImpl.obj
 0001:0000b51f       ?get_SensorBPP@COPOSBiometrics@@UAGJPAJ@Z 1000c51f f   BiometricsImpl.obj
 0001:0000b538       ?get_SensorColor@COPOSBiometrics@@UAGJPAJ@Z 1000c538 f   BiometricsImpl.obj
 0001:0000b551       ?get_SensorHeight@COPOSBiometrics@@UAGJPAJ@Z 1000c551 f   BiometricsImpl.obj
 0001:0000b56a       ?get_SensorOrientation@COPOSBiometrics@@UAGJPAJ@Z 1000c56a f   BiometricsImpl.obj
 0001:0000b583       ?get_SensorType@COPOSBiometrics@@UAGJPAJ@Z 1000c583 f   BiometricsImpl.obj
 0001:0000b59c       ?get_SensorWidth@COPOSBiometrics@@UAGJPAJ@Z 1000c59c f   BiometricsImpl.obj
 0001:0000b5b5       ?get_ServiceObjectDescription@COPOSBiometrics@@UAGJPAPA_W@Z 1000c5b5 f   BiometricsImpl.obj
 0001:0000b5ce       ?get_ServiceObjectVersion@COPOSBiometrics@@UAGJPAJ@Z 1000c5ce f   BiometricsImpl.obj
 0001:0000b5e4       ?get_State@COPOSBiometrics@@UAGJPAJ@Z 1000c5e4 f   BiometricsImpl.obj
 0001:0000b610       ?put_Algorithm@COPOSBiometrics@@UAGJJ@Z 1000c610 f   BiometricsImpl.obj
 0001:0000b629       ?put_AutoDisable@COPOSBiometrics@@UAGJF@Z 1000c629 f   BiometricsImpl.obj
 0001:0000b646       ?put_BinaryConversion@COPOSBiometrics@@UAGJJ@Z 1000c646 f   BiometricsImpl.obj
 0001:0000b65c       ?put_DataEventEnabled@COPOSBiometrics@@UAGJF@Z 1000c65c f   BiometricsImpl.obj
 0001:0000b679       ?put_DeviceEnabled@COPOSBiometrics@@UAGJF@Z 1000c679 f   BiometricsImpl.obj
 0001:0000b696       ?put_FreezeEvents@COPOSBiometrics@@UAGJF@Z 1000c696 f   BiometricsImpl.obj
 0001:0000b6e2       ?put_PowerNotify@COPOSBiometrics@@UAGJJ@Z 1000c6e2 f   BiometricsImpl.obj
 0001:0000b6f8       ?put_RealTimeDataEnabled@COPOSBiometrics@@UAGJF@Z 1000c6f8 f   BiometricsImpl.obj
 0001:0000b718       ?put_SensorColor@COPOSBiometrics@@UAGJJ@Z 1000c718 f   BiometricsImpl.obj
 0001:0000b731       ?put_SensorOrientation@COPOSBiometrics@@UAGJJ@Z 1000c731 f   BiometricsImpl.obj
 0001:0000b74a       ?put_SensorType@COPOSBiometrics@@UAGJJ@Z 1000c74a f   BiometricsImpl.obj
 0001:0000b763       ?s_EventWindowProc@COPOSBiometrics@@KGJPAUHWND__@@IIJ@Z 1000c763 f i BiometricsImpl.obj
 0001:0000b7b5       ??_U@YAPAXI@Z              1000c7b5 f   LIBCMT:new_array.obj
 0001:0000b7be       ??3@YAXPAXI@Z              1000c7be f   LIBCMT:delete_scalar_size.obj
 0001:0000b7cc       ??_V@YAXPAX@Z              1000c7cc f   LIBCMT:delete_array.obj
 0001:0000b7d1       ??_V@YAXPAXI@Z             1000c7d1 f   LIBCMT:delete_array_size.obj
 0001:0000b823       ___scrt_acquire_startup_lock 1000c823 f   LIBCMT:utility.obj
 0001:0000b855       ___scrt_dllmain_after_initialize_c 1000c855 f   LIBCMT:utility.obj
 0001:0000b880       ___scrt_dllmain_before_initialize_c 1000c880 f   LIBCMT:utility.obj
 0001:0000b88e       ___scrt_dllmain_crt_thread_attach 1000c88e f   LIBCMT:utility.obj
 0001:0000b8ad       ___scrt_dllmain_crt_thread_detach 1000c8ad f   LIBCMT:utility.obj
[...]
 0002:00002b9c       ?candidate_modules@?1??try_get_SetThreadStackGuarantee@@YAP6GHPAK@ZXZ@4QBW4module_id@?A0x391cf84c@@B 10021b9c     libucrt:winapi_thunks.obj
 0002:00002bc0       ?strings@?1??fp_format_nan_or_infinity@@YAHW4__acrt_fp_class@@_NPADI1@Z@4QAY03QBDA 10021bc0     libucrt:cvt.obj
 0002:00003108       ?_mb_locale_names@@3QBQB_WB 10022108     libucrt:mbctype.obj
 0002:00003950       ?LcidToLocaleNameTable@?A0x881e4c05@@3QBULcidToLocaleName@1@B 10022950     libucrt:lcidtoname_downlevel.obj
 0002:00004a78       ?LocaleNameToIndexTable@?A0x881e4c05@@3QBULocaleNameIndex@1@B 10023a78     libucrt:lcidtoname_downlevel.obj
 0002:000062d0       ?large_power_indices@?1??multiply_by_power_of_ten@__crt_strtox@@YA_NAAUbig_integer@2@I@Z@4QBUunpack_index@?1??12@YA_N0I@Z@B 100252d0     libucrt:cfout.obj
 0002:000063b0       LOG_name                   100253b0     libucrt:log10_impl.obj
 0002:000063c0       _One                       100253c0     libucrt:ceil_pentium4.obj
 0002:000063d0       _Bns                       100253d0     libucrt:ceil_pentium4.obj
 0002:000063e0       _Zero                      100253e0     libucrt:ceil_pentium4.obj
 0002:000063f0       _S                         100253f0     libucrt:ceil_pentium4.obj
 0002:00006400       _NegZero                   10025400     libucrt:ceil_pentium4.obj
 0002:00006410       emask                      10025410     libucrt:log10_pentium4.obj
 0002:00006420       CC                         10025420     libucrt:log10_pentium4.obj
 0002:00006430       Magic                      10025430     libucrt:log10_pentium4.obj
 0002:00006440       hi_mask                    10025440     libucrt:log10_pentium4.obj
 0002:00006450       LOG10_2                    10025450     libucrt:log10_pentium4.obj
 0002:00006460       place_L                    10025460     libucrt:log10_pentium4.obj
 0002:00006480       One                        10025480     libucrt:log10_pentium4.obj
 0002:00006490       Zero                       10025490     libucrt:log10_pentium4.obj
 0002:000064a0       Two52                      100254a0     libucrt:log10_pentium4.obj
 0002:000064b0       Infs                       100254b0     libucrt:log10_pentium4.obj
 0002:000064c0       NaN                        100254c0     libucrt:log10_pentium4.obj
 0002:000064d0       coeff                      100254d0     libucrt:log10_pentium4.obj
 0002:0000652e       _log2max                   1002552e     libucrt:87tran.obj
 0002:00006538       _smallarg                  10025538     libucrt:87tran.obj
 0002:00006542       _half                      10025542     libucrt:87tran.obj
 0002:0000658e       One                        1002558e     libucrt:87disp.obj
 0002:00006596       Three                      10025596     libucrt:87disp.obj
 0002:0000659e       XAMtoTagTab                1002559e     libucrt:87disp.obj
 0002:000065b0       One                        100255b0     libucrt:common.obj
 0002:000065c4       DblMax                     100255c4     libucrt:common.obj
 0002:000065cc       DblMin                     100255cc     libucrt:common.obj
 0002:000065d4       IeeeAdjO                   100255d4     libucrt:common.obj
 0002:000065dc       IeeeAdjU                   100255dc     libucrt:common.obj
 0002:000065e4       _infinity                  100255e4     libucrt:common.obj
 0002:000065ec       _zero                      100255ec     libucrt:common.obj
 0002:00006638       _over                      10025638     libucrt:fpctrl.obj
 0002:00006644       _under                     10025644     libucrt:fpctrl.obj
 0002:00006e78       ?_names@?1??_get_fname@@9@9 10025e78     libucrt:fpexcept.obj
 0002:000076c8       __sehtable$?_AtlVerifyStackAvailable@_ATL_SAFE_ALLOCA_IMPL@ATL@@YA_NK@Z 100266c8     Biometrics.obj
 0002:000076e8       __sehtable$___scrt_is_nonwritable_in_current_image 100266e8     LIBCMT:utility.obj
 0002:00007704       __catchsym$??2@YAPAXIABUnothrow_t@std@@@Z$2 10026704     LIBCMT:new_scalar_nothrow.obj
 0002:00007714       __unwindtable$??2@YAPAXIABUnothrow_t@std@@@Z 10026714     LIBCMT:new_scalar_nothrow.obj
 0002:00007724       __tryblocktable$??2@YAPAXIABUnothrow_t@std@@@Z 10026724     LIBCMT:new_scalar_nothrow.obj
 0002:00007738       __ehfuncinfo$??2@YAPAXIABUnothrow_t@std@@@Z 10026738     LIBCMT:new_scalar_nothrow.obj
 0002:00007760       __sehtable$?dllmain_crt_process_attach@@YAHQAUHINSTANCE__@@QAX@Z 10026760     LIBCMT:dll_dllmain.obj
 0002:00007780       __sehtable$?dllmain_crt_process_detach@@YAH_N@Z 10026780     LIBCMT:dll_dllmain.obj
 0002:000077a0       __sehtable$?dllmain_dispatch@@YAHQAUHINSTANCE__@@KQAX@Z 100267a0     LIBCMT:dll_dllmain.obj
 0002:00007850       __sehtable$?FrameUnwindToState@__FrameHandler3@@SAXPAUEHRegistrationNode@@PAXPBU_s_FuncInfo@@H@Z 10026850     libvcruntime:frame.obj
 0002:00007878       __sehtable$?CallCatchBlock@@YAPAXPAUEHExceptionRecord@@PAUEHRegistrationNode@@PAU_CONTEXT@@PBU_s_FuncInfo@@PAXHK@Z 10026878     libvcruntime:frame.obj
 0002:000078a0       __catchsym$?CallUnexpected@@YAXPBU_s_ESTypeList@@@Z$2 100268a0     libvcruntime:frame.obj
 0002:000078b0       __unwindtable$?CallUnexpected@@YAXPBU_s_ESTypeList@@@Z 100268b0     libvcruntime:frame.obj
 0002:000078c0       __tryblocktable$?CallUnexpected@@YAXPBU_s_ESTypeList@@@Z 100268c0     libvcruntime:frame.obj
 0002:000078d4       __ehfuncinfo$?CallUnexpected@@YAXPBU_s_ESTypeList@@@Z 100268d4     libvcruntime:frame.obj
 0002:000078f8       __sehtable$??$BuildCatchObjectHelperInternal@V__FrameHandler3@@@@YAHPAUEHExceptionRecord@@PAXPBU_s_HandlerType@@PBU_s_CatchableType@@@Z 100268f8     libvcruntime:frame.obj
 0002:00007918       __sehtable$??$BuildCatchObjectInternal@V__FrameHandler3@@@@YAXPAUEHExceptionRecord@@PAXPBU_s_HandlerType@@PBU_s_CatchableType@@@Z 10026918     libvcruntime:frame.obj
 0002:00007970       __sehtable$___DestructExceptionObject 10026970     libvcruntime:ehhelpers.obj
 0002:00007990       __sehtable$??R<lambda_6e4b09c48022b2350581041d5f6b0c4c>@@QBE@XZ 10026990     libucrt:exit.obj
 0002:000079b0       __sehtable$??$?RV<lambda_03b1d95aef87969028cfba75ccab2455>@@AAV<lambda_6e4b09c48022b2350581041d5f6b0c4c>@@V<lambda_22bdf7517842c4b3e53723af5aa32b9e>@@@?$__crt_seh_guarded_call@X@@QAEX$$QAV<lambda_03b1d95aef87969028cfba75ccab2455>@@AAV<lambda_6e4b09c48022b2350581041d5f6b0c4c>@@$$QAV<lambda_22bdf7517842c4b3e53723af5aa32b9e>@@@Z 100269b0     libucrt:exit.obj
 0002:000079d0       __sehtable$??$?RV<lambda_8e746cf0007f6ed984d6f78af1fec997>@@AAV<lambda_22ebabd17bc4fa466a2aca6d8deb888d>@@V<lambda_18ed0c0b38a6dc0daf1e7ac6d6adf05e>@@@?$__crt_seh_guarded_call@H@@QAEH$$QAV<lambda_8e746cf0007f6ed984d6f78af1fec997>@@AAV<lambda_22ebabd17bc4fa466a2aca6d8deb888d>@@$$QAV<lambda_18ed0c0b38a6dc0daf1e7ac6d6adf05e>@@@Z 100269d0     libucrt:onexit.obj
 0002:000079f0       __sehtable$??$?RV<lambda_69a2805e680e0e292e8ba93315fe43a8>@@AAV<lambda_f03950bc5685219e0bcd2087efbe011e>@@V<lambda_03fcd07e894ec930e3f35da366ca99d6>@@@?$__crt_seh_guarded_call@H@@QAEH$$QAV<lambda_69a2805e680e0e292e8ba93315fe43a8>@@AAV<lambda_f03950bc5685219e0bcd2087efbe011e>@@$$QAV<lambda_03fcd07e894ec930e3f35da366ca99d6>@@@Z 100269f0     libucrt:onexit.obj
 0002:00007a10       __sehtable$__query_new_handler 10026a10     libucrt:new_handler.obj
 0002:00007a30       __sehtable$_terminate      10026a30     libucrt:terminate.obj
 0002:00007a50       __sehtable$??$?RV<lambda_15ade71b0218206bbe3333a0c9b79046>@@AAV<lambda_da44e0f8b0f19ba52fefafb335991732>@@V<lambda_207f2d024fc103971653565357d6cd41>@@@?$__crt_seh_guarded_call@X@@QAEX$$QAV<lambda_15ade71b0218206bbe3333a0c9b79046>@@AAV<lambda_da44e0f8b0f19ba52fefafb335991732>@@$$QAV<lambda_207f2d024fc103971653565357d6cd41>@@@Z 10026a50     libucrt:per_thread_data.obj
 0002:00007a70       __sehtable$??$?RV<lambda_a7e850c220f1c8d1e6efeecdedd162c6>@@AAV<lambda_46720907175c18b6c9d2717bc0d2d362>@@V<lambda_9048902d66e8d99359bc9897bbb930a8>@@@?$__crt_seh_guarded_call@X@@QAEX$$QAV<lambda_a7e850c220f1c8d1e6efeecdedd162c6>@@AAV<lambda_46720907175c18b6c9d2717bc0d2d362>@@$$QAV<lambda_9048902d66e8d99359bc9897bbb930a8>@@@Z 10026a70     libucrt:per_thread_data.obj
 0002:00007a90       __sehtable$??$?RV<lambda_38edbb1296d33220d7e4dd0ed76b244a>@@AAV<lambda_5ce1d447e08cb34b2473517608e21441>@@V<lambda_fb385d3da700c9147fc39e65dd577a8c>@@@?$__crt_seh_guarded_call@X@@QAEX$$QAV<lambda_38edbb1296d33220d7e4dd0ed76b244a>@@AAV<lambda_5ce1d447e08cb34b2473517608e21441>@@$$QAV<lambda_fb385d3da700c9147fc39e65dd577a8c>@@@Z 10026a90     libucrt:per_thread_data.obj
 0002:00007ab0       __sehtable$??$?RV<lambda_6affb1475c98b40b75cdec977db92e3c>@@AAV<lambda_b8d4b9c228a6ecc3f80208dbb4b4a104>@@V<lambda_608742c3c92a14382c1684fc64f96c88>@@@?$__crt_seh_guarded_call@X@@QAEX$$QAV<lambda_6affb1475c98b40b75cdec977db92e3c>@@AAV<lambda_b8d4b9c228a6ecc3f80208dbb4b4a104>@@$$QAV<lambda_608742c3c92a14382c1684fc64f96c88>@@@Z 10026ab0     libucrt:per_thread_data.obj
 0002:00007ad0       __sehtable$??$?RV<lambda_e5124f882df8998aaf41531e079ba474>@@AAV<lambda_3e16ef9562a7dcce91392c22ab16ea36>@@V<lambda_e25ca0880e6ef98be67edffd8c599615>@@@?$__crt_seh_guarded_call@X@@QAEX$$QAV<lambda_e5124f882df8998aaf41531e079ba474>@@AAV<lambda_3e16ef9562a7dcce91392c22ab16ea36>@@$$QAV<lambda_e25ca0880e6ef98be67edffd8c599615>@@@Z 10026ad0     libucrt:wsetlocale.obj
 0002:00007af0       __sehtable$___acrt_initialize_lowio 10026af0     libucrt:ioinit.obj
 0002:00007b10       __sehtable$?update_thread_multibyte_data_internal@@YAPAU__crt_multibyte_data@@QAU__acrt_ptd@@QAPAU1@@Z 10026b10     libucrt:mbctype.obj
 0002:00007b30       __sehtable$??$?RV<lambda_ceb1ee4838e85a9d631eb091e2fbe199>@@AAV<lambda_ae742caa10f662c28703da3d2ea5e57e>@@V<lambda_cd08b5d6af4937fe54fc07d0c9bf6b37>@@@?$__crt_seh_guarded_call@X@@QAEX$$QAV<lambda_ceb1ee4838e85a9d631eb091e2fbe199>@@AAV<lambda_ae742caa10f662c28703da3d2ea5e57e>@@$$QAV<lambda_cd08b5d6af4937fe54fc07d0c9bf6b37>@@@Z 10026b30     libucrt:mbctype.obj
 0002:00007b50       __sehtable$_raise          10026b50     libucrt:signal.obj
 0002:00007b70       __sehtable$??$?RV<lambda_cbab9ec6f41b0180b23cc171c22676b0>@@AAV<lambda_44731a7d0e6d81c3e6aa82d741081786>@@V<lambda_4b292cb8dd18144e164572427af410ab>@@@?$__crt_seh_guarded_call@P6AXH@Z@@QAEP6AXH@Z$$QAV<lambda_cbab9ec6f41b0180b23cc171c22676b0>@@AAV<lambda_44731a7d0e6d81c3e6aa82d741081786>@@$$QAV<lambda_4b292cb8dd18144e164572427af410ab>@@@Z 10026b70     libucrt:signal.obj
 0002:00007b90       __sehtable$??$?RV<lambda_2866be3712abc81a800a822484c830d8>@@AAV<lambda_39ca0ed439415581b5b15c265174cece>@@V<lambda_2b24c74d71094a6cd0cb82e44167d71b>@@@?$__crt_seh_guarded_call@X@@QAEX$$QAV<lambda_2866be3712abc81a800a822484c830d8>@@AAV<lambda_39ca0ed439415581b5b15c265174cece>@@$$QAV<lambda_2b24c74d71094a6cd0cb82e44167d71b>@@@Z 10026b90     libucrt:fflush.obj
 0002:00007bb0       __sehtable$??$?RV<lambda_2cc53f568c5a2bb6f192f930a45d44ea>@@AAV<lambda_ab61a845afdef5b7c387490eaf3616ee>@@V<lambda_c2ffc0b7726aa6be21d5f0026187e748>@@@?$__crt_seh_guarded_call@X@@QAEX$$QAV<lambda_2cc53f568c5a2bb6f192f930a45d44ea>@@AAV<lambda_ab61a845afdef5b7c387490eaf3616ee>@@$$QAV<lambda_c2ffc0b7726aa6be21d5f0026187e748>@@@Z 10026bb0     libucrt:fflush.obj
 0002:00007bd0       __sehtable$___acrt_update_thread_locale_data 10026bd0     libucrt:locale_refcounting.obj
 0002:00007bf0       __sehtable$__fcloseall     10026bf0     libucrt:closeall.obj
 0002:00007c10       __sehtable$___acrt_lowio_ensure_fh_exists 10026c10     libucrt:osfinfo.obj
 0002:00007c30       __sehtable$??$?RV<lambda_9e9de3de5fa147e2223d7db92bc10aa6>@@AAV<lambda_38ce7e780aa69e748d6df282ebc68efe>@@V<lambda_8ca6da459f0f6780f1cff60fdc3d00e5>@@@?$__crt_seh_guarded_call@H@@QAEH$$QAV<lambda_9e9de3de5fa147e2223d7db92bc10aa6>@@AAV<lambda_38ce7e780aa69e748d6df282ebc68efe>@@$$QAV<lambda_8ca6da459f0f6780f1cff60fdc3d00e5>@@@Z 10026c30     libucrt:commit.obj
 0002:00007c50       __sehtable$__write         10026c50     libucrt:write.obj
 0002:00007c70       __sehtable$_fclose         10026c70     libucrt:fclose.obj
 0002:00007c90       __sehtable$??$?RV<lambda_218ce3db14220d0be481dae8ef3383b6>@@AAV<lambda_628dfdc04ba53c8bfc02c9951375f3f5>@@V<lambda_57dc472bd5c9d5f3b2cbca59b8a843ae>@@@?$__crt_seh_guarded_call@H@@QAEH$$QAV<lambda_218ce3db14220d0be481dae8ef3383b6>@@AAV<lambda_628dfdc04ba53c8bfc02c9951375f3f5>@@$$QAV<lambda_57dc472bd5c9d5f3b2cbca59b8a843ae>@@@Z 10026c90     libucrt:close.obj
 0002:00007cb0       __sehtable$__IsNonwritableInCurrentImage 10026cb0     LIBCMT:pesect.obj
 0002:00007ce0       .edata                     10026ce0     OPOSBiometrics.exp
 0002:00007d08       rgpv                       10026d08     OPOSBiometrics.exp
 0002:00007d18       rgszName                   10026d18     OPOSBiometrics.exp
 0002:00007d28       rgwOrd                     10026d28     OPOSBiometrics.exp
 0002:00007d30       szName                     10026d30     OPOSBiometrics.exp
 0002:00007d43       $N00001                    10026d43     OPOSBiometrics.exp
 0002:00007d53       $N00002                    10026d53     OPOSBiometrics.exp
 0002:00007d65       $N00003                    10026d65     OPOSBiometrics.exp
 0002:00007d77       $N00004                    10026d77     OPOSBiometrics.exp
 0002:0000838a       .idata$6                   1002738a     kernel32:KERNEL32.dll
 0002:0000859e       .idata$6                   1002759e     user32:USER32.dll
 0002:000086d2       .idata$6                   100276d2     gdi32:GDI32.dll
 0002:00008778       .idata$6                   10027778     advapi32:ADVAPI32.dll
 0002:00008894       .idata$6                   10027894     ole32:ole32.dll
 0002:0000889e       .idata$6                   1002789e     oleaut32:OLEAUT32.dll
 0003:00000110       ?ObjectMap@@3PAU_ATL_OBJMAP_ENTRY30@ATL@@A 10028110     Biometrics.obj
 0003:000001b8       ?s_SOMethodNames@@3PAPADA  100281b8     BiometricsImpl.obj
 0003:00000224       ?s_RequiredMethodsPerRelease@@3PAHA 10028224     BiometricsImpl.obj
 0003:00000240       ?__vcrt_flsindex@@3KA      10028240     libvcruntime:per_thread_data.obj
 0003:00000260       ?errno_no_memory@@3HA      10028260     libucrt:errno.obj
 0003:00000264       ?doserrno_no_memory@@3KA   10028264     libucrt:errno.obj
 0003:00000270       ?__acrt_flsindex@@3KA      10028270     libucrt:per_thread_data.obj
 0003:00000608       __mbctypes                 10028608     libucrt:mbctype.obj
 0003:00000710       __mbcasemaps               10028710     libucrt:mbctype.obj
 0003:00000810       ?__rgctypeflag@@3PADA      10028810     libucrt:mbctype.obj
 0003:00000818       ?__rgcode_page_info@@3PAUcode_page_info@@A 10028818     libucrt:mbctype.obj
 0003:00000a70       ?__dcrt_lowio_console_output_handle@@3PAXA 10028a70     libucrt:initcon.obj
 0003:00000c08       ?is_initialized_as_dll@@3_NA 10028c08     LIBCMT:utility.obj
 0003:00000c09       ?module_local_atexit_table_initialized@@3_NA 10028c09     LIBCMT:utility.obj
 0003:00000c0c       ?module_local_atexit_table@@3U_onexit_table_t@@A 10028c0c     LIBCMT:utility.obj
 0003:00000c18       ?module_local_at_quick_exit_table@@3U_onexit_table_t@@A 10028c18     LIBCMT:utility.obj
 0003:00000c24       ?g_tss_cv@@3U_RTL_CONDITION_VARIABLE@@A 10028c24     LIBCMT:thread_safe_statics.obj
 0003:00000c28       ?g_tss_event@@3PAXA        10028c28     LIBCMT:thread_safe_statics.obj
 0003:00000c2c       ?g_tss_mutex@@3U_RTL_CRITICAL_SECTION@@A 10028c2c     LIBCMT:thread_safe_statics.obj
 0003:00000c44       ?g_sleep_condition_variable_cs@@3P6GHPAU_RTL_CONDITION_VARIABLE@@PAU_RTL_CRITICAL_SECTION@@K@ZA 10028c44     LIBCMT:thread_safe_statics.obj
 0003:00000c48       ?g_wake_all_condition_variable@@3P6GXPAU_RTL_CONDITION_VARIABLE@@@ZA 10028c48     LIBCMT:thread_safe_statics.obj
 0003:00000c50       _GS_ExceptionRecord        10028c50     LIBCMT:gs_report.obj
 0003:00000ca0       _GS_ContextRecord          10028ca0     LIBCMT:gs_report.obj
 0003:00000f70       ?__proc_attached@@3HA      10028f70     LIBCMT:dll_dllmain.obj
 0003:00000fcc       ?AllocateData@@3P6GPAUAtlThunkData_t@@XZA 10028fcc     atls:atlthunk.obj
 0003:00000fd0       ?InitData@@3P6GXPAUAtlThunkData_t@@PAXI@ZA 10028fd0     atls:atlthunk.obj
 0003:00000fd4       ?DataToCode@@3P6GP6GJPAUHWND__@@IIJ@ZPAUAtlThunkData_t@@@ZA 10028fd4     atls:atlthunk.obj
 0003:00000fd8       ?FreeData@@3P6GXPAUAtlThunkData_t@@@ZA 10028fd8     atls:atlthunk.obj
 0003:00000fdc       ?Initialized@@3_NA         10028fdc     atls:atlthunk.obj
 0003:00000fe8       ?__vcrt_startup_thread_ptd@@3U__vcrt_ptd@@A 10028fe8     libvcruntime:per_thread_data.obj
 0003:00001010       ___vcrt_lock_table         10029010     libvcruntime:locks.obj
 0003:00001028       ___vcrt_locks_initialized  10029028     libvcruntime:locks.obj
 0003:00001054       ?heap@@3V_HeapManager@@A   10029054     libvcruntime:undname.obj
 0003:00001068       ?module_handles@@3PAPAUHINSTANCE__@@A 10029068     libvcruntime:winapi_downlevel.obj
 0003:00001074       ?function_pointers@@3PAPAXA 10029074     libvcruntime:winapi_downlevel.obj
 0003:0000108c       ?__acrt_invalid_parameter_handler@@3V?$dual_state_global@P6AXPB_W00II@Z@__crt_state_management@@A 1002908c     libucrt:invalid_parameter.obj
 0003:00001090       ?c_termination_complete@@3JA 10029090     libucrt:exit.obj
 0003:00001094       ?thread_local_exit_callback_func@@3P6GXPAXK0@ZA 10029094     libucrt:exit.obj
 0003:000010a0       ?program_name@?1???$common_configure_argv@D@@YAHW4_crt_argv_mode@@@Z@4PADA 100290a0     libucrt:argv_parsing.obj
 0003:000011d0       ?__acrt_new_handler@@3V?$dual_state_global@P6AHI@Z@__crt_state_management@@A 100291d0     libucrt:new_handler.obj
 0003:000011d8       ?module_handles@@3PAPAUHINSTANCE__@@A 100291d8     libucrt:winapi_thunks.obj
 0003:00001228       ?encoded_function_pointers@@3PAPAXA 10029228     libucrt:winapi_thunks.obj
 0003:000012b0       ?internal_state@?1??_mbtowc_l@@9@4U_Mbstatet@@A 100292b0     libucrt:mbtowc.obj
 0003:000012c0       ?enable_percent_n@@3IA     100292c0     libucrt:printf_count_output.obj
 0003:000014e0       ?__acrt_lock_table@@3PAU_RTL_CRITICAL_SECTION@@A 100294e0     libucrt:locks.obj
 0003:00001630       ?__acrt_locks_initialized@@3IA 10029630     libucrt:locks.obj
 0003:00001640       ?fSystemSet@@3HA           10029640     libucrt:mbctype.obj
 0003:00001644       ?initialized@?1??__acrt_initialize_multibyte@@9@4_NA 10029644     libucrt:mbctype.obj
 0003:00001664       ?ctrlc_action@@3V?$dual_state_global@P6AXH@Z@__crt_state_management@@A 10029664     libucrt:signal.obj
 0003:00001668       ?ctrlbreak_action@@3V?$dual_state_global@P6AXH@Z@__crt_state_management@@A 10029668     libucrt:signal.obj
 0003:0000166c       ?abort_action@@3V?$dual_state_global@P6AXH@Z@__crt_state_management@@A 1002966c     libucrt:signal.obj
 0003:00001670       ?term_action@@3V?$dual_state_global@P6AXH@Z@__crt_state_management@@A 10029670     libucrt:signal.obj
 0003:00001674       ?user_matherr@@3V?$dual_state_global@P6AHPAU_exception@@@Z@__crt_state_management@@A 10029674     libucrt:matherr.obj
 0003:00001678       ?__acrt_global_new_mode@@3V?$dual_state_global@J@__crt_state_management@@A 10029678     libucrt:new_mode.obj
 0003:00001684       ?internal_pst@?1??__mbrtoc32_utf8@__crt_mbstring@@YAIPA_UPBDIPAU_Mbstatet@@@Z@4U3@A 10029684     libucrt:mbrtoc32.obj
 0003:0000168c       ?__acrt_app_type@@3W4_crt_app_type@@A 1002968c     libucrt:report_runtime_error.obj
 0003:00001694       __pmatherr_set             10029694     libucrt:libm_error.obj
 0004:00000220       $R000000                   1002a220     Biometrics.res
 0004:00000b90       $R000970                   1002ab90     Biometrics.res
 0004:00000c78       $R000A58                   1002ac78     Biometrics.res
 0004:00000ee0       $R000CC0                   1002aee0     Biometrics.res
 0004:000013b0       $R001190                   1002b3b0     Biometrics.res
 0004:00004898       $R004678                   1002e898     Biometrics.res
 0004:000048d0       $R0046B0                   1002e8d0     Biometrics.res
