 Opos_Constants

 Timestamp is 61e61be0 (Tue Jan 18 10:46:08 2022)

 Preferred load address is 10000000

 Start         Length     Name                   Class
 0001:00000000 000000e0H .text$di                CODE
 0001:000000e0 0000fb18H .text$mn                CODE
 0001:0000fbf8 000000d8H .text$x                 CODE
 0001:0000fcd0 0000008eH .text$yd                CODE
 0002:00000000 00000188H .idata$5                DATA
 0002:00000188 00000008H .00cfg                  DATA
 0002:00000190 00000004H .CRT$XCA                DATA
 0002:00000194 00000004H .CRT$XCL                DATA
 0002:00000198 00000008H .CRT$XCU                DATA
 0002:000001a0 00000004H .CRT$XCZ                DATA
 0002:000001a4 00000004H .CRT$XIA                DATA
 0002:000001a8 0000000cH .CRT$XIC                DATA
 0002:000001b4 00000004H .CRT$XIZ                DATA
 0002:000001b8 00000004H .CRT$XPA                DATA
 0002:000001bc 00000008H .CRT$XPX                DATA
 0002:000001c4 00000004H .CRT$XPXA               DATA
 0002:000001c8 00000004H .CRT$XPZ                DATA
 0002:000001cc 00000004H .CRT$XTA                DATA
 0002:000001d0 00000010H .CRT$XTZ                DATA
 0002:000001d4 00000000H .gfids$y                DATA
 0002:000001e0 000052e0H .rdata                  DATA
 0002:000054c0 00000000H .rdata$CastGuardVftablesA DATA
 0002:000054c0 00000000H .rdata$CastGuardVftablesC DATA
 0002:000054c0 00000178H .rdata$r                DATA
 0002:00005638 0000002cH .rdata$sxdata           DATA
 0002:00005664 00000030H .rdata$voltmd           DATA
 0002:00005694 0000039cH .rdata$zzzdbg           DATA
 0002:00005a30 00000004H .rtc$IAA                DATA
 0002:00005a34 00000004H .rtc$IZZ                DATA
 0002:00005a38 00000004H .rtc$TAA                DATA
 0002:00005a3c 00000004H .rtc$TZZ                DATA
 0002:00005a40 0000069cH .xdata$x                DATA
 0002:000060dc 00000004H ATL$__a                 DATA
 0002:000060e0 00000010H ATL$__z                 DATA
 0002:000060f0 000000acH .edata                  DATA
 0002:0000619c 00000064H .idata$2                DATA
 0002:00006200 00000014H .idata$3                DATA
 0002:00006214 00000188H .idata$4                DATA
 0002:0000639c 00000674H .idata$6                DATA
 0003:00000000 00000890H .data                   DATA
 0003:00000890 00000080H .data$r                 DATA
 0003:00000910 00000018H .data$rs                DATA
 0003:00000928 00000ae8H .bss                    DATA
 0004:00000000 00000140H .rsrc$01                DATA
 0004:00000140 0001db48H .rsrc$02                DATA

  Address         Publics by Value              Rva+Base       Lib:Object

 0000:00000000       ___guard_iat_count         00000000     <absolute>
 0000:00000000       __except_list              00000000     <absolute>
 0000:00000000       ___x64_code_ranges_to_entry_points_count 00000000     <absolute>
 0000:00000000       ___guard_fids_count        00000000     <absolute>
 0000:00000000       ___arm64x_native_entrypoint 00000000     <absolute>
 0000:00000000       ___guard_longjmp_table     00000000     <absolute>
 0000:00000000       ___arm64x_extra_rfe_table  00000000     <absolute>
 0000:00000000       ___arm64x_redirection_metadata 00000000     <absolute>
 0000:00000000       ___guard_eh_cont_count     00000000     <absolute>
 0000:00000000       ___guard_iat_table         00000000     <absolute>
 0000:00000000       ___hybrid_code_map_count   00000000     <absolute>
 0000:00000000       ___x64_code_ranges_to_entry_points 00000000     <absolute>
 0000:00000000       ___guard_eh_cont_table     00000000     <absolute>
 0000:00000000       ___guard_longjmp_count     00000000     <absolute>
 0000:00000000       ___hybrid_code_map         00000000     <absolute>
 0000:00000000       ___guard_check_icall_a64n_fptr 00000000     <absolute>
 0000:00000000       ___arm64x_redirection_metadata_count 00000000     <absolute>
 0000:00000000       ___arm64x_extra_rfe_table_size 00000000     <absolute>
 0000:00000000       ___hybrid_auxiliary_iat    00000000     <absolute>
 0000:00000000       ___dynamic_value_reloc_table 00000000     <absolute>
 0000:00000000       ___enclave_config          00000000     <absolute>
 0000:00000000       ___AbsoluteZero            00000000     <absolute>
 0000:00000000       ___guard_fids_table        00000000     <absolute>
 0000:00000000       ___hybrid_auxiliary_iat_copy 00000000     <absolute>
 0000:0000000b       ___safe_se_handler_count   0000000b     <absolute>
 0000:00000100       ___guard_flags             00000100     <absolute>
 0000:00000000       ___ImageBase               10000000     <linker-defined>
 0001:000000e0       ?_AtlInitializeCriticalSectionEx@ATL@@YAHPAU_RTL_CRITICAL_SECTION@@KK@Z 100010e0 f i StdAfx.obj
 0001:00000100       ?_AtlRaiseException@ATL@@YAXKK@Z 10001100 f i StdAfx.obj
 0001:00000120       ?Lock@CAtlModule@ATL@@UAEJXZ 10001120 f i OposConstants.obj
 0001:00000130       ?Unlock@CAtlModule@ATL@@UAEJXZ 10001130 f i OposConstants.obj
 0001:00000140       ?GetLockCount@CAtlModule@ATL@@UAEJXZ 10001140 f i OposConstants.obj
 0001:00000150       ?GetGITPtr@CAtlModule@ATL@@UAEJPAPAUIGlobalInterfaceTable@@@Z 10001150 f i OposConstants.obj
 0001:000001a0       ?AddCommonRGSReplacements@?$CAtlModuleT@VCComModule@ATL@@@ATL@@UAEJPAUIRegistrarBase@@@Z 100011a0 f i OposConstants.obj
 0001:000001c0       ?UpdateRegistryFromResourceD@CComModule@ATL@@UAGJPB_WHPAU_ATL_REGMAP_ENTRY@2@@Z 100011c0 f i OposConstants.obj
 0001:000001c0       ?UpdateRegistryFromResourceD@CComModule@ATL@@UAGJIHPAU_ATL_REGMAP_ENTRY@2@@Z 100011c0 f i OposConstants.obj
 0001:000001d0       ?UpdateRegistryFromResource@CComModule@ATL@@UAGJPB_WHPAU_ATL_REGMAP_ENTRY@2@@Z 100011d0 f i OposConstants.obj
 0001:000001e0       ?UpdateRegistryFromResource@CComModule@ATL@@UAGJIHPAU_ATL_REGMAP_ENTRY@2@@Z 100011e0 f i OposConstants.obj
 0001:000001f0       ??_ECComModule@ATL@@UAEPAXI@Z 100011f0 f i OposConstants.obj
 0001:000001f0       ??_GCComModule@ATL@@UAEPAXI@Z 100011f0 f i OposConstants.obj
 0001:00000220       ?QueryInterface@CRegObject@ATL@@UAGJABU_GUID@@PAPAX@Z 10001220 f i OposConstants.obj
 0001:00000230       ?AddRef@CRegObject@ATL@@UAGKXZ 10001230 f i OposConstants.obj
 0001:00000240       ?Release@CRegObject@ATL@@UAGKXZ 10001240 f i OposConstants.obj
 0001:00000250       ?AddReplacement@CRegObject@ATL@@UAGJPB_W0@Z 10001250 f i OposConstants.obj
 0001:00000290       ?ClearReplacements@CRegObject@ATL@@UAGJXZ 10001290 f i OposConstants.obj
 0001:000002b0       ??_ECRegObject@ATL@@UAEPAXI@Z 100012b0 f i OposConstants.obj
 0001:000002b0       ??_GCRegObject@ATL@@UAEPAXI@Z 100012b0 f i OposConstants.obj
 0001:00000320       ??1CRegObject@ATL@@UAE@XZ  10001320 f i OposConstants.obj
 0001:00000370       ?Add@CExpansionVector@ATL@@QAEHPB_W0@Z 10001370 f i OposConstants.obj
 0001:000004e0       ?AddValue@CRegParser@ATL@@IAEJAAVCRegKey@2@PB_WPA_W@Z 100014e0 f i OposConstants.obj
 0001:00000990       ?Allocate@?$CTempBuffer@_W$0EAA@VCCRTAllocator@ATL@@@ATL@@QAEPA_WI@Z 10001990 f i OposConstants.obj
 0001:000009e0       ?AllocateHeap@?$CTempBuffer@_W$0EAA@VCCRTAllocator@ATL@@@ATL@@AAEXI@Z 100019e0 f i OposConstants.obj
 0001:000009e0       ?AllocateHeap@?$CTempBuffer@_W$0BAA@VCCRTAllocator@ATL@@@ATL@@AAEXI@Z 100019e0 f i OposConstants.obj
 0001:000009e0       ?AllocateHeap@?$CTempBuffer@E$0BAA@VCCRTAllocator@ATL@@@ATL@@AAEXI@Z 100019e0 f i OposConstants.obj
 0001:00000a10       ?Append@CParseBuffer@CRegParser@ATL@@QAEHPB_WH@Z 10001a10 f i OposConstants.obj
 0001:00000ac0       ?AtlCrtErrorCheck@ATL@@YAHH@Z 10001ac0 f i OposConstants.obj
 0001:00000b60       ?AtlHresultFromLastError@ATL@@YAJXZ 10001b60 f i OposConstants.obj
 0001:00000b80       ?AtlHresultFromWin32@ATL@@YAJK@Z 10001b80 f i OposConstants.obj
 0001:00000ba0       ?AtlLoadTypeLib@ATL@@YGJPAUHINSTANCE__@@PB_WPAPA_WPAPAUITypeLib@@@Z 10001ba0 f i OposConstants.obj
 0001:00000dc0       ?AtlRegisterClassCategoriesHelper@ATL@@YGJABU_GUID@@PBU_ATL_CATMAP_ENTRY@1@H@Z 10001dc0 f i OposConstants.obj
 0001:000010f0       ?AtlRegisterTypeLib@ATL@@YGJPAUHINSTANCE__@@PB_W@Z 100020f0 f i OposConstants.obj
 0001:00001290       ?AtlThrowImpl@ATL@@YGXJ@Z  10002290 f i OposConstants.obj
 0001:000012b0       ?AtlUnRegisterTypeLib@ATL@@YGJPAUHINSTANCE__@@PB_W@Z 100022b0 f i OposConstants.obj
 0001:00001370       ?ClearReplacements@CExpansionVector@ATL@@QAEJXZ 10002370 f i OposConstants.obj
 0001:00001400       ?DeleteSubKey@CRegKey@ATL@@QAEJPB_W@Z 10002400 f i OposConstants.obj
 0001:000014e0       ?EscapeSingleQuote@CAtlModule@ATL@@SAXPA_WIPB_W@Z 100024e0 f i OposConstants.obj
 0001:00001530       ?FreeHeap@?$CTempBuffer@_W$0EAA@VCCRTAllocator@ATL@@@ATL@@AAEXXZ 10002530 f i OposConstants.obj
 0001:00001530       ?FreeHeap@?$CTempBuffer@E$0BAA@VCCRTAllocator@ATL@@@ATL@@AAEXXZ 10002530 f i OposConstants.obj
 0001:00001530       ?FreeHeap@?$CTempBuffer@_W$0BAA@VCCRTAllocator@ATL@@@ATL@@AAEXXZ 10002530 f i OposConstants.obj
 0001:00001540       ?GetClassObject@CComModule@ATL@@QAEJABU_GUID@@0PAPAX@Z 10002540 f i OposConstants.obj
 0001:000016f0       ?NextToken@CRegParser@ATL@@IAEJPA_W@Z 100026f0 f i OposConstants.obj
 0001:00001890       ?PreProcessBuffer@CRegParser@ATL@@QAEJPA_WPAPA_W@Z 10002890 f i OposConstants.obj
 0001:00001c60       ?RecurseDeleteKey@CRegKey@ATL@@QAEJPB_W@Z 10002c60 f i OposConstants.obj
 0001:00001de0       ?RegisterBuffer@CRegParser@ATL@@QAEJPA_WH@Z 10002de0 f i OposConstants.obj
 0001:00001f80       ?RegisterFromResource@CRegObject@ATL@@IAEJPB_W00H@Z 10002f80 f i OposConstants.obj
 0001:000020e0       ?RegisterServer@CComModule@ATL@@QAEJHPBU_GUID@@@Z 100030e0 f i OposConstants.obj
 0001:00002310       ?RegisterSubkeys@CRegParser@ATL@@IAEJPA_WPAUHKEY__@@HH@Z 10003310 f i OposConstants.obj
 0001:00002cc0       ?SkipAssignment@CRegParser@ATL@@IAEJPA_W@Z 10003cc0 f i OposConstants.obj
 0001:00002d40       ?SkipWhiteSpace@CRegParser@ATL@@IAEXXZ 10003d40 f i OposConstants.obj
 0001:00002d90       ?Term@CAtlModule@ATL@@QAEXXZ 10003d90 f i OposConstants.obj
 0001:00002e20       ?Term@CComModule@ATL@@QAEXXZ 10003e20 f i OposConstants.obj
 0001:00002f10       ?UpdateRegistryFromResource@CAtlModule@ATL@@QAGJIHPAU_ATL_REGMAP_ENTRY@2@@Z 10003f10 f i OposConstants.obj
 0001:00003240       ?UpdateRegistryFromResource@CAtlModule@ATL@@QAGJPB_WHPAU_ATL_REGMAP_ENTRY@2@@Z 10004240 f i OposConstants.obj
 0001:00003580       ?memcpy_s@Checked@ATL@@YAXPAXIPBXI@Z 10004580 f i OposConstants.obj
 0001:00003650       ?wcscpy_s@Checked@ATL@@YAXPA_WIPB_W@Z 10004650 f i OposConstants.obj
 0001:00003670       _DllCanUnloadNow@0         10004670 f   OposConstants.obj
 0001:00003680       _DllGetClassObject@12      10004680 f   OposConstants.obj
 0001:00003690       _DllMain@12                10004690 f   OposConstants.obj
 0001:00003730       _DllRegisterServer@0       10004730 f   OposConstants.obj
 0001:00003740       _DllUnregisterServer@0     10004740 f   OposConstants.obj
 0001:000037dd       ??0CAtlBaseModule@ATL@@QAE@XZ 100047dd f   atls:atlbase.obj
 0001:00003830       ??0_ATL_BASE_MODULE70@ATL@@QAE@XZ 10004830 f i atls:atlbase.obj
 0001:00003853       ??1CAtlBaseModule@ATL@@QAE@XZ 10004853 f   atls:atlbase.obj
 0001:00003869       ?Init@CComCriticalSection@ATL@@QAEJXZ 10004869 f i atls:atlbase.obj
 0001:00003894       ?RemoveAll@?$CSimpleArray@PAUHINSTANCE__@@V?$CSimpleArrayEqualHelper@PAUHINSTANCE__@@@ATL@@@ATL@@QAEXXZ 10004894 f i atls:atlbase.obj
 0001:000038b1       ??3@YAXPAXI@Z              100048b1 f   LIBCMT:delete_scalar_size.obj
 0001:00003903       ___scrt_acquire_startup_lock 10004903 f   LIBCMT:utility.obj
 0001:00003935       ___scrt_dllmain_after_initialize_c 10004935 f   LIBCMT:utility.obj
 0001:00003960       ___scrt_dllmain_before_initialize_c 10004960 f   LIBCMT:utility.obj
 0001:0000396e       ___scrt_dllmain_crt_thread_attach 1000496e f   LIBCMT:utility.obj
 0001:0000398d       ___scrt_dllmain_crt_thread_detach 1000498d f   LIBCMT:utility.obj
 0001:0000399a       ___scrt_dllmain_exception_filter 1000499a f   LIBCMT:utility.obj
 0001:000039ce       ___scrt_dllmain_uninitialize_c 100049ce f   LIBCMT:utility.obj
 0001:000039f1       ___scrt_dllmain_uninitialize_critical 100049f1 f   LIBCMT:utility.obj
 0001:000039fe       ___scrt_initialize_crt     100049fe f   LIBCMT:utility.obj
 0001:00003a37       ___scrt_initialize_onexit_tables 10004a37 f   LIBCMT:utility.obj
 0001:00003abe       ___scrt_is_nonwritable_in_current_image 10004abe f   LIBCMT:utility.obj
 0001:00003b52       ___scrt_release_startup_lock 10004b52 f   LIBCMT:utility.obj
 0001:00003b6f       ___scrt_uninitialize_crt   10004b6f f   LIBCMT:utility.obj
 0001:00003b97       __onexit                   10004b97 f   LIBCMT:utility.obj
 0001:00003bc4       _atexit                    10004bc4 f   LIBCMT:utility.obj
 0001:00003bd9       ??3@YAXPAX@Z               10004bd9 f   LIBCMT:delete_scalar.obj
 0001:00003bde       ??_V@YAXPAX@Z              10004bde f   LIBCMT:delete_array.obj
 0001:00003be3       ___raise_securityfailure   10004be3 f   LIBCMT:gs_report.obj
 0001:00003c0b       ___report_gsfailure        10004c0b f   LIBCMT:gs_report.obj
 0001:00003d05       ___report_rangecheckfailure 10004d05 f   LIBCMT:gs_report.obj
 0001:00003d11       ___report_securityfailure  10004d11 f   LIBCMT:gs_report.obj
 0001:00003de0       ??_U@YAPAXIABUnothrow_t@std@@@Z 10004de0 f   LIBCMT:new_array_nothrow.obj
 0001:00003de9       @__security_check_cookie@4 10004de9 f   LIBCMT:secchk.obj
 0001:00003e00       __chkstk                   10004e00 f   LIBCMT:chkstk.obj
 0001:00003e00       __alloca_probe             10004e00 f   LIBCMT:chkstk.obj
 0001:0000416b       __DllMainCRTStartup@12     1000516b f   LIBCMT:dll_dllmain.obj
 0001:0000418e       @_guard_check_icall_nop@4  1000518e f i LIBCMT:guard_support.obj
 0001:00004191       ___isa_available_init      10005191 f   LIBCMT:cpu_disp.obj
 0001:00004365       __get_startup_argv_mode    10005365 f   LIBCMT:argv_mode.obj
 0001:00004369       ___scrt_is_ucrt_dll_in_use 10005369 f   LIBCMT:ucrt_detection.obj
 0001:00004375       ___scrt_fastfail           10005375 f   LIBCMT:utility_desktop.obj
 0001:00004490       __crt_debugger_hook        10005490 f   LIBCMT:utility_desktop.obj
 0001:000044a0       __SEH_prolog4              100054a0 f   LIBCMT:sehprolg4.obj
 0001:000044e5       ??2@YAPAXIABUnothrow_t@std@@@Z 100054e5 f   LIBCMT:new_scalar_nothrow.obj
 0001:00004587       ___security_init_cookie    10005587 f   LIBCMT:gs_support.obj
 0001:000045d2       ?__scrt_initialize_type_info@@YAXXZ 100055d2 f   LIBCMT:tncleanup.obj
 0001:000045de       ?__scrt_uninitialize_type_info@@YAXXZ 100055de f   LIBCMT:tncleanup.obj
 0001:000045ea       ___local_stdio_printf_options 100055ea f i LIBCMT:default_local_stdio_options.obj
 0001:000045f0       ___local_stdio_scanf_options 100055f0 f i LIBCMT:default_local_stdio_options.obj
 0001:000045f6       ___scrt_initialize_default_local_stdio_options 100055f6 f   LIBCMT:default_local_stdio_options.obj
 0001:00004613       ___scrt_get_dyn_tls_init_callback 10005613 f   LIBCMT:dyn_tls_init.obj
 0001:00004619       __RTC_Initialize           10005619 f   LIBCMT:initsect.obj
 0001:00004645       __RTC_Terminate            10005645 f   LIBCMT:initsect.obj
 0001:00004671       ??2@YAPAXI@Z               10005671 f   LIBCMT:new_scalar.obj
 0001:000046a1       ??0bad_alloc@std@@QAE@ABV01@@Z 100056a1 f i LIBCMT:throw_bad_alloc.obj
 0001:000046bc       ??0bad_alloc@std@@QAE@XZ   100056bc f i LIBCMT:throw_bad_alloc.obj
 0001:000046d4       ??0bad_array_new_length@std@@QAE@ABV01@@Z 100056d4 f i LIBCMT:throw_bad_alloc.obj
 0001:000046ef       ??0bad_array_new_length@std@@QAE@XZ 100056ef f i LIBCMT:throw_bad_alloc.obj
 0001:00004707       ??0exception@std@@QAE@ABV01@@Z 10005707 f i LIBCMT:throw_bad_alloc.obj
 0001:00004733       ??1bad_exception@std@@UAE@XZ 10005733 f i libvcruntime:frame.obj
 0001:00004733       ??1bad_alloc@std@@UAE@XZ   10005733 f i LIBCMT:throw_bad_alloc.obj
 0001:00004733       ??1bad_array_new_length@std@@UAE@XZ 10005733 f i LIBCMT:throw_bad_alloc.obj
 0001:00004744       ??_Gbad_alloc@std@@UAEPAXI@Z 10005744 f i LIBCMT:throw_bad_alloc.obj
 0001:00004744       ??_Ebad_array_new_length@std@@UAEPAXI@Z 10005744 f i LIBCMT:throw_bad_alloc.obj
 0001:00004744       ??_Ebad_exception@std@@UAEPAXI@Z 10005744 f i libvcruntime:frame.obj
 0001:00004744       ??_Gbad_exception@std@@UAEPAXI@Z 10005744 f i libvcruntime:frame.obj
 0001:00004744       ??_Ebad_alloc@std@@UAEPAXI@Z 10005744 f i LIBCMT:throw_bad_alloc.obj
 0001:00004744       ??_Gexception@std@@UAEPAXI@Z 10005744 f i LIBCMT:throw_bad_alloc.obj
 0001:00004744       ??_Gbad_array_new_length@std@@UAEPAXI@Z 10005744 f i LIBCMT:throw_bad_alloc.obj
 0001:00004744       ??_Eexception@std@@UAEPAXI@Z 10005744 f i LIBCMT:throw_bad_alloc.obj
 0001:00004771       ?__scrt_throw_std_bad_alloc@@YAXXZ 10005771 f   LIBCMT:throw_bad_alloc.obj
 0001:0000478e       ?__scrt_throw_std_bad_array_new_length@@YAXXZ 1000578e f   LIBCMT:throw_bad_alloc.obj
 0001:000047ab       ?what@exception@std@@UBEPBDXZ 100057ab f i LIBCMT:throw_bad_alloc.obj
 0001:000047b8       ??_Etype_info@@UAEPAXI@Z   100057b8 f i LIBCMT:std_type_info_static.obj
 0001:000047b8       ??_Gtype_info@@UAEPAXI@Z   100057b8 f i LIBCMT:std_type_info_static.obj
 0001:000047db       _wcsstr                    100057db f   libvcruntime:wcsstr.obj
 0001:00004a50       _memcpy                    10005a50 f   libvcruntime:memcpy.obj
 0001:00004a50       _memmove                   10005a50 f   libvcruntime:memmove.obj
 0001:00004fd0       _memset                    10005fd0 f   libvcruntime:memset.obj
 0001:00005130       ___vcrt_initialize         10006130 f   libvcruntime:initialization.obj
 0001:0000514f       ___vcrt_thread_attach      1000614f f   libvcruntime:initialization.obj
 0001:0000515a       ___vcrt_thread_detach      1000615a f   libvcruntime:initialization.obj
 0001:00005165       ___vcrt_uninitialize       10006165 f   libvcruntime:initialization.obj
 0001:0000517c       ___vcrt_uninitialize_critical 1000617c f   libvcruntime:initialization.obj
 0001:000051d0       __except_handler4          100061d0 f   libvcruntime:chandler4.obj
 0001:0000532e       ___DestructExceptionObject 1000632e f   libvcruntime:ehhelpers.obj
 0001:000053cf       ?_CallMemberFunction0@@YGXQAX0@Z 100063cf f i libvcruntime:ehhelpers.obj
 0001:00005434       __IsExceptionObjectToBeDestroyed 10006434 f   libvcruntime:ehhelpers.obj
 0001:0000545a       ___AdjustPointer           1000645a f   libvcruntime:ehhelpers.obj
 0001:0000547f       ___FrameUnwindFilter       1000647f f   libvcruntime:ehhelpers.obj
 0001:000054d5       ___std_terminate           100064d5 f   libvcruntime:ehhelpers.obj
 0001:000054da       ?GetRangeOfTrysToCheck@__FrameHandler3@@SA?AU?$pair@Viterator@TryBlockMap@__FrameHandler3@@V123@@std@@AAVTryBlockMap@1@HPAXPBU_s_FuncInfo@@H@Z 100064da f   libvcruntime:trnsctrl.obj
 0001:0000554a       ?_CallCatchBlock2@@YAPAXPAUEHRegistrationNode@@PBU_s_FuncInfo@@PAXHK@Z 1000654a f   libvcruntime:trnsctrl.obj
 0001:000055a7       ?_CallSETranslator@@YAHPAUEHExceptionRecord@@PAUEHRegistrationNode@@PAX2PBU_s_FuncInfo@@H1@Z 100065a7 f   libvcruntime:trnsctrl.obj
 0001:0000569d       ?_JumpToContinuation@@YGXPAXPAUEHRegistrationNode@@@Z 1000669d f   libvcruntime:trnsctrl.obj
 0001:000056cd       ?_UnwindNestedFrames@@YGXPAUEHRegistrationNode@@PAUEHExceptionRecord@@@Z 100066cd f   libvcruntime:trnsctrl.obj
 0001:00005720       __CatchGuardHandler        10006720 f   libvcruntime:trnsctrl.obj
 0001:00005751       __CreateFrameInfo          10006751 f   libvcruntime:trnsctrl.obj
 0001:00005775       __FindAndUnlinkFrame       10006775 f   libvcruntime:trnsctrl.obj
 0001:000057bd       __TranslatorGuardHandler   100067bd f   libvcruntime:trnsctrl.obj
 0001:0000585a       ___CxxFrameHandler3        1000685a f   libvcruntime:trnsctrl.obj
 0001:00005890       ___std_type_info_compare   10006890 f   libvcruntime:std_type_info.obj
 0001:000058cc       ___std_type_info_destroy_list 100068cc f   libvcruntime:std_type_info.obj
 0001:000058ef       ___std_exception_copy      100068ef f   libvcruntime:std_exception.obj
 0001:00005952       ___std_exception_destroy   10006952 f   libvcruntime:std_exception.obj
 0001:00005971       __CxxThrowException@8      10006971 f   libvcruntime:throw.obj
 0001:000059dd       ___vcrt_freefls@4          100069dd f   libvcruntime:per_thread_data.obj
 0001:000059f9       ___vcrt_freeptd            100069f9 f   libvcruntime:per_thread_data.obj
 0001:00005a2f       ___vcrt_getptd             10006a2f f   libvcruntime:per_thread_data.obj
 0001:00005a3d       ___vcrt_getptd_noexit      10006a3d f   libvcruntime:per_thread_data.obj
 0001:00005acf       ___vcrt_initialize_ptd     10006acf f   libvcruntime:per_thread_data.obj
 0001:00005b02       ___vcrt_uninitialize_ptd   10006b02 f   libvcruntime:per_thread_data.obj
 0001:00005b1d       ___vcrt_initialize_locks   10006b1d f   libvcruntime:locks.obj
 0001:00005b59       ___vcrt_uninitialize_locks 10006b59 f   libvcruntime:locks.obj
 0001:00005b90       __local_unwind4            10006b90 f   libvcruntime:exsup4.obj
 0001:00005c80       @_EH4_CallFilterFunc@8     10006c80 f   libvcruntime:exsup4.obj
 0001:00005ca0       @_EH4_TransferToHandler@8  10006ca0 f   libvcruntime:exsup4.obj
 0001:00005cc0       @_EH4_GlobalUnwind2@8      10006cc0 f   libvcruntime:exsup4.obj
 0001:00005ce0       @_EH4_LocalUnwind@16       10006ce0 f   libvcruntime:exsup4.obj
 0001:00005cf7       ___except_validate_context_record 10006cf7 f   libvcruntime:jbcxrval.obj
 0001:00006459       ??$TypeMatchHelper@V__FrameHandler3@@@@YAHPBU_s_HandlerType@@PBU_s_CatchableType@@PBU_s_ThrowInfo@@@Z 10007459 f i libvcruntime:frame.obj
 0001:000064e7       ??$__InternalCxxFrameHandler@V__FrameHandler3@@@@YA?AW4_EXCEPTION_DISPOSITION@@PAUEHExceptionRecord@@PAUEHRegistrationNode@@PAU_CONTEXT@@PAXPBU_s_FuncInfo@@H1E@Z 100074e7 f i libvcruntime:frame.obj
 0001:000065e9       ??0bad_exception@std@@QAE@ABV01@@Z 100075e9 f i libvcruntime:frame.obj
 0001:00006604       ??0bad_exception@std@@QAE@XZ 10007604 f i libvcruntime:frame.obj
 0001:0000661c       ??8type_info@@QBE_NABV0@@Z 1000761c f i libvcruntime:frame.obj
 0001:00006893       ?FrameUnwindToEmptyState@__FrameHandler3@@SAXPAUEHRegistrationNode@@PAXPBU_s_FuncInfo@@@Z 10007893 f   libvcruntime:frame.obj
 0001:000068ab       ?FrameUnwindToState@__FrameHandler3@@SAXPAUEHRegistrationNode@@PAXPBU_s_FuncInfo@@H@Z 100078ab f   libvcruntime:frame.obj
 0001:00006a2d       ?_CallMemberFunction1@@YGXQAX00@Z 10007a2d f i libvcruntime:frame.obj
 0001:00006a3d       ?_CallMemberFunction2@@YGXQAX00H@Z 10007a3d f i libvcruntime:frame.obj
 0001:00006a50       ?getESTypes@__FrameHandler3@@SAPBU_s_ESTypeList@@PBU_s_FuncInfo@@@Z 10007a50 f i libvcruntime:frame.obj
 0001:00006a60       __CallSettingFrame@12      10007a60 f   libvcruntime:lowhelpr.obj
 0001:00006a87       __NLG_Return               10007a87     libvcruntime:lowhelpr.obj
 0001:00006b91       ___vcrt_FlsAlloc           10007b91 f   libvcruntime:winapi_downlevel.obj
 0001:00006bcc       ___vcrt_FlsFree            10007bcc f   libvcruntime:winapi_downlevel.obj
 0001:00006c07       ___vcrt_FlsGetValue        10007c07 f   libvcruntime:winapi_downlevel.obj
 0001:00006c42       ___vcrt_FlsSetValue        10007c42 f   libvcruntime:winapi_downlevel.obj
 0001:00006c80       ___vcrt_InitializeCriticalSectionEx 10007c80 f   libvcruntime:winapi_downlevel.obj
 0001:00006cd0       __NLG_Notify1              10007cd0 f   libvcruntime:exsup.obj
 0001:00006ce0       __NLG_Notify               10007ce0 f   libvcruntime:exsup.obj
 0001:00006cf7       __NLG_Dispatch2            10007cf7     libvcruntime:exsup.obj
 0001:00006cf7       __NLG_Dispatch             10007cf7     libvcruntime:exsup.obj
 0001:00006d00       __NLG_Call                 10007d00 f   libvcruntime:exsup.obj
 0001:00006d02       __NLG_Return2              10007d02     libvcruntime:exsup.obj
 0001:00006d03       _unexpected                10007d03 f   libvcruntime:unexpected.obj
 0001:00006d20       ?GetCurrentState@__FrameHandler3@@SAHPAUEHRegistrationNode@@PAXPBU_s_FuncInfo@@@Z 10007d20 f   libvcruntime:ehstate.obj
 0001:00006d3d       ?SetState@__FrameHandler3@@SAXPAUEHRegistrationNode@@PBU_s_FuncInfo@@H@Z 10007d3d f   libvcruntime:ehstate.obj
 0001:00006d4b       _free                      10007d4b f   libucrt:free.obj
 0001:00006d66       ??0__crt_cached_ptd_host@@QAE@QAU__crt_locale_pointers@@@Z 10007d66 f i libucrt:invalid_parameter.obj
 0001:00006dae       ??1__crt_cached_ptd_host@@QAE@XZ 10007dae f i libucrt:invalid_parameter.obj
 0001:00006dea       ?check_synchronize_global_state_index@__crt_cached_ptd_host@@AAEIXZ 10007dea f i libucrt:invalid_parameter.obj
 0001:00006e13       ?force_synchronize_per_thread_data@__crt_cached_ptd_host@@AAEPAU__acrt_ptd@@XZ 10007e13 f i libucrt:invalid_parameter.obj
 0001:00006e59       ?get_raw_ptd@__crt_cached_ptd_host@@QAEPAU__acrt_ptd@@XZ 10007e59 f i libucrt:invalid_parameter.obj
 0001:00006e76       ___acrt_call_reportfault   10007e76 f   libucrt:invalid_parameter.obj
 0001:00006faf       ___acrt_initialize_invalid_parameter_handler 10007faf f   libucrt:invalid_parameter.obj
 0001:00006fbe       __invalid_parameter        10007fbe f   libucrt:invalid_parameter.obj
 0001:00006ff5       __invalid_parameter_internal 10007ff5 f   libucrt:invalid_parameter.obj
 0001:00007072       __invalid_parameter_noinfo 10008072 f   libucrt:invalid_parameter.obj
 0001:00007082       __invoke_watson            10008082 f   libucrt:invalid_parameter.obj
 0001:000070b6       ___acrt_errno_from_os_error 100080b6 f   libucrt:errno.obj
 0001:000070f9       ___acrt_errno_map_os_error 100080f9 f   libucrt:errno.obj
 0001:0000711c       ___acrt_errno_map_os_error_ptd 1000811c f   libucrt:errno.obj
 0001:00007140       ___doserrno                10008140 f   libucrt:errno.obj
 0001:00007153       __errno                    10008153 f   libucrt:errno.obj
 0001:00007166       _malloc                    10008166 f   libucrt:malloc.obj
 0001:00007171       __recalloc                 10008171 f   libucrt:recalloc.obj
 0001:0000717c       __recalloc_base            1000817c f   libucrt:recalloc.obj
 0001:00007261       _wcscat_s                  10008261 f   libucrt:wcscat_s.obj
 0001:0000726c       _wcscpy_s                  1000826c f   libucrt:wcscpy_s.obj
 0001:0000739e       _wcsncpy_s                 1000839e f   libucrt:wcsncpy_s.obj
 0001:000073a9       __seh_filter_dll           100083a9 f   libucrt:exception_filter.obj
 0001:000073c9       __seh_filter_exe           100083c9 f   libucrt:exception_filter.obj
 0001:000077f6       ___acrt_initialize_thread_local_exit_callback 100087f6 f   libucrt:exit.obj
 0001:00007805       __cexit                    10008805 f   libucrt:exit.obj
 0001:00007814       __exit                     10008814 f   libucrt:exit.obj
 0001:0000782a       __is_c_termination_complete 1000882a f   libucrt:exit.obj
 0001:00007ae2       ___acrt_allocate_buffer_for_argv 10008ae2 f   libucrt:argv_parsing.obj
 0001:00007b31       __configure_narrow_argv    10008b31 f   libucrt:argv_parsing.obj
 0001:00007cdd       ___dcrt_uninitialize_environments_nolock 10008cdd f   libucrt:environment_initialization.obj
 0001:00007d2e       __initialize_narrow_environment 10008d2e f   libucrt:environment_initialization.obj
 0001:00007de9       ??$__crt_fast_encode_pointer@PAP6AXXZ@@YAPAP6AXXZQAP6AXXZ@Z 10008de9 f i libucrt:onexit.obj
 0001:00007de9       ??$__crt_fast_encode_pointer@P6AHXZ@@YAP6AHXZQ6AHXZ@Z 10008de9 f i libucrt:onexit.obj
 0001:00007de9       ??$__crt_fast_encode_pointer@PAX@@YAPAXQAX@Z 10008de9 f i libucrt:initialization.obj
 0001:00007fe4       __crt_atexit               10008fe4 f   libucrt:onexit.obj
 0001:00007ffa       __execute_onexit_table     10008ffa f   libucrt:onexit.obj
 0001:00008038       __initialize_onexit_table  10009038 f   libucrt:onexit.obj
 0001:00008061       __register_onexit_function 10009061 f   libucrt:onexit.obj
 0001:000080e4       ___acrt_uninitialize_command_line 100090e4 f   libucrt:argv_data.obj
 0001:00008192       ___acrt_initialize         10009192 f   libucrt:initialization.obj
 0001:000081a4       ___acrt_thread_attach      100091a4 f   libucrt:initialization.obj
 0001:000081af       ___acrt_thread_detach      100091af f   libucrt:initialization.obj
 0001:000081b7       ___acrt_uninitialize       100091b7 f   libucrt:initialization.obj
 0001:000081e7       ___acrt_uninitialize_critical 100091e7 f   libucrt:initialization.obj
 0001:000081f9       __initterm                 100091f9 f   libucrt:initterm.obj
 0001:00008224       __initterm_e               10009224 f   libucrt:initterm.obj
 0001:00008252       _terminate                 10009252 f   libucrt:terminate.obj
 0001:0000828e       ___acrt_initialize_new_handler 1000928e f   libucrt:new_handler.obj
 0001:0000829d       __callnewh                 1000929d f   libucrt:new_handler.obj
 0001:000082ca       __query_new_handler        100092ca f   libucrt:new_handler.obj
 0001:00008326       _abort                     10009326 f   libucrt:abort.obj
 0001:0000836a       _strcpy_s                  1000936a f   libucrt:strcpy_s.obj
 0001:000083c4       _calloc                    100093c4 f   libucrt:calloc.obj
 0001:000083d0       ?update_locale_slow@__crt_cached_ptd_host@@AAEXXZ 100093d0 f i libucrt:output.obj
 0001:00008430       _strncmp                   10009430 f   libucrt:strncmp.obj
 0001:000084a8       _wcsncmp                   100094a8 f   libucrt:wcsncmp.obj
 0001:000084e2       __free_base                100094e2 f   libucrt:free_base.obj
 0001:0000885a       ___acrt_freeptd            1000985a f   libucrt:per_thread_data.obj
 0001:00008886       ___acrt_getptd             10009886 f   libucrt:per_thread_data.obj
 0001:00008941       ___acrt_getptd_head        10009941 f   libucrt:per_thread_data.obj
 0001:000089d7       ___acrt_getptd_noexit      100099d7 f   libucrt:per_thread_data.obj
 0001:00008a88       ___acrt_getptd_noexit_explicit 10009a88 f   libucrt:per_thread_data.obj
 0001:00008b2b       ___acrt_initialize_ptd     10009b2b f   libucrt:per_thread_data.obj
 0001:00008b57       ___acrt_uninitialize_ptd   10009b57 f   libucrt:per_thread_data.obj
 0001:00008bdf       ___acrt_set_locale_changed 10009bdf f   libucrt:wsetlocale.obj
 0001:00008bea       ___acrt_uninitialize_locale 10009bea f   libucrt:wsetlocale.obj
 0001:00008c11       __malloc_base              10009c11 f   libucrt:malloc_base.obj
 0001:00008c5f       __msize_base               10009c5f f   libucrt:msize.obj
 0001:00008c92       __realloc_base             10009c92 f   libucrt:realloc_base.obj
 0001:00008cfb       ___acrt_initialize_locks   10009cfb f   libucrt:locks.obj
 0001:00008d3c       ___acrt_lock               10009d3c f   libucrt:locks.obj
 0001:00008d53       ___acrt_uninitialize_locks 10009d53 f   libucrt:locks.obj
 0001:00008d84       ___acrt_unlock             10009d84 f   libucrt:locks.obj
 0001:00008d9b       ___acrt_get_process_end_policy 10009d9b f   libucrt:win_policies.obj
 0001:00008dcc       __calloc_base              10009dcc f   libucrt:calloc_base.obj
 0001:00008e41       ??$__acrt_convert_wcs_mbs_cp@D_WV<lambda_62f6974d9771e494a5ea317cc32e971c>@@U__crt_win32_buffer_internal_dynamic_resizing@@@@YAHQBDAAV?$__crt_win32_buffer@_WU__crt_win32_buffer_internal_dynamic_resizing@@@@ABV<lambda_62f6974d9771e494a5ea317cc32e971c>@@I@Z 10009e41 f i libucrt:argv_wildcards.obj
 0001:00008ef3       ??$__acrt_convert_wcs_mbs_cp@_WDV<lambda_28bda7af82a03b66c1cb3803a755f95d>@@U__crt_win32_buffer_internal_dynamic_resizing@@@@YAHQB_WAAV?$__crt_win32_buffer@DU__crt_win32_buffer_internal_dynamic_resizing@@@@ABV<lambda_28bda7af82a03b66c1cb3803a755f95d>@@I@Z 10009ef3 f i libucrt:argv_wildcards.obj
 0001:00008fb9       ??$__acrt_mbs_to_wcs_cp@U__crt_win32_buffer_internal_dynamic_resizing@@@@YAHQBDAAV?$__crt_win32_buffer@_WU__crt_win32_buffer_internal_dynamic_resizing@@@@I@Z 10009fb9 f i libucrt:argv_wildcards.obj
 0001:00009489       ??0_LocaleUpdate@@QAE@QAU__crt_locale_pointers@@@Z 1000a489 f i libucrt:argv_wildcards.obj
 0001:00009534       ??R<lambda_28bda7af82a03b66c1cb3803a755f95d>@@QBEHIQB_WQADI@Z 1000a534 f i libucrt:argv_wildcards.obj
 0001:00009534       ??R<lambda_0fec1a7b3f42a53036604e18c2d5e07e>@@QBEHIQB_WQADI@Z 1000a534 f i libucrt:getmodulefilenamea.obj
 0001:00009558       ?__acrt_get_utf8_acp_compatibility_codepage@@YAIXZ 1000a558 f i libucrt:argv_wildcards.obj
 0001:00009597       ?_deallocate@?$__crt_win32_buffer@DU__crt_win32_buffer_internal_dynamic_resizing@@@@AAEXXZ 1000a597 f i libucrt:argv_wildcards.obj
 0001:00009597       ?_deallocate@?$__crt_win32_buffer@_WU__crt_win32_buffer_internal_dynamic_resizing@@@@AAEXXZ 1000a597 f i libucrt:argv_wildcards.obj
 0001:000095b1       ?allocate@?$__crt_win32_buffer@DU__crt_win32_buffer_internal_dynamic_resizing@@@@QAEHI@Z 1000a5b1 f i libucrt:argv_wildcards.obj
 0001:000095ed       ?allocate@?$__crt_win32_buffer@_WU__crt_win32_buffer_internal_dynamic_resizing@@@@QAEHI@Z 1000a5ed f i libucrt:argv_wildcards.obj
 0001:0000962c       ?allocate@__crt_win32_buffer_internal_dynamic_resizing@@SAHQAPAXIABV__crt_win32_buffer_empty_debug_info@@@Z 1000a62c f i libucrt:argv_wildcards.obj
 0001:000096d2       ___acrt_expand_narrow_argv_wildcards 1000a6d2 f   libucrt:argv_wildcards.obj
 0001:000096dd       ??$__acrt_convert_wcs_mbs_cp@_WDV<lambda_0fec1a7b3f42a53036604e18c2d5e07e>@@U__crt_win32_buffer_no_resizing@@@@YAHQB_WAAV?$__crt_win32_buffer@DU__crt_win32_buffer_no_resizing@@@@ABV<lambda_0fec1a7b3f42a53036604e18c2d5e07e>@@I@Z 1000a6dd f i libucrt:getmodulefilenamea.obj
 0001:0000979f       ?allocate@?$__crt_win32_buffer@DU__crt_win32_buffer_no_resizing@@@@QAEHI@Z 1000a79f f i libucrt:getmodulefilenamea.obj
 0001:000097c6       ?set_to_nullptr@?$__crt_win32_buffer@DU__crt_win32_buffer_no_resizing@@@@QAEXXZ 1000a7c6 f i libucrt:getmodulefilenamea.obj
 0001:000097da       ___acrt_GetModuleFileNameA 1000a7da f   libucrt:getmodulefilenamea.obj
 0001:00009dfe       ___acrt_initialize_multibyte 1000adfe f   libucrt:mbctype.obj
 0001:00009e46       ___acrt_update_thread_multibyte_data 1000ae46 f   libucrt:mbctype.obj
 0001:00009e59       __setmbcp_nolock           1000ae59 f   libucrt:mbctype.obj
 0001:0000a132       __ismbblead                1000b132 f   libucrt:ismbbyte.obj
 0001:0000a14a       ___acrt_initialize_command_line 1000b14a f   libucrt:argv_data.obj
 0001:0000a163       ___acrt_MultiByteToWideChar 1000b163 f   libucrt:multibytetowidechar.obj
 0001:0000a1df       ___acrt_WideCharToMultiByte 1000b1df f   libucrt:widechartomultibyte.obj
 0001:0000a2cd       ___dcrt_get_narrow_environment_from_os 1000b2cd f   libucrt:get_environment_from_os.obj
 0001:0000a509       ___acrt_AppPolicyGetProcessTerminationMethodInternal@4 1000b509 f   libucrt:winapi_thunks.obj
 0001:0000a549       ___acrt_AreFileApisANSI@0  1000b549 f   libucrt:winapi_thunks.obj
 0001:0000a568       ___acrt_FlsAlloc@4         1000b568 f   libucrt:winapi_thunks.obj
 0001:0000a5a7       ___acrt_FlsFree@4          1000b5a7 f   libucrt:winapi_thunks.obj
 0001:0000a5e6       ___acrt_FlsGetValue@4      1000b5e6 f   libucrt:winapi_thunks.obj
 0001:0000a625       ___acrt_FlsSetValue@8      1000b625 f   libucrt:winapi_thunks.obj
 0001:0000a667       ___acrt_InitializeCriticalSectionEx@12 1000b667 f   libucrt:winapi_thunks.obj
 0001:0000a6b2       ___acrt_LCMapStringEx@36   1000b6b2 f   libucrt:winapi_thunks.obj
 0001:0000a70f       ___acrt_LocaleNameToLCID@8 1000b70f f   libucrt:winapi_thunks.obj
 0001:0000a740       ___acrt_initialize_winapi_thunks 1000b740 f   libucrt:winapi_thunks.obj
 0001:0000a754       ___acrt_uninitialize_winapi_thunks 1000b754 f   libucrt:winapi_thunks.obj
 0001:0000a78a       ___acrt_initialize_heap    1000b78a f   libucrt:heap_handle.obj
 0001:0000a79b       ___acrt_uninitialize_heap  1000b79b f   libucrt:heap_handle.obj
 0001:0000a90b       ___acrt_initialize_lowio   1000b90b f   libucrt:ioinit.obj
 0001:0000a96b       ___acrt_uninitialize_lowio 1000b96b f   libucrt:ioinit.obj
 0001:0000a997       ___acrt_execute_initializers 1000b997 f   libucrt:shared_initialization.obj
 0001:0000a9ff       ___acrt_execute_uninitializers 1000b9ff f   libucrt:shared_initialization.obj
 0001:0000aafe       ___acrt_get_sigabrt_handler 1000bafe f   libucrt:signal.obj
 0001:0000ab25       ___acrt_initialize_signal_handlers 1000bb25 f   libucrt:signal.obj
 0001:0000ab43       _raise                     1000bb43 f   libucrt:signal.obj
 0001:0000ad36       ___acrt_has_user_matherr   1000bd36 f   libucrt:matherr.obj
 0001:0000ad4e       ___acrt_initialize_user_matherr 1000bd4e f   libucrt:matherr.obj
 0001:0000ad5d       ___acrt_invoke_user_matherr 1000bd5d f   libucrt:matherr.obj
 0001:0000af6c       ___acrt_stdio_flush_nolock 1000bf6c f   libucrt:fflush.obj
 0001:0000afd5       __fflush_nolock            1000bfd5 f   libucrt:fflush.obj
 0001:0000b03a       __flushall                 1000c03a f   libucrt:fflush.obj
 0001:0000b043       ___acrt_initialize_stdio   1000c043 f   libucrt:_file.obj
 0001:0000b10b       ___acrt_uninitialize_stdio 1000c10b f   libucrt:_file.obj
 0001:0000b157       __lock_file                1000c157 f   libucrt:_file.obj
 0001:0000b16b       __unlock_file              1000c16b f   libucrt:_file.obj
 0001:0000b17f       ___acrt_update_locale_info 1000c17f f   libucrt:locale_update.obj
 0001:0000b1ac       ___acrt_update_locale_info_explicit 1000c1ac f   libucrt:locale_update.obj
 0001:0000b1dd       ___acrt_update_multibyte_info 1000c1dd f   libucrt:locale_update.obj
 0001:0000b20a       ___acrt_update_multibyte_info_explicit 1000c20a f   libucrt:locale_update.obj
 0001:0000b23b       __mbtowc_internal          1000c23b f   libucrt:mbtowc.obj
 0001:0000b36e       __fileno                   1000c36e f   libucrt:fileno.obj
 0001:0000b395       ___acrt_add_locale_ref     1000c395 f   libucrt:locale_refcounting.obj
 0001:0000b412       ___acrt_free_locale        1000c412 f   libucrt:locale_refcounting.obj
 0001:0000b55a       ___acrt_locale_add_lc_time_reference 1000c55a f   libucrt:locale_refcounting.obj
 0001:0000b583       ___acrt_locale_free_lc_time_if_unreferenced 1000c583 f   libucrt:locale_refcounting.obj
 0001:0000b5b4       ___acrt_locale_release_lc_time_reference 1000c5b4 f   libucrt:locale_refcounting.obj
 0001:0000b5dd       ___acrt_release_locale_ref 1000c5dd f   libucrt:locale_refcounting.obj
 0001:0000b65e       ___acrt_update_thread_locale_data 1000c65e f   libucrt:locale_refcounting.obj
 0001:0000b6df       __updatetlocinfoEx_nolock  1000c6df f   libucrt:locale_refcounting.obj
 0001:0000b72f       ___acrt_locale_free_monetary 1000c72f f   libucrt:initmon.obj
 0001:0000b82d       ___acrt_locale_free_numeric 1000c82d f   libucrt:initnum.obj
 0001:0000b8bb       ___acrt_locale_free_time   1000c8bb f   libucrt:inittime.obj
 0001:0000b99f       ___acrt_GetStringTypeA     1000c99f f   libucrt:getstringtypea.obj
 0001:0000baa8       __freea_crt                1000caa8 f i libucrt:getstringtypea.obj
 0001:0000bac8       __query_new_mode           1000cac8 f   libucrt:new_mode.obj
 0001:0000bad0       _qsort                     1000cad0 f   libucrt:qsort.obj
 0001:0000c075       _strncpy_s                 1000d075 f   libucrt:strncpy_s.obj
 0001:0000c080       _strpbrk                   1000d080 f   libucrt:strpbrk.obj
 0001:0000c0c0       __mbsdec                   1000d0c0 f   libucrt:mbsdec.obj
 0001:0000c0d7       __mbsdec_l                 1000d0d7 f   libucrt:mbsdec.obj
 0001:0000c352       ___acrt_LCMapStringA       1000d352 f   libucrt:lcmapstringa.obj
 0001:0000c3fa       ___acrt_DownlevelLocaleNameToLCID 1000d3fa f   libucrt:lcidtoname_downlevel.obj
 0001:0000c426       ___acrt_lowio_create_handle_array 1000d426 f   libucrt:osfinfo.obj
 0001:0000c4a1       ___acrt_lowio_destroy_handle_array 1000d4a1 f   libucrt:osfinfo.obj
 0001:0000c4d6       ___acrt_lowio_ensure_fh_exists 1000d4d6 f   libucrt:osfinfo.obj
 0001:0000c574       ___acrt_lowio_lock_fh      1000d574 f   libucrt:osfinfo.obj
 0001:0000c597       ___acrt_lowio_unlock_fh    1000d597 f   libucrt:osfinfo.obj
 0001:0000c5ba       __free_osfhnd              1000d5ba f   libucrt:osfinfo.obj
 0001:0000c64b       __get_osfhandle            1000d64b f   libucrt:osfinfo.obj
 0001:0000c757       __commit                   1000d757 f   libucrt:commit.obj
 0001:0000cf82       __write_internal           1000df82 f   libucrt:write.obj
 0001:0000d08a       __write_nolock             1000e08a f   libucrt:write.obj
 0001:0000d28a       __fcloseall                1000e28a f   libucrt:closeall.obj
 0001:0000d335       ___acrt_stdio_free_buffer_nolock 1000e335 f   libucrt:_freebuf.obj
 0001:0000d375       __isatty                   1000e375 f   libucrt:isatty.obj
 0001:0000d3cb       _fegetround                1000e3cb f   libucrt:fegetround.obj
 0001:0000d404       ?__mbrtowc_utf8@__crt_mbstring@@YAIPA_WPBDIPAU_Mbstatet@@AAV__crt_cached_ptd_host@@@Z 1000e404 f   libucrt:mbrtowc.obj
 0001:0000d447       ?__mbsrtowcs_utf8@__crt_mbstring@@YAIPA_WPAPBDIPAU_Mbstatet@@AAV__crt_cached_ptd_host@@@Z 1000e447 f   libucrt:mbrtowc.obj
 0001:0000d54f       ___ascii_wcsnicmp          1000e54f f   libucrt:wcsnicmp.obj
 0001:0000d59e       ___strncnt                 1000e59e f   libucrt:strncnt.obj
 0001:0000d5ba       __query_app_type           1000e5ba f   libucrt:report_runtime_error.obj
 0001:0000d643       __lseeki64_nolock_internal 1000e643 f   libucrt:lseek.obj
 0001:0000d661       __putwch_nolock            1000e661 f   libucrt:putwch.obj
 0001:0000d7b8       _fclose                    1000e7b8 f   libucrt:fclose.obj
 0001:0000d7f0       __CIlog10                  1000e7f0 f   libucrt:log10_impl.obj
 0001:0000d82b       __CIlog10_default          1000e82b f   libucrt:log10_impl.obj
 0001:0000d83f       __log10_default            1000e83f     libucrt:log10_impl.obj
 0001:0000d900       _ceil                      1000e900 f   libucrt:ceil_pentium4.obj
 0001:0000d940       __ceil_pentium4            1000e940 f   libucrt:ceil_pentium4.obj
 0001:0000db7a       ___acrt_fenv_get_common_round_control 1000eb7a f   libucrt:_fenvutils.obj
 0001:0000db9c       ___acrt_fenv_get_control   1000eb9c f   libucrt:_fenvutils.obj
 0001:0000dc1c       ?reset_and_return@__crt_mbstring@@YAIIPAU_Mbstatet@@@Z 1000ec1c f   libucrt:common_utf8.obj
 0001:0000dc30       ?return_illegal_sequence@__crt_mbstring@@YAIPAU_Mbstatet@@AAV__crt_cached_ptd_host@@@Z 1000ec30 f   libucrt:common_utf8.obj
 0001:0000dc52       ?__mbrtoc32_utf8@__crt_mbstring@@YAIPA_UPBDIPAU_Mbstatet@@AAV__crt_cached_ptd_host@@@Z 1000ec52 f   libucrt:mbrtoc32.obj
 0001:0000de10       ___ascii_strnicmp          1000ee10 f   libucrt:_strnicm.obj
 0001:0000de90       ___dcrt_lowio_ensure_console_output_initialized 1000ee90 f   libucrt:initcon.obj
 0001:0000deaf       ___dcrt_terminate_console_output 1000eeaf f   libucrt:initcon.obj
 0001:0000dec6       ___dcrt_write_console      1000eec6 f   libucrt:initcon.obj
 0001:0000dfac       __close_internal           1000efac f   libucrt:close.obj
 0001:0000e04f       __close_nolock_internal    1000f04f f   libucrt:close.obj
 0001:0000e0ef       ?__acrt_stdio_free_stream@@YAXV__crt_stdio_stream@@@Z 1000f0ef f   libucrt:stream.obj
 0001:0000e12a       ___acrt_initialize_sse2    1000f12a f   libucrt:mathfcns.obj
 0001:0000e140       __CIlog10_pentium4         1000f140 f   libucrt:log10_pentium4.obj
 0001:0000e158       __log10_pentium4           1000f158     libucrt:log10_pentium4.obj
 0001:0000e3f0       __fFEXP                    1000f3f0 f   libucrt:87tran.obj
 0001:0000e447       __rtinfpopse               1000f447     libucrt:87tran.obj
 0001:0000e449       __rtinfnpopse              1000f449     libucrt:87tran.obj
 0001:0000e459       __fFLN                     1000f459     libucrt:87tran.obj
 0001:0000e50e       __rtinfpop                 1000f50e     libucrt:87tran.obj
 0001:0000e510       __rtinfnpop                1000f510     libucrt:87tran.obj
 0001:0000e520       __rtforexpinf              1000f520 f   libucrt:87tran.obj
 0001:0000e52d       __ffexpm1                  1000f52d     libucrt:87tran.obj
 0001:0000e5e0       __trandisp1                1000f5e0 f   libucrt:87disp.obj
 0001:0000e655       __trandisp2                1000f655 f   libucrt:87disp.obj
 0001:0000e6ef       __rttospopde               1000f6ef     libucrt:87disp.obj
 0001:0000e6f4       __rttospop                 1000f6f4     libucrt:87disp.obj
 0001:0000e700       __rtnospop                 1000f700 f   libucrt:87disp.obj
 0001:0000e710       __rttosnpop                1000f710 f   libucrt:87disp.obj
 0001:0000e711       __rtnospopde               1000f711     libucrt:87disp.obj
 0001:0000e718       __rtzeropop                1000f718     libucrt:87disp.obj
 0001:0000e71a       __rtzeronpop               1000f71a     libucrt:87disp.obj
 0001:0000e720       __rtzerospop               1000f720 f   libucrt:87disp.obj
 0001:0000e72d       __rtonepop                 1000f72d     libucrt:87disp.obj
 0001:0000e730       __rtonenpop                1000f730 f   libucrt:87disp.obj
 0001:0000e740       __tosnan1                  1000f740 f   libucrt:87disp.obj
 0001:0000e770       __nosnan2                  1000f770 f   libucrt:87disp.obj
 0001:0000e780       __tosnan2                  1000f780 f   libucrt:87disp.obj
 0001:0000e7b0       __nan2                     1000f7b0 f   libucrt:87disp.obj
 0001:0000e7f0       __rtindfpop                1000f7f0 f   libucrt:87disp.obj
 0001:0000e7f2       __rtindfnpop               1000f7f2     libucrt:87disp.obj
 0001:0000e803       __rttosnpopde              1000f803     libucrt:87disp.obj
 0001:0000e810       __rtatan2inf               1000f810 f   libucrt:87disp.obj
 0001:0000e82d       __rtchsifneg               1000f82d     libucrt:87disp.obj
 0001:0000e840       __twoToTOS                 1000f840 f   libucrt:common.obj
 0001:0000e855       __load_CW                  1000f855 f   libucrt:common.obj
 0001:0000e86c       __convertTOStoQNaN         1000f86c f   libucrt:common.obj
 0001:0000e885       __fload_withFB             1000f885 f   libucrt:common.obj
 0001:0000e8c8       __checkTOS_withFB          1000f8c8 f   libucrt:common.obj
 0001:0000e8de       __fast_exit                1000f8de f   libucrt:common.obj
 0001:0000e8eb       __math_exit                1000f8eb f   libucrt:common.obj
 0001:0000e915       __check_overflow_exit      1000f915 f   libucrt:common.obj
 0001:0000e929       __check_range_exit         1000f929 f   libucrt:common.obj
 0001:0000e9d0       __startTwoArgErrorHandling 1000f9d0 f   libucrt:genexcep.obj
 0001:0000e9e7       __startOneArgErrorHandling 1000f9e7 f   libucrt:genexcep.obj
 0001:0000ea23       ___libm_error_support      1000fa23 f   libucrt:libm_error.obj
 0001:0000ec17       __ceil_default             1000fc17 f   libucrt:ceil.obj
 0001:0000eccc       __clrfp                    1000fccc f   libucrt:fpctrl.obj
 0001:0000ecdd       __ctrlfp                   1000fcdd f   libucrt:fpctrl.obj
 0001:0000ed07       __set_statfp               1000fd07 f   libucrt:fpctrl.obj
 0001:0000ed60       __statfp                   1000fd60 f   libucrt:fpctrl.obj
 0001:0000ed70       __d_inttype                1000fd70 f   libucrt:powhlp.obj
 0001:0000edd8       __powhlp                   1000fdd8 f   libucrt:powhlp.obj
 0001:0000ef03       __87except                 1000ff03 f   libucrt:87except.obj
 0001:0000f00d       __frnd                     1001000d f   libucrt:frnd.obj
 0001:0000f021       __errcode                  10010021 f   libucrt:fpexcept.obj
 0001:0000f055       __except1                  10010055 f   libucrt:fpexcept.obj
 0001:0000f123       __handle_exc               10010123 f   libucrt:fpexcept.obj
 0001:0000f39c       __raise_exc                1001039c f   libucrt:fpexcept.obj
 0001:0000f3bf       __raise_exc_ex             100103bf f   libucrt:fpexcept.obj
 0001:0000f6b5       __set_errno_from_matherr   100106b5 f   libucrt:fpexcept.obj
 0001:0000f6e4       __umatherr                 100106e4 f   libucrt:fpexcept.obj
 0001:0000f784       __decomp                   10010784 f   libucrt:util.obj
 0001:0000f856       __set_exp                  10010856 f   libucrt:util.obj
 0001:0000f883       __sptype                   10010883 f   libucrt:util.obj
 0001:0000f8e1       __fpclass                  100108e1 f   libucrt:ieeemisc.obj
 0001:0000f990       __FindPESection            10010990 f   LIBCMT:pesect.obj
 0001:0000f9e0       __IsNonwritableInCurrentImage 100109e0 f   LIBCMT:pesect.obj
 0001:0000faa0       __ValidateImageBase        10010aa0 f   LIBCMT:pesect.obj
 0001:0000fad1       __EH_epilog3               10010ad1 f   LIBCMT:ehprolg3.obj
 0001:0000fae5       __EH_prolog3               10010ae5 f   LIBCMT:ehprolg3.obj
 0001:0000fb18       __EH_prolog3_catch         10010b18 f   LIBCMT:ehprolg3.obj
 0001:0000fb50       __alloca_probe_16          10010b50 f   LIBCMT:alloca16.obj
 0001:0000fb66       __alloca_probe_8           10010b66     LIBCMT:alloca16.obj
 0001:0000fb80       __filter_x86_sse2_floating_point_exception 10010b80 f   LIBCMT:x86_exception_filter.obj
 0001:0000fb80       __filter_x86_sse2_floating_point_exception_default 10010b80 f   LIBCMT:x86_exception_filter.obj
 0002:00000000       __imp__RegQueryInfoKeyW@48 10011000     advapi32:ADVAPI32.dll
 0002:00000004       __imp__RegOpenKeyExW@20    10011004     advapi32:ADVAPI32.dll
 0002:00000008       __imp__RegEnumKeyExW@32    10011008     advapi32:ADVAPI32.dll
 0002:0000000c       __imp__RegDeleteValueW@8   1001100c     advapi32:ADVAPI32.dll
 0002:00000010       __imp__RegDeleteKeyW@8     10011010     advapi32:ADVAPI32.dll
 0002:00000014       __imp__RegCreateKeyExW@36  10011014     advapi32:ADVAPI32.dll
 0002:00000018       __imp__RegCloseKey@4       10011018     advapi32:ADVAPI32.dll
 0002:0000001c       __imp__RegSetValueExW@24   1001101c     advapi32:ADVAPI32.dll
 0002:00000020       \177ADVAPI32_NULL_THUNK_DATA 10011020     advapi32:ADVAPI32.dll
 0002:00000024       __imp__FreeLibrary@4       10011024     kernel32:KERNEL32.dll
 0002:00000028       __imp__GetModuleFileNameW@12 10011028     kernel32:KERNEL32.dll
 0002:0000002c       __imp__GetModuleHandleW@4  1001102c     kernel32:KERNEL32.dll
 0002:00000030       __imp__GetProcAddress@8    10011030     kernel32:KERNEL32.dll
 0002:00000034       __imp__LoadLibraryExW@12   10011034     kernel32:KERNEL32.dll
 0002:00000038       __imp__LoadResource@8      10011038     kernel32:KERNEL32.dll
 0002:0000003c       __imp__DisableThreadLibraryCalls@4 1001103c     kernel32:KERNEL32.dll
 0002:00000040       __imp__FindResourceW@12    10011040     kernel32:KERNEL32.dll
 0002:00000044       __imp__lstrcmpiW@8         10011044     kernel32:KERNEL32.dll
 0002:00000048       __imp__MultiByteToWideChar@24 10011048     kernel32:KERNEL32.dll
 0002:0000004c       __imp__CloseHandle@4       1001104c     kernel32:KERNEL32.dll
 0002:00000050       __imp__CreateFileW@28      10011050     kernel32:KERNEL32.dll
 0002:00000054       __imp__LeaveCriticalSection@4 10011054     kernel32:KERNEL32.dll
 0002:00000058       __imp__EnterCriticalSection@4 10011058     kernel32:KERNEL32.dll
 0002:0000005c       __imp__EncodePointer@4     1001105c     kernel32:KERNEL32.dll
 0002:00000060       __imp__DeleteCriticalSection@4 10011060     kernel32:KERNEL32.dll
 0002:00000064       __imp__InitializeCriticalSectionEx@12 10011064     kernel32:KERNEL32.dll
 0002:00000068       __imp__GetLastError@0      10011068     kernel32:KERNEL32.dll
 0002:0000006c       __imp__RaiseException@16   1001106c     kernel32:KERNEL32.dll
 0002:00000070       __imp__SizeofResource@8    10011070     kernel32:KERNEL32.dll
 0002:00000074       __imp__DecodePointer@4     10011074     kernel32:KERNEL32.dll
 0002:00000078       __imp__SetFilePointerEx@20 10011078     kernel32:KERNEL32.dll
 0002:0000007c       __imp__GetConsoleMode@8    1001107c     kernel32:KERNEL32.dll
 0002:00000080       __imp__GetConsoleOutputCP@0 10011080     kernel32:KERNEL32.dll
 0002:00000084       __imp__WriteFile@20        10011084     kernel32:KERNEL32.dll
 0002:00000088       __imp__FlushFileBuffers@4  10011088     kernel32:KERNEL32.dll
 0002:0000008c       __imp__SetStdHandle@8      1001108c     kernel32:KERNEL32.dll
 0002:00000090       __imp__GetStringTypeW@16   10011090     kernel32:KERNEL32.dll
 0002:00000094       __imp__GetFileType@4       10011094     kernel32:KERNEL32.dll
 0002:00000098       __imp__GetStdHandle@4      10011098     kernel32:KERNEL32.dll
 0002:0000009c       __imp__GetProcessHeap@0    1001109c     kernel32:KERNEL32.dll
 0002:000000a0       __imp__IsDebuggerPresent@0 100110a0     kernel32:KERNEL32.dll
 0002:000000a4       __imp__OutputDebugStringW@4 100110a4     kernel32:KERNEL32.dll
 0002:000000a8       __imp__UnhandledExceptionFilter@4 100110a8     kernel32:KERNEL32.dll
 0002:000000ac       __imp__SetUnhandledExceptionFilter@4 100110ac     kernel32:KERNEL32.dll
 0002:000000b0       __imp__GetCurrentProcess@0 100110b0     kernel32:KERNEL32.dll
 0002:000000b4       __imp__TerminateProcess@8  100110b4     kernel32:KERNEL32.dll
 0002:000000b8       __imp__IsProcessorFeaturePresent@4 100110b8     kernel32:KERNEL32.dll
 0002:000000bc       __imp__GetStartupInfoW@4   100110bc     kernel32:KERNEL32.dll
 0002:000000c0       __imp__QueryPerformanceCounter@4 100110c0     kernel32:KERNEL32.dll
 0002:000000c4       __imp__GetCurrentProcessId@0 100110c4     kernel32:KERNEL32.dll
 0002:000000c8       __imp__GetCurrentThreadId@0 100110c8     kernel32:KERNEL32.dll
 0002:000000cc       __imp__GetSystemTimeAsFileTime@4 100110cc     kernel32:KERNEL32.dll
 0002:000000d0       __imp__InitializeSListHead@4 100110d0     kernel32:KERNEL32.dll
 0002:000000d4       __imp__RtlUnwind@16        100110d4     kernel32:KERNEL32.dll
 0002:000000d8       __imp__InterlockedFlushSList@4 100110d8     kernel32:KERNEL32.dll
 0002:000000dc       __imp__SetLastError@4      100110dc     kernel32:KERNEL32.dll
 0002:000000e0       __imp__InitializeCriticalSectionAndSpinCount@8 100110e0     kernel32:KERNEL32.dll
 0002:000000e4       __imp__TlsAlloc@0          100110e4     kernel32:KERNEL32.dll
 0002:000000e8       __imp__TlsGetValue@4       100110e8     kernel32:KERNEL32.dll
 0002:000000ec       __imp__TlsSetValue@8       100110ec     kernel32:KERNEL32.dll
 0002:000000f0       __imp__TlsFree@4           100110f0     kernel32:KERNEL32.dll
 0002:000000f4       __imp__ExitProcess@4       100110f4     kernel32:KERNEL32.dll
 0002:000000f8       __imp__GetModuleHandleExW@12 100110f8     kernel32:KERNEL32.dll
 0002:000000fc       __imp__HeapFree@12         100110fc     kernel32:KERNEL32.dll
 0002:00000100       __imp__HeapAlloc@12        10011100     kernel32:KERNEL32.dll
 0002:00000104       __imp__HeapSize@12         10011104     kernel32:KERNEL32.dll
 0002:00000108       __imp__HeapReAlloc@16      10011108     kernel32:KERNEL32.dll
 0002:0000010c       __imp__FindClose@4         1001110c     kernel32:KERNEL32.dll
 0002:00000110       __imp__FindFirstFileExW@24 10011110     kernel32:KERNEL32.dll
 0002:00000114       __imp__FindNextFileW@8     10011114     kernel32:KERNEL32.dll
 0002:00000118       __imp__IsValidCodePage@4   10011118     kernel32:KERNEL32.dll
 0002:0000011c       __imp__GetACP@0            1001111c     kernel32:KERNEL32.dll
 0002:00000120       __imp__GetOEMCP@0          10011120     kernel32:KERNEL32.dll
 0002:00000124       __imp__GetCPInfo@8         10011124     kernel32:KERNEL32.dll
 0002:00000128       __imp__GetCommandLineA@0   10011128     kernel32:KERNEL32.dll
 0002:0000012c       __imp__GetCommandLineW@0   1001112c     kernel32:KERNEL32.dll
 0002:00000130       __imp__WideCharToMultiByte@32 10011130     kernel32:KERNEL32.dll
 0002:00000134       __imp__GetEnvironmentStringsW@0 10011134     kernel32:KERNEL32.dll
 0002:00000138       __imp__FreeEnvironmentStringsW@4 10011138     kernel32:KERNEL32.dll
 0002:0000013c       __imp__LCMapStringW@24     1001113c     kernel32:KERNEL32.dll
 0002:00000140       __imp__WriteConsoleW@20    10011140     kernel32:KERNEL32.dll
 0002:00000144       \177KERNEL32_NULL_THUNK_DATA 10011144     kernel32:KERNEL32.dll
 0002:00000148       __imp__LoadTypeLib@8       10011148     oleaut32:OLEAUT32.dll
 0002:0000014c       __imp__UnRegisterTypeLib@20 1001114c     oleaut32:OLEAUT32.dll
 0002:00000150       __imp__SysStringLen@4      10011150     oleaut32:OLEAUT32.dll
 0002:00000154       __imp__SysAllocString@4    10011154     oleaut32:OLEAUT32.dll
 0002:00000158       __imp__SysFreeString@4     10011158     oleaut32:OLEAUT32.dll
 0002:0000015c       __imp__VarUI4FromStr@16    1001115c     oleaut32:OLEAUT32.dll
 0002:00000160       __imp__RegisterTypeLib@12  10011160     oleaut32:OLEAUT32.dll
 0002:00000164       \177OLEAUT32_NULL_THUNK_DATA 10011164     oleaut32:OLEAUT32.dll
 0002:00000168       __imp__CharNextW@4         10011168     user32:USER32.dll
 0002:0000016c       \177USER32_NULL_THUNK_DATA 1001116c     user32:USER32.dll
 0002:00000170       __imp__CoTaskMemRealloc@8  10011170     ole32:ole32.dll
 0002:00000174       __imp__CoCreateInstance@20 10011174     ole32:ole32.dll
 0002:00000178       __imp__StringFromGUID2@12  10011178     ole32:ole32.dll
 0002:0000017c       __imp__CoTaskMemAlloc@4    1001117c     ole32:ole32.dll
 0002:00000180       __imp__CoTaskMemFree@4     10011180     ole32:ole32.dll
 0002:00000184       \177ole32_NULL_THUNK_DATA  10011184     ole32:ole32.dll
 0002:00000188       ___guard_check_icall_fptr  10011188     LIBCMT:guard_support.obj
 0002:0000018c       ___castguard_check_failure_os_handled_fptr 1001118c     LIBCMT:guard_support.obj
 0002:00000190       ___xc_a                    10011190     LIBCMT:initializers.obj
 0002:000001a0       ___xc_z                    100111a0     LIBCMT:initializers.obj
 0002:000001a4       ___xi_a                    100111a4     LIBCMT:initializers.obj
 0002:000001a8       ___acrt_multibyte_initializer 100111a8     libucrt:multibyte_initializer.obj
 0002:000001ac       ___acrt_stdio_initializer  100111ac     libucrt:stdio_initializer.obj
 0002:000001b0       ___acrt_tran_sse2_initializer 100111b0     libucrt:sse2_initializer.obj
 0002:000001b4       ___xi_z                    100111b4     LIBCMT:initializers.obj
 0002:000001b8       ___xp_a                    100111b8     LIBCMT:initializers.obj
 0002:000001bc       ___acrt_locale_terminator  100111bc     libucrt:locale_initializer.obj
 0002:000001c0       ___dcrt_console_output_terminator 100111c0     libucrt:console_output_initializer.obj
 0002:000001c4       ___acrt_stdio_terminator   100111c4     libucrt:stdio_initializer.obj
 0002:000001c8       ___xp_z                    100111c8     LIBCMT:initializers.obj
 0002:000001cc       ___xt_a                    100111cc     LIBCMT:initializers.obj
 0002:000001d0       ___xt_z                    100111d0     LIBCMT:initializers.obj
 0002:000001e0       ??_C@_13HADIAKP@?$AAS@     100111e0     StdAfx.obj
 0002:000001e4       ??_C@_13LHMFKAAD@?$AAM@    100111e4     StdAfx.obj
 0002:000001e8       ??_C@_13MKMNOPIJ@?$AAD@    100111e8     StdAfx.obj
 0002:000001ec       ??_C@_13OPKGLAFF@?$AAB@    100111ec     StdAfx.obj
 0002:000001f0       ??_C@_17LLMMEOJD@?$AAV?$AAa?$AAl@ 100111f0     StdAfx.obj
 0002:000001f8       ??_C@_1BI@JFAIJMHL@?$AAF?$AAo?$AAr?$AAc?$AAe?$AAR?$AAe?$AAm?$AAo?$AAv?$AAe@ 100111f8     StdAfx.obj
 0002:00000210       ??_C@_1BC@GCKHIPE@?$AAN?$AAo?$AAR?$AAe?$AAm?$AAo?$AAv?$AAe@ 10011210     StdAfx.obj
 0002:00000224       ??_C@_1O@JDLOHAN@?$AAD?$AAe?$AAl?$AAe?$AAt?$AAe@ 10011224     StdAfx.obj
 0002:00000234       ??_C@_1BK@BIGILECK@?$AAA?$AAd?$AAv?$AAa?$AAp?$AAi?$AA3?$AA2?$AA?4?$AAd?$AAl?$AAl@ 10011234     OposConstants.obj
 0002:00000250       ??_C@_0BI@MNCFCPFK@RegCreateKeyTransactedW@ 10011250     OposConstants.obj
 0002:00000268       __GUID_00000146_0000_0000_c000_000000000046 10011268     OposConstants.obj
 0002:00000278       ??_7CComModule@ATL@@6B@    10011278     OposConstants.obj
 0002:000002a0       _LIBID_OPOSCONSTANTSLib    100112a0     OposConstants.obj
 0002:000002b0       ??_C@_1M@KANJNLFF@?$AAC?$AAL?$AAS?$AAI?$AAD@ 100112b0     OposConstants.obj
 0002:000002bc       ??_C@_1M@EJNEECMJ@?$AAA?$AAp?$AAp?$AAI?$AAD@ 100112bc     OposConstants.obj
 0002:000002c8       ?rgszNeverDelete@CRegParser@ATL@@1QBQB_WB 100112c8     OposConstants.obj
 0002:000002f8       ??_C@_1M@PPPPCDEP@?$AAA?$AAP?$AAP?$AAI?$AAD@ 100112f8     OposConstants.obj
 0002:00000304       ??_7CRegObject@ATL@@6B@    10011304     OposConstants.obj
 0002:0000031c       ??_C@_1CK@OEKPKBNA@?$AAC?$AAo?$AAm?$AAp?$AAo?$AAn?$AAe?$AAn?$AAt?$AA?5?$AAC?$AAa?$AAt?$AAe?$AAg@ 1001131c     OposConstants.obj
 0002:00000348       ??_C@_1BC@NKMMNMGL@?$AAF?$AAi?$AAl?$AAe?$AAT?$AAy?$AAp?$AAe@ 10011348     OposConstants.obj
 0002:0000035c       ??_C@_1BE@EKPAFMCP@?$AAI?$AAn?$AAt?$AAe?$AAr?$AAf?$AAa?$AAc?$AAe@ 1001135c     OposConstants.obj
 0002:00000370       ??_C@_1BC@MAICEHGI@?$AAH?$AAa?$AAr?$AAd?$AAw?$AAa?$AAr?$AAe@ 10011370     OposConstants.obj
 0002:00000384       ??_C@_19HLLLM@?$AAM?$AAi?$AAm?$AAe@ 10011384     OposConstants.obj
 0002:00000390       ??_C@_17OMAOINJK@?$AAS?$AAA?$AAM@ 10011390     OposConstants.obj
 0002:00000398       ??_C@_1BC@IBECJAAI@?$AAS?$AAE?$AAC?$AAU?$AAR?$AAI?$AAT?$AAY@ 10011398     OposConstants.obj
 0002:000003ac       ??_C@_1O@GBFINDKL@?$AAS?$AAY?$AAS?$AAT?$AAE?$AAM@ 100113ac     OposConstants.obj
 0002:000003bc       ??_C@_1BC@EAHCMADO@?$AAS?$AAo?$AAf?$AAt?$AAw?$AAa?$AAr?$AAe@ 100113bc     OposConstants.obj
 0002:000003d0       ??_C@_1BA@JIHHIEDE@?$AAT?$AAy?$AAp?$AAe?$AAL?$AAi?$AAb@ 100113d0     OposConstants.obj
 0002:000003e0       ?map@?1??HKeyFromString@CRegParser@ATL@@KAPAUHKEY__@@PA_W@Z@4QBUkeymap@?1??123@KAPAU4@0@Z@B 100113e0     OposConstants.obj
 0002:00000450       ??_C@_19NCHLBIN@?$AAH?$AAK?$AAC?$AAR@ 10011450     OposConstants.obj
 0002:0000045c       ??_C@_19JAPAIJDE@?$AAH?$AAK?$AAC?$AAU@ 1001145c     OposConstants.obj
 0002:00000468       ??_C@_19PEALEEJB@?$AAH?$AAK?$AAL?$AAM@ 10011468     OposConstants.obj
 0002:00000474       ??_C@_17PJOJPMPB@?$AAH?$AAK?$AAU@ 10011474     OposConstants.obj
 0002:0000047c       ??_C@_19PNBHMJPL@?$AAH?$AAK?$AAP?$AAD@ 1001147c     OposConstants.obj
 0002:00000488       ??_C@_19GFFAIJHG@?$AAH?$AAK?$AAD?$AAD@ 10011488     OposConstants.obj
 0002:00000494       ??_C@_19OFICIBHH@?$AAH?$AAK?$AAC?$AAC@ 10011494     OposConstants.obj
 0002:000004a0       ??_C@_1CE@PACHPJFI@?$AAH?$AAK?$AAE?$AAY?$AA_?$AAC?$AAL?$AAA?$AAS?$AAS?$AAE?$AAS?$AA_?$AAR?$AAO@ 100114a0     OposConstants.obj
 0002:000004c4       ??_C@_1CE@HLHNCBPM@?$AAH?$AAK?$AAE?$AAY?$AA_?$AAC?$AAU?$AAR?$AAR?$AAE?$AAN?$AAT?$AA_?$AAU?$AAS@ 100114c4     OposConstants.obj
 0002:000004e8       ??_C@_1CG@GFBEANJL@?$AAH?$AAK?$AAE?$AAY?$AA_?$AAL?$AAO?$AAC?$AAA?$AAL?$AA_?$AAM?$AAA?$AAC?$AAH@ 100114e8     OposConstants.obj
 0002:00000510       ??_C@_1BG@BGODANIO@?$AAH?$AAK?$AAE?$AAY?$AA_?$AAU?$AAS?$AAE?$AAR?$AAS@ 10011510     OposConstants.obj
 0002:00000528       ??_C@_1CM@KHNNAOIC@?$AAH?$AAK?$AAE?$AAY?$AA_?$AAP?$AAE?$AAR?$AAF?$AAO?$AAR?$AAM?$AAA?$AAN?$AAC@ 10011528     OposConstants.obj
 0002:00000554       ??_C@_1BM@HAGMMHIA@?$AAH?$AAK?$AAE?$AAY?$AA_?$AAD?$AAY?$AAN?$AA_?$AAD?$AAA?$AAT?$AAA@ 10011554     OposConstants.obj
 0002:00000570       ??_C@_1CI@BBJOACGG@?$AAH?$AAK?$AAE?$AAY?$AA_?$AAC?$AAU?$AAR?$AAR?$AAE?$AAN?$AAT?$AA_?$AAC?$AAO@ 10011570     OposConstants.obj
 0002:00000598       ??_C@_1EA@NHKLICFA@?$AAH?$AAK?$AAC?$AAU?$AA?$AN?$AA?6?$AA?$HL?$AA?7?$AAS?$AAo?$AAf?$AAt?$AAw?$AAa?$AAr@ 10011598     OposConstants.obj
 0002:000005d8       ??_C@_1BE@LJOLIMEM@?$AA?$AN?$AA?6?$AA?7?$AA?$HN?$AA?$AN?$AA?6?$AA?$HN?$AA?$AN?$AA?6@ 100115d8     OposConstants.obj
 0002:000005ec       ??_C@_1O@MNLDABAF@?$AAM?$AAo?$AAd?$AAu?$AAl?$AAe@ 100115ec     OposConstants.obj
 0002:000005fc       ??_C@_1BG@JBACFMF@?$AAM?$AAo?$AAd?$AAu?$AAl?$AAe?$AA_?$AAR?$AAa?$AAw@ 100115fc     OposConstants.obj
 0002:00000614       ??_C@_1BC@KAILKFFG@?$AAR?$AAE?$AAG?$AAI?$AAS?$AAT?$AAR?$AAY@ 10011614     OposConstants.obj
 0002:00000628       ??_C@_11LOCGONAA@@         10011628     OposConstants.obj
 0002:0000062c       __GUID_00000000_0000_0000_c000_000000000046 1001162c     OposConstants.obj
 0002:0000063c       ??_C@_0BG@EKFFMJIO@RegOpenKeyTransactedW@ 1001163c     OposConstants.obj
 0002:00000654       ??_C@_0BI@HAKLOOGP@RegDeleteKeyTransactedW@ 10011654     OposConstants.obj
 0002:0000066c       ??_C@_0BA@LILAPHGE@RegDeleteKeyExW@ 1001166c     OposConstants.obj
 0002:0000067c       ??_C@_19ILOCMLCJ@?$AA?4?$AAt?$AAl?$AAb@ 1001167c     OposConstants.obj
 0002:00000688       __GUID_0002e012_0000_0000_c000_000000000046 10011688     OposConstants.obj
 0002:00000698       ??_C@_1O@FHBGLCIO@?$AAC?$AAL?$AAS?$AAI?$AAD?$AA?2@ 10011698     OposConstants.obj
 0002:000006a8       ??_C@_1CK@IFBKBFAA@?$AA?2?$AAR?$AAe?$AAq?$AAu?$AAi?$AAr?$AAe?$AAd?$AA?5?$AAC?$AAa?$AAt?$AAe?$AAg@ 100116a8     OposConstants.obj
 0002:000006d4       ??_C@_1DA@BIHALFED@?$AA?2?$AAI?$AAm?$AAp?$AAl?$AAe?$AAm?$AAe?$AAn?$AAt?$AAe?$AAd?$AA?5?$AAC?$AAa@ 100116d4     OposConstants.obj
 0002:00000704       ??_C@_1BK@EDKOLFBJ@?$AAO?$AAL?$AAE?$AAA?$AAU?$AAT?$AA3?$AA2?$AA?4?$AAD?$AAL?$AAL@ 10011704     OposConstants.obj
 0002:00000720       ??_C@_0BJ@CNLFOMHB@UnRegisterTypeLibForUser@ 10011720     OposConstants.obj
 0002:0000073c       ??_C@_0BH@LBOMMKPJ@RegisterTypeLibForUser@ 1001173c     OposConstants.obj
 0002:00000754       _GUID_NULL                 10011754     uuid:cguid_i.obj
 0002:00000764       _CLSID_StdGlobalInterfaceTable 10011764     uuid:cguid_i.obj
 0002:00000774       _CLSID_StdComponentCategoriesMgr 10011774     uuid:ieguids.obj
 0002:00000784       _GUID_ATLVer110            10011784     atls:atlbase.obj
 0002:00000798       ??_C@_1IC@ONKHOIDK@?$AAE?$AAR?$AAR?$AAO?$AAR?$AA?5?$AA?3?$AA?5?$AAU?$AAn?$AAa?$AAb?$AAl?$AAe?$AA?5@ 10011798     atls:atlbase.obj
 0002:0000081a       ?nothrow@std@@3Unothrow_t@1@B 1001181a     LIBCMT:std_nothrow.obj
 0002:00000824       __pRawDllMain              10011824     LIBCMT:dll_dllmain.obj
 0002:00000824       __pDefaultRawDllMain       10011824     LIBCMT:dll_dllmain.obj
 0002:0000082c       ??_7exception@std@@6B@     1001182c     LIBCMT:throw_bad_alloc.obj
 0002:00000834       ??_C@_0BC@EOODALEL@Unknown?5exception@ 10011834     LIBCMT:throw_bad_alloc.obj
 0002:0000084c       ??_7bad_alloc@std@@6B@     1001184c     LIBCMT:throw_bad_alloc.obj
 0002:00000854       ??_C@_0P@GHFPNOJB@bad?5allocation@ 10011854     LIBCMT:throw_bad_alloc.obj
 0002:00000868       ??_7bad_array_new_length@std@@6B@ 10011868     LIBCMT:throw_bad_alloc.obj
 0002:00000870       ??_C@_0BF@KINCDENJ@bad?5array?5new?5length@ 10011870     LIBCMT:throw_bad_alloc.obj
 0002:0000088c       ??_7type_info@@6B@         1001188c     LIBCMT:std_type_info_static.obj
 0002:00000890       __pDestructExceptionObject 10011890     libvcruntime:ehhelpers.obj
 0002:00000898       ??_7bad_exception@std@@6B@ 10011898     libvcruntime:frame.obj
 0002:000008a0       ??_C@_0O@DPKOEFFH@bad?5exception@ 100118a0     libvcruntime:frame.obj
 0002:00000c38       ??_C@_08EHJDFFNH@__based?$CI@ 10011c38     libvcruntime:undname.obj
 0002:00000c44       ??_C@_07KOLFKCDI@__cdecl@  10011c44     libvcruntime:undname.obj
 0002:00000c4c       ??_C@_08GHMPAG@__pascal@   10011c4c     libvcruntime:undname.obj
 0002:00000c58       ??_C@_09IFJBGAPI@__stdcall@ 10011c58     libvcruntime:undname.obj
 0002:00000c64       ??_C@_0L@NPHFGOKO@__thiscall@ 10011c64     libvcruntime:undname.obj
 0002:00000c70       ??_C@_0L@JMKHOMEK@__fastcall@ 10011c70     libvcruntime:undname.obj
 0002:00000c7c       ??_C@_0N@BCKKPABJ@__vectorcall@ 10011c7c     libvcruntime:undname.obj
 0002:00000c8c       ??_C@_09HIJEGCPM@__clrcall@ 10011c8c     libvcruntime:undname.obj
 0002:00000c98       ??_C@_06GHPCKEAG@__eabi@   10011c98     libvcruntime:undname.obj
 0002:00000ca0       ??_C@_09IOPIDJLG@__swift_1@ 10011ca0     libvcruntime:undname.obj
 0002:00000cac       ??_C@_09KFNFGKHF@__swift_2@ 10011cac     libvcruntime:undname.obj
 0002:00000cb8       ??_C@_09LMMOFLDE@__swift_3@ 10011cb8     libvcruntime:undname.obj
 0002:00000cc4       ??_C@_07JOMMBBKO@__ptr64@  10011cc4     libvcruntime:undname.obj
 0002:00000ccc       ??_C@_0L@PILCLIHE@__restrict@ 10011ccc     libvcruntime:undname.obj
 0002:00000cd8       ??_C@_0M@GFIIJFMG@__unaligned@ 10011cd8     libvcruntime:undname.obj
 0002:00000ce4       ??_C@_09DHDLOLLB@restrict?$CI@ 10011ce4     libvcruntime:undname.obj
 0002:00000cee       ??_C@_00CNPNBAHC@@         10011cee     libvcruntime:undname.obj
 0002:00000cf0       ??_C@_04NIHEBCM@?5new@     10011cf0     libvcruntime:undname.obj
 0002:00000cf8       ??_C@_07FPCDHGMM@?5delete@ 10011cf8     libvcruntime:undname.obj
 0002:00000d00       ??_C@_01NEMOKFLO@?$DN@     10011d00     libvcruntime:undname.obj
 0002:00000d04       ??_C@_02GPIOPFAK@?$DO?$DO@ 10011d04     libvcruntime:undname.obj
 0002:00000d08       ??_C@_02FODMEDOG@?$DM?$DM@ 10011d08     libvcruntime:undname.obj
 0002:00000d0c       ??_C@_01DCLJPIOD@?$CB@     10011d0c     libvcruntime:undname.obj
 0002:00000d10       ??_C@_02EGOFBIJA@?$DN?$DN@ 10011d10     libvcruntime:undname.obj
 0002:00000d14       ??_C@_02FDNJECIE@?$CB?$DN@ 10011d14     libvcruntime:undname.obj
 0002:00000d18       ??_C@_02GPECMEKF@?$FL?$FN@ 10011d18     libvcruntime:undname.obj
 0002:00000d1c       ??_C@_08LHJFAFGD@operator@ 10011d1c     libvcruntime:undname.obj
 0002:00000d28       ??_C@_02HBOOOICD@?9?$DO@   10011d28     libvcruntime:undname.obj
 0002:00000d2c       ??_C@_01NBENCBCI@?$CK@     10011d2c     libvcruntime:undname.obj
 0002:00000d30       ??_C@_02ECNGHCIF@?$CL?$CL@ 10011d30     libvcruntime:undname.obj
 0002:00000d34       ??_C@_02BAABKJLB@?9?9@     10011d34     libvcruntime:undname.obj
 0002:00000d38       ??_C@_01JOAMLHOP@?9@       10011d38     libvcruntime:undname.obj
 0002:00000d3c       ??_C@_01MIFGBAGJ@?$CL@     10011d3c     libvcruntime:undname.obj
 0002:00000d40       ??_C@_01HNPIGOCE@?$CG@     10011d40     libvcruntime:undname.obj
 0002:00000d44       ??_C@_03MNHNFDLC@?9?$DO?$CK@ 10011d44     libvcruntime:undname.obj
 0002:00000d48       ??_C@_01KMDKNFGN@?1@       10011d48     libvcruntime:undname.obj
 0002:00000d4c       ??_C@_01FGNFDNOH@?$CF@     10011d4c     libvcruntime:undname.obj
 0002:00000d50       ??_C@_01MNNFJEPP@?$DM@     10011d50     libvcruntime:undname.obj
 0002:00000d54       ??_C@_02EHCHHCKH@?$DM?$DN@ 10011d54     libvcruntime:undname.obj
 0002:00000d58       ??_C@_01PPODPGHN@?$DO@     10011d58     libvcruntime:undname.obj
 0002:00000d5c       ??_C@_02EEKDKGMJ@?$DO?$DN@ 10011d5c     libvcruntime:undname.obj
 0002:00000d60       ??_C@_01IHBHIGKO@?0@       10011d60     libvcruntime:undname.obj
 0002:00000d64       ??_C@_02HCKGKOFO@?$CI?$CJ@ 10011d64     libvcruntime:undname.obj
 0002:00000d68       ??_C@_01PJKLJHI@?$HO@      10011d68     libvcruntime:undname.obj
 0002:00000d6c       ??_C@_01JKBOJNNK@?$FO@     10011d6c     libvcruntime:undname.obj
 0002:00000d70       ??_C@_01DNKMNLPK@?$HM@     10011d70     libvcruntime:undname.obj
 0002:00000d74       ??_C@_02PPKAJPJL@?$CG?$CG@ 10011d74     libvcruntime:undname.obj
 0002:00000d78       ??_C@_02NONPIBCD@?$HM?$HM@ 10011d78     libvcruntime:undname.obj
 0002:00000d7c       ??_C@_02FPIMKNGF@?$CK?$DN@ 10011d7c     libvcruntime:undname.obj
 0002:00000d80       ??_C@_02FOEOMHFC@?$CL?$DN@ 10011d80     libvcruntime:undname.obj
 0002:00000d84       ??_C@_02FKMDLLOA@?9?$DN@   10011d84     libvcruntime:undname.obj
 0002:00000d88       ??_C@_02FJEHGPIO@?1?$DN@   10011d88     libvcruntime:undname.obj
 0002:00000d8c       ??_C@_02FENAOKFI@?$CF?$DN@ 10011d8c     libvcruntime:undname.obj
 0002:00000d90       ??_C@_03IKFCCPFF@?$DO?$DO?$DN@ 10011d90     libvcruntime:undname.obj
 0002:00000d94       ??_C@_03CDNPDDLA@?$DM?$DM?$DN@ 10011d94     libvcruntime:undname.obj
 0002:00000d98       ??_C@_02FGJGFEAB@?$CG?$DN@ 10011d98     libvcruntime:undname.obj
 0002:00000d9c       ??_C@_02DHLNPPGH@?$HM?$DN@ 10011d9c     libvcruntime:undname.obj
 0002:00000da0       ??_C@_02MHEGNOJ@?$FO?$DN@  10011da0     libvcruntime:undname.obj
 0002:00000da4       ??_C@_09IFPLHPGF@?$GAvftable?8@ 10011da4     libvcruntime:undname.obj
 0002:00000db0       ??_C@_09BLBHBJP@?$GAvbtable?8@ 10011db0     libvcruntime:undname.obj
 0002:00000dbc       ??_C@_07FEEIOKP@?$GAvcall?8@ 10011dbc     libvcruntime:undname.obj
 0002:00000dc4       ??_C@_08LLFFHHDJ@?$GAtypeof?8@ 10011dc4     libvcruntime:undname.obj
 0002:00000dd0       ??_C@_0BF@KDPPACIK@?$GAlocal?5static?5guard?8@ 10011dd0     libvcruntime:undname.obj
 0002:00000de8       ??_C@_08OBABFOLI@?$GAstring?8@ 10011de8     libvcruntime:undname.obj
 0002:00000df4       ??_C@_0BD@JDLKDPAB@?$GAvbase?5destructor?8@ 10011df4     libvcruntime:undname.obj
 0002:00000e08       ??_C@_0BN@DEGPLNFK@?$GAvector?5deleting?5destructor?8@ 10011e08     libvcruntime:undname.obj
 0002:00000e28       ??_C@_0BO@OBMKPJIG@?$GAdefault?5constructor?5closure?8@ 10011e28     libvcruntime:undname.obj
 0002:00000e48       ??_C@_0BN@IMDCHIKM@?$GAscalar?5deleting?5destructor?8@ 10011e48     libvcruntime:undname.obj
 0002:00000e68       ??_C@_0BO@PFGOCPJJ@?$GAvector?5constructor?5iterator?8@ 10011e68     libvcruntime:undname.obj
 0002:00000e88       ??_C@_0BN@LFPFMEDL@?$GAvector?5destructor?5iterator?8@ 10011e88     libvcruntime:undname.obj
 0002:00000ea8       ??_C@_0CE@IKBNEHA@?$GAvector?5vbase?5constructor?5itera@ 10011ea8     libvcruntime:undname.obj
 0002:00000ecc       ??_C@_0BL@NILFHHPC@?$GAvirtual?5displacement?5map?8@ 10011ecc     libvcruntime:undname.obj
 0002:00000ee8       ??_C@_0CB@JONCMFFK@?$GAeh?5vector?5constructor?5iterator@ 10011ee8     libvcruntime:undname.obj
 0002:00000f0c       ??_C@_0CA@GCEOPDGL@?$GAeh?5vector?5destructor?5iterator?8@ 10011f0c     libvcruntime:undname.obj
 0002:00000f2c       ??_C@_0CH@OOJPLCPH@?$GAeh?5vector?5vbase?5constructor?5it@ 10011f2c     libvcruntime:undname.obj
 0002:00000f54       ??_C@_0BL@LLKPOHJI@?$GAcopy?5constructor?5closure?8@ 10011f54     libvcruntime:undname.obj
 0002:00000f70       ??_C@_0BA@KBCDOMBN@?$GAudt?5returning?8@ 10011f70     libvcruntime:undname.obj
 0002:00000f80       ??_C@_03KLGMFNMG@?$GAEH@   10011f80     libvcruntime:undname.obj
 0002:00000f84       ??_C@_05KHLCHHI@?$GARTTI@  10011f84     libvcruntime:undname.obj
 0002:00000f8c       ??_C@_0BA@KKLDJDLB@?$GAlocal?5vftable?8@ 10011f8c     libvcruntime:undname.obj
 0002:00000f9c       ??_C@_0CE@IIHCMGGL@?$GAlocal?5vftable?5constructor?5clos@ 10011f9c     libvcruntime:undname.obj
 0002:00000fc0       ??_C@_06FHBGPFGH@?5new?$FL?$FN@ 10011fc0     libvcruntime:undname.obj
 0002:00000fc8       ??_C@_09LBNFPBCA@?5delete?$FL?$FN@ 10011fc8     libvcruntime:undname.obj
 0002:00000fd4       ??_C@_0P@HJKNJFNN@?$GAomni?5callsig?8@ 10011fd4     libvcruntime:undname.obj
 0002:00000fe4       ??_C@_0BL@CNOONJFP@?$GAplacement?5delete?5closure?8@ 10011fe4     libvcruntime:undname.obj
 0002:00001000       ??_C@_0BN@CKNJLHMB@?$GAplacement?5delete?$FL?$FN?5closure?8@ 10012000     libvcruntime:undname.obj
 0002:00001020       ??_C@_0CG@CFDHKGGD@?$GAmanaged?5vector?5constructor?5ite@ 10012020     libvcruntime:undname.obj
 0002:00001048       ??_C@_0CF@IMGKMJNO@?$GAmanaged?5vector?5destructor?5iter@ 10012048     libvcruntime:undname.obj
 0002:00001070       ??_C@_0CG@HLDDJMAG@?$GAeh?5vector?5copy?5constructor?5ite@ 10012070     libvcruntime:undname.obj
 0002:00001098       ??_C@_0CM@FCBBDIGB@?$GAeh?5vector?5vbase?5copy?5construct@ 10012098     libvcruntime:undname.obj
 0002:000010c4       ??_C@_0BL@CLIPGLGB@?$GAdynamic?5initializer?5for?5?8@ 100120c4     libvcruntime:undname.obj
 0002:000010e0       ??_C@_0CB@PDBIFEP@?$GAdynamic?5atexit?5destructor?5for?5@ 100120e0     libvcruntime:undname.obj
 0002:00001104       ??_C@_0CD@CGAJBKEJ@?$GAvector?5copy?5constructor?5iterat@ 10012104     libvcruntime:undname.obj
 0002:00001128       ??_C@_0CJ@GJELGAMM@?$GAvector?5vbase?5copy?5constructor?5@ 10012128     libvcruntime:undname.obj
 0002:00001154       ??_C@_0CL@FGIJHLCE@?$GAmanaged?5vector?5copy?5constructo@ 10012154     libvcruntime:undname.obj
 0002:00001180       ??_C@_0BM@PMGGMLDN@?$GAlocal?5static?5thread?5guard?8@ 10012180     libvcruntime:undname.obj
 0002:0000119c       ??_C@_0N@BDNMDMOL@operator?5?$CC?$CC?5@ 1001219c     libvcruntime:undname.obj
 0002:000011ac       ??_C@_0BC@GGEBGALA@operator?5co_await@ 100121ac     libvcruntime:undname.obj
 0002:000011c0       ??_C@_0M@GAAIMMOH@operator?$DM?$DN?$DO@ 100121c0     libvcruntime:undname.obj
 0002:000011cc       ??_C@_0BC@DAFEJGAK@?5Type?5Descriptor?8@ 100121cc     libvcruntime:undname.obj
 0002:000011e0       ??_C@_0BM@LDKODKLH@?5Base?5Class?5Descriptor?5at?5?$CI@ 100121e0     libvcruntime:undname.obj
 0002:000011fc       ??_C@_0BD@LGICGFMM@?5Base?5Class?5Array?8@ 100121fc     libvcruntime:undname.obj
 0002:00001210       ??_C@_0BN@MECKDCOJ@?5Class?5Hierarchy?5Descriptor?8@ 10012210     libvcruntime:undname.obj
 0002:00001230       ??_C@_0BK@CFCOFLF@?5Complete?5Object?5Locator?8@ 10012230     libvcruntime:undname.obj
 0002:0000124c       ??_C@_0BG@JNJLAMPM@?$GAanonymous?5namespace?8@ 1001224c     libvcruntime:undname.obj
 0002:00001270       ??_C@_1DM@KHCHBNEB@?$AAa?$AAp?$AAi?$AA?9?$AAm?$AAs?$AA?9?$AAw?$AAi?$AAn?$AA?9?$AAc?$AAo?$AAr?$AAe@ 10012270     libvcruntime:winapi_downlevel.obj
 0002:000012ac       ??_C@_1DK@LPPGFMPP@?$AAa?$AAp?$AAi?$AA?9?$AAm?$AAs?$AA?9?$AAw?$AAi?$AAn?$AA?9?$AAc?$AAo?$AAr?$AAe@ 100122ac     libvcruntime:winapi_downlevel.obj
 0002:000012e8       ??_C@_1BC@GDMECMAK@?$AAk?$AAe?$AAr?$AAn?$AAe?$AAl?$AA3?$AA2@ 100122e8     libvcruntime:winapi_downlevel.obj
 0002:000012fc       ??_C@_1BA@PFFKHIOG@?$AAa?$AAp?$AAi?$AA?9?$AAm?$AAs?$AA?9@ 100122fc     libvcruntime:winapi_downlevel.obj
 0002:00001314       ??_C@_08KNHFBNJ@FlsAlloc@  10012314     libvcruntime:winapi_downlevel.obj
 0002:00001328       ??_C@_07PEJMOBNF@FlsFree@  10012328     libvcruntime:winapi_downlevel.obj
 0002:00001338       ??_C@_0M@GDNOONDI@FlsGetValue@ 10012338     libvcruntime:winapi_downlevel.obj
 0002:0000134c       ??_C@_0M@JCPCPOEF@FlsSetValue@ 1001234c     libvcruntime:winapi_downlevel.obj
 0002:00001360       ??_C@_0BM@HCFOFFN@InitializeCriticalSectionEx@ 10012360     libvcruntime:winapi_downlevel.obj
 0002:000014e8       ___acrt_exception_action_table 100124e8     libucrt:exception_filter.obj
 0002:00001578       ___acrt_signal_action_table_count 10012578     libucrt:exception_filter.obj
 0002:0000157c       ___acrt_signal_action_first_fpe_index 1001257c     libucrt:exception_filter.obj
 0002:00001580       ___acrt_signal_action_fpe_count 10012580     libucrt:exception_filter.obj
 0002:00001584       ??_C@_1BI@BGOHAHKC@?$AAm?$AAs?$AAc?$AAo?$AAr?$AAe?$AAe?$AA?4?$AAd?$AAl?$AAl@ 10012584     libucrt:exit.obj
 0002:0000159c       ??_C@_0P@MIGLKIOC@CorExitProcess@ 1001259c     libucrt:exit.obj
 0002:00001630       ___lc_time_c               10012630     libucrt:nlsdata.obj
 0002:00001794       ??_C@_03KOEHGMDN@Sun@      10012794     libucrt:nlsdata.obj
 0002:00001798       ??_C@_03PDAGKDH@Mon@       10012798     libucrt:nlsdata.obj
 0002:0000179c       ??_C@_03NAGEINEP@Tue@      1001279c     libucrt:nlsdata.obj
 0002:000017a0       ??_C@_03MHOMLAJA@Wed@      100127a0     libucrt:nlsdata.obj
 0002:000017a4       ??_C@_03IOFIKPDN@Thu@      100127a4     libucrt:nlsdata.obj
 0002:000017a8       ??_C@_03IDIOELNC@Fri@      100127a8     libucrt:nlsdata.obj
 0002:000017ac       ??_C@_03FEFJNEK@Sat@       100127ac     libucrt:nlsdata.obj
 0002:000017b0       ??_C@_06OOPIFAJ@Sunday@    100127b0     libucrt:nlsdata.obj
 0002:000017b8       ??_C@_06JLEDEDGH@Monday@   100127b8     libucrt:nlsdata.obj
 0002:000017c0       ??_C@_07BAAGCFCM@Tuesday@  100127c0     libucrt:nlsdata.obj
 0002:000017c8       ??_C@_09DLIGFAKA@Wednesday@ 100127c8     libucrt:nlsdata.obj
[...]
 0002:00002018       ?candidate_modules@?1??try_get_LocaleNameToLCID@@YAP6GKPB_WK@ZXZ@4QBW4module_id@?A0x391cf84c@@B 10013018     libucrt:winapi_thunks.obj
 0002:00002034       ?candidate_modules@?1??try_get_AppPolicyGetProcessTerminationMethod@@YAP6GJPAXPAW4AppPolicyProcessTerminationMethod@@@ZXZ@4QBW4module_id@?A0x391cf84c@@B 10013034     libucrt:winapi_thunks.obj
 0002:00002060       ?candidate_modules@?1??try_get_FlsAlloc@@YAP6GKP6GXPAX@Z@ZXZ@4QBW4module_id@?A0x391cf84c@@B 10013060     libucrt:winapi_thunks.obj
 0002:00002068       ?candidate_modules@?1??try_get_FlsFree@@YAP6GHK@ZXZ@4QBW4module_id@?A0x391cf84c@@B 10013068     libucrt:winapi_thunks.obj
 0002:00002070       ?candidate_modules@?1??try_get_FlsGetValue@@YAP6GPAXK@ZXZ@4QBW4module_id@?A0x391cf84c@@B 10013070     libucrt:winapi_thunks.obj
 0002:00002078       ?candidate_modules@?1??try_get_FlsSetValue@@YAP6GHKPAX@ZXZ@4QBW4module_id@?A0x391cf84c@@B 10013078     libucrt:winapi_thunks.obj
 0002:00002688       ?LcidToLocaleNameTable@?A0x881e4c05@@3QBULcidToLocaleName@1@B 10013688     libucrt:lcidtoname_downlevel.obj
 0002:000037a8       ?LocaleNameToIndexTable@?A0x881e4c05@@3QBULocaleNameIndex@1@B 100147a8     libucrt:lcidtoname_downlevel.obj
 0002:00004700       LOG_name                   10015700     libucrt:log10_impl.obj
 0002:00004710       _One                       10015710     libucrt:ceil_pentium4.obj
 0002:00004720       _Bns                       10015720     libucrt:ceil_pentium4.obj
 0002:00004730       _Zero                      10015730     libucrt:ceil_pentium4.obj
 0002:00004740       _S                         10015740     libucrt:ceil_pentium4.obj
 0002:00004750       _NegZero                   10015750     libucrt:ceil_pentium4.obj
 0002:00004770       emask                      10015770     libucrt:log10_pentium4.obj
 0002:00004780       CC                         10015780     libucrt:log10_pentium4.obj
 0002:00004790       Magic                      10015790     libucrt:log10_pentium4.obj
 0002:000047a0       hi_mask                    100157a0     libucrt:log10_pentium4.obj
 0002:000047b0       LOG10_2                    100157b0     libucrt:log10_pentium4.obj
 0002:000047c0       place_L                    100157c0     libucrt:log10_pentium4.obj
 0002:000047e0       One                        100157e0     libucrt:log10_pentium4.obj
 0002:000047f0       Zero                       100157f0     libucrt:log10_pentium4.obj
 0002:00004800       Two52                      10015800     libucrt:log10_pentium4.obj
 0002:00004810       Infs                       10015810     libucrt:log10_pentium4.obj
 0002:00004820       NaN                        10015820     libucrt:log10_pentium4.obj
 0002:00004830       coeff                      10015830     libucrt:log10_pentium4.obj
 0002:0000488e       _log2max                   1001588e     libucrt:87tran.obj
 0002:00004898       _smallarg                  10015898     libucrt:87tran.obj
 0002:000048a2       _half                      100158a2     libucrt:87tran.obj
 0002:000048ee       One                        100158ee     libucrt:87disp.obj
 0002:000048f6       Three                      100158f6     libucrt:87disp.obj
 0002:000048fe       XAMtoTagTab                100158fe     libucrt:87disp.obj
 0002:00004910       One                        10015910     libucrt:common.obj
 0002:00004924       DblMax                     10015924     libucrt:common.obj
 0002:0000492c       DblMin                     1001592c     libucrt:common.obj
 0002:00004934       IeeeAdjO                   10015934     libucrt:common.obj
 0002:0000493c       IeeeAdjU                   1001593c     libucrt:common.obj
 0002:00004944       _infinity                  10015944     libucrt:common.obj
 0002:0000494c       _zero                      1001594c     libucrt:common.obj
 0002:00004988       _over                      10015988     libucrt:fpctrl.obj
 0002:00004994       _under                     10015994     libucrt:fpctrl.obj
 0002:000051c8       ?_names@?1??_get_fname@@9@4QBU<unnamed-type-_names>@?1??1@YAPADI@Z@B 100161c8     libucrt:fpexcept.obj
 0002:00005370       two32                      10016370     LIBCMT:ftol2.obj
 0002:00005374       two63                      10016374     LIBCMT:ftol2.obj
 0002:00005378       _NaN                       10016378     LIBCMT:ftol2.obj
 0002:00005a40       __sehtable$___scrt_is_nonwritable_in_current_image 10016a40     LIBCMT:utility.obj
 0002:00005a60       __sehtable$?dllmain_crt_process_attach@@YAHQAUHINSTANCE__@@QAX@Z 10016a60     LIBCMT:dll_dllmain.obj
 0002:00005a80       __sehtable$?dllmain_crt_process_detach@@YAH_N@Z 10016a80     LIBCMT:dll_dllmain.obj
 0002:00005aa8       __sehtable$?dllmain_dispatch@@YAHQAUHINSTANCE__@@KQAX@Z 10016aa8     LIBCMT:dll_dllmain.obj
 0002:00005ac4       __catchsym$??2@YAPAXIABUnothrow_t@std@@@Z$2 10016ac4     LIBCMT:new_scalar_nothrow.obj
 0002:00005ad4       __unwindtable$??2@YAPAXIABUnothrow_t@std@@@Z 10016ad4     LIBCMT:new_scalar_nothrow.obj
 0002:00005ae4       __tryblocktable$??2@YAPAXIABUnothrow_t@std@@@Z 10016ae4     LIBCMT:new_scalar_nothrow.obj
 0002:00005af8       __ehfuncinfo$??2@YAPAXIABUnothrow_t@std@@@Z 10016af8     LIBCMT:new_scalar_nothrow.obj
 0002:00005bb0       __sehtable$___DestructExceptionObject 10016bb0     libvcruntime:ehhelpers.obj
 0002:00005bd0       __sehtable$?FrameUnwindToState@__FrameHandler3@@SAXPAUEHRegistrationNode@@PAXPBU_s_FuncInfo@@H@Z 10016bd0     libvcruntime:frame.obj
 0002:00005bf8       __sehtable$?CallCatchBlock@@YAPAXPAUEHExceptionRecord@@PAUEHRegistrationNode@@PAU_CONTEXT@@PBU_s_FuncInfo@@PAXHK@Z 10016bf8     libvcruntime:frame.obj
 0002:00005c20       __catchsym$?CallUnexpected@@YAXPBU_s_ESTypeList@@@Z$2 10016c20     libvcruntime:frame.obj
 0002:00005c30       __unwindtable$?CallUnexpected@@YAXPBU_s_ESTypeList@@@Z 10016c30     libvcruntime:frame.obj
 0002:00005c40       __tryblocktable$?CallUnexpected@@YAXPBU_s_ESTypeList@@@Z 10016c40     libvcruntime:frame.obj
 0002:00005c54       __ehfuncinfo$?CallUnexpected@@YAXPBU_s_ESTypeList@@@Z 10016c54     libvcruntime:frame.obj
 0002:00005c78       __sehtable$??$BuildCatchObjectHelperInternal@V__FrameHandler3@@@@YAHPAUEHExceptionRecord@@PAXPBU_s_HandlerType@@PBU_s_CatchableType@@@Z 10016c78     libvcruntime:frame.obj
 0002:00005c98       __sehtable$??$BuildCatchObjectInternal@V__FrameHandler3@@@@YAXPAUEHExceptionRecord@@PAXPBU_s_HandlerType@@PBU_s_CatchableType@@@Z 10016c98     libvcruntime:frame.obj
 0002:00005cec       __ehfuncinfo$?write_double_translated_ansi_nolock@@YA?AUwrite_result@?A0x17268360@@HQBDIAAV__crt_cached_ptd_host@@@Z 10016cec     libucrt:write.obj
 0002:00005cec       __ehfuncinfo$?try_cor_exit_process@@YAXI@Z 10016cec     libucrt:exit.obj
 0002:00005d10       __unwindtable$?common_exit@@YAXHW4_crt_exit_cleanup_mode@@W4_crt_exit_return_mode@@@Z 10016d10     libucrt:exit.obj
 0002:00005d18       __ehfuncinfo$?common_exit@@YAXHW4_crt_exit_cleanup_mode@@W4_crt_exit_return_mode@@@Z 10016d18     libucrt:exit.obj
 0002:00005d40       __sehtable$??R<lambda_6e4b09c48022b2350581041d5f6b0c4c>@@QBE@XZ 10016d40     libucrt:exit.obj
 0002:00005d60       __sehtable$??$?RV<lambda_03b1d95aef87969028cfba75ccab2455>@@AAV<lambda_6e4b09c48022b2350581041d5f6b0c4c>@@V<lambda_22bdf7517842c4b3e53723af5aa32b9e>@@@?$__crt_seh_guarded_call@X@@QAEX$$QAV<lambda_03b1d95aef87969028cfba75ccab2455>@@AAV<lambda_6e4b09c48022b2350581041d5f6b0c4c>@@$$QAV<lambda_22bdf7517842c4b3e53723af5aa32b9e>@@@Z 10016d60     libucrt:exit.obj
 0002:00005d7c       __unwindtable$___dcrt_uninitialize_environments_nolock 10016d7c     libucrt:environment_initialization.obj
 0002:00005d8c       __ehfuncinfo$___dcrt_uninitialize_environments_nolock 10016d8c     libucrt:environment_initialization.obj
 0002:00005db0       __unwindtable$__execute_onexit_table 10016db0     libucrt:onexit.obj
 0002:00005db8       __ehfuncinfo$__execute_onexit_table 10016db8     libucrt:onexit.obj
 0002:00005de0       __sehtable$??$?RV<lambda_8e746cf0007f6ed984d6f78af1fec997>@@AAV<lambda_22ebabd17bc4fa466a2aca6d8deb888d>@@V<lambda_18ed0c0b38a6dc0daf1e7ac6d6adf05e>@@@?$__crt_seh_guarded_call@H@@QAEH$$QAV<lambda_8e746cf0007f6ed984d6f78af1fec997>@@AAV<lambda_22ebabd17bc4fa466a2aca6d8deb888d>@@$$QAV<lambda_18ed0c0b38a6dc0daf1e7ac6d6adf05e>@@@Z 10016de0     libucrt:onexit.obj
 0002:00005e00       __sehtable$??$?RV<lambda_69a2805e680e0e292e8ba93315fe43a8>@@AAV<lambda_f03950bc5685219e0bcd2087efbe011e>@@V<lambda_03fcd07e894ec930e3f35da366ca99d6>@@@?$__crt_seh_guarded_call@H@@QAEH$$QAV<lambda_69a2805e680e0e292e8ba93315fe43a8>@@AAV<lambda_f03950bc5685219e0bcd2087efbe011e>@@$$QAV<lambda_03fcd07e894ec930e3f35da366ca99d6>@@@Z 10016e00     libucrt:onexit.obj
 0002:00005e20       __sehtable$_terminate      10016e20     libucrt:terminate.obj
 0002:00005e40       __sehtable$__query_new_handler 10016e40     libucrt:new_handler.obj
 0002:00005e60       __sehtable$??$?RV<lambda_15ade71b0218206bbe3333a0c9b79046>@@AAV<lambda_da44e0f8b0f19ba52fefafb335991732>@@V<lambda_207f2d024fc103971653565357d6cd41>@@@?$__crt_seh_guarded_call@X@@QAEX$$QAV<lambda_15ade71b0218206bbe3333a0c9b79046>@@AAV<lambda_da44e0f8b0f19ba52fefafb335991732>@@$$QAV<lambda_207f2d024fc103971653565357d6cd41>@@@Z 10016e60     libucrt:per_thread_data.obj
 0002:00005e80       __sehtable$??$?RV<lambda_a7e850c220f1c8d1e6efeecdedd162c6>@@AAV<lambda_46720907175c18b6c9d2717bc0d2d362>@@V<lambda_9048902d66e8d99359bc9897bbb930a8>@@@?$__crt_seh_guarded_call@X@@QAEX$$QAV<lambda_a7e850c220f1c8d1e6efeecdedd162c6>@@AAV<lambda_46720907175c18b6c9d2717bc0d2d362>@@$$QAV<lambda_9048902d66e8d99359bc9897bbb930a8>@@@Z 10016e80     libucrt:per_thread_data.obj
 0002:00005ea0       __sehtable$??$?RV<lambda_38edbb1296d33220d7e4dd0ed76b244a>@@AAV<lambda_5ce1d447e08cb34b2473517608e21441>@@V<lambda_fb385d3da700c9147fc39e65dd577a8c>@@@?$__crt_seh_guarded_call@X@@QAEX$$QAV<lambda_38edbb1296d33220d7e4dd0ed76b244a>@@AAV<lambda_5ce1d447e08cb34b2473517608e21441>@@$$QAV<lambda_fb385d3da700c9147fc39e65dd577a8c>@@@Z 10016ea0     libucrt:per_thread_data.obj
 0002:00005ec0       __sehtable$??$?RV<lambda_6affb1475c98b40b75cdec977db92e3c>@@AAV<lambda_b8d4b9c228a6ecc3f80208dbb4b4a104>@@V<lambda_608742c3c92a14382c1684fc64f96c88>@@@?$__crt_seh_guarded_call@X@@QAEX$$QAV<lambda_6affb1475c98b40b75cdec977db92e3c>@@AAV<lambda_b8d4b9c228a6ecc3f80208dbb4b4a104>@@$$QAV<lambda_608742c3c92a14382c1684fc64f96c88>@@@Z 10016ec0     libucrt:per_thread_data.obj
 0002:00005ee0       __sehtable$??$?RV<lambda_e5124f882df8998aaf41531e079ba474>@@AAV<lambda_3e16ef9562a7dcce91392c22ab16ea36>@@V<lambda_e25ca0880e6ef98be67edffd8c599615>@@@?$__crt_seh_guarded_call@X@@QAEX$$QAV<lambda_e5124f882df8998aaf41531e079ba474>@@AAV<lambda_3e16ef9562a7dcce91392c22ab16ea36>@@$$QAV<lambda_e25ca0880e6ef98be67edffd8c599615>@@@Z 10016ee0     libucrt:wsetlocale.obj
 0002:00005f00       __sehtable$?update_thread_multibyte_data_internal@@YAPAU__crt_multibyte_data@@QAU__acrt_ptd@@QAPAU1@@Z 10016f00     libucrt:mbctype.obj
 0002:00005f20       __sehtable$??$?RV<lambda_ceb1ee4838e85a9d631eb091e2fbe199>@@AAV<lambda_ae742caa10f662c28703da3d2ea5e57e>@@V<lambda_cd08b5d6af4937fe54fc07d0c9bf6b37>@@@?$__crt_seh_guarded_call@X@@QAEX$$QAV<lambda_ceb1ee4838e85a9d631eb091e2fbe199>@@AAV<lambda_ae742caa10f662c28703da3d2ea5e57e>@@$$QAV<lambda_cd08b5d6af4937fe54fc07d0c9bf6b37>@@@Z 10016f20     libucrt:mbctype.obj
 0002:00005f40       __sehtable$___acrt_initialize_lowio 10016f40     libucrt:ioinit.obj
 0002:00005f60       __sehtable$_raise          10016f60     libucrt:signal.obj
 0002:00005f80       __sehtable$??$?RV<lambda_cbab9ec6f41b0180b23cc171c22676b0>@@AAV<lambda_44731a7d0e6d81c3e6aa82d741081786>@@V<lambda_4b292cb8dd18144e164572427af410ab>@@@?$__crt_seh_guarded_call@P6AXH@Z@@QAEP6AXH@Z$$QAV<lambda_cbab9ec6f41b0180b23cc171c22676b0>@@AAV<lambda_44731a7d0e6d81c3e6aa82d741081786>@@$$QAV<lambda_4b292cb8dd18144e164572427af410ab>@@@Z 10016f80     libucrt:signal.obj
 0002:00005fa0       __sehtable$??$?RV<lambda_2866be3712abc81a800a822484c830d8>@@AAV<lambda_39ca0ed439415581b5b15c265174cece>@@V<lambda_2b24c74d71094a6cd0cb82e44167d71b>@@@?$__crt_seh_guarded_call@X@@QAEX$$QAV<lambda_2866be3712abc81a800a822484c830d8>@@AAV<lambda_39ca0ed439415581b5b15c265174cece>@@$$QAV<lambda_2b24c74d71094a6cd0cb82e44167d71b>@@@Z 10016fa0     libucrt:fflush.obj
 0002:00005fc0       __sehtable$??$?RV<lambda_2cc53f568c5a2bb6f192f930a45d44ea>@@AAV<lambda_ab61a845afdef5b7c387490eaf3616ee>@@V<lambda_c2ffc0b7726aa6be21d5f0026187e748>@@@?$__crt_seh_guarded_call@X@@QAEX$$QAV<lambda_2cc53f568c5a2bb6f192f930a45d44ea>@@AAV<lambda_ab61a845afdef5b7c387490eaf3616ee>@@$$QAV<lambda_c2ffc0b7726aa6be21d5f0026187e748>@@@Z 10016fc0     libucrt:fflush.obj
 0002:00005fe0       __sehtable$___acrt_update_thread_locale_data 10016fe0     libucrt:locale_refcounting.obj
 0002:00006000       __sehtable$___acrt_lowio_ensure_fh_exists 10017000     libucrt:osfinfo.obj
 0002:00006020       __sehtable$??$?RV<lambda_9e9de3de5fa147e2223d7db92bc10aa6>@@AAV<lambda_38ce7e780aa69e748d6df282ebc68efe>@@V<lambda_8ca6da459f0f6780f1cff60fdc3d00e5>@@@?$__crt_seh_guarded_call@H@@QAEH$$QAV<lambda_9e9de3de5fa147e2223d7db92bc10aa6>@@AAV<lambda_38ce7e780aa69e748d6df282ebc68efe>@@$$QAV<lambda_8ca6da459f0f6780f1cff60fdc3d00e5>@@@Z 10017020     libucrt:commit.obj
 0002:00006040       __sehtable$__write_internal 10017040     libucrt:write.obj
 0002:00006060       __sehtable$__fcloseall     10017060     libucrt:closeall.obj
 0002:00006080       __sehtable$?_fclose_internal@@YAHQAU_iobuf@@AAV__crt_cached_ptd_host@@@Z 10017080     libucrt:fclose.obj
 0002:000060a0       __sehtable$??$?RV<lambda_d422a76eb4c3bf3ad751449ab71a6ea4>@@AAV<lambda_c9ba49e555ba839a7b07aa3fbecb7617>@@V<lambda_9476263c8ee91a25d21c55370bdb50de>@@@?$__crt_seh_guarded_call@H@@QAEH$$QAV<lambda_d422a76eb4c3bf3ad751449ab71a6ea4>@@AAV<lambda_c9ba49e555ba839a7b07aa3fbecb7617>@@$$QAV<lambda_9476263c8ee91a25d21c55370bdb50de>@@@Z 100170a0     libucrt:close.obj
 0002:000060c0       __sehtable$__IsNonwritableInCurrentImage 100170c0     LIBCMT:pesect.obj
 0002:000060f0       .edata                     100170f0     Opos_Constants.exp
 0002:00006118       rgpv                       10017118     Opos_Constants.exp
 0002:00006128       rgszName                   10017128     Opos_Constants.exp
 0002:00006138       rgwOrd                     10017138     Opos_Constants.exp
 0002:00006140       szName                     10017140     Opos_Constants.exp
 0002:00006153       $N00001                    10017153     Opos_Constants.exp
 0002:00006163       $N00002                    10017163     Opos_Constants.exp
 0002:00006175       $N00003                    10017175     Opos_Constants.exp
 0002:00006187       $N00004                    10017187     Opos_Constants.exp
 0002:00006510       .idata$6                   10017510     kernel32:KERNEL32.dll
 0002:0000652a       .idata$6                   1001752a     user32:USER32.dll
 0002:000065be       .idata$6                   100175be     advapi32:ADVAPI32.dll
 0002:00006628       .idata$6                   10017628     ole32:ole32.dll
 0002:00006632       .idata$6                   10017632     oleaut32:OLEAUT32.dll
 0003:00000040       ?__vcrt_flsindex@@3KA      10018040     libvcruntime:per_thread_data.obj
 0003:00000060       ?errno_no_memory@@3HA      10018060     libucrt:errno.obj
 0003:00000064       ?doserrno_no_memory@@3KA   10018064     libucrt:errno.obj
 0003:00000070       ?__acrt_flsindex@@3KA      10018070     libucrt:per_thread_data.obj
 0003:00000360       __mbctypes                 10018360     libucrt:mbctype.obj
 0003:00000468       __mbcasemaps               10018468     libucrt:mbctype.obj
 0003:00000568       ?__rgctypeflag@@3PADA      10018568     libucrt:mbctype.obj
 0003:00000570       ?__rgcode_page_info@@3PAUcode_page_info@@A 10018570     libucrt:mbctype.obj
 0003:00000870       ?__dcrt_lowio_console_output_handle@@3PAXA 10018870     libucrt:initcon.obj
 0003:00000988       ?ObjectMap@@3PAU_ATL_OBJMAP_ENTRY30@ATL@@A 10018988     OposConstants.obj
 0003:000009f0       ?is_initialized_as_dll@@3_NA 100189f0     LIBCMT:utility.obj
 0003:000009f1       ?module_local_atexit_table_initialized@@3_NA 100189f1     LIBCMT:utility.obj
 0003:000009f4       ?module_local_atexit_table@@3U_onexit_table_t@@A 100189f4     LIBCMT:utility.obj
 0003:00000a00       ?module_local_at_quick_exit_table@@3U_onexit_table_t@@A 10018a00     LIBCMT:utility.obj
 0003:00000a10       _GS_ExceptionRecord        10018a10     LIBCMT:gs_report.obj
 0003:00000a60       _GS_ContextRecord          10018a60     LIBCMT:gs_report.obj
 0003:00000d2c       ?__proc_attached@@3HA      10018d2c     LIBCMT:dll_dllmain.obj
 0003:00000d5c       ?__vcrt_startup_thread_ptd@@3U__vcrt_ptd@@A 10018d5c     libvcruntime:per_thread_data.obj
 0003:00000d84       ___vcrt_lock_table         10018d84     libvcruntime:locks.obj
 0003:00000d9c       ___vcrt_locks_initialized  10018d9c     libvcruntime:locks.obj
 0003:00000dc8       ?heap@@3V_HeapManager@@A   10018dc8     libvcruntime:undname.obj
 0003:00000ddc       ?module_handles@@3PAPAUHINSTANCE__@@A 10018ddc     libvcruntime:winapi_downlevel.obj
 0003:00000de8       ?function_pointers@@3PAPAXA 10018de8     libvcruntime:winapi_downlevel.obj
 0003:00000e00       ?__acrt_invalid_parameter_handler@@3V?$dual_state_global@P6AXPB_W00II@Z@__crt_state_management@@A 10018e00     libucrt:invalid_parameter.obj
 0003:00000e04       ?c_termination_complete@@3JA 10018e04     libucrt:exit.obj
 0003:00000e08       ?thread_local_exit_callback_func@@3P6GXPAXK0@ZA 10018e08     libucrt:exit.obj
 0003:00000e10       ?program_name@?1???$common_configure_argv@D@@YAHW4_crt_argv_mode@@@Z@4PADA 10018e10     libucrt:argv_parsing.obj
 0003:00000f40       ?__acrt_new_handler@@3V?$dual_state_global@P6AHI@Z@__crt_state_management@@A 10018f40     libucrt:new_handler.obj
 0003:00000f50       ?__acrt_lock_table@@3PAU_RTL_CRITICAL_SECTION@@A 10018f50     libucrt:locks.obj
 0003:000010a0       ?__acrt_locks_initialized@@3IA 100190a0     libucrt:locks.obj
 0003:000010b0       ?fSystemSet@@3HA           100190b0     libucrt:mbctype.obj
 0003:000010b4       ?initialized@?1??__acrt_initialize_multibyte@@9@4_NA 100190b4     libucrt:mbctype.obj
 0003:000010d0       ?module_handles@@3PAPAUHINSTANCE__@@A 100190d0     libucrt:winapi_thunks.obj
 0003:00001120       ?encoded_function_pointers@@3PAPAXA 10019120     libucrt:winapi_thunks.obj
 0003:000013b4       ?ctrlc_action@@3V?$dual_state_global@P6AXH@Z@__crt_state_management@@A 100193b4     libucrt:signal.obj
 0003:000013b8       ?ctrlbreak_action@@3V?$dual_state_global@P6AXH@Z@__crt_state_management@@A 100193b8     libucrt:signal.obj
 0003:000013bc       ?abort_action@@3V?$dual_state_global@P6AXH@Z@__crt_state_management@@A 100193bc     libucrt:signal.obj
 0003:000013c0       ?term_action@@3V?$dual_state_global@P6AXH@Z@__crt_state_management@@A 100193c0     libucrt:signal.obj
 0003:000013c4       ?user_matherr@@3V?$dual_state_global@P6AHPAU_exception@@@Z@__crt_state_management@@A 100193c4     libucrt:matherr.obj
 0003:000013d8       ?internal_state@?1??_mbtowc_internal@@9@4U_Mbstatet@@A 100193d8     libucrt:mbtowc.obj
 0003:000013e8       ?__acrt_global_new_mode@@3V?$dual_state_global@J@__crt_state_management@@A 100193e8     libucrt:new_mode.obj
 0003:000013ec       ?__acrt_app_type@@3W4_crt_app_type@@A 100193ec     libucrt:report_runtime_error.obj
 0003:000013f0       ?internal_pst@?1??__mbrtoc32_utf8@__crt_mbstring@@YAIPA_UPBDIPAU_Mbstatet@@AAV__crt_cached_ptd_host@@@Z@4U3@A 100193f0     libucrt:mbrtoc32.obj
 0003:000013fc       __pmatherr_set             100193fc     libucrt:libm_error.obj
 0004:00000140       $R000000                   1001a140     OposConstants.res
 0004:00000aa8       $R000968                   1001aaa8     OposConstants.res
 0004:0001dac8       $R01D988                   10037ac8     OposConstants.res
 0004:0001db08       $R01D9C8                   10037b08     OposConstants.res
