 OPOSLineDisplay

 Timestamp is 5defa9c5 (Tue Dec 10 23:20:53 2019)

 Preferred load address is 10000000

 Start         Length     Name                   Class
 0001:00000000 00000080H .text$di                CODE
 0001:00000080 0001df53H .text$mn                CODE
 0001:0001dfd3 00000036H .text$x                 CODE
 0001:0001e009 00000042H .text$yd                CODE
 0002:00000000 000002fcH .idata$5                DATA
 0002:000002fc 00000004H .00cfg                  DATA
 0002:00000300 00000004H .CRT$XCA                DATA
 0002:00000304 00000004H .CRT$XCL                DATA
 0002:00000308 00000010H .CRT$XCU                DATA
 0002:00000318 00000004H .CRT$XCZ                DATA
 0002:0000031c 00000004H .CRT$XIA                DATA
 0002:00000320 00000010H .CRT$XIC                DATA
 0002:00000330 00000004H .CRT$XIZ                DATA
 0002:00000334 00000004H .CRT$XLA                DATA
 0002:00000338 00000004H .CRT$XLZ                DATA
 0002:0000033c 00000004H .CRT$XPA                DATA
 0002:00000340 00000008H .CRT$XPX                DATA
 0002:00000348 00000004H .CRT$XPXA               DATA
 0002:0000034c 00000004H .CRT$XPZ                DATA
 0002:00000350 00000004H .CRT$XTA                DATA
 0002:00000354 0000000cH .CRT$XTZ                DATA
 0002:00000358 00000000H .gfids$y                DATA
 0002:00000360 0000710cH .rdata                  DATA
 0002:0000746c 00000018H .rdata$T                DATA
 0002:00007484 0000017cH .rdata$r                DATA
 0002:00007600 0000001cH .rdata$sxdata           DATA
 0002:0000761c 000003e0H .rdata$zzzdbg           DATA
 0002:000079fc 00000004H .rtc$IAA                DATA
 0002:00007a00 00000004H .rtc$IZZ                DATA
 0002:00007a04 00000004H .rtc$TAA                DATA
 0002:00007a08 00000004H .rtc$TZZ                DATA
 0002:00007a0c 00000004H .tls                    DATA
 0002:00007a10 00000004H .tls$                   DATA
 0002:00007a14 00000004H .tls$ZZZ                DATA
 0002:00007a18 0000060cH .xdata$x                DATA
 0002:00008024 00000004H ATL$__a                 DATA
 0002:00008028 00000008H ATL$__z                 DATA
 0002:00008030 000000acH .edata                  DATA
 0002:000080dc 00000078H .idata$2                DATA
 0002:00008154 00000014H .idata$3                DATA
 0002:00008168 000002fcH .idata$4                DATA
 0002:00008464 00000bc8H .idata$6                DATA
 0003:00000000 00000ae0H .data                   DATA
 0003:00000ae0 00000098H .data$r                 DATA
 0003:00000b78 00000b80H .bss                    DATA
 0004:00000000 00000220H .rsrc$01                DATA
 0004:00000220 00005908H .rsrc$02                DATA

  Address         Publics by Value              Rva+Base       Lib:Object

 0000:00000000       ___guard_fids_count        00000000     <absolute>
 0000:00000000       ___hybrid_code_map_count   00000000     <absolute>
 0000:00000000       ___hybrid_auxiliary_iat    00000000     <absolute>
 0000:00000000       ___guard_iat_count         00000000     <absolute>
 0000:00000000       ___volatile_metadata       00000000     <absolute>
 0000:00000000       ___dynamic_value_reloc_table 00000000     <absolute>
 0000:00000000       ___guard_longjmp_count     00000000     <absolute>
 0000:00000000       ___guard_fids_table        00000000     <absolute>
 0000:00000000       ___guard_longjmp_table     00000000     <absolute>
 0000:00000000       ___AbsoluteZero            00000000     <absolute>
 0000:00000000       ___guard_iat_table         00000000     <absolute>
 0000:00000000       __except_list              00000000     <absolute>
 0000:00000000       ___enclave_config          00000000     <absolute>
 0000:00000000       ___hybrid_code_map         00000000     <absolute>
 0000:00000007       ___safe_se_handler_count   00000007     <absolute>
 0000:0000002c       __tls_array                0000002c     <absolute>
 0000:00000100       ___guard_flags             00000100     <absolute>
 0000:00000000       ___ImageBase               10000000     <linker-defined>
 0001:00000080       ?DupWide@_CW@@AAEXXZ       10001080 f   CWString.obj
 0001:0000009c       ?cw_dup@@YGXPBDAAHAAPA_W1@Z 1000109c f   CWString.obj
 0001:00000124       ?cw_memcpy@@YGHPA_WPBDH@Z  10001124 f   CWString.obj
 0001:00000150       ?cw_strcpy@@YAHPA_WPBD@Z   10001150 f   CWString.obj
 0001:00000163       ?cw_strlen@@YAHPBD@Z       10001163 f   CWString.obj
 0001:0000017c       ??0CAtlComModule@ATL@@QAE@XZ 1000117c f i OposVariant.obj
 0001:000001c1       ??0CAtlWinModule@ATL@@QAE@XZ 100011c1 f i OposVariant.obj
 0001:000001f8       ??0OposDispParms@@QAE@PAVOposVariant@@H@Z 100011f8 f   OposVariant.obj
 0001:00000269       ??1OposDispParms@@QAE@XZ   10001269 f   OposVariant.obj
 0001:00000277       ??A?$CSimpleArray@GV?$CSimpleArrayEqualHelper@G@ATL@@@ATL@@QAEAAGH@Z 10001277 f i OposVariant.obj
 0001:0000029c       ??_Estringdispid@CComTypeInfoHolder@ATL@@QAEPAXI@Z 1000129c f i OposVariant.obj
 0001:00000308       ?AtlWinModuleInit@ATL@@YGJPAU_ATL_WIN_MODULE70@1@@Z 10001308 f i OposVariant.obj
 0001:0000032e       ?AtlWinModuleTerm@ATL@@YGJPAU_ATL_WIN_MODULE70@1@PAUHINSTANCE__@@@Z 1000132e f i OposVariant.obj
 0001:00000391       ?ChangeBSTR@OposVariant@@QAEXPAPA_WAAJ@Z 10001391 f   OposVariant.obj
 0001:000003d2       ?ChangeLONG@OposVariant@@QAEXPAJAAJ@Z 100013d2 f   OposVariant.obj
 0001:00000413       ?GetLONG@OposVariant@@QAEJXZ 10001413 f   OposVariant.obj
 0001:0000042e       ?Init@CComCriticalSection@ATL@@QAEJXZ 1000142e f i OposVariant.obj
 0001:00000456       ?RemoveAll@?$CSimpleArray@PAUHINSTANCE__@@V?$CSimpleArrayEqualHelper@PAUHINSTANCE__@@@ATL@@@ATL@@QAEXXZ 10001456 f i atls:atlbase.obj
 0001:00000456       ?RemoveAll@?$CSimpleArray@GV?$CSimpleArrayEqualHelper@G@ATL@@@ATL@@QAEXXZ 10001456 f i OposVariant.obj
 0001:00000473       ?SetBSTR@OposVariant@@QAEXPA_WAAJ@Z 10001473 f   OposVariant.obj
 0001:000004a7       ?SetBSTR_Copy@OposVariant@@QAEXPA_WAAJ@Z 100014a7 f   OposVariant.obj
 0001:000004f7       ?SetBSTR_InOutPtr@OposVariant@@QAE_NPAPA_WAAJ@Z 100014f7 f   OposVariant.obj
 0001:0000052e       ?SetDispatch_Ptr@OposVariant@@QAEXPAUIDispatch@@AAJ@Z 1000152e f   OposVariant.obj
 0001:00000569       ?SetLONG@OposVariant@@QAEXJ@Z 10001569 f   OposVariant.obj
 0001:0000058b       ?SetLONG_Ptr@OposVariant@@QAEXPAJAAJ@Z 1000158b f   OposVariant.obj
 0001:000005be       ?SetString@OposVariant@@QAEXPB_WAAJ@Z 100015be f   OposVariant.obj
 0001:00000604       ?SetVARIANT_BOOL@OposVariant@@QAEXF@Z 10001604 f   OposVariant.obj
 0001:0000062e       ?Term@CAtlComModule@ATL@@QAEXXZ 1000162e f i OposVariant.obj
 0001:00000678       ?_AtlRaiseException@ATL@@YAXKK@Z 10001678 f i OposVariant.obj
 0001:0000068d       ?Release@?$CComContainedObject@VCOPOSLineDisplay@@@ATL@@WHE@AGKXZ 1000168d f i LineDisplay.obj
 0001:00000697       ?QueryInterface@?$CComContainedObject@VCOPOSLineDisplay@@@ATL@@WHI@AGJABU_GUID@@PAPAX@Z 10001697 f i LineDisplay.obj
 0001:000006a1       ?AddRef@?$CComContainedObject@VCOPOSLineDisplay@@@ATL@@WHI@AGKXZ 100016a1 f i LineDisplay.obj
 0001:000006ab       ?Release@?$CComContainedObject@VCOPOSLineDisplay@@@ATL@@WHI@AGKXZ 100016ab f i LineDisplay.obj
 0001:000006b5       ?CreateInstance@CComClassFactory@ATL@@UAGJPAUIUnknown@@ABU_GUID@@PAPAX@Z 100016b5 f i LineDisplay.obj
 0001:000006f3       ?QueryInterface@?$CComContainedObject@VCOPOSLineDisplay@@@ATL@@WHM@AGJABU_GUID@@PAPAX@Z 100016f3 f i LineDisplay.obj
 0001:000006fd       ?AddRef@?$CComContainedObject@VCOPOSLineDisplay@@@ATL@@WHM@AGKXZ 100016fd f i LineDisplay.obj
 0001:00000707       ?LockServer@CComClassFactory@ATL@@UAGJH@Z 10001707 f i LineDisplay.obj
 0001:00000726       ?Release@?$CComContainedObject@VCOPOSLineDisplay@@@ATL@@WHM@AGKXZ 10001726 f i LineDisplay.obj
 0001:00000730       ?QueryInterface@?$CComContainedObject@VCOPOSLineDisplay@@@ATL@@WIA@AGJABU_GUID@@PAPAX@Z 10001730 f i LineDisplay.obj
 0001:0000073d       ?AddRef@?$CComContainedObject@VCOPOSLineDisplay@@@ATL@@WIA@AGKXZ 1000173d f i LineDisplay.obj
 0001:0000074a       ?Release@?$CComContainedObject@VCOPOSLineDisplay@@@ATL@@WIA@AGKXZ 1000174a f i LineDisplay.obj
 0001:00000757       ?QueryInterface@?$CComContainedObject@VCOPOSLineDisplay@@@ATL@@WIE@AGJABU_GUID@@PAPAX@Z 10001757 f i LineDisplay.obj
 0001:00000764       ?AddRef@?$CComContainedObject@VCOPOSLineDisplay@@@ATL@@WIE@AGKXZ 10001764 f i LineDisplay.obj
 0001:00000771       ?Release@?$CComContainedObject@VCOPOSLineDisplay@@@ATL@@WIE@AGKXZ 10001771 f i LineDisplay.obj
 0001:0000077e       ?QueryInterface@?$CComContainedObject@VCOPOSLineDisplay@@@ATL@@WII@AGJABU_GUID@@PAPAX@Z 1000177e f i LineDisplay.obj
 0001:0000078b       ?AddRef@?$CComContainedObject@VCOPOSLineDisplay@@@ATL@@WII@AGKXZ 1000178b f i LineDisplay.obj
 0001:00000798       ?Release@?$CComContainedObject@VCOPOSLineDisplay@@@ATL@@WII@AGKXZ 10001798 f i LineDisplay.obj
 0001:000007a5       ?QueryInterface@?$CComContainedObject@VCOPOSLineDisplay@@@ATL@@WIM@AGJABU_GUID@@PAPAX@Z 100017a5 f i LineDisplay.obj
 0001:000007b2       ?AddRef@?$CComContainedObject@VCOPOSLineDisplay@@@ATL@@WIM@AGKXZ 100017b2 f i LineDisplay.obj
 0001:000007bf       ?Release@?$CComContainedObject@VCOPOSLineDisplay@@@ATL@@WIM@AGKXZ 100017bf f i LineDisplay.obj
 0001:000007cc       ??_GCComClassFactory@ATL@@UAEPAXI@Z 100017cc f i LineDisplay.obj
 0001:000007cc       ??_ECComClassFactory@ATL@@UAEPAXI@Z 100017cc f i LineDisplay.obj
 0001:000007f7       ?QueryInterface@?$CComContainedObject@VCOPOSLineDisplay@@@ATL@@WJA@AGJABU_GUID@@PAPAX@Z 100017f7 f i LineDisplay.obj
 0001:00000804       ?AddRef@?$CComContainedObject@VCOPOSLineDisplay@@@ATL@@WJA@AGKXZ 10001804 f i LineDisplay.obj
 0001:00000811       ?Release@?$CComContainedObject@VCOPOSLineDisplay@@@ATL@@WJA@AGKXZ 10001811 f i LineDisplay.obj
 0001:0000081e       ?QueryInterface@?$CComContainedObject@VCOPOSLineDisplay@@@ATL@@WJE@AGJABU_GUID@@PAPAX@Z 1000181e f i LineDisplay.obj
 0001:0000082b       ?AddRef@?$CComContainedObject@VCOPOSLineDisplay@@@ATL@@WJE@AGKXZ 1000182b f i LineDisplay.obj
 0001:00000838       ?Release@?$CComContainedObject@VCOPOSLineDisplay@@@ATL@@WJE@AGKXZ 10001838 f i LineDisplay.obj
 0001:00000845       ?QueryInterface@?$CComContainedObject@VCOPOSLineDisplay@@@ATL@@WJI@AGJABU_GUID@@PAPAX@Z 10001845 f i LineDisplay.obj
 0001:00000852       ?AddRef@?$CComContainedObject@VCOPOSLineDisplay@@@ATL@@WJI@AGKXZ 10001852 f i LineDisplay.obj
 0001:0000085f       ?Release@?$CComContainedObject@VCOPOSLineDisplay@@@ATL@@WJI@AGKXZ 1000185f f i LineDisplay.obj
 0001:0000086c       ?QueryInterface@?$CComContainedObject@VCOPOSLineDisplay@@@ATL@@WJM@AGJABU_GUID@@PAPAX@Z 1000186c f i LineDisplay.obj
 0001:00000879       ?AddRef@?$CComContainedObject@VCOPOSLineDisplay@@@ATL@@WJM@AGKXZ 10001879 f i LineDisplay.obj
 0001:00000886       ?Release@?$CComContainedObject@VCOPOSLineDisplay@@@ATL@@WJM@AGKXZ 10001886 f i LineDisplay.obj
 0001:00000893       ?QueryInterface@?$CComContainedObject@VCOPOSLineDisplay@@@ATL@@WKA@AGJABU_GUID@@PAPAX@Z 10001893 f i LineDisplay.obj
 0001:000008a0       ?AddRef@?$CComContainedObject@VCOPOSLineDisplay@@@ATL@@WKA@AGKXZ 100018a0 f i LineDisplay.obj
 0001:000008ad       ?Release@?$CComContainedObject@VCOPOSLineDisplay@@@ATL@@WKA@AGKXZ 100018ad f i LineDisplay.obj
 0001:000008ba       ?AddRef@?$CComContainedObject@VCOPOSLineDisplay@@@ATL@@WKI@AGKXZ 100018ba f i LineDisplay.obj
 0001:000008c7       ?Release@?$CComContainedObject@VCOPOSLineDisplay@@@ATL@@WKI@AGKXZ 100018c7 f i LineDisplay.obj
 0001:000008d4       ?AddRef@?$CComContainedObject@VCOPOSLineDisplay@@@ATL@@WLE@AGKXZ 100018d4 f i LineDisplay.obj
 0001:000008e1       ?Release@?$CComContainedObject@VCOPOSLineDisplay@@@ATL@@WLE@AGKXZ 100018e1 f i LineDisplay.obj
 0001:000008ee       ?GetWindowProc@?$CWindowImplBaseT@VCWindow@ATL@@V?$CWinTraits@$0FGAAAAAA@$0A@@2@@ATL@@UAEP6GJPAUHWND__@@IIJ@ZXZ 100018ee f i LineDisplay.obj
 0001:000008f4       ?StartWindowProc@?$CWindowImplBaseT@VCWindow@ATL@@V?$CWinTraits@$0FGAAAAAA@$0A@@2@@ATL@@SGJPAUHWND__@@IIJ@Z 100018f4 f i LineDisplay.obj
 0001:00000948       ?OnFinalMessage@?$CWindowImplBaseT@VCWindow@ATL@@V?$CWinTraits@$0FGAAAAAA@$0A@@2@@ATL@@UAEXPAUHWND__@@@Z 10001948 f i LineDisplay.obj
 0001:00000948       ?ObjectMain@CComObjectRootBase@ATL@@SGX_N@Z 10001948 f i LineDisplay.obj
 0001:0000094b       ?GetTypeInfoCount@?$IDispatchImpl@UIOPOSLineDisplay@@$1?IID_IOPOSLineDisplay@@3U_GUID@@B$1?LIBID_OposLineDisplay_CCO@@3U3@B$00$0A@VCComTypeInfoHolder@ATL@@@ATL@@UAGJPAI@Z 1000194b f i LineDisplay.obj
 0001:00000968       ?GetTypeInfo@?$IDispatchImpl@UIOPOSLineDisplay@@$1?IID_IOPOSLineDisplay@@3U_GUID@@B$1?LIBID_OposLineDisplay_CCO@@3U3@B$00$0A@VCComTypeInfoHolder@ATL@@@ATL@@UAGJIKPAPAUITypeInfo@@@Z 10001968 f i LineDisplay.obj
 0001:0000098c       ?GetIDsOfNames@?$IDispatchImpl@UIOPOSLineDisplay@@$1?IID_IOPOSLineDisplay@@3U_GUID@@B$1?LIBID_OposLineDisplay_CCO@@3U3@B$00$0A@VCComTypeInfoHolder@ATL@@@ATL@@UAGJABU_GUID@@PAPA_WIKPAJ@Z 1000198c f i LineDisplay.obj
 0001:000009ac       ?Invoke@?$IDispatchImpl@UIOPOSLineDisplay@@$1?IID_IOPOSLineDisplay@@3U_GUID@@B$1?LIBID_OposLineDisplay_CCO@@3U3@B$00$0A@VCComTypeInfoHolder@ATL@@@ATL@@UAGJJABU_GUID@@KGPAUtagDISPPARAMS@@PAUtagVARIANT@@PAUtagEXCEPINFO@@PAI@Z 100019ac f i LineDisplay.obj
 0001:000009ba       ?CreateControlWindow@?$CComControl@VCOPOSLineDisplay@@V?$CWindowImpl@VCOPOSLineDisplay@@VCWindow@ATL@@V?$CWinTraits@$0FGAAAAAA@$0A@@3@@ATL@@@ATL@@UAEPAUHWND__@@PAU3@AAUtagRECT@@@Z 100019ba f i LineDisplay.obj
 0001:000009e9       ?ControlQueryInterface@?$CComControl@VCOPOSLineDisplay@@V?$CWindowImpl@VCOPOSLineDisplay@@VCWindow@ATL@@V?$CWinTraits@$0FGAAAAAA@$0A@@3@@ATL@@@ATL@@UAEJABU_GUID@@PAPAX@Z 100019e9 f i LineDisplay.obj
 0001:00000a04       ?GetClassID@?$IPersistStorageImpl@VCOPOSLineDisplay@@@ATL@@UAGJPAU_GUID@@@Z 10001a04 f i LineDisplay.obj
 0001:00000a04       ?GetUserClassID@?$IOleObjectImpl@VCOPOSLineDisplay@@@ATL@@UAGJPAU_GUID@@@Z 10001a04 f i LineDisplay.obj
 0001:00000a04       ?GetClassID@?$IPersistStreamInitImpl@VCOPOSLineDisplay@@@ATL@@UAGJPAU_GUID@@@Z 10001a04 f i LineDisplay.obj
 0001:00000a28       ?IsDirty@?$IPersistStreamInitImpl@VCOPOSLineDisplay@@@ATL@@UAGJXZ 10001a28 f i LineDisplay.obj
 0001:00000a47       ?Load@?$IPersistStreamInitImpl@VCOPOSLineDisplay@@@ATL@@UAGJPAUIStream@@@Z 10001a47 f i LineDisplay.obj
 0001:00000a66       ?Save@?$IPersistStreamInitImpl@VCOPOSLineDisplay@@@ATL@@UAGJPAUIStream@@H@Z 10001a66 f i LineDisplay.obj
 0001:00000a88       ?GetSizeMax@?$IPersistStreamInitImpl@VCOPOSLineDisplay@@@ATL@@UAGJPAT_ULARGE_INTEGER@@@Z 10001a88 f i LineDisplay.obj
 0001:00000c67       ?InitNew@?$IPersistStreamInitImpl@VCOPOSLineDisplay@@@ATL@@UAGJXZ 10001c67 f i LineDisplay.obj
 0001:00000c84       ?ContextSensitiveHelp@?$IOleInPlaceObjectWindowlessImpl@VCOPOSLineDisplay@@@ATL@@UAGJH@Z 10001c84 f i LineDisplay.obj
 0001:00000c84       ?SOOutputCompleteDummy@COPOSLineDisplay@@MAGJJ@Z 10001c84 f i LineDisplay.obj
 0001:00000c84       ?SetColorScheme@?$IOleObjectImpl@VCOPOSLineDisplay@@@ATL@@UAGJPAUtagLOGPALETTE@@@Z 10001c84 f i LineDisplay.obj
 0001:00000c84       ?Unfreeze@?$IViewObjectExImpl@VCOPOSLineDisplay@@@ATL@@UAGJK@Z 10001c84 f i LineDisplay.obj
 0001:00000c84       ?OnMnemonic@?$IOleControlImpl@VCOPOSLineDisplay@@@ATL@@UAGJPAUtagMSG@@@Z 10001c84 f i LineDisplay.obj
 0001:00000c84       ?ContextSensitiveHelp@?$IOleInPlaceActiveObjectImpl@VCOPOSLineDisplay@@@ATL@@UAGJH@Z 10001c84 f i LineDisplay.obj
 0001:00000c84       ?GetControlInfo@?$IOleControlImpl@VCOPOSLineDisplay@@@ATL@@UAGJPAUtagCONTROLINFO@@@Z 10001c84 f i LineDisplay.obj
 0001:00000c84       ?SODataDummy@COPOSLineDisplay@@MAGJJ@Z 10001c84 f i LineDisplay.obj
 0001:00000c84       ?GetDropTarget@?$IOleInPlaceObjectWindowlessImpl@VCOPOSLineDisplay@@@ATL@@UAGJPAPAUIDropTarget@@@Z 10001c84 f i LineDisplay.obj
 0001:00000c84       ?QueryGetData@?$IDataObjectImpl@VCOPOSLineDisplay@@@ATL@@UAGJPAUtagFORMATETC@@@Z 10001c84 f i LineDisplay.obj
 0001:00000c8c       ?OnAmbientPropertyChange@?$IOleControlImpl@VCOPOSLineDisplay@@@ATL@@UAGJJ@Z 10001c8c f i LineDisplay.obj
 0001:00000c8c       ?SaveCompleted@?$IPersistStorageImpl@VCOPOSLineDisplay@@@ATL@@UAGJPAUIStorage@@@Z 10001c8c f i LineDisplay.obj
 0001:00000c8c       ?OnFrameWindowActivate@?$IOleInPlaceActiveObjectImpl@VCOPOSLineDisplay@@@ATL@@UAGJH@Z 10001c8c f i LineDisplay.obj
 0001:00000c8c       ?EnableModeless@?$IOleInPlaceActiveObjectImpl@VCOPOSLineDisplay@@@ATL@@UAGJH@Z 10001c8c f i LineDisplay.obj
 0001:00000c91       ?SetClientSite@?$IOleObjectImpl@VCOPOSLineDisplay@@@ATL@@UAGJPAUIOleClientSite@@@Z 10001c91 f i LineDisplay.obj
 0001:00000cae       ?GetClientSite@?$IOleObjectImpl@VCOPOSLineDisplay@@@ATL@@UAGJPAPAUIOleClientSite@@@Z 10001cae f i LineDisplay.obj
 0001:00000ccb       ?SetHostNames@?$IOleObjectImpl@VCOPOSLineDisplay@@@ATL@@UAGJPB_W0@Z 10001ccb f i LineDisplay.obj
 0001:00000cd0       ?Close@?$IOleObjectImpl@VCOPOSLineDisplay@@@ATL@@UAGJK@Z 10001cd0 f i LineDisplay.obj
 0001:00000ced       ?SetMoniker@?$IOleObjectImpl@VCOPOSLineDisplay@@@ATL@@UAGJKPAUIMoniker@@@Z 10001ced f i LineDisplay.obj
 0001:00000ced       ?GetDataHere@?$IDataObjectImpl@VCOPOSLineDisplay@@@ATL@@UAGJPAUtagFORMATETC@@PAUtagSTGMEDIUM@@@Z 10001ced f i LineDisplay.obj
 0001:00000ced       ?GetClipboardData@?$IOleObjectImpl@VCOPOSLineDisplay@@@ATL@@UAGJKPAPAUIDataObject@@@Z 10001ced f i LineDisplay.obj
 0001:00000ced       ?GetRect@?$IViewObjectExImpl@VCOPOSLineDisplay@@@ATL@@UAGJKPAU_RECTL@@@Z 10001ced f i LineDisplay.obj
 0001:00000ced       ?GetCanonicalFormatEtc@?$IDataObjectImpl@VCOPOSLineDisplay@@@ATL@@UAGJPAUtagFORMATETC@@0@Z 10001ced f i LineDisplay.obj
 0001:00000ced       ?QueryInterface@CRegObject@ATL@@UAGJABU_GUID@@PAPAX@Z 10001ced f i LineDisplay.obj
 0001:00000ced       ?EnumFormatEtc@?$IDataObjectImpl@VCOPOSLineDisplay@@@ATL@@UAGJKPAPAUIEnumFORMATETC@@@Z 10001ced f i LineDisplay.obj
 0001:00000cf5       ?GetMoniker@?$IOleObjectImpl@VCOPOSLineDisplay@@@ATL@@UAGJKKPAPAUIMoniker@@@Z 10001cf5 f i LineDisplay.obj
 0001:00000cf5       ?InitFromData@?$IOleObjectImpl@VCOPOSLineDisplay@@@ATL@@UAGJPAUIDataObject@@HK@Z 10001cf5 f i LineDisplay.obj
 0001:00000cf5       ?SetData@?$IDataObjectImpl@VCOPOSLineDisplay@@@ATL@@UAGJPAUtagFORMATETC@@PAUtagSTGMEDIUM@@H@Z 10001cf5 f i LineDisplay.obj
 0001:00000cfd       ?DoVerb@?$IOleObjectImpl@VCOPOSLineDisplay@@@ATL@@UAGJJPAUtagMSG@@PAUIOleClientSite@@JPAUHWND__@@PBUtagRECT@@@Z 10001cfd f i LineDisplay.obj
 0001:00000df1       ?EnumVerbs@?$IOleObjectImpl@VCOPOSLineDisplay@@@ATL@@UAGJPAPAUIEnumOLEVERB@@@Z 10001df1 f i LineDisplay.obj
 0001:00000e13       ?Release@CRegObject@ATL@@UAGKXZ 10001e13 f i LineDisplay.obj
 0001:00000e13       ?Update@?$IOleObjectImpl@VCOPOSLineDisplay@@@ATL@@UAGJXZ 10001e13 f i LineDisplay.obj
 0001:00000e13       ?IsUpToDate@?$IOleObjectImpl@VCOPOSLineDisplay@@@ATL@@UAGJXZ 10001e13 f i LineDisplay.obj
 0001:00000e13       ?HandsOffStorage@?$IPersistStorageImpl@VCOPOSLineDisplay@@@ATL@@UAGJXZ 10001e13 f i LineDisplay.obj
 0001:00000e18       ?GetUserType@?$IOleObjectImpl@VCOPOSLineDisplay@@@ATL@@UAGJKPAPA_W@Z 10001e18 f i LineDisplay.obj
 0001:00000e30       ?SetExtent@?$IOleObjectImpl@VCOPOSLineDisplay@@@ATL@@UAGJKPAUtagSIZE@@@Z 10001e30 f i LineDisplay.obj
 0001:00000e50       ?GetExtent@?$IOleObjectImpl@VCOPOSLineDisplay@@@ATL@@UAGJKPAUtagSIZE@@@Z 10001e50 f i LineDisplay.obj
 0001:00000e8e       ?Advise@?$IOleObjectImpl@VCOPOSLineDisplay@@@ATL@@UAGJPAUIAdviseSink@@PAK@Z 10001e8e f i LineDisplay.obj
 0001:00000eae       ?Unadvise@?$IOleObjectImpl@VCOPOSLineDisplay@@@ATL@@UAGJK@Z 10001eae f i LineDisplay.obj
 0001:00000edd       ?EnumAdvise@?$IOleObjectImpl@VCOPOSLineDisplay@@@ATL@@UAGJPAPAUIEnumSTATDATA@@@Z 10001edd f i LineDisplay.obj
 0001:00000f1d       ?GetMiscStatus@?$IOleObjectImpl@VCOPOSLineDisplay@@@ATL@@UAGJKPAK@Z 10001f1d f i LineDisplay.obj
 0001:00000f35       ?GetWindow@?$IOleInPlaceActiveObjectImpl@VCOPOSLineDisplay@@@ATL@@UAGJPAPAUHWND__@@@Z 10001f35 f i LineDisplay.obj
 0001:00000f82       ?TranslateAcceleratorW@?$IOleInPlaceActiveObjectImpl@VCOPOSLineDisplay@@@ATL@@UAGJPAUtagMSG@@@Z 10001f82 f i LineDisplay.obj
 0001:00001030       ?OnDocWindowActivate@?$IOleInPlaceActiveObjectImpl@VCOPOSLineDisplay@@@ATL@@UAGJH@Z 10002030 f i LineDisplay.obj
 0001:00001052       ?ResizeBorder@?$IOleInPlaceActiveObjectImpl@VCOPOSLineDisplay@@@ATL@@UAGJPBUtagRECT@@PAUIOleInPlaceUIWindow@@H@Z 10002052 f i LineDisplay.obj
 0001:00001057       ?Draw@?$IViewObjectExImpl@VCOPOSLineDisplay@@@ATL@@UAGJKJPAXPAUtagDVTARGETDEVICE@@PAUHDC__@@2PBU_RECTL@@3P6GHK@ZK@Z 10002057 f i LineDisplay.obj
 0001:00001089       ?GetColorSet@?$IViewObjectExImpl@VCOPOSLineDisplay@@@ATL@@UAGJKJPAXPAUtagDVTARGETDEVICE@@PAUHDC__@@PAPAUtagLOGPALETTE@@@Z 10002089 f i LineDisplay.obj
 0001:00001091       ?Freeze@?$IViewObjectExImpl@VCOPOSLineDisplay@@@ATL@@UAGJKJPAXPAK@Z 10002091 f i LineDisplay.obj
 0001:00001091       ?SOErrorDummy@COPOSLineDisplay@@MAGJJJJPAJ@Z 10002091 f i LineDisplay.obj
 0001:00001099       ?SetAdvise@?$IViewObjectExImpl@VCOPOSLineDisplay@@@ATL@@UAGJKKPAUIAdviseSink@@@Z 10002099 f i LineDisplay.obj
 0001:000010b8       ?GetAdvise@?$IViewObjectExImpl@VCOPOSLineDisplay@@@ATL@@UAGJPAK0PAPAUIAdviseSink@@@Z 100020b8 f i LineDisplay.obj
 0001:000010ed       ?GetExtent@?$IViewObjectExImpl@VCOPOSLineDisplay@@@ATL@@UAGJKJPAUtagDVTARGETDEVICE@@PAUtagSIZE@@@Z 100020ed f i LineDisplay.obj
 0001:0000111e       ?GetViewStatus@?$IViewObjectExImpl@VCOPOSLineDisplay@@@ATL@@UAGJPAK@Z 1000211e f i LineDisplay.obj
 0001:0000113b       ?QueryHitPoint@?$IViewObjectExImpl@VCOPOSLineDisplay@@@ATL@@UAGJKPBUtagRECT@@UtagPOINT@@JPAK@Z 1000213b f i LineDisplay.obj
 0001:0000117c       ?QueryHitRect@?$IViewObjectExImpl@VCOPOSLineDisplay@@@ATL@@UAGJKPBUtagRECT@@0JPAK@Z 1000217c f i LineDisplay.obj
 0001:000011d7       ?GetNaturalExtent@?$IViewObjectExImpl@VCOPOSLineDisplay@@@ATL@@UAGJKJPAUtagDVTARGETDEVICE@@PAUHDC__@@PAUtagExtentInfo@@PAUtagSIZE@@@Z 100021d7 f i LineDisplay.obj
 0001:00001222       ?GetWindow@?$IOleInPlaceObjectWindowlessImpl@VCOPOSLineDisplay@@@ATL@@UAGJPAPAUHWND__@@@Z 10002222 f i LineDisplay.obj
 0001:0000126f       ?InPlaceDeactivate@?$IOleInPlaceObjectWindowlessImpl@VCOPOSLineDisplay@@@ATL@@UAGJXZ 1000226f f i LineDisplay.obj
 0001:00001289       ?UIDeactivate@?$IOleInPlaceObjectWindowlessImpl@VCOPOSLineDisplay@@@ATL@@UAGJXZ 10002289 f i LineDisplay.obj
 0001:000012a3       ?SetObjectRects@?$IOleInPlaceObjectWindowlessImpl@VCOPOSLineDisplay@@@ATL@@UAGJPBUtagRECT@@0@Z 100022a3 f i LineDisplay.obj
 0001:000012c3       ?ReactivateAndUndo@?$IOleInPlaceObjectWindowlessImpl@VCOPOSLineDisplay@@@ATL@@UAGJXZ 100022c3 f i LineDisplay.obj
 0001:000012cb       ?OnWindowMessage@?$IOleInPlaceObjectWindowlessImpl@VCOPOSLineDisplay@@@ATL@@UAGJIIJPAJ@Z 100022cb f i LineDisplay.obj
 0001:0000133b       ?EnumConnectionPoints@?$IConnectionPointContainerImpl@VCOPOSLineDisplay@@@ATL@@UAGJPAPAUIEnumConnectionPoints@@@Z 1000233b f i LineDisplay.obj
 0001:000014b5       ?FindConnectionPoint@?$IConnectionPointContainerImpl@VCOPOSLineDisplay@@@ATL@@UAGJABU_GUID@@PAPAUIConnectionPoint@@@Z 100024b5 f i LineDisplay.obj
 0001:00001558       ?IsDirty@?$IPersistStorageImpl@VCOPOSLineDisplay@@@ATL@@UAGJXZ 10002558 f i LineDisplay.obj
 0001:0000158c       ?InitNew@?$IPersistStorageImpl@VCOPOSLineDisplay@@@ATL@@UAGJPAUIStorage@@@Z 1000258c f i LineDisplay.obj
 0001:000015c0       ?Load@?$IPersistStorageImpl@VCOPOSLineDisplay@@@ATL@@UAGJPAUIStorage@@@Z 100025c0 f i LineDisplay.obj
 0001:0000162c       ?Save@?$IPersistStorageImpl@VCOPOSLineDisplay@@@ATL@@UAGJPAUIStorage@@H@Z 1000262c f i LineDisplay.obj
 0001:0000169f       ?GetPages@?$ISpecifyPropertyPagesImpl@VCOPOSLineDisplay@@@ATL@@UAGJPAUtagCAUUID@@@Z 1000269f f i LineDisplay.obj
 0001:000016b6       ?QuickActivate@?$IQuickActivateImpl@VCOPOSLineDisplay@@@ATL@@UAGJPAUtagQACONTAINER@@PAUtagQACONTROL@@@Z 100026b6 f i LineDisplay.obj
 0001:000016d9       ?SetContentExtent@?$IQuickActivateImpl@VCOPOSLineDisplay@@@ATL@@UAGJPAUtagSIZE@@@Z 100026d9 f i LineDisplay.obj
 0001:00001705       ?GetContentExtent@?$IQuickActivateImpl@VCOPOSLineDisplay@@@ATL@@UAGJPAUtagSIZE@@@Z 10002705 f i LineDisplay.obj
 0001:0000173f       ?GetData@?$IDataObjectImpl@VCOPOSLineDisplay@@@ATL@@UAGJPAUtagFORMATETC@@PAUtagSTGMEDIUM@@@Z 1000273f f i LineDisplay.obj
 0001:00001762       ?DAdvise@?$IDataObjectImpl@VCOPOSLineDisplay@@@ATL@@UAGJPAUtagFORMATETC@@KPAUIAdviseSink@@PAK@Z 10002762 f i LineDisplay.obj
 0001:000017a3       ?DUnadvise@?$IDataObjectImpl@VCOPOSLineDisplay@@@ATL@@UAGJK@Z 100027a3 f i LineDisplay.obj
 0001:000017d1       ?EnumDAdvise@?$IDataObjectImpl@VCOPOSLineDisplay@@@ATL@@UAGJPAPAUIEnumSTATDATA@@@Z 100027d1 f i LineDisplay.obj
 0001:00001810       ?GetClassInfoW@?$IProvideClassInfo2Impl@$1?CLSID_OPOSLineDisplay@@3U_GUID@@B$1?DIID__IOPOSLineDisplayEvents@@3U2@B$1?LIBID_OposLineDisplay_CCO@@3U2@B$00$0A@VCComTypeInfoHolder@ATL@@@ATL@@UAGJPAPAUITypeInfo@@@Z 10002810 f i LineDisplay.obj
 0001:00001826       ?GetGUID@?$IProvideClassInfo2Impl@$1?CLSID_OPOSLineDisplay@@3U_GUID@@B$1?DIID__IOPOSLineDisplayEvents@@3U2@B$1?LIBID_OposLineDisplay_CCO@@3U2@B$00$0A@VCComTypeInfoHolder@ATL@@@ATL@@UAGJKPAU_GUID@@@Z 10002826 f i LineDisplay.obj
 0001:00001864       __get_startup_argv_mode    10002864 f i LIBCMT:argv_mode.obj
 0001:00001864       ?FAccessAllowed@?$IObjectSafetyImpl@VCOPOSLineDisplay@@$02@ATL@@MAEHXZ 10002864 f i LineDisplay.obj
 0001:00001868       ?GetInterfaceSafetyOptions@?$IObjectSafetyImpl@VCOPOSLineDisplay@@$02@ATL@@UAGJABU_GUID@@PAK1@Z 10002868 f i LineDisplay.obj
 0001:000018dc       ?SetInterfaceSafetyOptions@?$IObjectSafetyImpl@VCOPOSLineDisplay@@$02@ATL@@UAGJABU_GUID@@KK@Z 100028dc f i LineDisplay.obj
 0001:00001956       ?_LocCPQueryInterface@?$IConnectionPointImpl@VCOPOSLineDisplay@@$1?DIID__IOPOSLineDisplayEvents@@3U_GUID@@BVCComDynamicUnkArray@ATL@@@ATL@@UAGJABU_GUID@@PAPAX@Z 10002956 f i LineDisplay.obj
 0001:00001956       ?_LocCPQueryInterface@?$IConnectionPointImpl@VCOPOSLineDisplay@@$1?IID_IPropertyNotifySink@@3U_GUID@@BVCComDynamicUnkArray@ATL@@@ATL@@UAGJABU_GUID@@PAPAX@Z 10002956 f i LineDisplay.obj
 0001:000019a3       ?GetConnectionInterface@?$IConnectionPointImpl@VCOPOSLineDisplay@@$1?IID_IPropertyNotifySink@@3U_GUID@@BVCComDynamicUnkArray@ATL@@@ATL@@UAGJPAU_GUID@@@Z 100029a3 f i LineDisplay.obj
 0001:000019c7       ?GetConnectionPointContainer@?$IConnectionPointImpl@VCOPOSLineDisplay@@$1?IID_IPropertyNotifySink@@3U_GUID@@BVCComDynamicUnkArray@ATL@@@ATL@@UAGJPAPAUIConnectionPointContainer@@@Z 100029c7 f i LineDisplay.obj
 0001:000019ea       ?Advise@?$IConnectionPointImpl@VCOPOSLineDisplay@@$1?IID_IPropertyNotifySink@@3U_GUID@@BVCComDynamicUnkArray@ATL@@@ATL@@UAGJPAUIUnknown@@PAK@Z 100029ea f i LineDisplay.obj
 0001:000019ea       ?Advise@?$IConnectionPointImpl@VCOPOSLineDisplay@@$1?DIID__IOPOSLineDisplayEvents@@3U_GUID@@BVCComDynamicUnkArray@ATL@@@ATL@@UAGJPAUIUnknown@@PAK@Z 100029ea f i LineDisplay.obj
 0001:00001a8b       ?Unadvise@?$IConnectionPointImpl@VCOPOSLineDisplay@@$1?DIID__IOPOSLineDisplayEvents@@3U_GUID@@BVCComDynamicUnkArray@ATL@@@ATL@@UAGJK@Z 10002a8b f i LineDisplay.obj
 0001:00001a8b       ?Unadvise@?$IConnectionPointImpl@VCOPOSLineDisplay@@$1?IID_IPropertyNotifySink@@3U_GUID@@BVCComDynamicUnkArray@ATL@@@ATL@@UAGJK@Z 10002a8b f i LineDisplay.obj
 0001:00001acb       ?EnumConnections@?$IConnectionPointImpl@VCOPOSLineDisplay@@$1?IID_IPropertyNotifySink@@3U_GUID@@BVCComDynamicUnkArray@ATL@@@ATL@@UAGJPAPAUIEnumConnections@@@Z 10002acb f i LineDisplay.obj
 0001:00001acb       ?EnumConnections@?$IConnectionPointImpl@VCOPOSLineDisplay@@$1?DIID__IOPOSLineDisplayEvents@@3U_GUID@@BVCComDynamicUnkArray@ATL@@@ATL@@UAGJPAPAUIEnumConnections@@@Z 10002acb f i LineDisplay.obj
 0001:00001bd1       ?GetObjectDescription@?$CComCoClass@VCOPOSLineDisplay@@$1?CLSID_OPOSLineDisplay@@3U_GUID@@B@ATL@@SGPB_WXZ 10002bd1 f i LineDisplay.obj
 0001:00001bd1       ?GetCategoryMap@CComObjectRootBase@ATL@@SAPBU_ATL_CATMAP_ENTRY@2@XZ 10002bd1 f i LineDisplay.obj
 0001:00001bd4       ?GetConnectionInterface@?$IConnectionPointImpl@VCOPOSLineDisplay@@$1?DIID__IOPOSLineDisplayEvents@@3U_GUID@@BVCComDynamicUnkArray@ATL@@@ATL@@UAGJPAU_GUID@@@Z 10002bd4 f i LineDisplay.obj
 0001:00001bf8       ?GetConnectionPointContainer@?$IConnectionPointImpl@VCOPOSLineDisplay@@$1?DIID__IOPOSLineDisplayEvents@@3U_GUID@@BVCComDynamicUnkArray@ATL@@@ATL@@UAGJPAPAUIConnectionPointContainer@@@Z 10002bf8 f i LineDisplay.obj
 0001:00001c1b       ?UpdateRegistry@COPOSLineDisplay@@SGJH@Z 10002c1b f i LineDisplay.obj
 0001:00001c33       ?Lock@CAtlModule@ATL@@UAEJXZ 10002c33 f i LineDisplay.obj
 0001:00001c3d       ?Unlock@CAtlModule@ATL@@UAEJXZ 10002c3d f i LineDisplay.obj
 0001:00001c47       ?GetLockCount@CAtlModule@ATL@@UAEJXZ 10002c47 f i LineDisplay.obj
 0001:00001c4b       ?GetGITPtr@CAtlModule@ATL@@UAEJPAPAUIGlobalInterfaceTable@@@Z 10002c4b f i LineDisplay.obj
 0001:00001c97       ?ProcessWindowMessage@COPOSLineDisplay@@UAEHPAUHWND__@@IIJAAJK@Z 10002c97 f i LineDisplay.obj
 0001:00001ce0       ?SODirectIO@COPOSLineDisplay@@MAGJJPAJPAPA_W@Z 10002ce0 f i LineDisplay.obj
 0001:00001d29       ?SOStatusUpdate@COPOSLineDisplay@@MAGJJ@Z 10002d29 f i LineDisplay.obj
 0001:00001d62       ?AddCommonRGSReplacements@?$CAtlModuleT@VCComModule@ATL@@@ATL@@UAEJPAUIRegistrarBase@@@Z 10002d62 f i LineDisplay.obj
 0001:00001d7c       ?UpdateRegistryFromResourceD@CComModule@ATL@@UAGJIHPAU_ATL_REGMAP_ENTRY@2@@Z 10002d7c f i LineDisplay.obj
 0001:00001d7c       ?UpdateRegistryFromResourceD@CComModule@ATL@@UAGJPB_WHPAU_ATL_REGMAP_ENTRY@2@@Z 10002d7c f i LineDisplay.obj
 0001:00001d84       ?UpdateRegistryFromResource@CComModule@ATL@@UAGJPB_WHPAU_ATL_REGMAP_ENTRY@2@@Z 10002d84 f i LineDisplay.obj
 0001:00001d8d       ?UpdateRegistryFromResource@CComModule@ATL@@UAGJIHPAU_ATL_REGMAP_ENTRY@2@@Z 10002d8d f i LineDisplay.obj
 0001:00001d96       ??_GCComModule@ATL@@UAEPAXI@Z 10002d96 f i LineDisplay.obj
 0001:00001d96       ??_ECComModule@ATL@@UAEPAXI@Z 10002d96 f i LineDisplay.obj
 0001:00001dbe       ?CreateInstance@?$CComCreator@V?$CComObjectCached@VCComClassFactory@ATL@@@ATL@@@ATL@@SGJPAXABU_GUID@@PAPAX@Z 10002dbe f i LineDisplay.obj
 0001:00001e6a       ?CreateInstance@?$CComCreator2@V?$CComCreator@V?$CComObject@VCOPOSLineDisplay@@@ATL@@@ATL@@V?$CComCreator@V?$CComAggObject@VCOPOSLineDisplay@@@ATL@@@2@@ATL@@SGJPAXABU_GUID@@PAPAX@Z 10002e6a f i LineDisplay.obj
 0001:00001e8a       ?AddRef@?$CComObjectCached@VCComClassFactory@ATL@@@ATL@@UAGKXZ 10002e8a f i LineDisplay.obj
 0001:00001eb1       ?Release@?$CComObjectCached@VCComClassFactory@ATL@@@ATL@@UAGKXZ 10002eb1 f i LineDisplay.obj
 0001:00001ee7       ?QueryInterface@?$CComObjectCached@VCComClassFactory@ATL@@@ATL@@UAGJABU_GUID@@PAPAX@Z 10002ee7 f i LineDisplay.obj
 0001:00001f01       ??_E?$CComObjectCached@VCComClassFactory@ATL@@@ATL@@UAEPAXI@Z 10002f01 f i LineDisplay.obj
 0001:00001f01       ??_G?$CComObjectCached@VCComClassFactory@ATL@@@ATL@@UAEPAXI@Z 10002f01 f i LineDisplay.obj
 0001:00001f23       ?Next@?$CComEnumImpl@UIEnumConnectionPoints@@$1?_GUID_b196b285_bab4_101a_b69c_00aa00341d07@@3U__s_GUID@@BPAUIConnectionPoint@@V?$_CopyInterface@UIConnectionPoint@@@ATL@@@ATL@@UAGJKPAPAUIConnectionPoint@@PAK@Z 10002f23 f i LineDisplay.obj
 0001:00001ffa       ?Skip@?$CComEnumImpl@UIEnumConnectionPoints@@$1?_GUID_b196b285_bab4_101a_b69c_00aa00341d07@@3U__s_GUID@@BPAUIConnectionPoint@@V?$_CopyInterface@UIConnectionPoint@@@ATL@@@ATL@@UAGJK@Z 10002ffa f i LineDisplay.obj
 0001:00002027       ?Reset@?$CComEnumImpl@UIEnumConnections@@$1?_GUID_b196b287_bab4_101a_b69c_00aa00341d07@@3U__s_GUID@@BUtagCONNECTDATA@@V?$_Copy@UtagCONNECTDATA@@@ATL@@@ATL@@UAGJXZ 10003027 f i LineDisplay.obj
 0001:00002027       ?Reset@?$CComEnumImpl@UIEnumConnectionPoints@@$1?_GUID_b196b285_bab4_101a_b69c_00aa00341d07@@3U__s_GUID@@BPAUIConnectionPoint@@V?$_CopyInterface@UIConnectionPoint@@@ATL@@@ATL@@UAGJXZ 10003027 f i LineDisplay.obj
 0001:00002039       ?Clone@?$CComEnumImpl@UIEnumConnectionPoints@@$1?_GUID_b196b285_bab4_101a_b69c_00aa00341d07@@3U__s_GUID@@BPAUIConnectionPoint@@V?$_CopyInterface@UIConnectionPoint@@@ATL@@@ATL@@UAGJPAPAUIEnumConnectionPoints@@@Z 10003039 f i LineDisplay.obj
 0001:0000211a       ?AddRef@?$CComObject@V?$CComEnum@UIEnumConnectionPoints@@$1?_GUID_b196b285_bab4_101a_b69c_00aa00341d07@@3U__s_GUID@@BPAUIConnectionPoint@@V?$_CopyInterface@UIConnectionPoint@@@ATL@@VCComSingleThreadModel@6@@ATL@@@ATL@@UAGKXZ 1000311a f i LineDisplay.obj
 0001:0000211a       ?AddRef@?$CComObject@V?$CComEnum@UIEnumConnections@@$1?_GUID_b196b287_bab4_101a_b69c_00aa00341d07@@3U__s_GUID@@BUtagCONNECTDATA@@V?$_Copy@UtagCONNECTDATA@@@ATL@@VCComSingleThreadModel@6@@ATL@@@ATL@@UAGKXZ 1000311a f i LineDisplay.obj
 0001:0000212b       ?Release@?$CComObject@V?$CComEnum@UIEnumConnections@@$1?_GUID_b196b287_bab4_101a_b69c_00aa00341d07@@3U__s_GUID@@BUtagCONNECTDATA@@V?$_Copy@UtagCONNECTDATA@@@ATL@@VCComSingleThreadModel@6@@ATL@@@ATL@@UAGKXZ 1000312b f i LineDisplay.obj
 0001:0000212b       ?Release@?$CComObject@V?$CComEnum@UIEnumConnectionPoints@@$1?_GUID_b196b285_bab4_101a_b69c_00aa00341d07@@3U__s_GUID@@BPAUIConnectionPoint@@V?$_CopyInterface@UIConnectionPoint@@@ATL@@VCComSingleThreadModel@6@@ATL@@@ATL@@UAGKXZ 1000312b f i LineDisplay.obj
 0001:00002167       ?QueryInterface@?$CComObject@V?$CComEnum@UIEnumConnectionPoints@@$1?_GUID_b196b285_bab4_101a_b69c_00aa00341d07@@3U__s_GUID@@BPAUIConnectionPoint@@V?$_CopyInterface@UIConnectionPoint@@@ATL@@VCComSingleThreadModel@6@@ATL@@@ATL@@UAGJABU_GUID@@PAPAX@Z 10003167 f i LineDisplay.obj
 0001:00002181       ??_E?$CComObject@V?$CComEnum@UIEnumConnectionPoints@@$1?_GUID_b196b285_bab4_101a_b69c_00aa00341d07@@3U__s_GUID@@BPAUIConnectionPoint@@V?$_CopyInterface@UIConnectionPoint@@@ATL@@VCComSingleThreadModel@6@@ATL@@@ATL@@UAEPAXI@Z 10003181 f i LineDisplay.obj
 0001:00002181       ??_G?$CComObject@V?$CComEnum@UIEnumConnectionPoints@@$1?_GUID_b196b285_bab4_101a_b69c_00aa00341d07@@3U__s_GUID@@BPAUIConnectionPoint@@V?$_CopyInterface@UIConnectionPoint@@@ATL@@VCComSingleThreadModel@6@@ATL@@@ATL@@UAEPAXI@Z 10003181 f i LineDisplay.obj
 0001:000021a3       ?AddRef@CRegObject@ATL@@UAGKXZ 100031a3 f i LineDisplay.obj
 0001:000021a9       ?AddReplacement@CRegObject@ATL@@UAGJPB_W0@Z 100031a9 f i LineDisplay.obj
 0001:000021e2       ?ClearReplacements@CRegObject@ATL@@UAGJXZ 100031e2 f i LineDisplay.obj
 0001:000021f4       ??_ECRegObject@ATL@@UAEPAXI@Z 100031f4 f i LineDisplay.obj
 0001:000021f4       ??_GCRegObject@ATL@@UAEPAXI@Z 100031f4 f i LineDisplay.obj
 0001:00002216       ?AddRef@?$CComAggObject@VCOPOSLineDisplay@@@ATL@@UAGKXZ 10003216 f i LineDisplay.obj
 0001:00002227       ?Release@?$CComAggObject@VCOPOSLineDisplay@@@ATL@@UAGKXZ 10003227 f i LineDisplay.obj
 0001:00002263       ?QueryInterface@?$CComAggObject@VCOPOSLineDisplay@@@ATL@@UAGJABU_GUID@@PAPAX@Z 10003263 f i LineDisplay.obj
 0001:000022b2       ?AddRef@?$CComContainedObject@VCOPOSLineDisplay@@@ATL@@UAGKXZ 100032b2 f i LineDisplay.obj
 0001:000022c8       ?Release@?$CComContainedObject@VCOPOSLineDisplay@@@ATL@@UAGKXZ 100032c8 f i LineDisplay.obj
 0001:000022de       ?QueryInterface@?$CComContainedObject@VCOPOSLineDisplay@@@ATL@@UAGJABU_GUID@@PAPAX@Z 100032de f i LineDisplay.obj
 0001:000022f9       ??_G?$CComAggObject@VCOPOSLineDisplay@@@ATL@@UAEPAXI@Z 100032f9 f i LineDisplay.obj
 0001:000022f9       ??_E?$CComAggObject@VCOPOSLineDisplay@@@ATL@@UAEPAXI@Z 100032f9 f i LineDisplay.obj
 0001:0000231e       ?AddRef@?$CComObject@VCOPOSLineDisplay@@@ATL@@UAGKXZ 1000331e f i LineDisplay.obj
 0001:00002335       ?Release@?$CComObject@VCOPOSLineDisplay@@@ATL@@UAGKXZ 10003335 f i LineDisplay.obj
 0001:00002377       ?QueryInterface@?$CComObject@VCOPOSLineDisplay@@@ATL@@UAGJABU_GUID@@PAPAX@Z 10003377 f i LineDisplay.obj
 0001:00002391       ?OnDrawAdvanced@CComControlBase@ATL@@UAEJAAUATL_DRAWINFO@@@Z 10003391 f i LineDisplay.obj
 0001:00002484       ?Next@?$CComEnumImpl@UIEnumConnections@@$1?_GUID_b196b287_bab4_101a_b69c_00aa00341d07@@3U__s_GUID@@BUtagCONNECTDATA@@V?$_Copy@UtagCONNECTDATA@@@ATL@@@ATL@@UAGJKPAUtagCONNECTDATA@@PAK@Z 10003484 f i LineDisplay.obj
 0001:0000255b       ?Skip@?$CComEnumImpl@UIEnumConnections@@$1?_GUID_b196b287_bab4_101a_b69c_00aa00341d07@@3U__s_GUID@@BUtagCONNECTDATA@@V?$_Copy@UtagCONNECTDATA@@@ATL@@@ATL@@UAGJK@Z 1000355b f i LineDisplay.obj
 0001:00002588       ?Clone@?$CComEnumImpl@UIEnumConnections@@$1?_GUID_b196b287_bab4_101a_b69c_00aa00341d07@@3U__s_GUID@@BUtagCONNECTDATA@@V?$_Copy@UtagCONNECTDATA@@@ATL@@@ATL@@UAGJPAPAUIEnumConnections@@@Z 10003588 f i LineDisplay.obj
 0001:00002669       ?QueryInterface@?$CComObject@V?$CComEnum@UIEnumConnections@@$1?_GUID_b196b287_bab4_101a_b69c_00aa00341d07@@3U__s_GUID@@BUtagCONNECTDATA@@V?$_Copy@UtagCONNECTDATA@@@ATL@@VCComSingleThreadModel@6@@ATL@@@ATL@@UAGJABU_GUID@@PAPAX@Z 10003669 f i LineDisplay.obj
 0001:00002683       ??_E?$CComObject@V?$CComEnum@UIEnumConnections@@$1?_GUID_b196b287_bab4_101a_b69c_00aa00341d07@@3U__s_GUID@@BUtagCONNECTDATA@@V?$_Copy@UtagCONNECTDATA@@@ATL@@VCComSingleThreadModel@6@@ATL@@@ATL@@UAEPAXI@Z 10003683 f i LineDisplay.obj
 0001:00002683       ??_G?$CComObject@V?$CComEnum@UIEnumConnections@@$1?_GUID_b196b287_bab4_101a_b69c_00aa00341d07@@3U__s_GUID@@BUtagCONNECTDATA@@V?$_Copy@UtagCONNECTDATA@@@ATL@@VCComSingleThreadModel@6@@ATL@@@ATL@@UAEPAXI@Z 10003683 f i LineDisplay.obj
 0001:000026a5       ??_E?$CComObject@VCOPOSLineDisplay@@@ATL@@W3AEPAXI@Z 100036a5 f i LineDisplay.obj
 0001:000026ad       ??_E?$CComObject@VCOPOSLineDisplay@@@ATL@@WEM@AEPAXI@Z 100036ad f i LineDisplay.obj
 0001:000026b5       ?QueryInterface@?$CComObject@VCOPOSLineDisplay@@@ATL@@WHA@AGJABU_GUID@@PAPAX@Z 100036b5 f i LineDisplay.obj
 0001:000026bf       ?AddRef@?$CComObject@VCOPOSLineDisplay@@@ATL@@WHA@AGKXZ 100036bf f i LineDisplay.obj
 0001:000026c9       ?Release@?$CComObject@VCOPOSLineDisplay@@@ATL@@WHA@AGKXZ 100036c9 f i LineDisplay.obj
 0001:000026d3       ?QueryInterface@?$CComObject@VCOPOSLineDisplay@@@ATL@@WHE@AGJABU_GUID@@PAPAX@Z 100036d3 f i LineDisplay.obj
 0001:000026dd       ?AddRef@?$CComObject@VCOPOSLineDisplay@@@ATL@@WHE@AGKXZ 100036dd f i LineDisplay.obj
 0001:000026e7       ?Release@?$CComObject@VCOPOSLineDisplay@@@ATL@@WHE@AGKXZ 100036e7 f i LineDisplay.obj
 0001:000026f1       ?QueryInterface@?$CComObject@VCOPOSLineDisplay@@@ATL@@WHI@AGJABU_GUID@@PAPAX@Z 100036f1 f i LineDisplay.obj
 0001:000026fb       ?AddRef@?$CComObject@VCOPOSLineDisplay@@@ATL@@WHI@AGKXZ 100036fb f i LineDisplay.obj
 0001:00002705       ?Release@?$CComObject@VCOPOSLineDisplay@@@ATL@@WHI@AGKXZ 10003705 f i LineDisplay.obj
 0001:0000270f       ?QueryInterface@?$CComObject@VCOPOSLineDisplay@@@ATL@@WHM@AGJABU_GUID@@PAPAX@Z 1000370f f i LineDisplay.obj
 0001:00002719       ?AddRef@?$CComObject@VCOPOSLineDisplay@@@ATL@@WHM@AGKXZ 10003719 f i LineDisplay.obj
 0001:00002723       ?Release@?$CComObject@VCOPOSLineDisplay@@@ATL@@WHM@AGKXZ 10003723 f i LineDisplay.obj
 0001:0000272d       ?QueryInterface@?$CComObject@VCOPOSLineDisplay@@@ATL@@WIA@AGJABU_GUID@@PAPAX@Z 1000372d f i LineDisplay.obj
 0001:0000273a       ?AddRef@?$CComObject@VCOPOSLineDisplay@@@ATL@@WIA@AGKXZ 1000373a f i LineDisplay.obj
 0001:00002747       ?Release@?$CComObject@VCOPOSLineDisplay@@@ATL@@WIA@AGKXZ 10003747 f i LineDisplay.obj
 0001:00002754       ?QueryInterface@?$CComObject@VCOPOSLineDisplay@@@ATL@@WIE@AGJABU_GUID@@PAPAX@Z 10003754 f i LineDisplay.obj
 0001:00002761       ?AddRef@?$CComObject@VCOPOSLineDisplay@@@ATL@@WIE@AGKXZ 10003761 f i LineDisplay.obj
 0001:0000276e       ?Release@?$CComObject@VCOPOSLineDisplay@@@ATL@@WIE@AGKXZ 1000376e f i LineDisplay.obj
 0001:0000277b       ?QueryInterface@?$CComObject@VCOPOSLineDisplay@@@ATL@@WII@AGJABU_GUID@@PAPAX@Z 1000377b f i LineDisplay.obj
 0001:00002788       ?AddRef@?$CComObject@VCOPOSLineDisplay@@@ATL@@WII@AGKXZ 10003788 f i LineDisplay.obj
 0001:00002795       ?Release@?$CComObject@VCOPOSLineDisplay@@@ATL@@WII@AGKXZ 10003795 f i LineDisplay.obj
 0001:000027a2       ?QueryInterface@?$CComObject@VCOPOSLineDisplay@@@ATL@@WIM@AGJABU_GUID@@PAPAX@Z 100037a2 f i LineDisplay.obj
 0001:000027af       ?AddRef@?$CComObject@VCOPOSLineDisplay@@@ATL@@WIM@AGKXZ 100037af f i LineDisplay.obj
 0001:000027bc       ?Release@?$CComObject@VCOPOSLineDisplay@@@ATL@@WIM@AGKXZ 100037bc f i LineDisplay.obj
 0001:000027c9       ?QueryInterface@?$CComObject@VCOPOSLineDisplay@@@ATL@@WJA@AGJABU_GUID@@PAPAX@Z 100037c9 f i LineDisplay.obj
 0001:000027d6       ?AddRef@?$CComObject@VCOPOSLineDisplay@@@ATL@@WJA@AGKXZ 100037d6 f i LineDisplay.obj
 0001:000027e3       ?Release@?$CComObject@VCOPOSLineDisplay@@@ATL@@WJA@AGKXZ 100037e3 f i LineDisplay.obj
 0001:000027f0       ?QueryInterface@?$CComObject@VCOPOSLineDisplay@@@ATL@@WJE@AGJABU_GUID@@PAPAX@Z 100037f0 f i LineDisplay.obj
 0001:000027fd       ?AddRef@?$CComObject@VCOPOSLineDisplay@@@ATL@@WJE@AGKXZ 100037fd f i LineDisplay.obj
 0001:0000280a       ?Release@?$CComObject@VCOPOSLineDisplay@@@ATL@@WJE@AGKXZ 1000380a f i LineDisplay.obj
 0001:00002817       ?QueryInterface@?$CComObject@VCOPOSLineDisplay@@@ATL@@WJI@AGJABU_GUID@@PAPAX@Z 10003817 f i LineDisplay.obj
 0001:00002824       ?AddRef@?$CComObject@VCOPOSLineDisplay@@@ATL@@WJI@AGKXZ 10003824 f i LineDisplay.obj
 0001:00002831       ?Release@?$CComObject@VCOPOSLineDisplay@@@ATL@@WJI@AGKXZ 10003831 f i LineDisplay.obj
 0001:0000283e       ?QueryInterface@?$CComObject@VCOPOSLineDisplay@@@ATL@@WJM@AGJABU_GUID@@PAPAX@Z 1000383e f i LineDisplay.obj
 0001:0000284b       ?AddRef@?$CComObject@VCOPOSLineDisplay@@@ATL@@WJM@AGKXZ 1000384b f i LineDisplay.obj
 0001:00002858       ?Release@?$CComObject@VCOPOSLineDisplay@@@ATL@@WJM@AGKXZ 10003858 f i LineDisplay.obj
 0001:00002865       ?QueryInterface@?$CComObject@VCOPOSLineDisplay@@@ATL@@WKA@AGJABU_GUID@@PAPAX@Z 10003865 f i LineDisplay.obj
 0001:00002872       ?AddRef@?$CComObject@VCOPOSLineDisplay@@@ATL@@WKA@AGKXZ 10003872 f i LineDisplay.obj
 0001:0000287f       ?Release@?$CComObject@VCOPOSLineDisplay@@@ATL@@WKA@AGKXZ 1000387f f i LineDisplay.obj
 0001:0000288c       ?AddRef@?$CComObject@VCOPOSLineDisplay@@@ATL@@WKI@AGKXZ 1000388c f i LineDisplay.obj
 0001:00002899       ?Release@?$CComObject@VCOPOSLineDisplay@@@ATL@@WKI@AGKXZ 10003899 f i LineDisplay.obj
 0001:000028a6       ?AddRef@?$CComObject@VCOPOSLineDisplay@@@ATL@@WLE@AGKXZ 100038a6 f i LineDisplay.obj
 0001:000028b3       ?Release@?$CComObject@VCOPOSLineDisplay@@@ATL@@WLE@AGKXZ 100038b3 f i LineDisplay.obj
 0001:000028c0       ??_E?$CComContainedObject@VCOPOSLineDisplay@@@ATL@@W3AEPAXI@Z 100038c0 f i LineDisplay.obj
 0001:000028c8       ??_E?$CComContainedObject@VCOPOSLineDisplay@@@ATL@@WEM@AEPAXI@Z 100038c8 f i LineDisplay.obj
 0001:000028d0       ?QueryInterface@?$CComContainedObject@VCOPOSLineDisplay@@@ATL@@WHA@AGJABU_GUID@@PAPAX@Z 100038d0 f i LineDisplay.obj
 0001:000028da       ?AddRef@?$CComContainedObject@VCOPOSLineDisplay@@@ATL@@WHA@AGKXZ 100038da f i LineDisplay.obj
 0001:000028e4       ?Release@?$CComContainedObject@VCOPOSLineDisplay@@@ATL@@WHA@AGKXZ 100038e4 f i LineDisplay.obj
 0001:000028ee       ?QueryInterface@?$CComContainedObject@VCOPOSLineDisplay@@@ATL@@WHE@AGJABU_GUID@@PAPAX@Z 100038ee f i LineDisplay.obj
 0001:000028f8       ?AddRef@?$CComContainedObject@VCOPOSLineDisplay@@@ATL@@WHE@AGKXZ 100038f8 f i LineDisplay.obj
 0001:00002902       ??$?4UITypeInfo2@@@?$CComPtr@UITypeInfo@@@ATL@@QAEPAUITypeInfo@@ABV?$CComPtr@UITypeInfo2@@@1@@Z 10003902 f i LineDisplay.obj
 0001:0000292f       ??$AtlAdd@K@ATL@@YAJPAKKK@Z 1000392f f i LineDisplay.obj
 0001:00002952       ??$AtlAdd@_K@ATL@@YAJPA_K_K1@Z 10003952 f i LineDisplay.obj
 0001:0000298a       ??$AtlAddThrow@K@ATL@@YAKKK@Z 1000398a f i LineDisplay.obj
 0001:000029b0       ??$AtlModuleRegisterWndClassInfoT@VAtlModuleRegisterWndClassInfoParamW@ATL@@@ATL@@YAGPAU_ATL_BASE_MODULE70@0@PAU_ATL_WIN_MODULE70@0@PAU_ATL_WNDCLASSINFOW@0@PAP6GJPAUHWND__@@IIJ@ZVAtlModuleRegisterWndClassInfoParamW@0@@Z 100039b0 f i LineDisplay.obj
 0001:00002afe       ??$AtlMultiply@H@ATL@@YAJPAHHH@Z 10003afe f i LineDisplay.obj
 0001:00002b36       ??$AtlMultiply@I@ATL@@YAJPAIII@Z 10003b36 f i LineDisplay.obj
 0001:00002b36       ??$AtlMultiply@K@ATL@@YAJPAKKK@Z 10003b36 f i LineDisplay.obj
 0001:00002b58       ??$AtlMultiplyThrow@I@ATL@@YAIII@Z 10003b58 f i LineDisplay.obj
 0001:00002b7e       ??0?$CComAggObject@VCOPOSLineDisplay@@@ATL@@QAE@PAX@Z 10003b7e f i LineDisplay.obj
 0001:00002bab       ??0?$CComContainedObject@VCOPOSLineDisplay@@@ATL@@QAE@PAX@Z 10003bab f i LineDisplay.obj
 0001:00002c64       ??0?$CComObject@V?$CComEnum@UIEnumConnectionPoints@@$1?_GUID_b196b285_bab4_101a_b69c_00aa00341d07@@3U__s_GUID@@BPAUIConnectionPoint@@V?$_CopyInterface@UIConnectionPoint@@@ATL@@VCComSingleThreadModel@6@@ATL@@@ATL@@QAE@PAX@Z 10003c64 f i LineDisplay.obj
 0001:00002c92       ??0?$CComObject@V?$CComEnum@UIEnumConnections@@$1?_GUID_b196b287_bab4_101a_b69c_00aa00341d07@@3U__s_GUID@@BUtagCONNECTDATA@@V?$_Copy@UtagCONNECTDATA@@@ATL@@VCComSingleThreadModel@6@@ATL@@@ATL@@QAE@PAX@Z 10003c92 f i LineDisplay.obj
 0001:00002cc0       ??0?$CComObject@VCOPOSLineDisplay@@@ATL@@QAE@PAX@Z 10003cc0 f i LineDisplay.obj
 0001:00002d77       ??0?$CComQIPtr@UIOleControlSite@@$1?_GUID_b196b289_bab4_101a_b69c_00aa00341d07@@3U__s_GUID@@B@ATL@@QAE@PAUIUnknown@@@Z 10003d77 f i LineDisplay.obj
 0001:00002da0       ??0CAtlModule@ATL@@QAE@XZ  10003da0 f i LineDisplay.obj
 0001:00002de1       ??0CParseBuffer@CRegParser@ATL@@QAE@H@Z 10003de1 f i LineDisplay.obj
 0001:00002e17       ??0_ATL_MSG@ATL@@QAE@PAUHWND__@@IIJH@Z 10003e17 f i LineDisplay.obj
 0001:00002e4f       ??1?$CComAggObject@VCOPOSLineDisplay@@@ATL@@UAE@XZ 10003e4f f i LineDisplay.obj
 0001:00002e73       ??1?$CComEnumImpl@UIEnumConnectionPoints@@$1?_GUID_b196b285_bab4_101a_b69c_00aa00341d07@@3U__s_GUID@@BPAUIConnectionPoint@@V?$_CopyInterface@UIConnectionPoint@@@ATL@@@ATL@@UAE@XZ 10003e73 f i LineDisplay.obj
 0001:00002eb3       ??1?$CComEnumImpl@UIEnumConnections@@$1?_GUID_b196b287_bab4_101a_b69c_00aa00341d07@@3U__s_GUID@@BUtagCONNECTDATA@@V?$_Copy@UtagCONNECTDATA@@@ATL@@@ATL@@UAE@XZ 10003eb3 f i LineDisplay.obj
 0001:00002ef3       ??1?$CComObject@V?$CComEnum@UIEnumConnectionPoints@@$1?_GUID_b196b285_bab4_101a_b69c_00aa00341d07@@3U__s_GUID@@BPAUIConnectionPoint@@V?$_CopyInterface@UIConnectionPoint@@@ATL@@VCComSingleThreadModel@6@@ATL@@@ATL@@UAE@XZ 10003ef3 f i LineDisplay.obj
 0001:00002f16       ??1?$CComObject@V?$CComEnum@UIEnumConnections@@$1?_GUID_b196b287_bab4_101a_b69c_00aa00341d07@@3U__s_GUID@@BUtagCONNECTDATA@@V?$_Copy@UtagCONNECTDATA@@@ATL@@VCComSingleThreadModel@6@@ATL@@@ATL@@UAE@XZ 10003f16 f i LineDisplay.obj
 0001:00002f39       ??1?$CComObject@VCOPOSLineDisplay@@@ATL@@UAE@XZ 10003f39 f i LineDisplay.obj
 0001:00002ff7       ??1?$CComObjectCached@VCComClassFactory@ATL@@@ATL@@UAE@XZ 10003ff7 f i LineDisplay.obj
 0001:0000300d       ??1?$CComObjectRootEx@VCComMultiThreadModel@ATL@@@ATL@@QAE@XZ 1000400d f i LineDisplay.obj
 0001:00003022       ??1CRegObject@ATL@@UAE@XZ  10004022 f i LineDisplay.obj
 0001:00003042       ??4?$CComPtr@UIOleClientSite@@@ATL@@QAEPAUIOleClientSite@@PAU2@@Z 10004042 f i LineDisplay.obj
 0001:00003042       ??4?$CComPtr@UIUnknown@@@ATL@@QAEPAUIUnknown@@PAU2@@Z 10004042 f i LineDisplay.obj
 0001:00003042       ??4?$CComPtr@UIAdviseSink@@@ATL@@QAEPAUIAdviseSink@@PAU2@@Z 10004042 f i LineDisplay.obj
 0001:00003076       ??_E?$CComContainedObject@VCOPOSLineDisplay@@@ATL@@UAEPAXI@Z 10004076 f i LineDisplay.obj
 0001:00003076       ??_G?$CComContainedObject@VCOPOSLineDisplay@@@ATL@@UAEPAXI@Z 10004076 f i LineDisplay.obj
 0001:0000309b       ??_G?$CComObject@VCOPOSLineDisplay@@@ATL@@UAEPAXI@Z 1000409b f i LineDisplay.obj
 0001:0000309b       ??_E?$CComObject@VCOPOSLineDisplay@@@ATL@@UAEPAXI@Z 1000409b f i LineDisplay.obj
 0001:000030c0       ?Add@?$CSimpleArray@GV?$CSimpleArrayEqualHelper@G@ATL@@@ATL@@QAEHABG@Z 100040c0 f i LineDisplay.obj
 0001:00003144       ?Add@?$CSimpleMap@PA_WPA_WVCExpansionVectorEqualHelper@ATL@@@ATL@@QAEHABQA_W0@Z 10004144 f i LineDisplay.obj
 0001:00003199       ?Add@CComDynamicUnkArray@ATL@@QAEKPAUIUnknown@@@Z 10004199 f i LineDisplay.obj
 0001:0000324f       ?Add@CExpansionVector@ATL@@QAEHPB_W0@Z 1000424f f i LineDisplay.obj
 0001:00003358       ?AddString@CParseBuffer@CRegParser@ATL@@QAEHPB_W@Z 10004358 f i LineDisplay.obj
 0001:0000338d       ?AddTermFunc@CAtlModule@ATL@@QAEJP6GXK@ZK@Z 1000438d f i LineDisplay.obj
 0001:000033f0       ?AddValue@CRegParser@ATL@@IAEJAAVCRegKey@2@PB_WPA_W@Z 100043f0 f i LineDisplay.obj
 0001:0000370a       ?Allocate@?$CAtlSafeAllocBufferManager@VCCRTAllocator@ATL@@@_ATL_SAFE_ALLOCA_IMPL@ATL@@QAEPAXK@Z 1000470a f i LineDisplay.obj
 0001:00003737       ?Allocate@?$CTempBuffer@E$0BAA@VCCRTAllocator@ATL@@@ATL@@QAEPAEI@Z 10004737 f i LineDisplay.obj
 0001:00003766       ?Allocate@?$CTempBuffer@_W$0BAA@VCCRTAllocator@ATL@@@ATL@@QAEPA_WI@Z 10004766 f i LineDisplay.obj
 0001:00003795       ?Allocate@?$CTempBuffer@_W$0EAA@VCCRTAllocator@ATL@@@ATL@@QAEPA_WI@Z 10004795 f i LineDisplay.obj
 0001:000037c4       ?AllocateHeap@?$CTempBuffer@_W$0EAA@VCCRTAllocator@ATL@@@ATL@@AAEXI@Z 100047c4 f i LineDisplay.obj
 0001:000037c4       ?AllocateHeap@?$CTempBuffer@E$0BAA@VCCRTAllocator@ATL@@@ATL@@AAEXI@Z 100047c4 f i LineDisplay.obj
 0001:000037c4       ?AllocateHeap@?$CTempBuffer@_W$0BAA@VCCRTAllocator@ATL@@@ATL@@AAEXI@Z 100047c4 f i LineDisplay.obj
 0001:000037e9       ?Append@CParseBuffer@CRegParser@ATL@@QAEHPB_WH@Z 100047e9 f i LineDisplay.obj
 0001:00003877       ?AtlCoTaskMemCAlloc@ATL@@YAPAXKK@Z 10004877 f i LineDisplay.obj
 0001:000038a4       ?AtlCoTaskMemRecalloc@ATL@@YAPAXPAXKK@Z 100048a4 f i LineDisplay.obj
 0001:000038d4       ?AtlComModuleGetClassObject@ATL@@YGJPAU_ATL_COM_MODULE70@1@ABU_GUID@@1PAPAX@Z 100048d4 f i LineDisplay.obj
 0001:000039c7       ?AtlComModuleRegisterServer@ATL@@YGJPAU_ATL_COM_MODULE70@1@HPBU_GUID@@@Z 100049c7 f i LineDisplay.obj
 0001:00003a4f       ?AtlComModuleUnregisterServer@ATL@@YGJPAU_ATL_COM_MODULE70@1@HPBU_GUID@@@Z 10004a4f f i LineDisplay.obj
 0001:00003ad7       ?AtlComQIPtrAssign2@ATL@@YAXPAPAUIUnknown@@PAU2@ABU_GUID@@@Z 10004ad7 f i LineDisplay.obj
 0001:00003b06       ?AtlCreateTargetDC@ATL@@YGPAUHDC__@@PAU2@PAUtagDVTARGETDEVICE@@@Z 10004b06 f i LineDisplay.obj
 0001:00003b6f       ?AtlCrtErrorCheck@ATL@@YAHH@Z 10004b6f f i LineDisplay.obj
 0001:00003baa       ?AtlHiMetricToPixel@ATL@@YGXPBUtagSIZE@@PAU2@@Z 10004baa f i LineDisplay.obj
 0001:00003c1f       ?AtlHresultFromLastError@ATL@@YAJXZ 10004c1f f i LineDisplay.obj
 0001:00003c36       ?AtlHresultFromWin32@ATL@@YAJK@Z 10004c36 f i LineDisplay.obj
 0001:00003c4b       ?AtlInternalOleLoadFromStream@ATL@@YAJPAUIStream@@ABU_GUID@@PAPAXTClassesAllowedInStream@1@K@Z 10004c4b f i LineDisplay.obj
 0001:00003d71       ?AtlInternalQueryInterface@ATL@@YGJPAXPBU_ATL_INTMAP_ENTRY@1@ABU_GUID@@PAPAX@Z 10004d71 f i LineDisplay.obj
 0001:00003e14       ?AtlLoadTypeLib@ATL@@YGJPAUHINSTANCE__@@PB_WPAPA_WPAPAUITypeLib@@@Z 10004e14 f i LineDisplay.obj
 0001:00003ff2       ?AtlRegisterClassCategoriesHelper@ATL@@YGJABU_GUID@@PBU_ATL_CATMAP_ENTRY@1@H@Z 10004ff2 f i LineDisplay.obj
 0001:000042ee       ?AtlRegisterTypeLib@ATL@@YGJPAUHINSTANCE__@@PB_W@Z 100052ee f i LineDisplay.obj
 0001:00004476       ?AtlThrowImpl@ATL@@YGXJ@Z  10005476 f i LineDisplay.obj
 0001:00004494       ?AtlUnRegisterTypeLib@ATL@@YGJPAUHINSTANCE__@@PB_W@Z 10005494 f i LineDisplay.obj
 0001:0000453f       ?AtlWinModuleAddCreateWndData@ATL@@YGXPAU_ATL_WIN_MODULE70@1@PAU_AtlCreateWndData@1@PAX@Z 1000553f f i LineDisplay.obj
 0001:00004593       ?AtlWinModuleExtractCreateWndData@ATL@@YGPAXPAU_ATL_WIN_MODULE70@1@@Z 10005593 f i LineDisplay.obj
 0001:000045f6       ?AtlWinModuleRegisterClassExW@ATL@@YGGPAU_ATL_WIN_MODULE70@1@PBUtagWNDCLASSEXW@@@Z 100055f6 f i LineDisplay.obj
 0001:00004635       ?CanForceRemoveKey@CRegParser@ATL@@IAEHPB_W@Z 10005635 f i LineDisplay.obj
 0001:00004664       ?ChToByte@CRegParser@ATL@@KAE_W@Z 10005664 f i LineDisplay.obj
 0001:00004697       ?Cleanup@CComTypeInfoHolder@ATL@@SGXK@Z 10005697 f i LineDisplay.obj
 0001:000046ca       ?ClearReplacements@CExpansionVector@ATL@@QAEJXZ 100056ca f i LineDisplay.obj
 0001:00004707       ?Close@CRegKey@ATL@@QAEJXZ 10005707 f i LineDisplay.obj
 0001:00004721       ?CreateInstance@?$CComCreator@V?$CComAggObject@VCOPOSLineDisplay@@@ATL@@@ATL@@SGJPAXABU_GUID@@PAPAX@Z 10005721 f i LineDisplay.obj
 0001:00004797       ?CreateInstance@?$CComCreator@V?$CComObject@VCOPOSLineDisplay@@@ATL@@@ATL@@SGJPAXABU_GUID@@PAPAX@Z 10005797 f i LineDisplay.obj
 0001:00004818       ?CreateInstance@?$CComObject@V?$CComEnum@UIEnumConnectionPoints@@$1?_GUID_b196b285_bab4_101a_b69c_00aa00341d07@@3U__s_GUID@@BPAUIConnectionPoint@@V?$_CopyInterface@UIConnectionPoint@@@ATL@@VCComSingleThreadModel@6@@ATL@@@ATL@@SGJPAPAV12@@Z 10005818 f i LineDisplay.obj
 0001:0000485f       ?CreateInstance@?$CComObject@V?$CComEnum@UIEnumConnections@@$1?_GUID_b196b287_bab4_101a_b69c_00aa00341d07@@3U__s_GUID@@BUtagCONNECTDATA@@V?$_Copy@UtagCONNECTDATA@@@ATL@@VCComSingleThreadModel@6@@ATL@@@ATL@@SGJPAPAV12@@Z 1000585f f i LineDisplay.obj
 0001:000048a6       ?DefaultReflectionHandler@?$CWindowImplRoot@VCWindow@ATL@@@ATL@@SAHPAUHWND__@@IIJAAJ@Z 100058a6 f i LineDisplay.obj
 0001:00004919       ?DeleteSubKey@CRegKey@ATL@@QAEJPB_W@Z 10005919 f i LineDisplay.obj
 0001:00004992       ?DoEvent@COPOSLineDisplay@@IAEXIIJ@Z 10005992 f i LineDisplay.obj
 0001:00004a12       ?DoVerbHide@?$IOleObjectImpl@VCOPOSLineDisplay@@@ATL@@QAEJPBUtagRECT@@PAUHWND__@@@Z 10005a12 f i LineDisplay.obj
 0001:00004a48       ?DoVerbInPlaceActivate@?$IOleObjectImpl@VCOPOSLineDisplay@@@ATL@@QAEJPBUtagRECT@@PAUHWND__@@@Z 10005a48 f i LineDisplay.obj
 0001:00004a7b       ?DoVerbPrimary@?$IOleObjectImpl@VCOPOSLineDisplay@@@ATL@@QAEJPBUtagRECT@@PAUHWND__@@@Z 10005a7b f i LineDisplay.obj
 0001:00004b07       ?DoVerbProperties@CComControlBase@ATL@@QAEJPBUtagRECT@@PAUHWND__@@@Z 10005b07 f i LineDisplay.obj
 0001:00004c86       ?DoVerbUIActivate@?$IOleObjectImpl@VCOPOSLineDisplay@@@ATL@@QAEJPBUtagRECT@@PAUHWND__@@@Z 10005c86 f i LineDisplay.obj
 0001:00004cc3       ?DoesVerbActivate@CComControlBase@ATL@@QAEHJ@Z 10005cc3 f i LineDisplay.obj
 0001:00004ce4       ?DoesVerbUIActivate@CComControlBase@ATL@@QAEHJ@Z 10005ce4 f i LineDisplay.obj
 0001:00004d19       ?EndOfVar@CRegParser@ATL@@IAEHXZ 10005d19 f i LineDisplay.obj
 0001:00004d39       ?EscapeSingleQuote@CAtlModule@ATL@@SAXPA_WIPB_W@Z 10005d39 f i LineDisplay.obj
 0001:00004d88       ?FindKey@?$CSimpleMap@PA_WPA_WVCExpansionVectorEqualHelper@ATL@@@ATL@@QBEHABQA_W@Z 10005d88 f i LineDisplay.obj
 0001:00004dbf       ?FireTheEvent@?$CProxy_IOPOSEvents@VCOPOSLineDisplay@@@@IAEXPAVOposVariant@@IAAJPB_WJ@Z 10005dbf f i LineDisplay.obj
 0001:00004e51       ?FireViewChange@CComControlBase@ATL@@QAEJXZ 10005e51 f i LineDisplay.obj
 0001:00004e9a       ?Fire_DirectIOEvent@?$CProxy_IOPOSEvents@VCOPOSLineDisplay@@@@QAEXJPAJPAPA_W@Z 10005e9a f i LineDisplay.obj
 0001:00004f83       ?Fire_StatusUpdateEvent@?$CProxy_IOPOSEvents@VCOPOSLineDisplay@@@@QAEXJ@Z 10005f83 f i LineDisplay.obj
 0001:00005016       ?FreeHeap@?$CTempBuffer@_W$0BAA@VCCRTAllocator@ATL@@@ATL@@AAEXXZ 10006016 f i LineDisplay.obj
 0001:00005016       ?FreeHeap@?$CTempBuffer@E$0BAA@VCCRTAllocator@ATL@@@ATL@@AAEXXZ 10006016 f i LineDisplay.obj
 0001:00005016       ?FreeHeap@?$CTempBuffer@_W$0EAA@VCCRTAllocator@ATL@@@ATL@@AAEXXZ 10006016 f i LineDisplay.obj
 0001:0000501f       ?GetAmbientLocaleID@CComControlBase@ATL@@QAEJAAK@Z 1000601f f i LineDisplay.obj
 0001:0000507b       ?GetAmbientUserMode@CComControlBase@ATL@@QAEJAAH@Z 1000607b f i LineDisplay.obj
 0001:000050eb       ?GetAt@CComDynamicUnkArray@ATL@@QAEPAUIUnknown@@H@Z 100060eb f i LineDisplay.obj
 0001:00005107       ?GetClassObject@CComModule@ATL@@QAEJABU_GUID@@0PAPAX@Z 10006107 f i LineDisplay.obj
 0001:000051a9       ?GetConnMap@COPOSLineDisplay@@SAPBU_ATL_CONNMAP_ENTRY@ATL@@PAH@Z 100061a9 f i LineDisplay.obj
 0001:00005219       ?GetCookie@CComDynamicUnkArray@ATL@@QAGKPAPAUIUnknown@@@Z 10006219 f i LineDisplay.obj
 0001:00005251       ?GetIDsOfNames@CComTypeInfoHolder@ATL@@QAEJABU_GUID@@PAPA_WIKPAJ@Z 10006251 f i LineDisplay.obj
 0001:00005378       ?GetKeyAt@?$CSimpleMap@PA_WPA_WVCExpansionVectorEqualHelper@ATL@@@ATL@@QBEAAPA_WH@Z 10006378 f i LineDisplay.obj
 0001:0000539d       ?GetPagesHelper@?$ISpecifyPropertyPagesImpl@VCOPOSLineDisplay@@@ATL@@IAEJPAUtagCAUUID@@PBUATL_PROPMAP_ENTRY@2@@Z 1000639d f i LineDisplay.obj
 0001:000054c4       ?GetProperty@?$CComPtr@UIDispatch@@@ATL@@SAJPAUIDispatch@@JPAUtagVARIANT@@@Z 100064c4 f i LineDisplay.obj
 0001:00005513       ?GetSizeMax@CComVariant@ATL@@QBEJPAT_ULARGE_INTEGER@@@Z 10006513 f i LineDisplay.obj
 0001:000056d9       ?GetTI@CComTypeInfoHolder@ATL@@QAEJK@Z 100066d9 f i LineDisplay.obj
 0001:000058b8       ?GetTI@CComTypeInfoHolder@ATL@@QAEJKPAPAUITypeInfo@@@Z 100068b8 f i LineDisplay.obj
 0001:000058fa       ?GetUnknown@CComDynamicUnkArray@ATL@@QAGPAUIUnknown@@K@Z 100068fa f i LineDisplay.obj
 0001:0000591b       ?GetValueAt@?$CSimpleMap@PA_WPA_WVCExpansionVectorEqualHelper@ATL@@@ATL@@QBEAAPA_WH@Z 1000691b f i LineDisplay.obj
 0001:00005941       ?GetZoomInfo@CComControlBase@ATL@@QAEXAAUATL_DRAWINFO@@@Z 10006941 f i LineDisplay.obj
 0001:000059d4       ?HKeyFromString@CRegParser@ATL@@KAPAUHKEY__@@PA_W@Z 100069d4 f i LineDisplay.obj
 0001:00005a02       ?HasSubKeys@CRegParser@ATL@@IAEHPAUHKEY__@@@Z 10006a02 f i LineDisplay.obj
 0001:00005a37       ?IDataObject_GetData@CComControlBase@ATL@@QAEJPAUtagFORMATETC@@PAUtagSTGMEDIUM@@@Z 10006a37 f i LineDisplay.obj
 0001:00005bdd       ?IOleInPlaceObject_InPlaceDeactivate@CComControlBase@ATL@@QAEJXZ 10006bdd f i LineDisplay.obj
 0001:00005c64       ?IOleInPlaceObject_SetObjectRects@CComControlBase@ATL@@QAEJPBUtagRECT@@0@Z 10006c64 f i LineDisplay.obj
 0001:00005d31       ?IOleInPlaceObject_UIDeactivate@CComControlBase@ATL@@QAEJXZ 10006d31 f i LineDisplay.obj
 0001:00005df3       ?IOleObject_Advise@CComControlBase@ATL@@QAEJPAUIAdviseSink@@PAK@Z 10006df3 f i LineDisplay.obj
 0001:00005e1d       ?IOleObject_Close@CComControlBase@ATL@@QAEJK@Z 10006e1d f i LineDisplay.obj
 0001:00005f01       ?IOleObject_GetClientSite@CComControlBase@ATL@@QAEJPAPAUIOleClientSite@@@Z 10006f01 f i LineDisplay.obj
 0001:00005f2a       ?IOleObject_SetClientSite@CComControlBase@ATL@@QAEJPAUIOleClientSite@@@Z 10006f2a f i LineDisplay.obj
 0001:00005f69       ?IOleObject_SetExtent@CComControlBase@ATL@@QAEJKPAUtagSIZE@@@Z 10006f69 f i LineDisplay.obj
 0001:0000601d       ?IPSI_GetIPersistStreamInit@?$IPersistStorageImpl@VCOPOSLineDisplay@@@ATL@@AAEPAUIPersistStreamInit@@XZ 1000701d f i LineDisplay.obj
 0001:000060c5       ?IPersistStreamInit_Load@?$IPersistStreamInitImpl@VCOPOSLineDisplay@@@ATL@@QAEJPAUIStream@@PBUATL_PROPMAP_ENTRY@2@@Z 100070c5 f i LineDisplay.obj
 0001:00006341       ?IPersistStreamInit_Save@?$IPersistStreamInitImpl@VCOPOSLineDisplay@@@ATL@@QAEJPAUIStream@@HPBUATL_PROPMAP_ENTRY@2@@Z 10007341 f i LineDisplay.obj
 0001:0000652f       ?IQuickActivate_QuickActivate@CComControlBase@ATL@@QAEJPAUtagQACONTAINER@@PAUtagQACONTROL@@@Z 1000752f f i LineDisplay.obj
 0001:00006771       ?IViewObject_Draw@CComControlBase@ATL@@QAEJKJPAXPAUtagDVTARGETDEVICE@@PAUHDC__@@2PBU_RECTL@@3@Z 10007771 f i LineDisplay.obj
 0001:00006819       ?InPlaceActivate@CComControlBase@ATL@@QAEJJPBUtagRECT@@@Z 10007819 f i LineDisplay.obj
 0001:00006a8a       ?Init@?$CComEnumImpl@UIEnumConnectionPoints@@$1?_GUID_b196b285_bab4_101a_b69c_00aa00341d07@@3U__s_GUID@@BPAUIConnectionPoint@@V?$_CopyInterface@UIConnectionPoint@@@ATL@@@ATL@@QAEJPAPAUIConnectionPoint@@0PAUIUnknown@@W4CComEnumFlags@2@@Z 10007a8a f i LineDisplay.obj
 0001:00006b69       ?Init@?$CComEnumImpl@UIEnumConnections@@$1?_GUID_b196b287_bab4_101a_b69c_00aa00341d07@@3U__s_GUID@@BUtagCONNECTDATA@@V?$_Copy@UtagCONNECTDATA@@@ATL@@@ATL@@QAEJPAUtagCONNECTDATA@@0PAUIUnknown@@W4CComEnumFlags@2@@Z 10007b69 f i LineDisplay.obj
 0001:00006c48       ?Init@CComModule@ATL@@QAEJPAU_ATL_OBJMAP_ENTRY30@2@PAUHINSTANCE__@@PBU_GUID@@@Z 10007c48 f i LineDisplay.obj
 0001:00006ca7       ?Init@CDynamicStdCallThunk2@ATL@@QAEHKPAX@Z 10007ca7 f i LineDisplay.obj
 0001:00006cd2       ?InlineIsEqualUnknown@ATL@@YGHABU_GUID@@@Z 10007cd2 f i LineDisplay.obj
 0001:00006cfa       ?InternalSetAtIndex@?$CSimpleMap@PA_WPA_WVCExpansionVectorEqualHelper@ATL@@@ATL@@QAEXHABQA_W0@Z 10007cfa f i LineDisplay.obj
 0001:00006d24       ?Invoke@CComTypeInfoHolder@ATL@@QAEJPAUIDispatch@@JABU_GUID@@KGPAUtagDISPPARAMS@@PAUtagVARIANT@@PAUtagEXCEPINFO@@PAI@Z 10007d24 f i LineDisplay.obj
 0001:00006d67       ?IsEqualObject@?$CComPtrBase@UITypeInfo@@@ATL@@QAE_NPAUIUnknown@@@Z 10007d67 f i LineDisplay.obj
 0001:00006d67       ?IsEqualObject@?$CComPtrBase@UIOleClientSite@@@ATL@@QAE_NPAUIUnknown@@@Z 10007d67 f i LineDisplay.obj
 0001:00006dd4       ?IsSpace@CRegParser@ATL@@IAEH_W@Z 10007dd4 f i LineDisplay.obj
 0001:00006dfe       ?LoadNameCache@CComTypeInfoHolder@ATL@@QAEJPAUITypeInfo@@@Z 10007dfe f i LineDisplay.obj
 0001:00006f4a       ?Lookup@?$CSimpleMap@PA_WPA_WVCExpansionVectorEqualHelper@ATL@@@ATL@@QBEPA_WABQA_W@Z 10007f4a f i LineDisplay.obj
 0001:00006f70       ?NextToken@CRegParser@ATL@@IAEJPA_W@Z 10007f70 f i LineDisplay.obj
 0001:000070a8       ?OnKillFocus@CComControlBase@ATL@@QAEJIIJAAH@Z 100080a8 f i LineDisplay.obj
 0001:00007103       ?OnMouseActivate@CComControlBase@ATL@@QAEJIIJAAH@Z 10008103 f i LineDisplay.obj
 0001:00007171       ?OnPaint@CComControlBase@ATL@@QAEJIIJAAH@Z 10008171 f i LineDisplay.obj
 0001:00007223       ?OnSetFocus@CComControlBase@ATL@@QAEJIIJAAH@Z 10008223 f i LineDisplay.obj
 0001:000072ac       ?Open@CRegKey@ATL@@QAEJPAUHKEY__@@PB_WK@Z 100082ac f i LineDisplay.obj
 0001:00007301       ?PreProcessBuffer@CRegParser@ATL@@QAEJPA_WPAPA_W@Z 10008301 f i LineDisplay.obj
 0001:0000756b       ?ProcessWindowMessage@?$CComControl@VCOPOSLineDisplay@@V?$CWindowImpl@VCOPOSLineDisplay@@VCWindow@ATL@@V?$CWinTraits@$0FGAAAAAA@$0A@@3@@ATL@@@ATL@@UAEHPAUHWND__@@IIJAAJK@Z 1000856b f i LineDisplay.obj
 0001:0000760a       ?ReadFromStream@CComBSTR@ATL@@QAEJPAUIStream@@@Z 1000860a f i LineDisplay.obj
 0001:00007738       ?ReadFromStream@CComVariant@ATL@@QAEJPAUIStream@@GTClassesAllowedInStream@2@K@Z 10008738 f i LineDisplay.obj
 0001:000078be       ?RecurseDeleteKey@CRegKey@ATL@@QAEJPB_W@Z 100088be f i LineDisplay.obj
 0001:000079ac       ?RegCreateKeyExW@CAtlTransactionManager@ATL@@QAEJPAUHKEY__@@PB_WKPA_WKKQAU_SECURITY_ATTRIBUTES@@PAPAU3@PAK@Z 100089ac f i LineDisplay.obj
 0001:00007a0f       ?RegDeleteKeyW@CAtlTransactionManager@ATL@@QAEJPAUHKEY__@@PB_W@Z 10008a0f f i LineDisplay.obj
 0001:00007a61       ?RegOpenKeyExW@CAtlTransactionManager@ATL@@QAEJPAUHKEY__@@PB_WKKPAPAU3@@Z 10008a61 f i LineDisplay.obj
 0001:00007ab8       ?Register@_ATL_WNDCLASSINFOW@ATL@@QAEGPAP6GJPAUHWND__@@IIJ@Z@Z 10008ab8 f i LineDisplay.obj
 0001:00007ad8       ?RegisterBuffer@CRegParser@ATL@@QAEJPA_WH@Z 10008ad8 f i LineDisplay.obj
 0001:00007c11       ?RegisterFromResource@CRegObject@ATL@@IAEJPB_W00H@Z 10008c11 f i LineDisplay.obj
 0001:00007d47       ?RegisterServer@?$CAtlModuleT@VCComModule@ATL@@@ATL@@QAEJHPBU_GUID@@@Z 10008d47 f i LineDisplay.obj
 0001:00007d75       ?RegisterServer@CComModule@ATL@@QAEJHPBU_GUID@@@Z 10008d75 f i LineDisplay.obj
 0001:00007deb       ?RegisterSubkeys@CRegParser@ATL@@IAEJPA_WPAUHKEY__@@HH@Z 10008deb f i LineDisplay.obj
 0001:00008492       ?Remove@CComDynamicUnkArray@ATL@@QAEHK@Z 10009492 f i LineDisplay.obj
 0001:000084bb       ?RemoveAll@?$CSimpleMap@PA_WPA_WVCExpansionVectorEqualHelper@ATL@@@ATL@@QAEXXZ 100094bb f i LineDisplay.obj
 0001:000084e7       ?ResourceRegisterSz@CRegObject@ATL@@QAGJPB_W00@Z 100094e7 f i LineDisplay.obj
 0001:00008514       ?ResourceUnregisterSz@CRegObject@ATL@@QAGJPB_W00@Z 10009514 f i LineDisplay.obj
 0001:00008541       ?SendOnDataChange@CComControlBase@ATL@@QAEJK@Z 10009541 f i LineDisplay.obj
 0001:0000858e       ?SetControlFocus@CComControlBase@ATL@@QAEHH@Z 1000958e f i LineDisplay.obj
 0001:0000862b       ?SetMultiStringValue@CRegKey@ATL@@QAEJPB_W0@Z 1000962b f i LineDisplay.obj
 0001:00008687       ?SetStringValue@CRegKey@ATL@@QAEJPB_W0K@Z 10009687 f i LineDisplay.obj
 0001:000086d0       ?SkipAssignment@CRegParser@ATL@@IAEJPA_W@Z 100096d0 f i LineDisplay.obj
 0001:00008735       ?SkipWhiteSpace@CRegParser@ATL@@IAEXXZ 10009735 f i LineDisplay.obj
 0001:00008757       ?StrChrW@CRegParser@ATL@@KAPA_WPA_W_W@Z 10009757 f i LineDisplay.obj
 0001:00008794       ?Term@CAtlModule@ATL@@QAEXXZ 10009794 f i LineDisplay.obj
 0001:000087e7       ?Term@CComModule@ATL@@QAEXXZ 100097e7 f i LineDisplay.obj
 0001:0000883f       ?UnregisterServer@?$CAtlModuleT@VCComModule@ATL@@@ATL@@QAEJHPBU_GUID@@@Z 1000983f f i LineDisplay.obj
 0001:00008865       ?UnregisterServer@CComModule@ATL@@QAEJHPBU_GUID@@@Z 10009865 f i LineDisplay.obj
 0001:000088db       ?UpdateRegistryFromResource@CAtlModule@ATL@@QAGJIHPAU_ATL_REGMAP_ENTRY@2@@Z 100098db f i LineDisplay.obj
 0001:00008aa6       ?UpdateRegistryFromResource@CAtlModule@ATL@@QAGJPB_WHPAU_ATL_REGMAP_ENTRY@2@@Z 10009aa6 f i LineDisplay.obj
 0001:00008c77       ?VTFromRegType@CRegParser@ATL@@KAHPB_WAAG@Z 10009c77 f i LineDisplay.obj
 0001:00008ce4       ?WindowProc@?$CWindowImplBaseT@VCWindow@ATL@@V?$CWinTraits@$0FGAAAAAA@$0A@@2@@ATL@@SGJPAUHWND__@@IIJ@Z 10009ce4 f i LineDisplay.obj
 0001:00008dd6       ?WriteToStream@CComBSTR@ATL@@QAEJPAUIStream@@@Z 10009dd6 f i LineDisplay.obj
 0001:00008e38       ?WriteToStream@CComVariant@ATL@@QAEJPAUIStream@@@Z 10009e38 f i LineDisplay.obj
 0001:00008fb2       ?WriteToStream@CComVariant@ATL@@QAEJPAUIStream@@G@Z 10009fb2 f i LineDisplay.obj
 0001:0000901b       ?_AtlInitialConstruct@?$CComObjectRootEx@VCComMultiThreadModel@ATL@@@ATL@@QAEJXZ 1000a01b f i LineDisplay.obj
 0001:00009030       ?_AtlVerifyStackAvailable@_ATL_SAFE_ALLOCA_IMPL@ATL@@YA_NK@Z 1000a030 f i LineDisplay.obj
 0001:000090ae       ?atlCreate@?$CWindowImpl@VCOPOSLineDisplay@@VCWindow@ATL@@V?$CWinTraits@$0FGAAAAAA@$0A@@3@@ATL@@QAEPAUHWND__@@PAU3@V_U_RECT@2@PB_WKKV_U_MENUorID@2@PAX@Z 1000a0ae f i LineDisplay.obj
 0001:000090f2       ?atlCreate@?$CWindowImplBaseT@VCWindow@ATL@@V?$CWinTraits@$0FGAAAAAA@$0A@@2@@ATL@@QAEPAUHWND__@@PAU3@V_U_RECT@2@PB_WKKV_U_MENUorID@2@GPAX@Z 1000a0f2 f i LineDisplay.obj
 0001:0000918e       ?copy@?$_Copy@UtagCONNECTDATA@@@ATL@@SAJPAUtagCONNECTDATA@@PBU3@@Z 1000a18e f i LineDisplay.obj
 0001:000091c4       ?copy@?$_CopyInterface@UIConnectionPoint@@@ATL@@SAJPAPAUIConnectionPoint@@PBQAU3@@Z 1000a1c4 f i LineDisplay.obj
 0001:000091f2       ?memcpy_s@Checked@ATL@@YAXPAXIPBXI@Z 1000a1f2 f i LineDisplay.obj
 0001:00009211       ?ocscpy_s@@YA_NPA_WIPB_W@Z 1000a211 f i LineDisplay.obj
 0001:0000925b       ?wcscpy_s@Checked@ATL@@YAXPA_WIPB_W@Z 1000a25b f i LineDisplay.obj
 0001:00009277       _DllCanUnloadNow@0         1000a277 f   LineDisplay.obj
 0001:00009283       _DllGetClassObject@12      1000a283 f   LineDisplay.obj
 0001:00009291       _DllMain@12                1000a291 f   LineDisplay.obj
 0001:000092d3       _DllRegisterServer@0       1000a2d3 f   LineDisplay.obj
 0001:000092e2       _DllUnregisterServer@0     1000a2e2 f   LineDisplay.obj
 0001:000092f1       _InlineIsEqualGUID         1000a2f1 f i LineDisplay.obj
 0001:00009321       ___local_stdio_printf_options 1000a321 f i LineDisplay.obj
 0001:00009327       __vswprintf_s_l            1000a327 f i LineDisplay.obj
 0001:000093d4       _swprintf_s                1000a3d4 f i LineDisplay.obj
 0001:000093f0       ??0?$CComControl@VCOPOSLineDisplay@@V?$CWindowImpl@VCOPOSLineDisplay@@VCWindow@ATL@@V?$CWinTraits@$0FGAAAAAA@$0A@@3@@ATL@@@ATL@@QAE@XZ 1000a3f0 f i LineDisplayImpl.obj
 0001:00009417       ??0CComControlBase@ATL@@QAE@AAPAUHWND__@@@Z 1000a417 f i LineDisplayImpl.obj
 0001:00009461       ??0COPOSLineDisplay@@QAE@XZ 1000a461 f   LineDisplayImpl.obj
 0001:000094b0       ??1?$CComControl@VCOPOSLineDisplay@@V?$CWindowImpl@VCOPOSLineDisplay@@VCWindow@ATL@@V?$CWinTraits@$0FGAAAAAA@$0A@@3@@ATL@@@ATL@@UAE@XZ 1000a4b0 f i LineDisplayImpl.obj
 0001:000094c9       ??1?$IConnectionPointImpl@VCOPOSLineDisplay@@$1?IID_IPropertyNotifySink@@3U_GUID@@BVCComDynamicUnkArray@ATL@@@ATL@@QAE@XZ 1000a4c9 f i LineDisplayImpl.obj
 0001:000094c9       ??1?$IConnectionPointImpl@VCOPOSLineDisplay@@$1?DIID__IOPOSLineDisplayEvents@@3U_GUID@@BVCComDynamicUnkArray@ATL@@@ATL@@QAE@XZ 1000a4c9 f i LineDisplayImpl.obj
 0001:00009506       ??1CComControlBase@ATL@@UAE@XZ 1000a506 f i LineDisplayImpl.obj
 0001:00009569       ??1COPOSLineDisplay@@UAE@XZ 1000a569 f   LineDisplayImpl.obj
 0001:000095b1       ?CheckHealth@COPOSLineDisplay@@UAGJJPAJ@Z 1000a5b1 f   LineDisplayImpl.obj
 0001:00009600       ?ClaimDevice@COPOSLineDisplay@@UAGJJPAJ@Z 1000a600 f   LineDisplayImpl.obj
 0001:00009675       ?ClearDescriptors@COPOSLineDisplay@@UAGJPAJ@Z 1000a675 f   LineDisplayImpl.obj
 0001:00009690       ?ClearText@COPOSLineDisplay@@UAGJPAJ@Z 1000a690 f   LineDisplayImpl.obj
 0001:000096ab       ?Close@COPOSLineDisplay@@UAGJPAJ@Z 1000a6ab f   LineDisplayImpl.obj
 0001:00009719       ?CompareFirmwareVersion@COPOSLineDisplay@@UAGJPA_WPAJ1@Z 1000a719 f   LineDisplayImpl.obj
 0001:00009799       ?CreateWindow@COPOSLineDisplay@@UAGJJJJJJJPAJ@Z 1000a799 f   LineDisplayImpl.obj
 0001:0000985c       ?DefineGlyph@COPOSLineDisplay@@UAGJJPA_WPAJ@Z 1000a85c f   LineDisplayImpl.obj
 0001:000098d8       ?DestroyWindow@COPOSLineDisplay@@UAGJPAJ@Z 1000a8d8 f   LineDisplayImpl.obj
 0001:000098f3       ?DirectIO@COPOSLineDisplay@@UAGJJPAJPAPA_W0@Z 1000a8f3 f   LineDisplayImpl.obj
 0001:000099a1       ?DisplayBitmap@COPOSLineDisplay@@UAGJPA_WJJJPAJ@Z 1000a9a1 f   LineDisplayImpl.obj
 0001:00009a50       ?DisplayText@COPOSLineDisplay@@UAGJPA_WJPAJ@Z 1000aa50 f   LineDisplayImpl.obj
 0001:00009acc       ?DisplayTextAt@COPOSLineDisplay@@UAGJJJPA_WJPAJ@Z 1000aacc f   LineDisplayImpl.obj
 0001:00009b7b       ?DoInvoke@COPOSLineDisplay@@IAEJJPAVOposVariant@@IHPAJ_N@Z 1000ab7b f   LineDisplayImpl.obj
 0001:00009c57       ?EventClose@COPOSLineDisplay@@IAEXXZ 1000ac57 f i LineDisplayImpl.obj
 0001:00009c8a       ?EventInit@COPOSLineDisplay@@IAEJXZ 1000ac8a f i LineDisplayImpl.obj
 0001:00009d56       ?EventUninit@COPOSLineDisplay@@IAEXXZ 1000ad56 f i LineDisplayImpl.obj
 0001:00009da8       ?EventWindowProc@COPOSLineDisplay@@IAGJIIJ@Z 1000ada8 f i LineDisplayImpl.obj
 0001:00009e1f       ?FinalConstruct@COPOSLineDisplay@@QAEJXZ 1000ae1f f   LineDisplayImpl.obj
 0001:00009e58       ?FireEventCleanup@COPOSLineDisplay@@IAEXXZ 1000ae58 f i LineDisplayImpl.obj
 0001:00009e6e       ?FireEventSetup@COPOSLineDisplay@@IAE_NXZ 1000ae6e f i LineDisplayImpl.obj
 0001:00009ea2       ?FreezeEvents@COPOSLineDisplay@@MAGJH@Z 1000aea2 f   LineDisplayImpl.obj
 0001:00009ef3       ?GetOposProp@COPOSLineDisplay@@IAEJJPAFJ@Z 1000aef3 f   LineDisplayImpl.obj
 0001:00009f16       ?GetOposProp@COPOSLineDisplay@@IAEJJPAJJ@Z 1000af16 f   LineDisplayImpl.obj
 0001:00009fe5       ?GetOposProp@COPOSLineDisplay@@IAEJJPAPA_WJ@Z 1000afe5 f   LineDisplayImpl.obj
 0001:0000a0c1       ?OnDraw@COPOSLineDisplay@@MAEJAAUATL_DRAWINFO@@@Z 1000b0c1 f   LineDisplayImpl.obj
 0001:0000a161       ?Open@COPOSLineDisplay@@UAGJPA_WPAJ@Z 1000b161 f   LineDisplayImpl.obj
 0001:0000a9a1       ?ReadCharacterAtCursor@COPOSLineDisplay@@UAGJPAJ0@Z 1000b9a1 f   LineDisplayImpl.obj
 0001:0000a9f8       ?RefreshWindow@COPOSLineDisplay@@UAGJJPAJ@Z 1000b9f8 f   LineDisplayImpl.obj
 0001:0000aa47       ?ReleaseDevice@COPOSLineDisplay@@UAGJPAJ@Z 1000ba47 f   LineDisplayImpl.obj
 0001:0000aa96       ?ResetStatistics@COPOSLineDisplay@@UAGJPA_WPAJ@Z 1000ba96 f   LineDisplayImpl.obj
 0001:0000aaed       ?RetrieveStatistics@COPOSLineDisplay@@UAGJPAPA_WPAJ@Z 1000baed f   LineDisplayImpl.obj
 0001:0000ab44       ?SOProcessID@COPOSLineDisplay@@UAGJPAJ@Z 1000bb44 f   LineDisplayImpl.obj
 0001:0000ab58       ?ScrollText@COPOSLineDisplay@@UAGJJJPAJ@Z 1000bb58 f   LineDisplayImpl.obj
 0001:0000abcc       ?SetBitmap@COPOSLineDisplay@@UAGJJPA_WJJJPAJ@Z 1000bbcc f   LineDisplayImpl.obj
 0001:0000ac8f       ?SetCOFreezeEvents@COPOSLineDisplay@@IAEXF@Z 1000bc8f f   LineDisplayImpl.obj
 0001:0000ad2f       ?SetDescriptor@COPOSLineDisplay@@UAGJJJPAJ@Z 1000bd2f f   LineDisplayImpl.obj
 0001:0000ada3       ?SetOposProp@COPOSLineDisplay@@IAEJJJJ@Z 1000bda3 f   LineDisplayImpl.obj
 0001:0000ae9a       ?UpdateFirmware@COPOSLineDisplay@@UAGJPA_WPAJ@Z 1000be9a f   LineDisplayImpl.obj
 0001:0000aef1       ?UpdateStatistics@COPOSLineDisplay@@UAGJPA_WPAJ@Z 1000bef1 f   LineDisplayImpl.obj
 0001:0000af48       ?get_BinaryConversion@COPOSLineDisplay@@UAGJPAJ@Z 1000bf48 f   LineDisplayImpl.obj
 0001:0000af5e       ?get_BlinkRate@COPOSLineDisplay@@UAGJPAJ@Z 1000bf5e f   LineDisplayImpl.obj
 0001:0000af77       ?get_CapBitmap@COPOSLineDisplay@@UAGJPAF@Z 1000bf77 f   LineDisplayImpl.obj
 0001:0000af90       ?get_CapBlink@COPOSLineDisplay@@UAGJPAJ@Z 1000bf90 f   LineDisplayImpl.obj
 0001:0000afa9       ?get_CapBlinkRate@COPOSLineDisplay@@UAGJPAF@Z 1000bfa9 f   LineDisplayImpl.obj
 0001:0000afc2       ?get_CapBrightness@COPOSLineDisplay@@UAGJPAF@Z 1000bfc2 f   LineDisplayImpl.obj
 0001:0000afdb       ?get_CapCharacterSet@COPOSLineDisplay@@UAGJPAJ@Z 1000bfdb f   LineDisplayImpl.obj
 0001:0000aff4       ?get_CapCompareFirmwareVersion@COPOSLineDisplay@@UAGJPAF@Z 1000bff4 f   LineDisplayImpl.obj
 0001:0000b00d       ?get_CapCursorType@COPOSLineDisplay@@UAGJPAJ@Z 1000c00d f   LineDisplayImpl.obj
 0001:0000b026       ?get_CapCustomGlyph@COPOSLineDisplay@@UAGJPAF@Z 1000c026 f   LineDisplayImpl.obj
 0001:0000b03f       ?get_CapDescriptors@COPOSLineDisplay@@UAGJPAF@Z 1000c03f f   LineDisplayImpl.obj
 0001:0000b058       ?get_CapHMarquee@COPOSLineDisplay@@UAGJPAF@Z 1000c058 f   LineDisplayImpl.obj
 0001:0000b071       ?get_CapICharWait@COPOSLineDisplay@@UAGJPAF@Z 1000c071 f   LineDisplayImpl.obj
 0001:0000b08a       ?get_CapMapCharacterSet@COPOSLineDisplay@@UAGJPAF@Z 1000c08a f   LineDisplayImpl.obj
 0001:0000b0a3       ?get_CapPowerReporting@COPOSLineDisplay@@UAGJPAJ@Z 1000c0a3 f   LineDisplayImpl.obj
 0001:0000b0bc       ?get_CapReadBack@COPOSLineDisplay@@UAGJPAJ@Z 1000c0bc f   LineDisplayImpl.obj
 0001:0000b0d5       ?get_CapReverse@COPOSLineDisplay@@UAGJPAJ@Z 1000c0d5 f   LineDisplayImpl.obj
 0001:0000b0ee       ?get_CapScreenMode@COPOSLineDisplay@@UAGJPAF@Z 1000c0ee f   LineDisplayImpl.obj
 0001:0000b107       ?get_CapStatisticsReporting@COPOSLineDisplay@@UAGJPAF@Z 1000c107 f   LineDisplayImpl.obj
 0001:0000b120       ?get_CapUpdateFirmware@COPOSLineDisplay@@UAGJPAF@Z 1000c120 f   LineDisplayImpl.obj
 0001:0000b139       ?get_CapUpdateStatistics@COPOSLineDisplay@@UAGJPAF@Z 1000c139 f   LineDisplayImpl.obj
 0001:0000b152       ?get_CapVMarquee@COPOSLineDisplay@@UAGJPAF@Z 1000c152 f   LineDisplayImpl.obj
 0001:0000b16b       ?get_CharacterSet@COPOSLineDisplay@@UAGJPAJ@Z 1000c16b f   LineDisplayImpl.obj
 0001:0000b184       ?get_CharacterSetList@COPOSLineDisplay@@UAGJPAPA_W@Z 1000c184 f   LineDisplayImpl.obj
 0001:0000b19d       ?get_CheckHealthText@COPOSLineDisplay@@UAGJPAPA_W@Z 1000c19d f   LineDisplayImpl.obj
 0001:0000b1b6       ?get_Claimed@COPOSLineDisplay@@UAGJPAF@Z 1000c1b6 f   LineDisplayImpl.obj
 0001:0000b1cc       ?get_Columns@COPOSLineDisplay@@UAGJPAJ@Z 1000c1cc f   LineDisplayImpl.obj
 0001:0000b1e5       ?get_ControlObjectDescription@COPOSLineDisplay@@UAGJPAPA_W@Z 1000c1e5 f   LineDisplayImpl.obj
 0001:0000b233       ?get_ControlObjectVersion@COPOSLineDisplay@@UAGJPAJ@Z 1000c233 f   LineDisplayImpl.obj
 0001:0000b246       ?get_CurrentWindow@COPOSLineDisplay@@UAGJPAJ@Z 1000c246 f   LineDisplayImpl.obj
 0001:0000b25f       ?get_CursorColumn@COPOSLineDisplay@@UAGJPAJ@Z 1000c25f f   LineDisplayImpl.obj
 0001:0000b278       ?get_CursorRow@COPOSLineDisplay@@UAGJPAJ@Z 1000c278 f   LineDisplayImpl.obj
 0001:0000b291       ?get_CursorType@COPOSLineDisplay@@UAGJPAJ@Z 1000c291 f   LineDisplayImpl.obj
 0001:0000b2aa       ?get_CursorUpdate@COPOSLineDisplay@@UAGJPAF@Z 1000c2aa f   LineDisplayImpl.obj
 0001:0000b2c3       ?get_CustomGlyphList@COPOSLineDisplay@@UAGJPAPA_W@Z 1000c2c3 f   LineDisplayImpl.obj
 0001:0000b2dc       ?get_DeviceBrightness@COPOSLineDisplay@@UAGJPAJ@Z 1000c2dc f   LineDisplayImpl.obj
 0001:0000b2f5       ?get_DeviceColumns@COPOSLineDisplay@@UAGJPAJ@Z 1000c2f5 f   LineDisplayImpl.obj
 0001:0000b30e       ?get_DeviceDescription@COPOSLineDisplay@@UAGJPAPA_W@Z 1000c30e f   LineDisplayImpl.obj
 0001:0000b327       ?get_DeviceDescriptors@COPOSLineDisplay@@UAGJPAJ@Z 1000c327 f   LineDisplayImpl.obj
 0001:0000b340       ?get_DeviceEnabled@COPOSLineDisplay@@UAGJPAF@Z 1000c340 f   LineDisplayImpl.obj
 0001:0000b356       ?get_DeviceName@COPOSLineDisplay@@UAGJPAPA_W@Z 1000c356 f   LineDisplayImpl.obj
 0001:0000b36f       ?get_DeviceRows@COPOSLineDisplay@@UAGJPAJ@Z 1000c36f f   LineDisplayImpl.obj
 0001:0000b388       ?get_DeviceWindows@COPOSLineDisplay@@UAGJPAJ@Z 1000c388 f   LineDisplayImpl.obj
 0001:0000b3a1       ?get_FreezeEvents@COPOSLineDisplay@@UAGJPAF@Z 1000c3a1 f   LineDisplayImpl.obj
 0001:0000b3b7       ?get_GlyphHeight@COPOSLineDisplay@@UAGJPAJ@Z 1000c3b7 f   LineDisplayImpl.obj
 0001:0000b3d0       ?get_GlyphWidth@COPOSLineDisplay@@UAGJPAJ@Z 1000c3d0 f   LineDisplayImpl.obj
 0001:0000b3e9       ?get_InterCharacterWait@COPOSLineDisplay@@UAGJPAJ@Z 1000c3e9 f   LineDisplayImpl.obj
 0001:0000b402       ?get_MapCharacterSet@COPOSLineDisplay@@UAGJPAF@Z 1000c402 f   LineDisplayImpl.obj
 0001:0000b41b       ?get_MarqueeFormat@COPOSLineDisplay@@UAGJPAJ@Z 1000c41b f   LineDisplayImpl.obj
 0001:0000b434       ?get_MarqueeRepeatWait@COPOSLineDisplay@@UAGJPAJ@Z 1000c434 f   LineDisplayImpl.obj
 0001:0000b44d       ?get_MarqueeType@COPOSLineDisplay@@UAGJPAJ@Z 1000c44d f   LineDisplayImpl.obj
 0001:0000b466       ?get_MarqueeUnitWait@COPOSLineDisplay@@UAGJPAJ@Z 1000c466 f   LineDisplayImpl.obj
 0001:0000b47f       ?get_MaximumX@COPOSLineDisplay@@UAGJPAJ@Z 1000c47f f   LineDisplayImpl.obj
 0001:0000b498       ?get_MaximumY@COPOSLineDisplay@@UAGJPAJ@Z 1000c498 f   LineDisplayImpl.obj
 0001:0000b4b1       ?get_OpenResult@COPOSLineDisplay@@UAGJPAJ@Z 1000c4b1 f   LineDisplayImpl.obj
 0001:0000b4c8       ?get_PowerNotify@COPOSLineDisplay@@UAGJPAJ@Z 1000c4c8 f   LineDisplayImpl.obj
 0001:0000b4de       ?get_PowerState@COPOSLineDisplay@@UAGJPAJ@Z 1000c4de f   LineDisplayImpl.obj
 0001:0000b4f4       ?get_ResultCode@COPOSLineDisplay@@UAGJPAJ@Z 1000c4f4 f   LineDisplayImpl.obj
 0001:0000b532       ?get_ResultCodeExtended@COPOSLineDisplay@@UAGJPAJ@Z 1000c532 f   LineDisplayImpl.obj
 0001:0000b548       ?get_Rows@COPOSLineDisplay@@UAGJPAJ@Z 1000c548 f   LineDisplayImpl.obj
 0001:0000b561       ?get_ScreenMode@COPOSLineDisplay@@UAGJPAJ@Z 1000c561 f   LineDisplayImpl.obj
 0001:0000b57a       ?get_ScreenModeList@COPOSLineDisplay@@UAGJPAPA_W@Z 1000c57a f   LineDisplayImpl.obj
 0001:0000b593       ?get_ServiceObjectDescription@COPOSLineDisplay@@UAGJPAPA_W@Z 1000c593 f   LineDisplayImpl.obj
 0001:0000b5ac       ?get_ServiceObjectVersion@COPOSLineDisplay@@UAGJPAJ@Z 1000c5ac f   LineDisplayImpl.obj
 0001:0000b5c2       ?get_State@COPOSLineDisplay@@UAGJPAJ@Z 1000c5c2 f   LineDisplayImpl.obj
 0001:0000b5ee       ?put_BinaryConversion@COPOSLineDisplay@@UAGJJ@Z 1000c5ee f   LineDisplayImpl.obj
 0001:0000b604       ?put_BlinkRate@COPOSLineDisplay@@UAGJJ@Z 1000c604 f   LineDisplayImpl.obj
 0001:0000b61d       ?put_CharacterSet@COPOSLineDisplay@@UAGJJ@Z 1000c61d f   LineDisplayImpl.obj
 0001:0000b636       ?put_CurrentWindow@COPOSLineDisplay@@UAGJJ@Z 1000c636 f   LineDisplayImpl.obj
 0001:0000b64f       ?put_CursorColumn@COPOSLineDisplay@@UAGJJ@Z 1000c64f f   LineDisplayImpl.obj
 0001:0000b668       ?put_CursorRow@COPOSLineDisplay@@UAGJJ@Z 1000c668 f   LineDisplayImpl.obj
 0001:0000b681       ?put_CursorType@COPOSLineDisplay@@UAGJJ@Z 1000c681 f   LineDisplayImpl.obj
 0001:0000b69a       ?put_CursorUpdate@COPOSLineDisplay@@UAGJF@Z 1000c69a f   LineDisplayImpl.obj
[...]
 0002:00003440       ?_mb_locale_names@@3QBQB_WB 10023440     libucrt:mbctype.obj
 0002:00003c88       ?LcidToLocaleNameTable@?A0x881e4c05@@3QBULcidToLocaleName@1@B 10023c88     libucrt:lcidtoname_downlevel.obj
 0002:00004db0       ?LocaleNameToIndexTable@?A0x881e4c05@@3QBULocaleNameIndex@1@B 10024db0     libucrt:lcidtoname_downlevel.obj
 0002:00006608       ?large_power_indices@?1??multiply_by_power_of_ten@__crt_strtox@@YA_NAAUbig_integer@2@I@Z@4QBUunpack_index@?1??12@YA_N0I@Z@B 10026608     libucrt:cfout.obj
 0002:000066f0       LOG_name                   100266f0     libucrt:log10_impl.obj
 0002:00006700       _One                       10026700     libucrt:ceil_pentium4.obj
 0002:00006710       _Bns                       10026710     libucrt:ceil_pentium4.obj
 0002:00006720       _Zero                      10026720     libucrt:ceil_pentium4.obj
 0002:00006730       _S                         10026730     libucrt:ceil_pentium4.obj
 0002:00006740       _NegZero                   10026740     libucrt:ceil_pentium4.obj
 0002:00006750       emask                      10026750     libucrt:log10_pentium4.obj
 0002:00006760       CC                         10026760     libucrt:log10_pentium4.obj
 0002:00006770       Magic                      10026770     libucrt:log10_pentium4.obj
 0002:00006780       hi_mask                    10026780     libucrt:log10_pentium4.obj
 0002:00006790       LOG10_2                    10026790     libucrt:log10_pentium4.obj
 0002:000067a0       place_L                    100267a0     libucrt:log10_pentium4.obj
 0002:000067c0       One                        100267c0     libucrt:log10_pentium4.obj
 0002:000067d0       Zero                       100267d0     libucrt:log10_pentium4.obj
 0002:000067e0       Two52                      100267e0     libucrt:log10_pentium4.obj
 0002:000067f0       Infs                       100267f0     libucrt:log10_pentium4.obj
 0002:00006800       NaN                        10026800     libucrt:log10_pentium4.obj
 0002:00006810       coeff                      10026810     libucrt:log10_pentium4.obj
 0002:0000686e       _log2max                   1002686e     libucrt:87tran.obj
 0002:00006878       _smallarg                  10026878     libucrt:87tran.obj
 0002:00006882       _half                      10026882     libucrt:87tran.obj
 0002:000068ce       One                        100268ce     libucrt:87disp.obj
 0002:000068d6       Three                      100268d6     libucrt:87disp.obj
 0002:000068de       XAMtoTagTab                100268de     libucrt:87disp.obj
 0002:000068f0       One                        100268f0     libucrt:common.obj
 0002:00006904       DblMax                     10026904     libucrt:common.obj
 0002:0000690c       DblMin                     1002690c     libucrt:common.obj
 0002:00006914       IeeeAdjO                   10026914     libucrt:common.obj
 0002:0000691c       IeeeAdjU                   1002691c     libucrt:common.obj
 0002:00006924       _infinity                  10026924     libucrt:common.obj
 0002:0000692c       _zero                      1002692c     libucrt:common.obj
 0002:00006978       _over                      10026978     libucrt:fpctrl.obj
 0002:00006984       _under                     10026984     libucrt:fpctrl.obj
 0002:000071b8       ?_names@?1??_get_fname@@9@9 100271b8     libucrt:fpexcept.obj
 0002:00007360       two32                      10027360     LIBCMT:ftol2.obj
 0002:00007364       two63                      10027364     LIBCMT:ftol2.obj
 0002:00007368       _NaN                       10027368     LIBCMT:ftol2.obj
 0002:00007a18       __sehtable$?_AtlVerifyStackAvailable@_ATL_SAFE_ALLOCA_IMPL@ATL@@YA_NK@Z 10027a18     LineDisplay.obj
 0002:00007a38       __sehtable$___scrt_is_nonwritable_in_current_image 10027a38     LIBCMT:utility.obj
 0002:00007a54       __catchsym$??2@YAPAXIABUnothrow_t@std@@@Z$2 10027a54     LIBCMT:new_scalar_nothrow.obj
 0002:00007a64       __unwindtable$??2@YAPAXIABUnothrow_t@std@@@Z 10027a64     LIBCMT:new_scalar_nothrow.obj
 0002:00007a74       __tryblocktable$??2@YAPAXIABUnothrow_t@std@@@Z 10027a74     LIBCMT:new_scalar_nothrow.obj
 0002:00007a88       __ehfuncinfo$??2@YAPAXIABUnothrow_t@std@@@Z 10027a88     LIBCMT:new_scalar_nothrow.obj
 0002:00007ab0       __sehtable$?dllmain_crt_process_attach@@YAHQAUHINSTANCE__@@QAX@Z 10027ab0     LIBCMT:dll_dllmain.obj
 0002:00007ad0       __sehtable$?dllmain_crt_process_detach@@YAH_N@Z 10027ad0     LIBCMT:dll_dllmain.obj
 0002:00007af8       __sehtable$?dllmain_dispatch@@YAHQAUHINSTANCE__@@KQAX@Z 10027af8     LIBCMT:dll_dllmain.obj
 0002:00007ba8       __sehtable$___DestructExceptionObject 10027ba8     libvcruntime:ehhelpers.obj
 0002:00007bc8       __sehtable$?FrameUnwindToState@__FrameHandler3@@SAXPAUEHRegistrationNode@@PAXPBU_s_FuncInfo@@H@Z 10027bc8     libvcruntime:frame.obj
 0002:00007bf0       __sehtable$?CallCatchBlock@@YAPAXPAUEHExceptionRecord@@PAUEHRegistrationNode@@PAU_CONTEXT@@PBU_s_FuncInfo@@PAXHK@Z 10027bf0     libvcruntime:frame.obj
 0002:00007c18       __catchsym$?CallUnexpected@@YAXPBU_s_ESTypeList@@@Z$2 10027c18     libvcruntime:frame.obj
 0002:00007c28       __unwindtable$?CallUnexpected@@YAXPBU_s_ESTypeList@@@Z 10027c28     libvcruntime:frame.obj
 0002:00007c38       __tryblocktable$?CallUnexpected@@YAXPBU_s_ESTypeList@@@Z 10027c38     libvcruntime:frame.obj
 0002:00007c4c       __ehfuncinfo$?CallUnexpected@@YAXPBU_s_ESTypeList@@@Z 10027c4c     libvcruntime:frame.obj
 0002:00007c70       __sehtable$??$BuildCatchObjectHelperInternal@V__FrameHandler3@@@@YAHPAUEHExceptionRecord@@PAXPBU_s_HandlerType@@PBU_s_CatchableType@@@Z 10027c70     libvcruntime:frame.obj
 0002:00007c90       __sehtable$??$BuildCatchObjectInternal@V__FrameHandler3@@@@YAXPAUEHExceptionRecord@@PAXPBU_s_HandlerType@@PBU_s_CatchableType@@@Z 10027c90     libvcruntime:frame.obj
 0002:00007ce8       __sehtable$??R<lambda_6e4b09c48022b2350581041d5f6b0c4c>@@QBE@XZ 10027ce8     libucrt:exit.obj
 0002:00007d08       __sehtable$??$?RV<lambda_03b1d95aef87969028cfba75ccab2455>@@AAV<lambda_6e4b09c48022b2350581041d5f6b0c4c>@@V<lambda_22bdf7517842c4b3e53723af5aa32b9e>@@@?$__crt_seh_guarded_call@X@@QAEX$$QAV<lambda_03b1d95aef87969028cfba75ccab2455>@@AAV<lambda_6e4b09c48022b2350581041d5f6b0c4c>@@$$QAV<lambda_22bdf7517842c4b3e53723af5aa32b9e>@@@Z 10027d08     libucrt:exit.obj
 0002:00007d28       __sehtable$??$?RV<lambda_8e746cf0007f6ed984d6f78af1fec997>@@AAV<lambda_22ebabd17bc4fa466a2aca6d8deb888d>@@V<lambda_18ed0c0b38a6dc0daf1e7ac6d6adf05e>@@@?$__crt_seh_guarded_call@H@@QAEH$$QAV<lambda_8e746cf0007f6ed984d6f78af1fec997>@@AAV<lambda_22ebabd17bc4fa466a2aca6d8deb888d>@@$$QAV<lambda_18ed0c0b38a6dc0daf1e7ac6d6adf05e>@@@Z 10027d28     libucrt:onexit.obj
 0002:00007d48       __sehtable$??$?RV<lambda_69a2805e680e0e292e8ba93315fe43a8>@@AAV<lambda_f03950bc5685219e0bcd2087efbe011e>@@V<lambda_03fcd07e894ec930e3f35da366ca99d6>@@@?$__crt_seh_guarded_call@H@@QAEH$$QAV<lambda_69a2805e680e0e292e8ba93315fe43a8>@@AAV<lambda_f03950bc5685219e0bcd2087efbe011e>@@$$QAV<lambda_03fcd07e894ec930e3f35da366ca99d6>@@@Z 10027d48     libucrt:onexit.obj
 0002:00007d68       __sehtable$__query_new_handler 10027d68     libucrt:new_handler.obj
 0002:00007d88       __sehtable$_terminate      10027d88     libucrt:terminate.obj
 0002:00007da8       __sehtable$??$?RV<lambda_15ade71b0218206bbe3333a0c9b79046>@@AAV<lambda_da44e0f8b0f19ba52fefafb335991732>@@V<lambda_207f2d024fc103971653565357d6cd41>@@@?$__crt_seh_guarded_call@X@@QAEX$$QAV<lambda_15ade71b0218206bbe3333a0c9b79046>@@AAV<lambda_da44e0f8b0f19ba52fefafb335991732>@@$$QAV<lambda_207f2d024fc103971653565357d6cd41>@@@Z 10027da8     libucrt:per_thread_data.obj
 0002:00007dc8       __sehtable$??$?RV<lambda_a7e850c220f1c8d1e6efeecdedd162c6>@@AAV<lambda_46720907175c18b6c9d2717bc0d2d362>@@V<lambda_9048902d66e8d99359bc9897bbb930a8>@@@?$__crt_seh_guarded_call@X@@QAEX$$QAV<lambda_a7e850c220f1c8d1e6efeecdedd162c6>@@AAV<lambda_46720907175c18b6c9d2717bc0d2d362>@@$$QAV<lambda_9048902d66e8d99359bc9897bbb930a8>@@@Z 10027dc8     libucrt:per_thread_data.obj
 0002:00007de8       __sehtable$??$?RV<lambda_38edbb1296d33220d7e4dd0ed76b244a>@@AAV<lambda_5ce1d447e08cb34b2473517608e21441>@@V<lambda_fb385d3da700c9147fc39e65dd577a8c>@@@?$__crt_seh_guarded_call@X@@QAEX$$QAV<lambda_38edbb1296d33220d7e4dd0ed76b244a>@@AAV<lambda_5ce1d447e08cb34b2473517608e21441>@@$$QAV<lambda_fb385d3da700c9147fc39e65dd577a8c>@@@Z 10027de8     libucrt:per_thread_data.obj
 0002:00007e08       __sehtable$??$?RV<lambda_6affb1475c98b40b75cdec977db92e3c>@@AAV<lambda_b8d4b9c228a6ecc3f80208dbb4b4a104>@@V<lambda_608742c3c92a14382c1684fc64f96c88>@@@?$__crt_seh_guarded_call@X@@QAEX$$QAV<lambda_6affb1475c98b40b75cdec977db92e3c>@@AAV<lambda_b8d4b9c228a6ecc3f80208dbb4b4a104>@@$$QAV<lambda_608742c3c92a14382c1684fc64f96c88>@@@Z 10027e08     libucrt:per_thread_data.obj
 0002:00007e28       __sehtable$??$?RV<lambda_e5124f882df8998aaf41531e079ba474>@@AAV<lambda_3e16ef9562a7dcce91392c22ab16ea36>@@V<lambda_e25ca0880e6ef98be67edffd8c599615>@@@?$__crt_seh_guarded_call@X@@QAEX$$QAV<lambda_e5124f882df8998aaf41531e079ba474>@@AAV<lambda_3e16ef9562a7dcce91392c22ab16ea36>@@$$QAV<lambda_e25ca0880e6ef98be67edffd8c599615>@@@Z 10027e28     libucrt:wsetlocale.obj
 0002:00007e48       __sehtable$___acrt_initialize_lowio 10027e48     libucrt:ioinit.obj
 0002:00007e68       __sehtable$?update_thread_multibyte_data_internal@@YAPAU__crt_multibyte_data@@QAU__acrt_ptd@@QAPAU1@@Z 10027e68     libucrt:mbctype.obj
 0002:00007e88       __sehtable$??$?RV<lambda_ceb1ee4838e85a9d631eb091e2fbe199>@@AAV<lambda_ae742caa10f662c28703da3d2ea5e57e>@@V<lambda_cd08b5d6af4937fe54fc07d0c9bf6b37>@@@?$__crt_seh_guarded_call@X@@QAEX$$QAV<lambda_ceb1ee4838e85a9d631eb091e2fbe199>@@AAV<lambda_ae742caa10f662c28703da3d2ea5e57e>@@$$QAV<lambda_cd08b5d6af4937fe54fc07d0c9bf6b37>@@@Z 10027e88     libucrt:mbctype.obj
 0002:00007ea8       __sehtable$_raise          10027ea8     libucrt:signal.obj
 0002:00007ec8       __sehtable$??$?RV<lambda_cbab9ec6f41b0180b23cc171c22676b0>@@AAV<lambda_44731a7d0e6d81c3e6aa82d741081786>@@V<lambda_4b292cb8dd18144e164572427af410ab>@@@?$__crt_seh_guarded_call@P6AXH@Z@@QAEP6AXH@Z$$QAV<lambda_cbab9ec6f41b0180b23cc171c22676b0>@@AAV<lambda_44731a7d0e6d81c3e6aa82d741081786>@@$$QAV<lambda_4b292cb8dd18144e164572427af410ab>@@@Z 10027ec8     libucrt:signal.obj
 0002:00007ee8       __sehtable$??$?RV<lambda_2866be3712abc81a800a822484c830d8>@@AAV<lambda_39ca0ed439415581b5b15c265174cece>@@V<lambda_2b24c74d71094a6cd0cb82e44167d71b>@@@?$__crt_seh_guarded_call@X@@QAEX$$QAV<lambda_2866be3712abc81a800a822484c830d8>@@AAV<lambda_39ca0ed439415581b5b15c265174cece>@@$$QAV<lambda_2b24c74d71094a6cd0cb82e44167d71b>@@@Z 10027ee8     libucrt:fflush.obj
 0002:00007f08       __sehtable$??$?RV<lambda_2cc53f568c5a2bb6f192f930a45d44ea>@@AAV<lambda_ab61a845afdef5b7c387490eaf3616ee>@@V<lambda_c2ffc0b7726aa6be21d5f0026187e748>@@@?$__crt_seh_guarded_call@X@@QAEX$$QAV<lambda_2cc53f568c5a2bb6f192f930a45d44ea>@@AAV<lambda_ab61a845afdef5b7c387490eaf3616ee>@@$$QAV<lambda_c2ffc0b7726aa6be21d5f0026187e748>@@@Z 10027f08     libucrt:fflush.obj
 0002:00007f28       __sehtable$___acrt_update_thread_locale_data 10027f28     libucrt:locale_refcounting.obj
 0002:00007f48       __sehtable$__fcloseall     10027f48     libucrt:closeall.obj
 0002:00007f68       __sehtable$___acrt_lowio_ensure_fh_exists 10027f68     libucrt:osfinfo.obj
 0002:00007f88       __sehtable$??$?RV<lambda_9e9de3de5fa147e2223d7db92bc10aa6>@@AAV<lambda_38ce7e780aa69e748d6df282ebc68efe>@@V<lambda_8ca6da459f0f6780f1cff60fdc3d00e5>@@@?$__crt_seh_guarded_call@H@@QAEH$$QAV<lambda_9e9de3de5fa147e2223d7db92bc10aa6>@@AAV<lambda_38ce7e780aa69e748d6df282ebc68efe>@@$$QAV<lambda_8ca6da459f0f6780f1cff60fdc3d00e5>@@@Z 10027f88     libucrt:commit.obj
 0002:00007fa8       __sehtable$__write         10027fa8     libucrt:write.obj
 0002:00007fc8       __sehtable$_fclose         10027fc8     libucrt:fclose.obj
 0002:00007fe8       __sehtable$??$?RV<lambda_218ce3db14220d0be481dae8ef3383b6>@@AAV<lambda_628dfdc04ba53c8bfc02c9951375f3f5>@@V<lambda_57dc472bd5c9d5f3b2cbca59b8a843ae>@@@?$__crt_seh_guarded_call@H@@QAEH$$QAV<lambda_218ce3db14220d0be481dae8ef3383b6>@@AAV<lambda_628dfdc04ba53c8bfc02c9951375f3f5>@@$$QAV<lambda_57dc472bd5c9d5f3b2cbca59b8a843ae>@@@Z 10027fe8     libucrt:close.obj
 0002:00008008       __sehtable$__IsNonwritableInCurrentImage 10028008     LIBCMT:pesect.obj
 0002:00008030       .edata                     10028030     OPOSLineDisplay.exp
 0002:00008058       rgpv                       10028058     OPOSLineDisplay.exp
 0002:00008068       rgszName                   10028068     OPOSLineDisplay.exp
 0002:00008078       rgwOrd                     10028078     OPOSLineDisplay.exp
 0002:00008080       szName                     10028080     OPOSLineDisplay.exp
 0002:00008094       $N00001                    10028094     OPOSLineDisplay.exp
 0002:000080a4       $N00002                    100280a4     OPOSLineDisplay.exp
 0002:000080b6       $N00003                    100280b6     OPOSLineDisplay.exp
 0002:000080c8       $N00004                    100280c8     OPOSLineDisplay.exp
 0002:000086d6       .idata$6                   100286d6     kernel32:KERNEL32.dll
 0002:000088ea       .idata$6                   100288ea     user32:USER32.dll
 0002:00008a1e       .idata$6                   10028a1e     gdi32:GDI32.dll
 0002:00008ac4       .idata$6                   10028ac4     advapi32:ADVAPI32.dll
 0002:00008be0       .idata$6                   10028be0     ole32:ole32.dll
 0002:00008bea       .idata$6                   10028bea     oleaut32:OLEAUT32.dll
 0003:00000110       ?ObjectMap@@3PAU_ATL_OBJMAP_ENTRY30@ATL@@A 1002a110     LineDisplay.obj
 0003:000001d0       ?s_SOMethodNames@@3PAPADA  1002a1d0     LineDisplayImpl.obj
 0003:00000248       ?s_RequiredMethodsPerRelease@@3PAHA 1002a248     LineDisplayImpl.obj
 0003:00000290       ?__vcrt_flsindex@@3KA      1002a290     libvcruntime:per_thread_data.obj
 0003:000002b0       ?errno_no_memory@@3HA      1002a2b0     libucrt:errno.obj
 0003:000002b4       ?doserrno_no_memory@@3KA   1002a2b4     libucrt:errno.obj
 0003:000002c0       ?__acrt_flsindex@@3KA      1002a2c0     libucrt:per_thread_data.obj
 0003:00000658       __mbctypes                 1002a658     libucrt:mbctype.obj
 0003:00000760       __mbcasemaps               1002a760     libucrt:mbctype.obj
 0003:00000860       ?__rgctypeflag@@3PADA      1002a860     libucrt:mbctype.obj
 0003:00000868       ?__rgcode_page_info@@3PAUcode_page_info@@A 1002a868     libucrt:mbctype.obj
 0003:00000ac0       ?__dcrt_lowio_console_output_handle@@3PAXA 1002aac0     libucrt:initcon.obj
 0003:00000c58       ?is_initialized_as_dll@@3_NA 1002ac58     LIBCMT:utility.obj
 0003:00000c59       ?module_local_atexit_table_initialized@@3_NA 1002ac59     LIBCMT:utility.obj
 0003:00000c5c       ?module_local_atexit_table@@3U_onexit_table_t@@A 1002ac5c     LIBCMT:utility.obj
 0003:00000c68       ?module_local_at_quick_exit_table@@3U_onexit_table_t@@A 1002ac68     LIBCMT:utility.obj
 0003:00000c74       ?g_tss_cv@@3U_RTL_CONDITION_VARIABLE@@A 1002ac74     LIBCMT:thread_safe_statics.obj
 0003:00000c78       ?g_tss_event@@3PAXA        1002ac78     LIBCMT:thread_safe_statics.obj
 0003:00000c7c       ?g_tss_mutex@@3U_RTL_CRITICAL_SECTION@@A 1002ac7c     LIBCMT:thread_safe_statics.obj
 0003:00000c94       ?g_sleep_condition_variable_cs@@3P6GHPAU_RTL_CONDITION_VARIABLE@@PAU_RTL_CRITICAL_SECTION@@K@ZA 1002ac94     LIBCMT:thread_safe_statics.obj
 0003:00000c98       ?g_wake_all_condition_variable@@3P6GXPAU_RTL_CONDITION_VARIABLE@@@ZA 1002ac98     LIBCMT:thread_safe_statics.obj
 0003:00000ca0       _GS_ExceptionRecord        1002aca0     LIBCMT:gs_report.obj
 0003:00000cf0       _GS_ContextRecord          1002acf0     LIBCMT:gs_report.obj
 0003:00000fc0       ?__proc_attached@@3HA      1002afc0     LIBCMT:dll_dllmain.obj
 0003:0000101c       ?AllocateData@@3P6GPAUAtlThunkData_t@@XZA 1002b01c     atls:atlthunk.obj
 0003:00001020       ?InitData@@3P6GXPAUAtlThunkData_t@@PAXI@ZA 1002b020     atls:atlthunk.obj
 0003:00001024       ?DataToCode@@3P6GP6GJPAUHWND__@@IIJ@ZPAUAtlThunkData_t@@@ZA 1002b024     atls:atlthunk.obj
 0003:00001028       ?FreeData@@3P6GXPAUAtlThunkData_t@@@ZA 1002b028     atls:atlthunk.obj
 0003:0000102c       ?Initialized@@3_NA         1002b02c     atls:atlthunk.obj
 0003:0000103c       ?__vcrt_startup_thread_ptd@@3U__vcrt_ptd@@A 1002b03c     libvcruntime:per_thread_data.obj
 0003:00001064       ___vcrt_lock_table         1002b064     libvcruntime:locks.obj
 0003:0000107c       ___vcrt_locks_initialized  1002b07c     libvcruntime:locks.obj
 0003:000010a8       ?heap@@3V_HeapManager@@A   1002b0a8     libvcruntime:undname.obj
 0003:000010bc       ?module_handles@@3PAPAUHINSTANCE__@@A 1002b0bc     libvcruntime:winapi_downlevel.obj
 0003:000010c8       ?function_pointers@@3PAPAXA 1002b0c8     libvcruntime:winapi_downlevel.obj
 0003:000010dc       ?__acrt_invalid_parameter_handler@@3V?$dual_state_global@P6AXPB_W00II@Z@__crt_state_management@@A 1002b0dc     libucrt:invalid_parameter.obj
 0003:000010e0       ?c_termination_complete@@3JA 1002b0e0     libucrt:exit.obj
 0003:000010e4       ?thread_local_exit_callback_func@@3P6GXPAXK0@ZA 1002b0e4     libucrt:exit.obj
 0003:000010f0       ?program_name@?1???$common_configure_argv@D@@YAHW4_crt_argv_mode@@@Z@4PADA 1002b0f0     libucrt:argv_parsing.obj
 0003:00001220       ?__acrt_new_handler@@3V?$dual_state_global@P6AHI@Z@__crt_state_management@@A 1002b220     libucrt:new_handler.obj
 0003:00001228       ?module_handles@@3PAPAUHINSTANCE__@@A 1002b228     libucrt:winapi_thunks.obj
 0003:00001278       ?encoded_function_pointers@@3PAPAXA 1002b278     libucrt:winapi_thunks.obj
 0003:00001300       ?internal_state@?1??_mbtowc_l@@9@4U_Mbstatet@@A 1002b300     libucrt:mbtowc.obj
 0003:00001310       ?enable_percent_n@@3IA     1002b310     libucrt:printf_count_output.obj
 0003:00001530       ?__acrt_lock_table@@3PAU_RTL_CRITICAL_SECTION@@A 1002b530     libucrt:locks.obj
 0003:00001680       ?__acrt_locks_initialized@@3IA 1002b680     libucrt:locks.obj
 0003:00001690       ?fSystemSet@@3HA           1002b690     libucrt:mbctype.obj
 0003:00001694       ?initialized@?1??__acrt_initialize_multibyte@@9@4_NA 1002b694     libucrt:mbctype.obj
 0003:000016b4       ?ctrlc_action@@3V?$dual_state_global@P6AXH@Z@__crt_state_management@@A 1002b6b4     libucrt:signal.obj
 0003:000016b8       ?ctrlbreak_action@@3V?$dual_state_global@P6AXH@Z@__crt_state_management@@A 1002b6b8     libucrt:signal.obj
 0003:000016bc       ?abort_action@@3V?$dual_state_global@P6AXH@Z@__crt_state_management@@A 1002b6bc     libucrt:signal.obj
 0003:000016c0       ?term_action@@3V?$dual_state_global@P6AXH@Z@__crt_state_management@@A 1002b6c0     libucrt:signal.obj
 0003:000016c4       ?user_matherr@@3V?$dual_state_global@P6AHPAU_exception@@@Z@__crt_state_management@@A 1002b6c4     libucrt:matherr.obj
 0003:000016c8       ?__acrt_global_new_mode@@3V?$dual_state_global@J@__crt_state_management@@A 1002b6c8     libucrt:new_mode.obj
 0003:000016d4       ?internal_pst@?1??__mbrtoc32_utf8@__crt_mbstring@@YAIPA_UPBDIPAU_Mbstatet@@@Z@4U3@A 1002b6d4     libucrt:mbrtoc32.obj
 0003:000016dc       ?__acrt_app_type@@3W4_crt_app_type@@A 1002b6dc     libucrt:report_runtime_error.obj
 0003:000016e4       __pmatherr_set             1002b6e4     libucrt:libm_error.obj
 0004:00000220       $R000000                   1002c220     LineDisplay.res
 0004:00000bc0       $R0009A0                   1002cbc0     LineDisplay.res
 0004:00000ca8       $R000A88                   1002cca8     LineDisplay.res
 0004:00000f10       $R000CF0                   1002cf10     LineDisplay.res
 0004:000014b8       $R001298                   1002d4b8     LineDisplay.res
 0004:00005970       $R005750                   10031970     LineDisplay.res
 0004:000059a8       $R005788                   100319a8     LineDisplay.res
