 OPOSCAT

 Timestamp is 61a75b67 (Wed Dec  1 20:24:23 2021)

 Preferred load address is 10000000

 Start         Length     Name                   Class
 0001:00000000 00000080H .text$di                CODE
 0001:00000080 0001f508H .text$mn                CODE
 0001:0001f588 000000d8H .text$x                 CODE
 0001:0001f660 00000042H .text$yd                CODE
 0002:00000000 000002fcH .idata$5                DATA
 0002:000002fc 00000008H .00cfg                  DATA
 0002:00000304 00000004H .CRT$XCA                DATA
 0002:00000308 00000004H .CRT$XCL                DATA
 0002:0000030c 00000010H .CRT$XCU                DATA
 0002:0000031c 00000004H .CRT$XCZ                DATA
 0002:00000320 00000004H .CRT$XIA                DATA
 0002:00000324 00000010H .CRT$XIC                DATA
 0002:00000334 00000004H .CRT$XIZ                DATA
 0002:00000338 00000004H .CRT$XLA                DATA
 0002:0000033c 00000004H .CRT$XLZ                DATA
 0002:00000340 00000004H .CRT$XPA                DATA
 0002:00000344 00000008H .CRT$XPX                DATA
 0002:0000034c 00000004H .CRT$XPXA               DATA
 0002:00000350 00000004H .CRT$XPZ                DATA
 0002:00000354 00000004H .CRT$XTA                DATA
 0002:00000358 00000008H .CRT$XTZ                DATA
 0002:0000035c 00000000H .gfids$y                DATA
 0002:00000360 00006fa0H .rdata                  DATA
 0002:00007300 00000000H .rdata$CastGuardVftablesA DATA
 0002:00007300 00000000H .rdata$CastGuardVftablesC DATA
 0002:00007300 00000018H .rdata$T                DATA
 0002:00007318 00000178H .rdata$r                DATA
 0002:00007490 0000002cH .rdata$sxdata           DATA
 0002:000074bc 00000030H .rdata$voltmd           DATA
 0002:000074ec 00000404H .rdata$zzzdbg           DATA
 0002:000078f0 00000004H .rtc$IAA                DATA
 0002:000078f4 00000004H .rtc$IZZ                DATA
 0002:000078f8 00000004H .rtc$TAA                DATA
 0002:000078fc 00000004H .rtc$TZZ                DATA
 0002:00007900 00000004H .tls                    DATA
 0002:00007904 00000004H .tls$                   DATA
 0002:00007908 00000008H .tls$ZZZ                DATA
 0002:00007910 000006dcH .xdata$x                DATA
 0002:00007fec 00000004H ATL$__a                 DATA
 0002:00007ff0 00000010H ATL$__z                 DATA
 0002:00008000 000000a4H .edata                  DATA
 0002:000080a4 00000078H .idata$2                DATA
 0002:0000811c 00000014H .idata$3                DATA
 0002:00008130 000002fcH .idata$4                DATA
 0002:0000842c 00000bceH .idata$6                DATA
 0003:00000000 00000ac0H .data                   DATA
 0003:00000ac0 00000080H .data$r                 DATA
 0003:00000b40 00000018H .data$rs                DATA
 0003:00000b58 00000b80H .bss                    DATA
 0004:00000000 00000220H .rsrc$01                DATA
 0004:00000220 000051d0H .rsrc$02                DATA

  Address         Publics by Value              Rva+Base       Lib:Object

 0000:00000000       ___guard_fids_count        00000000     <absolute>
 0000:00000000       ___guard_eh_cont_table     00000000     <absolute>
 0000:00000000       ___guard_longjmp_table     00000000     <absolute>
 0000:00000000       ___arm64x_extra_rfe_table  00000000     <absolute>
 0000:00000000       ___arm64x_redirection_metadata 00000000     <absolute>
 0000:00000000       ___guard_iat_count         00000000     <absolute>
 0000:00000000       ___guard_eh_cont_count     00000000     <absolute>
 0000:00000000       __except_list              00000000     <absolute>
 0000:00000000       ___x64_code_ranges_to_entry_points_count 00000000     <absolute>
 0000:00000000       ___hybrid_code_map_count   00000000     <absolute>
 0000:00000000       ___x64_code_ranges_to_entry_points 00000000     <absolute>
 0000:00000000       ___guard_iat_table         00000000     <absolute>
 0000:00000000       ___arm64x_native_entrypoint 00000000     <absolute>
 0000:00000000       ___hybrid_code_map         00000000     <absolute>
 0000:00000000       ___arm64x_extra_rfe_table_size 00000000     <absolute>
 0000:00000000       ___guard_longjmp_count     00000000     <absolute>
 0000:00000000       ___guard_check_icall_a64n_fptr 00000000     <absolute>
 0000:00000000       ___arm64x_redirection_metadata_count 00000000     <absolute>
 0000:00000000       ___hybrid_auxiliary_iat    00000000     <absolute>
 0000:00000000       ___dynamic_value_reloc_table 00000000     <absolute>
 0000:00000000       ___AbsoluteZero            00000000     <absolute>
 0000:00000000       ___enclave_config          00000000     <absolute>
 0000:00000000       ___guard_fids_table        00000000     <absolute>
 0000:00000000       ___hybrid_auxiliary_iat_copy 00000000     <absolute>
 0000:0000000b       ___safe_se_handler_count   0000000b     <absolute>
 0000:0000002c       __tls_array                0000002c     <absolute>
 0000:00000100       ___guard_flags             00000100     <absolute>
 0000:00000000       ___ImageBase               10000000     <linker-defined>
 0001:00000080       ?DupWide@_CW@@AAEXXZ       10001080 f   CWString.obj
 0001:0000009c       ?cw_dup@@YGXPBDAAHAAPA_W1@Z 1000109c f   CWString.obj
 0001:00000124       ?cw_memcpy@@YGHPA_WPBDH@Z  10001124 f   CWString.obj
 0001:00000150       ?cw_strcpy@@YAHPA_WPBD@Z   10001150 f   CWString.obj
 0001:00000163       ?cw_strlen@@YAHPBD@Z       10001163 f   CWString.obj
 0001:0000017c       ??0CAtlComModule@ATL@@QAE@XZ 1000117c f i OposVariant.obj
 0001:000001c1       ??0CAtlWinModule@ATL@@QAE@XZ 100011c1 f i OposVariant.obj
 0001:000001f8       ??0OposDispParms@@QAE@PAVOposVariant@@H@Z 100011f8 f   OposVariant.obj
 0001:00000269       ??1OposDispParms@@QAE@XZ   10001269 f   OposVariant.obj
 0001:00000277       ??A?$CSimpleArray@GV?$CSimpleArrayEqualHelper@G@ATL@@@ATL@@QAEAAGH@Z 10001277 f i OposVariant.obj
 0001:0000029c       ??_Estringdispid@CComTypeInfoHolder@ATL@@QAEPAXI@Z 1000129c f i OposVariant.obj
 0001:00000308       ?AtlWinModuleInit@ATL@@YGJPAU_ATL_WIN_MODULE70@1@@Z 10001308 f i OposVariant.obj
 0001:0000032e       ?AtlWinModuleTerm@ATL@@YGJPAU_ATL_WIN_MODULE70@1@PAUHINSTANCE__@@@Z 1000132e f i OposVariant.obj
 0001:00000391       ?ChangeBSTR@OposVariant@@QAEXPAPA_WAAJ@Z 10001391 f   OposVariant.obj
 0001:000003d2       ?ChangeCURRENCY@OposVariant@@QAEXPATtagCY@@AAJ@Z 100013d2 f   OposVariant.obj
 0001:00000421       ?ChangeLONG@OposVariant@@QAEXPAJAAJ@Z 10001421 f   OposVariant.obj
 0001:00000462       ?GetLONG@OposVariant@@QAEJXZ 10001462 f   OposVariant.obj
 0001:0000047d       ?Init@CComCriticalSection@ATL@@QAEJXZ 1000147d f i OposVariant.obj
 0001:000004a5       ?RemoveAll@?$CSimpleArray@PAUHINSTANCE__@@V?$CSimpleArrayEqualHelper@PAUHINSTANCE__@@@ATL@@@ATL@@QAEXXZ 100014a5 f i atls:atlbase.obj
 0001:000004a5       ?RemoveAll@?$CSimpleArray@GV?$CSimpleArrayEqualHelper@G@ATL@@@ATL@@QAEXXZ 100014a5 f i OposVariant.obj
 0001:000004c2       ?SetBSTR@OposVariant@@QAEXPA_WAAJ@Z 100014c2 f   OposVariant.obj
 0001:000004f6       ?SetBSTR_Copy@OposVariant@@QAEXPA_WAAJ@Z 100014f6 f   OposVariant.obj
 0001:00000546       ?SetBSTR_InOutPtr@OposVariant@@QAE_NPAPA_WAAJ@Z 10001546 f   OposVariant.obj
 0001:0000057d       ?SetCURRENCY@OposVariant@@QAEXTtagCY@@@Z 1000157d f   OposVariant.obj
 0001:000005a5       ?SetDispatch_Ptr@OposVariant@@QAEXPAUIDispatch@@AAJ@Z 100015a5 f   OposVariant.obj
 0001:000005e0       ?SetLONG@OposVariant@@QAEXJ@Z 100015e0 f   OposVariant.obj
 0001:00000602       ?SetLONG_Ptr@OposVariant@@QAEXPAJAAJ@Z 10001602 f   OposVariant.obj
 0001:00000635       ?SetString@OposVariant@@QAEXPB_WAAJ@Z 10001635 f   OposVariant.obj
 0001:0000067b       ?SetVARIANT_BOOL@OposVariant@@QAEXF@Z 1000167b f   OposVariant.obj
 0001:000006a5       ?Term@CAtlComModule@ATL@@QAEXXZ 100016a5 f i OposVariant.obj
 0001:000006ef       ?_AtlRaiseException@ATL@@YAXKK@Z 100016ef f i OposVariant.obj
 0001:00000704       ?OnDrawAdvanced@CComControlBase@ATL@@UAEJAAUATL_DRAWINFO@@@Z 10001704 f i CAT.obj
 0001:000007f7       ?Next@?$CComEnumImpl@UIEnumConnections@@$1?_GUID_b196b287_bab4_101a_b69c_00aa00341d07@@3U__s_GUID@@BUtagCONNECTDATA@@V?$_Copy@UtagCONNECTDATA@@@ATL@@@ATL@@UAGJKPAUtagCONNECTDATA@@PAK@Z 100017f7 f i CAT.obj
 0001:000008c6       ?Skip@?$CComEnumImpl@UIEnumConnections@@$1?_GUID_b196b287_bab4_101a_b69c_00aa00341d07@@3U__s_GUID@@BUtagCONNECTDATA@@V?$_Copy@UtagCONNECTDATA@@@ATL@@@ATL@@UAGJK@Z 100018c6 f i CAT.obj
 0001:000008f3       ?Reset@?$CComEnumImpl@UIEnumConnectionPoints@@$1?_GUID_b196b285_bab4_101a_b69c_00aa00341d07@@3U__s_GUID@@BPAUIConnectionPoint@@V?$_CopyInterface@UIConnectionPoint@@@ATL@@@ATL@@UAGJXZ 100018f3 f i CAT.obj
 0001:000008f3       ?Reset@?$CComEnumImpl@UIEnumConnections@@$1?_GUID_b196b287_bab4_101a_b69c_00aa00341d07@@3U__s_GUID@@BUtagCONNECTDATA@@V?$_Copy@UtagCONNECTDATA@@@ATL@@@ATL@@UAGJXZ 100018f3 f i CAT.obj
 0001:00000905       ?Clone@?$CComEnumImpl@UIEnumConnections@@$1?_GUID_b196b287_bab4_101a_b69c_00aa00341d07@@3U__s_GUID@@BUtagCONNECTDATA@@V?$_Copy@UtagCONNECTDATA@@@ATL@@@ATL@@UAGJPAPAUIEnumConnections@@@Z 10001905 f i CAT.obj
 0001:000009e6       ?OnFinalMessage@?$CWindowImplBaseT@VCWindow@ATL@@V?$CWinTraits@$0FGAAAAAA@$0A@@2@@ATL@@UAEXPAUHWND__@@@Z 100019e6 f i CAT.obj
 0001:000009e6       ?ObjectMain@CComObjectRootBase@ATL@@SGX_N@Z 100019e6 f i CAT.obj
 0001:000009e9       ?GetObjectDescription@?$CComCoClass@VCOPOSCAT@@$1?CLSID_OPOSCAT@@3U_GUID@@B@ATL@@SGPB_WXZ 100019e9 f i CAT.obj
 0001:000009e9       ?GetCategoryMap@CComObjectRootBase@ATL@@SAPBU_ATL_CATMAP_ENTRY@2@XZ 100019e9 f i CAT.obj
 0001:000009ec       ?AddRef@?$CComObject@V?$CComEnum@UIEnumConnectionPoints@@$1?_GUID_b196b285_bab4_101a_b69c_00aa00341d07@@3U__s_GUID@@BPAUIConnectionPoint@@V?$_CopyInterface@UIConnectionPoint@@@ATL@@VCComSingleThreadModel@6@@ATL@@@ATL@@UAGKXZ 100019ec f i CAT.obj
 0001:000009ec       ?AddRef@?$CComObject@V?$CComEnum@UIEnumConnections@@$1?_GUID_b196b287_bab4_101a_b69c_00aa00341d07@@3U__s_GUID@@BUtagCONNECTDATA@@V?$_Copy@UtagCONNECTDATA@@@ATL@@VCComSingleThreadModel@6@@ATL@@@ATL@@UAGKXZ 100019ec f i CAT.obj
 0001:000009fd       ?Release@?$CComObject@V?$CComEnum@UIEnumConnections@@$1?_GUID_b196b287_bab4_101a_b69c_00aa00341d07@@3U__s_GUID@@BUtagCONNECTDATA@@V?$_Copy@UtagCONNECTDATA@@@ATL@@VCComSingleThreadModel@6@@ATL@@@ATL@@UAGKXZ 100019fd f i CAT.obj
 0001:000009fd       ?Release@?$CComObject@V?$CComEnum@UIEnumConnectionPoints@@$1?_GUID_b196b285_bab4_101a_b69c_00aa00341d07@@3U__s_GUID@@BPAUIConnectionPoint@@V?$_CopyInterface@UIConnectionPoint@@@ATL@@VCComSingleThreadModel@6@@ATL@@@ATL@@UAGKXZ 100019fd f i CAT.obj
 0001:00000a39       ?QueryInterface@?$CComObject@V?$CComEnum@UIEnumConnections@@$1?_GUID_b196b287_bab4_101a_b69c_00aa00341d07@@3U__s_GUID@@BUtagCONNECTDATA@@V?$_Copy@UtagCONNECTDATA@@@ATL@@VCComSingleThreadModel@6@@ATL@@@ATL@@UAGJABU_GUID@@PAPAX@Z 10001a39 f i CAT.obj
 0001:00000a53       ??_G?$CComObject@V?$CComEnum@UIEnumConnections@@$1?_GUID_b196b287_bab4_101a_b69c_00aa00341d07@@3U__s_GUID@@BUtagCONNECTDATA@@V?$_Copy@UtagCONNECTDATA@@@ATL@@VCComSingleThreadModel@6@@ATL@@@ATL@@UAEPAXI@Z 10001a53 f i CAT.obj
 0001:00000a53       ??_E?$CComObject@V?$CComEnum@UIEnumConnections@@$1?_GUID_b196b287_bab4_101a_b69c_00aa00341d07@@3U__s_GUID@@BUtagCONNECTDATA@@V?$_Copy@UtagCONNECTDATA@@@ATL@@VCComSingleThreadModel@6@@ATL@@@ATL@@UAEPAXI@Z 10001a53 f i CAT.obj
 0001:00000a75       ?CreateInstance@CComClassFactory@ATL@@UAGJPAUIUnknown@@ABU_GUID@@PAPAX@Z 10001a75 f i CAT.obj
 0001:00000ab3       ?LockServer@CComClassFactory@ATL@@UAGJH@Z 10001ab3 f i CAT.obj
 0001:00000ad2       ??_GCComClassFactory@ATL@@UAEPAXI@Z 10001ad2 f i CAT.obj
 0001:00000ad2       ??_ECComClassFactory@ATL@@UAEPAXI@Z 10001ad2 f i CAT.obj
 0001:00000afd       ??_E?$CComObject@VCOPOSCAT@@@ATL@@W3AEPAXI@Z 10001afd f i CAT.obj
 0001:00000b05       ??_E?$CComObject@VCOPOSCAT@@@ATL@@WEM@AEPAXI@Z 10001b05 f i CAT.obj
 0001:00000b0d       ?QueryInterface@?$CComObject@VCOPOSCAT@@@ATL@@WHA@AGJABU_GUID@@PAPAX@Z 10001b0d f i CAT.obj
 0001:00000b17       ?AddRef@?$CComObject@VCOPOSCAT@@@ATL@@WHA@AGKXZ 10001b17 f i CAT.obj
 0001:00000b21       ?Release@?$CComObject@VCOPOSCAT@@@ATL@@WHA@AGKXZ 10001b21 f i CAT.obj
 0001:00000b2b       ?QueryInterface@?$CComObject@VCOPOSCAT@@@ATL@@WHE@AGJABU_GUID@@PAPAX@Z 10001b2b f i CAT.obj
 0001:00000b35       ?AddRef@?$CComObject@VCOPOSCAT@@@ATL@@WHE@AGKXZ 10001b35 f i CAT.obj
 0001:00000b3f       ?Release@?$CComObject@VCOPOSCAT@@@ATL@@WHE@AGKXZ 10001b3f f i CAT.obj
 0001:00000b49       ?QueryInterface@?$CComObject@VCOPOSCAT@@@ATL@@WHI@AGJABU_GUID@@PAPAX@Z 10001b49 f i CAT.obj
 0001:00000b53       ?AddRef@?$CComObject@VCOPOSCAT@@@ATL@@WHI@AGKXZ 10001b53 f i CAT.obj
 0001:00000b5d       ?Release@?$CComObject@VCOPOSCAT@@@ATL@@WHI@AGKXZ 10001b5d f i CAT.obj
 0001:00000b67       ?QueryInterface@?$CComObject@VCOPOSCAT@@@ATL@@WHM@AGJABU_GUID@@PAPAX@Z 10001b67 f i CAT.obj
 0001:00000b71       ?AddRef@?$CComObject@VCOPOSCAT@@@ATL@@WHM@AGKXZ 10001b71 f i CAT.obj
 0001:00000b7b       ?Release@?$CComObject@VCOPOSCAT@@@ATL@@WHM@AGKXZ 10001b7b f i CAT.obj
 0001:00000b85       ?QueryInterface@?$CComObject@VCOPOSCAT@@@ATL@@WIA@AGJABU_GUID@@PAPAX@Z 10001b85 f i CAT.obj
 0001:00000b92       ?AddRef@?$CComObject@VCOPOSCAT@@@ATL@@WIA@AGKXZ 10001b92 f i CAT.obj
 0001:00000b9f       ?Release@?$CComObject@VCOPOSCAT@@@ATL@@WIA@AGKXZ 10001b9f f i CAT.obj
 0001:00000bac       ?QueryInterface@?$CComObject@VCOPOSCAT@@@ATL@@WIE@AGJABU_GUID@@PAPAX@Z 10001bac f i CAT.obj
 0001:00000bb9       ?AddRef@?$CComObject@VCOPOSCAT@@@ATL@@WIE@AGKXZ 10001bb9 f i CAT.obj
 0001:00000bc6       ?Release@?$CComObject@VCOPOSCAT@@@ATL@@WIE@AGKXZ 10001bc6 f i CAT.obj
 0001:00000bd3       ?QueryInterface@?$CComObject@VCOPOSCAT@@@ATL@@WII@AGJABU_GUID@@PAPAX@Z 10001bd3 f i CAT.obj
 0001:00000be0       ?AddRef@?$CComObject@VCOPOSCAT@@@ATL@@WII@AGKXZ 10001be0 f i CAT.obj
 0001:00000bed       ?Release@?$CComObject@VCOPOSCAT@@@ATL@@WII@AGKXZ 10001bed f i CAT.obj
 0001:00000bfa       ?QueryInterface@?$CComObject@VCOPOSCAT@@@ATL@@WIM@AGJABU_GUID@@PAPAX@Z 10001bfa f i CAT.obj
 0001:00000c07       ?AddRef@?$CComObject@VCOPOSCAT@@@ATL@@WIM@AGKXZ 10001c07 f i CAT.obj
 0001:00000c14       ?Release@?$CComObject@VCOPOSCAT@@@ATL@@WIM@AGKXZ 10001c14 f i CAT.obj
 0001:00000c21       ?QueryInterface@?$CComObject@VCOPOSCAT@@@ATL@@WJA@AGJABU_GUID@@PAPAX@Z 10001c21 f i CAT.obj
 0001:00000c2e       ?AddRef@?$CComObject@VCOPOSCAT@@@ATL@@WJA@AGKXZ 10001c2e f i CAT.obj
 0001:00000c3b       ?Release@?$CComObject@VCOPOSCAT@@@ATL@@WJA@AGKXZ 10001c3b f i CAT.obj
 0001:00000c48       ?QueryInterface@?$CComObject@VCOPOSCAT@@@ATL@@WJE@AGJABU_GUID@@PAPAX@Z 10001c48 f i CAT.obj
 0001:00000c55       ?AddRef@?$CComObject@VCOPOSCAT@@@ATL@@WJE@AGKXZ 10001c55 f i CAT.obj
 0001:00000c62       ?Release@?$CComObject@VCOPOSCAT@@@ATL@@WJE@AGKXZ 10001c62 f i CAT.obj
 0001:00000c6f       ?QueryInterface@?$CComObject@VCOPOSCAT@@@ATL@@WJI@AGJABU_GUID@@PAPAX@Z 10001c6f f i CAT.obj
 0001:00000c7c       ?AddRef@?$CComObject@VCOPOSCAT@@@ATL@@WJI@AGKXZ 10001c7c f i CAT.obj
 0001:00000c89       ?Release@?$CComObject@VCOPOSCAT@@@ATL@@WJI@AGKXZ 10001c89 f i CAT.obj
 0001:00000c96       ?QueryInterface@?$CComObject@VCOPOSCAT@@@ATL@@WJM@AGJABU_GUID@@PAPAX@Z 10001c96 f i CAT.obj
 0001:00000ca3       ?AddRef@?$CComObject@VCOPOSCAT@@@ATL@@WJM@AGKXZ 10001ca3 f i CAT.obj
 0001:00000cb0       ?Release@?$CComObject@VCOPOSCAT@@@ATL@@WJM@AGKXZ 10001cb0 f i CAT.obj
 0001:00000cbd       ?QueryInterface@?$CComObject@VCOPOSCAT@@@ATL@@WKA@AGJABU_GUID@@PAPAX@Z 10001cbd f i CAT.obj
 0001:00000cca       ?AddRef@?$CComObject@VCOPOSCAT@@@ATL@@WKA@AGKXZ 10001cca f i CAT.obj
 0001:00000cd7       ?Release@?$CComObject@VCOPOSCAT@@@ATL@@WKA@AGKXZ 10001cd7 f i CAT.obj
 0001:00000ce4       ?AddRef@?$CComObject@VCOPOSCAT@@@ATL@@WKI@AGKXZ 10001ce4 f i CAT.obj
 0001:00000cf1       ?Release@?$CComObject@VCOPOSCAT@@@ATL@@WKI@AGKXZ 10001cf1 f i CAT.obj
 0001:00000cfe       ?AddRef@?$CComObject@VCOPOSCAT@@@ATL@@WLE@AGKXZ 10001cfe f i CAT.obj
 0001:00000d0b       ?Release@?$CComObject@VCOPOSCAT@@@ATL@@WLE@AGKXZ 10001d0b f i CAT.obj
 0001:00000d18       ??_E?$CComContainedObject@VCOPOSCAT@@@ATL@@W3AEPAXI@Z 10001d18 f i CAT.obj
 0001:00000d20       ??_E?$CComContainedObject@VCOPOSCAT@@@ATL@@WEM@AEPAXI@Z 10001d20 f i CAT.obj
 0001:00000d28       ?QueryInterface@?$CComContainedObject@VCOPOSCAT@@@ATL@@WHA@AGJABU_GUID@@PAPAX@Z 10001d28 f i CAT.obj
 0001:00000d32       ?AddRef@?$CComContainedObject@VCOPOSCAT@@@ATL@@WHA@AGKXZ 10001d32 f i CAT.obj
 0001:00000d3c       ?Release@?$CComContainedObject@VCOPOSCAT@@@ATL@@WHA@AGKXZ 10001d3c f i CAT.obj
 0001:00000d46       ?QueryInterface@?$CComContainedObject@VCOPOSCAT@@@ATL@@WHE@AGJABU_GUID@@PAPAX@Z 10001d46 f i CAT.obj
 0001:00000d50       ?AddRef@?$CComContainedObject@VCOPOSCAT@@@ATL@@WHE@AGKXZ 10001d50 f i CAT.obj
 0001:00000d5a       ?Release@?$CComContainedObject@VCOPOSCAT@@@ATL@@WHE@AGKXZ 10001d5a f i CAT.obj
 0001:00000d64       ?QueryInterface@?$CComContainedObject@VCOPOSCAT@@@ATL@@WHI@AGJABU_GUID@@PAPAX@Z 10001d64 f i CAT.obj
 0001:00000d6e       ?AddRef@?$CComContainedObject@VCOPOSCAT@@@ATL@@WHI@AGKXZ 10001d6e f i CAT.obj
 0001:00000d78       ?Release@?$CComContainedObject@VCOPOSCAT@@@ATL@@WHI@AGKXZ 10001d78 f i CAT.obj
 0001:00000d82       ?QueryInterface@?$CComContainedObject@VCOPOSCAT@@@ATL@@WHM@AGJABU_GUID@@PAPAX@Z 10001d82 f i CAT.obj
 0001:00000d8c       ?AddRef@?$CComContainedObject@VCOPOSCAT@@@ATL@@WHM@AGKXZ 10001d8c f i CAT.obj
 0001:00000d96       ?Release@?$CComContainedObject@VCOPOSCAT@@@ATL@@WHM@AGKXZ 10001d96 f i CAT.obj
 0001:00000da0       ?QueryInterface@?$CComContainedObject@VCOPOSCAT@@@ATL@@WIA@AGJABU_GUID@@PAPAX@Z 10001da0 f i CAT.obj
 0001:00000dad       ?AddRef@?$CComContainedObject@VCOPOSCAT@@@ATL@@WIA@AGKXZ 10001dad f i CAT.obj
 0001:00000dba       ?Release@?$CComContainedObject@VCOPOSCAT@@@ATL@@WIA@AGKXZ 10001dba f i CAT.obj
 0001:00000dc7       ?QueryInterface@?$CComContainedObject@VCOPOSCAT@@@ATL@@WIE@AGJABU_GUID@@PAPAX@Z 10001dc7 f i CAT.obj
 0001:00000dd4       ?AddRef@?$CComContainedObject@VCOPOSCAT@@@ATL@@WIE@AGKXZ 10001dd4 f i CAT.obj
 0001:00000de1       ?Release@?$CComContainedObject@VCOPOSCAT@@@ATL@@WIE@AGKXZ 10001de1 f i CAT.obj
 0001:00000dee       ?QueryInterface@?$CComContainedObject@VCOPOSCAT@@@ATL@@WII@AGJABU_GUID@@PAPAX@Z 10001dee f i CAT.obj
 0001:00000dfb       ?AddRef@?$CComContainedObject@VCOPOSCAT@@@ATL@@WII@AGKXZ 10001dfb f i CAT.obj
 0001:00000e08       ?Release@?$CComContainedObject@VCOPOSCAT@@@ATL@@WII@AGKXZ 10001e08 f i CAT.obj
 0001:00000e15       ?QueryInterface@?$CComContainedObject@VCOPOSCAT@@@ATL@@WIM@AGJABU_GUID@@PAPAX@Z 10001e15 f i CAT.obj
 0001:00000e22       ?AddRef@?$CComContainedObject@VCOPOSCAT@@@ATL@@WIM@AGKXZ 10001e22 f i CAT.obj
 0001:00000e2f       ?Release@?$CComContainedObject@VCOPOSCAT@@@ATL@@WIM@AGKXZ 10001e2f f i CAT.obj
 0001:00000e3c       ?QueryInterface@?$CComContainedObject@VCOPOSCAT@@@ATL@@WJA@AGJABU_GUID@@PAPAX@Z 10001e3c f i CAT.obj
 0001:00000e49       ?AddRef@?$CComContainedObject@VCOPOSCAT@@@ATL@@WJA@AGKXZ 10001e49 f i CAT.obj
 0001:00000e56       ?Release@?$CComContainedObject@VCOPOSCAT@@@ATL@@WJA@AGKXZ 10001e56 f i CAT.obj
 0001:00000e63       ?QueryInterface@?$CComContainedObject@VCOPOSCAT@@@ATL@@WJE@AGJABU_GUID@@PAPAX@Z 10001e63 f i CAT.obj
 0001:00000e70       ?AddRef@?$CComContainedObject@VCOPOSCAT@@@ATL@@WJE@AGKXZ 10001e70 f i CAT.obj
 0001:00000e7d       ?Release@?$CComContainedObject@VCOPOSCAT@@@ATL@@WJE@AGKXZ 10001e7d f i CAT.obj
 0001:00000e8a       ?QueryInterface@?$CComContainedObject@VCOPOSCAT@@@ATL@@WJI@AGJABU_GUID@@PAPAX@Z 10001e8a f i CAT.obj
 0001:00000e97       ?AddRef@?$CComContainedObject@VCOPOSCAT@@@ATL@@WJI@AGKXZ 10001e97 f i CAT.obj
 0001:00000ea4       ?Release@?$CComContainedObject@VCOPOSCAT@@@ATL@@WJI@AGKXZ 10001ea4 f i CAT.obj
 0001:00000eb1       ?QueryInterface@?$CComContainedObject@VCOPOSCAT@@@ATL@@WJM@AGJABU_GUID@@PAPAX@Z 10001eb1 f i CAT.obj
 0001:00000ebe       ?AddRef@?$CComContainedObject@VCOPOSCAT@@@ATL@@WJM@AGKXZ 10001ebe f i CAT.obj
 0001:00000ecb       ?Release@?$CComContainedObject@VCOPOSCAT@@@ATL@@WJM@AGKXZ 10001ecb f i CAT.obj
 0001:00000ed8       ?QueryInterface@?$CComContainedObject@VCOPOSCAT@@@ATL@@WKA@AGJABU_GUID@@PAPAX@Z 10001ed8 f i CAT.obj
 0001:00000ee5       ?AddRef@?$CComContainedObject@VCOPOSCAT@@@ATL@@WKA@AGKXZ 10001ee5 f i CAT.obj
 0001:00000ef2       ?Release@?$CComContainedObject@VCOPOSCAT@@@ATL@@WKA@AGKXZ 10001ef2 f i CAT.obj
 0001:00000eff       ?AddRef@?$CComContainedObject@VCOPOSCAT@@@ATL@@WKI@AGKXZ 10001eff f i CAT.obj
 0001:00000f0c       ?Release@?$CComContainedObject@VCOPOSCAT@@@ATL@@WKI@AGKXZ 10001f0c f i CAT.obj
 0001:00000f19       ?AddRef@?$CComContainedObject@VCOPOSCAT@@@ATL@@WLE@AGKXZ 10001f19 f i CAT.obj
 0001:00000f26       ?Release@?$CComContainedObject@VCOPOSCAT@@@ATL@@WLE@AGKXZ 10001f26 f i CAT.obj
 0001:00000f33       ?GetWindowProc@?$CWindowImplBaseT@VCWindow@ATL@@V?$CWinTraits@$0FGAAAAAA@$0A@@2@@ATL@@UAEP6GJPAUHWND__@@IIJ@ZXZ 10001f33 f i CAT.obj
 0001:00000f39       ?StartWindowProc@?$CWindowImplBaseT@VCWindow@ATL@@V?$CWinTraits@$0FGAAAAAA@$0A@@2@@ATL@@SGJPAUHWND__@@IIJ@Z 10001f39 f i CAT.obj
 0001:00000f8d       ?GetTypeInfoCount@?$IDispatchImpl@UIOPOSCAT@@$1?IID_IOPOSCAT@@3U_GUID@@B$1?LIBID_OposCAT_CCO@@3U3@B$00$0A@VCComTypeInfoHolder@ATL@@@ATL@@UAGJPAI@Z 10001f8d f i CAT.obj
 0001:00000faa       ?GetTypeInfo@?$IDispatchImpl@UIOPOSCAT@@$1?IID_IOPOSCAT@@3U_GUID@@B$1?LIBID_OposCAT_CCO@@3U3@B$00$0A@VCComTypeInfoHolder@ATL@@@ATL@@UAGJIKPAPAUITypeInfo@@@Z 10001faa f i CAT.obj
 0001:00000fce       ?GetIDsOfNames@?$IDispatchImpl@UIOPOSCAT@@$1?IID_IOPOSCAT@@3U_GUID@@B$1?LIBID_OposCAT_CCO@@3U3@B$00$0A@VCComTypeInfoHolder@ATL@@@ATL@@UAGJABU_GUID@@PAPA_WIKPAJ@Z 10001fce f i CAT.obj
 0001:00000fee       ?Invoke@?$IDispatchImpl@UIOPOSCAT@@$1?IID_IOPOSCAT@@3U_GUID@@B$1?LIBID_OposCAT_CCO@@3U3@B$00$0A@VCComTypeInfoHolder@ATL@@@ATL@@UAGJJABU_GUID@@KGPAUtagDISPPARAMS@@PAUtagVARIANT@@PAUtagEXCEPINFO@@PAI@Z 10001fee f i CAT.obj
 0001:00000ffc       ?CreateControlWindow@?$CComControl@VCOPOSCAT@@V?$CWindowImpl@VCOPOSCAT@@VCWindow@ATL@@V?$CWinTraits@$0FGAAAAAA@$0A@@3@@ATL@@@ATL@@UAEPAUHWND__@@PAU3@AAUtagRECT@@@Z 10001ffc f i CAT.obj
 0001:0000102b       ?ControlQueryInterface@?$CComControl@VCOPOSCAT@@V?$CWindowImpl@VCOPOSCAT@@VCWindow@ATL@@V?$CWinTraits@$0FGAAAAAA@$0A@@3@@ATL@@@ATL@@UAEJABU_GUID@@PAPAX@Z 1000202b f i CAT.obj
 0001:00001046       ?GetClassID@?$IPersistStorageImpl@VCOPOSCAT@@@ATL@@UAGJPAU_GUID@@@Z 10002046 f i CAT.obj
 0001:00001046       ?GetClassID@?$IPersistStreamInitImpl@VCOPOSCAT@@@ATL@@UAGJPAU_GUID@@@Z 10002046 f i CAT.obj
 0001:00001046       ?GetUserClassID@?$IOleObjectImpl@VCOPOSCAT@@@ATL@@UAGJPAU_GUID@@@Z 10002046 f i CAT.obj
 0001:0000106a       ?IsDirty@?$IPersistStreamInitImpl@VCOPOSCAT@@@ATL@@UAGJXZ 1000206a f i CAT.obj
 0001:00001089       ?Load@?$IPersistStreamInitImpl@VCOPOSCAT@@@ATL@@UAGJPAUIStream@@@Z 10002089 f i CAT.obj
 0001:000010a8       ?Save@?$IPersistStreamInitImpl@VCOPOSCAT@@@ATL@@UAGJPAUIStream@@H@Z 100020a8 f i CAT.obj
 0001:000010ca       ?GetSizeMax@?$IPersistStreamInitImpl@VCOPOSCAT@@@ATL@@UAGJPAT_ULARGE_INTEGER@@@Z 100020ca f i CAT.obj
 0001:000012a9       ?InitNew@?$IPersistStreamInitImpl@VCOPOSCAT@@@ATL@@UAGJXZ 100022a9 f i CAT.obj
 0001:000012c6       ?SetColorScheme@?$IOleObjectImpl@VCOPOSCAT@@@ATL@@UAGJPAUtagLOGPALETTE@@@Z 100022c6 f i CAT.obj
 0001:000012c6       ?Unfreeze@?$IViewObjectExImpl@VCOPOSCAT@@@ATL@@UAGJK@Z 100022c6 f i CAT.obj
 0001:000012c6       ?OnMnemonic@?$IOleControlImpl@VCOPOSCAT@@@ATL@@UAGJPAUtagMSG@@@Z 100022c6 f i CAT.obj
 0001:000012c6       ?ContextSensitiveHelp@?$IOleInPlaceObjectWindowlessImpl@VCOPOSCAT@@@ATL@@UAGJH@Z 100022c6 f i CAT.obj
 0001:000012c6       ?GetControlInfo@?$IOleControlImpl@VCOPOSCAT@@@ATL@@UAGJPAUtagCONTROLINFO@@@Z 100022c6 f i CAT.obj
 0001:000012c6       ?SODataDummy@COPOSCAT@@MAGJJ@Z 100022c6 f i CAT.obj
 0001:000012c6       ?GetDropTarget@?$IOleInPlaceObjectWindowlessImpl@VCOPOSCAT@@@ATL@@UAGJPAPAUIDropTarget@@@Z 100022c6 f i CAT.obj
 0001:000012c6       ?ContextSensitiveHelp@?$IOleInPlaceActiveObjectImpl@VCOPOSCAT@@@ATL@@UAGJH@Z 100022c6 f i CAT.obj
 0001:000012c6       ?QueryGetData@?$IDataObjectImpl@VCOPOSCAT@@@ATL@@UAGJPAUtagFORMATETC@@@Z 100022c6 f i CAT.obj
 0001:000012ce       ?SaveCompleted@?$IPersistStorageImpl@VCOPOSCAT@@@ATL@@UAGJPAUIStorage@@@Z 100022ce f i CAT.obj
 0001:000012ce       ?OnFrameWindowActivate@?$IOleInPlaceActiveObjectImpl@VCOPOSCAT@@@ATL@@UAGJH@Z 100022ce f i CAT.obj
 0001:000012ce       ?EnableModeless@?$IOleInPlaceActiveObjectImpl@VCOPOSCAT@@@ATL@@UAGJH@Z 100022ce f i CAT.obj
 0001:000012ce       ?OnAmbientPropertyChange@?$IOleControlImpl@VCOPOSCAT@@@ATL@@UAGJJ@Z 100022ce f i CAT.obj
 0001:000012d3       ?SetClientSite@?$IOleObjectImpl@VCOPOSCAT@@@ATL@@UAGJPAUIOleClientSite@@@Z 100022d3 f i CAT.obj
 0001:000012f0       ?GetClientSite@?$IOleObjectImpl@VCOPOSCAT@@@ATL@@UAGJPAPAUIOleClientSite@@@Z 100022f0 f i CAT.obj
 0001:0000130d       ?SetHostNames@?$IOleObjectImpl@VCOPOSCAT@@@ATL@@UAGJPB_W0@Z 1000230d f i CAT.obj
 0001:00001312       ?Close@?$IOleObjectImpl@VCOPOSCAT@@@ATL@@UAGJK@Z 10002312 f i CAT.obj
 0001:0000132f       ?GetClipboardData@?$IOleObjectImpl@VCOPOSCAT@@@ATL@@UAGJKPAPAUIDataObject@@@Z 1000232f f i CAT.obj
 0001:0000132f       ?SetMoniker@?$IOleObjectImpl@VCOPOSCAT@@@ATL@@UAGJKPAUIMoniker@@@Z 1000232f f i CAT.obj
 0001:0000132f       ?GetCanonicalFormatEtc@?$IDataObjectImpl@VCOPOSCAT@@@ATL@@UAGJPAUtagFORMATETC@@0@Z 1000232f f i CAT.obj
 0001:0000132f       ?EnumFormatEtc@?$IDataObjectImpl@VCOPOSCAT@@@ATL@@UAGJKPAPAUIEnumFORMATETC@@@Z 1000232f f i CAT.obj
 0001:0000132f       ?GetRect@?$IViewObjectExImpl@VCOPOSCAT@@@ATL@@UAGJKPAU_RECTL@@@Z 1000232f f i CAT.obj
 0001:0000132f       ?QueryInterface@CRegObject@ATL@@UAGJABU_GUID@@PAPAX@Z 1000232f f i CAT.obj
 0001:0000132f       ?GetDataHere@?$IDataObjectImpl@VCOPOSCAT@@@ATL@@UAGJPAUtagFORMATETC@@PAUtagSTGMEDIUM@@@Z 1000232f f i CAT.obj
 0001:00001337       ?GetMoniker@?$IOleObjectImpl@VCOPOSCAT@@@ATL@@UAGJKKPAPAUIMoniker@@@Z 10002337 f i CAT.obj
 0001:00001337       ?InitFromData@?$IOleObjectImpl@VCOPOSCAT@@@ATL@@UAGJPAUIDataObject@@HK@Z 10002337 f i CAT.obj
 0001:00001337       ?SetData@?$IDataObjectImpl@VCOPOSCAT@@@ATL@@UAGJPAUtagFORMATETC@@PAUtagSTGMEDIUM@@H@Z 10002337 f i CAT.obj
 0001:0000133f       ?DoVerb@?$IOleObjectImpl@VCOPOSCAT@@@ATL@@UAGJJPAUtagMSG@@PAUIOleClientSite@@JPAUHWND__@@PBUtagRECT@@@Z 1000233f f i CAT.obj
 0001:00001433       ?EnumVerbs@?$IOleObjectImpl@VCOPOSCAT@@@ATL@@UAGJPAPAUIEnumOLEVERB@@@Z 10002433 f i CAT.obj
 0001:00001455       ?IsUpToDate@?$IOleObjectImpl@VCOPOSCAT@@@ATL@@UAGJXZ 10002455 f i CAT.obj
 0001:00001455       ?Update@?$IOleObjectImpl@VCOPOSCAT@@@ATL@@UAGJXZ 10002455 f i CAT.obj
 0001:00001455       ?Release@CRegObject@ATL@@UAGKXZ 10002455 f i CAT.obj
 0001:00001455       ?HandsOffStorage@?$IPersistStorageImpl@VCOPOSCAT@@@ATL@@UAGJXZ 10002455 f i CAT.obj
 0001:0000145a       ?GetUserType@?$IOleObjectImpl@VCOPOSCAT@@@ATL@@UAGJKPAPA_W@Z 1000245a f i CAT.obj
 0001:00001472       ?SetExtent@?$IOleObjectImpl@VCOPOSCAT@@@ATL@@UAGJKPAUtagSIZE@@@Z 10002472 f i CAT.obj
 0001:00001492       ?GetExtent@?$IOleObjectImpl@VCOPOSCAT@@@ATL@@UAGJKPAUtagSIZE@@@Z 10002492 f i CAT.obj
 0001:000014d0       ?Advise@?$IOleObjectImpl@VCOPOSCAT@@@ATL@@UAGJPAUIAdviseSink@@PAK@Z 100024d0 f i CAT.obj
 0001:000014f0       ?Unadvise@?$IOleObjectImpl@VCOPOSCAT@@@ATL@@UAGJK@Z 100024f0 f i CAT.obj
 0001:0000151f       ?EnumAdvise@?$IOleObjectImpl@VCOPOSCAT@@@ATL@@UAGJPAPAUIEnumSTATDATA@@@Z 1000251f f i CAT.obj
 0001:0000155f       ?GetMiscStatus@?$IOleObjectImpl@VCOPOSCAT@@@ATL@@UAGJKPAK@Z 1000255f f i CAT.obj
 0001:00001577       ?GetWindow@?$IOleInPlaceActiveObjectImpl@VCOPOSCAT@@@ATL@@UAGJPAPAUHWND__@@@Z 10002577 f i CAT.obj
 0001:000015c4       ?TranslateAcceleratorW@?$IOleInPlaceActiveObjectImpl@VCOPOSCAT@@@ATL@@UAGJPAUtagMSG@@@Z 100025c4 f i CAT.obj
 0001:00001672       ?OnDocWindowActivate@?$IOleInPlaceActiveObjectImpl@VCOPOSCAT@@@ATL@@UAGJH@Z 10002672 f i CAT.obj
 0001:00001694       ?ResizeBorder@?$IOleInPlaceActiveObjectImpl@VCOPOSCAT@@@ATL@@UAGJPBUtagRECT@@PAUIOleInPlaceUIWindow@@H@Z 10002694 f i CAT.obj
 0001:00001699       ?Draw@?$IViewObjectExImpl@VCOPOSCAT@@@ATL@@UAGJKJPAXPAUtagDVTARGETDEVICE@@PAUHDC__@@2PBU_RECTL@@3P6GHK@ZK@Z 10002699 f i CAT.obj
 0001:000016cb       ?GetColorSet@?$IViewObjectExImpl@VCOPOSCAT@@@ATL@@UAGJKJPAXPAUtagDVTARGETDEVICE@@PAUHDC__@@PAPAUtagLOGPALETTE@@@Z 100026cb f i CAT.obj
 0001:000016d3       ?Freeze@?$IViewObjectExImpl@VCOPOSCAT@@@ATL@@UAGJKJPAXPAK@Z 100026d3 f i CAT.obj
 0001:000016db       ?SetAdvise@?$IViewObjectExImpl@VCOPOSCAT@@@ATL@@UAGJKKPAUIAdviseSink@@@Z 100026db f i CAT.obj
 0001:000016fa       ?GetAdvise@?$IViewObjectExImpl@VCOPOSCAT@@@ATL@@UAGJPAK0PAPAUIAdviseSink@@@Z 100026fa f i CAT.obj
 0001:0000172f       ?GetExtent@?$IViewObjectExImpl@VCOPOSCAT@@@ATL@@UAGJKJPAUtagDVTARGETDEVICE@@PAUtagSIZE@@@Z 1000272f f i CAT.obj
 0001:00001760       ?GetViewStatus@?$IViewObjectExImpl@VCOPOSCAT@@@ATL@@UAGJPAK@Z 10002760 f i CAT.obj
 0001:0000177d       ?QueryHitPoint@?$IViewObjectExImpl@VCOPOSCAT@@@ATL@@UAGJKPBUtagRECT@@UtagPOINT@@JPAK@Z 1000277d f i CAT.obj
 0001:000017be       ?QueryHitRect@?$IViewObjectExImpl@VCOPOSCAT@@@ATL@@UAGJKPBUtagRECT@@0JPAK@Z 100027be f i CAT.obj
 0001:00001819       ?GetNaturalExtent@?$IViewObjectExImpl@VCOPOSCAT@@@ATL@@UAGJKJPAUtagDVTARGETDEVICE@@PAUHDC__@@PAUtagExtentInfo@@PAUtagSIZE@@@Z 10002819 f i CAT.obj
 0001:00001864       ?GetWindow@?$IOleInPlaceObjectWindowlessImpl@VCOPOSCAT@@@ATL@@UAGJPAPAUHWND__@@@Z 10002864 f i CAT.obj
 0001:000018b1       ?InPlaceDeactivate@?$IOleInPlaceObjectWindowlessImpl@VCOPOSCAT@@@ATL@@UAGJXZ 100028b1 f i CAT.obj
 0001:000018cb       ?UIDeactivate@?$IOleInPlaceObjectWindowlessImpl@VCOPOSCAT@@@ATL@@UAGJXZ 100028cb f i CAT.obj
 0001:000018e5       ?SetObjectRects@?$IOleInPlaceObjectWindowlessImpl@VCOPOSCAT@@@ATL@@UAGJPBUtagRECT@@0@Z 100028e5 f i CAT.obj
 0001:00001905       ?ReactivateAndUndo@?$IOleInPlaceObjectWindowlessImpl@VCOPOSCAT@@@ATL@@UAGJXZ 10002905 f i CAT.obj
 0001:0000190d       ?OnWindowMessage@?$IOleInPlaceObjectWindowlessImpl@VCOPOSCAT@@@ATL@@UAGJIIJPAJ@Z 1000290d f i CAT.obj
 0001:0000197d       ?EnumConnectionPoints@?$IConnectionPointContainerImpl@VCOPOSCAT@@@ATL@@UAGJPAPAUIEnumConnectionPoints@@@Z 1000297d f i CAT.obj
 0001:00001b0d       ?FindConnectionPoint@?$IConnectionPointContainerImpl@VCOPOSCAT@@@ATL@@UAGJABU_GUID@@PAPAUIConnectionPoint@@@Z 10002b0d f i CAT.obj
 0001:00001bb0       ?IsDirty@?$IPersistStorageImpl@VCOPOSCAT@@@ATL@@UAGJXZ 10002bb0 f i CAT.obj
 0001:00001be0       ?InitNew@?$IPersistStorageImpl@VCOPOSCAT@@@ATL@@UAGJPAUIStorage@@@Z 10002be0 f i CAT.obj
 0001:00001c10       ?Load@?$IPersistStorageImpl@VCOPOSCAT@@@ATL@@UAGJPAUIStorage@@@Z 10002c10 f i CAT.obj
 0001:00001c7c       ?Save@?$IPersistStorageImpl@VCOPOSCAT@@@ATL@@UAGJPAUIStorage@@H@Z 10002c7c f i CAT.obj
 0001:00001cef       ?GetPages@?$ISpecifyPropertyPagesImpl@VCOPOSCAT@@@ATL@@UAGJPAUtagCAUUID@@@Z 10002cef f i CAT.obj
 0001:00001d06       ?QuickActivate@?$IQuickActivateImpl@VCOPOSCAT@@@ATL@@UAGJPAUtagQACONTAINER@@PAUtagQACONTROL@@@Z 10002d06 f i CAT.obj
 0001:00001d29       ?SetContentExtent@?$IQuickActivateImpl@VCOPOSCAT@@@ATL@@UAGJPAUtagSIZE@@@Z 10002d29 f i CAT.obj
 0001:00001d55       ?GetContentExtent@?$IQuickActivateImpl@VCOPOSCAT@@@ATL@@UAGJPAUtagSIZE@@@Z 10002d55 f i CAT.obj
 0001:00001d91       ?GetData@?$IDataObjectImpl@VCOPOSCAT@@@ATL@@UAGJPAUtagFORMATETC@@PAUtagSTGMEDIUM@@@Z 10002d91 f i CAT.obj
 0001:00001db4       ?DAdvise@?$IDataObjectImpl@VCOPOSCAT@@@ATL@@UAGJPAUtagFORMATETC@@KPAUIAdviseSink@@PAK@Z 10002db4 f i CAT.obj
 0001:00001df5       ?Lock@CAtlModule@ATL@@UAEJXZ 10002df5 f i CAT.obj
 0001:00001dff       ?DUnadvise@?$IDataObjectImpl@VCOPOSCAT@@@ATL@@UAGJK@Z 10002dff f i CAT.obj
 0001:00001e2d       ?Unlock@CAtlModule@ATL@@UAEJXZ 10002e2d f i CAT.obj
 0001:00001e37       ?GetLockCount@CAtlModule@ATL@@UAEJXZ 10002e37 f i CAT.obj
 0001:00001e3b       ?EnumDAdvise@?$IDataObjectImpl@VCOPOSCAT@@@ATL@@UAGJPAPAUIEnumSTATDATA@@@Z 10002e3b f i CAT.obj
 0001:00001e7a       ?GetGITPtr@CAtlModule@ATL@@UAEJPAPAUIGlobalInterfaceTable@@@Z 10002e7a f i CAT.obj
 0001:00001ec6       ?GetClassInfoW@?$IProvideClassInfo2Impl@$1?CLSID_OPOSCAT@@3U_GUID@@B$1?DIID__IOPOSCATEvents@@3U2@B$1?LIBID_OposCAT_CCO@@3U2@B$00$0A@VCComTypeInfoHolder@ATL@@@ATL@@UAGJPAPAUITypeInfo@@@Z 10002ec6 f i CAT.obj
 0001:00001edc       ?GetGUID@?$IProvideClassInfo2Impl@$1?CLSID_OPOSCAT@@3U_GUID@@B$1?DIID__IOPOSCATEvents@@3U2@B$1?LIBID_OposCAT_CCO@@3U2@B$00$0A@VCComTypeInfoHolder@ATL@@@ATL@@UAGJKPAU_GUID@@@Z 10002edc f i CAT.obj
 0001:00001f1a       ?FAccessAllowed@?$IObjectSafetyImpl@VCOPOSCAT@@$02@ATL@@MAEHXZ 10002f1a f i CAT.obj
 0001:00001f1a       __get_startup_argv_mode    10002f1a f i LIBCMT:argv_mode.obj
 0001:00001f1e       ?GetInterfaceSafetyOptions@?$IObjectSafetyImpl@VCOPOSCAT@@$02@ATL@@UAGJABU_GUID@@PAK1@Z 10002f1e f i CAT.obj
 0001:00001f91       ?SetInterfaceSafetyOptions@?$IObjectSafetyImpl@VCOPOSCAT@@$02@ATL@@UAGJABU_GUID@@KK@Z 10002f91 f i CAT.obj
 0001:0000200b       ?_LocCPQueryInterface@?$IConnectionPointImpl@VCOPOSCAT@@$1?IID_IPropertyNotifySink@@3U_GUID@@BVCComDynamicUnkArray@ATL@@@ATL@@UAGJABU_GUID@@PAPAX@Z 1000300b f i CAT.obj
 0001:0000200b       ?_LocCPQueryInterface@?$IConnectionPointImpl@VCOPOSCAT@@$1?DIID__IOPOSCATEvents@@3U_GUID@@BVCComDynamicUnkArray@ATL@@@ATL@@UAGJABU_GUID@@PAPAX@Z 1000300b f i CAT.obj
 0001:00002058       ?GetConnectionInterface@?$IConnectionPointImpl@VCOPOSCAT@@$1?IID_IPropertyNotifySink@@3U_GUID@@BVCComDynamicUnkArray@ATL@@@ATL@@UAGJPAU_GUID@@@Z 10003058 f i CAT.obj
 0001:0000207c       ?GetConnectionPointContainer@?$IConnectionPointImpl@VCOPOSCAT@@$1?IID_IPropertyNotifySink@@3U_GUID@@BVCComDynamicUnkArray@ATL@@@ATL@@UAGJPAPAUIConnectionPointContainer@@@Z 1000307c f i CAT.obj
 0001:0000209f       ?Advise@?$IConnectionPointImpl@VCOPOSCAT@@$1?IID_IPropertyNotifySink@@3U_GUID@@BVCComDynamicUnkArray@ATL@@@ATL@@UAGJPAUIUnknown@@PAK@Z 1000309f f i CAT.obj
 0001:0000209f       ?Advise@?$IConnectionPointImpl@VCOPOSCAT@@$1?DIID__IOPOSCATEvents@@3U_GUID@@BVCComDynamicUnkArray@ATL@@@ATL@@UAGJPAUIUnknown@@PAK@Z 1000309f f i CAT.obj
 0001:0000213f       ?Unadvise@?$IConnectionPointImpl@VCOPOSCAT@@$1?IID_IPropertyNotifySink@@3U_GUID@@BVCComDynamicUnkArray@ATL@@@ATL@@UAGJK@Z 1000313f f i CAT.obj
 0001:0000213f       ?Unadvise@?$IConnectionPointImpl@VCOPOSCAT@@$1?DIID__IOPOSCATEvents@@3U_GUID@@BVCComDynamicUnkArray@ATL@@@ATL@@UAGJK@Z 1000313f f i CAT.obj
 0001:0000217f       ?EnumConnections@?$IConnectionPointImpl@VCOPOSCAT@@$1?IID_IPropertyNotifySink@@3U_GUID@@BVCComDynamicUnkArray@ATL@@@ATL@@UAGJPAPAUIEnumConnections@@@Z 1000317f f i CAT.obj
 0001:0000217f       ?EnumConnections@?$IConnectionPointImpl@VCOPOSCAT@@$1?DIID__IOPOSCATEvents@@3U_GUID@@BVCComDynamicUnkArray@ATL@@@ATL@@UAGJPAPAUIEnumConnections@@@Z 1000317f f i CAT.obj
 0001:00002282       ?GetConnectionInterface@?$IConnectionPointImpl@VCOPOSCAT@@$1?DIID__IOPOSCATEvents@@3U_GUID@@BVCComDynamicUnkArray@ATL@@@ATL@@UAGJPAU_GUID@@@Z 10003282 f i CAT.obj
 0001:000022a6       ?GetConnectionPointContainer@?$IConnectionPointImpl@VCOPOSCAT@@$1?DIID__IOPOSCATEvents@@3U_GUID@@BVCComDynamicUnkArray@ATL@@@ATL@@UAGJPAPAUIConnectionPointContainer@@@Z 100032a6 f i CAT.obj
 0001:000022c9       ?AddCommonRGSReplacements@?$CAtlModuleT@VCComModule@ATL@@@ATL@@UAEJPAUIRegistrarBase@@@Z 100032c9 f i CAT.obj
 0001:000022e3       ?UpdateRegistry@COPOSCAT@@SGJH@Z 100032e3 f i CAT.obj
 0001:000022fb       ?UpdateRegistryFromResourceD@CComModule@ATL@@UAGJPB_WHPAU_ATL_REGMAP_ENTRY@2@@Z 100032fb f i CAT.obj
 0001:000022fb       ?UpdateRegistryFromResourceD@CComModule@ATL@@UAGJIHPAU_ATL_REGMAP_ENTRY@2@@Z 100032fb f i CAT.obj
 0001:00002303       ?UpdateRegistryFromResource@CComModule@ATL@@UAGJPB_WHPAU_ATL_REGMAP_ENTRY@2@@Z 10003303 f i CAT.obj
 0001:0000230c       ?UpdateRegistryFromResource@CComModule@ATL@@UAGJIHPAU_ATL_REGMAP_ENTRY@2@@Z 1000330c f i CAT.obj
 0001:00002315       ?ProcessWindowMessage@COPOSCAT@@UAEHPAUHWND__@@IIJAAJK@Z 10003315 f i CAT.obj
 0001:00002362       ?SODirectIO@COPOSCAT@@MAGJJPAJPAPA_W@Z 10003362 f i CAT.obj
 0001:000023ab       ?SOError@COPOSCAT@@MAGJJJJPAJ@Z 100033ab f i CAT.obj
 0001:00002400       ?SOOutputComplete@COPOSCAT@@MAGJJ@Z 10003400 f i CAT.obj
 0001:00002439       ?SOStatusUpdate@COPOSCAT@@MAGJJ@Z 10003439 f i CAT.obj
 0001:00002472       ??_GCComModule@ATL@@UAEPAXI@Z 10003472 f i CAT.obj
 0001:00002472       ??_ECComModule@ATL@@UAEPAXI@Z 10003472 f i CAT.obj
 0001:0000249a       ?CreateInstance@?$CComCreator@V?$CComObjectCached@VCComClassFactory@ATL@@@ATL@@@ATL@@SGJPAXABU_GUID@@PAPAX@Z 1000349a f i CAT.obj
 0001:0000253b       ?CreateInstance@?$CComCreator2@V?$CComCreator@V?$CComObject@VCOPOSCAT@@@ATL@@@ATL@@V?$CComCreator@V?$CComAggObject@VCOPOSCAT@@@ATL@@@2@@ATL@@SGJPAXABU_GUID@@PAPAX@Z 1000353b f i CAT.obj
 0001:0000255b       ?AddRef@?$CComObjectCached@VCComClassFactory@ATL@@@ATL@@UAGKXZ 1000355b f i CAT.obj
 0001:00002582       ?Release@?$CComObjectCached@VCComClassFactory@ATL@@@ATL@@UAGKXZ 10003582 f i CAT.obj
 0001:000025b8       ?QueryInterface@?$CComObjectCached@VCComClassFactory@ATL@@@ATL@@UAGJABU_GUID@@PAPAX@Z 100035b8 f i CAT.obj
 0001:000025d2       ??_G?$CComObjectCached@VCComClassFactory@ATL@@@ATL@@UAEPAXI@Z 100035d2 f i CAT.obj
 0001:000025d2       ??_E?$CComObjectCached@VCComClassFactory@ATL@@@ATL@@UAEPAXI@Z 100035d2 f i CAT.obj
 0001:000025f4       ?Next@?$CComEnumImpl@UIEnumConnectionPoints@@$1?_GUID_b196b285_bab4_101a_b69c_00aa00341d07@@3U__s_GUID@@BPAUIConnectionPoint@@V?$_CopyInterface@UIConnectionPoint@@@ATL@@@ATL@@UAGJKPAPAUIConnectionPoint@@PAK@Z 100035f4 f i CAT.obj
 0001:000026c3       ?Skip@?$CComEnumImpl@UIEnumConnectionPoints@@$1?_GUID_b196b285_bab4_101a_b69c_00aa00341d07@@3U__s_GUID@@BPAUIConnectionPoint@@V?$_CopyInterface@UIConnectionPoint@@@ATL@@@ATL@@UAGJK@Z 100036c3 f i CAT.obj
 0001:000026f0       ?Clone@?$CComEnumImpl@UIEnumConnectionPoints@@$1?_GUID_b196b285_bab4_101a_b69c_00aa00341d07@@3U__s_GUID@@BPAUIConnectionPoint@@V?$_CopyInterface@UIConnectionPoint@@@ATL@@@ATL@@UAGJPAPAUIEnumConnectionPoints@@@Z 100036f0 f i CAT.obj
 0001:000027d1       ?QueryInterface@?$CComObject@V?$CComEnum@UIEnumConnectionPoints@@$1?_GUID_b196b285_bab4_101a_b69c_00aa00341d07@@3U__s_GUID@@BPAUIConnectionPoint@@V?$_CopyInterface@UIConnectionPoint@@@ATL@@VCComSingleThreadModel@6@@ATL@@@ATL@@UAGJABU_GUID@@PAPAX@Z 100037d1 f i CAT.obj
 0001:000027eb       ??_E?$CComObject@V?$CComEnum@UIEnumConnectionPoints@@$1?_GUID_b196b285_bab4_101a_b69c_00aa00341d07@@3U__s_GUID@@BPAUIConnectionPoint@@V?$_CopyInterface@UIConnectionPoint@@@ATL@@VCComSingleThreadModel@6@@ATL@@@ATL@@UAEPAXI@Z 100037eb f i CAT.obj
 0001:000027eb       ??_G?$CComObject@V?$CComEnum@UIEnumConnectionPoints@@$1?_GUID_b196b285_bab4_101a_b69c_00aa00341d07@@3U__s_GUID@@BPAUIConnectionPoint@@V?$_CopyInterface@UIConnectionPoint@@@ATL@@VCComSingleThreadModel@6@@ATL@@@ATL@@UAEPAXI@Z 100037eb f i CAT.obj
 0001:0000280d       ?AddRef@CRegObject@ATL@@UAGKXZ 1000380d f i CAT.obj
 0001:00002813       ?AddReplacement@CRegObject@ATL@@UAGJPB_W0@Z 10003813 f i CAT.obj
 0001:0000284c       ?ClearReplacements@CRegObject@ATL@@UAGJXZ 1000384c f i CAT.obj
 0001:0000285e       ??_GCRegObject@ATL@@UAEPAXI@Z 1000385e f i CAT.obj
 0001:0000285e       ??_ECRegObject@ATL@@UAEPAXI@Z 1000385e f i CAT.obj
 0001:00002880       ?AddRef@?$CComAggObject@VCOPOSCAT@@@ATL@@UAGKXZ 10003880 f i CAT.obj
 0001:00002891       ?Release@?$CComAggObject@VCOPOSCAT@@@ATL@@UAGKXZ 10003891 f i CAT.obj
 0001:000028cd       ?QueryInterface@?$CComAggObject@VCOPOSCAT@@@ATL@@UAGJABU_GUID@@PAPAX@Z 100038cd f i CAT.obj
 0001:0000291c       ?AddRef@?$CComContainedObject@VCOPOSCAT@@@ATL@@UAGKXZ 1000391c f i CAT.obj
 0001:00002932       ?Release@?$CComContainedObject@VCOPOSCAT@@@ATL@@UAGKXZ 10003932 f i CAT.obj
 0001:00002948       ?QueryInterface@?$CComContainedObject@VCOPOSCAT@@@ATL@@UAGJABU_GUID@@PAPAX@Z 10003948 f i CAT.obj
 0001:00002963       ??_E?$CComAggObject@VCOPOSCAT@@@ATL@@UAEPAXI@Z 10003963 f i CAT.obj
 0001:00002963       ??_G?$CComAggObject@VCOPOSCAT@@@ATL@@UAEPAXI@Z 10003963 f i CAT.obj
 0001:00002988       ?AddRef@?$CComObject@VCOPOSCAT@@@ATL@@UAGKXZ 10003988 f i CAT.obj
 0001:0000299f       ?Release@?$CComObject@VCOPOSCAT@@@ATL@@UAGKXZ 1000399f f i CAT.obj
 0001:000029e1       ?QueryInterface@?$CComObject@VCOPOSCAT@@@ATL@@UAGJABU_GUID@@PAPAX@Z 100039e1 f i CAT.obj
 0001:000029fb       ??$?4UITypeInfo2@@@?$CComPtr@UITypeInfo@@@ATL@@QAEPAUITypeInfo@@ABV?$CComPtr@UITypeInfo2@@@1@@Z 100039fb f i CAT.obj
 0001:00002a28       ??$AtlAdd@K@ATL@@YAJPAKKK@Z 10003a28 f i CAT.obj
 0001:00002a4b       ??$AtlAdd@_K@ATL@@YAJPA_K_K1@Z 10003a4b f i CAT.obj
 0001:00002a83       ??$AtlAddThrow@K@ATL@@YAKKK@Z 10003a83 f i CAT.obj
 0001:00002aa9       ??$AtlModuleRegisterWndClassInfoT@VAtlModuleRegisterWndClassInfoParamW@ATL@@@ATL@@YAGPAU_ATL_BASE_MODULE70@0@PAU_ATL_WIN_MODULE70@0@PAU_ATL_WNDCLASSINFOW@0@PAP6GJPAUHWND__@@IIJ@ZVAtlModuleRegisterWndClassInfoParamW@0@@Z 10003aa9 f i CAT.obj
 0001:00002bf6       ??$AtlMultiply@H@ATL@@YAJPAHHH@Z 10003bf6 f i CAT.obj
 0001:00002c2e       ??$AtlMultiply@I@ATL@@YAJPAIII@Z 10003c2e f i CAT.obj
 0001:00002c2e       ??$AtlMultiply@K@ATL@@YAJPAKKK@Z 10003c2e f i CAT.obj
 0001:00002c50       ??$AtlMultiplyThrow@I@ATL@@YAIII@Z 10003c50 f i CAT.obj
 0001:00002c76       ??0?$CComAggObject@VCOPOSCAT@@@ATL@@QAE@PAX@Z 10003c76 f i CAT.obj
 0001:00002ca3       ??0?$CComContainedObject@VCOPOSCAT@@@ATL@@QAE@PAX@Z 10003ca3 f i CAT.obj
 0001:00002d5c       ??0?$CComObject@V?$CComEnum@UIEnumConnectionPoints@@$1?_GUID_b196b285_bab4_101a_b69c_00aa00341d07@@3U__s_GUID@@BPAUIConnectionPoint@@V?$_CopyInterface@UIConnectionPoint@@@ATL@@VCComSingleThreadModel@6@@ATL@@@ATL@@QAE@PAX@Z 10003d5c f i CAT.obj
 0001:00002d8a       ??0?$CComObject@V?$CComEnum@UIEnumConnections@@$1?_GUID_b196b287_bab4_101a_b69c_00aa00341d07@@3U__s_GUID@@BUtagCONNECTDATA@@V?$_Copy@UtagCONNECTDATA@@@ATL@@VCComSingleThreadModel@6@@ATL@@@ATL@@QAE@PAX@Z 10003d8a f i CAT.obj
 0001:00002db8       ??0?$CComObject@VCOPOSCAT@@@ATL@@QAE@PAX@Z 10003db8 f i CAT.obj
 0001:00002e6f       ??0?$CComQIPtr@UIOleControlSite@@$1?_GUID_b196b289_bab4_101a_b69c_00aa00341d07@@3U__s_GUID@@B@ATL@@QAE@PAUIUnknown@@@Z 10003e6f f i CAT.obj
 0001:00002e98       ??0CAtlModule@ATL@@QAE@XZ  10003e98 f i CAT.obj
 0001:00002ed9       ??0CParseBuffer@CRegParser@ATL@@QAE@H@Z 10003ed9 f i CAT.obj
 0001:00002f0f       ??0_ATL_MSG@ATL@@QAE@PAUHWND__@@IIJH@Z 10003f0f f i CAT.obj
 0001:00002f47       ??1?$CComAggObject@VCOPOSCAT@@@ATL@@UAE@XZ 10003f47 f i CAT.obj
 0001:00002f6b       ??1?$CComEnumImpl@UIEnumConnectionPoints@@$1?_GUID_b196b285_bab4_101a_b69c_00aa00341d07@@3U__s_GUID@@BPAUIConnectionPoint@@V?$_CopyInterface@UIConnectionPoint@@@ATL@@@ATL@@UAE@XZ 10003f6b f i CAT.obj
 0001:00002fa7       ??1?$CComEnumImpl@UIEnumConnections@@$1?_GUID_b196b287_bab4_101a_b69c_00aa00341d07@@3U__s_GUID@@BUtagCONNECTDATA@@V?$_Copy@UtagCONNECTDATA@@@ATL@@@ATL@@UAE@XZ 10003fa7 f i CAT.obj
 0001:00002fe3       ??1?$CComObject@V?$CComEnum@UIEnumConnectionPoints@@$1?_GUID_b196b285_bab4_101a_b69c_00aa00341d07@@3U__s_GUID@@BPAUIConnectionPoint@@V?$_CopyInterface@UIConnectionPoint@@@ATL@@VCComSingleThreadModel@6@@ATL@@@ATL@@UAE@XZ 10003fe3 f i CAT.obj
 0001:00003006       ??1?$CComObject@V?$CComEnum@UIEnumConnections@@$1?_GUID_b196b287_bab4_101a_b69c_00aa00341d07@@3U__s_GUID@@BUtagCONNECTDATA@@V?$_Copy@UtagCONNECTDATA@@@ATL@@VCComSingleThreadModel@6@@ATL@@@ATL@@UAE@XZ 10004006 f i CAT.obj
 0001:00003029       ??1?$CComObject@VCOPOSCAT@@@ATL@@UAE@XZ 10004029 f i CAT.obj
 0001:000030e7       ??1?$CComObjectCached@VCComClassFactory@ATL@@@ATL@@UAE@XZ 100040e7 f i CAT.obj
 0001:000030fd       ??1?$CComObjectRootEx@VCComMultiThreadModel@ATL@@@ATL@@QAE@XZ 100040fd f i CAT.obj
 0001:00003112       ??1CRegObject@ATL@@UAE@XZ  10004112 f i CAT.obj
 0001:00003132       ??4?$CComPtr@UIOleClientSite@@@ATL@@QAEPAUIOleClientSite@@PAU2@@Z 10004132 f i CAT.obj
 0001:00003132       ??4?$CComPtr@UIUnknown@@@ATL@@QAEPAUIUnknown@@PAU2@@Z 10004132 f i CAT.obj
 0001:00003132       ??4?$CComPtr@UIAdviseSink@@@ATL@@QAEPAUIAdviseSink@@PAU2@@Z 10004132 f i CAT.obj
 0001:00003160       ??_G?$CComContainedObject@VCOPOSCAT@@@ATL@@UAEPAXI@Z 10004160 f i CAT.obj
 0001:00003160       ??_E?$CComContainedObject@VCOPOSCAT@@@ATL@@UAEPAXI@Z 10004160 f i CAT.obj
 0001:00003185       ??_E?$CComObject@VCOPOSCAT@@@ATL@@UAEPAXI@Z 10004185 f i CAT.obj
 0001:00003185       ??_G?$CComObject@VCOPOSCAT@@@ATL@@UAEPAXI@Z 10004185 f i CAT.obj
 0001:000031aa       ?Add@?$CSimpleArray@GV?$CSimpleArrayEqualHelper@G@ATL@@@ATL@@QAEHABG@Z 100041aa f i CAT.obj
 0001:00003224       ?Add@?$CSimpleMap@PA_WPA_WVCExpansionVectorEqualHelper@ATL@@@ATL@@QAEHABQA_W0@Z 10004224 f i CAT.obj
 0001:00003279       ?Add@CComDynamicUnkArray@ATL@@QAEKPAUIUnknown@@@Z 10004279 f i CAT.obj
 0001:0000332a       ?Add@CExpansionVector@ATL@@QAEHPB_W0@Z 1000432a f i CAT.obj
 0001:00003433       ?AddString@CParseBuffer@CRegParser@ATL@@QAEHPB_W@Z 10004433 f i CAT.obj
 0001:00003468       ?AddTermFunc@CAtlModule@ATL@@QAEJP6GXK@ZK@Z 10004468 f i CAT.obj
 0001:000034d4       ?AddValue@CRegParser@ATL@@IAEJAAVCRegKey@2@PB_WPA_W@Z 100044d4 f i CAT.obj
 0001:000037ee       ?Allocate@?$CAtlSafeAllocBufferManager@VCCRTAllocator@ATL@@@_ATL_SAFE_ALLOCA_IMPL@ATL@@QAEPAXK@Z 100047ee f i CAT.obj
 0001:0000381b       ?Allocate@?$CTempBuffer@E$0BAA@VCCRTAllocator@ATL@@@ATL@@QAEPAEI@Z 1000481b f i CAT.obj
 0001:0000384a       ?Allocate@?$CTempBuffer@_W$0BAA@VCCRTAllocator@ATL@@@ATL@@QAEPA_WI@Z 1000484a f i CAT.obj
 0001:00003879       ?Allocate@?$CTempBuffer@_W$0EAA@VCCRTAllocator@ATL@@@ATL@@QAEPA_WI@Z 10004879 f i CAT.obj
 0001:000038a8       ?AllocateHeap@?$CTempBuffer@_W$0BAA@VCCRTAllocator@ATL@@@ATL@@AAEXI@Z 100048a8 f i CAT.obj
 0001:000038a8       ?AllocateHeap@?$CTempBuffer@_W$0EAA@VCCRTAllocator@ATL@@@ATL@@AAEXI@Z 100048a8 f i CAT.obj
 0001:000038a8       ?AllocateHeap@?$CTempBuffer@E$0BAA@VCCRTAllocator@ATL@@@ATL@@AAEXI@Z 100048a8 f i CAT.obj
 0001:000038cd       ?Append@CParseBuffer@CRegParser@ATL@@QAEHPB_WH@Z 100048cd f i CAT.obj
 0001:00003959       ?AtlCoTaskMemCAlloc@ATL@@YAPAXKK@Z 10004959 f i CAT.obj
 0001:00003986       ?AtlCoTaskMemRecalloc@ATL@@YAPAXPAXKK@Z 10004986 f i CAT.obj
 0001:000039b6       ?AtlComModuleGetClassObject@ATL@@YGJPAU_ATL_COM_MODULE70@1@ABU_GUID@@1PAPAX@Z 100049b6 f i CAT.obj
 0001:00003aab       ?AtlComModuleRegisterServer@ATL@@YGJPAU_ATL_COM_MODULE70@1@HPBU_GUID@@@Z 10004aab f i CAT.obj
 0001:00003b33       ?AtlComModuleUnregisterServer@ATL@@YGJPAU_ATL_COM_MODULE70@1@HPBU_GUID@@@Z 10004b33 f i CAT.obj
 0001:00003bbb       ?AtlComQIPtrAssign2@ATL@@YAXPAPAUIUnknown@@PAU2@ABU_GUID@@@Z 10004bbb f i CAT.obj
 0001:00003bea       ?AtlCreateTargetDC@ATL@@YGPAUHDC__@@PAU2@PAUtagDVTARGETDEVICE@@@Z 10004bea f i CAT.obj
 0001:00003c53       ?AtlCrtErrorCheck@ATL@@YAHH@Z 10004c53 f i CAT.obj
 0001:00003c8e       ?AtlHiMetricToPixel@ATL@@YGXPBUtagSIZE@@PAU2@@Z 10004c8e f i CAT.obj
 0001:00003d03       ?AtlHresultFromLastError@ATL@@YAJXZ 10004d03 f i CAT.obj
 0001:00003d1a       ?AtlHresultFromWin32@ATL@@YAJK@Z 10004d1a f i CAT.obj
 0001:00003d2f       ?AtlInternalOleLoadFromStream@ATL@@YAJPAUIStream@@ABU_GUID@@PAPAXTClassesAllowedInStream@1@K@Z 10004d2f f i CAT.obj
 0001:00003e58       ?AtlInternalQueryInterface@ATL@@YGJPAXPBU_ATL_INTMAP_ENTRY@1@ABU_GUID@@PAPAX@Z 10004e58 f i CAT.obj
 0001:00003efb       ?AtlLoadTypeLib@ATL@@YGJPAUHINSTANCE__@@PB_WPAPA_WPAPAUITypeLib@@@Z 10004efb f i CAT.obj
 0001:000040d9       ?AtlRegisterClassCategoriesHelper@ATL@@YGJABU_GUID@@PBU_ATL_CATMAP_ENTRY@1@H@Z 100050d9 f i CAT.obj
 0001:000043d5       ?AtlRegisterTypeLib@ATL@@YGJPAUHINSTANCE__@@PB_W@Z 100053d5 f i CAT.obj
 0001:0000455d       ?AtlThrowImpl@ATL@@YGXJ@Z  1000555d f i CAT.obj
 0001:0000457b       ?AtlUnRegisterTypeLib@ATL@@YGJPAUHINSTANCE__@@PB_W@Z 1000557b f i CAT.obj
 0001:00004626       ?AtlWinModuleAddCreateWndData@ATL@@YGXPAU_ATL_WIN_MODULE70@1@PAU_AtlCreateWndData@1@PAX@Z 10005626 f i CAT.obj
 0001:0000467a       ?AtlWinModuleExtractCreateWndData@ATL@@YGPAXPAU_ATL_WIN_MODULE70@1@@Z 1000567a f i CAT.obj
 0001:000046de       ?AtlWinModuleRegisterClassExW@ATL@@YGGPAU_ATL_WIN_MODULE70@1@PBUtagWNDCLASSEXW@@@Z 100056de f i CAT.obj
 0001:0000471d       ?CanForceRemoveKey@CRegParser@ATL@@IAEHPB_W@Z 1000571d f i CAT.obj
 0001:0000474c       ?ChToByte@CRegParser@ATL@@KAE_W@Z 1000574c f i CAT.obj
 0001:000047d4       ?Cleanup@CComTypeInfoHolder@ATL@@SGXK@Z 100057d4 f i CAT.obj
 0001:00004807       ?ClearReplacements@CExpansionVector@ATL@@QAEJXZ 10005807 f i CAT.obj
 0001:00004844       ?Close@CRegKey@ATL@@QAEJXZ 10005844 f i CAT.obj
 0001:0000485e       ?CreateInstance@?$CComCreator@V?$CComAggObject@VCOPOSCAT@@@ATL@@@ATL@@SGJPAXABU_GUID@@PAPAX@Z 1000585e f i CAT.obj
 0001:000048d3       ?CreateInstance@?$CComCreator@V?$CComObject@VCOPOSCAT@@@ATL@@@ATL@@SGJPAXABU_GUID@@PAPAX@Z 100058d3 f i CAT.obj
 0001:0000495c       ?CreateInstance@?$CComObject@V?$CComEnum@UIEnumConnectionPoints@@$1?_GUID_b196b285_bab4_101a_b69c_00aa00341d07@@3U__s_GUID@@BPAUIConnectionPoint@@V?$_CopyInterface@UIConnectionPoint@@@ATL@@VCComSingleThreadModel@6@@ATL@@@ATL@@SGJPAPAV12@@Z 1000595c f i CAT.obj
 0001:000049a6       ?CreateInstance@?$CComObject@V?$CComEnum@UIEnumConnections@@$1?_GUID_b196b287_bab4_101a_b69c_00aa00341d07@@3U__s_GUID@@BUtagCONNECTDATA@@V?$_Copy@UtagCONNECTDATA@@@ATL@@VCComSingleThreadModel@6@@ATL@@@ATL@@SGJPAPAV12@@Z 100059a6 f i CAT.obj
 0001:000049f0       ?DefaultReflectionHandler@?$CWindowImplRoot@VCWindow@ATL@@@ATL@@SAHPAUHWND__@@IIJAAJ@Z 100059f0 f i CAT.obj
 0001:00004a90       ?DeleteSubKey@CRegKey@ATL@@QAEJPB_W@Z 10005a90 f i CAT.obj
 0001:00004b09       ?DoEvent@COPOSCAT@@IAEXIIJ@Z 10005b09 f i CAT.obj
 0001:00004b89       ?DoVerbHide@?$IOleObjectImpl@VCOPOSCAT@@@ATL@@QAEJPBUtagRECT@@PAUHWND__@@@Z 10005b89 f i CAT.obj
 0001:00004bbf       ?DoVerbInPlaceActivate@?$IOleObjectImpl@VCOPOSCAT@@@ATL@@QAEJPBUtagRECT@@PAUHWND__@@@Z 10005bbf f i CAT.obj
 0001:00004bf2       ?DoVerbPrimary@?$IOleObjectImpl@VCOPOSCAT@@@ATL@@QAEJPBUtagRECT@@PAUHWND__@@@Z 10005bf2 f i CAT.obj
 0001:00004c7e       ?DoVerbProperties@CComControlBase@ATL@@QAEJPBUtagRECT@@PAUHWND__@@@Z 10005c7e f i CAT.obj
 0001:00004dfd       ?DoVerbUIActivate@?$IOleObjectImpl@VCOPOSCAT@@@ATL@@QAEJPBUtagRECT@@PAUHWND__@@@Z 10005dfd f i CAT.obj
 0001:00004e3a       ?DoesVerbActivate@CComControlBase@ATL@@QAEHJ@Z 10005e3a f i CAT.obj
 0001:00004e5e       ?DoesVerbUIActivate@CComControlBase@ATL@@QAEHJ@Z 10005e5e f i CAT.obj
 0001:00004e93       ?EndOfVar@CRegParser@ATL@@IAEHXZ 10005e93 f i CAT.obj
 0001:00004eb3       ?EscapeSingleQuote@CAtlModule@ATL@@SAXPA_WIPB_W@Z 10005eb3 f i CAT.obj
 0001:00004f02       ?FindKey@?$CSimpleMap@PA_WPA_WVCExpansionVectorEqualHelper@ATL@@@ATL@@QBEHABQA_W@Z 10005f02 f i CAT.obj
 0001:00004f39       ?FireTheEvent@?$CProxy_IOPOSEvents@VCOPOSCAT@@@@IAEXPAVOposVariant@@IAAJPB_WJ@Z 10005f39 f i CAT.obj
 0001:00004fcb       ?FireViewChange@CComControlBase@ATL@@QAEJXZ 10005fcb f i CAT.obj
 0001:00005014       ?Fire_DirectIOEvent@?$CProxy_IOPOSEvents@VCOPOSCAT@@@@QAEXJPAJPAPA_W@Z 10006014 f i CAT.obj
 0001:00005100       ?Fire_ErrorEvent@?$CProxy_IOPOSEvents@VCOPOSCAT@@@@QAEXJJJPAJ@Z 10006100 f i CAT.obj
 0001:000051f1       ?Fire_OutputCompleteEvent@?$CProxy_IOPOSEvents@VCOPOSCAT@@@@QAEXJ@Z 100061f1 f i CAT.obj
 0001:00005287       ?Fire_StatusUpdateEvent@?$CProxy_IOPOSEvents@VCOPOSCAT@@@@QAEXJ@Z 10006287 f i CAT.obj
 0001:0000531d       ?FreeHeap@?$CTempBuffer@E$0BAA@VCCRTAllocator@ATL@@@ATL@@AAEXXZ 1000631d f i CAT.obj
 0001:0000531d       ?FreeHeap@?$CTempBuffer@_W$0EAA@VCCRTAllocator@ATL@@@ATL@@AAEXXZ 1000631d f i CAT.obj
 0001:0000531d       ?FreeHeap@?$CTempBuffer@_W$0BAA@VCCRTAllocator@ATL@@@ATL@@AAEXXZ 1000631d f i CAT.obj
 0001:00005326       ?GetAmbientLocaleID@CComControlBase@ATL@@QAEJAAK@Z 10006326 f i CAT.obj
 0001:00005382       ?GetAmbientUserMode@CComControlBase@ATL@@QAEJAAH@Z 10006382 f i CAT.obj
 0001:000053f2       ?GetAt@CComDynamicUnkArray@ATL@@QAEPAUIUnknown@@H@Z 100063f2 f i CAT.obj
 0001:0000540e       ?GetClassObject@CComModule@ATL@@QAEJABU_GUID@@0PAPAX@Z 1000640e f i CAT.obj
 0001:000054b0       ?GetConnMap@COPOSCAT@@SAPBU_ATL_CONNMAP_ENTRY@ATL@@PAH@Z 100064b0 f i CAT.obj
 0001:00005520       ?GetCookie@CComDynamicUnkArray@ATL@@QAGKPAPAUIUnknown@@@Z 10006520 f i CAT.obj
 0001:00005558       ?GetIDsOfNames@CComTypeInfoHolder@ATL@@QAEJABU_GUID@@PAPA_WIKPAJ@Z 10006558 f i CAT.obj
 0001:00005678       ?GetKeyAt@?$CSimpleMap@PA_WPA_WVCExpansionVectorEqualHelper@ATL@@@ATL@@QBEAAPA_WH@Z 10006678 f i CAT.obj
 0001:0000569d       ?GetPagesHelper@?$ISpecifyPropertyPagesImpl@VCOPOSCAT@@@ATL@@IAEJPAUtagCAUUID@@PBUATL_PROPMAP_ENTRY@2@@Z 1000669d f i CAT.obj
 0001:000057c4       ?GetProperty@?$CComPtr@UIDispatch@@@ATL@@SAJPAUIDispatch@@JPAUtagVARIANT@@@Z 100067c4 f i CAT.obj
 0001:00005813       ?GetSizeMax@CComVariant@ATL@@QBEJPAT_ULARGE_INTEGER@@@Z 10006813 f i CAT.obj
 0001:000059d5       ?GetTI@CComTypeInfoHolder@ATL@@QAEJK@Z 100069d5 f i CAT.obj
 0001:00005bb5       ?GetTI@CComTypeInfoHolder@ATL@@QAEJKPAPAUITypeInfo@@@Z 10006bb5 f i CAT.obj
 0001:00005bf3       ?GetUnknown@CComDynamicUnkArray@ATL@@QAGPAUIUnknown@@K@Z 10006bf3 f i CAT.obj
 0001:00005c14       ?GetValueAt@?$CSimpleMap@PA_WPA_WVCExpansionVectorEqualHelper@ATL@@@ATL@@QBEAAPA_WH@Z 10006c14 f i CAT.obj
 0001:00005c3a       ?GetZoomInfo@CComControlBase@ATL@@QAEXAAUATL_DRAWINFO@@@Z 10006c3a f i CAT.obj
 0001:00005ccd       ?HKeyFromString@CRegParser@ATL@@KAPAUHKEY__@@PA_W@Z 10006ccd f i CAT.obj
 0001:00005cfb       ?HasSubKeys@CRegParser@ATL@@IAEHPAUHKEY__@@@Z 10006cfb f i CAT.obj
 0001:00005d30       ?IDataObject_GetData@CComControlBase@ATL@@QAEJPAUtagFORMATETC@@PAUtagSTGMEDIUM@@@Z 10006d30 f i CAT.obj
 0001:00005ed2       ?IOleInPlaceObject_InPlaceDeactivate@CComControlBase@ATL@@QAEJXZ 10006ed2 f i CAT.obj
 0001:00005f59       ?IOleInPlaceObject_SetObjectRects@CComControlBase@ATL@@QAEJPBUtagRECT@@0@Z 10006f59 f i CAT.obj
 0001:00006026       ?IOleInPlaceObject_UIDeactivate@CComControlBase@ATL@@QAEJXZ 10007026 f i CAT.obj
 0001:000060e8       ?IOleObject_Advise@CComControlBase@ATL@@QAEJPAUIAdviseSink@@PAK@Z 100070e8 f i CAT.obj
 0001:00006112       ?IOleObject_Close@CComControlBase@ATL@@QAEJK@Z 10007112 f i CAT.obj
 0001:000061f6       ?IOleObject_GetClientSite@CComControlBase@ATL@@QAEJPAPAUIOleClientSite@@@Z 100071f6 f i CAT.obj
 0001:0000621f       ?IOleObject_SetClientSite@CComControlBase@ATL@@QAEJPAUIOleClientSite@@@Z 1000721f f i CAT.obj
 0001:0000625e       ?IOleObject_SetExtent@CComControlBase@ATL@@QAEJKPAUtagSIZE@@@Z 1000725e f i CAT.obj
 0001:00006310       ?IPSI_GetIPersistStreamInit@?$IPersistStorageImpl@VCOPOSCAT@@@ATL@@AAEPAUIPersistStreamInit@@XZ 10007310 f i CAT.obj
 0001:000063b8       ?IPersistStreamInit_Load@?$IPersistStreamInitImpl@VCOPOSCAT@@@ATL@@QAEJPAUIStream@@PBUATL_PROPMAP_ENTRY@2@@Z 100073b8 f i CAT.obj
 0001:0000662e       ?IPersistStreamInit_Save@?$IPersistStreamInitImpl@VCOPOSCAT@@@ATL@@QAEJPAUIStream@@HPBUATL_PROPMAP_ENTRY@2@@Z 1000762e f i CAT.obj
 0001:0000681d       ?IQuickActivate_QuickActivate@CComControlBase@ATL@@QAEJPAUtagQACONTAINER@@PAUtagQACONTROL@@@Z 1000781d f i CAT.obj
 0001:00006a5f       ?IViewObject_Draw@CComControlBase@ATL@@QAEJKJPAXPAUtagDVTARGETDEVICE@@PAUHDC__@@2PBU_RECTL@@3@Z 10007a5f f i CAT.obj
 0001:00006b07       ?InPlaceActivate@CComControlBase@ATL@@QAEJJPBUtagRECT@@@Z 10007b07 f i CAT.obj
 0001:00006d79       ?Init@?$CComEnumImpl@UIEnumConnectionPoints@@$1?_GUID_b196b285_bab4_101a_b69c_00aa00341d07@@3U__s_GUID@@BPAUIConnectionPoint@@V?$_CopyInterface@UIConnectionPoint@@@ATL@@@ATL@@QAEJPAPAUIConnectionPoint@@0PAUIUnknown@@W4CComEnumFlags@2@@Z 10007d79 f i CAT.obj
 0001:00006e55       ?Init@?$CComEnumImpl@UIEnumConnections@@$1?_GUID_b196b287_bab4_101a_b69c_00aa00341d07@@3U__s_GUID@@BUtagCONNECTDATA@@V?$_Copy@UtagCONNECTDATA@@@ATL@@@ATL@@QAEJPAUtagCONNECTDATA@@0PAUIUnknown@@W4CComEnumFlags@2@@Z 10007e55 f i CAT.obj
 0001:00006f31       ?Init@CComModule@ATL@@QAEJPAU_ATL_OBJMAP_ENTRY30@2@PAUHINSTANCE__@@PBU_GUID@@@Z 10007f31 f i CAT.obj
 0001:00006f90       ?Init@CDynamicStdCallThunk2@ATL@@QAEHKPAX@Z 10007f90 f i CAT.obj
 0001:00006fbb       ?InlineIsEqualUnknown@ATL@@YGHABU_GUID@@@Z 10007fbb f i CAT.obj
 0001:00006fe3       ?InternalSetAtIndex@?$CSimpleMap@PA_WPA_WVCExpansionVectorEqualHelper@ATL@@@ATL@@QAEXHABQA_W0@Z 10007fe3 f i CAT.obj
 0001:0000700d       ?Invoke@CComTypeInfoHolder@ATL@@QAEJPAUIDispatch@@JABU_GUID@@KGPAUtagDISPPARAMS@@PAUtagVARIANT@@PAUtagEXCEPINFO@@PAI@Z 1000800d f i CAT.obj
 0001:0000704e       ?IsEqualObject@?$CComPtrBase@UIOleClientSite@@@ATL@@QAE_NPAUIUnknown@@@Z 1000804e f i CAT.obj
 0001:0000704e       ?IsEqualObject@?$CComPtrBase@UITypeInfo@@@ATL@@QAE_NPAUIUnknown@@@Z 1000804e f i CAT.obj
 0001:000070ba       ?IsSpace@CRegParser@ATL@@IAEH_W@Z 100080ba f i CAT.obj
 0001:000070e0       ?LoadNameCache@CComTypeInfoHolder@ATL@@QAEJPAUITypeInfo@@@Z 100080e0 f i CAT.obj
 0001:00007215       ?Lookup@?$CSimpleMap@PA_WPA_WVCExpansionVectorEqualHelper@ATL@@@ATL@@QBEPA_WABQA_W@Z 10008215 f i CAT.obj
 0001:0000723b       ?NextToken@CRegParser@ATL@@IAEJPA_W@Z 1000823b f i CAT.obj
 0001:0000736a       ?OnKillFocus@CComControlBase@ATL@@QAEJIIJAAH@Z 1000836a f i CAT.obj
 0001:000073c5       ?OnMouseActivate@CComControlBase@ATL@@QAEJIIJAAH@Z 100083c5 f i CAT.obj
 0001:00007433       ?OnPaint@CComControlBase@ATL@@QAEJIIJAAH@Z 10008433 f i CAT.obj
 0001:000074ea       ?OnSetFocus@CComControlBase@ATL@@QAEJIIJAAH@Z 100084ea f i CAT.obj
 0001:00007575       ?Open@CRegKey@ATL@@QAEJPAUHKEY__@@PB_WK@Z 10008575 f i CAT.obj
 0001:000075ca       ?PreProcessBuffer@CRegParser@ATL@@QAEJPA_WPAPA_W@Z 100085ca f i CAT.obj
 0001:0000783a       ?ProcessWindowMessage@?$CComControl@VCOPOSCAT@@V?$CWindowImpl@VCOPOSCAT@@VCWindow@ATL@@V?$CWinTraits@$0FGAAAAAA@$0A@@3@@ATL@@@ATL@@UAEHPAUHWND__@@IIJAAJK@Z 1000883a f i CAT.obj
 0001:000078e2       ?ReadFromStream@CComBSTR@ATL@@QAEJPAUIStream@@@Z 100088e2 f i CAT.obj
 0001:00007a05       ?ReadFromStream@CComVariant@ATL@@QAEJPAUIStream@@GTClassesAllowedInStream@2@K@Z 10008a05 f i CAT.obj
 0001:00007b8f       ?RecurseDeleteKey@CRegKey@ATL@@QAEJPB_W@Z 10008b8f f i CAT.obj
 0001:00007c7d       ?RegCreateKeyExW@CAtlTransactionManager@ATL@@QAEJPAUHKEY__@@PB_WKPA_WKKQAU_SECURITY_ATTRIBUTES@@PAPAU3@PAK@Z 10008c7d f i CAT.obj
 0001:00007ce0       ?RegDeleteKeyW@CAtlTransactionManager@ATL@@QAEJPAUHKEY__@@PB_W@Z 10008ce0 f i CAT.obj
 0001:00007d32       ?RegOpenKeyExW@CAtlTransactionManager@ATL@@QAEJPAUHKEY__@@PB_WKKPAPAU3@@Z 10008d32 f i CAT.obj
 0001:00007d89       ?Register@_ATL_WNDCLASSINFOW@ATL@@QAEGPAP6GJPAUHWND__@@IIJ@Z@Z 10008d89 f i CAT.obj
 0001:00007da9       ?RegisterBuffer@CRegParser@ATL@@QAEJPA_WH@Z 10008da9 f i CAT.obj
 0001:00007ef0       ?RegisterFromResource@CRegObject@ATL@@IAEJPB_W00H@Z 10008ef0 f i CAT.obj
 0001:00008026       ?RegisterServer@?$CAtlModuleT@VCComModule@ATL@@@ATL@@QAEJHPBU_GUID@@@Z 10009026 f i CAT.obj
 0001:00008054       ?RegisterServer@CComModule@ATL@@QAEJHPBU_GUID@@@Z 10009054 f i CAT.obj
 0001:000080c5       ?RegisterSubkeys@CRegParser@ATL@@IAEJPA_WPAUHKEY__@@HH@Z 100090c5 f i CAT.obj
 0001:00008721       ?Remove@CComDynamicUnkArray@ATL@@QAEHK@Z 10009721 f i CAT.obj
 0001:0000874a       ?RemoveAll@?$CSimpleMap@PA_WPA_WVCExpansionVectorEqualHelper@ATL@@@ATL@@QAEXXZ 1000974a f i CAT.obj
 0001:00008776       ?ResourceRegisterSz@CRegObject@ATL@@QAGJPB_W00@Z 10009776 f i CAT.obj
 0001:000087a3       ?ResourceUnregisterSz@CRegObject@ATL@@QAGJPB_W00@Z 100097a3 f i CAT.obj
 0001:000087d0       ?SendOnDataChange@CComControlBase@ATL@@QAEJK@Z 100097d0 f i CAT.obj
 0001:0000881d       ?SetControlFocus@CComControlBase@ATL@@QAEHH@Z 1000981d f i CAT.obj
 0001:000088b8       ?SetMultiStringValue@CRegKey@ATL@@QAEJPB_W0@Z 100098b8 f i CAT.obj
 0001:00008914       ?SetStringValue@CRegKey@ATL@@QAEJPB_W0K@Z 10009914 f i CAT.obj
 0001:0000895d       ?SkipAssignment@CRegParser@ATL@@IAEJPA_W@Z 1000995d f i CAT.obj
 0001:000089c9       ?SkipWhiteSpace@CRegParser@ATL@@IAEXXZ 100099c9 f i CAT.obj
 0001:000089f2       ?StrChrW@CRegParser@ATL@@KAPA_WPA_W_W@Z 100099f2 f i CAT.obj
 0001:00008a2f       ?Term@CAtlModule@ATL@@QAEXXZ 10009a2f f i CAT.obj
 0001:00008aac       ?Term@CComModule@ATL@@QAEXXZ 10009aac f i CAT.obj
 0001:00008b04       ?UnregisterServer@?$CAtlModuleT@VCComModule@ATL@@@ATL@@QAEJHPBU_GUID@@@Z 10009b04 f i CAT.obj
 0001:00008b2a       ?UnregisterServer@CComModule@ATL@@QAEJHPBU_GUID@@@Z 10009b2a f i CAT.obj
 0001:00008b9b       ?UpdateRegistryFromResource@CAtlModule@ATL@@QAGJIHPAU_ATL_REGMAP_ENTRY@2@@Z 10009b9b f i CAT.obj
 0001:00008d66       ?UpdateRegistryFromResource@CAtlModule@ATL@@QAGJPB_WHPAU_ATL_REGMAP_ENTRY@2@@Z 10009d66 f i CAT.obj
 0001:00008f37       ?VTFromRegType@CRegParser@ATL@@KAHPB_WAAG@Z 10009f37 f i CAT.obj
 0001:00008fa4       ?WindowProc@?$CWindowImplBaseT@VCWindow@ATL@@V?$CWinTraits@$0FGAAAAAA@$0A@@2@@ATL@@SGJPAUHWND__@@IIJ@Z 10009fa4 f i CAT.obj
 0001:00009092       ?WriteToStream@CComBSTR@ATL@@QAEJPAUIStream@@@Z 1000a092 f i CAT.obj
 0001:000090f4       ?WriteToStream@CComVariant@ATL@@QAEJPAUIStream@@@Z 1000a0f4 f i CAT.obj
 0001:0000926e       ?WriteToStream@CComVariant@ATL@@QAEJPAUIStream@@G@Z 1000a26e f i CAT.obj
 0001:000092d7       ?_AtlInitialConstruct@?$CComObjectRootEx@VCComMultiThreadModel@ATL@@@ATL@@QAEJXZ 1000a2d7 f i CAT.obj
 0001:000092ec       ?_AtlVerifyStackAvailable@_ATL_SAFE_ALLOCA_IMPL@ATL@@YA_NK@Z 1000a2ec f i CAT.obj
 0001:0000936a       ?atlCreate@?$CWindowImpl@VCOPOSCAT@@VCWindow@ATL@@V?$CWinTraits@$0FGAAAAAA@$0A@@3@@ATL@@QAEPAUHWND__@@PAU3@V_U_RECT@2@PB_WKKV_U_MENUorID@2@PAX@Z 1000a36a f i CAT.obj
 0001:000093b5       ?atlCreate@?$CWindowImplBaseT@VCWindow@ATL@@V?$CWinTraits@$0FGAAAAAA@$0A@@2@@ATL@@QAEPAUHWND__@@PAU3@V_U_RECT@2@PB_WKKV_U_MENUorID@2@GPAX@Z 1000a3b5 f i CAT.obj
 0001:00009451       ?copy@?$_Copy@UtagCONNECTDATA@@@ATL@@SAJPAUtagCONNECTDATA@@PBU3@@Z 1000a451 f i CAT.obj
 0001:00009487       ?copy@?$_CopyInterface@UIConnectionPoint@@@ATL@@SAJPAPAUIConnectionPoint@@PBQAU3@@Z 1000a487 f i CAT.obj
 0001:000094b5       ?memcpy_s@Checked@ATL@@YAXPAXIPBXI@Z 1000a4b5 f i CAT.obj
 0001:000094d4       ?ocscpy_s@@YA_NPA_WIPB_W@Z 1000a4d4 f i CAT.obj
 0001:0000951e       ?wcscpy_s@Checked@ATL@@YAXPA_WIPB_W@Z 1000a51e f i CAT.obj
 0001:0000953a       _DllCanUnloadNow@0         1000a53a f   CAT.obj
 0001:00009546       _DllGetClassObject@12      1000a546 f   CAT.obj
 0001:00009554       _DllMain@12                1000a554 f   CAT.obj
 0001:00009596       _DllRegisterServer@0       1000a596 f   CAT.obj
 0001:000095a5       _DllUnregisterServer@0     1000a5a5 f   CAT.obj
 0001:000095b4       _InlineIsEqualGUID         1000a5b4 f i CAT.obj
 0001:000095e4       ___local_stdio_printf_options 1000a5e4 f i CAT.obj
 0001:000095ea       __vswprintf_s_l            1000a5ea f i CAT.obj
 0001:00009697       _swprintf_s                1000a697 f i CAT.obj
 0001:000096b3       ??0?$CComControl@VCOPOSCAT@@V?$CWindowImpl@VCOPOSCAT@@VCWindow@ATL@@V?$CWinTraits@$0FGAAAAAA@$0A@@3@@ATL@@@ATL@@QAE@XZ 1000a6b3 f i CATImpl.obj
 0001:000096da       ??0?$CProxy_IOPOSEvents@VCOPOSCAT@@@@QAE@XZ 1000a6da f i CATImpl.obj
 0001:000096fa       ??0CComControlBase@ATL@@QAE@AAPAUHWND__@@@Z 1000a6fa f i CATImpl.obj
 0001:0000974a       ??0COPOSCAT@@QAE@XZ        1000a74a f   CATImpl.obj
 0001:00009780       ??1?$CComControl@VCOPOSCAT@@V?$CWindowImpl@VCOPOSCAT@@VCWindow@ATL@@V?$CWinTraits@$0FGAAAAAA@$0A@@3@@ATL@@@ATL@@UAE@XZ 1000a780 f i CATImpl.obj
 0001:00009799       ??1?$IConnectionPointImpl@VCOPOSCAT@@$1?DIID__IOPOSCATEvents@@3U_GUID@@BVCComDynamicUnkArray@ATL@@@ATL@@QAE@XZ 1000a799 f i CATImpl.obj
 0001:00009799       ??1?$IConnectionPointImpl@VCOPOSCAT@@$1?IID_IPropertyNotifySink@@3U_GUID@@BVCComDynamicUnkArray@ATL@@@ATL@@QAE@XZ 1000a799 f i CATImpl.obj
 0001:000097d6       ??1CComControlBase@ATL@@UAE@XZ 1000a7d6 f i CATImpl.obj
 0001:00009839       ??1COPOSCAT@@UAE@XZ        1000a839 f   CATImpl.obj
 0001:00009881       ?AccessDailyLog@COPOSCAT@@UAGJJJJPAJ@Z 1000a881 f   CATImpl.obj
 0001:00009917       ?AuthorizeCompletion@COPOSCAT@@UAGJJTtagCY@@0JPAJ@Z 1000a917 f   CATImpl.obj
 0001:000099be       ?AuthorizePreSales@COPOSCAT@@UAGJJTtagCY@@0JPAJ@Z 1000a9be f   CATImpl.obj
 0001:00009a65       ?AuthorizeRefund@COPOSCAT@@UAGJJTtagCY@@0JPAJ@Z 1000aa65 f   CATImpl.obj
 0001:00009b0c       ?AuthorizeSales@COPOSCAT@@UAGJJTtagCY@@0JPAJ@Z 1000ab0c f   CATImpl.obj
 0001:00009bb3       ?AuthorizeVoid@COPOSCAT@@UAGJJTtagCY@@0JPAJ@Z 1000abb3 f   CATImpl.obj
 0001:00009c5a       ?AuthorizeVoidPreSales@COPOSCAT@@UAGJJTtagCY@@0JPAJ@Z 1000ac5a f   CATImpl.obj
 0001:00009d01       ?CashDeposit@COPOSCAT@@UAGJJTtagCY@@JPAJ@Z 1000ad01 f   CATImpl.obj
 0001:00009d9a       ?CheckCard@COPOSCAT@@UAGJJJPAJ@Z 1000ad9a f   CATImpl.obj
 0001:00009e0e       ?CheckHealth@COPOSCAT@@UAGJJPAJ@Z 1000ae0e f   CATImpl.obj
 0001:00009e5d       ?ClaimDevice@COPOSCAT@@UAGJJPAJ@Z 1000ae5d f   CATImpl.obj
 0001:00009ed2       ?ClearOutput@COPOSCAT@@UAGJPAJ@Z 1000aed2 f   CATImpl.obj
 0001:00009eed       ?Close@COPOSCAT@@UAGJPAJ@Z 1000aeed f   CATImpl.obj
 0001:00009f5b       ?CompareFirmwareVersion@COPOSCAT@@UAGJPA_WPAJ1@Z 1000af5b f   CATImpl.obj
 0001:00009fdb       ?DirectIO@COPOSCAT@@UAGJJPAJPAPA_W0@Z 1000afdb f   CATImpl.obj
 0001:0000a089       ?DoInvoke@COPOSCAT@@IAEJJPAVOposVariant@@IHPAJ_N@Z 1000b089 f   CATImpl.obj
 0001:0000a165       ?EventClose@COPOSCAT@@IAEXXZ 1000b165 f i CATImpl.obj
 0001:0000a198       ?EventInit@COPOSCAT@@IAEJXZ 1000b198 f i CATImpl.obj
 0001:0000a26c       ?EventUninit@COPOSCAT@@IAEXXZ 1000b26c f i CATImpl.obj
 0001:0000a2be       ?EventWindowProc@COPOSCAT@@IAGJIIJ@Z 1000b2be f i CATImpl.obj
 0001:0000a391       ?FinalConstruct@COPOSCAT@@QAEJXZ 1000b391 f   CATImpl.obj
 0001:0000a3ca       ?FireEventCleanup@COPOSCAT@@IAEXXZ 1000b3ca f i CATImpl.obj
 0001:0000a3e0       ?FireEventSetup@COPOSCAT@@IAE_NXZ 1000b3e0 f i CATImpl.obj
 0001:0000a414       ?FreezeEvents@COPOSCAT@@MAGJH@Z 1000b414 f   CATImpl.obj
 0001:0000a46d       ?GetOposProp@COPOSCAT@@IAEJJPAFJ@Z 1000b46d f   CATImpl.obj
 0001:0000a490       ?GetOposProp@COPOSCAT@@IAEJJPAJJ@Z 1000b490 f   CATImpl.obj
 0001:0000a55f       ?GetOposProp@COPOSCAT@@IAEJJPAPA_WJ@Z 1000b55f f   CATImpl.obj
 0001:0000a63b       ?LockTerminal@COPOSCAT@@UAGJPAJ@Z 1000b63b f   CATImpl.obj
 0001:0000a656       ?OnDraw@COPOSCAT@@MAEJAAUATL_DRAWINFO@@@Z 1000b656 f   CATImpl.obj
 0001:0000a6f6       ?Open@COPOSCAT@@UAGJPA_WPAJ@Z 1000b6f6 f   CATImpl.obj
 0001:0000af47       ?ReleaseDevice@COPOSCAT@@UAGJPAJ@Z 1000bf47 f   CATImpl.obj
 0001:0000af96       ?ResetStatistics@COPOSCAT@@UAGJPA_WPAJ@Z 1000bf96 f   CATImpl.obj
 0001:0000afed       ?RetrieveStatistics@COPOSCAT@@UAGJPAPA_WPAJ@Z 1000bfed f   CATImpl.obj
 0001:0000b044       ?SOProcessID@COPOSCAT@@UAGJPAJ@Z 1000c044 f   CATImpl.obj
 0001:0000b058       ?SetCOFreezeEvents@COPOSCAT@@IAEXF@Z 1000c058 f   CATImpl.obj
 0001:0000b0f8       ?SetOposProp@COPOSCAT@@IAEJJJJ@Z 1000c0f8 f   CATImpl.obj
 0001:0000b1ef       ?SetOposProp@COPOSCAT@@IAEJJPA_WJ@Z 1000c1ef f   CATImpl.obj
 0001:0000b2f0       ?UnlockTerminal@COPOSCAT@@UAGJPAJ@Z 1000c2f0 f   CATImpl.obj
 0001:0000b30b       ?UpdateFirmware@COPOSCAT@@UAGJPA_WPAJ@Z 1000c30b f   CATImpl.obj
 0001:0000b362       ?UpdateStatistics@COPOSCAT@@UAGJPA_WPAJ@Z 1000c362 f   CATImpl.obj
 0001:0000b3b9       ?get_AccountNumber@COPOSCAT@@UAGJPAPA_W@Z 1000c3b9 f   CATImpl.obj
 0001:0000b3d2       ?get_AdditionalSecurityInformation@COPOSCAT@@UAGJPAPA_W@Z 1000c3d2 f   CATImpl.obj
 0001:0000b3eb       ?get_ApprovalCode@COPOSCAT@@UAGJPAPA_W@Z 1000c3eb f   CATImpl.obj
 0001:0000b404       ?get_AsyncMode@COPOSCAT@@UAGJPAF@Z 1000c404 f   CATImpl.obj
 0001:0000b41d       ?get_Balance@COPOSCAT@@UAGJPATtagCY@@@Z 1000c41d f   CATImpl.obj
 0001:0000b4b7       ?get_BinaryConversion@COPOSCAT@@UAGJPAJ@Z 1000c4b7 f   CATImpl.obj
 0001:0000b4cd       ?get_CapAdditionalSecurityInformation@COPOSCAT@@UAGJPAF@Z 1000c4cd f   CATImpl.obj
 0001:0000b4e6       ?get_CapAuthorizeCompletion@COPOSCAT@@UAGJPAF@Z 1000c4e6 f   CATImpl.obj
 0001:0000b4ff       ?get_CapAuthorizePreSales@COPOSCAT@@UAGJPAF@Z 1000c4ff f   CATImpl.obj
 0001:0000b518       ?get_CapAuthorizeRefund@COPOSCAT@@UAGJPAF@Z 1000c518 f   CATImpl.obj
 0001:0000b531       ?get_CapAuthorizeVoid@COPOSCAT@@UAGJPAF@Z 1000c531 f   CATImpl.obj
 0001:0000b54a       ?get_CapAuthorizeVoidPreSales@COPOSCAT@@UAGJPAF@Z 1000c54a f   CATImpl.obj
 0001:0000b563       ?get_CapCashDeposit@COPOSCAT@@UAGJPAF@Z 1000c563 f   CATImpl.obj
 0001:0000b57c       ?get_CapCenterResultCode@COPOSCAT@@UAGJPAF@Z 1000c57c f   CATImpl.obj
 0001:0000b595       ?get_CapCheckCard@COPOSCAT@@UAGJPAF@Z 1000c595 f   CATImpl.obj
 0001:0000b5ae       ?get_CapCompareFirmwareVersion@COPOSCAT@@UAGJPAF@Z 1000c5ae f   CATImpl.obj
 0001:0000b5c7       ?get_CapDailyLog@COPOSCAT@@UAGJPAJ@Z 1000c5c7 f   CATImpl.obj
 0001:0000b5e0       ?get_CapInstallments@COPOSCAT@@UAGJPAF@Z 1000c5e0 f   CATImpl.obj
 0001:0000b5f9       ?get_CapLockTerminal@COPOSCAT@@UAGJPAF@Z 1000c5f9 f   CATImpl.obj
 0001:0000b612       ?get_CapLogStatus@COPOSCAT@@UAGJPAF@Z 1000c612 f   CATImpl.obj
 0001:0000b62b       ?get_CapPaymentDetail@COPOSCAT@@UAGJPAF@Z 1000c62b f   CATImpl.obj
 0001:0000b644       ?get_CapPowerReporting@COPOSCAT@@UAGJPAJ@Z 1000c644 f   CATImpl.obj
 0001:0000b65d       ?get_CapStatisticsReporting@COPOSCAT@@UAGJPAF@Z 1000c65d f   CATImpl.obj
 0001:0000b676       ?get_CapTaxOthers@COPOSCAT@@UAGJPAF@Z 1000c676 f   CATImpl.obj
 0001:0000b68f       ?get_CapTrainingMode@COPOSCAT@@UAGJPAF@Z 1000c68f f   CATImpl.obj
 0001:0000b6a8       ?get_CapTransactionNumber@COPOSCAT@@UAGJPAF@Z 1000c6a8 f   CATImpl.obj
 0001:0000b6c1       ?get_CapUnlockTerminal@COPOSCAT@@UAGJPAF@Z 1000c6c1 f   CATImpl.obj
 0001:0000b6da       ?get_CapUpdateFirmware@COPOSCAT@@UAGJPAF@Z 1000c6da f   CATImpl.obj
 0001:0000b6f3       ?get_CapUpdateStatistics@COPOSCAT@@UAGJPAF@Z 1000c6f3 f   CATImpl.obj
 0001:0000b70c       ?get_CardCompanyID@COPOSCAT@@UAGJPAPA_W@Z 1000c70c f   CATImpl.obj
 0001:0000b725       ?get_CenterResultCode@COPOSCAT@@UAGJPAPA_W@Z 1000c725 f   CATImpl.obj
 0001:0000b73e       ?get_CheckHealthText@COPOSCAT@@UAGJPAPA_W@Z 1000c73e f   CATImpl.obj
 0001:0000b757       ?get_Claimed@COPOSCAT@@UAGJPAF@Z 1000c757 f   CATImpl.obj
 0001:0000b76d       ?get_ControlObjectDescription@COPOSCAT@@UAGJPAPA_W@Z 1000c76d f   CATImpl.obj
 0001:0000b7bb       ?get_ControlObjectVersion@COPOSCAT@@UAGJPAJ@Z 1000c7bb f   CATImpl.obj
 0001:0000b7ce       ?get_DailyLog@COPOSCAT@@UAGJPAPA_W@Z 1000c7ce f   CATImpl.obj
 0001:0000b7e7       ?get_DeviceDescription@COPOSCAT@@UAGJPAPA_W@Z 1000c7e7 f   CATImpl.obj
 0001:0000b800       ?get_DeviceEnabled@COPOSCAT@@UAGJPAF@Z 1000c800 f   CATImpl.obj
 0001:0000b816       ?get_DeviceName@COPOSCAT@@UAGJPAPA_W@Z 1000c816 f   CATImpl.obj
 0001:0000b82f       ?get_FreezeEvents@COPOSCAT@@UAGJPAF@Z 1000c82f f   CATImpl.obj
 0001:0000b845       ?get_LogStatus@COPOSCAT@@UAGJPAJ@Z 1000c845 f   CATImpl.obj
 0001:0000b85e       ?get_OpenResult@COPOSCAT@@UAGJPAJ@Z 1000c85e f   CATImpl.obj
 0001:0000b875       ?get_OutputID@COPOSCAT@@UAGJPAJ@Z 1000c875 f   CATImpl.obj
 0001:0000b88b       ?get_PaymentCondition@COPOSCAT@@UAGJPAJ@Z 1000c88b f   CATImpl.obj
 0001:0000b8a4       ?get_PaymentDetail@COPOSCAT@@UAGJPAPA_W@Z 1000c8a4 f   CATImpl.obj
 0001:0000b8bd       ?get_PaymentMedia@COPOSCAT@@UAGJPAJ@Z 1000c8bd f   CATImpl.obj
 0001:0000b8d6       ?get_PowerNotify@COPOSCAT@@UAGJPAJ@Z 1000c8d6 f   CATImpl.obj
 0001:0000b8ec       ?get_PowerState@COPOSCAT@@UAGJPAJ@Z 1000c8ec f   CATImpl.obj
 0001:0000b902       ?get_ResultCode@COPOSCAT@@UAGJPAJ@Z 1000c902 f   CATImpl.obj
 0001:0000b940       ?get_ResultCodeExtended@COPOSCAT@@UAGJPAJ@Z 1000c940 f   CATImpl.obj
 0001:0000b956       ?get_SequenceNumber@COPOSCAT@@UAGJPAJ@Z 1000c956 f   CATImpl.obj
 0001:0000b96f       ?get_ServiceObjectDescription@COPOSCAT@@UAGJPAPA_W@Z 1000c96f f   CATImpl.obj
 0001:0000b988       ?get_ServiceObjectVersion@COPOSCAT@@UAGJPAJ@Z 1000c988 f   CATImpl.obj
 0001:0000b99e       ?get_SettledAmount@COPOSCAT@@UAGJPATtagCY@@@Z 1000c99e f   CATImpl.obj
 0001:0000ba38       ?get_SlipNumber@COPOSCAT@@UAGJPAPA_W@Z 1000ca38 f   CATImpl.obj
 0001:0000ba51       ?get_State@COPOSCAT@@UAGJPAJ@Z 1000ca51 f   CATImpl.obj
 0001:0000ba7d       ?get_TrainingMode@COPOSCAT@@UAGJPAF@Z 1000ca7d f   CATImpl.obj
 0001:0000ba96       ?get_TransactionNumber@COPOSCAT@@UAGJPAPA_W@Z 1000ca96 f   CATImpl.obj
 0001:0000baaf       ?get_TransactionType@COPOSCAT@@UAGJPAJ@Z 1000caaf f   CATImpl.obj
 0001:0000bac8       ?put_AdditionalSecurityInformation@COPOSCAT@@UAGJPA_W@Z 1000cac8 f   CATImpl.obj
 0001:0000bae1       ?put_AsyncMode@COPOSCAT@@UAGJF@Z 1000cae1 f   CATImpl.obj
 0001:0000bb01       ?put_BinaryConversion@COPOSCAT@@UAGJJ@Z 1000cb01 f   CATImpl.obj
 0001:0000bb17       ?put_DeviceEnabled@COPOSCAT@@UAGJF@Z 1000cb17 f   CATImpl.obj
 0001:0000bb34       ?put_FreezeEvents@COPOSCAT@@UAGJF@Z 1000cb34 f   CATImpl.obj
 0001:0000bb80       ?put_PaymentMedia@COPOSCAT@@UAGJJ@Z 1000cb80 f   CATImpl.obj
 0001:0000bb99       ?put_PowerNotify@COPOSCAT@@UAGJJ@Z 1000cb99 f   CATImpl.obj
 0001:0000bbaf       ?put_TrainingMode@COPOSCAT@@UAGJF@Z 1000cbaf f   CATImpl.obj
 0001:0000bbcf       ?s_EventWindowProc@COPOSCAT@@KGJPAUHWND__@@IIJ@Z 1000cbcf f i CATImpl.obj
 0001:0000bc21       ??_U@YAPAXI@Z              1000cc21 f   LIBCMT:new_array.obj
 0001:0000bc2a       ??3@YAXPAXI@Z              1000cc2a f   LIBCMT:delete_scalar_size.obj
 0001:0000bc38       ??_V@YAXPAX@Z              1000cc38 f   LIBCMT:delete_array.obj
 0001:0000bc3d       ??_V@YAXPAXI@Z             1000cc3d f   LIBCMT:delete_array_size.obj
 0001:0000bc8f       ___scrt_acquire_startup_lock 1000cc8f f   LIBCMT:utility.obj
 0001:0000bcc1       ___scrt_dllmain_after_initialize_c 1000ccc1 f   LIBCMT:utility.obj
 0001:0000bcec       ___scrt_dllmain_before_initialize_c 1000ccec f   LIBCMT:utility.obj
 0001:0000bcfa       ___scrt_dllmain_crt_thread_attach 1000ccfa f   LIBCMT:utility.obj
 0001:0000bd19       ___scrt_dllmain_crt_thread_detach 1000cd19 f   LIBCMT:utility.obj
 0001:0000bd26       ___scrt_dllmain_exception_filter 1000cd26 f   LIBCMT:utility.obj
 0001:0000bd5a       ___scrt_dllmain_uninitialize_c 1000cd5a f   LIBCMT:utility.obj
 0001:0000bd7d       ___scrt_dllmain_uninitialize_critical 1000cd7d f   LIBCMT:utility.obj
 0001:0000bd8a       ___scrt_initialize_crt     1000cd8a f   LIBCMT:utility.obj
 0001:0000bdc3       ___scrt_initialize_onexit_tables 1000cdc3 f   LIBCMT:utility.obj
 0001:0000be4a       ___scrt_is_nonwritable_in_current_image 1000ce4a f   LIBCMT:utility.obj
 0001:0000bede       ___scrt_release_startup_lock 1000cede f   LIBCMT:utility.obj
 0001:0000befb       ___scrt_uninitialize_crt   1000cefb f   LIBCMT:utility.obj
 0001:0000bf23       __onexit                   1000cf23 f   LIBCMT:utility.obj
 0001:0000bf50       _atexit                    1000cf50 f   LIBCMT:utility.obj
 0001:0000bf65       ??3@YAXPAX@Z               1000cf65 f   LIBCMT:delete_scalar.obj
 0001:0000c02f       __Init_thread_footer       1000d02f f   LIBCMT:thread_safe_statics.obj
 0001:0000c079       __Init_thread_header       1000d079 f   LIBCMT:thread_safe_statics.obj
 0001:0000c0cb       __Init_thread_notify       1000d0cb f   LIBCMT:thread_safe_statics.obj
 0001:0000c101       __Init_thread_wait         1000d101 f   LIBCMT:thread_safe_statics.obj
 0001:0000c14f       ___raise_securityfailure   1000d14f f   LIBCMT:gs_report.obj
 0001:0000c177       ___report_gsfailure        1000d177 f   LIBCMT:gs_report.obj
 0001:0000c271       ___report_rangecheckfailure 1000d271 f   LIBCMT:gs_report.obj
 0001:0000c27d       ___report_securityfailure  1000d27d f   LIBCMT:gs_report.obj
 0001:0000c34c       ??2@YAPAXIABUnothrow_t@std@@@Z 1000d34c f   LIBCMT:new_scalar_nothrow.obj
 0001:0000c3a1       ??_U@YAPAXIABUnothrow_t@std@@@Z 1000d3a1 f   LIBCMT:new_array_nothrow.obj
 0001:0000c3aa       @__security_check_cookie@4 1000d3aa f   LIBCMT:secchk.obj
 0001:0000c3c0       __SEH_prolog4_GS           1000d3c0 f   LIBCMT:sehprolg4gs.obj
 0001:0000c410       __alloca_probe_16          1000d410 f   LIBCMT:alloca16.obj
 0001:0000c426       __alloca_probe_8           1000d426     LIBCMT:alloca16.obj
 0001:0000c440       __chkstk                   1000d440 f   LIBCMT:chkstk.obj
 0001:0000c440       __alloca_probe             1000d440 f   LIBCMT:chkstk.obj
 0001:0000c7ab       __DllMainCRTStartup@12     1000d7ab f   LIBCMT:dll_dllmain.obj
 0001:0000c7ce       ??2@YAPAXI@Z               1000d7ce f   LIBCMT:new_scalar.obj
 0001:0000c7fe       ___isa_available_init      1000d7fe f   LIBCMT:cpu_disp.obj
 0001:0000c9d2       ___scrt_is_ucrt_dll_in_use 1000d9d2 f   LIBCMT:ucrt_detection.obj
 0001:0000c9de       ___scrt_fastfail           1000d9de f   LIBCMT:utility_desktop.obj
 0001:0000caf9       __crt_debugger_hook        1000daf9 f   LIBCMT:utility_desktop.obj
 0001:0000cb10       __SEH_prolog4              1000db10 f   LIBCMT:sehprolg4.obj
 0001:0000cb55       @_guard_check_icall_nop@4  1000db55 f i LIBCMT:guard_support.obj
 0001:0000cba5       ___security_init_cookie    1000dba5 f   LIBCMT:gs_support.obj
 0001:0000cbf0       ?__scrt_initialize_type_info@@YAXXZ 1000dbf0 f   LIBCMT:tncleanup.obj
 0001:0000cbfc       ?__scrt_uninitialize_type_info@@YAXXZ 1000dbfc f   LIBCMT:tncleanup.obj
 0001:0000cc08       ___local_stdio_scanf_options 1000dc08 f i LIBCMT:default_local_stdio_options.obj
 0001:0000cc0e       ___scrt_initialize_default_local_stdio_options 1000dc0e f   LIBCMT:default_local_stdio_options.obj
 0001:0000cc2b       ___scrt_get_dyn_tls_init_callback 1000dc2b f   LIBCMT:dyn_tls_init.obj
 0001:0000cc31       __RTC_Initialize           1000dc31 f   LIBCMT:initsect.obj
 0001:0000cc5d       __RTC_Terminate            1000dc5d f   LIBCMT:initsect.obj
 0001:0000cc89       ??0bad_alloc@std@@QAE@ABV01@@Z 1000dc89 f i LIBCMT:throw_bad_alloc.obj
 0001:0000cca4       ??0bad_alloc@std@@QAE@XZ   1000dca4 f i LIBCMT:throw_bad_alloc.obj
 0001:0000ccbc       ??0bad_array_new_length@std@@QAE@ABV01@@Z 1000dcbc f i LIBCMT:throw_bad_alloc.obj
 0001:0000ccd7       ??0bad_array_new_length@std@@QAE@XZ 1000dcd7 f i LIBCMT:throw_bad_alloc.obj
 0001:0000ccef       ??0exception@std@@QAE@ABV01@@Z 1000dcef f i LIBCMT:throw_bad_alloc.obj
 0001:0000cd1b       ??1bad_array_new_length@std@@UAE@XZ 1000dd1b f i LIBCMT:throw_bad_alloc.obj
 0001:0000cd1b       ??1bad_exception@std@@UAE@XZ 1000dd1b f i libvcruntime:frame.obj
 0001:0000cd1b       ??1bad_alloc@std@@UAE@XZ   1000dd1b f i LIBCMT:throw_bad_alloc.obj
 0001:0000cd2c       ??_Ebad_array_new_length@std@@UAEPAXI@Z 1000dd2c f i LIBCMT:throw_bad_alloc.obj
 0001:0000cd2c       ??_Ebad_alloc@std@@UAEPAXI@Z 1000dd2c f i LIBCMT:throw_bad_alloc.obj
 0001:0000cd2c       ??_Gbad_exception@std@@UAEPAXI@Z 1000dd2c f i libvcruntime:frame.obj
 0001:0000cd2c       ??_Eexception@std@@UAEPAXI@Z 1000dd2c f i LIBCMT:throw_bad_alloc.obj
 0001:0000cd2c       ??_Gbad_array_new_length@std@@UAEPAXI@Z 1000dd2c f i LIBCMT:throw_bad_alloc.obj
 0001:0000cd2c       ??_Ebad_exception@std@@UAEPAXI@Z 1000dd2c f i libvcruntime:frame.obj
 0001:0000cd2c       ??_Gexception@std@@UAEPAXI@Z 1000dd2c f i LIBCMT:throw_bad_alloc.obj
 0001:0000cd2c       ??_Gbad_alloc@std@@UAEPAXI@Z 1000dd2c f i LIBCMT:throw_bad_alloc.obj
 0001:0000cd59       ?__scrt_throw_std_bad_alloc@@YAXXZ 1000dd59 f   LIBCMT:throw_bad_alloc.obj
 0001:0000cd76       ?__scrt_throw_std_bad_array_new_length@@YAXXZ 1000dd76 f   LIBCMT:throw_bad_alloc.obj
 0001:0000cd93       ?what@exception@std@@UBEPBDXZ 1000dd93 f i LIBCMT:throw_bad_alloc.obj
 0001:0000cda0       ??_Gtype_info@@UAEPAXI@Z   1000dda0 f i LIBCMT:std_type_info_static.obj
 0001:0000cda0       ??_Etype_info@@UAEPAXI@Z   1000dda0 f i LIBCMT:std_type_info_static.obj
 0001:0000cdc3       ??0CAtlBaseModule@ATL@@QAE@XZ 1000ddc3 f   atls:atlbase.obj
[...]
 0002:000065e0       CC                         100275e0     libucrt:log10_pentium4.obj
 0002:000065f0       Magic                      100275f0     libucrt:log10_pentium4.obj
 0002:00006600       hi_mask                    10027600     libucrt:log10_pentium4.obj
 0002:00006610       LOG10_2                    10027610     libucrt:log10_pentium4.obj
 0002:00006620       place_L                    10027620     libucrt:log10_pentium4.obj
 0002:00006640       One                        10027640     libucrt:log10_pentium4.obj
 0002:00006650       Zero                       10027650     libucrt:log10_pentium4.obj
 0002:00006660       Two52                      10027660     libucrt:log10_pentium4.obj
 0002:00006670       Infs                       10027670     libucrt:log10_pentium4.obj
 0002:00006680       NaN                        10027680     libucrt:log10_pentium4.obj
 0002:00006690       coeff                      10027690     libucrt:log10_pentium4.obj
 0002:000066ee       _log2max                   100276ee     libucrt:87tran.obj
 0002:000066f8       _smallarg                  100276f8     libucrt:87tran.obj
 0002:00006702       _half                      10027702     libucrt:87tran.obj
 0002:0000674e       One                        1002774e     libucrt:87disp.obj
 0002:00006756       Three                      10027756     libucrt:87disp.obj
 0002:0000675e       XAMtoTagTab                1002775e     libucrt:87disp.obj
 0002:00006770       One                        10027770     libucrt:common.obj
 0002:00006784       DblMax                     10027784     libucrt:common.obj
 0002:0000678c       DblMin                     1002778c     libucrt:common.obj
 0002:00006794       IeeeAdjO                   10027794     libucrt:common.obj
 0002:0000679c       IeeeAdjU                   1002779c     libucrt:common.obj
 0002:000067a4       _infinity                  100277a4     libucrt:common.obj
 0002:000067ac       _zero                      100277ac     libucrt:common.obj
 0002:000067f8       _over                      100277f8     libucrt:fpctrl.obj
 0002:00006804       _under                     10027804     libucrt:fpctrl.obj
 0002:00007038       ?_names@?1??_get_fname@@9@4QBU<unnamed-type-_names>@?1??1@YAPADI@Z@B 10028038     libucrt:fpexcept.obj
 0002:000071e0       two32                      100281e0     LIBCMT:ftol2.obj
 0002:000071e4       two63                      100281e4     LIBCMT:ftol2.obj
 0002:000071e8       _NaN                       100281e8     LIBCMT:ftol2.obj
 0002:00007910       __sehtable$?_AtlVerifyStackAvailable@_ATL_SAFE_ALLOCA_IMPL@ATL@@YA_NK@Z 10028910     CAT.obj
 0002:00007930       __sehtable$___scrt_is_nonwritable_in_current_image 10028930     LIBCMT:utility.obj
 0002:0000794c       __catchsym$??2@YAPAXIABUnothrow_t@std@@@Z$2 1002894c     LIBCMT:new_scalar_nothrow.obj
 0002:0000795c       __unwindtable$??2@YAPAXIABUnothrow_t@std@@@Z 1002895c     LIBCMT:new_scalar_nothrow.obj
 0002:0000796c       __tryblocktable$??2@YAPAXIABUnothrow_t@std@@@Z 1002896c     LIBCMT:new_scalar_nothrow.obj
 0002:00007980       __ehfuncinfo$??2@YAPAXIABUnothrow_t@std@@@Z 10028980     LIBCMT:new_scalar_nothrow.obj
 0002:000079a8       __sehtable$?dllmain_crt_process_attach@@YAHQAUHINSTANCE__@@QAX@Z 100289a8     LIBCMT:dll_dllmain.obj
 0002:000079c8       __sehtable$?dllmain_crt_process_detach@@YAH_N@Z 100289c8     LIBCMT:dll_dllmain.obj
 0002:000079f0       __sehtable$?dllmain_dispatch@@YAHQAUHINSTANCE__@@KQAX@Z 100289f0     LIBCMT:dll_dllmain.obj
 0002:00007aa0       __sehtable$___DestructExceptionObject 10028aa0     libvcruntime:ehhelpers.obj
 0002:00007ac0       __sehtable$?FrameUnwindToState@__FrameHandler3@@SAXPAUEHRegistrationNode@@PAXPBU_s_FuncInfo@@H@Z 10028ac0     libvcruntime:frame.obj
 0002:00007ae8       __sehtable$?CallCatchBlock@@YAPAXPAUEHExceptionRecord@@PAUEHRegistrationNode@@PAU_CONTEXT@@PBU_s_FuncInfo@@PAXHK@Z 10028ae8     libvcruntime:frame.obj
 0002:00007b10       __catchsym$?CallUnexpected@@YAXPBU_s_ESTypeList@@@Z$2 10028b10     libvcruntime:frame.obj
 0002:00007b20       __unwindtable$?CallUnexpected@@YAXPBU_s_ESTypeList@@@Z 10028b20     libvcruntime:frame.obj
 0002:00007b30       __tryblocktable$?CallUnexpected@@YAXPBU_s_ESTypeList@@@Z 10028b30     libvcruntime:frame.obj
 0002:00007b44       __ehfuncinfo$?CallUnexpected@@YAXPBU_s_ESTypeList@@@Z 10028b44     libvcruntime:frame.obj
 0002:00007b68       __sehtable$??$BuildCatchObjectHelperInternal@V__FrameHandler3@@@@YAHPAUEHExceptionRecord@@PAXPBU_s_HandlerType@@PBU_s_CatchableType@@@Z 10028b68     libvcruntime:frame.obj
 0002:00007b88       __sehtable$??$BuildCatchObjectInternal@V__FrameHandler3@@@@YAXPAUEHExceptionRecord@@PAXPBU_s_HandlerType@@PBU_s_CatchableType@@@Z 10028b88     libvcruntime:frame.obj
 0002:00007bdc       __ehfuncinfo$?write_double_translated_ansi_nolock@@YA?AUwrite_result@?A0x17268360@@HQBDIAAV__crt_cached_ptd_host@@@Z 10028bdc     libucrt:write.obj
 0002:00007bdc       __ehfuncinfo$?try_cor_exit_process@@YAXI@Z 10028bdc     libucrt:exit.obj
 0002:00007c00       __unwindtable$?common_exit@@YAXHW4_crt_exit_cleanup_mode@@W4_crt_exit_return_mode@@@Z 10028c00     libucrt:exit.obj
 0002:00007c08       __ehfuncinfo$?common_exit@@YAXHW4_crt_exit_cleanup_mode@@W4_crt_exit_return_mode@@@Z 10028c08     libucrt:exit.obj
 0002:00007c30       __sehtable$??R<lambda_6e4b09c48022b2350581041d5f6b0c4c>@@QBE@XZ 10028c30     libucrt:exit.obj
 0002:00007c50       __sehtable$??$?RV<lambda_03b1d95aef87969028cfba75ccab2455>@@AAV<lambda_6e4b09c48022b2350581041d5f6b0c4c>@@V<lambda_22bdf7517842c4b3e53723af5aa32b9e>@@@?$__crt_seh_guarded_call@X@@QAEX$$QAV<lambda_03b1d95aef87969028cfba75ccab2455>@@AAV<lambda_6e4b09c48022b2350581041d5f6b0c4c>@@$$QAV<lambda_22bdf7517842c4b3e53723af5aa32b9e>@@@Z 10028c50     libucrt:exit.obj
 0002:00007c6c       __unwindtable$___dcrt_uninitialize_environments_nolock 10028c6c     libucrt:environment_initialization.obj
 0002:00007c7c       __ehfuncinfo$___dcrt_uninitialize_environments_nolock 10028c7c     libucrt:environment_initialization.obj
 0002:00007ca0       __unwindtable$__execute_onexit_table 10028ca0     libucrt:onexit.obj
 0002:00007ca8       __ehfuncinfo$__execute_onexit_table 10028ca8     libucrt:onexit.obj
 0002:00007cd0       __sehtable$??$?RV<lambda_8e746cf0007f6ed984d6f78af1fec997>@@AAV<lambda_22ebabd17bc4fa466a2aca6d8deb888d>@@V<lambda_18ed0c0b38a6dc0daf1e7ac6d6adf05e>@@@?$__crt_seh_guarded_call@H@@QAEH$$QAV<lambda_8e746cf0007f6ed984d6f78af1fec997>@@AAV<lambda_22ebabd17bc4fa466a2aca6d8deb888d>@@$$QAV<lambda_18ed0c0b38a6dc0daf1e7ac6d6adf05e>@@@Z 10028cd0     libucrt:onexit.obj
 0002:00007cf0       __sehtable$??$?RV<lambda_69a2805e680e0e292e8ba93315fe43a8>@@AAV<lambda_f03950bc5685219e0bcd2087efbe011e>@@V<lambda_03fcd07e894ec930e3f35da366ca99d6>@@@?$__crt_seh_guarded_call@H@@QAEH$$QAV<lambda_69a2805e680e0e292e8ba93315fe43a8>@@AAV<lambda_f03950bc5685219e0bcd2087efbe011e>@@$$QAV<lambda_03fcd07e894ec930e3f35da366ca99d6>@@@Z 10028cf0     libucrt:onexit.obj
 0002:00007d10       __sehtable$__query_new_handler 10028d10     libucrt:new_handler.obj
 0002:00007d30       __sehtable$_terminate      10028d30     libucrt:terminate.obj
 0002:00007d50       __sehtable$??$?RV<lambda_15ade71b0218206bbe3333a0c9b79046>@@AAV<lambda_da44e0f8b0f19ba52fefafb335991732>@@V<lambda_207f2d024fc103971653565357d6cd41>@@@?$__crt_seh_guarded_call@X@@QAEX$$QAV<lambda_15ade71b0218206bbe3333a0c9b79046>@@AAV<lambda_da44e0f8b0f19ba52fefafb335991732>@@$$QAV<lambda_207f2d024fc103971653565357d6cd41>@@@Z 10028d50     libucrt:per_thread_data.obj
 0002:00007d70       __sehtable$??$?RV<lambda_a7e850c220f1c8d1e6efeecdedd162c6>@@AAV<lambda_46720907175c18b6c9d2717bc0d2d362>@@V<lambda_9048902d66e8d99359bc9897bbb930a8>@@@?$__crt_seh_guarded_call@X@@QAEX$$QAV<lambda_a7e850c220f1c8d1e6efeecdedd162c6>@@AAV<lambda_46720907175c18b6c9d2717bc0d2d362>@@$$QAV<lambda_9048902d66e8d99359bc9897bbb930a8>@@@Z 10028d70     libucrt:per_thread_data.obj
 0002:00007d90       __sehtable$??$?RV<lambda_38edbb1296d33220d7e4dd0ed76b244a>@@AAV<lambda_5ce1d447e08cb34b2473517608e21441>@@V<lambda_fb385d3da700c9147fc39e65dd577a8c>@@@?$__crt_seh_guarded_call@X@@QAEX$$QAV<lambda_38edbb1296d33220d7e4dd0ed76b244a>@@AAV<lambda_5ce1d447e08cb34b2473517608e21441>@@$$QAV<lambda_fb385d3da700c9147fc39e65dd577a8c>@@@Z 10028d90     libucrt:per_thread_data.obj
 0002:00007db0       __sehtable$??$?RV<lambda_6affb1475c98b40b75cdec977db92e3c>@@AAV<lambda_b8d4b9c228a6ecc3f80208dbb4b4a104>@@V<lambda_608742c3c92a14382c1684fc64f96c88>@@@?$__crt_seh_guarded_call@X@@QAEX$$QAV<lambda_6affb1475c98b40b75cdec977db92e3c>@@AAV<lambda_b8d4b9c228a6ecc3f80208dbb4b4a104>@@$$QAV<lambda_608742c3c92a14382c1684fc64f96c88>@@@Z 10028db0     libucrt:per_thread_data.obj
 0002:00007dd0       __sehtable$??$?RV<lambda_e5124f882df8998aaf41531e079ba474>@@AAV<lambda_3e16ef9562a7dcce91392c22ab16ea36>@@V<lambda_e25ca0880e6ef98be67edffd8c599615>@@@?$__crt_seh_guarded_call@X@@QAEX$$QAV<lambda_e5124f882df8998aaf41531e079ba474>@@AAV<lambda_3e16ef9562a7dcce91392c22ab16ea36>@@$$QAV<lambda_e25ca0880e6ef98be67edffd8c599615>@@@Z 10028dd0     libucrt:wsetlocale.obj
 0002:00007df0       __sehtable$___acrt_initialize_lowio 10028df0     libucrt:ioinit.obj
 0002:00007e10       __sehtable$?update_thread_multibyte_data_internal@@YAPAU__crt_multibyte_data@@QAU__acrt_ptd@@QAPAU1@@Z 10028e10     libucrt:mbctype.obj
 0002:00007e30       __sehtable$??$?RV<lambda_ceb1ee4838e85a9d631eb091e2fbe199>@@AAV<lambda_ae742caa10f662c28703da3d2ea5e57e>@@V<lambda_cd08b5d6af4937fe54fc07d0c9bf6b37>@@@?$__crt_seh_guarded_call@X@@QAEX$$QAV<lambda_ceb1ee4838e85a9d631eb091e2fbe199>@@AAV<lambda_ae742caa10f662c28703da3d2ea5e57e>@@$$QAV<lambda_cd08b5d6af4937fe54fc07d0c9bf6b37>@@@Z 10028e30     libucrt:mbctype.obj
 0002:00007e50       __sehtable$_raise          10028e50     libucrt:signal.obj
 0002:00007e70       __sehtable$??$?RV<lambda_cbab9ec6f41b0180b23cc171c22676b0>@@AAV<lambda_44731a7d0e6d81c3e6aa82d741081786>@@V<lambda_4b292cb8dd18144e164572427af410ab>@@@?$__crt_seh_guarded_call@P6AXH@Z@@QAEP6AXH@Z$$QAV<lambda_cbab9ec6f41b0180b23cc171c22676b0>@@AAV<lambda_44731a7d0e6d81c3e6aa82d741081786>@@$$QAV<lambda_4b292cb8dd18144e164572427af410ab>@@@Z 10028e70     libucrt:signal.obj
 0002:00007e90       __sehtable$??$?RV<lambda_2866be3712abc81a800a822484c830d8>@@AAV<lambda_39ca0ed439415581b5b15c265174cece>@@V<lambda_2b24c74d71094a6cd0cb82e44167d71b>@@@?$__crt_seh_guarded_call@X@@QAEX$$QAV<lambda_2866be3712abc81a800a822484c830d8>@@AAV<lambda_39ca0ed439415581b5b15c265174cece>@@$$QAV<lambda_2b24c74d71094a6cd0cb82e44167d71b>@@@Z 10028e90     libucrt:fflush.obj
 0002:00007eb0       __sehtable$??$?RV<lambda_2cc53f568c5a2bb6f192f930a45d44ea>@@AAV<lambda_ab61a845afdef5b7c387490eaf3616ee>@@V<lambda_c2ffc0b7726aa6be21d5f0026187e748>@@@?$__crt_seh_guarded_call@X@@QAEX$$QAV<lambda_2cc53f568c5a2bb6f192f930a45d44ea>@@AAV<lambda_ab61a845afdef5b7c387490eaf3616ee>@@$$QAV<lambda_c2ffc0b7726aa6be21d5f0026187e748>@@@Z 10028eb0     libucrt:fflush.obj
 0002:00007ed0       __sehtable$___acrt_update_thread_locale_data 10028ed0     libucrt:locale_refcounting.obj
 0002:00007ef0       __sehtable$__fcloseall     10028ef0     libucrt:closeall.obj
 0002:00007f10       __sehtable$___acrt_lowio_ensure_fh_exists 10028f10     libucrt:osfinfo.obj
 0002:00007f30       __sehtable$??$?RV<lambda_9e9de3de5fa147e2223d7db92bc10aa6>@@AAV<lambda_38ce7e780aa69e748d6df282ebc68efe>@@V<lambda_8ca6da459f0f6780f1cff60fdc3d00e5>@@@?$__crt_seh_guarded_call@H@@QAEH$$QAV<lambda_9e9de3de5fa147e2223d7db92bc10aa6>@@AAV<lambda_38ce7e780aa69e748d6df282ebc68efe>@@$$QAV<lambda_8ca6da459f0f6780f1cff60fdc3d00e5>@@@Z 10028f30     libucrt:commit.obj
 0002:00007f50       __sehtable$__write_internal 10028f50     libucrt:write.obj
 0002:00007f70       __sehtable$?_fclose_internal@@YAHQAU_iobuf@@AAV__crt_cached_ptd_host@@@Z 10028f70     libucrt:fclose.obj
 0002:00007f90       __sehtable$??$?RV<lambda_d422a76eb4c3bf3ad751449ab71a6ea4>@@AAV<lambda_c9ba49e555ba839a7b07aa3fbecb7617>@@V<lambda_9476263c8ee91a25d21c55370bdb50de>@@@?$__crt_seh_guarded_call@H@@QAEH$$QAV<lambda_d422a76eb4c3bf3ad751449ab71a6ea4>@@AAV<lambda_c9ba49e555ba839a7b07aa3fbecb7617>@@$$QAV<lambda_9476263c8ee91a25d21c55370bdb50de>@@@Z 10028f90     libucrt:close.obj
 0002:00007fb0       __sehtable$___set_fpsr_sse2 10028fb0     libucrt:fpctrl.obj
 0002:00007fd0       __sehtable$__IsNonwritableInCurrentImage 10028fd0     LIBCMT:pesect.obj
 0002:00008000       .edata                     10029000     OPOSCAT.exp
 0002:00008028       rgpv                       10029028     OPOSCAT.exp
 0002:00008038       rgszName                   10029038     OPOSCAT.exp
 0002:00008048       rgwOrd                     10029048     OPOSCAT.exp
 0002:00008050       szName                     10029050     OPOSCAT.exp
 0002:0000805c       $N00001                    1002905c     OPOSCAT.exp
 0002:0000806c       $N00002                    1002906c     OPOSCAT.exp
 0002:0000807e       $N00003                    1002907e     OPOSCAT.exp
 0002:00008090       $N00004                    10029090     OPOSCAT.exp
 0002:0000869e       .idata$6                   1002969e     kernel32:KERNEL32.dll
 0002:000088b2       .idata$6                   100298b2     user32:USER32.dll
 0002:000089e6       .idata$6                   100299e6     gdi32:GDI32.dll
 0002:00008a8c       .idata$6                   10029a8c     advapi32:ADVAPI32.dll
 0002:00008ba8       .idata$6                   10029ba8     ole32:ole32.dll
 0002:00008bb2       .idata$6                   10029bb2     oleaut32:OLEAUT32.dll
 0003:00000110       ?ObjectMap@@3PAU_ATL_OBJMAP_ENTRY30@ATL@@A 1002a110     CAT.obj
 0003:000001b8       ?s_SOMethodNames@@3PAPADA  1002a1b8     CATImpl.obj
 0003:00000234       ?s_RequiredMethodsPerRelease@@3PAHA 1002a234     CATImpl.obj
 0003:00000270       ?__vcrt_flsindex@@3KA      1002a270     libvcruntime:per_thread_data.obj
 0003:00000290       ?errno_no_memory@@3HA      1002a290     libucrt:errno.obj
 0003:00000294       ?doserrno_no_memory@@3KA   1002a294     libucrt:errno.obj
 0003:000002a0       ?__acrt_flsindex@@3KA      1002a2a0     libucrt:per_thread_data.obj
 0003:00000638       __mbctypes                 1002a638     libucrt:mbctype.obj
 0003:00000740       __mbcasemaps               1002a740     libucrt:mbctype.obj
 0003:00000840       ?__rgctypeflag@@3PADA      1002a840     libucrt:mbctype.obj
 0003:00000848       ?__rgcode_page_info@@3PAUcode_page_info@@A 1002a848     libucrt:mbctype.obj
 0003:00000aa0       ?__dcrt_lowio_console_output_handle@@3PAXA 1002aaa0     libucrt:initcon.obj
 0003:00000aa4       ?__DAZ_ENABLED@?1??__set_fpsr_sse2@@9@9 1002aaa4     libucrt:fpctrl.obj
 0003:00000c38       ?is_initialized_as_dll@@3_NA 1002ac38     LIBCMT:utility.obj
 0003:00000c39       ?module_local_atexit_table_initialized@@3_NA 1002ac39     LIBCMT:utility.obj
 0003:00000c3c       ?module_local_atexit_table@@3U_onexit_table_t@@A 1002ac3c     LIBCMT:utility.obj
 0003:00000c48       ?module_local_at_quick_exit_table@@3U_onexit_table_t@@A 1002ac48     LIBCMT:utility.obj
 0003:00000c54       ?g_tss_cv@@3U_RTL_CONDITION_VARIABLE@@A 1002ac54     LIBCMT:thread_safe_statics.obj
 0003:00000c58       ?g_tss_event@@3PAXA        1002ac58     LIBCMT:thread_safe_statics.obj
 0003:00000c5c       ?g_tss_mutex@@3U_RTL_CRITICAL_SECTION@@A 1002ac5c     LIBCMT:thread_safe_statics.obj
 0003:00000c74       ?g_sleep_condition_variable_cs@@3P6GHPAU_RTL_CONDITION_VARIABLE@@PAU_RTL_CRITICAL_SECTION@@K@ZA 1002ac74     LIBCMT:thread_safe_statics.obj
 0003:00000c78       ?g_wake_all_condition_variable@@3P6GXPAU_RTL_CONDITION_VARIABLE@@@ZA 1002ac78     LIBCMT:thread_safe_statics.obj
 0003:00000c80       _GS_ExceptionRecord        1002ac80     LIBCMT:gs_report.obj
 0003:00000cd0       _GS_ContextRecord          1002acd0     LIBCMT:gs_report.obj
 0003:00000fa0       ?__proc_attached@@3HA      1002afa0     LIBCMT:dll_dllmain.obj
 0003:00000ffc       ?AllocateData@@3P6GPAUAtlThunkData_t@@XZA 1002affc     atls:atlthunk.obj
 0003:00001000       ?InitData@@3P6GXPAUAtlThunkData_t@@PAXI@ZA 1002b000     atls:atlthunk.obj
 0003:00001004       ?DataToCode@@3P6GP6GJPAUHWND__@@IIJ@ZPAUAtlThunkData_t@@@ZA 1002b004     atls:atlthunk.obj
 0003:00001008       ?FreeData@@3P6GXPAUAtlThunkData_t@@@ZA 1002b008     atls:atlthunk.obj
 0003:0000100c       ?Initialized@@3_NA         1002b00c     atls:atlthunk.obj
 0003:0000101c       ?__vcrt_startup_thread_ptd@@3U__vcrt_ptd@@A 1002b01c     libvcruntime:per_thread_data.obj
 0003:00001044       ___vcrt_lock_table         1002b044     libvcruntime:locks.obj
 0003:0000105c       ___vcrt_locks_initialized  1002b05c     libvcruntime:locks.obj
 0003:00001088       ?heap@@3V_HeapManager@@A   1002b088     libvcruntime:undname.obj
 0003:0000109c       ?module_handles@@3PAPAUHINSTANCE__@@A 1002b09c     libvcruntime:winapi_downlevel.obj
 0003:000010a8       ?function_pointers@@3PAPAXA 1002b0a8     libvcruntime:winapi_downlevel.obj
 0003:000010bc       ?__acrt_invalid_parameter_handler@@3V?$dual_state_global@P6AXPB_W00II@Z@__crt_state_management@@A 1002b0bc     libucrt:invalid_parameter.obj
 0003:000010c0       ?c_termination_complete@@3JA 1002b0c0     libucrt:exit.obj
 0003:000010c4       ?thread_local_exit_callback_func@@3P6GXPAXK0@ZA 1002b0c4     libucrt:exit.obj
 0003:000010d0       ?program_name@?1???$common_configure_argv@D@@YAHW4_crt_argv_mode@@@Z@4PADA 1002b0d0     libucrt:argv_parsing.obj
 0003:00001200       ?__acrt_new_handler@@3V?$dual_state_global@P6AHI@Z@__crt_state_management@@A 1002b200     libucrt:new_handler.obj
 0003:00001210       ?module_handles@@3PAPAUHINSTANCE__@@A 1002b210     libucrt:winapi_thunks.obj
 0003:00001260       ?encoded_function_pointers@@3PAPAXA 1002b260     libucrt:winapi_thunks.obj
 0003:000012e8       ?internal_state@?1??_mbtowc_internal@@9@4U_Mbstatet@@A 1002b2e8     libucrt:mbtowc.obj
 0003:000012f8       ?enable_percent_n@@3IA     1002b2f8     libucrt:printf_count_output.obj
 0003:00001510       ?__acrt_lock_table@@3PAU_RTL_CRITICAL_SECTION@@A 1002b510     libucrt:locks.obj
 0003:00001660       ?__acrt_locks_initialized@@3IA 1002b660     libucrt:locks.obj
 0003:00001670       ?fSystemSet@@3HA           1002b670     libucrt:mbctype.obj
 0003:00001674       ?initialized@?1??__acrt_initialize_multibyte@@9@4_NA 1002b674     libucrt:mbctype.obj
 0003:00001694       ?ctrlc_action@@3V?$dual_state_global@P6AXH@Z@__crt_state_management@@A 1002b694     libucrt:signal.obj
 0003:00001698       ?ctrlbreak_action@@3V?$dual_state_global@P6AXH@Z@__crt_state_management@@A 1002b698     libucrt:signal.obj
 0003:0000169c       ?abort_action@@3V?$dual_state_global@P6AXH@Z@__crt_state_management@@A 1002b69c     libucrt:signal.obj
 0003:000016a0       ?term_action@@3V?$dual_state_global@P6AXH@Z@__crt_state_management@@A 1002b6a0     libucrt:signal.obj
 0003:000016a4       ?user_matherr@@3V?$dual_state_global@P6AHPAU_exception@@@Z@__crt_state_management@@A 1002b6a4     libucrt:matherr.obj
 0003:000016b0       ?__acrt_global_new_mode@@3V?$dual_state_global@J@__crt_state_management@@A 1002b6b0     libucrt:new_mode.obj
 0003:000016b4       ?internal_pst@?1??__mbrtoc32_utf8@__crt_mbstring@@YAIPA_UPBDIPAU_Mbstatet@@AAV__crt_cached_ptd_host@@@Z@4U3@A 1002b6b4     libucrt:mbrtoc32.obj
 0003:000016bc       ?__acrt_app_type@@3W4_crt_app_type@@A 1002b6bc     libucrt:report_runtime_error.obj
 0003:000016c4       __pmatherr_set             1002b6c4     libucrt:libm_error.obj
 0004:00000220       $R000000                   1002c220     CAT.res
 0004:00000b90       $R000970                   1002cb90     CAT.res
 0004:00000c78       $R000A58                   1002cc78     CAT.res
 0004:00000ee0       $R000CC0                   1002cee0     CAT.res
 0004:00001410       $R0011F0                   1002d410     CAT.res
 0004:00005248       $R005028                   10031248     CAT.res
 0004:00005270       $R005050                   10031270     CAT.res
