 OPOSPOSPower

 Timestamp is 61a75ad6 (Wed Dec  1 20:21:58 2021)

 Preferred load address is 10000000

 Start         Length     Name                   Class
 0001:00000000 00000080H .text$di                CODE
 0001:00000080 0001e908H .text$mn                CODE
 0001:0001e988 000000d8H .text$x                 CODE
 0001:0001ea60 00000042H .text$yd                CODE
 0002:00000000 000002fcH .idata$5                DATA
 0002:000002fc 00000008H .00cfg                  DATA
 0002:00000304 00000004H .CRT$XCA                DATA
 0002:00000308 00000004H .CRT$XCL                DATA
 0002:0000030c 00000010H .CRT$XCU                DATA
 0002:0000031c 00000004H .CRT$XCZ                DATA
 0002:00000320 00000004H .CRT$XIA                DATA
 0002:00000324 00000010H .CRT$XIC                DATA
 0002:00000334 00000004H .CRT$XIZ                DATA
 0002:00000338 00000004H .CRT$XLA                DATA
 0002:0000033c 00000004H .CRT$XLZ                DATA
 0002:00000340 00000004H .CRT$XPA                DATA
 0002:00000344 00000008H .CRT$XPX                DATA
 0002:0000034c 00000004H .CRT$XPXA               DATA
 0002:00000350 00000004H .CRT$XPZ                DATA
 0002:00000354 00000004H .CRT$XTA                DATA
 0002:00000358 00000008H .CRT$XTZ                DATA
 0002:0000035c 00000000H .gfids$y                DATA
 0002:00000360 00006de0H .rdata                  DATA
 0002:00007140 00000000H .rdata$CastGuardVftablesA DATA
 0002:00007140 00000000H .rdata$CastGuardVftablesC DATA
 0002:00007140 00000018H .rdata$T                DATA
 0002:00007158 00000178H .rdata$r                DATA
 0002:000072d0 0000002cH .rdata$sxdata           DATA
 0002:000072fc 00000030H .rdata$voltmd           DATA
 0002:0000732c 00000408H .rdata$zzzdbg           DATA
 0002:00007734 00000004H .rtc$IAA                DATA
 0002:00007738 00000004H .rtc$IZZ                DATA
 0002:0000773c 00000004H .rtc$TAA                DATA
 0002:00007740 00000004H .rtc$TZZ                DATA
 0002:00007744 00000004H .tls                    DATA
 0002:00007748 00000004H .tls$                   DATA
 0002:0000774c 00000004H .tls$ZZZ                DATA
 0002:00007750 000006dcH .xdata$x                DATA
 0002:00007e2c 00000004H ATL$__a                 DATA
 0002:00007e30 00000010H ATL$__z                 DATA
 0002:00007e40 000000acH .edata                  DATA
 0002:00007eec 00000078H .idata$2                DATA
 0002:00007f64 00000014H .idata$3                DATA
 0002:00007f78 000002fcH .idata$4                DATA
 0002:00008274 00000bceH .idata$6                DATA
 0003:00000000 00000aa0H .data                   DATA
 0003:00000aa0 00000080H .data$r                 DATA
 0003:00000b20 00000018H .data$rs                DATA
 0003:00000b38 00000b80H .bss                    DATA
 0004:00000000 00000220H .rsrc$01                DATA
 0004:00000220 000043d0H .rsrc$02                DATA

  Address         Publics by Value              Rva+Base       Lib:Object

 0000:00000000       ___guard_fids_count        00000000     <absolute>
 0000:00000000       ___guard_eh_cont_table     00000000     <absolute>
 0000:00000000       ___guard_longjmp_table     00000000     <absolute>
 0000:00000000       ___arm64x_extra_rfe_table  00000000     <absolute>
 0000:00000000       ___arm64x_redirection_metadata 00000000     <absolute>
 0000:00000000       ___guard_iat_count         00000000     <absolute>
 0000:00000000       ___guard_eh_cont_count     00000000     <absolute>
 0000:00000000       __except_list              00000000     <absolute>
 0000:00000000       ___x64_code_ranges_to_entry_points_count 00000000     <absolute>
 0000:00000000       ___hybrid_code_map_count   00000000     <absolute>
 0000:00000000       ___x64_code_ranges_to_entry_points 00000000     <absolute>
 0000:00000000       ___guard_iat_table         00000000     <absolute>
 0000:00000000       ___arm64x_native_entrypoint 00000000     <absolute>
 0000:00000000       ___hybrid_code_map         00000000     <absolute>
 0000:00000000       ___arm64x_extra_rfe_table_size 00000000     <absolute>
 0000:00000000       ___guard_longjmp_count     00000000     <absolute>
 0000:00000000       ___guard_check_icall_a64n_fptr 00000000     <absolute>
 0000:00000000       ___arm64x_redirection_metadata_count 00000000     <absolute>
 0000:00000000       ___hybrid_auxiliary_iat    00000000     <absolute>
 0000:00000000       ___dynamic_value_reloc_table 00000000     <absolute>
 0000:00000000       ___AbsoluteZero            00000000     <absolute>
 0000:00000000       ___enclave_config          00000000     <absolute>
 0000:00000000       ___guard_fids_table        00000000     <absolute>
 0000:00000000       ___hybrid_auxiliary_iat_copy 00000000     <absolute>
 0000:0000000b       ___safe_se_handler_count   0000000b     <absolute>
 0000:0000002c       __tls_array                0000002c     <absolute>
 0000:00000100       ___guard_flags             00000100     <absolute>
 0000:00000000       ___ImageBase               10000000     <linker-defined>
 0001:00000080       ?DupWide@_CW@@AAEXXZ       10001080 f   CWString.obj
 0001:0000009c       ?cw_dup@@YGXPBDAAHAAPA_W1@Z 1000109c f   CWString.obj
 0001:00000124       ?cw_memcpy@@YGHPA_WPBDH@Z  10001124 f   CWString.obj
 0001:00000150       ?cw_strcpy@@YAHPA_WPBD@Z   10001150 f   CWString.obj
 0001:00000163       ?cw_strlen@@YAHPBD@Z       10001163 f   CWString.obj
 0001:0000017c       ??0CAtlComModule@ATL@@QAE@XZ 1000117c f i OposVariant.obj
 0001:000001c1       ??0CAtlWinModule@ATL@@QAE@XZ 100011c1 f i OposVariant.obj
 0001:000001f8       ??0OposDispParms@@QAE@PAVOposVariant@@H@Z 100011f8 f   OposVariant.obj
 0001:00000269       ??1OposDispParms@@QAE@XZ   10001269 f   OposVariant.obj
 0001:00000277       ??A?$CSimpleArray@GV?$CSimpleArrayEqualHelper@G@ATL@@@ATL@@QAEAAGH@Z 10001277 f i OposVariant.obj
 0001:0000029c       ??_Estringdispid@CComTypeInfoHolder@ATL@@QAEPAXI@Z 1000129c f i OposVariant.obj
 0001:00000308       ?AtlWinModuleInit@ATL@@YGJPAU_ATL_WIN_MODULE70@1@@Z 10001308 f i OposVariant.obj
 0001:0000032e       ?AtlWinModuleTerm@ATL@@YGJPAU_ATL_WIN_MODULE70@1@PAUHINSTANCE__@@@Z 1000132e f i OposVariant.obj
 0001:00000391       ?ChangeBSTR@OposVariant@@QAEXPAPA_WAAJ@Z 10001391 f   OposVariant.obj
 0001:000003d2       ?ChangeLONG@OposVariant@@QAEXPAJAAJ@Z 100013d2 f   OposVariant.obj
 0001:00000413       ?GetLONG@OposVariant@@QAEJXZ 10001413 f   OposVariant.obj
 0001:0000042e       ?Init@CComCriticalSection@ATL@@QAEJXZ 1000142e f i OposVariant.obj
 0001:00000456       ?RemoveAll@?$CSimpleArray@PAUHINSTANCE__@@V?$CSimpleArrayEqualHelper@PAUHINSTANCE__@@@ATL@@@ATL@@QAEXXZ 10001456 f i atls:atlbase.obj
 0001:00000456       ?RemoveAll@?$CSimpleArray@GV?$CSimpleArrayEqualHelper@G@ATL@@@ATL@@QAEXXZ 10001456 f i OposVariant.obj
 0001:00000473       ?SetBSTR@OposVariant@@QAEXPA_WAAJ@Z 10001473 f   OposVariant.obj
 0001:000004a7       ?SetBSTR_Copy@OposVariant@@QAEXPA_WAAJ@Z 100014a7 f   OposVariant.obj
 0001:000004f7       ?SetBSTR_InOutPtr@OposVariant@@QAE_NPAPA_WAAJ@Z 100014f7 f   OposVariant.obj
 0001:0000052e       ?SetDispatch_Ptr@OposVariant@@QAEXPAUIDispatch@@AAJ@Z 1000152e f   OposVariant.obj
 0001:00000569       ?SetLONG@OposVariant@@QAEXJ@Z 10001569 f   OposVariant.obj
 0001:0000058b       ?SetLONG_Ptr@OposVariant@@QAEXPAJAAJ@Z 1000158b f   OposVariant.obj
 0001:000005be       ?SetString@OposVariant@@QAEXPB_WAAJ@Z 100015be f   OposVariant.obj
 0001:00000604       ?SetVARIANT_BOOL@OposVariant@@QAEXF@Z 10001604 f   OposVariant.obj
 0001:0000062e       ?Term@CAtlComModule@ATL@@QAEXXZ 1000162e f i OposVariant.obj
 0001:00000678       ?_AtlRaiseException@ATL@@YAXKK@Z 10001678 f i OposVariant.obj
 0001:0000068d       ?OnDrawAdvanced@CComControlBase@ATL@@UAEJAAUATL_DRAWINFO@@@Z 1000168d f i POSPower.obj
 0001:00000780       ?Next@?$CComEnumImpl@UIEnumConnections@@$1?_GUID_b196b287_bab4_101a_b69c_00aa00341d07@@3U__s_GUID@@BUtagCONNECTDATA@@V?$_Copy@UtagCONNECTDATA@@@ATL@@@ATL@@UAGJKPAUtagCONNECTDATA@@PAK@Z 10001780 f i POSPower.obj
 0001:0000084f       ?Skip@?$CComEnumImpl@UIEnumConnections@@$1?_GUID_b196b287_bab4_101a_b69c_00aa00341d07@@3U__s_GUID@@BUtagCONNECTDATA@@V?$_Copy@UtagCONNECTDATA@@@ATL@@@ATL@@UAGJK@Z 1000184f f i POSPower.obj
 0001:0000087c       ?Reset@?$CComEnumImpl@UIEnumConnectionPoints@@$1?_GUID_b196b285_bab4_101a_b69c_00aa00341d07@@3U__s_GUID@@BPAUIConnectionPoint@@V?$_CopyInterface@UIConnectionPoint@@@ATL@@@ATL@@UAGJXZ 1000187c f i POSPower.obj
 0001:0000087c       ?Reset@?$CComEnumImpl@UIEnumConnections@@$1?_GUID_b196b287_bab4_101a_b69c_00aa00341d07@@3U__s_GUID@@BUtagCONNECTDATA@@V?$_Copy@UtagCONNECTDATA@@@ATL@@@ATL@@UAGJXZ 1000187c f i POSPower.obj
 0001:0000088e       ?Clone@?$CComEnumImpl@UIEnumConnections@@$1?_GUID_b196b287_bab4_101a_b69c_00aa00341d07@@3U__s_GUID@@BUtagCONNECTDATA@@V?$_Copy@UtagCONNECTDATA@@@ATL@@@ATL@@UAGJPAPAUIEnumConnections@@@Z 1000188e f i POSPower.obj
 0001:0000096f       ?AddRef@?$CComObject@V?$CComEnum@UIEnumConnectionPoints@@$1?_GUID_b196b285_bab4_101a_b69c_00aa00341d07@@3U__s_GUID@@BPAUIConnectionPoint@@V?$_CopyInterface@UIConnectionPoint@@@ATL@@VCComSingleThreadModel@6@@ATL@@@ATL@@UAGKXZ 1000196f f i POSPower.obj
 0001:0000096f       ?AddRef@?$CComObject@V?$CComEnum@UIEnumConnections@@$1?_GUID_b196b287_bab4_101a_b69c_00aa00341d07@@3U__s_GUID@@BUtagCONNECTDATA@@V?$_Copy@UtagCONNECTDATA@@@ATL@@VCComSingleThreadModel@6@@ATL@@@ATL@@UAGKXZ 1000196f f i POSPower.obj
 0001:00000980       ?Release@?$CComObject@V?$CComEnum@UIEnumConnectionPoints@@$1?_GUID_b196b285_bab4_101a_b69c_00aa00341d07@@3U__s_GUID@@BPAUIConnectionPoint@@V?$_CopyInterface@UIConnectionPoint@@@ATL@@VCComSingleThreadModel@6@@ATL@@@ATL@@UAGKXZ 10001980 f i POSPower.obj
 0001:00000980       ?Release@?$CComObject@V?$CComEnum@UIEnumConnections@@$1?_GUID_b196b287_bab4_101a_b69c_00aa00341d07@@3U__s_GUID@@BUtagCONNECTDATA@@V?$_Copy@UtagCONNECTDATA@@@ATL@@VCComSingleThreadModel@6@@ATL@@@ATL@@UAGKXZ 10001980 f i POSPower.obj
 0001:000009bc       ?QueryInterface@?$CComObject@V?$CComEnum@UIEnumConnections@@$1?_GUID_b196b287_bab4_101a_b69c_00aa00341d07@@3U__s_GUID@@BUtagCONNECTDATA@@V?$_Copy@UtagCONNECTDATA@@@ATL@@VCComSingleThreadModel@6@@ATL@@@ATL@@UAGJABU_GUID@@PAPAX@Z 100019bc f i POSPower.obj
 0001:000009d6       ??_E?$CComObject@V?$CComEnum@UIEnumConnections@@$1?_GUID_b196b287_bab4_101a_b69c_00aa00341d07@@3U__s_GUID@@BUtagCONNECTDATA@@V?$_Copy@UtagCONNECTDATA@@@ATL@@VCComSingleThreadModel@6@@ATL@@@ATL@@UAEPAXI@Z 100019d6 f i POSPower.obj
 0001:000009d6       ??_G?$CComObject@V?$CComEnum@UIEnumConnections@@$1?_GUID_b196b287_bab4_101a_b69c_00aa00341d07@@3U__s_GUID@@BUtagCONNECTDATA@@V?$_Copy@UtagCONNECTDATA@@@ATL@@VCComSingleThreadModel@6@@ATL@@@ATL@@UAEPAXI@Z 100019d6 f i POSPower.obj
 0001:000009f8       ?OnFinalMessage@?$CWindowImplBaseT@VCWindow@ATL@@V?$CWinTraits@$0FGAAAAAA@$0A@@2@@ATL@@UAEXPAUHWND__@@@Z 100019f8 f i POSPower.obj
 0001:000009f8       ?ObjectMain@CComObjectRootBase@ATL@@SGX_N@Z 100019f8 f i POSPower.obj
 0001:000009fb       ?GetObjectDescription@?$CComCoClass@VCOPOSPOSPower@@$1?CLSID_OPOSPOSPower@@3U_GUID@@B@ATL@@SGPB_WXZ 100019fb f i POSPower.obj
 0001:000009fb       ?GetCategoryMap@CComObjectRootBase@ATL@@SAPBU_ATL_CATMAP_ENTRY@2@XZ 100019fb f i POSPower.obj
 0001:000009fe       ?CreateInstance@CComClassFactory@ATL@@UAGJPAUIUnknown@@ABU_GUID@@PAPAX@Z 100019fe f i POSPower.obj
 0001:00000a3c       ?LockServer@CComClassFactory@ATL@@UAGJH@Z 10001a3c f i POSPower.obj
 0001:00000a5b       ??_ECComClassFactory@ATL@@UAEPAXI@Z 10001a5b f i POSPower.obj
 0001:00000a5b       ??_GCComClassFactory@ATL@@UAEPAXI@Z 10001a5b f i POSPower.obj
 0001:00000a86       ??_E?$CComObject@VCOPOSPOSPower@@@ATL@@W3AEPAXI@Z 10001a86 f i POSPower.obj
 0001:00000a8e       ??_E?$CComObject@VCOPOSPOSPower@@@ATL@@WEM@AEPAXI@Z 10001a8e f i POSPower.obj
 0001:00000a96       ?QueryInterface@?$CComObject@VCOPOSPOSPower@@@ATL@@WHA@AGJABU_GUID@@PAPAX@Z 10001a96 f i POSPower.obj
 0001:00000aa0       ?AddRef@?$CComObject@VCOPOSPOSPower@@@ATL@@WHA@AGKXZ 10001aa0 f i POSPower.obj
 0001:00000aaa       ?Release@?$CComObject@VCOPOSPOSPower@@@ATL@@WHA@AGKXZ 10001aaa f i POSPower.obj
 0001:00000ab4       ?QueryInterface@?$CComObject@VCOPOSPOSPower@@@ATL@@WHE@AGJABU_GUID@@PAPAX@Z 10001ab4 f i POSPower.obj
 0001:00000abe       ?AddRef@?$CComObject@VCOPOSPOSPower@@@ATL@@WHE@AGKXZ 10001abe f i POSPower.obj
 0001:00000ac8       ?Release@?$CComObject@VCOPOSPOSPower@@@ATL@@WHE@AGKXZ 10001ac8 f i POSPower.obj
 0001:00000ad2       ?QueryInterface@?$CComObject@VCOPOSPOSPower@@@ATL@@WHI@AGJABU_GUID@@PAPAX@Z 10001ad2 f i POSPower.obj
 0001:00000adc       ?AddRef@?$CComObject@VCOPOSPOSPower@@@ATL@@WHI@AGKXZ 10001adc f i POSPower.obj
 0001:00000ae6       ?Release@?$CComObject@VCOPOSPOSPower@@@ATL@@WHI@AGKXZ 10001ae6 f i POSPower.obj
 0001:00000af0       ?QueryInterface@?$CComObject@VCOPOSPOSPower@@@ATL@@WHM@AGJABU_GUID@@PAPAX@Z 10001af0 f i POSPower.obj
 0001:00000afa       ?AddRef@?$CComObject@VCOPOSPOSPower@@@ATL@@WHM@AGKXZ 10001afa f i POSPower.obj
 0001:00000b04       ?Release@?$CComObject@VCOPOSPOSPower@@@ATL@@WHM@AGKXZ 10001b04 f i POSPower.obj
 0001:00000b0e       ?QueryInterface@?$CComObject@VCOPOSPOSPower@@@ATL@@WIA@AGJABU_GUID@@PAPAX@Z 10001b0e f i POSPower.obj
 0001:00000b1b       ?AddRef@?$CComObject@VCOPOSPOSPower@@@ATL@@WIA@AGKXZ 10001b1b f i POSPower.obj
 0001:00000b28       ?Release@?$CComObject@VCOPOSPOSPower@@@ATL@@WIA@AGKXZ 10001b28 f i POSPower.obj
 0001:00000b35       ?QueryInterface@?$CComObject@VCOPOSPOSPower@@@ATL@@WIE@AGJABU_GUID@@PAPAX@Z 10001b35 f i POSPower.obj
 0001:00000b42       ?AddRef@?$CComObject@VCOPOSPOSPower@@@ATL@@WIE@AGKXZ 10001b42 f i POSPower.obj
 0001:00000b4f       ?Release@?$CComObject@VCOPOSPOSPower@@@ATL@@WIE@AGKXZ 10001b4f f i POSPower.obj
 0001:00000b5c       ?QueryInterface@?$CComObject@VCOPOSPOSPower@@@ATL@@WII@AGJABU_GUID@@PAPAX@Z 10001b5c f i POSPower.obj
 0001:00000b69       ?AddRef@?$CComObject@VCOPOSPOSPower@@@ATL@@WII@AGKXZ 10001b69 f i POSPower.obj
 0001:00000b76       ?Release@?$CComObject@VCOPOSPOSPower@@@ATL@@WII@AGKXZ 10001b76 f i POSPower.obj
 0001:00000b83       ?QueryInterface@?$CComObject@VCOPOSPOSPower@@@ATL@@WIM@AGJABU_GUID@@PAPAX@Z 10001b83 f i POSPower.obj
 0001:00000b90       ?AddRef@?$CComObject@VCOPOSPOSPower@@@ATL@@WIM@AGKXZ 10001b90 f i POSPower.obj
 0001:00000b9d       ?Release@?$CComObject@VCOPOSPOSPower@@@ATL@@WIM@AGKXZ 10001b9d f i POSPower.obj
 0001:00000baa       ?QueryInterface@?$CComObject@VCOPOSPOSPower@@@ATL@@WJA@AGJABU_GUID@@PAPAX@Z 10001baa f i POSPower.obj
 0001:00000bb7       ?AddRef@?$CComObject@VCOPOSPOSPower@@@ATL@@WJA@AGKXZ 10001bb7 f i POSPower.obj
 0001:00000bc4       ?Release@?$CComObject@VCOPOSPOSPower@@@ATL@@WJA@AGKXZ 10001bc4 f i POSPower.obj
 0001:00000bd1       ?QueryInterface@?$CComObject@VCOPOSPOSPower@@@ATL@@WJE@AGJABU_GUID@@PAPAX@Z 10001bd1 f i POSPower.obj
 0001:00000bde       ?AddRef@?$CComObject@VCOPOSPOSPower@@@ATL@@WJE@AGKXZ 10001bde f i POSPower.obj
 0001:00000beb       ?Release@?$CComObject@VCOPOSPOSPower@@@ATL@@WJE@AGKXZ 10001beb f i POSPower.obj
 0001:00000bf8       ?QueryInterface@?$CComObject@VCOPOSPOSPower@@@ATL@@WJI@AGJABU_GUID@@PAPAX@Z 10001bf8 f i POSPower.obj
 0001:00000c05       ?AddRef@?$CComObject@VCOPOSPOSPower@@@ATL@@WJI@AGKXZ 10001c05 f i POSPower.obj
 0001:00000c12       ?Release@?$CComObject@VCOPOSPOSPower@@@ATL@@WJI@AGKXZ 10001c12 f i POSPower.obj
 0001:00000c1f       ?QueryInterface@?$CComObject@VCOPOSPOSPower@@@ATL@@WJM@AGJABU_GUID@@PAPAX@Z 10001c1f f i POSPower.obj
 0001:00000c2c       ?AddRef@?$CComObject@VCOPOSPOSPower@@@ATL@@WJM@AGKXZ 10001c2c f i POSPower.obj
 0001:00000c39       ?Release@?$CComObject@VCOPOSPOSPower@@@ATL@@WJM@AGKXZ 10001c39 f i POSPower.obj
 0001:00000c46       ?QueryInterface@?$CComObject@VCOPOSPOSPower@@@ATL@@WKA@AGJABU_GUID@@PAPAX@Z 10001c46 f i POSPower.obj
 0001:00000c53       ?AddRef@?$CComObject@VCOPOSPOSPower@@@ATL@@WKA@AGKXZ 10001c53 f i POSPower.obj
 0001:00000c60       ?Release@?$CComObject@VCOPOSPOSPower@@@ATL@@WKA@AGKXZ 10001c60 f i POSPower.obj
 0001:00000c6d       ?AddRef@?$CComObject@VCOPOSPOSPower@@@ATL@@WKI@AGKXZ 10001c6d f i POSPower.obj
 0001:00000c7a       ?Release@?$CComObject@VCOPOSPOSPower@@@ATL@@WKI@AGKXZ 10001c7a f i POSPower.obj
 0001:00000c87       ?AddRef@?$CComObject@VCOPOSPOSPower@@@ATL@@WLE@AGKXZ 10001c87 f i POSPower.obj
 0001:00000c94       ?Release@?$CComObject@VCOPOSPOSPower@@@ATL@@WLE@AGKXZ 10001c94 f i POSPower.obj
 0001:00000ca1       ??_E?$CComContainedObject@VCOPOSPOSPower@@@ATL@@W3AEPAXI@Z 10001ca1 f i POSPower.obj
 0001:00000ca9       ??_E?$CComContainedObject@VCOPOSPOSPower@@@ATL@@WEM@AEPAXI@Z 10001ca9 f i POSPower.obj
 0001:00000cb1       ?QueryInterface@?$CComContainedObject@VCOPOSPOSPower@@@ATL@@WHA@AGJABU_GUID@@PAPAX@Z 10001cb1 f i POSPower.obj
 0001:00000cbb       ?AddRef@?$CComContainedObject@VCOPOSPOSPower@@@ATL@@WHA@AGKXZ 10001cbb f i POSPower.obj
 0001:00000cc5       ?Release@?$CComContainedObject@VCOPOSPOSPower@@@ATL@@WHA@AGKXZ 10001cc5 f i POSPower.obj
 0001:00000ccf       ?QueryInterface@?$CComContainedObject@VCOPOSPOSPower@@@ATL@@WHE@AGJABU_GUID@@PAPAX@Z 10001ccf f i POSPower.obj
 0001:00000cd9       ?AddRef@?$CComContainedObject@VCOPOSPOSPower@@@ATL@@WHE@AGKXZ 10001cd9 f i POSPower.obj
 0001:00000ce3       ?Release@?$CComContainedObject@VCOPOSPOSPower@@@ATL@@WHE@AGKXZ 10001ce3 f i POSPower.obj
 0001:00000ced       ?QueryInterface@?$CComContainedObject@VCOPOSPOSPower@@@ATL@@WHI@AGJABU_GUID@@PAPAX@Z 10001ced f i POSPower.obj
 0001:00000cf7       ?AddRef@?$CComContainedObject@VCOPOSPOSPower@@@ATL@@WHI@AGKXZ 10001cf7 f i POSPower.obj
 0001:00000d01       ?Release@?$CComContainedObject@VCOPOSPOSPower@@@ATL@@WHI@AGKXZ 10001d01 f i POSPower.obj
 0001:00000d0b       ?QueryInterface@?$CComContainedObject@VCOPOSPOSPower@@@ATL@@WHM@AGJABU_GUID@@PAPAX@Z 10001d0b f i POSPower.obj
 0001:00000d15       ?AddRef@?$CComContainedObject@VCOPOSPOSPower@@@ATL@@WHM@AGKXZ 10001d15 f i POSPower.obj
 0001:00000d1f       ?Release@?$CComContainedObject@VCOPOSPOSPower@@@ATL@@WHM@AGKXZ 10001d1f f i POSPower.obj
 0001:00000d29       ?QueryInterface@?$CComContainedObject@VCOPOSPOSPower@@@ATL@@WIA@AGJABU_GUID@@PAPAX@Z 10001d29 f i POSPower.obj
 0001:00000d36       ?AddRef@?$CComContainedObject@VCOPOSPOSPower@@@ATL@@WIA@AGKXZ 10001d36 f i POSPower.obj
 0001:00000d43       ?Release@?$CComContainedObject@VCOPOSPOSPower@@@ATL@@WIA@AGKXZ 10001d43 f i POSPower.obj
 0001:00000d50       ?QueryInterface@?$CComContainedObject@VCOPOSPOSPower@@@ATL@@WIE@AGJABU_GUID@@PAPAX@Z 10001d50 f i POSPower.obj
 0001:00000d5d       ?AddRef@?$CComContainedObject@VCOPOSPOSPower@@@ATL@@WIE@AGKXZ 10001d5d f i POSPower.obj
 0001:00000d6a       ?Release@?$CComContainedObject@VCOPOSPOSPower@@@ATL@@WIE@AGKXZ 10001d6a f i POSPower.obj
 0001:00000d77       ?QueryInterface@?$CComContainedObject@VCOPOSPOSPower@@@ATL@@WII@AGJABU_GUID@@PAPAX@Z 10001d77 f i POSPower.obj
 0001:00000d84       ?AddRef@?$CComContainedObject@VCOPOSPOSPower@@@ATL@@WII@AGKXZ 10001d84 f i POSPower.obj
 0001:00000d91       ?Release@?$CComContainedObject@VCOPOSPOSPower@@@ATL@@WII@AGKXZ 10001d91 f i POSPower.obj
 0001:00000d9e       ?QueryInterface@?$CComContainedObject@VCOPOSPOSPower@@@ATL@@WIM@AGJABU_GUID@@PAPAX@Z 10001d9e f i POSPower.obj
 0001:00000dab       ?AddRef@?$CComContainedObject@VCOPOSPOSPower@@@ATL@@WIM@AGKXZ 10001dab f i POSPower.obj
 0001:00000db8       ?Release@?$CComContainedObject@VCOPOSPOSPower@@@ATL@@WIM@AGKXZ 10001db8 f i POSPower.obj
 0001:00000dc5       ?QueryInterface@?$CComContainedObject@VCOPOSPOSPower@@@ATL@@WJA@AGJABU_GUID@@PAPAX@Z 10001dc5 f i POSPower.obj
 0001:00000dd2       ?AddRef@?$CComContainedObject@VCOPOSPOSPower@@@ATL@@WJA@AGKXZ 10001dd2 f i POSPower.obj
 0001:00000ddf       ?Release@?$CComContainedObject@VCOPOSPOSPower@@@ATL@@WJA@AGKXZ 10001ddf f i POSPower.obj
 0001:00000dec       ?QueryInterface@?$CComContainedObject@VCOPOSPOSPower@@@ATL@@WJE@AGJABU_GUID@@PAPAX@Z 10001dec f i POSPower.obj
 0001:00000df9       ?AddRef@?$CComContainedObject@VCOPOSPOSPower@@@ATL@@WJE@AGKXZ 10001df9 f i POSPower.obj
 0001:00000e06       ?Release@?$CComContainedObject@VCOPOSPOSPower@@@ATL@@WJE@AGKXZ 10001e06 f i POSPower.obj
 0001:00000e13       ?QueryInterface@?$CComContainedObject@VCOPOSPOSPower@@@ATL@@WJI@AGJABU_GUID@@PAPAX@Z 10001e13 f i POSPower.obj
 0001:00000e20       ?AddRef@?$CComContainedObject@VCOPOSPOSPower@@@ATL@@WJI@AGKXZ 10001e20 f i POSPower.obj
 0001:00000e2d       ?Release@?$CComContainedObject@VCOPOSPOSPower@@@ATL@@WJI@AGKXZ 10001e2d f i POSPower.obj
 0001:00000e3a       ?QueryInterface@?$CComContainedObject@VCOPOSPOSPower@@@ATL@@WJM@AGJABU_GUID@@PAPAX@Z 10001e3a f i POSPower.obj
 0001:00000e47       ?AddRef@?$CComContainedObject@VCOPOSPOSPower@@@ATL@@WJM@AGKXZ 10001e47 f i POSPower.obj
 0001:00000e54       ?Release@?$CComContainedObject@VCOPOSPOSPower@@@ATL@@WJM@AGKXZ 10001e54 f i POSPower.obj
 0001:00000e61       ?QueryInterface@?$CComContainedObject@VCOPOSPOSPower@@@ATL@@WKA@AGJABU_GUID@@PAPAX@Z 10001e61 f i POSPower.obj
 0001:00000e6e       ?AddRef@?$CComContainedObject@VCOPOSPOSPower@@@ATL@@WKA@AGKXZ 10001e6e f i POSPower.obj
 0001:00000e7b       ?Release@?$CComContainedObject@VCOPOSPOSPower@@@ATL@@WKA@AGKXZ 10001e7b f i POSPower.obj
 0001:00000e88       ?AddRef@?$CComContainedObject@VCOPOSPOSPower@@@ATL@@WKI@AGKXZ 10001e88 f i POSPower.obj
 0001:00000e95       ?Release@?$CComContainedObject@VCOPOSPOSPower@@@ATL@@WKI@AGKXZ 10001e95 f i POSPower.obj
 0001:00000ea2       ?AddRef@?$CComContainedObject@VCOPOSPOSPower@@@ATL@@WLE@AGKXZ 10001ea2 f i POSPower.obj
 0001:00000eaf       ?Release@?$CComContainedObject@VCOPOSPOSPower@@@ATL@@WLE@AGKXZ 10001eaf f i POSPower.obj
 0001:00000ebc       ?GetWindowProc@?$CWindowImplBaseT@VCWindow@ATL@@V?$CWinTraits@$0FGAAAAAA@$0A@@2@@ATL@@UAEP6GJPAUHWND__@@IIJ@ZXZ 10001ebc f i POSPower.obj
 0001:00000ec2       ?StartWindowProc@?$CWindowImplBaseT@VCWindow@ATL@@V?$CWinTraits@$0FGAAAAAA@$0A@@2@@ATL@@SGJPAUHWND__@@IIJ@Z 10001ec2 f i POSPower.obj
 0001:00000f16       ?GetTypeInfoCount@?$IDispatchImpl@UIOPOSPOSPower@@$1?IID_IOPOSPOSPower@@3U_GUID@@B$1?LIBID_OposPOSPower_CCO@@3U3@B$00$0A@VCComTypeInfoHolder@ATL@@@ATL@@UAGJPAI@Z 10001f16 f i POSPower.obj
 0001:00000f33       ?GetTypeInfo@?$IDispatchImpl@UIOPOSPOSPower@@$1?IID_IOPOSPOSPower@@3U_GUID@@B$1?LIBID_OposPOSPower_CCO@@3U3@B$00$0A@VCComTypeInfoHolder@ATL@@@ATL@@UAGJIKPAPAUITypeInfo@@@Z 10001f33 f i POSPower.obj
 0001:00000f57       ?GetIDsOfNames@?$IDispatchImpl@UIOPOSPOSPower@@$1?IID_IOPOSPOSPower@@3U_GUID@@B$1?LIBID_OposPOSPower_CCO@@3U3@B$00$0A@VCComTypeInfoHolder@ATL@@@ATL@@UAGJABU_GUID@@PAPA_WIKPAJ@Z 10001f57 f i POSPower.obj
 0001:00000f77       ?Invoke@?$IDispatchImpl@UIOPOSPOSPower@@$1?IID_IOPOSPOSPower@@3U_GUID@@B$1?LIBID_OposPOSPower_CCO@@3U3@B$00$0A@VCComTypeInfoHolder@ATL@@@ATL@@UAGJJABU_GUID@@KGPAUtagDISPPARAMS@@PAUtagVARIANT@@PAUtagEXCEPINFO@@PAI@Z 10001f77 f i POSPower.obj
 0001:00000f85       ?CreateControlWindow@?$CComControl@VCOPOSPOSPower@@V?$CWindowImpl@VCOPOSPOSPower@@VCWindow@ATL@@V?$CWinTraits@$0FGAAAAAA@$0A@@3@@ATL@@@ATL@@UAEPAUHWND__@@PAU3@AAUtagRECT@@@Z 10001f85 f i POSPower.obj
 0001:00000fb4       ?ControlQueryInterface@?$CComControl@VCOPOSPOSPower@@V?$CWindowImpl@VCOPOSPOSPower@@VCWindow@ATL@@V?$CWinTraits@$0FGAAAAAA@$0A@@3@@ATL@@@ATL@@UAEJABU_GUID@@PAPAX@Z 10001fb4 f i POSPower.obj
 0001:00000fcf       ?GetClassID@?$IPersistStorageImpl@VCOPOSPOSPower@@@ATL@@UAGJPAU_GUID@@@Z 10001fcf f i POSPower.obj
 0001:00000fcf       ?GetClassID@?$IPersistStreamInitImpl@VCOPOSPOSPower@@@ATL@@UAGJPAU_GUID@@@Z 10001fcf f i POSPower.obj
 0001:00000fcf       ?GetUserClassID@?$IOleObjectImpl@VCOPOSPOSPower@@@ATL@@UAGJPAU_GUID@@@Z 10001fcf f i POSPower.obj
 0001:00000ff3       ?IsDirty@?$IPersistStreamInitImpl@VCOPOSPOSPower@@@ATL@@UAGJXZ 10001ff3 f i POSPower.obj
 0001:00001012       ?Load@?$IPersistStreamInitImpl@VCOPOSPOSPower@@@ATL@@UAGJPAUIStream@@@Z 10002012 f i POSPower.obj
 0001:00001031       ?Save@?$IPersistStreamInitImpl@VCOPOSPOSPower@@@ATL@@UAGJPAUIStream@@H@Z 10002031 f i POSPower.obj
 0001:00001053       ?GetSizeMax@?$IPersistStreamInitImpl@VCOPOSPOSPower@@@ATL@@UAGJPAT_ULARGE_INTEGER@@@Z 10002053 f i POSPower.obj
 0001:00001232       ?InitNew@?$IPersistStreamInitImpl@VCOPOSPOSPower@@@ATL@@UAGJXZ 10002232 f i POSPower.obj
 0001:0000124f       ?SetColorScheme@?$IOleObjectImpl@VCOPOSPOSPower@@@ATL@@UAGJPAUtagLOGPALETTE@@@Z 1000224f f i POSPower.obj
 0001:0000124f       ?OnMnemonic@?$IOleControlImpl@VCOPOSPOSPower@@@ATL@@UAGJPAUtagMSG@@@Z 1000224f f i POSPower.obj
 0001:0000124f       ?SODataDummy@COPOSPOSPower@@MAGJJ@Z 1000224f f i POSPower.obj
 0001:0000124f       ?SOOutputCompleteDummy@COPOSPOSPower@@MAGJJ@Z 1000224f f i POSPower.obj
 0001:0000124f       ?Unfreeze@?$IViewObjectExImpl@VCOPOSPOSPower@@@ATL@@UAGJK@Z 1000224f f i POSPower.obj
 0001:0000124f       ?ContextSensitiveHelp@?$IOleInPlaceActiveObjectImpl@VCOPOSPOSPower@@@ATL@@UAGJH@Z 1000224f f i POSPower.obj
 0001:0000124f       ?GetControlInfo@?$IOleControlImpl@VCOPOSPOSPower@@@ATL@@UAGJPAUtagCONTROLINFO@@@Z 1000224f f i POSPower.obj
 0001:0000124f       ?ContextSensitiveHelp@?$IOleInPlaceObjectWindowlessImpl@VCOPOSPOSPower@@@ATL@@UAGJH@Z 1000224f f i POSPower.obj
 0001:0000124f       ?QueryGetData@?$IDataObjectImpl@VCOPOSPOSPower@@@ATL@@UAGJPAUtagFORMATETC@@@Z 1000224f f i POSPower.obj
 0001:0000124f       ?GetDropTarget@?$IOleInPlaceObjectWindowlessImpl@VCOPOSPOSPower@@@ATL@@UAGJPAPAUIDropTarget@@@Z 1000224f f i POSPower.obj
 0001:00001257       ?OnAmbientPropertyChange@?$IOleControlImpl@VCOPOSPOSPower@@@ATL@@UAGJJ@Z 10002257 f i POSPower.obj
 0001:00001257       ?SaveCompleted@?$IPersistStorageImpl@VCOPOSPOSPower@@@ATL@@UAGJPAUIStorage@@@Z 10002257 f i POSPower.obj
 0001:00001257       ?OnFrameWindowActivate@?$IOleInPlaceActiveObjectImpl@VCOPOSPOSPower@@@ATL@@UAGJH@Z 10002257 f i POSPower.obj
 0001:00001257       ?EnableModeless@?$IOleInPlaceActiveObjectImpl@VCOPOSPOSPower@@@ATL@@UAGJH@Z 10002257 f i POSPower.obj
 0001:0000125c       ?SetClientSite@?$IOleObjectImpl@VCOPOSPOSPower@@@ATL@@UAGJPAUIOleClientSite@@@Z 1000225c f i POSPower.obj
 0001:00001279       ?GetClientSite@?$IOleObjectImpl@VCOPOSPOSPower@@@ATL@@UAGJPAPAUIOleClientSite@@@Z 10002279 f i POSPower.obj
 0001:00001296       ?SetHostNames@?$IOleObjectImpl@VCOPOSPOSPower@@@ATL@@UAGJPB_W0@Z 10002296 f i POSPower.obj
 0001:0000129b       ?Close@?$IOleObjectImpl@VCOPOSPOSPower@@@ATL@@UAGJK@Z 1000229b f i POSPower.obj
 0001:000012b8       ?GetRect@?$IViewObjectExImpl@VCOPOSPOSPower@@@ATL@@UAGJKPAU_RECTL@@@Z 100022b8 f i POSPower.obj
 0001:000012b8       ?GetClipboardData@?$IOleObjectImpl@VCOPOSPOSPower@@@ATL@@UAGJKPAPAUIDataObject@@@Z 100022b8 f i POSPower.obj
 0001:000012b8       ?EnumFormatEtc@?$IDataObjectImpl@VCOPOSPOSPower@@@ATL@@UAGJKPAPAUIEnumFORMATETC@@@Z 100022b8 f i POSPower.obj
 0001:000012b8       ?SetMoniker@?$IOleObjectImpl@VCOPOSPOSPower@@@ATL@@UAGJKPAUIMoniker@@@Z 100022b8 f i POSPower.obj
 0001:000012b8       ?GetCanonicalFormatEtc@?$IDataObjectImpl@VCOPOSPOSPower@@@ATL@@UAGJPAUtagFORMATETC@@0@Z 100022b8 f i POSPower.obj
 0001:000012b8       ?QueryInterface@CRegObject@ATL@@UAGJABU_GUID@@PAPAX@Z 100022b8 f i POSPower.obj
 0001:000012b8       ?GetDataHere@?$IDataObjectImpl@VCOPOSPOSPower@@@ATL@@UAGJPAUtagFORMATETC@@PAUtagSTGMEDIUM@@@Z 100022b8 f i POSPower.obj
 0001:000012c0       ?SetData@?$IDataObjectImpl@VCOPOSPOSPower@@@ATL@@UAGJPAUtagFORMATETC@@PAUtagSTGMEDIUM@@H@Z 100022c0 f i POSPower.obj
 0001:000012c0       ?InitFromData@?$IOleObjectImpl@VCOPOSPOSPower@@@ATL@@UAGJPAUIDataObject@@HK@Z 100022c0 f i POSPower.obj
 0001:000012c0       ?GetMoniker@?$IOleObjectImpl@VCOPOSPOSPower@@@ATL@@UAGJKKPAPAUIMoniker@@@Z 100022c0 f i POSPower.obj
 0001:000012c8       ?DoVerb@?$IOleObjectImpl@VCOPOSPOSPower@@@ATL@@UAGJJPAUtagMSG@@PAUIOleClientSite@@JPAUHWND__@@PBUtagRECT@@@Z 100022c8 f i POSPower.obj
 0001:000013bc       ?EnumVerbs@?$IOleObjectImpl@VCOPOSPOSPower@@@ATL@@UAGJPAPAUIEnumOLEVERB@@@Z 100023bc f i POSPower.obj
 0001:000013de       ?Update@?$IOleObjectImpl@VCOPOSPOSPower@@@ATL@@UAGJXZ 100023de f i POSPower.obj
 0001:000013de       ?IsUpToDate@?$IOleObjectImpl@VCOPOSPOSPower@@@ATL@@UAGJXZ 100023de f i POSPower.obj
 0001:000013de       ?Release@CRegObject@ATL@@UAGKXZ 100023de f i POSPower.obj
 0001:000013de       ?HandsOffStorage@?$IPersistStorageImpl@VCOPOSPOSPower@@@ATL@@UAGJXZ 100023de f i POSPower.obj
 0001:000013e3       ?GetUserType@?$IOleObjectImpl@VCOPOSPOSPower@@@ATL@@UAGJKPAPA_W@Z 100023e3 f i POSPower.obj
 0001:000013fb       ?SetExtent@?$IOleObjectImpl@VCOPOSPOSPower@@@ATL@@UAGJKPAUtagSIZE@@@Z 100023fb f i POSPower.obj
 0001:0000141b       ?GetExtent@?$IOleObjectImpl@VCOPOSPOSPower@@@ATL@@UAGJKPAUtagSIZE@@@Z 1000241b f i POSPower.obj
 0001:00001459       ?Advise@?$IOleObjectImpl@VCOPOSPOSPower@@@ATL@@UAGJPAUIAdviseSink@@PAK@Z 10002459 f i POSPower.obj
 0001:00001479       ?Unadvise@?$IOleObjectImpl@VCOPOSPOSPower@@@ATL@@UAGJK@Z 10002479 f i POSPower.obj
 0001:000014a8       ?EnumAdvise@?$IOleObjectImpl@VCOPOSPOSPower@@@ATL@@UAGJPAPAUIEnumSTATDATA@@@Z 100024a8 f i POSPower.obj
 0001:000014e8       ?GetMiscStatus@?$IOleObjectImpl@VCOPOSPOSPower@@@ATL@@UAGJKPAK@Z 100024e8 f i POSPower.obj
 0001:00001500       ?GetWindow@?$IOleInPlaceActiveObjectImpl@VCOPOSPOSPower@@@ATL@@UAGJPAPAUHWND__@@@Z 10002500 f i POSPower.obj
 0001:0000154d       ?TranslateAcceleratorW@?$IOleInPlaceActiveObjectImpl@VCOPOSPOSPower@@@ATL@@UAGJPAUtagMSG@@@Z 1000254d f i POSPower.obj
 0001:000015fb       ?OnDocWindowActivate@?$IOleInPlaceActiveObjectImpl@VCOPOSPOSPower@@@ATL@@UAGJH@Z 100025fb f i POSPower.obj
 0001:0000161d       ?ResizeBorder@?$IOleInPlaceActiveObjectImpl@VCOPOSPOSPower@@@ATL@@UAGJPBUtagRECT@@PAUIOleInPlaceUIWindow@@H@Z 1000261d f i POSPower.obj
 0001:00001622       ?Draw@?$IViewObjectExImpl@VCOPOSPOSPower@@@ATL@@UAGJKJPAXPAUtagDVTARGETDEVICE@@PAUHDC__@@2PBU_RECTL@@3P6GHK@ZK@Z 10002622 f i POSPower.obj
 0001:00001654       ?GetColorSet@?$IViewObjectExImpl@VCOPOSPOSPower@@@ATL@@UAGJKJPAXPAUtagDVTARGETDEVICE@@PAUHDC__@@PAPAUtagLOGPALETTE@@@Z 10002654 f i POSPower.obj
 0001:0000165c       ?Freeze@?$IViewObjectExImpl@VCOPOSPOSPower@@@ATL@@UAGJKJPAXPAK@Z 1000265c f i POSPower.obj
 0001:0000165c       ?SOErrorDummy@COPOSPOSPower@@MAGJJJJPAJ@Z 1000265c f i POSPower.obj
 0001:00001664       ?SetAdvise@?$IViewObjectExImpl@VCOPOSPOSPower@@@ATL@@UAGJKKPAUIAdviseSink@@@Z 10002664 f i POSPower.obj
 0001:00001683       ?GetAdvise@?$IViewObjectExImpl@VCOPOSPOSPower@@@ATL@@UAGJPAK0PAPAUIAdviseSink@@@Z 10002683 f i POSPower.obj
 0001:000016b8       ?GetExtent@?$IViewObjectExImpl@VCOPOSPOSPower@@@ATL@@UAGJKJPAUtagDVTARGETDEVICE@@PAUtagSIZE@@@Z 100026b8 f i POSPower.obj
 0001:000016e9       ?GetViewStatus@?$IViewObjectExImpl@VCOPOSPOSPower@@@ATL@@UAGJPAK@Z 100026e9 f i POSPower.obj
 0001:00001706       ?QueryHitPoint@?$IViewObjectExImpl@VCOPOSPOSPower@@@ATL@@UAGJKPBUtagRECT@@UtagPOINT@@JPAK@Z 10002706 f i POSPower.obj
 0001:00001747       ?QueryHitRect@?$IViewObjectExImpl@VCOPOSPOSPower@@@ATL@@UAGJKPBUtagRECT@@0JPAK@Z 10002747 f i POSPower.obj
 0001:000017a2       ?GetNaturalExtent@?$IViewObjectExImpl@VCOPOSPOSPower@@@ATL@@UAGJKJPAUtagDVTARGETDEVICE@@PAUHDC__@@PAUtagExtentInfo@@PAUtagSIZE@@@Z 100027a2 f i POSPower.obj
 0001:000017ed       ?GetWindow@?$IOleInPlaceObjectWindowlessImpl@VCOPOSPOSPower@@@ATL@@UAGJPAPAUHWND__@@@Z 100027ed f i POSPower.obj
 0001:0000183a       ?InPlaceDeactivate@?$IOleInPlaceObjectWindowlessImpl@VCOPOSPOSPower@@@ATL@@UAGJXZ 1000283a f i POSPower.obj
 0001:00001854       ?UIDeactivate@?$IOleInPlaceObjectWindowlessImpl@VCOPOSPOSPower@@@ATL@@UAGJXZ 10002854 f i POSPower.obj
 0001:0000186e       ?SetObjectRects@?$IOleInPlaceObjectWindowlessImpl@VCOPOSPOSPower@@@ATL@@UAGJPBUtagRECT@@0@Z 1000286e f i POSPower.obj
 0001:0000188e       ?ReactivateAndUndo@?$IOleInPlaceObjectWindowlessImpl@VCOPOSPOSPower@@@ATL@@UAGJXZ 1000288e f i POSPower.obj
 0001:00001896       ?OnWindowMessage@?$IOleInPlaceObjectWindowlessImpl@VCOPOSPOSPower@@@ATL@@UAGJIIJPAJ@Z 10002896 f i POSPower.obj
 0001:00001906       ?EnumConnectionPoints@?$IConnectionPointContainerImpl@VCOPOSPOSPower@@@ATL@@UAGJPAPAUIEnumConnectionPoints@@@Z 10002906 f i POSPower.obj
 0001:00001a96       ?FindConnectionPoint@?$IConnectionPointContainerImpl@VCOPOSPOSPower@@@ATL@@UAGJABU_GUID@@PAPAUIConnectionPoint@@@Z 10002a96 f i POSPower.obj
 0001:00001b39       ?IsDirty@?$IPersistStorageImpl@VCOPOSPOSPower@@@ATL@@UAGJXZ 10002b39 f i POSPower.obj
 0001:00001b69       ?InitNew@?$IPersistStorageImpl@VCOPOSPOSPower@@@ATL@@UAGJPAUIStorage@@@Z 10002b69 f i POSPower.obj
 0001:00001b99       ?Load@?$IPersistStorageImpl@VCOPOSPOSPower@@@ATL@@UAGJPAUIStorage@@@Z 10002b99 f i POSPower.obj
 0001:00001c05       ?Save@?$IPersistStorageImpl@VCOPOSPOSPower@@@ATL@@UAGJPAUIStorage@@H@Z 10002c05 f i POSPower.obj
 0001:00001c78       ?GetPages@?$ISpecifyPropertyPagesImpl@VCOPOSPOSPower@@@ATL@@UAGJPAUtagCAUUID@@@Z 10002c78 f i POSPower.obj
 0001:00001c8f       ?QuickActivate@?$IQuickActivateImpl@VCOPOSPOSPower@@@ATL@@UAGJPAUtagQACONTAINER@@PAUtagQACONTROL@@@Z 10002c8f f i POSPower.obj
 0001:00001cb2       ?SetContentExtent@?$IQuickActivateImpl@VCOPOSPOSPower@@@ATL@@UAGJPAUtagSIZE@@@Z 10002cb2 f i POSPower.obj
 0001:00001cde       ?GetContentExtent@?$IQuickActivateImpl@VCOPOSPOSPower@@@ATL@@UAGJPAUtagSIZE@@@Z 10002cde f i POSPower.obj
 0001:00001d1a       ?GetData@?$IDataObjectImpl@VCOPOSPOSPower@@@ATL@@UAGJPAUtagFORMATETC@@PAUtagSTGMEDIUM@@@Z 10002d1a f i POSPower.obj
 0001:00001d3d       ?DAdvise@?$IDataObjectImpl@VCOPOSPOSPower@@@ATL@@UAGJPAUtagFORMATETC@@KPAUIAdviseSink@@PAK@Z 10002d3d f i POSPower.obj
 0001:00001d7e       ?DUnadvise@?$IDataObjectImpl@VCOPOSPOSPower@@@ATL@@UAGJK@Z 10002d7e f i POSPower.obj
 0001:00001dac       ?EnumDAdvise@?$IDataObjectImpl@VCOPOSPOSPower@@@ATL@@UAGJPAPAUIEnumSTATDATA@@@Z 10002dac f i POSPower.obj
 0001:00001deb       ?GetClassInfoW@?$IProvideClassInfo2Impl@$1?CLSID_OPOSPOSPower@@3U_GUID@@B$1?DIID__IOPOSPOSPowerEvents@@3U2@B$1?LIBID_OposPOSPower_CCO@@3U2@B$00$0A@VCComTypeInfoHolder@ATL@@@ATL@@UAGJPAPAUITypeInfo@@@Z 10002deb f i POSPower.obj
 0001:00001e01       ?GetGUID@?$IProvideClassInfo2Impl@$1?CLSID_OPOSPOSPower@@3U_GUID@@B$1?DIID__IOPOSPOSPowerEvents@@3U2@B$1?LIBID_OposPOSPower_CCO@@3U2@B$00$0A@VCComTypeInfoHolder@ATL@@@ATL@@UAGJKPAU_GUID@@@Z 10002e01 f i POSPower.obj
 0001:00001e3f       __get_startup_argv_mode    10002e3f f i LIBCMT:argv_mode.obj
 0001:00001e3f       ?FAccessAllowed@?$IObjectSafetyImpl@VCOPOSPOSPower@@$02@ATL@@MAEHXZ 10002e3f f i POSPower.obj
 0001:00001e43       ?GetInterfaceSafetyOptions@?$IObjectSafetyImpl@VCOPOSPOSPower@@$02@ATL@@UAGJABU_GUID@@PAK1@Z 10002e43 f i POSPower.obj
 0001:00001eb6       ?SetInterfaceSafetyOptions@?$IObjectSafetyImpl@VCOPOSPOSPower@@$02@ATL@@UAGJABU_GUID@@KK@Z 10002eb6 f i POSPower.obj
 0001:00001f30       ?Lock@CAtlModule@ATL@@UAEJXZ 10002f30 f i POSPower.obj
 0001:00001f3a       ?Unlock@CAtlModule@ATL@@UAEJXZ 10002f3a f i POSPower.obj
 0001:00001f44       ?GetLockCount@CAtlModule@ATL@@UAEJXZ 10002f44 f i POSPower.obj
 0001:00001f48       ?GetGITPtr@CAtlModule@ATL@@UAEJPAPAUIGlobalInterfaceTable@@@Z 10002f48 f i POSPower.obj
 0001:00001f94       ?_LocCPQueryInterface@?$IConnectionPointImpl@VCOPOSPOSPower@@$1?IID_IPropertyNotifySink@@3U_GUID@@BVCComDynamicUnkArray@ATL@@@ATL@@UAGJABU_GUID@@PAPAX@Z 10002f94 f i POSPower.obj
 0001:00001f94       ?_LocCPQueryInterface@?$IConnectionPointImpl@VCOPOSPOSPower@@$1?DIID__IOPOSPOSPowerEvents@@3U_GUID@@BVCComDynamicUnkArray@ATL@@@ATL@@UAGJABU_GUID@@PAPAX@Z 10002f94 f i POSPower.obj
 0001:00001fe1       ?GetConnectionInterface@?$IConnectionPointImpl@VCOPOSPOSPower@@$1?IID_IPropertyNotifySink@@3U_GUID@@BVCComDynamicUnkArray@ATL@@@ATL@@UAGJPAU_GUID@@@Z 10002fe1 f i POSPower.obj
 0001:00002005       ?GetConnectionPointContainer@?$IConnectionPointImpl@VCOPOSPOSPower@@$1?IID_IPropertyNotifySink@@3U_GUID@@BVCComDynamicUnkArray@ATL@@@ATL@@UAGJPAPAUIConnectionPointContainer@@@Z 10003005 f i POSPower.obj
 0001:00002028       ?Advise@?$IConnectionPointImpl@VCOPOSPOSPower@@$1?DIID__IOPOSPOSPowerEvents@@3U_GUID@@BVCComDynamicUnkArray@ATL@@@ATL@@UAGJPAUIUnknown@@PAK@Z 10003028 f i POSPower.obj
 0001:00002028       ?Advise@?$IConnectionPointImpl@VCOPOSPOSPower@@$1?IID_IPropertyNotifySink@@3U_GUID@@BVCComDynamicUnkArray@ATL@@@ATL@@UAGJPAUIUnknown@@PAK@Z 10003028 f i POSPower.obj
 0001:000020c8       ?Unadvise@?$IConnectionPointImpl@VCOPOSPOSPower@@$1?DIID__IOPOSPOSPowerEvents@@3U_GUID@@BVCComDynamicUnkArray@ATL@@@ATL@@UAGJK@Z 100030c8 f i POSPower.obj
 0001:000020c8       ?Unadvise@?$IConnectionPointImpl@VCOPOSPOSPower@@$1?IID_IPropertyNotifySink@@3U_GUID@@BVCComDynamicUnkArray@ATL@@@ATL@@UAGJK@Z 100030c8 f i POSPower.obj
 0001:00002108       ?EnumConnections@?$IConnectionPointImpl@VCOPOSPOSPower@@$1?IID_IPropertyNotifySink@@3U_GUID@@BVCComDynamicUnkArray@ATL@@@ATL@@UAGJPAPAUIEnumConnections@@@Z 10003108 f i POSPower.obj
 0001:00002108       ?EnumConnections@?$IConnectionPointImpl@VCOPOSPOSPower@@$1?DIID__IOPOSPOSPowerEvents@@3U_GUID@@BVCComDynamicUnkArray@ATL@@@ATL@@UAGJPAPAUIEnumConnections@@@Z 10003108 f i POSPower.obj
 0001:0000220b       ?GetConnectionInterface@?$IConnectionPointImpl@VCOPOSPOSPower@@$1?DIID__IOPOSPOSPowerEvents@@3U_GUID@@BVCComDynamicUnkArray@ATL@@@ATL@@UAGJPAU_GUID@@@Z 1000320b f i POSPower.obj
 0001:0000222f       ?GetConnectionPointContainer@?$IConnectionPointImpl@VCOPOSPOSPower@@$1?DIID__IOPOSPOSPowerEvents@@3U_GUID@@BVCComDynamicUnkArray@ATL@@@ATL@@UAGJPAPAUIConnectionPointContainer@@@Z 1000322f f i POSPower.obj
 0001:00002252       ?UpdateRegistry@COPOSPOSPower@@SGJH@Z 10003252 f i POSPower.obj
 0001:0000226a       ?AddCommonRGSReplacements@?$CAtlModuleT@VCComModule@ATL@@@ATL@@UAEJPAUIRegistrarBase@@@Z 1000326a f i POSPower.obj
 0001:00002284       ?ProcessWindowMessage@COPOSPOSPower@@UAEHPAUHWND__@@IIJAAJK@Z 10003284 f i POSPower.obj
 0001:000022d1       ?SODirectIO@COPOSPOSPower@@MAGJJPAJPAPA_W@Z 100032d1 f i POSPower.obj
 0001:0000231a       ?SOStatusUpdate@COPOSPOSPower@@MAGJJ@Z 1000331a f i POSPower.obj
 0001:00002353       ?UpdateRegistryFromResourceD@CComModule@ATL@@UAGJIHPAU_ATL_REGMAP_ENTRY@2@@Z 10003353 f i POSPower.obj
 0001:00002353       ?UpdateRegistryFromResourceD@CComModule@ATL@@UAGJPB_WHPAU_ATL_REGMAP_ENTRY@2@@Z 10003353 f i POSPower.obj
 0001:0000235b       ?UpdateRegistryFromResource@CComModule@ATL@@UAGJPB_WHPAU_ATL_REGMAP_ENTRY@2@@Z 1000335b f i POSPower.obj
 0001:00002364       ?UpdateRegistryFromResource@CComModule@ATL@@UAGJIHPAU_ATL_REGMAP_ENTRY@2@@Z 10003364 f i POSPower.obj
 0001:0000236d       ??_ECComModule@ATL@@UAEPAXI@Z 1000336d f i POSPower.obj
 0001:0000236d       ??_GCComModule@ATL@@UAEPAXI@Z 1000336d f i POSPower.obj
 0001:00002395       ?CreateInstance@?$CComCreator@V?$CComObjectCached@VCComClassFactory@ATL@@@ATL@@@ATL@@SGJPAXABU_GUID@@PAPAX@Z 10003395 f i POSPower.obj
 0001:00002436       ?CreateInstance@?$CComCreator2@V?$CComCreator@V?$CComObject@VCOPOSPOSPower@@@ATL@@@ATL@@V?$CComCreator@V?$CComAggObject@VCOPOSPOSPower@@@ATL@@@2@@ATL@@SGJPAXABU_GUID@@PAPAX@Z 10003436 f i POSPower.obj
 0001:00002456       ?AddRef@?$CComObjectCached@VCComClassFactory@ATL@@@ATL@@UAGKXZ 10003456 f i POSPower.obj
 0001:0000247d       ?Release@?$CComObjectCached@VCComClassFactory@ATL@@@ATL@@UAGKXZ 1000347d f i POSPower.obj
 0001:000024b3       ?QueryInterface@?$CComObjectCached@VCComClassFactory@ATL@@@ATL@@UAGJABU_GUID@@PAPAX@Z 100034b3 f i POSPower.obj
 0001:000024cd       ??_E?$CComObjectCached@VCComClassFactory@ATL@@@ATL@@UAEPAXI@Z 100034cd f i POSPower.obj
 0001:000024cd       ??_G?$CComObjectCached@VCComClassFactory@ATL@@@ATL@@UAEPAXI@Z 100034cd f i POSPower.obj
 0001:000024ef       ?Next@?$CComEnumImpl@UIEnumConnectionPoints@@$1?_GUID_b196b285_bab4_101a_b69c_00aa00341d07@@3U__s_GUID@@BPAUIConnectionPoint@@V?$_CopyInterface@UIConnectionPoint@@@ATL@@@ATL@@UAGJKPAPAUIConnectionPoint@@PAK@Z 100034ef f i POSPower.obj
 0001:000025be       ?Skip@?$CComEnumImpl@UIEnumConnectionPoints@@$1?_GUID_b196b285_bab4_101a_b69c_00aa00341d07@@3U__s_GUID@@BPAUIConnectionPoint@@V?$_CopyInterface@UIConnectionPoint@@@ATL@@@ATL@@UAGJK@Z 100035be f i POSPower.obj
 0001:000025eb       ?Clone@?$CComEnumImpl@UIEnumConnectionPoints@@$1?_GUID_b196b285_bab4_101a_b69c_00aa00341d07@@3U__s_GUID@@BPAUIConnectionPoint@@V?$_CopyInterface@UIConnectionPoint@@@ATL@@@ATL@@UAGJPAPAUIEnumConnectionPoints@@@Z 100035eb f i POSPower.obj
 0001:000026cc       ?QueryInterface@?$CComObject@V?$CComEnum@UIEnumConnectionPoints@@$1?_GUID_b196b285_bab4_101a_b69c_00aa00341d07@@3U__s_GUID@@BPAUIConnectionPoint@@V?$_CopyInterface@UIConnectionPoint@@@ATL@@VCComSingleThreadModel@6@@ATL@@@ATL@@UAGJABU_GUID@@PAPAX@Z 100036cc f i POSPower.obj
 0001:000026e6       ??_G?$CComObject@V?$CComEnum@UIEnumConnectionPoints@@$1?_GUID_b196b285_bab4_101a_b69c_00aa00341d07@@3U__s_GUID@@BPAUIConnectionPoint@@V?$_CopyInterface@UIConnectionPoint@@@ATL@@VCComSingleThreadModel@6@@ATL@@@ATL@@UAEPAXI@Z 100036e6 f i POSPower.obj
 0001:000026e6       ??_E?$CComObject@V?$CComEnum@UIEnumConnectionPoints@@$1?_GUID_b196b285_bab4_101a_b69c_00aa00341d07@@3U__s_GUID@@BPAUIConnectionPoint@@V?$_CopyInterface@UIConnectionPoint@@@ATL@@VCComSingleThreadModel@6@@ATL@@@ATL@@UAEPAXI@Z 100036e6 f i POSPower.obj
 0001:00002708       ?AddRef@CRegObject@ATL@@UAGKXZ 10003708 f i POSPower.obj
 0001:0000270e       ?AddReplacement@CRegObject@ATL@@UAGJPB_W0@Z 1000370e f i POSPower.obj
 0001:00002747       ?ClearReplacements@CRegObject@ATL@@UAGJXZ 10003747 f i POSPower.obj
 0001:00002759       ??_ECRegObject@ATL@@UAEPAXI@Z 10003759 f i POSPower.obj
 0001:00002759       ??_GCRegObject@ATL@@UAEPAXI@Z 10003759 f i POSPower.obj
 0001:0000277b       ?AddRef@?$CComAggObject@VCOPOSPOSPower@@@ATL@@UAGKXZ 1000377b f i POSPower.obj
 0001:0000278c       ?Release@?$CComAggObject@VCOPOSPOSPower@@@ATL@@UAGKXZ 1000378c f i POSPower.obj
 0001:000027c8       ?QueryInterface@?$CComAggObject@VCOPOSPOSPower@@@ATL@@UAGJABU_GUID@@PAPAX@Z 100037c8 f i POSPower.obj
 0001:00002817       ?AddRef@?$CComContainedObject@VCOPOSPOSPower@@@ATL@@UAGKXZ 10003817 f i POSPower.obj
 0001:0000282d       ?Release@?$CComContainedObject@VCOPOSPOSPower@@@ATL@@UAGKXZ 1000382d f i POSPower.obj
 0001:00002843       ?QueryInterface@?$CComContainedObject@VCOPOSPOSPower@@@ATL@@UAGJABU_GUID@@PAPAX@Z 10003843 f i POSPower.obj
 0001:0000285e       ??_E?$CComAggObject@VCOPOSPOSPower@@@ATL@@UAEPAXI@Z 1000385e f i POSPower.obj
 0001:0000285e       ??_G?$CComAggObject@VCOPOSPOSPower@@@ATL@@UAEPAXI@Z 1000385e f i POSPower.obj
 0001:00002883       ?AddRef@?$CComObject@VCOPOSPOSPower@@@ATL@@UAGKXZ 10003883 f i POSPower.obj
 0001:0000289a       ?Release@?$CComObject@VCOPOSPOSPower@@@ATL@@UAGKXZ 1000389a f i POSPower.obj
 0001:000028dc       ?QueryInterface@?$CComObject@VCOPOSPOSPower@@@ATL@@UAGJABU_GUID@@PAPAX@Z 100038dc f i POSPower.obj
 0001:000028f6       ??$?4UITypeInfo2@@@?$CComPtr@UITypeInfo@@@ATL@@QAEPAUITypeInfo@@ABV?$CComPtr@UITypeInfo2@@@1@@Z 100038f6 f i POSPower.obj
 0001:00002923       ??$AtlAdd@K@ATL@@YAJPAKKK@Z 10003923 f i POSPower.obj
 0001:00002946       ??$AtlAdd@_K@ATL@@YAJPA_K_K1@Z 10003946 f i POSPower.obj
 0001:0000297e       ??$AtlAddThrow@K@ATL@@YAKKK@Z 1000397e f i POSPower.obj
 0001:000029a4       ??$AtlModuleRegisterWndClassInfoT@VAtlModuleRegisterWndClassInfoParamW@ATL@@@ATL@@YAGPAU_ATL_BASE_MODULE70@0@PAU_ATL_WIN_MODULE70@0@PAU_ATL_WNDCLASSINFOW@0@PAP6GJPAUHWND__@@IIJ@ZVAtlModuleRegisterWndClassInfoParamW@0@@Z 100039a4 f i POSPower.obj
 0001:00002af1       ??$AtlMultiply@H@ATL@@YAJPAHHH@Z 10003af1 f i POSPower.obj
 0001:00002b29       ??$AtlMultiply@K@ATL@@YAJPAKKK@Z 10003b29 f i POSPower.obj
 0001:00002b29       ??$AtlMultiply@I@ATL@@YAJPAIII@Z 10003b29 f i POSPower.obj
 0001:00002b4b       ??$AtlMultiplyThrow@I@ATL@@YAIII@Z 10003b4b f i POSPower.obj
 0001:00002b71       ??0?$CComAggObject@VCOPOSPOSPower@@@ATL@@QAE@PAX@Z 10003b71 f i POSPower.obj
 0001:00002b9e       ??0?$CComContainedObject@VCOPOSPOSPower@@@ATL@@QAE@PAX@Z 10003b9e f i POSPower.obj
 0001:00002c57       ??0?$CComObject@V?$CComEnum@UIEnumConnectionPoints@@$1?_GUID_b196b285_bab4_101a_b69c_00aa00341d07@@3U__s_GUID@@BPAUIConnectionPoint@@V?$_CopyInterface@UIConnectionPoint@@@ATL@@VCComSingleThreadModel@6@@ATL@@@ATL@@QAE@PAX@Z 10003c57 f i POSPower.obj
 0001:00002c85       ??0?$CComObject@V?$CComEnum@UIEnumConnections@@$1?_GUID_b196b287_bab4_101a_b69c_00aa00341d07@@3U__s_GUID@@BUtagCONNECTDATA@@V?$_Copy@UtagCONNECTDATA@@@ATL@@VCComSingleThreadModel@6@@ATL@@@ATL@@QAE@PAX@Z 10003c85 f i POSPower.obj
 0001:00002cb3       ??0?$CComObject@VCOPOSPOSPower@@@ATL@@QAE@PAX@Z 10003cb3 f i POSPower.obj
 0001:00002d6a       ??0?$CComQIPtr@UIOleControlSite@@$1?_GUID_b196b289_bab4_101a_b69c_00aa00341d07@@3U__s_GUID@@B@ATL@@QAE@PAUIUnknown@@@Z 10003d6a f i POSPower.obj
 0001:00002d93       ??0CAtlModule@ATL@@QAE@XZ  10003d93 f i POSPower.obj
 0001:00002dd4       ??0CParseBuffer@CRegParser@ATL@@QAE@H@Z 10003dd4 f i POSPower.obj
 0001:00002e0a       ??0_ATL_MSG@ATL@@QAE@PAUHWND__@@IIJH@Z 10003e0a f i POSPower.obj
 0001:00002e42       ??1?$CComAggObject@VCOPOSPOSPower@@@ATL@@UAE@XZ 10003e42 f i POSPower.obj
 0001:00002e66       ??1?$CComEnumImpl@UIEnumConnectionPoints@@$1?_GUID_b196b285_bab4_101a_b69c_00aa00341d07@@3U__s_GUID@@BPAUIConnectionPoint@@V?$_CopyInterface@UIConnectionPoint@@@ATL@@@ATL@@UAE@XZ 10003e66 f i POSPower.obj
 0001:00002ea2       ??1?$CComEnumImpl@UIEnumConnections@@$1?_GUID_b196b287_bab4_101a_b69c_00aa00341d07@@3U__s_GUID@@BUtagCONNECTDATA@@V?$_Copy@UtagCONNECTDATA@@@ATL@@@ATL@@UAE@XZ 10003ea2 f i POSPower.obj
 0001:00002ede       ??1?$CComObject@V?$CComEnum@UIEnumConnectionPoints@@$1?_GUID_b196b285_bab4_101a_b69c_00aa00341d07@@3U__s_GUID@@BPAUIConnectionPoint@@V?$_CopyInterface@UIConnectionPoint@@@ATL@@VCComSingleThreadModel@6@@ATL@@@ATL@@UAE@XZ 10003ede f i POSPower.obj
 0001:00002f01       ??1?$CComObject@V?$CComEnum@UIEnumConnections@@$1?_GUID_b196b287_bab4_101a_b69c_00aa00341d07@@3U__s_GUID@@BUtagCONNECTDATA@@V?$_Copy@UtagCONNECTDATA@@@ATL@@VCComSingleThreadModel@6@@ATL@@@ATL@@UAE@XZ 10003f01 f i POSPower.obj
 0001:00002f24       ??1?$CComObject@VCOPOSPOSPower@@@ATL@@UAE@XZ 10003f24 f i POSPower.obj
 0001:00002fe2       ??1?$CComObjectCached@VCComClassFactory@ATL@@@ATL@@UAE@XZ 10003fe2 f i POSPower.obj
 0001:00002ff8       ??1?$CComObjectRootEx@VCComMultiThreadModel@ATL@@@ATL@@QAE@XZ 10003ff8 f i POSPower.obj
 0001:0000300d       ??1CRegObject@ATL@@UAE@XZ  1000400d f i POSPower.obj
 0001:0000302d       ??4?$CComPtr@UIOleClientSite@@@ATL@@QAEPAUIOleClientSite@@PAU2@@Z 1000402d f i POSPower.obj
 0001:0000302d       ??4?$CComPtr@UIAdviseSink@@@ATL@@QAEPAUIAdviseSink@@PAU2@@Z 1000402d f i POSPower.obj
 0001:0000302d       ??4?$CComPtr@UIUnknown@@@ATL@@QAEPAUIUnknown@@PAU2@@Z 1000402d f i POSPower.obj
 0001:0000305b       ??_E?$CComContainedObject@VCOPOSPOSPower@@@ATL@@UAEPAXI@Z 1000405b f i POSPower.obj
 0001:0000305b       ??_G?$CComContainedObject@VCOPOSPOSPower@@@ATL@@UAEPAXI@Z 1000405b f i POSPower.obj
 0001:00003080       ??_G?$CComObject@VCOPOSPOSPower@@@ATL@@UAEPAXI@Z 10004080 f i POSPower.obj
 0001:00003080       ??_E?$CComObject@VCOPOSPOSPower@@@ATL@@UAEPAXI@Z 10004080 f i POSPower.obj
 0001:000030a5       ?Add@?$CSimpleArray@GV?$CSimpleArrayEqualHelper@G@ATL@@@ATL@@QAEHABG@Z 100040a5 f i POSPower.obj
 0001:0000311f       ?Add@?$CSimpleMap@PA_WPA_WVCExpansionVectorEqualHelper@ATL@@@ATL@@QAEHABQA_W0@Z 1000411f f i POSPower.obj
 0001:00003174       ?Add@CComDynamicUnkArray@ATL@@QAEKPAUIUnknown@@@Z 10004174 f i POSPower.obj
 0001:00003225       ?Add@CExpansionVector@ATL@@QAEHPB_W0@Z 10004225 f i POSPower.obj
 0001:0000332e       ?AddString@CParseBuffer@CRegParser@ATL@@QAEHPB_W@Z 1000432e f i POSPower.obj
 0001:00003363       ?AddTermFunc@CAtlModule@ATL@@QAEJP6GXK@ZK@Z 10004363 f i POSPower.obj
 0001:000033cf       ?AddValue@CRegParser@ATL@@IAEJAAVCRegKey@2@PB_WPA_W@Z 100043cf f i POSPower.obj
 0001:000036e9       ?Allocate@?$CAtlSafeAllocBufferManager@VCCRTAllocator@ATL@@@_ATL_SAFE_ALLOCA_IMPL@ATL@@QAEPAXK@Z 100046e9 f i POSPower.obj
 0001:00003716       ?Allocate@?$CTempBuffer@E$0BAA@VCCRTAllocator@ATL@@@ATL@@QAEPAEI@Z 10004716 f i POSPower.obj
 0001:00003745       ?Allocate@?$CTempBuffer@_W$0BAA@VCCRTAllocator@ATL@@@ATL@@QAEPA_WI@Z 10004745 f i POSPower.obj
 0001:00003774       ?Allocate@?$CTempBuffer@_W$0EAA@VCCRTAllocator@ATL@@@ATL@@QAEPA_WI@Z 10004774 f i POSPower.obj
 0001:000037a3       ?AllocateHeap@?$CTempBuffer@E$0BAA@VCCRTAllocator@ATL@@@ATL@@AAEXI@Z 100047a3 f i POSPower.obj
 0001:000037a3       ?AllocateHeap@?$CTempBuffer@_W$0EAA@VCCRTAllocator@ATL@@@ATL@@AAEXI@Z 100047a3 f i POSPower.obj
 0001:000037a3       ?AllocateHeap@?$CTempBuffer@_W$0BAA@VCCRTAllocator@ATL@@@ATL@@AAEXI@Z 100047a3 f i POSPower.obj
 0001:000037c8       ?Append@CParseBuffer@CRegParser@ATL@@QAEHPB_WH@Z 100047c8 f i POSPower.obj
 0001:00003854       ?AtlCoTaskMemCAlloc@ATL@@YAPAXKK@Z 10004854 f i POSPower.obj
 0001:00003881       ?AtlCoTaskMemRecalloc@ATL@@YAPAXPAXKK@Z 10004881 f i POSPower.obj
 0001:000038b1       ?AtlComModuleGetClassObject@ATL@@YGJPAU_ATL_COM_MODULE70@1@ABU_GUID@@1PAPAX@Z 100048b1 f i POSPower.obj
 0001:000039a6       ?AtlComModuleRegisterServer@ATL@@YGJPAU_ATL_COM_MODULE70@1@HPBU_GUID@@@Z 100049a6 f i POSPower.obj
 0001:00003a2e       ?AtlComModuleUnregisterServer@ATL@@YGJPAU_ATL_COM_MODULE70@1@HPBU_GUID@@@Z 10004a2e f i POSPower.obj
 0001:00003ab6       ?AtlComQIPtrAssign2@ATL@@YAXPAPAUIUnknown@@PAU2@ABU_GUID@@@Z 10004ab6 f i POSPower.obj
 0001:00003ae5       ?AtlCreateTargetDC@ATL@@YGPAUHDC__@@PAU2@PAUtagDVTARGETDEVICE@@@Z 10004ae5 f i POSPower.obj
 0001:00003b4e       ?AtlCrtErrorCheck@ATL@@YAHH@Z 10004b4e f i POSPower.obj
 0001:00003b89       ?AtlHiMetricToPixel@ATL@@YGXPBUtagSIZE@@PAU2@@Z 10004b89 f i POSPower.obj
 0001:00003bfe       ?AtlHresultFromLastError@ATL@@YAJXZ 10004bfe f i POSPower.obj
 0001:00003c15       ?AtlHresultFromWin32@ATL@@YAJK@Z 10004c15 f i POSPower.obj
 0001:00003c2a       ?AtlInternalOleLoadFromStream@ATL@@YAJPAUIStream@@ABU_GUID@@PAPAXTClassesAllowedInStream@1@K@Z 10004c2a f i POSPower.obj
 0001:00003d53       ?AtlInternalQueryInterface@ATL@@YGJPAXPBU_ATL_INTMAP_ENTRY@1@ABU_GUID@@PAPAX@Z 10004d53 f i POSPower.obj
 0001:00003df6       ?AtlLoadTypeLib@ATL@@YGJPAUHINSTANCE__@@PB_WPAPA_WPAPAUITypeLib@@@Z 10004df6 f i POSPower.obj
 0001:00003fd4       ?AtlRegisterClassCategoriesHelper@ATL@@YGJABU_GUID@@PBU_ATL_CATMAP_ENTRY@1@H@Z 10004fd4 f i POSPower.obj
 0001:000042d0       ?AtlRegisterTypeLib@ATL@@YGJPAUHINSTANCE__@@PB_W@Z 100052d0 f i POSPower.obj
 0001:00004458       ?AtlThrowImpl@ATL@@YGXJ@Z  10005458 f i POSPower.obj
 0001:00004476       ?AtlUnRegisterTypeLib@ATL@@YGJPAUHINSTANCE__@@PB_W@Z 10005476 f i POSPower.obj
 0001:00004521       ?AtlWinModuleAddCreateWndData@ATL@@YGXPAU_ATL_WIN_MODULE70@1@PAU_AtlCreateWndData@1@PAX@Z 10005521 f i POSPower.obj
 0001:00004575       ?AtlWinModuleExtractCreateWndData@ATL@@YGPAXPAU_ATL_WIN_MODULE70@1@@Z 10005575 f i POSPower.obj
 0001:000045d9       ?AtlWinModuleRegisterClassExW@ATL@@YGGPAU_ATL_WIN_MODULE70@1@PBUtagWNDCLASSEXW@@@Z 100055d9 f i POSPower.obj
 0001:00004618       ?CanForceRemoveKey@CRegParser@ATL@@IAEHPB_W@Z 10005618 f i POSPower.obj
 0001:00004647       ?ChToByte@CRegParser@ATL@@KAE_W@Z 10005647 f i POSPower.obj
 0001:000046cf       ?Cleanup@CComTypeInfoHolder@ATL@@SGXK@Z 100056cf f i POSPower.obj
 0001:00004702       ?ClearReplacements@CExpansionVector@ATL@@QAEJXZ 10005702 f i POSPower.obj
 0001:0000473f       ?Close@CRegKey@ATL@@QAEJXZ 1000573f f i POSPower.obj
 0001:00004759       ?CreateInstance@?$CComCreator@V?$CComAggObject@VCOPOSPOSPower@@@ATL@@@ATL@@SGJPAXABU_GUID@@PAPAX@Z 10005759 f i POSPower.obj
 0001:000047ce       ?CreateInstance@?$CComCreator@V?$CComObject@VCOPOSPOSPower@@@ATL@@@ATL@@SGJPAXABU_GUID@@PAPAX@Z 100057ce f i POSPower.obj
 0001:00004857       ?CreateInstance@?$CComObject@V?$CComEnum@UIEnumConnectionPoints@@$1?_GUID_b196b285_bab4_101a_b69c_00aa00341d07@@3U__s_GUID@@BPAUIConnectionPoint@@V?$_CopyInterface@UIConnectionPoint@@@ATL@@VCComSingleThreadModel@6@@ATL@@@ATL@@SGJPAPAV12@@Z 10005857 f i POSPower.obj
 0001:000048a1       ?CreateInstance@?$CComObject@V?$CComEnum@UIEnumConnections@@$1?_GUID_b196b287_bab4_101a_b69c_00aa00341d07@@3U__s_GUID@@BUtagCONNECTDATA@@V?$_Copy@UtagCONNECTDATA@@@ATL@@VCComSingleThreadModel@6@@ATL@@@ATL@@SGJPAPAV12@@Z 100058a1 f i POSPower.obj
 0001:000048eb       ?DefaultReflectionHandler@?$CWindowImplRoot@VCWindow@ATL@@@ATL@@SAHPAUHWND__@@IIJAAJ@Z 100058eb f i POSPower.obj
 0001:0000498b       ?DeleteSubKey@CRegKey@ATL@@QAEJPB_W@Z 1000598b f i POSPower.obj
 0001:00004a04       ?DoEvent@COPOSPOSPower@@IAEXIIJ@Z 10005a04 f i POSPower.obj
 0001:00004a84       ?DoVerbHide@?$IOleObjectImpl@VCOPOSPOSPower@@@ATL@@QAEJPBUtagRECT@@PAUHWND__@@@Z 10005a84 f i POSPower.obj
 0001:00004aba       ?DoVerbInPlaceActivate@?$IOleObjectImpl@VCOPOSPOSPower@@@ATL@@QAEJPBUtagRECT@@PAUHWND__@@@Z 10005aba f i POSPower.obj
 0001:00004aed       ?DoVerbPrimary@?$IOleObjectImpl@VCOPOSPOSPower@@@ATL@@QAEJPBUtagRECT@@PAUHWND__@@@Z 10005aed f i POSPower.obj
 0001:00004b79       ?DoVerbProperties@CComControlBase@ATL@@QAEJPBUtagRECT@@PAUHWND__@@@Z 10005b79 f i POSPower.obj
 0001:00004cf8       ?DoVerbUIActivate@?$IOleObjectImpl@VCOPOSPOSPower@@@ATL@@QAEJPBUtagRECT@@PAUHWND__@@@Z 10005cf8 f i POSPower.obj
 0001:00004d35       ?DoesVerbActivate@CComControlBase@ATL@@QAEHJ@Z 10005d35 f i POSPower.obj
 0001:00004d59       ?DoesVerbUIActivate@CComControlBase@ATL@@QAEHJ@Z 10005d59 f i POSPower.obj
 0001:00004d8e       ?EndOfVar@CRegParser@ATL@@IAEHXZ 10005d8e f i POSPower.obj
 0001:00004dae       ?EscapeSingleQuote@CAtlModule@ATL@@SAXPA_WIPB_W@Z 10005dae f i POSPower.obj
 0001:00004dfd       ?FindKey@?$CSimpleMap@PA_WPA_WVCExpansionVectorEqualHelper@ATL@@@ATL@@QBEHABQA_W@Z 10005dfd f i POSPower.obj
 0001:00004e34       ?FireTheEvent@?$CProxy_IOPOSEvents@VCOPOSPOSPower@@@@IAEXPAVOposVariant@@IAAJPB_WJ@Z 10005e34 f i POSPower.obj
 0001:00004ec6       ?FireViewChange@CComControlBase@ATL@@QAEJXZ 10005ec6 f i POSPower.obj
 0001:00004f0f       ?Fire_DirectIOEvent@?$CProxy_IOPOSEvents@VCOPOSPOSPower@@@@QAEXJPAJPAPA_W@Z 10005f0f f i POSPower.obj
 0001:00004ffb       ?Fire_StatusUpdateEvent@?$CProxy_IOPOSEvents@VCOPOSPOSPower@@@@QAEXJ@Z 10005ffb f i POSPower.obj
 0001:00005091       ?FreeHeap@?$CTempBuffer@_W$0BAA@VCCRTAllocator@ATL@@@ATL@@AAEXXZ 10006091 f i POSPower.obj
 0001:00005091       ?FreeHeap@?$CTempBuffer@_W$0EAA@VCCRTAllocator@ATL@@@ATL@@AAEXXZ 10006091 f i POSPower.obj
 0001:00005091       ?FreeHeap@?$CTempBuffer@E$0BAA@VCCRTAllocator@ATL@@@ATL@@AAEXXZ 10006091 f i POSPower.obj
 0001:0000509a       ?GetAmbientLocaleID@CComControlBase@ATL@@QAEJAAK@Z 1000609a f i POSPower.obj
 0001:000050f6       ?GetAmbientUserMode@CComControlBase@ATL@@QAEJAAH@Z 100060f6 f i POSPower.obj
 0001:00005166       ?GetAt@CComDynamicUnkArray@ATL@@QAEPAUIUnknown@@H@Z 10006166 f i POSPower.obj
 0001:00005182       ?GetClassObject@CComModule@ATL@@QAEJABU_GUID@@0PAPAX@Z 10006182 f i POSPower.obj
 0001:00005224       ?GetConnMap@COPOSPOSPower@@SAPBU_ATL_CONNMAP_ENTRY@ATL@@PAH@Z 10006224 f i POSPower.obj
 0001:00005294       ?GetCookie@CComDynamicUnkArray@ATL@@QAGKPAPAUIUnknown@@@Z 10006294 f i POSPower.obj
 0001:000052cc       ?GetIDsOfNames@CComTypeInfoHolder@ATL@@QAEJABU_GUID@@PAPA_WIKPAJ@Z 100062cc f i POSPower.obj
 0001:000053ec       ?GetKeyAt@?$CSimpleMap@PA_WPA_WVCExpansionVectorEqualHelper@ATL@@@ATL@@QBEAAPA_WH@Z 100063ec f i POSPower.obj
 0001:00005411       ?GetPagesHelper@?$ISpecifyPropertyPagesImpl@VCOPOSPOSPower@@@ATL@@IAEJPAUtagCAUUID@@PBUATL_PROPMAP_ENTRY@2@@Z 10006411 f i POSPower.obj
 0001:00005538       ?GetProperty@?$CComPtr@UIDispatch@@@ATL@@SAJPAUIDispatch@@JPAUtagVARIANT@@@Z 10006538 f i POSPower.obj
 0001:00005587       ?GetSizeMax@CComVariant@ATL@@QBEJPAT_ULARGE_INTEGER@@@Z 10006587 f i POSPower.obj
 0001:00005749       ?GetTI@CComTypeInfoHolder@ATL@@QAEJK@Z 10006749 f i POSPower.obj
 0001:00005929       ?GetTI@CComTypeInfoHolder@ATL@@QAEJKPAPAUITypeInfo@@@Z 10006929 f i POSPower.obj
 0001:00005967       ?GetUnknown@CComDynamicUnkArray@ATL@@QAGPAUIUnknown@@K@Z 10006967 f i POSPower.obj
 0001:00005988       ?GetValueAt@?$CSimpleMap@PA_WPA_WVCExpansionVectorEqualHelper@ATL@@@ATL@@QBEAAPA_WH@Z 10006988 f i POSPower.obj
 0001:000059ae       ?GetZoomInfo@CComControlBase@ATL@@QAEXAAUATL_DRAWINFO@@@Z 100069ae f i POSPower.obj
 0001:00005a41       ?HKeyFromString@CRegParser@ATL@@KAPAUHKEY__@@PA_W@Z 10006a41 f i POSPower.obj
 0001:00005a6f       ?HasSubKeys@CRegParser@ATL@@IAEHPAUHKEY__@@@Z 10006a6f f i POSPower.obj
 0001:00005aa4       ?IDataObject_GetData@CComControlBase@ATL@@QAEJPAUtagFORMATETC@@PAUtagSTGMEDIUM@@@Z 10006aa4 f i POSPower.obj
 0001:00005c46       ?IOleInPlaceObject_InPlaceDeactivate@CComControlBase@ATL@@QAEJXZ 10006c46 f i POSPower.obj
 0001:00005ccd       ?IOleInPlaceObject_SetObjectRects@CComControlBase@ATL@@QAEJPBUtagRECT@@0@Z 10006ccd f i POSPower.obj
 0001:00005d9a       ?IOleInPlaceObject_UIDeactivate@CComControlBase@ATL@@QAEJXZ 10006d9a f i POSPower.obj
 0001:00005e5c       ?IOleObject_Advise@CComControlBase@ATL@@QAEJPAUIAdviseSink@@PAK@Z 10006e5c f i POSPower.obj
 0001:00005e86       ?IOleObject_Close@CComControlBase@ATL@@QAEJK@Z 10006e86 f i POSPower.obj
 0001:00005f6a       ?IOleObject_GetClientSite@CComControlBase@ATL@@QAEJPAPAUIOleClientSite@@@Z 10006f6a f i POSPower.obj
 0001:00005f93       ?IOleObject_SetClientSite@CComControlBase@ATL@@QAEJPAUIOleClientSite@@@Z 10006f93 f i POSPower.obj
 0001:00005fd2       ?IOleObject_SetExtent@CComControlBase@ATL@@QAEJKPAUtagSIZE@@@Z 10006fd2 f i POSPower.obj
 0001:00006084       ?IPSI_GetIPersistStreamInit@?$IPersistStorageImpl@VCOPOSPOSPower@@@ATL@@AAEPAUIPersistStreamInit@@XZ 10007084 f i POSPower.obj
 0001:0000612c       ?IPersistStreamInit_Load@?$IPersistStreamInitImpl@VCOPOSPOSPower@@@ATL@@QAEJPAUIStream@@PBUATL_PROPMAP_ENTRY@2@@Z 1000712c f i POSPower.obj
 0001:000063a2       ?IPersistStreamInit_Save@?$IPersistStreamInitImpl@VCOPOSPOSPower@@@ATL@@QAEJPAUIStream@@HPBUATL_PROPMAP_ENTRY@2@@Z 100073a2 f i POSPower.obj
 0001:00006591       ?IQuickActivate_QuickActivate@CComControlBase@ATL@@QAEJPAUtagQACONTAINER@@PAUtagQACONTROL@@@Z 10007591 f i POSPower.obj
 0001:000067d3       ?IViewObject_Draw@CComControlBase@ATL@@QAEJKJPAXPAUtagDVTARGETDEVICE@@PAUHDC__@@2PBU_RECTL@@3@Z 100077d3 f i POSPower.obj
 0001:0000687b       ?InPlaceActivate@CComControlBase@ATL@@QAEJJPBUtagRECT@@@Z 1000787b f i POSPower.obj
 0001:00006aed       ?Init@?$CComEnumImpl@UIEnumConnectionPoints@@$1?_GUID_b196b285_bab4_101a_b69c_00aa00341d07@@3U__s_GUID@@BPAUIConnectionPoint@@V?$_CopyInterface@UIConnectionPoint@@@ATL@@@ATL@@QAEJPAPAUIConnectionPoint@@0PAUIUnknown@@W4CComEnumFlags@2@@Z 10007aed f i POSPower.obj
 0001:00006bc9       ?Init@?$CComEnumImpl@UIEnumConnections@@$1?_GUID_b196b287_bab4_101a_b69c_00aa00341d07@@3U__s_GUID@@BUtagCONNECTDATA@@V?$_Copy@UtagCONNECTDATA@@@ATL@@@ATL@@QAEJPAUtagCONNECTDATA@@0PAUIUnknown@@W4CComEnumFlags@2@@Z 10007bc9 f i POSPower.obj
 0001:00006ca5       ?Init@CComModule@ATL@@QAEJPAU_ATL_OBJMAP_ENTRY30@2@PAUHINSTANCE__@@PBU_GUID@@@Z 10007ca5 f i POSPower.obj
 0001:00006d04       ?Init@CDynamicStdCallThunk2@ATL@@QAEHKPAX@Z 10007d04 f i POSPower.obj
 0001:00006d2f       ?InlineIsEqualUnknown@ATL@@YGHABU_GUID@@@Z 10007d2f f i POSPower.obj
 0001:00006d57       ?InternalSetAtIndex@?$CSimpleMap@PA_WPA_WVCExpansionVectorEqualHelper@ATL@@@ATL@@QAEXHABQA_W0@Z 10007d57 f i POSPower.obj
 0001:00006d81       ?Invoke@CComTypeInfoHolder@ATL@@QAEJPAUIDispatch@@JABU_GUID@@KGPAUtagDISPPARAMS@@PAUtagVARIANT@@PAUtagEXCEPINFO@@PAI@Z 10007d81 f i POSPower.obj
 0001:00006dc2       ?IsEqualObject@?$CComPtrBase@UITypeInfo@@@ATL@@QAE_NPAUIUnknown@@@Z 10007dc2 f i POSPower.obj
 0001:00006dc2       ?IsEqualObject@?$CComPtrBase@UIOleClientSite@@@ATL@@QAE_NPAUIUnknown@@@Z 10007dc2 f i POSPower.obj
 0001:00006e2e       ?IsSpace@CRegParser@ATL@@IAEH_W@Z 10007e2e f i POSPower.obj
 0001:00006e54       ?LoadNameCache@CComTypeInfoHolder@ATL@@QAEJPAUITypeInfo@@@Z 10007e54 f i POSPower.obj
 0001:00006f89       ?Lookup@?$CSimpleMap@PA_WPA_WVCExpansionVectorEqualHelper@ATL@@@ATL@@QBEPA_WABQA_W@Z 10007f89 f i POSPower.obj
 0001:00006faf       ?NextToken@CRegParser@ATL@@IAEJPA_W@Z 10007faf f i POSPower.obj
 0001:000070de       ?OnKillFocus@CComControlBase@ATL@@QAEJIIJAAH@Z 100080de f i POSPower.obj
 0001:00007139       ?OnMouseActivate@CComControlBase@ATL@@QAEJIIJAAH@Z 10008139 f i POSPower.obj
 0001:000071a7       ?OnPaint@CComControlBase@ATL@@QAEJIIJAAH@Z 100081a7 f i POSPower.obj
 0001:0000725e       ?OnSetFocus@CComControlBase@ATL@@QAEJIIJAAH@Z 1000825e f i POSPower.obj
 0001:000072e9       ?Open@CRegKey@ATL@@QAEJPAUHKEY__@@PB_WK@Z 100082e9 f i POSPower.obj
 0001:0000733e       ?PreProcessBuffer@CRegParser@ATL@@QAEJPA_WPAPA_W@Z 1000833e f i POSPower.obj
 0001:000075ae       ?ProcessWindowMessage@?$CComControl@VCOPOSPOSPower@@V?$CWindowImpl@VCOPOSPOSPower@@VCWindow@ATL@@V?$CWinTraits@$0FGAAAAAA@$0A@@3@@ATL@@@ATL@@UAEHPAUHWND__@@IIJAAJK@Z 100085ae f i POSPower.obj
 0001:00007656       ?ReadFromStream@CComBSTR@ATL@@QAEJPAUIStream@@@Z 10008656 f i POSPower.obj
 0001:00007779       ?ReadFromStream@CComVariant@ATL@@QAEJPAUIStream@@GTClassesAllowedInStream@2@K@Z 10008779 f i POSPower.obj
 0001:00007903       ?RecurseDeleteKey@CRegKey@ATL@@QAEJPB_W@Z 10008903 f i POSPower.obj
 0001:000079f1       ?RegCreateKeyExW@CAtlTransactionManager@ATL@@QAEJPAUHKEY__@@PB_WKPA_WKKQAU_SECURITY_ATTRIBUTES@@PAPAU3@PAK@Z 100089f1 f i POSPower.obj
 0001:00007a54       ?RegDeleteKeyW@CAtlTransactionManager@ATL@@QAEJPAUHKEY__@@PB_W@Z 10008a54 f i POSPower.obj
 0001:00007aa6       ?RegOpenKeyExW@CAtlTransactionManager@ATL@@QAEJPAUHKEY__@@PB_WKKPAPAU3@@Z 10008aa6 f i POSPower.obj
 0001:00007afd       ?Register@_ATL_WNDCLASSINFOW@ATL@@QAEGPAP6GJPAUHWND__@@IIJ@Z@Z 10008afd f i POSPower.obj
 0001:00007b1d       ?RegisterBuffer@CRegParser@ATL@@QAEJPA_WH@Z 10008b1d f i POSPower.obj
 0001:00007c64       ?RegisterFromResource@CRegObject@ATL@@IAEJPB_W00H@Z 10008c64 f i POSPower.obj
 0001:00007d9a       ?RegisterServer@?$CAtlModuleT@VCComModule@ATL@@@ATL@@QAEJHPBU_GUID@@@Z 10008d9a f i POSPower.obj
 0001:00007dc8       ?RegisterServer@CComModule@ATL@@QAEJHPBU_GUID@@@Z 10008dc8 f i POSPower.obj
 0001:00007e39       ?RegisterSubkeys@CRegParser@ATL@@IAEJPA_WPAUHKEY__@@HH@Z 10008e39 f i POSPower.obj
 0001:00008495       ?Remove@CComDynamicUnkArray@ATL@@QAEHK@Z 10009495 f i POSPower.obj
 0001:000084be       ?RemoveAll@?$CSimpleMap@PA_WPA_WVCExpansionVectorEqualHelper@ATL@@@ATL@@QAEXXZ 100094be f i POSPower.obj
 0001:000084ea       ?ResourceRegisterSz@CRegObject@ATL@@QAGJPB_W00@Z 100094ea f i POSPower.obj
 0001:00008517       ?ResourceUnregisterSz@CRegObject@ATL@@QAGJPB_W00@Z 10009517 f i POSPower.obj
 0001:00008544       ?SendOnDataChange@CComControlBase@ATL@@QAEJK@Z 10009544 f i POSPower.obj
 0001:00008591       ?SetControlFocus@CComControlBase@ATL@@QAEHH@Z 10009591 f i POSPower.obj
 0001:0000862c       ?SetMultiStringValue@CRegKey@ATL@@QAEJPB_W0@Z 1000962c f i POSPower.obj
 0001:00008688       ?SetStringValue@CRegKey@ATL@@QAEJPB_W0K@Z 10009688 f i POSPower.obj
 0001:000086d1       ?SkipAssignment@CRegParser@ATL@@IAEJPA_W@Z 100096d1 f i POSPower.obj
 0001:0000873d       ?SkipWhiteSpace@CRegParser@ATL@@IAEXXZ 1000973d f i POSPower.obj
 0001:00008766       ?StrChrW@CRegParser@ATL@@KAPA_WPA_W_W@Z 10009766 f i POSPower.obj
 0001:000087a3       ?Term@CAtlModule@ATL@@QAEXXZ 100097a3 f i POSPower.obj
 0001:00008820       ?Term@CComModule@ATL@@QAEXXZ 10009820 f i POSPower.obj
 0001:00008878       ?UnregisterServer@?$CAtlModuleT@VCComModule@ATL@@@ATL@@QAEJHPBU_GUID@@@Z 10009878 f i POSPower.obj
 0001:0000889e       ?UnregisterServer@CComModule@ATL@@QAEJHPBU_GUID@@@Z 1000989e f i POSPower.obj
 0001:0000890f       ?UpdateRegistryFromResource@CAtlModule@ATL@@QAGJIHPAU_ATL_REGMAP_ENTRY@2@@Z 1000990f f i POSPower.obj
 0001:00008ada       ?UpdateRegistryFromResource@CAtlModule@ATL@@QAGJPB_WHPAU_ATL_REGMAP_ENTRY@2@@Z 10009ada f i POSPower.obj
 0001:00008cab       ?VTFromRegType@CRegParser@ATL@@KAHPB_WAAG@Z 10009cab f i POSPower.obj
 0001:00008d18       ?WindowProc@?$CWindowImplBaseT@VCWindow@ATL@@V?$CWinTraits@$0FGAAAAAA@$0A@@2@@ATL@@SGJPAUHWND__@@IIJ@Z 10009d18 f i POSPower.obj
 0001:00008e06       ?WriteToStream@CComBSTR@ATL@@QAEJPAUIStream@@@Z 10009e06 f i POSPower.obj
 0001:00008e68       ?WriteToStream@CComVariant@ATL@@QAEJPAUIStream@@@Z 10009e68 f i POSPower.obj
 0001:00008fe2       ?WriteToStream@CComVariant@ATL@@QAEJPAUIStream@@G@Z 10009fe2 f i POSPower.obj
 0001:0000904b       ?_AtlInitialConstruct@?$CComObjectRootEx@VCComMultiThreadModel@ATL@@@ATL@@QAEJXZ 1000a04b f i POSPower.obj
 0001:00009060       ?_AtlVerifyStackAvailable@_ATL_SAFE_ALLOCA_IMPL@ATL@@YA_NK@Z 1000a060 f i POSPower.obj
 0001:000090de       ?atlCreate@?$CWindowImpl@VCOPOSPOSPower@@VCWindow@ATL@@V?$CWinTraits@$0FGAAAAAA@$0A@@3@@ATL@@QAEPAUHWND__@@PAU3@V_U_RECT@2@PB_WKKV_U_MENUorID@2@PAX@Z 1000a0de f i POSPower.obj
 0001:00009129       ?atlCreate@?$CWindowImplBaseT@VCWindow@ATL@@V?$CWinTraits@$0FGAAAAAA@$0A@@2@@ATL@@QAEPAUHWND__@@PAU3@V_U_RECT@2@PB_WKKV_U_MENUorID@2@GPAX@Z 1000a129 f i POSPower.obj
 0001:000091c5       ?copy@?$_Copy@UtagCONNECTDATA@@@ATL@@SAJPAUtagCONNECTDATA@@PBU3@@Z 1000a1c5 f i POSPower.obj
 0001:000091fb       ?copy@?$_CopyInterface@UIConnectionPoint@@@ATL@@SAJPAPAUIConnectionPoint@@PBQAU3@@Z 1000a1fb f i POSPower.obj
 0001:00009229       ?memcpy_s@Checked@ATL@@YAXPAXIPBXI@Z 1000a229 f i POSPower.obj
 0001:00009248       ?ocscpy_s@@YA_NPA_WIPB_W@Z 1000a248 f i POSPower.obj
 0001:00009292       ?wcscpy_s@Checked@ATL@@YAXPA_WIPB_W@Z 1000a292 f i POSPower.obj
 0001:000092ae       _DllCanUnloadNow@0         1000a2ae f   POSPower.obj
 0001:000092ba       _DllGetClassObject@12      1000a2ba f   POSPower.obj
 0001:000092c8       _DllMain@12                1000a2c8 f   POSPower.obj
 0001:0000930a       _DllRegisterServer@0       1000a30a f   POSPower.obj
 0001:00009319       _DllUnregisterServer@0     1000a319 f   POSPower.obj
 0001:00009328       _InlineIsEqualGUID         1000a328 f i POSPower.obj
 0001:00009358       ___local_stdio_printf_options 1000a358 f i POSPower.obj
 0001:0000935e       __vswprintf_s_l            1000a35e f i POSPower.obj
 0001:0000940b       _swprintf_s                1000a40b f i POSPower.obj
 0001:00009427       ??0?$CComControl@VCOPOSPOSPower@@V?$CWindowImpl@VCOPOSPOSPower@@VCWindow@ATL@@V?$CWinTraits@$0FGAAAAAA@$0A@@3@@ATL@@@ATL@@QAE@XZ 1000a427 f i POSPowerImpl.obj
 0001:0000944e       ??0CComControlBase@ATL@@QAE@AAPAUHWND__@@@Z 1000a44e f i POSPowerImpl.obj
 0001:0000949e       ??0COPOSPOSPower@@QAE@XZ   1000a49e f   POSPowerImpl.obj
 0001:000094ed       ??1?$CComControl@VCOPOSPOSPower@@V?$CWindowImpl@VCOPOSPOSPower@@VCWindow@ATL@@V?$CWinTraits@$0FGAAAAAA@$0A@@3@@ATL@@@ATL@@UAE@XZ 1000a4ed f i POSPowerImpl.obj
 0001:00009506       ??1?$IConnectionPointImpl@VCOPOSPOSPower@@$1?IID_IPropertyNotifySink@@3U_GUID@@BVCComDynamicUnkArray@ATL@@@ATL@@QAE@XZ 1000a506 f i POSPowerImpl.obj
 0001:00009506       ??1?$IConnectionPointImpl@VCOPOSPOSPower@@$1?DIID__IOPOSPOSPowerEvents@@3U_GUID@@BVCComDynamicUnkArray@ATL@@@ATL@@QAE@XZ 1000a506 f i POSPowerImpl.obj
 0001:00009543       ??1CComControlBase@ATL@@UAE@XZ 1000a543 f i POSPowerImpl.obj
 0001:000095a6       ??1COPOSPOSPower@@UAE@XZ   1000a5a6 f   POSPowerImpl.obj
 0001:000095ee       ?CheckHealth@COPOSPOSPower@@UAGJJPAJ@Z 1000a5ee f   POSPowerImpl.obj
 0001:0000963d       ?ClaimDevice@COPOSPOSPower@@UAGJJPAJ@Z 1000a63d f   POSPowerImpl.obj
 0001:000096ab       ?Close@COPOSPOSPower@@UAGJPAJ@Z 1000a6ab f   POSPowerImpl.obj
 0001:00009719       ?CompareFirmwareVersion@COPOSPOSPower@@UAGJPA_WPAJ1@Z 1000a719 f   POSPowerImpl.obj
 0001:00009799       ?DirectIO@COPOSPOSPower@@UAGJJPAJPAPA_W0@Z 1000a799 f   POSPowerImpl.obj
 0001:00009847       ?DoInvoke@COPOSPOSPower@@IAEJJPAVOposVariant@@IHPAJ_N@Z 1000a847 f   POSPowerImpl.obj
 0001:00009923       ?EventClose@COPOSPOSPower@@IAEXXZ 1000a923 f i POSPowerImpl.obj
 0001:00009956       ?EventInit@COPOSPOSPower@@IAEJXZ 1000a956 f i POSPowerImpl.obj
 0001:00009a2a       ?EventUninit@COPOSPOSPower@@IAEXXZ 1000aa2a f i POSPowerImpl.obj
 0001:00009a7c       ?EventWindowProc@COPOSPOSPower@@IAGJIIJ@Z 1000aa7c f i POSPowerImpl.obj
 0001:00009af3       ?FinalConstruct@COPOSPOSPower@@QAEJXZ 1000aaf3 f   POSPowerImpl.obj
 0001:00009b2c       ?FireEventCleanup@COPOSPOSPower@@IAEXXZ 1000ab2c f i POSPowerImpl.obj
 0001:00009b42       ?FireEventSetup@COPOSPOSPower@@IAE_NXZ 1000ab42 f i POSPowerImpl.obj
 0001:00009b76       ?FreezeEvents@COPOSPOSPower@@MAGJH@Z 1000ab76 f   POSPowerImpl.obj
 0001:00009bc3       ?GetOposProp@COPOSPOSPower@@IAEJJPAFJ@Z 1000abc3 f   POSPowerImpl.obj
 0001:00009be6       ?GetOposProp@COPOSPOSPower@@IAEJJPAJJ@Z 1000abe6 f   POSPowerImpl.obj
 0001:00009cb5       ?GetOposProp@COPOSPOSPower@@IAEJJPAPA_WJ@Z 1000acb5 f   POSPowerImpl.obj
 0001:00009d91       ?OnDraw@COPOSPOSPower@@MAEJAAUATL_DRAWINFO@@@Z 1000ad91 f   POSPowerImpl.obj
 0001:00009e31       ?Open@COPOSPOSPower@@UAGJPA_WPAJ@Z 1000ae31 f   POSPowerImpl.obj
 0001:0000a671       ?ReleaseDevice@COPOSPOSPower@@UAGJPAJ@Z 1000b671 f   POSPowerImpl.obj
 0001:0000a6a8       ?ResetStatistics@COPOSPOSPower@@UAGJPA_WPAJ@Z 1000b6a8 f   POSPowerImpl.obj
 0001:0000a6ff       ?RestartPOS@COPOSPOSPower@@UAGJPAJ@Z 1000b6ff f   POSPowerImpl.obj
 0001:0000a71a       ?RetrieveStatistics@COPOSPOSPower@@UAGJPAPA_WPAJ@Z 1000b71a f   POSPowerImpl.obj
 0001:0000a771       ?SOProcessID@COPOSPOSPower@@UAGJPAJ@Z 1000b771 f   POSPowerImpl.obj
 0001:0000a785       ?SetCOFreezeEvents@COPOSPOSPower@@IAEXF@Z 1000b785 f   POSPowerImpl.obj
 0001:0000a825       ?SetOposProp@COPOSPOSPower@@IAEJJJJ@Z 1000b825 f   POSPowerImpl.obj
 0001:0000a91c       ?ShutdownPOS@COPOSPOSPower@@UAGJPAJ@Z 1000b91c f   POSPowerImpl.obj
 0001:0000a937       ?StandbyPOS@COPOSPOSPower@@UAGJJPAJ@Z 1000b937 f   POSPowerImpl.obj
 0001:0000a986       ?SuspendPOS@COPOSPOSPower@@UAGJJPAJ@Z 1000b986 f   POSPowerImpl.obj
 0001:0000a9d5       ?UpdateFirmware@COPOSPOSPower@@UAGJPA_WPAJ@Z 1000b9d5 f   POSPowerImpl.obj
 0001:0000aa2c       ?UpdateStatistics@COPOSPOSPower@@UAGJPA_WPAJ@Z 1000ba2c f   POSPowerImpl.obj
 0001:0000aa83       ?get_BatteryCapacityRemaining@COPOSPOSPower@@UAGJPAJ@Z 1000ba83 f   POSPowerImpl.obj
 0001:0000aa9c       ?get_BatteryCriticallyLowThreshold@COPOSPOSPower@@UAGJPAJ@Z 1000ba9c f   POSPowerImpl.obj
 0001:0000aab5       ?get_BatteryLowThreshold@COPOSPOSPower@@UAGJPAJ@Z 1000bab5 f   POSPowerImpl.obj
 0001:0000aace       ?get_BinaryConversion@COPOSPOSPower@@UAGJPAJ@Z 1000bace f   POSPowerImpl.obj
 0001:0000aae4       ?get_CapBatteryCapacityRemaining@COPOSPOSPower@@UAGJPAF@Z 1000bae4 f   POSPowerImpl.obj
 0001:0000aafd       ?get_CapCompareFirmwareVersion@COPOSPOSPower@@UAGJPAF@Z 1000bafd f   POSPowerImpl.obj
 0001:0000ab16       ?get_CapFanAlarm@COPOSPOSPower@@UAGJPAF@Z 1000bb16 f   POSPowerImpl.obj
 0001:0000ab2f       ?get_CapHeatAlarm@COPOSPOSPower@@UAGJPAF@Z 1000bb2f f   POSPowerImpl.obj
 0001:0000ab48       ?get_CapPowerReporting@COPOSPOSPower@@UAGJPAJ@Z 1000bb48 f   POSPowerImpl.obj
 0001:0000ab61       ?get_CapQuickCharge@COPOSPOSPower@@UAGJPAF@Z 1000bb61 f   POSPowerImpl.obj
 0001:0000ab7a       ?get_CapRestartPOS@COPOSPOSPower@@UAGJPAF@Z 1000bb7a f   POSPowerImpl.obj
 0001:0000ab93       ?get_CapShutdownPOS@COPOSPOSPower@@UAGJPAF@Z 1000bb93 f   POSPowerImpl.obj
 0001:0000abac       ?get_CapStandbyPOS@COPOSPOSPower@@UAGJPAF@Z 1000bbac f   POSPowerImpl.obj
 0001:0000abc5       ?get_CapStatisticsReporting@COPOSPOSPower@@UAGJPAF@Z 1000bbc5 f   POSPowerImpl.obj
 0001:0000abde       ?get_CapSuspendPOS@COPOSPOSPower@@UAGJPAF@Z 1000bbde f   POSPowerImpl.obj
 0001:0000abf7       ?get_CapUPSChargeState@COPOSPOSPower@@UAGJPAJ@Z 1000bbf7 f   POSPowerImpl.obj
 0001:0000ac10       ?get_CapUpdateFirmware@COPOSPOSPower@@UAGJPAF@Z 1000bc10 f   POSPowerImpl.obj
 0001:0000ac29       ?get_CapUpdateStatistics@COPOSPOSPower@@UAGJPAF@Z 1000bc29 f   POSPowerImpl.obj
 0001:0000ac42       ?get_CapVariableBatteryCriticallyLowThreshold@COPOSPOSPower@@UAGJPAF@Z 1000bc42 f   POSPowerImpl.obj
 0001:0000ac5b       ?get_CapVariableBatteryLowThreshold@COPOSPOSPower@@UAGJPAF@Z 1000bc5b f   POSPowerImpl.obj
 0001:0000ac74       ?get_CheckHealthText@COPOSPOSPower@@UAGJPAPA_W@Z 1000bc74 f   POSPowerImpl.obj
 0001:0000ac8d       ?get_Claimed@COPOSPOSPower@@UAGJPAF@Z 1000bc8d f   POSPowerImpl.obj
 0001:0000aca3       ?get_ControlObjectDescription@COPOSPOSPower@@UAGJPAPA_W@Z 1000bca3 f   POSPowerImpl.obj
 0001:0000acf1       ?get_ControlObjectVersion@COPOSPOSPower@@UAGJPAJ@Z 1000bcf1 f   POSPowerImpl.obj
 0001:0000ad04       ?get_DeviceDescription@COPOSPOSPower@@UAGJPAPA_W@Z 1000bd04 f   POSPowerImpl.obj
 0001:0000ad1d       ?get_DeviceEnabled@COPOSPOSPower@@UAGJPAF@Z 1000bd1d f   POSPowerImpl.obj
 0001:0000ad33       ?get_DeviceName@COPOSPOSPower@@UAGJPAPA_W@Z 1000bd33 f   POSPowerImpl.obj
 0001:0000ad4c       ?get_EnforcedShutdownDelayTime@COPOSPOSPower@@UAGJPAJ@Z 1000bd4c f   POSPowerImpl.obj
 0001:0000ad65       ?get_FreezeEvents@COPOSPOSPower@@UAGJPAF@Z 1000bd65 f   POSPowerImpl.obj
 0001:0000ad7b       ?get_OpenResult@COPOSPOSPower@@UAGJPAJ@Z 1000bd7b f   POSPowerImpl.obj
 0001:0000ad92       ?get_PowerFailDelayTime@COPOSPOSPower@@UAGJPAJ@Z 1000bd92 f   POSPowerImpl.obj
 0001:0000adab       ?get_PowerNotify@COPOSPOSPower@@UAGJPAJ@Z 1000bdab f   POSPowerImpl.obj
 0001:0000adc1       ?get_PowerSource@COPOSPOSPower@@UAGJPAJ@Z 1000bdc1 f   POSPowerImpl.obj
 0001:0000adda       ?get_PowerState@COPOSPOSPower@@UAGJPAJ@Z 1000bdda f   POSPowerImpl.obj
 0001:0000adf0       ?get_QuickChargeMode@COPOSPOSPower@@UAGJPAF@Z 1000bdf0 f   POSPowerImpl.obj
 0001:0000ae09       ?get_QuickChargeTime@COPOSPOSPower@@UAGJPAJ@Z 1000be09 f   POSPowerImpl.obj
 0001:0000ae22       ?get_ResultCode@COPOSPOSPower@@UAGJPAJ@Z 1000be22 f   POSPowerImpl.obj
 0001:0000ae60       ?get_ResultCodeExtended@COPOSPOSPower@@UAGJPAJ@Z 1000be60 f   POSPowerImpl.obj
 0001:0000ae76       ?get_ServiceObjectDescription@COPOSPOSPower@@UAGJPAPA_W@Z 1000be76 f   POSPowerImpl.obj
 0001:0000ae8f       ?get_ServiceObjectVersion@COPOSPOSPower@@UAGJPAJ@Z 1000be8f f   POSPowerImpl.obj
 0001:0000aea5       ?get_State@COPOSPOSPower@@UAGJPAJ@Z 1000bea5 f   POSPowerImpl.obj
 0001:0000aed1       ?get_UPSChargeState@COPOSPOSPower@@UAGJPAJ@Z 1000bed1 f   POSPowerImpl.obj
 0001:0000aeea       ?put_BatteryCriticallyLowThreshold@COPOSPOSPower@@UAGJJ@Z 1000beea f   POSPowerImpl.obj
 0001:0000af03       ?put_BatteryLowThreshold@COPOSPOSPower@@UAGJJ@Z 1000bf03 f   POSPowerImpl.obj
 0001:0000af1c       ?put_BinaryConversion@COPOSPOSPower@@UAGJJ@Z 1000bf1c f   POSPowerImpl.obj
 0001:0000af32       ?put_DeviceEnabled@COPOSPOSPower@@UAGJF@Z 1000bf32 f   POSPowerImpl.obj
 0001:0000af4f       ?put_EnforcedShutdownDelayTime@COPOSPOSPower@@UAGJJ@Z 1000bf4f f   POSPowerImpl.obj
 0001:0000af68       ?put_FreezeEvents@COPOSPOSPower@@UAGJF@Z 1000bf68 f   POSPowerImpl.obj
 0001:0000afb4       ?put_PowerNotify@COPOSPOSPower@@UAGJJ@Z 1000bfb4 f   POSPowerImpl.obj
 0001:0000afca       ?s_EventWindowProc@COPOSPOSPower@@KGJPAUHWND__@@IIJ@Z 1000bfca f i POSPowerImpl.obj
 0001:0000b01c       ??_U@YAPAXI@Z              1000c01c f   LIBCMT:new_array.obj
 0001:0000b025       ??3@YAXPAXI@Z              1000c025 f   LIBCMT:delete_scalar_size.obj
 0001:0000b033       ??_V@YAXPAX@Z              1000c033 f   LIBCMT:delete_array.obj
 0001:0000b038       ??_V@YAXPAXI@Z             1000c038 f   LIBCMT:delete_array_size.obj
 0001:0000b08a       ___scrt_acquire_startup_lock 1000c08a f   LIBCMT:utility.obj
 0001:0000b0bc       ___scrt_dllmain_after_initialize_c 1000c0bc f   LIBCMT:utility.obj
 0001:0000b0e7       ___scrt_dllmain_before_initialize_c 1000c0e7 f   LIBCMT:utility.obj
 0001:0000b0f5       ___scrt_dllmain_crt_thread_attach 1000c0f5 f   LIBCMT:utility.obj
 0001:0000b114       ___scrt_dllmain_crt_thread_detach 1000c114 f   LIBCMT:utility.obj
 0001:0000b121       ___scrt_dllmain_exception_filter 1000c121 f   LIBCMT:utility.obj
 0001:0000b155       ___scrt_dllmain_uninitialize_c 1000c155 f   LIBCMT:utility.obj
 0001:0000b178       ___scrt_dllmain_uninitialize_critical 1000c178 f   LIBCMT:utility.obj
 0001:0000b185       ___scrt_initialize_crt     1000c185 f   LIBCMT:utility.obj
 0001:0000b1be       ___scrt_initialize_onexit_tables 1000c1be f   LIBCMT:utility.obj
 0001:0000b245       ___scrt_is_nonwritable_in_current_image 1000c245 f   LIBCMT:utility.obj
 0001:0000b2d9       ___scrt_release_startup_lock 1000c2d9 f   LIBCMT:utility.obj
 0001:0000b2f6       ___scrt_uninitialize_crt   1000c2f6 f   LIBCMT:utility.obj
 0001:0000b31e       __onexit                   1000c31e f   LIBCMT:utility.obj
 0001:0000b34b       _atexit                    1000c34b f   LIBCMT:utility.obj
 0001:0000b360       ??3@YAXPAX@Z               1000c360 f   LIBCMT:delete_scalar.obj
 0001:0000b42a       __Init_thread_footer       1000c42a f   LIBCMT:thread_safe_statics.obj
 0001:0000b474       __Init_thread_header       1000c474 f   LIBCMT:thread_safe_statics.obj
 0001:0000b4c6       __Init_thread_notify       1000c4c6 f   LIBCMT:thread_safe_statics.obj
 0001:0000b4fc       __Init_thread_wait         1000c4fc f   LIBCMT:thread_safe_statics.obj
 0001:0000b54a       ___raise_securityfailure   1000c54a f   LIBCMT:gs_report.obj
 0001:0000b572       ___report_gsfailure        1000c572 f   LIBCMT:gs_report.obj
 0001:0000b66c       ___report_rangecheckfailure 1000c66c f   LIBCMT:gs_report.obj
 0001:0000b678       ___report_securityfailure  1000c678 f   LIBCMT:gs_report.obj
 0001:0000b747       ??2@YAPAXIABUnothrow_t@std@@@Z 1000c747 f   LIBCMT:new_scalar_nothrow.obj
 0001:0000b79c       ??_U@YAPAXIABUnothrow_t@std@@@Z 1000c79c f   LIBCMT:new_array_nothrow.obj
 0001:0000b7a5       @__security_check_cookie@4 1000c7a5 f   LIBCMT:secchk.obj
 0001:0000b7c0       __SEH_prolog4_GS           1000c7c0 f   LIBCMT:sehprolg4gs.obj
 0001:0000b810       __alloca_probe_16          1000c810 f   LIBCMT:alloca16.obj
 0001:0000b826       __alloca_probe_8           1000c826     LIBCMT:alloca16.obj
 0001:0000b840       __alloca_probe             1000c840 f   LIBCMT:chkstk.obj
 0001:0000b840       __chkstk                   1000c840 f   LIBCMT:chkstk.obj
 0001:0000bbab       __DllMainCRTStartup@12     1000cbab f   LIBCMT:dll_dllmain.obj
 0001:0000bbce       ??2@YAPAXI@Z               1000cbce f   LIBCMT:new_scalar.obj
 0001:0000bbfe       ___isa_available_init      1000cbfe f   LIBCMT:cpu_disp.obj
 0001:0000bdd2       ___scrt_is_ucrt_dll_in_use 1000cdd2 f   LIBCMT:ucrt_detection.obj
 0001:0000bdde       ___scrt_fastfail           1000cdde f   LIBCMT:utility_desktop.obj
 0001:0000bef9       __crt_debugger_hook        1000cef9 f   LIBCMT:utility_desktop.obj
 0001:0000bf10       __SEH_prolog4              1000cf10 f   LIBCMT:sehprolg4.obj
 0001:0000bf55       @_guard_check_icall_nop@4  1000cf55 f i LIBCMT:guard_support.obj
 0001:0000bfa5       ___security_init_cookie    1000cfa5 f   LIBCMT:gs_support.obj
 0001:0000bff0       ?__scrt_initialize_type_info@@YAXXZ 1000cff0 f   LIBCMT:tncleanup.obj
 0001:0000bffc       ?__scrt_uninitialize_type_info@@YAXXZ 1000cffc f   LIBCMT:tncleanup.obj
 0001:0000c008       ___local_stdio_scanf_options 1000d008 f i LIBCMT:default_local_stdio_options.obj
 0001:0000c00e       ___scrt_initialize_default_local_stdio_options 1000d00e f   LIBCMT:default_local_stdio_options.obj
 0001:0000c02b       ___scrt_get_dyn_tls_init_callback 1000d02b f   LIBCMT:dyn_tls_init.obj
 0001:0000c031       __RTC_Initialize           1000d031 f   LIBCMT:initsect.obj
 0001:0000c05d       __RTC_Terminate            1000d05d f   LIBCMT:initsect.obj
 0001:0000c089       ??0bad_alloc@std@@QAE@ABV01@@Z 1000d089 f i LIBCMT:throw_bad_alloc.obj
 0001:0000c0a4       ??0bad_alloc@std@@QAE@XZ   1000d0a4 f i LIBCMT:throw_bad_alloc.obj
 0001:0000c0bc       ??0bad_array_new_length@std@@QAE@ABV01@@Z 1000d0bc f i LIBCMT:throw_bad_alloc.obj
[...]
 0002:00006430       Magic                      10026430     libucrt:log10_pentium4.obj
 0002:00006440       hi_mask                    10026440     libucrt:log10_pentium4.obj
 0002:00006450       LOG10_2                    10026450     libucrt:log10_pentium4.obj
 0002:00006460       place_L                    10026460     libucrt:log10_pentium4.obj
 0002:00006480       One                        10026480     libucrt:log10_pentium4.obj
 0002:00006490       Zero                       10026490     libucrt:log10_pentium4.obj
 0002:000064a0       Two52                      100264a0     libucrt:log10_pentium4.obj
 0002:000064b0       Infs                       100264b0     libucrt:log10_pentium4.obj
 0002:000064c0       NaN                        100264c0     libucrt:log10_pentium4.obj
 0002:000064d0       coeff                      100264d0     libucrt:log10_pentium4.obj
 0002:0000652e       _log2max                   1002652e     libucrt:87tran.obj
 0002:00006538       _smallarg                  10026538     libucrt:87tran.obj
 0002:00006542       _half                      10026542     libucrt:87tran.obj
 0002:0000658e       One                        1002658e     libucrt:87disp.obj
 0002:00006596       Three                      10026596     libucrt:87disp.obj
 0002:0000659e       XAMtoTagTab                1002659e     libucrt:87disp.obj
 0002:000065b0       One                        100265b0     libucrt:common.obj
 0002:000065c4       DblMax                     100265c4     libucrt:common.obj
 0002:000065cc       DblMin                     100265cc     libucrt:common.obj
 0002:000065d4       IeeeAdjO                   100265d4     libucrt:common.obj
 0002:000065dc       IeeeAdjU                   100265dc     libucrt:common.obj
 0002:000065e4       _infinity                  100265e4     libucrt:common.obj
 0002:000065ec       _zero                      100265ec     libucrt:common.obj
 0002:00006638       _over                      10026638     libucrt:fpctrl.obj
 0002:00006644       _under                     10026644     libucrt:fpctrl.obj
 0002:00006e78       ?_names@?1??_get_fname@@9@4QBU<unnamed-type-_names>@?1??1@YAPADI@Z@B 10026e78     libucrt:fpexcept.obj
 0002:00007020       two32                      10027020     LIBCMT:ftol2.obj
 0002:00007024       two63                      10027024     LIBCMT:ftol2.obj
 0002:00007028       _NaN                       10027028     LIBCMT:ftol2.obj
 0002:00007750       __sehtable$?_AtlVerifyStackAvailable@_ATL_SAFE_ALLOCA_IMPL@ATL@@YA_NK@Z 10027750     POSPower.obj
 0002:00007770       __sehtable$___scrt_is_nonwritable_in_current_image 10027770     LIBCMT:utility.obj
 0002:0000778c       __catchsym$??2@YAPAXIABUnothrow_t@std@@@Z$2 1002778c     LIBCMT:new_scalar_nothrow.obj
 0002:0000779c       __unwindtable$??2@YAPAXIABUnothrow_t@std@@@Z 1002779c     LIBCMT:new_scalar_nothrow.obj
 0002:000077ac       __tryblocktable$??2@YAPAXIABUnothrow_t@std@@@Z 100277ac     LIBCMT:new_scalar_nothrow.obj
 0002:000077c0       __ehfuncinfo$??2@YAPAXIABUnothrow_t@std@@@Z 100277c0     LIBCMT:new_scalar_nothrow.obj
 0002:000077e8       __sehtable$?dllmain_crt_process_attach@@YAHQAUHINSTANCE__@@QAX@Z 100277e8     LIBCMT:dll_dllmain.obj
 0002:00007808       __sehtable$?dllmain_crt_process_detach@@YAH_N@Z 10027808     LIBCMT:dll_dllmain.obj
 0002:00007830       __sehtable$?dllmain_dispatch@@YAHQAUHINSTANCE__@@KQAX@Z 10027830     LIBCMT:dll_dllmain.obj
 0002:000078e0       __sehtable$___DestructExceptionObject 100278e0     libvcruntime:ehhelpers.obj
 0002:00007900       __sehtable$?FrameUnwindToState@__FrameHandler3@@SAXPAUEHRegistrationNode@@PAXPBU_s_FuncInfo@@H@Z 10027900     libvcruntime:frame.obj
 0002:00007928       __sehtable$?CallCatchBlock@@YAPAXPAUEHExceptionRecord@@PAUEHRegistrationNode@@PAU_CONTEXT@@PBU_s_FuncInfo@@PAXHK@Z 10027928     libvcruntime:frame.obj
 0002:00007950       __catchsym$?CallUnexpected@@YAXPBU_s_ESTypeList@@@Z$2 10027950     libvcruntime:frame.obj
 0002:00007960       __unwindtable$?CallUnexpected@@YAXPBU_s_ESTypeList@@@Z 10027960     libvcruntime:frame.obj
 0002:00007970       __tryblocktable$?CallUnexpected@@YAXPBU_s_ESTypeList@@@Z 10027970     libvcruntime:frame.obj
 0002:00007984       __ehfuncinfo$?CallUnexpected@@YAXPBU_s_ESTypeList@@@Z 10027984     libvcruntime:frame.obj
 0002:000079a8       __sehtable$??$BuildCatchObjectHelperInternal@V__FrameHandler3@@@@YAHPAUEHExceptionRecord@@PAXPBU_s_HandlerType@@PBU_s_CatchableType@@@Z 100279a8     libvcruntime:frame.obj
 0002:000079c8       __sehtable$??$BuildCatchObjectInternal@V__FrameHandler3@@@@YAXPAUEHExceptionRecord@@PAXPBU_s_HandlerType@@PBU_s_CatchableType@@@Z 100279c8     libvcruntime:frame.obj
 0002:00007a1c       __ehfuncinfo$?write_double_translated_ansi_nolock@@YA?AUwrite_result@?A0x17268360@@HQBDIAAV__crt_cached_ptd_host@@@Z 10027a1c     libucrt:write.obj
 0002:00007a1c       __ehfuncinfo$?try_cor_exit_process@@YAXI@Z 10027a1c     libucrt:exit.obj
 0002:00007a40       __unwindtable$?common_exit@@YAXHW4_crt_exit_cleanup_mode@@W4_crt_exit_return_mode@@@Z 10027a40     libucrt:exit.obj
 0002:00007a48       __ehfuncinfo$?common_exit@@YAXHW4_crt_exit_cleanup_mode@@W4_crt_exit_return_mode@@@Z 10027a48     libucrt:exit.obj
 0002:00007a70       __sehtable$??R<lambda_6e4b09c48022b2350581041d5f6b0c4c>@@QBE@XZ 10027a70     libucrt:exit.obj
 0002:00007a90       __sehtable$??$?RV<lambda_03b1d95aef87969028cfba75ccab2455>@@AAV<lambda_6e4b09c48022b2350581041d5f6b0c4c>@@V<lambda_22bdf7517842c4b3e53723af5aa32b9e>@@@?$__crt_seh_guarded_call@X@@QAEX$$QAV<lambda_03b1d95aef87969028cfba75ccab2455>@@AAV<lambda_6e4b09c48022b2350581041d5f6b0c4c>@@$$QAV<lambda_22bdf7517842c4b3e53723af5aa32b9e>@@@Z 10027a90     libucrt:exit.obj
 0002:00007aac       __unwindtable$___dcrt_uninitialize_environments_nolock 10027aac     libucrt:environment_initialization.obj
 0002:00007abc       __ehfuncinfo$___dcrt_uninitialize_environments_nolock 10027abc     libucrt:environment_initialization.obj
 0002:00007ae0       __unwindtable$__execute_onexit_table 10027ae0     libucrt:onexit.obj
 0002:00007ae8       __ehfuncinfo$__execute_onexit_table 10027ae8     libucrt:onexit.obj
 0002:00007b10       __sehtable$??$?RV<lambda_8e746cf0007f6ed984d6f78af1fec997>@@AAV<lambda_22ebabd17bc4fa466a2aca6d8deb888d>@@V<lambda_18ed0c0b38a6dc0daf1e7ac6d6adf05e>@@@?$__crt_seh_guarded_call@H@@QAEH$$QAV<lambda_8e746cf0007f6ed984d6f78af1fec997>@@AAV<lambda_22ebabd17bc4fa466a2aca6d8deb888d>@@$$QAV<lambda_18ed0c0b38a6dc0daf1e7ac6d6adf05e>@@@Z 10027b10     libucrt:onexit.obj
 0002:00007b30       __sehtable$??$?RV<lambda_69a2805e680e0e292e8ba93315fe43a8>@@AAV<lambda_f03950bc5685219e0bcd2087efbe011e>@@V<lambda_03fcd07e894ec930e3f35da366ca99d6>@@@?$__crt_seh_guarded_call@H@@QAEH$$QAV<lambda_69a2805e680e0e292e8ba93315fe43a8>@@AAV<lambda_f03950bc5685219e0bcd2087efbe011e>@@$$QAV<lambda_03fcd07e894ec930e3f35da366ca99d6>@@@Z 10027b30     libucrt:onexit.obj
 0002:00007b50       __sehtable$__query_new_handler 10027b50     libucrt:new_handler.obj
 0002:00007b70       __sehtable$_terminate      10027b70     libucrt:terminate.obj
 0002:00007b90       __sehtable$??$?RV<lambda_15ade71b0218206bbe3333a0c9b79046>@@AAV<lambda_da44e0f8b0f19ba52fefafb335991732>@@V<lambda_207f2d024fc103971653565357d6cd41>@@@?$__crt_seh_guarded_call@X@@QAEX$$QAV<lambda_15ade71b0218206bbe3333a0c9b79046>@@AAV<lambda_da44e0f8b0f19ba52fefafb335991732>@@$$QAV<lambda_207f2d024fc103971653565357d6cd41>@@@Z 10027b90     libucrt:per_thread_data.obj
 0002:00007bb0       __sehtable$??$?RV<lambda_a7e850c220f1c8d1e6efeecdedd162c6>@@AAV<lambda_46720907175c18b6c9d2717bc0d2d362>@@V<lambda_9048902d66e8d99359bc9897bbb930a8>@@@?$__crt_seh_guarded_call@X@@QAEX$$QAV<lambda_a7e850c220f1c8d1e6efeecdedd162c6>@@AAV<lambda_46720907175c18b6c9d2717bc0d2d362>@@$$QAV<lambda_9048902d66e8d99359bc9897bbb930a8>@@@Z 10027bb0     libucrt:per_thread_data.obj
 0002:00007bd0       __sehtable$??$?RV<lambda_38edbb1296d33220d7e4dd0ed76b244a>@@AAV<lambda_5ce1d447e08cb34b2473517608e21441>@@V<lambda_fb385d3da700c9147fc39e65dd577a8c>@@@?$__crt_seh_guarded_call@X@@QAEX$$QAV<lambda_38edbb1296d33220d7e4dd0ed76b244a>@@AAV<lambda_5ce1d447e08cb34b2473517608e21441>@@$$QAV<lambda_fb385d3da700c9147fc39e65dd577a8c>@@@Z 10027bd0     libucrt:per_thread_data.obj
 0002:00007bf0       __sehtable$??$?RV<lambda_6affb1475c98b40b75cdec977db92e3c>@@AAV<lambda_b8d4b9c228a6ecc3f80208dbb4b4a104>@@V<lambda_608742c3c92a14382c1684fc64f96c88>@@@?$__crt_seh_guarded_call@X@@QAEX$$QAV<lambda_6affb1475c98b40b75cdec977db92e3c>@@AAV<lambda_b8d4b9c228a6ecc3f80208dbb4b4a104>@@$$QAV<lambda_608742c3c92a14382c1684fc64f96c88>@@@Z 10027bf0     libucrt:per_thread_data.obj
 0002:00007c10       __sehtable$??$?RV<lambda_e5124f882df8998aaf41531e079ba474>@@AAV<lambda_3e16ef9562a7dcce91392c22ab16ea36>@@V<lambda_e25ca0880e6ef98be67edffd8c599615>@@@?$__crt_seh_guarded_call@X@@QAEX$$QAV<lambda_e5124f882df8998aaf41531e079ba474>@@AAV<lambda_3e16ef9562a7dcce91392c22ab16ea36>@@$$QAV<lambda_e25ca0880e6ef98be67edffd8c599615>@@@Z 10027c10     libucrt:wsetlocale.obj
 0002:00007c30       __sehtable$___acrt_initialize_lowio 10027c30     libucrt:ioinit.obj
 0002:00007c50       __sehtable$?update_thread_multibyte_data_internal@@YAPAU__crt_multibyte_data@@QAU__acrt_ptd@@QAPAU1@@Z 10027c50     libucrt:mbctype.obj
 0002:00007c70       __sehtable$??$?RV<lambda_ceb1ee4838e85a9d631eb091e2fbe199>@@AAV<lambda_ae742caa10f662c28703da3d2ea5e57e>@@V<lambda_cd08b5d6af4937fe54fc07d0c9bf6b37>@@@?$__crt_seh_guarded_call@X@@QAEX$$QAV<lambda_ceb1ee4838e85a9d631eb091e2fbe199>@@AAV<lambda_ae742caa10f662c28703da3d2ea5e57e>@@$$QAV<lambda_cd08b5d6af4937fe54fc07d0c9bf6b37>@@@Z 10027c70     libucrt:mbctype.obj
 0002:00007c90       __sehtable$_raise          10027c90     libucrt:signal.obj
 0002:00007cb0       __sehtable$??$?RV<lambda_cbab9ec6f41b0180b23cc171c22676b0>@@AAV<lambda_44731a7d0e6d81c3e6aa82d741081786>@@V<lambda_4b292cb8dd18144e164572427af410ab>@@@?$__crt_seh_guarded_call@P6AXH@Z@@QAEP6AXH@Z$$QAV<lambda_cbab9ec6f41b0180b23cc171c22676b0>@@AAV<lambda_44731a7d0e6d81c3e6aa82d741081786>@@$$QAV<lambda_4b292cb8dd18144e164572427af410ab>@@@Z 10027cb0     libucrt:signal.obj
 0002:00007cd0       __sehtable$??$?RV<lambda_2866be3712abc81a800a822484c830d8>@@AAV<lambda_39ca0ed439415581b5b15c265174cece>@@V<lambda_2b24c74d71094a6cd0cb82e44167d71b>@@@?$__crt_seh_guarded_call@X@@QAEX$$QAV<lambda_2866be3712abc81a800a822484c830d8>@@AAV<lambda_39ca0ed439415581b5b15c265174cece>@@$$QAV<lambda_2b24c74d71094a6cd0cb82e44167d71b>@@@Z 10027cd0     libucrt:fflush.obj
 0002:00007cf0       __sehtable$??$?RV<lambda_2cc53f568c5a2bb6f192f930a45d44ea>@@AAV<lambda_ab61a845afdef5b7c387490eaf3616ee>@@V<lambda_c2ffc0b7726aa6be21d5f0026187e748>@@@?$__crt_seh_guarded_call@X@@QAEX$$QAV<lambda_2cc53f568c5a2bb6f192f930a45d44ea>@@AAV<lambda_ab61a845afdef5b7c387490eaf3616ee>@@$$QAV<lambda_c2ffc0b7726aa6be21d5f0026187e748>@@@Z 10027cf0     libucrt:fflush.obj
 0002:00007d10       __sehtable$___acrt_update_thread_locale_data 10027d10     libucrt:locale_refcounting.obj
 0002:00007d30       __sehtable$__fcloseall     10027d30     libucrt:closeall.obj
 0002:00007d50       __sehtable$___acrt_lowio_ensure_fh_exists 10027d50     libucrt:osfinfo.obj
 0002:00007d70       __sehtable$??$?RV<lambda_9e9de3de5fa147e2223d7db92bc10aa6>@@AAV<lambda_38ce7e780aa69e748d6df282ebc68efe>@@V<lambda_8ca6da459f0f6780f1cff60fdc3d00e5>@@@?$__crt_seh_guarded_call@H@@QAEH$$QAV<lambda_9e9de3de5fa147e2223d7db92bc10aa6>@@AAV<lambda_38ce7e780aa69e748d6df282ebc68efe>@@$$QAV<lambda_8ca6da459f0f6780f1cff60fdc3d00e5>@@@Z 10027d70     libucrt:commit.obj
 0002:00007d90       __sehtable$__write_internal 10027d90     libucrt:write.obj
 0002:00007db0       __sehtable$?_fclose_internal@@YAHQAU_iobuf@@AAV__crt_cached_ptd_host@@@Z 10027db0     libucrt:fclose.obj
 0002:00007dd0       __sehtable$??$?RV<lambda_d422a76eb4c3bf3ad751449ab71a6ea4>@@AAV<lambda_c9ba49e555ba839a7b07aa3fbecb7617>@@V<lambda_9476263c8ee91a25d21c55370bdb50de>@@@?$__crt_seh_guarded_call@H@@QAEH$$QAV<lambda_d422a76eb4c3bf3ad751449ab71a6ea4>@@AAV<lambda_c9ba49e555ba839a7b07aa3fbecb7617>@@$$QAV<lambda_9476263c8ee91a25d21c55370bdb50de>@@@Z 10027dd0     libucrt:close.obj
 0002:00007df0       __sehtable$___set_fpsr_sse2 10027df0     libucrt:fpctrl.obj
 0002:00007e10       __sehtable$__IsNonwritableInCurrentImage 10027e10     LIBCMT:pesect.obj
 0002:00007e40       .edata                     10027e40     OPOSPOSPower.exp
 0002:00007e68       rgpv                       10027e68     OPOSPOSPower.exp
 0002:00007e78       rgszName                   10027e78     OPOSPOSPower.exp
 0002:00007e88       rgwOrd                     10027e88     OPOSPOSPower.exp
 0002:00007e90       szName                     10027e90     OPOSPOSPower.exp
 0002:00007ea1       $N00001                    10027ea1     OPOSPOSPower.exp
 0002:00007eb1       $N00002                    10027eb1     OPOSPOSPower.exp
 0002:00007ec3       $N00003                    10027ec3     OPOSPOSPower.exp
 0002:00007ed5       $N00004                    10027ed5     OPOSPOSPower.exp
 0002:000084e6       .idata$6                   100284e6     kernel32:KERNEL32.dll
 0002:000086fa       .idata$6                   100286fa     user32:USER32.dll
 0002:0000882e       .idata$6                   1002882e     gdi32:GDI32.dll
 0002:000088d4       .idata$6                   100288d4     advapi32:ADVAPI32.dll
 0002:000089f0       .idata$6                   100289f0     ole32:ole32.dll
 0002:000089fa       .idata$6                   100289fa     oleaut32:OLEAUT32.dll
 0003:00000110       ?ObjectMap@@3PAU_ATL_OBJMAP_ENTRY30@ATL@@A 10029110     POSPower.obj
 0003:000001c4       ?s_RequiredMethodsPerRelease@@3PAHA 100291c4     POSPowerImpl.obj
 0003:000001d8       ?s_SOMethodNames@@3PAPADA  100291d8     POSPowerImpl.obj
 0003:00000250       ?__vcrt_flsindex@@3KA      10029250     libvcruntime:per_thread_data.obj
 0003:00000270       ?errno_no_memory@@3HA      10029270     libucrt:errno.obj
 0003:00000274       ?doserrno_no_memory@@3KA   10029274     libucrt:errno.obj
 0003:00000280       ?__acrt_flsindex@@3KA      10029280     libucrt:per_thread_data.obj
 0003:00000618       __mbctypes                 10029618     libucrt:mbctype.obj
 0003:00000720       __mbcasemaps               10029720     libucrt:mbctype.obj
 0003:00000820       ?__rgctypeflag@@3PADA      10029820     libucrt:mbctype.obj
 0003:00000828       ?__rgcode_page_info@@3PAUcode_page_info@@A 10029828     libucrt:mbctype.obj
 0003:00000a80       ?__dcrt_lowio_console_output_handle@@3PAXA 10029a80     libucrt:initcon.obj
 0003:00000a84       ?__DAZ_ENABLED@?1??__set_fpsr_sse2@@9@9 10029a84     libucrt:fpctrl.obj
 0003:00000c18       ?is_initialized_as_dll@@3_NA 10029c18     LIBCMT:utility.obj
 0003:00000c19       ?module_local_atexit_table_initialized@@3_NA 10029c19     LIBCMT:utility.obj
 0003:00000c1c       ?module_local_atexit_table@@3U_onexit_table_t@@A 10029c1c     LIBCMT:utility.obj
 0003:00000c28       ?module_local_at_quick_exit_table@@3U_onexit_table_t@@A 10029c28     LIBCMT:utility.obj
 0003:00000c34       ?g_tss_cv@@3U_RTL_CONDITION_VARIABLE@@A 10029c34     LIBCMT:thread_safe_statics.obj
 0003:00000c38       ?g_tss_event@@3PAXA        10029c38     LIBCMT:thread_safe_statics.obj
 0003:00000c3c       ?g_tss_mutex@@3U_RTL_CRITICAL_SECTION@@A 10029c3c     LIBCMT:thread_safe_statics.obj
 0003:00000c54       ?g_sleep_condition_variable_cs@@3P6GHPAU_RTL_CONDITION_VARIABLE@@PAU_RTL_CRITICAL_SECTION@@K@ZA 10029c54     LIBCMT:thread_safe_statics.obj
 0003:00000c58       ?g_wake_all_condition_variable@@3P6GXPAU_RTL_CONDITION_VARIABLE@@@ZA 10029c58     LIBCMT:thread_safe_statics.obj
 0003:00000c60       _GS_ExceptionRecord        10029c60     LIBCMT:gs_report.obj
 0003:00000cb0       _GS_ContextRecord          10029cb0     LIBCMT:gs_report.obj
 0003:00000f80       ?__proc_attached@@3HA      10029f80     LIBCMT:dll_dllmain.obj
 0003:00000fdc       ?AllocateData@@3P6GPAUAtlThunkData_t@@XZA 10029fdc     atls:atlthunk.obj
 0003:00000fe0       ?InitData@@3P6GXPAUAtlThunkData_t@@PAXI@ZA 10029fe0     atls:atlthunk.obj
 0003:00000fe4       ?DataToCode@@3P6GP6GJPAUHWND__@@IIJ@ZPAUAtlThunkData_t@@@ZA 10029fe4     atls:atlthunk.obj
 0003:00000fe8       ?FreeData@@3P6GXPAUAtlThunkData_t@@@ZA 10029fe8     atls:atlthunk.obj
 0003:00000fec       ?Initialized@@3_NA         10029fec     atls:atlthunk.obj
 0003:00000ffc       ?__vcrt_startup_thread_ptd@@3U__vcrt_ptd@@A 10029ffc     libvcruntime:per_thread_data.obj
 0003:00001024       ___vcrt_lock_table         1002a024     libvcruntime:locks.obj
 0003:0000103c       ___vcrt_locks_initialized  1002a03c     libvcruntime:locks.obj
 0003:00001068       ?heap@@3V_HeapManager@@A   1002a068     libvcruntime:undname.obj
 0003:0000107c       ?module_handles@@3PAPAUHINSTANCE__@@A 1002a07c     libvcruntime:winapi_downlevel.obj
 0003:00001088       ?function_pointers@@3PAPAXA 1002a088     libvcruntime:winapi_downlevel.obj
 0003:0000109c       ?__acrt_invalid_parameter_handler@@3V?$dual_state_global@P6AXPB_W00II@Z@__crt_state_management@@A 1002a09c     libucrt:invalid_parameter.obj
 0003:000010a0       ?c_termination_complete@@3JA 1002a0a0     libucrt:exit.obj
 0003:000010a4       ?thread_local_exit_callback_func@@3P6GXPAXK0@ZA 1002a0a4     libucrt:exit.obj
 0003:000010b0       ?program_name@?1???$common_configure_argv@D@@YAHW4_crt_argv_mode@@@Z@4PADA 1002a0b0     libucrt:argv_parsing.obj
 0003:000011e0       ?__acrt_new_handler@@3V?$dual_state_global@P6AHI@Z@__crt_state_management@@A 1002a1e0     libucrt:new_handler.obj
 0003:000011f0       ?module_handles@@3PAPAUHINSTANCE__@@A 1002a1f0     libucrt:winapi_thunks.obj
 0003:00001240       ?encoded_function_pointers@@3PAPAXA 1002a240     libucrt:winapi_thunks.obj
 0003:000012c8       ?internal_state@?1??_mbtowc_internal@@9@4U_Mbstatet@@A 1002a2c8     libucrt:mbtowc.obj
 0003:000012d8       ?enable_percent_n@@3IA     1002a2d8     libucrt:printf_count_output.obj
 0003:000014f0       ?__acrt_lock_table@@3PAU_RTL_CRITICAL_SECTION@@A 1002a4f0     libucrt:locks.obj
 0003:00001640       ?__acrt_locks_initialized@@3IA 1002a640     libucrt:locks.obj
 0003:00001650       ?fSystemSet@@3HA           1002a650     libucrt:mbctype.obj
 0003:00001654       ?initialized@?1??__acrt_initialize_multibyte@@9@4_NA 1002a654     libucrt:mbctype.obj
 0003:00001674       ?ctrlc_action@@3V?$dual_state_global@P6AXH@Z@__crt_state_management@@A 1002a674     libucrt:signal.obj
 0003:00001678       ?ctrlbreak_action@@3V?$dual_state_global@P6AXH@Z@__crt_state_management@@A 1002a678     libucrt:signal.obj
 0003:0000167c       ?abort_action@@3V?$dual_state_global@P6AXH@Z@__crt_state_management@@A 1002a67c     libucrt:signal.obj
 0003:00001680       ?term_action@@3V?$dual_state_global@P6AXH@Z@__crt_state_management@@A 1002a680     libucrt:signal.obj
 0003:00001684       ?user_matherr@@3V?$dual_state_global@P6AHPAU_exception@@@Z@__crt_state_management@@A 1002a684     libucrt:matherr.obj
 0003:00001690       ?__acrt_global_new_mode@@3V?$dual_state_global@J@__crt_state_management@@A 1002a690     libucrt:new_mode.obj
 0003:00001694       ?internal_pst@?1??__mbrtoc32_utf8@__crt_mbstring@@YAIPA_UPBDIPAU_Mbstatet@@AAV__crt_cached_ptd_host@@@Z@4U3@A 1002a694     libucrt:mbrtoc32.obj
 0003:0000169c       ?__acrt_app_type@@3W4_crt_app_type@@A 1002a69c     libucrt:report_runtime_error.obj
 0003:000016a4       __pmatherr_set             1002a6a4     libucrt:libm_error.obj
 0004:00000220       $R000000                   1002b220     POSPower.res
 0004:00000bb0       $R000990                   1002bbb0     POSPower.res
 0004:00000c98       $R000A78                   1002bc98     POSPower.res
 0004:00000f00       $R000CE0                   1002bf00     POSPower.res
 0004:00001458       $R001238                   1002c458     POSPower.res
 0004:00004440       $R004220                   1002f440     POSPower.res
 0004:00004470       $R004250                   1002f470     POSPower.res
