 OPOSTotals

 Timestamp is 5b863f66 (Wed Aug 29 15:38:30 2018)

 Preferred load address is 10000000

 Start         Length     Name                   Class
 0001:00000000 00000080H .text$di                CODE
 0001:00000080 0001d1ebH .text$mn                CODE
 0001:0001d26b 00000051H .text$x                 CODE
 0001:0001d2bc 00000042H .text$yd                CODE
 0002:00000000 000002fcH .idata$5                DATA
 0002:000002fc 00000004H .00cfg                  DATA
 0002:00000300 00000004H .CRT$XCA                DATA
 0002:00000304 00000004H .CRT$XCL                DATA
 0002:00000308 00000010H .CRT$XCU                DATA
 0002:00000318 00000004H .CRT$XCZ                DATA
 0002:0000031c 00000004H .CRT$XIA                DATA
 0002:00000320 00000010H .CRT$XIC                DATA
 0002:00000330 00000004H .CRT$XIZ                DATA
 0002:00000334 00000004H .CRT$XLA                DATA
 0002:00000338 00000004H .CRT$XLZ                DATA
 0002:0000033c 00000004H .CRT$XPA                DATA
 0002:00000340 00000008H .CRT$XPX                DATA
 0002:00000348 00000004H .CRT$XPXA               DATA
 0002:0000034c 00000004H .CRT$XPZ                DATA
 0002:00000350 00000004H .CRT$XTA                DATA
 0002:00000354 0000000cH .CRT$XTZ                DATA
 0002:00000358 00000000H .gfids$y                DATA
 0002:00000360 00006db8H .rdata                  DATA
 0002:00007118 00000018H .rdata$T                DATA
 0002:00007130 00000180H .rdata$r                DATA
 0002:000072b0 00000020H .rdata$sxdata           DATA
 0002:000072d0 000003dcH .rdata$zzzdbg           DATA
 0002:000076ac 00000004H .rtc$IAA                DATA
 0002:000076b0 00000004H .rtc$IZZ                DATA
 0002:000076b4 00000004H .rtc$TAA                DATA
 0002:000076b8 00000004H .rtc$TZZ                DATA
 0002:000076bc 00000004H .tls                    DATA
 0002:000076c0 00000004H .tls$                   DATA
 0002:000076c4 00000004H .tls$ZZZ                DATA
 0002:000076c8 00000624H .xdata$x                DATA
 0002:00007cec 00000004H ATL$__a                 DATA
 0002:00007cf0 00000010H ATL$__z                 DATA
 0002:00007d00 000000a8H .edata                  DATA
 0002:00007da8 00000078H .idata$2                DATA
 0002:00007e20 00000014H .idata$3                DATA
 0002:00007e34 000002fcH .idata$4                DATA
 0002:00008130 00000bc0H .idata$6                DATA
 0003:00000000 000009c0H .data                   DATA
 0003:000009c0 00000098H .data$r                 DATA
 0003:00000a58 00000b68H .bss                    DATA
 0004:00000000 00000220H .rsrc$01                DATA
 0004:00000220 00004078H .rsrc$02                DATA

  Address         Publics by Value              Rva+Base       Lib:Object

 0000:00000000       ___guard_iat_count         00000000     <absolute>
 0000:00000000       ___guard_fids_count        00000000     <absolute>
 0000:00000000       ___guard_longjmp_table     00000000     <absolute>
 0000:00000000       ___guard_longjmp_count     00000000     <absolute>
 0000:00000000       ___hybrid_code_map_count   00000000     <absolute>
 0000:00000000       __except_list              00000000     <absolute>
 0000:00000000       ___guard_fids_table        00000000     <absolute>
 0000:00000000       ___hybrid_auxiliary_iat    00000000     <absolute>
 0000:00000000       ___dynamic_value_reloc_table 00000000     <absolute>
 0000:00000000       ___guard_iat_table         00000000     <absolute>
 0000:00000000       ___volatile_metadata       00000000     <absolute>
 0000:00000000       ___enclave_config          00000000     <absolute>
 0000:00000000       ___hybrid_code_map         00000000     <absolute>
 0000:00000008       ___safe_se_handler_count   00000008     <absolute>
 0000:0000002c       __tls_array                0000002c     <absolute>
 0000:00000100       ___guard_flags             00000100     <absolute>
 0000:00000000       ___ImageBase               10000000     <linker-defined>
 0001:00000080       ?DupWide@_CW@@AAEXXZ       10001080 f   CWString.obj
 0001:0000009c       ?cw_dup@@YGXPBDAAHAAPA_W1@Z 1000109c f   CWString.obj
 0001:0000010b       ?cw_memcpy@@YGHPA_WPBDH@Z  1000110b f   CWString.obj
 0001:00000137       ?cw_strcpy@@YAHPA_WPBD@Z   10001137 f   CWString.obj
 0001:0000014a       ?cw_strlen@@YAHPBD@Z       1000114a f   CWString.obj
 0001:00000163       ??0CAtlComModule@ATL@@QAE@XZ 10001163 f i OposVariant.obj
 0001:000001a8       ??0CAtlWinModule@ATL@@QAE@XZ 100011a8 f i OposVariant.obj
 0001:000001df       ??0OposDispParms@@QAE@PAVOposVariant@@H@Z 100011df f   OposVariant.obj
 0001:00000250       ??1OposDispParms@@QAE@XZ   10001250 f   OposVariant.obj
 0001:0000025e       ??A?$CSimpleArray@GV?$CSimpleArrayEqualHelper@G@ATL@@@ATL@@QAEAAGH@Z 1000125e f i OposVariant.obj
 0001:00000283       ??_Estringdispid@CComTypeInfoHolder@ATL@@QAEPAXI@Z 10001283 f i OposVariant.obj
 0001:000002ef       ?AtlWinModuleInit@ATL@@YGJPAU_ATL_WIN_MODULE70@1@@Z 100012ef f i OposVariant.obj
 0001:00000315       ?AtlWinModuleTerm@ATL@@YGJPAU_ATL_WIN_MODULE70@1@PAUHINSTANCE__@@@Z 10001315 f i OposVariant.obj
 0001:00000378       ?ChangeBSTR@OposVariant@@QAEXPAPA_WAAJ@Z 10001378 f   OposVariant.obj
 0001:000003b9       ?ChangeLONG@OposVariant@@QAEXPAJAAJ@Z 100013b9 f   OposVariant.obj
 0001:000003fa       ?GetLONG@OposVariant@@QAEJXZ 100013fa f   OposVariant.obj
 0001:00000415       ?Init@CComCriticalSection@ATL@@QAEJXZ 10001415 f i OposVariant.obj
 0001:0000043c       ?RemoveAll@?$CSimpleArray@GV?$CSimpleArrayEqualHelper@G@ATL@@@ATL@@QAEXXZ 1000143c f i OposVariant.obj
 0001:0000043c       ?RemoveAll@?$CSimpleArray@PAUHINSTANCE__@@V?$CSimpleArrayEqualHelper@PAUHINSTANCE__@@@ATL@@@ATL@@QAEXXZ 1000143c f i atls:atlbase.obj
 0001:00000459       ?SetBSTR@OposVariant@@QAEXPA_WAAJ@Z 10001459 f   OposVariant.obj
 0001:0000048d       ?SetBSTR_Copy@OposVariant@@QAEXPA_WAAJ@Z 1000148d f   OposVariant.obj
 0001:000004dd       ?SetBSTR_InOutPtr@OposVariant@@QAE_NPAPA_WAAJ@Z 100014dd f   OposVariant.obj
 0001:00000514       ?SetBSTR_OutPtr@OposVariant@@QAE_NPAPA_WAAJ@Z 10001514 f   OposVariant.obj
 0001:00000530       ?SetDispatch_Ptr@OposVariant@@QAEXPAUIDispatch@@AAJ@Z 10001530 f   OposVariant.obj
 0001:0000056b       ?SetLONG@OposVariant@@QAEXJ@Z 1000156b f   OposVariant.obj
 0001:0000058d       ?SetLONG_Ptr@OposVariant@@QAEXPAJAAJ@Z 1000158d f   OposVariant.obj
 0001:000005c0       ?SetString@OposVariant@@QAEXPB_WAAJ@Z 100015c0 f   OposVariant.obj
 0001:00000606       ?SetVARIANT_BOOL@OposVariant@@QAEXF@Z 10001606 f   OposVariant.obj
 0001:00000630       ?Term@CAtlComModule@ATL@@QAEXXZ 10001630 f i OposVariant.obj
 0001:0000067a       ?_AtlRaiseException@ATL@@YAXKK@Z 1000167a f i OposVariant.obj
 0001:0000068f       ?GetColorSet@?$IViewObjectExImpl@VCOPOSTotals@@@ATL@@UAGJKJPAXPAUtagDVTARGETDEVICE@@PAUHDC__@@PAPAUtagLOGPALETTE@@@Z 1000168f f i Totals.obj
 0001:00000697       ?SOErrorDummy@COPOSTotals@@MAGJJJJPAJ@Z 10001697 f i Totals.obj
 0001:00000697       ?Freeze@?$IViewObjectExImpl@VCOPOSTotals@@@ATL@@UAGJKJPAXPAK@Z 10001697 f i Totals.obj
 0001:0000069f       ?GetControlInfo@?$IOleControlImpl@VCOPOSTotals@@@ATL@@UAGJPAUtagCONTROLINFO@@@Z 1000169f f i Totals.obj
 0001:0000069f       ?ContextSensitiveHelp@?$IOleInPlaceActiveObjectImpl@VCOPOSTotals@@@ATL@@UAGJH@Z 1000169f f i Totals.obj
 0001:0000069f       ?Unfreeze@?$IViewObjectExImpl@VCOPOSTotals@@@ATL@@UAGJK@Z 1000169f f i Totals.obj
 0001:0000069f       ?ContextSensitiveHelp@?$IOleInPlaceObjectWindowlessImpl@VCOPOSTotals@@@ATL@@UAGJH@Z 1000169f f i Totals.obj
 0001:0000069f       ?OnMnemonic@?$IOleControlImpl@VCOPOSTotals@@@ATL@@UAGJPAUtagMSG@@@Z 1000169f f i Totals.obj
 0001:0000069f       ?QueryGetData@?$IDataObjectImpl@VCOPOSTotals@@@ATL@@UAGJPAUtagFORMATETC@@@Z 1000169f f i Totals.obj
 0001:0000069f       ?GetDropTarget@?$IOleInPlaceObjectWindowlessImpl@VCOPOSTotals@@@ATL@@UAGJPAPAUIDropTarget@@@Z 1000169f f i Totals.obj
 0001:0000069f       ?SetColorScheme@?$IOleObjectImpl@VCOPOSTotals@@@ATL@@UAGJPAUtagLOGPALETTE@@@Z 1000169f f i Totals.obj
 0001:0000069f       ?SOOutputCompleteDummy@COPOSTotals@@MAGJJ@Z 1000169f f i Totals.obj
 0001:0000069f       ?SODataDummy@COPOSTotals@@MAGJJ@Z 1000169f f i Totals.obj
 0001:000006a7       ?SetAdvise@?$IViewObjectExImpl@VCOPOSTotals@@@ATL@@UAGJKKPAUIAdviseSink@@@Z 100016a7 f i Totals.obj
 0001:000006c6       ?GetAdvise@?$IViewObjectExImpl@VCOPOSTotals@@@ATL@@UAGJPAK0PAPAUIAdviseSink@@@Z 100016c6 f i Totals.obj
 0001:000006fb       ?GetExtent@?$IViewObjectExImpl@VCOPOSTotals@@@ATL@@UAGJKJPAUtagDVTARGETDEVICE@@PAUtagSIZE@@@Z 100016fb f i Totals.obj
 0001:0000072c       ?EnumFormatEtc@?$IDataObjectImpl@VCOPOSTotals@@@ATL@@UAGJKPAPAUIEnumFORMATETC@@@Z 1000172c f i Totals.obj
 0001:0000072c       ?SetMoniker@?$IOleObjectImpl@VCOPOSTotals@@@ATL@@UAGJKPAUIMoniker@@@Z 1000172c f i Totals.obj
 0001:0000072c       ?GetClipboardData@?$IOleObjectImpl@VCOPOSTotals@@@ATL@@UAGJKPAPAUIDataObject@@@Z 1000172c f i Totals.obj
 0001:0000072c       ?GetCanonicalFormatEtc@?$IDataObjectImpl@VCOPOSTotals@@@ATL@@UAGJPAUtagFORMATETC@@0@Z 1000172c f i Totals.obj
 0001:0000072c       ?QueryInterface@CRegObject@ATL@@UAGJABU_GUID@@PAPAX@Z 1000172c f i Totals.obj
 0001:0000072c       ?GetRect@?$IViewObjectExImpl@VCOPOSTotals@@@ATL@@UAGJKPAU_RECTL@@@Z 1000172c f i Totals.obj
 0001:0000072c       ?GetDataHere@?$IDataObjectImpl@VCOPOSTotals@@@ATL@@UAGJPAUtagFORMATETC@@PAUtagSTGMEDIUM@@@Z 1000172c f i Totals.obj
 0001:00000734       ?GetViewStatus@?$IViewObjectExImpl@VCOPOSTotals@@@ATL@@UAGJPAK@Z 10001734 f i Totals.obj
 0001:00000751       ?QueryHitPoint@?$IViewObjectExImpl@VCOPOSTotals@@@ATL@@UAGJKPBUtagRECT@@UtagPOINT@@JPAK@Z 10001751 f i Totals.obj
 0001:00000792       ?QueryHitRect@?$IViewObjectExImpl@VCOPOSTotals@@@ATL@@UAGJKPBUtagRECT@@0JPAK@Z 10001792 f i Totals.obj
 0001:000007ed       ?GetNaturalExtent@?$IViewObjectExImpl@VCOPOSTotals@@@ATL@@UAGJKJPAUtagDVTARGETDEVICE@@PAUHDC__@@PAUtagExtentInfo@@PAUtagSIZE@@@Z 100017ed f i Totals.obj
 0001:00000838       ?GetWindow@?$IOleInPlaceObjectWindowlessImpl@VCOPOSTotals@@@ATL@@UAGJPAPAUHWND__@@@Z 10001838 f i Totals.obj
 0001:00000885       ?InPlaceDeactivate@?$IOleInPlaceObjectWindowlessImpl@VCOPOSTotals@@@ATL@@UAGJXZ 10001885 f i Totals.obj
 0001:0000089f       ?UIDeactivate@?$IOleInPlaceObjectWindowlessImpl@VCOPOSTotals@@@ATL@@UAGJXZ 1000189f f i Totals.obj
 0001:000008b9       ?SetObjectRects@?$IOleInPlaceObjectWindowlessImpl@VCOPOSTotals@@@ATL@@UAGJPBUtagRECT@@0@Z 100018b9 f i Totals.obj
 0001:000008d9       ?ReactivateAndUndo@?$IOleInPlaceObjectWindowlessImpl@VCOPOSTotals@@@ATL@@UAGJXZ 100018d9 f i Totals.obj
 0001:000008e1       ?OnWindowMessage@?$IOleInPlaceObjectWindowlessImpl@VCOPOSTotals@@@ATL@@UAGJIIJPAJ@Z 100018e1 f i Totals.obj
 0001:00000951       ?EnumConnectionPoints@?$IConnectionPointContainerImpl@VCOPOSTotals@@@ATL@@UAGJPAPAUIEnumConnectionPoints@@@Z 10001951 f i Totals.obj
 0001:00000acb       ?FindConnectionPoint@?$IConnectionPointContainerImpl@VCOPOSTotals@@@ATL@@UAGJABU_GUID@@PAPAUIConnectionPoint@@@Z 10001acb f i Totals.obj
 0001:00000b6e       ?GetClassID@?$IPersistStreamInitImpl@VCOPOSTotals@@@ATL@@UAGJPAU_GUID@@@Z 10001b6e f i Totals.obj
 0001:00000b6e       ?GetClassID@?$IPersistStorageImpl@VCOPOSTotals@@@ATL@@UAGJPAU_GUID@@@Z 10001b6e f i Totals.obj
 0001:00000b6e       ?GetUserClassID@?$IOleObjectImpl@VCOPOSTotals@@@ATL@@UAGJPAU_GUID@@@Z 10001b6e f i Totals.obj
 0001:00000b92       ?IsDirty@?$IPersistStorageImpl@VCOPOSTotals@@@ATL@@UAGJXZ 10001b92 f i Totals.obj
 0001:00000bc6       ?InitNew@?$IPersistStorageImpl@VCOPOSTotals@@@ATL@@UAGJPAUIStorage@@@Z 10001bc6 f i Totals.obj
 0001:00000bfa       ?Load@?$IPersistStorageImpl@VCOPOSTotals@@@ATL@@UAGJPAUIStorage@@@Z 10001bfa f i Totals.obj
 0001:00000c66       ?Save@?$IPersistStorageImpl@VCOPOSTotals@@@ATL@@UAGJPAUIStorage@@H@Z 10001c66 f i Totals.obj
 0001:00000cd9       ?EnableModeless@?$IOleInPlaceActiveObjectImpl@VCOPOSTotals@@@ATL@@UAGJH@Z 10001cd9 f i Totals.obj
 0001:00000cd9       ?OnAmbientPropertyChange@?$IOleControlImpl@VCOPOSTotals@@@ATL@@UAGJJ@Z 10001cd9 f i Totals.obj
 0001:00000cd9       ?OnFrameWindowActivate@?$IOleInPlaceActiveObjectImpl@VCOPOSTotals@@@ATL@@UAGJH@Z 10001cd9 f i Totals.obj
 0001:00000cd9       ?SaveCompleted@?$IPersistStorageImpl@VCOPOSTotals@@@ATL@@UAGJPAUIStorage@@@Z 10001cd9 f i Totals.obj
 0001:00000cde       ?IsUpToDate@?$IOleObjectImpl@VCOPOSTotals@@@ATL@@UAGJXZ 10001cde f i Totals.obj
 0001:00000cde       ?HandsOffStorage@?$IPersistStorageImpl@VCOPOSTotals@@@ATL@@UAGJXZ 10001cde f i Totals.obj
 0001:00000cde       ?Update@?$IOleObjectImpl@VCOPOSTotals@@@ATL@@UAGJXZ 10001cde f i Totals.obj
 0001:00000cde       ?Release@CRegObject@ATL@@UAGKXZ 10001cde f i Totals.obj
 0001:00000ce3       ?GetPages@?$ISpecifyPropertyPagesImpl@VCOPOSTotals@@@ATL@@UAGJPAUtagCAUUID@@@Z 10001ce3 f i Totals.obj
 0001:00000cfa       ?QuickActivate@?$IQuickActivateImpl@VCOPOSTotals@@@ATL@@UAGJPAUtagQACONTAINER@@PAUtagQACONTROL@@@Z 10001cfa f i Totals.obj
 0001:00000d1d       ?SetContentExtent@?$IQuickActivateImpl@VCOPOSTotals@@@ATL@@UAGJPAUtagSIZE@@@Z 10001d1d f i Totals.obj
 0001:00000d49       ?GetContentExtent@?$IQuickActivateImpl@VCOPOSTotals@@@ATL@@UAGJPAUtagSIZE@@@Z 10001d49 f i Totals.obj
 0001:00000d69       ?GetData@?$IDataObjectImpl@VCOPOSTotals@@@ATL@@UAGJPAUtagFORMATETC@@PAUtagSTGMEDIUM@@@Z 10001d69 f i Totals.obj
 0001:00000d8c       ?GetMoniker@?$IOleObjectImpl@VCOPOSTotals@@@ATL@@UAGJKKPAPAUIMoniker@@@Z 10001d8c f i Totals.obj
 0001:00000d8c       ?SetData@?$IDataObjectImpl@VCOPOSTotals@@@ATL@@UAGJPAUtagFORMATETC@@PAUtagSTGMEDIUM@@H@Z 10001d8c f i Totals.obj
 0001:00000d8c       ?InitFromData@?$IOleObjectImpl@VCOPOSTotals@@@ATL@@UAGJPAUIDataObject@@HK@Z 10001d8c f i Totals.obj
 0001:00000d94       ?DAdvise@?$IDataObjectImpl@VCOPOSTotals@@@ATL@@UAGJPAUtagFORMATETC@@KPAUIAdviseSink@@PAK@Z 10001d94 f i Totals.obj
 0001:00000dd5       ?DUnadvise@?$IDataObjectImpl@VCOPOSTotals@@@ATL@@UAGJK@Z 10001dd5 f i Totals.obj
 0001:00000e03       ?EnumDAdvise@?$IDataObjectImpl@VCOPOSTotals@@@ATL@@UAGJPAPAUIEnumSTATDATA@@@Z 10001e03 f i Totals.obj
 0001:00000e42       ?GetClassInfoW@?$IProvideClassInfo2Impl@$1?CLSID_OPOSTotals@@3U_GUID@@B$1?DIID__IOPOSTotalsEvents@@3U2@B$1?LIBID_OposTotals_CCO@@3U2@B$00$0A@VCComTypeInfoHolder@ATL@@@ATL@@UAGJPAPAUITypeInfo@@@Z 10001e42 f i Totals.obj
 0001:00000e58       ?GetGUID@?$IProvideClassInfo2Impl@$1?CLSID_OPOSTotals@@3U_GUID@@B$1?DIID__IOPOSTotalsEvents@@3U2@B$1?LIBID_OposTotals_CCO@@3U2@B$00$0A@VCComTypeInfoHolder@ATL@@@ATL@@UAGJKPAU_GUID@@@Z 10001e58 f i Totals.obj
 0001:00000e96       ?FAccessAllowed@?$IObjectSafetyImpl@VCOPOSTotals@@$02@ATL@@MAEHXZ 10001e96 f i Totals.obj
 0001:00000e96       __get_startup_argv_mode    10001e96 f i LIBCMT:argv_mode.obj
 0001:00000e9a       ?GetInterfaceSafetyOptions@?$IObjectSafetyImpl@VCOPOSTotals@@$02@ATL@@UAGJABU_GUID@@PAK1@Z 10001e9a f i Totals.obj
 0001:00000f0e       ?SetInterfaceSafetyOptions@?$IObjectSafetyImpl@VCOPOSTotals@@$02@ATL@@UAGJABU_GUID@@KK@Z 10001f0e f i Totals.obj
 0001:00000f88       ?_LocCPQueryInterface@?$IConnectionPointImpl@VCOPOSTotals@@$1?DIID__IOPOSTotalsEvents@@3U_GUID@@BVCComDynamicUnkArray@ATL@@@ATL@@UAGJABU_GUID@@PAPAX@Z 10001f88 f i Totals.obj
 0001:00000f88       ?_LocCPQueryInterface@?$IConnectionPointImpl@VCOPOSTotals@@$1?IID_IPropertyNotifySink@@3U_GUID@@BVCComDynamicUnkArray@ATL@@@ATL@@UAGJABU_GUID@@PAPAX@Z 10001f88 f i Totals.obj
 0001:00000fd5       ?GetConnectionInterface@?$IConnectionPointImpl@VCOPOSTotals@@$1?IID_IPropertyNotifySink@@3U_GUID@@BVCComDynamicUnkArray@ATL@@@ATL@@UAGJPAU_GUID@@@Z 10001fd5 f i Totals.obj
 0001:00000ff9       ?GetConnectionPointContainer@?$IConnectionPointImpl@VCOPOSTotals@@$1?IID_IPropertyNotifySink@@3U_GUID@@BVCComDynamicUnkArray@ATL@@@ATL@@UAGJPAPAUIConnectionPointContainer@@@Z 10001ff9 f i Totals.obj
 0001:0000101c       ?Advise@?$IConnectionPointImpl@VCOPOSTotals@@$1?IID_IPropertyNotifySink@@3U_GUID@@BVCComDynamicUnkArray@ATL@@@ATL@@UAGJPAUIUnknown@@PAK@Z 1000201c f i Totals.obj
 0001:0000101c       ?Advise@?$IConnectionPointImpl@VCOPOSTotals@@$1?DIID__IOPOSTotalsEvents@@3U_GUID@@BVCComDynamicUnkArray@ATL@@@ATL@@UAGJPAUIUnknown@@PAK@Z 1000201c f i Totals.obj
 0001:000010bd       ?Unadvise@?$IConnectionPointImpl@VCOPOSTotals@@$1?IID_IPropertyNotifySink@@3U_GUID@@BVCComDynamicUnkArray@ATL@@@ATL@@UAGJK@Z 100020bd f i Totals.obj
 0001:000010bd       ?Unadvise@?$IConnectionPointImpl@VCOPOSTotals@@$1?DIID__IOPOSTotalsEvents@@3U_GUID@@BVCComDynamicUnkArray@ATL@@@ATL@@UAGJK@Z 100020bd f i Totals.obj
 0001:000010fd       ?EnumConnections@?$IConnectionPointImpl@VCOPOSTotals@@$1?IID_IPropertyNotifySink@@3U_GUID@@BVCComDynamicUnkArray@ATL@@@ATL@@UAGJPAPAUIEnumConnections@@@Z 100020fd f i Totals.obj
 0001:000010fd       ?EnumConnections@?$IConnectionPointImpl@VCOPOSTotals@@$1?DIID__IOPOSTotalsEvents@@3U_GUID@@BVCComDynamicUnkArray@ATL@@@ATL@@UAGJPAPAUIEnumConnections@@@Z 100020fd f i Totals.obj
 0001:00001203       ?GetCategoryMap@CComObjectRootBase@ATL@@SAPBU_ATL_CATMAP_ENTRY@2@XZ 10002203 f i Totals.obj
 0001:00001203       ?GetObjectDescription@?$CComCoClass@VCOPOSTotals@@$1?CLSID_OPOSTotals@@3U_GUID@@B@ATL@@SGPB_WXZ 10002203 f i Totals.obj
 0001:00001206       ?GetConnectionInterface@?$IConnectionPointImpl@VCOPOSTotals@@$1?DIID__IOPOSTotalsEvents@@3U_GUID@@BVCComDynamicUnkArray@ATL@@@ATL@@UAGJPAU_GUID@@@Z 10002206 f i Totals.obj
 0001:0000122a       ?GetConnectionPointContainer@?$IConnectionPointImpl@VCOPOSTotals@@$1?DIID__IOPOSTotalsEvents@@3U_GUID@@BVCComDynamicUnkArray@ATL@@@ATL@@UAGJPAPAUIConnectionPointContainer@@@Z 1000222a f i Totals.obj
 0001:0000124d       ?UpdateRegistry@COPOSTotals@@SGJH@Z 1000224d f i Totals.obj
 0001:00001265       ?ProcessWindowMessage@COPOSTotals@@UAEHPAUHWND__@@IIJAAJK@Z 10002265 f i Totals.obj
 0001:000012ae       ?SODirectIO@COPOSTotals@@MAGJJPAJPAPA_W@Z 100022ae f i Totals.obj
 0001:000012f7       ?SOStatusUpdate@COPOSTotals@@MAGJJ@Z 100022f7 f i Totals.obj
 0001:00001330       ?AddRef@CRegObject@ATL@@UAGKXZ 10002330 f i Totals.obj
 0001:00001336       ?AddReplacement@CRegObject@ATL@@UAGJPB_W0@Z 10002336 f i Totals.obj
 0001:0000136f       ?ClearReplacements@CRegObject@ATL@@UAGJXZ 1000236f f i Totals.obj
 0001:00001381       ?CreateInstance@?$CComCreator@V?$CComObjectCached@VCComClassFactory@ATL@@@ATL@@@ATL@@SGJPAXABU_GUID@@PAPAX@Z 10002381 f i Totals.obj
 0001:00001414       ?CreateInstance@?$CComCreator2@V?$CComCreator@V?$CComObject@VCOPOSTotals@@@ATL@@@ATL@@V?$CComCreator@V?$CComAggObject@VCOPOSTotals@@@ATL@@@2@@ATL@@SGJPAXABU_GUID@@PAPAX@Z 10002414 f i Totals.obj
 0001:00001434       ??_ECRegObject@ATL@@UAEPAXI@Z 10002434 f i Totals.obj
 0001:00001434       ??_GCRegObject@ATL@@UAEPAXI@Z 10002434 f i Totals.obj
 0001:00001456       ?Next@?$CComEnumImpl@UIEnumConnectionPoints@@$1?_GUID_b196b285_bab4_101a_b69c_00aa00341d07@@3U__s_GUID@@BPAUIConnectionPoint@@V?$_CopyInterface@UIConnectionPoint@@@ATL@@@ATL@@UAGJKPAPAUIConnectionPoint@@PAK@Z 10002456 f i Totals.obj
 0001:0000152d       ?Skip@?$CComEnumImpl@UIEnumConnectionPoints@@$1?_GUID_b196b285_bab4_101a_b69c_00aa00341d07@@3U__s_GUID@@BPAUIConnectionPoint@@V?$_CopyInterface@UIConnectionPoint@@@ATL@@@ATL@@UAGJK@Z 1000252d f i Totals.obj
 0001:0000155a       ?Reset@?$CComEnumImpl@UIEnumConnectionPoints@@$1?_GUID_b196b285_bab4_101a_b69c_00aa00341d07@@3U__s_GUID@@BPAUIConnectionPoint@@V?$_CopyInterface@UIConnectionPoint@@@ATL@@@ATL@@UAGJXZ 1000255a f i Totals.obj
 0001:0000155a       ?Reset@?$CComEnumImpl@UIEnumConnections@@$1?_GUID_b196b287_bab4_101a_b69c_00aa00341d07@@3U__s_GUID@@BUtagCONNECTDATA@@V?$_Copy@UtagCONNECTDATA@@@ATL@@@ATL@@UAGJXZ 1000255a f i Totals.obj
 0001:0000156c       ?Clone@?$CComEnumImpl@UIEnumConnectionPoints@@$1?_GUID_b196b285_bab4_101a_b69c_00aa00341d07@@3U__s_GUID@@BPAUIConnectionPoint@@V?$_CopyInterface@UIConnectionPoint@@@ATL@@@ATL@@UAGJPAPAUIEnumConnectionPoints@@@Z 1000256c f i Totals.obj
 0001:0000164b       ?AddRef@?$CComObject@V?$CComEnum@UIEnumConnections@@$1?_GUID_b196b287_bab4_101a_b69c_00aa00341d07@@3U__s_GUID@@BUtagCONNECTDATA@@V?$_Copy@UtagCONNECTDATA@@@ATL@@VCComSingleThreadModel@6@@ATL@@@ATL@@UAGKXZ 1000264b f i Totals.obj
 0001:0000164b       ?AddRef@?$CComObject@V?$CComEnum@UIEnumConnectionPoints@@$1?_GUID_b196b285_bab4_101a_b69c_00aa00341d07@@3U__s_GUID@@BPAUIConnectionPoint@@V?$_CopyInterface@UIConnectionPoint@@@ATL@@VCComSingleThreadModel@6@@ATL@@@ATL@@UAGKXZ 1000264b f i Totals.obj
 0001:0000165c       ?Release@?$CComObject@V?$CComEnum@UIEnumConnectionPoints@@$1?_GUID_b196b285_bab4_101a_b69c_00aa00341d07@@3U__s_GUID@@BPAUIConnectionPoint@@V?$_CopyInterface@UIConnectionPoint@@@ATL@@VCComSingleThreadModel@6@@ATL@@@ATL@@UAGKXZ 1000265c f i Totals.obj
 0001:0000165c       ?Release@?$CComObject@V?$CComEnum@UIEnumConnections@@$1?_GUID_b196b287_bab4_101a_b69c_00aa00341d07@@3U__s_GUID@@BUtagCONNECTDATA@@V?$_Copy@UtagCONNECTDATA@@@ATL@@VCComSingleThreadModel@6@@ATL@@@ATL@@UAGKXZ 1000265c f i Totals.obj
 0001:00001698       ?QueryInterface@?$CComObject@V?$CComEnum@UIEnumConnectionPoints@@$1?_GUID_b196b285_bab4_101a_b69c_00aa00341d07@@3U__s_GUID@@BPAUIConnectionPoint@@V?$_CopyInterface@UIConnectionPoint@@@ATL@@VCComSingleThreadModel@6@@ATL@@@ATL@@UAGJABU_GUID@@PAPAX@Z 10002698 f i Totals.obj
 0001:000016b2       ??_E?$CComObject@V?$CComEnum@UIEnumConnectionPoints@@$1?_GUID_b196b285_bab4_101a_b69c_00aa00341d07@@3U__s_GUID@@BPAUIConnectionPoint@@V?$_CopyInterface@UIConnectionPoint@@@ATL@@VCComSingleThreadModel@6@@ATL@@@ATL@@UAEPAXI@Z 100026b2 f i Totals.obj
 0001:000016b2       ??_G?$CComObject@V?$CComEnum@UIEnumConnectionPoints@@$1?_GUID_b196b285_bab4_101a_b69c_00aa00341d07@@3U__s_GUID@@BPAUIConnectionPoint@@V?$_CopyInterface@UIConnectionPoint@@@ATL@@VCComSingleThreadModel@6@@ATL@@@ATL@@UAEPAXI@Z 100026b2 f i Totals.obj
 0001:000016d4       ?AddRef@?$CComObjectCached@VCComClassFactory@ATL@@@ATL@@UAGKXZ 100026d4 f i Totals.obj
 0001:000016fb       ?Release@?$CComObjectCached@VCComClassFactory@ATL@@@ATL@@UAGKXZ 100026fb f i Totals.obj
 0001:00001731       ?QueryInterface@?$CComObjectCached@VCComClassFactory@ATL@@@ATL@@UAGJABU_GUID@@PAPAX@Z 10002731 f i Totals.obj
 0001:0000174b       ??_G?$CComObjectCached@VCComClassFactory@ATL@@@ATL@@UAEPAXI@Z 1000274b f i Totals.obj
 0001:0000174b       ??_E?$CComObjectCached@VCComClassFactory@ATL@@@ATL@@UAEPAXI@Z 1000274b f i Totals.obj
 0001:0000176d       ?AddRef@?$CComAggObject@VCOPOSTotals@@@ATL@@UAGKXZ 1000276d f i Totals.obj
 0001:0000177e       ?Release@?$CComAggObject@VCOPOSTotals@@@ATL@@UAGKXZ 1000277e f i Totals.obj
 0001:000017ba       ?QueryInterface@?$CComAggObject@VCOPOSTotals@@@ATL@@UAGJABU_GUID@@PAPAX@Z 100027ba f i Totals.obj
 0001:00001809       ?AddRef@?$CComContainedObject@VCOPOSTotals@@@ATL@@UAGKXZ 10002809 f i Totals.obj
 0001:0000181f       ?Release@?$CComContainedObject@VCOPOSTotals@@@ATL@@UAGKXZ 1000281f f i Totals.obj
 0001:00001835       ?QueryInterface@?$CComContainedObject@VCOPOSTotals@@@ATL@@UAGJABU_GUID@@PAPAX@Z 10002835 f i Totals.obj
 0001:00001850       ??_E?$CComAggObject@VCOPOSTotals@@@ATL@@UAEPAXI@Z 10002850 f i Totals.obj
 0001:00001850       ??_G?$CComAggObject@VCOPOSTotals@@@ATL@@UAEPAXI@Z 10002850 f i Totals.obj
 0001:00001875       ?AddRef@?$CComObject@VCOPOSTotals@@@ATL@@UAGKXZ 10002875 f i Totals.obj
 0001:0000188c       ?Release@?$CComObject@VCOPOSTotals@@@ATL@@UAGKXZ 1000288c f i Totals.obj
 0001:000018ce       ?QueryInterface@?$CComObject@VCOPOSTotals@@@ATL@@UAGJABU_GUID@@PAPAX@Z 100028ce f i Totals.obj
 0001:000018e8       ?ObjectMain@CComObjectRootBase@ATL@@SGX_N@Z 100028e8 f i Totals.obj
 0001:000018e8       ?OnFinalMessage@?$CWindowImplBaseT@VCWindow@ATL@@V?$CWinTraits@$0FGAAAAAA@$0A@@2@@ATL@@UAEXPAUHWND__@@@Z 100028e8 f i Totals.obj
 0001:000018eb       ?OnDrawAdvanced@CComControlBase@ATL@@UAEJAAUATL_DRAWINFO@@@Z 100028eb f i Totals.obj
 0001:000019da       ?CreateInstance@CComClassFactory@ATL@@UAGJPAUIUnknown@@ABU_GUID@@PAPAX@Z 100029da f i Totals.obj
 0001:00001a18       ?LockServer@CComClassFactory@ATL@@UAGJH@Z 10002a18 f i Totals.obj
 0001:00001a37       ??_GCComClassFactory@ATL@@UAEPAXI@Z 10002a37 f i Totals.obj
 0001:00001a37       ??_ECComClassFactory@ATL@@UAEPAXI@Z 10002a37 f i Totals.obj
 0001:00001a62       ?Next@?$CComEnumImpl@UIEnumConnections@@$1?_GUID_b196b287_bab4_101a_b69c_00aa00341d07@@3U__s_GUID@@BUtagCONNECTDATA@@V?$_Copy@UtagCONNECTDATA@@@ATL@@@ATL@@UAGJKPAUtagCONNECTDATA@@PAK@Z 10002a62 f i Totals.obj
 0001:00001b39       ?Skip@?$CComEnumImpl@UIEnumConnections@@$1?_GUID_b196b287_bab4_101a_b69c_00aa00341d07@@3U__s_GUID@@BUtagCONNECTDATA@@V?$_Copy@UtagCONNECTDATA@@@ATL@@@ATL@@UAGJK@Z 10002b39 f i Totals.obj
 0001:00001b66       ?Clone@?$CComEnumImpl@UIEnumConnections@@$1?_GUID_b196b287_bab4_101a_b69c_00aa00341d07@@3U__s_GUID@@BUtagCONNECTDATA@@V?$_Copy@UtagCONNECTDATA@@@ATL@@@ATL@@UAGJPAPAUIEnumConnections@@@Z 10002b66 f i Totals.obj
 0001:00001c45       ?QueryInterface@?$CComObject@V?$CComEnum@UIEnumConnections@@$1?_GUID_b196b287_bab4_101a_b69c_00aa00341d07@@3U__s_GUID@@BUtagCONNECTDATA@@V?$_Copy@UtagCONNECTDATA@@@ATL@@VCComSingleThreadModel@6@@ATL@@@ATL@@UAGJABU_GUID@@PAPAX@Z 10002c45 f i Totals.obj
 0001:00001c5f       ??_E?$CComObject@V?$CComEnum@UIEnumConnections@@$1?_GUID_b196b287_bab4_101a_b69c_00aa00341d07@@3U__s_GUID@@BUtagCONNECTDATA@@V?$_Copy@UtagCONNECTDATA@@@ATL@@VCComSingleThreadModel@6@@ATL@@@ATL@@UAEPAXI@Z 10002c5f f i Totals.obj
 0001:00001c5f       ??_G?$CComObject@V?$CComEnum@UIEnumConnections@@$1?_GUID_b196b287_bab4_101a_b69c_00aa00341d07@@3U__s_GUID@@BUtagCONNECTDATA@@V?$_Copy@UtagCONNECTDATA@@@ATL@@VCComSingleThreadModel@6@@ATL@@@ATL@@UAEPAXI@Z 10002c5f f i Totals.obj
 0001:00001c81       ??_E?$CComObject@VCOPOSTotals@@@ATL@@W3AEPAXI@Z 10002c81 f i Totals.obj
 0001:00001c89       ??_E?$CComObject@VCOPOSTotals@@@ATL@@WEM@AEPAXI@Z 10002c89 f i Totals.obj
 0001:00001c91       ?QueryInterface@?$CComObject@VCOPOSTotals@@@ATL@@WHA@AGJABU_GUID@@PAPAX@Z 10002c91 f i Totals.obj
 0001:00001c9b       ?AddRef@?$CComObject@VCOPOSTotals@@@ATL@@WHA@AGKXZ 10002c9b f i Totals.obj
 0001:00001ca5       ?Release@?$CComObject@VCOPOSTotals@@@ATL@@WHA@AGKXZ 10002ca5 f i Totals.obj
 0001:00001caf       ?QueryInterface@?$CComObject@VCOPOSTotals@@@ATL@@WHE@AGJABU_GUID@@PAPAX@Z 10002caf f i Totals.obj
 0001:00001cb9       ?AddRef@?$CComObject@VCOPOSTotals@@@ATL@@WHE@AGKXZ 10002cb9 f i Totals.obj
 0001:00001cc3       ?Release@?$CComObject@VCOPOSTotals@@@ATL@@WHE@AGKXZ 10002cc3 f i Totals.obj
 0001:00001ccd       ?QueryInterface@?$CComObject@VCOPOSTotals@@@ATL@@WHI@AGJABU_GUID@@PAPAX@Z 10002ccd f i Totals.obj
 0001:00001cd7       ?AddRef@?$CComObject@VCOPOSTotals@@@ATL@@WHI@AGKXZ 10002cd7 f i Totals.obj
 0001:00001ce1       ?Release@?$CComObject@VCOPOSTotals@@@ATL@@WHI@AGKXZ 10002ce1 f i Totals.obj
 0001:00001ceb       ?QueryInterface@?$CComObject@VCOPOSTotals@@@ATL@@WHM@AGJABU_GUID@@PAPAX@Z 10002ceb f i Totals.obj
 0001:00001cf5       ?AddRef@?$CComObject@VCOPOSTotals@@@ATL@@WHM@AGKXZ 10002cf5 f i Totals.obj
 0001:00001cff       ?Release@?$CComObject@VCOPOSTotals@@@ATL@@WHM@AGKXZ 10002cff f i Totals.obj
 0001:00001d09       ?QueryInterface@?$CComObject@VCOPOSTotals@@@ATL@@WIA@AGJABU_GUID@@PAPAX@Z 10002d09 f i Totals.obj
 0001:00001d16       ?AddRef@?$CComObject@VCOPOSTotals@@@ATL@@WIA@AGKXZ 10002d16 f i Totals.obj
 0001:00001d23       ?Release@?$CComObject@VCOPOSTotals@@@ATL@@WIA@AGKXZ 10002d23 f i Totals.obj
 0001:00001d30       ?QueryInterface@?$CComObject@VCOPOSTotals@@@ATL@@WIE@AGJABU_GUID@@PAPAX@Z 10002d30 f i Totals.obj
 0001:00001d3d       ?AddRef@?$CComObject@VCOPOSTotals@@@ATL@@WIE@AGKXZ 10002d3d f i Totals.obj
 0001:00001d4a       ?Release@?$CComObject@VCOPOSTotals@@@ATL@@WIE@AGKXZ 10002d4a f i Totals.obj
 0001:00001d57       ?QueryInterface@?$CComObject@VCOPOSTotals@@@ATL@@WII@AGJABU_GUID@@PAPAX@Z 10002d57 f i Totals.obj
 0001:00001d64       ?AddRef@?$CComObject@VCOPOSTotals@@@ATL@@WII@AGKXZ 10002d64 f i Totals.obj
 0001:00001d71       ?Release@?$CComObject@VCOPOSTotals@@@ATL@@WII@AGKXZ 10002d71 f i Totals.obj
 0001:00001d7e       ?QueryInterface@?$CComObject@VCOPOSTotals@@@ATL@@WIM@AGJABU_GUID@@PAPAX@Z 10002d7e f i Totals.obj
 0001:00001d8b       ?AddRef@?$CComObject@VCOPOSTotals@@@ATL@@WIM@AGKXZ 10002d8b f i Totals.obj
 0001:00001d98       ?Release@?$CComObject@VCOPOSTotals@@@ATL@@WIM@AGKXZ 10002d98 f i Totals.obj
 0001:00001da5       ?QueryInterface@?$CComObject@VCOPOSTotals@@@ATL@@WJA@AGJABU_GUID@@PAPAX@Z 10002da5 f i Totals.obj
 0001:00001db2       ?AddRef@?$CComObject@VCOPOSTotals@@@ATL@@WJA@AGKXZ 10002db2 f i Totals.obj
 0001:00001dbf       ?Release@?$CComObject@VCOPOSTotals@@@ATL@@WJA@AGKXZ 10002dbf f i Totals.obj
 0001:00001dcc       ?QueryInterface@?$CComObject@VCOPOSTotals@@@ATL@@WJE@AGJABU_GUID@@PAPAX@Z 10002dcc f i Totals.obj
 0001:00001dd9       ?AddRef@?$CComObject@VCOPOSTotals@@@ATL@@WJE@AGKXZ 10002dd9 f i Totals.obj
 0001:00001de6       ?Release@?$CComObject@VCOPOSTotals@@@ATL@@WJE@AGKXZ 10002de6 f i Totals.obj
 0001:00001df3       ?QueryInterface@?$CComObject@VCOPOSTotals@@@ATL@@WJI@AGJABU_GUID@@PAPAX@Z 10002df3 f i Totals.obj
 0001:00001e00       ?AddRef@?$CComObject@VCOPOSTotals@@@ATL@@WJI@AGKXZ 10002e00 f i Totals.obj
 0001:00001e0d       ?Release@?$CComObject@VCOPOSTotals@@@ATL@@WJI@AGKXZ 10002e0d f i Totals.obj
 0001:00001e1a       ?QueryInterface@?$CComObject@VCOPOSTotals@@@ATL@@WJM@AGJABU_GUID@@PAPAX@Z 10002e1a f i Totals.obj
 0001:00001e27       ?AddRef@?$CComObject@VCOPOSTotals@@@ATL@@WJM@AGKXZ 10002e27 f i Totals.obj
 0001:00001e34       ?Release@?$CComObject@VCOPOSTotals@@@ATL@@WJM@AGKXZ 10002e34 f i Totals.obj
 0001:00001e41       ?QueryInterface@?$CComObject@VCOPOSTotals@@@ATL@@WKA@AGJABU_GUID@@PAPAX@Z 10002e41 f i Totals.obj
 0001:00001e4e       ?AddRef@?$CComObject@VCOPOSTotals@@@ATL@@WKA@AGKXZ 10002e4e f i Totals.obj
 0001:00001e5b       ?Release@?$CComObject@VCOPOSTotals@@@ATL@@WKA@AGKXZ 10002e5b f i Totals.obj
 0001:00001e68       ?AddRef@?$CComObject@VCOPOSTotals@@@ATL@@WKI@AGKXZ 10002e68 f i Totals.obj
 0001:00001e75       ?Release@?$CComObject@VCOPOSTotals@@@ATL@@WKI@AGKXZ 10002e75 f i Totals.obj
 0001:00001e82       ?AddRef@?$CComObject@VCOPOSTotals@@@ATL@@WLE@AGKXZ 10002e82 f i Totals.obj
 0001:00001e8f       ?Release@?$CComObject@VCOPOSTotals@@@ATL@@WLE@AGKXZ 10002e8f f i Totals.obj
 0001:00001e9c       ??_E?$CComContainedObject@VCOPOSTotals@@@ATL@@W3AEPAXI@Z 10002e9c f i Totals.obj
 0001:00001ea4       ??_E?$CComContainedObject@VCOPOSTotals@@@ATL@@WEM@AEPAXI@Z 10002ea4 f i Totals.obj
 0001:00001eac       ?QueryInterface@?$CComContainedObject@VCOPOSTotals@@@ATL@@WHA@AGJABU_GUID@@PAPAX@Z 10002eac f i Totals.obj
 0001:00001eb6       ?AddRef@?$CComContainedObject@VCOPOSTotals@@@ATL@@WHA@AGKXZ 10002eb6 f i Totals.obj
 0001:00001ec0       ?Release@?$CComContainedObject@VCOPOSTotals@@@ATL@@WHA@AGKXZ 10002ec0 f i Totals.obj
 0001:00001eca       ?QueryInterface@?$CComContainedObject@VCOPOSTotals@@@ATL@@WHE@AGJABU_GUID@@PAPAX@Z 10002eca f i Totals.obj
 0001:00001ed4       ?AddRef@?$CComContainedObject@VCOPOSTotals@@@ATL@@WHE@AGKXZ 10002ed4 f i Totals.obj
 0001:00001ede       ?Release@?$CComContainedObject@VCOPOSTotals@@@ATL@@WHE@AGKXZ 10002ede f i Totals.obj
 0001:00001ee8       ?QueryInterface@?$CComContainedObject@VCOPOSTotals@@@ATL@@WHI@AGJABU_GUID@@PAPAX@Z 10002ee8 f i Totals.obj
 0001:00001ef2       ?AddRef@?$CComContainedObject@VCOPOSTotals@@@ATL@@WHI@AGKXZ 10002ef2 f i Totals.obj
 0001:00001efc       ?Release@?$CComContainedObject@VCOPOSTotals@@@ATL@@WHI@AGKXZ 10002efc f i Totals.obj
 0001:00001f06       ?QueryInterface@?$CComContainedObject@VCOPOSTotals@@@ATL@@WHM@AGJABU_GUID@@PAPAX@Z 10002f06 f i Totals.obj
 0001:00001f10       ?AddRef@?$CComContainedObject@VCOPOSTotals@@@ATL@@WHM@AGKXZ 10002f10 f i Totals.obj
 0001:00001f1a       ?Release@?$CComContainedObject@VCOPOSTotals@@@ATL@@WHM@AGKXZ 10002f1a f i Totals.obj
 0001:00001f24       ?QueryInterface@?$CComContainedObject@VCOPOSTotals@@@ATL@@WIA@AGJABU_GUID@@PAPAX@Z 10002f24 f i Totals.obj
 0001:00001f31       ?AddRef@?$CComContainedObject@VCOPOSTotals@@@ATL@@WIA@AGKXZ 10002f31 f i Totals.obj
 0001:00001f3e       ?Release@?$CComContainedObject@VCOPOSTotals@@@ATL@@WIA@AGKXZ 10002f3e f i Totals.obj
 0001:00001f4b       ?QueryInterface@?$CComContainedObject@VCOPOSTotals@@@ATL@@WIE@AGJABU_GUID@@PAPAX@Z 10002f4b f i Totals.obj
 0001:00001f58       ?AddRef@?$CComContainedObject@VCOPOSTotals@@@ATL@@WIE@AGKXZ 10002f58 f i Totals.obj
 0001:00001f65       ?Release@?$CComContainedObject@VCOPOSTotals@@@ATL@@WIE@AGKXZ 10002f65 f i Totals.obj
 0001:00001f72       ?QueryInterface@?$CComContainedObject@VCOPOSTotals@@@ATL@@WII@AGJABU_GUID@@PAPAX@Z 10002f72 f i Totals.obj
 0001:00001f7f       ?AddRef@?$CComContainedObject@VCOPOSTotals@@@ATL@@WII@AGKXZ 10002f7f f i Totals.obj
 0001:00001f8c       ?Release@?$CComContainedObject@VCOPOSTotals@@@ATL@@WII@AGKXZ 10002f8c f i Totals.obj
 0001:00001f99       ?QueryInterface@?$CComContainedObject@VCOPOSTotals@@@ATL@@WIM@AGJABU_GUID@@PAPAX@Z 10002f99 f i Totals.obj
 0001:00001fa6       ?AddRef@?$CComContainedObject@VCOPOSTotals@@@ATL@@WIM@AGKXZ 10002fa6 f i Totals.obj
 0001:00001fb3       ?Release@?$CComContainedObject@VCOPOSTotals@@@ATL@@WIM@AGKXZ 10002fb3 f i Totals.obj
 0001:00001fc0       ?QueryInterface@?$CComContainedObject@VCOPOSTotals@@@ATL@@WJA@AGJABU_GUID@@PAPAX@Z 10002fc0 f i Totals.obj
 0001:00001fcd       ?AddRef@?$CComContainedObject@VCOPOSTotals@@@ATL@@WJA@AGKXZ 10002fcd f i Totals.obj
 0001:00001fda       ?Release@?$CComContainedObject@VCOPOSTotals@@@ATL@@WJA@AGKXZ 10002fda f i Totals.obj
 0001:00001fe7       ?QueryInterface@?$CComContainedObject@VCOPOSTotals@@@ATL@@WJE@AGJABU_GUID@@PAPAX@Z 10002fe7 f i Totals.obj
 0001:00001ff4       ?AddRef@?$CComContainedObject@VCOPOSTotals@@@ATL@@WJE@AGKXZ 10002ff4 f i Totals.obj
 0001:00002001       ?Release@?$CComContainedObject@VCOPOSTotals@@@ATL@@WJE@AGKXZ 10003001 f i Totals.obj
 0001:0000200e       ?QueryInterface@?$CComContainedObject@VCOPOSTotals@@@ATL@@WJI@AGJABU_GUID@@PAPAX@Z 1000300e f i Totals.obj
 0001:0000201b       ?AddRef@?$CComContainedObject@VCOPOSTotals@@@ATL@@WJI@AGKXZ 1000301b f i Totals.obj
 0001:00002028       ?Release@?$CComContainedObject@VCOPOSTotals@@@ATL@@WJI@AGKXZ 10003028 f i Totals.obj
 0001:00002035       ?QueryInterface@?$CComContainedObject@VCOPOSTotals@@@ATL@@WJM@AGJABU_GUID@@PAPAX@Z 10003035 f i Totals.obj
 0001:00002042       ?AddRef@?$CComContainedObject@VCOPOSTotals@@@ATL@@WJM@AGKXZ 10003042 f i Totals.obj
 0001:0000204f       ?Release@?$CComContainedObject@VCOPOSTotals@@@ATL@@WJM@AGKXZ 1000304f f i Totals.obj
 0001:0000205c       ?QueryInterface@?$CComContainedObject@VCOPOSTotals@@@ATL@@WKA@AGJABU_GUID@@PAPAX@Z 1000305c f i Totals.obj
 0001:00002069       ?AddRef@?$CComContainedObject@VCOPOSTotals@@@ATL@@WKA@AGKXZ 10003069 f i Totals.obj
 0001:00002076       ?Release@?$CComContainedObject@VCOPOSTotals@@@ATL@@WKA@AGKXZ 10003076 f i Totals.obj
 0001:00002083       ?AddRef@?$CComContainedObject@VCOPOSTotals@@@ATL@@WKI@AGKXZ 10003083 f i Totals.obj
 0001:00002090       ?Release@?$CComContainedObject@VCOPOSTotals@@@ATL@@WKI@AGKXZ 10003090 f i Totals.obj
 0001:0000209d       ?AddRef@?$CComContainedObject@VCOPOSTotals@@@ATL@@WLE@AGKXZ 1000309d f i Totals.obj
 0001:000020aa       ?Release@?$CComContainedObject@VCOPOSTotals@@@ATL@@WLE@AGKXZ 100030aa f i Totals.obj
 0001:000020b7       ?Lock@CAtlModule@ATL@@UAEJXZ 100030b7 f i Totals.obj
 0001:000020c1       ?Unlock@CAtlModule@ATL@@UAEJXZ 100030c1 f i Totals.obj
 0001:000020cb       ?GetLockCount@CAtlModule@ATL@@UAEJXZ 100030cb f i Totals.obj
 0001:000020cf       ?GetGITPtr@CAtlModule@ATL@@UAEJPAPAUIGlobalInterfaceTable@@@Z 100030cf f i Totals.obj
 0001:0000211b       ?GetWindowProc@?$CWindowImplBaseT@VCWindow@ATL@@V?$CWinTraits@$0FGAAAAAA@$0A@@2@@ATL@@UAEP6GJPAUHWND__@@IIJ@ZXZ 1000311b f i Totals.obj
 0001:00002121       ?StartWindowProc@?$CWindowImplBaseT@VCWindow@ATL@@V?$CWinTraits@$0FGAAAAAA@$0A@@2@@ATL@@SGJPAUHWND__@@IIJ@Z 10003121 f i Totals.obj
 0001:00002175       ?AddCommonRGSReplacements@?$CAtlModuleT@VCComModule@ATL@@@ATL@@UAEJPAUIRegistrarBase@@@Z 10003175 f i Totals.obj
 0001:0000218f       ?GetTypeInfoCount@?$IDispatchImpl@UIOPOSTotals@@$1?IID_IOPOSTotals@@3U_GUID@@B$1?LIBID_OposTotals_CCO@@3U3@B$00$0A@VCComTypeInfoHolder@ATL@@@ATL@@UAGJPAI@Z 1000318f f i Totals.obj
 0001:000021ac       ?GetTypeInfo@?$IDispatchImpl@UIOPOSTotals@@$1?IID_IOPOSTotals@@3U_GUID@@B$1?LIBID_OposTotals_CCO@@3U3@B$00$0A@VCComTypeInfoHolder@ATL@@@ATL@@UAGJIKPAPAUITypeInfo@@@Z 100031ac f i Totals.obj
 0001:000021d0       ?GetIDsOfNames@?$IDispatchImpl@UIOPOSTotals@@$1?IID_IOPOSTotals@@3U_GUID@@B$1?LIBID_OposTotals_CCO@@3U3@B$00$0A@VCComTypeInfoHolder@ATL@@@ATL@@UAGJABU_GUID@@PAPA_WIKPAJ@Z 100031d0 f i Totals.obj
 0001:000021f0       ?Invoke@?$IDispatchImpl@UIOPOSTotals@@$1?IID_IOPOSTotals@@3U_GUID@@B$1?LIBID_OposTotals_CCO@@3U3@B$00$0A@VCComTypeInfoHolder@ATL@@@ATL@@UAGJJABU_GUID@@KGPAUtagDISPPARAMS@@PAUtagVARIANT@@PAUtagEXCEPINFO@@PAI@Z 100031f0 f i Totals.obj
 0001:000021fe       ?UpdateRegistryFromResourceD@CComModule@ATL@@UAGJPB_WHPAU_ATL_REGMAP_ENTRY@2@@Z 100031fe f i Totals.obj
 0001:000021fe       ?UpdateRegistryFromResourceD@CComModule@ATL@@UAGJIHPAU_ATL_REGMAP_ENTRY@2@@Z 100031fe f i Totals.obj
 0001:00002206       ?UpdateRegistryFromResource@CComModule@ATL@@UAGJPB_WHPAU_ATL_REGMAP_ENTRY@2@@Z 10003206 f i Totals.obj
 0001:0000220f       ?UpdateRegistryFromResource@CComModule@ATL@@UAGJIHPAU_ATL_REGMAP_ENTRY@2@@Z 1000320f f i Totals.obj
 0001:00002218       ?CreateControlWindow@?$CComControl@VCOPOSTotals@@V?$CWindowImpl@VCOPOSTotals@@VCWindow@ATL@@V?$CWinTraits@$0FGAAAAAA@$0A@@3@@ATL@@@ATL@@UAEPAUHWND__@@PAU3@AAUtagRECT@@@Z 10003218 f i Totals.obj
 0001:00002247       ?ControlQueryInterface@?$CComControl@VCOPOSTotals@@V?$CWindowImpl@VCOPOSTotals@@VCWindow@ATL@@V?$CWinTraits@$0FGAAAAAA@$0A@@3@@ATL@@@ATL@@UAEJABU_GUID@@PAPAX@Z 10003247 f i Totals.obj
 0001:00002262       ??_ECComModule@ATL@@UAEPAXI@Z 10003262 f i Totals.obj
 0001:00002262       ??_GCComModule@ATL@@UAEPAXI@Z 10003262 f i Totals.obj
 0001:0000228a       ?IsDirty@?$IPersistStreamInitImpl@VCOPOSTotals@@@ATL@@UAGJXZ 1000328a f i Totals.obj
 0001:000022a9       ?Load@?$IPersistStreamInitImpl@VCOPOSTotals@@@ATL@@UAGJPAUIStream@@@Z 100032a9 f i Totals.obj
 0001:000022c8       ?Save@?$IPersistStreamInitImpl@VCOPOSTotals@@@ATL@@UAGJPAUIStream@@H@Z 100032c8 f i Totals.obj
 0001:000022ea       ?GetSizeMax@?$IPersistStreamInitImpl@VCOPOSTotals@@@ATL@@UAGJPAT_ULARGE_INTEGER@@@Z 100032ea f i Totals.obj
 0001:0000249f       ?InitNew@?$IPersistStreamInitImpl@VCOPOSTotals@@@ATL@@UAGJXZ 1000349f f i Totals.obj
 0001:000024bc       ?SetClientSite@?$IOleObjectImpl@VCOPOSTotals@@@ATL@@UAGJPAUIOleClientSite@@@Z 100034bc f i Totals.obj
 0001:000024d9       ?GetClientSite@?$IOleObjectImpl@VCOPOSTotals@@@ATL@@UAGJPAPAUIOleClientSite@@@Z 100034d9 f i Totals.obj
 0001:000024f6       ?SetHostNames@?$IOleObjectImpl@VCOPOSTotals@@@ATL@@UAGJPB_W0@Z 100034f6 f i Totals.obj
 0001:000024fb       ?Close@?$IOleObjectImpl@VCOPOSTotals@@@ATL@@UAGJK@Z 100034fb f i Totals.obj
 0001:00002518       ?DoVerb@?$IOleObjectImpl@VCOPOSTotals@@@ATL@@UAGJJPAUtagMSG@@PAUIOleClientSite@@JPAUHWND__@@PBUtagRECT@@@Z 10003518 f i Totals.obj
 0001:00002630       ?EnumVerbs@?$IOleObjectImpl@VCOPOSTotals@@@ATL@@UAGJPAPAUIEnumOLEVERB@@@Z 10003630 f i Totals.obj
 0001:00002652       ?GetUserType@?$IOleObjectImpl@VCOPOSTotals@@@ATL@@UAGJKPAPA_W@Z 10003652 f i Totals.obj
 0001:0000266a       ?SetExtent@?$IOleObjectImpl@VCOPOSTotals@@@ATL@@UAGJKPAUtagSIZE@@@Z 1000366a f i Totals.obj
 0001:0000268a       ?GetExtent@?$IOleObjectImpl@VCOPOSTotals@@@ATL@@UAGJKPAUtagSIZE@@@Z 1000368a f i Totals.obj
 0001:000026c8       ?Advise@?$IOleObjectImpl@VCOPOSTotals@@@ATL@@UAGJPAUIAdviseSink@@PAK@Z 100036c8 f i Totals.obj
 0001:000026e8       ?Unadvise@?$IOleObjectImpl@VCOPOSTotals@@@ATL@@UAGJK@Z 100036e8 f i Totals.obj
 0001:00002717       ?EnumAdvise@?$IOleObjectImpl@VCOPOSTotals@@@ATL@@UAGJPAPAUIEnumSTATDATA@@@Z 10003717 f i Totals.obj
 0001:00002757       ?GetMiscStatus@?$IOleObjectImpl@VCOPOSTotals@@@ATL@@UAGJKPAK@Z 10003757 f i Totals.obj
 0001:0000276f       ?GetWindow@?$IOleInPlaceActiveObjectImpl@VCOPOSTotals@@@ATL@@UAGJPAPAUHWND__@@@Z 1000376f f i Totals.obj
 0001:000027bc       ?TranslateAcceleratorW@?$IOleInPlaceActiveObjectImpl@VCOPOSTotals@@@ATL@@UAGJPAUtagMSG@@@Z 100037bc f i Totals.obj
 0001:0000285a       ?OnDocWindowActivate@?$IOleInPlaceActiveObjectImpl@VCOPOSTotals@@@ATL@@UAGJH@Z 1000385a f i Totals.obj
 0001:0000287c       ?ResizeBorder@?$IOleInPlaceActiveObjectImpl@VCOPOSTotals@@@ATL@@UAGJPBUtagRECT@@PAUIOleInPlaceUIWindow@@H@Z 1000387c f i Totals.obj
 0001:00002881       ?Draw@?$IViewObjectExImpl@VCOPOSTotals@@@ATL@@UAGJKJPAXPAUtagDVTARGETDEVICE@@PAUHDC__@@2PBU_RECTL@@3P6GHK@ZK@Z 10003881 f i Totals.obj
 0001:000028b3       ??$?4UITypeInfo2@@@?$CComPtr@UITypeInfo@@@ATL@@QAEPAUITypeInfo@@ABV?$CComPtr@UITypeInfo2@@@1@@Z 100038b3 f i Totals.obj
 0001:000028e0       ??$AtlAdd@K@ATL@@YAJPAKKK@Z 100038e0 f i Totals.obj
 0001:00002903       ??$AtlAdd@_K@ATL@@YAJPA_K_K1@Z 10003903 f i Totals.obj
 0001:0000293b       ??$AtlAddThrow@K@ATL@@YAKKK@Z 1000393b f i Totals.obj
 0001:00002961       ??$AtlModuleRegisterWndClassInfoT@VAtlModuleRegisterWndClassInfoParamW@ATL@@@ATL@@YAGPAU_ATL_BASE_MODULE70@0@PAU_ATL_WIN_MODULE70@0@PAU_ATL_WNDCLASSINFOW@0@PAP6GJPAUHWND__@@IIJ@ZVAtlModuleRegisterWndClassInfoParamW@0@@Z 10003961 f i Totals.obj
 0001:00002aaf       ??$AtlMultiply@H@ATL@@YAJPAHHH@Z 10003aaf f i Totals.obj
 0001:00002ae7       ??$AtlMultiply@I@ATL@@YAJPAIII@Z 10003ae7 f i Totals.obj
 0001:00002ae7       ??$AtlMultiply@K@ATL@@YAJPAKKK@Z 10003ae7 f i Totals.obj
 0001:00002b09       ??$AtlMultiplyThrow@I@ATL@@YAIII@Z 10003b09 f i Totals.obj
 0001:00002b2f       ??0?$CComAggObject@VCOPOSTotals@@@ATL@@QAE@PAX@Z 10003b2f f i Totals.obj
 0001:00002b5c       ??0?$CComContainedObject@VCOPOSTotals@@@ATL@@QAE@PAX@Z 10003b5c f i Totals.obj
 0001:00002c15       ??0?$CComObject@V?$CComEnum@UIEnumConnectionPoints@@$1?_GUID_b196b285_bab4_101a_b69c_00aa00341d07@@3U__s_GUID@@BPAUIConnectionPoint@@V?$_CopyInterface@UIConnectionPoint@@@ATL@@VCComSingleThreadModel@6@@ATL@@@ATL@@QAE@PAX@Z 10003c15 f i Totals.obj
 0001:00002c43       ??0?$CComObject@V?$CComEnum@UIEnumConnections@@$1?_GUID_b196b287_bab4_101a_b69c_00aa00341d07@@3U__s_GUID@@BUtagCONNECTDATA@@V?$_Copy@UtagCONNECTDATA@@@ATL@@VCComSingleThreadModel@6@@ATL@@@ATL@@QAE@PAX@Z 10003c43 f i Totals.obj
 0001:00002c71       ??0?$CComObject@VCOPOSTotals@@@ATL@@QAE@PAX@Z 10003c71 f i Totals.obj
 0001:00002d28       ??0?$CComQIPtr@UIOleControlSite@@$1?_GUID_b196b289_bab4_101a_b69c_00aa00341d07@@3U__s_GUID@@B@ATL@@QAE@PAUIUnknown@@@Z 10003d28 f i Totals.obj
 0001:00002d51       ??0CAtlModule@ATL@@QAE@XZ  10003d51 f i Totals.obj
 0001:00002d92       ??0CParseBuffer@CRegParser@ATL@@QAE@H@Z 10003d92 f i Totals.obj
 0001:00002dc8       ??0_ATL_MSG@ATL@@QAE@PAUHWND__@@IIJH@Z 10003dc8 f i Totals.obj
 0001:00002e00       ??1?$CComAggObject@VCOPOSTotals@@@ATL@@UAE@XZ 10003e00 f i Totals.obj
 0001:00002e24       ??1?$CComEnumImpl@UIEnumConnectionPoints@@$1?_GUID_b196b285_bab4_101a_b69c_00aa00341d07@@3U__s_GUID@@BPAUIConnectionPoint@@V?$_CopyInterface@UIConnectionPoint@@@ATL@@@ATL@@UAE@XZ 10003e24 f i Totals.obj
 0001:00002e64       ??1?$CComEnumImpl@UIEnumConnections@@$1?_GUID_b196b287_bab4_101a_b69c_00aa00341d07@@3U__s_GUID@@BUtagCONNECTDATA@@V?$_Copy@UtagCONNECTDATA@@@ATL@@@ATL@@UAE@XZ 10003e64 f i Totals.obj
 0001:00002ea4       ??1?$CComObject@V?$CComEnum@UIEnumConnectionPoints@@$1?_GUID_b196b285_bab4_101a_b69c_00aa00341d07@@3U__s_GUID@@BPAUIConnectionPoint@@V?$_CopyInterface@UIConnectionPoint@@@ATL@@VCComSingleThreadModel@6@@ATL@@@ATL@@UAE@XZ 10003ea4 f i Totals.obj
 0001:00002ec7       ??1?$CComObject@V?$CComEnum@UIEnumConnections@@$1?_GUID_b196b287_bab4_101a_b69c_00aa00341d07@@3U__s_GUID@@BUtagCONNECTDATA@@V?$_Copy@UtagCONNECTDATA@@@ATL@@VCComSingleThreadModel@6@@ATL@@@ATL@@UAE@XZ 10003ec7 f i Totals.obj
 0001:00002eea       ??1?$CComObject@VCOPOSTotals@@@ATL@@UAE@XZ 10003eea f i Totals.obj
 0001:00002fa8       ??1?$CComObjectCached@VCComClassFactory@ATL@@@ATL@@UAE@XZ 10003fa8 f i Totals.obj
 0001:00002fbe       ??1?$CComObjectRootEx@VCComMultiThreadModel@ATL@@@ATL@@QAE@XZ 10003fbe f i Totals.obj
 0001:00002fd3       ??1CRegObject@ATL@@UAE@XZ  10003fd3 f i Totals.obj
 0001:00002ff3       ??4?$CComPtr@UIUnknown@@@ATL@@QAEPAUIUnknown@@PAU2@@Z 10003ff3 f i Totals.obj
 0001:00002ff3       ??4?$CComPtr@UIOleClientSite@@@ATL@@QAEPAUIOleClientSite@@PAU2@@Z 10003ff3 f i Totals.obj
 0001:00002ff3       ??4?$CComPtr@UIAdviseSink@@@ATL@@QAEPAUIAdviseSink@@PAU2@@Z 10003ff3 f i Totals.obj
 0001:00003027       ??4?$CComQIPtr@UIOleObject@@$1?_GUID_00000112_0000_0000_c000_000000000046@@3U__s_GUID@@B@ATL@@QAEPAUIOleObject@@PAUIUnknown@@@Z 10004027 f i Totals.obj
 0001:0000304c       ??4?$CComQIPtr@UISpecifyPropertyPages@@$1?_GUID_b196b28b_bab4_101a_b69c_00aa00341d07@@3U__s_GUID@@B@ATL@@QAEPAUISpecifyPropertyPages@@PAUIUnknown@@@Z 1000404c f i Totals.obj
 0001:00003071       ??_G?$CComContainedObject@VCOPOSTotals@@@ATL@@UAEPAXI@Z 10004071 f i Totals.obj
 0001:00003071       ??_E?$CComContainedObject@VCOPOSTotals@@@ATL@@UAEPAXI@Z 10004071 f i Totals.obj
 0001:00003096       ??_E?$CComObject@VCOPOSTotals@@@ATL@@UAEPAXI@Z 10004096 f i Totals.obj
 0001:00003096       ??_G?$CComObject@VCOPOSTotals@@@ATL@@UAEPAXI@Z 10004096 f i Totals.obj
 0001:000030bb       ?Add@?$CSimpleArray@GV?$CSimpleArrayEqualHelper@G@ATL@@@ATL@@QAEHABG@Z 100040bb f i Totals.obj
 0001:0000313f       ?Add@?$CSimpleMap@PA_WPA_WVCExpansionVectorEqualHelper@ATL@@@ATL@@QAEHABQA_W0@Z 1000413f f i Totals.obj
 0001:00003194       ?Add@CComDynamicUnkArray@ATL@@QAEKPAUIUnknown@@@Z 10004194 f i Totals.obj
 0001:0000324f       ?Add@CExpansionVector@ATL@@QAEHPB_W0@Z 1000424f f i Totals.obj
 0001:00003353       ?AddString@CParseBuffer@CRegParser@ATL@@QAEHPB_W@Z 10004353 f i Totals.obj
 0001:00003388       ?AddValue@CRegParser@ATL@@IAEJAAVCRegKey@2@PB_WPA_W@Z 10004388 f i Totals.obj
 0001:000036a9       ?Allocate@?$CAtlSafeAllocBufferManager@VCCRTAllocator@ATL@@@_ATL_SAFE_ALLOCA_IMPL@ATL@@QAEPAXK@Z 100046a9 f i Totals.obj
 0001:000036d6       ?Allocate@?$CTempBuffer@E$0BAA@VCCRTAllocator@ATL@@@ATL@@QAEPAEI@Z 100046d6 f i Totals.obj
 0001:00003705       ?Allocate@?$CTempBuffer@_W$0BAA@VCCRTAllocator@ATL@@@ATL@@QAEPA_WI@Z 10004705 f i Totals.obj
 0001:00003734       ?Allocate@?$CTempBuffer@_W$0EAA@VCCRTAllocator@ATL@@@ATL@@QAEPA_WI@Z 10004734 f i Totals.obj
 0001:00003763       ?AllocateHeap@?$CTempBuffer@_W$0EAA@VCCRTAllocator@ATL@@@ATL@@AAEXI@Z 10004763 f i Totals.obj
 0001:00003763       ?AllocateHeap@?$CTempBuffer@_W$0BAA@VCCRTAllocator@ATL@@@ATL@@AAEXI@Z 10004763 f i Totals.obj
 0001:00003763       ?AllocateHeap@?$CTempBuffer@E$0BAA@VCCRTAllocator@ATL@@@ATL@@AAEXI@Z 10004763 f i Totals.obj
 0001:00003788       ?Append@CParseBuffer@CRegParser@ATL@@QAEHPB_WH@Z 10004788 f i Totals.obj
 0001:00003816       ?AtlCallTermFunc@ATL@@YGXPAU_ATL_MODULE70@1@@Z 10004816 f i Totals.obj
 0001:0000385a       ?AtlCoTaskMemCAlloc@ATL@@YAPAXKK@Z 1000485a f i Totals.obj
 0001:00003887       ?AtlCoTaskMemRecalloc@ATL@@YAPAXPAXKK@Z 10004887 f i Totals.obj
 0001:000038b7       ?AtlComModuleGetClassObject@ATL@@YGJPAU_ATL_COM_MODULE70@1@ABU_GUID@@1PAPAX@Z 100048b7 f i Totals.obj
 0001:000039aa       ?AtlComModuleRegisterServer@ATL@@YGJPAU_ATL_COM_MODULE70@1@HPBU_GUID@@@Z 100049aa f i Totals.obj
 0001:00003a32       ?AtlComModuleUnregisterServer@ATL@@YGJPAU_ATL_COM_MODULE70@1@HPBU_GUID@@@Z 10004a32 f i Totals.obj
 0001:00003aba       ?AtlComQIPtrAssign2@ATL@@YAXPAPAUIUnknown@@PAU2@ABU_GUID@@@Z 10004aba f i Totals.obj
 0001:00003ae9       ?AtlCreateTargetDC@ATL@@YGPAUHDC__@@PAU2@PAUtagDVTARGETDEVICE@@@Z 10004ae9 f i Totals.obj
 0001:00003b52       ?AtlCrtErrorCheck@ATL@@YAHH@Z 10004b52 f i Totals.obj
 0001:00003b8d       ?AtlHiMetricToPixel@ATL@@YGXPBUtagSIZE@@PAU2@@Z 10004b8d f i Totals.obj
 0001:00003c02       ?AtlHresultFromLastError@ATL@@YAJXZ 10004c02 f i Totals.obj
 0001:00003c19       ?AtlHresultFromWin32@ATL@@YAJK@Z 10004c19 f i Totals.obj
 0001:00003c2e       ?AtlIPersistStreamInit_Load@ATL@@YGJPAUIStream@@PBUATL_PROPMAP_ENTRY@1@PAXPAUIUnknown@@@Z 10004c2e f i Totals.obj
 0001:00003e0e       ?AtlIPersistStreamInit_Save@ATL@@YGJPAUIStream@@HPBUATL_PROPMAP_ENTRY@1@PAXPAUIUnknown@@@Z 10004e0e f i Totals.obj
 0001:00003fa6       ?AtlInternalOleLoadFromStream@ATL@@YAJPAUIStream@@ABU_GUID@@PAPAXTClassesAllowedInStream@1@K@Z 10004fa6 f i Totals.obj
 0001:000040cc       ?AtlInternalQueryInterface@ATL@@YGJPAXPBU_ATL_INTMAP_ENTRY@1@ABU_GUID@@PAPAX@Z 100050cc f i Totals.obj
 0001:0000416f       ?AtlLoadTypeLib@ATL@@YGJPAUHINSTANCE__@@PB_WPAPA_WPAPAUITypeLib@@@Z 1000516f f i Totals.obj
 0001:0000434d       ?AtlModuleAddTermFunc@ATL@@YGJPAU_ATL_MODULE70@1@P6GXK@ZK@Z 1000534d f i Totals.obj
 0001:000043aa       ?AtlRegisterClassCategoriesHelper@ATL@@YGJABU_GUID@@PBU_ATL_CATMAP_ENTRY@1@H@Z 100053aa f i Totals.obj
 0001:0000468a       ?AtlRegisterTypeLib@ATL@@YGJPAUHINSTANCE__@@PB_W@Z 1000568a f i Totals.obj
 0001:00004812       ?AtlThrowImpl@ATL@@YGXJ@Z  10005812 f i Totals.obj
 0001:00004830       ?AtlUnRegisterTypeLib@ATL@@YGJPAUHINSTANCE__@@PB_W@Z 10005830 f i Totals.obj
 0001:000048db       ?AtlWinModuleAddCreateWndData@ATL@@YGXPAU_ATL_WIN_MODULE70@1@PAU_AtlCreateWndData@1@PAX@Z 100058db f i Totals.obj
 0001:0000492f       ?AtlWinModuleExtractCreateWndData@ATL@@YGPAXPAU_ATL_WIN_MODULE70@1@@Z 1000592f f i Totals.obj
 0001:00004992       ?AtlWinModuleRegisterClassExW@ATL@@YGGPAU_ATL_WIN_MODULE70@1@PBUtagWNDCLASSEXW@@@Z 10005992 f i Totals.obj
 0001:000049d1       ?CanForceRemoveKey@CRegParser@ATL@@IAEHPB_W@Z 100059d1 f i Totals.obj
 0001:00004a00       ?ChToByte@CRegParser@ATL@@KAE_W@Z 10005a00 f i Totals.obj
 0001:00004a33       ?Cleanup@CComTypeInfoHolder@ATL@@SGXK@Z 10005a33 f i Totals.obj
 0001:00004a66       ?ClearReplacements@CExpansionVector@ATL@@QAEJXZ 10005a66 f i Totals.obj
 0001:00004aa3       ?Close@CRegKey@ATL@@QAEJXZ 10005aa3 f i Totals.obj
 0001:00004abd       ?CreateInstance@?$CComCreator@V?$CComAggObject@VCOPOSTotals@@@ATL@@@ATL@@SGJPAXABU_GUID@@PAPAX@Z 10005abd f i Totals.obj
 0001:00004b33       ?CreateInstance@?$CComCreator@V?$CComObject@VCOPOSTotals@@@ATL@@@ATL@@SGJPAXABU_GUID@@PAPAX@Z 10005b33 f i Totals.obj
 0001:00004bb4       ?CreateInstance@?$CComObject@V?$CComEnum@UIEnumConnectionPoints@@$1?_GUID_b196b285_bab4_101a_b69c_00aa00341d07@@3U__s_GUID@@BPAUIConnectionPoint@@V?$_CopyInterface@UIConnectionPoint@@@ATL@@VCComSingleThreadModel@6@@ATL@@@ATL@@SGJPAPAV12@@Z 10005bb4 f i Totals.obj
 0001:00004bfb       ?CreateInstance@?$CComObject@V?$CComEnum@UIEnumConnections@@$1?_GUID_b196b287_bab4_101a_b69c_00aa00341d07@@3U__s_GUID@@BUtagCONNECTDATA@@V?$_Copy@UtagCONNECTDATA@@@ATL@@VCComSingleThreadModel@6@@ATL@@@ATL@@SGJPAPAV12@@Z 10005bfb f i Totals.obj
 0001:00004c42       ?DefaultReflectionHandler@?$CWindowImplRoot@VCWindow@ATL@@@ATL@@SAHPAUHWND__@@IIJAAJ@Z 10005c42 f i Totals.obj
 0001:00004cb5       ?DeleteSubKey@CRegKey@ATL@@QAEJPB_W@Z 10005cb5 f i Totals.obj
 0001:00004cd8       ?DoEvent@COPOSTotals@@IAEXIIJ@Z 10005cd8 f i Totals.obj
 0001:00004d58       ?DoVerbHide@?$IOleObjectImpl@VCOPOSTotals@@@ATL@@QAEJPBUtagRECT@@PAUHWND__@@@Z 10005d58 f i Totals.obj
 0001:00004d8e       ?DoVerbInPlaceActivate@?$IOleObjectImpl@VCOPOSTotals@@@ATL@@QAEJPBUtagRECT@@PAUHWND__@@@Z 10005d8e f i Totals.obj
 0001:00004dc1       ?DoVerbPrimary@?$IOleObjectImpl@VCOPOSTotals@@@ATL@@QAEJPBUtagRECT@@PAUHWND__@@@Z 10005dc1 f i Totals.obj
 0001:00004e4d       ?DoVerbProperties@CComControlBase@ATL@@QAEJPBUtagRECT@@PAUHWND__@@@Z 10005e4d f i Totals.obj
 0001:00004f74       ?DoVerbShow@?$IOleObjectImpl@VCOPOSTotals@@@ATL@@QAEJPBUtagRECT@@PAUHWND__@@@Z 10005f74 f i Totals.obj
 0001:00004f99       ?DoVerbUIActivate@?$IOleObjectImpl@VCOPOSTotals@@@ATL@@QAEJPBUtagRECT@@PAUHWND__@@@Z 10005f99 f i Totals.obj
 0001:00004fd6       ?DoesVerbActivate@CComControlBase@ATL@@QAEHJ@Z 10005fd6 f i Totals.obj
 0001:00004ff7       ?DoesVerbUIActivate@CComControlBase@ATL@@QAEHJ@Z 10005ff7 f i Totals.obj
 0001:0000502c       ?EndOfVar@CRegParser@ATL@@IAEHXZ 1000602c f i Totals.obj
 0001:0000504c       ?EscapeSingleQuote@CAtlModule@ATL@@SAXPA_WIPB_W@Z 1000604c f i Totals.obj
 0001:0000509b       ?FindKey@?$CSimpleMap@PA_WPA_WVCExpansionVectorEqualHelper@ATL@@@ATL@@QBEHABQA_W@Z 1000609b f i Totals.obj
 0001:000050d2       ?FireTheEvent@?$CProxy_IOPOSEvents@VCOPOSTotals@@@@IAEXPAVOposVariant@@IAAJPB_WJ@Z 100060d2 f i Totals.obj
 0001:00005164       ?FireViewChange@CComControlBase@ATL@@QAEJXZ 10006164 f i Totals.obj
 0001:000051ad       ?Fire_DirectIOEvent@?$CProxy_IOPOSEvents@VCOPOSTotals@@@@QAEXJPAJPAPA_W@Z 100061ad f i Totals.obj
 0001:00005293       ?Fire_StatusUpdateEvent@?$CProxy_IOPOSEvents@VCOPOSTotals@@@@QAEXJ@Z 10006293 f i Totals.obj
 0001:0000531f       ?FreeHeap@?$CTempBuffer@_W$0EAA@VCCRTAllocator@ATL@@@ATL@@AAEXXZ 1000631f f i Totals.obj
 0001:0000531f       ?FreeHeap@?$CTempBuffer@E$0BAA@VCCRTAllocator@ATL@@@ATL@@AAEXXZ 1000631f f i Totals.obj
 0001:0000531f       ?FreeHeap@?$CTempBuffer@_W$0BAA@VCCRTAllocator@ATL@@@ATL@@AAEXXZ 1000631f f i Totals.obj
 0001:00005328       ?GetAmbientLocaleID@CComControlBase@ATL@@QAEJAAK@Z 10006328 f i Totals.obj
 0001:00005384       ?GetAmbientUserMode@CComControlBase@ATL@@QAEJAAH@Z 10006384 f i Totals.obj
 0001:000053f4       ?GetAt@CComDynamicUnkArray@ATL@@QAEPAUIUnknown@@H@Z 100063f4 f i Totals.obj
 0001:00005410       ?GetClassObject@CComModule@ATL@@QAEJABU_GUID@@0PAPAX@Z 10006410 f i Totals.obj
 0001:000054b2       ?GetConnMap@COPOSTotals@@SAPBU_ATL_CONNMAP_ENTRY@ATL@@PAH@Z 100064b2 f i Totals.obj
 0001:00005522       ?GetCookie@CComDynamicUnkArray@ATL@@QAGKPAPAUIUnknown@@@Z 10006522 f i Totals.obj
 0001:0000555a       ?GetIDsOfNames@CComTypeInfoHolder@ATL@@QAEJABU_GUID@@PAPA_WIKPAJ@Z 1000655a f i Totals.obj
 0001:00005668       ?GetKeyAt@?$CSimpleMap@PA_WPA_WVCExpansionVectorEqualHelper@ATL@@@ATL@@QBEAAPA_WH@Z 10006668 f i Totals.obj
 0001:0000568d       ?GetPagesHelper@?$ISpecifyPropertyPagesImpl@VCOPOSTotals@@@ATL@@IAEJPAUtagCAUUID@@PBUATL_PROPMAP_ENTRY@2@@Z 1000668d f i Totals.obj
 0001:000057b4       ?GetProperty@?$CComPtr@UIDispatch@@@ATL@@SAJPAUIDispatch@@JPAUtagVARIANT@@@Z 100067b4 f i Totals.obj
 0001:00005803       ?GetSizeMax@CComVariant@ATL@@QBEJPAT_ULARGE_INTEGER@@@Z 10006803 f i Totals.obj
 0001:000059bd       ?GetStreamSize@CComBSTR@ATL@@SAKPA_W@Z 100069bd f i Totals.obj
 0001:000059d7       ?GetTI@CComTypeInfoHolder@ATL@@QAEJK@Z 100069d7 f i Totals.obj
 0001:00005bc0       ?GetTI@CComTypeInfoHolder@ATL@@QAEJKPAPAUITypeInfo@@@Z 10006bc0 f i Totals.obj
 0001:00005c02       ?GetUnknown@CComDynamicUnkArray@ATL@@QAGPAUIUnknown@@K@Z 10006c02 f i Totals.obj
 0001:00005c23       ?GetValueAt@?$CSimpleMap@PA_WPA_WVCExpansionVectorEqualHelper@ATL@@@ATL@@QBEAAPA_WH@Z 10006c23 f i Totals.obj
 0001:00005c49       ?GetZoomInfo@CComControlBase@ATL@@QAEXAAUATL_DRAWINFO@@@Z 10006c49 f i Totals.obj
 0001:00005cdc       ?HKeyFromString@CRegParser@ATL@@KAPAUHKEY__@@PA_W@Z 10006cdc f i Totals.obj
 0001:00005d0a       ?HasSubKeys@CRegParser@ATL@@IAEHPAUHKEY__@@@Z 10006d0a f i Totals.obj
 0001:00005d3f       ?IDataObject_GetData@CComControlBase@ATL@@QAEJPAUtagFORMATETC@@PAUtagSTGMEDIUM@@@Z 10006d3f f i Totals.obj
 0001:00005ee5       ?IOleInPlaceObject_InPlaceDeactivate@CComControlBase@ATL@@QAEJXZ 10006ee5 f i Totals.obj
 0001:00005f6c       ?IOleInPlaceObject_SetObjectRects@CComControlBase@ATL@@QAEJPBUtagRECT@@0@Z 10006f6c f i Totals.obj
 0001:00006039       ?IOleInPlaceObject_UIDeactivate@CComControlBase@ATL@@QAEJXZ 10007039 f i Totals.obj
 0001:000060fb       ?IOleObject_Advise@CComControlBase@ATL@@QAEJPAUIAdviseSink@@PAK@Z 100070fb f i Totals.obj
 0001:00006125       ?IOleObject_Close@CComControlBase@ATL@@QAEJK@Z 10007125 f i Totals.obj
 0001:00006209       ?IOleObject_GetClientSite@CComControlBase@ATL@@QAEJPAPAUIOleClientSite@@@Z 10007209 f i Totals.obj
 0001:00006232       ?IOleObject_SetClientSite@CComControlBase@ATL@@QAEJPAUIOleClientSite@@@Z 10007232 f i Totals.obj
 0001:00006271       ?IOleObject_SetExtent@CComControlBase@ATL@@QAEJKPAUtagSIZE@@@Z 10007271 f i Totals.obj
 0001:00006325       ?IPSI_GetIPersistStreamInit@?$IPersistStorageImpl@VCOPOSTotals@@@ATL@@AAEPAUIPersistStreamInit@@XZ 10007325 f i Totals.obj
 0001:00006367       ?IPersistStreamInit_Load@?$IPersistStreamInitImpl@VCOPOSTotals@@@ATL@@QAEJPAUIStream@@PBUATL_PROPMAP_ENTRY@2@@Z 10007367 f i Totals.obj
 0001:00006393       ?IPersistStreamInit_Save@?$IPersistStreamInitImpl@VCOPOSTotals@@@ATL@@QAEJPAUIStream@@HPBUATL_PROPMAP_ENTRY@2@@Z 10007393 f i Totals.obj
 0001:000063c8       ?IQuickActivate_QuickActivate@CComControlBase@ATL@@QAEJPAUtagQACONTAINER@@PAUtagQACONTROL@@@Z 100073c8 f i Totals.obj
 0001:0000660a       ?IViewObject_Draw@CComControlBase@ATL@@QAEJKJPAXPAUtagDVTARGETDEVICE@@PAUHDC__@@2PBU_RECTL@@3@Z 1000760a f i Totals.obj
 0001:000066b2       ?InPlaceActivate@CComControlBase@ATL@@QAEJJPBUtagRECT@@@Z 100076b2 f i Totals.obj
 0001:00006923       ?Init@?$CComEnumImpl@UIEnumConnectionPoints@@$1?_GUID_b196b285_bab4_101a_b69c_00aa00341d07@@3U__s_GUID@@BPAUIConnectionPoint@@V?$_CopyInterface@UIConnectionPoint@@@ATL@@@ATL@@QAEJPAPAUIConnectionPoint@@0PAUIUnknown@@W4CComEnumFlags@2@@Z 10007923 f i Totals.obj
 0001:00006a02       ?Init@?$CComEnumImpl@UIEnumConnections@@$1?_GUID_b196b287_bab4_101a_b69c_00aa00341d07@@3U__s_GUID@@BUtagCONNECTDATA@@V?$_Copy@UtagCONNECTDATA@@@ATL@@@ATL@@QAEJPAUtagCONNECTDATA@@0PAUIUnknown@@W4CComEnumFlags@2@@Z 10007a02 f i Totals.obj
 0001:00006ae1       ?Init@CComModule@ATL@@QAEJPAU_ATL_OBJMAP_ENTRY30@2@PAUHINSTANCE__@@PBU_GUID@@@Z 10007ae1 f i Totals.obj
 0001:00006b40       ?Init@CDynamicStdCallThunk2@ATL@@QAEHKPAX@Z 10007b40 f i Totals.obj
 0001:00006b6b       ?InlineIsEqualUnknown@ATL@@YGHABU_GUID@@@Z 10007b6b f i Totals.obj
 0001:00006b93       ?InternalGetSite@CComControlBase@ATL@@QAEJABU_GUID@@PAPAX@Z 10007b93 f i Totals.obj
 0001:00006bc1       ?InternalSetAtIndex@?$CSimpleMap@PA_WPA_WVCExpansionVectorEqualHelper@ATL@@@ATL@@QAEXHABQA_W0@Z 10007bc1 f i Totals.obj
 0001:00006beb       ?Invoke@CComTypeInfoHolder@ATL@@QAEJPAUIDispatch@@JABU_GUID@@KGPAUtagDISPPARAMS@@PAUtagVARIANT@@PAUtagEXCEPINFO@@PAI@Z 10007beb f i Totals.obj
 0001:00006c2e       ?IsEqualObject@?$CComPtrBase@UIOleClientSite@@@ATL@@QAE_NPAUIUnknown@@@Z 10007c2e f i Totals.obj
 0001:00006c2e       ?IsEqualObject@?$CComPtrBase@UITypeInfo@@@ATL@@QAE_NPAUIUnknown@@@Z 10007c2e f i Totals.obj
 0001:00006c9b       ?IsSpace@CRegParser@ATL@@IAEH_W@Z 10007c9b f i Totals.obj
 0001:00006cc5       ?LoadNameCache@CComTypeInfoHolder@ATL@@QAEJPAUITypeInfo@@@Z 10007cc5 f i Totals.obj
 0001:00006e13       ?Lookup@?$CSimpleMap@PA_WPA_WVCExpansionVectorEqualHelper@ATL@@@ATL@@QBEPA_WABQA_W@Z 10007e13 f i Totals.obj
 0001:00006e39       ?NextToken@CRegParser@ATL@@IAEJPA_W@Z 10007e39 f i Totals.obj
 0001:00006f71       ?OnKillFocus@CComControlBase@ATL@@QAEJIIJAAH@Z 10007f71 f i Totals.obj
 0001:00006fcc       ?OnMouseActivate@CComControlBase@ATL@@QAEJIIJAAH@Z 10007fcc f i Totals.obj
 0001:0000703a       ?OnPaint@CComControlBase@ATL@@QAEJIIJAAH@Z 1000803a f i Totals.obj
 0001:000070ec       ?OnSetFocus@CComControlBase@ATL@@QAEJIIJAAH@Z 100080ec f i Totals.obj
 0001:00007175       ?Open@CRegKey@ATL@@QAEJPAUHKEY__@@PB_WK@Z 10008175 f i Totals.obj
 0001:000071be       ?PreProcessBuffer@CRegParser@ATL@@QAEJPA_WPAPA_W@Z 100081be f i Totals.obj
 0001:00007428       ?ProcessWindowMessage@?$CComControl@VCOPOSTotals@@V?$CWindowImpl@VCOPOSTotals@@VCWindow@ATL@@V?$CWinTraits@$0FGAAAAAA@$0A@@3@@ATL@@@ATL@@UAEHPAUHWND__@@IIJAAJK@Z 10008428 f i Totals.obj
 0001:000074c7       ?PutProperty@?$CComPtr@UIDispatch@@@ATL@@SAJPAUIDispatch@@JPAUtagVARIANT@@@Z 100084c7 f i Totals.obj
 0001:00007559       ?ReadFromStream@CComBSTR@ATL@@QAEJPAUIStream@@@Z 10008559 f i Totals.obj
 0001:00007687       ?ReadFromStream@CComVariant@ATL@@QAEJPAUIStream@@GTClassesAllowedInStream@2@K@Z 10008687 f i Totals.obj
 0001:0000780d       ?RecurseDeleteKey@CRegKey@ATL@@QAEJPB_W@Z 1000880d f i Totals.obj
 0001:000078cf       ?RegCreateKeyExW@CAtlTransactionManager@ATL@@QAEJPAUHKEY__@@PB_WKPA_WKKQAU_SECURITY_ATTRIBUTES@@PAPAU3@PAK@Z 100088cf f i Totals.obj
 0001:00007932       ?RegDeleteKeyW@CAtlTransactionManager@ATL@@QAEJPAUHKEY__@@PB_W@Z 10008932 f i Totals.obj
 0001:00007984       ?RegOpenKeyExW@CAtlTransactionManager@ATL@@QAEJPAUHKEY__@@PB_WKKPAPAU3@@Z 10008984 f i Totals.obj
 0001:000079db       ?Register@_ATL_WNDCLASSINFOW@ATL@@QAEGPAP6GJPAUHWND__@@IIJ@Z@Z 100089db f i Totals.obj
 0001:000079fb       ?RegisterBuffer@CRegParser@ATL@@QAEJPA_WH@Z 100089fb f i Totals.obj
 0001:00007b34       ?RegisterFromResource@CRegObject@ATL@@IAEJPB_W00H@Z 10008b34 f i Totals.obj
 0001:00007c6a       ?RegisterServer@?$CAtlModuleT@VCComModule@ATL@@@ATL@@QAEJHPBU_GUID@@@Z 10008c6a f i Totals.obj
 0001:00007c98       ?RegisterServer@CComModule@ATL@@QAEJHPBU_GUID@@@Z 10008c98 f i Totals.obj
 0001:00007d0e       ?RegisterSubkeys@CRegParser@ATL@@IAEJPA_WPAUHKEY__@@HH@Z 10008d0e f i Totals.obj
 0001:000082dd       ?Remove@CComDynamicUnkArray@ATL@@QAEHK@Z 100092dd f i Totals.obj
 0001:00008306       ?RemoveAll@?$CSimpleMap@PA_WPA_WVCExpansionVectorEqualHelper@ATL@@@ATL@@QAEXXZ 10009306 f i Totals.obj
 0001:00008332       ?ResourceRegisterSz@CRegObject@ATL@@QAGJPB_W00@Z 10009332 f i Totals.obj
 0001:0000835f       ?ResourceUnregisterSz@CRegObject@ATL@@QAGJPB_W00@Z 1000935f f i Totals.obj
 0001:0000838c       ?SendOnDataChange@CComControlBase@ATL@@QAEJK@Z 1000938c f i Totals.obj
 0001:000083d9       ?SetControlFocus@CComControlBase@ATL@@QAEHH@Z 100093d9 f i Totals.obj
 0001:00008476       ?SetMultiStringValue@CRegKey@ATL@@QAEJPB_W0@Z 10009476 f i Totals.obj
 0001:000084d2       ?SetStringValue@CRegKey@ATL@@QAEJPB_W0K@Z 100094d2 f i Totals.obj
 0001:0000851b       ?SkipAssignment@CRegParser@ATL@@IAEJPA_W@Z 1000951b f i Totals.obj
 0001:00008580       ?SkipWhiteSpace@CRegParser@ATL@@IAEXXZ 10009580 f i Totals.obj
 0001:000085a2       ?StrChrW@CRegParser@ATL@@KAPA_WPA_W_W@Z 100095a2 f i Totals.obj
 0001:000085df       ?Term@CAtlModule@ATL@@QAEXXZ 100095df f i Totals.obj
 0001:00008618       ?Term@CComModule@ATL@@QAEXXZ 10009618 f i Totals.obj
 0001:00008670       ?UnregisterServer@?$CAtlModuleT@VCComModule@ATL@@@ATL@@QAEJHPBU_GUID@@@Z 10009670 f i Totals.obj
 0001:00008696       ?UnregisterServer@CComModule@ATL@@QAEJHPBU_GUID@@@Z 10009696 f i Totals.obj
 0001:0000870c       ?UpdateRegistryFromResource@CAtlModule@ATL@@QAGJIHPAU_ATL_REGMAP_ENTRY@2@@Z 1000970c f i Totals.obj
 0001:000088d7       ?UpdateRegistryFromResource@CAtlModule@ATL@@QAGJPB_WHPAU_ATL_REGMAP_ENTRY@2@@Z 100098d7 f i Totals.obj
 0001:00008aa8       ?VTFromRegType@CRegParser@ATL@@KAHPB_WAAG@Z 10009aa8 f i Totals.obj
 0001:00008b15       ?WindowProc@?$CWindowImplBaseT@VCWindow@ATL@@V?$CWinTraits@$0FGAAAAAA@$0A@@2@@ATL@@SGJPAUHWND__@@IIJ@Z 10009b15 f i Totals.obj
 0001:00008c07       ?WriteToStream@CComBSTR@ATL@@QAEJPAUIStream@@@Z 10009c07 f i Totals.obj
 0001:00008c5e       ?WriteToStream@CComVariant@ATL@@QAEJPAUIStream@@@Z 10009c5e f i Totals.obj
 0001:00008dd8       ?WriteToStream@CComVariant@ATL@@QAEJPAUIStream@@G@Z 10009dd8 f i Totals.obj
 0001:00008e41       ?_AtlInitialConstruct@?$CComObjectRootEx@VCComMultiThreadModel@ATL@@@ATL@@QAEJXZ 10009e41 f i Totals.obj
 0001:00008e56       ?_AtlVerifyStackAvailable@_ATL_SAFE_ALLOCA_IMPL@ATL@@YA_NK@Z 10009e56 f i Totals.obj
 0001:00008ed4       ?atlCreate@?$CWindowImpl@VCOPOSTotals@@VCWindow@ATL@@V?$CWinTraits@$0FGAAAAAA@$0A@@3@@ATL@@QAEPAUHWND__@@PAU3@V_U_RECT@2@PB_WKKV_U_MENUorID@2@PAX@Z 10009ed4 f i Totals.obj
 0001:00008f18       ?atlCreate@?$CWindowImplBaseT@VCWindow@ATL@@V?$CWinTraits@$0FGAAAAAA@$0A@@2@@ATL@@QAEPAUHWND__@@PAU3@V_U_RECT@2@PB_WKKV_U_MENUorID@2@GPAX@Z 10009f18 f i Totals.obj
 0001:00008fb4       ?atlCreate@CRegKey@ATL@@QAEJPAUHKEY__@@PB_WPA_WKKPAU_SECURITY_ATTRIBUTES@@PAK@Z 10009fb4 f i Totals.obj
 0001:00009017       ?copy@?$_Copy@UtagCONNECTDATA@@@ATL@@SAJPAUtagCONNECTDATA@@PBU3@@Z 1000a017 f i Totals.obj
 0001:0000904d       ?copy@?$_CopyInterface@UIConnectionPoint@@@ATL@@SAJPAPAUIConnectionPoint@@PBQAU3@@Z 1000a04d f i Totals.obj
 0001:0000907b       ?memcpy_s@Checked@ATL@@YAXPAXIPBXI@Z 1000a07b f i Totals.obj
 0001:0000909a       ?ocscpy_s@@YA_NPA_WIPB_W@Z 1000a09a f i Totals.obj
 0001:000090c9       ?ocslen@@YAHPB_W@Z         1000a0c9 f i Totals.obj
 0001:000090e9       ?wcscpy_s@Checked@ATL@@YAXPA_WIPB_W@Z 1000a0e9 f i Totals.obj
 0001:00009105       _DllCanUnloadNow@0         1000a105 f   Totals.obj
 0001:00009111       _DllGetClassObject@12      1000a111 f   Totals.obj
 0001:0000911f       _DllMain@12                1000a11f f   Totals.obj
 0001:00009161       _DllRegisterServer@0       1000a161 f   Totals.obj
 0001:00009170       _DllUnregisterServer@0     1000a170 f   Totals.obj
 0001:0000917f       _InlineIsEqualGUID         1000a17f f i Totals.obj
 0001:000091af       ___local_stdio_printf_options 1000a1af f i Totals.obj
 0001:000091b5       __vswprintf_s_l            1000a1b5 f i Totals.obj
 0001:00009262       _swprintf_s                1000a262 f i Totals.obj
 0001:0000927e       ??0?$CComControl@VCOPOSTotals@@V?$CWindowImpl@VCOPOSTotals@@VCWindow@ATL@@V?$CWinTraits@$0FGAAAAAA@$0A@@3@@ATL@@@ATL@@QAE@XZ 1000a27e f i TotalsImpl.obj
 0001:000092a5       ??0CComControlBase@ATL@@QAE@AAPAUHWND__@@@Z 1000a2a5 f i TotalsImpl.obj
 0001:000092ef       ??0COPOSTotals@@QAE@XZ     1000a2ef f   TotalsImpl.obj
 0001:0000933e       ??1?$CComControl@VCOPOSTotals@@V?$CWindowImpl@VCOPOSTotals@@VCWindow@ATL@@V?$CWinTraits@$0FGAAAAAA@$0A@@3@@ATL@@@ATL@@UAE@XZ 1000a33e f i TotalsImpl.obj
 0001:00009357       ??1?$IConnectionPointImpl@VCOPOSTotals@@$1?IID_IPropertyNotifySink@@3U_GUID@@BVCComDynamicUnkArray@ATL@@@ATL@@QAE@XZ 1000a357 f i TotalsImpl.obj
 0001:00009357       ??1?$IConnectionPointImpl@VCOPOSTotals@@$1?DIID__IOPOSTotalsEvents@@3U_GUID@@BVCComDynamicUnkArray@ATL@@@ATL@@QAE@XZ 1000a357 f i TotalsImpl.obj
 0001:00009394       ??1CComControlBase@ATL@@UAE@XZ 1000a394 f i TotalsImpl.obj
 0001:000093f7       ??1COPOSTotals@@UAE@XZ     1000a3f7 f   TotalsImpl.obj
 0001:0000943f       ??1OposVariantResult@@QAE@XZ 1000a43f f i TotalsImpl.obj
 0001:00009460       ??1_CW@@QAE@XZ             1000a460 f i TotalsImpl.obj
 0001:00009479       ?BeginTrans@COPOSTotals@@UAGJPAJ@Z 1000a479 f   TotalsImpl.obj
 0001:00009494       ?CheckHealth@COPOSTotals@@UAGJJPAJ@Z 1000a494 f   TotalsImpl.obj
 0001:000094e3       ?ClaimDevice@COPOSTotals@@UAGJJPAJ@Z 1000a4e3 f   TotalsImpl.obj
 0001:00009551       ?ClaimFile@COPOSTotals@@UAGJJJPAJ@Z 1000a551 f   TotalsImpl.obj
 0001:000095c5       ?Close@COPOSTotals@@UAGJPAJ@Z 1000a5c5 f   TotalsImpl.obj
 0001:00009633       ?CommitTrans@COPOSTotals@@UAGJPAJ@Z 1000a633 f   TotalsImpl.obj
 0001:0000964e       ?CompareFirmwareVersion@COPOSTotals@@UAGJPA_WPAJ1@Z 1000a64e f   TotalsImpl.obj
 0001:000096ce       ?Create@COPOSTotals@@UAGJPA_WPAJJF1@Z 1000a6ce f   TotalsImpl.obj
 0001:00009787       ?Delete@COPOSTotals@@UAGJPA_WPAJ@Z 1000a787 f   TotalsImpl.obj
 0001:000097de       ?DirectIO@COPOSTotals@@UAGJJPAJPAPA_W0@Z 1000a7de f   TotalsImpl.obj
 0001:0000988c       ?DoInvoke@COPOSTotals@@IAEJJPAVOposVariant@@IHPAJ_N@Z 1000a88c f   TotalsImpl.obj
 0001:0000994e       ?EventClose@COPOSTotals@@IAEXXZ 1000a94e f i TotalsImpl.obj
 0001:00009981       ?EventInit@COPOSTotals@@IAEJXZ 1000a981 f i TotalsImpl.obj
 0001:00009a4d       ?EventUninit@COPOSTotals@@IAEXXZ 1000aa4d f i TotalsImpl.obj
 0001:00009a9f       ?EventWindowProc@COPOSTotals@@IAGJIIJ@Z 1000aa9f f i TotalsImpl.obj
 0001:00009b16       ?FinalConstruct@COPOSTotals@@QAEJXZ 1000ab16 f   TotalsImpl.obj
 0001:00009b4f       ?Find@COPOSTotals@@UAGJPA_WPAJ11@Z 1000ab4f f   TotalsImpl.obj
 0001:00009c07       ?FindByIndex@COPOSTotals@@UAGJJPAPA_WPAJ@Z 1000ac07 f   TotalsImpl.obj
 0001:00009c83       ?FireEventCleanup@COPOSTotals@@IAEXXZ 1000ac83 f i TotalsImpl.obj
 0001:00009c99       ?FireEventSetup@COPOSTotals@@IAE_NXZ 1000ac99 f i TotalsImpl.obj
 0001:00009ccd       ?FreezeEvents@COPOSTotals@@MAGJH@Z 1000accd f   TotalsImpl.obj
 0001:00009d1e       ?GetOposProp@COPOSTotals@@IAEJJPAFJ@Z 1000ad1e f   TotalsImpl.obj
 0001:00009d41       ?GetOposProp@COPOSTotals@@IAEJJPAJJ@Z 1000ad41 f   TotalsImpl.obj
 0001:00009dff       ?GetOposProp@COPOSTotals@@IAEJJPAPA_WJ@Z 1000adff f   TotalsImpl.obj
 0001:00009eca       ?OnDraw@COPOSTotals@@MAEJAAUATL_DRAWINFO@@@Z 1000aeca f   TotalsImpl.obj
 0001:00009f6a       ?Open@COPOSTotals@@UAGJPA_WPAJ@Z 1000af6a f   TotalsImpl.obj
 0001:0000a701       ?Read@COPOSTotals@@UAGJJPAPA_WJJPAJ@Z 1000b701 f   TotalsImpl.obj
 0001:0000a7b0       ?RecalculateValidationData@COPOSTotals@@UAGJJPAJ@Z 1000b7b0 f   TotalsImpl.obj
 0001:0000a7ff       ?ReleaseDevice@COPOSTotals@@UAGJPAJ@Z 1000b7ff f   TotalsImpl.obj
 0001:0000a836       ?ReleaseFile@COPOSTotals@@UAGJJPAJ@Z 1000b836 f   TotalsImpl.obj
 0001:0000a885       ?Rename@COPOSTotals@@UAGJJPA_WPAJ@Z 1000b885 f   TotalsImpl.obj
 0001:0000a901       ?ResetStatistics@COPOSTotals@@UAGJPA_WPAJ@Z 1000b901 f   TotalsImpl.obj
 0001:0000a958       ?RetrieveStatistics@COPOSTotals@@UAGJPAPA_WPAJ@Z 1000b958 f   TotalsImpl.obj
 0001:0000a9af       ?Rollback@COPOSTotals@@UAGJPAJ@Z 1000b9af f   TotalsImpl.obj
 0001:0000a9ca       ?SOProcessID@COPOSTotals@@UAGJPAJ@Z 1000b9ca f   TotalsImpl.obj
 0001:0000a9de       ?SetAll@COPOSTotals@@UAGJJJPAJ@Z 1000b9de f   TotalsImpl.obj
 0001:0000aa52       ?SetCOFreezeEvents@COPOSTotals@@IAEXF@Z 1000ba52 f   TotalsImpl.obj
 0001:0000aadd       ?SetOposProp@COPOSTotals@@IAEJJJJ@Z 1000badd f   TotalsImpl.obj
 0001:0000abbb       ?UpdateFirmware@COPOSTotals@@UAGJPA_WPAJ@Z 1000bbbb f   TotalsImpl.obj
 0001:0000ac12       ?UpdateStatistics@COPOSTotals@@UAGJPA_WPAJ@Z 1000bc12 f   TotalsImpl.obj
 0001:0000ac69       ?ValidateData@COPOSTotals@@UAGJJPAJ@Z 1000bc69 f   TotalsImpl.obj
 0001:0000acb8       ?Write@COPOSTotals@@UAGJJPA_WJJPAJ@Z 1000bcb8 f   TotalsImpl.obj
 0001:0000ad67       ?get_BinaryConversion@COPOSTotals@@UAGJPAJ@Z 1000bd67 f   TotalsImpl.obj
 0001:0000ad7d       ?get_CapCompareFirmwareVersion@COPOSTotals@@UAGJPAF@Z 1000bd7d f   TotalsImpl.obj
 0001:0000ad96       ?get_CapErrorDetection@COPOSTotals@@UAGJPAF@Z 1000bd96 f   TotalsImpl.obj
 0001:0000adaf       ?get_CapPowerReporting@COPOSTotals@@UAGJPAJ@Z 1000bdaf f   TotalsImpl.obj
 0001:0000adc8       ?get_CapSingleFile@COPOSTotals@@UAGJPAF@Z 1000bdc8 f   TotalsImpl.obj
 0001:0000ade1       ?get_CapStatisticsReporting@COPOSTotals@@UAGJPAF@Z 1000bde1 f   TotalsImpl.obj
 0001:0000adfa       ?get_CapTransactions@COPOSTotals@@UAGJPAF@Z 1000bdfa f   TotalsImpl.obj
 0001:0000ae13       ?get_CapUpdateFirmware@COPOSTotals@@UAGJPAF@Z 1000be13 f   TotalsImpl.obj
 0001:0000ae2c       ?get_CapUpdateStatistics@COPOSTotals@@UAGJPAF@Z 1000be2c f   TotalsImpl.obj
 0001:0000ae45       ?get_CheckHealthText@COPOSTotals@@UAGJPAPA_W@Z 1000be45 f   TotalsImpl.obj
 0001:0000ae5e       ?get_Claimed@COPOSTotals@@UAGJPAF@Z 1000be5e f   TotalsImpl.obj
 0001:0000ae74       ?get_ControlObjectDescription@COPOSTotals@@UAGJPAPA_W@Z 1000be74 f   TotalsImpl.obj
 0001:0000aeb1       ?get_ControlObjectVersion@COPOSTotals@@UAGJPAJ@Z 1000beb1 f   TotalsImpl.obj
 0001:0000aec4       ?get_DeviceDescription@COPOSTotals@@UAGJPAPA_W@Z 1000bec4 f   TotalsImpl.obj
 0001:0000aedd       ?get_DeviceEnabled@COPOSTotals@@UAGJPAF@Z 1000bedd f   TotalsImpl.obj
 0001:0000aef3       ?get_DeviceName@COPOSTotals@@UAGJPAPA_W@Z 1000bef3 f   TotalsImpl.obj
 0001:0000af0c       ?get_FreeData@COPOSTotals@@UAGJPAJ@Z 1000bf0c f   TotalsImpl.obj
 0001:0000af25       ?get_FreezeEvents@COPOSTotals@@UAGJPAF@Z 1000bf25 f   TotalsImpl.obj
 0001:0000af3b       ?get_NumberOfFiles@COPOSTotals@@UAGJPAJ@Z 1000bf3b f   TotalsImpl.obj
 0001:0000af54       ?get_OpenResult@COPOSTotals@@UAGJPAJ@Z 1000bf54 f   TotalsImpl.obj
 0001:0000af6b       ?get_PowerNotify@COPOSTotals@@UAGJPAJ@Z 1000bf6b f   TotalsImpl.obj
 0001:0000af81       ?get_PowerState@COPOSTotals@@UAGJPAJ@Z 1000bf81 f   TotalsImpl.obj
 0001:0000af97       ?get_ResultCode@COPOSTotals@@UAGJPAJ@Z 1000bf97 f   TotalsImpl.obj
 0001:0000afd5       ?get_ResultCodeExtended@COPOSTotals@@UAGJPAJ@Z 1000bfd5 f   TotalsImpl.obj
 0001:0000afeb       ?get_ServiceObjectDescription@COPOSTotals@@UAGJPAPA_W@Z 1000bfeb f   TotalsImpl.obj
 0001:0000b004       ?get_ServiceObjectVersion@COPOSTotals@@UAGJPAJ@Z 1000c004 f   TotalsImpl.obj
 0001:0000b01a       ?get_State@COPOSTotals@@UAGJPAJ@Z 1000c01a f   TotalsImpl.obj
 0001:0000b046       ?get_TotalsSize@COPOSTotals@@UAGJPAJ@Z 1000c046 f   TotalsImpl.obj
 0001:0000b05f       ?get_TransactionInProgress@COPOSTotals@@UAGJPAF@Z 1000c05f f   TotalsImpl.obj
 0001:0000b078       ?put_BinaryConversion@COPOSTotals@@UAGJJ@Z 1000c078 f   TotalsImpl.obj
 0001:0000b08e       ?put_DeviceEnabled@COPOSTotals@@UAGJF@Z 1000c08e f   TotalsImpl.obj
 0001:0000b0ab       ?put_FreezeEvents@COPOSTotals@@UAGJF@Z 1000c0ab f   TotalsImpl.obj
 0001:0000b0f7       ?put_PowerNotify@COPOSTotals@@UAGJJ@Z 1000c0f7 f   TotalsImpl.obj
 0001:0000b10d       ?s_EventWindowProc@COPOSTotals@@KGJPAUHWND__@@IIJ@Z 1000c10d f i TotalsImpl.obj
 0001:0000b15f       ??_U@YAPAXI@Z              1000c15f f   LIBCMT:new_array.obj
 0001:0000b168       ??3@YAXPAXI@Z              1000c168 f   LIBCMT:delete_scalar_size.obj
 0001:0000b176       ??_V@YAXPAX@Z              1000c176 f   LIBCMT:delete_array.obj
 0001:0000b17b       ??_V@YAXPAXI@Z             1000c17b f   LIBCMT:delete_array_size.obj
 0001:0000b189       ??$__crt_fast_encode_pointer@PAX@@YAPAXQAX@Z 1000c189 f i libvcruntime:winapi_downlevel.obj
 0001:0000b189       ??$__crt_fast_encode_pointer@P6GHPAU_RTL_CONDITION_VARIABLE@@PAU_RTL_CRITICAL_SECTION@@K@Z@@YAP6GHPAU_RTL_CONDITION_VARIABLE@@PAU_RTL_CRITICAL_SECTION@@K@ZQ6GH01K@Z@Z 1000c189 f i LIBCMT:thread_safe_statics.obj
 0001:0000b189       ??$__crt_fast_encode_pointer@PAP6AXXZ@@YAPAP6AXXZQAP6AXXZ@Z 1000c189 f i LIBCMT:utility.obj
 0001:0000b189       ??$__crt_fast_encode_pointer@P6GXPAU_RTL_CONDITION_VARIABLE@@@Z@@YAP6GXPAU_RTL_CONDITION_VARIABLE@@@ZQ6GX0@Z@Z 1000c189 f i LIBCMT:thread_safe_statics.obj
 0001:0000b1ea       ___scrt_acquire_startup_lock 1000c1ea f   LIBCMT:utility.obj
 0001:0000b21c       ___scrt_dllmain_after_initialize_c 1000c21c f   LIBCMT:utility.obj
 0001:0000b247       ___scrt_dllmain_before_initialize_c 1000c247 f   LIBCMT:utility.obj
 0001:0000b255       ___scrt_dllmain_crt_thread_attach 1000c255 f   LIBCMT:utility.obj
 0001:0000b274       ___scrt_dllmain_crt_thread_detach 1000c274 f   LIBCMT:utility.obj
 0001:0000b281       ___scrt_dllmain_exception_filter 1000c281 f   LIBCMT:utility.obj
 0001:0000b2b5       ___scrt_dllmain_uninitialize_c 1000c2b5 f   LIBCMT:utility.obj
 0001:0000b2d8       ___scrt_dllmain_uninitialize_critical 1000c2d8 f   LIBCMT:utility.obj
 0001:0000b2e5       ___scrt_initialize_crt     1000c2e5 f   LIBCMT:utility.obj
 0001:0000b31e       ___scrt_initialize_onexit_tables 1000c31e f   LIBCMT:utility.obj
 0001:0000b3c3       ___scrt_is_nonwritable_in_current_image 1000c3c3 f   LIBCMT:utility.obj
 0001:0000b457       ___scrt_release_startup_lock 1000c457 f   LIBCMT:utility.obj
 0001:0000b474       ___scrt_uninitialize_crt   1000c474 f   LIBCMT:utility.obj
 0001:0000b49c       __onexit                   1000c49c f   LIBCMT:utility.obj
 0001:0000b4d7       _atexit                    1000c4d7 f   LIBCMT:utility.obj
 0001:0000b4ec       ??3@YAXPAX@Z               1000c4ec f   LIBCMT:delete_scalar.obj
 0001:0000b623       __Init_thread_footer       1000c623 f   LIBCMT:thread_safe_statics.obj
 0001:0000b66d       __Init_thread_header       1000c66d f   LIBCMT:thread_safe_statics.obj
 0001:0000b6bf       __Init_thread_notify       1000c6bf f   LIBCMT:thread_safe_statics.obj
 0001:0000b701       __Init_thread_wait         1000c701 f   LIBCMT:thread_safe_statics.obj
 0001:0000b761       ___raise_securityfailure   1000c761 f   LIBCMT:gs_report.obj
 0001:0000b789       ___report_gsfailure        1000c789 f   LIBCMT:gs_report.obj
 0001:0000b882       ___report_rangecheckfailure 1000c882 f   LIBCMT:gs_report.obj
 0001:0000b88e       ___report_securityfailure  1000c88e f   LIBCMT:gs_report.obj
 0001:0000b95c       ??2@YAPAXIABUnothrow_t@std@@@Z 1000c95c f   LIBCMT:new_scalar_nothrow.obj
 0001:0000b9ac       ??_U@YAPAXIABUnothrow_t@std@@@Z 1000c9ac f   LIBCMT:new_array_nothrow.obj
 0001:0000b9b5       @__security_check_cookie@4 1000c9b5 f   LIBCMT:_secchk_.obj
 0001:0000b9d0       __SEH_prolog4_GS           1000c9d0 f   LIBCMT:_sehprolg4gs_.obj
 0001:0000ba19       __SEH_epilog4_GS           1000ca19 f   LIBCMT:_sehprolg4gs_.obj
 0001:0000ba30       __alloca_probe_16          1000ca30 f   LIBCMT:alloca16.obj
 0001:0000ba46       __alloca_probe_8           1000ca46     LIBCMT:alloca16.obj
 0001:0000ba60       __chkstk                   1000ca60 f   LIBCMT:chkstk.obj
 0001:0000ba60       __alloca_probe             1000ca60 f   LIBCMT:chkstk.obj
 0001:0000bdad       __DllMainCRTStartup@12     1000cdad f   LIBCMT:dll_dllmain.obj
 0001:0000bdd0       ??2@YAPAXI@Z               1000cdd0 f   LIBCMT:new_scalar.obj
 0001:0000be00       ___isa_available_init      1000ce00 f   LIBCMT:_cpu_disp_.obj
 0001:0000bf97       ___scrt_is_ucrt_dll_in_use 1000cf97 f   LIBCMT:ucrt_detection.obj
 0001:0000bfa3       ___scrt_fastfail           1000cfa3 f   LIBCMT:utility_desktop.obj
 0001:0000c0bd       __crt_debugger_hook        1000d0bd f   LIBCMT:utility_desktop.obj
 0001:0000c0d0       __SEH_prolog4              1000d0d0 f   LIBCMT:_sehprolg4_.obj
 0001:0000c116       __SEH_epilog4              1000d116 f   LIBCMT:_sehprolg4_.obj
 0001:0000c12b       @_guard_check_icall_nop@4  1000d12b f i LIBCMT:guard_support.obj
 0001:0000c179       ___security_init_cookie    1000d179 f   LIBCMT:gs_support.obj
 0001:0000c1c4       ?__scrt_initialize_type_info@@YAXXZ 1000d1c4 f   LIBCMT:tncleanup.obj
 0001:0000c1d0       ?__scrt_uninitialize_type_info@@YAXXZ 1000d1d0 f   LIBCMT:tncleanup.obj
 0001:0000c1dc       ___local_stdio_scanf_options 1000d1dc f i LIBCMT:default_local_stdio_options.obj
 0001:0000c1e2       ___scrt_initialize_default_local_stdio_options 1000d1e2 f   LIBCMT:default_local_stdio_options.obj
 0001:0000c1ff       ___scrt_get_dyn_tls_init_callback 1000d1ff f   LIBCMT:dyn_tls_init.obj
 0001:0000c205       __RTC_Initialize           1000d205 f   LIBCMT:_initsect_.obj
 0001:0000c231       __RTC_Terminate            1000d231 f   LIBCMT:_initsect_.obj
 0001:0000c25d       ??0bad_alloc@std@@QAE@ABV01@@Z 1000d25d f i LIBCMT:throw_bad_alloc.obj
 0001:0000c278       ??0bad_alloc@std@@QAE@XZ   1000d278 f i LIBCMT:throw_bad_alloc.obj
 0001:0000c290       ??0bad_array_new_length@std@@QAE@ABV01@@Z 1000d290 f i LIBCMT:throw_bad_alloc.obj
 0001:0000c2ab       ??0bad_array_new_length@std@@QAE@XZ 1000d2ab f i LIBCMT:throw_bad_alloc.obj
 0001:0000c2c3       ??0exception@std@@QAE@ABV01@@Z 1000d2c3 f i LIBCMT:throw_bad_alloc.obj
 0001:0000c2ef       ??1bad_alloc@std@@UAE@XZ   1000d2ef f i LIBCMT:throw_bad_alloc.obj
 0001:0000c2ef       ??1bad_exception@std@@UAE@XZ 1000d2ef f i libvcruntime:frame.obj
 0001:0000c2ef       ??1bad_array_new_length@std@@UAE@XZ 1000d2ef f i LIBCMT:throw_bad_alloc.obj
 0001:0000c300       ??_Ebad_alloc@std@@UAEPAXI@Z 1000d300 f i LIBCMT:throw_bad_alloc.obj
 0001:0000c300       ??_Gbad_exception@std@@UAEPAXI@Z 1000d300 f i libvcruntime:frame.obj
 0001:0000c300       ??_Ebad_array_new_length@std@@UAEPAXI@Z 1000d300 f i LIBCMT:throw_bad_alloc.obj
 0001:0000c300       ??_Gexception@std@@UAEPAXI@Z 1000d300 f i LIBCMT:throw_bad_alloc.obj
 0001:0000c300       ??_Ebad_exception@std@@UAEPAXI@Z 1000d300 f i libvcruntime:frame.obj
 0001:0000c300       ??_Gbad_alloc@std@@UAEPAXI@Z 1000d300 f i LIBCMT:throw_bad_alloc.obj
 0001:0000c300       ??_Gbad_array_new_length@std@@UAEPAXI@Z 1000d300 f i LIBCMT:throw_bad_alloc.obj
[...]
 0002:00002b78       ?candidate_modules@?1??try_get_LCMapStringEx@@YAP6GHPB_WK0HPA_WHPAU_nlsversioninfo@@PAXJ@ZXZ@4QBW4module_id@?A0x391cf84c@@B 10021b78     libucrt:winapi_thunks.obj
 0002:00002b90       ?candidate_modules@?1??try_get_LocaleNameToLCID@@YAP6GKPB_WK@ZXZ@4QBW4module_id@?A0x391cf84c@@B 10021b90     libucrt:winapi_thunks.obj
 0002:00002bac       ?candidate_modules@?1??try_get_AppPolicyGetProcessTerminationMethod@@YAP6GJPAXPAW4AppPolicyProcessTerminationMethod@@@ZXZ@4QBW4module_id@?A0x391cf84c@@B 10021bac     libucrt:winapi_thunks.obj
 0002:00002bd8       ?candidate_modules@?1??try_get_SetThreadStackGuarantee@@YAP6GHPAK@ZXZ@4QBW4module_id@?A0x391cf84c@@B 10021bd8     libucrt:winapi_thunks.obj
 0002:00003104       ?_mb_locale_names@@3QBQB_WB 10022104     libucrt:mbctype.obj
 0002:00003950       ?LcidToLocaleNameTable@?A0x881e4c05@@3QBULcidToLocaleName@1@B 10022950     libucrt:lcidtoname_downlevel.obj
 0002:00004a78       ?LocaleNameToIndexTable@?A0x881e4c05@@3QBULocaleNameIndex@1@B 10023a78     libucrt:lcidtoname_downlevel.obj
 0002:000063b0       LOG_name                   100253b0     libucrt:log10.obj
 0002:000063c0       _One                       100253c0     libucrt:ceil_pentium4.obj
 0002:000063d0       _Bns                       100253d0     libucrt:ceil_pentium4.obj
 0002:000063e0       _Zero                      100253e0     libucrt:ceil_pentium4.obj
 0002:000063f0       _S                         100253f0     libucrt:ceil_pentium4.obj
 0002:00006400       _NegZero                   10025400     libucrt:ceil_pentium4.obj
 0002:00006410       emask                      10025410     libucrt:log10_pentium4.obj
 0002:00006420       CC                         10025420     libucrt:log10_pentium4.obj
 0002:00006430       Magic                      10025430     libucrt:log10_pentium4.obj
 0002:00006440       hi_mask                    10025440     libucrt:log10_pentium4.obj
 0002:00006450       LOG10_2                    10025450     libucrt:log10_pentium4.obj
 0002:00006460       place_L                    10025460     libucrt:log10_pentium4.obj
 0002:00006480       One                        10025480     libucrt:log10_pentium4.obj
 0002:00006490       Zero                       10025490     libucrt:log10_pentium4.obj
 0002:000064a0       Two52                      100254a0     libucrt:log10_pentium4.obj
 0002:000064b0       Infs                       100254b0     libucrt:log10_pentium4.obj
 0002:000064c0       NaN                        100254c0     libucrt:log10_pentium4.obj
 0002:000064d0       coeff                      100254d0     libucrt:log10_pentium4.obj
 0002:0000652e       _log2max                   1002552e     libucrt:87tran.obj
 0002:00006538       _smallarg                  10025538     libucrt:87tran.obj
 0002:00006542       _half                      10025542     libucrt:87tran.obj
 0002:0000658e       One                        1002558e     libucrt:87disp.obj
 0002:00006596       Three                      10025596     libucrt:87disp.obj
 0002:0000659e       XAMtoTagTab                1002559e     libucrt:87disp.obj
 0002:000065b0       One                        100255b0     libucrt:common.obj
 0002:000065c4       DblMax                     100255c4     libucrt:common.obj
 0002:000065cc       DblMin                     100255cc     libucrt:common.obj
 0002:000065d4       IeeeAdjO                   100255d4     libucrt:common.obj
 0002:000065dc       IeeeAdjU                   100255dc     libucrt:common.obj
 0002:000065e4       _infinity                  100255e4     libucrt:common.obj
 0002:000065ec       _zero                      100255ec     libucrt:common.obj
 0002:00006628       _over                      10025628     libucrt:fpctrl.obj
 0002:00006634       _under                     10025634     libucrt:fpctrl.obj
 0002:00006e68       ?_names@?1??_get_fname@@9@9 10025e68     libucrt:fpexcept.obj
 0002:000076c8       __sehtable$?_AtlVerifyStackAvailable@_ATL_SAFE_ALLOCA_IMPL@ATL@@YA_NK@Z 100266c8     Totals.obj
 0002:000076e8       __sehtable$___scrt_is_nonwritable_in_current_image 100266e8     LIBCMT:utility.obj
 0002:00007704       __ehfuncinfo$?__scrt_initialize_thread_safe_statics_platform_specific@@YAXXZ 10026704     LIBCMT:thread_safe_statics.obj
 0002:00007728       __catchsym$??2@YAPAXIABUnothrow_t@std@@@Z$2 10026728     LIBCMT:new_scalar_nothrow.obj
 0002:00007738       __unwindtable$??2@YAPAXIABUnothrow_t@std@@@Z 10026738     LIBCMT:new_scalar_nothrow.obj
 0002:00007748       __tryblocktable$??2@YAPAXIABUnothrow_t@std@@@Z 10026748     LIBCMT:new_scalar_nothrow.obj
 0002:0000775c       __ehfuncinfo$??2@YAPAXIABUnothrow_t@std@@@Z 1002675c     LIBCMT:new_scalar_nothrow.obj
 0002:00007780       __sehtable$?dllmain_crt_process_attach@@YAHQAUHINSTANCE__@@QAX@Z 10026780     LIBCMT:dll_dllmain.obj
 0002:000077a0       __sehtable$?dllmain_crt_process_detach@@YAH_N@Z 100267a0     LIBCMT:dll_dllmain.obj
 0002:000077c0       __sehtable$?dllmain_dispatch@@YAHQAUHINSTANCE__@@KQAX@Z 100267c0     LIBCMT:dll_dllmain.obj
 0002:00007870       __sehtable$?FrameUnwindToState@__FrameHandler3@@SAXPAUEHRegistrationNode@@PAXPBU_s_FuncInfo@@H@Z 10026870     libvcruntime:frame.obj
 0002:00007898       __sehtable$?CallCatchBlock@@YAPAXPAUEHExceptionRecord@@PAUEHRegistrationNode@@PAU_CONTEXT@@PBU_s_FuncInfo@@PAXHK@Z 10026898     libvcruntime:frame.obj
 0002:000078c0       __catchsym$?CallUnexpected@@YAXPBU_s_ESTypeList@@@Z$2 100268c0     libvcruntime:frame.obj
 0002:000078d0       __unwindtable$?CallUnexpected@@YAXPBU_s_ESTypeList@@@Z 100268d0     libvcruntime:frame.obj
 0002:000078e0       __tryblocktable$?CallUnexpected@@YAXPBU_s_ESTypeList@@@Z 100268e0     libvcruntime:frame.obj
 0002:000078f4       __ehfuncinfo$?CallUnexpected@@YAXPBU_s_ESTypeList@@@Z 100268f4     libvcruntime:frame.obj
 0002:00007918       __sehtable$??$BuildCatchObjectHelperInternal@$$CBU_s_HandlerType@@@@YAHPAUEHExceptionRecord@@PAXPBU_s_HandlerType@@PBU_s_CatchableType@@@Z 10026918     libvcruntime:frame.obj
 0002:00007938       __sehtable$??$BuildCatchObjectInternal@$$CBU_s_HandlerType@@@@YAXPAUEHExceptionRecord@@PAXPBU_s_HandlerType@@PBU_s_CatchableType@@@Z 10026938     libvcruntime:frame.obj
 0002:00007990       __sehtable$___DestructExceptionObject 10026990     libvcruntime:ehhelpers.obj
 0002:000079b0       __sehtable$??R<lambda_6e4b09c48022b2350581041d5f6b0c4c>@@QBE@XZ 100269b0     libucrt:exit.obj
 0002:000079d0       __sehtable$??$?RV<lambda_03b1d95aef87969028cfba75ccab2455>@@AAV<lambda_6e4b09c48022b2350581041d5f6b0c4c>@@V<lambda_22bdf7517842c4b3e53723af5aa32b9e>@@@?$__crt_seh_guarded_call@X@@QAEX$$QAV<lambda_03b1d95aef87969028cfba75ccab2455>@@AAV<lambda_6e4b09c48022b2350581041d5f6b0c4c>@@$$QAV<lambda_22bdf7517842c4b3e53723af5aa32b9e>@@@Z 100269d0     libucrt:exit.obj
 0002:000079f0       __sehtable$??$?RV<lambda_8e746cf0007f6ed984d6f78af1fec997>@@AAV<lambda_22ebabd17bc4fa466a2aca6d8deb888d>@@V<lambda_18ed0c0b38a6dc0daf1e7ac6d6adf05e>@@@?$__crt_seh_guarded_call@H@@QAEH$$QAV<lambda_8e746cf0007f6ed984d6f78af1fec997>@@AAV<lambda_22ebabd17bc4fa466a2aca6d8deb888d>@@$$QAV<lambda_18ed0c0b38a6dc0daf1e7ac6d6adf05e>@@@Z 100269f0     libucrt:onexit.obj
 0002:00007a10       __sehtable$??$?RV<lambda_69a2805e680e0e292e8ba93315fe43a8>@@AAV<lambda_f03950bc5685219e0bcd2087efbe011e>@@V<lambda_03fcd07e894ec930e3f35da366ca99d6>@@@?$__crt_seh_guarded_call@H@@QAEH$$QAV<lambda_69a2805e680e0e292e8ba93315fe43a8>@@AAV<lambda_f03950bc5685219e0bcd2087efbe011e>@@$$QAV<lambda_03fcd07e894ec930e3f35da366ca99d6>@@@Z 10026a10     libucrt:onexit.obj
 0002:00007a30       __sehtable$__query_new_handler 10026a30     libucrt:new_handler.obj
 0002:00007a50       __sehtable$_terminate      10026a50     libucrt:terminate.obj
 0002:00007a70       __sehtable$??$?RV<lambda_15ade71b0218206bbe3333a0c9b79046>@@AAV<lambda_da44e0f8b0f19ba52fefafb335991732>@@V<lambda_207f2d024fc103971653565357d6cd41>@@@?$__crt_seh_guarded_call@X@@QAEX$$QAV<lambda_15ade71b0218206bbe3333a0c9b79046>@@AAV<lambda_da44e0f8b0f19ba52fefafb335991732>@@$$QAV<lambda_207f2d024fc103971653565357d6cd41>@@@Z 10026a70     libucrt:per_thread_data.obj
 0002:00007a90       __sehtable$??$?RV<lambda_a7e850c220f1c8d1e6efeecdedd162c6>@@AAV<lambda_46720907175c18b6c9d2717bc0d2d362>@@V<lambda_9048902d66e8d99359bc9897bbb930a8>@@@?$__crt_seh_guarded_call@X@@QAEX$$QAV<lambda_a7e850c220f1c8d1e6efeecdedd162c6>@@AAV<lambda_46720907175c18b6c9d2717bc0d2d362>@@$$QAV<lambda_9048902d66e8d99359bc9897bbb930a8>@@@Z 10026a90     libucrt:per_thread_data.obj
 0002:00007ab0       __sehtable$??$?RV<lambda_38edbb1296d33220d7e4dd0ed76b244a>@@AAV<lambda_5ce1d447e08cb34b2473517608e21441>@@V<lambda_fb385d3da700c9147fc39e65dd577a8c>@@@?$__crt_seh_guarded_call@X@@QAEX$$QAV<lambda_38edbb1296d33220d7e4dd0ed76b244a>@@AAV<lambda_5ce1d447e08cb34b2473517608e21441>@@$$QAV<lambda_fb385d3da700c9147fc39e65dd577a8c>@@@Z 10026ab0     libucrt:per_thread_data.obj
 0002:00007ad0       __sehtable$??$?RV<lambda_6affb1475c98b40b75cdec977db92e3c>@@AAV<lambda_b8d4b9c228a6ecc3f80208dbb4b4a104>@@V<lambda_608742c3c92a14382c1684fc64f96c88>@@@?$__crt_seh_guarded_call@X@@QAEX$$QAV<lambda_6affb1475c98b40b75cdec977db92e3c>@@AAV<lambda_b8d4b9c228a6ecc3f80208dbb4b4a104>@@$$QAV<lambda_608742c3c92a14382c1684fc64f96c88>@@@Z 10026ad0     libucrt:per_thread_data.obj
 0002:00007af0       __sehtable$??$?RV<lambda_e5124f882df8998aaf41531e079ba474>@@AAV<lambda_3e16ef9562a7dcce91392c22ab16ea36>@@V<lambda_e25ca0880e6ef98be67edffd8c599615>@@@?$__crt_seh_guarded_call@X@@QAEX$$QAV<lambda_e5124f882df8998aaf41531e079ba474>@@AAV<lambda_3e16ef9562a7dcce91392c22ab16ea36>@@$$QAV<lambda_e25ca0880e6ef98be67edffd8c599615>@@@Z 10026af0     libucrt:wsetlocale.obj
 0002:00007b10       __sehtable$___acrt_initialize_lowio 10026b10     libucrt:ioinit.obj
 0002:00007b30       __sehtable$?update_thread_multibyte_data_internal@@YAPAU__crt_multibyte_data@@QAU__acrt_ptd@@QAU1@@Z 10026b30     libucrt:mbctype.obj
 0002:00007b50       __sehtable$??$?RV<lambda_ceb1ee4838e85a9d631eb091e2fbe199>@@AAV<lambda_ae742caa10f662c28703da3d2ea5e57e>@@V<lambda_cd08b5d6af4937fe54fc07d0c9bf6b37>@@@?$__crt_seh_guarded_call@X@@QAEX$$QAV<lambda_ceb1ee4838e85a9d631eb091e2fbe199>@@AAV<lambda_ae742caa10f662c28703da3d2ea5e57e>@@$$QAV<lambda_cd08b5d6af4937fe54fc07d0c9bf6b37>@@@Z 10026b50     libucrt:mbctype.obj
 0002:00007b70       __sehtable$_raise          10026b70     libucrt:signal.obj
 0002:00007b90       __sehtable$??$?RV<lambda_cbab9ec6f41b0180b23cc171c22676b0>@@AAV<lambda_44731a7d0e6d81c3e6aa82d741081786>@@V<lambda_4b292cb8dd18144e164572427af410ab>@@@?$__crt_seh_guarded_call@P6AXH@Z@@QAEP6AXH@Z$$QAV<lambda_cbab9ec6f41b0180b23cc171c22676b0>@@AAV<lambda_44731a7d0e6d81c3e6aa82d741081786>@@$$QAV<lambda_4b292cb8dd18144e164572427af410ab>@@@Z 10026b90     libucrt:signal.obj
 0002:00007bb0       __sehtable$___acrt_update_thread_locale_data 10026bb0     libucrt:locale_refcounting.obj
 0002:00007bd0       __sehtable$__fcloseall     10026bd0     libucrt:closeall.obj
 0002:00007bf0       __sehtable$??$?RV<lambda_2866be3712abc81a800a822484c830d8>@@AAV<lambda_39ca0ed439415581b5b15c265174cece>@@V<lambda_2b24c74d71094a6cd0cb82e44167d71b>@@@?$__crt_seh_guarded_call@X@@QAEX$$QAV<lambda_2866be3712abc81a800a822484c830d8>@@AAV<lambda_39ca0ed439415581b5b15c265174cece>@@$$QAV<lambda_2b24c74d71094a6cd0cb82e44167d71b>@@@Z 10026bf0     libucrt:fflush.obj
 0002:00007c10       __sehtable$??$?RV<lambda_2cc53f568c5a2bb6f192f930a45d44ea>@@AAV<lambda_ab61a845afdef5b7c387490eaf3616ee>@@V<lambda_c2ffc0b7726aa6be21d5f0026187e748>@@@?$__crt_seh_guarded_call@X@@QAEX$$QAV<lambda_2cc53f568c5a2bb6f192f930a45d44ea>@@AAV<lambda_ab61a845afdef5b7c387490eaf3616ee>@@$$QAV<lambda_c2ffc0b7726aa6be21d5f0026187e748>@@@Z 10026c10     libucrt:fflush.obj
 0002:00007c30       __sehtable$___acrt_lowio_ensure_fh_exists 10026c30     libucrt:osfinfo.obj
 0002:00007c50       __sehtable$__write         10026c50     libucrt:write.obj
 0002:00007c70       __sehtable$_fclose         10026c70     libucrt:fclose.obj
 0002:00007c90       __sehtable$??$?RV<lambda_9e9de3de5fa147e2223d7db92bc10aa6>@@AAV<lambda_38ce7e780aa69e748d6df282ebc68efe>@@V<lambda_8ca6da459f0f6780f1cff60fdc3d00e5>@@@?$__crt_seh_guarded_call@H@@QAEH$$QAV<lambda_9e9de3de5fa147e2223d7db92bc10aa6>@@AAV<lambda_38ce7e780aa69e748d6df282ebc68efe>@@$$QAV<lambda_8ca6da459f0f6780f1cff60fdc3d00e5>@@@Z 10026c90     libucrt:commit.obj
 0002:00007cb0       __sehtable$??$?RV<lambda_218ce3db14220d0be481dae8ef3383b6>@@AAV<lambda_628dfdc04ba53c8bfc02c9951375f3f5>@@V<lambda_57dc472bd5c9d5f3b2cbca59b8a843ae>@@@?$__crt_seh_guarded_call@H@@QAEH$$QAV<lambda_218ce3db14220d0be481dae8ef3383b6>@@AAV<lambda_628dfdc04ba53c8bfc02c9951375f3f5>@@$$QAV<lambda_57dc472bd5c9d5f3b2cbca59b8a843ae>@@@Z 10026cb0     libucrt:close.obj
 0002:00007cd0       __sehtable$__IsNonwritableInCurrentImage 10026cd0     LIBCMT:pesect.obj
 0002:00007d00       .edata                     10026d00     OPOSTotals.exp
 0002:00007d28       rgpv                       10026d28     OPOSTotals.exp
 0002:00007d38       rgszName                   10026d38     OPOSTotals.exp
 0002:00007d48       rgwOrd                     10026d48     OPOSTotals.exp
 0002:00007d50       szName                     10026d50     OPOSTotals.exp
 0002:00007d5f       $N00001                    10026d5f     OPOSTotals.exp
 0002:00007d6f       $N00002                    10026d6f     OPOSTotals.exp
 0002:00007d81       $N00003                    10026d81     OPOSTotals.exp
 0002:00007d93       $N00004                    10026d93     OPOSTotals.exp
 0002:000083ac       .idata$6                   100273ac     kernel32:KERNEL32.dll
 0002:000085c0       .idata$6                   100275c0     user32:USER32.dll
 0002:000086f4       .idata$6                   100276f4     gdi32:GDI32.dll
 0002:0000879a       .idata$6                   1002779a     advapi32:ADVAPI32.dll
 0002:000088b6       .idata$6                   100278b6     ole32:ole32.dll
 0002:000088c0       .idata$6                   100278c0     oleaut32:OLEAUT32.dll
 0003:00000110       ?ObjectMap@@3PAU_ATL_OBJMAP_ENTRY30@ATL@@A 10028110     Totals.obj
 0003:000001b0       ?s_SOMethodNames@@3PAPADA  100281b0     TotalsImpl.obj
 0003:00000230       ?s_RequiredMethodsPerRelease@@3PAHA 10028230     TotalsImpl.obj
 0003:00000270       ?__vcrt_flsindex@@3KA      10028270     libvcruntime:per_thread_data.obj
 0003:00000290       ?errno_no_memory@@3HA      10028290     libucrt:errno.obj
 0003:00000294       ?doserrno_no_memory@@3KA   10028294     libucrt:errno.obj
 0003:000002a0       ?__acrt_flsindex@@3KA      100282a0     libucrt:per_thread_data.obj
 0003:00000418       __mbctypes                 10028418     libucrt:mbctype.obj
 0003:00000520       __mbcasemaps               10028520     libucrt:mbctype.obj
 0003:00000620       ?__rgctypeflag@@3PADA      10028620     libucrt:mbctype.obj
 0003:00000628       ?__rgcode_page_info@@3PAUcode_page_info@@A 10028628     libucrt:mbctype.obj
 0003:00000b30       ?is_initialized_as_dll@@3_NA 10028b30     LIBCMT:utility.obj
 0003:00000b31       ?module_local_atexit_table_initialized@@3_NA 10028b31     LIBCMT:utility.obj
 0003:00000b34       ?module_local_atexit_table@@3U_onexit_table_t@@A 10028b34     LIBCMT:utility.obj
 0003:00000b40       ?module_local_at_quick_exit_table@@3U_onexit_table_t@@A 10028b40     LIBCMT:utility.obj
 0003:00000b4c       ?_Tss_mutex@@3U_RTL_CRITICAL_SECTION@@A 10028b4c     LIBCMT:thread_safe_statics.obj
 0003:00000b64       ?_Tss_cv@@3U_RTL_CONDITION_VARIABLE@@A 10028b64     LIBCMT:thread_safe_statics.obj
 0003:00000b68       ?_Tss_event@@3PAXA         10028b68     LIBCMT:thread_safe_statics.obj
 0003:00000b6c       ?encoded_sleep_condition_variable_cs@@3P6GHPAU_RTL_CONDITION_VARIABLE@@PAU_RTL_CRITICAL_SECTION@@K@ZA 10028b6c     LIBCMT:thread_safe_statics.obj
 0003:00000b70       ?encoded_wake_all_condition_variable@@3P6GXPAU_RTL_CONDITION_VARIABLE@@@ZA 10028b70     LIBCMT:thread_safe_statics.obj
 0003:00000b78       _GS_ExceptionRecord        10028b78     LIBCMT:gs_report.obj
 0003:00000bc8       _GS_ContextRecord          10028bc8     LIBCMT:gs_report.obj
 0003:00000e98       ?__proc_attached@@3HA      10028e98     LIBCMT:dll_dllmain.obj
 0003:00000ef4       ?AllocateData@@3P6GPAUAtlThunkData_t@@XZA 10028ef4     atls:atlthunk.obj
 0003:00000ef8       ?InitData@@3P6GXPAUAtlThunkData_t@@PAXI@ZA 10028ef8     atls:atlthunk.obj
 0003:00000efc       ?DataToCode@@3P6GP6GJPAUHWND__@@IIJ@ZPAUAtlThunkData_t@@@ZA 10028efc     atls:atlthunk.obj
 0003:00000f00       ?FreeData@@3P6GXPAUAtlThunkData_t@@@ZA 10028f00     atls:atlthunk.obj
 0003:00000f04       ?Initialized@@3_NA         10028f04     atls:atlthunk.obj
 0003:00000f10       ?__vcrt_startup_thread_ptd@@3U__vcrt_ptd@@A 10028f10     libvcruntime:per_thread_data.obj
 0003:00000f38       ___vcrt_lock_table         10028f38     libvcruntime:locks.obj
 0003:00000f50       ___vcrt_locks_initialized  10028f50     libvcruntime:locks.obj
 0003:00000f54       ?module_handles@@3PAPAUHINSTANCE__@@A 10028f54     libvcruntime:winapi_downlevel.obj
 0003:00000f60       ?encoded_function_pointers@@3PAPAXA 10028f60     libvcruntime:winapi_downlevel.obj
 0003:00000f9c       ?heap@@3V_HeapManager@@A   10028f9c     libvcruntime:undname.obj
 0003:00000fb4       ?__acrt_invalid_parameter_handler@@3V?$dual_state_global@P6AXPB_W00II@Z@__crt_state_management@@A 10028fb4     libucrt:invalid_parameter.obj
 0003:00000fb8       ?c_termination_complete@@3JA 10028fb8     libucrt:exit.obj
 0003:00000fbc       ?thread_local_exit_callback_func@@3P6GXPAXK0@ZA 10028fbc     libucrt:exit.obj
 0003:00000fc8       ?program_name@?1???$common_configure_argv@D@@YAHW4_crt_argv_mode@@@Z@4PADA 10028fc8     libucrt:argv_parsing.obj
 0003:000010f8       ?__acrt_new_handler@@3V?$dual_state_global@P6AHI@Z@__crt_state_management@@A 100290f8     libucrt:new_handler.obj
 0003:00001100       ?module_handles@@3PAPAUHINSTANCE__@@A 10029100     libucrt:winapi_thunks.obj
 0003:00001150       ?encoded_function_pointers@@3PAPAXA 10029150     libucrt:winapi_thunks.obj
 0003:000011e0       ?enable_percent_n@@3IA     100291e0     libucrt:printf_count_output.obj
 0003:00001400       ?__acrt_lock_table@@3PAU_RTL_CRITICAL_SECTION@@A 10029400     libucrt:locks.obj
 0003:00001550       ?__acrt_locks_initialized@@3IA 10029550     libucrt:locks.obj
 0003:00001560       ?fSystemSet@@3HA           10029560     libucrt:mbctype.obj
 0003:00001564       ?initialized@?1??__acrt_initialize_multibyte@@9@4_NA 10029564     libucrt:mbctype.obj
 0003:00001584       ?ctrlc_action@@3V?$dual_state_global@P6AXH@Z@__crt_state_management@@A 10029584     libucrt:signal.obj
 0003:00001588       ?ctrlbreak_action@@3V?$dual_state_global@P6AXH@Z@__crt_state_management@@A 10029588     libucrt:signal.obj
 0003:0000158c       ?abort_action@@3V?$dual_state_global@P6AXH@Z@__crt_state_management@@A 1002958c     libucrt:signal.obj
 0003:00001590       ?term_action@@3V?$dual_state_global@P6AXH@Z@__crt_state_management@@A 10029590     libucrt:signal.obj
 0003:00001594       ?user_matherr@@3V?$dual_state_global@P6AHPAU_exception@@@Z@__crt_state_management@@A 10029594     libucrt:matherr.obj
 0003:00001598       ?__acrt_global_new_mode@@3V?$dual_state_global@J@__crt_state_management@@A 10029598     libucrt:new_mode.obj
 0003:000015a4       ?__acrt_app_type@@3W4_crt_app_type@@A 100295a4     libucrt:report_runtime_error.obj
 0003:000015ac       __pmatherr_set             100295ac     libucrt:libm_error.obj
 0004:00000220       $R000000                   1002a220     Totals.res
 0004:00000b78       $R000958                   1002ab78     Totals.res
 0004:00000c60       $R000A40                   1002ac60     Totals.res
 0004:00000ec8       $R000CA8                   1002aec8     Totals.res
 0004:000013d0       $R0011B0                   1002b3d0     Totals.res
 0004:000040e8       $R003EC8                   1002e0e8     Totals.res
 0004:00004118       $R003EF8                   1002e118     Totals.res
