 OPOSPointCardRW

 Timestamp is 5defaa40 (Tue Dec 10 23:22:56 2019)

 Preferred load address is 10000000

 Start         Length     Name                   Class
 0001:00000000 00000080H .text$di                CODE
 0001:00000080 0001e283H .text$mn                CODE
 0001:0001e303 00000036H .text$x                 CODE
 0001:0001e339 00000042H .text$yd                CODE
 0002:00000000 000002fcH .idata$5                DATA
 0002:000002fc 00000004H .00cfg                  DATA
 0002:00000300 00000004H .CRT$XCA                DATA
 0002:00000304 00000004H .CRT$XCL                DATA
 0002:00000308 00000010H .CRT$XCU                DATA
 0002:00000318 00000004H .CRT$XCZ                DATA
 0002:0000031c 00000004H .CRT$XIA                DATA
 0002:00000320 00000010H .CRT$XIC                DATA
 0002:00000330 00000004H .CRT$XIZ                DATA
 0002:00000334 00000004H .CRT$XLA                DATA
 0002:00000338 00000004H .CRT$XLZ                DATA
 0002:0000033c 00000004H .CRT$XPA                DATA
 0002:00000340 00000008H .CRT$XPX                DATA
 0002:00000348 00000004H .CRT$XPXA               DATA
 0002:0000034c 00000004H .CRT$XPZ                DATA
 0002:00000350 00000004H .CRT$XTA                DATA
 0002:00000354 0000000cH .CRT$XTZ                DATA
 0002:00000358 00000000H .gfids$y                DATA
 0002:00000360 000071acH .rdata                  DATA
 0002:0000750c 00000018H .rdata$T                DATA
 0002:00007524 0000017cH .rdata$r                DATA
 0002:000076a0 0000001cH .rdata$sxdata           DATA
 0002:000076bc 000003e0H .rdata$zzzdbg           DATA
 0002:00007a9c 00000004H .rtc$IAA                DATA
 0002:00007aa0 00000004H .rtc$IZZ                DATA
 0002:00007aa4 00000004H .rtc$TAA                DATA
 0002:00007aa8 00000004H .rtc$TZZ                DATA
 0002:00007aac 00000004H .tls                    DATA
 0002:00007ab0 00000004H .tls$                   DATA
 0002:00007ab4 00000004H .tls$ZZZ                DATA
 0002:00007ab8 0000060cH .xdata$x                DATA
 0002:000080c4 00000004H ATL$__a                 DATA
 0002:000080c8 00000008H ATL$__z                 DATA
 0002:000080d0 000000acH .edata                  DATA
 0002:0000817c 00000078H .idata$2                DATA
 0002:000081f4 00000014H .idata$3                DATA
 0002:00008208 000002fcH .idata$4                DATA
 0002:00008504 00000bc8H .idata$6                DATA
 0003:00000000 00000ad0H .data                   DATA
 0003:00000ad0 00000098H .data$r                 DATA
 0003:00000b68 00000b80H .bss                    DATA
 0004:00000000 00000220H .rsrc$01                DATA
 0004:00000220 00005df0H .rsrc$02                DATA

  Address         Publics by Value              Rva+Base       Lib:Object

 0000:00000000       ___guard_fids_count        00000000     <absolute>
 0000:00000000       ___hybrid_code_map_count   00000000     <absolute>
 0000:00000000       ___guard_iat_count         00000000     <absolute>
 0000:00000000       ___dynamic_value_reloc_table 00000000     <absolute>
 0000:00000000       ___guard_longjmp_count     00000000     <absolute>
 0000:00000000       __except_list              00000000     <absolute>
 0000:00000000       ___guard_fids_table        00000000     <absolute>
 0000:00000000       ___guard_longjmp_table     00000000     <absolute>
 0000:00000000       ___hybrid_auxiliary_iat    00000000     <absolute>
 0000:00000000       ___guard_iat_table         00000000     <absolute>
 0000:00000000       ___volatile_metadata       00000000     <absolute>
 0000:00000000       ___enclave_config          00000000     <absolute>
 0000:00000000       ___AbsoluteZero            00000000     <absolute>
 0000:00000000       ___hybrid_code_map         00000000     <absolute>
 0000:00000007       ___safe_se_handler_count   00000007     <absolute>
 0000:0000002c       __tls_array                0000002c     <absolute>
 0000:00000100       ___guard_flags             00000100     <absolute>
 0000:00000000       ___ImageBase               10000000     <linker-defined>
 0001:00000080       ?DupWide@_CW@@AAEXXZ       10001080 f   CWString.obj
 0001:0000009c       ?cw_dup@@YGXPBDAAHAAPA_W1@Z 1000109c f   CWString.obj
 0001:00000124       ?cw_memcpy@@YGHPA_WPBDH@Z  10001124 f   CWString.obj
 0001:00000150       ?cw_strcpy@@YAHPA_WPBD@Z   10001150 f   CWString.obj
 0001:00000163       ?cw_strlen@@YAHPBD@Z       10001163 f   CWString.obj
 0001:0000017c       ??0CAtlComModule@ATL@@QAE@XZ 1000117c f i OposVariant.obj
 0001:000001c1       ??0CAtlWinModule@ATL@@QAE@XZ 100011c1 f i OposVariant.obj
 0001:000001f8       ??0OposDispParms@@QAE@PAVOposVariant@@H@Z 100011f8 f   OposVariant.obj
 0001:00000269       ??1OposDispParms@@QAE@XZ   10001269 f   OposVariant.obj
 0001:00000277       ??A?$CSimpleArray@GV?$CSimpleArrayEqualHelper@G@ATL@@@ATL@@QAEAAGH@Z 10001277 f i OposVariant.obj
 0001:0000029c       ??_Estringdispid@CComTypeInfoHolder@ATL@@QAEPAXI@Z 1000129c f i OposVariant.obj
 0001:00000308       ?AtlWinModuleInit@ATL@@YGJPAU_ATL_WIN_MODULE70@1@@Z 10001308 f i OposVariant.obj
 0001:0000032e       ?AtlWinModuleTerm@ATL@@YGJPAU_ATL_WIN_MODULE70@1@PAUHINSTANCE__@@@Z 1000132e f i OposVariant.obj
 0001:00000391       ?ChangeBSTR@OposVariant@@QAEXPAPA_WAAJ@Z 10001391 f   OposVariant.obj
 0001:000003d2       ?ChangeLONG@OposVariant@@QAEXPAJAAJ@Z 100013d2 f   OposVariant.obj
 0001:00000413       ?GetLONG@OposVariant@@QAEJXZ 10001413 f   OposVariant.obj
 0001:0000042e       ?Init@CComCriticalSection@ATL@@QAEJXZ 1000142e f i OposVariant.obj
 0001:00000456       ?RemoveAll@?$CSimpleArray@GV?$CSimpleArrayEqualHelper@G@ATL@@@ATL@@QAEXXZ 10001456 f i OposVariant.obj
 0001:00000456       ?RemoveAll@?$CSimpleArray@PAUHINSTANCE__@@V?$CSimpleArrayEqualHelper@PAUHINSTANCE__@@@ATL@@@ATL@@QAEXXZ 10001456 f i atls:atlbase.obj
 0001:00000473       ?SetBSTR@OposVariant@@QAEXPA_WAAJ@Z 10001473 f   OposVariant.obj
 0001:000004a7       ?SetBSTR_Copy@OposVariant@@QAEXPA_WAAJ@Z 100014a7 f   OposVariant.obj
 0001:000004f7       ?SetBSTR_InOutPtr@OposVariant@@QAE_NPAPA_WAAJ@Z 100014f7 f   OposVariant.obj
 0001:0000052e       ?SetDispatch_Ptr@OposVariant@@QAEXPAUIDispatch@@AAJ@Z 1000152e f   OposVariant.obj
 0001:00000569       ?SetLONG@OposVariant@@QAEXJ@Z 10001569 f   OposVariant.obj
 0001:0000058b       ?SetLONG_Ptr@OposVariant@@QAEXPAJAAJ@Z 1000158b f   OposVariant.obj
 0001:000005be       ?SetString@OposVariant@@QAEXPB_WAAJ@Z 100015be f   OposVariant.obj
 0001:00000604       ?SetVARIANT_BOOL@OposVariant@@QAEXF@Z 10001604 f   OposVariant.obj
 0001:0000062e       ?Term@CAtlComModule@ATL@@QAEXXZ 1000162e f i OposVariant.obj
 0001:00000678       ?_AtlRaiseException@ATL@@YAXKK@Z 10001678 f i OposVariant.obj
 0001:0000068d       ?CreateInstance@CComClassFactory@ATL@@UAGJPAUIUnknown@@ABU_GUID@@PAPAX@Z 1000168d f i PointCardRW.obj
 0001:000006cb       ?LockServer@CComClassFactory@ATL@@UAGJH@Z 100016cb f i PointCardRW.obj
 0001:000006ea       ??_GCComClassFactory@ATL@@UAEPAXI@Z 100016ea f i PointCardRW.obj
 0001:000006ea       ??_ECComClassFactory@ATL@@UAEPAXI@Z 100016ea f i PointCardRW.obj
 0001:00000715       ??_E?$CComObject@VCOPOSPointCardRW@@@ATL@@W3AEPAXI@Z 10001715 f i PointCardRW.obj
 0001:0000071d       ??_E?$CComObject@VCOPOSPointCardRW@@@ATL@@WEM@AEPAXI@Z 1000171d f i PointCardRW.obj
 0001:00000725       ?QueryInterface@?$CComObject@VCOPOSPointCardRW@@@ATL@@WHA@AGJABU_GUID@@PAPAX@Z 10001725 f i PointCardRW.obj
 0001:0000072f       ?AddRef@?$CComObject@VCOPOSPointCardRW@@@ATL@@WHA@AGKXZ 1000172f f i PointCardRW.obj
 0001:00000739       ?Release@?$CComObject@VCOPOSPointCardRW@@@ATL@@WHA@AGKXZ 10001739 f i PointCardRW.obj
 0001:00000743       ?QueryInterface@?$CComObject@VCOPOSPointCardRW@@@ATL@@WHE@AGJABU_GUID@@PAPAX@Z 10001743 f i PointCardRW.obj
 0001:0000074d       ?AddRef@?$CComObject@VCOPOSPointCardRW@@@ATL@@WHE@AGKXZ 1000174d f i PointCardRW.obj
 0001:00000757       ?Release@?$CComObject@VCOPOSPointCardRW@@@ATL@@WHE@AGKXZ 10001757 f i PointCardRW.obj
 0001:00000761       ?QueryInterface@?$CComObject@VCOPOSPointCardRW@@@ATL@@WHI@AGJABU_GUID@@PAPAX@Z 10001761 f i PointCardRW.obj
 0001:0000076b       ?AddRef@?$CComObject@VCOPOSPointCardRW@@@ATL@@WHI@AGKXZ 1000176b f i PointCardRW.obj
 0001:00000775       ?Release@?$CComObject@VCOPOSPointCardRW@@@ATL@@WHI@AGKXZ 10001775 f i PointCardRW.obj
 0001:0000077f       ?QueryInterface@?$CComObject@VCOPOSPointCardRW@@@ATL@@WHM@AGJABU_GUID@@PAPAX@Z 1000177f f i PointCardRW.obj
 0001:00000789       ?AddRef@?$CComObject@VCOPOSPointCardRW@@@ATL@@WHM@AGKXZ 10001789 f i PointCardRW.obj
 0001:00000793       ?Release@?$CComObject@VCOPOSPointCardRW@@@ATL@@WHM@AGKXZ 10001793 f i PointCardRW.obj
 0001:0000079d       ?QueryInterface@?$CComObject@VCOPOSPointCardRW@@@ATL@@WIA@AGJABU_GUID@@PAPAX@Z 1000179d f i PointCardRW.obj
 0001:000007aa       ?AddRef@?$CComObject@VCOPOSPointCardRW@@@ATL@@WIA@AGKXZ 100017aa f i PointCardRW.obj
 0001:000007b7       ?Release@?$CComObject@VCOPOSPointCardRW@@@ATL@@WIA@AGKXZ 100017b7 f i PointCardRW.obj
 0001:000007c4       ?QueryInterface@?$CComObject@VCOPOSPointCardRW@@@ATL@@WIE@AGJABU_GUID@@PAPAX@Z 100017c4 f i PointCardRW.obj
 0001:000007d1       ?AddRef@?$CComObject@VCOPOSPointCardRW@@@ATL@@WIE@AGKXZ 100017d1 f i PointCardRW.obj
 0001:000007de       ?Release@?$CComObject@VCOPOSPointCardRW@@@ATL@@WIE@AGKXZ 100017de f i PointCardRW.obj
 0001:000007eb       ?QueryInterface@?$CComObject@VCOPOSPointCardRW@@@ATL@@WII@AGJABU_GUID@@PAPAX@Z 100017eb f i PointCardRW.obj
 0001:000007f8       ?AddRef@?$CComObject@VCOPOSPointCardRW@@@ATL@@WII@AGKXZ 100017f8 f i PointCardRW.obj
 0001:00000805       ?Release@?$CComObject@VCOPOSPointCardRW@@@ATL@@WII@AGKXZ 10001805 f i PointCardRW.obj
 0001:00000812       ?QueryInterface@?$CComObject@VCOPOSPointCardRW@@@ATL@@WIM@AGJABU_GUID@@PAPAX@Z 10001812 f i PointCardRW.obj
 0001:0000081f       ?AddRef@?$CComObject@VCOPOSPointCardRW@@@ATL@@WIM@AGKXZ 1000181f f i PointCardRW.obj
 0001:0000082c       ?Release@?$CComObject@VCOPOSPointCardRW@@@ATL@@WIM@AGKXZ 1000182c f i PointCardRW.obj
 0001:00000839       ?QueryInterface@?$CComObject@VCOPOSPointCardRW@@@ATL@@WJA@AGJABU_GUID@@PAPAX@Z 10001839 f i PointCardRW.obj
 0001:00000846       ?AddRef@?$CComObject@VCOPOSPointCardRW@@@ATL@@WJA@AGKXZ 10001846 f i PointCardRW.obj
 0001:00000853       ?Release@?$CComObject@VCOPOSPointCardRW@@@ATL@@WJA@AGKXZ 10001853 f i PointCardRW.obj
 0001:00000860       ?QueryInterface@?$CComObject@VCOPOSPointCardRW@@@ATL@@WJE@AGJABU_GUID@@PAPAX@Z 10001860 f i PointCardRW.obj
 0001:0000086d       ?AddRef@?$CComObject@VCOPOSPointCardRW@@@ATL@@WJE@AGKXZ 1000186d f i PointCardRW.obj
 0001:0000087a       ?Release@?$CComObject@VCOPOSPointCardRW@@@ATL@@WJE@AGKXZ 1000187a f i PointCardRW.obj
 0001:00000887       ?QueryInterface@?$CComObject@VCOPOSPointCardRW@@@ATL@@WJI@AGJABU_GUID@@PAPAX@Z 10001887 f i PointCardRW.obj
 0001:00000894       ?AddRef@?$CComObject@VCOPOSPointCardRW@@@ATL@@WJI@AGKXZ 10001894 f i PointCardRW.obj
 0001:000008a1       ?Release@?$CComObject@VCOPOSPointCardRW@@@ATL@@WJI@AGKXZ 100018a1 f i PointCardRW.obj
 0001:000008ae       ?QueryInterface@?$CComObject@VCOPOSPointCardRW@@@ATL@@WJM@AGJABU_GUID@@PAPAX@Z 100018ae f i PointCardRW.obj
 0001:000008bb       ?AddRef@?$CComObject@VCOPOSPointCardRW@@@ATL@@WJM@AGKXZ 100018bb f i PointCardRW.obj
 0001:000008c8       ?Release@?$CComObject@VCOPOSPointCardRW@@@ATL@@WJM@AGKXZ 100018c8 f i PointCardRW.obj
 0001:000008d5       ?QueryInterface@?$CComObject@VCOPOSPointCardRW@@@ATL@@WKA@AGJABU_GUID@@PAPAX@Z 100018d5 f i PointCardRW.obj
 0001:000008e2       ?AddRef@?$CComObject@VCOPOSPointCardRW@@@ATL@@WKA@AGKXZ 100018e2 f i PointCardRW.obj
 0001:000008ef       ?Release@?$CComObject@VCOPOSPointCardRW@@@ATL@@WKA@AGKXZ 100018ef f i PointCardRW.obj
 0001:000008fc       ?AddRef@?$CComObject@VCOPOSPointCardRW@@@ATL@@WKI@AGKXZ 100018fc f i PointCardRW.obj
 0001:00000909       ?Release@?$CComObject@VCOPOSPointCardRW@@@ATL@@WKI@AGKXZ 10001909 f i PointCardRW.obj
 0001:00000916       ?AddRef@?$CComObject@VCOPOSPointCardRW@@@ATL@@WLE@AGKXZ 10001916 f i PointCardRW.obj
 0001:00000923       ?Release@?$CComObject@VCOPOSPointCardRW@@@ATL@@WLE@AGKXZ 10001923 f i PointCardRW.obj
 0001:00000930       ??_E?$CComContainedObject@VCOPOSPointCardRW@@@ATL@@W3AEPAXI@Z 10001930 f i PointCardRW.obj
 0001:00000938       ??_E?$CComContainedObject@VCOPOSPointCardRW@@@ATL@@WEM@AEPAXI@Z 10001938 f i PointCardRW.obj
 0001:00000940       ?QueryInterface@?$CComContainedObject@VCOPOSPointCardRW@@@ATL@@WHA@AGJABU_GUID@@PAPAX@Z 10001940 f i PointCardRW.obj
 0001:0000094a       ?AddRef@?$CComContainedObject@VCOPOSPointCardRW@@@ATL@@WHA@AGKXZ 1000194a f i PointCardRW.obj
 0001:00000954       ?Release@?$CComContainedObject@VCOPOSPointCardRW@@@ATL@@WHA@AGKXZ 10001954 f i PointCardRW.obj
 0001:0000095e       ?QueryInterface@?$CComContainedObject@VCOPOSPointCardRW@@@ATL@@WHE@AGJABU_GUID@@PAPAX@Z 1000195e f i PointCardRW.obj
 0001:00000968       ?AddRef@?$CComContainedObject@VCOPOSPointCardRW@@@ATL@@WHE@AGKXZ 10001968 f i PointCardRW.obj
 0001:00000972       ?Release@?$CComContainedObject@VCOPOSPointCardRW@@@ATL@@WHE@AGKXZ 10001972 f i PointCardRW.obj
 0001:0000097c       ?QueryInterface@?$CComContainedObject@VCOPOSPointCardRW@@@ATL@@WHI@AGJABU_GUID@@PAPAX@Z 1000197c f i PointCardRW.obj
 0001:00000986       ?AddRef@?$CComContainedObject@VCOPOSPointCardRW@@@ATL@@WHI@AGKXZ 10001986 f i PointCardRW.obj
 0001:00000990       ?Release@?$CComContainedObject@VCOPOSPointCardRW@@@ATL@@WHI@AGKXZ 10001990 f i PointCardRW.obj
 0001:0000099a       ?QueryInterface@?$CComContainedObject@VCOPOSPointCardRW@@@ATL@@WHM@AGJABU_GUID@@PAPAX@Z 1000199a f i PointCardRW.obj
 0001:000009a4       ?AddRef@?$CComContainedObject@VCOPOSPointCardRW@@@ATL@@WHM@AGKXZ 100019a4 f i PointCardRW.obj
 0001:000009ae       ?Release@?$CComContainedObject@VCOPOSPointCardRW@@@ATL@@WHM@AGKXZ 100019ae f i PointCardRW.obj
 0001:000009b8       ?QueryInterface@?$CComContainedObject@VCOPOSPointCardRW@@@ATL@@WIA@AGJABU_GUID@@PAPAX@Z 100019b8 f i PointCardRW.obj
 0001:000009c5       ?AddRef@?$CComContainedObject@VCOPOSPointCardRW@@@ATL@@WIA@AGKXZ 100019c5 f i PointCardRW.obj
 0001:000009d2       ?Release@?$CComContainedObject@VCOPOSPointCardRW@@@ATL@@WIA@AGKXZ 100019d2 f i PointCardRW.obj
 0001:000009df       ?QueryInterface@?$CComContainedObject@VCOPOSPointCardRW@@@ATL@@WIE@AGJABU_GUID@@PAPAX@Z 100019df f i PointCardRW.obj
 0001:000009ec       ?AddRef@?$CComContainedObject@VCOPOSPointCardRW@@@ATL@@WIE@AGKXZ 100019ec f i PointCardRW.obj
 0001:000009f9       ?Release@?$CComContainedObject@VCOPOSPointCardRW@@@ATL@@WIE@AGKXZ 100019f9 f i PointCardRW.obj
 0001:00000a06       ?QueryInterface@?$CComContainedObject@VCOPOSPointCardRW@@@ATL@@WII@AGJABU_GUID@@PAPAX@Z 10001a06 f i PointCardRW.obj
 0001:00000a13       ?AddRef@?$CComContainedObject@VCOPOSPointCardRW@@@ATL@@WII@AGKXZ 10001a13 f i PointCardRW.obj
 0001:00000a20       ?Release@?$CComContainedObject@VCOPOSPointCardRW@@@ATL@@WII@AGKXZ 10001a20 f i PointCardRW.obj
 0001:00000a2d       ?QueryInterface@?$CComContainedObject@VCOPOSPointCardRW@@@ATL@@WIM@AGJABU_GUID@@PAPAX@Z 10001a2d f i PointCardRW.obj
 0001:00000a3a       ?AddRef@?$CComContainedObject@VCOPOSPointCardRW@@@ATL@@WIM@AGKXZ 10001a3a f i PointCardRW.obj
 0001:00000a47       ?Release@?$CComContainedObject@VCOPOSPointCardRW@@@ATL@@WIM@AGKXZ 10001a47 f i PointCardRW.obj
 0001:00000a54       ?QueryInterface@?$CComContainedObject@VCOPOSPointCardRW@@@ATL@@WJA@AGJABU_GUID@@PAPAX@Z 10001a54 f i PointCardRW.obj
 0001:00000a61       ?AddRef@?$CComContainedObject@VCOPOSPointCardRW@@@ATL@@WJA@AGKXZ 10001a61 f i PointCardRW.obj
 0001:00000a6e       ?Release@?$CComContainedObject@VCOPOSPointCardRW@@@ATL@@WJA@AGKXZ 10001a6e f i PointCardRW.obj
 0001:00000a7b       ?QueryInterface@?$CComContainedObject@VCOPOSPointCardRW@@@ATL@@WJE@AGJABU_GUID@@PAPAX@Z 10001a7b f i PointCardRW.obj
 0001:00000a88       ?AddRef@?$CComContainedObject@VCOPOSPointCardRW@@@ATL@@WJE@AGKXZ 10001a88 f i PointCardRW.obj
 0001:00000a95       ?Release@?$CComContainedObject@VCOPOSPointCardRW@@@ATL@@WJE@AGKXZ 10001a95 f i PointCardRW.obj
 0001:00000aa2       ?QueryInterface@?$CComContainedObject@VCOPOSPointCardRW@@@ATL@@WJI@AGJABU_GUID@@PAPAX@Z 10001aa2 f i PointCardRW.obj
 0001:00000aaf       ?AddRef@?$CComContainedObject@VCOPOSPointCardRW@@@ATL@@WJI@AGKXZ 10001aaf f i PointCardRW.obj
 0001:00000abc       ?Release@?$CComContainedObject@VCOPOSPointCardRW@@@ATL@@WJI@AGKXZ 10001abc f i PointCardRW.obj
 0001:00000ac9       ?QueryInterface@?$CComContainedObject@VCOPOSPointCardRW@@@ATL@@WJM@AGJABU_GUID@@PAPAX@Z 10001ac9 f i PointCardRW.obj
 0001:00000ad6       ?AddRef@?$CComContainedObject@VCOPOSPointCardRW@@@ATL@@WJM@AGKXZ 10001ad6 f i PointCardRW.obj
 0001:00000ae3       ?Release@?$CComContainedObject@VCOPOSPointCardRW@@@ATL@@WJM@AGKXZ 10001ae3 f i PointCardRW.obj
 0001:00000af0       ?QueryInterface@?$CComContainedObject@VCOPOSPointCardRW@@@ATL@@WKA@AGJABU_GUID@@PAPAX@Z 10001af0 f i PointCardRW.obj
 0001:00000afd       ?AddRef@?$CComContainedObject@VCOPOSPointCardRW@@@ATL@@WKA@AGKXZ 10001afd f i PointCardRW.obj
 0001:00000b0a       ?Release@?$CComContainedObject@VCOPOSPointCardRW@@@ATL@@WKA@AGKXZ 10001b0a f i PointCardRW.obj
 0001:00000b17       ?AddRef@?$CComContainedObject@VCOPOSPointCardRW@@@ATL@@WKI@AGKXZ 10001b17 f i PointCardRW.obj
 0001:00000b24       ?Release@?$CComContainedObject@VCOPOSPointCardRW@@@ATL@@WKI@AGKXZ 10001b24 f i PointCardRW.obj
 0001:00000b31       ?AddRef@?$CComContainedObject@VCOPOSPointCardRW@@@ATL@@WLE@AGKXZ 10001b31 f i PointCardRW.obj
 0001:00000b3e       ?Release@?$CComContainedObject@VCOPOSPointCardRW@@@ATL@@WLE@AGKXZ 10001b3e f i PointCardRW.obj
 0001:00000b4b       ?GetWindowProc@?$CWindowImplBaseT@VCWindow@ATL@@V?$CWinTraits@$0FGAAAAAA@$0A@@2@@ATL@@UAEP6GJPAUHWND__@@IIJ@ZXZ 10001b4b f i PointCardRW.obj
 0001:00000b51       ?StartWindowProc@?$CWindowImplBaseT@VCWindow@ATL@@V?$CWinTraits@$0FGAAAAAA@$0A@@2@@ATL@@SGJPAUHWND__@@IIJ@Z 10001b51 f i PointCardRW.obj
 0001:00000ba5       ?OnFinalMessage@?$CWindowImplBaseT@VCWindow@ATL@@V?$CWinTraits@$0FGAAAAAA@$0A@@2@@ATL@@UAEXPAUHWND__@@@Z 10001ba5 f i PointCardRW.obj
 0001:00000ba5       ?ObjectMain@CComObjectRootBase@ATL@@SGX_N@Z 10001ba5 f i PointCardRW.obj
 0001:00000ba8       ?GetTypeInfoCount@?$IDispatchImpl@UIOPOSPointCardRW@@$1?IID_IOPOSPointCardRW@@3U_GUID@@B$1?LIBID_OposPointCardRW_CCO@@3U3@B$00$0A@VCComTypeInfoHolder@ATL@@@ATL@@UAGJPAI@Z 10001ba8 f i PointCardRW.obj
 0001:00000bc5       ?GetTypeInfo@?$IDispatchImpl@UIOPOSPointCardRW@@$1?IID_IOPOSPointCardRW@@3U_GUID@@B$1?LIBID_OposPointCardRW_CCO@@3U3@B$00$0A@VCComTypeInfoHolder@ATL@@@ATL@@UAGJIKPAPAUITypeInfo@@@Z 10001bc5 f i PointCardRW.obj
 0001:00000be9       ?GetIDsOfNames@?$IDispatchImpl@UIOPOSPointCardRW@@$1?IID_IOPOSPointCardRW@@3U_GUID@@B$1?LIBID_OposPointCardRW_CCO@@3U3@B$00$0A@VCComTypeInfoHolder@ATL@@@ATL@@UAGJABU_GUID@@PAPA_WIKPAJ@Z 10001be9 f i PointCardRW.obj
 0001:00000c09       ?Invoke@?$IDispatchImpl@UIOPOSPointCardRW@@$1?IID_IOPOSPointCardRW@@3U_GUID@@B$1?LIBID_OposPointCardRW_CCO@@3U3@B$00$0A@VCComTypeInfoHolder@ATL@@@ATL@@UAGJJABU_GUID@@KGPAUtagDISPPARAMS@@PAUtagVARIANT@@PAUtagEXCEPINFO@@PAI@Z 10001c09 f i PointCardRW.obj
 0001:00000c17       ?CreateControlWindow@?$CComControl@VCOPOSPointCardRW@@V?$CWindowImpl@VCOPOSPointCardRW@@VCWindow@ATL@@V?$CWinTraits@$0FGAAAAAA@$0A@@3@@ATL@@@ATL@@UAEPAUHWND__@@PAU3@AAUtagRECT@@@Z 10001c17 f i PointCardRW.obj
 0001:00000c46       ?ControlQueryInterface@?$CComControl@VCOPOSPointCardRW@@V?$CWindowImpl@VCOPOSPointCardRW@@VCWindow@ATL@@V?$CWinTraits@$0FGAAAAAA@$0A@@3@@ATL@@@ATL@@UAEJABU_GUID@@PAPAX@Z 10001c46 f i PointCardRW.obj
 0001:00000c61       ?GetUserClassID@?$IOleObjectImpl@VCOPOSPointCardRW@@@ATL@@UAGJPAU_GUID@@@Z 10001c61 f i PointCardRW.obj
 0001:00000c61       ?GetClassID@?$IPersistStreamInitImpl@VCOPOSPointCardRW@@@ATL@@UAGJPAU_GUID@@@Z 10001c61 f i PointCardRW.obj
 0001:00000c61       ?GetClassID@?$IPersistStorageImpl@VCOPOSPointCardRW@@@ATL@@UAGJPAU_GUID@@@Z 10001c61 f i PointCardRW.obj
 0001:00000c85       ?IsDirty@?$IPersistStreamInitImpl@VCOPOSPointCardRW@@@ATL@@UAGJXZ 10001c85 f i PointCardRW.obj
 0001:00000ca4       ?Load@?$IPersistStreamInitImpl@VCOPOSPointCardRW@@@ATL@@UAGJPAUIStream@@@Z 10001ca4 f i PointCardRW.obj
 0001:00000cc3       ?Save@?$IPersistStreamInitImpl@VCOPOSPointCardRW@@@ATL@@UAGJPAUIStream@@H@Z 10001cc3 f i PointCardRW.obj
 0001:00000ce5       ?GetSizeMax@?$IPersistStreamInitImpl@VCOPOSPointCardRW@@@ATL@@UAGJPAT_ULARGE_INTEGER@@@Z 10001ce5 f i PointCardRW.obj
 0001:00000ec4       ?InitNew@?$IPersistStreamInitImpl@VCOPOSPointCardRW@@@ATL@@UAGJXZ 10001ec4 f i PointCardRW.obj
 0001:00000ee1       ?ContextSensitiveHelp@?$IOleInPlaceActiveObjectImpl@VCOPOSPointCardRW@@@ATL@@UAGJH@Z 10001ee1 f i PointCardRW.obj
 0001:00000ee1       ?ContextSensitiveHelp@?$IOleInPlaceObjectWindowlessImpl@VCOPOSPointCardRW@@@ATL@@UAGJH@Z 10001ee1 f i PointCardRW.obj
 0001:00000ee1       ?QueryGetData@?$IDataObjectImpl@VCOPOSPointCardRW@@@ATL@@UAGJPAUtagFORMATETC@@@Z 10001ee1 f i PointCardRW.obj
 0001:00000ee1       ?GetControlInfo@?$IOleControlImpl@VCOPOSPointCardRW@@@ATL@@UAGJPAUtagCONTROLINFO@@@Z 10001ee1 f i PointCardRW.obj
 0001:00000ee1       ?OnMnemonic@?$IOleControlImpl@VCOPOSPointCardRW@@@ATL@@UAGJPAUtagMSG@@@Z 10001ee1 f i PointCardRW.obj
 0001:00000ee1       ?Unfreeze@?$IViewObjectExImpl@VCOPOSPointCardRW@@@ATL@@UAGJK@Z 10001ee1 f i PointCardRW.obj
 0001:00000ee1       ?GetDropTarget@?$IOleInPlaceObjectWindowlessImpl@VCOPOSPointCardRW@@@ATL@@UAGJPAPAUIDropTarget@@@Z 10001ee1 f i PointCardRW.obj
 0001:00000ee1       ?SetColorScheme@?$IOleObjectImpl@VCOPOSPointCardRW@@@ATL@@UAGJPAUtagLOGPALETTE@@@Z 10001ee1 f i PointCardRW.obj
 0001:00000ee9       ?SaveCompleted@?$IPersistStorageImpl@VCOPOSPointCardRW@@@ATL@@UAGJPAUIStorage@@@Z 10001ee9 f i PointCardRW.obj
 0001:00000ee9       ?OnFrameWindowActivate@?$IOleInPlaceActiveObjectImpl@VCOPOSPointCardRW@@@ATL@@UAGJH@Z 10001ee9 f i PointCardRW.obj
 0001:00000ee9       ?OnAmbientPropertyChange@?$IOleControlImpl@VCOPOSPointCardRW@@@ATL@@UAGJJ@Z 10001ee9 f i PointCardRW.obj
 0001:00000ee9       ?EnableModeless@?$IOleInPlaceActiveObjectImpl@VCOPOSPointCardRW@@@ATL@@UAGJH@Z 10001ee9 f i PointCardRW.obj
 0001:00000eee       ?SetClientSite@?$IOleObjectImpl@VCOPOSPointCardRW@@@ATL@@UAGJPAUIOleClientSite@@@Z 10001eee f i PointCardRW.obj
 0001:00000f0b       ?GetClientSite@?$IOleObjectImpl@VCOPOSPointCardRW@@@ATL@@UAGJPAPAUIOleClientSite@@@Z 10001f0b f i PointCardRW.obj
 0001:00000f28       ?SetHostNames@?$IOleObjectImpl@VCOPOSPointCardRW@@@ATL@@UAGJPB_W0@Z 10001f28 f i PointCardRW.obj
 0001:00000f2d       ?Close@?$IOleObjectImpl@VCOPOSPointCardRW@@@ATL@@UAGJK@Z 10001f2d f i PointCardRW.obj
 0001:00000f4a       ?GetCanonicalFormatEtc@?$IDataObjectImpl@VCOPOSPointCardRW@@@ATL@@UAGJPAUtagFORMATETC@@0@Z 10001f4a f i PointCardRW.obj
 0001:00000f4a       ?GetClipboardData@?$IOleObjectImpl@VCOPOSPointCardRW@@@ATL@@UAGJKPAPAUIDataObject@@@Z 10001f4a f i PointCardRW.obj
 0001:00000f4a       ?EnumFormatEtc@?$IDataObjectImpl@VCOPOSPointCardRW@@@ATL@@UAGJKPAPAUIEnumFORMATETC@@@Z 10001f4a f i PointCardRW.obj
 0001:00000f4a       ?GetDataHere@?$IDataObjectImpl@VCOPOSPointCardRW@@@ATL@@UAGJPAUtagFORMATETC@@PAUtagSTGMEDIUM@@@Z 10001f4a f i PointCardRW.obj
 0001:00000f4a       ?GetRect@?$IViewObjectExImpl@VCOPOSPointCardRW@@@ATL@@UAGJKPAU_RECTL@@@Z 10001f4a f i PointCardRW.obj
 0001:00000f4a       ?QueryInterface@CRegObject@ATL@@UAGJABU_GUID@@PAPAX@Z 10001f4a f i PointCardRW.obj
 0001:00000f4a       ?SetMoniker@?$IOleObjectImpl@VCOPOSPointCardRW@@@ATL@@UAGJKPAUIMoniker@@@Z 10001f4a f i PointCardRW.obj
 0001:00000f52       ?GetMoniker@?$IOleObjectImpl@VCOPOSPointCardRW@@@ATL@@UAGJKKPAPAUIMoniker@@@Z 10001f52 f i PointCardRW.obj
 0001:00000f52       ?SetData@?$IDataObjectImpl@VCOPOSPointCardRW@@@ATL@@UAGJPAUtagFORMATETC@@PAUtagSTGMEDIUM@@H@Z 10001f52 f i PointCardRW.obj
 0001:00000f52       ?InitFromData@?$IOleObjectImpl@VCOPOSPointCardRW@@@ATL@@UAGJPAUIDataObject@@HK@Z 10001f52 f i PointCardRW.obj
 0001:00000f5a       ?DoVerb@?$IOleObjectImpl@VCOPOSPointCardRW@@@ATL@@UAGJJPAUtagMSG@@PAUIOleClientSite@@JPAUHWND__@@PBUtagRECT@@@Z 10001f5a f i PointCardRW.obj
 0001:0000104e       ?EnumVerbs@?$IOleObjectImpl@VCOPOSPointCardRW@@@ATL@@UAGJPAPAUIEnumOLEVERB@@@Z 1000204e f i PointCardRW.obj
 0001:00001070       ?Update@?$IOleObjectImpl@VCOPOSPointCardRW@@@ATL@@UAGJXZ 10002070 f i PointCardRW.obj
 0001:00001070       ?HandsOffStorage@?$IPersistStorageImpl@VCOPOSPointCardRW@@@ATL@@UAGJXZ 10002070 f i PointCardRW.obj
 0001:00001070       ?IsUpToDate@?$IOleObjectImpl@VCOPOSPointCardRW@@@ATL@@UAGJXZ 10002070 f i PointCardRW.obj
 0001:00001070       ?Release@CRegObject@ATL@@UAGKXZ 10002070 f i PointCardRW.obj
 0001:00001075       ?GetUserType@?$IOleObjectImpl@VCOPOSPointCardRW@@@ATL@@UAGJKPAPA_W@Z 10002075 f i PointCardRW.obj
 0001:0000108d       ?SetExtent@?$IOleObjectImpl@VCOPOSPointCardRW@@@ATL@@UAGJKPAUtagSIZE@@@Z 1000208d f i PointCardRW.obj
 0001:000010ad       ?GetExtent@?$IOleObjectImpl@VCOPOSPointCardRW@@@ATL@@UAGJKPAUtagSIZE@@@Z 100020ad f i PointCardRW.obj
 0001:000010eb       ?Advise@?$IOleObjectImpl@VCOPOSPointCardRW@@@ATL@@UAGJPAUIAdviseSink@@PAK@Z 100020eb f i PointCardRW.obj
 0001:0000110b       ?Unadvise@?$IOleObjectImpl@VCOPOSPointCardRW@@@ATL@@UAGJK@Z 1000210b f i PointCardRW.obj
 0001:0000113a       ?EnumAdvise@?$IOleObjectImpl@VCOPOSPointCardRW@@@ATL@@UAGJPAPAUIEnumSTATDATA@@@Z 1000213a f i PointCardRW.obj
 0001:0000117a       ?GetMiscStatus@?$IOleObjectImpl@VCOPOSPointCardRW@@@ATL@@UAGJKPAK@Z 1000217a f i PointCardRW.obj
 0001:00001192       ?GetWindow@?$IOleInPlaceActiveObjectImpl@VCOPOSPointCardRW@@@ATL@@UAGJPAPAUHWND__@@@Z 10002192 f i PointCardRW.obj
 0001:000011df       ?TranslateAcceleratorW@?$IOleInPlaceActiveObjectImpl@VCOPOSPointCardRW@@@ATL@@UAGJPAUtagMSG@@@Z 100021df f i PointCardRW.obj
 0001:0000128d       ?OnDocWindowActivate@?$IOleInPlaceActiveObjectImpl@VCOPOSPointCardRW@@@ATL@@UAGJH@Z 1000228d f i PointCardRW.obj
 0001:000012af       ?ResizeBorder@?$IOleInPlaceActiveObjectImpl@VCOPOSPointCardRW@@@ATL@@UAGJPBUtagRECT@@PAUIOleInPlaceUIWindow@@H@Z 100022af f i PointCardRW.obj
 0001:000012b4       ?Draw@?$IViewObjectExImpl@VCOPOSPointCardRW@@@ATL@@UAGJKJPAXPAUtagDVTARGETDEVICE@@PAUHDC__@@2PBU_RECTL@@3P6GHK@ZK@Z 100022b4 f i PointCardRW.obj
 0001:000012e6       ?GetColorSet@?$IViewObjectExImpl@VCOPOSPointCardRW@@@ATL@@UAGJKJPAXPAUtagDVTARGETDEVICE@@PAUHDC__@@PAPAUtagLOGPALETTE@@@Z 100022e6 f i PointCardRW.obj
 0001:000012ee       ?Freeze@?$IViewObjectExImpl@VCOPOSPointCardRW@@@ATL@@UAGJKJPAXPAK@Z 100022ee f i PointCardRW.obj
 0001:000012f6       ?SetAdvise@?$IViewObjectExImpl@VCOPOSPointCardRW@@@ATL@@UAGJKKPAUIAdviseSink@@@Z 100022f6 f i PointCardRW.obj
 0001:00001315       ?GetAdvise@?$IViewObjectExImpl@VCOPOSPointCardRW@@@ATL@@UAGJPAK0PAPAUIAdviseSink@@@Z 10002315 f i PointCardRW.obj
 0001:0000134a       ?GetExtent@?$IViewObjectExImpl@VCOPOSPointCardRW@@@ATL@@UAGJKJPAUtagDVTARGETDEVICE@@PAUtagSIZE@@@Z 1000234a f i PointCardRW.obj
 0001:0000137b       ?GetViewStatus@?$IViewObjectExImpl@VCOPOSPointCardRW@@@ATL@@UAGJPAK@Z 1000237b f i PointCardRW.obj
 0001:00001398       ?QueryHitPoint@?$IViewObjectExImpl@VCOPOSPointCardRW@@@ATL@@UAGJKPBUtagRECT@@UtagPOINT@@JPAK@Z 10002398 f i PointCardRW.obj
 0001:000013d9       ?QueryHitRect@?$IViewObjectExImpl@VCOPOSPointCardRW@@@ATL@@UAGJKPBUtagRECT@@0JPAK@Z 100023d9 f i PointCardRW.obj
 0001:00001434       ?GetNaturalExtent@?$IViewObjectExImpl@VCOPOSPointCardRW@@@ATL@@UAGJKJPAUtagDVTARGETDEVICE@@PAUHDC__@@PAUtagExtentInfo@@PAUtagSIZE@@@Z 10002434 f i PointCardRW.obj
 0001:0000147f       ?GetWindow@?$IOleInPlaceObjectWindowlessImpl@VCOPOSPointCardRW@@@ATL@@UAGJPAPAUHWND__@@@Z 1000247f f i PointCardRW.obj
 0001:000014cc       ?InPlaceDeactivate@?$IOleInPlaceObjectWindowlessImpl@VCOPOSPointCardRW@@@ATL@@UAGJXZ 100024cc f i PointCardRW.obj
 0001:000014e6       ?UIDeactivate@?$IOleInPlaceObjectWindowlessImpl@VCOPOSPointCardRW@@@ATL@@UAGJXZ 100024e6 f i PointCardRW.obj
 0001:00001500       ?SetObjectRects@?$IOleInPlaceObjectWindowlessImpl@VCOPOSPointCardRW@@@ATL@@UAGJPBUtagRECT@@0@Z 10002500 f i PointCardRW.obj
 0001:00001520       ?ReactivateAndUndo@?$IOleInPlaceObjectWindowlessImpl@VCOPOSPointCardRW@@@ATL@@UAGJXZ 10002520 f i PointCardRW.obj
 0001:00001528       ?OnWindowMessage@?$IOleInPlaceObjectWindowlessImpl@VCOPOSPointCardRW@@@ATL@@UAGJIIJPAJ@Z 10002528 f i PointCardRW.obj
 0001:00001598       ?EnumConnectionPoints@?$IConnectionPointContainerImpl@VCOPOSPointCardRW@@@ATL@@UAGJPAPAUIEnumConnectionPoints@@@Z 10002598 f i PointCardRW.obj
 0001:00001712       ?FindConnectionPoint@?$IConnectionPointContainerImpl@VCOPOSPointCardRW@@@ATL@@UAGJABU_GUID@@PAPAUIConnectionPoint@@@Z 10002712 f i PointCardRW.obj
 0001:000017b5       ?IsDirty@?$IPersistStorageImpl@VCOPOSPointCardRW@@@ATL@@UAGJXZ 100027b5 f i PointCardRW.obj
 0001:000017e9       ?InitNew@?$IPersistStorageImpl@VCOPOSPointCardRW@@@ATL@@UAGJPAUIStorage@@@Z 100027e9 f i PointCardRW.obj
 0001:0000181d       ?Load@?$IPersistStorageImpl@VCOPOSPointCardRW@@@ATL@@UAGJPAUIStorage@@@Z 1000281d f i PointCardRW.obj
 0001:00001889       ?Save@?$IPersistStorageImpl@VCOPOSPointCardRW@@@ATL@@UAGJPAUIStorage@@H@Z 10002889 f i PointCardRW.obj
 0001:000018fc       ?GetPages@?$ISpecifyPropertyPagesImpl@VCOPOSPointCardRW@@@ATL@@UAGJPAUtagCAUUID@@@Z 100028fc f i PointCardRW.obj
 0001:00001913       ?QuickActivate@?$IQuickActivateImpl@VCOPOSPointCardRW@@@ATL@@UAGJPAUtagQACONTAINER@@PAUtagQACONTROL@@@Z 10002913 f i PointCardRW.obj
 0001:00001936       ?SetContentExtent@?$IQuickActivateImpl@VCOPOSPointCardRW@@@ATL@@UAGJPAUtagSIZE@@@Z 10002936 f i PointCardRW.obj
 0001:00001962       ?GetContentExtent@?$IQuickActivateImpl@VCOPOSPointCardRW@@@ATL@@UAGJPAUtagSIZE@@@Z 10002962 f i PointCardRW.obj
 0001:0000199c       ?GetData@?$IDataObjectImpl@VCOPOSPointCardRW@@@ATL@@UAGJPAUtagFORMATETC@@PAUtagSTGMEDIUM@@@Z 1000299c f i PointCardRW.obj
 0001:000019bf       ?DAdvise@?$IDataObjectImpl@VCOPOSPointCardRW@@@ATL@@UAGJPAUtagFORMATETC@@KPAUIAdviseSink@@PAK@Z 100029bf f i PointCardRW.obj
 0001:00001a00       ?DUnadvise@?$IDataObjectImpl@VCOPOSPointCardRW@@@ATL@@UAGJK@Z 10002a00 f i PointCardRW.obj
 0001:00001a2e       ?EnumDAdvise@?$IDataObjectImpl@VCOPOSPointCardRW@@@ATL@@UAGJPAPAUIEnumSTATDATA@@@Z 10002a2e f i PointCardRW.obj
 0001:00001a6d       ?GetClassInfoW@?$IProvideClassInfo2Impl@$1?CLSID_OPOSPointCardRW@@3U_GUID@@B$1?DIID__IOPOSPointCardRWEvents@@3U2@B$1?LIBID_OposPointCardRW_CCO@@3U2@B$00$0A@VCComTypeInfoHolder@ATL@@@ATL@@UAGJPAPAUITypeInfo@@@Z 10002a6d f i PointCardRW.obj
 0001:00001a83       ?GetGUID@?$IProvideClassInfo2Impl@$1?CLSID_OPOSPointCardRW@@3U_GUID@@B$1?DIID__IOPOSPointCardRWEvents@@3U2@B$1?LIBID_OposPointCardRW_CCO@@3U2@B$00$0A@VCComTypeInfoHolder@ATL@@@ATL@@UAGJKPAU_GUID@@@Z 10002a83 f i PointCardRW.obj
 0001:00001ac1       ?FAccessAllowed@?$IObjectSafetyImpl@VCOPOSPointCardRW@@$02@ATL@@MAEHXZ 10002ac1 f i PointCardRW.obj
 0001:00001ac1       __get_startup_argv_mode    10002ac1 f i LIBCMT:argv_mode.obj
 0001:00001ac5       ?GetInterfaceSafetyOptions@?$IObjectSafetyImpl@VCOPOSPointCardRW@@$02@ATL@@UAGJABU_GUID@@PAK1@Z 10002ac5 f i PointCardRW.obj
 0001:00001b39       ?SetInterfaceSafetyOptions@?$IObjectSafetyImpl@VCOPOSPointCardRW@@$02@ATL@@UAGJABU_GUID@@KK@Z 10002b39 f i PointCardRW.obj
 0001:00001bb3       ?_LocCPQueryInterface@?$IConnectionPointImpl@VCOPOSPointCardRW@@$1?DIID__IOPOSPointCardRWEvents@@3U_GUID@@BVCComDynamicUnkArray@ATL@@@ATL@@UAGJABU_GUID@@PAPAX@Z 10002bb3 f i PointCardRW.obj
 0001:00001bb3       ?_LocCPQueryInterface@?$IConnectionPointImpl@VCOPOSPointCardRW@@$1?IID_IPropertyNotifySink@@3U_GUID@@BVCComDynamicUnkArray@ATL@@@ATL@@UAGJABU_GUID@@PAPAX@Z 10002bb3 f i PointCardRW.obj
 0001:00001c00       ?GetConnectionInterface@?$IConnectionPointImpl@VCOPOSPointCardRW@@$1?IID_IPropertyNotifySink@@3U_GUID@@BVCComDynamicUnkArray@ATL@@@ATL@@UAGJPAU_GUID@@@Z 10002c00 f i PointCardRW.obj
 0001:00001c24       ?GetConnectionPointContainer@?$IConnectionPointImpl@VCOPOSPointCardRW@@$1?IID_IPropertyNotifySink@@3U_GUID@@BVCComDynamicUnkArray@ATL@@@ATL@@UAGJPAPAUIConnectionPointContainer@@@Z 10002c24 f i PointCardRW.obj
 0001:00001c47       ?Advise@?$IConnectionPointImpl@VCOPOSPointCardRW@@$1?DIID__IOPOSPointCardRWEvents@@3U_GUID@@BVCComDynamicUnkArray@ATL@@@ATL@@UAGJPAUIUnknown@@PAK@Z 10002c47 f i PointCardRW.obj
 0001:00001c47       ?Advise@?$IConnectionPointImpl@VCOPOSPointCardRW@@$1?IID_IPropertyNotifySink@@3U_GUID@@BVCComDynamicUnkArray@ATL@@@ATL@@UAGJPAUIUnknown@@PAK@Z 10002c47 f i PointCardRW.obj
 0001:00001ce8       ?Unadvise@?$IConnectionPointImpl@VCOPOSPointCardRW@@$1?IID_IPropertyNotifySink@@3U_GUID@@BVCComDynamicUnkArray@ATL@@@ATL@@UAGJK@Z 10002ce8 f i PointCardRW.obj
 0001:00001ce8       ?Unadvise@?$IConnectionPointImpl@VCOPOSPointCardRW@@$1?DIID__IOPOSPointCardRWEvents@@3U_GUID@@BVCComDynamicUnkArray@ATL@@@ATL@@UAGJK@Z 10002ce8 f i PointCardRW.obj
 0001:00001d28       ?EnumConnections@?$IConnectionPointImpl@VCOPOSPointCardRW@@$1?IID_IPropertyNotifySink@@3U_GUID@@BVCComDynamicUnkArray@ATL@@@ATL@@UAGJPAPAUIEnumConnections@@@Z 10002d28 f i PointCardRW.obj
 0001:00001d28       ?EnumConnections@?$IConnectionPointImpl@VCOPOSPointCardRW@@$1?DIID__IOPOSPointCardRWEvents@@3U_GUID@@BVCComDynamicUnkArray@ATL@@@ATL@@UAGJPAPAUIEnumConnections@@@Z 10002d28 f i PointCardRW.obj
 0001:00001e2e       ?GetObjectDescription@?$CComCoClass@VCOPOSPointCardRW@@$1?CLSID_OPOSPointCardRW@@3U_GUID@@B@ATL@@SGPB_WXZ 10002e2e f i PointCardRW.obj
 0001:00001e2e       ?GetCategoryMap@CComObjectRootBase@ATL@@SAPBU_ATL_CATMAP_ENTRY@2@XZ 10002e2e f i PointCardRW.obj
 0001:00001e31       ?GetConnectionInterface@?$IConnectionPointImpl@VCOPOSPointCardRW@@$1?DIID__IOPOSPointCardRWEvents@@3U_GUID@@BVCComDynamicUnkArray@ATL@@@ATL@@UAGJPAU_GUID@@@Z 10002e31 f i PointCardRW.obj
 0001:00001e55       ?GetConnectionPointContainer@?$IConnectionPointImpl@VCOPOSPointCardRW@@$1?DIID__IOPOSPointCardRWEvents@@3U_GUID@@BVCComDynamicUnkArray@ATL@@@ATL@@UAGJPAPAUIConnectionPointContainer@@@Z 10002e55 f i PointCardRW.obj
 0001:00001e78       ?Lock@CAtlModule@ATL@@UAEJXZ 10002e78 f i PointCardRW.obj
 0001:00001e82       ?Unlock@CAtlModule@ATL@@UAEJXZ 10002e82 f i PointCardRW.obj
 0001:00001e8c       ?GetLockCount@CAtlModule@ATL@@UAEJXZ 10002e8c f i PointCardRW.obj
 0001:00001e90       ?GetGITPtr@CAtlModule@ATL@@UAEJPAPAUIGlobalInterfaceTable@@@Z 10002e90 f i PointCardRW.obj
 0001:00001edc       ?UpdateRegistry@COPOSPointCardRW@@SGJH@Z 10002edc f i PointCardRW.obj
 0001:00001ef4       ?ProcessWindowMessage@COPOSPointCardRW@@UAEHPAUHWND__@@IIJAAJK@Z 10002ef4 f i PointCardRW.obj
 0001:00001f3d       ?SOData@COPOSPointCardRW@@MAGJJ@Z 10002f3d f i PointCardRW.obj
 0001:00001f76       ?SODirectIO@COPOSPointCardRW@@MAGJJPAJPAPA_W@Z 10002f76 f i PointCardRW.obj
 0001:00001fbf       ?SOError@COPOSPointCardRW@@MAGJJJJPAJ@Z 10002fbf f i PointCardRW.obj
 0001:00002014       ?SOOutputComplete@COPOSPointCardRW@@MAGJJ@Z 10003014 f i PointCardRW.obj
 0001:0000204d       ?SOStatusUpdate@COPOSPointCardRW@@MAGJJ@Z 1000304d f i PointCardRW.obj
 0001:00002086       ?AddCommonRGSReplacements@?$CAtlModuleT@VCComModule@ATL@@@ATL@@UAEJPAUIRegistrarBase@@@Z 10003086 f i PointCardRW.obj
 0001:000020a0       ?UpdateRegistryFromResourceD@CComModule@ATL@@UAGJIHPAU_ATL_REGMAP_ENTRY@2@@Z 100030a0 f i PointCardRW.obj
 0001:000020a0       ?UpdateRegistryFromResourceD@CComModule@ATL@@UAGJPB_WHPAU_ATL_REGMAP_ENTRY@2@@Z 100030a0 f i PointCardRW.obj
 0001:000020a8       ?UpdateRegistryFromResource@CComModule@ATL@@UAGJPB_WHPAU_ATL_REGMAP_ENTRY@2@@Z 100030a8 f i PointCardRW.obj
 0001:000020b1       ?UpdateRegistryFromResource@CComModule@ATL@@UAGJIHPAU_ATL_REGMAP_ENTRY@2@@Z 100030b1 f i PointCardRW.obj
 0001:000020ba       ??_GCComModule@ATL@@UAEPAXI@Z 100030ba f i PointCardRW.obj
 0001:000020ba       ??_ECComModule@ATL@@UAEPAXI@Z 100030ba f i PointCardRW.obj
 0001:000020e2       ?CreateInstance@?$CComCreator@V?$CComObjectCached@VCComClassFactory@ATL@@@ATL@@@ATL@@SGJPAXABU_GUID@@PAPAX@Z 100030e2 f i PointCardRW.obj
 0001:0000218e       ?CreateInstance@?$CComCreator2@V?$CComCreator@V?$CComObject@VCOPOSPointCardRW@@@ATL@@@ATL@@V?$CComCreator@V?$CComAggObject@VCOPOSPointCardRW@@@ATL@@@2@@ATL@@SGJPAXABU_GUID@@PAPAX@Z 1000318e f i PointCardRW.obj
 0001:000021ae       ?AddRef@?$CComObjectCached@VCComClassFactory@ATL@@@ATL@@UAGKXZ 100031ae f i PointCardRW.obj
 0001:000021d5       ?Release@?$CComObjectCached@VCComClassFactory@ATL@@@ATL@@UAGKXZ 100031d5 f i PointCardRW.obj
 0001:0000220b       ?QueryInterface@?$CComObjectCached@VCComClassFactory@ATL@@@ATL@@UAGJABU_GUID@@PAPAX@Z 1000320b f i PointCardRW.obj
 0001:00002225       ??_E?$CComObjectCached@VCComClassFactory@ATL@@@ATL@@UAEPAXI@Z 10003225 f i PointCardRW.obj
 0001:00002225       ??_G?$CComObjectCached@VCComClassFactory@ATL@@@ATL@@UAEPAXI@Z 10003225 f i PointCardRW.obj
 0001:00002247       ?Next@?$CComEnumImpl@UIEnumConnectionPoints@@$1?_GUID_b196b285_bab4_101a_b69c_00aa00341d07@@3U__s_GUID@@BPAUIConnectionPoint@@V?$_CopyInterface@UIConnectionPoint@@@ATL@@@ATL@@UAGJKPAPAUIConnectionPoint@@PAK@Z 10003247 f i PointCardRW.obj
 0001:0000231e       ?Skip@?$CComEnumImpl@UIEnumConnectionPoints@@$1?_GUID_b196b285_bab4_101a_b69c_00aa00341d07@@3U__s_GUID@@BPAUIConnectionPoint@@V?$_CopyInterface@UIConnectionPoint@@@ATL@@@ATL@@UAGJK@Z 1000331e f i PointCardRW.obj
 0001:0000234b       ?Reset@?$CComEnumImpl@UIEnumConnections@@$1?_GUID_b196b287_bab4_101a_b69c_00aa00341d07@@3U__s_GUID@@BUtagCONNECTDATA@@V?$_Copy@UtagCONNECTDATA@@@ATL@@@ATL@@UAGJXZ 1000334b f i PointCardRW.obj
 0001:0000234b       ?Reset@?$CComEnumImpl@UIEnumConnectionPoints@@$1?_GUID_b196b285_bab4_101a_b69c_00aa00341d07@@3U__s_GUID@@BPAUIConnectionPoint@@V?$_CopyInterface@UIConnectionPoint@@@ATL@@@ATL@@UAGJXZ 1000334b f i PointCardRW.obj
 0001:0000235d       ?Clone@?$CComEnumImpl@UIEnumConnectionPoints@@$1?_GUID_b196b285_bab4_101a_b69c_00aa00341d07@@3U__s_GUID@@BPAUIConnectionPoint@@V?$_CopyInterface@UIConnectionPoint@@@ATL@@@ATL@@UAGJPAPAUIEnumConnectionPoints@@@Z 1000335d f i PointCardRW.obj
 0001:0000243e       ?AddRef@?$CComObject@V?$CComEnum@UIEnumConnections@@$1?_GUID_b196b287_bab4_101a_b69c_00aa00341d07@@3U__s_GUID@@BUtagCONNECTDATA@@V?$_Copy@UtagCONNECTDATA@@@ATL@@VCComSingleThreadModel@6@@ATL@@@ATL@@UAGKXZ 1000343e f i PointCardRW.obj
 0001:0000243e       ?AddRef@?$CComObject@V?$CComEnum@UIEnumConnectionPoints@@$1?_GUID_b196b285_bab4_101a_b69c_00aa00341d07@@3U__s_GUID@@BPAUIConnectionPoint@@V?$_CopyInterface@UIConnectionPoint@@@ATL@@VCComSingleThreadModel@6@@ATL@@@ATL@@UAGKXZ 1000343e f i PointCardRW.obj
 0001:0000244f       ?Release@?$CComObject@V?$CComEnum@UIEnumConnections@@$1?_GUID_b196b287_bab4_101a_b69c_00aa00341d07@@3U__s_GUID@@BUtagCONNECTDATA@@V?$_Copy@UtagCONNECTDATA@@@ATL@@VCComSingleThreadModel@6@@ATL@@@ATL@@UAGKXZ 1000344f f i PointCardRW.obj
 0001:0000244f       ?Release@?$CComObject@V?$CComEnum@UIEnumConnectionPoints@@$1?_GUID_b196b285_bab4_101a_b69c_00aa00341d07@@3U__s_GUID@@BPAUIConnectionPoint@@V?$_CopyInterface@UIConnectionPoint@@@ATL@@VCComSingleThreadModel@6@@ATL@@@ATL@@UAGKXZ 1000344f f i PointCardRW.obj
 0001:0000248b       ?QueryInterface@?$CComObject@V?$CComEnum@UIEnumConnectionPoints@@$1?_GUID_b196b285_bab4_101a_b69c_00aa00341d07@@3U__s_GUID@@BPAUIConnectionPoint@@V?$_CopyInterface@UIConnectionPoint@@@ATL@@VCComSingleThreadModel@6@@ATL@@@ATL@@UAGJABU_GUID@@PAPAX@Z 1000348b f i PointCardRW.obj
 0001:000024a5       ??_E?$CComObject@V?$CComEnum@UIEnumConnectionPoints@@$1?_GUID_b196b285_bab4_101a_b69c_00aa00341d07@@3U__s_GUID@@BPAUIConnectionPoint@@V?$_CopyInterface@UIConnectionPoint@@@ATL@@VCComSingleThreadModel@6@@ATL@@@ATL@@UAEPAXI@Z 100034a5 f i PointCardRW.obj
 0001:000024a5       ??_G?$CComObject@V?$CComEnum@UIEnumConnectionPoints@@$1?_GUID_b196b285_bab4_101a_b69c_00aa00341d07@@3U__s_GUID@@BPAUIConnectionPoint@@V?$_CopyInterface@UIConnectionPoint@@@ATL@@VCComSingleThreadModel@6@@ATL@@@ATL@@UAEPAXI@Z 100034a5 f i PointCardRW.obj
 0001:000024c7       ?AddRef@CRegObject@ATL@@UAGKXZ 100034c7 f i PointCardRW.obj
 0001:000024cd       ?AddReplacement@CRegObject@ATL@@UAGJPB_W0@Z 100034cd f i PointCardRW.obj
 0001:00002506       ?ClearReplacements@CRegObject@ATL@@UAGJXZ 10003506 f i PointCardRW.obj
 0001:00002518       ??_GCRegObject@ATL@@UAEPAXI@Z 10003518 f i PointCardRW.obj
 0001:00002518       ??_ECRegObject@ATL@@UAEPAXI@Z 10003518 f i PointCardRW.obj
 0001:0000253a       ?AddRef@?$CComAggObject@VCOPOSPointCardRW@@@ATL@@UAGKXZ 1000353a f i PointCardRW.obj
 0001:0000254b       ?Release@?$CComAggObject@VCOPOSPointCardRW@@@ATL@@UAGKXZ 1000354b f i PointCardRW.obj
 0001:00002587       ?QueryInterface@?$CComAggObject@VCOPOSPointCardRW@@@ATL@@UAGJABU_GUID@@PAPAX@Z 10003587 f i PointCardRW.obj
 0001:000025d6       ?AddRef@?$CComContainedObject@VCOPOSPointCardRW@@@ATL@@UAGKXZ 100035d6 f i PointCardRW.obj
 0001:000025ec       ?Release@?$CComContainedObject@VCOPOSPointCardRW@@@ATL@@UAGKXZ 100035ec f i PointCardRW.obj
 0001:00002602       ?QueryInterface@?$CComContainedObject@VCOPOSPointCardRW@@@ATL@@UAGJABU_GUID@@PAPAX@Z 10003602 f i PointCardRW.obj
 0001:0000261d       ??_E?$CComAggObject@VCOPOSPointCardRW@@@ATL@@UAEPAXI@Z 1000361d f i PointCardRW.obj
 0001:0000261d       ??_G?$CComAggObject@VCOPOSPointCardRW@@@ATL@@UAEPAXI@Z 1000361d f i PointCardRW.obj
 0001:00002642       ?AddRef@?$CComObject@VCOPOSPointCardRW@@@ATL@@UAGKXZ 10003642 f i PointCardRW.obj
 0001:00002659       ?Release@?$CComObject@VCOPOSPointCardRW@@@ATL@@UAGKXZ 10003659 f i PointCardRW.obj
 0001:0000269b       ?QueryInterface@?$CComObject@VCOPOSPointCardRW@@@ATL@@UAGJABU_GUID@@PAPAX@Z 1000369b f i PointCardRW.obj
 0001:000026b5       ?OnDrawAdvanced@CComControlBase@ATL@@UAEJAAUATL_DRAWINFO@@@Z 100036b5 f i PointCardRW.obj
 0001:000027a8       ?Next@?$CComEnumImpl@UIEnumConnections@@$1?_GUID_b196b287_bab4_101a_b69c_00aa00341d07@@3U__s_GUID@@BUtagCONNECTDATA@@V?$_Copy@UtagCONNECTDATA@@@ATL@@@ATL@@UAGJKPAUtagCONNECTDATA@@PAK@Z 100037a8 f i PointCardRW.obj
 0001:0000287f       ?Skip@?$CComEnumImpl@UIEnumConnections@@$1?_GUID_b196b287_bab4_101a_b69c_00aa00341d07@@3U__s_GUID@@BUtagCONNECTDATA@@V?$_Copy@UtagCONNECTDATA@@@ATL@@@ATL@@UAGJK@Z 1000387f f i PointCardRW.obj
 0001:000028ac       ?Clone@?$CComEnumImpl@UIEnumConnections@@$1?_GUID_b196b287_bab4_101a_b69c_00aa00341d07@@3U__s_GUID@@BUtagCONNECTDATA@@V?$_Copy@UtagCONNECTDATA@@@ATL@@@ATL@@UAGJPAPAUIEnumConnections@@@Z 100038ac f i PointCardRW.obj
 0001:0000298d       ?QueryInterface@?$CComObject@V?$CComEnum@UIEnumConnections@@$1?_GUID_b196b287_bab4_101a_b69c_00aa00341d07@@3U__s_GUID@@BUtagCONNECTDATA@@V?$_Copy@UtagCONNECTDATA@@@ATL@@VCComSingleThreadModel@6@@ATL@@@ATL@@UAGJABU_GUID@@PAPAX@Z 1000398d f i PointCardRW.obj
 0001:000029a7       ??_G?$CComObject@V?$CComEnum@UIEnumConnections@@$1?_GUID_b196b287_bab4_101a_b69c_00aa00341d07@@3U__s_GUID@@BUtagCONNECTDATA@@V?$_Copy@UtagCONNECTDATA@@@ATL@@VCComSingleThreadModel@6@@ATL@@@ATL@@UAEPAXI@Z 100039a7 f i PointCardRW.obj
 0001:000029a7       ??_E?$CComObject@V?$CComEnum@UIEnumConnections@@$1?_GUID_b196b287_bab4_101a_b69c_00aa00341d07@@3U__s_GUID@@BUtagCONNECTDATA@@V?$_Copy@UtagCONNECTDATA@@@ATL@@VCComSingleThreadModel@6@@ATL@@@ATL@@UAEPAXI@Z 100039a7 f i PointCardRW.obj
 0001:000029c9       ??$?4UITypeInfo2@@@?$CComPtr@UITypeInfo@@@ATL@@QAEPAUITypeInfo@@ABV?$CComPtr@UITypeInfo2@@@1@@Z 100039c9 f i PointCardRW.obj
 0001:000029f6       ??$AtlAdd@K@ATL@@YAJPAKKK@Z 100039f6 f i PointCardRW.obj
 0001:00002a19       ??$AtlAdd@_K@ATL@@YAJPA_K_K1@Z 10003a19 f i PointCardRW.obj
 0001:00002a51       ??$AtlAddThrow@K@ATL@@YAKKK@Z 10003a51 f i PointCardRW.obj
 0001:00002a77       ??$AtlModuleRegisterWndClassInfoT@VAtlModuleRegisterWndClassInfoParamW@ATL@@@ATL@@YAGPAU_ATL_BASE_MODULE70@0@PAU_ATL_WIN_MODULE70@0@PAU_ATL_WNDCLASSINFOW@0@PAP6GJPAUHWND__@@IIJ@ZVAtlModuleRegisterWndClassInfoParamW@0@@Z 10003a77 f i PointCardRW.obj
 0001:00002bc5       ??$AtlMultiply@H@ATL@@YAJPAHHH@Z 10003bc5 f i PointCardRW.obj
 0001:00002bfd       ??$AtlMultiply@K@ATL@@YAJPAKKK@Z 10003bfd f i PointCardRW.obj
 0001:00002bfd       ??$AtlMultiply@I@ATL@@YAJPAIII@Z 10003bfd f i PointCardRW.obj
 0001:00002c1f       ??$AtlMultiplyThrow@I@ATL@@YAIII@Z 10003c1f f i PointCardRW.obj
 0001:00002c45       ??0?$CComAggObject@VCOPOSPointCardRW@@@ATL@@QAE@PAX@Z 10003c45 f i PointCardRW.obj
 0001:00002c72       ??0?$CComContainedObject@VCOPOSPointCardRW@@@ATL@@QAE@PAX@Z 10003c72 f i PointCardRW.obj
 0001:00002d2b       ??0?$CComObject@V?$CComEnum@UIEnumConnectionPoints@@$1?_GUID_b196b285_bab4_101a_b69c_00aa00341d07@@3U__s_GUID@@BPAUIConnectionPoint@@V?$_CopyInterface@UIConnectionPoint@@@ATL@@VCComSingleThreadModel@6@@ATL@@@ATL@@QAE@PAX@Z 10003d2b f i PointCardRW.obj
 0001:00002d59       ??0?$CComObject@V?$CComEnum@UIEnumConnections@@$1?_GUID_b196b287_bab4_101a_b69c_00aa00341d07@@3U__s_GUID@@BUtagCONNECTDATA@@V?$_Copy@UtagCONNECTDATA@@@ATL@@VCComSingleThreadModel@6@@ATL@@@ATL@@QAE@PAX@Z 10003d59 f i PointCardRW.obj
 0001:00002d87       ??0?$CComObject@VCOPOSPointCardRW@@@ATL@@QAE@PAX@Z 10003d87 f i PointCardRW.obj
 0001:00002e3e       ??0?$CComQIPtr@UIOleControlSite@@$1?_GUID_b196b289_bab4_101a_b69c_00aa00341d07@@3U__s_GUID@@B@ATL@@QAE@PAUIUnknown@@@Z 10003e3e f i PointCardRW.obj
 0001:00002e67       ??0CAtlModule@ATL@@QAE@XZ  10003e67 f i PointCardRW.obj
 0001:00002ea8       ??0CParseBuffer@CRegParser@ATL@@QAE@H@Z 10003ea8 f i PointCardRW.obj
 0001:00002ede       ??0_ATL_MSG@ATL@@QAE@PAUHWND__@@IIJH@Z 10003ede f i PointCardRW.obj
 0001:00002f16       ??1?$CComAggObject@VCOPOSPointCardRW@@@ATL@@UAE@XZ 10003f16 f i PointCardRW.obj
 0001:00002f3a       ??1?$CComEnumImpl@UIEnumConnectionPoints@@$1?_GUID_b196b285_bab4_101a_b69c_00aa00341d07@@3U__s_GUID@@BPAUIConnectionPoint@@V?$_CopyInterface@UIConnectionPoint@@@ATL@@@ATL@@UAE@XZ 10003f3a f i PointCardRW.obj
 0001:00002f7a       ??1?$CComEnumImpl@UIEnumConnections@@$1?_GUID_b196b287_bab4_101a_b69c_00aa00341d07@@3U__s_GUID@@BUtagCONNECTDATA@@V?$_Copy@UtagCONNECTDATA@@@ATL@@@ATL@@UAE@XZ 10003f7a f i PointCardRW.obj
 0001:00002fba       ??1?$CComObject@V?$CComEnum@UIEnumConnectionPoints@@$1?_GUID_b196b285_bab4_101a_b69c_00aa00341d07@@3U__s_GUID@@BPAUIConnectionPoint@@V?$_CopyInterface@UIConnectionPoint@@@ATL@@VCComSingleThreadModel@6@@ATL@@@ATL@@UAE@XZ 10003fba f i PointCardRW.obj
 0001:00002fdd       ??1?$CComObject@V?$CComEnum@UIEnumConnections@@$1?_GUID_b196b287_bab4_101a_b69c_00aa00341d07@@3U__s_GUID@@BUtagCONNECTDATA@@V?$_Copy@UtagCONNECTDATA@@@ATL@@VCComSingleThreadModel@6@@ATL@@@ATL@@UAE@XZ 10003fdd f i PointCardRW.obj
 0001:00003000       ??1?$CComObject@VCOPOSPointCardRW@@@ATL@@UAE@XZ 10004000 f i PointCardRW.obj
 0001:000030be       ??1?$CComObjectCached@VCComClassFactory@ATL@@@ATL@@UAE@XZ 100040be f i PointCardRW.obj
 0001:000030d4       ??1?$CComObjectRootEx@VCComMultiThreadModel@ATL@@@ATL@@QAE@XZ 100040d4 f i PointCardRW.obj
 0001:000030e9       ??1CRegObject@ATL@@UAE@XZ  100040e9 f i PointCardRW.obj
 0001:00003109       ??4?$CComPtr@UIOleClientSite@@@ATL@@QAEPAUIOleClientSite@@PAU2@@Z 10004109 f i PointCardRW.obj
 0001:00003109       ??4?$CComPtr@UIUnknown@@@ATL@@QAEPAUIUnknown@@PAU2@@Z 10004109 f i PointCardRW.obj
 0001:00003109       ??4?$CComPtr@UIAdviseSink@@@ATL@@QAEPAUIAdviseSink@@PAU2@@Z 10004109 f i PointCardRW.obj
 0001:0000313d       ??_G?$CComContainedObject@VCOPOSPointCardRW@@@ATL@@UAEPAXI@Z 1000413d f i PointCardRW.obj
 0001:0000313d       ??_E?$CComContainedObject@VCOPOSPointCardRW@@@ATL@@UAEPAXI@Z 1000413d f i PointCardRW.obj
 0001:00003162       ??_E?$CComObject@VCOPOSPointCardRW@@@ATL@@UAEPAXI@Z 10004162 f i PointCardRW.obj
 0001:00003162       ??_G?$CComObject@VCOPOSPointCardRW@@@ATL@@UAEPAXI@Z 10004162 f i PointCardRW.obj
 0001:00003187       ?Add@?$CSimpleArray@GV?$CSimpleArrayEqualHelper@G@ATL@@@ATL@@QAEHABG@Z 10004187 f i PointCardRW.obj
 0001:0000320b       ?Add@?$CSimpleMap@PA_WPA_WVCExpansionVectorEqualHelper@ATL@@@ATL@@QAEHABQA_W0@Z 1000420b f i PointCardRW.obj
 0001:00003260       ?Add@CComDynamicUnkArray@ATL@@QAEKPAUIUnknown@@@Z 10004260 f i PointCardRW.obj
 0001:00003316       ?Add@CExpansionVector@ATL@@QAEHPB_W0@Z 10004316 f i PointCardRW.obj
 0001:0000341f       ?AddString@CParseBuffer@CRegParser@ATL@@QAEHPB_W@Z 1000441f f i PointCardRW.obj
 0001:00003454       ?AddTermFunc@CAtlModule@ATL@@QAEJP6GXK@ZK@Z 10004454 f i PointCardRW.obj
 0001:000034b7       ?AddValue@CRegParser@ATL@@IAEJAAVCRegKey@2@PB_WPA_W@Z 100044b7 f i PointCardRW.obj
 0001:000037d1       ?Allocate@?$CAtlSafeAllocBufferManager@VCCRTAllocator@ATL@@@_ATL_SAFE_ALLOCA_IMPL@ATL@@QAEPAXK@Z 100047d1 f i PointCardRW.obj
 0001:000037fe       ?Allocate@?$CTempBuffer@E$0BAA@VCCRTAllocator@ATL@@@ATL@@QAEPAEI@Z 100047fe f i PointCardRW.obj
 0001:0000382d       ?Allocate@?$CTempBuffer@_W$0BAA@VCCRTAllocator@ATL@@@ATL@@QAEPA_WI@Z 1000482d f i PointCardRW.obj
 0001:0000385c       ?Allocate@?$CTempBuffer@_W$0EAA@VCCRTAllocator@ATL@@@ATL@@QAEPA_WI@Z 1000485c f i PointCardRW.obj
 0001:0000388b       ?AllocateHeap@?$CTempBuffer@E$0BAA@VCCRTAllocator@ATL@@@ATL@@AAEXI@Z 1000488b f i PointCardRW.obj
 0001:0000388b       ?AllocateHeap@?$CTempBuffer@_W$0BAA@VCCRTAllocator@ATL@@@ATL@@AAEXI@Z 1000488b f i PointCardRW.obj
 0001:0000388b       ?AllocateHeap@?$CTempBuffer@_W$0EAA@VCCRTAllocator@ATL@@@ATL@@AAEXI@Z 1000488b f i PointCardRW.obj
 0001:000038b0       ?Append@CParseBuffer@CRegParser@ATL@@QAEHPB_WH@Z 100048b0 f i PointCardRW.obj
 0001:0000393e       ?AtlCoTaskMemCAlloc@ATL@@YAPAXKK@Z 1000493e f i PointCardRW.obj
 0001:0000396b       ?AtlCoTaskMemRecalloc@ATL@@YAPAXPAXKK@Z 1000496b f i PointCardRW.obj
 0001:0000399b       ?AtlComModuleGetClassObject@ATL@@YGJPAU_ATL_COM_MODULE70@1@ABU_GUID@@1PAPAX@Z 1000499b f i PointCardRW.obj
 0001:00003a8e       ?AtlComModuleRegisterServer@ATL@@YGJPAU_ATL_COM_MODULE70@1@HPBU_GUID@@@Z 10004a8e f i PointCardRW.obj
 0001:00003b16       ?AtlComModuleUnregisterServer@ATL@@YGJPAU_ATL_COM_MODULE70@1@HPBU_GUID@@@Z 10004b16 f i PointCardRW.obj
 0001:00003b9e       ?AtlComQIPtrAssign2@ATL@@YAXPAPAUIUnknown@@PAU2@ABU_GUID@@@Z 10004b9e f i PointCardRW.obj
 0001:00003bcd       ?AtlCreateTargetDC@ATL@@YGPAUHDC__@@PAU2@PAUtagDVTARGETDEVICE@@@Z 10004bcd f i PointCardRW.obj
 0001:00003c36       ?AtlCrtErrorCheck@ATL@@YAHH@Z 10004c36 f i PointCardRW.obj
 0001:00003c71       ?AtlHiMetricToPixel@ATL@@YGXPBUtagSIZE@@PAU2@@Z 10004c71 f i PointCardRW.obj
 0001:00003ce6       ?AtlHresultFromLastError@ATL@@YAJXZ 10004ce6 f i PointCardRW.obj
 0001:00003cfd       ?AtlHresultFromWin32@ATL@@YAJK@Z 10004cfd f i PointCardRW.obj
 0001:00003d12       ?AtlInternalOleLoadFromStream@ATL@@YAJPAUIStream@@ABU_GUID@@PAPAXTClassesAllowedInStream@1@K@Z 10004d12 f i PointCardRW.obj
 0001:00003e38       ?AtlInternalQueryInterface@ATL@@YGJPAXPBU_ATL_INTMAP_ENTRY@1@ABU_GUID@@PAPAX@Z 10004e38 f i PointCardRW.obj
 0001:00003edb       ?AtlLoadTypeLib@ATL@@YGJPAUHINSTANCE__@@PB_WPAPA_WPAPAUITypeLib@@@Z 10004edb f i PointCardRW.obj
 0001:000040b9       ?AtlRegisterClassCategoriesHelper@ATL@@YGJABU_GUID@@PBU_ATL_CATMAP_ENTRY@1@H@Z 100050b9 f i PointCardRW.obj
 0001:000043b5       ?AtlRegisterTypeLib@ATL@@YGJPAUHINSTANCE__@@PB_W@Z 100053b5 f i PointCardRW.obj
 0001:0000453d       ?AtlThrowImpl@ATL@@YGXJ@Z  1000553d f i PointCardRW.obj
 0001:0000455b       ?AtlUnRegisterTypeLib@ATL@@YGJPAUHINSTANCE__@@PB_W@Z 1000555b f i PointCardRW.obj
 0001:00004606       ?AtlWinModuleAddCreateWndData@ATL@@YGXPAU_ATL_WIN_MODULE70@1@PAU_AtlCreateWndData@1@PAX@Z 10005606 f i PointCardRW.obj
 0001:0000465a       ?AtlWinModuleExtractCreateWndData@ATL@@YGPAXPAU_ATL_WIN_MODULE70@1@@Z 1000565a f i PointCardRW.obj
 0001:000046bd       ?AtlWinModuleRegisterClassExW@ATL@@YGGPAU_ATL_WIN_MODULE70@1@PBUtagWNDCLASSEXW@@@Z 100056bd f i PointCardRW.obj
 0001:000046fc       ?CanForceRemoveKey@CRegParser@ATL@@IAEHPB_W@Z 100056fc f i PointCardRW.obj
 0001:0000472b       ?ChToByte@CRegParser@ATL@@KAE_W@Z 1000572b f i PointCardRW.obj
 0001:0000475e       ?Cleanup@CComTypeInfoHolder@ATL@@SGXK@Z 1000575e f i PointCardRW.obj
 0001:00004791       ?ClearReplacements@CExpansionVector@ATL@@QAEJXZ 10005791 f i PointCardRW.obj
 0001:000047ce       ?Close@CRegKey@ATL@@QAEJXZ 100057ce f i PointCardRW.obj
 0001:000047e8       ?CreateInstance@?$CComCreator@V?$CComAggObject@VCOPOSPointCardRW@@@ATL@@@ATL@@SGJPAXABU_GUID@@PAPAX@Z 100057e8 f i PointCardRW.obj
 0001:0000485e       ?CreateInstance@?$CComCreator@V?$CComObject@VCOPOSPointCardRW@@@ATL@@@ATL@@SGJPAXABU_GUID@@PAPAX@Z 1000585e f i PointCardRW.obj
 0001:000048df       ?CreateInstance@?$CComObject@V?$CComEnum@UIEnumConnectionPoints@@$1?_GUID_b196b285_bab4_101a_b69c_00aa00341d07@@3U__s_GUID@@BPAUIConnectionPoint@@V?$_CopyInterface@UIConnectionPoint@@@ATL@@VCComSingleThreadModel@6@@ATL@@@ATL@@SGJPAPAV12@@Z 100058df f i PointCardRW.obj
 0001:00004926       ?CreateInstance@?$CComObject@V?$CComEnum@UIEnumConnections@@$1?_GUID_b196b287_bab4_101a_b69c_00aa00341d07@@3U__s_GUID@@BUtagCONNECTDATA@@V?$_Copy@UtagCONNECTDATA@@@ATL@@VCComSingleThreadModel@6@@ATL@@@ATL@@SGJPAPAV12@@Z 10005926 f i PointCardRW.obj
 0001:0000496d       ?DefaultReflectionHandler@?$CWindowImplRoot@VCWindow@ATL@@@ATL@@SAHPAUHWND__@@IIJAAJ@Z 1000596d f i PointCardRW.obj
 0001:000049e0       ?DeleteSubKey@CRegKey@ATL@@QAEJPB_W@Z 100059e0 f i PointCardRW.obj
 0001:00004a59       ?DoEvent@COPOSPointCardRW@@IAEXIIJ@Z 10005a59 f i PointCardRW.obj
 0001:00004ad9       ?DoVerbHide@?$IOleObjectImpl@VCOPOSPointCardRW@@@ATL@@QAEJPBUtagRECT@@PAUHWND__@@@Z 10005ad9 f i PointCardRW.obj
 0001:00004b0f       ?DoVerbInPlaceActivate@?$IOleObjectImpl@VCOPOSPointCardRW@@@ATL@@QAEJPBUtagRECT@@PAUHWND__@@@Z 10005b0f f i PointCardRW.obj
 0001:00004b42       ?DoVerbPrimary@?$IOleObjectImpl@VCOPOSPointCardRW@@@ATL@@QAEJPBUtagRECT@@PAUHWND__@@@Z 10005b42 f i PointCardRW.obj
 0001:00004bce       ?DoVerbProperties@CComControlBase@ATL@@QAEJPBUtagRECT@@PAUHWND__@@@Z 10005bce f i PointCardRW.obj
 0001:00004d4d       ?DoVerbUIActivate@?$IOleObjectImpl@VCOPOSPointCardRW@@@ATL@@QAEJPBUtagRECT@@PAUHWND__@@@Z 10005d4d f i PointCardRW.obj
 0001:00004d8a       ?DoesVerbActivate@CComControlBase@ATL@@QAEHJ@Z 10005d8a f i PointCardRW.obj
 0001:00004dab       ?DoesVerbUIActivate@CComControlBase@ATL@@QAEHJ@Z 10005dab f i PointCardRW.obj
 0001:00004de0       ?EndOfVar@CRegParser@ATL@@IAEHXZ 10005de0 f i PointCardRW.obj
 0001:00004e00       ?EscapeSingleQuote@CAtlModule@ATL@@SAXPA_WIPB_W@Z 10005e00 f i PointCardRW.obj
 0001:00004e4f       ?FindKey@?$CSimpleMap@PA_WPA_WVCExpansionVectorEqualHelper@ATL@@@ATL@@QBEHABQA_W@Z 10005e4f f i PointCardRW.obj
 0001:00004e86       ?FireTheEvent@?$CProxy_IOPOSEvents@VCOPOSPointCardRW@@@@IAEXPAVOposVariant@@IAAJPB_WJ@Z 10005e86 f i PointCardRW.obj
 0001:00004f18       ?FireViewChange@CComControlBase@ATL@@QAEJXZ 10005f18 f i PointCardRW.obj
 0001:00004f61       ?Fire_DataEvent@?$CProxy_IOPOSEvents@VCOPOSPointCardRW@@@@QAEXJ@Z 10005f61 f i PointCardRW.obj
 0001:00004ff4       ?Fire_DirectIOEvent@?$CProxy_IOPOSEvents@VCOPOSPointCardRW@@@@QAEXJPAJPAPA_W@Z 10005ff4 f i PointCardRW.obj
 0001:000050dd       ?Fire_ErrorEvent@?$CProxy_IOPOSEvents@VCOPOSPointCardRW@@@@QAEXJJJPAJ@Z 100060dd f i PointCardRW.obj
 0001:000051c7       ?Fire_OutputCompleteEvent@?$CProxy_IOPOSEvents@VCOPOSPointCardRW@@@@QAEXJ@Z 100061c7 f i PointCardRW.obj
 0001:0000525a       ?Fire_StatusUpdateEvent@?$CProxy_IOPOSEvents@VCOPOSPointCardRW@@@@QAEXJ@Z 1000625a f i PointCardRW.obj
 0001:000052ed       ?FreeHeap@?$CTempBuffer@_W$0EAA@VCCRTAllocator@ATL@@@ATL@@AAEXXZ 100062ed f i PointCardRW.obj
 0001:000052ed       ?FreeHeap@?$CTempBuffer@_W$0BAA@VCCRTAllocator@ATL@@@ATL@@AAEXXZ 100062ed f i PointCardRW.obj
 0001:000052ed       ?FreeHeap@?$CTempBuffer@E$0BAA@VCCRTAllocator@ATL@@@ATL@@AAEXXZ 100062ed f i PointCardRW.obj
 0001:000052f6       ?GetAmbientLocaleID@CComControlBase@ATL@@QAEJAAK@Z 100062f6 f i PointCardRW.obj
 0001:00005352       ?GetAmbientUserMode@CComControlBase@ATL@@QAEJAAH@Z 10006352 f i PointCardRW.obj
 0001:000053c2       ?GetAt@CComDynamicUnkArray@ATL@@QAEPAUIUnknown@@H@Z 100063c2 f i PointCardRW.obj
 0001:000053de       ?GetClassObject@CComModule@ATL@@QAEJABU_GUID@@0PAPAX@Z 100063de f i PointCardRW.obj
 0001:00005480       ?GetConnMap@COPOSPointCardRW@@SAPBU_ATL_CONNMAP_ENTRY@ATL@@PAH@Z 10006480 f i PointCardRW.obj
 0001:000054f0       ?GetCookie@CComDynamicUnkArray@ATL@@QAGKPAPAUIUnknown@@@Z 100064f0 f i PointCardRW.obj
 0001:00005528       ?GetIDsOfNames@CComTypeInfoHolder@ATL@@QAEJABU_GUID@@PAPA_WIKPAJ@Z 10006528 f i PointCardRW.obj
 0001:0000564f       ?GetKeyAt@?$CSimpleMap@PA_WPA_WVCExpansionVectorEqualHelper@ATL@@@ATL@@QBEAAPA_WH@Z 1000664f f i PointCardRW.obj
 0001:00005674       ?GetPagesHelper@?$ISpecifyPropertyPagesImpl@VCOPOSPointCardRW@@@ATL@@IAEJPAUtagCAUUID@@PBUATL_PROPMAP_ENTRY@2@@Z 10006674 f i PointCardRW.obj
 0001:0000579b       ?GetProperty@?$CComPtr@UIDispatch@@@ATL@@SAJPAUIDispatch@@JPAUtagVARIANT@@@Z 1000679b f i PointCardRW.obj
 0001:000057ea       ?GetSizeMax@CComVariant@ATL@@QBEJPAT_ULARGE_INTEGER@@@Z 100067ea f i PointCardRW.obj
 0001:000059b0       ?GetTI@CComTypeInfoHolder@ATL@@QAEJK@Z 100069b0 f i PointCardRW.obj
 0001:00005b8f       ?GetTI@CComTypeInfoHolder@ATL@@QAEJKPAPAUITypeInfo@@@Z 10006b8f f i PointCardRW.obj
 0001:00005bd1       ?GetUnknown@CComDynamicUnkArray@ATL@@QAGPAUIUnknown@@K@Z 10006bd1 f i PointCardRW.obj
 0001:00005bf2       ?GetValueAt@?$CSimpleMap@PA_WPA_WVCExpansionVectorEqualHelper@ATL@@@ATL@@QBEAAPA_WH@Z 10006bf2 f i PointCardRW.obj
 0001:00005c18       ?GetZoomInfo@CComControlBase@ATL@@QAEXAAUATL_DRAWINFO@@@Z 10006c18 f i PointCardRW.obj
 0001:00005cab       ?HKeyFromString@CRegParser@ATL@@KAPAUHKEY__@@PA_W@Z 10006cab f i PointCardRW.obj
 0001:00005cd9       ?HasSubKeys@CRegParser@ATL@@IAEHPAUHKEY__@@@Z 10006cd9 f i PointCardRW.obj
 0001:00005d0e       ?IDataObject_GetData@CComControlBase@ATL@@QAEJPAUtagFORMATETC@@PAUtagSTGMEDIUM@@@Z 10006d0e f i PointCardRW.obj
 0001:00005eb4       ?IOleInPlaceObject_InPlaceDeactivate@CComControlBase@ATL@@QAEJXZ 10006eb4 f i PointCardRW.obj
 0001:00005f3b       ?IOleInPlaceObject_SetObjectRects@CComControlBase@ATL@@QAEJPBUtagRECT@@0@Z 10006f3b f i PointCardRW.obj
 0001:00006008       ?IOleInPlaceObject_UIDeactivate@CComControlBase@ATL@@QAEJXZ 10007008 f i PointCardRW.obj
 0001:000060ca       ?IOleObject_Advise@CComControlBase@ATL@@QAEJPAUIAdviseSink@@PAK@Z 100070ca f i PointCardRW.obj
 0001:000060f4       ?IOleObject_Close@CComControlBase@ATL@@QAEJK@Z 100070f4 f i PointCardRW.obj
 0001:000061d8       ?IOleObject_GetClientSite@CComControlBase@ATL@@QAEJPAPAUIOleClientSite@@@Z 100071d8 f i PointCardRW.obj
 0001:00006201       ?IOleObject_SetClientSite@CComControlBase@ATL@@QAEJPAUIOleClientSite@@@Z 10007201 f i PointCardRW.obj
 0001:00006240       ?IOleObject_SetExtent@CComControlBase@ATL@@QAEJKPAUtagSIZE@@@Z 10007240 f i PointCardRW.obj
 0001:000062f4       ?IPSI_GetIPersistStreamInit@?$IPersistStorageImpl@VCOPOSPointCardRW@@@ATL@@AAEPAUIPersistStreamInit@@XZ 100072f4 f i PointCardRW.obj
 0001:0000639c       ?IPersistStreamInit_Load@?$IPersistStreamInitImpl@VCOPOSPointCardRW@@@ATL@@QAEJPAUIStream@@PBUATL_PROPMAP_ENTRY@2@@Z 1000739c f i PointCardRW.obj
 0001:00006618       ?IPersistStreamInit_Save@?$IPersistStreamInitImpl@VCOPOSPointCardRW@@@ATL@@QAEJPAUIStream@@HPBUATL_PROPMAP_ENTRY@2@@Z 10007618 f i PointCardRW.obj
 0001:00006806       ?IQuickActivate_QuickActivate@CComControlBase@ATL@@QAEJPAUtagQACONTAINER@@PAUtagQACONTROL@@@Z 10007806 f i PointCardRW.obj
 0001:00006a48       ?IViewObject_Draw@CComControlBase@ATL@@QAEJKJPAXPAUtagDVTARGETDEVICE@@PAUHDC__@@2PBU_RECTL@@3@Z 10007a48 f i PointCardRW.obj
 0001:00006af0       ?InPlaceActivate@CComControlBase@ATL@@QAEJJPBUtagRECT@@@Z 10007af0 f i PointCardRW.obj
 0001:00006d61       ?Init@?$CComEnumImpl@UIEnumConnectionPoints@@$1?_GUID_b196b285_bab4_101a_b69c_00aa00341d07@@3U__s_GUID@@BPAUIConnectionPoint@@V?$_CopyInterface@UIConnectionPoint@@@ATL@@@ATL@@QAEJPAPAUIConnectionPoint@@0PAUIUnknown@@W4CComEnumFlags@2@@Z 10007d61 f i PointCardRW.obj
 0001:00006e40       ?Init@?$CComEnumImpl@UIEnumConnections@@$1?_GUID_b196b287_bab4_101a_b69c_00aa00341d07@@3U__s_GUID@@BUtagCONNECTDATA@@V?$_Copy@UtagCONNECTDATA@@@ATL@@@ATL@@QAEJPAUtagCONNECTDATA@@0PAUIUnknown@@W4CComEnumFlags@2@@Z 10007e40 f i PointCardRW.obj
 0001:00006f1f       ?Init@CComModule@ATL@@QAEJPAU_ATL_OBJMAP_ENTRY30@2@PAUHINSTANCE__@@PBU_GUID@@@Z 10007f1f f i PointCardRW.obj
 0001:00006f7e       ?Init@CDynamicStdCallThunk2@ATL@@QAEHKPAX@Z 10007f7e f i PointCardRW.obj
 0001:00006fa9       ?InlineIsEqualUnknown@ATL@@YGHABU_GUID@@@Z 10007fa9 f i PointCardRW.obj
 0001:00006fd1       ?InternalSetAtIndex@?$CSimpleMap@PA_WPA_WVCExpansionVectorEqualHelper@ATL@@@ATL@@QAEXHABQA_W0@Z 10007fd1 f i PointCardRW.obj
 0001:00006ffb       ?Invoke@CComTypeInfoHolder@ATL@@QAEJPAUIDispatch@@JABU_GUID@@KGPAUtagDISPPARAMS@@PAUtagVARIANT@@PAUtagEXCEPINFO@@PAI@Z 10007ffb f i PointCardRW.obj
 0001:0000703e       ?IsEqualObject@?$CComPtrBase@UITypeInfo@@@ATL@@QAE_NPAUIUnknown@@@Z 1000803e f i PointCardRW.obj
 0001:0000703e       ?IsEqualObject@?$CComPtrBase@UIOleClientSite@@@ATL@@QAE_NPAUIUnknown@@@Z 1000803e f i PointCardRW.obj
 0001:000070ab       ?IsSpace@CRegParser@ATL@@IAEH_W@Z 100080ab f i PointCardRW.obj
 0001:000070d5       ?LoadNameCache@CComTypeInfoHolder@ATL@@QAEJPAUITypeInfo@@@Z 100080d5 f i PointCardRW.obj
 0001:00007221       ?Lookup@?$CSimpleMap@PA_WPA_WVCExpansionVectorEqualHelper@ATL@@@ATL@@QBEPA_WABQA_W@Z 10008221 f i PointCardRW.obj
 0001:00007247       ?NextToken@CRegParser@ATL@@IAEJPA_W@Z 10008247 f i PointCardRW.obj
 0001:0000737f       ?OnKillFocus@CComControlBase@ATL@@QAEJIIJAAH@Z 1000837f f i PointCardRW.obj
 0001:000073da       ?OnMouseActivate@CComControlBase@ATL@@QAEJIIJAAH@Z 100083da f i PointCardRW.obj
 0001:00007448       ?OnPaint@CComControlBase@ATL@@QAEJIIJAAH@Z 10008448 f i PointCardRW.obj
 0001:000074fa       ?OnSetFocus@CComControlBase@ATL@@QAEJIIJAAH@Z 100084fa f i PointCardRW.obj
 0001:00007583       ?Open@CRegKey@ATL@@QAEJPAUHKEY__@@PB_WK@Z 10008583 f i PointCardRW.obj
 0001:000075d8       ?PreProcessBuffer@CRegParser@ATL@@QAEJPA_WPAPA_W@Z 100085d8 f i PointCardRW.obj
 0001:00007842       ?ProcessWindowMessage@?$CComControl@VCOPOSPointCardRW@@V?$CWindowImpl@VCOPOSPointCardRW@@VCWindow@ATL@@V?$CWinTraits@$0FGAAAAAA@$0A@@3@@ATL@@@ATL@@UAEHPAUHWND__@@IIJAAJK@Z 10008842 f i PointCardRW.obj
 0001:000078e1       ?ReadFromStream@CComBSTR@ATL@@QAEJPAUIStream@@@Z 100088e1 f i PointCardRW.obj
 0001:00007a0f       ?ReadFromStream@CComVariant@ATL@@QAEJPAUIStream@@GTClassesAllowedInStream@2@K@Z 10008a0f f i PointCardRW.obj
 0001:00007b95       ?RecurseDeleteKey@CRegKey@ATL@@QAEJPB_W@Z 10008b95 f i PointCardRW.obj
 0001:00007c83       ?RegCreateKeyExW@CAtlTransactionManager@ATL@@QAEJPAUHKEY__@@PB_WKPA_WKKQAU_SECURITY_ATTRIBUTES@@PAPAU3@PAK@Z 10008c83 f i PointCardRW.obj
 0001:00007ce6       ?RegDeleteKeyW@CAtlTransactionManager@ATL@@QAEJPAUHKEY__@@PB_W@Z 10008ce6 f i PointCardRW.obj
 0001:00007d38       ?RegOpenKeyExW@CAtlTransactionManager@ATL@@QAEJPAUHKEY__@@PB_WKKPAPAU3@@Z 10008d38 f i PointCardRW.obj
 0001:00007d8f       ?Register@_ATL_WNDCLASSINFOW@ATL@@QAEGPAP6GJPAUHWND__@@IIJ@Z@Z 10008d8f f i PointCardRW.obj
 0001:00007daf       ?RegisterBuffer@CRegParser@ATL@@QAEJPA_WH@Z 10008daf f i PointCardRW.obj
 0001:00007ee8       ?RegisterFromResource@CRegObject@ATL@@IAEJPB_W00H@Z 10008ee8 f i PointCardRW.obj
 0001:0000801e       ?RegisterServer@?$CAtlModuleT@VCComModule@ATL@@@ATL@@QAEJHPBU_GUID@@@Z 1000901e f i PointCardRW.obj
 0001:0000804c       ?RegisterServer@CComModule@ATL@@QAEJHPBU_GUID@@@Z 1000904c f i PointCardRW.obj
 0001:000080c2       ?RegisterSubkeys@CRegParser@ATL@@IAEJPA_WPAUHKEY__@@HH@Z 100090c2 f i PointCardRW.obj
 0001:00008769       ?Remove@CComDynamicUnkArray@ATL@@QAEHK@Z 10009769 f i PointCardRW.obj
 0001:00008792       ?RemoveAll@?$CSimpleMap@PA_WPA_WVCExpansionVectorEqualHelper@ATL@@@ATL@@QAEXXZ 10009792 f i PointCardRW.obj
 0001:000087be       ?ResourceRegisterSz@CRegObject@ATL@@QAGJPB_W00@Z 100097be f i PointCardRW.obj
 0001:000087eb       ?ResourceUnregisterSz@CRegObject@ATL@@QAGJPB_W00@Z 100097eb f i PointCardRW.obj
 0001:00008818       ?SendOnDataChange@CComControlBase@ATL@@QAEJK@Z 10009818 f i PointCardRW.obj
 0001:00008865       ?SetControlFocus@CComControlBase@ATL@@QAEHH@Z 10009865 f i PointCardRW.obj
 0001:00008902       ?SetMultiStringValue@CRegKey@ATL@@QAEJPB_W0@Z 10009902 f i PointCardRW.obj
 0001:0000895e       ?SetStringValue@CRegKey@ATL@@QAEJPB_W0K@Z 1000995e f i PointCardRW.obj
 0001:000089a7       ?SkipAssignment@CRegParser@ATL@@IAEJPA_W@Z 100099a7 f i PointCardRW.obj
 0001:00008a0c       ?SkipWhiteSpace@CRegParser@ATL@@IAEXXZ 10009a0c f i PointCardRW.obj
 0001:00008a2e       ?StrChrW@CRegParser@ATL@@KAPA_WPA_W_W@Z 10009a2e f i PointCardRW.obj
 0001:00008a6b       ?Term@CAtlModule@ATL@@QAEXXZ 10009a6b f i PointCardRW.obj
 0001:00008abe       ?Term@CComModule@ATL@@QAEXXZ 10009abe f i PointCardRW.obj
 0001:00008b16       ?UnregisterServer@?$CAtlModuleT@VCComModule@ATL@@@ATL@@QAEJHPBU_GUID@@@Z 10009b16 f i PointCardRW.obj
 0001:00008b3c       ?UnregisterServer@CComModule@ATL@@QAEJHPBU_GUID@@@Z 10009b3c f i PointCardRW.obj
 0001:00008bb2       ?UpdateRegistryFromResource@CAtlModule@ATL@@QAGJIHPAU_ATL_REGMAP_ENTRY@2@@Z 10009bb2 f i PointCardRW.obj
 0001:00008d7d       ?UpdateRegistryFromResource@CAtlModule@ATL@@QAGJPB_WHPAU_ATL_REGMAP_ENTRY@2@@Z 10009d7d f i PointCardRW.obj
 0001:00008f4e       ?VTFromRegType@CRegParser@ATL@@KAHPB_WAAG@Z 10009f4e f i PointCardRW.obj
 0001:00008fbb       ?WindowProc@?$CWindowImplBaseT@VCWindow@ATL@@V?$CWinTraits@$0FGAAAAAA@$0A@@2@@ATL@@SGJPAUHWND__@@IIJ@Z 10009fbb f i PointCardRW.obj
 0001:000090ad       ?WriteToStream@CComBSTR@ATL@@QAEJPAUIStream@@@Z 1000a0ad f i PointCardRW.obj
 0001:0000910f       ?WriteToStream@CComVariant@ATL@@QAEJPAUIStream@@@Z 1000a10f f i PointCardRW.obj
 0001:00009289       ?WriteToStream@CComVariant@ATL@@QAEJPAUIStream@@G@Z 1000a289 f i PointCardRW.obj
 0001:000092f2       ?_AtlInitialConstruct@?$CComObjectRootEx@VCComMultiThreadModel@ATL@@@ATL@@QAEJXZ 1000a2f2 f i PointCardRW.obj
 0001:00009307       ?_AtlVerifyStackAvailable@_ATL_SAFE_ALLOCA_IMPL@ATL@@YA_NK@Z 1000a307 f i PointCardRW.obj
 0001:00009385       ?atlCreate@?$CWindowImpl@VCOPOSPointCardRW@@VCWindow@ATL@@V?$CWinTraits@$0FGAAAAAA@$0A@@3@@ATL@@QAEPAUHWND__@@PAU3@V_U_RECT@2@PB_WKKV_U_MENUorID@2@PAX@Z 1000a385 f i PointCardRW.obj
 0001:000093c9       ?atlCreate@?$CWindowImplBaseT@VCWindow@ATL@@V?$CWinTraits@$0FGAAAAAA@$0A@@2@@ATL@@QAEPAUHWND__@@PAU3@V_U_RECT@2@PB_WKKV_U_MENUorID@2@GPAX@Z 1000a3c9 f i PointCardRW.obj
 0001:00009465       ?copy@?$_Copy@UtagCONNECTDATA@@@ATL@@SAJPAUtagCONNECTDATA@@PBU3@@Z 1000a465 f i PointCardRW.obj
 0001:0000949b       ?copy@?$_CopyInterface@UIConnectionPoint@@@ATL@@SAJPAPAUIConnectionPoint@@PBQAU3@@Z 1000a49b f i PointCardRW.obj
 0001:000094c9       ?memcpy_s@Checked@ATL@@YAXPAXIPBXI@Z 1000a4c9 f i PointCardRW.obj
 0001:000094e8       ?ocscpy_s@@YA_NPA_WIPB_W@Z 1000a4e8 f i PointCardRW.obj
 0001:00009532       ?wcscpy_s@Checked@ATL@@YAXPA_WIPB_W@Z 1000a532 f i PointCardRW.obj
 0001:0000954e       _DllCanUnloadNow@0         1000a54e f   PointCardRW.obj
 0001:0000955a       _DllGetClassObject@12      1000a55a f   PointCardRW.obj
 0001:00009568       _DllMain@12                1000a568 f   PointCardRW.obj
 0001:000095aa       _DllRegisterServer@0       1000a5aa f   PointCardRW.obj
 0001:000095b9       _DllUnregisterServer@0     1000a5b9 f   PointCardRW.obj
 0001:000095c8       _InlineIsEqualGUID         1000a5c8 f i PointCardRW.obj
 0001:000095f8       ___local_stdio_printf_options 1000a5f8 f i PointCardRW.obj
 0001:000095fe       __vswprintf_s_l            1000a5fe f i PointCardRW.obj
 0001:000096ab       _swprintf_s                1000a6ab f i PointCardRW.obj
 0001:000096c7       ??0?$CComControl@VCOPOSPointCardRW@@V?$CWindowImpl@VCOPOSPointCardRW@@VCWindow@ATL@@V?$CWinTraits@$0FGAAAAAA@$0A@@3@@ATL@@@ATL@@QAE@XZ 1000a6c7 f i PointCardRWImpl.obj
 0001:000096ee       ??0?$CProxy_IOPOSEvents@VCOPOSPointCardRW@@@@QAE@XZ 1000a6ee f i PointCardRWImpl.obj
 0001:00009711       ??0CComControlBase@ATL@@QAE@AAPAUHWND__@@@Z 1000a711 f i PointCardRWImpl.obj
 0001:0000975b       ??0COPOSPointCardRW@@QAE@XZ 1000a75b f   PointCardRWImpl.obj
 0001:00009791       ??1?$CComControl@VCOPOSPointCardRW@@V?$CWindowImpl@VCOPOSPointCardRW@@VCWindow@ATL@@V?$CWinTraits@$0FGAAAAAA@$0A@@3@@ATL@@@ATL@@UAE@XZ 1000a791 f i PointCardRWImpl.obj
 0001:000097aa       ??1?$IConnectionPointImpl@VCOPOSPointCardRW@@$1?IID_IPropertyNotifySink@@3U_GUID@@BVCComDynamicUnkArray@ATL@@@ATL@@QAE@XZ 1000a7aa f i PointCardRWImpl.obj
 0001:000097aa       ??1?$IConnectionPointImpl@VCOPOSPointCardRW@@$1?DIID__IOPOSPointCardRWEvents@@3U_GUID@@BVCComDynamicUnkArray@ATL@@@ATL@@QAE@XZ 1000a7aa f i PointCardRWImpl.obj
 0001:000097e7       ??1CComControlBase@ATL@@UAE@XZ 1000a7e7 f i PointCardRWImpl.obj
 0001:0000984a       ??1COPOSPointCardRW@@UAE@XZ 1000a84a f   PointCardRWImpl.obj
 0001:00009892       ?BeginInsertion@COPOSPointCardRW@@UAGJJPAJ@Z 1000a892 f   PointCardRWImpl.obj
 0001:000098e1       ?BeginRemoval@COPOSPointCardRW@@UAGJJPAJ@Z 1000a8e1 f   PointCardRWImpl.obj
 0001:00009930       ?CheckHealth@COPOSPointCardRW@@UAGJJPAJ@Z 1000a930 f   PointCardRWImpl.obj
 0001:0000997f       ?ClaimDevice@COPOSPointCardRW@@UAGJJPAJ@Z 1000a97f f   PointCardRWImpl.obj
 0001:000099f4       ?CleanCard@COPOSPointCardRW@@UAGJPAJ@Z 1000a9f4 f   PointCardRWImpl.obj
 0001:00009a0f       ?ClearInput@COPOSPointCardRW@@UAGJPAJ@Z 1000aa0f f   PointCardRWImpl.obj
 0001:00009a2a       ?ClearInputProperties@COPOSPointCardRW@@UAGJPAJ@Z 1000aa2a f   PointCardRWImpl.obj
 0001:00009a45       ?ClearOutput@COPOSPointCardRW@@UAGJPAJ@Z 1000aa45 f   PointCardRWImpl.obj
 0001:00009a60       ?ClearPrintWrite@COPOSPointCardRW@@UAGJJJJJJPAJ@Z 1000aa60 f   PointCardRWImpl.obj
 0001:00009b0c       ?Close@COPOSPointCardRW@@UAGJPAJ@Z 1000ab0c f   PointCardRWImpl.obj
 0001:00009b7a       ?CompareFirmwareVersion@COPOSPointCardRW@@UAGJPA_WPAJ1@Z 1000ab7a f   PointCardRWImpl.obj
 0001:00009bfa       ?DirectIO@COPOSPointCardRW@@UAGJJPAJPAPA_W0@Z 1000abfa f   PointCardRWImpl.obj
 0001:00009ca8       ?DoInvoke@COPOSPointCardRW@@IAEJJPAVOposVariant@@IHPAJ_N@Z 1000aca8 f   PointCardRWImpl.obj
 0001:00009d84       ?EndInsertion@COPOSPointCardRW@@UAGJPAJ@Z 1000ad84 f   PointCardRWImpl.obj
 0001:00009d9f       ?EndRemoval@COPOSPointCardRW@@UAGJPAJ@Z 1000ad9f f   PointCardRWImpl.obj
 0001:00009dba       ?EventClose@COPOSPointCardRW@@IAEXXZ 1000adba f i PointCardRWImpl.obj
 0001:00009ded       ?EventInit@COPOSPointCardRW@@IAEJXZ 1000aded f i PointCardRWImpl.obj
 0001:00009eb9       ?EventUninit@COPOSPointCardRW@@IAEXXZ 1000aeb9 f i PointCardRWImpl.obj
 0001:00009f0b       ?EventWindowProc@COPOSPointCardRW@@IAGJIIJ@Z 1000af0b f i PointCardRWImpl.obj
 0001:0000a009       ?FinalConstruct@COPOSPointCardRW@@QAEJXZ 1000b009 f   PointCardRWImpl.obj
 0001:0000a042       ?FireEventCleanup@COPOSPointCardRW@@IAEXXZ 1000b042 f i PointCardRWImpl.obj
 0001:0000a058       ?FireEventSetup@COPOSPointCardRW@@IAE_NXZ 1000b058 f i PointCardRWImpl.obj
 0001:0000a08c       ?FreezeEvents@COPOSPointCardRW@@MAGJH@Z 1000b08c f   PointCardRWImpl.obj
 0001:0000a0ec       ?GetOposProp@COPOSPointCardRW@@IAEJJPAFJ@Z 1000b0ec f   PointCardRWImpl.obj
 0001:0000a10f       ?GetOposProp@COPOSPointCardRW@@IAEJJPAJJ@Z 1000b10f f   PointCardRWImpl.obj
 0001:0000a1de       ?GetOposProp@COPOSPointCardRW@@IAEJJPAPA_WJ@Z 1000b1de f   PointCardRWImpl.obj
 0001:0000a2ba       ?OnDraw@COPOSPointCardRW@@MAEJAAUATL_DRAWINFO@@@Z 1000b2ba f   PointCardRWImpl.obj
 0001:0000a35a       ?Open@COPOSPointCardRW@@UAGJPA_WPAJ@Z 1000b35a f   PointCardRWImpl.obj
 0001:0000abad       ?PrintWrite@COPOSPointCardRW@@UAGJJJJPA_WPAJ@Z 1000bbad f   PointCardRWImpl.obj
 0001:0000ac5c       ?ReleaseDevice@COPOSPointCardRW@@UAGJPAJ@Z 1000bc5c f   PointCardRWImpl.obj
 0001:0000acab       ?ResetStatistics@COPOSPointCardRW@@UAGJPA_WPAJ@Z 1000bcab f   PointCardRWImpl.obj
 0001:0000ad02       ?RetrieveStatistics@COPOSPointCardRW@@UAGJPAPA_WPAJ@Z 1000bd02 f   PointCardRWImpl.obj
 0001:0000ad59       ?RotatePrint@COPOSPointCardRW@@UAGJJPAJ@Z 1000bd59 f   PointCardRWImpl.obj
 0001:0000ada8       ?SOProcessID@COPOSPointCardRW@@UAGJPAJ@Z 1000bda8 f   PointCardRWImpl.obj
 0001:0000adbc       ?SetCOFreezeEvents@COPOSPointCardRW@@IAEXF@Z 1000bdbc f   PointCardRWImpl.obj
 0001:0000ae5c       ?SetOposProp@COPOSPointCardRW@@IAEJJJJ@Z 1000be5c f   PointCardRWImpl.obj
 0001:0000af53       ?SetOposProp@COPOSPointCardRW@@IAEJJPA_WJ@Z 1000bf53 f   PointCardRWImpl.obj
 0001:0000b054       ?UpdateFirmware@COPOSPointCardRW@@UAGJPA_WPAJ@Z 1000c054 f   PointCardRWImpl.obj
 0001:0000b0ab       ?UpdateStatistics@COPOSPointCardRW@@UAGJPA_WPAJ@Z 1000c0ab f   PointCardRWImpl.obj
 0001:0000b102       ?ValidateData@COPOSPointCardRW@@UAGJPA_WPAJ@Z 1000c102 f   PointCardRWImpl.obj
 0001:0000b159       ?get_BinaryConversion@COPOSPointCardRW@@UAGJPAJ@Z 1000c159 f   PointCardRWImpl.obj
 0001:0000b16f       ?get_CapBold@COPOSPointCardRW@@UAGJPAF@Z 1000c16f f   PointCardRWImpl.obj
 0001:0000b188       ?get_CapCardEntranceSensor@COPOSPointCardRW@@UAGJPAF@Z 1000c188 f   PointCardRWImpl.obj
 0001:0000b1a1       ?get_CapCharacterSet@COPOSPointCardRW@@UAGJPAJ@Z 1000c1a1 f   PointCardRWImpl.obj
 0001:0000b1ba       ?get_CapCleanCard@COPOSPointCardRW@@UAGJPAF@Z 1000c1ba f   PointCardRWImpl.obj
 0001:0000b1d3       ?get_CapClearPrint@COPOSPointCardRW@@UAGJPAF@Z 1000c1d3 f   PointCardRWImpl.obj
 0001:0000b1ec       ?get_CapCompareFirmwareVersion@COPOSPointCardRW@@UAGJPAF@Z 1000c1ec f   PointCardRWImpl.obj
 0001:0000b205       ?get_CapDhigh@COPOSPointCardRW@@UAGJPAF@Z 1000c205 f   PointCardRWImpl.obj
 0001:0000b21e       ?get_CapDwide@COPOSPointCardRW@@UAGJPAF@Z 1000c21e f   PointCardRWImpl.obj
 0001:0000b237       ?get_CapDwideDhigh@COPOSPointCardRW@@UAGJPAF@Z 1000c237 f   PointCardRWImpl.obj
 0001:0000b250       ?get_CapItalic@COPOSPointCardRW@@UAGJPAF@Z 1000c250 f   PointCardRWImpl.obj
 0001:0000b269       ?get_CapLeft90@COPOSPointCardRW@@UAGJPAF@Z 1000c269 f   PointCardRWImpl.obj
 0001:0000b282       ?get_CapMapCharacterSet@COPOSPointCardRW@@UAGJPAF@Z 1000c282 f   PointCardRWImpl.obj
 0001:0000b29b       ?get_CapPowerReporting@COPOSPointCardRW@@UAGJPAJ@Z 1000c29b f   PointCardRWImpl.obj
 0001:0000b2b4       ?get_CapPrint@COPOSPointCardRW@@UAGJPAF@Z 1000c2b4 f   PointCardRWImpl.obj
 0001:0000b2cd       ?get_CapPrintMode@COPOSPointCardRW@@UAGJPAF@Z 1000c2cd f   PointCardRWImpl.obj
 0001:0000b2e6       ?get_CapRight90@COPOSPointCardRW@@UAGJPAF@Z 1000c2e6 f   PointCardRWImpl.obj
 0001:0000b2ff       ?get_CapRotate180@COPOSPointCardRW@@UAGJPAF@Z 1000c2ff f   PointCardRWImpl.obj
 0001:0000b318       ?get_CapStatisticsReporting@COPOSPointCardRW@@UAGJPAF@Z 1000c318 f   PointCardRWImpl.obj
 0001:0000b331       ?get_CapTracksToRead@COPOSPointCardRW@@UAGJPAJ@Z 1000c331 f   PointCardRWImpl.obj
 0001:0000b34a       ?get_CapTracksToWrite@COPOSPointCardRW@@UAGJPAJ@Z 1000c34a f   PointCardRWImpl.obj
 0001:0000b363       ?get_CapUpdateFirmware@COPOSPointCardRW@@UAGJPAF@Z 1000c363 f   PointCardRWImpl.obj
 0001:0000b37c       ?get_CapUpdateStatistics@COPOSPointCardRW@@UAGJPAF@Z 1000c37c f   PointCardRWImpl.obj
 0001:0000b395       ?get_CardState@COPOSPointCardRW@@UAGJPAJ@Z 1000c395 f   PointCardRWImpl.obj
 0001:0000b3ae       ?get_CharacterSet@COPOSPointCardRW@@UAGJPAJ@Z 1000c3ae f   PointCardRWImpl.obj
 0001:0000b3c7       ?get_CharacterSetList@COPOSPointCardRW@@UAGJPAPA_W@Z 1000c3c7 f   PointCardRWImpl.obj
 0001:0000b3e0       ?get_CheckHealthText@COPOSPointCardRW@@UAGJPAPA_W@Z 1000c3e0 f   PointCardRWImpl.obj
 0001:0000b3f9       ?get_Claimed@COPOSPointCardRW@@UAGJPAF@Z 1000c3f9 f   PointCardRWImpl.obj
 0001:0000b40f       ?get_ControlObjectDescription@COPOSPointCardRW@@UAGJPAPA_W@Z 1000c40f f   PointCardRWImpl.obj
 0001:0000b45d       ?get_ControlObjectVersion@COPOSPointCardRW@@UAGJPAJ@Z 1000c45d f   PointCardRWImpl.obj
 0001:0000b470       ?get_DataCount@COPOSPointCardRW@@UAGJPAJ@Z 1000c470 f   PointCardRWImpl.obj
 0001:0000b486       ?get_DataEventEnabled@COPOSPointCardRW@@UAGJPAF@Z 1000c486 f   PointCardRWImpl.obj
 0001:0000b49c       ?get_DeviceDescription@COPOSPointCardRW@@UAGJPAPA_W@Z 1000c49c f   PointCardRWImpl.obj
 0001:0000b4b5       ?get_DeviceEnabled@COPOSPointCardRW@@UAGJPAF@Z 1000c4b5 f   PointCardRWImpl.obj
 0001:0000b4cb       ?get_DeviceName@COPOSPointCardRW@@UAGJPAPA_W@Z 1000c4cb f   PointCardRWImpl.obj
 0001:0000b4e4       ?get_FontTypeFaceList@COPOSPointCardRW@@UAGJPAPA_W@Z 1000c4e4 f   PointCardRWImpl.obj
 0001:0000b4fd       ?get_FreezeEvents@COPOSPointCardRW@@UAGJPAF@Z 1000c4fd f   PointCardRWImpl.obj
 0001:0000b513       ?get_LineChars@COPOSPointCardRW@@UAGJPAJ@Z 1000c513 f   PointCardRWImpl.obj
 0001:0000b52c       ?get_LineCharsList@COPOSPointCardRW@@UAGJPAPA_W@Z 1000c52c f   PointCardRWImpl.obj
 0001:0000b545       ?get_LineHeight@COPOSPointCardRW@@UAGJPAJ@Z 1000c545 f   PointCardRWImpl.obj
 0001:0000b55e       ?get_LineSpacing@COPOSPointCardRW@@UAGJPAJ@Z 1000c55e f   PointCardRWImpl.obj
 0001:0000b577       ?get_LineWidth@COPOSPointCardRW@@UAGJPAJ@Z 1000c577 f   PointCardRWImpl.obj
 0001:0000b590       ?get_MapCharacterSet@COPOSPointCardRW@@UAGJPAF@Z 1000c590 f   PointCardRWImpl.obj
 0001:0000b5a9       ?get_MapMode@COPOSPointCardRW@@UAGJPAJ@Z 1000c5a9 f   PointCardRWImpl.obj
 0001:0000b5c2       ?get_MaxLine@COPOSPointCardRW@@UAGJPAJ@Z 1000c5c2 f   PointCardRWImpl.obj
 0001:0000b5db       ?get_OpenResult@COPOSPointCardRW@@UAGJPAJ@Z 1000c5db f   PointCardRWImpl.obj
 0001:0000b5f2       ?get_OutputID@COPOSPointCardRW@@UAGJPAJ@Z 1000c5f2 f   PointCardRWImpl.obj
 0001:0000b608       ?get_PowerNotify@COPOSPointCardRW@@UAGJPAJ@Z 1000c608 f   PointCardRWImpl.obj
 0001:0000b61e       ?get_PowerState@COPOSPointCardRW@@UAGJPAJ@Z 1000c61e f   PointCardRWImpl.obj
 0001:0000b634       ?get_PrintHeight@COPOSPointCardRW@@UAGJPAJ@Z 1000c634 f   PointCardRWImpl.obj
 0001:0000b64d       ?get_ReadState1@COPOSPointCardRW@@UAGJPAJ@Z 1000c64d f   PointCardRWImpl.obj
 0001:0000b666       ?get_ReadState2@COPOSPointCardRW@@UAGJPAJ@Z 1000c666 f   PointCardRWImpl.obj
 0001:0000b67f       ?get_RecvLength1@COPOSPointCardRW@@UAGJPAJ@Z 1000c67f f   PointCardRWImpl.obj
 0001:0000b698       ?get_RecvLength2@COPOSPointCardRW@@UAGJPAJ@Z 1000c698 f   PointCardRWImpl.obj
 0001:0000b6b1       ?get_ResultCode@COPOSPointCardRW@@UAGJPAJ@Z 1000c6b1 f   PointCardRWImpl.obj
 0001:0000b6ef       ?get_ResultCodeExtended@COPOSPointCardRW@@UAGJPAJ@Z 1000c6ef f   PointCardRWImpl.obj
 0001:0000b705       ?get_ServiceObjectDescription@COPOSPointCardRW@@UAGJPAPA_W@Z 1000c705 f   PointCardRWImpl.obj
 0001:0000b71e       ?get_ServiceObjectVersion@COPOSPointCardRW@@UAGJPAJ@Z 1000c71e f   PointCardRWImpl.obj
 0001:0000b734       ?get_SidewaysMaxChars@COPOSPointCardRW@@UAGJPAJ@Z 1000c734 f   PointCardRWImpl.obj
 0001:0000b74d       ?get_SidewaysMaxLines@COPOSPointCardRW@@UAGJPAJ@Z 1000c74d f   PointCardRWImpl.obj
 0001:0000b766       ?get_State@COPOSPointCardRW@@UAGJPAJ@Z 1000c766 f   PointCardRWImpl.obj
 0001:0000b792       ?get_Track1Data@COPOSPointCardRW@@UAGJPAPA_W@Z 1000c792 f   PointCardRWImpl.obj
 0001:0000b7ab       ?get_Track2Data@COPOSPointCardRW@@UAGJPAPA_W@Z 1000c7ab f   PointCardRWImpl.obj
 0001:0000b7c4       ?get_Track3Data@COPOSPointCardRW@@UAGJPAPA_W@Z 1000c7c4 f   PointCardRWImpl.obj
 0001:0000b7dd       ?get_Track4Data@COPOSPointCardRW@@UAGJPAPA_W@Z 1000c7dd f   PointCardRWImpl.obj
 0001:0000b7f6       ?get_Track5Data@COPOSPointCardRW@@UAGJPAPA_W@Z 1000c7f6 f   PointCardRWImpl.obj
 0001:0000b80f       ?get_Track6Data@COPOSPointCardRW@@UAGJPAPA_W@Z 1000c80f f   PointCardRWImpl.obj
 0001:0000b828       ?get_TracksToRead@COPOSPointCardRW@@UAGJPAJ@Z 1000c828 f   PointCardRWImpl.obj
 0001:0000b841       ?get_TracksToWrite@COPOSPointCardRW@@UAGJPAJ@Z 1000c841 f   PointCardRWImpl.obj
[...]
 0002:000034e8       ?_mb_locale_names@@3QBQB_WB 100234e8     libucrt:mbctype.obj
 0002:00003d30       ?LcidToLocaleNameTable@?A0x881e4c05@@3QBULcidToLocaleName@1@B 10023d30     libucrt:lcidtoname_downlevel.obj
 0002:00004e58       ?LocaleNameToIndexTable@?A0x881e4c05@@3QBULocaleNameIndex@1@B 10024e58     libucrt:lcidtoname_downlevel.obj
 0002:000066b0       ?large_power_indices@?1??multiply_by_power_of_ten@__crt_strtox@@YA_NAAUbig_integer@2@I@Z@4QBUunpack_index@?1??12@YA_N0I@Z@B 100266b0     libucrt:cfout.obj
 0002:00006790       LOG_name                   10026790     libucrt:log10_impl.obj
 0002:000067a0       _One                       100267a0     libucrt:ceil_pentium4.obj
 0002:000067b0       _Bns                       100267b0     libucrt:ceil_pentium4.obj
 0002:000067c0       _Zero                      100267c0     libucrt:ceil_pentium4.obj
 0002:000067d0       _S                         100267d0     libucrt:ceil_pentium4.obj
 0002:000067e0       _NegZero                   100267e0     libucrt:ceil_pentium4.obj
 0002:000067f0       emask                      100267f0     libucrt:log10_pentium4.obj
 0002:00006800       CC                         10026800     libucrt:log10_pentium4.obj
 0002:00006810       Magic                      10026810     libucrt:log10_pentium4.obj
 0002:00006820       hi_mask                    10026820     libucrt:log10_pentium4.obj
 0002:00006830       LOG10_2                    10026830     libucrt:log10_pentium4.obj
 0002:00006840       place_L                    10026840     libucrt:log10_pentium4.obj
 0002:00006860       One                        10026860     libucrt:log10_pentium4.obj
 0002:00006870       Zero                       10026870     libucrt:log10_pentium4.obj
 0002:00006880       Two52                      10026880     libucrt:log10_pentium4.obj
 0002:00006890       Infs                       10026890     libucrt:log10_pentium4.obj
 0002:000068a0       NaN                        100268a0     libucrt:log10_pentium4.obj
 0002:000068b0       coeff                      100268b0     libucrt:log10_pentium4.obj
 0002:0000690e       _log2max                   1002690e     libucrt:87tran.obj
 0002:00006918       _smallarg                  10026918     libucrt:87tran.obj
 0002:00006922       _half                      10026922     libucrt:87tran.obj
 0002:0000696e       One                        1002696e     libucrt:87disp.obj
 0002:00006976       Three                      10026976     libucrt:87disp.obj
 0002:0000697e       XAMtoTagTab                1002697e     libucrt:87disp.obj
 0002:00006990       One                        10026990     libucrt:common.obj
 0002:000069a4       DblMax                     100269a4     libucrt:common.obj
 0002:000069ac       DblMin                     100269ac     libucrt:common.obj
 0002:000069b4       IeeeAdjO                   100269b4     libucrt:common.obj
 0002:000069bc       IeeeAdjU                   100269bc     libucrt:common.obj
 0002:000069c4       _infinity                  100269c4     libucrt:common.obj
 0002:000069cc       _zero                      100269cc     libucrt:common.obj
 0002:00006a18       _over                      10026a18     libucrt:fpctrl.obj
 0002:00006a24       _under                     10026a24     libucrt:fpctrl.obj
 0002:00007258       ?_names@?1??_get_fname@@9@9 10027258     libucrt:fpexcept.obj
 0002:00007400       two32                      10027400     LIBCMT:ftol2.obj
 0002:00007404       two63                      10027404     LIBCMT:ftol2.obj
 0002:00007408       _NaN                       10027408     LIBCMT:ftol2.obj
 0002:00007ab8       __sehtable$?_AtlVerifyStackAvailable@_ATL_SAFE_ALLOCA_IMPL@ATL@@YA_NK@Z 10027ab8     PointCardRW.obj
 0002:00007ad8       __sehtable$___scrt_is_nonwritable_in_current_image 10027ad8     LIBCMT:utility.obj
 0002:00007af4       __catchsym$??2@YAPAXIABUnothrow_t@std@@@Z$2 10027af4     LIBCMT:new_scalar_nothrow.obj
 0002:00007b04       __unwindtable$??2@YAPAXIABUnothrow_t@std@@@Z 10027b04     LIBCMT:new_scalar_nothrow.obj
 0002:00007b14       __tryblocktable$??2@YAPAXIABUnothrow_t@std@@@Z 10027b14     LIBCMT:new_scalar_nothrow.obj
 0002:00007b28       __ehfuncinfo$??2@YAPAXIABUnothrow_t@std@@@Z 10027b28     LIBCMT:new_scalar_nothrow.obj
 0002:00007b50       __sehtable$?dllmain_crt_process_attach@@YAHQAUHINSTANCE__@@QAX@Z 10027b50     LIBCMT:dll_dllmain.obj
 0002:00007b70       __sehtable$?dllmain_crt_process_detach@@YAH_N@Z 10027b70     LIBCMT:dll_dllmain.obj
 0002:00007b98       __sehtable$?dllmain_dispatch@@YAHQAUHINSTANCE__@@KQAX@Z 10027b98     LIBCMT:dll_dllmain.obj
 0002:00007c48       __sehtable$___DestructExceptionObject 10027c48     libvcruntime:ehhelpers.obj
 0002:00007c68       __sehtable$?FrameUnwindToState@__FrameHandler3@@SAXPAUEHRegistrationNode@@PAXPBU_s_FuncInfo@@H@Z 10027c68     libvcruntime:frame.obj
 0002:00007c90       __sehtable$?CallCatchBlock@@YAPAXPAUEHExceptionRecord@@PAUEHRegistrationNode@@PAU_CONTEXT@@PBU_s_FuncInfo@@PAXHK@Z 10027c90     libvcruntime:frame.obj
 0002:00007cb8       __catchsym$?CallUnexpected@@YAXPBU_s_ESTypeList@@@Z$2 10027cb8     libvcruntime:frame.obj
 0002:00007cc8       __unwindtable$?CallUnexpected@@YAXPBU_s_ESTypeList@@@Z 10027cc8     libvcruntime:frame.obj
 0002:00007cd8       __tryblocktable$?CallUnexpected@@YAXPBU_s_ESTypeList@@@Z 10027cd8     libvcruntime:frame.obj
 0002:00007cec       __ehfuncinfo$?CallUnexpected@@YAXPBU_s_ESTypeList@@@Z 10027cec     libvcruntime:frame.obj
 0002:00007d10       __sehtable$??$BuildCatchObjectHelperInternal@V__FrameHandler3@@@@YAHPAUEHExceptionRecord@@PAXPBU_s_HandlerType@@PBU_s_CatchableType@@@Z 10027d10     libvcruntime:frame.obj
 0002:00007d30       __sehtable$??$BuildCatchObjectInternal@V__FrameHandler3@@@@YAXPAUEHExceptionRecord@@PAXPBU_s_HandlerType@@PBU_s_CatchableType@@@Z 10027d30     libvcruntime:frame.obj
 0002:00007d88       __sehtable$??R<lambda_6e4b09c48022b2350581041d5f6b0c4c>@@QBE@XZ 10027d88     libucrt:exit.obj
 0002:00007da8       __sehtable$??$?RV<lambda_03b1d95aef87969028cfba75ccab2455>@@AAV<lambda_6e4b09c48022b2350581041d5f6b0c4c>@@V<lambda_22bdf7517842c4b3e53723af5aa32b9e>@@@?$__crt_seh_guarded_call@X@@QAEX$$QAV<lambda_03b1d95aef87969028cfba75ccab2455>@@AAV<lambda_6e4b09c48022b2350581041d5f6b0c4c>@@$$QAV<lambda_22bdf7517842c4b3e53723af5aa32b9e>@@@Z 10027da8     libucrt:exit.obj
 0002:00007dc8       __sehtable$??$?RV<lambda_8e746cf0007f6ed984d6f78af1fec997>@@AAV<lambda_22ebabd17bc4fa466a2aca6d8deb888d>@@V<lambda_18ed0c0b38a6dc0daf1e7ac6d6adf05e>@@@?$__crt_seh_guarded_call@H@@QAEH$$QAV<lambda_8e746cf0007f6ed984d6f78af1fec997>@@AAV<lambda_22ebabd17bc4fa466a2aca6d8deb888d>@@$$QAV<lambda_18ed0c0b38a6dc0daf1e7ac6d6adf05e>@@@Z 10027dc8     libucrt:onexit.obj
 0002:00007de8       __sehtable$??$?RV<lambda_69a2805e680e0e292e8ba93315fe43a8>@@AAV<lambda_f03950bc5685219e0bcd2087efbe011e>@@V<lambda_03fcd07e894ec930e3f35da366ca99d6>@@@?$__crt_seh_guarded_call@H@@QAEH$$QAV<lambda_69a2805e680e0e292e8ba93315fe43a8>@@AAV<lambda_f03950bc5685219e0bcd2087efbe011e>@@$$QAV<lambda_03fcd07e894ec930e3f35da366ca99d6>@@@Z 10027de8     libucrt:onexit.obj
 0002:00007e08       __sehtable$__query_new_handler 10027e08     libucrt:new_handler.obj
 0002:00007e28       __sehtable$_terminate      10027e28     libucrt:terminate.obj
 0002:00007e48       __sehtable$??$?RV<lambda_15ade71b0218206bbe3333a0c9b79046>@@AAV<lambda_da44e0f8b0f19ba52fefafb335991732>@@V<lambda_207f2d024fc103971653565357d6cd41>@@@?$__crt_seh_guarded_call@X@@QAEX$$QAV<lambda_15ade71b0218206bbe3333a0c9b79046>@@AAV<lambda_da44e0f8b0f19ba52fefafb335991732>@@$$QAV<lambda_207f2d024fc103971653565357d6cd41>@@@Z 10027e48     libucrt:per_thread_data.obj
 0002:00007e68       __sehtable$??$?RV<lambda_a7e850c220f1c8d1e6efeecdedd162c6>@@AAV<lambda_46720907175c18b6c9d2717bc0d2d362>@@V<lambda_9048902d66e8d99359bc9897bbb930a8>@@@?$__crt_seh_guarded_call@X@@QAEX$$QAV<lambda_a7e850c220f1c8d1e6efeecdedd162c6>@@AAV<lambda_46720907175c18b6c9d2717bc0d2d362>@@$$QAV<lambda_9048902d66e8d99359bc9897bbb930a8>@@@Z 10027e68     libucrt:per_thread_data.obj
 0002:00007e88       __sehtable$??$?RV<lambda_38edbb1296d33220d7e4dd0ed76b244a>@@AAV<lambda_5ce1d447e08cb34b2473517608e21441>@@V<lambda_fb385d3da700c9147fc39e65dd577a8c>@@@?$__crt_seh_guarded_call@X@@QAEX$$QAV<lambda_38edbb1296d33220d7e4dd0ed76b244a>@@AAV<lambda_5ce1d447e08cb34b2473517608e21441>@@$$QAV<lambda_fb385d3da700c9147fc39e65dd577a8c>@@@Z 10027e88     libucrt:per_thread_data.obj
 0002:00007ea8       __sehtable$??$?RV<lambda_6affb1475c98b40b75cdec977db92e3c>@@AAV<lambda_b8d4b9c228a6ecc3f80208dbb4b4a104>@@V<lambda_608742c3c92a14382c1684fc64f96c88>@@@?$__crt_seh_guarded_call@X@@QAEX$$QAV<lambda_6affb1475c98b40b75cdec977db92e3c>@@AAV<lambda_b8d4b9c228a6ecc3f80208dbb4b4a104>@@$$QAV<lambda_608742c3c92a14382c1684fc64f96c88>@@@Z 10027ea8     libucrt:per_thread_data.obj
 0002:00007ec8       __sehtable$??$?RV<lambda_e5124f882df8998aaf41531e079ba474>@@AAV<lambda_3e16ef9562a7dcce91392c22ab16ea36>@@V<lambda_e25ca0880e6ef98be67edffd8c599615>@@@?$__crt_seh_guarded_call@X@@QAEX$$QAV<lambda_e5124f882df8998aaf41531e079ba474>@@AAV<lambda_3e16ef9562a7dcce91392c22ab16ea36>@@$$QAV<lambda_e25ca0880e6ef98be67edffd8c599615>@@@Z 10027ec8     libucrt:wsetlocale.obj
 0002:00007ee8       __sehtable$___acrt_initialize_lowio 10027ee8     libucrt:ioinit.obj
 0002:00007f08       __sehtable$?update_thread_multibyte_data_internal@@YAPAU__crt_multibyte_data@@QAU__acrt_ptd@@QAPAU1@@Z 10027f08     libucrt:mbctype.obj
 0002:00007f28       __sehtable$??$?RV<lambda_ceb1ee4838e85a9d631eb091e2fbe199>@@AAV<lambda_ae742caa10f662c28703da3d2ea5e57e>@@V<lambda_cd08b5d6af4937fe54fc07d0c9bf6b37>@@@?$__crt_seh_guarded_call@X@@QAEX$$QAV<lambda_ceb1ee4838e85a9d631eb091e2fbe199>@@AAV<lambda_ae742caa10f662c28703da3d2ea5e57e>@@$$QAV<lambda_cd08b5d6af4937fe54fc07d0c9bf6b37>@@@Z 10027f28     libucrt:mbctype.obj
 0002:00007f48       __sehtable$_raise          10027f48     libucrt:signal.obj
 0002:00007f68       __sehtable$??$?RV<lambda_cbab9ec6f41b0180b23cc171c22676b0>@@AAV<lambda_44731a7d0e6d81c3e6aa82d741081786>@@V<lambda_4b292cb8dd18144e164572427af410ab>@@@?$__crt_seh_guarded_call@P6AXH@Z@@QAEP6AXH@Z$$QAV<lambda_cbab9ec6f41b0180b23cc171c22676b0>@@AAV<lambda_44731a7d0e6d81c3e6aa82d741081786>@@$$QAV<lambda_4b292cb8dd18144e164572427af410ab>@@@Z 10027f68     libucrt:signal.obj
 0002:00007f88       __sehtable$??$?RV<lambda_2866be3712abc81a800a822484c830d8>@@AAV<lambda_39ca0ed439415581b5b15c265174cece>@@V<lambda_2b24c74d71094a6cd0cb82e44167d71b>@@@?$__crt_seh_guarded_call@X@@QAEX$$QAV<lambda_2866be3712abc81a800a822484c830d8>@@AAV<lambda_39ca0ed439415581b5b15c265174cece>@@$$QAV<lambda_2b24c74d71094a6cd0cb82e44167d71b>@@@Z 10027f88     libucrt:fflush.obj
 0002:00007fa8       __sehtable$??$?RV<lambda_2cc53f568c5a2bb6f192f930a45d44ea>@@AAV<lambda_ab61a845afdef5b7c387490eaf3616ee>@@V<lambda_c2ffc0b7726aa6be21d5f0026187e748>@@@?$__crt_seh_guarded_call@X@@QAEX$$QAV<lambda_2cc53f568c5a2bb6f192f930a45d44ea>@@AAV<lambda_ab61a845afdef5b7c387490eaf3616ee>@@$$QAV<lambda_c2ffc0b7726aa6be21d5f0026187e748>@@@Z 10027fa8     libucrt:fflush.obj
 0002:00007fc8       __sehtable$___acrt_update_thread_locale_data 10027fc8     libucrt:locale_refcounting.obj
 0002:00007fe8       __sehtable$__fcloseall     10027fe8     libucrt:closeall.obj
 0002:00008008       __sehtable$___acrt_lowio_ensure_fh_exists 10028008     libucrt:osfinfo.obj
 0002:00008028       __sehtable$??$?RV<lambda_9e9de3de5fa147e2223d7db92bc10aa6>@@AAV<lambda_38ce7e780aa69e748d6df282ebc68efe>@@V<lambda_8ca6da459f0f6780f1cff60fdc3d00e5>@@@?$__crt_seh_guarded_call@H@@QAEH$$QAV<lambda_9e9de3de5fa147e2223d7db92bc10aa6>@@AAV<lambda_38ce7e780aa69e748d6df282ebc68efe>@@$$QAV<lambda_8ca6da459f0f6780f1cff60fdc3d00e5>@@@Z 10028028     libucrt:commit.obj
 0002:00008048       __sehtable$__write         10028048     libucrt:write.obj
 0002:00008068       __sehtable$_fclose         10028068     libucrt:fclose.obj
 0002:00008088       __sehtable$??$?RV<lambda_218ce3db14220d0be481dae8ef3383b6>@@AAV<lambda_628dfdc04ba53c8bfc02c9951375f3f5>@@V<lambda_57dc472bd5c9d5f3b2cbca59b8a843ae>@@@?$__crt_seh_guarded_call@H@@QAEH$$QAV<lambda_218ce3db14220d0be481dae8ef3383b6>@@AAV<lambda_628dfdc04ba53c8bfc02c9951375f3f5>@@$$QAV<lambda_57dc472bd5c9d5f3b2cbca59b8a843ae>@@@Z 10028088     libucrt:close.obj
 0002:000080a8       __sehtable$__IsNonwritableInCurrentImage 100280a8     LIBCMT:pesect.obj
 0002:000080d0       .edata                     100280d0     OPOSPointCardRW.exp
 0002:000080f8       rgpv                       100280f8     OPOSPointCardRW.exp
 0002:00008108       rgszName                   10028108     OPOSPointCardRW.exp
 0002:00008118       rgwOrd                     10028118     OPOSPointCardRW.exp
 0002:00008120       szName                     10028120     OPOSPointCardRW.exp
 0002:00008134       $N00001                    10028134     OPOSPointCardRW.exp
 0002:00008144       $N00002                    10028144     OPOSPointCardRW.exp
 0002:00008156       $N00003                    10028156     OPOSPointCardRW.exp
 0002:00008168       $N00004                    10028168     OPOSPointCardRW.exp
 0002:00008776       .idata$6                   10028776     kernel32:KERNEL32.dll
 0002:0000898a       .idata$6                   1002898a     user32:USER32.dll
 0002:00008abe       .idata$6                   10028abe     gdi32:GDI32.dll
 0002:00008b64       .idata$6                   10028b64     advapi32:ADVAPI32.dll
 0002:00008c80       .idata$6                   10028c80     ole32:ole32.dll
 0002:00008c8a       .idata$6                   10028c8a     oleaut32:OLEAUT32.dll
 0003:00000110       ?ObjectMap@@3PAU_ATL_OBJMAP_ENTRY30@ATL@@A 1002a110     PointCardRW.obj
 0003:000001d0       ?s_SOMethodNames@@3PAPADA  1002a1d0     PointCardRWImpl.obj
 0003:00000244       ?s_RequiredMethodsPerRelease@@3PAHA 1002a244     PointCardRWImpl.obj
 0003:00000280       ?__vcrt_flsindex@@3KA      1002a280     libvcruntime:per_thread_data.obj
 0003:000002a0       ?errno_no_memory@@3HA      1002a2a0     libucrt:errno.obj
 0003:000002a4       ?doserrno_no_memory@@3KA   1002a2a4     libucrt:errno.obj
 0003:000002b0       ?__acrt_flsindex@@3KA      1002a2b0     libucrt:per_thread_data.obj
 0003:00000648       __mbctypes                 1002a648     libucrt:mbctype.obj
 0003:00000750       __mbcasemaps               1002a750     libucrt:mbctype.obj
 0003:00000850       ?__rgctypeflag@@3PADA      1002a850     libucrt:mbctype.obj
 0003:00000858       ?__rgcode_page_info@@3PAUcode_page_info@@A 1002a858     libucrt:mbctype.obj
 0003:00000ab0       ?__dcrt_lowio_console_output_handle@@3PAXA 1002aab0     libucrt:initcon.obj
 0003:00000c48       ?is_initialized_as_dll@@3_NA 1002ac48     LIBCMT:utility.obj
 0003:00000c49       ?module_local_atexit_table_initialized@@3_NA 1002ac49     LIBCMT:utility.obj
 0003:00000c4c       ?module_local_atexit_table@@3U_onexit_table_t@@A 1002ac4c     LIBCMT:utility.obj
 0003:00000c58       ?module_local_at_quick_exit_table@@3U_onexit_table_t@@A 1002ac58     LIBCMT:utility.obj
 0003:00000c64       ?g_tss_cv@@3U_RTL_CONDITION_VARIABLE@@A 1002ac64     LIBCMT:thread_safe_statics.obj
 0003:00000c68       ?g_tss_event@@3PAXA        1002ac68     LIBCMT:thread_safe_statics.obj
 0003:00000c6c       ?g_tss_mutex@@3U_RTL_CRITICAL_SECTION@@A 1002ac6c     LIBCMT:thread_safe_statics.obj
 0003:00000c84       ?g_sleep_condition_variable_cs@@3P6GHPAU_RTL_CONDITION_VARIABLE@@PAU_RTL_CRITICAL_SECTION@@K@ZA 1002ac84     LIBCMT:thread_safe_statics.obj
 0003:00000c88       ?g_wake_all_condition_variable@@3P6GXPAU_RTL_CONDITION_VARIABLE@@@ZA 1002ac88     LIBCMT:thread_safe_statics.obj
 0003:00000c90       _GS_ExceptionRecord        1002ac90     LIBCMT:gs_report.obj
 0003:00000ce0       _GS_ContextRecord          1002ace0     LIBCMT:gs_report.obj
 0003:00000fb0       ?__proc_attached@@3HA      1002afb0     LIBCMT:dll_dllmain.obj
 0003:0000100c       ?AllocateData@@3P6GPAUAtlThunkData_t@@XZA 1002b00c     atls:atlthunk.obj
 0003:00001010       ?InitData@@3P6GXPAUAtlThunkData_t@@PAXI@ZA 1002b010     atls:atlthunk.obj
 0003:00001014       ?DataToCode@@3P6GP6GJPAUHWND__@@IIJ@ZPAUAtlThunkData_t@@@ZA 1002b014     atls:atlthunk.obj
 0003:00001018       ?FreeData@@3P6GXPAUAtlThunkData_t@@@ZA 1002b018     atls:atlthunk.obj
 0003:0000101c       ?Initialized@@3_NA         1002b01c     atls:atlthunk.obj
 0003:0000102c       ?__vcrt_startup_thread_ptd@@3U__vcrt_ptd@@A 1002b02c     libvcruntime:per_thread_data.obj
 0003:00001054       ___vcrt_lock_table         1002b054     libvcruntime:locks.obj
 0003:0000106c       ___vcrt_locks_initialized  1002b06c     libvcruntime:locks.obj
 0003:00001098       ?heap@@3V_HeapManager@@A   1002b098     libvcruntime:undname.obj
 0003:000010ac       ?module_handles@@3PAPAUHINSTANCE__@@A 1002b0ac     libvcruntime:winapi_downlevel.obj
 0003:000010b8       ?function_pointers@@3PAPAXA 1002b0b8     libvcruntime:winapi_downlevel.obj
 0003:000010cc       ?__acrt_invalid_parameter_handler@@3V?$dual_state_global@P6AXPB_W00II@Z@__crt_state_management@@A 1002b0cc     libucrt:invalid_parameter.obj
 0003:000010d0       ?c_termination_complete@@3JA 1002b0d0     libucrt:exit.obj
 0003:000010d4       ?thread_local_exit_callback_func@@3P6GXPAXK0@ZA 1002b0d4     libucrt:exit.obj
 0003:000010e0       ?program_name@?1???$common_configure_argv@D@@YAHW4_crt_argv_mode@@@Z@4PADA 1002b0e0     libucrt:argv_parsing.obj
 0003:00001210       ?__acrt_new_handler@@3V?$dual_state_global@P6AHI@Z@__crt_state_management@@A 1002b210     libucrt:new_handler.obj
 0003:00001218       ?module_handles@@3PAPAUHINSTANCE__@@A 1002b218     libucrt:winapi_thunks.obj
 0003:00001268       ?encoded_function_pointers@@3PAPAXA 1002b268     libucrt:winapi_thunks.obj
 0003:000012f0       ?internal_state@?1??_mbtowc_l@@9@4U_Mbstatet@@A 1002b2f0     libucrt:mbtowc.obj
 0003:00001300       ?enable_percent_n@@3IA     1002b300     libucrt:printf_count_output.obj
 0003:00001520       ?__acrt_lock_table@@3PAU_RTL_CRITICAL_SECTION@@A 1002b520     libucrt:locks.obj
 0003:00001670       ?__acrt_locks_initialized@@3IA 1002b670     libucrt:locks.obj
 0003:00001680       ?fSystemSet@@3HA           1002b680     libucrt:mbctype.obj
 0003:00001684       ?initialized@?1??__acrt_initialize_multibyte@@9@4_NA 1002b684     libucrt:mbctype.obj
 0003:000016a4       ?ctrlc_action@@3V?$dual_state_global@P6AXH@Z@__crt_state_management@@A 1002b6a4     libucrt:signal.obj
 0003:000016a8       ?ctrlbreak_action@@3V?$dual_state_global@P6AXH@Z@__crt_state_management@@A 1002b6a8     libucrt:signal.obj
 0003:000016ac       ?abort_action@@3V?$dual_state_global@P6AXH@Z@__crt_state_management@@A 1002b6ac     libucrt:signal.obj
 0003:000016b0       ?term_action@@3V?$dual_state_global@P6AXH@Z@__crt_state_management@@A 1002b6b0     libucrt:signal.obj
 0003:000016b4       ?user_matherr@@3V?$dual_state_global@P6AHPAU_exception@@@Z@__crt_state_management@@A 1002b6b4     libucrt:matherr.obj
 0003:000016b8       ?__acrt_global_new_mode@@3V?$dual_state_global@J@__crt_state_management@@A 1002b6b8     libucrt:new_mode.obj
 0003:000016c4       ?internal_pst@?1??__mbrtoc32_utf8@__crt_mbstring@@YAIPA_UPBDIPAU_Mbstatet@@@Z@4U3@A 1002b6c4     libucrt:mbrtoc32.obj
 0003:000016cc       ?__acrt_app_type@@3W4_crt_app_type@@A 1002b6cc     libucrt:report_runtime_error.obj
 0003:000016d4       __pmatherr_set             1002b6d4     libucrt:libm_error.obj
 0004:00000220       $R000000                   1002c220     PointCardRW.res
 0004:00000bc0       $R0009A0                   1002cbc0     PointCardRW.res
 0004:00000ca8       $R000A88                   1002cca8     PointCardRW.res
 0004:00000f10       $R000CF0                   1002cf10     PointCardRW.res
 0004:00001480       $R001260                   1002d480     PointCardRW.res
 0004:00005e58       $R005C38                   10031e58     PointCardRW.res
 0004:00005e90       $R005C70                   10031e90     PointCardRW.res
