 OPOSPINPad

 Timestamp is 61a75aee (Wed Dec  1 20:22:22 2021)

 Preferred load address is 10000000

 Start         Length     Name                   Class
 0001:00000000 00000080H .text$di                CODE
 0001:00000080 0001f168H .text$mn                CODE
 0001:0001f1e8 000000d8H .text$x                 CODE
 0001:0001f2c0 00000042H .text$yd                CODE
 0002:00000000 000002fcH .idata$5                DATA
 0002:000002fc 00000008H .00cfg                  DATA
 0002:00000304 00000004H .CRT$XCA                DATA
 0002:00000308 00000004H .CRT$XCL                DATA
 0002:0000030c 00000010H .CRT$XCU                DATA
 0002:0000031c 00000004H .CRT$XCZ                DATA
 0002:00000320 00000004H .CRT$XIA                DATA
 0002:00000324 00000010H .CRT$XIC                DATA
 0002:00000334 00000004H .CRT$XIZ                DATA
 0002:00000338 00000004H .CRT$XLA                DATA
 0002:0000033c 00000004H .CRT$XLZ                DATA
 0002:00000340 00000004H .CRT$XPA                DATA
 0002:00000344 00000008H .CRT$XPX                DATA
 0002:0000034c 00000004H .CRT$XPXA               DATA
 0002:00000350 00000004H .CRT$XPZ                DATA
 0002:00000354 00000004H .CRT$XTA                DATA
 0002:00000358 00000008H .CRT$XTZ                DATA
 0002:0000035c 00000000H .gfids$y                DATA
 0002:00000360 00006f60H .rdata                  DATA
 0002:000072c0 00000000H .rdata$CastGuardVftablesA DATA
 0002:000072c0 00000000H .rdata$CastGuardVftablesC DATA
 0002:000072c0 00000018H .rdata$T                DATA
 0002:000072d8 00000178H .rdata$r                DATA
 0002:00007450 0000002cH .rdata$sxdata           DATA
 0002:0000747c 00000030H .rdata$voltmd           DATA
 0002:000074ac 00000408H .rdata$zzzdbg           DATA
 0002:000078b4 00000004H .rtc$IAA                DATA
 0002:000078b8 00000004H .rtc$IZZ                DATA
 0002:000078bc 00000004H .rtc$TAA                DATA
 0002:000078c0 00000004H .rtc$TZZ                DATA
 0002:000078c4 00000004H .tls                    DATA
 0002:000078c8 00000004H .tls$                   DATA
 0002:000078cc 00000004H .tls$ZZZ                DATA
 0002:000078d0 000006dcH .xdata$x                DATA
 0002:00007fac 00000004H ATL$__a                 DATA
 0002:00007fb0 00000010H ATL$__z                 DATA
 0002:00007fc0 000000a8H .edata                  DATA
 0002:00008068 00000078H .idata$2                DATA
 0002:000080e0 00000014H .idata$3                DATA
 0002:000080f4 000002fcH .idata$4                DATA
 0002:000083f0 00000bceH .idata$6                DATA
 0003:00000000 00000ac0H .data                   DATA
 0003:00000ac0 00000080H .data$r                 DATA
 0003:00000b40 00000018H .data$rs                DATA
 0003:00000b58 00000b80H .bss                    DATA
 0004:00000000 00000220H .rsrc$01                DATA
 0004:00000220 00004ba8H .rsrc$02                DATA

  Address         Publics by Value              Rva+Base       Lib:Object

 0000:00000000       ___guard_fids_count        00000000     <absolute>
 0000:00000000       ___guard_longjmp_table     00000000     <absolute>
 0000:00000000       ___guard_eh_cont_table     00000000     <absolute>
 0000:00000000       ___arm64x_extra_rfe_table  00000000     <absolute>
 0000:00000000       ___arm64x_redirection_metadata 00000000     <absolute>
 0000:00000000       ___guard_iat_count         00000000     <absolute>
 0000:00000000       ___guard_eh_cont_count     00000000     <absolute>
 0000:00000000       __except_list              00000000     <absolute>
 0000:00000000       ___x64_code_ranges_to_entry_points_count 00000000     <absolute>
 0000:00000000       ___hybrid_code_map_count   00000000     <absolute>
 0000:00000000       ___x64_code_ranges_to_entry_points 00000000     <absolute>
 0000:00000000       ___guard_iat_table         00000000     <absolute>
 0000:00000000       ___arm64x_native_entrypoint 00000000     <absolute>
 0000:00000000       ___hybrid_code_map         00000000     <absolute>
 0000:00000000       ___arm64x_extra_rfe_table_size 00000000     <absolute>
 0000:00000000       ___guard_longjmp_count     00000000     <absolute>
 0000:00000000       ___guard_check_icall_a64n_fptr 00000000     <absolute>
 0000:00000000       ___arm64x_redirection_metadata_count 00000000     <absolute>
 0000:00000000       ___hybrid_auxiliary_iat    00000000     <absolute>
 0000:00000000       ___dynamic_value_reloc_table 00000000     <absolute>
 0000:00000000       ___AbsoluteZero            00000000     <absolute>
 0000:00000000       ___enclave_config          00000000     <absolute>
 0000:00000000       ___guard_fids_table        00000000     <absolute>
 0000:00000000       ___hybrid_auxiliary_iat_copy 00000000     <absolute>
 0000:0000000b       ___safe_se_handler_count   0000000b     <absolute>
 0000:0000002c       __tls_array                0000002c     <absolute>
 0000:00000100       ___guard_flags             00000100     <absolute>
 0000:00000000       ___ImageBase               10000000     <linker-defined>
 0001:00000080       ?DupWide@_CW@@AAEXXZ       10001080 f   CWString.obj
 0001:0000009c       ?cw_dup@@YGXPBDAAHAAPA_W1@Z 1000109c f   CWString.obj
 0001:00000124       ?cw_memcpy@@YGHPA_WPBDH@Z  10001124 f   CWString.obj
 0001:00000150       ?cw_strcpy@@YAHPA_WPBD@Z   10001150 f   CWString.obj
 0001:00000163       ?cw_strlen@@YAHPBD@Z       10001163 f   CWString.obj
 0001:0000017c       ??0CAtlComModule@ATL@@QAE@XZ 1000117c f i OposVariant.obj
 0001:000001c1       ??0CAtlWinModule@ATL@@QAE@XZ 100011c1 f i OposVariant.obj
 0001:000001f8       ??0OposDispParms@@QAE@PAVOposVariant@@H@Z 100011f8 f   OposVariant.obj
 0001:00000269       ??1OposDispParms@@QAE@XZ   10001269 f   OposVariant.obj
 0001:00000277       ??A?$CSimpleArray@GV?$CSimpleArrayEqualHelper@G@ATL@@@ATL@@QAEAAGH@Z 10001277 f i OposVariant.obj
 0001:0000029c       ??_Estringdispid@CComTypeInfoHolder@ATL@@QAEPAXI@Z 1000129c f i OposVariant.obj
 0001:00000308       ?AtlWinModuleInit@ATL@@YGJPAU_ATL_WIN_MODULE70@1@@Z 10001308 f i OposVariant.obj
 0001:0000032e       ?AtlWinModuleTerm@ATL@@YGJPAU_ATL_WIN_MODULE70@1@PAUHINSTANCE__@@@Z 1000132e f i OposVariant.obj
 0001:00000391       ?ChangeBSTR@OposVariant@@QAEXPAPA_WAAJ@Z 10001391 f   OposVariant.obj
 0001:000003d2       ?ChangeCURRENCY@OposVariant@@QAEXPATtagCY@@AAJ@Z 100013d2 f   OposVariant.obj
 0001:00000421       ?ChangeLONG@OposVariant@@QAEXPAJAAJ@Z 10001421 f   OposVariant.obj
 0001:00000462       ?GetLONG@OposVariant@@QAEJXZ 10001462 f   OposVariant.obj
 0001:0000047d       ?Init@CComCriticalSection@ATL@@QAEJXZ 1000147d f i OposVariant.obj
 0001:000004a5       ?RemoveAll@?$CSimpleArray@GV?$CSimpleArrayEqualHelper@G@ATL@@@ATL@@QAEXXZ 100014a5 f i OposVariant.obj
 0001:000004a5       ?RemoveAll@?$CSimpleArray@PAUHINSTANCE__@@V?$CSimpleArrayEqualHelper@PAUHINSTANCE__@@@ATL@@@ATL@@QAEXXZ 100014a5 f i atls:atlbase.obj
 0001:000004c2       ?SetBSTR@OposVariant@@QAEXPA_WAAJ@Z 100014c2 f   OposVariant.obj
 0001:000004f6       ?SetBSTR_Copy@OposVariant@@QAEXPA_WAAJ@Z 100014f6 f   OposVariant.obj
 0001:00000546       ?SetBSTR_InOutPtr@OposVariant@@QAE_NPAPA_WAAJ@Z 10001546 f   OposVariant.obj
 0001:0000057d       ?SetBSTR_OutPtr@OposVariant@@QAE_NPAPA_WAAJ@Z 1000157d f   OposVariant.obj
 0001:00000599       ?SetCURRENCY@OposVariant@@QAEXTtagCY@@@Z 10001599 f   OposVariant.obj
 0001:000005c1       ?SetDispatch_Ptr@OposVariant@@QAEXPAUIDispatch@@AAJ@Z 100015c1 f   OposVariant.obj
 0001:000005fc       ?SetLONG@OposVariant@@QAEXJ@Z 100015fc f   OposVariant.obj
 0001:0000061e       ?SetLONG_Ptr@OposVariant@@QAEXPAJAAJ@Z 1000161e f   OposVariant.obj
 0001:00000651       ?SetString@OposVariant@@QAEXPB_WAAJ@Z 10001651 f   OposVariant.obj
 0001:00000697       ?SetVARIANT_BOOL@OposVariant@@QAEXF@Z 10001697 f   OposVariant.obj
 0001:000006c1       ?Term@CAtlComModule@ATL@@QAEXXZ 100016c1 f i OposVariant.obj
 0001:0000070b       ?_AtlRaiseException@ATL@@YAXKK@Z 1000170b f i OposVariant.obj
 0001:00000720       ?OnDrawAdvanced@CComControlBase@ATL@@UAEJAAUATL_DRAWINFO@@@Z 10001720 f i PINPad.obj
 0001:00000813       ?Next@?$CComEnumImpl@UIEnumConnections@@$1?_GUID_b196b287_bab4_101a_b69c_00aa00341d07@@3U__s_GUID@@BUtagCONNECTDATA@@V?$_Copy@UtagCONNECTDATA@@@ATL@@@ATL@@UAGJKPAUtagCONNECTDATA@@PAK@Z 10001813 f i PINPad.obj
 0001:000008e2       ?Skip@?$CComEnumImpl@UIEnumConnections@@$1?_GUID_b196b287_bab4_101a_b69c_00aa00341d07@@3U__s_GUID@@BUtagCONNECTDATA@@V?$_Copy@UtagCONNECTDATA@@@ATL@@@ATL@@UAGJK@Z 100018e2 f i PINPad.obj
 0001:0000090f       ?Reset@?$CComEnumImpl@UIEnumConnections@@$1?_GUID_b196b287_bab4_101a_b69c_00aa00341d07@@3U__s_GUID@@BUtagCONNECTDATA@@V?$_Copy@UtagCONNECTDATA@@@ATL@@@ATL@@UAGJXZ 1000190f f i PINPad.obj
 0001:0000090f       ?Reset@?$CComEnumImpl@UIEnumConnectionPoints@@$1?_GUID_b196b285_bab4_101a_b69c_00aa00341d07@@3U__s_GUID@@BPAUIConnectionPoint@@V?$_CopyInterface@UIConnectionPoint@@@ATL@@@ATL@@UAGJXZ 1000190f f i PINPad.obj
 0001:00000921       ?Clone@?$CComEnumImpl@UIEnumConnections@@$1?_GUID_b196b287_bab4_101a_b69c_00aa00341d07@@3U__s_GUID@@BUtagCONNECTDATA@@V?$_Copy@UtagCONNECTDATA@@@ATL@@@ATL@@UAGJPAPAUIEnumConnections@@@Z 10001921 f i PINPad.obj
 0001:00000a02       ?AddRef@?$CComObject@V?$CComEnum@UIEnumConnectionPoints@@$1?_GUID_b196b285_bab4_101a_b69c_00aa00341d07@@3U__s_GUID@@BPAUIConnectionPoint@@V?$_CopyInterface@UIConnectionPoint@@@ATL@@VCComSingleThreadModel@6@@ATL@@@ATL@@UAGKXZ 10001a02 f i PINPad.obj
 0001:00000a02       ?AddRef@?$CComObject@V?$CComEnum@UIEnumConnections@@$1?_GUID_b196b287_bab4_101a_b69c_00aa00341d07@@3U__s_GUID@@BUtagCONNECTDATA@@V?$_Copy@UtagCONNECTDATA@@@ATL@@VCComSingleThreadModel@6@@ATL@@@ATL@@UAGKXZ 10001a02 f i PINPad.obj
 0001:00000a13       ?Release@?$CComObject@V?$CComEnum@UIEnumConnections@@$1?_GUID_b196b287_bab4_101a_b69c_00aa00341d07@@3U__s_GUID@@BUtagCONNECTDATA@@V?$_Copy@UtagCONNECTDATA@@@ATL@@VCComSingleThreadModel@6@@ATL@@@ATL@@UAGKXZ 10001a13 f i PINPad.obj
 0001:00000a13       ?Release@?$CComObject@V?$CComEnum@UIEnumConnectionPoints@@$1?_GUID_b196b285_bab4_101a_b69c_00aa00341d07@@3U__s_GUID@@BPAUIConnectionPoint@@V?$_CopyInterface@UIConnectionPoint@@@ATL@@VCComSingleThreadModel@6@@ATL@@@ATL@@UAGKXZ 10001a13 f i PINPad.obj
 0001:00000a4f       ?QueryInterface@?$CComObject@V?$CComEnum@UIEnumConnections@@$1?_GUID_b196b287_bab4_101a_b69c_00aa00341d07@@3U__s_GUID@@BUtagCONNECTDATA@@V?$_Copy@UtagCONNECTDATA@@@ATL@@VCComSingleThreadModel@6@@ATL@@@ATL@@UAGJABU_GUID@@PAPAX@Z 10001a4f f i PINPad.obj
 0001:00000a69       ?ObjectMain@CComObjectRootBase@ATL@@SGX_N@Z 10001a69 f i PINPad.obj
 0001:00000a69       ?OnFinalMessage@?$CWindowImplBaseT@VCWindow@ATL@@V?$CWinTraits@$0FGAAAAAA@$0A@@2@@ATL@@UAEXPAUHWND__@@@Z 10001a69 f i PINPad.obj
 0001:00000a6c       ?GetObjectDescription@?$CComCoClass@VCOPOSPINPad@@$1?CLSID_OPOSPINPad@@3U_GUID@@B@ATL@@SGPB_WXZ 10001a6c f i PINPad.obj
 0001:00000a6c       ?GetCategoryMap@CComObjectRootBase@ATL@@SAPBU_ATL_CATMAP_ENTRY@2@XZ 10001a6c f i PINPad.obj
 0001:00000a6f       ??_E?$CComObject@V?$CComEnum@UIEnumConnections@@$1?_GUID_b196b287_bab4_101a_b69c_00aa00341d07@@3U__s_GUID@@BUtagCONNECTDATA@@V?$_Copy@UtagCONNECTDATA@@@ATL@@VCComSingleThreadModel@6@@ATL@@@ATL@@UAEPAXI@Z 10001a6f f i PINPad.obj
 0001:00000a6f       ??_G?$CComObject@V?$CComEnum@UIEnumConnections@@$1?_GUID_b196b287_bab4_101a_b69c_00aa00341d07@@3U__s_GUID@@BUtagCONNECTDATA@@V?$_Copy@UtagCONNECTDATA@@@ATL@@VCComSingleThreadModel@6@@ATL@@@ATL@@UAEPAXI@Z 10001a6f f i PINPad.obj
 0001:00000a91       ?CreateInstance@CComClassFactory@ATL@@UAGJPAUIUnknown@@ABU_GUID@@PAPAX@Z 10001a91 f i PINPad.obj
 0001:00000acf       ?LockServer@CComClassFactory@ATL@@UAGJH@Z 10001acf f i PINPad.obj
 0001:00000aee       ??_ECComClassFactory@ATL@@UAEPAXI@Z 10001aee f i PINPad.obj
 0001:00000aee       ??_GCComClassFactory@ATL@@UAEPAXI@Z 10001aee f i PINPad.obj
 0001:00000b19       ??_E?$CComObject@VCOPOSPINPad@@@ATL@@W3AEPAXI@Z 10001b19 f i PINPad.obj
 0001:00000b21       ??_E?$CComObject@VCOPOSPINPad@@@ATL@@WEM@AEPAXI@Z 10001b21 f i PINPad.obj
 0001:00000b29       ?QueryInterface@?$CComObject@VCOPOSPINPad@@@ATL@@WHA@AGJABU_GUID@@PAPAX@Z 10001b29 f i PINPad.obj
 0001:00000b33       ?AddRef@?$CComObject@VCOPOSPINPad@@@ATL@@WHA@AGKXZ 10001b33 f i PINPad.obj
 0001:00000b3d       ?Release@?$CComObject@VCOPOSPINPad@@@ATL@@WHA@AGKXZ 10001b3d f i PINPad.obj
 0001:00000b47       ?QueryInterface@?$CComObject@VCOPOSPINPad@@@ATL@@WHE@AGJABU_GUID@@PAPAX@Z 10001b47 f i PINPad.obj
 0001:00000b51       ?AddRef@?$CComObject@VCOPOSPINPad@@@ATL@@WHE@AGKXZ 10001b51 f i PINPad.obj
 0001:00000b5b       ?Release@?$CComObject@VCOPOSPINPad@@@ATL@@WHE@AGKXZ 10001b5b f i PINPad.obj
 0001:00000b65       ?QueryInterface@?$CComObject@VCOPOSPINPad@@@ATL@@WHI@AGJABU_GUID@@PAPAX@Z 10001b65 f i PINPad.obj
 0001:00000b6f       ?AddRef@?$CComObject@VCOPOSPINPad@@@ATL@@WHI@AGKXZ 10001b6f f i PINPad.obj
 0001:00000b79       ?Release@?$CComObject@VCOPOSPINPad@@@ATL@@WHI@AGKXZ 10001b79 f i PINPad.obj
 0001:00000b83       ?QueryInterface@?$CComObject@VCOPOSPINPad@@@ATL@@WHM@AGJABU_GUID@@PAPAX@Z 10001b83 f i PINPad.obj
 0001:00000b8d       ?AddRef@?$CComObject@VCOPOSPINPad@@@ATL@@WHM@AGKXZ 10001b8d f i PINPad.obj
 0001:00000b97       ?Release@?$CComObject@VCOPOSPINPad@@@ATL@@WHM@AGKXZ 10001b97 f i PINPad.obj
 0001:00000ba1       ?QueryInterface@?$CComObject@VCOPOSPINPad@@@ATL@@WIA@AGJABU_GUID@@PAPAX@Z 10001ba1 f i PINPad.obj
 0001:00000bae       ?AddRef@?$CComObject@VCOPOSPINPad@@@ATL@@WIA@AGKXZ 10001bae f i PINPad.obj
 0001:00000bbb       ?Release@?$CComObject@VCOPOSPINPad@@@ATL@@WIA@AGKXZ 10001bbb f i PINPad.obj
 0001:00000bc8       ?QueryInterface@?$CComObject@VCOPOSPINPad@@@ATL@@WIE@AGJABU_GUID@@PAPAX@Z 10001bc8 f i PINPad.obj
 0001:00000bd5       ?AddRef@?$CComObject@VCOPOSPINPad@@@ATL@@WIE@AGKXZ 10001bd5 f i PINPad.obj
 0001:00000be2       ?Release@?$CComObject@VCOPOSPINPad@@@ATL@@WIE@AGKXZ 10001be2 f i PINPad.obj
 0001:00000bef       ?QueryInterface@?$CComObject@VCOPOSPINPad@@@ATL@@WII@AGJABU_GUID@@PAPAX@Z 10001bef f i PINPad.obj
 0001:00000bfc       ?AddRef@?$CComObject@VCOPOSPINPad@@@ATL@@WII@AGKXZ 10001bfc f i PINPad.obj
 0001:00000c09       ?Release@?$CComObject@VCOPOSPINPad@@@ATL@@WII@AGKXZ 10001c09 f i PINPad.obj
 0001:00000c16       ?QueryInterface@?$CComObject@VCOPOSPINPad@@@ATL@@WIM@AGJABU_GUID@@PAPAX@Z 10001c16 f i PINPad.obj
 0001:00000c23       ?AddRef@?$CComObject@VCOPOSPINPad@@@ATL@@WIM@AGKXZ 10001c23 f i PINPad.obj
 0001:00000c30       ?Release@?$CComObject@VCOPOSPINPad@@@ATL@@WIM@AGKXZ 10001c30 f i PINPad.obj
 0001:00000c3d       ?QueryInterface@?$CComObject@VCOPOSPINPad@@@ATL@@WJA@AGJABU_GUID@@PAPAX@Z 10001c3d f i PINPad.obj
 0001:00000c4a       ?AddRef@?$CComObject@VCOPOSPINPad@@@ATL@@WJA@AGKXZ 10001c4a f i PINPad.obj
 0001:00000c57       ?Release@?$CComObject@VCOPOSPINPad@@@ATL@@WJA@AGKXZ 10001c57 f i PINPad.obj
 0001:00000c64       ?QueryInterface@?$CComObject@VCOPOSPINPad@@@ATL@@WJE@AGJABU_GUID@@PAPAX@Z 10001c64 f i PINPad.obj
 0001:00000c71       ?AddRef@?$CComObject@VCOPOSPINPad@@@ATL@@WJE@AGKXZ 10001c71 f i PINPad.obj
 0001:00000c7e       ?Release@?$CComObject@VCOPOSPINPad@@@ATL@@WJE@AGKXZ 10001c7e f i PINPad.obj
 0001:00000c8b       ?QueryInterface@?$CComObject@VCOPOSPINPad@@@ATL@@WJI@AGJABU_GUID@@PAPAX@Z 10001c8b f i PINPad.obj
 0001:00000c98       ?AddRef@?$CComObject@VCOPOSPINPad@@@ATL@@WJI@AGKXZ 10001c98 f i PINPad.obj
 0001:00000ca5       ?Release@?$CComObject@VCOPOSPINPad@@@ATL@@WJI@AGKXZ 10001ca5 f i PINPad.obj
 0001:00000cb2       ?QueryInterface@?$CComObject@VCOPOSPINPad@@@ATL@@WJM@AGJABU_GUID@@PAPAX@Z 10001cb2 f i PINPad.obj
 0001:00000cbf       ?AddRef@?$CComObject@VCOPOSPINPad@@@ATL@@WJM@AGKXZ 10001cbf f i PINPad.obj
 0001:00000ccc       ?Release@?$CComObject@VCOPOSPINPad@@@ATL@@WJM@AGKXZ 10001ccc f i PINPad.obj
 0001:00000cd9       ?QueryInterface@?$CComObject@VCOPOSPINPad@@@ATL@@WKA@AGJABU_GUID@@PAPAX@Z 10001cd9 f i PINPad.obj
 0001:00000ce6       ?AddRef@?$CComObject@VCOPOSPINPad@@@ATL@@WKA@AGKXZ 10001ce6 f i PINPad.obj
 0001:00000cf3       ?Release@?$CComObject@VCOPOSPINPad@@@ATL@@WKA@AGKXZ 10001cf3 f i PINPad.obj
 0001:00000d00       ?AddRef@?$CComObject@VCOPOSPINPad@@@ATL@@WKI@AGKXZ 10001d00 f i PINPad.obj
 0001:00000d0d       ?Release@?$CComObject@VCOPOSPINPad@@@ATL@@WKI@AGKXZ 10001d0d f i PINPad.obj
 0001:00000d1a       ?AddRef@?$CComObject@VCOPOSPINPad@@@ATL@@WLE@AGKXZ 10001d1a f i PINPad.obj
 0001:00000d27       ?Release@?$CComObject@VCOPOSPINPad@@@ATL@@WLE@AGKXZ 10001d27 f i PINPad.obj
 0001:00000d34       ??_E?$CComContainedObject@VCOPOSPINPad@@@ATL@@W3AEPAXI@Z 10001d34 f i PINPad.obj
 0001:00000d3c       ??_E?$CComContainedObject@VCOPOSPINPad@@@ATL@@WEM@AEPAXI@Z 10001d3c f i PINPad.obj
 0001:00000d44       ?QueryInterface@?$CComContainedObject@VCOPOSPINPad@@@ATL@@WHA@AGJABU_GUID@@PAPAX@Z 10001d44 f i PINPad.obj
 0001:00000d4e       ?AddRef@?$CComContainedObject@VCOPOSPINPad@@@ATL@@WHA@AGKXZ 10001d4e f i PINPad.obj
 0001:00000d58       ?Release@?$CComContainedObject@VCOPOSPINPad@@@ATL@@WHA@AGKXZ 10001d58 f i PINPad.obj
 0001:00000d62       ?QueryInterface@?$CComContainedObject@VCOPOSPINPad@@@ATL@@WHE@AGJABU_GUID@@PAPAX@Z 10001d62 f i PINPad.obj
 0001:00000d6c       ?AddRef@?$CComContainedObject@VCOPOSPINPad@@@ATL@@WHE@AGKXZ 10001d6c f i PINPad.obj
 0001:00000d76       ?Release@?$CComContainedObject@VCOPOSPINPad@@@ATL@@WHE@AGKXZ 10001d76 f i PINPad.obj
 0001:00000d80       ?QueryInterface@?$CComContainedObject@VCOPOSPINPad@@@ATL@@WHI@AGJABU_GUID@@PAPAX@Z 10001d80 f i PINPad.obj
 0001:00000d8a       ?AddRef@?$CComContainedObject@VCOPOSPINPad@@@ATL@@WHI@AGKXZ 10001d8a f i PINPad.obj
 0001:00000d94       ?Release@?$CComContainedObject@VCOPOSPINPad@@@ATL@@WHI@AGKXZ 10001d94 f i PINPad.obj
 0001:00000d9e       ?QueryInterface@?$CComContainedObject@VCOPOSPINPad@@@ATL@@WHM@AGJABU_GUID@@PAPAX@Z 10001d9e f i PINPad.obj
 0001:00000da8       ?AddRef@?$CComContainedObject@VCOPOSPINPad@@@ATL@@WHM@AGKXZ 10001da8 f i PINPad.obj
 0001:00000db2       ?Release@?$CComContainedObject@VCOPOSPINPad@@@ATL@@WHM@AGKXZ 10001db2 f i PINPad.obj
 0001:00000dbc       ?QueryInterface@?$CComContainedObject@VCOPOSPINPad@@@ATL@@WIA@AGJABU_GUID@@PAPAX@Z 10001dbc f i PINPad.obj
 0001:00000dc9       ?AddRef@?$CComContainedObject@VCOPOSPINPad@@@ATL@@WIA@AGKXZ 10001dc9 f i PINPad.obj
 0001:00000dd6       ?Release@?$CComContainedObject@VCOPOSPINPad@@@ATL@@WIA@AGKXZ 10001dd6 f i PINPad.obj
 0001:00000de3       ?QueryInterface@?$CComContainedObject@VCOPOSPINPad@@@ATL@@WIE@AGJABU_GUID@@PAPAX@Z 10001de3 f i PINPad.obj
 0001:00000df0       ?AddRef@?$CComContainedObject@VCOPOSPINPad@@@ATL@@WIE@AGKXZ 10001df0 f i PINPad.obj
 0001:00000dfd       ?Release@?$CComContainedObject@VCOPOSPINPad@@@ATL@@WIE@AGKXZ 10001dfd f i PINPad.obj
 0001:00000e0a       ?QueryInterface@?$CComContainedObject@VCOPOSPINPad@@@ATL@@WII@AGJABU_GUID@@PAPAX@Z 10001e0a f i PINPad.obj
 0001:00000e17       ?AddRef@?$CComContainedObject@VCOPOSPINPad@@@ATL@@WII@AGKXZ 10001e17 f i PINPad.obj
 0001:00000e24       ?Release@?$CComContainedObject@VCOPOSPINPad@@@ATL@@WII@AGKXZ 10001e24 f i PINPad.obj
 0001:00000e31       ?QueryInterface@?$CComContainedObject@VCOPOSPINPad@@@ATL@@WIM@AGJABU_GUID@@PAPAX@Z 10001e31 f i PINPad.obj
 0001:00000e3e       ?AddRef@?$CComContainedObject@VCOPOSPINPad@@@ATL@@WIM@AGKXZ 10001e3e f i PINPad.obj
 0001:00000e4b       ?Release@?$CComContainedObject@VCOPOSPINPad@@@ATL@@WIM@AGKXZ 10001e4b f i PINPad.obj
 0001:00000e58       ?QueryInterface@?$CComContainedObject@VCOPOSPINPad@@@ATL@@WJA@AGJABU_GUID@@PAPAX@Z 10001e58 f i PINPad.obj
 0001:00000e65       ?AddRef@?$CComContainedObject@VCOPOSPINPad@@@ATL@@WJA@AGKXZ 10001e65 f i PINPad.obj
 0001:00000e72       ?Release@?$CComContainedObject@VCOPOSPINPad@@@ATL@@WJA@AGKXZ 10001e72 f i PINPad.obj
 0001:00000e7f       ?QueryInterface@?$CComContainedObject@VCOPOSPINPad@@@ATL@@WJE@AGJABU_GUID@@PAPAX@Z 10001e7f f i PINPad.obj
 0001:00000e8c       ?AddRef@?$CComContainedObject@VCOPOSPINPad@@@ATL@@WJE@AGKXZ 10001e8c f i PINPad.obj
 0001:00000e99       ?Release@?$CComContainedObject@VCOPOSPINPad@@@ATL@@WJE@AGKXZ 10001e99 f i PINPad.obj
 0001:00000ea6       ?QueryInterface@?$CComContainedObject@VCOPOSPINPad@@@ATL@@WJI@AGJABU_GUID@@PAPAX@Z 10001ea6 f i PINPad.obj
 0001:00000eb3       ?AddRef@?$CComContainedObject@VCOPOSPINPad@@@ATL@@WJI@AGKXZ 10001eb3 f i PINPad.obj
 0001:00000ec0       ?Release@?$CComContainedObject@VCOPOSPINPad@@@ATL@@WJI@AGKXZ 10001ec0 f i PINPad.obj
 0001:00000ecd       ?QueryInterface@?$CComContainedObject@VCOPOSPINPad@@@ATL@@WJM@AGJABU_GUID@@PAPAX@Z 10001ecd f i PINPad.obj
 0001:00000eda       ?AddRef@?$CComContainedObject@VCOPOSPINPad@@@ATL@@WJM@AGKXZ 10001eda f i PINPad.obj
 0001:00000ee7       ?Release@?$CComContainedObject@VCOPOSPINPad@@@ATL@@WJM@AGKXZ 10001ee7 f i PINPad.obj
 0001:00000ef4       ?QueryInterface@?$CComContainedObject@VCOPOSPINPad@@@ATL@@WKA@AGJABU_GUID@@PAPAX@Z 10001ef4 f i PINPad.obj
 0001:00000f01       ?AddRef@?$CComContainedObject@VCOPOSPINPad@@@ATL@@WKA@AGKXZ 10001f01 f i PINPad.obj
 0001:00000f0e       ?Release@?$CComContainedObject@VCOPOSPINPad@@@ATL@@WKA@AGKXZ 10001f0e f i PINPad.obj
 0001:00000f1b       ?AddRef@?$CComContainedObject@VCOPOSPINPad@@@ATL@@WKI@AGKXZ 10001f1b f i PINPad.obj
 0001:00000f28       ?Release@?$CComContainedObject@VCOPOSPINPad@@@ATL@@WKI@AGKXZ 10001f28 f i PINPad.obj
 0001:00000f35       ?AddRef@?$CComContainedObject@VCOPOSPINPad@@@ATL@@WLE@AGKXZ 10001f35 f i PINPad.obj
 0001:00000f42       ?Release@?$CComContainedObject@VCOPOSPINPad@@@ATL@@WLE@AGKXZ 10001f42 f i PINPad.obj
 0001:00000f4f       ?GetWindowProc@?$CWindowImplBaseT@VCWindow@ATL@@V?$CWinTraits@$0FGAAAAAA@$0A@@2@@ATL@@UAEP6GJPAUHWND__@@IIJ@ZXZ 10001f4f f i PINPad.obj
 0001:00000f55       ?StartWindowProc@?$CWindowImplBaseT@VCWindow@ATL@@V?$CWinTraits@$0FGAAAAAA@$0A@@2@@ATL@@SGJPAUHWND__@@IIJ@Z 10001f55 f i PINPad.obj
 0001:00000fa9       ?GetTypeInfoCount@?$IDispatchImpl@UIOPOSPINPad@@$1?IID_IOPOSPINPad@@3U_GUID@@B$1?LIBID_OposPINPad_CCO@@3U3@B$00$0A@VCComTypeInfoHolder@ATL@@@ATL@@UAGJPAI@Z 10001fa9 f i PINPad.obj
 0001:00000fc6       ?GetTypeInfo@?$IDispatchImpl@UIOPOSPINPad@@$1?IID_IOPOSPINPad@@3U_GUID@@B$1?LIBID_OposPINPad_CCO@@3U3@B$00$0A@VCComTypeInfoHolder@ATL@@@ATL@@UAGJIKPAPAUITypeInfo@@@Z 10001fc6 f i PINPad.obj
 0001:00000fea       ?GetIDsOfNames@?$IDispatchImpl@UIOPOSPINPad@@$1?IID_IOPOSPINPad@@3U_GUID@@B$1?LIBID_OposPINPad_CCO@@3U3@B$00$0A@VCComTypeInfoHolder@ATL@@@ATL@@UAGJABU_GUID@@PAPA_WIKPAJ@Z 10001fea f i PINPad.obj
 0001:0000100a       ?Invoke@?$IDispatchImpl@UIOPOSPINPad@@$1?IID_IOPOSPINPad@@3U_GUID@@B$1?LIBID_OposPINPad_CCO@@3U3@B$00$0A@VCComTypeInfoHolder@ATL@@@ATL@@UAGJJABU_GUID@@KGPAUtagDISPPARAMS@@PAUtagVARIANT@@PAUtagEXCEPINFO@@PAI@Z 1000200a f i PINPad.obj
 0001:00001018       ?CreateControlWindow@?$CComControl@VCOPOSPINPad@@V?$CWindowImpl@VCOPOSPINPad@@VCWindow@ATL@@V?$CWinTraits@$0FGAAAAAA@$0A@@3@@ATL@@@ATL@@UAEPAUHWND__@@PAU3@AAUtagRECT@@@Z 10002018 f i PINPad.obj
 0001:00001047       ?ControlQueryInterface@?$CComControl@VCOPOSPINPad@@V?$CWindowImpl@VCOPOSPINPad@@VCWindow@ATL@@V?$CWinTraits@$0FGAAAAAA@$0A@@3@@ATL@@@ATL@@UAEJABU_GUID@@PAPAX@Z 10002047 f i PINPad.obj
 0001:00001062       ?GetClassID@?$IPersistStorageImpl@VCOPOSPINPad@@@ATL@@UAGJPAU_GUID@@@Z 10002062 f i PINPad.obj
 0001:00001062       ?GetUserClassID@?$IOleObjectImpl@VCOPOSPINPad@@@ATL@@UAGJPAU_GUID@@@Z 10002062 f i PINPad.obj
 0001:00001062       ?GetClassID@?$IPersistStreamInitImpl@VCOPOSPINPad@@@ATL@@UAGJPAU_GUID@@@Z 10002062 f i PINPad.obj
 0001:00001086       ?IsDirty@?$IPersistStreamInitImpl@VCOPOSPINPad@@@ATL@@UAGJXZ 10002086 f i PINPad.obj
 0001:000010a5       ?Load@?$IPersistStreamInitImpl@VCOPOSPINPad@@@ATL@@UAGJPAUIStream@@@Z 100020a5 f i PINPad.obj
 0001:000010c4       ?Save@?$IPersistStreamInitImpl@VCOPOSPINPad@@@ATL@@UAGJPAUIStream@@H@Z 100020c4 f i PINPad.obj
 0001:000010e6       ?GetSizeMax@?$IPersistStreamInitImpl@VCOPOSPINPad@@@ATL@@UAGJPAT_ULARGE_INTEGER@@@Z 100020e6 f i PINPad.obj
 0001:000012c5       ?InitNew@?$IPersistStreamInitImpl@VCOPOSPINPad@@@ATL@@UAGJXZ 100022c5 f i PINPad.obj
 0001:000012e2       ?ContextSensitiveHelp@?$IOleInPlaceActiveObjectImpl@VCOPOSPINPad@@@ATL@@UAGJH@Z 100022e2 f i PINPad.obj
 0001:000012e2       ?QueryGetData@?$IDataObjectImpl@VCOPOSPINPad@@@ATL@@UAGJPAUtagFORMATETC@@@Z 100022e2 f i PINPad.obj
 0001:000012e2       ?OnMnemonic@?$IOleControlImpl@VCOPOSPINPad@@@ATL@@UAGJPAUtagMSG@@@Z 100022e2 f i PINPad.obj
 0001:000012e2       ?Unfreeze@?$IViewObjectExImpl@VCOPOSPINPad@@@ATL@@UAGJK@Z 100022e2 f i PINPad.obj
 0001:000012e2       ?ContextSensitiveHelp@?$IOleInPlaceObjectWindowlessImpl@VCOPOSPINPad@@@ATL@@UAGJH@Z 100022e2 f i PINPad.obj
 0001:000012e2       ?SetColorScheme@?$IOleObjectImpl@VCOPOSPINPad@@@ATL@@UAGJPAUtagLOGPALETTE@@@Z 100022e2 f i PINPad.obj
 0001:000012e2       ?SOOutputCompleteDummy@COPOSPINPad@@MAGJJ@Z 100022e2 f i PINPad.obj
 0001:000012e2       ?GetControlInfo@?$IOleControlImpl@VCOPOSPINPad@@@ATL@@UAGJPAUtagCONTROLINFO@@@Z 100022e2 f i PINPad.obj
 0001:000012e2       ?GetDropTarget@?$IOleInPlaceObjectWindowlessImpl@VCOPOSPINPad@@@ATL@@UAGJPAPAUIDropTarget@@@Z 100022e2 f i PINPad.obj
 0001:000012ea       ?SaveCompleted@?$IPersistStorageImpl@VCOPOSPINPad@@@ATL@@UAGJPAUIStorage@@@Z 100022ea f i PINPad.obj
 0001:000012ea       ?OnAmbientPropertyChange@?$IOleControlImpl@VCOPOSPINPad@@@ATL@@UAGJJ@Z 100022ea f i PINPad.obj
 0001:000012ea       ?EnableModeless@?$IOleInPlaceActiveObjectImpl@VCOPOSPINPad@@@ATL@@UAGJH@Z 100022ea f i PINPad.obj
 0001:000012ea       ?OnFrameWindowActivate@?$IOleInPlaceActiveObjectImpl@VCOPOSPINPad@@@ATL@@UAGJH@Z 100022ea f i PINPad.obj
 0001:000012ef       ?SetClientSite@?$IOleObjectImpl@VCOPOSPINPad@@@ATL@@UAGJPAUIOleClientSite@@@Z 100022ef f i PINPad.obj
 0001:0000130c       ?GetClientSite@?$IOleObjectImpl@VCOPOSPINPad@@@ATL@@UAGJPAPAUIOleClientSite@@@Z 1000230c f i PINPad.obj
 0001:00001329       ?SetHostNames@?$IOleObjectImpl@VCOPOSPINPad@@@ATL@@UAGJPB_W0@Z 10002329 f i PINPad.obj
 0001:0000132e       ?Close@?$IOleObjectImpl@VCOPOSPINPad@@@ATL@@UAGJK@Z 1000232e f i PINPad.obj
 0001:0000134b       ?GetCanonicalFormatEtc@?$IDataObjectImpl@VCOPOSPINPad@@@ATL@@UAGJPAUtagFORMATETC@@0@Z 1000234b f i PINPad.obj
 0001:0000134b       ?GetClipboardData@?$IOleObjectImpl@VCOPOSPINPad@@@ATL@@UAGJKPAPAUIDataObject@@@Z 1000234b f i PINPad.obj
 0001:0000134b       ?GetRect@?$IViewObjectExImpl@VCOPOSPINPad@@@ATL@@UAGJKPAU_RECTL@@@Z 1000234b f i PINPad.obj
 0001:0000134b       ?EnumFormatEtc@?$IDataObjectImpl@VCOPOSPINPad@@@ATL@@UAGJKPAPAUIEnumFORMATETC@@@Z 1000234b f i PINPad.obj
 0001:0000134b       ?SetMoniker@?$IOleObjectImpl@VCOPOSPINPad@@@ATL@@UAGJKPAUIMoniker@@@Z 1000234b f i PINPad.obj
 0001:0000134b       ?QueryInterface@CRegObject@ATL@@UAGJABU_GUID@@PAPAX@Z 1000234b f i PINPad.obj
 0001:0000134b       ?GetDataHere@?$IDataObjectImpl@VCOPOSPINPad@@@ATL@@UAGJPAUtagFORMATETC@@PAUtagSTGMEDIUM@@@Z 1000234b f i PINPad.obj
 0001:00001353       ?InitFromData@?$IOleObjectImpl@VCOPOSPINPad@@@ATL@@UAGJPAUIDataObject@@HK@Z 10002353 f i PINPad.obj
 0001:00001353       ?SetData@?$IDataObjectImpl@VCOPOSPINPad@@@ATL@@UAGJPAUtagFORMATETC@@PAUtagSTGMEDIUM@@H@Z 10002353 f i PINPad.obj
 0001:00001353       ?GetMoniker@?$IOleObjectImpl@VCOPOSPINPad@@@ATL@@UAGJKKPAPAUIMoniker@@@Z 10002353 f i PINPad.obj
 0001:0000135b       ?DoVerb@?$IOleObjectImpl@VCOPOSPINPad@@@ATL@@UAGJJPAUtagMSG@@PAUIOleClientSite@@JPAUHWND__@@PBUtagRECT@@@Z 1000235b f i PINPad.obj
 0001:0000144f       ?EnumVerbs@?$IOleObjectImpl@VCOPOSPINPad@@@ATL@@UAGJPAPAUIEnumOLEVERB@@@Z 1000244f f i PINPad.obj
 0001:00001471       ?Release@CRegObject@ATL@@UAGKXZ 10002471 f i PINPad.obj
 0001:00001471       ?Update@?$IOleObjectImpl@VCOPOSPINPad@@@ATL@@UAGJXZ 10002471 f i PINPad.obj
 0001:00001471       ?HandsOffStorage@?$IPersistStorageImpl@VCOPOSPINPad@@@ATL@@UAGJXZ 10002471 f i PINPad.obj
 0001:00001471       ?IsUpToDate@?$IOleObjectImpl@VCOPOSPINPad@@@ATL@@UAGJXZ 10002471 f i PINPad.obj
 0001:00001476       ?GetUserType@?$IOleObjectImpl@VCOPOSPINPad@@@ATL@@UAGJKPAPA_W@Z 10002476 f i PINPad.obj
 0001:0000148e       ?SetExtent@?$IOleObjectImpl@VCOPOSPINPad@@@ATL@@UAGJKPAUtagSIZE@@@Z 1000248e f i PINPad.obj
 0001:000014ae       ?GetExtent@?$IOleObjectImpl@VCOPOSPINPad@@@ATL@@UAGJKPAUtagSIZE@@@Z 100024ae f i PINPad.obj
 0001:000014ec       ?Advise@?$IOleObjectImpl@VCOPOSPINPad@@@ATL@@UAGJPAUIAdviseSink@@PAK@Z 100024ec f i PINPad.obj
 0001:0000150c       ?Unadvise@?$IOleObjectImpl@VCOPOSPINPad@@@ATL@@UAGJK@Z 1000250c f i PINPad.obj
 0001:0000153b       ?EnumAdvise@?$IOleObjectImpl@VCOPOSPINPad@@@ATL@@UAGJPAPAUIEnumSTATDATA@@@Z 1000253b f i PINPad.obj
 0001:0000157b       ?GetMiscStatus@?$IOleObjectImpl@VCOPOSPINPad@@@ATL@@UAGJKPAK@Z 1000257b f i PINPad.obj
 0001:00001593       ?GetWindow@?$IOleInPlaceActiveObjectImpl@VCOPOSPINPad@@@ATL@@UAGJPAPAUHWND__@@@Z 10002593 f i PINPad.obj
 0001:000015e0       ?TranslateAcceleratorW@?$IOleInPlaceActiveObjectImpl@VCOPOSPINPad@@@ATL@@UAGJPAUtagMSG@@@Z 100025e0 f i PINPad.obj
 0001:0000168e       ?OnDocWindowActivate@?$IOleInPlaceActiveObjectImpl@VCOPOSPINPad@@@ATL@@UAGJH@Z 1000268e f i PINPad.obj
 0001:000016b0       ?ResizeBorder@?$IOleInPlaceActiveObjectImpl@VCOPOSPINPad@@@ATL@@UAGJPBUtagRECT@@PAUIOleInPlaceUIWindow@@H@Z 100026b0 f i PINPad.obj
 0001:000016b5       ?Draw@?$IViewObjectExImpl@VCOPOSPINPad@@@ATL@@UAGJKJPAXPAUtagDVTARGETDEVICE@@PAUHDC__@@2PBU_RECTL@@3P6GHK@ZK@Z 100026b5 f i PINPad.obj
 0001:000016e7       ?GetColorSet@?$IViewObjectExImpl@VCOPOSPINPad@@@ATL@@UAGJKJPAXPAUtagDVTARGETDEVICE@@PAUHDC__@@PAPAUtagLOGPALETTE@@@Z 100026e7 f i PINPad.obj
 0001:000016ef       ?Freeze@?$IViewObjectExImpl@VCOPOSPINPad@@@ATL@@UAGJKJPAXPAK@Z 100026ef f i PINPad.obj
 0001:000016f7       ?SetAdvise@?$IViewObjectExImpl@VCOPOSPINPad@@@ATL@@UAGJKKPAUIAdviseSink@@@Z 100026f7 f i PINPad.obj
 0001:00001716       ?GetAdvise@?$IViewObjectExImpl@VCOPOSPINPad@@@ATL@@UAGJPAK0PAPAUIAdviseSink@@@Z 10002716 f i PINPad.obj
 0001:0000174b       ?GetExtent@?$IViewObjectExImpl@VCOPOSPINPad@@@ATL@@UAGJKJPAUtagDVTARGETDEVICE@@PAUtagSIZE@@@Z 1000274b f i PINPad.obj
 0001:0000177c       ?GetViewStatus@?$IViewObjectExImpl@VCOPOSPINPad@@@ATL@@UAGJPAK@Z 1000277c f i PINPad.obj
 0001:00001799       ?QueryHitPoint@?$IViewObjectExImpl@VCOPOSPINPad@@@ATL@@UAGJKPBUtagRECT@@UtagPOINT@@JPAK@Z 10002799 f i PINPad.obj
 0001:000017da       ?QueryHitRect@?$IViewObjectExImpl@VCOPOSPINPad@@@ATL@@UAGJKPBUtagRECT@@0JPAK@Z 100027da f i PINPad.obj
 0001:00001835       ?GetNaturalExtent@?$IViewObjectExImpl@VCOPOSPINPad@@@ATL@@UAGJKJPAUtagDVTARGETDEVICE@@PAUHDC__@@PAUtagExtentInfo@@PAUtagSIZE@@@Z 10002835 f i PINPad.obj
 0001:00001880       ?GetWindow@?$IOleInPlaceObjectWindowlessImpl@VCOPOSPINPad@@@ATL@@UAGJPAPAUHWND__@@@Z 10002880 f i PINPad.obj
 0001:000018cd       ?InPlaceDeactivate@?$IOleInPlaceObjectWindowlessImpl@VCOPOSPINPad@@@ATL@@UAGJXZ 100028cd f i PINPad.obj
 0001:000018e7       ?UIDeactivate@?$IOleInPlaceObjectWindowlessImpl@VCOPOSPINPad@@@ATL@@UAGJXZ 100028e7 f i PINPad.obj
 0001:00001901       ?SetObjectRects@?$IOleInPlaceObjectWindowlessImpl@VCOPOSPINPad@@@ATL@@UAGJPBUtagRECT@@0@Z 10002901 f i PINPad.obj
 0001:00001921       ?ReactivateAndUndo@?$IOleInPlaceObjectWindowlessImpl@VCOPOSPINPad@@@ATL@@UAGJXZ 10002921 f i PINPad.obj
 0001:00001929       ?OnWindowMessage@?$IOleInPlaceObjectWindowlessImpl@VCOPOSPINPad@@@ATL@@UAGJIIJPAJ@Z 10002929 f i PINPad.obj
 0001:00001999       ?EnumConnectionPoints@?$IConnectionPointContainerImpl@VCOPOSPINPad@@@ATL@@UAGJPAPAUIEnumConnectionPoints@@@Z 10002999 f i PINPad.obj
 0001:00001b29       ?FindConnectionPoint@?$IConnectionPointContainerImpl@VCOPOSPINPad@@@ATL@@UAGJABU_GUID@@PAPAUIConnectionPoint@@@Z 10002b29 f i PINPad.obj
 0001:00001bcc       ?IsDirty@?$IPersistStorageImpl@VCOPOSPINPad@@@ATL@@UAGJXZ 10002bcc f i PINPad.obj
 0001:00001bfc       ?InitNew@?$IPersistStorageImpl@VCOPOSPINPad@@@ATL@@UAGJPAUIStorage@@@Z 10002bfc f i PINPad.obj
 0001:00001c2c       ?Load@?$IPersistStorageImpl@VCOPOSPINPad@@@ATL@@UAGJPAUIStorage@@@Z 10002c2c f i PINPad.obj
 0001:00001c98       ?Save@?$IPersistStorageImpl@VCOPOSPINPad@@@ATL@@UAGJPAUIStorage@@H@Z 10002c98 f i PINPad.obj
 0001:00001d0b       ?GetPages@?$ISpecifyPropertyPagesImpl@VCOPOSPINPad@@@ATL@@UAGJPAUtagCAUUID@@@Z 10002d0b f i PINPad.obj
 0001:00001d22       ?QuickActivate@?$IQuickActivateImpl@VCOPOSPINPad@@@ATL@@UAGJPAUtagQACONTAINER@@PAUtagQACONTROL@@@Z 10002d22 f i PINPad.obj
 0001:00001d45       ?SetContentExtent@?$IQuickActivateImpl@VCOPOSPINPad@@@ATL@@UAGJPAUtagSIZE@@@Z 10002d45 f i PINPad.obj
 0001:00001d71       ?GetContentExtent@?$IQuickActivateImpl@VCOPOSPINPad@@@ATL@@UAGJPAUtagSIZE@@@Z 10002d71 f i PINPad.obj
 0001:00001dad       ?GetData@?$IDataObjectImpl@VCOPOSPINPad@@@ATL@@UAGJPAUtagFORMATETC@@PAUtagSTGMEDIUM@@@Z 10002dad f i PINPad.obj
 0001:00001dd0       ?DAdvise@?$IDataObjectImpl@VCOPOSPINPad@@@ATL@@UAGJPAUtagFORMATETC@@KPAUIAdviseSink@@PAK@Z 10002dd0 f i PINPad.obj
 0001:00001e11       ?DUnadvise@?$IDataObjectImpl@VCOPOSPINPad@@@ATL@@UAGJK@Z 10002e11 f i PINPad.obj
 0001:00001e3f       ?EnumDAdvise@?$IDataObjectImpl@VCOPOSPINPad@@@ATL@@UAGJPAPAUIEnumSTATDATA@@@Z 10002e3f f i PINPad.obj
 0001:00001e7e       ?Lock@CAtlModule@ATL@@UAEJXZ 10002e7e f i PINPad.obj
 0001:00001e88       ?Unlock@CAtlModule@ATL@@UAEJXZ 10002e88 f i PINPad.obj
 0001:00001e92       ?GetLockCount@CAtlModule@ATL@@UAEJXZ 10002e92 f i PINPad.obj
 0001:00001e96       ?GetGITPtr@CAtlModule@ATL@@UAEJPAPAUIGlobalInterfaceTable@@@Z 10002e96 f i PINPad.obj
 0001:00001ee2       ?GetClassInfoW@?$IProvideClassInfo2Impl@$1?CLSID_OPOSPINPad@@3U_GUID@@B$1?DIID__IOPOSPINPadEvents@@3U2@B$1?LIBID_OposPINPad_CCO@@3U2@B$00$0A@VCComTypeInfoHolder@ATL@@@ATL@@UAGJPAPAUITypeInfo@@@Z 10002ee2 f i PINPad.obj
 0001:00001ef8       ?GetGUID@?$IProvideClassInfo2Impl@$1?CLSID_OPOSPINPad@@3U_GUID@@B$1?DIID__IOPOSPINPadEvents@@3U2@B$1?LIBID_OposPINPad_CCO@@3U2@B$00$0A@VCComTypeInfoHolder@ATL@@@ATL@@UAGJKPAU_GUID@@@Z 10002ef8 f i PINPad.obj
 0001:00001f36       ?FAccessAllowed@?$IObjectSafetyImpl@VCOPOSPINPad@@$02@ATL@@MAEHXZ 10002f36 f i PINPad.obj
 0001:00001f36       __get_startup_argv_mode    10002f36 f i LIBCMT:argv_mode.obj
 0001:00001f3a       ?GetInterfaceSafetyOptions@?$IObjectSafetyImpl@VCOPOSPINPad@@$02@ATL@@UAGJABU_GUID@@PAK1@Z 10002f3a f i PINPad.obj
 0001:00001fad       ?SetInterfaceSafetyOptions@?$IObjectSafetyImpl@VCOPOSPINPad@@$02@ATL@@UAGJABU_GUID@@KK@Z 10002fad f i PINPad.obj
 0001:00002027       ?_LocCPQueryInterface@?$IConnectionPointImpl@VCOPOSPINPad@@$1?DIID__IOPOSPINPadEvents@@3U_GUID@@BVCComDynamicUnkArray@ATL@@@ATL@@UAGJABU_GUID@@PAPAX@Z 10003027 f i PINPad.obj
 0001:00002027       ?_LocCPQueryInterface@?$IConnectionPointImpl@VCOPOSPINPad@@$1?IID_IPropertyNotifySink@@3U_GUID@@BVCComDynamicUnkArray@ATL@@@ATL@@UAGJABU_GUID@@PAPAX@Z 10003027 f i PINPad.obj
 0001:00002074       ?GetConnectionInterface@?$IConnectionPointImpl@VCOPOSPINPad@@$1?IID_IPropertyNotifySink@@3U_GUID@@BVCComDynamicUnkArray@ATL@@@ATL@@UAGJPAU_GUID@@@Z 10003074 f i PINPad.obj
 0001:00002098       ?GetConnectionPointContainer@?$IConnectionPointImpl@VCOPOSPINPad@@$1?IID_IPropertyNotifySink@@3U_GUID@@BVCComDynamicUnkArray@ATL@@@ATL@@UAGJPAPAUIConnectionPointContainer@@@Z 10003098 f i PINPad.obj
 0001:000020bb       ?Advise@?$IConnectionPointImpl@VCOPOSPINPad@@$1?IID_IPropertyNotifySink@@3U_GUID@@BVCComDynamicUnkArray@ATL@@@ATL@@UAGJPAUIUnknown@@PAK@Z 100030bb f i PINPad.obj
 0001:000020bb       ?Advise@?$IConnectionPointImpl@VCOPOSPINPad@@$1?DIID__IOPOSPINPadEvents@@3U_GUID@@BVCComDynamicUnkArray@ATL@@@ATL@@UAGJPAUIUnknown@@PAK@Z 100030bb f i PINPad.obj
 0001:0000215b       ?Unadvise@?$IConnectionPointImpl@VCOPOSPINPad@@$1?IID_IPropertyNotifySink@@3U_GUID@@BVCComDynamicUnkArray@ATL@@@ATL@@UAGJK@Z 1000315b f i PINPad.obj
 0001:0000215b       ?Unadvise@?$IConnectionPointImpl@VCOPOSPINPad@@$1?DIID__IOPOSPINPadEvents@@3U_GUID@@BVCComDynamicUnkArray@ATL@@@ATL@@UAGJK@Z 1000315b f i PINPad.obj
 0001:0000219b       ?EnumConnections@?$IConnectionPointImpl@VCOPOSPINPad@@$1?IID_IPropertyNotifySink@@3U_GUID@@BVCComDynamicUnkArray@ATL@@@ATL@@UAGJPAPAUIEnumConnections@@@Z 1000319b f i PINPad.obj
 0001:0000219b       ?EnumConnections@?$IConnectionPointImpl@VCOPOSPINPad@@$1?DIID__IOPOSPINPadEvents@@3U_GUID@@BVCComDynamicUnkArray@ATL@@@ATL@@UAGJPAPAUIEnumConnections@@@Z 1000319b f i PINPad.obj
 0001:0000229e       ?GetConnectionInterface@?$IConnectionPointImpl@VCOPOSPINPad@@$1?DIID__IOPOSPINPadEvents@@3U_GUID@@BVCComDynamicUnkArray@ATL@@@ATL@@UAGJPAU_GUID@@@Z 1000329e f i PINPad.obj
 0001:000022c2       ?GetConnectionPointContainer@?$IConnectionPointImpl@VCOPOSPINPad@@$1?DIID__IOPOSPINPadEvents@@3U_GUID@@BVCComDynamicUnkArray@ATL@@@ATL@@UAGJPAPAUIConnectionPointContainer@@@Z 100032c2 f i PINPad.obj
 0001:000022e5       ?AddCommonRGSReplacements@?$CAtlModuleT@VCComModule@ATL@@@ATL@@UAEJPAUIRegistrarBase@@@Z 100032e5 f i PINPad.obj
 0001:000022ff       ?UpdateRegistry@COPOSPINPad@@SGJH@Z 100032ff f i PINPad.obj
 0001:00002317       ?UpdateRegistryFromResourceD@CComModule@ATL@@UAGJPB_WHPAU_ATL_REGMAP_ENTRY@2@@Z 10003317 f i PINPad.obj
 0001:00002317       ?UpdateRegistryFromResourceD@CComModule@ATL@@UAGJIHPAU_ATL_REGMAP_ENTRY@2@@Z 10003317 f i PINPad.obj
 0001:0000231f       ?UpdateRegistryFromResource@CComModule@ATL@@UAGJPB_WHPAU_ATL_REGMAP_ENTRY@2@@Z 1000331f f i PINPad.obj
 0001:00002328       ?ProcessWindowMessage@COPOSPINPad@@UAEHPAUHWND__@@IIJAAJK@Z 10003328 f i PINPad.obj
 0001:00002375       ?UpdateRegistryFromResource@CComModule@ATL@@UAGJIHPAU_ATL_REGMAP_ENTRY@2@@Z 10003375 f i PINPad.obj
 0001:0000237e       ?SOData@COPOSPINPad@@MAGJJ@Z 1000337e f i PINPad.obj
 0001:000023b7       ?SODirectIO@COPOSPINPad@@MAGJJPAJPAPA_W@Z 100033b7 f i PINPad.obj
 0001:00002400       ?SOError@COPOSPINPad@@MAGJJJJPAJ@Z 10003400 f i PINPad.obj
 0001:00002455       ?SOStatusUpdate@COPOSPINPad@@MAGJJ@Z 10003455 f i PINPad.obj
 0001:0000248e       ??_ECComModule@ATL@@UAEPAXI@Z 1000348e f i PINPad.obj
 0001:0000248e       ??_GCComModule@ATL@@UAEPAXI@Z 1000348e f i PINPad.obj
 0001:000024b6       ?CreateInstance@?$CComCreator@V?$CComObjectCached@VCComClassFactory@ATL@@@ATL@@@ATL@@SGJPAXABU_GUID@@PAPAX@Z 100034b6 f i PINPad.obj
 0001:00002557       ?CreateInstance@?$CComCreator2@V?$CComCreator@V?$CComObject@VCOPOSPINPad@@@ATL@@@ATL@@V?$CComCreator@V?$CComAggObject@VCOPOSPINPad@@@ATL@@@2@@ATL@@SGJPAXABU_GUID@@PAPAX@Z 10003557 f i PINPad.obj
 0001:00002577       ?AddRef@?$CComObjectCached@VCComClassFactory@ATL@@@ATL@@UAGKXZ 10003577 f i PINPad.obj
 0001:0000259e       ?Release@?$CComObjectCached@VCComClassFactory@ATL@@@ATL@@UAGKXZ 1000359e f i PINPad.obj
 0001:000025d4       ?QueryInterface@?$CComObjectCached@VCComClassFactory@ATL@@@ATL@@UAGJABU_GUID@@PAPAX@Z 100035d4 f i PINPad.obj
 0001:000025ee       ??_E?$CComObjectCached@VCComClassFactory@ATL@@@ATL@@UAEPAXI@Z 100035ee f i PINPad.obj
 0001:000025ee       ??_G?$CComObjectCached@VCComClassFactory@ATL@@@ATL@@UAEPAXI@Z 100035ee f i PINPad.obj
 0001:00002610       ?Next@?$CComEnumImpl@UIEnumConnectionPoints@@$1?_GUID_b196b285_bab4_101a_b69c_00aa00341d07@@3U__s_GUID@@BPAUIConnectionPoint@@V?$_CopyInterface@UIConnectionPoint@@@ATL@@@ATL@@UAGJKPAPAUIConnectionPoint@@PAK@Z 10003610 f i PINPad.obj
 0001:000026df       ?Skip@?$CComEnumImpl@UIEnumConnectionPoints@@$1?_GUID_b196b285_bab4_101a_b69c_00aa00341d07@@3U__s_GUID@@BPAUIConnectionPoint@@V?$_CopyInterface@UIConnectionPoint@@@ATL@@@ATL@@UAGJK@Z 100036df f i PINPad.obj
 0001:0000270c       ?Clone@?$CComEnumImpl@UIEnumConnectionPoints@@$1?_GUID_b196b285_bab4_101a_b69c_00aa00341d07@@3U__s_GUID@@BPAUIConnectionPoint@@V?$_CopyInterface@UIConnectionPoint@@@ATL@@@ATL@@UAGJPAPAUIEnumConnectionPoints@@@Z 1000370c f i PINPad.obj
 0001:000027ed       ?QueryInterface@?$CComObject@V?$CComEnum@UIEnumConnectionPoints@@$1?_GUID_b196b285_bab4_101a_b69c_00aa00341d07@@3U__s_GUID@@BPAUIConnectionPoint@@V?$_CopyInterface@UIConnectionPoint@@@ATL@@VCComSingleThreadModel@6@@ATL@@@ATL@@UAGJABU_GUID@@PAPAX@Z 100037ed f i PINPad.obj
 0001:00002807       ??_G?$CComObject@V?$CComEnum@UIEnumConnectionPoints@@$1?_GUID_b196b285_bab4_101a_b69c_00aa00341d07@@3U__s_GUID@@BPAUIConnectionPoint@@V?$_CopyInterface@UIConnectionPoint@@@ATL@@VCComSingleThreadModel@6@@ATL@@@ATL@@UAEPAXI@Z 10003807 f i PINPad.obj
 0001:00002807       ??_E?$CComObject@V?$CComEnum@UIEnumConnectionPoints@@$1?_GUID_b196b285_bab4_101a_b69c_00aa00341d07@@3U__s_GUID@@BPAUIConnectionPoint@@V?$_CopyInterface@UIConnectionPoint@@@ATL@@VCComSingleThreadModel@6@@ATL@@@ATL@@UAEPAXI@Z 10003807 f i PINPad.obj
 0001:00002829       ?AddRef@CRegObject@ATL@@UAGKXZ 10003829 f i PINPad.obj
 0001:0000282f       ?AddReplacement@CRegObject@ATL@@UAGJPB_W0@Z 1000382f f i PINPad.obj
 0001:00002868       ?ClearReplacements@CRegObject@ATL@@UAGJXZ 10003868 f i PINPad.obj
 0001:0000287a       ??_ECRegObject@ATL@@UAEPAXI@Z 1000387a f i PINPad.obj
 0001:0000287a       ??_GCRegObject@ATL@@UAEPAXI@Z 1000387a f i PINPad.obj
 0001:0000289c       ?AddRef@?$CComAggObject@VCOPOSPINPad@@@ATL@@UAGKXZ 1000389c f i PINPad.obj
 0001:000028ad       ?Release@?$CComAggObject@VCOPOSPINPad@@@ATL@@UAGKXZ 100038ad f i PINPad.obj
 0001:000028e9       ?QueryInterface@?$CComAggObject@VCOPOSPINPad@@@ATL@@UAGJABU_GUID@@PAPAX@Z 100038e9 f i PINPad.obj
 0001:00002938       ?AddRef@?$CComContainedObject@VCOPOSPINPad@@@ATL@@UAGKXZ 10003938 f i PINPad.obj
 0001:0000294e       ?Release@?$CComContainedObject@VCOPOSPINPad@@@ATL@@UAGKXZ 1000394e f i PINPad.obj
 0001:00002964       ?QueryInterface@?$CComContainedObject@VCOPOSPINPad@@@ATL@@UAGJABU_GUID@@PAPAX@Z 10003964 f i PINPad.obj
 0001:0000297f       ??_G?$CComAggObject@VCOPOSPINPad@@@ATL@@UAEPAXI@Z 1000397f f i PINPad.obj
 0001:0000297f       ??_E?$CComAggObject@VCOPOSPINPad@@@ATL@@UAEPAXI@Z 1000397f f i PINPad.obj
 0001:000029a4       ?AddRef@?$CComObject@VCOPOSPINPad@@@ATL@@UAGKXZ 100039a4 f i PINPad.obj
 0001:000029bb       ?Release@?$CComObject@VCOPOSPINPad@@@ATL@@UAGKXZ 100039bb f i PINPad.obj
 0001:000029fd       ?QueryInterface@?$CComObject@VCOPOSPINPad@@@ATL@@UAGJABU_GUID@@PAPAX@Z 100039fd f i PINPad.obj
 0001:00002a17       ??$?4UITypeInfo2@@@?$CComPtr@UITypeInfo@@@ATL@@QAEPAUITypeInfo@@ABV?$CComPtr@UITypeInfo2@@@1@@Z 10003a17 f i PINPad.obj
 0001:00002a44       ??$AtlAdd@K@ATL@@YAJPAKKK@Z 10003a44 f i PINPad.obj
 0001:00002a67       ??$AtlAdd@_K@ATL@@YAJPA_K_K1@Z 10003a67 f i PINPad.obj
 0001:00002a9f       ??$AtlAddThrow@K@ATL@@YAKKK@Z 10003a9f f i PINPad.obj
 0001:00002ac5       ??$AtlModuleRegisterWndClassInfoT@VAtlModuleRegisterWndClassInfoParamW@ATL@@@ATL@@YAGPAU_ATL_BASE_MODULE70@0@PAU_ATL_WIN_MODULE70@0@PAU_ATL_WNDCLASSINFOW@0@PAP6GJPAUHWND__@@IIJ@ZVAtlModuleRegisterWndClassInfoParamW@0@@Z 10003ac5 f i PINPad.obj
 0001:00002c12       ??$AtlMultiply@H@ATL@@YAJPAHHH@Z 10003c12 f i PINPad.obj
 0001:00002c4a       ??$AtlMultiply@K@ATL@@YAJPAKKK@Z 10003c4a f i PINPad.obj
 0001:00002c4a       ??$AtlMultiply@I@ATL@@YAJPAIII@Z 10003c4a f i PINPad.obj
 0001:00002c6c       ??$AtlMultiplyThrow@I@ATL@@YAIII@Z 10003c6c f i PINPad.obj
 0001:00002c92       ??0?$CComAggObject@VCOPOSPINPad@@@ATL@@QAE@PAX@Z 10003c92 f i PINPad.obj
 0001:00002cbf       ??0?$CComContainedObject@VCOPOSPINPad@@@ATL@@QAE@PAX@Z 10003cbf f i PINPad.obj
 0001:00002d78       ??0?$CComObject@V?$CComEnum@UIEnumConnectionPoints@@$1?_GUID_b196b285_bab4_101a_b69c_00aa00341d07@@3U__s_GUID@@BPAUIConnectionPoint@@V?$_CopyInterface@UIConnectionPoint@@@ATL@@VCComSingleThreadModel@6@@ATL@@@ATL@@QAE@PAX@Z 10003d78 f i PINPad.obj
 0001:00002da6       ??0?$CComObject@V?$CComEnum@UIEnumConnections@@$1?_GUID_b196b287_bab4_101a_b69c_00aa00341d07@@3U__s_GUID@@BUtagCONNECTDATA@@V?$_Copy@UtagCONNECTDATA@@@ATL@@VCComSingleThreadModel@6@@ATL@@@ATL@@QAE@PAX@Z 10003da6 f i PINPad.obj
 0001:00002dd4       ??0?$CComObject@VCOPOSPINPad@@@ATL@@QAE@PAX@Z 10003dd4 f i PINPad.obj
 0001:00002e8b       ??0?$CComQIPtr@UIOleControlSite@@$1?_GUID_b196b289_bab4_101a_b69c_00aa00341d07@@3U__s_GUID@@B@ATL@@QAE@PAUIUnknown@@@Z 10003e8b f i PINPad.obj
 0001:00002eb4       ??0CAtlModule@ATL@@QAE@XZ  10003eb4 f i PINPad.obj
 0001:00002ef5       ??0CParseBuffer@CRegParser@ATL@@QAE@H@Z 10003ef5 f i PINPad.obj
 0001:00002f2b       ??0_ATL_MSG@ATL@@QAE@PAUHWND__@@IIJH@Z 10003f2b f i PINPad.obj
 0001:00002f63       ??1?$CComAggObject@VCOPOSPINPad@@@ATL@@UAE@XZ 10003f63 f i PINPad.obj
 0001:00002f87       ??1?$CComEnumImpl@UIEnumConnectionPoints@@$1?_GUID_b196b285_bab4_101a_b69c_00aa00341d07@@3U__s_GUID@@BPAUIConnectionPoint@@V?$_CopyInterface@UIConnectionPoint@@@ATL@@@ATL@@UAE@XZ 10003f87 f i PINPad.obj
 0001:00002fc3       ??1?$CComEnumImpl@UIEnumConnections@@$1?_GUID_b196b287_bab4_101a_b69c_00aa00341d07@@3U__s_GUID@@BUtagCONNECTDATA@@V?$_Copy@UtagCONNECTDATA@@@ATL@@@ATL@@UAE@XZ 10003fc3 f i PINPad.obj
 0001:00002fff       ??1?$CComObject@V?$CComEnum@UIEnumConnectionPoints@@$1?_GUID_b196b285_bab4_101a_b69c_00aa00341d07@@3U__s_GUID@@BPAUIConnectionPoint@@V?$_CopyInterface@UIConnectionPoint@@@ATL@@VCComSingleThreadModel@6@@ATL@@@ATL@@UAE@XZ 10003fff f i PINPad.obj
 0001:00003022       ??1?$CComObject@V?$CComEnum@UIEnumConnections@@$1?_GUID_b196b287_bab4_101a_b69c_00aa00341d07@@3U__s_GUID@@BUtagCONNECTDATA@@V?$_Copy@UtagCONNECTDATA@@@ATL@@VCComSingleThreadModel@6@@ATL@@@ATL@@UAE@XZ 10004022 f i PINPad.obj
 0001:00003045       ??1?$CComObject@VCOPOSPINPad@@@ATL@@UAE@XZ 10004045 f i PINPad.obj
 0001:00003103       ??1?$CComObjectCached@VCComClassFactory@ATL@@@ATL@@UAE@XZ 10004103 f i PINPad.obj
 0001:00003119       ??1?$CComObjectRootEx@VCComMultiThreadModel@ATL@@@ATL@@QAE@XZ 10004119 f i PINPad.obj
 0001:0000312e       ??1CRegObject@ATL@@UAE@XZ  1000412e f i PINPad.obj
 0001:0000314e       ??4?$CComPtr@UIAdviseSink@@@ATL@@QAEPAUIAdviseSink@@PAU2@@Z 1000414e f i PINPad.obj
 0001:0000314e       ??4?$CComPtr@UIUnknown@@@ATL@@QAEPAUIUnknown@@PAU2@@Z 1000414e f i PINPad.obj
 0001:0000314e       ??4?$CComPtr@UIOleClientSite@@@ATL@@QAEPAUIOleClientSite@@PAU2@@Z 1000414e f i PINPad.obj
 0001:0000317c       ??_E?$CComContainedObject@VCOPOSPINPad@@@ATL@@UAEPAXI@Z 1000417c f i PINPad.obj
 0001:0000317c       ??_G?$CComContainedObject@VCOPOSPINPad@@@ATL@@UAEPAXI@Z 1000417c f i PINPad.obj
 0001:000031a1       ??_E?$CComObject@VCOPOSPINPad@@@ATL@@UAEPAXI@Z 100041a1 f i PINPad.obj
 0001:000031a1       ??_G?$CComObject@VCOPOSPINPad@@@ATL@@UAEPAXI@Z 100041a1 f i PINPad.obj
 0001:000031c6       ?Add@?$CSimpleArray@GV?$CSimpleArrayEqualHelper@G@ATL@@@ATL@@QAEHABG@Z 100041c6 f i PINPad.obj
 0001:00003240       ?Add@?$CSimpleMap@PA_WPA_WVCExpansionVectorEqualHelper@ATL@@@ATL@@QAEHABQA_W0@Z 10004240 f i PINPad.obj
 0001:00003295       ?Add@CComDynamicUnkArray@ATL@@QAEKPAUIUnknown@@@Z 10004295 f i PINPad.obj
 0001:00003346       ?Add@CExpansionVector@ATL@@QAEHPB_W0@Z 10004346 f i PINPad.obj
 0001:0000344f       ?AddString@CParseBuffer@CRegParser@ATL@@QAEHPB_W@Z 1000444f f i PINPad.obj
 0001:00003484       ?AddTermFunc@CAtlModule@ATL@@QAEJP6GXK@ZK@Z 10004484 f i PINPad.obj
 0001:000034f0       ?AddValue@CRegParser@ATL@@IAEJAAVCRegKey@2@PB_WPA_W@Z 100044f0 f i PINPad.obj
 0001:0000380a       ?Allocate@?$CAtlSafeAllocBufferManager@VCCRTAllocator@ATL@@@_ATL_SAFE_ALLOCA_IMPL@ATL@@QAEPAXK@Z 1000480a f i PINPad.obj
 0001:00003837       ?Allocate@?$CTempBuffer@E$0BAA@VCCRTAllocator@ATL@@@ATL@@QAEPAEI@Z 10004837 f i PINPad.obj
 0001:00003866       ?Allocate@?$CTempBuffer@_W$0BAA@VCCRTAllocator@ATL@@@ATL@@QAEPA_WI@Z 10004866 f i PINPad.obj
 0001:00003895       ?Allocate@?$CTempBuffer@_W$0EAA@VCCRTAllocator@ATL@@@ATL@@QAEPA_WI@Z 10004895 f i PINPad.obj
 0001:000038c4       ?AllocateHeap@?$CTempBuffer@E$0BAA@VCCRTAllocator@ATL@@@ATL@@AAEXI@Z 100048c4 f i PINPad.obj
 0001:000038c4       ?AllocateHeap@?$CTempBuffer@_W$0EAA@VCCRTAllocator@ATL@@@ATL@@AAEXI@Z 100048c4 f i PINPad.obj
 0001:000038c4       ?AllocateHeap@?$CTempBuffer@_W$0BAA@VCCRTAllocator@ATL@@@ATL@@AAEXI@Z 100048c4 f i PINPad.obj
 0001:000038e9       ?Append@CParseBuffer@CRegParser@ATL@@QAEHPB_WH@Z 100048e9 f i PINPad.obj
 0001:00003975       ?AtlCoTaskMemCAlloc@ATL@@YAPAXKK@Z 10004975 f i PINPad.obj
 0001:000039a2       ?AtlCoTaskMemRecalloc@ATL@@YAPAXPAXKK@Z 100049a2 f i PINPad.obj
 0001:000039d2       ?AtlComModuleGetClassObject@ATL@@YGJPAU_ATL_COM_MODULE70@1@ABU_GUID@@1PAPAX@Z 100049d2 f i PINPad.obj
 0001:00003ac7       ?AtlComModuleRegisterServer@ATL@@YGJPAU_ATL_COM_MODULE70@1@HPBU_GUID@@@Z 10004ac7 f i PINPad.obj
 0001:00003b4f       ?AtlComModuleUnregisterServer@ATL@@YGJPAU_ATL_COM_MODULE70@1@HPBU_GUID@@@Z 10004b4f f i PINPad.obj
 0001:00003bd7       ?AtlComQIPtrAssign2@ATL@@YAXPAPAUIUnknown@@PAU2@ABU_GUID@@@Z 10004bd7 f i PINPad.obj
 0001:00003c06       ?AtlCreateTargetDC@ATL@@YGPAUHDC__@@PAU2@PAUtagDVTARGETDEVICE@@@Z 10004c06 f i PINPad.obj
 0001:00003c6f       ?AtlCrtErrorCheck@ATL@@YAHH@Z 10004c6f f i PINPad.obj
 0001:00003caa       ?AtlHiMetricToPixel@ATL@@YGXPBUtagSIZE@@PAU2@@Z 10004caa f i PINPad.obj
 0001:00003d1f       ?AtlHresultFromLastError@ATL@@YAJXZ 10004d1f f i PINPad.obj
 0001:00003d36       ?AtlHresultFromWin32@ATL@@YAJK@Z 10004d36 f i PINPad.obj
 0001:00003d4b       ?AtlInternalOleLoadFromStream@ATL@@YAJPAUIStream@@ABU_GUID@@PAPAXTClassesAllowedInStream@1@K@Z 10004d4b f i PINPad.obj
 0001:00003e74       ?AtlInternalQueryInterface@ATL@@YGJPAXPBU_ATL_INTMAP_ENTRY@1@ABU_GUID@@PAPAX@Z 10004e74 f i PINPad.obj
 0001:00003f17       ?AtlLoadTypeLib@ATL@@YGJPAUHINSTANCE__@@PB_WPAPA_WPAPAUITypeLib@@@Z 10004f17 f i PINPad.obj
 0001:000040f5       ?AtlRegisterClassCategoriesHelper@ATL@@YGJABU_GUID@@PBU_ATL_CATMAP_ENTRY@1@H@Z 100050f5 f i PINPad.obj
 0001:000043f1       ?AtlRegisterTypeLib@ATL@@YGJPAUHINSTANCE__@@PB_W@Z 100053f1 f i PINPad.obj
 0001:00004579       ?AtlThrowImpl@ATL@@YGXJ@Z  10005579 f i PINPad.obj
 0001:00004597       ?AtlUnRegisterTypeLib@ATL@@YGJPAUHINSTANCE__@@PB_W@Z 10005597 f i PINPad.obj
 0001:00004642       ?AtlWinModuleAddCreateWndData@ATL@@YGXPAU_ATL_WIN_MODULE70@1@PAU_AtlCreateWndData@1@PAX@Z 10005642 f i PINPad.obj
 0001:00004696       ?AtlWinModuleExtractCreateWndData@ATL@@YGPAXPAU_ATL_WIN_MODULE70@1@@Z 10005696 f i PINPad.obj
 0001:000046fa       ?AtlWinModuleRegisterClassExW@ATL@@YGGPAU_ATL_WIN_MODULE70@1@PBUtagWNDCLASSEXW@@@Z 100056fa f i PINPad.obj
 0001:00004739       ?CanForceRemoveKey@CRegParser@ATL@@IAEHPB_W@Z 10005739 f i PINPad.obj
 0001:00004768       ?ChToByte@CRegParser@ATL@@KAE_W@Z 10005768 f i PINPad.obj
 0001:000047f0       ?Cleanup@CComTypeInfoHolder@ATL@@SGXK@Z 100057f0 f i PINPad.obj
 0001:00004823       ?ClearReplacements@CExpansionVector@ATL@@QAEJXZ 10005823 f i PINPad.obj
 0001:00004860       ?Close@CRegKey@ATL@@QAEJXZ 10005860 f i PINPad.obj
 0001:0000487a       ?CreateInstance@?$CComCreator@V?$CComAggObject@VCOPOSPINPad@@@ATL@@@ATL@@SGJPAXABU_GUID@@PAPAX@Z 1000587a f i PINPad.obj
 0001:000048ef       ?CreateInstance@?$CComCreator@V?$CComObject@VCOPOSPINPad@@@ATL@@@ATL@@SGJPAXABU_GUID@@PAPAX@Z 100058ef f i PINPad.obj
 0001:00004978       ?CreateInstance@?$CComObject@V?$CComEnum@UIEnumConnectionPoints@@$1?_GUID_b196b285_bab4_101a_b69c_00aa00341d07@@3U__s_GUID@@BPAUIConnectionPoint@@V?$_CopyInterface@UIConnectionPoint@@@ATL@@VCComSingleThreadModel@6@@ATL@@@ATL@@SGJPAPAV12@@Z 10005978 f i PINPad.obj
 0001:000049c2       ?CreateInstance@?$CComObject@V?$CComEnum@UIEnumConnections@@$1?_GUID_b196b287_bab4_101a_b69c_00aa00341d07@@3U__s_GUID@@BUtagCONNECTDATA@@V?$_Copy@UtagCONNECTDATA@@@ATL@@VCComSingleThreadModel@6@@ATL@@@ATL@@SGJPAPAV12@@Z 100059c2 f i PINPad.obj
 0001:00004a0c       ?DefaultReflectionHandler@?$CWindowImplRoot@VCWindow@ATL@@@ATL@@SAHPAUHWND__@@IIJAAJ@Z 10005a0c f i PINPad.obj
 0001:00004aac       ?DeleteSubKey@CRegKey@ATL@@QAEJPB_W@Z 10005aac f i PINPad.obj
 0001:00004b25       ?DoEvent@COPOSPINPad@@IAEXIIJ@Z 10005b25 f i PINPad.obj
 0001:00004ba5       ?DoVerbHide@?$IOleObjectImpl@VCOPOSPINPad@@@ATL@@QAEJPBUtagRECT@@PAUHWND__@@@Z 10005ba5 f i PINPad.obj
 0001:00004bdb       ?DoVerbInPlaceActivate@?$IOleObjectImpl@VCOPOSPINPad@@@ATL@@QAEJPBUtagRECT@@PAUHWND__@@@Z 10005bdb f i PINPad.obj
 0001:00004c0e       ?DoVerbPrimary@?$IOleObjectImpl@VCOPOSPINPad@@@ATL@@QAEJPBUtagRECT@@PAUHWND__@@@Z 10005c0e f i PINPad.obj
 0001:00004c9a       ?DoVerbProperties@CComControlBase@ATL@@QAEJPBUtagRECT@@PAUHWND__@@@Z 10005c9a f i PINPad.obj
 0001:00004e19       ?DoVerbUIActivate@?$IOleObjectImpl@VCOPOSPINPad@@@ATL@@QAEJPBUtagRECT@@PAUHWND__@@@Z 10005e19 f i PINPad.obj
 0001:00004e56       ?DoesVerbActivate@CComControlBase@ATL@@QAEHJ@Z 10005e56 f i PINPad.obj
 0001:00004e7a       ?DoesVerbUIActivate@CComControlBase@ATL@@QAEHJ@Z 10005e7a f i PINPad.obj
 0001:00004eaf       ?EndOfVar@CRegParser@ATL@@IAEHXZ 10005eaf f i PINPad.obj
 0001:00004ecf       ?EscapeSingleQuote@CAtlModule@ATL@@SAXPA_WIPB_W@Z 10005ecf f i PINPad.obj
 0001:00004f1e       ?FindKey@?$CSimpleMap@PA_WPA_WVCExpansionVectorEqualHelper@ATL@@@ATL@@QBEHABQA_W@Z 10005f1e f i PINPad.obj
 0001:00004f55       ?FireTheEvent@?$CProxy_IOPOSEvents@VCOPOSPINPad@@@@IAEXPAVOposVariant@@IAAJPB_WJ@Z 10005f55 f i PINPad.obj
 0001:00004fe7       ?FireViewChange@CComControlBase@ATL@@QAEJXZ 10005fe7 f i PINPad.obj
 0001:00005030       ?Fire_DataEvent@?$CProxy_IOPOSEvents@VCOPOSPINPad@@@@QAEXJ@Z 10006030 f i PINPad.obj
 0001:000050c6       ?Fire_DirectIOEvent@?$CProxy_IOPOSEvents@VCOPOSPINPad@@@@QAEXJPAJPAPA_W@Z 100060c6 f i PINPad.obj
 0001:000051b2       ?Fire_ErrorEvent@?$CProxy_IOPOSEvents@VCOPOSPINPad@@@@QAEXJJJPAJ@Z 100061b2 f i PINPad.obj
 0001:000052a3       ?Fire_StatusUpdateEvent@?$CProxy_IOPOSEvents@VCOPOSPINPad@@@@QAEXJ@Z 100062a3 f i PINPad.obj
 0001:00005339       ?FreeHeap@?$CTempBuffer@E$0BAA@VCCRTAllocator@ATL@@@ATL@@AAEXXZ 10006339 f i PINPad.obj
 0001:00005339       ?FreeHeap@?$CTempBuffer@_W$0EAA@VCCRTAllocator@ATL@@@ATL@@AAEXXZ 10006339 f i PINPad.obj
 0001:00005339       ?FreeHeap@?$CTempBuffer@_W$0BAA@VCCRTAllocator@ATL@@@ATL@@AAEXXZ 10006339 f i PINPad.obj
 0001:00005342       ?GetAmbientLocaleID@CComControlBase@ATL@@QAEJAAK@Z 10006342 f i PINPad.obj
 0001:0000539e       ?GetAmbientUserMode@CComControlBase@ATL@@QAEJAAH@Z 1000639e f i PINPad.obj
 0001:0000540e       ?GetAt@CComDynamicUnkArray@ATL@@QAEPAUIUnknown@@H@Z 1000640e f i PINPad.obj
 0001:0000542a       ?GetClassObject@CComModule@ATL@@QAEJABU_GUID@@0PAPAX@Z 1000642a f i PINPad.obj
 0001:000054cc       ?GetConnMap@COPOSPINPad@@SAPBU_ATL_CONNMAP_ENTRY@ATL@@PAH@Z 100064cc f i PINPad.obj
 0001:0000553c       ?GetCookie@CComDynamicUnkArray@ATL@@QAGKPAPAUIUnknown@@@Z 1000653c f i PINPad.obj
 0001:00005574       ?GetIDsOfNames@CComTypeInfoHolder@ATL@@QAEJABU_GUID@@PAPA_WIKPAJ@Z 10006574 f i PINPad.obj
 0001:00005694       ?GetKeyAt@?$CSimpleMap@PA_WPA_WVCExpansionVectorEqualHelper@ATL@@@ATL@@QBEAAPA_WH@Z 10006694 f i PINPad.obj
 0001:000056b9       ?GetPagesHelper@?$ISpecifyPropertyPagesImpl@VCOPOSPINPad@@@ATL@@IAEJPAUtagCAUUID@@PBUATL_PROPMAP_ENTRY@2@@Z 100066b9 f i PINPad.obj
 0001:000057e0       ?GetProperty@?$CComPtr@UIDispatch@@@ATL@@SAJPAUIDispatch@@JPAUtagVARIANT@@@Z 100067e0 f i PINPad.obj
 0001:0000582f       ?GetSizeMax@CComVariant@ATL@@QBEJPAT_ULARGE_INTEGER@@@Z 1000682f f i PINPad.obj
 0001:000059f1       ?GetTI@CComTypeInfoHolder@ATL@@QAEJK@Z 100069f1 f i PINPad.obj
 0001:00005bd1       ?GetTI@CComTypeInfoHolder@ATL@@QAEJKPAPAUITypeInfo@@@Z 10006bd1 f i PINPad.obj
 0001:00005c0f       ?GetUnknown@CComDynamicUnkArray@ATL@@QAGPAUIUnknown@@K@Z 10006c0f f i PINPad.obj
 0001:00005c30       ?GetValueAt@?$CSimpleMap@PA_WPA_WVCExpansionVectorEqualHelper@ATL@@@ATL@@QBEAAPA_WH@Z 10006c30 f i PINPad.obj
 0001:00005c56       ?GetZoomInfo@CComControlBase@ATL@@QAEXAAUATL_DRAWINFO@@@Z 10006c56 f i PINPad.obj
 0001:00005ce9       ?HKeyFromString@CRegParser@ATL@@KAPAUHKEY__@@PA_W@Z 10006ce9 f i PINPad.obj
 0001:00005d17       ?HasSubKeys@CRegParser@ATL@@IAEHPAUHKEY__@@@Z 10006d17 f i PINPad.obj
 0001:00005d4c       ?IDataObject_GetData@CComControlBase@ATL@@QAEJPAUtagFORMATETC@@PAUtagSTGMEDIUM@@@Z 10006d4c f i PINPad.obj
 0001:00005eee       ?IOleInPlaceObject_InPlaceDeactivate@CComControlBase@ATL@@QAEJXZ 10006eee f i PINPad.obj
 0001:00005f75       ?IOleInPlaceObject_SetObjectRects@CComControlBase@ATL@@QAEJPBUtagRECT@@0@Z 10006f75 f i PINPad.obj
 0001:00006042       ?IOleInPlaceObject_UIDeactivate@CComControlBase@ATL@@QAEJXZ 10007042 f i PINPad.obj
 0001:00006104       ?IOleObject_Advise@CComControlBase@ATL@@QAEJPAUIAdviseSink@@PAK@Z 10007104 f i PINPad.obj
 0001:0000612e       ?IOleObject_Close@CComControlBase@ATL@@QAEJK@Z 1000712e f i PINPad.obj
 0001:00006212       ?IOleObject_GetClientSite@CComControlBase@ATL@@QAEJPAPAUIOleClientSite@@@Z 10007212 f i PINPad.obj
 0001:0000623b       ?IOleObject_SetClientSite@CComControlBase@ATL@@QAEJPAUIOleClientSite@@@Z 1000723b f i PINPad.obj
 0001:0000627a       ?IOleObject_SetExtent@CComControlBase@ATL@@QAEJKPAUtagSIZE@@@Z 1000727a f i PINPad.obj
 0001:0000632c       ?IPSI_GetIPersistStreamInit@?$IPersistStorageImpl@VCOPOSPINPad@@@ATL@@AAEPAUIPersistStreamInit@@XZ 1000732c f i PINPad.obj
 0001:000063d4       ?IPersistStreamInit_Load@?$IPersistStreamInitImpl@VCOPOSPINPad@@@ATL@@QAEJPAUIStream@@PBUATL_PROPMAP_ENTRY@2@@Z 100073d4 f i PINPad.obj
 0001:0000664a       ?IPersistStreamInit_Save@?$IPersistStreamInitImpl@VCOPOSPINPad@@@ATL@@QAEJPAUIStream@@HPBUATL_PROPMAP_ENTRY@2@@Z 1000764a f i PINPad.obj
 0001:00006839       ?IQuickActivate_QuickActivate@CComControlBase@ATL@@QAEJPAUtagQACONTAINER@@PAUtagQACONTROL@@@Z 10007839 f i PINPad.obj
 0001:00006a7b       ?IViewObject_Draw@CComControlBase@ATL@@QAEJKJPAXPAUtagDVTARGETDEVICE@@PAUHDC__@@2PBU_RECTL@@3@Z 10007a7b f i PINPad.obj
 0001:00006b23       ?InPlaceActivate@CComControlBase@ATL@@QAEJJPBUtagRECT@@@Z 10007b23 f i PINPad.obj
 0001:00006d95       ?Init@?$CComEnumImpl@UIEnumConnectionPoints@@$1?_GUID_b196b285_bab4_101a_b69c_00aa00341d07@@3U__s_GUID@@BPAUIConnectionPoint@@V?$_CopyInterface@UIConnectionPoint@@@ATL@@@ATL@@QAEJPAPAUIConnectionPoint@@0PAUIUnknown@@W4CComEnumFlags@2@@Z 10007d95 f i PINPad.obj
 0001:00006e71       ?Init@?$CComEnumImpl@UIEnumConnections@@$1?_GUID_b196b287_bab4_101a_b69c_00aa00341d07@@3U__s_GUID@@BUtagCONNECTDATA@@V?$_Copy@UtagCONNECTDATA@@@ATL@@@ATL@@QAEJPAUtagCONNECTDATA@@0PAUIUnknown@@W4CComEnumFlags@2@@Z 10007e71 f i PINPad.obj
 0001:00006f4d       ?Init@CComModule@ATL@@QAEJPAU_ATL_OBJMAP_ENTRY30@2@PAUHINSTANCE__@@PBU_GUID@@@Z 10007f4d f i PINPad.obj
 0001:00006fac       ?Init@CDynamicStdCallThunk2@ATL@@QAEHKPAX@Z 10007fac f i PINPad.obj
 0001:00006fd7       ?InlineIsEqualUnknown@ATL@@YGHABU_GUID@@@Z 10007fd7 f i PINPad.obj
 0001:00006fff       ?InternalSetAtIndex@?$CSimpleMap@PA_WPA_WVCExpansionVectorEqualHelper@ATL@@@ATL@@QAEXHABQA_W0@Z 10007fff f i PINPad.obj
 0001:00007029       ?Invoke@CComTypeInfoHolder@ATL@@QAEJPAUIDispatch@@JABU_GUID@@KGPAUtagDISPPARAMS@@PAUtagVARIANT@@PAUtagEXCEPINFO@@PAI@Z 10008029 f i PINPad.obj
 0001:0000706a       ?IsEqualObject@?$CComPtrBase@UIOleClientSite@@@ATL@@QAE_NPAUIUnknown@@@Z 1000806a f i PINPad.obj
 0001:0000706a       ?IsEqualObject@?$CComPtrBase@UITypeInfo@@@ATL@@QAE_NPAUIUnknown@@@Z 1000806a f i PINPad.obj
 0001:000070d6       ?IsSpace@CRegParser@ATL@@IAEH_W@Z 100080d6 f i PINPad.obj
 0001:000070fc       ?LoadNameCache@CComTypeInfoHolder@ATL@@QAEJPAUITypeInfo@@@Z 100080fc f i PINPad.obj
 0001:00007231       ?Lookup@?$CSimpleMap@PA_WPA_WVCExpansionVectorEqualHelper@ATL@@@ATL@@QBEPA_WABQA_W@Z 10008231 f i PINPad.obj
 0001:00007257       ?NextToken@CRegParser@ATL@@IAEJPA_W@Z 10008257 f i PINPad.obj
 0001:00007386       ?OnKillFocus@CComControlBase@ATL@@QAEJIIJAAH@Z 10008386 f i PINPad.obj
 0001:000073e1       ?OnMouseActivate@CComControlBase@ATL@@QAEJIIJAAH@Z 100083e1 f i PINPad.obj
 0001:0000744f       ?OnPaint@CComControlBase@ATL@@QAEJIIJAAH@Z 1000844f f i PINPad.obj
 0001:00007506       ?OnSetFocus@CComControlBase@ATL@@QAEJIIJAAH@Z 10008506 f i PINPad.obj
 0001:00007591       ?Open@CRegKey@ATL@@QAEJPAUHKEY__@@PB_WK@Z 10008591 f i PINPad.obj
 0001:000075e6       ?PreProcessBuffer@CRegParser@ATL@@QAEJPA_WPAPA_W@Z 100085e6 f i PINPad.obj
 0001:00007856       ?ProcessWindowMessage@?$CComControl@VCOPOSPINPad@@V?$CWindowImpl@VCOPOSPINPad@@VCWindow@ATL@@V?$CWinTraits@$0FGAAAAAA@$0A@@3@@ATL@@@ATL@@UAEHPAUHWND__@@IIJAAJK@Z 10008856 f i PINPad.obj
 0001:000078fe       ?ReadFromStream@CComBSTR@ATL@@QAEJPAUIStream@@@Z 100088fe f i PINPad.obj
 0001:00007a21       ?ReadFromStream@CComVariant@ATL@@QAEJPAUIStream@@GTClassesAllowedInStream@2@K@Z 10008a21 f i PINPad.obj
 0001:00007bab       ?RecurseDeleteKey@CRegKey@ATL@@QAEJPB_W@Z 10008bab f i PINPad.obj
 0001:00007c99       ?RegCreateKeyExW@CAtlTransactionManager@ATL@@QAEJPAUHKEY__@@PB_WKPA_WKKQAU_SECURITY_ATTRIBUTES@@PAPAU3@PAK@Z 10008c99 f i PINPad.obj
 0001:00007cfc       ?RegDeleteKeyW@CAtlTransactionManager@ATL@@QAEJPAUHKEY__@@PB_W@Z 10008cfc f i PINPad.obj
 0001:00007d4e       ?RegOpenKeyExW@CAtlTransactionManager@ATL@@QAEJPAUHKEY__@@PB_WKKPAPAU3@@Z 10008d4e f i PINPad.obj
 0001:00007da5       ?Register@_ATL_WNDCLASSINFOW@ATL@@QAEGPAP6GJPAUHWND__@@IIJ@Z@Z 10008da5 f i PINPad.obj
 0001:00007dc5       ?RegisterBuffer@CRegParser@ATL@@QAEJPA_WH@Z 10008dc5 f i PINPad.obj
 0001:00007f0c       ?RegisterFromResource@CRegObject@ATL@@IAEJPB_W00H@Z 10008f0c f i PINPad.obj
 0001:00008042       ?RegisterServer@?$CAtlModuleT@VCComModule@ATL@@@ATL@@QAEJHPBU_GUID@@@Z 10009042 f i PINPad.obj
 0001:00008070       ?RegisterServer@CComModule@ATL@@QAEJHPBU_GUID@@@Z 10009070 f i PINPad.obj
 0001:000080e1       ?RegisterSubkeys@CRegParser@ATL@@IAEJPA_WPAUHKEY__@@HH@Z 100090e1 f i PINPad.obj
 0001:0000873d       ?Remove@CComDynamicUnkArray@ATL@@QAEHK@Z 1000973d f i PINPad.obj
 0001:00008766       ?RemoveAll@?$CSimpleMap@PA_WPA_WVCExpansionVectorEqualHelper@ATL@@@ATL@@QAEXXZ 10009766 f i PINPad.obj
 0001:00008792       ?ResourceRegisterSz@CRegObject@ATL@@QAGJPB_W00@Z 10009792 f i PINPad.obj
 0001:000087bf       ?ResourceUnregisterSz@CRegObject@ATL@@QAGJPB_W00@Z 100097bf f i PINPad.obj
 0001:000087ec       ?SendOnDataChange@CComControlBase@ATL@@QAEJK@Z 100097ec f i PINPad.obj
 0001:00008839       ?SetControlFocus@CComControlBase@ATL@@QAEHH@Z 10009839 f i PINPad.obj
 0001:000088d4       ?SetMultiStringValue@CRegKey@ATL@@QAEJPB_W0@Z 100098d4 f i PINPad.obj
 0001:00008930       ?SetStringValue@CRegKey@ATL@@QAEJPB_W0K@Z 10009930 f i PINPad.obj
 0001:00008979       ?SkipAssignment@CRegParser@ATL@@IAEJPA_W@Z 10009979 f i PINPad.obj
 0001:000089e5       ?SkipWhiteSpace@CRegParser@ATL@@IAEXXZ 100099e5 f i PINPad.obj
 0001:00008a0e       ?StrChrW@CRegParser@ATL@@KAPA_WPA_W_W@Z 10009a0e f i PINPad.obj
 0001:00008a4b       ?Term@CAtlModule@ATL@@QAEXXZ 10009a4b f i PINPad.obj
 0001:00008ac8       ?Term@CComModule@ATL@@QAEXXZ 10009ac8 f i PINPad.obj
 0001:00008b20       ?UnregisterServer@?$CAtlModuleT@VCComModule@ATL@@@ATL@@QAEJHPBU_GUID@@@Z 10009b20 f i PINPad.obj
 0001:00008b46       ?UnregisterServer@CComModule@ATL@@QAEJHPBU_GUID@@@Z 10009b46 f i PINPad.obj
 0001:00008bb7       ?UpdateRegistryFromResource@CAtlModule@ATL@@QAGJIHPAU_ATL_REGMAP_ENTRY@2@@Z 10009bb7 f i PINPad.obj
 0001:00008d82       ?UpdateRegistryFromResource@CAtlModule@ATL@@QAGJPB_WHPAU_ATL_REGMAP_ENTRY@2@@Z 10009d82 f i PINPad.obj
 0001:00008f53       ?VTFromRegType@CRegParser@ATL@@KAHPB_WAAG@Z 10009f53 f i PINPad.obj
 0001:00008fc0       ?WindowProc@?$CWindowImplBaseT@VCWindow@ATL@@V?$CWinTraits@$0FGAAAAAA@$0A@@2@@ATL@@SGJPAUHWND__@@IIJ@Z 10009fc0 f i PINPad.obj
 0001:000090ae       ?WriteToStream@CComBSTR@ATL@@QAEJPAUIStream@@@Z 1000a0ae f i PINPad.obj
 0001:00009110       ?WriteToStream@CComVariant@ATL@@QAEJPAUIStream@@@Z 1000a110 f i PINPad.obj
 0001:0000928a       ?WriteToStream@CComVariant@ATL@@QAEJPAUIStream@@G@Z 1000a28a f i PINPad.obj
 0001:000092f3       ?_AtlInitialConstruct@?$CComObjectRootEx@VCComMultiThreadModel@ATL@@@ATL@@QAEJXZ 1000a2f3 f i PINPad.obj
 0001:00009308       ?_AtlVerifyStackAvailable@_ATL_SAFE_ALLOCA_IMPL@ATL@@YA_NK@Z 1000a308 f i PINPad.obj
 0001:00009386       ?atlCreate@?$CWindowImpl@VCOPOSPINPad@@VCWindow@ATL@@V?$CWinTraits@$0FGAAAAAA@$0A@@3@@ATL@@QAEPAUHWND__@@PAU3@V_U_RECT@2@PB_WKKV_U_MENUorID@2@PAX@Z 1000a386 f i PINPad.obj
 0001:000093d1       ?atlCreate@?$CWindowImplBaseT@VCWindow@ATL@@V?$CWinTraits@$0FGAAAAAA@$0A@@2@@ATL@@QAEPAUHWND__@@PAU3@V_U_RECT@2@PB_WKKV_U_MENUorID@2@GPAX@Z 1000a3d1 f i PINPad.obj
 0001:0000946d       ?copy@?$_Copy@UtagCONNECTDATA@@@ATL@@SAJPAUtagCONNECTDATA@@PBU3@@Z 1000a46d f i PINPad.obj
 0001:000094a3       ?copy@?$_CopyInterface@UIConnectionPoint@@@ATL@@SAJPAPAUIConnectionPoint@@PBQAU3@@Z 1000a4a3 f i PINPad.obj
 0001:000094d1       ?memcpy_s@Checked@ATL@@YAXPAXIPBXI@Z 1000a4d1 f i PINPad.obj
 0001:000094f0       ?ocscpy_s@@YA_NPA_WIPB_W@Z 1000a4f0 f i PINPad.obj
 0001:0000953a       ?wcscpy_s@Checked@ATL@@YAXPA_WIPB_W@Z 1000a53a f i PINPad.obj
 0001:00009556       _DllCanUnloadNow@0         1000a556 f   PINPad.obj
 0001:00009562       _DllGetClassObject@12      1000a562 f   PINPad.obj
 0001:00009570       _DllMain@12                1000a570 f   PINPad.obj
 0001:000095b2       _DllRegisterServer@0       1000a5b2 f   PINPad.obj
 0001:000095c1       _DllUnregisterServer@0     1000a5c1 f   PINPad.obj
 0001:000095d0       _InlineIsEqualGUID         1000a5d0 f i PINPad.obj
 0001:00009600       ___local_stdio_printf_options 1000a600 f i PINPad.obj
 0001:00009606       __vswprintf_s_l            1000a606 f i PINPad.obj
 0001:000096b3       _swprintf_s                1000a6b3 f i PINPad.obj
 0001:000096cf       ??0?$CComControl@VCOPOSPINPad@@V?$CWindowImpl@VCOPOSPINPad@@VCWindow@ATL@@V?$CWinTraits@$0FGAAAAAA@$0A@@3@@ATL@@@ATL@@QAE@XZ 1000a6cf f i PINPadImpl.obj
 0001:000096f6       ??0?$CProxy_IOPOSEvents@VCOPOSPINPad@@@@QAE@XZ 1000a6f6 f i PINPadImpl.obj
 0001:00009716       ??0CComControlBase@ATL@@QAE@AAPAUHWND__@@@Z 1000a716 f i PINPadImpl.obj
 0001:00009766       ??0COPOSPINPad@@QAE@XZ     1000a766 f   PINPadImpl.obj
 0001:0000979c       ??1?$CComControl@VCOPOSPINPad@@V?$CWindowImpl@VCOPOSPINPad@@VCWindow@ATL@@V?$CWinTraits@$0FGAAAAAA@$0A@@3@@ATL@@@ATL@@UAE@XZ 1000a79c f i PINPadImpl.obj
 0001:000097b5       ??1?$IConnectionPointImpl@VCOPOSPINPad@@$1?IID_IPropertyNotifySink@@3U_GUID@@BVCComDynamicUnkArray@ATL@@@ATL@@QAE@XZ 1000a7b5 f i PINPadImpl.obj
 0001:000097b5       ??1?$IConnectionPointImpl@VCOPOSPINPad@@$1?DIID__IOPOSPINPadEvents@@3U_GUID@@BVCComDynamicUnkArray@ATL@@@ATL@@QAE@XZ 1000a7b5 f i PINPadImpl.obj
 0001:000097f2       ??1CComControlBase@ATL@@UAE@XZ 1000a7f2 f i PINPadImpl.obj
 0001:00009855       ??1COPOSPINPad@@UAE@XZ     1000a855 f   PINPadImpl.obj
 0001:0000989d       ?BeginEFTTransaction@COPOSPINPad@@UAGJPA_WJPAJ@Z 1000a89d f   PINPadImpl.obj
 0001:00009919       ?CheckHealth@COPOSPINPad@@UAGJJPAJ@Z 1000a919 f   PINPadImpl.obj
 0001:00009968       ?ClaimDevice@COPOSPINPad@@UAGJJPAJ@Z 1000a968 f   PINPadImpl.obj
 0001:000099dd       ?ClearInput@COPOSPINPad@@UAGJPAJ@Z 1000a9dd f   PINPadImpl.obj
 0001:000099f8       ?ClearInputProperties@COPOSPINPad@@UAGJPAJ@Z 1000a9f8 f   PINPadImpl.obj
 0001:00009a13       ?Close@COPOSPINPad@@UAGJPAJ@Z 1000aa13 f   PINPadImpl.obj
 0001:00009a81       ?CompareFirmwareVersion@COPOSPINPad@@UAGJPA_WPAJ1@Z 1000aa81 f   PINPadImpl.obj
 0001:00009b01       ?ComputeMAC@COPOSPINPad@@UAGJPA_WPAPA_WPAJ@Z 1000ab01 f   PINPadImpl.obj
 0001:00009b81       ?DirectIO@COPOSPINPad@@UAGJJPAJPAPA_W0@Z 1000ab81 f   PINPadImpl.obj
 0001:00009c2f       ?DoInvoke@COPOSPINPad@@IAEJJPAVOposVariant@@IHPAJ_N@Z 1000ac2f f   PINPadImpl.obj
 0001:00009d0b       ?EnablePINEntry@COPOSPINPad@@UAGJPAJ@Z 1000ad0b f   PINPadImpl.obj
 0001:00009d26       ?EndEFTTransaction@COPOSPINPad@@UAGJJPAJ@Z 1000ad26 f   PINPadImpl.obj
 0001:00009d75       ?EventClose@COPOSPINPad@@IAEXXZ 1000ad75 f i PINPadImpl.obj
 0001:00009da8       ?EventInit@COPOSPINPad@@IAEJXZ 1000ada8 f i PINPadImpl.obj
 0001:00009e7c       ?EventUninit@COPOSPINPad@@IAEXXZ 1000ae7c f i PINPadImpl.obj
 0001:00009ece       ?EventWindowProc@COPOSPINPad@@IAGJIIJ@Z 1000aece f i PINPadImpl.obj
 0001:00009fa2       ?FinalConstruct@COPOSPINPad@@QAEJXZ 1000afa2 f   PINPadImpl.obj
 0001:00009fdb       ?FireEventCleanup@COPOSPINPad@@IAEXXZ 1000afdb f i PINPadImpl.obj
 0001:00009ff1       ?FireEventSetup@COPOSPINPad@@IAE_NXZ 1000aff1 f i PINPadImpl.obj
 0001:0000a025       ?FreezeEvents@COPOSPINPad@@MAGJH@Z 1000b025 f   PINPadImpl.obj
 0001:0000a07e       ?GetOposProp@COPOSPINPad@@IAEJJPAFJ@Z 1000b07e f   PINPadImpl.obj
 0001:0000a0a1       ?GetOposProp@COPOSPINPad@@IAEJJPAJJ@Z 1000b0a1 f   PINPadImpl.obj
 0001:0000a170       ?GetOposProp@COPOSPINPad@@IAEJJPAPA_WJ@Z 1000b170 f   PINPadImpl.obj
 0001:0000a24c       ?OnDraw@COPOSPINPad@@MAEJAAUATL_DRAWINFO@@@Z 1000b24c f   PINPadImpl.obj
 0001:0000a2ec       ?Open@COPOSPINPad@@UAGJPA_WPAJ@Z 1000b2ec f   PINPadImpl.obj
 0001:0000ab2b       ?ReleaseDevice@COPOSPINPad@@UAGJPAJ@Z 1000bb2b f   PINPadImpl.obj
 0001:0000ab7a       ?ResetStatistics@COPOSPINPad@@UAGJPA_WPAJ@Z 1000bb7a f   PINPadImpl.obj
 0001:0000abd1       ?RetrieveStatistics@COPOSPINPad@@UAGJPAPA_WPAJ@Z 1000bbd1 f   PINPadImpl.obj
 0001:0000ac28       ?SOProcessID@COPOSPINPad@@UAGJPAJ@Z 1000bc28 f   PINPadImpl.obj
 0001:0000ac3c       ?SetCOFreezeEvents@COPOSPINPad@@IAEXF@Z 1000bc3c f   PINPadImpl.obj
 0001:0000acdc       ?SetOposProp@COPOSPINPad@@IAEJJJJ@Z 1000bcdc f   PINPadImpl.obj
 0001:0000add3       ?SetOposProp@COPOSPINPad@@IAEJJPA_WJ@Z 1000bdd3 f   PINPadImpl.obj
 0001:0000aed4       ?UpdateFirmware@COPOSPINPad@@UAGJPA_WPAJ@Z 1000bed4 f   PINPadImpl.obj
 0001:0000af2b       ?UpdateKey@COPOSPINPad@@UAGJJPA_WPAJ@Z 1000bf2b f   PINPadImpl.obj
 0001:0000afa7       ?UpdateStatistics@COPOSPINPad@@UAGJPA_WPAJ@Z 1000bfa7 f   PINPadImpl.obj
 0001:0000affe       ?VerifyMAC@COPOSPINPad@@UAGJPA_WPAJ@Z 1000bffe f   PINPadImpl.obj
 0001:0000b055       ?get_AccountNumber@COPOSPINPad@@UAGJPAPA_W@Z 1000c055 f   PINPadImpl.obj
 0001:0000b06e       ?get_AdditionalSecurityInformation@COPOSPINPad@@UAGJPAPA_W@Z 1000c06e f   PINPadImpl.obj
 0001:0000b087       ?get_Amount@COPOSPINPad@@UAGJPATtagCY@@@Z 1000c087 f   PINPadImpl.obj
 0001:0000b118       ?get_AvailableLanguagesList@COPOSPINPad@@UAGJPAPA_W@Z 1000c118 f   PINPadImpl.obj
 0001:0000b131       ?get_AvailablePromptsList@COPOSPINPad@@UAGJPAPA_W@Z 1000c131 f   PINPadImpl.obj
 0001:0000b14a       ?get_BinaryConversion@COPOSPINPad@@UAGJPAJ@Z 1000c14a f   PINPadImpl.obj
 0001:0000b160       ?get_CapCompareFirmwareVersion@COPOSPINPad@@UAGJPAF@Z 1000c160 f   PINPadImpl.obj
 0001:0000b179       ?get_CapDisplay@COPOSPINPad@@UAGJPAJ@Z 1000c179 f   PINPadImpl.obj
 0001:0000b192       ?get_CapKeyboard@COPOSPINPad@@UAGJPAF@Z 1000c192 f   PINPadImpl.obj
 0001:0000b1ab       ?get_CapLanguage@COPOSPINPad@@UAGJPAJ@Z 1000c1ab f   PINPadImpl.obj
 0001:0000b1c4       ?get_CapMACCalculation@COPOSPINPad@@UAGJPAF@Z 1000c1c4 f   PINPadImpl.obj
 0001:0000b1dd       ?get_CapPowerReporting@COPOSPINPad@@UAGJPAJ@Z 1000c1dd f   PINPadImpl.obj
 0001:0000b1f6       ?get_CapStatisticsReporting@COPOSPINPad@@UAGJPAF@Z 1000c1f6 f   PINPadImpl.obj
 0001:0000b20f       ?get_CapTone@COPOSPINPad@@UAGJPAF@Z 1000c20f f   PINPadImpl.obj
 0001:0000b228       ?get_CapUpdateFirmware@COPOSPINPad@@UAGJPAF@Z 1000c228 f   PINPadImpl.obj
 0001:0000b241       ?get_CapUpdateStatistics@COPOSPINPad@@UAGJPAF@Z 1000c241 f   PINPadImpl.obj
 0001:0000b25a       ?get_CheckHealthText@COPOSPINPad@@UAGJPAPA_W@Z 1000c25a f   PINPadImpl.obj
 0001:0000b273       ?get_Claimed@COPOSPINPad@@UAGJPAF@Z 1000c273 f   PINPadImpl.obj
 0001:0000b289       ?get_ControlObjectDescription@COPOSPINPad@@UAGJPAPA_W@Z 1000c289 f   PINPadImpl.obj
 0001:0000b2d7       ?get_ControlObjectVersion@COPOSPINPad@@UAGJPAJ@Z 1000c2d7 f   PINPadImpl.obj
 0001:0000b2ea       ?get_DataCount@COPOSPINPad@@UAGJPAJ@Z 1000c2ea f   PINPadImpl.obj
 0001:0000b300       ?get_DataEventEnabled@COPOSPINPad@@UAGJPAF@Z 1000c300 f   PINPadImpl.obj
 0001:0000b316       ?get_DeviceDescription@COPOSPINPad@@UAGJPAPA_W@Z 1000c316 f   PINPadImpl.obj
 0001:0000b32f       ?get_DeviceEnabled@COPOSPINPad@@UAGJPAF@Z 1000c32f f   PINPadImpl.obj
 0001:0000b345       ?get_DeviceName@COPOSPINPad@@UAGJPAPA_W@Z 1000c345 f   PINPadImpl.obj
 0001:0000b35e       ?get_EncryptedPIN@COPOSPINPad@@UAGJPAPA_W@Z 1000c35e f   PINPadImpl.obj
 0001:0000b377       ?get_FreezeEvents@COPOSPINPad@@UAGJPAF@Z 1000c377 f   PINPadImpl.obj
 0001:0000b38d       ?get_MaximumPINLength@COPOSPINPad@@UAGJPAJ@Z 1000c38d f   PINPadImpl.obj
 0001:0000b3a6       ?get_MerchantID@COPOSPINPad@@UAGJPAPA_W@Z 1000c3a6 f   PINPadImpl.obj
 0001:0000b3bf       ?get_MinimumPINLength@COPOSPINPad@@UAGJPAJ@Z 1000c3bf f   PINPadImpl.obj
 0001:0000b3d8       ?get_OpenResult@COPOSPINPad@@UAGJPAJ@Z 1000c3d8 f   PINPadImpl.obj
 0001:0000b3ef       ?get_PINEntryEnabled@COPOSPINPad@@UAGJPAF@Z 1000c3ef f   PINPadImpl.obj
 0001:0000b408       ?get_PowerNotify@COPOSPINPad@@UAGJPAJ@Z 1000c408 f   PINPadImpl.obj
 0001:0000b41e       ?get_PowerState@COPOSPINPad@@UAGJPAJ@Z 1000c41e f   PINPadImpl.obj
 0001:0000b434       ?get_Prompt@COPOSPINPad@@UAGJPAJ@Z 1000c434 f   PINPadImpl.obj
 0001:0000b44d       ?get_PromptLanguage@COPOSPINPad@@UAGJPAJ@Z 1000c44d f   PINPadImpl.obj
 0001:0000b466       ?get_ResultCode@COPOSPINPad@@UAGJPAJ@Z 1000c466 f   PINPadImpl.obj
 0001:0000b4a4       ?get_ResultCodeExtended@COPOSPINPad@@UAGJPAJ@Z 1000c4a4 f   PINPadImpl.obj
 0001:0000b4ba       ?get_ServiceObjectDescription@COPOSPINPad@@UAGJPAPA_W@Z 1000c4ba f   PINPadImpl.obj
 0001:0000b4d3       ?get_ServiceObjectVersion@COPOSPINPad@@UAGJPAJ@Z 1000c4d3 f   PINPadImpl.obj
 0001:0000b4e9       ?get_State@COPOSPINPad@@UAGJPAJ@Z 1000c4e9 f   PINPadImpl.obj
 0001:0000b515       ?get_TerminalID@COPOSPINPad@@UAGJPAPA_W@Z 1000c515 f   PINPadImpl.obj
 0001:0000b52e       ?get_Track1Data@COPOSPINPad@@UAGJPAPA_W@Z 1000c52e f   PINPadImpl.obj
 0001:0000b547       ?get_Track2Data@COPOSPINPad@@UAGJPAPA_W@Z 1000c547 f   PINPadImpl.obj
 0001:0000b560       ?get_Track3Data@COPOSPINPad@@UAGJPAPA_W@Z 1000c560 f   PINPadImpl.obj
 0001:0000b579       ?get_Track4Data@COPOSPINPad@@UAGJPAPA_W@Z 1000c579 f   PINPadImpl.obj
 0001:0000b592       ?get_TransactionType@COPOSPINPad@@UAGJPAJ@Z 1000c592 f   PINPadImpl.obj
 0001:0000b5ab       ?put_AccountNumber@COPOSPINPad@@UAGJPA_W@Z 1000c5ab f   PINPadImpl.obj
 0001:0000b5c4       ?put_Amount@COPOSPINPad@@UAGJTtagCY@@@Z 1000c5c4 f   PINPadImpl.obj
 0001:0000b665       ?put_BinaryConversion@COPOSPINPad@@UAGJJ@Z 1000c665 f   PINPadImpl.obj
 0001:0000b67b       ?put_DataEventEnabled@COPOSPINPad@@UAGJF@Z 1000c67b f   PINPadImpl.obj
 0001:0000b698       ?put_DeviceEnabled@COPOSPINPad@@UAGJF@Z 1000c698 f   PINPadImpl.obj
 0001:0000b6b5       ?put_FreezeEvents@COPOSPINPad@@UAGJF@Z 1000c6b5 f   PINPadImpl.obj
 0001:0000b701       ?put_MaximumPINLength@COPOSPINPad@@UAGJJ@Z 1000c701 f   PINPadImpl.obj
 0001:0000b71a       ?put_MerchantID@COPOSPINPad@@UAGJPA_W@Z 1000c71a f   PINPadImpl.obj
 0001:0000b733       ?put_MinimumPINLength@COPOSPINPad@@UAGJJ@Z 1000c733 f   PINPadImpl.obj
 0001:0000b74c       ?put_PowerNotify@COPOSPINPad@@UAGJJ@Z 1000c74c f   PINPadImpl.obj
 0001:0000b762       ?put_Prompt@COPOSPINPad@@UAGJJ@Z 1000c762 f   PINPadImpl.obj
 0001:0000b77b       ?put_PromptLanguage@COPOSPINPad@@UAGJJ@Z 1000c77b f   PINPadImpl.obj
 0001:0000b794       ?put_TerminalID@COPOSPINPad@@UAGJPA_W@Z 1000c794 f   PINPadImpl.obj
 0001:0000b7ad       ?put_Track1Data@COPOSPINPad@@UAGJPA_W@Z 1000c7ad f   PINPadImpl.obj
 0001:0000b7c6       ?put_Track2Data@COPOSPINPad@@UAGJPA_W@Z 1000c7c6 f   PINPadImpl.obj
 0001:0000b7df       ?put_Track3Data@COPOSPINPad@@UAGJPA_W@Z 1000c7df f   PINPadImpl.obj
 0001:0000b7f8       ?put_Track4Data@COPOSPINPad@@UAGJPA_W@Z 1000c7f8 f   PINPadImpl.obj
 0001:0000b811       ?put_TransactionType@COPOSPINPad@@UAGJJ@Z 1000c811 f   PINPadImpl.obj
 0001:0000b82a       ?s_EventWindowProc@COPOSPINPad@@KGJPAUHWND__@@IIJ@Z 1000c82a f i PINPadImpl.obj
 0001:0000b87c       ??_U@YAPAXI@Z              1000c87c f   LIBCMT:new_array.obj
 0001:0000b885       ??3@YAXPAXI@Z              1000c885 f   LIBCMT:delete_scalar_size.obj
 0001:0000b893       ??_V@YAXPAX@Z              1000c893 f   LIBCMT:delete_array.obj
 0001:0000b898       ??_V@YAXPAXI@Z             1000c898 f   LIBCMT:delete_array_size.obj
 0001:0000b8ea       ___scrt_acquire_startup_lock 1000c8ea f   LIBCMT:utility.obj
 0001:0000b91c       ___scrt_dllmain_after_initialize_c 1000c91c f   LIBCMT:utility.obj
 0001:0000b947       ___scrt_dllmain_before_initialize_c 1000c947 f   LIBCMT:utility.obj
 0001:0000b955       ___scrt_dllmain_crt_thread_attach 1000c955 f   LIBCMT:utility.obj
 0001:0000b974       ___scrt_dllmain_crt_thread_detach 1000c974 f   LIBCMT:utility.obj
 0001:0000b981       ___scrt_dllmain_exception_filter 1000c981 f   LIBCMT:utility.obj
 0001:0000b9b5       ___scrt_dllmain_uninitialize_c 1000c9b5 f   LIBCMT:utility.obj
 0001:0000b9d8       ___scrt_dllmain_uninitialize_critical 1000c9d8 f   LIBCMT:utility.obj
 0001:0000b9e5       ___scrt_initialize_crt     1000c9e5 f   LIBCMT:utility.obj
 0001:0000ba1e       ___scrt_initialize_onexit_tables 1000ca1e f   LIBCMT:utility.obj
 0001:0000baa5       ___scrt_is_nonwritable_in_current_image 1000caa5 f   LIBCMT:utility.obj
 0001:0000bb39       ___scrt_release_startup_lock 1000cb39 f   LIBCMT:utility.obj
 0001:0000bb56       ___scrt_uninitialize_crt   1000cb56 f   LIBCMT:utility.obj
 0001:0000bb7e       __onexit                   1000cb7e f   LIBCMT:utility.obj
 0001:0000bbab       _atexit                    1000cbab f   LIBCMT:utility.obj
 0001:0000bbc0       ??3@YAXPAX@Z               1000cbc0 f   LIBCMT:delete_scalar.obj
 0001:0000bc8a       __Init_thread_footer       1000cc8a f   LIBCMT:thread_safe_statics.obj
 0001:0000bcd4       __Init_thread_header       1000ccd4 f   LIBCMT:thread_safe_statics.obj
 0001:0000bd26       __Init_thread_notify       1000cd26 f   LIBCMT:thread_safe_statics.obj
 0001:0000bd5c       __Init_thread_wait         1000cd5c f   LIBCMT:thread_safe_statics.obj
 0001:0000bdaa       ___raise_securityfailure   1000cdaa f   LIBCMT:gs_report.obj
 0001:0000bdd2       ___report_gsfailure        1000cdd2 f   LIBCMT:gs_report.obj
 0001:0000becc       ___report_rangecheckfailure 1000cecc f   LIBCMT:gs_report.obj
 0001:0000bed8       ___report_securityfailure  1000ced8 f   LIBCMT:gs_report.obj
 0001:0000bfa7       ??2@YAPAXIABUnothrow_t@std@@@Z 1000cfa7 f   LIBCMT:new_scalar_nothrow.obj
 0001:0000bffc       ??_U@YAPAXIABUnothrow_t@std@@@Z 1000cffc f   LIBCMT:new_array_nothrow.obj
 0001:0000c005       @__security_check_cookie@4 1000d005 f   LIBCMT:secchk.obj
 0001:0000c020       __SEH_prolog4_GS           1000d020 f   LIBCMT:sehprolg4gs.obj
 0001:0000c070       __alloca_probe_16          1000d070 f   LIBCMT:alloca16.obj
 0001:0000c086       __alloca_probe_8           1000d086     LIBCMT:alloca16.obj
 0001:0000c0a0       __alloca_probe             1000d0a0 f   LIBCMT:chkstk.obj
 0001:0000c0a0       __chkstk                   1000d0a0 f   LIBCMT:chkstk.obj
 0001:0000c40b       __DllMainCRTStartup@12     1000d40b f   LIBCMT:dll_dllmain.obj
 0001:0000c42e       ??2@YAPAXI@Z               1000d42e f   LIBCMT:new_scalar.obj
 0001:0000c45e       ___isa_available_init      1000d45e f   LIBCMT:cpu_disp.obj
 0001:0000c632       ___scrt_is_ucrt_dll_in_use 1000d632 f   LIBCMT:ucrt_detection.obj
 0001:0000c63e       ___scrt_fastfail           1000d63e f   LIBCMT:utility_desktop.obj
 0001:0000c759       __crt_debugger_hook        1000d759 f   LIBCMT:utility_desktop.obj
 0001:0000c770       __SEH_prolog4              1000d770 f   LIBCMT:sehprolg4.obj
 0001:0000c7b5       @_guard_check_icall_nop@4  1000d7b5 f i LIBCMT:guard_support.obj
 0001:0000c805       ___security_init_cookie    1000d805 f   LIBCMT:gs_support.obj
 0001:0000c850       ?__scrt_initialize_type_info@@YAXXZ 1000d850 f   LIBCMT:tncleanup.obj
 0001:0000c85c       ?__scrt_uninitialize_type_info@@YAXXZ 1000d85c f   LIBCMT:tncleanup.obj
 0001:0000c868       ___local_stdio_scanf_options 1000d868 f i LIBCMT:default_local_stdio_options.obj
 0001:0000c86e       ___scrt_initialize_default_local_stdio_options 1000d86e f   LIBCMT:default_local_stdio_options.obj
[...]
 0002:00006570       CC                         10027570     libucrt:log10_pentium4.obj
 0002:00006580       Magic                      10027580     libucrt:log10_pentium4.obj
 0002:00006590       hi_mask                    10027590     libucrt:log10_pentium4.obj
 0002:000065a0       LOG10_2                    100275a0     libucrt:log10_pentium4.obj
 0002:000065b0       place_L                    100275b0     libucrt:log10_pentium4.obj
 0002:000065d0       One                        100275d0     libucrt:log10_pentium4.obj
 0002:000065e0       Zero                       100275e0     libucrt:log10_pentium4.obj
 0002:000065f0       Two52                      100275f0     libucrt:log10_pentium4.obj
 0002:00006600       Infs                       10027600     libucrt:log10_pentium4.obj
 0002:00006610       NaN                        10027610     libucrt:log10_pentium4.obj
 0002:00006620       coeff                      10027620     libucrt:log10_pentium4.obj
 0002:0000667e       _log2max                   1002767e     libucrt:87tran.obj
 0002:00006688       _smallarg                  10027688     libucrt:87tran.obj
 0002:00006692       _half                      10027692     libucrt:87tran.obj
 0002:000066de       One                        100276de     libucrt:87disp.obj
 0002:000066e6       Three                      100276e6     libucrt:87disp.obj
 0002:000066ee       XAMtoTagTab                100276ee     libucrt:87disp.obj
 0002:00006700       One                        10027700     libucrt:common.obj
 0002:00006714       DblMax                     10027714     libucrt:common.obj
 0002:0000671c       DblMin                     1002771c     libucrt:common.obj
 0002:00006724       IeeeAdjO                   10027724     libucrt:common.obj
 0002:0000672c       IeeeAdjU                   1002772c     libucrt:common.obj
 0002:00006734       _infinity                  10027734     libucrt:common.obj
 0002:0000673c       _zero                      1002773c     libucrt:common.obj
 0002:00006788       _over                      10027788     libucrt:fpctrl.obj
 0002:00006794       _under                     10027794     libucrt:fpctrl.obj
 0002:00006fc8       ?_names@?1??_get_fname@@9@4QBU<unnamed-type-_names>@?1??1@YAPADI@Z@B 10027fc8     libucrt:fpexcept.obj
 0002:00007170       two32                      10028170     LIBCMT:ftol2.obj
 0002:00007174       two63                      10028174     LIBCMT:ftol2.obj
 0002:00007178       _NaN                       10028178     LIBCMT:ftol2.obj
 0002:000078d0       __sehtable$?_AtlVerifyStackAvailable@_ATL_SAFE_ALLOCA_IMPL@ATL@@YA_NK@Z 100288d0     PINPad.obj
 0002:000078f0       __sehtable$___scrt_is_nonwritable_in_current_image 100288f0     LIBCMT:utility.obj
 0002:0000790c       __catchsym$??2@YAPAXIABUnothrow_t@std@@@Z$2 1002890c     LIBCMT:new_scalar_nothrow.obj
 0002:0000791c       __unwindtable$??2@YAPAXIABUnothrow_t@std@@@Z 1002891c     LIBCMT:new_scalar_nothrow.obj
 0002:0000792c       __tryblocktable$??2@YAPAXIABUnothrow_t@std@@@Z 1002892c     LIBCMT:new_scalar_nothrow.obj
 0002:00007940       __ehfuncinfo$??2@YAPAXIABUnothrow_t@std@@@Z 10028940     LIBCMT:new_scalar_nothrow.obj
 0002:00007968       __sehtable$?dllmain_crt_process_attach@@YAHQAUHINSTANCE__@@QAX@Z 10028968     LIBCMT:dll_dllmain.obj
 0002:00007988       __sehtable$?dllmain_crt_process_detach@@YAH_N@Z 10028988     LIBCMT:dll_dllmain.obj
 0002:000079b0       __sehtable$?dllmain_dispatch@@YAHQAUHINSTANCE__@@KQAX@Z 100289b0     LIBCMT:dll_dllmain.obj
 0002:00007a60       __sehtable$___DestructExceptionObject 10028a60     libvcruntime:ehhelpers.obj
 0002:00007a80       __sehtable$?FrameUnwindToState@__FrameHandler3@@SAXPAUEHRegistrationNode@@PAXPBU_s_FuncInfo@@H@Z 10028a80     libvcruntime:frame.obj
 0002:00007aa8       __sehtable$?CallCatchBlock@@YAPAXPAUEHExceptionRecord@@PAUEHRegistrationNode@@PAU_CONTEXT@@PBU_s_FuncInfo@@PAXHK@Z 10028aa8     libvcruntime:frame.obj
 0002:00007ad0       __catchsym$?CallUnexpected@@YAXPBU_s_ESTypeList@@@Z$2 10028ad0     libvcruntime:frame.obj
 0002:00007ae0       __unwindtable$?CallUnexpected@@YAXPBU_s_ESTypeList@@@Z 10028ae0     libvcruntime:frame.obj
 0002:00007af0       __tryblocktable$?CallUnexpected@@YAXPBU_s_ESTypeList@@@Z 10028af0     libvcruntime:frame.obj
 0002:00007b04       __ehfuncinfo$?CallUnexpected@@YAXPBU_s_ESTypeList@@@Z 10028b04     libvcruntime:frame.obj
 0002:00007b28       __sehtable$??$BuildCatchObjectHelperInternal@V__FrameHandler3@@@@YAHPAUEHExceptionRecord@@PAXPBU_s_HandlerType@@PBU_s_CatchableType@@@Z 10028b28     libvcruntime:frame.obj
 0002:00007b48       __sehtable$??$BuildCatchObjectInternal@V__FrameHandler3@@@@YAXPAUEHExceptionRecord@@PAXPBU_s_HandlerType@@PBU_s_CatchableType@@@Z 10028b48     libvcruntime:frame.obj
 0002:00007b9c       __ehfuncinfo$?write_double_translated_ansi_nolock@@YA?AUwrite_result@?A0x17268360@@HQBDIAAV__crt_cached_ptd_host@@@Z 10028b9c     libucrt:write.obj
 0002:00007b9c       __ehfuncinfo$?try_cor_exit_process@@YAXI@Z 10028b9c     libucrt:exit.obj
 0002:00007bc0       __unwindtable$?common_exit@@YAXHW4_crt_exit_cleanup_mode@@W4_crt_exit_return_mode@@@Z 10028bc0     libucrt:exit.obj
 0002:00007bc8       __ehfuncinfo$?common_exit@@YAXHW4_crt_exit_cleanup_mode@@W4_crt_exit_return_mode@@@Z 10028bc8     libucrt:exit.obj
 0002:00007bf0       __sehtable$??R<lambda_6e4b09c48022b2350581041d5f6b0c4c>@@QBE@XZ 10028bf0     libucrt:exit.obj
 0002:00007c10       __sehtable$??$?RV<lambda_03b1d95aef87969028cfba75ccab2455>@@AAV<lambda_6e4b09c48022b2350581041d5f6b0c4c>@@V<lambda_22bdf7517842c4b3e53723af5aa32b9e>@@@?$__crt_seh_guarded_call@X@@QAEX$$QAV<lambda_03b1d95aef87969028cfba75ccab2455>@@AAV<lambda_6e4b09c48022b2350581041d5f6b0c4c>@@$$QAV<lambda_22bdf7517842c4b3e53723af5aa32b9e>@@@Z 10028c10     libucrt:exit.obj
 0002:00007c2c       __unwindtable$___dcrt_uninitialize_environments_nolock 10028c2c     libucrt:environment_initialization.obj
 0002:00007c3c       __ehfuncinfo$___dcrt_uninitialize_environments_nolock 10028c3c     libucrt:environment_initialization.obj
 0002:00007c60       __unwindtable$__execute_onexit_table 10028c60     libucrt:onexit.obj
 0002:00007c68       __ehfuncinfo$__execute_onexit_table 10028c68     libucrt:onexit.obj
 0002:00007c90       __sehtable$??$?RV<lambda_8e746cf0007f6ed984d6f78af1fec997>@@AAV<lambda_22ebabd17bc4fa466a2aca6d8deb888d>@@V<lambda_18ed0c0b38a6dc0daf1e7ac6d6adf05e>@@@?$__crt_seh_guarded_call@H@@QAEH$$QAV<lambda_8e746cf0007f6ed984d6f78af1fec997>@@AAV<lambda_22ebabd17bc4fa466a2aca6d8deb888d>@@$$QAV<lambda_18ed0c0b38a6dc0daf1e7ac6d6adf05e>@@@Z 10028c90     libucrt:onexit.obj
 0002:00007cb0       __sehtable$??$?RV<lambda_69a2805e680e0e292e8ba93315fe43a8>@@AAV<lambda_f03950bc5685219e0bcd2087efbe011e>@@V<lambda_03fcd07e894ec930e3f35da366ca99d6>@@@?$__crt_seh_guarded_call@H@@QAEH$$QAV<lambda_69a2805e680e0e292e8ba93315fe43a8>@@AAV<lambda_f03950bc5685219e0bcd2087efbe011e>@@$$QAV<lambda_03fcd07e894ec930e3f35da366ca99d6>@@@Z 10028cb0     libucrt:onexit.obj
 0002:00007cd0       __sehtable$__query_new_handler 10028cd0     libucrt:new_handler.obj
 0002:00007cf0       __sehtable$_terminate      10028cf0     libucrt:terminate.obj
 0002:00007d10       __sehtable$??$?RV<lambda_15ade71b0218206bbe3333a0c9b79046>@@AAV<lambda_da44e0f8b0f19ba52fefafb335991732>@@V<lambda_207f2d024fc103971653565357d6cd41>@@@?$__crt_seh_guarded_call@X@@QAEX$$QAV<lambda_15ade71b0218206bbe3333a0c9b79046>@@AAV<lambda_da44e0f8b0f19ba52fefafb335991732>@@$$QAV<lambda_207f2d024fc103971653565357d6cd41>@@@Z 10028d10     libucrt:per_thread_data.obj
 0002:00007d30       __sehtable$??$?RV<lambda_a7e850c220f1c8d1e6efeecdedd162c6>@@AAV<lambda_46720907175c18b6c9d2717bc0d2d362>@@V<lambda_9048902d66e8d99359bc9897bbb930a8>@@@?$__crt_seh_guarded_call@X@@QAEX$$QAV<lambda_a7e850c220f1c8d1e6efeecdedd162c6>@@AAV<lambda_46720907175c18b6c9d2717bc0d2d362>@@$$QAV<lambda_9048902d66e8d99359bc9897bbb930a8>@@@Z 10028d30     libucrt:per_thread_data.obj
 0002:00007d50       __sehtable$??$?RV<lambda_38edbb1296d33220d7e4dd0ed76b244a>@@AAV<lambda_5ce1d447e08cb34b2473517608e21441>@@V<lambda_fb385d3da700c9147fc39e65dd577a8c>@@@?$__crt_seh_guarded_call@X@@QAEX$$QAV<lambda_38edbb1296d33220d7e4dd0ed76b244a>@@AAV<lambda_5ce1d447e08cb34b2473517608e21441>@@$$QAV<lambda_fb385d3da700c9147fc39e65dd577a8c>@@@Z 10028d50     libucrt:per_thread_data.obj
 0002:00007d70       __sehtable$??$?RV<lambda_6affb1475c98b40b75cdec977db92e3c>@@AAV<lambda_b8d4b9c228a6ecc3f80208dbb4b4a104>@@V<lambda_608742c3c92a14382c1684fc64f96c88>@@@?$__crt_seh_guarded_call@X@@QAEX$$QAV<lambda_6affb1475c98b40b75cdec977db92e3c>@@AAV<lambda_b8d4b9c228a6ecc3f80208dbb4b4a104>@@$$QAV<lambda_608742c3c92a14382c1684fc64f96c88>@@@Z 10028d70     libucrt:per_thread_data.obj
 0002:00007d90       __sehtable$??$?RV<lambda_e5124f882df8998aaf41531e079ba474>@@AAV<lambda_3e16ef9562a7dcce91392c22ab16ea36>@@V<lambda_e25ca0880e6ef98be67edffd8c599615>@@@?$__crt_seh_guarded_call@X@@QAEX$$QAV<lambda_e5124f882df8998aaf41531e079ba474>@@AAV<lambda_3e16ef9562a7dcce91392c22ab16ea36>@@$$QAV<lambda_e25ca0880e6ef98be67edffd8c599615>@@@Z 10028d90     libucrt:wsetlocale.obj
 0002:00007db0       __sehtable$___acrt_initialize_lowio 10028db0     libucrt:ioinit.obj
 0002:00007dd0       __sehtable$?update_thread_multibyte_data_internal@@YAPAU__crt_multibyte_data@@QAU__acrt_ptd@@QAPAU1@@Z 10028dd0     libucrt:mbctype.obj
 0002:00007df0       __sehtable$??$?RV<lambda_ceb1ee4838e85a9d631eb091e2fbe199>@@AAV<lambda_ae742caa10f662c28703da3d2ea5e57e>@@V<lambda_cd08b5d6af4937fe54fc07d0c9bf6b37>@@@?$__crt_seh_guarded_call@X@@QAEX$$QAV<lambda_ceb1ee4838e85a9d631eb091e2fbe199>@@AAV<lambda_ae742caa10f662c28703da3d2ea5e57e>@@$$QAV<lambda_cd08b5d6af4937fe54fc07d0c9bf6b37>@@@Z 10028df0     libucrt:mbctype.obj
 0002:00007e10       __sehtable$_raise          10028e10     libucrt:signal.obj
 0002:00007e30       __sehtable$??$?RV<lambda_cbab9ec6f41b0180b23cc171c22676b0>@@AAV<lambda_44731a7d0e6d81c3e6aa82d741081786>@@V<lambda_4b292cb8dd18144e164572427af410ab>@@@?$__crt_seh_guarded_call@P6AXH@Z@@QAEP6AXH@Z$$QAV<lambda_cbab9ec6f41b0180b23cc171c22676b0>@@AAV<lambda_44731a7d0e6d81c3e6aa82d741081786>@@$$QAV<lambda_4b292cb8dd18144e164572427af410ab>@@@Z 10028e30     libucrt:signal.obj
 0002:00007e50       __sehtable$??$?RV<lambda_2866be3712abc81a800a822484c830d8>@@AAV<lambda_39ca0ed439415581b5b15c265174cece>@@V<lambda_2b24c74d71094a6cd0cb82e44167d71b>@@@?$__crt_seh_guarded_call@X@@QAEX$$QAV<lambda_2866be3712abc81a800a822484c830d8>@@AAV<lambda_39ca0ed439415581b5b15c265174cece>@@$$QAV<lambda_2b24c74d71094a6cd0cb82e44167d71b>@@@Z 10028e50     libucrt:fflush.obj
 0002:00007e70       __sehtable$??$?RV<lambda_2cc53f568c5a2bb6f192f930a45d44ea>@@AAV<lambda_ab61a845afdef5b7c387490eaf3616ee>@@V<lambda_c2ffc0b7726aa6be21d5f0026187e748>@@@?$__crt_seh_guarded_call@X@@QAEX$$QAV<lambda_2cc53f568c5a2bb6f192f930a45d44ea>@@AAV<lambda_ab61a845afdef5b7c387490eaf3616ee>@@$$QAV<lambda_c2ffc0b7726aa6be21d5f0026187e748>@@@Z 10028e70     libucrt:fflush.obj
 0002:00007e90       __sehtable$___acrt_update_thread_locale_data 10028e90     libucrt:locale_refcounting.obj
 0002:00007eb0       __sehtable$__fcloseall     10028eb0     libucrt:closeall.obj
 0002:00007ed0       __sehtable$___acrt_lowio_ensure_fh_exists 10028ed0     libucrt:osfinfo.obj
 0002:00007ef0       __sehtable$??$?RV<lambda_9e9de3de5fa147e2223d7db92bc10aa6>@@AAV<lambda_38ce7e780aa69e748d6df282ebc68efe>@@V<lambda_8ca6da459f0f6780f1cff60fdc3d00e5>@@@?$__crt_seh_guarded_call@H@@QAEH$$QAV<lambda_9e9de3de5fa147e2223d7db92bc10aa6>@@AAV<lambda_38ce7e780aa69e748d6df282ebc68efe>@@$$QAV<lambda_8ca6da459f0f6780f1cff60fdc3d00e5>@@@Z 10028ef0     libucrt:commit.obj
 0002:00007f10       __sehtable$__write_internal 10028f10     libucrt:write.obj
 0002:00007f30       __sehtable$?_fclose_internal@@YAHQAU_iobuf@@AAV__crt_cached_ptd_host@@@Z 10028f30     libucrt:fclose.obj
 0002:00007f50       __sehtable$??$?RV<lambda_d422a76eb4c3bf3ad751449ab71a6ea4>@@AAV<lambda_c9ba49e555ba839a7b07aa3fbecb7617>@@V<lambda_9476263c8ee91a25d21c55370bdb50de>@@@?$__crt_seh_guarded_call@H@@QAEH$$QAV<lambda_d422a76eb4c3bf3ad751449ab71a6ea4>@@AAV<lambda_c9ba49e555ba839a7b07aa3fbecb7617>@@$$QAV<lambda_9476263c8ee91a25d21c55370bdb50de>@@@Z 10028f50     libucrt:close.obj
 0002:00007f70       __sehtable$___set_fpsr_sse2 10028f70     libucrt:fpctrl.obj
 0002:00007f90       __sehtable$__IsNonwritableInCurrentImage 10028f90     LIBCMT:pesect.obj
 0002:00007fc0       .edata                     10028fc0     OPOSPINPad.exp
 0002:00007fe8       rgpv                       10028fe8     OPOSPINPad.exp
 0002:00007ff8       rgszName                   10028ff8     OPOSPINPad.exp
 0002:00008008       rgwOrd                     10029008     OPOSPINPad.exp
 0002:00008010       szName                     10029010     OPOSPINPad.exp
 0002:0000801f       $N00001                    1002901f     OPOSPINPad.exp
 0002:0000802f       $N00002                    1002902f     OPOSPINPad.exp
 0002:00008041       $N00003                    10029041     OPOSPINPad.exp
 0002:00008053       $N00004                    10029053     OPOSPINPad.exp
 0002:00008662       .idata$6                   10029662     kernel32:KERNEL32.dll
 0002:00008876       .idata$6                   10029876     user32:USER32.dll
 0002:000089aa       .idata$6                   100299aa     gdi32:GDI32.dll
 0002:00008a50       .idata$6                   10029a50     advapi32:ADVAPI32.dll
 0002:00008b6c       .idata$6                   10029b6c     ole32:ole32.dll
 0002:00008b76       .idata$6                   10029b76     oleaut32:OLEAUT32.dll
 0003:00000110       ?ObjectMap@@3PAU_ATL_OBJMAP_ENTRY30@ATL@@A 1002a110     PINPad.obj
 0003:000001c0       ?s_SOMethodNames@@3PAPADA  1002a1c0     PINPadImpl.obj
 0003:0000022c       ?s_RequiredMethodsPerRelease@@3PAHA 1002a22c     PINPadImpl.obj
 0003:00000270       ?__vcrt_flsindex@@3KA      1002a270     libvcruntime:per_thread_data.obj
 0003:00000290       ?errno_no_memory@@3HA      1002a290     libucrt:errno.obj
 0003:00000294       ?doserrno_no_memory@@3KA   1002a294     libucrt:errno.obj
 0003:000002a0       ?__acrt_flsindex@@3KA      1002a2a0     libucrt:per_thread_data.obj
 0003:00000638       __mbctypes                 1002a638     libucrt:mbctype.obj
 0003:00000740       __mbcasemaps               1002a740     libucrt:mbctype.obj
 0003:00000840       ?__rgctypeflag@@3PADA      1002a840     libucrt:mbctype.obj
 0003:00000848       ?__rgcode_page_info@@3PAUcode_page_info@@A 1002a848     libucrt:mbctype.obj
 0003:00000aa0       ?__dcrt_lowio_console_output_handle@@3PAXA 1002aaa0     libucrt:initcon.obj
 0003:00000aa4       ?__DAZ_ENABLED@?1??__set_fpsr_sse2@@9@9 1002aaa4     libucrt:fpctrl.obj
 0003:00000c38       ?is_initialized_as_dll@@3_NA 1002ac38     LIBCMT:utility.obj
 0003:00000c39       ?module_local_atexit_table_initialized@@3_NA 1002ac39     LIBCMT:utility.obj
 0003:00000c3c       ?module_local_atexit_table@@3U_onexit_table_t@@A 1002ac3c     LIBCMT:utility.obj
 0003:00000c48       ?module_local_at_quick_exit_table@@3U_onexit_table_t@@A 1002ac48     LIBCMT:utility.obj
 0003:00000c54       ?g_tss_cv@@3U_RTL_CONDITION_VARIABLE@@A 1002ac54     LIBCMT:thread_safe_statics.obj
 0003:00000c58       ?g_tss_event@@3PAXA        1002ac58     LIBCMT:thread_safe_statics.obj
 0003:00000c5c       ?g_tss_mutex@@3U_RTL_CRITICAL_SECTION@@A 1002ac5c     LIBCMT:thread_safe_statics.obj
 0003:00000c74       ?g_sleep_condition_variable_cs@@3P6GHPAU_RTL_CONDITION_VARIABLE@@PAU_RTL_CRITICAL_SECTION@@K@ZA 1002ac74     LIBCMT:thread_safe_statics.obj
 0003:00000c78       ?g_wake_all_condition_variable@@3P6GXPAU_RTL_CONDITION_VARIABLE@@@ZA 1002ac78     LIBCMT:thread_safe_statics.obj
 0003:00000c80       _GS_ExceptionRecord        1002ac80     LIBCMT:gs_report.obj
 0003:00000cd0       _GS_ContextRecord          1002acd0     LIBCMT:gs_report.obj
 0003:00000fa0       ?__proc_attached@@3HA      1002afa0     LIBCMT:dll_dllmain.obj
 0003:00000ffc       ?AllocateData@@3P6GPAUAtlThunkData_t@@XZA 1002affc     atls:atlthunk.obj
 0003:00001000       ?InitData@@3P6GXPAUAtlThunkData_t@@PAXI@ZA 1002b000     atls:atlthunk.obj
 0003:00001004       ?DataToCode@@3P6GP6GJPAUHWND__@@IIJ@ZPAUAtlThunkData_t@@@ZA 1002b004     atls:atlthunk.obj
 0003:00001008       ?FreeData@@3P6GXPAUAtlThunkData_t@@@ZA 1002b008     atls:atlthunk.obj
 0003:0000100c       ?Initialized@@3_NA         1002b00c     atls:atlthunk.obj
 0003:0000101c       ?__vcrt_startup_thread_ptd@@3U__vcrt_ptd@@A 1002b01c     libvcruntime:per_thread_data.obj
 0003:00001044       ___vcrt_lock_table         1002b044     libvcruntime:locks.obj
 0003:0000105c       ___vcrt_locks_initialized  1002b05c     libvcruntime:locks.obj
 0003:00001088       ?heap@@3V_HeapManager@@A   1002b088     libvcruntime:undname.obj
 0003:0000109c       ?module_handles@@3PAPAUHINSTANCE__@@A 1002b09c     libvcruntime:winapi_downlevel.obj
 0003:000010a8       ?function_pointers@@3PAPAXA 1002b0a8     libvcruntime:winapi_downlevel.obj
 0003:000010bc       ?__acrt_invalid_parameter_handler@@3V?$dual_state_global@P6AXPB_W00II@Z@__crt_state_management@@A 1002b0bc     libucrt:invalid_parameter.obj
 0003:000010c0       ?c_termination_complete@@3JA 1002b0c0     libucrt:exit.obj
 0003:000010c4       ?thread_local_exit_callback_func@@3P6GXPAXK0@ZA 1002b0c4     libucrt:exit.obj
 0003:000010d0       ?program_name@?1???$common_configure_argv@D@@YAHW4_crt_argv_mode@@@Z@4PADA 1002b0d0     libucrt:argv_parsing.obj
 0003:00001200       ?__acrt_new_handler@@3V?$dual_state_global@P6AHI@Z@__crt_state_management@@A 1002b200     libucrt:new_handler.obj
 0003:00001210       ?module_handles@@3PAPAUHINSTANCE__@@A 1002b210     libucrt:winapi_thunks.obj
 0003:00001260       ?encoded_function_pointers@@3PAPAXA 1002b260     libucrt:winapi_thunks.obj
 0003:000012e8       ?internal_state@?1??_mbtowc_internal@@9@4U_Mbstatet@@A 1002b2e8     libucrt:mbtowc.obj
 0003:000012f8       ?enable_percent_n@@3IA     1002b2f8     libucrt:printf_count_output.obj
 0003:00001510       ?__acrt_lock_table@@3PAU_RTL_CRITICAL_SECTION@@A 1002b510     libucrt:locks.obj
 0003:00001660       ?__acrt_locks_initialized@@3IA 1002b660     libucrt:locks.obj
 0003:00001670       ?fSystemSet@@3HA           1002b670     libucrt:mbctype.obj
 0003:00001674       ?initialized@?1??__acrt_initialize_multibyte@@9@4_NA 1002b674     libucrt:mbctype.obj
 0003:00001694       ?ctrlc_action@@3V?$dual_state_global@P6AXH@Z@__crt_state_management@@A 1002b694     libucrt:signal.obj
 0003:00001698       ?ctrlbreak_action@@3V?$dual_state_global@P6AXH@Z@__crt_state_management@@A 1002b698     libucrt:signal.obj
 0003:0000169c       ?abort_action@@3V?$dual_state_global@P6AXH@Z@__crt_state_management@@A 1002b69c     libucrt:signal.obj
 0003:000016a0       ?term_action@@3V?$dual_state_global@P6AXH@Z@__crt_state_management@@A 1002b6a0     libucrt:signal.obj
 0003:000016a4       ?user_matherr@@3V?$dual_state_global@P6AHPAU_exception@@@Z@__crt_state_management@@A 1002b6a4     libucrt:matherr.obj
 0003:000016b0       ?__acrt_global_new_mode@@3V?$dual_state_global@J@__crt_state_management@@A 1002b6b0     libucrt:new_mode.obj
 0003:000016b4       ?internal_pst@?1??__mbrtoc32_utf8@__crt_mbstring@@YAIPA_UPBDIPAU_Mbstatet@@AAV__crt_cached_ptd_host@@@Z@4U3@A 1002b6b4     libucrt:mbrtoc32.obj
 0003:000016bc       ?__acrt_app_type@@3W4_crt_app_type@@A 1002b6bc     libucrt:report_runtime_error.obj
 0003:000016c4       __pmatherr_set             1002b6c4     libucrt:libm_error.obj
 0004:00000220       $R000000                   1002c220     PINPad.res
 0004:00000ba0       $R000980                   1002cba0     PINPad.res
 0004:00000c88       $R000A68                   1002cc88     PINPad.res
 0004:00000ef0       $R000CD0                   1002cef0     PINPad.res
 0004:00001438       $R001218                   1002d438     PINPad.res
 0004:00004c18       $R0049F8                   10030c18     PINPad.res
 0004:00004c48       $R004A28                   10030c48     PINPad.res
