 OPOSMICR

 Timestamp is 5c4438de (Sun Jan 20 18:01:18 2019)

 Preferred load address is 10000000

 Start         Length     Name                   Class
 0001:00000000 00000080H .text$di                CODE
 0001:00000080 0001cc6bH .text$mn                CODE
 0001:0001cceb 00000051H .text$x                 CODE
 0001:0001cd3c 00000042H .text$yd                CODE
 0002:00000000 00000300H .idata$5                DATA
 0002:00000300 00000004H .00cfg                  DATA
 0002:00000304 00000004H .CRT$XCA                DATA
 0002:00000308 00000004H .CRT$XCL                DATA
 0002:0000030c 00000010H .CRT$XCU                DATA
 0002:0000031c 00000004H .CRT$XCZ                DATA
 0002:00000320 00000004H .CRT$XIA                DATA
 0002:00000324 00000010H .CRT$XIC                DATA
 0002:00000334 00000004H .CRT$XIZ                DATA
 0002:00000338 00000004H .CRT$XLA                DATA
 0002:0000033c 00000004H .CRT$XLZ                DATA
 0002:00000340 00000004H .CRT$XPA                DATA
 0002:00000344 00000008H .CRT$XPX                DATA
 0002:0000034c 00000004H .CRT$XPXA               DATA
 0002:00000350 00000004H .CRT$XPZ                DATA
 0002:00000354 00000004H .CRT$XTA                DATA
 0002:00000358 00000008H .CRT$XTZ                DATA
 0002:0000035c 00000000H .gfids$x                DATA
 0002:0000035c 00000000H .gfids$y                DATA
 0002:00000360 00006e18H .rdata                  DATA
 0002:00007178 00000018H .rdata$T                DATA
 0002:00007190 00000180H .rdata$r                DATA
 0002:00007310 00000020H .rdata$sxdata           DATA
 0002:00007330 000003d8H .rdata$zzzdbg           DATA
 0002:00007708 00000004H .rtc$IAA                DATA
 0002:0000770c 00000004H .rtc$IZZ                DATA
 0002:00007710 00000004H .rtc$TAA                DATA
 0002:00007714 00000004H .rtc$TZZ                DATA
 0002:00007718 00000004H .tls                    DATA
 0002:0000771c 00000004H .tls$                   DATA
 0002:00007720 00000008H .tls$ZZZ                DATA
 0002:00007728 000005f4H .xdata$x                DATA
 0002:00007d1c 00000004H ATL$__a                 DATA
 0002:00007d20 00000010H ATL$__z                 DATA
 0002:00007d30 000000a8H .edata                  DATA
 0002:00007dd8 00000078H .idata$2                DATA
 0002:00007e50 00000014H .idata$3                DATA
 0002:00007e64 00000300H .idata$4                DATA
 0002:00008164 00000bdeH .idata$6                DATA
 0003:00000000 000009a0H .data                   DATA
 0003:000009a0 00000098H .data$r                 DATA
 0003:00000a38 00000b5cH .bss                    DATA
 0004:00000000 00000220H .rsrc$01                DATA
 0004:00000220 00003fc0H .rsrc$02                DATA

  Address         Publics by Value              Rva+Base       Lib:Object

 0000:00000000       ___guard_fids_count        00000000     <absolute>
 0000:00000000       ___hybrid_code_map_count   00000000     <absolute>
 0000:00000000       ___guard_iat_count         00000000     <absolute>
 0000:00000000       ___volatile_metadata       00000000     <absolute>
 0000:00000000       ___hybrid_auxiliary_iat    00000000     <absolute>
 0000:00000000       ___dynamic_value_reloc_table 00000000     <absolute>
 0000:00000000       ___guard_longjmp_count     00000000     <absolute>
 0000:00000000       ___guard_fids_table        00000000     <absolute>
 0000:00000000       ___guard_longjmp_table     00000000     <absolute>
 0000:00000000       __except_list              00000000     <absolute>
 0000:00000000       ___guard_iat_table         00000000     <absolute>
 0000:00000000       ___enclave_config          00000000     <absolute>
 0000:00000000       ___hybrid_code_map         00000000     <absolute>
 0000:00000008       ___safe_se_handler_count   00000008     <absolute>
 0000:0000002c       __tls_array                0000002c     <absolute>
 0000:00000100       ___guard_flags             00000100     <absolute>
 0000:00000000       ___ImageBase               10000000     <linker-defined>
 0001:00000080       ?DupWide@_CW@@AAEXXZ       10001080 f   CWString.obj
 0001:0000009c       ?cw_dup@@YGXPBDAAHAAPA_W1@Z 1000109c f   CWString.obj
 0001:0000010b       ?cw_memcpy@@YGHPA_WPBDH@Z  1000110b f   CWString.obj
 0001:00000137       ?cw_strcpy@@YAHPA_WPBD@Z   10001137 f   CWString.obj
 0001:0000014a       ?cw_strlen@@YAHPBD@Z       1000114a f   CWString.obj
 0001:00000163       ??0CAtlComModule@ATL@@QAE@XZ 10001163 f i OposVariant.obj
 0001:000001a8       ??0CAtlWinModule@ATL@@QAE@XZ 100011a8 f i OposVariant.obj
 0001:000001df       ??0OposDispParms@@QAE@PAVOposVariant@@H@Z 100011df f   OposVariant.obj
 0001:00000250       ??1OposDispParms@@QAE@XZ   10001250 f   OposVariant.obj
 0001:0000025e       ??A?$CSimpleArray@GV?$CSimpleArrayEqualHelper@G@ATL@@@ATL@@QAEAAGH@Z 1000125e f i OposVariant.obj
 0001:00000283       ??_Estringdispid@CComTypeInfoHolder@ATL@@QAEPAXI@Z 10001283 f i OposVariant.obj
 0001:000002ef       ?AtlWinModuleInit@ATL@@YGJPAU_ATL_WIN_MODULE70@1@@Z 100012ef f i OposVariant.obj
 0001:00000315       ?AtlWinModuleTerm@ATL@@YGJPAU_ATL_WIN_MODULE70@1@PAUHINSTANCE__@@@Z 10001315 f i OposVariant.obj
 0001:00000378       ?ChangeBSTR@OposVariant@@QAEXPAPA_WAAJ@Z 10001378 f   OposVariant.obj
 0001:000003b9       ?ChangeLONG@OposVariant@@QAEXPAJAAJ@Z 100013b9 f   OposVariant.obj
 0001:000003fa       ?GetLONG@OposVariant@@QAEJXZ 100013fa f   OposVariant.obj
 0001:00000415       ?Init@CComCriticalSection@ATL@@QAEJXZ 10001415 f i OposVariant.obj
 0001:0000043d       ?RemoveAll@?$CSimpleArray@GV?$CSimpleArrayEqualHelper@G@ATL@@@ATL@@QAEXXZ 1000143d f i OposVariant.obj
 0001:0000043d       ?RemoveAll@?$CSimpleArray@PAUHINSTANCE__@@V?$CSimpleArrayEqualHelper@PAUHINSTANCE__@@@ATL@@@ATL@@QAEXXZ 1000143d f i atls:atlbase.obj
 0001:0000045a       ?SetBSTR@OposVariant@@QAEXPA_WAAJ@Z 1000145a f   OposVariant.obj
 0001:0000048e       ?SetBSTR_Copy@OposVariant@@QAEXPA_WAAJ@Z 1000148e f   OposVariant.obj
 0001:000004de       ?SetBSTR_InOutPtr@OposVariant@@QAE_NPAPA_WAAJ@Z 100014de f   OposVariant.obj
 0001:00000515       ?SetDispatch_Ptr@OposVariant@@QAEXPAUIDispatch@@AAJ@Z 10001515 f   OposVariant.obj
 0001:00000550       ?SetLONG@OposVariant@@QAEXJ@Z 10001550 f   OposVariant.obj
 0001:00000572       ?SetLONG_Ptr@OposVariant@@QAEXPAJAAJ@Z 10001572 f   OposVariant.obj
 0001:000005a5       ?SetString@OposVariant@@QAEXPB_WAAJ@Z 100015a5 f   OposVariant.obj
 0001:000005eb       ?SetVARIANT_BOOL@OposVariant@@QAEXF@Z 100015eb f   OposVariant.obj
 0001:00000615       ?Term@CAtlComModule@ATL@@QAEXXZ 10001615 f i OposVariant.obj
 0001:0000065f       ?_AtlRaiseException@ATL@@YAXKK@Z 1000165f f i OposVariant.obj
 0001:00000674       ?AddRef@?$CComObjectCached@VCComClassFactory@ATL@@@ATL@@UAGKXZ 10001674 f i MICR.obj
 0001:0000069b       ?Release@?$CComObjectCached@VCComClassFactory@ATL@@@ATL@@UAGKXZ 1000169b f i MICR.obj
 0001:000006d1       ?QueryInterface@?$CComObjectCached@VCComClassFactory@ATL@@@ATL@@UAGJABU_GUID@@PAPAX@Z 100016d1 f i MICR.obj
 0001:000006eb       ??_E?$CComObjectCached@VCComClassFactory@ATL@@@ATL@@UAEPAXI@Z 100016eb f i MICR.obj
 0001:000006eb       ??_G?$CComObjectCached@VCComClassFactory@ATL@@@ATL@@UAEPAXI@Z 100016eb f i MICR.obj
 0001:0000070d       ?AddRef@?$CComAggObject@VCOPOSMICR@@@ATL@@UAGKXZ 1000170d f i MICR.obj
 0001:0000071e       ?Release@?$CComAggObject@VCOPOSMICR@@@ATL@@UAGKXZ 1000171e f i MICR.obj
 0001:0000075a       ?QueryInterface@?$CComAggObject@VCOPOSMICR@@@ATL@@UAGJABU_GUID@@PAPAX@Z 1000175a f i MICR.obj
 0001:000007a9       ?AddRef@?$CComContainedObject@VCOPOSMICR@@@ATL@@UAGKXZ 100017a9 f i MICR.obj
 0001:000007bf       ?Release@?$CComContainedObject@VCOPOSMICR@@@ATL@@UAGKXZ 100017bf f i MICR.obj
 0001:000007d5       ?QueryInterface@?$CComContainedObject@VCOPOSMICR@@@ATL@@UAGJABU_GUID@@PAPAX@Z 100017d5 f i MICR.obj
 0001:000007f0       ??_E?$CComAggObject@VCOPOSMICR@@@ATL@@UAEPAXI@Z 100017f0 f i MICR.obj
 0001:000007f0       ??_G?$CComAggObject@VCOPOSMICR@@@ATL@@UAEPAXI@Z 100017f0 f i MICR.obj
 0001:00000815       ?AddRef@?$CComObject@VCOPOSMICR@@@ATL@@UAGKXZ 10001815 f i MICR.obj
 0001:0000082c       ?Release@?$CComObject@VCOPOSMICR@@@ATL@@UAGKXZ 1000182c f i MICR.obj
 0001:0000086e       ?QueryInterface@?$CComObject@VCOPOSMICR@@@ATL@@UAGJABU_GUID@@PAPAX@Z 1000186e f i MICR.obj
 0001:00000888       ?OnFinalMessage@?$CWindowImplBaseT@VCWindow@ATL@@V?$CWinTraits@$0FGAAAAAA@$0A@@2@@ATL@@UAEXPAUHWND__@@@Z 10001888 f i MICR.obj
 0001:00000888       ?ObjectMain@CComObjectRootBase@ATL@@SGX_N@Z 10001888 f i MICR.obj
 0001:0000088b       ?GetObjectDescription@?$CComCoClass@VCOPOSMICR@@$1?CLSID_OPOSMICR@@3U_GUID@@B@ATL@@SGPB_WXZ 1000188b f i MICR.obj
 0001:0000088b       ?GetCategoryMap@CComObjectRootBase@ATL@@SAPBU_ATL_CATMAP_ENTRY@2@XZ 1000188b f i MICR.obj
 0001:0000088e       ?CreateInstance@CComClassFactory@ATL@@UAGJPAUIUnknown@@ABU_GUID@@PAPAX@Z 1000188e f i MICR.obj
 0001:000008cc       ?LockServer@CComClassFactory@ATL@@UAGJH@Z 100018cc f i MICR.obj
 0001:000008eb       ??_ECComClassFactory@ATL@@UAEPAXI@Z 100018eb f i MICR.obj
 0001:000008eb       ??_GCComClassFactory@ATL@@UAEPAXI@Z 100018eb f i MICR.obj
 0001:00000916       ?OnDrawAdvanced@CComControlBase@ATL@@UAEJAAUATL_DRAWINFO@@@Z 10001916 f i MICR.obj
 0001:00000a05       ?Next@?$CComEnumImpl@UIEnumConnections@@$1?_GUID_b196b287_bab4_101a_b69c_00aa00341d07@@3U__s_GUID@@BUtagCONNECTDATA@@V?$_Copy@UtagCONNECTDATA@@@ATL@@@ATL@@UAGJKPAUtagCONNECTDATA@@PAK@Z 10001a05 f i MICR.obj
 0001:00000adc       ?Skip@?$CComEnumImpl@UIEnumConnections@@$1?_GUID_b196b287_bab4_101a_b69c_00aa00341d07@@3U__s_GUID@@BUtagCONNECTDATA@@V?$_Copy@UtagCONNECTDATA@@@ATL@@@ATL@@UAGJK@Z 10001adc f i MICR.obj
 0001:00000b09       ?Reset@?$CComEnumImpl@UIEnumConnections@@$1?_GUID_b196b287_bab4_101a_b69c_00aa00341d07@@3U__s_GUID@@BUtagCONNECTDATA@@V?$_Copy@UtagCONNECTDATA@@@ATL@@@ATL@@UAGJXZ 10001b09 f i MICR.obj
 0001:00000b09       ?Reset@?$CComEnumImpl@UIEnumConnectionPoints@@$1?_GUID_b196b285_bab4_101a_b69c_00aa00341d07@@3U__s_GUID@@BPAUIConnectionPoint@@V?$_CopyInterface@UIConnectionPoint@@@ATL@@@ATL@@UAGJXZ 10001b09 f i MICR.obj
 0001:00000b1b       ?Clone@?$CComEnumImpl@UIEnumConnections@@$1?_GUID_b196b287_bab4_101a_b69c_00aa00341d07@@3U__s_GUID@@BUtagCONNECTDATA@@V?$_Copy@UtagCONNECTDATA@@@ATL@@@ATL@@UAGJPAPAUIEnumConnections@@@Z 10001b1b f i MICR.obj
 0001:00000bfa       ?AddRef@?$CComObject@V?$CComEnum@UIEnumConnections@@$1?_GUID_b196b287_bab4_101a_b69c_00aa00341d07@@3U__s_GUID@@BUtagCONNECTDATA@@V?$_Copy@UtagCONNECTDATA@@@ATL@@VCComSingleThreadModel@6@@ATL@@@ATL@@UAGKXZ 10001bfa f i MICR.obj
 0001:00000bfa       ?AddRef@?$CComObject@V?$CComEnum@UIEnumConnectionPoints@@$1?_GUID_b196b285_bab4_101a_b69c_00aa00341d07@@3U__s_GUID@@BPAUIConnectionPoint@@V?$_CopyInterface@UIConnectionPoint@@@ATL@@VCComSingleThreadModel@6@@ATL@@@ATL@@UAGKXZ 10001bfa f i MICR.obj
 0001:00000c0b       ?Release@?$CComObject@V?$CComEnum@UIEnumConnections@@$1?_GUID_b196b287_bab4_101a_b69c_00aa00341d07@@3U__s_GUID@@BUtagCONNECTDATA@@V?$_Copy@UtagCONNECTDATA@@@ATL@@VCComSingleThreadModel@6@@ATL@@@ATL@@UAGKXZ 10001c0b f i MICR.obj
 0001:00000c0b       ?Release@?$CComObject@V?$CComEnum@UIEnumConnectionPoints@@$1?_GUID_b196b285_bab4_101a_b69c_00aa00341d07@@3U__s_GUID@@BPAUIConnectionPoint@@V?$_CopyInterface@UIConnectionPoint@@@ATL@@VCComSingleThreadModel@6@@ATL@@@ATL@@UAGKXZ 10001c0b f i MICR.obj
 0001:00000c47       ?QueryInterface@?$CComObject@V?$CComEnum@UIEnumConnections@@$1?_GUID_b196b287_bab4_101a_b69c_00aa00341d07@@3U__s_GUID@@BUtagCONNECTDATA@@V?$_Copy@UtagCONNECTDATA@@@ATL@@VCComSingleThreadModel@6@@ATL@@@ATL@@UAGJABU_GUID@@PAPAX@Z 10001c47 f i MICR.obj
 0001:00000c61       ??_E?$CComObject@V?$CComEnum@UIEnumConnections@@$1?_GUID_b196b287_bab4_101a_b69c_00aa00341d07@@3U__s_GUID@@BUtagCONNECTDATA@@V?$_Copy@UtagCONNECTDATA@@@ATL@@VCComSingleThreadModel@6@@ATL@@@ATL@@UAEPAXI@Z 10001c61 f i MICR.obj
 0001:00000c61       ??_G?$CComObject@V?$CComEnum@UIEnumConnections@@$1?_GUID_b196b287_bab4_101a_b69c_00aa00341d07@@3U__s_GUID@@BUtagCONNECTDATA@@V?$_Copy@UtagCONNECTDATA@@@ATL@@VCComSingleThreadModel@6@@ATL@@@ATL@@UAEPAXI@Z 10001c61 f i MICR.obj
 0001:00000c83       ??_E?$CComObject@VCOPOSMICR@@@ATL@@W3AEPAXI@Z 10001c83 f i MICR.obj
 0001:00000c8b       ??_E?$CComObject@VCOPOSMICR@@@ATL@@WEM@AEPAXI@Z 10001c8b f i MICR.obj
 0001:00000c93       ?QueryInterface@?$CComObject@VCOPOSMICR@@@ATL@@WHA@AGJABU_GUID@@PAPAX@Z 10001c93 f i MICR.obj
 0001:00000c9d       ?AddRef@?$CComObject@VCOPOSMICR@@@ATL@@WHA@AGKXZ 10001c9d f i MICR.obj
 0001:00000ca7       ?Release@?$CComObject@VCOPOSMICR@@@ATL@@WHA@AGKXZ 10001ca7 f i MICR.obj
 0001:00000cb1       ?QueryInterface@?$CComObject@VCOPOSMICR@@@ATL@@WHE@AGJABU_GUID@@PAPAX@Z 10001cb1 f i MICR.obj
 0001:00000cbb       ?AddRef@?$CComObject@VCOPOSMICR@@@ATL@@WHE@AGKXZ 10001cbb f i MICR.obj
 0001:00000cc5       ?Release@?$CComObject@VCOPOSMICR@@@ATL@@WHE@AGKXZ 10001cc5 f i MICR.obj
 0001:00000ccf       ?QueryInterface@?$CComObject@VCOPOSMICR@@@ATL@@WHI@AGJABU_GUID@@PAPAX@Z 10001ccf f i MICR.obj
 0001:00000cd9       ?AddRef@?$CComObject@VCOPOSMICR@@@ATL@@WHI@AGKXZ 10001cd9 f i MICR.obj
 0001:00000ce3       ?Release@?$CComObject@VCOPOSMICR@@@ATL@@WHI@AGKXZ 10001ce3 f i MICR.obj
 0001:00000ced       ?QueryInterface@?$CComObject@VCOPOSMICR@@@ATL@@WHM@AGJABU_GUID@@PAPAX@Z 10001ced f i MICR.obj
 0001:00000cf7       ?AddRef@?$CComObject@VCOPOSMICR@@@ATL@@WHM@AGKXZ 10001cf7 f i MICR.obj
 0001:00000d01       ?Release@?$CComObject@VCOPOSMICR@@@ATL@@WHM@AGKXZ 10001d01 f i MICR.obj
 0001:00000d0b       ?QueryInterface@?$CComObject@VCOPOSMICR@@@ATL@@WIA@AGJABU_GUID@@PAPAX@Z 10001d0b f i MICR.obj
 0001:00000d18       ?AddRef@?$CComObject@VCOPOSMICR@@@ATL@@WIA@AGKXZ 10001d18 f i MICR.obj
 0001:00000d25       ?Release@?$CComObject@VCOPOSMICR@@@ATL@@WIA@AGKXZ 10001d25 f i MICR.obj
 0001:00000d32       ?QueryInterface@?$CComObject@VCOPOSMICR@@@ATL@@WIE@AGJABU_GUID@@PAPAX@Z 10001d32 f i MICR.obj
 0001:00000d3f       ?AddRef@?$CComObject@VCOPOSMICR@@@ATL@@WIE@AGKXZ 10001d3f f i MICR.obj
 0001:00000d4c       ?Release@?$CComObject@VCOPOSMICR@@@ATL@@WIE@AGKXZ 10001d4c f i MICR.obj
 0001:00000d59       ?QueryInterface@?$CComObject@VCOPOSMICR@@@ATL@@WII@AGJABU_GUID@@PAPAX@Z 10001d59 f i MICR.obj
 0001:00000d66       ?AddRef@?$CComObject@VCOPOSMICR@@@ATL@@WII@AGKXZ 10001d66 f i MICR.obj
 0001:00000d73       ?Release@?$CComObject@VCOPOSMICR@@@ATL@@WII@AGKXZ 10001d73 f i MICR.obj
 0001:00000d80       ?QueryInterface@?$CComObject@VCOPOSMICR@@@ATL@@WIM@AGJABU_GUID@@PAPAX@Z 10001d80 f i MICR.obj
 0001:00000d8d       ?AddRef@?$CComObject@VCOPOSMICR@@@ATL@@WIM@AGKXZ 10001d8d f i MICR.obj
 0001:00000d9a       ?Release@?$CComObject@VCOPOSMICR@@@ATL@@WIM@AGKXZ 10001d9a f i MICR.obj
 0001:00000da7       ?QueryInterface@?$CComObject@VCOPOSMICR@@@ATL@@WJA@AGJABU_GUID@@PAPAX@Z 10001da7 f i MICR.obj
 0001:00000db4       ?AddRef@?$CComObject@VCOPOSMICR@@@ATL@@WJA@AGKXZ 10001db4 f i MICR.obj
 0001:00000dc1       ?Release@?$CComObject@VCOPOSMICR@@@ATL@@WJA@AGKXZ 10001dc1 f i MICR.obj
 0001:00000dce       ?QueryInterface@?$CComObject@VCOPOSMICR@@@ATL@@WJE@AGJABU_GUID@@PAPAX@Z 10001dce f i MICR.obj
 0001:00000ddb       ?AddRef@?$CComObject@VCOPOSMICR@@@ATL@@WJE@AGKXZ 10001ddb f i MICR.obj
 0001:00000de8       ?Release@?$CComObject@VCOPOSMICR@@@ATL@@WJE@AGKXZ 10001de8 f i MICR.obj
 0001:00000df5       ?QueryInterface@?$CComObject@VCOPOSMICR@@@ATL@@WJI@AGJABU_GUID@@PAPAX@Z 10001df5 f i MICR.obj
 0001:00000e02       ?AddRef@?$CComObject@VCOPOSMICR@@@ATL@@WJI@AGKXZ 10001e02 f i MICR.obj
 0001:00000e0f       ?Release@?$CComObject@VCOPOSMICR@@@ATL@@WJI@AGKXZ 10001e0f f i MICR.obj
 0001:00000e1c       ?QueryInterface@?$CComObject@VCOPOSMICR@@@ATL@@WJM@AGJABU_GUID@@PAPAX@Z 10001e1c f i MICR.obj
 0001:00000e29       ?AddRef@?$CComObject@VCOPOSMICR@@@ATL@@WJM@AGKXZ 10001e29 f i MICR.obj
 0001:00000e36       ?Release@?$CComObject@VCOPOSMICR@@@ATL@@WJM@AGKXZ 10001e36 f i MICR.obj
 0001:00000e43       ?QueryInterface@?$CComObject@VCOPOSMICR@@@ATL@@WKA@AGJABU_GUID@@PAPAX@Z 10001e43 f i MICR.obj
 0001:00000e50       ?AddRef@?$CComObject@VCOPOSMICR@@@ATL@@WKA@AGKXZ 10001e50 f i MICR.obj
 0001:00000e5d       ?Release@?$CComObject@VCOPOSMICR@@@ATL@@WKA@AGKXZ 10001e5d f i MICR.obj
 0001:00000e6a       ?AddRef@?$CComObject@VCOPOSMICR@@@ATL@@WKI@AGKXZ 10001e6a f i MICR.obj
 0001:00000e77       ?Release@?$CComObject@VCOPOSMICR@@@ATL@@WKI@AGKXZ 10001e77 f i MICR.obj
 0001:00000e84       ?AddRef@?$CComObject@VCOPOSMICR@@@ATL@@WLE@AGKXZ 10001e84 f i MICR.obj
 0001:00000e91       ?Release@?$CComObject@VCOPOSMICR@@@ATL@@WLE@AGKXZ 10001e91 f i MICR.obj
 0001:00000e9e       ??_E?$CComContainedObject@VCOPOSMICR@@@ATL@@W3AEPAXI@Z 10001e9e f i MICR.obj
 0001:00000ea6       ??_E?$CComContainedObject@VCOPOSMICR@@@ATL@@WEM@AEPAXI@Z 10001ea6 f i MICR.obj
 0001:00000eae       ?QueryInterface@?$CComContainedObject@VCOPOSMICR@@@ATL@@WHA@AGJABU_GUID@@PAPAX@Z 10001eae f i MICR.obj
 0001:00000eb8       ?AddRef@?$CComContainedObject@VCOPOSMICR@@@ATL@@WHA@AGKXZ 10001eb8 f i MICR.obj
 0001:00000ec2       ?Release@?$CComContainedObject@VCOPOSMICR@@@ATL@@WHA@AGKXZ 10001ec2 f i MICR.obj
 0001:00000ecc       ?QueryInterface@?$CComContainedObject@VCOPOSMICR@@@ATL@@WHE@AGJABU_GUID@@PAPAX@Z 10001ecc f i MICR.obj
 0001:00000ed6       ?AddRef@?$CComContainedObject@VCOPOSMICR@@@ATL@@WHE@AGKXZ 10001ed6 f i MICR.obj
 0001:00000ee0       ?Release@?$CComContainedObject@VCOPOSMICR@@@ATL@@WHE@AGKXZ 10001ee0 f i MICR.obj
 0001:00000eea       ?QueryInterface@?$CComContainedObject@VCOPOSMICR@@@ATL@@WHI@AGJABU_GUID@@PAPAX@Z 10001eea f i MICR.obj
 0001:00000ef4       ?AddRef@?$CComContainedObject@VCOPOSMICR@@@ATL@@WHI@AGKXZ 10001ef4 f i MICR.obj
 0001:00000efe       ?Release@?$CComContainedObject@VCOPOSMICR@@@ATL@@WHI@AGKXZ 10001efe f i MICR.obj
 0001:00000f08       ?QueryInterface@?$CComContainedObject@VCOPOSMICR@@@ATL@@WHM@AGJABU_GUID@@PAPAX@Z 10001f08 f i MICR.obj
 0001:00000f12       ?AddRef@?$CComContainedObject@VCOPOSMICR@@@ATL@@WHM@AGKXZ 10001f12 f i MICR.obj
 0001:00000f1c       ?Release@?$CComContainedObject@VCOPOSMICR@@@ATL@@WHM@AGKXZ 10001f1c f i MICR.obj
 0001:00000f26       ?QueryInterface@?$CComContainedObject@VCOPOSMICR@@@ATL@@WIA@AGJABU_GUID@@PAPAX@Z 10001f26 f i MICR.obj
 0001:00000f33       ?AddRef@?$CComContainedObject@VCOPOSMICR@@@ATL@@WIA@AGKXZ 10001f33 f i MICR.obj
 0001:00000f40       ?Release@?$CComContainedObject@VCOPOSMICR@@@ATL@@WIA@AGKXZ 10001f40 f i MICR.obj
 0001:00000f4d       ?QueryInterface@?$CComContainedObject@VCOPOSMICR@@@ATL@@WIE@AGJABU_GUID@@PAPAX@Z 10001f4d f i MICR.obj
 0001:00000f5a       ?AddRef@?$CComContainedObject@VCOPOSMICR@@@ATL@@WIE@AGKXZ 10001f5a f i MICR.obj
 0001:00000f67       ?Release@?$CComContainedObject@VCOPOSMICR@@@ATL@@WIE@AGKXZ 10001f67 f i MICR.obj
 0001:00000f74       ?QueryInterface@?$CComContainedObject@VCOPOSMICR@@@ATL@@WII@AGJABU_GUID@@PAPAX@Z 10001f74 f i MICR.obj
 0001:00000f81       ?AddRef@?$CComContainedObject@VCOPOSMICR@@@ATL@@WII@AGKXZ 10001f81 f i MICR.obj
 0001:00000f8e       ?Release@?$CComContainedObject@VCOPOSMICR@@@ATL@@WII@AGKXZ 10001f8e f i MICR.obj
 0001:00000f9b       ?QueryInterface@?$CComContainedObject@VCOPOSMICR@@@ATL@@WIM@AGJABU_GUID@@PAPAX@Z 10001f9b f i MICR.obj
 0001:00000fa8       ?AddRef@?$CComContainedObject@VCOPOSMICR@@@ATL@@WIM@AGKXZ 10001fa8 f i MICR.obj
 0001:00000fb5       ?Release@?$CComContainedObject@VCOPOSMICR@@@ATL@@WIM@AGKXZ 10001fb5 f i MICR.obj
 0001:00000fc2       ?QueryInterface@?$CComContainedObject@VCOPOSMICR@@@ATL@@WJA@AGJABU_GUID@@PAPAX@Z 10001fc2 f i MICR.obj
 0001:00000fcf       ?AddRef@?$CComContainedObject@VCOPOSMICR@@@ATL@@WJA@AGKXZ 10001fcf f i MICR.obj
 0001:00000fdc       ?Release@?$CComContainedObject@VCOPOSMICR@@@ATL@@WJA@AGKXZ 10001fdc f i MICR.obj
 0001:00000fe9       ?QueryInterface@?$CComContainedObject@VCOPOSMICR@@@ATL@@WJE@AGJABU_GUID@@PAPAX@Z 10001fe9 f i MICR.obj
 0001:00000ff6       ?AddRef@?$CComContainedObject@VCOPOSMICR@@@ATL@@WJE@AGKXZ 10001ff6 f i MICR.obj
 0001:00001003       ?Release@?$CComContainedObject@VCOPOSMICR@@@ATL@@WJE@AGKXZ 10002003 f i MICR.obj
 0001:00001010       ?QueryInterface@?$CComContainedObject@VCOPOSMICR@@@ATL@@WJI@AGJABU_GUID@@PAPAX@Z 10002010 f i MICR.obj
 0001:0000101d       ?AddRef@?$CComContainedObject@VCOPOSMICR@@@ATL@@WJI@AGKXZ 1000201d f i MICR.obj
 0001:0000102a       ?Release@?$CComContainedObject@VCOPOSMICR@@@ATL@@WJI@AGKXZ 1000202a f i MICR.obj
 0001:00001037       ?QueryInterface@?$CComContainedObject@VCOPOSMICR@@@ATL@@WJM@AGJABU_GUID@@PAPAX@Z 10002037 f i MICR.obj
 0001:00001044       ?AddRef@?$CComContainedObject@VCOPOSMICR@@@ATL@@WJM@AGKXZ 10002044 f i MICR.obj
 0001:00001051       ?Release@?$CComContainedObject@VCOPOSMICR@@@ATL@@WJM@AGKXZ 10002051 f i MICR.obj
 0001:0000105e       ?QueryInterface@?$CComContainedObject@VCOPOSMICR@@@ATL@@WKA@AGJABU_GUID@@PAPAX@Z 1000205e f i MICR.obj
 0001:0000106b       ?AddRef@?$CComContainedObject@VCOPOSMICR@@@ATL@@WKA@AGKXZ 1000206b f i MICR.obj
 0001:00001078       ?Release@?$CComContainedObject@VCOPOSMICR@@@ATL@@WKA@AGKXZ 10002078 f i MICR.obj
 0001:00001085       ?AddRef@?$CComContainedObject@VCOPOSMICR@@@ATL@@WKI@AGKXZ 10002085 f i MICR.obj
 0001:00001092       ?Release@?$CComContainedObject@VCOPOSMICR@@@ATL@@WKI@AGKXZ 10002092 f i MICR.obj
 0001:0000109f       ?AddRef@?$CComContainedObject@VCOPOSMICR@@@ATL@@WLE@AGKXZ 1000209f f i MICR.obj
 0001:000010ac       ?Release@?$CComContainedObject@VCOPOSMICR@@@ATL@@WLE@AGKXZ 100020ac f i MICR.obj
 0001:000010b9       ?Lock@CAtlModule@ATL@@UAEJXZ 100020b9 f i MICR.obj
 0001:000010c3       ?Unlock@CAtlModule@ATL@@UAEJXZ 100020c3 f i MICR.obj
 0001:000010cd       ?GetLockCount@CAtlModule@ATL@@UAEJXZ 100020cd f i MICR.obj
 0001:000010d1       ?GetGITPtr@CAtlModule@ATL@@UAEJPAPAUIGlobalInterfaceTable@@@Z 100020d1 f i MICR.obj
 0001:0000111d       ?AddCommonRGSReplacements@?$CAtlModuleT@VCComModule@ATL@@@ATL@@UAEJPAUIRegistrarBase@@@Z 1000211d f i MICR.obj
 0001:00001137       ?UpdateRegistryFromResourceD@CComModule@ATL@@UAGJPB_WHPAU_ATL_REGMAP_ENTRY@2@@Z 10002137 f i MICR.obj
 0001:00001137       ?UpdateRegistryFromResourceD@CComModule@ATL@@UAGJIHPAU_ATL_REGMAP_ENTRY@2@@Z 10002137 f i MICR.obj
 0001:0000113f       ?UpdateRegistryFromResource@CComModule@ATL@@UAGJPB_WHPAU_ATL_REGMAP_ENTRY@2@@Z 1000213f f i MICR.obj
 0001:00001148       ?UpdateRegistryFromResource@CComModule@ATL@@UAGJIHPAU_ATL_REGMAP_ENTRY@2@@Z 10002148 f i MICR.obj
 0001:00001151       ??_ECComModule@ATL@@UAEPAXI@Z 10002151 f i MICR.obj
 0001:00001151       ??_GCComModule@ATL@@UAEPAXI@Z 10002151 f i MICR.obj
 0001:00001179       ?GetWindowProc@?$CWindowImplBaseT@VCWindow@ATL@@V?$CWinTraits@$0FGAAAAAA@$0A@@2@@ATL@@UAEP6GJPAUHWND__@@IIJ@ZXZ 10002179 f i MICR.obj
 0001:0000117f       ?StartWindowProc@?$CWindowImplBaseT@VCWindow@ATL@@V?$CWinTraits@$0FGAAAAAA@$0A@@2@@ATL@@SGJPAUHWND__@@IIJ@Z 1000217f f i MICR.obj
 0001:000011d3       ?GetTypeInfoCount@?$IDispatchImpl@UIOPOSMICR@@$1?IID_IOPOSMICR@@3U_GUID@@B$1?LIBID_OposMICR_CCO@@3U3@B$00$0A@VCComTypeInfoHolder@ATL@@@ATL@@UAGJPAI@Z 100021d3 f i MICR.obj
 0001:000011f0       ?GetTypeInfo@?$IDispatchImpl@UIOPOSMICR@@$1?IID_IOPOSMICR@@3U_GUID@@B$1?LIBID_OposMICR_CCO@@3U3@B$00$0A@VCComTypeInfoHolder@ATL@@@ATL@@UAGJIKPAPAUITypeInfo@@@Z 100021f0 f i MICR.obj
 0001:00001214       ?GetIDsOfNames@?$IDispatchImpl@UIOPOSMICR@@$1?IID_IOPOSMICR@@3U_GUID@@B$1?LIBID_OposMICR_CCO@@3U3@B$00$0A@VCComTypeInfoHolder@ATL@@@ATL@@UAGJABU_GUID@@PAPA_WIKPAJ@Z 10002214 f i MICR.obj
 0001:00001234       ?Invoke@?$IDispatchImpl@UIOPOSMICR@@$1?IID_IOPOSMICR@@3U_GUID@@B$1?LIBID_OposMICR_CCO@@3U3@B$00$0A@VCComTypeInfoHolder@ATL@@@ATL@@UAGJJABU_GUID@@KGPAUtagDISPPARAMS@@PAUtagVARIANT@@PAUtagEXCEPINFO@@PAI@Z 10002234 f i MICR.obj
 0001:00001242       ?CreateControlWindow@?$CComControl@VCOPOSMICR@@V?$CWindowImpl@VCOPOSMICR@@VCWindow@ATL@@V?$CWinTraits@$0FGAAAAAA@$0A@@3@@ATL@@@ATL@@UAEPAUHWND__@@PAU3@AAUtagRECT@@@Z 10002242 f i MICR.obj
 0001:00001271       ?ControlQueryInterface@?$CComControl@VCOPOSMICR@@V?$CWindowImpl@VCOPOSMICR@@VCWindow@ATL@@V?$CWinTraits@$0FGAAAAAA@$0A@@3@@ATL@@@ATL@@UAEJABU_GUID@@PAPAX@Z 10002271 f i MICR.obj
 0001:0000128c       ?GetClassID@?$IPersistStorageImpl@VCOPOSMICR@@@ATL@@UAGJPAU_GUID@@@Z 1000228c f i MICR.obj
 0001:0000128c       ?GetUserClassID@?$IOleObjectImpl@VCOPOSMICR@@@ATL@@UAGJPAU_GUID@@@Z 1000228c f i MICR.obj
 0001:0000128c       ?GetClassID@?$IPersistStreamInitImpl@VCOPOSMICR@@@ATL@@UAGJPAU_GUID@@@Z 1000228c f i MICR.obj
 0001:000012b0       ?IsDirty@?$IPersistStreamInitImpl@VCOPOSMICR@@@ATL@@UAGJXZ 100022b0 f i MICR.obj
 0001:000012cf       ?Load@?$IPersistStreamInitImpl@VCOPOSMICR@@@ATL@@UAGJPAUIStream@@@Z 100022cf f i MICR.obj
 0001:000012ee       ?Save@?$IPersistStreamInitImpl@VCOPOSMICR@@@ATL@@UAGJPAUIStream@@H@Z 100022ee f i MICR.obj
 0001:00001310       ?GetSizeMax@?$IPersistStreamInitImpl@VCOPOSMICR@@@ATL@@UAGJPAT_ULARGE_INTEGER@@@Z 10002310 f i MICR.obj
 0001:000014c5       ?InitNew@?$IPersistStreamInitImpl@VCOPOSMICR@@@ATL@@UAGJXZ 100024c5 f i MICR.obj
 0001:000014e2       ?GetControlInfo@?$IOleControlImpl@VCOPOSMICR@@@ATL@@UAGJPAUtagCONTROLINFO@@@Z 100024e2 f i MICR.obj
 0001:000014e2       ?SOOutputCompleteDummy@COPOSMICR@@MAGJJ@Z 100024e2 f i MICR.obj
 0001:000014e2       ?GetDropTarget@?$IOleInPlaceObjectWindowlessImpl@VCOPOSMICR@@@ATL@@UAGJPAPAUIDropTarget@@@Z 100024e2 f i MICR.obj
 0001:000014e2       ?ContextSensitiveHelp@?$IOleInPlaceActiveObjectImpl@VCOPOSMICR@@@ATL@@UAGJH@Z 100024e2 f i MICR.obj
 0001:000014e2       ?ContextSensitiveHelp@?$IOleInPlaceObjectWindowlessImpl@VCOPOSMICR@@@ATL@@UAGJH@Z 100024e2 f i MICR.obj
 0001:000014e2       ?Unfreeze@?$IViewObjectExImpl@VCOPOSMICR@@@ATL@@UAGJK@Z 100024e2 f i MICR.obj
 0001:000014e2       ?QueryGetData@?$IDataObjectImpl@VCOPOSMICR@@@ATL@@UAGJPAUtagFORMATETC@@@Z 100024e2 f i MICR.obj
 0001:000014e2       ?OnMnemonic@?$IOleControlImpl@VCOPOSMICR@@@ATL@@UAGJPAUtagMSG@@@Z 100024e2 f i MICR.obj
 0001:000014e2       ?SetColorScheme@?$IOleObjectImpl@VCOPOSMICR@@@ATL@@UAGJPAUtagLOGPALETTE@@@Z 100024e2 f i MICR.obj
 0001:000014ea       ?EnableModeless@?$IOleInPlaceActiveObjectImpl@VCOPOSMICR@@@ATL@@UAGJH@Z 100024ea f i MICR.obj
 0001:000014ea       ?SaveCompleted@?$IPersistStorageImpl@VCOPOSMICR@@@ATL@@UAGJPAUIStorage@@@Z 100024ea f i MICR.obj
 0001:000014ea       ?OnAmbientPropertyChange@?$IOleControlImpl@VCOPOSMICR@@@ATL@@UAGJJ@Z 100024ea f i MICR.obj
 0001:000014ea       ?OnFrameWindowActivate@?$IOleInPlaceActiveObjectImpl@VCOPOSMICR@@@ATL@@UAGJH@Z 100024ea f i MICR.obj
 0001:000014ef       ?SetClientSite@?$IOleObjectImpl@VCOPOSMICR@@@ATL@@UAGJPAUIOleClientSite@@@Z 100024ef f i MICR.obj
 0001:0000150c       ?GetClientSite@?$IOleObjectImpl@VCOPOSMICR@@@ATL@@UAGJPAPAUIOleClientSite@@@Z 1000250c f i MICR.obj
 0001:00001529       ?SetHostNames@?$IOleObjectImpl@VCOPOSMICR@@@ATL@@UAGJPB_W0@Z 10002529 f i MICR.obj
 0001:0000152e       ?Close@?$IOleObjectImpl@VCOPOSMICR@@@ATL@@UAGJK@Z 1000252e f i MICR.obj
 0001:0000154b       ?GetDataHere@?$IDataObjectImpl@VCOPOSMICR@@@ATL@@UAGJPAUtagFORMATETC@@PAUtagSTGMEDIUM@@@Z 1000254b f i MICR.obj
 0001:0000154b       ?QueryInterface@CRegObject@ATL@@UAGJABU_GUID@@PAPAX@Z 1000254b f i MICR.obj
 0001:0000154b       ?SetMoniker@?$IOleObjectImpl@VCOPOSMICR@@@ATL@@UAGJKPAUIMoniker@@@Z 1000254b f i MICR.obj
 0001:0000154b       ?GetClipboardData@?$IOleObjectImpl@VCOPOSMICR@@@ATL@@UAGJKPAPAUIDataObject@@@Z 1000254b f i MICR.obj
 0001:0000154b       ?EnumFormatEtc@?$IDataObjectImpl@VCOPOSMICR@@@ATL@@UAGJKPAPAUIEnumFORMATETC@@@Z 1000254b f i MICR.obj
 0001:0000154b       ?GetRect@?$IViewObjectExImpl@VCOPOSMICR@@@ATL@@UAGJKPAU_RECTL@@@Z 1000254b f i MICR.obj
 0001:0000154b       ?GetCanonicalFormatEtc@?$IDataObjectImpl@VCOPOSMICR@@@ATL@@UAGJPAUtagFORMATETC@@0@Z 1000254b f i MICR.obj
 0001:00001553       ?GetMoniker@?$IOleObjectImpl@VCOPOSMICR@@@ATL@@UAGJKKPAPAUIMoniker@@@Z 10002553 f i MICR.obj
 0001:00001553       ?InitFromData@?$IOleObjectImpl@VCOPOSMICR@@@ATL@@UAGJPAUIDataObject@@HK@Z 10002553 f i MICR.obj
 0001:00001553       ?SetData@?$IDataObjectImpl@VCOPOSMICR@@@ATL@@UAGJPAUtagFORMATETC@@PAUtagSTGMEDIUM@@H@Z 10002553 f i MICR.obj
 0001:0000155b       ?DoVerb@?$IOleObjectImpl@VCOPOSMICR@@@ATL@@UAGJJPAUtagMSG@@PAUIOleClientSite@@JPAUHWND__@@PBUtagRECT@@@Z 1000255b f i MICR.obj
 0001:00001673       ?EnumVerbs@?$IOleObjectImpl@VCOPOSMICR@@@ATL@@UAGJPAPAUIEnumOLEVERB@@@Z 10002673 f i MICR.obj
 0001:00001695       ?Update@?$IOleObjectImpl@VCOPOSMICR@@@ATL@@UAGJXZ 10002695 f i MICR.obj
 0001:00001695       ?HandsOffStorage@?$IPersistStorageImpl@VCOPOSMICR@@@ATL@@UAGJXZ 10002695 f i MICR.obj
 0001:00001695       ?Release@CRegObject@ATL@@UAGKXZ 10002695 f i MICR.obj
 0001:00001695       ?IsUpToDate@?$IOleObjectImpl@VCOPOSMICR@@@ATL@@UAGJXZ 10002695 f i MICR.obj
 0001:0000169a       ?GetUserType@?$IOleObjectImpl@VCOPOSMICR@@@ATL@@UAGJKPAPA_W@Z 1000269a f i MICR.obj
 0001:000016b2       ?SetExtent@?$IOleObjectImpl@VCOPOSMICR@@@ATL@@UAGJKPAUtagSIZE@@@Z 100026b2 f i MICR.obj
 0001:000016d2       ?GetExtent@?$IOleObjectImpl@VCOPOSMICR@@@ATL@@UAGJKPAUtagSIZE@@@Z 100026d2 f i MICR.obj
 0001:00001710       ?Advise@?$IOleObjectImpl@VCOPOSMICR@@@ATL@@UAGJPAUIAdviseSink@@PAK@Z 10002710 f i MICR.obj
 0001:00001730       ?Unadvise@?$IOleObjectImpl@VCOPOSMICR@@@ATL@@UAGJK@Z 10002730 f i MICR.obj
 0001:0000175f       ?EnumAdvise@?$IOleObjectImpl@VCOPOSMICR@@@ATL@@UAGJPAPAUIEnumSTATDATA@@@Z 1000275f f i MICR.obj
 0001:0000179f       ?GetMiscStatus@?$IOleObjectImpl@VCOPOSMICR@@@ATL@@UAGJKPAK@Z 1000279f f i MICR.obj
 0001:000017b7       ?GetWindow@?$IOleInPlaceActiveObjectImpl@VCOPOSMICR@@@ATL@@UAGJPAPAUHWND__@@@Z 100027b7 f i MICR.obj
 0001:00001804       ?TranslateAcceleratorW@?$IOleInPlaceActiveObjectImpl@VCOPOSMICR@@@ATL@@UAGJPAUtagMSG@@@Z 10002804 f i MICR.obj
 0001:000018a2       ?OnDocWindowActivate@?$IOleInPlaceActiveObjectImpl@VCOPOSMICR@@@ATL@@UAGJH@Z 100028a2 f i MICR.obj
 0001:000018c4       ?ResizeBorder@?$IOleInPlaceActiveObjectImpl@VCOPOSMICR@@@ATL@@UAGJPBUtagRECT@@PAUIOleInPlaceUIWindow@@H@Z 100028c4 f i MICR.obj
 0001:000018c9       ?Draw@?$IViewObjectExImpl@VCOPOSMICR@@@ATL@@UAGJKJPAXPAUtagDVTARGETDEVICE@@PAUHDC__@@2PBU_RECTL@@3P6GHK@ZK@Z 100028c9 f i MICR.obj
 0001:000018fb       ?GetColorSet@?$IViewObjectExImpl@VCOPOSMICR@@@ATL@@UAGJKJPAXPAUtagDVTARGETDEVICE@@PAUHDC__@@PAPAUtagLOGPALETTE@@@Z 100028fb f i MICR.obj
 0001:00001903       ?Freeze@?$IViewObjectExImpl@VCOPOSMICR@@@ATL@@UAGJKJPAXPAK@Z 10002903 f i MICR.obj
 0001:0000190b       ?SetAdvise@?$IViewObjectExImpl@VCOPOSMICR@@@ATL@@UAGJKKPAUIAdviseSink@@@Z 1000290b f i MICR.obj
 0001:0000192a       ?GetAdvise@?$IViewObjectExImpl@VCOPOSMICR@@@ATL@@UAGJPAK0PAPAUIAdviseSink@@@Z 1000292a f i MICR.obj
 0001:0000195f       ?GetExtent@?$IViewObjectExImpl@VCOPOSMICR@@@ATL@@UAGJKJPAUtagDVTARGETDEVICE@@PAUtagSIZE@@@Z 1000295f f i MICR.obj
 0001:00001990       ?GetViewStatus@?$IViewObjectExImpl@VCOPOSMICR@@@ATL@@UAGJPAK@Z 10002990 f i MICR.obj
 0001:000019ad       ?QueryHitPoint@?$IViewObjectExImpl@VCOPOSMICR@@@ATL@@UAGJKPBUtagRECT@@UtagPOINT@@JPAK@Z 100029ad f i MICR.obj
 0001:000019ee       ?QueryHitRect@?$IViewObjectExImpl@VCOPOSMICR@@@ATL@@UAGJKPBUtagRECT@@0JPAK@Z 100029ee f i MICR.obj
 0001:00001a49       ?GetNaturalExtent@?$IViewObjectExImpl@VCOPOSMICR@@@ATL@@UAGJKJPAUtagDVTARGETDEVICE@@PAUHDC__@@PAUtagExtentInfo@@PAUtagSIZE@@@Z 10002a49 f i MICR.obj
 0001:00001a94       ?GetWindow@?$IOleInPlaceObjectWindowlessImpl@VCOPOSMICR@@@ATL@@UAGJPAPAUHWND__@@@Z 10002a94 f i MICR.obj
 0001:00001ae1       ?InPlaceDeactivate@?$IOleInPlaceObjectWindowlessImpl@VCOPOSMICR@@@ATL@@UAGJXZ 10002ae1 f i MICR.obj
 0001:00001afb       ?UIDeactivate@?$IOleInPlaceObjectWindowlessImpl@VCOPOSMICR@@@ATL@@UAGJXZ 10002afb f i MICR.obj
 0001:00001b15       ?SetObjectRects@?$IOleInPlaceObjectWindowlessImpl@VCOPOSMICR@@@ATL@@UAGJPBUtagRECT@@0@Z 10002b15 f i MICR.obj
 0001:00001b35       ?ReactivateAndUndo@?$IOleInPlaceObjectWindowlessImpl@VCOPOSMICR@@@ATL@@UAGJXZ 10002b35 f i MICR.obj
 0001:00001b3d       ?OnWindowMessage@?$IOleInPlaceObjectWindowlessImpl@VCOPOSMICR@@@ATL@@UAGJIIJPAJ@Z 10002b3d f i MICR.obj
 0001:00001bad       ?EnumConnectionPoints@?$IConnectionPointContainerImpl@VCOPOSMICR@@@ATL@@UAGJPAPAUIEnumConnectionPoints@@@Z 10002bad f i MICR.obj
 0001:00001d27       ?FindConnectionPoint@?$IConnectionPointContainerImpl@VCOPOSMICR@@@ATL@@UAGJABU_GUID@@PAPAUIConnectionPoint@@@Z 10002d27 f i MICR.obj
 0001:00001dca       ?IsDirty@?$IPersistStorageImpl@VCOPOSMICR@@@ATL@@UAGJXZ 10002dca f i MICR.obj
 0001:00001dfe       ?InitNew@?$IPersistStorageImpl@VCOPOSMICR@@@ATL@@UAGJPAUIStorage@@@Z 10002dfe f i MICR.obj
 0001:00001e32       ?Load@?$IPersistStorageImpl@VCOPOSMICR@@@ATL@@UAGJPAUIStorage@@@Z 10002e32 f i MICR.obj
 0001:00001e9e       ?Save@?$IPersistStorageImpl@VCOPOSMICR@@@ATL@@UAGJPAUIStorage@@H@Z 10002e9e f i MICR.obj
 0001:00001f11       ?GetPages@?$ISpecifyPropertyPagesImpl@VCOPOSMICR@@@ATL@@UAGJPAUtagCAUUID@@@Z 10002f11 f i MICR.obj
 0001:00001f28       ?QuickActivate@?$IQuickActivateImpl@VCOPOSMICR@@@ATL@@UAGJPAUtagQACONTAINER@@PAUtagQACONTROL@@@Z 10002f28 f i MICR.obj
 0001:00001f4b       ?SetContentExtent@?$IQuickActivateImpl@VCOPOSMICR@@@ATL@@UAGJPAUtagSIZE@@@Z 10002f4b f i MICR.obj
 0001:00001f77       ?GetContentExtent@?$IQuickActivateImpl@VCOPOSMICR@@@ATL@@UAGJPAUtagSIZE@@@Z 10002f77 f i MICR.obj
 0001:00001f97       ?GetData@?$IDataObjectImpl@VCOPOSMICR@@@ATL@@UAGJPAUtagFORMATETC@@PAUtagSTGMEDIUM@@@Z 10002f97 f i MICR.obj
 0001:00001fba       ?DAdvise@?$IDataObjectImpl@VCOPOSMICR@@@ATL@@UAGJPAUtagFORMATETC@@KPAUIAdviseSink@@PAK@Z 10002fba f i MICR.obj
 0001:00001ffb       ?DUnadvise@?$IDataObjectImpl@VCOPOSMICR@@@ATL@@UAGJK@Z 10002ffb f i MICR.obj
 0001:00002029       ?EnumDAdvise@?$IDataObjectImpl@VCOPOSMICR@@@ATL@@UAGJPAPAUIEnumSTATDATA@@@Z 10003029 f i MICR.obj
 0001:00002068       ?GetClassInfoW@?$IProvideClassInfo2Impl@$1?CLSID_OPOSMICR@@3U_GUID@@B$1?DIID__IOPOSMICREvents@@3U2@B$1?LIBID_OposMICR_CCO@@3U2@B$00$0A@VCComTypeInfoHolder@ATL@@@ATL@@UAGJPAPAUITypeInfo@@@Z 10003068 f i MICR.obj
 0001:0000207e       ?GetGUID@?$IProvideClassInfo2Impl@$1?CLSID_OPOSMICR@@3U_GUID@@B$1?DIID__IOPOSMICREvents@@3U2@B$1?LIBID_OposMICR_CCO@@3U2@B$00$0A@VCComTypeInfoHolder@ATL@@@ATL@@UAGJKPAU_GUID@@@Z 1000307e f i MICR.obj
 0001:000020bc       __get_startup_argv_mode    100030bc f i LIBCMT:argv_mode.obj
 0001:000020bc       ?FAccessAllowed@?$IObjectSafetyImpl@VCOPOSMICR@@$02@ATL@@MAEHXZ 100030bc f i MICR.obj
 0001:000020c0       ?GetInterfaceSafetyOptions@?$IObjectSafetyImpl@VCOPOSMICR@@$02@ATL@@UAGJABU_GUID@@PAK1@Z 100030c0 f i MICR.obj
 0001:00002134       ?SetInterfaceSafetyOptions@?$IObjectSafetyImpl@VCOPOSMICR@@$02@ATL@@UAGJABU_GUID@@KK@Z 10003134 f i MICR.obj
 0001:000021ae       ?_LocCPQueryInterface@?$IConnectionPointImpl@VCOPOSMICR@@$1?IID_IPropertyNotifySink@@3U_GUID@@BVCComDynamicUnkArray@ATL@@@ATL@@UAGJABU_GUID@@PAPAX@Z 100031ae f i MICR.obj
 0001:000021ae       ?_LocCPQueryInterface@?$IConnectionPointImpl@VCOPOSMICR@@$1?DIID__IOPOSMICREvents@@3U_GUID@@BVCComDynamicUnkArray@ATL@@@ATL@@UAGJABU_GUID@@PAPAX@Z 100031ae f i MICR.obj
 0001:000021fb       ?GetConnectionInterface@?$IConnectionPointImpl@VCOPOSMICR@@$1?IID_IPropertyNotifySink@@3U_GUID@@BVCComDynamicUnkArray@ATL@@@ATL@@UAGJPAU_GUID@@@Z 100031fb f i MICR.obj
 0001:0000221f       ?GetConnectionPointContainer@?$IConnectionPointImpl@VCOPOSMICR@@$1?IID_IPropertyNotifySink@@3U_GUID@@BVCComDynamicUnkArray@ATL@@@ATL@@UAGJPAPAUIConnectionPointContainer@@@Z 1000321f f i MICR.obj
 0001:00002242       ?Advise@?$IConnectionPointImpl@VCOPOSMICR@@$1?IID_IPropertyNotifySink@@3U_GUID@@BVCComDynamicUnkArray@ATL@@@ATL@@UAGJPAUIUnknown@@PAK@Z 10003242 f i MICR.obj
 0001:00002242       ?Advise@?$IConnectionPointImpl@VCOPOSMICR@@$1?DIID__IOPOSMICREvents@@3U_GUID@@BVCComDynamicUnkArray@ATL@@@ATL@@UAGJPAUIUnknown@@PAK@Z 10003242 f i MICR.obj
 0001:000022e3       ?Unadvise@?$IConnectionPointImpl@VCOPOSMICR@@$1?IID_IPropertyNotifySink@@3U_GUID@@BVCComDynamicUnkArray@ATL@@@ATL@@UAGJK@Z 100032e3 f i MICR.obj
 0001:000022e3       ?Unadvise@?$IConnectionPointImpl@VCOPOSMICR@@$1?DIID__IOPOSMICREvents@@3U_GUID@@BVCComDynamicUnkArray@ATL@@@ATL@@UAGJK@Z 100032e3 f i MICR.obj
 0001:00002323       ?EnumConnections@?$IConnectionPointImpl@VCOPOSMICR@@$1?IID_IPropertyNotifySink@@3U_GUID@@BVCComDynamicUnkArray@ATL@@@ATL@@UAGJPAPAUIEnumConnections@@@Z 10003323 f i MICR.obj
 0001:00002323       ?EnumConnections@?$IConnectionPointImpl@VCOPOSMICR@@$1?DIID__IOPOSMICREvents@@3U_GUID@@BVCComDynamicUnkArray@ATL@@@ATL@@UAGJPAPAUIEnumConnections@@@Z 10003323 f i MICR.obj
 0001:00002429       ?GetConnectionInterface@?$IConnectionPointImpl@VCOPOSMICR@@$1?DIID__IOPOSMICREvents@@3U_GUID@@BVCComDynamicUnkArray@ATL@@@ATL@@UAGJPAU_GUID@@@Z 10003429 f i MICR.obj
 0001:0000244d       ?GetConnectionPointContainer@?$IConnectionPointImpl@VCOPOSMICR@@$1?DIID__IOPOSMICREvents@@3U_GUID@@BVCComDynamicUnkArray@ATL@@@ATL@@UAGJPAPAUIConnectionPointContainer@@@Z 1000344d f i MICR.obj
 0001:00002470       ?AddRef@CRegObject@ATL@@UAGKXZ 10003470 f i MICR.obj
 0001:00002476       ?AddReplacement@CRegObject@ATL@@UAGJPB_W0@Z 10003476 f i MICR.obj
 0001:000024af       ?ClearReplacements@CRegObject@ATL@@UAGJXZ 100034af f i MICR.obj
 0001:000024c1       ??_ECRegObject@ATL@@UAEPAXI@Z 100034c1 f i MICR.obj
 0001:000024c1       ??_GCRegObject@ATL@@UAEPAXI@Z 100034c1 f i MICR.obj
 0001:000024e3       ?UpdateRegistry@COPOSMICR@@SGJH@Z 100034e3 f i MICR.obj
 0001:000024fb       ?ProcessWindowMessage@COPOSMICR@@UAEHPAUHWND__@@IIJAAJK@Z 100034fb f i MICR.obj
 0001:00002544       ?SOData@COPOSMICR@@MAGJJ@Z 10003544 f i MICR.obj
 0001:0000257d       ?SODirectIO@COPOSMICR@@MAGJJPAJPAPA_W@Z 1000357d f i MICR.obj
 0001:000025c6       ?SOError@COPOSMICR@@MAGJJJJPAJ@Z 100035c6 f i MICR.obj
 0001:0000261b       ?SOStatusUpdate@COPOSMICR@@MAGJJ@Z 1000361b f i MICR.obj
 0001:00002654       ?CreateInstance@?$CComCreator@V?$CComObjectCached@VCComClassFactory@ATL@@@ATL@@@ATL@@SGJPAXABU_GUID@@PAPAX@Z 10003654 f i MICR.obj
 0001:000026e7       ?CreateInstance@?$CComCreator2@V?$CComCreator@V?$CComObject@VCOPOSMICR@@@ATL@@@ATL@@V?$CComCreator@V?$CComAggObject@VCOPOSMICR@@@ATL@@@2@@ATL@@SGJPAXABU_GUID@@PAPAX@Z 100036e7 f i MICR.obj
 0001:00002707       ?Next@?$CComEnumImpl@UIEnumConnectionPoints@@$1?_GUID_b196b285_bab4_101a_b69c_00aa00341d07@@3U__s_GUID@@BPAUIConnectionPoint@@V?$_CopyInterface@UIConnectionPoint@@@ATL@@@ATL@@UAGJKPAPAUIConnectionPoint@@PAK@Z 10003707 f i MICR.obj
 0001:000027de       ?Skip@?$CComEnumImpl@UIEnumConnectionPoints@@$1?_GUID_b196b285_bab4_101a_b69c_00aa00341d07@@3U__s_GUID@@BPAUIConnectionPoint@@V?$_CopyInterface@UIConnectionPoint@@@ATL@@@ATL@@UAGJK@Z 100037de f i MICR.obj
 0001:0000280b       ?Clone@?$CComEnumImpl@UIEnumConnectionPoints@@$1?_GUID_b196b285_bab4_101a_b69c_00aa00341d07@@3U__s_GUID@@BPAUIConnectionPoint@@V?$_CopyInterface@UIConnectionPoint@@@ATL@@@ATL@@UAGJPAPAUIEnumConnectionPoints@@@Z 1000380b f i MICR.obj
 0001:000028ea       ?QueryInterface@?$CComObject@V?$CComEnum@UIEnumConnectionPoints@@$1?_GUID_b196b285_bab4_101a_b69c_00aa00341d07@@3U__s_GUID@@BPAUIConnectionPoint@@V?$_CopyInterface@UIConnectionPoint@@@ATL@@VCComSingleThreadModel@6@@ATL@@@ATL@@UAGJABU_GUID@@PAPAX@Z 100038ea f i MICR.obj
 0001:00002904       ??_E?$CComObject@V?$CComEnum@UIEnumConnectionPoints@@$1?_GUID_b196b285_bab4_101a_b69c_00aa00341d07@@3U__s_GUID@@BPAUIConnectionPoint@@V?$_CopyInterface@UIConnectionPoint@@@ATL@@VCComSingleThreadModel@6@@ATL@@@ATL@@UAEPAXI@Z 10003904 f i MICR.obj
 0001:00002904       ??_G?$CComObject@V?$CComEnum@UIEnumConnectionPoints@@$1?_GUID_b196b285_bab4_101a_b69c_00aa00341d07@@3U__s_GUID@@BPAUIConnectionPoint@@V?$_CopyInterface@UIConnectionPoint@@@ATL@@VCComSingleThreadModel@6@@ATL@@@ATL@@UAEPAXI@Z 10003904 f i MICR.obj
 0001:00002926       ??$?4UITypeInfo2@@@?$CComPtr@UITypeInfo@@@ATL@@QAEPAUITypeInfo@@ABV?$CComPtr@UITypeInfo2@@@1@@Z 10003926 f i MICR.obj
 0001:00002953       ??$AtlAdd@K@ATL@@YAJPAKKK@Z 10003953 f i MICR.obj
 0001:00002976       ??$AtlAdd@_K@ATL@@YAJPA_K_K1@Z 10003976 f i MICR.obj
 0001:000029ae       ??$AtlAddThrow@K@ATL@@YAKKK@Z 100039ae f i MICR.obj
 0001:000029d4       ??$AtlModuleRegisterWndClassInfoT@VAtlModuleRegisterWndClassInfoParamW@ATL@@@ATL@@YAGPAU_ATL_BASE_MODULE70@0@PAU_ATL_WIN_MODULE70@0@PAU_ATL_WNDCLASSINFOW@0@PAP6GJPAUHWND__@@IIJ@ZVAtlModuleRegisterWndClassInfoParamW@0@@Z 100039d4 f i MICR.obj
 0001:00002b22       ??$AtlMultiply@H@ATL@@YAJPAHHH@Z 10003b22 f i MICR.obj
 0001:00002b5a       ??$AtlMultiply@K@ATL@@YAJPAKKK@Z 10003b5a f i MICR.obj
 0001:00002b5a       ??$AtlMultiply@I@ATL@@YAJPAIII@Z 10003b5a f i MICR.obj
 0001:00002b7c       ??$AtlMultiplyThrow@I@ATL@@YAIII@Z 10003b7c f i MICR.obj
 0001:00002ba2       ??0?$CComAggObject@VCOPOSMICR@@@ATL@@QAE@PAX@Z 10003ba2 f i MICR.obj
 0001:00002bcf       ??0?$CComContainedObject@VCOPOSMICR@@@ATL@@QAE@PAX@Z 10003bcf f i MICR.obj
 0001:00002c88       ??0?$CComObject@V?$CComEnum@UIEnumConnectionPoints@@$1?_GUID_b196b285_bab4_101a_b69c_00aa00341d07@@3U__s_GUID@@BPAUIConnectionPoint@@V?$_CopyInterface@UIConnectionPoint@@@ATL@@VCComSingleThreadModel@6@@ATL@@@ATL@@QAE@PAX@Z 10003c88 f i MICR.obj
 0001:00002cb6       ??0?$CComObject@V?$CComEnum@UIEnumConnections@@$1?_GUID_b196b287_bab4_101a_b69c_00aa00341d07@@3U__s_GUID@@BUtagCONNECTDATA@@V?$_Copy@UtagCONNECTDATA@@@ATL@@VCComSingleThreadModel@6@@ATL@@@ATL@@QAE@PAX@Z 10003cb6 f i MICR.obj
 0001:00002ce4       ??0?$CComObject@VCOPOSMICR@@@ATL@@QAE@PAX@Z 10003ce4 f i MICR.obj
 0001:00002d9b       ??0?$CComQIPtr@UIOleControlSite@@$1?_GUID_b196b289_bab4_101a_b69c_00aa00341d07@@3U__s_GUID@@B@ATL@@QAE@PAUIUnknown@@@Z 10003d9b f i MICR.obj
 0001:00002dc4       ??0CAtlModule@ATL@@QAE@XZ  10003dc4 f i MICR.obj
 0001:00002e05       ??0CParseBuffer@CRegParser@ATL@@QAE@H@Z 10003e05 f i MICR.obj
 0001:00002e3b       ??0_ATL_MSG@ATL@@QAE@PAUHWND__@@IIJH@Z 10003e3b f i MICR.obj
 0001:00002e73       ??1?$CComAggObject@VCOPOSMICR@@@ATL@@UAE@XZ 10003e73 f i MICR.obj
 0001:00002e97       ??1?$CComEnumImpl@UIEnumConnectionPoints@@$1?_GUID_b196b285_bab4_101a_b69c_00aa00341d07@@3U__s_GUID@@BPAUIConnectionPoint@@V?$_CopyInterface@UIConnectionPoint@@@ATL@@@ATL@@UAE@XZ 10003e97 f i MICR.obj
 0001:00002ed7       ??1?$CComEnumImpl@UIEnumConnections@@$1?_GUID_b196b287_bab4_101a_b69c_00aa00341d07@@3U__s_GUID@@BUtagCONNECTDATA@@V?$_Copy@UtagCONNECTDATA@@@ATL@@@ATL@@UAE@XZ 10003ed7 f i MICR.obj
 0001:00002f17       ??1?$CComObject@V?$CComEnum@UIEnumConnectionPoints@@$1?_GUID_b196b285_bab4_101a_b69c_00aa00341d07@@3U__s_GUID@@BPAUIConnectionPoint@@V?$_CopyInterface@UIConnectionPoint@@@ATL@@VCComSingleThreadModel@6@@ATL@@@ATL@@UAE@XZ 10003f17 f i MICR.obj
 0001:00002f3a       ??1?$CComObject@V?$CComEnum@UIEnumConnections@@$1?_GUID_b196b287_bab4_101a_b69c_00aa00341d07@@3U__s_GUID@@BUtagCONNECTDATA@@V?$_Copy@UtagCONNECTDATA@@@ATL@@VCComSingleThreadModel@6@@ATL@@@ATL@@UAE@XZ 10003f3a f i MICR.obj
 0001:00002f5d       ??1?$CComObject@VCOPOSMICR@@@ATL@@UAE@XZ 10003f5d f i MICR.obj
 0001:0000301b       ??1?$CComObjectCached@VCComClassFactory@ATL@@@ATL@@UAE@XZ 1000401b f i MICR.obj
 0001:00003031       ??1?$CComObjectRootEx@VCComMultiThreadModel@ATL@@@ATL@@QAE@XZ 10004031 f i MICR.obj
 0001:00003046       ??1CRegObject@ATL@@UAE@XZ  10004046 f i MICR.obj
 0001:00003066       ??4?$CComPtr@UIAdviseSink@@@ATL@@QAEPAUIAdviseSink@@PAU2@@Z 10004066 f i MICR.obj
 0001:00003066       ??4?$CComPtr@UIUnknown@@@ATL@@QAEPAUIUnknown@@PAU2@@Z 10004066 f i MICR.obj
 0001:00003066       ??4?$CComPtr@UIOleClientSite@@@ATL@@QAEPAUIOleClientSite@@PAU2@@Z 10004066 f i MICR.obj
 0001:0000309a       ??4?$CComQIPtr@UIOleObject@@$1?_GUID_00000112_0000_0000_c000_000000000046@@3U__s_GUID@@B@ATL@@QAEPAUIOleObject@@PAUIUnknown@@@Z 1000409a f i MICR.obj
 0001:000030bf       ??4?$CComQIPtr@UISpecifyPropertyPages@@$1?_GUID_b196b28b_bab4_101a_b69c_00aa00341d07@@3U__s_GUID@@B@ATL@@QAEPAUISpecifyPropertyPages@@PAUIUnknown@@@Z 100040bf f i MICR.obj
 0001:000030e4       ??_G?$CComContainedObject@VCOPOSMICR@@@ATL@@UAEPAXI@Z 100040e4 f i MICR.obj
 0001:000030e4       ??_E?$CComContainedObject@VCOPOSMICR@@@ATL@@UAEPAXI@Z 100040e4 f i MICR.obj
 0001:00003109       ??_G?$CComObject@VCOPOSMICR@@@ATL@@UAEPAXI@Z 10004109 f i MICR.obj
 0001:00003109       ??_E?$CComObject@VCOPOSMICR@@@ATL@@UAEPAXI@Z 10004109 f i MICR.obj
 0001:0000312e       ?Add@?$CSimpleArray@GV?$CSimpleArrayEqualHelper@G@ATL@@@ATL@@QAEHABG@Z 1000412e f i MICR.obj
 0001:000031b2       ?Add@?$CSimpleMap@PA_WPA_WVCExpansionVectorEqualHelper@ATL@@@ATL@@QAEHABQA_W0@Z 100041b2 f i MICR.obj
 0001:00003207       ?Add@CComDynamicUnkArray@ATL@@QAEKPAUIUnknown@@@Z 10004207 f i MICR.obj
 0001:000032c2       ?Add@CExpansionVector@ATL@@QAEHPB_W0@Z 100042c2 f i MICR.obj
 0001:000033c6       ?AddString@CParseBuffer@CRegParser@ATL@@QAEHPB_W@Z 100043c6 f i MICR.obj
 0001:000033fb       ?AddValue@CRegParser@ATL@@IAEJAAVCRegKey@2@PB_WPA_W@Z 100043fb f i MICR.obj
 0001:0000371c       ?Allocate@?$CAtlSafeAllocBufferManager@VCCRTAllocator@ATL@@@_ATL_SAFE_ALLOCA_IMPL@ATL@@QAEPAXK@Z 1000471c f i MICR.obj
 0001:00003749       ?Allocate@?$CTempBuffer@E$0BAA@VCCRTAllocator@ATL@@@ATL@@QAEPAEI@Z 10004749 f i MICR.obj
 0001:00003778       ?Allocate@?$CTempBuffer@_W$0BAA@VCCRTAllocator@ATL@@@ATL@@QAEPA_WI@Z 10004778 f i MICR.obj
 0001:000037a7       ?Allocate@?$CTempBuffer@_W$0EAA@VCCRTAllocator@ATL@@@ATL@@QAEPA_WI@Z 100047a7 f i MICR.obj
 0001:000037d6       ?AllocateHeap@?$CTempBuffer@_W$0EAA@VCCRTAllocator@ATL@@@ATL@@AAEXI@Z 100047d6 f i MICR.obj
 0001:000037d6       ?AllocateHeap@?$CTempBuffer@E$0BAA@VCCRTAllocator@ATL@@@ATL@@AAEXI@Z 100047d6 f i MICR.obj
 0001:000037d6       ?AllocateHeap@?$CTempBuffer@_W$0BAA@VCCRTAllocator@ATL@@@ATL@@AAEXI@Z 100047d6 f i MICR.obj
 0001:000037fb       ?Append@CParseBuffer@CRegParser@ATL@@QAEHPB_WH@Z 100047fb f i MICR.obj
 0001:00003889       ?AtlCallTermFunc@ATL@@YGXPAU_ATL_MODULE70@1@@Z 10004889 f i MICR.obj
 0001:000038cd       ?AtlCoTaskMemCAlloc@ATL@@YAPAXKK@Z 100048cd f i MICR.obj
 0001:000038fa       ?AtlCoTaskMemRecalloc@ATL@@YAPAXPAXKK@Z 100048fa f i MICR.obj
 0001:0000392a       ?AtlComModuleGetClassObject@ATL@@YGJPAU_ATL_COM_MODULE70@1@ABU_GUID@@1PAPAX@Z 1000492a f i MICR.obj
 0001:00003a1d       ?AtlComModuleRegisterServer@ATL@@YGJPAU_ATL_COM_MODULE70@1@HPBU_GUID@@@Z 10004a1d f i MICR.obj
 0001:00003aa5       ?AtlComModuleUnregisterServer@ATL@@YGJPAU_ATL_COM_MODULE70@1@HPBU_GUID@@@Z 10004aa5 f i MICR.obj
 0001:00003b2d       ?AtlComQIPtrAssign2@ATL@@YAXPAPAUIUnknown@@PAU2@ABU_GUID@@@Z 10004b2d f i MICR.obj
 0001:00003b5c       ?AtlCreateTargetDC@ATL@@YGPAUHDC__@@PAU2@PAUtagDVTARGETDEVICE@@@Z 10004b5c f i MICR.obj
 0001:00003bc5       ?AtlCrtErrorCheck@ATL@@YAHH@Z 10004bc5 f i MICR.obj
 0001:00003c00       ?AtlHiMetricToPixel@ATL@@YGXPBUtagSIZE@@PAU2@@Z 10004c00 f i MICR.obj
 0001:00003c75       ?AtlHresultFromLastError@ATL@@YAJXZ 10004c75 f i MICR.obj
 0001:00003c8c       ?AtlHresultFromWin32@ATL@@YAJK@Z 10004c8c f i MICR.obj
 0001:00003ca1       ?AtlIPersistStreamInit_Load@ATL@@YGJPAUIStream@@PBUATL_PROPMAP_ENTRY@1@PAXPAUIUnknown@@@Z 10004ca1 f i MICR.obj
 0001:00003e81       ?AtlIPersistStreamInit_Save@ATL@@YGJPAUIStream@@HPBUATL_PROPMAP_ENTRY@1@PAXPAUIUnknown@@@Z 10004e81 f i MICR.obj
 0001:00004019       ?AtlInternalOleLoadFromStream@ATL@@YAJPAUIStream@@ABU_GUID@@PAPAXTClassesAllowedInStream@1@K@Z 10005019 f i MICR.obj
 0001:0000413f       ?AtlInternalQueryInterface@ATL@@YGJPAXPBU_ATL_INTMAP_ENTRY@1@ABU_GUID@@PAPAX@Z 1000513f f i MICR.obj
 0001:000041e2       ?AtlLoadTypeLib@ATL@@YGJPAUHINSTANCE__@@PB_WPAPA_WPAPAUITypeLib@@@Z 100051e2 f i MICR.obj
 0001:000043c0       ?AtlModuleAddTermFunc@ATL@@YGJPAU_ATL_MODULE70@1@P6GXK@ZK@Z 100053c0 f i MICR.obj
 0001:0000441d       ?AtlRegisterClassCategoriesHelper@ATL@@YGJABU_GUID@@PBU_ATL_CATMAP_ENTRY@1@H@Z 1000541d f i MICR.obj
 0001:000046fd       ?AtlRegisterTypeLib@ATL@@YGJPAUHINSTANCE__@@PB_W@Z 100056fd f i MICR.obj
 0001:00004885       ?AtlThrowImpl@ATL@@YGXJ@Z  10005885 f i MICR.obj
 0001:000048a3       ?AtlUnRegisterTypeLib@ATL@@YGJPAUHINSTANCE__@@PB_W@Z 100058a3 f i MICR.obj
 0001:0000494e       ?AtlWinModuleAddCreateWndData@ATL@@YGXPAU_ATL_WIN_MODULE70@1@PAU_AtlCreateWndData@1@PAX@Z 1000594e f i MICR.obj
 0001:000049a2       ?AtlWinModuleExtractCreateWndData@ATL@@YGPAXPAU_ATL_WIN_MODULE70@1@@Z 100059a2 f i MICR.obj
 0001:00004a05       ?AtlWinModuleRegisterClassExW@ATL@@YGGPAU_ATL_WIN_MODULE70@1@PBUtagWNDCLASSEXW@@@Z 10005a05 f i MICR.obj
 0001:00004a44       ?CanForceRemoveKey@CRegParser@ATL@@IAEHPB_W@Z 10005a44 f i MICR.obj
 0001:00004a73       ?ChToByte@CRegParser@ATL@@KAE_W@Z 10005a73 f i MICR.obj
 0001:00004aa6       ?Cleanup@CComTypeInfoHolder@ATL@@SGXK@Z 10005aa6 f i MICR.obj
 0001:00004ad9       ?ClearReplacements@CExpansionVector@ATL@@QAEJXZ 10005ad9 f i MICR.obj
 0001:00004b16       ?Close@CRegKey@ATL@@QAEJXZ 10005b16 f i MICR.obj
 0001:00004b30       ?CreateInstance@?$CComCreator@V?$CComAggObject@VCOPOSMICR@@@ATL@@@ATL@@SGJPAXABU_GUID@@PAPAX@Z 10005b30 f i MICR.obj
 0001:00004ba6       ?CreateInstance@?$CComCreator@V?$CComObject@VCOPOSMICR@@@ATL@@@ATL@@SGJPAXABU_GUID@@PAPAX@Z 10005ba6 f i MICR.obj
 0001:00004c27       ?CreateInstance@?$CComObject@V?$CComEnum@UIEnumConnectionPoints@@$1?_GUID_b196b285_bab4_101a_b69c_00aa00341d07@@3U__s_GUID@@BPAUIConnectionPoint@@V?$_CopyInterface@UIConnectionPoint@@@ATL@@VCComSingleThreadModel@6@@ATL@@@ATL@@SGJPAPAV12@@Z 10005c27 f i MICR.obj
 0001:00004c6e       ?CreateInstance@?$CComObject@V?$CComEnum@UIEnumConnections@@$1?_GUID_b196b287_bab4_101a_b69c_00aa00341d07@@3U__s_GUID@@BUtagCONNECTDATA@@V?$_Copy@UtagCONNECTDATA@@@ATL@@VCComSingleThreadModel@6@@ATL@@@ATL@@SGJPAPAV12@@Z 10005c6e f i MICR.obj
 0001:00004cb5       ?DefaultReflectionHandler@?$CWindowImplRoot@VCWindow@ATL@@@ATL@@SAHPAUHWND__@@IIJAAJ@Z 10005cb5 f i MICR.obj
 0001:00004d28       ?DeleteSubKey@CRegKey@ATL@@QAEJPB_W@Z 10005d28 f i MICR.obj
 0001:00004da1       ?DoEvent@COPOSMICR@@IAEXIIJ@Z 10005da1 f i MICR.obj
 0001:00004e21       ?DoVerbHide@?$IOleObjectImpl@VCOPOSMICR@@@ATL@@QAEJPBUtagRECT@@PAUHWND__@@@Z 10005e21 f i MICR.obj
 0001:00004e57       ?DoVerbInPlaceActivate@?$IOleObjectImpl@VCOPOSMICR@@@ATL@@QAEJPBUtagRECT@@PAUHWND__@@@Z 10005e57 f i MICR.obj
 0001:00004e8a       ?DoVerbPrimary@?$IOleObjectImpl@VCOPOSMICR@@@ATL@@QAEJPBUtagRECT@@PAUHWND__@@@Z 10005e8a f i MICR.obj
 0001:00004f16       ?DoVerbProperties@CComControlBase@ATL@@QAEJPBUtagRECT@@PAUHWND__@@@Z 10005f16 f i MICR.obj
 0001:0000503d       ?DoVerbShow@?$IOleObjectImpl@VCOPOSMICR@@@ATL@@QAEJPBUtagRECT@@PAUHWND__@@@Z 1000603d f i MICR.obj
 0001:00005062       ?DoVerbUIActivate@?$IOleObjectImpl@VCOPOSMICR@@@ATL@@QAEJPBUtagRECT@@PAUHWND__@@@Z 10006062 f i MICR.obj
 0001:0000509f       ?DoesVerbActivate@CComControlBase@ATL@@QAEHJ@Z 1000609f f i MICR.obj
 0001:000050c0       ?DoesVerbUIActivate@CComControlBase@ATL@@QAEHJ@Z 100060c0 f i MICR.obj
 0001:000050f5       ?EndOfVar@CRegParser@ATL@@IAEHXZ 100060f5 f i MICR.obj
 0001:00005115       ?EscapeSingleQuote@CAtlModule@ATL@@SAXPA_WIPB_W@Z 10006115 f i MICR.obj
 0001:00005164       ?FindKey@?$CSimpleMap@PA_WPA_WVCExpansionVectorEqualHelper@ATL@@@ATL@@QBEHABQA_W@Z 10006164 f i MICR.obj
 0001:0000519b       ?FireTheEvent@?$CProxy_IOPOSEvents@VCOPOSMICR@@@@IAEXPAVOposVariant@@IAAJPB_WJ@Z 1000619b f i MICR.obj
 0001:0000522d       ?FireViewChange@CComControlBase@ATL@@QAEJXZ 1000622d f i MICR.obj
 0001:00005276       ?Fire_DataEvent@?$CProxy_IOPOSEvents@VCOPOSMICR@@@@QAEXJ@Z 10006276 f i MICR.obj
 0001:00005302       ?Fire_DirectIOEvent@?$CProxy_IOPOSEvents@VCOPOSMICR@@@@QAEXJPAJPAPA_W@Z 10006302 f i MICR.obj
 0001:000053e8       ?Fire_ErrorEvent@?$CProxy_IOPOSEvents@VCOPOSMICR@@@@QAEXJJJPAJ@Z 100063e8 f i MICR.obj
 0001:000054cf       ?Fire_StatusUpdateEvent@?$CProxy_IOPOSEvents@VCOPOSMICR@@@@QAEXJ@Z 100064cf f i MICR.obj
 0001:0000555b       ?FreeHeap@?$CTempBuffer@_W$0BAA@VCCRTAllocator@ATL@@@ATL@@AAEXXZ 1000655b f i MICR.obj
 0001:0000555b       ?FreeHeap@?$CTempBuffer@_W$0EAA@VCCRTAllocator@ATL@@@ATL@@AAEXXZ 1000655b f i MICR.obj
 0001:0000555b       ?FreeHeap@?$CTempBuffer@E$0BAA@VCCRTAllocator@ATL@@@ATL@@AAEXXZ 1000655b f i MICR.obj
 0001:00005564       ?GetAmbientLocaleID@CComControlBase@ATL@@QAEJAAK@Z 10006564 f i MICR.obj
 0001:000055c0       ?GetAmbientUserMode@CComControlBase@ATL@@QAEJAAH@Z 100065c0 f i MICR.obj
 0001:00005630       ?GetAt@CComDynamicUnkArray@ATL@@QAEPAUIUnknown@@H@Z 10006630 f i MICR.obj
 0001:0000564c       ?GetClassObject@CComModule@ATL@@QAEJABU_GUID@@0PAPAX@Z 1000664c f i MICR.obj
 0001:000056ee       ?GetConnMap@COPOSMICR@@SAPBU_ATL_CONNMAP_ENTRY@ATL@@PAH@Z 100066ee f i MICR.obj
 0001:0000575e       ?GetCookie@CComDynamicUnkArray@ATL@@QAGKPAPAUIUnknown@@@Z 1000675e f i MICR.obj
 0001:00005796       ?GetIDsOfNames@CComTypeInfoHolder@ATL@@QAEJABU_GUID@@PAPA_WIKPAJ@Z 10006796 f i MICR.obj
 0001:000058a4       ?GetKeyAt@?$CSimpleMap@PA_WPA_WVCExpansionVectorEqualHelper@ATL@@@ATL@@QBEAAPA_WH@Z 100068a4 f i MICR.obj
 0001:000058c9       ?GetPagesHelper@?$ISpecifyPropertyPagesImpl@VCOPOSMICR@@@ATL@@IAEJPAUtagCAUUID@@PBUATL_PROPMAP_ENTRY@2@@Z 100068c9 f i MICR.obj
 0001:000059f0       ?GetProperty@?$CComPtr@UIDispatch@@@ATL@@SAJPAUIDispatch@@JPAUtagVARIANT@@@Z 100069f0 f i MICR.obj
 0001:00005a3f       ?GetSizeMax@CComVariant@ATL@@QBEJPAT_ULARGE_INTEGER@@@Z 10006a3f f i MICR.obj
 0001:00005bf9       ?GetStreamSize@CComBSTR@ATL@@SAKPA_W@Z 10006bf9 f i MICR.obj
 0001:00005c13       ?GetTI@CComTypeInfoHolder@ATL@@QAEJK@Z 10006c13 f i MICR.obj
 0001:00005dfc       ?GetTI@CComTypeInfoHolder@ATL@@QAEJKPAPAUITypeInfo@@@Z 10006dfc f i MICR.obj
 0001:00005e3e       ?GetUnknown@CComDynamicUnkArray@ATL@@QAGPAUIUnknown@@K@Z 10006e3e f i MICR.obj
 0001:00005e5f       ?GetValueAt@?$CSimpleMap@PA_WPA_WVCExpansionVectorEqualHelper@ATL@@@ATL@@QBEAAPA_WH@Z 10006e5f f i MICR.obj
 0001:00005e85       ?GetZoomInfo@CComControlBase@ATL@@QAEXAAUATL_DRAWINFO@@@Z 10006e85 f i MICR.obj
 0001:00005f18       ?HKeyFromString@CRegParser@ATL@@KAPAUHKEY__@@PA_W@Z 10006f18 f i MICR.obj
 0001:00005f46       ?HasSubKeys@CRegParser@ATL@@IAEHPAUHKEY__@@@Z 10006f46 f i MICR.obj
 0001:00005f7b       ?IDataObject_GetData@CComControlBase@ATL@@QAEJPAUtagFORMATETC@@PAUtagSTGMEDIUM@@@Z 10006f7b f i MICR.obj
 0001:00006121       ?IOleInPlaceObject_InPlaceDeactivate@CComControlBase@ATL@@QAEJXZ 10007121 f i MICR.obj
 0001:000061a8       ?IOleInPlaceObject_SetObjectRects@CComControlBase@ATL@@QAEJPBUtagRECT@@0@Z 100071a8 f i MICR.obj
 0001:00006275       ?IOleInPlaceObject_UIDeactivate@CComControlBase@ATL@@QAEJXZ 10007275 f i MICR.obj
 0001:00006337       ?IOleObject_Advise@CComControlBase@ATL@@QAEJPAUIAdviseSink@@PAK@Z 10007337 f i MICR.obj
 0001:00006361       ?IOleObject_Close@CComControlBase@ATL@@QAEJK@Z 10007361 f i MICR.obj
 0001:00006445       ?IOleObject_GetClientSite@CComControlBase@ATL@@QAEJPAPAUIOleClientSite@@@Z 10007445 f i MICR.obj
 0001:0000646e       ?IOleObject_SetClientSite@CComControlBase@ATL@@QAEJPAUIOleClientSite@@@Z 1000746e f i MICR.obj
 0001:000064ad       ?IOleObject_SetExtent@CComControlBase@ATL@@QAEJKPAUtagSIZE@@@Z 100074ad f i MICR.obj
 0001:00006561       ?IPSI_GetIPersistStreamInit@?$IPersistStorageImpl@VCOPOSMICR@@@ATL@@AAEPAUIPersistStreamInit@@XZ 10007561 f i MICR.obj
 0001:000065a3       ?IPersistStreamInit_Load@?$IPersistStreamInitImpl@VCOPOSMICR@@@ATL@@QAEJPAUIStream@@PBUATL_PROPMAP_ENTRY@2@@Z 100075a3 f i MICR.obj
 0001:000065cf       ?IPersistStreamInit_Save@?$IPersistStreamInitImpl@VCOPOSMICR@@@ATL@@QAEJPAUIStream@@HPBUATL_PROPMAP_ENTRY@2@@Z 100075cf f i MICR.obj
 0001:00006604       ?IQuickActivate_QuickActivate@CComControlBase@ATL@@QAEJPAUtagQACONTAINER@@PAUtagQACONTROL@@@Z 10007604 f i MICR.obj
 0001:00006846       ?IViewObject_Draw@CComControlBase@ATL@@QAEJKJPAXPAUtagDVTARGETDEVICE@@PAUHDC__@@2PBU_RECTL@@3@Z 10007846 f i MICR.obj
 0001:000068ee       ?InPlaceActivate@CComControlBase@ATL@@QAEJJPBUtagRECT@@@Z 100078ee f i MICR.obj
 0001:00006b5f       ?Init@?$CComEnumImpl@UIEnumConnectionPoints@@$1?_GUID_b196b285_bab4_101a_b69c_00aa00341d07@@3U__s_GUID@@BPAUIConnectionPoint@@V?$_CopyInterface@UIConnectionPoint@@@ATL@@@ATL@@QAEJPAPAUIConnectionPoint@@0PAUIUnknown@@W4CComEnumFlags@2@@Z 10007b5f f i MICR.obj
 0001:00006c3e       ?Init@?$CComEnumImpl@UIEnumConnections@@$1?_GUID_b196b287_bab4_101a_b69c_00aa00341d07@@3U__s_GUID@@BUtagCONNECTDATA@@V?$_Copy@UtagCONNECTDATA@@@ATL@@@ATL@@QAEJPAUtagCONNECTDATA@@0PAUIUnknown@@W4CComEnumFlags@2@@Z 10007c3e f i MICR.obj
 0001:00006d1d       ?Init@CComModule@ATL@@QAEJPAU_ATL_OBJMAP_ENTRY30@2@PAUHINSTANCE__@@PBU_GUID@@@Z 10007d1d f i MICR.obj
 0001:00006d7c       ?Init@CDynamicStdCallThunk2@ATL@@QAEHKPAX@Z 10007d7c f i MICR.obj
 0001:00006da7       ?InlineIsEqualUnknown@ATL@@YGHABU_GUID@@@Z 10007da7 f i MICR.obj
 0001:00006dcf       ?InternalGetSite@CComControlBase@ATL@@QAEJABU_GUID@@PAPAX@Z 10007dcf f i MICR.obj
 0001:00006dfd       ?InternalSetAtIndex@?$CSimpleMap@PA_WPA_WVCExpansionVectorEqualHelper@ATL@@@ATL@@QAEXHABQA_W0@Z 10007dfd f i MICR.obj
 0001:00006e27       ?Invoke@CComTypeInfoHolder@ATL@@QAEJPAUIDispatch@@JABU_GUID@@KGPAUtagDISPPARAMS@@PAUtagVARIANT@@PAUtagEXCEPINFO@@PAI@Z 10007e27 f i MICR.obj
 0001:00006e6a       ?IsEqualObject@?$CComPtrBase@UIOleClientSite@@@ATL@@QAE_NPAUIUnknown@@@Z 10007e6a f i MICR.obj
 0001:00006e6a       ?IsEqualObject@?$CComPtrBase@UITypeInfo@@@ATL@@QAE_NPAUIUnknown@@@Z 10007e6a f i MICR.obj
 0001:00006ed7       ?IsSpace@CRegParser@ATL@@IAEH_W@Z 10007ed7 f i MICR.obj
 0001:00006f01       ?LoadNameCache@CComTypeInfoHolder@ATL@@QAEJPAUITypeInfo@@@Z 10007f01 f i MICR.obj
 0001:0000704f       ?Lookup@?$CSimpleMap@PA_WPA_WVCExpansionVectorEqualHelper@ATL@@@ATL@@QBEPA_WABQA_W@Z 1000804f f i MICR.obj
 0001:00007075       ?NextToken@CRegParser@ATL@@IAEJPA_W@Z 10008075 f i MICR.obj
 0001:000071ad       ?OnKillFocus@CComControlBase@ATL@@QAEJIIJAAH@Z 100081ad f i MICR.obj
 0001:00007208       ?OnMouseActivate@CComControlBase@ATL@@QAEJIIJAAH@Z 10008208 f i MICR.obj
 0001:00007276       ?OnPaint@CComControlBase@ATL@@QAEJIIJAAH@Z 10008276 f i MICR.obj
 0001:00007328       ?OnSetFocus@CComControlBase@ATL@@QAEJIIJAAH@Z 10008328 f i MICR.obj
 0001:000073b1       ?Open@CRegKey@ATL@@QAEJPAUHKEY__@@PB_WK@Z 100083b1 f i MICR.obj
 0001:00007406       ?PreProcessBuffer@CRegParser@ATL@@QAEJPA_WPAPA_W@Z 10008406 f i MICR.obj
 0001:00007670       ?ProcessWindowMessage@?$CComControl@VCOPOSMICR@@V?$CWindowImpl@VCOPOSMICR@@VCWindow@ATL@@V?$CWinTraits@$0FGAAAAAA@$0A@@3@@ATL@@@ATL@@UAEHPAUHWND__@@IIJAAJK@Z 10008670 f i MICR.obj
 0001:0000770f       ?PutProperty@?$CComPtr@UIDispatch@@@ATL@@SAJPAUIDispatch@@JPAUtagVARIANT@@@Z 1000870f f i MICR.obj
 0001:000077a1       ?ReadFromStream@CComBSTR@ATL@@QAEJPAUIStream@@@Z 100087a1 f i MICR.obj
 0001:000078cf       ?ReadFromStream@CComVariant@ATL@@QAEJPAUIStream@@GTClassesAllowedInStream@2@K@Z 100088cf f i MICR.obj
 0001:00007a55       ?RecurseDeleteKey@CRegKey@ATL@@QAEJPB_W@Z 10008a55 f i MICR.obj
 0001:00007b17       ?RegCreateKeyExW@CAtlTransactionManager@ATL@@QAEJPAUHKEY__@@PB_WKPA_WKKQAU_SECURITY_ATTRIBUTES@@PAPAU3@PAK@Z 10008b17 f i MICR.obj
 0001:00007b7a       ?RegDeleteKeyW@CAtlTransactionManager@ATL@@QAEJPAUHKEY__@@PB_W@Z 10008b7a f i MICR.obj
 0001:00007bcc       ?RegOpenKeyExW@CAtlTransactionManager@ATL@@QAEJPAUHKEY__@@PB_WKKPAPAU3@@Z 10008bcc f i MICR.obj
 0001:00007c23       ?Register@_ATL_WNDCLASSINFOW@ATL@@QAEGPAP6GJPAUHWND__@@IIJ@Z@Z 10008c23 f i MICR.obj
 0001:00007c43       ?RegisterBuffer@CRegParser@ATL@@QAEJPA_WH@Z 10008c43 f i MICR.obj
 0001:00007d7c       ?RegisterFromResource@CRegObject@ATL@@IAEJPB_W00H@Z 10008d7c f i MICR.obj
 0001:00007eb2       ?RegisterServer@?$CAtlModuleT@VCComModule@ATL@@@ATL@@QAEJHPBU_GUID@@@Z 10008eb2 f i MICR.obj
 0001:00007ee0       ?RegisterServer@CComModule@ATL@@QAEJHPBU_GUID@@@Z 10008ee0 f i MICR.obj
 0001:00007f56       ?RegisterSubkeys@CRegParser@ATL@@IAEJPA_WPAUHKEY__@@HH@Z 10008f56 f i MICR.obj
 0001:00008525       ?Remove@CComDynamicUnkArray@ATL@@QAEHK@Z 10009525 f i MICR.obj
 0001:0000854e       ?RemoveAll@?$CSimpleMap@PA_WPA_WVCExpansionVectorEqualHelper@ATL@@@ATL@@QAEXXZ 1000954e f i MICR.obj
 0001:0000857a       ?ResourceRegisterSz@CRegObject@ATL@@QAGJPB_W00@Z 1000957a f i MICR.obj
 0001:000085a7       ?ResourceUnregisterSz@CRegObject@ATL@@QAGJPB_W00@Z 100095a7 f i MICR.obj
 0001:000085d4       ?SendOnDataChange@CComControlBase@ATL@@QAEJK@Z 100095d4 f i MICR.obj
 0001:00008621       ?SetControlFocus@CComControlBase@ATL@@QAEHH@Z 10009621 f i MICR.obj
 0001:000086be       ?SetMultiStringValue@CRegKey@ATL@@QAEJPB_W0@Z 100096be f i MICR.obj
 0001:0000871a       ?SetStringValue@CRegKey@ATL@@QAEJPB_W0K@Z 1000971a f i MICR.obj
 0001:00008763       ?SkipAssignment@CRegParser@ATL@@IAEJPA_W@Z 10009763 f i MICR.obj
 0001:000087c8       ?SkipWhiteSpace@CRegParser@ATL@@IAEXXZ 100097c8 f i MICR.obj
 0001:000087ea       ?StrChrW@CRegParser@ATL@@KAPA_WPA_W_W@Z 100097ea f i MICR.obj
 0001:00008827       ?Term@CAtlModule@ATL@@QAEXXZ 10009827 f i MICR.obj
 0001:00008860       ?Term@CComModule@ATL@@QAEXXZ 10009860 f i MICR.obj
 0001:000088b8       ?UnregisterServer@?$CAtlModuleT@VCComModule@ATL@@@ATL@@QAEJHPBU_GUID@@@Z 100098b8 f i MICR.obj
 0001:000088de       ?UnregisterServer@CComModule@ATL@@QAEJHPBU_GUID@@@Z 100098de f i MICR.obj
 0001:00008954       ?UpdateRegistryFromResource@CAtlModule@ATL@@QAGJIHPAU_ATL_REGMAP_ENTRY@2@@Z 10009954 f i MICR.obj
 0001:00008b1f       ?UpdateRegistryFromResource@CAtlModule@ATL@@QAGJPB_WHPAU_ATL_REGMAP_ENTRY@2@@Z 10009b1f f i MICR.obj
 0001:00008cf0       ?VTFromRegType@CRegParser@ATL@@KAHPB_WAAG@Z 10009cf0 f i MICR.obj
 0001:00008d5d       ?WindowProc@?$CWindowImplBaseT@VCWindow@ATL@@V?$CWinTraits@$0FGAAAAAA@$0A@@2@@ATL@@SGJPAUHWND__@@IIJ@Z 10009d5d f i MICR.obj
 0001:00008e4f       ?WriteToStream@CComBSTR@ATL@@QAEJPAUIStream@@@Z 10009e4f f i MICR.obj
 0001:00008ea6       ?WriteToStream@CComVariant@ATL@@QAEJPAUIStream@@@Z 10009ea6 f i MICR.obj
 0001:00009020       ?WriteToStream@CComVariant@ATL@@QAEJPAUIStream@@G@Z 1000a020 f i MICR.obj
 0001:00009089       ?_AtlInitialConstruct@?$CComObjectRootEx@VCComMultiThreadModel@ATL@@@ATL@@QAEJXZ 1000a089 f i MICR.obj
 0001:0000909e       ?_AtlVerifyStackAvailable@_ATL_SAFE_ALLOCA_IMPL@ATL@@YA_NK@Z 1000a09e f i MICR.obj
 0001:0000911c       ?atlCreate@?$CWindowImpl@VCOPOSMICR@@VCWindow@ATL@@V?$CWinTraits@$0FGAAAAAA@$0A@@3@@ATL@@QAEPAUHWND__@@PAU3@V_U_RECT@2@PB_WKKV_U_MENUorID@2@PAX@Z 1000a11c f i MICR.obj
 0001:00009160       ?atlCreate@?$CWindowImplBaseT@VCWindow@ATL@@V?$CWinTraits@$0FGAAAAAA@$0A@@2@@ATL@@QAEPAUHWND__@@PAU3@V_U_RECT@2@PB_WKKV_U_MENUorID@2@GPAX@Z 1000a160 f i MICR.obj
 0001:000091fc       ?atlCreate@CRegKey@ATL@@QAEJPAUHKEY__@@PB_WPA_WKKPAU_SECURITY_ATTRIBUTES@@PAK@Z 1000a1fc f i MICR.obj
 0001:0000926b       ?copy@?$_Copy@UtagCONNECTDATA@@@ATL@@SAJPAUtagCONNECTDATA@@PBU3@@Z 1000a26b f i MICR.obj
 0001:000092a1       ?copy@?$_CopyInterface@UIConnectionPoint@@@ATL@@SAJPAPAUIConnectionPoint@@PBQAU3@@Z 1000a2a1 f i MICR.obj
 0001:000092cf       ?memcpy_s@Checked@ATL@@YAXPAXIPBXI@Z 1000a2cf f i MICR.obj
 0001:000092ee       ?ocscpy_s@@YA_NPA_WIPB_W@Z 1000a2ee f i MICR.obj
 0001:0000931d       ?ocslen@@YAHPB_W@Z         1000a31d f i MICR.obj
 0001:0000933d       ?wcscpy_s@Checked@ATL@@YAXPA_WIPB_W@Z 1000a33d f i MICR.obj
 0001:00009359       _DllCanUnloadNow@0         1000a359 f   MICR.obj
 0001:00009365       _DllGetClassObject@12      1000a365 f   MICR.obj
 0001:00009373       _DllMain@12                1000a373 f   MICR.obj
 0001:000093b5       _DllRegisterServer@0       1000a3b5 f   MICR.obj
 0001:000093c4       _DllUnregisterServer@0     1000a3c4 f   MICR.obj
 0001:000093d3       _InlineIsEqualGUID         1000a3d3 f i MICR.obj
 0001:00009403       ___local_stdio_printf_options 1000a403 f i MICR.obj
 0001:00009409       __vswprintf_s_l            1000a409 f i MICR.obj
 0001:000094b6       _swprintf_s                1000a4b6 f i MICR.obj
 0001:000094d2       ??0?$CComControl@VCOPOSMICR@@V?$CWindowImpl@VCOPOSMICR@@VCWindow@ATL@@V?$CWinTraits@$0FGAAAAAA@$0A@@3@@ATL@@@ATL@@QAE@XZ 1000a4d2 f i MICRImpl.obj
 0001:000094f9       ??0?$CProxy_IOPOSEvents@VCOPOSMICR@@@@QAE@XZ 1000a4f9 f i MICRImpl.obj
 0001:00009519       ??0CComControlBase@ATL@@QAE@AAPAUHWND__@@@Z 1000a519 f i MICRImpl.obj
 0001:00009563       ??0COPOSMICR@@QAE@XZ       1000a563 f   MICRImpl.obj
 0001:00009599       ??1?$CComControl@VCOPOSMICR@@V?$CWindowImpl@VCOPOSMICR@@VCWindow@ATL@@V?$CWinTraits@$0FGAAAAAA@$0A@@3@@ATL@@@ATL@@UAE@XZ 1000a599 f i MICRImpl.obj
 0001:000095b2       ??1?$IConnectionPointImpl@VCOPOSMICR@@$1?DIID__IOPOSMICREvents@@3U_GUID@@BVCComDynamicUnkArray@ATL@@@ATL@@QAE@XZ 1000a5b2 f i MICRImpl.obj
 0001:000095b2       ??1?$IConnectionPointImpl@VCOPOSMICR@@$1?IID_IPropertyNotifySink@@3U_GUID@@BVCComDynamicUnkArray@ATL@@@ATL@@QAE@XZ 1000a5b2 f i MICRImpl.obj
 0001:000095ef       ??1CComControlBase@ATL@@UAE@XZ 1000a5ef f i MICRImpl.obj
 0001:00009652       ??1COPOSMICR@@UAE@XZ       1000a652 f   MICRImpl.obj
 0001:0000969a       ??1OposVariantResult@@QAE@XZ 1000a69a f i MICRImpl.obj
 0001:000096bb       ??1_CW@@QAE@XZ             1000a6bb f i MICRImpl.obj
 0001:000096d4       ?BeginInsertion@COPOSMICR@@UAGJJPAJ@Z 1000a6d4 f   MICRImpl.obj
 0001:00009723       ?BeginRemoval@COPOSMICR@@UAGJJPAJ@Z 1000a723 f   MICRImpl.obj
 0001:00009772       ?CheckHealth@COPOSMICR@@UAGJJPAJ@Z 1000a772 f   MICRImpl.obj
 0001:000097c1       ?ClaimDevice@COPOSMICR@@UAGJJPAJ@Z 1000a7c1 f   MICRImpl.obj
 0001:00009836       ?ClearInput@COPOSMICR@@UAGJPAJ@Z 1000a836 f   MICRImpl.obj
 0001:00009851       ?ClearInputProperties@COPOSMICR@@UAGJPAJ@Z 1000a851 f   MICRImpl.obj
 0001:0000986c       ?Close@COPOSMICR@@UAGJPAJ@Z 1000a86c f   MICRImpl.obj
 0001:000098da       ?CompareFirmwareVersion@COPOSMICR@@UAGJPA_WPAJ1@Z 1000a8da f   MICRImpl.obj
 0001:0000995a       ?DirectIO@COPOSMICR@@UAGJJPAJPAPA_W0@Z 1000a95a f   MICRImpl.obj
 0001:00009a08       ?DoInvoke@COPOSMICR@@IAEJJPAVOposVariant@@IHPAJ_N@Z 1000aa08 f   MICRImpl.obj
 0001:00009aca       ?EndInsertion@COPOSMICR@@UAGJPAJ@Z 1000aaca f   MICRImpl.obj
 0001:00009ae5       ?EndRemoval@COPOSMICR@@UAGJPAJ@Z 1000aae5 f   MICRImpl.obj
 0001:00009b00       ?EventClose@COPOSMICR@@IAEXXZ 1000ab00 f i MICRImpl.obj
 0001:00009b33       ?EventInit@COPOSMICR@@IAEJXZ 1000ab33 f i MICRImpl.obj
 0001:00009bff       ?EventUninit@COPOSMICR@@IAEXXZ 1000abff f i MICRImpl.obj
 0001:00009c51       ?EventWindowProc@COPOSMICR@@IAGJIIJ@Z 1000ac51 f i MICRImpl.obj
 0001:00009d25       ?FinalConstruct@COPOSMICR@@QAEJXZ 1000ad25 f   MICRImpl.obj
 0001:00009d5e       ?FireEventCleanup@COPOSMICR@@IAEXXZ 1000ad5e f i MICRImpl.obj
 0001:00009d74       ?FireEventSetup@COPOSMICR@@IAE_NXZ 1000ad74 f i MICRImpl.obj
 0001:00009da8       ?FreezeEvents@COPOSMICR@@MAGJH@Z 1000ada8 f   MICRImpl.obj
 0001:00009e08       ?GetOposProp@COPOSMICR@@IAEJJPAFJ@Z 1000ae08 f   MICRImpl.obj
 0001:00009e2b       ?GetOposProp@COPOSMICR@@IAEJJPAJJ@Z 1000ae2b f   MICRImpl.obj
 0001:00009ee9       ?GetOposProp@COPOSMICR@@IAEJJPAPA_WJ@Z 1000aee9 f   MICRImpl.obj
 0001:00009fb4       ?OnDraw@COPOSMICR@@MAEJAAUATL_DRAWINFO@@@Z 1000afb4 f   MICRImpl.obj
 0001:0000a054       ?Open@COPOSMICR@@UAGJPA_WPAJ@Z 1000b054 f   MICRImpl.obj
 0001:0000a7ee       ?ReleaseDevice@COPOSMICR@@UAGJPAJ@Z 1000b7ee f   MICRImpl.obj
 0001:0000a83d       ?ResetStatistics@COPOSMICR@@UAGJPA_WPAJ@Z 1000b83d f   MICRImpl.obj
 0001:0000a894       ?RetrieveStatistics@COPOSMICR@@UAGJPAPA_WPAJ@Z 1000b894 f   MICRImpl.obj
 0001:0000a8eb       ?SOProcessID@COPOSMICR@@UAGJPAJ@Z 1000b8eb f   MICRImpl.obj
 0001:0000a8ff       ?SetCOFreezeEvents@COPOSMICR@@IAEXF@Z 1000b8ff f   MICRImpl.obj
 0001:0000a98a       ?SetOposProp@COPOSMICR@@IAEJJJJ@Z 1000b98a f   MICRImpl.obj
 0001:0000aa68       ?UpdateFirmware@COPOSMICR@@UAGJPA_WPAJ@Z 1000ba68 f   MICRImpl.obj
 0001:0000aabf       ?UpdateStatistics@COPOSMICR@@UAGJPA_WPAJ@Z 1000babf f   MICRImpl.obj
 0001:0000ab16       ?get_AccountNumber@COPOSMICR@@UAGJPAPA_W@Z 1000bb16 f   MICRImpl.obj
 0001:0000ab2f       ?get_Amount@COPOSMICR@@UAGJPAPA_W@Z 1000bb2f f   MICRImpl.obj
 0001:0000ab48       ?get_AutoDisable@COPOSMICR@@UAGJPAF@Z 1000bb48 f   MICRImpl.obj
 0001:0000ab5e       ?get_BankNumber@COPOSMICR@@UAGJPAPA_W@Z 1000bb5e f   MICRImpl.obj
 0001:0000ab77       ?get_BinaryConversion@COPOSMICR@@UAGJPAJ@Z 1000bb77 f   MICRImpl.obj
 0001:0000ab8d       ?get_CapCompareFirmwareVersion@COPOSMICR@@UAGJPAF@Z 1000bb8d f   MICRImpl.obj
 0001:0000aba6       ?get_CapPowerReporting@COPOSMICR@@UAGJPAJ@Z 1000bba6 f   MICRImpl.obj
 0001:0000abbf       ?get_CapStatisticsReporting@COPOSMICR@@UAGJPAF@Z 1000bbbf f   MICRImpl.obj
 0001:0000abd8       ?get_CapUpdateFirmware@COPOSMICR@@UAGJPAF@Z 1000bbd8 f   MICRImpl.obj
 0001:0000abf1       ?get_CapUpdateStatistics@COPOSMICR@@UAGJPAF@Z 1000bbf1 f   MICRImpl.obj
 0001:0000ac0a       ?get_CapValidationDevice@COPOSMICR@@UAGJPAF@Z 1000bc0a f   MICRImpl.obj
 0001:0000ac23       ?get_CheckHealthText@COPOSMICR@@UAGJPAPA_W@Z 1000bc23 f   MICRImpl.obj
 0001:0000ac3c       ?get_CheckType@COPOSMICR@@UAGJPAJ@Z 1000bc3c f   MICRImpl.obj
 0001:0000ac55       ?get_Claimed@COPOSMICR@@UAGJPAF@Z 1000bc55 f   MICRImpl.obj
 0001:0000ac6b       ?get_ControlObjectDescription@COPOSMICR@@UAGJPAPA_W@Z 1000bc6b f   MICRImpl.obj
 0001:0000aca8       ?get_ControlObjectVersion@COPOSMICR@@UAGJPAJ@Z 1000bca8 f   MICRImpl.obj
 0001:0000acbb       ?get_CountryCode@COPOSMICR@@UAGJPAJ@Z 1000bcbb f   MICRImpl.obj
 0001:0000acd4       ?get_DataCount@COPOSMICR@@UAGJPAJ@Z 1000bcd4 f   MICRImpl.obj
 0001:0000acea       ?get_DataEventEnabled@COPOSMICR@@UAGJPAF@Z 1000bcea f   MICRImpl.obj
 0001:0000ad00       ?get_DeviceDescription@COPOSMICR@@UAGJPAPA_W@Z 1000bd00 f   MICRImpl.obj
 0001:0000ad19       ?get_DeviceEnabled@COPOSMICR@@UAGJPAF@Z 1000bd19 f   MICRImpl.obj
 0001:0000ad2f       ?get_DeviceName@COPOSMICR@@UAGJPAPA_W@Z 1000bd2f f   MICRImpl.obj
 0001:0000ad48       ?get_EPC@COPOSMICR@@UAGJPAPA_W@Z 1000bd48 f   MICRImpl.obj
 0001:0000ad61       ?get_FreezeEvents@COPOSMICR@@UAGJPAF@Z 1000bd61 f   MICRImpl.obj
 0001:0000ad77       ?get_OpenResult@COPOSMICR@@UAGJPAJ@Z 1000bd77 f   MICRImpl.obj
 0001:0000ad8e       ?get_PowerNotify@COPOSMICR@@UAGJPAJ@Z 1000bd8e f   MICRImpl.obj
 0001:0000ada4       ?get_PowerState@COPOSMICR@@UAGJPAJ@Z 1000bda4 f   MICRImpl.obj
 0001:0000adba       ?get_RawData@COPOSMICR@@UAGJPAPA_W@Z 1000bdba f   MICRImpl.obj
 0001:0000add3       ?get_ResultCode@COPOSMICR@@UAGJPAJ@Z 1000bdd3 f   MICRImpl.obj
 0001:0000ae11       ?get_ResultCodeExtended@COPOSMICR@@UAGJPAJ@Z 1000be11 f   MICRImpl.obj
 0001:0000ae27       ?get_SerialNumber@COPOSMICR@@UAGJPAPA_W@Z 1000be27 f   MICRImpl.obj
 0001:0000ae40       ?get_ServiceObjectDescription@COPOSMICR@@UAGJPAPA_W@Z 1000be40 f   MICRImpl.obj
 0001:0000ae59       ?get_ServiceObjectVersion@COPOSMICR@@UAGJPAJ@Z 1000be59 f   MICRImpl.obj
 0001:0000ae6f       ?get_State@COPOSMICR@@UAGJPAJ@Z 1000be6f f   MICRImpl.obj
 0001:0000ae9b       ?get_TransitNumber@COPOSMICR@@UAGJPAPA_W@Z 1000be9b f   MICRImpl.obj
 0001:0000aeb4       ?put_AutoDisable@COPOSMICR@@UAGJF@Z 1000beb4 f   MICRImpl.obj
 0001:0000aed1       ?put_BinaryConversion@COPOSMICR@@UAGJJ@Z 1000bed1 f   MICRImpl.obj
 0001:0000aee7       ?put_DataEventEnabled@COPOSMICR@@UAGJF@Z 1000bee7 f   MICRImpl.obj
 0001:0000af04       ?put_DeviceEnabled@COPOSMICR@@UAGJF@Z 1000bf04 f   MICRImpl.obj
 0001:0000af21       ?put_FreezeEvents@COPOSMICR@@UAGJF@Z 1000bf21 f   MICRImpl.obj
 0001:0000af6d       ?put_PowerNotify@COPOSMICR@@UAGJJ@Z 1000bf6d f   MICRImpl.obj
 0001:0000af83       ?s_EventWindowProc@COPOSMICR@@KGJPAUHWND__@@IIJ@Z 1000bf83 f i MICRImpl.obj
 0001:0000afd5       ??_U@YAPAXI@Z              1000bfd5 f   LIBCMT:new_array.obj
 0001:0000afde       ??3@YAXPAXI@Z              1000bfde f   LIBCMT:delete_scalar_size.obj
 0001:0000afec       ??_V@YAXPAX@Z              1000bfec f   LIBCMT:delete_array.obj
 0001:0000aff1       ??_V@YAXPAXI@Z             1000bff1 f   LIBCMT:delete_array_size.obj
 0001:0000afff       ??$__crt_fast_encode_pointer@P6GHPAU_RTL_CONDITION_VARIABLE@@PAU_RTL_CRITICAL_SECTION@@K@Z@@YAP6GHPAU_RTL_CONDITION_VARIABLE@@PAU_RTL_CRITICAL_SECTION@@K@ZQ6GH01K@Z@Z 1000bfff f i LIBCMT:thread_safe_statics.obj
 0001:0000afff       ??$__crt_fast_encode_pointer@PAX@@YAPAXQAX@Z 1000bfff f i libvcruntime:winapi_downlevel.obj
 0001:0000afff       ??$__crt_fast_encode_pointer@P6GXPAU_RTL_CONDITION_VARIABLE@@@Z@@YAP6GXPAU_RTL_CONDITION_VARIABLE@@@ZQ6GX0@Z@Z 1000bfff f i LIBCMT:thread_safe_statics.obj
 0001:0000afff       ??$__crt_fast_encode_pointer@PAP6AXXZ@@YAPAP6AXXZQAP6AXXZ@Z 1000bfff f i LIBCMT:utility.obj
 0001:0000b060       ___scrt_acquire_startup_lock 1000c060 f   LIBCMT:utility.obj
 0001:0000b092       ___scrt_dllmain_after_initialize_c 1000c092 f   LIBCMT:utility.obj
 0001:0000b0bd       ___scrt_dllmain_before_initialize_c 1000c0bd f   LIBCMT:utility.obj
 0001:0000b0cb       ___scrt_dllmain_crt_thread_attach 1000c0cb f   LIBCMT:utility.obj
 0001:0000b0ea       ___scrt_dllmain_crt_thread_detach 1000c0ea f   LIBCMT:utility.obj
 0001:0000b0f7       ___scrt_dllmain_exception_filter 1000c0f7 f   LIBCMT:utility.obj
 0001:0000b12b       ___scrt_dllmain_uninitialize_c 1000c12b f   LIBCMT:utility.obj
 0001:0000b14e       ___scrt_dllmain_uninitialize_critical 1000c14e f   LIBCMT:utility.obj
 0001:0000b15b       ___scrt_initialize_crt     1000c15b f   LIBCMT:utility.obj
 0001:0000b194       ___scrt_initialize_onexit_tables 1000c194 f   LIBCMT:utility.obj
 0001:0000b239       ___scrt_is_nonwritable_in_current_image 1000c239 f   LIBCMT:utility.obj
 0001:0000b2cd       ___scrt_release_startup_lock 1000c2cd f   LIBCMT:utility.obj
 0001:0000b2ea       ___scrt_uninitialize_crt   1000c2ea f   LIBCMT:utility.obj
 0001:0000b312       __onexit                   1000c312 f   LIBCMT:utility.obj
 0001:0000b34d       _atexit                    1000c34d f   LIBCMT:utility.obj
 0001:0000b362       ??3@YAXPAX@Z               1000c362 f   LIBCMT:delete_scalar.obj
 0001:0000b499       __Init_thread_footer       1000c499 f   LIBCMT:thread_safe_statics.obj
 0001:0000b4e3       __Init_thread_header       1000c4e3 f   LIBCMT:thread_safe_statics.obj
 0001:0000b535       __Init_thread_notify       1000c535 f   LIBCMT:thread_safe_statics.obj
 0001:0000b577       __Init_thread_wait         1000c577 f   LIBCMT:thread_safe_statics.obj
 0001:0000b5d7       ___raise_securityfailure   1000c5d7 f   LIBCMT:gs_report.obj
 0001:0000b5ff       ___report_gsfailure        1000c5ff f   LIBCMT:gs_report.obj
 0001:0000b6f8       ___report_rangecheckfailure 1000c6f8 f   LIBCMT:gs_report.obj
 0001:0000b704       ___report_securityfailure  1000c704 f   LIBCMT:gs_report.obj
 0001:0000b7d2       ??2@YAPAXIABUnothrow_t@std@@@Z 1000c7d2 f   LIBCMT:new_scalar_nothrow.obj
 0001:0000b822       ??_U@YAPAXIABUnothrow_t@std@@@Z 1000c822 f   LIBCMT:new_array_nothrow.obj
 0001:0000b82b       @__security_check_cookie@4 1000c82b f   LIBCMT:secchk.obj
 0001:0000b840       __SEH_prolog4_GS           1000c840 f   LIBCMT:sehprolg4gs.obj
 0001:0000b889       __SEH_epilog4_GS           1000c889 f   LIBCMT:sehprolg4gs.obj
 0001:0000b8a0       __alloca_probe_16          1000c8a0 f   LIBCMT:alloca16.obj
 0001:0000b8b6       __alloca_probe_8           1000c8b6     LIBCMT:alloca16.obj
 0001:0000b8d0       __alloca_probe             1000c8d0 f   LIBCMT:chkstk.obj
 0001:0000b8d0       __chkstk                   1000c8d0 f   LIBCMT:chkstk.obj
 0001:0000bc1d       __DllMainCRTStartup@12     1000cc1d f   LIBCMT:dll_dllmain.obj
 0001:0000bc40       ??2@YAPAXI@Z               1000cc40 f   LIBCMT:new_scalar.obj
 0001:0000bc70       ___isa_available_init      1000cc70 f   LIBCMT:cpu_disp.obj
 0001:0000be07       ___scrt_is_ucrt_dll_in_use 1000ce07 f   LIBCMT:ucrt_detection.obj
 0001:0000be13       ___scrt_fastfail           1000ce13 f   LIBCMT:utility_desktop.obj
 0001:0000bf2d       __crt_debugger_hook        1000cf2d f   LIBCMT:utility_desktop.obj
 0001:0000bf40       __SEH_prolog4              1000cf40 f   LIBCMT:sehprolg4.obj
 0001:0000bf86       __SEH_epilog4              1000cf86 f   LIBCMT:sehprolg4.obj
 0001:0000bf9b       @_guard_check_icall_nop@4  1000cf9b f i LIBCMT:guard_support.obj
 0001:0000bfe9       ___security_init_cookie    1000cfe9 f   LIBCMT:gs_support.obj
 0001:0000c034       ?__scrt_initialize_type_info@@YAXXZ 1000d034 f   LIBCMT:tncleanup.obj
 0001:0000c040       ?__scrt_uninitialize_type_info@@YAXXZ 1000d040 f   LIBCMT:tncleanup.obj
 0001:0000c04c       ___local_stdio_scanf_options 1000d04c f i LIBCMT:default_local_stdio_options.obj
 0001:0000c052       ___scrt_initialize_default_local_stdio_options 1000d052 f   LIBCMT:default_local_stdio_options.obj
 0001:0000c06f       ___scrt_get_dyn_tls_init_callback 1000d06f f   LIBCMT:dyn_tls_init.obj
 0001:0000c075       __RTC_Initialize           1000d075 f   LIBCMT:initsect.obj
 0001:0000c0a1       __RTC_Terminate            1000d0a1 f   LIBCMT:initsect.obj
 0001:0000c0cd       ??0bad_alloc@std@@QAE@ABV01@@Z 1000d0cd f i LIBCMT:throw_bad_alloc.obj
 0001:0000c0e8       ??0bad_alloc@std@@QAE@XZ   1000d0e8 f i LIBCMT:throw_bad_alloc.obj
 0001:0000c100       ??0bad_array_new_length@std@@QAE@ABV01@@Z 1000d100 f i LIBCMT:throw_bad_alloc.obj
 0001:0000c11b       ??0bad_array_new_length@std@@QAE@XZ 1000d11b f i LIBCMT:throw_bad_alloc.obj
 0001:0000c133       ??0exception@std@@QAE@ABV01@@Z 1000d133 f i LIBCMT:throw_bad_alloc.obj
 0001:0000c15f       ??1bad_array_new_length@std@@UAE@XZ 1000d15f f i LIBCMT:throw_bad_alloc.obj
 0001:0000c15f       ??1bad_alloc@std@@UAE@XZ   1000d15f f i LIBCMT:throw_bad_alloc.obj
 0001:0000c15f       ??1bad_exception@std@@UAE@XZ 1000d15f f i libvcruntime:frame.obj
 0001:0000c170       ??_Gbad_exception@std@@UAEPAXI@Z 1000d170 f i libvcruntime:frame.obj
 0001:0000c170       ??_Gbad_array_new_length@std@@UAEPAXI@Z 1000d170 f i LIBCMT:throw_bad_alloc.obj
 0001:0000c170       ??_Gbad_alloc@std@@UAEPAXI@Z 1000d170 f i LIBCMT:throw_bad_alloc.obj
 0001:0000c170       ??_Ebad_alloc@std@@UAEPAXI@Z 1000d170 f i LIBCMT:throw_bad_alloc.obj
 0001:0000c170       ??_Gexception@std@@UAEPAXI@Z 1000d170 f i LIBCMT:throw_bad_alloc.obj
 0001:0000c170       ??_Ebad_exception@std@@UAEPAXI@Z 1000d170 f i libvcruntime:frame.obj
 0001:0000c170       ??_Ebad_array_new_length@std@@UAEPAXI@Z 1000d170 f i LIBCMT:throw_bad_alloc.obj
 0001:0000c170       ??_Eexception@std@@UAEPAXI@Z 1000d170 f i LIBCMT:throw_bad_alloc.obj
 0001:0000c19d       ?__scrt_throw_std_bad_alloc@@YAXXZ 1000d19d f   LIBCMT:throw_bad_alloc.obj
 0001:0000c1ba       ?__scrt_throw_std_bad_array_new_length@@YAXXZ 1000d1ba f   LIBCMT:throw_bad_alloc.obj
 0001:0000c1d7       ?what@exception@std@@UBEPBDXZ 1000d1d7 f i LIBCMT:throw_bad_alloc.obj
 0001:0000c1e4       ??_Gtype_info@@UAEPAXI@Z   1000d1e4 f i LIBCMT:std_type_info_static.obj
 0001:0000c1e4       ??_Etype_info@@UAEPAXI@Z   1000d1e4 f i LIBCMT:std_type_info_static.obj
 0001:0000c207       ??0CAtlBaseModule@ATL@@QAE@XZ 1000d207 f   atls:atlbase.obj
 0001:0000c25a       ??0_ATL_BASE_MODULE70@ATL@@QAE@XZ 1000d25a f i atls:atlbase.obj
 0001:0000c27d       ??1CAtlBaseModule@ATL@@QAE@XZ 1000d27d f   atls:atlbase.obj
 0001:0000c36a       ?Init@_stdcallthunk@ATL@@QAEHKPAX@Z 1000d36a f i atls:atlthunk.obj
 0001:0000c39f       ?__AllocStdCallThunk_cmn@@YAPAXXZ 1000d39f f   atls:atlthunk.obj
 0001:0000c465       ?__FreeStdCallThunk_cmn@@YAXPAX@Z 1000d465 f   atls:atlthunk.obj
 0001:0000c500       _AtlThunk_AllocateData@0   1000d500 f   atls:atlthunk.obj
 0001:0000c565       _AtlThunk_DataToCode@4     1000d565 f   atls:atlthunk.obj
 0001:0000c5ac       _AtlThunk_FreeData@4       1000d5ac f   atls:atlthunk.obj
 0001:0000c602       _AtlThunk_InitData@12      1000d602 f   atls:atlthunk.obj
 0001:0000c651       __get_purecall_handler     1000d651 f   libvcruntime:purevirt.obj
 0001:0000c666       __purecall                 1000d666 f   libvcruntime:purevirt.obj
 0001:0000c682       _wcsstr                    1000d682 f   libvcruntime:wcsstr.obj
[...]
 0002:00001aec       ?candidate_modules@?1??try_get_FlsFree@@YAP6GHK@ZXZ@4QBW4module_id@?A0x5d2a34d3@@B 1001faec     libvcruntime:winapi_downlevel.obj
 0002:00001afc       ?candidate_modules@?1??try_get_FlsGetValue@@YAP6GPAXK@ZXZ@4QBW4module_id@?A0x5d2a34d3@@B 1001fafc     libvcruntime:winapi_downlevel.obj
 0002:00001b10       ?candidate_modules@?1??try_get_FlsSetValue@@YAP6GHKPAX@ZXZ@4QBW4module_id@?A0x5d2a34d3@@B 1001fb10     libvcruntime:winapi_downlevel.obj
 0002:00001b24       ?candidate_modules@?1??try_get_InitializeCriticalSectionEx@@YAP6GHPAU_RTL_CRITICAL_SECTION@@KK@ZXZ@4QBW4module_id@?A0x5d2a34d3@@B 1001fb24     libvcruntime:winapi_downlevel.obj
 0002:00001b68       ?tokenTable@@3QBQBDB       1001fb68     libvcruntime:undname.obj
 0002:00001ba8       ?nameTable@@3QBQBDB        1001fba8     libvcruntime:undname.obj
 0002:00001cf0       ?rttiTable@@3QBQBDB        1001fcf0     libvcruntime:undname.obj
 0002:00002308       _errtable                  10020308     libucrt:errno.obj
 0002:000025b0       ___acrt_initializers       100205b0     libucrt:initialization.obj
 0002:00002628       _module_names              10020628     libucrt:winapi_thunks.obj
 0002:00002b70       ?candidate_modules@?1??try_get_FlsAlloc@@YAP6GKP6GXPAX@Z@ZXZ@4QBW4module_id@?A0x352e5c4b@@B 10020b70     libucrt:winapi_thunks.obj
 0002:00002b84       ?candidate_modules@?1??try_get_FlsFree@@YAP6GHK@ZXZ@4QBW4module_id@?A0x352e5c4b@@B 10020b84     libucrt:winapi_thunks.obj
 0002:00002b94       ?candidate_modules@?1??try_get_FlsGetValue@@YAP6GPAXK@ZXZ@4QBW4module_id@?A0x352e5c4b@@B 10020b94     libucrt:winapi_thunks.obj
 0002:00002ba8       ?candidate_modules@?1??try_get_FlsSetValue@@YAP6GHKPAX@ZXZ@4QBW4module_id@?A0x352e5c4b@@B 10020ba8     libucrt:winapi_thunks.obj
 0002:00002bbc       ?candidate_modules@?1??try_get_GetCurrentPackageId@@YAP6GJPAIPAE@ZXZ@4QBW4module_id@?A0x352e5c4b@@B 10020bbc     libucrt:winapi_thunks.obj
 0002:00002bd8       ?candidate_modules@?1??try_get_InitializeCriticalSectionEx@@YAP6GHPAU_RTL_CRITICAL_SECTION@@KK@ZXZ@4QBW4module_id@?A0x352e5c4b@@B 10020bd8     libucrt:winapi_thunks.obj
 0002:00002bfc       ?candidate_modules@?1??try_get_LCMapStringEx@@YAP6GHPB_WK0HPA_WHPAU_nlsversioninfo@@PAXJ@ZXZ@4QBW4module_id@?A0x352e5c4b@@B 10020bfc     libucrt:winapi_thunks.obj
 0002:00002c14       ?candidate_modules@?1??try_get_LocaleNameToLCID@@YAP6GKPB_WK@ZXZ@4QBW4module_id@?A0x352e5c4b@@B 10020c14     libucrt:winapi_thunks.obj
 0002:00002c30       ?candidate_modules@?1??try_get_SetThreadStackGuarantee@@YAP6GHPAK@ZXZ@4QBW4module_id@?A0x352e5c4b@@B 10020c30     libucrt:winapi_thunks.obj
 0002:0000315c       __mb_locale_names          1002115c     libucrt:mbctype.obj
 0002:000039a8       _LcidToLocaleNameTable     100219a8     libucrt:lcidtoname_downlevel.obj
 0002:00004ad0       _LocaleNameToIndexTable    10022ad0     libucrt:lcidtoname_downlevel.obj
 0002:00006410       LOG_name                   10024410     libucrt:log10.obj
 0002:00006420       _One                       10024420     libucrt:ceil_pentium4.obj
 0002:00006430       _Bns                       10024430     libucrt:ceil_pentium4.obj
 0002:00006440       _Zero                      10024440     libucrt:ceil_pentium4.obj
 0002:00006450       _S                         10024450     libucrt:ceil_pentium4.obj
 0002:00006460       _NegZero                   10024460     libucrt:ceil_pentium4.obj
 0002:00006470       emask                      10024470     libucrt:log10_pentium4.obj
 0002:00006480       CC                         10024480     libucrt:log10_pentium4.obj
 0002:00006490       Magic                      10024490     libucrt:log10_pentium4.obj
 0002:000064a0       hi_mask                    100244a0     libucrt:log10_pentium4.obj
 0002:000064b0       LOG10_2                    100244b0     libucrt:log10_pentium4.obj
 0002:000064c0       place_L                    100244c0     libucrt:log10_pentium4.obj
 0002:000064e0       One                        100244e0     libucrt:log10_pentium4.obj
 0002:000064f0       Zero                       100244f0     libucrt:log10_pentium4.obj
 0002:00006500       Two52                      10024500     libucrt:log10_pentium4.obj
 0002:00006510       Infs                       10024510     libucrt:log10_pentium4.obj
 0002:00006520       NaN                        10024520     libucrt:log10_pentium4.obj
 0002:00006530       coeff                      10024530     libucrt:log10_pentium4.obj
 0002:0000658e       _log2max                   1002458e     libucrt:87tran.obj
 0002:00006598       _smallarg                  10024598     libucrt:87tran.obj
 0002:000065a2       _half                      100245a2     libucrt:87tran.obj
 0002:000065ee       One                        100245ee     libucrt:87disp.obj
 0002:000065f6       Three                      100245f6     libucrt:87disp.obj
 0002:000065fe       XAMtoTagTab                100245fe     libucrt:87disp.obj
 0002:00006610       One                        10024610     libucrt:common.obj
 0002:00006624       DblMax                     10024624     libucrt:common.obj
 0002:0000662c       DblMin                     1002462c     libucrt:common.obj
 0002:00006634       IeeeAdjO                   10024634     libucrt:common.obj
 0002:0000663c       IeeeAdjU                   1002463c     libucrt:common.obj
 0002:00006644       _infinity                  10024644     libucrt:common.obj
 0002:0000664c       _zero                      1002464c     libucrt:common.obj
 0002:00006688       _over                      10024688     libucrt:fpctrl.obj
 0002:00006694       _under                     10024694     libucrt:fpctrl.obj
 0002:00006f58       ?_names@?1??_get_fname@@9@9 10024f58     libucrt:fpexcept.obj
 0002:00007728       __sehtable$?_AtlVerifyStackAvailable@_ATL_SAFE_ALLOCA_IMPL@ATL@@YA_NK@Z 10025728     MICR.obj
 0002:00007748       __sehtable$___scrt_is_nonwritable_in_current_image 10025748     LIBCMT:utility.obj
 0002:00007764       __ehfuncinfo$?__scrt_initialize_thread_safe_statics_platform_specific@@YAXXZ 10025764     LIBCMT:thread_safe_statics.obj
 0002:00007788       __catchsym$??2@YAPAXIABUnothrow_t@std@@@Z$2 10025788     LIBCMT:new_scalar_nothrow.obj
 0002:00007798       __unwindtable$??2@YAPAXIABUnothrow_t@std@@@Z 10025798     LIBCMT:new_scalar_nothrow.obj
 0002:000077a8       __tryblocktable$??2@YAPAXIABUnothrow_t@std@@@Z 100257a8     LIBCMT:new_scalar_nothrow.obj
 0002:000077bc       __ehfuncinfo$??2@YAPAXIABUnothrow_t@std@@@Z 100257bc     LIBCMT:new_scalar_nothrow.obj
 0002:000077e0       __sehtable$?dllmain_crt_process_attach@@YAHQAUHINSTANCE__@@QAX@Z 100257e0     LIBCMT:dll_dllmain.obj
 0002:00007800       __sehtable$?dllmain_crt_process_detach@@YAH_N@Z 10025800     LIBCMT:dll_dllmain.obj
 0002:00007820       __sehtable$?dllmain_dispatch@@YAHQAUHINSTANCE__@@KQAX@Z 10025820     LIBCMT:dll_dllmain.obj
 0002:000078d0       __sehtable$?FrameUnwindToState@__FrameHandler3@@SAXPAUEHRegistrationNode@@PAXPBU_s_FuncInfo@@H@Z 100258d0     libvcruntime:frame.obj
 0002:000078f8       __sehtable$?CallCatchBlock@@YAPAXPAUEHExceptionRecord@@PAUEHRegistrationNode@@PAU_CONTEXT@@PBU_s_FuncInfo@@PAXHK@Z 100258f8     libvcruntime:frame.obj
 0002:00007920       __catchsym$?CallUnexpected@@YAXPBU_s_ESTypeList@@@Z$2 10025920     libvcruntime:frame.obj
 0002:00007930       __unwindtable$?CallUnexpected@@YAXPBU_s_ESTypeList@@@Z 10025930     libvcruntime:frame.obj
 0002:00007940       __tryblocktable$?CallUnexpected@@YAXPBU_s_ESTypeList@@@Z 10025940     libvcruntime:frame.obj
 0002:00007954       __ehfuncinfo$?CallUnexpected@@YAXPBU_s_ESTypeList@@@Z 10025954     libvcruntime:frame.obj
 0002:00007978       __sehtable$??$BuildCatchObjectHelperInternal@V__FrameHandler3@@@@YAHPAUEHExceptionRecord@@PAXPBU_s_HandlerType@@PBU_s_CatchableType@@@Z 10025978     libvcruntime:frame.obj
 0002:00007998       __sehtable$??$BuildCatchObjectInternal@V__FrameHandler3@@@@YAXPAUEHExceptionRecord@@PAXPBU_s_HandlerType@@PBU_s_CatchableType@@@Z 10025998     libvcruntime:frame.obj
 0002:000079f0       __sehtable$___DestructExceptionObject 100259f0     libvcruntime:ehhelpers.obj
 0002:00007a10       __sehtable$?common_exit@@YAXHW4_crt_exit_cleanup_mode@@W4_crt_exit_return_mode@@@Z 10025a10     libucrt:exit.obj
 0002:00007a38       __sehtable$??$?RV<lambda_800076c951b434888f4765a74a194fcc>@@AAV<lambda_4e60a939b0d047cfe11ddc22648dfba9>@@V<lambda_6dbb1268764f43b569ce7b67e331d33a>@@@?$__crt_seh_guarded_call@H@@QAEH$$QAV<lambda_800076c951b434888f4765a74a194fcc>@@AAV<lambda_4e60a939b0d047cfe11ddc22648dfba9>@@$$QAV<lambda_6dbb1268764f43b569ce7b67e331d33a>@@@Z 10025a38     libucrt:onexit.obj
 0002:00007a58       __sehtable$??$?RV<lambda_995298e7d72eb4c2aab26c0585b3abe5>@@AAV<lambda_275893d493268fdec8709772e3fcec0e>@@V<lambda_293819299cbf9a7022e18b56a874bb5c>@@@?$__crt_seh_guarded_call@H@@QAEH$$QAV<lambda_995298e7d72eb4c2aab26c0585b3abe5>@@AAV<lambda_275893d493268fdec8709772e3fcec0e>@@$$QAV<lambda_293819299cbf9a7022e18b56a874bb5c>@@@Z 10025a58     libucrt:onexit.obj
 0002:00007a78       __sehtable$__query_new_handler 10025a78     libucrt:new_handler.obj
 0002:00007a98       __sehtable$_terminate      10025a98     libucrt:terminate.obj
 0002:00007ab8       __sehtable$??$?RV<lambda_9df27f884b057bc3edfc946cb5b7cf47>@@AAV<lambda_e69574bed617af4e071282c136b37893>@@V<lambda_cc0d902bcbbeb830f749456577db4721>@@@?$__crt_seh_guarded_call@X@@QAEX$$QAV<lambda_9df27f884b057bc3edfc946cb5b7cf47>@@AAV<lambda_e69574bed617af4e071282c136b37893>@@$$QAV<lambda_cc0d902bcbbeb830f749456577db4721>@@@Z 10025ab8     libucrt:per_thread_data.obj
 0002:00007ad8       __sehtable$??$?RV<lambda_3518db117f0e7cdb002338c5d3c47b6c>@@AAV<lambda_b2ea41f6bbb362cd97d94c6828d90b61>@@V<lambda_abdedf541bb04549bc734292b4a045d4>@@@?$__crt_seh_guarded_call@X@@QAEX$$QAV<lambda_3518db117f0e7cdb002338c5d3c47b6c>@@AAV<lambda_b2ea41f6bbb362cd97d94c6828d90b61>@@$$QAV<lambda_abdedf541bb04549bc734292b4a045d4>@@@Z 10025ad8     libucrt:per_thread_data.obj
 0002:00007af8       __sehtable$??$?RV<lambda_51b6e8b1eb166f2a3faf91f424b38130>@@AAV<lambda_6250bd4b2a391816dd638c3bf72b0bcb>@@V<lambda_0b5a4a3e68152e1d9b943535f5f47bed>@@@?$__crt_seh_guarded_call@X@@QAEX$$QAV<lambda_51b6e8b1eb166f2a3faf91f424b38130>@@AAV<lambda_6250bd4b2a391816dd638c3bf72b0bcb>@@$$QAV<lambda_0b5a4a3e68152e1d9b943535f5f47bed>@@@Z 10025af8     libucrt:per_thread_data.obj
 0002:00007b18       __sehtable$??$?RV<lambda_5b71d36f03204c0beab531769a5b5694>@@AAV<lambda_be2b3da3f62db62e9dad5dc70221a656>@@V<lambda_8f9ce462984622f9bf76b59e2aaaf805>@@@?$__crt_seh_guarded_call@X@@QAEX$$QAV<lambda_5b71d36f03204c0beab531769a5b5694>@@AAV<lambda_be2b3da3f62db62e9dad5dc70221a656>@@$$QAV<lambda_8f9ce462984622f9bf76b59e2aaaf805>@@@Z 10025b18     libucrt:per_thread_data.obj
 0002:00007b38       __sehtable$___acrt_uninitialize_locale 10025b38     libucrt:wsetlocale.obj
 0002:00007b58       __sehtable$___acrt_initialize_lowio 10025b58     libucrt:ioinit.obj
 0002:00007b78       __sehtable$___acrt_update_thread_multibyte_data 10025b78     libucrt:mbctype.obj
 0002:00007b98       __sehtable$??$?RV<lambda_978dc153c237d78434369da87b74ff60>@@AAV<lambda_ad1ced32f4ac17aa236e5ef05d6b3b7c>@@V<lambda_4a8533e2866a575feecb8298ce776b0d>@@@?$__crt_seh_guarded_call@X@@QAEX$$QAV<lambda_978dc153c237d78434369da87b74ff60>@@AAV<lambda_ad1ced32f4ac17aa236e5ef05d6b3b7c>@@$$QAV<lambda_4a8533e2866a575feecb8298ce776b0d>@@@Z 10025b98     libucrt:mbctype.obj
 0002:00007bb8       __sehtable$_raise          10025bb8     libucrt:signal.obj
 0002:00007bd8       __sehtable$??$?RV<lambda_a048d3beccc847880fc8490e18b82769>@@AAV<lambda_ec61778202f4f5fc7e7711acc23c3bca>@@V<lambda_f7496a158712204296dd6628a163878e>@@@?$__crt_seh_guarded_call@P6AXH@Z@@QAEP6AXH@Z$$QAV<lambda_a048d3beccc847880fc8490e18b82769>@@AAV<lambda_ec61778202f4f5fc7e7711acc23c3bca>@@$$QAV<lambda_f7496a158712204296dd6628a163878e>@@@Z 10025bd8     libucrt:signal.obj
 0002:00007bf8       __sehtable$___acrt_update_thread_locale_data 10025bf8     libucrt:locale_refcounting.obj
 0002:00007c18       __sehtable$__fcloseall     10025c18     libucrt:closeall.obj
 0002:00007c38       __sehtable$_common_flush_all 10025c38     libucrt:fflush.obj
 0002:00007c60       __sehtable$___acrt_lowio_ensure_fh_exists 10025c60     libucrt:osfinfo.obj
 0002:00007c80       __sehtable$__write         10025c80     libucrt:write.obj
 0002:00007ca0       __sehtable$_fclose         10025ca0     libucrt:fclose.obj
 0002:00007cc0       __sehtable$??$?RV<lambda_61cee617f5178ae960314fd4d05640a0>@@AAV<lambda_6978c1fb23f02e42e1d9e99668cc68aa>@@V<lambda_9cd88cf8ad10232537feb2133f08c833>@@@?$__crt_seh_guarded_call@H@@QAEH$$QAV<lambda_61cee617f5178ae960314fd4d05640a0>@@AAV<lambda_6978c1fb23f02e42e1d9e99668cc68aa>@@$$QAV<lambda_9cd88cf8ad10232537feb2133f08c833>@@@Z 10025cc0     libucrt:commit.obj
 0002:00007ce0       __sehtable$??$?RV<lambda_123407a5e2ac06da108355a851863b7a>@@AAV<lambda_2fe9b910cf3cbf4a0ab98a02ba45b3ec>@@V<lambda_ae55bdf541ad94d75914d381c370e64d>@@@?$__crt_seh_guarded_call@H@@QAEH$$QAV<lambda_123407a5e2ac06da108355a851863b7a>@@AAV<lambda_2fe9b910cf3cbf4a0ab98a02ba45b3ec>@@$$QAV<lambda_ae55bdf541ad94d75914d381c370e64d>@@@Z 10025ce0     libucrt:close.obj
 0002:00007d00       __sehtable$__IsNonwritableInCurrentImage 10025d00     LIBCMT:pesect.obj
 0002:00007d30       .edata                     10025d30     OPOSMICR.exp
 0002:00007d58       rgpv                       10025d58     OPOSMICR.exp
 0002:00007d68       rgszName                   10025d68     OPOSMICR.exp
 0002:00007d78       rgwOrd                     10025d78     OPOSMICR.exp
 0002:00007d80       szName                     10025d80     OPOSMICR.exp
 0002:00007d8d       $N00001                    10025d8d     OPOSMICR.exp
 0002:00007d9d       $N00002                    10025d9d     OPOSMICR.exp
 0002:00007daf       $N00003                    10025daf     OPOSMICR.exp
 0002:00007dc1       $N00004                    10025dc1     OPOSMICR.exp
 0002:000083d6       .idata$6                   100263d6     kernel32:KERNEL32.dll
 0002:000085ea       .idata$6                   100265ea     user32:USER32.dll
 0002:0000871e       .idata$6                   1002671e     gdi32:GDI32.dll
 0002:000087c4       .idata$6                   100267c4     advapi32:ADVAPI32.dll
 0002:000088e0       .idata$6                   100268e0     ole32:ole32.dll
 0002:000088ea       .idata$6                   100268ea     oleaut32:OLEAUT32.dll
 0003:00000110       ?ObjectMap@@3PAU_ATL_OBJMAP_ENTRY30@ATL@@A 10027110     MICR.obj
 0003:000001a4       ?s_RequiredMethodsPerRelease@@3PAHA 100271a4     MICRImpl.obj
 0003:000001d0       ?s_SOMethodNames@@3PAPADA  100271d0     MICRImpl.obj
 0003:00000250       ?__vcrt_flsindex@@3KA      10027250     libvcruntime:per_thread_data.obj
 0003:00000270       _errno_no_memory           10027270     libucrt:errno.obj
 0003:00000274       _doserrno_no_memory        10027274     libucrt:errno.obj
 0003:00000280       ___acrt_flsindex           10027280     libucrt:per_thread_data.obj
 0003:000003f4       ___rgctypeflag             100273f4     libucrt:mbctype.obj
 0003:000003f8       ___rgcode_page_info        100273f8     libucrt:mbctype.obj
 0003:00000b18       ?is_initialized_as_dll@@3_NA 10027b18     LIBCMT:utility.obj
 0003:00000b19       ?module_local_atexit_table_initialized@@3_NA 10027b19     LIBCMT:utility.obj
 0003:00000b1c       ?module_local_atexit_table@@3U_onexit_table_t@@A 10027b1c     LIBCMT:utility.obj
 0003:00000b28       ?module_local_at_quick_exit_table@@3U_onexit_table_t@@A 10027b28     LIBCMT:utility.obj
 0003:00000b34       ?_Tss_mutex@@3U_RTL_CRITICAL_SECTION@@A 10027b34     LIBCMT:thread_safe_statics.obj
 0003:00000b4c       ?_Tss_cv@@3U_RTL_CONDITION_VARIABLE@@A 10027b4c     LIBCMT:thread_safe_statics.obj
 0003:00000b50       ?_Tss_event@@3PAXA         10027b50     LIBCMT:thread_safe_statics.obj
 0003:00000b54       ?encoded_sleep_condition_variable_cs@@3P6GHPAU_RTL_CONDITION_VARIABLE@@PAU_RTL_CRITICAL_SECTION@@K@ZA 10027b54     LIBCMT:thread_safe_statics.obj
 0003:00000b58       ?encoded_wake_all_condition_variable@@3P6GXPAU_RTL_CONDITION_VARIABLE@@@ZA 10027b58     LIBCMT:thread_safe_statics.obj
 0003:00000b60       _GS_ExceptionRecord        10027b60     LIBCMT:gs_report.obj
 0003:00000bb0       _GS_ContextRecord          10027bb0     LIBCMT:gs_report.obj
 0003:00000e80       ?__proc_attached@@3HA      10027e80     LIBCMT:dll_dllmain.obj
 0003:00000edc       ?AllocateData@@3P6GPAUAtlThunkData_t@@XZA 10027edc     atls:atlthunk.obj
 0003:00000ee0       ?InitData@@3P6GXPAUAtlThunkData_t@@PAXI@ZA 10027ee0     atls:atlthunk.obj
 0003:00000ee4       ?DataToCode@@3P6GP6GJPAUHWND__@@IIJ@ZPAUAtlThunkData_t@@@ZA 10027ee4     atls:atlthunk.obj
 0003:00000ee8       ?FreeData@@3P6GXPAUAtlThunkData_t@@@ZA 10027ee8     atls:atlthunk.obj
 0003:00000eec       ?Initialized@@3_NA         10027eec     atls:atlthunk.obj
 0003:00000ef8       ?__vcrt_startup_thread_ptd@@3U__vcrt_ptd@@A 10027ef8     libvcruntime:per_thread_data.obj
 0003:00000f20       ___vcrt_lock_table         10027f20     libvcruntime:locks.obj
 0003:00000f38       ___vcrt_locks_initialized  10027f38     libvcruntime:locks.obj
 0003:00000f3c       ?module_handles@@3PAPAUHINSTANCE__@@A 10027f3c     libvcruntime:winapi_downlevel.obj
 0003:00000f48       ?encoded_function_pointers@@3PAPAXA 10027f48     libvcruntime:winapi_downlevel.obj
 0003:00000f84       ?heap@@3V_HeapManager@@A   10027f84     libvcruntime:undname.obj
 0003:00000f9c       ___acrt_invalid_parameter_handler 10027f9c     libucrt:invalid_parameter.obj
 0003:00000fa0       _c_termination_complete    10027fa0     libucrt:exit.obj
 0003:00000fa4       _thread_local_exit_callback_func 10027fa4     libucrt:exit.obj
 0003:00000fa8       ?c_exit_complete@?5??common_exit@@YAXHW4_crt_exit_cleanup_mode@@W4_crt_exit_return_mode@@@Z@4_NA 10027fa8     libucrt:exit.obj
 0003:00000fb0       ?program_name@?5???$common_configure_argv@D@@YAHW4_crt_argv_mode@@@Z@4PADA 10027fb0     libucrt:argv_parsing.obj
 0003:000010e0       ___acrt_new_handler        100280e0     libucrt:new_handler.obj
 0003:000010e8       _module_handles            100280e8     libucrt:winapi_thunks.obj
 0003:00001138       _encoded_function_pointers 10028138     libucrt:winapi_thunks.obj
 0003:000011b8       ?state_cache@?1??__acrt_is_packaged_app@@9@4JA 100281b8     libucrt:winapi_thunks.obj
 0003:000011c4       _enable_percent_n          100281c4     libucrt:printf_count_output.obj
 0003:000013e0       ___acrt_lock_table         100283e0     libucrt:locks.obj
 0003:00001518       ___acrt_locks_initialized  10028518     libucrt:locks.obj
 0003:00001534       _fSystemSet                10028534     libucrt:mbctype.obj
 0003:00001538       ?initialized@?1??__acrt_initialize_multibyte@@9@4_NA 10028538     libucrt:mbctype.obj
 0003:00001558       _ctrlc_action              10028558     libucrt:signal.obj
 0003:0000155c       _ctrlbreak_action          1002855c     libucrt:signal.obj
 0003:00001560       _abort_action              10028560     libucrt:signal.obj
 0003:00001564       _term_action               10028564     libucrt:signal.obj
 0003:00001568       _user_matherr              10028568     libucrt:matherr.obj
 0003:0000156c       ___acrt_global_new_mode    1002856c     libucrt:new_mode.obj
 0003:00001578       ___acrt_app_type           10028578     libucrt:report_runtime_error.obj
 0003:00001580       __pmatherr_set             10028580     libucrt:libm_error.obj
 0004:00000220       $R000000                   10029220     MICR.res
 0004:00000b70       $R000950                   10029b70     MICR.res
 0004:00000c58       $R000A38                   10029c58     MICR.res
 0004:00000ec0       $R000CA0                   10029ec0     MICR.res
 0004:000013b8       $R001198                   1002a3b8     MICR.res
 0004:00004038       $R003E18                   1002d038     MICR.res
 0004:00004060       $R003E40                   1002d060     MICR.res
