 OPOSElectronicJournal

 Timestamp is 5ed457dc (Mon Jun  1 10:20:28 2020)

 Preferred load address is 10000000

 Start         Length     Name                   Class
 0001:00000000 00000080H .text$di                CODE
 0001:00000080 0001ead3H .text$mn                CODE
 0001:0001eb53 00000036H .text$x                 CODE
 0001:0001eb89 00000042H .text$yd                CODE
 0002:00000000 000002fcH .idata$5                DATA
 0002:000002fc 00000004H .00cfg                  DATA
 0002:00000300 00000004H .CRT$XCA                DATA
 0002:00000304 00000004H .CRT$XCL                DATA
 0002:00000308 00000010H .CRT$XCU                DATA
 0002:00000318 00000004H .CRT$XCZ                DATA
 0002:0000031c 00000004H .CRT$XIA                DATA
 0002:00000320 00000010H .CRT$XIC                DATA
 0002:00000330 00000004H .CRT$XIZ                DATA
 0002:00000334 00000004H .CRT$XLA                DATA
 0002:00000338 00000004H .CRT$XLZ                DATA
 0002:0000033c 00000004H .CRT$XPA                DATA
 0002:00000340 00000008H .CRT$XPX                DATA
 0002:00000348 00000004H .CRT$XPXA               DATA
 0002:0000034c 00000004H .CRT$XPZ                DATA
 0002:00000350 00000004H .CRT$XTA                DATA
 0002:00000354 0000000cH .CRT$XTZ                DATA
 0002:00000358 00000000H .gfids$y                DATA
 0002:00000360 000074d8H .rdata                  DATA
 0002:00007838 00000018H .rdata$T                DATA
 0002:00007850 00000178H .rdata$r                DATA
 0002:000079c8 0000001cH .rdata$sxdata           DATA
 0002:000079e4 000003e4H .rdata$zzzdbg           DATA
 0002:00007dc8 00000004H .rtc$IAA                DATA
 0002:00007dcc 00000004H .rtc$IZZ                DATA
 0002:00007dd0 00000004H .rtc$TAA                DATA
 0002:00007dd4 00000004H .rtc$TZZ                DATA
 0002:00007dd8 00000004H .tls                    DATA
 0002:00007ddc 00000004H .tls$                   DATA
 0002:00007de0 00000008H .tls$ZZZ                DATA
 0002:00007de8 0000062cH .xdata$x                DATA
 0002:00008414 00000004H ATL$__a                 DATA
 0002:00008418 00000008H ATL$__z                 DATA
 0002:00008420 000000b4H .edata                  DATA
 0002:000084d4 00000078H .idata$2                DATA
 0002:0000854c 00000014H .idata$3                DATA
 0002:00008560 000002fcH .idata$4                DATA
 0002:0000885c 00000bceH .idata$6                DATA
 0003:00000000 00000af0H .data                   DATA
 0003:00000af0 00000098H .data$r                 DATA
 0003:00000b88 00000b80H .bss                    DATA
 0004:00000000 00000220H .rsrc$01                DATA
 0004:00000220 000050e8H .rsrc$02                DATA

  Address         Publics by Value              Rva+Base       Lib:Object

 0000:00000000       ___arm64x_redirection_metadata 00000000     <absolute>
 0000:00000000       ___x64_code_ranges_to_entry_points 00000000     <absolute>
 0000:00000000       ___guard_iat_count         00000000     <absolute>
 0000:00000000       ___guard_fids_count        00000000     <absolute>
 0000:00000000       ___guard_longjmp_table     00000000     <absolute>
 0000:00000000       ___hybrid_code_map_count   00000000     <absolute>
 0000:00000000       ___dynamic_value_reloc_table 00000000     <absolute>
 0000:00000000       ___guard_longjmp_count     00000000     <absolute>
 0000:00000000       __except_list              00000000     <absolute>
 0000:00000000       ___arm64x_native_entrypoint 00000000     <absolute>
 0000:00000000       ___guard_fids_table        00000000     <absolute>
 0000:00000000       ___guard_eh_cont_count     00000000     <absolute>
 0000:00000000       ___hybrid_auxiliary_iat    00000000     <absolute>
 0000:00000000       ___guard_iat_table         00000000     <absolute>
 0000:00000000       ___volatile_metadata       00000000     <absolute>
 0000:00000000       ___enclave_config          00000000     <absolute>
 0000:00000000       ___AbsoluteZero            00000000     <absolute>
 0000:00000000       ___guard_eh_cont_table     00000000     <absolute>
 0000:00000000       ___hybrid_code_map         00000000     <absolute>
 0000:00000007       ___safe_se_handler_count   00000007     <absolute>
 0000:0000002c       __tls_array                0000002c     <absolute>
 0000:00000100       ___guard_flags             00000100     <absolute>
 0000:00000000       ___ImageBase               10000000     <linker-defined>
 0001:00000080       ?DupWide@_CW@@AAEXXZ       10001080 f   CWString.obj
 0001:0000009c       ?cw_dup@@YGXPBDAAHAAPA_W1@Z 1000109c f   CWString.obj
 0001:00000124       ?cw_memcpy@@YGHPA_WPBDH@Z  10001124 f   CWString.obj
 0001:00000150       ?cw_strcpy@@YAHPA_WPBD@Z   10001150 f   CWString.obj
 0001:00000163       ?cw_strlen@@YAHPBD@Z       10001163 f   CWString.obj
 0001:0000017c       ??0CAtlComModule@ATL@@QAE@XZ 1000117c f i OposVariant.obj
 0001:000001c1       ??0CAtlWinModule@ATL@@QAE@XZ 100011c1 f i OposVariant.obj
 0001:000001f8       ??0OposDispParms@@QAE@PAVOposVariant@@H@Z 100011f8 f   OposVariant.obj
 0001:00000269       ??1OposDispParms@@QAE@XZ   10001269 f   OposVariant.obj
 0001:00000277       ??A?$CSimpleArray@GV?$CSimpleArrayEqualHelper@G@ATL@@@ATL@@QAEAAGH@Z 10001277 f i OposVariant.obj
 0001:0000029c       ??_Estringdispid@CComTypeInfoHolder@ATL@@QAEPAXI@Z 1000129c f i OposVariant.obj
 0001:00000308       ?AtlWinModuleInit@ATL@@YGJPAU_ATL_WIN_MODULE70@1@@Z 10001308 f i OposVariant.obj
 0001:0000032e       ?AtlWinModuleTerm@ATL@@YGJPAU_ATL_WIN_MODULE70@1@PAUHINSTANCE__@@@Z 1000132e f i OposVariant.obj
 0001:00000391       ?ChangeBSTR@OposVariant@@QAEXPAPA_WAAJ@Z 10001391 f   OposVariant.obj
 0001:000003d2       ?ChangeCURRENCY@OposVariant@@QAEXPATtagCY@@AAJ@Z 100013d2 f   OposVariant.obj
 0001:00000421       ?ChangeLONG@OposVariant@@QAEXPAJAAJ@Z 10001421 f   OposVariant.obj
 0001:00000462       ?GetLONG@OposVariant@@QAEJXZ 10001462 f   OposVariant.obj
 0001:0000047d       ?Init@CComCriticalSection@ATL@@QAEJXZ 1000147d f i OposVariant.obj
 0001:000004a5       ?RemoveAll@?$CSimpleArray@GV?$CSimpleArrayEqualHelper@G@ATL@@@ATL@@QAEXXZ 100014a5 f i OposVariant.obj
 0001:000004a5       ?RemoveAll@?$CSimpleArray@PAUHINSTANCE__@@V?$CSimpleArrayEqualHelper@PAUHINSTANCE__@@@ATL@@@ATL@@QAEXXZ 100014a5 f i atls:atlbase.obj
 0001:000004c2       ?SetBSTR@OposVariant@@QAEXPA_WAAJ@Z 100014c2 f   OposVariant.obj
 0001:000004f6       ?SetBSTR_Copy@OposVariant@@QAEXPA_WAAJ@Z 100014f6 f   OposVariant.obj
 0001:00000546       ?SetBSTR_InOutPtr@OposVariant@@QAE_NPAPA_WAAJ@Z 10001546 f   OposVariant.obj
 0001:0000057d       ?SetBSTR_OutPtr@OposVariant@@QAE_NPAPA_WAAJ@Z 1000157d f   OposVariant.obj
 0001:00000599       ?SetDispatch_Ptr@OposVariant@@QAEXPAUIDispatch@@AAJ@Z 10001599 f   OposVariant.obj
 0001:000005d4       ?SetLONG@OposVariant@@QAEXJ@Z 100015d4 f   OposVariant.obj
 0001:000005f6       ?SetLONG_Ptr@OposVariant@@QAEXPAJAAJ@Z 100015f6 f   OposVariant.obj
 0001:00000629       ?SetString@OposVariant@@QAEXPB_WAAJ@Z 10001629 f   OposVariant.obj
 0001:0000066f       ?SetVARIANT_BOOL@OposVariant@@QAEXF@Z 1000166f f   OposVariant.obj
 0001:00000699       ?Term@CAtlComModule@ATL@@QAEXXZ 10001699 f i OposVariant.obj
 0001:000006e3       ?_AtlRaiseException@ATL@@YAXKK@Z 100016e3 f i OposVariant.obj
 0001:000006f8       ??_E?$CComObject@VCOPOSElectronicJournal@@@ATL@@W3AEPAXI@Z 100016f8 f i ElectronicJournal.obj
 0001:00000700       ??_E?$CComObject@VCOPOSElectronicJournal@@@ATL@@WEM@AEPAXI@Z 10001700 f i ElectronicJournal.obj
 0001:00000708       ?QueryInterface@?$CComObject@VCOPOSElectronicJournal@@@ATL@@WHA@AGJABU_GUID@@PAPAX@Z 10001708 f i ElectronicJournal.obj
 0001:00000712       ?AddRef@?$CComObject@VCOPOSElectronicJournal@@@ATL@@WHA@AGKXZ 10001712 f i ElectronicJournal.obj
 0001:0000071c       ?Release@?$CComObject@VCOPOSElectronicJournal@@@ATL@@WHA@AGKXZ 1000171c f i ElectronicJournal.obj
 0001:00000726       ?QueryInterface@?$CComObject@VCOPOSElectronicJournal@@@ATL@@WHE@AGJABU_GUID@@PAPAX@Z 10001726 f i ElectronicJournal.obj
 0001:00000730       ?AddRef@?$CComObject@VCOPOSElectronicJournal@@@ATL@@WHE@AGKXZ 10001730 f i ElectronicJournal.obj
 0001:0000073a       ?Release@?$CComObject@VCOPOSElectronicJournal@@@ATL@@WHE@AGKXZ 1000173a f i ElectronicJournal.obj
 0001:00000744       ?QueryInterface@?$CComObject@VCOPOSElectronicJournal@@@ATL@@WHI@AGJABU_GUID@@PAPAX@Z 10001744 f i ElectronicJournal.obj
 0001:0000074e       ?AddRef@?$CComObject@VCOPOSElectronicJournal@@@ATL@@WHI@AGKXZ 1000174e f i ElectronicJournal.obj
 0001:00000758       ?Release@?$CComObject@VCOPOSElectronicJournal@@@ATL@@WHI@AGKXZ 10001758 f i ElectronicJournal.obj
 0001:00000762       ?QueryInterface@?$CComObject@VCOPOSElectronicJournal@@@ATL@@WHM@AGJABU_GUID@@PAPAX@Z 10001762 f i ElectronicJournal.obj
 0001:0000076c       ?AddRef@?$CComObject@VCOPOSElectronicJournal@@@ATL@@WHM@AGKXZ 1000176c f i ElectronicJournal.obj
 0001:00000776       ?Release@?$CComObject@VCOPOSElectronicJournal@@@ATL@@WHM@AGKXZ 10001776 f i ElectronicJournal.obj
 0001:00000780       ?QueryInterface@?$CComObject@VCOPOSElectronicJournal@@@ATL@@WIA@AGJABU_GUID@@PAPAX@Z 10001780 f i ElectronicJournal.obj
 0001:0000078d       ?AddRef@?$CComObject@VCOPOSElectronicJournal@@@ATL@@WIA@AGKXZ 1000178d f i ElectronicJournal.obj
 0001:0000079a       ?Release@?$CComObject@VCOPOSElectronicJournal@@@ATL@@WIA@AGKXZ 1000179a f i ElectronicJournal.obj
 0001:000007a7       ?QueryInterface@?$CComObject@VCOPOSElectronicJournal@@@ATL@@WIE@AGJABU_GUID@@PAPAX@Z 100017a7 f i ElectronicJournal.obj
 0001:000007b4       ?AddRef@?$CComObject@VCOPOSElectronicJournal@@@ATL@@WIE@AGKXZ 100017b4 f i ElectronicJournal.obj
 0001:000007c1       ?Release@?$CComObject@VCOPOSElectronicJournal@@@ATL@@WIE@AGKXZ 100017c1 f i ElectronicJournal.obj
 0001:000007ce       ?QueryInterface@?$CComObject@VCOPOSElectronicJournal@@@ATL@@WII@AGJABU_GUID@@PAPAX@Z 100017ce f i ElectronicJournal.obj
 0001:000007db       ?AddRef@?$CComObject@VCOPOSElectronicJournal@@@ATL@@WII@AGKXZ 100017db f i ElectronicJournal.obj
 0001:000007e8       ?Release@?$CComObject@VCOPOSElectronicJournal@@@ATL@@WII@AGKXZ 100017e8 f i ElectronicJournal.obj
 0001:000007f5       ?QueryInterface@?$CComObject@VCOPOSElectronicJournal@@@ATL@@WIM@AGJABU_GUID@@PAPAX@Z 100017f5 f i ElectronicJournal.obj
 0001:00000802       ?AddRef@?$CComObject@VCOPOSElectronicJournal@@@ATL@@WIM@AGKXZ 10001802 f i ElectronicJournal.obj
 0001:0000080f       ?Release@?$CComObject@VCOPOSElectronicJournal@@@ATL@@WIM@AGKXZ 1000180f f i ElectronicJournal.obj
 0001:0000081c       ?QueryInterface@?$CComObject@VCOPOSElectronicJournal@@@ATL@@WJA@AGJABU_GUID@@PAPAX@Z 1000181c f i ElectronicJournal.obj
 0001:00000829       ?AddRef@?$CComObject@VCOPOSElectronicJournal@@@ATL@@WJA@AGKXZ 10001829 f i ElectronicJournal.obj
 0001:00000836       ?Release@?$CComObject@VCOPOSElectronicJournal@@@ATL@@WJA@AGKXZ 10001836 f i ElectronicJournal.obj
 0001:00000843       ?QueryInterface@?$CComObject@VCOPOSElectronicJournal@@@ATL@@WJE@AGJABU_GUID@@PAPAX@Z 10001843 f i ElectronicJournal.obj
 0001:00000850       ?AddRef@?$CComObject@VCOPOSElectronicJournal@@@ATL@@WJE@AGKXZ 10001850 f i ElectronicJournal.obj
 0001:0000085d       ?Release@?$CComObject@VCOPOSElectronicJournal@@@ATL@@WJE@AGKXZ 1000185d f i ElectronicJournal.obj
 0001:0000086a       ?QueryInterface@?$CComObject@VCOPOSElectronicJournal@@@ATL@@WJI@AGJABU_GUID@@PAPAX@Z 1000186a f i ElectronicJournal.obj
 0001:00000877       ?AddRef@?$CComObject@VCOPOSElectronicJournal@@@ATL@@WJI@AGKXZ 10001877 f i ElectronicJournal.obj
 0001:00000884       ?Release@?$CComObject@VCOPOSElectronicJournal@@@ATL@@WJI@AGKXZ 10001884 f i ElectronicJournal.obj
 0001:00000891       ?QueryInterface@?$CComObject@VCOPOSElectronicJournal@@@ATL@@WJM@AGJABU_GUID@@PAPAX@Z 10001891 f i ElectronicJournal.obj
 0001:0000089e       ?AddRef@?$CComObject@VCOPOSElectronicJournal@@@ATL@@WJM@AGKXZ 1000189e f i ElectronicJournal.obj
 0001:000008ab       ?Release@?$CComObject@VCOPOSElectronicJournal@@@ATL@@WJM@AGKXZ 100018ab f i ElectronicJournal.obj
 0001:000008b8       ?QueryInterface@?$CComObject@VCOPOSElectronicJournal@@@ATL@@WKA@AGJABU_GUID@@PAPAX@Z 100018b8 f i ElectronicJournal.obj
 0001:000008c5       ?AddRef@?$CComObject@VCOPOSElectronicJournal@@@ATL@@WKA@AGKXZ 100018c5 f i ElectronicJournal.obj
 0001:000008d2       ?Release@?$CComObject@VCOPOSElectronicJournal@@@ATL@@WKA@AGKXZ 100018d2 f i ElectronicJournal.obj
 0001:000008df       ?AddRef@?$CComObject@VCOPOSElectronicJournal@@@ATL@@WKI@AGKXZ 100018df f i ElectronicJournal.obj
 0001:000008ec       ?Release@?$CComObject@VCOPOSElectronicJournal@@@ATL@@WKI@AGKXZ 100018ec f i ElectronicJournal.obj
 0001:000008f9       ?AddRef@?$CComObject@VCOPOSElectronicJournal@@@ATL@@WLE@AGKXZ 100018f9 f i ElectronicJournal.obj
 0001:00000906       ?Release@?$CComObject@VCOPOSElectronicJournal@@@ATL@@WLE@AGKXZ 10001906 f i ElectronicJournal.obj
 0001:00000913       ??_E?$CComContainedObject@VCOPOSElectronicJournal@@@ATL@@W3AEPAXI@Z 10001913 f i ElectronicJournal.obj
 0001:0000091b       ??_E?$CComContainedObject@VCOPOSElectronicJournal@@@ATL@@WEM@AEPAXI@Z 1000191b f i ElectronicJournal.obj
 0001:00000923       ?QueryInterface@?$CComContainedObject@VCOPOSElectronicJournal@@@ATL@@WHA@AGJABU_GUID@@PAPAX@Z 10001923 f i ElectronicJournal.obj
 0001:0000092d       ?AddRef@?$CComContainedObject@VCOPOSElectronicJournal@@@ATL@@WHA@AGKXZ 1000192d f i ElectronicJournal.obj
 0001:00000937       ?Release@?$CComContainedObject@VCOPOSElectronicJournal@@@ATL@@WHA@AGKXZ 10001937 f i ElectronicJournal.obj
 0001:00000941       ?QueryInterface@?$CComContainedObject@VCOPOSElectronicJournal@@@ATL@@WHE@AGJABU_GUID@@PAPAX@Z 10001941 f i ElectronicJournal.obj
 0001:0000094b       ?AddRef@?$CComContainedObject@VCOPOSElectronicJournal@@@ATL@@WHE@AGKXZ 1000194b f i ElectronicJournal.obj
 0001:00000955       ?Release@?$CComContainedObject@VCOPOSElectronicJournal@@@ATL@@WHE@AGKXZ 10001955 f i ElectronicJournal.obj
 0001:0000095f       ?QueryInterface@?$CComContainedObject@VCOPOSElectronicJournal@@@ATL@@WHI@AGJABU_GUID@@PAPAX@Z 1000195f f i ElectronicJournal.obj
 0001:00000969       ?AddRef@?$CComContainedObject@VCOPOSElectronicJournal@@@ATL@@WHI@AGKXZ 10001969 f i ElectronicJournal.obj
 0001:00000973       ?Release@?$CComContainedObject@VCOPOSElectronicJournal@@@ATL@@WHI@AGKXZ 10001973 f i ElectronicJournal.obj
 0001:0000097d       ?QueryInterface@?$CComContainedObject@VCOPOSElectronicJournal@@@ATL@@WHM@AGJABU_GUID@@PAPAX@Z 1000197d f i ElectronicJournal.obj
 0001:00000987       ?AddRef@?$CComContainedObject@VCOPOSElectronicJournal@@@ATL@@WHM@AGKXZ 10001987 f i ElectronicJournal.obj
 0001:00000991       ?Release@?$CComContainedObject@VCOPOSElectronicJournal@@@ATL@@WHM@AGKXZ 10001991 f i ElectronicJournal.obj
 0001:0000099b       ?QueryInterface@?$CComContainedObject@VCOPOSElectronicJournal@@@ATL@@WIA@AGJABU_GUID@@PAPAX@Z 1000199b f i ElectronicJournal.obj
 0001:000009a8       ?AddRef@?$CComContainedObject@VCOPOSElectronicJournal@@@ATL@@WIA@AGKXZ 100019a8 f i ElectronicJournal.obj
 0001:000009b5       ?Release@?$CComContainedObject@VCOPOSElectronicJournal@@@ATL@@WIA@AGKXZ 100019b5 f i ElectronicJournal.obj
 0001:000009c2       ?QueryInterface@?$CComContainedObject@VCOPOSElectronicJournal@@@ATL@@WIE@AGJABU_GUID@@PAPAX@Z 100019c2 f i ElectronicJournal.obj
 0001:000009cf       ?AddRef@?$CComContainedObject@VCOPOSElectronicJournal@@@ATL@@WIE@AGKXZ 100019cf f i ElectronicJournal.obj
 0001:000009dc       ?Release@?$CComContainedObject@VCOPOSElectronicJournal@@@ATL@@WIE@AGKXZ 100019dc f i ElectronicJournal.obj
 0001:000009e9       ?QueryInterface@?$CComContainedObject@VCOPOSElectronicJournal@@@ATL@@WII@AGJABU_GUID@@PAPAX@Z 100019e9 f i ElectronicJournal.obj
 0001:000009f6       ?AddRef@?$CComContainedObject@VCOPOSElectronicJournal@@@ATL@@WII@AGKXZ 100019f6 f i ElectronicJournal.obj
 0001:00000a03       ?Release@?$CComContainedObject@VCOPOSElectronicJournal@@@ATL@@WII@AGKXZ 10001a03 f i ElectronicJournal.obj
 0001:00000a10       ?QueryInterface@?$CComContainedObject@VCOPOSElectronicJournal@@@ATL@@WIM@AGJABU_GUID@@PAPAX@Z 10001a10 f i ElectronicJournal.obj
 0001:00000a1d       ?AddRef@?$CComContainedObject@VCOPOSElectronicJournal@@@ATL@@WIM@AGKXZ 10001a1d f i ElectronicJournal.obj
 0001:00000a2a       ?Release@?$CComContainedObject@VCOPOSElectronicJournal@@@ATL@@WIM@AGKXZ 10001a2a f i ElectronicJournal.obj
 0001:00000a37       ?QueryInterface@?$CComContainedObject@VCOPOSElectronicJournal@@@ATL@@WJA@AGJABU_GUID@@PAPAX@Z 10001a37 f i ElectronicJournal.obj
 0001:00000a44       ?AddRef@?$CComContainedObject@VCOPOSElectronicJournal@@@ATL@@WJA@AGKXZ 10001a44 f i ElectronicJournal.obj
 0001:00000a51       ?Release@?$CComContainedObject@VCOPOSElectronicJournal@@@ATL@@WJA@AGKXZ 10001a51 f i ElectronicJournal.obj
 0001:00000a5e       ?QueryInterface@?$CComContainedObject@VCOPOSElectronicJournal@@@ATL@@WJE@AGJABU_GUID@@PAPAX@Z 10001a5e f i ElectronicJournal.obj
 0001:00000a6b       ?AddRef@?$CComContainedObject@VCOPOSElectronicJournal@@@ATL@@WJE@AGKXZ 10001a6b f i ElectronicJournal.obj
 0001:00000a78       ?Release@?$CComContainedObject@VCOPOSElectronicJournal@@@ATL@@WJE@AGKXZ 10001a78 f i ElectronicJournal.obj
 0001:00000a85       ?QueryInterface@?$CComContainedObject@VCOPOSElectronicJournal@@@ATL@@WJI@AGJABU_GUID@@PAPAX@Z 10001a85 f i ElectronicJournal.obj
 0001:00000a92       ?AddRef@?$CComContainedObject@VCOPOSElectronicJournal@@@ATL@@WJI@AGKXZ 10001a92 f i ElectronicJournal.obj
 0001:00000a9f       ?Release@?$CComContainedObject@VCOPOSElectronicJournal@@@ATL@@WJI@AGKXZ 10001a9f f i ElectronicJournal.obj
 0001:00000aac       ?QueryInterface@?$CComContainedObject@VCOPOSElectronicJournal@@@ATL@@WJM@AGJABU_GUID@@PAPAX@Z 10001aac f i ElectronicJournal.obj
 0001:00000ab9       ?AddRef@?$CComContainedObject@VCOPOSElectronicJournal@@@ATL@@WJM@AGKXZ 10001ab9 f i ElectronicJournal.obj
 0001:00000ac6       ?Release@?$CComContainedObject@VCOPOSElectronicJournal@@@ATL@@WJM@AGKXZ 10001ac6 f i ElectronicJournal.obj
 0001:00000ad3       ?QueryInterface@?$CComContainedObject@VCOPOSElectronicJournal@@@ATL@@WKA@AGJABU_GUID@@PAPAX@Z 10001ad3 f i ElectronicJournal.obj
 0001:00000ae0       ?AddRef@?$CComContainedObject@VCOPOSElectronicJournal@@@ATL@@WKA@AGKXZ 10001ae0 f i ElectronicJournal.obj
 0001:00000aed       ?Release@?$CComContainedObject@VCOPOSElectronicJournal@@@ATL@@WKA@AGKXZ 10001aed f i ElectronicJournal.obj
 0001:00000afa       ?AddRef@?$CComContainedObject@VCOPOSElectronicJournal@@@ATL@@WKI@AGKXZ 10001afa f i ElectronicJournal.obj
 0001:00000b07       ?Release@?$CComContainedObject@VCOPOSElectronicJournal@@@ATL@@WKI@AGKXZ 10001b07 f i ElectronicJournal.obj
 0001:00000b14       ?AddRef@?$CComContainedObject@VCOPOSElectronicJournal@@@ATL@@WLE@AGKXZ 10001b14 f i ElectronicJournal.obj
 0001:00000b21       ?Release@?$CComContainedObject@VCOPOSElectronicJournal@@@ATL@@WLE@AGKXZ 10001b21 f i ElectronicJournal.obj
 0001:00000b2e       ?CreateInstance@CComClassFactory@ATL@@UAGJPAUIUnknown@@ABU_GUID@@PAPAX@Z 10001b2e f i ElectronicJournal.obj
 0001:00000b6c       ?LockServer@CComClassFactory@ATL@@UAGJH@Z 10001b6c f i ElectronicJournal.obj
 0001:00000b8b       ??_GCComClassFactory@ATL@@UAEPAXI@Z 10001b8b f i ElectronicJournal.obj
 0001:00000b8b       ??_ECComClassFactory@ATL@@UAEPAXI@Z 10001b8b f i ElectronicJournal.obj
 0001:00000bb6       ?GetWindowProc@?$CWindowImplBaseT@VCWindow@ATL@@V?$CWinTraits@$0FGAAAAAA@$0A@@2@@ATL@@UAEP6GJPAUHWND__@@IIJ@ZXZ 10001bb6 f i ElectronicJournal.obj
 0001:00000bbc       ?StartWindowProc@?$CWindowImplBaseT@VCWindow@ATL@@V?$CWinTraits@$0FGAAAAAA@$0A@@2@@ATL@@SGJPAUHWND__@@IIJ@Z 10001bbc f i ElectronicJournal.obj
 0001:00000c10       ?ObjectMain@CComObjectRootBase@ATL@@SGX_N@Z 10001c10 f i ElectronicJournal.obj
 0001:00000c10       ?OnFinalMessage@?$CWindowImplBaseT@VCWindow@ATL@@V?$CWinTraits@$0FGAAAAAA@$0A@@2@@ATL@@UAEXPAUHWND__@@@Z 10001c10 f i ElectronicJournal.obj
 0001:00000c13       ?GetTypeInfoCount@?$IDispatchImpl@UIOPOSElectronicJournal@@$1?IID_IOPOSElectronicJournal@@3U_GUID@@B$1?LIBID_OposElectronicJournal_CCO@@3U3@B$00$0A@VCComTypeInfoHolder@ATL@@@ATL@@UAGJPAI@Z 10001c13 f i ElectronicJournal.obj
 0001:00000c30       ?GetTypeInfo@?$IDispatchImpl@UIOPOSElectronicJournal@@$1?IID_IOPOSElectronicJournal@@3U_GUID@@B$1?LIBID_OposElectronicJournal_CCO@@3U3@B$00$0A@VCComTypeInfoHolder@ATL@@@ATL@@UAGJIKPAPAUITypeInfo@@@Z 10001c30 f i ElectronicJournal.obj
 0001:00000c54       ?GetIDsOfNames@?$IDispatchImpl@UIOPOSElectronicJournal@@$1?IID_IOPOSElectronicJournal@@3U_GUID@@B$1?LIBID_OposElectronicJournal_CCO@@3U3@B$00$0A@VCComTypeInfoHolder@ATL@@@ATL@@UAGJABU_GUID@@PAPA_WIKPAJ@Z 10001c54 f i ElectronicJournal.obj
 0001:00000c74       ?Invoke@?$IDispatchImpl@UIOPOSElectronicJournal@@$1?IID_IOPOSElectronicJournal@@3U_GUID@@B$1?LIBID_OposElectronicJournal_CCO@@3U3@B$00$0A@VCComTypeInfoHolder@ATL@@@ATL@@UAGJJABU_GUID@@KGPAUtagDISPPARAMS@@PAUtagVARIANT@@PAUtagEXCEPINFO@@PAI@Z 10001c74 f i ElectronicJournal.obj
 0001:00000c82       ?CreateControlWindow@?$CComControl@VCOPOSElectronicJournal@@V?$CWindowImpl@VCOPOSElectronicJournal@@VCWindow@ATL@@V?$CWinTraits@$0FGAAAAAA@$0A@@3@@ATL@@@ATL@@UAEPAUHWND__@@PAU3@AAUtagRECT@@@Z 10001c82 f i ElectronicJournal.obj
 0001:00000cb1       ?ControlQueryInterface@?$CComControl@VCOPOSElectronicJournal@@V?$CWindowImpl@VCOPOSElectronicJournal@@VCWindow@ATL@@V?$CWinTraits@$0FGAAAAAA@$0A@@3@@ATL@@@ATL@@UAEJABU_GUID@@PAPAX@Z 10001cb1 f i ElectronicJournal.obj
 0001:00000ccc       ?GetClassID@?$IPersistStreamInitImpl@VCOPOSElectronicJournal@@@ATL@@UAGJPAU_GUID@@@Z 10001ccc f i ElectronicJournal.obj
 0001:00000ccc       ?GetClassID@?$IPersistStorageImpl@VCOPOSElectronicJournal@@@ATL@@UAGJPAU_GUID@@@Z 10001ccc f i ElectronicJournal.obj
 0001:00000ccc       ?GetUserClassID@?$IOleObjectImpl@VCOPOSElectronicJournal@@@ATL@@UAGJPAU_GUID@@@Z 10001ccc f i ElectronicJournal.obj
 0001:00000cf0       ?IsDirty@?$IPersistStreamInitImpl@VCOPOSElectronicJournal@@@ATL@@UAGJXZ 10001cf0 f i ElectronicJournal.obj
 0001:00000d0f       ?Load@?$IPersistStreamInitImpl@VCOPOSElectronicJournal@@@ATL@@UAGJPAUIStream@@@Z 10001d0f f i ElectronicJournal.obj
 0001:00000d2e       ?Save@?$IPersistStreamInitImpl@VCOPOSElectronicJournal@@@ATL@@UAGJPAUIStream@@H@Z 10001d2e f i ElectronicJournal.obj
 0001:00000d50       ?GetSizeMax@?$IPersistStreamInitImpl@VCOPOSElectronicJournal@@@ATL@@UAGJPAT_ULARGE_INTEGER@@@Z 10001d50 f i ElectronicJournal.obj
 0001:00000f2f       ?InitNew@?$IPersistStreamInitImpl@VCOPOSElectronicJournal@@@ATL@@UAGJXZ 10001f2f f i ElectronicJournal.obj
 0001:00000f4c       ?QueryGetData@?$IDataObjectImpl@VCOPOSElectronicJournal@@@ATL@@UAGJPAUtagFORMATETC@@@Z 10001f4c f i ElectronicJournal.obj
 0001:00000f4c       ?ContextSensitiveHelp@?$IOleInPlaceActiveObjectImpl@VCOPOSElectronicJournal@@@ATL@@UAGJH@Z 10001f4c f i ElectronicJournal.obj
 0001:00000f4c       ?GetDropTarget@?$IOleInPlaceObjectWindowlessImpl@VCOPOSElectronicJournal@@@ATL@@UAGJPAPAUIDropTarget@@@Z 10001f4c f i ElectronicJournal.obj
 0001:00000f4c       ?Unfreeze@?$IViewObjectExImpl@VCOPOSElectronicJournal@@@ATL@@UAGJK@Z 10001f4c f i ElectronicJournal.obj
 0001:00000f4c       ?SetColorScheme@?$IOleObjectImpl@VCOPOSElectronicJournal@@@ATL@@UAGJPAUtagLOGPALETTE@@@Z 10001f4c f i ElectronicJournal.obj
 0001:00000f4c       ?OnMnemonic@?$IOleControlImpl@VCOPOSElectronicJournal@@@ATL@@UAGJPAUtagMSG@@@Z 10001f4c f i ElectronicJournal.obj
 0001:00000f4c       ?GetControlInfo@?$IOleControlImpl@VCOPOSElectronicJournal@@@ATL@@UAGJPAUtagCONTROLINFO@@@Z 10001f4c f i ElectronicJournal.obj
 0001:00000f4c       ?ContextSensitiveHelp@?$IOleInPlaceObjectWindowlessImpl@VCOPOSElectronicJournal@@@ATL@@UAGJH@Z 10001f4c f i ElectronicJournal.obj
 0001:00000f54       ?SaveCompleted@?$IPersistStorageImpl@VCOPOSElectronicJournal@@@ATL@@UAGJPAUIStorage@@@Z 10001f54 f i ElectronicJournal.obj
 0001:00000f54       ?OnAmbientPropertyChange@?$IOleControlImpl@VCOPOSElectronicJournal@@@ATL@@UAGJJ@Z 10001f54 f i ElectronicJournal.obj
 0001:00000f54       ?EnableModeless@?$IOleInPlaceActiveObjectImpl@VCOPOSElectronicJournal@@@ATL@@UAGJH@Z 10001f54 f i ElectronicJournal.obj
 0001:00000f54       ?OnFrameWindowActivate@?$IOleInPlaceActiveObjectImpl@VCOPOSElectronicJournal@@@ATL@@UAGJH@Z 10001f54 f i ElectronicJournal.obj
 0001:00000f59       ?SetClientSite@?$IOleObjectImpl@VCOPOSElectronicJournal@@@ATL@@UAGJPAUIOleClientSite@@@Z 10001f59 f i ElectronicJournal.obj
 0001:00000f76       ?GetClientSite@?$IOleObjectImpl@VCOPOSElectronicJournal@@@ATL@@UAGJPAPAUIOleClientSite@@@Z 10001f76 f i ElectronicJournal.obj
 0001:00000f93       ?SetHostNames@?$IOleObjectImpl@VCOPOSElectronicJournal@@@ATL@@UAGJPB_W0@Z 10001f93 f i ElectronicJournal.obj
 0001:00000f98       ?Close@?$IOleObjectImpl@VCOPOSElectronicJournal@@@ATL@@UAGJK@Z 10001f98 f i ElectronicJournal.obj
 0001:00000fb5       ?GetDataHere@?$IDataObjectImpl@VCOPOSElectronicJournal@@@ATL@@UAGJPAUtagFORMATETC@@PAUtagSTGMEDIUM@@@Z 10001fb5 f i ElectronicJournal.obj
 0001:00000fb5       ?GetClipboardData@?$IOleObjectImpl@VCOPOSElectronicJournal@@@ATL@@UAGJKPAPAUIDataObject@@@Z 10001fb5 f i ElectronicJournal.obj
 0001:00000fb5       ?SetMoniker@?$IOleObjectImpl@VCOPOSElectronicJournal@@@ATL@@UAGJKPAUIMoniker@@@Z 10001fb5 f i ElectronicJournal.obj
 0001:00000fb5       ?GetRect@?$IViewObjectExImpl@VCOPOSElectronicJournal@@@ATL@@UAGJKPAU_RECTL@@@Z 10001fb5 f i ElectronicJournal.obj
 0001:00000fb5       ?QueryInterface@CRegObject@ATL@@UAGJABU_GUID@@PAPAX@Z 10001fb5 f i ElectronicJournal.obj
 0001:00000fb5       ?EnumFormatEtc@?$IDataObjectImpl@VCOPOSElectronicJournal@@@ATL@@UAGJKPAPAUIEnumFORMATETC@@@Z 10001fb5 f i ElectronicJournal.obj
 0001:00000fb5       ?GetCanonicalFormatEtc@?$IDataObjectImpl@VCOPOSElectronicJournal@@@ATL@@UAGJPAUtagFORMATETC@@0@Z 10001fb5 f i ElectronicJournal.obj
 0001:00000fbd       ?GetMoniker@?$IOleObjectImpl@VCOPOSElectronicJournal@@@ATL@@UAGJKKPAPAUIMoniker@@@Z 10001fbd f i ElectronicJournal.obj
 0001:00000fbd       ?InitFromData@?$IOleObjectImpl@VCOPOSElectronicJournal@@@ATL@@UAGJPAUIDataObject@@HK@Z 10001fbd f i ElectronicJournal.obj
 0001:00000fbd       ?SetData@?$IDataObjectImpl@VCOPOSElectronicJournal@@@ATL@@UAGJPAUtagFORMATETC@@PAUtagSTGMEDIUM@@H@Z 10001fbd f i ElectronicJournal.obj
 0001:00000fc5       ?DoVerb@?$IOleObjectImpl@VCOPOSElectronicJournal@@@ATL@@UAGJJPAUtagMSG@@PAUIOleClientSite@@JPAUHWND__@@PBUtagRECT@@@Z 10001fc5 f i ElectronicJournal.obj
 0001:000010b9       ?EnumVerbs@?$IOleObjectImpl@VCOPOSElectronicJournal@@@ATL@@UAGJPAPAUIEnumOLEVERB@@@Z 100020b9 f i ElectronicJournal.obj
 0001:000010db       ?IsUpToDate@?$IOleObjectImpl@VCOPOSElectronicJournal@@@ATL@@UAGJXZ 100020db f i ElectronicJournal.obj
 0001:000010db       ?HandsOffStorage@?$IPersistStorageImpl@VCOPOSElectronicJournal@@@ATL@@UAGJXZ 100020db f i ElectronicJournal.obj
 0001:000010db       ?Release@CRegObject@ATL@@UAGKXZ 100020db f i ElectronicJournal.obj
 0001:000010db       ?Update@?$IOleObjectImpl@VCOPOSElectronicJournal@@@ATL@@UAGJXZ 100020db f i ElectronicJournal.obj
 0001:000010e0       ?GetUserType@?$IOleObjectImpl@VCOPOSElectronicJournal@@@ATL@@UAGJKPAPA_W@Z 100020e0 f i ElectronicJournal.obj
 0001:000010f8       ?SetExtent@?$IOleObjectImpl@VCOPOSElectronicJournal@@@ATL@@UAGJKPAUtagSIZE@@@Z 100020f8 f i ElectronicJournal.obj
 0001:00001118       ?GetExtent@?$IOleObjectImpl@VCOPOSElectronicJournal@@@ATL@@UAGJKPAUtagSIZE@@@Z 10002118 f i ElectronicJournal.obj
 0001:00001156       ?Advise@?$IOleObjectImpl@VCOPOSElectronicJournal@@@ATL@@UAGJPAUIAdviseSink@@PAK@Z 10002156 f i ElectronicJournal.obj
 0001:00001176       ?Unadvise@?$IOleObjectImpl@VCOPOSElectronicJournal@@@ATL@@UAGJK@Z 10002176 f i ElectronicJournal.obj
 0001:000011a5       ?EnumAdvise@?$IOleObjectImpl@VCOPOSElectronicJournal@@@ATL@@UAGJPAPAUIEnumSTATDATA@@@Z 100021a5 f i ElectronicJournal.obj
 0001:000011e5       ?GetMiscStatus@?$IOleObjectImpl@VCOPOSElectronicJournal@@@ATL@@UAGJKPAK@Z 100021e5 f i ElectronicJournal.obj
 0001:000011fd       ?GetWindow@?$IOleInPlaceActiveObjectImpl@VCOPOSElectronicJournal@@@ATL@@UAGJPAPAUHWND__@@@Z 100021fd f i ElectronicJournal.obj
 0001:0000124a       ?TranslateAcceleratorW@?$IOleInPlaceActiveObjectImpl@VCOPOSElectronicJournal@@@ATL@@UAGJPAUtagMSG@@@Z 1000224a f i ElectronicJournal.obj
 0001:000012f8       ?OnDocWindowActivate@?$IOleInPlaceActiveObjectImpl@VCOPOSElectronicJournal@@@ATL@@UAGJH@Z 100022f8 f i ElectronicJournal.obj
 0001:0000131a       ?ResizeBorder@?$IOleInPlaceActiveObjectImpl@VCOPOSElectronicJournal@@@ATL@@UAGJPBUtagRECT@@PAUIOleInPlaceUIWindow@@H@Z 1000231a f i ElectronicJournal.obj
 0001:0000131f       ?Draw@?$IViewObjectExImpl@VCOPOSElectronicJournal@@@ATL@@UAGJKJPAXPAUtagDVTARGETDEVICE@@PAUHDC__@@2PBU_RECTL@@3P6GHK@ZK@Z 1000231f f i ElectronicJournal.obj
 0001:00001351       ?GetColorSet@?$IViewObjectExImpl@VCOPOSElectronicJournal@@@ATL@@UAGJKJPAXPAUtagDVTARGETDEVICE@@PAUHDC__@@PAPAUtagLOGPALETTE@@@Z 10002351 f i ElectronicJournal.obj
 0001:00001359       ?Freeze@?$IViewObjectExImpl@VCOPOSElectronicJournal@@@ATL@@UAGJKJPAXPAK@Z 10002359 f i ElectronicJournal.obj
 0001:00001361       ?SetAdvise@?$IViewObjectExImpl@VCOPOSElectronicJournal@@@ATL@@UAGJKKPAUIAdviseSink@@@Z 10002361 f i ElectronicJournal.obj
 0001:00001380       ?GetAdvise@?$IViewObjectExImpl@VCOPOSElectronicJournal@@@ATL@@UAGJPAK0PAPAUIAdviseSink@@@Z 10002380 f i ElectronicJournal.obj
 0001:000013b5       ?GetExtent@?$IViewObjectExImpl@VCOPOSElectronicJournal@@@ATL@@UAGJKJPAUtagDVTARGETDEVICE@@PAUtagSIZE@@@Z 100023b5 f i ElectronicJournal.obj
 0001:000013e6       ?GetViewStatus@?$IViewObjectExImpl@VCOPOSElectronicJournal@@@ATL@@UAGJPAK@Z 100023e6 f i ElectronicJournal.obj
 0001:00001403       ?QueryHitPoint@?$IViewObjectExImpl@VCOPOSElectronicJournal@@@ATL@@UAGJKPBUtagRECT@@UtagPOINT@@JPAK@Z 10002403 f i ElectronicJournal.obj
 0001:00001444       ?QueryHitRect@?$IViewObjectExImpl@VCOPOSElectronicJournal@@@ATL@@UAGJKPBUtagRECT@@0JPAK@Z 10002444 f i ElectronicJournal.obj
 0001:0000149f       ?GetNaturalExtent@?$IViewObjectExImpl@VCOPOSElectronicJournal@@@ATL@@UAGJKJPAUtagDVTARGETDEVICE@@PAUHDC__@@PAUtagExtentInfo@@PAUtagSIZE@@@Z 1000249f f i ElectronicJournal.obj
 0001:000014ea       ?GetWindow@?$IOleInPlaceObjectWindowlessImpl@VCOPOSElectronicJournal@@@ATL@@UAGJPAPAUHWND__@@@Z 100024ea f i ElectronicJournal.obj
 0001:00001537       ?InPlaceDeactivate@?$IOleInPlaceObjectWindowlessImpl@VCOPOSElectronicJournal@@@ATL@@UAGJXZ 10002537 f i ElectronicJournal.obj
 0001:00001551       ?UIDeactivate@?$IOleInPlaceObjectWindowlessImpl@VCOPOSElectronicJournal@@@ATL@@UAGJXZ 10002551 f i ElectronicJournal.obj
 0001:0000156b       ?SetObjectRects@?$IOleInPlaceObjectWindowlessImpl@VCOPOSElectronicJournal@@@ATL@@UAGJPBUtagRECT@@0@Z 1000256b f i ElectronicJournal.obj
 0001:0000158b       ?ReactivateAndUndo@?$IOleInPlaceObjectWindowlessImpl@VCOPOSElectronicJournal@@@ATL@@UAGJXZ 1000258b f i ElectronicJournal.obj
 0001:00001593       ?OnWindowMessage@?$IOleInPlaceObjectWindowlessImpl@VCOPOSElectronicJournal@@@ATL@@UAGJIIJPAJ@Z 10002593 f i ElectronicJournal.obj
 0001:00001603       ?EnumConnectionPoints@?$IConnectionPointContainerImpl@VCOPOSElectronicJournal@@@ATL@@UAGJPAPAUIEnumConnectionPoints@@@Z 10002603 f i ElectronicJournal.obj
 0001:0000178f       ?FindConnectionPoint@?$IConnectionPointContainerImpl@VCOPOSElectronicJournal@@@ATL@@UAGJABU_GUID@@PAPAUIConnectionPoint@@@Z 1000278f f i ElectronicJournal.obj
 0001:00001832       ?IsDirty@?$IPersistStorageImpl@VCOPOSElectronicJournal@@@ATL@@UAGJXZ 10002832 f i ElectronicJournal.obj
 0001:00001862       ?InitNew@?$IPersistStorageImpl@VCOPOSElectronicJournal@@@ATL@@UAGJPAUIStorage@@@Z 10002862 f i ElectronicJournal.obj
 0001:00001892       ?Load@?$IPersistStorageImpl@VCOPOSElectronicJournal@@@ATL@@UAGJPAUIStorage@@@Z 10002892 f i ElectronicJournal.obj
 0001:000018fe       ?Save@?$IPersistStorageImpl@VCOPOSElectronicJournal@@@ATL@@UAGJPAUIStorage@@H@Z 100028fe f i ElectronicJournal.obj
 0001:00001971       ?GetPages@?$ISpecifyPropertyPagesImpl@VCOPOSElectronicJournal@@@ATL@@UAGJPAUtagCAUUID@@@Z 10002971 f i ElectronicJournal.obj
 0001:00001988       ?QuickActivate@?$IQuickActivateImpl@VCOPOSElectronicJournal@@@ATL@@UAGJPAUtagQACONTAINER@@PAUtagQACONTROL@@@Z 10002988 f i ElectronicJournal.obj
 0001:000019ab       ?SetContentExtent@?$IQuickActivateImpl@VCOPOSElectronicJournal@@@ATL@@UAGJPAUtagSIZE@@@Z 100029ab f i ElectronicJournal.obj
 0001:000019d7       ?GetContentExtent@?$IQuickActivateImpl@VCOPOSElectronicJournal@@@ATL@@UAGJPAUtagSIZE@@@Z 100029d7 f i ElectronicJournal.obj
 0001:00001a11       ?GetData@?$IDataObjectImpl@VCOPOSElectronicJournal@@@ATL@@UAGJPAUtagFORMATETC@@PAUtagSTGMEDIUM@@@Z 10002a11 f i ElectronicJournal.obj
 0001:00001a34       ?DAdvise@?$IDataObjectImpl@VCOPOSElectronicJournal@@@ATL@@UAGJPAUtagFORMATETC@@KPAUIAdviseSink@@PAK@Z 10002a34 f i ElectronicJournal.obj
 0001:00001a75       ?DUnadvise@?$IDataObjectImpl@VCOPOSElectronicJournal@@@ATL@@UAGJK@Z 10002a75 f i ElectronicJournal.obj
 0001:00001aa3       ?EnumDAdvise@?$IDataObjectImpl@VCOPOSElectronicJournal@@@ATL@@UAGJPAPAUIEnumSTATDATA@@@Z 10002aa3 f i ElectronicJournal.obj
 0001:00001ae2       ?GetClassInfoW@?$IProvideClassInfo2Impl@$1?CLSID_OPOSElectronicJournal@@3U_GUID@@B$1?DIID__IOPOSElectronicJournalEvents@@3U2@B$1?LIBID_OposElectronicJournal_CCO@@3U2@B$00$0A@VCComTypeInfoHolder@ATL@@@ATL@@UAGJPAPAUITypeInfo@@@Z 10002ae2 f i ElectronicJournal.obj
 0001:00001af8       ?GetGUID@?$IProvideClassInfo2Impl@$1?CLSID_OPOSElectronicJournal@@3U_GUID@@B$1?DIID__IOPOSElectronicJournalEvents@@3U2@B$1?LIBID_OposElectronicJournal_CCO@@3U2@B$00$0A@VCComTypeInfoHolder@ATL@@@ATL@@UAGJKPAU_GUID@@@Z 10002af8 f i ElectronicJournal.obj
 0001:00001b36       __get_startup_argv_mode    10002b36 f i LIBCMT:argv_mode.obj
 0001:00001b36       ?FAccessAllowed@?$IObjectSafetyImpl@VCOPOSElectronicJournal@@$02@ATL@@MAEHXZ 10002b36 f i ElectronicJournal.obj
 0001:00001b3a       ?GetInterfaceSafetyOptions@?$IObjectSafetyImpl@VCOPOSElectronicJournal@@$02@ATL@@UAGJABU_GUID@@PAK1@Z 10002b3a f i ElectronicJournal.obj
 0001:00001bae       ?SetInterfaceSafetyOptions@?$IObjectSafetyImpl@VCOPOSElectronicJournal@@$02@ATL@@UAGJABU_GUID@@KK@Z 10002bae f i ElectronicJournal.obj
 0001:00001c28       ?_LocCPQueryInterface@?$IConnectionPointImpl@VCOPOSElectronicJournal@@$1?DIID__IOPOSElectronicJournalEvents@@3U_GUID@@BVCComDynamicUnkArray@ATL@@@ATL@@UAGJABU_GUID@@PAPAX@Z 10002c28 f i ElectronicJournal.obj
 0001:00001c28       ?_LocCPQueryInterface@?$IConnectionPointImpl@VCOPOSElectronicJournal@@$1?IID_IPropertyNotifySink@@3U_GUID@@BVCComDynamicUnkArray@ATL@@@ATL@@UAGJABU_GUID@@PAPAX@Z 10002c28 f i ElectronicJournal.obj
 0001:00001c75       ?GetConnectionInterface@?$IConnectionPointImpl@VCOPOSElectronicJournal@@$1?IID_IPropertyNotifySink@@3U_GUID@@BVCComDynamicUnkArray@ATL@@@ATL@@UAGJPAU_GUID@@@Z 10002c75 f i ElectronicJournal.obj
 0001:00001c99       ?GetConnectionPointContainer@?$IConnectionPointImpl@VCOPOSElectronicJournal@@$1?IID_IPropertyNotifySink@@3U_GUID@@BVCComDynamicUnkArray@ATL@@@ATL@@UAGJPAPAUIConnectionPointContainer@@@Z 10002c99 f i ElectronicJournal.obj
 0001:00001cbc       ?Advise@?$IConnectionPointImpl@VCOPOSElectronicJournal@@$1?IID_IPropertyNotifySink@@3U_GUID@@BVCComDynamicUnkArray@ATL@@@ATL@@UAGJPAUIUnknown@@PAK@Z 10002cbc f i ElectronicJournal.obj
 0001:00001cbc       ?Advise@?$IConnectionPointImpl@VCOPOSElectronicJournal@@$1?DIID__IOPOSElectronicJournalEvents@@3U_GUID@@BVCComDynamicUnkArray@ATL@@@ATL@@UAGJPAUIUnknown@@PAK@Z 10002cbc f i ElectronicJournal.obj
 0001:00001d5c       ?Unadvise@?$IConnectionPointImpl@VCOPOSElectronicJournal@@$1?DIID__IOPOSElectronicJournalEvents@@3U_GUID@@BVCComDynamicUnkArray@ATL@@@ATL@@UAGJK@Z 10002d5c f i ElectronicJournal.obj
 0001:00001d5c       ?Unadvise@?$IConnectionPointImpl@VCOPOSElectronicJournal@@$1?IID_IPropertyNotifySink@@3U_GUID@@BVCComDynamicUnkArray@ATL@@@ATL@@UAGJK@Z 10002d5c f i ElectronicJournal.obj
 0001:00001d9c       ?EnumConnections@?$IConnectionPointImpl@VCOPOSElectronicJournal@@$1?IID_IPropertyNotifySink@@3U_GUID@@BVCComDynamicUnkArray@ATL@@@ATL@@UAGJPAPAUIEnumConnections@@@Z 10002d9c f i ElectronicJournal.obj
 0001:00001d9c       ?EnumConnections@?$IConnectionPointImpl@VCOPOSElectronicJournal@@$1?DIID__IOPOSElectronicJournalEvents@@3U_GUID@@BVCComDynamicUnkArray@ATL@@@ATL@@UAGJPAPAUIEnumConnections@@@Z 10002d9c f i ElectronicJournal.obj
 0001:00001e97       ?GetCategoryMap@CComObjectRootBase@ATL@@SAPBU_ATL_CATMAP_ENTRY@2@XZ 10002e97 f i ElectronicJournal.obj
 0001:00001e97       ?GetObjectDescription@?$CComCoClass@VCOPOSElectronicJournal@@$1?CLSID_OPOSElectronicJournal@@3U_GUID@@B@ATL@@SGPB_WXZ 10002e97 f i ElectronicJournal.obj
 0001:00001e9a       ?GetConnectionInterface@?$IConnectionPointImpl@VCOPOSElectronicJournal@@$1?DIID__IOPOSElectronicJournalEvents@@3U_GUID@@BVCComDynamicUnkArray@ATL@@@ATL@@UAGJPAU_GUID@@@Z 10002e9a f i ElectronicJournal.obj
 0001:00001ebe       ?GetConnectionPointContainer@?$IConnectionPointImpl@VCOPOSElectronicJournal@@$1?DIID__IOPOSElectronicJournalEvents@@3U_GUID@@BVCComDynamicUnkArray@ATL@@@ATL@@UAGJPAPAUIConnectionPointContainer@@@Z 10002ebe f i ElectronicJournal.obj
 0001:00001ee1       ?UpdateRegistry@COPOSElectronicJournal@@SGJH@Z 10002ee1 f i ElectronicJournal.obj
 0001:00001ef9       ?ProcessWindowMessage@COPOSElectronicJournal@@UAEHPAUHWND__@@IIJAAJK@Z 10002ef9 f i ElectronicJournal.obj
 0001:00001f42       ?SOData@COPOSElectronicJournal@@MAGJJ@Z 10002f42 f i ElectronicJournal.obj
 0001:00001f7b       ?SODirectIO@COPOSElectronicJournal@@MAGJJPAJPAPA_W@Z 10002f7b f i ElectronicJournal.obj
 0001:00001fc4       ?SOError@COPOSElectronicJournal@@MAGJJJJPAJ@Z 10002fc4 f i ElectronicJournal.obj
 0001:00002019       ?Lock@CAtlModule@ATL@@UAEJXZ 10003019 f i ElectronicJournal.obj
 0001:00002023       ?SOOutputComplete@COPOSElectronicJournal@@MAGJJ@Z 10003023 f i ElectronicJournal.obj
 0001:0000205c       ?Unlock@CAtlModule@ATL@@UAEJXZ 1000305c f i ElectronicJournal.obj
 0001:00002066       ?GetLockCount@CAtlModule@ATL@@UAEJXZ 10003066 f i ElectronicJournal.obj
 0001:0000206a       ?SOStatusUpdate@COPOSElectronicJournal@@MAGJJ@Z 1000306a f i ElectronicJournal.obj
 0001:000020a3       ?GetGITPtr@CAtlModule@ATL@@UAEJPAPAUIGlobalInterfaceTable@@@Z 100030a3 f i ElectronicJournal.obj
 0001:000020ef       ?AddCommonRGSReplacements@?$CAtlModuleT@VCComModule@ATL@@@ATL@@UAEJPAUIRegistrarBase@@@Z 100030ef f i ElectronicJournal.obj
 0001:00002109       ?UpdateRegistryFromResourceD@CComModule@ATL@@UAGJPB_WHPAU_ATL_REGMAP_ENTRY@2@@Z 10003109 f i ElectronicJournal.obj
 0001:00002109       ?UpdateRegistryFromResourceD@CComModule@ATL@@UAGJIHPAU_ATL_REGMAP_ENTRY@2@@Z 10003109 f i ElectronicJournal.obj
 0001:00002111       ?UpdateRegistryFromResource@CComModule@ATL@@UAGJPB_WHPAU_ATL_REGMAP_ENTRY@2@@Z 10003111 f i ElectronicJournal.obj
 0001:0000211a       ?UpdateRegistryFromResource@CComModule@ATL@@UAGJIHPAU_ATL_REGMAP_ENTRY@2@@Z 1000311a f i ElectronicJournal.obj
 0001:00002123       ??_ECComModule@ATL@@UAEPAXI@Z 10003123 f i ElectronicJournal.obj
 0001:00002123       ??_GCComModule@ATL@@UAEPAXI@Z 10003123 f i ElectronicJournal.obj
 0001:0000214b       ?CreateInstance@?$CComCreator@V?$CComObjectCached@VCComClassFactory@ATL@@@ATL@@@ATL@@SGJPAXABU_GUID@@PAPAX@Z 1000314b f i ElectronicJournal.obj
 0001:000021eb       ?CreateInstance@?$CComCreator2@V?$CComCreator@V?$CComObject@VCOPOSElectronicJournal@@@ATL@@@ATL@@V?$CComCreator@V?$CComAggObject@VCOPOSElectronicJournal@@@ATL@@@2@@ATL@@SGJPAXABU_GUID@@PAPAX@Z 100031eb f i ElectronicJournal.obj
 0001:0000220b       ?AddRef@?$CComObjectCached@VCComClassFactory@ATL@@@ATL@@UAGKXZ 1000320b f i ElectronicJournal.obj
 0001:00002232       ?Release@?$CComObjectCached@VCComClassFactory@ATL@@@ATL@@UAGKXZ 10003232 f i ElectronicJournal.obj
 0001:00002268       ?QueryInterface@?$CComObjectCached@VCComClassFactory@ATL@@@ATL@@UAGJABU_GUID@@PAPAX@Z 10003268 f i ElectronicJournal.obj
 0001:00002282       ??_E?$CComObjectCached@VCComClassFactory@ATL@@@ATL@@UAEPAXI@Z 10003282 f i ElectronicJournal.obj
 0001:00002282       ??_G?$CComObjectCached@VCComClassFactory@ATL@@@ATL@@UAEPAXI@Z 10003282 f i ElectronicJournal.obj
 0001:000022a4       ?Next@?$CComEnumImpl@UIEnumConnectionPoints@@$1?_GUID_b196b285_bab4_101a_b69c_00aa00341d07@@3U__s_GUID@@BPAUIConnectionPoint@@V?$_CopyInterface@UIConnectionPoint@@@ATL@@@ATL@@UAGJKPAPAUIConnectionPoint@@PAK@Z 100032a4 f i ElectronicJournal.obj
 0001:0000237b       ?Skip@?$CComEnumImpl@UIEnumConnectionPoints@@$1?_GUID_b196b285_bab4_101a_b69c_00aa00341d07@@3U__s_GUID@@BPAUIConnectionPoint@@V?$_CopyInterface@UIConnectionPoint@@@ATL@@@ATL@@UAGJK@Z 1000337b f i ElectronicJournal.obj
 0001:000023a8       ?Reset@?$CComEnumImpl@UIEnumConnections@@$1?_GUID_b196b287_bab4_101a_b69c_00aa00341d07@@3U__s_GUID@@BUtagCONNECTDATA@@V?$_Copy@UtagCONNECTDATA@@@ATL@@@ATL@@UAGJXZ 100033a8 f i ElectronicJournal.obj
 0001:000023a8       ?Reset@?$CComEnumImpl@UIEnumConnectionPoints@@$1?_GUID_b196b285_bab4_101a_b69c_00aa00341d07@@3U__s_GUID@@BPAUIConnectionPoint@@V?$_CopyInterface@UIConnectionPoint@@@ATL@@@ATL@@UAGJXZ 100033a8 f i ElectronicJournal.obj
 0001:000023ba       ?Clone@?$CComEnumImpl@UIEnumConnectionPoints@@$1?_GUID_b196b285_bab4_101a_b69c_00aa00341d07@@3U__s_GUID@@BPAUIConnectionPoint@@V?$_CopyInterface@UIConnectionPoint@@@ATL@@@ATL@@UAGJPAPAUIEnumConnectionPoints@@@Z 100033ba f i ElectronicJournal.obj
 0001:0000249b       ?AddRef@?$CComObject@V?$CComEnum@UIEnumConnections@@$1?_GUID_b196b287_bab4_101a_b69c_00aa00341d07@@3U__s_GUID@@BUtagCONNECTDATA@@V?$_Copy@UtagCONNECTDATA@@@ATL@@VCComSingleThreadModel@6@@ATL@@@ATL@@UAGKXZ 1000349b f i ElectronicJournal.obj
 0001:0000249b       ?AddRef@?$CComObject@V?$CComEnum@UIEnumConnectionPoints@@$1?_GUID_b196b285_bab4_101a_b69c_00aa00341d07@@3U__s_GUID@@BPAUIConnectionPoint@@V?$_CopyInterface@UIConnectionPoint@@@ATL@@VCComSingleThreadModel@6@@ATL@@@ATL@@UAGKXZ 1000349b f i ElectronicJournal.obj
 0001:000024ac       ?Release@?$CComObject@V?$CComEnum@UIEnumConnections@@$1?_GUID_b196b287_bab4_101a_b69c_00aa00341d07@@3U__s_GUID@@BUtagCONNECTDATA@@V?$_Copy@UtagCONNECTDATA@@@ATL@@VCComSingleThreadModel@6@@ATL@@@ATL@@UAGKXZ 100034ac f i ElectronicJournal.obj
 0001:000024ac       ?Release@?$CComObject@V?$CComEnum@UIEnumConnectionPoints@@$1?_GUID_b196b285_bab4_101a_b69c_00aa00341d07@@3U__s_GUID@@BPAUIConnectionPoint@@V?$_CopyInterface@UIConnectionPoint@@@ATL@@VCComSingleThreadModel@6@@ATL@@@ATL@@UAGKXZ 100034ac f i ElectronicJournal.obj
 0001:000024e8       ?QueryInterface@?$CComObject@V?$CComEnum@UIEnumConnectionPoints@@$1?_GUID_b196b285_bab4_101a_b69c_00aa00341d07@@3U__s_GUID@@BPAUIConnectionPoint@@V?$_CopyInterface@UIConnectionPoint@@@ATL@@VCComSingleThreadModel@6@@ATL@@@ATL@@UAGJABU_GUID@@PAPAX@Z 100034e8 f i ElectronicJournal.obj
 0001:00002502       ??_G?$CComObject@V?$CComEnum@UIEnumConnectionPoints@@$1?_GUID_b196b285_bab4_101a_b69c_00aa00341d07@@3U__s_GUID@@BPAUIConnectionPoint@@V?$_CopyInterface@UIConnectionPoint@@@ATL@@VCComSingleThreadModel@6@@ATL@@@ATL@@UAEPAXI@Z 10003502 f i ElectronicJournal.obj
 0001:00002502       ??_E?$CComObject@V?$CComEnum@UIEnumConnectionPoints@@$1?_GUID_b196b285_bab4_101a_b69c_00aa00341d07@@3U__s_GUID@@BPAUIConnectionPoint@@V?$_CopyInterface@UIConnectionPoint@@@ATL@@VCComSingleThreadModel@6@@ATL@@@ATL@@UAEPAXI@Z 10003502 f i ElectronicJournal.obj
 0001:00002524       ?AddRef@CRegObject@ATL@@UAGKXZ 10003524 f i ElectronicJournal.obj
 0001:0000252a       ?AddReplacement@CRegObject@ATL@@UAGJPB_W0@Z 1000352a f i ElectronicJournal.obj
 0001:00002563       ?ClearReplacements@CRegObject@ATL@@UAGJXZ 10003563 f i ElectronicJournal.obj
 0001:00002575       ??_ECRegObject@ATL@@UAEPAXI@Z 10003575 f i ElectronicJournal.obj
 0001:00002575       ??_GCRegObject@ATL@@UAEPAXI@Z 10003575 f i ElectronicJournal.obj
 0001:00002597       ?AddRef@?$CComAggObject@VCOPOSElectronicJournal@@@ATL@@UAGKXZ 10003597 f i ElectronicJournal.obj
 0001:000025a8       ?Release@?$CComAggObject@VCOPOSElectronicJournal@@@ATL@@UAGKXZ 100035a8 f i ElectronicJournal.obj
 0001:000025e4       ?QueryInterface@?$CComAggObject@VCOPOSElectronicJournal@@@ATL@@UAGJABU_GUID@@PAPAX@Z 100035e4 f i ElectronicJournal.obj
 0001:00002633       ?AddRef@?$CComContainedObject@VCOPOSElectronicJournal@@@ATL@@UAGKXZ 10003633 f i ElectronicJournal.obj
 0001:00002649       ?Release@?$CComContainedObject@VCOPOSElectronicJournal@@@ATL@@UAGKXZ 10003649 f i ElectronicJournal.obj
 0001:0000265f       ?QueryInterface@?$CComContainedObject@VCOPOSElectronicJournal@@@ATL@@UAGJABU_GUID@@PAPAX@Z 1000365f f i ElectronicJournal.obj
 0001:0000267a       ??_E?$CComAggObject@VCOPOSElectronicJournal@@@ATL@@UAEPAXI@Z 1000367a f i ElectronicJournal.obj
 0001:0000267a       ??_G?$CComAggObject@VCOPOSElectronicJournal@@@ATL@@UAEPAXI@Z 1000367a f i ElectronicJournal.obj
 0001:0000269f       ?AddRef@?$CComObject@VCOPOSElectronicJournal@@@ATL@@UAGKXZ 1000369f f i ElectronicJournal.obj
 0001:000026b6       ?Release@?$CComObject@VCOPOSElectronicJournal@@@ATL@@UAGKXZ 100036b6 f i ElectronicJournal.obj
 0001:000026f8       ?QueryInterface@?$CComObject@VCOPOSElectronicJournal@@@ATL@@UAGJABU_GUID@@PAPAX@Z 100036f8 f i ElectronicJournal.obj
 0001:00002712       ?OnDrawAdvanced@CComControlBase@ATL@@UAEJAAUATL_DRAWINFO@@@Z 10003712 f i ElectronicJournal.obj
 0001:00002805       ?Next@?$CComEnumImpl@UIEnumConnections@@$1?_GUID_b196b287_bab4_101a_b69c_00aa00341d07@@3U__s_GUID@@BUtagCONNECTDATA@@V?$_Copy@UtagCONNECTDATA@@@ATL@@@ATL@@UAGJKPAUtagCONNECTDATA@@PAK@Z 10003805 f i ElectronicJournal.obj
 0001:000028dc       ?Skip@?$CComEnumImpl@UIEnumConnections@@$1?_GUID_b196b287_bab4_101a_b69c_00aa00341d07@@3U__s_GUID@@BUtagCONNECTDATA@@V?$_Copy@UtagCONNECTDATA@@@ATL@@@ATL@@UAGJK@Z 100038dc f i ElectronicJournal.obj
 0001:00002909       ?Clone@?$CComEnumImpl@UIEnumConnections@@$1?_GUID_b196b287_bab4_101a_b69c_00aa00341d07@@3U__s_GUID@@BUtagCONNECTDATA@@V?$_Copy@UtagCONNECTDATA@@@ATL@@@ATL@@UAGJPAPAUIEnumConnections@@@Z 10003909 f i ElectronicJournal.obj
 0001:000029ea       ?QueryInterface@?$CComObject@V?$CComEnum@UIEnumConnections@@$1?_GUID_b196b287_bab4_101a_b69c_00aa00341d07@@3U__s_GUID@@BUtagCONNECTDATA@@V?$_Copy@UtagCONNECTDATA@@@ATL@@VCComSingleThreadModel@6@@ATL@@@ATL@@UAGJABU_GUID@@PAPAX@Z 100039ea f i ElectronicJournal.obj
 0001:00002a04       ??_G?$CComObject@V?$CComEnum@UIEnumConnections@@$1?_GUID_b196b287_bab4_101a_b69c_00aa00341d07@@3U__s_GUID@@BUtagCONNECTDATA@@V?$_Copy@UtagCONNECTDATA@@@ATL@@VCComSingleThreadModel@6@@ATL@@@ATL@@UAEPAXI@Z 10003a04 f i ElectronicJournal.obj
 0001:00002a04       ??_E?$CComObject@V?$CComEnum@UIEnumConnections@@$1?_GUID_b196b287_bab4_101a_b69c_00aa00341d07@@3U__s_GUID@@BUtagCONNECTDATA@@V?$_Copy@UtagCONNECTDATA@@@ATL@@VCComSingleThreadModel@6@@ATL@@@ATL@@UAEPAXI@Z 10003a04 f i ElectronicJournal.obj
 0001:00002a26       ??$?4UITypeInfo2@@@?$CComPtr@UITypeInfo@@@ATL@@QAEPAUITypeInfo@@ABV?$CComPtr@UITypeInfo2@@@1@@Z 10003a26 f i ElectronicJournal.obj
 0001:00002a53       ??$AtlAdd@K@ATL@@YAJPAKKK@Z 10003a53 f i ElectronicJournal.obj
 0001:00002a76       ??$AtlAdd@_K@ATL@@YAJPA_K_K1@Z 10003a76 f i ElectronicJournal.obj
 0001:00002aae       ??$AtlAddThrow@K@ATL@@YAKKK@Z 10003aae f i ElectronicJournal.obj
 0001:00002ad4       ??$AtlModuleRegisterWndClassInfoT@VAtlModuleRegisterWndClassInfoParamW@ATL@@@ATL@@YAGPAU_ATL_BASE_MODULE70@0@PAU_ATL_WIN_MODULE70@0@PAU_ATL_WNDCLASSINFOW@0@PAP6GJPAUHWND__@@IIJ@ZVAtlModuleRegisterWndClassInfoParamW@0@@Z 10003ad4 f i ElectronicJournal.obj
 0001:00002c22       ??$AtlMultiply@H@ATL@@YAJPAHHH@Z 10003c22 f i ElectronicJournal.obj
 0001:00002c5a       ??$AtlMultiply@K@ATL@@YAJPAKKK@Z 10003c5a f i ElectronicJournal.obj
 0001:00002c5a       ??$AtlMultiply@I@ATL@@YAJPAIII@Z 10003c5a f i ElectronicJournal.obj
 0001:00002c7c       ??$AtlMultiplyThrow@I@ATL@@YAIII@Z 10003c7c f i ElectronicJournal.obj
 0001:00002ca2       ??0?$CComAggObject@VCOPOSElectronicJournal@@@ATL@@QAE@PAX@Z 10003ca2 f i ElectronicJournal.obj
 0001:00002ccf       ??0?$CComContainedObject@VCOPOSElectronicJournal@@@ATL@@QAE@PAX@Z 10003ccf f i ElectronicJournal.obj
 0001:00002d88       ??0?$CComObject@V?$CComEnum@UIEnumConnectionPoints@@$1?_GUID_b196b285_bab4_101a_b69c_00aa00341d07@@3U__s_GUID@@BPAUIConnectionPoint@@V?$_CopyInterface@UIConnectionPoint@@@ATL@@VCComSingleThreadModel@6@@ATL@@@ATL@@QAE@PAX@Z 10003d88 f i ElectronicJournal.obj
 0001:00002db6       ??0?$CComObject@V?$CComEnum@UIEnumConnections@@$1?_GUID_b196b287_bab4_101a_b69c_00aa00341d07@@3U__s_GUID@@BUtagCONNECTDATA@@V?$_Copy@UtagCONNECTDATA@@@ATL@@VCComSingleThreadModel@6@@ATL@@@ATL@@QAE@PAX@Z 10003db6 f i ElectronicJournal.obj
 0001:00002de4       ??0?$CComObject@VCOPOSElectronicJournal@@@ATL@@QAE@PAX@Z 10003de4 f i ElectronicJournal.obj
 0001:00002e9b       ??0?$CComQIPtr@UIOleControlSite@@$1?_GUID_b196b289_bab4_101a_b69c_00aa00341d07@@3U__s_GUID@@B@ATL@@QAE@PAUIUnknown@@@Z 10003e9b f i ElectronicJournal.obj
 0001:00002ec4       ??0CAtlModule@ATL@@QAE@XZ  10003ec4 f i ElectronicJournal.obj
 0001:00002f05       ??0CParseBuffer@CRegParser@ATL@@QAE@H@Z 10003f05 f i ElectronicJournal.obj
 0001:00002f3b       ??0_ATL_MSG@ATL@@QAE@PAUHWND__@@IIJH@Z 10003f3b f i ElectronicJournal.obj
 0001:00002f73       ??1?$CComAggObject@VCOPOSElectronicJournal@@@ATL@@UAE@XZ 10003f73 f i ElectronicJournal.obj
 0001:00002f97       ??1?$CComEnumImpl@UIEnumConnectionPoints@@$1?_GUID_b196b285_bab4_101a_b69c_00aa00341d07@@3U__s_GUID@@BPAUIConnectionPoint@@V?$_CopyInterface@UIConnectionPoint@@@ATL@@@ATL@@UAE@XZ 10003f97 f i ElectronicJournal.obj
 0001:00002fd7       ??1?$CComEnumImpl@UIEnumConnections@@$1?_GUID_b196b287_bab4_101a_b69c_00aa00341d07@@3U__s_GUID@@BUtagCONNECTDATA@@V?$_Copy@UtagCONNECTDATA@@@ATL@@@ATL@@UAE@XZ 10003fd7 f i ElectronicJournal.obj
 0001:00003017       ??1?$CComObject@V?$CComEnum@UIEnumConnectionPoints@@$1?_GUID_b196b285_bab4_101a_b69c_00aa00341d07@@3U__s_GUID@@BPAUIConnectionPoint@@V?$_CopyInterface@UIConnectionPoint@@@ATL@@VCComSingleThreadModel@6@@ATL@@@ATL@@UAE@XZ 10004017 f i ElectronicJournal.obj
 0001:0000303a       ??1?$CComObject@V?$CComEnum@UIEnumConnections@@$1?_GUID_b196b287_bab4_101a_b69c_00aa00341d07@@3U__s_GUID@@BUtagCONNECTDATA@@V?$_Copy@UtagCONNECTDATA@@@ATL@@VCComSingleThreadModel@6@@ATL@@@ATL@@UAE@XZ 1000403a f i ElectronicJournal.obj
 0001:0000305d       ??1?$CComObject@VCOPOSElectronicJournal@@@ATL@@UAE@XZ 1000405d f i ElectronicJournal.obj
 0001:0000311b       ??1?$CComObjectCached@VCComClassFactory@ATL@@@ATL@@UAE@XZ 1000411b f i ElectronicJournal.obj
 0001:00003131       ??1?$CComObjectRootEx@VCComMultiThreadModel@ATL@@@ATL@@QAE@XZ 10004131 f i ElectronicJournal.obj
 0001:00003146       ??1CRegObject@ATL@@UAE@XZ  10004146 f i ElectronicJournal.obj
 0001:00003166       ??4?$CComPtr@UIOleClientSite@@@ATL@@QAEPAUIOleClientSite@@PAU2@@Z 10004166 f i ElectronicJournal.obj
 0001:00003166       ??4?$CComPtr@UIAdviseSink@@@ATL@@QAEPAUIAdviseSink@@PAU2@@Z 10004166 f i ElectronicJournal.obj
 0001:00003166       ??4?$CComPtr@UIUnknown@@@ATL@@QAEPAUIUnknown@@PAU2@@Z 10004166 f i ElectronicJournal.obj
 0001:0000319a       ??_G?$CComContainedObject@VCOPOSElectronicJournal@@@ATL@@UAEPAXI@Z 1000419a f i ElectronicJournal.obj
 0001:0000319a       ??_E?$CComContainedObject@VCOPOSElectronicJournal@@@ATL@@UAEPAXI@Z 1000419a f i ElectronicJournal.obj
 0001:000031bf       ??_G?$CComObject@VCOPOSElectronicJournal@@@ATL@@UAEPAXI@Z 100041bf f i ElectronicJournal.obj
 0001:000031bf       ??_E?$CComObject@VCOPOSElectronicJournal@@@ATL@@UAEPAXI@Z 100041bf f i ElectronicJournal.obj
 0001:000031e4       ?Add@?$CSimpleArray@GV?$CSimpleArrayEqualHelper@G@ATL@@@ATL@@QAEHABG@Z 100041e4 f i ElectronicJournal.obj
 0001:00003268       ?Add@?$CSimpleMap@PA_WPA_WVCExpansionVectorEqualHelper@ATL@@@ATL@@QAEHABQA_W0@Z 10004268 f i ElectronicJournal.obj
 0001:000032bd       ?Add@CComDynamicUnkArray@ATL@@QAEKPAUIUnknown@@@Z 100042bd f i ElectronicJournal.obj
 0001:00003373       ?Add@CExpansionVector@ATL@@QAEHPB_W0@Z 10004373 f i ElectronicJournal.obj
 0001:0000347c       ?AddString@CParseBuffer@CRegParser@ATL@@QAEHPB_W@Z 1000447c f i ElectronicJournal.obj
 0001:000034b1       ?AddTermFunc@CAtlModule@ATL@@QAEJP6GXK@ZK@Z 100044b1 f i ElectronicJournal.obj
 0001:00003514       ?AddValue@CRegParser@ATL@@IAEJAAVCRegKey@2@PB_WPA_W@Z 10004514 f i ElectronicJournal.obj
 0001:0000382e       ?Allocate@?$CAtlSafeAllocBufferManager@VCCRTAllocator@ATL@@@_ATL_SAFE_ALLOCA_IMPL@ATL@@QAEPAXK@Z 1000482e f i ElectronicJournal.obj
 0001:0000385b       ?Allocate@?$CTempBuffer@E$0BAA@VCCRTAllocator@ATL@@@ATL@@QAEPAEI@Z 1000485b f i ElectronicJournal.obj
 0001:0000388a       ?Allocate@?$CTempBuffer@_W$0BAA@VCCRTAllocator@ATL@@@ATL@@QAEPA_WI@Z 1000488a f i ElectronicJournal.obj
 0001:000038b9       ?Allocate@?$CTempBuffer@_W$0EAA@VCCRTAllocator@ATL@@@ATL@@QAEPA_WI@Z 100048b9 f i ElectronicJournal.obj
 0001:000038e8       ?AllocateHeap@?$CTempBuffer@_W$0BAA@VCCRTAllocator@ATL@@@ATL@@AAEXI@Z 100048e8 f i ElectronicJournal.obj
 0001:000038e8       ?AllocateHeap@?$CTempBuffer@E$0BAA@VCCRTAllocator@ATL@@@ATL@@AAEXI@Z 100048e8 f i ElectronicJournal.obj
 0001:000038e8       ?AllocateHeap@?$CTempBuffer@_W$0EAA@VCCRTAllocator@ATL@@@ATL@@AAEXI@Z 100048e8 f i ElectronicJournal.obj
 0001:0000390d       ?Append@CParseBuffer@CRegParser@ATL@@QAEHPB_WH@Z 1000490d f i ElectronicJournal.obj
 0001:0000399b       ?AtlCoTaskMemCAlloc@ATL@@YAPAXKK@Z 1000499b f i ElectronicJournal.obj
 0001:000039c8       ?AtlCoTaskMemRecalloc@ATL@@YAPAXPAXKK@Z 100049c8 f i ElectronicJournal.obj
 0001:000039f8       ?AtlComModuleGetClassObject@ATL@@YGJPAU_ATL_COM_MODULE70@1@ABU_GUID@@1PAPAX@Z 100049f8 f i ElectronicJournal.obj
 0001:00003aeb       ?AtlComModuleRegisterServer@ATL@@YGJPAU_ATL_COM_MODULE70@1@HPBU_GUID@@@Z 10004aeb f i ElectronicJournal.obj
 0001:00003b73       ?AtlComModuleUnregisterServer@ATL@@YGJPAU_ATL_COM_MODULE70@1@HPBU_GUID@@@Z 10004b73 f i ElectronicJournal.obj
 0001:00003bfb       ?AtlComQIPtrAssign2@ATL@@YAXPAPAUIUnknown@@PAU2@ABU_GUID@@@Z 10004bfb f i ElectronicJournal.obj
 0001:00003c2a       ?AtlCreateTargetDC@ATL@@YGPAUHDC__@@PAU2@PAUtagDVTARGETDEVICE@@@Z 10004c2a f i ElectronicJournal.obj
 0001:00003c93       ?AtlCrtErrorCheck@ATL@@YAHH@Z 10004c93 f i ElectronicJournal.obj
 0001:00003cce       ?AtlHiMetricToPixel@ATL@@YGXPBUtagSIZE@@PAU2@@Z 10004cce f i ElectronicJournal.obj
 0001:00003d43       ?AtlHresultFromLastError@ATL@@YAJXZ 10004d43 f i ElectronicJournal.obj
 0001:00003d5a       ?AtlHresultFromWin32@ATL@@YAJK@Z 10004d5a f i ElectronicJournal.obj
 0001:00003d6f       ?AtlInternalOleLoadFromStream@ATL@@YAJPAUIStream@@ABU_GUID@@PAPAXTClassesAllowedInStream@1@K@Z 10004d6f f i ElectronicJournal.obj
 0001:00003e8d       ?AtlInternalQueryInterface@ATL@@YGJPAXPBU_ATL_INTMAP_ENTRY@1@ABU_GUID@@PAPAX@Z 10004e8d f i ElectronicJournal.obj
 0001:00003f30       ?AtlLoadTypeLib@ATL@@YGJPAUHINSTANCE__@@PB_WPAPA_WPAPAUITypeLib@@@Z 10004f30 f i ElectronicJournal.obj
 0001:0000410e       ?AtlRegisterClassCategoriesHelper@ATL@@YGJABU_GUID@@PBU_ATL_CATMAP_ENTRY@1@H@Z 1000510e f i ElectronicJournal.obj
 0001:0000440a       ?AtlRegisterTypeLib@ATL@@YGJPAUHINSTANCE__@@PB_W@Z 1000540a f i ElectronicJournal.obj
 0001:00004592       ?AtlThrowImpl@ATL@@YGXJ@Z  10005592 f i ElectronicJournal.obj
 0001:000045b0       ?AtlUnRegisterTypeLib@ATL@@YGJPAUHINSTANCE__@@PB_W@Z 100055b0 f i ElectronicJournal.obj
 0001:0000465b       ?AtlWinModuleAddCreateWndData@ATL@@YGXPAU_ATL_WIN_MODULE70@1@PAU_AtlCreateWndData@1@PAX@Z 1000565b f i ElectronicJournal.obj
 0001:000046af       ?AtlWinModuleExtractCreateWndData@ATL@@YGPAXPAU_ATL_WIN_MODULE70@1@@Z 100056af f i ElectronicJournal.obj
 0001:00004712       ?AtlWinModuleRegisterClassExW@ATL@@YGGPAU_ATL_WIN_MODULE70@1@PBUtagWNDCLASSEXW@@@Z 10005712 f i ElectronicJournal.obj
 0001:00004751       ?CanForceRemoveKey@CRegParser@ATL@@IAEHPB_W@Z 10005751 f i ElectronicJournal.obj
 0001:00004780       ?ChToByte@CRegParser@ATL@@KAE_W@Z 10005780 f i ElectronicJournal.obj
 0001:000047b3       ?Cleanup@CComTypeInfoHolder@ATL@@SGXK@Z 100057b3 f i ElectronicJournal.obj
 0001:000047e6       ?ClearReplacements@CExpansionVector@ATL@@QAEJXZ 100057e6 f i ElectronicJournal.obj
 0001:00004823       ?Close@CRegKey@ATL@@QAEJXZ 10005823 f i ElectronicJournal.obj
 0001:0000483d       ?CreateInstance@?$CComCreator@V?$CComAggObject@VCOPOSElectronicJournal@@@ATL@@@ATL@@SGJPAXABU_GUID@@PAPAX@Z 1000583d f i ElectronicJournal.obj
 0001:000048b2       ?CreateInstance@?$CComCreator@V?$CComObject@VCOPOSElectronicJournal@@@ATL@@@ATL@@SGJPAXABU_GUID@@PAPAX@Z 100058b2 f i ElectronicJournal.obj
 0001:00004932       ?CreateInstance@?$CComObject@V?$CComEnum@UIEnumConnectionPoints@@$1?_GUID_b196b285_bab4_101a_b69c_00aa00341d07@@3U__s_GUID@@BPAUIConnectionPoint@@V?$_CopyInterface@UIConnectionPoint@@@ATL@@VCComSingleThreadModel@6@@ATL@@@ATL@@SGJPAPAV12@@Z 10005932 f i ElectronicJournal.obj
 0001:0000497c       ?CreateInstance@?$CComObject@V?$CComEnum@UIEnumConnections@@$1?_GUID_b196b287_bab4_101a_b69c_00aa00341d07@@3U__s_GUID@@BUtagCONNECTDATA@@V?$_Copy@UtagCONNECTDATA@@@ATL@@VCComSingleThreadModel@6@@ATL@@@ATL@@SGJPAPAV12@@Z 1000597c f i ElectronicJournal.obj
 0001:000049c6       ?DefaultReflectionHandler@?$CWindowImplRoot@VCWindow@ATL@@@ATL@@SAHPAUHWND__@@IIJAAJ@Z 100059c6 f i ElectronicJournal.obj
 0001:00004a39       ?DeleteSubKey@CRegKey@ATL@@QAEJPB_W@Z 10005a39 f i ElectronicJournal.obj
 0001:00004ab2       ?DoEvent@COPOSElectronicJournal@@IAEXIIJ@Z 10005ab2 f i ElectronicJournal.obj
 0001:00004b32       ?DoVerbHide@?$IOleObjectImpl@VCOPOSElectronicJournal@@@ATL@@QAEJPBUtagRECT@@PAUHWND__@@@Z 10005b32 f i ElectronicJournal.obj
 0001:00004b68       ?DoVerbInPlaceActivate@?$IOleObjectImpl@VCOPOSElectronicJournal@@@ATL@@QAEJPBUtagRECT@@PAUHWND__@@@Z 10005b68 f i ElectronicJournal.obj
 0001:00004b9b       ?DoVerbPrimary@?$IOleObjectImpl@VCOPOSElectronicJournal@@@ATL@@QAEJPBUtagRECT@@PAUHWND__@@@Z 10005b9b f i ElectronicJournal.obj
 0001:00004c27       ?DoVerbProperties@CComControlBase@ATL@@QAEJPBUtagRECT@@PAUHWND__@@@Z 10005c27 f i ElectronicJournal.obj
 0001:00004da6       ?DoVerbUIActivate@?$IOleObjectImpl@VCOPOSElectronicJournal@@@ATL@@QAEJPBUtagRECT@@PAUHWND__@@@Z 10005da6 f i ElectronicJournal.obj
 0001:00004de3       ?DoesVerbActivate@CComControlBase@ATL@@QAEHJ@Z 10005de3 f i ElectronicJournal.obj
 0001:00004e04       ?DoesVerbUIActivate@CComControlBase@ATL@@QAEHJ@Z 10005e04 f i ElectronicJournal.obj
 0001:00004e39       ?EndOfVar@CRegParser@ATL@@IAEHXZ 10005e39 f i ElectronicJournal.obj
 0001:00004e59       ?EscapeSingleQuote@CAtlModule@ATL@@SAXPA_WIPB_W@Z 10005e59 f i ElectronicJournal.obj
 0001:00004ea8       ?FindKey@?$CSimpleMap@PA_WPA_WVCExpansionVectorEqualHelper@ATL@@@ATL@@QBEHABQA_W@Z 10005ea8 f i ElectronicJournal.obj
 0001:00004edf       ?FireTheEvent@?$CProxy_IOPOSEvents@VCOPOSElectronicJournal@@@@IAEXPAVOposVariant@@IAAJPB_WJ@Z 10005edf f i ElectronicJournal.obj
 0001:00004f71       ?FireViewChange@CComControlBase@ATL@@QAEJXZ 10005f71 f i ElectronicJournal.obj
 0001:00004fba       ?Fire_DataEvent@?$CProxy_IOPOSEvents@VCOPOSElectronicJournal@@@@QAEXJ@Z 10005fba f i ElectronicJournal.obj
 0001:00005050       ?Fire_DirectIOEvent@?$CProxy_IOPOSEvents@VCOPOSElectronicJournal@@@@QAEXJPAJPAPA_W@Z 10006050 f i ElectronicJournal.obj
 0001:0000513c       ?Fire_ErrorEvent@?$CProxy_IOPOSEvents@VCOPOSElectronicJournal@@@@QAEXJJJPAJ@Z 1000613c f i ElectronicJournal.obj
 0001:0000522d       ?Fire_OutputCompleteEvent@?$CProxy_IOPOSEvents@VCOPOSElectronicJournal@@@@QAEXJ@Z 1000622d f i ElectronicJournal.obj
 0001:000052c3       ?Fire_StatusUpdateEvent@?$CProxy_IOPOSEvents@VCOPOSElectronicJournal@@@@QAEXJ@Z 100062c3 f i ElectronicJournal.obj
 0001:00005359       ?FreeHeap@?$CTempBuffer@_W$0EAA@VCCRTAllocator@ATL@@@ATL@@AAEXXZ 10006359 f i ElectronicJournal.obj
 0001:00005359       ?FreeHeap@?$CTempBuffer@_W$0BAA@VCCRTAllocator@ATL@@@ATL@@AAEXXZ 10006359 f i ElectronicJournal.obj
 0001:00005359       ?FreeHeap@?$CTempBuffer@E$0BAA@VCCRTAllocator@ATL@@@ATL@@AAEXXZ 10006359 f i ElectronicJournal.obj
 0001:00005362       ?GetAmbientLocaleID@CComControlBase@ATL@@QAEJAAK@Z 10006362 f i ElectronicJournal.obj
 0001:000053be       ?GetAmbientUserMode@CComControlBase@ATL@@QAEJAAH@Z 100063be f i ElectronicJournal.obj
 0001:0000542e       ?GetAt@CComDynamicUnkArray@ATL@@QAEPAUIUnknown@@H@Z 1000642e f i ElectronicJournal.obj
 0001:0000544a       ?GetClassObject@CComModule@ATL@@QAEJABU_GUID@@0PAPAX@Z 1000644a f i ElectronicJournal.obj
 0001:000054ec       ?GetConnMap@COPOSElectronicJournal@@SAPBU_ATL_CONNMAP_ENTRY@ATL@@PAH@Z 100064ec f i ElectronicJournal.obj
 0001:0000555c       ?GetCookie@CComDynamicUnkArray@ATL@@QAGKPAPAUIUnknown@@@Z 1000655c f i ElectronicJournal.obj
 0001:00005594       ?GetIDsOfNames@CComTypeInfoHolder@ATL@@QAEJABU_GUID@@PAPA_WIKPAJ@Z 10006594 f i ElectronicJournal.obj
 0001:000056bb       ?GetKeyAt@?$CSimpleMap@PA_WPA_WVCExpansionVectorEqualHelper@ATL@@@ATL@@QBEAAPA_WH@Z 100066bb f i ElectronicJournal.obj
 0001:000056e0       ?GetPagesHelper@?$ISpecifyPropertyPagesImpl@VCOPOSElectronicJournal@@@ATL@@IAEJPAUtagCAUUID@@PBUATL_PROPMAP_ENTRY@2@@Z 100066e0 f i ElectronicJournal.obj
 0001:00005807       ?GetProperty@?$CComPtr@UIDispatch@@@ATL@@SAJPAUIDispatch@@JPAUtagVARIANT@@@Z 10006807 f i ElectronicJournal.obj
 0001:00005856       ?GetSizeMax@CComVariant@ATL@@QBEJPAT_ULARGE_INTEGER@@@Z 10006856 f i ElectronicJournal.obj
 0001:00005a18       ?GetTI@CComTypeInfoHolder@ATL@@QAEJK@Z 10006a18 f i ElectronicJournal.obj
 0001:00005bf7       ?GetTI@CComTypeInfoHolder@ATL@@QAEJKPAPAUITypeInfo@@@Z 10006bf7 f i ElectronicJournal.obj
 0001:00005c39       ?GetUnknown@CComDynamicUnkArray@ATL@@QAGPAUIUnknown@@K@Z 10006c39 f i ElectronicJournal.obj
 0001:00005c5a       ?GetValueAt@?$CSimpleMap@PA_WPA_WVCExpansionVectorEqualHelper@ATL@@@ATL@@QBEAAPA_WH@Z 10006c5a f i ElectronicJournal.obj
 0001:00005c80       ?GetZoomInfo@CComControlBase@ATL@@QAEXAAUATL_DRAWINFO@@@Z 10006c80 f i ElectronicJournal.obj
 0001:00005d13       ?HKeyFromString@CRegParser@ATL@@KAPAUHKEY__@@PA_W@Z 10006d13 f i ElectronicJournal.obj
 0001:00005d41       ?HasSubKeys@CRegParser@ATL@@IAEHPAUHKEY__@@@Z 10006d41 f i ElectronicJournal.obj
 0001:00005d76       ?IDataObject_GetData@CComControlBase@ATL@@QAEJPAUtagFORMATETC@@PAUtagSTGMEDIUM@@@Z 10006d76 f i ElectronicJournal.obj
 0001:00005f1c       ?IOleInPlaceObject_InPlaceDeactivate@CComControlBase@ATL@@QAEJXZ 10006f1c f i ElectronicJournal.obj
 0001:00005fa3       ?IOleInPlaceObject_SetObjectRects@CComControlBase@ATL@@QAEJPBUtagRECT@@0@Z 10006fa3 f i ElectronicJournal.obj
 0001:00006070       ?IOleInPlaceObject_UIDeactivate@CComControlBase@ATL@@QAEJXZ 10007070 f i ElectronicJournal.obj
 0001:00006132       ?IOleObject_Advise@CComControlBase@ATL@@QAEJPAUIAdviseSink@@PAK@Z 10007132 f i ElectronicJournal.obj
 0001:0000615c       ?IOleObject_Close@CComControlBase@ATL@@QAEJK@Z 1000715c f i ElectronicJournal.obj
 0001:00006240       ?IOleObject_GetClientSite@CComControlBase@ATL@@QAEJPAPAUIOleClientSite@@@Z 10007240 f i ElectronicJournal.obj
 0001:00006269       ?IOleObject_SetClientSite@CComControlBase@ATL@@QAEJPAUIOleClientSite@@@Z 10007269 f i ElectronicJournal.obj
 0001:000062a8       ?IOleObject_SetExtent@CComControlBase@ATL@@QAEJKPAUtagSIZE@@@Z 100072a8 f i ElectronicJournal.obj
 0001:0000635c       ?IPSI_GetIPersistStreamInit@?$IPersistStorageImpl@VCOPOSElectronicJournal@@@ATL@@AAEPAUIPersistStreamInit@@XZ 1000735c f i ElectronicJournal.obj
 0001:00006404       ?IPersistStreamInit_Load@?$IPersistStreamInitImpl@VCOPOSElectronicJournal@@@ATL@@QAEJPAUIStream@@PBUATL_PROPMAP_ENTRY@2@@Z 10007404 f i ElectronicJournal.obj
 0001:00006679       ?IPersistStreamInit_Save@?$IPersistStreamInitImpl@VCOPOSElectronicJournal@@@ATL@@QAEJPAUIStream@@HPBUATL_PROPMAP_ENTRY@2@@Z 10007679 f i ElectronicJournal.obj
 0001:00006867       ?IQuickActivate_QuickActivate@CComControlBase@ATL@@QAEJPAUtagQACONTAINER@@PAUtagQACONTROL@@@Z 10007867 f i ElectronicJournal.obj
 0001:00006aa9       ?IViewObject_Draw@CComControlBase@ATL@@QAEJKJPAXPAUtagDVTARGETDEVICE@@PAUHDC__@@2PBU_RECTL@@3@Z 10007aa9 f i ElectronicJournal.obj
 0001:00006b51       ?InPlaceActivate@CComControlBase@ATL@@QAEJJPBUtagRECT@@@Z 10007b51 f i ElectronicJournal.obj
 0001:00006dc2       ?Init@?$CComEnumImpl@UIEnumConnectionPoints@@$1?_GUID_b196b285_bab4_101a_b69c_00aa00341d07@@3U__s_GUID@@BPAUIConnectionPoint@@V?$_CopyInterface@UIConnectionPoint@@@ATL@@@ATL@@QAEJPAPAUIConnectionPoint@@0PAUIUnknown@@W4CComEnumFlags@2@@Z 10007dc2 f i ElectronicJournal.obj
 0001:00006ea1       ?Init@?$CComEnumImpl@UIEnumConnections@@$1?_GUID_b196b287_bab4_101a_b69c_00aa00341d07@@3U__s_GUID@@BUtagCONNECTDATA@@V?$_Copy@UtagCONNECTDATA@@@ATL@@@ATL@@QAEJPAUtagCONNECTDATA@@0PAUIUnknown@@W4CComEnumFlags@2@@Z 10007ea1 f i ElectronicJournal.obj
 0001:00006f80       ?Init@CComModule@ATL@@QAEJPAU_ATL_OBJMAP_ENTRY30@2@PAUHINSTANCE__@@PBU_GUID@@@Z 10007f80 f i ElectronicJournal.obj
 0001:00006fdf       ?Init@CDynamicStdCallThunk2@ATL@@QAEHKPAX@Z 10007fdf f i ElectronicJournal.obj
 0001:0000700a       ?InlineIsEqualUnknown@ATL@@YGHABU_GUID@@@Z 1000800a f i ElectronicJournal.obj
 0001:00007032       ?InternalSetAtIndex@?$CSimpleMap@PA_WPA_WVCExpansionVectorEqualHelper@ATL@@@ATL@@QAEXHABQA_W0@Z 10008032 f i ElectronicJournal.obj
 0001:0000705c       ?Invoke@CComTypeInfoHolder@ATL@@QAEJPAUIDispatch@@JABU_GUID@@KGPAUtagDISPPARAMS@@PAUtagVARIANT@@PAUtagEXCEPINFO@@PAI@Z 1000805c f i ElectronicJournal.obj
 0001:0000709f       ?IsEqualObject@?$CComPtrBase@UIOleClientSite@@@ATL@@QAE_NPAUIUnknown@@@Z 1000809f f i ElectronicJournal.obj
 0001:0000709f       ?IsEqualObject@?$CComPtrBase@UITypeInfo@@@ATL@@QAE_NPAUIUnknown@@@Z 1000809f f i ElectronicJournal.obj
 0001:0000710c       ?IsSpace@CRegParser@ATL@@IAEH_W@Z 1000810c f i ElectronicJournal.obj
 0001:00007136       ?LoadNameCache@CComTypeInfoHolder@ATL@@QAEJPAUITypeInfo@@@Z 10008136 f i ElectronicJournal.obj
 0001:0000726b       ?Lookup@?$CSimpleMap@PA_WPA_WVCExpansionVectorEqualHelper@ATL@@@ATL@@QBEPA_WABQA_W@Z 1000826b f i ElectronicJournal.obj
 0001:00007291       ?NextToken@CRegParser@ATL@@IAEJPA_W@Z 10008291 f i ElectronicJournal.obj
 0001:000073c9       ?OnKillFocus@CComControlBase@ATL@@QAEJIIJAAH@Z 100083c9 f i ElectronicJournal.obj
 0001:00007424       ?OnMouseActivate@CComControlBase@ATL@@QAEJIIJAAH@Z 10008424 f i ElectronicJournal.obj
 0001:00007492       ?OnPaint@CComControlBase@ATL@@QAEJIIJAAH@Z 10008492 f i ElectronicJournal.obj
 0001:00007544       ?OnSetFocus@CComControlBase@ATL@@QAEJIIJAAH@Z 10008544 f i ElectronicJournal.obj
 0001:000075cd       ?Open@CRegKey@ATL@@QAEJPAUHKEY__@@PB_WK@Z 100085cd f i ElectronicJournal.obj
 0001:00007622       ?PreProcessBuffer@CRegParser@ATL@@QAEJPA_WPAPA_W@Z 10008622 f i ElectronicJournal.obj
 0001:00007891       ?ProcessWindowMessage@?$CComControl@VCOPOSElectronicJournal@@V?$CWindowImpl@VCOPOSElectronicJournal@@VCWindow@ATL@@V?$CWinTraits@$0FGAAAAAA@$0A@@3@@ATL@@@ATL@@UAEHPAUHWND__@@IIJAAJK@Z 10008891 f i ElectronicJournal.obj
 0001:00007930       ?ReadFromStream@CComBSTR@ATL@@QAEJPAUIStream@@@Z 10008930 f i ElectronicJournal.obj
 0001:00007a53       ?ReadFromStream@CComVariant@ATL@@QAEJPAUIStream@@GTClassesAllowedInStream@2@K@Z 10008a53 f i ElectronicJournal.obj
 0001:00007bdd       ?RecurseDeleteKey@CRegKey@ATL@@QAEJPB_W@Z 10008bdd f i ElectronicJournal.obj
 0001:00007ccb       ?RegCreateKeyExW@CAtlTransactionManager@ATL@@QAEJPAUHKEY__@@PB_WKPA_WKKQAU_SECURITY_ATTRIBUTES@@PAPAU3@PAK@Z 10008ccb f i ElectronicJournal.obj
 0001:00007d2e       ?RegDeleteKeyW@CAtlTransactionManager@ATL@@QAEJPAUHKEY__@@PB_W@Z 10008d2e f i ElectronicJournal.obj
 0001:00007d80       ?RegOpenKeyExW@CAtlTransactionManager@ATL@@QAEJPAUHKEY__@@PB_WKKPAPAU3@@Z 10008d80 f i ElectronicJournal.obj
 0001:00007dd7       ?Register@_ATL_WNDCLASSINFOW@ATL@@QAEGPAP6GJPAUHWND__@@IIJ@Z@Z 10008dd7 f i ElectronicJournal.obj
 0001:00007df7       ?RegisterBuffer@CRegParser@ATL@@QAEJPA_WH@Z 10008df7 f i ElectronicJournal.obj
 0001:00007f3e       ?RegisterFromResource@CRegObject@ATL@@IAEJPB_W00H@Z 10008f3e f i ElectronicJournal.obj
 0001:00008074       ?RegisterServer@?$CAtlModuleT@VCComModule@ATL@@@ATL@@QAEJHPBU_GUID@@@Z 10009074 f i ElectronicJournal.obj
 0001:000080a2       ?RegisterServer@CComModule@ATL@@QAEJHPBU_GUID@@@Z 100090a2 f i ElectronicJournal.obj
 0001:00008118       ?RegisterSubkeys@CRegParser@ATL@@IAEJPA_WPAUHKEY__@@HH@Z 10009118 f i ElectronicJournal.obj
 0001:000087c5       ?Remove@CComDynamicUnkArray@ATL@@QAEHK@Z 100097c5 f i ElectronicJournal.obj
 0001:000087ee       ?RemoveAll@?$CSimpleMap@PA_WPA_WVCExpansionVectorEqualHelper@ATL@@@ATL@@QAEXXZ 100097ee f i ElectronicJournal.obj
 0001:0000881a       ?ResourceRegisterSz@CRegObject@ATL@@QAGJPB_W00@Z 1000981a f i ElectronicJournal.obj
 0001:00008847       ?ResourceUnregisterSz@CRegObject@ATL@@QAGJPB_W00@Z 10009847 f i ElectronicJournal.obj
 0001:00008874       ?SendOnDataChange@CComControlBase@ATL@@QAEJK@Z 10009874 f i ElectronicJournal.obj
 0001:000088c1       ?SetControlFocus@CComControlBase@ATL@@QAEHH@Z 100098c1 f i ElectronicJournal.obj
 0001:0000895e       ?SetMultiStringValue@CRegKey@ATL@@QAEJPB_W0@Z 1000995e f i ElectronicJournal.obj
 0001:000089ba       ?SetStringValue@CRegKey@ATL@@QAEJPB_W0K@Z 100099ba f i ElectronicJournal.obj
 0001:00008a03       ?SkipAssignment@CRegParser@ATL@@IAEJPA_W@Z 10009a03 f i ElectronicJournal.obj
 0001:00008a68       ?SkipWhiteSpace@CRegParser@ATL@@IAEXXZ 10009a68 f i ElectronicJournal.obj
 0001:00008a8a       ?StrChrW@CRegParser@ATL@@KAPA_WPA_W_W@Z 10009a8a f i ElectronicJournal.obj
 0001:00008ac7       ?Term@CAtlModule@ATL@@QAEXXZ 10009ac7 f i ElectronicJournal.obj
 0001:00008b1a       ?Term@CComModule@ATL@@QAEXXZ 10009b1a f i ElectronicJournal.obj
 0001:00008b72       ?UnregisterServer@?$CAtlModuleT@VCComModule@ATL@@@ATL@@QAEJHPBU_GUID@@@Z 10009b72 f i ElectronicJournal.obj
 0001:00008b98       ?UnregisterServer@CComModule@ATL@@QAEJHPBU_GUID@@@Z 10009b98 f i ElectronicJournal.obj
 0001:00008c0e       ?UpdateRegistryFromResource@CAtlModule@ATL@@QAGJIHPAU_ATL_REGMAP_ENTRY@2@@Z 10009c0e f i ElectronicJournal.obj
 0001:00008dd9       ?UpdateRegistryFromResource@CAtlModule@ATL@@QAGJPB_WHPAU_ATL_REGMAP_ENTRY@2@@Z 10009dd9 f i ElectronicJournal.obj
 0001:00008faa       ?VTFromRegType@CRegParser@ATL@@KAHPB_WAAG@Z 10009faa f i ElectronicJournal.obj
 0001:00009017       ?WindowProc@?$CWindowImplBaseT@VCWindow@ATL@@V?$CWinTraits@$0FGAAAAAA@$0A@@2@@ATL@@SGJPAUHWND__@@IIJ@Z 1000a017 f i ElectronicJournal.obj
 0001:00009109       ?WriteToStream@CComBSTR@ATL@@QAEJPAUIStream@@@Z 1000a109 f i ElectronicJournal.obj
 0001:0000916b       ?WriteToStream@CComVariant@ATL@@QAEJPAUIStream@@@Z 1000a16b f i ElectronicJournal.obj
 0001:000092e5       ?WriteToStream@CComVariant@ATL@@QAEJPAUIStream@@G@Z 1000a2e5 f i ElectronicJournal.obj
 0001:0000934e       ?_AtlInitialConstruct@?$CComObjectRootEx@VCComMultiThreadModel@ATL@@@ATL@@QAEJXZ 1000a34e f i ElectronicJournal.obj
 0001:00009363       ?_AtlVerifyStackAvailable@_ATL_SAFE_ALLOCA_IMPL@ATL@@YA_NK@Z 1000a363 f i ElectronicJournal.obj
 0001:000093e1       ?atlCreate@?$CWindowImpl@VCOPOSElectronicJournal@@VCWindow@ATL@@V?$CWinTraits@$0FGAAAAAA@$0A@@3@@ATL@@QAEPAUHWND__@@PAU3@V_U_RECT@2@PB_WKKV_U_MENUorID@2@PAX@Z 1000a3e1 f i ElectronicJournal.obj
 0001:00009425       ?atlCreate@?$CWindowImplBaseT@VCWindow@ATL@@V?$CWinTraits@$0FGAAAAAA@$0A@@2@@ATL@@QAEPAUHWND__@@PAU3@V_U_RECT@2@PB_WKKV_U_MENUorID@2@GPAX@Z 1000a425 f i ElectronicJournal.obj
 0001:000094c1       ?copy@?$_Copy@UtagCONNECTDATA@@@ATL@@SAJPAUtagCONNECTDATA@@PBU3@@Z 1000a4c1 f i ElectronicJournal.obj
 0001:000094f7       ?copy@?$_CopyInterface@UIConnectionPoint@@@ATL@@SAJPAPAUIConnectionPoint@@PBQAU3@@Z 1000a4f7 f i ElectronicJournal.obj
 0001:00009525       ?memcpy_s@Checked@ATL@@YAXPAXIPBXI@Z 1000a525 f i ElectronicJournal.obj
 0001:00009544       ?ocscpy_s@@YA_NPA_WIPB_W@Z 1000a544 f i ElectronicJournal.obj
 0001:0000958e       ?wcscpy_s@Checked@ATL@@YAXPA_WIPB_W@Z 1000a58e f i ElectronicJournal.obj
 0001:000095aa       _DllCanUnloadNow@0         1000a5aa f   ElectronicJournal.obj
 0001:000095b6       _DllGetClassObject@12      1000a5b6 f   ElectronicJournal.obj
 0001:000095c4       _DllMain@12                1000a5c4 f   ElectronicJournal.obj
 0001:00009606       _DllRegisterServer@0       1000a606 f   ElectronicJournal.obj
 0001:00009615       _DllUnregisterServer@0     1000a615 f   ElectronicJournal.obj
 0001:00009624       _InlineIsEqualGUID         1000a624 f i ElectronicJournal.obj
 0001:00009654       ___local_stdio_printf_options 1000a654 f i ElectronicJournal.obj
 0001:0000965a       __vswprintf_s_l            1000a65a f i ElectronicJournal.obj
 0001:00009707       _swprintf_s                1000a707 f i ElectronicJournal.obj
 0001:00009723       ??0?$CComControl@VCOPOSElectronicJournal@@V?$CWindowImpl@VCOPOSElectronicJournal@@VCWindow@ATL@@V?$CWinTraits@$0FGAAAAAA@$0A@@3@@ATL@@@ATL@@QAE@XZ 1000a723 f i ElectronicJournalImpl.obj
 0001:0000974a       ??0?$CProxy_IOPOSEvents@VCOPOSElectronicJournal@@@@QAE@XZ 1000a74a f i ElectronicJournalImpl.obj
 0001:0000976d       ??0CComControlBase@ATL@@QAE@AAPAUHWND__@@@Z 1000a76d f i ElectronicJournalImpl.obj
 0001:000097b7       ??0COPOSElectronicJournal@@QAE@XZ 1000a7b7 f   ElectronicJournalImpl.obj
 0001:000097ed       ??1?$CComControl@VCOPOSElectronicJournal@@V?$CWindowImpl@VCOPOSElectronicJournal@@VCWindow@ATL@@V?$CWinTraits@$0FGAAAAAA@$0A@@3@@ATL@@@ATL@@UAE@XZ 1000a7ed f i ElectronicJournalImpl.obj
 0001:00009806       ??1?$IConnectionPointImpl@VCOPOSElectronicJournal@@$1?IID_IPropertyNotifySink@@3U_GUID@@BVCComDynamicUnkArray@ATL@@@ATL@@QAE@XZ 1000a806 f i ElectronicJournalImpl.obj
 0001:00009806       ??1?$IConnectionPointImpl@VCOPOSElectronicJournal@@$1?DIID__IOPOSElectronicJournalEvents@@3U_GUID@@BVCComDynamicUnkArray@ATL@@@ATL@@QAE@XZ 1000a806 f i ElectronicJournalImpl.obj
 0001:00009843       ??1CComControlBase@ATL@@UAE@XZ 1000a843 f i ElectronicJournalImpl.obj
 0001:000098a6       ??1COPOSElectronicJournal@@UAE@XZ 1000a8a6 f   ElectronicJournalImpl.obj
 0001:000098ee       ?AddMarker@COPOSElectronicJournal@@UAGJPA_WPAJ@Z 1000a8ee f   ElectronicJournalImpl.obj
 0001:00009945       ?CancelPrintContent@COPOSElectronicJournal@@UAGJPAJ@Z 1000a945 f   ElectronicJournalImpl.obj
 0001:00009960       ?CancelQueryContent@COPOSElectronicJournal@@UAGJPAJ@Z 1000a960 f   ElectronicJournalImpl.obj
 0001:0000997b       ?CheckHealth@COPOSElectronicJournal@@UAGJJPAJ@Z 1000a97b f   ElectronicJournalImpl.obj
 0001:000099ca       ?ClaimDevice@COPOSElectronicJournal@@UAGJJPAJ@Z 1000a9ca f   ElectronicJournalImpl.obj
 0001:00009a3f       ?ClearInput@COPOSElectronicJournal@@UAGJPAJ@Z 1000aa3f f   ElectronicJournalImpl.obj
 0001:00009a5a       ?ClearOutput@COPOSElectronicJournal@@UAGJPAJ@Z 1000aa5a f   ElectronicJournalImpl.obj
 0001:00009a75       ?Close@COPOSElectronicJournal@@UAGJPAJ@Z 1000aa75 f   ElectronicJournalImpl.obj
 0001:00009ae3       ?CompareFirmwareVersion@COPOSElectronicJournal@@UAGJPA_WPAJ1@Z 1000aae3 f   ElectronicJournalImpl.obj
 0001:00009b63       ?DirectIO@COPOSElectronicJournal@@UAGJJPAJPAPA_W0@Z 1000ab63 f   ElectronicJournalImpl.obj
 0001:00009c11       ?DoInvoke@COPOSElectronicJournal@@IAEJJPAVOposVariant@@IHPAJ_N@Z 1000ac11 f   ElectronicJournalImpl.obj
 0001:00009ced       ?EraseMedium@COPOSElectronicJournal@@UAGJPAJ@Z 1000aced f   ElectronicJournalImpl.obj
 0001:00009d08       ?EventClose@COPOSElectronicJournal@@IAEXXZ 1000ad08 f i ElectronicJournalImpl.obj
 0001:00009d3b       ?EventInit@COPOSElectronicJournal@@IAEJXZ 1000ad3b f i ElectronicJournalImpl.obj
 0001:00009e07       ?EventUninit@COPOSElectronicJournal@@IAEXXZ 1000ae07 f i ElectronicJournalImpl.obj
 0001:00009e59       ?EventWindowProc@COPOSElectronicJournal@@IAGJIIJ@Z 1000ae59 f i ElectronicJournalImpl.obj
 0001:00009f57       ?FinalConstruct@COPOSElectronicJournal@@QAEJXZ 1000af57 f   ElectronicJournalImpl.obj
 0001:00009f90       ?FireEventCleanup@COPOSElectronicJournal@@IAEXXZ 1000af90 f i ElectronicJournalImpl.obj
 0001:00009fa6       ?FireEventSetup@COPOSElectronicJournal@@IAE_NXZ 1000afa6 f i ElectronicJournalImpl.obj
 0001:00009fda       ?FreezeEvents@COPOSElectronicJournal@@MAGJH@Z 1000afda f   ElectronicJournalImpl.obj
 0001:0000a03a       ?GetOposProp@COPOSElectronicJournal@@IAEJJPAFJ@Z 1000b03a f   ElectronicJournalImpl.obj
 0001:0000a05d       ?GetOposProp@COPOSElectronicJournal@@IAEJJPAJJ@Z 1000b05d f   ElectronicJournalImpl.obj
 0001:0000a12c       ?GetOposProp@COPOSElectronicJournal@@IAEJJPAPA_WJ@Z 1000b12c f   ElectronicJournalImpl.obj
 0001:0000a208       ?InitializeMedium@COPOSElectronicJournal@@UAGJPA_WPAJ@Z 1000b208 f   ElectronicJournalImpl.obj
 0001:0000a25f       ?OnDraw@COPOSElectronicJournal@@MAEJAAUATL_DRAWINFO@@@Z 1000b25f f   ElectronicJournalImpl.obj
 0001:0000a2ff       ?Open@COPOSElectronicJournal@@UAGJPA_WPAJ@Z 1000b2ff f   ElectronicJournalImpl.obj
 0001:0000ab41       ?PrintContent@COPOSElectronicJournal@@UAGJPA_W0PAJ@Z 1000bb41 f   ElectronicJournalImpl.obj
 0001:0000abc1       ?PrintContentFile@COPOSElectronicJournal@@UAGJPA_WPAJ@Z 1000bbc1 f   ElectronicJournalImpl.obj
 0001:0000ac18       ?QueryContent@COPOSElectronicJournal@@UAGJPA_W00PAJ@Z 1000bc18 f   ElectronicJournalImpl.obj
 0001:0000acd0       ?ReleaseDevice@COPOSElectronicJournal@@UAGJPAJ@Z 1000bcd0 f   ElectronicJournalImpl.obj
 0001:0000ad1f       ?ResetStatistics@COPOSElectronicJournal@@UAGJPA_WPAJ@Z 1000bd1f f   ElectronicJournalImpl.obj
 0001:0000ad76       ?ResumePrintContent@COPOSElectronicJournal@@UAGJPAJ@Z 1000bd76 f   ElectronicJournalImpl.obj
 0001:0000ad91       ?ResumeQueryContent@COPOSElectronicJournal@@UAGJPAJ@Z 1000bd91 f   ElectronicJournalImpl.obj
 0001:0000adac       ?RetrieveCurrentMarker@COPOSElectronicJournal@@UAGJJPAPA_WPAJ@Z 1000bdac f   ElectronicJournalImpl.obj
 0001:0000ae28       ?RetrieveMarker@COPOSElectronicJournal@@UAGJJJJPAPA_WPAJ@Z 1000be28 f   ElectronicJournalImpl.obj
 0001:0000aed7       ?RetrieveMarkerByDateTime@COPOSElectronicJournal@@UAGJJPA_W0PAPA_WPAJ@Z 1000bed7 f   ElectronicJournalImpl.obj
 0001:0000af9a       ?RetrieveMarkersDateTime@COPOSElectronicJournal@@UAGJPA_WPAPA_WPAJ@Z 1000bf9a f   ElectronicJournalImpl.obj
 0001:0000b01a       ?RetrieveStatistics@COPOSElectronicJournal@@UAGJPAPA_WPAJ@Z 1000c01a f   ElectronicJournalImpl.obj
 0001:0000b071       ?SOProcessID@COPOSElectronicJournal@@UAGJPAJ@Z 1000c071 f   ElectronicJournalImpl.obj
 0001:0000b085       ?SetCOFreezeEvents@COPOSElectronicJournal@@IAEXF@Z 1000c085 f   ElectronicJournalImpl.obj
 0001:0000b125       ?SetOposProp@COPOSElectronicJournal@@IAEJJJJ@Z 1000c125 f   ElectronicJournalImpl.obj
 0001:0000b21c       ?SuspendPrintContent@COPOSElectronicJournal@@UAGJPAJ@Z 1000c21c f   ElectronicJournalImpl.obj
 0001:0000b237       ?SuspendQueryContent@COPOSElectronicJournal@@UAGJPAJ@Z 1000c237 f   ElectronicJournalImpl.obj
 0001:0000b252       ?UpdateFirmware@COPOSElectronicJournal@@UAGJPA_WPAJ@Z 1000c252 f   ElectronicJournalImpl.obj
 0001:0000b2a9       ?UpdateStatistics@COPOSElectronicJournal@@UAGJPA_WPAJ@Z 1000c2a9 f   ElectronicJournalImpl.obj
 0001:0000b300       ?get_AsyncMode@COPOSElectronicJournal@@UAGJPAF@Z 1000c300 f   ElectronicJournalImpl.obj
 0001:0000b319       ?get_AutoDisable@COPOSElectronicJournal@@UAGJPAF@Z 1000c319 f   ElectronicJournalImpl.obj
 0001:0000b32f       ?get_BinaryConversion@COPOSElectronicJournal@@UAGJPAJ@Z 1000c32f f   ElectronicJournalImpl.obj
 0001:0000b345       ?get_CapAddMarker@COPOSElectronicJournal@@UAGJPAF@Z 1000c345 f   ElectronicJournalImpl.obj
 0001:0000b35e       ?get_CapCompareFirmwareVersion@COPOSElectronicJournal@@UAGJPAF@Z 1000c35e f   ElectronicJournalImpl.obj
 0001:0000b377       ?get_CapErasableMedium@COPOSElectronicJournal@@UAGJPAF@Z 1000c377 f   ElectronicJournalImpl.obj
 0001:0000b390       ?get_CapInitializeMedium@COPOSElectronicJournal@@UAGJPAF@Z 1000c390 f   ElectronicJournalImpl.obj
[...]
 0002:00004048       ?LcidToLocaleNameTable@?A0x881e4c05@@3QBULcidToLocaleName@1@B 10024048     libucrt:lcidtoname_downlevel.obj
 0002:00005170       ?LocaleNameToIndexTable@?A0x881e4c05@@3QBULocaleNameIndex@1@B 10025170     libucrt:lcidtoname_downlevel.obj
 0002:00006ab0       LOG_name                   10026ab0     libucrt:log10_impl.obj
 0002:00006ac0       _One                       10026ac0     libucrt:ceil_pentium4.obj
 0002:00006ad0       _Bns                       10026ad0     libucrt:ceil_pentium4.obj
 0002:00006ae0       _Zero                      10026ae0     libucrt:ceil_pentium4.obj
 0002:00006af0       _S                         10026af0     libucrt:ceil_pentium4.obj
 0002:00006b00       _NegZero                   10026b00     libucrt:ceil_pentium4.obj
 0002:00006b10       emask                      10026b10     libucrt:log10_pentium4.obj
 0002:00006b20       CC                         10026b20     libucrt:log10_pentium4.obj
 0002:00006b30       Magic                      10026b30     libucrt:log10_pentium4.obj
 0002:00006b40       hi_mask                    10026b40     libucrt:log10_pentium4.obj
 0002:00006b50       LOG10_2                    10026b50     libucrt:log10_pentium4.obj
 0002:00006b60       place_L                    10026b60     libucrt:log10_pentium4.obj
 0002:00006b80       One                        10026b80     libucrt:log10_pentium4.obj
 0002:00006b90       Zero                       10026b90     libucrt:log10_pentium4.obj
 0002:00006ba0       Two52                      10026ba0     libucrt:log10_pentium4.obj
 0002:00006bb0       Infs                       10026bb0     libucrt:log10_pentium4.obj
 0002:00006bc0       NaN                        10026bc0     libucrt:log10_pentium4.obj
 0002:00006bd0       coeff                      10026bd0     libucrt:log10_pentium4.obj
 0002:00006c2e       _log2max                   10026c2e     libucrt:87tran.obj
 0002:00006c38       _smallarg                  10026c38     libucrt:87tran.obj
 0002:00006c42       _half                      10026c42     libucrt:87tran.obj
 0002:00006c8e       One                        10026c8e     libucrt:87disp.obj
 0002:00006c96       Three                      10026c96     libucrt:87disp.obj
 0002:00006c9e       XAMtoTagTab                10026c9e     libucrt:87disp.obj
 0002:00006cb0       One                        10026cb0     libucrt:common.obj
 0002:00006cc4       DblMax                     10026cc4     libucrt:common.obj
 0002:00006ccc       DblMin                     10026ccc     libucrt:common.obj
 0002:00006cd4       IeeeAdjO                   10026cd4     libucrt:common.obj
 0002:00006cdc       IeeeAdjU                   10026cdc     libucrt:common.obj
 0002:00006ce4       _infinity                  10026ce4     libucrt:common.obj
 0002:00006cec       _zero                      10026cec     libucrt:common.obj
 0002:00006d38       _over                      10026d38     libucrt:fpctrl.obj
 0002:00006d44       _under                     10026d44     libucrt:fpctrl.obj
 0002:00007578       ?_names@?1??_get_fname@@9@9 10027578     libucrt:fpexcept.obj
 0002:00007720       two32                      10027720     LIBCMT:ftol2.obj
 0002:00007724       two63                      10027724     LIBCMT:ftol2.obj
 0002:00007728       _NaN                       10027728     LIBCMT:ftol2.obj
 0002:00007de8       __sehtable$?_AtlVerifyStackAvailable@_ATL_SAFE_ALLOCA_IMPL@ATL@@YA_NK@Z 10027de8     ElectronicJournal.obj
 0002:00007e08       __sehtable$___scrt_is_nonwritable_in_current_image 10027e08     LIBCMT:utility.obj
 0002:00007e24       __catchsym$??2@YAPAXIABUnothrow_t@std@@@Z$2 10027e24     LIBCMT:new_scalar_nothrow.obj
 0002:00007e34       __unwindtable$??2@YAPAXIABUnothrow_t@std@@@Z 10027e34     LIBCMT:new_scalar_nothrow.obj
 0002:00007e44       __tryblocktable$??2@YAPAXIABUnothrow_t@std@@@Z 10027e44     LIBCMT:new_scalar_nothrow.obj
 0002:00007e58       __ehfuncinfo$??2@YAPAXIABUnothrow_t@std@@@Z 10027e58     LIBCMT:new_scalar_nothrow.obj
 0002:00007e80       __sehtable$?dllmain_crt_process_attach@@YAHQAUHINSTANCE__@@QAX@Z 10027e80     LIBCMT:dll_dllmain.obj
 0002:00007ea0       __sehtable$?dllmain_crt_process_detach@@YAH_N@Z 10027ea0     LIBCMT:dll_dllmain.obj
 0002:00007ec8       __sehtable$?dllmain_dispatch@@YAHQAUHINSTANCE__@@KQAX@Z 10027ec8     LIBCMT:dll_dllmain.obj
 0002:00007f78       __sehtable$___DestructExceptionObject 10027f78     libvcruntime:ehhelpers.obj
 0002:00007f98       __sehtable$?FrameUnwindToState@__FrameHandler3@@SAXPAUEHRegistrationNode@@PAXPBU_s_FuncInfo@@H@Z 10027f98     libvcruntime:frame.obj
 0002:00007fc0       __sehtable$?CallCatchBlock@@YAPAXPAUEHExceptionRecord@@PAUEHRegistrationNode@@PAU_CONTEXT@@PBU_s_FuncInfo@@PAXHK@Z 10027fc0     libvcruntime:frame.obj
 0002:00007fe8       __catchsym$?CallUnexpected@@YAXPBU_s_ESTypeList@@@Z$2 10027fe8     libvcruntime:frame.obj
 0002:00007ff8       __unwindtable$?CallUnexpected@@YAXPBU_s_ESTypeList@@@Z 10027ff8     libvcruntime:frame.obj
 0002:00008008       __tryblocktable$?CallUnexpected@@YAXPBU_s_ESTypeList@@@Z 10028008     libvcruntime:frame.obj
 0002:0000801c       __ehfuncinfo$?CallUnexpected@@YAXPBU_s_ESTypeList@@@Z 1002801c     libvcruntime:frame.obj
 0002:00008040       __sehtable$??$BuildCatchObjectHelperInternal@V__FrameHandler3@@@@YAHPAUEHExceptionRecord@@PAXPBU_s_HandlerType@@PBU_s_CatchableType@@@Z 10028040     libvcruntime:frame.obj
 0002:00008060       __sehtable$??$BuildCatchObjectInternal@V__FrameHandler3@@@@YAXPAUEHExceptionRecord@@PAXPBU_s_HandlerType@@PBU_s_CatchableType@@@Z 10028060     libvcruntime:frame.obj
 0002:000080b8       __sehtable$??R<lambda_6e4b09c48022b2350581041d5f6b0c4c>@@QBE@XZ 100280b8     libucrt:exit.obj
 0002:000080d8       __sehtable$??$?RV<lambda_03b1d95aef87969028cfba75ccab2455>@@AAV<lambda_6e4b09c48022b2350581041d5f6b0c4c>@@V<lambda_22bdf7517842c4b3e53723af5aa32b9e>@@@?$__crt_seh_guarded_call@X@@QAEX$$QAV<lambda_03b1d95aef87969028cfba75ccab2455>@@AAV<lambda_6e4b09c48022b2350581041d5f6b0c4c>@@$$QAV<lambda_22bdf7517842c4b3e53723af5aa32b9e>@@@Z 100280d8     libucrt:exit.obj
 0002:000080f8       __sehtable$??$?RV<lambda_8e746cf0007f6ed984d6f78af1fec997>@@AAV<lambda_22ebabd17bc4fa466a2aca6d8deb888d>@@V<lambda_18ed0c0b38a6dc0daf1e7ac6d6adf05e>@@@?$__crt_seh_guarded_call@H@@QAEH$$QAV<lambda_8e746cf0007f6ed984d6f78af1fec997>@@AAV<lambda_22ebabd17bc4fa466a2aca6d8deb888d>@@$$QAV<lambda_18ed0c0b38a6dc0daf1e7ac6d6adf05e>@@@Z 100280f8     libucrt:onexit.obj
 0002:00008118       __sehtable$??$?RV<lambda_69a2805e680e0e292e8ba93315fe43a8>@@AAV<lambda_f03950bc5685219e0bcd2087efbe011e>@@V<lambda_03fcd07e894ec930e3f35da366ca99d6>@@@?$__crt_seh_guarded_call@H@@QAEH$$QAV<lambda_69a2805e680e0e292e8ba93315fe43a8>@@AAV<lambda_f03950bc5685219e0bcd2087efbe011e>@@$$QAV<lambda_03fcd07e894ec930e3f35da366ca99d6>@@@Z 10028118     libucrt:onexit.obj
 0002:00008138       __sehtable$__query_new_handler 10028138     libucrt:new_handler.obj
 0002:00008158       __sehtable$_terminate      10028158     libucrt:terminate.obj
 0002:00008178       __sehtable$??$?RV<lambda_15ade71b0218206bbe3333a0c9b79046>@@AAV<lambda_da44e0f8b0f19ba52fefafb335991732>@@V<lambda_207f2d024fc103971653565357d6cd41>@@@?$__crt_seh_guarded_call@X@@QAEX$$QAV<lambda_15ade71b0218206bbe3333a0c9b79046>@@AAV<lambda_da44e0f8b0f19ba52fefafb335991732>@@$$QAV<lambda_207f2d024fc103971653565357d6cd41>@@@Z 10028178     libucrt:per_thread_data.obj
 0002:00008198       __sehtable$??$?RV<lambda_a7e850c220f1c8d1e6efeecdedd162c6>@@AAV<lambda_46720907175c18b6c9d2717bc0d2d362>@@V<lambda_9048902d66e8d99359bc9897bbb930a8>@@@?$__crt_seh_guarded_call@X@@QAEX$$QAV<lambda_a7e850c220f1c8d1e6efeecdedd162c6>@@AAV<lambda_46720907175c18b6c9d2717bc0d2d362>@@$$QAV<lambda_9048902d66e8d99359bc9897bbb930a8>@@@Z 10028198     libucrt:per_thread_data.obj
 0002:000081b8       __sehtable$??$?RV<lambda_38edbb1296d33220d7e4dd0ed76b244a>@@AAV<lambda_5ce1d447e08cb34b2473517608e21441>@@V<lambda_fb385d3da700c9147fc39e65dd577a8c>@@@?$__crt_seh_guarded_call@X@@QAEX$$QAV<lambda_38edbb1296d33220d7e4dd0ed76b244a>@@AAV<lambda_5ce1d447e08cb34b2473517608e21441>@@$$QAV<lambda_fb385d3da700c9147fc39e65dd577a8c>@@@Z 100281b8     libucrt:per_thread_data.obj
 0002:000081d8       __sehtable$??$?RV<lambda_6affb1475c98b40b75cdec977db92e3c>@@AAV<lambda_b8d4b9c228a6ecc3f80208dbb4b4a104>@@V<lambda_608742c3c92a14382c1684fc64f96c88>@@@?$__crt_seh_guarded_call@X@@QAEX$$QAV<lambda_6affb1475c98b40b75cdec977db92e3c>@@AAV<lambda_b8d4b9c228a6ecc3f80208dbb4b4a104>@@$$QAV<lambda_608742c3c92a14382c1684fc64f96c88>@@@Z 100281d8     libucrt:per_thread_data.obj
 0002:000081f8       __sehtable$??$?RV<lambda_e5124f882df8998aaf41531e079ba474>@@AAV<lambda_3e16ef9562a7dcce91392c22ab16ea36>@@V<lambda_e25ca0880e6ef98be67edffd8c599615>@@@?$__crt_seh_guarded_call@X@@QAEX$$QAV<lambda_e5124f882df8998aaf41531e079ba474>@@AAV<lambda_3e16ef9562a7dcce91392c22ab16ea36>@@$$QAV<lambda_e25ca0880e6ef98be67edffd8c599615>@@@Z 100281f8     libucrt:wsetlocale.obj
 0002:00008218       __sehtable$___acrt_initialize_lowio 10028218     libucrt:ioinit.obj
 0002:00008238       __sehtable$?update_thread_multibyte_data_internal@@YAPAU__crt_multibyte_data@@QAU__acrt_ptd@@QAPAU1@@Z 10028238     libucrt:mbctype.obj
 0002:00008258       __sehtable$??$?RV<lambda_ceb1ee4838e85a9d631eb091e2fbe199>@@AAV<lambda_ae742caa10f662c28703da3d2ea5e57e>@@V<lambda_cd08b5d6af4937fe54fc07d0c9bf6b37>@@@?$__crt_seh_guarded_call@X@@QAEX$$QAV<lambda_ceb1ee4838e85a9d631eb091e2fbe199>@@AAV<lambda_ae742caa10f662c28703da3d2ea5e57e>@@$$QAV<lambda_cd08b5d6af4937fe54fc07d0c9bf6b37>@@@Z 10028258     libucrt:mbctype.obj
 0002:00008278       __sehtable$_raise          10028278     libucrt:signal.obj
 0002:00008298       __sehtable$??$?RV<lambda_cbab9ec6f41b0180b23cc171c22676b0>@@AAV<lambda_44731a7d0e6d81c3e6aa82d741081786>@@V<lambda_4b292cb8dd18144e164572427af410ab>@@@?$__crt_seh_guarded_call@P6AXH@Z@@QAEP6AXH@Z$$QAV<lambda_cbab9ec6f41b0180b23cc171c22676b0>@@AAV<lambda_44731a7d0e6d81c3e6aa82d741081786>@@$$QAV<lambda_4b292cb8dd18144e164572427af410ab>@@@Z 10028298     libucrt:signal.obj
 0002:000082b8       __sehtable$??$?RV<lambda_2866be3712abc81a800a822484c830d8>@@AAV<lambda_39ca0ed439415581b5b15c265174cece>@@V<lambda_2b24c74d71094a6cd0cb82e44167d71b>@@@?$__crt_seh_guarded_call@X@@QAEX$$QAV<lambda_2866be3712abc81a800a822484c830d8>@@AAV<lambda_39ca0ed439415581b5b15c265174cece>@@$$QAV<lambda_2b24c74d71094a6cd0cb82e44167d71b>@@@Z 100282b8     libucrt:fflush.obj
 0002:000082d8       __sehtable$??$?RV<lambda_2cc53f568c5a2bb6f192f930a45d44ea>@@AAV<lambda_ab61a845afdef5b7c387490eaf3616ee>@@V<lambda_c2ffc0b7726aa6be21d5f0026187e748>@@@?$__crt_seh_guarded_call@X@@QAEX$$QAV<lambda_2cc53f568c5a2bb6f192f930a45d44ea>@@AAV<lambda_ab61a845afdef5b7c387490eaf3616ee>@@$$QAV<lambda_c2ffc0b7726aa6be21d5f0026187e748>@@@Z 100282d8     libucrt:fflush.obj
 0002:000082f8       __sehtable$___acrt_update_thread_locale_data 100282f8     libucrt:locale_refcounting.obj
 0002:00008318       __sehtable$__fcloseall     10028318     libucrt:closeall.obj
 0002:00008338       __sehtable$___acrt_lowio_ensure_fh_exists 10028338     libucrt:osfinfo.obj
 0002:00008358       __sehtable$??$?RV<lambda_9e9de3de5fa147e2223d7db92bc10aa6>@@AAV<lambda_38ce7e780aa69e748d6df282ebc68efe>@@V<lambda_8ca6da459f0f6780f1cff60fdc3d00e5>@@@?$__crt_seh_guarded_call@H@@QAEH$$QAV<lambda_9e9de3de5fa147e2223d7db92bc10aa6>@@AAV<lambda_38ce7e780aa69e748d6df282ebc68efe>@@$$QAV<lambda_8ca6da459f0f6780f1cff60fdc3d00e5>@@@Z 10028358     libucrt:commit.obj
 0002:00008378       __sehtable$__write         10028378     libucrt:write.obj
 0002:00008398       __sehtable$_fclose         10028398     libucrt:fclose.obj
 0002:000083b8       __sehtable$??$?RV<lambda_218ce3db14220d0be481dae8ef3383b6>@@AAV<lambda_628dfdc04ba53c8bfc02c9951375f3f5>@@V<lambda_57dc472bd5c9d5f3b2cbca59b8a843ae>@@@?$__crt_seh_guarded_call@H@@QAEH$$QAV<lambda_218ce3db14220d0be481dae8ef3383b6>@@AAV<lambda_628dfdc04ba53c8bfc02c9951375f3f5>@@$$QAV<lambda_57dc472bd5c9d5f3b2cbca59b8a843ae>@@@Z 100283b8     libucrt:close.obj
 0002:000083d8       __sehtable$___set_fpsr_sse2 100283d8     libucrt:fpctrl.obj
 0002:000083f8       __sehtable$__IsNonwritableInCurrentImage 100283f8     LIBCMT:pesect.obj
 0002:00008420       .edata                     10028420     OPOSElectronicJournal.exp
 0002:00008448       rgpv                       10028448     OPOSElectronicJournal.exp
 0002:00008458       rgszName                   10028458     OPOSElectronicJournal.exp
 0002:00008468       rgwOrd                     10028468     OPOSElectronicJournal.exp
 0002:00008470       szName                     10028470     OPOSElectronicJournal.exp
 0002:0000848a       $N00001                    1002848a     OPOSElectronicJournal.exp
 0002:0000849a       $N00002                    1002849a     OPOSElectronicJournal.exp
 0002:000084ac       $N00003                    100284ac     OPOSElectronicJournal.exp
 0002:000084be       $N00004                    100284be     OPOSElectronicJournal.exp
 0002:00008ace       .idata$6                   10028ace     kernel32:KERNEL32.dll
 0002:00008ce2       .idata$6                   10028ce2     user32:USER32.dll
 0002:00008e16       .idata$6                   10028e16     gdi32:GDI32.dll
 0002:00008ebc       .idata$6                   10028ebc     advapi32:ADVAPI32.dll
 0002:00008fd8       .idata$6                   10028fd8     ole32:ole32.dll
 0002:00008fe2       .idata$6                   10028fe2     oleaut32:OLEAUT32.dll
 0003:00000110       ?ObjectMap@@3PAU_ATL_OBJMAP_ENTRY30@ATL@@A 1002a110     ElectronicJournal.obj
 0003:000001e8       ?s_SOMethodNames@@3PAPADA  1002a1e8     ElectronicJournalImpl.obj
 0003:0000027c       ?s_RequiredMethodsPerRelease@@3PAHA 1002a27c     ElectronicJournalImpl.obj
 0003:000002a0       ?__vcrt_flsindex@@3KA      1002a2a0     libvcruntime:per_thread_data.obj
 0003:000002c0       ?errno_no_memory@@3HA      1002a2c0     libucrt:errno.obj
 0003:000002c4       ?doserrno_no_memory@@3KA   1002a2c4     libucrt:errno.obj
 0003:000002d0       ?__acrt_flsindex@@3KA      1002a2d0     libucrt:per_thread_data.obj
 0003:00000668       __mbctypes                 1002a668     libucrt:mbctype.obj
 0003:00000770       __mbcasemaps               1002a770     libucrt:mbctype.obj
 0003:00000870       ?__rgctypeflag@@3PADA      1002a870     libucrt:mbctype.obj
 0003:00000878       ?__rgcode_page_info@@3PAUcode_page_info@@A 1002a878     libucrt:mbctype.obj
 0003:00000ad0       ?__dcrt_lowio_console_output_handle@@3PAXA 1002aad0     libucrt:initcon.obj
 0003:00000ad4       ?__DAZ_ENABLED@?1??__set_fpsr_sse2@@9@9 1002aad4     libucrt:fpctrl.obj
 0003:00000c68       ?is_initialized_as_dll@@3_NA 1002ac68     LIBCMT:utility.obj
 0003:00000c69       ?module_local_atexit_table_initialized@@3_NA 1002ac69     LIBCMT:utility.obj
 0003:00000c6c       ?module_local_atexit_table@@3U_onexit_table_t@@A 1002ac6c     LIBCMT:utility.obj
 0003:00000c78       ?module_local_at_quick_exit_table@@3U_onexit_table_t@@A 1002ac78     LIBCMT:utility.obj
 0003:00000c84       ?g_tss_cv@@3U_RTL_CONDITION_VARIABLE@@A 1002ac84     LIBCMT:thread_safe_statics.obj
 0003:00000c88       ?g_tss_event@@3PAXA        1002ac88     LIBCMT:thread_safe_statics.obj
 0003:00000c8c       ?g_tss_mutex@@3U_RTL_CRITICAL_SECTION@@A 1002ac8c     LIBCMT:thread_safe_statics.obj
 0003:00000ca4       ?g_sleep_condition_variable_cs@@3P6GHPAU_RTL_CONDITION_VARIABLE@@PAU_RTL_CRITICAL_SECTION@@K@ZA 1002aca4     LIBCMT:thread_safe_statics.obj
 0003:00000ca8       ?g_wake_all_condition_variable@@3P6GXPAU_RTL_CONDITION_VARIABLE@@@ZA 1002aca8     LIBCMT:thread_safe_statics.obj
 0003:00000cb0       _GS_ExceptionRecord        1002acb0     LIBCMT:gs_report.obj
 0003:00000d00       _GS_ContextRecord          1002ad00     LIBCMT:gs_report.obj
 0003:00000fd0       ?__proc_attached@@3HA      1002afd0     LIBCMT:dll_dllmain.obj
 0003:0000102c       ?AllocateData@@3P6GPAUAtlThunkData_t@@XZA 1002b02c     atls:atlthunk.obj
 0003:00001030       ?InitData@@3P6GXPAUAtlThunkData_t@@PAXI@ZA 1002b030     atls:atlthunk.obj
 0003:00001034       ?DataToCode@@3P6GP6GJPAUHWND__@@IIJ@ZPAUAtlThunkData_t@@@ZA 1002b034     atls:atlthunk.obj
 0003:00001038       ?FreeData@@3P6GXPAUAtlThunkData_t@@@ZA 1002b038     atls:atlthunk.obj
 0003:0000103c       ?Initialized@@3_NA         1002b03c     atls:atlthunk.obj
 0003:0000104c       ?__vcrt_startup_thread_ptd@@3U__vcrt_ptd@@A 1002b04c     libvcruntime:per_thread_data.obj
 0003:00001074       ___vcrt_lock_table         1002b074     libvcruntime:locks.obj
 0003:0000108c       ___vcrt_locks_initialized  1002b08c     libvcruntime:locks.obj
 0003:000010b8       ?heap@@3V_HeapManager@@A   1002b0b8     libvcruntime:undname.obj
 0003:000010cc       ?module_handles@@3PAPAUHINSTANCE__@@A 1002b0cc     libvcruntime:winapi_downlevel.obj
 0003:000010d8       ?function_pointers@@3PAPAXA 1002b0d8     libvcruntime:winapi_downlevel.obj
 0003:000010ec       ?__acrt_invalid_parameter_handler@@3V?$dual_state_global@P6AXPB_W00II@Z@__crt_state_management@@A 1002b0ec     libucrt:invalid_parameter.obj
 0003:000010f0       ?c_termination_complete@@3JA 1002b0f0     libucrt:exit.obj
 0003:000010f4       ?thread_local_exit_callback_func@@3P6GXPAXK0@ZA 1002b0f4     libucrt:exit.obj
 0003:00001100       ?program_name@?1???$common_configure_argv@D@@YAHW4_crt_argv_mode@@@Z@4PADA 1002b100     libucrt:argv_parsing.obj
 0003:00001230       ?__acrt_new_handler@@3V?$dual_state_global@P6AHI@Z@__crt_state_management@@A 1002b230     libucrt:new_handler.obj
 0003:00001238       ?module_handles@@3PAPAUHINSTANCE__@@A 1002b238     libucrt:winapi_thunks.obj
 0003:00001288       ?encoded_function_pointers@@3PAPAXA 1002b288     libucrt:winapi_thunks.obj
 0003:00001310       ?internal_state@?1??_mbtowc_l@@9@4U_Mbstatet@@A 1002b310     libucrt:mbtowc.obj
 0003:00001320       ?enable_percent_n@@3IA     1002b320     libucrt:printf_count_output.obj
 0003:00001540       ?__acrt_lock_table@@3PAU_RTL_CRITICAL_SECTION@@A 1002b540     libucrt:locks.obj
 0003:00001690       ?__acrt_locks_initialized@@3IA 1002b690     libucrt:locks.obj
 0003:000016a0       ?fSystemSet@@3HA           1002b6a0     libucrt:mbctype.obj
 0003:000016a4       ?initialized@?1??__acrt_initialize_multibyte@@9@4_NA 1002b6a4     libucrt:mbctype.obj
 0003:000016c4       ?ctrlc_action@@3V?$dual_state_global@P6AXH@Z@__crt_state_management@@A 1002b6c4     libucrt:signal.obj
 0003:000016c8       ?ctrlbreak_action@@3V?$dual_state_global@P6AXH@Z@__crt_state_management@@A 1002b6c8     libucrt:signal.obj
 0003:000016cc       ?abort_action@@3V?$dual_state_global@P6AXH@Z@__crt_state_management@@A 1002b6cc     libucrt:signal.obj
 0003:000016d0       ?term_action@@3V?$dual_state_global@P6AXH@Z@__crt_state_management@@A 1002b6d0     libucrt:signal.obj
 0003:000016d4       ?user_matherr@@3V?$dual_state_global@P6AHPAU_exception@@@Z@__crt_state_management@@A 1002b6d4     libucrt:matherr.obj
 0003:000016d8       ?__acrt_global_new_mode@@3V?$dual_state_global@J@__crt_state_management@@A 1002b6d8     libucrt:new_mode.obj
 0003:000016e4       ?internal_pst@?1??__mbrtoc32_utf8@__crt_mbstring@@YAIPA_UPBDIPAU_Mbstatet@@@Z@4U3@A 1002b6e4     libucrt:mbrtoc32.obj
 0003:000016ec       ?__acrt_app_type@@3W4_crt_app_type@@A 1002b6ec     libucrt:report_runtime_error.obj
 0003:000016f4       __pmatherr_set             1002b6f4     libucrt:libm_error.obj
 0004:00000220       $R000000                   1002c220     ElectronicJournal.res
 0004:00000be0       $R0009C0                   1002cbe0     ElectronicJournal.res
 0004:00000cc8       $R000AA8                   1002ccc8     ElectronicJournal.res
 0004:00000f30       $R000D10                   1002cf30     ElectronicJournal.res
 0004:00001470       $R001250                   1002d470     ElectronicJournal.res
 0004:00005140       $R004F20                   10031140     ElectronicJournal.res
 0004:00005188       $R004F68                   10031188     ElectronicJournal.res
