 OPOSCAT

 Timestamp is 5c43fd4b (Sun Jan 20 13:47:07 2019)

 Preferred load address is 10000000

 Start         Length     Name                   Class
 0001:00000000 00000080H .text$di                CODE
 0001:00000080 0001d63bH .text$mn                CODE
 0001:0001d6bb 00000051H .text$x                 CODE
 0001:0001d70c 00000042H .text$yd                CODE
 0002:00000000 00000300H .idata$5                DATA
 0002:00000300 00000004H .00cfg                  DATA
 0002:00000304 00000004H .CRT$XCA                DATA
 0002:00000308 00000004H .CRT$XCL                DATA
 0002:0000030c 00000010H .CRT$XCU                DATA
 0002:0000031c 00000004H .CRT$XCZ                DATA
 0002:00000320 00000004H .CRT$XIA                DATA
 0002:00000324 00000010H .CRT$XIC                DATA
 0002:00000334 00000004H .CRT$XIZ                DATA
 0002:00000338 00000004H .CRT$XLA                DATA
 0002:0000033c 00000004H .CRT$XLZ                DATA
 0002:00000340 00000004H .CRT$XPA                DATA
 0002:00000344 00000008H .CRT$XPX                DATA
 0002:0000034c 00000004H .CRT$XPXA               DATA
 0002:00000350 00000004H .CRT$XPZ                DATA
 0002:00000354 00000004H .CRT$XTA                DATA
 0002:00000358 00000008H .CRT$XTZ                DATA
 0002:0000035c 00000000H .gfids$x                DATA
 0002:0000035c 00000000H .gfids$y                DATA
 0002:00000360 00006f88H .rdata                  DATA
 0002:000072e8 00000018H .rdata$T                DATA
 0002:00007300 00000180H .rdata$r                DATA
 0002:00007480 00000020H .rdata$sxdata           DATA
 0002:000074a0 000003d8H .rdata$zzzdbg           DATA
 0002:00007878 00000004H .rtc$IAA                DATA
 0002:0000787c 00000004H .rtc$IZZ                DATA
 0002:00007880 00000004H .rtc$TAA                DATA
 0002:00007884 00000004H .rtc$TZZ                DATA
 0002:00007888 00000004H .tls                    DATA
 0002:0000788c 00000004H .tls$                   DATA
 0002:00007890 00000008H .tls$ZZZ                DATA
 0002:00007898 000005f4H .xdata$x                DATA
 0002:00007e8c 00000004H ATL$__a                 DATA
 0002:00007e90 00000010H ATL$__z                 DATA
 0002:00007ea0 000000a4H .edata                  DATA
 0002:00007f44 00000078H .idata$2                DATA
 0002:00007fbc 00000014H .idata$3                DATA
 0002:00007fd0 00000300H .idata$4                DATA
 0002:000082d0 00000bdeH .idata$6                DATA
 0003:00000000 000009b0H .data                   DATA
 0003:000009b0 00000098H .data$r                 DATA
 0003:00000a48 00000b5cH .bss                    DATA
 0004:00000000 00000220H .rsrc$01                DATA
 0004:00000220 00005158H .rsrc$02                DATA

  Address         Publics by Value              Rva+Base       Lib:Object

 0000:00000000       ___guard_fids_count        00000000     <absolute>
 0000:00000000       ___hybrid_code_map_count   00000000     <absolute>
 0000:00000000       ___hybrid_auxiliary_iat    00000000     <absolute>
 0000:00000000       __except_list              00000000     <absolute>
 0000:00000000       ___guard_fids_table        00000000     <absolute>
 0000:00000000       ___guard_longjmp_table     00000000     <absolute>
 0000:00000000       ___guard_iat_count         00000000     <absolute>
 0000:00000000       ___guard_iat_table         00000000     <absolute>
 0000:00000000       ___volatile_metadata       00000000     <absolute>
 0000:00000000       ___enclave_config          00000000     <absolute>
 0000:00000000       ___dynamic_value_reloc_table 00000000     <absolute>
 0000:00000000       ___guard_longjmp_count     00000000     <absolute>
 0000:00000000       ___hybrid_code_map         00000000     <absolute>
 0000:00000008       ___safe_se_handler_count   00000008     <absolute>
 0000:0000002c       __tls_array                0000002c     <absolute>
 0000:00000100       ___guard_flags             00000100     <absolute>
 0000:00000000       ___ImageBase               10000000     <linker-defined>
 0001:00000080       ?DupWide@_CW@@AAEXXZ       10001080 f   CWString.obj
 0001:0000009c       ?cw_dup@@YGXPBDAAHAAPA_W1@Z 1000109c f   CWString.obj
 0001:0000010b       ?cw_memcpy@@YGHPA_WPBDH@Z  1000110b f   CWString.obj
 0001:00000137       ?cw_strcpy@@YAHPA_WPBD@Z   10001137 f   CWString.obj
 0001:0000014a       ?cw_strlen@@YAHPBD@Z       1000114a f   CWString.obj
 0001:00000163       ??0CAtlComModule@ATL@@QAE@XZ 10001163 f i OposVariant.obj
 0001:000001a8       ??0CAtlWinModule@ATL@@QAE@XZ 100011a8 f i OposVariant.obj
 0001:000001df       ??0OposDispParms@@QAE@PAVOposVariant@@H@Z 100011df f   OposVariant.obj
 0001:00000250       ??1OposDispParms@@QAE@XZ   10001250 f   OposVariant.obj
 0001:0000025e       ??A?$CSimpleArray@GV?$CSimpleArrayEqualHelper@G@ATL@@@ATL@@QAEAAGH@Z 1000125e f i OposVariant.obj
 0001:00000283       ??_Estringdispid@CComTypeInfoHolder@ATL@@QAEPAXI@Z 10001283 f i OposVariant.obj
 0001:000002ef       ?AtlWinModuleInit@ATL@@YGJPAU_ATL_WIN_MODULE70@1@@Z 100012ef f i OposVariant.obj
 0001:00000315       ?AtlWinModuleTerm@ATL@@YGJPAU_ATL_WIN_MODULE70@1@PAUHINSTANCE__@@@Z 10001315 f i OposVariant.obj
 0001:00000378       ?ChangeBSTR@OposVariant@@QAEXPAPA_WAAJ@Z 10001378 f   OposVariant.obj
 0001:000003b9       ?ChangeCURRENCY@OposVariant@@QAEXPATtagCY@@AAJ@Z 100013b9 f   OposVariant.obj
 0001:00000408       ?ChangeLONG@OposVariant@@QAEXPAJAAJ@Z 10001408 f   OposVariant.obj
 0001:00000449       ?GetLONG@OposVariant@@QAEJXZ 10001449 f   OposVariant.obj
 0001:00000464       ?Init@CComCriticalSection@ATL@@QAEJXZ 10001464 f i OposVariant.obj
 0001:0000048c       ?RemoveAll@?$CSimpleArray@PAUHINSTANCE__@@V?$CSimpleArrayEqualHelper@PAUHINSTANCE__@@@ATL@@@ATL@@QAEXXZ 1000148c f i atls:atlbase.obj
 0001:0000048c       ?RemoveAll@?$CSimpleArray@GV?$CSimpleArrayEqualHelper@G@ATL@@@ATL@@QAEXXZ 1000148c f i OposVariant.obj
 0001:000004a9       ?SetBSTR@OposVariant@@QAEXPA_WAAJ@Z 100014a9 f   OposVariant.obj
 0001:000004dd       ?SetBSTR_Copy@OposVariant@@QAEXPA_WAAJ@Z 100014dd f   OposVariant.obj
 0001:0000052d       ?SetBSTR_InOutPtr@OposVariant@@QAE_NPAPA_WAAJ@Z 1000152d f   OposVariant.obj
 0001:00000564       ?SetCURRENCY@OposVariant@@QAEXTtagCY@@@Z 10001564 f   OposVariant.obj
 0001:0000058c       ?SetDispatch_Ptr@OposVariant@@QAEXPAUIDispatch@@AAJ@Z 1000158c f   OposVariant.obj
 0001:000005c7       ?SetLONG@OposVariant@@QAEXJ@Z 100015c7 f   OposVariant.obj
 0001:000005e9       ?SetLONG_Ptr@OposVariant@@QAEXPAJAAJ@Z 100015e9 f   OposVariant.obj
 0001:0000061c       ?SetString@OposVariant@@QAEXPB_WAAJ@Z 1000161c f   OposVariant.obj
 0001:00000662       ?SetVARIANT_BOOL@OposVariant@@QAEXF@Z 10001662 f   OposVariant.obj
 0001:0000068c       ?Term@CAtlComModule@ATL@@QAEXXZ 1000168c f i OposVariant.obj
 0001:000006d6       ?_AtlRaiseException@ATL@@YAXKK@Z 100016d6 f i OposVariant.obj
 0001:000006eb       ?AddRef@?$CComObjectCached@VCComClassFactory@ATL@@@ATL@@UAGKXZ 100016eb f i CAT.obj
 0001:00000712       ?Release@?$CComObjectCached@VCComClassFactory@ATL@@@ATL@@UAGKXZ 10001712 f i CAT.obj
 0001:00000748       ?QueryInterface@?$CComObjectCached@VCComClassFactory@ATL@@@ATL@@UAGJABU_GUID@@PAPAX@Z 10001748 f i CAT.obj
 0001:00000762       ??_G?$CComObjectCached@VCComClassFactory@ATL@@@ATL@@UAEPAXI@Z 10001762 f i CAT.obj
 0001:00000762       ??_E?$CComObjectCached@VCComClassFactory@ATL@@@ATL@@UAEPAXI@Z 10001762 f i CAT.obj
 0001:00000784       ?AddRef@?$CComAggObject@VCOPOSCAT@@@ATL@@UAGKXZ 10001784 f i CAT.obj
 0001:00000795       ?Release@?$CComAggObject@VCOPOSCAT@@@ATL@@UAGKXZ 10001795 f i CAT.obj
 0001:000007d1       ?QueryInterface@?$CComAggObject@VCOPOSCAT@@@ATL@@UAGJABU_GUID@@PAPAX@Z 100017d1 f i CAT.obj
 0001:00000820       ?AddRef@?$CComContainedObject@VCOPOSCAT@@@ATL@@UAGKXZ 10001820 f i CAT.obj
 0001:00000836       ?Release@?$CComContainedObject@VCOPOSCAT@@@ATL@@UAGKXZ 10001836 f i CAT.obj
 0001:0000084c       ?QueryInterface@?$CComContainedObject@VCOPOSCAT@@@ATL@@UAGJABU_GUID@@PAPAX@Z 1000184c f i CAT.obj
 0001:00000867       ??_G?$CComAggObject@VCOPOSCAT@@@ATL@@UAEPAXI@Z 10001867 f i CAT.obj
 0001:00000867       ??_E?$CComAggObject@VCOPOSCAT@@@ATL@@UAEPAXI@Z 10001867 f i CAT.obj
 0001:0000088c       ?AddRef@?$CComObject@VCOPOSCAT@@@ATL@@UAGKXZ 1000188c f i CAT.obj
 0001:000008a3       ?Release@?$CComObject@VCOPOSCAT@@@ATL@@UAGKXZ 100018a3 f i CAT.obj
 0001:000008e5       ?QueryInterface@?$CComObject@VCOPOSCAT@@@ATL@@UAGJABU_GUID@@PAPAX@Z 100018e5 f i CAT.obj
 0001:000008ff       ?ObjectMain@CComObjectRootBase@ATL@@SGX_N@Z 100018ff f i CAT.obj
 0001:000008ff       ?OnFinalMessage@?$CWindowImplBaseT@VCWindow@ATL@@V?$CWinTraits@$0FGAAAAAA@$0A@@2@@ATL@@UAEXPAUHWND__@@@Z 100018ff f i CAT.obj
 0001:00000902       ?GetObjectDescription@?$CComCoClass@VCOPOSCAT@@$1?CLSID_OPOSCAT@@3U_GUID@@B@ATL@@SGPB_WXZ 10001902 f i CAT.obj
 0001:00000902       ?GetCategoryMap@CComObjectRootBase@ATL@@SAPBU_ATL_CATMAP_ENTRY@2@XZ 10001902 f i CAT.obj
 0001:00000905       ?CreateInstance@CComClassFactory@ATL@@UAGJPAUIUnknown@@ABU_GUID@@PAPAX@Z 10001905 f i CAT.obj
 0001:00000943       ?LockServer@CComClassFactory@ATL@@UAGJH@Z 10001943 f i CAT.obj
 0001:00000962       ??_GCComClassFactory@ATL@@UAEPAXI@Z 10001962 f i CAT.obj
 0001:00000962       ??_ECComClassFactory@ATL@@UAEPAXI@Z 10001962 f i CAT.obj
 0001:0000098d       ?OnDrawAdvanced@CComControlBase@ATL@@UAEJAAUATL_DRAWINFO@@@Z 1000198d f i CAT.obj
 0001:00000a7c       ?Next@?$CComEnumImpl@UIEnumConnections@@$1?_GUID_b196b287_bab4_101a_b69c_00aa00341d07@@3U__s_GUID@@BUtagCONNECTDATA@@V?$_Copy@UtagCONNECTDATA@@@ATL@@@ATL@@UAGJKPAUtagCONNECTDATA@@PAK@Z 10001a7c f i CAT.obj
 0001:00000b53       ?Skip@?$CComEnumImpl@UIEnumConnections@@$1?_GUID_b196b287_bab4_101a_b69c_00aa00341d07@@3U__s_GUID@@BUtagCONNECTDATA@@V?$_Copy@UtagCONNECTDATA@@@ATL@@@ATL@@UAGJK@Z 10001b53 f i CAT.obj
 0001:00000b80       ?Reset@?$CComEnumImpl@UIEnumConnectionPoints@@$1?_GUID_b196b285_bab4_101a_b69c_00aa00341d07@@3U__s_GUID@@BPAUIConnectionPoint@@V?$_CopyInterface@UIConnectionPoint@@@ATL@@@ATL@@UAGJXZ 10001b80 f i CAT.obj
 0001:00000b80       ?Reset@?$CComEnumImpl@UIEnumConnections@@$1?_GUID_b196b287_bab4_101a_b69c_00aa00341d07@@3U__s_GUID@@BUtagCONNECTDATA@@V?$_Copy@UtagCONNECTDATA@@@ATL@@@ATL@@UAGJXZ 10001b80 f i CAT.obj
 0001:00000b92       ?Clone@?$CComEnumImpl@UIEnumConnections@@$1?_GUID_b196b287_bab4_101a_b69c_00aa00341d07@@3U__s_GUID@@BUtagCONNECTDATA@@V?$_Copy@UtagCONNECTDATA@@@ATL@@@ATL@@UAGJPAPAUIEnumConnections@@@Z 10001b92 f i CAT.obj
 0001:00000c71       ?AddRef@?$CComObject@V?$CComEnum@UIEnumConnections@@$1?_GUID_b196b287_bab4_101a_b69c_00aa00341d07@@3U__s_GUID@@BUtagCONNECTDATA@@V?$_Copy@UtagCONNECTDATA@@@ATL@@VCComSingleThreadModel@6@@ATL@@@ATL@@UAGKXZ 10001c71 f i CAT.obj
 0001:00000c71       ?AddRef@?$CComObject@V?$CComEnum@UIEnumConnectionPoints@@$1?_GUID_b196b285_bab4_101a_b69c_00aa00341d07@@3U__s_GUID@@BPAUIConnectionPoint@@V?$_CopyInterface@UIConnectionPoint@@@ATL@@VCComSingleThreadModel@6@@ATL@@@ATL@@UAGKXZ 10001c71 f i CAT.obj
 0001:00000c82       ?Release@?$CComObject@V?$CComEnum@UIEnumConnectionPoints@@$1?_GUID_b196b285_bab4_101a_b69c_00aa00341d07@@3U__s_GUID@@BPAUIConnectionPoint@@V?$_CopyInterface@UIConnectionPoint@@@ATL@@VCComSingleThreadModel@6@@ATL@@@ATL@@UAGKXZ 10001c82 f i CAT.obj
 0001:00000c82       ?Release@?$CComObject@V?$CComEnum@UIEnumConnections@@$1?_GUID_b196b287_bab4_101a_b69c_00aa00341d07@@3U__s_GUID@@BUtagCONNECTDATA@@V?$_Copy@UtagCONNECTDATA@@@ATL@@VCComSingleThreadModel@6@@ATL@@@ATL@@UAGKXZ 10001c82 f i CAT.obj
 0001:00000cbe       ?QueryInterface@?$CComObject@V?$CComEnum@UIEnumConnections@@$1?_GUID_b196b287_bab4_101a_b69c_00aa00341d07@@3U__s_GUID@@BUtagCONNECTDATA@@V?$_Copy@UtagCONNECTDATA@@@ATL@@VCComSingleThreadModel@6@@ATL@@@ATL@@UAGJABU_GUID@@PAPAX@Z 10001cbe f i CAT.obj
 0001:00000cd8       ??_E?$CComObject@V?$CComEnum@UIEnumConnections@@$1?_GUID_b196b287_bab4_101a_b69c_00aa00341d07@@3U__s_GUID@@BUtagCONNECTDATA@@V?$_Copy@UtagCONNECTDATA@@@ATL@@VCComSingleThreadModel@6@@ATL@@@ATL@@UAEPAXI@Z 10001cd8 f i CAT.obj
 0001:00000cd8       ??_G?$CComObject@V?$CComEnum@UIEnumConnections@@$1?_GUID_b196b287_bab4_101a_b69c_00aa00341d07@@3U__s_GUID@@BUtagCONNECTDATA@@V?$_Copy@UtagCONNECTDATA@@@ATL@@VCComSingleThreadModel@6@@ATL@@@ATL@@UAEPAXI@Z 10001cd8 f i CAT.obj
 0001:00000cfa       ??_E?$CComObject@VCOPOSCAT@@@ATL@@W3AEPAXI@Z 10001cfa f i CAT.obj
 0001:00000d02       ??_E?$CComObject@VCOPOSCAT@@@ATL@@WEM@AEPAXI@Z 10001d02 f i CAT.obj
 0001:00000d0a       ?QueryInterface@?$CComObject@VCOPOSCAT@@@ATL@@WHA@AGJABU_GUID@@PAPAX@Z 10001d0a f i CAT.obj
 0001:00000d14       ?AddRef@?$CComObject@VCOPOSCAT@@@ATL@@WHA@AGKXZ 10001d14 f i CAT.obj
 0001:00000d1e       ?Release@?$CComObject@VCOPOSCAT@@@ATL@@WHA@AGKXZ 10001d1e f i CAT.obj
 0001:00000d28       ?QueryInterface@?$CComObject@VCOPOSCAT@@@ATL@@WHE@AGJABU_GUID@@PAPAX@Z 10001d28 f i CAT.obj
 0001:00000d32       ?AddRef@?$CComObject@VCOPOSCAT@@@ATL@@WHE@AGKXZ 10001d32 f i CAT.obj
 0001:00000d3c       ?Release@?$CComObject@VCOPOSCAT@@@ATL@@WHE@AGKXZ 10001d3c f i CAT.obj
 0001:00000d46       ?QueryInterface@?$CComObject@VCOPOSCAT@@@ATL@@WHI@AGJABU_GUID@@PAPAX@Z 10001d46 f i CAT.obj
 0001:00000d50       ?AddRef@?$CComObject@VCOPOSCAT@@@ATL@@WHI@AGKXZ 10001d50 f i CAT.obj
 0001:00000d5a       ?Release@?$CComObject@VCOPOSCAT@@@ATL@@WHI@AGKXZ 10001d5a f i CAT.obj
 0001:00000d64       ?QueryInterface@?$CComObject@VCOPOSCAT@@@ATL@@WHM@AGJABU_GUID@@PAPAX@Z 10001d64 f i CAT.obj
 0001:00000d6e       ?AddRef@?$CComObject@VCOPOSCAT@@@ATL@@WHM@AGKXZ 10001d6e f i CAT.obj
 0001:00000d78       ?Release@?$CComObject@VCOPOSCAT@@@ATL@@WHM@AGKXZ 10001d78 f i CAT.obj
 0001:00000d82       ?QueryInterface@?$CComObject@VCOPOSCAT@@@ATL@@WIA@AGJABU_GUID@@PAPAX@Z 10001d82 f i CAT.obj
 0001:00000d8f       ?AddRef@?$CComObject@VCOPOSCAT@@@ATL@@WIA@AGKXZ 10001d8f f i CAT.obj
 0001:00000d9c       ?Release@?$CComObject@VCOPOSCAT@@@ATL@@WIA@AGKXZ 10001d9c f i CAT.obj
 0001:00000da9       ?QueryInterface@?$CComObject@VCOPOSCAT@@@ATL@@WIE@AGJABU_GUID@@PAPAX@Z 10001da9 f i CAT.obj
 0001:00000db6       ?AddRef@?$CComObject@VCOPOSCAT@@@ATL@@WIE@AGKXZ 10001db6 f i CAT.obj
 0001:00000dc3       ?Release@?$CComObject@VCOPOSCAT@@@ATL@@WIE@AGKXZ 10001dc3 f i CAT.obj
 0001:00000dd0       ?QueryInterface@?$CComObject@VCOPOSCAT@@@ATL@@WII@AGJABU_GUID@@PAPAX@Z 10001dd0 f i CAT.obj
 0001:00000ddd       ?AddRef@?$CComObject@VCOPOSCAT@@@ATL@@WII@AGKXZ 10001ddd f i CAT.obj
 0001:00000dea       ?Release@?$CComObject@VCOPOSCAT@@@ATL@@WII@AGKXZ 10001dea f i CAT.obj
 0001:00000df7       ?QueryInterface@?$CComObject@VCOPOSCAT@@@ATL@@WIM@AGJABU_GUID@@PAPAX@Z 10001df7 f i CAT.obj
 0001:00000e04       ?AddRef@?$CComObject@VCOPOSCAT@@@ATL@@WIM@AGKXZ 10001e04 f i CAT.obj
 0001:00000e11       ?Release@?$CComObject@VCOPOSCAT@@@ATL@@WIM@AGKXZ 10001e11 f i CAT.obj
 0001:00000e1e       ?QueryInterface@?$CComObject@VCOPOSCAT@@@ATL@@WJA@AGJABU_GUID@@PAPAX@Z 10001e1e f i CAT.obj
 0001:00000e2b       ?AddRef@?$CComObject@VCOPOSCAT@@@ATL@@WJA@AGKXZ 10001e2b f i CAT.obj
 0001:00000e38       ?Release@?$CComObject@VCOPOSCAT@@@ATL@@WJA@AGKXZ 10001e38 f i CAT.obj
 0001:00000e45       ?QueryInterface@?$CComObject@VCOPOSCAT@@@ATL@@WJE@AGJABU_GUID@@PAPAX@Z 10001e45 f i CAT.obj
 0001:00000e52       ?AddRef@?$CComObject@VCOPOSCAT@@@ATL@@WJE@AGKXZ 10001e52 f i CAT.obj
 0001:00000e5f       ?Release@?$CComObject@VCOPOSCAT@@@ATL@@WJE@AGKXZ 10001e5f f i CAT.obj
 0001:00000e6c       ?QueryInterface@?$CComObject@VCOPOSCAT@@@ATL@@WJI@AGJABU_GUID@@PAPAX@Z 10001e6c f i CAT.obj
 0001:00000e79       ?AddRef@?$CComObject@VCOPOSCAT@@@ATL@@WJI@AGKXZ 10001e79 f i CAT.obj
 0001:00000e86       ?Release@?$CComObject@VCOPOSCAT@@@ATL@@WJI@AGKXZ 10001e86 f i CAT.obj
 0001:00000e93       ?QueryInterface@?$CComObject@VCOPOSCAT@@@ATL@@WJM@AGJABU_GUID@@PAPAX@Z 10001e93 f i CAT.obj
 0001:00000ea0       ?AddRef@?$CComObject@VCOPOSCAT@@@ATL@@WJM@AGKXZ 10001ea0 f i CAT.obj
 0001:00000ead       ?Release@?$CComObject@VCOPOSCAT@@@ATL@@WJM@AGKXZ 10001ead f i CAT.obj
 0001:00000eba       ?QueryInterface@?$CComObject@VCOPOSCAT@@@ATL@@WKA@AGJABU_GUID@@PAPAX@Z 10001eba f i CAT.obj
 0001:00000ec7       ?AddRef@?$CComObject@VCOPOSCAT@@@ATL@@WKA@AGKXZ 10001ec7 f i CAT.obj
 0001:00000ed4       ?Release@?$CComObject@VCOPOSCAT@@@ATL@@WKA@AGKXZ 10001ed4 f i CAT.obj
 0001:00000ee1       ?AddRef@?$CComObject@VCOPOSCAT@@@ATL@@WKI@AGKXZ 10001ee1 f i CAT.obj
 0001:00000eee       ?Release@?$CComObject@VCOPOSCAT@@@ATL@@WKI@AGKXZ 10001eee f i CAT.obj
 0001:00000efb       ?AddRef@?$CComObject@VCOPOSCAT@@@ATL@@WLE@AGKXZ 10001efb f i CAT.obj
 0001:00000f08       ?Release@?$CComObject@VCOPOSCAT@@@ATL@@WLE@AGKXZ 10001f08 f i CAT.obj
 0001:00000f15       ??_E?$CComContainedObject@VCOPOSCAT@@@ATL@@W3AEPAXI@Z 10001f15 f i CAT.obj
 0001:00000f1d       ??_E?$CComContainedObject@VCOPOSCAT@@@ATL@@WEM@AEPAXI@Z 10001f1d f i CAT.obj
 0001:00000f25       ?QueryInterface@?$CComContainedObject@VCOPOSCAT@@@ATL@@WHA@AGJABU_GUID@@PAPAX@Z 10001f25 f i CAT.obj
 0001:00000f2f       ?AddRef@?$CComContainedObject@VCOPOSCAT@@@ATL@@WHA@AGKXZ 10001f2f f i CAT.obj
 0001:00000f39       ?Release@?$CComContainedObject@VCOPOSCAT@@@ATL@@WHA@AGKXZ 10001f39 f i CAT.obj
 0001:00000f43       ?QueryInterface@?$CComContainedObject@VCOPOSCAT@@@ATL@@WHE@AGJABU_GUID@@PAPAX@Z 10001f43 f i CAT.obj
 0001:00000f4d       ?AddRef@?$CComContainedObject@VCOPOSCAT@@@ATL@@WHE@AGKXZ 10001f4d f i CAT.obj
 0001:00000f57       ?Release@?$CComContainedObject@VCOPOSCAT@@@ATL@@WHE@AGKXZ 10001f57 f i CAT.obj
 0001:00000f61       ?QueryInterface@?$CComContainedObject@VCOPOSCAT@@@ATL@@WHI@AGJABU_GUID@@PAPAX@Z 10001f61 f i CAT.obj
 0001:00000f6b       ?AddRef@?$CComContainedObject@VCOPOSCAT@@@ATL@@WHI@AGKXZ 10001f6b f i CAT.obj
 0001:00000f75       ?Release@?$CComContainedObject@VCOPOSCAT@@@ATL@@WHI@AGKXZ 10001f75 f i CAT.obj
 0001:00000f7f       ?QueryInterface@?$CComContainedObject@VCOPOSCAT@@@ATL@@WHM@AGJABU_GUID@@PAPAX@Z 10001f7f f i CAT.obj
 0001:00000f89       ?AddRef@?$CComContainedObject@VCOPOSCAT@@@ATL@@WHM@AGKXZ 10001f89 f i CAT.obj
 0001:00000f93       ?Release@?$CComContainedObject@VCOPOSCAT@@@ATL@@WHM@AGKXZ 10001f93 f i CAT.obj
 0001:00000f9d       ?QueryInterface@?$CComContainedObject@VCOPOSCAT@@@ATL@@WIA@AGJABU_GUID@@PAPAX@Z 10001f9d f i CAT.obj
 0001:00000faa       ?AddRef@?$CComContainedObject@VCOPOSCAT@@@ATL@@WIA@AGKXZ 10001faa f i CAT.obj
 0001:00000fb7       ?Release@?$CComContainedObject@VCOPOSCAT@@@ATL@@WIA@AGKXZ 10001fb7 f i CAT.obj
 0001:00000fc4       ?QueryInterface@?$CComContainedObject@VCOPOSCAT@@@ATL@@WIE@AGJABU_GUID@@PAPAX@Z 10001fc4 f i CAT.obj
 0001:00000fd1       ?AddRef@?$CComContainedObject@VCOPOSCAT@@@ATL@@WIE@AGKXZ 10001fd1 f i CAT.obj
 0001:00000fde       ?Release@?$CComContainedObject@VCOPOSCAT@@@ATL@@WIE@AGKXZ 10001fde f i CAT.obj
 0001:00000feb       ?QueryInterface@?$CComContainedObject@VCOPOSCAT@@@ATL@@WII@AGJABU_GUID@@PAPAX@Z 10001feb f i CAT.obj
 0001:00000ff8       ?AddRef@?$CComContainedObject@VCOPOSCAT@@@ATL@@WII@AGKXZ 10001ff8 f i CAT.obj
 0001:00001005       ?Release@?$CComContainedObject@VCOPOSCAT@@@ATL@@WII@AGKXZ 10002005 f i CAT.obj
 0001:00001012       ?QueryInterface@?$CComContainedObject@VCOPOSCAT@@@ATL@@WIM@AGJABU_GUID@@PAPAX@Z 10002012 f i CAT.obj
 0001:0000101f       ?AddRef@?$CComContainedObject@VCOPOSCAT@@@ATL@@WIM@AGKXZ 1000201f f i CAT.obj
 0001:0000102c       ?Release@?$CComContainedObject@VCOPOSCAT@@@ATL@@WIM@AGKXZ 1000202c f i CAT.obj
 0001:00001039       ?QueryInterface@?$CComContainedObject@VCOPOSCAT@@@ATL@@WJA@AGJABU_GUID@@PAPAX@Z 10002039 f i CAT.obj
 0001:00001046       ?AddRef@?$CComContainedObject@VCOPOSCAT@@@ATL@@WJA@AGKXZ 10002046 f i CAT.obj
 0001:00001053       ?Release@?$CComContainedObject@VCOPOSCAT@@@ATL@@WJA@AGKXZ 10002053 f i CAT.obj
 0001:00001060       ?QueryInterface@?$CComContainedObject@VCOPOSCAT@@@ATL@@WJE@AGJABU_GUID@@PAPAX@Z 10002060 f i CAT.obj
 0001:0000106d       ?AddRef@?$CComContainedObject@VCOPOSCAT@@@ATL@@WJE@AGKXZ 1000206d f i CAT.obj
 0001:0000107a       ?Release@?$CComContainedObject@VCOPOSCAT@@@ATL@@WJE@AGKXZ 1000207a f i CAT.obj
 0001:00001087       ?QueryInterface@?$CComContainedObject@VCOPOSCAT@@@ATL@@WJI@AGJABU_GUID@@PAPAX@Z 10002087 f i CAT.obj
 0001:00001094       ?AddRef@?$CComContainedObject@VCOPOSCAT@@@ATL@@WJI@AGKXZ 10002094 f i CAT.obj
 0001:000010a1       ?Release@?$CComContainedObject@VCOPOSCAT@@@ATL@@WJI@AGKXZ 100020a1 f i CAT.obj
 0001:000010ae       ?QueryInterface@?$CComContainedObject@VCOPOSCAT@@@ATL@@WJM@AGJABU_GUID@@PAPAX@Z 100020ae f i CAT.obj
 0001:000010bb       ?AddRef@?$CComContainedObject@VCOPOSCAT@@@ATL@@WJM@AGKXZ 100020bb f i CAT.obj
 0001:000010c8       ?Release@?$CComContainedObject@VCOPOSCAT@@@ATL@@WJM@AGKXZ 100020c8 f i CAT.obj
 0001:000010d5       ?QueryInterface@?$CComContainedObject@VCOPOSCAT@@@ATL@@WKA@AGJABU_GUID@@PAPAX@Z 100020d5 f i CAT.obj
 0001:000010e2       ?AddRef@?$CComContainedObject@VCOPOSCAT@@@ATL@@WKA@AGKXZ 100020e2 f i CAT.obj
 0001:000010ef       ?Release@?$CComContainedObject@VCOPOSCAT@@@ATL@@WKA@AGKXZ 100020ef f i CAT.obj
 0001:000010fc       ?AddRef@?$CComContainedObject@VCOPOSCAT@@@ATL@@WKI@AGKXZ 100020fc f i CAT.obj
 0001:00001109       ?Release@?$CComContainedObject@VCOPOSCAT@@@ATL@@WKI@AGKXZ 10002109 f i CAT.obj
 0001:00001116       ?AddRef@?$CComContainedObject@VCOPOSCAT@@@ATL@@WLE@AGKXZ 10002116 f i CAT.obj
 0001:00001123       ?Release@?$CComContainedObject@VCOPOSCAT@@@ATL@@WLE@AGKXZ 10002123 f i CAT.obj
 0001:00001130       ?Lock@CAtlModule@ATL@@UAEJXZ 10002130 f i CAT.obj
 0001:0000113a       ?Unlock@CAtlModule@ATL@@UAEJXZ 1000213a f i CAT.obj
 0001:00001144       ?GetLockCount@CAtlModule@ATL@@UAEJXZ 10002144 f i CAT.obj
 0001:00001148       ?GetGITPtr@CAtlModule@ATL@@UAEJPAPAUIGlobalInterfaceTable@@@Z 10002148 f i CAT.obj
 0001:00001194       ?AddCommonRGSReplacements@?$CAtlModuleT@VCComModule@ATL@@@ATL@@UAEJPAUIRegistrarBase@@@Z 10002194 f i CAT.obj
 0001:000011ae       ?UpdateRegistryFromResourceD@CComModule@ATL@@UAGJIHPAU_ATL_REGMAP_ENTRY@2@@Z 100021ae f i CAT.obj
 0001:000011ae       ?UpdateRegistryFromResourceD@CComModule@ATL@@UAGJPB_WHPAU_ATL_REGMAP_ENTRY@2@@Z 100021ae f i CAT.obj
 0001:000011b6       ?UpdateRegistryFromResource@CComModule@ATL@@UAGJPB_WHPAU_ATL_REGMAP_ENTRY@2@@Z 100021b6 f i CAT.obj
 0001:000011bf       ?UpdateRegistryFromResource@CComModule@ATL@@UAGJIHPAU_ATL_REGMAP_ENTRY@2@@Z 100021bf f i CAT.obj
 0001:000011c8       ??_GCComModule@ATL@@UAEPAXI@Z 100021c8 f i CAT.obj
 0001:000011c8       ??_ECComModule@ATL@@UAEPAXI@Z 100021c8 f i CAT.obj
 0001:000011f0       ?GetWindowProc@?$CWindowImplBaseT@VCWindow@ATL@@V?$CWinTraits@$0FGAAAAAA@$0A@@2@@ATL@@UAEP6GJPAUHWND__@@IIJ@ZXZ 100021f0 f i CAT.obj
 0001:000011f6       ?StartWindowProc@?$CWindowImplBaseT@VCWindow@ATL@@V?$CWinTraits@$0FGAAAAAA@$0A@@2@@ATL@@SGJPAUHWND__@@IIJ@Z 100021f6 f i CAT.obj
 0001:0000124a       ?GetTypeInfoCount@?$IDispatchImpl@UIOPOSCAT@@$1?IID_IOPOSCAT@@3U_GUID@@B$1?LIBID_OposCAT_CCO@@3U3@B$00$0A@VCComTypeInfoHolder@ATL@@@ATL@@UAGJPAI@Z 1000224a f i CAT.obj
 0001:00001267       ?GetTypeInfo@?$IDispatchImpl@UIOPOSCAT@@$1?IID_IOPOSCAT@@3U_GUID@@B$1?LIBID_OposCAT_CCO@@3U3@B$00$0A@VCComTypeInfoHolder@ATL@@@ATL@@UAGJIKPAPAUITypeInfo@@@Z 10002267 f i CAT.obj
 0001:0000128b       ?GetIDsOfNames@?$IDispatchImpl@UIOPOSCAT@@$1?IID_IOPOSCAT@@3U_GUID@@B$1?LIBID_OposCAT_CCO@@3U3@B$00$0A@VCComTypeInfoHolder@ATL@@@ATL@@UAGJABU_GUID@@PAPA_WIKPAJ@Z 1000228b f i CAT.obj
 0001:000012ab       ?Invoke@?$IDispatchImpl@UIOPOSCAT@@$1?IID_IOPOSCAT@@3U_GUID@@B$1?LIBID_OposCAT_CCO@@3U3@B$00$0A@VCComTypeInfoHolder@ATL@@@ATL@@UAGJJABU_GUID@@KGPAUtagDISPPARAMS@@PAUtagVARIANT@@PAUtagEXCEPINFO@@PAI@Z 100022ab f i CAT.obj
 0001:000012b9       ?CreateControlWindow@?$CComControl@VCOPOSCAT@@V?$CWindowImpl@VCOPOSCAT@@VCWindow@ATL@@V?$CWinTraits@$0FGAAAAAA@$0A@@3@@ATL@@@ATL@@UAEPAUHWND__@@PAU3@AAUtagRECT@@@Z 100022b9 f i CAT.obj
 0001:000012e8       ?ControlQueryInterface@?$CComControl@VCOPOSCAT@@V?$CWindowImpl@VCOPOSCAT@@VCWindow@ATL@@V?$CWinTraits@$0FGAAAAAA@$0A@@3@@ATL@@@ATL@@UAEJABU_GUID@@PAPAX@Z 100022e8 f i CAT.obj
 0001:00001303       ?GetUserClassID@?$IOleObjectImpl@VCOPOSCAT@@@ATL@@UAGJPAU_GUID@@@Z 10002303 f i CAT.obj
 0001:00001303       ?GetClassID@?$IPersistStreamInitImpl@VCOPOSCAT@@@ATL@@UAGJPAU_GUID@@@Z 10002303 f i CAT.obj
 0001:00001303       ?GetClassID@?$IPersistStorageImpl@VCOPOSCAT@@@ATL@@UAGJPAU_GUID@@@Z 10002303 f i CAT.obj
 0001:00001327       ?IsDirty@?$IPersistStreamInitImpl@VCOPOSCAT@@@ATL@@UAGJXZ 10002327 f i CAT.obj
 0001:00001346       ?Load@?$IPersistStreamInitImpl@VCOPOSCAT@@@ATL@@UAGJPAUIStream@@@Z 10002346 f i CAT.obj
 0001:00001365       ?Save@?$IPersistStreamInitImpl@VCOPOSCAT@@@ATL@@UAGJPAUIStream@@H@Z 10002365 f i CAT.obj
 0001:00001387       ?GetSizeMax@?$IPersistStreamInitImpl@VCOPOSCAT@@@ATL@@UAGJPAT_ULARGE_INTEGER@@@Z 10002387 f i CAT.obj
 0001:0000153c       ?InitNew@?$IPersistStreamInitImpl@VCOPOSCAT@@@ATL@@UAGJXZ 1000253c f i CAT.obj
 0001:00001559       ?ContextSensitiveHelp@?$IOleInPlaceActiveObjectImpl@VCOPOSCAT@@@ATL@@UAGJH@Z 10002559 f i CAT.obj
 0001:00001559       ?GetControlInfo@?$IOleControlImpl@VCOPOSCAT@@@ATL@@UAGJPAUtagCONTROLINFO@@@Z 10002559 f i CAT.obj
 0001:00001559       ?Unfreeze@?$IViewObjectExImpl@VCOPOSCAT@@@ATL@@UAGJK@Z 10002559 f i CAT.obj
 0001:00001559       ?OnMnemonic@?$IOleControlImpl@VCOPOSCAT@@@ATL@@UAGJPAUtagMSG@@@Z 10002559 f i CAT.obj
 0001:00001559       ?GetDropTarget@?$IOleInPlaceObjectWindowlessImpl@VCOPOSCAT@@@ATL@@UAGJPAPAUIDropTarget@@@Z 10002559 f i CAT.obj
 0001:00001559       ?SetColorScheme@?$IOleObjectImpl@VCOPOSCAT@@@ATL@@UAGJPAUtagLOGPALETTE@@@Z 10002559 f i CAT.obj
 0001:00001559       ?SODataDummy@COPOSCAT@@MAGJJ@Z 10002559 f i CAT.obj
 0001:00001559       ?ContextSensitiveHelp@?$IOleInPlaceObjectWindowlessImpl@VCOPOSCAT@@@ATL@@UAGJH@Z 10002559 f i CAT.obj
 0001:00001559       ?QueryGetData@?$IDataObjectImpl@VCOPOSCAT@@@ATL@@UAGJPAUtagFORMATETC@@@Z 10002559 f i CAT.obj
 0001:00001561       ?OnAmbientPropertyChange@?$IOleControlImpl@VCOPOSCAT@@@ATL@@UAGJJ@Z 10002561 f i CAT.obj
 0001:00001561       ?SaveCompleted@?$IPersistStorageImpl@VCOPOSCAT@@@ATL@@UAGJPAUIStorage@@@Z 10002561 f i CAT.obj
 0001:00001561       ?OnFrameWindowActivate@?$IOleInPlaceActiveObjectImpl@VCOPOSCAT@@@ATL@@UAGJH@Z 10002561 f i CAT.obj
 0001:00001561       ?EnableModeless@?$IOleInPlaceActiveObjectImpl@VCOPOSCAT@@@ATL@@UAGJH@Z 10002561 f i CAT.obj
 0001:00001566       ?SetClientSite@?$IOleObjectImpl@VCOPOSCAT@@@ATL@@UAGJPAUIOleClientSite@@@Z 10002566 f i CAT.obj
 0001:00001583       ?GetClientSite@?$IOleObjectImpl@VCOPOSCAT@@@ATL@@UAGJPAPAUIOleClientSite@@@Z 10002583 f i CAT.obj
 0001:000015a0       ?SetHostNames@?$IOleObjectImpl@VCOPOSCAT@@@ATL@@UAGJPB_W0@Z 100025a0 f i CAT.obj
 0001:000015a5       ?Close@?$IOleObjectImpl@VCOPOSCAT@@@ATL@@UAGJK@Z 100025a5 f i CAT.obj
 0001:000015c2       ?QueryInterface@CRegObject@ATL@@UAGJABU_GUID@@PAPAX@Z 100025c2 f i CAT.obj
 0001:000015c2       ?GetClipboardData@?$IOleObjectImpl@VCOPOSCAT@@@ATL@@UAGJKPAPAUIDataObject@@@Z 100025c2 f i CAT.obj
 0001:000015c2       ?EnumFormatEtc@?$IDataObjectImpl@VCOPOSCAT@@@ATL@@UAGJKPAPAUIEnumFORMATETC@@@Z 100025c2 f i CAT.obj
 0001:000015c2       ?GetRect@?$IViewObjectExImpl@VCOPOSCAT@@@ATL@@UAGJKPAU_RECTL@@@Z 100025c2 f i CAT.obj
 0001:000015c2       ?GetCanonicalFormatEtc@?$IDataObjectImpl@VCOPOSCAT@@@ATL@@UAGJPAUtagFORMATETC@@0@Z 100025c2 f i CAT.obj
 0001:000015c2       ?SetMoniker@?$IOleObjectImpl@VCOPOSCAT@@@ATL@@UAGJKPAUIMoniker@@@Z 100025c2 f i CAT.obj
 0001:000015c2       ?GetDataHere@?$IDataObjectImpl@VCOPOSCAT@@@ATL@@UAGJPAUtagFORMATETC@@PAUtagSTGMEDIUM@@@Z 100025c2 f i CAT.obj
 0001:000015ca       ?SetData@?$IDataObjectImpl@VCOPOSCAT@@@ATL@@UAGJPAUtagFORMATETC@@PAUtagSTGMEDIUM@@H@Z 100025ca f i CAT.obj
 0001:000015ca       ?GetMoniker@?$IOleObjectImpl@VCOPOSCAT@@@ATL@@UAGJKKPAPAUIMoniker@@@Z 100025ca f i CAT.obj
 0001:000015ca       ?InitFromData@?$IOleObjectImpl@VCOPOSCAT@@@ATL@@UAGJPAUIDataObject@@HK@Z 100025ca f i CAT.obj
 0001:000015d2       ?DoVerb@?$IOleObjectImpl@VCOPOSCAT@@@ATL@@UAGJJPAUtagMSG@@PAUIOleClientSite@@JPAUHWND__@@PBUtagRECT@@@Z 100025d2 f i CAT.obj
 0001:000016ea       ?EnumVerbs@?$IOleObjectImpl@VCOPOSCAT@@@ATL@@UAGJPAPAUIEnumOLEVERB@@@Z 100026ea f i CAT.obj
 0001:0000170c       ?IsUpToDate@?$IOleObjectImpl@VCOPOSCAT@@@ATL@@UAGJXZ 1000270c f i CAT.obj
 0001:0000170c       ?Update@?$IOleObjectImpl@VCOPOSCAT@@@ATL@@UAGJXZ 1000270c f i CAT.obj
 0001:0000170c       ?Release@CRegObject@ATL@@UAGKXZ 1000270c f i CAT.obj
 0001:0000170c       ?HandsOffStorage@?$IPersistStorageImpl@VCOPOSCAT@@@ATL@@UAGJXZ 1000270c f i CAT.obj
 0001:00001711       ?GetUserType@?$IOleObjectImpl@VCOPOSCAT@@@ATL@@UAGJKPAPA_W@Z 10002711 f i CAT.obj
 0001:00001729       ?SetExtent@?$IOleObjectImpl@VCOPOSCAT@@@ATL@@UAGJKPAUtagSIZE@@@Z 10002729 f i CAT.obj
 0001:00001749       ?GetExtent@?$IOleObjectImpl@VCOPOSCAT@@@ATL@@UAGJKPAUtagSIZE@@@Z 10002749 f i CAT.obj
 0001:00001787       ?Advise@?$IOleObjectImpl@VCOPOSCAT@@@ATL@@UAGJPAUIAdviseSink@@PAK@Z 10002787 f i CAT.obj
 0001:000017a7       ?Unadvise@?$IOleObjectImpl@VCOPOSCAT@@@ATL@@UAGJK@Z 100027a7 f i CAT.obj
 0001:000017d6       ?EnumAdvise@?$IOleObjectImpl@VCOPOSCAT@@@ATL@@UAGJPAPAUIEnumSTATDATA@@@Z 100027d6 f i CAT.obj
 0001:00001816       ?GetMiscStatus@?$IOleObjectImpl@VCOPOSCAT@@@ATL@@UAGJKPAK@Z 10002816 f i CAT.obj
 0001:0000182e       ?GetWindow@?$IOleInPlaceActiveObjectImpl@VCOPOSCAT@@@ATL@@UAGJPAPAUHWND__@@@Z 1000282e f i CAT.obj
 0001:0000187b       ?TranslateAcceleratorW@?$IOleInPlaceActiveObjectImpl@VCOPOSCAT@@@ATL@@UAGJPAUtagMSG@@@Z 1000287b f i CAT.obj
 0001:00001919       ?OnDocWindowActivate@?$IOleInPlaceActiveObjectImpl@VCOPOSCAT@@@ATL@@UAGJH@Z 10002919 f i CAT.obj
 0001:0000193b       ?ResizeBorder@?$IOleInPlaceActiveObjectImpl@VCOPOSCAT@@@ATL@@UAGJPBUtagRECT@@PAUIOleInPlaceUIWindow@@H@Z 1000293b f i CAT.obj
 0001:00001940       ?Draw@?$IViewObjectExImpl@VCOPOSCAT@@@ATL@@UAGJKJPAXPAUtagDVTARGETDEVICE@@PAUHDC__@@2PBU_RECTL@@3P6GHK@ZK@Z 10002940 f i CAT.obj
 0001:00001972       ?GetColorSet@?$IViewObjectExImpl@VCOPOSCAT@@@ATL@@UAGJKJPAXPAUtagDVTARGETDEVICE@@PAUHDC__@@PAPAUtagLOGPALETTE@@@Z 10002972 f i CAT.obj
 0001:0000197a       ?Freeze@?$IViewObjectExImpl@VCOPOSCAT@@@ATL@@UAGJKJPAXPAK@Z 1000297a f i CAT.obj
 0001:00001982       ?SetAdvise@?$IViewObjectExImpl@VCOPOSCAT@@@ATL@@UAGJKKPAUIAdviseSink@@@Z 10002982 f i CAT.obj
 0001:000019a1       ?GetAdvise@?$IViewObjectExImpl@VCOPOSCAT@@@ATL@@UAGJPAK0PAPAUIAdviseSink@@@Z 100029a1 f i CAT.obj
 0001:000019d6       ?GetExtent@?$IViewObjectExImpl@VCOPOSCAT@@@ATL@@UAGJKJPAUtagDVTARGETDEVICE@@PAUtagSIZE@@@Z 100029d6 f i CAT.obj
 0001:00001a07       ?GetViewStatus@?$IViewObjectExImpl@VCOPOSCAT@@@ATL@@UAGJPAK@Z 10002a07 f i CAT.obj
 0001:00001a24       ?QueryHitPoint@?$IViewObjectExImpl@VCOPOSCAT@@@ATL@@UAGJKPBUtagRECT@@UtagPOINT@@JPAK@Z 10002a24 f i CAT.obj
 0001:00001a65       ?QueryHitRect@?$IViewObjectExImpl@VCOPOSCAT@@@ATL@@UAGJKPBUtagRECT@@0JPAK@Z 10002a65 f i CAT.obj
 0001:00001ac0       ?GetNaturalExtent@?$IViewObjectExImpl@VCOPOSCAT@@@ATL@@UAGJKJPAUtagDVTARGETDEVICE@@PAUHDC__@@PAUtagExtentInfo@@PAUtagSIZE@@@Z 10002ac0 f i CAT.obj
 0001:00001b0b       ?GetWindow@?$IOleInPlaceObjectWindowlessImpl@VCOPOSCAT@@@ATL@@UAGJPAPAUHWND__@@@Z 10002b0b f i CAT.obj
 0001:00001b58       ?InPlaceDeactivate@?$IOleInPlaceObjectWindowlessImpl@VCOPOSCAT@@@ATL@@UAGJXZ 10002b58 f i CAT.obj
 0001:00001b72       ?UIDeactivate@?$IOleInPlaceObjectWindowlessImpl@VCOPOSCAT@@@ATL@@UAGJXZ 10002b72 f i CAT.obj
 0001:00001b8c       ?SetObjectRects@?$IOleInPlaceObjectWindowlessImpl@VCOPOSCAT@@@ATL@@UAGJPBUtagRECT@@0@Z 10002b8c f i CAT.obj
 0001:00001bac       ?ReactivateAndUndo@?$IOleInPlaceObjectWindowlessImpl@VCOPOSCAT@@@ATL@@UAGJXZ 10002bac f i CAT.obj
 0001:00001bb4       ?OnWindowMessage@?$IOleInPlaceObjectWindowlessImpl@VCOPOSCAT@@@ATL@@UAGJIIJPAJ@Z 10002bb4 f i CAT.obj
 0001:00001c24       ?EnumConnectionPoints@?$IConnectionPointContainerImpl@VCOPOSCAT@@@ATL@@UAGJPAPAUIEnumConnectionPoints@@@Z 10002c24 f i CAT.obj
 0001:00001d9e       ?FindConnectionPoint@?$IConnectionPointContainerImpl@VCOPOSCAT@@@ATL@@UAGJABU_GUID@@PAPAUIConnectionPoint@@@Z 10002d9e f i CAT.obj
 0001:00001e41       ?IsDirty@?$IPersistStorageImpl@VCOPOSCAT@@@ATL@@UAGJXZ 10002e41 f i CAT.obj
 0001:00001e75       ?InitNew@?$IPersistStorageImpl@VCOPOSCAT@@@ATL@@UAGJPAUIStorage@@@Z 10002e75 f i CAT.obj
 0001:00001ea9       ?Load@?$IPersistStorageImpl@VCOPOSCAT@@@ATL@@UAGJPAUIStorage@@@Z 10002ea9 f i CAT.obj
 0001:00001f15       ?Save@?$IPersistStorageImpl@VCOPOSCAT@@@ATL@@UAGJPAUIStorage@@H@Z 10002f15 f i CAT.obj
 0001:00001f88       ?GetPages@?$ISpecifyPropertyPagesImpl@VCOPOSCAT@@@ATL@@UAGJPAUtagCAUUID@@@Z 10002f88 f i CAT.obj
 0001:00001f9f       ?QuickActivate@?$IQuickActivateImpl@VCOPOSCAT@@@ATL@@UAGJPAUtagQACONTAINER@@PAUtagQACONTROL@@@Z 10002f9f f i CAT.obj
 0001:00001fc2       ?SetContentExtent@?$IQuickActivateImpl@VCOPOSCAT@@@ATL@@UAGJPAUtagSIZE@@@Z 10002fc2 f i CAT.obj
 0001:00001fee       ?GetContentExtent@?$IQuickActivateImpl@VCOPOSCAT@@@ATL@@UAGJPAUtagSIZE@@@Z 10002fee f i CAT.obj
 0001:0000200e       ?GetData@?$IDataObjectImpl@VCOPOSCAT@@@ATL@@UAGJPAUtagFORMATETC@@PAUtagSTGMEDIUM@@@Z 1000300e f i CAT.obj
 0001:00002031       ?DAdvise@?$IDataObjectImpl@VCOPOSCAT@@@ATL@@UAGJPAUtagFORMATETC@@KPAUIAdviseSink@@PAK@Z 10003031 f i CAT.obj
 0001:00002072       ?DUnadvise@?$IDataObjectImpl@VCOPOSCAT@@@ATL@@UAGJK@Z 10003072 f i CAT.obj
 0001:000020a0       ?EnumDAdvise@?$IDataObjectImpl@VCOPOSCAT@@@ATL@@UAGJPAPAUIEnumSTATDATA@@@Z 100030a0 f i CAT.obj
 0001:000020df       ?GetClassInfoW@?$IProvideClassInfo2Impl@$1?CLSID_OPOSCAT@@3U_GUID@@B$1?DIID__IOPOSCATEvents@@3U2@B$1?LIBID_OposCAT_CCO@@3U2@B$00$0A@VCComTypeInfoHolder@ATL@@@ATL@@UAGJPAPAUITypeInfo@@@Z 100030df f i CAT.obj
 0001:000020f5       ?GetGUID@?$IProvideClassInfo2Impl@$1?CLSID_OPOSCAT@@3U_GUID@@B$1?DIID__IOPOSCATEvents@@3U2@B$1?LIBID_OposCAT_CCO@@3U2@B$00$0A@VCComTypeInfoHolder@ATL@@@ATL@@UAGJKPAU_GUID@@@Z 100030f5 f i CAT.obj
 0001:00002133       ?FAccessAllowed@?$IObjectSafetyImpl@VCOPOSCAT@@$02@ATL@@MAEHXZ 10003133 f i CAT.obj
 0001:00002133       __get_startup_argv_mode    10003133 f i LIBCMT:argv_mode.obj
 0001:00002137       ?GetInterfaceSafetyOptions@?$IObjectSafetyImpl@VCOPOSCAT@@$02@ATL@@UAGJABU_GUID@@PAK1@Z 10003137 f i CAT.obj
 0001:000021ab       ?SetInterfaceSafetyOptions@?$IObjectSafetyImpl@VCOPOSCAT@@$02@ATL@@UAGJABU_GUID@@KK@Z 100031ab f i CAT.obj
 0001:00002225       ?_LocCPQueryInterface@?$IConnectionPointImpl@VCOPOSCAT@@$1?DIID__IOPOSCATEvents@@3U_GUID@@BVCComDynamicUnkArray@ATL@@@ATL@@UAGJABU_GUID@@PAPAX@Z 10003225 f i CAT.obj
 0001:00002225       ?_LocCPQueryInterface@?$IConnectionPointImpl@VCOPOSCAT@@$1?IID_IPropertyNotifySink@@3U_GUID@@BVCComDynamicUnkArray@ATL@@@ATL@@UAGJABU_GUID@@PAPAX@Z 10003225 f i CAT.obj
 0001:00002272       ?GetConnectionInterface@?$IConnectionPointImpl@VCOPOSCAT@@$1?IID_IPropertyNotifySink@@3U_GUID@@BVCComDynamicUnkArray@ATL@@@ATL@@UAGJPAU_GUID@@@Z 10003272 f i CAT.obj
 0001:00002296       ?GetConnectionPointContainer@?$IConnectionPointImpl@VCOPOSCAT@@$1?IID_IPropertyNotifySink@@3U_GUID@@BVCComDynamicUnkArray@ATL@@@ATL@@UAGJPAPAUIConnectionPointContainer@@@Z 10003296 f i CAT.obj
 0001:000022b9       ?Advise@?$IConnectionPointImpl@VCOPOSCAT@@$1?DIID__IOPOSCATEvents@@3U_GUID@@BVCComDynamicUnkArray@ATL@@@ATL@@UAGJPAUIUnknown@@PAK@Z 100032b9 f i CAT.obj
 0001:000022b9       ?Advise@?$IConnectionPointImpl@VCOPOSCAT@@$1?IID_IPropertyNotifySink@@3U_GUID@@BVCComDynamicUnkArray@ATL@@@ATL@@UAGJPAUIUnknown@@PAK@Z 100032b9 f i CAT.obj
 0001:0000235a       ?Unadvise@?$IConnectionPointImpl@VCOPOSCAT@@$1?IID_IPropertyNotifySink@@3U_GUID@@BVCComDynamicUnkArray@ATL@@@ATL@@UAGJK@Z 1000335a f i CAT.obj
 0001:0000235a       ?Unadvise@?$IConnectionPointImpl@VCOPOSCAT@@$1?DIID__IOPOSCATEvents@@3U_GUID@@BVCComDynamicUnkArray@ATL@@@ATL@@UAGJK@Z 1000335a f i CAT.obj
 0001:0000239a       ?EnumConnections@?$IConnectionPointImpl@VCOPOSCAT@@$1?DIID__IOPOSCATEvents@@3U_GUID@@BVCComDynamicUnkArray@ATL@@@ATL@@UAGJPAPAUIEnumConnections@@@Z 1000339a f i CAT.obj
 0001:0000239a       ?EnumConnections@?$IConnectionPointImpl@VCOPOSCAT@@$1?IID_IPropertyNotifySink@@3U_GUID@@BVCComDynamicUnkArray@ATL@@@ATL@@UAGJPAPAUIEnumConnections@@@Z 1000339a f i CAT.obj
 0001:000024a0       ?AddRef@CRegObject@ATL@@UAGKXZ 100034a0 f i CAT.obj
 0001:000024a6       ?AddReplacement@CRegObject@ATL@@UAGJPB_W0@Z 100034a6 f i CAT.obj
 0001:000024df       ?ClearReplacements@CRegObject@ATL@@UAGJXZ 100034df f i CAT.obj
 0001:000024f1       ?GetConnectionInterface@?$IConnectionPointImpl@VCOPOSCAT@@$1?DIID__IOPOSCATEvents@@3U_GUID@@BVCComDynamicUnkArray@ATL@@@ATL@@UAGJPAU_GUID@@@Z 100034f1 f i CAT.obj
 0001:00002515       ?GetConnectionPointContainer@?$IConnectionPointImpl@VCOPOSCAT@@$1?DIID__IOPOSCATEvents@@3U_GUID@@BVCComDynamicUnkArray@ATL@@@ATL@@UAGJPAPAUIConnectionPointContainer@@@Z 10003515 f i CAT.obj
 0001:00002538       ??_ECRegObject@ATL@@UAEPAXI@Z 10003538 f i CAT.obj
 0001:00002538       ??_GCRegObject@ATL@@UAEPAXI@Z 10003538 f i CAT.obj
 0001:0000255a       ?UpdateRegistry@COPOSCAT@@SGJH@Z 1000355a f i CAT.obj
 0001:00002572       ?ProcessWindowMessage@COPOSCAT@@UAEHPAUHWND__@@IIJAAJK@Z 10003572 f i CAT.obj
 0001:000025bb       ?SODirectIO@COPOSCAT@@MAGJJPAJPAPA_W@Z 100035bb f i CAT.obj
 0001:00002604       ?SOError@COPOSCAT@@MAGJJJJPAJ@Z 10003604 f i CAT.obj
 0001:00002659       ?SOOutputComplete@COPOSCAT@@MAGJJ@Z 10003659 f i CAT.obj
 0001:00002692       ?SOStatusUpdate@COPOSCAT@@MAGJJ@Z 10003692 f i CAT.obj
 0001:000026cb       ?CreateInstance@?$CComCreator@V?$CComObjectCached@VCComClassFactory@ATL@@@ATL@@@ATL@@SGJPAXABU_GUID@@PAPAX@Z 100036cb f i CAT.obj
 0001:0000275e       ?CreateInstance@?$CComCreator2@V?$CComCreator@V?$CComObject@VCOPOSCAT@@@ATL@@@ATL@@V?$CComCreator@V?$CComAggObject@VCOPOSCAT@@@ATL@@@2@@ATL@@SGJPAXABU_GUID@@PAPAX@Z 1000375e f i CAT.obj
 0001:0000277e       ?Next@?$CComEnumImpl@UIEnumConnectionPoints@@$1?_GUID_b196b285_bab4_101a_b69c_00aa00341d07@@3U__s_GUID@@BPAUIConnectionPoint@@V?$_CopyInterface@UIConnectionPoint@@@ATL@@@ATL@@UAGJKPAPAUIConnectionPoint@@PAK@Z 1000377e f i CAT.obj
 0001:00002855       ?Skip@?$CComEnumImpl@UIEnumConnectionPoints@@$1?_GUID_b196b285_bab4_101a_b69c_00aa00341d07@@3U__s_GUID@@BPAUIConnectionPoint@@V?$_CopyInterface@UIConnectionPoint@@@ATL@@@ATL@@UAGJK@Z 10003855 f i CAT.obj
 0001:00002882       ?Clone@?$CComEnumImpl@UIEnumConnectionPoints@@$1?_GUID_b196b285_bab4_101a_b69c_00aa00341d07@@3U__s_GUID@@BPAUIConnectionPoint@@V?$_CopyInterface@UIConnectionPoint@@@ATL@@@ATL@@UAGJPAPAUIEnumConnectionPoints@@@Z 10003882 f i CAT.obj
 0001:00002961       ?QueryInterface@?$CComObject@V?$CComEnum@UIEnumConnectionPoints@@$1?_GUID_b196b285_bab4_101a_b69c_00aa00341d07@@3U__s_GUID@@BPAUIConnectionPoint@@V?$_CopyInterface@UIConnectionPoint@@@ATL@@VCComSingleThreadModel@6@@ATL@@@ATL@@UAGJABU_GUID@@PAPAX@Z 10003961 f i CAT.obj
 0001:0000297b       ??_G?$CComObject@V?$CComEnum@UIEnumConnectionPoints@@$1?_GUID_b196b285_bab4_101a_b69c_00aa00341d07@@3U__s_GUID@@BPAUIConnectionPoint@@V?$_CopyInterface@UIConnectionPoint@@@ATL@@VCComSingleThreadModel@6@@ATL@@@ATL@@UAEPAXI@Z 1000397b f i CAT.obj
 0001:0000297b       ??_E?$CComObject@V?$CComEnum@UIEnumConnectionPoints@@$1?_GUID_b196b285_bab4_101a_b69c_00aa00341d07@@3U__s_GUID@@BPAUIConnectionPoint@@V?$_CopyInterface@UIConnectionPoint@@@ATL@@VCComSingleThreadModel@6@@ATL@@@ATL@@UAEPAXI@Z 1000397b f i CAT.obj
 0001:0000299d       ??$?4UITypeInfo2@@@?$CComPtr@UITypeInfo@@@ATL@@QAEPAUITypeInfo@@ABV?$CComPtr@UITypeInfo2@@@1@@Z 1000399d f i CAT.obj
 0001:000029ca       ??$AtlAdd@K@ATL@@YAJPAKKK@Z 100039ca f i CAT.obj
 0001:000029ed       ??$AtlAdd@_K@ATL@@YAJPA_K_K1@Z 100039ed f i CAT.obj
 0001:00002a25       ??$AtlAddThrow@K@ATL@@YAKKK@Z 10003a25 f i CAT.obj
 0001:00002a4b       ??$AtlModuleRegisterWndClassInfoT@VAtlModuleRegisterWndClassInfoParamW@ATL@@@ATL@@YAGPAU_ATL_BASE_MODULE70@0@PAU_ATL_WIN_MODULE70@0@PAU_ATL_WNDCLASSINFOW@0@PAP6GJPAUHWND__@@IIJ@ZVAtlModuleRegisterWndClassInfoParamW@0@@Z 10003a4b f i CAT.obj
 0001:00002b99       ??$AtlMultiply@H@ATL@@YAJPAHHH@Z 10003b99 f i CAT.obj
 0001:00002bd1       ??$AtlMultiply@K@ATL@@YAJPAKKK@Z 10003bd1 f i CAT.obj
 0001:00002bd1       ??$AtlMultiply@I@ATL@@YAJPAIII@Z 10003bd1 f i CAT.obj
 0001:00002bf3       ??$AtlMultiplyThrow@I@ATL@@YAIII@Z 10003bf3 f i CAT.obj
 0001:00002c19       ??0?$CComAggObject@VCOPOSCAT@@@ATL@@QAE@PAX@Z 10003c19 f i CAT.obj
 0001:00002c46       ??0?$CComContainedObject@VCOPOSCAT@@@ATL@@QAE@PAX@Z 10003c46 f i CAT.obj
 0001:00002cff       ??0?$CComObject@V?$CComEnum@UIEnumConnectionPoints@@$1?_GUID_b196b285_bab4_101a_b69c_00aa00341d07@@3U__s_GUID@@BPAUIConnectionPoint@@V?$_CopyInterface@UIConnectionPoint@@@ATL@@VCComSingleThreadModel@6@@ATL@@@ATL@@QAE@PAX@Z 10003cff f i CAT.obj
 0001:00002d2d       ??0?$CComObject@V?$CComEnum@UIEnumConnections@@$1?_GUID_b196b287_bab4_101a_b69c_00aa00341d07@@3U__s_GUID@@BUtagCONNECTDATA@@V?$_Copy@UtagCONNECTDATA@@@ATL@@VCComSingleThreadModel@6@@ATL@@@ATL@@QAE@PAX@Z 10003d2d f i CAT.obj
 0001:00002d5b       ??0?$CComObject@VCOPOSCAT@@@ATL@@QAE@PAX@Z 10003d5b f i CAT.obj
 0001:00002e12       ??0?$CComQIPtr@UIOleControlSite@@$1?_GUID_b196b289_bab4_101a_b69c_00aa00341d07@@3U__s_GUID@@B@ATL@@QAE@PAUIUnknown@@@Z 10003e12 f i CAT.obj
 0001:00002e3b       ??0CAtlModule@ATL@@QAE@XZ  10003e3b f i CAT.obj
 0001:00002e7c       ??0CParseBuffer@CRegParser@ATL@@QAE@H@Z 10003e7c f i CAT.obj
 0001:00002eb2       ??0_ATL_MSG@ATL@@QAE@PAUHWND__@@IIJH@Z 10003eb2 f i CAT.obj
 0001:00002eea       ??1?$CComAggObject@VCOPOSCAT@@@ATL@@UAE@XZ 10003eea f i CAT.obj
 0001:00002f0e       ??1?$CComEnumImpl@UIEnumConnectionPoints@@$1?_GUID_b196b285_bab4_101a_b69c_00aa00341d07@@3U__s_GUID@@BPAUIConnectionPoint@@V?$_CopyInterface@UIConnectionPoint@@@ATL@@@ATL@@UAE@XZ 10003f0e f i CAT.obj
 0001:00002f4e       ??1?$CComEnumImpl@UIEnumConnections@@$1?_GUID_b196b287_bab4_101a_b69c_00aa00341d07@@3U__s_GUID@@BUtagCONNECTDATA@@V?$_Copy@UtagCONNECTDATA@@@ATL@@@ATL@@UAE@XZ 10003f4e f i CAT.obj
 0001:00002f8e       ??1?$CComObject@V?$CComEnum@UIEnumConnectionPoints@@$1?_GUID_b196b285_bab4_101a_b69c_00aa00341d07@@3U__s_GUID@@BPAUIConnectionPoint@@V?$_CopyInterface@UIConnectionPoint@@@ATL@@VCComSingleThreadModel@6@@ATL@@@ATL@@UAE@XZ 10003f8e f i CAT.obj
 0001:00002fb1       ??1?$CComObject@V?$CComEnum@UIEnumConnections@@$1?_GUID_b196b287_bab4_101a_b69c_00aa00341d07@@3U__s_GUID@@BUtagCONNECTDATA@@V?$_Copy@UtagCONNECTDATA@@@ATL@@VCComSingleThreadModel@6@@ATL@@@ATL@@UAE@XZ 10003fb1 f i CAT.obj
 0001:00002fd4       ??1?$CComObject@VCOPOSCAT@@@ATL@@UAE@XZ 10003fd4 f i CAT.obj
 0001:00003092       ??1?$CComObjectCached@VCComClassFactory@ATL@@@ATL@@UAE@XZ 10004092 f i CAT.obj
 0001:000030a8       ??1?$CComObjectRootEx@VCComMultiThreadModel@ATL@@@ATL@@QAE@XZ 100040a8 f i CAT.obj
 0001:000030bd       ??1CRegObject@ATL@@UAE@XZ  100040bd f i CAT.obj
 0001:000030dd       ??4?$CComPtr@UIUnknown@@@ATL@@QAEPAUIUnknown@@PAU2@@Z 100040dd f i CAT.obj
 0001:000030dd       ??4?$CComPtr@UIAdviseSink@@@ATL@@QAEPAUIAdviseSink@@PAU2@@Z 100040dd f i CAT.obj
 0001:000030dd       ??4?$CComPtr@UIOleClientSite@@@ATL@@QAEPAUIOleClientSite@@PAU2@@Z 100040dd f i CAT.obj
 0001:00003111       ??4?$CComQIPtr@UIOleObject@@$1?_GUID_00000112_0000_0000_c000_000000000046@@3U__s_GUID@@B@ATL@@QAEPAUIOleObject@@PAUIUnknown@@@Z 10004111 f i CAT.obj
 0001:00003136       ??4?$CComQIPtr@UISpecifyPropertyPages@@$1?_GUID_b196b28b_bab4_101a_b69c_00aa00341d07@@3U__s_GUID@@B@ATL@@QAEPAUISpecifyPropertyPages@@PAUIUnknown@@@Z 10004136 f i CAT.obj
 0001:0000315b       ??_E?$CComContainedObject@VCOPOSCAT@@@ATL@@UAEPAXI@Z 1000415b f i CAT.obj
 0001:0000315b       ??_G?$CComContainedObject@VCOPOSCAT@@@ATL@@UAEPAXI@Z 1000415b f i CAT.obj
 0001:00003180       ??_G?$CComObject@VCOPOSCAT@@@ATL@@UAEPAXI@Z 10004180 f i CAT.obj
 0001:00003180       ??_E?$CComObject@VCOPOSCAT@@@ATL@@UAEPAXI@Z 10004180 f i CAT.obj
 0001:000031a5       ?Add@?$CSimpleArray@GV?$CSimpleArrayEqualHelper@G@ATL@@@ATL@@QAEHABG@Z 100041a5 f i CAT.obj
 0001:00003229       ?Add@?$CSimpleMap@PA_WPA_WVCExpansionVectorEqualHelper@ATL@@@ATL@@QAEHABQA_W0@Z 10004229 f i CAT.obj
 0001:0000327e       ?Add@CComDynamicUnkArray@ATL@@QAEKPAUIUnknown@@@Z 1000427e f i CAT.obj
 0001:00003339       ?Add@CExpansionVector@ATL@@QAEHPB_W0@Z 10004339 f i CAT.obj
 0001:0000343d       ?AddString@CParseBuffer@CRegParser@ATL@@QAEHPB_W@Z 1000443d f i CAT.obj
 0001:00003472       ?AddValue@CRegParser@ATL@@IAEJAAVCRegKey@2@PB_WPA_W@Z 10004472 f i CAT.obj
 0001:00003793       ?Allocate@?$CAtlSafeAllocBufferManager@VCCRTAllocator@ATL@@@_ATL_SAFE_ALLOCA_IMPL@ATL@@QAEPAXK@Z 10004793 f i CAT.obj
 0001:000037c0       ?Allocate@?$CTempBuffer@E$0BAA@VCCRTAllocator@ATL@@@ATL@@QAEPAEI@Z 100047c0 f i CAT.obj
 0001:000037ef       ?Allocate@?$CTempBuffer@_W$0BAA@VCCRTAllocator@ATL@@@ATL@@QAEPA_WI@Z 100047ef f i CAT.obj
 0001:0000381e       ?Allocate@?$CTempBuffer@_W$0EAA@VCCRTAllocator@ATL@@@ATL@@QAEPA_WI@Z 1000481e f i CAT.obj
 0001:0000384d       ?AllocateHeap@?$CTempBuffer@_W$0BAA@VCCRTAllocator@ATL@@@ATL@@AAEXI@Z 1000484d f i CAT.obj
 0001:0000384d       ?AllocateHeap@?$CTempBuffer@_W$0EAA@VCCRTAllocator@ATL@@@ATL@@AAEXI@Z 1000484d f i CAT.obj
 0001:0000384d       ?AllocateHeap@?$CTempBuffer@E$0BAA@VCCRTAllocator@ATL@@@ATL@@AAEXI@Z 1000484d f i CAT.obj
 0001:00003872       ?Append@CParseBuffer@CRegParser@ATL@@QAEHPB_WH@Z 10004872 f i CAT.obj
 0001:00003900       ?AtlCallTermFunc@ATL@@YGXPAU_ATL_MODULE70@1@@Z 10004900 f i CAT.obj
 0001:00003944       ?AtlCoTaskMemCAlloc@ATL@@YAPAXKK@Z 10004944 f i CAT.obj
 0001:00003971       ?AtlCoTaskMemRecalloc@ATL@@YAPAXPAXKK@Z 10004971 f i CAT.obj
 0001:000039a1       ?AtlComModuleGetClassObject@ATL@@YGJPAU_ATL_COM_MODULE70@1@ABU_GUID@@1PAPAX@Z 100049a1 f i CAT.obj
 0001:00003a94       ?AtlComModuleRegisterServer@ATL@@YGJPAU_ATL_COM_MODULE70@1@HPBU_GUID@@@Z 10004a94 f i CAT.obj
 0001:00003b1c       ?AtlComModuleUnregisterServer@ATL@@YGJPAU_ATL_COM_MODULE70@1@HPBU_GUID@@@Z 10004b1c f i CAT.obj
 0001:00003ba4       ?AtlComQIPtrAssign2@ATL@@YAXPAPAUIUnknown@@PAU2@ABU_GUID@@@Z 10004ba4 f i CAT.obj
 0001:00003bd3       ?AtlCreateTargetDC@ATL@@YGPAUHDC__@@PAU2@PAUtagDVTARGETDEVICE@@@Z 10004bd3 f i CAT.obj
 0001:00003c3c       ?AtlCrtErrorCheck@ATL@@YAHH@Z 10004c3c f i CAT.obj
 0001:00003c77       ?AtlHiMetricToPixel@ATL@@YGXPBUtagSIZE@@PAU2@@Z 10004c77 f i CAT.obj
 0001:00003cec       ?AtlHresultFromLastError@ATL@@YAJXZ 10004cec f i CAT.obj
 0001:00003d03       ?AtlHresultFromWin32@ATL@@YAJK@Z 10004d03 f i CAT.obj
 0001:00003d18       ?AtlIPersistStreamInit_Load@ATL@@YGJPAUIStream@@PBUATL_PROPMAP_ENTRY@1@PAXPAUIUnknown@@@Z 10004d18 f i CAT.obj
 0001:00003ef8       ?AtlIPersistStreamInit_Save@ATL@@YGJPAUIStream@@HPBUATL_PROPMAP_ENTRY@1@PAXPAUIUnknown@@@Z 10004ef8 f i CAT.obj
 0001:00004090       ?AtlInternalOleLoadFromStream@ATL@@YAJPAUIStream@@ABU_GUID@@PAPAXTClassesAllowedInStream@1@K@Z 10005090 f i CAT.obj
 0001:000041b6       ?AtlInternalQueryInterface@ATL@@YGJPAXPBU_ATL_INTMAP_ENTRY@1@ABU_GUID@@PAPAX@Z 100051b6 f i CAT.obj
 0001:00004259       ?AtlLoadTypeLib@ATL@@YGJPAUHINSTANCE__@@PB_WPAPA_WPAPAUITypeLib@@@Z 10005259 f i CAT.obj
 0001:00004437       ?AtlModuleAddTermFunc@ATL@@YGJPAU_ATL_MODULE70@1@P6GXK@ZK@Z 10005437 f i CAT.obj
 0001:00004494       ?AtlRegisterClassCategoriesHelper@ATL@@YGJABU_GUID@@PBU_ATL_CATMAP_ENTRY@1@H@Z 10005494 f i CAT.obj
 0001:00004774       ?AtlRegisterTypeLib@ATL@@YGJPAUHINSTANCE__@@PB_W@Z 10005774 f i CAT.obj
 0001:000048fc       ?AtlThrowImpl@ATL@@YGXJ@Z  100058fc f i CAT.obj
 0001:0000491a       ?AtlUnRegisterTypeLib@ATL@@YGJPAUHINSTANCE__@@PB_W@Z 1000591a f i CAT.obj
 0001:000049c5       ?AtlWinModuleAddCreateWndData@ATL@@YGXPAU_ATL_WIN_MODULE70@1@PAU_AtlCreateWndData@1@PAX@Z 100059c5 f i CAT.obj
 0001:00004a19       ?AtlWinModuleExtractCreateWndData@ATL@@YGPAXPAU_ATL_WIN_MODULE70@1@@Z 10005a19 f i CAT.obj
 0001:00004a7c       ?AtlWinModuleRegisterClassExW@ATL@@YGGPAU_ATL_WIN_MODULE70@1@PBUtagWNDCLASSEXW@@@Z 10005a7c f i CAT.obj
 0001:00004abb       ?CanForceRemoveKey@CRegParser@ATL@@IAEHPB_W@Z 10005abb f i CAT.obj
 0001:00004aea       ?ChToByte@CRegParser@ATL@@KAE_W@Z 10005aea f i CAT.obj
 0001:00004b1d       ?Cleanup@CComTypeInfoHolder@ATL@@SGXK@Z 10005b1d f i CAT.obj
 0001:00004b50       ?ClearReplacements@CExpansionVector@ATL@@QAEJXZ 10005b50 f i CAT.obj
 0001:00004b8d       ?Close@CRegKey@ATL@@QAEJXZ 10005b8d f i CAT.obj
 0001:00004ba7       ?CreateInstance@?$CComCreator@V?$CComAggObject@VCOPOSCAT@@@ATL@@@ATL@@SGJPAXABU_GUID@@PAPAX@Z 10005ba7 f i CAT.obj
 0001:00004c1d       ?CreateInstance@?$CComCreator@V?$CComObject@VCOPOSCAT@@@ATL@@@ATL@@SGJPAXABU_GUID@@PAPAX@Z 10005c1d f i CAT.obj
 0001:00004c9e       ?CreateInstance@?$CComObject@V?$CComEnum@UIEnumConnectionPoints@@$1?_GUID_b196b285_bab4_101a_b69c_00aa00341d07@@3U__s_GUID@@BPAUIConnectionPoint@@V?$_CopyInterface@UIConnectionPoint@@@ATL@@VCComSingleThreadModel@6@@ATL@@@ATL@@SGJPAPAV12@@Z 10005c9e f i CAT.obj
 0001:00004ce5       ?CreateInstance@?$CComObject@V?$CComEnum@UIEnumConnections@@$1?_GUID_b196b287_bab4_101a_b69c_00aa00341d07@@3U__s_GUID@@BUtagCONNECTDATA@@V?$_Copy@UtagCONNECTDATA@@@ATL@@VCComSingleThreadModel@6@@ATL@@@ATL@@SGJPAPAV12@@Z 10005ce5 f i CAT.obj
 0001:00004d2c       ?DefaultReflectionHandler@?$CWindowImplRoot@VCWindow@ATL@@@ATL@@SAHPAUHWND__@@IIJAAJ@Z 10005d2c f i CAT.obj
 0001:00004d9f       ?DeleteSubKey@CRegKey@ATL@@QAEJPB_W@Z 10005d9f f i CAT.obj
 0001:00004e18       ?DoEvent@COPOSCAT@@IAEXIIJ@Z 10005e18 f i CAT.obj
 0001:00004e98       ?DoVerbHide@?$IOleObjectImpl@VCOPOSCAT@@@ATL@@QAEJPBUtagRECT@@PAUHWND__@@@Z 10005e98 f i CAT.obj
 0001:00004ece       ?DoVerbInPlaceActivate@?$IOleObjectImpl@VCOPOSCAT@@@ATL@@QAEJPBUtagRECT@@PAUHWND__@@@Z 10005ece f i CAT.obj
 0001:00004f01       ?DoVerbPrimary@?$IOleObjectImpl@VCOPOSCAT@@@ATL@@QAEJPBUtagRECT@@PAUHWND__@@@Z 10005f01 f i CAT.obj
 0001:00004f8d       ?DoVerbProperties@CComControlBase@ATL@@QAEJPBUtagRECT@@PAUHWND__@@@Z 10005f8d f i CAT.obj
 0001:000050b4       ?DoVerbShow@?$IOleObjectImpl@VCOPOSCAT@@@ATL@@QAEJPBUtagRECT@@PAUHWND__@@@Z 100060b4 f i CAT.obj
 0001:000050d9       ?DoVerbUIActivate@?$IOleObjectImpl@VCOPOSCAT@@@ATL@@QAEJPBUtagRECT@@PAUHWND__@@@Z 100060d9 f i CAT.obj
 0001:00005116       ?DoesVerbActivate@CComControlBase@ATL@@QAEHJ@Z 10006116 f i CAT.obj
 0001:00005137       ?DoesVerbUIActivate@CComControlBase@ATL@@QAEHJ@Z 10006137 f i CAT.obj
 0001:0000516c       ?EndOfVar@CRegParser@ATL@@IAEHXZ 1000616c f i CAT.obj
 0001:0000518c       ?EscapeSingleQuote@CAtlModule@ATL@@SAXPA_WIPB_W@Z 1000618c f i CAT.obj
 0001:000051db       ?FindKey@?$CSimpleMap@PA_WPA_WVCExpansionVectorEqualHelper@ATL@@@ATL@@QBEHABQA_W@Z 100061db f i CAT.obj
 0001:00005212       ?FireTheEvent@?$CProxy_IOPOSEvents@VCOPOSCAT@@@@IAEXPAVOposVariant@@IAAJPB_WJ@Z 10006212 f i CAT.obj
 0001:000052a4       ?FireViewChange@CComControlBase@ATL@@QAEJXZ 100062a4 f i CAT.obj
 0001:000052ed       ?Fire_DirectIOEvent@?$CProxy_IOPOSEvents@VCOPOSCAT@@@@QAEXJPAJPAPA_W@Z 100062ed f i CAT.obj
 0001:000053d3       ?Fire_ErrorEvent@?$CProxy_IOPOSEvents@VCOPOSCAT@@@@QAEXJJJPAJ@Z 100063d3 f i CAT.obj
 0001:000054ba       ?Fire_OutputCompleteEvent@?$CProxy_IOPOSEvents@VCOPOSCAT@@@@QAEXJ@Z 100064ba f i CAT.obj
 0001:00005546       ?Fire_StatusUpdateEvent@?$CProxy_IOPOSEvents@VCOPOSCAT@@@@QAEXJ@Z 10006546 f i CAT.obj
 0001:000055d2       ?FreeHeap@?$CTempBuffer@E$0BAA@VCCRTAllocator@ATL@@@ATL@@AAEXXZ 100065d2 f i CAT.obj
 0001:000055d2       ?FreeHeap@?$CTempBuffer@_W$0BAA@VCCRTAllocator@ATL@@@ATL@@AAEXXZ 100065d2 f i CAT.obj
 0001:000055d2       ?FreeHeap@?$CTempBuffer@_W$0EAA@VCCRTAllocator@ATL@@@ATL@@AAEXXZ 100065d2 f i CAT.obj
 0001:000055db       ?GetAmbientLocaleID@CComControlBase@ATL@@QAEJAAK@Z 100065db f i CAT.obj
 0001:00005637       ?GetAmbientUserMode@CComControlBase@ATL@@QAEJAAH@Z 10006637 f i CAT.obj
 0001:000056a7       ?GetAt@CComDynamicUnkArray@ATL@@QAEPAUIUnknown@@H@Z 100066a7 f i CAT.obj
 0001:000056c3       ?GetClassObject@CComModule@ATL@@QAEJABU_GUID@@0PAPAX@Z 100066c3 f i CAT.obj
 0001:00005765       ?GetConnMap@COPOSCAT@@SAPBU_ATL_CONNMAP_ENTRY@ATL@@PAH@Z 10006765 f i CAT.obj
 0001:000057d5       ?GetCookie@CComDynamicUnkArray@ATL@@QAGKPAPAUIUnknown@@@Z 100067d5 f i CAT.obj
 0001:0000580d       ?GetIDsOfNames@CComTypeInfoHolder@ATL@@QAEJABU_GUID@@PAPA_WIKPAJ@Z 1000680d f i CAT.obj
 0001:0000591b       ?GetKeyAt@?$CSimpleMap@PA_WPA_WVCExpansionVectorEqualHelper@ATL@@@ATL@@QBEAAPA_WH@Z 1000691b f i CAT.obj
 0001:00005940       ?GetPagesHelper@?$ISpecifyPropertyPagesImpl@VCOPOSCAT@@@ATL@@IAEJPAUtagCAUUID@@PBUATL_PROPMAP_ENTRY@2@@Z 10006940 f i CAT.obj
 0001:00005a67       ?GetProperty@?$CComPtr@UIDispatch@@@ATL@@SAJPAUIDispatch@@JPAUtagVARIANT@@@Z 10006a67 f i CAT.obj
 0001:00005ab6       ?GetSizeMax@CComVariant@ATL@@QBEJPAT_ULARGE_INTEGER@@@Z 10006ab6 f i CAT.obj
 0001:00005c70       ?GetStreamSize@CComBSTR@ATL@@SAKPA_W@Z 10006c70 f i CAT.obj
 0001:00005c8a       ?GetTI@CComTypeInfoHolder@ATL@@QAEJK@Z 10006c8a f i CAT.obj
 0001:00005e73       ?GetTI@CComTypeInfoHolder@ATL@@QAEJKPAPAUITypeInfo@@@Z 10006e73 f i CAT.obj
 0001:00005eb5       ?GetUnknown@CComDynamicUnkArray@ATL@@QAGPAUIUnknown@@K@Z 10006eb5 f i CAT.obj
 0001:00005ed6       ?GetValueAt@?$CSimpleMap@PA_WPA_WVCExpansionVectorEqualHelper@ATL@@@ATL@@QBEAAPA_WH@Z 10006ed6 f i CAT.obj
 0001:00005efc       ?GetZoomInfo@CComControlBase@ATL@@QAEXAAUATL_DRAWINFO@@@Z 10006efc f i CAT.obj
 0001:00005f8f       ?HKeyFromString@CRegParser@ATL@@KAPAUHKEY__@@PA_W@Z 10006f8f f i CAT.obj
 0001:00005fbd       ?HasSubKeys@CRegParser@ATL@@IAEHPAUHKEY__@@@Z 10006fbd f i CAT.obj
 0001:00005ff2       ?IDataObject_GetData@CComControlBase@ATL@@QAEJPAUtagFORMATETC@@PAUtagSTGMEDIUM@@@Z 10006ff2 f i CAT.obj
 0001:00006198       ?IOleInPlaceObject_InPlaceDeactivate@CComControlBase@ATL@@QAEJXZ 10007198 f i CAT.obj
 0001:0000621f       ?IOleInPlaceObject_SetObjectRects@CComControlBase@ATL@@QAEJPBUtagRECT@@0@Z 1000721f f i CAT.obj
 0001:000062ec       ?IOleInPlaceObject_UIDeactivate@CComControlBase@ATL@@QAEJXZ 100072ec f i CAT.obj
 0001:000063ae       ?IOleObject_Advise@CComControlBase@ATL@@QAEJPAUIAdviseSink@@PAK@Z 100073ae f i CAT.obj
 0001:000063d8       ?IOleObject_Close@CComControlBase@ATL@@QAEJK@Z 100073d8 f i CAT.obj
 0001:000064bc       ?IOleObject_GetClientSite@CComControlBase@ATL@@QAEJPAPAUIOleClientSite@@@Z 100074bc f i CAT.obj
 0001:000064e5       ?IOleObject_SetClientSite@CComControlBase@ATL@@QAEJPAUIOleClientSite@@@Z 100074e5 f i CAT.obj
 0001:00006524       ?IOleObject_SetExtent@CComControlBase@ATL@@QAEJKPAUtagSIZE@@@Z 10007524 f i CAT.obj
 0001:000065d8       ?IPSI_GetIPersistStreamInit@?$IPersistStorageImpl@VCOPOSCAT@@@ATL@@AAEPAUIPersistStreamInit@@XZ 100075d8 f i CAT.obj
 0001:0000661a       ?IPersistStreamInit_Load@?$IPersistStreamInitImpl@VCOPOSCAT@@@ATL@@QAEJPAUIStream@@PBUATL_PROPMAP_ENTRY@2@@Z 1000761a f i CAT.obj
 0001:00006646       ?IPersistStreamInit_Save@?$IPersistStreamInitImpl@VCOPOSCAT@@@ATL@@QAEJPAUIStream@@HPBUATL_PROPMAP_ENTRY@2@@Z 10007646 f i CAT.obj
 0001:0000667b       ?IQuickActivate_QuickActivate@CComControlBase@ATL@@QAEJPAUtagQACONTAINER@@PAUtagQACONTROL@@@Z 1000767b f i CAT.obj
 0001:000068bd       ?IViewObject_Draw@CComControlBase@ATL@@QAEJKJPAXPAUtagDVTARGETDEVICE@@PAUHDC__@@2PBU_RECTL@@3@Z 100078bd f i CAT.obj
 0001:00006965       ?InPlaceActivate@CComControlBase@ATL@@QAEJJPBUtagRECT@@@Z 10007965 f i CAT.obj
 0001:00006bd6       ?Init@?$CComEnumImpl@UIEnumConnectionPoints@@$1?_GUID_b196b285_bab4_101a_b69c_00aa00341d07@@3U__s_GUID@@BPAUIConnectionPoint@@V?$_CopyInterface@UIConnectionPoint@@@ATL@@@ATL@@QAEJPAPAUIConnectionPoint@@0PAUIUnknown@@W4CComEnumFlags@2@@Z 10007bd6 f i CAT.obj
 0001:00006cb5       ?Init@?$CComEnumImpl@UIEnumConnections@@$1?_GUID_b196b287_bab4_101a_b69c_00aa00341d07@@3U__s_GUID@@BUtagCONNECTDATA@@V?$_Copy@UtagCONNECTDATA@@@ATL@@@ATL@@QAEJPAUtagCONNECTDATA@@0PAUIUnknown@@W4CComEnumFlags@2@@Z 10007cb5 f i CAT.obj
 0001:00006d94       ?Init@CComModule@ATL@@QAEJPAU_ATL_OBJMAP_ENTRY30@2@PAUHINSTANCE__@@PBU_GUID@@@Z 10007d94 f i CAT.obj
 0001:00006df3       ?Init@CDynamicStdCallThunk2@ATL@@QAEHKPAX@Z 10007df3 f i CAT.obj
 0001:00006e1e       ?InlineIsEqualUnknown@ATL@@YGHABU_GUID@@@Z 10007e1e f i CAT.obj
 0001:00006e46       ?InternalGetSite@CComControlBase@ATL@@QAEJABU_GUID@@PAPAX@Z 10007e46 f i CAT.obj
 0001:00006e74       ?InternalSetAtIndex@?$CSimpleMap@PA_WPA_WVCExpansionVectorEqualHelper@ATL@@@ATL@@QAEXHABQA_W0@Z 10007e74 f i CAT.obj
 0001:00006e9e       ?Invoke@CComTypeInfoHolder@ATL@@QAEJPAUIDispatch@@JABU_GUID@@KGPAUtagDISPPARAMS@@PAUtagVARIANT@@PAUtagEXCEPINFO@@PAI@Z 10007e9e f i CAT.obj
 0001:00006ee1       ?IsEqualObject@?$CComPtrBase@UITypeInfo@@@ATL@@QAE_NPAUIUnknown@@@Z 10007ee1 f i CAT.obj
 0001:00006ee1       ?IsEqualObject@?$CComPtrBase@UIOleClientSite@@@ATL@@QAE_NPAUIUnknown@@@Z 10007ee1 f i CAT.obj
 0001:00006f4e       ?IsSpace@CRegParser@ATL@@IAEH_W@Z 10007f4e f i CAT.obj
 0001:00006f78       ?LoadNameCache@CComTypeInfoHolder@ATL@@QAEJPAUITypeInfo@@@Z 10007f78 f i CAT.obj
 0001:000070c6       ?Lookup@?$CSimpleMap@PA_WPA_WVCExpansionVectorEqualHelper@ATL@@@ATL@@QBEPA_WABQA_W@Z 100080c6 f i CAT.obj
 0001:000070ec       ?NextToken@CRegParser@ATL@@IAEJPA_W@Z 100080ec f i CAT.obj
 0001:00007224       ?OnKillFocus@CComControlBase@ATL@@QAEJIIJAAH@Z 10008224 f i CAT.obj
 0001:0000727f       ?OnMouseActivate@CComControlBase@ATL@@QAEJIIJAAH@Z 1000827f f i CAT.obj
 0001:000072ed       ?OnPaint@CComControlBase@ATL@@QAEJIIJAAH@Z 100082ed f i CAT.obj
 0001:0000739f       ?OnSetFocus@CComControlBase@ATL@@QAEJIIJAAH@Z 1000839f f i CAT.obj
 0001:00007428       ?Open@CRegKey@ATL@@QAEJPAUHKEY__@@PB_WK@Z 10008428 f i CAT.obj
 0001:0000747d       ?PreProcessBuffer@CRegParser@ATL@@QAEJPA_WPAPA_W@Z 1000847d f i CAT.obj
 0001:000076e7       ?ProcessWindowMessage@?$CComControl@VCOPOSCAT@@V?$CWindowImpl@VCOPOSCAT@@VCWindow@ATL@@V?$CWinTraits@$0FGAAAAAA@$0A@@3@@ATL@@@ATL@@UAEHPAUHWND__@@IIJAAJK@Z 100086e7 f i CAT.obj
 0001:00007786       ?PutProperty@?$CComPtr@UIDispatch@@@ATL@@SAJPAUIDispatch@@JPAUtagVARIANT@@@Z 10008786 f i CAT.obj
 0001:00007818       ?ReadFromStream@CComBSTR@ATL@@QAEJPAUIStream@@@Z 10008818 f i CAT.obj
 0001:00007946       ?ReadFromStream@CComVariant@ATL@@QAEJPAUIStream@@GTClassesAllowedInStream@2@K@Z 10008946 f i CAT.obj
 0001:00007acc       ?RecurseDeleteKey@CRegKey@ATL@@QAEJPB_W@Z 10008acc f i CAT.obj
 0001:00007b8e       ?RegCreateKeyExW@CAtlTransactionManager@ATL@@QAEJPAUHKEY__@@PB_WKPA_WKKQAU_SECURITY_ATTRIBUTES@@PAPAU3@PAK@Z 10008b8e f i CAT.obj
 0001:00007bf1       ?RegDeleteKeyW@CAtlTransactionManager@ATL@@QAEJPAUHKEY__@@PB_W@Z 10008bf1 f i CAT.obj
 0001:00007c43       ?RegOpenKeyExW@CAtlTransactionManager@ATL@@QAEJPAUHKEY__@@PB_WKKPAPAU3@@Z 10008c43 f i CAT.obj
 0001:00007c9a       ?Register@_ATL_WNDCLASSINFOW@ATL@@QAEGPAP6GJPAUHWND__@@IIJ@Z@Z 10008c9a f i CAT.obj
 0001:00007cba       ?RegisterBuffer@CRegParser@ATL@@QAEJPA_WH@Z 10008cba f i CAT.obj
 0001:00007df3       ?RegisterFromResource@CRegObject@ATL@@IAEJPB_W00H@Z 10008df3 f i CAT.obj
 0001:00007f29       ?RegisterServer@?$CAtlModuleT@VCComModule@ATL@@@ATL@@QAEJHPBU_GUID@@@Z 10008f29 f i CAT.obj
 0001:00007f57       ?RegisterServer@CComModule@ATL@@QAEJHPBU_GUID@@@Z 10008f57 f i CAT.obj
 0001:00007fcd       ?RegisterSubkeys@CRegParser@ATL@@IAEJPA_WPAUHKEY__@@HH@Z 10008fcd f i CAT.obj
 0001:0000859c       ?Remove@CComDynamicUnkArray@ATL@@QAEHK@Z 1000959c f i CAT.obj
 0001:000085c5       ?RemoveAll@?$CSimpleMap@PA_WPA_WVCExpansionVectorEqualHelper@ATL@@@ATL@@QAEXXZ 100095c5 f i CAT.obj
 0001:000085f1       ?ResourceRegisterSz@CRegObject@ATL@@QAGJPB_W00@Z 100095f1 f i CAT.obj
 0001:0000861e       ?ResourceUnregisterSz@CRegObject@ATL@@QAGJPB_W00@Z 1000961e f i CAT.obj
 0001:0000864b       ?SendOnDataChange@CComControlBase@ATL@@QAEJK@Z 1000964b f i CAT.obj
 0001:00008698       ?SetControlFocus@CComControlBase@ATL@@QAEHH@Z 10009698 f i CAT.obj
 0001:00008735       ?SetMultiStringValue@CRegKey@ATL@@QAEJPB_W0@Z 10009735 f i CAT.obj
 0001:00008791       ?SetStringValue@CRegKey@ATL@@QAEJPB_W0K@Z 10009791 f i CAT.obj
 0001:000087da       ?SkipAssignment@CRegParser@ATL@@IAEJPA_W@Z 100097da f i CAT.obj
 0001:0000883f       ?SkipWhiteSpace@CRegParser@ATL@@IAEXXZ 1000983f f i CAT.obj
 0001:00008861       ?StrChrW@CRegParser@ATL@@KAPA_WPA_W_W@Z 10009861 f i CAT.obj
 0001:0000889e       ?Term@CAtlModule@ATL@@QAEXXZ 1000989e f i CAT.obj
 0001:000088d7       ?Term@CComModule@ATL@@QAEXXZ 100098d7 f i CAT.obj
 0001:0000892f       ?UnregisterServer@?$CAtlModuleT@VCComModule@ATL@@@ATL@@QAEJHPBU_GUID@@@Z 1000992f f i CAT.obj
 0001:00008955       ?UnregisterServer@CComModule@ATL@@QAEJHPBU_GUID@@@Z 10009955 f i CAT.obj
 0001:000089cb       ?UpdateRegistryFromResource@CAtlModule@ATL@@QAGJIHPAU_ATL_REGMAP_ENTRY@2@@Z 100099cb f i CAT.obj
 0001:00008b96       ?UpdateRegistryFromResource@CAtlModule@ATL@@QAGJPB_WHPAU_ATL_REGMAP_ENTRY@2@@Z 10009b96 f i CAT.obj
 0001:00008d67       ?VTFromRegType@CRegParser@ATL@@KAHPB_WAAG@Z 10009d67 f i CAT.obj
 0001:00008dd4       ?WindowProc@?$CWindowImplBaseT@VCWindow@ATL@@V?$CWinTraits@$0FGAAAAAA@$0A@@2@@ATL@@SGJPAUHWND__@@IIJ@Z 10009dd4 f i CAT.obj
 0001:00008ec6       ?WriteToStream@CComBSTR@ATL@@QAEJPAUIStream@@@Z 10009ec6 f i CAT.obj
 0001:00008f1d       ?WriteToStream@CComVariant@ATL@@QAEJPAUIStream@@@Z 10009f1d f i CAT.obj
 0001:00009097       ?WriteToStream@CComVariant@ATL@@QAEJPAUIStream@@G@Z 1000a097 f i CAT.obj
 0001:00009100       ?_AtlInitialConstruct@?$CComObjectRootEx@VCComMultiThreadModel@ATL@@@ATL@@QAEJXZ 1000a100 f i CAT.obj
 0001:00009115       ?_AtlVerifyStackAvailable@_ATL_SAFE_ALLOCA_IMPL@ATL@@YA_NK@Z 1000a115 f i CAT.obj
 0001:00009193       ?atlCreate@?$CWindowImpl@VCOPOSCAT@@VCWindow@ATL@@V?$CWinTraits@$0FGAAAAAA@$0A@@3@@ATL@@QAEPAUHWND__@@PAU3@V_U_RECT@2@PB_WKKV_U_MENUorID@2@PAX@Z 1000a193 f i CAT.obj
 0001:000091d7       ?atlCreate@?$CWindowImplBaseT@VCWindow@ATL@@V?$CWinTraits@$0FGAAAAAA@$0A@@2@@ATL@@QAEPAUHWND__@@PAU3@V_U_RECT@2@PB_WKKV_U_MENUorID@2@GPAX@Z 1000a1d7 f i CAT.obj
 0001:00009273       ?atlCreate@CRegKey@ATL@@QAEJPAUHKEY__@@PB_WPA_WKKPAU_SECURITY_ATTRIBUTES@@PAK@Z 1000a273 f i CAT.obj
 0001:000092e2       ?copy@?$_Copy@UtagCONNECTDATA@@@ATL@@SAJPAUtagCONNECTDATA@@PBU3@@Z 1000a2e2 f i CAT.obj
 0001:00009318       ?copy@?$_CopyInterface@UIConnectionPoint@@@ATL@@SAJPAPAUIConnectionPoint@@PBQAU3@@Z 1000a318 f i CAT.obj
 0001:00009346       ?memcpy_s@Checked@ATL@@YAXPAXIPBXI@Z 1000a346 f i CAT.obj
 0001:00009365       ?ocscpy_s@@YA_NPA_WIPB_W@Z 1000a365 f i CAT.obj
 0001:00009394       ?ocslen@@YAHPB_W@Z         1000a394 f i CAT.obj
 0001:000093b4       ?wcscpy_s@Checked@ATL@@YAXPA_WIPB_W@Z 1000a3b4 f i CAT.obj
 0001:000093d0       _DllCanUnloadNow@0         1000a3d0 f   CAT.obj
 0001:000093dc       _DllGetClassObject@12      1000a3dc f   CAT.obj
 0001:000093ea       _DllMain@12                1000a3ea f   CAT.obj
 0001:0000942c       _DllRegisterServer@0       1000a42c f   CAT.obj
 0001:0000943b       _DllUnregisterServer@0     1000a43b f   CAT.obj
 0001:0000944a       _InlineIsEqualGUID         1000a44a f i CAT.obj
 0001:0000947a       ___local_stdio_printf_options 1000a47a f i CAT.obj
 0001:00009480       __vswprintf_s_l            1000a480 f i CAT.obj
 0001:0000952d       _swprintf_s                1000a52d f i CAT.obj
 0001:00009549       ??0?$CComControl@VCOPOSCAT@@V?$CWindowImpl@VCOPOSCAT@@VCWindow@ATL@@V?$CWinTraits@$0FGAAAAAA@$0A@@3@@ATL@@@ATL@@QAE@XZ 1000a549 f i CATImpl.obj
 0001:00009570       ??0?$CProxy_IOPOSEvents@VCOPOSCAT@@@@QAE@XZ 1000a570 f i CATImpl.obj
 0001:00009590       ??0CComControlBase@ATL@@QAE@AAPAUHWND__@@@Z 1000a590 f i CATImpl.obj
 0001:000095da       ??0COPOSCAT@@QAE@XZ        1000a5da f   CATImpl.obj
 0001:00009610       ??1?$CComControl@VCOPOSCAT@@V?$CWindowImpl@VCOPOSCAT@@VCWindow@ATL@@V?$CWinTraits@$0FGAAAAAA@$0A@@3@@ATL@@@ATL@@UAE@XZ 1000a610 f i CATImpl.obj
 0001:00009629       ??1?$IConnectionPointImpl@VCOPOSCAT@@$1?IID_IPropertyNotifySink@@3U_GUID@@BVCComDynamicUnkArray@ATL@@@ATL@@QAE@XZ 1000a629 f i CATImpl.obj
 0001:00009629       ??1?$IConnectionPointImpl@VCOPOSCAT@@$1?DIID__IOPOSCATEvents@@3U_GUID@@BVCComDynamicUnkArray@ATL@@@ATL@@QAE@XZ 1000a629 f i CATImpl.obj
 0001:00009666       ??1CComControlBase@ATL@@UAE@XZ 1000a666 f i CATImpl.obj
 0001:000096c9       ??1COPOSCAT@@UAE@XZ        1000a6c9 f   CATImpl.obj
 0001:00009711       ??1OposVariantResult@@QAE@XZ 1000a711 f i CATImpl.obj
 0001:00009732       ??1_CW@@QAE@XZ             1000a732 f i CATImpl.obj
 0001:0000974b       ?AccessDailyLog@COPOSCAT@@UAGJJJJPAJ@Z 1000a74b f   CATImpl.obj
 0001:000097e1       ?AuthorizeCompletion@COPOSCAT@@UAGJJTtagCY@@0JPAJ@Z 1000a7e1 f   CATImpl.obj
 0001:00009888       ?AuthorizePreSales@COPOSCAT@@UAGJJTtagCY@@0JPAJ@Z 1000a888 f   CATImpl.obj
 0001:0000992f       ?AuthorizeRefund@COPOSCAT@@UAGJJTtagCY@@0JPAJ@Z 1000a92f f   CATImpl.obj
 0001:000099d6       ?AuthorizeSales@COPOSCAT@@UAGJJTtagCY@@0JPAJ@Z 1000a9d6 f   CATImpl.obj
 0001:00009a7d       ?AuthorizeVoid@COPOSCAT@@UAGJJTtagCY@@0JPAJ@Z 1000aa7d f   CATImpl.obj
 0001:00009b24       ?AuthorizeVoidPreSales@COPOSCAT@@UAGJJTtagCY@@0JPAJ@Z 1000ab24 f   CATImpl.obj
 0001:00009bcb       ?CashDeposit@COPOSCAT@@UAGJJTtagCY@@JPAJ@Z 1000abcb f   CATImpl.obj
 0001:00009c64       ?CheckCard@COPOSCAT@@UAGJJJPAJ@Z 1000ac64 f   CATImpl.obj
 0001:00009cd8       ?CheckHealth@COPOSCAT@@UAGJJPAJ@Z 1000acd8 f   CATImpl.obj
 0001:00009d27       ?ClaimDevice@COPOSCAT@@UAGJJPAJ@Z 1000ad27 f   CATImpl.obj
 0001:00009d9c       ?ClearOutput@COPOSCAT@@UAGJPAJ@Z 1000ad9c f   CATImpl.obj
 0001:00009db7       ?Close@COPOSCAT@@UAGJPAJ@Z 1000adb7 f   CATImpl.obj
 0001:00009e25       ?CompareFirmwareVersion@COPOSCAT@@UAGJPA_WPAJ1@Z 1000ae25 f   CATImpl.obj
 0001:00009ea5       ?DirectIO@COPOSCAT@@UAGJJPAJPAPA_W0@Z 1000aea5 f   CATImpl.obj
 0001:00009f53       ?DoInvoke@COPOSCAT@@IAEJJPAVOposVariant@@IHPAJ_N@Z 1000af53 f   CATImpl.obj
 0001:0000a015       ?EventClose@COPOSCAT@@IAEXXZ 1000b015 f i CATImpl.obj
 0001:0000a048       ?EventInit@COPOSCAT@@IAEJXZ 1000b048 f i CATImpl.obj
 0001:0000a114       ?EventUninit@COPOSCAT@@IAEXXZ 1000b114 f i CATImpl.obj
 0001:0000a166       ?EventWindowProc@COPOSCAT@@IAGJIIJ@Z 1000b166 f i CATImpl.obj
 0001:0000a239       ?FinalConstruct@COPOSCAT@@QAEJXZ 1000b239 f   CATImpl.obj
 0001:0000a272       ?FireEventCleanup@COPOSCAT@@IAEXXZ 1000b272 f i CATImpl.obj
 0001:0000a288       ?FireEventSetup@COPOSCAT@@IAE_NXZ 1000b288 f i CATImpl.obj
 0001:0000a2bc       ?FreezeEvents@COPOSCAT@@MAGJH@Z 1000b2bc f   CATImpl.obj
 0001:0000a31c       ?GetOposProp@COPOSCAT@@IAEJJPAFJ@Z 1000b31c f   CATImpl.obj
 0001:0000a33f       ?GetOposProp@COPOSCAT@@IAEJJPAJJ@Z 1000b33f f   CATImpl.obj
 0001:0000a3fd       ?GetOposProp@COPOSCAT@@IAEJJPAPA_WJ@Z 1000b3fd f   CATImpl.obj
 0001:0000a4c8       ?LockTerminal@COPOSCAT@@UAGJPAJ@Z 1000b4c8 f   CATImpl.obj
 0001:0000a4e3       ?OnDraw@COPOSCAT@@MAEJAAUATL_DRAWINFO@@@Z 1000b4e3 f   CATImpl.obj
 0001:0000a583       ?Open@COPOSCAT@@UAGJPA_WPAJ@Z 1000b583 f   CATImpl.obj
 0001:0000ad21       ?ReleaseDevice@COPOSCAT@@UAGJPAJ@Z 1000bd21 f   CATImpl.obj
 0001:0000ad70       ?ResetStatistics@COPOSCAT@@UAGJPA_WPAJ@Z 1000bd70 f   CATImpl.obj
 0001:0000adc7       ?RetrieveStatistics@COPOSCAT@@UAGJPAPA_WPAJ@Z 1000bdc7 f   CATImpl.obj
 0001:0000ae1e       ?SOProcessID@COPOSCAT@@UAGJPAJ@Z 1000be1e f   CATImpl.obj
 0001:0000ae32       ?SetCOFreezeEvents@COPOSCAT@@IAEXF@Z 1000be32 f   CATImpl.obj
 0001:0000aebd       ?SetOposProp@COPOSCAT@@IAEJJJJ@Z 1000bebd f   CATImpl.obj
 0001:0000af9b       ?SetOposProp@COPOSCAT@@IAEJJPA_WJ@Z 1000bf9b f   CATImpl.obj
 0001:0000b087       ?UnlockTerminal@COPOSCAT@@UAGJPAJ@Z 1000c087 f   CATImpl.obj
 0001:0000b0a2       ?UpdateFirmware@COPOSCAT@@UAGJPA_WPAJ@Z 1000c0a2 f   CATImpl.obj
 0001:0000b0f9       ?UpdateStatistics@COPOSCAT@@UAGJPA_WPAJ@Z 1000c0f9 f   CATImpl.obj
 0001:0000b150       ?get_AccountNumber@COPOSCAT@@UAGJPAPA_W@Z 1000c150 f   CATImpl.obj
 0001:0000b169       ?get_AdditionalSecurityInformation@COPOSCAT@@UAGJPAPA_W@Z 1000c169 f   CATImpl.obj
 0001:0000b182       ?get_ApprovalCode@COPOSCAT@@UAGJPAPA_W@Z 1000c182 f   CATImpl.obj
 0001:0000b19b       ?get_AsyncMode@COPOSCAT@@UAGJPAF@Z 1000c19b f   CATImpl.obj
 0001:0000b1b4       ?get_Balance@COPOSCAT@@UAGJPATtagCY@@@Z 1000c1b4 f   CATImpl.obj
 0001:0000b24e       ?get_BinaryConversion@COPOSCAT@@UAGJPAJ@Z 1000c24e f   CATImpl.obj
 0001:0000b264       ?get_CapAdditionalSecurityInformation@COPOSCAT@@UAGJPAF@Z 1000c264 f   CATImpl.obj
 0001:0000b27d       ?get_CapAuthorizeCompletion@COPOSCAT@@UAGJPAF@Z 1000c27d f   CATImpl.obj
 0001:0000b296       ?get_CapAuthorizePreSales@COPOSCAT@@UAGJPAF@Z 1000c296 f   CATImpl.obj
 0001:0000b2af       ?get_CapAuthorizeRefund@COPOSCAT@@UAGJPAF@Z 1000c2af f   CATImpl.obj
 0001:0000b2c8       ?get_CapAuthorizeVoid@COPOSCAT@@UAGJPAF@Z 1000c2c8 f   CATImpl.obj
 0001:0000b2e1       ?get_CapAuthorizeVoidPreSales@COPOSCAT@@UAGJPAF@Z 1000c2e1 f   CATImpl.obj
 0001:0000b2fa       ?get_CapCashDeposit@COPOSCAT@@UAGJPAF@Z 1000c2fa f   CATImpl.obj
 0001:0000b313       ?get_CapCenterResultCode@COPOSCAT@@UAGJPAF@Z 1000c313 f   CATImpl.obj
 0001:0000b32c       ?get_CapCheckCard@COPOSCAT@@UAGJPAF@Z 1000c32c f   CATImpl.obj
 0001:0000b345       ?get_CapCompareFirmwareVersion@COPOSCAT@@UAGJPAF@Z 1000c345 f   CATImpl.obj
 0001:0000b35e       ?get_CapDailyLog@COPOSCAT@@UAGJPAJ@Z 1000c35e f   CATImpl.obj
 0001:0000b377       ?get_CapInstallments@COPOSCAT@@UAGJPAF@Z 1000c377 f   CATImpl.obj
 0001:0000b390       ?get_CapLockTerminal@COPOSCAT@@UAGJPAF@Z 1000c390 f   CATImpl.obj
 0001:0000b3a9       ?get_CapLogStatus@COPOSCAT@@UAGJPAF@Z 1000c3a9 f   CATImpl.obj
 0001:0000b3c2       ?get_CapPaymentDetail@COPOSCAT@@UAGJPAF@Z 1000c3c2 f   CATImpl.obj
 0001:0000b3db       ?get_CapPowerReporting@COPOSCAT@@UAGJPAJ@Z 1000c3db f   CATImpl.obj
 0001:0000b3f4       ?get_CapStatisticsReporting@COPOSCAT@@UAGJPAF@Z 1000c3f4 f   CATImpl.obj
 0001:0000b40d       ?get_CapTaxOthers@COPOSCAT@@UAGJPAF@Z 1000c40d f   CATImpl.obj
 0001:0000b426       ?get_CapTrainingMode@COPOSCAT@@UAGJPAF@Z 1000c426 f   CATImpl.obj
 0001:0000b43f       ?get_CapTransactionNumber@COPOSCAT@@UAGJPAF@Z 1000c43f f   CATImpl.obj
 0001:0000b458       ?get_CapUnlockTerminal@COPOSCAT@@UAGJPAF@Z 1000c458 f   CATImpl.obj
 0001:0000b471       ?get_CapUpdateFirmware@COPOSCAT@@UAGJPAF@Z 1000c471 f   CATImpl.obj
 0001:0000b48a       ?get_CapUpdateStatistics@COPOSCAT@@UAGJPAF@Z 1000c48a f   CATImpl.obj
 0001:0000b4a3       ?get_CardCompanyID@COPOSCAT@@UAGJPAPA_W@Z 1000c4a3 f   CATImpl.obj
 0001:0000b4bc       ?get_CenterResultCode@COPOSCAT@@UAGJPAPA_W@Z 1000c4bc f   CATImpl.obj
 0001:0000b4d5       ?get_CheckHealthText@COPOSCAT@@UAGJPAPA_W@Z 1000c4d5 f   CATImpl.obj
 0001:0000b4ee       ?get_Claimed@COPOSCAT@@UAGJPAF@Z 1000c4ee f   CATImpl.obj
 0001:0000b504       ?get_ControlObjectDescription@COPOSCAT@@UAGJPAPA_W@Z 1000c504 f   CATImpl.obj
 0001:0000b541       ?get_ControlObjectVersion@COPOSCAT@@UAGJPAJ@Z 1000c541 f   CATImpl.obj
 0001:0000b554       ?get_DailyLog@COPOSCAT@@UAGJPAPA_W@Z 1000c554 f   CATImpl.obj
 0001:0000b56d       ?get_DeviceDescription@COPOSCAT@@UAGJPAPA_W@Z 1000c56d f   CATImpl.obj
 0001:0000b586       ?get_DeviceEnabled@COPOSCAT@@UAGJPAF@Z 1000c586 f   CATImpl.obj
 0001:0000b59c       ?get_DeviceName@COPOSCAT@@UAGJPAPA_W@Z 1000c59c f   CATImpl.obj
 0001:0000b5b5       ?get_FreezeEvents@COPOSCAT@@UAGJPAF@Z 1000c5b5 f   CATImpl.obj
 0001:0000b5cb       ?get_LogStatus@COPOSCAT@@UAGJPAJ@Z 1000c5cb f   CATImpl.obj
 0001:0000b5e4       ?get_OpenResult@COPOSCAT@@UAGJPAJ@Z 1000c5e4 f   CATImpl.obj
 0001:0000b5fb       ?get_OutputID@COPOSCAT@@UAGJPAJ@Z 1000c5fb f   CATImpl.obj
 0001:0000b611       ?get_PaymentCondition@COPOSCAT@@UAGJPAJ@Z 1000c611 f   CATImpl.obj
 0001:0000b62a       ?get_PaymentDetail@COPOSCAT@@UAGJPAPA_W@Z 1000c62a f   CATImpl.obj
 0001:0000b643       ?get_PaymentMedia@COPOSCAT@@UAGJPAJ@Z 1000c643 f   CATImpl.obj
 0001:0000b65c       ?get_PowerNotify@COPOSCAT@@UAGJPAJ@Z 1000c65c f   CATImpl.obj
 0001:0000b672       ?get_PowerState@COPOSCAT@@UAGJPAJ@Z 1000c672 f   CATImpl.obj
 0001:0000b688       ?get_ResultCode@COPOSCAT@@UAGJPAJ@Z 1000c688 f   CATImpl.obj
 0001:0000b6c6       ?get_ResultCodeExtended@COPOSCAT@@UAGJPAJ@Z 1000c6c6 f   CATImpl.obj
 0001:0000b6dc       ?get_SequenceNumber@COPOSCAT@@UAGJPAJ@Z 1000c6dc f   CATImpl.obj
 0001:0000b6f5       ?get_ServiceObjectDescription@COPOSCAT@@UAGJPAPA_W@Z 1000c6f5 f   CATImpl.obj
 0001:0000b70e       ?get_ServiceObjectVersion@COPOSCAT@@UAGJPAJ@Z 1000c70e f   CATImpl.obj
 0001:0000b724       ?get_SettledAmount@COPOSCAT@@UAGJPATtagCY@@@Z 1000c724 f   CATImpl.obj
 0001:0000b7be       ?get_SlipNumber@COPOSCAT@@UAGJPAPA_W@Z 1000c7be f   CATImpl.obj
 0001:0000b7d7       ?get_State@COPOSCAT@@UAGJPAJ@Z 1000c7d7 f   CATImpl.obj
 0001:0000b803       ?get_TrainingMode@COPOSCAT@@UAGJPAF@Z 1000c803 f   CATImpl.obj
 0001:0000b81c       ?get_TransactionNumber@COPOSCAT@@UAGJPAPA_W@Z 1000c81c f   CATImpl.obj
 0001:0000b835       ?get_TransactionType@COPOSCAT@@UAGJPAJ@Z 1000c835 f   CATImpl.obj
 0001:0000b84e       ?put_AdditionalSecurityInformation@COPOSCAT@@UAGJPA_W@Z 1000c84e f   CATImpl.obj
 0001:0000b867       ?put_AsyncMode@COPOSCAT@@UAGJF@Z 1000c867 f   CATImpl.obj
 0001:0000b887       ?put_BinaryConversion@COPOSCAT@@UAGJJ@Z 1000c887 f   CATImpl.obj
 0001:0000b89d       ?put_DeviceEnabled@COPOSCAT@@UAGJF@Z 1000c89d f   CATImpl.obj
 0001:0000b8ba       ?put_FreezeEvents@COPOSCAT@@UAGJF@Z 1000c8ba f   CATImpl.obj
 0001:0000b906       ?put_PaymentMedia@COPOSCAT@@UAGJJ@Z 1000c906 f   CATImpl.obj
 0001:0000b91f       ?put_PowerNotify@COPOSCAT@@UAGJJ@Z 1000c91f f   CATImpl.obj
 0001:0000b935       ?put_TrainingMode@COPOSCAT@@UAGJF@Z 1000c935 f   CATImpl.obj
 0001:0000b955       ?s_EventWindowProc@COPOSCAT@@KGJPAUHWND__@@IIJ@Z 1000c955 f i CATImpl.obj
 0001:0000b9a7       ??_U@YAPAXI@Z              1000c9a7 f   LIBCMT:new_array.obj
 0001:0000b9b0       ??3@YAXPAXI@Z              1000c9b0 f   LIBCMT:delete_scalar_size.obj
 0001:0000b9be       ??_V@YAXPAX@Z              1000c9be f   LIBCMT:delete_array.obj
 0001:0000b9c3       ??_V@YAXPAXI@Z             1000c9c3 f   LIBCMT:delete_array_size.obj
 0001:0000b9d1       ??$__crt_fast_encode_pointer@P6GHPAU_RTL_CONDITION_VARIABLE@@PAU_RTL_CRITICAL_SECTION@@K@Z@@YAP6GHPAU_RTL_CONDITION_VARIABLE@@PAU_RTL_CRITICAL_SECTION@@K@ZQ6GH01K@Z@Z 1000c9d1 f i LIBCMT:thread_safe_statics.obj
 0001:0000b9d1       ??$__crt_fast_encode_pointer@P6GXPAU_RTL_CONDITION_VARIABLE@@@Z@@YAP6GXPAU_RTL_CONDITION_VARIABLE@@@ZQ6GX0@Z@Z 1000c9d1 f i LIBCMT:thread_safe_statics.obj
 0001:0000b9d1       ??$__crt_fast_encode_pointer@PAP6AXXZ@@YAPAP6AXXZQAP6AXXZ@Z 1000c9d1 f i LIBCMT:utility.obj
 0001:0000b9d1       ??$__crt_fast_encode_pointer@PAX@@YAPAXQAX@Z 1000c9d1 f i libvcruntime:winapi_downlevel.obj
 0001:0000ba32       ___scrt_acquire_startup_lock 1000ca32 f   LIBCMT:utility.obj
 0001:0000ba64       ___scrt_dllmain_after_initialize_c 1000ca64 f   LIBCMT:utility.obj
 0001:0000ba8f       ___scrt_dllmain_before_initialize_c 1000ca8f f   LIBCMT:utility.obj
 0001:0000ba9d       ___scrt_dllmain_crt_thread_attach 1000ca9d f   LIBCMT:utility.obj
 0001:0000babc       ___scrt_dllmain_crt_thread_detach 1000cabc f   LIBCMT:utility.obj
 0001:0000bac9       ___scrt_dllmain_exception_filter 1000cac9 f   LIBCMT:utility.obj
 0001:0000bafd       ___scrt_dllmain_uninitialize_c 1000cafd f   LIBCMT:utility.obj
 0001:0000bb20       ___scrt_dllmain_uninitialize_critical 1000cb20 f   LIBCMT:utility.obj
 0001:0000bb2d       ___scrt_initialize_crt     1000cb2d f   LIBCMT:utility.obj
 0001:0000bb66       ___scrt_initialize_onexit_tables 1000cb66 f   LIBCMT:utility.obj
 0001:0000bc0b       ___scrt_is_nonwritable_in_current_image 1000cc0b f   LIBCMT:utility.obj
 0001:0000bc9f       ___scrt_release_startup_lock 1000cc9f f   LIBCMT:utility.obj
 0001:0000bcbc       ___scrt_uninitialize_crt   1000ccbc f   LIBCMT:utility.obj
 0001:0000bce4       __onexit                   1000cce4 f   LIBCMT:utility.obj
 0001:0000bd1f       _atexit                    1000cd1f f   LIBCMT:utility.obj
 0001:0000bd34       ??3@YAXPAX@Z               1000cd34 f   LIBCMT:delete_scalar.obj
 0001:0000be6b       __Init_thread_footer       1000ce6b f   LIBCMT:thread_safe_statics.obj
 0001:0000beb5       __Init_thread_header       1000ceb5 f   LIBCMT:thread_safe_statics.obj
 0001:0000bf07       __Init_thread_notify       1000cf07 f   LIBCMT:thread_safe_statics.obj
 0001:0000bf49       __Init_thread_wait         1000cf49 f   LIBCMT:thread_safe_statics.obj
 0001:0000bfa9       ___raise_securityfailure   1000cfa9 f   LIBCMT:gs_report.obj
 0001:0000bfd1       ___report_gsfailure        1000cfd1 f   LIBCMT:gs_report.obj
 0001:0000c0ca       ___report_rangecheckfailure 1000d0ca f   LIBCMT:gs_report.obj
 0001:0000c0d6       ___report_securityfailure  1000d0d6 f   LIBCMT:gs_report.obj
 0001:0000c1a4       ??2@YAPAXIABUnothrow_t@std@@@Z 1000d1a4 f   LIBCMT:new_scalar_nothrow.obj
 0001:0000c1f4       ??_U@YAPAXIABUnothrow_t@std@@@Z 1000d1f4 f   LIBCMT:new_array_nothrow.obj
 0001:0000c1fd       @__security_check_cookie@4 1000d1fd f   LIBCMT:secchk.obj
 0001:0000c210       __SEH_prolog4_GS           1000d210 f   LIBCMT:sehprolg4gs.obj
 0001:0000c259       __SEH_epilog4_GS           1000d259 f   LIBCMT:sehprolg4gs.obj
 0001:0000c270       __alloca_probe_16          1000d270 f   LIBCMT:alloca16.obj
 0001:0000c286       __alloca_probe_8           1000d286     LIBCMT:alloca16.obj
 0001:0000c2a0       __chkstk                   1000d2a0 f   LIBCMT:chkstk.obj
 0001:0000c2a0       __alloca_probe             1000d2a0 f   LIBCMT:chkstk.obj
 0001:0000c5ed       __DllMainCRTStartup@12     1000d5ed f   LIBCMT:dll_dllmain.obj
 0001:0000c610       ??2@YAPAXI@Z               1000d610 f   LIBCMT:new_scalar.obj
 0001:0000c640       ___isa_available_init      1000d640 f   LIBCMT:cpu_disp.obj
 0001:0000c7d7       ___scrt_is_ucrt_dll_in_use 1000d7d7 f   LIBCMT:ucrt_detection.obj
 0001:0000c7e3       ___scrt_fastfail           1000d7e3 f   LIBCMT:utility_desktop.obj
 0001:0000c8fd       __crt_debugger_hook        1000d8fd f   LIBCMT:utility_desktop.obj
 0001:0000c910       __SEH_prolog4              1000d910 f   LIBCMT:sehprolg4.obj
 0001:0000c956       __SEH_epilog4              1000d956 f   LIBCMT:sehprolg4.obj
 0001:0000c96b       @_guard_check_icall_nop@4  1000d96b f i LIBCMT:guard_support.obj
 0001:0000c9b9       ___security_init_cookie    1000d9b9 f   LIBCMT:gs_support.obj
 0001:0000ca04       ?__scrt_initialize_type_info@@YAXXZ 1000da04 f   LIBCMT:tncleanup.obj
 0001:0000ca10       ?__scrt_uninitialize_type_info@@YAXXZ 1000da10 f   LIBCMT:tncleanup.obj
 0001:0000ca1c       ___local_stdio_scanf_options 1000da1c f i LIBCMT:default_local_stdio_options.obj
 0001:0000ca22       ___scrt_initialize_default_local_stdio_options 1000da22 f   LIBCMT:default_local_stdio_options.obj
 0001:0000ca3f       ___scrt_get_dyn_tls_init_callback 1000da3f f   LIBCMT:dyn_tls_init.obj
 0001:0000ca45       __RTC_Initialize           1000da45 f   LIBCMT:initsect.obj
 0001:0000ca71       __RTC_Terminate            1000da71 f   LIBCMT:initsect.obj
 0001:0000ca9d       ??0bad_alloc@std@@QAE@ABV01@@Z 1000da9d f i LIBCMT:throw_bad_alloc.obj
 0001:0000cab8       ??0bad_alloc@std@@QAE@XZ   1000dab8 f i LIBCMT:throw_bad_alloc.obj
 0001:0000cad0       ??0bad_array_new_length@std@@QAE@ABV01@@Z 1000dad0 f i LIBCMT:throw_bad_alloc.obj
 0001:0000caeb       ??0bad_array_new_length@std@@QAE@XZ 1000daeb f i LIBCMT:throw_bad_alloc.obj
 0001:0000cb03       ??0exception@std@@QAE@ABV01@@Z 1000db03 f i LIBCMT:throw_bad_alloc.obj
 0001:0000cb2f       ??1bad_exception@std@@UAE@XZ 1000db2f f i libvcruntime:frame.obj
 0001:0000cb2f       ??1bad_alloc@std@@UAE@XZ   1000db2f f i LIBCMT:throw_bad_alloc.obj
 0001:0000cb2f       ??1bad_array_new_length@std@@UAE@XZ 1000db2f f i LIBCMT:throw_bad_alloc.obj
[...]
 0002:00001c5c       ?candidate_modules@?1??try_get_FlsFree@@YAP6GHK@ZXZ@4QBW4module_id@?A0x5d2a34d3@@B 10020c5c     libvcruntime:winapi_downlevel.obj
 0002:00001c6c       ?candidate_modules@?1??try_get_FlsGetValue@@YAP6GPAXK@ZXZ@4QBW4module_id@?A0x5d2a34d3@@B 10020c6c     libvcruntime:winapi_downlevel.obj
 0002:00001c80       ?candidate_modules@?1??try_get_FlsSetValue@@YAP6GHKPAX@ZXZ@4QBW4module_id@?A0x5d2a34d3@@B 10020c80     libvcruntime:winapi_downlevel.obj
 0002:00001c94       ?candidate_modules@?1??try_get_InitializeCriticalSectionEx@@YAP6GHPAU_RTL_CRITICAL_SECTION@@KK@ZXZ@4QBW4module_id@?A0x5d2a34d3@@B 10020c94     libvcruntime:winapi_downlevel.obj
 0002:00001cd8       ?tokenTable@@3QBQBDB       10020cd8     libvcruntime:undname.obj
 0002:00001d18       ?nameTable@@3QBQBDB        10020d18     libvcruntime:undname.obj
 0002:00001e60       ?rttiTable@@3QBQBDB        10020e60     libvcruntime:undname.obj
 0002:00002478       _errtable                  10021478     libucrt:errno.obj
 0002:00002720       ___acrt_initializers       10021720     libucrt:initialization.obj
 0002:00002798       _module_names              10021798     libucrt:winapi_thunks.obj
 0002:00002ce0       ?candidate_modules@?1??try_get_FlsAlloc@@YAP6GKP6GXPAX@Z@ZXZ@4QBW4module_id@?A0x352e5c4b@@B 10021ce0     libucrt:winapi_thunks.obj
 0002:00002cf4       ?candidate_modules@?1??try_get_FlsFree@@YAP6GHK@ZXZ@4QBW4module_id@?A0x352e5c4b@@B 10021cf4     libucrt:winapi_thunks.obj
 0002:00002d04       ?candidate_modules@?1??try_get_FlsGetValue@@YAP6GPAXK@ZXZ@4QBW4module_id@?A0x352e5c4b@@B 10021d04     libucrt:winapi_thunks.obj
 0002:00002d18       ?candidate_modules@?1??try_get_FlsSetValue@@YAP6GHKPAX@ZXZ@4QBW4module_id@?A0x352e5c4b@@B 10021d18     libucrt:winapi_thunks.obj
 0002:00002d2c       ?candidate_modules@?1??try_get_GetCurrentPackageId@@YAP6GJPAIPAE@ZXZ@4QBW4module_id@?A0x352e5c4b@@B 10021d2c     libucrt:winapi_thunks.obj
 0002:00002d48       ?candidate_modules@?1??try_get_InitializeCriticalSectionEx@@YAP6GHPAU_RTL_CRITICAL_SECTION@@KK@ZXZ@4QBW4module_id@?A0x352e5c4b@@B 10021d48     libucrt:winapi_thunks.obj
 0002:00002d6c       ?candidate_modules@?1??try_get_LCMapStringEx@@YAP6GHPB_WK0HPA_WHPAU_nlsversioninfo@@PAXJ@ZXZ@4QBW4module_id@?A0x352e5c4b@@B 10021d6c     libucrt:winapi_thunks.obj
 0002:00002d84       ?candidate_modules@?1??try_get_LocaleNameToLCID@@YAP6GKPB_WK@ZXZ@4QBW4module_id@?A0x352e5c4b@@B 10021d84     libucrt:winapi_thunks.obj
 0002:00002da0       ?candidate_modules@?1??try_get_SetThreadStackGuarantee@@YAP6GHPAK@ZXZ@4QBW4module_id@?A0x352e5c4b@@B 10021da0     libucrt:winapi_thunks.obj
 0002:000032cc       __mb_locale_names          100222cc     libucrt:mbctype.obj
 0002:00003b18       _LcidToLocaleNameTable     10022b18     libucrt:lcidtoname_downlevel.obj
 0002:00004c40       _LocaleNameToIndexTable    10023c40     libucrt:lcidtoname_downlevel.obj
 0002:00006580       LOG_name                   10025580     libucrt:log10.obj
 0002:00006590       _One                       10025590     libucrt:ceil_pentium4.obj
 0002:000065a0       _Bns                       100255a0     libucrt:ceil_pentium4.obj
 0002:000065b0       _Zero                      100255b0     libucrt:ceil_pentium4.obj
 0002:000065c0       _S                         100255c0     libucrt:ceil_pentium4.obj
 0002:000065d0       _NegZero                   100255d0     libucrt:ceil_pentium4.obj
 0002:000065e0       emask                      100255e0     libucrt:log10_pentium4.obj
 0002:000065f0       CC                         100255f0     libucrt:log10_pentium4.obj
 0002:00006600       Magic                      10025600     libucrt:log10_pentium4.obj
 0002:00006610       hi_mask                    10025610     libucrt:log10_pentium4.obj
 0002:00006620       LOG10_2                    10025620     libucrt:log10_pentium4.obj
 0002:00006630       place_L                    10025630     libucrt:log10_pentium4.obj
 0002:00006650       One                        10025650     libucrt:log10_pentium4.obj
 0002:00006660       Zero                       10025660     libucrt:log10_pentium4.obj
 0002:00006670       Two52                      10025670     libucrt:log10_pentium4.obj
 0002:00006680       Infs                       10025680     libucrt:log10_pentium4.obj
 0002:00006690       NaN                        10025690     libucrt:log10_pentium4.obj
 0002:000066a0       coeff                      100256a0     libucrt:log10_pentium4.obj
 0002:000066fe       _log2max                   100256fe     libucrt:87tran.obj
 0002:00006708       _smallarg                  10025708     libucrt:87tran.obj
 0002:00006712       _half                      10025712     libucrt:87tran.obj
 0002:0000675e       One                        1002575e     libucrt:87disp.obj
 0002:00006766       Three                      10025766     libucrt:87disp.obj
 0002:0000676e       XAMtoTagTab                1002576e     libucrt:87disp.obj
 0002:00006780       One                        10025780     libucrt:common.obj
 0002:00006794       DblMax                     10025794     libucrt:common.obj
 0002:0000679c       DblMin                     1002579c     libucrt:common.obj
 0002:000067a4       IeeeAdjO                   100257a4     libucrt:common.obj
 0002:000067ac       IeeeAdjU                   100257ac     libucrt:common.obj
 0002:000067b4       _infinity                  100257b4     libucrt:common.obj
 0002:000067bc       _zero                      100257bc     libucrt:common.obj
 0002:000067f8       _over                      100257f8     libucrt:fpctrl.obj
 0002:00006804       _under                     10025804     libucrt:fpctrl.obj
 0002:000070c8       ?_names@?1??_get_fname@@9@9 100260c8     libucrt:fpexcept.obj
 0002:00007898       __sehtable$?_AtlVerifyStackAvailable@_ATL_SAFE_ALLOCA_IMPL@ATL@@YA_NK@Z 10026898     CAT.obj
 0002:000078b8       __sehtable$___scrt_is_nonwritable_in_current_image 100268b8     LIBCMT:utility.obj
 0002:000078d4       __ehfuncinfo$?__scrt_initialize_thread_safe_statics_platform_specific@@YAXXZ 100268d4     LIBCMT:thread_safe_statics.obj
 0002:000078f8       __catchsym$??2@YAPAXIABUnothrow_t@std@@@Z$2 100268f8     LIBCMT:new_scalar_nothrow.obj
 0002:00007908       __unwindtable$??2@YAPAXIABUnothrow_t@std@@@Z 10026908     LIBCMT:new_scalar_nothrow.obj
 0002:00007918       __tryblocktable$??2@YAPAXIABUnothrow_t@std@@@Z 10026918     LIBCMT:new_scalar_nothrow.obj
 0002:0000792c       __ehfuncinfo$??2@YAPAXIABUnothrow_t@std@@@Z 1002692c     LIBCMT:new_scalar_nothrow.obj
 0002:00007950       __sehtable$?dllmain_crt_process_attach@@YAHQAUHINSTANCE__@@QAX@Z 10026950     LIBCMT:dll_dllmain.obj
 0002:00007970       __sehtable$?dllmain_crt_process_detach@@YAH_N@Z 10026970     LIBCMT:dll_dllmain.obj
 0002:00007990       __sehtable$?dllmain_dispatch@@YAHQAUHINSTANCE__@@KQAX@Z 10026990     LIBCMT:dll_dllmain.obj
 0002:00007a40       __sehtable$?FrameUnwindToState@__FrameHandler3@@SAXPAUEHRegistrationNode@@PAXPBU_s_FuncInfo@@H@Z 10026a40     libvcruntime:frame.obj
 0002:00007a68       __sehtable$?CallCatchBlock@@YAPAXPAUEHExceptionRecord@@PAUEHRegistrationNode@@PAU_CONTEXT@@PBU_s_FuncInfo@@PAXHK@Z 10026a68     libvcruntime:frame.obj
 0002:00007a90       __catchsym$?CallUnexpected@@YAXPBU_s_ESTypeList@@@Z$2 10026a90     libvcruntime:frame.obj
 0002:00007aa0       __unwindtable$?CallUnexpected@@YAXPBU_s_ESTypeList@@@Z 10026aa0     libvcruntime:frame.obj
 0002:00007ab0       __tryblocktable$?CallUnexpected@@YAXPBU_s_ESTypeList@@@Z 10026ab0     libvcruntime:frame.obj
 0002:00007ac4       __ehfuncinfo$?CallUnexpected@@YAXPBU_s_ESTypeList@@@Z 10026ac4     libvcruntime:frame.obj
 0002:00007ae8       __sehtable$??$BuildCatchObjectHelperInternal@V__FrameHandler3@@@@YAHPAUEHExceptionRecord@@PAXPBU_s_HandlerType@@PBU_s_CatchableType@@@Z 10026ae8     libvcruntime:frame.obj
 0002:00007b08       __sehtable$??$BuildCatchObjectInternal@V__FrameHandler3@@@@YAXPAUEHExceptionRecord@@PAXPBU_s_HandlerType@@PBU_s_CatchableType@@@Z 10026b08     libvcruntime:frame.obj
 0002:00007b60       __sehtable$___DestructExceptionObject 10026b60     libvcruntime:ehhelpers.obj
 0002:00007b80       __sehtable$?common_exit@@YAXHW4_crt_exit_cleanup_mode@@W4_crt_exit_return_mode@@@Z 10026b80     libucrt:exit.obj
 0002:00007ba8       __sehtable$??$?RV<lambda_800076c951b434888f4765a74a194fcc>@@AAV<lambda_4e60a939b0d047cfe11ddc22648dfba9>@@V<lambda_6dbb1268764f43b569ce7b67e331d33a>@@@?$__crt_seh_guarded_call@H@@QAEH$$QAV<lambda_800076c951b434888f4765a74a194fcc>@@AAV<lambda_4e60a939b0d047cfe11ddc22648dfba9>@@$$QAV<lambda_6dbb1268764f43b569ce7b67e331d33a>@@@Z 10026ba8     libucrt:onexit.obj
 0002:00007bc8       __sehtable$??$?RV<lambda_995298e7d72eb4c2aab26c0585b3abe5>@@AAV<lambda_275893d493268fdec8709772e3fcec0e>@@V<lambda_293819299cbf9a7022e18b56a874bb5c>@@@?$__crt_seh_guarded_call@H@@QAEH$$QAV<lambda_995298e7d72eb4c2aab26c0585b3abe5>@@AAV<lambda_275893d493268fdec8709772e3fcec0e>@@$$QAV<lambda_293819299cbf9a7022e18b56a874bb5c>@@@Z 10026bc8     libucrt:onexit.obj
 0002:00007be8       __sehtable$__query_new_handler 10026be8     libucrt:new_handler.obj
 0002:00007c08       __sehtable$_terminate      10026c08     libucrt:terminate.obj
 0002:00007c28       __sehtable$??$?RV<lambda_9df27f884b057bc3edfc946cb5b7cf47>@@AAV<lambda_e69574bed617af4e071282c136b37893>@@V<lambda_cc0d902bcbbeb830f749456577db4721>@@@?$__crt_seh_guarded_call@X@@QAEX$$QAV<lambda_9df27f884b057bc3edfc946cb5b7cf47>@@AAV<lambda_e69574bed617af4e071282c136b37893>@@$$QAV<lambda_cc0d902bcbbeb830f749456577db4721>@@@Z 10026c28     libucrt:per_thread_data.obj
 0002:00007c48       __sehtable$??$?RV<lambda_3518db117f0e7cdb002338c5d3c47b6c>@@AAV<lambda_b2ea41f6bbb362cd97d94c6828d90b61>@@V<lambda_abdedf541bb04549bc734292b4a045d4>@@@?$__crt_seh_guarded_call@X@@QAEX$$QAV<lambda_3518db117f0e7cdb002338c5d3c47b6c>@@AAV<lambda_b2ea41f6bbb362cd97d94c6828d90b61>@@$$QAV<lambda_abdedf541bb04549bc734292b4a045d4>@@@Z 10026c48     libucrt:per_thread_data.obj
 0002:00007c68       __sehtable$??$?RV<lambda_51b6e8b1eb166f2a3faf91f424b38130>@@AAV<lambda_6250bd4b2a391816dd638c3bf72b0bcb>@@V<lambda_0b5a4a3e68152e1d9b943535f5f47bed>@@@?$__crt_seh_guarded_call@X@@QAEX$$QAV<lambda_51b6e8b1eb166f2a3faf91f424b38130>@@AAV<lambda_6250bd4b2a391816dd638c3bf72b0bcb>@@$$QAV<lambda_0b5a4a3e68152e1d9b943535f5f47bed>@@@Z 10026c68     libucrt:per_thread_data.obj
 0002:00007c88       __sehtable$??$?RV<lambda_5b71d36f03204c0beab531769a5b5694>@@AAV<lambda_be2b3da3f62db62e9dad5dc70221a656>@@V<lambda_8f9ce462984622f9bf76b59e2aaaf805>@@@?$__crt_seh_guarded_call@X@@QAEX$$QAV<lambda_5b71d36f03204c0beab531769a5b5694>@@AAV<lambda_be2b3da3f62db62e9dad5dc70221a656>@@$$QAV<lambda_8f9ce462984622f9bf76b59e2aaaf805>@@@Z 10026c88     libucrt:per_thread_data.obj
 0002:00007ca8       __sehtable$___acrt_uninitialize_locale 10026ca8     libucrt:wsetlocale.obj
 0002:00007cc8       __sehtable$___acrt_initialize_lowio 10026cc8     libucrt:ioinit.obj
 0002:00007ce8       __sehtable$___acrt_update_thread_multibyte_data 10026ce8     libucrt:mbctype.obj
 0002:00007d08       __sehtable$??$?RV<lambda_978dc153c237d78434369da87b74ff60>@@AAV<lambda_ad1ced32f4ac17aa236e5ef05d6b3b7c>@@V<lambda_4a8533e2866a575feecb8298ce776b0d>@@@?$__crt_seh_guarded_call@X@@QAEX$$QAV<lambda_978dc153c237d78434369da87b74ff60>@@AAV<lambda_ad1ced32f4ac17aa236e5ef05d6b3b7c>@@$$QAV<lambda_4a8533e2866a575feecb8298ce776b0d>@@@Z 10026d08     libucrt:mbctype.obj
 0002:00007d28       __sehtable$_raise          10026d28     libucrt:signal.obj
 0002:00007d48       __sehtable$??$?RV<lambda_a048d3beccc847880fc8490e18b82769>@@AAV<lambda_ec61778202f4f5fc7e7711acc23c3bca>@@V<lambda_f7496a158712204296dd6628a163878e>@@@?$__crt_seh_guarded_call@P6AXH@Z@@QAEP6AXH@Z$$QAV<lambda_a048d3beccc847880fc8490e18b82769>@@AAV<lambda_ec61778202f4f5fc7e7711acc23c3bca>@@$$QAV<lambda_f7496a158712204296dd6628a163878e>@@@Z 10026d48     libucrt:signal.obj
 0002:00007d68       __sehtable$___acrt_update_thread_locale_data 10026d68     libucrt:locale_refcounting.obj
 0002:00007d88       __sehtable$__fcloseall     10026d88     libucrt:closeall.obj
 0002:00007da8       __sehtable$_common_flush_all 10026da8     libucrt:fflush.obj
 0002:00007dd0       __sehtable$___acrt_lowio_ensure_fh_exists 10026dd0     libucrt:osfinfo.obj
 0002:00007df0       __sehtable$__write         10026df0     libucrt:write.obj
 0002:00007e10       __sehtable$_fclose         10026e10     libucrt:fclose.obj
 0002:00007e30       __sehtable$??$?RV<lambda_61cee617f5178ae960314fd4d05640a0>@@AAV<lambda_6978c1fb23f02e42e1d9e99668cc68aa>@@V<lambda_9cd88cf8ad10232537feb2133f08c833>@@@?$__crt_seh_guarded_call@H@@QAEH$$QAV<lambda_61cee617f5178ae960314fd4d05640a0>@@AAV<lambda_6978c1fb23f02e42e1d9e99668cc68aa>@@$$QAV<lambda_9cd88cf8ad10232537feb2133f08c833>@@@Z 10026e30     libucrt:commit.obj
 0002:00007e50       __sehtable$??$?RV<lambda_123407a5e2ac06da108355a851863b7a>@@AAV<lambda_2fe9b910cf3cbf4a0ab98a02ba45b3ec>@@V<lambda_ae55bdf541ad94d75914d381c370e64d>@@@?$__crt_seh_guarded_call@H@@QAEH$$QAV<lambda_123407a5e2ac06da108355a851863b7a>@@AAV<lambda_2fe9b910cf3cbf4a0ab98a02ba45b3ec>@@$$QAV<lambda_ae55bdf541ad94d75914d381c370e64d>@@@Z 10026e50     libucrt:close.obj
 0002:00007e70       __sehtable$__IsNonwritableInCurrentImage 10026e70     LIBCMT:pesect.obj
 0002:00007ea0       .edata                     10026ea0     OPOSCAT.exp
 0002:00007ec8       rgpv                       10026ec8     OPOSCAT.exp
 0002:00007ed8       rgszName                   10026ed8     OPOSCAT.exp
 0002:00007ee8       rgwOrd                     10026ee8     OPOSCAT.exp
 0002:00007ef0       szName                     10026ef0     OPOSCAT.exp
 0002:00007efc       $N00001                    10026efc     OPOSCAT.exp
 0002:00007f0c       $N00002                    10026f0c     OPOSCAT.exp
 0002:00007f1e       $N00003                    10026f1e     OPOSCAT.exp
 0002:00007f30       $N00004                    10026f30     OPOSCAT.exp
 0002:00008542       .idata$6                   10027542     kernel32:KERNEL32.dll
 0002:00008756       .idata$6                   10027756     user32:USER32.dll
 0002:0000888a       .idata$6                   1002788a     gdi32:GDI32.dll
 0002:00008930       .idata$6                   10027930     advapi32:ADVAPI32.dll
 0002:00008a4c       .idata$6                   10027a4c     ole32:ole32.dll
 0002:00008a56       .idata$6                   10027a56     oleaut32:OLEAUT32.dll
 0003:00000110       ?ObjectMap@@3PAU_ATL_OBJMAP_ENTRY30@ATL@@A 10028110     CAT.obj
 0003:000001a8       ?s_SOMethodNames@@3PAPADA  100281a8     CATImpl.obj
 0003:00000224       ?s_RequiredMethodsPerRelease@@3PAHA 10028224     CATImpl.obj
 0003:00000260       ?__vcrt_flsindex@@3KA      10028260     libvcruntime:per_thread_data.obj
 0003:00000280       _errno_no_memory           10028280     libucrt:errno.obj
 0003:00000284       _doserrno_no_memory        10028284     libucrt:errno.obj
 0003:00000290       ___acrt_flsindex           10028290     libucrt:per_thread_data.obj
 0003:00000404       ___rgctypeflag             10028404     libucrt:mbctype.obj
 0003:00000408       ___rgcode_page_info        10028408     libucrt:mbctype.obj
 0003:00000b28       ?is_initialized_as_dll@@3_NA 10028b28     LIBCMT:utility.obj
 0003:00000b29       ?module_local_atexit_table_initialized@@3_NA 10028b29     LIBCMT:utility.obj
 0003:00000b2c       ?module_local_atexit_table@@3U_onexit_table_t@@A 10028b2c     LIBCMT:utility.obj
 0003:00000b38       ?module_local_at_quick_exit_table@@3U_onexit_table_t@@A 10028b38     LIBCMT:utility.obj
 0003:00000b44       ?_Tss_mutex@@3U_RTL_CRITICAL_SECTION@@A 10028b44     LIBCMT:thread_safe_statics.obj
 0003:00000b5c       ?_Tss_cv@@3U_RTL_CONDITION_VARIABLE@@A 10028b5c     LIBCMT:thread_safe_statics.obj
 0003:00000b60       ?_Tss_event@@3PAXA         10028b60     LIBCMT:thread_safe_statics.obj
 0003:00000b64       ?encoded_sleep_condition_variable_cs@@3P6GHPAU_RTL_CONDITION_VARIABLE@@PAU_RTL_CRITICAL_SECTION@@K@ZA 10028b64     LIBCMT:thread_safe_statics.obj
 0003:00000b68       ?encoded_wake_all_condition_variable@@3P6GXPAU_RTL_CONDITION_VARIABLE@@@ZA 10028b68     LIBCMT:thread_safe_statics.obj
 0003:00000b70       _GS_ExceptionRecord        10028b70     LIBCMT:gs_report.obj
 0003:00000bc0       _GS_ContextRecord          10028bc0     LIBCMT:gs_report.obj
 0003:00000e90       ?__proc_attached@@3HA      10028e90     LIBCMT:dll_dllmain.obj
 0003:00000eec       ?AllocateData@@3P6GPAUAtlThunkData_t@@XZA 10028eec     atls:atlthunk.obj
 0003:00000ef0       ?InitData@@3P6GXPAUAtlThunkData_t@@PAXI@ZA 10028ef0     atls:atlthunk.obj
 0003:00000ef4       ?DataToCode@@3P6GP6GJPAUHWND__@@IIJ@ZPAUAtlThunkData_t@@@ZA 10028ef4     atls:atlthunk.obj
 0003:00000ef8       ?FreeData@@3P6GXPAUAtlThunkData_t@@@ZA 10028ef8     atls:atlthunk.obj
 0003:00000efc       ?Initialized@@3_NA         10028efc     atls:atlthunk.obj
 0003:00000f08       ?__vcrt_startup_thread_ptd@@3U__vcrt_ptd@@A 10028f08     libvcruntime:per_thread_data.obj
 0003:00000f30       ___vcrt_lock_table         10028f30     libvcruntime:locks.obj
 0003:00000f48       ___vcrt_locks_initialized  10028f48     libvcruntime:locks.obj
 0003:00000f4c       ?module_handles@@3PAPAUHINSTANCE__@@A 10028f4c     libvcruntime:winapi_downlevel.obj
 0003:00000f58       ?encoded_function_pointers@@3PAPAXA 10028f58     libvcruntime:winapi_downlevel.obj
 0003:00000f94       ?heap@@3V_HeapManager@@A   10028f94     libvcruntime:undname.obj
 0003:00000fac       ___acrt_invalid_parameter_handler 10028fac     libucrt:invalid_parameter.obj
 0003:00000fb0       _c_termination_complete    10028fb0     libucrt:exit.obj
 0003:00000fb4       _thread_local_exit_callback_func 10028fb4     libucrt:exit.obj
 0003:00000fb8       ?c_exit_complete@?5??common_exit@@YAXHW4_crt_exit_cleanup_mode@@W4_crt_exit_return_mode@@@Z@4_NA 10028fb8     libucrt:exit.obj
 0003:00000fc0       ?program_name@?5???$common_configure_argv@D@@YAHW4_crt_argv_mode@@@Z@4PADA 10028fc0     libucrt:argv_parsing.obj
 0003:000010f0       ___acrt_new_handler        100290f0     libucrt:new_handler.obj
 0003:000010f8       _module_handles            100290f8     libucrt:winapi_thunks.obj
 0003:00001148       _encoded_function_pointers 10029148     libucrt:winapi_thunks.obj
 0003:000011c8       ?state_cache@?1??__acrt_is_packaged_app@@9@4JA 100291c8     libucrt:winapi_thunks.obj
 0003:000011d4       _enable_percent_n          100291d4     libucrt:printf_count_output.obj
 0003:000013f0       ___acrt_lock_table         100293f0     libucrt:locks.obj
 0003:00001528       ___acrt_locks_initialized  10029528     libucrt:locks.obj
 0003:00001544       _fSystemSet                10029544     libucrt:mbctype.obj
 0003:00001548       ?initialized@?1??__acrt_initialize_multibyte@@9@4_NA 10029548     libucrt:mbctype.obj
 0003:00001568       _ctrlc_action              10029568     libucrt:signal.obj
 0003:0000156c       _ctrlbreak_action          1002956c     libucrt:signal.obj
 0003:00001570       _abort_action              10029570     libucrt:signal.obj
 0003:00001574       _term_action               10029574     libucrt:signal.obj
 0003:00001578       _user_matherr              10029578     libucrt:matherr.obj
 0003:0000157c       ___acrt_global_new_mode    1002957c     libucrt:new_mode.obj
 0003:00001588       ___acrt_app_type           10029588     libucrt:report_runtime_error.obj
 0003:00001590       __pmatherr_set             10029590     libucrt:libm_error.obj
 0004:00000220       $R000000                   1002a220     CAT.res
 0004:00000b68       $R000948                   1002ab68     CAT.res
 0004:00000c50       $R000A30                   1002ac50     CAT.res
 0004:00000eb8       $R000C98                   1002aeb8     CAT.res
 0004:000013a8       $R001188                   1002b3a8     CAT.res
 0004:000051d0       $R004FB0                   1002f1d0     CAT.res
 0004:000051f8       $R004FD8                   1002f1f8     CAT.res
