 OPOSFiscalPrinter

 Timestamp is 61a75b38 (Wed Dec  1 20:23:36 2021)

 Preferred load address is 10000000

 Start         Length     Name                   Class
 0001:00000000 00000080H .text$di                CODE
 0001:00000080 00021098H .text$mn                CODE
 0001:00021118 000000d8H .text$x                 CODE
 0001:000211f0 00000042H .text$yd                CODE
 0002:00000000 000002fcH .idata$5                DATA
 0002:000002fc 00000008H .00cfg                  DATA
 0002:00000304 00000004H .CRT$XCA                DATA
 0002:00000308 00000004H .CRT$XCL                DATA
 0002:0000030c 00000010H .CRT$XCU                DATA
 0002:0000031c 00000004H .CRT$XCZ                DATA
 0002:00000320 00000004H .CRT$XIA                DATA
 0002:00000324 00000010H .CRT$XIC                DATA
 0002:00000334 00000004H .CRT$XIZ                DATA
 0002:00000338 00000004H .CRT$XLA                DATA
 0002:0000033c 00000004H .CRT$XLZ                DATA
 0002:00000340 00000004H .CRT$XPA                DATA
 0002:00000344 00000008H .CRT$XPX                DATA
 0002:0000034c 00000004H .CRT$XPXA               DATA
 0002:00000350 00000004H .CRT$XPZ                DATA
 0002:00000354 00000004H .CRT$XTA                DATA
 0002:00000358 00000008H .CRT$XTZ                DATA
 0002:0000035c 00000000H .gfids$y                DATA
 0002:00000360 00007760H .rdata                  DATA
 0002:00007ac0 00000000H .rdata$CastGuardVftablesA DATA
 0002:00007ac0 00000000H .rdata$CastGuardVftablesC DATA
 0002:00007ac0 00000018H .rdata$T                DATA
 0002:00007ad8 00000178H .rdata$r                DATA
 0002:00007c50 0000002cH .rdata$sxdata           DATA
 0002:00007c7c 00000030H .rdata$voltmd           DATA
 0002:00007cac 0000040cH .rdata$zzzdbg           DATA
 0002:000080b8 00000004H .rtc$IAA                DATA
 0002:000080bc 00000004H .rtc$IZZ                DATA
 0002:000080c0 00000004H .rtc$TAA                DATA
 0002:000080c4 00000004H .rtc$TZZ                DATA
 0002:000080c8 00000004H .tls                    DATA
 0002:000080cc 00000004H .tls$                   DATA
 0002:000080d0 00000008H .tls$ZZZ                DATA
 0002:000080d8 000006dcH .xdata$x                DATA
 0002:000087b4 00000004H ATL$__a                 DATA
 0002:000087b8 00000008H ATL$__z                 DATA
 0002:000087c0 000000b0H .edata                  DATA
 0002:00008870 00000078H .idata$2                DATA
 0002:000088e8 00000014H .idata$3                DATA
 0002:000088fc 000002fcH .idata$4                DATA
 0002:00008bf8 00000bceH .idata$6                DATA
 0003:00000000 00000bb0H .data                   DATA
 0003:00000bb0 00000080H .data$r                 DATA
 0003:00000c30 00000018H .data$rs                DATA
 0003:00000c48 00000b80H .bss                    DATA
 0004:00000000 00000220H .rsrc$01                DATA
 0004:00000220 00009878H .rsrc$02                DATA

  Address         Publics by Value              Rva+Base       Lib:Object

 0000:00000000       ___arm64x_native_entrypoint 00000000     <absolute>
 0000:00000000       ___guard_longjmp_table     00000000     <absolute>
 0000:00000000       ___arm64x_extra_rfe_table  00000000     <absolute>
 0000:00000000       ___arm64x_redirection_metadata 00000000     <absolute>
 0000:00000000       ___guard_eh_cont_table     00000000     <absolute>
 0000:00000000       ___guard_eh_cont_count     00000000     <absolute>
 0000:00000000       ___guard_iat_count         00000000     <absolute>
 0000:00000000       __except_list              00000000     <absolute>
 0000:00000000       ___hybrid_code_map_count   00000000     <absolute>
 0000:00000000       ___x64_code_ranges_to_entry_points_count 00000000     <absolute>
 0000:00000000       ___x64_code_ranges_to_entry_points 00000000     <absolute>
 0000:00000000       ___guard_fids_count        00000000     <absolute>
 0000:00000000       ___guard_iat_table         00000000     <absolute>
 0000:00000000       ___hybrid_code_map         00000000     <absolute>
 0000:00000000       ___arm64x_extra_rfe_table_size 00000000     <absolute>
 0000:00000000       ___guard_longjmp_count     00000000     <absolute>
 0000:00000000       ___guard_check_icall_a64n_fptr 00000000     <absolute>
 0000:00000000       ___arm64x_redirection_metadata_count 00000000     <absolute>
 0000:00000000       ___hybrid_auxiliary_iat    00000000     <absolute>
 0000:00000000       ___dynamic_value_reloc_table 00000000     <absolute>
 0000:00000000       ___AbsoluteZero            00000000     <absolute>
 0000:00000000       ___enclave_config          00000000     <absolute>
 0000:00000000       ___guard_fids_table        00000000     <absolute>
 0000:00000000       ___hybrid_auxiliary_iat_copy 00000000     <absolute>
 0000:0000000b       ___safe_se_handler_count   0000000b     <absolute>
 0000:0000002c       __tls_array                0000002c     <absolute>
 0000:00000100       ___guard_flags             00000100     <absolute>
 0000:00000000       ___ImageBase               10000000     <linker-defined>
 0001:00000080       ?DupWide@_CW@@AAEXXZ       10001080 f   CWString.obj
 0001:0000009c       ?cw_dup@@YGXPBDAAHAAPA_W1@Z 1000109c f   CWString.obj
 0001:00000124       ?cw_memcpy@@YGHPA_WPBDH@Z  10001124 f   CWString.obj
 0001:00000150       ?cw_strcpy@@YAHPA_WPBD@Z   10001150 f   CWString.obj
 0001:00000163       ?cw_strlen@@YAHPBD@Z       10001163 f   CWString.obj
 0001:0000017c       ??0CAtlComModule@ATL@@QAE@XZ 1000117c f i OposVariant.obj
 0001:000001c1       ??0CAtlWinModule@ATL@@QAE@XZ 100011c1 f i OposVariant.obj
 0001:000001f8       ??0OposDispParms@@QAE@PAVOposVariant@@H@Z 100011f8 f   OposVariant.obj
 0001:00000269       ??1OposDispParms@@QAE@XZ   10001269 f   OposVariant.obj
 0001:00000277       ??A?$CSimpleArray@GV?$CSimpleArrayEqualHelper@G@ATL@@@ATL@@QAEAAGH@Z 10001277 f i OposVariant.obj
 0001:0000029c       ??_Estringdispid@CComTypeInfoHolder@ATL@@QAEPAXI@Z 1000129c f i OposVariant.obj
 0001:00000308       ?AtlWinModuleInit@ATL@@YGJPAU_ATL_WIN_MODULE70@1@@Z 10001308 f i OposVariant.obj
 0001:0000032e       ?AtlWinModuleTerm@ATL@@YGJPAU_ATL_WIN_MODULE70@1@PAUHINSTANCE__@@@Z 1000132e f i OposVariant.obj
 0001:00000391       ?ChangeBSTR@OposVariant@@QAEXPAPA_WAAJ@Z 10001391 f   OposVariant.obj
 0001:000003d2       ?ChangeLONG@OposVariant@@QAEXPAJAAJ@Z 100013d2 f   OposVariant.obj
 0001:00000413       ?GetLONG@OposVariant@@QAEJXZ 10001413 f   OposVariant.obj
 0001:0000042e       ?Init@CComCriticalSection@ATL@@QAEJXZ 1000142e f i OposVariant.obj
 0001:00000456       ?RemoveAll@?$CSimpleArray@PAUHINSTANCE__@@V?$CSimpleArrayEqualHelper@PAUHINSTANCE__@@@ATL@@@ATL@@QAEXXZ 10001456 f i atls:atlbase.obj
 0001:00000456       ?RemoveAll@?$CSimpleArray@GV?$CSimpleArrayEqualHelper@G@ATL@@@ATL@@QAEXXZ 10001456 f i OposVariant.obj
 0001:00000473       ?SetBSTR@OposVariant@@QAEXPA_WAAJ@Z 10001473 f   OposVariant.obj
 0001:000004a7       ?SetBSTR_Copy@OposVariant@@QAEXPA_WAAJ@Z 100014a7 f   OposVariant.obj
 0001:000004f7       ?SetBSTR_InOutPtr@OposVariant@@QAE_NPAPA_WAAJ@Z 100014f7 f   OposVariant.obj
 0001:0000052e       ?SetBSTR_OutPtr@OposVariant@@QAE_NPAPA_WAAJ@Z 1000152e f   OposVariant.obj
 0001:0000054a       ?SetCURRENCY@OposVariant@@QAEXTtagCY@@@Z 1000154a f   OposVariant.obj
 0001:00000572       ?SetDispatch_Ptr@OposVariant@@QAEXPAUIDispatch@@AAJ@Z 10001572 f   OposVariant.obj
 0001:000005ad       ?SetLONG@OposVariant@@QAEXJ@Z 100015ad f   OposVariant.obj
 0001:000005cf       ?SetLONG_Ptr@OposVariant@@QAEXPAJAAJ@Z 100015cf f   OposVariant.obj
 0001:00000602       ?SetString@OposVariant@@QAEXPB_WAAJ@Z 10001602 f   OposVariant.obj
 0001:00000648       ?SetVARIANT_BOOL@OposVariant@@QAEXF@Z 10001648 f   OposVariant.obj
 0001:00000672       ?Term@CAtlComModule@ATL@@QAEXXZ 10001672 f i OposVariant.obj
 0001:000006bc       ?_AtlRaiseException@ATL@@YAXKK@Z 100016bc f i OposVariant.obj
 0001:000006d1       ?OnDrawAdvanced@CComControlBase@ATL@@UAEJAAUATL_DRAWINFO@@@Z 100016d1 f i FiscalPrinter.obj
 0001:000007c4       ?AddRef@?$CComAggObject@VCOPOSFiscalPrinter@@@ATL@@UAGKXZ 100017c4 f i FiscalPrinter.obj
 0001:000007d5       ?Release@?$CComAggObject@VCOPOSFiscalPrinter@@@ATL@@UAGKXZ 100017d5 f i FiscalPrinter.obj
 0001:00000811       ?QueryInterface@?$CComAggObject@VCOPOSFiscalPrinter@@@ATL@@UAGJABU_GUID@@PAPAX@Z 10001811 f i FiscalPrinter.obj
 0001:00000860       ?AddRef@?$CComContainedObject@VCOPOSFiscalPrinter@@@ATL@@UAGKXZ 10001860 f i FiscalPrinter.obj
 0001:00000876       ?Release@?$CComContainedObject@VCOPOSFiscalPrinter@@@ATL@@UAGKXZ 10001876 f i FiscalPrinter.obj
 0001:0000088c       ?QueryInterface@?$CComContainedObject@VCOPOSFiscalPrinter@@@ATL@@UAGJABU_GUID@@PAPAX@Z 1000188c f i FiscalPrinter.obj
 0001:000008a7       ??_G?$CComAggObject@VCOPOSFiscalPrinter@@@ATL@@UAEPAXI@Z 100018a7 f i FiscalPrinter.obj
 0001:000008a7       ??_E?$CComAggObject@VCOPOSFiscalPrinter@@@ATL@@UAEPAXI@Z 100018a7 f i FiscalPrinter.obj
 0001:000008cc       ?AddRef@?$CComObject@VCOPOSFiscalPrinter@@@ATL@@UAGKXZ 100018cc f i FiscalPrinter.obj
 0001:000008e3       ?Release@?$CComObject@VCOPOSFiscalPrinter@@@ATL@@UAGKXZ 100018e3 f i FiscalPrinter.obj
 0001:00000925       ?QueryInterface@?$CComObject@VCOPOSFiscalPrinter@@@ATL@@UAGJABU_GUID@@PAPAX@Z 10001925 f i FiscalPrinter.obj
 0001:0000093f       ?OnFinalMessage@?$CWindowImplBaseT@VCWindow@ATL@@V?$CWinTraits@$0FGAAAAAA@$0A@@2@@ATL@@UAEXPAUHWND__@@@Z 1000193f f i FiscalPrinter.obj
 0001:0000093f       ?ObjectMain@CComObjectRootBase@ATL@@SGX_N@Z 1000193f f i FiscalPrinter.obj
 0001:00000942       ?GetCategoryMap@CComObjectRootBase@ATL@@SAPBU_ATL_CATMAP_ENTRY@2@XZ 10001942 f i FiscalPrinter.obj
 0001:00000942       ?GetObjectDescription@?$CComCoClass@VCOPOSFiscalPrinter@@$1?CLSID_OPOSFiscalPrinter@@3U_GUID@@B@ATL@@SGPB_WXZ 10001942 f i FiscalPrinter.obj
 0001:00000945       ?CreateInstance@CComClassFactory@ATL@@UAGJPAUIUnknown@@ABU_GUID@@PAPAX@Z 10001945 f i FiscalPrinter.obj
 0001:00000983       ?LockServer@CComClassFactory@ATL@@UAGJH@Z 10001983 f i FiscalPrinter.obj
 0001:000009a2       ??_ECComClassFactory@ATL@@UAEPAXI@Z 100019a2 f i FiscalPrinter.obj
 0001:000009a2       ??_GCComClassFactory@ATL@@UAEPAXI@Z 100019a2 f i FiscalPrinter.obj
 0001:000009cd       ?Next@?$CComEnumImpl@UIEnumConnections@@$1?_GUID_b196b287_bab4_101a_b69c_00aa00341d07@@3U__s_GUID@@BUtagCONNECTDATA@@V?$_Copy@UtagCONNECTDATA@@@ATL@@@ATL@@UAGJKPAUtagCONNECTDATA@@PAK@Z 100019cd f i FiscalPrinter.obj
 0001:00000a9c       ?Skip@?$CComEnumImpl@UIEnumConnections@@$1?_GUID_b196b287_bab4_101a_b69c_00aa00341d07@@3U__s_GUID@@BUtagCONNECTDATA@@V?$_Copy@UtagCONNECTDATA@@@ATL@@@ATL@@UAGJK@Z 10001a9c f i FiscalPrinter.obj
 0001:00000ac9       ?Reset@?$CComEnumImpl@UIEnumConnectionPoints@@$1?_GUID_b196b285_bab4_101a_b69c_00aa00341d07@@3U__s_GUID@@BPAUIConnectionPoint@@V?$_CopyInterface@UIConnectionPoint@@@ATL@@@ATL@@UAGJXZ 10001ac9 f i FiscalPrinter.obj
 0001:00000ac9       ?Reset@?$CComEnumImpl@UIEnumConnections@@$1?_GUID_b196b287_bab4_101a_b69c_00aa00341d07@@3U__s_GUID@@BUtagCONNECTDATA@@V?$_Copy@UtagCONNECTDATA@@@ATL@@@ATL@@UAGJXZ 10001ac9 f i FiscalPrinter.obj
 0001:00000adb       ?Clone@?$CComEnumImpl@UIEnumConnections@@$1?_GUID_b196b287_bab4_101a_b69c_00aa00341d07@@3U__s_GUID@@BUtagCONNECTDATA@@V?$_Copy@UtagCONNECTDATA@@@ATL@@@ATL@@UAGJPAPAUIEnumConnections@@@Z 10001adb f i FiscalPrinter.obj
 0001:00000bbc       ?AddRef@?$CComObject@V?$CComEnum@UIEnumConnectionPoints@@$1?_GUID_b196b285_bab4_101a_b69c_00aa00341d07@@3U__s_GUID@@BPAUIConnectionPoint@@V?$_CopyInterface@UIConnectionPoint@@@ATL@@VCComSingleThreadModel@6@@ATL@@@ATL@@UAGKXZ 10001bbc f i FiscalPrinter.obj
 0001:00000bbc       ?AddRef@?$CComObject@V?$CComEnum@UIEnumConnections@@$1?_GUID_b196b287_bab4_101a_b69c_00aa00341d07@@3U__s_GUID@@BUtagCONNECTDATA@@V?$_Copy@UtagCONNECTDATA@@@ATL@@VCComSingleThreadModel@6@@ATL@@@ATL@@UAGKXZ 10001bbc f i FiscalPrinter.obj
 0001:00000bcd       ?Release@?$CComObject@V?$CComEnum@UIEnumConnectionPoints@@$1?_GUID_b196b285_bab4_101a_b69c_00aa00341d07@@3U__s_GUID@@BPAUIConnectionPoint@@V?$_CopyInterface@UIConnectionPoint@@@ATL@@VCComSingleThreadModel@6@@ATL@@@ATL@@UAGKXZ 10001bcd f i FiscalPrinter.obj
 0001:00000bcd       ?Release@?$CComObject@V?$CComEnum@UIEnumConnections@@$1?_GUID_b196b287_bab4_101a_b69c_00aa00341d07@@3U__s_GUID@@BUtagCONNECTDATA@@V?$_Copy@UtagCONNECTDATA@@@ATL@@VCComSingleThreadModel@6@@ATL@@@ATL@@UAGKXZ 10001bcd f i FiscalPrinter.obj
 0001:00000c09       ?QueryInterface@?$CComObject@V?$CComEnum@UIEnumConnections@@$1?_GUID_b196b287_bab4_101a_b69c_00aa00341d07@@3U__s_GUID@@BUtagCONNECTDATA@@V?$_Copy@UtagCONNECTDATA@@@ATL@@VCComSingleThreadModel@6@@ATL@@@ATL@@UAGJABU_GUID@@PAPAX@Z 10001c09 f i FiscalPrinter.obj
 0001:00000c23       ??_E?$CComObject@V?$CComEnum@UIEnumConnections@@$1?_GUID_b196b287_bab4_101a_b69c_00aa00341d07@@3U__s_GUID@@BUtagCONNECTDATA@@V?$_Copy@UtagCONNECTDATA@@@ATL@@VCComSingleThreadModel@6@@ATL@@@ATL@@UAEPAXI@Z 10001c23 f i FiscalPrinter.obj
 0001:00000c23       ??_G?$CComObject@V?$CComEnum@UIEnumConnections@@$1?_GUID_b196b287_bab4_101a_b69c_00aa00341d07@@3U__s_GUID@@BUtagCONNECTDATA@@V?$_Copy@UtagCONNECTDATA@@@ATL@@VCComSingleThreadModel@6@@ATL@@@ATL@@UAEPAXI@Z 10001c23 f i FiscalPrinter.obj
 0001:00000c45       ?GetWindowProc@?$CWindowImplBaseT@VCWindow@ATL@@V?$CWinTraits@$0FGAAAAAA@$0A@@2@@ATL@@UAEP6GJPAUHWND__@@IIJ@ZXZ 10001c45 f i FiscalPrinter.obj
 0001:00000c4b       ?StartWindowProc@?$CWindowImplBaseT@VCWindow@ATL@@V?$CWinTraits@$0FGAAAAAA@$0A@@2@@ATL@@SGJPAUHWND__@@IIJ@Z 10001c4b f i FiscalPrinter.obj
 0001:00000c9f       ??_E?$CComObject@VCOPOSFiscalPrinter@@@ATL@@W3AEPAXI@Z 10001c9f f i FiscalPrinter.obj
 0001:00000ca7       ??_E?$CComObject@VCOPOSFiscalPrinter@@@ATL@@WEM@AEPAXI@Z 10001ca7 f i FiscalPrinter.obj
 0001:00000caf       ?QueryInterface@?$CComObject@VCOPOSFiscalPrinter@@@ATL@@WHA@AGJABU_GUID@@PAPAX@Z 10001caf f i FiscalPrinter.obj
 0001:00000cb9       ?AddRef@?$CComObject@VCOPOSFiscalPrinter@@@ATL@@WHA@AGKXZ 10001cb9 f i FiscalPrinter.obj
 0001:00000cc3       ?Release@?$CComObject@VCOPOSFiscalPrinter@@@ATL@@WHA@AGKXZ 10001cc3 f i FiscalPrinter.obj
 0001:00000ccd       ?QueryInterface@?$CComObject@VCOPOSFiscalPrinter@@@ATL@@WHE@AGJABU_GUID@@PAPAX@Z 10001ccd f i FiscalPrinter.obj
 0001:00000cd7       ?AddRef@?$CComObject@VCOPOSFiscalPrinter@@@ATL@@WHE@AGKXZ 10001cd7 f i FiscalPrinter.obj
 0001:00000ce1       ?Release@?$CComObject@VCOPOSFiscalPrinter@@@ATL@@WHE@AGKXZ 10001ce1 f i FiscalPrinter.obj
 0001:00000ceb       ?QueryInterface@?$CComObject@VCOPOSFiscalPrinter@@@ATL@@WHI@AGJABU_GUID@@PAPAX@Z 10001ceb f i FiscalPrinter.obj
 0001:00000cf5       ?AddRef@?$CComObject@VCOPOSFiscalPrinter@@@ATL@@WHI@AGKXZ 10001cf5 f i FiscalPrinter.obj
 0001:00000cff       ?Release@?$CComObject@VCOPOSFiscalPrinter@@@ATL@@WHI@AGKXZ 10001cff f i FiscalPrinter.obj
 0001:00000d09       ?QueryInterface@?$CComObject@VCOPOSFiscalPrinter@@@ATL@@WHM@AGJABU_GUID@@PAPAX@Z 10001d09 f i FiscalPrinter.obj
 0001:00000d13       ?AddRef@?$CComObject@VCOPOSFiscalPrinter@@@ATL@@WHM@AGKXZ 10001d13 f i FiscalPrinter.obj
 0001:00000d1d       ?Release@?$CComObject@VCOPOSFiscalPrinter@@@ATL@@WHM@AGKXZ 10001d1d f i FiscalPrinter.obj
 0001:00000d27       ?QueryInterface@?$CComObject@VCOPOSFiscalPrinter@@@ATL@@WIA@AGJABU_GUID@@PAPAX@Z 10001d27 f i FiscalPrinter.obj
 0001:00000d34       ?AddRef@?$CComObject@VCOPOSFiscalPrinter@@@ATL@@WIA@AGKXZ 10001d34 f i FiscalPrinter.obj
 0001:00000d41       ?Release@?$CComObject@VCOPOSFiscalPrinter@@@ATL@@WIA@AGKXZ 10001d41 f i FiscalPrinter.obj
 0001:00000d4e       ?QueryInterface@?$CComObject@VCOPOSFiscalPrinter@@@ATL@@WIE@AGJABU_GUID@@PAPAX@Z 10001d4e f i FiscalPrinter.obj
 0001:00000d5b       ?AddRef@?$CComObject@VCOPOSFiscalPrinter@@@ATL@@WIE@AGKXZ 10001d5b f i FiscalPrinter.obj
 0001:00000d68       ?Release@?$CComObject@VCOPOSFiscalPrinter@@@ATL@@WIE@AGKXZ 10001d68 f i FiscalPrinter.obj
 0001:00000d75       ?QueryInterface@?$CComObject@VCOPOSFiscalPrinter@@@ATL@@WII@AGJABU_GUID@@PAPAX@Z 10001d75 f i FiscalPrinter.obj
 0001:00000d82       ?AddRef@?$CComObject@VCOPOSFiscalPrinter@@@ATL@@WII@AGKXZ 10001d82 f i FiscalPrinter.obj
 0001:00000d8f       ?Release@?$CComObject@VCOPOSFiscalPrinter@@@ATL@@WII@AGKXZ 10001d8f f i FiscalPrinter.obj
 0001:00000d9c       ?QueryInterface@?$CComObject@VCOPOSFiscalPrinter@@@ATL@@WIM@AGJABU_GUID@@PAPAX@Z 10001d9c f i FiscalPrinter.obj
 0001:00000da9       ?AddRef@?$CComObject@VCOPOSFiscalPrinter@@@ATL@@WIM@AGKXZ 10001da9 f i FiscalPrinter.obj
 0001:00000db6       ?Release@?$CComObject@VCOPOSFiscalPrinter@@@ATL@@WIM@AGKXZ 10001db6 f i FiscalPrinter.obj
 0001:00000dc3       ?QueryInterface@?$CComObject@VCOPOSFiscalPrinter@@@ATL@@WJA@AGJABU_GUID@@PAPAX@Z 10001dc3 f i FiscalPrinter.obj
 0001:00000dd0       ?AddRef@?$CComObject@VCOPOSFiscalPrinter@@@ATL@@WJA@AGKXZ 10001dd0 f i FiscalPrinter.obj
 0001:00000ddd       ?Release@?$CComObject@VCOPOSFiscalPrinter@@@ATL@@WJA@AGKXZ 10001ddd f i FiscalPrinter.obj
 0001:00000dea       ?QueryInterface@?$CComObject@VCOPOSFiscalPrinter@@@ATL@@WJE@AGJABU_GUID@@PAPAX@Z 10001dea f i FiscalPrinter.obj
 0001:00000df7       ?AddRef@?$CComObject@VCOPOSFiscalPrinter@@@ATL@@WJE@AGKXZ 10001df7 f i FiscalPrinter.obj
 0001:00000e04       ?Release@?$CComObject@VCOPOSFiscalPrinter@@@ATL@@WJE@AGKXZ 10001e04 f i FiscalPrinter.obj
 0001:00000e11       ?QueryInterface@?$CComObject@VCOPOSFiscalPrinter@@@ATL@@WJI@AGJABU_GUID@@PAPAX@Z 10001e11 f i FiscalPrinter.obj
 0001:00000e1e       ?AddRef@?$CComObject@VCOPOSFiscalPrinter@@@ATL@@WJI@AGKXZ 10001e1e f i FiscalPrinter.obj
 0001:00000e2b       ?Release@?$CComObject@VCOPOSFiscalPrinter@@@ATL@@WJI@AGKXZ 10001e2b f i FiscalPrinter.obj
 0001:00000e38       ?QueryInterface@?$CComObject@VCOPOSFiscalPrinter@@@ATL@@WJM@AGJABU_GUID@@PAPAX@Z 10001e38 f i FiscalPrinter.obj
 0001:00000e45       ?AddRef@?$CComObject@VCOPOSFiscalPrinter@@@ATL@@WJM@AGKXZ 10001e45 f i FiscalPrinter.obj
 0001:00000e52       ?Release@?$CComObject@VCOPOSFiscalPrinter@@@ATL@@WJM@AGKXZ 10001e52 f i FiscalPrinter.obj
 0001:00000e5f       ?QueryInterface@?$CComObject@VCOPOSFiscalPrinter@@@ATL@@WKA@AGJABU_GUID@@PAPAX@Z 10001e5f f i FiscalPrinter.obj
 0001:00000e6c       ?AddRef@?$CComObject@VCOPOSFiscalPrinter@@@ATL@@WKA@AGKXZ 10001e6c f i FiscalPrinter.obj
 0001:00000e79       ?Release@?$CComObject@VCOPOSFiscalPrinter@@@ATL@@WKA@AGKXZ 10001e79 f i FiscalPrinter.obj
 0001:00000e86       ?AddRef@?$CComObject@VCOPOSFiscalPrinter@@@ATL@@WKI@AGKXZ 10001e86 f i FiscalPrinter.obj
 0001:00000e93       ?Release@?$CComObject@VCOPOSFiscalPrinter@@@ATL@@WKI@AGKXZ 10001e93 f i FiscalPrinter.obj
 0001:00000ea0       ?AddRef@?$CComObject@VCOPOSFiscalPrinter@@@ATL@@WLE@AGKXZ 10001ea0 f i FiscalPrinter.obj
 0001:00000ead       ?Release@?$CComObject@VCOPOSFiscalPrinter@@@ATL@@WLE@AGKXZ 10001ead f i FiscalPrinter.obj
 0001:00000eba       ??_E?$CComContainedObject@VCOPOSFiscalPrinter@@@ATL@@W3AEPAXI@Z 10001eba f i FiscalPrinter.obj
 0001:00000ec2       ??_E?$CComContainedObject@VCOPOSFiscalPrinter@@@ATL@@WEM@AEPAXI@Z 10001ec2 f i FiscalPrinter.obj
 0001:00000eca       ?QueryInterface@?$CComContainedObject@VCOPOSFiscalPrinter@@@ATL@@WHA@AGJABU_GUID@@PAPAX@Z 10001eca f i FiscalPrinter.obj
 0001:00000ed4       ?AddRef@?$CComContainedObject@VCOPOSFiscalPrinter@@@ATL@@WHA@AGKXZ 10001ed4 f i FiscalPrinter.obj
 0001:00000ede       ?Release@?$CComContainedObject@VCOPOSFiscalPrinter@@@ATL@@WHA@AGKXZ 10001ede f i FiscalPrinter.obj
 0001:00000ee8       ?QueryInterface@?$CComContainedObject@VCOPOSFiscalPrinter@@@ATL@@WHE@AGJABU_GUID@@PAPAX@Z 10001ee8 f i FiscalPrinter.obj
 0001:00000ef2       ?AddRef@?$CComContainedObject@VCOPOSFiscalPrinter@@@ATL@@WHE@AGKXZ 10001ef2 f i FiscalPrinter.obj
 0001:00000efc       ?Release@?$CComContainedObject@VCOPOSFiscalPrinter@@@ATL@@WHE@AGKXZ 10001efc f i FiscalPrinter.obj
 0001:00000f06       ?QueryInterface@?$CComContainedObject@VCOPOSFiscalPrinter@@@ATL@@WHI@AGJABU_GUID@@PAPAX@Z 10001f06 f i FiscalPrinter.obj
 0001:00000f10       ?AddRef@?$CComContainedObject@VCOPOSFiscalPrinter@@@ATL@@WHI@AGKXZ 10001f10 f i FiscalPrinter.obj
 0001:00000f1a       ?Release@?$CComContainedObject@VCOPOSFiscalPrinter@@@ATL@@WHI@AGKXZ 10001f1a f i FiscalPrinter.obj
 0001:00000f24       ?QueryInterface@?$CComContainedObject@VCOPOSFiscalPrinter@@@ATL@@WHM@AGJABU_GUID@@PAPAX@Z 10001f24 f i FiscalPrinter.obj
 0001:00000f2e       ?AddRef@?$CComContainedObject@VCOPOSFiscalPrinter@@@ATL@@WHM@AGKXZ 10001f2e f i FiscalPrinter.obj
 0001:00000f38       ?Release@?$CComContainedObject@VCOPOSFiscalPrinter@@@ATL@@WHM@AGKXZ 10001f38 f i FiscalPrinter.obj
 0001:00000f42       ?QueryInterface@?$CComContainedObject@VCOPOSFiscalPrinter@@@ATL@@WIA@AGJABU_GUID@@PAPAX@Z 10001f42 f i FiscalPrinter.obj
 0001:00000f4f       ?AddRef@?$CComContainedObject@VCOPOSFiscalPrinter@@@ATL@@WIA@AGKXZ 10001f4f f i FiscalPrinter.obj
 0001:00000f5c       ?Release@?$CComContainedObject@VCOPOSFiscalPrinter@@@ATL@@WIA@AGKXZ 10001f5c f i FiscalPrinter.obj
 0001:00000f69       ?QueryInterface@?$CComContainedObject@VCOPOSFiscalPrinter@@@ATL@@WIE@AGJABU_GUID@@PAPAX@Z 10001f69 f i FiscalPrinter.obj
 0001:00000f76       ?AddRef@?$CComContainedObject@VCOPOSFiscalPrinter@@@ATL@@WIE@AGKXZ 10001f76 f i FiscalPrinter.obj
 0001:00000f83       ?Release@?$CComContainedObject@VCOPOSFiscalPrinter@@@ATL@@WIE@AGKXZ 10001f83 f i FiscalPrinter.obj
 0001:00000f90       ?QueryInterface@?$CComContainedObject@VCOPOSFiscalPrinter@@@ATL@@WII@AGJABU_GUID@@PAPAX@Z 10001f90 f i FiscalPrinter.obj
 0001:00000f9d       ?AddRef@?$CComContainedObject@VCOPOSFiscalPrinter@@@ATL@@WII@AGKXZ 10001f9d f i FiscalPrinter.obj
 0001:00000faa       ?Release@?$CComContainedObject@VCOPOSFiscalPrinter@@@ATL@@WII@AGKXZ 10001faa f i FiscalPrinter.obj
 0001:00000fb7       ?QueryInterface@?$CComContainedObject@VCOPOSFiscalPrinter@@@ATL@@WIM@AGJABU_GUID@@PAPAX@Z 10001fb7 f i FiscalPrinter.obj
 0001:00000fc4       ?AddRef@?$CComContainedObject@VCOPOSFiscalPrinter@@@ATL@@WIM@AGKXZ 10001fc4 f i FiscalPrinter.obj
 0001:00000fd1       ?Release@?$CComContainedObject@VCOPOSFiscalPrinter@@@ATL@@WIM@AGKXZ 10001fd1 f i FiscalPrinter.obj
 0001:00000fde       ?QueryInterface@?$CComContainedObject@VCOPOSFiscalPrinter@@@ATL@@WJA@AGJABU_GUID@@PAPAX@Z 10001fde f i FiscalPrinter.obj
 0001:00000feb       ?AddRef@?$CComContainedObject@VCOPOSFiscalPrinter@@@ATL@@WJA@AGKXZ 10001feb f i FiscalPrinter.obj
 0001:00000ff8       ?Release@?$CComContainedObject@VCOPOSFiscalPrinter@@@ATL@@WJA@AGKXZ 10001ff8 f i FiscalPrinter.obj
 0001:00001005       ?QueryInterface@?$CComContainedObject@VCOPOSFiscalPrinter@@@ATL@@WJE@AGJABU_GUID@@PAPAX@Z 10002005 f i FiscalPrinter.obj
 0001:00001012       ?AddRef@?$CComContainedObject@VCOPOSFiscalPrinter@@@ATL@@WJE@AGKXZ 10002012 f i FiscalPrinter.obj
 0001:0000101f       ?Release@?$CComContainedObject@VCOPOSFiscalPrinter@@@ATL@@WJE@AGKXZ 1000201f f i FiscalPrinter.obj
 0001:0000102c       ?QueryInterface@?$CComContainedObject@VCOPOSFiscalPrinter@@@ATL@@WJI@AGJABU_GUID@@PAPAX@Z 1000202c f i FiscalPrinter.obj
 0001:00001039       ?AddRef@?$CComContainedObject@VCOPOSFiscalPrinter@@@ATL@@WJI@AGKXZ 10002039 f i FiscalPrinter.obj
 0001:00001046       ?Release@?$CComContainedObject@VCOPOSFiscalPrinter@@@ATL@@WJI@AGKXZ 10002046 f i FiscalPrinter.obj
 0001:00001053       ?QueryInterface@?$CComContainedObject@VCOPOSFiscalPrinter@@@ATL@@WJM@AGJABU_GUID@@PAPAX@Z 10002053 f i FiscalPrinter.obj
 0001:00001060       ?AddRef@?$CComContainedObject@VCOPOSFiscalPrinter@@@ATL@@WJM@AGKXZ 10002060 f i FiscalPrinter.obj
 0001:0000106d       ?Release@?$CComContainedObject@VCOPOSFiscalPrinter@@@ATL@@WJM@AGKXZ 1000206d f i FiscalPrinter.obj
 0001:0000107a       ?QueryInterface@?$CComContainedObject@VCOPOSFiscalPrinter@@@ATL@@WKA@AGJABU_GUID@@PAPAX@Z 1000207a f i FiscalPrinter.obj
 0001:00001087       ?AddRef@?$CComContainedObject@VCOPOSFiscalPrinter@@@ATL@@WKA@AGKXZ 10002087 f i FiscalPrinter.obj
 0001:00001094       ?Release@?$CComContainedObject@VCOPOSFiscalPrinter@@@ATL@@WKA@AGKXZ 10002094 f i FiscalPrinter.obj
 0001:000010a1       ?AddRef@?$CComContainedObject@VCOPOSFiscalPrinter@@@ATL@@WKI@AGKXZ 100020a1 f i FiscalPrinter.obj
 0001:000010ae       ?Release@?$CComContainedObject@VCOPOSFiscalPrinter@@@ATL@@WKI@AGKXZ 100020ae f i FiscalPrinter.obj
 0001:000010bb       ?AddRef@?$CComContainedObject@VCOPOSFiscalPrinter@@@ATL@@WLE@AGKXZ 100020bb f i FiscalPrinter.obj
 0001:000010c8       ?Release@?$CComContainedObject@VCOPOSFiscalPrinter@@@ATL@@WLE@AGKXZ 100020c8 f i FiscalPrinter.obj
 0001:000010d5       ?Lock@CAtlModule@ATL@@UAEJXZ 100020d5 f i FiscalPrinter.obj
 0001:000010df       ?Unlock@CAtlModule@ATL@@UAEJXZ 100020df f i FiscalPrinter.obj
 0001:000010e9       ?GetLockCount@CAtlModule@ATL@@UAEJXZ 100020e9 f i FiscalPrinter.obj
 0001:000010ed       ?GetGITPtr@CAtlModule@ATL@@UAEJPAPAUIGlobalInterfaceTable@@@Z 100020ed f i FiscalPrinter.obj
 0001:00001139       ?AddCommonRGSReplacements@?$CAtlModuleT@VCComModule@ATL@@@ATL@@UAEJPAUIRegistrarBase@@@Z 10002139 f i FiscalPrinter.obj
 0001:00001153       ?UpdateRegistryFromResourceD@CComModule@ATL@@UAGJPB_WHPAU_ATL_REGMAP_ENTRY@2@@Z 10002153 f i FiscalPrinter.obj
 0001:00001153       ?UpdateRegistryFromResourceD@CComModule@ATL@@UAGJIHPAU_ATL_REGMAP_ENTRY@2@@Z 10002153 f i FiscalPrinter.obj
 0001:0000115b       ?UpdateRegistryFromResource@CComModule@ATL@@UAGJPB_WHPAU_ATL_REGMAP_ENTRY@2@@Z 1000215b f i FiscalPrinter.obj
 0001:00001164       ?UpdateRegistryFromResource@CComModule@ATL@@UAGJIHPAU_ATL_REGMAP_ENTRY@2@@Z 10002164 f i FiscalPrinter.obj
 0001:0000116d       ??_GCComModule@ATL@@UAEPAXI@Z 1000216d f i FiscalPrinter.obj
 0001:0000116d       ??_ECComModule@ATL@@UAEPAXI@Z 1000216d f i FiscalPrinter.obj
 0001:00001195       ?GetTypeInfoCount@?$IDispatchImpl@UIOPOSFiscalPrinter@@$1?IID_IOPOSFiscalPrinter@@3U_GUID@@B$1?LIBID_OposFiscalPrinter_CCO@@3U3@B$00$0A@VCComTypeInfoHolder@ATL@@@ATL@@UAGJPAI@Z 10002195 f i FiscalPrinter.obj
 0001:000011b2       ?GetTypeInfo@?$IDispatchImpl@UIOPOSFiscalPrinter@@$1?IID_IOPOSFiscalPrinter@@3U_GUID@@B$1?LIBID_OposFiscalPrinter_CCO@@3U3@B$00$0A@VCComTypeInfoHolder@ATL@@@ATL@@UAGJIKPAPAUITypeInfo@@@Z 100021b2 f i FiscalPrinter.obj
 0001:000011d6       ?GetIDsOfNames@?$IDispatchImpl@UIOPOSFiscalPrinter@@$1?IID_IOPOSFiscalPrinter@@3U_GUID@@B$1?LIBID_OposFiscalPrinter_CCO@@3U3@B$00$0A@VCComTypeInfoHolder@ATL@@@ATL@@UAGJABU_GUID@@PAPA_WIKPAJ@Z 100021d6 f i FiscalPrinter.obj
 0001:000011f6       ?Invoke@?$IDispatchImpl@UIOPOSFiscalPrinter@@$1?IID_IOPOSFiscalPrinter@@3U_GUID@@B$1?LIBID_OposFiscalPrinter_CCO@@3U3@B$00$0A@VCComTypeInfoHolder@ATL@@@ATL@@UAGJJABU_GUID@@KGPAUtagDISPPARAMS@@PAUtagVARIANT@@PAUtagEXCEPINFO@@PAI@Z 100021f6 f i FiscalPrinter.obj
 0001:00001204       ?CreateControlWindow@?$CComControl@VCOPOSFiscalPrinter@@V?$CWindowImpl@VCOPOSFiscalPrinter@@VCWindow@ATL@@V?$CWinTraits@$0FGAAAAAA@$0A@@3@@ATL@@@ATL@@UAEPAUHWND__@@PAU3@AAUtagRECT@@@Z 10002204 f i FiscalPrinter.obj
 0001:00001233       ?ControlQueryInterface@?$CComControl@VCOPOSFiscalPrinter@@V?$CWindowImpl@VCOPOSFiscalPrinter@@VCWindow@ATL@@V?$CWinTraits@$0FGAAAAAA@$0A@@3@@ATL@@@ATL@@UAEJABU_GUID@@PAPAX@Z 10002233 f i FiscalPrinter.obj
 0001:0000124e       ?GetUserClassID@?$IOleObjectImpl@VCOPOSFiscalPrinter@@@ATL@@UAGJPAU_GUID@@@Z 1000224e f i FiscalPrinter.obj
 0001:0000124e       ?GetClassID@?$IPersistStreamInitImpl@VCOPOSFiscalPrinter@@@ATL@@UAGJPAU_GUID@@@Z 1000224e f i FiscalPrinter.obj
 0001:0000124e       ?GetClassID@?$IPersistStorageImpl@VCOPOSFiscalPrinter@@@ATL@@UAGJPAU_GUID@@@Z 1000224e f i FiscalPrinter.obj
 0001:00001272       ?IsDirty@?$IPersistStreamInitImpl@VCOPOSFiscalPrinter@@@ATL@@UAGJXZ 10002272 f i FiscalPrinter.obj
 0001:00001291       ?Load@?$IPersistStreamInitImpl@VCOPOSFiscalPrinter@@@ATL@@UAGJPAUIStream@@@Z 10002291 f i FiscalPrinter.obj
 0001:000012b0       ?Save@?$IPersistStreamInitImpl@VCOPOSFiscalPrinter@@@ATL@@UAGJPAUIStream@@H@Z 100022b0 f i FiscalPrinter.obj
 0001:000012d2       ?GetSizeMax@?$IPersistStreamInitImpl@VCOPOSFiscalPrinter@@@ATL@@UAGJPAT_ULARGE_INTEGER@@@Z 100022d2 f i FiscalPrinter.obj
 0001:000014b1       ?InitNew@?$IPersistStreamInitImpl@VCOPOSFiscalPrinter@@@ATL@@UAGJXZ 100024b1 f i FiscalPrinter.obj
 0001:000014ce       ?QueryGetData@?$IDataObjectImpl@VCOPOSFiscalPrinter@@@ATL@@UAGJPAUtagFORMATETC@@@Z 100024ce f i FiscalPrinter.obj
 0001:000014ce       ?SetColorScheme@?$IOleObjectImpl@VCOPOSFiscalPrinter@@@ATL@@UAGJPAUtagLOGPALETTE@@@Z 100024ce f i FiscalPrinter.obj
 0001:000014ce       ?GetDropTarget@?$IOleInPlaceObjectWindowlessImpl@VCOPOSFiscalPrinter@@@ATL@@UAGJPAPAUIDropTarget@@@Z 100024ce f i FiscalPrinter.obj
 0001:000014ce       ?ContextSensitiveHelp@?$IOleInPlaceActiveObjectImpl@VCOPOSFiscalPrinter@@@ATL@@UAGJH@Z 100024ce f i FiscalPrinter.obj
 0001:000014ce       ?GetControlInfo@?$IOleControlImpl@VCOPOSFiscalPrinter@@@ATL@@UAGJPAUtagCONTROLINFO@@@Z 100024ce f i FiscalPrinter.obj
 0001:000014ce       ?SODataDummy@COPOSFiscalPrinter@@MAGJJ@Z 100024ce f i FiscalPrinter.obj
 0001:000014ce       ?OnMnemonic@?$IOleControlImpl@VCOPOSFiscalPrinter@@@ATL@@UAGJPAUtagMSG@@@Z 100024ce f i FiscalPrinter.obj
 0001:000014ce       ?ContextSensitiveHelp@?$IOleInPlaceObjectWindowlessImpl@VCOPOSFiscalPrinter@@@ATL@@UAGJH@Z 100024ce f i FiscalPrinter.obj
 0001:000014ce       ?Unfreeze@?$IViewObjectExImpl@VCOPOSFiscalPrinter@@@ATL@@UAGJK@Z 100024ce f i FiscalPrinter.obj
 0001:000014d6       ?OnFrameWindowActivate@?$IOleInPlaceActiveObjectImpl@VCOPOSFiscalPrinter@@@ATL@@UAGJH@Z 100024d6 f i FiscalPrinter.obj
 0001:000014d6       ?SaveCompleted@?$IPersistStorageImpl@VCOPOSFiscalPrinter@@@ATL@@UAGJPAUIStorage@@@Z 100024d6 f i FiscalPrinter.obj
 0001:000014d6       ?EnableModeless@?$IOleInPlaceActiveObjectImpl@VCOPOSFiscalPrinter@@@ATL@@UAGJH@Z 100024d6 f i FiscalPrinter.obj
 0001:000014d6       ?OnAmbientPropertyChange@?$IOleControlImpl@VCOPOSFiscalPrinter@@@ATL@@UAGJJ@Z 100024d6 f i FiscalPrinter.obj
 0001:000014db       ?SetClientSite@?$IOleObjectImpl@VCOPOSFiscalPrinter@@@ATL@@UAGJPAUIOleClientSite@@@Z 100024db f i FiscalPrinter.obj
 0001:000014f8       ?GetClientSite@?$IOleObjectImpl@VCOPOSFiscalPrinter@@@ATL@@UAGJPAPAUIOleClientSite@@@Z 100024f8 f i FiscalPrinter.obj
 0001:00001515       ?SetHostNames@?$IOleObjectImpl@VCOPOSFiscalPrinter@@@ATL@@UAGJPB_W0@Z 10002515 f i FiscalPrinter.obj
 0001:0000151a       ?Close@?$IOleObjectImpl@VCOPOSFiscalPrinter@@@ATL@@UAGJK@Z 1000251a f i FiscalPrinter.obj
 0001:00001537       ?GetDataHere@?$IDataObjectImpl@VCOPOSFiscalPrinter@@@ATL@@UAGJPAUtagFORMATETC@@PAUtagSTGMEDIUM@@@Z 10002537 f i FiscalPrinter.obj
 0001:00001537       ?SetMoniker@?$IOleObjectImpl@VCOPOSFiscalPrinter@@@ATL@@UAGJKPAUIMoniker@@@Z 10002537 f i FiscalPrinter.obj
 0001:00001537       ?EnumFormatEtc@?$IDataObjectImpl@VCOPOSFiscalPrinter@@@ATL@@UAGJKPAPAUIEnumFORMATETC@@@Z 10002537 f i FiscalPrinter.obj
 0001:00001537       ?GetClipboardData@?$IOleObjectImpl@VCOPOSFiscalPrinter@@@ATL@@UAGJKPAPAUIDataObject@@@Z 10002537 f i FiscalPrinter.obj
 0001:00001537       ?GetCanonicalFormatEtc@?$IDataObjectImpl@VCOPOSFiscalPrinter@@@ATL@@UAGJPAUtagFORMATETC@@0@Z 10002537 f i FiscalPrinter.obj
 0001:00001537       ?GetRect@?$IViewObjectExImpl@VCOPOSFiscalPrinter@@@ATL@@UAGJKPAU_RECTL@@@Z 10002537 f i FiscalPrinter.obj
 0001:00001537       ?QueryInterface@CRegObject@ATL@@UAGJABU_GUID@@PAPAX@Z 10002537 f i FiscalPrinter.obj
 0001:0000153f       ?GetMoniker@?$IOleObjectImpl@VCOPOSFiscalPrinter@@@ATL@@UAGJKKPAPAUIMoniker@@@Z 1000253f f i FiscalPrinter.obj
 0001:0000153f       ?InitFromData@?$IOleObjectImpl@VCOPOSFiscalPrinter@@@ATL@@UAGJPAUIDataObject@@HK@Z 1000253f f i FiscalPrinter.obj
 0001:0000153f       ?SetData@?$IDataObjectImpl@VCOPOSFiscalPrinter@@@ATL@@UAGJPAUtagFORMATETC@@PAUtagSTGMEDIUM@@H@Z 1000253f f i FiscalPrinter.obj
 0001:00001547       ?DoVerb@?$IOleObjectImpl@VCOPOSFiscalPrinter@@@ATL@@UAGJJPAUtagMSG@@PAUIOleClientSite@@JPAUHWND__@@PBUtagRECT@@@Z 10002547 f i FiscalPrinter.obj
 0001:0000163b       ?EnumVerbs@?$IOleObjectImpl@VCOPOSFiscalPrinter@@@ATL@@UAGJPAPAUIEnumOLEVERB@@@Z 1000263b f i FiscalPrinter.obj
 0001:0000165d       ?IsUpToDate@?$IOleObjectImpl@VCOPOSFiscalPrinter@@@ATL@@UAGJXZ 1000265d f i FiscalPrinter.obj
 0001:0000165d       ?Release@CRegObject@ATL@@UAGKXZ 1000265d f i FiscalPrinter.obj
 0001:0000165d       ?HandsOffStorage@?$IPersistStorageImpl@VCOPOSFiscalPrinter@@@ATL@@UAGJXZ 1000265d f i FiscalPrinter.obj
 0001:0000165d       ?Update@?$IOleObjectImpl@VCOPOSFiscalPrinter@@@ATL@@UAGJXZ 1000265d f i FiscalPrinter.obj
 0001:00001662       ?GetUserType@?$IOleObjectImpl@VCOPOSFiscalPrinter@@@ATL@@UAGJKPAPA_W@Z 10002662 f i FiscalPrinter.obj
 0001:0000167a       ?SetExtent@?$IOleObjectImpl@VCOPOSFiscalPrinter@@@ATL@@UAGJKPAUtagSIZE@@@Z 1000267a f i FiscalPrinter.obj
 0001:0000169a       ?GetExtent@?$IOleObjectImpl@VCOPOSFiscalPrinter@@@ATL@@UAGJKPAUtagSIZE@@@Z 1000269a f i FiscalPrinter.obj
 0001:000016d8       ?Advise@?$IOleObjectImpl@VCOPOSFiscalPrinter@@@ATL@@UAGJPAUIAdviseSink@@PAK@Z 100026d8 f i FiscalPrinter.obj
 0001:000016f8       ?Unadvise@?$IOleObjectImpl@VCOPOSFiscalPrinter@@@ATL@@UAGJK@Z 100026f8 f i FiscalPrinter.obj
 0001:00001727       ?EnumAdvise@?$IOleObjectImpl@VCOPOSFiscalPrinter@@@ATL@@UAGJPAPAUIEnumSTATDATA@@@Z 10002727 f i FiscalPrinter.obj
 0001:00001767       ?GetMiscStatus@?$IOleObjectImpl@VCOPOSFiscalPrinter@@@ATL@@UAGJKPAK@Z 10002767 f i FiscalPrinter.obj
 0001:0000177f       ?GetWindow@?$IOleInPlaceActiveObjectImpl@VCOPOSFiscalPrinter@@@ATL@@UAGJPAPAUHWND__@@@Z 1000277f f i FiscalPrinter.obj
 0001:000017cc       ?TranslateAcceleratorW@?$IOleInPlaceActiveObjectImpl@VCOPOSFiscalPrinter@@@ATL@@UAGJPAUtagMSG@@@Z 100027cc f i FiscalPrinter.obj
 0001:0000187a       ?OnDocWindowActivate@?$IOleInPlaceActiveObjectImpl@VCOPOSFiscalPrinter@@@ATL@@UAGJH@Z 1000287a f i FiscalPrinter.obj
 0001:0000189c       ?ResizeBorder@?$IOleInPlaceActiveObjectImpl@VCOPOSFiscalPrinter@@@ATL@@UAGJPBUtagRECT@@PAUIOleInPlaceUIWindow@@H@Z 1000289c f i FiscalPrinter.obj
 0001:000018a1       ?Draw@?$IViewObjectExImpl@VCOPOSFiscalPrinter@@@ATL@@UAGJKJPAXPAUtagDVTARGETDEVICE@@PAUHDC__@@2PBU_RECTL@@3P6GHK@ZK@Z 100028a1 f i FiscalPrinter.obj
 0001:000018d3       ?GetColorSet@?$IViewObjectExImpl@VCOPOSFiscalPrinter@@@ATL@@UAGJKJPAXPAUtagDVTARGETDEVICE@@PAUHDC__@@PAPAUtagLOGPALETTE@@@Z 100028d3 f i FiscalPrinter.obj
 0001:000018db       ?Freeze@?$IViewObjectExImpl@VCOPOSFiscalPrinter@@@ATL@@UAGJKJPAXPAK@Z 100028db f i FiscalPrinter.obj
 0001:000018e3       ?SetAdvise@?$IViewObjectExImpl@VCOPOSFiscalPrinter@@@ATL@@UAGJKKPAUIAdviseSink@@@Z 100028e3 f i FiscalPrinter.obj
 0001:00001902       ?GetAdvise@?$IViewObjectExImpl@VCOPOSFiscalPrinter@@@ATL@@UAGJPAK0PAPAUIAdviseSink@@@Z 10002902 f i FiscalPrinter.obj
 0001:00001937       ?GetExtent@?$IViewObjectExImpl@VCOPOSFiscalPrinter@@@ATL@@UAGJKJPAUtagDVTARGETDEVICE@@PAUtagSIZE@@@Z 10002937 f i FiscalPrinter.obj
 0001:00001968       ?GetViewStatus@?$IViewObjectExImpl@VCOPOSFiscalPrinter@@@ATL@@UAGJPAK@Z 10002968 f i FiscalPrinter.obj
 0001:00001985       ?QueryHitPoint@?$IViewObjectExImpl@VCOPOSFiscalPrinter@@@ATL@@UAGJKPBUtagRECT@@UtagPOINT@@JPAK@Z 10002985 f i FiscalPrinter.obj
 0001:000019c6       ?QueryHitRect@?$IViewObjectExImpl@VCOPOSFiscalPrinter@@@ATL@@UAGJKPBUtagRECT@@0JPAK@Z 100029c6 f i FiscalPrinter.obj
 0001:00001a21       ?GetNaturalExtent@?$IViewObjectExImpl@VCOPOSFiscalPrinter@@@ATL@@UAGJKJPAUtagDVTARGETDEVICE@@PAUHDC__@@PAUtagExtentInfo@@PAUtagSIZE@@@Z 10002a21 f i FiscalPrinter.obj
 0001:00001a6c       ?GetWindow@?$IOleInPlaceObjectWindowlessImpl@VCOPOSFiscalPrinter@@@ATL@@UAGJPAPAUHWND__@@@Z 10002a6c f i FiscalPrinter.obj
 0001:00001ab9       ?InPlaceDeactivate@?$IOleInPlaceObjectWindowlessImpl@VCOPOSFiscalPrinter@@@ATL@@UAGJXZ 10002ab9 f i FiscalPrinter.obj
 0001:00001ad3       ?UIDeactivate@?$IOleInPlaceObjectWindowlessImpl@VCOPOSFiscalPrinter@@@ATL@@UAGJXZ 10002ad3 f i FiscalPrinter.obj
 0001:00001aed       ?SetObjectRects@?$IOleInPlaceObjectWindowlessImpl@VCOPOSFiscalPrinter@@@ATL@@UAGJPBUtagRECT@@0@Z 10002aed f i FiscalPrinter.obj
 0001:00001b0d       ?ReactivateAndUndo@?$IOleInPlaceObjectWindowlessImpl@VCOPOSFiscalPrinter@@@ATL@@UAGJXZ 10002b0d f i FiscalPrinter.obj
 0001:00001b15       ?OnWindowMessage@?$IOleInPlaceObjectWindowlessImpl@VCOPOSFiscalPrinter@@@ATL@@UAGJIIJPAJ@Z 10002b15 f i FiscalPrinter.obj
 0001:00001b85       ?EnumConnectionPoints@?$IConnectionPointContainerImpl@VCOPOSFiscalPrinter@@@ATL@@UAGJPAPAUIEnumConnectionPoints@@@Z 10002b85 f i FiscalPrinter.obj
 0001:00001d15       ?FindConnectionPoint@?$IConnectionPointContainerImpl@VCOPOSFiscalPrinter@@@ATL@@UAGJABU_GUID@@PAPAUIConnectionPoint@@@Z 10002d15 f i FiscalPrinter.obj
 0001:00001db8       ?IsDirty@?$IPersistStorageImpl@VCOPOSFiscalPrinter@@@ATL@@UAGJXZ 10002db8 f i FiscalPrinter.obj
 0001:00001de8       ?InitNew@?$IPersistStorageImpl@VCOPOSFiscalPrinter@@@ATL@@UAGJPAUIStorage@@@Z 10002de8 f i FiscalPrinter.obj
 0001:00001e18       ?Load@?$IPersistStorageImpl@VCOPOSFiscalPrinter@@@ATL@@UAGJPAUIStorage@@@Z 10002e18 f i FiscalPrinter.obj
 0001:00001e84       ?Save@?$IPersistStorageImpl@VCOPOSFiscalPrinter@@@ATL@@UAGJPAUIStorage@@H@Z 10002e84 f i FiscalPrinter.obj
 0001:00001ef7       ?GetPages@?$ISpecifyPropertyPagesImpl@VCOPOSFiscalPrinter@@@ATL@@UAGJPAUtagCAUUID@@@Z 10002ef7 f i FiscalPrinter.obj
 0001:00001f0e       ?QuickActivate@?$IQuickActivateImpl@VCOPOSFiscalPrinter@@@ATL@@UAGJPAUtagQACONTAINER@@PAUtagQACONTROL@@@Z 10002f0e f i FiscalPrinter.obj
 0001:00001f31       ?SetContentExtent@?$IQuickActivateImpl@VCOPOSFiscalPrinter@@@ATL@@UAGJPAUtagSIZE@@@Z 10002f31 f i FiscalPrinter.obj
 0001:00001f5d       ?GetContentExtent@?$IQuickActivateImpl@VCOPOSFiscalPrinter@@@ATL@@UAGJPAUtagSIZE@@@Z 10002f5d f i FiscalPrinter.obj
 0001:00001f99       ?GetData@?$IDataObjectImpl@VCOPOSFiscalPrinter@@@ATL@@UAGJPAUtagFORMATETC@@PAUtagSTGMEDIUM@@@Z 10002f99 f i FiscalPrinter.obj
 0001:00001fbc       ?DAdvise@?$IDataObjectImpl@VCOPOSFiscalPrinter@@@ATL@@UAGJPAUtagFORMATETC@@KPAUIAdviseSink@@PAK@Z 10002fbc f i FiscalPrinter.obj
 0001:00001ffd       ?DUnadvise@?$IDataObjectImpl@VCOPOSFiscalPrinter@@@ATL@@UAGJK@Z 10002ffd f i FiscalPrinter.obj
 0001:0000202b       ?EnumDAdvise@?$IDataObjectImpl@VCOPOSFiscalPrinter@@@ATL@@UAGJPAPAUIEnumSTATDATA@@@Z 1000302b f i FiscalPrinter.obj
 0001:0000206a       ?GetClassInfoW@?$IProvideClassInfo2Impl@$1?CLSID_OPOSFiscalPrinter@@3U_GUID@@B$1?DIID__IOPOSFiscalPrinterEvents@@3U2@B$1?LIBID_OposFiscalPrinter_CCO@@3U2@B$00$0A@VCComTypeInfoHolder@ATL@@@ATL@@UAGJPAPAUITypeInfo@@@Z 1000306a f i FiscalPrinter.obj
 0001:00002080       ?GetGUID@?$IProvideClassInfo2Impl@$1?CLSID_OPOSFiscalPrinter@@3U_GUID@@B$1?DIID__IOPOSFiscalPrinterEvents@@3U2@B$1?LIBID_OposFiscalPrinter_CCO@@3U2@B$00$0A@VCComTypeInfoHolder@ATL@@@ATL@@UAGJKPAU_GUID@@@Z 10003080 f i FiscalPrinter.obj
 0001:000020be       ?FAccessAllowed@?$IObjectSafetyImpl@VCOPOSFiscalPrinter@@$02@ATL@@MAEHXZ 100030be f i FiscalPrinter.obj
 0001:000020be       __get_startup_argv_mode    100030be f i LIBCMT:argv_mode.obj
 0001:000020c2       ?GetInterfaceSafetyOptions@?$IObjectSafetyImpl@VCOPOSFiscalPrinter@@$02@ATL@@UAGJABU_GUID@@PAK1@Z 100030c2 f i FiscalPrinter.obj
 0001:00002135       ?SetInterfaceSafetyOptions@?$IObjectSafetyImpl@VCOPOSFiscalPrinter@@$02@ATL@@UAGJABU_GUID@@KK@Z 10003135 f i FiscalPrinter.obj
 0001:000021af       ?_LocCPQueryInterface@?$IConnectionPointImpl@VCOPOSFiscalPrinter@@$1?DIID__IOPOSFiscalPrinterEvents@@3U_GUID@@BVCComDynamicUnkArray@ATL@@@ATL@@UAGJABU_GUID@@PAPAX@Z 100031af f i FiscalPrinter.obj
 0001:000021af       ?_LocCPQueryInterface@?$IConnectionPointImpl@VCOPOSFiscalPrinter@@$1?IID_IPropertyNotifySink@@3U_GUID@@BVCComDynamicUnkArray@ATL@@@ATL@@UAGJABU_GUID@@PAPAX@Z 100031af f i FiscalPrinter.obj
 0001:000021fc       ?GetConnectionInterface@?$IConnectionPointImpl@VCOPOSFiscalPrinter@@$1?IID_IPropertyNotifySink@@3U_GUID@@BVCComDynamicUnkArray@ATL@@@ATL@@UAGJPAU_GUID@@@Z 100031fc f i FiscalPrinter.obj
 0001:00002220       ?GetConnectionPointContainer@?$IConnectionPointImpl@VCOPOSFiscalPrinter@@$1?IID_IPropertyNotifySink@@3U_GUID@@BVCComDynamicUnkArray@ATL@@@ATL@@UAGJPAPAUIConnectionPointContainer@@@Z 10003220 f i FiscalPrinter.obj
 0001:00002243       ?Advise@?$IConnectionPointImpl@VCOPOSFiscalPrinter@@$1?DIID__IOPOSFiscalPrinterEvents@@3U_GUID@@BVCComDynamicUnkArray@ATL@@@ATL@@UAGJPAUIUnknown@@PAK@Z 10003243 f i FiscalPrinter.obj
 0001:00002243       ?Advise@?$IConnectionPointImpl@VCOPOSFiscalPrinter@@$1?IID_IPropertyNotifySink@@3U_GUID@@BVCComDynamicUnkArray@ATL@@@ATL@@UAGJPAUIUnknown@@PAK@Z 10003243 f i FiscalPrinter.obj
 0001:000022e3       ?Unadvise@?$IConnectionPointImpl@VCOPOSFiscalPrinter@@$1?DIID__IOPOSFiscalPrinterEvents@@3U_GUID@@BVCComDynamicUnkArray@ATL@@@ATL@@UAGJK@Z 100032e3 f i FiscalPrinter.obj
 0001:000022e3       ?Unadvise@?$IConnectionPointImpl@VCOPOSFiscalPrinter@@$1?IID_IPropertyNotifySink@@3U_GUID@@BVCComDynamicUnkArray@ATL@@@ATL@@UAGJK@Z 100032e3 f i FiscalPrinter.obj
 0001:00002323       ?EnumConnections@?$IConnectionPointImpl@VCOPOSFiscalPrinter@@$1?IID_IPropertyNotifySink@@3U_GUID@@BVCComDynamicUnkArray@ATL@@@ATL@@UAGJPAPAUIEnumConnections@@@Z 10003323 f i FiscalPrinter.obj
 0001:00002323       ?EnumConnections@?$IConnectionPointImpl@VCOPOSFiscalPrinter@@$1?DIID__IOPOSFiscalPrinterEvents@@3U_GUID@@BVCComDynamicUnkArray@ATL@@@ATL@@UAGJPAPAUIEnumConnections@@@Z 10003323 f i FiscalPrinter.obj
 0001:00002426       ?GetConnectionInterface@?$IConnectionPointImpl@VCOPOSFiscalPrinter@@$1?DIID__IOPOSFiscalPrinterEvents@@3U_GUID@@BVCComDynamicUnkArray@ATL@@@ATL@@UAGJPAU_GUID@@@Z 10003426 f i FiscalPrinter.obj
 0001:0000244a       ?GetConnectionPointContainer@?$IConnectionPointImpl@VCOPOSFiscalPrinter@@$1?DIID__IOPOSFiscalPrinterEvents@@3U_GUID@@BVCComDynamicUnkArray@ATL@@@ATL@@UAGJPAPAUIConnectionPointContainer@@@Z 1000344a f i FiscalPrinter.obj
 0001:0000246d       ?UpdateRegistry@COPOSFiscalPrinter@@SGJH@Z 1000346d f i FiscalPrinter.obj
 0001:00002485       ?ProcessWindowMessage@COPOSFiscalPrinter@@UAEHPAUHWND__@@IIJAAJK@Z 10003485 f i FiscalPrinter.obj
 0001:000024d2       ?SODirectIO@COPOSFiscalPrinter@@MAGJJPAJPAPA_W@Z 100034d2 f i FiscalPrinter.obj
 0001:0000251b       ?SOError@COPOSFiscalPrinter@@MAGJJJJPAJ@Z 1000351b f i FiscalPrinter.obj
 0001:00002570       ?SOOutputComplete@COPOSFiscalPrinter@@MAGJJ@Z 10003570 f i FiscalPrinter.obj
 0001:000025a9       ?SOStatusUpdate@COPOSFiscalPrinter@@MAGJJ@Z 100035a9 f i FiscalPrinter.obj
 0001:000025e2       ?AddRef@CRegObject@ATL@@UAGKXZ 100035e2 f i FiscalPrinter.obj
 0001:000025e8       ?AddReplacement@CRegObject@ATL@@UAGJPB_W0@Z 100035e8 f i FiscalPrinter.obj
 0001:00002621       ?ClearReplacements@CRegObject@ATL@@UAGJXZ 10003621 f i FiscalPrinter.obj
 0001:00002633       ??_ECRegObject@ATL@@UAEPAXI@Z 10003633 f i FiscalPrinter.obj
 0001:00002633       ??_GCRegObject@ATL@@UAEPAXI@Z 10003633 f i FiscalPrinter.obj
 0001:00002655       ?CreateInstance@?$CComCreator@V?$CComObjectCached@VCComClassFactory@ATL@@@ATL@@@ATL@@SGJPAXABU_GUID@@PAPAX@Z 10003655 f i FiscalPrinter.obj
 0001:000026f6       ?CreateInstance@?$CComCreator2@V?$CComCreator@V?$CComObject@VCOPOSFiscalPrinter@@@ATL@@@ATL@@V?$CComCreator@V?$CComAggObject@VCOPOSFiscalPrinter@@@ATL@@@2@@ATL@@SGJPAXABU_GUID@@PAPAX@Z 100036f6 f i FiscalPrinter.obj
 0001:00002716       ?AddRef@?$CComObjectCached@VCComClassFactory@ATL@@@ATL@@UAGKXZ 10003716 f i FiscalPrinter.obj
 0001:0000273d       ?Release@?$CComObjectCached@VCComClassFactory@ATL@@@ATL@@UAGKXZ 1000373d f i FiscalPrinter.obj
 0001:00002773       ?QueryInterface@?$CComObjectCached@VCComClassFactory@ATL@@@ATL@@UAGJABU_GUID@@PAPAX@Z 10003773 f i FiscalPrinter.obj
 0001:0000278d       ??_G?$CComObjectCached@VCComClassFactory@ATL@@@ATL@@UAEPAXI@Z 1000378d f i FiscalPrinter.obj
 0001:0000278d       ??_E?$CComObjectCached@VCComClassFactory@ATL@@@ATL@@UAEPAXI@Z 1000378d f i FiscalPrinter.obj
 0001:000027af       ?Next@?$CComEnumImpl@UIEnumConnectionPoints@@$1?_GUID_b196b285_bab4_101a_b69c_00aa00341d07@@3U__s_GUID@@BPAUIConnectionPoint@@V?$_CopyInterface@UIConnectionPoint@@@ATL@@@ATL@@UAGJKPAPAUIConnectionPoint@@PAK@Z 100037af f i FiscalPrinter.obj
 0001:0000287e       ?Skip@?$CComEnumImpl@UIEnumConnectionPoints@@$1?_GUID_b196b285_bab4_101a_b69c_00aa00341d07@@3U__s_GUID@@BPAUIConnectionPoint@@V?$_CopyInterface@UIConnectionPoint@@@ATL@@@ATL@@UAGJK@Z 1000387e f i FiscalPrinter.obj
 0001:000028ab       ?Clone@?$CComEnumImpl@UIEnumConnectionPoints@@$1?_GUID_b196b285_bab4_101a_b69c_00aa00341d07@@3U__s_GUID@@BPAUIConnectionPoint@@V?$_CopyInterface@UIConnectionPoint@@@ATL@@@ATL@@UAGJPAPAUIEnumConnectionPoints@@@Z 100038ab f i FiscalPrinter.obj
 0001:0000298c       ?QueryInterface@?$CComObject@V?$CComEnum@UIEnumConnectionPoints@@$1?_GUID_b196b285_bab4_101a_b69c_00aa00341d07@@3U__s_GUID@@BPAUIConnectionPoint@@V?$_CopyInterface@UIConnectionPoint@@@ATL@@VCComSingleThreadModel@6@@ATL@@@ATL@@UAGJABU_GUID@@PAPAX@Z 1000398c f i FiscalPrinter.obj
 0001:000029a6       ??_E?$CComObject@V?$CComEnum@UIEnumConnectionPoints@@$1?_GUID_b196b285_bab4_101a_b69c_00aa00341d07@@3U__s_GUID@@BPAUIConnectionPoint@@V?$_CopyInterface@UIConnectionPoint@@@ATL@@VCComSingleThreadModel@6@@ATL@@@ATL@@UAEPAXI@Z 100039a6 f i FiscalPrinter.obj
 0001:000029a6       ??_G?$CComObject@V?$CComEnum@UIEnumConnectionPoints@@$1?_GUID_b196b285_bab4_101a_b69c_00aa00341d07@@3U__s_GUID@@BPAUIConnectionPoint@@V?$_CopyInterface@UIConnectionPoint@@@ATL@@VCComSingleThreadModel@6@@ATL@@@ATL@@UAEPAXI@Z 100039a6 f i FiscalPrinter.obj
 0001:000029c8       ??$?4UITypeInfo2@@@?$CComPtr@UITypeInfo@@@ATL@@QAEPAUITypeInfo@@ABV?$CComPtr@UITypeInfo2@@@1@@Z 100039c8 f i FiscalPrinter.obj
 0001:000029f5       ??$AtlAdd@K@ATL@@YAJPAKKK@Z 100039f5 f i FiscalPrinter.obj
 0001:00002a18       ??$AtlAdd@_K@ATL@@YAJPA_K_K1@Z 10003a18 f i FiscalPrinter.obj
 0001:00002a50       ??$AtlAddThrow@K@ATL@@YAKKK@Z 10003a50 f i FiscalPrinter.obj
 0001:00002a76       ??$AtlModuleRegisterWndClassInfoT@VAtlModuleRegisterWndClassInfoParamW@ATL@@@ATL@@YAGPAU_ATL_BASE_MODULE70@0@PAU_ATL_WIN_MODULE70@0@PAU_ATL_WNDCLASSINFOW@0@PAP6GJPAUHWND__@@IIJ@ZVAtlModuleRegisterWndClassInfoParamW@0@@Z 10003a76 f i FiscalPrinter.obj
 0001:00002bc3       ??$AtlMultiply@H@ATL@@YAJPAHHH@Z 10003bc3 f i FiscalPrinter.obj
 0001:00002bfb       ??$AtlMultiply@I@ATL@@YAJPAIII@Z 10003bfb f i FiscalPrinter.obj
 0001:00002bfb       ??$AtlMultiply@K@ATL@@YAJPAKKK@Z 10003bfb f i FiscalPrinter.obj
 0001:00002c1d       ??$AtlMultiplyThrow@I@ATL@@YAIII@Z 10003c1d f i FiscalPrinter.obj
 0001:00002c43       ??0?$CComAggObject@VCOPOSFiscalPrinter@@@ATL@@QAE@PAX@Z 10003c43 f i FiscalPrinter.obj
 0001:00002c70       ??0?$CComContainedObject@VCOPOSFiscalPrinter@@@ATL@@QAE@PAX@Z 10003c70 f i FiscalPrinter.obj
 0001:00002d29       ??0?$CComObject@V?$CComEnum@UIEnumConnectionPoints@@$1?_GUID_b196b285_bab4_101a_b69c_00aa00341d07@@3U__s_GUID@@BPAUIConnectionPoint@@V?$_CopyInterface@UIConnectionPoint@@@ATL@@VCComSingleThreadModel@6@@ATL@@@ATL@@QAE@PAX@Z 10003d29 f i FiscalPrinter.obj
 0001:00002d57       ??0?$CComObject@V?$CComEnum@UIEnumConnections@@$1?_GUID_b196b287_bab4_101a_b69c_00aa00341d07@@3U__s_GUID@@BUtagCONNECTDATA@@V?$_Copy@UtagCONNECTDATA@@@ATL@@VCComSingleThreadModel@6@@ATL@@@ATL@@QAE@PAX@Z 10003d57 f i FiscalPrinter.obj
 0001:00002d85       ??0?$CComObject@VCOPOSFiscalPrinter@@@ATL@@QAE@PAX@Z 10003d85 f i FiscalPrinter.obj
 0001:00002e3c       ??0?$CComQIPtr@UIOleControlSite@@$1?_GUID_b196b289_bab4_101a_b69c_00aa00341d07@@3U__s_GUID@@B@ATL@@QAE@PAUIUnknown@@@Z 10003e3c f i FiscalPrinter.obj
 0001:00002e65       ??0CAtlModule@ATL@@QAE@XZ  10003e65 f i FiscalPrinter.obj
 0001:00002ea6       ??0CParseBuffer@CRegParser@ATL@@QAE@H@Z 10003ea6 f i FiscalPrinter.obj
 0001:00002edc       ??0_ATL_MSG@ATL@@QAE@PAUHWND__@@IIJH@Z 10003edc f i FiscalPrinter.obj
 0001:00002f14       ??1?$CComAggObject@VCOPOSFiscalPrinter@@@ATL@@UAE@XZ 10003f14 f i FiscalPrinter.obj
 0001:00002f38       ??1?$CComEnumImpl@UIEnumConnectionPoints@@$1?_GUID_b196b285_bab4_101a_b69c_00aa00341d07@@3U__s_GUID@@BPAUIConnectionPoint@@V?$_CopyInterface@UIConnectionPoint@@@ATL@@@ATL@@UAE@XZ 10003f38 f i FiscalPrinter.obj
 0001:00002f74       ??1?$CComEnumImpl@UIEnumConnections@@$1?_GUID_b196b287_bab4_101a_b69c_00aa00341d07@@3U__s_GUID@@BUtagCONNECTDATA@@V?$_Copy@UtagCONNECTDATA@@@ATL@@@ATL@@UAE@XZ 10003f74 f i FiscalPrinter.obj
 0001:00002fb0       ??1?$CComObject@V?$CComEnum@UIEnumConnectionPoints@@$1?_GUID_b196b285_bab4_101a_b69c_00aa00341d07@@3U__s_GUID@@BPAUIConnectionPoint@@V?$_CopyInterface@UIConnectionPoint@@@ATL@@VCComSingleThreadModel@6@@ATL@@@ATL@@UAE@XZ 10003fb0 f i FiscalPrinter.obj
 0001:00002fd3       ??1?$CComObject@V?$CComEnum@UIEnumConnections@@$1?_GUID_b196b287_bab4_101a_b69c_00aa00341d07@@3U__s_GUID@@BUtagCONNECTDATA@@V?$_Copy@UtagCONNECTDATA@@@ATL@@VCComSingleThreadModel@6@@ATL@@@ATL@@UAE@XZ 10003fd3 f i FiscalPrinter.obj
 0001:00002ff6       ??1?$CComObject@VCOPOSFiscalPrinter@@@ATL@@UAE@XZ 10003ff6 f i FiscalPrinter.obj
 0001:000030b4       ??1?$CComObjectCached@VCComClassFactory@ATL@@@ATL@@UAE@XZ 100040b4 f i FiscalPrinter.obj
 0001:000030ca       ??1?$CComObjectRootEx@VCComMultiThreadModel@ATL@@@ATL@@QAE@XZ 100040ca f i FiscalPrinter.obj
 0001:000030df       ??1CRegObject@ATL@@UAE@XZ  100040df f i FiscalPrinter.obj
 0001:000030ff       ??4?$CComPtr@UIUnknown@@@ATL@@QAEPAUIUnknown@@PAU2@@Z 100040ff f i FiscalPrinter.obj
 0001:000030ff       ??4?$CComPtr@UIOleClientSite@@@ATL@@QAEPAUIOleClientSite@@PAU2@@Z 100040ff f i FiscalPrinter.obj
 0001:000030ff       ??4?$CComPtr@UIAdviseSink@@@ATL@@QAEPAUIAdviseSink@@PAU2@@Z 100040ff f i FiscalPrinter.obj
 0001:0000312d       ??_E?$CComContainedObject@VCOPOSFiscalPrinter@@@ATL@@UAEPAXI@Z 1000412d f i FiscalPrinter.obj
 0001:0000312d       ??_G?$CComContainedObject@VCOPOSFiscalPrinter@@@ATL@@UAEPAXI@Z 1000412d f i FiscalPrinter.obj
 0001:00003152       ??_E?$CComObject@VCOPOSFiscalPrinter@@@ATL@@UAEPAXI@Z 10004152 f i FiscalPrinter.obj
 0001:00003152       ??_G?$CComObject@VCOPOSFiscalPrinter@@@ATL@@UAEPAXI@Z 10004152 f i FiscalPrinter.obj
 0001:00003177       ?Add@?$CSimpleArray@GV?$CSimpleArrayEqualHelper@G@ATL@@@ATL@@QAEHABG@Z 10004177 f i FiscalPrinter.obj
 0001:000031f1       ?Add@?$CSimpleMap@PA_WPA_WVCExpansionVectorEqualHelper@ATL@@@ATL@@QAEHABQA_W0@Z 100041f1 f i FiscalPrinter.obj
 0001:00003246       ?Add@CComDynamicUnkArray@ATL@@QAEKPAUIUnknown@@@Z 10004246 f i FiscalPrinter.obj
 0001:000032f7       ?Add@CExpansionVector@ATL@@QAEHPB_W0@Z 100042f7 f i FiscalPrinter.obj
 0001:00003400       ?AddString@CParseBuffer@CRegParser@ATL@@QAEHPB_W@Z 10004400 f i FiscalPrinter.obj
 0001:00003435       ?AddTermFunc@CAtlModule@ATL@@QAEJP6GXK@ZK@Z 10004435 f i FiscalPrinter.obj
 0001:000034a1       ?AddValue@CRegParser@ATL@@IAEJAAVCRegKey@2@PB_WPA_W@Z 100044a1 f i FiscalPrinter.obj
 0001:000037bb       ?Allocate@?$CAtlSafeAllocBufferManager@VCCRTAllocator@ATL@@@_ATL_SAFE_ALLOCA_IMPL@ATL@@QAEPAXK@Z 100047bb f i FiscalPrinter.obj
 0001:000037e8       ?Allocate@?$CTempBuffer@E$0BAA@VCCRTAllocator@ATL@@@ATL@@QAEPAEI@Z 100047e8 f i FiscalPrinter.obj
 0001:00003817       ?Allocate@?$CTempBuffer@_W$0BAA@VCCRTAllocator@ATL@@@ATL@@QAEPA_WI@Z 10004817 f i FiscalPrinter.obj
 0001:00003846       ?Allocate@?$CTempBuffer@_W$0EAA@VCCRTAllocator@ATL@@@ATL@@QAEPA_WI@Z 10004846 f i FiscalPrinter.obj
 0001:00003875       ?AllocateHeap@?$CTempBuffer@_W$0EAA@VCCRTAllocator@ATL@@@ATL@@AAEXI@Z 10004875 f i FiscalPrinter.obj
 0001:00003875       ?AllocateHeap@?$CTempBuffer@_W$0BAA@VCCRTAllocator@ATL@@@ATL@@AAEXI@Z 10004875 f i FiscalPrinter.obj
 0001:00003875       ?AllocateHeap@?$CTempBuffer@E$0BAA@VCCRTAllocator@ATL@@@ATL@@AAEXI@Z 10004875 f i FiscalPrinter.obj
 0001:0000389a       ?Append@CParseBuffer@CRegParser@ATL@@QAEHPB_WH@Z 1000489a f i FiscalPrinter.obj
 0001:00003926       ?AtlCoTaskMemCAlloc@ATL@@YAPAXKK@Z 10004926 f i FiscalPrinter.obj
 0001:00003953       ?AtlCoTaskMemRecalloc@ATL@@YAPAXPAXKK@Z 10004953 f i FiscalPrinter.obj
 0001:00003983       ?AtlComModuleGetClassObject@ATL@@YGJPAU_ATL_COM_MODULE70@1@ABU_GUID@@1PAPAX@Z 10004983 f i FiscalPrinter.obj
 0001:00003a78       ?AtlComModuleRegisterServer@ATL@@YGJPAU_ATL_COM_MODULE70@1@HPBU_GUID@@@Z 10004a78 f i FiscalPrinter.obj
 0001:00003b00       ?AtlComModuleUnregisterServer@ATL@@YGJPAU_ATL_COM_MODULE70@1@HPBU_GUID@@@Z 10004b00 f i FiscalPrinter.obj
 0001:00003b88       ?AtlComQIPtrAssign2@ATL@@YAXPAPAUIUnknown@@PAU2@ABU_GUID@@@Z 10004b88 f i FiscalPrinter.obj
 0001:00003bb7       ?AtlCreateTargetDC@ATL@@YGPAUHDC__@@PAU2@PAUtagDVTARGETDEVICE@@@Z 10004bb7 f i FiscalPrinter.obj
 0001:00003c20       ?AtlCrtErrorCheck@ATL@@YAHH@Z 10004c20 f i FiscalPrinter.obj
 0001:00003c5b       ?AtlHiMetricToPixel@ATL@@YGXPBUtagSIZE@@PAU2@@Z 10004c5b f i FiscalPrinter.obj
 0001:00003cd0       ?AtlHresultFromLastError@ATL@@YAJXZ 10004cd0 f i FiscalPrinter.obj
 0001:00003ce7       ?AtlHresultFromWin32@ATL@@YAJK@Z 10004ce7 f i FiscalPrinter.obj
 0001:00003cfc       ?AtlInternalOleLoadFromStream@ATL@@YAJPAUIStream@@ABU_GUID@@PAPAXTClassesAllowedInStream@1@K@Z 10004cfc f i FiscalPrinter.obj
 0001:00003e25       ?AtlInternalQueryInterface@ATL@@YGJPAXPBU_ATL_INTMAP_ENTRY@1@ABU_GUID@@PAPAX@Z 10004e25 f i FiscalPrinter.obj
 0001:00003ec8       ?AtlLoadTypeLib@ATL@@YGJPAUHINSTANCE__@@PB_WPAPA_WPAPAUITypeLib@@@Z 10004ec8 f i FiscalPrinter.obj
 0001:000040a6       ?AtlRegisterClassCategoriesHelper@ATL@@YGJABU_GUID@@PBU_ATL_CATMAP_ENTRY@1@H@Z 100050a6 f i FiscalPrinter.obj
 0001:000043a2       ?AtlRegisterTypeLib@ATL@@YGJPAUHINSTANCE__@@PB_W@Z 100053a2 f i FiscalPrinter.obj
 0001:0000452a       ?AtlThrowImpl@ATL@@YGXJ@Z  1000552a f i FiscalPrinter.obj
 0001:00004548       ?AtlUnRegisterTypeLib@ATL@@YGJPAUHINSTANCE__@@PB_W@Z 10005548 f i FiscalPrinter.obj
 0001:000045f3       ?AtlWinModuleAddCreateWndData@ATL@@YGXPAU_ATL_WIN_MODULE70@1@PAU_AtlCreateWndData@1@PAX@Z 100055f3 f i FiscalPrinter.obj
 0001:00004647       ?AtlWinModuleExtractCreateWndData@ATL@@YGPAXPAU_ATL_WIN_MODULE70@1@@Z 10005647 f i FiscalPrinter.obj
 0001:000046ab       ?AtlWinModuleRegisterClassExW@ATL@@YGGPAU_ATL_WIN_MODULE70@1@PBUtagWNDCLASSEXW@@@Z 100056ab f i FiscalPrinter.obj
 0001:000046ea       ?CanForceRemoveKey@CRegParser@ATL@@IAEHPB_W@Z 100056ea f i FiscalPrinter.obj
 0001:00004719       ?ChToByte@CRegParser@ATL@@KAE_W@Z 10005719 f i FiscalPrinter.obj
 0001:000047a1       ?Cleanup@CComTypeInfoHolder@ATL@@SGXK@Z 100057a1 f i FiscalPrinter.obj
 0001:000047d4       ?ClearReplacements@CExpansionVector@ATL@@QAEJXZ 100057d4 f i FiscalPrinter.obj
 0001:00004811       ?Close@CRegKey@ATL@@QAEJXZ 10005811 f i FiscalPrinter.obj
 0001:0000482b       ?CreateInstance@?$CComCreator@V?$CComAggObject@VCOPOSFiscalPrinter@@@ATL@@@ATL@@SGJPAXABU_GUID@@PAPAX@Z 1000582b f i FiscalPrinter.obj
 0001:000048a0       ?CreateInstance@?$CComCreator@V?$CComObject@VCOPOSFiscalPrinter@@@ATL@@@ATL@@SGJPAXABU_GUID@@PAPAX@Z 100058a0 f i FiscalPrinter.obj
 0001:00004929       ?CreateInstance@?$CComObject@V?$CComEnum@UIEnumConnectionPoints@@$1?_GUID_b196b285_bab4_101a_b69c_00aa00341d07@@3U__s_GUID@@BPAUIConnectionPoint@@V?$_CopyInterface@UIConnectionPoint@@@ATL@@VCComSingleThreadModel@6@@ATL@@@ATL@@SGJPAPAV12@@Z 10005929 f i FiscalPrinter.obj
 0001:00004973       ?CreateInstance@?$CComObject@V?$CComEnum@UIEnumConnections@@$1?_GUID_b196b287_bab4_101a_b69c_00aa00341d07@@3U__s_GUID@@BUtagCONNECTDATA@@V?$_Copy@UtagCONNECTDATA@@@ATL@@VCComSingleThreadModel@6@@ATL@@@ATL@@SGJPAPAV12@@Z 10005973 f i FiscalPrinter.obj
 0001:000049bd       ?DefaultReflectionHandler@?$CWindowImplRoot@VCWindow@ATL@@@ATL@@SAHPAUHWND__@@IIJAAJ@Z 100059bd f i FiscalPrinter.obj
 0001:00004a5d       ?DeleteSubKey@CRegKey@ATL@@QAEJPB_W@Z 10005a5d f i FiscalPrinter.obj
 0001:00004ad6       ?DoEvent@COPOSFiscalPrinter@@IAEXIIJ@Z 10005ad6 f i FiscalPrinter.obj
 0001:00004b56       ?DoVerbHide@?$IOleObjectImpl@VCOPOSFiscalPrinter@@@ATL@@QAEJPBUtagRECT@@PAUHWND__@@@Z 10005b56 f i FiscalPrinter.obj
 0001:00004b8c       ?DoVerbInPlaceActivate@?$IOleObjectImpl@VCOPOSFiscalPrinter@@@ATL@@QAEJPBUtagRECT@@PAUHWND__@@@Z 10005b8c f i FiscalPrinter.obj
 0001:00004bbf       ?DoVerbPrimary@?$IOleObjectImpl@VCOPOSFiscalPrinter@@@ATL@@QAEJPBUtagRECT@@PAUHWND__@@@Z 10005bbf f i FiscalPrinter.obj
 0001:00004c4b       ?DoVerbProperties@CComControlBase@ATL@@QAEJPBUtagRECT@@PAUHWND__@@@Z 10005c4b f i FiscalPrinter.obj
 0001:00004dca       ?DoVerbUIActivate@?$IOleObjectImpl@VCOPOSFiscalPrinter@@@ATL@@QAEJPBUtagRECT@@PAUHWND__@@@Z 10005dca f i FiscalPrinter.obj
 0001:00004e07       ?DoesVerbActivate@CComControlBase@ATL@@QAEHJ@Z 10005e07 f i FiscalPrinter.obj
 0001:00004e2b       ?DoesVerbUIActivate@CComControlBase@ATL@@QAEHJ@Z 10005e2b f i FiscalPrinter.obj
 0001:00004e60       ?EndOfVar@CRegParser@ATL@@IAEHXZ 10005e60 f i FiscalPrinter.obj
 0001:00004e80       ?EscapeSingleQuote@CAtlModule@ATL@@SAXPA_WIPB_W@Z 10005e80 f i FiscalPrinter.obj
 0001:00004ecf       ?FindKey@?$CSimpleMap@PA_WPA_WVCExpansionVectorEqualHelper@ATL@@@ATL@@QBEHABQA_W@Z 10005ecf f i FiscalPrinter.obj
 0001:00004f06       ?FireTheEvent@?$CProxy_IOPOSEvents@VCOPOSFiscalPrinter@@@@IAEXPAVOposVariant@@IAAJPB_WJ@Z 10005f06 f i FiscalPrinter.obj
 0001:00004f98       ?FireViewChange@CComControlBase@ATL@@QAEJXZ 10005f98 f i FiscalPrinter.obj
 0001:00004fe1       ?Fire_DirectIOEvent@?$CProxy_IOPOSEvents@VCOPOSFiscalPrinter@@@@QAEXJPAJPAPA_W@Z 10005fe1 f i FiscalPrinter.obj
 0001:000050cd       ?Fire_ErrorEvent@?$CProxy_IOPOSEvents@VCOPOSFiscalPrinter@@@@QAEXJJJPAJ@Z 100060cd f i FiscalPrinter.obj
 0001:000051be       ?Fire_OutputCompleteEvent@?$CProxy_IOPOSEvents@VCOPOSFiscalPrinter@@@@QAEXJ@Z 100061be f i FiscalPrinter.obj
 0001:00005254       ?Fire_StatusUpdateEvent@?$CProxy_IOPOSEvents@VCOPOSFiscalPrinter@@@@QAEXJ@Z 10006254 f i FiscalPrinter.obj
 0001:000052ea       ?FreeHeap@?$CTempBuffer@_W$0BAA@VCCRTAllocator@ATL@@@ATL@@AAEXXZ 100062ea f i FiscalPrinter.obj
 0001:000052ea       ?FreeHeap@?$CTempBuffer@E$0BAA@VCCRTAllocator@ATL@@@ATL@@AAEXXZ 100062ea f i FiscalPrinter.obj
 0001:000052ea       ?FreeHeap@?$CTempBuffer@_W$0EAA@VCCRTAllocator@ATL@@@ATL@@AAEXXZ 100062ea f i FiscalPrinter.obj
 0001:000052f3       ?GetAmbientLocaleID@CComControlBase@ATL@@QAEJAAK@Z 100062f3 f i FiscalPrinter.obj
 0001:0000534f       ?GetAmbientUserMode@CComControlBase@ATL@@QAEJAAH@Z 1000634f f i FiscalPrinter.obj
 0001:000053bf       ?GetAt@CComDynamicUnkArray@ATL@@QAEPAUIUnknown@@H@Z 100063bf f i FiscalPrinter.obj
 0001:000053db       ?GetClassObject@CComModule@ATL@@QAEJABU_GUID@@0PAPAX@Z 100063db f i FiscalPrinter.obj
 0001:0000547d       ?GetConnMap@COPOSFiscalPrinter@@SAPBU_ATL_CONNMAP_ENTRY@ATL@@PAH@Z 1000647d f i FiscalPrinter.obj
 0001:000054ed       ?GetCookie@CComDynamicUnkArray@ATL@@QAGKPAPAUIUnknown@@@Z 100064ed f i FiscalPrinter.obj
 0001:00005525       ?GetIDsOfNames@CComTypeInfoHolder@ATL@@QAEJABU_GUID@@PAPA_WIKPAJ@Z 10006525 f i FiscalPrinter.obj
 0001:00005645       ?GetKeyAt@?$CSimpleMap@PA_WPA_WVCExpansionVectorEqualHelper@ATL@@@ATL@@QBEAAPA_WH@Z 10006645 f i FiscalPrinter.obj
 0001:0000566a       ?GetPagesHelper@?$ISpecifyPropertyPagesImpl@VCOPOSFiscalPrinter@@@ATL@@IAEJPAUtagCAUUID@@PBUATL_PROPMAP_ENTRY@2@@Z 1000666a f i FiscalPrinter.obj
 0001:00005791       ?GetProperty@?$CComPtr@UIDispatch@@@ATL@@SAJPAUIDispatch@@JPAUtagVARIANT@@@Z 10006791 f i FiscalPrinter.obj
 0001:000057e0       ?GetSizeMax@CComVariant@ATL@@QBEJPAT_ULARGE_INTEGER@@@Z 100067e0 f i FiscalPrinter.obj
 0001:000059a2       ?GetTI@CComTypeInfoHolder@ATL@@QAEJK@Z 100069a2 f i FiscalPrinter.obj
 0001:00005b82       ?GetTI@CComTypeInfoHolder@ATL@@QAEJKPAPAUITypeInfo@@@Z 10006b82 f i FiscalPrinter.obj
 0001:00005bc0       ?GetUnknown@CComDynamicUnkArray@ATL@@QAGPAUIUnknown@@K@Z 10006bc0 f i FiscalPrinter.obj
 0001:00005be1       ?GetValueAt@?$CSimpleMap@PA_WPA_WVCExpansionVectorEqualHelper@ATL@@@ATL@@QBEAAPA_WH@Z 10006be1 f i FiscalPrinter.obj
 0001:00005c07       ?GetZoomInfo@CComControlBase@ATL@@QAEXAAUATL_DRAWINFO@@@Z 10006c07 f i FiscalPrinter.obj
 0001:00005c9a       ?HKeyFromString@CRegParser@ATL@@KAPAUHKEY__@@PA_W@Z 10006c9a f i FiscalPrinter.obj
 0001:00005cc8       ?HasSubKeys@CRegParser@ATL@@IAEHPAUHKEY__@@@Z 10006cc8 f i FiscalPrinter.obj
 0001:00005cfd       ?IDataObject_GetData@CComControlBase@ATL@@QAEJPAUtagFORMATETC@@PAUtagSTGMEDIUM@@@Z 10006cfd f i FiscalPrinter.obj
 0001:00005e9f       ?IOleInPlaceObject_InPlaceDeactivate@CComControlBase@ATL@@QAEJXZ 10006e9f f i FiscalPrinter.obj
 0001:00005f26       ?IOleInPlaceObject_SetObjectRects@CComControlBase@ATL@@QAEJPBUtagRECT@@0@Z 10006f26 f i FiscalPrinter.obj
 0001:00005ff3       ?IOleInPlaceObject_UIDeactivate@CComControlBase@ATL@@QAEJXZ 10006ff3 f i FiscalPrinter.obj
 0001:000060b5       ?IOleObject_Advise@CComControlBase@ATL@@QAEJPAUIAdviseSink@@PAK@Z 100070b5 f i FiscalPrinter.obj
 0001:000060df       ?IOleObject_Close@CComControlBase@ATL@@QAEJK@Z 100070df f i FiscalPrinter.obj
 0001:000061c3       ?IOleObject_GetClientSite@CComControlBase@ATL@@QAEJPAPAUIOleClientSite@@@Z 100071c3 f i FiscalPrinter.obj
 0001:000061ec       ?IOleObject_SetClientSite@CComControlBase@ATL@@QAEJPAUIOleClientSite@@@Z 100071ec f i FiscalPrinter.obj
 0001:0000622b       ?IOleObject_SetExtent@CComControlBase@ATL@@QAEJKPAUtagSIZE@@@Z 1000722b f i FiscalPrinter.obj
 0001:000062dd       ?IPSI_GetIPersistStreamInit@?$IPersistStorageImpl@VCOPOSFiscalPrinter@@@ATL@@AAEPAUIPersistStreamInit@@XZ 100072dd f i FiscalPrinter.obj
 0001:00006385       ?IPersistStreamInit_Load@?$IPersistStreamInitImpl@VCOPOSFiscalPrinter@@@ATL@@QAEJPAUIStream@@PBUATL_PROPMAP_ENTRY@2@@Z 10007385 f i FiscalPrinter.obj
 0001:000065fb       ?IPersistStreamInit_Save@?$IPersistStreamInitImpl@VCOPOSFiscalPrinter@@@ATL@@QAEJPAUIStream@@HPBUATL_PROPMAP_ENTRY@2@@Z 100075fb f i FiscalPrinter.obj
 0001:000067ea       ?IQuickActivate_QuickActivate@CComControlBase@ATL@@QAEJPAUtagQACONTAINER@@PAUtagQACONTROL@@@Z 100077ea f i FiscalPrinter.obj
 0001:00006a2c       ?IViewObject_Draw@CComControlBase@ATL@@QAEJKJPAXPAUtagDVTARGETDEVICE@@PAUHDC__@@2PBU_RECTL@@3@Z 10007a2c f i FiscalPrinter.obj
 0001:00006ad4       ?InPlaceActivate@CComControlBase@ATL@@QAEJJPBUtagRECT@@@Z 10007ad4 f i FiscalPrinter.obj
 0001:00006d46       ?Init@?$CComEnumImpl@UIEnumConnectionPoints@@$1?_GUID_b196b285_bab4_101a_b69c_00aa00341d07@@3U__s_GUID@@BPAUIConnectionPoint@@V?$_CopyInterface@UIConnectionPoint@@@ATL@@@ATL@@QAEJPAPAUIConnectionPoint@@0PAUIUnknown@@W4CComEnumFlags@2@@Z 10007d46 f i FiscalPrinter.obj
 0001:00006e22       ?Init@?$CComEnumImpl@UIEnumConnections@@$1?_GUID_b196b287_bab4_101a_b69c_00aa00341d07@@3U__s_GUID@@BUtagCONNECTDATA@@V?$_Copy@UtagCONNECTDATA@@@ATL@@@ATL@@QAEJPAUtagCONNECTDATA@@0PAUIUnknown@@W4CComEnumFlags@2@@Z 10007e22 f i FiscalPrinter.obj
 0001:00006efe       ?Init@CComModule@ATL@@QAEJPAU_ATL_OBJMAP_ENTRY30@2@PAUHINSTANCE__@@PBU_GUID@@@Z 10007efe f i FiscalPrinter.obj
 0001:00006f5d       ?Init@CDynamicStdCallThunk2@ATL@@QAEHKPAX@Z 10007f5d f i FiscalPrinter.obj
 0001:00006f88       ?InlineIsEqualUnknown@ATL@@YGHABU_GUID@@@Z 10007f88 f i FiscalPrinter.obj
 0001:00006fb0       ?InternalSetAtIndex@?$CSimpleMap@PA_WPA_WVCExpansionVectorEqualHelper@ATL@@@ATL@@QAEXHABQA_W0@Z 10007fb0 f i FiscalPrinter.obj
 0001:00006fda       ?Invoke@CComTypeInfoHolder@ATL@@QAEJPAUIDispatch@@JABU_GUID@@KGPAUtagDISPPARAMS@@PAUtagVARIANT@@PAUtagEXCEPINFO@@PAI@Z 10007fda f i FiscalPrinter.obj
 0001:0000701b       ?IsEqualObject@?$CComPtrBase@UITypeInfo@@@ATL@@QAE_NPAUIUnknown@@@Z 1000801b f i FiscalPrinter.obj
 0001:0000701b       ?IsEqualObject@?$CComPtrBase@UIOleClientSite@@@ATL@@QAE_NPAUIUnknown@@@Z 1000801b f i FiscalPrinter.obj
 0001:00007087       ?IsSpace@CRegParser@ATL@@IAEH_W@Z 10008087 f i FiscalPrinter.obj
 0001:000070ad       ?LoadNameCache@CComTypeInfoHolder@ATL@@QAEJPAUITypeInfo@@@Z 100080ad f i FiscalPrinter.obj
 0001:000071e2       ?Lookup@?$CSimpleMap@PA_WPA_WVCExpansionVectorEqualHelper@ATL@@@ATL@@QBEPA_WABQA_W@Z 100081e2 f i FiscalPrinter.obj
 0001:00007208       ?NextToken@CRegParser@ATL@@IAEJPA_W@Z 10008208 f i FiscalPrinter.obj
 0001:00007337       ?OnKillFocus@CComControlBase@ATL@@QAEJIIJAAH@Z 10008337 f i FiscalPrinter.obj
 0001:00007392       ?OnMouseActivate@CComControlBase@ATL@@QAEJIIJAAH@Z 10008392 f i FiscalPrinter.obj
 0001:00007400       ?OnPaint@CComControlBase@ATL@@QAEJIIJAAH@Z 10008400 f i FiscalPrinter.obj
 0001:000074b7       ?OnSetFocus@CComControlBase@ATL@@QAEJIIJAAH@Z 100084b7 f i FiscalPrinter.obj
 0001:00007542       ?Open@CRegKey@ATL@@QAEJPAUHKEY__@@PB_WK@Z 10008542 f i FiscalPrinter.obj
 0001:00007597       ?PreProcessBuffer@CRegParser@ATL@@QAEJPA_WPAPA_W@Z 10008597 f i FiscalPrinter.obj
 0001:00007807       ?ProcessWindowMessage@?$CComControl@VCOPOSFiscalPrinter@@V?$CWindowImpl@VCOPOSFiscalPrinter@@VCWindow@ATL@@V?$CWinTraits@$0FGAAAAAA@$0A@@3@@ATL@@@ATL@@UAEHPAUHWND__@@IIJAAJK@Z 10008807 f i FiscalPrinter.obj
 0001:000078af       ?ReadFromStream@CComBSTR@ATL@@QAEJPAUIStream@@@Z 100088af f i FiscalPrinter.obj
 0001:000079d2       ?ReadFromStream@CComVariant@ATL@@QAEJPAUIStream@@GTClassesAllowedInStream@2@K@Z 100089d2 f i FiscalPrinter.obj
 0001:00007b5c       ?RecurseDeleteKey@CRegKey@ATL@@QAEJPB_W@Z 10008b5c f i FiscalPrinter.obj
 0001:00007c4a       ?RegCreateKeyExW@CAtlTransactionManager@ATL@@QAEJPAUHKEY__@@PB_WKPA_WKKQAU_SECURITY_ATTRIBUTES@@PAPAU3@PAK@Z 10008c4a f i FiscalPrinter.obj
 0001:00007cad       ?RegDeleteKeyW@CAtlTransactionManager@ATL@@QAEJPAUHKEY__@@PB_W@Z 10008cad f i FiscalPrinter.obj
 0001:00007cff       ?RegOpenKeyExW@CAtlTransactionManager@ATL@@QAEJPAUHKEY__@@PB_WKKPAPAU3@@Z 10008cff f i FiscalPrinter.obj
 0001:00007d56       ?Register@_ATL_WNDCLASSINFOW@ATL@@QAEGPAP6GJPAUHWND__@@IIJ@Z@Z 10008d56 f i FiscalPrinter.obj
 0001:00007d76       ?RegisterBuffer@CRegParser@ATL@@QAEJPA_WH@Z 10008d76 f i FiscalPrinter.obj
 0001:00007ebd       ?RegisterFromResource@CRegObject@ATL@@IAEJPB_W00H@Z 10008ebd f i FiscalPrinter.obj
 0001:00007ff3       ?RegisterServer@?$CAtlModuleT@VCComModule@ATL@@@ATL@@QAEJHPBU_GUID@@@Z 10008ff3 f i FiscalPrinter.obj
 0001:00008021       ?RegisterServer@CComModule@ATL@@QAEJHPBU_GUID@@@Z 10009021 f i FiscalPrinter.obj
 0001:00008092       ?RegisterSubkeys@CRegParser@ATL@@IAEJPA_WPAUHKEY__@@HH@Z 10009092 f i FiscalPrinter.obj
 0001:000086ee       ?Remove@CComDynamicUnkArray@ATL@@QAEHK@Z 100096ee f i FiscalPrinter.obj
 0001:00008717       ?RemoveAll@?$CSimpleMap@PA_WPA_WVCExpansionVectorEqualHelper@ATL@@@ATL@@QAEXXZ 10009717 f i FiscalPrinter.obj
 0001:00008743       ?ResourceRegisterSz@CRegObject@ATL@@QAGJPB_W00@Z 10009743 f i FiscalPrinter.obj
 0001:00008770       ?ResourceUnregisterSz@CRegObject@ATL@@QAGJPB_W00@Z 10009770 f i FiscalPrinter.obj
 0001:0000879d       ?SendOnDataChange@CComControlBase@ATL@@QAEJK@Z 1000979d f i FiscalPrinter.obj
 0001:000087ea       ?SetControlFocus@CComControlBase@ATL@@QAEHH@Z 100097ea f i FiscalPrinter.obj
 0001:00008885       ?SetMultiStringValue@CRegKey@ATL@@QAEJPB_W0@Z 10009885 f i FiscalPrinter.obj
 0001:000088e1       ?SetStringValue@CRegKey@ATL@@QAEJPB_W0K@Z 100098e1 f i FiscalPrinter.obj
 0001:0000892a       ?SkipAssignment@CRegParser@ATL@@IAEJPA_W@Z 1000992a f i FiscalPrinter.obj
 0001:00008996       ?SkipWhiteSpace@CRegParser@ATL@@IAEXXZ 10009996 f i FiscalPrinter.obj
 0001:000089bf       ?StrChrW@CRegParser@ATL@@KAPA_WPA_W_W@Z 100099bf f i FiscalPrinter.obj
 0001:000089fc       ?Term@CAtlModule@ATL@@QAEXXZ 100099fc f i FiscalPrinter.obj
 0001:00008a79       ?Term@CComModule@ATL@@QAEXXZ 10009a79 f i FiscalPrinter.obj
 0001:00008ad1       ?UnregisterServer@?$CAtlModuleT@VCComModule@ATL@@@ATL@@QAEJHPBU_GUID@@@Z 10009ad1 f i FiscalPrinter.obj
 0001:00008af7       ?UnregisterServer@CComModule@ATL@@QAEJHPBU_GUID@@@Z 10009af7 f i FiscalPrinter.obj
 0001:00008b68       ?UpdateRegistryFromResource@CAtlModule@ATL@@QAGJIHPAU_ATL_REGMAP_ENTRY@2@@Z 10009b68 f i FiscalPrinter.obj
 0001:00008d33       ?UpdateRegistryFromResource@CAtlModule@ATL@@QAGJPB_WHPAU_ATL_REGMAP_ENTRY@2@@Z 10009d33 f i FiscalPrinter.obj
 0001:00008f04       ?VTFromRegType@CRegParser@ATL@@KAHPB_WAAG@Z 10009f04 f i FiscalPrinter.obj
 0001:00008f71       ?WindowProc@?$CWindowImplBaseT@VCWindow@ATL@@V?$CWinTraits@$0FGAAAAAA@$0A@@2@@ATL@@SGJPAUHWND__@@IIJ@Z 10009f71 f i FiscalPrinter.obj
 0001:0000905f       ?WriteToStream@CComBSTR@ATL@@QAEJPAUIStream@@@Z 1000a05f f i FiscalPrinter.obj
 0001:000090c1       ?WriteToStream@CComVariant@ATL@@QAEJPAUIStream@@@Z 1000a0c1 f i FiscalPrinter.obj
 0001:0000923b       ?WriteToStream@CComVariant@ATL@@QAEJPAUIStream@@G@Z 1000a23b f i FiscalPrinter.obj
 0001:000092a4       ?_AtlInitialConstruct@?$CComObjectRootEx@VCComMultiThreadModel@ATL@@@ATL@@QAEJXZ 1000a2a4 f i FiscalPrinter.obj
 0001:000092b9       ?_AtlVerifyStackAvailable@_ATL_SAFE_ALLOCA_IMPL@ATL@@YA_NK@Z 1000a2b9 f i FiscalPrinter.obj
 0001:00009337       ?atlCreate@?$CWindowImpl@VCOPOSFiscalPrinter@@VCWindow@ATL@@V?$CWinTraits@$0FGAAAAAA@$0A@@3@@ATL@@QAEPAUHWND__@@PAU3@V_U_RECT@2@PB_WKKV_U_MENUorID@2@PAX@Z 1000a337 f i FiscalPrinter.obj
 0001:00009382       ?atlCreate@?$CWindowImplBaseT@VCWindow@ATL@@V?$CWinTraits@$0FGAAAAAA@$0A@@2@@ATL@@QAEPAUHWND__@@PAU3@V_U_RECT@2@PB_WKKV_U_MENUorID@2@GPAX@Z 1000a382 f i FiscalPrinter.obj
 0001:0000941e       ?copy@?$_Copy@UtagCONNECTDATA@@@ATL@@SAJPAUtagCONNECTDATA@@PBU3@@Z 1000a41e f i FiscalPrinter.obj
 0001:00009454       ?copy@?$_CopyInterface@UIConnectionPoint@@@ATL@@SAJPAPAUIConnectionPoint@@PBQAU3@@Z 1000a454 f i FiscalPrinter.obj
 0001:00009482       ?memcpy_s@Checked@ATL@@YAXPAXIPBXI@Z 1000a482 f i FiscalPrinter.obj
 0001:000094a1       ?ocscpy_s@@YA_NPA_WIPB_W@Z 1000a4a1 f i FiscalPrinter.obj
 0001:000094eb       ?wcscpy_s@Checked@ATL@@YAXPA_WIPB_W@Z 1000a4eb f i FiscalPrinter.obj
 0001:00009507       _DllCanUnloadNow@0         1000a507 f   FiscalPrinter.obj
 0001:00009513       _DllGetClassObject@12      1000a513 f   FiscalPrinter.obj
 0001:00009521       _DllMain@12                1000a521 f   FiscalPrinter.obj
 0001:00009563       _DllRegisterServer@0       1000a563 f   FiscalPrinter.obj
 0001:00009572       _DllUnregisterServer@0     1000a572 f   FiscalPrinter.obj
 0001:00009581       _InlineIsEqualGUID         1000a581 f i FiscalPrinter.obj
 0001:000095b1       ___local_stdio_printf_options 1000a5b1 f i FiscalPrinter.obj
 0001:000095b7       __vswprintf_s_l            1000a5b7 f i FiscalPrinter.obj
 0001:00009664       _swprintf_s                1000a664 f i FiscalPrinter.obj
 0001:00009680       ??0?$CComControl@VCOPOSFiscalPrinter@@V?$CWindowImpl@VCOPOSFiscalPrinter@@VCWindow@ATL@@V?$CWinTraits@$0FGAAAAAA@$0A@@3@@ATL@@@ATL@@QAE@XZ 1000a680 f i FiscalPrinterImpl.obj
 0001:000096a7       ??0?$CProxy_IOPOSEvents@VCOPOSFiscalPrinter@@@@QAE@XZ 1000a6a7 f i FiscalPrinterImpl.obj
 0001:000096c7       ??0CComControlBase@ATL@@QAE@AAPAUHWND__@@@Z 1000a6c7 f i FiscalPrinterImpl.obj
 0001:00009717       ??0COPOSFiscalPrinter@@QAE@XZ 1000a717 f   FiscalPrinterImpl.obj
 0001:0000974d       ??1?$CComControl@VCOPOSFiscalPrinter@@V?$CWindowImpl@VCOPOSFiscalPrinter@@VCWindow@ATL@@V?$CWinTraits@$0FGAAAAAA@$0A@@3@@ATL@@@ATL@@UAE@XZ 1000a74d f i FiscalPrinterImpl.obj
 0001:00009766       ??1?$IConnectionPointImpl@VCOPOSFiscalPrinter@@$1?IID_IPropertyNotifySink@@3U_GUID@@BVCComDynamicUnkArray@ATL@@@ATL@@QAE@XZ 1000a766 f i FiscalPrinterImpl.obj
 0001:00009766       ??1?$IConnectionPointImpl@VCOPOSFiscalPrinter@@$1?DIID__IOPOSFiscalPrinterEvents@@3U_GUID@@BVCComDynamicUnkArray@ATL@@@ATL@@QAE@XZ 1000a766 f i FiscalPrinterImpl.obj
 0001:000097a3       ??1CComControlBase@ATL@@UAE@XZ 1000a7a3 f i FiscalPrinterImpl.obj
 0001:00009806       ??1COPOSFiscalPrinter@@UAE@XZ 1000a806 f   FiscalPrinterImpl.obj
 0001:0000984e       ?BeginFiscalDocument@COPOSFiscalPrinter@@UAGJJPAJ@Z 1000a84e f   FiscalPrinterImpl.obj
 0001:0000989d       ?BeginFiscalReceipt@COPOSFiscalPrinter@@UAGJFPAJ@Z 1000a89d f   FiscalPrinterImpl.obj
 0001:000098ec       ?BeginFixedOutput@COPOSFiscalPrinter@@UAGJJJPAJ@Z 1000a8ec f   FiscalPrinterImpl.obj
 0001:00009960       ?BeginInsertion@COPOSFiscalPrinter@@UAGJJPAJ@Z 1000a960 f   FiscalPrinterImpl.obj
 0001:000099af       ?BeginItemList@COPOSFiscalPrinter@@UAGJJPAJ@Z 1000a9af f   FiscalPrinterImpl.obj
 0001:000099fe       ?BeginNonFiscal@COPOSFiscalPrinter@@UAGJPAJ@Z 1000a9fe f   FiscalPrinterImpl.obj
 0001:00009a19       ?BeginRemoval@COPOSFiscalPrinter@@UAGJJPAJ@Z 1000aa19 f   FiscalPrinterImpl.obj
 0001:00009a68       ?BeginTraining@COPOSFiscalPrinter@@UAGJPAJ@Z 1000aa68 f   FiscalPrinterImpl.obj
 0001:00009a83       ?CheckHealth@COPOSFiscalPrinter@@UAGJJPAJ@Z 1000aa83 f   FiscalPrinterImpl.obj
 0001:00009ad2       ?ClaimDevice@COPOSFiscalPrinter@@UAGJJPAJ@Z 1000aad2 f   FiscalPrinterImpl.obj
 0001:00009b47       ?ClearError@COPOSFiscalPrinter@@UAGJPAJ@Z 1000ab47 f   FiscalPrinterImpl.obj
 0001:00009b62       ?ClearOutput@COPOSFiscalPrinter@@UAGJPAJ@Z 1000ab62 f   FiscalPrinterImpl.obj
 0001:00009b7d       ?Close@COPOSFiscalPrinter@@UAGJPAJ@Z 1000ab7d f   FiscalPrinterImpl.obj
 0001:00009beb       ?CompareFirmwareVersion@COPOSFiscalPrinter@@UAGJPA_WPAJ1@Z 1000abeb f   FiscalPrinterImpl.obj
 0001:00009c6b       ?DirectIO@COPOSFiscalPrinter@@UAGJJPAJPAPA_W0@Z 1000ac6b f   FiscalPrinterImpl.obj
 0001:00009d19       ?DoInvoke@COPOSFiscalPrinter@@IAEJJPAVOposVariant@@IHPAJ_N@Z 1000ad19 f   FiscalPrinterImpl.obj
 0001:00009df5       ?EndFiscalDocument@COPOSFiscalPrinter@@UAGJPAJ@Z 1000adf5 f   FiscalPrinterImpl.obj
 0001:00009e10       ?EndFiscalReceipt@COPOSFiscalPrinter@@UAGJFPAJ@Z 1000ae10 f   FiscalPrinterImpl.obj
 0001:00009e5f       ?EndFixedOutput@COPOSFiscalPrinter@@UAGJPAJ@Z 1000ae5f f   FiscalPrinterImpl.obj
 0001:00009e7a       ?EndInsertion@COPOSFiscalPrinter@@UAGJPAJ@Z 1000ae7a f   FiscalPrinterImpl.obj
 0001:00009e95       ?EndItemList@COPOSFiscalPrinter@@UAGJPAJ@Z 1000ae95 f   FiscalPrinterImpl.obj
 0001:00009eb0       ?EndNonFiscal@COPOSFiscalPrinter@@UAGJPAJ@Z 1000aeb0 f   FiscalPrinterImpl.obj
 0001:00009ecb       ?EndRemoval@COPOSFiscalPrinter@@UAGJPAJ@Z 1000aecb f   FiscalPrinterImpl.obj
 0001:00009ee6       ?EndTraining@COPOSFiscalPrinter@@UAGJPAJ@Z 1000aee6 f   FiscalPrinterImpl.obj
 0001:00009f01       ?EventClose@COPOSFiscalPrinter@@IAEXXZ 1000af01 f i FiscalPrinterImpl.obj
 0001:00009f34       ?EventInit@COPOSFiscalPrinter@@IAEJXZ 1000af34 f i FiscalPrinterImpl.obj
 0001:0000a008       ?EventUninit@COPOSFiscalPrinter@@IAEXXZ 1000b008 f i FiscalPrinterImpl.obj
 0001:0000a05a       ?EventWindowProc@COPOSFiscalPrinter@@IAGJIIJ@Z 1000b05a f i FiscalPrinterImpl.obj
 0001:0000a12d       ?FinalConstruct@COPOSFiscalPrinter@@QAEJXZ 1000b12d f   FiscalPrinterImpl.obj
 0001:0000a166       ?FireEventCleanup@COPOSFiscalPrinter@@IAEXXZ 1000b166 f i FiscalPrinterImpl.obj
 0001:0000a17c       ?FireEventSetup@COPOSFiscalPrinter@@IAE_NXZ 1000b17c f i FiscalPrinterImpl.obj
 0001:0000a1b0       ?FreezeEvents@COPOSFiscalPrinter@@MAGJH@Z 1000b1b0 f   FiscalPrinterImpl.obj
 0001:0000a209       ?GetData@COPOSFiscalPrinter@@UAGJJPAJPAPA_W0@Z 1000b209 f   FiscalPrinterImpl.obj
 0001:0000a2b7       ?GetDate@COPOSFiscalPrinter@@UAGJPAPA_WPAJ@Z 1000b2b7 f   FiscalPrinterImpl.obj
 0001:0000a30e       ?GetOposProp@COPOSFiscalPrinter@@IAEJJPAFJ@Z 1000b30e f   FiscalPrinterImpl.obj
 0001:0000a331       ?GetOposProp@COPOSFiscalPrinter@@IAEJJPAJJ@Z 1000b331 f   FiscalPrinterImpl.obj
 0001:0000a400       ?GetOposProp@COPOSFiscalPrinter@@IAEJJPAPA_WJ@Z 1000b400 f   FiscalPrinterImpl.obj
 0001:0000a4dc       ?GetTotalizer@COPOSFiscalPrinter@@UAGJJJPAPA_WPAJ@Z 1000b4dc f   FiscalPrinterImpl.obj
 0001:0000a580       ?GetVatEntry@COPOSFiscalPrinter@@UAGJJJPAJ0@Z 1000b580 f   FiscalPrinterImpl.obj
 0001:0000a624       ?OnDraw@COPOSFiscalPrinter@@MAEJAAUATL_DRAWINFO@@@Z 1000b624 f   FiscalPrinterImpl.obj
 0001:0000a6c4       ?Open@COPOSFiscalPrinter@@UAGJPA_WPAJ@Z 1000b6c4 f   FiscalPrinterImpl.obj
 0001:0000af03       ?PrintDuplicateReceipt@COPOSFiscalPrinter@@UAGJPAJ@Z 1000bf03 f   FiscalPrinterImpl.obj
 0001:0000af1e       ?PrintFiscalDocumentLine@COPOSFiscalPrinter@@UAGJPA_WPAJ@Z 1000bf1e f   FiscalPrinterImpl.obj
 0001:0000af75       ?PrintFixedOutput@COPOSFiscalPrinter@@UAGJJJPA_WPAJ@Z 1000bf75 f   FiscalPrinterImpl.obj
 0001:0000b019       ?PrintNormal@COPOSFiscalPrinter@@UAGJJPA_WPAJ@Z 1000c019 f   FiscalPrinterImpl.obj
 0001:0000b095       ?PrintPeriodicTotalsReport@COPOSFiscalPrinter@@UAGJPA_W0PAJ@Z 1000c095 f   FiscalPrinterImpl.obj
 0001:0000b115       ?PrintPowerLossReport@COPOSFiscalPrinter@@UAGJPAJ@Z 1000c115 f   FiscalPrinterImpl.obj
 0001:0000b130       ?PrintRecCash@COPOSFiscalPrinter@@UAGJTtagCY@@PAJ@Z 1000c130 f   FiscalPrinterImpl.obj
 0001:0000b182       ?PrintRecItem@COPOSFiscalPrinter@@UAGJPA_WTtagCY@@JJ10PAJ@Z 1000c182 f   FiscalPrinterImpl.obj
 0001:0000b27b       ?PrintRecItemAdjustment@COPOSFiscalPrinter@@UAGJJPA_WTtagCY@@JPAJ@Z 1000c27b f   FiscalPrinterImpl.obj
 0001:0000b32d       ?PrintRecItemAdjustmentVoid@COPOSFiscalPrinter@@UAGJJPA_WTtagCY@@JPAJ@Z 1000c32d f   FiscalPrinterImpl.obj
 0001:0000b3df       ?PrintRecItemFuel@COPOSFiscalPrinter@@UAGJPA_WTtagCY@@JJ1010PAJ@Z 1000c3df f   FiscalPrinterImpl.obj
 0001:0000b50a       ?PrintRecItemFuelVoid@COPOSFiscalPrinter@@UAGJPA_WTtagCY@@J1PAJ@Z 1000c50a f   FiscalPrinterImpl.obj
 0001:0000b5bf       ?PrintRecItemRefund@COPOSFiscalPrinter@@UAGJPA_WTtagCY@@JJ10PAJ@Z 1000c5bf f   FiscalPrinterImpl.obj
 0001:0000b6b8       ?PrintRecItemRefundVoid@COPOSFiscalPrinter@@UAGJPA_WTtagCY@@JJ10PAJ@Z 1000c6b8 f   FiscalPrinterImpl.obj
 0001:0000b7b1       ?PrintRecItemVoid@COPOSFiscalPrinter@@UAGJPA_WTtagCY@@JJ10PAJ@Z 1000c7b1 f   FiscalPrinterImpl.obj
 0001:0000b8aa       ?PrintRecMessage@COPOSFiscalPrinter@@UAGJPA_WPAJ@Z 1000c8aa f   FiscalPrinterImpl.obj
 0001:0000b901       ?PrintRecNotPaid@COPOSFiscalPrinter@@UAGJPA_WTtagCY@@PAJ@Z 1000c901 f   FiscalPrinterImpl.obj
 0001:0000b980       ?PrintRecPackageAdjustVoid@COPOSFiscalPrinter@@UAGJJPA_WPAJ@Z 1000c980 f   FiscalPrinterImpl.obj
 0001:0000b9fc       ?PrintRecPackageAdjustment@COPOSFiscalPrinter@@UAGJJPA_W0PAJ@Z 1000c9fc f   FiscalPrinterImpl.obj
 0001:0000baaa       ?PrintRecRefund@COPOSFiscalPrinter@@UAGJPA_WTtagCY@@JPAJ@Z 1000caaa f   FiscalPrinterImpl.obj
 0001:0000bb51       ?PrintRecRefundVoid@COPOSFiscalPrinter@@UAGJPA_WTtagCY@@JPAJ@Z 1000cb51 f   FiscalPrinterImpl.obj
 0001:0000bbf8       ?PrintRecSubtotal@COPOSFiscalPrinter@@UAGJTtagCY@@PAJ@Z 1000cbf8 f   FiscalPrinterImpl.obj
 0001:0000bc4a       ?PrintRecSubtotalAdjustVoid@COPOSFiscalPrinter@@UAGJJTtagCY@@PAJ@Z 1000cc4a f   FiscalPrinterImpl.obj
 0001:0000bcc1       ?PrintRecSubtotalAdjustment@COPOSFiscalPrinter@@UAGJJPA_WTtagCY@@PAJ@Z 1000ccc1 f   FiscalPrinterImpl.obj
 0001:0000bd68       ?PrintRecTaxID@COPOSFiscalPrinter@@UAGJPA_WPAJ@Z 1000cd68 f   FiscalPrinterImpl.obj
 0001:0000bdbf       ?PrintRecTotal@COPOSFiscalPrinter@@UAGJTtagCY@@0PA_WPAJ@Z 1000cdbf f   FiscalPrinterImpl.obj
 0001:0000be69       ?PrintRecVoid@COPOSFiscalPrinter@@UAGJPA_WPAJ@Z 1000ce69 f   FiscalPrinterImpl.obj
 0001:0000bec0       ?PrintRecVoidItem@COPOSFiscalPrinter@@UAGJPA_WTtagCY@@JJ1JPAJ@Z 1000cec0 f   FiscalPrinterImpl.obj
 0001:0000bfa6       ?PrintReport@COPOSFiscalPrinter@@UAGJJPA_W0PAJ@Z 1000cfa6 f   FiscalPrinterImpl.obj
 0001:0000c054       ?PrintXReport@COPOSFiscalPrinter@@UAGJPAJ@Z 1000d054 f   FiscalPrinterImpl.obj
 0001:0000c06f       ?PrintZReport@COPOSFiscalPrinter@@UAGJPAJ@Z 1000d06f f   FiscalPrinterImpl.obj
 0001:0000c08a       ?ReleaseDevice@COPOSFiscalPrinter@@UAGJPAJ@Z 1000d08a f   FiscalPrinterImpl.obj
 0001:0000c0d9       ?ResetPrinterW@COPOSFiscalPrinter@@UAGJPAJ@Z 1000d0d9 f   FiscalPrinterImpl.obj
 0001:0000c0f4       ?ResetStatistics@COPOSFiscalPrinter@@UAGJPA_WPAJ@Z 1000d0f4 f   FiscalPrinterImpl.obj
 0001:0000c14b       ?RetrieveStatistics@COPOSFiscalPrinter@@UAGJPAPA_WPAJ@Z 1000d14b f   FiscalPrinterImpl.obj
 0001:0000c1a2       ?SOProcessID@COPOSFiscalPrinter@@UAGJPAJ@Z 1000d1a2 f   FiscalPrinterImpl.obj
 0001:0000c1b6       ?SetCOFreezeEvents@COPOSFiscalPrinter@@IAEXF@Z 1000d1b6 f   FiscalPrinterImpl.obj
[...]
 0002:00006db0       hi_mask                    10029db0     libucrt:log10_pentium4.obj
 0002:00006dc0       LOG10_2                    10029dc0     libucrt:log10_pentium4.obj
 0002:00006dd0       place_L                    10029dd0     libucrt:log10_pentium4.obj
 0002:00006df0       One                        10029df0     libucrt:log10_pentium4.obj
 0002:00006e00       Zero                       10029e00     libucrt:log10_pentium4.obj
 0002:00006e10       Two52                      10029e10     libucrt:log10_pentium4.obj
 0002:00006e20       Infs                       10029e20     libucrt:log10_pentium4.obj
 0002:00006e30       NaN                        10029e30     libucrt:log10_pentium4.obj
 0002:00006e40       coeff                      10029e40     libucrt:log10_pentium4.obj
 0002:00006e9e       _log2max                   10029e9e     libucrt:87tran.obj
 0002:00006ea8       _smallarg                  10029ea8     libucrt:87tran.obj
 0002:00006eb2       _half                      10029eb2     libucrt:87tran.obj
 0002:00006efe       One                        10029efe     libucrt:87disp.obj
 0002:00006f06       Three                      10029f06     libucrt:87disp.obj
 0002:00006f0e       XAMtoTagTab                10029f0e     libucrt:87disp.obj
 0002:00006f20       One                        10029f20     libucrt:common.obj
 0002:00006f34       DblMax                     10029f34     libucrt:common.obj
 0002:00006f3c       DblMin                     10029f3c     libucrt:common.obj
 0002:00006f44       IeeeAdjO                   10029f44     libucrt:common.obj
 0002:00006f4c       IeeeAdjU                   10029f4c     libucrt:common.obj
 0002:00006f54       _infinity                  10029f54     libucrt:common.obj
 0002:00006f5c       _zero                      10029f5c     libucrt:common.obj
 0002:00006fa8       _over                      10029fa8     libucrt:fpctrl.obj
 0002:00006fb4       _under                     10029fb4     libucrt:fpctrl.obj
 0002:000077e8       ?_names@?1??_get_fname@@9@4QBU<unnamed-type-_names>@?1??1@YAPADI@Z@B 1002a7e8     libucrt:fpexcept.obj
 0002:00007990       two32                      1002a990     LIBCMT:ftol2.obj
 0002:00007994       two63                      1002a994     LIBCMT:ftol2.obj
 0002:00007998       _NaN                       1002a998     LIBCMT:ftol2.obj
 0002:000080d8       __sehtable$?_AtlVerifyStackAvailable@_ATL_SAFE_ALLOCA_IMPL@ATL@@YA_NK@Z 1002b0d8     FiscalPrinter.obj
 0002:000080f8       __sehtable$___scrt_is_nonwritable_in_current_image 1002b0f8     LIBCMT:utility.obj
 0002:00008114       __catchsym$??2@YAPAXIABUnothrow_t@std@@@Z$2 1002b114     LIBCMT:new_scalar_nothrow.obj
 0002:00008124       __unwindtable$??2@YAPAXIABUnothrow_t@std@@@Z 1002b124     LIBCMT:new_scalar_nothrow.obj
 0002:00008134       __tryblocktable$??2@YAPAXIABUnothrow_t@std@@@Z 1002b134     LIBCMT:new_scalar_nothrow.obj
 0002:00008148       __ehfuncinfo$??2@YAPAXIABUnothrow_t@std@@@Z 1002b148     LIBCMT:new_scalar_nothrow.obj
 0002:00008170       __sehtable$?dllmain_crt_process_attach@@YAHQAUHINSTANCE__@@QAX@Z 1002b170     LIBCMT:dll_dllmain.obj
 0002:00008190       __sehtable$?dllmain_crt_process_detach@@YAH_N@Z 1002b190     LIBCMT:dll_dllmain.obj
 0002:000081b8       __sehtable$?dllmain_dispatch@@YAHQAUHINSTANCE__@@KQAX@Z 1002b1b8     LIBCMT:dll_dllmain.obj
 0002:00008268       __sehtable$___DestructExceptionObject 1002b268     libvcruntime:ehhelpers.obj
 0002:00008288       __sehtable$?FrameUnwindToState@__FrameHandler3@@SAXPAUEHRegistrationNode@@PAXPBU_s_FuncInfo@@H@Z 1002b288     libvcruntime:frame.obj
 0002:000082b0       __sehtable$?CallCatchBlock@@YAPAXPAUEHExceptionRecord@@PAUEHRegistrationNode@@PAU_CONTEXT@@PBU_s_FuncInfo@@PAXHK@Z 1002b2b0     libvcruntime:frame.obj
 0002:000082d8       __catchsym$?CallUnexpected@@YAXPBU_s_ESTypeList@@@Z$2 1002b2d8     libvcruntime:frame.obj
 0002:000082e8       __unwindtable$?CallUnexpected@@YAXPBU_s_ESTypeList@@@Z 1002b2e8     libvcruntime:frame.obj
 0002:000082f8       __tryblocktable$?CallUnexpected@@YAXPBU_s_ESTypeList@@@Z 1002b2f8     libvcruntime:frame.obj
 0002:0000830c       __ehfuncinfo$?CallUnexpected@@YAXPBU_s_ESTypeList@@@Z 1002b30c     libvcruntime:frame.obj
 0002:00008330       __sehtable$??$BuildCatchObjectHelperInternal@V__FrameHandler3@@@@YAHPAUEHExceptionRecord@@PAXPBU_s_HandlerType@@PBU_s_CatchableType@@@Z 1002b330     libvcruntime:frame.obj
 0002:00008350       __sehtable$??$BuildCatchObjectInternal@V__FrameHandler3@@@@YAXPAUEHExceptionRecord@@PAXPBU_s_HandlerType@@PBU_s_CatchableType@@@Z 1002b350     libvcruntime:frame.obj
 0002:000083a4       __ehfuncinfo$?write_double_translated_ansi_nolock@@YA?AUwrite_result@?A0x17268360@@HQBDIAAV__crt_cached_ptd_host@@@Z 1002b3a4     libucrt:write.obj
 0002:000083a4       __ehfuncinfo$?try_cor_exit_process@@YAXI@Z 1002b3a4     libucrt:exit.obj
 0002:000083c8       __unwindtable$?common_exit@@YAXHW4_crt_exit_cleanup_mode@@W4_crt_exit_return_mode@@@Z 1002b3c8     libucrt:exit.obj
 0002:000083d0       __ehfuncinfo$?common_exit@@YAXHW4_crt_exit_cleanup_mode@@W4_crt_exit_return_mode@@@Z 1002b3d0     libucrt:exit.obj
 0002:000083f8       __sehtable$??R<lambda_6e4b09c48022b2350581041d5f6b0c4c>@@QBE@XZ 1002b3f8     libucrt:exit.obj
 0002:00008418       __sehtable$??$?RV<lambda_03b1d95aef87969028cfba75ccab2455>@@AAV<lambda_6e4b09c48022b2350581041d5f6b0c4c>@@V<lambda_22bdf7517842c4b3e53723af5aa32b9e>@@@?$__crt_seh_guarded_call@X@@QAEX$$QAV<lambda_03b1d95aef87969028cfba75ccab2455>@@AAV<lambda_6e4b09c48022b2350581041d5f6b0c4c>@@$$QAV<lambda_22bdf7517842c4b3e53723af5aa32b9e>@@@Z 1002b418     libucrt:exit.obj
 0002:00008434       __unwindtable$___dcrt_uninitialize_environments_nolock 1002b434     libucrt:environment_initialization.obj
 0002:00008444       __ehfuncinfo$___dcrt_uninitialize_environments_nolock 1002b444     libucrt:environment_initialization.obj
 0002:00008468       __unwindtable$__execute_onexit_table 1002b468     libucrt:onexit.obj
 0002:00008470       __ehfuncinfo$__execute_onexit_table 1002b470     libucrt:onexit.obj
 0002:00008498       __sehtable$??$?RV<lambda_8e746cf0007f6ed984d6f78af1fec997>@@AAV<lambda_22ebabd17bc4fa466a2aca6d8deb888d>@@V<lambda_18ed0c0b38a6dc0daf1e7ac6d6adf05e>@@@?$__crt_seh_guarded_call@H@@QAEH$$QAV<lambda_8e746cf0007f6ed984d6f78af1fec997>@@AAV<lambda_22ebabd17bc4fa466a2aca6d8deb888d>@@$$QAV<lambda_18ed0c0b38a6dc0daf1e7ac6d6adf05e>@@@Z 1002b498     libucrt:onexit.obj
 0002:000084b8       __sehtable$??$?RV<lambda_69a2805e680e0e292e8ba93315fe43a8>@@AAV<lambda_f03950bc5685219e0bcd2087efbe011e>@@V<lambda_03fcd07e894ec930e3f35da366ca99d6>@@@?$__crt_seh_guarded_call@H@@QAEH$$QAV<lambda_69a2805e680e0e292e8ba93315fe43a8>@@AAV<lambda_f03950bc5685219e0bcd2087efbe011e>@@$$QAV<lambda_03fcd07e894ec930e3f35da366ca99d6>@@@Z 1002b4b8     libucrt:onexit.obj
 0002:000084d8       __sehtable$__query_new_handler 1002b4d8     libucrt:new_handler.obj
 0002:000084f8       __sehtable$_terminate      1002b4f8     libucrt:terminate.obj
 0002:00008518       __sehtable$??$?RV<lambda_15ade71b0218206bbe3333a0c9b79046>@@AAV<lambda_da44e0f8b0f19ba52fefafb335991732>@@V<lambda_207f2d024fc103971653565357d6cd41>@@@?$__crt_seh_guarded_call@X@@QAEX$$QAV<lambda_15ade71b0218206bbe3333a0c9b79046>@@AAV<lambda_da44e0f8b0f19ba52fefafb335991732>@@$$QAV<lambda_207f2d024fc103971653565357d6cd41>@@@Z 1002b518     libucrt:per_thread_data.obj
 0002:00008538       __sehtable$??$?RV<lambda_a7e850c220f1c8d1e6efeecdedd162c6>@@AAV<lambda_46720907175c18b6c9d2717bc0d2d362>@@V<lambda_9048902d66e8d99359bc9897bbb930a8>@@@?$__crt_seh_guarded_call@X@@QAEX$$QAV<lambda_a7e850c220f1c8d1e6efeecdedd162c6>@@AAV<lambda_46720907175c18b6c9d2717bc0d2d362>@@$$QAV<lambda_9048902d66e8d99359bc9897bbb930a8>@@@Z 1002b538     libucrt:per_thread_data.obj
 0002:00008558       __sehtable$??$?RV<lambda_38edbb1296d33220d7e4dd0ed76b244a>@@AAV<lambda_5ce1d447e08cb34b2473517608e21441>@@V<lambda_fb385d3da700c9147fc39e65dd577a8c>@@@?$__crt_seh_guarded_call@X@@QAEX$$QAV<lambda_38edbb1296d33220d7e4dd0ed76b244a>@@AAV<lambda_5ce1d447e08cb34b2473517608e21441>@@$$QAV<lambda_fb385d3da700c9147fc39e65dd577a8c>@@@Z 1002b558     libucrt:per_thread_data.obj
 0002:00008578       __sehtable$??$?RV<lambda_6affb1475c98b40b75cdec977db92e3c>@@AAV<lambda_b8d4b9c228a6ecc3f80208dbb4b4a104>@@V<lambda_608742c3c92a14382c1684fc64f96c88>@@@?$__crt_seh_guarded_call@X@@QAEX$$QAV<lambda_6affb1475c98b40b75cdec977db92e3c>@@AAV<lambda_b8d4b9c228a6ecc3f80208dbb4b4a104>@@$$QAV<lambda_608742c3c92a14382c1684fc64f96c88>@@@Z 1002b578     libucrt:per_thread_data.obj
 0002:00008598       __sehtable$??$?RV<lambda_e5124f882df8998aaf41531e079ba474>@@AAV<lambda_3e16ef9562a7dcce91392c22ab16ea36>@@V<lambda_e25ca0880e6ef98be67edffd8c599615>@@@?$__crt_seh_guarded_call@X@@QAEX$$QAV<lambda_e5124f882df8998aaf41531e079ba474>@@AAV<lambda_3e16ef9562a7dcce91392c22ab16ea36>@@$$QAV<lambda_e25ca0880e6ef98be67edffd8c599615>@@@Z 1002b598     libucrt:wsetlocale.obj
 0002:000085b8       __sehtable$___acrt_initialize_lowio 1002b5b8     libucrt:ioinit.obj
 0002:000085d8       __sehtable$?update_thread_multibyte_data_internal@@YAPAU__crt_multibyte_data@@QAU__acrt_ptd@@QAPAU1@@Z 1002b5d8     libucrt:mbctype.obj
 0002:000085f8       __sehtable$??$?RV<lambda_ceb1ee4838e85a9d631eb091e2fbe199>@@AAV<lambda_ae742caa10f662c28703da3d2ea5e57e>@@V<lambda_cd08b5d6af4937fe54fc07d0c9bf6b37>@@@?$__crt_seh_guarded_call@X@@QAEX$$QAV<lambda_ceb1ee4838e85a9d631eb091e2fbe199>@@AAV<lambda_ae742caa10f662c28703da3d2ea5e57e>@@$$QAV<lambda_cd08b5d6af4937fe54fc07d0c9bf6b37>@@@Z 1002b5f8     libucrt:mbctype.obj
 0002:00008618       __sehtable$_raise          1002b618     libucrt:signal.obj
 0002:00008638       __sehtable$??$?RV<lambda_cbab9ec6f41b0180b23cc171c22676b0>@@AAV<lambda_44731a7d0e6d81c3e6aa82d741081786>@@V<lambda_4b292cb8dd18144e164572427af410ab>@@@?$__crt_seh_guarded_call@P6AXH@Z@@QAEP6AXH@Z$$QAV<lambda_cbab9ec6f41b0180b23cc171c22676b0>@@AAV<lambda_44731a7d0e6d81c3e6aa82d741081786>@@$$QAV<lambda_4b292cb8dd18144e164572427af410ab>@@@Z 1002b638     libucrt:signal.obj
 0002:00008658       __sehtable$??$?RV<lambda_2866be3712abc81a800a822484c830d8>@@AAV<lambda_39ca0ed439415581b5b15c265174cece>@@V<lambda_2b24c74d71094a6cd0cb82e44167d71b>@@@?$__crt_seh_guarded_call@X@@QAEX$$QAV<lambda_2866be3712abc81a800a822484c830d8>@@AAV<lambda_39ca0ed439415581b5b15c265174cece>@@$$QAV<lambda_2b24c74d71094a6cd0cb82e44167d71b>@@@Z 1002b658     libucrt:fflush.obj
 0002:00008678       __sehtable$??$?RV<lambda_2cc53f568c5a2bb6f192f930a45d44ea>@@AAV<lambda_ab61a845afdef5b7c387490eaf3616ee>@@V<lambda_c2ffc0b7726aa6be21d5f0026187e748>@@@?$__crt_seh_guarded_call@X@@QAEX$$QAV<lambda_2cc53f568c5a2bb6f192f930a45d44ea>@@AAV<lambda_ab61a845afdef5b7c387490eaf3616ee>@@$$QAV<lambda_c2ffc0b7726aa6be21d5f0026187e748>@@@Z 1002b678     libucrt:fflush.obj
 0002:00008698       __sehtable$___acrt_update_thread_locale_data 1002b698     libucrt:locale_refcounting.obj
 0002:000086b8       __sehtable$__fcloseall     1002b6b8     libucrt:closeall.obj
 0002:000086d8       __sehtable$___acrt_lowio_ensure_fh_exists 1002b6d8     libucrt:osfinfo.obj
 0002:000086f8       __sehtable$??$?RV<lambda_9e9de3de5fa147e2223d7db92bc10aa6>@@AAV<lambda_38ce7e780aa69e748d6df282ebc68efe>@@V<lambda_8ca6da459f0f6780f1cff60fdc3d00e5>@@@?$__crt_seh_guarded_call@H@@QAEH$$QAV<lambda_9e9de3de5fa147e2223d7db92bc10aa6>@@AAV<lambda_38ce7e780aa69e748d6df282ebc68efe>@@$$QAV<lambda_8ca6da459f0f6780f1cff60fdc3d00e5>@@@Z 1002b6f8     libucrt:commit.obj
 0002:00008718       __sehtable$__write_internal 1002b718     libucrt:write.obj
 0002:00008738       __sehtable$?_fclose_internal@@YAHQAU_iobuf@@AAV__crt_cached_ptd_host@@@Z 1002b738     libucrt:fclose.obj
 0002:00008758       __sehtable$??$?RV<lambda_d422a76eb4c3bf3ad751449ab71a6ea4>@@AAV<lambda_c9ba49e555ba839a7b07aa3fbecb7617>@@V<lambda_9476263c8ee91a25d21c55370bdb50de>@@@?$__crt_seh_guarded_call@H@@QAEH$$QAV<lambda_d422a76eb4c3bf3ad751449ab71a6ea4>@@AAV<lambda_c9ba49e555ba839a7b07aa3fbecb7617>@@$$QAV<lambda_9476263c8ee91a25d21c55370bdb50de>@@@Z 1002b758     libucrt:close.obj
 0002:00008778       __sehtable$___set_fpsr_sse2 1002b778     libucrt:fpctrl.obj
 0002:00008798       __sehtable$__IsNonwritableInCurrentImage 1002b798     LIBCMT:pesect.obj
 0002:000087c0       .edata                     1002b7c0     OPOSFiscalPrinter.exp
 0002:000087e8       rgpv                       1002b7e8     OPOSFiscalPrinter.exp
 0002:000087f8       rgszName                   1002b7f8     OPOSFiscalPrinter.exp
 0002:00008808       rgwOrd                     1002b808     OPOSFiscalPrinter.exp
 0002:00008810       szName                     1002b810     OPOSFiscalPrinter.exp
 0002:00008826       $N00001                    1002b826     OPOSFiscalPrinter.exp
 0002:00008836       $N00002                    1002b836     OPOSFiscalPrinter.exp
 0002:00008848       $N00003                    1002b848     OPOSFiscalPrinter.exp
 0002:0000885a       $N00004                    1002b85a     OPOSFiscalPrinter.exp
 0002:00008e6a       .idata$6                   1002be6a     kernel32:KERNEL32.dll
 0002:0000907e       .idata$6                   1002c07e     user32:USER32.dll
 0002:000091b2       .idata$6                   1002c1b2     gdi32:GDI32.dll
 0002:00009258       .idata$6                   1002c258     advapi32:ADVAPI32.dll
 0002:00009374       .idata$6                   1002c374     ole32:ole32.dll
 0002:0000937e       .idata$6                   1002c37e     oleaut32:OLEAUT32.dll
 0003:00000110       ?ObjectMap@@3PAU_ATL_OBJMAP_ENTRY30@ATL@@A 1002d110     FiscalPrinter.obj
 0003:000001e0       ?s_SOMethodNames@@3PAPADA  1002d1e0     FiscalPrinterImpl.obj
 0003:00000320       ?s_RequiredMethodsPerRelease@@3PAHA 1002d320     FiscalPrinterImpl.obj
 0003:00000360       ?__vcrt_flsindex@@3KA      1002d360     libvcruntime:per_thread_data.obj
 0003:00000380       ?errno_no_memory@@3HA      1002d380     libucrt:errno.obj
 0003:00000384       ?doserrno_no_memory@@3KA   1002d384     libucrt:errno.obj
 0003:00000390       ?__acrt_flsindex@@3KA      1002d390     libucrt:per_thread_data.obj
 0003:00000728       __mbctypes                 1002d728     libucrt:mbctype.obj
 0003:00000830       __mbcasemaps               1002d830     libucrt:mbctype.obj
 0003:00000930       ?__rgctypeflag@@3PADA      1002d930     libucrt:mbctype.obj
 0003:00000938       ?__rgcode_page_info@@3PAUcode_page_info@@A 1002d938     libucrt:mbctype.obj
 0003:00000b90       ?__dcrt_lowio_console_output_handle@@3PAXA 1002db90     libucrt:initcon.obj
 0003:00000b94       ?__DAZ_ENABLED@?1??__set_fpsr_sse2@@9@9 1002db94     libucrt:fpctrl.obj
 0003:00000d28       ?is_initialized_as_dll@@3_NA 1002dd28     LIBCMT:utility.obj
 0003:00000d29       ?module_local_atexit_table_initialized@@3_NA 1002dd29     LIBCMT:utility.obj
 0003:00000d2c       ?module_local_atexit_table@@3U_onexit_table_t@@A 1002dd2c     LIBCMT:utility.obj
 0003:00000d38       ?module_local_at_quick_exit_table@@3U_onexit_table_t@@A 1002dd38     LIBCMT:utility.obj
 0003:00000d44       ?g_tss_cv@@3U_RTL_CONDITION_VARIABLE@@A 1002dd44     LIBCMT:thread_safe_statics.obj
 0003:00000d48       ?g_tss_event@@3PAXA        1002dd48     LIBCMT:thread_safe_statics.obj
 0003:00000d4c       ?g_tss_mutex@@3U_RTL_CRITICAL_SECTION@@A 1002dd4c     LIBCMT:thread_safe_statics.obj
 0003:00000d64       ?g_sleep_condition_variable_cs@@3P6GHPAU_RTL_CONDITION_VARIABLE@@PAU_RTL_CRITICAL_SECTION@@K@ZA 1002dd64     LIBCMT:thread_safe_statics.obj
 0003:00000d68       ?g_wake_all_condition_variable@@3P6GXPAU_RTL_CONDITION_VARIABLE@@@ZA 1002dd68     LIBCMT:thread_safe_statics.obj
 0003:00000d70       _GS_ExceptionRecord        1002dd70     LIBCMT:gs_report.obj
 0003:00000dc0       _GS_ContextRecord          1002ddc0     LIBCMT:gs_report.obj
 0003:00001090       ?__proc_attached@@3HA      1002e090     LIBCMT:dll_dllmain.obj
 0003:000010ec       ?AllocateData@@3P6GPAUAtlThunkData_t@@XZA 1002e0ec     atls:atlthunk.obj
 0003:000010f0       ?InitData@@3P6GXPAUAtlThunkData_t@@PAXI@ZA 1002e0f0     atls:atlthunk.obj
 0003:000010f4       ?DataToCode@@3P6GP6GJPAUHWND__@@IIJ@ZPAUAtlThunkData_t@@@ZA 1002e0f4     atls:atlthunk.obj
 0003:000010f8       ?FreeData@@3P6GXPAUAtlThunkData_t@@@ZA 1002e0f8     atls:atlthunk.obj
 0003:000010fc       ?Initialized@@3_NA         1002e0fc     atls:atlthunk.obj
 0003:0000110c       ?__vcrt_startup_thread_ptd@@3U__vcrt_ptd@@A 1002e10c     libvcruntime:per_thread_data.obj
 0003:00001134       ___vcrt_lock_table         1002e134     libvcruntime:locks.obj
 0003:0000114c       ___vcrt_locks_initialized  1002e14c     libvcruntime:locks.obj
 0003:00001178       ?heap@@3V_HeapManager@@A   1002e178     libvcruntime:undname.obj
 0003:0000118c       ?module_handles@@3PAPAUHINSTANCE__@@A 1002e18c     libvcruntime:winapi_downlevel.obj
 0003:00001198       ?function_pointers@@3PAPAXA 1002e198     libvcruntime:winapi_downlevel.obj
 0003:000011ac       ?__acrt_invalid_parameter_handler@@3V?$dual_state_global@P6AXPB_W00II@Z@__crt_state_management@@A 1002e1ac     libucrt:invalid_parameter.obj
 0003:000011b0       ?c_termination_complete@@3JA 1002e1b0     libucrt:exit.obj
 0003:000011b4       ?thread_local_exit_callback_func@@3P6GXPAXK0@ZA 1002e1b4     libucrt:exit.obj
 0003:000011c0       ?program_name@?1???$common_configure_argv@D@@YAHW4_crt_argv_mode@@@Z@4PADA 1002e1c0     libucrt:argv_parsing.obj
 0003:000012f0       ?__acrt_new_handler@@3V?$dual_state_global@P6AHI@Z@__crt_state_management@@A 1002e2f0     libucrt:new_handler.obj
 0003:00001300       ?module_handles@@3PAPAUHINSTANCE__@@A 1002e300     libucrt:winapi_thunks.obj
 0003:00001350       ?encoded_function_pointers@@3PAPAXA 1002e350     libucrt:winapi_thunks.obj
 0003:000013d8       ?internal_state@?1??_mbtowc_internal@@9@4U_Mbstatet@@A 1002e3d8     libucrt:mbtowc.obj
 0003:000013e8       ?enable_percent_n@@3IA     1002e3e8     libucrt:printf_count_output.obj
 0003:00001600       ?__acrt_lock_table@@3PAU_RTL_CRITICAL_SECTION@@A 1002e600     libucrt:locks.obj
 0003:00001750       ?__acrt_locks_initialized@@3IA 1002e750     libucrt:locks.obj
 0003:00001760       ?fSystemSet@@3HA           1002e760     libucrt:mbctype.obj
 0003:00001764       ?initialized@?1??__acrt_initialize_multibyte@@9@4_NA 1002e764     libucrt:mbctype.obj
 0003:00001784       ?ctrlc_action@@3V?$dual_state_global@P6AXH@Z@__crt_state_management@@A 1002e784     libucrt:signal.obj
 0003:00001788       ?ctrlbreak_action@@3V?$dual_state_global@P6AXH@Z@__crt_state_management@@A 1002e788     libucrt:signal.obj
 0003:0000178c       ?abort_action@@3V?$dual_state_global@P6AXH@Z@__crt_state_management@@A 1002e78c     libucrt:signal.obj
 0003:00001790       ?term_action@@3V?$dual_state_global@P6AXH@Z@__crt_state_management@@A 1002e790     libucrt:signal.obj
 0003:00001794       ?user_matherr@@3V?$dual_state_global@P6AHPAU_exception@@@Z@__crt_state_management@@A 1002e794     libucrt:matherr.obj
 0003:000017a0       ?__acrt_global_new_mode@@3V?$dual_state_global@J@__crt_state_management@@A 1002e7a0     libucrt:new_mode.obj
 0003:000017a4       ?internal_pst@?1??__mbrtoc32_utf8@__crt_mbstring@@YAIPA_UPBDIPAU_Mbstatet@@AAV__crt_cached_ptd_host@@@Z@4U3@A 1002e7a4     libucrt:mbrtoc32.obj
 0003:000017ac       ?__acrt_app_type@@3W4_crt_app_type@@A 1002e7ac     libucrt:report_runtime_error.obj
 0003:000017b4       __pmatherr_set             1002e7b4     libucrt:libm_error.obj
 0004:00000220       $R000000                   1002f220     FiscalPrinter.res
 0004:00000bc8       $R0009A8                   1002fbc8     FiscalPrinter.res
 0004:00000cb0       $R000A90                   1002fcb0     FiscalPrinter.res
 0004:00000f18       $R000CF8                   1002ff18     FiscalPrinter.res
 0004:000014d0       $R0012B0                   100304d0     FiscalPrinter.res
 0004:000098d8       $R0096B8                   100388d8     FiscalPrinter.res
 0004:00009918       $R0096F8                   10038918     FiscalPrinter.res
