 OPOSMICR

 Timestamp is 5defa9dd (Tue Dec 10 23:21:17 2019)

 Preferred load address is 10000000

 Start         Length     Name                   Class
 0001:00000000 00000080H .text$di                CODE
 0001:00000080 0001d8e3H .text$mn                CODE
 0001:0001d963 00000036H .text$x                 CODE
 0001:0001d999 00000042H .text$yd                CODE
 0002:00000000 000002fcH .idata$5                DATA
 0002:000002fc 00000004H .00cfg                  DATA
 0002:00000300 00000004H .CRT$XCA                DATA
 0002:00000304 00000004H .CRT$XCL                DATA
 0002:00000308 00000010H .CRT$XCU                DATA
 0002:00000318 00000004H .CRT$XCZ                DATA
 0002:0000031c 00000004H .CRT$XIA                DATA
 0002:00000320 00000010H .CRT$XIC                DATA
 0002:00000330 00000004H .CRT$XIZ                DATA
 0002:00000334 00000004H .CRT$XLA                DATA
 0002:00000338 00000004H .CRT$XLZ                DATA
 0002:0000033c 00000004H .CRT$XPA                DATA
 0002:00000340 00000008H .CRT$XPX                DATA
 0002:00000348 00000004H .CRT$XPXA               DATA
 0002:0000034c 00000004H .CRT$XPZ                DATA
 0002:00000350 00000004H .CRT$XTA                DATA
 0002:00000354 0000000cH .CRT$XTZ                DATA
 0002:00000358 00000000H .gfids$y                DATA
 0002:00000360 00006f2cH .rdata                  DATA
 0002:0000728c 00000018H .rdata$T                DATA
 0002:000072a4 0000017cH .rdata$r                DATA
 0002:00007420 0000001cH .rdata$sxdata           DATA
 0002:0000743c 000003d8H .rdata$zzzdbg           DATA
 0002:00007814 00000004H .rtc$IAA                DATA
 0002:00007818 00000004H .rtc$IZZ                DATA
 0002:0000781c 00000004H .rtc$TAA                DATA
 0002:00007820 00000004H .rtc$TZZ                DATA
 0002:00007824 00000004H .tls                    DATA
 0002:00007828 00000004H .tls$                   DATA
 0002:0000782c 00000004H .tls$ZZZ                DATA
 0002:00007830 0000060cH .xdata$x                DATA
 0002:00007e3c 00000004H ATL$__a                 DATA
 0002:00007e40 00000010H ATL$__z                 DATA
 0002:00007e50 000000a8H .edata                  DATA
 0002:00007ef8 00000078H .idata$2                DATA
 0002:00007f70 00000014H .idata$3                DATA
 0002:00007f84 000002fcH .idata$4                DATA
 0002:00008280 00000bc8H .idata$6                DATA
 0003:00000000 00000ab0H .data                   DATA
 0003:00000ab0 00000098H .data$r                 DATA
 0003:00000b48 00000b80H .bss                    DATA
 0004:00000000 00000220H .rsrc$01                DATA
 0004:00000220 00004038H .rsrc$02                DATA

  Address         Publics by Value              Rva+Base       Lib:Object

 0000:00000000       ___dynamic_value_reloc_table 00000000     <absolute>
 0000:00000000       ___guard_fids_count        00000000     <absolute>
 0000:00000000       ___guard_longjmp_table     00000000     <absolute>
 0000:00000000       ___hybrid_code_map_count   00000000     <absolute>
 0000:00000000       __except_list              00000000     <absolute>
 0000:00000000       ___hybrid_auxiliary_iat    00000000     <absolute>
 0000:00000000       ___guard_fids_table        00000000     <absolute>
 0000:00000000       ___guard_longjmp_count     00000000     <absolute>
 0000:00000000       ___guard_iat_table         00000000     <absolute>
 0000:00000000       ___volatile_metadata       00000000     <absolute>
 0000:00000000       ___guard_iat_count         00000000     <absolute>
 0000:00000000       ___AbsoluteZero            00000000     <absolute>
 0000:00000000       ___enclave_config          00000000     <absolute>
 0000:00000000       ___hybrid_code_map         00000000     <absolute>
 0000:00000007       ___safe_se_handler_count   00000007     <absolute>
 0000:0000002c       __tls_array                0000002c     <absolute>
 0000:00000100       ___guard_flags             00000100     <absolute>
 0000:00000000       ___ImageBase               10000000     <linker-defined>
 0001:00000080       ?DupWide@_CW@@AAEXXZ       10001080 f   CWString.obj
 0001:0000009c       ?cw_dup@@YGXPBDAAHAAPA_W1@Z 1000109c f   CWString.obj
 0001:00000124       ?cw_memcpy@@YGHPA_WPBDH@Z  10001124 f   CWString.obj
 0001:00000150       ?cw_strcpy@@YAHPA_WPBD@Z   10001150 f   CWString.obj
 0001:00000163       ?cw_strlen@@YAHPBD@Z       10001163 f   CWString.obj
 0001:0000017c       ??0CAtlComModule@ATL@@QAE@XZ 1000117c f i OposVariant.obj
 0001:000001c1       ??0CAtlWinModule@ATL@@QAE@XZ 100011c1 f i OposVariant.obj
 0001:000001f8       ??0OposDispParms@@QAE@PAVOposVariant@@H@Z 100011f8 f   OposVariant.obj
 0001:00000269       ??1OposDispParms@@QAE@XZ   10001269 f   OposVariant.obj
 0001:00000277       ??A?$CSimpleArray@GV?$CSimpleArrayEqualHelper@G@ATL@@@ATL@@QAEAAGH@Z 10001277 f i OposVariant.obj
 0001:0000029c       ??_Estringdispid@CComTypeInfoHolder@ATL@@QAEPAXI@Z 1000129c f i OposVariant.obj
 0001:00000308       ?AtlWinModuleInit@ATL@@YGJPAU_ATL_WIN_MODULE70@1@@Z 10001308 f i OposVariant.obj
 0001:0000032e       ?AtlWinModuleTerm@ATL@@YGJPAU_ATL_WIN_MODULE70@1@PAUHINSTANCE__@@@Z 1000132e f i OposVariant.obj
 0001:00000391       ?ChangeBSTR@OposVariant@@QAEXPAPA_WAAJ@Z 10001391 f   OposVariant.obj
 0001:000003d2       ?ChangeLONG@OposVariant@@QAEXPAJAAJ@Z 100013d2 f   OposVariant.obj
 0001:00000413       ?GetLONG@OposVariant@@QAEJXZ 10001413 f   OposVariant.obj
 0001:0000042e       ?Init@CComCriticalSection@ATL@@QAEJXZ 1000142e f i OposVariant.obj
 0001:00000456       ?RemoveAll@?$CSimpleArray@GV?$CSimpleArrayEqualHelper@G@ATL@@@ATL@@QAEXXZ 10001456 f i OposVariant.obj
 0001:00000456       ?RemoveAll@?$CSimpleArray@PAUHINSTANCE__@@V?$CSimpleArrayEqualHelper@PAUHINSTANCE__@@@ATL@@@ATL@@QAEXXZ 10001456 f i atls:atlbase.obj
 0001:00000473       ?SetBSTR@OposVariant@@QAEXPA_WAAJ@Z 10001473 f   OposVariant.obj
 0001:000004a7       ?SetBSTR_Copy@OposVariant@@QAEXPA_WAAJ@Z 100014a7 f   OposVariant.obj
 0001:000004f7       ?SetBSTR_InOutPtr@OposVariant@@QAE_NPAPA_WAAJ@Z 100014f7 f   OposVariant.obj
 0001:0000052e       ?SetDispatch_Ptr@OposVariant@@QAEXPAUIDispatch@@AAJ@Z 1000152e f   OposVariant.obj
 0001:00000569       ?SetLONG@OposVariant@@QAEXJ@Z 10001569 f   OposVariant.obj
 0001:0000058b       ?SetLONG_Ptr@OposVariant@@QAEXPAJAAJ@Z 1000158b f   OposVariant.obj
 0001:000005be       ?SetString@OposVariant@@QAEXPB_WAAJ@Z 100015be f   OposVariant.obj
 0001:00000604       ?SetVARIANT_BOOL@OposVariant@@QAEXF@Z 10001604 f   OposVariant.obj
 0001:0000062e       ?Term@CAtlComModule@ATL@@QAEXXZ 1000162e f i OposVariant.obj
 0001:00000678       ?_AtlRaiseException@ATL@@YAXKK@Z 10001678 f i OposVariant.obj
 0001:0000068d       ?CreateInstance@CComClassFactory@ATL@@UAGJPAUIUnknown@@ABU_GUID@@PAPAX@Z 1000168d f i MICR.obj
 0001:000006cb       ?LockServer@CComClassFactory@ATL@@UAGJH@Z 100016cb f i MICR.obj
 0001:000006ea       ??_GCComClassFactory@ATL@@UAEPAXI@Z 100016ea f i MICR.obj
 0001:000006ea       ??_ECComClassFactory@ATL@@UAEPAXI@Z 100016ea f i MICR.obj
 0001:00000715       ?GetWindowProc@?$CWindowImplBaseT@VCWindow@ATL@@V?$CWinTraits@$0FGAAAAAA@$0A@@2@@ATL@@UAEP6GJPAUHWND__@@IIJ@ZXZ 10001715 f i MICR.obj
 0001:0000071b       ?StartWindowProc@?$CWindowImplBaseT@VCWindow@ATL@@V?$CWinTraits@$0FGAAAAAA@$0A@@2@@ATL@@SGJPAUHWND__@@IIJ@Z 1000171b f i MICR.obj
 0001:0000076f       ?ObjectMain@CComObjectRootBase@ATL@@SGX_N@Z 1000176f f i MICR.obj
 0001:0000076f       ?OnFinalMessage@?$CWindowImplBaseT@VCWindow@ATL@@V?$CWinTraits@$0FGAAAAAA@$0A@@2@@ATL@@UAEXPAUHWND__@@@Z 1000176f f i MICR.obj
 0001:00000772       ?GetTypeInfoCount@?$IDispatchImpl@UIOPOSMICR@@$1?IID_IOPOSMICR@@3U_GUID@@B$1?LIBID_OposMICR_CCO@@3U3@B$00$0A@VCComTypeInfoHolder@ATL@@@ATL@@UAGJPAI@Z 10001772 f i MICR.obj
 0001:0000078f       ?GetTypeInfo@?$IDispatchImpl@UIOPOSMICR@@$1?IID_IOPOSMICR@@3U_GUID@@B$1?LIBID_OposMICR_CCO@@3U3@B$00$0A@VCComTypeInfoHolder@ATL@@@ATL@@UAGJIKPAPAUITypeInfo@@@Z 1000178f f i MICR.obj
 0001:000007b3       ?GetIDsOfNames@?$IDispatchImpl@UIOPOSMICR@@$1?IID_IOPOSMICR@@3U_GUID@@B$1?LIBID_OposMICR_CCO@@3U3@B$00$0A@VCComTypeInfoHolder@ATL@@@ATL@@UAGJABU_GUID@@PAPA_WIKPAJ@Z 100017b3 f i MICR.obj
 0001:000007d3       ?Invoke@?$IDispatchImpl@UIOPOSMICR@@$1?IID_IOPOSMICR@@3U_GUID@@B$1?LIBID_OposMICR_CCO@@3U3@B$00$0A@VCComTypeInfoHolder@ATL@@@ATL@@UAGJJABU_GUID@@KGPAUtagDISPPARAMS@@PAUtagVARIANT@@PAUtagEXCEPINFO@@PAI@Z 100017d3 f i MICR.obj
 0001:000007e1       ?CreateControlWindow@?$CComControl@VCOPOSMICR@@V?$CWindowImpl@VCOPOSMICR@@VCWindow@ATL@@V?$CWinTraits@$0FGAAAAAA@$0A@@3@@ATL@@@ATL@@UAEPAUHWND__@@PAU3@AAUtagRECT@@@Z 100017e1 f i MICR.obj
 0001:00000810       ?ControlQueryInterface@?$CComControl@VCOPOSMICR@@V?$CWindowImpl@VCOPOSMICR@@VCWindow@ATL@@V?$CWinTraits@$0FGAAAAAA@$0A@@3@@ATL@@@ATL@@UAEJABU_GUID@@PAPAX@Z 10001810 f i MICR.obj
 0001:0000082b       ?GetClassID@?$IPersistStreamInitImpl@VCOPOSMICR@@@ATL@@UAGJPAU_GUID@@@Z 1000182b f i MICR.obj
 0001:0000082b       ?GetClassID@?$IPersistStorageImpl@VCOPOSMICR@@@ATL@@UAGJPAU_GUID@@@Z 1000182b f i MICR.obj
 0001:0000082b       ?GetUserClassID@?$IOleObjectImpl@VCOPOSMICR@@@ATL@@UAGJPAU_GUID@@@Z 1000182b f i MICR.obj
 0001:0000084f       ?IsDirty@?$IPersistStreamInitImpl@VCOPOSMICR@@@ATL@@UAGJXZ 1000184f f i MICR.obj
 0001:0000086e       ?Load@?$IPersistStreamInitImpl@VCOPOSMICR@@@ATL@@UAGJPAUIStream@@@Z 1000186e f i MICR.obj
 0001:0000088d       ?Save@?$IPersistStreamInitImpl@VCOPOSMICR@@@ATL@@UAGJPAUIStream@@H@Z 1000188d f i MICR.obj
 0001:000008af       ?GetSizeMax@?$IPersistStreamInitImpl@VCOPOSMICR@@@ATL@@UAGJPAT_ULARGE_INTEGER@@@Z 100018af f i MICR.obj
 0001:00000a8e       ?InitNew@?$IPersistStreamInitImpl@VCOPOSMICR@@@ATL@@UAGJXZ 10001a8e f i MICR.obj
 0001:00000aab       ?SetColorScheme@?$IOleObjectImpl@VCOPOSMICR@@@ATL@@UAGJPAUtagLOGPALETTE@@@Z 10001aab f i MICR.obj
 0001:00000aab       ?ContextSensitiveHelp@?$IOleInPlaceObjectWindowlessImpl@VCOPOSMICR@@@ATL@@UAGJH@Z 10001aab f i MICR.obj
 0001:00000aab       ?ContextSensitiveHelp@?$IOleInPlaceActiveObjectImpl@VCOPOSMICR@@@ATL@@UAGJH@Z 10001aab f i MICR.obj
 0001:00000aab       ?GetDropTarget@?$IOleInPlaceObjectWindowlessImpl@VCOPOSMICR@@@ATL@@UAGJPAPAUIDropTarget@@@Z 10001aab f i MICR.obj
 0001:00000aab       ?QueryGetData@?$IDataObjectImpl@VCOPOSMICR@@@ATL@@UAGJPAUtagFORMATETC@@@Z 10001aab f i MICR.obj
 0001:00000aab       ?GetControlInfo@?$IOleControlImpl@VCOPOSMICR@@@ATL@@UAGJPAUtagCONTROLINFO@@@Z 10001aab f i MICR.obj
 0001:00000aab       ?OnMnemonic@?$IOleControlImpl@VCOPOSMICR@@@ATL@@UAGJPAUtagMSG@@@Z 10001aab f i MICR.obj
 0001:00000aab       ?SOOutputCompleteDummy@COPOSMICR@@MAGJJ@Z 10001aab f i MICR.obj
 0001:00000aab       ?Unfreeze@?$IViewObjectExImpl@VCOPOSMICR@@@ATL@@UAGJK@Z 10001aab f i MICR.obj
 0001:00000ab3       ?OnFrameWindowActivate@?$IOleInPlaceActiveObjectImpl@VCOPOSMICR@@@ATL@@UAGJH@Z 10001ab3 f i MICR.obj
 0001:00000ab3       ?EnableModeless@?$IOleInPlaceActiveObjectImpl@VCOPOSMICR@@@ATL@@UAGJH@Z 10001ab3 f i MICR.obj
 0001:00000ab3       ?OnAmbientPropertyChange@?$IOleControlImpl@VCOPOSMICR@@@ATL@@UAGJJ@Z 10001ab3 f i MICR.obj
 0001:00000ab3       ?SaveCompleted@?$IPersistStorageImpl@VCOPOSMICR@@@ATL@@UAGJPAUIStorage@@@Z 10001ab3 f i MICR.obj
 0001:00000ab8       ?SetClientSite@?$IOleObjectImpl@VCOPOSMICR@@@ATL@@UAGJPAUIOleClientSite@@@Z 10001ab8 f i MICR.obj
 0001:00000ad5       ?GetClientSite@?$IOleObjectImpl@VCOPOSMICR@@@ATL@@UAGJPAPAUIOleClientSite@@@Z 10001ad5 f i MICR.obj
 0001:00000af2       ?SetHostNames@?$IOleObjectImpl@VCOPOSMICR@@@ATL@@UAGJPB_W0@Z 10001af2 f i MICR.obj
 0001:00000af7       ?Close@?$IOleObjectImpl@VCOPOSMICR@@@ATL@@UAGJK@Z 10001af7 f i MICR.obj
 0001:00000b14       ?SetMoniker@?$IOleObjectImpl@VCOPOSMICR@@@ATL@@UAGJKPAUIMoniker@@@Z 10001b14 f i MICR.obj
 0001:00000b14       ?GetRect@?$IViewObjectExImpl@VCOPOSMICR@@@ATL@@UAGJKPAU_RECTL@@@Z 10001b14 f i MICR.obj
 0001:00000b14       ?GetClipboardData@?$IOleObjectImpl@VCOPOSMICR@@@ATL@@UAGJKPAPAUIDataObject@@@Z 10001b14 f i MICR.obj
 0001:00000b14       ?GetCanonicalFormatEtc@?$IDataObjectImpl@VCOPOSMICR@@@ATL@@UAGJPAUtagFORMATETC@@0@Z 10001b14 f i MICR.obj
 0001:00000b14       ?GetDataHere@?$IDataObjectImpl@VCOPOSMICR@@@ATL@@UAGJPAUtagFORMATETC@@PAUtagSTGMEDIUM@@@Z 10001b14 f i MICR.obj
 0001:00000b14       ?EnumFormatEtc@?$IDataObjectImpl@VCOPOSMICR@@@ATL@@UAGJKPAPAUIEnumFORMATETC@@@Z 10001b14 f i MICR.obj
 0001:00000b14       ?QueryInterface@CRegObject@ATL@@UAGJABU_GUID@@PAPAX@Z 10001b14 f i MICR.obj
 0001:00000b1c       ?SetData@?$IDataObjectImpl@VCOPOSMICR@@@ATL@@UAGJPAUtagFORMATETC@@PAUtagSTGMEDIUM@@H@Z 10001b1c f i MICR.obj
 0001:00000b1c       ?InitFromData@?$IOleObjectImpl@VCOPOSMICR@@@ATL@@UAGJPAUIDataObject@@HK@Z 10001b1c f i MICR.obj
 0001:00000b1c       ?GetMoniker@?$IOleObjectImpl@VCOPOSMICR@@@ATL@@UAGJKKPAPAUIMoniker@@@Z 10001b1c f i MICR.obj
 0001:00000b24       ?DoVerb@?$IOleObjectImpl@VCOPOSMICR@@@ATL@@UAGJJPAUtagMSG@@PAUIOleClientSite@@JPAUHWND__@@PBUtagRECT@@@Z 10001b24 f i MICR.obj
 0001:00000c18       ?EnumVerbs@?$IOleObjectImpl@VCOPOSMICR@@@ATL@@UAGJPAPAUIEnumOLEVERB@@@Z 10001c18 f i MICR.obj
 0001:00000c3a       ?Update@?$IOleObjectImpl@VCOPOSMICR@@@ATL@@UAGJXZ 10001c3a f i MICR.obj
 0001:00000c3a       ?IsUpToDate@?$IOleObjectImpl@VCOPOSMICR@@@ATL@@UAGJXZ 10001c3a f i MICR.obj
 0001:00000c3a       ?HandsOffStorage@?$IPersistStorageImpl@VCOPOSMICR@@@ATL@@UAGJXZ 10001c3a f i MICR.obj
 0001:00000c3a       ?Release@CRegObject@ATL@@UAGKXZ 10001c3a f i MICR.obj
 0001:00000c3f       ?GetUserType@?$IOleObjectImpl@VCOPOSMICR@@@ATL@@UAGJKPAPA_W@Z 10001c3f f i MICR.obj
 0001:00000c57       ?SetExtent@?$IOleObjectImpl@VCOPOSMICR@@@ATL@@UAGJKPAUtagSIZE@@@Z 10001c57 f i MICR.obj
 0001:00000c77       ?GetExtent@?$IOleObjectImpl@VCOPOSMICR@@@ATL@@UAGJKPAUtagSIZE@@@Z 10001c77 f i MICR.obj
 0001:00000cb5       ?Advise@?$IOleObjectImpl@VCOPOSMICR@@@ATL@@UAGJPAUIAdviseSink@@PAK@Z 10001cb5 f i MICR.obj
 0001:00000cd5       ?Unadvise@?$IOleObjectImpl@VCOPOSMICR@@@ATL@@UAGJK@Z 10001cd5 f i MICR.obj
 0001:00000d04       ?EnumAdvise@?$IOleObjectImpl@VCOPOSMICR@@@ATL@@UAGJPAPAUIEnumSTATDATA@@@Z 10001d04 f i MICR.obj
 0001:00000d44       ?GetMiscStatus@?$IOleObjectImpl@VCOPOSMICR@@@ATL@@UAGJKPAK@Z 10001d44 f i MICR.obj
 0001:00000d5c       ?GetWindow@?$IOleInPlaceActiveObjectImpl@VCOPOSMICR@@@ATL@@UAGJPAPAUHWND__@@@Z 10001d5c f i MICR.obj
 0001:00000da9       ?TranslateAcceleratorW@?$IOleInPlaceActiveObjectImpl@VCOPOSMICR@@@ATL@@UAGJPAUtagMSG@@@Z 10001da9 f i MICR.obj
 0001:00000e57       ?OnDocWindowActivate@?$IOleInPlaceActiveObjectImpl@VCOPOSMICR@@@ATL@@UAGJH@Z 10001e57 f i MICR.obj
 0001:00000e79       ?ResizeBorder@?$IOleInPlaceActiveObjectImpl@VCOPOSMICR@@@ATL@@UAGJPBUtagRECT@@PAUIOleInPlaceUIWindow@@H@Z 10001e79 f i MICR.obj
 0001:00000e7e       ?Draw@?$IViewObjectExImpl@VCOPOSMICR@@@ATL@@UAGJKJPAXPAUtagDVTARGETDEVICE@@PAUHDC__@@2PBU_RECTL@@3P6GHK@ZK@Z 10001e7e f i MICR.obj
 0001:00000eb0       ?GetColorSet@?$IViewObjectExImpl@VCOPOSMICR@@@ATL@@UAGJKJPAXPAUtagDVTARGETDEVICE@@PAUHDC__@@PAPAUtagLOGPALETTE@@@Z 10001eb0 f i MICR.obj
 0001:00000eb8       ?Freeze@?$IViewObjectExImpl@VCOPOSMICR@@@ATL@@UAGJKJPAXPAK@Z 10001eb8 f i MICR.obj
 0001:00000ec0       ?SetAdvise@?$IViewObjectExImpl@VCOPOSMICR@@@ATL@@UAGJKKPAUIAdviseSink@@@Z 10001ec0 f i MICR.obj
 0001:00000edf       ?GetAdvise@?$IViewObjectExImpl@VCOPOSMICR@@@ATL@@UAGJPAK0PAPAUIAdviseSink@@@Z 10001edf f i MICR.obj
 0001:00000f14       ?GetExtent@?$IViewObjectExImpl@VCOPOSMICR@@@ATL@@UAGJKJPAUtagDVTARGETDEVICE@@PAUtagSIZE@@@Z 10001f14 f i MICR.obj
 0001:00000f45       ?GetViewStatus@?$IViewObjectExImpl@VCOPOSMICR@@@ATL@@UAGJPAK@Z 10001f45 f i MICR.obj
 0001:00000f62       ?QueryHitPoint@?$IViewObjectExImpl@VCOPOSMICR@@@ATL@@UAGJKPBUtagRECT@@UtagPOINT@@JPAK@Z 10001f62 f i MICR.obj
 0001:00000fa3       ?QueryHitRect@?$IViewObjectExImpl@VCOPOSMICR@@@ATL@@UAGJKPBUtagRECT@@0JPAK@Z 10001fa3 f i MICR.obj
 0001:00000ffe       ?GetNaturalExtent@?$IViewObjectExImpl@VCOPOSMICR@@@ATL@@UAGJKJPAUtagDVTARGETDEVICE@@PAUHDC__@@PAUtagExtentInfo@@PAUtagSIZE@@@Z 10001ffe f i MICR.obj
 0001:00001049       ?GetWindow@?$IOleInPlaceObjectWindowlessImpl@VCOPOSMICR@@@ATL@@UAGJPAPAUHWND__@@@Z 10002049 f i MICR.obj
 0001:00001096       ?InPlaceDeactivate@?$IOleInPlaceObjectWindowlessImpl@VCOPOSMICR@@@ATL@@UAGJXZ 10002096 f i MICR.obj
 0001:000010b0       ?UIDeactivate@?$IOleInPlaceObjectWindowlessImpl@VCOPOSMICR@@@ATL@@UAGJXZ 100020b0 f i MICR.obj
 0001:000010ca       ?SetObjectRects@?$IOleInPlaceObjectWindowlessImpl@VCOPOSMICR@@@ATL@@UAGJPBUtagRECT@@0@Z 100020ca f i MICR.obj
 0001:000010ea       ?ReactivateAndUndo@?$IOleInPlaceObjectWindowlessImpl@VCOPOSMICR@@@ATL@@UAGJXZ 100020ea f i MICR.obj
 0001:000010f2       ?OnWindowMessage@?$IOleInPlaceObjectWindowlessImpl@VCOPOSMICR@@@ATL@@UAGJIIJPAJ@Z 100020f2 f i MICR.obj
 0001:00001162       ?EnumConnectionPoints@?$IConnectionPointContainerImpl@VCOPOSMICR@@@ATL@@UAGJPAPAUIEnumConnectionPoints@@@Z 10002162 f i MICR.obj
 0001:000012dc       ?FindConnectionPoint@?$IConnectionPointContainerImpl@VCOPOSMICR@@@ATL@@UAGJABU_GUID@@PAPAUIConnectionPoint@@@Z 100022dc f i MICR.obj
 0001:0000137f       ?IsDirty@?$IPersistStorageImpl@VCOPOSMICR@@@ATL@@UAGJXZ 1000237f f i MICR.obj
 0001:000013b3       ?InitNew@?$IPersistStorageImpl@VCOPOSMICR@@@ATL@@UAGJPAUIStorage@@@Z 100023b3 f i MICR.obj
 0001:000013e7       ?Load@?$IPersistStorageImpl@VCOPOSMICR@@@ATL@@UAGJPAUIStorage@@@Z 100023e7 f i MICR.obj
 0001:00001453       ?Save@?$IPersistStorageImpl@VCOPOSMICR@@@ATL@@UAGJPAUIStorage@@H@Z 10002453 f i MICR.obj
 0001:000014c6       ?GetPages@?$ISpecifyPropertyPagesImpl@VCOPOSMICR@@@ATL@@UAGJPAUtagCAUUID@@@Z 100024c6 f i MICR.obj
 0001:000014dd       ?QuickActivate@?$IQuickActivateImpl@VCOPOSMICR@@@ATL@@UAGJPAUtagQACONTAINER@@PAUtagQACONTROL@@@Z 100024dd f i MICR.obj
 0001:00001500       ?SetContentExtent@?$IQuickActivateImpl@VCOPOSMICR@@@ATL@@UAGJPAUtagSIZE@@@Z 10002500 f i MICR.obj
 0001:0000152c       ?GetContentExtent@?$IQuickActivateImpl@VCOPOSMICR@@@ATL@@UAGJPAUtagSIZE@@@Z 1000252c f i MICR.obj
 0001:00001566       ?GetData@?$IDataObjectImpl@VCOPOSMICR@@@ATL@@UAGJPAUtagFORMATETC@@PAUtagSTGMEDIUM@@@Z 10002566 f i MICR.obj
 0001:00001589       ?DAdvise@?$IDataObjectImpl@VCOPOSMICR@@@ATL@@UAGJPAUtagFORMATETC@@KPAUIAdviseSink@@PAK@Z 10002589 f i MICR.obj
 0001:000015ca       ?DUnadvise@?$IDataObjectImpl@VCOPOSMICR@@@ATL@@UAGJK@Z 100025ca f i MICR.obj
 0001:000015f8       ?EnumDAdvise@?$IDataObjectImpl@VCOPOSMICR@@@ATL@@UAGJPAPAUIEnumSTATDATA@@@Z 100025f8 f i MICR.obj
 0001:00001637       ?GetClassInfoW@?$IProvideClassInfo2Impl@$1?CLSID_OPOSMICR@@3U_GUID@@B$1?DIID__IOPOSMICREvents@@3U2@B$1?LIBID_OposMICR_CCO@@3U2@B$00$0A@VCComTypeInfoHolder@ATL@@@ATL@@UAGJPAPAUITypeInfo@@@Z 10002637 f i MICR.obj
 0001:0000164d       ?GetGUID@?$IProvideClassInfo2Impl@$1?CLSID_OPOSMICR@@3U_GUID@@B$1?DIID__IOPOSMICREvents@@3U2@B$1?LIBID_OposMICR_CCO@@3U2@B$00$0A@VCComTypeInfoHolder@ATL@@@ATL@@UAGJKPAU_GUID@@@Z 1000264d f i MICR.obj
 0001:0000168b       __get_startup_argv_mode    1000268b f i LIBCMT:argv_mode.obj
 0001:0000168b       ?FAccessAllowed@?$IObjectSafetyImpl@VCOPOSMICR@@$02@ATL@@MAEHXZ 1000268b f i MICR.obj
 0001:0000168f       ?GetInterfaceSafetyOptions@?$IObjectSafetyImpl@VCOPOSMICR@@$02@ATL@@UAGJABU_GUID@@PAK1@Z 1000268f f i MICR.obj
 0001:00001703       ?SetInterfaceSafetyOptions@?$IObjectSafetyImpl@VCOPOSMICR@@$02@ATL@@UAGJABU_GUID@@KK@Z 10002703 f i MICR.obj
 0001:0000177d       ?_LocCPQueryInterface@?$IConnectionPointImpl@VCOPOSMICR@@$1?DIID__IOPOSMICREvents@@3U_GUID@@BVCComDynamicUnkArray@ATL@@@ATL@@UAGJABU_GUID@@PAPAX@Z 1000277d f i MICR.obj
 0001:0000177d       ?_LocCPQueryInterface@?$IConnectionPointImpl@VCOPOSMICR@@$1?IID_IPropertyNotifySink@@3U_GUID@@BVCComDynamicUnkArray@ATL@@@ATL@@UAGJABU_GUID@@PAPAX@Z 1000277d f i MICR.obj
 0001:000017ca       ?GetConnectionInterface@?$IConnectionPointImpl@VCOPOSMICR@@$1?IID_IPropertyNotifySink@@3U_GUID@@BVCComDynamicUnkArray@ATL@@@ATL@@UAGJPAU_GUID@@@Z 100027ca f i MICR.obj
 0001:000017ee       ?GetConnectionPointContainer@?$IConnectionPointImpl@VCOPOSMICR@@$1?IID_IPropertyNotifySink@@3U_GUID@@BVCComDynamicUnkArray@ATL@@@ATL@@UAGJPAPAUIConnectionPointContainer@@@Z 100027ee f i MICR.obj
 0001:00001811       ?Advise@?$IConnectionPointImpl@VCOPOSMICR@@$1?IID_IPropertyNotifySink@@3U_GUID@@BVCComDynamicUnkArray@ATL@@@ATL@@UAGJPAUIUnknown@@PAK@Z 10002811 f i MICR.obj
 0001:00001811       ?Advise@?$IConnectionPointImpl@VCOPOSMICR@@$1?DIID__IOPOSMICREvents@@3U_GUID@@BVCComDynamicUnkArray@ATL@@@ATL@@UAGJPAUIUnknown@@PAK@Z 10002811 f i MICR.obj
 0001:000018b2       ?Unadvise@?$IConnectionPointImpl@VCOPOSMICR@@$1?IID_IPropertyNotifySink@@3U_GUID@@BVCComDynamicUnkArray@ATL@@@ATL@@UAGJK@Z 100028b2 f i MICR.obj
 0001:000018b2       ?Unadvise@?$IConnectionPointImpl@VCOPOSMICR@@$1?DIID__IOPOSMICREvents@@3U_GUID@@BVCComDynamicUnkArray@ATL@@@ATL@@UAGJK@Z 100028b2 f i MICR.obj
 0001:000018f2       ?EnumConnections@?$IConnectionPointImpl@VCOPOSMICR@@$1?DIID__IOPOSMICREvents@@3U_GUID@@BVCComDynamicUnkArray@ATL@@@ATL@@UAGJPAPAUIEnumConnections@@@Z 100028f2 f i MICR.obj
 0001:000018f2       ?EnumConnections@?$IConnectionPointImpl@VCOPOSMICR@@$1?IID_IPropertyNotifySink@@3U_GUID@@BVCComDynamicUnkArray@ATL@@@ATL@@UAGJPAPAUIEnumConnections@@@Z 100028f2 f i MICR.obj
 0001:000019f8       ?GetObjectDescription@?$CComCoClass@VCOPOSMICR@@$1?CLSID_OPOSMICR@@3U_GUID@@B@ATL@@SGPB_WXZ 100029f8 f i MICR.obj
 0001:000019f8       ?GetCategoryMap@CComObjectRootBase@ATL@@SAPBU_ATL_CATMAP_ENTRY@2@XZ 100029f8 f i MICR.obj
 0001:000019fb       ?GetConnectionInterface@?$IConnectionPointImpl@VCOPOSMICR@@$1?DIID__IOPOSMICREvents@@3U_GUID@@BVCComDynamicUnkArray@ATL@@@ATL@@UAGJPAU_GUID@@@Z 100029fb f i MICR.obj
 0001:00001a1f       ?GetConnectionPointContainer@?$IConnectionPointImpl@VCOPOSMICR@@$1?DIID__IOPOSMICREvents@@3U_GUID@@BVCComDynamicUnkArray@ATL@@@ATL@@UAGJPAPAUIConnectionPointContainer@@@Z 10002a1f f i MICR.obj
 0001:00001a42       ?UpdateRegistry@COPOSMICR@@SGJH@Z 10002a42 f i MICR.obj
 0001:00001a5a       ?ProcessWindowMessage@COPOSMICR@@UAEHPAUHWND__@@IIJAAJK@Z 10002a5a f i MICR.obj
 0001:00001aa3       ?SOData@COPOSMICR@@MAGJJ@Z 10002aa3 f i MICR.obj
 0001:00001adc       ?SODirectIO@COPOSMICR@@MAGJJPAJPAPA_W@Z 10002adc f i MICR.obj
 0001:00001b25       ?SOError@COPOSMICR@@MAGJJJJPAJ@Z 10002b25 f i MICR.obj
 0001:00001b7a       ?SOStatusUpdate@COPOSMICR@@MAGJJ@Z 10002b7a f i MICR.obj
 0001:00001bb3       ?Lock@CAtlModule@ATL@@UAEJXZ 10002bb3 f i MICR.obj
 0001:00001bbd       ?Unlock@CAtlModule@ATL@@UAEJXZ 10002bbd f i MICR.obj
 0001:00001bc7       ?GetLockCount@CAtlModule@ATL@@UAEJXZ 10002bc7 f i MICR.obj
 0001:00001bcb       ?GetGITPtr@CAtlModule@ATL@@UAEJPAPAUIGlobalInterfaceTable@@@Z 10002bcb f i MICR.obj
 0001:00001c17       ?AddCommonRGSReplacements@?$CAtlModuleT@VCComModule@ATL@@@ATL@@UAEJPAUIRegistrarBase@@@Z 10002c17 f i MICR.obj
 0001:00001c31       ?UpdateRegistryFromResourceD@CComModule@ATL@@UAGJPB_WHPAU_ATL_REGMAP_ENTRY@2@@Z 10002c31 f i MICR.obj
 0001:00001c31       ?UpdateRegistryFromResourceD@CComModule@ATL@@UAGJIHPAU_ATL_REGMAP_ENTRY@2@@Z 10002c31 f i MICR.obj
 0001:00001c39       ?UpdateRegistryFromResource@CComModule@ATL@@UAGJPB_WHPAU_ATL_REGMAP_ENTRY@2@@Z 10002c39 f i MICR.obj
 0001:00001c42       ?UpdateRegistryFromResource@CComModule@ATL@@UAGJIHPAU_ATL_REGMAP_ENTRY@2@@Z 10002c42 f i MICR.obj
 0001:00001c4b       ?CreateInstance@?$CComCreator@V?$CComObjectCached@VCComClassFactory@ATL@@@ATL@@@ATL@@SGJPAXABU_GUID@@PAPAX@Z 10002c4b f i MICR.obj
 0001:00001cf7       ??_GCComModule@ATL@@UAEPAXI@Z 10002cf7 f i MICR.obj
 0001:00001cf7       ??_ECComModule@ATL@@UAEPAXI@Z 10002cf7 f i MICR.obj
 0001:00001d1f       ?CreateInstance@?$CComCreator2@V?$CComCreator@V?$CComObject@VCOPOSMICR@@@ATL@@@ATL@@V?$CComCreator@V?$CComAggObject@VCOPOSMICR@@@ATL@@@2@@ATL@@SGJPAXABU_GUID@@PAPAX@Z 10002d1f f i MICR.obj
 0001:00001d3f       ?AddRef@?$CComObjectCached@VCComClassFactory@ATL@@@ATL@@UAGKXZ 10002d3f f i MICR.obj
 0001:00001d66       ?Release@?$CComObjectCached@VCComClassFactory@ATL@@@ATL@@UAGKXZ 10002d66 f i MICR.obj
 0001:00001d9c       ?QueryInterface@?$CComObjectCached@VCComClassFactory@ATL@@@ATL@@UAGJABU_GUID@@PAPAX@Z 10002d9c f i MICR.obj
 0001:00001db6       ??_G?$CComObjectCached@VCComClassFactory@ATL@@@ATL@@UAEPAXI@Z 10002db6 f i MICR.obj
 0001:00001db6       ??_E?$CComObjectCached@VCComClassFactory@ATL@@@ATL@@UAEPAXI@Z 10002db6 f i MICR.obj
 0001:00001dd8       ?Next@?$CComEnumImpl@UIEnumConnectionPoints@@$1?_GUID_b196b285_bab4_101a_b69c_00aa00341d07@@3U__s_GUID@@BPAUIConnectionPoint@@V?$_CopyInterface@UIConnectionPoint@@@ATL@@@ATL@@UAGJKPAPAUIConnectionPoint@@PAK@Z 10002dd8 f i MICR.obj
 0001:00001eaf       ?Skip@?$CComEnumImpl@UIEnumConnectionPoints@@$1?_GUID_b196b285_bab4_101a_b69c_00aa00341d07@@3U__s_GUID@@BPAUIConnectionPoint@@V?$_CopyInterface@UIConnectionPoint@@@ATL@@@ATL@@UAGJK@Z 10002eaf f i MICR.obj
 0001:00001edc       ?Reset@?$CComEnumImpl@UIEnumConnectionPoints@@$1?_GUID_b196b285_bab4_101a_b69c_00aa00341d07@@3U__s_GUID@@BPAUIConnectionPoint@@V?$_CopyInterface@UIConnectionPoint@@@ATL@@@ATL@@UAGJXZ 10002edc f i MICR.obj
 0001:00001edc       ?Reset@?$CComEnumImpl@UIEnumConnections@@$1?_GUID_b196b287_bab4_101a_b69c_00aa00341d07@@3U__s_GUID@@BUtagCONNECTDATA@@V?$_Copy@UtagCONNECTDATA@@@ATL@@@ATL@@UAGJXZ 10002edc f i MICR.obj
 0001:00001eee       ?Clone@?$CComEnumImpl@UIEnumConnectionPoints@@$1?_GUID_b196b285_bab4_101a_b69c_00aa00341d07@@3U__s_GUID@@BPAUIConnectionPoint@@V?$_CopyInterface@UIConnectionPoint@@@ATL@@@ATL@@UAGJPAPAUIEnumConnectionPoints@@@Z 10002eee f i MICR.obj
 0001:00001fcf       ?AddRef@?$CComObject@V?$CComEnum@UIEnumConnectionPoints@@$1?_GUID_b196b285_bab4_101a_b69c_00aa00341d07@@3U__s_GUID@@BPAUIConnectionPoint@@V?$_CopyInterface@UIConnectionPoint@@@ATL@@VCComSingleThreadModel@6@@ATL@@@ATL@@UAGKXZ 10002fcf f i MICR.obj
 0001:00001fcf       ?AddRef@?$CComObject@V?$CComEnum@UIEnumConnections@@$1?_GUID_b196b287_bab4_101a_b69c_00aa00341d07@@3U__s_GUID@@BUtagCONNECTDATA@@V?$_Copy@UtagCONNECTDATA@@@ATL@@VCComSingleThreadModel@6@@ATL@@@ATL@@UAGKXZ 10002fcf f i MICR.obj
 0001:00001fe0       ?Release@?$CComObject@V?$CComEnum@UIEnumConnectionPoints@@$1?_GUID_b196b285_bab4_101a_b69c_00aa00341d07@@3U__s_GUID@@BPAUIConnectionPoint@@V?$_CopyInterface@UIConnectionPoint@@@ATL@@VCComSingleThreadModel@6@@ATL@@@ATL@@UAGKXZ 10002fe0 f i MICR.obj
 0001:00001fe0       ?Release@?$CComObject@V?$CComEnum@UIEnumConnections@@$1?_GUID_b196b287_bab4_101a_b69c_00aa00341d07@@3U__s_GUID@@BUtagCONNECTDATA@@V?$_Copy@UtagCONNECTDATA@@@ATL@@VCComSingleThreadModel@6@@ATL@@@ATL@@UAGKXZ 10002fe0 f i MICR.obj
 0001:0000201c       ?QueryInterface@?$CComObject@V?$CComEnum@UIEnumConnectionPoints@@$1?_GUID_b196b285_bab4_101a_b69c_00aa00341d07@@3U__s_GUID@@BPAUIConnectionPoint@@V?$_CopyInterface@UIConnectionPoint@@@ATL@@VCComSingleThreadModel@6@@ATL@@@ATL@@UAGJABU_GUID@@PAPAX@Z 1000301c f i MICR.obj
 0001:00002036       ??_G?$CComObject@V?$CComEnum@UIEnumConnectionPoints@@$1?_GUID_b196b285_bab4_101a_b69c_00aa00341d07@@3U__s_GUID@@BPAUIConnectionPoint@@V?$_CopyInterface@UIConnectionPoint@@@ATL@@VCComSingleThreadModel@6@@ATL@@@ATL@@UAEPAXI@Z 10003036 f i MICR.obj
 0001:00002036       ??_E?$CComObject@V?$CComEnum@UIEnumConnectionPoints@@$1?_GUID_b196b285_bab4_101a_b69c_00aa00341d07@@3U__s_GUID@@BPAUIConnectionPoint@@V?$_CopyInterface@UIConnectionPoint@@@ATL@@VCComSingleThreadModel@6@@ATL@@@ATL@@UAEPAXI@Z 10003036 f i MICR.obj
 0001:00002058       ?AddRef@CRegObject@ATL@@UAGKXZ 10003058 f i MICR.obj
 0001:0000205e       ?AddReplacement@CRegObject@ATL@@UAGJPB_W0@Z 1000305e f i MICR.obj
 0001:00002097       ?ClearReplacements@CRegObject@ATL@@UAGJXZ 10003097 f i MICR.obj
 0001:000020a9       ??_GCRegObject@ATL@@UAEPAXI@Z 100030a9 f i MICR.obj
 0001:000020a9       ??_ECRegObject@ATL@@UAEPAXI@Z 100030a9 f i MICR.obj
 0001:000020cb       ?AddRef@?$CComAggObject@VCOPOSMICR@@@ATL@@UAGKXZ 100030cb f i MICR.obj
 0001:000020dc       ?Release@?$CComAggObject@VCOPOSMICR@@@ATL@@UAGKXZ 100030dc f i MICR.obj
 0001:00002118       ?QueryInterface@?$CComAggObject@VCOPOSMICR@@@ATL@@UAGJABU_GUID@@PAPAX@Z 10003118 f i MICR.obj
 0001:00002167       ?AddRef@?$CComContainedObject@VCOPOSMICR@@@ATL@@UAGKXZ 10003167 f i MICR.obj
 0001:0000217d       ?Release@?$CComContainedObject@VCOPOSMICR@@@ATL@@UAGKXZ 1000317d f i MICR.obj
 0001:00002193       ?QueryInterface@?$CComContainedObject@VCOPOSMICR@@@ATL@@UAGJABU_GUID@@PAPAX@Z 10003193 f i MICR.obj
 0001:000021ae       ??_G?$CComAggObject@VCOPOSMICR@@@ATL@@UAEPAXI@Z 100031ae f i MICR.obj
 0001:000021ae       ??_E?$CComAggObject@VCOPOSMICR@@@ATL@@UAEPAXI@Z 100031ae f i MICR.obj
 0001:000021d3       ?AddRef@?$CComObject@VCOPOSMICR@@@ATL@@UAGKXZ 100031d3 f i MICR.obj
 0001:000021ea       ?Release@?$CComObject@VCOPOSMICR@@@ATL@@UAGKXZ 100031ea f i MICR.obj
 0001:0000222c       ?QueryInterface@?$CComObject@VCOPOSMICR@@@ATL@@UAGJABU_GUID@@PAPAX@Z 1000322c f i MICR.obj
 0001:00002246       ?OnDrawAdvanced@CComControlBase@ATL@@UAEJAAUATL_DRAWINFO@@@Z 10003246 f i MICR.obj
 0001:00002339       ?Next@?$CComEnumImpl@UIEnumConnections@@$1?_GUID_b196b287_bab4_101a_b69c_00aa00341d07@@3U__s_GUID@@BUtagCONNECTDATA@@V?$_Copy@UtagCONNECTDATA@@@ATL@@@ATL@@UAGJKPAUtagCONNECTDATA@@PAK@Z 10003339 f i MICR.obj
 0001:00002410       ?Skip@?$CComEnumImpl@UIEnumConnections@@$1?_GUID_b196b287_bab4_101a_b69c_00aa00341d07@@3U__s_GUID@@BUtagCONNECTDATA@@V?$_Copy@UtagCONNECTDATA@@@ATL@@@ATL@@UAGJK@Z 10003410 f i MICR.obj
 0001:0000243d       ?Clone@?$CComEnumImpl@UIEnumConnections@@$1?_GUID_b196b287_bab4_101a_b69c_00aa00341d07@@3U__s_GUID@@BUtagCONNECTDATA@@V?$_Copy@UtagCONNECTDATA@@@ATL@@@ATL@@UAGJPAPAUIEnumConnections@@@Z 1000343d f i MICR.obj
 0001:0000251e       ?QueryInterface@?$CComObject@V?$CComEnum@UIEnumConnections@@$1?_GUID_b196b287_bab4_101a_b69c_00aa00341d07@@3U__s_GUID@@BUtagCONNECTDATA@@V?$_Copy@UtagCONNECTDATA@@@ATL@@VCComSingleThreadModel@6@@ATL@@@ATL@@UAGJABU_GUID@@PAPAX@Z 1000351e f i MICR.obj
 0001:00002538       ??_E?$CComObject@V?$CComEnum@UIEnumConnections@@$1?_GUID_b196b287_bab4_101a_b69c_00aa00341d07@@3U__s_GUID@@BUtagCONNECTDATA@@V?$_Copy@UtagCONNECTDATA@@@ATL@@VCComSingleThreadModel@6@@ATL@@@ATL@@UAEPAXI@Z 10003538 f i MICR.obj
 0001:00002538       ??_G?$CComObject@V?$CComEnum@UIEnumConnections@@$1?_GUID_b196b287_bab4_101a_b69c_00aa00341d07@@3U__s_GUID@@BUtagCONNECTDATA@@V?$_Copy@UtagCONNECTDATA@@@ATL@@VCComSingleThreadModel@6@@ATL@@@ATL@@UAEPAXI@Z 10003538 f i MICR.obj
 0001:0000255a       ??_E?$CComObject@VCOPOSMICR@@@ATL@@W3AEPAXI@Z 1000355a f i MICR.obj
 0001:00002562       ??_E?$CComObject@VCOPOSMICR@@@ATL@@WEM@AEPAXI@Z 10003562 f i MICR.obj
 0001:0000256a       ?QueryInterface@?$CComObject@VCOPOSMICR@@@ATL@@WHA@AGJABU_GUID@@PAPAX@Z 1000356a f i MICR.obj
 0001:00002574       ?AddRef@?$CComObject@VCOPOSMICR@@@ATL@@WHA@AGKXZ 10003574 f i MICR.obj
 0001:0000257e       ?Release@?$CComObject@VCOPOSMICR@@@ATL@@WHA@AGKXZ 1000357e f i MICR.obj
 0001:00002588       ?QueryInterface@?$CComObject@VCOPOSMICR@@@ATL@@WHE@AGJABU_GUID@@PAPAX@Z 10003588 f i MICR.obj
 0001:00002592       ?AddRef@?$CComObject@VCOPOSMICR@@@ATL@@WHE@AGKXZ 10003592 f i MICR.obj
 0001:0000259c       ?Release@?$CComObject@VCOPOSMICR@@@ATL@@WHE@AGKXZ 1000359c f i MICR.obj
 0001:000025a6       ?QueryInterface@?$CComObject@VCOPOSMICR@@@ATL@@WHI@AGJABU_GUID@@PAPAX@Z 100035a6 f i MICR.obj
 0001:000025b0       ?AddRef@?$CComObject@VCOPOSMICR@@@ATL@@WHI@AGKXZ 100035b0 f i MICR.obj
 0001:000025ba       ?Release@?$CComObject@VCOPOSMICR@@@ATL@@WHI@AGKXZ 100035ba f i MICR.obj
 0001:000025c4       ?QueryInterface@?$CComObject@VCOPOSMICR@@@ATL@@WHM@AGJABU_GUID@@PAPAX@Z 100035c4 f i MICR.obj
 0001:000025ce       ?AddRef@?$CComObject@VCOPOSMICR@@@ATL@@WHM@AGKXZ 100035ce f i MICR.obj
 0001:000025d8       ?Release@?$CComObject@VCOPOSMICR@@@ATL@@WHM@AGKXZ 100035d8 f i MICR.obj
 0001:000025e2       ?QueryInterface@?$CComObject@VCOPOSMICR@@@ATL@@WIA@AGJABU_GUID@@PAPAX@Z 100035e2 f i MICR.obj
 0001:000025ef       ?AddRef@?$CComObject@VCOPOSMICR@@@ATL@@WIA@AGKXZ 100035ef f i MICR.obj
 0001:000025fc       ?Release@?$CComObject@VCOPOSMICR@@@ATL@@WIA@AGKXZ 100035fc f i MICR.obj
 0001:00002609       ?QueryInterface@?$CComObject@VCOPOSMICR@@@ATL@@WIE@AGJABU_GUID@@PAPAX@Z 10003609 f i MICR.obj
 0001:00002616       ?AddRef@?$CComObject@VCOPOSMICR@@@ATL@@WIE@AGKXZ 10003616 f i MICR.obj
 0001:00002623       ?Release@?$CComObject@VCOPOSMICR@@@ATL@@WIE@AGKXZ 10003623 f i MICR.obj
 0001:00002630       ?QueryInterface@?$CComObject@VCOPOSMICR@@@ATL@@WII@AGJABU_GUID@@PAPAX@Z 10003630 f i MICR.obj
 0001:0000263d       ?AddRef@?$CComObject@VCOPOSMICR@@@ATL@@WII@AGKXZ 1000363d f i MICR.obj
 0001:0000264a       ?Release@?$CComObject@VCOPOSMICR@@@ATL@@WII@AGKXZ 1000364a f i MICR.obj
 0001:00002657       ?QueryInterface@?$CComObject@VCOPOSMICR@@@ATL@@WIM@AGJABU_GUID@@PAPAX@Z 10003657 f i MICR.obj
 0001:00002664       ?AddRef@?$CComObject@VCOPOSMICR@@@ATL@@WIM@AGKXZ 10003664 f i MICR.obj
 0001:00002671       ?Release@?$CComObject@VCOPOSMICR@@@ATL@@WIM@AGKXZ 10003671 f i MICR.obj
 0001:0000267e       ?QueryInterface@?$CComObject@VCOPOSMICR@@@ATL@@WJA@AGJABU_GUID@@PAPAX@Z 1000367e f i MICR.obj
 0001:0000268b       ?AddRef@?$CComObject@VCOPOSMICR@@@ATL@@WJA@AGKXZ 1000368b f i MICR.obj
 0001:00002698       ?Release@?$CComObject@VCOPOSMICR@@@ATL@@WJA@AGKXZ 10003698 f i MICR.obj
 0001:000026a5       ?QueryInterface@?$CComObject@VCOPOSMICR@@@ATL@@WJE@AGJABU_GUID@@PAPAX@Z 100036a5 f i MICR.obj
 0001:000026b2       ?AddRef@?$CComObject@VCOPOSMICR@@@ATL@@WJE@AGKXZ 100036b2 f i MICR.obj
 0001:000026bf       ?Release@?$CComObject@VCOPOSMICR@@@ATL@@WJE@AGKXZ 100036bf f i MICR.obj
 0001:000026cc       ?QueryInterface@?$CComObject@VCOPOSMICR@@@ATL@@WJI@AGJABU_GUID@@PAPAX@Z 100036cc f i MICR.obj
 0001:000026d9       ?AddRef@?$CComObject@VCOPOSMICR@@@ATL@@WJI@AGKXZ 100036d9 f i MICR.obj
 0001:000026e6       ?Release@?$CComObject@VCOPOSMICR@@@ATL@@WJI@AGKXZ 100036e6 f i MICR.obj
 0001:000026f3       ?QueryInterface@?$CComObject@VCOPOSMICR@@@ATL@@WJM@AGJABU_GUID@@PAPAX@Z 100036f3 f i MICR.obj
 0001:00002700       ?AddRef@?$CComObject@VCOPOSMICR@@@ATL@@WJM@AGKXZ 10003700 f i MICR.obj
 0001:0000270d       ?Release@?$CComObject@VCOPOSMICR@@@ATL@@WJM@AGKXZ 1000370d f i MICR.obj
 0001:0000271a       ?QueryInterface@?$CComObject@VCOPOSMICR@@@ATL@@WKA@AGJABU_GUID@@PAPAX@Z 1000371a f i MICR.obj
 0001:00002727       ?AddRef@?$CComObject@VCOPOSMICR@@@ATL@@WKA@AGKXZ 10003727 f i MICR.obj
 0001:00002734       ?Release@?$CComObject@VCOPOSMICR@@@ATL@@WKA@AGKXZ 10003734 f i MICR.obj
 0001:00002741       ?AddRef@?$CComObject@VCOPOSMICR@@@ATL@@WKI@AGKXZ 10003741 f i MICR.obj
 0001:0000274e       ?Release@?$CComObject@VCOPOSMICR@@@ATL@@WKI@AGKXZ 1000374e f i MICR.obj
 0001:0000275b       ?AddRef@?$CComObject@VCOPOSMICR@@@ATL@@WLE@AGKXZ 1000375b f i MICR.obj
 0001:00002768       ?Release@?$CComObject@VCOPOSMICR@@@ATL@@WLE@AGKXZ 10003768 f i MICR.obj
 0001:00002775       ??_E?$CComContainedObject@VCOPOSMICR@@@ATL@@W3AEPAXI@Z 10003775 f i MICR.obj
 0001:0000277d       ??_E?$CComContainedObject@VCOPOSMICR@@@ATL@@WEM@AEPAXI@Z 1000377d f i MICR.obj
 0001:00002785       ?QueryInterface@?$CComContainedObject@VCOPOSMICR@@@ATL@@WHA@AGJABU_GUID@@PAPAX@Z 10003785 f i MICR.obj
 0001:0000278f       ?AddRef@?$CComContainedObject@VCOPOSMICR@@@ATL@@WHA@AGKXZ 1000378f f i MICR.obj
 0001:00002799       ?Release@?$CComContainedObject@VCOPOSMICR@@@ATL@@WHA@AGKXZ 10003799 f i MICR.obj
 0001:000027a3       ?QueryInterface@?$CComContainedObject@VCOPOSMICR@@@ATL@@WHE@AGJABU_GUID@@PAPAX@Z 100037a3 f i MICR.obj
 0001:000027ad       ?AddRef@?$CComContainedObject@VCOPOSMICR@@@ATL@@WHE@AGKXZ 100037ad f i MICR.obj
 0001:000027b7       ?Release@?$CComContainedObject@VCOPOSMICR@@@ATL@@WHE@AGKXZ 100037b7 f i MICR.obj
 0001:000027c1       ?QueryInterface@?$CComContainedObject@VCOPOSMICR@@@ATL@@WHI@AGJABU_GUID@@PAPAX@Z 100037c1 f i MICR.obj
 0001:000027cb       ?AddRef@?$CComContainedObject@VCOPOSMICR@@@ATL@@WHI@AGKXZ 100037cb f i MICR.obj
 0001:000027d5       ?Release@?$CComContainedObject@VCOPOSMICR@@@ATL@@WHI@AGKXZ 100037d5 f i MICR.obj
 0001:000027df       ?QueryInterface@?$CComContainedObject@VCOPOSMICR@@@ATL@@WHM@AGJABU_GUID@@PAPAX@Z 100037df f i MICR.obj
 0001:000027e9       ?AddRef@?$CComContainedObject@VCOPOSMICR@@@ATL@@WHM@AGKXZ 100037e9 f i MICR.obj
 0001:000027f3       ?Release@?$CComContainedObject@VCOPOSMICR@@@ATL@@WHM@AGKXZ 100037f3 f i MICR.obj
 0001:000027fd       ?QueryInterface@?$CComContainedObject@VCOPOSMICR@@@ATL@@WIA@AGJABU_GUID@@PAPAX@Z 100037fd f i MICR.obj
 0001:0000280a       ?AddRef@?$CComContainedObject@VCOPOSMICR@@@ATL@@WIA@AGKXZ 1000380a f i MICR.obj
 0001:00002817       ?Release@?$CComContainedObject@VCOPOSMICR@@@ATL@@WIA@AGKXZ 10003817 f i MICR.obj
 0001:00002824       ?QueryInterface@?$CComContainedObject@VCOPOSMICR@@@ATL@@WIE@AGJABU_GUID@@PAPAX@Z 10003824 f i MICR.obj
 0001:00002831       ?AddRef@?$CComContainedObject@VCOPOSMICR@@@ATL@@WIE@AGKXZ 10003831 f i MICR.obj
 0001:0000283e       ?Release@?$CComContainedObject@VCOPOSMICR@@@ATL@@WIE@AGKXZ 1000383e f i MICR.obj
 0001:0000284b       ?QueryInterface@?$CComContainedObject@VCOPOSMICR@@@ATL@@WII@AGJABU_GUID@@PAPAX@Z 1000384b f i MICR.obj
 0001:00002858       ?AddRef@?$CComContainedObject@VCOPOSMICR@@@ATL@@WII@AGKXZ 10003858 f i MICR.obj
 0001:00002865       ?Release@?$CComContainedObject@VCOPOSMICR@@@ATL@@WII@AGKXZ 10003865 f i MICR.obj
 0001:00002872       ?QueryInterface@?$CComContainedObject@VCOPOSMICR@@@ATL@@WIM@AGJABU_GUID@@PAPAX@Z 10003872 f i MICR.obj
 0001:0000287f       ?AddRef@?$CComContainedObject@VCOPOSMICR@@@ATL@@WIM@AGKXZ 1000387f f i MICR.obj
 0001:0000288c       ?Release@?$CComContainedObject@VCOPOSMICR@@@ATL@@WIM@AGKXZ 1000388c f i MICR.obj
 0001:00002899       ?QueryInterface@?$CComContainedObject@VCOPOSMICR@@@ATL@@WJA@AGJABU_GUID@@PAPAX@Z 10003899 f i MICR.obj
 0001:000028a6       ?AddRef@?$CComContainedObject@VCOPOSMICR@@@ATL@@WJA@AGKXZ 100038a6 f i MICR.obj
 0001:000028b3       ?Release@?$CComContainedObject@VCOPOSMICR@@@ATL@@WJA@AGKXZ 100038b3 f i MICR.obj
 0001:000028c0       ?QueryInterface@?$CComContainedObject@VCOPOSMICR@@@ATL@@WJE@AGJABU_GUID@@PAPAX@Z 100038c0 f i MICR.obj
 0001:000028cd       ?AddRef@?$CComContainedObject@VCOPOSMICR@@@ATL@@WJE@AGKXZ 100038cd f i MICR.obj
 0001:000028da       ?Release@?$CComContainedObject@VCOPOSMICR@@@ATL@@WJE@AGKXZ 100038da f i MICR.obj
 0001:000028e7       ?QueryInterface@?$CComContainedObject@VCOPOSMICR@@@ATL@@WJI@AGJABU_GUID@@PAPAX@Z 100038e7 f i MICR.obj
 0001:000028f4       ?AddRef@?$CComContainedObject@VCOPOSMICR@@@ATL@@WJI@AGKXZ 100038f4 f i MICR.obj
 0001:00002901       ?Release@?$CComContainedObject@VCOPOSMICR@@@ATL@@WJI@AGKXZ 10003901 f i MICR.obj
 0001:0000290e       ?QueryInterface@?$CComContainedObject@VCOPOSMICR@@@ATL@@WJM@AGJABU_GUID@@PAPAX@Z 1000390e f i MICR.obj
 0001:0000291b       ?AddRef@?$CComContainedObject@VCOPOSMICR@@@ATL@@WJM@AGKXZ 1000391b f i MICR.obj
 0001:00002928       ?Release@?$CComContainedObject@VCOPOSMICR@@@ATL@@WJM@AGKXZ 10003928 f i MICR.obj
 0001:00002935       ?QueryInterface@?$CComContainedObject@VCOPOSMICR@@@ATL@@WKA@AGJABU_GUID@@PAPAX@Z 10003935 f i MICR.obj
 0001:00002942       ?AddRef@?$CComContainedObject@VCOPOSMICR@@@ATL@@WKA@AGKXZ 10003942 f i MICR.obj
 0001:0000294f       ?Release@?$CComContainedObject@VCOPOSMICR@@@ATL@@WKA@AGKXZ 1000394f f i MICR.obj
 0001:0000295c       ?AddRef@?$CComContainedObject@VCOPOSMICR@@@ATL@@WKI@AGKXZ 1000395c f i MICR.obj
 0001:00002969       ?Release@?$CComContainedObject@VCOPOSMICR@@@ATL@@WKI@AGKXZ 10003969 f i MICR.obj
 0001:00002976       ?AddRef@?$CComContainedObject@VCOPOSMICR@@@ATL@@WLE@AGKXZ 10003976 f i MICR.obj
 0001:00002983       ?Release@?$CComContainedObject@VCOPOSMICR@@@ATL@@WLE@AGKXZ 10003983 f i MICR.obj
 0001:00002990       ??$?4UITypeInfo2@@@?$CComPtr@UITypeInfo@@@ATL@@QAEPAUITypeInfo@@ABV?$CComPtr@UITypeInfo2@@@1@@Z 10003990 f i MICR.obj
 0001:000029bd       ??$AtlAdd@K@ATL@@YAJPAKKK@Z 100039bd f i MICR.obj
 0001:000029e0       ??$AtlAdd@_K@ATL@@YAJPA_K_K1@Z 100039e0 f i MICR.obj
 0001:00002a18       ??$AtlAddThrow@K@ATL@@YAKKK@Z 10003a18 f i MICR.obj
 0001:00002a3e       ??$AtlModuleRegisterWndClassInfoT@VAtlModuleRegisterWndClassInfoParamW@ATL@@@ATL@@YAGPAU_ATL_BASE_MODULE70@0@PAU_ATL_WIN_MODULE70@0@PAU_ATL_WNDCLASSINFOW@0@PAP6GJPAUHWND__@@IIJ@ZVAtlModuleRegisterWndClassInfoParamW@0@@Z 10003a3e f i MICR.obj
 0001:00002b8c       ??$AtlMultiply@H@ATL@@YAJPAHHH@Z 10003b8c f i MICR.obj
 0001:00002bc4       ??$AtlMultiply@I@ATL@@YAJPAIII@Z 10003bc4 f i MICR.obj
 0001:00002bc4       ??$AtlMultiply@K@ATL@@YAJPAKKK@Z 10003bc4 f i MICR.obj
 0001:00002be6       ??$AtlMultiplyThrow@I@ATL@@YAIII@Z 10003be6 f i MICR.obj
 0001:00002c0c       ??0?$CComAggObject@VCOPOSMICR@@@ATL@@QAE@PAX@Z 10003c0c f i MICR.obj
 0001:00002c39       ??0?$CComContainedObject@VCOPOSMICR@@@ATL@@QAE@PAX@Z 10003c39 f i MICR.obj
 0001:00002cf2       ??0?$CComObject@V?$CComEnum@UIEnumConnectionPoints@@$1?_GUID_b196b285_bab4_101a_b69c_00aa00341d07@@3U__s_GUID@@BPAUIConnectionPoint@@V?$_CopyInterface@UIConnectionPoint@@@ATL@@VCComSingleThreadModel@6@@ATL@@@ATL@@QAE@PAX@Z 10003cf2 f i MICR.obj
 0001:00002d20       ??0?$CComObject@V?$CComEnum@UIEnumConnections@@$1?_GUID_b196b287_bab4_101a_b69c_00aa00341d07@@3U__s_GUID@@BUtagCONNECTDATA@@V?$_Copy@UtagCONNECTDATA@@@ATL@@VCComSingleThreadModel@6@@ATL@@@ATL@@QAE@PAX@Z 10003d20 f i MICR.obj
 0001:00002d4e       ??0?$CComObject@VCOPOSMICR@@@ATL@@QAE@PAX@Z 10003d4e f i MICR.obj
 0001:00002e05       ??0?$CComQIPtr@UIOleControlSite@@$1?_GUID_b196b289_bab4_101a_b69c_00aa00341d07@@3U__s_GUID@@B@ATL@@QAE@PAUIUnknown@@@Z 10003e05 f i MICR.obj
 0001:00002e2e       ??0CAtlModule@ATL@@QAE@XZ  10003e2e f i MICR.obj
 0001:00002e6f       ??0CParseBuffer@CRegParser@ATL@@QAE@H@Z 10003e6f f i MICR.obj
 0001:00002ea5       ??0_ATL_MSG@ATL@@QAE@PAUHWND__@@IIJH@Z 10003ea5 f i MICR.obj
 0001:00002edd       ??1?$CComAggObject@VCOPOSMICR@@@ATL@@UAE@XZ 10003edd f i MICR.obj
 0001:00002f01       ??1?$CComEnumImpl@UIEnumConnectionPoints@@$1?_GUID_b196b285_bab4_101a_b69c_00aa00341d07@@3U__s_GUID@@BPAUIConnectionPoint@@V?$_CopyInterface@UIConnectionPoint@@@ATL@@@ATL@@UAE@XZ 10003f01 f i MICR.obj
 0001:00002f41       ??1?$CComEnumImpl@UIEnumConnections@@$1?_GUID_b196b287_bab4_101a_b69c_00aa00341d07@@3U__s_GUID@@BUtagCONNECTDATA@@V?$_Copy@UtagCONNECTDATA@@@ATL@@@ATL@@UAE@XZ 10003f41 f i MICR.obj
 0001:00002f81       ??1?$CComObject@V?$CComEnum@UIEnumConnectionPoints@@$1?_GUID_b196b285_bab4_101a_b69c_00aa00341d07@@3U__s_GUID@@BPAUIConnectionPoint@@V?$_CopyInterface@UIConnectionPoint@@@ATL@@VCComSingleThreadModel@6@@ATL@@@ATL@@UAE@XZ 10003f81 f i MICR.obj
 0001:00002fa4       ??1?$CComObject@V?$CComEnum@UIEnumConnections@@$1?_GUID_b196b287_bab4_101a_b69c_00aa00341d07@@3U__s_GUID@@BUtagCONNECTDATA@@V?$_Copy@UtagCONNECTDATA@@@ATL@@VCComSingleThreadModel@6@@ATL@@@ATL@@UAE@XZ 10003fa4 f i MICR.obj
 0001:00002fc7       ??1?$CComObject@VCOPOSMICR@@@ATL@@UAE@XZ 10003fc7 f i MICR.obj
 0001:00003085       ??1?$CComObjectCached@VCComClassFactory@ATL@@@ATL@@UAE@XZ 10004085 f i MICR.obj
 0001:0000309b       ??1?$CComObjectRootEx@VCComMultiThreadModel@ATL@@@ATL@@QAE@XZ 1000409b f i MICR.obj
 0001:000030b0       ??1CRegObject@ATL@@UAE@XZ  100040b0 f i MICR.obj
 0001:000030d0       ??4?$CComPtr@UIOleClientSite@@@ATL@@QAEPAUIOleClientSite@@PAU2@@Z 100040d0 f i MICR.obj
 0001:000030d0       ??4?$CComPtr@UIAdviseSink@@@ATL@@QAEPAUIAdviseSink@@PAU2@@Z 100040d0 f i MICR.obj
 0001:000030d0       ??4?$CComPtr@UIUnknown@@@ATL@@QAEPAUIUnknown@@PAU2@@Z 100040d0 f i MICR.obj
 0001:00003104       ??_E?$CComContainedObject@VCOPOSMICR@@@ATL@@UAEPAXI@Z 10004104 f i MICR.obj
 0001:00003104       ??_G?$CComContainedObject@VCOPOSMICR@@@ATL@@UAEPAXI@Z 10004104 f i MICR.obj
 0001:00003129       ??_E?$CComObject@VCOPOSMICR@@@ATL@@UAEPAXI@Z 10004129 f i MICR.obj
 0001:00003129       ??_G?$CComObject@VCOPOSMICR@@@ATL@@UAEPAXI@Z 10004129 f i MICR.obj
 0001:0000314e       ?Add@?$CSimpleArray@GV?$CSimpleArrayEqualHelper@G@ATL@@@ATL@@QAEHABG@Z 1000414e f i MICR.obj
 0001:000031d2       ?Add@?$CSimpleMap@PA_WPA_WVCExpansionVectorEqualHelper@ATL@@@ATL@@QAEHABQA_W0@Z 100041d2 f i MICR.obj
 0001:00003227       ?Add@CComDynamicUnkArray@ATL@@QAEKPAUIUnknown@@@Z 10004227 f i MICR.obj
 0001:000032dd       ?Add@CExpansionVector@ATL@@QAEHPB_W0@Z 100042dd f i MICR.obj
 0001:000033e6       ?AddString@CParseBuffer@CRegParser@ATL@@QAEHPB_W@Z 100043e6 f i MICR.obj
 0001:0000341b       ?AddTermFunc@CAtlModule@ATL@@QAEJP6GXK@ZK@Z 1000441b f i MICR.obj
 0001:0000347e       ?AddValue@CRegParser@ATL@@IAEJAAVCRegKey@2@PB_WPA_W@Z 1000447e f i MICR.obj
 0001:00003798       ?Allocate@?$CAtlSafeAllocBufferManager@VCCRTAllocator@ATL@@@_ATL_SAFE_ALLOCA_IMPL@ATL@@QAEPAXK@Z 10004798 f i MICR.obj
 0001:000037c5       ?Allocate@?$CTempBuffer@E$0BAA@VCCRTAllocator@ATL@@@ATL@@QAEPAEI@Z 100047c5 f i MICR.obj
 0001:000037f4       ?Allocate@?$CTempBuffer@_W$0BAA@VCCRTAllocator@ATL@@@ATL@@QAEPA_WI@Z 100047f4 f i MICR.obj
 0001:00003823       ?Allocate@?$CTempBuffer@_W$0EAA@VCCRTAllocator@ATL@@@ATL@@QAEPA_WI@Z 10004823 f i MICR.obj
 0001:00003852       ?AllocateHeap@?$CTempBuffer@_W$0EAA@VCCRTAllocator@ATL@@@ATL@@AAEXI@Z 10004852 f i MICR.obj
 0001:00003852       ?AllocateHeap@?$CTempBuffer@_W$0BAA@VCCRTAllocator@ATL@@@ATL@@AAEXI@Z 10004852 f i MICR.obj
 0001:00003852       ?AllocateHeap@?$CTempBuffer@E$0BAA@VCCRTAllocator@ATL@@@ATL@@AAEXI@Z 10004852 f i MICR.obj
 0001:00003877       ?Append@CParseBuffer@CRegParser@ATL@@QAEHPB_WH@Z 10004877 f i MICR.obj
 0001:00003905       ?AtlCoTaskMemCAlloc@ATL@@YAPAXKK@Z 10004905 f i MICR.obj
 0001:00003932       ?AtlCoTaskMemRecalloc@ATL@@YAPAXPAXKK@Z 10004932 f i MICR.obj
 0001:00003962       ?AtlComModuleGetClassObject@ATL@@YGJPAU_ATL_COM_MODULE70@1@ABU_GUID@@1PAPAX@Z 10004962 f i MICR.obj
 0001:00003a55       ?AtlComModuleRegisterServer@ATL@@YGJPAU_ATL_COM_MODULE70@1@HPBU_GUID@@@Z 10004a55 f i MICR.obj
 0001:00003add       ?AtlComModuleUnregisterServer@ATL@@YGJPAU_ATL_COM_MODULE70@1@HPBU_GUID@@@Z 10004add f i MICR.obj
 0001:00003b65       ?AtlComQIPtrAssign2@ATL@@YAXPAPAUIUnknown@@PAU2@ABU_GUID@@@Z 10004b65 f i MICR.obj
 0001:00003b94       ?AtlCreateTargetDC@ATL@@YGPAUHDC__@@PAU2@PAUtagDVTARGETDEVICE@@@Z 10004b94 f i MICR.obj
 0001:00003bfd       ?AtlCrtErrorCheck@ATL@@YAHH@Z 10004bfd f i MICR.obj
 0001:00003c38       ?AtlHiMetricToPixel@ATL@@YGXPBUtagSIZE@@PAU2@@Z 10004c38 f i MICR.obj
 0001:00003cad       ?AtlHresultFromLastError@ATL@@YAJXZ 10004cad f i MICR.obj
 0001:00003cc4       ?AtlHresultFromWin32@ATL@@YAJK@Z 10004cc4 f i MICR.obj
 0001:00003cd9       ?AtlInternalOleLoadFromStream@ATL@@YAJPAUIStream@@ABU_GUID@@PAPAXTClassesAllowedInStream@1@K@Z 10004cd9 f i MICR.obj
 0001:00003dff       ?AtlInternalQueryInterface@ATL@@YGJPAXPBU_ATL_INTMAP_ENTRY@1@ABU_GUID@@PAPAX@Z 10004dff f i MICR.obj
 0001:00003ea2       ?AtlLoadTypeLib@ATL@@YGJPAUHINSTANCE__@@PB_WPAPA_WPAPAUITypeLib@@@Z 10004ea2 f i MICR.obj
 0001:00004080       ?AtlRegisterClassCategoriesHelper@ATL@@YGJABU_GUID@@PBU_ATL_CATMAP_ENTRY@1@H@Z 10005080 f i MICR.obj
 0001:0000437c       ?AtlRegisterTypeLib@ATL@@YGJPAUHINSTANCE__@@PB_W@Z 1000537c f i MICR.obj
 0001:00004504       ?AtlThrowImpl@ATL@@YGXJ@Z  10005504 f i MICR.obj
 0001:00004522       ?AtlUnRegisterTypeLib@ATL@@YGJPAUHINSTANCE__@@PB_W@Z 10005522 f i MICR.obj
 0001:000045cd       ?AtlWinModuleAddCreateWndData@ATL@@YGXPAU_ATL_WIN_MODULE70@1@PAU_AtlCreateWndData@1@PAX@Z 100055cd f i MICR.obj
 0001:00004621       ?AtlWinModuleExtractCreateWndData@ATL@@YGPAXPAU_ATL_WIN_MODULE70@1@@Z 10005621 f i MICR.obj
 0001:00004684       ?AtlWinModuleRegisterClassExW@ATL@@YGGPAU_ATL_WIN_MODULE70@1@PBUtagWNDCLASSEXW@@@Z 10005684 f i MICR.obj
 0001:000046c3       ?CanForceRemoveKey@CRegParser@ATL@@IAEHPB_W@Z 100056c3 f i MICR.obj
 0001:000046f2       ?ChToByte@CRegParser@ATL@@KAE_W@Z 100056f2 f i MICR.obj
 0001:00004725       ?Cleanup@CComTypeInfoHolder@ATL@@SGXK@Z 10005725 f i MICR.obj
 0001:00004758       ?ClearReplacements@CExpansionVector@ATL@@QAEJXZ 10005758 f i MICR.obj
 0001:00004795       ?Close@CRegKey@ATL@@QAEJXZ 10005795 f i MICR.obj
 0001:000047af       ?CreateInstance@?$CComCreator@V?$CComAggObject@VCOPOSMICR@@@ATL@@@ATL@@SGJPAXABU_GUID@@PAPAX@Z 100057af f i MICR.obj
 0001:00004825       ?CreateInstance@?$CComCreator@V?$CComObject@VCOPOSMICR@@@ATL@@@ATL@@SGJPAXABU_GUID@@PAPAX@Z 10005825 f i MICR.obj
 0001:000048a6       ?CreateInstance@?$CComObject@V?$CComEnum@UIEnumConnectionPoints@@$1?_GUID_b196b285_bab4_101a_b69c_00aa00341d07@@3U__s_GUID@@BPAUIConnectionPoint@@V?$_CopyInterface@UIConnectionPoint@@@ATL@@VCComSingleThreadModel@6@@ATL@@@ATL@@SGJPAPAV12@@Z 100058a6 f i MICR.obj
 0001:000048ed       ?CreateInstance@?$CComObject@V?$CComEnum@UIEnumConnections@@$1?_GUID_b196b287_bab4_101a_b69c_00aa00341d07@@3U__s_GUID@@BUtagCONNECTDATA@@V?$_Copy@UtagCONNECTDATA@@@ATL@@VCComSingleThreadModel@6@@ATL@@@ATL@@SGJPAPAV12@@Z 100058ed f i MICR.obj
 0001:00004934       ?DefaultReflectionHandler@?$CWindowImplRoot@VCWindow@ATL@@@ATL@@SAHPAUHWND__@@IIJAAJ@Z 10005934 f i MICR.obj
 0001:000049a7       ?DeleteSubKey@CRegKey@ATL@@QAEJPB_W@Z 100059a7 f i MICR.obj
 0001:00004a20       ?DoEvent@COPOSMICR@@IAEXIIJ@Z 10005a20 f i MICR.obj
 0001:00004aa0       ?DoVerbHide@?$IOleObjectImpl@VCOPOSMICR@@@ATL@@QAEJPBUtagRECT@@PAUHWND__@@@Z 10005aa0 f i MICR.obj
 0001:00004ad6       ?DoVerbInPlaceActivate@?$IOleObjectImpl@VCOPOSMICR@@@ATL@@QAEJPBUtagRECT@@PAUHWND__@@@Z 10005ad6 f i MICR.obj
 0001:00004b09       ?DoVerbPrimary@?$IOleObjectImpl@VCOPOSMICR@@@ATL@@QAEJPBUtagRECT@@PAUHWND__@@@Z 10005b09 f i MICR.obj
 0001:00004b95       ?DoVerbProperties@CComControlBase@ATL@@QAEJPBUtagRECT@@PAUHWND__@@@Z 10005b95 f i MICR.obj
 0001:00004d14       ?DoVerbUIActivate@?$IOleObjectImpl@VCOPOSMICR@@@ATL@@QAEJPBUtagRECT@@PAUHWND__@@@Z 10005d14 f i MICR.obj
 0001:00004d51       ?DoesVerbActivate@CComControlBase@ATL@@QAEHJ@Z 10005d51 f i MICR.obj
 0001:00004d72       ?DoesVerbUIActivate@CComControlBase@ATL@@QAEHJ@Z 10005d72 f i MICR.obj
 0001:00004da7       ?EndOfVar@CRegParser@ATL@@IAEHXZ 10005da7 f i MICR.obj
 0001:00004dc7       ?EscapeSingleQuote@CAtlModule@ATL@@SAXPA_WIPB_W@Z 10005dc7 f i MICR.obj
 0001:00004e16       ?FindKey@?$CSimpleMap@PA_WPA_WVCExpansionVectorEqualHelper@ATL@@@ATL@@QBEHABQA_W@Z 10005e16 f i MICR.obj
 0001:00004e4d       ?FireTheEvent@?$CProxy_IOPOSEvents@VCOPOSMICR@@@@IAEXPAVOposVariant@@IAAJPB_WJ@Z 10005e4d f i MICR.obj
 0001:00004edf       ?FireViewChange@CComControlBase@ATL@@QAEJXZ 10005edf f i MICR.obj
 0001:00004f28       ?Fire_DataEvent@?$CProxy_IOPOSEvents@VCOPOSMICR@@@@QAEXJ@Z 10005f28 f i MICR.obj
 0001:00004fbb       ?Fire_DirectIOEvent@?$CProxy_IOPOSEvents@VCOPOSMICR@@@@QAEXJPAJPAPA_W@Z 10005fbb f i MICR.obj
 0001:000050a4       ?Fire_ErrorEvent@?$CProxy_IOPOSEvents@VCOPOSMICR@@@@QAEXJJJPAJ@Z 100060a4 f i MICR.obj
 0001:0000518e       ?Fire_StatusUpdateEvent@?$CProxy_IOPOSEvents@VCOPOSMICR@@@@QAEXJ@Z 1000618e f i MICR.obj
 0001:00005221       ?FreeHeap@?$CTempBuffer@E$0BAA@VCCRTAllocator@ATL@@@ATL@@AAEXXZ 10006221 f i MICR.obj
 0001:00005221       ?FreeHeap@?$CTempBuffer@_W$0BAA@VCCRTAllocator@ATL@@@ATL@@AAEXXZ 10006221 f i MICR.obj
 0001:00005221       ?FreeHeap@?$CTempBuffer@_W$0EAA@VCCRTAllocator@ATL@@@ATL@@AAEXXZ 10006221 f i MICR.obj
 0001:0000522a       ?GetAmbientLocaleID@CComControlBase@ATL@@QAEJAAK@Z 1000622a f i MICR.obj
 0001:00005286       ?GetAmbientUserMode@CComControlBase@ATL@@QAEJAAH@Z 10006286 f i MICR.obj
 0001:000052f6       ?GetAt@CComDynamicUnkArray@ATL@@QAEPAUIUnknown@@H@Z 100062f6 f i MICR.obj
 0001:00005312       ?GetClassObject@CComModule@ATL@@QAEJABU_GUID@@0PAPAX@Z 10006312 f i MICR.obj
 0001:000053b4       ?GetConnMap@COPOSMICR@@SAPBU_ATL_CONNMAP_ENTRY@ATL@@PAH@Z 100063b4 f i MICR.obj
 0001:00005424       ?GetCookie@CComDynamicUnkArray@ATL@@QAGKPAPAUIUnknown@@@Z 10006424 f i MICR.obj
 0001:0000545c       ?GetIDsOfNames@CComTypeInfoHolder@ATL@@QAEJABU_GUID@@PAPA_WIKPAJ@Z 1000645c f i MICR.obj
 0001:00005583       ?GetKeyAt@?$CSimpleMap@PA_WPA_WVCExpansionVectorEqualHelper@ATL@@@ATL@@QBEAAPA_WH@Z 10006583 f i MICR.obj
 0001:000055a8       ?GetPagesHelper@?$ISpecifyPropertyPagesImpl@VCOPOSMICR@@@ATL@@IAEJPAUtagCAUUID@@PBUATL_PROPMAP_ENTRY@2@@Z 100065a8 f i MICR.obj
 0001:000056cf       ?GetProperty@?$CComPtr@UIDispatch@@@ATL@@SAJPAUIDispatch@@JPAUtagVARIANT@@@Z 100066cf f i MICR.obj
 0001:0000571e       ?GetSizeMax@CComVariant@ATL@@QBEJPAT_ULARGE_INTEGER@@@Z 1000671e f i MICR.obj
 0001:000058e4       ?GetTI@CComTypeInfoHolder@ATL@@QAEJK@Z 100068e4 f i MICR.obj
 0001:00005ac3       ?GetTI@CComTypeInfoHolder@ATL@@QAEJKPAPAUITypeInfo@@@Z 10006ac3 f i MICR.obj
 0001:00005b05       ?GetUnknown@CComDynamicUnkArray@ATL@@QAGPAUIUnknown@@K@Z 10006b05 f i MICR.obj
 0001:00005b26       ?GetValueAt@?$CSimpleMap@PA_WPA_WVCExpansionVectorEqualHelper@ATL@@@ATL@@QBEAAPA_WH@Z 10006b26 f i MICR.obj
 0001:00005b4c       ?GetZoomInfo@CComControlBase@ATL@@QAEXAAUATL_DRAWINFO@@@Z 10006b4c f i MICR.obj
 0001:00005bdf       ?HKeyFromString@CRegParser@ATL@@KAPAUHKEY__@@PA_W@Z 10006bdf f i MICR.obj
 0001:00005c0d       ?HasSubKeys@CRegParser@ATL@@IAEHPAUHKEY__@@@Z 10006c0d f i MICR.obj
 0001:00005c42       ?IDataObject_GetData@CComControlBase@ATL@@QAEJPAUtagFORMATETC@@PAUtagSTGMEDIUM@@@Z 10006c42 f i MICR.obj
 0001:00005de8       ?IOleInPlaceObject_InPlaceDeactivate@CComControlBase@ATL@@QAEJXZ 10006de8 f i MICR.obj
 0001:00005e6f       ?IOleInPlaceObject_SetObjectRects@CComControlBase@ATL@@QAEJPBUtagRECT@@0@Z 10006e6f f i MICR.obj
 0001:00005f3c       ?IOleInPlaceObject_UIDeactivate@CComControlBase@ATL@@QAEJXZ 10006f3c f i MICR.obj
 0001:00005ffe       ?IOleObject_Advise@CComControlBase@ATL@@QAEJPAUIAdviseSink@@PAK@Z 10006ffe f i MICR.obj
 0001:00006028       ?IOleObject_Close@CComControlBase@ATL@@QAEJK@Z 10007028 f i MICR.obj
 0001:0000610c       ?IOleObject_GetClientSite@CComControlBase@ATL@@QAEJPAPAUIOleClientSite@@@Z 1000710c f i MICR.obj
 0001:00006135       ?IOleObject_SetClientSite@CComControlBase@ATL@@QAEJPAUIOleClientSite@@@Z 10007135 f i MICR.obj
 0001:00006174       ?IOleObject_SetExtent@CComControlBase@ATL@@QAEJKPAUtagSIZE@@@Z 10007174 f i MICR.obj
 0001:00006228       ?IPSI_GetIPersistStreamInit@?$IPersistStorageImpl@VCOPOSMICR@@@ATL@@AAEPAUIPersistStreamInit@@XZ 10007228 f i MICR.obj
 0001:000062d0       ?IPersistStreamInit_Load@?$IPersistStreamInitImpl@VCOPOSMICR@@@ATL@@QAEJPAUIStream@@PBUATL_PROPMAP_ENTRY@2@@Z 100072d0 f i MICR.obj
 0001:0000654c       ?IPersistStreamInit_Save@?$IPersistStreamInitImpl@VCOPOSMICR@@@ATL@@QAEJPAUIStream@@HPBUATL_PROPMAP_ENTRY@2@@Z 1000754c f i MICR.obj
 0001:0000673a       ?IQuickActivate_QuickActivate@CComControlBase@ATL@@QAEJPAUtagQACONTAINER@@PAUtagQACONTROL@@@Z 1000773a f i MICR.obj
 0001:0000697c       ?IViewObject_Draw@CComControlBase@ATL@@QAEJKJPAXPAUtagDVTARGETDEVICE@@PAUHDC__@@2PBU_RECTL@@3@Z 1000797c f i MICR.obj
 0001:00006a24       ?InPlaceActivate@CComControlBase@ATL@@QAEJJPBUtagRECT@@@Z 10007a24 f i MICR.obj
 0001:00006c95       ?Init@?$CComEnumImpl@UIEnumConnectionPoints@@$1?_GUID_b196b285_bab4_101a_b69c_00aa00341d07@@3U__s_GUID@@BPAUIConnectionPoint@@V?$_CopyInterface@UIConnectionPoint@@@ATL@@@ATL@@QAEJPAPAUIConnectionPoint@@0PAUIUnknown@@W4CComEnumFlags@2@@Z 10007c95 f i MICR.obj
 0001:00006d74       ?Init@?$CComEnumImpl@UIEnumConnections@@$1?_GUID_b196b287_bab4_101a_b69c_00aa00341d07@@3U__s_GUID@@BUtagCONNECTDATA@@V?$_Copy@UtagCONNECTDATA@@@ATL@@@ATL@@QAEJPAUtagCONNECTDATA@@0PAUIUnknown@@W4CComEnumFlags@2@@Z 10007d74 f i MICR.obj
 0001:00006e53       ?Init@CComModule@ATL@@QAEJPAU_ATL_OBJMAP_ENTRY30@2@PAUHINSTANCE__@@PBU_GUID@@@Z 10007e53 f i MICR.obj
 0001:00006eb2       ?Init@CDynamicStdCallThunk2@ATL@@QAEHKPAX@Z 10007eb2 f i MICR.obj
 0001:00006edd       ?InlineIsEqualUnknown@ATL@@YGHABU_GUID@@@Z 10007edd f i MICR.obj
 0001:00006f05       ?InternalSetAtIndex@?$CSimpleMap@PA_WPA_WVCExpansionVectorEqualHelper@ATL@@@ATL@@QAEXHABQA_W0@Z 10007f05 f i MICR.obj
 0001:00006f2f       ?Invoke@CComTypeInfoHolder@ATL@@QAEJPAUIDispatch@@JABU_GUID@@KGPAUtagDISPPARAMS@@PAUtagVARIANT@@PAUtagEXCEPINFO@@PAI@Z 10007f2f f i MICR.obj
 0001:00006f72       ?IsEqualObject@?$CComPtrBase@UITypeInfo@@@ATL@@QAE_NPAUIUnknown@@@Z 10007f72 f i MICR.obj
 0001:00006f72       ?IsEqualObject@?$CComPtrBase@UIOleClientSite@@@ATL@@QAE_NPAUIUnknown@@@Z 10007f72 f i MICR.obj
 0001:00006fdf       ?IsSpace@CRegParser@ATL@@IAEH_W@Z 10007fdf f i MICR.obj
 0001:00007009       ?LoadNameCache@CComTypeInfoHolder@ATL@@QAEJPAUITypeInfo@@@Z 10008009 f i MICR.obj
 0001:00007155       ?Lookup@?$CSimpleMap@PA_WPA_WVCExpansionVectorEqualHelper@ATL@@@ATL@@QBEPA_WABQA_W@Z 10008155 f i MICR.obj
 0001:0000717b       ?NextToken@CRegParser@ATL@@IAEJPA_W@Z 1000817b f i MICR.obj
 0001:000072b3       ?OnKillFocus@CComControlBase@ATL@@QAEJIIJAAH@Z 100082b3 f i MICR.obj
 0001:0000730e       ?OnMouseActivate@CComControlBase@ATL@@QAEJIIJAAH@Z 1000830e f i MICR.obj
 0001:0000737c       ?OnPaint@CComControlBase@ATL@@QAEJIIJAAH@Z 1000837c f i MICR.obj
 0001:0000742e       ?OnSetFocus@CComControlBase@ATL@@QAEJIIJAAH@Z 1000842e f i MICR.obj
 0001:000074b7       ?Open@CRegKey@ATL@@QAEJPAUHKEY__@@PB_WK@Z 100084b7 f i MICR.obj
 0001:0000750c       ?PreProcessBuffer@CRegParser@ATL@@QAEJPA_WPAPA_W@Z 1000850c f i MICR.obj
 0001:00007776       ?ProcessWindowMessage@?$CComControl@VCOPOSMICR@@V?$CWindowImpl@VCOPOSMICR@@VCWindow@ATL@@V?$CWinTraits@$0FGAAAAAA@$0A@@3@@ATL@@@ATL@@UAEHPAUHWND__@@IIJAAJK@Z 10008776 f i MICR.obj
 0001:00007815       ?ReadFromStream@CComBSTR@ATL@@QAEJPAUIStream@@@Z 10008815 f i MICR.obj
 0001:00007943       ?ReadFromStream@CComVariant@ATL@@QAEJPAUIStream@@GTClassesAllowedInStream@2@K@Z 10008943 f i MICR.obj
 0001:00007ac9       ?RecurseDeleteKey@CRegKey@ATL@@QAEJPB_W@Z 10008ac9 f i MICR.obj
 0001:00007bb7       ?RegCreateKeyExW@CAtlTransactionManager@ATL@@QAEJPAUHKEY__@@PB_WKPA_WKKQAU_SECURITY_ATTRIBUTES@@PAPAU3@PAK@Z 10008bb7 f i MICR.obj
 0001:00007c1a       ?RegDeleteKeyW@CAtlTransactionManager@ATL@@QAEJPAUHKEY__@@PB_W@Z 10008c1a f i MICR.obj
 0001:00007c6c       ?RegOpenKeyExW@CAtlTransactionManager@ATL@@QAEJPAUHKEY__@@PB_WKKPAPAU3@@Z 10008c6c f i MICR.obj
 0001:00007cc3       ?Register@_ATL_WNDCLASSINFOW@ATL@@QAEGPAP6GJPAUHWND__@@IIJ@Z@Z 10008cc3 f i MICR.obj
 0001:00007ce3       ?RegisterBuffer@CRegParser@ATL@@QAEJPA_WH@Z 10008ce3 f i MICR.obj
 0001:00007e1c       ?RegisterFromResource@CRegObject@ATL@@IAEJPB_W00H@Z 10008e1c f i MICR.obj
 0001:00007f52       ?RegisterServer@?$CAtlModuleT@VCComModule@ATL@@@ATL@@QAEJHPBU_GUID@@@Z 10008f52 f i MICR.obj
 0001:00007f80       ?RegisterServer@CComModule@ATL@@QAEJHPBU_GUID@@@Z 10008f80 f i MICR.obj
 0001:00007ff6       ?RegisterSubkeys@CRegParser@ATL@@IAEJPA_WPAUHKEY__@@HH@Z 10008ff6 f i MICR.obj
 0001:0000869d       ?Remove@CComDynamicUnkArray@ATL@@QAEHK@Z 1000969d f i MICR.obj
 0001:000086c6       ?RemoveAll@?$CSimpleMap@PA_WPA_WVCExpansionVectorEqualHelper@ATL@@@ATL@@QAEXXZ 100096c6 f i MICR.obj
 0001:000086f2       ?ResourceRegisterSz@CRegObject@ATL@@QAGJPB_W00@Z 100096f2 f i MICR.obj
 0001:0000871f       ?ResourceUnregisterSz@CRegObject@ATL@@QAGJPB_W00@Z 1000971f f i MICR.obj
 0001:0000874c       ?SendOnDataChange@CComControlBase@ATL@@QAEJK@Z 1000974c f i MICR.obj
 0001:00008799       ?SetControlFocus@CComControlBase@ATL@@QAEHH@Z 10009799 f i MICR.obj
 0001:00008836       ?SetMultiStringValue@CRegKey@ATL@@QAEJPB_W0@Z 10009836 f i MICR.obj
 0001:00008892       ?SetStringValue@CRegKey@ATL@@QAEJPB_W0K@Z 10009892 f i MICR.obj
 0001:000088db       ?SkipAssignment@CRegParser@ATL@@IAEJPA_W@Z 100098db f i MICR.obj
 0001:00008940       ?SkipWhiteSpace@CRegParser@ATL@@IAEXXZ 10009940 f i MICR.obj
 0001:00008962       ?StrChrW@CRegParser@ATL@@KAPA_WPA_W_W@Z 10009962 f i MICR.obj
 0001:0000899f       ?Term@CAtlModule@ATL@@QAEXXZ 1000999f f i MICR.obj
 0001:000089f2       ?Term@CComModule@ATL@@QAEXXZ 100099f2 f i MICR.obj
 0001:00008a4a       ?UnregisterServer@?$CAtlModuleT@VCComModule@ATL@@@ATL@@QAEJHPBU_GUID@@@Z 10009a4a f i MICR.obj
 0001:00008a70       ?UnregisterServer@CComModule@ATL@@QAEJHPBU_GUID@@@Z 10009a70 f i MICR.obj
 0001:00008ae6       ?UpdateRegistryFromResource@CAtlModule@ATL@@QAGJIHPAU_ATL_REGMAP_ENTRY@2@@Z 10009ae6 f i MICR.obj
 0001:00008cb1       ?UpdateRegistryFromResource@CAtlModule@ATL@@QAGJPB_WHPAU_ATL_REGMAP_ENTRY@2@@Z 10009cb1 f i MICR.obj
 0001:00008e82       ?VTFromRegType@CRegParser@ATL@@KAHPB_WAAG@Z 10009e82 f i MICR.obj
 0001:00008eef       ?WindowProc@?$CWindowImplBaseT@VCWindow@ATL@@V?$CWinTraits@$0FGAAAAAA@$0A@@2@@ATL@@SGJPAUHWND__@@IIJ@Z 10009eef f i MICR.obj
 0001:00008fe1       ?WriteToStream@CComBSTR@ATL@@QAEJPAUIStream@@@Z 10009fe1 f i MICR.obj
 0001:00009043       ?WriteToStream@CComVariant@ATL@@QAEJPAUIStream@@@Z 1000a043 f i MICR.obj
 0001:000091bd       ?WriteToStream@CComVariant@ATL@@QAEJPAUIStream@@G@Z 1000a1bd f i MICR.obj
 0001:00009226       ?_AtlInitialConstruct@?$CComObjectRootEx@VCComMultiThreadModel@ATL@@@ATL@@QAEJXZ 1000a226 f i MICR.obj
 0001:0000923b       ?_AtlVerifyStackAvailable@_ATL_SAFE_ALLOCA_IMPL@ATL@@YA_NK@Z 1000a23b f i MICR.obj
 0001:000092b9       ?atlCreate@?$CWindowImpl@VCOPOSMICR@@VCWindow@ATL@@V?$CWinTraits@$0FGAAAAAA@$0A@@3@@ATL@@QAEPAUHWND__@@PAU3@V_U_RECT@2@PB_WKKV_U_MENUorID@2@PAX@Z 1000a2b9 f i MICR.obj
 0001:000092fd       ?atlCreate@?$CWindowImplBaseT@VCWindow@ATL@@V?$CWinTraits@$0FGAAAAAA@$0A@@2@@ATL@@QAEPAUHWND__@@PAU3@V_U_RECT@2@PB_WKKV_U_MENUorID@2@GPAX@Z 1000a2fd f i MICR.obj
 0001:00009399       ?copy@?$_Copy@UtagCONNECTDATA@@@ATL@@SAJPAUtagCONNECTDATA@@PBU3@@Z 1000a399 f i MICR.obj
 0001:000093cf       ?copy@?$_CopyInterface@UIConnectionPoint@@@ATL@@SAJPAPAUIConnectionPoint@@PBQAU3@@Z 1000a3cf f i MICR.obj
 0001:000093fd       ?memcpy_s@Checked@ATL@@YAXPAXIPBXI@Z 1000a3fd f i MICR.obj
 0001:0000941c       ?ocscpy_s@@YA_NPA_WIPB_W@Z 1000a41c f i MICR.obj
 0001:00009466       ?wcscpy_s@Checked@ATL@@YAXPA_WIPB_W@Z 1000a466 f i MICR.obj
 0001:00009482       _DllCanUnloadNow@0         1000a482 f   MICR.obj
 0001:0000948e       _DllGetClassObject@12      1000a48e f   MICR.obj
 0001:0000949c       _DllMain@12                1000a49c f   MICR.obj
 0001:000094de       _DllRegisterServer@0       1000a4de f   MICR.obj
 0001:000094ed       _DllUnregisterServer@0     1000a4ed f   MICR.obj
 0001:000094fc       _InlineIsEqualGUID         1000a4fc f i MICR.obj
 0001:0000952c       ___local_stdio_printf_options 1000a52c f i MICR.obj
 0001:00009532       __vswprintf_s_l            1000a532 f i MICR.obj
 0001:000095df       _swprintf_s                1000a5df f i MICR.obj
 0001:000095fb       ??0?$CComControl@VCOPOSMICR@@V?$CWindowImpl@VCOPOSMICR@@VCWindow@ATL@@V?$CWinTraits@$0FGAAAAAA@$0A@@3@@ATL@@@ATL@@QAE@XZ 1000a5fb f i MICRImpl.obj
 0001:00009622       ??0?$CProxy_IOPOSEvents@VCOPOSMICR@@@@QAE@XZ 1000a622 f i MICRImpl.obj
 0001:00009642       ??0CComControlBase@ATL@@QAE@AAPAUHWND__@@@Z 1000a642 f i MICRImpl.obj
 0001:0000968c       ??0COPOSMICR@@QAE@XZ       1000a68c f   MICRImpl.obj
 0001:000096c2       ??1?$CComControl@VCOPOSMICR@@V?$CWindowImpl@VCOPOSMICR@@VCWindow@ATL@@V?$CWinTraits@$0FGAAAAAA@$0A@@3@@ATL@@@ATL@@UAE@XZ 1000a6c2 f i MICRImpl.obj
 0001:000096db       ??1?$IConnectionPointImpl@VCOPOSMICR@@$1?DIID__IOPOSMICREvents@@3U_GUID@@BVCComDynamicUnkArray@ATL@@@ATL@@QAE@XZ 1000a6db f i MICRImpl.obj
 0001:000096db       ??1?$IConnectionPointImpl@VCOPOSMICR@@$1?IID_IPropertyNotifySink@@3U_GUID@@BVCComDynamicUnkArray@ATL@@@ATL@@QAE@XZ 1000a6db f i MICRImpl.obj
 0001:00009718       ??1CComControlBase@ATL@@UAE@XZ 1000a718 f i MICRImpl.obj
 0001:0000977b       ??1COPOSMICR@@UAE@XZ       1000a77b f   MICRImpl.obj
 0001:000097c3       ?BeginInsertion@COPOSMICR@@UAGJJPAJ@Z 1000a7c3 f   MICRImpl.obj
 0001:00009812       ?BeginRemoval@COPOSMICR@@UAGJJPAJ@Z 1000a812 f   MICRImpl.obj
 0001:00009861       ?CheckHealth@COPOSMICR@@UAGJJPAJ@Z 1000a861 f   MICRImpl.obj
 0001:000098b0       ?ClaimDevice@COPOSMICR@@UAGJJPAJ@Z 1000a8b0 f   MICRImpl.obj
 0001:00009925       ?ClearInput@COPOSMICR@@UAGJPAJ@Z 1000a925 f   MICRImpl.obj
 0001:00009940       ?ClearInputProperties@COPOSMICR@@UAGJPAJ@Z 1000a940 f   MICRImpl.obj
 0001:0000995b       ?Close@COPOSMICR@@UAGJPAJ@Z 1000a95b f   MICRImpl.obj
 0001:000099c9       ?CompareFirmwareVersion@COPOSMICR@@UAGJPA_WPAJ1@Z 1000a9c9 f   MICRImpl.obj
 0001:00009a49       ?DirectIO@COPOSMICR@@UAGJJPAJPAPA_W0@Z 1000aa49 f   MICRImpl.obj
 0001:00009af7       ?DoInvoke@COPOSMICR@@IAEJJPAVOposVariant@@IHPAJ_N@Z 1000aaf7 f   MICRImpl.obj
 0001:00009bd3       ?EndInsertion@COPOSMICR@@UAGJPAJ@Z 1000abd3 f   MICRImpl.obj
 0001:00009bee       ?EndRemoval@COPOSMICR@@UAGJPAJ@Z 1000abee f   MICRImpl.obj
 0001:00009c09       ?EventClose@COPOSMICR@@IAEXXZ 1000ac09 f i MICRImpl.obj
 0001:00009c3c       ?EventInit@COPOSMICR@@IAEJXZ 1000ac3c f i MICRImpl.obj
 0001:00009d08       ?EventUninit@COPOSMICR@@IAEXXZ 1000ad08 f i MICRImpl.obj
 0001:00009d5a       ?EventWindowProc@COPOSMICR@@IAGJIIJ@Z 1000ad5a f i MICRImpl.obj
 0001:00009e2e       ?FinalConstruct@COPOSMICR@@QAEJXZ 1000ae2e f   MICRImpl.obj
 0001:00009e67       ?FireEventCleanup@COPOSMICR@@IAEXXZ 1000ae67 f i MICRImpl.obj
 0001:00009e7d       ?FireEventSetup@COPOSMICR@@IAE_NXZ 1000ae7d f i MICRImpl.obj
 0001:00009eb1       ?FreezeEvents@COPOSMICR@@MAGJH@Z 1000aeb1 f   MICRImpl.obj
 0001:00009f11       ?GetOposProp@COPOSMICR@@IAEJJPAFJ@Z 1000af11 f   MICRImpl.obj
 0001:00009f34       ?GetOposProp@COPOSMICR@@IAEJJPAJJ@Z 1000af34 f   MICRImpl.obj
 0001:0000a003       ?GetOposProp@COPOSMICR@@IAEJJPAPA_WJ@Z 1000b003 f   MICRImpl.obj
 0001:0000a0df       ?OnDraw@COPOSMICR@@MAEJAAUATL_DRAWINFO@@@Z 1000b0df f   MICRImpl.obj
 0001:0000a17f       ?Open@COPOSMICR@@UAGJPA_WPAJ@Z 1000b17f f   MICRImpl.obj
 0001:0000a9c2       ?ReleaseDevice@COPOSMICR@@UAGJPAJ@Z 1000b9c2 f   MICRImpl.obj
 0001:0000aa11       ?ResetStatistics@COPOSMICR@@UAGJPA_WPAJ@Z 1000ba11 f   MICRImpl.obj
 0001:0000aa68       ?RetrieveStatistics@COPOSMICR@@UAGJPAPA_WPAJ@Z 1000ba68 f   MICRImpl.obj
 0001:0000aabf       ?SOProcessID@COPOSMICR@@UAGJPAJ@Z 1000babf f   MICRImpl.obj
 0001:0000aad3       ?SetCOFreezeEvents@COPOSMICR@@IAEXF@Z 1000bad3 f   MICRImpl.obj
 0001:0000ab73       ?SetOposProp@COPOSMICR@@IAEJJJJ@Z 1000bb73 f   MICRImpl.obj
 0001:0000ac6a       ?UpdateFirmware@COPOSMICR@@UAGJPA_WPAJ@Z 1000bc6a f   MICRImpl.obj
 0001:0000acc1       ?UpdateStatistics@COPOSMICR@@UAGJPA_WPAJ@Z 1000bcc1 f   MICRImpl.obj
 0001:0000ad18       ?get_AccountNumber@COPOSMICR@@UAGJPAPA_W@Z 1000bd18 f   MICRImpl.obj
 0001:0000ad31       ?get_Amount@COPOSMICR@@UAGJPAPA_W@Z 1000bd31 f   MICRImpl.obj
 0001:0000ad4a       ?get_AutoDisable@COPOSMICR@@UAGJPAF@Z 1000bd4a f   MICRImpl.obj
 0001:0000ad60       ?get_BankNumber@COPOSMICR@@UAGJPAPA_W@Z 1000bd60 f   MICRImpl.obj
 0001:0000ad79       ?get_BinaryConversion@COPOSMICR@@UAGJPAJ@Z 1000bd79 f   MICRImpl.obj
 0001:0000ad8f       ?get_CapCompareFirmwareVersion@COPOSMICR@@UAGJPAF@Z 1000bd8f f   MICRImpl.obj
 0001:0000ada8       ?get_CapPowerReporting@COPOSMICR@@UAGJPAJ@Z 1000bda8 f   MICRImpl.obj
 0001:0000adc1       ?get_CapStatisticsReporting@COPOSMICR@@UAGJPAF@Z 1000bdc1 f   MICRImpl.obj
 0001:0000adda       ?get_CapUpdateFirmware@COPOSMICR@@UAGJPAF@Z 1000bdda f   MICRImpl.obj
 0001:0000adf3       ?get_CapUpdateStatistics@COPOSMICR@@UAGJPAF@Z 1000bdf3 f   MICRImpl.obj
 0001:0000ae0c       ?get_CapValidationDevice@COPOSMICR@@UAGJPAF@Z 1000be0c f   MICRImpl.obj
 0001:0000ae25       ?get_CheckHealthText@COPOSMICR@@UAGJPAPA_W@Z 1000be25 f   MICRImpl.obj
 0001:0000ae3e       ?get_CheckType@COPOSMICR@@UAGJPAJ@Z 1000be3e f   MICRImpl.obj
 0001:0000ae57       ?get_Claimed@COPOSMICR@@UAGJPAF@Z 1000be57 f   MICRImpl.obj
 0001:0000ae6d       ?get_ControlObjectDescription@COPOSMICR@@UAGJPAPA_W@Z 1000be6d f   MICRImpl.obj
 0001:0000aebb       ?get_ControlObjectVersion@COPOSMICR@@UAGJPAJ@Z 1000bebb f   MICRImpl.obj
 0001:0000aece       ?get_CountryCode@COPOSMICR@@UAGJPAJ@Z 1000bece f   MICRImpl.obj
 0001:0000aee7       ?get_DataCount@COPOSMICR@@UAGJPAJ@Z 1000bee7 f   MICRImpl.obj
 0001:0000aefd       ?get_DataEventEnabled@COPOSMICR@@UAGJPAF@Z 1000befd f   MICRImpl.obj
 0001:0000af13       ?get_DeviceDescription@COPOSMICR@@UAGJPAPA_W@Z 1000bf13 f   MICRImpl.obj
 0001:0000af2c       ?get_DeviceEnabled@COPOSMICR@@UAGJPAF@Z 1000bf2c f   MICRImpl.obj
 0001:0000af42       ?get_DeviceName@COPOSMICR@@UAGJPAPA_W@Z 1000bf42 f   MICRImpl.obj
 0001:0000af5b       ?get_EPC@COPOSMICR@@UAGJPAPA_W@Z 1000bf5b f   MICRImpl.obj
 0001:0000af74       ?get_FreezeEvents@COPOSMICR@@UAGJPAF@Z 1000bf74 f   MICRImpl.obj
 0001:0000af8a       ?get_OpenResult@COPOSMICR@@UAGJPAJ@Z 1000bf8a f   MICRImpl.obj
 0001:0000afa1       ?get_PowerNotify@COPOSMICR@@UAGJPAJ@Z 1000bfa1 f   MICRImpl.obj
 0001:0000afb7       ?get_PowerState@COPOSMICR@@UAGJPAJ@Z 1000bfb7 f   MICRImpl.obj
 0001:0000afcd       ?get_RawData@COPOSMICR@@UAGJPAPA_W@Z 1000bfcd f   MICRImpl.obj
 0001:0000afe6       ?get_ResultCode@COPOSMICR@@UAGJPAJ@Z 1000bfe6 f   MICRImpl.obj
 0001:0000b024       ?get_ResultCodeExtended@COPOSMICR@@UAGJPAJ@Z 1000c024 f   MICRImpl.obj
 0001:0000b03a       ?get_SerialNumber@COPOSMICR@@UAGJPAPA_W@Z 1000c03a f   MICRImpl.obj
 0001:0000b053       ?get_ServiceObjectDescription@COPOSMICR@@UAGJPAPA_W@Z 1000c053 f   MICRImpl.obj
 0001:0000b06c       ?get_ServiceObjectVersion@COPOSMICR@@UAGJPAJ@Z 1000c06c f   MICRImpl.obj
 0001:0000b082       ?get_State@COPOSMICR@@UAGJPAJ@Z 1000c082 f   MICRImpl.obj
 0001:0000b0ae       ?get_TransitNumber@COPOSMICR@@UAGJPAPA_W@Z 1000c0ae f   MICRImpl.obj
 0001:0000b0c7       ?put_AutoDisable@COPOSMICR@@UAGJF@Z 1000c0c7 f   MICRImpl.obj
 0001:0000b0e4       ?put_BinaryConversion@COPOSMICR@@UAGJJ@Z 1000c0e4 f   MICRImpl.obj
 0001:0000b0fa       ?put_DataEventEnabled@COPOSMICR@@UAGJF@Z 1000c0fa f   MICRImpl.obj
 0001:0000b117       ?put_DeviceEnabled@COPOSMICR@@UAGJF@Z 1000c117 f   MICRImpl.obj
 0001:0000b134       ?put_FreezeEvents@COPOSMICR@@UAGJF@Z 1000c134 f   MICRImpl.obj
 0001:0000b180       ?put_PowerNotify@COPOSMICR@@UAGJJ@Z 1000c180 f   MICRImpl.obj
 0001:0000b196       ?s_EventWindowProc@COPOSMICR@@KGJPAUHWND__@@IIJ@Z 1000c196 f i MICRImpl.obj
 0001:0000b1e8       ??_U@YAPAXI@Z              1000c1e8 f   LIBCMT:new_array.obj
 0001:0000b1f1       ??3@YAXPAXI@Z              1000c1f1 f   LIBCMT:delete_scalar_size.obj
 0001:0000b1ff       ??_V@YAXPAX@Z              1000c1ff f   LIBCMT:delete_array.obj
 0001:0000b204       ??_V@YAXPAXI@Z             1000c204 f   LIBCMT:delete_array_size.obj
 0001:0000b256       ___scrt_acquire_startup_lock 1000c256 f   LIBCMT:utility.obj
 0001:0000b288       ___scrt_dllmain_after_initialize_c 1000c288 f   LIBCMT:utility.obj
 0001:0000b2b3       ___scrt_dllmain_before_initialize_c 1000c2b3 f   LIBCMT:utility.obj
 0001:0000b2c1       ___scrt_dllmain_crt_thread_attach 1000c2c1 f   LIBCMT:utility.obj
 0001:0000b2e0       ___scrt_dllmain_crt_thread_detach 1000c2e0 f   LIBCMT:utility.obj
 0001:0000b2ed       ___scrt_dllmain_exception_filter 1000c2ed f   LIBCMT:utility.obj
 0001:0000b321       ___scrt_dllmain_uninitialize_c 1000c321 f   LIBCMT:utility.obj
 0001:0000b344       ___scrt_dllmain_uninitialize_critical 1000c344 f   LIBCMT:utility.obj
 0001:0000b351       ___scrt_initialize_crt     1000c351 f   LIBCMT:utility.obj
 0001:0000b38a       ___scrt_initialize_onexit_tables 1000c38a f   LIBCMT:utility.obj
 0001:0000b411       ___scrt_is_nonwritable_in_current_image 1000c411 f   LIBCMT:utility.obj
 0001:0000b4a5       ___scrt_release_startup_lock 1000c4a5 f   LIBCMT:utility.obj
 0001:0000b4c2       ___scrt_uninitialize_crt   1000c4c2 f   LIBCMT:utility.obj
 0001:0000b4ea       __onexit                   1000c4ea f   LIBCMT:utility.obj
 0001:0000b517       _atexit                    1000c517 f   LIBCMT:utility.obj
 0001:0000b52c       ??3@YAXPAX@Z               1000c52c f   LIBCMT:delete_scalar.obj
 0001:0000b5f6       __Init_thread_footer       1000c5f6 f   LIBCMT:thread_safe_statics.obj
 0001:0000b640       __Init_thread_header       1000c640 f   LIBCMT:thread_safe_statics.obj
 0001:0000b692       __Init_thread_notify       1000c692 f   LIBCMT:thread_safe_statics.obj
 0001:0000b6c8       __Init_thread_wait         1000c6c8 f   LIBCMT:thread_safe_statics.obj
 0001:0000b716       ___raise_securityfailure   1000c716 f   LIBCMT:gs_report.obj
 0001:0000b73e       ___report_gsfailure        1000c73e f   LIBCMT:gs_report.obj
 0001:0000b837       ___report_rangecheckfailure 1000c837 f   LIBCMT:gs_report.obj
 0001:0000b843       ___report_securityfailure  1000c843 f   LIBCMT:gs_report.obj
 0001:0000b911       ??2@YAPAXIABUnothrow_t@std@@@Z 1000c911 f   LIBCMT:new_scalar_nothrow.obj
 0001:0000b961       ??_U@YAPAXIABUnothrow_t@std@@@Z 1000c961 f   LIBCMT:new_array_nothrow.obj
 0001:0000b96a       @__security_check_cookie@4 1000c96a f   LIBCMT:secchk.obj
 0001:0000b980       __SEH_prolog4_GS           1000c980 f   LIBCMT:sehprolg4gs.obj
 0001:0000b9c9       __SEH_epilog4_GS           1000c9c9 f   LIBCMT:sehprolg4gs.obj
 0001:0000b9e0       __alloca_probe_16          1000c9e0 f   LIBCMT:alloca16.obj
 0001:0000b9f6       __alloca_probe_8           1000c9f6     LIBCMT:alloca16.obj
 0001:0000ba10       __alloca_probe             1000ca10 f   LIBCMT:chkstk.obj
 0001:0000ba10       __chkstk                   1000ca10 f   LIBCMT:chkstk.obj
 0001:0000bd78       __DllMainCRTStartup@12     1000cd78 f   LIBCMT:dll_dllmain.obj
 0001:0000bd9b       ??2@YAPAXI@Z               1000cd9b f   LIBCMT:new_scalar.obj
 0001:0000bdcb       ___isa_available_init      1000cdcb f   LIBCMT:cpu_disp.obj
 0001:0000bf9b       ___scrt_is_ucrt_dll_in_use 1000cf9b f   LIBCMT:ucrt_detection.obj
 0001:0000bfa7       ___scrt_fastfail           1000cfa7 f   LIBCMT:utility_desktop.obj
 0001:0000c0c1       __crt_debugger_hook        1000d0c1 f   LIBCMT:utility_desktop.obj
 0001:0000c0d0       __SEH_prolog4              1000d0d0 f   LIBCMT:sehprolg4.obj
 0001:0000c116       __SEH_epilog4              1000d116 f   LIBCMT:sehprolg4.obj
 0001:0000c12b       @_guard_check_icall_nop@4  1000d12b f i LIBCMT:guard_support.obj
 0001:0000c179       ___security_init_cookie    1000d179 f   LIBCMT:gs_support.obj
 0001:0000c1c4       ?__scrt_initialize_type_info@@YAXXZ 1000d1c4 f   LIBCMT:tncleanup.obj
 0001:0000c1d0       ?__scrt_uninitialize_type_info@@YAXXZ 1000d1d0 f   LIBCMT:tncleanup.obj
 0001:0000c1dc       ___local_stdio_scanf_options 1000d1dc f i LIBCMT:default_local_stdio_options.obj
 0001:0000c1e2       ___scrt_initialize_default_local_stdio_options 1000d1e2 f   LIBCMT:default_local_stdio_options.obj
 0001:0000c1ff       ___scrt_get_dyn_tls_init_callback 1000d1ff f   LIBCMT:dyn_tls_init.obj
 0001:0000c205       __RTC_Initialize           1000d205 f   LIBCMT:initsect.obj
 0001:0000c231       __RTC_Terminate            1000d231 f   LIBCMT:initsect.obj
 0001:0000c25d       ??0bad_alloc@std@@QAE@ABV01@@Z 1000d25d f i LIBCMT:throw_bad_alloc.obj
 0001:0000c278       ??0bad_alloc@std@@QAE@XZ   1000d278 f i LIBCMT:throw_bad_alloc.obj
 0001:0000c290       ??0bad_array_new_length@std@@QAE@ABV01@@Z 1000d290 f i LIBCMT:throw_bad_alloc.obj
 0001:0000c2ab       ??0bad_array_new_length@std@@QAE@XZ 1000d2ab f i LIBCMT:throw_bad_alloc.obj
 0001:0000c2c3       ??0exception@std@@QAE@ABV01@@Z 1000d2c3 f i LIBCMT:throw_bad_alloc.obj
 0001:0000c2ef       ??1bad_alloc@std@@UAE@XZ   1000d2ef f i LIBCMT:throw_bad_alloc.obj
 0001:0000c2ef       ??1bad_exception@std@@UAE@XZ 1000d2ef f i libvcruntime:frame.obj
 0001:0000c2ef       ??1bad_array_new_length@std@@UAE@XZ 1000d2ef f i LIBCMT:throw_bad_alloc.obj
 0001:0000c300       ??_Gexception@std@@UAEPAXI@Z 1000d300 f i LIBCMT:throw_bad_alloc.obj
 0001:0000c300       ??_Eexception@std@@UAEPAXI@Z 1000d300 f i LIBCMT:throw_bad_alloc.obj
 0001:0000c300       ??_Ebad_exception@std@@UAEPAXI@Z 1000d300 f i libvcruntime:frame.obj
 0001:0000c300       ??_Gbad_exception@std@@UAEPAXI@Z 1000d300 f i libvcruntime:frame.obj
 0001:0000c300       ??_Gbad_alloc@std@@UAEPAXI@Z 1000d300 f i LIBCMT:throw_bad_alloc.obj
 0001:0000c300       ??_Gbad_array_new_length@std@@UAEPAXI@Z 1000d300 f i LIBCMT:throw_bad_alloc.obj
 0001:0000c300       ??_Ebad_alloc@std@@UAEPAXI@Z 1000d300 f i LIBCMT:throw_bad_alloc.obj
 0001:0000c300       ??_Ebad_array_new_length@std@@UAEPAXI@Z 1000d300 f i LIBCMT:throw_bad_alloc.obj
 0001:0000c32d       ?__scrt_throw_std_bad_alloc@@YAXXZ 1000d32d f   LIBCMT:throw_bad_alloc.obj
 0001:0000c34a       ?__scrt_throw_std_bad_array_new_length@@YAXXZ 1000d34a f   LIBCMT:throw_bad_alloc.obj
 0001:0000c367       ?what@exception@std@@UBEPBDXZ 1000d367 f i LIBCMT:throw_bad_alloc.obj
 0001:0000c374       ??_Etype_info@@UAEPAXI@Z   1000d374 f i LIBCMT:std_type_info_static.obj
 0001:0000c374       ??_Gtype_info@@UAEPAXI@Z   1000d374 f i LIBCMT:std_type_info_static.obj
 0001:0000c397       ??0CAtlBaseModule@ATL@@QAE@XZ 1000d397 f   atls:atlbase.obj
 0001:0000c3ea       ??0_ATL_BASE_MODULE70@ATL@@QAE@XZ 1000d3ea f i atls:atlbase.obj
 0001:0000c40d       ??1CAtlBaseModule@ATL@@QAE@XZ 1000d40d f   atls:atlbase.obj
 0001:0000c4fa       ?Init@_stdcallthunk@ATL@@QAEHKPAX@Z 1000d4fa f i atls:atlthunk.obj
 0001:0000c52f       ?__AllocStdCallThunk_cmn@@YAPAXXZ 1000d52f f   atls:atlthunk.obj
 0001:0000c5f5       ?__FreeStdCallThunk_cmn@@YAXPAX@Z 1000d5f5 f   atls:atlthunk.obj
 0001:0000c690       _AtlThunk_AllocateData@0   1000d690 f   atls:atlthunk.obj
 0001:0000c6f5       _AtlThunk_DataToCode@4     1000d6f5 f   atls:atlthunk.obj
 0001:0000c73c       _AtlThunk_FreeData@4       1000d73c f   atls:atlthunk.obj
 0001:0000c792       _AtlThunk_InitData@12      1000d792 f   atls:atlthunk.obj
 0001:0000c7e1       __get_purecall_handler     1000d7e1 f   libvcruntime:purevirt.obj
 0001:0000c7e7       __purecall                 1000d7e7 f   libvcruntime:purevirt.obj
 0001:0000c803       _wcsstr                    1000d803 f   libvcruntime:wcsstr.obj
 0001:0000cac0       __except_handler4          1000dac0 f   libvcruntime:chandler4.obj
 0001:0000cc1e       _memcmp                    1000dc1e f   libvcruntime:memcmp.obj
 0001:0000dbd0       _memcpy                    1000ebd0 f   libvcruntime:memcpy.obj
 0001:0000e150       _memset                    1000f150 f   libvcruntime:memset.obj
 0001:0000e2aa       ___vcrt_initialize         1000f2aa f   libvcruntime:initialization.obj
 0001:0000e2c9       ___vcrt_thread_attach      1000f2c9 f   libvcruntime:initialization.obj
 0001:0000e2d4       ___vcrt_thread_detach      1000f2d4 f   libvcruntime:initialization.obj
 0001:0000e2df       ___vcrt_uninitialize       1000f2df f   libvcruntime:initialization.obj
 0001:0000e2f6       ___vcrt_uninitialize_critical 1000f2f6 f   libvcruntime:initialization.obj
 0001:0000e2fe       ?GetRangeOfTrysToCheck@__FrameHandler3@@SA?AU?$pair@Viterator@TryBlockMap@__FrameHandler3@@V123@@std@@AAVTryBlockMap@1@HPAXPBU_s_FuncInfo@@H@Z 1000f2fe f   libvcruntime:trnsctrl.obj
 0001:0000e36e       ?_CallCatchBlock2@@YAPAXPAUEHRegistrationNode@@PBU_s_FuncInfo@@PAXHK@Z 1000f36e f   libvcruntime:trnsctrl.obj
 0001:0000e3cc       ?_CallSETranslator@@YAHPAUEHExceptionRecord@@PAUEHRegistrationNode@@PAX2PBU_s_FuncInfo@@H1@Z 1000f3cc f   libvcruntime:trnsctrl.obj
 0001:0000e4b2       ?_JumpToContinuation@@YGXPAXPAUEHRegistrationNode@@@Z 1000f4b2 f   libvcruntime:trnsctrl.obj
 0001:0000e4e2       ?_UnwindNestedFrames@@YGXPAUEHRegistrationNode@@PAUEHExceptionRecord@@@Z 1000f4e2 f   libvcruntime:trnsctrl.obj
 0001:0000e535       __CatchGuardHandler        1000f535 f   libvcruntime:trnsctrl.obj
 0001:0000e566       __CreateFrameInfo          1000f566 f   libvcruntime:trnsctrl.obj
 0001:0000e58a       __FindAndUnlinkFrame       1000f58a f   libvcruntime:trnsctrl.obj
 0001:0000e5d2       __TranslatorGuardHandler   1000f5d2 f   libvcruntime:trnsctrl.obj
 0001:0000e66f       ___CxxFrameHandler3        1000f66f f   libvcruntime:trnsctrl.obj
 0001:0000e6a5       ___DestructExceptionObject 1000f6a5 f   libvcruntime:ehhelpers.obj
[...]
 0002:00002d18       ?strings@?1??fp_format_nan_or_infinity@@YAHW4__acrt_fp_class@@_NPADI1@Z@4QAY03QBDA 10021d18     libucrt:cvt.obj
 0002:00003260       ?_mb_locale_names@@3QBQB_WB 10022260     libucrt:mbctype.obj
 0002:00003aa8       ?LcidToLocaleNameTable@?A0x881e4c05@@3QBULcidToLocaleName@1@B 10022aa8     libucrt:lcidtoname_downlevel.obj
 0002:00004bd0       ?LocaleNameToIndexTable@?A0x881e4c05@@3QBULocaleNameIndex@1@B 10023bd0     libucrt:lcidtoname_downlevel.obj
 0002:00006428       ?large_power_indices@?1??multiply_by_power_of_ten@__crt_strtox@@YA_NAAUbig_integer@2@I@Z@4QBUunpack_index@?1??12@YA_N0I@Z@B 10025428     libucrt:cfout.obj
 0002:00006510       LOG_name                   10025510     libucrt:log10_impl.obj
 0002:00006520       _One                       10025520     libucrt:ceil_pentium4.obj
 0002:00006530       _Bns                       10025530     libucrt:ceil_pentium4.obj
 0002:00006540       _Zero                      10025540     libucrt:ceil_pentium4.obj
 0002:00006550       _S                         10025550     libucrt:ceil_pentium4.obj
 0002:00006560       _NegZero                   10025560     libucrt:ceil_pentium4.obj
 0002:00006570       emask                      10025570     libucrt:log10_pentium4.obj
 0002:00006580       CC                         10025580     libucrt:log10_pentium4.obj
 0002:00006590       Magic                      10025590     libucrt:log10_pentium4.obj
 0002:000065a0       hi_mask                    100255a0     libucrt:log10_pentium4.obj
 0002:000065b0       LOG10_2                    100255b0     libucrt:log10_pentium4.obj
 0002:000065c0       place_L                    100255c0     libucrt:log10_pentium4.obj
 0002:000065e0       One                        100255e0     libucrt:log10_pentium4.obj
 0002:000065f0       Zero                       100255f0     libucrt:log10_pentium4.obj
 0002:00006600       Two52                      10025600     libucrt:log10_pentium4.obj
 0002:00006610       Infs                       10025610     libucrt:log10_pentium4.obj
 0002:00006620       NaN                        10025620     libucrt:log10_pentium4.obj
 0002:00006630       coeff                      10025630     libucrt:log10_pentium4.obj
 0002:0000668e       _log2max                   1002568e     libucrt:87tran.obj
 0002:00006698       _smallarg                  10025698     libucrt:87tran.obj
 0002:000066a2       _half                      100256a2     libucrt:87tran.obj
 0002:000066ee       One                        100256ee     libucrt:87disp.obj
 0002:000066f6       Three                      100256f6     libucrt:87disp.obj
 0002:000066fe       XAMtoTagTab                100256fe     libucrt:87disp.obj
 0002:00006710       One                        10025710     libucrt:common.obj
 0002:00006724       DblMax                     10025724     libucrt:common.obj
 0002:0000672c       DblMin                     1002572c     libucrt:common.obj
 0002:00006734       IeeeAdjO                   10025734     libucrt:common.obj
 0002:0000673c       IeeeAdjU                   1002573c     libucrt:common.obj
 0002:00006744       _infinity                  10025744     libucrt:common.obj
 0002:0000674c       _zero                      1002574c     libucrt:common.obj
 0002:00006798       _over                      10025798     libucrt:fpctrl.obj
 0002:000067a4       _under                     100257a4     libucrt:fpctrl.obj
 0002:00006fd8       ?_names@?1??_get_fname@@9@9 10025fd8     libucrt:fpexcept.obj
 0002:00007180       two32                      10026180     LIBCMT:ftol2.obj
 0002:00007184       two63                      10026184     LIBCMT:ftol2.obj
 0002:00007188       _NaN                       10026188     LIBCMT:ftol2.obj
 0002:00007830       __sehtable$?_AtlVerifyStackAvailable@_ATL_SAFE_ALLOCA_IMPL@ATL@@YA_NK@Z 10026830     MICR.obj
 0002:00007850       __sehtable$___scrt_is_nonwritable_in_current_image 10026850     LIBCMT:utility.obj
 0002:0000786c       __catchsym$??2@YAPAXIABUnothrow_t@std@@@Z$2 1002686c     LIBCMT:new_scalar_nothrow.obj
 0002:0000787c       __unwindtable$??2@YAPAXIABUnothrow_t@std@@@Z 1002687c     LIBCMT:new_scalar_nothrow.obj
 0002:0000788c       __tryblocktable$??2@YAPAXIABUnothrow_t@std@@@Z 1002688c     LIBCMT:new_scalar_nothrow.obj
 0002:000078a0       __ehfuncinfo$??2@YAPAXIABUnothrow_t@std@@@Z 100268a0     LIBCMT:new_scalar_nothrow.obj
 0002:000078c8       __sehtable$?dllmain_crt_process_attach@@YAHQAUHINSTANCE__@@QAX@Z 100268c8     LIBCMT:dll_dllmain.obj
 0002:000078e8       __sehtable$?dllmain_crt_process_detach@@YAH_N@Z 100268e8     LIBCMT:dll_dllmain.obj
 0002:00007910       __sehtable$?dllmain_dispatch@@YAHQAUHINSTANCE__@@KQAX@Z 10026910     LIBCMT:dll_dllmain.obj
 0002:000079c0       __sehtable$___DestructExceptionObject 100269c0     libvcruntime:ehhelpers.obj
 0002:000079e0       __sehtable$?FrameUnwindToState@__FrameHandler3@@SAXPAUEHRegistrationNode@@PAXPBU_s_FuncInfo@@H@Z 100269e0     libvcruntime:frame.obj
 0002:00007a08       __sehtable$?CallCatchBlock@@YAPAXPAUEHExceptionRecord@@PAUEHRegistrationNode@@PAU_CONTEXT@@PBU_s_FuncInfo@@PAXHK@Z 10026a08     libvcruntime:frame.obj
 0002:00007a30       __catchsym$?CallUnexpected@@YAXPBU_s_ESTypeList@@@Z$2 10026a30     libvcruntime:frame.obj
 0002:00007a40       __unwindtable$?CallUnexpected@@YAXPBU_s_ESTypeList@@@Z 10026a40     libvcruntime:frame.obj
 0002:00007a50       __tryblocktable$?CallUnexpected@@YAXPBU_s_ESTypeList@@@Z 10026a50     libvcruntime:frame.obj
 0002:00007a64       __ehfuncinfo$?CallUnexpected@@YAXPBU_s_ESTypeList@@@Z 10026a64     libvcruntime:frame.obj
 0002:00007a88       __sehtable$??$BuildCatchObjectHelperInternal@V__FrameHandler3@@@@YAHPAUEHExceptionRecord@@PAXPBU_s_HandlerType@@PBU_s_CatchableType@@@Z 10026a88     libvcruntime:frame.obj
 0002:00007aa8       __sehtable$??$BuildCatchObjectInternal@V__FrameHandler3@@@@YAXPAUEHExceptionRecord@@PAXPBU_s_HandlerType@@PBU_s_CatchableType@@@Z 10026aa8     libvcruntime:frame.obj
 0002:00007b00       __sehtable$??R<lambda_6e4b09c48022b2350581041d5f6b0c4c>@@QBE@XZ 10026b00     libucrt:exit.obj
 0002:00007b20       __sehtable$??$?RV<lambda_03b1d95aef87969028cfba75ccab2455>@@AAV<lambda_6e4b09c48022b2350581041d5f6b0c4c>@@V<lambda_22bdf7517842c4b3e53723af5aa32b9e>@@@?$__crt_seh_guarded_call@X@@QAEX$$QAV<lambda_03b1d95aef87969028cfba75ccab2455>@@AAV<lambda_6e4b09c48022b2350581041d5f6b0c4c>@@$$QAV<lambda_22bdf7517842c4b3e53723af5aa32b9e>@@@Z 10026b20     libucrt:exit.obj
 0002:00007b40       __sehtable$??$?RV<lambda_8e746cf0007f6ed984d6f78af1fec997>@@AAV<lambda_22ebabd17bc4fa466a2aca6d8deb888d>@@V<lambda_18ed0c0b38a6dc0daf1e7ac6d6adf05e>@@@?$__crt_seh_guarded_call@H@@QAEH$$QAV<lambda_8e746cf0007f6ed984d6f78af1fec997>@@AAV<lambda_22ebabd17bc4fa466a2aca6d8deb888d>@@$$QAV<lambda_18ed0c0b38a6dc0daf1e7ac6d6adf05e>@@@Z 10026b40     libucrt:onexit.obj
 0002:00007b60       __sehtable$??$?RV<lambda_69a2805e680e0e292e8ba93315fe43a8>@@AAV<lambda_f03950bc5685219e0bcd2087efbe011e>@@V<lambda_03fcd07e894ec930e3f35da366ca99d6>@@@?$__crt_seh_guarded_call@H@@QAEH$$QAV<lambda_69a2805e680e0e292e8ba93315fe43a8>@@AAV<lambda_f03950bc5685219e0bcd2087efbe011e>@@$$QAV<lambda_03fcd07e894ec930e3f35da366ca99d6>@@@Z 10026b60     libucrt:onexit.obj
 0002:00007b80       __sehtable$__query_new_handler 10026b80     libucrt:new_handler.obj
 0002:00007ba0       __sehtable$_terminate      10026ba0     libucrt:terminate.obj
 0002:00007bc0       __sehtable$??$?RV<lambda_15ade71b0218206bbe3333a0c9b79046>@@AAV<lambda_da44e0f8b0f19ba52fefafb335991732>@@V<lambda_207f2d024fc103971653565357d6cd41>@@@?$__crt_seh_guarded_call@X@@QAEX$$QAV<lambda_15ade71b0218206bbe3333a0c9b79046>@@AAV<lambda_da44e0f8b0f19ba52fefafb335991732>@@$$QAV<lambda_207f2d024fc103971653565357d6cd41>@@@Z 10026bc0     libucrt:per_thread_data.obj
 0002:00007be0       __sehtable$??$?RV<lambda_a7e850c220f1c8d1e6efeecdedd162c6>@@AAV<lambda_46720907175c18b6c9d2717bc0d2d362>@@V<lambda_9048902d66e8d99359bc9897bbb930a8>@@@?$__crt_seh_guarded_call@X@@QAEX$$QAV<lambda_a7e850c220f1c8d1e6efeecdedd162c6>@@AAV<lambda_46720907175c18b6c9d2717bc0d2d362>@@$$QAV<lambda_9048902d66e8d99359bc9897bbb930a8>@@@Z 10026be0     libucrt:per_thread_data.obj
 0002:00007c00       __sehtable$??$?RV<lambda_38edbb1296d33220d7e4dd0ed76b244a>@@AAV<lambda_5ce1d447e08cb34b2473517608e21441>@@V<lambda_fb385d3da700c9147fc39e65dd577a8c>@@@?$__crt_seh_guarded_call@X@@QAEX$$QAV<lambda_38edbb1296d33220d7e4dd0ed76b244a>@@AAV<lambda_5ce1d447e08cb34b2473517608e21441>@@$$QAV<lambda_fb385d3da700c9147fc39e65dd577a8c>@@@Z 10026c00     libucrt:per_thread_data.obj
 0002:00007c20       __sehtable$??$?RV<lambda_6affb1475c98b40b75cdec977db92e3c>@@AAV<lambda_b8d4b9c228a6ecc3f80208dbb4b4a104>@@V<lambda_608742c3c92a14382c1684fc64f96c88>@@@?$__crt_seh_guarded_call@X@@QAEX$$QAV<lambda_6affb1475c98b40b75cdec977db92e3c>@@AAV<lambda_b8d4b9c228a6ecc3f80208dbb4b4a104>@@$$QAV<lambda_608742c3c92a14382c1684fc64f96c88>@@@Z 10026c20     libucrt:per_thread_data.obj
 0002:00007c40       __sehtable$??$?RV<lambda_e5124f882df8998aaf41531e079ba474>@@AAV<lambda_3e16ef9562a7dcce91392c22ab16ea36>@@V<lambda_e25ca0880e6ef98be67edffd8c599615>@@@?$__crt_seh_guarded_call@X@@QAEX$$QAV<lambda_e5124f882df8998aaf41531e079ba474>@@AAV<lambda_3e16ef9562a7dcce91392c22ab16ea36>@@$$QAV<lambda_e25ca0880e6ef98be67edffd8c599615>@@@Z 10026c40     libucrt:wsetlocale.obj
 0002:00007c60       __sehtable$___acrt_initialize_lowio 10026c60     libucrt:ioinit.obj
 0002:00007c80       __sehtable$?update_thread_multibyte_data_internal@@YAPAU__crt_multibyte_data@@QAU__acrt_ptd@@QAPAU1@@Z 10026c80     libucrt:mbctype.obj
 0002:00007ca0       __sehtable$??$?RV<lambda_ceb1ee4838e85a9d631eb091e2fbe199>@@AAV<lambda_ae742caa10f662c28703da3d2ea5e57e>@@V<lambda_cd08b5d6af4937fe54fc07d0c9bf6b37>@@@?$__crt_seh_guarded_call@X@@QAEX$$QAV<lambda_ceb1ee4838e85a9d631eb091e2fbe199>@@AAV<lambda_ae742caa10f662c28703da3d2ea5e57e>@@$$QAV<lambda_cd08b5d6af4937fe54fc07d0c9bf6b37>@@@Z 10026ca0     libucrt:mbctype.obj
 0002:00007cc0       __sehtable$_raise          10026cc0     libucrt:signal.obj
 0002:00007ce0       __sehtable$??$?RV<lambda_cbab9ec6f41b0180b23cc171c22676b0>@@AAV<lambda_44731a7d0e6d81c3e6aa82d741081786>@@V<lambda_4b292cb8dd18144e164572427af410ab>@@@?$__crt_seh_guarded_call@P6AXH@Z@@QAEP6AXH@Z$$QAV<lambda_cbab9ec6f41b0180b23cc171c22676b0>@@AAV<lambda_44731a7d0e6d81c3e6aa82d741081786>@@$$QAV<lambda_4b292cb8dd18144e164572427af410ab>@@@Z 10026ce0     libucrt:signal.obj
 0002:00007d00       __sehtable$??$?RV<lambda_2866be3712abc81a800a822484c830d8>@@AAV<lambda_39ca0ed439415581b5b15c265174cece>@@V<lambda_2b24c74d71094a6cd0cb82e44167d71b>@@@?$__crt_seh_guarded_call@X@@QAEX$$QAV<lambda_2866be3712abc81a800a822484c830d8>@@AAV<lambda_39ca0ed439415581b5b15c265174cece>@@$$QAV<lambda_2b24c74d71094a6cd0cb82e44167d71b>@@@Z 10026d00     libucrt:fflush.obj
 0002:00007d20       __sehtable$??$?RV<lambda_2cc53f568c5a2bb6f192f930a45d44ea>@@AAV<lambda_ab61a845afdef5b7c387490eaf3616ee>@@V<lambda_c2ffc0b7726aa6be21d5f0026187e748>@@@?$__crt_seh_guarded_call@X@@QAEX$$QAV<lambda_2cc53f568c5a2bb6f192f930a45d44ea>@@AAV<lambda_ab61a845afdef5b7c387490eaf3616ee>@@$$QAV<lambda_c2ffc0b7726aa6be21d5f0026187e748>@@@Z 10026d20     libucrt:fflush.obj
 0002:00007d40       __sehtable$___acrt_update_thread_locale_data 10026d40     libucrt:locale_refcounting.obj
 0002:00007d60       __sehtable$__fcloseall     10026d60     libucrt:closeall.obj
 0002:00007d80       __sehtable$___acrt_lowio_ensure_fh_exists 10026d80     libucrt:osfinfo.obj
 0002:00007da0       __sehtable$??$?RV<lambda_9e9de3de5fa147e2223d7db92bc10aa6>@@AAV<lambda_38ce7e780aa69e748d6df282ebc68efe>@@V<lambda_8ca6da459f0f6780f1cff60fdc3d00e5>@@@?$__crt_seh_guarded_call@H@@QAEH$$QAV<lambda_9e9de3de5fa147e2223d7db92bc10aa6>@@AAV<lambda_38ce7e780aa69e748d6df282ebc68efe>@@$$QAV<lambda_8ca6da459f0f6780f1cff60fdc3d00e5>@@@Z 10026da0     libucrt:commit.obj
 0002:00007dc0       __sehtable$__write         10026dc0     libucrt:write.obj
 0002:00007de0       __sehtable$_fclose         10026de0     libucrt:fclose.obj
 0002:00007e00       __sehtable$??$?RV<lambda_218ce3db14220d0be481dae8ef3383b6>@@AAV<lambda_628dfdc04ba53c8bfc02c9951375f3f5>@@V<lambda_57dc472bd5c9d5f3b2cbca59b8a843ae>@@@?$__crt_seh_guarded_call@H@@QAEH$$QAV<lambda_218ce3db14220d0be481dae8ef3383b6>@@AAV<lambda_628dfdc04ba53c8bfc02c9951375f3f5>@@$$QAV<lambda_57dc472bd5c9d5f3b2cbca59b8a843ae>@@@Z 10026e00     libucrt:close.obj
 0002:00007e20       __sehtable$__IsNonwritableInCurrentImage 10026e20     LIBCMT:pesect.obj
 0002:00007e50       .edata                     10026e50     OPOSMICR.exp
 0002:00007e78       rgpv                       10026e78     OPOSMICR.exp
 0002:00007e88       rgszName                   10026e88     OPOSMICR.exp
 0002:00007e98       rgwOrd                     10026e98     OPOSMICR.exp
 0002:00007ea0       szName                     10026ea0     OPOSMICR.exp
 0002:00007ead       $N00001                    10026ead     OPOSMICR.exp
 0002:00007ebd       $N00002                    10026ebd     OPOSMICR.exp
 0002:00007ecf       $N00003                    10026ecf     OPOSMICR.exp
 0002:00007ee1       $N00004                    10026ee1     OPOSMICR.exp
 0002:000084f2       .idata$6                   100274f2     kernel32:KERNEL32.dll
 0002:00008706       .idata$6                   10027706     user32:USER32.dll
 0002:0000883a       .idata$6                   1002783a     gdi32:GDI32.dll
 0002:000088e0       .idata$6                   100278e0     advapi32:ADVAPI32.dll
 0002:000089fc       .idata$6                   100279fc     ole32:ole32.dll
 0002:00008a06       .idata$6                   10027a06     oleaut32:OLEAUT32.dll
 0003:00000110       ?ObjectMap@@3PAU_ATL_OBJMAP_ENTRY30@ATL@@A 10028110     MICR.obj
 0003:000001b8       ?s_SOMethodNames@@3PAPADA  100281b8     MICRImpl.obj
 0003:00000214       ?s_RequiredMethodsPerRelease@@3PAHA 10028214     MICRImpl.obj
 0003:00000260       ?__vcrt_flsindex@@3KA      10028260     libvcruntime:per_thread_data.obj
 0003:00000280       ?errno_no_memory@@3HA      10028280     libucrt:errno.obj
 0003:00000284       ?doserrno_no_memory@@3KA   10028284     libucrt:errno.obj
 0003:00000290       ?__acrt_flsindex@@3KA      10028290     libucrt:per_thread_data.obj
 0003:00000628       __mbctypes                 10028628     libucrt:mbctype.obj
 0003:00000730       __mbcasemaps               10028730     libucrt:mbctype.obj
 0003:00000830       ?__rgctypeflag@@3PADA      10028830     libucrt:mbctype.obj
 0003:00000838       ?__rgcode_page_info@@3PAUcode_page_info@@A 10028838     libucrt:mbctype.obj
 0003:00000a90       ?__dcrt_lowio_console_output_handle@@3PAXA 10028a90     libucrt:initcon.obj
 0003:00000c28       ?is_initialized_as_dll@@3_NA 10028c28     LIBCMT:utility.obj
 0003:00000c29       ?module_local_atexit_table_initialized@@3_NA 10028c29     LIBCMT:utility.obj
 0003:00000c2c       ?module_local_atexit_table@@3U_onexit_table_t@@A 10028c2c     LIBCMT:utility.obj
 0003:00000c38       ?module_local_at_quick_exit_table@@3U_onexit_table_t@@A 10028c38     LIBCMT:utility.obj
 0003:00000c44       ?g_tss_cv@@3U_RTL_CONDITION_VARIABLE@@A 10028c44     LIBCMT:thread_safe_statics.obj
 0003:00000c48       ?g_tss_event@@3PAXA        10028c48     LIBCMT:thread_safe_statics.obj
 0003:00000c4c       ?g_tss_mutex@@3U_RTL_CRITICAL_SECTION@@A 10028c4c     LIBCMT:thread_safe_statics.obj
 0003:00000c64       ?g_sleep_condition_variable_cs@@3P6GHPAU_RTL_CONDITION_VARIABLE@@PAU_RTL_CRITICAL_SECTION@@K@ZA 10028c64     LIBCMT:thread_safe_statics.obj
 0003:00000c68       ?g_wake_all_condition_variable@@3P6GXPAU_RTL_CONDITION_VARIABLE@@@ZA 10028c68     LIBCMT:thread_safe_statics.obj
 0003:00000c70       _GS_ExceptionRecord        10028c70     LIBCMT:gs_report.obj
 0003:00000cc0       _GS_ContextRecord          10028cc0     LIBCMT:gs_report.obj
 0003:00000f90       ?__proc_attached@@3HA      10028f90     LIBCMT:dll_dllmain.obj
 0003:00000fec       ?AllocateData@@3P6GPAUAtlThunkData_t@@XZA 10028fec     atls:atlthunk.obj
 0003:00000ff0       ?InitData@@3P6GXPAUAtlThunkData_t@@PAXI@ZA 10028ff0     atls:atlthunk.obj
 0003:00000ff4       ?DataToCode@@3P6GP6GJPAUHWND__@@IIJ@ZPAUAtlThunkData_t@@@ZA 10028ff4     atls:atlthunk.obj
 0003:00000ff8       ?FreeData@@3P6GXPAUAtlThunkData_t@@@ZA 10028ff8     atls:atlthunk.obj
 0003:00000ffc       ?Initialized@@3_NA         10028ffc     atls:atlthunk.obj
 0003:0000100c       ?__vcrt_startup_thread_ptd@@3U__vcrt_ptd@@A 1002900c     libvcruntime:per_thread_data.obj
 0003:00001034       ___vcrt_lock_table         10029034     libvcruntime:locks.obj
 0003:0000104c       ___vcrt_locks_initialized  1002904c     libvcruntime:locks.obj
 0003:00001078       ?heap@@3V_HeapManager@@A   10029078     libvcruntime:undname.obj
 0003:0000108c       ?module_handles@@3PAPAUHINSTANCE__@@A 1002908c     libvcruntime:winapi_downlevel.obj
 0003:00001098       ?function_pointers@@3PAPAXA 10029098     libvcruntime:winapi_downlevel.obj
 0003:000010ac       ?__acrt_invalid_parameter_handler@@3V?$dual_state_global@P6AXPB_W00II@Z@__crt_state_management@@A 100290ac     libucrt:invalid_parameter.obj
 0003:000010b0       ?c_termination_complete@@3JA 100290b0     libucrt:exit.obj
 0003:000010b4       ?thread_local_exit_callback_func@@3P6GXPAXK0@ZA 100290b4     libucrt:exit.obj
 0003:000010c0       ?program_name@?1???$common_configure_argv@D@@YAHW4_crt_argv_mode@@@Z@4PADA 100290c0     libucrt:argv_parsing.obj
 0003:000011f0       ?__acrt_new_handler@@3V?$dual_state_global@P6AHI@Z@__crt_state_management@@A 100291f0     libucrt:new_handler.obj
 0003:000011f8       ?module_handles@@3PAPAUHINSTANCE__@@A 100291f8     libucrt:winapi_thunks.obj
 0003:00001248       ?encoded_function_pointers@@3PAPAXA 10029248     libucrt:winapi_thunks.obj
 0003:000012d0       ?internal_state@?1??_mbtowc_l@@9@4U_Mbstatet@@A 100292d0     libucrt:mbtowc.obj
 0003:000012e0       ?enable_percent_n@@3IA     100292e0     libucrt:printf_count_output.obj
 0003:00001500       ?__acrt_lock_table@@3PAU_RTL_CRITICAL_SECTION@@A 10029500     libucrt:locks.obj
 0003:00001650       ?__acrt_locks_initialized@@3IA 10029650     libucrt:locks.obj
 0003:00001660       ?fSystemSet@@3HA           10029660     libucrt:mbctype.obj
 0003:00001664       ?initialized@?1??__acrt_initialize_multibyte@@9@4_NA 10029664     libucrt:mbctype.obj
 0003:00001684       ?ctrlc_action@@3V?$dual_state_global@P6AXH@Z@__crt_state_management@@A 10029684     libucrt:signal.obj
 0003:00001688       ?ctrlbreak_action@@3V?$dual_state_global@P6AXH@Z@__crt_state_management@@A 10029688     libucrt:signal.obj
 0003:0000168c       ?abort_action@@3V?$dual_state_global@P6AXH@Z@__crt_state_management@@A 1002968c     libucrt:signal.obj
 0003:00001690       ?term_action@@3V?$dual_state_global@P6AXH@Z@__crt_state_management@@A 10029690     libucrt:signal.obj
 0003:00001694       ?user_matherr@@3V?$dual_state_global@P6AHPAU_exception@@@Z@__crt_state_management@@A 10029694     libucrt:matherr.obj
 0003:00001698       ?__acrt_global_new_mode@@3V?$dual_state_global@J@__crt_state_management@@A 10029698     libucrt:new_mode.obj
 0003:000016a4       ?internal_pst@?1??__mbrtoc32_utf8@__crt_mbstring@@YAIPA_UPBDIPAU_Mbstatet@@@Z@4U3@A 100296a4     libucrt:mbrtoc32.obj
 0003:000016ac       ?__acrt_app_type@@3W4_crt_app_type@@A 100296ac     libucrt:report_runtime_error.obj
 0003:000016b4       __pmatherr_set             100296b4     libucrt:libm_error.obj
 0004:00000220       $R000000                   1002a220     MICR.res
 0004:00000b98       $R000978                   1002ab98     MICR.res
 0004:00000c80       $R000A60                   1002ac80     MICR.res
 0004:00000ee8       $R000CC8                   1002aee8     MICR.res
 0004:00001420       $R001200                   1002b420     MICR.res
 0004:000040b0       $R003E90                   1002e0b0     MICR.res
 0004:000040d8       $R003EB8                   1002e0d8     MICR.res
