 OPOSMSR

 Timestamp is 5ed458ed (Mon Jun  1 10:25:01 2020)

 Preferred load address is 10000000

 Start         Length     Name                   Class
 0001:00000000 00000080H .text$di                CODE
 0001:00000080 0001e973H .text$mn                CODE
 0001:0001e9f3 00000036H .text$x                 CODE
 0001:0001ea29 00000042H .text$yd                CODE
 0002:00000000 00000300H .idata$5                DATA
 0002:00000300 00000004H .00cfg                  DATA
 0002:00000304 00000004H .CRT$XCA                DATA
 0002:00000308 00000004H .CRT$XCL                DATA
 0002:0000030c 00000010H .CRT$XCU                DATA
 0002:0000031c 00000004H .CRT$XCZ                DATA
 0002:00000320 00000004H .CRT$XIA                DATA
 0002:00000324 00000010H .CRT$XIC                DATA
 0002:00000334 00000004H .CRT$XIZ                DATA
 0002:00000338 00000004H .CRT$XLA                DATA
 0002:0000033c 00000004H .CRT$XLZ                DATA
 0002:00000340 00000004H .CRT$XPA                DATA
 0002:00000344 00000008H .CRT$XPX                DATA
 0002:0000034c 00000004H .CRT$XPXA               DATA
 0002:00000350 00000004H .CRT$XPZ                DATA
 0002:00000354 00000004H .CRT$XTA                DATA
 0002:00000358 00000008H .CRT$XTZ                DATA
 0002:0000035c 00000000H .gfids$y                DATA
 0002:00000360 000074b8H .rdata                  DATA
 0002:00007818 00000018H .rdata$T                DATA
 0002:00007830 00000178H .rdata$r                DATA
 0002:000079a8 0000001cH .rdata$sxdata           DATA
 0002:000079c4 000003d8H .rdata$zzzdbg           DATA
 0002:00007d9c 00000004H .rtc$IAA                DATA
 0002:00007da0 00000004H .rtc$IZZ                DATA
 0002:00007da4 00000004H .rtc$TAA                DATA
 0002:00007da8 00000004H .rtc$TZZ                DATA
 0002:00007dac 00000004H .tls                    DATA
 0002:00007db0 00000004H .tls$                   DATA
 0002:00007db4 00000004H .tls$ZZZ                DATA
 0002:00007db8 0000062cH .xdata$x                DATA
 0002:000083e4 00000004H ATL$__a                 DATA
 0002:000083e8 00000008H ATL$__z                 DATA
 0002:000083f0 000000a4H .edata                  DATA
 0002:00008494 00000078H .idata$2                DATA
 0002:0000850c 00000014H .idata$3                DATA
 0002:00008520 00000300H .idata$4                DATA
 0002:00008820 00000bceH .idata$6                DATA
 0003:00000000 00000ac0H .data                   DATA
 0003:00000ac0 00000098H .data$r                 DATA
 0003:00000b58 00000b80H .bss                    DATA
 0004:00000000 00000220H .rsrc$01                DATA
 0004:00000220 00005b88H .rsrc$02                DATA

  Address         Publics by Value              Rva+Base       Lib:Object

 0000:00000000       ___arm64x_redirection_metadata 00000000     <absolute>
 0000:00000000       ___x64_code_ranges_to_entry_points 00000000     <absolute>
 0000:00000000       ___guard_fids_count        00000000     <absolute>
 0000:00000000       ___guard_longjmp_table     00000000     <absolute>
 0000:00000000       ___guard_iat_count         00000000     <absolute>
 0000:00000000       ___hybrid_code_map_count   00000000     <absolute>
 0000:00000000       ___dynamic_value_reloc_table 00000000     <absolute>
 0000:00000000       ___guard_longjmp_count     00000000     <absolute>
 0000:00000000       __except_list              00000000     <absolute>
 0000:00000000       ___arm64x_native_entrypoint 00000000     <absolute>
 0000:00000000       ___guard_fids_table        00000000     <absolute>
 0000:00000000       ___guard_eh_cont_count     00000000     <absolute>
 0000:00000000       ___hybrid_auxiliary_iat    00000000     <absolute>
 0000:00000000       ___guard_iat_table         00000000     <absolute>
 0000:00000000       ___volatile_metadata       00000000     <absolute>
 0000:00000000       ___enclave_config          00000000     <absolute>
 0000:00000000       ___AbsoluteZero            00000000     <absolute>
 0000:00000000       ___guard_eh_cont_table     00000000     <absolute>
 0000:00000000       ___hybrid_code_map         00000000     <absolute>
 0000:00000007       ___safe_se_handler_count   00000007     <absolute>
 0000:0000002c       __tls_array                0000002c     <absolute>
 0000:00000100       ___guard_flags             00000100     <absolute>
 0000:00000000       ___ImageBase               10000000     <linker-defined>
 0001:00000080       ?DupWide@_CW@@AAEXXZ       10001080 f   CWString.obj
 0001:0000009c       ?cw_dup@@YGXPBDAAHAAPA_W1@Z 1000109c f   CWString.obj
 0001:00000124       ?cw_memcpy@@YGHPA_WPBDH@Z  10001124 f   CWString.obj
 0001:00000150       ?cw_strcpy@@YAHPA_WPBD@Z   10001150 f   CWString.obj
 0001:00000163       ?cw_strlen@@YAHPBD@Z       10001163 f   CWString.obj
 0001:0000017c       ??0CAtlComModule@ATL@@QAE@XZ 1000117c f i OposVariant.obj
 0001:000001c1       ??0CAtlWinModule@ATL@@QAE@XZ 100011c1 f i OposVariant.obj
 0001:000001f8       ??0OposDispParms@@QAE@PAVOposVariant@@H@Z 100011f8 f   OposVariant.obj
 0001:00000269       ??1OposDispParms@@QAE@XZ   10001269 f   OposVariant.obj
 0001:00000277       ??A?$CSimpleArray@GV?$CSimpleArrayEqualHelper@G@ATL@@@ATL@@QAEAAGH@Z 10001277 f i OposVariant.obj
 0001:0000029c       ??_Estringdispid@CComTypeInfoHolder@ATL@@QAEPAXI@Z 1000129c f i OposVariant.obj
 0001:00000308       ?AtlWinModuleInit@ATL@@YGJPAU_ATL_WIN_MODULE70@1@@Z 10001308 f i OposVariant.obj
 0001:0000032e       ?AtlWinModuleTerm@ATL@@YGJPAU_ATL_WIN_MODULE70@1@PAUHINSTANCE__@@@Z 1000132e f i OposVariant.obj
 0001:00000391       ?ChangeBSTR@OposVariant@@QAEXPAPA_WAAJ@Z 10001391 f   OposVariant.obj
 0001:000003d2       ?ChangeLONG@OposVariant@@QAEXPAJAAJ@Z 100013d2 f   OposVariant.obj
 0001:00000413       ?GetLONG@OposVariant@@QAEJXZ 10001413 f   OposVariant.obj
 0001:0000042e       ?Init@CComCriticalSection@ATL@@QAEJXZ 1000142e f i OposVariant.obj
 0001:00000456       ?RemoveAll@?$CSimpleArray@GV?$CSimpleArrayEqualHelper@G@ATL@@@ATL@@QAEXXZ 10001456 f i OposVariant.obj
 0001:00000456       ?RemoveAll@?$CSimpleArray@PAUHINSTANCE__@@V?$CSimpleArrayEqualHelper@PAUHINSTANCE__@@@ATL@@@ATL@@QAEXXZ 10001456 f i atls:atlbase.obj
 0001:00000473       ?SetBSTR@OposVariant@@QAEXPA_WAAJ@Z 10001473 f   OposVariant.obj
 0001:000004a7       ?SetBSTR_Copy@OposVariant@@QAEXPA_WAAJ@Z 100014a7 f   OposVariant.obj
 0001:000004f7       ?SetBSTR_InOutPtr@OposVariant@@QAE_NPAPA_WAAJ@Z 100014f7 f   OposVariant.obj
 0001:0000052e       ?SetBSTR_OutPtr@OposVariant@@QAE_NPAPA_WAAJ@Z 1000152e f   OposVariant.obj
 0001:0000054a       ?SetDispatch_Ptr@OposVariant@@QAEXPAUIDispatch@@AAJ@Z 1000154a f   OposVariant.obj
 0001:00000585       ?SetLONG@OposVariant@@QAEXJ@Z 10001585 f   OposVariant.obj
 0001:000005a7       ?SetLONG_Ptr@OposVariant@@QAEXPAJAAJ@Z 100015a7 f   OposVariant.obj
 0001:000005da       ?SetString@OposVariant@@QAEXPB_WAAJ@Z 100015da f   OposVariant.obj
 0001:00000620       ?SetVARIANT@OposVariant@@QAEXAAUtagVARIANT@@GAAJ@Z 10001620 f   OposVariant.obj
 0001:00000667       ?SetVARIANT_BOOL@OposVariant@@QAEXF@Z 10001667 f   OposVariant.obj
 0001:00000691       ?Term@CAtlComModule@ATL@@QAEXXZ 10001691 f i OposVariant.obj
 0001:000006db       ?_AtlRaiseException@ATL@@YAXKK@Z 100016db f i OposVariant.obj
 0001:000006f0       ?CreateInstance@CComClassFactory@ATL@@UAGJPAUIUnknown@@ABU_GUID@@PAPAX@Z 100016f0 f i MSR.obj
 0001:0000072e       ??_E?$CComObject@VCOPOSMSR@@@ATL@@W3AEPAXI@Z 1000172e f i MSR.obj
 0001:00000736       ??_E?$CComObject@VCOPOSMSR@@@ATL@@WEM@AEPAXI@Z 10001736 f i MSR.obj
 0001:0000073e       ?LockServer@CComClassFactory@ATL@@UAGJH@Z 1000173e f i MSR.obj
 0001:0000075d       ?QueryInterface@?$CComObject@VCOPOSMSR@@@ATL@@WHA@AGJABU_GUID@@PAPAX@Z 1000175d f i MSR.obj
 0001:00000767       ?AddRef@?$CComObject@VCOPOSMSR@@@ATL@@WHA@AGKXZ 10001767 f i MSR.obj
 0001:00000771       ?Release@?$CComObject@VCOPOSMSR@@@ATL@@WHA@AGKXZ 10001771 f i MSR.obj
 0001:0000077b       ?QueryInterface@?$CComObject@VCOPOSMSR@@@ATL@@WHE@AGJABU_GUID@@PAPAX@Z 1000177b f i MSR.obj
 0001:00000785       ?AddRef@?$CComObject@VCOPOSMSR@@@ATL@@WHE@AGKXZ 10001785 f i MSR.obj
 0001:0000078f       ?Release@?$CComObject@VCOPOSMSR@@@ATL@@WHE@AGKXZ 1000178f f i MSR.obj
 0001:00000799       ?QueryInterface@?$CComObject@VCOPOSMSR@@@ATL@@WHI@AGJABU_GUID@@PAPAX@Z 10001799 f i MSR.obj
 0001:000007a3       ?AddRef@?$CComObject@VCOPOSMSR@@@ATL@@WHI@AGKXZ 100017a3 f i MSR.obj
 0001:000007ad       ?Release@?$CComObject@VCOPOSMSR@@@ATL@@WHI@AGKXZ 100017ad f i MSR.obj
 0001:000007b7       ?QueryInterface@?$CComObject@VCOPOSMSR@@@ATL@@WHM@AGJABU_GUID@@PAPAX@Z 100017b7 f i MSR.obj
 0001:000007c1       ?AddRef@?$CComObject@VCOPOSMSR@@@ATL@@WHM@AGKXZ 100017c1 f i MSR.obj
 0001:000007cb       ?Release@?$CComObject@VCOPOSMSR@@@ATL@@WHM@AGKXZ 100017cb f i MSR.obj
 0001:000007d5       ?QueryInterface@?$CComObject@VCOPOSMSR@@@ATL@@WIA@AGJABU_GUID@@PAPAX@Z 100017d5 f i MSR.obj
 0001:000007e2       ??_ECComClassFactory@ATL@@UAEPAXI@Z 100017e2 f i MSR.obj
 0001:000007e2       ??_GCComClassFactory@ATL@@UAEPAXI@Z 100017e2 f i MSR.obj
 0001:0000080d       ?AddRef@?$CComObject@VCOPOSMSR@@@ATL@@WIA@AGKXZ 1000180d f i MSR.obj
 0001:0000081a       ?Release@?$CComObject@VCOPOSMSR@@@ATL@@WIA@AGKXZ 1000181a f i MSR.obj
 0001:00000827       ?QueryInterface@?$CComObject@VCOPOSMSR@@@ATL@@WIE@AGJABU_GUID@@PAPAX@Z 10001827 f i MSR.obj
 0001:00000834       ?AddRef@?$CComObject@VCOPOSMSR@@@ATL@@WIE@AGKXZ 10001834 f i MSR.obj
 0001:00000841       ?Release@?$CComObject@VCOPOSMSR@@@ATL@@WIE@AGKXZ 10001841 f i MSR.obj
 0001:0000084e       ?QueryInterface@?$CComObject@VCOPOSMSR@@@ATL@@WII@AGJABU_GUID@@PAPAX@Z 1000184e f i MSR.obj
 0001:0000085b       ?AddRef@?$CComObject@VCOPOSMSR@@@ATL@@WII@AGKXZ 1000185b f i MSR.obj
 0001:00000868       ?Release@?$CComObject@VCOPOSMSR@@@ATL@@WII@AGKXZ 10001868 f i MSR.obj
 0001:00000875       ?QueryInterface@?$CComObject@VCOPOSMSR@@@ATL@@WIM@AGJABU_GUID@@PAPAX@Z 10001875 f i MSR.obj
 0001:00000882       ?AddRef@?$CComObject@VCOPOSMSR@@@ATL@@WIM@AGKXZ 10001882 f i MSR.obj
 0001:0000088f       ?Release@?$CComObject@VCOPOSMSR@@@ATL@@WIM@AGKXZ 1000188f f i MSR.obj
 0001:0000089c       ?QueryInterface@?$CComObject@VCOPOSMSR@@@ATL@@WJA@AGJABU_GUID@@PAPAX@Z 1000189c f i MSR.obj
 0001:000008a9       ?AddRef@?$CComObject@VCOPOSMSR@@@ATL@@WJA@AGKXZ 100018a9 f i MSR.obj
 0001:000008b6       ?Release@?$CComObject@VCOPOSMSR@@@ATL@@WJA@AGKXZ 100018b6 f i MSR.obj
 0001:000008c3       ?QueryInterface@?$CComObject@VCOPOSMSR@@@ATL@@WJE@AGJABU_GUID@@PAPAX@Z 100018c3 f i MSR.obj
 0001:000008d0       ?AddRef@?$CComObject@VCOPOSMSR@@@ATL@@WJE@AGKXZ 100018d0 f i MSR.obj
 0001:000008dd       ?Release@?$CComObject@VCOPOSMSR@@@ATL@@WJE@AGKXZ 100018dd f i MSR.obj
 0001:000008ea       ?QueryInterface@?$CComObject@VCOPOSMSR@@@ATL@@WJI@AGJABU_GUID@@PAPAX@Z 100018ea f i MSR.obj
 0001:000008f7       ?AddRef@?$CComObject@VCOPOSMSR@@@ATL@@WJI@AGKXZ 100018f7 f i MSR.obj
 0001:00000904       ?Release@?$CComObject@VCOPOSMSR@@@ATL@@WJI@AGKXZ 10001904 f i MSR.obj
 0001:00000911       ?QueryInterface@?$CComObject@VCOPOSMSR@@@ATL@@WJM@AGJABU_GUID@@PAPAX@Z 10001911 f i MSR.obj
 0001:0000091e       ?AddRef@?$CComObject@VCOPOSMSR@@@ATL@@WJM@AGKXZ 1000191e f i MSR.obj
 0001:0000092b       ?Release@?$CComObject@VCOPOSMSR@@@ATL@@WJM@AGKXZ 1000192b f i MSR.obj
 0001:00000938       ?QueryInterface@?$CComObject@VCOPOSMSR@@@ATL@@WKA@AGJABU_GUID@@PAPAX@Z 10001938 f i MSR.obj
 0001:00000945       ?AddRef@?$CComObject@VCOPOSMSR@@@ATL@@WKA@AGKXZ 10001945 f i MSR.obj
 0001:00000952       ?Release@?$CComObject@VCOPOSMSR@@@ATL@@WKA@AGKXZ 10001952 f i MSR.obj
 0001:0000095f       ?AddRef@?$CComObject@VCOPOSMSR@@@ATL@@WKI@AGKXZ 1000195f f i MSR.obj
 0001:0000096c       ?Release@?$CComObject@VCOPOSMSR@@@ATL@@WKI@AGKXZ 1000196c f i MSR.obj
 0001:00000979       ?AddRef@?$CComObject@VCOPOSMSR@@@ATL@@WLE@AGKXZ 10001979 f i MSR.obj
 0001:00000986       ?Release@?$CComObject@VCOPOSMSR@@@ATL@@WLE@AGKXZ 10001986 f i MSR.obj
 0001:00000993       ??_E?$CComContainedObject@VCOPOSMSR@@@ATL@@W3AEPAXI@Z 10001993 f i MSR.obj
 0001:0000099b       ??_E?$CComContainedObject@VCOPOSMSR@@@ATL@@WEM@AEPAXI@Z 1000199b f i MSR.obj
 0001:000009a3       ?QueryInterface@?$CComContainedObject@VCOPOSMSR@@@ATL@@WHA@AGJABU_GUID@@PAPAX@Z 100019a3 f i MSR.obj
 0001:000009ad       ?AddRef@?$CComContainedObject@VCOPOSMSR@@@ATL@@WHA@AGKXZ 100019ad f i MSR.obj
 0001:000009b7       ?Release@?$CComContainedObject@VCOPOSMSR@@@ATL@@WHA@AGKXZ 100019b7 f i MSR.obj
 0001:000009c1       ?QueryInterface@?$CComContainedObject@VCOPOSMSR@@@ATL@@WHE@AGJABU_GUID@@PAPAX@Z 100019c1 f i MSR.obj
 0001:000009cb       ?AddRef@?$CComContainedObject@VCOPOSMSR@@@ATL@@WHE@AGKXZ 100019cb f i MSR.obj
 0001:000009d5       ?Release@?$CComContainedObject@VCOPOSMSR@@@ATL@@WHE@AGKXZ 100019d5 f i MSR.obj
 0001:000009df       ?QueryInterface@?$CComContainedObject@VCOPOSMSR@@@ATL@@WHI@AGJABU_GUID@@PAPAX@Z 100019df f i MSR.obj
 0001:000009e9       ?AddRef@?$CComContainedObject@VCOPOSMSR@@@ATL@@WHI@AGKXZ 100019e9 f i MSR.obj
 0001:000009f3       ?Release@?$CComContainedObject@VCOPOSMSR@@@ATL@@WHI@AGKXZ 100019f3 f i MSR.obj
 0001:000009fd       ?QueryInterface@?$CComContainedObject@VCOPOSMSR@@@ATL@@WHM@AGJABU_GUID@@PAPAX@Z 100019fd f i MSR.obj
 0001:00000a07       ?AddRef@?$CComContainedObject@VCOPOSMSR@@@ATL@@WHM@AGKXZ 10001a07 f i MSR.obj
 0001:00000a11       ?Release@?$CComContainedObject@VCOPOSMSR@@@ATL@@WHM@AGKXZ 10001a11 f i MSR.obj
 0001:00000a1b       ?QueryInterface@?$CComContainedObject@VCOPOSMSR@@@ATL@@WIA@AGJABU_GUID@@PAPAX@Z 10001a1b f i MSR.obj
 0001:00000a28       ?AddRef@?$CComContainedObject@VCOPOSMSR@@@ATL@@WIA@AGKXZ 10001a28 f i MSR.obj
 0001:00000a35       ?Release@?$CComContainedObject@VCOPOSMSR@@@ATL@@WIA@AGKXZ 10001a35 f i MSR.obj
 0001:00000a42       ?QueryInterface@?$CComContainedObject@VCOPOSMSR@@@ATL@@WIE@AGJABU_GUID@@PAPAX@Z 10001a42 f i MSR.obj
 0001:00000a4f       ?AddRef@?$CComContainedObject@VCOPOSMSR@@@ATL@@WIE@AGKXZ 10001a4f f i MSR.obj
 0001:00000a5c       ?Release@?$CComContainedObject@VCOPOSMSR@@@ATL@@WIE@AGKXZ 10001a5c f i MSR.obj
 0001:00000a69       ?QueryInterface@?$CComContainedObject@VCOPOSMSR@@@ATL@@WII@AGJABU_GUID@@PAPAX@Z 10001a69 f i MSR.obj
 0001:00000a76       ?AddRef@?$CComContainedObject@VCOPOSMSR@@@ATL@@WII@AGKXZ 10001a76 f i MSR.obj
 0001:00000a83       ?Release@?$CComContainedObject@VCOPOSMSR@@@ATL@@WII@AGKXZ 10001a83 f i MSR.obj
 0001:00000a90       ?QueryInterface@?$CComContainedObject@VCOPOSMSR@@@ATL@@WIM@AGJABU_GUID@@PAPAX@Z 10001a90 f i MSR.obj
 0001:00000a9d       ?AddRef@?$CComContainedObject@VCOPOSMSR@@@ATL@@WIM@AGKXZ 10001a9d f i MSR.obj
 0001:00000aaa       ?Release@?$CComContainedObject@VCOPOSMSR@@@ATL@@WIM@AGKXZ 10001aaa f i MSR.obj
 0001:00000ab7       ?QueryInterface@?$CComContainedObject@VCOPOSMSR@@@ATL@@WJA@AGJABU_GUID@@PAPAX@Z 10001ab7 f i MSR.obj
 0001:00000ac4       ?AddRef@?$CComContainedObject@VCOPOSMSR@@@ATL@@WJA@AGKXZ 10001ac4 f i MSR.obj
 0001:00000ad1       ?Release@?$CComContainedObject@VCOPOSMSR@@@ATL@@WJA@AGKXZ 10001ad1 f i MSR.obj
 0001:00000ade       ?QueryInterface@?$CComContainedObject@VCOPOSMSR@@@ATL@@WJE@AGJABU_GUID@@PAPAX@Z 10001ade f i MSR.obj
 0001:00000aeb       ?AddRef@?$CComContainedObject@VCOPOSMSR@@@ATL@@WJE@AGKXZ 10001aeb f i MSR.obj
 0001:00000af8       ?Release@?$CComContainedObject@VCOPOSMSR@@@ATL@@WJE@AGKXZ 10001af8 f i MSR.obj
 0001:00000b05       ?QueryInterface@?$CComContainedObject@VCOPOSMSR@@@ATL@@WJI@AGJABU_GUID@@PAPAX@Z 10001b05 f i MSR.obj
 0001:00000b12       ?AddRef@?$CComContainedObject@VCOPOSMSR@@@ATL@@WJI@AGKXZ 10001b12 f i MSR.obj
 0001:00000b1f       ?Release@?$CComContainedObject@VCOPOSMSR@@@ATL@@WJI@AGKXZ 10001b1f f i MSR.obj
 0001:00000b2c       ?QueryInterface@?$CComContainedObject@VCOPOSMSR@@@ATL@@WJM@AGJABU_GUID@@PAPAX@Z 10001b2c f i MSR.obj
 0001:00000b39       ?AddRef@?$CComContainedObject@VCOPOSMSR@@@ATL@@WJM@AGKXZ 10001b39 f i MSR.obj
 0001:00000b46       ?Release@?$CComContainedObject@VCOPOSMSR@@@ATL@@WJM@AGKXZ 10001b46 f i MSR.obj
 0001:00000b53       ?QueryInterface@?$CComContainedObject@VCOPOSMSR@@@ATL@@WKA@AGJABU_GUID@@PAPAX@Z 10001b53 f i MSR.obj
 0001:00000b60       ?AddRef@?$CComContainedObject@VCOPOSMSR@@@ATL@@WKA@AGKXZ 10001b60 f i MSR.obj
 0001:00000b6d       ?Release@?$CComContainedObject@VCOPOSMSR@@@ATL@@WKA@AGKXZ 10001b6d f i MSR.obj
 0001:00000b7a       ?AddRef@?$CComContainedObject@VCOPOSMSR@@@ATL@@WKI@AGKXZ 10001b7a f i MSR.obj
 0001:00000b87       ?Release@?$CComContainedObject@VCOPOSMSR@@@ATL@@WKI@AGKXZ 10001b87 f i MSR.obj
 0001:00000b94       ?AddRef@?$CComContainedObject@VCOPOSMSR@@@ATL@@WLE@AGKXZ 10001b94 f i MSR.obj
 0001:00000ba1       ?Release@?$CComContainedObject@VCOPOSMSR@@@ATL@@WLE@AGKXZ 10001ba1 f i MSR.obj
 0001:00000bae       ?GetWindowProc@?$CWindowImplBaseT@VCWindow@ATL@@V?$CWinTraits@$0FGAAAAAA@$0A@@2@@ATL@@UAEP6GJPAUHWND__@@IIJ@ZXZ 10001bae f i MSR.obj
 0001:00000bb4       ?StartWindowProc@?$CWindowImplBaseT@VCWindow@ATL@@V?$CWinTraits@$0FGAAAAAA@$0A@@2@@ATL@@SGJPAUHWND__@@IIJ@Z 10001bb4 f i MSR.obj
 0001:00000c08       ?ObjectMain@CComObjectRootBase@ATL@@SGX_N@Z 10001c08 f i MSR.obj
 0001:00000c08       ?OnFinalMessage@?$CWindowImplBaseT@VCWindow@ATL@@V?$CWinTraits@$0FGAAAAAA@$0A@@2@@ATL@@UAEXPAUHWND__@@@Z 10001c08 f i MSR.obj
 0001:00000c0b       ?GetTypeInfoCount@?$IDispatchImpl@UIOPOSMSR@@$1?IID_IOPOSMSR@@3U_GUID@@B$1?LIBID_OposMSR_CCO@@3U3@B$00$0A@VCComTypeInfoHolder@ATL@@@ATL@@UAGJPAI@Z 10001c0b f i MSR.obj
 0001:00000c28       ?GetTypeInfo@?$IDispatchImpl@UIOPOSMSR@@$1?IID_IOPOSMSR@@3U_GUID@@B$1?LIBID_OposMSR_CCO@@3U3@B$00$0A@VCComTypeInfoHolder@ATL@@@ATL@@UAGJIKPAPAUITypeInfo@@@Z 10001c28 f i MSR.obj
 0001:00000c4c       ?GetIDsOfNames@?$IDispatchImpl@UIOPOSMSR@@$1?IID_IOPOSMSR@@3U_GUID@@B$1?LIBID_OposMSR_CCO@@3U3@B$00$0A@VCComTypeInfoHolder@ATL@@@ATL@@UAGJABU_GUID@@PAPA_WIKPAJ@Z 10001c4c f i MSR.obj
 0001:00000c6c       ?Invoke@?$IDispatchImpl@UIOPOSMSR@@$1?IID_IOPOSMSR@@3U_GUID@@B$1?LIBID_OposMSR_CCO@@3U3@B$00$0A@VCComTypeInfoHolder@ATL@@@ATL@@UAGJJABU_GUID@@KGPAUtagDISPPARAMS@@PAUtagVARIANT@@PAUtagEXCEPINFO@@PAI@Z 10001c6c f i MSR.obj
 0001:00000c7a       ?CreateControlWindow@?$CComControl@VCOPOSMSR@@V?$CWindowImpl@VCOPOSMSR@@VCWindow@ATL@@V?$CWinTraits@$0FGAAAAAA@$0A@@3@@ATL@@@ATL@@UAEPAUHWND__@@PAU3@AAUtagRECT@@@Z 10001c7a f i MSR.obj
 0001:00000ca9       ?ControlQueryInterface@?$CComControl@VCOPOSMSR@@V?$CWindowImpl@VCOPOSMSR@@VCWindow@ATL@@V?$CWinTraits@$0FGAAAAAA@$0A@@3@@ATL@@@ATL@@UAEJABU_GUID@@PAPAX@Z 10001ca9 f i MSR.obj
 0001:00000cc4       ?GetClassID@?$IPersistStorageImpl@VCOPOSMSR@@@ATL@@UAGJPAU_GUID@@@Z 10001cc4 f i MSR.obj
 0001:00000cc4       ?GetClassID@?$IPersistStreamInitImpl@VCOPOSMSR@@@ATL@@UAGJPAU_GUID@@@Z 10001cc4 f i MSR.obj
 0001:00000cc4       ?GetUserClassID@?$IOleObjectImpl@VCOPOSMSR@@@ATL@@UAGJPAU_GUID@@@Z 10001cc4 f i MSR.obj
 0001:00000ce8       ?IsDirty@?$IPersistStreamInitImpl@VCOPOSMSR@@@ATL@@UAGJXZ 10001ce8 f i MSR.obj
 0001:00000d07       ?Load@?$IPersistStreamInitImpl@VCOPOSMSR@@@ATL@@UAGJPAUIStream@@@Z 10001d07 f i MSR.obj
 0001:00000d26       ?Save@?$IPersistStreamInitImpl@VCOPOSMSR@@@ATL@@UAGJPAUIStream@@H@Z 10001d26 f i MSR.obj
 0001:00000d48       ?GetSizeMax@?$IPersistStreamInitImpl@VCOPOSMSR@@@ATL@@UAGJPAT_ULARGE_INTEGER@@@Z 10001d48 f i MSR.obj
 0001:00000f27       ?InitNew@?$IPersistStreamInitImpl@VCOPOSMSR@@@ATL@@UAGJXZ 10001f27 f i MSR.obj
 0001:00000f44       ?ContextSensitiveHelp@?$IOleInPlaceActiveObjectImpl@VCOPOSMSR@@@ATL@@UAGJH@Z 10001f44 f i MSR.obj
 0001:00000f44       ?ContextSensitiveHelp@?$IOleInPlaceObjectWindowlessImpl@VCOPOSMSR@@@ATL@@UAGJH@Z 10001f44 f i MSR.obj
 0001:00000f44       ?SetColorScheme@?$IOleObjectImpl@VCOPOSMSR@@@ATL@@UAGJPAUtagLOGPALETTE@@@Z 10001f44 f i MSR.obj
 0001:00000f44       ?Unfreeze@?$IViewObjectExImpl@VCOPOSMSR@@@ATL@@UAGJK@Z 10001f44 f i MSR.obj
 0001:00000f44       ?QueryGetData@?$IDataObjectImpl@VCOPOSMSR@@@ATL@@UAGJPAUtagFORMATETC@@@Z 10001f44 f i MSR.obj
 0001:00000f44       ?GetControlInfo@?$IOleControlImpl@VCOPOSMSR@@@ATL@@UAGJPAUtagCONTROLINFO@@@Z 10001f44 f i MSR.obj
 0001:00000f44       ?SOOutputCompleteDummy@COPOSMSR@@MAGJJ@Z 10001f44 f i MSR.obj
 0001:00000f44       ?OnMnemonic@?$IOleControlImpl@VCOPOSMSR@@@ATL@@UAGJPAUtagMSG@@@Z 10001f44 f i MSR.obj
 0001:00000f44       ?GetDropTarget@?$IOleInPlaceObjectWindowlessImpl@VCOPOSMSR@@@ATL@@UAGJPAPAUIDropTarget@@@Z 10001f44 f i MSR.obj
 0001:00000f4c       ?SaveCompleted@?$IPersistStorageImpl@VCOPOSMSR@@@ATL@@UAGJPAUIStorage@@@Z 10001f4c f i MSR.obj
 0001:00000f4c       ?OnAmbientPropertyChange@?$IOleControlImpl@VCOPOSMSR@@@ATL@@UAGJJ@Z 10001f4c f i MSR.obj
 0001:00000f4c       ?OnFrameWindowActivate@?$IOleInPlaceActiveObjectImpl@VCOPOSMSR@@@ATL@@UAGJH@Z 10001f4c f i MSR.obj
 0001:00000f4c       ?EnableModeless@?$IOleInPlaceActiveObjectImpl@VCOPOSMSR@@@ATL@@UAGJH@Z 10001f4c f i MSR.obj
 0001:00000f51       ?SetClientSite@?$IOleObjectImpl@VCOPOSMSR@@@ATL@@UAGJPAUIOleClientSite@@@Z 10001f51 f i MSR.obj
 0001:00000f6e       ?GetClientSite@?$IOleObjectImpl@VCOPOSMSR@@@ATL@@UAGJPAPAUIOleClientSite@@@Z 10001f6e f i MSR.obj
 0001:00000f8b       ?SetHostNames@?$IOleObjectImpl@VCOPOSMSR@@@ATL@@UAGJPB_W0@Z 10001f8b f i MSR.obj
 0001:00000f90       ?Close@?$IOleObjectImpl@VCOPOSMSR@@@ATL@@UAGJK@Z 10001f90 f i MSR.obj
 0001:00000fad       ?QueryInterface@CRegObject@ATL@@UAGJABU_GUID@@PAPAX@Z 10001fad f i MSR.obj
 0001:00000fad       ?GetDataHere@?$IDataObjectImpl@VCOPOSMSR@@@ATL@@UAGJPAUtagFORMATETC@@PAUtagSTGMEDIUM@@@Z 10001fad f i MSR.obj
 0001:00000fad       ?SetMoniker@?$IOleObjectImpl@VCOPOSMSR@@@ATL@@UAGJKPAUIMoniker@@@Z 10001fad f i MSR.obj
 0001:00000fad       ?GetCanonicalFormatEtc@?$IDataObjectImpl@VCOPOSMSR@@@ATL@@UAGJPAUtagFORMATETC@@0@Z 10001fad f i MSR.obj
 0001:00000fad       ?EnumFormatEtc@?$IDataObjectImpl@VCOPOSMSR@@@ATL@@UAGJKPAPAUIEnumFORMATETC@@@Z 10001fad f i MSR.obj
 0001:00000fad       ?GetRect@?$IViewObjectExImpl@VCOPOSMSR@@@ATL@@UAGJKPAU_RECTL@@@Z 10001fad f i MSR.obj
 0001:00000fad       ?GetClipboardData@?$IOleObjectImpl@VCOPOSMSR@@@ATL@@UAGJKPAPAUIDataObject@@@Z 10001fad f i MSR.obj
 0001:00000fb5       ?SetData@?$IDataObjectImpl@VCOPOSMSR@@@ATL@@UAGJPAUtagFORMATETC@@PAUtagSTGMEDIUM@@H@Z 10001fb5 f i MSR.obj
 0001:00000fb5       ?GetMoniker@?$IOleObjectImpl@VCOPOSMSR@@@ATL@@UAGJKKPAPAUIMoniker@@@Z 10001fb5 f i MSR.obj
 0001:00000fb5       ?InitFromData@?$IOleObjectImpl@VCOPOSMSR@@@ATL@@UAGJPAUIDataObject@@HK@Z 10001fb5 f i MSR.obj
 0001:00000fbd       ?DoVerb@?$IOleObjectImpl@VCOPOSMSR@@@ATL@@UAGJJPAUtagMSG@@PAUIOleClientSite@@JPAUHWND__@@PBUtagRECT@@@Z 10001fbd f i MSR.obj
 0001:000010b1       ?EnumVerbs@?$IOleObjectImpl@VCOPOSMSR@@@ATL@@UAGJPAPAUIEnumOLEVERB@@@Z 100020b1 f i MSR.obj
 0001:000010d3       ?Release@CRegObject@ATL@@UAGKXZ 100020d3 f i MSR.obj
 0001:000010d3       ?HandsOffStorage@?$IPersistStorageImpl@VCOPOSMSR@@@ATL@@UAGJXZ 100020d3 f i MSR.obj
 0001:000010d3       ?Update@?$IOleObjectImpl@VCOPOSMSR@@@ATL@@UAGJXZ 100020d3 f i MSR.obj
 0001:000010d3       ?IsUpToDate@?$IOleObjectImpl@VCOPOSMSR@@@ATL@@UAGJXZ 100020d3 f i MSR.obj
 0001:000010d8       ?GetUserType@?$IOleObjectImpl@VCOPOSMSR@@@ATL@@UAGJKPAPA_W@Z 100020d8 f i MSR.obj
 0001:000010f0       ?SetExtent@?$IOleObjectImpl@VCOPOSMSR@@@ATL@@UAGJKPAUtagSIZE@@@Z 100020f0 f i MSR.obj
 0001:00001110       ?GetExtent@?$IOleObjectImpl@VCOPOSMSR@@@ATL@@UAGJKPAUtagSIZE@@@Z 10002110 f i MSR.obj
 0001:0000114e       ?Advise@?$IOleObjectImpl@VCOPOSMSR@@@ATL@@UAGJPAUIAdviseSink@@PAK@Z 1000214e f i MSR.obj
 0001:0000116e       ?Unadvise@?$IOleObjectImpl@VCOPOSMSR@@@ATL@@UAGJK@Z 1000216e f i MSR.obj
 0001:0000119d       ?EnumAdvise@?$IOleObjectImpl@VCOPOSMSR@@@ATL@@UAGJPAPAUIEnumSTATDATA@@@Z 1000219d f i MSR.obj
 0001:000011dd       ?GetMiscStatus@?$IOleObjectImpl@VCOPOSMSR@@@ATL@@UAGJKPAK@Z 100021dd f i MSR.obj
 0001:000011f5       ?GetWindow@?$IOleInPlaceActiveObjectImpl@VCOPOSMSR@@@ATL@@UAGJPAPAUHWND__@@@Z 100021f5 f i MSR.obj
 0001:00001242       ?TranslateAcceleratorW@?$IOleInPlaceActiveObjectImpl@VCOPOSMSR@@@ATL@@UAGJPAUtagMSG@@@Z 10002242 f i MSR.obj
 0001:000012f0       ?OnDocWindowActivate@?$IOleInPlaceActiveObjectImpl@VCOPOSMSR@@@ATL@@UAGJH@Z 100022f0 f i MSR.obj
 0001:00001312       ?ResizeBorder@?$IOleInPlaceActiveObjectImpl@VCOPOSMSR@@@ATL@@UAGJPBUtagRECT@@PAUIOleInPlaceUIWindow@@H@Z 10002312 f i MSR.obj
 0001:00001317       ?Draw@?$IViewObjectExImpl@VCOPOSMSR@@@ATL@@UAGJKJPAXPAUtagDVTARGETDEVICE@@PAUHDC__@@2PBU_RECTL@@3P6GHK@ZK@Z 10002317 f i MSR.obj
 0001:00001349       ?GetColorSet@?$IViewObjectExImpl@VCOPOSMSR@@@ATL@@UAGJKJPAXPAUtagDVTARGETDEVICE@@PAUHDC__@@PAPAUtagLOGPALETTE@@@Z 10002349 f i MSR.obj
 0001:00001351       ?Freeze@?$IViewObjectExImpl@VCOPOSMSR@@@ATL@@UAGJKJPAXPAK@Z 10002351 f i MSR.obj
 0001:00001359       ?SetAdvise@?$IViewObjectExImpl@VCOPOSMSR@@@ATL@@UAGJKKPAUIAdviseSink@@@Z 10002359 f i MSR.obj
 0001:00001378       ?GetAdvise@?$IViewObjectExImpl@VCOPOSMSR@@@ATL@@UAGJPAK0PAPAUIAdviseSink@@@Z 10002378 f i MSR.obj
 0001:000013ad       ?GetExtent@?$IViewObjectExImpl@VCOPOSMSR@@@ATL@@UAGJKJPAUtagDVTARGETDEVICE@@PAUtagSIZE@@@Z 100023ad f i MSR.obj
 0001:000013de       ?GetViewStatus@?$IViewObjectExImpl@VCOPOSMSR@@@ATL@@UAGJPAK@Z 100023de f i MSR.obj
 0001:000013fb       ?QueryHitPoint@?$IViewObjectExImpl@VCOPOSMSR@@@ATL@@UAGJKPBUtagRECT@@UtagPOINT@@JPAK@Z 100023fb f i MSR.obj
 0001:0000143c       ?QueryHitRect@?$IViewObjectExImpl@VCOPOSMSR@@@ATL@@UAGJKPBUtagRECT@@0JPAK@Z 1000243c f i MSR.obj
 0001:00001497       ?GetNaturalExtent@?$IViewObjectExImpl@VCOPOSMSR@@@ATL@@UAGJKJPAUtagDVTARGETDEVICE@@PAUHDC__@@PAUtagExtentInfo@@PAUtagSIZE@@@Z 10002497 f i MSR.obj
 0001:000014e2       ?GetWindow@?$IOleInPlaceObjectWindowlessImpl@VCOPOSMSR@@@ATL@@UAGJPAPAUHWND__@@@Z 100024e2 f i MSR.obj
 0001:0000152f       ?InPlaceDeactivate@?$IOleInPlaceObjectWindowlessImpl@VCOPOSMSR@@@ATL@@UAGJXZ 1000252f f i MSR.obj
 0001:00001549       ?UIDeactivate@?$IOleInPlaceObjectWindowlessImpl@VCOPOSMSR@@@ATL@@UAGJXZ 10002549 f i MSR.obj
 0001:00001563       ?SetObjectRects@?$IOleInPlaceObjectWindowlessImpl@VCOPOSMSR@@@ATL@@UAGJPBUtagRECT@@0@Z 10002563 f i MSR.obj
 0001:00001583       ?ReactivateAndUndo@?$IOleInPlaceObjectWindowlessImpl@VCOPOSMSR@@@ATL@@UAGJXZ 10002583 f i MSR.obj
 0001:0000158b       ?OnWindowMessage@?$IOleInPlaceObjectWindowlessImpl@VCOPOSMSR@@@ATL@@UAGJIIJPAJ@Z 1000258b f i MSR.obj
 0001:000015fb       ?EnumConnectionPoints@?$IConnectionPointContainerImpl@VCOPOSMSR@@@ATL@@UAGJPAPAUIEnumConnectionPoints@@@Z 100025fb f i MSR.obj
 0001:00001787       ?FindConnectionPoint@?$IConnectionPointContainerImpl@VCOPOSMSR@@@ATL@@UAGJABU_GUID@@PAPAUIConnectionPoint@@@Z 10002787 f i MSR.obj
 0001:0000182a       ?IsDirty@?$IPersistStorageImpl@VCOPOSMSR@@@ATL@@UAGJXZ 1000282a f i MSR.obj
 0001:0000185a       ?InitNew@?$IPersistStorageImpl@VCOPOSMSR@@@ATL@@UAGJPAUIStorage@@@Z 1000285a f i MSR.obj
 0001:0000188a       ?Load@?$IPersistStorageImpl@VCOPOSMSR@@@ATL@@UAGJPAUIStorage@@@Z 1000288a f i MSR.obj
 0001:000018f6       ?Save@?$IPersistStorageImpl@VCOPOSMSR@@@ATL@@UAGJPAUIStorage@@H@Z 100028f6 f i MSR.obj
 0001:00001969       ?GetPages@?$ISpecifyPropertyPagesImpl@VCOPOSMSR@@@ATL@@UAGJPAUtagCAUUID@@@Z 10002969 f i MSR.obj
 0001:00001980       ?QuickActivate@?$IQuickActivateImpl@VCOPOSMSR@@@ATL@@UAGJPAUtagQACONTAINER@@PAUtagQACONTROL@@@Z 10002980 f i MSR.obj
 0001:000019a3       ?SetContentExtent@?$IQuickActivateImpl@VCOPOSMSR@@@ATL@@UAGJPAUtagSIZE@@@Z 100029a3 f i MSR.obj
 0001:000019cf       ?GetContentExtent@?$IQuickActivateImpl@VCOPOSMSR@@@ATL@@UAGJPAUtagSIZE@@@Z 100029cf f i MSR.obj
 0001:00001a09       ?GetData@?$IDataObjectImpl@VCOPOSMSR@@@ATL@@UAGJPAUtagFORMATETC@@PAUtagSTGMEDIUM@@@Z 10002a09 f i MSR.obj
 0001:00001a2c       ?DAdvise@?$IDataObjectImpl@VCOPOSMSR@@@ATL@@UAGJPAUtagFORMATETC@@KPAUIAdviseSink@@PAK@Z 10002a2c f i MSR.obj
 0001:00001a6d       ?DUnadvise@?$IDataObjectImpl@VCOPOSMSR@@@ATL@@UAGJK@Z 10002a6d f i MSR.obj
 0001:00001a9b       ?EnumDAdvise@?$IDataObjectImpl@VCOPOSMSR@@@ATL@@UAGJPAPAUIEnumSTATDATA@@@Z 10002a9b f i MSR.obj
 0001:00001ada       ?GetClassInfoW@?$IProvideClassInfo2Impl@$1?CLSID_OPOSMSR@@3U_GUID@@B$1?DIID__IOPOSMSREvents@@3U2@B$1?LIBID_OposMSR_CCO@@3U2@B$00$0A@VCComTypeInfoHolder@ATL@@@ATL@@UAGJPAPAUITypeInfo@@@Z 10002ada f i MSR.obj
 0001:00001af0       ?GetGUID@?$IProvideClassInfo2Impl@$1?CLSID_OPOSMSR@@3U_GUID@@B$1?DIID__IOPOSMSREvents@@3U2@B$1?LIBID_OposMSR_CCO@@3U2@B$00$0A@VCComTypeInfoHolder@ATL@@@ATL@@UAGJKPAU_GUID@@@Z 10002af0 f i MSR.obj
 0001:00001b2e       ?FAccessAllowed@?$IObjectSafetyImpl@VCOPOSMSR@@$02@ATL@@MAEHXZ 10002b2e f i MSR.obj
 0001:00001b2e       __get_startup_argv_mode    10002b2e f i LIBCMT:argv_mode.obj
 0001:00001b32       ?GetInterfaceSafetyOptions@?$IObjectSafetyImpl@VCOPOSMSR@@$02@ATL@@UAGJABU_GUID@@PAK1@Z 10002b32 f i MSR.obj
 0001:00001ba6       ?SetInterfaceSafetyOptions@?$IObjectSafetyImpl@VCOPOSMSR@@$02@ATL@@UAGJABU_GUID@@KK@Z 10002ba6 f i MSR.obj
 0001:00001c20       ?_LocCPQueryInterface@?$IConnectionPointImpl@VCOPOSMSR@@$1?IID_IPropertyNotifySink@@3U_GUID@@BVCComDynamicUnkArray@ATL@@@ATL@@UAGJABU_GUID@@PAPAX@Z 10002c20 f i MSR.obj
 0001:00001c20       ?_LocCPQueryInterface@?$IConnectionPointImpl@VCOPOSMSR@@$1?DIID__IOPOSMSREvents@@3U_GUID@@BVCComDynamicUnkArray@ATL@@@ATL@@UAGJABU_GUID@@PAPAX@Z 10002c20 f i MSR.obj
 0001:00001c6d       ?GetConnectionInterface@?$IConnectionPointImpl@VCOPOSMSR@@$1?IID_IPropertyNotifySink@@3U_GUID@@BVCComDynamicUnkArray@ATL@@@ATL@@UAGJPAU_GUID@@@Z 10002c6d f i MSR.obj
 0001:00001c91       ?GetConnectionPointContainer@?$IConnectionPointImpl@VCOPOSMSR@@$1?IID_IPropertyNotifySink@@3U_GUID@@BVCComDynamicUnkArray@ATL@@@ATL@@UAGJPAPAUIConnectionPointContainer@@@Z 10002c91 f i MSR.obj
 0001:00001cb4       ?Advise@?$IConnectionPointImpl@VCOPOSMSR@@$1?IID_IPropertyNotifySink@@3U_GUID@@BVCComDynamicUnkArray@ATL@@@ATL@@UAGJPAUIUnknown@@PAK@Z 10002cb4 f i MSR.obj
 0001:00001cb4       ?Advise@?$IConnectionPointImpl@VCOPOSMSR@@$1?DIID__IOPOSMSREvents@@3U_GUID@@BVCComDynamicUnkArray@ATL@@@ATL@@UAGJPAUIUnknown@@PAK@Z 10002cb4 f i MSR.obj
 0001:00001d54       ?Unadvise@?$IConnectionPointImpl@VCOPOSMSR@@$1?IID_IPropertyNotifySink@@3U_GUID@@BVCComDynamicUnkArray@ATL@@@ATL@@UAGJK@Z 10002d54 f i MSR.obj
 0001:00001d54       ?Unadvise@?$IConnectionPointImpl@VCOPOSMSR@@$1?DIID__IOPOSMSREvents@@3U_GUID@@BVCComDynamicUnkArray@ATL@@@ATL@@UAGJK@Z 10002d54 f i MSR.obj
 0001:00001d94       ?EnumConnections@?$IConnectionPointImpl@VCOPOSMSR@@$1?DIID__IOPOSMSREvents@@3U_GUID@@BVCComDynamicUnkArray@ATL@@@ATL@@UAGJPAPAUIEnumConnections@@@Z 10002d94 f i MSR.obj
 0001:00001d94       ?EnumConnections@?$IConnectionPointImpl@VCOPOSMSR@@$1?IID_IPropertyNotifySink@@3U_GUID@@BVCComDynamicUnkArray@ATL@@@ATL@@UAGJPAPAUIEnumConnections@@@Z 10002d94 f i MSR.obj
 0001:00001e8f       ?GetCategoryMap@CComObjectRootBase@ATL@@SAPBU_ATL_CATMAP_ENTRY@2@XZ 10002e8f f i MSR.obj
 0001:00001e8f       ?GetObjectDescription@?$CComCoClass@VCOPOSMSR@@$1?CLSID_OPOSMSR@@3U_GUID@@B@ATL@@SGPB_WXZ 10002e8f f i MSR.obj
 0001:00001e92       ?GetConnectionInterface@?$IConnectionPointImpl@VCOPOSMSR@@$1?DIID__IOPOSMSREvents@@3U_GUID@@BVCComDynamicUnkArray@ATL@@@ATL@@UAGJPAU_GUID@@@Z 10002e92 f i MSR.obj
 0001:00001eb6       ?GetConnectionPointContainer@?$IConnectionPointImpl@VCOPOSMSR@@$1?DIID__IOPOSMSREvents@@3U_GUID@@BVCComDynamicUnkArray@ATL@@@ATL@@UAGJPAPAUIConnectionPointContainer@@@Z 10002eb6 f i MSR.obj
 0001:00001ed9       ?Lock@CAtlModule@ATL@@UAEJXZ 10002ed9 f i MSR.obj
 0001:00001ee3       ?Unlock@CAtlModule@ATL@@UAEJXZ 10002ee3 f i MSR.obj
 0001:00001eed       ?GetLockCount@CAtlModule@ATL@@UAEJXZ 10002eed f i MSR.obj
 0001:00001ef1       ?GetGITPtr@CAtlModule@ATL@@UAEJPAPAUIGlobalInterfaceTable@@@Z 10002ef1 f i MSR.obj
 0001:00001f3d       ?UpdateRegistry@COPOSMSR@@SGJH@Z 10002f3d f i MSR.obj
 0001:00001f55       ?ProcessWindowMessage@COPOSMSR@@UAEHPAUHWND__@@IIJAAJK@Z 10002f55 f i MSR.obj
 0001:00001f9e       ?SOData@COPOSMSR@@MAGJJ@Z  10002f9e f i MSR.obj
 0001:00001fd7       ?SODirectIO@COPOSMSR@@MAGJJPAJPAPA_W@Z 10002fd7 f i MSR.obj
 0001:00002020       ?SOError@COPOSMSR@@MAGJJJJPAJ@Z 10003020 f i MSR.obj
 0001:00002075       ?SOStatusUpdate@COPOSMSR@@MAGJJ@Z 10003075 f i MSR.obj
 0001:000020ae       ?AddCommonRGSReplacements@?$CAtlModuleT@VCComModule@ATL@@@ATL@@UAEJPAUIRegistrarBase@@@Z 100030ae f i MSR.obj
 0001:000020c8       ?UpdateRegistryFromResourceD@CComModule@ATL@@UAGJIHPAU_ATL_REGMAP_ENTRY@2@@Z 100030c8 f i MSR.obj
 0001:000020c8       ?UpdateRegistryFromResourceD@CComModule@ATL@@UAGJPB_WHPAU_ATL_REGMAP_ENTRY@2@@Z 100030c8 f i MSR.obj
 0001:000020d0       ?UpdateRegistryFromResource@CComModule@ATL@@UAGJPB_WHPAU_ATL_REGMAP_ENTRY@2@@Z 100030d0 f i MSR.obj
 0001:000020d9       ?UpdateRegistryFromResource@CComModule@ATL@@UAGJIHPAU_ATL_REGMAP_ENTRY@2@@Z 100030d9 f i MSR.obj
 0001:000020e2       ??_GCComModule@ATL@@UAEPAXI@Z 100030e2 f i MSR.obj
 0001:000020e2       ??_ECComModule@ATL@@UAEPAXI@Z 100030e2 f i MSR.obj
 0001:0000210a       ?CreateInstance@?$CComCreator@V?$CComObjectCached@VCComClassFactory@ATL@@@ATL@@@ATL@@SGJPAXABU_GUID@@PAPAX@Z 1000310a f i MSR.obj
 0001:000021aa       ?CreateInstance@?$CComCreator2@V?$CComCreator@V?$CComObject@VCOPOSMSR@@@ATL@@@ATL@@V?$CComCreator@V?$CComAggObject@VCOPOSMSR@@@ATL@@@2@@ATL@@SGJPAXABU_GUID@@PAPAX@Z 100031aa f i MSR.obj
 0001:000021ca       ?AddRef@?$CComObjectCached@VCComClassFactory@ATL@@@ATL@@UAGKXZ 100031ca f i MSR.obj
 0001:000021f1       ?Release@?$CComObjectCached@VCComClassFactory@ATL@@@ATL@@UAGKXZ 100031f1 f i MSR.obj
 0001:00002227       ?QueryInterface@?$CComObjectCached@VCComClassFactory@ATL@@@ATL@@UAGJABU_GUID@@PAPAX@Z 10003227 f i MSR.obj
 0001:00002241       ??_E?$CComObjectCached@VCComClassFactory@ATL@@@ATL@@UAEPAXI@Z 10003241 f i MSR.obj
 0001:00002241       ??_G?$CComObjectCached@VCComClassFactory@ATL@@@ATL@@UAEPAXI@Z 10003241 f i MSR.obj
 0001:00002263       ?Next@?$CComEnumImpl@UIEnumConnectionPoints@@$1?_GUID_b196b285_bab4_101a_b69c_00aa00341d07@@3U__s_GUID@@BPAUIConnectionPoint@@V?$_CopyInterface@UIConnectionPoint@@@ATL@@@ATL@@UAGJKPAPAUIConnectionPoint@@PAK@Z 10003263 f i MSR.obj
 0001:0000233a       ?Skip@?$CComEnumImpl@UIEnumConnectionPoints@@$1?_GUID_b196b285_bab4_101a_b69c_00aa00341d07@@3U__s_GUID@@BPAUIConnectionPoint@@V?$_CopyInterface@UIConnectionPoint@@@ATL@@@ATL@@UAGJK@Z 1000333a f i MSR.obj
 0001:00002367       ?Reset@?$CComEnumImpl@UIEnumConnections@@$1?_GUID_b196b287_bab4_101a_b69c_00aa00341d07@@3U__s_GUID@@BUtagCONNECTDATA@@V?$_Copy@UtagCONNECTDATA@@@ATL@@@ATL@@UAGJXZ 10003367 f i MSR.obj
 0001:00002367       ?Reset@?$CComEnumImpl@UIEnumConnectionPoints@@$1?_GUID_b196b285_bab4_101a_b69c_00aa00341d07@@3U__s_GUID@@BPAUIConnectionPoint@@V?$_CopyInterface@UIConnectionPoint@@@ATL@@@ATL@@UAGJXZ 10003367 f i MSR.obj
 0001:00002379       ?Clone@?$CComEnumImpl@UIEnumConnectionPoints@@$1?_GUID_b196b285_bab4_101a_b69c_00aa00341d07@@3U__s_GUID@@BPAUIConnectionPoint@@V?$_CopyInterface@UIConnectionPoint@@@ATL@@@ATL@@UAGJPAPAUIEnumConnectionPoints@@@Z 10003379 f i MSR.obj
 0001:0000245a       ?AddRef@?$CComObject@V?$CComEnum@UIEnumConnectionPoints@@$1?_GUID_b196b285_bab4_101a_b69c_00aa00341d07@@3U__s_GUID@@BPAUIConnectionPoint@@V?$_CopyInterface@UIConnectionPoint@@@ATL@@VCComSingleThreadModel@6@@ATL@@@ATL@@UAGKXZ 1000345a f i MSR.obj
 0001:0000245a       ?AddRef@?$CComObject@V?$CComEnum@UIEnumConnections@@$1?_GUID_b196b287_bab4_101a_b69c_00aa00341d07@@3U__s_GUID@@BUtagCONNECTDATA@@V?$_Copy@UtagCONNECTDATA@@@ATL@@VCComSingleThreadModel@6@@ATL@@@ATL@@UAGKXZ 1000345a f i MSR.obj
 0001:0000246b       ?Release@?$CComObject@V?$CComEnum@UIEnumConnections@@$1?_GUID_b196b287_bab4_101a_b69c_00aa00341d07@@3U__s_GUID@@BUtagCONNECTDATA@@V?$_Copy@UtagCONNECTDATA@@@ATL@@VCComSingleThreadModel@6@@ATL@@@ATL@@UAGKXZ 1000346b f i MSR.obj
 0001:0000246b       ?Release@?$CComObject@V?$CComEnum@UIEnumConnectionPoints@@$1?_GUID_b196b285_bab4_101a_b69c_00aa00341d07@@3U__s_GUID@@BPAUIConnectionPoint@@V?$_CopyInterface@UIConnectionPoint@@@ATL@@VCComSingleThreadModel@6@@ATL@@@ATL@@UAGKXZ 1000346b f i MSR.obj
 0001:000024a7       ?QueryInterface@?$CComObject@V?$CComEnum@UIEnumConnectionPoints@@$1?_GUID_b196b285_bab4_101a_b69c_00aa00341d07@@3U__s_GUID@@BPAUIConnectionPoint@@V?$_CopyInterface@UIConnectionPoint@@@ATL@@VCComSingleThreadModel@6@@ATL@@@ATL@@UAGJABU_GUID@@PAPAX@Z 100034a7 f i MSR.obj
 0001:000024c1       ??_G?$CComObject@V?$CComEnum@UIEnumConnectionPoints@@$1?_GUID_b196b285_bab4_101a_b69c_00aa00341d07@@3U__s_GUID@@BPAUIConnectionPoint@@V?$_CopyInterface@UIConnectionPoint@@@ATL@@VCComSingleThreadModel@6@@ATL@@@ATL@@UAEPAXI@Z 100034c1 f i MSR.obj
 0001:000024c1       ??_E?$CComObject@V?$CComEnum@UIEnumConnectionPoints@@$1?_GUID_b196b285_bab4_101a_b69c_00aa00341d07@@3U__s_GUID@@BPAUIConnectionPoint@@V?$_CopyInterface@UIConnectionPoint@@@ATL@@VCComSingleThreadModel@6@@ATL@@@ATL@@UAEPAXI@Z 100034c1 f i MSR.obj
 0001:000024e3       ?AddRef@CRegObject@ATL@@UAGKXZ 100034e3 f i MSR.obj
 0001:000024e9       ?AddReplacement@CRegObject@ATL@@UAGJPB_W0@Z 100034e9 f i MSR.obj
 0001:00002522       ?ClearReplacements@CRegObject@ATL@@UAGJXZ 10003522 f i MSR.obj
 0001:00002534       ??_GCRegObject@ATL@@UAEPAXI@Z 10003534 f i MSR.obj
 0001:00002534       ??_ECRegObject@ATL@@UAEPAXI@Z 10003534 f i MSR.obj
 0001:00002556       ?AddRef@?$CComAggObject@VCOPOSMSR@@@ATL@@UAGKXZ 10003556 f i MSR.obj
 0001:00002567       ?Release@?$CComAggObject@VCOPOSMSR@@@ATL@@UAGKXZ 10003567 f i MSR.obj
 0001:000025a3       ?QueryInterface@?$CComAggObject@VCOPOSMSR@@@ATL@@UAGJABU_GUID@@PAPAX@Z 100035a3 f i MSR.obj
 0001:000025f2       ?AddRef@?$CComContainedObject@VCOPOSMSR@@@ATL@@UAGKXZ 100035f2 f i MSR.obj
 0001:00002608       ?Release@?$CComContainedObject@VCOPOSMSR@@@ATL@@UAGKXZ 10003608 f i MSR.obj
 0001:0000261e       ?QueryInterface@?$CComContainedObject@VCOPOSMSR@@@ATL@@UAGJABU_GUID@@PAPAX@Z 1000361e f i MSR.obj
 0001:00002639       ??_E?$CComAggObject@VCOPOSMSR@@@ATL@@UAEPAXI@Z 10003639 f i MSR.obj
 0001:00002639       ??_G?$CComAggObject@VCOPOSMSR@@@ATL@@UAEPAXI@Z 10003639 f i MSR.obj
 0001:0000265e       ?AddRef@?$CComObject@VCOPOSMSR@@@ATL@@UAGKXZ 1000365e f i MSR.obj
 0001:00002675       ?Release@?$CComObject@VCOPOSMSR@@@ATL@@UAGKXZ 10003675 f i MSR.obj
 0001:000026b7       ?QueryInterface@?$CComObject@VCOPOSMSR@@@ATL@@UAGJABU_GUID@@PAPAX@Z 100036b7 f i MSR.obj
 0001:000026d1       ?OnDrawAdvanced@CComControlBase@ATL@@UAEJAAUATL_DRAWINFO@@@Z 100036d1 f i MSR.obj
 0001:000027c4       ?Next@?$CComEnumImpl@UIEnumConnections@@$1?_GUID_b196b287_bab4_101a_b69c_00aa00341d07@@3U__s_GUID@@BUtagCONNECTDATA@@V?$_Copy@UtagCONNECTDATA@@@ATL@@@ATL@@UAGJKPAUtagCONNECTDATA@@PAK@Z 100037c4 f i MSR.obj
 0001:0000289b       ?Skip@?$CComEnumImpl@UIEnumConnections@@$1?_GUID_b196b287_bab4_101a_b69c_00aa00341d07@@3U__s_GUID@@BUtagCONNECTDATA@@V?$_Copy@UtagCONNECTDATA@@@ATL@@@ATL@@UAGJK@Z 1000389b f i MSR.obj
 0001:000028c8       ?Clone@?$CComEnumImpl@UIEnumConnections@@$1?_GUID_b196b287_bab4_101a_b69c_00aa00341d07@@3U__s_GUID@@BUtagCONNECTDATA@@V?$_Copy@UtagCONNECTDATA@@@ATL@@@ATL@@UAGJPAPAUIEnumConnections@@@Z 100038c8 f i MSR.obj
 0001:000029a9       ?QueryInterface@?$CComObject@V?$CComEnum@UIEnumConnections@@$1?_GUID_b196b287_bab4_101a_b69c_00aa00341d07@@3U__s_GUID@@BUtagCONNECTDATA@@V?$_Copy@UtagCONNECTDATA@@@ATL@@VCComSingleThreadModel@6@@ATL@@@ATL@@UAGJABU_GUID@@PAPAX@Z 100039a9 f i MSR.obj
 0001:000029c3       ??_E?$CComObject@V?$CComEnum@UIEnumConnections@@$1?_GUID_b196b287_bab4_101a_b69c_00aa00341d07@@3U__s_GUID@@BUtagCONNECTDATA@@V?$_Copy@UtagCONNECTDATA@@@ATL@@VCComSingleThreadModel@6@@ATL@@@ATL@@UAEPAXI@Z 100039c3 f i MSR.obj
 0001:000029c3       ??_G?$CComObject@V?$CComEnum@UIEnumConnections@@$1?_GUID_b196b287_bab4_101a_b69c_00aa00341d07@@3U__s_GUID@@BUtagCONNECTDATA@@V?$_Copy@UtagCONNECTDATA@@@ATL@@VCComSingleThreadModel@6@@ATL@@@ATL@@UAEPAXI@Z 100039c3 f i MSR.obj
 0001:000029e5       ??$?4UITypeInfo2@@@?$CComPtr@UITypeInfo@@@ATL@@QAEPAUITypeInfo@@ABV?$CComPtr@UITypeInfo2@@@1@@Z 100039e5 f i MSR.obj
 0001:00002a12       ??$AtlAdd@K@ATL@@YAJPAKKK@Z 10003a12 f i MSR.obj
 0001:00002a35       ??$AtlAdd@_K@ATL@@YAJPA_K_K1@Z 10003a35 f i MSR.obj
 0001:00002a6d       ??$AtlAddThrow@K@ATL@@YAKKK@Z 10003a6d f i MSR.obj
 0001:00002a93       ??$AtlModuleRegisterWndClassInfoT@VAtlModuleRegisterWndClassInfoParamW@ATL@@@ATL@@YAGPAU_ATL_BASE_MODULE70@0@PAU_ATL_WIN_MODULE70@0@PAU_ATL_WNDCLASSINFOW@0@PAP6GJPAUHWND__@@IIJ@ZVAtlModuleRegisterWndClassInfoParamW@0@@Z 10003a93 f i MSR.obj
 0001:00002be1       ??$AtlMultiply@H@ATL@@YAJPAHHH@Z 10003be1 f i MSR.obj
 0001:00002c19       ??$AtlMultiply@K@ATL@@YAJPAKKK@Z 10003c19 f i MSR.obj
 0001:00002c19       ??$AtlMultiply@I@ATL@@YAJPAIII@Z 10003c19 f i MSR.obj
 0001:00002c3b       ??$AtlMultiplyThrow@I@ATL@@YAIII@Z 10003c3b f i MSR.obj
 0001:00002c61       ??0?$CComAggObject@VCOPOSMSR@@@ATL@@QAE@PAX@Z 10003c61 f i MSR.obj
 0001:00002c8e       ??0?$CComContainedObject@VCOPOSMSR@@@ATL@@QAE@PAX@Z 10003c8e f i MSR.obj
 0001:00002d47       ??0?$CComObject@V?$CComEnum@UIEnumConnectionPoints@@$1?_GUID_b196b285_bab4_101a_b69c_00aa00341d07@@3U__s_GUID@@BPAUIConnectionPoint@@V?$_CopyInterface@UIConnectionPoint@@@ATL@@VCComSingleThreadModel@6@@ATL@@@ATL@@QAE@PAX@Z 10003d47 f i MSR.obj
 0001:00002d75       ??0?$CComObject@V?$CComEnum@UIEnumConnections@@$1?_GUID_b196b287_bab4_101a_b69c_00aa00341d07@@3U__s_GUID@@BUtagCONNECTDATA@@V?$_Copy@UtagCONNECTDATA@@@ATL@@VCComSingleThreadModel@6@@ATL@@@ATL@@QAE@PAX@Z 10003d75 f i MSR.obj
 0001:00002da3       ??0?$CComObject@VCOPOSMSR@@@ATL@@QAE@PAX@Z 10003da3 f i MSR.obj
 0001:00002e5a       ??0?$CComQIPtr@UIOleControlSite@@$1?_GUID_b196b289_bab4_101a_b69c_00aa00341d07@@3U__s_GUID@@B@ATL@@QAE@PAUIUnknown@@@Z 10003e5a f i MSR.obj
 0001:00002e83       ??0CAtlModule@ATL@@QAE@XZ  10003e83 f i MSR.obj
 0001:00002ec4       ??0CParseBuffer@CRegParser@ATL@@QAE@H@Z 10003ec4 f i MSR.obj
 0001:00002efa       ??0_ATL_MSG@ATL@@QAE@PAUHWND__@@IIJH@Z 10003efa f i MSR.obj
 0001:00002f32       ??1?$CComAggObject@VCOPOSMSR@@@ATL@@UAE@XZ 10003f32 f i MSR.obj
 0001:00002f56       ??1?$CComEnumImpl@UIEnumConnectionPoints@@$1?_GUID_b196b285_bab4_101a_b69c_00aa00341d07@@3U__s_GUID@@BPAUIConnectionPoint@@V?$_CopyInterface@UIConnectionPoint@@@ATL@@@ATL@@UAE@XZ 10003f56 f i MSR.obj
 0001:00002f96       ??1?$CComEnumImpl@UIEnumConnections@@$1?_GUID_b196b287_bab4_101a_b69c_00aa00341d07@@3U__s_GUID@@BUtagCONNECTDATA@@V?$_Copy@UtagCONNECTDATA@@@ATL@@@ATL@@UAE@XZ 10003f96 f i MSR.obj
 0001:00002fd6       ??1?$CComObject@V?$CComEnum@UIEnumConnectionPoints@@$1?_GUID_b196b285_bab4_101a_b69c_00aa00341d07@@3U__s_GUID@@BPAUIConnectionPoint@@V?$_CopyInterface@UIConnectionPoint@@@ATL@@VCComSingleThreadModel@6@@ATL@@@ATL@@UAE@XZ 10003fd6 f i MSR.obj
 0001:00002ff9       ??1?$CComObject@V?$CComEnum@UIEnumConnections@@$1?_GUID_b196b287_bab4_101a_b69c_00aa00341d07@@3U__s_GUID@@BUtagCONNECTDATA@@V?$_Copy@UtagCONNECTDATA@@@ATL@@VCComSingleThreadModel@6@@ATL@@@ATL@@UAE@XZ 10003ff9 f i MSR.obj
 0001:0000301c       ??1?$CComObject@VCOPOSMSR@@@ATL@@UAE@XZ 1000401c f i MSR.obj
 0001:000030da       ??1?$CComObjectCached@VCComClassFactory@ATL@@@ATL@@UAE@XZ 100040da f i MSR.obj
 0001:000030f0       ??1?$CComObjectRootEx@VCComMultiThreadModel@ATL@@@ATL@@QAE@XZ 100040f0 f i MSR.obj
 0001:00003105       ??1CRegObject@ATL@@UAE@XZ  10004105 f i MSR.obj
 0001:00003125       ??4?$CComPtr@UIUnknown@@@ATL@@QAEPAUIUnknown@@PAU2@@Z 10004125 f i MSR.obj
 0001:00003125       ??4?$CComPtr@UIOleClientSite@@@ATL@@QAEPAUIOleClientSite@@PAU2@@Z 10004125 f i MSR.obj
 0001:00003125       ??4?$CComPtr@UIAdviseSink@@@ATL@@QAEPAUIAdviseSink@@PAU2@@Z 10004125 f i MSR.obj
 0001:00003159       ??_E?$CComContainedObject@VCOPOSMSR@@@ATL@@UAEPAXI@Z 10004159 f i MSR.obj
 0001:00003159       ??_G?$CComContainedObject@VCOPOSMSR@@@ATL@@UAEPAXI@Z 10004159 f i MSR.obj
 0001:0000317e       ??_G?$CComObject@VCOPOSMSR@@@ATL@@UAEPAXI@Z 1000417e f i MSR.obj
 0001:0000317e       ??_E?$CComObject@VCOPOSMSR@@@ATL@@UAEPAXI@Z 1000417e f i MSR.obj
 0001:000031a3       ?Add@?$CSimpleArray@GV?$CSimpleArrayEqualHelper@G@ATL@@@ATL@@QAEHABG@Z 100041a3 f i MSR.obj
 0001:00003227       ?Add@?$CSimpleMap@PA_WPA_WVCExpansionVectorEqualHelper@ATL@@@ATL@@QAEHABQA_W0@Z 10004227 f i MSR.obj
 0001:0000327c       ?Add@CComDynamicUnkArray@ATL@@QAEKPAUIUnknown@@@Z 1000427c f i MSR.obj
 0001:00003332       ?Add@CExpansionVector@ATL@@QAEHPB_W0@Z 10004332 f i MSR.obj
 0001:0000343b       ?AddString@CParseBuffer@CRegParser@ATL@@QAEHPB_W@Z 1000443b f i MSR.obj
 0001:00003470       ?AddTermFunc@CAtlModule@ATL@@QAEJP6GXK@ZK@Z 10004470 f i MSR.obj
 0001:000034d3       ?AddValue@CRegParser@ATL@@IAEJAAVCRegKey@2@PB_WPA_W@Z 100044d3 f i MSR.obj
 0001:000037ed       ?Allocate@?$CAtlSafeAllocBufferManager@VCCRTAllocator@ATL@@@_ATL_SAFE_ALLOCA_IMPL@ATL@@QAEPAXK@Z 100047ed f i MSR.obj
 0001:0000381a       ?Allocate@?$CTempBuffer@E$0BAA@VCCRTAllocator@ATL@@@ATL@@QAEPAEI@Z 1000481a f i MSR.obj
 0001:00003849       ?Allocate@?$CTempBuffer@_W$0BAA@VCCRTAllocator@ATL@@@ATL@@QAEPA_WI@Z 10004849 f i MSR.obj
 0001:00003878       ?Allocate@?$CTempBuffer@_W$0EAA@VCCRTAllocator@ATL@@@ATL@@QAEPA_WI@Z 10004878 f i MSR.obj
 0001:000038a7       ?AllocateHeap@?$CTempBuffer@_W$0BAA@VCCRTAllocator@ATL@@@ATL@@AAEXI@Z 100048a7 f i MSR.obj
 0001:000038a7       ?AllocateHeap@?$CTempBuffer@E$0BAA@VCCRTAllocator@ATL@@@ATL@@AAEXI@Z 100048a7 f i MSR.obj
 0001:000038a7       ?AllocateHeap@?$CTempBuffer@_W$0EAA@VCCRTAllocator@ATL@@@ATL@@AAEXI@Z 100048a7 f i MSR.obj
 0001:000038cc       ?Append@CParseBuffer@CRegParser@ATL@@QAEHPB_WH@Z 100048cc f i MSR.obj
 0001:0000395a       ?AtlCoTaskMemCAlloc@ATL@@YAPAXKK@Z 1000495a f i MSR.obj
 0001:00003987       ?AtlCoTaskMemRecalloc@ATL@@YAPAXPAXKK@Z 10004987 f i MSR.obj
 0001:000039b7       ?AtlComModuleGetClassObject@ATL@@YGJPAU_ATL_COM_MODULE70@1@ABU_GUID@@1PAPAX@Z 100049b7 f i MSR.obj
 0001:00003aaa       ?AtlComModuleRegisterServer@ATL@@YGJPAU_ATL_COM_MODULE70@1@HPBU_GUID@@@Z 10004aaa f i MSR.obj
 0001:00003b32       ?AtlComModuleUnregisterServer@ATL@@YGJPAU_ATL_COM_MODULE70@1@HPBU_GUID@@@Z 10004b32 f i MSR.obj
 0001:00003bba       ?AtlComQIPtrAssign2@ATL@@YAXPAPAUIUnknown@@PAU2@ABU_GUID@@@Z 10004bba f i MSR.obj
 0001:00003be9       ?AtlCreateTargetDC@ATL@@YGPAUHDC__@@PAU2@PAUtagDVTARGETDEVICE@@@Z 10004be9 f i MSR.obj
 0001:00003c52       ?AtlCrtErrorCheck@ATL@@YAHH@Z 10004c52 f i MSR.obj
 0001:00003c8d       ?AtlHiMetricToPixel@ATL@@YGXPBUtagSIZE@@PAU2@@Z 10004c8d f i MSR.obj
 0001:00003d02       ?AtlHresultFromLastError@ATL@@YAJXZ 10004d02 f i MSR.obj
 0001:00003d19       ?AtlHresultFromWin32@ATL@@YAJK@Z 10004d19 f i MSR.obj
 0001:00003d2e       ?AtlInternalOleLoadFromStream@ATL@@YAJPAUIStream@@ABU_GUID@@PAPAXTClassesAllowedInStream@1@K@Z 10004d2e f i MSR.obj
 0001:00003e4c       ?AtlInternalQueryInterface@ATL@@YGJPAXPBU_ATL_INTMAP_ENTRY@1@ABU_GUID@@PAPAX@Z 10004e4c f i MSR.obj
 0001:00003eef       ?AtlLoadTypeLib@ATL@@YGJPAUHINSTANCE__@@PB_WPAPA_WPAPAUITypeLib@@@Z 10004eef f i MSR.obj
 0001:000040cd       ?AtlRegisterClassCategoriesHelper@ATL@@YGJABU_GUID@@PBU_ATL_CATMAP_ENTRY@1@H@Z 100050cd f i MSR.obj
 0001:000043c9       ?AtlRegisterTypeLib@ATL@@YGJPAUHINSTANCE__@@PB_W@Z 100053c9 f i MSR.obj
 0001:00004551       ?AtlThrowImpl@ATL@@YGXJ@Z  10005551 f i MSR.obj
 0001:0000456f       ?AtlUnRegisterTypeLib@ATL@@YGJPAUHINSTANCE__@@PB_W@Z 1000556f f i MSR.obj
 0001:0000461a       ?AtlWinModuleAddCreateWndData@ATL@@YGXPAU_ATL_WIN_MODULE70@1@PAU_AtlCreateWndData@1@PAX@Z 1000561a f i MSR.obj
 0001:0000466e       ?AtlWinModuleExtractCreateWndData@ATL@@YGPAXPAU_ATL_WIN_MODULE70@1@@Z 1000566e f i MSR.obj
 0001:000046d1       ?AtlWinModuleRegisterClassExW@ATL@@YGGPAU_ATL_WIN_MODULE70@1@PBUtagWNDCLASSEXW@@@Z 100056d1 f i MSR.obj
 0001:00004710       ?CanForceRemoveKey@CRegParser@ATL@@IAEHPB_W@Z 10005710 f i MSR.obj
 0001:0000473f       ?ChToByte@CRegParser@ATL@@KAE_W@Z 1000573f f i MSR.obj
 0001:00004772       ?Cleanup@CComTypeInfoHolder@ATL@@SGXK@Z 10005772 f i MSR.obj
 0001:000047a5       ?ClearReplacements@CExpansionVector@ATL@@QAEJXZ 100057a5 f i MSR.obj
 0001:000047e2       ?Close@CRegKey@ATL@@QAEJXZ 100057e2 f i MSR.obj
 0001:000047fc       ?CreateInstance@?$CComCreator@V?$CComAggObject@VCOPOSMSR@@@ATL@@@ATL@@SGJPAXABU_GUID@@PAPAX@Z 100057fc f i MSR.obj
 0001:00004871       ?CreateInstance@?$CComCreator@V?$CComObject@VCOPOSMSR@@@ATL@@@ATL@@SGJPAXABU_GUID@@PAPAX@Z 10005871 f i MSR.obj
 0001:000048f1       ?CreateInstance@?$CComObject@V?$CComEnum@UIEnumConnectionPoints@@$1?_GUID_b196b285_bab4_101a_b69c_00aa00341d07@@3U__s_GUID@@BPAUIConnectionPoint@@V?$_CopyInterface@UIConnectionPoint@@@ATL@@VCComSingleThreadModel@6@@ATL@@@ATL@@SGJPAPAV12@@Z 100058f1 f i MSR.obj
 0001:0000493b       ?CreateInstance@?$CComObject@V?$CComEnum@UIEnumConnections@@$1?_GUID_b196b287_bab4_101a_b69c_00aa00341d07@@3U__s_GUID@@BUtagCONNECTDATA@@V?$_Copy@UtagCONNECTDATA@@@ATL@@VCComSingleThreadModel@6@@ATL@@@ATL@@SGJPAPAV12@@Z 1000593b f i MSR.obj
 0001:00004985       ?DefaultReflectionHandler@?$CWindowImplRoot@VCWindow@ATL@@@ATL@@SAHPAUHWND__@@IIJAAJ@Z 10005985 f i MSR.obj
 0001:000049f8       ?DeleteSubKey@CRegKey@ATL@@QAEJPB_W@Z 100059f8 f i MSR.obj
 0001:00004a71       ?DoEvent@COPOSMSR@@IAEXIIJ@Z 10005a71 f i MSR.obj
 0001:00004af1       ?DoVerbHide@?$IOleObjectImpl@VCOPOSMSR@@@ATL@@QAEJPBUtagRECT@@PAUHWND__@@@Z 10005af1 f i MSR.obj
 0001:00004b27       ?DoVerbInPlaceActivate@?$IOleObjectImpl@VCOPOSMSR@@@ATL@@QAEJPBUtagRECT@@PAUHWND__@@@Z 10005b27 f i MSR.obj
 0001:00004b5a       ?DoVerbPrimary@?$IOleObjectImpl@VCOPOSMSR@@@ATL@@QAEJPBUtagRECT@@PAUHWND__@@@Z 10005b5a f i MSR.obj
 0001:00004be6       ?DoVerbProperties@CComControlBase@ATL@@QAEJPBUtagRECT@@PAUHWND__@@@Z 10005be6 f i MSR.obj
 0001:00004d65       ?DoVerbUIActivate@?$IOleObjectImpl@VCOPOSMSR@@@ATL@@QAEJPBUtagRECT@@PAUHWND__@@@Z 10005d65 f i MSR.obj
 0001:00004da2       ?DoesVerbActivate@CComControlBase@ATL@@QAEHJ@Z 10005da2 f i MSR.obj
 0001:00004dc3       ?DoesVerbUIActivate@CComControlBase@ATL@@QAEHJ@Z 10005dc3 f i MSR.obj
 0001:00004df8       ?EndOfVar@CRegParser@ATL@@IAEHXZ 10005df8 f i MSR.obj
 0001:00004e18       ?EscapeSingleQuote@CAtlModule@ATL@@SAXPA_WIPB_W@Z 10005e18 f i MSR.obj
 0001:00004e67       ?FindKey@?$CSimpleMap@PA_WPA_WVCExpansionVectorEqualHelper@ATL@@@ATL@@QBEHABQA_W@Z 10005e67 f i MSR.obj
 0001:00004e9e       ?FireTheEvent@?$CProxy_IOPOSEvents@VCOPOSMSR@@@@IAEXPAVOposVariant@@IAAJPB_WJ@Z 10005e9e f i MSR.obj
 0001:00004f30       ?FireViewChange@CComControlBase@ATL@@QAEJXZ 10005f30 f i MSR.obj
 0001:00004f79       ?Fire_DataEvent@?$CProxy_IOPOSEvents@VCOPOSMSR@@@@QAEXJ@Z 10005f79 f i MSR.obj
 0001:0000500f       ?Fire_DirectIOEvent@?$CProxy_IOPOSEvents@VCOPOSMSR@@@@QAEXJPAJPAPA_W@Z 1000600f f i MSR.obj
 0001:000050fb       ?Fire_ErrorEvent@?$CProxy_IOPOSEvents@VCOPOSMSR@@@@QAEXJJJPAJ@Z 100060fb f i MSR.obj
 0001:000051ec       ?Fire_StatusUpdateEvent@?$CProxy_IOPOSEvents@VCOPOSMSR@@@@QAEXJ@Z 100061ec f i MSR.obj
 0001:00005282       ?FreeHeap@?$CTempBuffer@_W$0BAA@VCCRTAllocator@ATL@@@ATL@@AAEXXZ 10006282 f i MSR.obj
 0001:00005282       ?FreeHeap@?$CTempBuffer@_W$0EAA@VCCRTAllocator@ATL@@@ATL@@AAEXXZ 10006282 f i MSR.obj
 0001:00005282       ?FreeHeap@?$CTempBuffer@E$0BAA@VCCRTAllocator@ATL@@@ATL@@AAEXXZ 10006282 f i MSR.obj
 0001:0000528b       ?GetAmbientLocaleID@CComControlBase@ATL@@QAEJAAK@Z 1000628b f i MSR.obj
 0001:000052e7       ?GetAmbientUserMode@CComControlBase@ATL@@QAEJAAH@Z 100062e7 f i MSR.obj
 0001:00005357       ?GetAt@CComDynamicUnkArray@ATL@@QAEPAUIUnknown@@H@Z 10006357 f i MSR.obj
 0001:00005373       ?GetClassObject@CComModule@ATL@@QAEJABU_GUID@@0PAPAX@Z 10006373 f i MSR.obj
 0001:00005415       ?GetConnMap@COPOSMSR@@SAPBU_ATL_CONNMAP_ENTRY@ATL@@PAH@Z 10006415 f i MSR.obj
 0001:00005485       ?GetCookie@CComDynamicUnkArray@ATL@@QAGKPAPAUIUnknown@@@Z 10006485 f i MSR.obj
 0001:000054bd       ?GetIDsOfNames@CComTypeInfoHolder@ATL@@QAEJABU_GUID@@PAPA_WIKPAJ@Z 100064bd f i MSR.obj
 0001:000055e4       ?GetKeyAt@?$CSimpleMap@PA_WPA_WVCExpansionVectorEqualHelper@ATL@@@ATL@@QBEAAPA_WH@Z 100065e4 f i MSR.obj
 0001:00005609       ?GetPagesHelper@?$ISpecifyPropertyPagesImpl@VCOPOSMSR@@@ATL@@IAEJPAUtagCAUUID@@PBUATL_PROPMAP_ENTRY@2@@Z 10006609 f i MSR.obj
 0001:00005730       ?GetProperty@?$CComPtr@UIDispatch@@@ATL@@SAJPAUIDispatch@@JPAUtagVARIANT@@@Z 10006730 f i MSR.obj
 0001:0000577f       ?GetSizeMax@CComVariant@ATL@@QBEJPAT_ULARGE_INTEGER@@@Z 1000677f f i MSR.obj
 0001:00005941       ?GetTI@CComTypeInfoHolder@ATL@@QAEJK@Z 10006941 f i MSR.obj
 0001:00005b20       ?GetTI@CComTypeInfoHolder@ATL@@QAEJKPAPAUITypeInfo@@@Z 10006b20 f i MSR.obj
 0001:00005b62       ?GetUnknown@CComDynamicUnkArray@ATL@@QAGPAUIUnknown@@K@Z 10006b62 f i MSR.obj
 0001:00005b83       ?GetValueAt@?$CSimpleMap@PA_WPA_WVCExpansionVectorEqualHelper@ATL@@@ATL@@QBEAAPA_WH@Z 10006b83 f i MSR.obj
 0001:00005ba9       ?GetZoomInfo@CComControlBase@ATL@@QAEXAAUATL_DRAWINFO@@@Z 10006ba9 f i MSR.obj
 0001:00005c3c       ?HKeyFromString@CRegParser@ATL@@KAPAUHKEY__@@PA_W@Z 10006c3c f i MSR.obj
 0001:00005c6a       ?HasSubKeys@CRegParser@ATL@@IAEHPAUHKEY__@@@Z 10006c6a f i MSR.obj
 0001:00005c9f       ?IDataObject_GetData@CComControlBase@ATL@@QAEJPAUtagFORMATETC@@PAUtagSTGMEDIUM@@@Z 10006c9f f i MSR.obj
 0001:00005e45       ?IOleInPlaceObject_InPlaceDeactivate@CComControlBase@ATL@@QAEJXZ 10006e45 f i MSR.obj
 0001:00005ecc       ?IOleInPlaceObject_SetObjectRects@CComControlBase@ATL@@QAEJPBUtagRECT@@0@Z 10006ecc f i MSR.obj
 0001:00005f99       ?IOleInPlaceObject_UIDeactivate@CComControlBase@ATL@@QAEJXZ 10006f99 f i MSR.obj
 0001:0000605b       ?IOleObject_Advise@CComControlBase@ATL@@QAEJPAUIAdviseSink@@PAK@Z 1000705b f i MSR.obj
 0001:00006085       ?IOleObject_Close@CComControlBase@ATL@@QAEJK@Z 10007085 f i MSR.obj
 0001:00006169       ?IOleObject_GetClientSite@CComControlBase@ATL@@QAEJPAPAUIOleClientSite@@@Z 10007169 f i MSR.obj
 0001:00006192       ?IOleObject_SetClientSite@CComControlBase@ATL@@QAEJPAUIOleClientSite@@@Z 10007192 f i MSR.obj
 0001:000061d1       ?IOleObject_SetExtent@CComControlBase@ATL@@QAEJKPAUtagSIZE@@@Z 100071d1 f i MSR.obj
 0001:00006285       ?IPSI_GetIPersistStreamInit@?$IPersistStorageImpl@VCOPOSMSR@@@ATL@@AAEPAUIPersistStreamInit@@XZ 10007285 f i MSR.obj
 0001:0000632d       ?IPersistStreamInit_Load@?$IPersistStreamInitImpl@VCOPOSMSR@@@ATL@@QAEJPAUIStream@@PBUATL_PROPMAP_ENTRY@2@@Z 1000732d f i MSR.obj
 0001:000065a2       ?IPersistStreamInit_Save@?$IPersistStreamInitImpl@VCOPOSMSR@@@ATL@@QAEJPAUIStream@@HPBUATL_PROPMAP_ENTRY@2@@Z 100075a2 f i MSR.obj
 0001:00006790       ?IQuickActivate_QuickActivate@CComControlBase@ATL@@QAEJPAUtagQACONTAINER@@PAUtagQACONTROL@@@Z 10007790 f i MSR.obj
 0001:000069d2       ?IViewObject_Draw@CComControlBase@ATL@@QAEJKJPAXPAUtagDVTARGETDEVICE@@PAUHDC__@@2PBU_RECTL@@3@Z 100079d2 f i MSR.obj
 0001:00006a7a       ?InPlaceActivate@CComControlBase@ATL@@QAEJJPBUtagRECT@@@Z 10007a7a f i MSR.obj
 0001:00006ceb       ?Init@?$CComEnumImpl@UIEnumConnectionPoints@@$1?_GUID_b196b285_bab4_101a_b69c_00aa00341d07@@3U__s_GUID@@BPAUIConnectionPoint@@V?$_CopyInterface@UIConnectionPoint@@@ATL@@@ATL@@QAEJPAPAUIConnectionPoint@@0PAUIUnknown@@W4CComEnumFlags@2@@Z 10007ceb f i MSR.obj
 0001:00006dca       ?Init@?$CComEnumImpl@UIEnumConnections@@$1?_GUID_b196b287_bab4_101a_b69c_00aa00341d07@@3U__s_GUID@@BUtagCONNECTDATA@@V?$_Copy@UtagCONNECTDATA@@@ATL@@@ATL@@QAEJPAUtagCONNECTDATA@@0PAUIUnknown@@W4CComEnumFlags@2@@Z 10007dca f i MSR.obj
 0001:00006ea9       ?Init@CComModule@ATL@@QAEJPAU_ATL_OBJMAP_ENTRY30@2@PAUHINSTANCE__@@PBU_GUID@@@Z 10007ea9 f i MSR.obj
 0001:00006f08       ?Init@CDynamicStdCallThunk2@ATL@@QAEHKPAX@Z 10007f08 f i MSR.obj
 0001:00006f33       ?InlineIsEqualUnknown@ATL@@YGHABU_GUID@@@Z 10007f33 f i MSR.obj
 0001:00006f5b       ?InternalSetAtIndex@?$CSimpleMap@PA_WPA_WVCExpansionVectorEqualHelper@ATL@@@ATL@@QAEXHABQA_W0@Z 10007f5b f i MSR.obj
 0001:00006f85       ?Invoke@CComTypeInfoHolder@ATL@@QAEJPAUIDispatch@@JABU_GUID@@KGPAUtagDISPPARAMS@@PAUtagVARIANT@@PAUtagEXCEPINFO@@PAI@Z 10007f85 f i MSR.obj
 0001:00006fc8       ?IsEqualObject@?$CComPtrBase@UIOleClientSite@@@ATL@@QAE_NPAUIUnknown@@@Z 10007fc8 f i MSR.obj
 0001:00006fc8       ?IsEqualObject@?$CComPtrBase@UITypeInfo@@@ATL@@QAE_NPAUIUnknown@@@Z 10007fc8 f i MSR.obj
 0001:00007035       ?IsSpace@CRegParser@ATL@@IAEH_W@Z 10008035 f i MSR.obj
 0001:0000705f       ?LoadNameCache@CComTypeInfoHolder@ATL@@QAEJPAUITypeInfo@@@Z 1000805f f i MSR.obj
 0001:00007194       ?Lookup@?$CSimpleMap@PA_WPA_WVCExpansionVectorEqualHelper@ATL@@@ATL@@QBEPA_WABQA_W@Z 10008194 f i MSR.obj
 0001:000071ba       ?NextToken@CRegParser@ATL@@IAEJPA_W@Z 100081ba f i MSR.obj
 0001:000072f2       ?OnKillFocus@CComControlBase@ATL@@QAEJIIJAAH@Z 100082f2 f i MSR.obj
 0001:0000734d       ?OnMouseActivate@CComControlBase@ATL@@QAEJIIJAAH@Z 1000834d f i MSR.obj
 0001:000073bb       ?OnPaint@CComControlBase@ATL@@QAEJIIJAAH@Z 100083bb f i MSR.obj
 0001:0000746d       ?OnSetFocus@CComControlBase@ATL@@QAEJIIJAAH@Z 1000846d f i MSR.obj
 0001:000074f6       ?Open@CRegKey@ATL@@QAEJPAUHKEY__@@PB_WK@Z 100084f6 f i MSR.obj
 0001:0000754b       ?PreProcessBuffer@CRegParser@ATL@@QAEJPA_WPAPA_W@Z 1000854b f i MSR.obj
 0001:000077ba       ?ProcessWindowMessage@?$CComControl@VCOPOSMSR@@V?$CWindowImpl@VCOPOSMSR@@VCWindow@ATL@@V?$CWinTraits@$0FGAAAAAA@$0A@@3@@ATL@@@ATL@@UAEHPAUHWND__@@IIJAAJK@Z 100087ba f i MSR.obj
 0001:00007859       ?ReadFromStream@CComBSTR@ATL@@QAEJPAUIStream@@@Z 10008859 f i MSR.obj
 0001:0000797c       ?ReadFromStream@CComVariant@ATL@@QAEJPAUIStream@@GTClassesAllowedInStream@2@K@Z 1000897c f i MSR.obj
 0001:00007b06       ?RecurseDeleteKey@CRegKey@ATL@@QAEJPB_W@Z 10008b06 f i MSR.obj
 0001:00007bf4       ?RegCreateKeyExW@CAtlTransactionManager@ATL@@QAEJPAUHKEY__@@PB_WKPA_WKKQAU_SECURITY_ATTRIBUTES@@PAPAU3@PAK@Z 10008bf4 f i MSR.obj
 0001:00007c57       ?RegDeleteKeyW@CAtlTransactionManager@ATL@@QAEJPAUHKEY__@@PB_W@Z 10008c57 f i MSR.obj
 0001:00007ca9       ?RegOpenKeyExW@CAtlTransactionManager@ATL@@QAEJPAUHKEY__@@PB_WKKPAPAU3@@Z 10008ca9 f i MSR.obj
 0001:00007d00       ?Register@_ATL_WNDCLASSINFOW@ATL@@QAEGPAP6GJPAUHWND__@@IIJ@Z@Z 10008d00 f i MSR.obj
 0001:00007d20       ?RegisterBuffer@CRegParser@ATL@@QAEJPA_WH@Z 10008d20 f i MSR.obj
 0001:00007e67       ?RegisterFromResource@CRegObject@ATL@@IAEJPB_W00H@Z 10008e67 f i MSR.obj
 0001:00007f9d       ?RegisterServer@?$CAtlModuleT@VCComModule@ATL@@@ATL@@QAEJHPBU_GUID@@@Z 10008f9d f i MSR.obj
 0001:00007fcb       ?RegisterServer@CComModule@ATL@@QAEJHPBU_GUID@@@Z 10008fcb f i MSR.obj
 0001:00008041       ?RegisterSubkeys@CRegParser@ATL@@IAEJPA_WPAUHKEY__@@HH@Z 10009041 f i MSR.obj
 0001:000086ee       ?Remove@CComDynamicUnkArray@ATL@@QAEHK@Z 100096ee f i MSR.obj
 0001:00008717       ?RemoveAll@?$CSimpleMap@PA_WPA_WVCExpansionVectorEqualHelper@ATL@@@ATL@@QAEXXZ 10009717 f i MSR.obj
 0001:00008743       ?ResourceRegisterSz@CRegObject@ATL@@QAGJPB_W00@Z 10009743 f i MSR.obj
 0001:00008770       ?ResourceUnregisterSz@CRegObject@ATL@@QAGJPB_W00@Z 10009770 f i MSR.obj
 0001:0000879d       ?SendOnDataChange@CComControlBase@ATL@@QAEJK@Z 1000979d f i MSR.obj
 0001:000087ea       ?SetControlFocus@CComControlBase@ATL@@QAEHH@Z 100097ea f i MSR.obj
 0001:00008887       ?SetMultiStringValue@CRegKey@ATL@@QAEJPB_W0@Z 10009887 f i MSR.obj
 0001:000088e3       ?SetStringValue@CRegKey@ATL@@QAEJPB_W0K@Z 100098e3 f i MSR.obj
 0001:0000892c       ?SkipAssignment@CRegParser@ATL@@IAEJPA_W@Z 1000992c f i MSR.obj
 0001:00008991       ?SkipWhiteSpace@CRegParser@ATL@@IAEXXZ 10009991 f i MSR.obj
 0001:000089b3       ?StrChrW@CRegParser@ATL@@KAPA_WPA_W_W@Z 100099b3 f i MSR.obj
 0001:000089f0       ?Term@CAtlModule@ATL@@QAEXXZ 100099f0 f i MSR.obj
 0001:00008a43       ?Term@CComModule@ATL@@QAEXXZ 10009a43 f i MSR.obj
 0001:00008a9b       ?UnregisterServer@?$CAtlModuleT@VCComModule@ATL@@@ATL@@QAEJHPBU_GUID@@@Z 10009a9b f i MSR.obj
 0001:00008ac1       ?UnregisterServer@CComModule@ATL@@QAEJHPBU_GUID@@@Z 10009ac1 f i MSR.obj
 0001:00008b37       ?UpdateRegistryFromResource@CAtlModule@ATL@@QAGJIHPAU_ATL_REGMAP_ENTRY@2@@Z 10009b37 f i MSR.obj
 0001:00008d02       ?UpdateRegistryFromResource@CAtlModule@ATL@@QAGJPB_WHPAU_ATL_REGMAP_ENTRY@2@@Z 10009d02 f i MSR.obj
 0001:00008ed3       ?VTFromRegType@CRegParser@ATL@@KAHPB_WAAG@Z 10009ed3 f i MSR.obj
 0001:00008f40       ?WindowProc@?$CWindowImplBaseT@VCWindow@ATL@@V?$CWinTraits@$0FGAAAAAA@$0A@@2@@ATL@@SGJPAUHWND__@@IIJ@Z 10009f40 f i MSR.obj
 0001:00009032       ?WriteToStream@CComBSTR@ATL@@QAEJPAUIStream@@@Z 1000a032 f i MSR.obj
 0001:00009094       ?WriteToStream@CComVariant@ATL@@QAEJPAUIStream@@@Z 1000a094 f i MSR.obj
 0001:0000920e       ?WriteToStream@CComVariant@ATL@@QAEJPAUIStream@@G@Z 1000a20e f i MSR.obj
 0001:00009277       ?_AtlInitialConstruct@?$CComObjectRootEx@VCComMultiThreadModel@ATL@@@ATL@@QAEJXZ 1000a277 f i MSR.obj
 0001:0000928c       ?_AtlVerifyStackAvailable@_ATL_SAFE_ALLOCA_IMPL@ATL@@YA_NK@Z 1000a28c f i MSR.obj
 0001:0000930a       ?atlCreate@?$CWindowImpl@VCOPOSMSR@@VCWindow@ATL@@V?$CWinTraits@$0FGAAAAAA@$0A@@3@@ATL@@QAEPAUHWND__@@PAU3@V_U_RECT@2@PB_WKKV_U_MENUorID@2@PAX@Z 1000a30a f i MSR.obj
 0001:0000934e       ?atlCreate@?$CWindowImplBaseT@VCWindow@ATL@@V?$CWinTraits@$0FGAAAAAA@$0A@@2@@ATL@@QAEPAUHWND__@@PAU3@V_U_RECT@2@PB_WKKV_U_MENUorID@2@GPAX@Z 1000a34e f i MSR.obj
 0001:000093ea       ?copy@?$_Copy@UtagCONNECTDATA@@@ATL@@SAJPAUtagCONNECTDATA@@PBU3@@Z 1000a3ea f i MSR.obj
 0001:00009420       ?copy@?$_CopyInterface@UIConnectionPoint@@@ATL@@SAJPAPAUIConnectionPoint@@PBQAU3@@Z 1000a420 f i MSR.obj
 0001:0000944e       ?memcpy_s@Checked@ATL@@YAXPAXIPBXI@Z 1000a44e f i MSR.obj
 0001:0000946d       ?ocscpy_s@@YA_NPA_WIPB_W@Z 1000a46d f i MSR.obj
 0001:000094b7       ?wcscpy_s@Checked@ATL@@YAXPA_WIPB_W@Z 1000a4b7 f i MSR.obj
 0001:000094d3       _DllCanUnloadNow@0         1000a4d3 f   MSR.obj
 0001:000094df       _DllGetClassObject@12      1000a4df f   MSR.obj
 0001:000094ed       _DllMain@12                1000a4ed f   MSR.obj
 0001:0000952f       _DllRegisterServer@0       1000a52f f   MSR.obj
 0001:0000953e       _DllUnregisterServer@0     1000a53e f   MSR.obj
 0001:0000954d       _InlineIsEqualGUID         1000a54d f i MSR.obj
 0001:0000957d       ___local_stdio_printf_options 1000a57d f i MSR.obj
 0001:00009583       __vswprintf_s_l            1000a583 f i MSR.obj
 0001:00009630       _swprintf_s                1000a630 f i MSR.obj
 0001:0000964c       ??0?$CComControl@VCOPOSMSR@@V?$CWindowImpl@VCOPOSMSR@@VCWindow@ATL@@V?$CWinTraits@$0FGAAAAAA@$0A@@3@@ATL@@@ATL@@QAE@XZ 1000a64c f i MSRImpl.obj
 0001:00009673       ??0?$CProxy_IOPOSEvents@VCOPOSMSR@@@@QAE@XZ 1000a673 f i MSRImpl.obj
 0001:00009693       ??0CComControlBase@ATL@@QAE@AAPAUHWND__@@@Z 1000a693 f i MSRImpl.obj
 0001:000096dd       ??0COPOSMSR@@QAE@XZ        1000a6dd f   MSRImpl.obj
 0001:00009713       ??1?$CComControl@VCOPOSMSR@@V?$CWindowImpl@VCOPOSMSR@@VCWindow@ATL@@V?$CWinTraits@$0FGAAAAAA@$0A@@3@@ATL@@@ATL@@UAE@XZ 1000a713 f i MSRImpl.obj
 0001:0000972c       ??1?$IConnectionPointImpl@VCOPOSMSR@@$1?IID_IPropertyNotifySink@@3U_GUID@@BVCComDynamicUnkArray@ATL@@@ATL@@QAE@XZ 1000a72c f i MSRImpl.obj
 0001:0000972c       ??1?$IConnectionPointImpl@VCOPOSMSR@@$1?DIID__IOPOSMSREvents@@3U_GUID@@BVCComDynamicUnkArray@ATL@@@ATL@@QAE@XZ 1000a72c f i MSRImpl.obj
 0001:00009769       ??1CComControlBase@ATL@@UAE@XZ 1000a769 f i MSRImpl.obj
 0001:000097cc       ??1COPOSMSR@@UAE@XZ        1000a7cc f   MSRImpl.obj
 0001:00009814       ?AuthenticateDevice@COPOSMSR@@UAGJPA_WPAJ@Z 1000a814 f   MSRImpl.obj
 0001:0000986b       ?CheckHealth@COPOSMSR@@UAGJJPAJ@Z 1000a86b f   MSRImpl.obj
 0001:000098ba       ?ClaimDevice@COPOSMSR@@UAGJJPAJ@Z 1000a8ba f   MSRImpl.obj
 0001:0000992f       ?ClearInput@COPOSMSR@@UAGJPAJ@Z 1000a92f f   MSRImpl.obj
 0001:0000994a       ?ClearInputProperties@COPOSMSR@@UAGJPAJ@Z 1000a94a f   MSRImpl.obj
 0001:00009965       ?Close@COPOSMSR@@UAGJPAJ@Z 1000a965 f   MSRImpl.obj
 0001:000099d3       ?CompareFirmwareVersion@COPOSMSR@@UAGJPA_WPAJ1@Z 1000a9d3 f   MSRImpl.obj
 0001:00009a53       ?DeauthenticateDevice@COPOSMSR@@UAGJPA_WPAJ@Z 1000aa53 f   MSRImpl.obj
 0001:00009aaa       ?DirectIO@COPOSMSR@@UAGJJPAJPAPA_W0@Z 1000aaaa f   MSRImpl.obj
 0001:00009b58       ?DoInvoke@COPOSMSR@@IAEJJPAVOposVariant@@IHPAJ_N@Z 1000ab58 f   MSRImpl.obj
 0001:00009c34       ?EventClose@COPOSMSR@@IAEXXZ 1000ac34 f i MSRImpl.obj
 0001:00009c67       ?EventInit@COPOSMSR@@IAEJXZ 1000ac67 f i MSRImpl.obj
 0001:00009d33       ?EventUninit@COPOSMSR@@IAEXXZ 1000ad33 f i MSRImpl.obj
 0001:00009d85       ?EventWindowProc@COPOSMSR@@IAGJIIJ@Z 1000ad85 f i MSRImpl.obj
 0001:00009e59       ?FinalConstruct@COPOSMSR@@QAEJXZ 1000ae59 f   MSRImpl.obj
 0001:00009e92       ?FireEventCleanup@COPOSMSR@@IAEXXZ 1000ae92 f i MSRImpl.obj
 0001:00009ea8       ?FireEventSetup@COPOSMSR@@IAE_NXZ 1000aea8 f i MSRImpl.obj
 0001:00009edc       ?FreezeEvents@COPOSMSR@@MAGJH@Z 1000aedc f   MSRImpl.obj
 0001:00009f3c       ?GetOposProp@COPOSMSR@@IAEJJPAFJ@Z 1000af3c f   MSRImpl.obj
 0001:00009f5f       ?GetOposProp@COPOSMSR@@IAEJJPAJJ@Z 1000af5f f   MSRImpl.obj
 0001:0000a02e       ?GetOposProp@COPOSMSR@@IAEJJPAPA_WJ@Z 1000b02e f   MSRImpl.obj
 0001:0000a10a       ?OnDraw@COPOSMSR@@MAEJAAUATL_DRAWINFO@@@Z 1000b10a f   MSRImpl.obj
 0001:0000a1aa       ?Open@COPOSMSR@@UAGJPA_WPAJ@Z 1000b1aa f   MSRImpl.obj
 0001:0000a9ed       ?ReleaseDevice@COPOSMSR@@UAGJPAJ@Z 1000b9ed f   MSRImpl.obj
 0001:0000aa3c       ?ResetStatistics@COPOSMSR@@UAGJPA_WPAJ@Z 1000ba3c f   MSRImpl.obj
 0001:0000aa93       ?RetrieveCardProperty@COPOSMSR@@UAGJPA_WPAPA_WPAJ@Z 1000ba93 f   MSRImpl.obj
 0001:0000ab13       ?RetrieveDeviceAuthenticationData@COPOSMSR@@UAGJPAPA_WPAJ@Z 1000bb13 f   MSRImpl.obj
 0001:0000ab6a       ?RetrieveStatistics@COPOSMSR@@UAGJPAPA_WPAJ@Z 1000bb6a f   MSRImpl.obj
 0001:0000abc1       ?SOProcessID@COPOSMSR@@UAGJPAJ@Z 1000bbc1 f   MSRImpl.obj
 0001:0000abd5       ?SetCOFreezeEvents@COPOSMSR@@IAEXF@Z 1000bbd5 f   MSRImpl.obj
 0001:0000ac75       ?SetOposProp@COPOSMSR@@IAEJJJJ@Z 1000bc75 f   MSRImpl.obj
 0001:0000ad6c       ?SetOposProp@COPOSMSR@@IAEJJPA_WJ@Z 1000bd6c f   MSRImpl.obj
 0001:0000ae6d       ?UpdateFirmware@COPOSMSR@@UAGJPA_WPAJ@Z 1000be6d f   MSRImpl.obj
 0001:0000aec4       ?UpdateKey@COPOSMSR@@UAGJPA_W0PAJ@Z 1000bec4 f   MSRImpl.obj
 0001:0000af44       ?UpdateStatistics@COPOSMSR@@UAGJPA_WPAJ@Z 1000bf44 f   MSRImpl.obj
 0001:0000af9b       ?WriteTracks@COPOSMSR@@UAGJUtagVARIANT@@JPAJ@Z 1000bf9b f   MSRImpl.obj
 0001:0000b01d       ?get_AccountNumber@COPOSMSR@@UAGJPAPA_W@Z 1000c01d f   MSRImpl.obj
 0001:0000b036       ?get_AdditionalSecurityInformation@COPOSMSR@@UAGJPAPA_W@Z 1000c036 f   MSRImpl.obj
 0001:0000b04f       ?get_AutoDisable@COPOSMSR@@UAGJPAF@Z 1000c04f f   MSRImpl.obj
 0001:0000b065       ?get_BinaryConversion@COPOSMSR@@UAGJPAJ@Z 1000c065 f   MSRImpl.obj
 0001:0000b07b       ?get_CapCardAuthentication@COPOSMSR@@UAGJPAPA_W@Z 1000c07b f   MSRImpl.obj
 0001:0000b094       ?get_CapCompareFirmwareVersion@COPOSMSR@@UAGJPAF@Z 1000c094 f   MSRImpl.obj
 0001:0000b0ad       ?get_CapDataEncryption@COPOSMSR@@UAGJPAJ@Z 1000c0ad f   MSRImpl.obj
 0001:0000b0c6       ?get_CapDeviceAuthentication@COPOSMSR@@UAGJPAJ@Z 1000c0c6 f   MSRImpl.obj
 0001:0000b0df       ?get_CapISO@COPOSMSR@@UAGJPAF@Z 1000c0df f   MSRImpl.obj
 0001:0000b0f8       ?get_CapJISOne@COPOSMSR@@UAGJPAF@Z 1000c0f8 f   MSRImpl.obj
 0001:0000b111       ?get_CapJISTwo@COPOSMSR@@UAGJPAF@Z 1000c111 f   MSRImpl.obj
 0001:0000b12a       ?get_CapPowerReporting@COPOSMSR@@UAGJPAJ@Z 1000c12a f   MSRImpl.obj
 0001:0000b143       ?get_CapStatisticsReporting@COPOSMSR@@UAGJPAF@Z 1000c143 f   MSRImpl.obj
 0001:0000b15c       ?get_CapTrackDataMasking@COPOSMSR@@UAGJPAF@Z 1000c15c f   MSRImpl.obj
 0001:0000b175       ?get_CapTransmitSentinels@COPOSMSR@@UAGJPAF@Z 1000c175 f   MSRImpl.obj
 0001:0000b18e       ?get_CapUpdateFirmware@COPOSMSR@@UAGJPAF@Z 1000c18e f   MSRImpl.obj
 0001:0000b1a7       ?get_CapUpdateStatistics@COPOSMSR@@UAGJPAF@Z 1000c1a7 f   MSRImpl.obj
 0001:0000b1c0       ?get_CapWritableTracks@COPOSMSR@@UAGJPAJ@Z 1000c1c0 f   MSRImpl.obj
 0001:0000b1d9       ?get_CardAuthenticationData@COPOSMSR@@UAGJPAPA_W@Z 1000c1d9 f   MSRImpl.obj
 0001:0000b1f2       ?get_CardAuthenticationDataLength@COPOSMSR@@UAGJPAJ@Z 1000c1f2 f   MSRImpl.obj
 0001:0000b20b       ?get_CardPropertyList@COPOSMSR@@UAGJPAPA_W@Z 1000c20b f   MSRImpl.obj
 0001:0000b224       ?get_CardType@COPOSMSR@@UAGJPAPA_W@Z 1000c224 f   MSRImpl.obj
 0001:0000b23d       ?get_CardTypeList@COPOSMSR@@UAGJPAPA_W@Z 1000c23d f   MSRImpl.obj
 0001:0000b256       ?get_CheckHealthText@COPOSMSR@@UAGJPAPA_W@Z 1000c256 f   MSRImpl.obj
 0001:0000b26f       ?get_Claimed@COPOSMSR@@UAGJPAF@Z 1000c26f f   MSRImpl.obj
 0001:0000b285       ?get_ControlObjectDescription@COPOSMSR@@UAGJPAPA_W@Z 1000c285 f   MSRImpl.obj
 0001:0000b2d3       ?get_ControlObjectVersion@COPOSMSR@@UAGJPAJ@Z 1000c2d3 f   MSRImpl.obj
 0001:0000b2e6       ?get_DataCount@COPOSMSR@@UAGJPAJ@Z 1000c2e6 f   MSRImpl.obj
 0001:0000b2fc       ?get_DataEncryptionAlgorithm@COPOSMSR@@UAGJPAJ@Z 1000c2fc f   MSRImpl.obj
 0001:0000b315       ?get_DataEventEnabled@COPOSMSR@@UAGJPAF@Z 1000c315 f   MSRImpl.obj
 0001:0000b32b       ?get_DecodeData@COPOSMSR@@UAGJPAF@Z 1000c32b f   MSRImpl.obj
 0001:0000b344       ?get_DeviceAuthenticated@COPOSMSR@@UAGJPAF@Z 1000c344 f   MSRImpl.obj
 0001:0000b35d       ?get_DeviceAuthenticationProtocol@COPOSMSR@@UAGJPAJ@Z 1000c35d f   MSRImpl.obj
 0001:0000b376       ?get_DeviceDescription@COPOSMSR@@UAGJPAPA_W@Z 1000c376 f   MSRImpl.obj
 0001:0000b38f       ?get_DeviceEnabled@COPOSMSR@@UAGJPAF@Z 1000c38f f   MSRImpl.obj
 0001:0000b3a5       ?get_DeviceName@COPOSMSR@@UAGJPAPA_W@Z 1000c3a5 f   MSRImpl.obj
 0001:0000b3be       ?get_EncodingMaxLength@COPOSMSR@@UAGJPAJ@Z 1000c3be f   MSRImpl.obj
 0001:0000b3d7       ?get_ErrorReportingType@COPOSMSR@@UAGJPAJ@Z 1000c3d7 f   MSRImpl.obj
 0001:0000b3f0       ?get_ExpirationDate@COPOSMSR@@UAGJPAPA_W@Z 1000c3f0 f   MSRImpl.obj
 0001:0000b409       ?get_FirstName@COPOSMSR@@UAGJPAPA_W@Z 1000c409 f   MSRImpl.obj
 0001:0000b422       ?get_FreezeEvents@COPOSMSR@@UAGJPAF@Z 1000c422 f   MSRImpl.obj
 0001:0000b438       ?get_MiddleInitial@COPOSMSR@@UAGJPAPA_W@Z 1000c438 f   MSRImpl.obj
 0001:0000b451       ?get_OpenResult@COPOSMSR@@UAGJPAJ@Z 1000c451 f   MSRImpl.obj
 0001:0000b468       ?get_ParseDecodeData@COPOSMSR@@UAGJPAF@Z 1000c468 f   MSRImpl.obj
 0001:0000b468       ?get_ParseDecodedData@COPOSMSR@@UAGJPAF@Z 1000c468 f   MSRImpl.obj
 0001:0000b481       ?get_PowerNotify@COPOSMSR@@UAGJPAJ@Z 1000c481 f   MSRImpl.obj
 0001:0000b497       ?get_PowerState@COPOSMSR@@UAGJPAJ@Z 1000c497 f   MSRImpl.obj
 0001:0000b4ad       ?get_ResultCode@COPOSMSR@@UAGJPAJ@Z 1000c4ad f   MSRImpl.obj
 0001:0000b4eb       ?get_ResultCodeExtended@COPOSMSR@@UAGJPAJ@Z 1000c4eb f   MSRImpl.obj
 0001:0000b501       ?get_ServiceCode@COPOSMSR@@UAGJPAPA_W@Z 1000c501 f   MSRImpl.obj
 0001:0000b51a       ?get_ServiceObjectDescription@COPOSMSR@@UAGJPAPA_W@Z 1000c51a f   MSRImpl.obj
 0001:0000b533       ?get_ServiceObjectVersion@COPOSMSR@@UAGJPAJ@Z 1000c533 f   MSRImpl.obj
 0001:0000b549       ?get_State@COPOSMSR@@UAGJPAJ@Z 1000c549 f   MSRImpl.obj
 0001:0000b575       ?get_Suffix@COPOSMSR@@UAGJPAPA_W@Z 1000c575 f   MSRImpl.obj
 0001:0000b58e       ?get_Surname@COPOSMSR@@UAGJPAPA_W@Z 1000c58e f   MSRImpl.obj
 0001:0000b5a7       ?get_Title@COPOSMSR@@UAGJPAPA_W@Z 1000c5a7 f   MSRImpl.obj
 0001:0000b5c0       ?get_Track1Data@COPOSMSR@@UAGJPAPA_W@Z 1000c5c0 f   MSRImpl.obj
 0001:0000b5d9       ?get_Track1DiscretionaryData@COPOSMSR@@UAGJPAPA_W@Z 1000c5d9 f   MSRImpl.obj
 0001:0000b5f2       ?get_Track1EncryptedData@COPOSMSR@@UAGJPAPA_W@Z 1000c5f2 f   MSRImpl.obj
 0001:0000b60b       ?get_Track1EncryptedDataLength@COPOSMSR@@UAGJPAJ@Z 1000c60b f   MSRImpl.obj
 0001:0000b624       ?get_Track2Data@COPOSMSR@@UAGJPAPA_W@Z 1000c624 f   MSRImpl.obj
 0001:0000b63d       ?get_Track2DiscretionaryData@COPOSMSR@@UAGJPAPA_W@Z 1000c63d f   MSRImpl.obj
 0001:0000b656       ?get_Track2EncryptedData@COPOSMSR@@UAGJPAPA_W@Z 1000c656 f   MSRImpl.obj
 0001:0000b66f       ?get_Track2EncryptedDataLength@COPOSMSR@@UAGJPAJ@Z 1000c66f f   MSRImpl.obj
 0001:0000b688       ?get_Track3Data@COPOSMSR@@UAGJPAPA_W@Z 1000c688 f   MSRImpl.obj
 0001:0000b6a1       ?get_Track3EncryptedData@COPOSMSR@@UAGJPAPA_W@Z 1000c6a1 f   MSRImpl.obj
 0001:0000b6ba       ?get_Track3EncryptedDataLength@COPOSMSR@@UAGJPAJ@Z 1000c6ba f   MSRImpl.obj
 0001:0000b6d3       ?get_Track4Data@COPOSMSR@@UAGJPAPA_W@Z 1000c6d3 f   MSRImpl.obj
 0001:0000b6ec       ?get_Track4EncryptedData@COPOSMSR@@UAGJPAPA_W@Z 1000c6ec f   MSRImpl.obj
 0001:0000b705       ?get_Track4EncryptedDataLength@COPOSMSR@@UAGJPAJ@Z 1000c705 f   MSRImpl.obj
 0001:0000b71e       ?get_TracksToRead@COPOSMSR@@UAGJPAJ@Z 1000c71e f   MSRImpl.obj
 0001:0000b737       ?get_TracksToWrite@COPOSMSR@@UAGJPAJ@Z 1000c737 f   MSRImpl.obj
 0001:0000b750       ?get_TransmitSentinels@COPOSMSR@@UAGJPAF@Z 1000c750 f   MSRImpl.obj
 0001:0000b769       ?get_WriteCardType@COPOSMSR@@UAGJPAPA_W@Z 1000c769 f   MSRImpl.obj
 0001:0000b782       ?put_AutoDisable@COPOSMSR@@UAGJF@Z 1000c782 f   MSRImpl.obj
 0001:0000b79f       ?put_BinaryConversion@COPOSMSR@@UAGJJ@Z 1000c79f f   MSRImpl.obj
 0001:0000b7b5       ?put_DataEncryptionAlgorithm@COPOSMSR@@UAGJJ@Z 1000c7b5 f   MSRImpl.obj
 0001:0000b7ce       ?put_DataEventEnabled@COPOSMSR@@UAGJF@Z 1000c7ce f   MSRImpl.obj
 0001:0000b7eb       ?put_DecodeData@COPOSMSR@@UAGJF@Z 1000c7eb f   MSRImpl.obj
 0001:0000b80b       ?put_DeviceEnabled@COPOSMSR@@UAGJF@Z 1000c80b f   MSRImpl.obj
 0001:0000b828       ?put_ErrorReportingType@COPOSMSR@@UAGJJ@Z 1000c828 f   MSRImpl.obj
 0001:0000b841       ?put_FreezeEvents@COPOSMSR@@UAGJF@Z 1000c841 f   MSRImpl.obj
 0001:0000b88d       ?put_ParseDecodedData@COPOSMSR@@UAGJF@Z 1000c88d f   MSRImpl.obj
 0001:0000b88d       ?put_ParseDecodeData@COPOSMSR@@UAGJF@Z 1000c88d f   MSRImpl.obj
 0001:0000b8ad       ?put_PowerNotify@COPOSMSR@@UAGJJ@Z 1000c8ad f   MSRImpl.obj
 0001:0000b8c3       ?put_TracksToRead@COPOSMSR@@UAGJJ@Z 1000c8c3 f   MSRImpl.obj
 0001:0000b8dc       ?put_TracksToWrite@COPOSMSR@@UAGJJ@Z 1000c8dc f   MSRImpl.obj
 0001:0000b8f5       ?put_TransmitSentinels@COPOSMSR@@UAGJF@Z 1000c8f5 f   MSRImpl.obj
 0001:0000b915       ?put_WriteCardType@COPOSMSR@@UAGJPA_W@Z 1000c915 f   MSRImpl.obj
 0001:0000b92e       ?s_EventWindowProc@COPOSMSR@@KGJPAUHWND__@@IIJ@Z 1000c92e f i MSRImpl.obj
 0001:0000b980       ??_U@YAPAXI@Z              1000c980 f   LIBCMT:new_array.obj
 0001:0000b989       ??3@YAXPAXI@Z              1000c989 f   LIBCMT:delete_scalar_size.obj
 0001:0000b997       ??_V@YAXPAX@Z              1000c997 f   LIBCMT:delete_array.obj
 0001:0000b99c       ??_V@YAXPAXI@Z             1000c99c f   LIBCMT:delete_array_size.obj
 0001:0000b9ee       ___scrt_acquire_startup_lock 1000c9ee f   LIBCMT:utility.obj
 0001:0000ba20       ___scrt_dllmain_after_initialize_c 1000ca20 f   LIBCMT:utility.obj
 0001:0000ba4b       ___scrt_dllmain_before_initialize_c 1000ca4b f   LIBCMT:utility.obj
 0001:0000ba59       ___scrt_dllmain_crt_thread_attach 1000ca59 f   LIBCMT:utility.obj
 0001:0000ba78       ___scrt_dllmain_crt_thread_detach 1000ca78 f   LIBCMT:utility.obj
 0001:0000ba85       ___scrt_dllmain_exception_filter 1000ca85 f   LIBCMT:utility.obj
 0001:0000bab9       ___scrt_dllmain_uninitialize_c 1000cab9 f   LIBCMT:utility.obj
 0001:0000badc       ___scrt_dllmain_uninitialize_critical 1000cadc f   LIBCMT:utility.obj
 0001:0000bae9       ___scrt_initialize_crt     1000cae9 f   LIBCMT:utility.obj
 0001:0000bb22       ___scrt_initialize_onexit_tables 1000cb22 f   LIBCMT:utility.obj
 0001:0000bba9       ___scrt_is_nonwritable_in_current_image 1000cba9 f   LIBCMT:utility.obj
 0001:0000bc3d       ___scrt_release_startup_lock 1000cc3d f   LIBCMT:utility.obj
 0001:0000bc5a       ___scrt_uninitialize_crt   1000cc5a f   LIBCMT:utility.obj
 0001:0000bc82       __onexit                   1000cc82 f   LIBCMT:utility.obj
 0001:0000bcaf       _atexit                    1000ccaf f   LIBCMT:utility.obj
 0001:0000bcc4       ??3@YAXPAX@Z               1000ccc4 f   LIBCMT:delete_scalar.obj
 0001:0000bd8e       __Init_thread_footer       1000cd8e f   LIBCMT:thread_safe_statics.obj
 0001:0000bdd8       __Init_thread_header       1000cdd8 f   LIBCMT:thread_safe_statics.obj
 0001:0000be2a       __Init_thread_notify       1000ce2a f   LIBCMT:thread_safe_statics.obj
 0001:0000be60       __Init_thread_wait         1000ce60 f   LIBCMT:thread_safe_statics.obj
 0001:0000beae       ___raise_securityfailure   1000ceae f   LIBCMT:gs_report.obj
 0001:0000bed6       ___report_gsfailure        1000ced6 f   LIBCMT:gs_report.obj
 0001:0000bfcf       ___report_rangecheckfailure 1000cfcf f   LIBCMT:gs_report.obj
 0001:0000bfdb       ___report_securityfailure  1000cfdb f   LIBCMT:gs_report.obj
 0001:0000c0a9       ??2@YAPAXIABUnothrow_t@std@@@Z 1000d0a9 f   LIBCMT:new_scalar_nothrow.obj
 0001:0000c0f9       ??_U@YAPAXIABUnothrow_t@std@@@Z 1000d0f9 f   LIBCMT:new_array_nothrow.obj
 0001:0000c102       @__security_check_cookie@4 1000d102 f   LIBCMT:secchk.obj
 0001:0000c120       __SEH_prolog4_GS           1000d120 f   LIBCMT:sehprolg4gs.obj
 0001:0000c169       __SEH_epilog4_GS           1000d169 f   LIBCMT:sehprolg4gs.obj
 0001:0000c180       __alloca_probe_16          1000d180 f   LIBCMT:alloca16.obj
 0001:0000c196       __alloca_probe_8           1000d196     LIBCMT:alloca16.obj
 0001:0000c1b0       __alloca_probe             1000d1b0 f   LIBCMT:chkstk.obj
 0001:0000c1b0       __chkstk                   1000d1b0 f   LIBCMT:chkstk.obj
 0001:0000c51d       __DllMainCRTStartup@12     1000d51d f   LIBCMT:dll_dllmain.obj
 0001:0000c540       ??2@YAPAXI@Z               1000d540 f   LIBCMT:new_scalar.obj
 0001:0000c570       ___isa_available_init      1000d570 f   LIBCMT:cpu_disp.obj
 0001:0000c740       ___scrt_is_ucrt_dll_in_use 1000d740 f   LIBCMT:ucrt_detection.obj
 0001:0000c74c       ___scrt_fastfail           1000d74c f   LIBCMT:utility_desktop.obj
 0001:0000c866       __crt_debugger_hook        1000d866 f   LIBCMT:utility_desktop.obj
 0001:0000c870       __SEH_prolog4              1000d870 f   LIBCMT:sehprolg4.obj
 0001:0000c8b6       __SEH_epilog4              1000d8b6 f   LIBCMT:sehprolg4.obj
 0001:0000c8cb       @_guard_check_icall_nop@4  1000d8cb f i LIBCMT:guard_support.obj
 0001:0000c919       ___security_init_cookie    1000d919 f   LIBCMT:gs_support.obj
 0001:0000c964       ?__scrt_initialize_type_info@@YAXXZ 1000d964 f   LIBCMT:tncleanup.obj
 0001:0000c970       ?__scrt_uninitialize_type_info@@YAXXZ 1000d970 f   LIBCMT:tncleanup.obj
 0001:0000c97c       ___local_stdio_scanf_options 1000d97c f i LIBCMT:default_local_stdio_options.obj
 0001:0000c982       ___scrt_initialize_default_local_stdio_options 1000d982 f   LIBCMT:default_local_stdio_options.obj
 0001:0000c99f       ___scrt_get_dyn_tls_init_callback 1000d99f f   LIBCMT:dyn_tls_init.obj
 0001:0000c9a5       __RTC_Initialize           1000d9a5 f   LIBCMT:initsect.obj
 0001:0000c9d1       __RTC_Terminate            1000d9d1 f   LIBCMT:initsect.obj
 0001:0000c9fd       ??0bad_alloc@std@@QAE@ABV01@@Z 1000d9fd f i LIBCMT:throw_bad_alloc.obj
 0001:0000ca18       ??0bad_alloc@std@@QAE@XZ   1000da18 f i LIBCMT:throw_bad_alloc.obj
 0001:0000ca30       ??0bad_array_new_length@std@@QAE@ABV01@@Z 1000da30 f i LIBCMT:throw_bad_alloc.obj
 0001:0000ca4b       ??0bad_array_new_length@std@@QAE@XZ 1000da4b f i LIBCMT:throw_bad_alloc.obj
 0001:0000ca63       ??0exception@std@@QAE@ABV01@@Z 1000da63 f i LIBCMT:throw_bad_alloc.obj
 0001:0000ca8f       ??1bad_exception@std@@UAE@XZ 1000da8f f i libvcruntime:frame.obj
 0001:0000ca8f       ??1bad_alloc@std@@UAE@XZ   1000da8f f i LIBCMT:throw_bad_alloc.obj
 0001:0000ca8f       ??1bad_array_new_length@std@@UAE@XZ 1000da8f f i LIBCMT:throw_bad_alloc.obj
 0001:0000caa0       ??_Gbad_exception@std@@UAEPAXI@Z 1000daa0 f i libvcruntime:frame.obj
[...]
 0002:000032a0       ?strings@?1??fp_format_nan_or_infinity@@YAHW4__acrt_fp_class@@_NPADI1@Z@4QAY03QBDA 100232a0     libucrt:cvt.obj
 0002:000037e8       ?_mb_locale_names@@3QBQB_WB 100237e8     libucrt:mbctype.obj
 0002:00004030       ?LcidToLocaleNameTable@?A0x881e4c05@@3QBULcidToLocaleName@1@B 10024030     libucrt:lcidtoname_downlevel.obj
 0002:00005158       ?LocaleNameToIndexTable@?A0x881e4c05@@3QBULocaleNameIndex@1@B 10025158     libucrt:lcidtoname_downlevel.obj
 0002:00006a90       LOG_name                   10026a90     libucrt:log10_impl.obj
 0002:00006aa0       _One                       10026aa0     libucrt:ceil_pentium4.obj
 0002:00006ab0       _Bns                       10026ab0     libucrt:ceil_pentium4.obj
 0002:00006ac0       _Zero                      10026ac0     libucrt:ceil_pentium4.obj
 0002:00006ad0       _S                         10026ad0     libucrt:ceil_pentium4.obj
 0002:00006ae0       _NegZero                   10026ae0     libucrt:ceil_pentium4.obj
 0002:00006af0       emask                      10026af0     libucrt:log10_pentium4.obj
 0002:00006b00       CC                         10026b00     libucrt:log10_pentium4.obj
 0002:00006b10       Magic                      10026b10     libucrt:log10_pentium4.obj
 0002:00006b20       hi_mask                    10026b20     libucrt:log10_pentium4.obj
 0002:00006b30       LOG10_2                    10026b30     libucrt:log10_pentium4.obj
 0002:00006b40       place_L                    10026b40     libucrt:log10_pentium4.obj
 0002:00006b60       One                        10026b60     libucrt:log10_pentium4.obj
 0002:00006b70       Zero                       10026b70     libucrt:log10_pentium4.obj
 0002:00006b80       Two52                      10026b80     libucrt:log10_pentium4.obj
 0002:00006b90       Infs                       10026b90     libucrt:log10_pentium4.obj
 0002:00006ba0       NaN                        10026ba0     libucrt:log10_pentium4.obj
 0002:00006bb0       coeff                      10026bb0     libucrt:log10_pentium4.obj
 0002:00006c0e       _log2max                   10026c0e     libucrt:87tran.obj
 0002:00006c18       _smallarg                  10026c18     libucrt:87tran.obj
 0002:00006c22       _half                      10026c22     libucrt:87tran.obj
 0002:00006c6e       One                        10026c6e     libucrt:87disp.obj
 0002:00006c76       Three                      10026c76     libucrt:87disp.obj
 0002:00006c7e       XAMtoTagTab                10026c7e     libucrt:87disp.obj
 0002:00006c90       One                        10026c90     libucrt:common.obj
 0002:00006ca4       DblMax                     10026ca4     libucrt:common.obj
 0002:00006cac       DblMin                     10026cac     libucrt:common.obj
 0002:00006cb4       IeeeAdjO                   10026cb4     libucrt:common.obj
 0002:00006cbc       IeeeAdjU                   10026cbc     libucrt:common.obj
 0002:00006cc4       _infinity                  10026cc4     libucrt:common.obj
 0002:00006ccc       _zero                      10026ccc     libucrt:common.obj
 0002:00006d18       _over                      10026d18     libucrt:fpctrl.obj
 0002:00006d24       _under                     10026d24     libucrt:fpctrl.obj
 0002:00007558       ?_names@?1??_get_fname@@9@9 10027558     libucrt:fpexcept.obj
 0002:00007700       two32                      10027700     LIBCMT:ftol2.obj
 0002:00007704       two63                      10027704     LIBCMT:ftol2.obj
 0002:00007708       _NaN                       10027708     LIBCMT:ftol2.obj
 0002:00007db8       __sehtable$?_AtlVerifyStackAvailable@_ATL_SAFE_ALLOCA_IMPL@ATL@@YA_NK@Z 10027db8     MSR.obj
 0002:00007dd8       __sehtable$___scrt_is_nonwritable_in_current_image 10027dd8     LIBCMT:utility.obj
 0002:00007df4       __catchsym$??2@YAPAXIABUnothrow_t@std@@@Z$2 10027df4     LIBCMT:new_scalar_nothrow.obj
 0002:00007e04       __unwindtable$??2@YAPAXIABUnothrow_t@std@@@Z 10027e04     LIBCMT:new_scalar_nothrow.obj
 0002:00007e14       __tryblocktable$??2@YAPAXIABUnothrow_t@std@@@Z 10027e14     LIBCMT:new_scalar_nothrow.obj
 0002:00007e28       __ehfuncinfo$??2@YAPAXIABUnothrow_t@std@@@Z 10027e28     LIBCMT:new_scalar_nothrow.obj
 0002:00007e50       __sehtable$?dllmain_crt_process_attach@@YAHQAUHINSTANCE__@@QAX@Z 10027e50     LIBCMT:dll_dllmain.obj
 0002:00007e70       __sehtable$?dllmain_crt_process_detach@@YAH_N@Z 10027e70     LIBCMT:dll_dllmain.obj
 0002:00007e98       __sehtable$?dllmain_dispatch@@YAHQAUHINSTANCE__@@KQAX@Z 10027e98     LIBCMT:dll_dllmain.obj
 0002:00007f48       __sehtable$___DestructExceptionObject 10027f48     libvcruntime:ehhelpers.obj
 0002:00007f68       __sehtable$?FrameUnwindToState@__FrameHandler3@@SAXPAUEHRegistrationNode@@PAXPBU_s_FuncInfo@@H@Z 10027f68     libvcruntime:frame.obj
 0002:00007f90       __sehtable$?CallCatchBlock@@YAPAXPAUEHExceptionRecord@@PAUEHRegistrationNode@@PAU_CONTEXT@@PBU_s_FuncInfo@@PAXHK@Z 10027f90     libvcruntime:frame.obj
 0002:00007fb8       __catchsym$?CallUnexpected@@YAXPBU_s_ESTypeList@@@Z$2 10027fb8     libvcruntime:frame.obj
 0002:00007fc8       __unwindtable$?CallUnexpected@@YAXPBU_s_ESTypeList@@@Z 10027fc8     libvcruntime:frame.obj
 0002:00007fd8       __tryblocktable$?CallUnexpected@@YAXPBU_s_ESTypeList@@@Z 10027fd8     libvcruntime:frame.obj
 0002:00007fec       __ehfuncinfo$?CallUnexpected@@YAXPBU_s_ESTypeList@@@Z 10027fec     libvcruntime:frame.obj
 0002:00008010       __sehtable$??$BuildCatchObjectHelperInternal@V__FrameHandler3@@@@YAHPAUEHExceptionRecord@@PAXPBU_s_HandlerType@@PBU_s_CatchableType@@@Z 10028010     libvcruntime:frame.obj
 0002:00008030       __sehtable$??$BuildCatchObjectInternal@V__FrameHandler3@@@@YAXPAUEHExceptionRecord@@PAXPBU_s_HandlerType@@PBU_s_CatchableType@@@Z 10028030     libvcruntime:frame.obj
 0002:00008088       __sehtable$??R<lambda_6e4b09c48022b2350581041d5f6b0c4c>@@QBE@XZ 10028088     libucrt:exit.obj
 0002:000080a8       __sehtable$??$?RV<lambda_03b1d95aef87969028cfba75ccab2455>@@AAV<lambda_6e4b09c48022b2350581041d5f6b0c4c>@@V<lambda_22bdf7517842c4b3e53723af5aa32b9e>@@@?$__crt_seh_guarded_call@X@@QAEX$$QAV<lambda_03b1d95aef87969028cfba75ccab2455>@@AAV<lambda_6e4b09c48022b2350581041d5f6b0c4c>@@$$QAV<lambda_22bdf7517842c4b3e53723af5aa32b9e>@@@Z 100280a8     libucrt:exit.obj
 0002:000080c8       __sehtable$??$?RV<lambda_8e746cf0007f6ed984d6f78af1fec997>@@AAV<lambda_22ebabd17bc4fa466a2aca6d8deb888d>@@V<lambda_18ed0c0b38a6dc0daf1e7ac6d6adf05e>@@@?$__crt_seh_guarded_call@H@@QAEH$$QAV<lambda_8e746cf0007f6ed984d6f78af1fec997>@@AAV<lambda_22ebabd17bc4fa466a2aca6d8deb888d>@@$$QAV<lambda_18ed0c0b38a6dc0daf1e7ac6d6adf05e>@@@Z 100280c8     libucrt:onexit.obj
 0002:000080e8       __sehtable$??$?RV<lambda_69a2805e680e0e292e8ba93315fe43a8>@@AAV<lambda_f03950bc5685219e0bcd2087efbe011e>@@V<lambda_03fcd07e894ec930e3f35da366ca99d6>@@@?$__crt_seh_guarded_call@H@@QAEH$$QAV<lambda_69a2805e680e0e292e8ba93315fe43a8>@@AAV<lambda_f03950bc5685219e0bcd2087efbe011e>@@$$QAV<lambda_03fcd07e894ec930e3f35da366ca99d6>@@@Z 100280e8     libucrt:onexit.obj
 0002:00008108       __sehtable$__query_new_handler 10028108     libucrt:new_handler.obj
 0002:00008128       __sehtable$_terminate      10028128     libucrt:terminate.obj
 0002:00008148       __sehtable$??$?RV<lambda_15ade71b0218206bbe3333a0c9b79046>@@AAV<lambda_da44e0f8b0f19ba52fefafb335991732>@@V<lambda_207f2d024fc103971653565357d6cd41>@@@?$__crt_seh_guarded_call@X@@QAEX$$QAV<lambda_15ade71b0218206bbe3333a0c9b79046>@@AAV<lambda_da44e0f8b0f19ba52fefafb335991732>@@$$QAV<lambda_207f2d024fc103971653565357d6cd41>@@@Z 10028148     libucrt:per_thread_data.obj
 0002:00008168       __sehtable$??$?RV<lambda_a7e850c220f1c8d1e6efeecdedd162c6>@@AAV<lambda_46720907175c18b6c9d2717bc0d2d362>@@V<lambda_9048902d66e8d99359bc9897bbb930a8>@@@?$__crt_seh_guarded_call@X@@QAEX$$QAV<lambda_a7e850c220f1c8d1e6efeecdedd162c6>@@AAV<lambda_46720907175c18b6c9d2717bc0d2d362>@@$$QAV<lambda_9048902d66e8d99359bc9897bbb930a8>@@@Z 10028168     libucrt:per_thread_data.obj
 0002:00008188       __sehtable$??$?RV<lambda_38edbb1296d33220d7e4dd0ed76b244a>@@AAV<lambda_5ce1d447e08cb34b2473517608e21441>@@V<lambda_fb385d3da700c9147fc39e65dd577a8c>@@@?$__crt_seh_guarded_call@X@@QAEX$$QAV<lambda_38edbb1296d33220d7e4dd0ed76b244a>@@AAV<lambda_5ce1d447e08cb34b2473517608e21441>@@$$QAV<lambda_fb385d3da700c9147fc39e65dd577a8c>@@@Z 10028188     libucrt:per_thread_data.obj
 0002:000081a8       __sehtable$??$?RV<lambda_6affb1475c98b40b75cdec977db92e3c>@@AAV<lambda_b8d4b9c228a6ecc3f80208dbb4b4a104>@@V<lambda_608742c3c92a14382c1684fc64f96c88>@@@?$__crt_seh_guarded_call@X@@QAEX$$QAV<lambda_6affb1475c98b40b75cdec977db92e3c>@@AAV<lambda_b8d4b9c228a6ecc3f80208dbb4b4a104>@@$$QAV<lambda_608742c3c92a14382c1684fc64f96c88>@@@Z 100281a8     libucrt:per_thread_data.obj
 0002:000081c8       __sehtable$??$?RV<lambda_e5124f882df8998aaf41531e079ba474>@@AAV<lambda_3e16ef9562a7dcce91392c22ab16ea36>@@V<lambda_e25ca0880e6ef98be67edffd8c599615>@@@?$__crt_seh_guarded_call@X@@QAEX$$QAV<lambda_e5124f882df8998aaf41531e079ba474>@@AAV<lambda_3e16ef9562a7dcce91392c22ab16ea36>@@$$QAV<lambda_e25ca0880e6ef98be67edffd8c599615>@@@Z 100281c8     libucrt:wsetlocale.obj
 0002:000081e8       __sehtable$___acrt_initialize_lowio 100281e8     libucrt:ioinit.obj
 0002:00008208       __sehtable$?update_thread_multibyte_data_internal@@YAPAU__crt_multibyte_data@@QAU__acrt_ptd@@QAPAU1@@Z 10028208     libucrt:mbctype.obj
 0002:00008228       __sehtable$??$?RV<lambda_ceb1ee4838e85a9d631eb091e2fbe199>@@AAV<lambda_ae742caa10f662c28703da3d2ea5e57e>@@V<lambda_cd08b5d6af4937fe54fc07d0c9bf6b37>@@@?$__crt_seh_guarded_call@X@@QAEX$$QAV<lambda_ceb1ee4838e85a9d631eb091e2fbe199>@@AAV<lambda_ae742caa10f662c28703da3d2ea5e57e>@@$$QAV<lambda_cd08b5d6af4937fe54fc07d0c9bf6b37>@@@Z 10028228     libucrt:mbctype.obj
 0002:00008248       __sehtable$_raise          10028248     libucrt:signal.obj
 0002:00008268       __sehtable$??$?RV<lambda_cbab9ec6f41b0180b23cc171c22676b0>@@AAV<lambda_44731a7d0e6d81c3e6aa82d741081786>@@V<lambda_4b292cb8dd18144e164572427af410ab>@@@?$__crt_seh_guarded_call@P6AXH@Z@@QAEP6AXH@Z$$QAV<lambda_cbab9ec6f41b0180b23cc171c22676b0>@@AAV<lambda_44731a7d0e6d81c3e6aa82d741081786>@@$$QAV<lambda_4b292cb8dd18144e164572427af410ab>@@@Z 10028268     libucrt:signal.obj
 0002:00008288       __sehtable$??$?RV<lambda_2866be3712abc81a800a822484c830d8>@@AAV<lambda_39ca0ed439415581b5b15c265174cece>@@V<lambda_2b24c74d71094a6cd0cb82e44167d71b>@@@?$__crt_seh_guarded_call@X@@QAEX$$QAV<lambda_2866be3712abc81a800a822484c830d8>@@AAV<lambda_39ca0ed439415581b5b15c265174cece>@@$$QAV<lambda_2b24c74d71094a6cd0cb82e44167d71b>@@@Z 10028288     libucrt:fflush.obj
 0002:000082a8       __sehtable$??$?RV<lambda_2cc53f568c5a2bb6f192f930a45d44ea>@@AAV<lambda_ab61a845afdef5b7c387490eaf3616ee>@@V<lambda_c2ffc0b7726aa6be21d5f0026187e748>@@@?$__crt_seh_guarded_call@X@@QAEX$$QAV<lambda_2cc53f568c5a2bb6f192f930a45d44ea>@@AAV<lambda_ab61a845afdef5b7c387490eaf3616ee>@@$$QAV<lambda_c2ffc0b7726aa6be21d5f0026187e748>@@@Z 100282a8     libucrt:fflush.obj
 0002:000082c8       __sehtable$___acrt_update_thread_locale_data 100282c8     libucrt:locale_refcounting.obj
 0002:000082e8       __sehtable$__fcloseall     100282e8     libucrt:closeall.obj
 0002:00008308       __sehtable$___acrt_lowio_ensure_fh_exists 10028308     libucrt:osfinfo.obj
 0002:00008328       __sehtable$??$?RV<lambda_9e9de3de5fa147e2223d7db92bc10aa6>@@AAV<lambda_38ce7e780aa69e748d6df282ebc68efe>@@V<lambda_8ca6da459f0f6780f1cff60fdc3d00e5>@@@?$__crt_seh_guarded_call@H@@QAEH$$QAV<lambda_9e9de3de5fa147e2223d7db92bc10aa6>@@AAV<lambda_38ce7e780aa69e748d6df282ebc68efe>@@$$QAV<lambda_8ca6da459f0f6780f1cff60fdc3d00e5>@@@Z 10028328     libucrt:commit.obj
 0002:00008348       __sehtable$__write         10028348     libucrt:write.obj
 0002:00008368       __sehtable$_fclose         10028368     libucrt:fclose.obj
 0002:00008388       __sehtable$??$?RV<lambda_218ce3db14220d0be481dae8ef3383b6>@@AAV<lambda_628dfdc04ba53c8bfc02c9951375f3f5>@@V<lambda_57dc472bd5c9d5f3b2cbca59b8a843ae>@@@?$__crt_seh_guarded_call@H@@QAEH$$QAV<lambda_218ce3db14220d0be481dae8ef3383b6>@@AAV<lambda_628dfdc04ba53c8bfc02c9951375f3f5>@@$$QAV<lambda_57dc472bd5c9d5f3b2cbca59b8a843ae>@@@Z 10028388     libucrt:close.obj
 0002:000083a8       __sehtable$___set_fpsr_sse2 100283a8     libucrt:fpctrl.obj
 0002:000083c8       __sehtable$__IsNonwritableInCurrentImage 100283c8     LIBCMT:pesect.obj
 0002:000083f0       .edata                     100283f0     OPOSMSR.exp
 0002:00008418       rgpv                       10028418     OPOSMSR.exp
 0002:00008428       rgszName                   10028428     OPOSMSR.exp
 0002:00008438       rgwOrd                     10028438     OPOSMSR.exp
 0002:00008440       szName                     10028440     OPOSMSR.exp
 0002:0000844c       $N00001                    1002844c     OPOSMSR.exp
 0002:0000845c       $N00002                    1002845c     OPOSMSR.exp
 0002:0000846e       $N00003                    1002846e     OPOSMSR.exp
 0002:00008480       $N00004                    10028480     OPOSMSR.exp
 0002:00008a92       .idata$6                   10028a92     kernel32:KERNEL32.dll
 0002:00008ca6       .idata$6                   10028ca6     user32:USER32.dll
 0002:00008dda       .idata$6                   10028dda     gdi32:GDI32.dll
 0002:00008e80       .idata$6                   10028e80     advapi32:ADVAPI32.dll
 0002:00008f9c       .idata$6                   10028f9c     ole32:ole32.dll
 0002:00008fa6       .idata$6                   10028fa6     oleaut32:OLEAUT32.dll
 0003:00000110       ?ObjectMap@@3PAU_ATL_OBJMAP_ENTRY30@ATL@@A 1002a110     MSR.obj
 0003:000001b8       ?s_SOMethodNames@@3PAPADA  1002a1b8     MSRImpl.obj
 0003:0000021c       ?s_RequiredMethodsPerRelease@@3PAHA 1002a21c     MSRImpl.obj
 0003:00000270       ?__vcrt_flsindex@@3KA      1002a270     libvcruntime:per_thread_data.obj
 0003:00000290       ?errno_no_memory@@3HA      1002a290     libucrt:errno.obj
 0003:00000294       ?doserrno_no_memory@@3KA   1002a294     libucrt:errno.obj
 0003:000002a0       ?__acrt_flsindex@@3KA      1002a2a0     libucrt:per_thread_data.obj
 0003:00000638       __mbctypes                 1002a638     libucrt:mbctype.obj
 0003:00000740       __mbcasemaps               1002a740     libucrt:mbctype.obj
 0003:00000840       ?__rgctypeflag@@3PADA      1002a840     libucrt:mbctype.obj
 0003:00000848       ?__rgcode_page_info@@3PAUcode_page_info@@A 1002a848     libucrt:mbctype.obj
 0003:00000aa0       ?__dcrt_lowio_console_output_handle@@3PAXA 1002aaa0     libucrt:initcon.obj
 0003:00000aa4       ?__DAZ_ENABLED@?1??__set_fpsr_sse2@@9@9 1002aaa4     libucrt:fpctrl.obj
 0003:00000c38       ?is_initialized_as_dll@@3_NA 1002ac38     LIBCMT:utility.obj
 0003:00000c39       ?module_local_atexit_table_initialized@@3_NA 1002ac39     LIBCMT:utility.obj
 0003:00000c3c       ?module_local_atexit_table@@3U_onexit_table_t@@A 1002ac3c     LIBCMT:utility.obj
 0003:00000c48       ?module_local_at_quick_exit_table@@3U_onexit_table_t@@A 1002ac48     LIBCMT:utility.obj
 0003:00000c54       ?g_tss_cv@@3U_RTL_CONDITION_VARIABLE@@A 1002ac54     LIBCMT:thread_safe_statics.obj
 0003:00000c58       ?g_tss_event@@3PAXA        1002ac58     LIBCMT:thread_safe_statics.obj
 0003:00000c5c       ?g_tss_mutex@@3U_RTL_CRITICAL_SECTION@@A 1002ac5c     LIBCMT:thread_safe_statics.obj
 0003:00000c74       ?g_sleep_condition_variable_cs@@3P6GHPAU_RTL_CONDITION_VARIABLE@@PAU_RTL_CRITICAL_SECTION@@K@ZA 1002ac74     LIBCMT:thread_safe_statics.obj
 0003:00000c78       ?g_wake_all_condition_variable@@3P6GXPAU_RTL_CONDITION_VARIABLE@@@ZA 1002ac78     LIBCMT:thread_safe_statics.obj
 0003:00000c80       _GS_ExceptionRecord        1002ac80     LIBCMT:gs_report.obj
 0003:00000cd0       _GS_ContextRecord          1002acd0     LIBCMT:gs_report.obj
 0003:00000fa0       ?__proc_attached@@3HA      1002afa0     LIBCMT:dll_dllmain.obj
 0003:00000ffc       ?AllocateData@@3P6GPAUAtlThunkData_t@@XZA 1002affc     atls:atlthunk.obj
 0003:00001000       ?InitData@@3P6GXPAUAtlThunkData_t@@PAXI@ZA 1002b000     atls:atlthunk.obj
 0003:00001004       ?DataToCode@@3P6GP6GJPAUHWND__@@IIJ@ZPAUAtlThunkData_t@@@ZA 1002b004     atls:atlthunk.obj
 0003:00001008       ?FreeData@@3P6GXPAUAtlThunkData_t@@@ZA 1002b008     atls:atlthunk.obj
 0003:0000100c       ?Initialized@@3_NA         1002b00c     atls:atlthunk.obj
 0003:0000101c       ?__vcrt_startup_thread_ptd@@3U__vcrt_ptd@@A 1002b01c     libvcruntime:per_thread_data.obj
 0003:00001044       ___vcrt_lock_table         1002b044     libvcruntime:locks.obj
 0003:0000105c       ___vcrt_locks_initialized  1002b05c     libvcruntime:locks.obj
 0003:00001088       ?heap@@3V_HeapManager@@A   1002b088     libvcruntime:undname.obj
 0003:0000109c       ?module_handles@@3PAPAUHINSTANCE__@@A 1002b09c     libvcruntime:winapi_downlevel.obj
 0003:000010a8       ?function_pointers@@3PAPAXA 1002b0a8     libvcruntime:winapi_downlevel.obj
 0003:000010bc       ?__acrt_invalid_parameter_handler@@3V?$dual_state_global@P6AXPB_W00II@Z@__crt_state_management@@A 1002b0bc     libucrt:invalid_parameter.obj
 0003:000010c0       ?c_termination_complete@@3JA 1002b0c0     libucrt:exit.obj
 0003:000010c4       ?thread_local_exit_callback_func@@3P6GXPAXK0@ZA 1002b0c4     libucrt:exit.obj
 0003:000010d0       ?program_name@?1???$common_configure_argv@D@@YAHW4_crt_argv_mode@@@Z@4PADA 1002b0d0     libucrt:argv_parsing.obj
 0003:00001200       ?__acrt_new_handler@@3V?$dual_state_global@P6AHI@Z@__crt_state_management@@A 1002b200     libucrt:new_handler.obj
 0003:00001208       ?module_handles@@3PAPAUHINSTANCE__@@A 1002b208     libucrt:winapi_thunks.obj
 0003:00001258       ?encoded_function_pointers@@3PAPAXA 1002b258     libucrt:winapi_thunks.obj
 0003:000012e0       ?internal_state@?1??_mbtowc_l@@9@4U_Mbstatet@@A 1002b2e0     libucrt:mbtowc.obj
 0003:000012f0       ?enable_percent_n@@3IA     1002b2f0     libucrt:printf_count_output.obj
 0003:00001510       ?__acrt_lock_table@@3PAU_RTL_CRITICAL_SECTION@@A 1002b510     libucrt:locks.obj
 0003:00001660       ?__acrt_locks_initialized@@3IA 1002b660     libucrt:locks.obj
 0003:00001670       ?fSystemSet@@3HA           1002b670     libucrt:mbctype.obj
 0003:00001674       ?initialized@?1??__acrt_initialize_multibyte@@9@4_NA 1002b674     libucrt:mbctype.obj
 0003:00001694       ?ctrlc_action@@3V?$dual_state_global@P6AXH@Z@__crt_state_management@@A 1002b694     libucrt:signal.obj
 0003:00001698       ?ctrlbreak_action@@3V?$dual_state_global@P6AXH@Z@__crt_state_management@@A 1002b698     libucrt:signal.obj
 0003:0000169c       ?abort_action@@3V?$dual_state_global@P6AXH@Z@__crt_state_management@@A 1002b69c     libucrt:signal.obj
 0003:000016a0       ?term_action@@3V?$dual_state_global@P6AXH@Z@__crt_state_management@@A 1002b6a0     libucrt:signal.obj
 0003:000016a4       ?user_matherr@@3V?$dual_state_global@P6AHPAU_exception@@@Z@__crt_state_management@@A 1002b6a4     libucrt:matherr.obj
 0003:000016a8       ?__acrt_global_new_mode@@3V?$dual_state_global@J@__crt_state_management@@A 1002b6a8     libucrt:new_mode.obj
 0003:000016b4       ?internal_pst@?1??__mbrtoc32_utf8@__crt_mbstring@@YAIPA_UPBDIPAU_Mbstatet@@@Z@4U3@A 1002b6b4     libucrt:mbrtoc32.obj
 0003:000016bc       ?__acrt_app_type@@3W4_crt_app_type@@A 1002b6bc     libucrt:report_runtime_error.obj
 0003:000016c4       __pmatherr_set             1002b6c4     libucrt:libm_error.obj
 0004:00000220       $R000000                   1002c220     MSR.res
 0004:00000b90       $R000970                   1002cb90     MSR.res
 0004:00000c78       $R000A58                   1002cc78     MSR.res
 0004:00000ee0       $R000CC0                   1002cee0     MSR.res
 0004:00001410       $R0011F0                   1002d410     MSR.res
 0004:00005c00       $R0059E0                   10031c00     MSR.res
 0004:00005c28       $R005A08                   10031c28     MSR.res
