 OPOSSmartCardRW

 Timestamp is 5defab1f (Tue Dec 10 23:26:39 2019)

 Preferred load address is 10000000

 Start         Length     Name                   Class
 0001:00000000 00000080H .text$di                CODE
 0001:00000080 0001dbb3H .text$mn                CODE
 0001:0001dc33 00000036H .text$x                 CODE
 0001:0001dc69 00000042H .text$yd                CODE
 0002:00000000 000002fcH .idata$5                DATA
 0002:000002fc 00000004H .00cfg                  DATA
 0002:00000300 00000004H .CRT$XCA                DATA
 0002:00000304 00000004H .CRT$XCL                DATA
 0002:00000308 00000010H .CRT$XCU                DATA
 0002:00000318 00000004H .CRT$XCZ                DATA
 0002:0000031c 00000004H .CRT$XIA                DATA
 0002:00000320 00000010H .CRT$XIC                DATA
 0002:00000330 00000004H .CRT$XIZ                DATA
 0002:00000334 00000004H .CRT$XLA                DATA
 0002:00000338 00000004H .CRT$XLZ                DATA
 0002:0000033c 00000004H .CRT$XPA                DATA
 0002:00000340 00000008H .CRT$XPX                DATA
 0002:00000348 00000004H .CRT$XPXA               DATA
 0002:0000034c 00000004H .CRT$XPZ                DATA
 0002:00000350 00000004H .CRT$XTA                DATA
 0002:00000354 0000000cH .CRT$XTZ                DATA
 0002:00000358 00000000H .gfids$y                DATA
 0002:00000360 00006f9cH .rdata                  DATA
 0002:000072fc 00000018H .rdata$T                DATA
 0002:00007314 0000017cH .rdata$r                DATA
 0002:00007490 0000001cH .rdata$sxdata           DATA
 0002:000074ac 000003e0H .rdata$zzzdbg           DATA
 0002:0000788c 00000004H .rtc$IAA                DATA
 0002:00007890 00000004H .rtc$IZZ                DATA
 0002:00007894 00000004H .rtc$TAA                DATA
 0002:00007898 00000004H .rtc$TZZ                DATA
 0002:0000789c 00000004H .tls                    DATA
 0002:000078a0 00000004H .tls$                   DATA
 0002:000078a4 00000004H .tls$ZZZ                DATA
 0002:000078a8 0000060cH .xdata$x                DATA
 0002:00007eb4 00000004H ATL$__a                 DATA
 0002:00007eb8 00000008H ATL$__z                 DATA
 0002:00007ec0 000000acH .edata                  DATA
 0002:00007f6c 00000078H .idata$2                DATA
 0002:00007fe4 00000014H .idata$3                DATA
 0002:00007ff8 000002fcH .idata$4                DATA
 0002:000082f4 00000bc8H .idata$6                DATA
 0003:00000000 00000ab0H .data                   DATA
 0003:00000ab0 00000098H .data$r                 DATA
 0003:00000b48 00000b80H .bss                    DATA
 0004:00000000 00000220H .rsrc$01                DATA
 0004:00000220 000043f0H .rsrc$02                DATA

  Address         Publics by Value              Rva+Base       Lib:Object

 0000:00000000       ___guard_fids_count        00000000     <absolute>
 0000:00000000       ___guard_iat_count         00000000     <absolute>
 0000:00000000       ___hybrid_code_map_count   00000000     <absolute>
 0000:00000000       ___dynamic_value_reloc_table 00000000     <absolute>
 0000:00000000       ___guard_longjmp_count     00000000     <absolute>
 0000:00000000       __except_list              00000000     <absolute>
 0000:00000000       ___guard_fids_table        00000000     <absolute>
 0000:00000000       ___guard_longjmp_table     00000000     <absolute>
 0000:00000000       ___hybrid_auxiliary_iat    00000000     <absolute>
 0000:00000000       ___guard_iat_table         00000000     <absolute>
 0000:00000000       ___volatile_metadata       00000000     <absolute>
 0000:00000000       ___enclave_config          00000000     <absolute>
 0000:00000000       ___AbsoluteZero            00000000     <absolute>
 0000:00000000       ___hybrid_code_map         00000000     <absolute>
 0000:00000007       ___safe_se_handler_count   00000007     <absolute>
 0000:0000002c       __tls_array                0000002c     <absolute>
 0000:00000100       ___guard_flags             00000100     <absolute>
 0000:00000000       ___ImageBase               10000000     <linker-defined>
 0001:00000080       ?DupWide@_CW@@AAEXXZ       10001080 f   CWString.obj
 0001:0000009c       ?cw_dup@@YGXPBDAAHAAPA_W1@Z 1000109c f   CWString.obj
 0001:00000124       ?cw_memcpy@@YGHPA_WPBDH@Z  10001124 f   CWString.obj
 0001:00000150       ?cw_strcpy@@YAHPA_WPBD@Z   10001150 f   CWString.obj
 0001:00000163       ?cw_strlen@@YAHPBD@Z       10001163 f   CWString.obj
 0001:0000017c       ??0CAtlComModule@ATL@@QAE@XZ 1000117c f i OposVariant.obj
 0001:000001c1       ??0CAtlWinModule@ATL@@QAE@XZ 100011c1 f i OposVariant.obj
 0001:000001f8       ??0OposDispParms@@QAE@PAVOposVariant@@H@Z 100011f8 f   OposVariant.obj
 0001:00000269       ??1OposDispParms@@QAE@XZ   10001269 f   OposVariant.obj
 0001:00000277       ??A?$CSimpleArray@GV?$CSimpleArrayEqualHelper@G@ATL@@@ATL@@QAEAAGH@Z 10001277 f i OposVariant.obj
 0001:0000029c       ??_Estringdispid@CComTypeInfoHolder@ATL@@QAEPAXI@Z 1000129c f i OposVariant.obj
 0001:00000308       ?AtlWinModuleInit@ATL@@YGJPAU_ATL_WIN_MODULE70@1@@Z 10001308 f i OposVariant.obj
 0001:0000032e       ?AtlWinModuleTerm@ATL@@YGJPAU_ATL_WIN_MODULE70@1@PAUHINSTANCE__@@@Z 1000132e f i OposVariant.obj
 0001:00000391       ?ChangeBSTR@OposVariant@@QAEXPAPA_WAAJ@Z 10001391 f   OposVariant.obj
 0001:000003d2       ?ChangeLONG@OposVariant@@QAEXPAJAAJ@Z 100013d2 f   OposVariant.obj
 0001:00000413       ?GetLONG@OposVariant@@QAEJXZ 10001413 f   OposVariant.obj
 0001:0000042e       ?Init@CComCriticalSection@ATL@@QAEJXZ 1000142e f i OposVariant.obj
 0001:00000456       ?RemoveAll@?$CSimpleArray@GV?$CSimpleArrayEqualHelper@G@ATL@@@ATL@@QAEXXZ 10001456 f i OposVariant.obj
 0001:00000456       ?RemoveAll@?$CSimpleArray@PAUHINSTANCE__@@V?$CSimpleArrayEqualHelper@PAUHINSTANCE__@@@ATL@@@ATL@@QAEXXZ 10001456 f i atls:atlbase.obj
 0001:00000473       ?SetBSTR@OposVariant@@QAEXPA_WAAJ@Z 10001473 f   OposVariant.obj
 0001:000004a7       ?SetBSTR_Copy@OposVariant@@QAEXPA_WAAJ@Z 100014a7 f   OposVariant.obj
 0001:000004f7       ?SetBSTR_InOutPtr@OposVariant@@QAE_NPAPA_WAAJ@Z 100014f7 f   OposVariant.obj
 0001:0000052e       ?SetDispatch_Ptr@OposVariant@@QAEXPAUIDispatch@@AAJ@Z 1000152e f   OposVariant.obj
 0001:00000569       ?SetLONG@OposVariant@@QAEXJ@Z 10001569 f   OposVariant.obj
 0001:0000058b       ?SetLONG_Ptr@OposVariant@@QAEXPAJAAJ@Z 1000158b f   OposVariant.obj
 0001:000005be       ?SetString@OposVariant@@QAEXPB_WAAJ@Z 100015be f   OposVariant.obj
 0001:00000604       ?SetVARIANT_BOOL@OposVariant@@QAEXF@Z 10001604 f   OposVariant.obj
 0001:0000062e       ?Term@CAtlComModule@ATL@@QAEXXZ 1000162e f i OposVariant.obj
 0001:00000678       ?_AtlRaiseException@ATL@@YAXKK@Z 10001678 f i OposVariant.obj
 0001:0000068d       ?CreateInstance@CComClassFactory@ATL@@UAGJPAUIUnknown@@ABU_GUID@@PAPAX@Z 1000168d f i SmartCardRW.obj
 0001:000006cb       ?LockServer@CComClassFactory@ATL@@UAGJH@Z 100016cb f i SmartCardRW.obj
 0001:000006ea       ??_GCComClassFactory@ATL@@UAEPAXI@Z 100016ea f i SmartCardRW.obj
 0001:000006ea       ??_ECComClassFactory@ATL@@UAEPAXI@Z 100016ea f i SmartCardRW.obj
 0001:00000715       ?GetWindowProc@?$CWindowImplBaseT@VCWindow@ATL@@V?$CWinTraits@$0FGAAAAAA@$0A@@2@@ATL@@UAEP6GJPAUHWND__@@IIJ@ZXZ 10001715 f i SmartCardRW.obj
 0001:0000071b       ?StartWindowProc@?$CWindowImplBaseT@VCWindow@ATL@@V?$CWinTraits@$0FGAAAAAA@$0A@@2@@ATL@@SGJPAUHWND__@@IIJ@Z 1000171b f i SmartCardRW.obj
 0001:0000076f       ?OnFinalMessage@?$CWindowImplBaseT@VCWindow@ATL@@V?$CWinTraits@$0FGAAAAAA@$0A@@2@@ATL@@UAEXPAUHWND__@@@Z 1000176f f i SmartCardRW.obj
 0001:0000076f       ?ObjectMain@CComObjectRootBase@ATL@@SGX_N@Z 1000176f f i SmartCardRW.obj
 0001:00000772       ?GetTypeInfoCount@?$IDispatchImpl@UIOPOSSmartCardRW@@$1?IID_IOPOSSmartCardRW@@3U_GUID@@B$1?LIBID_OposSmartCardRW_CCO@@3U3@B$00$0A@VCComTypeInfoHolder@ATL@@@ATL@@UAGJPAI@Z 10001772 f i SmartCardRW.obj
 0001:0000078f       ?GetTypeInfo@?$IDispatchImpl@UIOPOSSmartCardRW@@$1?IID_IOPOSSmartCardRW@@3U_GUID@@B$1?LIBID_OposSmartCardRW_CCO@@3U3@B$00$0A@VCComTypeInfoHolder@ATL@@@ATL@@UAGJIKPAPAUITypeInfo@@@Z 1000178f f i SmartCardRW.obj
 0001:000007b3       ?GetIDsOfNames@?$IDispatchImpl@UIOPOSSmartCardRW@@$1?IID_IOPOSSmartCardRW@@3U_GUID@@B$1?LIBID_OposSmartCardRW_CCO@@3U3@B$00$0A@VCComTypeInfoHolder@ATL@@@ATL@@UAGJABU_GUID@@PAPA_WIKPAJ@Z 100017b3 f i SmartCardRW.obj
 0001:000007d3       ?Invoke@?$IDispatchImpl@UIOPOSSmartCardRW@@$1?IID_IOPOSSmartCardRW@@3U_GUID@@B$1?LIBID_OposSmartCardRW_CCO@@3U3@B$00$0A@VCComTypeInfoHolder@ATL@@@ATL@@UAGJJABU_GUID@@KGPAUtagDISPPARAMS@@PAUtagVARIANT@@PAUtagEXCEPINFO@@PAI@Z 100017d3 f i SmartCardRW.obj
 0001:000007e1       ?CreateControlWindow@?$CComControl@VCOPOSSmartCardRW@@V?$CWindowImpl@VCOPOSSmartCardRW@@VCWindow@ATL@@V?$CWinTraits@$0FGAAAAAA@$0A@@3@@ATL@@@ATL@@UAEPAUHWND__@@PAU3@AAUtagRECT@@@Z 100017e1 f i SmartCardRW.obj
 0001:00000810       ?ControlQueryInterface@?$CComControl@VCOPOSSmartCardRW@@V?$CWindowImpl@VCOPOSSmartCardRW@@VCWindow@ATL@@V?$CWinTraits@$0FGAAAAAA@$0A@@3@@ATL@@@ATL@@UAEJABU_GUID@@PAPAX@Z 10001810 f i SmartCardRW.obj
 0001:0000082b       ?GetClassID@?$IPersistStreamInitImpl@VCOPOSSmartCardRW@@@ATL@@UAGJPAU_GUID@@@Z 1000182b f i SmartCardRW.obj
 0001:0000082b       ?GetUserClassID@?$IOleObjectImpl@VCOPOSSmartCardRW@@@ATL@@UAGJPAU_GUID@@@Z 1000182b f i SmartCardRW.obj
 0001:0000082b       ?GetClassID@?$IPersistStorageImpl@VCOPOSSmartCardRW@@@ATL@@UAGJPAU_GUID@@@Z 1000182b f i SmartCardRW.obj
 0001:0000084f       ?IsDirty@?$IPersistStreamInitImpl@VCOPOSSmartCardRW@@@ATL@@UAGJXZ 1000184f f i SmartCardRW.obj
 0001:0000086e       ?Load@?$IPersistStreamInitImpl@VCOPOSSmartCardRW@@@ATL@@UAGJPAUIStream@@@Z 1000186e f i SmartCardRW.obj
 0001:0000088d       ?Save@?$IPersistStreamInitImpl@VCOPOSSmartCardRW@@@ATL@@UAGJPAUIStream@@H@Z 1000188d f i SmartCardRW.obj
 0001:000008af       ?GetSizeMax@?$IPersistStreamInitImpl@VCOPOSSmartCardRW@@@ATL@@UAGJPAT_ULARGE_INTEGER@@@Z 100018af f i SmartCardRW.obj
 0001:00000a8e       ?InitNew@?$IPersistStreamInitImpl@VCOPOSSmartCardRW@@@ATL@@UAGJXZ 10001a8e f i SmartCardRW.obj
 0001:00000aab       ?SetColorScheme@?$IOleObjectImpl@VCOPOSSmartCardRW@@@ATL@@UAGJPAUtagLOGPALETTE@@@Z 10001aab f i SmartCardRW.obj
 0001:00000aab       ?GetDropTarget@?$IOleInPlaceObjectWindowlessImpl@VCOPOSSmartCardRW@@@ATL@@UAGJPAPAUIDropTarget@@@Z 10001aab f i SmartCardRW.obj
 0001:00000aab       ?ContextSensitiveHelp@?$IOleInPlaceObjectWindowlessImpl@VCOPOSSmartCardRW@@@ATL@@UAGJH@Z 10001aab f i SmartCardRW.obj
 0001:00000aab       ?OnMnemonic@?$IOleControlImpl@VCOPOSSmartCardRW@@@ATL@@UAGJPAUtagMSG@@@Z 10001aab f i SmartCardRW.obj
 0001:00000aab       ?QueryGetData@?$IDataObjectImpl@VCOPOSSmartCardRW@@@ATL@@UAGJPAUtagFORMATETC@@@Z 10001aab f i SmartCardRW.obj
 0001:00000aab       ?GetControlInfo@?$IOleControlImpl@VCOPOSSmartCardRW@@@ATL@@UAGJPAUtagCONTROLINFO@@@Z 10001aab f i SmartCardRW.obj
 0001:00000aab       ?Unfreeze@?$IViewObjectExImpl@VCOPOSSmartCardRW@@@ATL@@UAGJK@Z 10001aab f i SmartCardRW.obj
 0001:00000aab       ?ContextSensitiveHelp@?$IOleInPlaceActiveObjectImpl@VCOPOSSmartCardRW@@@ATL@@UAGJH@Z 10001aab f i SmartCardRW.obj
 0001:00000ab3       ?OnAmbientPropertyChange@?$IOleControlImpl@VCOPOSSmartCardRW@@@ATL@@UAGJJ@Z 10001ab3 f i SmartCardRW.obj
 0001:00000ab3       ?OnFrameWindowActivate@?$IOleInPlaceActiveObjectImpl@VCOPOSSmartCardRW@@@ATL@@UAGJH@Z 10001ab3 f i SmartCardRW.obj
 0001:00000ab3       ?SaveCompleted@?$IPersistStorageImpl@VCOPOSSmartCardRW@@@ATL@@UAGJPAUIStorage@@@Z 10001ab3 f i SmartCardRW.obj
 0001:00000ab3       ?EnableModeless@?$IOleInPlaceActiveObjectImpl@VCOPOSSmartCardRW@@@ATL@@UAGJH@Z 10001ab3 f i SmartCardRW.obj
 0001:00000ab8       ?SetClientSite@?$IOleObjectImpl@VCOPOSSmartCardRW@@@ATL@@UAGJPAUIOleClientSite@@@Z 10001ab8 f i SmartCardRW.obj
 0001:00000ad5       ?GetClientSite@?$IOleObjectImpl@VCOPOSSmartCardRW@@@ATL@@UAGJPAPAUIOleClientSite@@@Z 10001ad5 f i SmartCardRW.obj
 0001:00000af2       ?SetHostNames@?$IOleObjectImpl@VCOPOSSmartCardRW@@@ATL@@UAGJPB_W0@Z 10001af2 f i SmartCardRW.obj
 0001:00000af7       ?Close@?$IOleObjectImpl@VCOPOSSmartCardRW@@@ATL@@UAGJK@Z 10001af7 f i SmartCardRW.obj
 0001:00000b14       ?GetDataHere@?$IDataObjectImpl@VCOPOSSmartCardRW@@@ATL@@UAGJPAUtagFORMATETC@@PAUtagSTGMEDIUM@@@Z 10001b14 f i SmartCardRW.obj
 0001:00000b14       ?GetClipboardData@?$IOleObjectImpl@VCOPOSSmartCardRW@@@ATL@@UAGJKPAPAUIDataObject@@@Z 10001b14 f i SmartCardRW.obj
 0001:00000b14       ?GetCanonicalFormatEtc@?$IDataObjectImpl@VCOPOSSmartCardRW@@@ATL@@UAGJPAUtagFORMATETC@@0@Z 10001b14 f i SmartCardRW.obj
 0001:00000b14       ?EnumFormatEtc@?$IDataObjectImpl@VCOPOSSmartCardRW@@@ATL@@UAGJKPAPAUIEnumFORMATETC@@@Z 10001b14 f i SmartCardRW.obj
 0001:00000b14       ?QueryInterface@CRegObject@ATL@@UAGJABU_GUID@@PAPAX@Z 10001b14 f i SmartCardRW.obj
 0001:00000b14       ?SetMoniker@?$IOleObjectImpl@VCOPOSSmartCardRW@@@ATL@@UAGJKPAUIMoniker@@@Z 10001b14 f i SmartCardRW.obj
 0001:00000b14       ?GetRect@?$IViewObjectExImpl@VCOPOSSmartCardRW@@@ATL@@UAGJKPAU_RECTL@@@Z 10001b14 f i SmartCardRW.obj
 0001:00000b1c       ?SetData@?$IDataObjectImpl@VCOPOSSmartCardRW@@@ATL@@UAGJPAUtagFORMATETC@@PAUtagSTGMEDIUM@@H@Z 10001b1c f i SmartCardRW.obj
 0001:00000b1c       ?GetMoniker@?$IOleObjectImpl@VCOPOSSmartCardRW@@@ATL@@UAGJKKPAPAUIMoniker@@@Z 10001b1c f i SmartCardRW.obj
 0001:00000b1c       ?InitFromData@?$IOleObjectImpl@VCOPOSSmartCardRW@@@ATL@@UAGJPAUIDataObject@@HK@Z 10001b1c f i SmartCardRW.obj
 0001:00000b24       ?DoVerb@?$IOleObjectImpl@VCOPOSSmartCardRW@@@ATL@@UAGJJPAUtagMSG@@PAUIOleClientSite@@JPAUHWND__@@PBUtagRECT@@@Z 10001b24 f i SmartCardRW.obj
 0001:00000c18       ?EnumVerbs@?$IOleObjectImpl@VCOPOSSmartCardRW@@@ATL@@UAGJPAPAUIEnumOLEVERB@@@Z 10001c18 f i SmartCardRW.obj
 0001:00000c3a       ?Update@?$IOleObjectImpl@VCOPOSSmartCardRW@@@ATL@@UAGJXZ 10001c3a f i SmartCardRW.obj
 0001:00000c3a       ?HandsOffStorage@?$IPersistStorageImpl@VCOPOSSmartCardRW@@@ATL@@UAGJXZ 10001c3a f i SmartCardRW.obj
 0001:00000c3a       ?Release@CRegObject@ATL@@UAGKXZ 10001c3a f i SmartCardRW.obj
 0001:00000c3a       ?IsUpToDate@?$IOleObjectImpl@VCOPOSSmartCardRW@@@ATL@@UAGJXZ 10001c3a f i SmartCardRW.obj
 0001:00000c3f       ?GetUserType@?$IOleObjectImpl@VCOPOSSmartCardRW@@@ATL@@UAGJKPAPA_W@Z 10001c3f f i SmartCardRW.obj
 0001:00000c57       ?SetExtent@?$IOleObjectImpl@VCOPOSSmartCardRW@@@ATL@@UAGJKPAUtagSIZE@@@Z 10001c57 f i SmartCardRW.obj
 0001:00000c77       ?GetExtent@?$IOleObjectImpl@VCOPOSSmartCardRW@@@ATL@@UAGJKPAUtagSIZE@@@Z 10001c77 f i SmartCardRW.obj
 0001:00000cb5       ?Advise@?$IOleObjectImpl@VCOPOSSmartCardRW@@@ATL@@UAGJPAUIAdviseSink@@PAK@Z 10001cb5 f i SmartCardRW.obj
 0001:00000cd5       ?Unadvise@?$IOleObjectImpl@VCOPOSSmartCardRW@@@ATL@@UAGJK@Z 10001cd5 f i SmartCardRW.obj
 0001:00000d04       ?EnumAdvise@?$IOleObjectImpl@VCOPOSSmartCardRW@@@ATL@@UAGJPAPAUIEnumSTATDATA@@@Z 10001d04 f i SmartCardRW.obj
 0001:00000d44       ?GetMiscStatus@?$IOleObjectImpl@VCOPOSSmartCardRW@@@ATL@@UAGJKPAK@Z 10001d44 f i SmartCardRW.obj
 0001:00000d5c       ?GetWindow@?$IOleInPlaceActiveObjectImpl@VCOPOSSmartCardRW@@@ATL@@UAGJPAPAUHWND__@@@Z 10001d5c f i SmartCardRW.obj
 0001:00000da9       ?TranslateAcceleratorW@?$IOleInPlaceActiveObjectImpl@VCOPOSSmartCardRW@@@ATL@@UAGJPAUtagMSG@@@Z 10001da9 f i SmartCardRW.obj
 0001:00000e57       ?OnDocWindowActivate@?$IOleInPlaceActiveObjectImpl@VCOPOSSmartCardRW@@@ATL@@UAGJH@Z 10001e57 f i SmartCardRW.obj
 0001:00000e79       ?ResizeBorder@?$IOleInPlaceActiveObjectImpl@VCOPOSSmartCardRW@@@ATL@@UAGJPBUtagRECT@@PAUIOleInPlaceUIWindow@@H@Z 10001e79 f i SmartCardRW.obj
 0001:00000e7e       ?Draw@?$IViewObjectExImpl@VCOPOSSmartCardRW@@@ATL@@UAGJKJPAXPAUtagDVTARGETDEVICE@@PAUHDC__@@2PBU_RECTL@@3P6GHK@ZK@Z 10001e7e f i SmartCardRW.obj
 0001:00000eb0       ?GetColorSet@?$IViewObjectExImpl@VCOPOSSmartCardRW@@@ATL@@UAGJKJPAXPAUtagDVTARGETDEVICE@@PAUHDC__@@PAPAUtagLOGPALETTE@@@Z 10001eb0 f i SmartCardRW.obj
 0001:00000eb8       ?Freeze@?$IViewObjectExImpl@VCOPOSSmartCardRW@@@ATL@@UAGJKJPAXPAK@Z 10001eb8 f i SmartCardRW.obj
 0001:00000ec0       ?SetAdvise@?$IViewObjectExImpl@VCOPOSSmartCardRW@@@ATL@@UAGJKKPAUIAdviseSink@@@Z 10001ec0 f i SmartCardRW.obj
 0001:00000edf       ?GetAdvise@?$IViewObjectExImpl@VCOPOSSmartCardRW@@@ATL@@UAGJPAK0PAPAUIAdviseSink@@@Z 10001edf f i SmartCardRW.obj
 0001:00000f14       ?GetExtent@?$IViewObjectExImpl@VCOPOSSmartCardRW@@@ATL@@UAGJKJPAUtagDVTARGETDEVICE@@PAUtagSIZE@@@Z 10001f14 f i SmartCardRW.obj
 0001:00000f45       ?GetViewStatus@?$IViewObjectExImpl@VCOPOSSmartCardRW@@@ATL@@UAGJPAK@Z 10001f45 f i SmartCardRW.obj
 0001:00000f62       ?QueryHitPoint@?$IViewObjectExImpl@VCOPOSSmartCardRW@@@ATL@@UAGJKPBUtagRECT@@UtagPOINT@@JPAK@Z 10001f62 f i SmartCardRW.obj
 0001:00000fa3       ?QueryHitRect@?$IViewObjectExImpl@VCOPOSSmartCardRW@@@ATL@@UAGJKPBUtagRECT@@0JPAK@Z 10001fa3 f i SmartCardRW.obj
 0001:00000ffe       ?GetNaturalExtent@?$IViewObjectExImpl@VCOPOSSmartCardRW@@@ATL@@UAGJKJPAUtagDVTARGETDEVICE@@PAUHDC__@@PAUtagExtentInfo@@PAUtagSIZE@@@Z 10001ffe f i SmartCardRW.obj
 0001:00001049       ?GetWindow@?$IOleInPlaceObjectWindowlessImpl@VCOPOSSmartCardRW@@@ATL@@UAGJPAPAUHWND__@@@Z 10002049 f i SmartCardRW.obj
 0001:00001096       ?InPlaceDeactivate@?$IOleInPlaceObjectWindowlessImpl@VCOPOSSmartCardRW@@@ATL@@UAGJXZ 10002096 f i SmartCardRW.obj
 0001:000010b0       ?UIDeactivate@?$IOleInPlaceObjectWindowlessImpl@VCOPOSSmartCardRW@@@ATL@@UAGJXZ 100020b0 f i SmartCardRW.obj
 0001:000010ca       ?SetObjectRects@?$IOleInPlaceObjectWindowlessImpl@VCOPOSSmartCardRW@@@ATL@@UAGJPBUtagRECT@@0@Z 100020ca f i SmartCardRW.obj
 0001:000010ea       ?ReactivateAndUndo@?$IOleInPlaceObjectWindowlessImpl@VCOPOSSmartCardRW@@@ATL@@UAGJXZ 100020ea f i SmartCardRW.obj
 0001:000010f2       ?OnWindowMessage@?$IOleInPlaceObjectWindowlessImpl@VCOPOSSmartCardRW@@@ATL@@UAGJIIJPAJ@Z 100020f2 f i SmartCardRW.obj
 0001:00001162       ?EnumConnectionPoints@?$IConnectionPointContainerImpl@VCOPOSSmartCardRW@@@ATL@@UAGJPAPAUIEnumConnectionPoints@@@Z 10002162 f i SmartCardRW.obj
 0001:000012dc       ?FindConnectionPoint@?$IConnectionPointContainerImpl@VCOPOSSmartCardRW@@@ATL@@UAGJABU_GUID@@PAPAUIConnectionPoint@@@Z 100022dc f i SmartCardRW.obj
 0001:0000137f       ?IsDirty@?$IPersistStorageImpl@VCOPOSSmartCardRW@@@ATL@@UAGJXZ 1000237f f i SmartCardRW.obj
 0001:000013b3       ?InitNew@?$IPersistStorageImpl@VCOPOSSmartCardRW@@@ATL@@UAGJPAUIStorage@@@Z 100023b3 f i SmartCardRW.obj
 0001:000013e7       ?Load@?$IPersistStorageImpl@VCOPOSSmartCardRW@@@ATL@@UAGJPAUIStorage@@@Z 100023e7 f i SmartCardRW.obj
 0001:00001453       ?Save@?$IPersistStorageImpl@VCOPOSSmartCardRW@@@ATL@@UAGJPAUIStorage@@H@Z 10002453 f i SmartCardRW.obj
 0001:000014c6       ?GetPages@?$ISpecifyPropertyPagesImpl@VCOPOSSmartCardRW@@@ATL@@UAGJPAUtagCAUUID@@@Z 100024c6 f i SmartCardRW.obj
 0001:000014dd       ?QuickActivate@?$IQuickActivateImpl@VCOPOSSmartCardRW@@@ATL@@UAGJPAUtagQACONTAINER@@PAUtagQACONTROL@@@Z 100024dd f i SmartCardRW.obj
 0001:00001500       ?SetContentExtent@?$IQuickActivateImpl@VCOPOSSmartCardRW@@@ATL@@UAGJPAUtagSIZE@@@Z 10002500 f i SmartCardRW.obj
 0001:0000152c       ?GetContentExtent@?$IQuickActivateImpl@VCOPOSSmartCardRW@@@ATL@@UAGJPAUtagSIZE@@@Z 1000252c f i SmartCardRW.obj
 0001:00001566       ?GetData@?$IDataObjectImpl@VCOPOSSmartCardRW@@@ATL@@UAGJPAUtagFORMATETC@@PAUtagSTGMEDIUM@@@Z 10002566 f i SmartCardRW.obj
 0001:00001589       ?DAdvise@?$IDataObjectImpl@VCOPOSSmartCardRW@@@ATL@@UAGJPAUtagFORMATETC@@KPAUIAdviseSink@@PAK@Z 10002589 f i SmartCardRW.obj
 0001:000015ca       ?DUnadvise@?$IDataObjectImpl@VCOPOSSmartCardRW@@@ATL@@UAGJK@Z 100025ca f i SmartCardRW.obj
 0001:000015f8       ?EnumDAdvise@?$IDataObjectImpl@VCOPOSSmartCardRW@@@ATL@@UAGJPAPAUIEnumSTATDATA@@@Z 100025f8 f i SmartCardRW.obj
 0001:00001637       ?GetClassInfoW@?$IProvideClassInfo2Impl@$1?CLSID_OPOSSmartCardRW@@3U_GUID@@B$1?DIID__IOPOSSmartCardRWEvents@@3U2@B$1?LIBID_OposSmartCardRW_CCO@@3U2@B$00$0A@VCComTypeInfoHolder@ATL@@@ATL@@UAGJPAPAUITypeInfo@@@Z 10002637 f i SmartCardRW.obj
 0001:0000164d       ?GetGUID@?$IProvideClassInfo2Impl@$1?CLSID_OPOSSmartCardRW@@3U_GUID@@B$1?DIID__IOPOSSmartCardRWEvents@@3U2@B$1?LIBID_OposSmartCardRW_CCO@@3U2@B$00$0A@VCComTypeInfoHolder@ATL@@@ATL@@UAGJKPAU_GUID@@@Z 1000264d f i SmartCardRW.obj
 0001:0000168b       __get_startup_argv_mode    1000268b f i LIBCMT:argv_mode.obj
 0001:0000168b       ?FAccessAllowed@?$IObjectSafetyImpl@VCOPOSSmartCardRW@@$02@ATL@@MAEHXZ 1000268b f i SmartCardRW.obj
 0001:0000168f       ?GetInterfaceSafetyOptions@?$IObjectSafetyImpl@VCOPOSSmartCardRW@@$02@ATL@@UAGJABU_GUID@@PAK1@Z 1000268f f i SmartCardRW.obj
 0001:00001703       ?SetInterfaceSafetyOptions@?$IObjectSafetyImpl@VCOPOSSmartCardRW@@$02@ATL@@UAGJABU_GUID@@KK@Z 10002703 f i SmartCardRW.obj
 0001:0000177d       ?_LocCPQueryInterface@?$IConnectionPointImpl@VCOPOSSmartCardRW@@$1?IID_IPropertyNotifySink@@3U_GUID@@BVCComDynamicUnkArray@ATL@@@ATL@@UAGJABU_GUID@@PAPAX@Z 1000277d f i SmartCardRW.obj
 0001:0000177d       ?_LocCPQueryInterface@?$IConnectionPointImpl@VCOPOSSmartCardRW@@$1?DIID__IOPOSSmartCardRWEvents@@3U_GUID@@BVCComDynamicUnkArray@ATL@@@ATL@@UAGJABU_GUID@@PAPAX@Z 1000277d f i SmartCardRW.obj
 0001:000017ca       ?GetConnectionInterface@?$IConnectionPointImpl@VCOPOSSmartCardRW@@$1?IID_IPropertyNotifySink@@3U_GUID@@BVCComDynamicUnkArray@ATL@@@ATL@@UAGJPAU_GUID@@@Z 100027ca f i SmartCardRW.obj
 0001:000017ee       ?GetConnectionPointContainer@?$IConnectionPointImpl@VCOPOSSmartCardRW@@$1?IID_IPropertyNotifySink@@3U_GUID@@BVCComDynamicUnkArray@ATL@@@ATL@@UAGJPAPAUIConnectionPointContainer@@@Z 100027ee f i SmartCardRW.obj
 0001:00001811       ?Advise@?$IConnectionPointImpl@VCOPOSSmartCardRW@@$1?IID_IPropertyNotifySink@@3U_GUID@@BVCComDynamicUnkArray@ATL@@@ATL@@UAGJPAUIUnknown@@PAK@Z 10002811 f i SmartCardRW.obj
 0001:00001811       ?Advise@?$IConnectionPointImpl@VCOPOSSmartCardRW@@$1?DIID__IOPOSSmartCardRWEvents@@3U_GUID@@BVCComDynamicUnkArray@ATL@@@ATL@@UAGJPAUIUnknown@@PAK@Z 10002811 f i SmartCardRW.obj
 0001:000018b2       ?Unadvise@?$IConnectionPointImpl@VCOPOSSmartCardRW@@$1?IID_IPropertyNotifySink@@3U_GUID@@BVCComDynamicUnkArray@ATL@@@ATL@@UAGJK@Z 100028b2 f i SmartCardRW.obj
 0001:000018b2       ?Unadvise@?$IConnectionPointImpl@VCOPOSSmartCardRW@@$1?DIID__IOPOSSmartCardRWEvents@@3U_GUID@@BVCComDynamicUnkArray@ATL@@@ATL@@UAGJK@Z 100028b2 f i SmartCardRW.obj
 0001:000018f2       ?EnumConnections@?$IConnectionPointImpl@VCOPOSSmartCardRW@@$1?DIID__IOPOSSmartCardRWEvents@@3U_GUID@@BVCComDynamicUnkArray@ATL@@@ATL@@UAGJPAPAUIEnumConnections@@@Z 100028f2 f i SmartCardRW.obj
 0001:000018f2       ?EnumConnections@?$IConnectionPointImpl@VCOPOSSmartCardRW@@$1?IID_IPropertyNotifySink@@3U_GUID@@BVCComDynamicUnkArray@ATL@@@ATL@@UAGJPAPAUIEnumConnections@@@Z 100028f2 f i SmartCardRW.obj
 0001:000019f8       ?GetCategoryMap@CComObjectRootBase@ATL@@SAPBU_ATL_CATMAP_ENTRY@2@XZ 100029f8 f i SmartCardRW.obj
 0001:000019f8       ?GetObjectDescription@?$CComCoClass@VCOPOSSmartCardRW@@$1?CLSID_OPOSSmartCardRW@@3U_GUID@@B@ATL@@SGPB_WXZ 100029f8 f i SmartCardRW.obj
 0001:000019fb       ?GetConnectionInterface@?$IConnectionPointImpl@VCOPOSSmartCardRW@@$1?DIID__IOPOSSmartCardRWEvents@@3U_GUID@@BVCComDynamicUnkArray@ATL@@@ATL@@UAGJPAU_GUID@@@Z 100029fb f i SmartCardRW.obj
 0001:00001a1f       ?GetConnectionPointContainer@?$IConnectionPointImpl@VCOPOSSmartCardRW@@$1?DIID__IOPOSSmartCardRWEvents@@3U_GUID@@BVCComDynamicUnkArray@ATL@@@ATL@@UAGJPAPAUIConnectionPointContainer@@@Z 10002a1f f i SmartCardRW.obj
 0001:00001a42       ?UpdateRegistry@COPOSSmartCardRW@@SGJH@Z 10002a42 f i SmartCardRW.obj
 0001:00001a5a       ?ProcessWindowMessage@COPOSSmartCardRW@@UAEHPAUHWND__@@IIJAAJK@Z 10002a5a f i SmartCardRW.obj
 0001:00001aa3       ?SOData@COPOSSmartCardRW@@MAGJJ@Z 10002aa3 f i SmartCardRW.obj
 0001:00001adc       ?SODirectIO@COPOSSmartCardRW@@MAGJJPAJPAPA_W@Z 10002adc f i SmartCardRW.obj
 0001:00001b25       ?SOError@COPOSSmartCardRW@@MAGJJJJPAJ@Z 10002b25 f i SmartCardRW.obj
 0001:00001b7a       ?SOOutputComplete@COPOSSmartCardRW@@MAGJJ@Z 10002b7a f i SmartCardRW.obj
 0001:00001bb3       ?SOStatusUpdate@COPOSSmartCardRW@@MAGJJ@Z 10002bb3 f i SmartCardRW.obj
 0001:00001bec       ?Lock@CAtlModule@ATL@@UAEJXZ 10002bec f i SmartCardRW.obj
 0001:00001bf6       ?Unlock@CAtlModule@ATL@@UAEJXZ 10002bf6 f i SmartCardRW.obj
 0001:00001c00       ?GetLockCount@CAtlModule@ATL@@UAEJXZ 10002c00 f i SmartCardRW.obj
 0001:00001c04       ?GetGITPtr@CAtlModule@ATL@@UAEJPAPAUIGlobalInterfaceTable@@@Z 10002c04 f i SmartCardRW.obj
 0001:00001c50       ?AddCommonRGSReplacements@?$CAtlModuleT@VCComModule@ATL@@@ATL@@UAEJPAUIRegistrarBase@@@Z 10002c50 f i SmartCardRW.obj
 0001:00001c6a       ?UpdateRegistryFromResourceD@CComModule@ATL@@UAGJPB_WHPAU_ATL_REGMAP_ENTRY@2@@Z 10002c6a f i SmartCardRW.obj
 0001:00001c6a       ?UpdateRegistryFromResourceD@CComModule@ATL@@UAGJIHPAU_ATL_REGMAP_ENTRY@2@@Z 10002c6a f i SmartCardRW.obj
 0001:00001c72       ?UpdateRegistryFromResource@CComModule@ATL@@UAGJPB_WHPAU_ATL_REGMAP_ENTRY@2@@Z 10002c72 f i SmartCardRW.obj
 0001:00001c7b       ?UpdateRegistryFromResource@CComModule@ATL@@UAGJIHPAU_ATL_REGMAP_ENTRY@2@@Z 10002c7b f i SmartCardRW.obj
 0001:00001c84       ??_GCComModule@ATL@@UAEPAXI@Z 10002c84 f i SmartCardRW.obj
 0001:00001c84       ??_ECComModule@ATL@@UAEPAXI@Z 10002c84 f i SmartCardRW.obj
 0001:00001cac       ?CreateInstance@?$CComCreator@V?$CComObjectCached@VCComClassFactory@ATL@@@ATL@@@ATL@@SGJPAXABU_GUID@@PAPAX@Z 10002cac f i SmartCardRW.obj
 0001:00001d58       ?CreateInstance@?$CComCreator2@V?$CComCreator@V?$CComObject@VCOPOSSmartCardRW@@@ATL@@@ATL@@V?$CComCreator@V?$CComAggObject@VCOPOSSmartCardRW@@@ATL@@@2@@ATL@@SGJPAXABU_GUID@@PAPAX@Z 10002d58 f i SmartCardRW.obj
 0001:00001d78       ?AddRef@?$CComObjectCached@VCComClassFactory@ATL@@@ATL@@UAGKXZ 10002d78 f i SmartCardRW.obj
 0001:00001d9f       ?Release@?$CComObjectCached@VCComClassFactory@ATL@@@ATL@@UAGKXZ 10002d9f f i SmartCardRW.obj
 0001:00001dd5       ?QueryInterface@?$CComObjectCached@VCComClassFactory@ATL@@@ATL@@UAGJABU_GUID@@PAPAX@Z 10002dd5 f i SmartCardRW.obj
 0001:00001def       ??_G?$CComObjectCached@VCComClassFactory@ATL@@@ATL@@UAEPAXI@Z 10002def f i SmartCardRW.obj
 0001:00001def       ??_E?$CComObjectCached@VCComClassFactory@ATL@@@ATL@@UAEPAXI@Z 10002def f i SmartCardRW.obj
 0001:00001e11       ?Next@?$CComEnumImpl@UIEnumConnectionPoints@@$1?_GUID_b196b285_bab4_101a_b69c_00aa00341d07@@3U__s_GUID@@BPAUIConnectionPoint@@V?$_CopyInterface@UIConnectionPoint@@@ATL@@@ATL@@UAGJKPAPAUIConnectionPoint@@PAK@Z 10002e11 f i SmartCardRW.obj
 0001:00001ee8       ?Skip@?$CComEnumImpl@UIEnumConnectionPoints@@$1?_GUID_b196b285_bab4_101a_b69c_00aa00341d07@@3U__s_GUID@@BPAUIConnectionPoint@@V?$_CopyInterface@UIConnectionPoint@@@ATL@@@ATL@@UAGJK@Z 10002ee8 f i SmartCardRW.obj
 0001:00001f15       ?Reset@?$CComEnumImpl@UIEnumConnections@@$1?_GUID_b196b287_bab4_101a_b69c_00aa00341d07@@3U__s_GUID@@BUtagCONNECTDATA@@V?$_Copy@UtagCONNECTDATA@@@ATL@@@ATL@@UAGJXZ 10002f15 f i SmartCardRW.obj
 0001:00001f15       ?Reset@?$CComEnumImpl@UIEnumConnectionPoints@@$1?_GUID_b196b285_bab4_101a_b69c_00aa00341d07@@3U__s_GUID@@BPAUIConnectionPoint@@V?$_CopyInterface@UIConnectionPoint@@@ATL@@@ATL@@UAGJXZ 10002f15 f i SmartCardRW.obj
 0001:00001f27       ?Clone@?$CComEnumImpl@UIEnumConnectionPoints@@$1?_GUID_b196b285_bab4_101a_b69c_00aa00341d07@@3U__s_GUID@@BPAUIConnectionPoint@@V?$_CopyInterface@UIConnectionPoint@@@ATL@@@ATL@@UAGJPAPAUIEnumConnectionPoints@@@Z 10002f27 f i SmartCardRW.obj
 0001:00002008       ?AddRef@?$CComObject@V?$CComEnum@UIEnumConnections@@$1?_GUID_b196b287_bab4_101a_b69c_00aa00341d07@@3U__s_GUID@@BUtagCONNECTDATA@@V?$_Copy@UtagCONNECTDATA@@@ATL@@VCComSingleThreadModel@6@@ATL@@@ATL@@UAGKXZ 10003008 f i SmartCardRW.obj
 0001:00002008       ?AddRef@?$CComObject@V?$CComEnum@UIEnumConnectionPoints@@$1?_GUID_b196b285_bab4_101a_b69c_00aa00341d07@@3U__s_GUID@@BPAUIConnectionPoint@@V?$_CopyInterface@UIConnectionPoint@@@ATL@@VCComSingleThreadModel@6@@ATL@@@ATL@@UAGKXZ 10003008 f i SmartCardRW.obj
 0001:00002019       ?Release@?$CComObject@V?$CComEnum@UIEnumConnectionPoints@@$1?_GUID_b196b285_bab4_101a_b69c_00aa00341d07@@3U__s_GUID@@BPAUIConnectionPoint@@V?$_CopyInterface@UIConnectionPoint@@@ATL@@VCComSingleThreadModel@6@@ATL@@@ATL@@UAGKXZ 10003019 f i SmartCardRW.obj
 0001:00002019       ?Release@?$CComObject@V?$CComEnum@UIEnumConnections@@$1?_GUID_b196b287_bab4_101a_b69c_00aa00341d07@@3U__s_GUID@@BUtagCONNECTDATA@@V?$_Copy@UtagCONNECTDATA@@@ATL@@VCComSingleThreadModel@6@@ATL@@@ATL@@UAGKXZ 10003019 f i SmartCardRW.obj
 0001:00002055       ?QueryInterface@?$CComObject@V?$CComEnum@UIEnumConnectionPoints@@$1?_GUID_b196b285_bab4_101a_b69c_00aa00341d07@@3U__s_GUID@@BPAUIConnectionPoint@@V?$_CopyInterface@UIConnectionPoint@@@ATL@@VCComSingleThreadModel@6@@ATL@@@ATL@@UAGJABU_GUID@@PAPAX@Z 10003055 f i SmartCardRW.obj
 0001:0000206f       ??_E?$CComObject@V?$CComEnum@UIEnumConnectionPoints@@$1?_GUID_b196b285_bab4_101a_b69c_00aa00341d07@@3U__s_GUID@@BPAUIConnectionPoint@@V?$_CopyInterface@UIConnectionPoint@@@ATL@@VCComSingleThreadModel@6@@ATL@@@ATL@@UAEPAXI@Z 1000306f f i SmartCardRW.obj
 0001:0000206f       ??_G?$CComObject@V?$CComEnum@UIEnumConnectionPoints@@$1?_GUID_b196b285_bab4_101a_b69c_00aa00341d07@@3U__s_GUID@@BPAUIConnectionPoint@@V?$_CopyInterface@UIConnectionPoint@@@ATL@@VCComSingleThreadModel@6@@ATL@@@ATL@@UAEPAXI@Z 1000306f f i SmartCardRW.obj
 0001:00002091       ?AddRef@CRegObject@ATL@@UAGKXZ 10003091 f i SmartCardRW.obj
 0001:00002097       ?AddReplacement@CRegObject@ATL@@UAGJPB_W0@Z 10003097 f i SmartCardRW.obj
 0001:000020d0       ?ClearReplacements@CRegObject@ATL@@UAGJXZ 100030d0 f i SmartCardRW.obj
 0001:000020e2       ??_ECRegObject@ATL@@UAEPAXI@Z 100030e2 f i SmartCardRW.obj
 0001:000020e2       ??_GCRegObject@ATL@@UAEPAXI@Z 100030e2 f i SmartCardRW.obj
 0001:00002104       ?AddRef@?$CComAggObject@VCOPOSSmartCardRW@@@ATL@@UAGKXZ 10003104 f i SmartCardRW.obj
 0001:00002115       ?Release@?$CComAggObject@VCOPOSSmartCardRW@@@ATL@@UAGKXZ 10003115 f i SmartCardRW.obj
 0001:00002151       ?QueryInterface@?$CComAggObject@VCOPOSSmartCardRW@@@ATL@@UAGJABU_GUID@@PAPAX@Z 10003151 f i SmartCardRW.obj
 0001:000021a0       ?AddRef@?$CComContainedObject@VCOPOSSmartCardRW@@@ATL@@UAGKXZ 100031a0 f i SmartCardRW.obj
 0001:000021b6       ?Release@?$CComContainedObject@VCOPOSSmartCardRW@@@ATL@@UAGKXZ 100031b6 f i SmartCardRW.obj
 0001:000021cc       ?QueryInterface@?$CComContainedObject@VCOPOSSmartCardRW@@@ATL@@UAGJABU_GUID@@PAPAX@Z 100031cc f i SmartCardRW.obj
 0001:000021e7       ??_E?$CComAggObject@VCOPOSSmartCardRW@@@ATL@@UAEPAXI@Z 100031e7 f i SmartCardRW.obj
 0001:000021e7       ??_G?$CComAggObject@VCOPOSSmartCardRW@@@ATL@@UAEPAXI@Z 100031e7 f i SmartCardRW.obj
 0001:0000220c       ?AddRef@?$CComObject@VCOPOSSmartCardRW@@@ATL@@UAGKXZ 1000320c f i SmartCardRW.obj
 0001:00002223       ?Release@?$CComObject@VCOPOSSmartCardRW@@@ATL@@UAGKXZ 10003223 f i SmartCardRW.obj
 0001:00002265       ?QueryInterface@?$CComObject@VCOPOSSmartCardRW@@@ATL@@UAGJABU_GUID@@PAPAX@Z 10003265 f i SmartCardRW.obj
 0001:0000227f       ?OnDrawAdvanced@CComControlBase@ATL@@UAEJAAUATL_DRAWINFO@@@Z 1000327f f i SmartCardRW.obj
 0001:00002372       ?Next@?$CComEnumImpl@UIEnumConnections@@$1?_GUID_b196b287_bab4_101a_b69c_00aa00341d07@@3U__s_GUID@@BUtagCONNECTDATA@@V?$_Copy@UtagCONNECTDATA@@@ATL@@@ATL@@UAGJKPAUtagCONNECTDATA@@PAK@Z 10003372 f i SmartCardRW.obj
 0001:00002449       ?Skip@?$CComEnumImpl@UIEnumConnections@@$1?_GUID_b196b287_bab4_101a_b69c_00aa00341d07@@3U__s_GUID@@BUtagCONNECTDATA@@V?$_Copy@UtagCONNECTDATA@@@ATL@@@ATL@@UAGJK@Z 10003449 f i SmartCardRW.obj
 0001:00002476       ?Clone@?$CComEnumImpl@UIEnumConnections@@$1?_GUID_b196b287_bab4_101a_b69c_00aa00341d07@@3U__s_GUID@@BUtagCONNECTDATA@@V?$_Copy@UtagCONNECTDATA@@@ATL@@@ATL@@UAGJPAPAUIEnumConnections@@@Z 10003476 f i SmartCardRW.obj
 0001:00002557       ?QueryInterface@?$CComObject@V?$CComEnum@UIEnumConnections@@$1?_GUID_b196b287_bab4_101a_b69c_00aa00341d07@@3U__s_GUID@@BUtagCONNECTDATA@@V?$_Copy@UtagCONNECTDATA@@@ATL@@VCComSingleThreadModel@6@@ATL@@@ATL@@UAGJABU_GUID@@PAPAX@Z 10003557 f i SmartCardRW.obj
 0001:00002571       ??_E?$CComObject@V?$CComEnum@UIEnumConnections@@$1?_GUID_b196b287_bab4_101a_b69c_00aa00341d07@@3U__s_GUID@@BUtagCONNECTDATA@@V?$_Copy@UtagCONNECTDATA@@@ATL@@VCComSingleThreadModel@6@@ATL@@@ATL@@UAEPAXI@Z 10003571 f i SmartCardRW.obj
 0001:00002571       ??_G?$CComObject@V?$CComEnum@UIEnumConnections@@$1?_GUID_b196b287_bab4_101a_b69c_00aa00341d07@@3U__s_GUID@@BUtagCONNECTDATA@@V?$_Copy@UtagCONNECTDATA@@@ATL@@VCComSingleThreadModel@6@@ATL@@@ATL@@UAEPAXI@Z 10003571 f i SmartCardRW.obj
 0001:00002593       ??_E?$CComObject@VCOPOSSmartCardRW@@@ATL@@W3AEPAXI@Z 10003593 f i SmartCardRW.obj
 0001:0000259b       ??_E?$CComObject@VCOPOSSmartCardRW@@@ATL@@WEM@AEPAXI@Z 1000359b f i SmartCardRW.obj
 0001:000025a3       ?QueryInterface@?$CComObject@VCOPOSSmartCardRW@@@ATL@@WHA@AGJABU_GUID@@PAPAX@Z 100035a3 f i SmartCardRW.obj
 0001:000025ad       ?AddRef@?$CComObject@VCOPOSSmartCardRW@@@ATL@@WHA@AGKXZ 100035ad f i SmartCardRW.obj
 0001:000025b7       ?Release@?$CComObject@VCOPOSSmartCardRW@@@ATL@@WHA@AGKXZ 100035b7 f i SmartCardRW.obj
 0001:000025c1       ?QueryInterface@?$CComObject@VCOPOSSmartCardRW@@@ATL@@WHE@AGJABU_GUID@@PAPAX@Z 100035c1 f i SmartCardRW.obj
 0001:000025cb       ?AddRef@?$CComObject@VCOPOSSmartCardRW@@@ATL@@WHE@AGKXZ 100035cb f i SmartCardRW.obj
 0001:000025d5       ?Release@?$CComObject@VCOPOSSmartCardRW@@@ATL@@WHE@AGKXZ 100035d5 f i SmartCardRW.obj
 0001:000025df       ?QueryInterface@?$CComObject@VCOPOSSmartCardRW@@@ATL@@WHI@AGJABU_GUID@@PAPAX@Z 100035df f i SmartCardRW.obj
 0001:000025e9       ?AddRef@?$CComObject@VCOPOSSmartCardRW@@@ATL@@WHI@AGKXZ 100035e9 f i SmartCardRW.obj
 0001:000025f3       ?Release@?$CComObject@VCOPOSSmartCardRW@@@ATL@@WHI@AGKXZ 100035f3 f i SmartCardRW.obj
 0001:000025fd       ?QueryInterface@?$CComObject@VCOPOSSmartCardRW@@@ATL@@WHM@AGJABU_GUID@@PAPAX@Z 100035fd f i SmartCardRW.obj
 0001:00002607       ?AddRef@?$CComObject@VCOPOSSmartCardRW@@@ATL@@WHM@AGKXZ 10003607 f i SmartCardRW.obj
 0001:00002611       ?Release@?$CComObject@VCOPOSSmartCardRW@@@ATL@@WHM@AGKXZ 10003611 f i SmartCardRW.obj
 0001:0000261b       ?QueryInterface@?$CComObject@VCOPOSSmartCardRW@@@ATL@@WIA@AGJABU_GUID@@PAPAX@Z 1000361b f i SmartCardRW.obj
 0001:00002628       ?AddRef@?$CComObject@VCOPOSSmartCardRW@@@ATL@@WIA@AGKXZ 10003628 f i SmartCardRW.obj
 0001:00002635       ?Release@?$CComObject@VCOPOSSmartCardRW@@@ATL@@WIA@AGKXZ 10003635 f i SmartCardRW.obj
 0001:00002642       ?QueryInterface@?$CComObject@VCOPOSSmartCardRW@@@ATL@@WIE@AGJABU_GUID@@PAPAX@Z 10003642 f i SmartCardRW.obj
 0001:0000264f       ?AddRef@?$CComObject@VCOPOSSmartCardRW@@@ATL@@WIE@AGKXZ 1000364f f i SmartCardRW.obj
 0001:0000265c       ?Release@?$CComObject@VCOPOSSmartCardRW@@@ATL@@WIE@AGKXZ 1000365c f i SmartCardRW.obj
 0001:00002669       ?QueryInterface@?$CComObject@VCOPOSSmartCardRW@@@ATL@@WII@AGJABU_GUID@@PAPAX@Z 10003669 f i SmartCardRW.obj
 0001:00002676       ?AddRef@?$CComObject@VCOPOSSmartCardRW@@@ATL@@WII@AGKXZ 10003676 f i SmartCardRW.obj
 0001:00002683       ?Release@?$CComObject@VCOPOSSmartCardRW@@@ATL@@WII@AGKXZ 10003683 f i SmartCardRW.obj
 0001:00002690       ?QueryInterface@?$CComObject@VCOPOSSmartCardRW@@@ATL@@WIM@AGJABU_GUID@@PAPAX@Z 10003690 f i SmartCardRW.obj
 0001:0000269d       ?AddRef@?$CComObject@VCOPOSSmartCardRW@@@ATL@@WIM@AGKXZ 1000369d f i SmartCardRW.obj
 0001:000026aa       ?Release@?$CComObject@VCOPOSSmartCardRW@@@ATL@@WIM@AGKXZ 100036aa f i SmartCardRW.obj
 0001:000026b7       ?QueryInterface@?$CComObject@VCOPOSSmartCardRW@@@ATL@@WJA@AGJABU_GUID@@PAPAX@Z 100036b7 f i SmartCardRW.obj
 0001:000026c4       ?AddRef@?$CComObject@VCOPOSSmartCardRW@@@ATL@@WJA@AGKXZ 100036c4 f i SmartCardRW.obj
 0001:000026d1       ?Release@?$CComObject@VCOPOSSmartCardRW@@@ATL@@WJA@AGKXZ 100036d1 f i SmartCardRW.obj
 0001:000026de       ?QueryInterface@?$CComObject@VCOPOSSmartCardRW@@@ATL@@WJE@AGJABU_GUID@@PAPAX@Z 100036de f i SmartCardRW.obj
 0001:000026eb       ?AddRef@?$CComObject@VCOPOSSmartCardRW@@@ATL@@WJE@AGKXZ 100036eb f i SmartCardRW.obj
 0001:000026f8       ?Release@?$CComObject@VCOPOSSmartCardRW@@@ATL@@WJE@AGKXZ 100036f8 f i SmartCardRW.obj
 0001:00002705       ?QueryInterface@?$CComObject@VCOPOSSmartCardRW@@@ATL@@WJI@AGJABU_GUID@@PAPAX@Z 10003705 f i SmartCardRW.obj
 0001:00002712       ?AddRef@?$CComObject@VCOPOSSmartCardRW@@@ATL@@WJI@AGKXZ 10003712 f i SmartCardRW.obj
 0001:0000271f       ?Release@?$CComObject@VCOPOSSmartCardRW@@@ATL@@WJI@AGKXZ 1000371f f i SmartCardRW.obj
 0001:0000272c       ?QueryInterface@?$CComObject@VCOPOSSmartCardRW@@@ATL@@WJM@AGJABU_GUID@@PAPAX@Z 1000372c f i SmartCardRW.obj
 0001:00002739       ?AddRef@?$CComObject@VCOPOSSmartCardRW@@@ATL@@WJM@AGKXZ 10003739 f i SmartCardRW.obj
 0001:00002746       ?Release@?$CComObject@VCOPOSSmartCardRW@@@ATL@@WJM@AGKXZ 10003746 f i SmartCardRW.obj
 0001:00002753       ?QueryInterface@?$CComObject@VCOPOSSmartCardRW@@@ATL@@WKA@AGJABU_GUID@@PAPAX@Z 10003753 f i SmartCardRW.obj
 0001:00002760       ?AddRef@?$CComObject@VCOPOSSmartCardRW@@@ATL@@WKA@AGKXZ 10003760 f i SmartCardRW.obj
 0001:0000276d       ?Release@?$CComObject@VCOPOSSmartCardRW@@@ATL@@WKA@AGKXZ 1000376d f i SmartCardRW.obj
 0001:0000277a       ?AddRef@?$CComObject@VCOPOSSmartCardRW@@@ATL@@WKI@AGKXZ 1000377a f i SmartCardRW.obj
 0001:00002787       ?Release@?$CComObject@VCOPOSSmartCardRW@@@ATL@@WKI@AGKXZ 10003787 f i SmartCardRW.obj
 0001:00002794       ?AddRef@?$CComObject@VCOPOSSmartCardRW@@@ATL@@WLE@AGKXZ 10003794 f i SmartCardRW.obj
 0001:000027a1       ?Release@?$CComObject@VCOPOSSmartCardRW@@@ATL@@WLE@AGKXZ 100037a1 f i SmartCardRW.obj
 0001:000027ae       ??_E?$CComContainedObject@VCOPOSSmartCardRW@@@ATL@@W3AEPAXI@Z 100037ae f i SmartCardRW.obj
 0001:000027b6       ??_E?$CComContainedObject@VCOPOSSmartCardRW@@@ATL@@WEM@AEPAXI@Z 100037b6 f i SmartCardRW.obj
 0001:000027be       ?QueryInterface@?$CComContainedObject@VCOPOSSmartCardRW@@@ATL@@WHA@AGJABU_GUID@@PAPAX@Z 100037be f i SmartCardRW.obj
 0001:000027c8       ?AddRef@?$CComContainedObject@VCOPOSSmartCardRW@@@ATL@@WHA@AGKXZ 100037c8 f i SmartCardRW.obj
 0001:000027d2       ?Release@?$CComContainedObject@VCOPOSSmartCardRW@@@ATL@@WHA@AGKXZ 100037d2 f i SmartCardRW.obj
 0001:000027dc       ?QueryInterface@?$CComContainedObject@VCOPOSSmartCardRW@@@ATL@@WHE@AGJABU_GUID@@PAPAX@Z 100037dc f i SmartCardRW.obj
 0001:000027e6       ?AddRef@?$CComContainedObject@VCOPOSSmartCardRW@@@ATL@@WHE@AGKXZ 100037e6 f i SmartCardRW.obj
 0001:000027f0       ?Release@?$CComContainedObject@VCOPOSSmartCardRW@@@ATL@@WHE@AGKXZ 100037f0 f i SmartCardRW.obj
 0001:000027fa       ?QueryInterface@?$CComContainedObject@VCOPOSSmartCardRW@@@ATL@@WHI@AGJABU_GUID@@PAPAX@Z 100037fa f i SmartCardRW.obj
 0001:00002804       ?AddRef@?$CComContainedObject@VCOPOSSmartCardRW@@@ATL@@WHI@AGKXZ 10003804 f i SmartCardRW.obj
 0001:0000280e       ?Release@?$CComContainedObject@VCOPOSSmartCardRW@@@ATL@@WHI@AGKXZ 1000380e f i SmartCardRW.obj
 0001:00002818       ?QueryInterface@?$CComContainedObject@VCOPOSSmartCardRW@@@ATL@@WHM@AGJABU_GUID@@PAPAX@Z 10003818 f i SmartCardRW.obj
 0001:00002822       ?AddRef@?$CComContainedObject@VCOPOSSmartCardRW@@@ATL@@WHM@AGKXZ 10003822 f i SmartCardRW.obj
 0001:0000282c       ?Release@?$CComContainedObject@VCOPOSSmartCardRW@@@ATL@@WHM@AGKXZ 1000382c f i SmartCardRW.obj
 0001:00002836       ?QueryInterface@?$CComContainedObject@VCOPOSSmartCardRW@@@ATL@@WIA@AGJABU_GUID@@PAPAX@Z 10003836 f i SmartCardRW.obj
 0001:00002843       ?AddRef@?$CComContainedObject@VCOPOSSmartCardRW@@@ATL@@WIA@AGKXZ 10003843 f i SmartCardRW.obj
 0001:00002850       ?Release@?$CComContainedObject@VCOPOSSmartCardRW@@@ATL@@WIA@AGKXZ 10003850 f i SmartCardRW.obj
 0001:0000285d       ?QueryInterface@?$CComContainedObject@VCOPOSSmartCardRW@@@ATL@@WIE@AGJABU_GUID@@PAPAX@Z 1000385d f i SmartCardRW.obj
 0001:0000286a       ?AddRef@?$CComContainedObject@VCOPOSSmartCardRW@@@ATL@@WIE@AGKXZ 1000386a f i SmartCardRW.obj
 0001:00002877       ?Release@?$CComContainedObject@VCOPOSSmartCardRW@@@ATL@@WIE@AGKXZ 10003877 f i SmartCardRW.obj
 0001:00002884       ?QueryInterface@?$CComContainedObject@VCOPOSSmartCardRW@@@ATL@@WII@AGJABU_GUID@@PAPAX@Z 10003884 f i SmartCardRW.obj
 0001:00002891       ?AddRef@?$CComContainedObject@VCOPOSSmartCardRW@@@ATL@@WII@AGKXZ 10003891 f i SmartCardRW.obj
 0001:0000289e       ?Release@?$CComContainedObject@VCOPOSSmartCardRW@@@ATL@@WII@AGKXZ 1000389e f i SmartCardRW.obj
 0001:000028ab       ?QueryInterface@?$CComContainedObject@VCOPOSSmartCardRW@@@ATL@@WIM@AGJABU_GUID@@PAPAX@Z 100038ab f i SmartCardRW.obj
 0001:000028b8       ?AddRef@?$CComContainedObject@VCOPOSSmartCardRW@@@ATL@@WIM@AGKXZ 100038b8 f i SmartCardRW.obj
 0001:000028c5       ?Release@?$CComContainedObject@VCOPOSSmartCardRW@@@ATL@@WIM@AGKXZ 100038c5 f i SmartCardRW.obj
 0001:000028d2       ?QueryInterface@?$CComContainedObject@VCOPOSSmartCardRW@@@ATL@@WJA@AGJABU_GUID@@PAPAX@Z 100038d2 f i SmartCardRW.obj
 0001:000028df       ?AddRef@?$CComContainedObject@VCOPOSSmartCardRW@@@ATL@@WJA@AGKXZ 100038df f i SmartCardRW.obj
 0001:000028ec       ?Release@?$CComContainedObject@VCOPOSSmartCardRW@@@ATL@@WJA@AGKXZ 100038ec f i SmartCardRW.obj
 0001:000028f9       ?QueryInterface@?$CComContainedObject@VCOPOSSmartCardRW@@@ATL@@WJE@AGJABU_GUID@@PAPAX@Z 100038f9 f i SmartCardRW.obj
 0001:00002906       ?AddRef@?$CComContainedObject@VCOPOSSmartCardRW@@@ATL@@WJE@AGKXZ 10003906 f i SmartCardRW.obj
 0001:00002913       ?Release@?$CComContainedObject@VCOPOSSmartCardRW@@@ATL@@WJE@AGKXZ 10003913 f i SmartCardRW.obj
 0001:00002920       ?QueryInterface@?$CComContainedObject@VCOPOSSmartCardRW@@@ATL@@WJI@AGJABU_GUID@@PAPAX@Z 10003920 f i SmartCardRW.obj
 0001:0000292d       ?AddRef@?$CComContainedObject@VCOPOSSmartCardRW@@@ATL@@WJI@AGKXZ 1000392d f i SmartCardRW.obj
 0001:0000293a       ?Release@?$CComContainedObject@VCOPOSSmartCardRW@@@ATL@@WJI@AGKXZ 1000393a f i SmartCardRW.obj
 0001:00002947       ?QueryInterface@?$CComContainedObject@VCOPOSSmartCardRW@@@ATL@@WJM@AGJABU_GUID@@PAPAX@Z 10003947 f i SmartCardRW.obj
 0001:00002954       ?AddRef@?$CComContainedObject@VCOPOSSmartCardRW@@@ATL@@WJM@AGKXZ 10003954 f i SmartCardRW.obj
 0001:00002961       ?Release@?$CComContainedObject@VCOPOSSmartCardRW@@@ATL@@WJM@AGKXZ 10003961 f i SmartCardRW.obj
 0001:0000296e       ?QueryInterface@?$CComContainedObject@VCOPOSSmartCardRW@@@ATL@@WKA@AGJABU_GUID@@PAPAX@Z 1000396e f i SmartCardRW.obj
 0001:0000297b       ?AddRef@?$CComContainedObject@VCOPOSSmartCardRW@@@ATL@@WKA@AGKXZ 1000397b f i SmartCardRW.obj
 0001:00002988       ?Release@?$CComContainedObject@VCOPOSSmartCardRW@@@ATL@@WKA@AGKXZ 10003988 f i SmartCardRW.obj
 0001:00002995       ?AddRef@?$CComContainedObject@VCOPOSSmartCardRW@@@ATL@@WKI@AGKXZ 10003995 f i SmartCardRW.obj
 0001:000029a2       ?Release@?$CComContainedObject@VCOPOSSmartCardRW@@@ATL@@WKI@AGKXZ 100039a2 f i SmartCardRW.obj
 0001:000029af       ?AddRef@?$CComContainedObject@VCOPOSSmartCardRW@@@ATL@@WLE@AGKXZ 100039af f i SmartCardRW.obj
 0001:000029bc       ?Release@?$CComContainedObject@VCOPOSSmartCardRW@@@ATL@@WLE@AGKXZ 100039bc f i SmartCardRW.obj
 0001:000029c9       ??$?4UITypeInfo2@@@?$CComPtr@UITypeInfo@@@ATL@@QAEPAUITypeInfo@@ABV?$CComPtr@UITypeInfo2@@@1@@Z 100039c9 f i SmartCardRW.obj
 0001:000029f6       ??$AtlAdd@K@ATL@@YAJPAKKK@Z 100039f6 f i SmartCardRW.obj
 0001:00002a19       ??$AtlAdd@_K@ATL@@YAJPA_K_K1@Z 10003a19 f i SmartCardRW.obj
 0001:00002a51       ??$AtlAddThrow@K@ATL@@YAKKK@Z 10003a51 f i SmartCardRW.obj
 0001:00002a77       ??$AtlModuleRegisterWndClassInfoT@VAtlModuleRegisterWndClassInfoParamW@ATL@@@ATL@@YAGPAU_ATL_BASE_MODULE70@0@PAU_ATL_WIN_MODULE70@0@PAU_ATL_WNDCLASSINFOW@0@PAP6GJPAUHWND__@@IIJ@ZVAtlModuleRegisterWndClassInfoParamW@0@@Z 10003a77 f i SmartCardRW.obj
 0001:00002bc5       ??$AtlMultiply@H@ATL@@YAJPAHHH@Z 10003bc5 f i SmartCardRW.obj
 0001:00002bfd       ??$AtlMultiply@K@ATL@@YAJPAKKK@Z 10003bfd f i SmartCardRW.obj
 0001:00002bfd       ??$AtlMultiply@I@ATL@@YAJPAIII@Z 10003bfd f i SmartCardRW.obj
 0001:00002c1f       ??$AtlMultiplyThrow@I@ATL@@YAIII@Z 10003c1f f i SmartCardRW.obj
 0001:00002c45       ??0?$CComAggObject@VCOPOSSmartCardRW@@@ATL@@QAE@PAX@Z 10003c45 f i SmartCardRW.obj
 0001:00002c72       ??0?$CComContainedObject@VCOPOSSmartCardRW@@@ATL@@QAE@PAX@Z 10003c72 f i SmartCardRW.obj
 0001:00002d2b       ??0?$CComObject@V?$CComEnum@UIEnumConnectionPoints@@$1?_GUID_b196b285_bab4_101a_b69c_00aa00341d07@@3U__s_GUID@@BPAUIConnectionPoint@@V?$_CopyInterface@UIConnectionPoint@@@ATL@@VCComSingleThreadModel@6@@ATL@@@ATL@@QAE@PAX@Z 10003d2b f i SmartCardRW.obj
 0001:00002d59       ??0?$CComObject@V?$CComEnum@UIEnumConnections@@$1?_GUID_b196b287_bab4_101a_b69c_00aa00341d07@@3U__s_GUID@@BUtagCONNECTDATA@@V?$_Copy@UtagCONNECTDATA@@@ATL@@VCComSingleThreadModel@6@@ATL@@@ATL@@QAE@PAX@Z 10003d59 f i SmartCardRW.obj
 0001:00002d87       ??0?$CComObject@VCOPOSSmartCardRW@@@ATL@@QAE@PAX@Z 10003d87 f i SmartCardRW.obj
 0001:00002e3e       ??0?$CComQIPtr@UIOleControlSite@@$1?_GUID_b196b289_bab4_101a_b69c_00aa00341d07@@3U__s_GUID@@B@ATL@@QAE@PAUIUnknown@@@Z 10003e3e f i SmartCardRW.obj
 0001:00002e67       ??0CAtlModule@ATL@@QAE@XZ  10003e67 f i SmartCardRW.obj
 0001:00002ea8       ??0CParseBuffer@CRegParser@ATL@@QAE@H@Z 10003ea8 f i SmartCardRW.obj
 0001:00002ede       ??0_ATL_MSG@ATL@@QAE@PAUHWND__@@IIJH@Z 10003ede f i SmartCardRW.obj
 0001:00002f16       ??1?$CComAggObject@VCOPOSSmartCardRW@@@ATL@@UAE@XZ 10003f16 f i SmartCardRW.obj
 0001:00002f3a       ??1?$CComEnumImpl@UIEnumConnectionPoints@@$1?_GUID_b196b285_bab4_101a_b69c_00aa00341d07@@3U__s_GUID@@BPAUIConnectionPoint@@V?$_CopyInterface@UIConnectionPoint@@@ATL@@@ATL@@UAE@XZ 10003f3a f i SmartCardRW.obj
 0001:00002f7a       ??1?$CComEnumImpl@UIEnumConnections@@$1?_GUID_b196b287_bab4_101a_b69c_00aa00341d07@@3U__s_GUID@@BUtagCONNECTDATA@@V?$_Copy@UtagCONNECTDATA@@@ATL@@@ATL@@UAE@XZ 10003f7a f i SmartCardRW.obj
 0001:00002fba       ??1?$CComObject@V?$CComEnum@UIEnumConnectionPoints@@$1?_GUID_b196b285_bab4_101a_b69c_00aa00341d07@@3U__s_GUID@@BPAUIConnectionPoint@@V?$_CopyInterface@UIConnectionPoint@@@ATL@@VCComSingleThreadModel@6@@ATL@@@ATL@@UAE@XZ 10003fba f i SmartCardRW.obj
 0001:00002fdd       ??1?$CComObject@V?$CComEnum@UIEnumConnections@@$1?_GUID_b196b287_bab4_101a_b69c_00aa00341d07@@3U__s_GUID@@BUtagCONNECTDATA@@V?$_Copy@UtagCONNECTDATA@@@ATL@@VCComSingleThreadModel@6@@ATL@@@ATL@@UAE@XZ 10003fdd f i SmartCardRW.obj
 0001:00003000       ??1?$CComObject@VCOPOSSmartCardRW@@@ATL@@UAE@XZ 10004000 f i SmartCardRW.obj
 0001:000030be       ??1?$CComObjectCached@VCComClassFactory@ATL@@@ATL@@UAE@XZ 100040be f i SmartCardRW.obj
 0001:000030d4       ??1?$CComObjectRootEx@VCComMultiThreadModel@ATL@@@ATL@@QAE@XZ 100040d4 f i SmartCardRW.obj
 0001:000030e9       ??1CRegObject@ATL@@UAE@XZ  100040e9 f i SmartCardRW.obj
 0001:00003109       ??4?$CComPtr@UIOleClientSite@@@ATL@@QAEPAUIOleClientSite@@PAU2@@Z 10004109 f i SmartCardRW.obj
 0001:00003109       ??4?$CComPtr@UIAdviseSink@@@ATL@@QAEPAUIAdviseSink@@PAU2@@Z 10004109 f i SmartCardRW.obj
 0001:00003109       ??4?$CComPtr@UIUnknown@@@ATL@@QAEPAUIUnknown@@PAU2@@Z 10004109 f i SmartCardRW.obj
 0001:0000313d       ??_E?$CComContainedObject@VCOPOSSmartCardRW@@@ATL@@UAEPAXI@Z 1000413d f i SmartCardRW.obj
 0001:0000313d       ??_G?$CComContainedObject@VCOPOSSmartCardRW@@@ATL@@UAEPAXI@Z 1000413d f i SmartCardRW.obj
 0001:00003162       ??_E?$CComObject@VCOPOSSmartCardRW@@@ATL@@UAEPAXI@Z 10004162 f i SmartCardRW.obj
 0001:00003162       ??_G?$CComObject@VCOPOSSmartCardRW@@@ATL@@UAEPAXI@Z 10004162 f i SmartCardRW.obj
 0001:00003187       ?Add@?$CSimpleArray@GV?$CSimpleArrayEqualHelper@G@ATL@@@ATL@@QAEHABG@Z 10004187 f i SmartCardRW.obj
 0001:0000320b       ?Add@?$CSimpleMap@PA_WPA_WVCExpansionVectorEqualHelper@ATL@@@ATL@@QAEHABQA_W0@Z 1000420b f i SmartCardRW.obj
 0001:00003260       ?Add@CComDynamicUnkArray@ATL@@QAEKPAUIUnknown@@@Z 10004260 f i SmartCardRW.obj
 0001:00003316       ?Add@CExpansionVector@ATL@@QAEHPB_W0@Z 10004316 f i SmartCardRW.obj
 0001:0000341f       ?AddString@CParseBuffer@CRegParser@ATL@@QAEHPB_W@Z 1000441f f i SmartCardRW.obj
 0001:00003454       ?AddTermFunc@CAtlModule@ATL@@QAEJP6GXK@ZK@Z 10004454 f i SmartCardRW.obj
 0001:000034b7       ?AddValue@CRegParser@ATL@@IAEJAAVCRegKey@2@PB_WPA_W@Z 100044b7 f i SmartCardRW.obj
 0001:000037d1       ?Allocate@?$CAtlSafeAllocBufferManager@VCCRTAllocator@ATL@@@_ATL_SAFE_ALLOCA_IMPL@ATL@@QAEPAXK@Z 100047d1 f i SmartCardRW.obj
 0001:000037fe       ?Allocate@?$CTempBuffer@E$0BAA@VCCRTAllocator@ATL@@@ATL@@QAEPAEI@Z 100047fe f i SmartCardRW.obj
 0001:0000382d       ?Allocate@?$CTempBuffer@_W$0BAA@VCCRTAllocator@ATL@@@ATL@@QAEPA_WI@Z 1000482d f i SmartCardRW.obj
 0001:0000385c       ?Allocate@?$CTempBuffer@_W$0EAA@VCCRTAllocator@ATL@@@ATL@@QAEPA_WI@Z 1000485c f i SmartCardRW.obj
 0001:0000388b       ?AllocateHeap@?$CTempBuffer@_W$0EAA@VCCRTAllocator@ATL@@@ATL@@AAEXI@Z 1000488b f i SmartCardRW.obj
 0001:0000388b       ?AllocateHeap@?$CTempBuffer@_W$0BAA@VCCRTAllocator@ATL@@@ATL@@AAEXI@Z 1000488b f i SmartCardRW.obj
 0001:0000388b       ?AllocateHeap@?$CTempBuffer@E$0BAA@VCCRTAllocator@ATL@@@ATL@@AAEXI@Z 1000488b f i SmartCardRW.obj
 0001:000038b0       ?Append@CParseBuffer@CRegParser@ATL@@QAEHPB_WH@Z 100048b0 f i SmartCardRW.obj
 0001:0000393e       ?AtlCoTaskMemCAlloc@ATL@@YAPAXKK@Z 1000493e f i SmartCardRW.obj
 0001:0000396b       ?AtlCoTaskMemRecalloc@ATL@@YAPAXPAXKK@Z 1000496b f i SmartCardRW.obj
 0001:0000399b       ?AtlComModuleGetClassObject@ATL@@YGJPAU_ATL_COM_MODULE70@1@ABU_GUID@@1PAPAX@Z 1000499b f i SmartCardRW.obj
 0001:00003a8e       ?AtlComModuleRegisterServer@ATL@@YGJPAU_ATL_COM_MODULE70@1@HPBU_GUID@@@Z 10004a8e f i SmartCardRW.obj
 0001:00003b16       ?AtlComModuleUnregisterServer@ATL@@YGJPAU_ATL_COM_MODULE70@1@HPBU_GUID@@@Z 10004b16 f i SmartCardRW.obj
 0001:00003b9e       ?AtlComQIPtrAssign2@ATL@@YAXPAPAUIUnknown@@PAU2@ABU_GUID@@@Z 10004b9e f i SmartCardRW.obj
 0001:00003bcd       ?AtlCreateTargetDC@ATL@@YGPAUHDC__@@PAU2@PAUtagDVTARGETDEVICE@@@Z 10004bcd f i SmartCardRW.obj
 0001:00003c36       ?AtlCrtErrorCheck@ATL@@YAHH@Z 10004c36 f i SmartCardRW.obj
 0001:00003c71       ?AtlHiMetricToPixel@ATL@@YGXPBUtagSIZE@@PAU2@@Z 10004c71 f i SmartCardRW.obj
 0001:00003ce6       ?AtlHresultFromLastError@ATL@@YAJXZ 10004ce6 f i SmartCardRW.obj
 0001:00003cfd       ?AtlHresultFromWin32@ATL@@YAJK@Z 10004cfd f i SmartCardRW.obj
 0001:00003d12       ?AtlInternalOleLoadFromStream@ATL@@YAJPAUIStream@@ABU_GUID@@PAPAXTClassesAllowedInStream@1@K@Z 10004d12 f i SmartCardRW.obj
 0001:00003e38       ?AtlInternalQueryInterface@ATL@@YGJPAXPBU_ATL_INTMAP_ENTRY@1@ABU_GUID@@PAPAX@Z 10004e38 f i SmartCardRW.obj
 0001:00003edb       ?AtlLoadTypeLib@ATL@@YGJPAUHINSTANCE__@@PB_WPAPA_WPAPAUITypeLib@@@Z 10004edb f i SmartCardRW.obj
 0001:000040b9       ?AtlRegisterClassCategoriesHelper@ATL@@YGJABU_GUID@@PBU_ATL_CATMAP_ENTRY@1@H@Z 100050b9 f i SmartCardRW.obj
 0001:000043b5       ?AtlRegisterTypeLib@ATL@@YGJPAUHINSTANCE__@@PB_W@Z 100053b5 f i SmartCardRW.obj
 0001:0000453d       ?AtlThrowImpl@ATL@@YGXJ@Z  1000553d f i SmartCardRW.obj
 0001:0000455b       ?AtlUnRegisterTypeLib@ATL@@YGJPAUHINSTANCE__@@PB_W@Z 1000555b f i SmartCardRW.obj
 0001:00004606       ?AtlWinModuleAddCreateWndData@ATL@@YGXPAU_ATL_WIN_MODULE70@1@PAU_AtlCreateWndData@1@PAX@Z 10005606 f i SmartCardRW.obj
 0001:0000465a       ?AtlWinModuleExtractCreateWndData@ATL@@YGPAXPAU_ATL_WIN_MODULE70@1@@Z 1000565a f i SmartCardRW.obj
 0001:000046bd       ?AtlWinModuleRegisterClassExW@ATL@@YGGPAU_ATL_WIN_MODULE70@1@PBUtagWNDCLASSEXW@@@Z 100056bd f i SmartCardRW.obj
 0001:000046fc       ?CanForceRemoveKey@CRegParser@ATL@@IAEHPB_W@Z 100056fc f i SmartCardRW.obj
 0001:0000472b       ?ChToByte@CRegParser@ATL@@KAE_W@Z 1000572b f i SmartCardRW.obj
 0001:0000475e       ?Cleanup@CComTypeInfoHolder@ATL@@SGXK@Z 1000575e f i SmartCardRW.obj
 0001:00004791       ?ClearReplacements@CExpansionVector@ATL@@QAEJXZ 10005791 f i SmartCardRW.obj
 0001:000047ce       ?Close@CRegKey@ATL@@QAEJXZ 100057ce f i SmartCardRW.obj
 0001:000047e8       ?CreateInstance@?$CComCreator@V?$CComAggObject@VCOPOSSmartCardRW@@@ATL@@@ATL@@SGJPAXABU_GUID@@PAPAX@Z 100057e8 f i SmartCardRW.obj
 0001:0000485e       ?CreateInstance@?$CComCreator@V?$CComObject@VCOPOSSmartCardRW@@@ATL@@@ATL@@SGJPAXABU_GUID@@PAPAX@Z 1000585e f i SmartCardRW.obj
 0001:000048df       ?CreateInstance@?$CComObject@V?$CComEnum@UIEnumConnectionPoints@@$1?_GUID_b196b285_bab4_101a_b69c_00aa00341d07@@3U__s_GUID@@BPAUIConnectionPoint@@V?$_CopyInterface@UIConnectionPoint@@@ATL@@VCComSingleThreadModel@6@@ATL@@@ATL@@SGJPAPAV12@@Z 100058df f i SmartCardRW.obj
 0001:00004926       ?CreateInstance@?$CComObject@V?$CComEnum@UIEnumConnections@@$1?_GUID_b196b287_bab4_101a_b69c_00aa00341d07@@3U__s_GUID@@BUtagCONNECTDATA@@V?$_Copy@UtagCONNECTDATA@@@ATL@@VCComSingleThreadModel@6@@ATL@@@ATL@@SGJPAPAV12@@Z 10005926 f i SmartCardRW.obj
 0001:0000496d       ?DefaultReflectionHandler@?$CWindowImplRoot@VCWindow@ATL@@@ATL@@SAHPAUHWND__@@IIJAAJ@Z 1000596d f i SmartCardRW.obj
 0001:000049e0       ?DeleteSubKey@CRegKey@ATL@@QAEJPB_W@Z 100059e0 f i SmartCardRW.obj
 0001:00004a59       ?DoEvent@COPOSSmartCardRW@@IAEXIIJ@Z 10005a59 f i SmartCardRW.obj
 0001:00004ad9       ?DoVerbHide@?$IOleObjectImpl@VCOPOSSmartCardRW@@@ATL@@QAEJPBUtagRECT@@PAUHWND__@@@Z 10005ad9 f i SmartCardRW.obj
 0001:00004b0f       ?DoVerbInPlaceActivate@?$IOleObjectImpl@VCOPOSSmartCardRW@@@ATL@@QAEJPBUtagRECT@@PAUHWND__@@@Z 10005b0f f i SmartCardRW.obj
 0001:00004b42       ?DoVerbPrimary@?$IOleObjectImpl@VCOPOSSmartCardRW@@@ATL@@QAEJPBUtagRECT@@PAUHWND__@@@Z 10005b42 f i SmartCardRW.obj
 0001:00004bce       ?DoVerbProperties@CComControlBase@ATL@@QAEJPBUtagRECT@@PAUHWND__@@@Z 10005bce f i SmartCardRW.obj
 0001:00004d4d       ?DoVerbUIActivate@?$IOleObjectImpl@VCOPOSSmartCardRW@@@ATL@@QAEJPBUtagRECT@@PAUHWND__@@@Z 10005d4d f i SmartCardRW.obj
 0001:00004d8a       ?DoesVerbActivate@CComControlBase@ATL@@QAEHJ@Z 10005d8a f i SmartCardRW.obj
 0001:00004dab       ?DoesVerbUIActivate@CComControlBase@ATL@@QAEHJ@Z 10005dab f i SmartCardRW.obj
 0001:00004de0       ?EndOfVar@CRegParser@ATL@@IAEHXZ 10005de0 f i SmartCardRW.obj
 0001:00004e00       ?EscapeSingleQuote@CAtlModule@ATL@@SAXPA_WIPB_W@Z 10005e00 f i SmartCardRW.obj
 0001:00004e4f       ?FindKey@?$CSimpleMap@PA_WPA_WVCExpansionVectorEqualHelper@ATL@@@ATL@@QBEHABQA_W@Z 10005e4f f i SmartCardRW.obj
 0001:00004e86       ?FireTheEvent@?$CProxy_IOPOSEvents@VCOPOSSmartCardRW@@@@IAEXPAVOposVariant@@IAAJPB_WJ@Z 10005e86 f i SmartCardRW.obj
 0001:00004f18       ?FireViewChange@CComControlBase@ATL@@QAEJXZ 10005f18 f i SmartCardRW.obj
 0001:00004f61       ?Fire_DataEvent@?$CProxy_IOPOSEvents@VCOPOSSmartCardRW@@@@QAEXJ@Z 10005f61 f i SmartCardRW.obj
 0001:00004ff4       ?Fire_DirectIOEvent@?$CProxy_IOPOSEvents@VCOPOSSmartCardRW@@@@QAEXJPAJPAPA_W@Z 10005ff4 f i SmartCardRW.obj
 0001:000050dd       ?Fire_ErrorEvent@?$CProxy_IOPOSEvents@VCOPOSSmartCardRW@@@@QAEXJJJPAJ@Z 100060dd f i SmartCardRW.obj
 0001:000051c7       ?Fire_OutputCompleteEvent@?$CProxy_IOPOSEvents@VCOPOSSmartCardRW@@@@QAEXJ@Z 100061c7 f i SmartCardRW.obj
 0001:0000525a       ?Fire_StatusUpdateEvent@?$CProxy_IOPOSEvents@VCOPOSSmartCardRW@@@@QAEXJ@Z 1000625a f i SmartCardRW.obj
 0001:000052ed       ?FreeHeap@?$CTempBuffer@_W$0BAA@VCCRTAllocator@ATL@@@ATL@@AAEXXZ 100062ed f i SmartCardRW.obj
 0001:000052ed       ?FreeHeap@?$CTempBuffer@_W$0EAA@VCCRTAllocator@ATL@@@ATL@@AAEXXZ 100062ed f i SmartCardRW.obj
 0001:000052ed       ?FreeHeap@?$CTempBuffer@E$0BAA@VCCRTAllocator@ATL@@@ATL@@AAEXXZ 100062ed f i SmartCardRW.obj
 0001:000052f6       ?GetAmbientLocaleID@CComControlBase@ATL@@QAEJAAK@Z 100062f6 f i SmartCardRW.obj
 0001:00005352       ?GetAmbientUserMode@CComControlBase@ATL@@QAEJAAH@Z 10006352 f i SmartCardRW.obj
 0001:000053c2       ?GetAt@CComDynamicUnkArray@ATL@@QAEPAUIUnknown@@H@Z 100063c2 f i SmartCardRW.obj
 0001:000053de       ?GetClassObject@CComModule@ATL@@QAEJABU_GUID@@0PAPAX@Z 100063de f i SmartCardRW.obj
 0001:00005480       ?GetConnMap@COPOSSmartCardRW@@SAPBU_ATL_CONNMAP_ENTRY@ATL@@PAH@Z 10006480 f i SmartCardRW.obj
 0001:000054f0       ?GetCookie@CComDynamicUnkArray@ATL@@QAGKPAPAUIUnknown@@@Z 100064f0 f i SmartCardRW.obj
 0001:00005528       ?GetIDsOfNames@CComTypeInfoHolder@ATL@@QAEJABU_GUID@@PAPA_WIKPAJ@Z 10006528 f i SmartCardRW.obj
 0001:0000564f       ?GetKeyAt@?$CSimpleMap@PA_WPA_WVCExpansionVectorEqualHelper@ATL@@@ATL@@QBEAAPA_WH@Z 1000664f f i SmartCardRW.obj
 0001:00005674       ?GetPagesHelper@?$ISpecifyPropertyPagesImpl@VCOPOSSmartCardRW@@@ATL@@IAEJPAUtagCAUUID@@PBUATL_PROPMAP_ENTRY@2@@Z 10006674 f i SmartCardRW.obj
 0001:0000579b       ?GetProperty@?$CComPtr@UIDispatch@@@ATL@@SAJPAUIDispatch@@JPAUtagVARIANT@@@Z 1000679b f i SmartCardRW.obj
 0001:000057ea       ?GetSizeMax@CComVariant@ATL@@QBEJPAT_ULARGE_INTEGER@@@Z 100067ea f i SmartCardRW.obj
 0001:000059b0       ?GetTI@CComTypeInfoHolder@ATL@@QAEJK@Z 100069b0 f i SmartCardRW.obj
 0001:00005b8f       ?GetTI@CComTypeInfoHolder@ATL@@QAEJKPAPAUITypeInfo@@@Z 10006b8f f i SmartCardRW.obj
 0001:00005bd1       ?GetUnknown@CComDynamicUnkArray@ATL@@QAGPAUIUnknown@@K@Z 10006bd1 f i SmartCardRW.obj
 0001:00005bf2       ?GetValueAt@?$CSimpleMap@PA_WPA_WVCExpansionVectorEqualHelper@ATL@@@ATL@@QBEAAPA_WH@Z 10006bf2 f i SmartCardRW.obj
 0001:00005c18       ?GetZoomInfo@CComControlBase@ATL@@QAEXAAUATL_DRAWINFO@@@Z 10006c18 f i SmartCardRW.obj
 0001:00005cab       ?HKeyFromString@CRegParser@ATL@@KAPAUHKEY__@@PA_W@Z 10006cab f i SmartCardRW.obj
 0001:00005cd9       ?HasSubKeys@CRegParser@ATL@@IAEHPAUHKEY__@@@Z 10006cd9 f i SmartCardRW.obj
 0001:00005d0e       ?IDataObject_GetData@CComControlBase@ATL@@QAEJPAUtagFORMATETC@@PAUtagSTGMEDIUM@@@Z 10006d0e f i SmartCardRW.obj
 0001:00005eb4       ?IOleInPlaceObject_InPlaceDeactivate@CComControlBase@ATL@@QAEJXZ 10006eb4 f i SmartCardRW.obj
 0001:00005f3b       ?IOleInPlaceObject_SetObjectRects@CComControlBase@ATL@@QAEJPBUtagRECT@@0@Z 10006f3b f i SmartCardRW.obj
 0001:00006008       ?IOleInPlaceObject_UIDeactivate@CComControlBase@ATL@@QAEJXZ 10007008 f i SmartCardRW.obj
 0001:000060ca       ?IOleObject_Advise@CComControlBase@ATL@@QAEJPAUIAdviseSink@@PAK@Z 100070ca f i SmartCardRW.obj
 0001:000060f4       ?IOleObject_Close@CComControlBase@ATL@@QAEJK@Z 100070f4 f i SmartCardRW.obj
 0001:000061d8       ?IOleObject_GetClientSite@CComControlBase@ATL@@QAEJPAPAUIOleClientSite@@@Z 100071d8 f i SmartCardRW.obj
 0001:00006201       ?IOleObject_SetClientSite@CComControlBase@ATL@@QAEJPAUIOleClientSite@@@Z 10007201 f i SmartCardRW.obj
 0001:00006240       ?IOleObject_SetExtent@CComControlBase@ATL@@QAEJKPAUtagSIZE@@@Z 10007240 f i SmartCardRW.obj
 0001:000062f4       ?IPSI_GetIPersistStreamInit@?$IPersistStorageImpl@VCOPOSSmartCardRW@@@ATL@@AAEPAUIPersistStreamInit@@XZ 100072f4 f i SmartCardRW.obj
 0001:0000639c       ?IPersistStreamInit_Load@?$IPersistStreamInitImpl@VCOPOSSmartCardRW@@@ATL@@QAEJPAUIStream@@PBUATL_PROPMAP_ENTRY@2@@Z 1000739c f i SmartCardRW.obj
 0001:00006618       ?IPersistStreamInit_Save@?$IPersistStreamInitImpl@VCOPOSSmartCardRW@@@ATL@@QAEJPAUIStream@@HPBUATL_PROPMAP_ENTRY@2@@Z 10007618 f i SmartCardRW.obj
 0001:00006806       ?IQuickActivate_QuickActivate@CComControlBase@ATL@@QAEJPAUtagQACONTAINER@@PAUtagQACONTROL@@@Z 10007806 f i SmartCardRW.obj
 0001:00006a48       ?IViewObject_Draw@CComControlBase@ATL@@QAEJKJPAXPAUtagDVTARGETDEVICE@@PAUHDC__@@2PBU_RECTL@@3@Z 10007a48 f i SmartCardRW.obj
 0001:00006af0       ?InPlaceActivate@CComControlBase@ATL@@QAEJJPBUtagRECT@@@Z 10007af0 f i SmartCardRW.obj
 0001:00006d61       ?Init@?$CComEnumImpl@UIEnumConnectionPoints@@$1?_GUID_b196b285_bab4_101a_b69c_00aa00341d07@@3U__s_GUID@@BPAUIConnectionPoint@@V?$_CopyInterface@UIConnectionPoint@@@ATL@@@ATL@@QAEJPAPAUIConnectionPoint@@0PAUIUnknown@@W4CComEnumFlags@2@@Z 10007d61 f i SmartCardRW.obj
 0001:00006e40       ?Init@?$CComEnumImpl@UIEnumConnections@@$1?_GUID_b196b287_bab4_101a_b69c_00aa00341d07@@3U__s_GUID@@BUtagCONNECTDATA@@V?$_Copy@UtagCONNECTDATA@@@ATL@@@ATL@@QAEJPAUtagCONNECTDATA@@0PAUIUnknown@@W4CComEnumFlags@2@@Z 10007e40 f i SmartCardRW.obj
 0001:00006f1f       ?Init@CComModule@ATL@@QAEJPAU_ATL_OBJMAP_ENTRY30@2@PAUHINSTANCE__@@PBU_GUID@@@Z 10007f1f f i SmartCardRW.obj
 0001:00006f7e       ?Init@CDynamicStdCallThunk2@ATL@@QAEHKPAX@Z 10007f7e f i SmartCardRW.obj
 0001:00006fa9       ?InlineIsEqualUnknown@ATL@@YGHABU_GUID@@@Z 10007fa9 f i SmartCardRW.obj
 0001:00006fd1       ?InternalSetAtIndex@?$CSimpleMap@PA_WPA_WVCExpansionVectorEqualHelper@ATL@@@ATL@@QAEXHABQA_W0@Z 10007fd1 f i SmartCardRW.obj
 0001:00006ffb       ?Invoke@CComTypeInfoHolder@ATL@@QAEJPAUIDispatch@@JABU_GUID@@KGPAUtagDISPPARAMS@@PAUtagVARIANT@@PAUtagEXCEPINFO@@PAI@Z 10007ffb f i SmartCardRW.obj
 0001:0000703e       ?IsEqualObject@?$CComPtrBase@UITypeInfo@@@ATL@@QAE_NPAUIUnknown@@@Z 1000803e f i SmartCardRW.obj
 0001:0000703e       ?IsEqualObject@?$CComPtrBase@UIOleClientSite@@@ATL@@QAE_NPAUIUnknown@@@Z 1000803e f i SmartCardRW.obj
 0001:000070ab       ?IsSpace@CRegParser@ATL@@IAEH_W@Z 100080ab f i SmartCardRW.obj
 0001:000070d5       ?LoadNameCache@CComTypeInfoHolder@ATL@@QAEJPAUITypeInfo@@@Z 100080d5 f i SmartCardRW.obj
 0001:00007221       ?Lookup@?$CSimpleMap@PA_WPA_WVCExpansionVectorEqualHelper@ATL@@@ATL@@QBEPA_WABQA_W@Z 10008221 f i SmartCardRW.obj
 0001:00007247       ?NextToken@CRegParser@ATL@@IAEJPA_W@Z 10008247 f i SmartCardRW.obj
 0001:0000737f       ?OnKillFocus@CComControlBase@ATL@@QAEJIIJAAH@Z 1000837f f i SmartCardRW.obj
 0001:000073da       ?OnMouseActivate@CComControlBase@ATL@@QAEJIIJAAH@Z 100083da f i SmartCardRW.obj
 0001:00007448       ?OnPaint@CComControlBase@ATL@@QAEJIIJAAH@Z 10008448 f i SmartCardRW.obj
 0001:000074fa       ?OnSetFocus@CComControlBase@ATL@@QAEJIIJAAH@Z 100084fa f i SmartCardRW.obj
 0001:00007583       ?Open@CRegKey@ATL@@QAEJPAUHKEY__@@PB_WK@Z 10008583 f i SmartCardRW.obj
 0001:000075d8       ?PreProcessBuffer@CRegParser@ATL@@QAEJPA_WPAPA_W@Z 100085d8 f i SmartCardRW.obj
 0001:00007842       ?ProcessWindowMessage@?$CComControl@VCOPOSSmartCardRW@@V?$CWindowImpl@VCOPOSSmartCardRW@@VCWindow@ATL@@V?$CWinTraits@$0FGAAAAAA@$0A@@3@@ATL@@@ATL@@UAEHPAUHWND__@@IIJAAJK@Z 10008842 f i SmartCardRW.obj
 0001:000078e1       ?ReadFromStream@CComBSTR@ATL@@QAEJPAUIStream@@@Z 100088e1 f i SmartCardRW.obj
 0001:00007a0f       ?ReadFromStream@CComVariant@ATL@@QAEJPAUIStream@@GTClassesAllowedInStream@2@K@Z 10008a0f f i SmartCardRW.obj
 0001:00007b95       ?RecurseDeleteKey@CRegKey@ATL@@QAEJPB_W@Z 10008b95 f i SmartCardRW.obj
 0001:00007c83       ?RegCreateKeyExW@CAtlTransactionManager@ATL@@QAEJPAUHKEY__@@PB_WKPA_WKKQAU_SECURITY_ATTRIBUTES@@PAPAU3@PAK@Z 10008c83 f i SmartCardRW.obj
 0001:00007ce6       ?RegDeleteKeyW@CAtlTransactionManager@ATL@@QAEJPAUHKEY__@@PB_W@Z 10008ce6 f i SmartCardRW.obj
 0001:00007d38       ?RegOpenKeyExW@CAtlTransactionManager@ATL@@QAEJPAUHKEY__@@PB_WKKPAPAU3@@Z 10008d38 f i SmartCardRW.obj
 0001:00007d8f       ?Register@_ATL_WNDCLASSINFOW@ATL@@QAEGPAP6GJPAUHWND__@@IIJ@Z@Z 10008d8f f i SmartCardRW.obj
 0001:00007daf       ?RegisterBuffer@CRegParser@ATL@@QAEJPA_WH@Z 10008daf f i SmartCardRW.obj
 0001:00007ee8       ?RegisterFromResource@CRegObject@ATL@@IAEJPB_W00H@Z 10008ee8 f i SmartCardRW.obj
 0001:0000801e       ?RegisterServer@?$CAtlModuleT@VCComModule@ATL@@@ATL@@QAEJHPBU_GUID@@@Z 1000901e f i SmartCardRW.obj
 0001:0000804c       ?RegisterServer@CComModule@ATL@@QAEJHPBU_GUID@@@Z 1000904c f i SmartCardRW.obj
 0001:000080c2       ?RegisterSubkeys@CRegParser@ATL@@IAEJPA_WPAUHKEY__@@HH@Z 100090c2 f i SmartCardRW.obj
 0001:00008769       ?Remove@CComDynamicUnkArray@ATL@@QAEHK@Z 10009769 f i SmartCardRW.obj
 0001:00008792       ?RemoveAll@?$CSimpleMap@PA_WPA_WVCExpansionVectorEqualHelper@ATL@@@ATL@@QAEXXZ 10009792 f i SmartCardRW.obj
 0001:000087be       ?ResourceRegisterSz@CRegObject@ATL@@QAGJPB_W00@Z 100097be f i SmartCardRW.obj
 0001:000087eb       ?ResourceUnregisterSz@CRegObject@ATL@@QAGJPB_W00@Z 100097eb f i SmartCardRW.obj
 0001:00008818       ?SendOnDataChange@CComControlBase@ATL@@QAEJK@Z 10009818 f i SmartCardRW.obj
 0001:00008865       ?SetControlFocus@CComControlBase@ATL@@QAEHH@Z 10009865 f i SmartCardRW.obj
 0001:00008902       ?SetMultiStringValue@CRegKey@ATL@@QAEJPB_W0@Z 10009902 f i SmartCardRW.obj
 0001:0000895e       ?SetStringValue@CRegKey@ATL@@QAEJPB_W0K@Z 1000995e f i SmartCardRW.obj
 0001:000089a7       ?SkipAssignment@CRegParser@ATL@@IAEJPA_W@Z 100099a7 f i SmartCardRW.obj
 0001:00008a0c       ?SkipWhiteSpace@CRegParser@ATL@@IAEXXZ 10009a0c f i SmartCardRW.obj
 0001:00008a2e       ?StrChrW@CRegParser@ATL@@KAPA_WPA_W_W@Z 10009a2e f i SmartCardRW.obj
 0001:00008a6b       ?Term@CAtlModule@ATL@@QAEXXZ 10009a6b f i SmartCardRW.obj
 0001:00008abe       ?Term@CComModule@ATL@@QAEXXZ 10009abe f i SmartCardRW.obj
 0001:00008b16       ?UnregisterServer@?$CAtlModuleT@VCComModule@ATL@@@ATL@@QAEJHPBU_GUID@@@Z 10009b16 f i SmartCardRW.obj
 0001:00008b3c       ?UnregisterServer@CComModule@ATL@@QAEJHPBU_GUID@@@Z 10009b3c f i SmartCardRW.obj
 0001:00008bb2       ?UpdateRegistryFromResource@CAtlModule@ATL@@QAGJIHPAU_ATL_REGMAP_ENTRY@2@@Z 10009bb2 f i SmartCardRW.obj
 0001:00008d7d       ?UpdateRegistryFromResource@CAtlModule@ATL@@QAGJPB_WHPAU_ATL_REGMAP_ENTRY@2@@Z 10009d7d f i SmartCardRW.obj
 0001:00008f4e       ?VTFromRegType@CRegParser@ATL@@KAHPB_WAAG@Z 10009f4e f i SmartCardRW.obj
 0001:00008fbb       ?WindowProc@?$CWindowImplBaseT@VCWindow@ATL@@V?$CWinTraits@$0FGAAAAAA@$0A@@2@@ATL@@SGJPAUHWND__@@IIJ@Z 10009fbb f i SmartCardRW.obj
 0001:000090ad       ?WriteToStream@CComBSTR@ATL@@QAEJPAUIStream@@@Z 1000a0ad f i SmartCardRW.obj
 0001:0000910f       ?WriteToStream@CComVariant@ATL@@QAEJPAUIStream@@@Z 1000a10f f i SmartCardRW.obj
 0001:00009289       ?WriteToStream@CComVariant@ATL@@QAEJPAUIStream@@G@Z 1000a289 f i SmartCardRW.obj
 0001:000092f2       ?_AtlInitialConstruct@?$CComObjectRootEx@VCComMultiThreadModel@ATL@@@ATL@@QAEJXZ 1000a2f2 f i SmartCardRW.obj
 0001:00009307       ?_AtlVerifyStackAvailable@_ATL_SAFE_ALLOCA_IMPL@ATL@@YA_NK@Z 1000a307 f i SmartCardRW.obj
 0001:00009385       ?atlCreate@?$CWindowImpl@VCOPOSSmartCardRW@@VCWindow@ATL@@V?$CWinTraits@$0FGAAAAAA@$0A@@3@@ATL@@QAEPAUHWND__@@PAU3@V_U_RECT@2@PB_WKKV_U_MENUorID@2@PAX@Z 1000a385 f i SmartCardRW.obj
 0001:000093c9       ?atlCreate@?$CWindowImplBaseT@VCWindow@ATL@@V?$CWinTraits@$0FGAAAAAA@$0A@@2@@ATL@@QAEPAUHWND__@@PAU3@V_U_RECT@2@PB_WKKV_U_MENUorID@2@GPAX@Z 1000a3c9 f i SmartCardRW.obj
 0001:00009465       ?copy@?$_Copy@UtagCONNECTDATA@@@ATL@@SAJPAUtagCONNECTDATA@@PBU3@@Z 1000a465 f i SmartCardRW.obj
 0001:0000949b       ?copy@?$_CopyInterface@UIConnectionPoint@@@ATL@@SAJPAPAUIConnectionPoint@@PBQAU3@@Z 1000a49b f i SmartCardRW.obj
 0001:000094c9       ?memcpy_s@Checked@ATL@@YAXPAXIPBXI@Z 1000a4c9 f i SmartCardRW.obj
 0001:000094e8       ?ocscpy_s@@YA_NPA_WIPB_W@Z 1000a4e8 f i SmartCardRW.obj
 0001:00009532       ?wcscpy_s@Checked@ATL@@YAXPA_WIPB_W@Z 1000a532 f i SmartCardRW.obj
 0001:0000954e       _DllCanUnloadNow@0         1000a54e f   SmartCardRW.obj
 0001:0000955a       _DllGetClassObject@12      1000a55a f   SmartCardRW.obj
 0001:00009568       _DllMain@12                1000a568 f   SmartCardRW.obj
 0001:000095aa       _DllRegisterServer@0       1000a5aa f   SmartCardRW.obj
 0001:000095b9       _DllUnregisterServer@0     1000a5b9 f   SmartCardRW.obj
 0001:000095c8       _InlineIsEqualGUID         1000a5c8 f i SmartCardRW.obj
 0001:000095f8       ___local_stdio_printf_options 1000a5f8 f i SmartCardRW.obj
 0001:000095fe       __vswprintf_s_l            1000a5fe f i SmartCardRW.obj
 0001:000096ab       _swprintf_s                1000a6ab f i SmartCardRW.obj
 0001:000096c7       ??0?$CComControl@VCOPOSSmartCardRW@@V?$CWindowImpl@VCOPOSSmartCardRW@@VCWindow@ATL@@V?$CWinTraits@$0FGAAAAAA@$0A@@3@@ATL@@@ATL@@QAE@XZ 1000a6c7 f i SmartCardRWImpl.obj
 0001:000096ee       ??0?$CProxy_IOPOSEvents@VCOPOSSmartCardRW@@@@QAE@XZ 1000a6ee f i SmartCardRWImpl.obj
 0001:00009711       ??0CComControlBase@ATL@@QAE@AAPAUHWND__@@@Z 1000a711 f i SmartCardRWImpl.obj
 0001:0000975b       ??0COPOSSmartCardRW@@QAE@XZ 1000a75b f   SmartCardRWImpl.obj
 0001:00009791       ??1?$CComControl@VCOPOSSmartCardRW@@V?$CWindowImpl@VCOPOSSmartCardRW@@VCWindow@ATL@@V?$CWinTraits@$0FGAAAAAA@$0A@@3@@ATL@@@ATL@@UAE@XZ 1000a791 f i SmartCardRWImpl.obj
 0001:000097aa       ??1?$IConnectionPointImpl@VCOPOSSmartCardRW@@$1?DIID__IOPOSSmartCardRWEvents@@3U_GUID@@BVCComDynamicUnkArray@ATL@@@ATL@@QAE@XZ 1000a7aa f i SmartCardRWImpl.obj
 0001:000097aa       ??1?$IConnectionPointImpl@VCOPOSSmartCardRW@@$1?IID_IPropertyNotifySink@@3U_GUID@@BVCComDynamicUnkArray@ATL@@@ATL@@QAE@XZ 1000a7aa f i SmartCardRWImpl.obj
 0001:000097e7       ??1CComControlBase@ATL@@UAE@XZ 1000a7e7 f i SmartCardRWImpl.obj
 0001:0000984a       ??1COPOSSmartCardRW@@UAE@XZ 1000a84a f   SmartCardRWImpl.obj
 0001:00009892       ?BeginInsertion@COPOSSmartCardRW@@UAGJJPAJ@Z 1000a892 f   SmartCardRWImpl.obj
 0001:000098e1       ?BeginRemoval@COPOSSmartCardRW@@UAGJJPAJ@Z 1000a8e1 f   SmartCardRWImpl.obj
 0001:00009930       ?CheckHealth@COPOSSmartCardRW@@UAGJJPAJ@Z 1000a930 f   SmartCardRWImpl.obj
 0001:0000997f       ?ClaimDevice@COPOSSmartCardRW@@UAGJJPAJ@Z 1000a97f f   SmartCardRWImpl.obj
 0001:000099f4       ?ClearInput@COPOSSmartCardRW@@UAGJPAJ@Z 1000a9f4 f   SmartCardRWImpl.obj
 0001:00009a0f       ?ClearInputProperties@COPOSSmartCardRW@@UAGJPAJ@Z 1000aa0f f   SmartCardRWImpl.obj
 0001:00009a2a       ?ClearOutput@COPOSSmartCardRW@@UAGJPAJ@Z 1000aa2a f   SmartCardRWImpl.obj
 0001:00009a45       ?Close@COPOSSmartCardRW@@UAGJPAJ@Z 1000aa45 f   SmartCardRWImpl.obj
 0001:00009ab3       ?CompareFirmwareVersion@COPOSSmartCardRW@@UAGJPA_WPAJ1@Z 1000aab3 f   SmartCardRWImpl.obj
 0001:00009b33       ?DirectIO@COPOSSmartCardRW@@UAGJJPAJPAPA_W0@Z 1000ab33 f   SmartCardRWImpl.obj
 0001:00009be1       ?DoInvoke@COPOSSmartCardRW@@IAEJJPAVOposVariant@@IHPAJ_N@Z 1000abe1 f   SmartCardRWImpl.obj
 0001:00009cbd       ?EndInsertion@COPOSSmartCardRW@@UAGJPAJ@Z 1000acbd f   SmartCardRWImpl.obj
 0001:00009cd8       ?EndRemoval@COPOSSmartCardRW@@UAGJPAJ@Z 1000acd8 f   SmartCardRWImpl.obj
 0001:00009cf3       ?EventClose@COPOSSmartCardRW@@IAEXXZ 1000acf3 f i SmartCardRWImpl.obj
 0001:00009d26       ?EventInit@COPOSSmartCardRW@@IAEJXZ 1000ad26 f i SmartCardRWImpl.obj
 0001:00009df2       ?EventUninit@COPOSSmartCardRW@@IAEXXZ 1000adf2 f i SmartCardRWImpl.obj
 0001:00009e44       ?EventWindowProc@COPOSSmartCardRW@@IAGJIIJ@Z 1000ae44 f i SmartCardRWImpl.obj
 0001:00009f42       ?FinalConstruct@COPOSSmartCardRW@@QAEJXZ 1000af42 f   SmartCardRWImpl.obj
 0001:00009f7b       ?FireEventCleanup@COPOSSmartCardRW@@IAEXXZ 1000af7b f i SmartCardRWImpl.obj
 0001:00009f91       ?FireEventSetup@COPOSSmartCardRW@@IAE_NXZ 1000af91 f i SmartCardRWImpl.obj
 0001:00009fc5       ?FreezeEvents@COPOSSmartCardRW@@MAGJH@Z 1000afc5 f   SmartCardRWImpl.obj
 0001:0000a025       ?GetOposProp@COPOSSmartCardRW@@IAEJJPAFJ@Z 1000b025 f   SmartCardRWImpl.obj
 0001:0000a048       ?GetOposProp@COPOSSmartCardRW@@IAEJJPAJJ@Z 1000b048 f   SmartCardRWImpl.obj
 0001:0000a117       ?GetOposProp@COPOSSmartCardRW@@IAEJJPAPA_WJ@Z 1000b117 f   SmartCardRWImpl.obj
 0001:0000a1f3       ?OnDraw@COPOSSmartCardRW@@MAEJAAUATL_DRAWINFO@@@Z 1000b1f3 f   SmartCardRWImpl.obj
 0001:0000a293       ?Open@COPOSSmartCardRW@@UAGJPA_WPAJ@Z 1000b293 f   SmartCardRWImpl.obj
 0001:0000aada       ?ReadData@COPOSSmartCardRW@@UAGJJPAJPAPA_W0@Z 1000bada f   SmartCardRWImpl.obj
 0001:0000ab88       ?ReleaseDevice@COPOSSmartCardRW@@UAGJPAJ@Z 1000bb88 f   SmartCardRWImpl.obj
 0001:0000abd7       ?ResetStatistics@COPOSSmartCardRW@@UAGJPA_WPAJ@Z 1000bbd7 f   SmartCardRWImpl.obj
 0001:0000ac2e       ?RetrieveStatistics@COPOSSmartCardRW@@UAGJPAPA_WPAJ@Z 1000bc2e f   SmartCardRWImpl.obj
 0001:0000ac85       ?SOProcessID@COPOSSmartCardRW@@UAGJPAJ@Z 1000bc85 f   SmartCardRWImpl.obj
 0001:0000ac99       ?SetCOFreezeEvents@COPOSSmartCardRW@@IAEXF@Z 1000bc99 f   SmartCardRWImpl.obj
 0001:0000ad39       ?SetOposProp@COPOSSmartCardRW@@IAEJJJJ@Z 1000bd39 f   SmartCardRWImpl.obj
 0001:0000ae30       ?UpdateFirmware@COPOSSmartCardRW@@UAGJPA_WPAJ@Z 1000be30 f   SmartCardRWImpl.obj
 0001:0000ae87       ?UpdateStatistics@COPOSSmartCardRW@@UAGJPA_WPAJ@Z 1000be87 f   SmartCardRWImpl.obj
 0001:0000aede       ?WriteData@COPOSSmartCardRW@@UAGJJJPA_WPAJ@Z 1000bede f   SmartCardRWImpl.obj
 0001:0000af82       ?get_BinaryConversion@COPOSSmartCardRW@@UAGJPAJ@Z 1000bf82 f   SmartCardRWImpl.obj
 0001:0000af98       ?get_CapCardErrorDetection@COPOSSmartCardRW@@UAGJPAF@Z 1000bf98 f   SmartCardRWImpl.obj
 0001:0000afb1       ?get_CapCompareFirmwareVersion@COPOSSmartCardRW@@UAGJPAF@Z 1000bfb1 f   SmartCardRWImpl.obj
 0001:0000afca       ?get_CapInterfaceMode@COPOSSmartCardRW@@UAGJPAJ@Z 1000bfca f   SmartCardRWImpl.obj
 0001:0000afe3       ?get_CapIsoEmvMode@COPOSSmartCardRW@@UAGJPAJ@Z 1000bfe3 f   SmartCardRWImpl.obj
 0001:0000affc       ?get_CapPowerReporting@COPOSSmartCardRW@@UAGJPAJ@Z 1000bffc f   SmartCardRWImpl.obj
 0001:0000b015       ?get_CapSCPresentSensor@COPOSSmartCardRW@@UAGJPAJ@Z 1000c015 f   SmartCardRWImpl.obj
 0001:0000b02e       ?get_CapSCSlots@COPOSSmartCardRW@@UAGJPAJ@Z 1000c02e f   SmartCardRWImpl.obj
 0001:0000b047       ?get_CapStatisticsReporting@COPOSSmartCardRW@@UAGJPAF@Z 1000c047 f   SmartCardRWImpl.obj
 0001:0000b060       ?get_CapTransmissionProtocol@COPOSSmartCardRW@@UAGJPAJ@Z 1000c060 f   SmartCardRWImpl.obj
 0001:0000b079       ?get_CapUpdateFirmware@COPOSSmartCardRW@@UAGJPAF@Z 1000c079 f   SmartCardRWImpl.obj
 0001:0000b092       ?get_CapUpdateStatistics@COPOSSmartCardRW@@UAGJPAF@Z 1000c092 f   SmartCardRWImpl.obj
 0001:0000b0ab       ?get_CheckHealthText@COPOSSmartCardRW@@UAGJPAPA_W@Z 1000c0ab f   SmartCardRWImpl.obj
 0001:0000b0c4       ?get_Claimed@COPOSSmartCardRW@@UAGJPAF@Z 1000c0c4 f   SmartCardRWImpl.obj
 0001:0000b0da       ?get_ControlObjectDescription@COPOSSmartCardRW@@UAGJPAPA_W@Z 1000c0da f   SmartCardRWImpl.obj
 0001:0000b128       ?get_ControlObjectVersion@COPOSSmartCardRW@@UAGJPAJ@Z 1000c128 f   SmartCardRWImpl.obj
 0001:0000b13b       ?get_DataCount@COPOSSmartCardRW@@UAGJPAJ@Z 1000c13b f   SmartCardRWImpl.obj
 0001:0000b151       ?get_DataEventEnabled@COPOSSmartCardRW@@UAGJPAF@Z 1000c151 f   SmartCardRWImpl.obj
 0001:0000b167       ?get_DeviceDescription@COPOSSmartCardRW@@UAGJPAPA_W@Z 1000c167 f   SmartCardRWImpl.obj
 0001:0000b180       ?get_DeviceEnabled@COPOSSmartCardRW@@UAGJPAF@Z 1000c180 f   SmartCardRWImpl.obj
 0001:0000b196       ?get_DeviceName@COPOSSmartCardRW@@UAGJPAPA_W@Z 1000c196 f   SmartCardRWImpl.obj
 0001:0000b1af       ?get_FreezeEvents@COPOSSmartCardRW@@UAGJPAF@Z 1000c1af f   SmartCardRWImpl.obj
 0001:0000b1c5       ?get_InterfaceMode@COPOSSmartCardRW@@UAGJPAJ@Z 1000c1c5 f   SmartCardRWImpl.obj
 0001:0000b1de       ?get_IsoEmvMode@COPOSSmartCardRW@@UAGJPAJ@Z 1000c1de f   SmartCardRWImpl.obj
 0001:0000b1f7       ?get_OpenResult@COPOSSmartCardRW@@UAGJPAJ@Z 1000c1f7 f   SmartCardRWImpl.obj
 0001:0000b20e       ?get_OutputID@COPOSSmartCardRW@@UAGJPAJ@Z 1000c20e f   SmartCardRWImpl.obj
 0001:0000b224       ?get_PowerNotify@COPOSSmartCardRW@@UAGJPAJ@Z 1000c224 f   SmartCardRWImpl.obj
 0001:0000b23a       ?get_PowerState@COPOSSmartCardRW@@UAGJPAJ@Z 1000c23a f   SmartCardRWImpl.obj
 0001:0000b250       ?get_ResultCode@COPOSSmartCardRW@@UAGJPAJ@Z 1000c250 f   SmartCardRWImpl.obj
 0001:0000b28e       ?get_ResultCodeExtended@COPOSSmartCardRW@@UAGJPAJ@Z 1000c28e f   SmartCardRWImpl.obj
 0001:0000b2a4       ?get_SCPresentSensor@COPOSSmartCardRW@@UAGJPAJ@Z 1000c2a4 f   SmartCardRWImpl.obj
 0001:0000b2bd       ?get_SCSlot@COPOSSmartCardRW@@UAGJPAJ@Z 1000c2bd f   SmartCardRWImpl.obj
 0001:0000b2d6       ?get_ServiceObjectDescription@COPOSSmartCardRW@@UAGJPAPA_W@Z 1000c2d6 f   SmartCardRWImpl.obj
 0001:0000b2ef       ?get_ServiceObjectVersion@COPOSSmartCardRW@@UAGJPAJ@Z 1000c2ef f   SmartCardRWImpl.obj
 0001:0000b305       ?get_State@COPOSSmartCardRW@@UAGJPAJ@Z 1000c305 f   SmartCardRWImpl.obj
 0001:0000b331       ?get_TransactionInProgress@COPOSSmartCardRW@@UAGJPAF@Z 1000c331 f   SmartCardRWImpl.obj
 0001:0000b34a       ?get_TransmissionProtocol@COPOSSmartCardRW@@UAGJPAJ@Z 1000c34a f   SmartCardRWImpl.obj
 0001:0000b363       ?put_BinaryConversion@COPOSSmartCardRW@@UAGJJ@Z 1000c363 f   SmartCardRWImpl.obj
 0001:0000b379       ?put_DataEventEnabled@COPOSSmartCardRW@@UAGJF@Z 1000c379 f   SmartCardRWImpl.obj
 0001:0000b396       ?put_DeviceEnabled@COPOSSmartCardRW@@UAGJF@Z 1000c396 f   SmartCardRWImpl.obj
 0001:0000b3b3       ?put_FreezeEvents@COPOSSmartCardRW@@UAGJF@Z 1000c3b3 f   SmartCardRWImpl.obj
 0001:0000b3ff       ?put_InterfaceMode@COPOSSmartCardRW@@UAGJJ@Z 1000c3ff f   SmartCardRWImpl.obj
 0001:0000b418       ?put_IsoEmvMode@COPOSSmartCardRW@@UAGJJ@Z 1000c418 f   SmartCardRWImpl.obj
 0001:0000b431       ?put_PowerNotify@COPOSSmartCardRW@@UAGJJ@Z 1000c431 f   SmartCardRWImpl.obj
 0001:0000b447       ?put_SCSlot@COPOSSmartCardRW@@UAGJJ@Z 1000c447 f   SmartCardRWImpl.obj
 0001:0000b460       ?s_EventWindowProc@COPOSSmartCardRW@@KGJPAUHWND__@@IIJ@Z 1000c460 f i SmartCardRWImpl.obj
 0001:0000b4b2       ??_U@YAPAXI@Z              1000c4b2 f   LIBCMT:new_array.obj
 0001:0000b4bb       ??3@YAXPAXI@Z              1000c4bb f   LIBCMT:delete_scalar_size.obj
 0001:0000b4c9       ??_V@YAXPAX@Z              1000c4c9 f   LIBCMT:delete_array.obj
 0001:0000b4ce       ??_V@YAXPAXI@Z             1000c4ce f   LIBCMT:delete_array_size.obj
 0001:0000b520       ___scrt_acquire_startup_lock 1000c520 f   LIBCMT:utility.obj
 0001:0000b552       ___scrt_dllmain_after_initialize_c 1000c552 f   LIBCMT:utility.obj
 0001:0000b57d       ___scrt_dllmain_before_initialize_c 1000c57d f   LIBCMT:utility.obj
 0001:0000b58b       ___scrt_dllmain_crt_thread_attach 1000c58b f   LIBCMT:utility.obj
 0001:0000b5aa       ___scrt_dllmain_crt_thread_detach 1000c5aa f   LIBCMT:utility.obj
 0001:0000b5b7       ___scrt_dllmain_exception_filter 1000c5b7 f   LIBCMT:utility.obj
 0001:0000b5eb       ___scrt_dllmain_uninitialize_c 1000c5eb f   LIBCMT:utility.obj
 0001:0000b60e       ___scrt_dllmain_uninitialize_critical 1000c60e f   LIBCMT:utility.obj
 0001:0000b61b       ___scrt_initialize_crt     1000c61b f   LIBCMT:utility.obj
 0001:0000b654       ___scrt_initialize_onexit_tables 1000c654 f   LIBCMT:utility.obj
 0001:0000b6db       ___scrt_is_nonwritable_in_current_image 1000c6db f   LIBCMT:utility.obj
 0001:0000b76f       ___scrt_release_startup_lock 1000c76f f   LIBCMT:utility.obj
 0001:0000b78c       ___scrt_uninitialize_crt   1000c78c f   LIBCMT:utility.obj
 0001:0000b7b4       __onexit                   1000c7b4 f   LIBCMT:utility.obj
 0001:0000b7e1       _atexit                    1000c7e1 f   LIBCMT:utility.obj
 0001:0000b7f6       ??3@YAXPAX@Z               1000c7f6 f   LIBCMT:delete_scalar.obj
 0001:0000b8c0       __Init_thread_footer       1000c8c0 f   LIBCMT:thread_safe_statics.obj
 0001:0000b90a       __Init_thread_header       1000c90a f   LIBCMT:thread_safe_statics.obj
 0001:0000b95c       __Init_thread_notify       1000c95c f   LIBCMT:thread_safe_statics.obj
 0001:0000b992       __Init_thread_wait         1000c992 f   LIBCMT:thread_safe_statics.obj
 0001:0000b9e0       ___raise_securityfailure   1000c9e0 f   LIBCMT:gs_report.obj
 0001:0000ba08       ___report_gsfailure        1000ca08 f   LIBCMT:gs_report.obj
 0001:0000bb01       ___report_rangecheckfailure 1000cb01 f   LIBCMT:gs_report.obj
 0001:0000bb0d       ___report_securityfailure  1000cb0d f   LIBCMT:gs_report.obj
 0001:0000bbdb       ??2@YAPAXIABUnothrow_t@std@@@Z 1000cbdb f   LIBCMT:new_scalar_nothrow.obj
 0001:0000bc2b       ??_U@YAPAXIABUnothrow_t@std@@@Z 1000cc2b f   LIBCMT:new_array_nothrow.obj
 0001:0000bc34       @__security_check_cookie@4 1000cc34 f   LIBCMT:secchk.obj
[...]
 0002:000032d0       ?_mb_locale_names@@3QBQB_WB 100222d0     libucrt:mbctype.obj
 0002:00003b18       ?LcidToLocaleNameTable@?A0x881e4c05@@3QBULcidToLocaleName@1@B 10022b18     libucrt:lcidtoname_downlevel.obj
 0002:00004c40       ?LocaleNameToIndexTable@?A0x881e4c05@@3QBULocaleNameIndex@1@B 10023c40     libucrt:lcidtoname_downlevel.obj
 0002:00006498       ?large_power_indices@?1??multiply_by_power_of_ten@__crt_strtox@@YA_NAAUbig_integer@2@I@Z@4QBUunpack_index@?1??12@YA_N0I@Z@B 10025498     libucrt:cfout.obj
 0002:00006580       LOG_name                   10025580     libucrt:log10_impl.obj
 0002:00006590       _One                       10025590     libucrt:ceil_pentium4.obj
 0002:000065a0       _Bns                       100255a0     libucrt:ceil_pentium4.obj
 0002:000065b0       _Zero                      100255b0     libucrt:ceil_pentium4.obj
 0002:000065c0       _S                         100255c0     libucrt:ceil_pentium4.obj
 0002:000065d0       _NegZero                   100255d0     libucrt:ceil_pentium4.obj
 0002:000065e0       emask                      100255e0     libucrt:log10_pentium4.obj
 0002:000065f0       CC                         100255f0     libucrt:log10_pentium4.obj
 0002:00006600       Magic                      10025600     libucrt:log10_pentium4.obj
 0002:00006610       hi_mask                    10025610     libucrt:log10_pentium4.obj
 0002:00006620       LOG10_2                    10025620     libucrt:log10_pentium4.obj
 0002:00006630       place_L                    10025630     libucrt:log10_pentium4.obj
 0002:00006650       One                        10025650     libucrt:log10_pentium4.obj
 0002:00006660       Zero                       10025660     libucrt:log10_pentium4.obj
 0002:00006670       Two52                      10025670     libucrt:log10_pentium4.obj
 0002:00006680       Infs                       10025680     libucrt:log10_pentium4.obj
 0002:00006690       NaN                        10025690     libucrt:log10_pentium4.obj
 0002:000066a0       coeff                      100256a0     libucrt:log10_pentium4.obj
 0002:000066fe       _log2max                   100256fe     libucrt:87tran.obj
 0002:00006708       _smallarg                  10025708     libucrt:87tran.obj
 0002:00006712       _half                      10025712     libucrt:87tran.obj
 0002:0000675e       One                        1002575e     libucrt:87disp.obj
 0002:00006766       Three                      10025766     libucrt:87disp.obj
 0002:0000676e       XAMtoTagTab                1002576e     libucrt:87disp.obj
 0002:00006780       One                        10025780     libucrt:common.obj
 0002:00006794       DblMax                     10025794     libucrt:common.obj
 0002:0000679c       DblMin                     1002579c     libucrt:common.obj
 0002:000067a4       IeeeAdjO                   100257a4     libucrt:common.obj
 0002:000067ac       IeeeAdjU                   100257ac     libucrt:common.obj
 0002:000067b4       _infinity                  100257b4     libucrt:common.obj
 0002:000067bc       _zero                      100257bc     libucrt:common.obj
 0002:00006808       _over                      10025808     libucrt:fpctrl.obj
 0002:00006814       _under                     10025814     libucrt:fpctrl.obj
 0002:00007048       ?_names@?1??_get_fname@@9@9 10026048     libucrt:fpexcept.obj
 0002:000071f0       two32                      100261f0     LIBCMT:ftol2.obj
 0002:000071f4       two63                      100261f4     LIBCMT:ftol2.obj
 0002:000071f8       _NaN                       100261f8     LIBCMT:ftol2.obj
 0002:000078a8       __sehtable$?_AtlVerifyStackAvailable@_ATL_SAFE_ALLOCA_IMPL@ATL@@YA_NK@Z 100268a8     SmartCardRW.obj
 0002:000078c8       __sehtable$___scrt_is_nonwritable_in_current_image 100268c8     LIBCMT:utility.obj
 0002:000078e4       __catchsym$??2@YAPAXIABUnothrow_t@std@@@Z$2 100268e4     LIBCMT:new_scalar_nothrow.obj
 0002:000078f4       __unwindtable$??2@YAPAXIABUnothrow_t@std@@@Z 100268f4     LIBCMT:new_scalar_nothrow.obj
 0002:00007904       __tryblocktable$??2@YAPAXIABUnothrow_t@std@@@Z 10026904     LIBCMT:new_scalar_nothrow.obj
 0002:00007918       __ehfuncinfo$??2@YAPAXIABUnothrow_t@std@@@Z 10026918     LIBCMT:new_scalar_nothrow.obj
 0002:00007940       __sehtable$?dllmain_crt_process_attach@@YAHQAUHINSTANCE__@@QAX@Z 10026940     LIBCMT:dll_dllmain.obj
 0002:00007960       __sehtable$?dllmain_crt_process_detach@@YAH_N@Z 10026960     LIBCMT:dll_dllmain.obj
 0002:00007988       __sehtable$?dllmain_dispatch@@YAHQAUHINSTANCE__@@KQAX@Z 10026988     LIBCMT:dll_dllmain.obj
 0002:00007a38       __sehtable$___DestructExceptionObject 10026a38     libvcruntime:ehhelpers.obj
 0002:00007a58       __sehtable$?FrameUnwindToState@__FrameHandler3@@SAXPAUEHRegistrationNode@@PAXPBU_s_FuncInfo@@H@Z 10026a58     libvcruntime:frame.obj
 0002:00007a80       __sehtable$?CallCatchBlock@@YAPAXPAUEHExceptionRecord@@PAUEHRegistrationNode@@PAU_CONTEXT@@PBU_s_FuncInfo@@PAXHK@Z 10026a80     libvcruntime:frame.obj
 0002:00007aa8       __catchsym$?CallUnexpected@@YAXPBU_s_ESTypeList@@@Z$2 10026aa8     libvcruntime:frame.obj
 0002:00007ab8       __unwindtable$?CallUnexpected@@YAXPBU_s_ESTypeList@@@Z 10026ab8     libvcruntime:frame.obj
 0002:00007ac8       __tryblocktable$?CallUnexpected@@YAXPBU_s_ESTypeList@@@Z 10026ac8     libvcruntime:frame.obj
 0002:00007adc       __ehfuncinfo$?CallUnexpected@@YAXPBU_s_ESTypeList@@@Z 10026adc     libvcruntime:frame.obj
 0002:00007b00       __sehtable$??$BuildCatchObjectHelperInternal@V__FrameHandler3@@@@YAHPAUEHExceptionRecord@@PAXPBU_s_HandlerType@@PBU_s_CatchableType@@@Z 10026b00     libvcruntime:frame.obj
 0002:00007b20       __sehtable$??$BuildCatchObjectInternal@V__FrameHandler3@@@@YAXPAUEHExceptionRecord@@PAXPBU_s_HandlerType@@PBU_s_CatchableType@@@Z 10026b20     libvcruntime:frame.obj
 0002:00007b78       __sehtable$??R<lambda_6e4b09c48022b2350581041d5f6b0c4c>@@QBE@XZ 10026b78     libucrt:exit.obj
 0002:00007b98       __sehtable$??$?RV<lambda_03b1d95aef87969028cfba75ccab2455>@@AAV<lambda_6e4b09c48022b2350581041d5f6b0c4c>@@V<lambda_22bdf7517842c4b3e53723af5aa32b9e>@@@?$__crt_seh_guarded_call@X@@QAEX$$QAV<lambda_03b1d95aef87969028cfba75ccab2455>@@AAV<lambda_6e4b09c48022b2350581041d5f6b0c4c>@@$$QAV<lambda_22bdf7517842c4b3e53723af5aa32b9e>@@@Z 10026b98     libucrt:exit.obj
 0002:00007bb8       __sehtable$??$?RV<lambda_8e746cf0007f6ed984d6f78af1fec997>@@AAV<lambda_22ebabd17bc4fa466a2aca6d8deb888d>@@V<lambda_18ed0c0b38a6dc0daf1e7ac6d6adf05e>@@@?$__crt_seh_guarded_call@H@@QAEH$$QAV<lambda_8e746cf0007f6ed984d6f78af1fec997>@@AAV<lambda_22ebabd17bc4fa466a2aca6d8deb888d>@@$$QAV<lambda_18ed0c0b38a6dc0daf1e7ac6d6adf05e>@@@Z 10026bb8     libucrt:onexit.obj
 0002:00007bd8       __sehtable$??$?RV<lambda_69a2805e680e0e292e8ba93315fe43a8>@@AAV<lambda_f03950bc5685219e0bcd2087efbe011e>@@V<lambda_03fcd07e894ec930e3f35da366ca99d6>@@@?$__crt_seh_guarded_call@H@@QAEH$$QAV<lambda_69a2805e680e0e292e8ba93315fe43a8>@@AAV<lambda_f03950bc5685219e0bcd2087efbe011e>@@$$QAV<lambda_03fcd07e894ec930e3f35da366ca99d6>@@@Z 10026bd8     libucrt:onexit.obj
 0002:00007bf8       __sehtable$__query_new_handler 10026bf8     libucrt:new_handler.obj
 0002:00007c18       __sehtable$_terminate      10026c18     libucrt:terminate.obj
 0002:00007c38       __sehtable$??$?RV<lambda_15ade71b0218206bbe3333a0c9b79046>@@AAV<lambda_da44e0f8b0f19ba52fefafb335991732>@@V<lambda_207f2d024fc103971653565357d6cd41>@@@?$__crt_seh_guarded_call@X@@QAEX$$QAV<lambda_15ade71b0218206bbe3333a0c9b79046>@@AAV<lambda_da44e0f8b0f19ba52fefafb335991732>@@$$QAV<lambda_207f2d024fc103971653565357d6cd41>@@@Z 10026c38     libucrt:per_thread_data.obj
 0002:00007c58       __sehtable$??$?RV<lambda_a7e850c220f1c8d1e6efeecdedd162c6>@@AAV<lambda_46720907175c18b6c9d2717bc0d2d362>@@V<lambda_9048902d66e8d99359bc9897bbb930a8>@@@?$__crt_seh_guarded_call@X@@QAEX$$QAV<lambda_a7e850c220f1c8d1e6efeecdedd162c6>@@AAV<lambda_46720907175c18b6c9d2717bc0d2d362>@@$$QAV<lambda_9048902d66e8d99359bc9897bbb930a8>@@@Z 10026c58     libucrt:per_thread_data.obj
 0002:00007c78       __sehtable$??$?RV<lambda_38edbb1296d33220d7e4dd0ed76b244a>@@AAV<lambda_5ce1d447e08cb34b2473517608e21441>@@V<lambda_fb385d3da700c9147fc39e65dd577a8c>@@@?$__crt_seh_guarded_call@X@@QAEX$$QAV<lambda_38edbb1296d33220d7e4dd0ed76b244a>@@AAV<lambda_5ce1d447e08cb34b2473517608e21441>@@$$QAV<lambda_fb385d3da700c9147fc39e65dd577a8c>@@@Z 10026c78     libucrt:per_thread_data.obj
 0002:00007c98       __sehtable$??$?RV<lambda_6affb1475c98b40b75cdec977db92e3c>@@AAV<lambda_b8d4b9c228a6ecc3f80208dbb4b4a104>@@V<lambda_608742c3c92a14382c1684fc64f96c88>@@@?$__crt_seh_guarded_call@X@@QAEX$$QAV<lambda_6affb1475c98b40b75cdec977db92e3c>@@AAV<lambda_b8d4b9c228a6ecc3f80208dbb4b4a104>@@$$QAV<lambda_608742c3c92a14382c1684fc64f96c88>@@@Z 10026c98     libucrt:per_thread_data.obj
 0002:00007cb8       __sehtable$??$?RV<lambda_e5124f882df8998aaf41531e079ba474>@@AAV<lambda_3e16ef9562a7dcce91392c22ab16ea36>@@V<lambda_e25ca0880e6ef98be67edffd8c599615>@@@?$__crt_seh_guarded_call@X@@QAEX$$QAV<lambda_e5124f882df8998aaf41531e079ba474>@@AAV<lambda_3e16ef9562a7dcce91392c22ab16ea36>@@$$QAV<lambda_e25ca0880e6ef98be67edffd8c599615>@@@Z 10026cb8     libucrt:wsetlocale.obj
 0002:00007cd8       __sehtable$___acrt_initialize_lowio 10026cd8     libucrt:ioinit.obj
 0002:00007cf8       __sehtable$?update_thread_multibyte_data_internal@@YAPAU__crt_multibyte_data@@QAU__acrt_ptd@@QAPAU1@@Z 10026cf8     libucrt:mbctype.obj
 0002:00007d18       __sehtable$??$?RV<lambda_ceb1ee4838e85a9d631eb091e2fbe199>@@AAV<lambda_ae742caa10f662c28703da3d2ea5e57e>@@V<lambda_cd08b5d6af4937fe54fc07d0c9bf6b37>@@@?$__crt_seh_guarded_call@X@@QAEX$$QAV<lambda_ceb1ee4838e85a9d631eb091e2fbe199>@@AAV<lambda_ae742caa10f662c28703da3d2ea5e57e>@@$$QAV<lambda_cd08b5d6af4937fe54fc07d0c9bf6b37>@@@Z 10026d18     libucrt:mbctype.obj
 0002:00007d38       __sehtable$_raise          10026d38     libucrt:signal.obj
 0002:00007d58       __sehtable$??$?RV<lambda_cbab9ec6f41b0180b23cc171c22676b0>@@AAV<lambda_44731a7d0e6d81c3e6aa82d741081786>@@V<lambda_4b292cb8dd18144e164572427af410ab>@@@?$__crt_seh_guarded_call@P6AXH@Z@@QAEP6AXH@Z$$QAV<lambda_cbab9ec6f41b0180b23cc171c22676b0>@@AAV<lambda_44731a7d0e6d81c3e6aa82d741081786>@@$$QAV<lambda_4b292cb8dd18144e164572427af410ab>@@@Z 10026d58     libucrt:signal.obj
 0002:00007d78       __sehtable$??$?RV<lambda_2866be3712abc81a800a822484c830d8>@@AAV<lambda_39ca0ed439415581b5b15c265174cece>@@V<lambda_2b24c74d71094a6cd0cb82e44167d71b>@@@?$__crt_seh_guarded_call@X@@QAEX$$QAV<lambda_2866be3712abc81a800a822484c830d8>@@AAV<lambda_39ca0ed439415581b5b15c265174cece>@@$$QAV<lambda_2b24c74d71094a6cd0cb82e44167d71b>@@@Z 10026d78     libucrt:fflush.obj
 0002:00007d98       __sehtable$??$?RV<lambda_2cc53f568c5a2bb6f192f930a45d44ea>@@AAV<lambda_ab61a845afdef5b7c387490eaf3616ee>@@V<lambda_c2ffc0b7726aa6be21d5f0026187e748>@@@?$__crt_seh_guarded_call@X@@QAEX$$QAV<lambda_2cc53f568c5a2bb6f192f930a45d44ea>@@AAV<lambda_ab61a845afdef5b7c387490eaf3616ee>@@$$QAV<lambda_c2ffc0b7726aa6be21d5f0026187e748>@@@Z 10026d98     libucrt:fflush.obj
 0002:00007db8       __sehtable$___acrt_update_thread_locale_data 10026db8     libucrt:locale_refcounting.obj
 0002:00007dd8       __sehtable$__fcloseall     10026dd8     libucrt:closeall.obj
 0002:00007df8       __sehtable$___acrt_lowio_ensure_fh_exists 10026df8     libucrt:osfinfo.obj
 0002:00007e18       __sehtable$??$?RV<lambda_9e9de3de5fa147e2223d7db92bc10aa6>@@AAV<lambda_38ce7e780aa69e748d6df282ebc68efe>@@V<lambda_8ca6da459f0f6780f1cff60fdc3d00e5>@@@?$__crt_seh_guarded_call@H@@QAEH$$QAV<lambda_9e9de3de5fa147e2223d7db92bc10aa6>@@AAV<lambda_38ce7e780aa69e748d6df282ebc68efe>@@$$QAV<lambda_8ca6da459f0f6780f1cff60fdc3d00e5>@@@Z 10026e18     libucrt:commit.obj
 0002:00007e38       __sehtable$__write         10026e38     libucrt:write.obj
 0002:00007e58       __sehtable$_fclose         10026e58     libucrt:fclose.obj
 0002:00007e78       __sehtable$??$?RV<lambda_218ce3db14220d0be481dae8ef3383b6>@@AAV<lambda_628dfdc04ba53c8bfc02c9951375f3f5>@@V<lambda_57dc472bd5c9d5f3b2cbca59b8a843ae>@@@?$__crt_seh_guarded_call@H@@QAEH$$QAV<lambda_218ce3db14220d0be481dae8ef3383b6>@@AAV<lambda_628dfdc04ba53c8bfc02c9951375f3f5>@@$$QAV<lambda_57dc472bd5c9d5f3b2cbca59b8a843ae>@@@Z 10026e78     libucrt:close.obj
 0002:00007e98       __sehtable$__IsNonwritableInCurrentImage 10026e98     LIBCMT:pesect.obj
 0002:00007ec0       .edata                     10026ec0     OPOSSmartCardRW.exp
 0002:00007ee8       rgpv                       10026ee8     OPOSSmartCardRW.exp
 0002:00007ef8       rgszName                   10026ef8     OPOSSmartCardRW.exp
 0002:00007f08       rgwOrd                     10026f08     OPOSSmartCardRW.exp
 0002:00007f10       szName                     10026f10     OPOSSmartCardRW.exp
 0002:00007f24       $N00001                    10026f24     OPOSSmartCardRW.exp
 0002:00007f34       $N00002                    10026f34     OPOSSmartCardRW.exp
 0002:00007f46       $N00003                    10026f46     OPOSSmartCardRW.exp
 0002:00007f58       $N00004                    10026f58     OPOSSmartCardRW.exp
 0002:00008566       .idata$6                   10027566     kernel32:KERNEL32.dll
 0002:0000877a       .idata$6                   1002777a     user32:USER32.dll
 0002:000088ae       .idata$6                   100278ae     gdi32:GDI32.dll
 0002:00008954       .idata$6                   10027954     advapi32:ADVAPI32.dll
 0002:00008a70       .idata$6                   10027a70     ole32:ole32.dll
 0002:00008a7a       .idata$6                   10027a7a     oleaut32:OLEAUT32.dll
 0003:00000110       ?ObjectMap@@3PAU_ATL_OBJMAP_ENTRY30@ATL@@A 10028110     SmartCardRW.obj
 0003:000001d0       ?s_SOMethodNames@@3PAPADA  100281d0     SmartCardRWImpl.obj
 0003:00000238       ?s_RequiredMethodsPerRelease@@3PAHA 10028238     SmartCardRWImpl.obj
 0003:00000260       ?__vcrt_flsindex@@3KA      10028260     libvcruntime:per_thread_data.obj
 0003:00000280       ?errno_no_memory@@3HA      10028280     libucrt:errno.obj
 0003:00000284       ?doserrno_no_memory@@3KA   10028284     libucrt:errno.obj
 0003:00000290       ?__acrt_flsindex@@3KA      10028290     libucrt:per_thread_data.obj
 0003:00000628       __mbctypes                 10028628     libucrt:mbctype.obj
 0003:00000730       __mbcasemaps               10028730     libucrt:mbctype.obj
 0003:00000830       ?__rgctypeflag@@3PADA      10028830     libucrt:mbctype.obj
 0003:00000838       ?__rgcode_page_info@@3PAUcode_page_info@@A 10028838     libucrt:mbctype.obj
 0003:00000a90       ?__dcrt_lowio_console_output_handle@@3PAXA 10028a90     libucrt:initcon.obj
 0003:00000c28       ?is_initialized_as_dll@@3_NA 10028c28     LIBCMT:utility.obj
 0003:00000c29       ?module_local_atexit_table_initialized@@3_NA 10028c29     LIBCMT:utility.obj
 0003:00000c2c       ?module_local_atexit_table@@3U_onexit_table_t@@A 10028c2c     LIBCMT:utility.obj
 0003:00000c38       ?module_local_at_quick_exit_table@@3U_onexit_table_t@@A 10028c38     LIBCMT:utility.obj
 0003:00000c44       ?g_tss_cv@@3U_RTL_CONDITION_VARIABLE@@A 10028c44     LIBCMT:thread_safe_statics.obj
 0003:00000c48       ?g_tss_event@@3PAXA        10028c48     LIBCMT:thread_safe_statics.obj
 0003:00000c4c       ?g_tss_mutex@@3U_RTL_CRITICAL_SECTION@@A 10028c4c     LIBCMT:thread_safe_statics.obj
 0003:00000c64       ?g_sleep_condition_variable_cs@@3P6GHPAU_RTL_CONDITION_VARIABLE@@PAU_RTL_CRITICAL_SECTION@@K@ZA 10028c64     LIBCMT:thread_safe_statics.obj
 0003:00000c68       ?g_wake_all_condition_variable@@3P6GXPAU_RTL_CONDITION_VARIABLE@@@ZA 10028c68     LIBCMT:thread_safe_statics.obj
 0003:00000c70       _GS_ExceptionRecord        10028c70     LIBCMT:gs_report.obj
 0003:00000cc0       _GS_ContextRecord          10028cc0     LIBCMT:gs_report.obj
 0003:00000f90       ?__proc_attached@@3HA      10028f90     LIBCMT:dll_dllmain.obj
 0003:00000fec       ?AllocateData@@3P6GPAUAtlThunkData_t@@XZA 10028fec     atls:atlthunk.obj
 0003:00000ff0       ?InitData@@3P6GXPAUAtlThunkData_t@@PAXI@ZA 10028ff0     atls:atlthunk.obj
 0003:00000ff4       ?DataToCode@@3P6GP6GJPAUHWND__@@IIJ@ZPAUAtlThunkData_t@@@ZA 10028ff4     atls:atlthunk.obj
 0003:00000ff8       ?FreeData@@3P6GXPAUAtlThunkData_t@@@ZA 10028ff8     atls:atlthunk.obj
 0003:00000ffc       ?Initialized@@3_NA         10028ffc     atls:atlthunk.obj
 0003:0000100c       ?__vcrt_startup_thread_ptd@@3U__vcrt_ptd@@A 1002900c     libvcruntime:per_thread_data.obj
 0003:00001034       ___vcrt_lock_table         10029034     libvcruntime:locks.obj
 0003:0000104c       ___vcrt_locks_initialized  1002904c     libvcruntime:locks.obj
 0003:00001078       ?heap@@3V_HeapManager@@A   10029078     libvcruntime:undname.obj
 0003:0000108c       ?module_handles@@3PAPAUHINSTANCE__@@A 1002908c     libvcruntime:winapi_downlevel.obj
 0003:00001098       ?function_pointers@@3PAPAXA 10029098     libvcruntime:winapi_downlevel.obj
 0003:000010ac       ?__acrt_invalid_parameter_handler@@3V?$dual_state_global@P6AXPB_W00II@Z@__crt_state_management@@A 100290ac     libucrt:invalid_parameter.obj
 0003:000010b0       ?c_termination_complete@@3JA 100290b0     libucrt:exit.obj
 0003:000010b4       ?thread_local_exit_callback_func@@3P6GXPAXK0@ZA 100290b4     libucrt:exit.obj
 0003:000010c0       ?program_name@?1???$common_configure_argv@D@@YAHW4_crt_argv_mode@@@Z@4PADA 100290c0     libucrt:argv_parsing.obj
 0003:000011f0       ?__acrt_new_handler@@3V?$dual_state_global@P6AHI@Z@__crt_state_management@@A 100291f0     libucrt:new_handler.obj
 0003:000011f8       ?module_handles@@3PAPAUHINSTANCE__@@A 100291f8     libucrt:winapi_thunks.obj
 0003:00001248       ?encoded_function_pointers@@3PAPAXA 10029248     libucrt:winapi_thunks.obj
 0003:000012d0       ?internal_state@?1??_mbtowc_l@@9@4U_Mbstatet@@A 100292d0     libucrt:mbtowc.obj
 0003:000012e0       ?enable_percent_n@@3IA     100292e0     libucrt:printf_count_output.obj
 0003:00001500       ?__acrt_lock_table@@3PAU_RTL_CRITICAL_SECTION@@A 10029500     libucrt:locks.obj
 0003:00001650       ?__acrt_locks_initialized@@3IA 10029650     libucrt:locks.obj
 0003:00001660       ?fSystemSet@@3HA           10029660     libucrt:mbctype.obj
 0003:00001664       ?initialized@?1??__acrt_initialize_multibyte@@9@4_NA 10029664     libucrt:mbctype.obj
 0003:00001684       ?ctrlc_action@@3V?$dual_state_global@P6AXH@Z@__crt_state_management@@A 10029684     libucrt:signal.obj
 0003:00001688       ?ctrlbreak_action@@3V?$dual_state_global@P6AXH@Z@__crt_state_management@@A 10029688     libucrt:signal.obj
 0003:0000168c       ?abort_action@@3V?$dual_state_global@P6AXH@Z@__crt_state_management@@A 1002968c     libucrt:signal.obj
 0003:00001690       ?term_action@@3V?$dual_state_global@P6AXH@Z@__crt_state_management@@A 10029690     libucrt:signal.obj
 0003:00001694       ?user_matherr@@3V?$dual_state_global@P6AHPAU_exception@@@Z@__crt_state_management@@A 10029694     libucrt:matherr.obj
 0003:00001698       ?__acrt_global_new_mode@@3V?$dual_state_global@J@__crt_state_management@@A 10029698     libucrt:new_mode.obj
 0003:000016a4       ?internal_pst@?1??__mbrtoc32_utf8@__crt_mbstring@@YAIPA_UPBDIPAU_Mbstatet@@@Z@4U3@A 100296a4     libucrt:mbrtoc32.obj
 0003:000016ac       ?__acrt_app_type@@3W4_crt_app_type@@A 100296ac     libucrt:report_runtime_error.obj
 0003:000016b4       __pmatherr_set             100296b4     libucrt:libm_error.obj
 0004:00000220       $R000000                   1002a220     SmartCardRW.res
 0004:00000bc0       $R0009A0                   1002abc0     SmartCardRW.res
 0004:00000ca8       $R000A88                   1002aca8     SmartCardRW.res
 0004:00000f10       $R000CF0                   1002af10     SmartCardRW.res
 0004:00001420       $R001200                   1002b420     SmartCardRW.res
 0004:00004458       $R004238                   1002e458     SmartCardRW.res
 0004:00004490       $R004270                   1002e490     SmartCardRW.res
