 OPOSCheckScanner

 Timestamp is 61a75b5f (Wed Dec  1 20:24:15 2021)

 Preferred load address is 10000000

 Start         Length     Name                   Class
 0001:00000000 00000080H .text$di                CODE
 0001:00000080 0001f108H .text$mn                CODE
 0001:0001f188 000000d8H .text$x                 CODE
 0001:0001f260 00000042H .text$yd                CODE
 0002:00000000 000002fcH .idata$5                DATA
 0002:000002fc 00000008H .00cfg                  DATA
 0002:00000304 00000004H .CRT$XCA                DATA
 0002:00000308 00000004H .CRT$XCL                DATA
 0002:0000030c 00000010H .CRT$XCU                DATA
 0002:0000031c 00000004H .CRT$XCZ                DATA
 0002:00000320 00000004H .CRT$XIA                DATA
 0002:00000324 00000010H .CRT$XIC                DATA
 0002:00000334 00000004H .CRT$XIZ                DATA
 0002:00000338 00000004H .CRT$XLA                DATA
 0002:0000033c 00000004H .CRT$XLZ                DATA
 0002:00000340 00000004H .CRT$XPA                DATA
 0002:00000344 00000008H .CRT$XPX                DATA
 0002:0000034c 00000004H .CRT$XPXA               DATA
 0002:00000350 00000004H .CRT$XPZ                DATA
 0002:00000354 00000004H .CRT$XTA                DATA
 0002:00000358 00000008H .CRT$XTZ                DATA
 0002:0000035c 00000000H .gfids$y                DATA
 0002:00000360 00006fa0H .rdata                  DATA
 0002:00007300 00000000H .rdata$CastGuardVftablesA DATA
 0002:00007300 00000000H .rdata$CastGuardVftablesC DATA
 0002:00007300 00000018H .rdata$T                DATA
 0002:00007318 00000178H .rdata$r                DATA
 0002:00007490 0000002cH .rdata$sxdata           DATA
 0002:000074bc 00000030H .rdata$voltmd           DATA
 0002:000074ec 0000040cH .rdata$zzzdbg           DATA
 0002:000078f8 00000004H .rtc$IAA                DATA
 0002:000078fc 00000004H .rtc$IZZ                DATA
 0002:00007900 00000004H .rtc$TAA                DATA
 0002:00007904 00000004H .rtc$TZZ                DATA
 0002:00007908 00000004H .tls                    DATA
 0002:0000790c 00000004H .tls$                   DATA
 0002:00007910 00000008H .tls$ZZZ                DATA
 0002:00007918 000006dcH .xdata$x                DATA
 0002:00007ff4 00000004H ATL$__a                 DATA
 0002:00007ff8 00000008H ATL$__z                 DATA
 0002:00008000 000000b0H .edata                  DATA
 0002:000080b0 00000078H .idata$2                DATA
 0002:00008128 00000014H .idata$3                DATA
 0002:0000813c 000002fcH .idata$4                DATA
 0002:00008438 00000bceH .idata$6                DATA
 0003:00000000 00000ac0H .data                   DATA
 0003:00000ac0 00000080H .data$r                 DATA
 0003:00000b40 00000018H .data$rs                DATA
 0003:00000b58 00000b80H .bss                    DATA
 0004:00000000 00000220H .rsrc$01                DATA
 0004:00000220 00005110H .rsrc$02                DATA

  Address         Publics by Value              Rva+Base       Lib:Object

 0000:00000000       ___guard_fids_count        00000000     <absolute>
 0000:00000000       ___guard_longjmp_table     00000000     <absolute>
 0000:00000000       ___guard_eh_cont_table     00000000     <absolute>
 0000:00000000       ___arm64x_extra_rfe_table  00000000     <absolute>
 0000:00000000       ___arm64x_redirection_metadata 00000000     <absolute>
 0000:00000000       ___guard_iat_count         00000000     <absolute>
 0000:00000000       ___guard_eh_cont_count     00000000     <absolute>
 0000:00000000       __except_list              00000000     <absolute>
 0000:00000000       ___x64_code_ranges_to_entry_points_count 00000000     <absolute>
 0000:00000000       ___hybrid_code_map_count   00000000     <absolute>
 0000:00000000       ___x64_code_ranges_to_entry_points 00000000     <absolute>
 0000:00000000       ___guard_iat_table         00000000     <absolute>
 0000:00000000       ___arm64x_native_entrypoint 00000000     <absolute>
 0000:00000000       ___hybrid_code_map         00000000     <absolute>
 0000:00000000       ___arm64x_extra_rfe_table_size 00000000     <absolute>
 0000:00000000       ___guard_longjmp_count     00000000     <absolute>
 0000:00000000       ___guard_check_icall_a64n_fptr 00000000     <absolute>
 0000:00000000       ___arm64x_redirection_metadata_count 00000000     <absolute>
 0000:00000000       ___hybrid_auxiliary_iat    00000000     <absolute>
 0000:00000000       ___dynamic_value_reloc_table 00000000     <absolute>
 0000:00000000       ___AbsoluteZero            00000000     <absolute>
 0000:00000000       ___enclave_config          00000000     <absolute>
 0000:00000000       ___guard_fids_table        00000000     <absolute>
 0000:00000000       ___hybrid_auxiliary_iat_copy 00000000     <absolute>
 0000:0000000b       ___safe_se_handler_count   0000000b     <absolute>
 0000:0000002c       __tls_array                0000002c     <absolute>
 0000:00000100       ___guard_flags             00000100     <absolute>
 0000:00000000       ___ImageBase               10000000     <linker-defined>
 0001:00000080       ?DupWide@_CW@@AAEXXZ       10001080 f   CWString.obj
 0001:0000009c       ?cw_dup@@YGXPBDAAHAAPA_W1@Z 1000109c f   CWString.obj
 0001:00000124       ?cw_memcpy@@YGHPA_WPBDH@Z  10001124 f   CWString.obj
 0001:00000150       ?cw_strcpy@@YAHPA_WPBD@Z   10001150 f   CWString.obj
 0001:00000163       ?cw_strlen@@YAHPBD@Z       10001163 f   CWString.obj
 0001:0000017c       ??0CAtlComModule@ATL@@QAE@XZ 1000117c f i OposVariant.obj
 0001:000001c1       ??0CAtlWinModule@ATL@@QAE@XZ 100011c1 f i OposVariant.obj
 0001:000001f8       ??0OposDispParms@@QAE@PAVOposVariant@@H@Z 100011f8 f   OposVariant.obj
 0001:00000269       ??1OposDispParms@@QAE@XZ   10001269 f   OposVariant.obj
 0001:00000277       ??A?$CSimpleArray@GV?$CSimpleArrayEqualHelper@G@ATL@@@ATL@@QAEAAGH@Z 10001277 f i OposVariant.obj
 0001:0000029c       ??_Estringdispid@CComTypeInfoHolder@ATL@@QAEPAXI@Z 1000129c f i OposVariant.obj
 0001:00000308       ?AtlWinModuleInit@ATL@@YGJPAU_ATL_WIN_MODULE70@1@@Z 10001308 f i OposVariant.obj
 0001:0000032e       ?AtlWinModuleTerm@ATL@@YGJPAU_ATL_WIN_MODULE70@1@PAUHINSTANCE__@@@Z 1000132e f i OposVariant.obj
 0001:00000391       ?ChangeBSTR@OposVariant@@QAEXPAPA_WAAJ@Z 10001391 f   OposVariant.obj
 0001:000003d2       ?ChangeLONG@OposVariant@@QAEXPAJAAJ@Z 100013d2 f   OposVariant.obj
 0001:00000413       ?GetLONG@OposVariant@@QAEJXZ 10001413 f   OposVariant.obj
 0001:0000042e       ?Init@CComCriticalSection@ATL@@QAEJXZ 1000142e f i OposVariant.obj
 0001:00000456       ?RemoveAll@?$CSimpleArray@PAUHINSTANCE__@@V?$CSimpleArrayEqualHelper@PAUHINSTANCE__@@@ATL@@@ATL@@QAEXXZ 10001456 f i atls:atlbase.obj
 0001:00000456       ?RemoveAll@?$CSimpleArray@GV?$CSimpleArrayEqualHelper@G@ATL@@@ATL@@QAEXXZ 10001456 f i OposVariant.obj
 0001:00000473       ?SetBSTR@OposVariant@@QAEXPA_WAAJ@Z 10001473 f   OposVariant.obj
 0001:000004a7       ?SetBSTR_Copy@OposVariant@@QAEXPA_WAAJ@Z 100014a7 f   OposVariant.obj
 0001:000004f7       ?SetBSTR_InOutPtr@OposVariant@@QAE_NPAPA_WAAJ@Z 100014f7 f   OposVariant.obj
 0001:0000052e       ?SetDispatch_Ptr@OposVariant@@QAEXPAUIDispatch@@AAJ@Z 1000152e f   OposVariant.obj
 0001:00000569       ?SetLONG@OposVariant@@QAEXJ@Z 10001569 f   OposVariant.obj
 0001:0000058b       ?SetLONG_Ptr@OposVariant@@QAEXPAJAAJ@Z 1000158b f   OposVariant.obj
 0001:000005be       ?SetString@OposVariant@@QAEXPB_WAAJ@Z 100015be f   OposVariant.obj
 0001:00000604       ?SetVARIANT_BOOL@OposVariant@@QAEXF@Z 10001604 f   OposVariant.obj
 0001:0000062e       ?Term@CAtlComModule@ATL@@QAEXXZ 1000162e f i OposVariant.obj
 0001:00000678       ?_AtlRaiseException@ATL@@YAXKK@Z 10001678 f i OposVariant.obj
 0001:0000068d       ?OnDrawAdvanced@CComControlBase@ATL@@UAEJAAUATL_DRAWINFO@@@Z 1000168d f i CheckScanner.obj
 0001:00000780       ?Next@?$CComEnumImpl@UIEnumConnections@@$1?_GUID_b196b287_bab4_101a_b69c_00aa00341d07@@3U__s_GUID@@BUtagCONNECTDATA@@V?$_Copy@UtagCONNECTDATA@@@ATL@@@ATL@@UAGJKPAUtagCONNECTDATA@@PAK@Z 10001780 f i CheckScanner.obj
 0001:0000084f       ?Skip@?$CComEnumImpl@UIEnumConnections@@$1?_GUID_b196b287_bab4_101a_b69c_00aa00341d07@@3U__s_GUID@@BUtagCONNECTDATA@@V?$_Copy@UtagCONNECTDATA@@@ATL@@@ATL@@UAGJK@Z 1000184f f i CheckScanner.obj
 0001:0000087c       ?Reset@?$CComEnumImpl@UIEnumConnections@@$1?_GUID_b196b287_bab4_101a_b69c_00aa00341d07@@3U__s_GUID@@BUtagCONNECTDATA@@V?$_Copy@UtagCONNECTDATA@@@ATL@@@ATL@@UAGJXZ 1000187c f i CheckScanner.obj
 0001:0000087c       ?Reset@?$CComEnumImpl@UIEnumConnectionPoints@@$1?_GUID_b196b285_bab4_101a_b69c_00aa00341d07@@3U__s_GUID@@BPAUIConnectionPoint@@V?$_CopyInterface@UIConnectionPoint@@@ATL@@@ATL@@UAGJXZ 1000187c f i CheckScanner.obj
 0001:0000088e       ?Clone@?$CComEnumImpl@UIEnumConnections@@$1?_GUID_b196b287_bab4_101a_b69c_00aa00341d07@@3U__s_GUID@@BUtagCONNECTDATA@@V?$_Copy@UtagCONNECTDATA@@@ATL@@@ATL@@UAGJPAPAUIEnumConnections@@@Z 1000188e f i CheckScanner.obj
 0001:0000096f       ?ObjectMain@CComObjectRootBase@ATL@@SGX_N@Z 1000196f f i CheckScanner.obj
 0001:0000096f       ?OnFinalMessage@?$CWindowImplBaseT@VCWindow@ATL@@V?$CWinTraits@$0FGAAAAAA@$0A@@2@@ATL@@UAEXPAUHWND__@@@Z 1000196f f i CheckScanner.obj
 0001:00000972       ?GetObjectDescription@?$CComCoClass@VCOPOSCheckScanner@@$1?CLSID_OPOSCheckScanner@@3U_GUID@@B@ATL@@SGPB_WXZ 10001972 f i CheckScanner.obj
 0001:00000972       ?GetCategoryMap@CComObjectRootBase@ATL@@SAPBU_ATL_CATMAP_ENTRY@2@XZ 10001972 f i CheckScanner.obj
 0001:00000975       ?AddRef@?$CComObject@V?$CComEnum@UIEnumConnections@@$1?_GUID_b196b287_bab4_101a_b69c_00aa00341d07@@3U__s_GUID@@BUtagCONNECTDATA@@V?$_Copy@UtagCONNECTDATA@@@ATL@@VCComSingleThreadModel@6@@ATL@@@ATL@@UAGKXZ 10001975 f i CheckScanner.obj
 0001:00000975       ?AddRef@?$CComObject@V?$CComEnum@UIEnumConnectionPoints@@$1?_GUID_b196b285_bab4_101a_b69c_00aa00341d07@@3U__s_GUID@@BPAUIConnectionPoint@@V?$_CopyInterface@UIConnectionPoint@@@ATL@@VCComSingleThreadModel@6@@ATL@@@ATL@@UAGKXZ 10001975 f i CheckScanner.obj
 0001:00000986       ?Release@?$CComObject@V?$CComEnum@UIEnumConnections@@$1?_GUID_b196b287_bab4_101a_b69c_00aa00341d07@@3U__s_GUID@@BUtagCONNECTDATA@@V?$_Copy@UtagCONNECTDATA@@@ATL@@VCComSingleThreadModel@6@@ATL@@@ATL@@UAGKXZ 10001986 f i CheckScanner.obj
 0001:00000986       ?Release@?$CComObject@V?$CComEnum@UIEnumConnectionPoints@@$1?_GUID_b196b285_bab4_101a_b69c_00aa00341d07@@3U__s_GUID@@BPAUIConnectionPoint@@V?$_CopyInterface@UIConnectionPoint@@@ATL@@VCComSingleThreadModel@6@@ATL@@@ATL@@UAGKXZ 10001986 f i CheckScanner.obj
 0001:000009c2       ?QueryInterface@?$CComObject@V?$CComEnum@UIEnumConnections@@$1?_GUID_b196b287_bab4_101a_b69c_00aa00341d07@@3U__s_GUID@@BUtagCONNECTDATA@@V?$_Copy@UtagCONNECTDATA@@@ATL@@VCComSingleThreadModel@6@@ATL@@@ATL@@UAGJABU_GUID@@PAPAX@Z 100019c2 f i CheckScanner.obj
 0001:000009dc       ??_G?$CComObject@V?$CComEnum@UIEnumConnections@@$1?_GUID_b196b287_bab4_101a_b69c_00aa00341d07@@3U__s_GUID@@BUtagCONNECTDATA@@V?$_Copy@UtagCONNECTDATA@@@ATL@@VCComSingleThreadModel@6@@ATL@@@ATL@@UAEPAXI@Z 100019dc f i CheckScanner.obj
 0001:000009dc       ??_E?$CComObject@V?$CComEnum@UIEnumConnections@@$1?_GUID_b196b287_bab4_101a_b69c_00aa00341d07@@3U__s_GUID@@BUtagCONNECTDATA@@V?$_Copy@UtagCONNECTDATA@@@ATL@@VCComSingleThreadModel@6@@ATL@@@ATL@@UAEPAXI@Z 100019dc f i CheckScanner.obj
 0001:000009fe       ?CreateInstance@CComClassFactory@ATL@@UAGJPAUIUnknown@@ABU_GUID@@PAPAX@Z 100019fe f i CheckScanner.obj
 0001:00000a3c       ?LockServer@CComClassFactory@ATL@@UAGJH@Z 10001a3c f i CheckScanner.obj
 0001:00000a5b       ??_GCComClassFactory@ATL@@UAEPAXI@Z 10001a5b f i CheckScanner.obj
 0001:00000a5b       ??_ECComClassFactory@ATL@@UAEPAXI@Z 10001a5b f i CheckScanner.obj
 0001:00000a86       ??_E?$CComObject@VCOPOSCheckScanner@@@ATL@@W3AEPAXI@Z 10001a86 f i CheckScanner.obj
 0001:00000a8e       ??_E?$CComObject@VCOPOSCheckScanner@@@ATL@@WEM@AEPAXI@Z 10001a8e f i CheckScanner.obj
 0001:00000a96       ?QueryInterface@?$CComObject@VCOPOSCheckScanner@@@ATL@@WHA@AGJABU_GUID@@PAPAX@Z 10001a96 f i CheckScanner.obj
 0001:00000aa0       ?AddRef@?$CComObject@VCOPOSCheckScanner@@@ATL@@WHA@AGKXZ 10001aa0 f i CheckScanner.obj
 0001:00000aaa       ?Release@?$CComObject@VCOPOSCheckScanner@@@ATL@@WHA@AGKXZ 10001aaa f i CheckScanner.obj
 0001:00000ab4       ?QueryInterface@?$CComObject@VCOPOSCheckScanner@@@ATL@@WHE@AGJABU_GUID@@PAPAX@Z 10001ab4 f i CheckScanner.obj
 0001:00000abe       ?AddRef@?$CComObject@VCOPOSCheckScanner@@@ATL@@WHE@AGKXZ 10001abe f i CheckScanner.obj
 0001:00000ac8       ?Release@?$CComObject@VCOPOSCheckScanner@@@ATL@@WHE@AGKXZ 10001ac8 f i CheckScanner.obj
 0001:00000ad2       ?QueryInterface@?$CComObject@VCOPOSCheckScanner@@@ATL@@WHI@AGJABU_GUID@@PAPAX@Z 10001ad2 f i CheckScanner.obj
 0001:00000adc       ?AddRef@?$CComObject@VCOPOSCheckScanner@@@ATL@@WHI@AGKXZ 10001adc f i CheckScanner.obj
 0001:00000ae6       ?Release@?$CComObject@VCOPOSCheckScanner@@@ATL@@WHI@AGKXZ 10001ae6 f i CheckScanner.obj
 0001:00000af0       ?QueryInterface@?$CComObject@VCOPOSCheckScanner@@@ATL@@WHM@AGJABU_GUID@@PAPAX@Z 10001af0 f i CheckScanner.obj
 0001:00000afa       ?AddRef@?$CComObject@VCOPOSCheckScanner@@@ATL@@WHM@AGKXZ 10001afa f i CheckScanner.obj
 0001:00000b04       ?Release@?$CComObject@VCOPOSCheckScanner@@@ATL@@WHM@AGKXZ 10001b04 f i CheckScanner.obj
 0001:00000b0e       ?QueryInterface@?$CComObject@VCOPOSCheckScanner@@@ATL@@WIA@AGJABU_GUID@@PAPAX@Z 10001b0e f i CheckScanner.obj
 0001:00000b1b       ?AddRef@?$CComObject@VCOPOSCheckScanner@@@ATL@@WIA@AGKXZ 10001b1b f i CheckScanner.obj
 0001:00000b28       ?Release@?$CComObject@VCOPOSCheckScanner@@@ATL@@WIA@AGKXZ 10001b28 f i CheckScanner.obj
 0001:00000b35       ?QueryInterface@?$CComObject@VCOPOSCheckScanner@@@ATL@@WIE@AGJABU_GUID@@PAPAX@Z 10001b35 f i CheckScanner.obj
 0001:00000b42       ?AddRef@?$CComObject@VCOPOSCheckScanner@@@ATL@@WIE@AGKXZ 10001b42 f i CheckScanner.obj
 0001:00000b4f       ?Release@?$CComObject@VCOPOSCheckScanner@@@ATL@@WIE@AGKXZ 10001b4f f i CheckScanner.obj
 0001:00000b5c       ?QueryInterface@?$CComObject@VCOPOSCheckScanner@@@ATL@@WII@AGJABU_GUID@@PAPAX@Z 10001b5c f i CheckScanner.obj
 0001:00000b69       ?AddRef@?$CComObject@VCOPOSCheckScanner@@@ATL@@WII@AGKXZ 10001b69 f i CheckScanner.obj
 0001:00000b76       ?Release@?$CComObject@VCOPOSCheckScanner@@@ATL@@WII@AGKXZ 10001b76 f i CheckScanner.obj
 0001:00000b83       ?QueryInterface@?$CComObject@VCOPOSCheckScanner@@@ATL@@WIM@AGJABU_GUID@@PAPAX@Z 10001b83 f i CheckScanner.obj
 0001:00000b90       ?AddRef@?$CComObject@VCOPOSCheckScanner@@@ATL@@WIM@AGKXZ 10001b90 f i CheckScanner.obj
 0001:00000b9d       ?Release@?$CComObject@VCOPOSCheckScanner@@@ATL@@WIM@AGKXZ 10001b9d f i CheckScanner.obj
 0001:00000baa       ?QueryInterface@?$CComObject@VCOPOSCheckScanner@@@ATL@@WJA@AGJABU_GUID@@PAPAX@Z 10001baa f i CheckScanner.obj
 0001:00000bb7       ?AddRef@?$CComObject@VCOPOSCheckScanner@@@ATL@@WJA@AGKXZ 10001bb7 f i CheckScanner.obj
 0001:00000bc4       ?Release@?$CComObject@VCOPOSCheckScanner@@@ATL@@WJA@AGKXZ 10001bc4 f i CheckScanner.obj
 0001:00000bd1       ?QueryInterface@?$CComObject@VCOPOSCheckScanner@@@ATL@@WJE@AGJABU_GUID@@PAPAX@Z 10001bd1 f i CheckScanner.obj
 0001:00000bde       ?AddRef@?$CComObject@VCOPOSCheckScanner@@@ATL@@WJE@AGKXZ 10001bde f i CheckScanner.obj
 0001:00000beb       ?Release@?$CComObject@VCOPOSCheckScanner@@@ATL@@WJE@AGKXZ 10001beb f i CheckScanner.obj
 0001:00000bf8       ?QueryInterface@?$CComObject@VCOPOSCheckScanner@@@ATL@@WJI@AGJABU_GUID@@PAPAX@Z 10001bf8 f i CheckScanner.obj
 0001:00000c05       ?AddRef@?$CComObject@VCOPOSCheckScanner@@@ATL@@WJI@AGKXZ 10001c05 f i CheckScanner.obj
 0001:00000c12       ?Release@?$CComObject@VCOPOSCheckScanner@@@ATL@@WJI@AGKXZ 10001c12 f i CheckScanner.obj
 0001:00000c1f       ?QueryInterface@?$CComObject@VCOPOSCheckScanner@@@ATL@@WJM@AGJABU_GUID@@PAPAX@Z 10001c1f f i CheckScanner.obj
 0001:00000c2c       ?AddRef@?$CComObject@VCOPOSCheckScanner@@@ATL@@WJM@AGKXZ 10001c2c f i CheckScanner.obj
 0001:00000c39       ?Release@?$CComObject@VCOPOSCheckScanner@@@ATL@@WJM@AGKXZ 10001c39 f i CheckScanner.obj
 0001:00000c46       ?QueryInterface@?$CComObject@VCOPOSCheckScanner@@@ATL@@WKA@AGJABU_GUID@@PAPAX@Z 10001c46 f i CheckScanner.obj
 0001:00000c53       ?AddRef@?$CComObject@VCOPOSCheckScanner@@@ATL@@WKA@AGKXZ 10001c53 f i CheckScanner.obj
 0001:00000c60       ?Release@?$CComObject@VCOPOSCheckScanner@@@ATL@@WKA@AGKXZ 10001c60 f i CheckScanner.obj
 0001:00000c6d       ?AddRef@?$CComObject@VCOPOSCheckScanner@@@ATL@@WKI@AGKXZ 10001c6d f i CheckScanner.obj
 0001:00000c7a       ?Release@?$CComObject@VCOPOSCheckScanner@@@ATL@@WKI@AGKXZ 10001c7a f i CheckScanner.obj
 0001:00000c87       ?AddRef@?$CComObject@VCOPOSCheckScanner@@@ATL@@WLE@AGKXZ 10001c87 f i CheckScanner.obj
 0001:00000c94       ?Release@?$CComObject@VCOPOSCheckScanner@@@ATL@@WLE@AGKXZ 10001c94 f i CheckScanner.obj
 0001:00000ca1       ??_E?$CComContainedObject@VCOPOSCheckScanner@@@ATL@@W3AEPAXI@Z 10001ca1 f i CheckScanner.obj
 0001:00000ca9       ??_E?$CComContainedObject@VCOPOSCheckScanner@@@ATL@@WEM@AEPAXI@Z 10001ca9 f i CheckScanner.obj
 0001:00000cb1       ?QueryInterface@?$CComContainedObject@VCOPOSCheckScanner@@@ATL@@WHA@AGJABU_GUID@@PAPAX@Z 10001cb1 f i CheckScanner.obj
 0001:00000cbb       ?AddRef@?$CComContainedObject@VCOPOSCheckScanner@@@ATL@@WHA@AGKXZ 10001cbb f i CheckScanner.obj
 0001:00000cc5       ?Release@?$CComContainedObject@VCOPOSCheckScanner@@@ATL@@WHA@AGKXZ 10001cc5 f i CheckScanner.obj
 0001:00000ccf       ?QueryInterface@?$CComContainedObject@VCOPOSCheckScanner@@@ATL@@WHE@AGJABU_GUID@@PAPAX@Z 10001ccf f i CheckScanner.obj
 0001:00000cd9       ?AddRef@?$CComContainedObject@VCOPOSCheckScanner@@@ATL@@WHE@AGKXZ 10001cd9 f i CheckScanner.obj
 0001:00000ce3       ?Release@?$CComContainedObject@VCOPOSCheckScanner@@@ATL@@WHE@AGKXZ 10001ce3 f i CheckScanner.obj
 0001:00000ced       ?QueryInterface@?$CComContainedObject@VCOPOSCheckScanner@@@ATL@@WHI@AGJABU_GUID@@PAPAX@Z 10001ced f i CheckScanner.obj
 0001:00000cf7       ?AddRef@?$CComContainedObject@VCOPOSCheckScanner@@@ATL@@WHI@AGKXZ 10001cf7 f i CheckScanner.obj
 0001:00000d01       ?Release@?$CComContainedObject@VCOPOSCheckScanner@@@ATL@@WHI@AGKXZ 10001d01 f i CheckScanner.obj
 0001:00000d0b       ?QueryInterface@?$CComContainedObject@VCOPOSCheckScanner@@@ATL@@WHM@AGJABU_GUID@@PAPAX@Z 10001d0b f i CheckScanner.obj
 0001:00000d15       ?AddRef@?$CComContainedObject@VCOPOSCheckScanner@@@ATL@@WHM@AGKXZ 10001d15 f i CheckScanner.obj
 0001:00000d1f       ?Release@?$CComContainedObject@VCOPOSCheckScanner@@@ATL@@WHM@AGKXZ 10001d1f f i CheckScanner.obj
 0001:00000d29       ?QueryInterface@?$CComContainedObject@VCOPOSCheckScanner@@@ATL@@WIA@AGJABU_GUID@@PAPAX@Z 10001d29 f i CheckScanner.obj
 0001:00000d36       ?AddRef@?$CComContainedObject@VCOPOSCheckScanner@@@ATL@@WIA@AGKXZ 10001d36 f i CheckScanner.obj
 0001:00000d43       ?Release@?$CComContainedObject@VCOPOSCheckScanner@@@ATL@@WIA@AGKXZ 10001d43 f i CheckScanner.obj
 0001:00000d50       ?QueryInterface@?$CComContainedObject@VCOPOSCheckScanner@@@ATL@@WIE@AGJABU_GUID@@PAPAX@Z 10001d50 f i CheckScanner.obj
 0001:00000d5d       ?AddRef@?$CComContainedObject@VCOPOSCheckScanner@@@ATL@@WIE@AGKXZ 10001d5d f i CheckScanner.obj
 0001:00000d6a       ?Release@?$CComContainedObject@VCOPOSCheckScanner@@@ATL@@WIE@AGKXZ 10001d6a f i CheckScanner.obj
 0001:00000d77       ?QueryInterface@?$CComContainedObject@VCOPOSCheckScanner@@@ATL@@WII@AGJABU_GUID@@PAPAX@Z 10001d77 f i CheckScanner.obj
 0001:00000d84       ?AddRef@?$CComContainedObject@VCOPOSCheckScanner@@@ATL@@WII@AGKXZ 10001d84 f i CheckScanner.obj
 0001:00000d91       ?Release@?$CComContainedObject@VCOPOSCheckScanner@@@ATL@@WII@AGKXZ 10001d91 f i CheckScanner.obj
 0001:00000d9e       ?QueryInterface@?$CComContainedObject@VCOPOSCheckScanner@@@ATL@@WIM@AGJABU_GUID@@PAPAX@Z 10001d9e f i CheckScanner.obj
 0001:00000dab       ?AddRef@?$CComContainedObject@VCOPOSCheckScanner@@@ATL@@WIM@AGKXZ 10001dab f i CheckScanner.obj
 0001:00000db8       ?Release@?$CComContainedObject@VCOPOSCheckScanner@@@ATL@@WIM@AGKXZ 10001db8 f i CheckScanner.obj
 0001:00000dc5       ?QueryInterface@?$CComContainedObject@VCOPOSCheckScanner@@@ATL@@WJA@AGJABU_GUID@@PAPAX@Z 10001dc5 f i CheckScanner.obj
 0001:00000dd2       ?AddRef@?$CComContainedObject@VCOPOSCheckScanner@@@ATL@@WJA@AGKXZ 10001dd2 f i CheckScanner.obj
 0001:00000ddf       ?Release@?$CComContainedObject@VCOPOSCheckScanner@@@ATL@@WJA@AGKXZ 10001ddf f i CheckScanner.obj
 0001:00000dec       ?QueryInterface@?$CComContainedObject@VCOPOSCheckScanner@@@ATL@@WJE@AGJABU_GUID@@PAPAX@Z 10001dec f i CheckScanner.obj
 0001:00000df9       ?AddRef@?$CComContainedObject@VCOPOSCheckScanner@@@ATL@@WJE@AGKXZ 10001df9 f i CheckScanner.obj
 0001:00000e06       ?Release@?$CComContainedObject@VCOPOSCheckScanner@@@ATL@@WJE@AGKXZ 10001e06 f i CheckScanner.obj
 0001:00000e13       ?QueryInterface@?$CComContainedObject@VCOPOSCheckScanner@@@ATL@@WJI@AGJABU_GUID@@PAPAX@Z 10001e13 f i CheckScanner.obj
 0001:00000e20       ?AddRef@?$CComContainedObject@VCOPOSCheckScanner@@@ATL@@WJI@AGKXZ 10001e20 f i CheckScanner.obj
 0001:00000e2d       ?Release@?$CComContainedObject@VCOPOSCheckScanner@@@ATL@@WJI@AGKXZ 10001e2d f i CheckScanner.obj
 0001:00000e3a       ?QueryInterface@?$CComContainedObject@VCOPOSCheckScanner@@@ATL@@WJM@AGJABU_GUID@@PAPAX@Z 10001e3a f i CheckScanner.obj
 0001:00000e47       ?AddRef@?$CComContainedObject@VCOPOSCheckScanner@@@ATL@@WJM@AGKXZ 10001e47 f i CheckScanner.obj
 0001:00000e54       ?Release@?$CComContainedObject@VCOPOSCheckScanner@@@ATL@@WJM@AGKXZ 10001e54 f i CheckScanner.obj
 0001:00000e61       ?QueryInterface@?$CComContainedObject@VCOPOSCheckScanner@@@ATL@@WKA@AGJABU_GUID@@PAPAX@Z 10001e61 f i CheckScanner.obj
 0001:00000e6e       ?AddRef@?$CComContainedObject@VCOPOSCheckScanner@@@ATL@@WKA@AGKXZ 10001e6e f i CheckScanner.obj
 0001:00000e7b       ?Release@?$CComContainedObject@VCOPOSCheckScanner@@@ATL@@WKA@AGKXZ 10001e7b f i CheckScanner.obj
 0001:00000e88       ?AddRef@?$CComContainedObject@VCOPOSCheckScanner@@@ATL@@WKI@AGKXZ 10001e88 f i CheckScanner.obj
 0001:00000e95       ?Release@?$CComContainedObject@VCOPOSCheckScanner@@@ATL@@WKI@AGKXZ 10001e95 f i CheckScanner.obj
 0001:00000ea2       ?AddRef@?$CComContainedObject@VCOPOSCheckScanner@@@ATL@@WLE@AGKXZ 10001ea2 f i CheckScanner.obj
 0001:00000eaf       ?Release@?$CComContainedObject@VCOPOSCheckScanner@@@ATL@@WLE@AGKXZ 10001eaf f i CheckScanner.obj
 0001:00000ebc       ?GetWindowProc@?$CWindowImplBaseT@VCWindow@ATL@@V?$CWinTraits@$0FGAAAAAA@$0A@@2@@ATL@@UAEP6GJPAUHWND__@@IIJ@ZXZ 10001ebc f i CheckScanner.obj
 0001:00000ec2       ?StartWindowProc@?$CWindowImplBaseT@VCWindow@ATL@@V?$CWinTraits@$0FGAAAAAA@$0A@@2@@ATL@@SGJPAUHWND__@@IIJ@Z 10001ec2 f i CheckScanner.obj
 0001:00000f16       ?GetTypeInfoCount@?$IDispatchImpl@UIOPOSCheckScanner@@$1?IID_IOPOSCheckScanner@@3U_GUID@@B$1?LIBID_OposCheckScanner_CCO@@3U3@B$00$0A@VCComTypeInfoHolder@ATL@@@ATL@@UAGJPAI@Z 10001f16 f i CheckScanner.obj
 0001:00000f33       ?GetTypeInfo@?$IDispatchImpl@UIOPOSCheckScanner@@$1?IID_IOPOSCheckScanner@@3U_GUID@@B$1?LIBID_OposCheckScanner_CCO@@3U3@B$00$0A@VCComTypeInfoHolder@ATL@@@ATL@@UAGJIKPAPAUITypeInfo@@@Z 10001f33 f i CheckScanner.obj
 0001:00000f57       ?GetIDsOfNames@?$IDispatchImpl@UIOPOSCheckScanner@@$1?IID_IOPOSCheckScanner@@3U_GUID@@B$1?LIBID_OposCheckScanner_CCO@@3U3@B$00$0A@VCComTypeInfoHolder@ATL@@@ATL@@UAGJABU_GUID@@PAPA_WIKPAJ@Z 10001f57 f i CheckScanner.obj
 0001:00000f77       ?Invoke@?$IDispatchImpl@UIOPOSCheckScanner@@$1?IID_IOPOSCheckScanner@@3U_GUID@@B$1?LIBID_OposCheckScanner_CCO@@3U3@B$00$0A@VCComTypeInfoHolder@ATL@@@ATL@@UAGJJABU_GUID@@KGPAUtagDISPPARAMS@@PAUtagVARIANT@@PAUtagEXCEPINFO@@PAI@Z 10001f77 f i CheckScanner.obj
 0001:00000f85       ?CreateControlWindow@?$CComControl@VCOPOSCheckScanner@@V?$CWindowImpl@VCOPOSCheckScanner@@VCWindow@ATL@@V?$CWinTraits@$0FGAAAAAA@$0A@@3@@ATL@@@ATL@@UAEPAUHWND__@@PAU3@AAUtagRECT@@@Z 10001f85 f i CheckScanner.obj
 0001:00000fb4       ?ControlQueryInterface@?$CComControl@VCOPOSCheckScanner@@V?$CWindowImpl@VCOPOSCheckScanner@@VCWindow@ATL@@V?$CWinTraits@$0FGAAAAAA@$0A@@3@@ATL@@@ATL@@UAEJABU_GUID@@PAPAX@Z 10001fb4 f i CheckScanner.obj
 0001:00000fcf       ?GetUserClassID@?$IOleObjectImpl@VCOPOSCheckScanner@@@ATL@@UAGJPAU_GUID@@@Z 10001fcf f i CheckScanner.obj
 0001:00000fcf       ?GetClassID@?$IPersistStreamInitImpl@VCOPOSCheckScanner@@@ATL@@UAGJPAU_GUID@@@Z 10001fcf f i CheckScanner.obj
 0001:00000fcf       ?GetClassID@?$IPersistStorageImpl@VCOPOSCheckScanner@@@ATL@@UAGJPAU_GUID@@@Z 10001fcf f i CheckScanner.obj
 0001:00000ff3       ?IsDirty@?$IPersistStreamInitImpl@VCOPOSCheckScanner@@@ATL@@UAGJXZ 10001ff3 f i CheckScanner.obj
 0001:00001012       ?Load@?$IPersistStreamInitImpl@VCOPOSCheckScanner@@@ATL@@UAGJPAUIStream@@@Z 10002012 f i CheckScanner.obj
 0001:00001031       ?Save@?$IPersistStreamInitImpl@VCOPOSCheckScanner@@@ATL@@UAGJPAUIStream@@H@Z 10002031 f i CheckScanner.obj
 0001:00001053       ?GetSizeMax@?$IPersistStreamInitImpl@VCOPOSCheckScanner@@@ATL@@UAGJPAT_ULARGE_INTEGER@@@Z 10002053 f i CheckScanner.obj
 0001:00001232       ?InitNew@?$IPersistStreamInitImpl@VCOPOSCheckScanner@@@ATL@@UAGJXZ 10002232 f i CheckScanner.obj
 0001:0000124f       ?QueryGetData@?$IDataObjectImpl@VCOPOSCheckScanner@@@ATL@@UAGJPAUtagFORMATETC@@@Z 1000224f f i CheckScanner.obj
 0001:0000124f       ?Unfreeze@?$IViewObjectExImpl@VCOPOSCheckScanner@@@ATL@@UAGJK@Z 1000224f f i CheckScanner.obj
 0001:0000124f       ?SetColorScheme@?$IOleObjectImpl@VCOPOSCheckScanner@@@ATL@@UAGJPAUtagLOGPALETTE@@@Z 1000224f f i CheckScanner.obj
 0001:0000124f       ?ContextSensitiveHelp@?$IOleInPlaceActiveObjectImpl@VCOPOSCheckScanner@@@ATL@@UAGJH@Z 1000224f f i CheckScanner.obj
 0001:0000124f       ?SOOutputCompleteDummy@COPOSCheckScanner@@MAGJJ@Z 1000224f f i CheckScanner.obj
 0001:0000124f       ?OnMnemonic@?$IOleControlImpl@VCOPOSCheckScanner@@@ATL@@UAGJPAUtagMSG@@@Z 1000224f f i CheckScanner.obj
 0001:0000124f       ?GetControlInfo@?$IOleControlImpl@VCOPOSCheckScanner@@@ATL@@UAGJPAUtagCONTROLINFO@@@Z 1000224f f i CheckScanner.obj
 0001:0000124f       ?GetDropTarget@?$IOleInPlaceObjectWindowlessImpl@VCOPOSCheckScanner@@@ATL@@UAGJPAPAUIDropTarget@@@Z 1000224f f i CheckScanner.obj
 0001:0000124f       ?ContextSensitiveHelp@?$IOleInPlaceObjectWindowlessImpl@VCOPOSCheckScanner@@@ATL@@UAGJH@Z 1000224f f i CheckScanner.obj
 0001:00001257       ?OnFrameWindowActivate@?$IOleInPlaceActiveObjectImpl@VCOPOSCheckScanner@@@ATL@@UAGJH@Z 10002257 f i CheckScanner.obj
 0001:00001257       ?EnableModeless@?$IOleInPlaceActiveObjectImpl@VCOPOSCheckScanner@@@ATL@@UAGJH@Z 10002257 f i CheckScanner.obj
 0001:00001257       ?OnAmbientPropertyChange@?$IOleControlImpl@VCOPOSCheckScanner@@@ATL@@UAGJJ@Z 10002257 f i CheckScanner.obj
 0001:00001257       ?SaveCompleted@?$IPersistStorageImpl@VCOPOSCheckScanner@@@ATL@@UAGJPAUIStorage@@@Z 10002257 f i CheckScanner.obj
 0001:0000125c       ?SetClientSite@?$IOleObjectImpl@VCOPOSCheckScanner@@@ATL@@UAGJPAUIOleClientSite@@@Z 1000225c f i CheckScanner.obj
 0001:00001279       ?GetClientSite@?$IOleObjectImpl@VCOPOSCheckScanner@@@ATL@@UAGJPAPAUIOleClientSite@@@Z 10002279 f i CheckScanner.obj
 0001:00001296       ?SetHostNames@?$IOleObjectImpl@VCOPOSCheckScanner@@@ATL@@UAGJPB_W0@Z 10002296 f i CheckScanner.obj
 0001:0000129b       ?Close@?$IOleObjectImpl@VCOPOSCheckScanner@@@ATL@@UAGJK@Z 1000229b f i CheckScanner.obj
 0001:000012b8       ?GetRect@?$IViewObjectExImpl@VCOPOSCheckScanner@@@ATL@@UAGJKPAU_RECTL@@@Z 100022b8 f i CheckScanner.obj
 0001:000012b8       ?EnumFormatEtc@?$IDataObjectImpl@VCOPOSCheckScanner@@@ATL@@UAGJKPAPAUIEnumFORMATETC@@@Z 100022b8 f i CheckScanner.obj
 0001:000012b8       ?SetMoniker@?$IOleObjectImpl@VCOPOSCheckScanner@@@ATL@@UAGJKPAUIMoniker@@@Z 100022b8 f i CheckScanner.obj
 0001:000012b8       ?GetClipboardData@?$IOleObjectImpl@VCOPOSCheckScanner@@@ATL@@UAGJKPAPAUIDataObject@@@Z 100022b8 f i CheckScanner.obj
 0001:000012b8       ?GetCanonicalFormatEtc@?$IDataObjectImpl@VCOPOSCheckScanner@@@ATL@@UAGJPAUtagFORMATETC@@0@Z 100022b8 f i CheckScanner.obj
 0001:000012b8       ?GetDataHere@?$IDataObjectImpl@VCOPOSCheckScanner@@@ATL@@UAGJPAUtagFORMATETC@@PAUtagSTGMEDIUM@@@Z 100022b8 f i CheckScanner.obj
 0001:000012b8       ?QueryInterface@CRegObject@ATL@@UAGJABU_GUID@@PAPAX@Z 100022b8 f i CheckScanner.obj
 0001:000012c0       ?GetMoniker@?$IOleObjectImpl@VCOPOSCheckScanner@@@ATL@@UAGJKKPAPAUIMoniker@@@Z 100022c0 f i CheckScanner.obj
 0001:000012c0       ?SetData@?$IDataObjectImpl@VCOPOSCheckScanner@@@ATL@@UAGJPAUtagFORMATETC@@PAUtagSTGMEDIUM@@H@Z 100022c0 f i CheckScanner.obj
 0001:000012c0       ?InitFromData@?$IOleObjectImpl@VCOPOSCheckScanner@@@ATL@@UAGJPAUIDataObject@@HK@Z 100022c0 f i CheckScanner.obj
 0001:000012c8       ?DoVerb@?$IOleObjectImpl@VCOPOSCheckScanner@@@ATL@@UAGJJPAUtagMSG@@PAUIOleClientSite@@JPAUHWND__@@PBUtagRECT@@@Z 100022c8 f i CheckScanner.obj
 0001:000013bc       ?EnumVerbs@?$IOleObjectImpl@VCOPOSCheckScanner@@@ATL@@UAGJPAPAUIEnumOLEVERB@@@Z 100023bc f i CheckScanner.obj
 0001:000013de       ?Release@CRegObject@ATL@@UAGKXZ 100023de f i CheckScanner.obj
 0001:000013de       ?Update@?$IOleObjectImpl@VCOPOSCheckScanner@@@ATL@@UAGJXZ 100023de f i CheckScanner.obj
 0001:000013de       ?HandsOffStorage@?$IPersistStorageImpl@VCOPOSCheckScanner@@@ATL@@UAGJXZ 100023de f i CheckScanner.obj
 0001:000013de       ?IsUpToDate@?$IOleObjectImpl@VCOPOSCheckScanner@@@ATL@@UAGJXZ 100023de f i CheckScanner.obj
 0001:000013e3       ?GetUserType@?$IOleObjectImpl@VCOPOSCheckScanner@@@ATL@@UAGJKPAPA_W@Z 100023e3 f i CheckScanner.obj
 0001:000013fb       ?SetExtent@?$IOleObjectImpl@VCOPOSCheckScanner@@@ATL@@UAGJKPAUtagSIZE@@@Z 100023fb f i CheckScanner.obj
 0001:0000141b       ?GetExtent@?$IOleObjectImpl@VCOPOSCheckScanner@@@ATL@@UAGJKPAUtagSIZE@@@Z 1000241b f i CheckScanner.obj
 0001:00001459       ?Advise@?$IOleObjectImpl@VCOPOSCheckScanner@@@ATL@@UAGJPAUIAdviseSink@@PAK@Z 10002459 f i CheckScanner.obj
 0001:00001479       ?Unadvise@?$IOleObjectImpl@VCOPOSCheckScanner@@@ATL@@UAGJK@Z 10002479 f i CheckScanner.obj
 0001:000014a8       ?EnumAdvise@?$IOleObjectImpl@VCOPOSCheckScanner@@@ATL@@UAGJPAPAUIEnumSTATDATA@@@Z 100024a8 f i CheckScanner.obj
 0001:000014e8       ?GetMiscStatus@?$IOleObjectImpl@VCOPOSCheckScanner@@@ATL@@UAGJKPAK@Z 100024e8 f i CheckScanner.obj
 0001:00001500       ?GetWindow@?$IOleInPlaceActiveObjectImpl@VCOPOSCheckScanner@@@ATL@@UAGJPAPAUHWND__@@@Z 10002500 f i CheckScanner.obj
 0001:0000154d       ?TranslateAcceleratorW@?$IOleInPlaceActiveObjectImpl@VCOPOSCheckScanner@@@ATL@@UAGJPAUtagMSG@@@Z 1000254d f i CheckScanner.obj
 0001:000015fb       ?OnDocWindowActivate@?$IOleInPlaceActiveObjectImpl@VCOPOSCheckScanner@@@ATL@@UAGJH@Z 100025fb f i CheckScanner.obj
 0001:0000161d       ?ResizeBorder@?$IOleInPlaceActiveObjectImpl@VCOPOSCheckScanner@@@ATL@@UAGJPBUtagRECT@@PAUIOleInPlaceUIWindow@@H@Z 1000261d f i CheckScanner.obj
 0001:00001622       ?Draw@?$IViewObjectExImpl@VCOPOSCheckScanner@@@ATL@@UAGJKJPAXPAUtagDVTARGETDEVICE@@PAUHDC__@@2PBU_RECTL@@3P6GHK@ZK@Z 10002622 f i CheckScanner.obj
 0001:00001654       ?GetColorSet@?$IViewObjectExImpl@VCOPOSCheckScanner@@@ATL@@UAGJKJPAXPAUtagDVTARGETDEVICE@@PAUHDC__@@PAPAUtagLOGPALETTE@@@Z 10002654 f i CheckScanner.obj
 0001:0000165c       ?Freeze@?$IViewObjectExImpl@VCOPOSCheckScanner@@@ATL@@UAGJKJPAXPAK@Z 1000265c f i CheckScanner.obj
 0001:00001664       ?SetAdvise@?$IViewObjectExImpl@VCOPOSCheckScanner@@@ATL@@UAGJKKPAUIAdviseSink@@@Z 10002664 f i CheckScanner.obj
 0001:00001683       ?GetAdvise@?$IViewObjectExImpl@VCOPOSCheckScanner@@@ATL@@UAGJPAK0PAPAUIAdviseSink@@@Z 10002683 f i CheckScanner.obj
 0001:000016b8       ?GetExtent@?$IViewObjectExImpl@VCOPOSCheckScanner@@@ATL@@UAGJKJPAUtagDVTARGETDEVICE@@PAUtagSIZE@@@Z 100026b8 f i CheckScanner.obj
 0001:000016e9       ?GetViewStatus@?$IViewObjectExImpl@VCOPOSCheckScanner@@@ATL@@UAGJPAK@Z 100026e9 f i CheckScanner.obj
 0001:00001706       ?QueryHitPoint@?$IViewObjectExImpl@VCOPOSCheckScanner@@@ATL@@UAGJKPBUtagRECT@@UtagPOINT@@JPAK@Z 10002706 f i CheckScanner.obj
 0001:00001747       ?QueryHitRect@?$IViewObjectExImpl@VCOPOSCheckScanner@@@ATL@@UAGJKPBUtagRECT@@0JPAK@Z 10002747 f i CheckScanner.obj
 0001:000017a2       ?GetNaturalExtent@?$IViewObjectExImpl@VCOPOSCheckScanner@@@ATL@@UAGJKJPAUtagDVTARGETDEVICE@@PAUHDC__@@PAUtagExtentInfo@@PAUtagSIZE@@@Z 100027a2 f i CheckScanner.obj
 0001:000017ed       ?GetWindow@?$IOleInPlaceObjectWindowlessImpl@VCOPOSCheckScanner@@@ATL@@UAGJPAPAUHWND__@@@Z 100027ed f i CheckScanner.obj
 0001:0000183a       ?InPlaceDeactivate@?$IOleInPlaceObjectWindowlessImpl@VCOPOSCheckScanner@@@ATL@@UAGJXZ 1000283a f i CheckScanner.obj
 0001:00001854       ?UIDeactivate@?$IOleInPlaceObjectWindowlessImpl@VCOPOSCheckScanner@@@ATL@@UAGJXZ 10002854 f i CheckScanner.obj
 0001:0000186e       ?SetObjectRects@?$IOleInPlaceObjectWindowlessImpl@VCOPOSCheckScanner@@@ATL@@UAGJPBUtagRECT@@0@Z 1000286e f i CheckScanner.obj
 0001:0000188e       ?ReactivateAndUndo@?$IOleInPlaceObjectWindowlessImpl@VCOPOSCheckScanner@@@ATL@@UAGJXZ 1000288e f i CheckScanner.obj
 0001:00001896       ?OnWindowMessage@?$IOleInPlaceObjectWindowlessImpl@VCOPOSCheckScanner@@@ATL@@UAGJIIJPAJ@Z 10002896 f i CheckScanner.obj
 0001:00001906       ?EnumConnectionPoints@?$IConnectionPointContainerImpl@VCOPOSCheckScanner@@@ATL@@UAGJPAPAUIEnumConnectionPoints@@@Z 10002906 f i CheckScanner.obj
 0001:00001a96       ?FindConnectionPoint@?$IConnectionPointContainerImpl@VCOPOSCheckScanner@@@ATL@@UAGJABU_GUID@@PAPAUIConnectionPoint@@@Z 10002a96 f i CheckScanner.obj
 0001:00001b39       ?IsDirty@?$IPersistStorageImpl@VCOPOSCheckScanner@@@ATL@@UAGJXZ 10002b39 f i CheckScanner.obj
 0001:00001b69       ?InitNew@?$IPersistStorageImpl@VCOPOSCheckScanner@@@ATL@@UAGJPAUIStorage@@@Z 10002b69 f i CheckScanner.obj
 0001:00001b99       ?Load@?$IPersistStorageImpl@VCOPOSCheckScanner@@@ATL@@UAGJPAUIStorage@@@Z 10002b99 f i CheckScanner.obj
 0001:00001c05       ?Save@?$IPersistStorageImpl@VCOPOSCheckScanner@@@ATL@@UAGJPAUIStorage@@H@Z 10002c05 f i CheckScanner.obj
 0001:00001c78       ?GetPages@?$ISpecifyPropertyPagesImpl@VCOPOSCheckScanner@@@ATL@@UAGJPAUtagCAUUID@@@Z 10002c78 f i CheckScanner.obj
 0001:00001c8f       ?QuickActivate@?$IQuickActivateImpl@VCOPOSCheckScanner@@@ATL@@UAGJPAUtagQACONTAINER@@PAUtagQACONTROL@@@Z 10002c8f f i CheckScanner.obj
 0001:00001cb2       ?SetContentExtent@?$IQuickActivateImpl@VCOPOSCheckScanner@@@ATL@@UAGJPAUtagSIZE@@@Z 10002cb2 f i CheckScanner.obj
 0001:00001cde       ?GetContentExtent@?$IQuickActivateImpl@VCOPOSCheckScanner@@@ATL@@UAGJPAUtagSIZE@@@Z 10002cde f i CheckScanner.obj
 0001:00001d1a       ?GetData@?$IDataObjectImpl@VCOPOSCheckScanner@@@ATL@@UAGJPAUtagFORMATETC@@PAUtagSTGMEDIUM@@@Z 10002d1a f i CheckScanner.obj
 0001:00001d3d       ?DAdvise@?$IDataObjectImpl@VCOPOSCheckScanner@@@ATL@@UAGJPAUtagFORMATETC@@KPAUIAdviseSink@@PAK@Z 10002d3d f i CheckScanner.obj
 0001:00001d7e       ?Lock@CAtlModule@ATL@@UAEJXZ 10002d7e f i CheckScanner.obj
 0001:00001d88       ?Unlock@CAtlModule@ATL@@UAEJXZ 10002d88 f i CheckScanner.obj
 0001:00001d92       ?DUnadvise@?$IDataObjectImpl@VCOPOSCheckScanner@@@ATL@@UAGJK@Z 10002d92 f i CheckScanner.obj
 0001:00001dc0       ?GetLockCount@CAtlModule@ATL@@UAEJXZ 10002dc0 f i CheckScanner.obj
 0001:00001dc4       ?EnumDAdvise@?$IDataObjectImpl@VCOPOSCheckScanner@@@ATL@@UAGJPAPAUIEnumSTATDATA@@@Z 10002dc4 f i CheckScanner.obj
 0001:00001e03       ?GetGITPtr@CAtlModule@ATL@@UAEJPAPAUIGlobalInterfaceTable@@@Z 10002e03 f i CheckScanner.obj
 0001:00001e4f       ?GetClassInfoW@?$IProvideClassInfo2Impl@$1?CLSID_OPOSCheckScanner@@3U_GUID@@B$1?DIID__IOPOSCheckScannerEvents@@3U2@B$1?LIBID_OposCheckScanner_CCO@@3U2@B$00$0A@VCComTypeInfoHolder@ATL@@@ATL@@UAGJPAPAUITypeInfo@@@Z 10002e4f f i CheckScanner.obj
 0001:00001e65       ?GetGUID@?$IProvideClassInfo2Impl@$1?CLSID_OPOSCheckScanner@@3U_GUID@@B$1?DIID__IOPOSCheckScannerEvents@@3U2@B$1?LIBID_OposCheckScanner_CCO@@3U2@B$00$0A@VCComTypeInfoHolder@ATL@@@ATL@@UAGJKPAU_GUID@@@Z 10002e65 f i CheckScanner.obj
 0001:00001ea3       ?FAccessAllowed@?$IObjectSafetyImpl@VCOPOSCheckScanner@@$02@ATL@@MAEHXZ 10002ea3 f i CheckScanner.obj
 0001:00001ea3       __get_startup_argv_mode    10002ea3 f i LIBCMT:argv_mode.obj
 0001:00001ea7       ?GetInterfaceSafetyOptions@?$IObjectSafetyImpl@VCOPOSCheckScanner@@$02@ATL@@UAGJABU_GUID@@PAK1@Z 10002ea7 f i CheckScanner.obj
 0001:00001f1a       ?SetInterfaceSafetyOptions@?$IObjectSafetyImpl@VCOPOSCheckScanner@@$02@ATL@@UAGJABU_GUID@@KK@Z 10002f1a f i CheckScanner.obj
 0001:00001f94       ?_LocCPQueryInterface@?$IConnectionPointImpl@VCOPOSCheckScanner@@$1?DIID__IOPOSCheckScannerEvents@@3U_GUID@@BVCComDynamicUnkArray@ATL@@@ATL@@UAGJABU_GUID@@PAPAX@Z 10002f94 f i CheckScanner.obj
 0001:00001f94       ?_LocCPQueryInterface@?$IConnectionPointImpl@VCOPOSCheckScanner@@$1?IID_IPropertyNotifySink@@3U_GUID@@BVCComDynamicUnkArray@ATL@@@ATL@@UAGJABU_GUID@@PAPAX@Z 10002f94 f i CheckScanner.obj
 0001:00001fe1       ?GetConnectionInterface@?$IConnectionPointImpl@VCOPOSCheckScanner@@$1?IID_IPropertyNotifySink@@3U_GUID@@BVCComDynamicUnkArray@ATL@@@ATL@@UAGJPAU_GUID@@@Z 10002fe1 f i CheckScanner.obj
 0001:00002005       ?GetConnectionPointContainer@?$IConnectionPointImpl@VCOPOSCheckScanner@@$1?IID_IPropertyNotifySink@@3U_GUID@@BVCComDynamicUnkArray@ATL@@@ATL@@UAGJPAPAUIConnectionPointContainer@@@Z 10003005 f i CheckScanner.obj
 0001:00002028       ?Advise@?$IConnectionPointImpl@VCOPOSCheckScanner@@$1?DIID__IOPOSCheckScannerEvents@@3U_GUID@@BVCComDynamicUnkArray@ATL@@@ATL@@UAGJPAUIUnknown@@PAK@Z 10003028 f i CheckScanner.obj
 0001:00002028       ?Advise@?$IConnectionPointImpl@VCOPOSCheckScanner@@$1?IID_IPropertyNotifySink@@3U_GUID@@BVCComDynamicUnkArray@ATL@@@ATL@@UAGJPAUIUnknown@@PAK@Z 10003028 f i CheckScanner.obj
 0001:000020c8       ?Unadvise@?$IConnectionPointImpl@VCOPOSCheckScanner@@$1?IID_IPropertyNotifySink@@3U_GUID@@BVCComDynamicUnkArray@ATL@@@ATL@@UAGJK@Z 100030c8 f i CheckScanner.obj
 0001:000020c8       ?Unadvise@?$IConnectionPointImpl@VCOPOSCheckScanner@@$1?DIID__IOPOSCheckScannerEvents@@3U_GUID@@BVCComDynamicUnkArray@ATL@@@ATL@@UAGJK@Z 100030c8 f i CheckScanner.obj
 0001:00002108       ?EnumConnections@?$IConnectionPointImpl@VCOPOSCheckScanner@@$1?DIID__IOPOSCheckScannerEvents@@3U_GUID@@BVCComDynamicUnkArray@ATL@@@ATL@@UAGJPAPAUIEnumConnections@@@Z 10003108 f i CheckScanner.obj
 0001:00002108       ?EnumConnections@?$IConnectionPointImpl@VCOPOSCheckScanner@@$1?IID_IPropertyNotifySink@@3U_GUID@@BVCComDynamicUnkArray@ATL@@@ATL@@UAGJPAPAUIEnumConnections@@@Z 10003108 f i CheckScanner.obj
 0001:0000220b       ?GetConnectionInterface@?$IConnectionPointImpl@VCOPOSCheckScanner@@$1?DIID__IOPOSCheckScannerEvents@@3U_GUID@@BVCComDynamicUnkArray@ATL@@@ATL@@UAGJPAU_GUID@@@Z 1000320b f i CheckScanner.obj
 0001:0000222f       ?GetConnectionPointContainer@?$IConnectionPointImpl@VCOPOSCheckScanner@@$1?DIID__IOPOSCheckScannerEvents@@3U_GUID@@BVCComDynamicUnkArray@ATL@@@ATL@@UAGJPAPAUIConnectionPointContainer@@@Z 1000322f f i CheckScanner.obj
 0001:00002252       ?AddCommonRGSReplacements@?$CAtlModuleT@VCComModule@ATL@@@ATL@@UAEJPAUIRegistrarBase@@@Z 10003252 f i CheckScanner.obj
 0001:0000226c       ?UpdateRegistry@COPOSCheckScanner@@SGJH@Z 1000326c f i CheckScanner.obj
 0001:00002284       ?UpdateRegistryFromResourceD@CComModule@ATL@@UAGJPB_WHPAU_ATL_REGMAP_ENTRY@2@@Z 10003284 f i CheckScanner.obj
 0001:00002284       ?UpdateRegistryFromResourceD@CComModule@ATL@@UAGJIHPAU_ATL_REGMAP_ENTRY@2@@Z 10003284 f i CheckScanner.obj
 0001:0000228c       ?UpdateRegistryFromResource@CComModule@ATL@@UAGJPB_WHPAU_ATL_REGMAP_ENTRY@2@@Z 1000328c f i CheckScanner.obj
 0001:00002295       ?UpdateRegistryFromResource@CComModule@ATL@@UAGJIHPAU_ATL_REGMAP_ENTRY@2@@Z 10003295 f i CheckScanner.obj
 0001:0000229e       ?ProcessWindowMessage@COPOSCheckScanner@@UAEHPAUHWND__@@IIJAAJK@Z 1000329e f i CheckScanner.obj
 0001:000022eb       ?SOData@COPOSCheckScanner@@MAGJJ@Z 100032eb f i CheckScanner.obj
 0001:00002324       ?SODirectIO@COPOSCheckScanner@@MAGJJPAJPAPA_W@Z 10003324 f i CheckScanner.obj
 0001:0000236d       ?SOError@COPOSCheckScanner@@MAGJJJJPAJ@Z 1000336d f i CheckScanner.obj
 0001:000023c2       ?SOStatusUpdate@COPOSCheckScanner@@MAGJJ@Z 100033c2 f i CheckScanner.obj
 0001:000023fb       ??_GCComModule@ATL@@UAEPAXI@Z 100033fb f i CheckScanner.obj
 0001:000023fb       ??_ECComModule@ATL@@UAEPAXI@Z 100033fb f i CheckScanner.obj
 0001:00002423       ?CreateInstance@?$CComCreator@V?$CComObjectCached@VCComClassFactory@ATL@@@ATL@@@ATL@@SGJPAXABU_GUID@@PAPAX@Z 10003423 f i CheckScanner.obj
 0001:000024c4       ?CreateInstance@?$CComCreator2@V?$CComCreator@V?$CComObject@VCOPOSCheckScanner@@@ATL@@@ATL@@V?$CComCreator@V?$CComAggObject@VCOPOSCheckScanner@@@ATL@@@2@@ATL@@SGJPAXABU_GUID@@PAPAX@Z 100034c4 f i CheckScanner.obj
 0001:000024e4       ?AddRef@?$CComObjectCached@VCComClassFactory@ATL@@@ATL@@UAGKXZ 100034e4 f i CheckScanner.obj
 0001:0000250b       ?Release@?$CComObjectCached@VCComClassFactory@ATL@@@ATL@@UAGKXZ 1000350b f i CheckScanner.obj
 0001:00002541       ?QueryInterface@?$CComObjectCached@VCComClassFactory@ATL@@@ATL@@UAGJABU_GUID@@PAPAX@Z 10003541 f i CheckScanner.obj
 0001:0000255b       ??_G?$CComObjectCached@VCComClassFactory@ATL@@@ATL@@UAEPAXI@Z 1000355b f i CheckScanner.obj
 0001:0000255b       ??_E?$CComObjectCached@VCComClassFactory@ATL@@@ATL@@UAEPAXI@Z 1000355b f i CheckScanner.obj
 0001:0000257d       ?Next@?$CComEnumImpl@UIEnumConnectionPoints@@$1?_GUID_b196b285_bab4_101a_b69c_00aa00341d07@@3U__s_GUID@@BPAUIConnectionPoint@@V?$_CopyInterface@UIConnectionPoint@@@ATL@@@ATL@@UAGJKPAPAUIConnectionPoint@@PAK@Z 1000357d f i CheckScanner.obj
 0001:0000264c       ?Skip@?$CComEnumImpl@UIEnumConnectionPoints@@$1?_GUID_b196b285_bab4_101a_b69c_00aa00341d07@@3U__s_GUID@@BPAUIConnectionPoint@@V?$_CopyInterface@UIConnectionPoint@@@ATL@@@ATL@@UAGJK@Z 1000364c f i CheckScanner.obj
 0001:00002679       ?Clone@?$CComEnumImpl@UIEnumConnectionPoints@@$1?_GUID_b196b285_bab4_101a_b69c_00aa00341d07@@3U__s_GUID@@BPAUIConnectionPoint@@V?$_CopyInterface@UIConnectionPoint@@@ATL@@@ATL@@UAGJPAPAUIEnumConnectionPoints@@@Z 10003679 f i CheckScanner.obj
 0001:0000275a       ?QueryInterface@?$CComObject@V?$CComEnum@UIEnumConnectionPoints@@$1?_GUID_b196b285_bab4_101a_b69c_00aa00341d07@@3U__s_GUID@@BPAUIConnectionPoint@@V?$_CopyInterface@UIConnectionPoint@@@ATL@@VCComSingleThreadModel@6@@ATL@@@ATL@@UAGJABU_GUID@@PAPAX@Z 1000375a f i CheckScanner.obj
 0001:00002774       ??_E?$CComObject@V?$CComEnum@UIEnumConnectionPoints@@$1?_GUID_b196b285_bab4_101a_b69c_00aa00341d07@@3U__s_GUID@@BPAUIConnectionPoint@@V?$_CopyInterface@UIConnectionPoint@@@ATL@@VCComSingleThreadModel@6@@ATL@@@ATL@@UAEPAXI@Z 10003774 f i CheckScanner.obj
 0001:00002774       ??_G?$CComObject@V?$CComEnum@UIEnumConnectionPoints@@$1?_GUID_b196b285_bab4_101a_b69c_00aa00341d07@@3U__s_GUID@@BPAUIConnectionPoint@@V?$_CopyInterface@UIConnectionPoint@@@ATL@@VCComSingleThreadModel@6@@ATL@@@ATL@@UAEPAXI@Z 10003774 f i CheckScanner.obj
 0001:00002796       ?AddRef@CRegObject@ATL@@UAGKXZ 10003796 f i CheckScanner.obj
 0001:0000279c       ?AddReplacement@CRegObject@ATL@@UAGJPB_W0@Z 1000379c f i CheckScanner.obj
 0001:000027d5       ?ClearReplacements@CRegObject@ATL@@UAGJXZ 100037d5 f i CheckScanner.obj
 0001:000027e7       ??_ECRegObject@ATL@@UAEPAXI@Z 100037e7 f i CheckScanner.obj
 0001:000027e7       ??_GCRegObject@ATL@@UAEPAXI@Z 100037e7 f i CheckScanner.obj
 0001:00002809       ?AddRef@?$CComAggObject@VCOPOSCheckScanner@@@ATL@@UAGKXZ 10003809 f i CheckScanner.obj
 0001:0000281a       ?Release@?$CComAggObject@VCOPOSCheckScanner@@@ATL@@UAGKXZ 1000381a f i CheckScanner.obj
 0001:00002856       ?QueryInterface@?$CComAggObject@VCOPOSCheckScanner@@@ATL@@UAGJABU_GUID@@PAPAX@Z 10003856 f i CheckScanner.obj
 0001:000028a5       ?AddRef@?$CComContainedObject@VCOPOSCheckScanner@@@ATL@@UAGKXZ 100038a5 f i CheckScanner.obj
 0001:000028bb       ?Release@?$CComContainedObject@VCOPOSCheckScanner@@@ATL@@UAGKXZ 100038bb f i CheckScanner.obj
 0001:000028d1       ?QueryInterface@?$CComContainedObject@VCOPOSCheckScanner@@@ATL@@UAGJABU_GUID@@PAPAX@Z 100038d1 f i CheckScanner.obj
 0001:000028ec       ??_E?$CComAggObject@VCOPOSCheckScanner@@@ATL@@UAEPAXI@Z 100038ec f i CheckScanner.obj
 0001:000028ec       ??_G?$CComAggObject@VCOPOSCheckScanner@@@ATL@@UAEPAXI@Z 100038ec f i CheckScanner.obj
 0001:00002911       ?AddRef@?$CComObject@VCOPOSCheckScanner@@@ATL@@UAGKXZ 10003911 f i CheckScanner.obj
 0001:00002928       ?Release@?$CComObject@VCOPOSCheckScanner@@@ATL@@UAGKXZ 10003928 f i CheckScanner.obj
 0001:0000296a       ?QueryInterface@?$CComObject@VCOPOSCheckScanner@@@ATL@@UAGJABU_GUID@@PAPAX@Z 1000396a f i CheckScanner.obj
 0001:00002984       ??$?4UITypeInfo2@@@?$CComPtr@UITypeInfo@@@ATL@@QAEPAUITypeInfo@@ABV?$CComPtr@UITypeInfo2@@@1@@Z 10003984 f i CheckScanner.obj
 0001:000029b1       ??$AtlAdd@K@ATL@@YAJPAKKK@Z 100039b1 f i CheckScanner.obj
 0001:000029d4       ??$AtlAdd@_K@ATL@@YAJPA_K_K1@Z 100039d4 f i CheckScanner.obj
 0001:00002a0c       ??$AtlAddThrow@K@ATL@@YAKKK@Z 10003a0c f i CheckScanner.obj
 0001:00002a32       ??$AtlModuleRegisterWndClassInfoT@VAtlModuleRegisterWndClassInfoParamW@ATL@@@ATL@@YAGPAU_ATL_BASE_MODULE70@0@PAU_ATL_WIN_MODULE70@0@PAU_ATL_WNDCLASSINFOW@0@PAP6GJPAUHWND__@@IIJ@ZVAtlModuleRegisterWndClassInfoParamW@0@@Z 10003a32 f i CheckScanner.obj
 0001:00002b7f       ??$AtlMultiply@H@ATL@@YAJPAHHH@Z 10003b7f f i CheckScanner.obj
 0001:00002bb7       ??$AtlMultiply@K@ATL@@YAJPAKKK@Z 10003bb7 f i CheckScanner.obj
 0001:00002bb7       ??$AtlMultiply@I@ATL@@YAJPAIII@Z 10003bb7 f i CheckScanner.obj
 0001:00002bd9       ??$AtlMultiplyThrow@I@ATL@@YAIII@Z 10003bd9 f i CheckScanner.obj
 0001:00002bff       ??0?$CComAggObject@VCOPOSCheckScanner@@@ATL@@QAE@PAX@Z 10003bff f i CheckScanner.obj
 0001:00002c2c       ??0?$CComContainedObject@VCOPOSCheckScanner@@@ATL@@QAE@PAX@Z 10003c2c f i CheckScanner.obj
 0001:00002ce5       ??0?$CComObject@V?$CComEnum@UIEnumConnectionPoints@@$1?_GUID_b196b285_bab4_101a_b69c_00aa00341d07@@3U__s_GUID@@BPAUIConnectionPoint@@V?$_CopyInterface@UIConnectionPoint@@@ATL@@VCComSingleThreadModel@6@@ATL@@@ATL@@QAE@PAX@Z 10003ce5 f i CheckScanner.obj
 0001:00002d13       ??0?$CComObject@V?$CComEnum@UIEnumConnections@@$1?_GUID_b196b287_bab4_101a_b69c_00aa00341d07@@3U__s_GUID@@BUtagCONNECTDATA@@V?$_Copy@UtagCONNECTDATA@@@ATL@@VCComSingleThreadModel@6@@ATL@@@ATL@@QAE@PAX@Z 10003d13 f i CheckScanner.obj
 0001:00002d41       ??0?$CComObject@VCOPOSCheckScanner@@@ATL@@QAE@PAX@Z 10003d41 f i CheckScanner.obj
 0001:00002df8       ??0?$CComQIPtr@UIOleControlSite@@$1?_GUID_b196b289_bab4_101a_b69c_00aa00341d07@@3U__s_GUID@@B@ATL@@QAE@PAUIUnknown@@@Z 10003df8 f i CheckScanner.obj
 0001:00002e21       ??0CAtlModule@ATL@@QAE@XZ  10003e21 f i CheckScanner.obj
 0001:00002e62       ??0CParseBuffer@CRegParser@ATL@@QAE@H@Z 10003e62 f i CheckScanner.obj
 0001:00002e98       ??0_ATL_MSG@ATL@@QAE@PAUHWND__@@IIJH@Z 10003e98 f i CheckScanner.obj
 0001:00002ed0       ??1?$CComAggObject@VCOPOSCheckScanner@@@ATL@@UAE@XZ 10003ed0 f i CheckScanner.obj
 0001:00002ef4       ??1?$CComEnumImpl@UIEnumConnectionPoints@@$1?_GUID_b196b285_bab4_101a_b69c_00aa00341d07@@3U__s_GUID@@BPAUIConnectionPoint@@V?$_CopyInterface@UIConnectionPoint@@@ATL@@@ATL@@UAE@XZ 10003ef4 f i CheckScanner.obj
 0001:00002f30       ??1?$CComEnumImpl@UIEnumConnections@@$1?_GUID_b196b287_bab4_101a_b69c_00aa00341d07@@3U__s_GUID@@BUtagCONNECTDATA@@V?$_Copy@UtagCONNECTDATA@@@ATL@@@ATL@@UAE@XZ 10003f30 f i CheckScanner.obj
 0001:00002f6c       ??1?$CComObject@V?$CComEnum@UIEnumConnectionPoints@@$1?_GUID_b196b285_bab4_101a_b69c_00aa00341d07@@3U__s_GUID@@BPAUIConnectionPoint@@V?$_CopyInterface@UIConnectionPoint@@@ATL@@VCComSingleThreadModel@6@@ATL@@@ATL@@UAE@XZ 10003f6c f i CheckScanner.obj
 0001:00002f8f       ??1?$CComObject@V?$CComEnum@UIEnumConnections@@$1?_GUID_b196b287_bab4_101a_b69c_00aa00341d07@@3U__s_GUID@@BUtagCONNECTDATA@@V?$_Copy@UtagCONNECTDATA@@@ATL@@VCComSingleThreadModel@6@@ATL@@@ATL@@UAE@XZ 10003f8f f i CheckScanner.obj
 0001:00002fb2       ??1?$CComObject@VCOPOSCheckScanner@@@ATL@@UAE@XZ 10003fb2 f i CheckScanner.obj
 0001:00003070       ??1?$CComObjectCached@VCComClassFactory@ATL@@@ATL@@UAE@XZ 10004070 f i CheckScanner.obj
 0001:00003086       ??1?$CComObjectRootEx@VCComMultiThreadModel@ATL@@@ATL@@QAE@XZ 10004086 f i CheckScanner.obj
 0001:0000309b       ??1CRegObject@ATL@@UAE@XZ  1000409b f i CheckScanner.obj
 0001:000030bb       ??4?$CComPtr@UIOleClientSite@@@ATL@@QAEPAUIOleClientSite@@PAU2@@Z 100040bb f i CheckScanner.obj
 0001:000030bb       ??4?$CComPtr@UIAdviseSink@@@ATL@@QAEPAUIAdviseSink@@PAU2@@Z 100040bb f i CheckScanner.obj
 0001:000030bb       ??4?$CComPtr@UIUnknown@@@ATL@@QAEPAUIUnknown@@PAU2@@Z 100040bb f i CheckScanner.obj
 0001:000030e9       ??_G?$CComContainedObject@VCOPOSCheckScanner@@@ATL@@UAEPAXI@Z 100040e9 f i CheckScanner.obj
 0001:000030e9       ??_E?$CComContainedObject@VCOPOSCheckScanner@@@ATL@@UAEPAXI@Z 100040e9 f i CheckScanner.obj
 0001:0000310e       ??_G?$CComObject@VCOPOSCheckScanner@@@ATL@@UAEPAXI@Z 1000410e f i CheckScanner.obj
 0001:0000310e       ??_E?$CComObject@VCOPOSCheckScanner@@@ATL@@UAEPAXI@Z 1000410e f i CheckScanner.obj
 0001:00003133       ?Add@?$CSimpleArray@GV?$CSimpleArrayEqualHelper@G@ATL@@@ATL@@QAEHABG@Z 10004133 f i CheckScanner.obj
 0001:000031ad       ?Add@?$CSimpleMap@PA_WPA_WVCExpansionVectorEqualHelper@ATL@@@ATL@@QAEHABQA_W0@Z 100041ad f i CheckScanner.obj
 0001:00003202       ?Add@CComDynamicUnkArray@ATL@@QAEKPAUIUnknown@@@Z 10004202 f i CheckScanner.obj
 0001:000032b3       ?Add@CExpansionVector@ATL@@QAEHPB_W0@Z 100042b3 f i CheckScanner.obj
 0001:000033bc       ?AddString@CParseBuffer@CRegParser@ATL@@QAEHPB_W@Z 100043bc f i CheckScanner.obj
 0001:000033f1       ?AddTermFunc@CAtlModule@ATL@@QAEJP6GXK@ZK@Z 100043f1 f i CheckScanner.obj
 0001:0000345d       ?AddValue@CRegParser@ATL@@IAEJAAVCRegKey@2@PB_WPA_W@Z 1000445d f i CheckScanner.obj
 0001:00003777       ?Allocate@?$CAtlSafeAllocBufferManager@VCCRTAllocator@ATL@@@_ATL_SAFE_ALLOCA_IMPL@ATL@@QAEPAXK@Z 10004777 f i CheckScanner.obj
 0001:000037a4       ?Allocate@?$CTempBuffer@E$0BAA@VCCRTAllocator@ATL@@@ATL@@QAEPAEI@Z 100047a4 f i CheckScanner.obj
 0001:000037d3       ?Allocate@?$CTempBuffer@_W$0BAA@VCCRTAllocator@ATL@@@ATL@@QAEPA_WI@Z 100047d3 f i CheckScanner.obj
 0001:00003802       ?Allocate@?$CTempBuffer@_W$0EAA@VCCRTAllocator@ATL@@@ATL@@QAEPA_WI@Z 10004802 f i CheckScanner.obj
 0001:00003831       ?AllocateHeap@?$CTempBuffer@_W$0BAA@VCCRTAllocator@ATL@@@ATL@@AAEXI@Z 10004831 f i CheckScanner.obj
 0001:00003831       ?AllocateHeap@?$CTempBuffer@E$0BAA@VCCRTAllocator@ATL@@@ATL@@AAEXI@Z 10004831 f i CheckScanner.obj
 0001:00003831       ?AllocateHeap@?$CTempBuffer@_W$0EAA@VCCRTAllocator@ATL@@@ATL@@AAEXI@Z 10004831 f i CheckScanner.obj
 0001:00003856       ?Append@CParseBuffer@CRegParser@ATL@@QAEHPB_WH@Z 10004856 f i CheckScanner.obj
 0001:000038e2       ?AtlCoTaskMemCAlloc@ATL@@YAPAXKK@Z 100048e2 f i CheckScanner.obj
 0001:0000390f       ?AtlCoTaskMemRecalloc@ATL@@YAPAXPAXKK@Z 1000490f f i CheckScanner.obj
 0001:0000393f       ?AtlComModuleGetClassObject@ATL@@YGJPAU_ATL_COM_MODULE70@1@ABU_GUID@@1PAPAX@Z 1000493f f i CheckScanner.obj
 0001:00003a34       ?AtlComModuleRegisterServer@ATL@@YGJPAU_ATL_COM_MODULE70@1@HPBU_GUID@@@Z 10004a34 f i CheckScanner.obj
 0001:00003abc       ?AtlComModuleUnregisterServer@ATL@@YGJPAU_ATL_COM_MODULE70@1@HPBU_GUID@@@Z 10004abc f i CheckScanner.obj
 0001:00003b44       ?AtlComQIPtrAssign2@ATL@@YAXPAPAUIUnknown@@PAU2@ABU_GUID@@@Z 10004b44 f i CheckScanner.obj
 0001:00003b73       ?AtlCreateTargetDC@ATL@@YGPAUHDC__@@PAU2@PAUtagDVTARGETDEVICE@@@Z 10004b73 f i CheckScanner.obj
 0001:00003bdc       ?AtlCrtErrorCheck@ATL@@YAHH@Z 10004bdc f i CheckScanner.obj
 0001:00003c17       ?AtlHiMetricToPixel@ATL@@YGXPBUtagSIZE@@PAU2@@Z 10004c17 f i CheckScanner.obj
 0001:00003c8c       ?AtlHresultFromLastError@ATL@@YAJXZ 10004c8c f i CheckScanner.obj
 0001:00003ca3       ?AtlHresultFromWin32@ATL@@YAJK@Z 10004ca3 f i CheckScanner.obj
 0001:00003cb8       ?AtlInternalOleLoadFromStream@ATL@@YAJPAUIStream@@ABU_GUID@@PAPAXTClassesAllowedInStream@1@K@Z 10004cb8 f i CheckScanner.obj
 0001:00003de1       ?AtlInternalQueryInterface@ATL@@YGJPAXPBU_ATL_INTMAP_ENTRY@1@ABU_GUID@@PAPAX@Z 10004de1 f i CheckScanner.obj
 0001:00003e84       ?AtlLoadTypeLib@ATL@@YGJPAUHINSTANCE__@@PB_WPAPA_WPAPAUITypeLib@@@Z 10004e84 f i CheckScanner.obj
 0001:00004062       ?AtlRegisterClassCategoriesHelper@ATL@@YGJABU_GUID@@PBU_ATL_CATMAP_ENTRY@1@H@Z 10005062 f i CheckScanner.obj
 0001:0000435e       ?AtlRegisterTypeLib@ATL@@YGJPAUHINSTANCE__@@PB_W@Z 1000535e f i CheckScanner.obj
 0001:000044e6       ?AtlThrowImpl@ATL@@YGXJ@Z  100054e6 f i CheckScanner.obj
 0001:00004504       ?AtlUnRegisterTypeLib@ATL@@YGJPAUHINSTANCE__@@PB_W@Z 10005504 f i CheckScanner.obj
 0001:000045af       ?AtlWinModuleAddCreateWndData@ATL@@YGXPAU_ATL_WIN_MODULE70@1@PAU_AtlCreateWndData@1@PAX@Z 100055af f i CheckScanner.obj
 0001:00004603       ?AtlWinModuleExtractCreateWndData@ATL@@YGPAXPAU_ATL_WIN_MODULE70@1@@Z 10005603 f i CheckScanner.obj
 0001:00004667       ?AtlWinModuleRegisterClassExW@ATL@@YGGPAU_ATL_WIN_MODULE70@1@PBUtagWNDCLASSEXW@@@Z 10005667 f i CheckScanner.obj
 0001:000046a6       ?CanForceRemoveKey@CRegParser@ATL@@IAEHPB_W@Z 100056a6 f i CheckScanner.obj
 0001:000046d5       ?ChToByte@CRegParser@ATL@@KAE_W@Z 100056d5 f i CheckScanner.obj
 0001:0000475d       ?Cleanup@CComTypeInfoHolder@ATL@@SGXK@Z 1000575d f i CheckScanner.obj
 0001:00004790       ?ClearReplacements@CExpansionVector@ATL@@QAEJXZ 10005790 f i CheckScanner.obj
 0001:000047cd       ?Close@CRegKey@ATL@@QAEJXZ 100057cd f i CheckScanner.obj
 0001:000047e7       ?CreateInstance@?$CComCreator@V?$CComAggObject@VCOPOSCheckScanner@@@ATL@@@ATL@@SGJPAXABU_GUID@@PAPAX@Z 100057e7 f i CheckScanner.obj
 0001:0000485c       ?CreateInstance@?$CComCreator@V?$CComObject@VCOPOSCheckScanner@@@ATL@@@ATL@@SGJPAXABU_GUID@@PAPAX@Z 1000585c f i CheckScanner.obj
 0001:000048e5       ?CreateInstance@?$CComObject@V?$CComEnum@UIEnumConnectionPoints@@$1?_GUID_b196b285_bab4_101a_b69c_00aa00341d07@@3U__s_GUID@@BPAUIConnectionPoint@@V?$_CopyInterface@UIConnectionPoint@@@ATL@@VCComSingleThreadModel@6@@ATL@@@ATL@@SGJPAPAV12@@Z 100058e5 f i CheckScanner.obj
 0001:0000492f       ?CreateInstance@?$CComObject@V?$CComEnum@UIEnumConnections@@$1?_GUID_b196b287_bab4_101a_b69c_00aa00341d07@@3U__s_GUID@@BUtagCONNECTDATA@@V?$_Copy@UtagCONNECTDATA@@@ATL@@VCComSingleThreadModel@6@@ATL@@@ATL@@SGJPAPAV12@@Z 1000592f f i CheckScanner.obj
 0001:00004979       ?DefaultReflectionHandler@?$CWindowImplRoot@VCWindow@ATL@@@ATL@@SAHPAUHWND__@@IIJAAJ@Z 10005979 f i CheckScanner.obj
 0001:00004a19       ?DeleteSubKey@CRegKey@ATL@@QAEJPB_W@Z 10005a19 f i CheckScanner.obj
 0001:00004a92       ?DoEvent@COPOSCheckScanner@@IAEXIIJ@Z 10005a92 f i CheckScanner.obj
 0001:00004b12       ?DoVerbHide@?$IOleObjectImpl@VCOPOSCheckScanner@@@ATL@@QAEJPBUtagRECT@@PAUHWND__@@@Z 10005b12 f i CheckScanner.obj
 0001:00004b48       ?DoVerbInPlaceActivate@?$IOleObjectImpl@VCOPOSCheckScanner@@@ATL@@QAEJPBUtagRECT@@PAUHWND__@@@Z 10005b48 f i CheckScanner.obj
 0001:00004b7b       ?DoVerbPrimary@?$IOleObjectImpl@VCOPOSCheckScanner@@@ATL@@QAEJPBUtagRECT@@PAUHWND__@@@Z 10005b7b f i CheckScanner.obj
 0001:00004c07       ?DoVerbProperties@CComControlBase@ATL@@QAEJPBUtagRECT@@PAUHWND__@@@Z 10005c07 f i CheckScanner.obj
 0001:00004d86       ?DoVerbUIActivate@?$IOleObjectImpl@VCOPOSCheckScanner@@@ATL@@QAEJPBUtagRECT@@PAUHWND__@@@Z 10005d86 f i CheckScanner.obj
 0001:00004dc3       ?DoesVerbActivate@CComControlBase@ATL@@QAEHJ@Z 10005dc3 f i CheckScanner.obj
 0001:00004de7       ?DoesVerbUIActivate@CComControlBase@ATL@@QAEHJ@Z 10005de7 f i CheckScanner.obj
 0001:00004e1c       ?EndOfVar@CRegParser@ATL@@IAEHXZ 10005e1c f i CheckScanner.obj
 0001:00004e3c       ?EscapeSingleQuote@CAtlModule@ATL@@SAXPA_WIPB_W@Z 10005e3c f i CheckScanner.obj
 0001:00004e8b       ?FindKey@?$CSimpleMap@PA_WPA_WVCExpansionVectorEqualHelper@ATL@@@ATL@@QBEHABQA_W@Z 10005e8b f i CheckScanner.obj
 0001:00004ec2       ?FireTheEvent@?$CProxy_IOPOSEvents@VCOPOSCheckScanner@@@@IAEXPAVOposVariant@@IAAJPB_WJ@Z 10005ec2 f i CheckScanner.obj
 0001:00004f54       ?FireViewChange@CComControlBase@ATL@@QAEJXZ 10005f54 f i CheckScanner.obj
 0001:00004f9d       ?Fire_DataEvent@?$CProxy_IOPOSEvents@VCOPOSCheckScanner@@@@QAEXJ@Z 10005f9d f i CheckScanner.obj
 0001:00005033       ?Fire_DirectIOEvent@?$CProxy_IOPOSEvents@VCOPOSCheckScanner@@@@QAEXJPAJPAPA_W@Z 10006033 f i CheckScanner.obj
 0001:0000511f       ?Fire_ErrorEvent@?$CProxy_IOPOSEvents@VCOPOSCheckScanner@@@@QAEXJJJPAJ@Z 1000611f f i CheckScanner.obj
 0001:00005210       ?Fire_StatusUpdateEvent@?$CProxy_IOPOSEvents@VCOPOSCheckScanner@@@@QAEXJ@Z 10006210 f i CheckScanner.obj
 0001:000052a6       ?FreeHeap@?$CTempBuffer@E$0BAA@VCCRTAllocator@ATL@@@ATL@@AAEXXZ 100062a6 f i CheckScanner.obj
 0001:000052a6       ?FreeHeap@?$CTempBuffer@_W$0EAA@VCCRTAllocator@ATL@@@ATL@@AAEXXZ 100062a6 f i CheckScanner.obj
 0001:000052a6       ?FreeHeap@?$CTempBuffer@_W$0BAA@VCCRTAllocator@ATL@@@ATL@@AAEXXZ 100062a6 f i CheckScanner.obj
 0001:000052af       ?GetAmbientLocaleID@CComControlBase@ATL@@QAEJAAK@Z 100062af f i CheckScanner.obj
 0001:0000530b       ?GetAmbientUserMode@CComControlBase@ATL@@QAEJAAH@Z 1000630b f i CheckScanner.obj
 0001:0000537b       ?GetAt@CComDynamicUnkArray@ATL@@QAEPAUIUnknown@@H@Z 1000637b f i CheckScanner.obj
 0001:00005397       ?GetClassObject@CComModule@ATL@@QAEJABU_GUID@@0PAPAX@Z 10006397 f i CheckScanner.obj
 0001:00005439       ?GetConnMap@COPOSCheckScanner@@SAPBU_ATL_CONNMAP_ENTRY@ATL@@PAH@Z 10006439 f i CheckScanner.obj
 0001:000054a9       ?GetCookie@CComDynamicUnkArray@ATL@@QAGKPAPAUIUnknown@@@Z 100064a9 f i CheckScanner.obj
 0001:000054e1       ?GetIDsOfNames@CComTypeInfoHolder@ATL@@QAEJABU_GUID@@PAPA_WIKPAJ@Z 100064e1 f i CheckScanner.obj
 0001:00005601       ?GetKeyAt@?$CSimpleMap@PA_WPA_WVCExpansionVectorEqualHelper@ATL@@@ATL@@QBEAAPA_WH@Z 10006601 f i CheckScanner.obj
 0001:00005626       ?GetPagesHelper@?$ISpecifyPropertyPagesImpl@VCOPOSCheckScanner@@@ATL@@IAEJPAUtagCAUUID@@PBUATL_PROPMAP_ENTRY@2@@Z 10006626 f i CheckScanner.obj
 0001:0000574d       ?GetProperty@?$CComPtr@UIDispatch@@@ATL@@SAJPAUIDispatch@@JPAUtagVARIANT@@@Z 1000674d f i CheckScanner.obj
 0001:0000579c       ?GetSizeMax@CComVariant@ATL@@QBEJPAT_ULARGE_INTEGER@@@Z 1000679c f i CheckScanner.obj
 0001:0000595e       ?GetTI@CComTypeInfoHolder@ATL@@QAEJK@Z 1000695e f i CheckScanner.obj
 0001:00005b3e       ?GetTI@CComTypeInfoHolder@ATL@@QAEJKPAPAUITypeInfo@@@Z 10006b3e f i CheckScanner.obj
 0001:00005b7c       ?GetUnknown@CComDynamicUnkArray@ATL@@QAGPAUIUnknown@@K@Z 10006b7c f i CheckScanner.obj
 0001:00005b9d       ?GetValueAt@?$CSimpleMap@PA_WPA_WVCExpansionVectorEqualHelper@ATL@@@ATL@@QBEAAPA_WH@Z 10006b9d f i CheckScanner.obj
 0001:00005bc3       ?GetZoomInfo@CComControlBase@ATL@@QAEXAAUATL_DRAWINFO@@@Z 10006bc3 f i CheckScanner.obj
 0001:00005c56       ?HKeyFromString@CRegParser@ATL@@KAPAUHKEY__@@PA_W@Z 10006c56 f i CheckScanner.obj
 0001:00005c84       ?HasSubKeys@CRegParser@ATL@@IAEHPAUHKEY__@@@Z 10006c84 f i CheckScanner.obj
 0001:00005cb9       ?IDataObject_GetData@CComControlBase@ATL@@QAEJPAUtagFORMATETC@@PAUtagSTGMEDIUM@@@Z 10006cb9 f i CheckScanner.obj
 0001:00005e5b       ?IOleInPlaceObject_InPlaceDeactivate@CComControlBase@ATL@@QAEJXZ 10006e5b f i CheckScanner.obj
 0001:00005ee2       ?IOleInPlaceObject_SetObjectRects@CComControlBase@ATL@@QAEJPBUtagRECT@@0@Z 10006ee2 f i CheckScanner.obj
 0001:00005faf       ?IOleInPlaceObject_UIDeactivate@CComControlBase@ATL@@QAEJXZ 10006faf f i CheckScanner.obj
 0001:00006071       ?IOleObject_Advise@CComControlBase@ATL@@QAEJPAUIAdviseSink@@PAK@Z 10007071 f i CheckScanner.obj
 0001:0000609b       ?IOleObject_Close@CComControlBase@ATL@@QAEJK@Z 1000709b f i CheckScanner.obj
 0001:0000617f       ?IOleObject_GetClientSite@CComControlBase@ATL@@QAEJPAPAUIOleClientSite@@@Z 1000717f f i CheckScanner.obj
 0001:000061a8       ?IOleObject_SetClientSite@CComControlBase@ATL@@QAEJPAUIOleClientSite@@@Z 100071a8 f i CheckScanner.obj
 0001:000061e7       ?IOleObject_SetExtent@CComControlBase@ATL@@QAEJKPAUtagSIZE@@@Z 100071e7 f i CheckScanner.obj
 0001:00006299       ?IPSI_GetIPersistStreamInit@?$IPersistStorageImpl@VCOPOSCheckScanner@@@ATL@@AAEPAUIPersistStreamInit@@XZ 10007299 f i CheckScanner.obj
 0001:00006341       ?IPersistStreamInit_Load@?$IPersistStreamInitImpl@VCOPOSCheckScanner@@@ATL@@QAEJPAUIStream@@PBUATL_PROPMAP_ENTRY@2@@Z 10007341 f i CheckScanner.obj
 0001:000065b7       ?IPersistStreamInit_Save@?$IPersistStreamInitImpl@VCOPOSCheckScanner@@@ATL@@QAEJPAUIStream@@HPBUATL_PROPMAP_ENTRY@2@@Z 100075b7 f i CheckScanner.obj
 0001:000067a6       ?IQuickActivate_QuickActivate@CComControlBase@ATL@@QAEJPAUtagQACONTAINER@@PAUtagQACONTROL@@@Z 100077a6 f i CheckScanner.obj
 0001:000069e8       ?IViewObject_Draw@CComControlBase@ATL@@QAEJKJPAXPAUtagDVTARGETDEVICE@@PAUHDC__@@2PBU_RECTL@@3@Z 100079e8 f i CheckScanner.obj
 0001:00006a90       ?InPlaceActivate@CComControlBase@ATL@@QAEJJPBUtagRECT@@@Z 10007a90 f i CheckScanner.obj
 0001:00006d02       ?Init@?$CComEnumImpl@UIEnumConnectionPoints@@$1?_GUID_b196b285_bab4_101a_b69c_00aa00341d07@@3U__s_GUID@@BPAUIConnectionPoint@@V?$_CopyInterface@UIConnectionPoint@@@ATL@@@ATL@@QAEJPAPAUIConnectionPoint@@0PAUIUnknown@@W4CComEnumFlags@2@@Z 10007d02 f i CheckScanner.obj
 0001:00006dde       ?Init@?$CComEnumImpl@UIEnumConnections@@$1?_GUID_b196b287_bab4_101a_b69c_00aa00341d07@@3U__s_GUID@@BUtagCONNECTDATA@@V?$_Copy@UtagCONNECTDATA@@@ATL@@@ATL@@QAEJPAUtagCONNECTDATA@@0PAUIUnknown@@W4CComEnumFlags@2@@Z 10007dde f i CheckScanner.obj
 0001:00006eba       ?Init@CComModule@ATL@@QAEJPAU_ATL_OBJMAP_ENTRY30@2@PAUHINSTANCE__@@PBU_GUID@@@Z 10007eba f i CheckScanner.obj
 0001:00006f19       ?Init@CDynamicStdCallThunk2@ATL@@QAEHKPAX@Z 10007f19 f i CheckScanner.obj
 0001:00006f44       ?InlineIsEqualUnknown@ATL@@YGHABU_GUID@@@Z 10007f44 f i CheckScanner.obj
 0001:00006f6c       ?InternalSetAtIndex@?$CSimpleMap@PA_WPA_WVCExpansionVectorEqualHelper@ATL@@@ATL@@QAEXHABQA_W0@Z 10007f6c f i CheckScanner.obj
 0001:00006f96       ?Invoke@CComTypeInfoHolder@ATL@@QAEJPAUIDispatch@@JABU_GUID@@KGPAUtagDISPPARAMS@@PAUtagVARIANT@@PAUtagEXCEPINFO@@PAI@Z 10007f96 f i CheckScanner.obj
 0001:00006fd7       ?IsEqualObject@?$CComPtrBase@UIOleClientSite@@@ATL@@QAE_NPAUIUnknown@@@Z 10007fd7 f i CheckScanner.obj
 0001:00006fd7       ?IsEqualObject@?$CComPtrBase@UITypeInfo@@@ATL@@QAE_NPAUIUnknown@@@Z 10007fd7 f i CheckScanner.obj
 0001:00007043       ?IsSpace@CRegParser@ATL@@IAEH_W@Z 10008043 f i CheckScanner.obj
 0001:00007069       ?LoadNameCache@CComTypeInfoHolder@ATL@@QAEJPAUITypeInfo@@@Z 10008069 f i CheckScanner.obj
 0001:0000719e       ?Lookup@?$CSimpleMap@PA_WPA_WVCExpansionVectorEqualHelper@ATL@@@ATL@@QBEPA_WABQA_W@Z 1000819e f i CheckScanner.obj
 0001:000071c4       ?NextToken@CRegParser@ATL@@IAEJPA_W@Z 100081c4 f i CheckScanner.obj
 0001:000072f3       ?OnKillFocus@CComControlBase@ATL@@QAEJIIJAAH@Z 100082f3 f i CheckScanner.obj
 0001:0000734e       ?OnMouseActivate@CComControlBase@ATL@@QAEJIIJAAH@Z 1000834e f i CheckScanner.obj
 0001:000073bc       ?OnPaint@CComControlBase@ATL@@QAEJIIJAAH@Z 100083bc f i CheckScanner.obj
 0001:00007473       ?OnSetFocus@CComControlBase@ATL@@QAEJIIJAAH@Z 10008473 f i CheckScanner.obj
 0001:000074fe       ?Open@CRegKey@ATL@@QAEJPAUHKEY__@@PB_WK@Z 100084fe f i CheckScanner.obj
 0001:00007553       ?PreProcessBuffer@CRegParser@ATL@@QAEJPA_WPAPA_W@Z 10008553 f i CheckScanner.obj
 0001:000077c3       ?ProcessWindowMessage@?$CComControl@VCOPOSCheckScanner@@V?$CWindowImpl@VCOPOSCheckScanner@@VCWindow@ATL@@V?$CWinTraits@$0FGAAAAAA@$0A@@3@@ATL@@@ATL@@UAEHPAUHWND__@@IIJAAJK@Z 100087c3 f i CheckScanner.obj
 0001:0000786b       ?ReadFromStream@CComBSTR@ATL@@QAEJPAUIStream@@@Z 1000886b f i CheckScanner.obj
 0001:0000798e       ?ReadFromStream@CComVariant@ATL@@QAEJPAUIStream@@GTClassesAllowedInStream@2@K@Z 1000898e f i CheckScanner.obj
 0001:00007b18       ?RecurseDeleteKey@CRegKey@ATL@@QAEJPB_W@Z 10008b18 f i CheckScanner.obj
 0001:00007c06       ?RegCreateKeyExW@CAtlTransactionManager@ATL@@QAEJPAUHKEY__@@PB_WKPA_WKKQAU_SECURITY_ATTRIBUTES@@PAPAU3@PAK@Z 10008c06 f i CheckScanner.obj
 0001:00007c69       ?RegDeleteKeyW@CAtlTransactionManager@ATL@@QAEJPAUHKEY__@@PB_W@Z 10008c69 f i CheckScanner.obj
 0001:00007cbb       ?RegOpenKeyExW@CAtlTransactionManager@ATL@@QAEJPAUHKEY__@@PB_WKKPAPAU3@@Z 10008cbb f i CheckScanner.obj
 0001:00007d12       ?Register@_ATL_WNDCLASSINFOW@ATL@@QAEGPAP6GJPAUHWND__@@IIJ@Z@Z 10008d12 f i CheckScanner.obj
 0001:00007d32       ?RegisterBuffer@CRegParser@ATL@@QAEJPA_WH@Z 10008d32 f i CheckScanner.obj
 0001:00007e79       ?RegisterFromResource@CRegObject@ATL@@IAEJPB_W00H@Z 10008e79 f i CheckScanner.obj
 0001:00007faf       ?RegisterServer@?$CAtlModuleT@VCComModule@ATL@@@ATL@@QAEJHPBU_GUID@@@Z 10008faf f i CheckScanner.obj
 0001:00007fdd       ?RegisterServer@CComModule@ATL@@QAEJHPBU_GUID@@@Z 10008fdd f i CheckScanner.obj
 0001:0000804e       ?RegisterSubkeys@CRegParser@ATL@@IAEJPA_WPAUHKEY__@@HH@Z 1000904e f i CheckScanner.obj
 0001:000086aa       ?Remove@CComDynamicUnkArray@ATL@@QAEHK@Z 100096aa f i CheckScanner.obj
 0001:000086d3       ?RemoveAll@?$CSimpleMap@PA_WPA_WVCExpansionVectorEqualHelper@ATL@@@ATL@@QAEXXZ 100096d3 f i CheckScanner.obj
 0001:000086ff       ?ResourceRegisterSz@CRegObject@ATL@@QAGJPB_W00@Z 100096ff f i CheckScanner.obj
 0001:0000872c       ?ResourceUnregisterSz@CRegObject@ATL@@QAGJPB_W00@Z 1000972c f i CheckScanner.obj
 0001:00008759       ?SendOnDataChange@CComControlBase@ATL@@QAEJK@Z 10009759 f i CheckScanner.obj
 0001:000087a6       ?SetControlFocus@CComControlBase@ATL@@QAEHH@Z 100097a6 f i CheckScanner.obj
 0001:00008841       ?SetMultiStringValue@CRegKey@ATL@@QAEJPB_W0@Z 10009841 f i CheckScanner.obj
 0001:0000889d       ?SetStringValue@CRegKey@ATL@@QAEJPB_W0K@Z 1000989d f i CheckScanner.obj
 0001:000088e6       ?SkipAssignment@CRegParser@ATL@@IAEJPA_W@Z 100098e6 f i CheckScanner.obj
 0001:00008952       ?SkipWhiteSpace@CRegParser@ATL@@IAEXXZ 10009952 f i CheckScanner.obj
 0001:0000897b       ?StrChrW@CRegParser@ATL@@KAPA_WPA_W_W@Z 1000997b f i CheckScanner.obj
 0001:000089b8       ?Term@CAtlModule@ATL@@QAEXXZ 100099b8 f i CheckScanner.obj
 0001:00008a35       ?Term@CComModule@ATL@@QAEXXZ 10009a35 f i CheckScanner.obj
 0001:00008a8d       ?UnregisterServer@?$CAtlModuleT@VCComModule@ATL@@@ATL@@QAEJHPBU_GUID@@@Z 10009a8d f i CheckScanner.obj
 0001:00008ab3       ?UnregisterServer@CComModule@ATL@@QAEJHPBU_GUID@@@Z 10009ab3 f i CheckScanner.obj
 0001:00008b24       ?UpdateRegistryFromResource@CAtlModule@ATL@@QAGJIHPAU_ATL_REGMAP_ENTRY@2@@Z 10009b24 f i CheckScanner.obj
 0001:00008cef       ?UpdateRegistryFromResource@CAtlModule@ATL@@QAGJPB_WHPAU_ATL_REGMAP_ENTRY@2@@Z 10009cef f i CheckScanner.obj
 0001:00008ec0       ?VTFromRegType@CRegParser@ATL@@KAHPB_WAAG@Z 10009ec0 f i CheckScanner.obj
 0001:00008f2d       ?WindowProc@?$CWindowImplBaseT@VCWindow@ATL@@V?$CWinTraits@$0FGAAAAAA@$0A@@2@@ATL@@SGJPAUHWND__@@IIJ@Z 10009f2d f i CheckScanner.obj
 0001:0000901b       ?WriteToStream@CComBSTR@ATL@@QAEJPAUIStream@@@Z 1000a01b f i CheckScanner.obj
 0001:0000907d       ?WriteToStream@CComVariant@ATL@@QAEJPAUIStream@@@Z 1000a07d f i CheckScanner.obj
 0001:000091f7       ?WriteToStream@CComVariant@ATL@@QAEJPAUIStream@@G@Z 1000a1f7 f i CheckScanner.obj
 0001:00009260       ?_AtlInitialConstruct@?$CComObjectRootEx@VCComMultiThreadModel@ATL@@@ATL@@QAEJXZ 1000a260 f i CheckScanner.obj
 0001:00009275       ?_AtlVerifyStackAvailable@_ATL_SAFE_ALLOCA_IMPL@ATL@@YA_NK@Z 1000a275 f i CheckScanner.obj
 0001:000092f3       ?atlCreate@?$CWindowImpl@VCOPOSCheckScanner@@VCWindow@ATL@@V?$CWinTraits@$0FGAAAAAA@$0A@@3@@ATL@@QAEPAUHWND__@@PAU3@V_U_RECT@2@PB_WKKV_U_MENUorID@2@PAX@Z 1000a2f3 f i CheckScanner.obj
 0001:0000933e       ?atlCreate@?$CWindowImplBaseT@VCWindow@ATL@@V?$CWinTraits@$0FGAAAAAA@$0A@@2@@ATL@@QAEPAUHWND__@@PAU3@V_U_RECT@2@PB_WKKV_U_MENUorID@2@GPAX@Z 1000a33e f i CheckScanner.obj
 0001:000093da       ?copy@?$_Copy@UtagCONNECTDATA@@@ATL@@SAJPAUtagCONNECTDATA@@PBU3@@Z 1000a3da f i CheckScanner.obj
 0001:00009410       ?copy@?$_CopyInterface@UIConnectionPoint@@@ATL@@SAJPAPAUIConnectionPoint@@PBQAU3@@Z 1000a410 f i CheckScanner.obj
 0001:0000943e       ?memcpy_s@Checked@ATL@@YAXPAXIPBXI@Z 1000a43e f i CheckScanner.obj
 0001:0000945d       ?ocscpy_s@@YA_NPA_WIPB_W@Z 1000a45d f i CheckScanner.obj
 0001:000094a7       ?wcscpy_s@Checked@ATL@@YAXPA_WIPB_W@Z 1000a4a7 f i CheckScanner.obj
 0001:000094c3       _DllCanUnloadNow@0         1000a4c3 f   CheckScanner.obj
 0001:000094cf       _DllGetClassObject@12      1000a4cf f   CheckScanner.obj
 0001:000094dd       _DllMain@12                1000a4dd f   CheckScanner.obj
 0001:0000951f       _DllRegisterServer@0       1000a51f f   CheckScanner.obj
 0001:0000952e       _DllUnregisterServer@0     1000a52e f   CheckScanner.obj
 0001:0000953d       _InlineIsEqualGUID         1000a53d f i CheckScanner.obj
 0001:0000956d       ___local_stdio_printf_options 1000a56d f i CheckScanner.obj
 0001:00009573       __vswprintf_s_l            1000a573 f i CheckScanner.obj
 0001:00009620       _swprintf_s                1000a620 f i CheckScanner.obj
 0001:0000963c       ??0?$CComControl@VCOPOSCheckScanner@@V?$CWindowImpl@VCOPOSCheckScanner@@VCWindow@ATL@@V?$CWinTraits@$0FGAAAAAA@$0A@@3@@ATL@@@ATL@@QAE@XZ 1000a63c f i CheckScannerImpl.obj
 0001:00009663       ??0?$CProxy_IOPOSEvents@VCOPOSCheckScanner@@@@QAE@XZ 1000a663 f i CheckScannerImpl.obj
 0001:00009683       ??0CComControlBase@ATL@@QAE@AAPAUHWND__@@@Z 1000a683 f i CheckScannerImpl.obj
 0001:000096d3       ??0COPOSCheckScanner@@QAE@XZ 1000a6d3 f   CheckScannerImpl.obj
 0001:00009709       ??1?$CComControl@VCOPOSCheckScanner@@V?$CWindowImpl@VCOPOSCheckScanner@@VCWindow@ATL@@V?$CWinTraits@$0FGAAAAAA@$0A@@3@@ATL@@@ATL@@UAE@XZ 1000a709 f i CheckScannerImpl.obj
 0001:00009722       ??1?$IConnectionPointImpl@VCOPOSCheckScanner@@$1?DIID__IOPOSCheckScannerEvents@@3U_GUID@@BVCComDynamicUnkArray@ATL@@@ATL@@QAE@XZ 1000a722 f i CheckScannerImpl.obj
 0001:00009722       ??1?$IConnectionPointImpl@VCOPOSCheckScanner@@$1?IID_IPropertyNotifySink@@3U_GUID@@BVCComDynamicUnkArray@ATL@@@ATL@@QAE@XZ 1000a722 f i CheckScannerImpl.obj
 0001:0000975f       ??1CComControlBase@ATL@@UAE@XZ 1000a75f f i CheckScannerImpl.obj
 0001:000097c2       ??1COPOSCheckScanner@@UAE@XZ 1000a7c2 f   CheckScannerImpl.obj
 0001:0000980a       ?BeginInsertion@COPOSCheckScanner@@UAGJJPAJ@Z 1000a80a f   CheckScannerImpl.obj
 0001:00009859       ?BeginRemoval@COPOSCheckScanner@@UAGJJPAJ@Z 1000a859 f   CheckScannerImpl.obj
 0001:000098a8       ?CheckHealth@COPOSCheckScanner@@UAGJJPAJ@Z 1000a8a8 f   CheckScannerImpl.obj
 0001:000098f7       ?ClaimDevice@COPOSCheckScanner@@UAGJJPAJ@Z 1000a8f7 f   CheckScannerImpl.obj
 0001:0000996c       ?ClearImage@COPOSCheckScanner@@UAGJJPAJ@Z 1000a96c f   CheckScannerImpl.obj
 0001:000099bb       ?ClearInput@COPOSCheckScanner@@UAGJPAJ@Z 1000a9bb f   CheckScannerImpl.obj
 0001:000099d6       ?ClearInputProperties@COPOSCheckScanner@@UAGJPAJ@Z 1000a9d6 f   CheckScannerImpl.obj
 0001:000099f1       ?Close@COPOSCheckScanner@@UAGJPAJ@Z 1000a9f1 f   CheckScannerImpl.obj
 0001:00009a5f       ?CompareFirmwareVersion@COPOSCheckScanner@@UAGJPA_WPAJ1@Z 1000aa5f f   CheckScannerImpl.obj
 0001:00009adf       ?DefineCropArea@COPOSCheckScanner@@UAGJJJJJJPAJ@Z 1000aadf f   CheckScannerImpl.obj
 0001:00009b8b       ?DirectIO@COPOSCheckScanner@@UAGJJPAJPAPA_W0@Z 1000ab8b f   CheckScannerImpl.obj
 0001:00009c39       ?DoInvoke@COPOSCheckScanner@@IAEJJPAVOposVariant@@IHPAJ_N@Z 1000ac39 f   CheckScannerImpl.obj
 0001:00009d15       ?EndInsertion@COPOSCheckScanner@@UAGJPAJ@Z 1000ad15 f   CheckScannerImpl.obj
 0001:00009d30       ?EndRemoval@COPOSCheckScanner@@UAGJPAJ@Z 1000ad30 f   CheckScannerImpl.obj
 0001:00009d4b       ?EventClose@COPOSCheckScanner@@IAEXXZ 1000ad4b f i CheckScannerImpl.obj
 0001:00009d7e       ?EventInit@COPOSCheckScanner@@IAEJXZ 1000ad7e f i CheckScannerImpl.obj
 0001:00009e52       ?EventUninit@COPOSCheckScanner@@IAEXXZ 1000ae52 f i CheckScannerImpl.obj
 0001:00009ea4       ?EventWindowProc@COPOSCheckScanner@@IAGJIIJ@Z 1000aea4 f i CheckScannerImpl.obj
 0001:00009f78       ?FinalConstruct@COPOSCheckScanner@@QAEJXZ 1000af78 f   CheckScannerImpl.obj
 0001:00009fb1       ?FireEventCleanup@COPOSCheckScanner@@IAEXXZ 1000afb1 f i CheckScannerImpl.obj
 0001:00009fc7       ?FireEventSetup@COPOSCheckScanner@@IAE_NXZ 1000afc7 f i CheckScannerImpl.obj
 0001:00009ffb       ?FreezeEvents@COPOSCheckScanner@@MAGJH@Z 1000affb f   CheckScannerImpl.obj
 0001:0000a054       ?GetOposProp@COPOSCheckScanner@@IAEJJPAFJ@Z 1000b054 f   CheckScannerImpl.obj
 0001:0000a077       ?GetOposProp@COPOSCheckScanner@@IAEJJPAJJ@Z 1000b077 f   CheckScannerImpl.obj
 0001:0000a146       ?GetOposProp@COPOSCheckScanner@@IAEJJPAPA_WJ@Z 1000b146 f   CheckScannerImpl.obj
 0001:0000a222       ?OnDraw@COPOSCheckScanner@@MAEJAAUATL_DRAWINFO@@@Z 1000b222 f   CheckScannerImpl.obj
 0001:0000a2c2       ?Open@COPOSCheckScanner@@UAGJPA_WPAJ@Z 1000b2c2 f   CheckScannerImpl.obj
 0001:0000ab01       ?ReleaseDevice@COPOSCheckScanner@@UAGJPAJ@Z 1000bb01 f   CheckScannerImpl.obj
 0001:0000ab50       ?ResetStatistics@COPOSCheckScanner@@UAGJPA_WPAJ@Z 1000bb50 f   CheckScannerImpl.obj
 0001:0000aba7       ?RetrieveImage@COPOSCheckScanner@@UAGJJPAJ@Z 1000bba7 f   CheckScannerImpl.obj
 0001:0000abf6       ?RetrieveMemory@COPOSCheckScanner@@UAGJJPAJ@Z 1000bbf6 f   CheckScannerImpl.obj
 0001:0000ac45       ?RetrieveStatistics@COPOSCheckScanner@@UAGJPAPA_WPAJ@Z 1000bc45 f   CheckScannerImpl.obj
 0001:0000ac9c       ?SOProcessID@COPOSCheckScanner@@UAGJPAJ@Z 1000bc9c f   CheckScannerImpl.obj
 0001:0000acb0       ?SetCOFreezeEvents@COPOSCheckScanner@@IAEXF@Z 1000bcb0 f   CheckScannerImpl.obj
 0001:0000ad50       ?SetOposProp@COPOSCheckScanner@@IAEJJJJ@Z 1000bd50 f   CheckScannerImpl.obj
 0001:0000ae47       ?SetOposProp@COPOSCheckScanner@@IAEJJPA_WJ@Z 1000be47 f   CheckScannerImpl.obj
 0001:0000af48       ?StoreImage@COPOSCheckScanner@@UAGJJPAJ@Z 1000bf48 f   CheckScannerImpl.obj
 0001:0000af97       ?UpdateFirmware@COPOSCheckScanner@@UAGJPA_WPAJ@Z 1000bf97 f   CheckScannerImpl.obj
 0001:0000afee       ?UpdateStatistics@COPOSCheckScanner@@UAGJPA_WPAJ@Z 1000bfee f   CheckScannerImpl.obj
 0001:0000b045       ?get_AutoDisable@COPOSCheckScanner@@UAGJPAF@Z 1000c045 f   CheckScannerImpl.obj
 0001:0000b05b       ?get_BinaryConversion@COPOSCheckScanner@@UAGJPAJ@Z 1000c05b f   CheckScannerImpl.obj
 0001:0000b071       ?get_CapAutoContrast@COPOSCheckScanner@@UAGJPAF@Z 1000c071 f   CheckScannerImpl.obj
 0001:0000b08a       ?get_CapAutoGenerateFileID@COPOSCheckScanner@@UAGJPAF@Z 1000c08a f   CheckScannerImpl.obj
 0001:0000b0a3       ?get_CapAutoGenerateImageTagData@COPOSCheckScanner@@UAGJPAF@Z 1000c0a3 f   CheckScannerImpl.obj
 0001:0000b0bc       ?get_CapAutoSize@COPOSCheckScanner@@UAGJPAF@Z 1000c0bc f   CheckScannerImpl.obj
 0001:0000b0d5       ?get_CapColor@COPOSCheckScanner@@UAGJPAJ@Z 1000c0d5 f   CheckScannerImpl.obj
 0001:0000b0ee       ?get_CapCompareFirmwareVersion@COPOSCheckScanner@@UAGJPAF@Z 1000c0ee f   CheckScannerImpl.obj
 0001:0000b107       ?get_CapConcurrentMICR@COPOSCheckScanner@@UAGJPAF@Z 1000c107 f   CheckScannerImpl.obj
 0001:0000b120       ?get_CapContrast@COPOSCheckScanner@@UAGJPAF@Z 1000c120 f   CheckScannerImpl.obj
 0001:0000b139       ?get_CapDefineCropArea@COPOSCheckScanner@@UAGJPAF@Z 1000c139 f   CheckScannerImpl.obj
 0001:0000b152       ?get_CapImageFormat@COPOSCheckScanner@@UAGJPAJ@Z 1000c152 f   CheckScannerImpl.obj
 0001:0000b16b       ?get_CapImageTagData@COPOSCheckScanner@@UAGJPAF@Z 1000c16b f   CheckScannerImpl.obj
 0001:0000b184       ?get_CapMICRDevice@COPOSCheckScanner@@UAGJPAF@Z 1000c184 f   CheckScannerImpl.obj
 0001:0000b19d       ?get_CapPowerReporting@COPOSCheckScanner@@UAGJPAJ@Z 1000c19d f   CheckScannerImpl.obj
 0001:0000b1b6       ?get_CapStatisticsReporting@COPOSCheckScanner@@UAGJPAF@Z 1000c1b6 f   CheckScannerImpl.obj
 0001:0000b1cf       ?get_CapStoreImageFiles@COPOSCheckScanner@@UAGJPAF@Z 1000c1cf f   CheckScannerImpl.obj
 0001:0000b1e8       ?get_CapUpdateFirmware@COPOSCheckScanner@@UAGJPAF@Z 1000c1e8 f   CheckScannerImpl.obj
 0001:0000b201       ?get_CapUpdateStatistics@COPOSCheckScanner@@UAGJPAF@Z 1000c201 f   CheckScannerImpl.obj
 0001:0000b21a       ?get_CapValidationDevice@COPOSCheckScanner@@UAGJPAF@Z 1000c21a f   CheckScannerImpl.obj
 0001:0000b233       ?get_CheckHealthText@COPOSCheckScanner@@UAGJPAPA_W@Z 1000c233 f   CheckScannerImpl.obj
 0001:0000b24c       ?get_Claimed@COPOSCheckScanner@@UAGJPAF@Z 1000c24c f   CheckScannerImpl.obj
 0001:0000b262       ?get_Color@COPOSCheckScanner@@UAGJPAJ@Z 1000c262 f   CheckScannerImpl.obj
 0001:0000b27b       ?get_ConcurrentMICR@COPOSCheckScanner@@UAGJPAF@Z 1000c27b f   CheckScannerImpl.obj
 0001:0000b294       ?get_Contrast@COPOSCheckScanner@@UAGJPAJ@Z 1000c294 f   CheckScannerImpl.obj
 0001:0000b2ad       ?get_ControlObjectDescription@COPOSCheckScanner@@UAGJPAPA_W@Z 1000c2ad f   CheckScannerImpl.obj
 0001:0000b2fb       ?get_ControlObjectVersion@COPOSCheckScanner@@UAGJPAJ@Z 1000c2fb f   CheckScannerImpl.obj
 0001:0000b30e       ?get_CropAreaCount@COPOSCheckScanner@@UAGJPAJ@Z 1000c30e f   CheckScannerImpl.obj
 0001:0000b327       ?get_DataCount@COPOSCheckScanner@@UAGJPAJ@Z 1000c327 f   CheckScannerImpl.obj
 0001:0000b33d       ?get_DataEventEnabled@COPOSCheckScanner@@UAGJPAF@Z 1000c33d f   CheckScannerImpl.obj
 0001:0000b353       ?get_DeviceDescription@COPOSCheckScanner@@UAGJPAPA_W@Z 1000c353 f   CheckScannerImpl.obj
 0001:0000b36c       ?get_DeviceEnabled@COPOSCheckScanner@@UAGJPAF@Z 1000c36c f   CheckScannerImpl.obj
 0001:0000b382       ?get_DeviceName@COPOSCheckScanner@@UAGJPAPA_W@Z 1000c382 f   CheckScannerImpl.obj
 0001:0000b39b       ?get_DocumentHeight@COPOSCheckScanner@@UAGJPAJ@Z 1000c39b f   CheckScannerImpl.obj
 0001:0000b3b4       ?get_DocumentWidth@COPOSCheckScanner@@UAGJPAJ@Z 1000c3b4 f   CheckScannerImpl.obj
 0001:0000b3cd       ?get_FileID@COPOSCheckScanner@@UAGJPAPA_W@Z 1000c3cd f   CheckScannerImpl.obj
 0001:0000b3e6       ?get_FileIndex@COPOSCheckScanner@@UAGJPAJ@Z 1000c3e6 f   CheckScannerImpl.obj
 0001:0000b3ff       ?get_FreezeEvents@COPOSCheckScanner@@UAGJPAF@Z 1000c3ff f   CheckScannerImpl.obj
 0001:0000b415       ?get_ImageData@COPOSCheckScanner@@UAGJPAPA_W@Z 1000c415 f   CheckScannerImpl.obj
 0001:0000b42e       ?get_ImageFormat@COPOSCheckScanner@@UAGJPAJ@Z 1000c42e f   CheckScannerImpl.obj
 0001:0000b447       ?get_ImageMemoryStatus@COPOSCheckScanner@@UAGJPAJ@Z 1000c447 f   CheckScannerImpl.obj
 0001:0000b460       ?get_ImageTagData@COPOSCheckScanner@@UAGJPAPA_W@Z 1000c460 f   CheckScannerImpl.obj
 0001:0000b479       ?get_MapMode@COPOSCheckScanner@@UAGJPAJ@Z 1000c479 f   CheckScannerImpl.obj
 0001:0000b492       ?get_MaxCropAreas@COPOSCheckScanner@@UAGJPAJ@Z 1000c492 f   CheckScannerImpl.obj
 0001:0000b4ab       ?get_OpenResult@COPOSCheckScanner@@UAGJPAJ@Z 1000c4ab f   CheckScannerImpl.obj
 0001:0000b4c2       ?get_PowerNotify@COPOSCheckScanner@@UAGJPAJ@Z 1000c4c2 f   CheckScannerImpl.obj
 0001:0000b4d8       ?get_PowerState@COPOSCheckScanner@@UAGJPAJ@Z 1000c4d8 f   CheckScannerImpl.obj
 0001:0000b4ee       ?get_Quality@COPOSCheckScanner@@UAGJPAJ@Z 1000c4ee f   CheckScannerImpl.obj
 0001:0000b507       ?get_QualityList@COPOSCheckScanner@@UAGJPAPA_W@Z 1000c507 f   CheckScannerImpl.obj
 0001:0000b520       ?get_RemainingImagesEstimate@COPOSCheckScanner@@UAGJPAJ@Z 1000c520 f   CheckScannerImpl.obj
 0001:0000b539       ?get_ResultCode@COPOSCheckScanner@@UAGJPAJ@Z 1000c539 f   CheckScannerImpl.obj
 0001:0000b577       ?get_ResultCodeExtended@COPOSCheckScanner@@UAGJPAJ@Z 1000c577 f   CheckScannerImpl.obj
[...]
 0002:00006600       hi_mask                    10027600     libucrt:log10_pentium4.obj
 0002:00006610       LOG10_2                    10027610     libucrt:log10_pentium4.obj
 0002:00006620       place_L                    10027620     libucrt:log10_pentium4.obj
 0002:00006640       One                        10027640     libucrt:log10_pentium4.obj
 0002:00006650       Zero                       10027650     libucrt:log10_pentium4.obj
 0002:00006660       Two52                      10027660     libucrt:log10_pentium4.obj
 0002:00006670       Infs                       10027670     libucrt:log10_pentium4.obj
 0002:00006680       NaN                        10027680     libucrt:log10_pentium4.obj
 0002:00006690       coeff                      10027690     libucrt:log10_pentium4.obj
 0002:000066ee       _log2max                   100276ee     libucrt:87tran.obj
 0002:000066f8       _smallarg                  100276f8     libucrt:87tran.obj
 0002:00006702       _half                      10027702     libucrt:87tran.obj
 0002:0000674e       One                        1002774e     libucrt:87disp.obj
 0002:00006756       Three                      10027756     libucrt:87disp.obj
 0002:0000675e       XAMtoTagTab                1002775e     libucrt:87disp.obj
 0002:00006770       One                        10027770     libucrt:common.obj
 0002:00006784       DblMax                     10027784     libucrt:common.obj
 0002:0000678c       DblMin                     1002778c     libucrt:common.obj
 0002:00006794       IeeeAdjO                   10027794     libucrt:common.obj
 0002:0000679c       IeeeAdjU                   1002779c     libucrt:common.obj
 0002:000067a4       _infinity                  100277a4     libucrt:common.obj
 0002:000067ac       _zero                      100277ac     libucrt:common.obj
 0002:000067f8       _over                      100277f8     libucrt:fpctrl.obj
 0002:00006804       _under                     10027804     libucrt:fpctrl.obj
 0002:00007038       ?_names@?1??_get_fname@@9@4QBU<unnamed-type-_names>@?1??1@YAPADI@Z@B 10028038     libucrt:fpexcept.obj
 0002:000071e0       two32                      100281e0     LIBCMT:ftol2.obj
 0002:000071e4       two63                      100281e4     LIBCMT:ftol2.obj
 0002:000071e8       _NaN                       100281e8     LIBCMT:ftol2.obj
 0002:00007918       __sehtable$?_AtlVerifyStackAvailable@_ATL_SAFE_ALLOCA_IMPL@ATL@@YA_NK@Z 10028918     CheckScanner.obj
 0002:00007938       __sehtable$___scrt_is_nonwritable_in_current_image 10028938     LIBCMT:utility.obj
 0002:00007954       __catchsym$??2@YAPAXIABUnothrow_t@std@@@Z$2 10028954     LIBCMT:new_scalar_nothrow.obj
 0002:00007964       __unwindtable$??2@YAPAXIABUnothrow_t@std@@@Z 10028964     LIBCMT:new_scalar_nothrow.obj
 0002:00007974       __tryblocktable$??2@YAPAXIABUnothrow_t@std@@@Z 10028974     LIBCMT:new_scalar_nothrow.obj
 0002:00007988       __ehfuncinfo$??2@YAPAXIABUnothrow_t@std@@@Z 10028988     LIBCMT:new_scalar_nothrow.obj
 0002:000079b0       __sehtable$?dllmain_crt_process_attach@@YAHQAUHINSTANCE__@@QAX@Z 100289b0     LIBCMT:dll_dllmain.obj
 0002:000079d0       __sehtable$?dllmain_crt_process_detach@@YAH_N@Z 100289d0     LIBCMT:dll_dllmain.obj
 0002:000079f8       __sehtable$?dllmain_dispatch@@YAHQAUHINSTANCE__@@KQAX@Z 100289f8     LIBCMT:dll_dllmain.obj
 0002:00007aa8       __sehtable$___DestructExceptionObject 10028aa8     libvcruntime:ehhelpers.obj
 0002:00007ac8       __sehtable$?FrameUnwindToState@__FrameHandler3@@SAXPAUEHRegistrationNode@@PAXPBU_s_FuncInfo@@H@Z 10028ac8     libvcruntime:frame.obj
 0002:00007af0       __sehtable$?CallCatchBlock@@YAPAXPAUEHExceptionRecord@@PAUEHRegistrationNode@@PAU_CONTEXT@@PBU_s_FuncInfo@@PAXHK@Z 10028af0     libvcruntime:frame.obj
 0002:00007b18       __catchsym$?CallUnexpected@@YAXPBU_s_ESTypeList@@@Z$2 10028b18     libvcruntime:frame.obj
 0002:00007b28       __unwindtable$?CallUnexpected@@YAXPBU_s_ESTypeList@@@Z 10028b28     libvcruntime:frame.obj
 0002:00007b38       __tryblocktable$?CallUnexpected@@YAXPBU_s_ESTypeList@@@Z 10028b38     libvcruntime:frame.obj
 0002:00007b4c       __ehfuncinfo$?CallUnexpected@@YAXPBU_s_ESTypeList@@@Z 10028b4c     libvcruntime:frame.obj
 0002:00007b70       __sehtable$??$BuildCatchObjectHelperInternal@V__FrameHandler3@@@@YAHPAUEHExceptionRecord@@PAXPBU_s_HandlerType@@PBU_s_CatchableType@@@Z 10028b70     libvcruntime:frame.obj
 0002:00007b90       __sehtable$??$BuildCatchObjectInternal@V__FrameHandler3@@@@YAXPAUEHExceptionRecord@@PAXPBU_s_HandlerType@@PBU_s_CatchableType@@@Z 10028b90     libvcruntime:frame.obj
 0002:00007be4       __ehfuncinfo$?write_double_translated_ansi_nolock@@YA?AUwrite_result@?A0x17268360@@HQBDIAAV__crt_cached_ptd_host@@@Z 10028be4     libucrt:write.obj
 0002:00007be4       __ehfuncinfo$?try_cor_exit_process@@YAXI@Z 10028be4     libucrt:exit.obj
 0002:00007c08       __unwindtable$?common_exit@@YAXHW4_crt_exit_cleanup_mode@@W4_crt_exit_return_mode@@@Z 10028c08     libucrt:exit.obj
 0002:00007c10       __ehfuncinfo$?common_exit@@YAXHW4_crt_exit_cleanup_mode@@W4_crt_exit_return_mode@@@Z 10028c10     libucrt:exit.obj
 0002:00007c38       __sehtable$??R<lambda_6e4b09c48022b2350581041d5f6b0c4c>@@QBE@XZ 10028c38     libucrt:exit.obj
 0002:00007c58       __sehtable$??$?RV<lambda_03b1d95aef87969028cfba75ccab2455>@@AAV<lambda_6e4b09c48022b2350581041d5f6b0c4c>@@V<lambda_22bdf7517842c4b3e53723af5aa32b9e>@@@?$__crt_seh_guarded_call@X@@QAEX$$QAV<lambda_03b1d95aef87969028cfba75ccab2455>@@AAV<lambda_6e4b09c48022b2350581041d5f6b0c4c>@@$$QAV<lambda_22bdf7517842c4b3e53723af5aa32b9e>@@@Z 10028c58     libucrt:exit.obj
 0002:00007c74       __unwindtable$___dcrt_uninitialize_environments_nolock 10028c74     libucrt:environment_initialization.obj
 0002:00007c84       __ehfuncinfo$___dcrt_uninitialize_environments_nolock 10028c84     libucrt:environment_initialization.obj
 0002:00007ca8       __unwindtable$__execute_onexit_table 10028ca8     libucrt:onexit.obj
 0002:00007cb0       __ehfuncinfo$__execute_onexit_table 10028cb0     libucrt:onexit.obj
 0002:00007cd8       __sehtable$??$?RV<lambda_8e746cf0007f6ed984d6f78af1fec997>@@AAV<lambda_22ebabd17bc4fa466a2aca6d8deb888d>@@V<lambda_18ed0c0b38a6dc0daf1e7ac6d6adf05e>@@@?$__crt_seh_guarded_call@H@@QAEH$$QAV<lambda_8e746cf0007f6ed984d6f78af1fec997>@@AAV<lambda_22ebabd17bc4fa466a2aca6d8deb888d>@@$$QAV<lambda_18ed0c0b38a6dc0daf1e7ac6d6adf05e>@@@Z 10028cd8     libucrt:onexit.obj
 0002:00007cf8       __sehtable$??$?RV<lambda_69a2805e680e0e292e8ba93315fe43a8>@@AAV<lambda_f03950bc5685219e0bcd2087efbe011e>@@V<lambda_03fcd07e894ec930e3f35da366ca99d6>@@@?$__crt_seh_guarded_call@H@@QAEH$$QAV<lambda_69a2805e680e0e292e8ba93315fe43a8>@@AAV<lambda_f03950bc5685219e0bcd2087efbe011e>@@$$QAV<lambda_03fcd07e894ec930e3f35da366ca99d6>@@@Z 10028cf8     libucrt:onexit.obj
 0002:00007d18       __sehtable$__query_new_handler 10028d18     libucrt:new_handler.obj
 0002:00007d38       __sehtable$_terminate      10028d38     libucrt:terminate.obj
 0002:00007d58       __sehtable$??$?RV<lambda_15ade71b0218206bbe3333a0c9b79046>@@AAV<lambda_da44e0f8b0f19ba52fefafb335991732>@@V<lambda_207f2d024fc103971653565357d6cd41>@@@?$__crt_seh_guarded_call@X@@QAEX$$QAV<lambda_15ade71b0218206bbe3333a0c9b79046>@@AAV<lambda_da44e0f8b0f19ba52fefafb335991732>@@$$QAV<lambda_207f2d024fc103971653565357d6cd41>@@@Z 10028d58     libucrt:per_thread_data.obj
 0002:00007d78       __sehtable$??$?RV<lambda_a7e850c220f1c8d1e6efeecdedd162c6>@@AAV<lambda_46720907175c18b6c9d2717bc0d2d362>@@V<lambda_9048902d66e8d99359bc9897bbb930a8>@@@?$__crt_seh_guarded_call@X@@QAEX$$QAV<lambda_a7e850c220f1c8d1e6efeecdedd162c6>@@AAV<lambda_46720907175c18b6c9d2717bc0d2d362>@@$$QAV<lambda_9048902d66e8d99359bc9897bbb930a8>@@@Z 10028d78     libucrt:per_thread_data.obj
 0002:00007d98       __sehtable$??$?RV<lambda_38edbb1296d33220d7e4dd0ed76b244a>@@AAV<lambda_5ce1d447e08cb34b2473517608e21441>@@V<lambda_fb385d3da700c9147fc39e65dd577a8c>@@@?$__crt_seh_guarded_call@X@@QAEX$$QAV<lambda_38edbb1296d33220d7e4dd0ed76b244a>@@AAV<lambda_5ce1d447e08cb34b2473517608e21441>@@$$QAV<lambda_fb385d3da700c9147fc39e65dd577a8c>@@@Z 10028d98     libucrt:per_thread_data.obj
 0002:00007db8       __sehtable$??$?RV<lambda_6affb1475c98b40b75cdec977db92e3c>@@AAV<lambda_b8d4b9c228a6ecc3f80208dbb4b4a104>@@V<lambda_608742c3c92a14382c1684fc64f96c88>@@@?$__crt_seh_guarded_call@X@@QAEX$$QAV<lambda_6affb1475c98b40b75cdec977db92e3c>@@AAV<lambda_b8d4b9c228a6ecc3f80208dbb4b4a104>@@$$QAV<lambda_608742c3c92a14382c1684fc64f96c88>@@@Z 10028db8     libucrt:per_thread_data.obj
 0002:00007dd8       __sehtable$??$?RV<lambda_e5124f882df8998aaf41531e079ba474>@@AAV<lambda_3e16ef9562a7dcce91392c22ab16ea36>@@V<lambda_e25ca0880e6ef98be67edffd8c599615>@@@?$__crt_seh_guarded_call@X@@QAEX$$QAV<lambda_e5124f882df8998aaf41531e079ba474>@@AAV<lambda_3e16ef9562a7dcce91392c22ab16ea36>@@$$QAV<lambda_e25ca0880e6ef98be67edffd8c599615>@@@Z 10028dd8     libucrt:wsetlocale.obj
 0002:00007df8       __sehtable$___acrt_initialize_lowio 10028df8     libucrt:ioinit.obj
 0002:00007e18       __sehtable$?update_thread_multibyte_data_internal@@YAPAU__crt_multibyte_data@@QAU__acrt_ptd@@QAPAU1@@Z 10028e18     libucrt:mbctype.obj
 0002:00007e38       __sehtable$??$?RV<lambda_ceb1ee4838e85a9d631eb091e2fbe199>@@AAV<lambda_ae742caa10f662c28703da3d2ea5e57e>@@V<lambda_cd08b5d6af4937fe54fc07d0c9bf6b37>@@@?$__crt_seh_guarded_call@X@@QAEX$$QAV<lambda_ceb1ee4838e85a9d631eb091e2fbe199>@@AAV<lambda_ae742caa10f662c28703da3d2ea5e57e>@@$$QAV<lambda_cd08b5d6af4937fe54fc07d0c9bf6b37>@@@Z 10028e38     libucrt:mbctype.obj
 0002:00007e58       __sehtable$_raise          10028e58     libucrt:signal.obj
 0002:00007e78       __sehtable$??$?RV<lambda_cbab9ec6f41b0180b23cc171c22676b0>@@AAV<lambda_44731a7d0e6d81c3e6aa82d741081786>@@V<lambda_4b292cb8dd18144e164572427af410ab>@@@?$__crt_seh_guarded_call@P6AXH@Z@@QAEP6AXH@Z$$QAV<lambda_cbab9ec6f41b0180b23cc171c22676b0>@@AAV<lambda_44731a7d0e6d81c3e6aa82d741081786>@@$$QAV<lambda_4b292cb8dd18144e164572427af410ab>@@@Z 10028e78     libucrt:signal.obj
 0002:00007e98       __sehtable$??$?RV<lambda_2866be3712abc81a800a822484c830d8>@@AAV<lambda_39ca0ed439415581b5b15c265174cece>@@V<lambda_2b24c74d71094a6cd0cb82e44167d71b>@@@?$__crt_seh_guarded_call@X@@QAEX$$QAV<lambda_2866be3712abc81a800a822484c830d8>@@AAV<lambda_39ca0ed439415581b5b15c265174cece>@@$$QAV<lambda_2b24c74d71094a6cd0cb82e44167d71b>@@@Z 10028e98     libucrt:fflush.obj
 0002:00007eb8       __sehtable$??$?RV<lambda_2cc53f568c5a2bb6f192f930a45d44ea>@@AAV<lambda_ab61a845afdef5b7c387490eaf3616ee>@@V<lambda_c2ffc0b7726aa6be21d5f0026187e748>@@@?$__crt_seh_guarded_call@X@@QAEX$$QAV<lambda_2cc53f568c5a2bb6f192f930a45d44ea>@@AAV<lambda_ab61a845afdef5b7c387490eaf3616ee>@@$$QAV<lambda_c2ffc0b7726aa6be21d5f0026187e748>@@@Z 10028eb8     libucrt:fflush.obj
 0002:00007ed8       __sehtable$___acrt_update_thread_locale_data 10028ed8     libucrt:locale_refcounting.obj
 0002:00007ef8       __sehtable$__fcloseall     10028ef8     libucrt:closeall.obj
 0002:00007f18       __sehtable$___acrt_lowio_ensure_fh_exists 10028f18     libucrt:osfinfo.obj
 0002:00007f38       __sehtable$??$?RV<lambda_9e9de3de5fa147e2223d7db92bc10aa6>@@AAV<lambda_38ce7e780aa69e748d6df282ebc68efe>@@V<lambda_8ca6da459f0f6780f1cff60fdc3d00e5>@@@?$__crt_seh_guarded_call@H@@QAEH$$QAV<lambda_9e9de3de5fa147e2223d7db92bc10aa6>@@AAV<lambda_38ce7e780aa69e748d6df282ebc68efe>@@$$QAV<lambda_8ca6da459f0f6780f1cff60fdc3d00e5>@@@Z 10028f38     libucrt:commit.obj
 0002:00007f58       __sehtable$__write_internal 10028f58     libucrt:write.obj
 0002:00007f78       __sehtable$?_fclose_internal@@YAHQAU_iobuf@@AAV__crt_cached_ptd_host@@@Z 10028f78     libucrt:fclose.obj
 0002:00007f98       __sehtable$??$?RV<lambda_d422a76eb4c3bf3ad751449ab71a6ea4>@@AAV<lambda_c9ba49e555ba839a7b07aa3fbecb7617>@@V<lambda_9476263c8ee91a25d21c55370bdb50de>@@@?$__crt_seh_guarded_call@H@@QAEH$$QAV<lambda_d422a76eb4c3bf3ad751449ab71a6ea4>@@AAV<lambda_c9ba49e555ba839a7b07aa3fbecb7617>@@$$QAV<lambda_9476263c8ee91a25d21c55370bdb50de>@@@Z 10028f98     libucrt:close.obj
 0002:00007fb8       __sehtable$___set_fpsr_sse2 10028fb8     libucrt:fpctrl.obj
 0002:00007fd8       __sehtable$__IsNonwritableInCurrentImage 10028fd8     LIBCMT:pesect.obj
 0002:00008000       .edata                     10029000     OPOSCheckScanner.exp
 0002:00008028       rgpv                       10029028     OPOSCheckScanner.exp
 0002:00008038       rgszName                   10029038     OPOSCheckScanner.exp
 0002:00008048       rgwOrd                     10029048     OPOSCheckScanner.exp
 0002:00008050       szName                     10029050     OPOSCheckScanner.exp
 0002:00008065       $N00001                    10029065     OPOSCheckScanner.exp
 0002:00008075       $N00002                    10029075     OPOSCheckScanner.exp
 0002:00008087       $N00003                    10029087     OPOSCheckScanner.exp
 0002:00008099       $N00004                    10029099     OPOSCheckScanner.exp
 0002:000086aa       .idata$6                   100296aa     kernel32:KERNEL32.dll
 0002:000088be       .idata$6                   100298be     user32:USER32.dll
 0002:000089f2       .idata$6                   100299f2     gdi32:GDI32.dll
 0002:00008a98       .idata$6                   10029a98     advapi32:ADVAPI32.dll
 0002:00008bb4       .idata$6                   10029bb4     ole32:ole32.dll
 0002:00008bbe       .idata$6                   10029bbe     oleaut32:OLEAUT32.dll
 0003:00000110       ?ObjectMap@@3PAU_ATL_OBJMAP_ENTRY30@ATL@@A 1002b110     CheckScanner.obj
 0003:000001d0       ?s_SOMethodNames@@3PAPADA  1002b1d0     CheckScannerImpl.obj
 0003:00000240       ?s_RequiredMethodsPerRelease@@3PAHA 1002b240     CheckScannerImpl.obj
 0003:00000270       ?__vcrt_flsindex@@3KA      1002b270     libvcruntime:per_thread_data.obj
 0003:00000290       ?errno_no_memory@@3HA      1002b290     libucrt:errno.obj
 0003:00000294       ?doserrno_no_memory@@3KA   1002b294     libucrt:errno.obj
 0003:000002a0       ?__acrt_flsindex@@3KA      1002b2a0     libucrt:per_thread_data.obj
 0003:00000638       __mbctypes                 1002b638     libucrt:mbctype.obj
 0003:00000740       __mbcasemaps               1002b740     libucrt:mbctype.obj
 0003:00000840       ?__rgctypeflag@@3PADA      1002b840     libucrt:mbctype.obj
 0003:00000848       ?__rgcode_page_info@@3PAUcode_page_info@@A 1002b848     libucrt:mbctype.obj
 0003:00000aa0       ?__dcrt_lowio_console_output_handle@@3PAXA 1002baa0     libucrt:initcon.obj
 0003:00000aa4       ?__DAZ_ENABLED@?1??__set_fpsr_sse2@@9@9 1002baa4     libucrt:fpctrl.obj
 0003:00000c38       ?is_initialized_as_dll@@3_NA 1002bc38     LIBCMT:utility.obj
 0003:00000c39       ?module_local_atexit_table_initialized@@3_NA 1002bc39     LIBCMT:utility.obj
 0003:00000c3c       ?module_local_atexit_table@@3U_onexit_table_t@@A 1002bc3c     LIBCMT:utility.obj
 0003:00000c48       ?module_local_at_quick_exit_table@@3U_onexit_table_t@@A 1002bc48     LIBCMT:utility.obj
 0003:00000c54       ?g_tss_cv@@3U_RTL_CONDITION_VARIABLE@@A 1002bc54     LIBCMT:thread_safe_statics.obj
 0003:00000c58       ?g_tss_event@@3PAXA        1002bc58     LIBCMT:thread_safe_statics.obj
 0003:00000c5c       ?g_tss_mutex@@3U_RTL_CRITICAL_SECTION@@A 1002bc5c     LIBCMT:thread_safe_statics.obj
 0003:00000c74       ?g_sleep_condition_variable_cs@@3P6GHPAU_RTL_CONDITION_VARIABLE@@PAU_RTL_CRITICAL_SECTION@@K@ZA 1002bc74     LIBCMT:thread_safe_statics.obj
 0003:00000c78       ?g_wake_all_condition_variable@@3P6GXPAU_RTL_CONDITION_VARIABLE@@@ZA 1002bc78     LIBCMT:thread_safe_statics.obj
 0003:00000c80       _GS_ExceptionRecord        1002bc80     LIBCMT:gs_report.obj
 0003:00000cd0       _GS_ContextRecord          1002bcd0     LIBCMT:gs_report.obj
 0003:00000fa0       ?__proc_attached@@3HA      1002bfa0     LIBCMT:dll_dllmain.obj
 0003:00000ffc       ?AllocateData@@3P6GPAUAtlThunkData_t@@XZA 1002bffc     atls:atlthunk.obj
 0003:00001000       ?InitData@@3P6GXPAUAtlThunkData_t@@PAXI@ZA 1002c000     atls:atlthunk.obj
 0003:00001004       ?DataToCode@@3P6GP6GJPAUHWND__@@IIJ@ZPAUAtlThunkData_t@@@ZA 1002c004     atls:atlthunk.obj
 0003:00001008       ?FreeData@@3P6GXPAUAtlThunkData_t@@@ZA 1002c008     atls:atlthunk.obj
 0003:0000100c       ?Initialized@@3_NA         1002c00c     atls:atlthunk.obj
 0003:0000101c       ?__vcrt_startup_thread_ptd@@3U__vcrt_ptd@@A 1002c01c     libvcruntime:per_thread_data.obj
 0003:00001044       ___vcrt_lock_table         1002c044     libvcruntime:locks.obj
 0003:0000105c       ___vcrt_locks_initialized  1002c05c     libvcruntime:locks.obj
 0003:00001088       ?heap@@3V_HeapManager@@A   1002c088     libvcruntime:undname.obj
 0003:0000109c       ?module_handles@@3PAPAUHINSTANCE__@@A 1002c09c     libvcruntime:winapi_downlevel.obj
 0003:000010a8       ?function_pointers@@3PAPAXA 1002c0a8     libvcruntime:winapi_downlevel.obj
 0003:000010bc       ?__acrt_invalid_parameter_handler@@3V?$dual_state_global@P6AXPB_W00II@Z@__crt_state_management@@A 1002c0bc     libucrt:invalid_parameter.obj
 0003:000010c0       ?c_termination_complete@@3JA 1002c0c0     libucrt:exit.obj
 0003:000010c4       ?thread_local_exit_callback_func@@3P6GXPAXK0@ZA 1002c0c4     libucrt:exit.obj
 0003:000010d0       ?program_name@?1???$common_configure_argv@D@@YAHW4_crt_argv_mode@@@Z@4PADA 1002c0d0     libucrt:argv_parsing.obj
 0003:00001200       ?__acrt_new_handler@@3V?$dual_state_global@P6AHI@Z@__crt_state_management@@A 1002c200     libucrt:new_handler.obj
 0003:00001210       ?module_handles@@3PAPAUHINSTANCE__@@A 1002c210     libucrt:winapi_thunks.obj
 0003:00001260       ?encoded_function_pointers@@3PAPAXA 1002c260     libucrt:winapi_thunks.obj
 0003:000012e8       ?internal_state@?1??_mbtowc_internal@@9@4U_Mbstatet@@A 1002c2e8     libucrt:mbtowc.obj
 0003:000012f8       ?enable_percent_n@@3IA     1002c2f8     libucrt:printf_count_output.obj
 0003:00001510       ?__acrt_lock_table@@3PAU_RTL_CRITICAL_SECTION@@A 1002c510     libucrt:locks.obj
 0003:00001660       ?__acrt_locks_initialized@@3IA 1002c660     libucrt:locks.obj
 0003:00001670       ?fSystemSet@@3HA           1002c670     libucrt:mbctype.obj
 0003:00001674       ?initialized@?1??__acrt_initialize_multibyte@@9@4_NA 1002c674     libucrt:mbctype.obj
 0003:00001694       ?ctrlc_action@@3V?$dual_state_global@P6AXH@Z@__crt_state_management@@A 1002c694     libucrt:signal.obj
 0003:00001698       ?ctrlbreak_action@@3V?$dual_state_global@P6AXH@Z@__crt_state_management@@A 1002c698     libucrt:signal.obj
 0003:0000169c       ?abort_action@@3V?$dual_state_global@P6AXH@Z@__crt_state_management@@A 1002c69c     libucrt:signal.obj
 0003:000016a0       ?term_action@@3V?$dual_state_global@P6AXH@Z@__crt_state_management@@A 1002c6a0     libucrt:signal.obj
 0003:000016a4       ?user_matherr@@3V?$dual_state_global@P6AHPAU_exception@@@Z@__crt_state_management@@A 1002c6a4     libucrt:matherr.obj
 0003:000016b0       ?__acrt_global_new_mode@@3V?$dual_state_global@J@__crt_state_management@@A 1002c6b0     libucrt:new_mode.obj
 0003:000016b4       ?internal_pst@?1??__mbrtoc32_utf8@__crt_mbstring@@YAIPA_UPBDIPAU_Mbstatet@@AAV__crt_cached_ptd_host@@@Z@4U3@A 1002c6b4     libucrt:mbrtoc32.obj
 0003:000016bc       ?__acrt_app_type@@3W4_crt_app_type@@A 1002c6bc     libucrt:report_runtime_error.obj
 0003:000016c4       __pmatherr_set             1002c6c4     libucrt:libm_error.obj
 0004:00000220       $R000000                   1002d220     CheckScanner.res
 0004:00000bc8       $R0009A8                   1002dbc8     CheckScanner.res
 0004:00000cb0       $R000A90                   1002dcb0     CheckScanner.res
 0004:00000f18       $R000CF8                   1002df18     CheckScanner.res
 0004:00001430       $R001210                   1002e430     CheckScanner.res
 0004:00005178       $R004F58                   10032178     CheckScanner.res
 0004:000051b0       $R004F90                   100321b0     CheckScanner.res
