 OPOSElectronicValueRW

 Timestamp is 5defa918 (Tue Dec 10 23:18:00 2019)

 Preferred load address is 10000000

 Start         Length     Name                   Class
 0001:00000000 00000080H .text$di                CODE
 0001:00000080 0001f863H .text$mn                CODE
 0001:0001f8e3 00000036H .text$x                 CODE
 0001:0001f919 00000042H .text$yd                CODE
 0002:00000000 000002fcH .idata$5                DATA
 0002:000002fc 00000004H .00cfg                  DATA
 0002:00000300 00000004H .CRT$XCA                DATA
 0002:00000304 00000004H .CRT$XCL                DATA
 0002:00000308 00000010H .CRT$XCU                DATA
 0002:00000318 00000004H .CRT$XCZ                DATA
 0002:0000031c 00000004H .CRT$XIA                DATA
 0002:00000320 00000010H .CRT$XIC                DATA
 0002:00000330 00000004H .CRT$XIZ                DATA
 0002:00000334 00000004H .CRT$XLA                DATA
 0002:00000338 00000004H .CRT$XLZ                DATA
 0002:0000033c 00000004H .CRT$XPA                DATA
 0002:00000340 00000008H .CRT$XPX                DATA
 0002:00000348 00000004H .CRT$XPXA               DATA
 0002:0000034c 00000004H .CRT$XPZ                DATA
 0002:00000350 00000004H .CRT$XTA                DATA
 0002:00000354 0000000cH .CRT$XTZ                DATA
 0002:00000358 00000000H .gfids$y                DATA
 0002:00000360 0000766cH .rdata                  DATA
 0002:000079cc 00000018H .rdata$T                DATA
 0002:000079e4 0000017cH .rdata$r                DATA
 0002:00007b60 0000001cH .rdata$sxdata           DATA
 0002:00007b7c 000003e4H .rdata$zzzdbg           DATA
 0002:00007f60 00000004H .rtc$IAA                DATA
 0002:00007f64 00000004H .rtc$IZZ                DATA
 0002:00007f68 00000004H .rtc$TAA                DATA
 0002:00007f6c 00000004H .rtc$TZZ                DATA
 0002:00007f70 00000004H .tls                    DATA
 0002:00007f74 00000004H .tls$                   DATA
 0002:00007f78 00000008H .tls$ZZZ                DATA
 0002:00007f80 0000060cH .xdata$x                DATA
 0002:0000858c 00000004H ATL$__a                 DATA
 0002:00008590 00000010H ATL$__z                 DATA
 0002:000085a0 000000b4H .edata                  DATA
 0002:00008654 00000078H .idata$2                DATA
 0002:000086cc 00000014H .idata$3                DATA
 0002:000086e0 000002fcH .idata$4                DATA
 0002:000089dc 00000bc8H .idata$6                DATA
 0003:00000000 00000b70H .data                   DATA
 0003:00000b70 00000098H .data$r                 DATA
 0003:00000c08 00000b80H .bss                    DATA
 0004:00000000 00000220H .rsrc$01                DATA
 0004:00000220 00007ef8H .rsrc$02                DATA

  Address         Publics by Value              Rva+Base       Lib:Object

 0000:00000000       ___guard_fids_count        00000000     <absolute>
 0000:00000000       ___hybrid_code_map_count   00000000     <absolute>
 0000:00000000       __except_list              00000000     <absolute>
 0000:00000000       ___hybrid_auxiliary_iat    00000000     <absolute>
 0000:00000000       ___guard_fids_table        00000000     <absolute>
 0000:00000000       ___guard_longjmp_table     00000000     <absolute>
 0000:00000000       ___guard_iat_table         00000000     <absolute>
 0000:00000000       ___volatile_metadata       00000000     <absolute>
 0000:00000000       ___guard_iat_count         00000000     <absolute>
 0000:00000000       ___AbsoluteZero            00000000     <absolute>
 0000:00000000       ___enclave_config          00000000     <absolute>
 0000:00000000       ___guard_longjmp_count     00000000     <absolute>
 0000:00000000       ___dynamic_value_reloc_table 00000000     <absolute>
 0000:00000000       ___hybrid_code_map         00000000     <absolute>
 0000:00000007       ___safe_se_handler_count   00000007     <absolute>
 0000:0000002c       __tls_array                0000002c     <absolute>
 0000:00000100       ___guard_flags             00000100     <absolute>
 0000:00000000       ___ImageBase               10000000     <linker-defined>
 0001:00000080       ?DupWide@_CW@@AAEXXZ       10001080 f   CWString.obj
 0001:0000009c       ?cw_dup@@YGXPBDAAHAAPA_W1@Z 1000109c f   CWString.obj
 0001:00000124       ?cw_memcpy@@YGHPA_WPBDH@Z  10001124 f   CWString.obj
 0001:00000150       ?cw_strcpy@@YAHPA_WPBD@Z   10001150 f   CWString.obj
 0001:00000163       ?cw_strlen@@YAHPBD@Z       10001163 f   CWString.obj
 0001:0000017c       ??0CAtlComModule@ATL@@QAE@XZ 1000117c f i OposVariant.obj
 0001:000001c1       ??0CAtlWinModule@ATL@@QAE@XZ 100011c1 f i OposVariant.obj
 0001:000001f8       ??0OposDispParms@@QAE@PAVOposVariant@@H@Z 100011f8 f   OposVariant.obj
 0001:00000269       ??1OposDispParms@@QAE@XZ   10001269 f   OposVariant.obj
 0001:00000277       ??A?$CSimpleArray@GV?$CSimpleArrayEqualHelper@G@ATL@@@ATL@@QAEAAGH@Z 10001277 f i OposVariant.obj
 0001:0000029c       ??_Estringdispid@CComTypeInfoHolder@ATL@@QAEPAXI@Z 1000129c f i OposVariant.obj
 0001:00000308       ?AtlWinModuleInit@ATL@@YGJPAU_ATL_WIN_MODULE70@1@@Z 10001308 f i OposVariant.obj
 0001:0000032e       ?AtlWinModuleTerm@ATL@@YGJPAU_ATL_WIN_MODULE70@1@PAUHINSTANCE__@@@Z 1000132e f i OposVariant.obj
 0001:00000391       ?ChangeBSTR@OposVariant@@QAEXPAPA_WAAJ@Z 10001391 f   OposVariant.obj
 0001:000003d2       ?ChangeCURRENCY@OposVariant@@QAEXPATtagCY@@AAJ@Z 100013d2 f   OposVariant.obj
 0001:00000421       ?ChangeLONG@OposVariant@@QAEXPAJAAJ@Z 10001421 f   OposVariant.obj
 0001:00000462       ?GetLONG@OposVariant@@QAEJXZ 10001462 f   OposVariant.obj
 0001:0000047d       ?Init@CComCriticalSection@ATL@@QAEJXZ 1000147d f i OposVariant.obj
 0001:000004a5       ?RemoveAll@?$CSimpleArray@PAUHINSTANCE__@@V?$CSimpleArrayEqualHelper@PAUHINSTANCE__@@@ATL@@@ATL@@QAEXXZ 100014a5 f i atls:atlbase.obj
 0001:000004a5       ?RemoveAll@?$CSimpleArray@GV?$CSimpleArrayEqualHelper@G@ATL@@@ATL@@QAEXXZ 100014a5 f i OposVariant.obj
 0001:000004c2       ?SetBSTR@OposVariant@@QAEXPA_WAAJ@Z 100014c2 f   OposVariant.obj
 0001:000004f6       ?SetBSTR_Copy@OposVariant@@QAEXPA_WAAJ@Z 100014f6 f   OposVariant.obj
 0001:00000546       ?SetBSTR_InOutPtr@OposVariant@@QAE_NPAPA_WAAJ@Z 10001546 f   OposVariant.obj
 0001:0000057d       ?SetCURRENCY@OposVariant@@QAEXTtagCY@@@Z 1000157d f   OposVariant.obj
 0001:000005a5       ?SetDispatch_Ptr@OposVariant@@QAEXPAUIDispatch@@AAJ@Z 100015a5 f   OposVariant.obj
 0001:000005e0       ?SetLONG@OposVariant@@QAEXJ@Z 100015e0 f   OposVariant.obj
 0001:00000602       ?SetLONG_Ptr@OposVariant@@QAEXPAJAAJ@Z 10001602 f   OposVariant.obj
 0001:00000635       ?SetString@OposVariant@@QAEXPB_WAAJ@Z 10001635 f   OposVariant.obj
 0001:0000067b       ?SetVARIANT_BOOL@OposVariant@@QAEXF@Z 1000167b f   OposVariant.obj
 0001:000006a5       ?Term@CAtlComModule@ATL@@QAEXXZ 100016a5 f i OposVariant.obj
 0001:000006ef       ?_AtlRaiseException@ATL@@YAXKK@Z 100016ef f i OposVariant.obj
 0001:00000704       ?CreateInstance@CComClassFactory@ATL@@UAGJPAUIUnknown@@ABU_GUID@@PAPAX@Z 10001704 f i ElectronicValueRW.obj
 0001:00000742       ?LockServer@CComClassFactory@ATL@@UAGJH@Z 10001742 f i ElectronicValueRW.obj
 0001:00000761       ??_ECComClassFactory@ATL@@UAEPAXI@Z 10001761 f i ElectronicValueRW.obj
 0001:00000761       ??_GCComClassFactory@ATL@@UAEPAXI@Z 10001761 f i ElectronicValueRW.obj
 0001:0000078c       ?Next@?$CComEnumImpl@UIEnumConnections@@$1?_GUID_b196b287_bab4_101a_b69c_00aa00341d07@@3U__s_GUID@@BUtagCONNECTDATA@@V?$_Copy@UtagCONNECTDATA@@@ATL@@@ATL@@UAGJKPAUtagCONNECTDATA@@PAK@Z 1000178c f i ElectronicValueRW.obj
 0001:00000863       ?Skip@?$CComEnumImpl@UIEnumConnections@@$1?_GUID_b196b287_bab4_101a_b69c_00aa00341d07@@3U__s_GUID@@BUtagCONNECTDATA@@V?$_Copy@UtagCONNECTDATA@@@ATL@@@ATL@@UAGJK@Z 10001863 f i ElectronicValueRW.obj
 0001:00000890       ?Reset@?$CComEnumImpl@UIEnumConnectionPoints@@$1?_GUID_b196b285_bab4_101a_b69c_00aa00341d07@@3U__s_GUID@@BPAUIConnectionPoint@@V?$_CopyInterface@UIConnectionPoint@@@ATL@@@ATL@@UAGJXZ 10001890 f i ElectronicValueRW.obj
 0001:00000890       ?Reset@?$CComEnumImpl@UIEnumConnections@@$1?_GUID_b196b287_bab4_101a_b69c_00aa00341d07@@3U__s_GUID@@BUtagCONNECTDATA@@V?$_Copy@UtagCONNECTDATA@@@ATL@@@ATL@@UAGJXZ 10001890 f i ElectronicValueRW.obj
 0001:000008a2       ?Clone@?$CComEnumImpl@UIEnumConnections@@$1?_GUID_b196b287_bab4_101a_b69c_00aa00341d07@@3U__s_GUID@@BUtagCONNECTDATA@@V?$_Copy@UtagCONNECTDATA@@@ATL@@@ATL@@UAGJPAPAUIEnumConnections@@@Z 100018a2 f i ElectronicValueRW.obj
 0001:00000983       ?AddRef@?$CComObject@V?$CComEnum@UIEnumConnectionPoints@@$1?_GUID_b196b285_bab4_101a_b69c_00aa00341d07@@3U__s_GUID@@BPAUIConnectionPoint@@V?$_CopyInterface@UIConnectionPoint@@@ATL@@VCComSingleThreadModel@6@@ATL@@@ATL@@UAGKXZ 10001983 f i ElectronicValueRW.obj
 0001:00000983       ?AddRef@?$CComObject@V?$CComEnum@UIEnumConnections@@$1?_GUID_b196b287_bab4_101a_b69c_00aa00341d07@@3U__s_GUID@@BUtagCONNECTDATA@@V?$_Copy@UtagCONNECTDATA@@@ATL@@VCComSingleThreadModel@6@@ATL@@@ATL@@UAGKXZ 10001983 f i ElectronicValueRW.obj
 0001:00000994       ?Release@?$CComObject@V?$CComEnum@UIEnumConnections@@$1?_GUID_b196b287_bab4_101a_b69c_00aa00341d07@@3U__s_GUID@@BUtagCONNECTDATA@@V?$_Copy@UtagCONNECTDATA@@@ATL@@VCComSingleThreadModel@6@@ATL@@@ATL@@UAGKXZ 10001994 f i ElectronicValueRW.obj
 0001:00000994       ?Release@?$CComObject@V?$CComEnum@UIEnumConnectionPoints@@$1?_GUID_b196b285_bab4_101a_b69c_00aa00341d07@@3U__s_GUID@@BPAUIConnectionPoint@@V?$_CopyInterface@UIConnectionPoint@@@ATL@@VCComSingleThreadModel@6@@ATL@@@ATL@@UAGKXZ 10001994 f i ElectronicValueRW.obj
 0001:000009d0       ?QueryInterface@?$CComObject@V?$CComEnum@UIEnumConnections@@$1?_GUID_b196b287_bab4_101a_b69c_00aa00341d07@@3U__s_GUID@@BUtagCONNECTDATA@@V?$_Copy@UtagCONNECTDATA@@@ATL@@VCComSingleThreadModel@6@@ATL@@@ATL@@UAGJABU_GUID@@PAPAX@Z 100019d0 f i ElectronicValueRW.obj
 0001:000009ea       ??_G?$CComObject@V?$CComEnum@UIEnumConnections@@$1?_GUID_b196b287_bab4_101a_b69c_00aa00341d07@@3U__s_GUID@@BUtagCONNECTDATA@@V?$_Copy@UtagCONNECTDATA@@@ATL@@VCComSingleThreadModel@6@@ATL@@@ATL@@UAEPAXI@Z 100019ea f i ElectronicValueRW.obj
 0001:000009ea       ??_E?$CComObject@V?$CComEnum@UIEnumConnections@@$1?_GUID_b196b287_bab4_101a_b69c_00aa00341d07@@3U__s_GUID@@BUtagCONNECTDATA@@V?$_Copy@UtagCONNECTDATA@@@ATL@@VCComSingleThreadModel@6@@ATL@@@ATL@@UAEPAXI@Z 100019ea f i ElectronicValueRW.obj
 0001:00000a0c       ?GetWindowProc@?$CWindowImplBaseT@VCWindow@ATL@@V?$CWinTraits@$0FGAAAAAA@$0A@@2@@ATL@@UAEP6GJPAUHWND__@@IIJ@ZXZ 10001a0c f i ElectronicValueRW.obj
 0001:00000a12       ?StartWindowProc@?$CWindowImplBaseT@VCWindow@ATL@@V?$CWinTraits@$0FGAAAAAA@$0A@@2@@ATL@@SGJPAUHWND__@@IIJ@Z 10001a12 f i ElectronicValueRW.obj
 0001:00000a66       ??_E?$CComObject@VCOPOSElectronicValueRW@@@ATL@@W3AEPAXI@Z 10001a66 f i ElectronicValueRW.obj
 0001:00000a6e       ??_E?$CComObject@VCOPOSElectronicValueRW@@@ATL@@WEM@AEPAXI@Z 10001a6e f i ElectronicValueRW.obj
 0001:00000a76       ?QueryInterface@?$CComObject@VCOPOSElectronicValueRW@@@ATL@@WHA@AGJABU_GUID@@PAPAX@Z 10001a76 f i ElectronicValueRW.obj
 0001:00000a80       ?AddRef@?$CComObject@VCOPOSElectronicValueRW@@@ATL@@WHA@AGKXZ 10001a80 f i ElectronicValueRW.obj
 0001:00000a8a       ?Release@?$CComObject@VCOPOSElectronicValueRW@@@ATL@@WHA@AGKXZ 10001a8a f i ElectronicValueRW.obj
 0001:00000a94       ?QueryInterface@?$CComObject@VCOPOSElectronicValueRW@@@ATL@@WHE@AGJABU_GUID@@PAPAX@Z 10001a94 f i ElectronicValueRW.obj
 0001:00000a9e       ?AddRef@?$CComObject@VCOPOSElectronicValueRW@@@ATL@@WHE@AGKXZ 10001a9e f i ElectronicValueRW.obj
 0001:00000aa8       ?Release@?$CComObject@VCOPOSElectronicValueRW@@@ATL@@WHE@AGKXZ 10001aa8 f i ElectronicValueRW.obj
 0001:00000ab2       ?QueryInterface@?$CComObject@VCOPOSElectronicValueRW@@@ATL@@WHI@AGJABU_GUID@@PAPAX@Z 10001ab2 f i ElectronicValueRW.obj
 0001:00000abc       ?AddRef@?$CComObject@VCOPOSElectronicValueRW@@@ATL@@WHI@AGKXZ 10001abc f i ElectronicValueRW.obj
 0001:00000ac6       ?Release@?$CComObject@VCOPOSElectronicValueRW@@@ATL@@WHI@AGKXZ 10001ac6 f i ElectronicValueRW.obj
 0001:00000ad0       ?QueryInterface@?$CComObject@VCOPOSElectronicValueRW@@@ATL@@WHM@AGJABU_GUID@@PAPAX@Z 10001ad0 f i ElectronicValueRW.obj
 0001:00000ada       ?AddRef@?$CComObject@VCOPOSElectronicValueRW@@@ATL@@WHM@AGKXZ 10001ada f i ElectronicValueRW.obj
 0001:00000ae4       ?OnFinalMessage@?$CWindowImplBaseT@VCWindow@ATL@@V?$CWinTraits@$0FGAAAAAA@$0A@@2@@ATL@@UAEXPAUHWND__@@@Z 10001ae4 f i ElectronicValueRW.obj
 0001:00000ae4       ?ObjectMain@CComObjectRootBase@ATL@@SGX_N@Z 10001ae4 f i ElectronicValueRW.obj
 0001:00000ae7       ?Release@?$CComObject@VCOPOSElectronicValueRW@@@ATL@@WHM@AGKXZ 10001ae7 f i ElectronicValueRW.obj
 0001:00000af1       ?QueryInterface@?$CComObject@VCOPOSElectronicValueRW@@@ATL@@WIA@AGJABU_GUID@@PAPAX@Z 10001af1 f i ElectronicValueRW.obj
 0001:00000afe       ?AddRef@?$CComObject@VCOPOSElectronicValueRW@@@ATL@@WIA@AGKXZ 10001afe f i ElectronicValueRW.obj
 0001:00000b0b       ?Release@?$CComObject@VCOPOSElectronicValueRW@@@ATL@@WIA@AGKXZ 10001b0b f i ElectronicValueRW.obj
 0001:00000b18       ?QueryInterface@?$CComObject@VCOPOSElectronicValueRW@@@ATL@@WIE@AGJABU_GUID@@PAPAX@Z 10001b18 f i ElectronicValueRW.obj
 0001:00000b25       ?AddRef@?$CComObject@VCOPOSElectronicValueRW@@@ATL@@WIE@AGKXZ 10001b25 f i ElectronicValueRW.obj
 0001:00000b32       ?Release@?$CComObject@VCOPOSElectronicValueRW@@@ATL@@WIE@AGKXZ 10001b32 f i ElectronicValueRW.obj
 0001:00000b3f       ?QueryInterface@?$CComObject@VCOPOSElectronicValueRW@@@ATL@@WII@AGJABU_GUID@@PAPAX@Z 10001b3f f i ElectronicValueRW.obj
 0001:00000b4c       ?AddRef@?$CComObject@VCOPOSElectronicValueRW@@@ATL@@WII@AGKXZ 10001b4c f i ElectronicValueRW.obj
 0001:00000b59       ?Release@?$CComObject@VCOPOSElectronicValueRW@@@ATL@@WII@AGKXZ 10001b59 f i ElectronicValueRW.obj
 0001:00000b66       ?QueryInterface@?$CComObject@VCOPOSElectronicValueRW@@@ATL@@WIM@AGJABU_GUID@@PAPAX@Z 10001b66 f i ElectronicValueRW.obj
 0001:00000b73       ?AddRef@?$CComObject@VCOPOSElectronicValueRW@@@ATL@@WIM@AGKXZ 10001b73 f i ElectronicValueRW.obj
 0001:00000b80       ?Release@?$CComObject@VCOPOSElectronicValueRW@@@ATL@@WIM@AGKXZ 10001b80 f i ElectronicValueRW.obj
 0001:00000b8d       ?QueryInterface@?$CComObject@VCOPOSElectronicValueRW@@@ATL@@WJA@AGJABU_GUID@@PAPAX@Z 10001b8d f i ElectronicValueRW.obj
 0001:00000b9a       ?AddRef@?$CComObject@VCOPOSElectronicValueRW@@@ATL@@WJA@AGKXZ 10001b9a f i ElectronicValueRW.obj
 0001:00000ba7       ?Release@?$CComObject@VCOPOSElectronicValueRW@@@ATL@@WJA@AGKXZ 10001ba7 f i ElectronicValueRW.obj
 0001:00000bb4       ?QueryInterface@?$CComObject@VCOPOSElectronicValueRW@@@ATL@@WJE@AGJABU_GUID@@PAPAX@Z 10001bb4 f i ElectronicValueRW.obj
 0001:00000bc1       ?AddRef@?$CComObject@VCOPOSElectronicValueRW@@@ATL@@WJE@AGKXZ 10001bc1 f i ElectronicValueRW.obj
 0001:00000bce       ?Release@?$CComObject@VCOPOSElectronicValueRW@@@ATL@@WJE@AGKXZ 10001bce f i ElectronicValueRW.obj
 0001:00000bdb       ?QueryInterface@?$CComObject@VCOPOSElectronicValueRW@@@ATL@@WJI@AGJABU_GUID@@PAPAX@Z 10001bdb f i ElectronicValueRW.obj
 0001:00000be8       ?AddRef@?$CComObject@VCOPOSElectronicValueRW@@@ATL@@WJI@AGKXZ 10001be8 f i ElectronicValueRW.obj
 0001:00000bf5       ?Release@?$CComObject@VCOPOSElectronicValueRW@@@ATL@@WJI@AGKXZ 10001bf5 f i ElectronicValueRW.obj
 0001:00000c02       ?QueryInterface@?$CComObject@VCOPOSElectronicValueRW@@@ATL@@WJM@AGJABU_GUID@@PAPAX@Z 10001c02 f i ElectronicValueRW.obj
 0001:00000c0f       ?AddRef@?$CComObject@VCOPOSElectronicValueRW@@@ATL@@WJM@AGKXZ 10001c0f f i ElectronicValueRW.obj
 0001:00000c1c       ?Release@?$CComObject@VCOPOSElectronicValueRW@@@ATL@@WJM@AGKXZ 10001c1c f i ElectronicValueRW.obj
 0001:00000c29       ?QueryInterface@?$CComObject@VCOPOSElectronicValueRW@@@ATL@@WKA@AGJABU_GUID@@PAPAX@Z 10001c29 f i ElectronicValueRW.obj
 0001:00000c36       ?AddRef@?$CComObject@VCOPOSElectronicValueRW@@@ATL@@WKA@AGKXZ 10001c36 f i ElectronicValueRW.obj
 0001:00000c43       ?Release@?$CComObject@VCOPOSElectronicValueRW@@@ATL@@WKA@AGKXZ 10001c43 f i ElectronicValueRW.obj
 0001:00000c50       ?AddRef@?$CComObject@VCOPOSElectronicValueRW@@@ATL@@WKI@AGKXZ 10001c50 f i ElectronicValueRW.obj
 0001:00000c5d       ?Release@?$CComObject@VCOPOSElectronicValueRW@@@ATL@@WKI@AGKXZ 10001c5d f i ElectronicValueRW.obj
 0001:00000c6a       ?AddRef@?$CComObject@VCOPOSElectronicValueRW@@@ATL@@WLE@AGKXZ 10001c6a f i ElectronicValueRW.obj
 0001:00000c77       ?Release@?$CComObject@VCOPOSElectronicValueRW@@@ATL@@WLE@AGKXZ 10001c77 f i ElectronicValueRW.obj
 0001:00000c84       ??_E?$CComContainedObject@VCOPOSElectronicValueRW@@@ATL@@W3AEPAXI@Z 10001c84 f i ElectronicValueRW.obj
 0001:00000c8c       ??_E?$CComContainedObject@VCOPOSElectronicValueRW@@@ATL@@WEM@AEPAXI@Z 10001c8c f i ElectronicValueRW.obj
 0001:00000c94       ?QueryInterface@?$CComContainedObject@VCOPOSElectronicValueRW@@@ATL@@WHA@AGJABU_GUID@@PAPAX@Z 10001c94 f i ElectronicValueRW.obj
 0001:00000c9e       ?AddRef@?$CComContainedObject@VCOPOSElectronicValueRW@@@ATL@@WHA@AGKXZ 10001c9e f i ElectronicValueRW.obj
 0001:00000ca8       ?Release@?$CComContainedObject@VCOPOSElectronicValueRW@@@ATL@@WHA@AGKXZ 10001ca8 f i ElectronicValueRW.obj
 0001:00000cb2       ?QueryInterface@?$CComContainedObject@VCOPOSElectronicValueRW@@@ATL@@WHE@AGJABU_GUID@@PAPAX@Z 10001cb2 f i ElectronicValueRW.obj
 0001:00000cbc       ?AddRef@?$CComContainedObject@VCOPOSElectronicValueRW@@@ATL@@WHE@AGKXZ 10001cbc f i ElectronicValueRW.obj
 0001:00000cc6       ?Release@?$CComContainedObject@VCOPOSElectronicValueRW@@@ATL@@WHE@AGKXZ 10001cc6 f i ElectronicValueRW.obj
 0001:00000cd0       ?QueryInterface@?$CComContainedObject@VCOPOSElectronicValueRW@@@ATL@@WHI@AGJABU_GUID@@PAPAX@Z 10001cd0 f i ElectronicValueRW.obj
 0001:00000cda       ?AddRef@?$CComContainedObject@VCOPOSElectronicValueRW@@@ATL@@WHI@AGKXZ 10001cda f i ElectronicValueRW.obj
 0001:00000ce4       ?Release@?$CComContainedObject@VCOPOSElectronicValueRW@@@ATL@@WHI@AGKXZ 10001ce4 f i ElectronicValueRW.obj
 0001:00000cee       ?QueryInterface@?$CComContainedObject@VCOPOSElectronicValueRW@@@ATL@@WHM@AGJABU_GUID@@PAPAX@Z 10001cee f i ElectronicValueRW.obj
 0001:00000cf8       ?AddRef@?$CComContainedObject@VCOPOSElectronicValueRW@@@ATL@@WHM@AGKXZ 10001cf8 f i ElectronicValueRW.obj
 0001:00000d02       ?Release@?$CComContainedObject@VCOPOSElectronicValueRW@@@ATL@@WHM@AGKXZ 10001d02 f i ElectronicValueRW.obj
 0001:00000d0c       ?QueryInterface@?$CComContainedObject@VCOPOSElectronicValueRW@@@ATL@@WIA@AGJABU_GUID@@PAPAX@Z 10001d0c f i ElectronicValueRW.obj
 0001:00000d19       ?AddRef@?$CComContainedObject@VCOPOSElectronicValueRW@@@ATL@@WIA@AGKXZ 10001d19 f i ElectronicValueRW.obj
 0001:00000d26       ?Release@?$CComContainedObject@VCOPOSElectronicValueRW@@@ATL@@WIA@AGKXZ 10001d26 f i ElectronicValueRW.obj
 0001:00000d33       ?QueryInterface@?$CComContainedObject@VCOPOSElectronicValueRW@@@ATL@@WIE@AGJABU_GUID@@PAPAX@Z 10001d33 f i ElectronicValueRW.obj
 0001:00000d40       ?AddRef@?$CComContainedObject@VCOPOSElectronicValueRW@@@ATL@@WIE@AGKXZ 10001d40 f i ElectronicValueRW.obj
 0001:00000d4d       ?Release@?$CComContainedObject@VCOPOSElectronicValueRW@@@ATL@@WIE@AGKXZ 10001d4d f i ElectronicValueRW.obj
 0001:00000d5a       ?QueryInterface@?$CComContainedObject@VCOPOSElectronicValueRW@@@ATL@@WII@AGJABU_GUID@@PAPAX@Z 10001d5a f i ElectronicValueRW.obj
 0001:00000d67       ?AddRef@?$CComContainedObject@VCOPOSElectronicValueRW@@@ATL@@WII@AGKXZ 10001d67 f i ElectronicValueRW.obj
 0001:00000d74       ?Release@?$CComContainedObject@VCOPOSElectronicValueRW@@@ATL@@WII@AGKXZ 10001d74 f i ElectronicValueRW.obj
 0001:00000d81       ?QueryInterface@?$CComContainedObject@VCOPOSElectronicValueRW@@@ATL@@WIM@AGJABU_GUID@@PAPAX@Z 10001d81 f i ElectronicValueRW.obj
 0001:00000d8e       ?AddRef@?$CComContainedObject@VCOPOSElectronicValueRW@@@ATL@@WIM@AGKXZ 10001d8e f i ElectronicValueRW.obj
 0001:00000d9b       ?Release@?$CComContainedObject@VCOPOSElectronicValueRW@@@ATL@@WIM@AGKXZ 10001d9b f i ElectronicValueRW.obj
 0001:00000da8       ?QueryInterface@?$CComContainedObject@VCOPOSElectronicValueRW@@@ATL@@WJA@AGJABU_GUID@@PAPAX@Z 10001da8 f i ElectronicValueRW.obj
 0001:00000db5       ?AddRef@?$CComContainedObject@VCOPOSElectronicValueRW@@@ATL@@WJA@AGKXZ 10001db5 f i ElectronicValueRW.obj
 0001:00000dc2       ?Release@?$CComContainedObject@VCOPOSElectronicValueRW@@@ATL@@WJA@AGKXZ 10001dc2 f i ElectronicValueRW.obj
 0001:00000dcf       ?QueryInterface@?$CComContainedObject@VCOPOSElectronicValueRW@@@ATL@@WJE@AGJABU_GUID@@PAPAX@Z 10001dcf f i ElectronicValueRW.obj
 0001:00000ddc       ?AddRef@?$CComContainedObject@VCOPOSElectronicValueRW@@@ATL@@WJE@AGKXZ 10001ddc f i ElectronicValueRW.obj
 0001:00000de9       ?Release@?$CComContainedObject@VCOPOSElectronicValueRW@@@ATL@@WJE@AGKXZ 10001de9 f i ElectronicValueRW.obj
 0001:00000df6       ?QueryInterface@?$CComContainedObject@VCOPOSElectronicValueRW@@@ATL@@WJI@AGJABU_GUID@@PAPAX@Z 10001df6 f i ElectronicValueRW.obj
 0001:00000e03       ?AddRef@?$CComContainedObject@VCOPOSElectronicValueRW@@@ATL@@WJI@AGKXZ 10001e03 f i ElectronicValueRW.obj
 0001:00000e10       ?Release@?$CComContainedObject@VCOPOSElectronicValueRW@@@ATL@@WJI@AGKXZ 10001e10 f i ElectronicValueRW.obj
 0001:00000e1d       ?QueryInterface@?$CComContainedObject@VCOPOSElectronicValueRW@@@ATL@@WJM@AGJABU_GUID@@PAPAX@Z 10001e1d f i ElectronicValueRW.obj
 0001:00000e2a       ?AddRef@?$CComContainedObject@VCOPOSElectronicValueRW@@@ATL@@WJM@AGKXZ 10001e2a f i ElectronicValueRW.obj
 0001:00000e37       ?Release@?$CComContainedObject@VCOPOSElectronicValueRW@@@ATL@@WJM@AGKXZ 10001e37 f i ElectronicValueRW.obj
 0001:00000e44       ?QueryInterface@?$CComContainedObject@VCOPOSElectronicValueRW@@@ATL@@WKA@AGJABU_GUID@@PAPAX@Z 10001e44 f i ElectronicValueRW.obj
 0001:00000e51       ?AddRef@?$CComContainedObject@VCOPOSElectronicValueRW@@@ATL@@WKA@AGKXZ 10001e51 f i ElectronicValueRW.obj
 0001:00000e5e       ?Release@?$CComContainedObject@VCOPOSElectronicValueRW@@@ATL@@WKA@AGKXZ 10001e5e f i ElectronicValueRW.obj
 0001:00000e6b       ?AddRef@?$CComContainedObject@VCOPOSElectronicValueRW@@@ATL@@WKI@AGKXZ 10001e6b f i ElectronicValueRW.obj
 0001:00000e78       ?Release@?$CComContainedObject@VCOPOSElectronicValueRW@@@ATL@@WKI@AGKXZ 10001e78 f i ElectronicValueRW.obj
 0001:00000e85       ?AddRef@?$CComContainedObject@VCOPOSElectronicValueRW@@@ATL@@WLE@AGKXZ 10001e85 f i ElectronicValueRW.obj
 0001:00000e92       ?Release@?$CComContainedObject@VCOPOSElectronicValueRW@@@ATL@@WLE@AGKXZ 10001e92 f i ElectronicValueRW.obj
 0001:00000e9f       ?GetTypeInfoCount@?$IDispatchImpl@UIOPOSElectronicValueRW@@$1?IID_IOPOSElectronicValueRW@@3U_GUID@@B$1?LIBID_OposElectronicValueRW_CCO@@3U3@B$00$0A@VCComTypeInfoHolder@ATL@@@ATL@@UAGJPAI@Z 10001e9f f i ElectronicValueRW.obj
 0001:00000ebc       ?GetTypeInfo@?$IDispatchImpl@UIOPOSElectronicValueRW@@$1?IID_IOPOSElectronicValueRW@@3U_GUID@@B$1?LIBID_OposElectronicValueRW_CCO@@3U3@B$00$0A@VCComTypeInfoHolder@ATL@@@ATL@@UAGJIKPAPAUITypeInfo@@@Z 10001ebc f i ElectronicValueRW.obj
 0001:00000ee0       ?GetIDsOfNames@?$IDispatchImpl@UIOPOSElectronicValueRW@@$1?IID_IOPOSElectronicValueRW@@3U_GUID@@B$1?LIBID_OposElectronicValueRW_CCO@@3U3@B$00$0A@VCComTypeInfoHolder@ATL@@@ATL@@UAGJABU_GUID@@PAPA_WIKPAJ@Z 10001ee0 f i ElectronicValueRW.obj
 0001:00000f00       ?Invoke@?$IDispatchImpl@UIOPOSElectronicValueRW@@$1?IID_IOPOSElectronicValueRW@@3U_GUID@@B$1?LIBID_OposElectronicValueRW_CCO@@3U3@B$00$0A@VCComTypeInfoHolder@ATL@@@ATL@@UAGJJABU_GUID@@KGPAUtagDISPPARAMS@@PAUtagVARIANT@@PAUtagEXCEPINFO@@PAI@Z 10001f00 f i ElectronicValueRW.obj
 0001:00000f0e       ?CreateControlWindow@?$CComControl@VCOPOSElectronicValueRW@@V?$CWindowImpl@VCOPOSElectronicValueRW@@VCWindow@ATL@@V?$CWinTraits@$0FGAAAAAA@$0A@@3@@ATL@@@ATL@@UAEPAUHWND__@@PAU3@AAUtagRECT@@@Z 10001f0e f i ElectronicValueRW.obj
 0001:00000f3d       ?ControlQueryInterface@?$CComControl@VCOPOSElectronicValueRW@@V?$CWindowImpl@VCOPOSElectronicValueRW@@VCWindow@ATL@@V?$CWinTraits@$0FGAAAAAA@$0A@@3@@ATL@@@ATL@@UAEJABU_GUID@@PAPAX@Z 10001f3d f i ElectronicValueRW.obj
 0001:00000f58       ?GetClassID@?$IPersistStreamInitImpl@VCOPOSElectronicValueRW@@@ATL@@UAGJPAU_GUID@@@Z 10001f58 f i ElectronicValueRW.obj
 0001:00000f58       ?GetUserClassID@?$IOleObjectImpl@VCOPOSElectronicValueRW@@@ATL@@UAGJPAU_GUID@@@Z 10001f58 f i ElectronicValueRW.obj
 0001:00000f58       ?GetClassID@?$IPersistStorageImpl@VCOPOSElectronicValueRW@@@ATL@@UAGJPAU_GUID@@@Z 10001f58 f i ElectronicValueRW.obj
 0001:00000f7c       ?IsDirty@?$IPersistStreamInitImpl@VCOPOSElectronicValueRW@@@ATL@@UAGJXZ 10001f7c f i ElectronicValueRW.obj
 0001:00000f9b       ?Load@?$IPersistStreamInitImpl@VCOPOSElectronicValueRW@@@ATL@@UAGJPAUIStream@@@Z 10001f9b f i ElectronicValueRW.obj
 0001:00000fba       ?Save@?$IPersistStreamInitImpl@VCOPOSElectronicValueRW@@@ATL@@UAGJPAUIStream@@H@Z 10001fba f i ElectronicValueRW.obj
 0001:00000fdc       ?GetSizeMax@?$IPersistStreamInitImpl@VCOPOSElectronicValueRW@@@ATL@@UAGJPAT_ULARGE_INTEGER@@@Z 10001fdc f i ElectronicValueRW.obj
 0001:000011bb       ?InitNew@?$IPersistStreamInitImpl@VCOPOSElectronicValueRW@@@ATL@@UAGJXZ 100021bb f i ElectronicValueRW.obj
 0001:000011d8       ?Unfreeze@?$IViewObjectExImpl@VCOPOSElectronicValueRW@@@ATL@@UAGJK@Z 100021d8 f i ElectronicValueRW.obj
 0001:000011d8       ?SetColorScheme@?$IOleObjectImpl@VCOPOSElectronicValueRW@@@ATL@@UAGJPAUtagLOGPALETTE@@@Z 100021d8 f i ElectronicValueRW.obj
 0001:000011d8       ?GetDropTarget@?$IOleInPlaceObjectWindowlessImpl@VCOPOSElectronicValueRW@@@ATL@@UAGJPAPAUIDropTarget@@@Z 100021d8 f i ElectronicValueRW.obj
 0001:000011d8       ?ContextSensitiveHelp@?$IOleInPlaceObjectWindowlessImpl@VCOPOSElectronicValueRW@@@ATL@@UAGJH@Z 100021d8 f i ElectronicValueRW.obj
 0001:000011d8       ?GetControlInfo@?$IOleControlImpl@VCOPOSElectronicValueRW@@@ATL@@UAGJPAUtagCONTROLINFO@@@Z 100021d8 f i ElectronicValueRW.obj
 0001:000011d8       ?ContextSensitiveHelp@?$IOleInPlaceActiveObjectImpl@VCOPOSElectronicValueRW@@@ATL@@UAGJH@Z 100021d8 f i ElectronicValueRW.obj
 0001:000011d8       ?OnMnemonic@?$IOleControlImpl@VCOPOSElectronicValueRW@@@ATL@@UAGJPAUtagMSG@@@Z 100021d8 f i ElectronicValueRW.obj
 0001:000011d8       ?QueryGetData@?$IDataObjectImpl@VCOPOSElectronicValueRW@@@ATL@@UAGJPAUtagFORMATETC@@@Z 100021d8 f i ElectronicValueRW.obj
 0001:000011e0       ?OnAmbientPropertyChange@?$IOleControlImpl@VCOPOSElectronicValueRW@@@ATL@@UAGJJ@Z 100021e0 f i ElectronicValueRW.obj
 0001:000011e0       ?EnableModeless@?$IOleInPlaceActiveObjectImpl@VCOPOSElectronicValueRW@@@ATL@@UAGJH@Z 100021e0 f i ElectronicValueRW.obj
 0001:000011e0       ?SaveCompleted@?$IPersistStorageImpl@VCOPOSElectronicValueRW@@@ATL@@UAGJPAUIStorage@@@Z 100021e0 f i ElectronicValueRW.obj
 0001:000011e0       ?OnFrameWindowActivate@?$IOleInPlaceActiveObjectImpl@VCOPOSElectronicValueRW@@@ATL@@UAGJH@Z 100021e0 f i ElectronicValueRW.obj
 0001:000011e5       ?SetClientSite@?$IOleObjectImpl@VCOPOSElectronicValueRW@@@ATL@@UAGJPAUIOleClientSite@@@Z 100021e5 f i ElectronicValueRW.obj
 0001:00001202       ?GetClientSite@?$IOleObjectImpl@VCOPOSElectronicValueRW@@@ATL@@UAGJPAPAUIOleClientSite@@@Z 10002202 f i ElectronicValueRW.obj
 0001:0000121f       ?SetHostNames@?$IOleObjectImpl@VCOPOSElectronicValueRW@@@ATL@@UAGJPB_W0@Z 1000221f f i ElectronicValueRW.obj
 0001:00001224       ?Close@?$IOleObjectImpl@VCOPOSElectronicValueRW@@@ATL@@UAGJK@Z 10002224 f i ElectronicValueRW.obj
 0001:00001241       ?GetDataHere@?$IDataObjectImpl@VCOPOSElectronicValueRW@@@ATL@@UAGJPAUtagFORMATETC@@PAUtagSTGMEDIUM@@@Z 10002241 f i ElectronicValueRW.obj
 0001:00001241       ?GetClipboardData@?$IOleObjectImpl@VCOPOSElectronicValueRW@@@ATL@@UAGJKPAPAUIDataObject@@@Z 10002241 f i ElectronicValueRW.obj
 0001:00001241       ?GetRect@?$IViewObjectExImpl@VCOPOSElectronicValueRW@@@ATL@@UAGJKPAU_RECTL@@@Z 10002241 f i ElectronicValueRW.obj
 0001:00001241       ?GetCanonicalFormatEtc@?$IDataObjectImpl@VCOPOSElectronicValueRW@@@ATL@@UAGJPAUtagFORMATETC@@0@Z 10002241 f i ElectronicValueRW.obj
 0001:00001241       ?QueryInterface@CRegObject@ATL@@UAGJABU_GUID@@PAPAX@Z 10002241 f i ElectronicValueRW.obj
 0001:00001241       ?EnumFormatEtc@?$IDataObjectImpl@VCOPOSElectronicValueRW@@@ATL@@UAGJKPAPAUIEnumFORMATETC@@@Z 10002241 f i ElectronicValueRW.obj
 0001:00001241       ?SetMoniker@?$IOleObjectImpl@VCOPOSElectronicValueRW@@@ATL@@UAGJKPAUIMoniker@@@Z 10002241 f i ElectronicValueRW.obj
 0001:00001249       ?Lock@CAtlModule@ATL@@UAEJXZ 10002249 f i ElectronicValueRW.obj
 0001:00001253       ?InitFromData@?$IOleObjectImpl@VCOPOSElectronicValueRW@@@ATL@@UAGJPAUIDataObject@@HK@Z 10002253 f i ElectronicValueRW.obj
 0001:00001253       ?GetMoniker@?$IOleObjectImpl@VCOPOSElectronicValueRW@@@ATL@@UAGJKKPAPAUIMoniker@@@Z 10002253 f i ElectronicValueRW.obj
 0001:00001253       ?SetData@?$IDataObjectImpl@VCOPOSElectronicValueRW@@@ATL@@UAGJPAUtagFORMATETC@@PAUtagSTGMEDIUM@@H@Z 10002253 f i ElectronicValueRW.obj
 0001:0000125b       ?Unlock@CAtlModule@ATL@@UAEJXZ 1000225b f i ElectronicValueRW.obj
 0001:00001265       ?GetLockCount@CAtlModule@ATL@@UAEJXZ 10002265 f i ElectronicValueRW.obj
 0001:00001269       ?GetGITPtr@CAtlModule@ATL@@UAEJPAPAUIGlobalInterfaceTable@@@Z 10002269 f i ElectronicValueRW.obj
 0001:000012b5       ?DoVerb@?$IOleObjectImpl@VCOPOSElectronicValueRW@@@ATL@@UAGJJPAUtagMSG@@PAUIOleClientSite@@JPAUHWND__@@PBUtagRECT@@@Z 100022b5 f i ElectronicValueRW.obj
 0001:000013a9       ?EnumVerbs@?$IOleObjectImpl@VCOPOSElectronicValueRW@@@ATL@@UAGJPAPAUIEnumOLEVERB@@@Z 100023a9 f i ElectronicValueRW.obj
 0001:000013cb       ?Update@?$IOleObjectImpl@VCOPOSElectronicValueRW@@@ATL@@UAGJXZ 100023cb f i ElectronicValueRW.obj
 0001:000013cb       ?IsUpToDate@?$IOleObjectImpl@VCOPOSElectronicValueRW@@@ATL@@UAGJXZ 100023cb f i ElectronicValueRW.obj
 0001:000013cb       ?Release@CRegObject@ATL@@UAGKXZ 100023cb f i ElectronicValueRW.obj
 0001:000013cb       ?HandsOffStorage@?$IPersistStorageImpl@VCOPOSElectronicValueRW@@@ATL@@UAGJXZ 100023cb f i ElectronicValueRW.obj
 0001:000013d0       ?GetUserType@?$IOleObjectImpl@VCOPOSElectronicValueRW@@@ATL@@UAGJKPAPA_W@Z 100023d0 f i ElectronicValueRW.obj
 0001:000013e8       ?SetExtent@?$IOleObjectImpl@VCOPOSElectronicValueRW@@@ATL@@UAGJKPAUtagSIZE@@@Z 100023e8 f i ElectronicValueRW.obj
 0001:00001408       ?GetExtent@?$IOleObjectImpl@VCOPOSElectronicValueRW@@@ATL@@UAGJKPAUtagSIZE@@@Z 10002408 f i ElectronicValueRW.obj
 0001:00001446       ?Advise@?$IOleObjectImpl@VCOPOSElectronicValueRW@@@ATL@@UAGJPAUIAdviseSink@@PAK@Z 10002446 f i ElectronicValueRW.obj
 0001:00001466       ?Unadvise@?$IOleObjectImpl@VCOPOSElectronicValueRW@@@ATL@@UAGJK@Z 10002466 f i ElectronicValueRW.obj
 0001:00001495       ?EnumAdvise@?$IOleObjectImpl@VCOPOSElectronicValueRW@@@ATL@@UAGJPAPAUIEnumSTATDATA@@@Z 10002495 f i ElectronicValueRW.obj
 0001:000014d5       ?GetMiscStatus@?$IOleObjectImpl@VCOPOSElectronicValueRW@@@ATL@@UAGJKPAK@Z 100024d5 f i ElectronicValueRW.obj
 0001:000014ed       ?GetWindow@?$IOleInPlaceActiveObjectImpl@VCOPOSElectronicValueRW@@@ATL@@UAGJPAPAUHWND__@@@Z 100024ed f i ElectronicValueRW.obj
 0001:0000153a       ?TranslateAcceleratorW@?$IOleInPlaceActiveObjectImpl@VCOPOSElectronicValueRW@@@ATL@@UAGJPAUtagMSG@@@Z 1000253a f i ElectronicValueRW.obj
 0001:000015e8       ?OnDocWindowActivate@?$IOleInPlaceActiveObjectImpl@VCOPOSElectronicValueRW@@@ATL@@UAGJH@Z 100025e8 f i ElectronicValueRW.obj
 0001:0000160a       ?ResizeBorder@?$IOleInPlaceActiveObjectImpl@VCOPOSElectronicValueRW@@@ATL@@UAGJPBUtagRECT@@PAUIOleInPlaceUIWindow@@H@Z 1000260a f i ElectronicValueRW.obj
 0001:0000160f       ?Draw@?$IViewObjectExImpl@VCOPOSElectronicValueRW@@@ATL@@UAGJKJPAXPAUtagDVTARGETDEVICE@@PAUHDC__@@2PBU_RECTL@@3P6GHK@ZK@Z 1000260f f i ElectronicValueRW.obj
 0001:00001641       ?GetColorSet@?$IViewObjectExImpl@VCOPOSElectronicValueRW@@@ATL@@UAGJKJPAXPAUtagDVTARGETDEVICE@@PAUHDC__@@PAPAUtagLOGPALETTE@@@Z 10002641 f i ElectronicValueRW.obj
 0001:00001649       ?Freeze@?$IViewObjectExImpl@VCOPOSElectronicValueRW@@@ATL@@UAGJKJPAXPAK@Z 10002649 f i ElectronicValueRW.obj
 0001:00001651       ?SetAdvise@?$IViewObjectExImpl@VCOPOSElectronicValueRW@@@ATL@@UAGJKKPAUIAdviseSink@@@Z 10002651 f i ElectronicValueRW.obj
 0001:00001670       ?GetAdvise@?$IViewObjectExImpl@VCOPOSElectronicValueRW@@@ATL@@UAGJPAK0PAPAUIAdviseSink@@@Z 10002670 f i ElectronicValueRW.obj
 0001:000016a5       ?GetExtent@?$IViewObjectExImpl@VCOPOSElectronicValueRW@@@ATL@@UAGJKJPAUtagDVTARGETDEVICE@@PAUtagSIZE@@@Z 100026a5 f i ElectronicValueRW.obj
 0001:000016d6       ?GetViewStatus@?$IViewObjectExImpl@VCOPOSElectronicValueRW@@@ATL@@UAGJPAK@Z 100026d6 f i ElectronicValueRW.obj
 0001:000016f3       ?QueryHitPoint@?$IViewObjectExImpl@VCOPOSElectronicValueRW@@@ATL@@UAGJKPBUtagRECT@@UtagPOINT@@JPAK@Z 100026f3 f i ElectronicValueRW.obj
 0001:00001734       ?QueryHitRect@?$IViewObjectExImpl@VCOPOSElectronicValueRW@@@ATL@@UAGJKPBUtagRECT@@0JPAK@Z 10002734 f i ElectronicValueRW.obj
 0001:0000178f       ?GetNaturalExtent@?$IViewObjectExImpl@VCOPOSElectronicValueRW@@@ATL@@UAGJKJPAUtagDVTARGETDEVICE@@PAUHDC__@@PAUtagExtentInfo@@PAUtagSIZE@@@Z 1000278f f i ElectronicValueRW.obj
 0001:000017da       ?GetWindow@?$IOleInPlaceObjectWindowlessImpl@VCOPOSElectronicValueRW@@@ATL@@UAGJPAPAUHWND__@@@Z 100027da f i ElectronicValueRW.obj
 0001:00001827       ?InPlaceDeactivate@?$IOleInPlaceObjectWindowlessImpl@VCOPOSElectronicValueRW@@@ATL@@UAGJXZ 10002827 f i ElectronicValueRW.obj
 0001:00001841       ?UIDeactivate@?$IOleInPlaceObjectWindowlessImpl@VCOPOSElectronicValueRW@@@ATL@@UAGJXZ 10002841 f i ElectronicValueRW.obj
 0001:0000185b       ?SetObjectRects@?$IOleInPlaceObjectWindowlessImpl@VCOPOSElectronicValueRW@@@ATL@@UAGJPBUtagRECT@@0@Z 1000285b f i ElectronicValueRW.obj
 0001:0000187b       ?ReactivateAndUndo@?$IOleInPlaceObjectWindowlessImpl@VCOPOSElectronicValueRW@@@ATL@@UAGJXZ 1000287b f i ElectronicValueRW.obj
 0001:00001883       ?OnWindowMessage@?$IOleInPlaceObjectWindowlessImpl@VCOPOSElectronicValueRW@@@ATL@@UAGJIIJPAJ@Z 10002883 f i ElectronicValueRW.obj
 0001:000018f3       ?EnumConnectionPoints@?$IConnectionPointContainerImpl@VCOPOSElectronicValueRW@@@ATL@@UAGJPAPAUIEnumConnectionPoints@@@Z 100028f3 f i ElectronicValueRW.obj
 0001:00001a6d       ?FindConnectionPoint@?$IConnectionPointContainerImpl@VCOPOSElectronicValueRW@@@ATL@@UAGJABU_GUID@@PAPAUIConnectionPoint@@@Z 10002a6d f i ElectronicValueRW.obj
 0001:00001b10       ?IsDirty@?$IPersistStorageImpl@VCOPOSElectronicValueRW@@@ATL@@UAGJXZ 10002b10 f i ElectronicValueRW.obj
 0001:00001b44       ?InitNew@?$IPersistStorageImpl@VCOPOSElectronicValueRW@@@ATL@@UAGJPAUIStorage@@@Z 10002b44 f i ElectronicValueRW.obj
 0001:00001b78       ?Load@?$IPersistStorageImpl@VCOPOSElectronicValueRW@@@ATL@@UAGJPAUIStorage@@@Z 10002b78 f i ElectronicValueRW.obj
 0001:00001be4       ?Save@?$IPersistStorageImpl@VCOPOSElectronicValueRW@@@ATL@@UAGJPAUIStorage@@H@Z 10002be4 f i ElectronicValueRW.obj
 0001:00001c57       ?AddCommonRGSReplacements@?$CAtlModuleT@VCComModule@ATL@@@ATL@@UAEJPAUIRegistrarBase@@@Z 10002c57 f i ElectronicValueRW.obj
 0001:00001c71       ?GetPages@?$ISpecifyPropertyPagesImpl@VCOPOSElectronicValueRW@@@ATL@@UAGJPAUtagCAUUID@@@Z 10002c71 f i ElectronicValueRW.obj
 0001:00001c88       ?QuickActivate@?$IQuickActivateImpl@VCOPOSElectronicValueRW@@@ATL@@UAGJPAUtagQACONTAINER@@PAUtagQACONTROL@@@Z 10002c88 f i ElectronicValueRW.obj
 0001:00001cab       ?SetContentExtent@?$IQuickActivateImpl@VCOPOSElectronicValueRW@@@ATL@@UAGJPAUtagSIZE@@@Z 10002cab f i ElectronicValueRW.obj
 0001:00001cd7       ?GetContentExtent@?$IQuickActivateImpl@VCOPOSElectronicValueRW@@@ATL@@UAGJPAUtagSIZE@@@Z 10002cd7 f i ElectronicValueRW.obj
 0001:00001d11       ?GetData@?$IDataObjectImpl@VCOPOSElectronicValueRW@@@ATL@@UAGJPAUtagFORMATETC@@PAUtagSTGMEDIUM@@@Z 10002d11 f i ElectronicValueRW.obj
 0001:00001d34       ?DAdvise@?$IDataObjectImpl@VCOPOSElectronicValueRW@@@ATL@@UAGJPAUtagFORMATETC@@KPAUIAdviseSink@@PAK@Z 10002d34 f i ElectronicValueRW.obj
 0001:00001d75       ?DUnadvise@?$IDataObjectImpl@VCOPOSElectronicValueRW@@@ATL@@UAGJK@Z 10002d75 f i ElectronicValueRW.obj
 0001:00001da3       ?EnumDAdvise@?$IDataObjectImpl@VCOPOSElectronicValueRW@@@ATL@@UAGJPAPAUIEnumSTATDATA@@@Z 10002da3 f i ElectronicValueRW.obj
 0001:00001de2       ?UpdateRegistryFromResourceD@CComModule@ATL@@UAGJIHPAU_ATL_REGMAP_ENTRY@2@@Z 10002de2 f i ElectronicValueRW.obj
 0001:00001de2       ?UpdateRegistryFromResourceD@CComModule@ATL@@UAGJPB_WHPAU_ATL_REGMAP_ENTRY@2@@Z 10002de2 f i ElectronicValueRW.obj
 0001:00001dea       ?UpdateRegistryFromResource@CComModule@ATL@@UAGJPB_WHPAU_ATL_REGMAP_ENTRY@2@@Z 10002dea f i ElectronicValueRW.obj
 0001:00001df3       ?GetClassInfoW@?$IProvideClassInfo2Impl@$1?CLSID_OPOSElectronicValueRW@@3U_GUID@@B$1?DIID__IOPOSElectronicValueRWEvents@@3U2@B$1?LIBID_OposElectronicValueRW_CCO@@3U2@B$00$0A@VCComTypeInfoHolder@ATL@@@ATL@@UAGJPAPAUITypeInfo@@@Z 10002df3 f i ElectronicValueRW.obj
 0001:00001e09       ?UpdateRegistryFromResource@CComModule@ATL@@UAGJIHPAU_ATL_REGMAP_ENTRY@2@@Z 10002e09 f i ElectronicValueRW.obj
 0001:00001e12       ?GetGUID@?$IProvideClassInfo2Impl@$1?CLSID_OPOSElectronicValueRW@@3U_GUID@@B$1?DIID__IOPOSElectronicValueRWEvents@@3U2@B$1?LIBID_OposElectronicValueRW_CCO@@3U2@B$00$0A@VCComTypeInfoHolder@ATL@@@ATL@@UAGJKPAU_GUID@@@Z 10002e12 f i ElectronicValueRW.obj
 0001:00001e50       __get_startup_argv_mode    10002e50 f i LIBCMT:argv_mode.obj
 0001:00001e50       ?FAccessAllowed@?$IObjectSafetyImpl@VCOPOSElectronicValueRW@@$02@ATL@@MAEHXZ 10002e50 f i ElectronicValueRW.obj
 0001:00001e54       ?GetInterfaceSafetyOptions@?$IObjectSafetyImpl@VCOPOSElectronicValueRW@@$02@ATL@@UAGJABU_GUID@@PAK1@Z 10002e54 f i ElectronicValueRW.obj
 0001:00001ec8       ?SetInterfaceSafetyOptions@?$IObjectSafetyImpl@VCOPOSElectronicValueRW@@$02@ATL@@UAGJABU_GUID@@KK@Z 10002ec8 f i ElectronicValueRW.obj
 0001:00001f42       ??_GCComModule@ATL@@UAEPAXI@Z 10002f42 f i ElectronicValueRW.obj
 0001:00001f42       ??_ECComModule@ATL@@UAEPAXI@Z 10002f42 f i ElectronicValueRW.obj
 0001:00001f6a       ?_LocCPQueryInterface@?$IConnectionPointImpl@VCOPOSElectronicValueRW@@$1?DIID__IOPOSElectronicValueRWEvents@@3U_GUID@@BVCComDynamicUnkArray@ATL@@@ATL@@UAGJABU_GUID@@PAPAX@Z 10002f6a f i ElectronicValueRW.obj
 0001:00001f6a       ?_LocCPQueryInterface@?$IConnectionPointImpl@VCOPOSElectronicValueRW@@$1?IID_IPropertyNotifySink@@3U_GUID@@BVCComDynamicUnkArray@ATL@@@ATL@@UAGJABU_GUID@@PAPAX@Z 10002f6a f i ElectronicValueRW.obj
 0001:00001fb7       ?GetConnectionInterface@?$IConnectionPointImpl@VCOPOSElectronicValueRW@@$1?IID_IPropertyNotifySink@@3U_GUID@@BVCComDynamicUnkArray@ATL@@@ATL@@UAGJPAU_GUID@@@Z 10002fb7 f i ElectronicValueRW.obj
 0001:00001fdb       ?GetConnectionPointContainer@?$IConnectionPointImpl@VCOPOSElectronicValueRW@@$1?IID_IPropertyNotifySink@@3U_GUID@@BVCComDynamicUnkArray@ATL@@@ATL@@UAGJPAPAUIConnectionPointContainer@@@Z 10002fdb f i ElectronicValueRW.obj
 0001:00001ffe       ?Advise@?$IConnectionPointImpl@VCOPOSElectronicValueRW@@$1?IID_IPropertyNotifySink@@3U_GUID@@BVCComDynamicUnkArray@ATL@@@ATL@@UAGJPAUIUnknown@@PAK@Z 10002ffe f i ElectronicValueRW.obj
 0001:00001ffe       ?Advise@?$IConnectionPointImpl@VCOPOSElectronicValueRW@@$1?DIID__IOPOSElectronicValueRWEvents@@3U_GUID@@BVCComDynamicUnkArray@ATL@@@ATL@@UAGJPAUIUnknown@@PAK@Z 10002ffe f i ElectronicValueRW.obj
 0001:0000209f       ?Unadvise@?$IConnectionPointImpl@VCOPOSElectronicValueRW@@$1?DIID__IOPOSElectronicValueRWEvents@@3U_GUID@@BVCComDynamicUnkArray@ATL@@@ATL@@UAGJK@Z 1000309f f i ElectronicValueRW.obj
 0001:0000209f       ?Unadvise@?$IConnectionPointImpl@VCOPOSElectronicValueRW@@$1?IID_IPropertyNotifySink@@3U_GUID@@BVCComDynamicUnkArray@ATL@@@ATL@@UAGJK@Z 1000309f f i ElectronicValueRW.obj
 0001:000020df       ?EnumConnections@?$IConnectionPointImpl@VCOPOSElectronicValueRW@@$1?IID_IPropertyNotifySink@@3U_GUID@@BVCComDynamicUnkArray@ATL@@@ATL@@UAGJPAPAUIEnumConnections@@@Z 100030df f i ElectronicValueRW.obj
 0001:000020df       ?EnumConnections@?$IConnectionPointImpl@VCOPOSElectronicValueRW@@$1?DIID__IOPOSElectronicValueRWEvents@@3U_GUID@@BVCComDynamicUnkArray@ATL@@@ATL@@UAGJPAPAUIEnumConnections@@@Z 100030df f i ElectronicValueRW.obj
 0001:000021e5       ?GetObjectDescription@?$CComCoClass@VCOPOSElectronicValueRW@@$1?CLSID_OPOSElectronicValueRW@@3U_GUID@@B@ATL@@SGPB_WXZ 100031e5 f i ElectronicValueRW.obj
 0001:000021e5       ?GetCategoryMap@CComObjectRootBase@ATL@@SAPBU_ATL_CATMAP_ENTRY@2@XZ 100031e5 f i ElectronicValueRW.obj
 0001:000021e8       ?GetConnectionInterface@?$IConnectionPointImpl@VCOPOSElectronicValueRW@@$1?DIID__IOPOSElectronicValueRWEvents@@3U_GUID@@BVCComDynamicUnkArray@ATL@@@ATL@@UAGJPAU_GUID@@@Z 100031e8 f i ElectronicValueRW.obj
 0001:0000220c       ?GetConnectionPointContainer@?$IConnectionPointImpl@VCOPOSElectronicValueRW@@$1?DIID__IOPOSElectronicValueRWEvents@@3U_GUID@@BVCComDynamicUnkArray@ATL@@@ATL@@UAGJPAPAUIConnectionPointContainer@@@Z 1000320c f i ElectronicValueRW.obj
 0001:0000222f       ?UpdateRegistry@COPOSElectronicValueRW@@SGJH@Z 1000322f f i ElectronicValueRW.obj
 0001:00002247       ?ProcessWindowMessage@COPOSElectronicValueRW@@UAEHPAUHWND__@@IIJAAJK@Z 10003247 f i ElectronicValueRW.obj
 0001:00002290       ?SOData@COPOSElectronicValueRW@@MAGJJ@Z 10003290 f i ElectronicValueRW.obj
 0001:000022c9       ?SODirectIO@COPOSElectronicValueRW@@MAGJJPAJPAPA_W@Z 100032c9 f i ElectronicValueRW.obj
 0001:00002312       ?SOError@COPOSElectronicValueRW@@MAGJJJJPAJ@Z 10003312 f i ElectronicValueRW.obj
 0001:00002367       ?SOOutputComplete@COPOSElectronicValueRW@@MAGJJ@Z 10003367 f i ElectronicValueRW.obj
 0001:000023a0       ?SOStatusUpdate@COPOSElectronicValueRW@@MAGJJ@Z 100033a0 f i ElectronicValueRW.obj
 0001:000023d9       ?SOTransition@COPOSElectronicValueRW@@MAGJJPAJPAPA_W@Z 100033d9 f i ElectronicValueRW.obj
 0001:00002422       ?CreateInstance@?$CComCreator@V?$CComObjectCached@VCComClassFactory@ATL@@@ATL@@@ATL@@SGJPAXABU_GUID@@PAPAX@Z 10003422 f i ElectronicValueRW.obj
 0001:000024ce       ?CreateInstance@?$CComCreator2@V?$CComCreator@V?$CComObject@VCOPOSElectronicValueRW@@@ATL@@@ATL@@V?$CComCreator@V?$CComAggObject@VCOPOSElectronicValueRW@@@ATL@@@2@@ATL@@SGJPAXABU_GUID@@PAPAX@Z 100034ce f i ElectronicValueRW.obj
 0001:000024ee       ?AddRef@?$CComObjectCached@VCComClassFactory@ATL@@@ATL@@UAGKXZ 100034ee f i ElectronicValueRW.obj
 0001:00002515       ?Release@?$CComObjectCached@VCComClassFactory@ATL@@@ATL@@UAGKXZ 10003515 f i ElectronicValueRW.obj
 0001:0000254b       ?QueryInterface@?$CComObjectCached@VCComClassFactory@ATL@@@ATL@@UAGJABU_GUID@@PAPAX@Z 1000354b f i ElectronicValueRW.obj
 0001:00002565       ??_G?$CComObjectCached@VCComClassFactory@ATL@@@ATL@@UAEPAXI@Z 10003565 f i ElectronicValueRW.obj
 0001:00002565       ??_E?$CComObjectCached@VCComClassFactory@ATL@@@ATL@@UAEPAXI@Z 10003565 f i ElectronicValueRW.obj
 0001:00002587       ?AddRef@CRegObject@ATL@@UAGKXZ 10003587 f i ElectronicValueRW.obj
 0001:0000258d       ?AddReplacement@CRegObject@ATL@@UAGJPB_W0@Z 1000358d f i ElectronicValueRW.obj
 0001:000025c6       ?ClearReplacements@CRegObject@ATL@@UAGJXZ 100035c6 f i ElectronicValueRW.obj
 0001:000025d8       ??_ECRegObject@ATL@@UAEPAXI@Z 100035d8 f i ElectronicValueRW.obj
 0001:000025d8       ??_GCRegObject@ATL@@UAEPAXI@Z 100035d8 f i ElectronicValueRW.obj
 0001:000025fa       ?Next@?$CComEnumImpl@UIEnumConnectionPoints@@$1?_GUID_b196b285_bab4_101a_b69c_00aa00341d07@@3U__s_GUID@@BPAUIConnectionPoint@@V?$_CopyInterface@UIConnectionPoint@@@ATL@@@ATL@@UAGJKPAPAUIConnectionPoint@@PAK@Z 100035fa f i ElectronicValueRW.obj
 0001:000026d1       ?Skip@?$CComEnumImpl@UIEnumConnectionPoints@@$1?_GUID_b196b285_bab4_101a_b69c_00aa00341d07@@3U__s_GUID@@BPAUIConnectionPoint@@V?$_CopyInterface@UIConnectionPoint@@@ATL@@@ATL@@UAGJK@Z 100036d1 f i ElectronicValueRW.obj
 0001:000026fe       ?Clone@?$CComEnumImpl@UIEnumConnectionPoints@@$1?_GUID_b196b285_bab4_101a_b69c_00aa00341d07@@3U__s_GUID@@BPAUIConnectionPoint@@V?$_CopyInterface@UIConnectionPoint@@@ATL@@@ATL@@UAGJPAPAUIEnumConnectionPoints@@@Z 100036fe f i ElectronicValueRW.obj
 0001:000027df       ?QueryInterface@?$CComObject@V?$CComEnum@UIEnumConnectionPoints@@$1?_GUID_b196b285_bab4_101a_b69c_00aa00341d07@@3U__s_GUID@@BPAUIConnectionPoint@@V?$_CopyInterface@UIConnectionPoint@@@ATL@@VCComSingleThreadModel@6@@ATL@@@ATL@@UAGJABU_GUID@@PAPAX@Z 100037df f i ElectronicValueRW.obj
 0001:000027f9       ??_G?$CComObject@V?$CComEnum@UIEnumConnectionPoints@@$1?_GUID_b196b285_bab4_101a_b69c_00aa00341d07@@3U__s_GUID@@BPAUIConnectionPoint@@V?$_CopyInterface@UIConnectionPoint@@@ATL@@VCComSingleThreadModel@6@@ATL@@@ATL@@UAEPAXI@Z 100037f9 f i ElectronicValueRW.obj
 0001:000027f9       ??_E?$CComObject@V?$CComEnum@UIEnumConnectionPoints@@$1?_GUID_b196b285_bab4_101a_b69c_00aa00341d07@@3U__s_GUID@@BPAUIConnectionPoint@@V?$_CopyInterface@UIConnectionPoint@@@ATL@@VCComSingleThreadModel@6@@ATL@@@ATL@@UAEPAXI@Z 100037f9 f i ElectronicValueRW.obj
 0001:0000281b       ?OnDrawAdvanced@CComControlBase@ATL@@UAEJAAUATL_DRAWINFO@@@Z 1000381b f i ElectronicValueRW.obj
 0001:0000290e       ?AddRef@?$CComAggObject@VCOPOSElectronicValueRW@@@ATL@@UAGKXZ 1000390e f i ElectronicValueRW.obj
 0001:0000291f       ?Release@?$CComAggObject@VCOPOSElectronicValueRW@@@ATL@@UAGKXZ 1000391f f i ElectronicValueRW.obj
 0001:0000295b       ?QueryInterface@?$CComAggObject@VCOPOSElectronicValueRW@@@ATL@@UAGJABU_GUID@@PAPAX@Z 1000395b f i ElectronicValueRW.obj
 0001:000029aa       ?AddRef@?$CComContainedObject@VCOPOSElectronicValueRW@@@ATL@@UAGKXZ 100039aa f i ElectronicValueRW.obj
 0001:000029c0       ?Release@?$CComContainedObject@VCOPOSElectronicValueRW@@@ATL@@UAGKXZ 100039c0 f i ElectronicValueRW.obj
 0001:000029d6       ?QueryInterface@?$CComContainedObject@VCOPOSElectronicValueRW@@@ATL@@UAGJABU_GUID@@PAPAX@Z 100039d6 f i ElectronicValueRW.obj
 0001:000029f1       ??_E?$CComAggObject@VCOPOSElectronicValueRW@@@ATL@@UAEPAXI@Z 100039f1 f i ElectronicValueRW.obj
 0001:000029f1       ??_G?$CComAggObject@VCOPOSElectronicValueRW@@@ATL@@UAEPAXI@Z 100039f1 f i ElectronicValueRW.obj
 0001:00002a16       ?AddRef@?$CComObject@VCOPOSElectronicValueRW@@@ATL@@UAGKXZ 10003a16 f i ElectronicValueRW.obj
 0001:00002a2d       ?Release@?$CComObject@VCOPOSElectronicValueRW@@@ATL@@UAGKXZ 10003a2d f i ElectronicValueRW.obj
 0001:00002a6f       ?QueryInterface@?$CComObject@VCOPOSElectronicValueRW@@@ATL@@UAGJABU_GUID@@PAPAX@Z 10003a6f f i ElectronicValueRW.obj
 0001:00002a89       ??$?4UITypeInfo2@@@?$CComPtr@UITypeInfo@@@ATL@@QAEPAUITypeInfo@@ABV?$CComPtr@UITypeInfo2@@@1@@Z 10003a89 f i ElectronicValueRW.obj
 0001:00002ab6       ??$AtlAdd@K@ATL@@YAJPAKKK@Z 10003ab6 f i ElectronicValueRW.obj
 0001:00002ad9       ??$AtlAdd@_K@ATL@@YAJPA_K_K1@Z 10003ad9 f i ElectronicValueRW.obj
 0001:00002b11       ??$AtlAddThrow@K@ATL@@YAKKK@Z 10003b11 f i ElectronicValueRW.obj
 0001:00002b37       ??$AtlModuleRegisterWndClassInfoT@VAtlModuleRegisterWndClassInfoParamW@ATL@@@ATL@@YAGPAU_ATL_BASE_MODULE70@0@PAU_ATL_WIN_MODULE70@0@PAU_ATL_WNDCLASSINFOW@0@PAP6GJPAUHWND__@@IIJ@ZVAtlModuleRegisterWndClassInfoParamW@0@@Z 10003b37 f i ElectronicValueRW.obj
 0001:00002c85       ??$AtlMultiply@H@ATL@@YAJPAHHH@Z 10003c85 f i ElectronicValueRW.obj
 0001:00002cbd       ??$AtlMultiply@K@ATL@@YAJPAKKK@Z 10003cbd f i ElectronicValueRW.obj
 0001:00002cbd       ??$AtlMultiply@I@ATL@@YAJPAIII@Z 10003cbd f i ElectronicValueRW.obj
 0001:00002cdf       ??$AtlMultiplyThrow@I@ATL@@YAIII@Z 10003cdf f i ElectronicValueRW.obj
 0001:00002d05       ??0?$CComAggObject@VCOPOSElectronicValueRW@@@ATL@@QAE@PAX@Z 10003d05 f i ElectronicValueRW.obj
 0001:00002d32       ??0?$CComContainedObject@VCOPOSElectronicValueRW@@@ATL@@QAE@PAX@Z 10003d32 f i ElectronicValueRW.obj
 0001:00002deb       ??0?$CComObject@V?$CComEnum@UIEnumConnectionPoints@@$1?_GUID_b196b285_bab4_101a_b69c_00aa00341d07@@3U__s_GUID@@BPAUIConnectionPoint@@V?$_CopyInterface@UIConnectionPoint@@@ATL@@VCComSingleThreadModel@6@@ATL@@@ATL@@QAE@PAX@Z 10003deb f i ElectronicValueRW.obj
 0001:00002e19       ??0?$CComObject@V?$CComEnum@UIEnumConnections@@$1?_GUID_b196b287_bab4_101a_b69c_00aa00341d07@@3U__s_GUID@@BUtagCONNECTDATA@@V?$_Copy@UtagCONNECTDATA@@@ATL@@VCComSingleThreadModel@6@@ATL@@@ATL@@QAE@PAX@Z 10003e19 f i ElectronicValueRW.obj
 0001:00002e47       ??0?$CComObject@VCOPOSElectronicValueRW@@@ATL@@QAE@PAX@Z 10003e47 f i ElectronicValueRW.obj
 0001:00002efe       ??0?$CComQIPtr@UIOleControlSite@@$1?_GUID_b196b289_bab4_101a_b69c_00aa00341d07@@3U__s_GUID@@B@ATL@@QAE@PAUIUnknown@@@Z 10003efe f i ElectronicValueRW.obj
 0001:00002f27       ??0CAtlModule@ATL@@QAE@XZ  10003f27 f i ElectronicValueRW.obj
 0001:00002f68       ??0CParseBuffer@CRegParser@ATL@@QAE@H@Z 10003f68 f i ElectronicValueRW.obj
 0001:00002f9e       ??0_ATL_MSG@ATL@@QAE@PAUHWND__@@IIJH@Z 10003f9e f i ElectronicValueRW.obj
 0001:00002fd6       ??1?$CComAggObject@VCOPOSElectronicValueRW@@@ATL@@UAE@XZ 10003fd6 f i ElectronicValueRW.obj
 0001:00002ffa       ??1?$CComEnumImpl@UIEnumConnectionPoints@@$1?_GUID_b196b285_bab4_101a_b69c_00aa00341d07@@3U__s_GUID@@BPAUIConnectionPoint@@V?$_CopyInterface@UIConnectionPoint@@@ATL@@@ATL@@UAE@XZ 10003ffa f i ElectronicValueRW.obj
 0001:0000303a       ??1?$CComEnumImpl@UIEnumConnections@@$1?_GUID_b196b287_bab4_101a_b69c_00aa00341d07@@3U__s_GUID@@BUtagCONNECTDATA@@V?$_Copy@UtagCONNECTDATA@@@ATL@@@ATL@@UAE@XZ 1000403a f i ElectronicValueRW.obj
 0001:0000307a       ??1?$CComObject@V?$CComEnum@UIEnumConnectionPoints@@$1?_GUID_b196b285_bab4_101a_b69c_00aa00341d07@@3U__s_GUID@@BPAUIConnectionPoint@@V?$_CopyInterface@UIConnectionPoint@@@ATL@@VCComSingleThreadModel@6@@ATL@@@ATL@@UAE@XZ 1000407a f i ElectronicValueRW.obj
 0001:0000309d       ??1?$CComObject@V?$CComEnum@UIEnumConnections@@$1?_GUID_b196b287_bab4_101a_b69c_00aa00341d07@@3U__s_GUID@@BUtagCONNECTDATA@@V?$_Copy@UtagCONNECTDATA@@@ATL@@VCComSingleThreadModel@6@@ATL@@@ATL@@UAE@XZ 1000409d f i ElectronicValueRW.obj
 0001:000030c0       ??1?$CComObject@VCOPOSElectronicValueRW@@@ATL@@UAE@XZ 100040c0 f i ElectronicValueRW.obj
 0001:0000317e       ??1?$CComObjectCached@VCComClassFactory@ATL@@@ATL@@UAE@XZ 1000417e f i ElectronicValueRW.obj
 0001:00003194       ??1?$CComObjectRootEx@VCComMultiThreadModel@ATL@@@ATL@@QAE@XZ 10004194 f i ElectronicValueRW.obj
 0001:000031a9       ??1CRegObject@ATL@@UAE@XZ  100041a9 f i ElectronicValueRW.obj
 0001:000031c9       ??4?$CComPtr@UIUnknown@@@ATL@@QAEPAUIUnknown@@PAU2@@Z 100041c9 f i ElectronicValueRW.obj
 0001:000031c9       ??4?$CComPtr@UIOleClientSite@@@ATL@@QAEPAUIOleClientSite@@PAU2@@Z 100041c9 f i ElectronicValueRW.obj
 0001:000031c9       ??4?$CComPtr@UIAdviseSink@@@ATL@@QAEPAUIAdviseSink@@PAU2@@Z 100041c9 f i ElectronicValueRW.obj
 0001:000031fd       ??_G?$CComContainedObject@VCOPOSElectronicValueRW@@@ATL@@UAEPAXI@Z 100041fd f i ElectronicValueRW.obj
 0001:000031fd       ??_E?$CComContainedObject@VCOPOSElectronicValueRW@@@ATL@@UAEPAXI@Z 100041fd f i ElectronicValueRW.obj
 0001:00003222       ??_G?$CComObject@VCOPOSElectronicValueRW@@@ATL@@UAEPAXI@Z 10004222 f i ElectronicValueRW.obj
 0001:00003222       ??_E?$CComObject@VCOPOSElectronicValueRW@@@ATL@@UAEPAXI@Z 10004222 f i ElectronicValueRW.obj
 0001:00003247       ?Add@?$CSimpleArray@GV?$CSimpleArrayEqualHelper@G@ATL@@@ATL@@QAEHABG@Z 10004247 f i ElectronicValueRW.obj
 0001:000032cb       ?Add@?$CSimpleMap@PA_WPA_WVCExpansionVectorEqualHelper@ATL@@@ATL@@QAEHABQA_W0@Z 100042cb f i ElectronicValueRW.obj
 0001:00003320       ?Add@CComDynamicUnkArray@ATL@@QAEKPAUIUnknown@@@Z 10004320 f i ElectronicValueRW.obj
 0001:000033d6       ?Add@CExpansionVector@ATL@@QAEHPB_W0@Z 100043d6 f i ElectronicValueRW.obj
 0001:000034df       ?AddString@CParseBuffer@CRegParser@ATL@@QAEHPB_W@Z 100044df f i ElectronicValueRW.obj
 0001:00003514       ?AddTermFunc@CAtlModule@ATL@@QAEJP6GXK@ZK@Z 10004514 f i ElectronicValueRW.obj
 0001:00003577       ?AddValue@CRegParser@ATL@@IAEJAAVCRegKey@2@PB_WPA_W@Z 10004577 f i ElectronicValueRW.obj
 0001:00003891       ?Allocate@?$CAtlSafeAllocBufferManager@VCCRTAllocator@ATL@@@_ATL_SAFE_ALLOCA_IMPL@ATL@@QAEPAXK@Z 10004891 f i ElectronicValueRW.obj
 0001:000038be       ?Allocate@?$CTempBuffer@E$0BAA@VCCRTAllocator@ATL@@@ATL@@QAEPAEI@Z 100048be f i ElectronicValueRW.obj
 0001:000038ed       ?Allocate@?$CTempBuffer@_W$0BAA@VCCRTAllocator@ATL@@@ATL@@QAEPA_WI@Z 100048ed f i ElectronicValueRW.obj
 0001:0000391c       ?Allocate@?$CTempBuffer@_W$0EAA@VCCRTAllocator@ATL@@@ATL@@QAEPA_WI@Z 1000491c f i ElectronicValueRW.obj
 0001:0000394b       ?AllocateHeap@?$CTempBuffer@_W$0EAA@VCCRTAllocator@ATL@@@ATL@@AAEXI@Z 1000494b f i ElectronicValueRW.obj
 0001:0000394b       ?AllocateHeap@?$CTempBuffer@E$0BAA@VCCRTAllocator@ATL@@@ATL@@AAEXI@Z 1000494b f i ElectronicValueRW.obj
 0001:0000394b       ?AllocateHeap@?$CTempBuffer@_W$0BAA@VCCRTAllocator@ATL@@@ATL@@AAEXI@Z 1000494b f i ElectronicValueRW.obj
 0001:00003970       ?Append@CParseBuffer@CRegParser@ATL@@QAEHPB_WH@Z 10004970 f i ElectronicValueRW.obj
 0001:000039fe       ?AtlCoTaskMemCAlloc@ATL@@YAPAXKK@Z 100049fe f i ElectronicValueRW.obj
 0001:00003a2b       ?AtlCoTaskMemRecalloc@ATL@@YAPAXPAXKK@Z 10004a2b f i ElectronicValueRW.obj
 0001:00003a5b       ?AtlComModuleGetClassObject@ATL@@YGJPAU_ATL_COM_MODULE70@1@ABU_GUID@@1PAPAX@Z 10004a5b f i ElectronicValueRW.obj
 0001:00003b4e       ?AtlComModuleRegisterServer@ATL@@YGJPAU_ATL_COM_MODULE70@1@HPBU_GUID@@@Z 10004b4e f i ElectronicValueRW.obj
 0001:00003bd6       ?AtlComModuleUnregisterServer@ATL@@YGJPAU_ATL_COM_MODULE70@1@HPBU_GUID@@@Z 10004bd6 f i ElectronicValueRW.obj
 0001:00003c5e       ?AtlComQIPtrAssign2@ATL@@YAXPAPAUIUnknown@@PAU2@ABU_GUID@@@Z 10004c5e f i ElectronicValueRW.obj
 0001:00003c8d       ?AtlCreateTargetDC@ATL@@YGPAUHDC__@@PAU2@PAUtagDVTARGETDEVICE@@@Z 10004c8d f i ElectronicValueRW.obj
 0001:00003cf6       ?AtlCrtErrorCheck@ATL@@YAHH@Z 10004cf6 f i ElectronicValueRW.obj
 0001:00003d31       ?AtlHiMetricToPixel@ATL@@YGXPBUtagSIZE@@PAU2@@Z 10004d31 f i ElectronicValueRW.obj
 0001:00003da6       ?AtlHresultFromLastError@ATL@@YAJXZ 10004da6 f i ElectronicValueRW.obj
 0001:00003dbd       ?AtlHresultFromWin32@ATL@@YAJK@Z 10004dbd f i ElectronicValueRW.obj
 0001:00003dd2       ?AtlInternalOleLoadFromStream@ATL@@YAJPAUIStream@@ABU_GUID@@PAPAXTClassesAllowedInStream@1@K@Z 10004dd2 f i ElectronicValueRW.obj
 0001:00003ef8       ?AtlInternalQueryInterface@ATL@@YGJPAXPBU_ATL_INTMAP_ENTRY@1@ABU_GUID@@PAPAX@Z 10004ef8 f i ElectronicValueRW.obj
 0001:00003f9b       ?AtlLoadTypeLib@ATL@@YGJPAUHINSTANCE__@@PB_WPAPA_WPAPAUITypeLib@@@Z 10004f9b f i ElectronicValueRW.obj
 0001:00004179       ?AtlRegisterClassCategoriesHelper@ATL@@YGJABU_GUID@@PBU_ATL_CATMAP_ENTRY@1@H@Z 10005179 f i ElectronicValueRW.obj
 0001:00004475       ?AtlRegisterTypeLib@ATL@@YGJPAUHINSTANCE__@@PB_W@Z 10005475 f i ElectronicValueRW.obj
 0001:000045fd       ?AtlThrowImpl@ATL@@YGXJ@Z  100055fd f i ElectronicValueRW.obj
 0001:0000461b       ?AtlUnRegisterTypeLib@ATL@@YGJPAUHINSTANCE__@@PB_W@Z 1000561b f i ElectronicValueRW.obj
 0001:000046c6       ?AtlWinModuleAddCreateWndData@ATL@@YGXPAU_ATL_WIN_MODULE70@1@PAU_AtlCreateWndData@1@PAX@Z 100056c6 f i ElectronicValueRW.obj
 0001:0000471a       ?AtlWinModuleExtractCreateWndData@ATL@@YGPAXPAU_ATL_WIN_MODULE70@1@@Z 1000571a f i ElectronicValueRW.obj
 0001:0000477d       ?AtlWinModuleRegisterClassExW@ATL@@YGGPAU_ATL_WIN_MODULE70@1@PBUtagWNDCLASSEXW@@@Z 1000577d f i ElectronicValueRW.obj
 0001:000047bc       ?CanForceRemoveKey@CRegParser@ATL@@IAEHPB_W@Z 100057bc f i ElectronicValueRW.obj
 0001:000047eb       ?ChToByte@CRegParser@ATL@@KAE_W@Z 100057eb f i ElectronicValueRW.obj
 0001:0000481e       ?Cleanup@CComTypeInfoHolder@ATL@@SGXK@Z 1000581e f i ElectronicValueRW.obj
 0001:00004851       ?ClearReplacements@CExpansionVector@ATL@@QAEJXZ 10005851 f i ElectronicValueRW.obj
 0001:0000488e       ?Close@CRegKey@ATL@@QAEJXZ 1000588e f i ElectronicValueRW.obj
 0001:000048a8       ?CreateInstance@?$CComCreator@V?$CComAggObject@VCOPOSElectronicValueRW@@@ATL@@@ATL@@SGJPAXABU_GUID@@PAPAX@Z 100058a8 f i ElectronicValueRW.obj
 0001:0000491e       ?CreateInstance@?$CComCreator@V?$CComObject@VCOPOSElectronicValueRW@@@ATL@@@ATL@@SGJPAXABU_GUID@@PAPAX@Z 1000591e f i ElectronicValueRW.obj
 0001:0000499f       ?CreateInstance@?$CComObject@V?$CComEnum@UIEnumConnectionPoints@@$1?_GUID_b196b285_bab4_101a_b69c_00aa00341d07@@3U__s_GUID@@BPAUIConnectionPoint@@V?$_CopyInterface@UIConnectionPoint@@@ATL@@VCComSingleThreadModel@6@@ATL@@@ATL@@SGJPAPAV12@@Z 1000599f f i ElectronicValueRW.obj
 0001:000049e6       ?CreateInstance@?$CComObject@V?$CComEnum@UIEnumConnections@@$1?_GUID_b196b287_bab4_101a_b69c_00aa00341d07@@3U__s_GUID@@BUtagCONNECTDATA@@V?$_Copy@UtagCONNECTDATA@@@ATL@@VCComSingleThreadModel@6@@ATL@@@ATL@@SGJPAPAV12@@Z 100059e6 f i ElectronicValueRW.obj
 0001:00004a2d       ?DefaultReflectionHandler@?$CWindowImplRoot@VCWindow@ATL@@@ATL@@SAHPAUHWND__@@IIJAAJ@Z 10005a2d f i ElectronicValueRW.obj
 0001:00004aa0       ?DeleteSubKey@CRegKey@ATL@@QAEJPB_W@Z 10005aa0 f i ElectronicValueRW.obj
 0001:00004b19       ?DoEvent@COPOSElectronicValueRW@@IAEXIIJ@Z 10005b19 f i ElectronicValueRW.obj
 0001:00004b99       ?DoVerbHide@?$IOleObjectImpl@VCOPOSElectronicValueRW@@@ATL@@QAEJPBUtagRECT@@PAUHWND__@@@Z 10005b99 f i ElectronicValueRW.obj
 0001:00004bcf       ?DoVerbInPlaceActivate@?$IOleObjectImpl@VCOPOSElectronicValueRW@@@ATL@@QAEJPBUtagRECT@@PAUHWND__@@@Z 10005bcf f i ElectronicValueRW.obj
 0001:00004c02       ?DoVerbPrimary@?$IOleObjectImpl@VCOPOSElectronicValueRW@@@ATL@@QAEJPBUtagRECT@@PAUHWND__@@@Z 10005c02 f i ElectronicValueRW.obj
 0001:00004c8e       ?DoVerbProperties@CComControlBase@ATL@@QAEJPBUtagRECT@@PAUHWND__@@@Z 10005c8e f i ElectronicValueRW.obj
 0001:00004e0d       ?DoVerbUIActivate@?$IOleObjectImpl@VCOPOSElectronicValueRW@@@ATL@@QAEJPBUtagRECT@@PAUHWND__@@@Z 10005e0d f i ElectronicValueRW.obj
 0001:00004e4a       ?DoesVerbActivate@CComControlBase@ATL@@QAEHJ@Z 10005e4a f i ElectronicValueRW.obj
 0001:00004e6b       ?DoesVerbUIActivate@CComControlBase@ATL@@QAEHJ@Z 10005e6b f i ElectronicValueRW.obj
 0001:00004ea0       ?EndOfVar@CRegParser@ATL@@IAEHXZ 10005ea0 f i ElectronicValueRW.obj
 0001:00004ec0       ?EscapeSingleQuote@CAtlModule@ATL@@SAXPA_WIPB_W@Z 10005ec0 f i ElectronicValueRW.obj
 0001:00004f0f       ?FindKey@?$CSimpleMap@PA_WPA_WVCExpansionVectorEqualHelper@ATL@@@ATL@@QBEHABQA_W@Z 10005f0f f i ElectronicValueRW.obj
 0001:00004f46       ?FireTheEvent@?$CProxy_IOPOSEvents@VCOPOSElectronicValueRW@@@@IAEXPAVOposVariant@@IAAJPB_WJ@Z 10005f46 f i ElectronicValueRW.obj
 0001:00004fd8       ?FireViewChange@CComControlBase@ATL@@QAEJXZ 10005fd8 f i ElectronicValueRW.obj
 0001:00005021       ?Fire_DataEvent@?$CProxy_IOPOSEvents@VCOPOSElectronicValueRW@@@@QAEXJ@Z 10006021 f i ElectronicValueRW.obj
 0001:000050b4       ?Fire_DirectIOEvent@?$CProxy_IOPOSEvents@VCOPOSElectronicValueRW@@@@QAEXJPAJPAPA_W@Z 100060b4 f i ElectronicValueRW.obj
 0001:0000519d       ?Fire_ErrorEvent@?$CProxy_IOPOSEvents@VCOPOSElectronicValueRW@@@@QAEXJJJPAJ@Z 1000619d f i ElectronicValueRW.obj
 0001:00005287       ?Fire_OutputCompleteEvent@?$CProxy_IOPOSEvents@VCOPOSElectronicValueRW@@@@QAEXJ@Z 10006287 f i ElectronicValueRW.obj
 0001:0000531a       ?Fire_StatusUpdateEvent@?$CProxy_IOPOSEvents@VCOPOSElectronicValueRW@@@@QAEXJ@Z 1000631a f i ElectronicValueRW.obj
 0001:000053ad       ?Fire_TransitionEvent@?$CProxy_IOPOSEvents@VCOPOSElectronicValueRW@@@@QAEXJPAJPAPA_W@Z 100063ad f i ElectronicValueRW.obj
 0001:00005496       ?FreeHeap@?$CTempBuffer@_W$0BAA@VCCRTAllocator@ATL@@@ATL@@AAEXXZ 10006496 f i ElectronicValueRW.obj
 0001:00005496       ?FreeHeap@?$CTempBuffer@_W$0EAA@VCCRTAllocator@ATL@@@ATL@@AAEXXZ 10006496 f i ElectronicValueRW.obj
 0001:00005496       ?FreeHeap@?$CTempBuffer@E$0BAA@VCCRTAllocator@ATL@@@ATL@@AAEXXZ 10006496 f i ElectronicValueRW.obj
 0001:0000549f       ?GetAmbientLocaleID@CComControlBase@ATL@@QAEJAAK@Z 1000649f f i ElectronicValueRW.obj
 0001:000054fb       ?GetAmbientUserMode@CComControlBase@ATL@@QAEJAAH@Z 100064fb f i ElectronicValueRW.obj
 0001:0000556b       ?GetAt@CComDynamicUnkArray@ATL@@QAEPAUIUnknown@@H@Z 1000656b f i ElectronicValueRW.obj
 0001:00005587       ?GetClassObject@CComModule@ATL@@QAEJABU_GUID@@0PAPAX@Z 10006587 f i ElectronicValueRW.obj
 0001:00005629       ?GetConnMap@COPOSElectronicValueRW@@SAPBU_ATL_CONNMAP_ENTRY@ATL@@PAH@Z 10006629 f i ElectronicValueRW.obj
 0001:00005699       ?GetCookie@CComDynamicUnkArray@ATL@@QAGKPAPAUIUnknown@@@Z 10006699 f i ElectronicValueRW.obj
 0001:000056d1       ?GetIDsOfNames@CComTypeInfoHolder@ATL@@QAEJABU_GUID@@PAPA_WIKPAJ@Z 100066d1 f i ElectronicValueRW.obj
 0001:000057f8       ?GetKeyAt@?$CSimpleMap@PA_WPA_WVCExpansionVectorEqualHelper@ATL@@@ATL@@QBEAAPA_WH@Z 100067f8 f i ElectronicValueRW.obj
 0001:0000581d       ?GetPagesHelper@?$ISpecifyPropertyPagesImpl@VCOPOSElectronicValueRW@@@ATL@@IAEJPAUtagCAUUID@@PBUATL_PROPMAP_ENTRY@2@@Z 1000681d f i ElectronicValueRW.obj
 0001:00005944       ?GetProperty@?$CComPtr@UIDispatch@@@ATL@@SAJPAUIDispatch@@JPAUtagVARIANT@@@Z 10006944 f i ElectronicValueRW.obj
 0001:00005993       ?GetSizeMax@CComVariant@ATL@@QBEJPAT_ULARGE_INTEGER@@@Z 10006993 f i ElectronicValueRW.obj
 0001:00005b59       ?GetTI@CComTypeInfoHolder@ATL@@QAEJK@Z 10006b59 f i ElectronicValueRW.obj
 0001:00005d38       ?GetTI@CComTypeInfoHolder@ATL@@QAEJKPAPAUITypeInfo@@@Z 10006d38 f i ElectronicValueRW.obj
 0001:00005d7a       ?GetUnknown@CComDynamicUnkArray@ATL@@QAGPAUIUnknown@@K@Z 10006d7a f i ElectronicValueRW.obj
 0001:00005d9b       ?GetValueAt@?$CSimpleMap@PA_WPA_WVCExpansionVectorEqualHelper@ATL@@@ATL@@QBEAAPA_WH@Z 10006d9b f i ElectronicValueRW.obj
 0001:00005dc1       ?GetZoomInfo@CComControlBase@ATL@@QAEXAAUATL_DRAWINFO@@@Z 10006dc1 f i ElectronicValueRW.obj
 0001:00005e54       ?HKeyFromString@CRegParser@ATL@@KAPAUHKEY__@@PA_W@Z 10006e54 f i ElectronicValueRW.obj
 0001:00005e82       ?HasSubKeys@CRegParser@ATL@@IAEHPAUHKEY__@@@Z 10006e82 f i ElectronicValueRW.obj
 0001:00005eb7       ?IDataObject_GetData@CComControlBase@ATL@@QAEJPAUtagFORMATETC@@PAUtagSTGMEDIUM@@@Z 10006eb7 f i ElectronicValueRW.obj
 0001:0000605d       ?IOleInPlaceObject_InPlaceDeactivate@CComControlBase@ATL@@QAEJXZ 1000705d f i ElectronicValueRW.obj
 0001:000060e4       ?IOleInPlaceObject_SetObjectRects@CComControlBase@ATL@@QAEJPBUtagRECT@@0@Z 100070e4 f i ElectronicValueRW.obj
 0001:000061b1       ?IOleInPlaceObject_UIDeactivate@CComControlBase@ATL@@QAEJXZ 100071b1 f i ElectronicValueRW.obj
 0001:00006273       ?IOleObject_Advise@CComControlBase@ATL@@QAEJPAUIAdviseSink@@PAK@Z 10007273 f i ElectronicValueRW.obj
 0001:0000629d       ?IOleObject_Close@CComControlBase@ATL@@QAEJK@Z 1000729d f i ElectronicValueRW.obj
 0001:00006381       ?IOleObject_GetClientSite@CComControlBase@ATL@@QAEJPAPAUIOleClientSite@@@Z 10007381 f i ElectronicValueRW.obj
 0001:000063aa       ?IOleObject_SetClientSite@CComControlBase@ATL@@QAEJPAUIOleClientSite@@@Z 100073aa f i ElectronicValueRW.obj
 0001:000063e9       ?IOleObject_SetExtent@CComControlBase@ATL@@QAEJKPAUtagSIZE@@@Z 100073e9 f i ElectronicValueRW.obj
 0001:0000649d       ?IPSI_GetIPersistStreamInit@?$IPersistStorageImpl@VCOPOSElectronicValueRW@@@ATL@@AAEPAUIPersistStreamInit@@XZ 1000749d f i ElectronicValueRW.obj
 0001:00006545       ?IPersistStreamInit_Load@?$IPersistStreamInitImpl@VCOPOSElectronicValueRW@@@ATL@@QAEJPAUIStream@@PBUATL_PROPMAP_ENTRY@2@@Z 10007545 f i ElectronicValueRW.obj
 0001:000067c1       ?IPersistStreamInit_Save@?$IPersistStreamInitImpl@VCOPOSElectronicValueRW@@@ATL@@QAEJPAUIStream@@HPBUATL_PROPMAP_ENTRY@2@@Z 100077c1 f i ElectronicValueRW.obj
 0001:000069af       ?IQuickActivate_QuickActivate@CComControlBase@ATL@@QAEJPAUtagQACONTAINER@@PAUtagQACONTROL@@@Z 100079af f i ElectronicValueRW.obj
 0001:00006bf1       ?IViewObject_Draw@CComControlBase@ATL@@QAEJKJPAXPAUtagDVTARGETDEVICE@@PAUHDC__@@2PBU_RECTL@@3@Z 10007bf1 f i ElectronicValueRW.obj
 0001:00006c99       ?InPlaceActivate@CComControlBase@ATL@@QAEJJPBUtagRECT@@@Z 10007c99 f i ElectronicValueRW.obj
 0001:00006f0a       ?Init@?$CComEnumImpl@UIEnumConnectionPoints@@$1?_GUID_b196b285_bab4_101a_b69c_00aa00341d07@@3U__s_GUID@@BPAUIConnectionPoint@@V?$_CopyInterface@UIConnectionPoint@@@ATL@@@ATL@@QAEJPAPAUIConnectionPoint@@0PAUIUnknown@@W4CComEnumFlags@2@@Z 10007f0a f i ElectronicValueRW.obj
 0001:00006fe9       ?Init@?$CComEnumImpl@UIEnumConnections@@$1?_GUID_b196b287_bab4_101a_b69c_00aa00341d07@@3U__s_GUID@@BUtagCONNECTDATA@@V?$_Copy@UtagCONNECTDATA@@@ATL@@@ATL@@QAEJPAUtagCONNECTDATA@@0PAUIUnknown@@W4CComEnumFlags@2@@Z 10007fe9 f i ElectronicValueRW.obj
 0001:000070c8       ?Init@CComModule@ATL@@QAEJPAU_ATL_OBJMAP_ENTRY30@2@PAUHINSTANCE__@@PBU_GUID@@@Z 100080c8 f i ElectronicValueRW.obj
 0001:00007127       ?Init@CDynamicStdCallThunk2@ATL@@QAEHKPAX@Z 10008127 f i ElectronicValueRW.obj
 0001:00007152       ?InlineIsEqualUnknown@ATL@@YGHABU_GUID@@@Z 10008152 f i ElectronicValueRW.obj
 0001:0000717a       ?InternalSetAtIndex@?$CSimpleMap@PA_WPA_WVCExpansionVectorEqualHelper@ATL@@@ATL@@QAEXHABQA_W0@Z 1000817a f i ElectronicValueRW.obj
 0001:000071a4       ?Invoke@CComTypeInfoHolder@ATL@@QAEJPAUIDispatch@@JABU_GUID@@KGPAUtagDISPPARAMS@@PAUtagVARIANT@@PAUtagEXCEPINFO@@PAI@Z 100081a4 f i ElectronicValueRW.obj
 0001:000071e7       ?IsEqualObject@?$CComPtrBase@UITypeInfo@@@ATL@@QAE_NPAUIUnknown@@@Z 100081e7 f i ElectronicValueRW.obj
 0001:000071e7       ?IsEqualObject@?$CComPtrBase@UIOleClientSite@@@ATL@@QAE_NPAUIUnknown@@@Z 100081e7 f i ElectronicValueRW.obj
 0001:00007254       ?IsSpace@CRegParser@ATL@@IAEH_W@Z 10008254 f i ElectronicValueRW.obj
 0001:0000727e       ?LoadNameCache@CComTypeInfoHolder@ATL@@QAEJPAUITypeInfo@@@Z 1000827e f i ElectronicValueRW.obj
 0001:000073ca       ?Lookup@?$CSimpleMap@PA_WPA_WVCExpansionVectorEqualHelper@ATL@@@ATL@@QBEPA_WABQA_W@Z 100083ca f i ElectronicValueRW.obj
 0001:000073f0       ?NextToken@CRegParser@ATL@@IAEJPA_W@Z 100083f0 f i ElectronicValueRW.obj
 0001:00007528       ?OnKillFocus@CComControlBase@ATL@@QAEJIIJAAH@Z 10008528 f i ElectronicValueRW.obj
 0001:00007583       ?OnMouseActivate@CComControlBase@ATL@@QAEJIIJAAH@Z 10008583 f i ElectronicValueRW.obj
 0001:000075f1       ?OnPaint@CComControlBase@ATL@@QAEJIIJAAH@Z 100085f1 f i ElectronicValueRW.obj
 0001:000076a3       ?OnSetFocus@CComControlBase@ATL@@QAEJIIJAAH@Z 100086a3 f i ElectronicValueRW.obj
 0001:0000772c       ?Open@CRegKey@ATL@@QAEJPAUHKEY__@@PB_WK@Z 1000872c f i ElectronicValueRW.obj
 0001:00007781       ?PreProcessBuffer@CRegParser@ATL@@QAEJPA_WPAPA_W@Z 10008781 f i ElectronicValueRW.obj
 0001:000079eb       ?ProcessWindowMessage@?$CComControl@VCOPOSElectronicValueRW@@V?$CWindowImpl@VCOPOSElectronicValueRW@@VCWindow@ATL@@V?$CWinTraits@$0FGAAAAAA@$0A@@3@@ATL@@@ATL@@UAEHPAUHWND__@@IIJAAJK@Z 100089eb f i ElectronicValueRW.obj
 0001:00007a8a       ?ReadFromStream@CComBSTR@ATL@@QAEJPAUIStream@@@Z 10008a8a f i ElectronicValueRW.obj
 0001:00007bb8       ?ReadFromStream@CComVariant@ATL@@QAEJPAUIStream@@GTClassesAllowedInStream@2@K@Z 10008bb8 f i ElectronicValueRW.obj
 0001:00007d3e       ?RecurseDeleteKey@CRegKey@ATL@@QAEJPB_W@Z 10008d3e f i ElectronicValueRW.obj
 0001:00007e2c       ?RegCreateKeyExW@CAtlTransactionManager@ATL@@QAEJPAUHKEY__@@PB_WKPA_WKKQAU_SECURITY_ATTRIBUTES@@PAPAU3@PAK@Z 10008e2c f i ElectronicValueRW.obj
 0001:00007e8f       ?RegDeleteKeyW@CAtlTransactionManager@ATL@@QAEJPAUHKEY__@@PB_W@Z 10008e8f f i ElectronicValueRW.obj
 0001:00007ee1       ?RegOpenKeyExW@CAtlTransactionManager@ATL@@QAEJPAUHKEY__@@PB_WKKPAPAU3@@Z 10008ee1 f i ElectronicValueRW.obj
 0001:00007f38       ?Register@_ATL_WNDCLASSINFOW@ATL@@QAEGPAP6GJPAUHWND__@@IIJ@Z@Z 10008f38 f i ElectronicValueRW.obj
 0001:00007f58       ?RegisterBuffer@CRegParser@ATL@@QAEJPA_WH@Z 10008f58 f i ElectronicValueRW.obj
 0001:00008091       ?RegisterFromResource@CRegObject@ATL@@IAEJPB_W00H@Z 10009091 f i ElectronicValueRW.obj
 0001:000081c7       ?RegisterServer@?$CAtlModuleT@VCComModule@ATL@@@ATL@@QAEJHPBU_GUID@@@Z 100091c7 f i ElectronicValueRW.obj
 0001:000081f5       ?RegisterServer@CComModule@ATL@@QAEJHPBU_GUID@@@Z 100091f5 f i ElectronicValueRW.obj
 0001:0000826b       ?RegisterSubkeys@CRegParser@ATL@@IAEJPA_WPAUHKEY__@@HH@Z 1000926b f i ElectronicValueRW.obj
 0001:00008912       ?Remove@CComDynamicUnkArray@ATL@@QAEHK@Z 10009912 f i ElectronicValueRW.obj
 0001:0000893b       ?RemoveAll@?$CSimpleMap@PA_WPA_WVCExpansionVectorEqualHelper@ATL@@@ATL@@QAEXXZ 1000993b f i ElectronicValueRW.obj
 0001:00008967       ?ResourceRegisterSz@CRegObject@ATL@@QAGJPB_W00@Z 10009967 f i ElectronicValueRW.obj
 0001:00008994       ?ResourceUnregisterSz@CRegObject@ATL@@QAGJPB_W00@Z 10009994 f i ElectronicValueRW.obj
 0001:000089c1       ?SendOnDataChange@CComControlBase@ATL@@QAEJK@Z 100099c1 f i ElectronicValueRW.obj
 0001:00008a0e       ?SetControlFocus@CComControlBase@ATL@@QAEHH@Z 10009a0e f i ElectronicValueRW.obj
 0001:00008aab       ?SetMultiStringValue@CRegKey@ATL@@QAEJPB_W0@Z 10009aab f i ElectronicValueRW.obj
 0001:00008b07       ?SetStringValue@CRegKey@ATL@@QAEJPB_W0K@Z 10009b07 f i ElectronicValueRW.obj
 0001:00008b50       ?SkipAssignment@CRegParser@ATL@@IAEJPA_W@Z 10009b50 f i ElectronicValueRW.obj
 0001:00008bb5       ?SkipWhiteSpace@CRegParser@ATL@@IAEXXZ 10009bb5 f i ElectronicValueRW.obj
 0001:00008bd7       ?StrChrW@CRegParser@ATL@@KAPA_WPA_W_W@Z 10009bd7 f i ElectronicValueRW.obj
 0001:00008c14       ?Term@CAtlModule@ATL@@QAEXXZ 10009c14 f i ElectronicValueRW.obj
 0001:00008c67       ?Term@CComModule@ATL@@QAEXXZ 10009c67 f i ElectronicValueRW.obj
 0001:00008cbf       ?UnregisterServer@?$CAtlModuleT@VCComModule@ATL@@@ATL@@QAEJHPBU_GUID@@@Z 10009cbf f i ElectronicValueRW.obj
 0001:00008ce5       ?UnregisterServer@CComModule@ATL@@QAEJHPBU_GUID@@@Z 10009ce5 f i ElectronicValueRW.obj
 0001:00008d5b       ?UpdateRegistryFromResource@CAtlModule@ATL@@QAGJIHPAU_ATL_REGMAP_ENTRY@2@@Z 10009d5b f i ElectronicValueRW.obj
 0001:00008f26       ?UpdateRegistryFromResource@CAtlModule@ATL@@QAGJPB_WHPAU_ATL_REGMAP_ENTRY@2@@Z 10009f26 f i ElectronicValueRW.obj
 0001:000090f7       ?VTFromRegType@CRegParser@ATL@@KAHPB_WAAG@Z 1000a0f7 f i ElectronicValueRW.obj
 0001:00009164       ?WindowProc@?$CWindowImplBaseT@VCWindow@ATL@@V?$CWinTraits@$0FGAAAAAA@$0A@@2@@ATL@@SGJPAUHWND__@@IIJ@Z 1000a164 f i ElectronicValueRW.obj
 0001:00009256       ?WriteToStream@CComBSTR@ATL@@QAEJPAUIStream@@@Z 1000a256 f i ElectronicValueRW.obj
 0001:000092b8       ?WriteToStream@CComVariant@ATL@@QAEJPAUIStream@@@Z 1000a2b8 f i ElectronicValueRW.obj
 0001:00009432       ?WriteToStream@CComVariant@ATL@@QAEJPAUIStream@@G@Z 1000a432 f i ElectronicValueRW.obj
 0001:0000949b       ?_AtlInitialConstruct@?$CComObjectRootEx@VCComMultiThreadModel@ATL@@@ATL@@QAEJXZ 1000a49b f i ElectronicValueRW.obj
 0001:000094b0       ?_AtlVerifyStackAvailable@_ATL_SAFE_ALLOCA_IMPL@ATL@@YA_NK@Z 1000a4b0 f i ElectronicValueRW.obj
 0001:0000952e       ?atlCreate@?$CWindowImpl@VCOPOSElectronicValueRW@@VCWindow@ATL@@V?$CWinTraits@$0FGAAAAAA@$0A@@3@@ATL@@QAEPAUHWND__@@PAU3@V_U_RECT@2@PB_WKKV_U_MENUorID@2@PAX@Z 1000a52e f i ElectronicValueRW.obj
 0001:00009572       ?atlCreate@?$CWindowImplBaseT@VCWindow@ATL@@V?$CWinTraits@$0FGAAAAAA@$0A@@2@@ATL@@QAEPAUHWND__@@PAU3@V_U_RECT@2@PB_WKKV_U_MENUorID@2@GPAX@Z 1000a572 f i ElectronicValueRW.obj
 0001:0000960e       ?copy@?$_Copy@UtagCONNECTDATA@@@ATL@@SAJPAUtagCONNECTDATA@@PBU3@@Z 1000a60e f i ElectronicValueRW.obj
 0001:00009644       ?copy@?$_CopyInterface@UIConnectionPoint@@@ATL@@SAJPAPAUIConnectionPoint@@PBQAU3@@Z 1000a644 f i ElectronicValueRW.obj
 0001:00009672       ?memcpy_s@Checked@ATL@@YAXPAXIPBXI@Z 1000a672 f i ElectronicValueRW.obj
 0001:00009691       ?ocscpy_s@@YA_NPA_WIPB_W@Z 1000a691 f i ElectronicValueRW.obj
 0001:000096db       ?wcscpy_s@Checked@ATL@@YAXPA_WIPB_W@Z 1000a6db f i ElectronicValueRW.obj
 0001:000096f7       _DllCanUnloadNow@0         1000a6f7 f   ElectronicValueRW.obj
 0001:00009703       _DllGetClassObject@12      1000a703 f   ElectronicValueRW.obj
 0001:00009711       _DllMain@12                1000a711 f   ElectronicValueRW.obj
 0001:00009753       _DllRegisterServer@0       1000a753 f   ElectronicValueRW.obj
 0001:00009762       _DllUnregisterServer@0     1000a762 f   ElectronicValueRW.obj
 0001:00009771       _InlineIsEqualGUID         1000a771 f i ElectronicValueRW.obj
 0001:000097a1       ___local_stdio_printf_options 1000a7a1 f i ElectronicValueRW.obj
 0001:000097a7       __vswprintf_s_l            1000a7a7 f i ElectronicValueRW.obj
 0001:00009854       _swprintf_s                1000a854 f i ElectronicValueRW.obj
 0001:00009870       ??0?$CComControl@VCOPOSElectronicValueRW@@V?$CWindowImpl@VCOPOSElectronicValueRW@@VCWindow@ATL@@V?$CWinTraits@$0FGAAAAAA@$0A@@3@@ATL@@@ATL@@QAE@XZ 1000a870 f i ElectronicValueRWImpl.obj
 0001:00009897       ??0?$CProxy_IOPOSEvents@VCOPOSElectronicValueRW@@@@QAE@XZ 1000a897 f i ElectronicValueRWImpl.obj
 0001:000098bd       ??0CComControlBase@ATL@@QAE@AAPAUHWND__@@@Z 1000a8bd f i ElectronicValueRWImpl.obj
 0001:00009907       ??0COPOSElectronicValueRW@@QAE@XZ 1000a907 f   ElectronicValueRWImpl.obj
 0001:0000993d       ??1?$CComControl@VCOPOSElectronicValueRW@@V?$CWindowImpl@VCOPOSElectronicValueRW@@VCWindow@ATL@@V?$CWinTraits@$0FGAAAAAA@$0A@@3@@ATL@@@ATL@@UAE@XZ 1000a93d f i ElectronicValueRWImpl.obj
 0001:00009956       ??1?$IConnectionPointImpl@VCOPOSElectronicValueRW@@$1?DIID__IOPOSElectronicValueRWEvents@@3U_GUID@@BVCComDynamicUnkArray@ATL@@@ATL@@QAE@XZ 1000a956 f i ElectronicValueRWImpl.obj
 0001:00009956       ??1?$IConnectionPointImpl@VCOPOSElectronicValueRW@@$1?IID_IPropertyNotifySink@@3U_GUID@@BVCComDynamicUnkArray@ATL@@@ATL@@QAE@XZ 1000a956 f i ElectronicValueRWImpl.obj
 0001:00009993       ??1CComControlBase@ATL@@UAE@XZ 1000a993 f i ElectronicValueRWImpl.obj
 0001:000099f6       ??1COPOSElectronicValueRW@@UAE@XZ 1000a9f6 f   ElectronicValueRWImpl.obj
 0001:00009a3e       ?AccessDailyLog@COPOSElectronicValueRW@@UAGJJJJPAJ@Z 1000aa3e f   ElectronicValueRWImpl.obj
 0001:00009ad4       ?AccessData@COPOSElectronicValueRW@@UAGJJPAJPAPA_W0@Z 1000aad4 f   ElectronicValueRWImpl.obj
 0001:00009b82       ?AccessLog@COPOSElectronicValueRW@@UAGJJJJPAJ@Z 1000ab82 f   ElectronicValueRWImpl.obj
 0001:00009c18       ?ActivateEVService@COPOSElectronicValueRW@@UAGJPAJPAPA_W0@Z 1000ac18 f   ElectronicValueRWImpl.obj
 0001:00009c98       ?ActivateService@COPOSElectronicValueRW@@UAGJPAJPAPA_W0@Z 1000ac98 f   ElectronicValueRWImpl.obj
 0001:00009d18       ?AddValue@COPOSElectronicValueRW@@UAGJJJPAJ@Z 1000ad18 f   ElectronicValueRWImpl.obj
 0001:00009d8c       ?AuthorizeCompletion@COPOSElectronicValueRW@@UAGJJTtagCY@@0JPAJ@Z 1000ad8c f   ElectronicValueRWImpl.obj
 0001:00009e33       ?AuthorizePreSales@COPOSElectronicValueRW@@UAGJJTtagCY@@0JPAJ@Z 1000ae33 f   ElectronicValueRWImpl.obj
 0001:00009eda       ?AuthorizeRefund@COPOSElectronicValueRW@@UAGJJTtagCY@@0JPAJ@Z 1000aeda f   ElectronicValueRWImpl.obj
 0001:00009f81       ?AuthorizeSales@COPOSElectronicValueRW@@UAGJJTtagCY@@0JPAJ@Z 1000af81 f   ElectronicValueRWImpl.obj
 0001:0000a028       ?AuthorizeVoid@COPOSElectronicValueRW@@UAGJJTtagCY@@0JPAJ@Z 1000b028 f   ElectronicValueRWImpl.obj
 0001:0000a0cf       ?AuthorizeVoidPreSales@COPOSElectronicValueRW@@UAGJJTtagCY@@0JPAJ@Z 1000b0cf f   ElectronicValueRWImpl.obj
 0001:0000a176       ?BeginDetection@COPOSElectronicValueRW@@UAGJJJPAJ@Z 1000b176 f   ElectronicValueRWImpl.obj
 0001:0000a1ea       ?BeginRemoval@COPOSElectronicValueRW@@UAGJJPAJ@Z 1000b1ea f   ElectronicValueRWImpl.obj
 0001:0000a239       ?CancelValue@COPOSElectronicValueRW@@UAGJJJPAJ@Z 1000b239 f   ElectronicValueRWImpl.obj
 0001:0000a2ad       ?CaptureCard@COPOSElectronicValueRW@@UAGJPAJ@Z 1000b2ad f   ElectronicValueRWImpl.obj
 0001:0000a2c8       ?CashDeposit@COPOSElectronicValueRW@@UAGJJTtagCY@@JPAJ@Z 1000b2c8 f   ElectronicValueRWImpl.obj
 0001:0000a361       ?CheckCard@COPOSElectronicValueRW@@UAGJJJPAJ@Z 1000b361 f   ElectronicValueRWImpl.obj
 0001:0000a3d5       ?CheckHealth@COPOSElectronicValueRW@@UAGJJPAJ@Z 1000b3d5 f   ElectronicValueRWImpl.obj
 0001:0000a424       ?CheckServiceRegistrationToMedium@COPOSElectronicValueRW@@UAGJJJPAJ@Z 1000b424 f   ElectronicValueRWImpl.obj
 0001:0000a498       ?ClaimDevice@COPOSElectronicValueRW@@UAGJJPAJ@Z 1000b498 f   ElectronicValueRWImpl.obj
 0001:0000a50d       ?ClearInput@COPOSElectronicValueRW@@UAGJPAJ@Z 1000b50d f   ElectronicValueRWImpl.obj
 0001:0000a528       ?ClearInputProperties@COPOSElectronicValueRW@@UAGJPAJ@Z 1000b528 f   ElectronicValueRWImpl.obj
 0001:0000a543       ?ClearOutput@COPOSElectronicValueRW@@UAGJPAJ@Z 1000b543 f   ElectronicValueRWImpl.obj
 0001:0000a55e       ?ClearParameterInformation@COPOSElectronicValueRW@@UAGJPAJ@Z 1000b55e f   ElectronicValueRWImpl.obj
 0001:0000a579       ?Close@COPOSElectronicValueRW@@UAGJPAJ@Z 1000b579 f   ElectronicValueRWImpl.obj
 0001:0000a5e7       ?CloseDailyEVService@COPOSElectronicValueRW@@UAGJPAJPAPA_W0@Z 1000b5e7 f   ElectronicValueRWImpl.obj
 0001:0000a667       ?CompareFirmwareVersion@COPOSElectronicValueRW@@UAGJPA_WPAJ1@Z 1000b667 f   ElectronicValueRWImpl.obj
 0001:0000a6e7       ?DeactivateEVService@COPOSElectronicValueRW@@UAGJPAJPAPA_W0@Z 1000b6e7 f   ElectronicValueRWImpl.obj
 0001:0000a767       ?DirectIO@COPOSElectronicValueRW@@UAGJJPAJPAPA_W0@Z 1000b767 f   ElectronicValueRWImpl.obj
 0001:0000a815       ?DoInvoke@COPOSElectronicValueRW@@IAEJJPAVOposVariant@@IHPAJ_N@Z 1000b815 f   ElectronicValueRWImpl.obj
 0001:0000a8f1       ?EndDetection@COPOSElectronicValueRW@@UAGJPAJ@Z 1000b8f1 f   ElectronicValueRWImpl.obj
 0001:0000a90c       ?EndRemoval@COPOSElectronicValueRW@@UAGJPAJ@Z 1000b90c f   ElectronicValueRWImpl.obj
 0001:0000a927       ?EnumerateCardServices@COPOSElectronicValueRW@@UAGJPAJ@Z 1000b927 f   ElectronicValueRWImpl.obj
 0001:0000a942       ?EventClose@COPOSElectronicValueRW@@IAEXXZ 1000b942 f i ElectronicValueRWImpl.obj
 0001:0000a975       ?EventInit@COPOSElectronicValueRW@@IAEJXZ 1000b975 f i ElectronicValueRWImpl.obj
 0001:0000aa41       ?EventUninit@COPOSElectronicValueRW@@IAEXXZ 1000ba41 f i ElectronicValueRWImpl.obj
 0001:0000aa93       ?EventWindowProc@COPOSElectronicValueRW@@IAGJIIJ@Z 1000ba93 f i ElectronicValueRWImpl.obj
 0001:0000abc8       ?FinalConstruct@COPOSElectronicValueRW@@QAEJXZ 1000bbc8 f   ElectronicValueRWImpl.obj
 0001:0000ac01       ?FireEventCleanup@COPOSElectronicValueRW@@IAEXXZ 1000bc01 f i ElectronicValueRWImpl.obj
 0001:0000ac17       ?FireEventSetup@COPOSElectronicValueRW@@IAE_NXZ 1000bc17 f i ElectronicValueRWImpl.obj
 0001:0000ac4b       ?FreezeEvents@COPOSElectronicValueRW@@MAGJH@Z 1000bc4b f   ElectronicValueRWImpl.obj
 0001:0000acab       ?GetOposProp@COPOSElectronicValueRW@@IAEJJPAFJ@Z 1000bcab f   ElectronicValueRWImpl.obj
 0001:0000acce       ?GetOposProp@COPOSElectronicValueRW@@IAEJJPAJJ@Z 1000bcce f   ElectronicValueRWImpl.obj
 0001:0000ad9d       ?GetOposProp@COPOSElectronicValueRW@@IAEJJPAPA_WJ@Z 1000bd9d f   ElectronicValueRWImpl.obj
 0001:0000ae79       ?LockTerminal@COPOSElectronicValueRW@@UAGJPAJ@Z 1000be79 f   ElectronicValueRWImpl.obj
 0001:0000ae94       ?OnDraw@COPOSElectronicValueRW@@MAEJAAUATL_DRAWINFO@@@Z 1000be94 f   ElectronicValueRWImpl.obj
 0001:0000af34       ?Open@COPOSElectronicValueRW@@UAGJPA_WPAJ@Z 1000bf34 f   ElectronicValueRWImpl.obj
 0001:0000b78e       ?OpenDailyEVService@COPOSElectronicValueRW@@UAGJPAJPAPA_W0@Z 1000c78e f   ElectronicValueRWImpl.obj
 0001:0000b80e       ?QueryLastSuccessfulTransactionResult@COPOSElectronicValueRW@@UAGJPAJ@Z 1000c80e f   ElectronicValueRWImpl.obj
 0001:0000b829       ?ReadValue@COPOSElectronicValueRW@@UAGJJJPAJ@Z 1000c829 f   ElectronicValueRWImpl.obj
 0001:0000b89d       ?RegisterServiceToMedium@COPOSElectronicValueRW@@UAGJJJPAJ@Z 1000c89d f   ElectronicValueRWImpl.obj
[...]
 0002:000041e8       ?LcidToLocaleNameTable@?A0x881e4c05@@3QBULcidToLocaleName@1@B 100251e8     libucrt:lcidtoname_downlevel.obj
 0002:00005310       ?LocaleNameToIndexTable@?A0x881e4c05@@3QBULocaleNameIndex@1@B 10026310     libucrt:lcidtoname_downlevel.obj
 0002:00006b68       ?large_power_indices@?1??multiply_by_power_of_ten@__crt_strtox@@YA_NAAUbig_integer@2@I@Z@4QBUunpack_index@?1??12@YA_N0I@Z@B 10027b68     libucrt:cfout.obj
 0002:00006c50       LOG_name                   10027c50     libucrt:log10_impl.obj
 0002:00006c60       _One                       10027c60     libucrt:ceil_pentium4.obj
 0002:00006c70       _Bns                       10027c70     libucrt:ceil_pentium4.obj
 0002:00006c80       _Zero                      10027c80     libucrt:ceil_pentium4.obj
 0002:00006c90       _S                         10027c90     libucrt:ceil_pentium4.obj
 0002:00006ca0       _NegZero                   10027ca0     libucrt:ceil_pentium4.obj
 0002:00006cb0       emask                      10027cb0     libucrt:log10_pentium4.obj
 0002:00006cc0       CC                         10027cc0     libucrt:log10_pentium4.obj
 0002:00006cd0       Magic                      10027cd0     libucrt:log10_pentium4.obj
 0002:00006ce0       hi_mask                    10027ce0     libucrt:log10_pentium4.obj
 0002:00006cf0       LOG10_2                    10027cf0     libucrt:log10_pentium4.obj
 0002:00006d00       place_L                    10027d00     libucrt:log10_pentium4.obj
 0002:00006d20       One                        10027d20     libucrt:log10_pentium4.obj
 0002:00006d30       Zero                       10027d30     libucrt:log10_pentium4.obj
 0002:00006d40       Two52                      10027d40     libucrt:log10_pentium4.obj
 0002:00006d50       Infs                       10027d50     libucrt:log10_pentium4.obj
 0002:00006d60       NaN                        10027d60     libucrt:log10_pentium4.obj
 0002:00006d70       coeff                      10027d70     libucrt:log10_pentium4.obj
 0002:00006dce       _log2max                   10027dce     libucrt:87tran.obj
 0002:00006dd8       _smallarg                  10027dd8     libucrt:87tran.obj
 0002:00006de2       _half                      10027de2     libucrt:87tran.obj
 0002:00006e2e       One                        10027e2e     libucrt:87disp.obj
 0002:00006e36       Three                      10027e36     libucrt:87disp.obj
 0002:00006e3e       XAMtoTagTab                10027e3e     libucrt:87disp.obj
 0002:00006e50       One                        10027e50     libucrt:common.obj
 0002:00006e64       DblMax                     10027e64     libucrt:common.obj
 0002:00006e6c       DblMin                     10027e6c     libucrt:common.obj
 0002:00006e74       IeeeAdjO                   10027e74     libucrt:common.obj
 0002:00006e7c       IeeeAdjU                   10027e7c     libucrt:common.obj
 0002:00006e84       _infinity                  10027e84     libucrt:common.obj
 0002:00006e8c       _zero                      10027e8c     libucrt:common.obj
 0002:00006ed8       _over                      10027ed8     libucrt:fpctrl.obj
 0002:00006ee4       _under                     10027ee4     libucrt:fpctrl.obj
 0002:00007718       ?_names@?1??_get_fname@@9@9 10028718     libucrt:fpexcept.obj
 0002:000078c0       two32                      100288c0     LIBCMT:ftol2.obj
 0002:000078c4       two63                      100288c4     LIBCMT:ftol2.obj
 0002:000078c8       _NaN                       100288c8     LIBCMT:ftol2.obj
 0002:00007f80       __sehtable$?_AtlVerifyStackAvailable@_ATL_SAFE_ALLOCA_IMPL@ATL@@YA_NK@Z 10028f80     ElectronicValueRW.obj
 0002:00007fa0       __sehtable$___scrt_is_nonwritable_in_current_image 10028fa0     LIBCMT:utility.obj
 0002:00007fbc       __catchsym$??2@YAPAXIABUnothrow_t@std@@@Z$2 10028fbc     LIBCMT:new_scalar_nothrow.obj
 0002:00007fcc       __unwindtable$??2@YAPAXIABUnothrow_t@std@@@Z 10028fcc     LIBCMT:new_scalar_nothrow.obj
 0002:00007fdc       __tryblocktable$??2@YAPAXIABUnothrow_t@std@@@Z 10028fdc     LIBCMT:new_scalar_nothrow.obj
 0002:00007ff0       __ehfuncinfo$??2@YAPAXIABUnothrow_t@std@@@Z 10028ff0     LIBCMT:new_scalar_nothrow.obj
 0002:00008018       __sehtable$?dllmain_crt_process_attach@@YAHQAUHINSTANCE__@@QAX@Z 10029018     LIBCMT:dll_dllmain.obj
 0002:00008038       __sehtable$?dllmain_crt_process_detach@@YAH_N@Z 10029038     LIBCMT:dll_dllmain.obj
 0002:00008060       __sehtable$?dllmain_dispatch@@YAHQAUHINSTANCE__@@KQAX@Z 10029060     LIBCMT:dll_dllmain.obj
 0002:00008110       __sehtable$___DestructExceptionObject 10029110     libvcruntime:ehhelpers.obj
 0002:00008130       __sehtable$?FrameUnwindToState@__FrameHandler3@@SAXPAUEHRegistrationNode@@PAXPBU_s_FuncInfo@@H@Z 10029130     libvcruntime:frame.obj
 0002:00008158       __sehtable$?CallCatchBlock@@YAPAXPAUEHExceptionRecord@@PAUEHRegistrationNode@@PAU_CONTEXT@@PBU_s_FuncInfo@@PAXHK@Z 10029158     libvcruntime:frame.obj
 0002:00008180       __catchsym$?CallUnexpected@@YAXPBU_s_ESTypeList@@@Z$2 10029180     libvcruntime:frame.obj
 0002:00008190       __unwindtable$?CallUnexpected@@YAXPBU_s_ESTypeList@@@Z 10029190     libvcruntime:frame.obj
 0002:000081a0       __tryblocktable$?CallUnexpected@@YAXPBU_s_ESTypeList@@@Z 100291a0     libvcruntime:frame.obj
 0002:000081b4       __ehfuncinfo$?CallUnexpected@@YAXPBU_s_ESTypeList@@@Z 100291b4     libvcruntime:frame.obj
 0002:000081d8       __sehtable$??$BuildCatchObjectHelperInternal@V__FrameHandler3@@@@YAHPAUEHExceptionRecord@@PAXPBU_s_HandlerType@@PBU_s_CatchableType@@@Z 100291d8     libvcruntime:frame.obj
 0002:000081f8       __sehtable$??$BuildCatchObjectInternal@V__FrameHandler3@@@@YAXPAUEHExceptionRecord@@PAXPBU_s_HandlerType@@PBU_s_CatchableType@@@Z 100291f8     libvcruntime:frame.obj
 0002:00008250       __sehtable$??R<lambda_6e4b09c48022b2350581041d5f6b0c4c>@@QBE@XZ 10029250     libucrt:exit.obj
 0002:00008270       __sehtable$??$?RV<lambda_03b1d95aef87969028cfba75ccab2455>@@AAV<lambda_6e4b09c48022b2350581041d5f6b0c4c>@@V<lambda_22bdf7517842c4b3e53723af5aa32b9e>@@@?$__crt_seh_guarded_call@X@@QAEX$$QAV<lambda_03b1d95aef87969028cfba75ccab2455>@@AAV<lambda_6e4b09c48022b2350581041d5f6b0c4c>@@$$QAV<lambda_22bdf7517842c4b3e53723af5aa32b9e>@@@Z 10029270     libucrt:exit.obj
 0002:00008290       __sehtable$??$?RV<lambda_8e746cf0007f6ed984d6f78af1fec997>@@AAV<lambda_22ebabd17bc4fa466a2aca6d8deb888d>@@V<lambda_18ed0c0b38a6dc0daf1e7ac6d6adf05e>@@@?$__crt_seh_guarded_call@H@@QAEH$$QAV<lambda_8e746cf0007f6ed984d6f78af1fec997>@@AAV<lambda_22ebabd17bc4fa466a2aca6d8deb888d>@@$$QAV<lambda_18ed0c0b38a6dc0daf1e7ac6d6adf05e>@@@Z 10029290     libucrt:onexit.obj
 0002:000082b0       __sehtable$??$?RV<lambda_69a2805e680e0e292e8ba93315fe43a8>@@AAV<lambda_f03950bc5685219e0bcd2087efbe011e>@@V<lambda_03fcd07e894ec930e3f35da366ca99d6>@@@?$__crt_seh_guarded_call@H@@QAEH$$QAV<lambda_69a2805e680e0e292e8ba93315fe43a8>@@AAV<lambda_f03950bc5685219e0bcd2087efbe011e>@@$$QAV<lambda_03fcd07e894ec930e3f35da366ca99d6>@@@Z 100292b0     libucrt:onexit.obj
 0002:000082d0       __sehtable$__query_new_handler 100292d0     libucrt:new_handler.obj
 0002:000082f0       __sehtable$_terminate      100292f0     libucrt:terminate.obj
 0002:00008310       __sehtable$??$?RV<lambda_15ade71b0218206bbe3333a0c9b79046>@@AAV<lambda_da44e0f8b0f19ba52fefafb335991732>@@V<lambda_207f2d024fc103971653565357d6cd41>@@@?$__crt_seh_guarded_call@X@@QAEX$$QAV<lambda_15ade71b0218206bbe3333a0c9b79046>@@AAV<lambda_da44e0f8b0f19ba52fefafb335991732>@@$$QAV<lambda_207f2d024fc103971653565357d6cd41>@@@Z 10029310     libucrt:per_thread_data.obj
 0002:00008330       __sehtable$??$?RV<lambda_a7e850c220f1c8d1e6efeecdedd162c6>@@AAV<lambda_46720907175c18b6c9d2717bc0d2d362>@@V<lambda_9048902d66e8d99359bc9897bbb930a8>@@@?$__crt_seh_guarded_call@X@@QAEX$$QAV<lambda_a7e850c220f1c8d1e6efeecdedd162c6>@@AAV<lambda_46720907175c18b6c9d2717bc0d2d362>@@$$QAV<lambda_9048902d66e8d99359bc9897bbb930a8>@@@Z 10029330     libucrt:per_thread_data.obj
 0002:00008350       __sehtable$??$?RV<lambda_38edbb1296d33220d7e4dd0ed76b244a>@@AAV<lambda_5ce1d447e08cb34b2473517608e21441>@@V<lambda_fb385d3da700c9147fc39e65dd577a8c>@@@?$__crt_seh_guarded_call@X@@QAEX$$QAV<lambda_38edbb1296d33220d7e4dd0ed76b244a>@@AAV<lambda_5ce1d447e08cb34b2473517608e21441>@@$$QAV<lambda_fb385d3da700c9147fc39e65dd577a8c>@@@Z 10029350     libucrt:per_thread_data.obj
 0002:00008370       __sehtable$??$?RV<lambda_6affb1475c98b40b75cdec977db92e3c>@@AAV<lambda_b8d4b9c228a6ecc3f80208dbb4b4a104>@@V<lambda_608742c3c92a14382c1684fc64f96c88>@@@?$__crt_seh_guarded_call@X@@QAEX$$QAV<lambda_6affb1475c98b40b75cdec977db92e3c>@@AAV<lambda_b8d4b9c228a6ecc3f80208dbb4b4a104>@@$$QAV<lambda_608742c3c92a14382c1684fc64f96c88>@@@Z 10029370     libucrt:per_thread_data.obj
 0002:00008390       __sehtable$??$?RV<lambda_e5124f882df8998aaf41531e079ba474>@@AAV<lambda_3e16ef9562a7dcce91392c22ab16ea36>@@V<lambda_e25ca0880e6ef98be67edffd8c599615>@@@?$__crt_seh_guarded_call@X@@QAEX$$QAV<lambda_e5124f882df8998aaf41531e079ba474>@@AAV<lambda_3e16ef9562a7dcce91392c22ab16ea36>@@$$QAV<lambda_e25ca0880e6ef98be67edffd8c599615>@@@Z 10029390     libucrt:wsetlocale.obj
 0002:000083b0       __sehtable$___acrt_initialize_lowio 100293b0     libucrt:ioinit.obj
 0002:000083d0       __sehtable$?update_thread_multibyte_data_internal@@YAPAU__crt_multibyte_data@@QAU__acrt_ptd@@QAPAU1@@Z 100293d0     libucrt:mbctype.obj
 0002:000083f0       __sehtable$??$?RV<lambda_ceb1ee4838e85a9d631eb091e2fbe199>@@AAV<lambda_ae742caa10f662c28703da3d2ea5e57e>@@V<lambda_cd08b5d6af4937fe54fc07d0c9bf6b37>@@@?$__crt_seh_guarded_call@X@@QAEX$$QAV<lambda_ceb1ee4838e85a9d631eb091e2fbe199>@@AAV<lambda_ae742caa10f662c28703da3d2ea5e57e>@@$$QAV<lambda_cd08b5d6af4937fe54fc07d0c9bf6b37>@@@Z 100293f0     libucrt:mbctype.obj
 0002:00008410       __sehtable$_raise          10029410     libucrt:signal.obj
 0002:00008430       __sehtable$??$?RV<lambda_cbab9ec6f41b0180b23cc171c22676b0>@@AAV<lambda_44731a7d0e6d81c3e6aa82d741081786>@@V<lambda_4b292cb8dd18144e164572427af410ab>@@@?$__crt_seh_guarded_call@P6AXH@Z@@QAEP6AXH@Z$$QAV<lambda_cbab9ec6f41b0180b23cc171c22676b0>@@AAV<lambda_44731a7d0e6d81c3e6aa82d741081786>@@$$QAV<lambda_4b292cb8dd18144e164572427af410ab>@@@Z 10029430     libucrt:signal.obj
 0002:00008450       __sehtable$??$?RV<lambda_2866be3712abc81a800a822484c830d8>@@AAV<lambda_39ca0ed439415581b5b15c265174cece>@@V<lambda_2b24c74d71094a6cd0cb82e44167d71b>@@@?$__crt_seh_guarded_call@X@@QAEX$$QAV<lambda_2866be3712abc81a800a822484c830d8>@@AAV<lambda_39ca0ed439415581b5b15c265174cece>@@$$QAV<lambda_2b24c74d71094a6cd0cb82e44167d71b>@@@Z 10029450     libucrt:fflush.obj
 0002:00008470       __sehtable$??$?RV<lambda_2cc53f568c5a2bb6f192f930a45d44ea>@@AAV<lambda_ab61a845afdef5b7c387490eaf3616ee>@@V<lambda_c2ffc0b7726aa6be21d5f0026187e748>@@@?$__crt_seh_guarded_call@X@@QAEX$$QAV<lambda_2cc53f568c5a2bb6f192f930a45d44ea>@@AAV<lambda_ab61a845afdef5b7c387490eaf3616ee>@@$$QAV<lambda_c2ffc0b7726aa6be21d5f0026187e748>@@@Z 10029470     libucrt:fflush.obj
 0002:00008490       __sehtable$___acrt_update_thread_locale_data 10029490     libucrt:locale_refcounting.obj
 0002:000084b0       __sehtable$__fcloseall     100294b0     libucrt:closeall.obj
 0002:000084d0       __sehtable$___acrt_lowio_ensure_fh_exists 100294d0     libucrt:osfinfo.obj
 0002:000084f0       __sehtable$??$?RV<lambda_9e9de3de5fa147e2223d7db92bc10aa6>@@AAV<lambda_38ce7e780aa69e748d6df282ebc68efe>@@V<lambda_8ca6da459f0f6780f1cff60fdc3d00e5>@@@?$__crt_seh_guarded_call@H@@QAEH$$QAV<lambda_9e9de3de5fa147e2223d7db92bc10aa6>@@AAV<lambda_38ce7e780aa69e748d6df282ebc68efe>@@$$QAV<lambda_8ca6da459f0f6780f1cff60fdc3d00e5>@@@Z 100294f0     libucrt:commit.obj
 0002:00008510       __sehtable$__write         10029510     libucrt:write.obj
 0002:00008530       __sehtable$_fclose         10029530     libucrt:fclose.obj
 0002:00008550       __sehtable$??$?RV<lambda_218ce3db14220d0be481dae8ef3383b6>@@AAV<lambda_628dfdc04ba53c8bfc02c9951375f3f5>@@V<lambda_57dc472bd5c9d5f3b2cbca59b8a843ae>@@@?$__crt_seh_guarded_call@H@@QAEH$$QAV<lambda_218ce3db14220d0be481dae8ef3383b6>@@AAV<lambda_628dfdc04ba53c8bfc02c9951375f3f5>@@$$QAV<lambda_57dc472bd5c9d5f3b2cbca59b8a843ae>@@@Z 10029550     libucrt:close.obj
 0002:00008570       __sehtable$__IsNonwritableInCurrentImage 10029570     LIBCMT:pesect.obj
 0002:000085a0       .edata                     100295a0     OPOSElectronicValueRW.exp
 0002:000085c8       rgpv                       100295c8     OPOSElectronicValueRW.exp
 0002:000085d8       rgszName                   100295d8     OPOSElectronicValueRW.exp
 0002:000085e8       rgwOrd                     100295e8     OPOSElectronicValueRW.exp
 0002:000085f0       szName                     100295f0     OPOSElectronicValueRW.exp
 0002:0000860a       $N00001                    1002960a     OPOSElectronicValueRW.exp
 0002:0000861a       $N00002                    1002961a     OPOSElectronicValueRW.exp
 0002:0000862c       $N00003                    1002962c     OPOSElectronicValueRW.exp
 0002:0000863e       $N00004                    1002963e     OPOSElectronicValueRW.exp
 0002:00008c4e       .idata$6                   10029c4e     kernel32:KERNEL32.dll
 0002:00008e62       .idata$6                   10029e62     user32:USER32.dll
 0002:00008f96       .idata$6                   10029f96     gdi32:GDI32.dll
 0002:0000903c       .idata$6                   1002a03c     advapi32:ADVAPI32.dll
 0002:00009158       .idata$6                   1002a158     ole32:ole32.dll
 0002:00009162       .idata$6                   1002a162     oleaut32:OLEAUT32.dll
 0003:00000110       ?ObjectMap@@3PAU_ATL_OBJMAP_ENTRY30@ATL@@A 1002b110     ElectronicValueRW.obj
 0003:000001e8       ?s_SOMethodNames@@3PAPADA  1002b1e8     ElectronicValueRWImpl.obj
 0003:000002f4       ?s_RequiredMethodsPerRelease@@3PAHA 1002b2f4     ElectronicValueRWImpl.obj
 0003:00000320       ?__vcrt_flsindex@@3KA      1002b320     libvcruntime:per_thread_data.obj
 0003:00000340       ?errno_no_memory@@3HA      1002b340     libucrt:errno.obj
 0003:00000344       ?doserrno_no_memory@@3KA   1002b344     libucrt:errno.obj
 0003:00000350       ?__acrt_flsindex@@3KA      1002b350     libucrt:per_thread_data.obj
 0003:000006e8       __mbctypes                 1002b6e8     libucrt:mbctype.obj
 0003:000007f0       __mbcasemaps               1002b7f0     libucrt:mbctype.obj
 0003:000008f0       ?__rgctypeflag@@3PADA      1002b8f0     libucrt:mbctype.obj
 0003:000008f8       ?__rgcode_page_info@@3PAUcode_page_info@@A 1002b8f8     libucrt:mbctype.obj
 0003:00000b50       ?__dcrt_lowio_console_output_handle@@3PAXA 1002bb50     libucrt:initcon.obj
 0003:00000ce8       ?is_initialized_as_dll@@3_NA 1002bce8     LIBCMT:utility.obj
 0003:00000ce9       ?module_local_atexit_table_initialized@@3_NA 1002bce9     LIBCMT:utility.obj
 0003:00000cec       ?module_local_atexit_table@@3U_onexit_table_t@@A 1002bcec     LIBCMT:utility.obj
 0003:00000cf8       ?module_local_at_quick_exit_table@@3U_onexit_table_t@@A 1002bcf8     LIBCMT:utility.obj
 0003:00000d04       ?g_tss_cv@@3U_RTL_CONDITION_VARIABLE@@A 1002bd04     LIBCMT:thread_safe_statics.obj
 0003:00000d08       ?g_tss_event@@3PAXA        1002bd08     LIBCMT:thread_safe_statics.obj
 0003:00000d0c       ?g_tss_mutex@@3U_RTL_CRITICAL_SECTION@@A 1002bd0c     LIBCMT:thread_safe_statics.obj
 0003:00000d24       ?g_sleep_condition_variable_cs@@3P6GHPAU_RTL_CONDITION_VARIABLE@@PAU_RTL_CRITICAL_SECTION@@K@ZA 1002bd24     LIBCMT:thread_safe_statics.obj
 0003:00000d28       ?g_wake_all_condition_variable@@3P6GXPAU_RTL_CONDITION_VARIABLE@@@ZA 1002bd28     LIBCMT:thread_safe_statics.obj
 0003:00000d30       _GS_ExceptionRecord        1002bd30     LIBCMT:gs_report.obj
 0003:00000d80       _GS_ContextRecord          1002bd80     LIBCMT:gs_report.obj
 0003:00001050       ?__proc_attached@@3HA      1002c050     LIBCMT:dll_dllmain.obj
 0003:000010ac       ?AllocateData@@3P6GPAUAtlThunkData_t@@XZA 1002c0ac     atls:atlthunk.obj
 0003:000010b0       ?InitData@@3P6GXPAUAtlThunkData_t@@PAXI@ZA 1002c0b0     atls:atlthunk.obj
 0003:000010b4       ?DataToCode@@3P6GP6GJPAUHWND__@@IIJ@ZPAUAtlThunkData_t@@@ZA 1002c0b4     atls:atlthunk.obj
 0003:000010b8       ?FreeData@@3P6GXPAUAtlThunkData_t@@@ZA 1002c0b8     atls:atlthunk.obj
 0003:000010bc       ?Initialized@@3_NA         1002c0bc     atls:atlthunk.obj
 0003:000010cc       ?__vcrt_startup_thread_ptd@@3U__vcrt_ptd@@A 1002c0cc     libvcruntime:per_thread_data.obj
 0003:000010f4       ___vcrt_lock_table         1002c0f4     libvcruntime:locks.obj
 0003:0000110c       ___vcrt_locks_initialized  1002c10c     libvcruntime:locks.obj
 0003:00001138       ?heap@@3V_HeapManager@@A   1002c138     libvcruntime:undname.obj
 0003:0000114c       ?module_handles@@3PAPAUHINSTANCE__@@A 1002c14c     libvcruntime:winapi_downlevel.obj
 0003:00001158       ?function_pointers@@3PAPAXA 1002c158     libvcruntime:winapi_downlevel.obj
 0003:0000116c       ?__acrt_invalid_parameter_handler@@3V?$dual_state_global@P6AXPB_W00II@Z@__crt_state_management@@A 1002c16c     libucrt:invalid_parameter.obj
 0003:00001170       ?c_termination_complete@@3JA 1002c170     libucrt:exit.obj
 0003:00001174       ?thread_local_exit_callback_func@@3P6GXPAXK0@ZA 1002c174     libucrt:exit.obj
 0003:00001180       ?program_name@?1???$common_configure_argv@D@@YAHW4_crt_argv_mode@@@Z@4PADA 1002c180     libucrt:argv_parsing.obj
 0003:000012b0       ?__acrt_new_handler@@3V?$dual_state_global@P6AHI@Z@__crt_state_management@@A 1002c2b0     libucrt:new_handler.obj
 0003:000012b8       ?module_handles@@3PAPAUHINSTANCE__@@A 1002c2b8     libucrt:winapi_thunks.obj
 0003:00001308       ?encoded_function_pointers@@3PAPAXA 1002c308     libucrt:winapi_thunks.obj
 0003:00001390       ?internal_state@?1??_mbtowc_l@@9@4U_Mbstatet@@A 1002c390     libucrt:mbtowc.obj
 0003:000013a0       ?enable_percent_n@@3IA     1002c3a0     libucrt:printf_count_output.obj
 0003:000015c0       ?__acrt_lock_table@@3PAU_RTL_CRITICAL_SECTION@@A 1002c5c0     libucrt:locks.obj
 0003:00001710       ?__acrt_locks_initialized@@3IA 1002c710     libucrt:locks.obj
 0003:00001720       ?fSystemSet@@3HA           1002c720     libucrt:mbctype.obj
 0003:00001724       ?initialized@?1??__acrt_initialize_multibyte@@9@4_NA 1002c724     libucrt:mbctype.obj
 0003:00001744       ?ctrlc_action@@3V?$dual_state_global@P6AXH@Z@__crt_state_management@@A 1002c744     libucrt:signal.obj
 0003:00001748       ?ctrlbreak_action@@3V?$dual_state_global@P6AXH@Z@__crt_state_management@@A 1002c748     libucrt:signal.obj
 0003:0000174c       ?abort_action@@3V?$dual_state_global@P6AXH@Z@__crt_state_management@@A 1002c74c     libucrt:signal.obj
 0003:00001750       ?term_action@@3V?$dual_state_global@P6AXH@Z@__crt_state_management@@A 1002c750     libucrt:signal.obj
 0003:00001754       ?user_matherr@@3V?$dual_state_global@P6AHPAU_exception@@@Z@__crt_state_management@@A 1002c754     libucrt:matherr.obj
 0003:00001758       ?__acrt_global_new_mode@@3V?$dual_state_global@J@__crt_state_management@@A 1002c758     libucrt:new_mode.obj
 0003:00001764       ?internal_pst@?1??__mbrtoc32_utf8@__crt_mbstring@@YAIPA_UPBDIPAU_Mbstatet@@@Z@4U3@A 1002c764     libucrt:mbrtoc32.obj
 0003:0000176c       ?__acrt_app_type@@3W4_crt_app_type@@A 1002c76c     libucrt:report_runtime_error.obj
 0003:00001774       __pmatherr_set             1002c774     libucrt:libm_error.obj
 0004:00000220       $R000000                   1002d220     ElectronicValueRW.res
 0004:00000be0       $R0009C0                   1002dbe0     ElectronicValueRW.res
 0004:00000cc8       $R000AA8                   1002dcc8     ElectronicValueRW.res
 0004:00000f30       $R000D10                   1002df30     ElectronicValueRW.res
 0004:00001470       $R001250                   1002e470     ElectronicValueRW.res
 0004:00007f50       $R007D30                   10034f50     ElectronicValueRW.res
 0004:00007f98       $R007D78                   10034f98     ElectronicValueRW.res
