 OPOSMotionSensor

 Timestamp is 5ed458d4 (Mon Jun  1 10:24:36 2020)

 Preferred load address is 10000000

 Start         Length     Name                   Class
 0001:00000000 00000080H .text$di                CODE
 0001:00000080 0001dd33H .text$mn                CODE
 0001:0001ddb3 00000036H .text$x                 CODE
 0001:0001dde9 00000042H .text$yd                CODE
 0002:00000000 000002fcH .idata$5                DATA
 0002:000002fc 00000004H .00cfg                  DATA
 0002:00000300 00000004H .CRT$XCA                DATA
 0002:00000304 00000004H .CRT$XCL                DATA
 0002:00000308 00000010H .CRT$XCU                DATA
 0002:00000318 00000004H .CRT$XCZ                DATA
 0002:0000031c 00000004H .CRT$XIA                DATA
 0002:00000320 00000010H .CRT$XIC                DATA
 0002:00000330 00000004H .CRT$XIZ                DATA
 0002:00000334 00000004H .CRT$XLA                DATA
 0002:00000338 00000004H .CRT$XLZ                DATA
 0002:0000033c 00000004H .CRT$XPA                DATA
 0002:00000340 00000008H .CRT$XPX                DATA
 0002:00000348 00000004H .CRT$XPXA               DATA
 0002:0000034c 00000004H .CRT$XPZ                DATA
 0002:00000350 00000004H .CRT$XTA                DATA
 0002:00000354 0000000cH .CRT$XTZ                DATA
 0002:00000358 00000000H .gfids$y                DATA
 0002:00000360 000071c8H .rdata                  DATA
 0002:00007528 00000018H .rdata$T                DATA
 0002:00007540 00000178H .rdata$r                DATA
 0002:000076b8 0000001cH .rdata$sxdata           DATA
 0002:000076d4 000003e0H .rdata$zzzdbg           DATA
 0002:00007ab4 00000004H .rtc$IAA                DATA
 0002:00007ab8 00000004H .rtc$IZZ                DATA
 0002:00007abc 00000004H .rtc$TAA                DATA
 0002:00007ac0 00000004H .rtc$TZZ                DATA
 0002:00007ac4 00000004H .tls                    DATA
 0002:00007ac8 00000004H .tls$                   DATA
 0002:00007acc 00000004H .tls$ZZZ                DATA
 0002:00007ad0 0000062cH .xdata$x                DATA
 0002:000080fc 00000004H ATL$__a                 DATA
 0002:00008100 00000010H ATL$__z                 DATA
 0002:00008110 000000b0H .edata                  DATA
 0002:000081c0 00000078H .idata$2                DATA
 0002:00008238 00000014H .idata$3                DATA
 0002:0000824c 000002fcH .idata$4                DATA
 0002:00008548 00000bceH .idata$6                DATA
 0003:00000000 00000a90H .data                   DATA
 0003:00000a90 00000098H .data$r                 DATA
 0003:00000b28 00000b80H .bss                    DATA
 0004:00000000 00000220H .rsrc$01                DATA
 0004:00000220 00003718H .rsrc$02                DATA

  Address         Publics by Value              Rva+Base       Lib:Object

 0000:00000000       ___arm64x_redirection_metadata 00000000     <absolute>
 0000:00000000       __except_list              00000000     <absolute>
 0000:00000000       ___x64_code_ranges_to_entry_points 00000000     <absolute>
 0000:00000000       ___guard_fids_count        00000000     <absolute>
 0000:00000000       ___guard_longjmp_table     00000000     <absolute>
 0000:00000000       ___hybrid_code_map_count   00000000     <absolute>
 0000:00000000       ___guard_longjmp_count     00000000     <absolute>
 0000:00000000       ___arm64x_native_entrypoint 00000000     <absolute>
 0000:00000000       ___hybrid_auxiliary_iat    00000000     <absolute>
 0000:00000000       ___dynamic_value_reloc_table 00000000     <absolute>
 0000:00000000       ___guard_fids_table        00000000     <absolute>
 0000:00000000       ___guard_eh_cont_count     00000000     <absolute>
 0000:00000000       ___guard_iat_table         00000000     <absolute>
 0000:00000000       ___volatile_metadata       00000000     <absolute>
 0000:00000000       ___AbsoluteZero            00000000     <absolute>
 0000:00000000       ___guard_iat_count         00000000     <absolute>
 0000:00000000       ___enclave_config          00000000     <absolute>
 0000:00000000       ___guard_eh_cont_table     00000000     <absolute>
 0000:00000000       ___hybrid_code_map         00000000     <absolute>
 0000:00000007       ___safe_se_handler_count   00000007     <absolute>
 0000:0000002c       __tls_array                0000002c     <absolute>
 0000:00000100       ___guard_flags             00000100     <absolute>
 0000:00000000       ___ImageBase               10000000     <linker-defined>
 0001:00000080       ?DupWide@_CW@@AAEXXZ       10001080 f   CWString.obj
 0001:0000009c       ?cw_dup@@YGXPBDAAHAAPA_W1@Z 1000109c f   CWString.obj
 0001:00000124       ?cw_memcpy@@YGHPA_WPBDH@Z  10001124 f   CWString.obj
 0001:00000150       ?cw_strcpy@@YAHPA_WPBD@Z   10001150 f   CWString.obj
 0001:00000163       ?cw_strlen@@YAHPBD@Z       10001163 f   CWString.obj
 0001:0000017c       ??0CAtlComModule@ATL@@QAE@XZ 1000117c f i OposVariant.obj
 0001:000001c1       ??0CAtlWinModule@ATL@@QAE@XZ 100011c1 f i OposVariant.obj
 0001:000001f8       ??0OposDispParms@@QAE@PAVOposVariant@@H@Z 100011f8 f   OposVariant.obj
 0001:00000269       ??1OposDispParms@@QAE@XZ   10001269 f   OposVariant.obj
 0001:00000277       ??A?$CSimpleArray@GV?$CSimpleArrayEqualHelper@G@ATL@@@ATL@@QAEAAGH@Z 10001277 f i OposVariant.obj
 0001:0000029c       ??_Estringdispid@CComTypeInfoHolder@ATL@@QAEPAXI@Z 1000129c f i OposVariant.obj
 0001:00000308       ?AtlWinModuleInit@ATL@@YGJPAU_ATL_WIN_MODULE70@1@@Z 10001308 f i OposVariant.obj
 0001:0000032e       ?AtlWinModuleTerm@ATL@@YGJPAU_ATL_WIN_MODULE70@1@PAUHINSTANCE__@@@Z 1000132e f i OposVariant.obj
 0001:00000391       ?ChangeBSTR@OposVariant@@QAEXPAPA_WAAJ@Z 10001391 f   OposVariant.obj
 0001:000003d2       ?ChangeLONG@OposVariant@@QAEXPAJAAJ@Z 100013d2 f   OposVariant.obj
 0001:00000413       ?GetLONG@OposVariant@@QAEJXZ 10001413 f   OposVariant.obj
 0001:0000042e       ?Init@CComCriticalSection@ATL@@QAEJXZ 1000142e f i OposVariant.obj
 0001:00000456       ?RemoveAll@?$CSimpleArray@GV?$CSimpleArrayEqualHelper@G@ATL@@@ATL@@QAEXXZ 10001456 f i OposVariant.obj
 0001:00000456       ?RemoveAll@?$CSimpleArray@PAUHINSTANCE__@@V?$CSimpleArrayEqualHelper@PAUHINSTANCE__@@@ATL@@@ATL@@QAEXXZ 10001456 f i atls:atlbase.obj
 0001:00000473       ?SetBSTR@OposVariant@@QAEXPA_WAAJ@Z 10001473 f   OposVariant.obj
 0001:000004a7       ?SetBSTR_Copy@OposVariant@@QAEXPA_WAAJ@Z 100014a7 f   OposVariant.obj
 0001:000004f7       ?SetBSTR_InOutPtr@OposVariant@@QAE_NPAPA_WAAJ@Z 100014f7 f   OposVariant.obj
 0001:0000052e       ?SetDispatch_Ptr@OposVariant@@QAEXPAUIDispatch@@AAJ@Z 1000152e f   OposVariant.obj
 0001:00000569       ?SetLONG@OposVariant@@QAEXJ@Z 10001569 f   OposVariant.obj
 0001:0000058b       ?SetLONG_Ptr@OposVariant@@QAEXPAJAAJ@Z 1000158b f   OposVariant.obj
 0001:000005be       ?SetString@OposVariant@@QAEXPB_WAAJ@Z 100015be f   OposVariant.obj
 0001:00000604       ?SetVARIANT_BOOL@OposVariant@@QAEXF@Z 10001604 f   OposVariant.obj
 0001:0000062e       ?Term@CAtlComModule@ATL@@QAEXXZ 1000162e f i OposVariant.obj
 0001:00000678       ?_AtlRaiseException@ATL@@YAXKK@Z 10001678 f i OposVariant.obj
 0001:0000068d       ?CreateInstance@CComClassFactory@ATL@@UAGJPAUIUnknown@@ABU_GUID@@PAPAX@Z 1000168d f i MotionSensor.obj
 0001:000006cb       ?LockServer@CComClassFactory@ATL@@UAGJH@Z 100016cb f i MotionSensor.obj
 0001:000006ea       ??_ECComClassFactory@ATL@@UAEPAXI@Z 100016ea f i MotionSensor.obj
 0001:000006ea       ??_GCComClassFactory@ATL@@UAEPAXI@Z 100016ea f i MotionSensor.obj
 0001:00000715       ?GetWindowProc@?$CWindowImplBaseT@VCWindow@ATL@@V?$CWinTraits@$0FGAAAAAA@$0A@@2@@ATL@@UAEP6GJPAUHWND__@@IIJ@ZXZ 10001715 f i MotionSensor.obj
 0001:0000071b       ?StartWindowProc@?$CWindowImplBaseT@VCWindow@ATL@@V?$CWinTraits@$0FGAAAAAA@$0A@@2@@ATL@@SGJPAUHWND__@@IIJ@Z 1000171b f i MotionSensor.obj
 0001:0000076f       ?OnFinalMessage@?$CWindowImplBaseT@VCWindow@ATL@@V?$CWinTraits@$0FGAAAAAA@$0A@@2@@ATL@@UAEXPAUHWND__@@@Z 1000176f f i MotionSensor.obj
 0001:0000076f       ?ObjectMain@CComObjectRootBase@ATL@@SGX_N@Z 1000176f f i MotionSensor.obj
 0001:00000772       ?GetTypeInfoCount@?$IDispatchImpl@UIOPOSMotionSensor@@$1?IID_IOPOSMotionSensor@@3U_GUID@@B$1?LIBID_OposMotionSensor_CCO@@3U3@B$00$0A@VCComTypeInfoHolder@ATL@@@ATL@@UAGJPAI@Z 10001772 f i MotionSensor.obj
 0001:0000078f       ?GetTypeInfo@?$IDispatchImpl@UIOPOSMotionSensor@@$1?IID_IOPOSMotionSensor@@3U_GUID@@B$1?LIBID_OposMotionSensor_CCO@@3U3@B$00$0A@VCComTypeInfoHolder@ATL@@@ATL@@UAGJIKPAPAUITypeInfo@@@Z 1000178f f i MotionSensor.obj
 0001:000007b3       ?GetIDsOfNames@?$IDispatchImpl@UIOPOSMotionSensor@@$1?IID_IOPOSMotionSensor@@3U_GUID@@B$1?LIBID_OposMotionSensor_CCO@@3U3@B$00$0A@VCComTypeInfoHolder@ATL@@@ATL@@UAGJABU_GUID@@PAPA_WIKPAJ@Z 100017b3 f i MotionSensor.obj
 0001:000007d3       ?Invoke@?$IDispatchImpl@UIOPOSMotionSensor@@$1?IID_IOPOSMotionSensor@@3U_GUID@@B$1?LIBID_OposMotionSensor_CCO@@3U3@B$00$0A@VCComTypeInfoHolder@ATL@@@ATL@@UAGJJABU_GUID@@KGPAUtagDISPPARAMS@@PAUtagVARIANT@@PAUtagEXCEPINFO@@PAI@Z 100017d3 f i MotionSensor.obj
 0001:000007e1       ?CreateControlWindow@?$CComControl@VCOPOSMotionSensor@@V?$CWindowImpl@VCOPOSMotionSensor@@VCWindow@ATL@@V?$CWinTraits@$0FGAAAAAA@$0A@@3@@ATL@@@ATL@@UAEPAUHWND__@@PAU3@AAUtagRECT@@@Z 100017e1 f i MotionSensor.obj
 0001:00000810       ?ControlQueryInterface@?$CComControl@VCOPOSMotionSensor@@V?$CWindowImpl@VCOPOSMotionSensor@@VCWindow@ATL@@V?$CWinTraits@$0FGAAAAAA@$0A@@3@@ATL@@@ATL@@UAEJABU_GUID@@PAPAX@Z 10001810 f i MotionSensor.obj
 0001:0000082b       ?GetUserClassID@?$IOleObjectImpl@VCOPOSMotionSensor@@@ATL@@UAGJPAU_GUID@@@Z 1000182b f i MotionSensor.obj
 0001:0000082b       ?GetClassID@?$IPersistStreamInitImpl@VCOPOSMotionSensor@@@ATL@@UAGJPAU_GUID@@@Z 1000182b f i MotionSensor.obj
 0001:0000082b       ?GetClassID@?$IPersistStorageImpl@VCOPOSMotionSensor@@@ATL@@UAGJPAU_GUID@@@Z 1000182b f i MotionSensor.obj
 0001:0000084f       ?IsDirty@?$IPersistStreamInitImpl@VCOPOSMotionSensor@@@ATL@@UAGJXZ 1000184f f i MotionSensor.obj
 0001:0000086e       ?Load@?$IPersistStreamInitImpl@VCOPOSMotionSensor@@@ATL@@UAGJPAUIStream@@@Z 1000186e f i MotionSensor.obj
 0001:0000088d       ?Save@?$IPersistStreamInitImpl@VCOPOSMotionSensor@@@ATL@@UAGJPAUIStream@@H@Z 1000188d f i MotionSensor.obj
 0001:000008af       ?GetSizeMax@?$IPersistStreamInitImpl@VCOPOSMotionSensor@@@ATL@@UAGJPAT_ULARGE_INTEGER@@@Z 100018af f i MotionSensor.obj
 0001:00000a8e       ?InitNew@?$IPersistStreamInitImpl@VCOPOSMotionSensor@@@ATL@@UAGJXZ 10001a8e f i MotionSensor.obj
 0001:00000aab       ?QueryGetData@?$IDataObjectImpl@VCOPOSMotionSensor@@@ATL@@UAGJPAUtagFORMATETC@@@Z 10001aab f i MotionSensor.obj
 0001:00000aab       ?GetControlInfo@?$IOleControlImpl@VCOPOSMotionSensor@@@ATL@@UAGJPAUtagCONTROLINFO@@@Z 10001aab f i MotionSensor.obj
 0001:00000aab       ?SOOutputCompleteDummy@COPOSMotionSensor@@MAGJJ@Z 10001aab f i MotionSensor.obj
 0001:00000aab       ?SetColorScheme@?$IOleObjectImpl@VCOPOSMotionSensor@@@ATL@@UAGJPAUtagLOGPALETTE@@@Z 10001aab f i MotionSensor.obj
 0001:00000aab       ?ContextSensitiveHelp@?$IOleInPlaceObjectWindowlessImpl@VCOPOSMotionSensor@@@ATL@@UAGJH@Z 10001aab f i MotionSensor.obj
 0001:00000aab       ?GetDropTarget@?$IOleInPlaceObjectWindowlessImpl@VCOPOSMotionSensor@@@ATL@@UAGJPAPAUIDropTarget@@@Z 10001aab f i MotionSensor.obj
 0001:00000aab       ?SODataDummy@COPOSMotionSensor@@MAGJJ@Z 10001aab f i MotionSensor.obj
 0001:00000aab       ?ContextSensitiveHelp@?$IOleInPlaceActiveObjectImpl@VCOPOSMotionSensor@@@ATL@@UAGJH@Z 10001aab f i MotionSensor.obj
 0001:00000aab       ?Unfreeze@?$IViewObjectExImpl@VCOPOSMotionSensor@@@ATL@@UAGJK@Z 10001aab f i MotionSensor.obj
 0001:00000aab       ?OnMnemonic@?$IOleControlImpl@VCOPOSMotionSensor@@@ATL@@UAGJPAUtagMSG@@@Z 10001aab f i MotionSensor.obj
 0001:00000ab3       ?OnFrameWindowActivate@?$IOleInPlaceActiveObjectImpl@VCOPOSMotionSensor@@@ATL@@UAGJH@Z 10001ab3 f i MotionSensor.obj
 0001:00000ab3       ?OnAmbientPropertyChange@?$IOleControlImpl@VCOPOSMotionSensor@@@ATL@@UAGJJ@Z 10001ab3 f i MotionSensor.obj
 0001:00000ab3       ?SaveCompleted@?$IPersistStorageImpl@VCOPOSMotionSensor@@@ATL@@UAGJPAUIStorage@@@Z 10001ab3 f i MotionSensor.obj
 0001:00000ab3       ?EnableModeless@?$IOleInPlaceActiveObjectImpl@VCOPOSMotionSensor@@@ATL@@UAGJH@Z 10001ab3 f i MotionSensor.obj
 0001:00000ab8       ?SetClientSite@?$IOleObjectImpl@VCOPOSMotionSensor@@@ATL@@UAGJPAUIOleClientSite@@@Z 10001ab8 f i MotionSensor.obj
 0001:00000ad5       ?GetClientSite@?$IOleObjectImpl@VCOPOSMotionSensor@@@ATL@@UAGJPAPAUIOleClientSite@@@Z 10001ad5 f i MotionSensor.obj
 0001:00000af2       ?SetHostNames@?$IOleObjectImpl@VCOPOSMotionSensor@@@ATL@@UAGJPB_W0@Z 10001af2 f i MotionSensor.obj
 0001:00000af7       ?Close@?$IOleObjectImpl@VCOPOSMotionSensor@@@ATL@@UAGJK@Z 10001af7 f i MotionSensor.obj
 0001:00000b14       ?GetRect@?$IViewObjectExImpl@VCOPOSMotionSensor@@@ATL@@UAGJKPAU_RECTL@@@Z 10001b14 f i MotionSensor.obj
 0001:00000b14       ?SetMoniker@?$IOleObjectImpl@VCOPOSMotionSensor@@@ATL@@UAGJKPAUIMoniker@@@Z 10001b14 f i MotionSensor.obj
 0001:00000b14       ?GetDataHere@?$IDataObjectImpl@VCOPOSMotionSensor@@@ATL@@UAGJPAUtagFORMATETC@@PAUtagSTGMEDIUM@@@Z 10001b14 f i MotionSensor.obj
 0001:00000b14       ?QueryInterface@CRegObject@ATL@@UAGJABU_GUID@@PAPAX@Z 10001b14 f i MotionSensor.obj
 0001:00000b14       ?GetClipboardData@?$IOleObjectImpl@VCOPOSMotionSensor@@@ATL@@UAGJKPAPAUIDataObject@@@Z 10001b14 f i MotionSensor.obj
 0001:00000b14       ?GetCanonicalFormatEtc@?$IDataObjectImpl@VCOPOSMotionSensor@@@ATL@@UAGJPAUtagFORMATETC@@0@Z 10001b14 f i MotionSensor.obj
 0001:00000b14       ?EnumFormatEtc@?$IDataObjectImpl@VCOPOSMotionSensor@@@ATL@@UAGJKPAPAUIEnumFORMATETC@@@Z 10001b14 f i MotionSensor.obj
 0001:00000b1c       ?GetMoniker@?$IOleObjectImpl@VCOPOSMotionSensor@@@ATL@@UAGJKKPAPAUIMoniker@@@Z 10001b1c f i MotionSensor.obj
 0001:00000b1c       ?SetData@?$IDataObjectImpl@VCOPOSMotionSensor@@@ATL@@UAGJPAUtagFORMATETC@@PAUtagSTGMEDIUM@@H@Z 10001b1c f i MotionSensor.obj
 0001:00000b1c       ?InitFromData@?$IOleObjectImpl@VCOPOSMotionSensor@@@ATL@@UAGJPAUIDataObject@@HK@Z 10001b1c f i MotionSensor.obj
 0001:00000b24       ?DoVerb@?$IOleObjectImpl@VCOPOSMotionSensor@@@ATL@@UAGJJPAUtagMSG@@PAUIOleClientSite@@JPAUHWND__@@PBUtagRECT@@@Z 10001b24 f i MotionSensor.obj
 0001:00000c18       ?EnumVerbs@?$IOleObjectImpl@VCOPOSMotionSensor@@@ATL@@UAGJPAPAUIEnumOLEVERB@@@Z 10001c18 f i MotionSensor.obj
 0001:00000c3a       ?HandsOffStorage@?$IPersistStorageImpl@VCOPOSMotionSensor@@@ATL@@UAGJXZ 10001c3a f i MotionSensor.obj
 0001:00000c3a       ?Update@?$IOleObjectImpl@VCOPOSMotionSensor@@@ATL@@UAGJXZ 10001c3a f i MotionSensor.obj
 0001:00000c3a       ?IsUpToDate@?$IOleObjectImpl@VCOPOSMotionSensor@@@ATL@@UAGJXZ 10001c3a f i MotionSensor.obj
 0001:00000c3a       ?Release@CRegObject@ATL@@UAGKXZ 10001c3a f i MotionSensor.obj
 0001:00000c3f       ?GetUserType@?$IOleObjectImpl@VCOPOSMotionSensor@@@ATL@@UAGJKPAPA_W@Z 10001c3f f i MotionSensor.obj
 0001:00000c57       ?SetExtent@?$IOleObjectImpl@VCOPOSMotionSensor@@@ATL@@UAGJKPAUtagSIZE@@@Z 10001c57 f i MotionSensor.obj
 0001:00000c77       ?GetExtent@?$IOleObjectImpl@VCOPOSMotionSensor@@@ATL@@UAGJKPAUtagSIZE@@@Z 10001c77 f i MotionSensor.obj
 0001:00000cb5       ?Advise@?$IOleObjectImpl@VCOPOSMotionSensor@@@ATL@@UAGJPAUIAdviseSink@@PAK@Z 10001cb5 f i MotionSensor.obj
 0001:00000cd5       ?Unadvise@?$IOleObjectImpl@VCOPOSMotionSensor@@@ATL@@UAGJK@Z 10001cd5 f i MotionSensor.obj
 0001:00000d04       ?EnumAdvise@?$IOleObjectImpl@VCOPOSMotionSensor@@@ATL@@UAGJPAPAUIEnumSTATDATA@@@Z 10001d04 f i MotionSensor.obj
 0001:00000d44       ?GetMiscStatus@?$IOleObjectImpl@VCOPOSMotionSensor@@@ATL@@UAGJKPAK@Z 10001d44 f i MotionSensor.obj
 0001:00000d5c       ?GetWindow@?$IOleInPlaceActiveObjectImpl@VCOPOSMotionSensor@@@ATL@@UAGJPAPAUHWND__@@@Z 10001d5c f i MotionSensor.obj
 0001:00000da9       ?TranslateAcceleratorW@?$IOleInPlaceActiveObjectImpl@VCOPOSMotionSensor@@@ATL@@UAGJPAUtagMSG@@@Z 10001da9 f i MotionSensor.obj
 0001:00000e57       ?OnDocWindowActivate@?$IOleInPlaceActiveObjectImpl@VCOPOSMotionSensor@@@ATL@@UAGJH@Z 10001e57 f i MotionSensor.obj
 0001:00000e79       ?ResizeBorder@?$IOleInPlaceActiveObjectImpl@VCOPOSMotionSensor@@@ATL@@UAGJPBUtagRECT@@PAUIOleInPlaceUIWindow@@H@Z 10001e79 f i MotionSensor.obj
 0001:00000e7e       ?Draw@?$IViewObjectExImpl@VCOPOSMotionSensor@@@ATL@@UAGJKJPAXPAUtagDVTARGETDEVICE@@PAUHDC__@@2PBU_RECTL@@3P6GHK@ZK@Z 10001e7e f i MotionSensor.obj
 0001:00000eb0       ?GetColorSet@?$IViewObjectExImpl@VCOPOSMotionSensor@@@ATL@@UAGJKJPAXPAUtagDVTARGETDEVICE@@PAUHDC__@@PAPAUtagLOGPALETTE@@@Z 10001eb0 f i MotionSensor.obj
 0001:00000eb8       ?Freeze@?$IViewObjectExImpl@VCOPOSMotionSensor@@@ATL@@UAGJKJPAXPAK@Z 10001eb8 f i MotionSensor.obj
 0001:00000eb8       ?SOErrorDummy@COPOSMotionSensor@@MAGJJJJPAJ@Z 10001eb8 f i MotionSensor.obj
 0001:00000ec0       ?SetAdvise@?$IViewObjectExImpl@VCOPOSMotionSensor@@@ATL@@UAGJKKPAUIAdviseSink@@@Z 10001ec0 f i MotionSensor.obj
 0001:00000edf       ?GetAdvise@?$IViewObjectExImpl@VCOPOSMotionSensor@@@ATL@@UAGJPAK0PAPAUIAdviseSink@@@Z 10001edf f i MotionSensor.obj
 0001:00000f14       ?GetExtent@?$IViewObjectExImpl@VCOPOSMotionSensor@@@ATL@@UAGJKJPAUtagDVTARGETDEVICE@@PAUtagSIZE@@@Z 10001f14 f i MotionSensor.obj
 0001:00000f45       ?GetViewStatus@?$IViewObjectExImpl@VCOPOSMotionSensor@@@ATL@@UAGJPAK@Z 10001f45 f i MotionSensor.obj
 0001:00000f62       ?QueryHitPoint@?$IViewObjectExImpl@VCOPOSMotionSensor@@@ATL@@UAGJKPBUtagRECT@@UtagPOINT@@JPAK@Z 10001f62 f i MotionSensor.obj
 0001:00000fa3       ?QueryHitRect@?$IViewObjectExImpl@VCOPOSMotionSensor@@@ATL@@UAGJKPBUtagRECT@@0JPAK@Z 10001fa3 f i MotionSensor.obj
 0001:00000ffe       ?GetNaturalExtent@?$IViewObjectExImpl@VCOPOSMotionSensor@@@ATL@@UAGJKJPAUtagDVTARGETDEVICE@@PAUHDC__@@PAUtagExtentInfo@@PAUtagSIZE@@@Z 10001ffe f i MotionSensor.obj
 0001:00001049       ?GetWindow@?$IOleInPlaceObjectWindowlessImpl@VCOPOSMotionSensor@@@ATL@@UAGJPAPAUHWND__@@@Z 10002049 f i MotionSensor.obj
 0001:00001096       ?InPlaceDeactivate@?$IOleInPlaceObjectWindowlessImpl@VCOPOSMotionSensor@@@ATL@@UAGJXZ 10002096 f i MotionSensor.obj
 0001:000010b0       ?UIDeactivate@?$IOleInPlaceObjectWindowlessImpl@VCOPOSMotionSensor@@@ATL@@UAGJXZ 100020b0 f i MotionSensor.obj
 0001:000010ca       ?SetObjectRects@?$IOleInPlaceObjectWindowlessImpl@VCOPOSMotionSensor@@@ATL@@UAGJPBUtagRECT@@0@Z 100020ca f i MotionSensor.obj
 0001:000010ea       ?ReactivateAndUndo@?$IOleInPlaceObjectWindowlessImpl@VCOPOSMotionSensor@@@ATL@@UAGJXZ 100020ea f i MotionSensor.obj
 0001:000010f2       ?OnWindowMessage@?$IOleInPlaceObjectWindowlessImpl@VCOPOSMotionSensor@@@ATL@@UAGJIIJPAJ@Z 100020f2 f i MotionSensor.obj
 0001:00001162       ?EnumConnectionPoints@?$IConnectionPointContainerImpl@VCOPOSMotionSensor@@@ATL@@UAGJPAPAUIEnumConnectionPoints@@@Z 10002162 f i MotionSensor.obj
 0001:000012ee       ?FindConnectionPoint@?$IConnectionPointContainerImpl@VCOPOSMotionSensor@@@ATL@@UAGJABU_GUID@@PAPAUIConnectionPoint@@@Z 100022ee f i MotionSensor.obj
 0001:00001391       ?IsDirty@?$IPersistStorageImpl@VCOPOSMotionSensor@@@ATL@@UAGJXZ 10002391 f i MotionSensor.obj
 0001:000013c1       ?InitNew@?$IPersistStorageImpl@VCOPOSMotionSensor@@@ATL@@UAGJPAUIStorage@@@Z 100023c1 f i MotionSensor.obj
 0001:000013f1       ?Load@?$IPersistStorageImpl@VCOPOSMotionSensor@@@ATL@@UAGJPAUIStorage@@@Z 100023f1 f i MotionSensor.obj
 0001:0000145d       ?Save@?$IPersistStorageImpl@VCOPOSMotionSensor@@@ATL@@UAGJPAUIStorage@@H@Z 1000245d f i MotionSensor.obj
 0001:000014d0       ?GetPages@?$ISpecifyPropertyPagesImpl@VCOPOSMotionSensor@@@ATL@@UAGJPAUtagCAUUID@@@Z 100024d0 f i MotionSensor.obj
 0001:000014e7       ?QuickActivate@?$IQuickActivateImpl@VCOPOSMotionSensor@@@ATL@@UAGJPAUtagQACONTAINER@@PAUtagQACONTROL@@@Z 100024e7 f i MotionSensor.obj
 0001:0000150a       ?SetContentExtent@?$IQuickActivateImpl@VCOPOSMotionSensor@@@ATL@@UAGJPAUtagSIZE@@@Z 1000250a f i MotionSensor.obj
 0001:00001536       ?GetContentExtent@?$IQuickActivateImpl@VCOPOSMotionSensor@@@ATL@@UAGJPAUtagSIZE@@@Z 10002536 f i MotionSensor.obj
 0001:00001570       ?GetData@?$IDataObjectImpl@VCOPOSMotionSensor@@@ATL@@UAGJPAUtagFORMATETC@@PAUtagSTGMEDIUM@@@Z 10002570 f i MotionSensor.obj
 0001:00001593       ?DAdvise@?$IDataObjectImpl@VCOPOSMotionSensor@@@ATL@@UAGJPAUtagFORMATETC@@KPAUIAdviseSink@@PAK@Z 10002593 f i MotionSensor.obj
 0001:000015d4       ?DUnadvise@?$IDataObjectImpl@VCOPOSMotionSensor@@@ATL@@UAGJK@Z 100025d4 f i MotionSensor.obj
 0001:00001602       ?EnumDAdvise@?$IDataObjectImpl@VCOPOSMotionSensor@@@ATL@@UAGJPAPAUIEnumSTATDATA@@@Z 10002602 f i MotionSensor.obj
 0001:00001641       ?GetClassInfoW@?$IProvideClassInfo2Impl@$1?CLSID_OPOSMotionSensor@@3U_GUID@@B$1?DIID__IOPOSMotionSensorEvents@@3U2@B$1?LIBID_OposMotionSensor_CCO@@3U2@B$00$0A@VCComTypeInfoHolder@ATL@@@ATL@@UAGJPAPAUITypeInfo@@@Z 10002641 f i MotionSensor.obj
 0001:00001657       ?GetGUID@?$IProvideClassInfo2Impl@$1?CLSID_OPOSMotionSensor@@3U_GUID@@B$1?DIID__IOPOSMotionSensorEvents@@3U2@B$1?LIBID_OposMotionSensor_CCO@@3U2@B$00$0A@VCComTypeInfoHolder@ATL@@@ATL@@UAGJKPAU_GUID@@@Z 10002657 f i MotionSensor.obj
 0001:00001695       ?FAccessAllowed@?$IObjectSafetyImpl@VCOPOSMotionSensor@@$02@ATL@@MAEHXZ 10002695 f i MotionSensor.obj
 0001:00001695       __get_startup_argv_mode    10002695 f i LIBCMT:argv_mode.obj
 0001:00001699       ?GetInterfaceSafetyOptions@?$IObjectSafetyImpl@VCOPOSMotionSensor@@$02@ATL@@UAGJABU_GUID@@PAK1@Z 10002699 f i MotionSensor.obj
 0001:0000170d       ?SetInterfaceSafetyOptions@?$IObjectSafetyImpl@VCOPOSMotionSensor@@$02@ATL@@UAGJABU_GUID@@KK@Z 1000270d f i MotionSensor.obj
 0001:00001787       ?_LocCPQueryInterface@?$IConnectionPointImpl@VCOPOSMotionSensor@@$1?IID_IPropertyNotifySink@@3U_GUID@@BVCComDynamicUnkArray@ATL@@@ATL@@UAGJABU_GUID@@PAPAX@Z 10002787 f i MotionSensor.obj
 0001:00001787       ?_LocCPQueryInterface@?$IConnectionPointImpl@VCOPOSMotionSensor@@$1?DIID__IOPOSMotionSensorEvents@@3U_GUID@@BVCComDynamicUnkArray@ATL@@@ATL@@UAGJABU_GUID@@PAPAX@Z 10002787 f i MotionSensor.obj
 0001:000017d4       ?GetConnectionInterface@?$IConnectionPointImpl@VCOPOSMotionSensor@@$1?IID_IPropertyNotifySink@@3U_GUID@@BVCComDynamicUnkArray@ATL@@@ATL@@UAGJPAU_GUID@@@Z 100027d4 f i MotionSensor.obj
 0001:000017f8       ?GetConnectionPointContainer@?$IConnectionPointImpl@VCOPOSMotionSensor@@$1?IID_IPropertyNotifySink@@3U_GUID@@BVCComDynamicUnkArray@ATL@@@ATL@@UAGJPAPAUIConnectionPointContainer@@@Z 100027f8 f i MotionSensor.obj
 0001:0000181b       ?Advise@?$IConnectionPointImpl@VCOPOSMotionSensor@@$1?IID_IPropertyNotifySink@@3U_GUID@@BVCComDynamicUnkArray@ATL@@@ATL@@UAGJPAUIUnknown@@PAK@Z 1000281b f i MotionSensor.obj
 0001:0000181b       ?Advise@?$IConnectionPointImpl@VCOPOSMotionSensor@@$1?DIID__IOPOSMotionSensorEvents@@3U_GUID@@BVCComDynamicUnkArray@ATL@@@ATL@@UAGJPAUIUnknown@@PAK@Z 1000281b f i MotionSensor.obj
 0001:000018bb       ?Unadvise@?$IConnectionPointImpl@VCOPOSMotionSensor@@$1?IID_IPropertyNotifySink@@3U_GUID@@BVCComDynamicUnkArray@ATL@@@ATL@@UAGJK@Z 100028bb f i MotionSensor.obj
 0001:000018bb       ?Unadvise@?$IConnectionPointImpl@VCOPOSMotionSensor@@$1?DIID__IOPOSMotionSensorEvents@@3U_GUID@@BVCComDynamicUnkArray@ATL@@@ATL@@UAGJK@Z 100028bb f i MotionSensor.obj
 0001:000018fb       ?EnumConnections@?$IConnectionPointImpl@VCOPOSMotionSensor@@$1?IID_IPropertyNotifySink@@3U_GUID@@BVCComDynamicUnkArray@ATL@@@ATL@@UAGJPAPAUIEnumConnections@@@Z 100028fb f i MotionSensor.obj
 0001:000018fb       ?EnumConnections@?$IConnectionPointImpl@VCOPOSMotionSensor@@$1?DIID__IOPOSMotionSensorEvents@@3U_GUID@@BVCComDynamicUnkArray@ATL@@@ATL@@UAGJPAPAUIEnumConnections@@@Z 100028fb f i MotionSensor.obj
 0001:000019f6       ?GetObjectDescription@?$CComCoClass@VCOPOSMotionSensor@@$1?CLSID_OPOSMotionSensor@@3U_GUID@@B@ATL@@SGPB_WXZ 100029f6 f i MotionSensor.obj
 0001:000019f6       ?GetCategoryMap@CComObjectRootBase@ATL@@SAPBU_ATL_CATMAP_ENTRY@2@XZ 100029f6 f i MotionSensor.obj
 0001:000019f9       ?GetConnectionInterface@?$IConnectionPointImpl@VCOPOSMotionSensor@@$1?DIID__IOPOSMotionSensorEvents@@3U_GUID@@BVCComDynamicUnkArray@ATL@@@ATL@@UAGJPAU_GUID@@@Z 100029f9 f i MotionSensor.obj
 0001:00001a1d       ?GetConnectionPointContainer@?$IConnectionPointImpl@VCOPOSMotionSensor@@$1?DIID__IOPOSMotionSensorEvents@@3U_GUID@@BVCComDynamicUnkArray@ATL@@@ATL@@UAGJPAPAUIConnectionPointContainer@@@Z 10002a1d f i MotionSensor.obj
 0001:00001a40       ?UpdateRegistry@COPOSMotionSensor@@SGJH@Z 10002a40 f i MotionSensor.obj
 0001:00001a58       ?ProcessWindowMessage@COPOSMotionSensor@@UAEHPAUHWND__@@IIJAAJK@Z 10002a58 f i MotionSensor.obj
 0001:00001aa1       ?SODirectIO@COPOSMotionSensor@@MAGJJPAJPAPA_W@Z 10002aa1 f i MotionSensor.obj
 0001:00001aea       ?SOStatusUpdate@COPOSMotionSensor@@MAGJJ@Z 10002aea f i MotionSensor.obj
 0001:00001b23       ?Lock@CAtlModule@ATL@@UAEJXZ 10002b23 f i MotionSensor.obj
 0001:00001b2d       ?Unlock@CAtlModule@ATL@@UAEJXZ 10002b2d f i MotionSensor.obj
 0001:00001b37       ?GetLockCount@CAtlModule@ATL@@UAEJXZ 10002b37 f i MotionSensor.obj
 0001:00001b3b       ?GetGITPtr@CAtlModule@ATL@@UAEJPAPAUIGlobalInterfaceTable@@@Z 10002b3b f i MotionSensor.obj
 0001:00001b87       ?AddCommonRGSReplacements@?$CAtlModuleT@VCComModule@ATL@@@ATL@@UAEJPAUIRegistrarBase@@@Z 10002b87 f i MotionSensor.obj
 0001:00001ba1       ?CreateInstance@?$CComCreator@V?$CComObjectCached@VCComClassFactory@ATL@@@ATL@@@ATL@@SGJPAXABU_GUID@@PAPAX@Z 10002ba1 f i MotionSensor.obj
 0001:00001c41       ?CreateInstance@?$CComCreator2@V?$CComCreator@V?$CComObject@VCOPOSMotionSensor@@@ATL@@@ATL@@V?$CComCreator@V?$CComAggObject@VCOPOSMotionSensor@@@ATL@@@2@@ATL@@SGJPAXABU_GUID@@PAPAX@Z 10002c41 f i MotionSensor.obj
 0001:00001c61       ?UpdateRegistryFromResourceD@CComModule@ATL@@UAGJIHPAU_ATL_REGMAP_ENTRY@2@@Z 10002c61 f i MotionSensor.obj
 0001:00001c61       ?UpdateRegistryFromResourceD@CComModule@ATL@@UAGJPB_WHPAU_ATL_REGMAP_ENTRY@2@@Z 10002c61 f i MotionSensor.obj
 0001:00001c69       ?UpdateRegistryFromResource@CComModule@ATL@@UAGJPB_WHPAU_ATL_REGMAP_ENTRY@2@@Z 10002c69 f i MotionSensor.obj
 0001:00001c72       ?UpdateRegistryFromResource@CComModule@ATL@@UAGJIHPAU_ATL_REGMAP_ENTRY@2@@Z 10002c72 f i MotionSensor.obj
 0001:00001c7b       ?AddRef@?$CComObjectCached@VCComClassFactory@ATL@@@ATL@@UAGKXZ 10002c7b f i MotionSensor.obj
 0001:00001ca2       ?Release@?$CComObjectCached@VCComClassFactory@ATL@@@ATL@@UAGKXZ 10002ca2 f i MotionSensor.obj
 0001:00001cd8       ?QueryInterface@?$CComObjectCached@VCComClassFactory@ATL@@@ATL@@UAGJABU_GUID@@PAPAX@Z 10002cd8 f i MotionSensor.obj
 0001:00001cf2       ??_G?$CComObjectCached@VCComClassFactory@ATL@@@ATL@@UAEPAXI@Z 10002cf2 f i MotionSensor.obj
 0001:00001cf2       ??_E?$CComObjectCached@VCComClassFactory@ATL@@@ATL@@UAEPAXI@Z 10002cf2 f i MotionSensor.obj
 0001:00001d14       ??_ECComModule@ATL@@UAEPAXI@Z 10002d14 f i MotionSensor.obj
 0001:00001d14       ??_GCComModule@ATL@@UAEPAXI@Z 10002d14 f i MotionSensor.obj
 0001:00001d3c       ?Next@?$CComEnumImpl@UIEnumConnectionPoints@@$1?_GUID_b196b285_bab4_101a_b69c_00aa00341d07@@3U__s_GUID@@BPAUIConnectionPoint@@V?$_CopyInterface@UIConnectionPoint@@@ATL@@@ATL@@UAGJKPAPAUIConnectionPoint@@PAK@Z 10002d3c f i MotionSensor.obj
 0001:00001e13       ?Skip@?$CComEnumImpl@UIEnumConnectionPoints@@$1?_GUID_b196b285_bab4_101a_b69c_00aa00341d07@@3U__s_GUID@@BPAUIConnectionPoint@@V?$_CopyInterface@UIConnectionPoint@@@ATL@@@ATL@@UAGJK@Z 10002e13 f i MotionSensor.obj
 0001:00001e40       ?Reset@?$CComEnumImpl@UIEnumConnections@@$1?_GUID_b196b287_bab4_101a_b69c_00aa00341d07@@3U__s_GUID@@BUtagCONNECTDATA@@V?$_Copy@UtagCONNECTDATA@@@ATL@@@ATL@@UAGJXZ 10002e40 f i MotionSensor.obj
 0001:00001e40       ?Reset@?$CComEnumImpl@UIEnumConnectionPoints@@$1?_GUID_b196b285_bab4_101a_b69c_00aa00341d07@@3U__s_GUID@@BPAUIConnectionPoint@@V?$_CopyInterface@UIConnectionPoint@@@ATL@@@ATL@@UAGJXZ 10002e40 f i MotionSensor.obj
 0001:00001e52       ?Clone@?$CComEnumImpl@UIEnumConnectionPoints@@$1?_GUID_b196b285_bab4_101a_b69c_00aa00341d07@@3U__s_GUID@@BPAUIConnectionPoint@@V?$_CopyInterface@UIConnectionPoint@@@ATL@@@ATL@@UAGJPAPAUIEnumConnectionPoints@@@Z 10002e52 f i MotionSensor.obj
 0001:00001f33       ?AddRef@?$CComObject@V?$CComEnum@UIEnumConnectionPoints@@$1?_GUID_b196b285_bab4_101a_b69c_00aa00341d07@@3U__s_GUID@@BPAUIConnectionPoint@@V?$_CopyInterface@UIConnectionPoint@@@ATL@@VCComSingleThreadModel@6@@ATL@@@ATL@@UAGKXZ 10002f33 f i MotionSensor.obj
 0001:00001f33       ?AddRef@?$CComObject@V?$CComEnum@UIEnumConnections@@$1?_GUID_b196b287_bab4_101a_b69c_00aa00341d07@@3U__s_GUID@@BUtagCONNECTDATA@@V?$_Copy@UtagCONNECTDATA@@@ATL@@VCComSingleThreadModel@6@@ATL@@@ATL@@UAGKXZ 10002f33 f i MotionSensor.obj
 0001:00001f44       ?Release@?$CComObject@V?$CComEnum@UIEnumConnections@@$1?_GUID_b196b287_bab4_101a_b69c_00aa00341d07@@3U__s_GUID@@BUtagCONNECTDATA@@V?$_Copy@UtagCONNECTDATA@@@ATL@@VCComSingleThreadModel@6@@ATL@@@ATL@@UAGKXZ 10002f44 f i MotionSensor.obj
 0001:00001f44       ?Release@?$CComObject@V?$CComEnum@UIEnumConnectionPoints@@$1?_GUID_b196b285_bab4_101a_b69c_00aa00341d07@@3U__s_GUID@@BPAUIConnectionPoint@@V?$_CopyInterface@UIConnectionPoint@@@ATL@@VCComSingleThreadModel@6@@ATL@@@ATL@@UAGKXZ 10002f44 f i MotionSensor.obj
 0001:00001f80       ?QueryInterface@?$CComObject@V?$CComEnum@UIEnumConnectionPoints@@$1?_GUID_b196b285_bab4_101a_b69c_00aa00341d07@@3U__s_GUID@@BPAUIConnectionPoint@@V?$_CopyInterface@UIConnectionPoint@@@ATL@@VCComSingleThreadModel@6@@ATL@@@ATL@@UAGJABU_GUID@@PAPAX@Z 10002f80 f i MotionSensor.obj
 0001:00001f9a       ??_G?$CComObject@V?$CComEnum@UIEnumConnectionPoints@@$1?_GUID_b196b285_bab4_101a_b69c_00aa00341d07@@3U__s_GUID@@BPAUIConnectionPoint@@V?$_CopyInterface@UIConnectionPoint@@@ATL@@VCComSingleThreadModel@6@@ATL@@@ATL@@UAEPAXI@Z 10002f9a f i MotionSensor.obj
 0001:00001f9a       ??_E?$CComObject@V?$CComEnum@UIEnumConnectionPoints@@$1?_GUID_b196b285_bab4_101a_b69c_00aa00341d07@@3U__s_GUID@@BPAUIConnectionPoint@@V?$_CopyInterface@UIConnectionPoint@@@ATL@@VCComSingleThreadModel@6@@ATL@@@ATL@@UAEPAXI@Z 10002f9a f i MotionSensor.obj
 0001:00001fbc       ?AddRef@CRegObject@ATL@@UAGKXZ 10002fbc f i MotionSensor.obj
 0001:00001fc2       ?AddReplacement@CRegObject@ATL@@UAGJPB_W0@Z 10002fc2 f i MotionSensor.obj
 0001:00001ffb       ?ClearReplacements@CRegObject@ATL@@UAGJXZ 10002ffb f i MotionSensor.obj
 0001:0000200d       ??_ECRegObject@ATL@@UAEPAXI@Z 1000300d f i MotionSensor.obj
 0001:0000200d       ??_GCRegObject@ATL@@UAEPAXI@Z 1000300d f i MotionSensor.obj
 0001:0000202f       ?AddRef@?$CComAggObject@VCOPOSMotionSensor@@@ATL@@UAGKXZ 1000302f f i MotionSensor.obj
 0001:00002040       ?Release@?$CComAggObject@VCOPOSMotionSensor@@@ATL@@UAGKXZ 10003040 f i MotionSensor.obj
 0001:0000207c       ?QueryInterface@?$CComAggObject@VCOPOSMotionSensor@@@ATL@@UAGJABU_GUID@@PAPAX@Z 1000307c f i MotionSensor.obj
 0001:000020cb       ?AddRef@?$CComContainedObject@VCOPOSMotionSensor@@@ATL@@UAGKXZ 100030cb f i MotionSensor.obj
 0001:000020e1       ?Release@?$CComContainedObject@VCOPOSMotionSensor@@@ATL@@UAGKXZ 100030e1 f i MotionSensor.obj
 0001:000020f7       ?QueryInterface@?$CComContainedObject@VCOPOSMotionSensor@@@ATL@@UAGJABU_GUID@@PAPAX@Z 100030f7 f i MotionSensor.obj
 0001:00002112       ??_G?$CComAggObject@VCOPOSMotionSensor@@@ATL@@UAEPAXI@Z 10003112 f i MotionSensor.obj
 0001:00002112       ??_E?$CComAggObject@VCOPOSMotionSensor@@@ATL@@UAEPAXI@Z 10003112 f i MotionSensor.obj
 0001:00002137       ?AddRef@?$CComObject@VCOPOSMotionSensor@@@ATL@@UAGKXZ 10003137 f i MotionSensor.obj
 0001:0000214e       ?Release@?$CComObject@VCOPOSMotionSensor@@@ATL@@UAGKXZ 1000314e f i MotionSensor.obj
 0001:00002190       ?QueryInterface@?$CComObject@VCOPOSMotionSensor@@@ATL@@UAGJABU_GUID@@PAPAX@Z 10003190 f i MotionSensor.obj
 0001:000021aa       ?OnDrawAdvanced@CComControlBase@ATL@@UAEJAAUATL_DRAWINFO@@@Z 100031aa f i MotionSensor.obj
 0001:0000229d       ?Next@?$CComEnumImpl@UIEnumConnections@@$1?_GUID_b196b287_bab4_101a_b69c_00aa00341d07@@3U__s_GUID@@BUtagCONNECTDATA@@V?$_Copy@UtagCONNECTDATA@@@ATL@@@ATL@@UAGJKPAUtagCONNECTDATA@@PAK@Z 1000329d f i MotionSensor.obj
 0001:00002374       ?Skip@?$CComEnumImpl@UIEnumConnections@@$1?_GUID_b196b287_bab4_101a_b69c_00aa00341d07@@3U__s_GUID@@BUtagCONNECTDATA@@V?$_Copy@UtagCONNECTDATA@@@ATL@@@ATL@@UAGJK@Z 10003374 f i MotionSensor.obj
 0001:000023a1       ?Clone@?$CComEnumImpl@UIEnumConnections@@$1?_GUID_b196b287_bab4_101a_b69c_00aa00341d07@@3U__s_GUID@@BUtagCONNECTDATA@@V?$_Copy@UtagCONNECTDATA@@@ATL@@@ATL@@UAGJPAPAUIEnumConnections@@@Z 100033a1 f i MotionSensor.obj
 0001:00002482       ?QueryInterface@?$CComObject@V?$CComEnum@UIEnumConnections@@$1?_GUID_b196b287_bab4_101a_b69c_00aa00341d07@@3U__s_GUID@@BUtagCONNECTDATA@@V?$_Copy@UtagCONNECTDATA@@@ATL@@VCComSingleThreadModel@6@@ATL@@@ATL@@UAGJABU_GUID@@PAPAX@Z 10003482 f i MotionSensor.obj
 0001:0000249c       ??_G?$CComObject@V?$CComEnum@UIEnumConnections@@$1?_GUID_b196b287_bab4_101a_b69c_00aa00341d07@@3U__s_GUID@@BUtagCONNECTDATA@@V?$_Copy@UtagCONNECTDATA@@@ATL@@VCComSingleThreadModel@6@@ATL@@@ATL@@UAEPAXI@Z 1000349c f i MotionSensor.obj
 0001:0000249c       ??_E?$CComObject@V?$CComEnum@UIEnumConnections@@$1?_GUID_b196b287_bab4_101a_b69c_00aa00341d07@@3U__s_GUID@@BUtagCONNECTDATA@@V?$_Copy@UtagCONNECTDATA@@@ATL@@VCComSingleThreadModel@6@@ATL@@@ATL@@UAEPAXI@Z 1000349c f i MotionSensor.obj
 0001:000024be       ??_E?$CComObject@VCOPOSMotionSensor@@@ATL@@W3AEPAXI@Z 100034be f i MotionSensor.obj
 0001:000024c6       ??_E?$CComObject@VCOPOSMotionSensor@@@ATL@@WEM@AEPAXI@Z 100034c6 f i MotionSensor.obj
 0001:000024ce       ?QueryInterface@?$CComObject@VCOPOSMotionSensor@@@ATL@@WHA@AGJABU_GUID@@PAPAX@Z 100034ce f i MotionSensor.obj
 0001:000024d8       ?AddRef@?$CComObject@VCOPOSMotionSensor@@@ATL@@WHA@AGKXZ 100034d8 f i MotionSensor.obj
 0001:000024e2       ?Release@?$CComObject@VCOPOSMotionSensor@@@ATL@@WHA@AGKXZ 100034e2 f i MotionSensor.obj
 0001:000024ec       ?QueryInterface@?$CComObject@VCOPOSMotionSensor@@@ATL@@WHE@AGJABU_GUID@@PAPAX@Z 100034ec f i MotionSensor.obj
 0001:000024f6       ?AddRef@?$CComObject@VCOPOSMotionSensor@@@ATL@@WHE@AGKXZ 100034f6 f i MotionSensor.obj
 0001:00002500       ?Release@?$CComObject@VCOPOSMotionSensor@@@ATL@@WHE@AGKXZ 10003500 f i MotionSensor.obj
 0001:0000250a       ?QueryInterface@?$CComObject@VCOPOSMotionSensor@@@ATL@@WHI@AGJABU_GUID@@PAPAX@Z 1000350a f i MotionSensor.obj
 0001:00002514       ?AddRef@?$CComObject@VCOPOSMotionSensor@@@ATL@@WHI@AGKXZ 10003514 f i MotionSensor.obj
 0001:0000251e       ?Release@?$CComObject@VCOPOSMotionSensor@@@ATL@@WHI@AGKXZ 1000351e f i MotionSensor.obj
 0001:00002528       ?QueryInterface@?$CComObject@VCOPOSMotionSensor@@@ATL@@WHM@AGJABU_GUID@@PAPAX@Z 10003528 f i MotionSensor.obj
 0001:00002532       ?AddRef@?$CComObject@VCOPOSMotionSensor@@@ATL@@WHM@AGKXZ 10003532 f i MotionSensor.obj
 0001:0000253c       ?Release@?$CComObject@VCOPOSMotionSensor@@@ATL@@WHM@AGKXZ 1000353c f i MotionSensor.obj
 0001:00002546       ?QueryInterface@?$CComObject@VCOPOSMotionSensor@@@ATL@@WIA@AGJABU_GUID@@PAPAX@Z 10003546 f i MotionSensor.obj
 0001:00002553       ?AddRef@?$CComObject@VCOPOSMotionSensor@@@ATL@@WIA@AGKXZ 10003553 f i MotionSensor.obj
 0001:00002560       ?Release@?$CComObject@VCOPOSMotionSensor@@@ATL@@WIA@AGKXZ 10003560 f i MotionSensor.obj
 0001:0000256d       ?QueryInterface@?$CComObject@VCOPOSMotionSensor@@@ATL@@WIE@AGJABU_GUID@@PAPAX@Z 1000356d f i MotionSensor.obj
 0001:0000257a       ?AddRef@?$CComObject@VCOPOSMotionSensor@@@ATL@@WIE@AGKXZ 1000357a f i MotionSensor.obj
 0001:00002587       ?Release@?$CComObject@VCOPOSMotionSensor@@@ATL@@WIE@AGKXZ 10003587 f i MotionSensor.obj
 0001:00002594       ?QueryInterface@?$CComObject@VCOPOSMotionSensor@@@ATL@@WII@AGJABU_GUID@@PAPAX@Z 10003594 f i MotionSensor.obj
 0001:000025a1       ?AddRef@?$CComObject@VCOPOSMotionSensor@@@ATL@@WII@AGKXZ 100035a1 f i MotionSensor.obj
 0001:000025ae       ?Release@?$CComObject@VCOPOSMotionSensor@@@ATL@@WII@AGKXZ 100035ae f i MotionSensor.obj
 0001:000025bb       ?QueryInterface@?$CComObject@VCOPOSMotionSensor@@@ATL@@WIM@AGJABU_GUID@@PAPAX@Z 100035bb f i MotionSensor.obj
 0001:000025c8       ?AddRef@?$CComObject@VCOPOSMotionSensor@@@ATL@@WIM@AGKXZ 100035c8 f i MotionSensor.obj
 0001:000025d5       ?Release@?$CComObject@VCOPOSMotionSensor@@@ATL@@WIM@AGKXZ 100035d5 f i MotionSensor.obj
 0001:000025e2       ?QueryInterface@?$CComObject@VCOPOSMotionSensor@@@ATL@@WJA@AGJABU_GUID@@PAPAX@Z 100035e2 f i MotionSensor.obj
 0001:000025ef       ?AddRef@?$CComObject@VCOPOSMotionSensor@@@ATL@@WJA@AGKXZ 100035ef f i MotionSensor.obj
 0001:000025fc       ?Release@?$CComObject@VCOPOSMotionSensor@@@ATL@@WJA@AGKXZ 100035fc f i MotionSensor.obj
 0001:00002609       ?QueryInterface@?$CComObject@VCOPOSMotionSensor@@@ATL@@WJE@AGJABU_GUID@@PAPAX@Z 10003609 f i MotionSensor.obj
 0001:00002616       ?AddRef@?$CComObject@VCOPOSMotionSensor@@@ATL@@WJE@AGKXZ 10003616 f i MotionSensor.obj
 0001:00002623       ?Release@?$CComObject@VCOPOSMotionSensor@@@ATL@@WJE@AGKXZ 10003623 f i MotionSensor.obj
 0001:00002630       ?QueryInterface@?$CComObject@VCOPOSMotionSensor@@@ATL@@WJI@AGJABU_GUID@@PAPAX@Z 10003630 f i MotionSensor.obj
 0001:0000263d       ?AddRef@?$CComObject@VCOPOSMotionSensor@@@ATL@@WJI@AGKXZ 1000363d f i MotionSensor.obj
 0001:0000264a       ?Release@?$CComObject@VCOPOSMotionSensor@@@ATL@@WJI@AGKXZ 1000364a f i MotionSensor.obj
 0001:00002657       ?QueryInterface@?$CComObject@VCOPOSMotionSensor@@@ATL@@WJM@AGJABU_GUID@@PAPAX@Z 10003657 f i MotionSensor.obj
 0001:00002664       ?AddRef@?$CComObject@VCOPOSMotionSensor@@@ATL@@WJM@AGKXZ 10003664 f i MotionSensor.obj
 0001:00002671       ?Release@?$CComObject@VCOPOSMotionSensor@@@ATL@@WJM@AGKXZ 10003671 f i MotionSensor.obj
 0001:0000267e       ?QueryInterface@?$CComObject@VCOPOSMotionSensor@@@ATL@@WKA@AGJABU_GUID@@PAPAX@Z 1000367e f i MotionSensor.obj
 0001:0000268b       ?AddRef@?$CComObject@VCOPOSMotionSensor@@@ATL@@WKA@AGKXZ 1000368b f i MotionSensor.obj
 0001:00002698       ?Release@?$CComObject@VCOPOSMotionSensor@@@ATL@@WKA@AGKXZ 10003698 f i MotionSensor.obj
 0001:000026a5       ?AddRef@?$CComObject@VCOPOSMotionSensor@@@ATL@@WKI@AGKXZ 100036a5 f i MotionSensor.obj
 0001:000026b2       ?Release@?$CComObject@VCOPOSMotionSensor@@@ATL@@WKI@AGKXZ 100036b2 f i MotionSensor.obj
 0001:000026bf       ?AddRef@?$CComObject@VCOPOSMotionSensor@@@ATL@@WLE@AGKXZ 100036bf f i MotionSensor.obj
 0001:000026cc       ?Release@?$CComObject@VCOPOSMotionSensor@@@ATL@@WLE@AGKXZ 100036cc f i MotionSensor.obj
 0001:000026d9       ??_E?$CComContainedObject@VCOPOSMotionSensor@@@ATL@@W3AEPAXI@Z 100036d9 f i MotionSensor.obj
 0001:000026e1       ??_E?$CComContainedObject@VCOPOSMotionSensor@@@ATL@@WEM@AEPAXI@Z 100036e1 f i MotionSensor.obj
 0001:000026e9       ?QueryInterface@?$CComContainedObject@VCOPOSMotionSensor@@@ATL@@WHA@AGJABU_GUID@@PAPAX@Z 100036e9 f i MotionSensor.obj
 0001:000026f3       ?AddRef@?$CComContainedObject@VCOPOSMotionSensor@@@ATL@@WHA@AGKXZ 100036f3 f i MotionSensor.obj
 0001:000026fd       ?Release@?$CComContainedObject@VCOPOSMotionSensor@@@ATL@@WHA@AGKXZ 100036fd f i MotionSensor.obj
 0001:00002707       ?QueryInterface@?$CComContainedObject@VCOPOSMotionSensor@@@ATL@@WHE@AGJABU_GUID@@PAPAX@Z 10003707 f i MotionSensor.obj
 0001:00002711       ?AddRef@?$CComContainedObject@VCOPOSMotionSensor@@@ATL@@WHE@AGKXZ 10003711 f i MotionSensor.obj
 0001:0000271b       ?Release@?$CComContainedObject@VCOPOSMotionSensor@@@ATL@@WHE@AGKXZ 1000371b f i MotionSensor.obj
 0001:00002725       ?QueryInterface@?$CComContainedObject@VCOPOSMotionSensor@@@ATL@@WHI@AGJABU_GUID@@PAPAX@Z 10003725 f i MotionSensor.obj
 0001:0000272f       ?AddRef@?$CComContainedObject@VCOPOSMotionSensor@@@ATL@@WHI@AGKXZ 1000372f f i MotionSensor.obj
 0001:00002739       ?Release@?$CComContainedObject@VCOPOSMotionSensor@@@ATL@@WHI@AGKXZ 10003739 f i MotionSensor.obj
 0001:00002743       ?QueryInterface@?$CComContainedObject@VCOPOSMotionSensor@@@ATL@@WHM@AGJABU_GUID@@PAPAX@Z 10003743 f i MotionSensor.obj
 0001:0000274d       ?AddRef@?$CComContainedObject@VCOPOSMotionSensor@@@ATL@@WHM@AGKXZ 1000374d f i MotionSensor.obj
 0001:00002757       ?Release@?$CComContainedObject@VCOPOSMotionSensor@@@ATL@@WHM@AGKXZ 10003757 f i MotionSensor.obj
 0001:00002761       ?QueryInterface@?$CComContainedObject@VCOPOSMotionSensor@@@ATL@@WIA@AGJABU_GUID@@PAPAX@Z 10003761 f i MotionSensor.obj
 0001:0000276e       ?AddRef@?$CComContainedObject@VCOPOSMotionSensor@@@ATL@@WIA@AGKXZ 1000376e f i MotionSensor.obj
 0001:0000277b       ?Release@?$CComContainedObject@VCOPOSMotionSensor@@@ATL@@WIA@AGKXZ 1000377b f i MotionSensor.obj
 0001:00002788       ?QueryInterface@?$CComContainedObject@VCOPOSMotionSensor@@@ATL@@WIE@AGJABU_GUID@@PAPAX@Z 10003788 f i MotionSensor.obj
 0001:00002795       ?AddRef@?$CComContainedObject@VCOPOSMotionSensor@@@ATL@@WIE@AGKXZ 10003795 f i MotionSensor.obj
 0001:000027a2       ?Release@?$CComContainedObject@VCOPOSMotionSensor@@@ATL@@WIE@AGKXZ 100037a2 f i MotionSensor.obj
 0001:000027af       ?QueryInterface@?$CComContainedObject@VCOPOSMotionSensor@@@ATL@@WII@AGJABU_GUID@@PAPAX@Z 100037af f i MotionSensor.obj
 0001:000027bc       ?AddRef@?$CComContainedObject@VCOPOSMotionSensor@@@ATL@@WII@AGKXZ 100037bc f i MotionSensor.obj
 0001:000027c9       ?Release@?$CComContainedObject@VCOPOSMotionSensor@@@ATL@@WII@AGKXZ 100037c9 f i MotionSensor.obj
 0001:000027d6       ?QueryInterface@?$CComContainedObject@VCOPOSMotionSensor@@@ATL@@WIM@AGJABU_GUID@@PAPAX@Z 100037d6 f i MotionSensor.obj
 0001:000027e3       ?AddRef@?$CComContainedObject@VCOPOSMotionSensor@@@ATL@@WIM@AGKXZ 100037e3 f i MotionSensor.obj
 0001:000027f0       ?Release@?$CComContainedObject@VCOPOSMotionSensor@@@ATL@@WIM@AGKXZ 100037f0 f i MotionSensor.obj
 0001:000027fd       ?QueryInterface@?$CComContainedObject@VCOPOSMotionSensor@@@ATL@@WJA@AGJABU_GUID@@PAPAX@Z 100037fd f i MotionSensor.obj
 0001:0000280a       ?AddRef@?$CComContainedObject@VCOPOSMotionSensor@@@ATL@@WJA@AGKXZ 1000380a f i MotionSensor.obj
 0001:00002817       ?Release@?$CComContainedObject@VCOPOSMotionSensor@@@ATL@@WJA@AGKXZ 10003817 f i MotionSensor.obj
 0001:00002824       ?QueryInterface@?$CComContainedObject@VCOPOSMotionSensor@@@ATL@@WJE@AGJABU_GUID@@PAPAX@Z 10003824 f i MotionSensor.obj
 0001:00002831       ?AddRef@?$CComContainedObject@VCOPOSMotionSensor@@@ATL@@WJE@AGKXZ 10003831 f i MotionSensor.obj
 0001:0000283e       ?Release@?$CComContainedObject@VCOPOSMotionSensor@@@ATL@@WJE@AGKXZ 1000383e f i MotionSensor.obj
 0001:0000284b       ?QueryInterface@?$CComContainedObject@VCOPOSMotionSensor@@@ATL@@WJI@AGJABU_GUID@@PAPAX@Z 1000384b f i MotionSensor.obj
 0001:00002858       ?AddRef@?$CComContainedObject@VCOPOSMotionSensor@@@ATL@@WJI@AGKXZ 10003858 f i MotionSensor.obj
 0001:00002865       ?Release@?$CComContainedObject@VCOPOSMotionSensor@@@ATL@@WJI@AGKXZ 10003865 f i MotionSensor.obj
 0001:00002872       ?QueryInterface@?$CComContainedObject@VCOPOSMotionSensor@@@ATL@@WJM@AGJABU_GUID@@PAPAX@Z 10003872 f i MotionSensor.obj
 0001:0000287f       ?AddRef@?$CComContainedObject@VCOPOSMotionSensor@@@ATL@@WJM@AGKXZ 1000387f f i MotionSensor.obj
 0001:0000288c       ?Release@?$CComContainedObject@VCOPOSMotionSensor@@@ATL@@WJM@AGKXZ 1000388c f i MotionSensor.obj
 0001:00002899       ?QueryInterface@?$CComContainedObject@VCOPOSMotionSensor@@@ATL@@WKA@AGJABU_GUID@@PAPAX@Z 10003899 f i MotionSensor.obj
 0001:000028a6       ?AddRef@?$CComContainedObject@VCOPOSMotionSensor@@@ATL@@WKA@AGKXZ 100038a6 f i MotionSensor.obj
 0001:000028b3       ?Release@?$CComContainedObject@VCOPOSMotionSensor@@@ATL@@WKA@AGKXZ 100038b3 f i MotionSensor.obj
 0001:000028c0       ?AddRef@?$CComContainedObject@VCOPOSMotionSensor@@@ATL@@WKI@AGKXZ 100038c0 f i MotionSensor.obj
 0001:000028cd       ?Release@?$CComContainedObject@VCOPOSMotionSensor@@@ATL@@WKI@AGKXZ 100038cd f i MotionSensor.obj
 0001:000028da       ?AddRef@?$CComContainedObject@VCOPOSMotionSensor@@@ATL@@WLE@AGKXZ 100038da f i MotionSensor.obj
 0001:000028e7       ?Release@?$CComContainedObject@VCOPOSMotionSensor@@@ATL@@WLE@AGKXZ 100038e7 f i MotionSensor.obj
 0001:000028f4       ??$?4UITypeInfo2@@@?$CComPtr@UITypeInfo@@@ATL@@QAEPAUITypeInfo@@ABV?$CComPtr@UITypeInfo2@@@1@@Z 100038f4 f i MotionSensor.obj
 0001:00002921       ??$AtlAdd@K@ATL@@YAJPAKKK@Z 10003921 f i MotionSensor.obj
 0001:00002944       ??$AtlAdd@_K@ATL@@YAJPA_K_K1@Z 10003944 f i MotionSensor.obj
 0001:0000297c       ??$AtlAddThrow@K@ATL@@YAKKK@Z 1000397c f i MotionSensor.obj
 0001:000029a2       ??$AtlModuleRegisterWndClassInfoT@VAtlModuleRegisterWndClassInfoParamW@ATL@@@ATL@@YAGPAU_ATL_BASE_MODULE70@0@PAU_ATL_WIN_MODULE70@0@PAU_ATL_WNDCLASSINFOW@0@PAP6GJPAUHWND__@@IIJ@ZVAtlModuleRegisterWndClassInfoParamW@0@@Z 100039a2 f i MotionSensor.obj
 0001:00002af0       ??$AtlMultiply@H@ATL@@YAJPAHHH@Z 10003af0 f i MotionSensor.obj
 0001:00002b28       ??$AtlMultiply@I@ATL@@YAJPAIII@Z 10003b28 f i MotionSensor.obj
 0001:00002b28       ??$AtlMultiply@K@ATL@@YAJPAKKK@Z 10003b28 f i MotionSensor.obj
 0001:00002b4a       ??$AtlMultiplyThrow@I@ATL@@YAIII@Z 10003b4a f i MotionSensor.obj
 0001:00002b70       ??0?$CComAggObject@VCOPOSMotionSensor@@@ATL@@QAE@PAX@Z 10003b70 f i MotionSensor.obj
 0001:00002b9d       ??0?$CComContainedObject@VCOPOSMotionSensor@@@ATL@@QAE@PAX@Z 10003b9d f i MotionSensor.obj
 0001:00002c56       ??0?$CComObject@V?$CComEnum@UIEnumConnectionPoints@@$1?_GUID_b196b285_bab4_101a_b69c_00aa00341d07@@3U__s_GUID@@BPAUIConnectionPoint@@V?$_CopyInterface@UIConnectionPoint@@@ATL@@VCComSingleThreadModel@6@@ATL@@@ATL@@QAE@PAX@Z 10003c56 f i MotionSensor.obj
 0001:00002c84       ??0?$CComObject@V?$CComEnum@UIEnumConnections@@$1?_GUID_b196b287_bab4_101a_b69c_00aa00341d07@@3U__s_GUID@@BUtagCONNECTDATA@@V?$_Copy@UtagCONNECTDATA@@@ATL@@VCComSingleThreadModel@6@@ATL@@@ATL@@QAE@PAX@Z 10003c84 f i MotionSensor.obj
 0001:00002cb2       ??0?$CComObject@VCOPOSMotionSensor@@@ATL@@QAE@PAX@Z 10003cb2 f i MotionSensor.obj
 0001:00002d69       ??0?$CComQIPtr@UIOleControlSite@@$1?_GUID_b196b289_bab4_101a_b69c_00aa00341d07@@3U__s_GUID@@B@ATL@@QAE@PAUIUnknown@@@Z 10003d69 f i MotionSensor.obj
 0001:00002d92       ??0CAtlModule@ATL@@QAE@XZ  10003d92 f i MotionSensor.obj
 0001:00002dd3       ??0CParseBuffer@CRegParser@ATL@@QAE@H@Z 10003dd3 f i MotionSensor.obj
 0001:00002e09       ??0_ATL_MSG@ATL@@QAE@PAUHWND__@@IIJH@Z 10003e09 f i MotionSensor.obj
 0001:00002e41       ??1?$CComAggObject@VCOPOSMotionSensor@@@ATL@@UAE@XZ 10003e41 f i MotionSensor.obj
 0001:00002e65       ??1?$CComEnumImpl@UIEnumConnectionPoints@@$1?_GUID_b196b285_bab4_101a_b69c_00aa00341d07@@3U__s_GUID@@BPAUIConnectionPoint@@V?$_CopyInterface@UIConnectionPoint@@@ATL@@@ATL@@UAE@XZ 10003e65 f i MotionSensor.obj
 0001:00002ea5       ??1?$CComEnumImpl@UIEnumConnections@@$1?_GUID_b196b287_bab4_101a_b69c_00aa00341d07@@3U__s_GUID@@BUtagCONNECTDATA@@V?$_Copy@UtagCONNECTDATA@@@ATL@@@ATL@@UAE@XZ 10003ea5 f i MotionSensor.obj
 0001:00002ee5       ??1?$CComObject@V?$CComEnum@UIEnumConnectionPoints@@$1?_GUID_b196b285_bab4_101a_b69c_00aa00341d07@@3U__s_GUID@@BPAUIConnectionPoint@@V?$_CopyInterface@UIConnectionPoint@@@ATL@@VCComSingleThreadModel@6@@ATL@@@ATL@@UAE@XZ 10003ee5 f i MotionSensor.obj
 0001:00002f08       ??1?$CComObject@V?$CComEnum@UIEnumConnections@@$1?_GUID_b196b287_bab4_101a_b69c_00aa00341d07@@3U__s_GUID@@BUtagCONNECTDATA@@V?$_Copy@UtagCONNECTDATA@@@ATL@@VCComSingleThreadModel@6@@ATL@@@ATL@@UAE@XZ 10003f08 f i MotionSensor.obj
 0001:00002f2b       ??1?$CComObject@VCOPOSMotionSensor@@@ATL@@UAE@XZ 10003f2b f i MotionSensor.obj
 0001:00002fe9       ??1?$CComObjectCached@VCComClassFactory@ATL@@@ATL@@UAE@XZ 10003fe9 f i MotionSensor.obj
 0001:00002fff       ??1?$CComObjectRootEx@VCComMultiThreadModel@ATL@@@ATL@@QAE@XZ 10003fff f i MotionSensor.obj
 0001:00003014       ??1CRegObject@ATL@@UAE@XZ  10004014 f i MotionSensor.obj
 0001:00003034       ??4?$CComPtr@UIAdviseSink@@@ATL@@QAEPAUIAdviseSink@@PAU2@@Z 10004034 f i MotionSensor.obj
 0001:00003034       ??4?$CComPtr@UIUnknown@@@ATL@@QAEPAUIUnknown@@PAU2@@Z 10004034 f i MotionSensor.obj
 0001:00003034       ??4?$CComPtr@UIOleClientSite@@@ATL@@QAEPAUIOleClientSite@@PAU2@@Z 10004034 f i MotionSensor.obj
 0001:00003068       ??_E?$CComContainedObject@VCOPOSMotionSensor@@@ATL@@UAEPAXI@Z 10004068 f i MotionSensor.obj
 0001:00003068       ??_G?$CComContainedObject@VCOPOSMotionSensor@@@ATL@@UAEPAXI@Z 10004068 f i MotionSensor.obj
 0001:0000308d       ??_G?$CComObject@VCOPOSMotionSensor@@@ATL@@UAEPAXI@Z 1000408d f i MotionSensor.obj
 0001:0000308d       ??_E?$CComObject@VCOPOSMotionSensor@@@ATL@@UAEPAXI@Z 1000408d f i MotionSensor.obj
 0001:000030b2       ?Add@?$CSimpleArray@GV?$CSimpleArrayEqualHelper@G@ATL@@@ATL@@QAEHABG@Z 100040b2 f i MotionSensor.obj
 0001:00003136       ?Add@?$CSimpleMap@PA_WPA_WVCExpansionVectorEqualHelper@ATL@@@ATL@@QAEHABQA_W0@Z 10004136 f i MotionSensor.obj
 0001:0000318b       ?Add@CComDynamicUnkArray@ATL@@QAEKPAUIUnknown@@@Z 1000418b f i MotionSensor.obj
 0001:00003241       ?Add@CExpansionVector@ATL@@QAEHPB_W0@Z 10004241 f i MotionSensor.obj
 0001:0000334a       ?AddString@CParseBuffer@CRegParser@ATL@@QAEHPB_W@Z 1000434a f i MotionSensor.obj
 0001:0000337f       ?AddTermFunc@CAtlModule@ATL@@QAEJP6GXK@ZK@Z 1000437f f i MotionSensor.obj
 0001:000033e2       ?AddValue@CRegParser@ATL@@IAEJAAVCRegKey@2@PB_WPA_W@Z 100043e2 f i MotionSensor.obj
 0001:000036fc       ?Allocate@?$CAtlSafeAllocBufferManager@VCCRTAllocator@ATL@@@_ATL_SAFE_ALLOCA_IMPL@ATL@@QAEPAXK@Z 100046fc f i MotionSensor.obj
 0001:00003729       ?Allocate@?$CTempBuffer@E$0BAA@VCCRTAllocator@ATL@@@ATL@@QAEPAEI@Z 10004729 f i MotionSensor.obj
 0001:00003758       ?Allocate@?$CTempBuffer@_W$0BAA@VCCRTAllocator@ATL@@@ATL@@QAEPA_WI@Z 10004758 f i MotionSensor.obj
 0001:00003787       ?Allocate@?$CTempBuffer@_W$0EAA@VCCRTAllocator@ATL@@@ATL@@QAEPA_WI@Z 10004787 f i MotionSensor.obj
 0001:000037b6       ?AllocateHeap@?$CTempBuffer@_W$0EAA@VCCRTAllocator@ATL@@@ATL@@AAEXI@Z 100047b6 f i MotionSensor.obj
 0001:000037b6       ?AllocateHeap@?$CTempBuffer@E$0BAA@VCCRTAllocator@ATL@@@ATL@@AAEXI@Z 100047b6 f i MotionSensor.obj
 0001:000037b6       ?AllocateHeap@?$CTempBuffer@_W$0BAA@VCCRTAllocator@ATL@@@ATL@@AAEXI@Z 100047b6 f i MotionSensor.obj
 0001:000037db       ?Append@CParseBuffer@CRegParser@ATL@@QAEHPB_WH@Z 100047db f i MotionSensor.obj
 0001:00003869       ?AtlCoTaskMemCAlloc@ATL@@YAPAXKK@Z 10004869 f i MotionSensor.obj
 0001:00003896       ?AtlCoTaskMemRecalloc@ATL@@YAPAXPAXKK@Z 10004896 f i MotionSensor.obj
 0001:000038c6       ?AtlComModuleGetClassObject@ATL@@YGJPAU_ATL_COM_MODULE70@1@ABU_GUID@@1PAPAX@Z 100048c6 f i MotionSensor.obj
 0001:000039b9       ?AtlComModuleRegisterServer@ATL@@YGJPAU_ATL_COM_MODULE70@1@HPBU_GUID@@@Z 100049b9 f i MotionSensor.obj
 0001:00003a41       ?AtlComModuleUnregisterServer@ATL@@YGJPAU_ATL_COM_MODULE70@1@HPBU_GUID@@@Z 10004a41 f i MotionSensor.obj
 0001:00003ac9       ?AtlComQIPtrAssign2@ATL@@YAXPAPAUIUnknown@@PAU2@ABU_GUID@@@Z 10004ac9 f i MotionSensor.obj
 0001:00003af8       ?AtlCreateTargetDC@ATL@@YGPAUHDC__@@PAU2@PAUtagDVTARGETDEVICE@@@Z 10004af8 f i MotionSensor.obj
 0001:00003b61       ?AtlCrtErrorCheck@ATL@@YAHH@Z 10004b61 f i MotionSensor.obj
 0001:00003b9c       ?AtlHiMetricToPixel@ATL@@YGXPBUtagSIZE@@PAU2@@Z 10004b9c f i MotionSensor.obj
 0001:00003c11       ?AtlHresultFromLastError@ATL@@YAJXZ 10004c11 f i MotionSensor.obj
 0001:00003c28       ?AtlHresultFromWin32@ATL@@YAJK@Z 10004c28 f i MotionSensor.obj
 0001:00003c3d       ?AtlInternalOleLoadFromStream@ATL@@YAJPAUIStream@@ABU_GUID@@PAPAXTClassesAllowedInStream@1@K@Z 10004c3d f i MotionSensor.obj
 0001:00003d5b       ?AtlInternalQueryInterface@ATL@@YGJPAXPBU_ATL_INTMAP_ENTRY@1@ABU_GUID@@PAPAX@Z 10004d5b f i MotionSensor.obj
 0001:00003dfe       ?AtlLoadTypeLib@ATL@@YGJPAUHINSTANCE__@@PB_WPAPA_WPAPAUITypeLib@@@Z 10004dfe f i MotionSensor.obj
 0001:00003fdc       ?AtlRegisterClassCategoriesHelper@ATL@@YGJABU_GUID@@PBU_ATL_CATMAP_ENTRY@1@H@Z 10004fdc f i MotionSensor.obj
 0001:000042d8       ?AtlRegisterTypeLib@ATL@@YGJPAUHINSTANCE__@@PB_W@Z 100052d8 f i MotionSensor.obj
 0001:00004460       ?AtlThrowImpl@ATL@@YGXJ@Z  10005460 f i MotionSensor.obj
 0001:0000447e       ?AtlUnRegisterTypeLib@ATL@@YGJPAUHINSTANCE__@@PB_W@Z 1000547e f i MotionSensor.obj
 0001:00004529       ?AtlWinModuleAddCreateWndData@ATL@@YGXPAU_ATL_WIN_MODULE70@1@PAU_AtlCreateWndData@1@PAX@Z 10005529 f i MotionSensor.obj
 0001:0000457d       ?AtlWinModuleExtractCreateWndData@ATL@@YGPAXPAU_ATL_WIN_MODULE70@1@@Z 1000557d f i MotionSensor.obj
 0001:000045e0       ?AtlWinModuleRegisterClassExW@ATL@@YGGPAU_ATL_WIN_MODULE70@1@PBUtagWNDCLASSEXW@@@Z 100055e0 f i MotionSensor.obj
 0001:0000461f       ?CanForceRemoveKey@CRegParser@ATL@@IAEHPB_W@Z 1000561f f i MotionSensor.obj
 0001:0000464e       ?ChToByte@CRegParser@ATL@@KAE_W@Z 1000564e f i MotionSensor.obj
 0001:00004681       ?Cleanup@CComTypeInfoHolder@ATL@@SGXK@Z 10005681 f i MotionSensor.obj
 0001:000046b4       ?ClearReplacements@CExpansionVector@ATL@@QAEJXZ 100056b4 f i MotionSensor.obj
 0001:000046f1       ?Close@CRegKey@ATL@@QAEJXZ 100056f1 f i MotionSensor.obj
 0001:0000470b       ?CreateInstance@?$CComCreator@V?$CComAggObject@VCOPOSMotionSensor@@@ATL@@@ATL@@SGJPAXABU_GUID@@PAPAX@Z 1000570b f i MotionSensor.obj
 0001:00004780       ?CreateInstance@?$CComCreator@V?$CComObject@VCOPOSMotionSensor@@@ATL@@@ATL@@SGJPAXABU_GUID@@PAPAX@Z 10005780 f i MotionSensor.obj
 0001:00004800       ?CreateInstance@?$CComObject@V?$CComEnum@UIEnumConnectionPoints@@$1?_GUID_b196b285_bab4_101a_b69c_00aa00341d07@@3U__s_GUID@@BPAUIConnectionPoint@@V?$_CopyInterface@UIConnectionPoint@@@ATL@@VCComSingleThreadModel@6@@ATL@@@ATL@@SGJPAPAV12@@Z 10005800 f i MotionSensor.obj
 0001:0000484a       ?CreateInstance@?$CComObject@V?$CComEnum@UIEnumConnections@@$1?_GUID_b196b287_bab4_101a_b69c_00aa00341d07@@3U__s_GUID@@BUtagCONNECTDATA@@V?$_Copy@UtagCONNECTDATA@@@ATL@@VCComSingleThreadModel@6@@ATL@@@ATL@@SGJPAPAV12@@Z 1000584a f i MotionSensor.obj
 0001:00004894       ?DefaultReflectionHandler@?$CWindowImplRoot@VCWindow@ATL@@@ATL@@SAHPAUHWND__@@IIJAAJ@Z 10005894 f i MotionSensor.obj
 0001:00004907       ?DeleteSubKey@CRegKey@ATL@@QAEJPB_W@Z 10005907 f i MotionSensor.obj
 0001:00004980       ?DoEvent@COPOSMotionSensor@@IAEXIIJ@Z 10005980 f i MotionSensor.obj
 0001:00004a00       ?DoVerbHide@?$IOleObjectImpl@VCOPOSMotionSensor@@@ATL@@QAEJPBUtagRECT@@PAUHWND__@@@Z 10005a00 f i MotionSensor.obj
 0001:00004a36       ?DoVerbInPlaceActivate@?$IOleObjectImpl@VCOPOSMotionSensor@@@ATL@@QAEJPBUtagRECT@@PAUHWND__@@@Z 10005a36 f i MotionSensor.obj
 0001:00004a69       ?DoVerbPrimary@?$IOleObjectImpl@VCOPOSMotionSensor@@@ATL@@QAEJPBUtagRECT@@PAUHWND__@@@Z 10005a69 f i MotionSensor.obj
 0001:00004af5       ?DoVerbProperties@CComControlBase@ATL@@QAEJPBUtagRECT@@PAUHWND__@@@Z 10005af5 f i MotionSensor.obj
 0001:00004c74       ?DoVerbUIActivate@?$IOleObjectImpl@VCOPOSMotionSensor@@@ATL@@QAEJPBUtagRECT@@PAUHWND__@@@Z 10005c74 f i MotionSensor.obj
 0001:00004cb1       ?DoesVerbActivate@CComControlBase@ATL@@QAEHJ@Z 10005cb1 f i MotionSensor.obj
 0001:00004cd2       ?DoesVerbUIActivate@CComControlBase@ATL@@QAEHJ@Z 10005cd2 f i MotionSensor.obj
 0001:00004d07       ?EndOfVar@CRegParser@ATL@@IAEHXZ 10005d07 f i MotionSensor.obj
 0001:00004d27       ?EscapeSingleQuote@CAtlModule@ATL@@SAXPA_WIPB_W@Z 10005d27 f i MotionSensor.obj
 0001:00004d76       ?FindKey@?$CSimpleMap@PA_WPA_WVCExpansionVectorEqualHelper@ATL@@@ATL@@QBEHABQA_W@Z 10005d76 f i MotionSensor.obj
 0001:00004dad       ?FireTheEvent@?$CProxy_IOPOSEvents@VCOPOSMotionSensor@@@@IAEXPAVOposVariant@@IAAJPB_WJ@Z 10005dad f i MotionSensor.obj
 0001:00004e3f       ?FireViewChange@CComControlBase@ATL@@QAEJXZ 10005e3f f i MotionSensor.obj
 0001:00004e88       ?Fire_DirectIOEvent@?$CProxy_IOPOSEvents@VCOPOSMotionSensor@@@@QAEXJPAJPAPA_W@Z 10005e88 f i MotionSensor.obj
 0001:00004f74       ?Fire_StatusUpdateEvent@?$CProxy_IOPOSEvents@VCOPOSMotionSensor@@@@QAEXJ@Z 10005f74 f i MotionSensor.obj
 0001:0000500a       ?FreeHeap@?$CTempBuffer@_W$0EAA@VCCRTAllocator@ATL@@@ATL@@AAEXXZ 1000600a f i MotionSensor.obj
 0001:0000500a       ?FreeHeap@?$CTempBuffer@_W$0BAA@VCCRTAllocator@ATL@@@ATL@@AAEXXZ 1000600a f i MotionSensor.obj
 0001:0000500a       ?FreeHeap@?$CTempBuffer@E$0BAA@VCCRTAllocator@ATL@@@ATL@@AAEXXZ 1000600a f i MotionSensor.obj
 0001:00005013       ?GetAmbientLocaleID@CComControlBase@ATL@@QAEJAAK@Z 10006013 f i MotionSensor.obj
 0001:0000506f       ?GetAmbientUserMode@CComControlBase@ATL@@QAEJAAH@Z 1000606f f i MotionSensor.obj
 0001:000050df       ?GetAt@CComDynamicUnkArray@ATL@@QAEPAUIUnknown@@H@Z 100060df f i MotionSensor.obj
 0001:000050fb       ?GetClassObject@CComModule@ATL@@QAEJABU_GUID@@0PAPAX@Z 100060fb f i MotionSensor.obj
 0001:0000519d       ?GetConnMap@COPOSMotionSensor@@SAPBU_ATL_CONNMAP_ENTRY@ATL@@PAH@Z 1000619d f i MotionSensor.obj
 0001:0000520d       ?GetCookie@CComDynamicUnkArray@ATL@@QAGKPAPAUIUnknown@@@Z 1000620d f i MotionSensor.obj
 0001:00005245       ?GetIDsOfNames@CComTypeInfoHolder@ATL@@QAEJABU_GUID@@PAPA_WIKPAJ@Z 10006245 f i MotionSensor.obj
 0001:0000536c       ?GetKeyAt@?$CSimpleMap@PA_WPA_WVCExpansionVectorEqualHelper@ATL@@@ATL@@QBEAAPA_WH@Z 1000636c f i MotionSensor.obj
 0001:00005391       ?GetPagesHelper@?$ISpecifyPropertyPagesImpl@VCOPOSMotionSensor@@@ATL@@IAEJPAUtagCAUUID@@PBUATL_PROPMAP_ENTRY@2@@Z 10006391 f i MotionSensor.obj
 0001:000054b8       ?GetProperty@?$CComPtr@UIDispatch@@@ATL@@SAJPAUIDispatch@@JPAUtagVARIANT@@@Z 100064b8 f i MotionSensor.obj
 0001:00005507       ?GetSizeMax@CComVariant@ATL@@QBEJPAT_ULARGE_INTEGER@@@Z 10006507 f i MotionSensor.obj
 0001:000056c9       ?GetTI@CComTypeInfoHolder@ATL@@QAEJK@Z 100066c9 f i MotionSensor.obj
 0001:000058a8       ?GetTI@CComTypeInfoHolder@ATL@@QAEJKPAPAUITypeInfo@@@Z 100068a8 f i MotionSensor.obj
 0001:000058ea       ?GetUnknown@CComDynamicUnkArray@ATL@@QAGPAUIUnknown@@K@Z 100068ea f i MotionSensor.obj
 0001:0000590b       ?GetValueAt@?$CSimpleMap@PA_WPA_WVCExpansionVectorEqualHelper@ATL@@@ATL@@QBEAAPA_WH@Z 1000690b f i MotionSensor.obj
 0001:00005931       ?GetZoomInfo@CComControlBase@ATL@@QAEXAAUATL_DRAWINFO@@@Z 10006931 f i MotionSensor.obj
 0001:000059c4       ?HKeyFromString@CRegParser@ATL@@KAPAUHKEY__@@PA_W@Z 100069c4 f i MotionSensor.obj
 0001:000059f2       ?HasSubKeys@CRegParser@ATL@@IAEHPAUHKEY__@@@Z 100069f2 f i MotionSensor.obj
 0001:00005a27       ?IDataObject_GetData@CComControlBase@ATL@@QAEJPAUtagFORMATETC@@PAUtagSTGMEDIUM@@@Z 10006a27 f i MotionSensor.obj
 0001:00005bcd       ?IOleInPlaceObject_InPlaceDeactivate@CComControlBase@ATL@@QAEJXZ 10006bcd f i MotionSensor.obj
 0001:00005c54       ?IOleInPlaceObject_SetObjectRects@CComControlBase@ATL@@QAEJPBUtagRECT@@0@Z 10006c54 f i MotionSensor.obj
 0001:00005d21       ?IOleInPlaceObject_UIDeactivate@CComControlBase@ATL@@QAEJXZ 10006d21 f i MotionSensor.obj
 0001:00005de3       ?IOleObject_Advise@CComControlBase@ATL@@QAEJPAUIAdviseSink@@PAK@Z 10006de3 f i MotionSensor.obj
 0001:00005e0d       ?IOleObject_Close@CComControlBase@ATL@@QAEJK@Z 10006e0d f i MotionSensor.obj
 0001:00005ef1       ?IOleObject_GetClientSite@CComControlBase@ATL@@QAEJPAPAUIOleClientSite@@@Z 10006ef1 f i MotionSensor.obj
 0001:00005f1a       ?IOleObject_SetClientSite@CComControlBase@ATL@@QAEJPAUIOleClientSite@@@Z 10006f1a f i MotionSensor.obj
 0001:00005f59       ?IOleObject_SetExtent@CComControlBase@ATL@@QAEJKPAUtagSIZE@@@Z 10006f59 f i MotionSensor.obj
 0001:0000600d       ?IPSI_GetIPersistStreamInit@?$IPersistStorageImpl@VCOPOSMotionSensor@@@ATL@@AAEPAUIPersistStreamInit@@XZ 1000700d f i MotionSensor.obj
 0001:000060b5       ?IPersistStreamInit_Load@?$IPersistStreamInitImpl@VCOPOSMotionSensor@@@ATL@@QAEJPAUIStream@@PBUATL_PROPMAP_ENTRY@2@@Z 100070b5 f i MotionSensor.obj
 0001:0000632a       ?IPersistStreamInit_Save@?$IPersistStreamInitImpl@VCOPOSMotionSensor@@@ATL@@QAEJPAUIStream@@HPBUATL_PROPMAP_ENTRY@2@@Z 1000732a f i MotionSensor.obj
 0001:00006518       ?IQuickActivate_QuickActivate@CComControlBase@ATL@@QAEJPAUtagQACONTAINER@@PAUtagQACONTROL@@@Z 10007518 f i MotionSensor.obj
 0001:0000675a       ?IViewObject_Draw@CComControlBase@ATL@@QAEJKJPAXPAUtagDVTARGETDEVICE@@PAUHDC__@@2PBU_RECTL@@3@Z 1000775a f i MotionSensor.obj
 0001:00006802       ?InPlaceActivate@CComControlBase@ATL@@QAEJJPBUtagRECT@@@Z 10007802 f i MotionSensor.obj
 0001:00006a73       ?Init@?$CComEnumImpl@UIEnumConnectionPoints@@$1?_GUID_b196b285_bab4_101a_b69c_00aa00341d07@@3U__s_GUID@@BPAUIConnectionPoint@@V?$_CopyInterface@UIConnectionPoint@@@ATL@@@ATL@@QAEJPAPAUIConnectionPoint@@0PAUIUnknown@@W4CComEnumFlags@2@@Z 10007a73 f i MotionSensor.obj
 0001:00006b52       ?Init@?$CComEnumImpl@UIEnumConnections@@$1?_GUID_b196b287_bab4_101a_b69c_00aa00341d07@@3U__s_GUID@@BUtagCONNECTDATA@@V?$_Copy@UtagCONNECTDATA@@@ATL@@@ATL@@QAEJPAUtagCONNECTDATA@@0PAUIUnknown@@W4CComEnumFlags@2@@Z 10007b52 f i MotionSensor.obj
 0001:00006c31       ?Init@CComModule@ATL@@QAEJPAU_ATL_OBJMAP_ENTRY30@2@PAUHINSTANCE__@@PBU_GUID@@@Z 10007c31 f i MotionSensor.obj
 0001:00006c90       ?Init@CDynamicStdCallThunk2@ATL@@QAEHKPAX@Z 10007c90 f i MotionSensor.obj
 0001:00006cbb       ?InlineIsEqualUnknown@ATL@@YGHABU_GUID@@@Z 10007cbb f i MotionSensor.obj
 0001:00006ce3       ?InternalSetAtIndex@?$CSimpleMap@PA_WPA_WVCExpansionVectorEqualHelper@ATL@@@ATL@@QAEXHABQA_W0@Z 10007ce3 f i MotionSensor.obj
 0001:00006d0d       ?Invoke@CComTypeInfoHolder@ATL@@QAEJPAUIDispatch@@JABU_GUID@@KGPAUtagDISPPARAMS@@PAUtagVARIANT@@PAUtagEXCEPINFO@@PAI@Z 10007d0d f i MotionSensor.obj
 0001:00006d50       ?IsEqualObject@?$CComPtrBase@UITypeInfo@@@ATL@@QAE_NPAUIUnknown@@@Z 10007d50 f i MotionSensor.obj
 0001:00006d50       ?IsEqualObject@?$CComPtrBase@UIOleClientSite@@@ATL@@QAE_NPAUIUnknown@@@Z 10007d50 f i MotionSensor.obj
 0001:00006dbd       ?IsSpace@CRegParser@ATL@@IAEH_W@Z 10007dbd f i MotionSensor.obj
 0001:00006de7       ?LoadNameCache@CComTypeInfoHolder@ATL@@QAEJPAUITypeInfo@@@Z 10007de7 f i MotionSensor.obj
 0001:00006f1c       ?Lookup@?$CSimpleMap@PA_WPA_WVCExpansionVectorEqualHelper@ATL@@@ATL@@QBEPA_WABQA_W@Z 10007f1c f i MotionSensor.obj
 0001:00006f42       ?NextToken@CRegParser@ATL@@IAEJPA_W@Z 10007f42 f i MotionSensor.obj
 0001:0000707a       ?OnKillFocus@CComControlBase@ATL@@QAEJIIJAAH@Z 1000807a f i MotionSensor.obj
 0001:000070d5       ?OnMouseActivate@CComControlBase@ATL@@QAEJIIJAAH@Z 100080d5 f i MotionSensor.obj
 0001:00007143       ?OnPaint@CComControlBase@ATL@@QAEJIIJAAH@Z 10008143 f i MotionSensor.obj
 0001:000071f5       ?OnSetFocus@CComControlBase@ATL@@QAEJIIJAAH@Z 100081f5 f i MotionSensor.obj
 0001:0000727e       ?Open@CRegKey@ATL@@QAEJPAUHKEY__@@PB_WK@Z 1000827e f i MotionSensor.obj
 0001:000072d3       ?PreProcessBuffer@CRegParser@ATL@@QAEJPA_WPAPA_W@Z 100082d3 f i MotionSensor.obj
 0001:00007542       ?ProcessWindowMessage@?$CComControl@VCOPOSMotionSensor@@V?$CWindowImpl@VCOPOSMotionSensor@@VCWindow@ATL@@V?$CWinTraits@$0FGAAAAAA@$0A@@3@@ATL@@@ATL@@UAEHPAUHWND__@@IIJAAJK@Z 10008542 f i MotionSensor.obj
 0001:000075e1       ?ReadFromStream@CComBSTR@ATL@@QAEJPAUIStream@@@Z 100085e1 f i MotionSensor.obj
 0001:00007704       ?ReadFromStream@CComVariant@ATL@@QAEJPAUIStream@@GTClassesAllowedInStream@2@K@Z 10008704 f i MotionSensor.obj
 0001:0000788e       ?RecurseDeleteKey@CRegKey@ATL@@QAEJPB_W@Z 1000888e f i MotionSensor.obj
 0001:0000797c       ?RegCreateKeyExW@CAtlTransactionManager@ATL@@QAEJPAUHKEY__@@PB_WKPA_WKKQAU_SECURITY_ATTRIBUTES@@PAPAU3@PAK@Z 1000897c f i MotionSensor.obj
 0001:000079df       ?RegDeleteKeyW@CAtlTransactionManager@ATL@@QAEJPAUHKEY__@@PB_W@Z 100089df f i MotionSensor.obj
 0001:00007a31       ?RegOpenKeyExW@CAtlTransactionManager@ATL@@QAEJPAUHKEY__@@PB_WKKPAPAU3@@Z 10008a31 f i MotionSensor.obj
 0001:00007a88       ?Register@_ATL_WNDCLASSINFOW@ATL@@QAEGPAP6GJPAUHWND__@@IIJ@Z@Z 10008a88 f i MotionSensor.obj
 0001:00007aa8       ?RegisterBuffer@CRegParser@ATL@@QAEJPA_WH@Z 10008aa8 f i MotionSensor.obj
 0001:00007bef       ?RegisterFromResource@CRegObject@ATL@@IAEJPB_W00H@Z 10008bef f i MotionSensor.obj
 0001:00007d25       ?RegisterServer@?$CAtlModuleT@VCComModule@ATL@@@ATL@@QAEJHPBU_GUID@@@Z 10008d25 f i MotionSensor.obj
 0001:00007d53       ?RegisterServer@CComModule@ATL@@QAEJHPBU_GUID@@@Z 10008d53 f i MotionSensor.obj
 0001:00007dc9       ?RegisterSubkeys@CRegParser@ATL@@IAEJPA_WPAUHKEY__@@HH@Z 10008dc9 f i MotionSensor.obj
 0001:00008476       ?Remove@CComDynamicUnkArray@ATL@@QAEHK@Z 10009476 f i MotionSensor.obj
 0001:0000849f       ?RemoveAll@?$CSimpleMap@PA_WPA_WVCExpansionVectorEqualHelper@ATL@@@ATL@@QAEXXZ 1000949f f i MotionSensor.obj
 0001:000084cb       ?ResourceRegisterSz@CRegObject@ATL@@QAGJPB_W00@Z 100094cb f i MotionSensor.obj
 0001:000084f8       ?ResourceUnregisterSz@CRegObject@ATL@@QAGJPB_W00@Z 100094f8 f i MotionSensor.obj
 0001:00008525       ?SendOnDataChange@CComControlBase@ATL@@QAEJK@Z 10009525 f i MotionSensor.obj
 0001:00008572       ?SetControlFocus@CComControlBase@ATL@@QAEHH@Z 10009572 f i MotionSensor.obj
 0001:0000860f       ?SetMultiStringValue@CRegKey@ATL@@QAEJPB_W0@Z 1000960f f i MotionSensor.obj
 0001:0000866b       ?SetStringValue@CRegKey@ATL@@QAEJPB_W0K@Z 1000966b f i MotionSensor.obj
 0001:000086b4       ?SkipAssignment@CRegParser@ATL@@IAEJPA_W@Z 100096b4 f i MotionSensor.obj
 0001:00008719       ?SkipWhiteSpace@CRegParser@ATL@@IAEXXZ 10009719 f i MotionSensor.obj
 0001:0000873b       ?StrChrW@CRegParser@ATL@@KAPA_WPA_W_W@Z 1000973b f i MotionSensor.obj
 0001:00008778       ?Term@CAtlModule@ATL@@QAEXXZ 10009778 f i MotionSensor.obj
 0001:000087cb       ?Term@CComModule@ATL@@QAEXXZ 100097cb f i MotionSensor.obj
 0001:00008823       ?UnregisterServer@?$CAtlModuleT@VCComModule@ATL@@@ATL@@QAEJHPBU_GUID@@@Z 10009823 f i MotionSensor.obj
 0001:00008849       ?UnregisterServer@CComModule@ATL@@QAEJHPBU_GUID@@@Z 10009849 f i MotionSensor.obj
 0001:000088bf       ?UpdateRegistryFromResource@CAtlModule@ATL@@QAGJIHPAU_ATL_REGMAP_ENTRY@2@@Z 100098bf f i MotionSensor.obj
 0001:00008a8a       ?UpdateRegistryFromResource@CAtlModule@ATL@@QAGJPB_WHPAU_ATL_REGMAP_ENTRY@2@@Z 10009a8a f i MotionSensor.obj
 0001:00008c5b       ?VTFromRegType@CRegParser@ATL@@KAHPB_WAAG@Z 10009c5b f i MotionSensor.obj
 0001:00008cc8       ?WindowProc@?$CWindowImplBaseT@VCWindow@ATL@@V?$CWinTraits@$0FGAAAAAA@$0A@@2@@ATL@@SGJPAUHWND__@@IIJ@Z 10009cc8 f i MotionSensor.obj
 0001:00008dba       ?WriteToStream@CComBSTR@ATL@@QAEJPAUIStream@@@Z 10009dba f i MotionSensor.obj
 0001:00008e1c       ?WriteToStream@CComVariant@ATL@@QAEJPAUIStream@@@Z 10009e1c f i MotionSensor.obj
 0001:00008f96       ?WriteToStream@CComVariant@ATL@@QAEJPAUIStream@@G@Z 10009f96 f i MotionSensor.obj
 0001:00008fff       ?_AtlInitialConstruct@?$CComObjectRootEx@VCComMultiThreadModel@ATL@@@ATL@@QAEJXZ 10009fff f i MotionSensor.obj
 0001:00009014       ?_AtlVerifyStackAvailable@_ATL_SAFE_ALLOCA_IMPL@ATL@@YA_NK@Z 1000a014 f i MotionSensor.obj
 0001:00009092       ?atlCreate@?$CWindowImpl@VCOPOSMotionSensor@@VCWindow@ATL@@V?$CWinTraits@$0FGAAAAAA@$0A@@3@@ATL@@QAEPAUHWND__@@PAU3@V_U_RECT@2@PB_WKKV_U_MENUorID@2@PAX@Z 1000a092 f i MotionSensor.obj
 0001:000090d6       ?atlCreate@?$CWindowImplBaseT@VCWindow@ATL@@V?$CWinTraits@$0FGAAAAAA@$0A@@2@@ATL@@QAEPAUHWND__@@PAU3@V_U_RECT@2@PB_WKKV_U_MENUorID@2@GPAX@Z 1000a0d6 f i MotionSensor.obj
 0001:00009172       ?copy@?$_Copy@UtagCONNECTDATA@@@ATL@@SAJPAUtagCONNECTDATA@@PBU3@@Z 1000a172 f i MotionSensor.obj
 0001:000091a8       ?copy@?$_CopyInterface@UIConnectionPoint@@@ATL@@SAJPAPAUIConnectionPoint@@PBQAU3@@Z 1000a1a8 f i MotionSensor.obj
 0001:000091d6       ?memcpy_s@Checked@ATL@@YAXPAXIPBXI@Z 1000a1d6 f i MotionSensor.obj
 0001:000091f5       ?ocscpy_s@@YA_NPA_WIPB_W@Z 1000a1f5 f i MotionSensor.obj
 0001:0000923f       ?wcscpy_s@Checked@ATL@@YAXPA_WIPB_W@Z 1000a23f f i MotionSensor.obj
 0001:0000925b       _DllCanUnloadNow@0         1000a25b f   MotionSensor.obj
 0001:00009267       _DllGetClassObject@12      1000a267 f   MotionSensor.obj
 0001:00009275       _DllMain@12                1000a275 f   MotionSensor.obj
 0001:000092b7       _DllRegisterServer@0       1000a2b7 f   MotionSensor.obj
 0001:000092c6       _DllUnregisterServer@0     1000a2c6 f   MotionSensor.obj
 0001:000092d5       _InlineIsEqualGUID         1000a2d5 f i MotionSensor.obj
 0001:00009305       ___local_stdio_printf_options 1000a305 f i MotionSensor.obj
 0001:0000930b       __vswprintf_s_l            1000a30b f i MotionSensor.obj
 0001:000093b8       _swprintf_s                1000a3b8 f i MotionSensor.obj
 0001:000093d4       ??0?$CComControl@VCOPOSMotionSensor@@V?$CWindowImpl@VCOPOSMotionSensor@@VCWindow@ATL@@V?$CWinTraits@$0FGAAAAAA@$0A@@3@@ATL@@@ATL@@QAE@XZ 1000a3d4 f i MotionSensorImpl.obj
 0001:000093fb       ??0CComControlBase@ATL@@QAE@AAPAUHWND__@@@Z 1000a3fb f i MotionSensorImpl.obj
 0001:00009445       ??0COPOSMotionSensor@@QAE@XZ 1000a445 f   MotionSensorImpl.obj
 0001:00009494       ??1?$CComControl@VCOPOSMotionSensor@@V?$CWindowImpl@VCOPOSMotionSensor@@VCWindow@ATL@@V?$CWinTraits@$0FGAAAAAA@$0A@@3@@ATL@@@ATL@@UAE@XZ 1000a494 f i MotionSensorImpl.obj
 0001:000094ad       ??1?$IConnectionPointImpl@VCOPOSMotionSensor@@$1?IID_IPropertyNotifySink@@3U_GUID@@BVCComDynamicUnkArray@ATL@@@ATL@@QAE@XZ 1000a4ad f i MotionSensorImpl.obj
 0001:000094ad       ??1?$IConnectionPointImpl@VCOPOSMotionSensor@@$1?DIID__IOPOSMotionSensorEvents@@3U_GUID@@BVCComDynamicUnkArray@ATL@@@ATL@@QAE@XZ 1000a4ad f i MotionSensorImpl.obj
 0001:000094ea       ??1CComControlBase@ATL@@UAE@XZ 1000a4ea f i MotionSensorImpl.obj
 0001:0000954d       ??1COPOSMotionSensor@@UAE@XZ 1000a54d f   MotionSensorImpl.obj
 0001:00009595       ?CheckHealth@COPOSMotionSensor@@UAGJJPAJ@Z 1000a595 f   MotionSensorImpl.obj
 0001:000095e4       ?ClaimDevice@COPOSMotionSensor@@UAGJJPAJ@Z 1000a5e4 f   MotionSensorImpl.obj
 0001:00009652       ?Close@COPOSMotionSensor@@UAGJPAJ@Z 1000a652 f   MotionSensorImpl.obj
 0001:000096c0       ?CompareFirmwareVersion@COPOSMotionSensor@@UAGJPA_WPAJ1@Z 1000a6c0 f   MotionSensorImpl.obj
 0001:00009740       ?DirectIO@COPOSMotionSensor@@UAGJJPAJPAPA_W0@Z 1000a740 f   MotionSensorImpl.obj
 0001:000097ee       ?DoInvoke@COPOSMotionSensor@@IAEJJPAVOposVariant@@IHPAJ_N@Z 1000a7ee f   MotionSensorImpl.obj
 0001:000098ca       ?EventClose@COPOSMotionSensor@@IAEXXZ 1000a8ca f i MotionSensorImpl.obj
 0001:000098fd       ?EventInit@COPOSMotionSensor@@IAEJXZ 1000a8fd f i MotionSensorImpl.obj
 0001:000099c9       ?EventUninit@COPOSMotionSensor@@IAEXXZ 1000a9c9 f i MotionSensorImpl.obj
 0001:00009a1b       ?EventWindowProc@COPOSMotionSensor@@IAGJIIJ@Z 1000aa1b f i MotionSensorImpl.obj
 0001:00009a92       ?FinalConstruct@COPOSMotionSensor@@QAEJXZ 1000aa92 f   MotionSensorImpl.obj
 0001:00009acb       ?FireEventCleanup@COPOSMotionSensor@@IAEXXZ 1000aacb f i MotionSensorImpl.obj
 0001:00009ae1       ?FireEventSetup@COPOSMotionSensor@@IAE_NXZ 1000aae1 f i MotionSensorImpl.obj
 0001:00009b15       ?FreezeEvents@COPOSMotionSensor@@MAGJH@Z 1000ab15 f   MotionSensorImpl.obj
 0001:00009b66       ?GetOposProp@COPOSMotionSensor@@IAEJJPAFJ@Z 1000ab66 f   MotionSensorImpl.obj
 0001:00009b89       ?GetOposProp@COPOSMotionSensor@@IAEJJPAJJ@Z 1000ab89 f   MotionSensorImpl.obj
 0001:00009c58       ?GetOposProp@COPOSMotionSensor@@IAEJJPAPA_WJ@Z 1000ac58 f   MotionSensorImpl.obj
 0001:00009d34       ?OnDraw@COPOSMotionSensor@@MAEJAAUATL_DRAWINFO@@@Z 1000ad34 f   MotionSensorImpl.obj
 0001:00009dd4       ?Open@COPOSMotionSensor@@UAGJPA_WPAJ@Z 1000add4 f   MotionSensorImpl.obj
 0001:0000a618       ?ReleaseDevice@COPOSMotionSensor@@UAGJPAJ@Z 1000b618 f   MotionSensorImpl.obj
 0001:0000a64f       ?ResetStatistics@COPOSMotionSensor@@UAGJPA_WPAJ@Z 1000b64f f   MotionSensorImpl.obj
 0001:0000a6a6       ?RetrieveStatistics@COPOSMotionSensor@@UAGJPAPA_WPAJ@Z 1000b6a6 f   MotionSensorImpl.obj
 0001:0000a6fd       ?SOProcessID@COPOSMotionSensor@@UAGJPAJ@Z 1000b6fd f   MotionSensorImpl.obj
 0001:0000a711       ?SetCOFreezeEvents@COPOSMotionSensor@@IAEXF@Z 1000b711 f   MotionSensorImpl.obj
 0001:0000a7b1       ?SetOposProp@COPOSMotionSensor@@IAEJJJJ@Z 1000b7b1 f   MotionSensorImpl.obj
 0001:0000a8a8       ?UpdateFirmware@COPOSMotionSensor@@UAGJPA_WPAJ@Z 1000b8a8 f   MotionSensorImpl.obj
 0001:0000a8ff       ?UpdateStatistics@COPOSMotionSensor@@UAGJPA_WPAJ@Z 1000b8ff f   MotionSensorImpl.obj
 0001:0000a956       ?WaitForMotion@COPOSMotionSensor@@UAGJJPAJ@Z 1000b956 f   MotionSensorImpl.obj
 0001:0000a9a5       ?get_BinaryConversion@COPOSMotionSensor@@UAGJPAJ@Z 1000b9a5 f   MotionSensorImpl.obj
 0001:0000a9bb       ?get_CapCompareFirmwareVersion@COPOSMotionSensor@@UAGJPAF@Z 1000b9bb f   MotionSensorImpl.obj
 0001:0000a9d4       ?get_CapPowerReporting@COPOSMotionSensor@@UAGJPAJ@Z 1000b9d4 f   MotionSensorImpl.obj
 0001:0000a9ed       ?get_CapStatisticsReporting@COPOSMotionSensor@@UAGJPAF@Z 1000b9ed f   MotionSensorImpl.obj
 0001:0000aa06       ?get_CapUpdateFirmware@COPOSMotionSensor@@UAGJPAF@Z 1000ba06 f   MotionSensorImpl.obj
 0001:0000aa1f       ?get_CapUpdateStatistics@COPOSMotionSensor@@UAGJPAF@Z 1000ba1f f   MotionSensorImpl.obj
 0001:0000aa38       ?get_CheckHealthText@COPOSMotionSensor@@UAGJPAPA_W@Z 1000ba38 f   MotionSensorImpl.obj
 0001:0000aa51       ?get_Claimed@COPOSMotionSensor@@UAGJPAF@Z 1000ba51 f   MotionSensorImpl.obj
 0001:0000aa67       ?get_ControlObjectDescription@COPOSMotionSensor@@UAGJPAPA_W@Z 1000ba67 f   MotionSensorImpl.obj
 0001:0000aab5       ?get_ControlObjectVersion@COPOSMotionSensor@@UAGJPAJ@Z 1000bab5 f   MotionSensorImpl.obj
 0001:0000aac8       ?get_DeviceDescription@COPOSMotionSensor@@UAGJPAPA_W@Z 1000bac8 f   MotionSensorImpl.obj
 0001:0000aae1       ?get_DeviceEnabled@COPOSMotionSensor@@UAGJPAF@Z 1000bae1 f   MotionSensorImpl.obj
 0001:0000aaf7       ?get_DeviceName@COPOSMotionSensor@@UAGJPAPA_W@Z 1000baf7 f   MotionSensorImpl.obj
 0001:0000ab10       ?get_FreezeEvents@COPOSMotionSensor@@UAGJPAF@Z 1000bb10 f   MotionSensorImpl.obj
 0001:0000ab26       ?get_Motion@COPOSMotionSensor@@UAGJPAF@Z 1000bb26 f   MotionSensorImpl.obj
 0001:0000ab3f       ?get_OpenResult@COPOSMotionSensor@@UAGJPAJ@Z 1000bb3f f   MotionSensorImpl.obj
 0001:0000ab56       ?get_PowerNotify@COPOSMotionSensor@@UAGJPAJ@Z 1000bb56 f   MotionSensorImpl.obj
 0001:0000ab6c       ?get_PowerState@COPOSMotionSensor@@UAGJPAJ@Z 1000bb6c f   MotionSensorImpl.obj
 0001:0000ab82       ?get_ResultCode@COPOSMotionSensor@@UAGJPAJ@Z 1000bb82 f   MotionSensorImpl.obj
 0001:0000abc0       ?get_ResultCodeExtended@COPOSMotionSensor@@UAGJPAJ@Z 1000bbc0 f   MotionSensorImpl.obj
 0001:0000abd6       ?get_ServiceObjectDescription@COPOSMotionSensor@@UAGJPAPA_W@Z 1000bbd6 f   MotionSensorImpl.obj
 0001:0000abef       ?get_ServiceObjectVersion@COPOSMotionSensor@@UAGJPAJ@Z 1000bbef f   MotionSensorImpl.obj
 0001:0000ac05       ?get_State@COPOSMotionSensor@@UAGJPAJ@Z 1000bc05 f   MotionSensorImpl.obj
 0001:0000ac31       ?get_Timeout@COPOSMotionSensor@@UAGJPAJ@Z 1000bc31 f   MotionSensorImpl.obj
 0001:0000ac4a       ?put_BinaryConversion@COPOSMotionSensor@@UAGJJ@Z 1000bc4a f   MotionSensorImpl.obj
 0001:0000ac60       ?put_DeviceEnabled@COPOSMotionSensor@@UAGJF@Z 1000bc60 f   MotionSensorImpl.obj
 0001:0000ac7d       ?put_FreezeEvents@COPOSMotionSensor@@UAGJF@Z 1000bc7d f   MotionSensorImpl.obj
 0001:0000acc9       ?put_PowerNotify@COPOSMotionSensor@@UAGJJ@Z 1000bcc9 f   MotionSensorImpl.obj
 0001:0000acdf       ?put_Timeout@COPOSMotionSensor@@UAGJJ@Z 1000bcdf f   MotionSensorImpl.obj
 0001:0000acf8       ?s_EventWindowProc@COPOSMotionSensor@@KGJPAUHWND__@@IIJ@Z 1000bcf8 f i MotionSensorImpl.obj
 0001:0000ad4a       ??_U@YAPAXI@Z              1000bd4a f   LIBCMT:new_array.obj
 0001:0000ad53       ??3@YAXPAXI@Z              1000bd53 f   LIBCMT:delete_scalar_size.obj
 0001:0000ad61       ??_V@YAXPAX@Z              1000bd61 f   LIBCMT:delete_array.obj
 0001:0000ad66       ??_V@YAXPAXI@Z             1000bd66 f   LIBCMT:delete_array_size.obj
 0001:0000adb8       ___scrt_acquire_startup_lock 1000bdb8 f   LIBCMT:utility.obj
 0001:0000adea       ___scrt_dllmain_after_initialize_c 1000bdea f   LIBCMT:utility.obj
 0001:0000ae15       ___scrt_dllmain_before_initialize_c 1000be15 f   LIBCMT:utility.obj
 0001:0000ae23       ___scrt_dllmain_crt_thread_attach 1000be23 f   LIBCMT:utility.obj
 0001:0000ae42       ___scrt_dllmain_crt_thread_detach 1000be42 f   LIBCMT:utility.obj
 0001:0000ae4f       ___scrt_dllmain_exception_filter 1000be4f f   LIBCMT:utility.obj
 0001:0000ae83       ___scrt_dllmain_uninitialize_c 1000be83 f   LIBCMT:utility.obj
 0001:0000aea6       ___scrt_dllmain_uninitialize_critical 1000bea6 f   LIBCMT:utility.obj
 0001:0000aeb3       ___scrt_initialize_crt     1000beb3 f   LIBCMT:utility.obj
 0001:0000aeec       ___scrt_initialize_onexit_tables 1000beec f   LIBCMT:utility.obj
 0001:0000af73       ___scrt_is_nonwritable_in_current_image 1000bf73 f   LIBCMT:utility.obj
 0001:0000b007       ___scrt_release_startup_lock 1000c007 f   LIBCMT:utility.obj
 0001:0000b024       ___scrt_uninitialize_crt   1000c024 f   LIBCMT:utility.obj
 0001:0000b04c       __onexit                   1000c04c f   LIBCMT:utility.obj
 0001:0000b079       _atexit                    1000c079 f   LIBCMT:utility.obj
 0001:0000b08e       ??3@YAXPAX@Z               1000c08e f   LIBCMT:delete_scalar.obj
 0001:0000b158       __Init_thread_footer       1000c158 f   LIBCMT:thread_safe_statics.obj
 0001:0000b1a2       __Init_thread_header       1000c1a2 f   LIBCMT:thread_safe_statics.obj
 0001:0000b1f4       __Init_thread_notify       1000c1f4 f   LIBCMT:thread_safe_statics.obj
 0001:0000b22a       __Init_thread_wait         1000c22a f   LIBCMT:thread_safe_statics.obj
 0001:0000b278       ___raise_securityfailure   1000c278 f   LIBCMT:gs_report.obj
 0001:0000b2a0       ___report_gsfailure        1000c2a0 f   LIBCMT:gs_report.obj
 0001:0000b399       ___report_rangecheckfailure 1000c399 f   LIBCMT:gs_report.obj
 0001:0000b3a5       ___report_securityfailure  1000c3a5 f   LIBCMT:gs_report.obj
 0001:0000b473       ??2@YAPAXIABUnothrow_t@std@@@Z 1000c473 f   LIBCMT:new_scalar_nothrow.obj
 0001:0000b4c3       ??_U@YAPAXIABUnothrow_t@std@@@Z 1000c4c3 f   LIBCMT:new_array_nothrow.obj
 0001:0000b4cc       @__security_check_cookie@4 1000c4cc f   LIBCMT:secchk.obj
 0001:0000b4e0       __SEH_prolog4_GS           1000c4e0 f   LIBCMT:sehprolg4gs.obj
 0001:0000b529       __SEH_epilog4_GS           1000c529 f   LIBCMT:sehprolg4gs.obj
 0001:0000b540       __alloca_probe_16          1000c540 f   LIBCMT:alloca16.obj
 0001:0000b556       __alloca_probe_8           1000c556     LIBCMT:alloca16.obj
 0001:0000b570       __chkstk                   1000c570 f   LIBCMT:chkstk.obj
 0001:0000b570       __alloca_probe             1000c570 f   LIBCMT:chkstk.obj
 0001:0000b8dd       __DllMainCRTStartup@12     1000c8dd f   LIBCMT:dll_dllmain.obj
 0001:0000b900       ??2@YAPAXI@Z               1000c900 f   LIBCMT:new_scalar.obj
 0001:0000b930       ___isa_available_init      1000c930 f   LIBCMT:cpu_disp.obj
 0001:0000bb00       ___scrt_is_ucrt_dll_in_use 1000cb00 f   LIBCMT:ucrt_detection.obj
 0001:0000bb0c       ___scrt_fastfail           1000cb0c f   LIBCMT:utility_desktop.obj
 0001:0000bc26       __crt_debugger_hook        1000cc26 f   LIBCMT:utility_desktop.obj
 0001:0000bc30       __SEH_prolog4              1000cc30 f   LIBCMT:sehprolg4.obj
 0001:0000bc76       __SEH_epilog4              1000cc76 f   LIBCMT:sehprolg4.obj
 0001:0000bc8b       @_guard_check_icall_nop@4  1000cc8b f i LIBCMT:guard_support.obj
 0001:0000bcd9       ___security_init_cookie    1000ccd9 f   LIBCMT:gs_support.obj
 0001:0000bd24       ?__scrt_initialize_type_info@@YAXXZ 1000cd24 f   LIBCMT:tncleanup.obj
 0001:0000bd30       ?__scrt_uninitialize_type_info@@YAXXZ 1000cd30 f   LIBCMT:tncleanup.obj
 0001:0000bd3c       ___local_stdio_scanf_options 1000cd3c f i LIBCMT:default_local_stdio_options.obj
[...]
 0002:000034f8       ?_mb_locale_names@@3QBQB_WB 100224f8     libucrt:mbctype.obj
 0002:00003d40       ?LcidToLocaleNameTable@?A0x881e4c05@@3QBULcidToLocaleName@1@B 10022d40     libucrt:lcidtoname_downlevel.obj
 0002:00004e68       ?LocaleNameToIndexTable@?A0x881e4c05@@3QBULocaleNameIndex@1@B 10023e68     libucrt:lcidtoname_downlevel.obj
 0002:000067a0       LOG_name                   100257a0     libucrt:log10_impl.obj
 0002:000067b0       _One                       100257b0     libucrt:ceil_pentium4.obj
 0002:000067c0       _Bns                       100257c0     libucrt:ceil_pentium4.obj
 0002:000067d0       _Zero                      100257d0     libucrt:ceil_pentium4.obj
 0002:000067e0       _S                         100257e0     libucrt:ceil_pentium4.obj
 0002:000067f0       _NegZero                   100257f0     libucrt:ceil_pentium4.obj
 0002:00006800       emask                      10025800     libucrt:log10_pentium4.obj
 0002:00006810       CC                         10025810     libucrt:log10_pentium4.obj
 0002:00006820       Magic                      10025820     libucrt:log10_pentium4.obj
 0002:00006830       hi_mask                    10025830     libucrt:log10_pentium4.obj
 0002:00006840       LOG10_2                    10025840     libucrt:log10_pentium4.obj
 0002:00006850       place_L                    10025850     libucrt:log10_pentium4.obj
 0002:00006870       One                        10025870     libucrt:log10_pentium4.obj
 0002:00006880       Zero                       10025880     libucrt:log10_pentium4.obj
 0002:00006890       Two52                      10025890     libucrt:log10_pentium4.obj
 0002:000068a0       Infs                       100258a0     libucrt:log10_pentium4.obj
 0002:000068b0       NaN                        100258b0     libucrt:log10_pentium4.obj
 0002:000068c0       coeff                      100258c0     libucrt:log10_pentium4.obj
 0002:0000691e       _log2max                   1002591e     libucrt:87tran.obj
 0002:00006928       _smallarg                  10025928     libucrt:87tran.obj
 0002:00006932       _half                      10025932     libucrt:87tran.obj
 0002:0000697e       One                        1002597e     libucrt:87disp.obj
 0002:00006986       Three                      10025986     libucrt:87disp.obj
 0002:0000698e       XAMtoTagTab                1002598e     libucrt:87disp.obj
 0002:000069a0       One                        100259a0     libucrt:common.obj
 0002:000069b4       DblMax                     100259b4     libucrt:common.obj
 0002:000069bc       DblMin                     100259bc     libucrt:common.obj
 0002:000069c4       IeeeAdjO                   100259c4     libucrt:common.obj
 0002:000069cc       IeeeAdjU                   100259cc     libucrt:common.obj
 0002:000069d4       _infinity                  100259d4     libucrt:common.obj
 0002:000069dc       _zero                      100259dc     libucrt:common.obj
 0002:00006a28       _over                      10025a28     libucrt:fpctrl.obj
 0002:00006a34       _under                     10025a34     libucrt:fpctrl.obj
 0002:00007268       ?_names@?1??_get_fname@@9@9 10026268     libucrt:fpexcept.obj
 0002:00007410       two32                      10026410     LIBCMT:ftol2.obj
 0002:00007414       two63                      10026414     LIBCMT:ftol2.obj
 0002:00007418       _NaN                       10026418     LIBCMT:ftol2.obj
 0002:00007ad0       __sehtable$?_AtlVerifyStackAvailable@_ATL_SAFE_ALLOCA_IMPL@ATL@@YA_NK@Z 10026ad0     MotionSensor.obj
 0002:00007af0       __sehtable$___scrt_is_nonwritable_in_current_image 10026af0     LIBCMT:utility.obj
 0002:00007b0c       __catchsym$??2@YAPAXIABUnothrow_t@std@@@Z$2 10026b0c     LIBCMT:new_scalar_nothrow.obj
 0002:00007b1c       __unwindtable$??2@YAPAXIABUnothrow_t@std@@@Z 10026b1c     LIBCMT:new_scalar_nothrow.obj
 0002:00007b2c       __tryblocktable$??2@YAPAXIABUnothrow_t@std@@@Z 10026b2c     LIBCMT:new_scalar_nothrow.obj
 0002:00007b40       __ehfuncinfo$??2@YAPAXIABUnothrow_t@std@@@Z 10026b40     LIBCMT:new_scalar_nothrow.obj
 0002:00007b68       __sehtable$?dllmain_crt_process_attach@@YAHQAUHINSTANCE__@@QAX@Z 10026b68     LIBCMT:dll_dllmain.obj
 0002:00007b88       __sehtable$?dllmain_crt_process_detach@@YAH_N@Z 10026b88     LIBCMT:dll_dllmain.obj
 0002:00007bb0       __sehtable$?dllmain_dispatch@@YAHQAUHINSTANCE__@@KQAX@Z 10026bb0     LIBCMT:dll_dllmain.obj
 0002:00007c60       __sehtable$___DestructExceptionObject 10026c60     libvcruntime:ehhelpers.obj
 0002:00007c80       __sehtable$?FrameUnwindToState@__FrameHandler3@@SAXPAUEHRegistrationNode@@PAXPBU_s_FuncInfo@@H@Z 10026c80     libvcruntime:frame.obj
 0002:00007ca8       __sehtable$?CallCatchBlock@@YAPAXPAUEHExceptionRecord@@PAUEHRegistrationNode@@PAU_CONTEXT@@PBU_s_FuncInfo@@PAXHK@Z 10026ca8     libvcruntime:frame.obj
 0002:00007cd0       __catchsym$?CallUnexpected@@YAXPBU_s_ESTypeList@@@Z$2 10026cd0     libvcruntime:frame.obj
 0002:00007ce0       __unwindtable$?CallUnexpected@@YAXPBU_s_ESTypeList@@@Z 10026ce0     libvcruntime:frame.obj
 0002:00007cf0       __tryblocktable$?CallUnexpected@@YAXPBU_s_ESTypeList@@@Z 10026cf0     libvcruntime:frame.obj
 0002:00007d04       __ehfuncinfo$?CallUnexpected@@YAXPBU_s_ESTypeList@@@Z 10026d04     libvcruntime:frame.obj
 0002:00007d28       __sehtable$??$BuildCatchObjectHelperInternal@V__FrameHandler3@@@@YAHPAUEHExceptionRecord@@PAXPBU_s_HandlerType@@PBU_s_CatchableType@@@Z 10026d28     libvcruntime:frame.obj
 0002:00007d48       __sehtable$??$BuildCatchObjectInternal@V__FrameHandler3@@@@YAXPAUEHExceptionRecord@@PAXPBU_s_HandlerType@@PBU_s_CatchableType@@@Z 10026d48     libvcruntime:frame.obj
 0002:00007da0       __sehtable$??R<lambda_6e4b09c48022b2350581041d5f6b0c4c>@@QBE@XZ 10026da0     libucrt:exit.obj
 0002:00007dc0       __sehtable$??$?RV<lambda_03b1d95aef87969028cfba75ccab2455>@@AAV<lambda_6e4b09c48022b2350581041d5f6b0c4c>@@V<lambda_22bdf7517842c4b3e53723af5aa32b9e>@@@?$__crt_seh_guarded_call@X@@QAEX$$QAV<lambda_03b1d95aef87969028cfba75ccab2455>@@AAV<lambda_6e4b09c48022b2350581041d5f6b0c4c>@@$$QAV<lambda_22bdf7517842c4b3e53723af5aa32b9e>@@@Z 10026dc0     libucrt:exit.obj
 0002:00007de0       __sehtable$??$?RV<lambda_8e746cf0007f6ed984d6f78af1fec997>@@AAV<lambda_22ebabd17bc4fa466a2aca6d8deb888d>@@V<lambda_18ed0c0b38a6dc0daf1e7ac6d6adf05e>@@@?$__crt_seh_guarded_call@H@@QAEH$$QAV<lambda_8e746cf0007f6ed984d6f78af1fec997>@@AAV<lambda_22ebabd17bc4fa466a2aca6d8deb888d>@@$$QAV<lambda_18ed0c0b38a6dc0daf1e7ac6d6adf05e>@@@Z 10026de0     libucrt:onexit.obj
 0002:00007e00       __sehtable$??$?RV<lambda_69a2805e680e0e292e8ba93315fe43a8>@@AAV<lambda_f03950bc5685219e0bcd2087efbe011e>@@V<lambda_03fcd07e894ec930e3f35da366ca99d6>@@@?$__crt_seh_guarded_call@H@@QAEH$$QAV<lambda_69a2805e680e0e292e8ba93315fe43a8>@@AAV<lambda_f03950bc5685219e0bcd2087efbe011e>@@$$QAV<lambda_03fcd07e894ec930e3f35da366ca99d6>@@@Z 10026e00     libucrt:onexit.obj
 0002:00007e20       __sehtable$__query_new_handler 10026e20     libucrt:new_handler.obj
 0002:00007e40       __sehtable$_terminate      10026e40     libucrt:terminate.obj
 0002:00007e60       __sehtable$??$?RV<lambda_15ade71b0218206bbe3333a0c9b79046>@@AAV<lambda_da44e0f8b0f19ba52fefafb335991732>@@V<lambda_207f2d024fc103971653565357d6cd41>@@@?$__crt_seh_guarded_call@X@@QAEX$$QAV<lambda_15ade71b0218206bbe3333a0c9b79046>@@AAV<lambda_da44e0f8b0f19ba52fefafb335991732>@@$$QAV<lambda_207f2d024fc103971653565357d6cd41>@@@Z 10026e60     libucrt:per_thread_data.obj
 0002:00007e80       __sehtable$??$?RV<lambda_a7e850c220f1c8d1e6efeecdedd162c6>@@AAV<lambda_46720907175c18b6c9d2717bc0d2d362>@@V<lambda_9048902d66e8d99359bc9897bbb930a8>@@@?$__crt_seh_guarded_call@X@@QAEX$$QAV<lambda_a7e850c220f1c8d1e6efeecdedd162c6>@@AAV<lambda_46720907175c18b6c9d2717bc0d2d362>@@$$QAV<lambda_9048902d66e8d99359bc9897bbb930a8>@@@Z 10026e80     libucrt:per_thread_data.obj
 0002:00007ea0       __sehtable$??$?RV<lambda_38edbb1296d33220d7e4dd0ed76b244a>@@AAV<lambda_5ce1d447e08cb34b2473517608e21441>@@V<lambda_fb385d3da700c9147fc39e65dd577a8c>@@@?$__crt_seh_guarded_call@X@@QAEX$$QAV<lambda_38edbb1296d33220d7e4dd0ed76b244a>@@AAV<lambda_5ce1d447e08cb34b2473517608e21441>@@$$QAV<lambda_fb385d3da700c9147fc39e65dd577a8c>@@@Z 10026ea0     libucrt:per_thread_data.obj
 0002:00007ec0       __sehtable$??$?RV<lambda_6affb1475c98b40b75cdec977db92e3c>@@AAV<lambda_b8d4b9c228a6ecc3f80208dbb4b4a104>@@V<lambda_608742c3c92a14382c1684fc64f96c88>@@@?$__crt_seh_guarded_call@X@@QAEX$$QAV<lambda_6affb1475c98b40b75cdec977db92e3c>@@AAV<lambda_b8d4b9c228a6ecc3f80208dbb4b4a104>@@$$QAV<lambda_608742c3c92a14382c1684fc64f96c88>@@@Z 10026ec0     libucrt:per_thread_data.obj
 0002:00007ee0       __sehtable$??$?RV<lambda_e5124f882df8998aaf41531e079ba474>@@AAV<lambda_3e16ef9562a7dcce91392c22ab16ea36>@@V<lambda_e25ca0880e6ef98be67edffd8c599615>@@@?$__crt_seh_guarded_call@X@@QAEX$$QAV<lambda_e5124f882df8998aaf41531e079ba474>@@AAV<lambda_3e16ef9562a7dcce91392c22ab16ea36>@@$$QAV<lambda_e25ca0880e6ef98be67edffd8c599615>@@@Z 10026ee0     libucrt:wsetlocale.obj
 0002:00007f00       __sehtable$___acrt_initialize_lowio 10026f00     libucrt:ioinit.obj
 0002:00007f20       __sehtable$?update_thread_multibyte_data_internal@@YAPAU__crt_multibyte_data@@QAU__acrt_ptd@@QAPAU1@@Z 10026f20     libucrt:mbctype.obj
 0002:00007f40       __sehtable$??$?RV<lambda_ceb1ee4838e85a9d631eb091e2fbe199>@@AAV<lambda_ae742caa10f662c28703da3d2ea5e57e>@@V<lambda_cd08b5d6af4937fe54fc07d0c9bf6b37>@@@?$__crt_seh_guarded_call@X@@QAEX$$QAV<lambda_ceb1ee4838e85a9d631eb091e2fbe199>@@AAV<lambda_ae742caa10f662c28703da3d2ea5e57e>@@$$QAV<lambda_cd08b5d6af4937fe54fc07d0c9bf6b37>@@@Z 10026f40     libucrt:mbctype.obj
 0002:00007f60       __sehtable$_raise          10026f60     libucrt:signal.obj
 0002:00007f80       __sehtable$??$?RV<lambda_cbab9ec6f41b0180b23cc171c22676b0>@@AAV<lambda_44731a7d0e6d81c3e6aa82d741081786>@@V<lambda_4b292cb8dd18144e164572427af410ab>@@@?$__crt_seh_guarded_call@P6AXH@Z@@QAEP6AXH@Z$$QAV<lambda_cbab9ec6f41b0180b23cc171c22676b0>@@AAV<lambda_44731a7d0e6d81c3e6aa82d741081786>@@$$QAV<lambda_4b292cb8dd18144e164572427af410ab>@@@Z 10026f80     libucrt:signal.obj
 0002:00007fa0       __sehtable$??$?RV<lambda_2866be3712abc81a800a822484c830d8>@@AAV<lambda_39ca0ed439415581b5b15c265174cece>@@V<lambda_2b24c74d71094a6cd0cb82e44167d71b>@@@?$__crt_seh_guarded_call@X@@QAEX$$QAV<lambda_2866be3712abc81a800a822484c830d8>@@AAV<lambda_39ca0ed439415581b5b15c265174cece>@@$$QAV<lambda_2b24c74d71094a6cd0cb82e44167d71b>@@@Z 10026fa0     libucrt:fflush.obj
 0002:00007fc0       __sehtable$??$?RV<lambda_2cc53f568c5a2bb6f192f930a45d44ea>@@AAV<lambda_ab61a845afdef5b7c387490eaf3616ee>@@V<lambda_c2ffc0b7726aa6be21d5f0026187e748>@@@?$__crt_seh_guarded_call@X@@QAEX$$QAV<lambda_2cc53f568c5a2bb6f192f930a45d44ea>@@AAV<lambda_ab61a845afdef5b7c387490eaf3616ee>@@$$QAV<lambda_c2ffc0b7726aa6be21d5f0026187e748>@@@Z 10026fc0     libucrt:fflush.obj
 0002:00007fe0       __sehtable$___acrt_update_thread_locale_data 10026fe0     libucrt:locale_refcounting.obj
 0002:00008000       __sehtable$__fcloseall     10027000     libucrt:closeall.obj
 0002:00008020       __sehtable$___acrt_lowio_ensure_fh_exists 10027020     libucrt:osfinfo.obj
 0002:00008040       __sehtable$??$?RV<lambda_9e9de3de5fa147e2223d7db92bc10aa6>@@AAV<lambda_38ce7e780aa69e748d6df282ebc68efe>@@V<lambda_8ca6da459f0f6780f1cff60fdc3d00e5>@@@?$__crt_seh_guarded_call@H@@QAEH$$QAV<lambda_9e9de3de5fa147e2223d7db92bc10aa6>@@AAV<lambda_38ce7e780aa69e748d6df282ebc68efe>@@$$QAV<lambda_8ca6da459f0f6780f1cff60fdc3d00e5>@@@Z 10027040     libucrt:commit.obj
 0002:00008060       __sehtable$__write         10027060     libucrt:write.obj
 0002:00008080       __sehtable$_fclose         10027080     libucrt:fclose.obj
 0002:000080a0       __sehtable$??$?RV<lambda_218ce3db14220d0be481dae8ef3383b6>@@AAV<lambda_628dfdc04ba53c8bfc02c9951375f3f5>@@V<lambda_57dc472bd5c9d5f3b2cbca59b8a843ae>@@@?$__crt_seh_guarded_call@H@@QAEH$$QAV<lambda_218ce3db14220d0be481dae8ef3383b6>@@AAV<lambda_628dfdc04ba53c8bfc02c9951375f3f5>@@$$QAV<lambda_57dc472bd5c9d5f3b2cbca59b8a843ae>@@@Z 100270a0     libucrt:close.obj
 0002:000080c0       __sehtable$___set_fpsr_sse2 100270c0     libucrt:fpctrl.obj
 0002:000080e0       __sehtable$__IsNonwritableInCurrentImage 100270e0     LIBCMT:pesect.obj
 0002:00008110       .edata                     10027110     OPOSMotionSensor.exp
 0002:00008138       rgpv                       10027138     OPOSMotionSensor.exp
 0002:00008148       rgszName                   10027148     OPOSMotionSensor.exp
 0002:00008158       rgwOrd                     10027158     OPOSMotionSensor.exp
 0002:00008160       szName                     10027160     OPOSMotionSensor.exp
 0002:00008175       $N00001                    10027175     OPOSMotionSensor.exp
 0002:00008185       $N00002                    10027185     OPOSMotionSensor.exp
 0002:00008197       $N00003                    10027197     OPOSMotionSensor.exp
 0002:000081a9       $N00004                    100271a9     OPOSMotionSensor.exp
 0002:000087ba       .idata$6                   100277ba     kernel32:KERNEL32.dll
 0002:000089ce       .idata$6                   100279ce     user32:USER32.dll
 0002:00008b02       .idata$6                   10027b02     gdi32:GDI32.dll
 0002:00008ba8       .idata$6                   10027ba8     advapi32:ADVAPI32.dll
 0002:00008cc4       .idata$6                   10027cc4     ole32:ole32.dll
 0002:00008cce       .idata$6                   10027cce     oleaut32:OLEAUT32.dll
 0003:00000110       ?ObjectMap@@3PAU_ATL_OBJMAP_ENTRY30@ATL@@A 10029110     MotionSensor.obj
 0003:000001d0       ?s_SOMethodNames@@3PAPADA  100291d0     MotionSensorImpl.obj
 0003:00000218       ?s_RequiredMethodsPerRelease@@3PAHA 10029218     MotionSensorImpl.obj
 0003:00000240       ?__vcrt_flsindex@@3KA      10029240     libvcruntime:per_thread_data.obj
 0003:00000260       ?errno_no_memory@@3HA      10029260     libucrt:errno.obj
 0003:00000264       ?doserrno_no_memory@@3KA   10029264     libucrt:errno.obj
 0003:00000270       ?__acrt_flsindex@@3KA      10029270     libucrt:per_thread_data.obj
 0003:00000608       __mbctypes                 10029608     libucrt:mbctype.obj
 0003:00000710       __mbcasemaps               10029710     libucrt:mbctype.obj
 0003:00000810       ?__rgctypeflag@@3PADA      10029810     libucrt:mbctype.obj
 0003:00000818       ?__rgcode_page_info@@3PAUcode_page_info@@A 10029818     libucrt:mbctype.obj
 0003:00000a70       ?__dcrt_lowio_console_output_handle@@3PAXA 10029a70     libucrt:initcon.obj
 0003:00000a74       ?__DAZ_ENABLED@?1??__set_fpsr_sse2@@9@9 10029a74     libucrt:fpctrl.obj
 0003:00000c08       ?is_initialized_as_dll@@3_NA 10029c08     LIBCMT:utility.obj
 0003:00000c09       ?module_local_atexit_table_initialized@@3_NA 10029c09     LIBCMT:utility.obj
 0003:00000c0c       ?module_local_atexit_table@@3U_onexit_table_t@@A 10029c0c     LIBCMT:utility.obj
 0003:00000c18       ?module_local_at_quick_exit_table@@3U_onexit_table_t@@A 10029c18     LIBCMT:utility.obj
 0003:00000c24       ?g_tss_cv@@3U_RTL_CONDITION_VARIABLE@@A 10029c24     LIBCMT:thread_safe_statics.obj
 0003:00000c28       ?g_tss_event@@3PAXA        10029c28     LIBCMT:thread_safe_statics.obj
 0003:00000c2c       ?g_tss_mutex@@3U_RTL_CRITICAL_SECTION@@A 10029c2c     LIBCMT:thread_safe_statics.obj
 0003:00000c44       ?g_sleep_condition_variable_cs@@3P6GHPAU_RTL_CONDITION_VARIABLE@@PAU_RTL_CRITICAL_SECTION@@K@ZA 10029c44     LIBCMT:thread_safe_statics.obj
 0003:00000c48       ?g_wake_all_condition_variable@@3P6GXPAU_RTL_CONDITION_VARIABLE@@@ZA 10029c48     LIBCMT:thread_safe_statics.obj
 0003:00000c50       _GS_ExceptionRecord        10029c50     LIBCMT:gs_report.obj
 0003:00000ca0       _GS_ContextRecord          10029ca0     LIBCMT:gs_report.obj
 0003:00000f70       ?__proc_attached@@3HA      10029f70     LIBCMT:dll_dllmain.obj
 0003:00000fcc       ?AllocateData@@3P6GPAUAtlThunkData_t@@XZA 10029fcc     atls:atlthunk.obj
 0003:00000fd0       ?InitData@@3P6GXPAUAtlThunkData_t@@PAXI@ZA 10029fd0     atls:atlthunk.obj
 0003:00000fd4       ?DataToCode@@3P6GP6GJPAUHWND__@@IIJ@ZPAUAtlThunkData_t@@@ZA 10029fd4     atls:atlthunk.obj
 0003:00000fd8       ?FreeData@@3P6GXPAUAtlThunkData_t@@@ZA 10029fd8     atls:atlthunk.obj
 0003:00000fdc       ?Initialized@@3_NA         10029fdc     atls:atlthunk.obj
 0003:00000fec       ?__vcrt_startup_thread_ptd@@3U__vcrt_ptd@@A 10029fec     libvcruntime:per_thread_data.obj
 0003:00001014       ___vcrt_lock_table         1002a014     libvcruntime:locks.obj
 0003:0000102c       ___vcrt_locks_initialized  1002a02c     libvcruntime:locks.obj
 0003:00001058       ?heap@@3V_HeapManager@@A   1002a058     libvcruntime:undname.obj
 0003:0000106c       ?module_handles@@3PAPAUHINSTANCE__@@A 1002a06c     libvcruntime:winapi_downlevel.obj
 0003:00001078       ?function_pointers@@3PAPAXA 1002a078     libvcruntime:winapi_downlevel.obj
 0003:0000108c       ?__acrt_invalid_parameter_handler@@3V?$dual_state_global@P6AXPB_W00II@Z@__crt_state_management@@A 1002a08c     libucrt:invalid_parameter.obj
 0003:00001090       ?c_termination_complete@@3JA 1002a090     libucrt:exit.obj
 0003:00001094       ?thread_local_exit_callback_func@@3P6GXPAXK0@ZA 1002a094     libucrt:exit.obj
 0003:000010a0       ?program_name@?1???$common_configure_argv@D@@YAHW4_crt_argv_mode@@@Z@4PADA 1002a0a0     libucrt:argv_parsing.obj
 0003:000011d0       ?__acrt_new_handler@@3V?$dual_state_global@P6AHI@Z@__crt_state_management@@A 1002a1d0     libucrt:new_handler.obj
 0003:000011d8       ?module_handles@@3PAPAUHINSTANCE__@@A 1002a1d8     libucrt:winapi_thunks.obj
 0003:00001228       ?encoded_function_pointers@@3PAPAXA 1002a228     libucrt:winapi_thunks.obj
 0003:000012b0       ?internal_state@?1??_mbtowc_l@@9@4U_Mbstatet@@A 1002a2b0     libucrt:mbtowc.obj
 0003:000012c0       ?enable_percent_n@@3IA     1002a2c0     libucrt:printf_count_output.obj
 0003:000014e0       ?__acrt_lock_table@@3PAU_RTL_CRITICAL_SECTION@@A 1002a4e0     libucrt:locks.obj
 0003:00001630       ?__acrt_locks_initialized@@3IA 1002a630     libucrt:locks.obj
 0003:00001640       ?fSystemSet@@3HA           1002a640     libucrt:mbctype.obj
 0003:00001644       ?initialized@?1??__acrt_initialize_multibyte@@9@4_NA 1002a644     libucrt:mbctype.obj
 0003:00001664       ?ctrlc_action@@3V?$dual_state_global@P6AXH@Z@__crt_state_management@@A 1002a664     libucrt:signal.obj
 0003:00001668       ?ctrlbreak_action@@3V?$dual_state_global@P6AXH@Z@__crt_state_management@@A 1002a668     libucrt:signal.obj
 0003:0000166c       ?abort_action@@3V?$dual_state_global@P6AXH@Z@__crt_state_management@@A 1002a66c     libucrt:signal.obj
 0003:00001670       ?term_action@@3V?$dual_state_global@P6AXH@Z@__crt_state_management@@A 1002a670     libucrt:signal.obj
 0003:00001674       ?user_matherr@@3V?$dual_state_global@P6AHPAU_exception@@@Z@__crt_state_management@@A 1002a674     libucrt:matherr.obj
 0003:00001678       ?__acrt_global_new_mode@@3V?$dual_state_global@J@__crt_state_management@@A 1002a678     libucrt:new_mode.obj
 0003:00001684       ?internal_pst@?1??__mbrtoc32_utf8@__crt_mbstring@@YAIPA_UPBDIPAU_Mbstatet@@@Z@4U3@A 1002a684     libucrt:mbrtoc32.obj
 0003:0000168c       ?__acrt_app_type@@3W4_crt_app_type@@A 1002a68c     libucrt:report_runtime_error.obj
 0003:00001694       __pmatherr_set             1002a694     libucrt:libm_error.obj
 0004:00000220       $R000000                   1002b220     MotionSensor.res
 0004:00000bc8       $R0009A8                   1002bbc8     MotionSensor.res
 0004:00000cb0       $R000A90                   1002bcb0     MotionSensor.res
 0004:00000f18       $R000CF8                   1002bf18     MotionSensor.res
 0004:00001430       $R001210                   1002c430     MotionSensor.res
 0004:00003780       $R003560                   1002e780     MotionSensor.res
 0004:000037b8       $R003598                   1002e7b8     MotionSensor.res
