 OPOSLineDisplay

 Timestamp is 61a75b0c (Wed Dec  1 20:22:52 2021)

 Preferred load address is 10000000

 Start         Length     Name                   Class
 0001:00000000 00000080H .text$di                CODE
 0001:00000080 0001f178H .text$mn                CODE
 0001:0001f1f8 000000d8H .text$x                 CODE
 0001:0001f2d0 00000042H .text$yd                CODE
 0002:00000000 000002fcH .idata$5                DATA
 0002:000002fc 00000008H .00cfg                  DATA
 0002:00000304 00000004H .CRT$XCA                DATA
 0002:00000308 00000004H .CRT$XCL                DATA
 0002:0000030c 00000010H .CRT$XCU                DATA
 0002:0000031c 00000004H .CRT$XCZ                DATA
 0002:00000320 00000004H .CRT$XIA                DATA
 0002:00000324 00000010H .CRT$XIC                DATA
 0002:00000334 00000004H .CRT$XIZ                DATA
 0002:00000338 00000004H .CRT$XLA                DATA
 0002:0000033c 00000004H .CRT$XLZ                DATA
 0002:00000340 00000004H .CRT$XPA                DATA
 0002:00000344 00000008H .CRT$XPX                DATA
 0002:0000034c 00000004H .CRT$XPXA               DATA
 0002:00000350 00000004H .CRT$XPZ                DATA
 0002:00000354 00000004H .CRT$XTA                DATA
 0002:00000358 00000008H .CRT$XTZ                DATA
 0002:0000035c 00000000H .gfids$y                DATA
 0002:00000360 00007020H .rdata                  DATA
 0002:00007380 00000000H .rdata$CastGuardVftablesA DATA
 0002:00007380 00000000H .rdata$CastGuardVftablesC DATA
 0002:00007380 00000018H .rdata$T                DATA
 0002:00007398 00000178H .rdata$r                DATA
 0002:00007510 0000002cH .rdata$sxdata           DATA
 0002:0000753c 00000030H .rdata$voltmd           DATA
 0002:0000756c 0000040cH .rdata$zzzdbg           DATA
 0002:00007978 00000004H .rtc$IAA                DATA
 0002:0000797c 00000004H .rtc$IZZ                DATA
 0002:00007980 00000004H .rtc$TAA                DATA
 0002:00007984 00000004H .rtc$TZZ                DATA
 0002:00007988 00000004H .tls                    DATA
 0002:0000798c 00000004H .tls$                   DATA
 0002:00007990 00000008H .tls$ZZZ                DATA
 0002:00007998 000006dcH .xdata$x                DATA
 0002:00008074 00000004H ATL$__a                 DATA
 0002:00008078 00000008H ATL$__z                 DATA
 0002:00008080 000000acH .edata                  DATA
 0002:0000812c 00000078H .idata$2                DATA
 0002:000081a4 00000014H .idata$3                DATA
 0002:000081b8 000002fcH .idata$4                DATA
 0002:000084b4 00000bceH .idata$6                DATA
 0003:00000000 00000ae0H .data                   DATA
 0003:00000ae0 00000080H .data$r                 DATA
 0003:00000b60 00000018H .data$rs                DATA
 0003:00000b78 00000b80H .bss                    DATA
 0004:00000000 00000220H .rsrc$01                DATA
 0004:00000220 00005908H .rsrc$02                DATA

  Address         Publics by Value              Rva+Base       Lib:Object

 0000:00000000       ___guard_fids_count        00000000     <absolute>
 0000:00000000       ___guard_eh_cont_table     00000000     <absolute>
 0000:00000000       ___guard_longjmp_table     00000000     <absolute>
 0000:00000000       ___arm64x_extra_rfe_table  00000000     <absolute>
 0000:00000000       ___arm64x_redirection_metadata 00000000     <absolute>
 0000:00000000       ___guard_iat_count         00000000     <absolute>
 0000:00000000       ___guard_eh_cont_count     00000000     <absolute>
 0000:00000000       __except_list              00000000     <absolute>
 0000:00000000       ___x64_code_ranges_to_entry_points_count 00000000     <absolute>
 0000:00000000       ___hybrid_code_map_count   00000000     <absolute>
 0000:00000000       ___x64_code_ranges_to_entry_points 00000000     <absolute>
 0000:00000000       ___guard_iat_table         00000000     <absolute>
 0000:00000000       ___arm64x_native_entrypoint 00000000     <absolute>
 0000:00000000       ___hybrid_code_map         00000000     <absolute>
 0000:00000000       ___arm64x_extra_rfe_table_size 00000000     <absolute>
 0000:00000000       ___guard_longjmp_count     00000000     <absolute>
 0000:00000000       ___guard_check_icall_a64n_fptr 00000000     <absolute>
 0000:00000000       ___arm64x_redirection_metadata_count 00000000     <absolute>
 0000:00000000       ___hybrid_auxiliary_iat    00000000     <absolute>
 0000:00000000       ___dynamic_value_reloc_table 00000000     <absolute>
 0000:00000000       ___AbsoluteZero            00000000     <absolute>
 0000:00000000       ___enclave_config          00000000     <absolute>
 0000:00000000       ___guard_fids_table        00000000     <absolute>
 0000:00000000       ___hybrid_auxiliary_iat_copy 00000000     <absolute>
 0000:0000000b       ___safe_se_handler_count   0000000b     <absolute>
 0000:0000002c       __tls_array                0000002c     <absolute>
 0000:00000100       ___guard_flags             00000100     <absolute>
 0000:00000000       ___ImageBase               10000000     <linker-defined>
 0001:00000080       ?DupWide@_CW@@AAEXXZ       10001080 f   CWString.obj
 0001:0000009c       ?cw_dup@@YGXPBDAAHAAPA_W1@Z 1000109c f   CWString.obj
 0001:00000124       ?cw_memcpy@@YGHPA_WPBDH@Z  10001124 f   CWString.obj
 0001:00000150       ?cw_strcpy@@YAHPA_WPBD@Z   10001150 f   CWString.obj
 0001:00000163       ?cw_strlen@@YAHPBD@Z       10001163 f   CWString.obj
 0001:0000017c       ??0CAtlComModule@ATL@@QAE@XZ 1000117c f i OposVariant.obj
 0001:000001c1       ??0CAtlWinModule@ATL@@QAE@XZ 100011c1 f i OposVariant.obj
 0001:000001f8       ??0OposDispParms@@QAE@PAVOposVariant@@H@Z 100011f8 f   OposVariant.obj
 0001:00000269       ??1OposDispParms@@QAE@XZ   10001269 f   OposVariant.obj
 0001:00000277       ??A?$CSimpleArray@GV?$CSimpleArrayEqualHelper@G@ATL@@@ATL@@QAEAAGH@Z 10001277 f i OposVariant.obj
 0001:0000029c       ??_Estringdispid@CComTypeInfoHolder@ATL@@QAEPAXI@Z 1000129c f i OposVariant.obj
 0001:00000308       ?AtlWinModuleInit@ATL@@YGJPAU_ATL_WIN_MODULE70@1@@Z 10001308 f i OposVariant.obj
 0001:0000032e       ?AtlWinModuleTerm@ATL@@YGJPAU_ATL_WIN_MODULE70@1@PAUHINSTANCE__@@@Z 1000132e f i OposVariant.obj
 0001:00000391       ?ChangeBSTR@OposVariant@@QAEXPAPA_WAAJ@Z 10001391 f   OposVariant.obj
 0001:000003d2       ?ChangeLONG@OposVariant@@QAEXPAJAAJ@Z 100013d2 f   OposVariant.obj
 0001:00000413       ?GetLONG@OposVariant@@QAEJXZ 10001413 f   OposVariant.obj
 0001:0000042e       ?Init@CComCriticalSection@ATL@@QAEJXZ 1000142e f i OposVariant.obj
 0001:00000456       ?RemoveAll@?$CSimpleArray@PAUHINSTANCE__@@V?$CSimpleArrayEqualHelper@PAUHINSTANCE__@@@ATL@@@ATL@@QAEXXZ 10001456 f i atls:atlbase.obj
 0001:00000456       ?RemoveAll@?$CSimpleArray@GV?$CSimpleArrayEqualHelper@G@ATL@@@ATL@@QAEXXZ 10001456 f i OposVariant.obj
 0001:00000473       ?SetBSTR@OposVariant@@QAEXPA_WAAJ@Z 10001473 f   OposVariant.obj
 0001:000004a7       ?SetBSTR_Copy@OposVariant@@QAEXPA_WAAJ@Z 100014a7 f   OposVariant.obj
 0001:000004f7       ?SetBSTR_InOutPtr@OposVariant@@QAE_NPAPA_WAAJ@Z 100014f7 f   OposVariant.obj
 0001:0000052e       ?SetDispatch_Ptr@OposVariant@@QAEXPAUIDispatch@@AAJ@Z 1000152e f   OposVariant.obj
 0001:00000569       ?SetLONG@OposVariant@@QAEXJ@Z 10001569 f   OposVariant.obj
 0001:0000058b       ?SetLONG_Ptr@OposVariant@@QAEXPAJAAJ@Z 1000158b f   OposVariant.obj
 0001:000005be       ?SetString@OposVariant@@QAEXPB_WAAJ@Z 100015be f   OposVariant.obj
 0001:00000604       ?SetVARIANT_BOOL@OposVariant@@QAEXF@Z 10001604 f   OposVariant.obj
 0001:0000062e       ?Term@CAtlComModule@ATL@@QAEXXZ 1000162e f i OposVariant.obj
 0001:00000678       ?_AtlRaiseException@ATL@@YAXKK@Z 10001678 f i OposVariant.obj
 0001:0000068d       ?OnDrawAdvanced@CComControlBase@ATL@@UAEJAAUATL_DRAWINFO@@@Z 1000168d f i LineDisplay.obj
 0001:00000780       ?Next@?$CComEnumImpl@UIEnumConnections@@$1?_GUID_b196b287_bab4_101a_b69c_00aa00341d07@@3U__s_GUID@@BUtagCONNECTDATA@@V?$_Copy@UtagCONNECTDATA@@@ATL@@@ATL@@UAGJKPAUtagCONNECTDATA@@PAK@Z 10001780 f i LineDisplay.obj
 0001:0000084f       ?Skip@?$CComEnumImpl@UIEnumConnections@@$1?_GUID_b196b287_bab4_101a_b69c_00aa00341d07@@3U__s_GUID@@BUtagCONNECTDATA@@V?$_Copy@UtagCONNECTDATA@@@ATL@@@ATL@@UAGJK@Z 1000184f f i LineDisplay.obj
 0001:0000087c       ?Reset@?$CComEnumImpl@UIEnumConnections@@$1?_GUID_b196b287_bab4_101a_b69c_00aa00341d07@@3U__s_GUID@@BUtagCONNECTDATA@@V?$_Copy@UtagCONNECTDATA@@@ATL@@@ATL@@UAGJXZ 1000187c f i LineDisplay.obj
 0001:0000087c       ?Reset@?$CComEnumImpl@UIEnumConnectionPoints@@$1?_GUID_b196b285_bab4_101a_b69c_00aa00341d07@@3U__s_GUID@@BPAUIConnectionPoint@@V?$_CopyInterface@UIConnectionPoint@@@ATL@@@ATL@@UAGJXZ 1000187c f i LineDisplay.obj
 0001:0000088e       ?ObjectMain@CComObjectRootBase@ATL@@SGX_N@Z 1000188e f i LineDisplay.obj
 0001:0000088e       ?OnFinalMessage@?$CWindowImplBaseT@VCWindow@ATL@@V?$CWinTraits@$0FGAAAAAA@$0A@@2@@ATL@@UAEXPAUHWND__@@@Z 1000188e f i LineDisplay.obj
 0001:00000891       ?GetCategoryMap@CComObjectRootBase@ATL@@SAPBU_ATL_CATMAP_ENTRY@2@XZ 10001891 f i LineDisplay.obj
 0001:00000891       ?GetObjectDescription@?$CComCoClass@VCOPOSLineDisplay@@$1?CLSID_OPOSLineDisplay@@3U_GUID@@B@ATL@@SGPB_WXZ 10001891 f i LineDisplay.obj
 0001:00000894       ?Clone@?$CComEnumImpl@UIEnumConnections@@$1?_GUID_b196b287_bab4_101a_b69c_00aa00341d07@@3U__s_GUID@@BUtagCONNECTDATA@@V?$_Copy@UtagCONNECTDATA@@@ATL@@@ATL@@UAGJPAPAUIEnumConnections@@@Z 10001894 f i LineDisplay.obj
 0001:00000975       ?AddRef@?$CComObject@V?$CComEnum@UIEnumConnectionPoints@@$1?_GUID_b196b285_bab4_101a_b69c_00aa00341d07@@3U__s_GUID@@BPAUIConnectionPoint@@V?$_CopyInterface@UIConnectionPoint@@@ATL@@VCComSingleThreadModel@6@@ATL@@@ATL@@UAGKXZ 10001975 f i LineDisplay.obj
 0001:00000975       ?AddRef@?$CComObject@V?$CComEnum@UIEnumConnections@@$1?_GUID_b196b287_bab4_101a_b69c_00aa00341d07@@3U__s_GUID@@BUtagCONNECTDATA@@V?$_Copy@UtagCONNECTDATA@@@ATL@@VCComSingleThreadModel@6@@ATL@@@ATL@@UAGKXZ 10001975 f i LineDisplay.obj
 0001:00000986       ?Release@?$CComObject@V?$CComEnum@UIEnumConnections@@$1?_GUID_b196b287_bab4_101a_b69c_00aa00341d07@@3U__s_GUID@@BUtagCONNECTDATA@@V?$_Copy@UtagCONNECTDATA@@@ATL@@VCComSingleThreadModel@6@@ATL@@@ATL@@UAGKXZ 10001986 f i LineDisplay.obj
 0001:00000986       ?Release@?$CComObject@V?$CComEnum@UIEnumConnectionPoints@@$1?_GUID_b196b285_bab4_101a_b69c_00aa00341d07@@3U__s_GUID@@BPAUIConnectionPoint@@V?$_CopyInterface@UIConnectionPoint@@@ATL@@VCComSingleThreadModel@6@@ATL@@@ATL@@UAGKXZ 10001986 f i LineDisplay.obj
 0001:000009c2       ?QueryInterface@?$CComObject@V?$CComEnum@UIEnumConnections@@$1?_GUID_b196b287_bab4_101a_b69c_00aa00341d07@@3U__s_GUID@@BUtagCONNECTDATA@@V?$_Copy@UtagCONNECTDATA@@@ATL@@VCComSingleThreadModel@6@@ATL@@@ATL@@UAGJABU_GUID@@PAPAX@Z 100019c2 f i LineDisplay.obj
 0001:000009dc       ??_E?$CComObject@V?$CComEnum@UIEnumConnections@@$1?_GUID_b196b287_bab4_101a_b69c_00aa00341d07@@3U__s_GUID@@BUtagCONNECTDATA@@V?$_Copy@UtagCONNECTDATA@@@ATL@@VCComSingleThreadModel@6@@ATL@@@ATL@@UAEPAXI@Z 100019dc f i LineDisplay.obj
 0001:000009dc       ??_G?$CComObject@V?$CComEnum@UIEnumConnections@@$1?_GUID_b196b287_bab4_101a_b69c_00aa00341d07@@3U__s_GUID@@BUtagCONNECTDATA@@V?$_Copy@UtagCONNECTDATA@@@ATL@@VCComSingleThreadModel@6@@ATL@@@ATL@@UAEPAXI@Z 100019dc f i LineDisplay.obj
 0001:000009fe       ?CreateInstance@CComClassFactory@ATL@@UAGJPAUIUnknown@@ABU_GUID@@PAPAX@Z 100019fe f i LineDisplay.obj
 0001:00000a3c       ?LockServer@CComClassFactory@ATL@@UAGJH@Z 10001a3c f i LineDisplay.obj
 0001:00000a5b       ??_ECComClassFactory@ATL@@UAEPAXI@Z 10001a5b f i LineDisplay.obj
 0001:00000a5b       ??_GCComClassFactory@ATL@@UAEPAXI@Z 10001a5b f i LineDisplay.obj
 0001:00000a86       ??_E?$CComObject@VCOPOSLineDisplay@@@ATL@@W3AEPAXI@Z 10001a86 f i LineDisplay.obj
 0001:00000a8e       ??_E?$CComObject@VCOPOSLineDisplay@@@ATL@@WEM@AEPAXI@Z 10001a8e f i LineDisplay.obj
 0001:00000a96       ?QueryInterface@?$CComObject@VCOPOSLineDisplay@@@ATL@@WHA@AGJABU_GUID@@PAPAX@Z 10001a96 f i LineDisplay.obj
 0001:00000aa0       ?AddRef@?$CComObject@VCOPOSLineDisplay@@@ATL@@WHA@AGKXZ 10001aa0 f i LineDisplay.obj
 0001:00000aaa       ?Release@?$CComObject@VCOPOSLineDisplay@@@ATL@@WHA@AGKXZ 10001aaa f i LineDisplay.obj
 0001:00000ab4       ?QueryInterface@?$CComObject@VCOPOSLineDisplay@@@ATL@@WHE@AGJABU_GUID@@PAPAX@Z 10001ab4 f i LineDisplay.obj
 0001:00000abe       ?AddRef@?$CComObject@VCOPOSLineDisplay@@@ATL@@WHE@AGKXZ 10001abe f i LineDisplay.obj
 0001:00000ac8       ?Release@?$CComObject@VCOPOSLineDisplay@@@ATL@@WHE@AGKXZ 10001ac8 f i LineDisplay.obj
 0001:00000ad2       ?QueryInterface@?$CComObject@VCOPOSLineDisplay@@@ATL@@WHI@AGJABU_GUID@@PAPAX@Z 10001ad2 f i LineDisplay.obj
 0001:00000adc       ?AddRef@?$CComObject@VCOPOSLineDisplay@@@ATL@@WHI@AGKXZ 10001adc f i LineDisplay.obj
 0001:00000ae6       ?Release@?$CComObject@VCOPOSLineDisplay@@@ATL@@WHI@AGKXZ 10001ae6 f i LineDisplay.obj
 0001:00000af0       ?QueryInterface@?$CComObject@VCOPOSLineDisplay@@@ATL@@WHM@AGJABU_GUID@@PAPAX@Z 10001af0 f i LineDisplay.obj
 0001:00000afa       ?AddRef@?$CComObject@VCOPOSLineDisplay@@@ATL@@WHM@AGKXZ 10001afa f i LineDisplay.obj
 0001:00000b04       ?Release@?$CComObject@VCOPOSLineDisplay@@@ATL@@WHM@AGKXZ 10001b04 f i LineDisplay.obj
 0001:00000b0e       ?QueryInterface@?$CComObject@VCOPOSLineDisplay@@@ATL@@WIA@AGJABU_GUID@@PAPAX@Z 10001b0e f i LineDisplay.obj
 0001:00000b1b       ?AddRef@?$CComObject@VCOPOSLineDisplay@@@ATL@@WIA@AGKXZ 10001b1b f i LineDisplay.obj
 0001:00000b28       ?Release@?$CComObject@VCOPOSLineDisplay@@@ATL@@WIA@AGKXZ 10001b28 f i LineDisplay.obj
 0001:00000b35       ?QueryInterface@?$CComObject@VCOPOSLineDisplay@@@ATL@@WIE@AGJABU_GUID@@PAPAX@Z 10001b35 f i LineDisplay.obj
 0001:00000b42       ?AddRef@?$CComObject@VCOPOSLineDisplay@@@ATL@@WIE@AGKXZ 10001b42 f i LineDisplay.obj
 0001:00000b4f       ?Release@?$CComObject@VCOPOSLineDisplay@@@ATL@@WIE@AGKXZ 10001b4f f i LineDisplay.obj
 0001:00000b5c       ?QueryInterface@?$CComObject@VCOPOSLineDisplay@@@ATL@@WII@AGJABU_GUID@@PAPAX@Z 10001b5c f i LineDisplay.obj
 0001:00000b69       ?AddRef@?$CComObject@VCOPOSLineDisplay@@@ATL@@WII@AGKXZ 10001b69 f i LineDisplay.obj
 0001:00000b76       ?Release@?$CComObject@VCOPOSLineDisplay@@@ATL@@WII@AGKXZ 10001b76 f i LineDisplay.obj
 0001:00000b83       ?QueryInterface@?$CComObject@VCOPOSLineDisplay@@@ATL@@WIM@AGJABU_GUID@@PAPAX@Z 10001b83 f i LineDisplay.obj
 0001:00000b90       ?AddRef@?$CComObject@VCOPOSLineDisplay@@@ATL@@WIM@AGKXZ 10001b90 f i LineDisplay.obj
 0001:00000b9d       ?Release@?$CComObject@VCOPOSLineDisplay@@@ATL@@WIM@AGKXZ 10001b9d f i LineDisplay.obj
 0001:00000baa       ?QueryInterface@?$CComObject@VCOPOSLineDisplay@@@ATL@@WJA@AGJABU_GUID@@PAPAX@Z 10001baa f i LineDisplay.obj
 0001:00000bb7       ?AddRef@?$CComObject@VCOPOSLineDisplay@@@ATL@@WJA@AGKXZ 10001bb7 f i LineDisplay.obj
 0001:00000bc4       ?Release@?$CComObject@VCOPOSLineDisplay@@@ATL@@WJA@AGKXZ 10001bc4 f i LineDisplay.obj
 0001:00000bd1       ?QueryInterface@?$CComObject@VCOPOSLineDisplay@@@ATL@@WJE@AGJABU_GUID@@PAPAX@Z 10001bd1 f i LineDisplay.obj
 0001:00000bde       ?AddRef@?$CComObject@VCOPOSLineDisplay@@@ATL@@WJE@AGKXZ 10001bde f i LineDisplay.obj
 0001:00000beb       ?Release@?$CComObject@VCOPOSLineDisplay@@@ATL@@WJE@AGKXZ 10001beb f i LineDisplay.obj
 0001:00000bf8       ?QueryInterface@?$CComObject@VCOPOSLineDisplay@@@ATL@@WJI@AGJABU_GUID@@PAPAX@Z 10001bf8 f i LineDisplay.obj
 0001:00000c05       ?AddRef@?$CComObject@VCOPOSLineDisplay@@@ATL@@WJI@AGKXZ 10001c05 f i LineDisplay.obj
 0001:00000c12       ?Release@?$CComObject@VCOPOSLineDisplay@@@ATL@@WJI@AGKXZ 10001c12 f i LineDisplay.obj
 0001:00000c1f       ?QueryInterface@?$CComObject@VCOPOSLineDisplay@@@ATL@@WJM@AGJABU_GUID@@PAPAX@Z 10001c1f f i LineDisplay.obj
 0001:00000c2c       ?AddRef@?$CComObject@VCOPOSLineDisplay@@@ATL@@WJM@AGKXZ 10001c2c f i LineDisplay.obj
 0001:00000c39       ?Release@?$CComObject@VCOPOSLineDisplay@@@ATL@@WJM@AGKXZ 10001c39 f i LineDisplay.obj
 0001:00000c46       ?QueryInterface@?$CComObject@VCOPOSLineDisplay@@@ATL@@WKA@AGJABU_GUID@@PAPAX@Z 10001c46 f i LineDisplay.obj
 0001:00000c53       ?AddRef@?$CComObject@VCOPOSLineDisplay@@@ATL@@WKA@AGKXZ 10001c53 f i LineDisplay.obj
 0001:00000c60       ?Release@?$CComObject@VCOPOSLineDisplay@@@ATL@@WKA@AGKXZ 10001c60 f i LineDisplay.obj
 0001:00000c6d       ?AddRef@?$CComObject@VCOPOSLineDisplay@@@ATL@@WKI@AGKXZ 10001c6d f i LineDisplay.obj
 0001:00000c7a       ?Release@?$CComObject@VCOPOSLineDisplay@@@ATL@@WKI@AGKXZ 10001c7a f i LineDisplay.obj
 0001:00000c87       ?AddRef@?$CComObject@VCOPOSLineDisplay@@@ATL@@WLE@AGKXZ 10001c87 f i LineDisplay.obj
 0001:00000c94       ?Release@?$CComObject@VCOPOSLineDisplay@@@ATL@@WLE@AGKXZ 10001c94 f i LineDisplay.obj
 0001:00000ca1       ??_E?$CComContainedObject@VCOPOSLineDisplay@@@ATL@@W3AEPAXI@Z 10001ca1 f i LineDisplay.obj
 0001:00000ca9       ??_E?$CComContainedObject@VCOPOSLineDisplay@@@ATL@@WEM@AEPAXI@Z 10001ca9 f i LineDisplay.obj
 0001:00000cb1       ?QueryInterface@?$CComContainedObject@VCOPOSLineDisplay@@@ATL@@WHA@AGJABU_GUID@@PAPAX@Z 10001cb1 f i LineDisplay.obj
 0001:00000cbb       ?AddRef@?$CComContainedObject@VCOPOSLineDisplay@@@ATL@@WHA@AGKXZ 10001cbb f i LineDisplay.obj
 0001:00000cc5       ?Release@?$CComContainedObject@VCOPOSLineDisplay@@@ATL@@WHA@AGKXZ 10001cc5 f i LineDisplay.obj
 0001:00000ccf       ?QueryInterface@?$CComContainedObject@VCOPOSLineDisplay@@@ATL@@WHE@AGJABU_GUID@@PAPAX@Z 10001ccf f i LineDisplay.obj
 0001:00000cd9       ?AddRef@?$CComContainedObject@VCOPOSLineDisplay@@@ATL@@WHE@AGKXZ 10001cd9 f i LineDisplay.obj
 0001:00000ce3       ?Release@?$CComContainedObject@VCOPOSLineDisplay@@@ATL@@WHE@AGKXZ 10001ce3 f i LineDisplay.obj
 0001:00000ced       ?QueryInterface@?$CComContainedObject@VCOPOSLineDisplay@@@ATL@@WHI@AGJABU_GUID@@PAPAX@Z 10001ced f i LineDisplay.obj
 0001:00000cf7       ?AddRef@?$CComContainedObject@VCOPOSLineDisplay@@@ATL@@WHI@AGKXZ 10001cf7 f i LineDisplay.obj
 0001:00000d01       ?Release@?$CComContainedObject@VCOPOSLineDisplay@@@ATL@@WHI@AGKXZ 10001d01 f i LineDisplay.obj
 0001:00000d0b       ?QueryInterface@?$CComContainedObject@VCOPOSLineDisplay@@@ATL@@WHM@AGJABU_GUID@@PAPAX@Z 10001d0b f i LineDisplay.obj
 0001:00000d15       ?AddRef@?$CComContainedObject@VCOPOSLineDisplay@@@ATL@@WHM@AGKXZ 10001d15 f i LineDisplay.obj
 0001:00000d1f       ?Release@?$CComContainedObject@VCOPOSLineDisplay@@@ATL@@WHM@AGKXZ 10001d1f f i LineDisplay.obj
 0001:00000d29       ?QueryInterface@?$CComContainedObject@VCOPOSLineDisplay@@@ATL@@WIA@AGJABU_GUID@@PAPAX@Z 10001d29 f i LineDisplay.obj
 0001:00000d36       ?AddRef@?$CComContainedObject@VCOPOSLineDisplay@@@ATL@@WIA@AGKXZ 10001d36 f i LineDisplay.obj
 0001:00000d43       ?Release@?$CComContainedObject@VCOPOSLineDisplay@@@ATL@@WIA@AGKXZ 10001d43 f i LineDisplay.obj
 0001:00000d50       ?QueryInterface@?$CComContainedObject@VCOPOSLineDisplay@@@ATL@@WIE@AGJABU_GUID@@PAPAX@Z 10001d50 f i LineDisplay.obj
 0001:00000d5d       ?AddRef@?$CComContainedObject@VCOPOSLineDisplay@@@ATL@@WIE@AGKXZ 10001d5d f i LineDisplay.obj
 0001:00000d6a       ?Release@?$CComContainedObject@VCOPOSLineDisplay@@@ATL@@WIE@AGKXZ 10001d6a f i LineDisplay.obj
 0001:00000d77       ?QueryInterface@?$CComContainedObject@VCOPOSLineDisplay@@@ATL@@WII@AGJABU_GUID@@PAPAX@Z 10001d77 f i LineDisplay.obj
 0001:00000d84       ?AddRef@?$CComContainedObject@VCOPOSLineDisplay@@@ATL@@WII@AGKXZ 10001d84 f i LineDisplay.obj
 0001:00000d91       ?Release@?$CComContainedObject@VCOPOSLineDisplay@@@ATL@@WII@AGKXZ 10001d91 f i LineDisplay.obj
 0001:00000d9e       ?QueryInterface@?$CComContainedObject@VCOPOSLineDisplay@@@ATL@@WIM@AGJABU_GUID@@PAPAX@Z 10001d9e f i LineDisplay.obj
 0001:00000dab       ?AddRef@?$CComContainedObject@VCOPOSLineDisplay@@@ATL@@WIM@AGKXZ 10001dab f i LineDisplay.obj
 0001:00000db8       ?Release@?$CComContainedObject@VCOPOSLineDisplay@@@ATL@@WIM@AGKXZ 10001db8 f i LineDisplay.obj
 0001:00000dc5       ?QueryInterface@?$CComContainedObject@VCOPOSLineDisplay@@@ATL@@WJA@AGJABU_GUID@@PAPAX@Z 10001dc5 f i LineDisplay.obj
 0001:00000dd2       ?AddRef@?$CComContainedObject@VCOPOSLineDisplay@@@ATL@@WJA@AGKXZ 10001dd2 f i LineDisplay.obj
 0001:00000ddf       ?Release@?$CComContainedObject@VCOPOSLineDisplay@@@ATL@@WJA@AGKXZ 10001ddf f i LineDisplay.obj
 0001:00000dec       ?QueryInterface@?$CComContainedObject@VCOPOSLineDisplay@@@ATL@@WJE@AGJABU_GUID@@PAPAX@Z 10001dec f i LineDisplay.obj
 0001:00000df9       ?AddRef@?$CComContainedObject@VCOPOSLineDisplay@@@ATL@@WJE@AGKXZ 10001df9 f i LineDisplay.obj
 0001:00000e06       ?Release@?$CComContainedObject@VCOPOSLineDisplay@@@ATL@@WJE@AGKXZ 10001e06 f i LineDisplay.obj
 0001:00000e13       ?QueryInterface@?$CComContainedObject@VCOPOSLineDisplay@@@ATL@@WJI@AGJABU_GUID@@PAPAX@Z 10001e13 f i LineDisplay.obj
 0001:00000e20       ?AddRef@?$CComContainedObject@VCOPOSLineDisplay@@@ATL@@WJI@AGKXZ 10001e20 f i LineDisplay.obj
 0001:00000e2d       ?Release@?$CComContainedObject@VCOPOSLineDisplay@@@ATL@@WJI@AGKXZ 10001e2d f i LineDisplay.obj
 0001:00000e3a       ?QueryInterface@?$CComContainedObject@VCOPOSLineDisplay@@@ATL@@WJM@AGJABU_GUID@@PAPAX@Z 10001e3a f i LineDisplay.obj
 0001:00000e47       ?AddRef@?$CComContainedObject@VCOPOSLineDisplay@@@ATL@@WJM@AGKXZ 10001e47 f i LineDisplay.obj
 0001:00000e54       ?Release@?$CComContainedObject@VCOPOSLineDisplay@@@ATL@@WJM@AGKXZ 10001e54 f i LineDisplay.obj
 0001:00000e61       ?QueryInterface@?$CComContainedObject@VCOPOSLineDisplay@@@ATL@@WKA@AGJABU_GUID@@PAPAX@Z 10001e61 f i LineDisplay.obj
 0001:00000e6e       ?AddRef@?$CComContainedObject@VCOPOSLineDisplay@@@ATL@@WKA@AGKXZ 10001e6e f i LineDisplay.obj
 0001:00000e7b       ?Release@?$CComContainedObject@VCOPOSLineDisplay@@@ATL@@WKA@AGKXZ 10001e7b f i LineDisplay.obj
 0001:00000e88       ?AddRef@?$CComContainedObject@VCOPOSLineDisplay@@@ATL@@WKI@AGKXZ 10001e88 f i LineDisplay.obj
 0001:00000e95       ?Release@?$CComContainedObject@VCOPOSLineDisplay@@@ATL@@WKI@AGKXZ 10001e95 f i LineDisplay.obj
 0001:00000ea2       ?AddRef@?$CComContainedObject@VCOPOSLineDisplay@@@ATL@@WLE@AGKXZ 10001ea2 f i LineDisplay.obj
 0001:00000eaf       ?Release@?$CComContainedObject@VCOPOSLineDisplay@@@ATL@@WLE@AGKXZ 10001eaf f i LineDisplay.obj
 0001:00000ebc       ?GetWindowProc@?$CWindowImplBaseT@VCWindow@ATL@@V?$CWinTraits@$0FGAAAAAA@$0A@@2@@ATL@@UAEP6GJPAUHWND__@@IIJ@ZXZ 10001ebc f i LineDisplay.obj
 0001:00000ec2       ?StartWindowProc@?$CWindowImplBaseT@VCWindow@ATL@@V?$CWinTraits@$0FGAAAAAA@$0A@@2@@ATL@@SGJPAUHWND__@@IIJ@Z 10001ec2 f i LineDisplay.obj
 0001:00000f16       ?GetTypeInfoCount@?$IDispatchImpl@UIOPOSLineDisplay@@$1?IID_IOPOSLineDisplay@@3U_GUID@@B$1?LIBID_OposLineDisplay_CCO@@3U3@B$00$0A@VCComTypeInfoHolder@ATL@@@ATL@@UAGJPAI@Z 10001f16 f i LineDisplay.obj
 0001:00000f33       ?GetTypeInfo@?$IDispatchImpl@UIOPOSLineDisplay@@$1?IID_IOPOSLineDisplay@@3U_GUID@@B$1?LIBID_OposLineDisplay_CCO@@3U3@B$00$0A@VCComTypeInfoHolder@ATL@@@ATL@@UAGJIKPAPAUITypeInfo@@@Z 10001f33 f i LineDisplay.obj
 0001:00000f57       ?GetIDsOfNames@?$IDispatchImpl@UIOPOSLineDisplay@@$1?IID_IOPOSLineDisplay@@3U_GUID@@B$1?LIBID_OposLineDisplay_CCO@@3U3@B$00$0A@VCComTypeInfoHolder@ATL@@@ATL@@UAGJABU_GUID@@PAPA_WIKPAJ@Z 10001f57 f i LineDisplay.obj
 0001:00000f77       ?Invoke@?$IDispatchImpl@UIOPOSLineDisplay@@$1?IID_IOPOSLineDisplay@@3U_GUID@@B$1?LIBID_OposLineDisplay_CCO@@3U3@B$00$0A@VCComTypeInfoHolder@ATL@@@ATL@@UAGJJABU_GUID@@KGPAUtagDISPPARAMS@@PAUtagVARIANT@@PAUtagEXCEPINFO@@PAI@Z 10001f77 f i LineDisplay.obj
 0001:00000f85       ?CreateControlWindow@?$CComControl@VCOPOSLineDisplay@@V?$CWindowImpl@VCOPOSLineDisplay@@VCWindow@ATL@@V?$CWinTraits@$0FGAAAAAA@$0A@@3@@ATL@@@ATL@@UAEPAUHWND__@@PAU3@AAUtagRECT@@@Z 10001f85 f i LineDisplay.obj
 0001:00000fb4       ?ControlQueryInterface@?$CComControl@VCOPOSLineDisplay@@V?$CWindowImpl@VCOPOSLineDisplay@@VCWindow@ATL@@V?$CWinTraits@$0FGAAAAAA@$0A@@3@@ATL@@@ATL@@UAEJABU_GUID@@PAPAX@Z 10001fb4 f i LineDisplay.obj
 0001:00000fcf       ?GetClassID@?$IPersistStreamInitImpl@VCOPOSLineDisplay@@@ATL@@UAGJPAU_GUID@@@Z 10001fcf f i LineDisplay.obj
 0001:00000fcf       ?GetClassID@?$IPersistStorageImpl@VCOPOSLineDisplay@@@ATL@@UAGJPAU_GUID@@@Z 10001fcf f i LineDisplay.obj
 0001:00000fcf       ?GetUserClassID@?$IOleObjectImpl@VCOPOSLineDisplay@@@ATL@@UAGJPAU_GUID@@@Z 10001fcf f i LineDisplay.obj
 0001:00000ff3       ?IsDirty@?$IPersistStreamInitImpl@VCOPOSLineDisplay@@@ATL@@UAGJXZ 10001ff3 f i LineDisplay.obj
 0001:00001012       ?Load@?$IPersistStreamInitImpl@VCOPOSLineDisplay@@@ATL@@UAGJPAUIStream@@@Z 10002012 f i LineDisplay.obj
 0001:00001031       ?Save@?$IPersistStreamInitImpl@VCOPOSLineDisplay@@@ATL@@UAGJPAUIStream@@H@Z 10002031 f i LineDisplay.obj
 0001:00001053       ?GetSizeMax@?$IPersistStreamInitImpl@VCOPOSLineDisplay@@@ATL@@UAGJPAT_ULARGE_INTEGER@@@Z 10002053 f i LineDisplay.obj
 0001:00001232       ?InitNew@?$IPersistStreamInitImpl@VCOPOSLineDisplay@@@ATL@@UAGJXZ 10002232 f i LineDisplay.obj
 0001:0000124f       ?SODataDummy@COPOSLineDisplay@@MAGJJ@Z 1000224f f i LineDisplay.obj
 0001:0000124f       ?SOOutputCompleteDummy@COPOSLineDisplay@@MAGJJ@Z 1000224f f i LineDisplay.obj
 0001:0000124f       ?QueryGetData@?$IDataObjectImpl@VCOPOSLineDisplay@@@ATL@@UAGJPAUtagFORMATETC@@@Z 1000224f f i LineDisplay.obj
 0001:0000124f       ?OnMnemonic@?$IOleControlImpl@VCOPOSLineDisplay@@@ATL@@UAGJPAUtagMSG@@@Z 1000224f f i LineDisplay.obj
 0001:0000124f       ?GetControlInfo@?$IOleControlImpl@VCOPOSLineDisplay@@@ATL@@UAGJPAUtagCONTROLINFO@@@Z 1000224f f i LineDisplay.obj
 0001:0000124f       ?ContextSensitiveHelp@?$IOleInPlaceObjectWindowlessImpl@VCOPOSLineDisplay@@@ATL@@UAGJH@Z 1000224f f i LineDisplay.obj
 0001:0000124f       ?ContextSensitiveHelp@?$IOleInPlaceActiveObjectImpl@VCOPOSLineDisplay@@@ATL@@UAGJH@Z 1000224f f i LineDisplay.obj
 0001:0000124f       ?GetDropTarget@?$IOleInPlaceObjectWindowlessImpl@VCOPOSLineDisplay@@@ATL@@UAGJPAPAUIDropTarget@@@Z 1000224f f i LineDisplay.obj
 0001:0000124f       ?Unfreeze@?$IViewObjectExImpl@VCOPOSLineDisplay@@@ATL@@UAGJK@Z 1000224f f i LineDisplay.obj
 0001:0000124f       ?SetColorScheme@?$IOleObjectImpl@VCOPOSLineDisplay@@@ATL@@UAGJPAUtagLOGPALETTE@@@Z 1000224f f i LineDisplay.obj
 0001:00001257       ?EnableModeless@?$IOleInPlaceActiveObjectImpl@VCOPOSLineDisplay@@@ATL@@UAGJH@Z 10002257 f i LineDisplay.obj
 0001:00001257       ?OnFrameWindowActivate@?$IOleInPlaceActiveObjectImpl@VCOPOSLineDisplay@@@ATL@@UAGJH@Z 10002257 f i LineDisplay.obj
 0001:00001257       ?SaveCompleted@?$IPersistStorageImpl@VCOPOSLineDisplay@@@ATL@@UAGJPAUIStorage@@@Z 10002257 f i LineDisplay.obj
 0001:00001257       ?OnAmbientPropertyChange@?$IOleControlImpl@VCOPOSLineDisplay@@@ATL@@UAGJJ@Z 10002257 f i LineDisplay.obj
 0001:0000125c       ?SetClientSite@?$IOleObjectImpl@VCOPOSLineDisplay@@@ATL@@UAGJPAUIOleClientSite@@@Z 1000225c f i LineDisplay.obj
 0001:00001279       ?GetClientSite@?$IOleObjectImpl@VCOPOSLineDisplay@@@ATL@@UAGJPAPAUIOleClientSite@@@Z 10002279 f i LineDisplay.obj
 0001:00001296       ?SetHostNames@?$IOleObjectImpl@VCOPOSLineDisplay@@@ATL@@UAGJPB_W0@Z 10002296 f i LineDisplay.obj
 0001:0000129b       ?Close@?$IOleObjectImpl@VCOPOSLineDisplay@@@ATL@@UAGJK@Z 1000229b f i LineDisplay.obj
 0001:000012b8       ?SetMoniker@?$IOleObjectImpl@VCOPOSLineDisplay@@@ATL@@UAGJKPAUIMoniker@@@Z 100022b8 f i LineDisplay.obj
 0001:000012b8       ?EnumFormatEtc@?$IDataObjectImpl@VCOPOSLineDisplay@@@ATL@@UAGJKPAPAUIEnumFORMATETC@@@Z 100022b8 f i LineDisplay.obj
 0001:000012b8       ?GetRect@?$IViewObjectExImpl@VCOPOSLineDisplay@@@ATL@@UAGJKPAU_RECTL@@@Z 100022b8 f i LineDisplay.obj
 0001:000012b8       ?GetClipboardData@?$IOleObjectImpl@VCOPOSLineDisplay@@@ATL@@UAGJKPAPAUIDataObject@@@Z 100022b8 f i LineDisplay.obj
 0001:000012b8       ?GetDataHere@?$IDataObjectImpl@VCOPOSLineDisplay@@@ATL@@UAGJPAUtagFORMATETC@@PAUtagSTGMEDIUM@@@Z 100022b8 f i LineDisplay.obj
 0001:000012b8       ?QueryInterface@CRegObject@ATL@@UAGJABU_GUID@@PAPAX@Z 100022b8 f i LineDisplay.obj
 0001:000012b8       ?GetCanonicalFormatEtc@?$IDataObjectImpl@VCOPOSLineDisplay@@@ATL@@UAGJPAUtagFORMATETC@@0@Z 100022b8 f i LineDisplay.obj
 0001:000012c0       ?SetData@?$IDataObjectImpl@VCOPOSLineDisplay@@@ATL@@UAGJPAUtagFORMATETC@@PAUtagSTGMEDIUM@@H@Z 100022c0 f i LineDisplay.obj
 0001:000012c0       ?InitFromData@?$IOleObjectImpl@VCOPOSLineDisplay@@@ATL@@UAGJPAUIDataObject@@HK@Z 100022c0 f i LineDisplay.obj
 0001:000012c0       ?GetMoniker@?$IOleObjectImpl@VCOPOSLineDisplay@@@ATL@@UAGJKKPAPAUIMoniker@@@Z 100022c0 f i LineDisplay.obj
 0001:000012c8       ?DoVerb@?$IOleObjectImpl@VCOPOSLineDisplay@@@ATL@@UAGJJPAUtagMSG@@PAUIOleClientSite@@JPAUHWND__@@PBUtagRECT@@@Z 100022c8 f i LineDisplay.obj
 0001:000013bc       ?EnumVerbs@?$IOleObjectImpl@VCOPOSLineDisplay@@@ATL@@UAGJPAPAUIEnumOLEVERB@@@Z 100023bc f i LineDisplay.obj
 0001:000013de       ?Update@?$IOleObjectImpl@VCOPOSLineDisplay@@@ATL@@UAGJXZ 100023de f i LineDisplay.obj
 0001:000013de       ?HandsOffStorage@?$IPersistStorageImpl@VCOPOSLineDisplay@@@ATL@@UAGJXZ 100023de f i LineDisplay.obj
 0001:000013de       ?Release@CRegObject@ATL@@UAGKXZ 100023de f i LineDisplay.obj
 0001:000013de       ?IsUpToDate@?$IOleObjectImpl@VCOPOSLineDisplay@@@ATL@@UAGJXZ 100023de f i LineDisplay.obj
 0001:000013e3       ?GetUserType@?$IOleObjectImpl@VCOPOSLineDisplay@@@ATL@@UAGJKPAPA_W@Z 100023e3 f i LineDisplay.obj
 0001:000013fb       ?SetExtent@?$IOleObjectImpl@VCOPOSLineDisplay@@@ATL@@UAGJKPAUtagSIZE@@@Z 100023fb f i LineDisplay.obj
 0001:0000141b       ?GetExtent@?$IOleObjectImpl@VCOPOSLineDisplay@@@ATL@@UAGJKPAUtagSIZE@@@Z 1000241b f i LineDisplay.obj
 0001:00001459       ?Advise@?$IOleObjectImpl@VCOPOSLineDisplay@@@ATL@@UAGJPAUIAdviseSink@@PAK@Z 10002459 f i LineDisplay.obj
 0001:00001479       ?Unadvise@?$IOleObjectImpl@VCOPOSLineDisplay@@@ATL@@UAGJK@Z 10002479 f i LineDisplay.obj
 0001:000014a8       ?EnumAdvise@?$IOleObjectImpl@VCOPOSLineDisplay@@@ATL@@UAGJPAPAUIEnumSTATDATA@@@Z 100024a8 f i LineDisplay.obj
 0001:000014e8       ?GetMiscStatus@?$IOleObjectImpl@VCOPOSLineDisplay@@@ATL@@UAGJKPAK@Z 100024e8 f i LineDisplay.obj
 0001:00001500       ?GetWindow@?$IOleInPlaceActiveObjectImpl@VCOPOSLineDisplay@@@ATL@@UAGJPAPAUHWND__@@@Z 10002500 f i LineDisplay.obj
 0001:0000154d       ?TranslateAcceleratorW@?$IOleInPlaceActiveObjectImpl@VCOPOSLineDisplay@@@ATL@@UAGJPAUtagMSG@@@Z 1000254d f i LineDisplay.obj
 0001:000015fb       ?OnDocWindowActivate@?$IOleInPlaceActiveObjectImpl@VCOPOSLineDisplay@@@ATL@@UAGJH@Z 100025fb f i LineDisplay.obj
 0001:0000161d       ?ResizeBorder@?$IOleInPlaceActiveObjectImpl@VCOPOSLineDisplay@@@ATL@@UAGJPBUtagRECT@@PAUIOleInPlaceUIWindow@@H@Z 1000261d f i LineDisplay.obj
 0001:00001622       ?Draw@?$IViewObjectExImpl@VCOPOSLineDisplay@@@ATL@@UAGJKJPAXPAUtagDVTARGETDEVICE@@PAUHDC__@@2PBU_RECTL@@3P6GHK@ZK@Z 10002622 f i LineDisplay.obj
 0001:00001654       ?GetColorSet@?$IViewObjectExImpl@VCOPOSLineDisplay@@@ATL@@UAGJKJPAXPAUtagDVTARGETDEVICE@@PAUHDC__@@PAPAUtagLOGPALETTE@@@Z 10002654 f i LineDisplay.obj
 0001:0000165c       ?SOErrorDummy@COPOSLineDisplay@@MAGJJJJPAJ@Z 1000265c f i LineDisplay.obj
 0001:0000165c       ?Freeze@?$IViewObjectExImpl@VCOPOSLineDisplay@@@ATL@@UAGJKJPAXPAK@Z 1000265c f i LineDisplay.obj
 0001:00001664       ?SetAdvise@?$IViewObjectExImpl@VCOPOSLineDisplay@@@ATL@@UAGJKKPAUIAdviseSink@@@Z 10002664 f i LineDisplay.obj
 0001:00001683       ?GetAdvise@?$IViewObjectExImpl@VCOPOSLineDisplay@@@ATL@@UAGJPAK0PAPAUIAdviseSink@@@Z 10002683 f i LineDisplay.obj
 0001:000016b8       ?GetExtent@?$IViewObjectExImpl@VCOPOSLineDisplay@@@ATL@@UAGJKJPAUtagDVTARGETDEVICE@@PAUtagSIZE@@@Z 100026b8 f i LineDisplay.obj
 0001:000016e9       ?GetViewStatus@?$IViewObjectExImpl@VCOPOSLineDisplay@@@ATL@@UAGJPAK@Z 100026e9 f i LineDisplay.obj
 0001:00001706       ?QueryHitPoint@?$IViewObjectExImpl@VCOPOSLineDisplay@@@ATL@@UAGJKPBUtagRECT@@UtagPOINT@@JPAK@Z 10002706 f i LineDisplay.obj
 0001:00001747       ?QueryHitRect@?$IViewObjectExImpl@VCOPOSLineDisplay@@@ATL@@UAGJKPBUtagRECT@@0JPAK@Z 10002747 f i LineDisplay.obj
 0001:000017a2       ?GetNaturalExtent@?$IViewObjectExImpl@VCOPOSLineDisplay@@@ATL@@UAGJKJPAUtagDVTARGETDEVICE@@PAUHDC__@@PAUtagExtentInfo@@PAUtagSIZE@@@Z 100027a2 f i LineDisplay.obj
 0001:000017ed       ?GetWindow@?$IOleInPlaceObjectWindowlessImpl@VCOPOSLineDisplay@@@ATL@@UAGJPAPAUHWND__@@@Z 100027ed f i LineDisplay.obj
 0001:0000183a       ?InPlaceDeactivate@?$IOleInPlaceObjectWindowlessImpl@VCOPOSLineDisplay@@@ATL@@UAGJXZ 1000283a f i LineDisplay.obj
 0001:00001854       ?UIDeactivate@?$IOleInPlaceObjectWindowlessImpl@VCOPOSLineDisplay@@@ATL@@UAGJXZ 10002854 f i LineDisplay.obj
 0001:0000186e       ?SetObjectRects@?$IOleInPlaceObjectWindowlessImpl@VCOPOSLineDisplay@@@ATL@@UAGJPBUtagRECT@@0@Z 1000286e f i LineDisplay.obj
 0001:0000188e       ?ReactivateAndUndo@?$IOleInPlaceObjectWindowlessImpl@VCOPOSLineDisplay@@@ATL@@UAGJXZ 1000288e f i LineDisplay.obj
 0001:00001896       ?OnWindowMessage@?$IOleInPlaceObjectWindowlessImpl@VCOPOSLineDisplay@@@ATL@@UAGJIIJPAJ@Z 10002896 f i LineDisplay.obj
 0001:00001906       ?EnumConnectionPoints@?$IConnectionPointContainerImpl@VCOPOSLineDisplay@@@ATL@@UAGJPAPAUIEnumConnectionPoints@@@Z 10002906 f i LineDisplay.obj
 0001:00001a96       ?FindConnectionPoint@?$IConnectionPointContainerImpl@VCOPOSLineDisplay@@@ATL@@UAGJABU_GUID@@PAPAUIConnectionPoint@@@Z 10002a96 f i LineDisplay.obj
 0001:00001b39       ?IsDirty@?$IPersistStorageImpl@VCOPOSLineDisplay@@@ATL@@UAGJXZ 10002b39 f i LineDisplay.obj
 0001:00001b69       ?InitNew@?$IPersistStorageImpl@VCOPOSLineDisplay@@@ATL@@UAGJPAUIStorage@@@Z 10002b69 f i LineDisplay.obj
 0001:00001b99       ?Load@?$IPersistStorageImpl@VCOPOSLineDisplay@@@ATL@@UAGJPAUIStorage@@@Z 10002b99 f i LineDisplay.obj
 0001:00001c05       ?Save@?$IPersistStorageImpl@VCOPOSLineDisplay@@@ATL@@UAGJPAUIStorage@@H@Z 10002c05 f i LineDisplay.obj
 0001:00001c78       ?GetPages@?$ISpecifyPropertyPagesImpl@VCOPOSLineDisplay@@@ATL@@UAGJPAUtagCAUUID@@@Z 10002c78 f i LineDisplay.obj
 0001:00001c8f       ?QuickActivate@?$IQuickActivateImpl@VCOPOSLineDisplay@@@ATL@@UAGJPAUtagQACONTAINER@@PAUtagQACONTROL@@@Z 10002c8f f i LineDisplay.obj
 0001:00001cb2       ?SetContentExtent@?$IQuickActivateImpl@VCOPOSLineDisplay@@@ATL@@UAGJPAUtagSIZE@@@Z 10002cb2 f i LineDisplay.obj
 0001:00001cde       ?GetContentExtent@?$IQuickActivateImpl@VCOPOSLineDisplay@@@ATL@@UAGJPAUtagSIZE@@@Z 10002cde f i LineDisplay.obj
 0001:00001d1a       ?Lock@CAtlModule@ATL@@UAEJXZ 10002d1a f i LineDisplay.obj
 0001:00001d24       ?Unlock@CAtlModule@ATL@@UAEJXZ 10002d24 f i LineDisplay.obj
 0001:00001d2e       ?GetLockCount@CAtlModule@ATL@@UAEJXZ 10002d2e f i LineDisplay.obj
 0001:00001d32       ?GetGITPtr@CAtlModule@ATL@@UAEJPAPAUIGlobalInterfaceTable@@@Z 10002d32 f i LineDisplay.obj
 0001:00001d7e       ?GetData@?$IDataObjectImpl@VCOPOSLineDisplay@@@ATL@@UAGJPAUtagFORMATETC@@PAUtagSTGMEDIUM@@@Z 10002d7e f i LineDisplay.obj
 0001:00001da1       ?DAdvise@?$IDataObjectImpl@VCOPOSLineDisplay@@@ATL@@UAGJPAUtagFORMATETC@@KPAUIAdviseSink@@PAK@Z 10002da1 f i LineDisplay.obj
 0001:00001de2       ?DUnadvise@?$IDataObjectImpl@VCOPOSLineDisplay@@@ATL@@UAGJK@Z 10002de2 f i LineDisplay.obj
 0001:00001e10       ?EnumDAdvise@?$IDataObjectImpl@VCOPOSLineDisplay@@@ATL@@UAGJPAPAUIEnumSTATDATA@@@Z 10002e10 f i LineDisplay.obj
 0001:00001e4f       ?GetClassInfoW@?$IProvideClassInfo2Impl@$1?CLSID_OPOSLineDisplay@@3U_GUID@@B$1?DIID__IOPOSLineDisplayEvents@@3U2@B$1?LIBID_OposLineDisplay_CCO@@3U2@B$00$0A@VCComTypeInfoHolder@ATL@@@ATL@@UAGJPAPAUITypeInfo@@@Z 10002e4f f i LineDisplay.obj
 0001:00001e65       ?GetGUID@?$IProvideClassInfo2Impl@$1?CLSID_OPOSLineDisplay@@3U_GUID@@B$1?DIID__IOPOSLineDisplayEvents@@3U2@B$1?LIBID_OposLineDisplay_CCO@@3U2@B$00$0A@VCComTypeInfoHolder@ATL@@@ATL@@UAGJKPAU_GUID@@@Z 10002e65 f i LineDisplay.obj
 0001:00001ea3       ?FAccessAllowed@?$IObjectSafetyImpl@VCOPOSLineDisplay@@$02@ATL@@MAEHXZ 10002ea3 f i LineDisplay.obj
 0001:00001ea3       __get_startup_argv_mode    10002ea3 f i LIBCMT:argv_mode.obj
 0001:00001ea7       ?GetInterfaceSafetyOptions@?$IObjectSafetyImpl@VCOPOSLineDisplay@@$02@ATL@@UAGJABU_GUID@@PAK1@Z 10002ea7 f i LineDisplay.obj
 0001:00001f1a       ?SetInterfaceSafetyOptions@?$IObjectSafetyImpl@VCOPOSLineDisplay@@$02@ATL@@UAGJABU_GUID@@KK@Z 10002f1a f i LineDisplay.obj
 0001:00001f94       ?_LocCPQueryInterface@?$IConnectionPointImpl@VCOPOSLineDisplay@@$1?IID_IPropertyNotifySink@@3U_GUID@@BVCComDynamicUnkArray@ATL@@@ATL@@UAGJABU_GUID@@PAPAX@Z 10002f94 f i LineDisplay.obj
 0001:00001f94       ?_LocCPQueryInterface@?$IConnectionPointImpl@VCOPOSLineDisplay@@$1?DIID__IOPOSLineDisplayEvents@@3U_GUID@@BVCComDynamicUnkArray@ATL@@@ATL@@UAGJABU_GUID@@PAPAX@Z 10002f94 f i LineDisplay.obj
 0001:00001fe1       ?GetConnectionInterface@?$IConnectionPointImpl@VCOPOSLineDisplay@@$1?IID_IPropertyNotifySink@@3U_GUID@@BVCComDynamicUnkArray@ATL@@@ATL@@UAGJPAU_GUID@@@Z 10002fe1 f i LineDisplay.obj
 0001:00002005       ?GetConnectionPointContainer@?$IConnectionPointImpl@VCOPOSLineDisplay@@$1?IID_IPropertyNotifySink@@3U_GUID@@BVCComDynamicUnkArray@ATL@@@ATL@@UAGJPAPAUIConnectionPointContainer@@@Z 10003005 f i LineDisplay.obj
 0001:00002028       ?Advise@?$IConnectionPointImpl@VCOPOSLineDisplay@@$1?IID_IPropertyNotifySink@@3U_GUID@@BVCComDynamicUnkArray@ATL@@@ATL@@UAGJPAUIUnknown@@PAK@Z 10003028 f i LineDisplay.obj
 0001:00002028       ?Advise@?$IConnectionPointImpl@VCOPOSLineDisplay@@$1?DIID__IOPOSLineDisplayEvents@@3U_GUID@@BVCComDynamicUnkArray@ATL@@@ATL@@UAGJPAUIUnknown@@PAK@Z 10003028 f i LineDisplay.obj
 0001:000020c8       ?Unadvise@?$IConnectionPointImpl@VCOPOSLineDisplay@@$1?IID_IPropertyNotifySink@@3U_GUID@@BVCComDynamicUnkArray@ATL@@@ATL@@UAGJK@Z 100030c8 f i LineDisplay.obj
 0001:000020c8       ?Unadvise@?$IConnectionPointImpl@VCOPOSLineDisplay@@$1?DIID__IOPOSLineDisplayEvents@@3U_GUID@@BVCComDynamicUnkArray@ATL@@@ATL@@UAGJK@Z 100030c8 f i LineDisplay.obj
 0001:00002108       ?EnumConnections@?$IConnectionPointImpl@VCOPOSLineDisplay@@$1?IID_IPropertyNotifySink@@3U_GUID@@BVCComDynamicUnkArray@ATL@@@ATL@@UAGJPAPAUIEnumConnections@@@Z 10003108 f i LineDisplay.obj
 0001:00002108       ?EnumConnections@?$IConnectionPointImpl@VCOPOSLineDisplay@@$1?DIID__IOPOSLineDisplayEvents@@3U_GUID@@BVCComDynamicUnkArray@ATL@@@ATL@@UAGJPAPAUIEnumConnections@@@Z 10003108 f i LineDisplay.obj
 0001:0000220b       ?AddCommonRGSReplacements@?$CAtlModuleT@VCComModule@ATL@@@ATL@@UAEJPAUIRegistrarBase@@@Z 1000320b f i LineDisplay.obj
 0001:00002225       ?GetConnectionInterface@?$IConnectionPointImpl@VCOPOSLineDisplay@@$1?DIID__IOPOSLineDisplayEvents@@3U_GUID@@BVCComDynamicUnkArray@ATL@@@ATL@@UAGJPAU_GUID@@@Z 10003225 f i LineDisplay.obj
 0001:00002249       ?GetConnectionPointContainer@?$IConnectionPointImpl@VCOPOSLineDisplay@@$1?DIID__IOPOSLineDisplayEvents@@3U_GUID@@BVCComDynamicUnkArray@ATL@@@ATL@@UAGJPAPAUIConnectionPointContainer@@@Z 10003249 f i LineDisplay.obj
 0001:0000226c       ?UpdateRegistryFromResourceD@CComModule@ATL@@UAGJPB_WHPAU_ATL_REGMAP_ENTRY@2@@Z 1000326c f i LineDisplay.obj
 0001:0000226c       ?UpdateRegistryFromResourceD@CComModule@ATL@@UAGJIHPAU_ATL_REGMAP_ENTRY@2@@Z 1000326c f i LineDisplay.obj
 0001:00002274       ?UpdateRegistryFromResource@CComModule@ATL@@UAGJPB_WHPAU_ATL_REGMAP_ENTRY@2@@Z 10003274 f i LineDisplay.obj
 0001:0000227d       ?UpdateRegistryFromResource@CComModule@ATL@@UAGJIHPAU_ATL_REGMAP_ENTRY@2@@Z 1000327d f i LineDisplay.obj
 0001:00002286       ?UpdateRegistry@COPOSLineDisplay@@SGJH@Z 10003286 f i LineDisplay.obj
 0001:0000229e       ?ProcessWindowMessage@COPOSLineDisplay@@UAEHPAUHWND__@@IIJAAJK@Z 1000329e f i LineDisplay.obj
 0001:000022eb       ?SODirectIO@COPOSLineDisplay@@MAGJJPAJPAPA_W@Z 100032eb f i LineDisplay.obj
 0001:00002334       ??_ECComModule@ATL@@UAEPAXI@Z 10003334 f i LineDisplay.obj
 0001:00002334       ??_GCComModule@ATL@@UAEPAXI@Z 10003334 f i LineDisplay.obj
 0001:0000235c       ?SOStatusUpdate@COPOSLineDisplay@@MAGJJ@Z 1000335c f i LineDisplay.obj
 0001:00002395       ?CreateInstance@?$CComCreator@V?$CComObjectCached@VCComClassFactory@ATL@@@ATL@@@ATL@@SGJPAXABU_GUID@@PAPAX@Z 10003395 f i LineDisplay.obj
 0001:00002436       ?CreateInstance@?$CComCreator2@V?$CComCreator@V?$CComObject@VCOPOSLineDisplay@@@ATL@@@ATL@@V?$CComCreator@V?$CComAggObject@VCOPOSLineDisplay@@@ATL@@@2@@ATL@@SGJPAXABU_GUID@@PAPAX@Z 10003436 f i LineDisplay.obj
 0001:00002456       ?AddRef@?$CComObjectCached@VCComClassFactory@ATL@@@ATL@@UAGKXZ 10003456 f i LineDisplay.obj
 0001:0000247d       ?Release@?$CComObjectCached@VCComClassFactory@ATL@@@ATL@@UAGKXZ 1000347d f i LineDisplay.obj
 0001:000024b3       ?QueryInterface@?$CComObjectCached@VCComClassFactory@ATL@@@ATL@@UAGJABU_GUID@@PAPAX@Z 100034b3 f i LineDisplay.obj
 0001:000024cd       ??_E?$CComObjectCached@VCComClassFactory@ATL@@@ATL@@UAEPAXI@Z 100034cd f i LineDisplay.obj
 0001:000024cd       ??_G?$CComObjectCached@VCComClassFactory@ATL@@@ATL@@UAEPAXI@Z 100034cd f i LineDisplay.obj
 0001:000024ef       ?Next@?$CComEnumImpl@UIEnumConnectionPoints@@$1?_GUID_b196b285_bab4_101a_b69c_00aa00341d07@@3U__s_GUID@@BPAUIConnectionPoint@@V?$_CopyInterface@UIConnectionPoint@@@ATL@@@ATL@@UAGJKPAPAUIConnectionPoint@@PAK@Z 100034ef f i LineDisplay.obj
 0001:000025be       ?Skip@?$CComEnumImpl@UIEnumConnectionPoints@@$1?_GUID_b196b285_bab4_101a_b69c_00aa00341d07@@3U__s_GUID@@BPAUIConnectionPoint@@V?$_CopyInterface@UIConnectionPoint@@@ATL@@@ATL@@UAGJK@Z 100035be f i LineDisplay.obj
 0001:000025eb       ?Clone@?$CComEnumImpl@UIEnumConnectionPoints@@$1?_GUID_b196b285_bab4_101a_b69c_00aa00341d07@@3U__s_GUID@@BPAUIConnectionPoint@@V?$_CopyInterface@UIConnectionPoint@@@ATL@@@ATL@@UAGJPAPAUIEnumConnectionPoints@@@Z 100035eb f i LineDisplay.obj
 0001:000026cc       ?QueryInterface@?$CComObject@V?$CComEnum@UIEnumConnectionPoints@@$1?_GUID_b196b285_bab4_101a_b69c_00aa00341d07@@3U__s_GUID@@BPAUIConnectionPoint@@V?$_CopyInterface@UIConnectionPoint@@@ATL@@VCComSingleThreadModel@6@@ATL@@@ATL@@UAGJABU_GUID@@PAPAX@Z 100036cc f i LineDisplay.obj
 0001:000026e6       ??_E?$CComObject@V?$CComEnum@UIEnumConnectionPoints@@$1?_GUID_b196b285_bab4_101a_b69c_00aa00341d07@@3U__s_GUID@@BPAUIConnectionPoint@@V?$_CopyInterface@UIConnectionPoint@@@ATL@@VCComSingleThreadModel@6@@ATL@@@ATL@@UAEPAXI@Z 100036e6 f i LineDisplay.obj
 0001:000026e6       ??_G?$CComObject@V?$CComEnum@UIEnumConnectionPoints@@$1?_GUID_b196b285_bab4_101a_b69c_00aa00341d07@@3U__s_GUID@@BPAUIConnectionPoint@@V?$_CopyInterface@UIConnectionPoint@@@ATL@@VCComSingleThreadModel@6@@ATL@@@ATL@@UAEPAXI@Z 100036e6 f i LineDisplay.obj
 0001:00002708       ?AddRef@CRegObject@ATL@@UAGKXZ 10003708 f i LineDisplay.obj
 0001:0000270e       ?AddReplacement@CRegObject@ATL@@UAGJPB_W0@Z 1000370e f i LineDisplay.obj
 0001:00002747       ?ClearReplacements@CRegObject@ATL@@UAGJXZ 10003747 f i LineDisplay.obj
 0001:00002759       ??_ECRegObject@ATL@@UAEPAXI@Z 10003759 f i LineDisplay.obj
 0001:00002759       ??_GCRegObject@ATL@@UAEPAXI@Z 10003759 f i LineDisplay.obj
 0001:0000277b       ?AddRef@?$CComAggObject@VCOPOSLineDisplay@@@ATL@@UAGKXZ 1000377b f i LineDisplay.obj
 0001:0000278c       ?Release@?$CComAggObject@VCOPOSLineDisplay@@@ATL@@UAGKXZ 1000378c f i LineDisplay.obj
 0001:000027c8       ?QueryInterface@?$CComAggObject@VCOPOSLineDisplay@@@ATL@@UAGJABU_GUID@@PAPAX@Z 100037c8 f i LineDisplay.obj
 0001:00002817       ?AddRef@?$CComContainedObject@VCOPOSLineDisplay@@@ATL@@UAGKXZ 10003817 f i LineDisplay.obj
 0001:0000282d       ?Release@?$CComContainedObject@VCOPOSLineDisplay@@@ATL@@UAGKXZ 1000382d f i LineDisplay.obj
 0001:00002843       ?QueryInterface@?$CComContainedObject@VCOPOSLineDisplay@@@ATL@@UAGJABU_GUID@@PAPAX@Z 10003843 f i LineDisplay.obj
 0001:0000285e       ??_E?$CComAggObject@VCOPOSLineDisplay@@@ATL@@UAEPAXI@Z 1000385e f i LineDisplay.obj
 0001:0000285e       ??_G?$CComAggObject@VCOPOSLineDisplay@@@ATL@@UAEPAXI@Z 1000385e f i LineDisplay.obj
 0001:00002883       ?AddRef@?$CComObject@VCOPOSLineDisplay@@@ATL@@UAGKXZ 10003883 f i LineDisplay.obj
 0001:0000289a       ?Release@?$CComObject@VCOPOSLineDisplay@@@ATL@@UAGKXZ 1000389a f i LineDisplay.obj
 0001:000028dc       ?QueryInterface@?$CComObject@VCOPOSLineDisplay@@@ATL@@UAGJABU_GUID@@PAPAX@Z 100038dc f i LineDisplay.obj
 0001:000028f6       ??$?4UITypeInfo2@@@?$CComPtr@UITypeInfo@@@ATL@@QAEPAUITypeInfo@@ABV?$CComPtr@UITypeInfo2@@@1@@Z 100038f6 f i LineDisplay.obj
 0001:00002923       ??$AtlAdd@K@ATL@@YAJPAKKK@Z 10003923 f i LineDisplay.obj
 0001:00002946       ??$AtlAdd@_K@ATL@@YAJPA_K_K1@Z 10003946 f i LineDisplay.obj
 0001:0000297e       ??$AtlAddThrow@K@ATL@@YAKKK@Z 1000397e f i LineDisplay.obj
 0001:000029a4       ??$AtlModuleRegisterWndClassInfoT@VAtlModuleRegisterWndClassInfoParamW@ATL@@@ATL@@YAGPAU_ATL_BASE_MODULE70@0@PAU_ATL_WIN_MODULE70@0@PAU_ATL_WNDCLASSINFOW@0@PAP6GJPAUHWND__@@IIJ@ZVAtlModuleRegisterWndClassInfoParamW@0@@Z 100039a4 f i LineDisplay.obj
 0001:00002af1       ??$AtlMultiply@H@ATL@@YAJPAHHH@Z 10003af1 f i LineDisplay.obj
 0001:00002b29       ??$AtlMultiply@I@ATL@@YAJPAIII@Z 10003b29 f i LineDisplay.obj
 0001:00002b29       ??$AtlMultiply@K@ATL@@YAJPAKKK@Z 10003b29 f i LineDisplay.obj
 0001:00002b4b       ??$AtlMultiplyThrow@I@ATL@@YAIII@Z 10003b4b f i LineDisplay.obj
 0001:00002b71       ??0?$CComAggObject@VCOPOSLineDisplay@@@ATL@@QAE@PAX@Z 10003b71 f i LineDisplay.obj
 0001:00002b9e       ??0?$CComContainedObject@VCOPOSLineDisplay@@@ATL@@QAE@PAX@Z 10003b9e f i LineDisplay.obj
 0001:00002c57       ??0?$CComObject@V?$CComEnum@UIEnumConnectionPoints@@$1?_GUID_b196b285_bab4_101a_b69c_00aa00341d07@@3U__s_GUID@@BPAUIConnectionPoint@@V?$_CopyInterface@UIConnectionPoint@@@ATL@@VCComSingleThreadModel@6@@ATL@@@ATL@@QAE@PAX@Z 10003c57 f i LineDisplay.obj
 0001:00002c85       ??0?$CComObject@V?$CComEnum@UIEnumConnections@@$1?_GUID_b196b287_bab4_101a_b69c_00aa00341d07@@3U__s_GUID@@BUtagCONNECTDATA@@V?$_Copy@UtagCONNECTDATA@@@ATL@@VCComSingleThreadModel@6@@ATL@@@ATL@@QAE@PAX@Z 10003c85 f i LineDisplay.obj
 0001:00002cb3       ??0?$CComObject@VCOPOSLineDisplay@@@ATL@@QAE@PAX@Z 10003cb3 f i LineDisplay.obj
 0001:00002d6a       ??0?$CComQIPtr@UIOleControlSite@@$1?_GUID_b196b289_bab4_101a_b69c_00aa00341d07@@3U__s_GUID@@B@ATL@@QAE@PAUIUnknown@@@Z 10003d6a f i LineDisplay.obj
 0001:00002d93       ??0CAtlModule@ATL@@QAE@XZ  10003d93 f i LineDisplay.obj
 0001:00002dd4       ??0CParseBuffer@CRegParser@ATL@@QAE@H@Z 10003dd4 f i LineDisplay.obj
 0001:00002e0a       ??0_ATL_MSG@ATL@@QAE@PAUHWND__@@IIJH@Z 10003e0a f i LineDisplay.obj
 0001:00002e42       ??1?$CComAggObject@VCOPOSLineDisplay@@@ATL@@UAE@XZ 10003e42 f i LineDisplay.obj
 0001:00002e66       ??1?$CComEnumImpl@UIEnumConnectionPoints@@$1?_GUID_b196b285_bab4_101a_b69c_00aa00341d07@@3U__s_GUID@@BPAUIConnectionPoint@@V?$_CopyInterface@UIConnectionPoint@@@ATL@@@ATL@@UAE@XZ 10003e66 f i LineDisplay.obj
 0001:00002ea2       ??1?$CComEnumImpl@UIEnumConnections@@$1?_GUID_b196b287_bab4_101a_b69c_00aa00341d07@@3U__s_GUID@@BUtagCONNECTDATA@@V?$_Copy@UtagCONNECTDATA@@@ATL@@@ATL@@UAE@XZ 10003ea2 f i LineDisplay.obj
 0001:00002ede       ??1?$CComObject@V?$CComEnum@UIEnumConnectionPoints@@$1?_GUID_b196b285_bab4_101a_b69c_00aa00341d07@@3U__s_GUID@@BPAUIConnectionPoint@@V?$_CopyInterface@UIConnectionPoint@@@ATL@@VCComSingleThreadModel@6@@ATL@@@ATL@@UAE@XZ 10003ede f i LineDisplay.obj
 0001:00002f01       ??1?$CComObject@V?$CComEnum@UIEnumConnections@@$1?_GUID_b196b287_bab4_101a_b69c_00aa00341d07@@3U__s_GUID@@BUtagCONNECTDATA@@V?$_Copy@UtagCONNECTDATA@@@ATL@@VCComSingleThreadModel@6@@ATL@@@ATL@@UAE@XZ 10003f01 f i LineDisplay.obj
 0001:00002f24       ??1?$CComObject@VCOPOSLineDisplay@@@ATL@@UAE@XZ 10003f24 f i LineDisplay.obj
 0001:00002fe2       ??1?$CComObjectCached@VCComClassFactory@ATL@@@ATL@@UAE@XZ 10003fe2 f i LineDisplay.obj
 0001:00002ff8       ??1?$CComObjectRootEx@VCComMultiThreadModel@ATL@@@ATL@@QAE@XZ 10003ff8 f i LineDisplay.obj
 0001:0000300d       ??1CRegObject@ATL@@UAE@XZ  1000400d f i LineDisplay.obj
 0001:0000302d       ??4?$CComPtr@UIOleClientSite@@@ATL@@QAEPAUIOleClientSite@@PAU2@@Z 1000402d f i LineDisplay.obj
 0001:0000302d       ??4?$CComPtr@UIUnknown@@@ATL@@QAEPAUIUnknown@@PAU2@@Z 1000402d f i LineDisplay.obj
 0001:0000302d       ??4?$CComPtr@UIAdviseSink@@@ATL@@QAEPAUIAdviseSink@@PAU2@@Z 1000402d f i LineDisplay.obj
 0001:0000305b       ??_G?$CComContainedObject@VCOPOSLineDisplay@@@ATL@@UAEPAXI@Z 1000405b f i LineDisplay.obj
 0001:0000305b       ??_E?$CComContainedObject@VCOPOSLineDisplay@@@ATL@@UAEPAXI@Z 1000405b f i LineDisplay.obj
 0001:00003080       ??_G?$CComObject@VCOPOSLineDisplay@@@ATL@@UAEPAXI@Z 10004080 f i LineDisplay.obj
 0001:00003080       ??_E?$CComObject@VCOPOSLineDisplay@@@ATL@@UAEPAXI@Z 10004080 f i LineDisplay.obj
 0001:000030a5       ?Add@?$CSimpleArray@GV?$CSimpleArrayEqualHelper@G@ATL@@@ATL@@QAEHABG@Z 100040a5 f i LineDisplay.obj
 0001:0000311f       ?Add@?$CSimpleMap@PA_WPA_WVCExpansionVectorEqualHelper@ATL@@@ATL@@QAEHABQA_W0@Z 1000411f f i LineDisplay.obj
 0001:00003174       ?Add@CComDynamicUnkArray@ATL@@QAEKPAUIUnknown@@@Z 10004174 f i LineDisplay.obj
 0001:00003225       ?Add@CExpansionVector@ATL@@QAEHPB_W0@Z 10004225 f i LineDisplay.obj
 0001:0000332e       ?AddString@CParseBuffer@CRegParser@ATL@@QAEHPB_W@Z 1000432e f i LineDisplay.obj
 0001:00003363       ?AddTermFunc@CAtlModule@ATL@@QAEJP6GXK@ZK@Z 10004363 f i LineDisplay.obj
 0001:000033cf       ?AddValue@CRegParser@ATL@@IAEJAAVCRegKey@2@PB_WPA_W@Z 100043cf f i LineDisplay.obj
 0001:000036e9       ?Allocate@?$CAtlSafeAllocBufferManager@VCCRTAllocator@ATL@@@_ATL_SAFE_ALLOCA_IMPL@ATL@@QAEPAXK@Z 100046e9 f i LineDisplay.obj
 0001:00003716       ?Allocate@?$CTempBuffer@E$0BAA@VCCRTAllocator@ATL@@@ATL@@QAEPAEI@Z 10004716 f i LineDisplay.obj
 0001:00003745       ?Allocate@?$CTempBuffer@_W$0BAA@VCCRTAllocator@ATL@@@ATL@@QAEPA_WI@Z 10004745 f i LineDisplay.obj
 0001:00003774       ?Allocate@?$CTempBuffer@_W$0EAA@VCCRTAllocator@ATL@@@ATL@@QAEPA_WI@Z 10004774 f i LineDisplay.obj
 0001:000037a3       ?AllocateHeap@?$CTempBuffer@E$0BAA@VCCRTAllocator@ATL@@@ATL@@AAEXI@Z 100047a3 f i LineDisplay.obj
 0001:000037a3       ?AllocateHeap@?$CTempBuffer@_W$0EAA@VCCRTAllocator@ATL@@@ATL@@AAEXI@Z 100047a3 f i LineDisplay.obj
 0001:000037a3       ?AllocateHeap@?$CTempBuffer@_W$0BAA@VCCRTAllocator@ATL@@@ATL@@AAEXI@Z 100047a3 f i LineDisplay.obj
 0001:000037c8       ?Append@CParseBuffer@CRegParser@ATL@@QAEHPB_WH@Z 100047c8 f i LineDisplay.obj
 0001:00003854       ?AtlCoTaskMemCAlloc@ATL@@YAPAXKK@Z 10004854 f i LineDisplay.obj
 0001:00003881       ?AtlCoTaskMemRecalloc@ATL@@YAPAXPAXKK@Z 10004881 f i LineDisplay.obj
 0001:000038b1       ?AtlComModuleGetClassObject@ATL@@YGJPAU_ATL_COM_MODULE70@1@ABU_GUID@@1PAPAX@Z 100048b1 f i LineDisplay.obj
 0001:000039a6       ?AtlComModuleRegisterServer@ATL@@YGJPAU_ATL_COM_MODULE70@1@HPBU_GUID@@@Z 100049a6 f i LineDisplay.obj
 0001:00003a2e       ?AtlComModuleUnregisterServer@ATL@@YGJPAU_ATL_COM_MODULE70@1@HPBU_GUID@@@Z 10004a2e f i LineDisplay.obj
 0001:00003ab6       ?AtlComQIPtrAssign2@ATL@@YAXPAPAUIUnknown@@PAU2@ABU_GUID@@@Z 10004ab6 f i LineDisplay.obj
 0001:00003ae5       ?AtlCreateTargetDC@ATL@@YGPAUHDC__@@PAU2@PAUtagDVTARGETDEVICE@@@Z 10004ae5 f i LineDisplay.obj
 0001:00003b4e       ?AtlCrtErrorCheck@ATL@@YAHH@Z 10004b4e f i LineDisplay.obj
 0001:00003b89       ?AtlHiMetricToPixel@ATL@@YGXPBUtagSIZE@@PAU2@@Z 10004b89 f i LineDisplay.obj
 0001:00003bfe       ?AtlHresultFromLastError@ATL@@YAJXZ 10004bfe f i LineDisplay.obj
 0001:00003c15       ?AtlHresultFromWin32@ATL@@YAJK@Z 10004c15 f i LineDisplay.obj
 0001:00003c2a       ?AtlInternalOleLoadFromStream@ATL@@YAJPAUIStream@@ABU_GUID@@PAPAXTClassesAllowedInStream@1@K@Z 10004c2a f i LineDisplay.obj
 0001:00003d53       ?AtlInternalQueryInterface@ATL@@YGJPAXPBU_ATL_INTMAP_ENTRY@1@ABU_GUID@@PAPAX@Z 10004d53 f i LineDisplay.obj
 0001:00003df6       ?AtlLoadTypeLib@ATL@@YGJPAUHINSTANCE__@@PB_WPAPA_WPAPAUITypeLib@@@Z 10004df6 f i LineDisplay.obj
 0001:00003fd4       ?AtlRegisterClassCategoriesHelper@ATL@@YGJABU_GUID@@PBU_ATL_CATMAP_ENTRY@1@H@Z 10004fd4 f i LineDisplay.obj
 0001:000042d0       ?AtlRegisterTypeLib@ATL@@YGJPAUHINSTANCE__@@PB_W@Z 100052d0 f i LineDisplay.obj
 0001:00004458       ?AtlThrowImpl@ATL@@YGXJ@Z  10005458 f i LineDisplay.obj
 0001:00004476       ?AtlUnRegisterTypeLib@ATL@@YGJPAUHINSTANCE__@@PB_W@Z 10005476 f i LineDisplay.obj
 0001:00004521       ?AtlWinModuleAddCreateWndData@ATL@@YGXPAU_ATL_WIN_MODULE70@1@PAU_AtlCreateWndData@1@PAX@Z 10005521 f i LineDisplay.obj
 0001:00004575       ?AtlWinModuleExtractCreateWndData@ATL@@YGPAXPAU_ATL_WIN_MODULE70@1@@Z 10005575 f i LineDisplay.obj
 0001:000045d9       ?AtlWinModuleRegisterClassExW@ATL@@YGGPAU_ATL_WIN_MODULE70@1@PBUtagWNDCLASSEXW@@@Z 100055d9 f i LineDisplay.obj
 0001:00004618       ?CanForceRemoveKey@CRegParser@ATL@@IAEHPB_W@Z 10005618 f i LineDisplay.obj
 0001:00004647       ?ChToByte@CRegParser@ATL@@KAE_W@Z 10005647 f i LineDisplay.obj
 0001:000046cf       ?Cleanup@CComTypeInfoHolder@ATL@@SGXK@Z 100056cf f i LineDisplay.obj
 0001:00004702       ?ClearReplacements@CExpansionVector@ATL@@QAEJXZ 10005702 f i LineDisplay.obj
 0001:0000473f       ?Close@CRegKey@ATL@@QAEJXZ 1000573f f i LineDisplay.obj
 0001:00004759       ?CreateInstance@?$CComCreator@V?$CComAggObject@VCOPOSLineDisplay@@@ATL@@@ATL@@SGJPAXABU_GUID@@PAPAX@Z 10005759 f i LineDisplay.obj
 0001:000047ce       ?CreateInstance@?$CComCreator@V?$CComObject@VCOPOSLineDisplay@@@ATL@@@ATL@@SGJPAXABU_GUID@@PAPAX@Z 100057ce f i LineDisplay.obj
 0001:00004857       ?CreateInstance@?$CComObject@V?$CComEnum@UIEnumConnectionPoints@@$1?_GUID_b196b285_bab4_101a_b69c_00aa00341d07@@3U__s_GUID@@BPAUIConnectionPoint@@V?$_CopyInterface@UIConnectionPoint@@@ATL@@VCComSingleThreadModel@6@@ATL@@@ATL@@SGJPAPAV12@@Z 10005857 f i LineDisplay.obj
 0001:000048a1       ?CreateInstance@?$CComObject@V?$CComEnum@UIEnumConnections@@$1?_GUID_b196b287_bab4_101a_b69c_00aa00341d07@@3U__s_GUID@@BUtagCONNECTDATA@@V?$_Copy@UtagCONNECTDATA@@@ATL@@VCComSingleThreadModel@6@@ATL@@@ATL@@SGJPAPAV12@@Z 100058a1 f i LineDisplay.obj
 0001:000048eb       ?DefaultReflectionHandler@?$CWindowImplRoot@VCWindow@ATL@@@ATL@@SAHPAUHWND__@@IIJAAJ@Z 100058eb f i LineDisplay.obj
 0001:0000498b       ?DeleteSubKey@CRegKey@ATL@@QAEJPB_W@Z 1000598b f i LineDisplay.obj
 0001:00004a04       ?DoEvent@COPOSLineDisplay@@IAEXIIJ@Z 10005a04 f i LineDisplay.obj
 0001:00004a84       ?DoVerbHide@?$IOleObjectImpl@VCOPOSLineDisplay@@@ATL@@QAEJPBUtagRECT@@PAUHWND__@@@Z 10005a84 f i LineDisplay.obj
 0001:00004aba       ?DoVerbInPlaceActivate@?$IOleObjectImpl@VCOPOSLineDisplay@@@ATL@@QAEJPBUtagRECT@@PAUHWND__@@@Z 10005aba f i LineDisplay.obj
 0001:00004aed       ?DoVerbPrimary@?$IOleObjectImpl@VCOPOSLineDisplay@@@ATL@@QAEJPBUtagRECT@@PAUHWND__@@@Z 10005aed f i LineDisplay.obj
 0001:00004b79       ?DoVerbProperties@CComControlBase@ATL@@QAEJPBUtagRECT@@PAUHWND__@@@Z 10005b79 f i LineDisplay.obj
 0001:00004cf8       ?DoVerbUIActivate@?$IOleObjectImpl@VCOPOSLineDisplay@@@ATL@@QAEJPBUtagRECT@@PAUHWND__@@@Z 10005cf8 f i LineDisplay.obj
 0001:00004d35       ?DoesVerbActivate@CComControlBase@ATL@@QAEHJ@Z 10005d35 f i LineDisplay.obj
 0001:00004d59       ?DoesVerbUIActivate@CComControlBase@ATL@@QAEHJ@Z 10005d59 f i LineDisplay.obj
 0001:00004d8e       ?EndOfVar@CRegParser@ATL@@IAEHXZ 10005d8e f i LineDisplay.obj
 0001:00004dae       ?EscapeSingleQuote@CAtlModule@ATL@@SAXPA_WIPB_W@Z 10005dae f i LineDisplay.obj
 0001:00004dfd       ?FindKey@?$CSimpleMap@PA_WPA_WVCExpansionVectorEqualHelper@ATL@@@ATL@@QBEHABQA_W@Z 10005dfd f i LineDisplay.obj
 0001:00004e34       ?FireTheEvent@?$CProxy_IOPOSEvents@VCOPOSLineDisplay@@@@IAEXPAVOposVariant@@IAAJPB_WJ@Z 10005e34 f i LineDisplay.obj
 0001:00004ec6       ?FireViewChange@CComControlBase@ATL@@QAEJXZ 10005ec6 f i LineDisplay.obj
 0001:00004f0f       ?Fire_DirectIOEvent@?$CProxy_IOPOSEvents@VCOPOSLineDisplay@@@@QAEXJPAJPAPA_W@Z 10005f0f f i LineDisplay.obj
 0001:00004ffb       ?Fire_StatusUpdateEvent@?$CProxy_IOPOSEvents@VCOPOSLineDisplay@@@@QAEXJ@Z 10005ffb f i LineDisplay.obj
 0001:00005091       ?FreeHeap@?$CTempBuffer@_W$0BAA@VCCRTAllocator@ATL@@@ATL@@AAEXXZ 10006091 f i LineDisplay.obj
 0001:00005091       ?FreeHeap@?$CTempBuffer@_W$0EAA@VCCRTAllocator@ATL@@@ATL@@AAEXXZ 10006091 f i LineDisplay.obj
 0001:00005091       ?FreeHeap@?$CTempBuffer@E$0BAA@VCCRTAllocator@ATL@@@ATL@@AAEXXZ 10006091 f i LineDisplay.obj
 0001:0000509a       ?GetAmbientLocaleID@CComControlBase@ATL@@QAEJAAK@Z 1000609a f i LineDisplay.obj
 0001:000050f6       ?GetAmbientUserMode@CComControlBase@ATL@@QAEJAAH@Z 100060f6 f i LineDisplay.obj
 0001:00005166       ?GetAt@CComDynamicUnkArray@ATL@@QAEPAUIUnknown@@H@Z 10006166 f i LineDisplay.obj
 0001:00005182       ?GetClassObject@CComModule@ATL@@QAEJABU_GUID@@0PAPAX@Z 10006182 f i LineDisplay.obj
 0001:00005224       ?GetConnMap@COPOSLineDisplay@@SAPBU_ATL_CONNMAP_ENTRY@ATL@@PAH@Z 10006224 f i LineDisplay.obj
 0001:00005294       ?GetCookie@CComDynamicUnkArray@ATL@@QAGKPAPAUIUnknown@@@Z 10006294 f i LineDisplay.obj
 0001:000052cc       ?GetIDsOfNames@CComTypeInfoHolder@ATL@@QAEJABU_GUID@@PAPA_WIKPAJ@Z 100062cc f i LineDisplay.obj
 0001:000053ec       ?GetKeyAt@?$CSimpleMap@PA_WPA_WVCExpansionVectorEqualHelper@ATL@@@ATL@@QBEAAPA_WH@Z 100063ec f i LineDisplay.obj
 0001:00005411       ?GetPagesHelper@?$ISpecifyPropertyPagesImpl@VCOPOSLineDisplay@@@ATL@@IAEJPAUtagCAUUID@@PBUATL_PROPMAP_ENTRY@2@@Z 10006411 f i LineDisplay.obj
 0001:00005538       ?GetProperty@?$CComPtr@UIDispatch@@@ATL@@SAJPAUIDispatch@@JPAUtagVARIANT@@@Z 10006538 f i LineDisplay.obj
 0001:00005587       ?GetSizeMax@CComVariant@ATL@@QBEJPAT_ULARGE_INTEGER@@@Z 10006587 f i LineDisplay.obj
 0001:00005749       ?GetTI@CComTypeInfoHolder@ATL@@QAEJK@Z 10006749 f i LineDisplay.obj
 0001:00005929       ?GetTI@CComTypeInfoHolder@ATL@@QAEJKPAPAUITypeInfo@@@Z 10006929 f i LineDisplay.obj
 0001:00005967       ?GetUnknown@CComDynamicUnkArray@ATL@@QAGPAUIUnknown@@K@Z 10006967 f i LineDisplay.obj
 0001:00005988       ?GetValueAt@?$CSimpleMap@PA_WPA_WVCExpansionVectorEqualHelper@ATL@@@ATL@@QBEAAPA_WH@Z 10006988 f i LineDisplay.obj
 0001:000059ae       ?GetZoomInfo@CComControlBase@ATL@@QAEXAAUATL_DRAWINFO@@@Z 100069ae f i LineDisplay.obj
 0001:00005a41       ?HKeyFromString@CRegParser@ATL@@KAPAUHKEY__@@PA_W@Z 10006a41 f i LineDisplay.obj
 0001:00005a6f       ?HasSubKeys@CRegParser@ATL@@IAEHPAUHKEY__@@@Z 10006a6f f i LineDisplay.obj
 0001:00005aa4       ?IDataObject_GetData@CComControlBase@ATL@@QAEJPAUtagFORMATETC@@PAUtagSTGMEDIUM@@@Z 10006aa4 f i LineDisplay.obj
 0001:00005c46       ?IOleInPlaceObject_InPlaceDeactivate@CComControlBase@ATL@@QAEJXZ 10006c46 f i LineDisplay.obj
 0001:00005ccd       ?IOleInPlaceObject_SetObjectRects@CComControlBase@ATL@@QAEJPBUtagRECT@@0@Z 10006ccd f i LineDisplay.obj
 0001:00005d9a       ?IOleInPlaceObject_UIDeactivate@CComControlBase@ATL@@QAEJXZ 10006d9a f i LineDisplay.obj
 0001:00005e5c       ?IOleObject_Advise@CComControlBase@ATL@@QAEJPAUIAdviseSink@@PAK@Z 10006e5c f i LineDisplay.obj
 0001:00005e86       ?IOleObject_Close@CComControlBase@ATL@@QAEJK@Z 10006e86 f i LineDisplay.obj
 0001:00005f6a       ?IOleObject_GetClientSite@CComControlBase@ATL@@QAEJPAPAUIOleClientSite@@@Z 10006f6a f i LineDisplay.obj
 0001:00005f93       ?IOleObject_SetClientSite@CComControlBase@ATL@@QAEJPAUIOleClientSite@@@Z 10006f93 f i LineDisplay.obj
 0001:00005fd2       ?IOleObject_SetExtent@CComControlBase@ATL@@QAEJKPAUtagSIZE@@@Z 10006fd2 f i LineDisplay.obj
 0001:00006084       ?IPSI_GetIPersistStreamInit@?$IPersistStorageImpl@VCOPOSLineDisplay@@@ATL@@AAEPAUIPersistStreamInit@@XZ 10007084 f i LineDisplay.obj
 0001:0000612c       ?IPersistStreamInit_Load@?$IPersistStreamInitImpl@VCOPOSLineDisplay@@@ATL@@QAEJPAUIStream@@PBUATL_PROPMAP_ENTRY@2@@Z 1000712c f i LineDisplay.obj
 0001:000063a2       ?IPersistStreamInit_Save@?$IPersistStreamInitImpl@VCOPOSLineDisplay@@@ATL@@QAEJPAUIStream@@HPBUATL_PROPMAP_ENTRY@2@@Z 100073a2 f i LineDisplay.obj
 0001:00006591       ?IQuickActivate_QuickActivate@CComControlBase@ATL@@QAEJPAUtagQACONTAINER@@PAUtagQACONTROL@@@Z 10007591 f i LineDisplay.obj
 0001:000067d3       ?IViewObject_Draw@CComControlBase@ATL@@QAEJKJPAXPAUtagDVTARGETDEVICE@@PAUHDC__@@2PBU_RECTL@@3@Z 100077d3 f i LineDisplay.obj
 0001:0000687b       ?InPlaceActivate@CComControlBase@ATL@@QAEJJPBUtagRECT@@@Z 1000787b f i LineDisplay.obj
 0001:00006aed       ?Init@?$CComEnumImpl@UIEnumConnectionPoints@@$1?_GUID_b196b285_bab4_101a_b69c_00aa00341d07@@3U__s_GUID@@BPAUIConnectionPoint@@V?$_CopyInterface@UIConnectionPoint@@@ATL@@@ATL@@QAEJPAPAUIConnectionPoint@@0PAUIUnknown@@W4CComEnumFlags@2@@Z 10007aed f i LineDisplay.obj
 0001:00006bc9       ?Init@?$CComEnumImpl@UIEnumConnections@@$1?_GUID_b196b287_bab4_101a_b69c_00aa00341d07@@3U__s_GUID@@BUtagCONNECTDATA@@V?$_Copy@UtagCONNECTDATA@@@ATL@@@ATL@@QAEJPAUtagCONNECTDATA@@0PAUIUnknown@@W4CComEnumFlags@2@@Z 10007bc9 f i LineDisplay.obj
 0001:00006ca5       ?Init@CComModule@ATL@@QAEJPAU_ATL_OBJMAP_ENTRY30@2@PAUHINSTANCE__@@PBU_GUID@@@Z 10007ca5 f i LineDisplay.obj
 0001:00006d04       ?Init@CDynamicStdCallThunk2@ATL@@QAEHKPAX@Z 10007d04 f i LineDisplay.obj
 0001:00006d2f       ?InlineIsEqualUnknown@ATL@@YGHABU_GUID@@@Z 10007d2f f i LineDisplay.obj
 0001:00006d57       ?InternalSetAtIndex@?$CSimpleMap@PA_WPA_WVCExpansionVectorEqualHelper@ATL@@@ATL@@QAEXHABQA_W0@Z 10007d57 f i LineDisplay.obj
 0001:00006d81       ?Invoke@CComTypeInfoHolder@ATL@@QAEJPAUIDispatch@@JABU_GUID@@KGPAUtagDISPPARAMS@@PAUtagVARIANT@@PAUtagEXCEPINFO@@PAI@Z 10007d81 f i LineDisplay.obj
 0001:00006dc2       ?IsEqualObject@?$CComPtrBase@UITypeInfo@@@ATL@@QAE_NPAUIUnknown@@@Z 10007dc2 f i LineDisplay.obj
 0001:00006dc2       ?IsEqualObject@?$CComPtrBase@UIOleClientSite@@@ATL@@QAE_NPAUIUnknown@@@Z 10007dc2 f i LineDisplay.obj
 0001:00006e2e       ?IsSpace@CRegParser@ATL@@IAEH_W@Z 10007e2e f i LineDisplay.obj
 0001:00006e54       ?LoadNameCache@CComTypeInfoHolder@ATL@@QAEJPAUITypeInfo@@@Z 10007e54 f i LineDisplay.obj
 0001:00006f89       ?Lookup@?$CSimpleMap@PA_WPA_WVCExpansionVectorEqualHelper@ATL@@@ATL@@QBEPA_WABQA_W@Z 10007f89 f i LineDisplay.obj
 0001:00006faf       ?NextToken@CRegParser@ATL@@IAEJPA_W@Z 10007faf f i LineDisplay.obj
 0001:000070de       ?OnKillFocus@CComControlBase@ATL@@QAEJIIJAAH@Z 100080de f i LineDisplay.obj
 0001:00007139       ?OnMouseActivate@CComControlBase@ATL@@QAEJIIJAAH@Z 10008139 f i LineDisplay.obj
 0001:000071a7       ?OnPaint@CComControlBase@ATL@@QAEJIIJAAH@Z 100081a7 f i LineDisplay.obj
 0001:0000725e       ?OnSetFocus@CComControlBase@ATL@@QAEJIIJAAH@Z 1000825e f i LineDisplay.obj
 0001:000072e9       ?Open@CRegKey@ATL@@QAEJPAUHKEY__@@PB_WK@Z 100082e9 f i LineDisplay.obj
 0001:0000733e       ?PreProcessBuffer@CRegParser@ATL@@QAEJPA_WPAPA_W@Z 1000833e f i LineDisplay.obj
 0001:000075ae       ?ProcessWindowMessage@?$CComControl@VCOPOSLineDisplay@@V?$CWindowImpl@VCOPOSLineDisplay@@VCWindow@ATL@@V?$CWinTraits@$0FGAAAAAA@$0A@@3@@ATL@@@ATL@@UAEHPAUHWND__@@IIJAAJK@Z 100085ae f i LineDisplay.obj
 0001:00007656       ?ReadFromStream@CComBSTR@ATL@@QAEJPAUIStream@@@Z 10008656 f i LineDisplay.obj
 0001:00007779       ?ReadFromStream@CComVariant@ATL@@QAEJPAUIStream@@GTClassesAllowedInStream@2@K@Z 10008779 f i LineDisplay.obj
 0001:00007903       ?RecurseDeleteKey@CRegKey@ATL@@QAEJPB_W@Z 10008903 f i LineDisplay.obj
 0001:000079f1       ?RegCreateKeyExW@CAtlTransactionManager@ATL@@QAEJPAUHKEY__@@PB_WKPA_WKKQAU_SECURITY_ATTRIBUTES@@PAPAU3@PAK@Z 100089f1 f i LineDisplay.obj
 0001:00007a54       ?RegDeleteKeyW@CAtlTransactionManager@ATL@@QAEJPAUHKEY__@@PB_W@Z 10008a54 f i LineDisplay.obj
 0001:00007aa6       ?RegOpenKeyExW@CAtlTransactionManager@ATL@@QAEJPAUHKEY__@@PB_WKKPAPAU3@@Z 10008aa6 f i LineDisplay.obj
 0001:00007afd       ?Register@_ATL_WNDCLASSINFOW@ATL@@QAEGPAP6GJPAUHWND__@@IIJ@Z@Z 10008afd f i LineDisplay.obj
 0001:00007b1d       ?RegisterBuffer@CRegParser@ATL@@QAEJPA_WH@Z 10008b1d f i LineDisplay.obj
 0001:00007c64       ?RegisterFromResource@CRegObject@ATL@@IAEJPB_W00H@Z 10008c64 f i LineDisplay.obj
 0001:00007d9a       ?RegisterServer@?$CAtlModuleT@VCComModule@ATL@@@ATL@@QAEJHPBU_GUID@@@Z 10008d9a f i LineDisplay.obj
 0001:00007dc8       ?RegisterServer@CComModule@ATL@@QAEJHPBU_GUID@@@Z 10008dc8 f i LineDisplay.obj
 0001:00007e39       ?RegisterSubkeys@CRegParser@ATL@@IAEJPA_WPAUHKEY__@@HH@Z 10008e39 f i LineDisplay.obj
 0001:00008495       ?Remove@CComDynamicUnkArray@ATL@@QAEHK@Z 10009495 f i LineDisplay.obj
 0001:000084be       ?RemoveAll@?$CSimpleMap@PA_WPA_WVCExpansionVectorEqualHelper@ATL@@@ATL@@QAEXXZ 100094be f i LineDisplay.obj
 0001:000084ea       ?ResourceRegisterSz@CRegObject@ATL@@QAGJPB_W00@Z 100094ea f i LineDisplay.obj
 0001:00008517       ?ResourceUnregisterSz@CRegObject@ATL@@QAGJPB_W00@Z 10009517 f i LineDisplay.obj
 0001:00008544       ?SendOnDataChange@CComControlBase@ATL@@QAEJK@Z 10009544 f i LineDisplay.obj
 0001:00008591       ?SetControlFocus@CComControlBase@ATL@@QAEHH@Z 10009591 f i LineDisplay.obj
 0001:0000862c       ?SetMultiStringValue@CRegKey@ATL@@QAEJPB_W0@Z 1000962c f i LineDisplay.obj
 0001:00008688       ?SetStringValue@CRegKey@ATL@@QAEJPB_W0K@Z 10009688 f i LineDisplay.obj
 0001:000086d1       ?SkipAssignment@CRegParser@ATL@@IAEJPA_W@Z 100096d1 f i LineDisplay.obj
 0001:0000873d       ?SkipWhiteSpace@CRegParser@ATL@@IAEXXZ 1000973d f i LineDisplay.obj
 0001:00008766       ?StrChrW@CRegParser@ATL@@KAPA_WPA_W_W@Z 10009766 f i LineDisplay.obj
 0001:000087a3       ?Term@CAtlModule@ATL@@QAEXXZ 100097a3 f i LineDisplay.obj
 0001:00008820       ?Term@CComModule@ATL@@QAEXXZ 10009820 f i LineDisplay.obj
 0001:00008878       ?UnregisterServer@?$CAtlModuleT@VCComModule@ATL@@@ATL@@QAEJHPBU_GUID@@@Z 10009878 f i LineDisplay.obj
 0001:0000889e       ?UnregisterServer@CComModule@ATL@@QAEJHPBU_GUID@@@Z 1000989e f i LineDisplay.obj
 0001:0000890f       ?UpdateRegistryFromResource@CAtlModule@ATL@@QAGJIHPAU_ATL_REGMAP_ENTRY@2@@Z 1000990f f i LineDisplay.obj
 0001:00008ada       ?UpdateRegistryFromResource@CAtlModule@ATL@@QAGJPB_WHPAU_ATL_REGMAP_ENTRY@2@@Z 10009ada f i LineDisplay.obj
 0001:00008cab       ?VTFromRegType@CRegParser@ATL@@KAHPB_WAAG@Z 10009cab f i LineDisplay.obj
 0001:00008d18       ?WindowProc@?$CWindowImplBaseT@VCWindow@ATL@@V?$CWinTraits@$0FGAAAAAA@$0A@@2@@ATL@@SGJPAUHWND__@@IIJ@Z 10009d18 f i LineDisplay.obj
 0001:00008e06       ?WriteToStream@CComBSTR@ATL@@QAEJPAUIStream@@@Z 10009e06 f i LineDisplay.obj
 0001:00008e68       ?WriteToStream@CComVariant@ATL@@QAEJPAUIStream@@@Z 10009e68 f i LineDisplay.obj
 0001:00008fe2       ?WriteToStream@CComVariant@ATL@@QAEJPAUIStream@@G@Z 10009fe2 f i LineDisplay.obj
 0001:0000904b       ?_AtlInitialConstruct@?$CComObjectRootEx@VCComMultiThreadModel@ATL@@@ATL@@QAEJXZ 1000a04b f i LineDisplay.obj
 0001:00009060       ?_AtlVerifyStackAvailable@_ATL_SAFE_ALLOCA_IMPL@ATL@@YA_NK@Z 1000a060 f i LineDisplay.obj
 0001:000090de       ?atlCreate@?$CWindowImpl@VCOPOSLineDisplay@@VCWindow@ATL@@V?$CWinTraits@$0FGAAAAAA@$0A@@3@@ATL@@QAEPAUHWND__@@PAU3@V_U_RECT@2@PB_WKKV_U_MENUorID@2@PAX@Z 1000a0de f i LineDisplay.obj
 0001:00009129       ?atlCreate@?$CWindowImplBaseT@VCWindow@ATL@@V?$CWinTraits@$0FGAAAAAA@$0A@@2@@ATL@@QAEPAUHWND__@@PAU3@V_U_RECT@2@PB_WKKV_U_MENUorID@2@GPAX@Z 1000a129 f i LineDisplay.obj
 0001:000091c5       ?copy@?$_Copy@UtagCONNECTDATA@@@ATL@@SAJPAUtagCONNECTDATA@@PBU3@@Z 1000a1c5 f i LineDisplay.obj
 0001:000091fb       ?copy@?$_CopyInterface@UIConnectionPoint@@@ATL@@SAJPAPAUIConnectionPoint@@PBQAU3@@Z 1000a1fb f i LineDisplay.obj
 0001:00009229       ?memcpy_s@Checked@ATL@@YAXPAXIPBXI@Z 1000a229 f i LineDisplay.obj
 0001:00009248       ?ocscpy_s@@YA_NPA_WIPB_W@Z 1000a248 f i LineDisplay.obj
 0001:00009292       ?wcscpy_s@Checked@ATL@@YAXPA_WIPB_W@Z 1000a292 f i LineDisplay.obj
 0001:000092ae       _DllCanUnloadNow@0         1000a2ae f   LineDisplay.obj
 0001:000092ba       _DllGetClassObject@12      1000a2ba f   LineDisplay.obj
 0001:000092c8       _DllMain@12                1000a2c8 f   LineDisplay.obj
 0001:0000930a       _DllRegisterServer@0       1000a30a f   LineDisplay.obj
 0001:00009319       _DllUnregisterServer@0     1000a319 f   LineDisplay.obj
 0001:00009328       _InlineIsEqualGUID         1000a328 f i LineDisplay.obj
 0001:00009358       ___local_stdio_printf_options 1000a358 f i LineDisplay.obj
 0001:0000935e       __vswprintf_s_l            1000a35e f i LineDisplay.obj
 0001:0000940b       _swprintf_s                1000a40b f i LineDisplay.obj
 0001:00009427       ??0?$CComControl@VCOPOSLineDisplay@@V?$CWindowImpl@VCOPOSLineDisplay@@VCWindow@ATL@@V?$CWinTraits@$0FGAAAAAA@$0A@@3@@ATL@@@ATL@@QAE@XZ 1000a427 f i LineDisplayImpl.obj
 0001:0000944e       ??0CComControlBase@ATL@@QAE@AAPAUHWND__@@@Z 1000a44e f i LineDisplayImpl.obj
 0001:0000949e       ??0COPOSLineDisplay@@QAE@XZ 1000a49e f   LineDisplayImpl.obj
 0001:000094ed       ??1?$CComControl@VCOPOSLineDisplay@@V?$CWindowImpl@VCOPOSLineDisplay@@VCWindow@ATL@@V?$CWinTraits@$0FGAAAAAA@$0A@@3@@ATL@@@ATL@@UAE@XZ 1000a4ed f i LineDisplayImpl.obj
 0001:00009506       ??1?$IConnectionPointImpl@VCOPOSLineDisplay@@$1?DIID__IOPOSLineDisplayEvents@@3U_GUID@@BVCComDynamicUnkArray@ATL@@@ATL@@QAE@XZ 1000a506 f i LineDisplayImpl.obj
 0001:00009506       ??1?$IConnectionPointImpl@VCOPOSLineDisplay@@$1?IID_IPropertyNotifySink@@3U_GUID@@BVCComDynamicUnkArray@ATL@@@ATL@@QAE@XZ 1000a506 f i LineDisplayImpl.obj
 0001:00009543       ??1CComControlBase@ATL@@UAE@XZ 1000a543 f i LineDisplayImpl.obj
 0001:000095a6       ??1COPOSLineDisplay@@UAE@XZ 1000a5a6 f   LineDisplayImpl.obj
 0001:000095ee       ?CheckHealth@COPOSLineDisplay@@UAGJJPAJ@Z 1000a5ee f   LineDisplayImpl.obj
 0001:0000963d       ?ClaimDevice@COPOSLineDisplay@@UAGJJPAJ@Z 1000a63d f   LineDisplayImpl.obj
 0001:000096b2       ?ClearDescriptors@COPOSLineDisplay@@UAGJPAJ@Z 1000a6b2 f   LineDisplayImpl.obj
 0001:000096cd       ?ClearText@COPOSLineDisplay@@UAGJPAJ@Z 1000a6cd f   LineDisplayImpl.obj
 0001:000096e8       ?Close@COPOSLineDisplay@@UAGJPAJ@Z 1000a6e8 f   LineDisplayImpl.obj
 0001:00009756       ?CompareFirmwareVersion@COPOSLineDisplay@@UAGJPA_WPAJ1@Z 1000a756 f   LineDisplayImpl.obj
 0001:000097d6       ?CreateWindow@COPOSLineDisplay@@UAGJJJJJJJPAJ@Z 1000a7d6 f   LineDisplayImpl.obj
 0001:00009899       ?DefineGlyph@COPOSLineDisplay@@UAGJJPA_WPAJ@Z 1000a899 f   LineDisplayImpl.obj
 0001:00009915       ?DestroyWindow@COPOSLineDisplay@@UAGJPAJ@Z 1000a915 f   LineDisplayImpl.obj
 0001:00009930       ?DirectIO@COPOSLineDisplay@@UAGJJPAJPAPA_W0@Z 1000a930 f   LineDisplayImpl.obj
 0001:000099de       ?DisplayBitmap@COPOSLineDisplay@@UAGJPA_WJJJPAJ@Z 1000a9de f   LineDisplayImpl.obj
 0001:00009a8d       ?DisplayText@COPOSLineDisplay@@UAGJPA_WJPAJ@Z 1000aa8d f   LineDisplayImpl.obj
 0001:00009b09       ?DisplayTextAt@COPOSLineDisplay@@UAGJJJPA_WJPAJ@Z 1000ab09 f   LineDisplayImpl.obj
 0001:00009bb8       ?DoInvoke@COPOSLineDisplay@@IAEJJPAVOposVariant@@IHPAJ_N@Z 1000abb8 f   LineDisplayImpl.obj
 0001:00009c94       ?EventClose@COPOSLineDisplay@@IAEXXZ 1000ac94 f i LineDisplayImpl.obj
 0001:00009cc7       ?EventInit@COPOSLineDisplay@@IAEJXZ 1000acc7 f i LineDisplayImpl.obj
 0001:00009d9b       ?EventUninit@COPOSLineDisplay@@IAEXXZ 1000ad9b f i LineDisplayImpl.obj
 0001:00009ded       ?EventWindowProc@COPOSLineDisplay@@IAGJIIJ@Z 1000aded f i LineDisplayImpl.obj
 0001:00009e64       ?FinalConstruct@COPOSLineDisplay@@QAEJXZ 1000ae64 f   LineDisplayImpl.obj
 0001:00009e9d       ?FireEventCleanup@COPOSLineDisplay@@IAEXXZ 1000ae9d f i LineDisplayImpl.obj
 0001:00009eb3       ?FireEventSetup@COPOSLineDisplay@@IAE_NXZ 1000aeb3 f i LineDisplayImpl.obj
 0001:00009ee7       ?FreezeEvents@COPOSLineDisplay@@MAGJH@Z 1000aee7 f   LineDisplayImpl.obj
 0001:00009f34       ?GetOposProp@COPOSLineDisplay@@IAEJJPAFJ@Z 1000af34 f   LineDisplayImpl.obj
 0001:00009f57       ?GetOposProp@COPOSLineDisplay@@IAEJJPAJJ@Z 1000af57 f   LineDisplayImpl.obj
 0001:0000a026       ?GetOposProp@COPOSLineDisplay@@IAEJJPAPA_WJ@Z 1000b026 f   LineDisplayImpl.obj
 0001:0000a102       ?OnDraw@COPOSLineDisplay@@MAEJAAUATL_DRAWINFO@@@Z 1000b102 f   LineDisplayImpl.obj
 0001:0000a1a2       ?Open@COPOSLineDisplay@@UAGJPA_WPAJ@Z 1000b1a2 f   LineDisplayImpl.obj
 0001:0000a9db       ?ReadCharacterAtCursor@COPOSLineDisplay@@UAGJPAJ0@Z 1000b9db f   LineDisplayImpl.obj
 0001:0000aa32       ?RefreshWindow@COPOSLineDisplay@@UAGJJPAJ@Z 1000ba32 f   LineDisplayImpl.obj
 0001:0000aa81       ?ReleaseDevice@COPOSLineDisplay@@UAGJPAJ@Z 1000ba81 f   LineDisplayImpl.obj
 0001:0000aad0       ?ResetStatistics@COPOSLineDisplay@@UAGJPA_WPAJ@Z 1000bad0 f   LineDisplayImpl.obj
 0001:0000ab27       ?RetrieveStatistics@COPOSLineDisplay@@UAGJPAPA_WPAJ@Z 1000bb27 f   LineDisplayImpl.obj
 0001:0000ab7e       ?SOProcessID@COPOSLineDisplay@@UAGJPAJ@Z 1000bb7e f   LineDisplayImpl.obj
 0001:0000ab92       ?ScrollText@COPOSLineDisplay@@UAGJJJPAJ@Z 1000bb92 f   LineDisplayImpl.obj
 0001:0000ac06       ?SetBitmap@COPOSLineDisplay@@UAGJJPA_WJJJPAJ@Z 1000bc06 f   LineDisplayImpl.obj
 0001:0000acc9       ?SetCOFreezeEvents@COPOSLineDisplay@@IAEXF@Z 1000bcc9 f   LineDisplayImpl.obj
 0001:0000ad69       ?SetDescriptor@COPOSLineDisplay@@UAGJJJPAJ@Z 1000bd69 f   LineDisplayImpl.obj
 0001:0000addd       ?SetOposProp@COPOSLineDisplay@@IAEJJJJ@Z 1000bddd f   LineDisplayImpl.obj
 0001:0000aed4       ?UpdateFirmware@COPOSLineDisplay@@UAGJPA_WPAJ@Z 1000bed4 f   LineDisplayImpl.obj
 0001:0000af2b       ?UpdateStatistics@COPOSLineDisplay@@UAGJPA_WPAJ@Z 1000bf2b f   LineDisplayImpl.obj
 0001:0000af82       ?get_BinaryConversion@COPOSLineDisplay@@UAGJPAJ@Z 1000bf82 f   LineDisplayImpl.obj
 0001:0000af98       ?get_BlinkRate@COPOSLineDisplay@@UAGJPAJ@Z 1000bf98 f   LineDisplayImpl.obj
 0001:0000afb1       ?get_CapBitmap@COPOSLineDisplay@@UAGJPAF@Z 1000bfb1 f   LineDisplayImpl.obj
 0001:0000afca       ?get_CapBlink@COPOSLineDisplay@@UAGJPAJ@Z 1000bfca f   LineDisplayImpl.obj
 0001:0000afe3       ?get_CapBlinkRate@COPOSLineDisplay@@UAGJPAF@Z 1000bfe3 f   LineDisplayImpl.obj
 0001:0000affc       ?get_CapBrightness@COPOSLineDisplay@@UAGJPAF@Z 1000bffc f   LineDisplayImpl.obj
 0001:0000b015       ?get_CapCharacterSet@COPOSLineDisplay@@UAGJPAJ@Z 1000c015 f   LineDisplayImpl.obj
 0001:0000b02e       ?get_CapCompareFirmwareVersion@COPOSLineDisplay@@UAGJPAF@Z 1000c02e f   LineDisplayImpl.obj
 0001:0000b047       ?get_CapCursorType@COPOSLineDisplay@@UAGJPAJ@Z 1000c047 f   LineDisplayImpl.obj
 0001:0000b060       ?get_CapCustomGlyph@COPOSLineDisplay@@UAGJPAF@Z 1000c060 f   LineDisplayImpl.obj
 0001:0000b079       ?get_CapDescriptors@COPOSLineDisplay@@UAGJPAF@Z 1000c079 f   LineDisplayImpl.obj
 0001:0000b092       ?get_CapHMarquee@COPOSLineDisplay@@UAGJPAF@Z 1000c092 f   LineDisplayImpl.obj
 0001:0000b0ab       ?get_CapICharWait@COPOSLineDisplay@@UAGJPAF@Z 1000c0ab f   LineDisplayImpl.obj
 0001:0000b0c4       ?get_CapMapCharacterSet@COPOSLineDisplay@@UAGJPAF@Z 1000c0c4 f   LineDisplayImpl.obj
 0001:0000b0dd       ?get_CapPowerReporting@COPOSLineDisplay@@UAGJPAJ@Z 1000c0dd f   LineDisplayImpl.obj
 0001:0000b0f6       ?get_CapReadBack@COPOSLineDisplay@@UAGJPAJ@Z 1000c0f6 f   LineDisplayImpl.obj
 0001:0000b10f       ?get_CapReverse@COPOSLineDisplay@@UAGJPAJ@Z 1000c10f f   LineDisplayImpl.obj
 0001:0000b128       ?get_CapScreenMode@COPOSLineDisplay@@UAGJPAF@Z 1000c128 f   LineDisplayImpl.obj
 0001:0000b141       ?get_CapStatisticsReporting@COPOSLineDisplay@@UAGJPAF@Z 1000c141 f   LineDisplayImpl.obj
 0001:0000b15a       ?get_CapUpdateFirmware@COPOSLineDisplay@@UAGJPAF@Z 1000c15a f   LineDisplayImpl.obj
 0001:0000b173       ?get_CapUpdateStatistics@COPOSLineDisplay@@UAGJPAF@Z 1000c173 f   LineDisplayImpl.obj
 0001:0000b18c       ?get_CapVMarquee@COPOSLineDisplay@@UAGJPAF@Z 1000c18c f   LineDisplayImpl.obj
 0001:0000b1a5       ?get_CharacterSet@COPOSLineDisplay@@UAGJPAJ@Z 1000c1a5 f   LineDisplayImpl.obj
 0001:0000b1be       ?get_CharacterSetList@COPOSLineDisplay@@UAGJPAPA_W@Z 1000c1be f   LineDisplayImpl.obj
 0001:0000b1d7       ?get_CheckHealthText@COPOSLineDisplay@@UAGJPAPA_W@Z 1000c1d7 f   LineDisplayImpl.obj
 0001:0000b1f0       ?get_Claimed@COPOSLineDisplay@@UAGJPAF@Z 1000c1f0 f   LineDisplayImpl.obj
 0001:0000b206       ?get_Columns@COPOSLineDisplay@@UAGJPAJ@Z 1000c206 f   LineDisplayImpl.obj
 0001:0000b21f       ?get_ControlObjectDescription@COPOSLineDisplay@@UAGJPAPA_W@Z 1000c21f f   LineDisplayImpl.obj
 0001:0000b26d       ?get_ControlObjectVersion@COPOSLineDisplay@@UAGJPAJ@Z 1000c26d f   LineDisplayImpl.obj
 0001:0000b280       ?get_CurrentWindow@COPOSLineDisplay@@UAGJPAJ@Z 1000c280 f   LineDisplayImpl.obj
 0001:0000b299       ?get_CursorColumn@COPOSLineDisplay@@UAGJPAJ@Z 1000c299 f   LineDisplayImpl.obj
 0001:0000b2b2       ?get_CursorRow@COPOSLineDisplay@@UAGJPAJ@Z 1000c2b2 f   LineDisplayImpl.obj
 0001:0000b2cb       ?get_CursorType@COPOSLineDisplay@@UAGJPAJ@Z 1000c2cb f   LineDisplayImpl.obj
 0001:0000b2e4       ?get_CursorUpdate@COPOSLineDisplay@@UAGJPAF@Z 1000c2e4 f   LineDisplayImpl.obj
 0001:0000b2fd       ?get_CustomGlyphList@COPOSLineDisplay@@UAGJPAPA_W@Z 1000c2fd f   LineDisplayImpl.obj
 0001:0000b316       ?get_DeviceBrightness@COPOSLineDisplay@@UAGJPAJ@Z 1000c316 f   LineDisplayImpl.obj
 0001:0000b32f       ?get_DeviceColumns@COPOSLineDisplay@@UAGJPAJ@Z 1000c32f f   LineDisplayImpl.obj
 0001:0000b348       ?get_DeviceDescription@COPOSLineDisplay@@UAGJPAPA_W@Z 1000c348 f   LineDisplayImpl.obj
 0001:0000b361       ?get_DeviceDescriptors@COPOSLineDisplay@@UAGJPAJ@Z 1000c361 f   LineDisplayImpl.obj
 0001:0000b37a       ?get_DeviceEnabled@COPOSLineDisplay@@UAGJPAF@Z 1000c37a f   LineDisplayImpl.obj
 0001:0000b390       ?get_DeviceName@COPOSLineDisplay@@UAGJPAPA_W@Z 1000c390 f   LineDisplayImpl.obj
 0001:0000b3a9       ?get_DeviceRows@COPOSLineDisplay@@UAGJPAJ@Z 1000c3a9 f   LineDisplayImpl.obj
 0001:0000b3c2       ?get_DeviceWindows@COPOSLineDisplay@@UAGJPAJ@Z 1000c3c2 f   LineDisplayImpl.obj
 0001:0000b3db       ?get_FreezeEvents@COPOSLineDisplay@@UAGJPAF@Z 1000c3db f   LineDisplayImpl.obj
 0001:0000b3f1       ?get_GlyphHeight@COPOSLineDisplay@@UAGJPAJ@Z 1000c3f1 f   LineDisplayImpl.obj
 0001:0000b40a       ?get_GlyphWidth@COPOSLineDisplay@@UAGJPAJ@Z 1000c40a f   LineDisplayImpl.obj
 0001:0000b423       ?get_InterCharacterWait@COPOSLineDisplay@@UAGJPAJ@Z 1000c423 f   LineDisplayImpl.obj
 0001:0000b43c       ?get_MapCharacterSet@COPOSLineDisplay@@UAGJPAF@Z 1000c43c f   LineDisplayImpl.obj
 0001:0000b455       ?get_MarqueeFormat@COPOSLineDisplay@@UAGJPAJ@Z 1000c455 f   LineDisplayImpl.obj
 0001:0000b46e       ?get_MarqueeRepeatWait@COPOSLineDisplay@@UAGJPAJ@Z 1000c46e f   LineDisplayImpl.obj
 0001:0000b487       ?get_MarqueeType@COPOSLineDisplay@@UAGJPAJ@Z 1000c487 f   LineDisplayImpl.obj
 0001:0000b4a0       ?get_MarqueeUnitWait@COPOSLineDisplay@@UAGJPAJ@Z 1000c4a0 f   LineDisplayImpl.obj
 0001:0000b4b9       ?get_MaximumX@COPOSLineDisplay@@UAGJPAJ@Z 1000c4b9 f   LineDisplayImpl.obj
 0001:0000b4d2       ?get_MaximumY@COPOSLineDisplay@@UAGJPAJ@Z 1000c4d2 f   LineDisplayImpl.obj
 0001:0000b4eb       ?get_OpenResult@COPOSLineDisplay@@UAGJPAJ@Z 1000c4eb f   LineDisplayImpl.obj
 0001:0000b502       ?get_PowerNotify@COPOSLineDisplay@@UAGJPAJ@Z 1000c502 f   LineDisplayImpl.obj
 0001:0000b518       ?get_PowerState@COPOSLineDisplay@@UAGJPAJ@Z 1000c518 f   LineDisplayImpl.obj
 0001:0000b52e       ?get_ResultCode@COPOSLineDisplay@@UAGJPAJ@Z 1000c52e f   LineDisplayImpl.obj
 0001:0000b56c       ?get_ResultCodeExtended@COPOSLineDisplay@@UAGJPAJ@Z 1000c56c f   LineDisplayImpl.obj
 0001:0000b582       ?get_Rows@COPOSLineDisplay@@UAGJPAJ@Z 1000c582 f   LineDisplayImpl.obj
 0001:0000b59b       ?get_ScreenMode@COPOSLineDisplay@@UAGJPAJ@Z 1000c59b f   LineDisplayImpl.obj
 0001:0000b5b4       ?get_ScreenModeList@COPOSLineDisplay@@UAGJPAPA_W@Z 1000c5b4 f   LineDisplayImpl.obj
 0001:0000b5cd       ?get_ServiceObjectDescription@COPOSLineDisplay@@UAGJPAPA_W@Z 1000c5cd f   LineDisplayImpl.obj
[...]
 0002:00006650       Magic                      10027650     libucrt:log10_pentium4.obj
 0002:00006660       hi_mask                    10027660     libucrt:log10_pentium4.obj
 0002:00006670       LOG10_2                    10027670     libucrt:log10_pentium4.obj
 0002:00006680       place_L                    10027680     libucrt:log10_pentium4.obj
 0002:000066a0       One                        100276a0     libucrt:log10_pentium4.obj
 0002:000066b0       Zero                       100276b0     libucrt:log10_pentium4.obj
 0002:000066c0       Two52                      100276c0     libucrt:log10_pentium4.obj
 0002:000066d0       Infs                       100276d0     libucrt:log10_pentium4.obj
 0002:000066e0       NaN                        100276e0     libucrt:log10_pentium4.obj
 0002:000066f0       coeff                      100276f0     libucrt:log10_pentium4.obj
 0002:0000674e       _log2max                   1002774e     libucrt:87tran.obj
 0002:00006758       _smallarg                  10027758     libucrt:87tran.obj
 0002:00006762       _half                      10027762     libucrt:87tran.obj
 0002:000067ae       One                        100277ae     libucrt:87disp.obj
 0002:000067b6       Three                      100277b6     libucrt:87disp.obj
 0002:000067be       XAMtoTagTab                100277be     libucrt:87disp.obj
 0002:000067d0       One                        100277d0     libucrt:common.obj
 0002:000067e4       DblMax                     100277e4     libucrt:common.obj
 0002:000067ec       DblMin                     100277ec     libucrt:common.obj
 0002:000067f4       IeeeAdjO                   100277f4     libucrt:common.obj
 0002:000067fc       IeeeAdjU                   100277fc     libucrt:common.obj
 0002:00006804       _infinity                  10027804     libucrt:common.obj
 0002:0000680c       _zero                      1002780c     libucrt:common.obj
 0002:00006858       _over                      10027858     libucrt:fpctrl.obj
 0002:00006864       _under                     10027864     libucrt:fpctrl.obj
 0002:00007098       ?_names@?1??_get_fname@@9@4QBU<unnamed-type-_names>@?1??1@YAPADI@Z@B 10028098     libucrt:fpexcept.obj
 0002:00007240       two32                      10028240     LIBCMT:ftol2.obj
 0002:00007244       two63                      10028244     LIBCMT:ftol2.obj
 0002:00007248       _NaN                       10028248     LIBCMT:ftol2.obj
 0002:00007998       __sehtable$?_AtlVerifyStackAvailable@_ATL_SAFE_ALLOCA_IMPL@ATL@@YA_NK@Z 10028998     LineDisplay.obj
 0002:000079b8       __sehtable$___scrt_is_nonwritable_in_current_image 100289b8     LIBCMT:utility.obj
 0002:000079d4       __catchsym$??2@YAPAXIABUnothrow_t@std@@@Z$2 100289d4     LIBCMT:new_scalar_nothrow.obj
 0002:000079e4       __unwindtable$??2@YAPAXIABUnothrow_t@std@@@Z 100289e4     LIBCMT:new_scalar_nothrow.obj
 0002:000079f4       __tryblocktable$??2@YAPAXIABUnothrow_t@std@@@Z 100289f4     LIBCMT:new_scalar_nothrow.obj
 0002:00007a08       __ehfuncinfo$??2@YAPAXIABUnothrow_t@std@@@Z 10028a08     LIBCMT:new_scalar_nothrow.obj
 0002:00007a30       __sehtable$?dllmain_crt_process_attach@@YAHQAUHINSTANCE__@@QAX@Z 10028a30     LIBCMT:dll_dllmain.obj
 0002:00007a50       __sehtable$?dllmain_crt_process_detach@@YAH_N@Z 10028a50     LIBCMT:dll_dllmain.obj
 0002:00007a78       __sehtable$?dllmain_dispatch@@YAHQAUHINSTANCE__@@KQAX@Z 10028a78     LIBCMT:dll_dllmain.obj
 0002:00007b28       __sehtable$___DestructExceptionObject 10028b28     libvcruntime:ehhelpers.obj
 0002:00007b48       __sehtable$?FrameUnwindToState@__FrameHandler3@@SAXPAUEHRegistrationNode@@PAXPBU_s_FuncInfo@@H@Z 10028b48     libvcruntime:frame.obj
 0002:00007b70       __sehtable$?CallCatchBlock@@YAPAXPAUEHExceptionRecord@@PAUEHRegistrationNode@@PAU_CONTEXT@@PBU_s_FuncInfo@@PAXHK@Z 10028b70     libvcruntime:frame.obj
 0002:00007b98       __catchsym$?CallUnexpected@@YAXPBU_s_ESTypeList@@@Z$2 10028b98     libvcruntime:frame.obj
 0002:00007ba8       __unwindtable$?CallUnexpected@@YAXPBU_s_ESTypeList@@@Z 10028ba8     libvcruntime:frame.obj
 0002:00007bb8       __tryblocktable$?CallUnexpected@@YAXPBU_s_ESTypeList@@@Z 10028bb8     libvcruntime:frame.obj
 0002:00007bcc       __ehfuncinfo$?CallUnexpected@@YAXPBU_s_ESTypeList@@@Z 10028bcc     libvcruntime:frame.obj
 0002:00007bf0       __sehtable$??$BuildCatchObjectHelperInternal@V__FrameHandler3@@@@YAHPAUEHExceptionRecord@@PAXPBU_s_HandlerType@@PBU_s_CatchableType@@@Z 10028bf0     libvcruntime:frame.obj
 0002:00007c10       __sehtable$??$BuildCatchObjectInternal@V__FrameHandler3@@@@YAXPAUEHExceptionRecord@@PAXPBU_s_HandlerType@@PBU_s_CatchableType@@@Z 10028c10     libvcruntime:frame.obj
 0002:00007c64       __ehfuncinfo$?write_double_translated_ansi_nolock@@YA?AUwrite_result@?A0x17268360@@HQBDIAAV__crt_cached_ptd_host@@@Z 10028c64     libucrt:write.obj
 0002:00007c64       __ehfuncinfo$?try_cor_exit_process@@YAXI@Z 10028c64     libucrt:exit.obj
 0002:00007c88       __unwindtable$?common_exit@@YAXHW4_crt_exit_cleanup_mode@@W4_crt_exit_return_mode@@@Z 10028c88     libucrt:exit.obj
 0002:00007c90       __ehfuncinfo$?common_exit@@YAXHW4_crt_exit_cleanup_mode@@W4_crt_exit_return_mode@@@Z 10028c90     libucrt:exit.obj
 0002:00007cb8       __sehtable$??R<lambda_6e4b09c48022b2350581041d5f6b0c4c>@@QBE@XZ 10028cb8     libucrt:exit.obj
 0002:00007cd8       __sehtable$??$?RV<lambda_03b1d95aef87969028cfba75ccab2455>@@AAV<lambda_6e4b09c48022b2350581041d5f6b0c4c>@@V<lambda_22bdf7517842c4b3e53723af5aa32b9e>@@@?$__crt_seh_guarded_call@X@@QAEX$$QAV<lambda_03b1d95aef87969028cfba75ccab2455>@@AAV<lambda_6e4b09c48022b2350581041d5f6b0c4c>@@$$QAV<lambda_22bdf7517842c4b3e53723af5aa32b9e>@@@Z 10028cd8     libucrt:exit.obj
 0002:00007cf4       __unwindtable$___dcrt_uninitialize_environments_nolock 10028cf4     libucrt:environment_initialization.obj
 0002:00007d04       __ehfuncinfo$___dcrt_uninitialize_environments_nolock 10028d04     libucrt:environment_initialization.obj
 0002:00007d28       __unwindtable$__execute_onexit_table 10028d28     libucrt:onexit.obj
 0002:00007d30       __ehfuncinfo$__execute_onexit_table 10028d30     libucrt:onexit.obj
 0002:00007d58       __sehtable$??$?RV<lambda_8e746cf0007f6ed984d6f78af1fec997>@@AAV<lambda_22ebabd17bc4fa466a2aca6d8deb888d>@@V<lambda_18ed0c0b38a6dc0daf1e7ac6d6adf05e>@@@?$__crt_seh_guarded_call@H@@QAEH$$QAV<lambda_8e746cf0007f6ed984d6f78af1fec997>@@AAV<lambda_22ebabd17bc4fa466a2aca6d8deb888d>@@$$QAV<lambda_18ed0c0b38a6dc0daf1e7ac6d6adf05e>@@@Z 10028d58     libucrt:onexit.obj
 0002:00007d78       __sehtable$??$?RV<lambda_69a2805e680e0e292e8ba93315fe43a8>@@AAV<lambda_f03950bc5685219e0bcd2087efbe011e>@@V<lambda_03fcd07e894ec930e3f35da366ca99d6>@@@?$__crt_seh_guarded_call@H@@QAEH$$QAV<lambda_69a2805e680e0e292e8ba93315fe43a8>@@AAV<lambda_f03950bc5685219e0bcd2087efbe011e>@@$$QAV<lambda_03fcd07e894ec930e3f35da366ca99d6>@@@Z 10028d78     libucrt:onexit.obj
 0002:00007d98       __sehtable$__query_new_handler 10028d98     libucrt:new_handler.obj
 0002:00007db8       __sehtable$_terminate      10028db8     libucrt:terminate.obj
 0002:00007dd8       __sehtable$??$?RV<lambda_15ade71b0218206bbe3333a0c9b79046>@@AAV<lambda_da44e0f8b0f19ba52fefafb335991732>@@V<lambda_207f2d024fc103971653565357d6cd41>@@@?$__crt_seh_guarded_call@X@@QAEX$$QAV<lambda_15ade71b0218206bbe3333a0c9b79046>@@AAV<lambda_da44e0f8b0f19ba52fefafb335991732>@@$$QAV<lambda_207f2d024fc103971653565357d6cd41>@@@Z 10028dd8     libucrt:per_thread_data.obj
 0002:00007df8       __sehtable$??$?RV<lambda_a7e850c220f1c8d1e6efeecdedd162c6>@@AAV<lambda_46720907175c18b6c9d2717bc0d2d362>@@V<lambda_9048902d66e8d99359bc9897bbb930a8>@@@?$__crt_seh_guarded_call@X@@QAEX$$QAV<lambda_a7e850c220f1c8d1e6efeecdedd162c6>@@AAV<lambda_46720907175c18b6c9d2717bc0d2d362>@@$$QAV<lambda_9048902d66e8d99359bc9897bbb930a8>@@@Z 10028df8     libucrt:per_thread_data.obj
 0002:00007e18       __sehtable$??$?RV<lambda_38edbb1296d33220d7e4dd0ed76b244a>@@AAV<lambda_5ce1d447e08cb34b2473517608e21441>@@V<lambda_fb385d3da700c9147fc39e65dd577a8c>@@@?$__crt_seh_guarded_call@X@@QAEX$$QAV<lambda_38edbb1296d33220d7e4dd0ed76b244a>@@AAV<lambda_5ce1d447e08cb34b2473517608e21441>@@$$QAV<lambda_fb385d3da700c9147fc39e65dd577a8c>@@@Z 10028e18     libucrt:per_thread_data.obj
 0002:00007e38       __sehtable$??$?RV<lambda_6affb1475c98b40b75cdec977db92e3c>@@AAV<lambda_b8d4b9c228a6ecc3f80208dbb4b4a104>@@V<lambda_608742c3c92a14382c1684fc64f96c88>@@@?$__crt_seh_guarded_call@X@@QAEX$$QAV<lambda_6affb1475c98b40b75cdec977db92e3c>@@AAV<lambda_b8d4b9c228a6ecc3f80208dbb4b4a104>@@$$QAV<lambda_608742c3c92a14382c1684fc64f96c88>@@@Z 10028e38     libucrt:per_thread_data.obj
 0002:00007e58       __sehtable$??$?RV<lambda_e5124f882df8998aaf41531e079ba474>@@AAV<lambda_3e16ef9562a7dcce91392c22ab16ea36>@@V<lambda_e25ca0880e6ef98be67edffd8c599615>@@@?$__crt_seh_guarded_call@X@@QAEX$$QAV<lambda_e5124f882df8998aaf41531e079ba474>@@AAV<lambda_3e16ef9562a7dcce91392c22ab16ea36>@@$$QAV<lambda_e25ca0880e6ef98be67edffd8c599615>@@@Z 10028e58     libucrt:wsetlocale.obj
 0002:00007e78       __sehtable$___acrt_initialize_lowio 10028e78     libucrt:ioinit.obj
 0002:00007e98       __sehtable$?update_thread_multibyte_data_internal@@YAPAU__crt_multibyte_data@@QAU__acrt_ptd@@QAPAU1@@Z 10028e98     libucrt:mbctype.obj
 0002:00007eb8       __sehtable$??$?RV<lambda_ceb1ee4838e85a9d631eb091e2fbe199>@@AAV<lambda_ae742caa10f662c28703da3d2ea5e57e>@@V<lambda_cd08b5d6af4937fe54fc07d0c9bf6b37>@@@?$__crt_seh_guarded_call@X@@QAEX$$QAV<lambda_ceb1ee4838e85a9d631eb091e2fbe199>@@AAV<lambda_ae742caa10f662c28703da3d2ea5e57e>@@$$QAV<lambda_cd08b5d6af4937fe54fc07d0c9bf6b37>@@@Z 10028eb8     libucrt:mbctype.obj
 0002:00007ed8       __sehtable$_raise          10028ed8     libucrt:signal.obj
 0002:00007ef8       __sehtable$??$?RV<lambda_cbab9ec6f41b0180b23cc171c22676b0>@@AAV<lambda_44731a7d0e6d81c3e6aa82d741081786>@@V<lambda_4b292cb8dd18144e164572427af410ab>@@@?$__crt_seh_guarded_call@P6AXH@Z@@QAEP6AXH@Z$$QAV<lambda_cbab9ec6f41b0180b23cc171c22676b0>@@AAV<lambda_44731a7d0e6d81c3e6aa82d741081786>@@$$QAV<lambda_4b292cb8dd18144e164572427af410ab>@@@Z 10028ef8     libucrt:signal.obj
 0002:00007f18       __sehtable$??$?RV<lambda_2866be3712abc81a800a822484c830d8>@@AAV<lambda_39ca0ed439415581b5b15c265174cece>@@V<lambda_2b24c74d71094a6cd0cb82e44167d71b>@@@?$__crt_seh_guarded_call@X@@QAEX$$QAV<lambda_2866be3712abc81a800a822484c830d8>@@AAV<lambda_39ca0ed439415581b5b15c265174cece>@@$$QAV<lambda_2b24c74d71094a6cd0cb82e44167d71b>@@@Z 10028f18     libucrt:fflush.obj
 0002:00007f38       __sehtable$??$?RV<lambda_2cc53f568c5a2bb6f192f930a45d44ea>@@AAV<lambda_ab61a845afdef5b7c387490eaf3616ee>@@V<lambda_c2ffc0b7726aa6be21d5f0026187e748>@@@?$__crt_seh_guarded_call@X@@QAEX$$QAV<lambda_2cc53f568c5a2bb6f192f930a45d44ea>@@AAV<lambda_ab61a845afdef5b7c387490eaf3616ee>@@$$QAV<lambda_c2ffc0b7726aa6be21d5f0026187e748>@@@Z 10028f38     libucrt:fflush.obj
 0002:00007f58       __sehtable$___acrt_update_thread_locale_data 10028f58     libucrt:locale_refcounting.obj
 0002:00007f78       __sehtable$__fcloseall     10028f78     libucrt:closeall.obj
 0002:00007f98       __sehtable$___acrt_lowio_ensure_fh_exists 10028f98     libucrt:osfinfo.obj
 0002:00007fb8       __sehtable$??$?RV<lambda_9e9de3de5fa147e2223d7db92bc10aa6>@@AAV<lambda_38ce7e780aa69e748d6df282ebc68efe>@@V<lambda_8ca6da459f0f6780f1cff60fdc3d00e5>@@@?$__crt_seh_guarded_call@H@@QAEH$$QAV<lambda_9e9de3de5fa147e2223d7db92bc10aa6>@@AAV<lambda_38ce7e780aa69e748d6df282ebc68efe>@@$$QAV<lambda_8ca6da459f0f6780f1cff60fdc3d00e5>@@@Z 10028fb8     libucrt:commit.obj
 0002:00007fd8       __sehtable$__write_internal 10028fd8     libucrt:write.obj
 0002:00007ff8       __sehtable$?_fclose_internal@@YAHQAU_iobuf@@AAV__crt_cached_ptd_host@@@Z 10028ff8     libucrt:fclose.obj
 0002:00008018       __sehtable$??$?RV<lambda_d422a76eb4c3bf3ad751449ab71a6ea4>@@AAV<lambda_c9ba49e555ba839a7b07aa3fbecb7617>@@V<lambda_9476263c8ee91a25d21c55370bdb50de>@@@?$__crt_seh_guarded_call@H@@QAEH$$QAV<lambda_d422a76eb4c3bf3ad751449ab71a6ea4>@@AAV<lambda_c9ba49e555ba839a7b07aa3fbecb7617>@@$$QAV<lambda_9476263c8ee91a25d21c55370bdb50de>@@@Z 10029018     libucrt:close.obj
 0002:00008038       __sehtable$___set_fpsr_sse2 10029038     libucrt:fpctrl.obj
 0002:00008058       __sehtable$__IsNonwritableInCurrentImage 10029058     LIBCMT:pesect.obj
 0002:00008080       .edata                     10029080     OPOSLineDisplay.exp
 0002:000080a8       rgpv                       100290a8     OPOSLineDisplay.exp
 0002:000080b8       rgszName                   100290b8     OPOSLineDisplay.exp
 0002:000080c8       rgwOrd                     100290c8     OPOSLineDisplay.exp
 0002:000080d0       szName                     100290d0     OPOSLineDisplay.exp
 0002:000080e4       $N00001                    100290e4     OPOSLineDisplay.exp
 0002:000080f4       $N00002                    100290f4     OPOSLineDisplay.exp
 0002:00008106       $N00003                    10029106     OPOSLineDisplay.exp
 0002:00008118       $N00004                    10029118     OPOSLineDisplay.exp
 0002:00008726       .idata$6                   10029726     kernel32:KERNEL32.dll
 0002:0000893a       .idata$6                   1002993a     user32:USER32.dll
 0002:00008a6e       .idata$6                   10029a6e     gdi32:GDI32.dll
 0002:00008b14       .idata$6                   10029b14     advapi32:ADVAPI32.dll
 0002:00008c30       .idata$6                   10029c30     ole32:ole32.dll
 0002:00008c3a       .idata$6                   10029c3a     oleaut32:OLEAUT32.dll
 0003:00000110       ?ObjectMap@@3PAU_ATL_OBJMAP_ENTRY30@ATL@@A 1002b110     LineDisplay.obj
 0003:000001d0       ?s_SOMethodNames@@3PAPADA  1002b1d0     LineDisplayImpl.obj
 0003:00000248       ?s_RequiredMethodsPerRelease@@3PAHA 1002b248     LineDisplayImpl.obj
 0003:00000290       ?__vcrt_flsindex@@3KA      1002b290     libvcruntime:per_thread_data.obj
 0003:000002b0       ?errno_no_memory@@3HA      1002b2b0     libucrt:errno.obj
 0003:000002b4       ?doserrno_no_memory@@3KA   1002b2b4     libucrt:errno.obj
 0003:000002c0       ?__acrt_flsindex@@3KA      1002b2c0     libucrt:per_thread_data.obj
 0003:00000658       __mbctypes                 1002b658     libucrt:mbctype.obj
 0003:00000760       __mbcasemaps               1002b760     libucrt:mbctype.obj
 0003:00000860       ?__rgctypeflag@@3PADA      1002b860     libucrt:mbctype.obj
 0003:00000868       ?__rgcode_page_info@@3PAUcode_page_info@@A 1002b868     libucrt:mbctype.obj
 0003:00000ac0       ?__dcrt_lowio_console_output_handle@@3PAXA 1002bac0     libucrt:initcon.obj
 0003:00000ac4       ?__DAZ_ENABLED@?1??__set_fpsr_sse2@@9@9 1002bac4     libucrt:fpctrl.obj
 0003:00000c58       ?is_initialized_as_dll@@3_NA 1002bc58     LIBCMT:utility.obj
 0003:00000c59       ?module_local_atexit_table_initialized@@3_NA 1002bc59     LIBCMT:utility.obj
 0003:00000c5c       ?module_local_atexit_table@@3U_onexit_table_t@@A 1002bc5c     LIBCMT:utility.obj
 0003:00000c68       ?module_local_at_quick_exit_table@@3U_onexit_table_t@@A 1002bc68     LIBCMT:utility.obj
 0003:00000c74       ?g_tss_cv@@3U_RTL_CONDITION_VARIABLE@@A 1002bc74     LIBCMT:thread_safe_statics.obj
 0003:00000c78       ?g_tss_event@@3PAXA        1002bc78     LIBCMT:thread_safe_statics.obj
 0003:00000c7c       ?g_tss_mutex@@3U_RTL_CRITICAL_SECTION@@A 1002bc7c     LIBCMT:thread_safe_statics.obj
 0003:00000c94       ?g_sleep_condition_variable_cs@@3P6GHPAU_RTL_CONDITION_VARIABLE@@PAU_RTL_CRITICAL_SECTION@@K@ZA 1002bc94     LIBCMT:thread_safe_statics.obj
 0003:00000c98       ?g_wake_all_condition_variable@@3P6GXPAU_RTL_CONDITION_VARIABLE@@@ZA 1002bc98     LIBCMT:thread_safe_statics.obj
 0003:00000ca0       _GS_ExceptionRecord        1002bca0     LIBCMT:gs_report.obj
 0003:00000cf0       _GS_ContextRecord          1002bcf0     LIBCMT:gs_report.obj
 0003:00000fc0       ?__proc_attached@@3HA      1002bfc0     LIBCMT:dll_dllmain.obj
 0003:0000101c       ?AllocateData@@3P6GPAUAtlThunkData_t@@XZA 1002c01c     atls:atlthunk.obj
 0003:00001020       ?InitData@@3P6GXPAUAtlThunkData_t@@PAXI@ZA 1002c020     atls:atlthunk.obj
 0003:00001024       ?DataToCode@@3P6GP6GJPAUHWND__@@IIJ@ZPAUAtlThunkData_t@@@ZA 1002c024     atls:atlthunk.obj
 0003:00001028       ?FreeData@@3P6GXPAUAtlThunkData_t@@@ZA 1002c028     atls:atlthunk.obj
 0003:0000102c       ?Initialized@@3_NA         1002c02c     atls:atlthunk.obj
 0003:0000103c       ?__vcrt_startup_thread_ptd@@3U__vcrt_ptd@@A 1002c03c     libvcruntime:per_thread_data.obj
 0003:00001064       ___vcrt_lock_table         1002c064     libvcruntime:locks.obj
 0003:0000107c       ___vcrt_locks_initialized  1002c07c     libvcruntime:locks.obj
 0003:000010a8       ?heap@@3V_HeapManager@@A   1002c0a8     libvcruntime:undname.obj
 0003:000010bc       ?module_handles@@3PAPAUHINSTANCE__@@A 1002c0bc     libvcruntime:winapi_downlevel.obj
 0003:000010c8       ?function_pointers@@3PAPAXA 1002c0c8     libvcruntime:winapi_downlevel.obj
 0003:000010dc       ?__acrt_invalid_parameter_handler@@3V?$dual_state_global@P6AXPB_W00II@Z@__crt_state_management@@A 1002c0dc     libucrt:invalid_parameter.obj
 0003:000010e0       ?c_termination_complete@@3JA 1002c0e0     libucrt:exit.obj
 0003:000010e4       ?thread_local_exit_callback_func@@3P6GXPAXK0@ZA 1002c0e4     libucrt:exit.obj
 0003:000010f0       ?program_name@?1???$common_configure_argv@D@@YAHW4_crt_argv_mode@@@Z@4PADA 1002c0f0     libucrt:argv_parsing.obj
 0003:00001220       ?__acrt_new_handler@@3V?$dual_state_global@P6AHI@Z@__crt_state_management@@A 1002c220     libucrt:new_handler.obj
 0003:00001230       ?module_handles@@3PAPAUHINSTANCE__@@A 1002c230     libucrt:winapi_thunks.obj
 0003:00001280       ?encoded_function_pointers@@3PAPAXA 1002c280     libucrt:winapi_thunks.obj
 0003:00001308       ?internal_state@?1??_mbtowc_internal@@9@4U_Mbstatet@@A 1002c308     libucrt:mbtowc.obj
 0003:00001318       ?enable_percent_n@@3IA     1002c318     libucrt:printf_count_output.obj
 0003:00001530       ?__acrt_lock_table@@3PAU_RTL_CRITICAL_SECTION@@A 1002c530     libucrt:locks.obj
 0003:00001680       ?__acrt_locks_initialized@@3IA 1002c680     libucrt:locks.obj
 0003:00001690       ?fSystemSet@@3HA           1002c690     libucrt:mbctype.obj
 0003:00001694       ?initialized@?1??__acrt_initialize_multibyte@@9@4_NA 1002c694     libucrt:mbctype.obj
 0003:000016b4       ?ctrlc_action@@3V?$dual_state_global@P6AXH@Z@__crt_state_management@@A 1002c6b4     libucrt:signal.obj
 0003:000016b8       ?ctrlbreak_action@@3V?$dual_state_global@P6AXH@Z@__crt_state_management@@A 1002c6b8     libucrt:signal.obj
 0003:000016bc       ?abort_action@@3V?$dual_state_global@P6AXH@Z@__crt_state_management@@A 1002c6bc     libucrt:signal.obj
 0003:000016c0       ?term_action@@3V?$dual_state_global@P6AXH@Z@__crt_state_management@@A 1002c6c0     libucrt:signal.obj
 0003:000016c4       ?user_matherr@@3V?$dual_state_global@P6AHPAU_exception@@@Z@__crt_state_management@@A 1002c6c4     libucrt:matherr.obj
 0003:000016d0       ?__acrt_global_new_mode@@3V?$dual_state_global@J@__crt_state_management@@A 1002c6d0     libucrt:new_mode.obj
 0003:000016d4       ?internal_pst@?1??__mbrtoc32_utf8@__crt_mbstring@@YAIPA_UPBDIPAU_Mbstatet@@AAV__crt_cached_ptd_host@@@Z@4U3@A 1002c6d4     libucrt:mbrtoc32.obj
 0003:000016dc       ?__acrt_app_type@@3W4_crt_app_type@@A 1002c6dc     libucrt:report_runtime_error.obj
 0003:000016e4       __pmatherr_set             1002c6e4     libucrt:libm_error.obj
 0004:00000220       $R000000                   1002d220     LineDisplay.res
 0004:00000bc0       $R0009A0                   1002dbc0     LineDisplay.res
 0004:00000ca8       $R000A88                   1002dca8     LineDisplay.res
 0004:00000f10       $R000CF0                   1002df10     LineDisplay.res
 0004:000014b8       $R001298                   1002e4b8     LineDisplay.res
 0004:00005970       $R005750                   10032970     LineDisplay.res
 0004:000059a8       $R005788                   100329a8     LineDisplay.res
