 OPOSSigCap

 Timestamp is 5c43ffcd (Sun Jan 20 13:57:49 2019)

 Preferred load address is 10000000

 Start         Length     Name                   Class
 0001:00000000 00000080H .text$di                CODE
 0001:00000080 0001cc1bH .text$mn                CODE
 0001:0001cc9b 00000051H .text$x                 CODE
 0001:0001ccec 00000042H .text$yd                CODE
 0002:00000000 00000300H .idata$5                DATA
 0002:00000300 00000004H .00cfg                  DATA
 0002:00000304 00000004H .CRT$XCA                DATA
 0002:00000308 00000004H .CRT$XCL                DATA
 0002:0000030c 00000010H .CRT$XCU                DATA
 0002:0000031c 00000004H .CRT$XCZ                DATA
 0002:00000320 00000004H .CRT$XIA                DATA
 0002:00000324 00000010H .CRT$XIC                DATA
 0002:00000334 00000004H .CRT$XIZ                DATA
 0002:00000338 00000004H .CRT$XLA                DATA
 0002:0000033c 00000004H .CRT$XLZ                DATA
 0002:00000340 00000004H .CRT$XPA                DATA
 0002:00000344 00000008H .CRT$XPX                DATA
 0002:0000034c 00000004H .CRT$XPXA               DATA
 0002:00000350 00000004H .CRT$XPZ                DATA
 0002:00000354 00000004H .CRT$XTA                DATA
 0002:00000358 00000008H .CRT$XTZ                DATA
 0002:0000035c 00000000H .gfids$x                DATA
 0002:0000035c 00000000H .gfids$y                DATA
 0002:00000360 00006df8H .rdata                  DATA
 0002:00007158 00000018H .rdata$T                DATA
 0002:00007170 00000180H .rdata$r                DATA
 0002:000072f0 00000020H .rdata$sxdata           DATA
 0002:00007310 000003dcH .rdata$zzzdbg           DATA
 0002:000076ec 00000004H .rtc$IAA                DATA
 0002:000076f0 00000004H .rtc$IZZ                DATA
 0002:000076f4 00000004H .rtc$TAA                DATA
 0002:000076f8 00000004H .rtc$TZZ                DATA
 0002:000076fc 00000004H .tls                    DATA
 0002:00007700 00000004H .tls$                   DATA
 0002:00007704 00000004H .tls$ZZZ                DATA
 0002:00007708 000005f4H .xdata$x                DATA
 0002:00007cfc 00000004H ATL$__a                 DATA
 0002:00007d00 00000010H ATL$__z                 DATA
 0002:00007d10 000000a8H .edata                  DATA
 0002:00007db8 00000078H .idata$2                DATA
 0002:00007e30 00000014H .idata$3                DATA
 0002:00007e44 00000300H .idata$4                DATA
 0002:00008144 00000bdeH .idata$6                DATA
 0003:00000000 000009a0H .data                   DATA
 0003:000009a0 00000098H .data$r                 DATA
 0003:00000a38 00000b5cH .bss                    DATA
 0004:00000000 00000220H .rsrc$01                DATA
 0004:00000220 00003f00H .rsrc$02                DATA

  Address         Publics by Value              Rva+Base       Lib:Object

 0000:00000000       ___guard_fids_count        00000000     <absolute>
 0000:00000000       ___guard_iat_count         00000000     <absolute>
 0000:00000000       ___hybrid_code_map_count   00000000     <absolute>
 0000:00000000       ___dynamic_value_reloc_table 00000000     <absolute>
 0000:00000000       ___guard_longjmp_count     00000000     <absolute>
 0000:00000000       __except_list              00000000     <absolute>
 0000:00000000       ___guard_fids_table        00000000     <absolute>
 0000:00000000       ___guard_longjmp_table     00000000     <absolute>
 0000:00000000       ___hybrid_auxiliary_iat    00000000     <absolute>
 0000:00000000       ___guard_iat_table         00000000     <absolute>
 0000:00000000       ___volatile_metadata       00000000     <absolute>
 0000:00000000       ___enclave_config          00000000     <absolute>
 0000:00000000       ___hybrid_code_map         00000000     <absolute>
 0000:00000008       ___safe_se_handler_count   00000008     <absolute>
 0000:0000002c       __tls_array                0000002c     <absolute>
 0000:00000100       ___guard_flags             00000100     <absolute>
 0000:00000000       ___ImageBase               10000000     <linker-defined>
 0001:00000080       ?DupWide@_CW@@AAEXXZ       10001080 f   CWString.obj
 0001:0000009c       ?cw_dup@@YGXPBDAAHAAPA_W1@Z 1000109c f   CWString.obj
 0001:0000010b       ?cw_memcpy@@YGHPA_WPBDH@Z  1000110b f   CWString.obj
 0001:00000137       ?cw_strcpy@@YAHPA_WPBD@Z   10001137 f   CWString.obj
 0001:0000014a       ?cw_strlen@@YAHPBD@Z       1000114a f   CWString.obj
 0001:00000163       ??0CAtlComModule@ATL@@QAE@XZ 10001163 f i OposVariant.obj
 0001:000001a8       ??0CAtlWinModule@ATL@@QAE@XZ 100011a8 f i OposVariant.obj
 0001:000001df       ??0OposDispParms@@QAE@PAVOposVariant@@H@Z 100011df f   OposVariant.obj
 0001:00000250       ??1OposDispParms@@QAE@XZ   10001250 f   OposVariant.obj
 0001:0000025e       ??A?$CSimpleArray@GV?$CSimpleArrayEqualHelper@G@ATL@@@ATL@@QAEAAGH@Z 1000125e f i OposVariant.obj
 0001:00000283       ??_Estringdispid@CComTypeInfoHolder@ATL@@QAEPAXI@Z 10001283 f i OposVariant.obj
 0001:000002ef       ?AtlWinModuleInit@ATL@@YGJPAU_ATL_WIN_MODULE70@1@@Z 100012ef f i OposVariant.obj
 0001:00000315       ?AtlWinModuleTerm@ATL@@YGJPAU_ATL_WIN_MODULE70@1@PAUHINSTANCE__@@@Z 10001315 f i OposVariant.obj
 0001:00000378       ?ChangeBSTR@OposVariant@@QAEXPAPA_WAAJ@Z 10001378 f   OposVariant.obj
 0001:000003b9       ?ChangeLONG@OposVariant@@QAEXPAJAAJ@Z 100013b9 f   OposVariant.obj
 0001:000003fa       ?GetLONG@OposVariant@@QAEJXZ 100013fa f   OposVariant.obj
 0001:00000415       ?Init@CComCriticalSection@ATL@@QAEJXZ 10001415 f i OposVariant.obj
 0001:0000043d       ?RemoveAll@?$CSimpleArray@PAUHINSTANCE__@@V?$CSimpleArrayEqualHelper@PAUHINSTANCE__@@@ATL@@@ATL@@QAEXXZ 1000143d f i atls:atlbase.obj
 0001:0000043d       ?RemoveAll@?$CSimpleArray@GV?$CSimpleArrayEqualHelper@G@ATL@@@ATL@@QAEXXZ 1000143d f i OposVariant.obj
 0001:0000045a       ?SetBSTR@OposVariant@@QAEXPA_WAAJ@Z 1000145a f   OposVariant.obj
 0001:0000048e       ?SetBSTR_Copy@OposVariant@@QAEXPA_WAAJ@Z 1000148e f   OposVariant.obj
 0001:000004de       ?SetBSTR_InOutPtr@OposVariant@@QAE_NPAPA_WAAJ@Z 100014de f   OposVariant.obj
 0001:00000515       ?SetDispatch_Ptr@OposVariant@@QAEXPAUIDispatch@@AAJ@Z 10001515 f   OposVariant.obj
 0001:00000550       ?SetLONG@OposVariant@@QAEXJ@Z 10001550 f   OposVariant.obj
 0001:00000572       ?SetLONG_Ptr@OposVariant@@QAEXPAJAAJ@Z 10001572 f   OposVariant.obj
 0001:000005a5       ?SetString@OposVariant@@QAEXPB_WAAJ@Z 100015a5 f   OposVariant.obj
 0001:000005eb       ?SetVARIANT_BOOL@OposVariant@@QAEXF@Z 100015eb f   OposVariant.obj
 0001:00000615       ?Term@CAtlComModule@ATL@@QAEXXZ 10001615 f i OposVariant.obj
 0001:0000065f       ?_AtlRaiseException@ATL@@YAXKK@Z 1000165f f i OposVariant.obj
 0001:00000674       ?AddRef@?$CComObjectCached@VCComClassFactory@ATL@@@ATL@@UAGKXZ 10001674 f i SigCap.obj
 0001:0000069b       ?Release@?$CComObjectCached@VCComClassFactory@ATL@@@ATL@@UAGKXZ 1000169b f i SigCap.obj
 0001:000006d1       ?QueryInterface@?$CComObjectCached@VCComClassFactory@ATL@@@ATL@@UAGJABU_GUID@@PAPAX@Z 100016d1 f i SigCap.obj
 0001:000006eb       ??_G?$CComObjectCached@VCComClassFactory@ATL@@@ATL@@UAEPAXI@Z 100016eb f i SigCap.obj
 0001:000006eb       ??_E?$CComObjectCached@VCComClassFactory@ATL@@@ATL@@UAEPAXI@Z 100016eb f i SigCap.obj
 0001:0000070d       ?AddRef@?$CComAggObject@VCOPOSSigCap@@@ATL@@UAGKXZ 1000170d f i SigCap.obj
 0001:0000071e       ?Release@?$CComAggObject@VCOPOSSigCap@@@ATL@@UAGKXZ 1000171e f i SigCap.obj
 0001:0000075a       ?QueryInterface@?$CComAggObject@VCOPOSSigCap@@@ATL@@UAGJABU_GUID@@PAPAX@Z 1000175a f i SigCap.obj
 0001:000007a9       ?AddRef@?$CComContainedObject@VCOPOSSigCap@@@ATL@@UAGKXZ 100017a9 f i SigCap.obj
 0001:000007bf       ?Release@?$CComContainedObject@VCOPOSSigCap@@@ATL@@UAGKXZ 100017bf f i SigCap.obj
 0001:000007d5       ?QueryInterface@?$CComContainedObject@VCOPOSSigCap@@@ATL@@UAGJABU_GUID@@PAPAX@Z 100017d5 f i SigCap.obj
 0001:000007f0       ??_G?$CComAggObject@VCOPOSSigCap@@@ATL@@UAEPAXI@Z 100017f0 f i SigCap.obj
 0001:000007f0       ??_E?$CComAggObject@VCOPOSSigCap@@@ATL@@UAEPAXI@Z 100017f0 f i SigCap.obj
 0001:00000815       ?AddRef@?$CComObject@VCOPOSSigCap@@@ATL@@UAGKXZ 10001815 f i SigCap.obj
 0001:0000082c       ?Release@?$CComObject@VCOPOSSigCap@@@ATL@@UAGKXZ 1000182c f i SigCap.obj
 0001:0000086e       ?QueryInterface@?$CComObject@VCOPOSSigCap@@@ATL@@UAGJABU_GUID@@PAPAX@Z 1000186e f i SigCap.obj
 0001:00000888       ?ObjectMain@CComObjectRootBase@ATL@@SGX_N@Z 10001888 f i SigCap.obj
 0001:00000888       ?OnFinalMessage@?$CWindowImplBaseT@VCWindow@ATL@@V?$CWinTraits@$0FGAAAAAA@$0A@@2@@ATL@@UAEXPAUHWND__@@@Z 10001888 f i SigCap.obj
 0001:0000088b       ?GetCategoryMap@CComObjectRootBase@ATL@@SAPBU_ATL_CATMAP_ENTRY@2@XZ 1000188b f i SigCap.obj
 0001:0000088b       ?GetObjectDescription@?$CComCoClass@VCOPOSSigCap@@$1?CLSID_OPOSSigCap@@3U_GUID@@B@ATL@@SGPB_WXZ 1000188b f i SigCap.obj
 0001:0000088e       ?CreateInstance@CComClassFactory@ATL@@UAGJPAUIUnknown@@ABU_GUID@@PAPAX@Z 1000188e f i SigCap.obj
 0001:000008cc       ?LockServer@CComClassFactory@ATL@@UAGJH@Z 100018cc f i SigCap.obj
 0001:000008eb       ??_GCComClassFactory@ATL@@UAEPAXI@Z 100018eb f i SigCap.obj
 0001:000008eb       ??_ECComClassFactory@ATL@@UAEPAXI@Z 100018eb f i SigCap.obj
 0001:00000916       ?OnDrawAdvanced@CComControlBase@ATL@@UAEJAAUATL_DRAWINFO@@@Z 10001916 f i SigCap.obj
 0001:00000a05       ?Next@?$CComEnumImpl@UIEnumConnections@@$1?_GUID_b196b287_bab4_101a_b69c_00aa00341d07@@3U__s_GUID@@BUtagCONNECTDATA@@V?$_Copy@UtagCONNECTDATA@@@ATL@@@ATL@@UAGJKPAUtagCONNECTDATA@@PAK@Z 10001a05 f i SigCap.obj
 0001:00000adc       ?Skip@?$CComEnumImpl@UIEnumConnections@@$1?_GUID_b196b287_bab4_101a_b69c_00aa00341d07@@3U__s_GUID@@BUtagCONNECTDATA@@V?$_Copy@UtagCONNECTDATA@@@ATL@@@ATL@@UAGJK@Z 10001adc f i SigCap.obj
 0001:00000b09       ?Reset@?$CComEnumImpl@UIEnumConnectionPoints@@$1?_GUID_b196b285_bab4_101a_b69c_00aa00341d07@@3U__s_GUID@@BPAUIConnectionPoint@@V?$_CopyInterface@UIConnectionPoint@@@ATL@@@ATL@@UAGJXZ 10001b09 f i SigCap.obj
 0001:00000b09       ?Reset@?$CComEnumImpl@UIEnumConnections@@$1?_GUID_b196b287_bab4_101a_b69c_00aa00341d07@@3U__s_GUID@@BUtagCONNECTDATA@@V?$_Copy@UtagCONNECTDATA@@@ATL@@@ATL@@UAGJXZ 10001b09 f i SigCap.obj
 0001:00000b1b       ?Clone@?$CComEnumImpl@UIEnumConnections@@$1?_GUID_b196b287_bab4_101a_b69c_00aa00341d07@@3U__s_GUID@@BUtagCONNECTDATA@@V?$_Copy@UtagCONNECTDATA@@@ATL@@@ATL@@UAGJPAPAUIEnumConnections@@@Z 10001b1b f i SigCap.obj
 0001:00000bfa       ?AddRef@?$CComObject@V?$CComEnum@UIEnumConnections@@$1?_GUID_b196b287_bab4_101a_b69c_00aa00341d07@@3U__s_GUID@@BUtagCONNECTDATA@@V?$_Copy@UtagCONNECTDATA@@@ATL@@VCComSingleThreadModel@6@@ATL@@@ATL@@UAGKXZ 10001bfa f i SigCap.obj
 0001:00000bfa       ?AddRef@?$CComObject@V?$CComEnum@UIEnumConnectionPoints@@$1?_GUID_b196b285_bab4_101a_b69c_00aa00341d07@@3U__s_GUID@@BPAUIConnectionPoint@@V?$_CopyInterface@UIConnectionPoint@@@ATL@@VCComSingleThreadModel@6@@ATL@@@ATL@@UAGKXZ 10001bfa f i SigCap.obj
 0001:00000c0b       ?Release@?$CComObject@V?$CComEnum@UIEnumConnections@@$1?_GUID_b196b287_bab4_101a_b69c_00aa00341d07@@3U__s_GUID@@BUtagCONNECTDATA@@V?$_Copy@UtagCONNECTDATA@@@ATL@@VCComSingleThreadModel@6@@ATL@@@ATL@@UAGKXZ 10001c0b f i SigCap.obj
 0001:00000c0b       ?Release@?$CComObject@V?$CComEnum@UIEnumConnectionPoints@@$1?_GUID_b196b285_bab4_101a_b69c_00aa00341d07@@3U__s_GUID@@BPAUIConnectionPoint@@V?$_CopyInterface@UIConnectionPoint@@@ATL@@VCComSingleThreadModel@6@@ATL@@@ATL@@UAGKXZ 10001c0b f i SigCap.obj
 0001:00000c47       ?QueryInterface@?$CComObject@V?$CComEnum@UIEnumConnections@@$1?_GUID_b196b287_bab4_101a_b69c_00aa00341d07@@3U__s_GUID@@BUtagCONNECTDATA@@V?$_Copy@UtagCONNECTDATA@@@ATL@@VCComSingleThreadModel@6@@ATL@@@ATL@@UAGJABU_GUID@@PAPAX@Z 10001c47 f i SigCap.obj
 0001:00000c61       ??_G?$CComObject@V?$CComEnum@UIEnumConnections@@$1?_GUID_b196b287_bab4_101a_b69c_00aa00341d07@@3U__s_GUID@@BUtagCONNECTDATA@@V?$_Copy@UtagCONNECTDATA@@@ATL@@VCComSingleThreadModel@6@@ATL@@@ATL@@UAEPAXI@Z 10001c61 f i SigCap.obj
 0001:00000c61       ??_E?$CComObject@V?$CComEnum@UIEnumConnections@@$1?_GUID_b196b287_bab4_101a_b69c_00aa00341d07@@3U__s_GUID@@BUtagCONNECTDATA@@V?$_Copy@UtagCONNECTDATA@@@ATL@@VCComSingleThreadModel@6@@ATL@@@ATL@@UAEPAXI@Z 10001c61 f i SigCap.obj
 0001:00000c83       ??_E?$CComObject@VCOPOSSigCap@@@ATL@@W3AEPAXI@Z 10001c83 f i SigCap.obj
 0001:00000c8b       ??_E?$CComObject@VCOPOSSigCap@@@ATL@@WEM@AEPAXI@Z 10001c8b f i SigCap.obj
 0001:00000c93       ?QueryInterface@?$CComObject@VCOPOSSigCap@@@ATL@@WHA@AGJABU_GUID@@PAPAX@Z 10001c93 f i SigCap.obj
 0001:00000c9d       ?AddRef@?$CComObject@VCOPOSSigCap@@@ATL@@WHA@AGKXZ 10001c9d f i SigCap.obj
 0001:00000ca7       ?Release@?$CComObject@VCOPOSSigCap@@@ATL@@WHA@AGKXZ 10001ca7 f i SigCap.obj
 0001:00000cb1       ?QueryInterface@?$CComObject@VCOPOSSigCap@@@ATL@@WHE@AGJABU_GUID@@PAPAX@Z 10001cb1 f i SigCap.obj
 0001:00000cbb       ?AddRef@?$CComObject@VCOPOSSigCap@@@ATL@@WHE@AGKXZ 10001cbb f i SigCap.obj
 0001:00000cc5       ?Release@?$CComObject@VCOPOSSigCap@@@ATL@@WHE@AGKXZ 10001cc5 f i SigCap.obj
 0001:00000ccf       ?QueryInterface@?$CComObject@VCOPOSSigCap@@@ATL@@WHI@AGJABU_GUID@@PAPAX@Z 10001ccf f i SigCap.obj
 0001:00000cd9       ?AddRef@?$CComObject@VCOPOSSigCap@@@ATL@@WHI@AGKXZ 10001cd9 f i SigCap.obj
 0001:00000ce3       ?Release@?$CComObject@VCOPOSSigCap@@@ATL@@WHI@AGKXZ 10001ce3 f i SigCap.obj
 0001:00000ced       ?QueryInterface@?$CComObject@VCOPOSSigCap@@@ATL@@WHM@AGJABU_GUID@@PAPAX@Z 10001ced f i SigCap.obj
 0001:00000cf7       ?AddRef@?$CComObject@VCOPOSSigCap@@@ATL@@WHM@AGKXZ 10001cf7 f i SigCap.obj
 0001:00000d01       ?Release@?$CComObject@VCOPOSSigCap@@@ATL@@WHM@AGKXZ 10001d01 f i SigCap.obj
 0001:00000d0b       ?QueryInterface@?$CComObject@VCOPOSSigCap@@@ATL@@WIA@AGJABU_GUID@@PAPAX@Z 10001d0b f i SigCap.obj
 0001:00000d18       ?AddRef@?$CComObject@VCOPOSSigCap@@@ATL@@WIA@AGKXZ 10001d18 f i SigCap.obj
 0001:00000d25       ?Release@?$CComObject@VCOPOSSigCap@@@ATL@@WIA@AGKXZ 10001d25 f i SigCap.obj
 0001:00000d32       ?QueryInterface@?$CComObject@VCOPOSSigCap@@@ATL@@WIE@AGJABU_GUID@@PAPAX@Z 10001d32 f i SigCap.obj
 0001:00000d3f       ?AddRef@?$CComObject@VCOPOSSigCap@@@ATL@@WIE@AGKXZ 10001d3f f i SigCap.obj
 0001:00000d4c       ?Release@?$CComObject@VCOPOSSigCap@@@ATL@@WIE@AGKXZ 10001d4c f i SigCap.obj
 0001:00000d59       ?QueryInterface@?$CComObject@VCOPOSSigCap@@@ATL@@WII@AGJABU_GUID@@PAPAX@Z 10001d59 f i SigCap.obj
 0001:00000d66       ?AddRef@?$CComObject@VCOPOSSigCap@@@ATL@@WII@AGKXZ 10001d66 f i SigCap.obj
 0001:00000d73       ?Release@?$CComObject@VCOPOSSigCap@@@ATL@@WII@AGKXZ 10001d73 f i SigCap.obj
 0001:00000d80       ?QueryInterface@?$CComObject@VCOPOSSigCap@@@ATL@@WIM@AGJABU_GUID@@PAPAX@Z 10001d80 f i SigCap.obj
 0001:00000d8d       ?AddRef@?$CComObject@VCOPOSSigCap@@@ATL@@WIM@AGKXZ 10001d8d f i SigCap.obj
 0001:00000d9a       ?Release@?$CComObject@VCOPOSSigCap@@@ATL@@WIM@AGKXZ 10001d9a f i SigCap.obj
 0001:00000da7       ?QueryInterface@?$CComObject@VCOPOSSigCap@@@ATL@@WJA@AGJABU_GUID@@PAPAX@Z 10001da7 f i SigCap.obj
 0001:00000db4       ?AddRef@?$CComObject@VCOPOSSigCap@@@ATL@@WJA@AGKXZ 10001db4 f i SigCap.obj
 0001:00000dc1       ?Release@?$CComObject@VCOPOSSigCap@@@ATL@@WJA@AGKXZ 10001dc1 f i SigCap.obj
 0001:00000dce       ?QueryInterface@?$CComObject@VCOPOSSigCap@@@ATL@@WJE@AGJABU_GUID@@PAPAX@Z 10001dce f i SigCap.obj
 0001:00000ddb       ?AddRef@?$CComObject@VCOPOSSigCap@@@ATL@@WJE@AGKXZ 10001ddb f i SigCap.obj
 0001:00000de8       ?Release@?$CComObject@VCOPOSSigCap@@@ATL@@WJE@AGKXZ 10001de8 f i SigCap.obj
 0001:00000df5       ?QueryInterface@?$CComObject@VCOPOSSigCap@@@ATL@@WJI@AGJABU_GUID@@PAPAX@Z 10001df5 f i SigCap.obj
 0001:00000e02       ?AddRef@?$CComObject@VCOPOSSigCap@@@ATL@@WJI@AGKXZ 10001e02 f i SigCap.obj
 0001:00000e0f       ?Release@?$CComObject@VCOPOSSigCap@@@ATL@@WJI@AGKXZ 10001e0f f i SigCap.obj
 0001:00000e1c       ?QueryInterface@?$CComObject@VCOPOSSigCap@@@ATL@@WJM@AGJABU_GUID@@PAPAX@Z 10001e1c f i SigCap.obj
 0001:00000e29       ?AddRef@?$CComObject@VCOPOSSigCap@@@ATL@@WJM@AGKXZ 10001e29 f i SigCap.obj
 0001:00000e36       ?Release@?$CComObject@VCOPOSSigCap@@@ATL@@WJM@AGKXZ 10001e36 f i SigCap.obj
 0001:00000e43       ?QueryInterface@?$CComObject@VCOPOSSigCap@@@ATL@@WKA@AGJABU_GUID@@PAPAX@Z 10001e43 f i SigCap.obj
 0001:00000e50       ?AddRef@?$CComObject@VCOPOSSigCap@@@ATL@@WKA@AGKXZ 10001e50 f i SigCap.obj
 0001:00000e5d       ?Release@?$CComObject@VCOPOSSigCap@@@ATL@@WKA@AGKXZ 10001e5d f i SigCap.obj
 0001:00000e6a       ?AddRef@?$CComObject@VCOPOSSigCap@@@ATL@@WKI@AGKXZ 10001e6a f i SigCap.obj
 0001:00000e77       ?Release@?$CComObject@VCOPOSSigCap@@@ATL@@WKI@AGKXZ 10001e77 f i SigCap.obj
 0001:00000e84       ?AddRef@?$CComObject@VCOPOSSigCap@@@ATL@@WLE@AGKXZ 10001e84 f i SigCap.obj
 0001:00000e91       ?Release@?$CComObject@VCOPOSSigCap@@@ATL@@WLE@AGKXZ 10001e91 f i SigCap.obj
 0001:00000e9e       ??_E?$CComContainedObject@VCOPOSSigCap@@@ATL@@W3AEPAXI@Z 10001e9e f i SigCap.obj
 0001:00000ea6       ??_E?$CComContainedObject@VCOPOSSigCap@@@ATL@@WEM@AEPAXI@Z 10001ea6 f i SigCap.obj
 0001:00000eae       ?QueryInterface@?$CComContainedObject@VCOPOSSigCap@@@ATL@@WHA@AGJABU_GUID@@PAPAX@Z 10001eae f i SigCap.obj
 0001:00000eb8       ?AddRef@?$CComContainedObject@VCOPOSSigCap@@@ATL@@WHA@AGKXZ 10001eb8 f i SigCap.obj
 0001:00000ec2       ?Release@?$CComContainedObject@VCOPOSSigCap@@@ATL@@WHA@AGKXZ 10001ec2 f i SigCap.obj
 0001:00000ecc       ?QueryInterface@?$CComContainedObject@VCOPOSSigCap@@@ATL@@WHE@AGJABU_GUID@@PAPAX@Z 10001ecc f i SigCap.obj
 0001:00000ed6       ?AddRef@?$CComContainedObject@VCOPOSSigCap@@@ATL@@WHE@AGKXZ 10001ed6 f i SigCap.obj
 0001:00000ee0       ?Release@?$CComContainedObject@VCOPOSSigCap@@@ATL@@WHE@AGKXZ 10001ee0 f i SigCap.obj
 0001:00000eea       ?QueryInterface@?$CComContainedObject@VCOPOSSigCap@@@ATL@@WHI@AGJABU_GUID@@PAPAX@Z 10001eea f i SigCap.obj
 0001:00000ef4       ?AddRef@?$CComContainedObject@VCOPOSSigCap@@@ATL@@WHI@AGKXZ 10001ef4 f i SigCap.obj
 0001:00000efe       ?Release@?$CComContainedObject@VCOPOSSigCap@@@ATL@@WHI@AGKXZ 10001efe f i SigCap.obj
 0001:00000f08       ?QueryInterface@?$CComContainedObject@VCOPOSSigCap@@@ATL@@WHM@AGJABU_GUID@@PAPAX@Z 10001f08 f i SigCap.obj
 0001:00000f12       ?AddRef@?$CComContainedObject@VCOPOSSigCap@@@ATL@@WHM@AGKXZ 10001f12 f i SigCap.obj
 0001:00000f1c       ?Release@?$CComContainedObject@VCOPOSSigCap@@@ATL@@WHM@AGKXZ 10001f1c f i SigCap.obj
 0001:00000f26       ?QueryInterface@?$CComContainedObject@VCOPOSSigCap@@@ATL@@WIA@AGJABU_GUID@@PAPAX@Z 10001f26 f i SigCap.obj
 0001:00000f33       ?AddRef@?$CComContainedObject@VCOPOSSigCap@@@ATL@@WIA@AGKXZ 10001f33 f i SigCap.obj
 0001:00000f40       ?Release@?$CComContainedObject@VCOPOSSigCap@@@ATL@@WIA@AGKXZ 10001f40 f i SigCap.obj
 0001:00000f4d       ?QueryInterface@?$CComContainedObject@VCOPOSSigCap@@@ATL@@WIE@AGJABU_GUID@@PAPAX@Z 10001f4d f i SigCap.obj
 0001:00000f5a       ?AddRef@?$CComContainedObject@VCOPOSSigCap@@@ATL@@WIE@AGKXZ 10001f5a f i SigCap.obj
 0001:00000f67       ?Release@?$CComContainedObject@VCOPOSSigCap@@@ATL@@WIE@AGKXZ 10001f67 f i SigCap.obj
 0001:00000f74       ?QueryInterface@?$CComContainedObject@VCOPOSSigCap@@@ATL@@WII@AGJABU_GUID@@PAPAX@Z 10001f74 f i SigCap.obj
 0001:00000f81       ?AddRef@?$CComContainedObject@VCOPOSSigCap@@@ATL@@WII@AGKXZ 10001f81 f i SigCap.obj
 0001:00000f8e       ?Release@?$CComContainedObject@VCOPOSSigCap@@@ATL@@WII@AGKXZ 10001f8e f i SigCap.obj
 0001:00000f9b       ?QueryInterface@?$CComContainedObject@VCOPOSSigCap@@@ATL@@WIM@AGJABU_GUID@@PAPAX@Z 10001f9b f i SigCap.obj
 0001:00000fa8       ?AddRef@?$CComContainedObject@VCOPOSSigCap@@@ATL@@WIM@AGKXZ 10001fa8 f i SigCap.obj
 0001:00000fb5       ?Release@?$CComContainedObject@VCOPOSSigCap@@@ATL@@WIM@AGKXZ 10001fb5 f i SigCap.obj
 0001:00000fc2       ?QueryInterface@?$CComContainedObject@VCOPOSSigCap@@@ATL@@WJA@AGJABU_GUID@@PAPAX@Z 10001fc2 f i SigCap.obj
 0001:00000fcf       ?AddRef@?$CComContainedObject@VCOPOSSigCap@@@ATL@@WJA@AGKXZ 10001fcf f i SigCap.obj
 0001:00000fdc       ?Release@?$CComContainedObject@VCOPOSSigCap@@@ATL@@WJA@AGKXZ 10001fdc f i SigCap.obj
 0001:00000fe9       ?QueryInterface@?$CComContainedObject@VCOPOSSigCap@@@ATL@@WJE@AGJABU_GUID@@PAPAX@Z 10001fe9 f i SigCap.obj
 0001:00000ff6       ?AddRef@?$CComContainedObject@VCOPOSSigCap@@@ATL@@WJE@AGKXZ 10001ff6 f i SigCap.obj
 0001:00001003       ?Release@?$CComContainedObject@VCOPOSSigCap@@@ATL@@WJE@AGKXZ 10002003 f i SigCap.obj
 0001:00001010       ?QueryInterface@?$CComContainedObject@VCOPOSSigCap@@@ATL@@WJI@AGJABU_GUID@@PAPAX@Z 10002010 f i SigCap.obj
 0001:0000101d       ?AddRef@?$CComContainedObject@VCOPOSSigCap@@@ATL@@WJI@AGKXZ 1000201d f i SigCap.obj
 0001:0000102a       ?Release@?$CComContainedObject@VCOPOSSigCap@@@ATL@@WJI@AGKXZ 1000202a f i SigCap.obj
 0001:00001037       ?QueryInterface@?$CComContainedObject@VCOPOSSigCap@@@ATL@@WJM@AGJABU_GUID@@PAPAX@Z 10002037 f i SigCap.obj
 0001:00001044       ?AddRef@?$CComContainedObject@VCOPOSSigCap@@@ATL@@WJM@AGKXZ 10002044 f i SigCap.obj
 0001:00001051       ?Release@?$CComContainedObject@VCOPOSSigCap@@@ATL@@WJM@AGKXZ 10002051 f i SigCap.obj
 0001:0000105e       ?QueryInterface@?$CComContainedObject@VCOPOSSigCap@@@ATL@@WKA@AGJABU_GUID@@PAPAX@Z 1000205e f i SigCap.obj
 0001:0000106b       ?AddRef@?$CComContainedObject@VCOPOSSigCap@@@ATL@@WKA@AGKXZ 1000206b f i SigCap.obj
 0001:00001078       ?Release@?$CComContainedObject@VCOPOSSigCap@@@ATL@@WKA@AGKXZ 10002078 f i SigCap.obj
 0001:00001085       ?AddRef@?$CComContainedObject@VCOPOSSigCap@@@ATL@@WKI@AGKXZ 10002085 f i SigCap.obj
 0001:00001092       ?Release@?$CComContainedObject@VCOPOSSigCap@@@ATL@@WKI@AGKXZ 10002092 f i SigCap.obj
 0001:0000109f       ?AddRef@?$CComContainedObject@VCOPOSSigCap@@@ATL@@WLE@AGKXZ 1000209f f i SigCap.obj
 0001:000010ac       ?Release@?$CComContainedObject@VCOPOSSigCap@@@ATL@@WLE@AGKXZ 100020ac f i SigCap.obj
 0001:000010b9       ?Lock@CAtlModule@ATL@@UAEJXZ 100020b9 f i SigCap.obj
 0001:000010c3       ?Unlock@CAtlModule@ATL@@UAEJXZ 100020c3 f i SigCap.obj
 0001:000010cd       ?GetLockCount@CAtlModule@ATL@@UAEJXZ 100020cd f i SigCap.obj
 0001:000010d1       ?GetGITPtr@CAtlModule@ATL@@UAEJPAPAUIGlobalInterfaceTable@@@Z 100020d1 f i SigCap.obj
 0001:0000111d       ?AddCommonRGSReplacements@?$CAtlModuleT@VCComModule@ATL@@@ATL@@UAEJPAUIRegistrarBase@@@Z 1000211d f i SigCap.obj
 0001:00001137       ?UpdateRegistryFromResourceD@CComModule@ATL@@UAGJIHPAU_ATL_REGMAP_ENTRY@2@@Z 10002137 f i SigCap.obj
 0001:00001137       ?UpdateRegistryFromResourceD@CComModule@ATL@@UAGJPB_WHPAU_ATL_REGMAP_ENTRY@2@@Z 10002137 f i SigCap.obj
 0001:0000113f       ?UpdateRegistryFromResource@CComModule@ATL@@UAGJPB_WHPAU_ATL_REGMAP_ENTRY@2@@Z 1000213f f i SigCap.obj
 0001:00001148       ?UpdateRegistryFromResource@CComModule@ATL@@UAGJIHPAU_ATL_REGMAP_ENTRY@2@@Z 10002148 f i SigCap.obj
 0001:00001151       ??_ECComModule@ATL@@UAEPAXI@Z 10002151 f i SigCap.obj
 0001:00001151       ??_GCComModule@ATL@@UAEPAXI@Z 10002151 f i SigCap.obj
 0001:00001179       ?GetWindowProc@?$CWindowImplBaseT@VCWindow@ATL@@V?$CWinTraits@$0FGAAAAAA@$0A@@2@@ATL@@UAEP6GJPAUHWND__@@IIJ@ZXZ 10002179 f i SigCap.obj
 0001:0000117f       ?StartWindowProc@?$CWindowImplBaseT@VCWindow@ATL@@V?$CWinTraits@$0FGAAAAAA@$0A@@2@@ATL@@SGJPAUHWND__@@IIJ@Z 1000217f f i SigCap.obj
 0001:000011d3       ?GetTypeInfoCount@?$IDispatchImpl@UIOPOSSigCap@@$1?IID_IOPOSSigCap@@3U_GUID@@B$1?LIBID_OposSigCap_CCO@@3U3@B$00$0A@VCComTypeInfoHolder@ATL@@@ATL@@UAGJPAI@Z 100021d3 f i SigCap.obj
 0001:000011f0       ?GetTypeInfo@?$IDispatchImpl@UIOPOSSigCap@@$1?IID_IOPOSSigCap@@3U_GUID@@B$1?LIBID_OposSigCap_CCO@@3U3@B$00$0A@VCComTypeInfoHolder@ATL@@@ATL@@UAGJIKPAPAUITypeInfo@@@Z 100021f0 f i SigCap.obj
 0001:00001214       ?GetIDsOfNames@?$IDispatchImpl@UIOPOSSigCap@@$1?IID_IOPOSSigCap@@3U_GUID@@B$1?LIBID_OposSigCap_CCO@@3U3@B$00$0A@VCComTypeInfoHolder@ATL@@@ATL@@UAGJABU_GUID@@PAPA_WIKPAJ@Z 10002214 f i SigCap.obj
 0001:00001234       ?Invoke@?$IDispatchImpl@UIOPOSSigCap@@$1?IID_IOPOSSigCap@@3U_GUID@@B$1?LIBID_OposSigCap_CCO@@3U3@B$00$0A@VCComTypeInfoHolder@ATL@@@ATL@@UAGJJABU_GUID@@KGPAUtagDISPPARAMS@@PAUtagVARIANT@@PAUtagEXCEPINFO@@PAI@Z 10002234 f i SigCap.obj
 0001:00001242       ?CreateControlWindow@?$CComControl@VCOPOSSigCap@@V?$CWindowImpl@VCOPOSSigCap@@VCWindow@ATL@@V?$CWinTraits@$0FGAAAAAA@$0A@@3@@ATL@@@ATL@@UAEPAUHWND__@@PAU3@AAUtagRECT@@@Z 10002242 f i SigCap.obj
 0001:00001271       ?ControlQueryInterface@?$CComControl@VCOPOSSigCap@@V?$CWindowImpl@VCOPOSSigCap@@VCWindow@ATL@@V?$CWinTraits@$0FGAAAAAA@$0A@@3@@ATL@@@ATL@@UAEJABU_GUID@@PAPAX@Z 10002271 f i SigCap.obj
 0001:0000128c       ?GetClassID@?$IPersistStorageImpl@VCOPOSSigCap@@@ATL@@UAGJPAU_GUID@@@Z 1000228c f i SigCap.obj
 0001:0000128c       ?GetClassID@?$IPersistStreamInitImpl@VCOPOSSigCap@@@ATL@@UAGJPAU_GUID@@@Z 1000228c f i SigCap.obj
 0001:0000128c       ?GetUserClassID@?$IOleObjectImpl@VCOPOSSigCap@@@ATL@@UAGJPAU_GUID@@@Z 1000228c f i SigCap.obj
 0001:000012b0       ?IsDirty@?$IPersistStreamInitImpl@VCOPOSSigCap@@@ATL@@UAGJXZ 100022b0 f i SigCap.obj
 0001:000012cf       ?Load@?$IPersistStreamInitImpl@VCOPOSSigCap@@@ATL@@UAGJPAUIStream@@@Z 100022cf f i SigCap.obj
 0001:000012ee       ?Save@?$IPersistStreamInitImpl@VCOPOSSigCap@@@ATL@@UAGJPAUIStream@@H@Z 100022ee f i SigCap.obj
 0001:00001310       ?GetSizeMax@?$IPersistStreamInitImpl@VCOPOSSigCap@@@ATL@@UAGJPAT_ULARGE_INTEGER@@@Z 10002310 f i SigCap.obj
 0001:000014c5       ?InitNew@?$IPersistStreamInitImpl@VCOPOSSigCap@@@ATL@@UAGJXZ 100024c5 f i SigCap.obj
 0001:000014e2       ?GetControlInfo@?$IOleControlImpl@VCOPOSSigCap@@@ATL@@UAGJPAUtagCONTROLINFO@@@Z 100024e2 f i SigCap.obj
 0001:000014e2       ?ContextSensitiveHelp@?$IOleInPlaceActiveObjectImpl@VCOPOSSigCap@@@ATL@@UAGJH@Z 100024e2 f i SigCap.obj
 0001:000014e2       ?SetColorScheme@?$IOleObjectImpl@VCOPOSSigCap@@@ATL@@UAGJPAUtagLOGPALETTE@@@Z 100024e2 f i SigCap.obj
 0001:000014e2       ?QueryGetData@?$IDataObjectImpl@VCOPOSSigCap@@@ATL@@UAGJPAUtagFORMATETC@@@Z 100024e2 f i SigCap.obj
 0001:000014e2       ?OnMnemonic@?$IOleControlImpl@VCOPOSSigCap@@@ATL@@UAGJPAUtagMSG@@@Z 100024e2 f i SigCap.obj
 0001:000014e2       ?SOOutputCompleteDummy@COPOSSigCap@@MAGJJ@Z 100024e2 f i SigCap.obj
 0001:000014e2       ?GetDropTarget@?$IOleInPlaceObjectWindowlessImpl@VCOPOSSigCap@@@ATL@@UAGJPAPAUIDropTarget@@@Z 100024e2 f i SigCap.obj
 0001:000014e2       ?ContextSensitiveHelp@?$IOleInPlaceObjectWindowlessImpl@VCOPOSSigCap@@@ATL@@UAGJH@Z 100024e2 f i SigCap.obj
 0001:000014e2       ?Unfreeze@?$IViewObjectExImpl@VCOPOSSigCap@@@ATL@@UAGJK@Z 100024e2 f i SigCap.obj
 0001:000014ea       ?EnableModeless@?$IOleInPlaceActiveObjectImpl@VCOPOSSigCap@@@ATL@@UAGJH@Z 100024ea f i SigCap.obj
 0001:000014ea       ?OnAmbientPropertyChange@?$IOleControlImpl@VCOPOSSigCap@@@ATL@@UAGJJ@Z 100024ea f i SigCap.obj
 0001:000014ea       ?OnFrameWindowActivate@?$IOleInPlaceActiveObjectImpl@VCOPOSSigCap@@@ATL@@UAGJH@Z 100024ea f i SigCap.obj
 0001:000014ea       ?SaveCompleted@?$IPersistStorageImpl@VCOPOSSigCap@@@ATL@@UAGJPAUIStorage@@@Z 100024ea f i SigCap.obj
 0001:000014ef       ?SetClientSite@?$IOleObjectImpl@VCOPOSSigCap@@@ATL@@UAGJPAUIOleClientSite@@@Z 100024ef f i SigCap.obj
 0001:0000150c       ?GetClientSite@?$IOleObjectImpl@VCOPOSSigCap@@@ATL@@UAGJPAPAUIOleClientSite@@@Z 1000250c f i SigCap.obj
 0001:00001529       ?SetHostNames@?$IOleObjectImpl@VCOPOSSigCap@@@ATL@@UAGJPB_W0@Z 10002529 f i SigCap.obj
 0001:0000152e       ?Close@?$IOleObjectImpl@VCOPOSSigCap@@@ATL@@UAGJK@Z 1000252e f i SigCap.obj
 0001:0000154b       ?GetRect@?$IViewObjectExImpl@VCOPOSSigCap@@@ATL@@UAGJKPAU_RECTL@@@Z 1000254b f i SigCap.obj
 0001:0000154b       ?GetDataHere@?$IDataObjectImpl@VCOPOSSigCap@@@ATL@@UAGJPAUtagFORMATETC@@PAUtagSTGMEDIUM@@@Z 1000254b f i SigCap.obj
 0001:0000154b       ?QueryInterface@CRegObject@ATL@@UAGJABU_GUID@@PAPAX@Z 1000254b f i SigCap.obj
 0001:0000154b       ?GetCanonicalFormatEtc@?$IDataObjectImpl@VCOPOSSigCap@@@ATL@@UAGJPAUtagFORMATETC@@0@Z 1000254b f i SigCap.obj
 0001:0000154b       ?SetMoniker@?$IOleObjectImpl@VCOPOSSigCap@@@ATL@@UAGJKPAUIMoniker@@@Z 1000254b f i SigCap.obj
 0001:0000154b       ?GetClipboardData@?$IOleObjectImpl@VCOPOSSigCap@@@ATL@@UAGJKPAPAUIDataObject@@@Z 1000254b f i SigCap.obj
 0001:0000154b       ?EnumFormatEtc@?$IDataObjectImpl@VCOPOSSigCap@@@ATL@@UAGJKPAPAUIEnumFORMATETC@@@Z 1000254b f i SigCap.obj
 0001:00001553       ?InitFromData@?$IOleObjectImpl@VCOPOSSigCap@@@ATL@@UAGJPAUIDataObject@@HK@Z 10002553 f i SigCap.obj
 0001:00001553       ?SetData@?$IDataObjectImpl@VCOPOSSigCap@@@ATL@@UAGJPAUtagFORMATETC@@PAUtagSTGMEDIUM@@H@Z 10002553 f i SigCap.obj
 0001:00001553       ?GetMoniker@?$IOleObjectImpl@VCOPOSSigCap@@@ATL@@UAGJKKPAPAUIMoniker@@@Z 10002553 f i SigCap.obj
 0001:0000155b       ?DoVerb@?$IOleObjectImpl@VCOPOSSigCap@@@ATL@@UAGJJPAUtagMSG@@PAUIOleClientSite@@JPAUHWND__@@PBUtagRECT@@@Z 1000255b f i SigCap.obj
 0001:00001673       ?EnumVerbs@?$IOleObjectImpl@VCOPOSSigCap@@@ATL@@UAGJPAPAUIEnumOLEVERB@@@Z 10002673 f i SigCap.obj
 0001:00001695       ?IsUpToDate@?$IOleObjectImpl@VCOPOSSigCap@@@ATL@@UAGJXZ 10002695 f i SigCap.obj
 0001:00001695       ?Update@?$IOleObjectImpl@VCOPOSSigCap@@@ATL@@UAGJXZ 10002695 f i SigCap.obj
 0001:00001695       ?HandsOffStorage@?$IPersistStorageImpl@VCOPOSSigCap@@@ATL@@UAGJXZ 10002695 f i SigCap.obj
 0001:00001695       ?Release@CRegObject@ATL@@UAGKXZ 10002695 f i SigCap.obj
 0001:0000169a       ?GetUserType@?$IOleObjectImpl@VCOPOSSigCap@@@ATL@@UAGJKPAPA_W@Z 1000269a f i SigCap.obj
 0001:000016b2       ?SetExtent@?$IOleObjectImpl@VCOPOSSigCap@@@ATL@@UAGJKPAUtagSIZE@@@Z 100026b2 f i SigCap.obj
 0001:000016d2       ?GetExtent@?$IOleObjectImpl@VCOPOSSigCap@@@ATL@@UAGJKPAUtagSIZE@@@Z 100026d2 f i SigCap.obj
 0001:00001710       ?Advise@?$IOleObjectImpl@VCOPOSSigCap@@@ATL@@UAGJPAUIAdviseSink@@PAK@Z 10002710 f i SigCap.obj
 0001:00001730       ?Unadvise@?$IOleObjectImpl@VCOPOSSigCap@@@ATL@@UAGJK@Z 10002730 f i SigCap.obj
 0001:0000175f       ?EnumAdvise@?$IOleObjectImpl@VCOPOSSigCap@@@ATL@@UAGJPAPAUIEnumSTATDATA@@@Z 1000275f f i SigCap.obj
 0001:0000179f       ?GetMiscStatus@?$IOleObjectImpl@VCOPOSSigCap@@@ATL@@UAGJKPAK@Z 1000279f f i SigCap.obj
 0001:000017b7       ?GetWindow@?$IOleInPlaceActiveObjectImpl@VCOPOSSigCap@@@ATL@@UAGJPAPAUHWND__@@@Z 100027b7 f i SigCap.obj
 0001:00001804       ?TranslateAcceleratorW@?$IOleInPlaceActiveObjectImpl@VCOPOSSigCap@@@ATL@@UAGJPAUtagMSG@@@Z 10002804 f i SigCap.obj
 0001:000018a2       ?OnDocWindowActivate@?$IOleInPlaceActiveObjectImpl@VCOPOSSigCap@@@ATL@@UAGJH@Z 100028a2 f i SigCap.obj
 0001:000018c4       ?ResizeBorder@?$IOleInPlaceActiveObjectImpl@VCOPOSSigCap@@@ATL@@UAGJPBUtagRECT@@PAUIOleInPlaceUIWindow@@H@Z 100028c4 f i SigCap.obj
 0001:000018c9       ?Draw@?$IViewObjectExImpl@VCOPOSSigCap@@@ATL@@UAGJKJPAXPAUtagDVTARGETDEVICE@@PAUHDC__@@2PBU_RECTL@@3P6GHK@ZK@Z 100028c9 f i SigCap.obj
 0001:000018fb       ?GetColorSet@?$IViewObjectExImpl@VCOPOSSigCap@@@ATL@@UAGJKJPAXPAUtagDVTARGETDEVICE@@PAUHDC__@@PAPAUtagLOGPALETTE@@@Z 100028fb f i SigCap.obj
 0001:00001903       ?Freeze@?$IViewObjectExImpl@VCOPOSSigCap@@@ATL@@UAGJKJPAXPAK@Z 10002903 f i SigCap.obj
 0001:0000190b       ?SetAdvise@?$IViewObjectExImpl@VCOPOSSigCap@@@ATL@@UAGJKKPAUIAdviseSink@@@Z 1000290b f i SigCap.obj
 0001:0000192a       ?GetAdvise@?$IViewObjectExImpl@VCOPOSSigCap@@@ATL@@UAGJPAK0PAPAUIAdviseSink@@@Z 1000292a f i SigCap.obj
 0001:0000195f       ?GetExtent@?$IViewObjectExImpl@VCOPOSSigCap@@@ATL@@UAGJKJPAUtagDVTARGETDEVICE@@PAUtagSIZE@@@Z 1000295f f i SigCap.obj
 0001:00001990       ?GetViewStatus@?$IViewObjectExImpl@VCOPOSSigCap@@@ATL@@UAGJPAK@Z 10002990 f i SigCap.obj
 0001:000019ad       ?QueryHitPoint@?$IViewObjectExImpl@VCOPOSSigCap@@@ATL@@UAGJKPBUtagRECT@@UtagPOINT@@JPAK@Z 100029ad f i SigCap.obj
 0001:000019ee       ?QueryHitRect@?$IViewObjectExImpl@VCOPOSSigCap@@@ATL@@UAGJKPBUtagRECT@@0JPAK@Z 100029ee f i SigCap.obj
 0001:00001a49       ?GetNaturalExtent@?$IViewObjectExImpl@VCOPOSSigCap@@@ATL@@UAGJKJPAUtagDVTARGETDEVICE@@PAUHDC__@@PAUtagExtentInfo@@PAUtagSIZE@@@Z 10002a49 f i SigCap.obj
 0001:00001a94       ?GetWindow@?$IOleInPlaceObjectWindowlessImpl@VCOPOSSigCap@@@ATL@@UAGJPAPAUHWND__@@@Z 10002a94 f i SigCap.obj
 0001:00001ae1       ?InPlaceDeactivate@?$IOleInPlaceObjectWindowlessImpl@VCOPOSSigCap@@@ATL@@UAGJXZ 10002ae1 f i SigCap.obj
 0001:00001afb       ?UIDeactivate@?$IOleInPlaceObjectWindowlessImpl@VCOPOSSigCap@@@ATL@@UAGJXZ 10002afb f i SigCap.obj
 0001:00001b15       ?SetObjectRects@?$IOleInPlaceObjectWindowlessImpl@VCOPOSSigCap@@@ATL@@UAGJPBUtagRECT@@0@Z 10002b15 f i SigCap.obj
 0001:00001b35       ?ReactivateAndUndo@?$IOleInPlaceObjectWindowlessImpl@VCOPOSSigCap@@@ATL@@UAGJXZ 10002b35 f i SigCap.obj
 0001:00001b3d       ?OnWindowMessage@?$IOleInPlaceObjectWindowlessImpl@VCOPOSSigCap@@@ATL@@UAGJIIJPAJ@Z 10002b3d f i SigCap.obj
 0001:00001bad       ?EnumConnectionPoints@?$IConnectionPointContainerImpl@VCOPOSSigCap@@@ATL@@UAGJPAPAUIEnumConnectionPoints@@@Z 10002bad f i SigCap.obj
 0001:00001d27       ?FindConnectionPoint@?$IConnectionPointContainerImpl@VCOPOSSigCap@@@ATL@@UAGJABU_GUID@@PAPAUIConnectionPoint@@@Z 10002d27 f i SigCap.obj
 0001:00001dca       ?IsDirty@?$IPersistStorageImpl@VCOPOSSigCap@@@ATL@@UAGJXZ 10002dca f i SigCap.obj
 0001:00001dfe       ?InitNew@?$IPersistStorageImpl@VCOPOSSigCap@@@ATL@@UAGJPAUIStorage@@@Z 10002dfe f i SigCap.obj
 0001:00001e32       ?Load@?$IPersistStorageImpl@VCOPOSSigCap@@@ATL@@UAGJPAUIStorage@@@Z 10002e32 f i SigCap.obj
 0001:00001e9e       ?Save@?$IPersistStorageImpl@VCOPOSSigCap@@@ATL@@UAGJPAUIStorage@@H@Z 10002e9e f i SigCap.obj
 0001:00001f11       ?GetPages@?$ISpecifyPropertyPagesImpl@VCOPOSSigCap@@@ATL@@UAGJPAUtagCAUUID@@@Z 10002f11 f i SigCap.obj
 0001:00001f28       ?QuickActivate@?$IQuickActivateImpl@VCOPOSSigCap@@@ATL@@UAGJPAUtagQACONTAINER@@PAUtagQACONTROL@@@Z 10002f28 f i SigCap.obj
 0001:00001f4b       ?SetContentExtent@?$IQuickActivateImpl@VCOPOSSigCap@@@ATL@@UAGJPAUtagSIZE@@@Z 10002f4b f i SigCap.obj
 0001:00001f77       ?GetContentExtent@?$IQuickActivateImpl@VCOPOSSigCap@@@ATL@@UAGJPAUtagSIZE@@@Z 10002f77 f i SigCap.obj
 0001:00001f97       ?GetData@?$IDataObjectImpl@VCOPOSSigCap@@@ATL@@UAGJPAUtagFORMATETC@@PAUtagSTGMEDIUM@@@Z 10002f97 f i SigCap.obj
 0001:00001fba       ?DAdvise@?$IDataObjectImpl@VCOPOSSigCap@@@ATL@@UAGJPAUtagFORMATETC@@KPAUIAdviseSink@@PAK@Z 10002fba f i SigCap.obj
 0001:00001ffb       ?DUnadvise@?$IDataObjectImpl@VCOPOSSigCap@@@ATL@@UAGJK@Z 10002ffb f i SigCap.obj
 0001:00002029       ?EnumDAdvise@?$IDataObjectImpl@VCOPOSSigCap@@@ATL@@UAGJPAPAUIEnumSTATDATA@@@Z 10003029 f i SigCap.obj
 0001:00002068       ?GetClassInfoW@?$IProvideClassInfo2Impl@$1?CLSID_OPOSSigCap@@3U_GUID@@B$1?DIID__IOPOSSigCapEvents@@3U2@B$1?LIBID_OposSigCap_CCO@@3U2@B$00$0A@VCComTypeInfoHolder@ATL@@@ATL@@UAGJPAPAUITypeInfo@@@Z 10003068 f i SigCap.obj
 0001:0000207e       ?GetGUID@?$IProvideClassInfo2Impl@$1?CLSID_OPOSSigCap@@3U_GUID@@B$1?DIID__IOPOSSigCapEvents@@3U2@B$1?LIBID_OposSigCap_CCO@@3U2@B$00$0A@VCComTypeInfoHolder@ATL@@@ATL@@UAGJKPAU_GUID@@@Z 1000307e f i SigCap.obj
 0001:000020bc       __get_startup_argv_mode    100030bc f i LIBCMT:argv_mode.obj
 0001:000020bc       ?FAccessAllowed@?$IObjectSafetyImpl@VCOPOSSigCap@@$02@ATL@@MAEHXZ 100030bc f i SigCap.obj
 0001:000020c0       ?GetInterfaceSafetyOptions@?$IObjectSafetyImpl@VCOPOSSigCap@@$02@ATL@@UAGJABU_GUID@@PAK1@Z 100030c0 f i SigCap.obj
 0001:00002134       ?SetInterfaceSafetyOptions@?$IObjectSafetyImpl@VCOPOSSigCap@@$02@ATL@@UAGJABU_GUID@@KK@Z 10003134 f i SigCap.obj
 0001:000021ae       ?_LocCPQueryInterface@?$IConnectionPointImpl@VCOPOSSigCap@@$1?DIID__IOPOSSigCapEvents@@3U_GUID@@BVCComDynamicUnkArray@ATL@@@ATL@@UAGJABU_GUID@@PAPAX@Z 100031ae f i SigCap.obj
 0001:000021ae       ?_LocCPQueryInterface@?$IConnectionPointImpl@VCOPOSSigCap@@$1?IID_IPropertyNotifySink@@3U_GUID@@BVCComDynamicUnkArray@ATL@@@ATL@@UAGJABU_GUID@@PAPAX@Z 100031ae f i SigCap.obj
 0001:000021fb       ?GetConnectionInterface@?$IConnectionPointImpl@VCOPOSSigCap@@$1?IID_IPropertyNotifySink@@3U_GUID@@BVCComDynamicUnkArray@ATL@@@ATL@@UAGJPAU_GUID@@@Z 100031fb f i SigCap.obj
 0001:0000221f       ?GetConnectionPointContainer@?$IConnectionPointImpl@VCOPOSSigCap@@$1?IID_IPropertyNotifySink@@3U_GUID@@BVCComDynamicUnkArray@ATL@@@ATL@@UAGJPAPAUIConnectionPointContainer@@@Z 1000321f f i SigCap.obj
 0001:00002242       ?Advise@?$IConnectionPointImpl@VCOPOSSigCap@@$1?IID_IPropertyNotifySink@@3U_GUID@@BVCComDynamicUnkArray@ATL@@@ATL@@UAGJPAUIUnknown@@PAK@Z 10003242 f i SigCap.obj
 0001:00002242       ?Advise@?$IConnectionPointImpl@VCOPOSSigCap@@$1?DIID__IOPOSSigCapEvents@@3U_GUID@@BVCComDynamicUnkArray@ATL@@@ATL@@UAGJPAUIUnknown@@PAK@Z 10003242 f i SigCap.obj
 0001:000022e3       ?Unadvise@?$IConnectionPointImpl@VCOPOSSigCap@@$1?DIID__IOPOSSigCapEvents@@3U_GUID@@BVCComDynamicUnkArray@ATL@@@ATL@@UAGJK@Z 100032e3 f i SigCap.obj
 0001:000022e3       ?Unadvise@?$IConnectionPointImpl@VCOPOSSigCap@@$1?IID_IPropertyNotifySink@@3U_GUID@@BVCComDynamicUnkArray@ATL@@@ATL@@UAGJK@Z 100032e3 f i SigCap.obj
 0001:00002323       ?EnumConnections@?$IConnectionPointImpl@VCOPOSSigCap@@$1?DIID__IOPOSSigCapEvents@@3U_GUID@@BVCComDynamicUnkArray@ATL@@@ATL@@UAGJPAPAUIEnumConnections@@@Z 10003323 f i SigCap.obj
 0001:00002323       ?EnumConnections@?$IConnectionPointImpl@VCOPOSSigCap@@$1?IID_IPropertyNotifySink@@3U_GUID@@BVCComDynamicUnkArray@ATL@@@ATL@@UAGJPAPAUIEnumConnections@@@Z 10003323 f i SigCap.obj
 0001:00002429       ?GetConnectionInterface@?$IConnectionPointImpl@VCOPOSSigCap@@$1?DIID__IOPOSSigCapEvents@@3U_GUID@@BVCComDynamicUnkArray@ATL@@@ATL@@UAGJPAU_GUID@@@Z 10003429 f i SigCap.obj
 0001:0000244d       ?GetConnectionPointContainer@?$IConnectionPointImpl@VCOPOSSigCap@@$1?DIID__IOPOSSigCapEvents@@3U_GUID@@BVCComDynamicUnkArray@ATL@@@ATL@@UAGJPAPAUIConnectionPointContainer@@@Z 1000344d f i SigCap.obj
 0001:00002470       ?AddRef@CRegObject@ATL@@UAGKXZ 10003470 f i SigCap.obj
 0001:00002476       ?AddReplacement@CRegObject@ATL@@UAGJPB_W0@Z 10003476 f i SigCap.obj
 0001:000024af       ?ClearReplacements@CRegObject@ATL@@UAGJXZ 100034af f i SigCap.obj
 0001:000024c1       ??_GCRegObject@ATL@@UAEPAXI@Z 100034c1 f i SigCap.obj
 0001:000024c1       ??_ECRegObject@ATL@@UAEPAXI@Z 100034c1 f i SigCap.obj
 0001:000024e3       ?UpdateRegistry@COPOSSigCap@@SGJH@Z 100034e3 f i SigCap.obj
 0001:000024fb       ?ProcessWindowMessage@COPOSSigCap@@UAEHPAUHWND__@@IIJAAJK@Z 100034fb f i SigCap.obj
 0001:00002544       ?SOData@COPOSSigCap@@MAGJJ@Z 10003544 f i SigCap.obj
 0001:0000257d       ?SODirectIO@COPOSSigCap@@MAGJJPAJPAPA_W@Z 1000357d f i SigCap.obj
 0001:000025c6       ?SOError@COPOSSigCap@@MAGJJJJPAJ@Z 100035c6 f i SigCap.obj
 0001:0000261b       ?SOStatusUpdate@COPOSSigCap@@MAGJJ@Z 1000361b f i SigCap.obj
 0001:00002654       ?CreateInstance@?$CComCreator@V?$CComObjectCached@VCComClassFactory@ATL@@@ATL@@@ATL@@SGJPAXABU_GUID@@PAPAX@Z 10003654 f i SigCap.obj
 0001:000026e7       ?CreateInstance@?$CComCreator2@V?$CComCreator@V?$CComObject@VCOPOSSigCap@@@ATL@@@ATL@@V?$CComCreator@V?$CComAggObject@VCOPOSSigCap@@@ATL@@@2@@ATL@@SGJPAXABU_GUID@@PAPAX@Z 100036e7 f i SigCap.obj
 0001:00002707       ?Next@?$CComEnumImpl@UIEnumConnectionPoints@@$1?_GUID_b196b285_bab4_101a_b69c_00aa00341d07@@3U__s_GUID@@BPAUIConnectionPoint@@V?$_CopyInterface@UIConnectionPoint@@@ATL@@@ATL@@UAGJKPAPAUIConnectionPoint@@PAK@Z 10003707 f i SigCap.obj
 0001:000027de       ?Skip@?$CComEnumImpl@UIEnumConnectionPoints@@$1?_GUID_b196b285_bab4_101a_b69c_00aa00341d07@@3U__s_GUID@@BPAUIConnectionPoint@@V?$_CopyInterface@UIConnectionPoint@@@ATL@@@ATL@@UAGJK@Z 100037de f i SigCap.obj
 0001:0000280b       ?Clone@?$CComEnumImpl@UIEnumConnectionPoints@@$1?_GUID_b196b285_bab4_101a_b69c_00aa00341d07@@3U__s_GUID@@BPAUIConnectionPoint@@V?$_CopyInterface@UIConnectionPoint@@@ATL@@@ATL@@UAGJPAPAUIEnumConnectionPoints@@@Z 1000380b f i SigCap.obj
 0001:000028ea       ?QueryInterface@?$CComObject@V?$CComEnum@UIEnumConnectionPoints@@$1?_GUID_b196b285_bab4_101a_b69c_00aa00341d07@@3U__s_GUID@@BPAUIConnectionPoint@@V?$_CopyInterface@UIConnectionPoint@@@ATL@@VCComSingleThreadModel@6@@ATL@@@ATL@@UAGJABU_GUID@@PAPAX@Z 100038ea f i SigCap.obj
 0001:00002904       ??_G?$CComObject@V?$CComEnum@UIEnumConnectionPoints@@$1?_GUID_b196b285_bab4_101a_b69c_00aa00341d07@@3U__s_GUID@@BPAUIConnectionPoint@@V?$_CopyInterface@UIConnectionPoint@@@ATL@@VCComSingleThreadModel@6@@ATL@@@ATL@@UAEPAXI@Z 10003904 f i SigCap.obj
 0001:00002904       ??_E?$CComObject@V?$CComEnum@UIEnumConnectionPoints@@$1?_GUID_b196b285_bab4_101a_b69c_00aa00341d07@@3U__s_GUID@@BPAUIConnectionPoint@@V?$_CopyInterface@UIConnectionPoint@@@ATL@@VCComSingleThreadModel@6@@ATL@@@ATL@@UAEPAXI@Z 10003904 f i SigCap.obj
 0001:00002926       ??$?4UITypeInfo2@@@?$CComPtr@UITypeInfo@@@ATL@@QAEPAUITypeInfo@@ABV?$CComPtr@UITypeInfo2@@@1@@Z 10003926 f i SigCap.obj
 0001:00002953       ??$AtlAdd@K@ATL@@YAJPAKKK@Z 10003953 f i SigCap.obj
 0001:00002976       ??$AtlAdd@_K@ATL@@YAJPA_K_K1@Z 10003976 f i SigCap.obj
 0001:000029ae       ??$AtlAddThrow@K@ATL@@YAKKK@Z 100039ae f i SigCap.obj
 0001:000029d4       ??$AtlModuleRegisterWndClassInfoT@VAtlModuleRegisterWndClassInfoParamW@ATL@@@ATL@@YAGPAU_ATL_BASE_MODULE70@0@PAU_ATL_WIN_MODULE70@0@PAU_ATL_WNDCLASSINFOW@0@PAP6GJPAUHWND__@@IIJ@ZVAtlModuleRegisterWndClassInfoParamW@0@@Z 100039d4 f i SigCap.obj
 0001:00002b22       ??$AtlMultiply@H@ATL@@YAJPAHHH@Z 10003b22 f i SigCap.obj
 0001:00002b5a       ??$AtlMultiply@I@ATL@@YAJPAIII@Z 10003b5a f i SigCap.obj
 0001:00002b5a       ??$AtlMultiply@K@ATL@@YAJPAKKK@Z 10003b5a f i SigCap.obj
 0001:00002b7c       ??$AtlMultiplyThrow@I@ATL@@YAIII@Z 10003b7c f i SigCap.obj
 0001:00002ba2       ??0?$CComAggObject@VCOPOSSigCap@@@ATL@@QAE@PAX@Z 10003ba2 f i SigCap.obj
 0001:00002bcf       ??0?$CComContainedObject@VCOPOSSigCap@@@ATL@@QAE@PAX@Z 10003bcf f i SigCap.obj
 0001:00002c88       ??0?$CComObject@V?$CComEnum@UIEnumConnectionPoints@@$1?_GUID_b196b285_bab4_101a_b69c_00aa00341d07@@3U__s_GUID@@BPAUIConnectionPoint@@V?$_CopyInterface@UIConnectionPoint@@@ATL@@VCComSingleThreadModel@6@@ATL@@@ATL@@QAE@PAX@Z 10003c88 f i SigCap.obj
 0001:00002cb6       ??0?$CComObject@V?$CComEnum@UIEnumConnections@@$1?_GUID_b196b287_bab4_101a_b69c_00aa00341d07@@3U__s_GUID@@BUtagCONNECTDATA@@V?$_Copy@UtagCONNECTDATA@@@ATL@@VCComSingleThreadModel@6@@ATL@@@ATL@@QAE@PAX@Z 10003cb6 f i SigCap.obj
 0001:00002ce4       ??0?$CComObject@VCOPOSSigCap@@@ATL@@QAE@PAX@Z 10003ce4 f i SigCap.obj
 0001:00002d9b       ??0?$CComQIPtr@UIOleControlSite@@$1?_GUID_b196b289_bab4_101a_b69c_00aa00341d07@@3U__s_GUID@@B@ATL@@QAE@PAUIUnknown@@@Z 10003d9b f i SigCap.obj
 0001:00002dc4       ??0CAtlModule@ATL@@QAE@XZ  10003dc4 f i SigCap.obj
 0001:00002e05       ??0CParseBuffer@CRegParser@ATL@@QAE@H@Z 10003e05 f i SigCap.obj
 0001:00002e3b       ??0_ATL_MSG@ATL@@QAE@PAUHWND__@@IIJH@Z 10003e3b f i SigCap.obj
 0001:00002e73       ??1?$CComAggObject@VCOPOSSigCap@@@ATL@@UAE@XZ 10003e73 f i SigCap.obj
 0001:00002e97       ??1?$CComEnumImpl@UIEnumConnectionPoints@@$1?_GUID_b196b285_bab4_101a_b69c_00aa00341d07@@3U__s_GUID@@BPAUIConnectionPoint@@V?$_CopyInterface@UIConnectionPoint@@@ATL@@@ATL@@UAE@XZ 10003e97 f i SigCap.obj
 0001:00002ed7       ??1?$CComEnumImpl@UIEnumConnections@@$1?_GUID_b196b287_bab4_101a_b69c_00aa00341d07@@3U__s_GUID@@BUtagCONNECTDATA@@V?$_Copy@UtagCONNECTDATA@@@ATL@@@ATL@@UAE@XZ 10003ed7 f i SigCap.obj
 0001:00002f17       ??1?$CComObject@V?$CComEnum@UIEnumConnectionPoints@@$1?_GUID_b196b285_bab4_101a_b69c_00aa00341d07@@3U__s_GUID@@BPAUIConnectionPoint@@V?$_CopyInterface@UIConnectionPoint@@@ATL@@VCComSingleThreadModel@6@@ATL@@@ATL@@UAE@XZ 10003f17 f i SigCap.obj
 0001:00002f3a       ??1?$CComObject@V?$CComEnum@UIEnumConnections@@$1?_GUID_b196b287_bab4_101a_b69c_00aa00341d07@@3U__s_GUID@@BUtagCONNECTDATA@@V?$_Copy@UtagCONNECTDATA@@@ATL@@VCComSingleThreadModel@6@@ATL@@@ATL@@UAE@XZ 10003f3a f i SigCap.obj
 0001:00002f5d       ??1?$CComObject@VCOPOSSigCap@@@ATL@@UAE@XZ 10003f5d f i SigCap.obj
 0001:0000301b       ??1?$CComObjectCached@VCComClassFactory@ATL@@@ATL@@UAE@XZ 1000401b f i SigCap.obj
 0001:00003031       ??1?$CComObjectRootEx@VCComMultiThreadModel@ATL@@@ATL@@QAE@XZ 10004031 f i SigCap.obj
 0001:00003046       ??1CRegObject@ATL@@UAE@XZ  10004046 f i SigCap.obj
 0001:00003066       ??4?$CComPtr@UIAdviseSink@@@ATL@@QAEPAUIAdviseSink@@PAU2@@Z 10004066 f i SigCap.obj
 0001:00003066       ??4?$CComPtr@UIOleClientSite@@@ATL@@QAEPAUIOleClientSite@@PAU2@@Z 10004066 f i SigCap.obj
 0001:00003066       ??4?$CComPtr@UIUnknown@@@ATL@@QAEPAUIUnknown@@PAU2@@Z 10004066 f i SigCap.obj
 0001:0000309a       ??4?$CComQIPtr@UIOleObject@@$1?_GUID_00000112_0000_0000_c000_000000000046@@3U__s_GUID@@B@ATL@@QAEPAUIOleObject@@PAUIUnknown@@@Z 1000409a f i SigCap.obj
 0001:000030bf       ??4?$CComQIPtr@UISpecifyPropertyPages@@$1?_GUID_b196b28b_bab4_101a_b69c_00aa00341d07@@3U__s_GUID@@B@ATL@@QAEPAUISpecifyPropertyPages@@PAUIUnknown@@@Z 100040bf f i SigCap.obj
 0001:000030e4       ??_G?$CComContainedObject@VCOPOSSigCap@@@ATL@@UAEPAXI@Z 100040e4 f i SigCap.obj
 0001:000030e4       ??_E?$CComContainedObject@VCOPOSSigCap@@@ATL@@UAEPAXI@Z 100040e4 f i SigCap.obj
 0001:00003109       ??_G?$CComObject@VCOPOSSigCap@@@ATL@@UAEPAXI@Z 10004109 f i SigCap.obj
 0001:00003109       ??_E?$CComObject@VCOPOSSigCap@@@ATL@@UAEPAXI@Z 10004109 f i SigCap.obj
 0001:0000312e       ?Add@?$CSimpleArray@GV?$CSimpleArrayEqualHelper@G@ATL@@@ATL@@QAEHABG@Z 1000412e f i SigCap.obj
 0001:000031b2       ?Add@?$CSimpleMap@PA_WPA_WVCExpansionVectorEqualHelper@ATL@@@ATL@@QAEHABQA_W0@Z 100041b2 f i SigCap.obj
 0001:00003207       ?Add@CComDynamicUnkArray@ATL@@QAEKPAUIUnknown@@@Z 10004207 f i SigCap.obj
 0001:000032c2       ?Add@CExpansionVector@ATL@@QAEHPB_W0@Z 100042c2 f i SigCap.obj
 0001:000033c6       ?AddString@CParseBuffer@CRegParser@ATL@@QAEHPB_W@Z 100043c6 f i SigCap.obj
 0001:000033fb       ?AddValue@CRegParser@ATL@@IAEJAAVCRegKey@2@PB_WPA_W@Z 100043fb f i SigCap.obj
 0001:0000371c       ?Allocate@?$CAtlSafeAllocBufferManager@VCCRTAllocator@ATL@@@_ATL_SAFE_ALLOCA_IMPL@ATL@@QAEPAXK@Z 1000471c f i SigCap.obj
 0001:00003749       ?Allocate@?$CTempBuffer@E$0BAA@VCCRTAllocator@ATL@@@ATL@@QAEPAEI@Z 10004749 f i SigCap.obj
 0001:00003778       ?Allocate@?$CTempBuffer@_W$0BAA@VCCRTAllocator@ATL@@@ATL@@QAEPA_WI@Z 10004778 f i SigCap.obj
 0001:000037a7       ?Allocate@?$CTempBuffer@_W$0EAA@VCCRTAllocator@ATL@@@ATL@@QAEPA_WI@Z 100047a7 f i SigCap.obj
 0001:000037d6       ?AllocateHeap@?$CTempBuffer@_W$0EAA@VCCRTAllocator@ATL@@@ATL@@AAEXI@Z 100047d6 f i SigCap.obj
 0001:000037d6       ?AllocateHeap@?$CTempBuffer@E$0BAA@VCCRTAllocator@ATL@@@ATL@@AAEXI@Z 100047d6 f i SigCap.obj
 0001:000037d6       ?AllocateHeap@?$CTempBuffer@_W$0BAA@VCCRTAllocator@ATL@@@ATL@@AAEXI@Z 100047d6 f i SigCap.obj
 0001:000037fb       ?Append@CParseBuffer@CRegParser@ATL@@QAEHPB_WH@Z 100047fb f i SigCap.obj
 0001:00003889       ?AtlCallTermFunc@ATL@@YGXPAU_ATL_MODULE70@1@@Z 10004889 f i SigCap.obj
 0001:000038cd       ?AtlCoTaskMemCAlloc@ATL@@YAPAXKK@Z 100048cd f i SigCap.obj
 0001:000038fa       ?AtlCoTaskMemRecalloc@ATL@@YAPAXPAXKK@Z 100048fa f i SigCap.obj
 0001:0000392a       ?AtlComModuleGetClassObject@ATL@@YGJPAU_ATL_COM_MODULE70@1@ABU_GUID@@1PAPAX@Z 1000492a f i SigCap.obj
 0001:00003a1d       ?AtlComModuleRegisterServer@ATL@@YGJPAU_ATL_COM_MODULE70@1@HPBU_GUID@@@Z 10004a1d f i SigCap.obj
 0001:00003aa5       ?AtlComModuleUnregisterServer@ATL@@YGJPAU_ATL_COM_MODULE70@1@HPBU_GUID@@@Z 10004aa5 f i SigCap.obj
 0001:00003b2d       ?AtlComQIPtrAssign2@ATL@@YAXPAPAUIUnknown@@PAU2@ABU_GUID@@@Z 10004b2d f i SigCap.obj
 0001:00003b5c       ?AtlCreateTargetDC@ATL@@YGPAUHDC__@@PAU2@PAUtagDVTARGETDEVICE@@@Z 10004b5c f i SigCap.obj
 0001:00003bc5       ?AtlCrtErrorCheck@ATL@@YAHH@Z 10004bc5 f i SigCap.obj
 0001:00003c00       ?AtlHiMetricToPixel@ATL@@YGXPBUtagSIZE@@PAU2@@Z 10004c00 f i SigCap.obj
 0001:00003c75       ?AtlHresultFromLastError@ATL@@YAJXZ 10004c75 f i SigCap.obj
 0001:00003c8c       ?AtlHresultFromWin32@ATL@@YAJK@Z 10004c8c f i SigCap.obj
 0001:00003ca1       ?AtlIPersistStreamInit_Load@ATL@@YGJPAUIStream@@PBUATL_PROPMAP_ENTRY@1@PAXPAUIUnknown@@@Z 10004ca1 f i SigCap.obj
 0001:00003e81       ?AtlIPersistStreamInit_Save@ATL@@YGJPAUIStream@@HPBUATL_PROPMAP_ENTRY@1@PAXPAUIUnknown@@@Z 10004e81 f i SigCap.obj
 0001:00004019       ?AtlInternalOleLoadFromStream@ATL@@YAJPAUIStream@@ABU_GUID@@PAPAXTClassesAllowedInStream@1@K@Z 10005019 f i SigCap.obj
 0001:0000413f       ?AtlInternalQueryInterface@ATL@@YGJPAXPBU_ATL_INTMAP_ENTRY@1@ABU_GUID@@PAPAX@Z 1000513f f i SigCap.obj
 0001:000041e2       ?AtlLoadTypeLib@ATL@@YGJPAUHINSTANCE__@@PB_WPAPA_WPAPAUITypeLib@@@Z 100051e2 f i SigCap.obj
 0001:000043c0       ?AtlModuleAddTermFunc@ATL@@YGJPAU_ATL_MODULE70@1@P6GXK@ZK@Z 100053c0 f i SigCap.obj
 0001:0000441d       ?AtlRegisterClassCategoriesHelper@ATL@@YGJABU_GUID@@PBU_ATL_CATMAP_ENTRY@1@H@Z 1000541d f i SigCap.obj
 0001:000046fd       ?AtlRegisterTypeLib@ATL@@YGJPAUHINSTANCE__@@PB_W@Z 100056fd f i SigCap.obj
 0001:00004885       ?AtlThrowImpl@ATL@@YGXJ@Z  10005885 f i SigCap.obj
 0001:000048a3       ?AtlUnRegisterTypeLib@ATL@@YGJPAUHINSTANCE__@@PB_W@Z 100058a3 f i SigCap.obj
 0001:0000494e       ?AtlWinModuleAddCreateWndData@ATL@@YGXPAU_ATL_WIN_MODULE70@1@PAU_AtlCreateWndData@1@PAX@Z 1000594e f i SigCap.obj
 0001:000049a2       ?AtlWinModuleExtractCreateWndData@ATL@@YGPAXPAU_ATL_WIN_MODULE70@1@@Z 100059a2 f i SigCap.obj
 0001:00004a05       ?AtlWinModuleRegisterClassExW@ATL@@YGGPAU_ATL_WIN_MODULE70@1@PBUtagWNDCLASSEXW@@@Z 10005a05 f i SigCap.obj
 0001:00004a44       ?CanForceRemoveKey@CRegParser@ATL@@IAEHPB_W@Z 10005a44 f i SigCap.obj
 0001:00004a73       ?ChToByte@CRegParser@ATL@@KAE_W@Z 10005a73 f i SigCap.obj
 0001:00004aa6       ?Cleanup@CComTypeInfoHolder@ATL@@SGXK@Z 10005aa6 f i SigCap.obj
 0001:00004ad9       ?ClearReplacements@CExpansionVector@ATL@@QAEJXZ 10005ad9 f i SigCap.obj
 0001:00004b16       ?Close@CRegKey@ATL@@QAEJXZ 10005b16 f i SigCap.obj
 0001:00004b30       ?CreateInstance@?$CComCreator@V?$CComAggObject@VCOPOSSigCap@@@ATL@@@ATL@@SGJPAXABU_GUID@@PAPAX@Z 10005b30 f i SigCap.obj
 0001:00004ba6       ?CreateInstance@?$CComCreator@V?$CComObject@VCOPOSSigCap@@@ATL@@@ATL@@SGJPAXABU_GUID@@PAPAX@Z 10005ba6 f i SigCap.obj
 0001:00004c27       ?CreateInstance@?$CComObject@V?$CComEnum@UIEnumConnectionPoints@@$1?_GUID_b196b285_bab4_101a_b69c_00aa00341d07@@3U__s_GUID@@BPAUIConnectionPoint@@V?$_CopyInterface@UIConnectionPoint@@@ATL@@VCComSingleThreadModel@6@@ATL@@@ATL@@SGJPAPAV12@@Z 10005c27 f i SigCap.obj
 0001:00004c6e       ?CreateInstance@?$CComObject@V?$CComEnum@UIEnumConnections@@$1?_GUID_b196b287_bab4_101a_b69c_00aa00341d07@@3U__s_GUID@@BUtagCONNECTDATA@@V?$_Copy@UtagCONNECTDATA@@@ATL@@VCComSingleThreadModel@6@@ATL@@@ATL@@SGJPAPAV12@@Z 10005c6e f i SigCap.obj
 0001:00004cb5       ?DefaultReflectionHandler@?$CWindowImplRoot@VCWindow@ATL@@@ATL@@SAHPAUHWND__@@IIJAAJ@Z 10005cb5 f i SigCap.obj
 0001:00004d28       ?DeleteSubKey@CRegKey@ATL@@QAEJPB_W@Z 10005d28 f i SigCap.obj
 0001:00004da1       ?DoEvent@COPOSSigCap@@IAEXIIJ@Z 10005da1 f i SigCap.obj
 0001:00004e21       ?DoVerbHide@?$IOleObjectImpl@VCOPOSSigCap@@@ATL@@QAEJPBUtagRECT@@PAUHWND__@@@Z 10005e21 f i SigCap.obj
 0001:00004e57       ?DoVerbInPlaceActivate@?$IOleObjectImpl@VCOPOSSigCap@@@ATL@@QAEJPBUtagRECT@@PAUHWND__@@@Z 10005e57 f i SigCap.obj
 0001:00004e8a       ?DoVerbPrimary@?$IOleObjectImpl@VCOPOSSigCap@@@ATL@@QAEJPBUtagRECT@@PAUHWND__@@@Z 10005e8a f i SigCap.obj
 0001:00004f16       ?DoVerbProperties@CComControlBase@ATL@@QAEJPBUtagRECT@@PAUHWND__@@@Z 10005f16 f i SigCap.obj
 0001:0000503d       ?DoVerbShow@?$IOleObjectImpl@VCOPOSSigCap@@@ATL@@QAEJPBUtagRECT@@PAUHWND__@@@Z 1000603d f i SigCap.obj
 0001:00005062       ?DoVerbUIActivate@?$IOleObjectImpl@VCOPOSSigCap@@@ATL@@QAEJPBUtagRECT@@PAUHWND__@@@Z 10006062 f i SigCap.obj
 0001:0000509f       ?DoesVerbActivate@CComControlBase@ATL@@QAEHJ@Z 1000609f f i SigCap.obj
 0001:000050c0       ?DoesVerbUIActivate@CComControlBase@ATL@@QAEHJ@Z 100060c0 f i SigCap.obj
 0001:000050f5       ?EndOfVar@CRegParser@ATL@@IAEHXZ 100060f5 f i SigCap.obj
 0001:00005115       ?EscapeSingleQuote@CAtlModule@ATL@@SAXPA_WIPB_W@Z 10006115 f i SigCap.obj
 0001:00005164       ?FindKey@?$CSimpleMap@PA_WPA_WVCExpansionVectorEqualHelper@ATL@@@ATL@@QBEHABQA_W@Z 10006164 f i SigCap.obj
 0001:0000519b       ?FireTheEvent@?$CProxy_IOPOSEvents@VCOPOSSigCap@@@@IAEXPAVOposVariant@@IAAJPB_WJ@Z 1000619b f i SigCap.obj
 0001:0000522d       ?FireViewChange@CComControlBase@ATL@@QAEJXZ 1000622d f i SigCap.obj
 0001:00005276       ?Fire_DataEvent@?$CProxy_IOPOSEvents@VCOPOSSigCap@@@@QAEXJ@Z 10006276 f i SigCap.obj
 0001:00005302       ?Fire_DirectIOEvent@?$CProxy_IOPOSEvents@VCOPOSSigCap@@@@QAEXJPAJPAPA_W@Z 10006302 f i SigCap.obj
 0001:000053e8       ?Fire_ErrorEvent@?$CProxy_IOPOSEvents@VCOPOSSigCap@@@@QAEXJJJPAJ@Z 100063e8 f i SigCap.obj
 0001:000054cf       ?Fire_StatusUpdateEvent@?$CProxy_IOPOSEvents@VCOPOSSigCap@@@@QAEXJ@Z 100064cf f i SigCap.obj
 0001:0000555b       ?FreeHeap@?$CTempBuffer@E$0BAA@VCCRTAllocator@ATL@@@ATL@@AAEXXZ 1000655b f i SigCap.obj
 0001:0000555b       ?FreeHeap@?$CTempBuffer@_W$0EAA@VCCRTAllocator@ATL@@@ATL@@AAEXXZ 1000655b f i SigCap.obj
 0001:0000555b       ?FreeHeap@?$CTempBuffer@_W$0BAA@VCCRTAllocator@ATL@@@ATL@@AAEXXZ 1000655b f i SigCap.obj
 0001:00005564       ?GetAmbientLocaleID@CComControlBase@ATL@@QAEJAAK@Z 10006564 f i SigCap.obj
 0001:000055c0       ?GetAmbientUserMode@CComControlBase@ATL@@QAEJAAH@Z 100065c0 f i SigCap.obj
 0001:00005630       ?GetAt@CComDynamicUnkArray@ATL@@QAEPAUIUnknown@@H@Z 10006630 f i SigCap.obj
 0001:0000564c       ?GetClassObject@CComModule@ATL@@QAEJABU_GUID@@0PAPAX@Z 1000664c f i SigCap.obj
 0001:000056ee       ?GetConnMap@COPOSSigCap@@SAPBU_ATL_CONNMAP_ENTRY@ATL@@PAH@Z 100066ee f i SigCap.obj
 0001:0000575e       ?GetCookie@CComDynamicUnkArray@ATL@@QAGKPAPAUIUnknown@@@Z 1000675e f i SigCap.obj
 0001:00005796       ?GetIDsOfNames@CComTypeInfoHolder@ATL@@QAEJABU_GUID@@PAPA_WIKPAJ@Z 10006796 f i SigCap.obj
 0001:000058a4       ?GetKeyAt@?$CSimpleMap@PA_WPA_WVCExpansionVectorEqualHelper@ATL@@@ATL@@QBEAAPA_WH@Z 100068a4 f i SigCap.obj
 0001:000058c9       ?GetPagesHelper@?$ISpecifyPropertyPagesImpl@VCOPOSSigCap@@@ATL@@IAEJPAUtagCAUUID@@PBUATL_PROPMAP_ENTRY@2@@Z 100068c9 f i SigCap.obj
 0001:000059f0       ?GetProperty@?$CComPtr@UIDispatch@@@ATL@@SAJPAUIDispatch@@JPAUtagVARIANT@@@Z 100069f0 f i SigCap.obj
 0001:00005a3f       ?GetSizeMax@CComVariant@ATL@@QBEJPAT_ULARGE_INTEGER@@@Z 10006a3f f i SigCap.obj
 0001:00005bf9       ?GetStreamSize@CComBSTR@ATL@@SAKPA_W@Z 10006bf9 f i SigCap.obj
 0001:00005c13       ?GetTI@CComTypeInfoHolder@ATL@@QAEJK@Z 10006c13 f i SigCap.obj
 0001:00005dfc       ?GetTI@CComTypeInfoHolder@ATL@@QAEJKPAPAUITypeInfo@@@Z 10006dfc f i SigCap.obj
 0001:00005e3e       ?GetUnknown@CComDynamicUnkArray@ATL@@QAGPAUIUnknown@@K@Z 10006e3e f i SigCap.obj
 0001:00005e5f       ?GetValueAt@?$CSimpleMap@PA_WPA_WVCExpansionVectorEqualHelper@ATL@@@ATL@@QBEAAPA_WH@Z 10006e5f f i SigCap.obj
 0001:00005e85       ?GetZoomInfo@CComControlBase@ATL@@QAEXAAUATL_DRAWINFO@@@Z 10006e85 f i SigCap.obj
 0001:00005f18       ?HKeyFromString@CRegParser@ATL@@KAPAUHKEY__@@PA_W@Z 10006f18 f i SigCap.obj
 0001:00005f46       ?HasSubKeys@CRegParser@ATL@@IAEHPAUHKEY__@@@Z 10006f46 f i SigCap.obj
 0001:00005f7b       ?IDataObject_GetData@CComControlBase@ATL@@QAEJPAUtagFORMATETC@@PAUtagSTGMEDIUM@@@Z 10006f7b f i SigCap.obj
 0001:00006121       ?IOleInPlaceObject_InPlaceDeactivate@CComControlBase@ATL@@QAEJXZ 10007121 f i SigCap.obj
 0001:000061a8       ?IOleInPlaceObject_SetObjectRects@CComControlBase@ATL@@QAEJPBUtagRECT@@0@Z 100071a8 f i SigCap.obj
 0001:00006275       ?IOleInPlaceObject_UIDeactivate@CComControlBase@ATL@@QAEJXZ 10007275 f i SigCap.obj
 0001:00006337       ?IOleObject_Advise@CComControlBase@ATL@@QAEJPAUIAdviseSink@@PAK@Z 10007337 f i SigCap.obj
 0001:00006361       ?IOleObject_Close@CComControlBase@ATL@@QAEJK@Z 10007361 f i SigCap.obj
 0001:00006445       ?IOleObject_GetClientSite@CComControlBase@ATL@@QAEJPAPAUIOleClientSite@@@Z 10007445 f i SigCap.obj
 0001:0000646e       ?IOleObject_SetClientSite@CComControlBase@ATL@@QAEJPAUIOleClientSite@@@Z 1000746e f i SigCap.obj
 0001:000064ad       ?IOleObject_SetExtent@CComControlBase@ATL@@QAEJKPAUtagSIZE@@@Z 100074ad f i SigCap.obj
 0001:00006561       ?IPSI_GetIPersistStreamInit@?$IPersistStorageImpl@VCOPOSSigCap@@@ATL@@AAEPAUIPersistStreamInit@@XZ 10007561 f i SigCap.obj
 0001:000065a3       ?IPersistStreamInit_Load@?$IPersistStreamInitImpl@VCOPOSSigCap@@@ATL@@QAEJPAUIStream@@PBUATL_PROPMAP_ENTRY@2@@Z 100075a3 f i SigCap.obj
 0001:000065cf       ?IPersistStreamInit_Save@?$IPersistStreamInitImpl@VCOPOSSigCap@@@ATL@@QAEJPAUIStream@@HPBUATL_PROPMAP_ENTRY@2@@Z 100075cf f i SigCap.obj
 0001:00006604       ?IQuickActivate_QuickActivate@CComControlBase@ATL@@QAEJPAUtagQACONTAINER@@PAUtagQACONTROL@@@Z 10007604 f i SigCap.obj
 0001:00006846       ?IViewObject_Draw@CComControlBase@ATL@@QAEJKJPAXPAUtagDVTARGETDEVICE@@PAUHDC__@@2PBU_RECTL@@3@Z 10007846 f i SigCap.obj
 0001:000068ee       ?InPlaceActivate@CComControlBase@ATL@@QAEJJPBUtagRECT@@@Z 100078ee f i SigCap.obj
 0001:00006b5f       ?Init@?$CComEnumImpl@UIEnumConnectionPoints@@$1?_GUID_b196b285_bab4_101a_b69c_00aa00341d07@@3U__s_GUID@@BPAUIConnectionPoint@@V?$_CopyInterface@UIConnectionPoint@@@ATL@@@ATL@@QAEJPAPAUIConnectionPoint@@0PAUIUnknown@@W4CComEnumFlags@2@@Z 10007b5f f i SigCap.obj
 0001:00006c3e       ?Init@?$CComEnumImpl@UIEnumConnections@@$1?_GUID_b196b287_bab4_101a_b69c_00aa00341d07@@3U__s_GUID@@BUtagCONNECTDATA@@V?$_Copy@UtagCONNECTDATA@@@ATL@@@ATL@@QAEJPAUtagCONNECTDATA@@0PAUIUnknown@@W4CComEnumFlags@2@@Z 10007c3e f i SigCap.obj
 0001:00006d1d       ?Init@CComModule@ATL@@QAEJPAU_ATL_OBJMAP_ENTRY30@2@PAUHINSTANCE__@@PBU_GUID@@@Z 10007d1d f i SigCap.obj
 0001:00006d7c       ?Init@CDynamicStdCallThunk2@ATL@@QAEHKPAX@Z 10007d7c f i SigCap.obj
 0001:00006da7       ?InlineIsEqualUnknown@ATL@@YGHABU_GUID@@@Z 10007da7 f i SigCap.obj
 0001:00006dcf       ?InternalGetSite@CComControlBase@ATL@@QAEJABU_GUID@@PAPAX@Z 10007dcf f i SigCap.obj
 0001:00006dfd       ?InternalSetAtIndex@?$CSimpleMap@PA_WPA_WVCExpansionVectorEqualHelper@ATL@@@ATL@@QAEXHABQA_W0@Z 10007dfd f i SigCap.obj
 0001:00006e27       ?Invoke@CComTypeInfoHolder@ATL@@QAEJPAUIDispatch@@JABU_GUID@@KGPAUtagDISPPARAMS@@PAUtagVARIANT@@PAUtagEXCEPINFO@@PAI@Z 10007e27 f i SigCap.obj
 0001:00006e6a       ?IsEqualObject@?$CComPtrBase@UITypeInfo@@@ATL@@QAE_NPAUIUnknown@@@Z 10007e6a f i SigCap.obj
 0001:00006e6a       ?IsEqualObject@?$CComPtrBase@UIOleClientSite@@@ATL@@QAE_NPAUIUnknown@@@Z 10007e6a f i SigCap.obj
 0001:00006ed7       ?IsSpace@CRegParser@ATL@@IAEH_W@Z 10007ed7 f i SigCap.obj
 0001:00006f01       ?LoadNameCache@CComTypeInfoHolder@ATL@@QAEJPAUITypeInfo@@@Z 10007f01 f i SigCap.obj
 0001:0000704f       ?Lookup@?$CSimpleMap@PA_WPA_WVCExpansionVectorEqualHelper@ATL@@@ATL@@QBEPA_WABQA_W@Z 1000804f f i SigCap.obj
 0001:00007075       ?NextToken@CRegParser@ATL@@IAEJPA_W@Z 10008075 f i SigCap.obj
 0001:000071ad       ?OnKillFocus@CComControlBase@ATL@@QAEJIIJAAH@Z 100081ad f i SigCap.obj
 0001:00007208       ?OnMouseActivate@CComControlBase@ATL@@QAEJIIJAAH@Z 10008208 f i SigCap.obj
 0001:00007276       ?OnPaint@CComControlBase@ATL@@QAEJIIJAAH@Z 10008276 f i SigCap.obj
 0001:00007328       ?OnSetFocus@CComControlBase@ATL@@QAEJIIJAAH@Z 10008328 f i SigCap.obj
 0001:000073b1       ?Open@CRegKey@ATL@@QAEJPAUHKEY__@@PB_WK@Z 100083b1 f i SigCap.obj
 0001:00007406       ?PreProcessBuffer@CRegParser@ATL@@QAEJPA_WPAPA_W@Z 10008406 f i SigCap.obj
 0001:00007670       ?ProcessWindowMessage@?$CComControl@VCOPOSSigCap@@V?$CWindowImpl@VCOPOSSigCap@@VCWindow@ATL@@V?$CWinTraits@$0FGAAAAAA@$0A@@3@@ATL@@@ATL@@UAEHPAUHWND__@@IIJAAJK@Z 10008670 f i SigCap.obj
 0001:0000770f       ?PutProperty@?$CComPtr@UIDispatch@@@ATL@@SAJPAUIDispatch@@JPAUtagVARIANT@@@Z 1000870f f i SigCap.obj
 0001:000077a1       ?ReadFromStream@CComBSTR@ATL@@QAEJPAUIStream@@@Z 100087a1 f i SigCap.obj
 0001:000078cf       ?ReadFromStream@CComVariant@ATL@@QAEJPAUIStream@@GTClassesAllowedInStream@2@K@Z 100088cf f i SigCap.obj
 0001:00007a55       ?RecurseDeleteKey@CRegKey@ATL@@QAEJPB_W@Z 10008a55 f i SigCap.obj
 0001:00007b17       ?RegCreateKeyExW@CAtlTransactionManager@ATL@@QAEJPAUHKEY__@@PB_WKPA_WKKQAU_SECURITY_ATTRIBUTES@@PAPAU3@PAK@Z 10008b17 f i SigCap.obj
 0001:00007b7a       ?RegDeleteKeyW@CAtlTransactionManager@ATL@@QAEJPAUHKEY__@@PB_W@Z 10008b7a f i SigCap.obj
 0001:00007bcc       ?RegOpenKeyExW@CAtlTransactionManager@ATL@@QAEJPAUHKEY__@@PB_WKKPAPAU3@@Z 10008bcc f i SigCap.obj
 0001:00007c23       ?Register@_ATL_WNDCLASSINFOW@ATL@@QAEGPAP6GJPAUHWND__@@IIJ@Z@Z 10008c23 f i SigCap.obj
 0001:00007c43       ?RegisterBuffer@CRegParser@ATL@@QAEJPA_WH@Z 10008c43 f i SigCap.obj
 0001:00007d7c       ?RegisterFromResource@CRegObject@ATL@@IAEJPB_W00H@Z 10008d7c f i SigCap.obj
 0001:00007eb2       ?RegisterServer@?$CAtlModuleT@VCComModule@ATL@@@ATL@@QAEJHPBU_GUID@@@Z 10008eb2 f i SigCap.obj
 0001:00007ee0       ?RegisterServer@CComModule@ATL@@QAEJHPBU_GUID@@@Z 10008ee0 f i SigCap.obj
 0001:00007f56       ?RegisterSubkeys@CRegParser@ATL@@IAEJPA_WPAUHKEY__@@HH@Z 10008f56 f i SigCap.obj
 0001:00008525       ?Remove@CComDynamicUnkArray@ATL@@QAEHK@Z 10009525 f i SigCap.obj
 0001:0000854e       ?RemoveAll@?$CSimpleMap@PA_WPA_WVCExpansionVectorEqualHelper@ATL@@@ATL@@QAEXXZ 1000954e f i SigCap.obj
 0001:0000857a       ?ResourceRegisterSz@CRegObject@ATL@@QAGJPB_W00@Z 1000957a f i SigCap.obj
 0001:000085a7       ?ResourceUnregisterSz@CRegObject@ATL@@QAGJPB_W00@Z 100095a7 f i SigCap.obj
 0001:000085d4       ?SendOnDataChange@CComControlBase@ATL@@QAEJK@Z 100095d4 f i SigCap.obj
 0001:00008621       ?SetControlFocus@CComControlBase@ATL@@QAEHH@Z 10009621 f i SigCap.obj
 0001:000086be       ?SetMultiStringValue@CRegKey@ATL@@QAEJPB_W0@Z 100096be f i SigCap.obj
 0001:0000871a       ?SetStringValue@CRegKey@ATL@@QAEJPB_W0K@Z 1000971a f i SigCap.obj
 0001:00008763       ?SkipAssignment@CRegParser@ATL@@IAEJPA_W@Z 10009763 f i SigCap.obj
 0001:000087c8       ?SkipWhiteSpace@CRegParser@ATL@@IAEXXZ 100097c8 f i SigCap.obj
 0001:000087ea       ?StrChrW@CRegParser@ATL@@KAPA_WPA_W_W@Z 100097ea f i SigCap.obj
 0001:00008827       ?Term@CAtlModule@ATL@@QAEXXZ 10009827 f i SigCap.obj
 0001:00008860       ?Term@CComModule@ATL@@QAEXXZ 10009860 f i SigCap.obj
 0001:000088b8       ?UnregisterServer@?$CAtlModuleT@VCComModule@ATL@@@ATL@@QAEJHPBU_GUID@@@Z 100098b8 f i SigCap.obj
 0001:000088de       ?UnregisterServer@CComModule@ATL@@QAEJHPBU_GUID@@@Z 100098de f i SigCap.obj
 0001:00008954       ?UpdateRegistryFromResource@CAtlModule@ATL@@QAGJIHPAU_ATL_REGMAP_ENTRY@2@@Z 10009954 f i SigCap.obj
 0001:00008b1f       ?UpdateRegistryFromResource@CAtlModule@ATL@@QAGJPB_WHPAU_ATL_REGMAP_ENTRY@2@@Z 10009b1f f i SigCap.obj
 0001:00008cf0       ?VTFromRegType@CRegParser@ATL@@KAHPB_WAAG@Z 10009cf0 f i SigCap.obj
 0001:00008d5d       ?WindowProc@?$CWindowImplBaseT@VCWindow@ATL@@V?$CWinTraits@$0FGAAAAAA@$0A@@2@@ATL@@SGJPAUHWND__@@IIJ@Z 10009d5d f i SigCap.obj
 0001:00008e4f       ?WriteToStream@CComBSTR@ATL@@QAEJPAUIStream@@@Z 10009e4f f i SigCap.obj
 0001:00008ea6       ?WriteToStream@CComVariant@ATL@@QAEJPAUIStream@@@Z 10009ea6 f i SigCap.obj
 0001:00009020       ?WriteToStream@CComVariant@ATL@@QAEJPAUIStream@@G@Z 1000a020 f i SigCap.obj
 0001:00009089       ?_AtlInitialConstruct@?$CComObjectRootEx@VCComMultiThreadModel@ATL@@@ATL@@QAEJXZ 1000a089 f i SigCap.obj
 0001:0000909e       ?_AtlVerifyStackAvailable@_ATL_SAFE_ALLOCA_IMPL@ATL@@YA_NK@Z 1000a09e f i SigCap.obj
 0001:0000911c       ?atlCreate@?$CWindowImpl@VCOPOSSigCap@@VCWindow@ATL@@V?$CWinTraits@$0FGAAAAAA@$0A@@3@@ATL@@QAEPAUHWND__@@PAU3@V_U_RECT@2@PB_WKKV_U_MENUorID@2@PAX@Z 1000a11c f i SigCap.obj
 0001:00009160       ?atlCreate@?$CWindowImplBaseT@VCWindow@ATL@@V?$CWinTraits@$0FGAAAAAA@$0A@@2@@ATL@@QAEPAUHWND__@@PAU3@V_U_RECT@2@PB_WKKV_U_MENUorID@2@GPAX@Z 1000a160 f i SigCap.obj
 0001:000091fc       ?atlCreate@CRegKey@ATL@@QAEJPAUHKEY__@@PB_WPA_WKKPAU_SECURITY_ATTRIBUTES@@PAK@Z 1000a1fc f i SigCap.obj
 0001:0000926b       ?copy@?$_Copy@UtagCONNECTDATA@@@ATL@@SAJPAUtagCONNECTDATA@@PBU3@@Z 1000a26b f i SigCap.obj
 0001:000092a1       ?copy@?$_CopyInterface@UIConnectionPoint@@@ATL@@SAJPAPAUIConnectionPoint@@PBQAU3@@Z 1000a2a1 f i SigCap.obj
 0001:000092cf       ?memcpy_s@Checked@ATL@@YAXPAXIPBXI@Z 1000a2cf f i SigCap.obj
 0001:000092ee       ?ocscpy_s@@YA_NPA_WIPB_W@Z 1000a2ee f i SigCap.obj
 0001:0000931d       ?ocslen@@YAHPB_W@Z         1000a31d f i SigCap.obj
 0001:0000933d       ?wcscpy_s@Checked@ATL@@YAXPA_WIPB_W@Z 1000a33d f i SigCap.obj
 0001:00009359       _DllCanUnloadNow@0         1000a359 f   SigCap.obj
 0001:00009365       _DllGetClassObject@12      1000a365 f   SigCap.obj
 0001:00009373       _DllMain@12                1000a373 f   SigCap.obj
 0001:000093b5       _DllRegisterServer@0       1000a3b5 f   SigCap.obj
 0001:000093c4       _DllUnregisterServer@0     1000a3c4 f   SigCap.obj
 0001:000093d3       _InlineIsEqualGUID         1000a3d3 f i SigCap.obj
 0001:00009403       ___local_stdio_printf_options 1000a403 f i SigCap.obj
 0001:00009409       __vswprintf_s_l            1000a409 f i SigCap.obj
 0001:000094b6       _swprintf_s                1000a4b6 f i SigCap.obj
 0001:000094d2       ??0?$CComControl@VCOPOSSigCap@@V?$CWindowImpl@VCOPOSSigCap@@VCWindow@ATL@@V?$CWinTraits@$0FGAAAAAA@$0A@@3@@ATL@@@ATL@@QAE@XZ 1000a4d2 f i SigCapImpl.obj
 0001:000094f9       ??0?$CProxy_IOPOSEvents@VCOPOSSigCap@@@@QAE@XZ 1000a4f9 f i SigCapImpl.obj
 0001:00009519       ??0CComControlBase@ATL@@QAE@AAPAUHWND__@@@Z 1000a519 f i SigCapImpl.obj
 0001:00009563       ??0COPOSSigCap@@QAE@XZ     1000a563 f   SigCapImpl.obj
 0001:00009599       ??1?$CComControl@VCOPOSSigCap@@V?$CWindowImpl@VCOPOSSigCap@@VCWindow@ATL@@V?$CWinTraits@$0FGAAAAAA@$0A@@3@@ATL@@@ATL@@UAE@XZ 1000a599 f i SigCapImpl.obj
 0001:000095b2       ??1?$IConnectionPointImpl@VCOPOSSigCap@@$1?IID_IPropertyNotifySink@@3U_GUID@@BVCComDynamicUnkArray@ATL@@@ATL@@QAE@XZ 1000a5b2 f i SigCapImpl.obj
 0001:000095b2       ??1?$IConnectionPointImpl@VCOPOSSigCap@@$1?DIID__IOPOSSigCapEvents@@3U_GUID@@BVCComDynamicUnkArray@ATL@@@ATL@@QAE@XZ 1000a5b2 f i SigCapImpl.obj
 0001:000095ef       ??1CComControlBase@ATL@@UAE@XZ 1000a5ef f i SigCapImpl.obj
 0001:00009652       ??1COPOSSigCap@@UAE@XZ     1000a652 f   SigCapImpl.obj
 0001:0000969a       ??1OposVariantResult@@QAE@XZ 1000a69a f i SigCapImpl.obj
 0001:000096bb       ??1_CW@@QAE@XZ             1000a6bb f i SigCapImpl.obj
 0001:000096d4       ?BeginCapture@COPOSSigCap@@UAGJPA_WPAJ@Z 1000a6d4 f   SigCapImpl.obj
 0001:0000972b       ?CheckHealth@COPOSSigCap@@UAGJJPAJ@Z 1000a72b f   SigCapImpl.obj
 0001:0000977a       ?ClaimDevice@COPOSSigCap@@UAGJJPAJ@Z 1000a77a f   SigCapImpl.obj
 0001:000097ef       ?ClearInput@COPOSSigCap@@UAGJPAJ@Z 1000a7ef f   SigCapImpl.obj
 0001:0000980a       ?ClearInputProperties@COPOSSigCap@@UAGJPAJ@Z 1000a80a f   SigCapImpl.obj
 0001:00009825       ?Close@COPOSSigCap@@UAGJPAJ@Z 1000a825 f   SigCapImpl.obj
 0001:00009893       ?CompareFirmwareVersion@COPOSSigCap@@UAGJPA_WPAJ1@Z 1000a893 f   SigCapImpl.obj
 0001:00009913       ?DirectIO@COPOSSigCap@@UAGJJPAJPAPA_W0@Z 1000a913 f   SigCapImpl.obj
 0001:000099c1       ?DoInvoke@COPOSSigCap@@IAEJJPAVOposVariant@@IHPAJ_N@Z 1000a9c1 f   SigCapImpl.obj
 0001:00009a83       ?EndCapture@COPOSSigCap@@UAGJPAJ@Z 1000aa83 f   SigCapImpl.obj
 0001:00009a9e       ?EventClose@COPOSSigCap@@IAEXXZ 1000aa9e f i SigCapImpl.obj
 0001:00009ad1       ?EventInit@COPOSSigCap@@IAEJXZ 1000aad1 f i SigCapImpl.obj
 0001:00009b9d       ?EventUninit@COPOSSigCap@@IAEXXZ 1000ab9d f i SigCapImpl.obj
 0001:00009bef       ?EventWindowProc@COPOSSigCap@@IAGJIIJ@Z 1000abef f i SigCapImpl.obj
 0001:00009cc3       ?FinalConstruct@COPOSSigCap@@QAEJXZ 1000acc3 f   SigCapImpl.obj
 0001:00009cfc       ?FireEventCleanup@COPOSSigCap@@IAEXXZ 1000acfc f i SigCapImpl.obj
 0001:00009d12       ?FireEventSetup@COPOSSigCap@@IAE_NXZ 1000ad12 f i SigCapImpl.obj
 0001:00009d46       ?FreezeEvents@COPOSSigCap@@MAGJH@Z 1000ad46 f   SigCapImpl.obj
 0001:00009da6       ?GetOposProp@COPOSSigCap@@IAEJJPAFJ@Z 1000ada6 f   SigCapImpl.obj
 0001:00009dc9       ?GetOposProp@COPOSSigCap@@IAEJJPAJJ@Z 1000adc9 f   SigCapImpl.obj
 0001:00009e87       ?GetOposProp@COPOSSigCap@@IAEJJPAPA_WJ@Z 1000ae87 f   SigCapImpl.obj
 0001:00009f52       ?OnDraw@COPOSSigCap@@MAEJAAUATL_DRAWINFO@@@Z 1000af52 f   SigCapImpl.obj
 0001:00009ff2       ?Open@COPOSSigCap@@UAGJPA_WPAJ@Z 1000aff2 f   SigCapImpl.obj
 0001:0000a78c       ?ReleaseDevice@COPOSSigCap@@UAGJPAJ@Z 1000b78c f   SigCapImpl.obj
 0001:0000a7db       ?ResetStatistics@COPOSSigCap@@UAGJPA_WPAJ@Z 1000b7db f   SigCapImpl.obj
 0001:0000a832       ?RetrieveStatistics@COPOSSigCap@@UAGJPAPA_WPAJ@Z 1000b832 f   SigCapImpl.obj
 0001:0000a889       ?SOProcessID@COPOSSigCap@@UAGJPAJ@Z 1000b889 f   SigCapImpl.obj
 0001:0000a89d       ?SetCOFreezeEvents@COPOSSigCap@@IAEXF@Z 1000b89d f   SigCapImpl.obj
 0001:0000a928       ?SetOposProp@COPOSSigCap@@IAEJJJJ@Z 1000b928 f   SigCapImpl.obj
 0001:0000aa06       ?UpdateFirmware@COPOSSigCap@@UAGJPA_WPAJ@Z 1000ba06 f   SigCapImpl.obj
 0001:0000aa5d       ?UpdateStatistics@COPOSSigCap@@UAGJPA_WPAJ@Z 1000ba5d f   SigCapImpl.obj
 0001:0000aab4       ?get_AutoDisable@COPOSSigCap@@UAGJPAF@Z 1000bab4 f   SigCapImpl.obj
 0001:0000aaca       ?get_BinaryConversion@COPOSSigCap@@UAGJPAJ@Z 1000baca f   SigCapImpl.obj
 0001:0000aae0       ?get_CapCompareFirmwareVersion@COPOSSigCap@@UAGJPAF@Z 1000bae0 f   SigCapImpl.obj
 0001:0000aaf9       ?get_CapDisplay@COPOSSigCap@@UAGJPAF@Z 1000baf9 f   SigCapImpl.obj
 0001:0000ab12       ?get_CapPowerReporting@COPOSSigCap@@UAGJPAJ@Z 1000bb12 f   SigCapImpl.obj
 0001:0000ab2b       ?get_CapRealTimeData@COPOSSigCap@@UAGJPAF@Z 1000bb2b f   SigCapImpl.obj
 0001:0000ab44       ?get_CapStatisticsReporting@COPOSSigCap@@UAGJPAF@Z 1000bb44 f   SigCapImpl.obj
 0001:0000ab5d       ?get_CapUpdateFirmware@COPOSSigCap@@UAGJPAF@Z 1000bb5d f   SigCapImpl.obj
 0001:0000ab76       ?get_CapUpdateStatistics@COPOSSigCap@@UAGJPAF@Z 1000bb76 f   SigCapImpl.obj
 0001:0000ab8f       ?get_CapUserTerminated@COPOSSigCap@@UAGJPAF@Z 1000bb8f f   SigCapImpl.obj
 0001:0000aba8       ?get_CheckHealthText@COPOSSigCap@@UAGJPAPA_W@Z 1000bba8 f   SigCapImpl.obj
 0001:0000abc1       ?get_Claimed@COPOSSigCap@@UAGJPAF@Z 1000bbc1 f   SigCapImpl.obj
 0001:0000abd7       ?get_ControlObjectDescription@COPOSSigCap@@UAGJPAPA_W@Z 1000bbd7 f   SigCapImpl.obj
 0001:0000ac14       ?get_ControlObjectVersion@COPOSSigCap@@UAGJPAJ@Z 1000bc14 f   SigCapImpl.obj
 0001:0000ac27       ?get_DataCount@COPOSSigCap@@UAGJPAJ@Z 1000bc27 f   SigCapImpl.obj
 0001:0000ac3d       ?get_DataEventEnabled@COPOSSigCap@@UAGJPAF@Z 1000bc3d f   SigCapImpl.obj
 0001:0000ac53       ?get_DeviceDescription@COPOSSigCap@@UAGJPAPA_W@Z 1000bc53 f   SigCapImpl.obj
 0001:0000ac6c       ?get_DeviceEnabled@COPOSSigCap@@UAGJPAF@Z 1000bc6c f   SigCapImpl.obj
 0001:0000ac82       ?get_DeviceName@COPOSSigCap@@UAGJPAPA_W@Z 1000bc82 f   SigCapImpl.obj
 0001:0000ac9b       ?get_FreezeEvents@COPOSSigCap@@UAGJPAF@Z 1000bc9b f   SigCapImpl.obj
 0001:0000acb1       ?get_MaximumX@COPOSSigCap@@UAGJPAJ@Z 1000bcb1 f   SigCapImpl.obj
 0001:0000acca       ?get_MaximumY@COPOSSigCap@@UAGJPAJ@Z 1000bcca f   SigCapImpl.obj
 0001:0000ace3       ?get_OpenResult@COPOSSigCap@@UAGJPAJ@Z 1000bce3 f   SigCapImpl.obj
 0001:0000acfa       ?get_PointArray@COPOSSigCap@@UAGJPAPA_W@Z 1000bcfa f   SigCapImpl.obj
 0001:0000ad13       ?get_PowerNotify@COPOSSigCap@@UAGJPAJ@Z 1000bd13 f   SigCapImpl.obj
 0001:0000ad29       ?get_PowerState@COPOSSigCap@@UAGJPAJ@Z 1000bd29 f   SigCapImpl.obj
 0001:0000ad3f       ?get_RawData@COPOSSigCap@@UAGJPAPA_W@Z 1000bd3f f   SigCapImpl.obj
 0001:0000ad58       ?get_RealTimeDataEnabled@COPOSSigCap@@UAGJPAF@Z 1000bd58 f   SigCapImpl.obj
 0001:0000ad71       ?get_ResultCode@COPOSSigCap@@UAGJPAJ@Z 1000bd71 f   SigCapImpl.obj
 0001:0000adaf       ?get_ResultCodeExtended@COPOSSigCap@@UAGJPAJ@Z 1000bdaf f   SigCapImpl.obj
 0001:0000adc5       ?get_ServiceObjectDescription@COPOSSigCap@@UAGJPAPA_W@Z 1000bdc5 f   SigCapImpl.obj
 0001:0000adde       ?get_ServiceObjectVersion@COPOSSigCap@@UAGJPAJ@Z 1000bdde f   SigCapImpl.obj
 0001:0000adf4       ?get_State@COPOSSigCap@@UAGJPAJ@Z 1000bdf4 f   SigCapImpl.obj
 0001:0000ae20       ?get_TotalPoints@COPOSSigCap@@UAGJPAJ@Z 1000be20 f   SigCapImpl.obj
 0001:0000ae39       ?put_AutoDisable@COPOSSigCap@@UAGJF@Z 1000be39 f   SigCapImpl.obj
 0001:0000ae56       ?put_BinaryConversion@COPOSSigCap@@UAGJJ@Z 1000be56 f   SigCapImpl.obj
 0001:0000ae6c       ?put_DataEventEnabled@COPOSSigCap@@UAGJF@Z 1000be6c f   SigCapImpl.obj
 0001:0000ae89       ?put_DeviceEnabled@COPOSSigCap@@UAGJF@Z 1000be89 f   SigCapImpl.obj
 0001:0000aea6       ?put_FreezeEvents@COPOSSigCap@@UAGJF@Z 1000bea6 f   SigCapImpl.obj
 0001:0000aef2       ?put_PowerNotify@COPOSSigCap@@UAGJJ@Z 1000bef2 f   SigCapImpl.obj
 0001:0000af08       ?put_RealTimeDataEnabled@COPOSSigCap@@UAGJF@Z 1000bf08 f   SigCapImpl.obj
 0001:0000af28       ?s_EventWindowProc@COPOSSigCap@@KGJPAUHWND__@@IIJ@Z 1000bf28 f i SigCapImpl.obj
 0001:0000af7a       ??_U@YAPAXI@Z              1000bf7a f   LIBCMT:new_array.obj
 0001:0000af83       ??3@YAXPAXI@Z              1000bf83 f   LIBCMT:delete_scalar_size.obj
 0001:0000af91       ??_V@YAXPAX@Z              1000bf91 f   LIBCMT:delete_array.obj
 0001:0000af96       ??_V@YAXPAXI@Z             1000bf96 f   LIBCMT:delete_array_size.obj
 0001:0000afa4       ??$__crt_fast_encode_pointer@P6GXPAU_RTL_CONDITION_VARIABLE@@@Z@@YAP6GXPAU_RTL_CONDITION_VARIABLE@@@ZQ6GX0@Z@Z 1000bfa4 f i LIBCMT:thread_safe_statics.obj
 0001:0000afa4       ??$__crt_fast_encode_pointer@P6GHPAU_RTL_CONDITION_VARIABLE@@PAU_RTL_CRITICAL_SECTION@@K@Z@@YAP6GHPAU_RTL_CONDITION_VARIABLE@@PAU_RTL_CRITICAL_SECTION@@K@ZQ6GH01K@Z@Z 1000bfa4 f i LIBCMT:thread_safe_statics.obj
 0001:0000afa4       ??$__crt_fast_encode_pointer@PAP6AXXZ@@YAPAP6AXXZQAP6AXXZ@Z 1000bfa4 f i LIBCMT:utility.obj
 0001:0000afa4       ??$__crt_fast_encode_pointer@PAX@@YAPAXQAX@Z 1000bfa4 f i libvcruntime:winapi_downlevel.obj
 0001:0000b005       ___scrt_acquire_startup_lock 1000c005 f   LIBCMT:utility.obj
 0001:0000b037       ___scrt_dllmain_after_initialize_c 1000c037 f   LIBCMT:utility.obj
 0001:0000b062       ___scrt_dllmain_before_initialize_c 1000c062 f   LIBCMT:utility.obj
 0001:0000b070       ___scrt_dllmain_crt_thread_attach 1000c070 f   LIBCMT:utility.obj
 0001:0000b08f       ___scrt_dllmain_crt_thread_detach 1000c08f f   LIBCMT:utility.obj
 0001:0000b09c       ___scrt_dllmain_exception_filter 1000c09c f   LIBCMT:utility.obj
 0001:0000b0d0       ___scrt_dllmain_uninitialize_c 1000c0d0 f   LIBCMT:utility.obj
 0001:0000b0f3       ___scrt_dllmain_uninitialize_critical 1000c0f3 f   LIBCMT:utility.obj
 0001:0000b100       ___scrt_initialize_crt     1000c100 f   LIBCMT:utility.obj
 0001:0000b139       ___scrt_initialize_onexit_tables 1000c139 f   LIBCMT:utility.obj
 0001:0000b1de       ___scrt_is_nonwritable_in_current_image 1000c1de f   LIBCMT:utility.obj
 0001:0000b272       ___scrt_release_startup_lock 1000c272 f   LIBCMT:utility.obj
 0001:0000b28f       ___scrt_uninitialize_crt   1000c28f f   LIBCMT:utility.obj
 0001:0000b2b7       __onexit                   1000c2b7 f   LIBCMT:utility.obj
 0001:0000b2f2       _atexit                    1000c2f2 f   LIBCMT:utility.obj
 0001:0000b307       ??3@YAXPAX@Z               1000c307 f   LIBCMT:delete_scalar.obj
 0001:0000b43e       __Init_thread_footer       1000c43e f   LIBCMT:thread_safe_statics.obj
 0001:0000b488       __Init_thread_header       1000c488 f   LIBCMT:thread_safe_statics.obj
 0001:0000b4da       __Init_thread_notify       1000c4da f   LIBCMT:thread_safe_statics.obj
 0001:0000b51c       __Init_thread_wait         1000c51c f   LIBCMT:thread_safe_statics.obj
 0001:0000b57c       ___raise_securityfailure   1000c57c f   LIBCMT:gs_report.obj
 0001:0000b5a4       ___report_gsfailure        1000c5a4 f   LIBCMT:gs_report.obj
 0001:0000b69d       ___report_rangecheckfailure 1000c69d f   LIBCMT:gs_report.obj
 0001:0000b6a9       ___report_securityfailure  1000c6a9 f   LIBCMT:gs_report.obj
 0001:0000b777       ??2@YAPAXIABUnothrow_t@std@@@Z 1000c777 f   LIBCMT:new_scalar_nothrow.obj
 0001:0000b7c7       ??_U@YAPAXIABUnothrow_t@std@@@Z 1000c7c7 f   LIBCMT:new_array_nothrow.obj
 0001:0000b7d0       @__security_check_cookie@4 1000c7d0 f   LIBCMT:secchk.obj
 0001:0000b7f0       __SEH_prolog4_GS           1000c7f0 f   LIBCMT:sehprolg4gs.obj
 0001:0000b839       __SEH_epilog4_GS           1000c839 f   LIBCMT:sehprolg4gs.obj
 0001:0000b850       __alloca_probe_16          1000c850 f   LIBCMT:alloca16.obj
 0001:0000b866       __alloca_probe_8           1000c866     LIBCMT:alloca16.obj
 0001:0000b880       __alloca_probe             1000c880 f   LIBCMT:chkstk.obj
 0001:0000b880       __chkstk                   1000c880 f   LIBCMT:chkstk.obj
 0001:0000bbcd       __DllMainCRTStartup@12     1000cbcd f   LIBCMT:dll_dllmain.obj
 0001:0000bbf0       ??2@YAPAXI@Z               1000cbf0 f   LIBCMT:new_scalar.obj
 0001:0000bc20       ___isa_available_init      1000cc20 f   LIBCMT:cpu_disp.obj
 0001:0000bdb7       ___scrt_is_ucrt_dll_in_use 1000cdb7 f   LIBCMT:ucrt_detection.obj
 0001:0000bdc3       ___scrt_fastfail           1000cdc3 f   LIBCMT:utility_desktop.obj
 0001:0000bedd       __crt_debugger_hook        1000cedd f   LIBCMT:utility_desktop.obj
 0001:0000bef0       __SEH_prolog4              1000cef0 f   LIBCMT:sehprolg4.obj
 0001:0000bf36       __SEH_epilog4              1000cf36 f   LIBCMT:sehprolg4.obj
 0001:0000bf4b       @_guard_check_icall_nop@4  1000cf4b f i LIBCMT:guard_support.obj
 0001:0000bf99       ___security_init_cookie    1000cf99 f   LIBCMT:gs_support.obj
 0001:0000bfe4       ?__scrt_initialize_type_info@@YAXXZ 1000cfe4 f   LIBCMT:tncleanup.obj
 0001:0000bff0       ?__scrt_uninitialize_type_info@@YAXXZ 1000cff0 f   LIBCMT:tncleanup.obj
 0001:0000bffc       ___local_stdio_scanf_options 1000cffc f i LIBCMT:default_local_stdio_options.obj
 0001:0000c002       ___scrt_initialize_default_local_stdio_options 1000d002 f   LIBCMT:default_local_stdio_options.obj
 0001:0000c01f       ___scrt_get_dyn_tls_init_callback 1000d01f f   LIBCMT:dyn_tls_init.obj
 0001:0000c025       __RTC_Initialize           1000d025 f   LIBCMT:initsect.obj
 0001:0000c051       __RTC_Terminate            1000d051 f   LIBCMT:initsect.obj
 0001:0000c07d       ??0bad_alloc@std@@QAE@ABV01@@Z 1000d07d f i LIBCMT:throw_bad_alloc.obj
 0001:0000c098       ??0bad_alloc@std@@QAE@XZ   1000d098 f i LIBCMT:throw_bad_alloc.obj
 0001:0000c0b0       ??0bad_array_new_length@std@@QAE@ABV01@@Z 1000d0b0 f i LIBCMT:throw_bad_alloc.obj
 0001:0000c0cb       ??0bad_array_new_length@std@@QAE@XZ 1000d0cb f i LIBCMT:throw_bad_alloc.obj
 0001:0000c0e3       ??0exception@std@@QAE@ABV01@@Z 1000d0e3 f i LIBCMT:throw_bad_alloc.obj
 0001:0000c10f       ??1bad_array_new_length@std@@UAE@XZ 1000d10f f i LIBCMT:throw_bad_alloc.obj
 0001:0000c10f       ??1bad_exception@std@@UAE@XZ 1000d10f f i libvcruntime:frame.obj
 0001:0000c10f       ??1bad_alloc@std@@UAE@XZ   1000d10f f i LIBCMT:throw_bad_alloc.obj
 0001:0000c120       ??_Gbad_alloc@std@@UAEPAXI@Z 1000d120 f i LIBCMT:throw_bad_alloc.obj
 0001:0000c120       ??_Ebad_alloc@std@@UAEPAXI@Z 1000d120 f i LIBCMT:throw_bad_alloc.obj
 0001:0000c120       ??_Gbad_array_new_length@std@@UAEPAXI@Z 1000d120 f i LIBCMT:throw_bad_alloc.obj
 0001:0000c120       ??_Gexception@std@@UAEPAXI@Z 1000d120 f i LIBCMT:throw_bad_alloc.obj
 0001:0000c120       ??_Ebad_array_new_length@std@@UAEPAXI@Z 1000d120 f i LIBCMT:throw_bad_alloc.obj
 0001:0000c120       ??_Ebad_exception@std@@UAEPAXI@Z 1000d120 f i libvcruntime:frame.obj
 0001:0000c120       ??_Gbad_exception@std@@UAEPAXI@Z 1000d120 f i libvcruntime:frame.obj
[...]
 0002:00001ae4       ?candidate_modules@?1??try_get_FlsGetValue@@YAP6GPAXK@ZXZ@4QBW4module_id@?A0x5d2a34d3@@B 1001fae4     libvcruntime:winapi_downlevel.obj
 0002:00001af8       ?candidate_modules@?1??try_get_FlsSetValue@@YAP6GHKPAX@ZXZ@4QBW4module_id@?A0x5d2a34d3@@B 1001faf8     libvcruntime:winapi_downlevel.obj
 0002:00001b0c       ?candidate_modules@?1??try_get_InitializeCriticalSectionEx@@YAP6GHPAU_RTL_CRITICAL_SECTION@@KK@ZXZ@4QBW4module_id@?A0x5d2a34d3@@B 1001fb0c     libvcruntime:winapi_downlevel.obj
 0002:00001b50       ?tokenTable@@3QBQBDB       1001fb50     libvcruntime:undname.obj
 0002:00001b90       ?nameTable@@3QBQBDB        1001fb90     libvcruntime:undname.obj
 0002:00001cd8       ?rttiTable@@3QBQBDB        1001fcd8     libvcruntime:undname.obj
 0002:000022f0       _errtable                  100202f0     libucrt:errno.obj
 0002:00002598       ___acrt_initializers       10020598     libucrt:initialization.obj
 0002:00002610       _module_names              10020610     libucrt:winapi_thunks.obj
 0002:00002b58       ?candidate_modules@?1??try_get_FlsAlloc@@YAP6GKP6GXPAX@Z@ZXZ@4QBW4module_id@?A0x352e5c4b@@B 10020b58     libucrt:winapi_thunks.obj
 0002:00002b6c       ?candidate_modules@?1??try_get_FlsFree@@YAP6GHK@ZXZ@4QBW4module_id@?A0x352e5c4b@@B 10020b6c     libucrt:winapi_thunks.obj
 0002:00002b7c       ?candidate_modules@?1??try_get_FlsGetValue@@YAP6GPAXK@ZXZ@4QBW4module_id@?A0x352e5c4b@@B 10020b7c     libucrt:winapi_thunks.obj
 0002:00002b90       ?candidate_modules@?1??try_get_FlsSetValue@@YAP6GHKPAX@ZXZ@4QBW4module_id@?A0x352e5c4b@@B 10020b90     libucrt:winapi_thunks.obj
 0002:00002ba4       ?candidate_modules@?1??try_get_GetCurrentPackageId@@YAP6GJPAIPAE@ZXZ@4QBW4module_id@?A0x352e5c4b@@B 10020ba4     libucrt:winapi_thunks.obj
 0002:00002bc0       ?candidate_modules@?1??try_get_InitializeCriticalSectionEx@@YAP6GHPAU_RTL_CRITICAL_SECTION@@KK@ZXZ@4QBW4module_id@?A0x352e5c4b@@B 10020bc0     libucrt:winapi_thunks.obj
 0002:00002be4       ?candidate_modules@?1??try_get_LCMapStringEx@@YAP6GHPB_WK0HPA_WHPAU_nlsversioninfo@@PAXJ@ZXZ@4QBW4module_id@?A0x352e5c4b@@B 10020be4     libucrt:winapi_thunks.obj
 0002:00002bfc       ?candidate_modules@?1??try_get_LocaleNameToLCID@@YAP6GKPB_WK@ZXZ@4QBW4module_id@?A0x352e5c4b@@B 10020bfc     libucrt:winapi_thunks.obj
 0002:00002c18       ?candidate_modules@?1??try_get_SetThreadStackGuarantee@@YAP6GHPAK@ZXZ@4QBW4module_id@?A0x352e5c4b@@B 10020c18     libucrt:winapi_thunks.obj
 0002:00003144       __mb_locale_names          10021144     libucrt:mbctype.obj
 0002:00003990       _LcidToLocaleNameTable     10021990     libucrt:lcidtoname_downlevel.obj
 0002:00004ab8       _LocaleNameToIndexTable    10022ab8     libucrt:lcidtoname_downlevel.obj
 0002:000063f0       LOG_name                   100243f0     libucrt:log10.obj
 0002:00006400       _One                       10024400     libucrt:ceil_pentium4.obj
 0002:00006410       _Bns                       10024410     libucrt:ceil_pentium4.obj
 0002:00006420       _Zero                      10024420     libucrt:ceil_pentium4.obj
 0002:00006430       _S                         10024430     libucrt:ceil_pentium4.obj
 0002:00006440       _NegZero                   10024440     libucrt:ceil_pentium4.obj
 0002:00006450       emask                      10024450     libucrt:log10_pentium4.obj
 0002:00006460       CC                         10024460     libucrt:log10_pentium4.obj
 0002:00006470       Magic                      10024470     libucrt:log10_pentium4.obj
 0002:00006480       hi_mask                    10024480     libucrt:log10_pentium4.obj
 0002:00006490       LOG10_2                    10024490     libucrt:log10_pentium4.obj
 0002:000064a0       place_L                    100244a0     libucrt:log10_pentium4.obj
 0002:000064c0       One                        100244c0     libucrt:log10_pentium4.obj
 0002:000064d0       Zero                       100244d0     libucrt:log10_pentium4.obj
 0002:000064e0       Two52                      100244e0     libucrt:log10_pentium4.obj
 0002:000064f0       Infs                       100244f0     libucrt:log10_pentium4.obj
 0002:00006500       NaN                        10024500     libucrt:log10_pentium4.obj
 0002:00006510       coeff                      10024510     libucrt:log10_pentium4.obj
 0002:0000656e       _log2max                   1002456e     libucrt:87tran.obj
 0002:00006578       _smallarg                  10024578     libucrt:87tran.obj
 0002:00006582       _half                      10024582     libucrt:87tran.obj
 0002:000065ce       One                        100245ce     libucrt:87disp.obj
 0002:000065d6       Three                      100245d6     libucrt:87disp.obj
 0002:000065de       XAMtoTagTab                100245de     libucrt:87disp.obj
 0002:000065f0       One                        100245f0     libucrt:common.obj
 0002:00006604       DblMax                     10024604     libucrt:common.obj
 0002:0000660c       DblMin                     1002460c     libucrt:common.obj
 0002:00006614       IeeeAdjO                   10024614     libucrt:common.obj
 0002:0000661c       IeeeAdjU                   1002461c     libucrt:common.obj
 0002:00006624       _infinity                  10024624     libucrt:common.obj
 0002:0000662c       _zero                      1002462c     libucrt:common.obj
 0002:00006668       _over                      10024668     libucrt:fpctrl.obj
 0002:00006674       _under                     10024674     libucrt:fpctrl.obj
 0002:00006f38       ?_names@?1??_get_fname@@9@9 10024f38     libucrt:fpexcept.obj
 0002:00007708       __sehtable$?_AtlVerifyStackAvailable@_ATL_SAFE_ALLOCA_IMPL@ATL@@YA_NK@Z 10025708     SigCap.obj
 0002:00007728       __sehtable$___scrt_is_nonwritable_in_current_image 10025728     LIBCMT:utility.obj
 0002:00007744       __ehfuncinfo$?__scrt_initialize_thread_safe_statics_platform_specific@@YAXXZ 10025744     LIBCMT:thread_safe_statics.obj
 0002:00007768       __catchsym$??2@YAPAXIABUnothrow_t@std@@@Z$2 10025768     LIBCMT:new_scalar_nothrow.obj
 0002:00007778       __unwindtable$??2@YAPAXIABUnothrow_t@std@@@Z 10025778     LIBCMT:new_scalar_nothrow.obj
 0002:00007788       __tryblocktable$??2@YAPAXIABUnothrow_t@std@@@Z 10025788     LIBCMT:new_scalar_nothrow.obj
 0002:0000779c       __ehfuncinfo$??2@YAPAXIABUnothrow_t@std@@@Z 1002579c     LIBCMT:new_scalar_nothrow.obj
 0002:000077c0       __sehtable$?dllmain_crt_process_attach@@YAHQAUHINSTANCE__@@QAX@Z 100257c0     LIBCMT:dll_dllmain.obj
 0002:000077e0       __sehtable$?dllmain_crt_process_detach@@YAH_N@Z 100257e0     LIBCMT:dll_dllmain.obj
 0002:00007800       __sehtable$?dllmain_dispatch@@YAHQAUHINSTANCE__@@KQAX@Z 10025800     LIBCMT:dll_dllmain.obj
 0002:000078b0       __sehtable$?FrameUnwindToState@__FrameHandler3@@SAXPAUEHRegistrationNode@@PAXPBU_s_FuncInfo@@H@Z 100258b0     libvcruntime:frame.obj
 0002:000078d8       __sehtable$?CallCatchBlock@@YAPAXPAUEHExceptionRecord@@PAUEHRegistrationNode@@PAU_CONTEXT@@PBU_s_FuncInfo@@PAXHK@Z 100258d8     libvcruntime:frame.obj
 0002:00007900       __catchsym$?CallUnexpected@@YAXPBU_s_ESTypeList@@@Z$2 10025900     libvcruntime:frame.obj
 0002:00007910       __unwindtable$?CallUnexpected@@YAXPBU_s_ESTypeList@@@Z 10025910     libvcruntime:frame.obj
 0002:00007920       __tryblocktable$?CallUnexpected@@YAXPBU_s_ESTypeList@@@Z 10025920     libvcruntime:frame.obj
 0002:00007934       __ehfuncinfo$?CallUnexpected@@YAXPBU_s_ESTypeList@@@Z 10025934     libvcruntime:frame.obj
 0002:00007958       __sehtable$??$BuildCatchObjectHelperInternal@V__FrameHandler3@@@@YAHPAUEHExceptionRecord@@PAXPBU_s_HandlerType@@PBU_s_CatchableType@@@Z 10025958     libvcruntime:frame.obj
 0002:00007978       __sehtable$??$BuildCatchObjectInternal@V__FrameHandler3@@@@YAXPAUEHExceptionRecord@@PAXPBU_s_HandlerType@@PBU_s_CatchableType@@@Z 10025978     libvcruntime:frame.obj
 0002:000079d0       __sehtable$___DestructExceptionObject 100259d0     libvcruntime:ehhelpers.obj
 0002:000079f0       __sehtable$?common_exit@@YAXHW4_crt_exit_cleanup_mode@@W4_crt_exit_return_mode@@@Z 100259f0     libucrt:exit.obj
 0002:00007a18       __sehtable$??$?RV<lambda_800076c951b434888f4765a74a194fcc>@@AAV<lambda_4e60a939b0d047cfe11ddc22648dfba9>@@V<lambda_6dbb1268764f43b569ce7b67e331d33a>@@@?$__crt_seh_guarded_call@H@@QAEH$$QAV<lambda_800076c951b434888f4765a74a194fcc>@@AAV<lambda_4e60a939b0d047cfe11ddc22648dfba9>@@$$QAV<lambda_6dbb1268764f43b569ce7b67e331d33a>@@@Z 10025a18     libucrt:onexit.obj
 0002:00007a38       __sehtable$??$?RV<lambda_995298e7d72eb4c2aab26c0585b3abe5>@@AAV<lambda_275893d493268fdec8709772e3fcec0e>@@V<lambda_293819299cbf9a7022e18b56a874bb5c>@@@?$__crt_seh_guarded_call@H@@QAEH$$QAV<lambda_995298e7d72eb4c2aab26c0585b3abe5>@@AAV<lambda_275893d493268fdec8709772e3fcec0e>@@$$QAV<lambda_293819299cbf9a7022e18b56a874bb5c>@@@Z 10025a38     libucrt:onexit.obj
 0002:00007a58       __sehtable$__query_new_handler 10025a58     libucrt:new_handler.obj
 0002:00007a78       __sehtable$_terminate      10025a78     libucrt:terminate.obj
 0002:00007a98       __sehtable$??$?RV<lambda_9df27f884b057bc3edfc946cb5b7cf47>@@AAV<lambda_e69574bed617af4e071282c136b37893>@@V<lambda_cc0d902bcbbeb830f749456577db4721>@@@?$__crt_seh_guarded_call@X@@QAEX$$QAV<lambda_9df27f884b057bc3edfc946cb5b7cf47>@@AAV<lambda_e69574bed617af4e071282c136b37893>@@$$QAV<lambda_cc0d902bcbbeb830f749456577db4721>@@@Z 10025a98     libucrt:per_thread_data.obj
 0002:00007ab8       __sehtable$??$?RV<lambda_3518db117f0e7cdb002338c5d3c47b6c>@@AAV<lambda_b2ea41f6bbb362cd97d94c6828d90b61>@@V<lambda_abdedf541bb04549bc734292b4a045d4>@@@?$__crt_seh_guarded_call@X@@QAEX$$QAV<lambda_3518db117f0e7cdb002338c5d3c47b6c>@@AAV<lambda_b2ea41f6bbb362cd97d94c6828d90b61>@@$$QAV<lambda_abdedf541bb04549bc734292b4a045d4>@@@Z 10025ab8     libucrt:per_thread_data.obj
 0002:00007ad8       __sehtable$??$?RV<lambda_51b6e8b1eb166f2a3faf91f424b38130>@@AAV<lambda_6250bd4b2a391816dd638c3bf72b0bcb>@@V<lambda_0b5a4a3e68152e1d9b943535f5f47bed>@@@?$__crt_seh_guarded_call@X@@QAEX$$QAV<lambda_51b6e8b1eb166f2a3faf91f424b38130>@@AAV<lambda_6250bd4b2a391816dd638c3bf72b0bcb>@@$$QAV<lambda_0b5a4a3e68152e1d9b943535f5f47bed>@@@Z 10025ad8     libucrt:per_thread_data.obj
 0002:00007af8       __sehtable$??$?RV<lambda_5b71d36f03204c0beab531769a5b5694>@@AAV<lambda_be2b3da3f62db62e9dad5dc70221a656>@@V<lambda_8f9ce462984622f9bf76b59e2aaaf805>@@@?$__crt_seh_guarded_call@X@@QAEX$$QAV<lambda_5b71d36f03204c0beab531769a5b5694>@@AAV<lambda_be2b3da3f62db62e9dad5dc70221a656>@@$$QAV<lambda_8f9ce462984622f9bf76b59e2aaaf805>@@@Z 10025af8     libucrt:per_thread_data.obj
 0002:00007b18       __sehtable$___acrt_uninitialize_locale 10025b18     libucrt:wsetlocale.obj
 0002:00007b38       __sehtable$___acrt_initialize_lowio 10025b38     libucrt:ioinit.obj
 0002:00007b58       __sehtable$___acrt_update_thread_multibyte_data 10025b58     libucrt:mbctype.obj
 0002:00007b78       __sehtable$??$?RV<lambda_978dc153c237d78434369da87b74ff60>@@AAV<lambda_ad1ced32f4ac17aa236e5ef05d6b3b7c>@@V<lambda_4a8533e2866a575feecb8298ce776b0d>@@@?$__crt_seh_guarded_call@X@@QAEX$$QAV<lambda_978dc153c237d78434369da87b74ff60>@@AAV<lambda_ad1ced32f4ac17aa236e5ef05d6b3b7c>@@$$QAV<lambda_4a8533e2866a575feecb8298ce776b0d>@@@Z 10025b78     libucrt:mbctype.obj
 0002:00007b98       __sehtable$_raise          10025b98     libucrt:signal.obj
 0002:00007bb8       __sehtable$??$?RV<lambda_a048d3beccc847880fc8490e18b82769>@@AAV<lambda_ec61778202f4f5fc7e7711acc23c3bca>@@V<lambda_f7496a158712204296dd6628a163878e>@@@?$__crt_seh_guarded_call@P6AXH@Z@@QAEP6AXH@Z$$QAV<lambda_a048d3beccc847880fc8490e18b82769>@@AAV<lambda_ec61778202f4f5fc7e7711acc23c3bca>@@$$QAV<lambda_f7496a158712204296dd6628a163878e>@@@Z 10025bb8     libucrt:signal.obj
 0002:00007bd8       __sehtable$___acrt_update_thread_locale_data 10025bd8     libucrt:locale_refcounting.obj
 0002:00007bf8       __sehtable$__fcloseall     10025bf8     libucrt:closeall.obj
 0002:00007c18       __sehtable$_common_flush_all 10025c18     libucrt:fflush.obj
 0002:00007c40       __sehtable$___acrt_lowio_ensure_fh_exists 10025c40     libucrt:osfinfo.obj
 0002:00007c60       __sehtable$__write         10025c60     libucrt:write.obj
 0002:00007c80       __sehtable$_fclose         10025c80     libucrt:fclose.obj
 0002:00007ca0       __sehtable$??$?RV<lambda_61cee617f5178ae960314fd4d05640a0>@@AAV<lambda_6978c1fb23f02e42e1d9e99668cc68aa>@@V<lambda_9cd88cf8ad10232537feb2133f08c833>@@@?$__crt_seh_guarded_call@H@@QAEH$$QAV<lambda_61cee617f5178ae960314fd4d05640a0>@@AAV<lambda_6978c1fb23f02e42e1d9e99668cc68aa>@@$$QAV<lambda_9cd88cf8ad10232537feb2133f08c833>@@@Z 10025ca0     libucrt:commit.obj
 0002:00007cc0       __sehtable$??$?RV<lambda_123407a5e2ac06da108355a851863b7a>@@AAV<lambda_2fe9b910cf3cbf4a0ab98a02ba45b3ec>@@V<lambda_ae55bdf541ad94d75914d381c370e64d>@@@?$__crt_seh_guarded_call@H@@QAEH$$QAV<lambda_123407a5e2ac06da108355a851863b7a>@@AAV<lambda_2fe9b910cf3cbf4a0ab98a02ba45b3ec>@@$$QAV<lambda_ae55bdf541ad94d75914d381c370e64d>@@@Z 10025cc0     libucrt:close.obj
 0002:00007ce0       __sehtable$__IsNonwritableInCurrentImage 10025ce0     LIBCMT:pesect.obj
 0002:00007d10       .edata                     10025d10     OPOSSigCap.exp
 0002:00007d38       rgpv                       10025d38     OPOSSigCap.exp
 0002:00007d48       rgszName                   10025d48     OPOSSigCap.exp
 0002:00007d58       rgwOrd                     10025d58     OPOSSigCap.exp
 0002:00007d60       szName                     10025d60     OPOSSigCap.exp
 0002:00007d6f       $N00001                    10025d6f     OPOSSigCap.exp
 0002:00007d7f       $N00002                    10025d7f     OPOSSigCap.exp
 0002:00007d91       $N00003                    10025d91     OPOSSigCap.exp
 0002:00007da3       $N00004                    10025da3     OPOSSigCap.exp
 0002:000083b6       .idata$6                   100263b6     kernel32:KERNEL32.dll
 0002:000085ca       .idata$6                   100265ca     user32:USER32.dll
 0002:000086fe       .idata$6                   100266fe     gdi32:GDI32.dll
 0002:000087a4       .idata$6                   100267a4     advapi32:ADVAPI32.dll
 0002:000088c0       .idata$6                   100268c0     ole32:ole32.dll
 0002:000088ca       .idata$6                   100268ca     oleaut32:OLEAUT32.dll
 0003:00000110       ?ObjectMap@@3PAU_ATL_OBJMAP_ENTRY30@ATL@@A 10027110     SigCap.obj
 0003:000001ac       ?s_RequiredMethodsPerRelease@@3PAHA 100271ac     SigCapImpl.obj
 0003:000001d8       ?s_SOMethodNames@@3PAPADA  100271d8     SigCapImpl.obj
 0003:00000250       ?__vcrt_flsindex@@3KA      10027250     libvcruntime:per_thread_data.obj
 0003:00000270       _errno_no_memory           10027270     libucrt:errno.obj
 0003:00000274       _doserrno_no_memory        10027274     libucrt:errno.obj
 0003:00000280       ___acrt_flsindex           10027280     libucrt:per_thread_data.obj
 0003:000003f4       ___rgctypeflag             100273f4     libucrt:mbctype.obj
 0003:000003f8       ___rgcode_page_info        100273f8     libucrt:mbctype.obj
 0003:00000b18       ?is_initialized_as_dll@@3_NA 10027b18     LIBCMT:utility.obj
 0003:00000b19       ?module_local_atexit_table_initialized@@3_NA 10027b19     LIBCMT:utility.obj
 0003:00000b1c       ?module_local_atexit_table@@3U_onexit_table_t@@A 10027b1c     LIBCMT:utility.obj
 0003:00000b28       ?module_local_at_quick_exit_table@@3U_onexit_table_t@@A 10027b28     LIBCMT:utility.obj
 0003:00000b34       ?_Tss_mutex@@3U_RTL_CRITICAL_SECTION@@A 10027b34     LIBCMT:thread_safe_statics.obj
 0003:00000b4c       ?_Tss_cv@@3U_RTL_CONDITION_VARIABLE@@A 10027b4c     LIBCMT:thread_safe_statics.obj
 0003:00000b50       ?_Tss_event@@3PAXA         10027b50     LIBCMT:thread_safe_statics.obj
 0003:00000b54       ?encoded_sleep_condition_variable_cs@@3P6GHPAU_RTL_CONDITION_VARIABLE@@PAU_RTL_CRITICAL_SECTION@@K@ZA 10027b54     LIBCMT:thread_safe_statics.obj
 0003:00000b58       ?encoded_wake_all_condition_variable@@3P6GXPAU_RTL_CONDITION_VARIABLE@@@ZA 10027b58     LIBCMT:thread_safe_statics.obj
 0003:00000b60       _GS_ExceptionRecord        10027b60     LIBCMT:gs_report.obj
 0003:00000bb0       _GS_ContextRecord          10027bb0     LIBCMT:gs_report.obj
 0003:00000e80       ?__proc_attached@@3HA      10027e80     LIBCMT:dll_dllmain.obj
 0003:00000edc       ?AllocateData@@3P6GPAUAtlThunkData_t@@XZA 10027edc     atls:atlthunk.obj
 0003:00000ee0       ?InitData@@3P6GXPAUAtlThunkData_t@@PAXI@ZA 10027ee0     atls:atlthunk.obj
 0003:00000ee4       ?DataToCode@@3P6GP6GJPAUHWND__@@IIJ@ZPAUAtlThunkData_t@@@ZA 10027ee4     atls:atlthunk.obj
 0003:00000ee8       ?FreeData@@3P6GXPAUAtlThunkData_t@@@ZA 10027ee8     atls:atlthunk.obj
 0003:00000eec       ?Initialized@@3_NA         10027eec     atls:atlthunk.obj
 0003:00000ef8       ?__vcrt_startup_thread_ptd@@3U__vcrt_ptd@@A 10027ef8     libvcruntime:per_thread_data.obj
 0003:00000f20       ___vcrt_lock_table         10027f20     libvcruntime:locks.obj
 0003:00000f38       ___vcrt_locks_initialized  10027f38     libvcruntime:locks.obj
 0003:00000f3c       ?module_handles@@3PAPAUHINSTANCE__@@A 10027f3c     libvcruntime:winapi_downlevel.obj
 0003:00000f48       ?encoded_function_pointers@@3PAPAXA 10027f48     libvcruntime:winapi_downlevel.obj
 0003:00000f84       ?heap@@3V_HeapManager@@A   10027f84     libvcruntime:undname.obj
 0003:00000f9c       ___acrt_invalid_parameter_handler 10027f9c     libucrt:invalid_parameter.obj
 0003:00000fa0       _c_termination_complete    10027fa0     libucrt:exit.obj
 0003:00000fa4       _thread_local_exit_callback_func 10027fa4     libucrt:exit.obj
 0003:00000fa8       ?c_exit_complete@?5??common_exit@@YAXHW4_crt_exit_cleanup_mode@@W4_crt_exit_return_mode@@@Z@4_NA 10027fa8     libucrt:exit.obj
 0003:00000fb0       ?program_name@?5???$common_configure_argv@D@@YAHW4_crt_argv_mode@@@Z@4PADA 10027fb0     libucrt:argv_parsing.obj
 0003:000010e0       ___acrt_new_handler        100280e0     libucrt:new_handler.obj
 0003:000010e8       _module_handles            100280e8     libucrt:winapi_thunks.obj
 0003:00001138       _encoded_function_pointers 10028138     libucrt:winapi_thunks.obj
 0003:000011b8       ?state_cache@?1??__acrt_is_packaged_app@@9@4JA 100281b8     libucrt:winapi_thunks.obj
 0003:000011c4       _enable_percent_n          100281c4     libucrt:printf_count_output.obj
 0003:000013e0       ___acrt_lock_table         100283e0     libucrt:locks.obj
 0003:00001518       ___acrt_locks_initialized  10028518     libucrt:locks.obj
 0003:00001534       _fSystemSet                10028534     libucrt:mbctype.obj
 0003:00001538       ?initialized@?1??__acrt_initialize_multibyte@@9@4_NA 10028538     libucrt:mbctype.obj
 0003:00001558       _ctrlc_action              10028558     libucrt:signal.obj
 0003:0000155c       _ctrlbreak_action          1002855c     libucrt:signal.obj
 0003:00001560       _abort_action              10028560     libucrt:signal.obj
 0003:00001564       _term_action               10028564     libucrt:signal.obj
 0003:00001568       _user_matherr              10028568     libucrt:matherr.obj
 0003:0000156c       ___acrt_global_new_mode    1002856c     libucrt:new_mode.obj
 0003:00001578       ___acrt_app_type           10028578     libucrt:report_runtime_error.obj
 0003:00001580       __pmatherr_set             10028580     libucrt:libm_error.obj
 0004:00000220       $R000000                   10029220     SigCap.res
 0004:00000b78       $R000958                   10029b78     SigCap.res
 0004:00000c60       $R000A40                   10029c60     SigCap.res
 0004:00000ec8       $R000CA8                   10029ec8     SigCap.res
 0004:000013d0       $R0011B0                   1002a3d0     SigCap.res
 0004:00003f70       $R003D50                   1002cf70     SigCap.res
 0004:00003fa0       $R003D80                   1002cfa0     SigCap.res
