 OPOSImageScanner

 Timestamp is 5c443859 (Sun Jan 20 17:59:05 2019)

 Preferred load address is 10000000

 Start         Length     Name                   Class
 0001:00000000 00000080H .text$di                CODE
 0001:00000080 0001cd6bH .text$mn                CODE
 0001:0001cdeb 00000051H .text$x                 CODE
 0001:0001ce3c 00000042H .text$yd                CODE
 0002:00000000 00000300H .idata$5                DATA
 0002:00000300 00000004H .00cfg                  DATA
 0002:00000304 00000004H .CRT$XCA                DATA
 0002:00000308 00000004H .CRT$XCL                DATA
 0002:0000030c 00000010H .CRT$XCU                DATA
 0002:0000031c 00000004H .CRT$XCZ                DATA
 0002:00000320 00000004H .CRT$XIA                DATA
 0002:00000324 00000010H .CRT$XIC                DATA
 0002:00000334 00000004H .CRT$XIZ                DATA
 0002:00000338 00000004H .CRT$XLA                DATA
 0002:0000033c 00000004H .CRT$XLZ                DATA
 0002:00000340 00000004H .CRT$XPA                DATA
 0002:00000344 00000008H .CRT$XPX                DATA
 0002:0000034c 00000004H .CRT$XPXA               DATA
 0002:00000350 00000004H .CRT$XPZ                DATA
 0002:00000354 00000004H .CRT$XTA                DATA
 0002:00000358 00000008H .CRT$XTZ                DATA
 0002:0000035c 00000000H .gfids$x                DATA
 0002:0000035c 00000000H .gfids$y                DATA
 0002:00000360 00006e18H .rdata                  DATA
 0002:00007178 00000018H .rdata$T                DATA
 0002:00007190 00000180H .rdata$r                DATA
 0002:00007310 00000020H .rdata$sxdata           DATA
 0002:00007330 000003e0H .rdata$zzzdbg           DATA
 0002:00007710 00000004H .rtc$IAA                DATA
 0002:00007714 00000004H .rtc$IZZ                DATA
 0002:00007718 00000004H .rtc$TAA                DATA
 0002:0000771c 00000004H .rtc$TZZ                DATA
 0002:00007720 00000004H .tls                    DATA
 0002:00007724 00000004H .tls$                   DATA
 0002:00007728 00000008H .tls$ZZZ                DATA
 0002:00007730 000005f4H .xdata$x                DATA
 0002:00007d24 00000004H ATL$__a                 DATA
 0002:00007d28 00000008H ATL$__z                 DATA
 0002:00007d30 000000b0H .edata                  DATA
 0002:00007de0 00000078H .idata$2                DATA
 0002:00007e58 00000014H .idata$3                DATA
 0002:00007e6c 00000300H .idata$4                DATA
 0002:0000816c 00000bdeH .idata$6                DATA
 0003:00000000 00000980H .data                   DATA
 0003:00000980 00000098H .data$r                 DATA
 0003:00000a18 00000b5cH .bss                    DATA
 0004:00000000 00000220H .rsrc$01                DATA
 0004:00000220 00004350H .rsrc$02                DATA

  Address         Publics by Value              Rva+Base       Lib:Object

 0000:00000000       ___guard_fids_count        00000000     <absolute>
 0000:00000000       ___hybrid_code_map_count   00000000     <absolute>
 0000:00000000       ___guard_iat_count         00000000     <absolute>
 0000:00000000       ___dynamic_value_reloc_table 00000000     <absolute>
 0000:00000000       ___guard_longjmp_count     00000000     <absolute>
 0000:00000000       __except_list              00000000     <absolute>
 0000:00000000       ___guard_fids_table        00000000     <absolute>
 0000:00000000       ___guard_longjmp_table     00000000     <absolute>
 0000:00000000       ___hybrid_auxiliary_iat    00000000     <absolute>
 0000:00000000       ___guard_iat_table         00000000     <absolute>
 0000:00000000       ___volatile_metadata       00000000     <absolute>
 0000:00000000       ___enclave_config          00000000     <absolute>
 0000:00000000       ___hybrid_code_map         00000000     <absolute>
 0000:00000008       ___safe_se_handler_count   00000008     <absolute>
 0000:0000002c       __tls_array                0000002c     <absolute>
 0000:00000100       ___guard_flags             00000100     <absolute>
 0000:00000000       ___ImageBase               10000000     <linker-defined>
 0001:00000080       ?DupWide@_CW@@AAEXXZ       10001080 f   CWString.obj
 0001:0000009c       ?cw_dup@@YGXPBDAAHAAPA_W1@Z 1000109c f   CWString.obj
 0001:0000010b       ?cw_memcpy@@YGHPA_WPBDH@Z  1000110b f   CWString.obj
 0001:00000137       ?cw_strcpy@@YAHPA_WPBD@Z   10001137 f   CWString.obj
 0001:0000014a       ?cw_strlen@@YAHPBD@Z       1000114a f   CWString.obj
 0001:00000163       ??0CAtlComModule@ATL@@QAE@XZ 10001163 f i OposVariant.obj
 0001:000001a8       ??0CAtlWinModule@ATL@@QAE@XZ 100011a8 f i OposVariant.obj
 0001:000001df       ??0OposDispParms@@QAE@PAVOposVariant@@H@Z 100011df f   OposVariant.obj
 0001:00000250       ??1OposDispParms@@QAE@XZ   10001250 f   OposVariant.obj
 0001:0000025e       ??A?$CSimpleArray@GV?$CSimpleArrayEqualHelper@G@ATL@@@ATL@@QAEAAGH@Z 1000125e f i OposVariant.obj
 0001:00000283       ??_Estringdispid@CComTypeInfoHolder@ATL@@QAEPAXI@Z 10001283 f i OposVariant.obj
 0001:000002ef       ?AtlWinModuleInit@ATL@@YGJPAU_ATL_WIN_MODULE70@1@@Z 100012ef f i OposVariant.obj
 0001:00000315       ?AtlWinModuleTerm@ATL@@YGJPAU_ATL_WIN_MODULE70@1@PAUHINSTANCE__@@@Z 10001315 f i OposVariant.obj
 0001:00000378       ?ChangeBSTR@OposVariant@@QAEXPAPA_WAAJ@Z 10001378 f   OposVariant.obj
 0001:000003b9       ?ChangeLONG@OposVariant@@QAEXPAJAAJ@Z 100013b9 f   OposVariant.obj
 0001:000003fa       ?GetLONG@OposVariant@@QAEJXZ 100013fa f   OposVariant.obj
 0001:00000415       ?Init@CComCriticalSection@ATL@@QAEJXZ 10001415 f i OposVariant.obj
 0001:0000043d       ?RemoveAll@?$CSimpleArray@GV?$CSimpleArrayEqualHelper@G@ATL@@@ATL@@QAEXXZ 1000143d f i OposVariant.obj
 0001:0000043d       ?RemoveAll@?$CSimpleArray@PAUHINSTANCE__@@V?$CSimpleArrayEqualHelper@PAUHINSTANCE__@@@ATL@@@ATL@@QAEXXZ 1000143d f i atls:atlbase.obj
 0001:0000045a       ?SetBSTR@OposVariant@@QAEXPA_WAAJ@Z 1000145a f   OposVariant.obj
 0001:0000048e       ?SetBSTR_Copy@OposVariant@@QAEXPA_WAAJ@Z 1000148e f   OposVariant.obj
 0001:000004de       ?SetBSTR_InOutPtr@OposVariant@@QAE_NPAPA_WAAJ@Z 100014de f   OposVariant.obj
 0001:00000515       ?SetDispatch_Ptr@OposVariant@@QAEXPAUIDispatch@@AAJ@Z 10001515 f   OposVariant.obj
 0001:00000550       ?SetLONG@OposVariant@@QAEXJ@Z 10001550 f   OposVariant.obj
 0001:00000572       ?SetLONG_Ptr@OposVariant@@QAEXPAJAAJ@Z 10001572 f   OposVariant.obj
 0001:000005a5       ?SetString@OposVariant@@QAEXPB_WAAJ@Z 100015a5 f   OposVariant.obj
 0001:000005eb       ?SetVARIANT_BOOL@OposVariant@@QAEXF@Z 100015eb f   OposVariant.obj
 0001:00000615       ?Term@CAtlComModule@ATL@@QAEXXZ 10001615 f i OposVariant.obj
 0001:0000065f       ?_AtlRaiseException@ATL@@YAXKK@Z 1000165f f i OposVariant.obj
 0001:00000674       ?AddRef@?$CComObjectCached@VCComClassFactory@ATL@@@ATL@@UAGKXZ 10001674 f i ImageScanner.obj
 0001:0000069b       ?Release@?$CComObjectCached@VCComClassFactory@ATL@@@ATL@@UAGKXZ 1000169b f i ImageScanner.obj
 0001:000006d1       ?QueryInterface@?$CComObjectCached@VCComClassFactory@ATL@@@ATL@@UAGJABU_GUID@@PAPAX@Z 100016d1 f i ImageScanner.obj
 0001:000006eb       ??_E?$CComObjectCached@VCComClassFactory@ATL@@@ATL@@UAEPAXI@Z 100016eb f i ImageScanner.obj
 0001:000006eb       ??_G?$CComObjectCached@VCComClassFactory@ATL@@@ATL@@UAEPAXI@Z 100016eb f i ImageScanner.obj
 0001:0000070d       ?AddRef@?$CComAggObject@VCOPOSImageScanner@@@ATL@@UAGKXZ 1000170d f i ImageScanner.obj
 0001:0000071e       ?Release@?$CComAggObject@VCOPOSImageScanner@@@ATL@@UAGKXZ 1000171e f i ImageScanner.obj
 0001:0000075a       ?QueryInterface@?$CComAggObject@VCOPOSImageScanner@@@ATL@@UAGJABU_GUID@@PAPAX@Z 1000175a f i ImageScanner.obj
 0001:000007a9       ?AddRef@?$CComContainedObject@VCOPOSImageScanner@@@ATL@@UAGKXZ 100017a9 f i ImageScanner.obj
 0001:000007bf       ?Release@?$CComContainedObject@VCOPOSImageScanner@@@ATL@@UAGKXZ 100017bf f i ImageScanner.obj
 0001:000007d5       ?QueryInterface@?$CComContainedObject@VCOPOSImageScanner@@@ATL@@UAGJABU_GUID@@PAPAX@Z 100017d5 f i ImageScanner.obj
 0001:000007f0       ??_G?$CComAggObject@VCOPOSImageScanner@@@ATL@@UAEPAXI@Z 100017f0 f i ImageScanner.obj
 0001:000007f0       ??_E?$CComAggObject@VCOPOSImageScanner@@@ATL@@UAEPAXI@Z 100017f0 f i ImageScanner.obj
 0001:00000815       ?AddRef@?$CComObject@VCOPOSImageScanner@@@ATL@@UAGKXZ 10001815 f i ImageScanner.obj
 0001:0000082c       ?Release@?$CComObject@VCOPOSImageScanner@@@ATL@@UAGKXZ 1000182c f i ImageScanner.obj
 0001:0000086e       ?QueryInterface@?$CComObject@VCOPOSImageScanner@@@ATL@@UAGJABU_GUID@@PAPAX@Z 1000186e f i ImageScanner.obj
 0001:00000888       ?ObjectMain@CComObjectRootBase@ATL@@SGX_N@Z 10001888 f i ImageScanner.obj
 0001:00000888       ?OnFinalMessage@?$CWindowImplBaseT@VCWindow@ATL@@V?$CWinTraits@$0FGAAAAAA@$0A@@2@@ATL@@UAEXPAUHWND__@@@Z 10001888 f i ImageScanner.obj
 0001:0000088b       ?GetCategoryMap@CComObjectRootBase@ATL@@SAPBU_ATL_CATMAP_ENTRY@2@XZ 1000188b f i ImageScanner.obj
 0001:0000088b       ?GetObjectDescription@?$CComCoClass@VCOPOSImageScanner@@$1?CLSID_OPOSImageScanner@@3U_GUID@@B@ATL@@SGPB_WXZ 1000188b f i ImageScanner.obj
 0001:0000088e       ?CreateInstance@CComClassFactory@ATL@@UAGJPAUIUnknown@@ABU_GUID@@PAPAX@Z 1000188e f i ImageScanner.obj
 0001:000008cc       ?LockServer@CComClassFactory@ATL@@UAGJH@Z 100018cc f i ImageScanner.obj
 0001:000008eb       ??_GCComClassFactory@ATL@@UAEPAXI@Z 100018eb f i ImageScanner.obj
 0001:000008eb       ??_ECComClassFactory@ATL@@UAEPAXI@Z 100018eb f i ImageScanner.obj
 0001:00000916       ?OnDrawAdvanced@CComControlBase@ATL@@UAEJAAUATL_DRAWINFO@@@Z 10001916 f i ImageScanner.obj
 0001:00000a05       ?Next@?$CComEnumImpl@UIEnumConnections@@$1?_GUID_b196b287_bab4_101a_b69c_00aa00341d07@@3U__s_GUID@@BUtagCONNECTDATA@@V?$_Copy@UtagCONNECTDATA@@@ATL@@@ATL@@UAGJKPAUtagCONNECTDATA@@PAK@Z 10001a05 f i ImageScanner.obj
 0001:00000adc       ?Skip@?$CComEnumImpl@UIEnumConnections@@$1?_GUID_b196b287_bab4_101a_b69c_00aa00341d07@@3U__s_GUID@@BUtagCONNECTDATA@@V?$_Copy@UtagCONNECTDATA@@@ATL@@@ATL@@UAGJK@Z 10001adc f i ImageScanner.obj
 0001:00000b09       ?Reset@?$CComEnumImpl@UIEnumConnectionPoints@@$1?_GUID_b196b285_bab4_101a_b69c_00aa00341d07@@3U__s_GUID@@BPAUIConnectionPoint@@V?$_CopyInterface@UIConnectionPoint@@@ATL@@@ATL@@UAGJXZ 10001b09 f i ImageScanner.obj
 0001:00000b09       ?Reset@?$CComEnumImpl@UIEnumConnections@@$1?_GUID_b196b287_bab4_101a_b69c_00aa00341d07@@3U__s_GUID@@BUtagCONNECTDATA@@V?$_Copy@UtagCONNECTDATA@@@ATL@@@ATL@@UAGJXZ 10001b09 f i ImageScanner.obj
 0001:00000b1b       ?Clone@?$CComEnumImpl@UIEnumConnections@@$1?_GUID_b196b287_bab4_101a_b69c_00aa00341d07@@3U__s_GUID@@BUtagCONNECTDATA@@V?$_Copy@UtagCONNECTDATA@@@ATL@@@ATL@@UAGJPAPAUIEnumConnections@@@Z 10001b1b f i ImageScanner.obj
 0001:00000bfa       ?AddRef@?$CComObject@V?$CComEnum@UIEnumConnections@@$1?_GUID_b196b287_bab4_101a_b69c_00aa00341d07@@3U__s_GUID@@BUtagCONNECTDATA@@V?$_Copy@UtagCONNECTDATA@@@ATL@@VCComSingleThreadModel@6@@ATL@@@ATL@@UAGKXZ 10001bfa f i ImageScanner.obj
 0001:00000bfa       ?AddRef@?$CComObject@V?$CComEnum@UIEnumConnectionPoints@@$1?_GUID_b196b285_bab4_101a_b69c_00aa00341d07@@3U__s_GUID@@BPAUIConnectionPoint@@V?$_CopyInterface@UIConnectionPoint@@@ATL@@VCComSingleThreadModel@6@@ATL@@@ATL@@UAGKXZ 10001bfa f i ImageScanner.obj
 0001:00000c0b       ?Release@?$CComObject@V?$CComEnum@UIEnumConnectionPoints@@$1?_GUID_b196b285_bab4_101a_b69c_00aa00341d07@@3U__s_GUID@@BPAUIConnectionPoint@@V?$_CopyInterface@UIConnectionPoint@@@ATL@@VCComSingleThreadModel@6@@ATL@@@ATL@@UAGKXZ 10001c0b f i ImageScanner.obj
 0001:00000c0b       ?Release@?$CComObject@V?$CComEnum@UIEnumConnections@@$1?_GUID_b196b287_bab4_101a_b69c_00aa00341d07@@3U__s_GUID@@BUtagCONNECTDATA@@V?$_Copy@UtagCONNECTDATA@@@ATL@@VCComSingleThreadModel@6@@ATL@@@ATL@@UAGKXZ 10001c0b f i ImageScanner.obj
 0001:00000c47       ?QueryInterface@?$CComObject@V?$CComEnum@UIEnumConnections@@$1?_GUID_b196b287_bab4_101a_b69c_00aa00341d07@@3U__s_GUID@@BUtagCONNECTDATA@@V?$_Copy@UtagCONNECTDATA@@@ATL@@VCComSingleThreadModel@6@@ATL@@@ATL@@UAGJABU_GUID@@PAPAX@Z 10001c47 f i ImageScanner.obj
 0001:00000c61       ??_E?$CComObject@V?$CComEnum@UIEnumConnections@@$1?_GUID_b196b287_bab4_101a_b69c_00aa00341d07@@3U__s_GUID@@BUtagCONNECTDATA@@V?$_Copy@UtagCONNECTDATA@@@ATL@@VCComSingleThreadModel@6@@ATL@@@ATL@@UAEPAXI@Z 10001c61 f i ImageScanner.obj
 0001:00000c61       ??_G?$CComObject@V?$CComEnum@UIEnumConnections@@$1?_GUID_b196b287_bab4_101a_b69c_00aa00341d07@@3U__s_GUID@@BUtagCONNECTDATA@@V?$_Copy@UtagCONNECTDATA@@@ATL@@VCComSingleThreadModel@6@@ATL@@@ATL@@UAEPAXI@Z 10001c61 f i ImageScanner.obj
 0001:00000c83       ??_E?$CComObject@VCOPOSImageScanner@@@ATL@@W3AEPAXI@Z 10001c83 f i ImageScanner.obj
 0001:00000c8b       ??_E?$CComObject@VCOPOSImageScanner@@@ATL@@WEM@AEPAXI@Z 10001c8b f i ImageScanner.obj
 0001:00000c93       ?QueryInterface@?$CComObject@VCOPOSImageScanner@@@ATL@@WHA@AGJABU_GUID@@PAPAX@Z 10001c93 f i ImageScanner.obj
 0001:00000c9d       ?AddRef@?$CComObject@VCOPOSImageScanner@@@ATL@@WHA@AGKXZ 10001c9d f i ImageScanner.obj
 0001:00000ca7       ?Release@?$CComObject@VCOPOSImageScanner@@@ATL@@WHA@AGKXZ 10001ca7 f i ImageScanner.obj
 0001:00000cb1       ?QueryInterface@?$CComObject@VCOPOSImageScanner@@@ATL@@WHE@AGJABU_GUID@@PAPAX@Z 10001cb1 f i ImageScanner.obj
 0001:00000cbb       ?AddRef@?$CComObject@VCOPOSImageScanner@@@ATL@@WHE@AGKXZ 10001cbb f i ImageScanner.obj
 0001:00000cc5       ?Release@?$CComObject@VCOPOSImageScanner@@@ATL@@WHE@AGKXZ 10001cc5 f i ImageScanner.obj
 0001:00000ccf       ?QueryInterface@?$CComObject@VCOPOSImageScanner@@@ATL@@WHI@AGJABU_GUID@@PAPAX@Z 10001ccf f i ImageScanner.obj
 0001:00000cd9       ?AddRef@?$CComObject@VCOPOSImageScanner@@@ATL@@WHI@AGKXZ 10001cd9 f i ImageScanner.obj
 0001:00000ce3       ?Release@?$CComObject@VCOPOSImageScanner@@@ATL@@WHI@AGKXZ 10001ce3 f i ImageScanner.obj
 0001:00000ced       ?QueryInterface@?$CComObject@VCOPOSImageScanner@@@ATL@@WHM@AGJABU_GUID@@PAPAX@Z 10001ced f i ImageScanner.obj
 0001:00000cf7       ?AddRef@?$CComObject@VCOPOSImageScanner@@@ATL@@WHM@AGKXZ 10001cf7 f i ImageScanner.obj
 0001:00000d01       ?Release@?$CComObject@VCOPOSImageScanner@@@ATL@@WHM@AGKXZ 10001d01 f i ImageScanner.obj
 0001:00000d0b       ?QueryInterface@?$CComObject@VCOPOSImageScanner@@@ATL@@WIA@AGJABU_GUID@@PAPAX@Z 10001d0b f i ImageScanner.obj
 0001:00000d18       ?AddRef@?$CComObject@VCOPOSImageScanner@@@ATL@@WIA@AGKXZ 10001d18 f i ImageScanner.obj
 0001:00000d25       ?Release@?$CComObject@VCOPOSImageScanner@@@ATL@@WIA@AGKXZ 10001d25 f i ImageScanner.obj
 0001:00000d32       ?QueryInterface@?$CComObject@VCOPOSImageScanner@@@ATL@@WIE@AGJABU_GUID@@PAPAX@Z 10001d32 f i ImageScanner.obj
 0001:00000d3f       ?AddRef@?$CComObject@VCOPOSImageScanner@@@ATL@@WIE@AGKXZ 10001d3f f i ImageScanner.obj
 0001:00000d4c       ?Release@?$CComObject@VCOPOSImageScanner@@@ATL@@WIE@AGKXZ 10001d4c f i ImageScanner.obj
 0001:00000d59       ?QueryInterface@?$CComObject@VCOPOSImageScanner@@@ATL@@WII@AGJABU_GUID@@PAPAX@Z 10001d59 f i ImageScanner.obj
 0001:00000d66       ?AddRef@?$CComObject@VCOPOSImageScanner@@@ATL@@WII@AGKXZ 10001d66 f i ImageScanner.obj
 0001:00000d73       ?Release@?$CComObject@VCOPOSImageScanner@@@ATL@@WII@AGKXZ 10001d73 f i ImageScanner.obj
 0001:00000d80       ?QueryInterface@?$CComObject@VCOPOSImageScanner@@@ATL@@WIM@AGJABU_GUID@@PAPAX@Z 10001d80 f i ImageScanner.obj
 0001:00000d8d       ?AddRef@?$CComObject@VCOPOSImageScanner@@@ATL@@WIM@AGKXZ 10001d8d f i ImageScanner.obj
 0001:00000d9a       ?Release@?$CComObject@VCOPOSImageScanner@@@ATL@@WIM@AGKXZ 10001d9a f i ImageScanner.obj
 0001:00000da7       ?QueryInterface@?$CComObject@VCOPOSImageScanner@@@ATL@@WJA@AGJABU_GUID@@PAPAX@Z 10001da7 f i ImageScanner.obj
 0001:00000db4       ?AddRef@?$CComObject@VCOPOSImageScanner@@@ATL@@WJA@AGKXZ 10001db4 f i ImageScanner.obj
 0001:00000dc1       ?Release@?$CComObject@VCOPOSImageScanner@@@ATL@@WJA@AGKXZ 10001dc1 f i ImageScanner.obj
 0001:00000dce       ?QueryInterface@?$CComObject@VCOPOSImageScanner@@@ATL@@WJE@AGJABU_GUID@@PAPAX@Z 10001dce f i ImageScanner.obj
 0001:00000ddb       ?AddRef@?$CComObject@VCOPOSImageScanner@@@ATL@@WJE@AGKXZ 10001ddb f i ImageScanner.obj
 0001:00000de8       ?Release@?$CComObject@VCOPOSImageScanner@@@ATL@@WJE@AGKXZ 10001de8 f i ImageScanner.obj
 0001:00000df5       ?QueryInterface@?$CComObject@VCOPOSImageScanner@@@ATL@@WJI@AGJABU_GUID@@PAPAX@Z 10001df5 f i ImageScanner.obj
 0001:00000e02       ?AddRef@?$CComObject@VCOPOSImageScanner@@@ATL@@WJI@AGKXZ 10001e02 f i ImageScanner.obj
 0001:00000e0f       ?Release@?$CComObject@VCOPOSImageScanner@@@ATL@@WJI@AGKXZ 10001e0f f i ImageScanner.obj
 0001:00000e1c       ?QueryInterface@?$CComObject@VCOPOSImageScanner@@@ATL@@WJM@AGJABU_GUID@@PAPAX@Z 10001e1c f i ImageScanner.obj
 0001:00000e29       ?AddRef@?$CComObject@VCOPOSImageScanner@@@ATL@@WJM@AGKXZ 10001e29 f i ImageScanner.obj
 0001:00000e36       ?Release@?$CComObject@VCOPOSImageScanner@@@ATL@@WJM@AGKXZ 10001e36 f i ImageScanner.obj
 0001:00000e43       ?QueryInterface@?$CComObject@VCOPOSImageScanner@@@ATL@@WKA@AGJABU_GUID@@PAPAX@Z 10001e43 f i ImageScanner.obj
 0001:00000e50       ?AddRef@?$CComObject@VCOPOSImageScanner@@@ATL@@WKA@AGKXZ 10001e50 f i ImageScanner.obj
 0001:00000e5d       ?Release@?$CComObject@VCOPOSImageScanner@@@ATL@@WKA@AGKXZ 10001e5d f i ImageScanner.obj
 0001:00000e6a       ?AddRef@?$CComObject@VCOPOSImageScanner@@@ATL@@WKI@AGKXZ 10001e6a f i ImageScanner.obj
 0001:00000e77       ?Release@?$CComObject@VCOPOSImageScanner@@@ATL@@WKI@AGKXZ 10001e77 f i ImageScanner.obj
 0001:00000e84       ?AddRef@?$CComObject@VCOPOSImageScanner@@@ATL@@WLE@AGKXZ 10001e84 f i ImageScanner.obj
 0001:00000e91       ?Release@?$CComObject@VCOPOSImageScanner@@@ATL@@WLE@AGKXZ 10001e91 f i ImageScanner.obj
 0001:00000e9e       ??_E?$CComContainedObject@VCOPOSImageScanner@@@ATL@@W3AEPAXI@Z 10001e9e f i ImageScanner.obj
 0001:00000ea6       ??_E?$CComContainedObject@VCOPOSImageScanner@@@ATL@@WEM@AEPAXI@Z 10001ea6 f i ImageScanner.obj
 0001:00000eae       ?QueryInterface@?$CComContainedObject@VCOPOSImageScanner@@@ATL@@WHA@AGJABU_GUID@@PAPAX@Z 10001eae f i ImageScanner.obj
 0001:00000eb8       ?AddRef@?$CComContainedObject@VCOPOSImageScanner@@@ATL@@WHA@AGKXZ 10001eb8 f i ImageScanner.obj
 0001:00000ec2       ?Release@?$CComContainedObject@VCOPOSImageScanner@@@ATL@@WHA@AGKXZ 10001ec2 f i ImageScanner.obj
 0001:00000ecc       ?QueryInterface@?$CComContainedObject@VCOPOSImageScanner@@@ATL@@WHE@AGJABU_GUID@@PAPAX@Z 10001ecc f i ImageScanner.obj
 0001:00000ed6       ?AddRef@?$CComContainedObject@VCOPOSImageScanner@@@ATL@@WHE@AGKXZ 10001ed6 f i ImageScanner.obj
 0001:00000ee0       ?Release@?$CComContainedObject@VCOPOSImageScanner@@@ATL@@WHE@AGKXZ 10001ee0 f i ImageScanner.obj
 0001:00000eea       ?QueryInterface@?$CComContainedObject@VCOPOSImageScanner@@@ATL@@WHI@AGJABU_GUID@@PAPAX@Z 10001eea f i ImageScanner.obj
 0001:00000ef4       ?AddRef@?$CComContainedObject@VCOPOSImageScanner@@@ATL@@WHI@AGKXZ 10001ef4 f i ImageScanner.obj
 0001:00000efe       ?Release@?$CComContainedObject@VCOPOSImageScanner@@@ATL@@WHI@AGKXZ 10001efe f i ImageScanner.obj
 0001:00000f08       ?QueryInterface@?$CComContainedObject@VCOPOSImageScanner@@@ATL@@WHM@AGJABU_GUID@@PAPAX@Z 10001f08 f i ImageScanner.obj
 0001:00000f12       ?AddRef@?$CComContainedObject@VCOPOSImageScanner@@@ATL@@WHM@AGKXZ 10001f12 f i ImageScanner.obj
 0001:00000f1c       ?Release@?$CComContainedObject@VCOPOSImageScanner@@@ATL@@WHM@AGKXZ 10001f1c f i ImageScanner.obj
 0001:00000f26       ?QueryInterface@?$CComContainedObject@VCOPOSImageScanner@@@ATL@@WIA@AGJABU_GUID@@PAPAX@Z 10001f26 f i ImageScanner.obj
 0001:00000f33       ?AddRef@?$CComContainedObject@VCOPOSImageScanner@@@ATL@@WIA@AGKXZ 10001f33 f i ImageScanner.obj
 0001:00000f40       ?Release@?$CComContainedObject@VCOPOSImageScanner@@@ATL@@WIA@AGKXZ 10001f40 f i ImageScanner.obj
 0001:00000f4d       ?QueryInterface@?$CComContainedObject@VCOPOSImageScanner@@@ATL@@WIE@AGJABU_GUID@@PAPAX@Z 10001f4d f i ImageScanner.obj
 0001:00000f5a       ?AddRef@?$CComContainedObject@VCOPOSImageScanner@@@ATL@@WIE@AGKXZ 10001f5a f i ImageScanner.obj
 0001:00000f67       ?Release@?$CComContainedObject@VCOPOSImageScanner@@@ATL@@WIE@AGKXZ 10001f67 f i ImageScanner.obj
 0001:00000f74       ?QueryInterface@?$CComContainedObject@VCOPOSImageScanner@@@ATL@@WII@AGJABU_GUID@@PAPAX@Z 10001f74 f i ImageScanner.obj
 0001:00000f81       ?AddRef@?$CComContainedObject@VCOPOSImageScanner@@@ATL@@WII@AGKXZ 10001f81 f i ImageScanner.obj
 0001:00000f8e       ?Release@?$CComContainedObject@VCOPOSImageScanner@@@ATL@@WII@AGKXZ 10001f8e f i ImageScanner.obj
 0001:00000f9b       ?QueryInterface@?$CComContainedObject@VCOPOSImageScanner@@@ATL@@WIM@AGJABU_GUID@@PAPAX@Z 10001f9b f i ImageScanner.obj
 0001:00000fa8       ?AddRef@?$CComContainedObject@VCOPOSImageScanner@@@ATL@@WIM@AGKXZ 10001fa8 f i ImageScanner.obj
 0001:00000fb5       ?Release@?$CComContainedObject@VCOPOSImageScanner@@@ATL@@WIM@AGKXZ 10001fb5 f i ImageScanner.obj
 0001:00000fc2       ?QueryInterface@?$CComContainedObject@VCOPOSImageScanner@@@ATL@@WJA@AGJABU_GUID@@PAPAX@Z 10001fc2 f i ImageScanner.obj
 0001:00000fcf       ?AddRef@?$CComContainedObject@VCOPOSImageScanner@@@ATL@@WJA@AGKXZ 10001fcf f i ImageScanner.obj
 0001:00000fdc       ?Release@?$CComContainedObject@VCOPOSImageScanner@@@ATL@@WJA@AGKXZ 10001fdc f i ImageScanner.obj
 0001:00000fe9       ?QueryInterface@?$CComContainedObject@VCOPOSImageScanner@@@ATL@@WJE@AGJABU_GUID@@PAPAX@Z 10001fe9 f i ImageScanner.obj
 0001:00000ff6       ?AddRef@?$CComContainedObject@VCOPOSImageScanner@@@ATL@@WJE@AGKXZ 10001ff6 f i ImageScanner.obj
 0001:00001003       ?Release@?$CComContainedObject@VCOPOSImageScanner@@@ATL@@WJE@AGKXZ 10002003 f i ImageScanner.obj
 0001:00001010       ?QueryInterface@?$CComContainedObject@VCOPOSImageScanner@@@ATL@@WJI@AGJABU_GUID@@PAPAX@Z 10002010 f i ImageScanner.obj
 0001:0000101d       ?AddRef@?$CComContainedObject@VCOPOSImageScanner@@@ATL@@WJI@AGKXZ 1000201d f i ImageScanner.obj
 0001:0000102a       ?Release@?$CComContainedObject@VCOPOSImageScanner@@@ATL@@WJI@AGKXZ 1000202a f i ImageScanner.obj
 0001:00001037       ?QueryInterface@?$CComContainedObject@VCOPOSImageScanner@@@ATL@@WJM@AGJABU_GUID@@PAPAX@Z 10002037 f i ImageScanner.obj
 0001:00001044       ?AddRef@?$CComContainedObject@VCOPOSImageScanner@@@ATL@@WJM@AGKXZ 10002044 f i ImageScanner.obj
 0001:00001051       ?Release@?$CComContainedObject@VCOPOSImageScanner@@@ATL@@WJM@AGKXZ 10002051 f i ImageScanner.obj
 0001:0000105e       ?QueryInterface@?$CComContainedObject@VCOPOSImageScanner@@@ATL@@WKA@AGJABU_GUID@@PAPAX@Z 1000205e f i ImageScanner.obj
 0001:0000106b       ?AddRef@?$CComContainedObject@VCOPOSImageScanner@@@ATL@@WKA@AGKXZ 1000206b f i ImageScanner.obj
 0001:00001078       ?Release@?$CComContainedObject@VCOPOSImageScanner@@@ATL@@WKA@AGKXZ 10002078 f i ImageScanner.obj
 0001:00001085       ?AddRef@?$CComContainedObject@VCOPOSImageScanner@@@ATL@@WKI@AGKXZ 10002085 f i ImageScanner.obj
 0001:00001092       ?Release@?$CComContainedObject@VCOPOSImageScanner@@@ATL@@WKI@AGKXZ 10002092 f i ImageScanner.obj
 0001:0000109f       ?AddRef@?$CComContainedObject@VCOPOSImageScanner@@@ATL@@WLE@AGKXZ 1000209f f i ImageScanner.obj
 0001:000010ac       ?Release@?$CComContainedObject@VCOPOSImageScanner@@@ATL@@WLE@AGKXZ 100020ac f i ImageScanner.obj
 0001:000010b9       ?Lock@CAtlModule@ATL@@UAEJXZ 100020b9 f i ImageScanner.obj
 0001:000010c3       ?Unlock@CAtlModule@ATL@@UAEJXZ 100020c3 f i ImageScanner.obj
 0001:000010cd       ?GetLockCount@CAtlModule@ATL@@UAEJXZ 100020cd f i ImageScanner.obj
 0001:000010d1       ?GetGITPtr@CAtlModule@ATL@@UAEJPAPAUIGlobalInterfaceTable@@@Z 100020d1 f i ImageScanner.obj
 0001:0000111d       ?AddCommonRGSReplacements@?$CAtlModuleT@VCComModule@ATL@@@ATL@@UAEJPAUIRegistrarBase@@@Z 1000211d f i ImageScanner.obj
 0001:00001137       ?UpdateRegistryFromResourceD@CComModule@ATL@@UAGJPB_WHPAU_ATL_REGMAP_ENTRY@2@@Z 10002137 f i ImageScanner.obj
 0001:00001137       ?UpdateRegistryFromResourceD@CComModule@ATL@@UAGJIHPAU_ATL_REGMAP_ENTRY@2@@Z 10002137 f i ImageScanner.obj
 0001:0000113f       ?UpdateRegistryFromResource@CComModule@ATL@@UAGJPB_WHPAU_ATL_REGMAP_ENTRY@2@@Z 1000213f f i ImageScanner.obj
 0001:00001148       ?UpdateRegistryFromResource@CComModule@ATL@@UAGJIHPAU_ATL_REGMAP_ENTRY@2@@Z 10002148 f i ImageScanner.obj
 0001:00001151       ??_ECComModule@ATL@@UAEPAXI@Z 10002151 f i ImageScanner.obj
 0001:00001151       ??_GCComModule@ATL@@UAEPAXI@Z 10002151 f i ImageScanner.obj
 0001:00001179       ?GetWindowProc@?$CWindowImplBaseT@VCWindow@ATL@@V?$CWinTraits@$0FGAAAAAA@$0A@@2@@ATL@@UAEP6GJPAUHWND__@@IIJ@ZXZ 10002179 f i ImageScanner.obj
 0001:0000117f       ?StartWindowProc@?$CWindowImplBaseT@VCWindow@ATL@@V?$CWinTraits@$0FGAAAAAA@$0A@@2@@ATL@@SGJPAUHWND__@@IIJ@Z 1000217f f i ImageScanner.obj
 0001:000011d3       ?GetTypeInfoCount@?$IDispatchImpl@UIOPOSImageScanner@@$1?IID_IOPOSImageScanner@@3U_GUID@@B$1?LIBID_OposImageScanner_CCO@@3U3@B$00$0A@VCComTypeInfoHolder@ATL@@@ATL@@UAGJPAI@Z 100021d3 f i ImageScanner.obj
 0001:000011f0       ?GetTypeInfo@?$IDispatchImpl@UIOPOSImageScanner@@$1?IID_IOPOSImageScanner@@3U_GUID@@B$1?LIBID_OposImageScanner_CCO@@3U3@B$00$0A@VCComTypeInfoHolder@ATL@@@ATL@@UAGJIKPAPAUITypeInfo@@@Z 100021f0 f i ImageScanner.obj
 0001:00001214       ?GetIDsOfNames@?$IDispatchImpl@UIOPOSImageScanner@@$1?IID_IOPOSImageScanner@@3U_GUID@@B$1?LIBID_OposImageScanner_CCO@@3U3@B$00$0A@VCComTypeInfoHolder@ATL@@@ATL@@UAGJABU_GUID@@PAPA_WIKPAJ@Z 10002214 f i ImageScanner.obj
 0001:00001234       ?Invoke@?$IDispatchImpl@UIOPOSImageScanner@@$1?IID_IOPOSImageScanner@@3U_GUID@@B$1?LIBID_OposImageScanner_CCO@@3U3@B$00$0A@VCComTypeInfoHolder@ATL@@@ATL@@UAGJJABU_GUID@@KGPAUtagDISPPARAMS@@PAUtagVARIANT@@PAUtagEXCEPINFO@@PAI@Z 10002234 f i ImageScanner.obj
 0001:00001242       ?CreateControlWindow@?$CComControl@VCOPOSImageScanner@@V?$CWindowImpl@VCOPOSImageScanner@@VCWindow@ATL@@V?$CWinTraits@$0FGAAAAAA@$0A@@3@@ATL@@@ATL@@UAEPAUHWND__@@PAU3@AAUtagRECT@@@Z 10002242 f i ImageScanner.obj
 0001:00001271       ?ControlQueryInterface@?$CComControl@VCOPOSImageScanner@@V?$CWindowImpl@VCOPOSImageScanner@@VCWindow@ATL@@V?$CWinTraits@$0FGAAAAAA@$0A@@3@@ATL@@@ATL@@UAEJABU_GUID@@PAPAX@Z 10002271 f i ImageScanner.obj
 0001:0000128c       ?GetClassID@?$IPersistStreamInitImpl@VCOPOSImageScanner@@@ATL@@UAGJPAU_GUID@@@Z 1000228c f i ImageScanner.obj
 0001:0000128c       ?GetUserClassID@?$IOleObjectImpl@VCOPOSImageScanner@@@ATL@@UAGJPAU_GUID@@@Z 1000228c f i ImageScanner.obj
 0001:0000128c       ?GetClassID@?$IPersistStorageImpl@VCOPOSImageScanner@@@ATL@@UAGJPAU_GUID@@@Z 1000228c f i ImageScanner.obj
 0001:000012b0       ?IsDirty@?$IPersistStreamInitImpl@VCOPOSImageScanner@@@ATL@@UAGJXZ 100022b0 f i ImageScanner.obj
 0001:000012cf       ?Load@?$IPersistStreamInitImpl@VCOPOSImageScanner@@@ATL@@UAGJPAUIStream@@@Z 100022cf f i ImageScanner.obj
 0001:000012ee       ?Save@?$IPersistStreamInitImpl@VCOPOSImageScanner@@@ATL@@UAGJPAUIStream@@H@Z 100022ee f i ImageScanner.obj
 0001:00001310       ?GetSizeMax@?$IPersistStreamInitImpl@VCOPOSImageScanner@@@ATL@@UAGJPAT_ULARGE_INTEGER@@@Z 10002310 f i ImageScanner.obj
 0001:000014c5       ?InitNew@?$IPersistStreamInitImpl@VCOPOSImageScanner@@@ATL@@UAGJXZ 100024c5 f i ImageScanner.obj
 0001:000014e2       ?GetDropTarget@?$IOleInPlaceObjectWindowlessImpl@VCOPOSImageScanner@@@ATL@@UAGJPAPAUIDropTarget@@@Z 100024e2 f i ImageScanner.obj
 0001:000014e2       ?GetControlInfo@?$IOleControlImpl@VCOPOSImageScanner@@@ATL@@UAGJPAUtagCONTROLINFO@@@Z 100024e2 f i ImageScanner.obj
 0001:000014e2       ?SetColorScheme@?$IOleObjectImpl@VCOPOSImageScanner@@@ATL@@UAGJPAUtagLOGPALETTE@@@Z 100024e2 f i ImageScanner.obj
 0001:000014e2       ?ContextSensitiveHelp@?$IOleInPlaceActiveObjectImpl@VCOPOSImageScanner@@@ATL@@UAGJH@Z 100024e2 f i ImageScanner.obj
 0001:000014e2       ?ContextSensitiveHelp@?$IOleInPlaceObjectWindowlessImpl@VCOPOSImageScanner@@@ATL@@UAGJH@Z 100024e2 f i ImageScanner.obj
 0001:000014e2       ?QueryGetData@?$IDataObjectImpl@VCOPOSImageScanner@@@ATL@@UAGJPAUtagFORMATETC@@@Z 100024e2 f i ImageScanner.obj
 0001:000014e2       ?Unfreeze@?$IViewObjectExImpl@VCOPOSImageScanner@@@ATL@@UAGJK@Z 100024e2 f i ImageScanner.obj
 0001:000014e2       ?SOOutputCompleteDummy@COPOSImageScanner@@MAGJJ@Z 100024e2 f i ImageScanner.obj
 0001:000014e2       ?OnMnemonic@?$IOleControlImpl@VCOPOSImageScanner@@@ATL@@UAGJPAUtagMSG@@@Z 100024e2 f i ImageScanner.obj
 0001:000014ea       ?OnFrameWindowActivate@?$IOleInPlaceActiveObjectImpl@VCOPOSImageScanner@@@ATL@@UAGJH@Z 100024ea f i ImageScanner.obj
 0001:000014ea       ?EnableModeless@?$IOleInPlaceActiveObjectImpl@VCOPOSImageScanner@@@ATL@@UAGJH@Z 100024ea f i ImageScanner.obj
 0001:000014ea       ?OnAmbientPropertyChange@?$IOleControlImpl@VCOPOSImageScanner@@@ATL@@UAGJJ@Z 100024ea f i ImageScanner.obj
 0001:000014ea       ?SaveCompleted@?$IPersistStorageImpl@VCOPOSImageScanner@@@ATL@@UAGJPAUIStorage@@@Z 100024ea f i ImageScanner.obj
 0001:000014ef       ?SetClientSite@?$IOleObjectImpl@VCOPOSImageScanner@@@ATL@@UAGJPAUIOleClientSite@@@Z 100024ef f i ImageScanner.obj
 0001:0000150c       ?GetClientSite@?$IOleObjectImpl@VCOPOSImageScanner@@@ATL@@UAGJPAPAUIOleClientSite@@@Z 1000250c f i ImageScanner.obj
 0001:00001529       ?SetHostNames@?$IOleObjectImpl@VCOPOSImageScanner@@@ATL@@UAGJPB_W0@Z 10002529 f i ImageScanner.obj
 0001:0000152e       ?Close@?$IOleObjectImpl@VCOPOSImageScanner@@@ATL@@UAGJK@Z 1000252e f i ImageScanner.obj
 0001:0000154b       ?GetDataHere@?$IDataObjectImpl@VCOPOSImageScanner@@@ATL@@UAGJPAUtagFORMATETC@@PAUtagSTGMEDIUM@@@Z 1000254b f i ImageScanner.obj
 0001:0000154b       ?EnumFormatEtc@?$IDataObjectImpl@VCOPOSImageScanner@@@ATL@@UAGJKPAPAUIEnumFORMATETC@@@Z 1000254b f i ImageScanner.obj
 0001:0000154b       ?GetClipboardData@?$IOleObjectImpl@VCOPOSImageScanner@@@ATL@@UAGJKPAPAUIDataObject@@@Z 1000254b f i ImageScanner.obj
 0001:0000154b       ?QueryInterface@CRegObject@ATL@@UAGJABU_GUID@@PAPAX@Z 1000254b f i ImageScanner.obj
 0001:0000154b       ?GetCanonicalFormatEtc@?$IDataObjectImpl@VCOPOSImageScanner@@@ATL@@UAGJPAUtagFORMATETC@@0@Z 1000254b f i ImageScanner.obj
 0001:0000154b       ?GetRect@?$IViewObjectExImpl@VCOPOSImageScanner@@@ATL@@UAGJKPAU_RECTL@@@Z 1000254b f i ImageScanner.obj
 0001:0000154b       ?SetMoniker@?$IOleObjectImpl@VCOPOSImageScanner@@@ATL@@UAGJKPAUIMoniker@@@Z 1000254b f i ImageScanner.obj
 0001:00001553       ?SetData@?$IDataObjectImpl@VCOPOSImageScanner@@@ATL@@UAGJPAUtagFORMATETC@@PAUtagSTGMEDIUM@@H@Z 10002553 f i ImageScanner.obj
 0001:00001553       ?GetMoniker@?$IOleObjectImpl@VCOPOSImageScanner@@@ATL@@UAGJKKPAPAUIMoniker@@@Z 10002553 f i ImageScanner.obj
 0001:00001553       ?InitFromData@?$IOleObjectImpl@VCOPOSImageScanner@@@ATL@@UAGJPAUIDataObject@@HK@Z 10002553 f i ImageScanner.obj
 0001:0000155b       ?DoVerb@?$IOleObjectImpl@VCOPOSImageScanner@@@ATL@@UAGJJPAUtagMSG@@PAUIOleClientSite@@JPAUHWND__@@PBUtagRECT@@@Z 1000255b f i ImageScanner.obj
 0001:00001673       ?EnumVerbs@?$IOleObjectImpl@VCOPOSImageScanner@@@ATL@@UAGJPAPAUIEnumOLEVERB@@@Z 10002673 f i ImageScanner.obj
 0001:00001695       ?Update@?$IOleObjectImpl@VCOPOSImageScanner@@@ATL@@UAGJXZ 10002695 f i ImageScanner.obj
 0001:00001695       ?Release@CRegObject@ATL@@UAGKXZ 10002695 f i ImageScanner.obj
 0001:00001695       ?IsUpToDate@?$IOleObjectImpl@VCOPOSImageScanner@@@ATL@@UAGJXZ 10002695 f i ImageScanner.obj
 0001:00001695       ?HandsOffStorage@?$IPersistStorageImpl@VCOPOSImageScanner@@@ATL@@UAGJXZ 10002695 f i ImageScanner.obj
 0001:0000169a       ?GetUserType@?$IOleObjectImpl@VCOPOSImageScanner@@@ATL@@UAGJKPAPA_W@Z 1000269a f i ImageScanner.obj
 0001:000016b2       ?SetExtent@?$IOleObjectImpl@VCOPOSImageScanner@@@ATL@@UAGJKPAUtagSIZE@@@Z 100026b2 f i ImageScanner.obj
 0001:000016d2       ?GetExtent@?$IOleObjectImpl@VCOPOSImageScanner@@@ATL@@UAGJKPAUtagSIZE@@@Z 100026d2 f i ImageScanner.obj
 0001:00001710       ?Advise@?$IOleObjectImpl@VCOPOSImageScanner@@@ATL@@UAGJPAUIAdviseSink@@PAK@Z 10002710 f i ImageScanner.obj
 0001:00001730       ?Unadvise@?$IOleObjectImpl@VCOPOSImageScanner@@@ATL@@UAGJK@Z 10002730 f i ImageScanner.obj
 0001:0000175f       ?EnumAdvise@?$IOleObjectImpl@VCOPOSImageScanner@@@ATL@@UAGJPAPAUIEnumSTATDATA@@@Z 1000275f f i ImageScanner.obj
 0001:0000179f       ?GetMiscStatus@?$IOleObjectImpl@VCOPOSImageScanner@@@ATL@@UAGJKPAK@Z 1000279f f i ImageScanner.obj
 0001:000017b7       ?GetWindow@?$IOleInPlaceActiveObjectImpl@VCOPOSImageScanner@@@ATL@@UAGJPAPAUHWND__@@@Z 100027b7 f i ImageScanner.obj
 0001:00001804       ?TranslateAcceleratorW@?$IOleInPlaceActiveObjectImpl@VCOPOSImageScanner@@@ATL@@UAGJPAUtagMSG@@@Z 10002804 f i ImageScanner.obj
 0001:000018a2       ?OnDocWindowActivate@?$IOleInPlaceActiveObjectImpl@VCOPOSImageScanner@@@ATL@@UAGJH@Z 100028a2 f i ImageScanner.obj
 0001:000018c4       ?ResizeBorder@?$IOleInPlaceActiveObjectImpl@VCOPOSImageScanner@@@ATL@@UAGJPBUtagRECT@@PAUIOleInPlaceUIWindow@@H@Z 100028c4 f i ImageScanner.obj
 0001:000018c9       ?Draw@?$IViewObjectExImpl@VCOPOSImageScanner@@@ATL@@UAGJKJPAXPAUtagDVTARGETDEVICE@@PAUHDC__@@2PBU_RECTL@@3P6GHK@ZK@Z 100028c9 f i ImageScanner.obj
 0001:000018fb       ?GetColorSet@?$IViewObjectExImpl@VCOPOSImageScanner@@@ATL@@UAGJKJPAXPAUtagDVTARGETDEVICE@@PAUHDC__@@PAPAUtagLOGPALETTE@@@Z 100028fb f i ImageScanner.obj
 0001:00001903       ?Freeze@?$IViewObjectExImpl@VCOPOSImageScanner@@@ATL@@UAGJKJPAXPAK@Z 10002903 f i ImageScanner.obj
 0001:0000190b       ?SetAdvise@?$IViewObjectExImpl@VCOPOSImageScanner@@@ATL@@UAGJKKPAUIAdviseSink@@@Z 1000290b f i ImageScanner.obj
 0001:0000192a       ?GetAdvise@?$IViewObjectExImpl@VCOPOSImageScanner@@@ATL@@UAGJPAK0PAPAUIAdviseSink@@@Z 1000292a f i ImageScanner.obj
 0001:0000195f       ?GetExtent@?$IViewObjectExImpl@VCOPOSImageScanner@@@ATL@@UAGJKJPAUtagDVTARGETDEVICE@@PAUtagSIZE@@@Z 1000295f f i ImageScanner.obj
 0001:00001990       ?GetViewStatus@?$IViewObjectExImpl@VCOPOSImageScanner@@@ATL@@UAGJPAK@Z 10002990 f i ImageScanner.obj
 0001:000019ad       ?QueryHitPoint@?$IViewObjectExImpl@VCOPOSImageScanner@@@ATL@@UAGJKPBUtagRECT@@UtagPOINT@@JPAK@Z 100029ad f i ImageScanner.obj
 0001:000019ee       ?QueryHitRect@?$IViewObjectExImpl@VCOPOSImageScanner@@@ATL@@UAGJKPBUtagRECT@@0JPAK@Z 100029ee f i ImageScanner.obj
 0001:00001a49       ?GetNaturalExtent@?$IViewObjectExImpl@VCOPOSImageScanner@@@ATL@@UAGJKJPAUtagDVTARGETDEVICE@@PAUHDC__@@PAUtagExtentInfo@@PAUtagSIZE@@@Z 10002a49 f i ImageScanner.obj
 0001:00001a94       ?GetWindow@?$IOleInPlaceObjectWindowlessImpl@VCOPOSImageScanner@@@ATL@@UAGJPAPAUHWND__@@@Z 10002a94 f i ImageScanner.obj
 0001:00001ae1       ?InPlaceDeactivate@?$IOleInPlaceObjectWindowlessImpl@VCOPOSImageScanner@@@ATL@@UAGJXZ 10002ae1 f i ImageScanner.obj
 0001:00001afb       ?UIDeactivate@?$IOleInPlaceObjectWindowlessImpl@VCOPOSImageScanner@@@ATL@@UAGJXZ 10002afb f i ImageScanner.obj
 0001:00001b15       ?SetObjectRects@?$IOleInPlaceObjectWindowlessImpl@VCOPOSImageScanner@@@ATL@@UAGJPBUtagRECT@@0@Z 10002b15 f i ImageScanner.obj
 0001:00001b35       ?ReactivateAndUndo@?$IOleInPlaceObjectWindowlessImpl@VCOPOSImageScanner@@@ATL@@UAGJXZ 10002b35 f i ImageScanner.obj
 0001:00001b3d       ?OnWindowMessage@?$IOleInPlaceObjectWindowlessImpl@VCOPOSImageScanner@@@ATL@@UAGJIIJPAJ@Z 10002b3d f i ImageScanner.obj
 0001:00001bad       ?EnumConnectionPoints@?$IConnectionPointContainerImpl@VCOPOSImageScanner@@@ATL@@UAGJPAPAUIEnumConnectionPoints@@@Z 10002bad f i ImageScanner.obj
 0001:00001d27       ?FindConnectionPoint@?$IConnectionPointContainerImpl@VCOPOSImageScanner@@@ATL@@UAGJABU_GUID@@PAPAUIConnectionPoint@@@Z 10002d27 f i ImageScanner.obj
 0001:00001dca       ?IsDirty@?$IPersistStorageImpl@VCOPOSImageScanner@@@ATL@@UAGJXZ 10002dca f i ImageScanner.obj
 0001:00001dfe       ?InitNew@?$IPersistStorageImpl@VCOPOSImageScanner@@@ATL@@UAGJPAUIStorage@@@Z 10002dfe f i ImageScanner.obj
 0001:00001e32       ?Load@?$IPersistStorageImpl@VCOPOSImageScanner@@@ATL@@UAGJPAUIStorage@@@Z 10002e32 f i ImageScanner.obj
 0001:00001e9e       ?Save@?$IPersistStorageImpl@VCOPOSImageScanner@@@ATL@@UAGJPAUIStorage@@H@Z 10002e9e f i ImageScanner.obj
 0001:00001f11       ?GetPages@?$ISpecifyPropertyPagesImpl@VCOPOSImageScanner@@@ATL@@UAGJPAUtagCAUUID@@@Z 10002f11 f i ImageScanner.obj
 0001:00001f28       ?QuickActivate@?$IQuickActivateImpl@VCOPOSImageScanner@@@ATL@@UAGJPAUtagQACONTAINER@@PAUtagQACONTROL@@@Z 10002f28 f i ImageScanner.obj
 0001:00001f4b       ?SetContentExtent@?$IQuickActivateImpl@VCOPOSImageScanner@@@ATL@@UAGJPAUtagSIZE@@@Z 10002f4b f i ImageScanner.obj
 0001:00001f77       ?GetContentExtent@?$IQuickActivateImpl@VCOPOSImageScanner@@@ATL@@UAGJPAUtagSIZE@@@Z 10002f77 f i ImageScanner.obj
 0001:00001f97       ?GetData@?$IDataObjectImpl@VCOPOSImageScanner@@@ATL@@UAGJPAUtagFORMATETC@@PAUtagSTGMEDIUM@@@Z 10002f97 f i ImageScanner.obj
 0001:00001fba       ?DAdvise@?$IDataObjectImpl@VCOPOSImageScanner@@@ATL@@UAGJPAUtagFORMATETC@@KPAUIAdviseSink@@PAK@Z 10002fba f i ImageScanner.obj
 0001:00001ffb       ?DUnadvise@?$IDataObjectImpl@VCOPOSImageScanner@@@ATL@@UAGJK@Z 10002ffb f i ImageScanner.obj
 0001:00002029       ?EnumDAdvise@?$IDataObjectImpl@VCOPOSImageScanner@@@ATL@@UAGJPAPAUIEnumSTATDATA@@@Z 10003029 f i ImageScanner.obj
 0001:00002068       ?GetClassInfoW@?$IProvideClassInfo2Impl@$1?CLSID_OPOSImageScanner@@3U_GUID@@B$1?DIID__IOPOSImageScannerEvents@@3U2@B$1?LIBID_OposImageScanner_CCO@@3U2@B$00$0A@VCComTypeInfoHolder@ATL@@@ATL@@UAGJPAPAUITypeInfo@@@Z 10003068 f i ImageScanner.obj
 0001:0000207e       ?GetGUID@?$IProvideClassInfo2Impl@$1?CLSID_OPOSImageScanner@@3U_GUID@@B$1?DIID__IOPOSImageScannerEvents@@3U2@B$1?LIBID_OposImageScanner_CCO@@3U2@B$00$0A@VCComTypeInfoHolder@ATL@@@ATL@@UAGJKPAU_GUID@@@Z 1000307e f i ImageScanner.obj
 0001:000020bc       __get_startup_argv_mode    100030bc f i LIBCMT:argv_mode.obj
 0001:000020bc       ?FAccessAllowed@?$IObjectSafetyImpl@VCOPOSImageScanner@@$02@ATL@@MAEHXZ 100030bc f i ImageScanner.obj
 0001:000020c0       ?GetInterfaceSafetyOptions@?$IObjectSafetyImpl@VCOPOSImageScanner@@$02@ATL@@UAGJABU_GUID@@PAK1@Z 100030c0 f i ImageScanner.obj
 0001:00002134       ?SetInterfaceSafetyOptions@?$IObjectSafetyImpl@VCOPOSImageScanner@@$02@ATL@@UAGJABU_GUID@@KK@Z 10003134 f i ImageScanner.obj
 0001:000021ae       ?_LocCPQueryInterface@?$IConnectionPointImpl@VCOPOSImageScanner@@$1?IID_IPropertyNotifySink@@3U_GUID@@BVCComDynamicUnkArray@ATL@@@ATL@@UAGJABU_GUID@@PAPAX@Z 100031ae f i ImageScanner.obj
 0001:000021ae       ?_LocCPQueryInterface@?$IConnectionPointImpl@VCOPOSImageScanner@@$1?DIID__IOPOSImageScannerEvents@@3U_GUID@@BVCComDynamicUnkArray@ATL@@@ATL@@UAGJABU_GUID@@PAPAX@Z 100031ae f i ImageScanner.obj
 0001:000021fb       ?GetConnectionInterface@?$IConnectionPointImpl@VCOPOSImageScanner@@$1?IID_IPropertyNotifySink@@3U_GUID@@BVCComDynamicUnkArray@ATL@@@ATL@@UAGJPAU_GUID@@@Z 100031fb f i ImageScanner.obj
 0001:0000221f       ?GetConnectionPointContainer@?$IConnectionPointImpl@VCOPOSImageScanner@@$1?IID_IPropertyNotifySink@@3U_GUID@@BVCComDynamicUnkArray@ATL@@@ATL@@UAGJPAPAUIConnectionPointContainer@@@Z 1000321f f i ImageScanner.obj
 0001:00002242       ?Advise@?$IConnectionPointImpl@VCOPOSImageScanner@@$1?IID_IPropertyNotifySink@@3U_GUID@@BVCComDynamicUnkArray@ATL@@@ATL@@UAGJPAUIUnknown@@PAK@Z 10003242 f i ImageScanner.obj
 0001:00002242       ?Advise@?$IConnectionPointImpl@VCOPOSImageScanner@@$1?DIID__IOPOSImageScannerEvents@@3U_GUID@@BVCComDynamicUnkArray@ATL@@@ATL@@UAGJPAUIUnknown@@PAK@Z 10003242 f i ImageScanner.obj
 0001:000022e3       ?Unadvise@?$IConnectionPointImpl@VCOPOSImageScanner@@$1?IID_IPropertyNotifySink@@3U_GUID@@BVCComDynamicUnkArray@ATL@@@ATL@@UAGJK@Z 100032e3 f i ImageScanner.obj
 0001:000022e3       ?Unadvise@?$IConnectionPointImpl@VCOPOSImageScanner@@$1?DIID__IOPOSImageScannerEvents@@3U_GUID@@BVCComDynamicUnkArray@ATL@@@ATL@@UAGJK@Z 100032e3 f i ImageScanner.obj
 0001:00002323       ?EnumConnections@?$IConnectionPointImpl@VCOPOSImageScanner@@$1?DIID__IOPOSImageScannerEvents@@3U_GUID@@BVCComDynamicUnkArray@ATL@@@ATL@@UAGJPAPAUIEnumConnections@@@Z 10003323 f i ImageScanner.obj
 0001:00002323       ?EnumConnections@?$IConnectionPointImpl@VCOPOSImageScanner@@$1?IID_IPropertyNotifySink@@3U_GUID@@BVCComDynamicUnkArray@ATL@@@ATL@@UAGJPAPAUIEnumConnections@@@Z 10003323 f i ImageScanner.obj
 0001:00002429       ?GetConnectionInterface@?$IConnectionPointImpl@VCOPOSImageScanner@@$1?DIID__IOPOSImageScannerEvents@@3U_GUID@@BVCComDynamicUnkArray@ATL@@@ATL@@UAGJPAU_GUID@@@Z 10003429 f i ImageScanner.obj
 0001:0000244d       ?GetConnectionPointContainer@?$IConnectionPointImpl@VCOPOSImageScanner@@$1?DIID__IOPOSImageScannerEvents@@3U_GUID@@BVCComDynamicUnkArray@ATL@@@ATL@@UAGJPAPAUIConnectionPointContainer@@@Z 1000344d f i ImageScanner.obj
 0001:00002470       ?AddRef@CRegObject@ATL@@UAGKXZ 10003470 f i ImageScanner.obj
 0001:00002476       ?AddReplacement@CRegObject@ATL@@UAGJPB_W0@Z 10003476 f i ImageScanner.obj
 0001:000024af       ?ClearReplacements@CRegObject@ATL@@UAGJXZ 100034af f i ImageScanner.obj
 0001:000024c1       ??_GCRegObject@ATL@@UAEPAXI@Z 100034c1 f i ImageScanner.obj
 0001:000024c1       ??_ECRegObject@ATL@@UAEPAXI@Z 100034c1 f i ImageScanner.obj
 0001:000024e3       ?UpdateRegistry@COPOSImageScanner@@SGJH@Z 100034e3 f i ImageScanner.obj
 0001:000024fb       ?ProcessWindowMessage@COPOSImageScanner@@UAEHPAUHWND__@@IIJAAJK@Z 100034fb f i ImageScanner.obj
 0001:00002544       ?SOData@COPOSImageScanner@@MAGJJ@Z 10003544 f i ImageScanner.obj
 0001:0000257d       ?SODirectIO@COPOSImageScanner@@MAGJJPAJPAPA_W@Z 1000357d f i ImageScanner.obj
 0001:000025c6       ?SOError@COPOSImageScanner@@MAGJJJJPAJ@Z 100035c6 f i ImageScanner.obj
 0001:0000261b       ?SOStatusUpdate@COPOSImageScanner@@MAGJJ@Z 1000361b f i ImageScanner.obj
 0001:00002654       ?CreateInstance@?$CComCreator@V?$CComObjectCached@VCComClassFactory@ATL@@@ATL@@@ATL@@SGJPAXABU_GUID@@PAPAX@Z 10003654 f i ImageScanner.obj
 0001:000026e7       ?CreateInstance@?$CComCreator2@V?$CComCreator@V?$CComObject@VCOPOSImageScanner@@@ATL@@@ATL@@V?$CComCreator@V?$CComAggObject@VCOPOSImageScanner@@@ATL@@@2@@ATL@@SGJPAXABU_GUID@@PAPAX@Z 100036e7 f i ImageScanner.obj
 0001:00002707       ?Next@?$CComEnumImpl@UIEnumConnectionPoints@@$1?_GUID_b196b285_bab4_101a_b69c_00aa00341d07@@3U__s_GUID@@BPAUIConnectionPoint@@V?$_CopyInterface@UIConnectionPoint@@@ATL@@@ATL@@UAGJKPAPAUIConnectionPoint@@PAK@Z 10003707 f i ImageScanner.obj
 0001:000027de       ?Skip@?$CComEnumImpl@UIEnumConnectionPoints@@$1?_GUID_b196b285_bab4_101a_b69c_00aa00341d07@@3U__s_GUID@@BPAUIConnectionPoint@@V?$_CopyInterface@UIConnectionPoint@@@ATL@@@ATL@@UAGJK@Z 100037de f i ImageScanner.obj
 0001:0000280b       ?Clone@?$CComEnumImpl@UIEnumConnectionPoints@@$1?_GUID_b196b285_bab4_101a_b69c_00aa00341d07@@3U__s_GUID@@BPAUIConnectionPoint@@V?$_CopyInterface@UIConnectionPoint@@@ATL@@@ATL@@UAGJPAPAUIEnumConnectionPoints@@@Z 1000380b f i ImageScanner.obj
 0001:000028ea       ?QueryInterface@?$CComObject@V?$CComEnum@UIEnumConnectionPoints@@$1?_GUID_b196b285_bab4_101a_b69c_00aa00341d07@@3U__s_GUID@@BPAUIConnectionPoint@@V?$_CopyInterface@UIConnectionPoint@@@ATL@@VCComSingleThreadModel@6@@ATL@@@ATL@@UAGJABU_GUID@@PAPAX@Z 100038ea f i ImageScanner.obj
 0001:00002904       ??_G?$CComObject@V?$CComEnum@UIEnumConnectionPoints@@$1?_GUID_b196b285_bab4_101a_b69c_00aa00341d07@@3U__s_GUID@@BPAUIConnectionPoint@@V?$_CopyInterface@UIConnectionPoint@@@ATL@@VCComSingleThreadModel@6@@ATL@@@ATL@@UAEPAXI@Z 10003904 f i ImageScanner.obj
 0001:00002904       ??_E?$CComObject@V?$CComEnum@UIEnumConnectionPoints@@$1?_GUID_b196b285_bab4_101a_b69c_00aa00341d07@@3U__s_GUID@@BPAUIConnectionPoint@@V?$_CopyInterface@UIConnectionPoint@@@ATL@@VCComSingleThreadModel@6@@ATL@@@ATL@@UAEPAXI@Z 10003904 f i ImageScanner.obj
 0001:00002926       ??$?4UITypeInfo2@@@?$CComPtr@UITypeInfo@@@ATL@@QAEPAUITypeInfo@@ABV?$CComPtr@UITypeInfo2@@@1@@Z 10003926 f i ImageScanner.obj
 0001:00002953       ??$AtlAdd@K@ATL@@YAJPAKKK@Z 10003953 f i ImageScanner.obj
 0001:00002976       ??$AtlAdd@_K@ATL@@YAJPA_K_K1@Z 10003976 f i ImageScanner.obj
 0001:000029ae       ??$AtlAddThrow@K@ATL@@YAKKK@Z 100039ae f i ImageScanner.obj
 0001:000029d4       ??$AtlModuleRegisterWndClassInfoT@VAtlModuleRegisterWndClassInfoParamW@ATL@@@ATL@@YAGPAU_ATL_BASE_MODULE70@0@PAU_ATL_WIN_MODULE70@0@PAU_ATL_WNDCLASSINFOW@0@PAP6GJPAUHWND__@@IIJ@ZVAtlModuleRegisterWndClassInfoParamW@0@@Z 100039d4 f i ImageScanner.obj
 0001:00002b22       ??$AtlMultiply@H@ATL@@YAJPAHHH@Z 10003b22 f i ImageScanner.obj
 0001:00002b5a       ??$AtlMultiply@I@ATL@@YAJPAIII@Z 10003b5a f i ImageScanner.obj
 0001:00002b5a       ??$AtlMultiply@K@ATL@@YAJPAKKK@Z 10003b5a f i ImageScanner.obj
 0001:00002b7c       ??$AtlMultiplyThrow@I@ATL@@YAIII@Z 10003b7c f i ImageScanner.obj
 0001:00002ba2       ??0?$CComAggObject@VCOPOSImageScanner@@@ATL@@QAE@PAX@Z 10003ba2 f i ImageScanner.obj
 0001:00002bcf       ??0?$CComContainedObject@VCOPOSImageScanner@@@ATL@@QAE@PAX@Z 10003bcf f i ImageScanner.obj
 0001:00002c88       ??0?$CComObject@V?$CComEnum@UIEnumConnectionPoints@@$1?_GUID_b196b285_bab4_101a_b69c_00aa00341d07@@3U__s_GUID@@BPAUIConnectionPoint@@V?$_CopyInterface@UIConnectionPoint@@@ATL@@VCComSingleThreadModel@6@@ATL@@@ATL@@QAE@PAX@Z 10003c88 f i ImageScanner.obj
 0001:00002cb6       ??0?$CComObject@V?$CComEnum@UIEnumConnections@@$1?_GUID_b196b287_bab4_101a_b69c_00aa00341d07@@3U__s_GUID@@BUtagCONNECTDATA@@V?$_Copy@UtagCONNECTDATA@@@ATL@@VCComSingleThreadModel@6@@ATL@@@ATL@@QAE@PAX@Z 10003cb6 f i ImageScanner.obj
 0001:00002ce4       ??0?$CComObject@VCOPOSImageScanner@@@ATL@@QAE@PAX@Z 10003ce4 f i ImageScanner.obj
 0001:00002d9b       ??0?$CComQIPtr@UIOleControlSite@@$1?_GUID_b196b289_bab4_101a_b69c_00aa00341d07@@3U__s_GUID@@B@ATL@@QAE@PAUIUnknown@@@Z 10003d9b f i ImageScanner.obj
 0001:00002dc4       ??0CAtlModule@ATL@@QAE@XZ  10003dc4 f i ImageScanner.obj
 0001:00002e05       ??0CParseBuffer@CRegParser@ATL@@QAE@H@Z 10003e05 f i ImageScanner.obj
 0001:00002e3b       ??0_ATL_MSG@ATL@@QAE@PAUHWND__@@IIJH@Z 10003e3b f i ImageScanner.obj
 0001:00002e73       ??1?$CComAggObject@VCOPOSImageScanner@@@ATL@@UAE@XZ 10003e73 f i ImageScanner.obj
 0001:00002e97       ??1?$CComEnumImpl@UIEnumConnectionPoints@@$1?_GUID_b196b285_bab4_101a_b69c_00aa00341d07@@3U__s_GUID@@BPAUIConnectionPoint@@V?$_CopyInterface@UIConnectionPoint@@@ATL@@@ATL@@UAE@XZ 10003e97 f i ImageScanner.obj
 0001:00002ed7       ??1?$CComEnumImpl@UIEnumConnections@@$1?_GUID_b196b287_bab4_101a_b69c_00aa00341d07@@3U__s_GUID@@BUtagCONNECTDATA@@V?$_Copy@UtagCONNECTDATA@@@ATL@@@ATL@@UAE@XZ 10003ed7 f i ImageScanner.obj
 0001:00002f17       ??1?$CComObject@V?$CComEnum@UIEnumConnectionPoints@@$1?_GUID_b196b285_bab4_101a_b69c_00aa00341d07@@3U__s_GUID@@BPAUIConnectionPoint@@V?$_CopyInterface@UIConnectionPoint@@@ATL@@VCComSingleThreadModel@6@@ATL@@@ATL@@UAE@XZ 10003f17 f i ImageScanner.obj
 0001:00002f3a       ??1?$CComObject@V?$CComEnum@UIEnumConnections@@$1?_GUID_b196b287_bab4_101a_b69c_00aa00341d07@@3U__s_GUID@@BUtagCONNECTDATA@@V?$_Copy@UtagCONNECTDATA@@@ATL@@VCComSingleThreadModel@6@@ATL@@@ATL@@UAE@XZ 10003f3a f i ImageScanner.obj
 0001:00002f5d       ??1?$CComObject@VCOPOSImageScanner@@@ATL@@UAE@XZ 10003f5d f i ImageScanner.obj
 0001:0000301b       ??1?$CComObjectCached@VCComClassFactory@ATL@@@ATL@@UAE@XZ 1000401b f i ImageScanner.obj
 0001:00003031       ??1?$CComObjectRootEx@VCComMultiThreadModel@ATL@@@ATL@@QAE@XZ 10004031 f i ImageScanner.obj
 0001:00003046       ??1CRegObject@ATL@@UAE@XZ  10004046 f i ImageScanner.obj
 0001:00003066       ??4?$CComPtr@UIOleClientSite@@@ATL@@QAEPAUIOleClientSite@@PAU2@@Z 10004066 f i ImageScanner.obj
 0001:00003066       ??4?$CComPtr@UIAdviseSink@@@ATL@@QAEPAUIAdviseSink@@PAU2@@Z 10004066 f i ImageScanner.obj
 0001:00003066       ??4?$CComPtr@UIUnknown@@@ATL@@QAEPAUIUnknown@@PAU2@@Z 10004066 f i ImageScanner.obj
 0001:0000309a       ??4?$CComQIPtr@UIOleObject@@$1?_GUID_00000112_0000_0000_c000_000000000046@@3U__s_GUID@@B@ATL@@QAEPAUIOleObject@@PAUIUnknown@@@Z 1000409a f i ImageScanner.obj
 0001:000030bf       ??4?$CComQIPtr@UISpecifyPropertyPages@@$1?_GUID_b196b28b_bab4_101a_b69c_00aa00341d07@@3U__s_GUID@@B@ATL@@QAEPAUISpecifyPropertyPages@@PAUIUnknown@@@Z 100040bf f i ImageScanner.obj
 0001:000030e4       ??_G?$CComContainedObject@VCOPOSImageScanner@@@ATL@@UAEPAXI@Z 100040e4 f i ImageScanner.obj
 0001:000030e4       ??_E?$CComContainedObject@VCOPOSImageScanner@@@ATL@@UAEPAXI@Z 100040e4 f i ImageScanner.obj
 0001:00003109       ??_G?$CComObject@VCOPOSImageScanner@@@ATL@@UAEPAXI@Z 10004109 f i ImageScanner.obj
 0001:00003109       ??_E?$CComObject@VCOPOSImageScanner@@@ATL@@UAEPAXI@Z 10004109 f i ImageScanner.obj
 0001:0000312e       ?Add@?$CSimpleArray@GV?$CSimpleArrayEqualHelper@G@ATL@@@ATL@@QAEHABG@Z 1000412e f i ImageScanner.obj
 0001:000031b2       ?Add@?$CSimpleMap@PA_WPA_WVCExpansionVectorEqualHelper@ATL@@@ATL@@QAEHABQA_W0@Z 100041b2 f i ImageScanner.obj
 0001:00003207       ?Add@CComDynamicUnkArray@ATL@@QAEKPAUIUnknown@@@Z 10004207 f i ImageScanner.obj
 0001:000032c2       ?Add@CExpansionVector@ATL@@QAEHPB_W0@Z 100042c2 f i ImageScanner.obj
 0001:000033c6       ?AddString@CParseBuffer@CRegParser@ATL@@QAEHPB_W@Z 100043c6 f i ImageScanner.obj
 0001:000033fb       ?AddValue@CRegParser@ATL@@IAEJAAVCRegKey@2@PB_WPA_W@Z 100043fb f i ImageScanner.obj
 0001:0000371c       ?Allocate@?$CAtlSafeAllocBufferManager@VCCRTAllocator@ATL@@@_ATL_SAFE_ALLOCA_IMPL@ATL@@QAEPAXK@Z 1000471c f i ImageScanner.obj
 0001:00003749       ?Allocate@?$CTempBuffer@E$0BAA@VCCRTAllocator@ATL@@@ATL@@QAEPAEI@Z 10004749 f i ImageScanner.obj
 0001:00003778       ?Allocate@?$CTempBuffer@_W$0BAA@VCCRTAllocator@ATL@@@ATL@@QAEPA_WI@Z 10004778 f i ImageScanner.obj
 0001:000037a7       ?Allocate@?$CTempBuffer@_W$0EAA@VCCRTAllocator@ATL@@@ATL@@QAEPA_WI@Z 100047a7 f i ImageScanner.obj
 0001:000037d6       ?AllocateHeap@?$CTempBuffer@_W$0EAA@VCCRTAllocator@ATL@@@ATL@@AAEXI@Z 100047d6 f i ImageScanner.obj
 0001:000037d6       ?AllocateHeap@?$CTempBuffer@E$0BAA@VCCRTAllocator@ATL@@@ATL@@AAEXI@Z 100047d6 f i ImageScanner.obj
 0001:000037d6       ?AllocateHeap@?$CTempBuffer@_W$0BAA@VCCRTAllocator@ATL@@@ATL@@AAEXI@Z 100047d6 f i ImageScanner.obj
 0001:000037fb       ?Append@CParseBuffer@CRegParser@ATL@@QAEHPB_WH@Z 100047fb f i ImageScanner.obj
 0001:00003889       ?AtlCallTermFunc@ATL@@YGXPAU_ATL_MODULE70@1@@Z 10004889 f i ImageScanner.obj
 0001:000038cd       ?AtlCoTaskMemCAlloc@ATL@@YAPAXKK@Z 100048cd f i ImageScanner.obj
 0001:000038fa       ?AtlCoTaskMemRecalloc@ATL@@YAPAXPAXKK@Z 100048fa f i ImageScanner.obj
 0001:0000392a       ?AtlComModuleGetClassObject@ATL@@YGJPAU_ATL_COM_MODULE70@1@ABU_GUID@@1PAPAX@Z 1000492a f i ImageScanner.obj
 0001:00003a1d       ?AtlComModuleRegisterServer@ATL@@YGJPAU_ATL_COM_MODULE70@1@HPBU_GUID@@@Z 10004a1d f i ImageScanner.obj
 0001:00003aa5       ?AtlComModuleUnregisterServer@ATL@@YGJPAU_ATL_COM_MODULE70@1@HPBU_GUID@@@Z 10004aa5 f i ImageScanner.obj
 0001:00003b2d       ?AtlComQIPtrAssign2@ATL@@YAXPAPAUIUnknown@@PAU2@ABU_GUID@@@Z 10004b2d f i ImageScanner.obj
 0001:00003b5c       ?AtlCreateTargetDC@ATL@@YGPAUHDC__@@PAU2@PAUtagDVTARGETDEVICE@@@Z 10004b5c f i ImageScanner.obj
 0001:00003bc5       ?AtlCrtErrorCheck@ATL@@YAHH@Z 10004bc5 f i ImageScanner.obj
 0001:00003c00       ?AtlHiMetricToPixel@ATL@@YGXPBUtagSIZE@@PAU2@@Z 10004c00 f i ImageScanner.obj
 0001:00003c75       ?AtlHresultFromLastError@ATL@@YAJXZ 10004c75 f i ImageScanner.obj
 0001:00003c8c       ?AtlHresultFromWin32@ATL@@YAJK@Z 10004c8c f i ImageScanner.obj
 0001:00003ca1       ?AtlIPersistStreamInit_Load@ATL@@YGJPAUIStream@@PBUATL_PROPMAP_ENTRY@1@PAXPAUIUnknown@@@Z 10004ca1 f i ImageScanner.obj
 0001:00003e81       ?AtlIPersistStreamInit_Save@ATL@@YGJPAUIStream@@HPBUATL_PROPMAP_ENTRY@1@PAXPAUIUnknown@@@Z 10004e81 f i ImageScanner.obj
 0001:00004019       ?AtlInternalOleLoadFromStream@ATL@@YAJPAUIStream@@ABU_GUID@@PAPAXTClassesAllowedInStream@1@K@Z 10005019 f i ImageScanner.obj
 0001:0000413f       ?AtlInternalQueryInterface@ATL@@YGJPAXPBU_ATL_INTMAP_ENTRY@1@ABU_GUID@@PAPAX@Z 1000513f f i ImageScanner.obj
 0001:000041e2       ?AtlLoadTypeLib@ATL@@YGJPAUHINSTANCE__@@PB_WPAPA_WPAPAUITypeLib@@@Z 100051e2 f i ImageScanner.obj
 0001:000043c0       ?AtlModuleAddTermFunc@ATL@@YGJPAU_ATL_MODULE70@1@P6GXK@ZK@Z 100053c0 f i ImageScanner.obj
 0001:0000441d       ?AtlRegisterClassCategoriesHelper@ATL@@YGJABU_GUID@@PBU_ATL_CATMAP_ENTRY@1@H@Z 1000541d f i ImageScanner.obj
 0001:000046fd       ?AtlRegisterTypeLib@ATL@@YGJPAUHINSTANCE__@@PB_W@Z 100056fd f i ImageScanner.obj
 0001:00004885       ?AtlThrowImpl@ATL@@YGXJ@Z  10005885 f i ImageScanner.obj
 0001:000048a3       ?AtlUnRegisterTypeLib@ATL@@YGJPAUHINSTANCE__@@PB_W@Z 100058a3 f i ImageScanner.obj
 0001:0000494e       ?AtlWinModuleAddCreateWndData@ATL@@YGXPAU_ATL_WIN_MODULE70@1@PAU_AtlCreateWndData@1@PAX@Z 1000594e f i ImageScanner.obj
 0001:000049a2       ?AtlWinModuleExtractCreateWndData@ATL@@YGPAXPAU_ATL_WIN_MODULE70@1@@Z 100059a2 f i ImageScanner.obj
 0001:00004a05       ?AtlWinModuleRegisterClassExW@ATL@@YGGPAU_ATL_WIN_MODULE70@1@PBUtagWNDCLASSEXW@@@Z 10005a05 f i ImageScanner.obj
 0001:00004a44       ?CanForceRemoveKey@CRegParser@ATL@@IAEHPB_W@Z 10005a44 f i ImageScanner.obj
 0001:00004a73       ?ChToByte@CRegParser@ATL@@KAE_W@Z 10005a73 f i ImageScanner.obj
 0001:00004aa6       ?Cleanup@CComTypeInfoHolder@ATL@@SGXK@Z 10005aa6 f i ImageScanner.obj
 0001:00004ad9       ?ClearReplacements@CExpansionVector@ATL@@QAEJXZ 10005ad9 f i ImageScanner.obj
 0001:00004b16       ?Close@CRegKey@ATL@@QAEJXZ 10005b16 f i ImageScanner.obj
 0001:00004b30       ?CreateInstance@?$CComCreator@V?$CComAggObject@VCOPOSImageScanner@@@ATL@@@ATL@@SGJPAXABU_GUID@@PAPAX@Z 10005b30 f i ImageScanner.obj
 0001:00004ba6       ?CreateInstance@?$CComCreator@V?$CComObject@VCOPOSImageScanner@@@ATL@@@ATL@@SGJPAXABU_GUID@@PAPAX@Z 10005ba6 f i ImageScanner.obj
 0001:00004c27       ?CreateInstance@?$CComObject@V?$CComEnum@UIEnumConnectionPoints@@$1?_GUID_b196b285_bab4_101a_b69c_00aa00341d07@@3U__s_GUID@@BPAUIConnectionPoint@@V?$_CopyInterface@UIConnectionPoint@@@ATL@@VCComSingleThreadModel@6@@ATL@@@ATL@@SGJPAPAV12@@Z 10005c27 f i ImageScanner.obj
 0001:00004c6e       ?CreateInstance@?$CComObject@V?$CComEnum@UIEnumConnections@@$1?_GUID_b196b287_bab4_101a_b69c_00aa00341d07@@3U__s_GUID@@BUtagCONNECTDATA@@V?$_Copy@UtagCONNECTDATA@@@ATL@@VCComSingleThreadModel@6@@ATL@@@ATL@@SGJPAPAV12@@Z 10005c6e f i ImageScanner.obj
 0001:00004cb5       ?DefaultReflectionHandler@?$CWindowImplRoot@VCWindow@ATL@@@ATL@@SAHPAUHWND__@@IIJAAJ@Z 10005cb5 f i ImageScanner.obj
 0001:00004d28       ?DeleteSubKey@CRegKey@ATL@@QAEJPB_W@Z 10005d28 f i ImageScanner.obj
 0001:00004da1       ?DoEvent@COPOSImageScanner@@IAEXIIJ@Z 10005da1 f i ImageScanner.obj
 0001:00004e21       ?DoVerbHide@?$IOleObjectImpl@VCOPOSImageScanner@@@ATL@@QAEJPBUtagRECT@@PAUHWND__@@@Z 10005e21 f i ImageScanner.obj
 0001:00004e57       ?DoVerbInPlaceActivate@?$IOleObjectImpl@VCOPOSImageScanner@@@ATL@@QAEJPBUtagRECT@@PAUHWND__@@@Z 10005e57 f i ImageScanner.obj
 0001:00004e8a       ?DoVerbPrimary@?$IOleObjectImpl@VCOPOSImageScanner@@@ATL@@QAEJPBUtagRECT@@PAUHWND__@@@Z 10005e8a f i ImageScanner.obj
 0001:00004f16       ?DoVerbProperties@CComControlBase@ATL@@QAEJPBUtagRECT@@PAUHWND__@@@Z 10005f16 f i ImageScanner.obj
 0001:0000503d       ?DoVerbShow@?$IOleObjectImpl@VCOPOSImageScanner@@@ATL@@QAEJPBUtagRECT@@PAUHWND__@@@Z 1000603d f i ImageScanner.obj
 0001:00005062       ?DoVerbUIActivate@?$IOleObjectImpl@VCOPOSImageScanner@@@ATL@@QAEJPBUtagRECT@@PAUHWND__@@@Z 10006062 f i ImageScanner.obj
 0001:0000509f       ?DoesVerbActivate@CComControlBase@ATL@@QAEHJ@Z 1000609f f i ImageScanner.obj
 0001:000050c0       ?DoesVerbUIActivate@CComControlBase@ATL@@QAEHJ@Z 100060c0 f i ImageScanner.obj
 0001:000050f5       ?EndOfVar@CRegParser@ATL@@IAEHXZ 100060f5 f i ImageScanner.obj
 0001:00005115       ?EscapeSingleQuote@CAtlModule@ATL@@SAXPA_WIPB_W@Z 10006115 f i ImageScanner.obj
 0001:00005164       ?FindKey@?$CSimpleMap@PA_WPA_WVCExpansionVectorEqualHelper@ATL@@@ATL@@QBEHABQA_W@Z 10006164 f i ImageScanner.obj
 0001:0000519b       ?FireTheEvent@?$CProxy_IOPOSEvents@VCOPOSImageScanner@@@@IAEXPAVOposVariant@@IAAJPB_WJ@Z 1000619b f i ImageScanner.obj
 0001:0000522d       ?FireViewChange@CComControlBase@ATL@@QAEJXZ 1000622d f i ImageScanner.obj
 0001:00005276       ?Fire_DataEvent@?$CProxy_IOPOSEvents@VCOPOSImageScanner@@@@QAEXJ@Z 10006276 f i ImageScanner.obj
 0001:00005302       ?Fire_DirectIOEvent@?$CProxy_IOPOSEvents@VCOPOSImageScanner@@@@QAEXJPAJPAPA_W@Z 10006302 f i ImageScanner.obj
 0001:000053e8       ?Fire_ErrorEvent@?$CProxy_IOPOSEvents@VCOPOSImageScanner@@@@QAEXJJJPAJ@Z 100063e8 f i ImageScanner.obj
 0001:000054cf       ?Fire_StatusUpdateEvent@?$CProxy_IOPOSEvents@VCOPOSImageScanner@@@@QAEXJ@Z 100064cf f i ImageScanner.obj
 0001:0000555b       ?FreeHeap@?$CTempBuffer@_W$0EAA@VCCRTAllocator@ATL@@@ATL@@AAEXXZ 1000655b f i ImageScanner.obj
 0001:0000555b       ?FreeHeap@?$CTempBuffer@E$0BAA@VCCRTAllocator@ATL@@@ATL@@AAEXXZ 1000655b f i ImageScanner.obj
 0001:0000555b       ?FreeHeap@?$CTempBuffer@_W$0BAA@VCCRTAllocator@ATL@@@ATL@@AAEXXZ 1000655b f i ImageScanner.obj
 0001:00005564       ?GetAmbientLocaleID@CComControlBase@ATL@@QAEJAAK@Z 10006564 f i ImageScanner.obj
 0001:000055c0       ?GetAmbientUserMode@CComControlBase@ATL@@QAEJAAH@Z 100065c0 f i ImageScanner.obj
 0001:00005630       ?GetAt@CComDynamicUnkArray@ATL@@QAEPAUIUnknown@@H@Z 10006630 f i ImageScanner.obj
 0001:0000564c       ?GetClassObject@CComModule@ATL@@QAEJABU_GUID@@0PAPAX@Z 1000664c f i ImageScanner.obj
 0001:000056ee       ?GetConnMap@COPOSImageScanner@@SAPBU_ATL_CONNMAP_ENTRY@ATL@@PAH@Z 100066ee f i ImageScanner.obj
 0001:0000575e       ?GetCookie@CComDynamicUnkArray@ATL@@QAGKPAPAUIUnknown@@@Z 1000675e f i ImageScanner.obj
 0001:00005796       ?GetIDsOfNames@CComTypeInfoHolder@ATL@@QAEJABU_GUID@@PAPA_WIKPAJ@Z 10006796 f i ImageScanner.obj
 0001:000058a4       ?GetKeyAt@?$CSimpleMap@PA_WPA_WVCExpansionVectorEqualHelper@ATL@@@ATL@@QBEAAPA_WH@Z 100068a4 f i ImageScanner.obj
 0001:000058c9       ?GetPagesHelper@?$ISpecifyPropertyPagesImpl@VCOPOSImageScanner@@@ATL@@IAEJPAUtagCAUUID@@PBUATL_PROPMAP_ENTRY@2@@Z 100068c9 f i ImageScanner.obj
 0001:000059f0       ?GetProperty@?$CComPtr@UIDispatch@@@ATL@@SAJPAUIDispatch@@JPAUtagVARIANT@@@Z 100069f0 f i ImageScanner.obj
 0001:00005a3f       ?GetSizeMax@CComVariant@ATL@@QBEJPAT_ULARGE_INTEGER@@@Z 10006a3f f i ImageScanner.obj
 0001:00005bf9       ?GetStreamSize@CComBSTR@ATL@@SAKPA_W@Z 10006bf9 f i ImageScanner.obj
 0001:00005c13       ?GetTI@CComTypeInfoHolder@ATL@@QAEJK@Z 10006c13 f i ImageScanner.obj
 0001:00005dfc       ?GetTI@CComTypeInfoHolder@ATL@@QAEJKPAPAUITypeInfo@@@Z 10006dfc f i ImageScanner.obj
 0001:00005e3e       ?GetUnknown@CComDynamicUnkArray@ATL@@QAGPAUIUnknown@@K@Z 10006e3e f i ImageScanner.obj
 0001:00005e5f       ?GetValueAt@?$CSimpleMap@PA_WPA_WVCExpansionVectorEqualHelper@ATL@@@ATL@@QBEAAPA_WH@Z 10006e5f f i ImageScanner.obj
 0001:00005e85       ?GetZoomInfo@CComControlBase@ATL@@QAEXAAUATL_DRAWINFO@@@Z 10006e85 f i ImageScanner.obj
 0001:00005f18       ?HKeyFromString@CRegParser@ATL@@KAPAUHKEY__@@PA_W@Z 10006f18 f i ImageScanner.obj
 0001:00005f46       ?HasSubKeys@CRegParser@ATL@@IAEHPAUHKEY__@@@Z 10006f46 f i ImageScanner.obj
 0001:00005f7b       ?IDataObject_GetData@CComControlBase@ATL@@QAEJPAUtagFORMATETC@@PAUtagSTGMEDIUM@@@Z 10006f7b f i ImageScanner.obj
 0001:00006121       ?IOleInPlaceObject_InPlaceDeactivate@CComControlBase@ATL@@QAEJXZ 10007121 f i ImageScanner.obj
 0001:000061a8       ?IOleInPlaceObject_SetObjectRects@CComControlBase@ATL@@QAEJPBUtagRECT@@0@Z 100071a8 f i ImageScanner.obj
 0001:00006275       ?IOleInPlaceObject_UIDeactivate@CComControlBase@ATL@@QAEJXZ 10007275 f i ImageScanner.obj
 0001:00006337       ?IOleObject_Advise@CComControlBase@ATL@@QAEJPAUIAdviseSink@@PAK@Z 10007337 f i ImageScanner.obj
 0001:00006361       ?IOleObject_Close@CComControlBase@ATL@@QAEJK@Z 10007361 f i ImageScanner.obj
 0001:00006445       ?IOleObject_GetClientSite@CComControlBase@ATL@@QAEJPAPAUIOleClientSite@@@Z 10007445 f i ImageScanner.obj
 0001:0000646e       ?IOleObject_SetClientSite@CComControlBase@ATL@@QAEJPAUIOleClientSite@@@Z 1000746e f i ImageScanner.obj
 0001:000064ad       ?IOleObject_SetExtent@CComControlBase@ATL@@QAEJKPAUtagSIZE@@@Z 100074ad f i ImageScanner.obj
 0001:00006561       ?IPSI_GetIPersistStreamInit@?$IPersistStorageImpl@VCOPOSImageScanner@@@ATL@@AAEPAUIPersistStreamInit@@XZ 10007561 f i ImageScanner.obj
 0001:000065a3       ?IPersistStreamInit_Load@?$IPersistStreamInitImpl@VCOPOSImageScanner@@@ATL@@QAEJPAUIStream@@PBUATL_PROPMAP_ENTRY@2@@Z 100075a3 f i ImageScanner.obj
 0001:000065cf       ?IPersistStreamInit_Save@?$IPersistStreamInitImpl@VCOPOSImageScanner@@@ATL@@QAEJPAUIStream@@HPBUATL_PROPMAP_ENTRY@2@@Z 100075cf f i ImageScanner.obj
 0001:00006604       ?IQuickActivate_QuickActivate@CComControlBase@ATL@@QAEJPAUtagQACONTAINER@@PAUtagQACONTROL@@@Z 10007604 f i ImageScanner.obj
 0001:00006846       ?IViewObject_Draw@CComControlBase@ATL@@QAEJKJPAXPAUtagDVTARGETDEVICE@@PAUHDC__@@2PBU_RECTL@@3@Z 10007846 f i ImageScanner.obj
 0001:000068ee       ?InPlaceActivate@CComControlBase@ATL@@QAEJJPBUtagRECT@@@Z 100078ee f i ImageScanner.obj
 0001:00006b5f       ?Init@?$CComEnumImpl@UIEnumConnectionPoints@@$1?_GUID_b196b285_bab4_101a_b69c_00aa00341d07@@3U__s_GUID@@BPAUIConnectionPoint@@V?$_CopyInterface@UIConnectionPoint@@@ATL@@@ATL@@QAEJPAPAUIConnectionPoint@@0PAUIUnknown@@W4CComEnumFlags@2@@Z 10007b5f f i ImageScanner.obj
 0001:00006c3e       ?Init@?$CComEnumImpl@UIEnumConnections@@$1?_GUID_b196b287_bab4_101a_b69c_00aa00341d07@@3U__s_GUID@@BUtagCONNECTDATA@@V?$_Copy@UtagCONNECTDATA@@@ATL@@@ATL@@QAEJPAUtagCONNECTDATA@@0PAUIUnknown@@W4CComEnumFlags@2@@Z 10007c3e f i ImageScanner.obj
 0001:00006d1d       ?Init@CComModule@ATL@@QAEJPAU_ATL_OBJMAP_ENTRY30@2@PAUHINSTANCE__@@PBU_GUID@@@Z 10007d1d f i ImageScanner.obj
 0001:00006d7c       ?Init@CDynamicStdCallThunk2@ATL@@QAEHKPAX@Z 10007d7c f i ImageScanner.obj
 0001:00006da7       ?InlineIsEqualUnknown@ATL@@YGHABU_GUID@@@Z 10007da7 f i ImageScanner.obj
 0001:00006dcf       ?InternalGetSite@CComControlBase@ATL@@QAEJABU_GUID@@PAPAX@Z 10007dcf f i ImageScanner.obj
 0001:00006dfd       ?InternalSetAtIndex@?$CSimpleMap@PA_WPA_WVCExpansionVectorEqualHelper@ATL@@@ATL@@QAEXHABQA_W0@Z 10007dfd f i ImageScanner.obj
 0001:00006e27       ?Invoke@CComTypeInfoHolder@ATL@@QAEJPAUIDispatch@@JABU_GUID@@KGPAUtagDISPPARAMS@@PAUtagVARIANT@@PAUtagEXCEPINFO@@PAI@Z 10007e27 f i ImageScanner.obj
 0001:00006e6a       ?IsEqualObject@?$CComPtrBase@UITypeInfo@@@ATL@@QAE_NPAUIUnknown@@@Z 10007e6a f i ImageScanner.obj
 0001:00006e6a       ?IsEqualObject@?$CComPtrBase@UIOleClientSite@@@ATL@@QAE_NPAUIUnknown@@@Z 10007e6a f i ImageScanner.obj
 0001:00006ed7       ?IsSpace@CRegParser@ATL@@IAEH_W@Z 10007ed7 f i ImageScanner.obj
 0001:00006f01       ?LoadNameCache@CComTypeInfoHolder@ATL@@QAEJPAUITypeInfo@@@Z 10007f01 f i ImageScanner.obj
 0001:0000704f       ?Lookup@?$CSimpleMap@PA_WPA_WVCExpansionVectorEqualHelper@ATL@@@ATL@@QBEPA_WABQA_W@Z 1000804f f i ImageScanner.obj
 0001:00007075       ?NextToken@CRegParser@ATL@@IAEJPA_W@Z 10008075 f i ImageScanner.obj
 0001:000071ad       ?OnKillFocus@CComControlBase@ATL@@QAEJIIJAAH@Z 100081ad f i ImageScanner.obj
 0001:00007208       ?OnMouseActivate@CComControlBase@ATL@@QAEJIIJAAH@Z 10008208 f i ImageScanner.obj
 0001:00007276       ?OnPaint@CComControlBase@ATL@@QAEJIIJAAH@Z 10008276 f i ImageScanner.obj
 0001:00007328       ?OnSetFocus@CComControlBase@ATL@@QAEJIIJAAH@Z 10008328 f i ImageScanner.obj
 0001:000073b1       ?Open@CRegKey@ATL@@QAEJPAUHKEY__@@PB_WK@Z 100083b1 f i ImageScanner.obj
 0001:00007406       ?PreProcessBuffer@CRegParser@ATL@@QAEJPA_WPAPA_W@Z 10008406 f i ImageScanner.obj
 0001:00007670       ?ProcessWindowMessage@?$CComControl@VCOPOSImageScanner@@V?$CWindowImpl@VCOPOSImageScanner@@VCWindow@ATL@@V?$CWinTraits@$0FGAAAAAA@$0A@@3@@ATL@@@ATL@@UAEHPAUHWND__@@IIJAAJK@Z 10008670 f i ImageScanner.obj
 0001:0000770f       ?PutProperty@?$CComPtr@UIDispatch@@@ATL@@SAJPAUIDispatch@@JPAUtagVARIANT@@@Z 1000870f f i ImageScanner.obj
 0001:000077a1       ?ReadFromStream@CComBSTR@ATL@@QAEJPAUIStream@@@Z 100087a1 f i ImageScanner.obj
 0001:000078cf       ?ReadFromStream@CComVariant@ATL@@QAEJPAUIStream@@GTClassesAllowedInStream@2@K@Z 100088cf f i ImageScanner.obj
 0001:00007a55       ?RecurseDeleteKey@CRegKey@ATL@@QAEJPB_W@Z 10008a55 f i ImageScanner.obj
 0001:00007b17       ?RegCreateKeyExW@CAtlTransactionManager@ATL@@QAEJPAUHKEY__@@PB_WKPA_WKKQAU_SECURITY_ATTRIBUTES@@PAPAU3@PAK@Z 10008b17 f i ImageScanner.obj
 0001:00007b7a       ?RegDeleteKeyW@CAtlTransactionManager@ATL@@QAEJPAUHKEY__@@PB_W@Z 10008b7a f i ImageScanner.obj
 0001:00007bcc       ?RegOpenKeyExW@CAtlTransactionManager@ATL@@QAEJPAUHKEY__@@PB_WKKPAPAU3@@Z 10008bcc f i ImageScanner.obj
 0001:00007c23       ?Register@_ATL_WNDCLASSINFOW@ATL@@QAEGPAP6GJPAUHWND__@@IIJ@Z@Z 10008c23 f i ImageScanner.obj
 0001:00007c43       ?RegisterBuffer@CRegParser@ATL@@QAEJPA_WH@Z 10008c43 f i ImageScanner.obj
 0001:00007d7c       ?RegisterFromResource@CRegObject@ATL@@IAEJPB_W00H@Z 10008d7c f i ImageScanner.obj
 0001:00007eb2       ?RegisterServer@?$CAtlModuleT@VCComModule@ATL@@@ATL@@QAEJHPBU_GUID@@@Z 10008eb2 f i ImageScanner.obj
 0001:00007ee0       ?RegisterServer@CComModule@ATL@@QAEJHPBU_GUID@@@Z 10008ee0 f i ImageScanner.obj
 0001:00007f56       ?RegisterSubkeys@CRegParser@ATL@@IAEJPA_WPAUHKEY__@@HH@Z 10008f56 f i ImageScanner.obj
 0001:00008525       ?Remove@CComDynamicUnkArray@ATL@@QAEHK@Z 10009525 f i ImageScanner.obj
 0001:0000854e       ?RemoveAll@?$CSimpleMap@PA_WPA_WVCExpansionVectorEqualHelper@ATL@@@ATL@@QAEXXZ 1000954e f i ImageScanner.obj
 0001:0000857a       ?ResourceRegisterSz@CRegObject@ATL@@QAGJPB_W00@Z 1000957a f i ImageScanner.obj
 0001:000085a7       ?ResourceUnregisterSz@CRegObject@ATL@@QAGJPB_W00@Z 100095a7 f i ImageScanner.obj
 0001:000085d4       ?SendOnDataChange@CComControlBase@ATL@@QAEJK@Z 100095d4 f i ImageScanner.obj
 0001:00008621       ?SetControlFocus@CComControlBase@ATL@@QAEHH@Z 10009621 f i ImageScanner.obj
 0001:000086be       ?SetMultiStringValue@CRegKey@ATL@@QAEJPB_W0@Z 100096be f i ImageScanner.obj
 0001:0000871a       ?SetStringValue@CRegKey@ATL@@QAEJPB_W0K@Z 1000971a f i ImageScanner.obj
 0001:00008763       ?SkipAssignment@CRegParser@ATL@@IAEJPA_W@Z 10009763 f i ImageScanner.obj
 0001:000087c8       ?SkipWhiteSpace@CRegParser@ATL@@IAEXXZ 100097c8 f i ImageScanner.obj
 0001:000087ea       ?StrChrW@CRegParser@ATL@@KAPA_WPA_W_W@Z 100097ea f i ImageScanner.obj
 0001:00008827       ?Term@CAtlModule@ATL@@QAEXXZ 10009827 f i ImageScanner.obj
 0001:00008860       ?Term@CComModule@ATL@@QAEXXZ 10009860 f i ImageScanner.obj
 0001:000088b8       ?UnregisterServer@?$CAtlModuleT@VCComModule@ATL@@@ATL@@QAEJHPBU_GUID@@@Z 100098b8 f i ImageScanner.obj
 0001:000088de       ?UnregisterServer@CComModule@ATL@@QAEJHPBU_GUID@@@Z 100098de f i ImageScanner.obj
 0001:00008954       ?UpdateRegistryFromResource@CAtlModule@ATL@@QAGJIHPAU_ATL_REGMAP_ENTRY@2@@Z 10009954 f i ImageScanner.obj
 0001:00008b1f       ?UpdateRegistryFromResource@CAtlModule@ATL@@QAGJPB_WHPAU_ATL_REGMAP_ENTRY@2@@Z 10009b1f f i ImageScanner.obj
 0001:00008cf0       ?VTFromRegType@CRegParser@ATL@@KAHPB_WAAG@Z 10009cf0 f i ImageScanner.obj
 0001:00008d5d       ?WindowProc@?$CWindowImplBaseT@VCWindow@ATL@@V?$CWinTraits@$0FGAAAAAA@$0A@@2@@ATL@@SGJPAUHWND__@@IIJ@Z 10009d5d f i ImageScanner.obj
 0001:00008e4f       ?WriteToStream@CComBSTR@ATL@@QAEJPAUIStream@@@Z 10009e4f f i ImageScanner.obj
 0001:00008ea6       ?WriteToStream@CComVariant@ATL@@QAEJPAUIStream@@@Z 10009ea6 f i ImageScanner.obj
 0001:00009020       ?WriteToStream@CComVariant@ATL@@QAEJPAUIStream@@G@Z 1000a020 f i ImageScanner.obj
 0001:00009089       ?_AtlInitialConstruct@?$CComObjectRootEx@VCComMultiThreadModel@ATL@@@ATL@@QAEJXZ 1000a089 f i ImageScanner.obj
 0001:0000909e       ?_AtlVerifyStackAvailable@_ATL_SAFE_ALLOCA_IMPL@ATL@@YA_NK@Z 1000a09e f i ImageScanner.obj
 0001:0000911c       ?atlCreate@?$CWindowImpl@VCOPOSImageScanner@@VCWindow@ATL@@V?$CWinTraits@$0FGAAAAAA@$0A@@3@@ATL@@QAEPAUHWND__@@PAU3@V_U_RECT@2@PB_WKKV_U_MENUorID@2@PAX@Z 1000a11c f i ImageScanner.obj
 0001:00009160       ?atlCreate@?$CWindowImplBaseT@VCWindow@ATL@@V?$CWinTraits@$0FGAAAAAA@$0A@@2@@ATL@@QAEPAUHWND__@@PAU3@V_U_RECT@2@PB_WKKV_U_MENUorID@2@GPAX@Z 1000a160 f i ImageScanner.obj
 0001:000091fc       ?atlCreate@CRegKey@ATL@@QAEJPAUHKEY__@@PB_WPA_WKKPAU_SECURITY_ATTRIBUTES@@PAK@Z 1000a1fc f i ImageScanner.obj
 0001:0000926b       ?copy@?$_Copy@UtagCONNECTDATA@@@ATL@@SAJPAUtagCONNECTDATA@@PBU3@@Z 1000a26b f i ImageScanner.obj
 0001:000092a1       ?copy@?$_CopyInterface@UIConnectionPoint@@@ATL@@SAJPAPAUIConnectionPoint@@PBQAU3@@Z 1000a2a1 f i ImageScanner.obj
 0001:000092cf       ?memcpy_s@Checked@ATL@@YAXPAXIPBXI@Z 1000a2cf f i ImageScanner.obj
 0001:000092ee       ?ocscpy_s@@YA_NPA_WIPB_W@Z 1000a2ee f i ImageScanner.obj
 0001:0000931d       ?ocslen@@YAHPB_W@Z         1000a31d f i ImageScanner.obj
 0001:0000933d       ?wcscpy_s@Checked@ATL@@YAXPA_WIPB_W@Z 1000a33d f i ImageScanner.obj
 0001:00009359       _DllCanUnloadNow@0         1000a359 f   ImageScanner.obj
 0001:00009365       _DllGetClassObject@12      1000a365 f   ImageScanner.obj
 0001:00009373       _DllMain@12                1000a373 f   ImageScanner.obj
 0001:000093b5       _DllRegisterServer@0       1000a3b5 f   ImageScanner.obj
 0001:000093c4       _DllUnregisterServer@0     1000a3c4 f   ImageScanner.obj
 0001:000093d3       _InlineIsEqualGUID         1000a3d3 f i ImageScanner.obj
 0001:00009403       ___local_stdio_printf_options 1000a403 f i ImageScanner.obj
 0001:00009409       __vswprintf_s_l            1000a409 f i ImageScanner.obj
 0001:000094b6       _swprintf_s                1000a4b6 f i ImageScanner.obj
 0001:000094d2       ??0?$CComControl@VCOPOSImageScanner@@V?$CWindowImpl@VCOPOSImageScanner@@VCWindow@ATL@@V?$CWinTraits@$0FGAAAAAA@$0A@@3@@ATL@@@ATL@@QAE@XZ 1000a4d2 f i ImageScannerImpl.obj
 0001:000094f9       ??0?$CProxy_IOPOSEvents@VCOPOSImageScanner@@@@QAE@XZ 1000a4f9 f i ImageScannerImpl.obj
 0001:00009519       ??0CComControlBase@ATL@@QAE@AAPAUHWND__@@@Z 1000a519 f i ImageScannerImpl.obj
 0001:00009563       ??0COPOSImageScanner@@QAE@XZ 1000a563 f   ImageScannerImpl.obj
 0001:00009599       ??1?$CComControl@VCOPOSImageScanner@@V?$CWindowImpl@VCOPOSImageScanner@@VCWindow@ATL@@V?$CWinTraits@$0FGAAAAAA@$0A@@3@@ATL@@@ATL@@UAE@XZ 1000a599 f i ImageScannerImpl.obj
 0001:000095b2       ??1?$IConnectionPointImpl@VCOPOSImageScanner@@$1?DIID__IOPOSImageScannerEvents@@3U_GUID@@BVCComDynamicUnkArray@ATL@@@ATL@@QAE@XZ 1000a5b2 f i ImageScannerImpl.obj
 0001:000095b2       ??1?$IConnectionPointImpl@VCOPOSImageScanner@@$1?IID_IPropertyNotifySink@@3U_GUID@@BVCComDynamicUnkArray@ATL@@@ATL@@QAE@XZ 1000a5b2 f i ImageScannerImpl.obj
 0001:000095ef       ??1CComControlBase@ATL@@UAE@XZ 1000a5ef f i ImageScannerImpl.obj
 0001:00009652       ??1COPOSImageScanner@@UAE@XZ 1000a652 f   ImageScannerImpl.obj
 0001:0000969a       ??1OposVariantResult@@QAE@XZ 1000a69a f i ImageScannerImpl.obj
 0001:000096bb       ??1_CW@@QAE@XZ             1000a6bb f i ImageScannerImpl.obj
 0001:000096d4       ?CheckHealth@COPOSImageScanner@@UAGJJPAJ@Z 1000a6d4 f   ImageScannerImpl.obj
 0001:00009723       ?ClaimDevice@COPOSImageScanner@@UAGJJPAJ@Z 1000a723 f   ImageScannerImpl.obj
 0001:00009798       ?ClearInput@COPOSImageScanner@@UAGJPAJ@Z 1000a798 f   ImageScannerImpl.obj
 0001:000097b3       ?ClearInputProperties@COPOSImageScanner@@UAGJPAJ@Z 1000a7b3 f   ImageScannerImpl.obj
 0001:000097ce       ?Close@COPOSImageScanner@@UAGJPAJ@Z 1000a7ce f   ImageScannerImpl.obj
 0001:0000983c       ?CompareFirmwareVersion@COPOSImageScanner@@UAGJPA_WPAJ1@Z 1000a83c f   ImageScannerImpl.obj
 0001:000098bc       ?DirectIO@COPOSImageScanner@@UAGJJPAJPAPA_W0@Z 1000a8bc f   ImageScannerImpl.obj
 0001:0000996a       ?DoInvoke@COPOSImageScanner@@IAEJJPAVOposVariant@@IHPAJ_N@Z 1000a96a f   ImageScannerImpl.obj
 0001:00009a2c       ?EventClose@COPOSImageScanner@@IAEXXZ 1000aa2c f i ImageScannerImpl.obj
 0001:00009a5f       ?EventInit@COPOSImageScanner@@IAEJXZ 1000aa5f f i ImageScannerImpl.obj
 0001:00009b2b       ?EventUninit@COPOSImageScanner@@IAEXXZ 1000ab2b f i ImageScannerImpl.obj
 0001:00009b7d       ?EventWindowProc@COPOSImageScanner@@IAGJIIJ@Z 1000ab7d f i ImageScannerImpl.obj
 0001:00009c51       ?FinalConstruct@COPOSImageScanner@@QAEJXZ 1000ac51 f   ImageScannerImpl.obj
 0001:00009c8a       ?FireEventCleanup@COPOSImageScanner@@IAEXXZ 1000ac8a f i ImageScannerImpl.obj
 0001:00009ca0       ?FireEventSetup@COPOSImageScanner@@IAE_NXZ 1000aca0 f i ImageScannerImpl.obj
 0001:00009cd4       ?FreezeEvents@COPOSImageScanner@@MAGJH@Z 1000acd4 f   ImageScannerImpl.obj
 0001:00009d34       ?GetOposProp@COPOSImageScanner@@IAEJJPAFJ@Z 1000ad34 f   ImageScannerImpl.obj
 0001:00009d57       ?GetOposProp@COPOSImageScanner@@IAEJJPAJJ@Z 1000ad57 f   ImageScannerImpl.obj
 0001:00009e15       ?GetOposProp@COPOSImageScanner@@IAEJJPAPA_WJ@Z 1000ae15 f   ImageScannerImpl.obj
 0001:00009ee0       ?OnDraw@COPOSImageScanner@@MAEJAAUATL_DRAWINFO@@@Z 1000aee0 f   ImageScannerImpl.obj
 0001:00009f80       ?Open@COPOSImageScanner@@UAGJPA_WPAJ@Z 1000af80 f   ImageScannerImpl.obj
 0001:0000a719       ?ReleaseDevice@COPOSImageScanner@@UAGJPAJ@Z 1000b719 f   ImageScannerImpl.obj
 0001:0000a768       ?ResetStatistics@COPOSImageScanner@@UAGJPA_WPAJ@Z 1000b768 f   ImageScannerImpl.obj
 0001:0000a7bf       ?RetrieveStatistics@COPOSImageScanner@@UAGJPAPA_WPAJ@Z 1000b7bf f   ImageScannerImpl.obj
 0001:0000a816       ?SOProcessID@COPOSImageScanner@@UAGJPAJ@Z 1000b816 f   ImageScannerImpl.obj
 0001:0000a82a       ?SetCOFreezeEvents@COPOSImageScanner@@IAEXF@Z 1000b82a f   ImageScannerImpl.obj
 0001:0000a8b5       ?SetOposProp@COPOSImageScanner@@IAEJJJJ@Z 1000b8b5 f   ImageScannerImpl.obj
 0001:0000a993       ?StartSession@COPOSImageScanner@@UAGJPAJ@Z 1000b993 f   ImageScannerImpl.obj
 0001:0000a9ae       ?StopSession@COPOSImageScanner@@UAGJPAJ@Z 1000b9ae f   ImageScannerImpl.obj
 0001:0000a9c9       ?UpdateFirmware@COPOSImageScanner@@UAGJPA_WPAJ@Z 1000b9c9 f   ImageScannerImpl.obj
 0001:0000aa20       ?UpdateStatistics@COPOSImageScanner@@UAGJPA_WPAJ@Z 1000ba20 f   ImageScannerImpl.obj
 0001:0000aa77       ?get_AimMode@COPOSImageScanner@@UAGJPAF@Z 1000ba77 f   ImageScannerImpl.obj
 0001:0000aa90       ?get_AutoDisable@COPOSImageScanner@@UAGJPAF@Z 1000ba90 f   ImageScannerImpl.obj
 0001:0000aaa6       ?get_BinaryConversion@COPOSImageScanner@@UAGJPAJ@Z 1000baa6 f   ImageScannerImpl.obj
 0001:0000aabc       ?get_BitsPerPixel@COPOSImageScanner@@UAGJPAJ@Z 1000babc f   ImageScannerImpl.obj
 0001:0000aad5       ?get_CapAim@COPOSImageScanner@@UAGJPAF@Z 1000bad5 f   ImageScannerImpl.obj
 0001:0000aaee       ?get_CapCompareFirmwareVersion@COPOSImageScanner@@UAGJPAF@Z 1000baee f   ImageScannerImpl.obj
 0001:0000ab07       ?get_CapDecodeData@COPOSImageScanner@@UAGJPAF@Z 1000bb07 f   ImageScannerImpl.obj
 0001:0000ab20       ?get_CapHostTriggered@COPOSImageScanner@@UAGJPAF@Z 1000bb20 f   ImageScannerImpl.obj
 0001:0000ab39       ?get_CapIlluminate@COPOSImageScanner@@UAGJPAF@Z 1000bb39 f   ImageScannerImpl.obj
 0001:0000ab52       ?get_CapImageData@COPOSImageScanner@@UAGJPAF@Z 1000bb52 f   ImageScannerImpl.obj
 0001:0000ab6b       ?get_CapImageQuality@COPOSImageScanner@@UAGJPAF@Z 1000bb6b f   ImageScannerImpl.obj
 0001:0000ab84       ?get_CapPowerReporting@COPOSImageScanner@@UAGJPAJ@Z 1000bb84 f   ImageScannerImpl.obj
 0001:0000ab9d       ?get_CapStatisticsReporting@COPOSImageScanner@@UAGJPAF@Z 1000bb9d f   ImageScannerImpl.obj
 0001:0000abb6       ?get_CapUpdateFirmware@COPOSImageScanner@@UAGJPAF@Z 1000bbb6 f   ImageScannerImpl.obj
 0001:0000abcf       ?get_CapUpdateStatistics@COPOSImageScanner@@UAGJPAF@Z 1000bbcf f   ImageScannerImpl.obj
 0001:0000abe8       ?get_CapVideoData@COPOSImageScanner@@UAGJPAF@Z 1000bbe8 f   ImageScannerImpl.obj
 0001:0000ac01       ?get_CheckHealthText@COPOSImageScanner@@UAGJPAPA_W@Z 1000bc01 f   ImageScannerImpl.obj
 0001:0000ac1a       ?get_Claimed@COPOSImageScanner@@UAGJPAF@Z 1000bc1a f   ImageScannerImpl.obj
 0001:0000ac30       ?get_ControlObjectDescription@COPOSImageScanner@@UAGJPAPA_W@Z 1000bc30 f   ImageScannerImpl.obj
 0001:0000ac6d       ?get_ControlObjectVersion@COPOSImageScanner@@UAGJPAJ@Z 1000bc6d f   ImageScannerImpl.obj
 0001:0000ac80       ?get_DataCount@COPOSImageScanner@@UAGJPAJ@Z 1000bc80 f   ImageScannerImpl.obj
 0001:0000ac96       ?get_DataEventEnabled@COPOSImageScanner@@UAGJPAF@Z 1000bc96 f   ImageScannerImpl.obj
 0001:0000acac       ?get_DeviceDescription@COPOSImageScanner@@UAGJPAPA_W@Z 1000bcac f   ImageScannerImpl.obj
 0001:0000acc5       ?get_DeviceEnabled@COPOSImageScanner@@UAGJPAF@Z 1000bcc5 f   ImageScannerImpl.obj
 0001:0000acdb       ?get_DeviceName@COPOSImageScanner@@UAGJPAPA_W@Z 1000bcdb f   ImageScannerImpl.obj
 0001:0000acf4       ?get_FrameData@COPOSImageScanner@@UAGJPAPA_W@Z 1000bcf4 f   ImageScannerImpl.obj
 0001:0000ad0d       ?get_FrameType@COPOSImageScanner@@UAGJPAJ@Z 1000bd0d f   ImageScannerImpl.obj
 0001:0000ad26       ?get_FreezeEvents@COPOSImageScanner@@UAGJPAF@Z 1000bd26 f   ImageScannerImpl.obj
 0001:0000ad3c       ?get_IlluminateMode@COPOSImageScanner@@UAGJPAF@Z 1000bd3c f   ImageScannerImpl.obj
 0001:0000ad55       ?get_ImageHeight@COPOSImageScanner@@UAGJPAJ@Z 1000bd55 f   ImageScannerImpl.obj
 0001:0000ad6e       ?get_ImageLength@COPOSImageScanner@@UAGJPAJ@Z 1000bd6e f   ImageScannerImpl.obj
 0001:0000ad87       ?get_ImageMode@COPOSImageScanner@@UAGJPAJ@Z 1000bd87 f   ImageScannerImpl.obj
 0001:0000ada0       ?get_ImageQuality@COPOSImageScanner@@UAGJPAJ@Z 1000bda0 f   ImageScannerImpl.obj
 0001:0000adb9       ?get_ImageType@COPOSImageScanner@@UAGJPAJ@Z 1000bdb9 f   ImageScannerImpl.obj
 0001:0000add2       ?get_ImageWidth@COPOSImageScanner@@UAGJPAJ@Z 1000bdd2 f   ImageScannerImpl.obj
 0001:0000adeb       ?get_OpenResult@COPOSImageScanner@@UAGJPAJ@Z 1000bdeb f   ImageScannerImpl.obj
 0001:0000ae02       ?get_PowerNotify@COPOSImageScanner@@UAGJPAJ@Z 1000be02 f   ImageScannerImpl.obj
 0001:0000ae18       ?get_PowerState@COPOSImageScanner@@UAGJPAJ@Z 1000be18 f   ImageScannerImpl.obj
 0001:0000ae2e       ?get_ResultCode@COPOSImageScanner@@UAGJPAJ@Z 1000be2e f   ImageScannerImpl.obj
 0001:0000ae6c       ?get_ResultCodeExtended@COPOSImageScanner@@UAGJPAJ@Z 1000be6c f   ImageScannerImpl.obj
 0001:0000ae82       ?get_ServiceObjectDescription@COPOSImageScanner@@UAGJPAPA_W@Z 1000be82 f   ImageScannerImpl.obj
 0001:0000ae9b       ?get_ServiceObjectVersion@COPOSImageScanner@@UAGJPAJ@Z 1000be9b f   ImageScannerImpl.obj
 0001:0000aeb1       ?get_State@COPOSImageScanner@@UAGJPAJ@Z 1000beb1 f   ImageScannerImpl.obj
 0001:0000aedd       ?get_VideoCount@COPOSImageScanner@@UAGJPAJ@Z 1000bedd f   ImageScannerImpl.obj
 0001:0000aef6       ?get_VideoRate@COPOSImageScanner@@UAGJPAJ@Z 1000bef6 f   ImageScannerImpl.obj
 0001:0000af0f       ?put_AimMode@COPOSImageScanner@@UAGJF@Z 1000bf0f f   ImageScannerImpl.obj
 0001:0000af2f       ?put_AutoDisable@COPOSImageScanner@@UAGJF@Z 1000bf2f f   ImageScannerImpl.obj
 0001:0000af4c       ?put_BinaryConversion@COPOSImageScanner@@UAGJJ@Z 1000bf4c f   ImageScannerImpl.obj
 0001:0000af62       ?put_DataEventEnabled@COPOSImageScanner@@UAGJF@Z 1000bf62 f   ImageScannerImpl.obj
 0001:0000af7f       ?put_DeviceEnabled@COPOSImageScanner@@UAGJF@Z 1000bf7f f   ImageScannerImpl.obj
 0001:0000af9c       ?put_FreezeEvents@COPOSImageScanner@@UAGJF@Z 1000bf9c f   ImageScannerImpl.obj
 0001:0000afe8       ?put_IlluminateMode@COPOSImageScanner@@UAGJF@Z 1000bfe8 f   ImageScannerImpl.obj
 0001:0000b008       ?put_ImageMode@COPOSImageScanner@@UAGJJ@Z 1000c008 f   ImageScannerImpl.obj
 0001:0000b021       ?put_ImageQuality@COPOSImageScanner@@UAGJJ@Z 1000c021 f   ImageScannerImpl.obj
[...]
 0002:00001b04       ?candidate_modules@?1??try_get_FlsGetValue@@YAP6GPAXK@ZXZ@4QBW4module_id@?A0x5d2a34d3@@B 1001fb04     libvcruntime:winapi_downlevel.obj
 0002:00001b18       ?candidate_modules@?1??try_get_FlsSetValue@@YAP6GHKPAX@ZXZ@4QBW4module_id@?A0x5d2a34d3@@B 1001fb18     libvcruntime:winapi_downlevel.obj
 0002:00001b2c       ?candidate_modules@?1??try_get_InitializeCriticalSectionEx@@YAP6GHPAU_RTL_CRITICAL_SECTION@@KK@ZXZ@4QBW4module_id@?A0x5d2a34d3@@B 1001fb2c     libvcruntime:winapi_downlevel.obj
 0002:00001b70       ?tokenTable@@3QBQBDB       1001fb70     libvcruntime:undname.obj
 0002:00001bb0       ?nameTable@@3QBQBDB        1001fbb0     libvcruntime:undname.obj
 0002:00001cf8       ?rttiTable@@3QBQBDB        1001fcf8     libvcruntime:undname.obj
 0002:00002310       _errtable                  10020310     libucrt:errno.obj
 0002:000025b8       ___acrt_initializers       100205b8     libucrt:initialization.obj
 0002:00002630       _module_names              10020630     libucrt:winapi_thunks.obj
 0002:00002b78       ?candidate_modules@?1??try_get_FlsAlloc@@YAP6GKP6GXPAX@Z@ZXZ@4QBW4module_id@?A0x352e5c4b@@B 10020b78     libucrt:winapi_thunks.obj
 0002:00002b8c       ?candidate_modules@?1??try_get_FlsFree@@YAP6GHK@ZXZ@4QBW4module_id@?A0x352e5c4b@@B 10020b8c     libucrt:winapi_thunks.obj
 0002:00002b9c       ?candidate_modules@?1??try_get_FlsGetValue@@YAP6GPAXK@ZXZ@4QBW4module_id@?A0x352e5c4b@@B 10020b9c     libucrt:winapi_thunks.obj
 0002:00002bb0       ?candidate_modules@?1??try_get_FlsSetValue@@YAP6GHKPAX@ZXZ@4QBW4module_id@?A0x352e5c4b@@B 10020bb0     libucrt:winapi_thunks.obj
 0002:00002bc4       ?candidate_modules@?1??try_get_GetCurrentPackageId@@YAP6GJPAIPAE@ZXZ@4QBW4module_id@?A0x352e5c4b@@B 10020bc4     libucrt:winapi_thunks.obj
 0002:00002be0       ?candidate_modules@?1??try_get_InitializeCriticalSectionEx@@YAP6GHPAU_RTL_CRITICAL_SECTION@@KK@ZXZ@4QBW4module_id@?A0x352e5c4b@@B 10020be0     libucrt:winapi_thunks.obj
 0002:00002c04       ?candidate_modules@?1??try_get_LCMapStringEx@@YAP6GHPB_WK0HPA_WHPAU_nlsversioninfo@@PAXJ@ZXZ@4QBW4module_id@?A0x352e5c4b@@B 10020c04     libucrt:winapi_thunks.obj
 0002:00002c1c       ?candidate_modules@?1??try_get_LocaleNameToLCID@@YAP6GKPB_WK@ZXZ@4QBW4module_id@?A0x352e5c4b@@B 10020c1c     libucrt:winapi_thunks.obj
 0002:00002c38       ?candidate_modules@?1??try_get_SetThreadStackGuarantee@@YAP6GHPAK@ZXZ@4QBW4module_id@?A0x352e5c4b@@B 10020c38     libucrt:winapi_thunks.obj
 0002:00003164       __mb_locale_names          10021164     libucrt:mbctype.obj
 0002:000039b0       _LcidToLocaleNameTable     100219b0     libucrt:lcidtoname_downlevel.obj
 0002:00004ad8       _LocaleNameToIndexTable    10022ad8     libucrt:lcidtoname_downlevel.obj
 0002:00006410       LOG_name                   10024410     libucrt:log10.obj
 0002:00006420       _One                       10024420     libucrt:ceil_pentium4.obj
 0002:00006430       _Bns                       10024430     libucrt:ceil_pentium4.obj
 0002:00006440       _Zero                      10024440     libucrt:ceil_pentium4.obj
 0002:00006450       _S                         10024450     libucrt:ceil_pentium4.obj
 0002:00006460       _NegZero                   10024460     libucrt:ceil_pentium4.obj
 0002:00006470       emask                      10024470     libucrt:log10_pentium4.obj
 0002:00006480       CC                         10024480     libucrt:log10_pentium4.obj
 0002:00006490       Magic                      10024490     libucrt:log10_pentium4.obj
 0002:000064a0       hi_mask                    100244a0     libucrt:log10_pentium4.obj
 0002:000064b0       LOG10_2                    100244b0     libucrt:log10_pentium4.obj
 0002:000064c0       place_L                    100244c0     libucrt:log10_pentium4.obj
 0002:000064e0       One                        100244e0     libucrt:log10_pentium4.obj
 0002:000064f0       Zero                       100244f0     libucrt:log10_pentium4.obj
 0002:00006500       Two52                      10024500     libucrt:log10_pentium4.obj
 0002:00006510       Infs                       10024510     libucrt:log10_pentium4.obj
 0002:00006520       NaN                        10024520     libucrt:log10_pentium4.obj
 0002:00006530       coeff                      10024530     libucrt:log10_pentium4.obj
 0002:0000658e       _log2max                   1002458e     libucrt:87tran.obj
 0002:00006598       _smallarg                  10024598     libucrt:87tran.obj
 0002:000065a2       _half                      100245a2     libucrt:87tran.obj
 0002:000065ee       One                        100245ee     libucrt:87disp.obj
 0002:000065f6       Three                      100245f6     libucrt:87disp.obj
 0002:000065fe       XAMtoTagTab                100245fe     libucrt:87disp.obj
 0002:00006610       One                        10024610     libucrt:common.obj
 0002:00006624       DblMax                     10024624     libucrt:common.obj
 0002:0000662c       DblMin                     1002462c     libucrt:common.obj
 0002:00006634       IeeeAdjO                   10024634     libucrt:common.obj
 0002:0000663c       IeeeAdjU                   1002463c     libucrt:common.obj
 0002:00006644       _infinity                  10024644     libucrt:common.obj
 0002:0000664c       _zero                      1002464c     libucrt:common.obj
 0002:00006688       _over                      10024688     libucrt:fpctrl.obj
 0002:00006694       _under                     10024694     libucrt:fpctrl.obj
 0002:00006f58       ?_names@?1??_get_fname@@9@9 10024f58     libucrt:fpexcept.obj
 0002:00007730       __sehtable$?_AtlVerifyStackAvailable@_ATL_SAFE_ALLOCA_IMPL@ATL@@YA_NK@Z 10025730     ImageScanner.obj
 0002:00007750       __sehtable$___scrt_is_nonwritable_in_current_image 10025750     LIBCMT:utility.obj
 0002:0000776c       __ehfuncinfo$?__scrt_initialize_thread_safe_statics_platform_specific@@YAXXZ 1002576c     LIBCMT:thread_safe_statics.obj
 0002:00007790       __catchsym$??2@YAPAXIABUnothrow_t@std@@@Z$2 10025790     LIBCMT:new_scalar_nothrow.obj
 0002:000077a0       __unwindtable$??2@YAPAXIABUnothrow_t@std@@@Z 100257a0     LIBCMT:new_scalar_nothrow.obj
 0002:000077b0       __tryblocktable$??2@YAPAXIABUnothrow_t@std@@@Z 100257b0     LIBCMT:new_scalar_nothrow.obj
 0002:000077c4       __ehfuncinfo$??2@YAPAXIABUnothrow_t@std@@@Z 100257c4     LIBCMT:new_scalar_nothrow.obj
 0002:000077e8       __sehtable$?dllmain_crt_process_attach@@YAHQAUHINSTANCE__@@QAX@Z 100257e8     LIBCMT:dll_dllmain.obj
 0002:00007808       __sehtable$?dllmain_crt_process_detach@@YAH_N@Z 10025808     LIBCMT:dll_dllmain.obj
 0002:00007828       __sehtable$?dllmain_dispatch@@YAHQAUHINSTANCE__@@KQAX@Z 10025828     LIBCMT:dll_dllmain.obj
 0002:000078d8       __sehtable$?FrameUnwindToState@__FrameHandler3@@SAXPAUEHRegistrationNode@@PAXPBU_s_FuncInfo@@H@Z 100258d8     libvcruntime:frame.obj
 0002:00007900       __sehtable$?CallCatchBlock@@YAPAXPAUEHExceptionRecord@@PAUEHRegistrationNode@@PAU_CONTEXT@@PBU_s_FuncInfo@@PAXHK@Z 10025900     libvcruntime:frame.obj
 0002:00007928       __catchsym$?CallUnexpected@@YAXPBU_s_ESTypeList@@@Z$2 10025928     libvcruntime:frame.obj
 0002:00007938       __unwindtable$?CallUnexpected@@YAXPBU_s_ESTypeList@@@Z 10025938     libvcruntime:frame.obj
 0002:00007948       __tryblocktable$?CallUnexpected@@YAXPBU_s_ESTypeList@@@Z 10025948     libvcruntime:frame.obj
 0002:0000795c       __ehfuncinfo$?CallUnexpected@@YAXPBU_s_ESTypeList@@@Z 1002595c     libvcruntime:frame.obj
 0002:00007980       __sehtable$??$BuildCatchObjectHelperInternal@V__FrameHandler3@@@@YAHPAUEHExceptionRecord@@PAXPBU_s_HandlerType@@PBU_s_CatchableType@@@Z 10025980     libvcruntime:frame.obj
 0002:000079a0       __sehtable$??$BuildCatchObjectInternal@V__FrameHandler3@@@@YAXPAUEHExceptionRecord@@PAXPBU_s_HandlerType@@PBU_s_CatchableType@@@Z 100259a0     libvcruntime:frame.obj
 0002:000079f8       __sehtable$___DestructExceptionObject 100259f8     libvcruntime:ehhelpers.obj
 0002:00007a18       __sehtable$?common_exit@@YAXHW4_crt_exit_cleanup_mode@@W4_crt_exit_return_mode@@@Z 10025a18     libucrt:exit.obj
 0002:00007a40       __sehtable$??$?RV<lambda_800076c951b434888f4765a74a194fcc>@@AAV<lambda_4e60a939b0d047cfe11ddc22648dfba9>@@V<lambda_6dbb1268764f43b569ce7b67e331d33a>@@@?$__crt_seh_guarded_call@H@@QAEH$$QAV<lambda_800076c951b434888f4765a74a194fcc>@@AAV<lambda_4e60a939b0d047cfe11ddc22648dfba9>@@$$QAV<lambda_6dbb1268764f43b569ce7b67e331d33a>@@@Z 10025a40     libucrt:onexit.obj
 0002:00007a60       __sehtable$??$?RV<lambda_995298e7d72eb4c2aab26c0585b3abe5>@@AAV<lambda_275893d493268fdec8709772e3fcec0e>@@V<lambda_293819299cbf9a7022e18b56a874bb5c>@@@?$__crt_seh_guarded_call@H@@QAEH$$QAV<lambda_995298e7d72eb4c2aab26c0585b3abe5>@@AAV<lambda_275893d493268fdec8709772e3fcec0e>@@$$QAV<lambda_293819299cbf9a7022e18b56a874bb5c>@@@Z 10025a60     libucrt:onexit.obj
 0002:00007a80       __sehtable$__query_new_handler 10025a80     libucrt:new_handler.obj
 0002:00007aa0       __sehtable$_terminate      10025aa0     libucrt:terminate.obj
 0002:00007ac0       __sehtable$??$?RV<lambda_9df27f884b057bc3edfc946cb5b7cf47>@@AAV<lambda_e69574bed617af4e071282c136b37893>@@V<lambda_cc0d902bcbbeb830f749456577db4721>@@@?$__crt_seh_guarded_call@X@@QAEX$$QAV<lambda_9df27f884b057bc3edfc946cb5b7cf47>@@AAV<lambda_e69574bed617af4e071282c136b37893>@@$$QAV<lambda_cc0d902bcbbeb830f749456577db4721>@@@Z 10025ac0     libucrt:per_thread_data.obj
 0002:00007ae0       __sehtable$??$?RV<lambda_3518db117f0e7cdb002338c5d3c47b6c>@@AAV<lambda_b2ea41f6bbb362cd97d94c6828d90b61>@@V<lambda_abdedf541bb04549bc734292b4a045d4>@@@?$__crt_seh_guarded_call@X@@QAEX$$QAV<lambda_3518db117f0e7cdb002338c5d3c47b6c>@@AAV<lambda_b2ea41f6bbb362cd97d94c6828d90b61>@@$$QAV<lambda_abdedf541bb04549bc734292b4a045d4>@@@Z 10025ae0     libucrt:per_thread_data.obj
 0002:00007b00       __sehtable$??$?RV<lambda_51b6e8b1eb166f2a3faf91f424b38130>@@AAV<lambda_6250bd4b2a391816dd638c3bf72b0bcb>@@V<lambda_0b5a4a3e68152e1d9b943535f5f47bed>@@@?$__crt_seh_guarded_call@X@@QAEX$$QAV<lambda_51b6e8b1eb166f2a3faf91f424b38130>@@AAV<lambda_6250bd4b2a391816dd638c3bf72b0bcb>@@$$QAV<lambda_0b5a4a3e68152e1d9b943535f5f47bed>@@@Z 10025b00     libucrt:per_thread_data.obj
 0002:00007b20       __sehtable$??$?RV<lambda_5b71d36f03204c0beab531769a5b5694>@@AAV<lambda_be2b3da3f62db62e9dad5dc70221a656>@@V<lambda_8f9ce462984622f9bf76b59e2aaaf805>@@@?$__crt_seh_guarded_call@X@@QAEX$$QAV<lambda_5b71d36f03204c0beab531769a5b5694>@@AAV<lambda_be2b3da3f62db62e9dad5dc70221a656>@@$$QAV<lambda_8f9ce462984622f9bf76b59e2aaaf805>@@@Z 10025b20     libucrt:per_thread_data.obj
 0002:00007b40       __sehtable$___acrt_uninitialize_locale 10025b40     libucrt:wsetlocale.obj
 0002:00007b60       __sehtable$___acrt_initialize_lowio 10025b60     libucrt:ioinit.obj
 0002:00007b80       __sehtable$___acrt_update_thread_multibyte_data 10025b80     libucrt:mbctype.obj
 0002:00007ba0       __sehtable$??$?RV<lambda_978dc153c237d78434369da87b74ff60>@@AAV<lambda_ad1ced32f4ac17aa236e5ef05d6b3b7c>@@V<lambda_4a8533e2866a575feecb8298ce776b0d>@@@?$__crt_seh_guarded_call@X@@QAEX$$QAV<lambda_978dc153c237d78434369da87b74ff60>@@AAV<lambda_ad1ced32f4ac17aa236e5ef05d6b3b7c>@@$$QAV<lambda_4a8533e2866a575feecb8298ce776b0d>@@@Z 10025ba0     libucrt:mbctype.obj
 0002:00007bc0       __sehtable$_raise          10025bc0     libucrt:signal.obj
 0002:00007be0       __sehtable$??$?RV<lambda_a048d3beccc847880fc8490e18b82769>@@AAV<lambda_ec61778202f4f5fc7e7711acc23c3bca>@@V<lambda_f7496a158712204296dd6628a163878e>@@@?$__crt_seh_guarded_call@P6AXH@Z@@QAEP6AXH@Z$$QAV<lambda_a048d3beccc847880fc8490e18b82769>@@AAV<lambda_ec61778202f4f5fc7e7711acc23c3bca>@@$$QAV<lambda_f7496a158712204296dd6628a163878e>@@@Z 10025be0     libucrt:signal.obj
 0002:00007c00       __sehtable$___acrt_update_thread_locale_data 10025c00     libucrt:locale_refcounting.obj
 0002:00007c20       __sehtable$__fcloseall     10025c20     libucrt:closeall.obj
 0002:00007c40       __sehtable$_common_flush_all 10025c40     libucrt:fflush.obj
 0002:00007c68       __sehtable$___acrt_lowio_ensure_fh_exists 10025c68     libucrt:osfinfo.obj
 0002:00007c88       __sehtable$__write         10025c88     libucrt:write.obj
 0002:00007ca8       __sehtable$_fclose         10025ca8     libucrt:fclose.obj
 0002:00007cc8       __sehtable$??$?RV<lambda_61cee617f5178ae960314fd4d05640a0>@@AAV<lambda_6978c1fb23f02e42e1d9e99668cc68aa>@@V<lambda_9cd88cf8ad10232537feb2133f08c833>@@@?$__crt_seh_guarded_call@H@@QAEH$$QAV<lambda_61cee617f5178ae960314fd4d05640a0>@@AAV<lambda_6978c1fb23f02e42e1d9e99668cc68aa>@@$$QAV<lambda_9cd88cf8ad10232537feb2133f08c833>@@@Z 10025cc8     libucrt:commit.obj
 0002:00007ce8       __sehtable$??$?RV<lambda_123407a5e2ac06da108355a851863b7a>@@AAV<lambda_2fe9b910cf3cbf4a0ab98a02ba45b3ec>@@V<lambda_ae55bdf541ad94d75914d381c370e64d>@@@?$__crt_seh_guarded_call@H@@QAEH$$QAV<lambda_123407a5e2ac06da108355a851863b7a>@@AAV<lambda_2fe9b910cf3cbf4a0ab98a02ba45b3ec>@@$$QAV<lambda_ae55bdf541ad94d75914d381c370e64d>@@@Z 10025ce8     libucrt:close.obj
 0002:00007d08       __sehtable$__IsNonwritableInCurrentImage 10025d08     LIBCMT:pesect.obj
 0002:00007d30       .edata                     10025d30     OPOSImageScanner.exp
 0002:00007d58       rgpv                       10025d58     OPOSImageScanner.exp
 0002:00007d68       rgszName                   10025d68     OPOSImageScanner.exp
 0002:00007d78       rgwOrd                     10025d78     OPOSImageScanner.exp
 0002:00007d80       szName                     10025d80     OPOSImageScanner.exp
 0002:00007d95       $N00001                    10025d95     OPOSImageScanner.exp
 0002:00007da5       $N00002                    10025da5     OPOSImageScanner.exp
 0002:00007db7       $N00003                    10025db7     OPOSImageScanner.exp
 0002:00007dc9       $N00004                    10025dc9     OPOSImageScanner.exp
 0002:000083de       .idata$6                   100263de     kernel32:KERNEL32.dll
 0002:000085f2       .idata$6                   100265f2     user32:USER32.dll
 0002:00008726       .idata$6                   10026726     gdi32:GDI32.dll
 0002:000087cc       .idata$6                   100267cc     advapi32:ADVAPI32.dll
 0002:000088e8       .idata$6                   100268e8     ole32:ole32.dll
 0002:000088f2       .idata$6                   100268f2     oleaut32:OLEAUT32.dll
 0003:00000110       ?ObjectMap@@3PAU_ATL_OBJMAP_ENTRY30@ATL@@A 10027110     ImageScanner.obj
 0003:000001bc       ?s_RequiredMethodsPerRelease@@3PAHA 100271bc     ImageScannerImpl.obj
 0003:000001c0       ?s_SOMethodNames@@3PAPADA  100271c0     ImageScannerImpl.obj
 0003:00000230       ?__vcrt_flsindex@@3KA      10027230     libvcruntime:per_thread_data.obj
 0003:00000250       _errno_no_memory           10027250     libucrt:errno.obj
 0003:00000254       _doserrno_no_memory        10027254     libucrt:errno.obj
 0003:00000260       ___acrt_flsindex           10027260     libucrt:per_thread_data.obj
 0003:000003d4       ___rgctypeflag             100273d4     libucrt:mbctype.obj
 0003:000003d8       ___rgcode_page_info        100273d8     libucrt:mbctype.obj
 0003:00000af8       ?is_initialized_as_dll@@3_NA 10027af8     LIBCMT:utility.obj
 0003:00000af9       ?module_local_atexit_table_initialized@@3_NA 10027af9     LIBCMT:utility.obj
 0003:00000afc       ?module_local_atexit_table@@3U_onexit_table_t@@A 10027afc     LIBCMT:utility.obj
 0003:00000b08       ?module_local_at_quick_exit_table@@3U_onexit_table_t@@A 10027b08     LIBCMT:utility.obj
 0003:00000b14       ?_Tss_mutex@@3U_RTL_CRITICAL_SECTION@@A 10027b14     LIBCMT:thread_safe_statics.obj
 0003:00000b2c       ?_Tss_cv@@3U_RTL_CONDITION_VARIABLE@@A 10027b2c     LIBCMT:thread_safe_statics.obj
 0003:00000b30       ?_Tss_event@@3PAXA         10027b30     LIBCMT:thread_safe_statics.obj
 0003:00000b34       ?encoded_sleep_condition_variable_cs@@3P6GHPAU_RTL_CONDITION_VARIABLE@@PAU_RTL_CRITICAL_SECTION@@K@ZA 10027b34     LIBCMT:thread_safe_statics.obj
 0003:00000b38       ?encoded_wake_all_condition_variable@@3P6GXPAU_RTL_CONDITION_VARIABLE@@@ZA 10027b38     LIBCMT:thread_safe_statics.obj
 0003:00000b40       _GS_ExceptionRecord        10027b40     LIBCMT:gs_report.obj
 0003:00000b90       _GS_ContextRecord          10027b90     LIBCMT:gs_report.obj
 0003:00000e60       ?__proc_attached@@3HA      10027e60     LIBCMT:dll_dllmain.obj
 0003:00000ebc       ?AllocateData@@3P6GPAUAtlThunkData_t@@XZA 10027ebc     atls:atlthunk.obj
 0003:00000ec0       ?InitData@@3P6GXPAUAtlThunkData_t@@PAXI@ZA 10027ec0     atls:atlthunk.obj
 0003:00000ec4       ?DataToCode@@3P6GP6GJPAUHWND__@@IIJ@ZPAUAtlThunkData_t@@@ZA 10027ec4     atls:atlthunk.obj
 0003:00000ec8       ?FreeData@@3P6GXPAUAtlThunkData_t@@@ZA 10027ec8     atls:atlthunk.obj
 0003:00000ecc       ?Initialized@@3_NA         10027ecc     atls:atlthunk.obj
 0003:00000ed8       ?__vcrt_startup_thread_ptd@@3U__vcrt_ptd@@A 10027ed8     libvcruntime:per_thread_data.obj
 0003:00000f00       ___vcrt_lock_table         10027f00     libvcruntime:locks.obj
 0003:00000f18       ___vcrt_locks_initialized  10027f18     libvcruntime:locks.obj
 0003:00000f1c       ?module_handles@@3PAPAUHINSTANCE__@@A 10027f1c     libvcruntime:winapi_downlevel.obj
 0003:00000f28       ?encoded_function_pointers@@3PAPAXA 10027f28     libvcruntime:winapi_downlevel.obj
 0003:00000f64       ?heap@@3V_HeapManager@@A   10027f64     libvcruntime:undname.obj
 0003:00000f7c       ___acrt_invalid_parameter_handler 10027f7c     libucrt:invalid_parameter.obj
 0003:00000f80       _c_termination_complete    10027f80     libucrt:exit.obj
 0003:00000f84       _thread_local_exit_callback_func 10027f84     libucrt:exit.obj
 0003:00000f88       ?c_exit_complete@?5??common_exit@@YAXHW4_crt_exit_cleanup_mode@@W4_crt_exit_return_mode@@@Z@4_NA 10027f88     libucrt:exit.obj
 0003:00000f90       ?program_name@?5???$common_configure_argv@D@@YAHW4_crt_argv_mode@@@Z@4PADA 10027f90     libucrt:argv_parsing.obj
 0003:000010c0       ___acrt_new_handler        100280c0     libucrt:new_handler.obj
 0003:000010c8       _module_handles            100280c8     libucrt:winapi_thunks.obj
 0003:00001118       _encoded_function_pointers 10028118     libucrt:winapi_thunks.obj
 0003:00001198       ?state_cache@?1??__acrt_is_packaged_app@@9@4JA 10028198     libucrt:winapi_thunks.obj
 0003:000011a4       _enable_percent_n          100281a4     libucrt:printf_count_output.obj
 0003:000013c0       ___acrt_lock_table         100283c0     libucrt:locks.obj
 0003:000014f8       ___acrt_locks_initialized  100284f8     libucrt:locks.obj
 0003:00001514       _fSystemSet                10028514     libucrt:mbctype.obj
 0003:00001518       ?initialized@?1??__acrt_initialize_multibyte@@9@4_NA 10028518     libucrt:mbctype.obj
 0003:00001538       _ctrlc_action              10028538     libucrt:signal.obj
 0003:0000153c       _ctrlbreak_action          1002853c     libucrt:signal.obj
 0003:00001540       _abort_action              10028540     libucrt:signal.obj
 0003:00001544       _term_action               10028544     libucrt:signal.obj
 0003:00001548       _user_matherr              10028548     libucrt:matherr.obj
 0003:0000154c       ___acrt_global_new_mode    1002854c     libucrt:new_mode.obj
 0003:00001558       ___acrt_app_type           10028558     libucrt:report_runtime_error.obj
 0003:00001560       __pmatherr_set             10028560     libucrt:libm_error.obj
 0004:00000220       $R000000                   10029220     ImageScanner.res
 0004:00000ba0       $R000980                   10029ba0     ImageScanner.res
 0004:00000c88       $R000A68                   10029c88     ImageScanner.res
 0004:00000ef0       $R000CD0                   10029ef0     ImageScanner.res
 0004:000013d0       $R0011B0                   1002a3d0     ImageScanner.res
 0004:000043b8       $R004198                   1002d3b8     ImageScanner.res
 0004:000043f0       $R0041D0                   1002d3f0     ImageScanner.res
