 OPOSElectronicJournal

 Timestamp is 5b863d42 (Wed Aug 29 15:29:22 2018)

 Preferred load address is 10000000

 Start         Length     Name                   Class
 0001:00000000 00000080H .text$di                CODE
 0001:00000080 0001d8fbH .text$mn                CODE
 0001:0001d97b 00000051H .text$x                 CODE
 0001:0001d9cc 00000042H .text$yd                CODE
 0002:00000000 000002fcH .idata$5                DATA
 0002:000002fc 00000004H .00cfg                  DATA
 0002:00000300 00000004H .CRT$XCA                DATA
 0002:00000304 00000004H .CRT$XCL                DATA
 0002:00000308 00000010H .CRT$XCU                DATA
 0002:00000318 00000004H .CRT$XCZ                DATA
 0002:0000031c 00000004H .CRT$XIA                DATA
 0002:00000320 00000010H .CRT$XIC                DATA
 0002:00000330 00000004H .CRT$XIZ                DATA
 0002:00000334 00000004H .CRT$XLA                DATA
 0002:00000338 00000004H .CRT$XLZ                DATA
 0002:0000033c 00000004H .CRT$XPA                DATA
 0002:00000340 00000008H .CRT$XPX                DATA
 0002:00000348 00000004H .CRT$XPXA               DATA
 0002:0000034c 00000004H .CRT$XPZ                DATA
 0002:00000350 00000004H .CRT$XTA                DATA
 0002:00000354 0000000cH .CRT$XTZ                DATA
 0002:00000358 00000000H .gfids$y                DATA
 0002:00000360 00006fa8H .rdata                  DATA
 0002:00007308 00000018H .rdata$T                DATA
 0002:00007320 00000180H .rdata$r                DATA
 0002:000074a0 00000020H .rdata$sxdata           DATA
 0002:000074c0 000003e4H .rdata$zzzdbg           DATA
 0002:000078a4 00000004H .rtc$IAA                DATA
 0002:000078a8 00000004H .rtc$IZZ                DATA
 0002:000078ac 00000004H .rtc$TAA                DATA
 0002:000078b0 00000004H .rtc$TZZ                DATA
 0002:000078b4 00000004H .tls                    DATA
 0002:000078b8 00000004H .tls$                   DATA
 0002:000078bc 00000004H .tls$ZZZ                DATA
 0002:000078c0 00000624H .xdata$x                DATA
 0002:00007ee4 00000004H ATL$__a                 DATA
 0002:00007ee8 00000008H ATL$__z                 DATA
 0002:00007ef0 000000b4H .edata                  DATA
 0002:00007fa4 00000078H .idata$2                DATA
 0002:0000801c 00000014H .idata$3                DATA
 0002:00008030 000002fcH .idata$4                DATA
 0002:0000832c 00000bc0H .idata$6                DATA
 0003:00000000 000009d0H .data                   DATA
 0003:000009d0 00000098H .data$r                 DATA
 0003:00000a68 00000b68H .bss                    DATA
 0004:00000000 00000220H .rsrc$01                DATA
 0004:00000220 00005070H .rsrc$02                DATA

  Address         Publics by Value              Rva+Base       Lib:Object

 0000:00000000       ___dynamic_value_reloc_table 00000000     <absolute>
 0000:00000000       __except_list              00000000     <absolute>
 0000:00000000       ___guard_fids_count        00000000     <absolute>
 0000:00000000       ___guard_longjmp_table     00000000     <absolute>
 0000:00000000       ___hybrid_code_map_count   00000000     <absolute>
 0000:00000000       ___hybrid_auxiliary_iat    00000000     <absolute>
 0000:00000000       ___guard_longjmp_count     00000000     <absolute>
 0000:00000000       ___guard_fids_table        00000000     <absolute>
 0000:00000000       ___guard_iat_table         00000000     <absolute>
 0000:00000000       ___volatile_metadata       00000000     <absolute>
 0000:00000000       ___enclave_config          00000000     <absolute>
 0000:00000000       ___guard_iat_count         00000000     <absolute>
 0000:00000000       ___hybrid_code_map         00000000     <absolute>
 0000:00000008       ___safe_se_handler_count   00000008     <absolute>
 0000:0000002c       __tls_array                0000002c     <absolute>
 0000:00000100       ___guard_flags             00000100     <absolute>
 0000:00000000       ___ImageBase               10000000     <linker-defined>
 0001:00000080       ?DupWide@_CW@@AAEXXZ       10001080 f   CWString.obj
 0001:0000009c       ?cw_dup@@YGXPBDAAHAAPA_W1@Z 1000109c f   CWString.obj
 0001:0000010b       ?cw_memcpy@@YGHPA_WPBDH@Z  1000110b f   CWString.obj
 0001:00000137       ?cw_strcpy@@YAHPA_WPBD@Z   10001137 f   CWString.obj
 0001:0000014a       ?cw_strlen@@YAHPBD@Z       1000114a f   CWString.obj
 0001:00000163       ??0CAtlComModule@ATL@@QAE@XZ 10001163 f i OposVariant.obj
 0001:000001a8       ??0CAtlWinModule@ATL@@QAE@XZ 100011a8 f i OposVariant.obj
 0001:000001df       ??0OposDispParms@@QAE@PAVOposVariant@@H@Z 100011df f   OposVariant.obj
 0001:00000250       ??1OposDispParms@@QAE@XZ   10001250 f   OposVariant.obj
 0001:0000025e       ??A?$CSimpleArray@GV?$CSimpleArrayEqualHelper@G@ATL@@@ATL@@QAEAAGH@Z 1000125e f i OposVariant.obj
 0001:00000283       ??_Estringdispid@CComTypeInfoHolder@ATL@@QAEPAXI@Z 10001283 f i OposVariant.obj
 0001:000002ef       ?AtlWinModuleInit@ATL@@YGJPAU_ATL_WIN_MODULE70@1@@Z 100012ef f i OposVariant.obj
 0001:00000315       ?AtlWinModuleTerm@ATL@@YGJPAU_ATL_WIN_MODULE70@1@PAUHINSTANCE__@@@Z 10001315 f i OposVariant.obj
 0001:00000378       ?ChangeBSTR@OposVariant@@QAEXPAPA_WAAJ@Z 10001378 f   OposVariant.obj
 0001:000003b9       ?ChangeCURRENCY@OposVariant@@QAEXPATtagCY@@AAJ@Z 100013b9 f   OposVariant.obj
 0001:00000408       ?ChangeLONG@OposVariant@@QAEXPAJAAJ@Z 10001408 f   OposVariant.obj
 0001:00000449       ?GetLONG@OposVariant@@QAEJXZ 10001449 f   OposVariant.obj
 0001:00000464       ?Init@CComCriticalSection@ATL@@QAEJXZ 10001464 f i OposVariant.obj
 0001:0000048b       ?RemoveAll@?$CSimpleArray@GV?$CSimpleArrayEqualHelper@G@ATL@@@ATL@@QAEXXZ 1000148b f i OposVariant.obj
 0001:0000048b       ?RemoveAll@?$CSimpleArray@PAUHINSTANCE__@@V?$CSimpleArrayEqualHelper@PAUHINSTANCE__@@@ATL@@@ATL@@QAEXXZ 1000148b f i atls:atlbase.obj
 0001:000004a8       ?SetBSTR@OposVariant@@QAEXPA_WAAJ@Z 100014a8 f   OposVariant.obj
 0001:000004dc       ?SetBSTR_Copy@OposVariant@@QAEXPA_WAAJ@Z 100014dc f   OposVariant.obj
 0001:0000052c       ?SetBSTR_InOutPtr@OposVariant@@QAE_NPAPA_WAAJ@Z 1000152c f   OposVariant.obj
 0001:00000563       ?SetBSTR_OutPtr@OposVariant@@QAE_NPAPA_WAAJ@Z 10001563 f   OposVariant.obj
 0001:0000057f       ?SetDispatch_Ptr@OposVariant@@QAEXPAUIDispatch@@AAJ@Z 1000157f f   OposVariant.obj
 0001:000005ba       ?SetLONG@OposVariant@@QAEXJ@Z 100015ba f   OposVariant.obj
 0001:000005dc       ?SetLONG_Ptr@OposVariant@@QAEXPAJAAJ@Z 100015dc f   OposVariant.obj
 0001:0000060f       ?SetString@OposVariant@@QAEXPB_WAAJ@Z 1000160f f   OposVariant.obj
 0001:00000655       ?SetVARIANT_BOOL@OposVariant@@QAEXF@Z 10001655 f   OposVariant.obj
 0001:0000067f       ?Term@CAtlComModule@ATL@@QAEXXZ 1000167f f i OposVariant.obj
 0001:000006c9       ?_AtlRaiseException@ATL@@YAXKK@Z 100016c9 f i OposVariant.obj
 0001:000006de       ?GetWindow@?$IOleInPlaceActiveObjectImpl@VCOPOSElectronicJournal@@@ATL@@UAGJPAPAUHWND__@@@Z 100016de f i ElectronicJournal.obj
 0001:0000072b       ?SetColorScheme@?$IOleObjectImpl@VCOPOSElectronicJournal@@@ATL@@UAGJPAUtagLOGPALETTE@@@Z 1000172b f i ElectronicJournal.obj
 0001:0000072b       ?QueryGetData@?$IDataObjectImpl@VCOPOSElectronicJournal@@@ATL@@UAGJPAUtagFORMATETC@@@Z 1000172b f i ElectronicJournal.obj
 0001:0000072b       ?ContextSensitiveHelp@?$IOleInPlaceActiveObjectImpl@VCOPOSElectronicJournal@@@ATL@@UAGJH@Z 1000172b f i ElectronicJournal.obj
 0001:0000072b       ?GetControlInfo@?$IOleControlImpl@VCOPOSElectronicJournal@@@ATL@@UAGJPAUtagCONTROLINFO@@@Z 1000172b f i ElectronicJournal.obj
 0001:0000072b       ?Unfreeze@?$IViewObjectExImpl@VCOPOSElectronicJournal@@@ATL@@UAGJK@Z 1000172b f i ElectronicJournal.obj
 0001:0000072b       ?ContextSensitiveHelp@?$IOleInPlaceObjectWindowlessImpl@VCOPOSElectronicJournal@@@ATL@@UAGJH@Z 1000172b f i ElectronicJournal.obj
 0001:0000072b       ?GetDropTarget@?$IOleInPlaceObjectWindowlessImpl@VCOPOSElectronicJournal@@@ATL@@UAGJPAPAUIDropTarget@@@Z 1000172b f i ElectronicJournal.obj
 0001:0000072b       ?OnMnemonic@?$IOleControlImpl@VCOPOSElectronicJournal@@@ATL@@UAGJPAUtagMSG@@@Z 1000172b f i ElectronicJournal.obj
 0001:00000733       ?TranslateAcceleratorW@?$IOleInPlaceActiveObjectImpl@VCOPOSElectronicJournal@@@ATL@@UAGJPAUtagMSG@@@Z 10001733 f i ElectronicJournal.obj
 0001:000007d1       ?OnFrameWindowActivate@?$IOleInPlaceActiveObjectImpl@VCOPOSElectronicJournal@@@ATL@@UAGJH@Z 100017d1 f i ElectronicJournal.obj
 0001:000007d1       ?SaveCompleted@?$IPersistStorageImpl@VCOPOSElectronicJournal@@@ATL@@UAGJPAUIStorage@@@Z 100017d1 f i ElectronicJournal.obj
 0001:000007d1       ?OnAmbientPropertyChange@?$IOleControlImpl@VCOPOSElectronicJournal@@@ATL@@UAGJJ@Z 100017d1 f i ElectronicJournal.obj
 0001:000007d1       ?EnableModeless@?$IOleInPlaceActiveObjectImpl@VCOPOSElectronicJournal@@@ATL@@UAGJH@Z 100017d1 f i ElectronicJournal.obj
 0001:000007d6       ?OnDocWindowActivate@?$IOleInPlaceActiveObjectImpl@VCOPOSElectronicJournal@@@ATL@@UAGJH@Z 100017d6 f i ElectronicJournal.obj
 0001:000007f8       ?ResizeBorder@?$IOleInPlaceActiveObjectImpl@VCOPOSElectronicJournal@@@ATL@@UAGJPBUtagRECT@@PAUIOleInPlaceUIWindow@@H@Z 100017f8 f i ElectronicJournal.obj
 0001:000007fd       ?Draw@?$IViewObjectExImpl@VCOPOSElectronicJournal@@@ATL@@UAGJKJPAXPAUtagDVTARGETDEVICE@@PAUHDC__@@2PBU_RECTL@@3P6GHK@ZK@Z 100017fd f i ElectronicJournal.obj
 0001:0000082f       ?GetColorSet@?$IViewObjectExImpl@VCOPOSElectronicJournal@@@ATL@@UAGJKJPAXPAUtagDVTARGETDEVICE@@PAUHDC__@@PAPAUtagLOGPALETTE@@@Z 1000182f f i ElectronicJournal.obj
 0001:00000837       ?Freeze@?$IViewObjectExImpl@VCOPOSElectronicJournal@@@ATL@@UAGJKJPAXPAK@Z 10001837 f i ElectronicJournal.obj
 0001:0000083f       ?SetAdvise@?$IViewObjectExImpl@VCOPOSElectronicJournal@@@ATL@@UAGJKKPAUIAdviseSink@@@Z 1000183f f i ElectronicJournal.obj
 0001:0000085e       ?GetAdvise@?$IViewObjectExImpl@VCOPOSElectronicJournal@@@ATL@@UAGJPAK0PAPAUIAdviseSink@@@Z 1000185e f i ElectronicJournal.obj
 0001:00000893       ?GetExtent@?$IViewObjectExImpl@VCOPOSElectronicJournal@@@ATL@@UAGJKJPAUtagDVTARGETDEVICE@@PAUtagSIZE@@@Z 10001893 f i ElectronicJournal.obj
 0001:000008c4       ?GetCanonicalFormatEtc@?$IDataObjectImpl@VCOPOSElectronicJournal@@@ATL@@UAGJPAUtagFORMATETC@@0@Z 100018c4 f i ElectronicJournal.obj
 0001:000008c4       ?QueryInterface@CRegObject@ATL@@UAGJABU_GUID@@PAPAX@Z 100018c4 f i ElectronicJournal.obj
 0001:000008c4       ?SetMoniker@?$IOleObjectImpl@VCOPOSElectronicJournal@@@ATL@@UAGJKPAUIMoniker@@@Z 100018c4 f i ElectronicJournal.obj
 0001:000008c4       ?GetDataHere@?$IDataObjectImpl@VCOPOSElectronicJournal@@@ATL@@UAGJPAUtagFORMATETC@@PAUtagSTGMEDIUM@@@Z 100018c4 f i ElectronicJournal.obj
 0001:000008c4       ?EnumFormatEtc@?$IDataObjectImpl@VCOPOSElectronicJournal@@@ATL@@UAGJKPAPAUIEnumFORMATETC@@@Z 100018c4 f i ElectronicJournal.obj
 0001:000008c4       ?GetRect@?$IViewObjectExImpl@VCOPOSElectronicJournal@@@ATL@@UAGJKPAU_RECTL@@@Z 100018c4 f i ElectronicJournal.obj
 0001:000008c4       ?GetClipboardData@?$IOleObjectImpl@VCOPOSElectronicJournal@@@ATL@@UAGJKPAPAUIDataObject@@@Z 100018c4 f i ElectronicJournal.obj
 0001:000008cc       ?GetViewStatus@?$IViewObjectExImpl@VCOPOSElectronicJournal@@@ATL@@UAGJPAK@Z 100018cc f i ElectronicJournal.obj
 0001:000008e9       ?QueryHitPoint@?$IViewObjectExImpl@VCOPOSElectronicJournal@@@ATL@@UAGJKPBUtagRECT@@UtagPOINT@@JPAK@Z 100018e9 f i ElectronicJournal.obj
 0001:0000092a       ?QueryHitRect@?$IViewObjectExImpl@VCOPOSElectronicJournal@@@ATL@@UAGJKPBUtagRECT@@0JPAK@Z 1000192a f i ElectronicJournal.obj
 0001:00000985       ?GetNaturalExtent@?$IViewObjectExImpl@VCOPOSElectronicJournal@@@ATL@@UAGJKJPAUtagDVTARGETDEVICE@@PAUHDC__@@PAUtagExtentInfo@@PAUtagSIZE@@@Z 10001985 f i ElectronicJournal.obj
 0001:000009d0       ?GetWindow@?$IOleInPlaceObjectWindowlessImpl@VCOPOSElectronicJournal@@@ATL@@UAGJPAPAUHWND__@@@Z 100019d0 f i ElectronicJournal.obj
 0001:00000a1d       ?InPlaceDeactivate@?$IOleInPlaceObjectWindowlessImpl@VCOPOSElectronicJournal@@@ATL@@UAGJXZ 10001a1d f i ElectronicJournal.obj
 0001:00000a37       ?UIDeactivate@?$IOleInPlaceObjectWindowlessImpl@VCOPOSElectronicJournal@@@ATL@@UAGJXZ 10001a37 f i ElectronicJournal.obj
 0001:00000a51       ?SetObjectRects@?$IOleInPlaceObjectWindowlessImpl@VCOPOSElectronicJournal@@@ATL@@UAGJPBUtagRECT@@0@Z 10001a51 f i ElectronicJournal.obj
 0001:00000a71       ?ReactivateAndUndo@?$IOleInPlaceObjectWindowlessImpl@VCOPOSElectronicJournal@@@ATL@@UAGJXZ 10001a71 f i ElectronicJournal.obj
 0001:00000a79       ?OnWindowMessage@?$IOleInPlaceObjectWindowlessImpl@VCOPOSElectronicJournal@@@ATL@@UAGJIIJPAJ@Z 10001a79 f i ElectronicJournal.obj
 0001:00000ae9       ?EnumConnectionPoints@?$IConnectionPointContainerImpl@VCOPOSElectronicJournal@@@ATL@@UAGJPAPAUIEnumConnectionPoints@@@Z 10001ae9 f i ElectronicJournal.obj
 0001:00000c63       ?FindConnectionPoint@?$IConnectionPointContainerImpl@VCOPOSElectronicJournal@@@ATL@@UAGJABU_GUID@@PAPAUIConnectionPoint@@@Z 10001c63 f i ElectronicJournal.obj
 0001:00000d06       ?GetClassID@?$IPersistStreamInitImpl@VCOPOSElectronicJournal@@@ATL@@UAGJPAU_GUID@@@Z 10001d06 f i ElectronicJournal.obj
 0001:00000d06       ?GetClassID@?$IPersistStorageImpl@VCOPOSElectronicJournal@@@ATL@@UAGJPAU_GUID@@@Z 10001d06 f i ElectronicJournal.obj
 0001:00000d06       ?GetUserClassID@?$IOleObjectImpl@VCOPOSElectronicJournal@@@ATL@@UAGJPAU_GUID@@@Z 10001d06 f i ElectronicJournal.obj
 0001:00000d2a       ?IsDirty@?$IPersistStorageImpl@VCOPOSElectronicJournal@@@ATL@@UAGJXZ 10001d2a f i ElectronicJournal.obj
 0001:00000d5e       ?InitNew@?$IPersistStorageImpl@VCOPOSElectronicJournal@@@ATL@@UAGJPAUIStorage@@@Z 10001d5e f i ElectronicJournal.obj
 0001:00000d92       ?Load@?$IPersistStorageImpl@VCOPOSElectronicJournal@@@ATL@@UAGJPAUIStorage@@@Z 10001d92 f i ElectronicJournal.obj
 0001:00000dfe       ?Save@?$IPersistStorageImpl@VCOPOSElectronicJournal@@@ATL@@UAGJPAUIStorage@@H@Z 10001dfe f i ElectronicJournal.obj
 0001:00000e71       ?HandsOffStorage@?$IPersistStorageImpl@VCOPOSElectronicJournal@@@ATL@@UAGJXZ 10001e71 f i ElectronicJournal.obj
 0001:00000e71       ?Release@CRegObject@ATL@@UAGKXZ 10001e71 f i ElectronicJournal.obj
 0001:00000e71       ?IsUpToDate@?$IOleObjectImpl@VCOPOSElectronicJournal@@@ATL@@UAGJXZ 10001e71 f i ElectronicJournal.obj
 0001:00000e71       ?Update@?$IOleObjectImpl@VCOPOSElectronicJournal@@@ATL@@UAGJXZ 10001e71 f i ElectronicJournal.obj
 0001:00000e76       ?GetPages@?$ISpecifyPropertyPagesImpl@VCOPOSElectronicJournal@@@ATL@@UAGJPAUtagCAUUID@@@Z 10001e76 f i ElectronicJournal.obj
 0001:00000e8d       ?QuickActivate@?$IQuickActivateImpl@VCOPOSElectronicJournal@@@ATL@@UAGJPAUtagQACONTAINER@@PAUtagQACONTROL@@@Z 10001e8d f i ElectronicJournal.obj
 0001:00000eb0       ?SetContentExtent@?$IQuickActivateImpl@VCOPOSElectronicJournal@@@ATL@@UAGJPAUtagSIZE@@@Z 10001eb0 f i ElectronicJournal.obj
 0001:00000edc       ?GetContentExtent@?$IQuickActivateImpl@VCOPOSElectronicJournal@@@ATL@@UAGJPAUtagSIZE@@@Z 10001edc f i ElectronicJournal.obj
 0001:00000efc       ?GetData@?$IDataObjectImpl@VCOPOSElectronicJournal@@@ATL@@UAGJPAUtagFORMATETC@@PAUtagSTGMEDIUM@@@Z 10001efc f i ElectronicJournal.obj
 0001:00000f1f       ?InitFromData@?$IOleObjectImpl@VCOPOSElectronicJournal@@@ATL@@UAGJPAUIDataObject@@HK@Z 10001f1f f i ElectronicJournal.obj
 0001:00000f1f       ?GetMoniker@?$IOleObjectImpl@VCOPOSElectronicJournal@@@ATL@@UAGJKKPAPAUIMoniker@@@Z 10001f1f f i ElectronicJournal.obj
 0001:00000f1f       ?SetData@?$IDataObjectImpl@VCOPOSElectronicJournal@@@ATL@@UAGJPAUtagFORMATETC@@PAUtagSTGMEDIUM@@H@Z 10001f1f f i ElectronicJournal.obj
 0001:00000f27       ?DAdvise@?$IDataObjectImpl@VCOPOSElectronicJournal@@@ATL@@UAGJPAUtagFORMATETC@@KPAUIAdviseSink@@PAK@Z 10001f27 f i ElectronicJournal.obj
 0001:00000f68       ?DUnadvise@?$IDataObjectImpl@VCOPOSElectronicJournal@@@ATL@@UAGJK@Z 10001f68 f i ElectronicJournal.obj
 0001:00000f96       ?EnumDAdvise@?$IDataObjectImpl@VCOPOSElectronicJournal@@@ATL@@UAGJPAPAUIEnumSTATDATA@@@Z 10001f96 f i ElectronicJournal.obj
 0001:00000fd5       ?GetClassInfoW@?$IProvideClassInfo2Impl@$1?CLSID_OPOSElectronicJournal@@3U_GUID@@B$1?DIID__IOPOSElectronicJournalEvents@@3U2@B$1?LIBID_OposElectronicJournal_CCO@@3U2@B$00$0A@VCComTypeInfoHolder@ATL@@@ATL@@UAGJPAPAUITypeInfo@@@Z 10001fd5 f i ElectronicJournal.obj
 0001:00000feb       ?GetGUID@?$IProvideClassInfo2Impl@$1?CLSID_OPOSElectronicJournal@@3U_GUID@@B$1?DIID__IOPOSElectronicJournalEvents@@3U2@B$1?LIBID_OposElectronicJournal_CCO@@3U2@B$00$0A@VCComTypeInfoHolder@ATL@@@ATL@@UAGJKPAU_GUID@@@Z 10001feb f i ElectronicJournal.obj
 0001:00001029       ?FAccessAllowed@?$IObjectSafetyImpl@VCOPOSElectronicJournal@@$02@ATL@@MAEHXZ 10002029 f i ElectronicJournal.obj
 0001:00001029       __get_startup_argv_mode    10002029 f i LIBCMT:argv_mode.obj
 0001:0000102d       ?GetInterfaceSafetyOptions@?$IObjectSafetyImpl@VCOPOSElectronicJournal@@$02@ATL@@UAGJABU_GUID@@PAK1@Z 1000202d f i ElectronicJournal.obj
 0001:000010a1       ?SetInterfaceSafetyOptions@?$IObjectSafetyImpl@VCOPOSElectronicJournal@@$02@ATL@@UAGJABU_GUID@@KK@Z 100020a1 f i ElectronicJournal.obj
 0001:0000111b       ?_LocCPQueryInterface@?$IConnectionPointImpl@VCOPOSElectronicJournal@@$1?IID_IPropertyNotifySink@@3U_GUID@@BVCComDynamicUnkArray@ATL@@@ATL@@UAGJABU_GUID@@PAPAX@Z 1000211b f i ElectronicJournal.obj
 0001:0000111b       ?_LocCPQueryInterface@?$IConnectionPointImpl@VCOPOSElectronicJournal@@$1?DIID__IOPOSElectronicJournalEvents@@3U_GUID@@BVCComDynamicUnkArray@ATL@@@ATL@@UAGJABU_GUID@@PAPAX@Z 1000211b f i ElectronicJournal.obj
 0001:00001168       ?GetConnectionInterface@?$IConnectionPointImpl@VCOPOSElectronicJournal@@$1?IID_IPropertyNotifySink@@3U_GUID@@BVCComDynamicUnkArray@ATL@@@ATL@@UAGJPAU_GUID@@@Z 10002168 f i ElectronicJournal.obj
 0001:0000118c       ?GetConnectionPointContainer@?$IConnectionPointImpl@VCOPOSElectronicJournal@@$1?IID_IPropertyNotifySink@@3U_GUID@@BVCComDynamicUnkArray@ATL@@@ATL@@UAGJPAPAUIConnectionPointContainer@@@Z 1000218c f i ElectronicJournal.obj
 0001:000011af       ?Advise@?$IConnectionPointImpl@VCOPOSElectronicJournal@@$1?IID_IPropertyNotifySink@@3U_GUID@@BVCComDynamicUnkArray@ATL@@@ATL@@UAGJPAUIUnknown@@PAK@Z 100021af f i ElectronicJournal.obj
 0001:000011af       ?Advise@?$IConnectionPointImpl@VCOPOSElectronicJournal@@$1?DIID__IOPOSElectronicJournalEvents@@3U_GUID@@BVCComDynamicUnkArray@ATL@@@ATL@@UAGJPAUIUnknown@@PAK@Z 100021af f i ElectronicJournal.obj
 0001:00001250       ?Unadvise@?$IConnectionPointImpl@VCOPOSElectronicJournal@@$1?DIID__IOPOSElectronicJournalEvents@@3U_GUID@@BVCComDynamicUnkArray@ATL@@@ATL@@UAGJK@Z 10002250 f i ElectronicJournal.obj
 0001:00001250       ?Unadvise@?$IConnectionPointImpl@VCOPOSElectronicJournal@@$1?IID_IPropertyNotifySink@@3U_GUID@@BVCComDynamicUnkArray@ATL@@@ATL@@UAGJK@Z 10002250 f i ElectronicJournal.obj
 0001:00001290       ?EnumConnections@?$IConnectionPointImpl@VCOPOSElectronicJournal@@$1?DIID__IOPOSElectronicJournalEvents@@3U_GUID@@BVCComDynamicUnkArray@ATL@@@ATL@@UAGJPAPAUIEnumConnections@@@Z 10002290 f i ElectronicJournal.obj
 0001:00001290       ?EnumConnections@?$IConnectionPointImpl@VCOPOSElectronicJournal@@$1?IID_IPropertyNotifySink@@3U_GUID@@BVCComDynamicUnkArray@ATL@@@ATL@@UAGJPAPAUIEnumConnections@@@Z 10002290 f i ElectronicJournal.obj
 0001:00001396       ?GetObjectDescription@?$CComCoClass@VCOPOSElectronicJournal@@$1?CLSID_OPOSElectronicJournal@@3U_GUID@@B@ATL@@SGPB_WXZ 10002396 f i ElectronicJournal.obj
 0001:00001396       ?GetCategoryMap@CComObjectRootBase@ATL@@SAPBU_ATL_CATMAP_ENTRY@2@XZ 10002396 f i ElectronicJournal.obj
 0001:00001399       ?GetConnectionInterface@?$IConnectionPointImpl@VCOPOSElectronicJournal@@$1?DIID__IOPOSElectronicJournalEvents@@3U_GUID@@BVCComDynamicUnkArray@ATL@@@ATL@@UAGJPAU_GUID@@@Z 10002399 f i ElectronicJournal.obj
 0001:000013bd       ?GetConnectionPointContainer@?$IConnectionPointImpl@VCOPOSElectronicJournal@@$1?DIID__IOPOSElectronicJournalEvents@@3U_GUID@@BVCComDynamicUnkArray@ATL@@@ATL@@UAGJPAPAUIConnectionPointContainer@@@Z 100023bd f i ElectronicJournal.obj
 0001:000013e0       ?UpdateRegistry@COPOSElectronicJournal@@SGJH@Z 100023e0 f i ElectronicJournal.obj
 0001:000013f8       ?ProcessWindowMessage@COPOSElectronicJournal@@UAEHPAUHWND__@@IIJAAJK@Z 100023f8 f i ElectronicJournal.obj
 0001:00001441       ?SOData@COPOSElectronicJournal@@MAGJJ@Z 10002441 f i ElectronicJournal.obj
 0001:0000147a       ?SODirectIO@COPOSElectronicJournal@@MAGJJPAJPAPA_W@Z 1000247a f i ElectronicJournal.obj
 0001:000014c3       ?SOError@COPOSElectronicJournal@@MAGJJJJPAJ@Z 100024c3 f i ElectronicJournal.obj
 0001:00001518       ?SOOutputComplete@COPOSElectronicJournal@@MAGJJ@Z 10002518 f i ElectronicJournal.obj
 0001:00001551       ?SOStatusUpdate@COPOSElectronicJournal@@MAGJJ@Z 10002551 f i ElectronicJournal.obj
 0001:0000158a       ?AddRef@CRegObject@ATL@@UAGKXZ 1000258a f i ElectronicJournal.obj
 0001:00001590       ?AddReplacement@CRegObject@ATL@@UAGJPB_W0@Z 10002590 f i ElectronicJournal.obj
 0001:000015c9       ?ClearReplacements@CRegObject@ATL@@UAGJXZ 100025c9 f i ElectronicJournal.obj
 0001:000015db       ??_GCRegObject@ATL@@UAEPAXI@Z 100025db f i ElectronicJournal.obj
 0001:000015db       ??_ECRegObject@ATL@@UAEPAXI@Z 100025db f i ElectronicJournal.obj
 0001:000015fd       ?CreateInstance@?$CComCreator@V?$CComObjectCached@VCComClassFactory@ATL@@@ATL@@@ATL@@SGJPAXABU_GUID@@PAPAX@Z 100025fd f i ElectronicJournal.obj
 0001:00001690       ?CreateInstance@?$CComCreator2@V?$CComCreator@V?$CComObject@VCOPOSElectronicJournal@@@ATL@@@ATL@@V?$CComCreator@V?$CComAggObject@VCOPOSElectronicJournal@@@ATL@@@2@@ATL@@SGJPAXABU_GUID@@PAPAX@Z 10002690 f i ElectronicJournal.obj
 0001:000016b0       ?Next@?$CComEnumImpl@UIEnumConnectionPoints@@$1?_GUID_b196b285_bab4_101a_b69c_00aa00341d07@@3U__s_GUID@@BPAUIConnectionPoint@@V?$_CopyInterface@UIConnectionPoint@@@ATL@@@ATL@@UAGJKPAPAUIConnectionPoint@@PAK@Z 100026b0 f i ElectronicJournal.obj
 0001:00001787       ?Skip@?$CComEnumImpl@UIEnumConnectionPoints@@$1?_GUID_b196b285_bab4_101a_b69c_00aa00341d07@@3U__s_GUID@@BPAUIConnectionPoint@@V?$_CopyInterface@UIConnectionPoint@@@ATL@@@ATL@@UAGJK@Z 10002787 f i ElectronicJournal.obj
 0001:000017b4       ?Reset@?$CComEnumImpl@UIEnumConnections@@$1?_GUID_b196b287_bab4_101a_b69c_00aa00341d07@@3U__s_GUID@@BUtagCONNECTDATA@@V?$_Copy@UtagCONNECTDATA@@@ATL@@@ATL@@UAGJXZ 100027b4 f i ElectronicJournal.obj
 0001:000017b4       ?Reset@?$CComEnumImpl@UIEnumConnectionPoints@@$1?_GUID_b196b285_bab4_101a_b69c_00aa00341d07@@3U__s_GUID@@BPAUIConnectionPoint@@V?$_CopyInterface@UIConnectionPoint@@@ATL@@@ATL@@UAGJXZ 100027b4 f i ElectronicJournal.obj
 0001:000017c6       ?Clone@?$CComEnumImpl@UIEnumConnectionPoints@@$1?_GUID_b196b285_bab4_101a_b69c_00aa00341d07@@3U__s_GUID@@BPAUIConnectionPoint@@V?$_CopyInterface@UIConnectionPoint@@@ATL@@@ATL@@UAGJPAPAUIEnumConnectionPoints@@@Z 100027c6 f i ElectronicJournal.obj
 0001:000018a5       ?AddRef@?$CComObject@V?$CComEnum@UIEnumConnections@@$1?_GUID_b196b287_bab4_101a_b69c_00aa00341d07@@3U__s_GUID@@BUtagCONNECTDATA@@V?$_Copy@UtagCONNECTDATA@@@ATL@@VCComSingleThreadModel@6@@ATL@@@ATL@@UAGKXZ 100028a5 f i ElectronicJournal.obj
 0001:000018a5       ?AddRef@?$CComObject@V?$CComEnum@UIEnumConnectionPoints@@$1?_GUID_b196b285_bab4_101a_b69c_00aa00341d07@@3U__s_GUID@@BPAUIConnectionPoint@@V?$_CopyInterface@UIConnectionPoint@@@ATL@@VCComSingleThreadModel@6@@ATL@@@ATL@@UAGKXZ 100028a5 f i ElectronicJournal.obj
 0001:000018b6       ?Release@?$CComObject@V?$CComEnum@UIEnumConnections@@$1?_GUID_b196b287_bab4_101a_b69c_00aa00341d07@@3U__s_GUID@@BUtagCONNECTDATA@@V?$_Copy@UtagCONNECTDATA@@@ATL@@VCComSingleThreadModel@6@@ATL@@@ATL@@UAGKXZ 100028b6 f i ElectronicJournal.obj
 0001:000018b6       ?Release@?$CComObject@V?$CComEnum@UIEnumConnectionPoints@@$1?_GUID_b196b285_bab4_101a_b69c_00aa00341d07@@3U__s_GUID@@BPAUIConnectionPoint@@V?$_CopyInterface@UIConnectionPoint@@@ATL@@VCComSingleThreadModel@6@@ATL@@@ATL@@UAGKXZ 100028b6 f i ElectronicJournal.obj
 0001:000018f2       ?QueryInterface@?$CComObject@V?$CComEnum@UIEnumConnectionPoints@@$1?_GUID_b196b285_bab4_101a_b69c_00aa00341d07@@3U__s_GUID@@BPAUIConnectionPoint@@V?$_CopyInterface@UIConnectionPoint@@@ATL@@VCComSingleThreadModel@6@@ATL@@@ATL@@UAGJABU_GUID@@PAPAX@Z 100028f2 f i ElectronicJournal.obj
 0001:0000190c       ??_E?$CComObject@V?$CComEnum@UIEnumConnectionPoints@@$1?_GUID_b196b285_bab4_101a_b69c_00aa00341d07@@3U__s_GUID@@BPAUIConnectionPoint@@V?$_CopyInterface@UIConnectionPoint@@@ATL@@VCComSingleThreadModel@6@@ATL@@@ATL@@UAEPAXI@Z 1000290c f i ElectronicJournal.obj
 0001:0000190c       ??_G?$CComObject@V?$CComEnum@UIEnumConnectionPoints@@$1?_GUID_b196b285_bab4_101a_b69c_00aa00341d07@@3U__s_GUID@@BPAUIConnectionPoint@@V?$_CopyInterface@UIConnectionPoint@@@ATL@@VCComSingleThreadModel@6@@ATL@@@ATL@@UAEPAXI@Z 1000290c f i ElectronicJournal.obj
 0001:0000192e       ?AddRef@?$CComObjectCached@VCComClassFactory@ATL@@@ATL@@UAGKXZ 1000292e f i ElectronicJournal.obj
 0001:00001955       ?Release@?$CComObjectCached@VCComClassFactory@ATL@@@ATL@@UAGKXZ 10002955 f i ElectronicJournal.obj
 0001:0000198b       ?QueryInterface@?$CComObjectCached@VCComClassFactory@ATL@@@ATL@@UAGJABU_GUID@@PAPAX@Z 1000298b f i ElectronicJournal.obj
 0001:000019a5       ??_G?$CComObjectCached@VCComClassFactory@ATL@@@ATL@@UAEPAXI@Z 100029a5 f i ElectronicJournal.obj
 0001:000019a5       ??_E?$CComObjectCached@VCComClassFactory@ATL@@@ATL@@UAEPAXI@Z 100029a5 f i ElectronicJournal.obj
 0001:000019c7       ?AddRef@?$CComAggObject@VCOPOSElectronicJournal@@@ATL@@UAGKXZ 100029c7 f i ElectronicJournal.obj
 0001:000019d8       ?Release@?$CComAggObject@VCOPOSElectronicJournal@@@ATL@@UAGKXZ 100029d8 f i ElectronicJournal.obj
 0001:00001a14       ?QueryInterface@?$CComAggObject@VCOPOSElectronicJournal@@@ATL@@UAGJABU_GUID@@PAPAX@Z 10002a14 f i ElectronicJournal.obj
 0001:00001a63       ?AddRef@?$CComContainedObject@VCOPOSElectronicJournal@@@ATL@@UAGKXZ 10002a63 f i ElectronicJournal.obj
 0001:00001a79       ?Release@?$CComContainedObject@VCOPOSElectronicJournal@@@ATL@@UAGKXZ 10002a79 f i ElectronicJournal.obj
 0001:00001a8f       ?QueryInterface@?$CComContainedObject@VCOPOSElectronicJournal@@@ATL@@UAGJABU_GUID@@PAPAX@Z 10002a8f f i ElectronicJournal.obj
 0001:00001aaa       ??_E?$CComAggObject@VCOPOSElectronicJournal@@@ATL@@UAEPAXI@Z 10002aaa f i ElectronicJournal.obj
 0001:00001aaa       ??_G?$CComAggObject@VCOPOSElectronicJournal@@@ATL@@UAEPAXI@Z 10002aaa f i ElectronicJournal.obj
 0001:00001acf       ?AddRef@?$CComObject@VCOPOSElectronicJournal@@@ATL@@UAGKXZ 10002acf f i ElectronicJournal.obj
 0001:00001ae6       ?Release@?$CComObject@VCOPOSElectronicJournal@@@ATL@@UAGKXZ 10002ae6 f i ElectronicJournal.obj
 0001:00001b28       ?QueryInterface@?$CComObject@VCOPOSElectronicJournal@@@ATL@@UAGJABU_GUID@@PAPAX@Z 10002b28 f i ElectronicJournal.obj
 0001:00001b42       ?ObjectMain@CComObjectRootBase@ATL@@SGX_N@Z 10002b42 f i ElectronicJournal.obj
 0001:00001b42       ?OnFinalMessage@?$CWindowImplBaseT@VCWindow@ATL@@V?$CWinTraits@$0FGAAAAAA@$0A@@2@@ATL@@UAEXPAUHWND__@@@Z 10002b42 f i ElectronicJournal.obj
 0001:00001b45       ?OnDrawAdvanced@CComControlBase@ATL@@UAEJAAUATL_DRAWINFO@@@Z 10002b45 f i ElectronicJournal.obj
 0001:00001c34       ?CreateInstance@CComClassFactory@ATL@@UAGJPAUIUnknown@@ABU_GUID@@PAPAX@Z 10002c34 f i ElectronicJournal.obj
 0001:00001c72       ?LockServer@CComClassFactory@ATL@@UAGJH@Z 10002c72 f i ElectronicJournal.obj
 0001:00001c91       ??_GCComClassFactory@ATL@@UAEPAXI@Z 10002c91 f i ElectronicJournal.obj
 0001:00001c91       ??_ECComClassFactory@ATL@@UAEPAXI@Z 10002c91 f i ElectronicJournal.obj
 0001:00001cbc       ?Next@?$CComEnumImpl@UIEnumConnections@@$1?_GUID_b196b287_bab4_101a_b69c_00aa00341d07@@3U__s_GUID@@BUtagCONNECTDATA@@V?$_Copy@UtagCONNECTDATA@@@ATL@@@ATL@@UAGJKPAUtagCONNECTDATA@@PAK@Z 10002cbc f i ElectronicJournal.obj
 0001:00001d93       ?Skip@?$CComEnumImpl@UIEnumConnections@@$1?_GUID_b196b287_bab4_101a_b69c_00aa00341d07@@3U__s_GUID@@BUtagCONNECTDATA@@V?$_Copy@UtagCONNECTDATA@@@ATL@@@ATL@@UAGJK@Z 10002d93 f i ElectronicJournal.obj
 0001:00001dc0       ?Clone@?$CComEnumImpl@UIEnumConnections@@$1?_GUID_b196b287_bab4_101a_b69c_00aa00341d07@@3U__s_GUID@@BUtagCONNECTDATA@@V?$_Copy@UtagCONNECTDATA@@@ATL@@@ATL@@UAGJPAPAUIEnumConnections@@@Z 10002dc0 f i ElectronicJournal.obj
 0001:00001e9f       ?QueryInterface@?$CComObject@V?$CComEnum@UIEnumConnections@@$1?_GUID_b196b287_bab4_101a_b69c_00aa00341d07@@3U__s_GUID@@BUtagCONNECTDATA@@V?$_Copy@UtagCONNECTDATA@@@ATL@@VCComSingleThreadModel@6@@ATL@@@ATL@@UAGJABU_GUID@@PAPAX@Z 10002e9f f i ElectronicJournal.obj
 0001:00001eb9       ??_G?$CComObject@V?$CComEnum@UIEnumConnections@@$1?_GUID_b196b287_bab4_101a_b69c_00aa00341d07@@3U__s_GUID@@BUtagCONNECTDATA@@V?$_Copy@UtagCONNECTDATA@@@ATL@@VCComSingleThreadModel@6@@ATL@@@ATL@@UAEPAXI@Z 10002eb9 f i ElectronicJournal.obj
 0001:00001eb9       ??_E?$CComObject@V?$CComEnum@UIEnumConnections@@$1?_GUID_b196b287_bab4_101a_b69c_00aa00341d07@@3U__s_GUID@@BUtagCONNECTDATA@@V?$_Copy@UtagCONNECTDATA@@@ATL@@VCComSingleThreadModel@6@@ATL@@@ATL@@UAEPAXI@Z 10002eb9 f i ElectronicJournal.obj
 0001:00001edb       ??_E?$CComObject@VCOPOSElectronicJournal@@@ATL@@W3AEPAXI@Z 10002edb f i ElectronicJournal.obj
 0001:00001ee3       ??_E?$CComObject@VCOPOSElectronicJournal@@@ATL@@WEM@AEPAXI@Z 10002ee3 f i ElectronicJournal.obj
 0001:00001eeb       ?QueryInterface@?$CComObject@VCOPOSElectronicJournal@@@ATL@@WHA@AGJABU_GUID@@PAPAX@Z 10002eeb f i ElectronicJournal.obj
 0001:00001ef5       ?AddRef@?$CComObject@VCOPOSElectronicJournal@@@ATL@@WHA@AGKXZ 10002ef5 f i ElectronicJournal.obj
 0001:00001eff       ?Release@?$CComObject@VCOPOSElectronicJournal@@@ATL@@WHA@AGKXZ 10002eff f i ElectronicJournal.obj
 0001:00001f09       ?QueryInterface@?$CComObject@VCOPOSElectronicJournal@@@ATL@@WHE@AGJABU_GUID@@PAPAX@Z 10002f09 f i ElectronicJournal.obj
 0001:00001f13       ?AddRef@?$CComObject@VCOPOSElectronicJournal@@@ATL@@WHE@AGKXZ 10002f13 f i ElectronicJournal.obj
 0001:00001f1d       ?Release@?$CComObject@VCOPOSElectronicJournal@@@ATL@@WHE@AGKXZ 10002f1d f i ElectronicJournal.obj
 0001:00001f27       ?QueryInterface@?$CComObject@VCOPOSElectronicJournal@@@ATL@@WHI@AGJABU_GUID@@PAPAX@Z 10002f27 f i ElectronicJournal.obj
 0001:00001f31       ?AddRef@?$CComObject@VCOPOSElectronicJournal@@@ATL@@WHI@AGKXZ 10002f31 f i ElectronicJournal.obj
 0001:00001f3b       ?Release@?$CComObject@VCOPOSElectronicJournal@@@ATL@@WHI@AGKXZ 10002f3b f i ElectronicJournal.obj
 0001:00001f45       ?QueryInterface@?$CComObject@VCOPOSElectronicJournal@@@ATL@@WHM@AGJABU_GUID@@PAPAX@Z 10002f45 f i ElectronicJournal.obj
 0001:00001f4f       ?AddRef@?$CComObject@VCOPOSElectronicJournal@@@ATL@@WHM@AGKXZ 10002f4f f i ElectronicJournal.obj
 0001:00001f59       ?Release@?$CComObject@VCOPOSElectronicJournal@@@ATL@@WHM@AGKXZ 10002f59 f i ElectronicJournal.obj
 0001:00001f63       ?QueryInterface@?$CComObject@VCOPOSElectronicJournal@@@ATL@@WIA@AGJABU_GUID@@PAPAX@Z 10002f63 f i ElectronicJournal.obj
 0001:00001f70       ?AddRef@?$CComObject@VCOPOSElectronicJournal@@@ATL@@WIA@AGKXZ 10002f70 f i ElectronicJournal.obj
 0001:00001f7d       ?Release@?$CComObject@VCOPOSElectronicJournal@@@ATL@@WIA@AGKXZ 10002f7d f i ElectronicJournal.obj
 0001:00001f8a       ?QueryInterface@?$CComObject@VCOPOSElectronicJournal@@@ATL@@WIE@AGJABU_GUID@@PAPAX@Z 10002f8a f i ElectronicJournal.obj
 0001:00001f97       ?AddRef@?$CComObject@VCOPOSElectronicJournal@@@ATL@@WIE@AGKXZ 10002f97 f i ElectronicJournal.obj
 0001:00001fa4       ?Release@?$CComObject@VCOPOSElectronicJournal@@@ATL@@WIE@AGKXZ 10002fa4 f i ElectronicJournal.obj
 0001:00001fb1       ?QueryInterface@?$CComObject@VCOPOSElectronicJournal@@@ATL@@WII@AGJABU_GUID@@PAPAX@Z 10002fb1 f i ElectronicJournal.obj
 0001:00001fbe       ?AddRef@?$CComObject@VCOPOSElectronicJournal@@@ATL@@WII@AGKXZ 10002fbe f i ElectronicJournal.obj
 0001:00001fcb       ?Release@?$CComObject@VCOPOSElectronicJournal@@@ATL@@WII@AGKXZ 10002fcb f i ElectronicJournal.obj
 0001:00001fd8       ?QueryInterface@?$CComObject@VCOPOSElectronicJournal@@@ATL@@WIM@AGJABU_GUID@@PAPAX@Z 10002fd8 f i ElectronicJournal.obj
 0001:00001fe5       ?AddRef@?$CComObject@VCOPOSElectronicJournal@@@ATL@@WIM@AGKXZ 10002fe5 f i ElectronicJournal.obj
 0001:00001ff2       ?Release@?$CComObject@VCOPOSElectronicJournal@@@ATL@@WIM@AGKXZ 10002ff2 f i ElectronicJournal.obj
 0001:00001fff       ?QueryInterface@?$CComObject@VCOPOSElectronicJournal@@@ATL@@WJA@AGJABU_GUID@@PAPAX@Z 10002fff f i ElectronicJournal.obj
 0001:0000200c       ?AddRef@?$CComObject@VCOPOSElectronicJournal@@@ATL@@WJA@AGKXZ 1000300c f i ElectronicJournal.obj
 0001:00002019       ?Release@?$CComObject@VCOPOSElectronicJournal@@@ATL@@WJA@AGKXZ 10003019 f i ElectronicJournal.obj
 0001:00002026       ?QueryInterface@?$CComObject@VCOPOSElectronicJournal@@@ATL@@WJE@AGJABU_GUID@@PAPAX@Z 10003026 f i ElectronicJournal.obj
 0001:00002033       ?AddRef@?$CComObject@VCOPOSElectronicJournal@@@ATL@@WJE@AGKXZ 10003033 f i ElectronicJournal.obj
 0001:00002040       ?Release@?$CComObject@VCOPOSElectronicJournal@@@ATL@@WJE@AGKXZ 10003040 f i ElectronicJournal.obj
 0001:0000204d       ?QueryInterface@?$CComObject@VCOPOSElectronicJournal@@@ATL@@WJI@AGJABU_GUID@@PAPAX@Z 1000304d f i ElectronicJournal.obj
 0001:0000205a       ?AddRef@?$CComObject@VCOPOSElectronicJournal@@@ATL@@WJI@AGKXZ 1000305a f i ElectronicJournal.obj
 0001:00002067       ?Release@?$CComObject@VCOPOSElectronicJournal@@@ATL@@WJI@AGKXZ 10003067 f i ElectronicJournal.obj
 0001:00002074       ?QueryInterface@?$CComObject@VCOPOSElectronicJournal@@@ATL@@WJM@AGJABU_GUID@@PAPAX@Z 10003074 f i ElectronicJournal.obj
 0001:00002081       ?AddRef@?$CComObject@VCOPOSElectronicJournal@@@ATL@@WJM@AGKXZ 10003081 f i ElectronicJournal.obj
 0001:0000208e       ?Release@?$CComObject@VCOPOSElectronicJournal@@@ATL@@WJM@AGKXZ 1000308e f i ElectronicJournal.obj
 0001:0000209b       ?QueryInterface@?$CComObject@VCOPOSElectronicJournal@@@ATL@@WKA@AGJABU_GUID@@PAPAX@Z 1000309b f i ElectronicJournal.obj
 0001:000020a8       ?AddRef@?$CComObject@VCOPOSElectronicJournal@@@ATL@@WKA@AGKXZ 100030a8 f i ElectronicJournal.obj
 0001:000020b5       ?Release@?$CComObject@VCOPOSElectronicJournal@@@ATL@@WKA@AGKXZ 100030b5 f i ElectronicJournal.obj
 0001:000020c2       ?AddRef@?$CComObject@VCOPOSElectronicJournal@@@ATL@@WKI@AGKXZ 100030c2 f i ElectronicJournal.obj
 0001:000020cf       ?Release@?$CComObject@VCOPOSElectronicJournal@@@ATL@@WKI@AGKXZ 100030cf f i ElectronicJournal.obj
 0001:000020dc       ?AddRef@?$CComObject@VCOPOSElectronicJournal@@@ATL@@WLE@AGKXZ 100030dc f i ElectronicJournal.obj
 0001:000020e9       ?Release@?$CComObject@VCOPOSElectronicJournal@@@ATL@@WLE@AGKXZ 100030e9 f i ElectronicJournal.obj
 0001:000020f6       ??_E?$CComContainedObject@VCOPOSElectronicJournal@@@ATL@@W3AEPAXI@Z 100030f6 f i ElectronicJournal.obj
 0001:000020fe       ??_E?$CComContainedObject@VCOPOSElectronicJournal@@@ATL@@WEM@AEPAXI@Z 100030fe f i ElectronicJournal.obj
 0001:00002106       ?QueryInterface@?$CComContainedObject@VCOPOSElectronicJournal@@@ATL@@WHA@AGJABU_GUID@@PAPAX@Z 10003106 f i ElectronicJournal.obj
 0001:00002110       ?AddRef@?$CComContainedObject@VCOPOSElectronicJournal@@@ATL@@WHA@AGKXZ 10003110 f i ElectronicJournal.obj
 0001:0000211a       ?Release@?$CComContainedObject@VCOPOSElectronicJournal@@@ATL@@WHA@AGKXZ 1000311a f i ElectronicJournal.obj
 0001:00002124       ?QueryInterface@?$CComContainedObject@VCOPOSElectronicJournal@@@ATL@@WHE@AGJABU_GUID@@PAPAX@Z 10003124 f i ElectronicJournal.obj
 0001:0000212e       ?AddRef@?$CComContainedObject@VCOPOSElectronicJournal@@@ATL@@WHE@AGKXZ 1000312e f i ElectronicJournal.obj
 0001:00002138       ?Release@?$CComContainedObject@VCOPOSElectronicJournal@@@ATL@@WHE@AGKXZ 10003138 f i ElectronicJournal.obj
 0001:00002142       ?QueryInterface@?$CComContainedObject@VCOPOSElectronicJournal@@@ATL@@WHI@AGJABU_GUID@@PAPAX@Z 10003142 f i ElectronicJournal.obj
 0001:0000214c       ?AddRef@?$CComContainedObject@VCOPOSElectronicJournal@@@ATL@@WHI@AGKXZ 1000314c f i ElectronicJournal.obj
 0001:00002156       ?Release@?$CComContainedObject@VCOPOSElectronicJournal@@@ATL@@WHI@AGKXZ 10003156 f i ElectronicJournal.obj
 0001:00002160       ?QueryInterface@?$CComContainedObject@VCOPOSElectronicJournal@@@ATL@@WHM@AGJABU_GUID@@PAPAX@Z 10003160 f i ElectronicJournal.obj
 0001:0000216a       ?AddRef@?$CComContainedObject@VCOPOSElectronicJournal@@@ATL@@WHM@AGKXZ 1000316a f i ElectronicJournal.obj
 0001:00002174       ?Release@?$CComContainedObject@VCOPOSElectronicJournal@@@ATL@@WHM@AGKXZ 10003174 f i ElectronicJournal.obj
 0001:0000217e       ?QueryInterface@?$CComContainedObject@VCOPOSElectronicJournal@@@ATL@@WIA@AGJABU_GUID@@PAPAX@Z 1000317e f i ElectronicJournal.obj
 0001:0000218b       ?AddRef@?$CComContainedObject@VCOPOSElectronicJournal@@@ATL@@WIA@AGKXZ 1000318b f i ElectronicJournal.obj
 0001:00002198       ?Release@?$CComContainedObject@VCOPOSElectronicJournal@@@ATL@@WIA@AGKXZ 10003198 f i ElectronicJournal.obj
 0001:000021a5       ?QueryInterface@?$CComContainedObject@VCOPOSElectronicJournal@@@ATL@@WIE@AGJABU_GUID@@PAPAX@Z 100031a5 f i ElectronicJournal.obj
 0001:000021b2       ?AddRef@?$CComContainedObject@VCOPOSElectronicJournal@@@ATL@@WIE@AGKXZ 100031b2 f i ElectronicJournal.obj
 0001:000021bf       ?Release@?$CComContainedObject@VCOPOSElectronicJournal@@@ATL@@WIE@AGKXZ 100031bf f i ElectronicJournal.obj
 0001:000021cc       ?QueryInterface@?$CComContainedObject@VCOPOSElectronicJournal@@@ATL@@WII@AGJABU_GUID@@PAPAX@Z 100031cc f i ElectronicJournal.obj
 0001:000021d9       ?AddRef@?$CComContainedObject@VCOPOSElectronicJournal@@@ATL@@WII@AGKXZ 100031d9 f i ElectronicJournal.obj
 0001:000021e6       ?Release@?$CComContainedObject@VCOPOSElectronicJournal@@@ATL@@WII@AGKXZ 100031e6 f i ElectronicJournal.obj
 0001:000021f3       ?QueryInterface@?$CComContainedObject@VCOPOSElectronicJournal@@@ATL@@WIM@AGJABU_GUID@@PAPAX@Z 100031f3 f i ElectronicJournal.obj
 0001:00002200       ?AddRef@?$CComContainedObject@VCOPOSElectronicJournal@@@ATL@@WIM@AGKXZ 10003200 f i ElectronicJournal.obj
 0001:0000220d       ?Release@?$CComContainedObject@VCOPOSElectronicJournal@@@ATL@@WIM@AGKXZ 1000320d f i ElectronicJournal.obj
 0001:0000221a       ?QueryInterface@?$CComContainedObject@VCOPOSElectronicJournal@@@ATL@@WJA@AGJABU_GUID@@PAPAX@Z 1000321a f i ElectronicJournal.obj
 0001:00002227       ?AddRef@?$CComContainedObject@VCOPOSElectronicJournal@@@ATL@@WJA@AGKXZ 10003227 f i ElectronicJournal.obj
 0001:00002234       ?Release@?$CComContainedObject@VCOPOSElectronicJournal@@@ATL@@WJA@AGKXZ 10003234 f i ElectronicJournal.obj
 0001:00002241       ?QueryInterface@?$CComContainedObject@VCOPOSElectronicJournal@@@ATL@@WJE@AGJABU_GUID@@PAPAX@Z 10003241 f i ElectronicJournal.obj
 0001:0000224e       ?AddRef@?$CComContainedObject@VCOPOSElectronicJournal@@@ATL@@WJE@AGKXZ 1000324e f i ElectronicJournal.obj
 0001:0000225b       ?Release@?$CComContainedObject@VCOPOSElectronicJournal@@@ATL@@WJE@AGKXZ 1000325b f i ElectronicJournal.obj
 0001:00002268       ?QueryInterface@?$CComContainedObject@VCOPOSElectronicJournal@@@ATL@@WJI@AGJABU_GUID@@PAPAX@Z 10003268 f i ElectronicJournal.obj
 0001:00002275       ?AddRef@?$CComContainedObject@VCOPOSElectronicJournal@@@ATL@@WJI@AGKXZ 10003275 f i ElectronicJournal.obj
 0001:00002282       ?Release@?$CComContainedObject@VCOPOSElectronicJournal@@@ATL@@WJI@AGKXZ 10003282 f i ElectronicJournal.obj
 0001:0000228f       ?QueryInterface@?$CComContainedObject@VCOPOSElectronicJournal@@@ATL@@WJM@AGJABU_GUID@@PAPAX@Z 1000328f f i ElectronicJournal.obj
 0001:0000229c       ?AddRef@?$CComContainedObject@VCOPOSElectronicJournal@@@ATL@@WJM@AGKXZ 1000329c f i ElectronicJournal.obj
 0001:000022a9       ?Release@?$CComContainedObject@VCOPOSElectronicJournal@@@ATL@@WJM@AGKXZ 100032a9 f i ElectronicJournal.obj
 0001:000022b6       ?QueryInterface@?$CComContainedObject@VCOPOSElectronicJournal@@@ATL@@WKA@AGJABU_GUID@@PAPAX@Z 100032b6 f i ElectronicJournal.obj
 0001:000022c3       ?AddRef@?$CComContainedObject@VCOPOSElectronicJournal@@@ATL@@WKA@AGKXZ 100032c3 f i ElectronicJournal.obj
 0001:000022d0       ?Release@?$CComContainedObject@VCOPOSElectronicJournal@@@ATL@@WKA@AGKXZ 100032d0 f i ElectronicJournal.obj
 0001:000022dd       ?AddRef@?$CComContainedObject@VCOPOSElectronicJournal@@@ATL@@WKI@AGKXZ 100032dd f i ElectronicJournal.obj
 0001:000022ea       ?Release@?$CComContainedObject@VCOPOSElectronicJournal@@@ATL@@WKI@AGKXZ 100032ea f i ElectronicJournal.obj
 0001:000022f7       ?AddRef@?$CComContainedObject@VCOPOSElectronicJournal@@@ATL@@WLE@AGKXZ 100032f7 f i ElectronicJournal.obj
 0001:00002304       ?Release@?$CComContainedObject@VCOPOSElectronicJournal@@@ATL@@WLE@AGKXZ 10003304 f i ElectronicJournal.obj
 0001:00002311       ?Lock@CAtlModule@ATL@@UAEJXZ 10003311 f i ElectronicJournal.obj
 0001:0000231b       ?Unlock@CAtlModule@ATL@@UAEJXZ 1000331b f i ElectronicJournal.obj
 0001:00002325       ?GetLockCount@CAtlModule@ATL@@UAEJXZ 10003325 f i ElectronicJournal.obj
 0001:00002329       ?GetGITPtr@CAtlModule@ATL@@UAEJPAPAUIGlobalInterfaceTable@@@Z 10003329 f i ElectronicJournal.obj
 0001:00002375       ?GetWindowProc@?$CWindowImplBaseT@VCWindow@ATL@@V?$CWinTraits@$0FGAAAAAA@$0A@@2@@ATL@@UAEP6GJPAUHWND__@@IIJ@ZXZ 10003375 f i ElectronicJournal.obj
 0001:0000237b       ?StartWindowProc@?$CWindowImplBaseT@VCWindow@ATL@@V?$CWinTraits@$0FGAAAAAA@$0A@@2@@ATL@@SGJPAUHWND__@@IIJ@Z 1000337b f i ElectronicJournal.obj
 0001:000023cf       ?AddCommonRGSReplacements@?$CAtlModuleT@VCComModule@ATL@@@ATL@@UAEJPAUIRegistrarBase@@@Z 100033cf f i ElectronicJournal.obj
 0001:000023e9       ?UpdateRegistryFromResourceD@CComModule@ATL@@UAGJPB_WHPAU_ATL_REGMAP_ENTRY@2@@Z 100033e9 f i ElectronicJournal.obj
 0001:000023e9       ?UpdateRegistryFromResourceD@CComModule@ATL@@UAGJIHPAU_ATL_REGMAP_ENTRY@2@@Z 100033e9 f i ElectronicJournal.obj
 0001:000023f1       ?UpdateRegistryFromResource@CComModule@ATL@@UAGJPB_WHPAU_ATL_REGMAP_ENTRY@2@@Z 100033f1 f i ElectronicJournal.obj
 0001:000023fa       ?UpdateRegistryFromResource@CComModule@ATL@@UAGJIHPAU_ATL_REGMAP_ENTRY@2@@Z 100033fa f i ElectronicJournal.obj
 0001:00002403       ?GetTypeInfoCount@?$IDispatchImpl@UIOPOSElectronicJournal@@$1?IID_IOPOSElectronicJournal@@3U_GUID@@B$1?LIBID_OposElectronicJournal_CCO@@3U3@B$00$0A@VCComTypeInfoHolder@ATL@@@ATL@@UAGJPAI@Z 10003403 f i ElectronicJournal.obj
 0001:00002420       ?GetTypeInfo@?$IDispatchImpl@UIOPOSElectronicJournal@@$1?IID_IOPOSElectronicJournal@@3U_GUID@@B$1?LIBID_OposElectronicJournal_CCO@@3U3@B$00$0A@VCComTypeInfoHolder@ATL@@@ATL@@UAGJIKPAPAUITypeInfo@@@Z 10003420 f i ElectronicJournal.obj
 0001:00002444       ?GetIDsOfNames@?$IDispatchImpl@UIOPOSElectronicJournal@@$1?IID_IOPOSElectronicJournal@@3U_GUID@@B$1?LIBID_OposElectronicJournal_CCO@@3U3@B$00$0A@VCComTypeInfoHolder@ATL@@@ATL@@UAGJABU_GUID@@PAPA_WIKPAJ@Z 10003444 f i ElectronicJournal.obj
 0001:00002464       ?Invoke@?$IDispatchImpl@UIOPOSElectronicJournal@@$1?IID_IOPOSElectronicJournal@@3U_GUID@@B$1?LIBID_OposElectronicJournal_CCO@@3U3@B$00$0A@VCComTypeInfoHolder@ATL@@@ATL@@UAGJJABU_GUID@@KGPAUtagDISPPARAMS@@PAUtagVARIANT@@PAUtagEXCEPINFO@@PAI@Z 10003464 f i ElectronicJournal.obj
 0001:00002472       ??_ECComModule@ATL@@UAEPAXI@Z 10003472 f i ElectronicJournal.obj
 0001:00002472       ??_GCComModule@ATL@@UAEPAXI@Z 10003472 f i ElectronicJournal.obj
 0001:0000249a       ?CreateControlWindow@?$CComControl@VCOPOSElectronicJournal@@V?$CWindowImpl@VCOPOSElectronicJournal@@VCWindow@ATL@@V?$CWinTraits@$0FGAAAAAA@$0A@@3@@ATL@@@ATL@@UAEPAUHWND__@@PAU3@AAUtagRECT@@@Z 1000349a f i ElectronicJournal.obj
 0001:000024c9       ?ControlQueryInterface@?$CComControl@VCOPOSElectronicJournal@@V?$CWindowImpl@VCOPOSElectronicJournal@@VCWindow@ATL@@V?$CWinTraits@$0FGAAAAAA@$0A@@3@@ATL@@@ATL@@UAEJABU_GUID@@PAPAX@Z 100034c9 f i ElectronicJournal.obj
 0001:000024e4       ?IsDirty@?$IPersistStreamInitImpl@VCOPOSElectronicJournal@@@ATL@@UAGJXZ 100034e4 f i ElectronicJournal.obj
 0001:00002503       ?Load@?$IPersistStreamInitImpl@VCOPOSElectronicJournal@@@ATL@@UAGJPAUIStream@@@Z 10003503 f i ElectronicJournal.obj
 0001:00002522       ?Save@?$IPersistStreamInitImpl@VCOPOSElectronicJournal@@@ATL@@UAGJPAUIStream@@H@Z 10003522 f i ElectronicJournal.obj
 0001:00002544       ?GetSizeMax@?$IPersistStreamInitImpl@VCOPOSElectronicJournal@@@ATL@@UAGJPAT_ULARGE_INTEGER@@@Z 10003544 f i ElectronicJournal.obj
 0001:000026f9       ?InitNew@?$IPersistStreamInitImpl@VCOPOSElectronicJournal@@@ATL@@UAGJXZ 100036f9 f i ElectronicJournal.obj
 0001:00002716       ?SetClientSite@?$IOleObjectImpl@VCOPOSElectronicJournal@@@ATL@@UAGJPAUIOleClientSite@@@Z 10003716 f i ElectronicJournal.obj
 0001:00002733       ?GetClientSite@?$IOleObjectImpl@VCOPOSElectronicJournal@@@ATL@@UAGJPAPAUIOleClientSite@@@Z 10003733 f i ElectronicJournal.obj
 0001:00002750       ?SetHostNames@?$IOleObjectImpl@VCOPOSElectronicJournal@@@ATL@@UAGJPB_W0@Z 10003750 f i ElectronicJournal.obj
 0001:00002755       ?Close@?$IOleObjectImpl@VCOPOSElectronicJournal@@@ATL@@UAGJK@Z 10003755 f i ElectronicJournal.obj
 0001:00002772       ?DoVerb@?$IOleObjectImpl@VCOPOSElectronicJournal@@@ATL@@UAGJJPAUtagMSG@@PAUIOleClientSite@@JPAUHWND__@@PBUtagRECT@@@Z 10003772 f i ElectronicJournal.obj
 0001:0000288a       ?EnumVerbs@?$IOleObjectImpl@VCOPOSElectronicJournal@@@ATL@@UAGJPAPAUIEnumOLEVERB@@@Z 1000388a f i ElectronicJournal.obj
 0001:000028ac       ?GetUserType@?$IOleObjectImpl@VCOPOSElectronicJournal@@@ATL@@UAGJKPAPA_W@Z 100038ac f i ElectronicJournal.obj
 0001:000028c4       ?SetExtent@?$IOleObjectImpl@VCOPOSElectronicJournal@@@ATL@@UAGJKPAUtagSIZE@@@Z 100038c4 f i ElectronicJournal.obj
 0001:000028e4       ?GetExtent@?$IOleObjectImpl@VCOPOSElectronicJournal@@@ATL@@UAGJKPAUtagSIZE@@@Z 100038e4 f i ElectronicJournal.obj
 0001:00002922       ?Advise@?$IOleObjectImpl@VCOPOSElectronicJournal@@@ATL@@UAGJPAUIAdviseSink@@PAK@Z 10003922 f i ElectronicJournal.obj
 0001:00002942       ?Unadvise@?$IOleObjectImpl@VCOPOSElectronicJournal@@@ATL@@UAGJK@Z 10003942 f i ElectronicJournal.obj
 0001:00002971       ?EnumAdvise@?$IOleObjectImpl@VCOPOSElectronicJournal@@@ATL@@UAGJPAPAUIEnumSTATDATA@@@Z 10003971 f i ElectronicJournal.obj
 0001:000029b1       ?GetMiscStatus@?$IOleObjectImpl@VCOPOSElectronicJournal@@@ATL@@UAGJKPAK@Z 100039b1 f i ElectronicJournal.obj
 0001:000029c9       ??$?4UITypeInfo2@@@?$CComPtr@UITypeInfo@@@ATL@@QAEPAUITypeInfo@@ABV?$CComPtr@UITypeInfo2@@@1@@Z 100039c9 f i ElectronicJournal.obj
 0001:000029f6       ??$AtlAdd@K@ATL@@YAJPAKKK@Z 100039f6 f i ElectronicJournal.obj
 0001:00002a19       ??$AtlAdd@_K@ATL@@YAJPA_K_K1@Z 10003a19 f i ElectronicJournal.obj
 0001:00002a51       ??$AtlAddThrow@K@ATL@@YAKKK@Z 10003a51 f i ElectronicJournal.obj
 0001:00002a77       ??$AtlModuleRegisterWndClassInfoT@VAtlModuleRegisterWndClassInfoParamW@ATL@@@ATL@@YAGPAU_ATL_BASE_MODULE70@0@PAU_ATL_WIN_MODULE70@0@PAU_ATL_WNDCLASSINFOW@0@PAP6GJPAUHWND__@@IIJ@ZVAtlModuleRegisterWndClassInfoParamW@0@@Z 10003a77 f i ElectronicJournal.obj
 0001:00002bc5       ??$AtlMultiply@H@ATL@@YAJPAHHH@Z 10003bc5 f i ElectronicJournal.obj
 0001:00002bfd       ??$AtlMultiply@K@ATL@@YAJPAKKK@Z 10003bfd f i ElectronicJournal.obj
 0001:00002bfd       ??$AtlMultiply@I@ATL@@YAJPAIII@Z 10003bfd f i ElectronicJournal.obj
 0001:00002c1f       ??$AtlMultiplyThrow@I@ATL@@YAIII@Z 10003c1f f i ElectronicJournal.obj
 0001:00002c45       ??0?$CComAggObject@VCOPOSElectronicJournal@@@ATL@@QAE@PAX@Z 10003c45 f i ElectronicJournal.obj
 0001:00002c72       ??0?$CComContainedObject@VCOPOSElectronicJournal@@@ATL@@QAE@PAX@Z 10003c72 f i ElectronicJournal.obj
 0001:00002d2b       ??0?$CComObject@V?$CComEnum@UIEnumConnectionPoints@@$1?_GUID_b196b285_bab4_101a_b69c_00aa00341d07@@3U__s_GUID@@BPAUIConnectionPoint@@V?$_CopyInterface@UIConnectionPoint@@@ATL@@VCComSingleThreadModel@6@@ATL@@@ATL@@QAE@PAX@Z 10003d2b f i ElectronicJournal.obj
 0001:00002d59       ??0?$CComObject@V?$CComEnum@UIEnumConnections@@$1?_GUID_b196b287_bab4_101a_b69c_00aa00341d07@@3U__s_GUID@@BUtagCONNECTDATA@@V?$_Copy@UtagCONNECTDATA@@@ATL@@VCComSingleThreadModel@6@@ATL@@@ATL@@QAE@PAX@Z 10003d59 f i ElectronicJournal.obj
 0001:00002d87       ??0?$CComObject@VCOPOSElectronicJournal@@@ATL@@QAE@PAX@Z 10003d87 f i ElectronicJournal.obj
 0001:00002e3e       ??0?$CComQIPtr@UIOleControlSite@@$1?_GUID_b196b289_bab4_101a_b69c_00aa00341d07@@3U__s_GUID@@B@ATL@@QAE@PAUIUnknown@@@Z 10003e3e f i ElectronicJournal.obj
 0001:00002e67       ??0CAtlModule@ATL@@QAE@XZ  10003e67 f i ElectronicJournal.obj
 0001:00002ea8       ??0CParseBuffer@CRegParser@ATL@@QAE@H@Z 10003ea8 f i ElectronicJournal.obj
 0001:00002ede       ??0_ATL_MSG@ATL@@QAE@PAUHWND__@@IIJH@Z 10003ede f i ElectronicJournal.obj
 0001:00002f16       ??1?$CComAggObject@VCOPOSElectronicJournal@@@ATL@@UAE@XZ 10003f16 f i ElectronicJournal.obj
 0001:00002f3a       ??1?$CComEnumImpl@UIEnumConnectionPoints@@$1?_GUID_b196b285_bab4_101a_b69c_00aa00341d07@@3U__s_GUID@@BPAUIConnectionPoint@@V?$_CopyInterface@UIConnectionPoint@@@ATL@@@ATL@@UAE@XZ 10003f3a f i ElectronicJournal.obj
 0001:00002f7a       ??1?$CComEnumImpl@UIEnumConnections@@$1?_GUID_b196b287_bab4_101a_b69c_00aa00341d07@@3U__s_GUID@@BUtagCONNECTDATA@@V?$_Copy@UtagCONNECTDATA@@@ATL@@@ATL@@UAE@XZ 10003f7a f i ElectronicJournal.obj
 0001:00002fba       ??1?$CComObject@V?$CComEnum@UIEnumConnectionPoints@@$1?_GUID_b196b285_bab4_101a_b69c_00aa00341d07@@3U__s_GUID@@BPAUIConnectionPoint@@V?$_CopyInterface@UIConnectionPoint@@@ATL@@VCComSingleThreadModel@6@@ATL@@@ATL@@UAE@XZ 10003fba f i ElectronicJournal.obj
 0001:00002fdd       ??1?$CComObject@V?$CComEnum@UIEnumConnections@@$1?_GUID_b196b287_bab4_101a_b69c_00aa00341d07@@3U__s_GUID@@BUtagCONNECTDATA@@V?$_Copy@UtagCONNECTDATA@@@ATL@@VCComSingleThreadModel@6@@ATL@@@ATL@@UAE@XZ 10003fdd f i ElectronicJournal.obj
 0001:00003000       ??1?$CComObject@VCOPOSElectronicJournal@@@ATL@@UAE@XZ 10004000 f i ElectronicJournal.obj
 0001:000030be       ??1?$CComObjectCached@VCComClassFactory@ATL@@@ATL@@UAE@XZ 100040be f i ElectronicJournal.obj
 0001:000030d4       ??1?$CComObjectRootEx@VCComMultiThreadModel@ATL@@@ATL@@QAE@XZ 100040d4 f i ElectronicJournal.obj
 0001:000030e9       ??1CRegObject@ATL@@UAE@XZ  100040e9 f i ElectronicJournal.obj
 0001:00003109       ??4?$CComPtr@UIOleClientSite@@@ATL@@QAEPAUIOleClientSite@@PAU2@@Z 10004109 f i ElectronicJournal.obj
 0001:00003109       ??4?$CComPtr@UIUnknown@@@ATL@@QAEPAUIUnknown@@PAU2@@Z 10004109 f i ElectronicJournal.obj
 0001:00003109       ??4?$CComPtr@UIAdviseSink@@@ATL@@QAEPAUIAdviseSink@@PAU2@@Z 10004109 f i ElectronicJournal.obj
 0001:0000313d       ??4?$CComQIPtr@UIOleObject@@$1?_GUID_00000112_0000_0000_c000_000000000046@@3U__s_GUID@@B@ATL@@QAEPAUIOleObject@@PAUIUnknown@@@Z 1000413d f i ElectronicJournal.obj
 0001:00003162       ??4?$CComQIPtr@UISpecifyPropertyPages@@$1?_GUID_b196b28b_bab4_101a_b69c_00aa00341d07@@3U__s_GUID@@B@ATL@@QAEPAUISpecifyPropertyPages@@PAUIUnknown@@@Z 10004162 f i ElectronicJournal.obj
 0001:00003187       ??_G?$CComContainedObject@VCOPOSElectronicJournal@@@ATL@@UAEPAXI@Z 10004187 f i ElectronicJournal.obj
 0001:00003187       ??_E?$CComContainedObject@VCOPOSElectronicJournal@@@ATL@@UAEPAXI@Z 10004187 f i ElectronicJournal.obj
 0001:000031ac       ??_E?$CComObject@VCOPOSElectronicJournal@@@ATL@@UAEPAXI@Z 100041ac f i ElectronicJournal.obj
 0001:000031ac       ??_G?$CComObject@VCOPOSElectronicJournal@@@ATL@@UAEPAXI@Z 100041ac f i ElectronicJournal.obj
 0001:000031d1       ?Add@?$CSimpleArray@GV?$CSimpleArrayEqualHelper@G@ATL@@@ATL@@QAEHABG@Z 100041d1 f i ElectronicJournal.obj
 0001:00003255       ?Add@?$CSimpleMap@PA_WPA_WVCExpansionVectorEqualHelper@ATL@@@ATL@@QAEHABQA_W0@Z 10004255 f i ElectronicJournal.obj
 0001:000032aa       ?Add@CComDynamicUnkArray@ATL@@QAEKPAUIUnknown@@@Z 100042aa f i ElectronicJournal.obj
 0001:00003365       ?Add@CExpansionVector@ATL@@QAEHPB_W0@Z 10004365 f i ElectronicJournal.obj
 0001:00003469       ?AddString@CParseBuffer@CRegParser@ATL@@QAEHPB_W@Z 10004469 f i ElectronicJournal.obj
 0001:0000349e       ?AddValue@CRegParser@ATL@@IAEJAAVCRegKey@2@PB_WPA_W@Z 1000449e f i ElectronicJournal.obj
 0001:000037bf       ?Allocate@?$CAtlSafeAllocBufferManager@VCCRTAllocator@ATL@@@_ATL_SAFE_ALLOCA_IMPL@ATL@@QAEPAXK@Z 100047bf f i ElectronicJournal.obj
 0001:000037ec       ?Allocate@?$CTempBuffer@E$0BAA@VCCRTAllocator@ATL@@@ATL@@QAEPAEI@Z 100047ec f i ElectronicJournal.obj
 0001:0000381b       ?Allocate@?$CTempBuffer@_W$0BAA@VCCRTAllocator@ATL@@@ATL@@QAEPA_WI@Z 1000481b f i ElectronicJournal.obj
 0001:0000384a       ?Allocate@?$CTempBuffer@_W$0EAA@VCCRTAllocator@ATL@@@ATL@@QAEPA_WI@Z 1000484a f i ElectronicJournal.obj
 0001:00003879       ?AllocateHeap@?$CTempBuffer@_W$0EAA@VCCRTAllocator@ATL@@@ATL@@AAEXI@Z 10004879 f i ElectronicJournal.obj
 0001:00003879       ?AllocateHeap@?$CTempBuffer@_W$0BAA@VCCRTAllocator@ATL@@@ATL@@AAEXI@Z 10004879 f i ElectronicJournal.obj
 0001:00003879       ?AllocateHeap@?$CTempBuffer@E$0BAA@VCCRTAllocator@ATL@@@ATL@@AAEXI@Z 10004879 f i ElectronicJournal.obj
 0001:0000389e       ?Append@CParseBuffer@CRegParser@ATL@@QAEHPB_WH@Z 1000489e f i ElectronicJournal.obj
 0001:0000392c       ?AtlCallTermFunc@ATL@@YGXPAU_ATL_MODULE70@1@@Z 1000492c f i ElectronicJournal.obj
 0001:00003970       ?AtlCoTaskMemCAlloc@ATL@@YAPAXKK@Z 10004970 f i ElectronicJournal.obj
 0001:0000399d       ?AtlCoTaskMemRecalloc@ATL@@YAPAXPAXKK@Z 1000499d f i ElectronicJournal.obj
 0001:000039cd       ?AtlComModuleGetClassObject@ATL@@YGJPAU_ATL_COM_MODULE70@1@ABU_GUID@@1PAPAX@Z 100049cd f i ElectronicJournal.obj
 0001:00003ac0       ?AtlComModuleRegisterServer@ATL@@YGJPAU_ATL_COM_MODULE70@1@HPBU_GUID@@@Z 10004ac0 f i ElectronicJournal.obj
 0001:00003b48       ?AtlComModuleUnregisterServer@ATL@@YGJPAU_ATL_COM_MODULE70@1@HPBU_GUID@@@Z 10004b48 f i ElectronicJournal.obj
 0001:00003bd0       ?AtlComQIPtrAssign2@ATL@@YAXPAPAUIUnknown@@PAU2@ABU_GUID@@@Z 10004bd0 f i ElectronicJournal.obj
 0001:00003bff       ?AtlCreateTargetDC@ATL@@YGPAUHDC__@@PAU2@PAUtagDVTARGETDEVICE@@@Z 10004bff f i ElectronicJournal.obj
 0001:00003c68       ?AtlCrtErrorCheck@ATL@@YAHH@Z 10004c68 f i ElectronicJournal.obj
 0001:00003ca3       ?AtlHiMetricToPixel@ATL@@YGXPBUtagSIZE@@PAU2@@Z 10004ca3 f i ElectronicJournal.obj
 0001:00003d18       ?AtlHresultFromLastError@ATL@@YAJXZ 10004d18 f i ElectronicJournal.obj
 0001:00003d2f       ?AtlHresultFromWin32@ATL@@YAJK@Z 10004d2f f i ElectronicJournal.obj
 0001:00003d44       ?AtlIPersistStreamInit_Load@ATL@@YGJPAUIStream@@PBUATL_PROPMAP_ENTRY@1@PAXPAUIUnknown@@@Z 10004d44 f i ElectronicJournal.obj
 0001:00003f24       ?AtlIPersistStreamInit_Save@ATL@@YGJPAUIStream@@HPBUATL_PROPMAP_ENTRY@1@PAXPAUIUnknown@@@Z 10004f24 f i ElectronicJournal.obj
 0001:000040bc       ?AtlInternalOleLoadFromStream@ATL@@YAJPAUIStream@@ABU_GUID@@PAPAXTClassesAllowedInStream@1@K@Z 100050bc f i ElectronicJournal.obj
 0001:000041e2       ?AtlInternalQueryInterface@ATL@@YGJPAXPBU_ATL_INTMAP_ENTRY@1@ABU_GUID@@PAPAX@Z 100051e2 f i ElectronicJournal.obj
 0001:00004285       ?AtlLoadTypeLib@ATL@@YGJPAUHINSTANCE__@@PB_WPAPA_WPAPAUITypeLib@@@Z 10005285 f i ElectronicJournal.obj
 0001:00004463       ?AtlModuleAddTermFunc@ATL@@YGJPAU_ATL_MODULE70@1@P6GXK@ZK@Z 10005463 f i ElectronicJournal.obj
 0001:000044c0       ?AtlRegisterClassCategoriesHelper@ATL@@YGJABU_GUID@@PBU_ATL_CATMAP_ENTRY@1@H@Z 100054c0 f i ElectronicJournal.obj
 0001:000047a0       ?AtlRegisterTypeLib@ATL@@YGJPAUHINSTANCE__@@PB_W@Z 100057a0 f i ElectronicJournal.obj
 0001:00004928       ?AtlThrowImpl@ATL@@YGXJ@Z  10005928 f i ElectronicJournal.obj
 0001:00004946       ?AtlUnRegisterTypeLib@ATL@@YGJPAUHINSTANCE__@@PB_W@Z 10005946 f i ElectronicJournal.obj
 0001:000049f1       ?AtlWinModuleAddCreateWndData@ATL@@YGXPAU_ATL_WIN_MODULE70@1@PAU_AtlCreateWndData@1@PAX@Z 100059f1 f i ElectronicJournal.obj
 0001:00004a45       ?AtlWinModuleExtractCreateWndData@ATL@@YGPAXPAU_ATL_WIN_MODULE70@1@@Z 10005a45 f i ElectronicJournal.obj
 0001:00004aa8       ?AtlWinModuleRegisterClassExW@ATL@@YGGPAU_ATL_WIN_MODULE70@1@PBUtagWNDCLASSEXW@@@Z 10005aa8 f i ElectronicJournal.obj
 0001:00004ae7       ?CanForceRemoveKey@CRegParser@ATL@@IAEHPB_W@Z 10005ae7 f i ElectronicJournal.obj
 0001:00004b16       ?ChToByte@CRegParser@ATL@@KAE_W@Z 10005b16 f i ElectronicJournal.obj
 0001:00004b49       ?Cleanup@CComTypeInfoHolder@ATL@@SGXK@Z 10005b49 f i ElectronicJournal.obj
 0001:00004b7c       ?ClearReplacements@CExpansionVector@ATL@@QAEJXZ 10005b7c f i ElectronicJournal.obj
 0001:00004bb9       ?Close@CRegKey@ATL@@QAEJXZ 10005bb9 f i ElectronicJournal.obj
 0001:00004bd3       ?Create@?$CWindowImpl@VCOPOSElectronicJournal@@VCWindow@ATL@@V?$CWinTraits@$0FGAAAAAA@$0A@@3@@ATL@@QAEPAUHWND__@@PAU3@V_U_RECT@2@PB_WKKV_U_MENUorID@2@PAX@Z 10005bd3 f i ElectronicJournal.obj
 0001:00004c17       ?Create@?$CWindowImplBaseT@VCWindow@ATL@@V?$CWinTraits@$0FGAAAAAA@$0A@@2@@ATL@@QAEPAUHWND__@@PAU3@V_U_RECT@2@PB_WKKV_U_MENUorID@2@GPAX@Z 10005c17 f i ElectronicJournal.obj
 0001:00004cb3       ?Create@CRegKey@ATL@@QAEJPAUHKEY__@@PB_WPA_WKKPAU_SECURITY_ATTRIBUTES@@PAK@Z 10005cb3 f i ElectronicJournal.obj
 0001:00004d16       ?CreateInstance@?$CComCreator@V?$CComAggObject@VCOPOSElectronicJournal@@@ATL@@@ATL@@SGJPAXABU_GUID@@PAPAX@Z 10005d16 f i ElectronicJournal.obj
 0001:00004d8c       ?CreateInstance@?$CComCreator@V?$CComObject@VCOPOSElectronicJournal@@@ATL@@@ATL@@SGJPAXABU_GUID@@PAPAX@Z 10005d8c f i ElectronicJournal.obj
 0001:00004e0d       ?CreateInstance@?$CComObject@V?$CComEnum@UIEnumConnectionPoints@@$1?_GUID_b196b285_bab4_101a_b69c_00aa00341d07@@3U__s_GUID@@BPAUIConnectionPoint@@V?$_CopyInterface@UIConnectionPoint@@@ATL@@VCComSingleThreadModel@6@@ATL@@@ATL@@SGJPAPAV12@@Z 10005e0d f i ElectronicJournal.obj
 0001:00004e54       ?CreateInstance@?$CComObject@V?$CComEnum@UIEnumConnections@@$1?_GUID_b196b287_bab4_101a_b69c_00aa00341d07@@3U__s_GUID@@BUtagCONNECTDATA@@V?$_Copy@UtagCONNECTDATA@@@ATL@@VCComSingleThreadModel@6@@ATL@@@ATL@@SGJPAPAV12@@Z 10005e54 f i ElectronicJournal.obj
 0001:00004e9b       ?DefaultReflectionHandler@?$CWindowImplRoot@VCWindow@ATL@@@ATL@@SAHPAUHWND__@@IIJAAJ@Z 10005e9b f i ElectronicJournal.obj
 0001:00004f0e       ?DeleteSubKey@CRegKey@ATL@@QAEJPB_W@Z 10005f0e f i ElectronicJournal.obj
 0001:00004f31       ?DoEvent@COPOSElectronicJournal@@IAEXIIJ@Z 10005f31 f i ElectronicJournal.obj
 0001:00004fb1       ?DoVerbHide@?$IOleObjectImpl@VCOPOSElectronicJournal@@@ATL@@QAEJPBUtagRECT@@PAUHWND__@@@Z 10005fb1 f i ElectronicJournal.obj
 0001:00004fe7       ?DoVerbInPlaceActivate@?$IOleObjectImpl@VCOPOSElectronicJournal@@@ATL@@QAEJPBUtagRECT@@PAUHWND__@@@Z 10005fe7 f i ElectronicJournal.obj
 0001:0000501a       ?DoVerbPrimary@?$IOleObjectImpl@VCOPOSElectronicJournal@@@ATL@@QAEJPBUtagRECT@@PAUHWND__@@@Z 1000601a f i ElectronicJournal.obj
 0001:000050a6       ?DoVerbProperties@CComControlBase@ATL@@QAEJPBUtagRECT@@PAUHWND__@@@Z 100060a6 f i ElectronicJournal.obj
 0001:000051cd       ?DoVerbShow@?$IOleObjectImpl@VCOPOSElectronicJournal@@@ATL@@QAEJPBUtagRECT@@PAUHWND__@@@Z 100061cd f i ElectronicJournal.obj
 0001:000051f2       ?DoVerbUIActivate@?$IOleObjectImpl@VCOPOSElectronicJournal@@@ATL@@QAEJPBUtagRECT@@PAUHWND__@@@Z 100061f2 f i ElectronicJournal.obj
 0001:0000522f       ?DoesVerbActivate@CComControlBase@ATL@@QAEHJ@Z 1000622f f i ElectronicJournal.obj
 0001:00005250       ?DoesVerbUIActivate@CComControlBase@ATL@@QAEHJ@Z 10006250 f i ElectronicJournal.obj
 0001:00005285       ?EndOfVar@CRegParser@ATL@@IAEHXZ 10006285 f i ElectronicJournal.obj
 0001:000052a5       ?EscapeSingleQuote@CAtlModule@ATL@@SAXPA_WIPB_W@Z 100062a5 f i ElectronicJournal.obj
 0001:000052f4       ?FindKey@?$CSimpleMap@PA_WPA_WVCExpansionVectorEqualHelper@ATL@@@ATL@@QBEHABQA_W@Z 100062f4 f i ElectronicJournal.obj
 0001:0000532b       ?FireTheEvent@?$CProxy_IOPOSEvents@VCOPOSElectronicJournal@@@@IAEXPAVOposVariant@@IAAJPB_WJ@Z 1000632b f i ElectronicJournal.obj
 0001:000053bd       ?FireViewChange@CComControlBase@ATL@@QAEJXZ 100063bd f i ElectronicJournal.obj
 0001:00005406       ?Fire_DataEvent@?$CProxy_IOPOSEvents@VCOPOSElectronicJournal@@@@QAEXJ@Z 10006406 f i ElectronicJournal.obj
 0001:00005492       ?Fire_DirectIOEvent@?$CProxy_IOPOSEvents@VCOPOSElectronicJournal@@@@QAEXJPAJPAPA_W@Z 10006492 f i ElectronicJournal.obj
 0001:00005578       ?Fire_ErrorEvent@?$CProxy_IOPOSEvents@VCOPOSElectronicJournal@@@@QAEXJJJPAJ@Z 10006578 f i ElectronicJournal.obj
 0001:0000565f       ?Fire_OutputCompleteEvent@?$CProxy_IOPOSEvents@VCOPOSElectronicJournal@@@@QAEXJ@Z 1000665f f i ElectronicJournal.obj
 0001:000056eb       ?Fire_StatusUpdateEvent@?$CProxy_IOPOSEvents@VCOPOSElectronicJournal@@@@QAEXJ@Z 100066eb f i ElectronicJournal.obj
 0001:00005777       ?FreeHeap@?$CTempBuffer@_W$0BAA@VCCRTAllocator@ATL@@@ATL@@AAEXXZ 10006777 f i ElectronicJournal.obj
 0001:00005777       ?FreeHeap@?$CTempBuffer@_W$0EAA@VCCRTAllocator@ATL@@@ATL@@AAEXXZ 10006777 f i ElectronicJournal.obj
 0001:00005777       ?FreeHeap@?$CTempBuffer@E$0BAA@VCCRTAllocator@ATL@@@ATL@@AAEXXZ 10006777 f i ElectronicJournal.obj
 0001:00005780       ?GetAmbientLocaleID@CComControlBase@ATL@@QAEJAAK@Z 10006780 f i ElectronicJournal.obj
 0001:000057dc       ?GetAmbientUserMode@CComControlBase@ATL@@QAEJAAH@Z 100067dc f i ElectronicJournal.obj
 0001:0000584c       ?GetAt@CComDynamicUnkArray@ATL@@QAEPAUIUnknown@@H@Z 1000684c f i ElectronicJournal.obj
 0001:00005868       ?GetClassObject@CComModule@ATL@@QAEJABU_GUID@@0PAPAX@Z 10006868 f i ElectronicJournal.obj
 0001:0000590a       ?GetConnMap@COPOSElectronicJournal@@SAPBU_ATL_CONNMAP_ENTRY@ATL@@PAH@Z 1000690a f i ElectronicJournal.obj
 0001:0000597a       ?GetCookie@CComDynamicUnkArray@ATL@@QAGKPAPAUIUnknown@@@Z 1000697a f i ElectronicJournal.obj
 0001:000059b2       ?GetIDsOfNames@CComTypeInfoHolder@ATL@@QAEJABU_GUID@@PAPA_WIKPAJ@Z 100069b2 f i ElectronicJournal.obj
 0001:00005ac0       ?GetKeyAt@?$CSimpleMap@PA_WPA_WVCExpansionVectorEqualHelper@ATL@@@ATL@@QBEAAPA_WH@Z 10006ac0 f i ElectronicJournal.obj
 0001:00005ae5       ?GetPagesHelper@?$ISpecifyPropertyPagesImpl@VCOPOSElectronicJournal@@@ATL@@IAEJPAUtagCAUUID@@PBUATL_PROPMAP_ENTRY@2@@Z 10006ae5 f i ElectronicJournal.obj
 0001:00005c0c       ?GetProperty@?$CComPtr@UIDispatch@@@ATL@@SAJPAUIDispatch@@JPAUtagVARIANT@@@Z 10006c0c f i ElectronicJournal.obj
 0001:00005c5b       ?GetSizeMax@CComVariant@ATL@@QBEJPAT_ULARGE_INTEGER@@@Z 10006c5b f i ElectronicJournal.obj
 0001:00005e15       ?GetStreamSize@CComBSTR@ATL@@SAKPA_W@Z 10006e15 f i ElectronicJournal.obj
 0001:00005e2f       ?GetTI@CComTypeInfoHolder@ATL@@QAEJK@Z 10006e2f f i ElectronicJournal.obj
 0001:00006018       ?GetTI@CComTypeInfoHolder@ATL@@QAEJKPAPAUITypeInfo@@@Z 10007018 f i ElectronicJournal.obj
 0001:0000605a       ?GetUnknown@CComDynamicUnkArray@ATL@@QAGPAUIUnknown@@K@Z 1000705a f i ElectronicJournal.obj
 0001:0000607b       ?GetValueAt@?$CSimpleMap@PA_WPA_WVCExpansionVectorEqualHelper@ATL@@@ATL@@QBEAAPA_WH@Z 1000707b f i ElectronicJournal.obj
 0001:000060a1       ?GetZoomInfo@CComControlBase@ATL@@QAEXAAUATL_DRAWINFO@@@Z 100070a1 f i ElectronicJournal.obj
 0001:00006134       ?HKeyFromString@CRegParser@ATL@@KAPAUHKEY__@@PA_W@Z 10007134 f i ElectronicJournal.obj
 0001:00006162       ?HasSubKeys@CRegParser@ATL@@IAEHPAUHKEY__@@@Z 10007162 f i ElectronicJournal.obj
 0001:00006197       ?IDataObject_GetData@CComControlBase@ATL@@QAEJPAUtagFORMATETC@@PAUtagSTGMEDIUM@@@Z 10007197 f i ElectronicJournal.obj
 0001:0000633d       ?IOleInPlaceObject_InPlaceDeactivate@CComControlBase@ATL@@QAEJXZ 1000733d f i ElectronicJournal.obj
 0001:000063c4       ?IOleInPlaceObject_SetObjectRects@CComControlBase@ATL@@QAEJPBUtagRECT@@0@Z 100073c4 f i ElectronicJournal.obj
 0001:00006491       ?IOleInPlaceObject_UIDeactivate@CComControlBase@ATL@@QAEJXZ 10007491 f i ElectronicJournal.obj
 0001:00006553       ?IOleObject_Advise@CComControlBase@ATL@@QAEJPAUIAdviseSink@@PAK@Z 10007553 f i ElectronicJournal.obj
 0001:0000657d       ?IOleObject_Close@CComControlBase@ATL@@QAEJK@Z 1000757d f i ElectronicJournal.obj
 0001:00006661       ?IOleObject_GetClientSite@CComControlBase@ATL@@QAEJPAPAUIOleClientSite@@@Z 10007661 f i ElectronicJournal.obj
 0001:0000668a       ?IOleObject_SetClientSite@CComControlBase@ATL@@QAEJPAUIOleClientSite@@@Z 1000768a f i ElectronicJournal.obj
 0001:000066c9       ?IOleObject_SetExtent@CComControlBase@ATL@@QAEJKPAUtagSIZE@@@Z 100076c9 f i ElectronicJournal.obj
 0001:0000677d       ?IPSI_GetIPersistStreamInit@?$IPersistStorageImpl@VCOPOSElectronicJournal@@@ATL@@AAEPAUIPersistStreamInit@@XZ 1000777d f i ElectronicJournal.obj
 0001:000067bf       ?IPersistStreamInit_Load@?$IPersistStreamInitImpl@VCOPOSElectronicJournal@@@ATL@@QAEJPAUIStream@@PBUATL_PROPMAP_ENTRY@2@@Z 100077bf f i ElectronicJournal.obj
 0001:000067eb       ?IPersistStreamInit_Save@?$IPersistStreamInitImpl@VCOPOSElectronicJournal@@@ATL@@QAEJPAUIStream@@HPBUATL_PROPMAP_ENTRY@2@@Z 100077eb f i ElectronicJournal.obj
 0001:00006820       ?IQuickActivate_QuickActivate@CComControlBase@ATL@@QAEJPAUtagQACONTAINER@@PAUtagQACONTROL@@@Z 10007820 f i ElectronicJournal.obj
 0001:00006a62       ?IViewObject_Draw@CComControlBase@ATL@@QAEJKJPAXPAUtagDVTARGETDEVICE@@PAUHDC__@@2PBU_RECTL@@3@Z 10007a62 f i ElectronicJournal.obj
 0001:00006b0a       ?InPlaceActivate@CComControlBase@ATL@@QAEJJPBUtagRECT@@@Z 10007b0a f i ElectronicJournal.obj
 0001:00006d7b       ?Init@?$CComEnumImpl@UIEnumConnectionPoints@@$1?_GUID_b196b285_bab4_101a_b69c_00aa00341d07@@3U__s_GUID@@BPAUIConnectionPoint@@V?$_CopyInterface@UIConnectionPoint@@@ATL@@@ATL@@QAEJPAPAUIConnectionPoint@@0PAUIUnknown@@W4CComEnumFlags@2@@Z 10007d7b f i ElectronicJournal.obj
 0001:00006e5a       ?Init@?$CComEnumImpl@UIEnumConnections@@$1?_GUID_b196b287_bab4_101a_b69c_00aa00341d07@@3U__s_GUID@@BUtagCONNECTDATA@@V?$_Copy@UtagCONNECTDATA@@@ATL@@@ATL@@QAEJPAUtagCONNECTDATA@@0PAUIUnknown@@W4CComEnumFlags@2@@Z 10007e5a f i ElectronicJournal.obj
 0001:00006f39       ?Init@CComModule@ATL@@QAEJPAU_ATL_OBJMAP_ENTRY30@2@PAUHINSTANCE__@@PBU_GUID@@@Z 10007f39 f i ElectronicJournal.obj
 0001:00006f98       ?Init@CDynamicStdCallThunk2@ATL@@QAEHKPAX@Z 10007f98 f i ElectronicJournal.obj
 0001:00006fc3       ?InlineIsEqualUnknown@ATL@@YGHABU_GUID@@@Z 10007fc3 f i ElectronicJournal.obj
 0001:00006feb       ?InternalGetSite@CComControlBase@ATL@@QAEJABU_GUID@@PAPAX@Z 10007feb f i ElectronicJournal.obj
 0001:00007019       ?InternalSetAtIndex@?$CSimpleMap@PA_WPA_WVCExpansionVectorEqualHelper@ATL@@@ATL@@QAEXHABQA_W0@Z 10008019 f i ElectronicJournal.obj
 0001:00007043       ?Invoke@CComTypeInfoHolder@ATL@@QAEJPAUIDispatch@@JABU_GUID@@KGPAUtagDISPPARAMS@@PAUtagVARIANT@@PAUtagEXCEPINFO@@PAI@Z 10008043 f i ElectronicJournal.obj
 0001:00007086       ?IsEqualObject@?$CComPtrBase@UIOleClientSite@@@ATL@@QAE_NPAUIUnknown@@@Z 10008086 f i ElectronicJournal.obj
 0001:00007086       ?IsEqualObject@?$CComPtrBase@UITypeInfo@@@ATL@@QAE_NPAUIUnknown@@@Z 10008086 f i ElectronicJournal.obj
 0001:000070f3       ?IsSpace@CRegParser@ATL@@IAEH_W@Z 100080f3 f i ElectronicJournal.obj
 0001:0000711d       ?LoadNameCache@CComTypeInfoHolder@ATL@@QAEJPAUITypeInfo@@@Z 1000811d f i ElectronicJournal.obj
 0001:0000726b       ?Lookup@?$CSimpleMap@PA_WPA_WVCExpansionVectorEqualHelper@ATL@@@ATL@@QBEPA_WABQA_W@Z 1000826b f i ElectronicJournal.obj
 0001:00007291       ?NextToken@CRegParser@ATL@@IAEJPA_W@Z 10008291 f i ElectronicJournal.obj
 0001:000073c9       ?OnKillFocus@CComControlBase@ATL@@QAEJIIJAAH@Z 100083c9 f i ElectronicJournal.obj
 0001:00007424       ?OnMouseActivate@CComControlBase@ATL@@QAEJIIJAAH@Z 10008424 f i ElectronicJournal.obj
 0001:00007492       ?OnPaint@CComControlBase@ATL@@QAEJIIJAAH@Z 10008492 f i ElectronicJournal.obj
 0001:00007544       ?OnSetFocus@CComControlBase@ATL@@QAEJIIJAAH@Z 10008544 f i ElectronicJournal.obj
 0001:000075cd       ?Open@CRegKey@ATL@@QAEJPAUHKEY__@@PB_WK@Z 100085cd f i ElectronicJournal.obj
 0001:00007616       ?PreProcessBuffer@CRegParser@ATL@@QAEJPA_WPAPA_W@Z 10008616 f i ElectronicJournal.obj
 0001:00007880       ?ProcessWindowMessage@?$CComControl@VCOPOSElectronicJournal@@V?$CWindowImpl@VCOPOSElectronicJournal@@VCWindow@ATL@@V?$CWinTraits@$0FGAAAAAA@$0A@@3@@ATL@@@ATL@@UAEHPAUHWND__@@IIJAAJK@Z 10008880 f i ElectronicJournal.obj
 0001:0000791f       ?PutProperty@?$CComPtr@UIDispatch@@@ATL@@SAJPAUIDispatch@@JPAUtagVARIANT@@@Z 1000891f f i ElectronicJournal.obj
 0001:000079b1       ?ReadFromStream@CComBSTR@ATL@@QAEJPAUIStream@@@Z 100089b1 f i ElectronicJournal.obj
 0001:00007adf       ?ReadFromStream@CComVariant@ATL@@QAEJPAUIStream@@GTClassesAllowedInStream@2@K@Z 10008adf f i ElectronicJournal.obj
 0001:00007c65       ?RecurseDeleteKey@CRegKey@ATL@@QAEJPB_W@Z 10008c65 f i ElectronicJournal.obj
 0001:00007d27       ?RegCreateKeyExW@CAtlTransactionManager@ATL@@QAEJPAUHKEY__@@PB_WKPA_WKKQAU_SECURITY_ATTRIBUTES@@PAPAU3@PAK@Z 10008d27 f i ElectronicJournal.obj
 0001:00007d8a       ?RegDeleteKeyW@CAtlTransactionManager@ATL@@QAEJPAUHKEY__@@PB_W@Z 10008d8a f i ElectronicJournal.obj
 0001:00007ddc       ?RegOpenKeyExW@CAtlTransactionManager@ATL@@QAEJPAUHKEY__@@PB_WKKPAPAU3@@Z 10008ddc f i ElectronicJournal.obj
 0001:00007e33       ?Register@_ATL_WNDCLASSINFOW@ATL@@QAEGPAP6GJPAUHWND__@@IIJ@Z@Z 10008e33 f i ElectronicJournal.obj
 0001:00007e53       ?RegisterBuffer@CRegParser@ATL@@QAEJPA_WH@Z 10008e53 f i ElectronicJournal.obj
 0001:00007f8c       ?RegisterFromResource@CRegObject@ATL@@IAEJPB_W00H@Z 10008f8c f i ElectronicJournal.obj
 0001:000080c2       ?RegisterServer@?$CAtlModuleT@VCComModule@ATL@@@ATL@@QAEJHPBU_GUID@@@Z 100090c2 f i ElectronicJournal.obj
 0001:000080f0       ?RegisterServer@CComModule@ATL@@QAEJHPBU_GUID@@@Z 100090f0 f i ElectronicJournal.obj
 0001:00008166       ?RegisterSubkeys@CRegParser@ATL@@IAEJPA_WPAUHKEY__@@HH@Z 10009166 f i ElectronicJournal.obj
 0001:00008735       ?Remove@CComDynamicUnkArray@ATL@@QAEHK@Z 10009735 f i ElectronicJournal.obj
 0001:0000875e       ?RemoveAll@?$CSimpleMap@PA_WPA_WVCExpansionVectorEqualHelper@ATL@@@ATL@@QAEXXZ 1000975e f i ElectronicJournal.obj
 0001:0000878a       ?ResourceRegisterSz@CRegObject@ATL@@QAGJPB_W00@Z 1000978a f i ElectronicJournal.obj
 0001:000087b7       ?ResourceUnregisterSz@CRegObject@ATL@@QAGJPB_W00@Z 100097b7 f i ElectronicJournal.obj
 0001:000087e4       ?SendOnDataChange@CComControlBase@ATL@@QAEJK@Z 100097e4 f i ElectronicJournal.obj
 0001:00008831       ?SetControlFocus@CComControlBase@ATL@@QAEHH@Z 10009831 f i ElectronicJournal.obj
 0001:000088ce       ?SetMultiStringValue@CRegKey@ATL@@QAEJPB_W0@Z 100098ce f i ElectronicJournal.obj
 0001:0000892a       ?SetStringValue@CRegKey@ATL@@QAEJPB_W0K@Z 1000992a f i ElectronicJournal.obj
 0001:00008973       ?SkipAssignment@CRegParser@ATL@@IAEJPA_W@Z 10009973 f i ElectronicJournal.obj
 0001:000089d8       ?SkipWhiteSpace@CRegParser@ATL@@IAEXXZ 100099d8 f i ElectronicJournal.obj
 0001:000089fa       ?StrChrW@CRegParser@ATL@@KAPA_WPA_W_W@Z 100099fa f i ElectronicJournal.obj
 0001:00008a37       ?Term@CAtlModule@ATL@@QAEXXZ 10009a37 f i ElectronicJournal.obj
 0001:00008a70       ?Term@CComModule@ATL@@QAEXXZ 10009a70 f i ElectronicJournal.obj
 0001:00008ac8       ?UnregisterServer@?$CAtlModuleT@VCComModule@ATL@@@ATL@@QAEJHPBU_GUID@@@Z 10009ac8 f i ElectronicJournal.obj
 0001:00008aee       ?UnregisterServer@CComModule@ATL@@QAEJHPBU_GUID@@@Z 10009aee f i ElectronicJournal.obj
 0001:00008b64       ?UpdateRegistryFromResource@CAtlModule@ATL@@QAGJIHPAU_ATL_REGMAP_ENTRY@2@@Z 10009b64 f i ElectronicJournal.obj
 0001:00008d2f       ?UpdateRegistryFromResource@CAtlModule@ATL@@QAGJPB_WHPAU_ATL_REGMAP_ENTRY@2@@Z 10009d2f f i ElectronicJournal.obj
 0001:00008f00       ?VTFromRegType@CRegParser@ATL@@KAHPB_WAAG@Z 10009f00 f i ElectronicJournal.obj
 0001:00008f6d       ?WindowProc@?$CWindowImplBaseT@VCWindow@ATL@@V?$CWinTraits@$0FGAAAAAA@$0A@@2@@ATL@@SGJPAUHWND__@@IIJ@Z 10009f6d f i ElectronicJournal.obj
 0001:0000905f       ?WriteToStream@CComBSTR@ATL@@QAEJPAUIStream@@@Z 1000a05f f i ElectronicJournal.obj
 0001:000090b6       ?WriteToStream@CComVariant@ATL@@QAEJPAUIStream@@@Z 1000a0b6 f i ElectronicJournal.obj
 0001:00009230       ?WriteToStream@CComVariant@ATL@@QAEJPAUIStream@@G@Z 1000a230 f i ElectronicJournal.obj
 0001:00009299       ?_AtlInitialConstruct@?$CComObjectRootEx@VCComMultiThreadModel@ATL@@@ATL@@QAEJXZ 1000a299 f i ElectronicJournal.obj
 0001:000092ae       ?_AtlVerifyStackAvailable@_ATL_SAFE_ALLOCA_IMPL@ATL@@YA_NK@Z 1000a2ae f i ElectronicJournal.obj
 0001:0000932c       ?copy@?$_Copy@UtagCONNECTDATA@@@ATL@@SAJPAUtagCONNECTDATA@@PBU3@@Z 1000a32c f i ElectronicJournal.obj
 0001:00009362       ?copy@?$_CopyInterface@UIConnectionPoint@@@ATL@@SAJPAPAUIConnectionPoint@@PBQAU3@@Z 1000a362 f i ElectronicJournal.obj
 0001:00009390       ?memcpy_s@Checked@ATL@@YAXPAXIPBXI@Z 1000a390 f i ElectronicJournal.obj
 0001:000093af       ?ocscpy_s@@YA_NPA_WIPB_W@Z 1000a3af f i ElectronicJournal.obj
 0001:000093de       ?ocslen@@YAHPB_W@Z         1000a3de f i ElectronicJournal.obj
 0001:000093fe       ?wcscpy_s@Checked@ATL@@YAXPA_WIPB_W@Z 1000a3fe f i ElectronicJournal.obj
 0001:0000941a       _DllCanUnloadNow@0         1000a41a f   ElectronicJournal.obj
 0001:00009426       _DllGetClassObject@12      1000a426 f   ElectronicJournal.obj
 0001:00009434       _DllMain@12                1000a434 f   ElectronicJournal.obj
 0001:00009476       _DllRegisterServer@0       1000a476 f   ElectronicJournal.obj
 0001:00009485       _DllUnregisterServer@0     1000a485 f   ElectronicJournal.obj
 0001:00009494       _InlineIsEqualGUID         1000a494 f i ElectronicJournal.obj
 0001:000094c4       ___local_stdio_printf_options 1000a4c4 f i ElectronicJournal.obj
 0001:000094ca       __vswprintf_s_l            1000a4ca f i ElectronicJournal.obj
 0001:00009577       _swprintf_s                1000a577 f i ElectronicJournal.obj
 0001:00009593       ??0?$CComControl@VCOPOSElectronicJournal@@V?$CWindowImpl@VCOPOSElectronicJournal@@VCWindow@ATL@@V?$CWinTraits@$0FGAAAAAA@$0A@@3@@ATL@@@ATL@@QAE@XZ 1000a593 f i ElectronicJournalImpl.obj
 0001:000095ba       ??0?$CProxy_IOPOSEvents@VCOPOSElectronicJournal@@@@QAE@XZ 1000a5ba f i ElectronicJournalImpl.obj
 0001:000095dd       ??0CComControlBase@ATL@@QAE@AAPAUHWND__@@@Z 1000a5dd f i ElectronicJournalImpl.obj
 0001:00009627       ??0COPOSElectronicJournal@@QAE@XZ 1000a627 f   ElectronicJournalImpl.obj
 0001:0000965d       ??1?$CComControl@VCOPOSElectronicJournal@@V?$CWindowImpl@VCOPOSElectronicJournal@@VCWindow@ATL@@V?$CWinTraits@$0FGAAAAAA@$0A@@3@@ATL@@@ATL@@UAE@XZ 1000a65d f i ElectronicJournalImpl.obj
 0001:00009676       ??1?$IConnectionPointImpl@VCOPOSElectronicJournal@@$1?DIID__IOPOSElectronicJournalEvents@@3U_GUID@@BVCComDynamicUnkArray@ATL@@@ATL@@QAE@XZ 1000a676 f i ElectronicJournalImpl.obj
 0001:00009676       ??1?$IConnectionPointImpl@VCOPOSElectronicJournal@@$1?IID_IPropertyNotifySink@@3U_GUID@@BVCComDynamicUnkArray@ATL@@@ATL@@QAE@XZ 1000a676 f i ElectronicJournalImpl.obj
 0001:000096b3       ??1CComControlBase@ATL@@UAE@XZ 1000a6b3 f i ElectronicJournalImpl.obj
 0001:00009716       ??1COPOSElectronicJournal@@UAE@XZ 1000a716 f   ElectronicJournalImpl.obj
 0001:0000975e       ??1OposVariantResult@@QAE@XZ 1000a75e f i ElectronicJournalImpl.obj
 0001:0000977f       ??1_CW@@QAE@XZ             1000a77f f i ElectronicJournalImpl.obj
 0001:00009798       ?AddMarker@COPOSElectronicJournal@@UAGJPA_WPAJ@Z 1000a798 f   ElectronicJournalImpl.obj
 0001:000097ef       ?CancelPrintContent@COPOSElectronicJournal@@UAGJPAJ@Z 1000a7ef f   ElectronicJournalImpl.obj
 0001:0000980a       ?CancelQueryContent@COPOSElectronicJournal@@UAGJPAJ@Z 1000a80a f   ElectronicJournalImpl.obj
 0001:00009825       ?CheckHealth@COPOSElectronicJournal@@UAGJJPAJ@Z 1000a825 f   ElectronicJournalImpl.obj
 0001:00009874       ?ClaimDevice@COPOSElectronicJournal@@UAGJJPAJ@Z 1000a874 f   ElectronicJournalImpl.obj
 0001:000098e9       ?ClearInput@COPOSElectronicJournal@@UAGJPAJ@Z 1000a8e9 f   ElectronicJournalImpl.obj
 0001:00009904       ?ClearOutput@COPOSElectronicJournal@@UAGJPAJ@Z 1000a904 f   ElectronicJournalImpl.obj
 0001:0000991f       ?Close@COPOSElectronicJournal@@UAGJPAJ@Z 1000a91f f   ElectronicJournalImpl.obj
 0001:0000998d       ?CompareFirmwareVersion@COPOSElectronicJournal@@UAGJPA_WPAJ1@Z 1000a98d f   ElectronicJournalImpl.obj
 0001:00009a0d       ?DirectIO@COPOSElectronicJournal@@UAGJJPAJPAPA_W0@Z 1000aa0d f   ElectronicJournalImpl.obj
 0001:00009abb       ?DoInvoke@COPOSElectronicJournal@@IAEJJPAVOposVariant@@IHPAJ_N@Z 1000aabb f   ElectronicJournalImpl.obj
 0001:00009b7d       ?EraseMedium@COPOSElectronicJournal@@UAGJPAJ@Z 1000ab7d f   ElectronicJournalImpl.obj
 0001:00009b98       ?EventClose@COPOSElectronicJournal@@IAEXXZ 1000ab98 f i ElectronicJournalImpl.obj
 0001:00009bcb       ?EventInit@COPOSElectronicJournal@@IAEJXZ 1000abcb f i ElectronicJournalImpl.obj
 0001:00009c97       ?EventUninit@COPOSElectronicJournal@@IAEXXZ 1000ac97 f i ElectronicJournalImpl.obj
 0001:00009ce9       ?EventWindowProc@COPOSElectronicJournal@@IAGJIIJ@Z 1000ace9 f i ElectronicJournalImpl.obj
 0001:00009de7       ?FinalConstruct@COPOSElectronicJournal@@QAEJXZ 1000ade7 f   ElectronicJournalImpl.obj
 0001:00009e20       ?FireEventCleanup@COPOSElectronicJournal@@IAEXXZ 1000ae20 f i ElectronicJournalImpl.obj
 0001:00009e36       ?FireEventSetup@COPOSElectronicJournal@@IAE_NXZ 1000ae36 f i ElectronicJournalImpl.obj
 0001:00009e6a       ?FreezeEvents@COPOSElectronicJournal@@MAGJH@Z 1000ae6a f   ElectronicJournalImpl.obj
 0001:00009eca       ?GetOposProp@COPOSElectronicJournal@@IAEJJPAFJ@Z 1000aeca f   ElectronicJournalImpl.obj
 0001:00009eed       ?GetOposProp@COPOSElectronicJournal@@IAEJJPAJJ@Z 1000aeed f   ElectronicJournalImpl.obj
 0001:00009fab       ?GetOposProp@COPOSElectronicJournal@@IAEJJPAPA_WJ@Z 1000afab f   ElectronicJournalImpl.obj
 0001:0000a076       ?InitializeMedium@COPOSElectronicJournal@@UAGJPA_WPAJ@Z 1000b076 f   ElectronicJournalImpl.obj
 0001:0000a0cd       ?OnDraw@COPOSElectronicJournal@@MAEJAAUATL_DRAWINFO@@@Z 1000b0cd f   ElectronicJournalImpl.obj
 0001:0000a16d       ?Open@COPOSElectronicJournal@@UAGJPA_WPAJ@Z 1000b16d f   ElectronicJournalImpl.obj
 0001:0000a906       ?PrintContent@COPOSElectronicJournal@@UAGJPA_W0PAJ@Z 1000b906 f   ElectronicJournalImpl.obj
 0001:0000a986       ?PrintContentFile@COPOSElectronicJournal@@UAGJPA_WPAJ@Z 1000b986 f   ElectronicJournalImpl.obj
 0001:0000a9dd       ?QueryContent@COPOSElectronicJournal@@UAGJPA_W00PAJ@Z 1000b9dd f   ElectronicJournalImpl.obj
 0001:0000aa95       ?ReleaseDevice@COPOSElectronicJournal@@UAGJPAJ@Z 1000ba95 f   ElectronicJournalImpl.obj
 0001:0000aae4       ?ResetStatistics@COPOSElectronicJournal@@UAGJPA_WPAJ@Z 1000bae4 f   ElectronicJournalImpl.obj
 0001:0000ab3b       ?ResumePrintContent@COPOSElectronicJournal@@UAGJPAJ@Z 1000bb3b f   ElectronicJournalImpl.obj
 0001:0000ab56       ?ResumeQueryContent@COPOSElectronicJournal@@UAGJPAJ@Z 1000bb56 f   ElectronicJournalImpl.obj
 0001:0000ab71       ?RetrieveCurrentMarker@COPOSElectronicJournal@@UAGJJPAPA_WPAJ@Z 1000bb71 f   ElectronicJournalImpl.obj
 0001:0000abed       ?RetrieveMarker@COPOSElectronicJournal@@UAGJJJJPAPA_WPAJ@Z 1000bbed f   ElectronicJournalImpl.obj
 0001:0000ac9c       ?RetrieveMarkerByDateTime@COPOSElectronicJournal@@UAGJJPA_W0PAPA_WPAJ@Z 1000bc9c f   ElectronicJournalImpl.obj
 0001:0000ad5f       ?RetrieveMarkersDateTime@COPOSElectronicJournal@@UAGJPA_WPAPA_WPAJ@Z 1000bd5f f   ElectronicJournalImpl.obj
 0001:0000addf       ?RetrieveStatistics@COPOSElectronicJournal@@UAGJPAPA_WPAJ@Z 1000bddf f   ElectronicJournalImpl.obj
 0001:0000ae36       ?SOProcessID@COPOSElectronicJournal@@UAGJPAJ@Z 1000be36 f   ElectronicJournalImpl.obj
 0001:0000ae4a       ?SetCOFreezeEvents@COPOSElectronicJournal@@IAEXF@Z 1000be4a f   ElectronicJournalImpl.obj
 0001:0000aed5       ?SetOposProp@COPOSElectronicJournal@@IAEJJJJ@Z 1000bed5 f   ElectronicJournalImpl.obj
[...]
 0002:00002d80       ?candidate_modules@?1??try_get_LocaleNameToLCID@@YAP6GKPB_WK@ZXZ@4QBW4module_id@?A0x391cf84c@@B 10021d80     libucrt:winapi_thunks.obj
 0002:00002d9c       ?candidate_modules@?1??try_get_AppPolicyGetProcessTerminationMethod@@YAP6GJPAXPAW4AppPolicyProcessTerminationMethod@@@ZXZ@4QBW4module_id@?A0x391cf84c@@B 10021d9c     libucrt:winapi_thunks.obj
 0002:00002dc8       ?candidate_modules@?1??try_get_SetThreadStackGuarantee@@YAP6GHPAK@ZXZ@4QBW4module_id@?A0x391cf84c@@B 10021dc8     libucrt:winapi_thunks.obj
 0002:000032f4       ?_mb_locale_names@@3QBQB_WB 100222f4     libucrt:mbctype.obj
 0002:00003b40       ?LcidToLocaleNameTable@?A0x881e4c05@@3QBULcidToLocaleName@1@B 10022b40     libucrt:lcidtoname_downlevel.obj
 0002:00004c68       ?LocaleNameToIndexTable@?A0x881e4c05@@3QBULocaleNameIndex@1@B 10023c68     libucrt:lcidtoname_downlevel.obj
 0002:000065a0       LOG_name                   100255a0     libucrt:log10.obj
 0002:000065b0       _One                       100255b0     libucrt:ceil_pentium4.obj
 0002:000065c0       _Bns                       100255c0     libucrt:ceil_pentium4.obj
 0002:000065d0       _Zero                      100255d0     libucrt:ceil_pentium4.obj
 0002:000065e0       _S                         100255e0     libucrt:ceil_pentium4.obj
 0002:000065f0       _NegZero                   100255f0     libucrt:ceil_pentium4.obj
 0002:00006600       emask                      10025600     libucrt:log10_pentium4.obj
 0002:00006610       CC                         10025610     libucrt:log10_pentium4.obj
 0002:00006620       Magic                      10025620     libucrt:log10_pentium4.obj
 0002:00006630       hi_mask                    10025630     libucrt:log10_pentium4.obj
 0002:00006640       LOG10_2                    10025640     libucrt:log10_pentium4.obj
 0002:00006650       place_L                    10025650     libucrt:log10_pentium4.obj
 0002:00006670       One                        10025670     libucrt:log10_pentium4.obj
 0002:00006680       Zero                       10025680     libucrt:log10_pentium4.obj
 0002:00006690       Two52                      10025690     libucrt:log10_pentium4.obj
 0002:000066a0       Infs                       100256a0     libucrt:log10_pentium4.obj
 0002:000066b0       NaN                        100256b0     libucrt:log10_pentium4.obj
 0002:000066c0       coeff                      100256c0     libucrt:log10_pentium4.obj
 0002:0000671e       _log2max                   1002571e     libucrt:87tran.obj
 0002:00006728       _smallarg                  10025728     libucrt:87tran.obj
 0002:00006732       _half                      10025732     libucrt:87tran.obj
 0002:0000677e       One                        1002577e     libucrt:87disp.obj
 0002:00006786       Three                      10025786     libucrt:87disp.obj
 0002:0000678e       XAMtoTagTab                1002578e     libucrt:87disp.obj
 0002:000067a0       One                        100257a0     libucrt:common.obj
 0002:000067b4       DblMax                     100257b4     libucrt:common.obj
 0002:000067bc       DblMin                     100257bc     libucrt:common.obj
 0002:000067c4       IeeeAdjO                   100257c4     libucrt:common.obj
 0002:000067cc       IeeeAdjU                   100257cc     libucrt:common.obj
 0002:000067d4       _infinity                  100257d4     libucrt:common.obj
 0002:000067dc       _zero                      100257dc     libucrt:common.obj
 0002:00006818       _over                      10025818     libucrt:fpctrl.obj
 0002:00006824       _under                     10025824     libucrt:fpctrl.obj
 0002:00007058       ?_names@?1??_get_fname@@9@9 10026058     libucrt:fpexcept.obj
 0002:000078c0       __sehtable$?_AtlVerifyStackAvailable@_ATL_SAFE_ALLOCA_IMPL@ATL@@YA_NK@Z 100268c0     ElectronicJournal.obj
 0002:000078e0       __sehtable$___scrt_is_nonwritable_in_current_image 100268e0     LIBCMT:utility.obj
 0002:000078fc       __ehfuncinfo$?__scrt_initialize_thread_safe_statics_platform_specific@@YAXXZ 100268fc     LIBCMT:thread_safe_statics.obj
 0002:00007920       __catchsym$??2@YAPAXIABUnothrow_t@std@@@Z$2 10026920     LIBCMT:new_scalar_nothrow.obj
 0002:00007930       __unwindtable$??2@YAPAXIABUnothrow_t@std@@@Z 10026930     LIBCMT:new_scalar_nothrow.obj
 0002:00007940       __tryblocktable$??2@YAPAXIABUnothrow_t@std@@@Z 10026940     LIBCMT:new_scalar_nothrow.obj
 0002:00007954       __ehfuncinfo$??2@YAPAXIABUnothrow_t@std@@@Z 10026954     LIBCMT:new_scalar_nothrow.obj
 0002:00007978       __sehtable$?dllmain_crt_process_attach@@YAHQAUHINSTANCE__@@QAX@Z 10026978     LIBCMT:dll_dllmain.obj
 0002:00007998       __sehtable$?dllmain_crt_process_detach@@YAH_N@Z 10026998     LIBCMT:dll_dllmain.obj
 0002:000079b8       __sehtable$?dllmain_dispatch@@YAHQAUHINSTANCE__@@KQAX@Z 100269b8     LIBCMT:dll_dllmain.obj
 0002:00007a68       __sehtable$?FrameUnwindToState@__FrameHandler3@@SAXPAUEHRegistrationNode@@PAXPBU_s_FuncInfo@@H@Z 10026a68     libvcruntime:frame.obj
 0002:00007a90       __sehtable$?CallCatchBlock@@YAPAXPAUEHExceptionRecord@@PAUEHRegistrationNode@@PAU_CONTEXT@@PBU_s_FuncInfo@@PAXHK@Z 10026a90     libvcruntime:frame.obj
 0002:00007ab8       __catchsym$?CallUnexpected@@YAXPBU_s_ESTypeList@@@Z$2 10026ab8     libvcruntime:frame.obj
 0002:00007ac8       __unwindtable$?CallUnexpected@@YAXPBU_s_ESTypeList@@@Z 10026ac8     libvcruntime:frame.obj
 0002:00007ad8       __tryblocktable$?CallUnexpected@@YAXPBU_s_ESTypeList@@@Z 10026ad8     libvcruntime:frame.obj
 0002:00007aec       __ehfuncinfo$?CallUnexpected@@YAXPBU_s_ESTypeList@@@Z 10026aec     libvcruntime:frame.obj
 0002:00007b10       __sehtable$??$BuildCatchObjectHelperInternal@$$CBU_s_HandlerType@@@@YAHPAUEHExceptionRecord@@PAXPBU_s_HandlerType@@PBU_s_CatchableType@@@Z 10026b10     libvcruntime:frame.obj
 0002:00007b30       __sehtable$??$BuildCatchObjectInternal@$$CBU_s_HandlerType@@@@YAXPAUEHExceptionRecord@@PAXPBU_s_HandlerType@@PBU_s_CatchableType@@@Z 10026b30     libvcruntime:frame.obj
 0002:00007b88       __sehtable$___DestructExceptionObject 10026b88     libvcruntime:ehhelpers.obj
 0002:00007ba8       __sehtable$??R<lambda_6e4b09c48022b2350581041d5f6b0c4c>@@QBE@XZ 10026ba8     libucrt:exit.obj
 0002:00007bc8       __sehtable$??$?RV<lambda_03b1d95aef87969028cfba75ccab2455>@@AAV<lambda_6e4b09c48022b2350581041d5f6b0c4c>@@V<lambda_22bdf7517842c4b3e53723af5aa32b9e>@@@?$__crt_seh_guarded_call@X@@QAEX$$QAV<lambda_03b1d95aef87969028cfba75ccab2455>@@AAV<lambda_6e4b09c48022b2350581041d5f6b0c4c>@@$$QAV<lambda_22bdf7517842c4b3e53723af5aa32b9e>@@@Z 10026bc8     libucrt:exit.obj
 0002:00007be8       __sehtable$??$?RV<lambda_8e746cf0007f6ed984d6f78af1fec997>@@AAV<lambda_22ebabd17bc4fa466a2aca6d8deb888d>@@V<lambda_18ed0c0b38a6dc0daf1e7ac6d6adf05e>@@@?$__crt_seh_guarded_call@H@@QAEH$$QAV<lambda_8e746cf0007f6ed984d6f78af1fec997>@@AAV<lambda_22ebabd17bc4fa466a2aca6d8deb888d>@@$$QAV<lambda_18ed0c0b38a6dc0daf1e7ac6d6adf05e>@@@Z 10026be8     libucrt:onexit.obj
 0002:00007c08       __sehtable$??$?RV<lambda_69a2805e680e0e292e8ba93315fe43a8>@@AAV<lambda_f03950bc5685219e0bcd2087efbe011e>@@V<lambda_03fcd07e894ec930e3f35da366ca99d6>@@@?$__crt_seh_guarded_call@H@@QAEH$$QAV<lambda_69a2805e680e0e292e8ba93315fe43a8>@@AAV<lambda_f03950bc5685219e0bcd2087efbe011e>@@$$QAV<lambda_03fcd07e894ec930e3f35da366ca99d6>@@@Z 10026c08     libucrt:onexit.obj
 0002:00007c28       __sehtable$__query_new_handler 10026c28     libucrt:new_handler.obj
 0002:00007c48       __sehtable$_terminate      10026c48     libucrt:terminate.obj
 0002:00007c68       __sehtable$??$?RV<lambda_15ade71b0218206bbe3333a0c9b79046>@@AAV<lambda_da44e0f8b0f19ba52fefafb335991732>@@V<lambda_207f2d024fc103971653565357d6cd41>@@@?$__crt_seh_guarded_call@X@@QAEX$$QAV<lambda_15ade71b0218206bbe3333a0c9b79046>@@AAV<lambda_da44e0f8b0f19ba52fefafb335991732>@@$$QAV<lambda_207f2d024fc103971653565357d6cd41>@@@Z 10026c68     libucrt:per_thread_data.obj
 0002:00007c88       __sehtable$??$?RV<lambda_a7e850c220f1c8d1e6efeecdedd162c6>@@AAV<lambda_46720907175c18b6c9d2717bc0d2d362>@@V<lambda_9048902d66e8d99359bc9897bbb930a8>@@@?$__crt_seh_guarded_call@X@@QAEX$$QAV<lambda_a7e850c220f1c8d1e6efeecdedd162c6>@@AAV<lambda_46720907175c18b6c9d2717bc0d2d362>@@$$QAV<lambda_9048902d66e8d99359bc9897bbb930a8>@@@Z 10026c88     libucrt:per_thread_data.obj
 0002:00007ca8       __sehtable$??$?RV<lambda_38edbb1296d33220d7e4dd0ed76b244a>@@AAV<lambda_5ce1d447e08cb34b2473517608e21441>@@V<lambda_fb385d3da700c9147fc39e65dd577a8c>@@@?$__crt_seh_guarded_call@X@@QAEX$$QAV<lambda_38edbb1296d33220d7e4dd0ed76b244a>@@AAV<lambda_5ce1d447e08cb34b2473517608e21441>@@$$QAV<lambda_fb385d3da700c9147fc39e65dd577a8c>@@@Z 10026ca8     libucrt:per_thread_data.obj
 0002:00007cc8       __sehtable$??$?RV<lambda_6affb1475c98b40b75cdec977db92e3c>@@AAV<lambda_b8d4b9c228a6ecc3f80208dbb4b4a104>@@V<lambda_608742c3c92a14382c1684fc64f96c88>@@@?$__crt_seh_guarded_call@X@@QAEX$$QAV<lambda_6affb1475c98b40b75cdec977db92e3c>@@AAV<lambda_b8d4b9c228a6ecc3f80208dbb4b4a104>@@$$QAV<lambda_608742c3c92a14382c1684fc64f96c88>@@@Z 10026cc8     libucrt:per_thread_data.obj
 0002:00007ce8       __sehtable$??$?RV<lambda_e5124f882df8998aaf41531e079ba474>@@AAV<lambda_3e16ef9562a7dcce91392c22ab16ea36>@@V<lambda_e25ca0880e6ef98be67edffd8c599615>@@@?$__crt_seh_guarded_call@X@@QAEX$$QAV<lambda_e5124f882df8998aaf41531e079ba474>@@AAV<lambda_3e16ef9562a7dcce91392c22ab16ea36>@@$$QAV<lambda_e25ca0880e6ef98be67edffd8c599615>@@@Z 10026ce8     libucrt:wsetlocale.obj
 0002:00007d08       __sehtable$___acrt_initialize_lowio 10026d08     libucrt:ioinit.obj
 0002:00007d28       __sehtable$?update_thread_multibyte_data_internal@@YAPAU__crt_multibyte_data@@QAU__acrt_ptd@@QAU1@@Z 10026d28     libucrt:mbctype.obj
 0002:00007d48       __sehtable$??$?RV<lambda_ceb1ee4838e85a9d631eb091e2fbe199>@@AAV<lambda_ae742caa10f662c28703da3d2ea5e57e>@@V<lambda_cd08b5d6af4937fe54fc07d0c9bf6b37>@@@?$__crt_seh_guarded_call@X@@QAEX$$QAV<lambda_ceb1ee4838e85a9d631eb091e2fbe199>@@AAV<lambda_ae742caa10f662c28703da3d2ea5e57e>@@$$QAV<lambda_cd08b5d6af4937fe54fc07d0c9bf6b37>@@@Z 10026d48     libucrt:mbctype.obj
 0002:00007d68       __sehtable$_raise          10026d68     libucrt:signal.obj
 0002:00007d88       __sehtable$??$?RV<lambda_cbab9ec6f41b0180b23cc171c22676b0>@@AAV<lambda_44731a7d0e6d81c3e6aa82d741081786>@@V<lambda_4b292cb8dd18144e164572427af410ab>@@@?$__crt_seh_guarded_call@P6AXH@Z@@QAEP6AXH@Z$$QAV<lambda_cbab9ec6f41b0180b23cc171c22676b0>@@AAV<lambda_44731a7d0e6d81c3e6aa82d741081786>@@$$QAV<lambda_4b292cb8dd18144e164572427af410ab>@@@Z 10026d88     libucrt:signal.obj
 0002:00007da8       __sehtable$___acrt_update_thread_locale_data 10026da8     libucrt:locale_refcounting.obj
 0002:00007dc8       __sehtable$__fcloseall     10026dc8     libucrt:closeall.obj
 0002:00007de8       __sehtable$??$?RV<lambda_2866be3712abc81a800a822484c830d8>@@AAV<lambda_39ca0ed439415581b5b15c265174cece>@@V<lambda_2b24c74d71094a6cd0cb82e44167d71b>@@@?$__crt_seh_guarded_call@X@@QAEX$$QAV<lambda_2866be3712abc81a800a822484c830d8>@@AAV<lambda_39ca0ed439415581b5b15c265174cece>@@$$QAV<lambda_2b24c74d71094a6cd0cb82e44167d71b>@@@Z 10026de8     libucrt:fflush.obj
 0002:00007e08       __sehtable$??$?RV<lambda_2cc53f568c5a2bb6f192f930a45d44ea>@@AAV<lambda_ab61a845afdef5b7c387490eaf3616ee>@@V<lambda_c2ffc0b7726aa6be21d5f0026187e748>@@@?$__crt_seh_guarded_call@X@@QAEX$$QAV<lambda_2cc53f568c5a2bb6f192f930a45d44ea>@@AAV<lambda_ab61a845afdef5b7c387490eaf3616ee>@@$$QAV<lambda_c2ffc0b7726aa6be21d5f0026187e748>@@@Z 10026e08     libucrt:fflush.obj
 0002:00007e28       __sehtable$___acrt_lowio_ensure_fh_exists 10026e28     libucrt:osfinfo.obj
 0002:00007e48       __sehtable$__write         10026e48     libucrt:write.obj
 0002:00007e68       __sehtable$_fclose         10026e68     libucrt:fclose.obj
 0002:00007e88       __sehtable$??$?RV<lambda_9e9de3de5fa147e2223d7db92bc10aa6>@@AAV<lambda_38ce7e780aa69e748d6df282ebc68efe>@@V<lambda_8ca6da459f0f6780f1cff60fdc3d00e5>@@@?$__crt_seh_guarded_call@H@@QAEH$$QAV<lambda_9e9de3de5fa147e2223d7db92bc10aa6>@@AAV<lambda_38ce7e780aa69e748d6df282ebc68efe>@@$$QAV<lambda_8ca6da459f0f6780f1cff60fdc3d00e5>@@@Z 10026e88     libucrt:commit.obj
 0002:00007ea8       __sehtable$??$?RV<lambda_218ce3db14220d0be481dae8ef3383b6>@@AAV<lambda_628dfdc04ba53c8bfc02c9951375f3f5>@@V<lambda_57dc472bd5c9d5f3b2cbca59b8a843ae>@@@?$__crt_seh_guarded_call@H@@QAEH$$QAV<lambda_218ce3db14220d0be481dae8ef3383b6>@@AAV<lambda_628dfdc04ba53c8bfc02c9951375f3f5>@@$$QAV<lambda_57dc472bd5c9d5f3b2cbca59b8a843ae>@@@Z 10026ea8     libucrt:close.obj
 0002:00007ec8       __sehtable$__IsNonwritableInCurrentImage 10026ec8     LIBCMT:pesect.obj
 0002:00007ef0       .edata                     10026ef0     OPOSElectronicJournal.exp
 0002:00007f18       rgpv                       10026f18     OPOSElectronicJournal.exp
 0002:00007f28       rgszName                   10026f28     OPOSElectronicJournal.exp
 0002:00007f38       rgwOrd                     10026f38     OPOSElectronicJournal.exp
 0002:00007f40       szName                     10026f40     OPOSElectronicJournal.exp
 0002:00007f5a       $N00001                    10026f5a     OPOSElectronicJournal.exp
 0002:00007f6a       $N00002                    10026f6a     OPOSElectronicJournal.exp
 0002:00007f7c       $N00003                    10026f7c     OPOSElectronicJournal.exp
 0002:00007f8e       $N00004                    10026f8e     OPOSElectronicJournal.exp
 0002:000085a8       .idata$6                   100275a8     kernel32:KERNEL32.dll
 0002:000087bc       .idata$6                   100277bc     user32:USER32.dll
 0002:000088f0       .idata$6                   100278f0     gdi32:GDI32.dll
 0002:00008996       .idata$6                   10027996     advapi32:ADVAPI32.dll
 0002:00008ab2       .idata$6                   10027ab2     ole32:ole32.dll
 0002:00008abc       .idata$6                   10027abc     oleaut32:OLEAUT32.dll
 0003:00000110       ?ObjectMap@@3PAU_ATL_OBJMAP_ENTRY30@ATL@@A 10028110     ElectronicJournal.obj
 0003:000001d0       ?s_SOMethodNames@@3PAPADA  100281d0     ElectronicJournalImpl.obj
 0003:00000264       ?s_RequiredMethodsPerRelease@@3PAHA 10028264     ElectronicJournalImpl.obj
 0003:00000280       ?__vcrt_flsindex@@3KA      10028280     libvcruntime:per_thread_data.obj
 0003:000002a0       ?errno_no_memory@@3HA      100282a0     libucrt:errno.obj
 0003:000002a4       ?doserrno_no_memory@@3KA   100282a4     libucrt:errno.obj
 0003:000002b0       ?__acrt_flsindex@@3KA      100282b0     libucrt:per_thread_data.obj
 0003:00000428       __mbctypes                 10028428     libucrt:mbctype.obj
 0003:00000530       __mbcasemaps               10028530     libucrt:mbctype.obj
 0003:00000630       ?__rgctypeflag@@3PADA      10028630     libucrt:mbctype.obj
 0003:00000638       ?__rgcode_page_info@@3PAUcode_page_info@@A 10028638     libucrt:mbctype.obj
 0003:00000b40       ?is_initialized_as_dll@@3_NA 10028b40     LIBCMT:utility.obj
 0003:00000b41       ?module_local_atexit_table_initialized@@3_NA 10028b41     LIBCMT:utility.obj
 0003:00000b44       ?module_local_atexit_table@@3U_onexit_table_t@@A 10028b44     LIBCMT:utility.obj
 0003:00000b50       ?module_local_at_quick_exit_table@@3U_onexit_table_t@@A 10028b50     LIBCMT:utility.obj
 0003:00000b5c       ?_Tss_mutex@@3U_RTL_CRITICAL_SECTION@@A 10028b5c     LIBCMT:thread_safe_statics.obj
 0003:00000b74       ?_Tss_cv@@3U_RTL_CONDITION_VARIABLE@@A 10028b74     LIBCMT:thread_safe_statics.obj
 0003:00000b78       ?_Tss_event@@3PAXA         10028b78     LIBCMT:thread_safe_statics.obj
 0003:00000b7c       ?encoded_sleep_condition_variable_cs@@3P6GHPAU_RTL_CONDITION_VARIABLE@@PAU_RTL_CRITICAL_SECTION@@K@ZA 10028b7c     LIBCMT:thread_safe_statics.obj
 0003:00000b80       ?encoded_wake_all_condition_variable@@3P6GXPAU_RTL_CONDITION_VARIABLE@@@ZA 10028b80     LIBCMT:thread_safe_statics.obj
 0003:00000b88       _GS_ExceptionRecord        10028b88     LIBCMT:gs_report.obj
 0003:00000bd8       _GS_ContextRecord          10028bd8     LIBCMT:gs_report.obj
 0003:00000ea8       ?__proc_attached@@3HA      10028ea8     LIBCMT:dll_dllmain.obj
 0003:00000f04       ?AllocateData@@3P6GPAUAtlThunkData_t@@XZA 10028f04     atls:atlthunk.obj
 0003:00000f08       ?InitData@@3P6GXPAUAtlThunkData_t@@PAXI@ZA 10028f08     atls:atlthunk.obj
 0003:00000f0c       ?DataToCode@@3P6GP6GJPAUHWND__@@IIJ@ZPAUAtlThunkData_t@@@ZA 10028f0c     atls:atlthunk.obj
 0003:00000f10       ?FreeData@@3P6GXPAUAtlThunkData_t@@@ZA 10028f10     atls:atlthunk.obj
 0003:00000f14       ?Initialized@@3_NA         10028f14     atls:atlthunk.obj
 0003:00000f20       ?__vcrt_startup_thread_ptd@@3U__vcrt_ptd@@A 10028f20     libvcruntime:per_thread_data.obj
 0003:00000f48       ___vcrt_lock_table         10028f48     libvcruntime:locks.obj
 0003:00000f60       ___vcrt_locks_initialized  10028f60     libvcruntime:locks.obj
 0003:00000f64       ?module_handles@@3PAPAUHINSTANCE__@@A 10028f64     libvcruntime:winapi_downlevel.obj
 0003:00000f70       ?encoded_function_pointers@@3PAPAXA 10028f70     libvcruntime:winapi_downlevel.obj
 0003:00000fac       ?heap@@3V_HeapManager@@A   10028fac     libvcruntime:undname.obj
 0003:00000fc4       ?__acrt_invalid_parameter_handler@@3V?$dual_state_global@P6AXPB_W00II@Z@__crt_state_management@@A 10028fc4     libucrt:invalid_parameter.obj
 0003:00000fc8       ?c_termination_complete@@3JA 10028fc8     libucrt:exit.obj
 0003:00000fcc       ?thread_local_exit_callback_func@@3P6GXPAXK0@ZA 10028fcc     libucrt:exit.obj
 0003:00000fd8       ?program_name@?1???$common_configure_argv@D@@YAHW4_crt_argv_mode@@@Z@4PADA 10028fd8     libucrt:argv_parsing.obj
 0003:00001108       ?__acrt_new_handler@@3V?$dual_state_global@P6AHI@Z@__crt_state_management@@A 10029108     libucrt:new_handler.obj
 0003:00001110       ?module_handles@@3PAPAUHINSTANCE__@@A 10029110     libucrt:winapi_thunks.obj
 0003:00001160       ?encoded_function_pointers@@3PAPAXA 10029160     libucrt:winapi_thunks.obj
 0003:000011f0       ?enable_percent_n@@3IA     100291f0     libucrt:printf_count_output.obj
 0003:00001410       ?__acrt_lock_table@@3PAU_RTL_CRITICAL_SECTION@@A 10029410     libucrt:locks.obj
 0003:00001560       ?__acrt_locks_initialized@@3IA 10029560     libucrt:locks.obj
 0003:00001570       ?fSystemSet@@3HA           10029570     libucrt:mbctype.obj
 0003:00001574       ?initialized@?1??__acrt_initialize_multibyte@@9@4_NA 10029574     libucrt:mbctype.obj
 0003:00001594       ?ctrlc_action@@3V?$dual_state_global@P6AXH@Z@__crt_state_management@@A 10029594     libucrt:signal.obj
 0003:00001598       ?ctrlbreak_action@@3V?$dual_state_global@P6AXH@Z@__crt_state_management@@A 10029598     libucrt:signal.obj
 0003:0000159c       ?abort_action@@3V?$dual_state_global@P6AXH@Z@__crt_state_management@@A 1002959c     libucrt:signal.obj
 0003:000015a0       ?term_action@@3V?$dual_state_global@P6AXH@Z@__crt_state_management@@A 100295a0     libucrt:signal.obj
 0003:000015a4       ?user_matherr@@3V?$dual_state_global@P6AHPAU_exception@@@Z@__crt_state_management@@A 100295a4     libucrt:matherr.obj
 0003:000015a8       ?__acrt_global_new_mode@@3V?$dual_state_global@J@__crt_state_management@@A 100295a8     libucrt:new_mode.obj
 0003:000015b4       ?__acrt_app_type@@3W4_crt_app_type@@A 100295b4     libucrt:report_runtime_error.obj
 0003:000015bc       __pmatherr_set             100295bc     libucrt:libm_error.obj
 0004:00000220       $R000000                   1002a220     ElectronicJournal.res
 0004:00000bb8       $R000998                   1002abb8     ElectronicJournal.res
 0004:00000ca0       $R000A80                   1002aca0     ElectronicJournal.res
 0004:00000f08       $R000CE8                   1002af08     ElectronicJournal.res
 0004:00001410       $R0011F0                   1002b410     ElectronicJournal.res
 0004:000050c8       $R004EA8                   1002f0c8     ElectronicJournal.res
 0004:00005110       $R004EF0                   1002f110     ElectronicJournal.res
