 OPOSImageScanner

 Timestamp is 5b863d9c (Wed Aug 29 15:30:52 2018)

 Preferred load address is 10000000

 Start         Length     Name                   Class
 0001:00000000 00000080H .text$di                CODE
 0001:00000080 0001d0ebH .text$mn                CODE
 0001:0001d16b 00000051H .text$x                 CODE
 0001:0001d1bc 00000042H .text$yd                CODE
 0002:00000000 000002fcH .idata$5                DATA
 0002:000002fc 00000004H .00cfg                  DATA
 0002:00000300 00000004H .CRT$XCA                DATA
 0002:00000304 00000004H .CRT$XCL                DATA
 0002:00000308 00000010H .CRT$XCU                DATA
 0002:00000318 00000004H .CRT$XCZ                DATA
 0002:0000031c 00000004H .CRT$XIA                DATA
 0002:00000320 00000010H .CRT$XIC                DATA
 0002:00000330 00000004H .CRT$XIZ                DATA
 0002:00000334 00000004H .CRT$XLA                DATA
 0002:00000338 00000004H .CRT$XLZ                DATA
 0002:0000033c 00000004H .CRT$XPA                DATA
 0002:00000340 00000008H .CRT$XPX                DATA
 0002:00000348 00000004H .CRT$XPXA               DATA
 0002:0000034c 00000004H .CRT$XPZ                DATA
 0002:00000350 00000004H .CRT$XTA                DATA
 0002:00000354 0000000cH .CRT$XTZ                DATA
 0002:00000358 00000000H .gfids$y                DATA
 0002:00000360 00006da8H .rdata                  DATA
 0002:00007108 00000018H .rdata$T                DATA
 0002:00007120 00000180H .rdata$r                DATA
 0002:000072a0 00000020H .rdata$sxdata           DATA
 0002:000072c0 000003e0H .rdata$zzzdbg           DATA
 0002:000076a0 00000004H .rtc$IAA                DATA
 0002:000076a4 00000004H .rtc$IZZ                DATA
 0002:000076a8 00000004H .rtc$TAA                DATA
 0002:000076ac 00000004H .rtc$TZZ                DATA
 0002:000076b0 00000004H .tls                    DATA
 0002:000076b4 00000004H .tls$                   DATA
 0002:000076b8 00000008H .tls$ZZZ                DATA
 0002:000076c0 00000624H .xdata$x                DATA
 0002:00007ce4 00000004H ATL$__a                 DATA
 0002:00007ce8 00000008H ATL$__z                 DATA
 0002:00007cf0 000000b0H .edata                  DATA
 0002:00007da0 00000078H .idata$2                DATA
 0002:00007e18 00000014H .idata$3                DATA
 0002:00007e2c 000002fcH .idata$4                DATA
 0002:00008128 00000bc0H .idata$6                DATA
 0003:00000000 00000980H .data                   DATA
 0003:00000980 00000098H .data$r                 DATA
 0003:00000a18 00000b68H .bss                    DATA
 0004:00000000 00000220H .rsrc$01                DATA
 0004:00000220 00004350H .rsrc$02                DATA

  Address         Publics by Value              Rva+Base       Lib:Object

 0000:00000000       ___dynamic_value_reloc_table 00000000     <absolute>
 0000:00000000       ___guard_fids_count        00000000     <absolute>
 0000:00000000       ___guard_longjmp_table     00000000     <absolute>
 0000:00000000       ___hybrid_code_map_count   00000000     <absolute>
 0000:00000000       __except_list              00000000     <absolute>
 0000:00000000       ___guard_iat_count         00000000     <absolute>
 0000:00000000       ___hybrid_auxiliary_iat    00000000     <absolute>
 0000:00000000       ___guard_fids_table        00000000     <absolute>
 0000:00000000       ___guard_longjmp_count     00000000     <absolute>
 0000:00000000       ___guard_iat_table         00000000     <absolute>
 0000:00000000       ___volatile_metadata       00000000     <absolute>
 0000:00000000       ___enclave_config          00000000     <absolute>
 0000:00000000       ___hybrid_code_map         00000000     <absolute>
 0000:00000008       ___safe_se_handler_count   00000008     <absolute>
 0000:0000002c       __tls_array                0000002c     <absolute>
 0000:00000100       ___guard_flags             00000100     <absolute>
 0000:00000000       ___ImageBase               10000000     <linker-defined>
 0001:00000080       ?DupWide@_CW@@AAEXXZ       10001080 f   CWString.obj
 0001:0000009c       ?cw_dup@@YGXPBDAAHAAPA_W1@Z 1000109c f   CWString.obj
 0001:0000010b       ?cw_memcpy@@YGHPA_WPBDH@Z  1000110b f   CWString.obj
 0001:00000137       ?cw_strcpy@@YAHPA_WPBD@Z   10001137 f   CWString.obj
 0001:0000014a       ?cw_strlen@@YAHPBD@Z       1000114a f   CWString.obj
 0001:00000163       ??0CAtlComModule@ATL@@QAE@XZ 10001163 f i OposVariant.obj
 0001:000001a8       ??0CAtlWinModule@ATL@@QAE@XZ 100011a8 f i OposVariant.obj
 0001:000001df       ??0OposDispParms@@QAE@PAVOposVariant@@H@Z 100011df f   OposVariant.obj
 0001:00000250       ??1OposDispParms@@QAE@XZ   10001250 f   OposVariant.obj
 0001:0000025e       ??A?$CSimpleArray@GV?$CSimpleArrayEqualHelper@G@ATL@@@ATL@@QAEAAGH@Z 1000125e f i OposVariant.obj
 0001:00000283       ??_Estringdispid@CComTypeInfoHolder@ATL@@QAEPAXI@Z 10001283 f i OposVariant.obj
 0001:000002ef       ?AtlWinModuleInit@ATL@@YGJPAU_ATL_WIN_MODULE70@1@@Z 100012ef f i OposVariant.obj
 0001:00000315       ?AtlWinModuleTerm@ATL@@YGJPAU_ATL_WIN_MODULE70@1@PAUHINSTANCE__@@@Z 10001315 f i OposVariant.obj
 0001:00000378       ?ChangeBSTR@OposVariant@@QAEXPAPA_WAAJ@Z 10001378 f   OposVariant.obj
 0001:000003b9       ?ChangeLONG@OposVariant@@QAEXPAJAAJ@Z 100013b9 f   OposVariant.obj
 0001:000003fa       ?GetLONG@OposVariant@@QAEJXZ 100013fa f   OposVariant.obj
 0001:00000415       ?Init@CComCriticalSection@ATL@@QAEJXZ 10001415 f i OposVariant.obj
 0001:0000043c       ?RemoveAll@?$CSimpleArray@GV?$CSimpleArrayEqualHelper@G@ATL@@@ATL@@QAEXXZ 1000143c f i OposVariant.obj
 0001:0000043c       ?RemoveAll@?$CSimpleArray@PAUHINSTANCE__@@V?$CSimpleArrayEqualHelper@PAUHINSTANCE__@@@ATL@@@ATL@@QAEXXZ 1000143c f i atls:atlbase.obj
 0001:00000459       ?SetBSTR@OposVariant@@QAEXPA_WAAJ@Z 10001459 f   OposVariant.obj
 0001:0000048d       ?SetBSTR_Copy@OposVariant@@QAEXPA_WAAJ@Z 1000148d f   OposVariant.obj
 0001:000004dd       ?SetBSTR_InOutPtr@OposVariant@@QAE_NPAPA_WAAJ@Z 100014dd f   OposVariant.obj
 0001:00000514       ?SetDispatch_Ptr@OposVariant@@QAEXPAUIDispatch@@AAJ@Z 10001514 f   OposVariant.obj
 0001:0000054f       ?SetLONG@OposVariant@@QAEXJ@Z 1000154f f   OposVariant.obj
 0001:00000571       ?SetLONG_Ptr@OposVariant@@QAEXPAJAAJ@Z 10001571 f   OposVariant.obj
 0001:000005a4       ?SetString@OposVariant@@QAEXPB_WAAJ@Z 100015a4 f   OposVariant.obj
 0001:000005ea       ?SetVARIANT_BOOL@OposVariant@@QAEXF@Z 100015ea f   OposVariant.obj
 0001:00000614       ?Term@CAtlComModule@ATL@@QAEXXZ 10001614 f i OposVariant.obj
 0001:0000065e       ?_AtlRaiseException@ATL@@YAXKK@Z 1000165e f i OposVariant.obj
 0001:00000673       ?GetAdvise@?$IViewObjectExImpl@VCOPOSImageScanner@@@ATL@@UAGJPAK0PAPAUIAdviseSink@@@Z 10001673 f i ImageScanner.obj
 0001:000006a8       ?GetExtent@?$IViewObjectExImpl@VCOPOSImageScanner@@@ATL@@UAGJKJPAUtagDVTARGETDEVICE@@PAUtagSIZE@@@Z 100016a8 f i ImageScanner.obj
 0001:000006d9       ?EnumFormatEtc@?$IDataObjectImpl@VCOPOSImageScanner@@@ATL@@UAGJKPAPAUIEnumFORMATETC@@@Z 100016d9 f i ImageScanner.obj
 0001:000006d9       ?SetMoniker@?$IOleObjectImpl@VCOPOSImageScanner@@@ATL@@UAGJKPAUIMoniker@@@Z 100016d9 f i ImageScanner.obj
 0001:000006d9       ?GetRect@?$IViewObjectExImpl@VCOPOSImageScanner@@@ATL@@UAGJKPAU_RECTL@@@Z 100016d9 f i ImageScanner.obj
 0001:000006d9       ?GetClipboardData@?$IOleObjectImpl@VCOPOSImageScanner@@@ATL@@UAGJKPAPAUIDataObject@@@Z 100016d9 f i ImageScanner.obj
 0001:000006d9       ?QueryInterface@CRegObject@ATL@@UAGJABU_GUID@@PAPAX@Z 100016d9 f i ImageScanner.obj
 0001:000006d9       ?GetDataHere@?$IDataObjectImpl@VCOPOSImageScanner@@@ATL@@UAGJPAUtagFORMATETC@@PAUtagSTGMEDIUM@@@Z 100016d9 f i ImageScanner.obj
 0001:000006d9       ?GetCanonicalFormatEtc@?$IDataObjectImpl@VCOPOSImageScanner@@@ATL@@UAGJPAUtagFORMATETC@@0@Z 100016d9 f i ImageScanner.obj
 0001:000006e1       ?GetViewStatus@?$IViewObjectExImpl@VCOPOSImageScanner@@@ATL@@UAGJPAK@Z 100016e1 f i ImageScanner.obj
 0001:000006fe       ?QueryHitPoint@?$IViewObjectExImpl@VCOPOSImageScanner@@@ATL@@UAGJKPBUtagRECT@@UtagPOINT@@JPAK@Z 100016fe f i ImageScanner.obj
 0001:0000073f       ?QueryHitRect@?$IViewObjectExImpl@VCOPOSImageScanner@@@ATL@@UAGJKPBUtagRECT@@0JPAK@Z 1000173f f i ImageScanner.obj
 0001:0000079a       ?GetNaturalExtent@?$IViewObjectExImpl@VCOPOSImageScanner@@@ATL@@UAGJKJPAUtagDVTARGETDEVICE@@PAUHDC__@@PAUtagExtentInfo@@PAUtagSIZE@@@Z 1000179a f i ImageScanner.obj
 0001:000007e5       ?GetWindow@?$IOleInPlaceObjectWindowlessImpl@VCOPOSImageScanner@@@ATL@@UAGJPAPAUHWND__@@@Z 100017e5 f i ImageScanner.obj
 0001:00000832       ?Unfreeze@?$IViewObjectExImpl@VCOPOSImageScanner@@@ATL@@UAGJK@Z 10001832 f i ImageScanner.obj
 0001:00000832       ?QueryGetData@?$IDataObjectImpl@VCOPOSImageScanner@@@ATL@@UAGJPAUtagFORMATETC@@@Z 10001832 f i ImageScanner.obj
 0001:00000832       ?ContextSensitiveHelp@?$IOleInPlaceActiveObjectImpl@VCOPOSImageScanner@@@ATL@@UAGJH@Z 10001832 f i ImageScanner.obj
 0001:00000832       ?OnMnemonic@?$IOleControlImpl@VCOPOSImageScanner@@@ATL@@UAGJPAUtagMSG@@@Z 10001832 f i ImageScanner.obj
 0001:00000832       ?GetControlInfo@?$IOleControlImpl@VCOPOSImageScanner@@@ATL@@UAGJPAUtagCONTROLINFO@@@Z 10001832 f i ImageScanner.obj
 0001:00000832       ?SetColorScheme@?$IOleObjectImpl@VCOPOSImageScanner@@@ATL@@UAGJPAUtagLOGPALETTE@@@Z 10001832 f i ImageScanner.obj
 0001:00000832       ?GetDropTarget@?$IOleInPlaceObjectWindowlessImpl@VCOPOSImageScanner@@@ATL@@UAGJPAPAUIDropTarget@@@Z 10001832 f i ImageScanner.obj
 0001:00000832       ?ContextSensitiveHelp@?$IOleInPlaceObjectWindowlessImpl@VCOPOSImageScanner@@@ATL@@UAGJH@Z 10001832 f i ImageScanner.obj
 0001:00000832       ?SOOutputCompleteDummy@COPOSImageScanner@@MAGJJ@Z 10001832 f i ImageScanner.obj
 0001:0000083a       ?InPlaceDeactivate@?$IOleInPlaceObjectWindowlessImpl@VCOPOSImageScanner@@@ATL@@UAGJXZ 1000183a f i ImageScanner.obj
 0001:00000854       ?UIDeactivate@?$IOleInPlaceObjectWindowlessImpl@VCOPOSImageScanner@@@ATL@@UAGJXZ 10001854 f i ImageScanner.obj
 0001:0000086e       ?SetObjectRects@?$IOleInPlaceObjectWindowlessImpl@VCOPOSImageScanner@@@ATL@@UAGJPBUtagRECT@@0@Z 1000186e f i ImageScanner.obj
 0001:0000088e       ?ReactivateAndUndo@?$IOleInPlaceObjectWindowlessImpl@VCOPOSImageScanner@@@ATL@@UAGJXZ 1000188e f i ImageScanner.obj
 0001:00000896       ?OnWindowMessage@?$IOleInPlaceObjectWindowlessImpl@VCOPOSImageScanner@@@ATL@@UAGJIIJPAJ@Z 10001896 f i ImageScanner.obj
 0001:00000906       ?EnumConnectionPoints@?$IConnectionPointContainerImpl@VCOPOSImageScanner@@@ATL@@UAGJPAPAUIEnumConnectionPoints@@@Z 10001906 f i ImageScanner.obj
 0001:00000a80       ?FindConnectionPoint@?$IConnectionPointContainerImpl@VCOPOSImageScanner@@@ATL@@UAGJABU_GUID@@PAPAUIConnectionPoint@@@Z 10001a80 f i ImageScanner.obj
 0001:00000b23       ?GetUserClassID@?$IOleObjectImpl@VCOPOSImageScanner@@@ATL@@UAGJPAU_GUID@@@Z 10001b23 f i ImageScanner.obj
 0001:00000b23       ?GetClassID@?$IPersistStreamInitImpl@VCOPOSImageScanner@@@ATL@@UAGJPAU_GUID@@@Z 10001b23 f i ImageScanner.obj
 0001:00000b23       ?GetClassID@?$IPersistStorageImpl@VCOPOSImageScanner@@@ATL@@UAGJPAU_GUID@@@Z 10001b23 f i ImageScanner.obj
 0001:00000b47       ?IsDirty@?$IPersistStorageImpl@VCOPOSImageScanner@@@ATL@@UAGJXZ 10001b47 f i ImageScanner.obj
 0001:00000b7b       ?InitNew@?$IPersistStorageImpl@VCOPOSImageScanner@@@ATL@@UAGJPAUIStorage@@@Z 10001b7b f i ImageScanner.obj
 0001:00000baf       ?Load@?$IPersistStorageImpl@VCOPOSImageScanner@@@ATL@@UAGJPAUIStorage@@@Z 10001baf f i ImageScanner.obj
 0001:00000c1b       ?Save@?$IPersistStorageImpl@VCOPOSImageScanner@@@ATL@@UAGJPAUIStorage@@H@Z 10001c1b f i ImageScanner.obj
 0001:00000c8e       ?EnableModeless@?$IOleInPlaceActiveObjectImpl@VCOPOSImageScanner@@@ATL@@UAGJH@Z 10001c8e f i ImageScanner.obj
 0001:00000c8e       ?SaveCompleted@?$IPersistStorageImpl@VCOPOSImageScanner@@@ATL@@UAGJPAUIStorage@@@Z 10001c8e f i ImageScanner.obj
 0001:00000c8e       ?OnAmbientPropertyChange@?$IOleControlImpl@VCOPOSImageScanner@@@ATL@@UAGJJ@Z 10001c8e f i ImageScanner.obj
 0001:00000c8e       ?OnFrameWindowActivate@?$IOleInPlaceActiveObjectImpl@VCOPOSImageScanner@@@ATL@@UAGJH@Z 10001c8e f i ImageScanner.obj
 0001:00000c93       ?Update@?$IOleObjectImpl@VCOPOSImageScanner@@@ATL@@UAGJXZ 10001c93 f i ImageScanner.obj
 0001:00000c93       ?Release@CRegObject@ATL@@UAGKXZ 10001c93 f i ImageScanner.obj
 0001:00000c93       ?HandsOffStorage@?$IPersistStorageImpl@VCOPOSImageScanner@@@ATL@@UAGJXZ 10001c93 f i ImageScanner.obj
 0001:00000c93       ?IsUpToDate@?$IOleObjectImpl@VCOPOSImageScanner@@@ATL@@UAGJXZ 10001c93 f i ImageScanner.obj
 0001:00000c98       ?GetPages@?$ISpecifyPropertyPagesImpl@VCOPOSImageScanner@@@ATL@@UAGJPAUtagCAUUID@@@Z 10001c98 f i ImageScanner.obj
 0001:00000caf       ?QuickActivate@?$IQuickActivateImpl@VCOPOSImageScanner@@@ATL@@UAGJPAUtagQACONTAINER@@PAUtagQACONTROL@@@Z 10001caf f i ImageScanner.obj
 0001:00000cd2       ?SetContentExtent@?$IQuickActivateImpl@VCOPOSImageScanner@@@ATL@@UAGJPAUtagSIZE@@@Z 10001cd2 f i ImageScanner.obj
 0001:00000cfe       ?GetContentExtent@?$IQuickActivateImpl@VCOPOSImageScanner@@@ATL@@UAGJPAUtagSIZE@@@Z 10001cfe f i ImageScanner.obj
 0001:00000d1e       ?GetData@?$IDataObjectImpl@VCOPOSImageScanner@@@ATL@@UAGJPAUtagFORMATETC@@PAUtagSTGMEDIUM@@@Z 10001d1e f i ImageScanner.obj
 0001:00000d41       ?GetMoniker@?$IOleObjectImpl@VCOPOSImageScanner@@@ATL@@UAGJKKPAPAUIMoniker@@@Z 10001d41 f i ImageScanner.obj
 0001:00000d41       ?InitFromData@?$IOleObjectImpl@VCOPOSImageScanner@@@ATL@@UAGJPAUIDataObject@@HK@Z 10001d41 f i ImageScanner.obj
 0001:00000d41       ?SetData@?$IDataObjectImpl@VCOPOSImageScanner@@@ATL@@UAGJPAUtagFORMATETC@@PAUtagSTGMEDIUM@@H@Z 10001d41 f i ImageScanner.obj
 0001:00000d49       ?DAdvise@?$IDataObjectImpl@VCOPOSImageScanner@@@ATL@@UAGJPAUtagFORMATETC@@KPAUIAdviseSink@@PAK@Z 10001d49 f i ImageScanner.obj
 0001:00000d8a       ?DUnadvise@?$IDataObjectImpl@VCOPOSImageScanner@@@ATL@@UAGJK@Z 10001d8a f i ImageScanner.obj
 0001:00000db8       ?EnumDAdvise@?$IDataObjectImpl@VCOPOSImageScanner@@@ATL@@UAGJPAPAUIEnumSTATDATA@@@Z 10001db8 f i ImageScanner.obj
 0001:00000df7       ?GetClassInfoW@?$IProvideClassInfo2Impl@$1?CLSID_OPOSImageScanner@@3U_GUID@@B$1?DIID__IOPOSImageScannerEvents@@3U2@B$1?LIBID_OposImageScanner_CCO@@3U2@B$00$0A@VCComTypeInfoHolder@ATL@@@ATL@@UAGJPAPAUITypeInfo@@@Z 10001df7 f i ImageScanner.obj
 0001:00000e0d       ?GetGUID@?$IProvideClassInfo2Impl@$1?CLSID_OPOSImageScanner@@3U_GUID@@B$1?DIID__IOPOSImageScannerEvents@@3U2@B$1?LIBID_OposImageScanner_CCO@@3U2@B$00$0A@VCComTypeInfoHolder@ATL@@@ATL@@UAGJKPAU_GUID@@@Z 10001e0d f i ImageScanner.obj
 0001:00000e4b       ?FAccessAllowed@?$IObjectSafetyImpl@VCOPOSImageScanner@@$02@ATL@@MAEHXZ 10001e4b f i ImageScanner.obj
 0001:00000e4b       __get_startup_argv_mode    10001e4b f i LIBCMT:argv_mode.obj
 0001:00000e4f       ?GetInterfaceSafetyOptions@?$IObjectSafetyImpl@VCOPOSImageScanner@@$02@ATL@@UAGJABU_GUID@@PAK1@Z 10001e4f f i ImageScanner.obj
 0001:00000ec3       ?SetInterfaceSafetyOptions@?$IObjectSafetyImpl@VCOPOSImageScanner@@$02@ATL@@UAGJABU_GUID@@KK@Z 10001ec3 f i ImageScanner.obj
 0001:00000f3d       ?_LocCPQueryInterface@?$IConnectionPointImpl@VCOPOSImageScanner@@$1?IID_IPropertyNotifySink@@3U_GUID@@BVCComDynamicUnkArray@ATL@@@ATL@@UAGJABU_GUID@@PAPAX@Z 10001f3d f i ImageScanner.obj
 0001:00000f3d       ?_LocCPQueryInterface@?$IConnectionPointImpl@VCOPOSImageScanner@@$1?DIID__IOPOSImageScannerEvents@@3U_GUID@@BVCComDynamicUnkArray@ATL@@@ATL@@UAGJABU_GUID@@PAPAX@Z 10001f3d f i ImageScanner.obj
 0001:00000f8a       ?GetConnectionInterface@?$IConnectionPointImpl@VCOPOSImageScanner@@$1?IID_IPropertyNotifySink@@3U_GUID@@BVCComDynamicUnkArray@ATL@@@ATL@@UAGJPAU_GUID@@@Z 10001f8a f i ImageScanner.obj
 0001:00000fae       ?GetConnectionPointContainer@?$IConnectionPointImpl@VCOPOSImageScanner@@$1?IID_IPropertyNotifySink@@3U_GUID@@BVCComDynamicUnkArray@ATL@@@ATL@@UAGJPAPAUIConnectionPointContainer@@@Z 10001fae f i ImageScanner.obj
 0001:00000fd1       ?Advise@?$IConnectionPointImpl@VCOPOSImageScanner@@$1?IID_IPropertyNotifySink@@3U_GUID@@BVCComDynamicUnkArray@ATL@@@ATL@@UAGJPAUIUnknown@@PAK@Z 10001fd1 f i ImageScanner.obj
 0001:00000fd1       ?Advise@?$IConnectionPointImpl@VCOPOSImageScanner@@$1?DIID__IOPOSImageScannerEvents@@3U_GUID@@BVCComDynamicUnkArray@ATL@@@ATL@@UAGJPAUIUnknown@@PAK@Z 10001fd1 f i ImageScanner.obj
 0001:00001072       ?Unadvise@?$IConnectionPointImpl@VCOPOSImageScanner@@$1?IID_IPropertyNotifySink@@3U_GUID@@BVCComDynamicUnkArray@ATL@@@ATL@@UAGJK@Z 10002072 f i ImageScanner.obj
 0001:00001072       ?Unadvise@?$IConnectionPointImpl@VCOPOSImageScanner@@$1?DIID__IOPOSImageScannerEvents@@3U_GUID@@BVCComDynamicUnkArray@ATL@@@ATL@@UAGJK@Z 10002072 f i ImageScanner.obj
 0001:000010b2       ?EnumConnections@?$IConnectionPointImpl@VCOPOSImageScanner@@$1?DIID__IOPOSImageScannerEvents@@3U_GUID@@BVCComDynamicUnkArray@ATL@@@ATL@@UAGJPAPAUIEnumConnections@@@Z 100020b2 f i ImageScanner.obj
 0001:000010b2       ?EnumConnections@?$IConnectionPointImpl@VCOPOSImageScanner@@$1?IID_IPropertyNotifySink@@3U_GUID@@BVCComDynamicUnkArray@ATL@@@ATL@@UAGJPAPAUIEnumConnections@@@Z 100020b2 f i ImageScanner.obj
 0001:000011b8       ?GetCategoryMap@CComObjectRootBase@ATL@@SAPBU_ATL_CATMAP_ENTRY@2@XZ 100021b8 f i ImageScanner.obj
 0001:000011b8       ?GetObjectDescription@?$CComCoClass@VCOPOSImageScanner@@$1?CLSID_OPOSImageScanner@@3U_GUID@@B@ATL@@SGPB_WXZ 100021b8 f i ImageScanner.obj
 0001:000011bb       ?GetConnectionInterface@?$IConnectionPointImpl@VCOPOSImageScanner@@$1?DIID__IOPOSImageScannerEvents@@3U_GUID@@BVCComDynamicUnkArray@ATL@@@ATL@@UAGJPAU_GUID@@@Z 100021bb f i ImageScanner.obj
 0001:000011df       ?GetConnectionPointContainer@?$IConnectionPointImpl@VCOPOSImageScanner@@$1?DIID__IOPOSImageScannerEvents@@3U_GUID@@BVCComDynamicUnkArray@ATL@@@ATL@@UAGJPAPAUIConnectionPointContainer@@@Z 100021df f i ImageScanner.obj
 0001:00001202       ?UpdateRegistry@COPOSImageScanner@@SGJH@Z 10002202 f i ImageScanner.obj
 0001:0000121a       ?ProcessWindowMessage@COPOSImageScanner@@UAEHPAUHWND__@@IIJAAJK@Z 1000221a f i ImageScanner.obj
 0001:00001263       ?SOData@COPOSImageScanner@@MAGJJ@Z 10002263 f i ImageScanner.obj
 0001:0000129c       ?SODirectIO@COPOSImageScanner@@MAGJJPAJPAPA_W@Z 1000229c f i ImageScanner.obj
 0001:000012e5       ?SOError@COPOSImageScanner@@MAGJJJJPAJ@Z 100022e5 f i ImageScanner.obj
 0001:0000133a       ?SOStatusUpdate@COPOSImageScanner@@MAGJJ@Z 1000233a f i ImageScanner.obj
 0001:00001373       ?AddRef@CRegObject@ATL@@UAGKXZ 10002373 f i ImageScanner.obj
 0001:00001379       ?AddReplacement@CRegObject@ATL@@UAGJPB_W0@Z 10002379 f i ImageScanner.obj
 0001:000013b2       ?ClearReplacements@CRegObject@ATL@@UAGJXZ 100023b2 f i ImageScanner.obj
 0001:000013c4       ?CreateInstance@?$CComCreator@V?$CComObjectCached@VCComClassFactory@ATL@@@ATL@@@ATL@@SGJPAXABU_GUID@@PAPAX@Z 100023c4 f i ImageScanner.obj
 0001:00001457       ?CreateInstance@?$CComCreator2@V?$CComCreator@V?$CComObject@VCOPOSImageScanner@@@ATL@@@ATL@@V?$CComCreator@V?$CComAggObject@VCOPOSImageScanner@@@ATL@@@2@@ATL@@SGJPAXABU_GUID@@PAPAX@Z 10002457 f i ImageScanner.obj
 0001:00001477       ??_GCRegObject@ATL@@UAEPAXI@Z 10002477 f i ImageScanner.obj
 0001:00001477       ??_ECRegObject@ATL@@UAEPAXI@Z 10002477 f i ImageScanner.obj
 0001:00001499       ?Next@?$CComEnumImpl@UIEnumConnectionPoints@@$1?_GUID_b196b285_bab4_101a_b69c_00aa00341d07@@3U__s_GUID@@BPAUIConnectionPoint@@V?$_CopyInterface@UIConnectionPoint@@@ATL@@@ATL@@UAGJKPAPAUIConnectionPoint@@PAK@Z 10002499 f i ImageScanner.obj
 0001:00001570       ?Skip@?$CComEnumImpl@UIEnumConnectionPoints@@$1?_GUID_b196b285_bab4_101a_b69c_00aa00341d07@@3U__s_GUID@@BPAUIConnectionPoint@@V?$_CopyInterface@UIConnectionPoint@@@ATL@@@ATL@@UAGJK@Z 10002570 f i ImageScanner.obj
 0001:0000159d       ?Reset@?$CComEnumImpl@UIEnumConnections@@$1?_GUID_b196b287_bab4_101a_b69c_00aa00341d07@@3U__s_GUID@@BUtagCONNECTDATA@@V?$_Copy@UtagCONNECTDATA@@@ATL@@@ATL@@UAGJXZ 1000259d f i ImageScanner.obj
 0001:0000159d       ?Reset@?$CComEnumImpl@UIEnumConnectionPoints@@$1?_GUID_b196b285_bab4_101a_b69c_00aa00341d07@@3U__s_GUID@@BPAUIConnectionPoint@@V?$_CopyInterface@UIConnectionPoint@@@ATL@@@ATL@@UAGJXZ 1000259d f i ImageScanner.obj
 0001:000015af       ?Clone@?$CComEnumImpl@UIEnumConnectionPoints@@$1?_GUID_b196b285_bab4_101a_b69c_00aa00341d07@@3U__s_GUID@@BPAUIConnectionPoint@@V?$_CopyInterface@UIConnectionPoint@@@ATL@@@ATL@@UAGJPAPAUIEnumConnectionPoints@@@Z 100025af f i ImageScanner.obj
 0001:0000168e       ?AddRef@?$CComObject@V?$CComEnum@UIEnumConnections@@$1?_GUID_b196b287_bab4_101a_b69c_00aa00341d07@@3U__s_GUID@@BUtagCONNECTDATA@@V?$_Copy@UtagCONNECTDATA@@@ATL@@VCComSingleThreadModel@6@@ATL@@@ATL@@UAGKXZ 1000268e f i ImageScanner.obj
 0001:0000168e       ?AddRef@?$CComObject@V?$CComEnum@UIEnumConnectionPoints@@$1?_GUID_b196b285_bab4_101a_b69c_00aa00341d07@@3U__s_GUID@@BPAUIConnectionPoint@@V?$_CopyInterface@UIConnectionPoint@@@ATL@@VCComSingleThreadModel@6@@ATL@@@ATL@@UAGKXZ 1000268e f i ImageScanner.obj
 0001:0000169f       ?Release@?$CComObject@V?$CComEnum@UIEnumConnectionPoints@@$1?_GUID_b196b285_bab4_101a_b69c_00aa00341d07@@3U__s_GUID@@BPAUIConnectionPoint@@V?$_CopyInterface@UIConnectionPoint@@@ATL@@VCComSingleThreadModel@6@@ATL@@@ATL@@UAGKXZ 1000269f f i ImageScanner.obj
 0001:0000169f       ?Release@?$CComObject@V?$CComEnum@UIEnumConnections@@$1?_GUID_b196b287_bab4_101a_b69c_00aa00341d07@@3U__s_GUID@@BUtagCONNECTDATA@@V?$_Copy@UtagCONNECTDATA@@@ATL@@VCComSingleThreadModel@6@@ATL@@@ATL@@UAGKXZ 1000269f f i ImageScanner.obj
 0001:000016db       ?QueryInterface@?$CComObject@V?$CComEnum@UIEnumConnectionPoints@@$1?_GUID_b196b285_bab4_101a_b69c_00aa00341d07@@3U__s_GUID@@BPAUIConnectionPoint@@V?$_CopyInterface@UIConnectionPoint@@@ATL@@VCComSingleThreadModel@6@@ATL@@@ATL@@UAGJABU_GUID@@PAPAX@Z 100026db f i ImageScanner.obj
 0001:000016f5       ??_E?$CComObject@V?$CComEnum@UIEnumConnectionPoints@@$1?_GUID_b196b285_bab4_101a_b69c_00aa00341d07@@3U__s_GUID@@BPAUIConnectionPoint@@V?$_CopyInterface@UIConnectionPoint@@@ATL@@VCComSingleThreadModel@6@@ATL@@@ATL@@UAEPAXI@Z 100026f5 f i ImageScanner.obj
 0001:000016f5       ??_G?$CComObject@V?$CComEnum@UIEnumConnectionPoints@@$1?_GUID_b196b285_bab4_101a_b69c_00aa00341d07@@3U__s_GUID@@BPAUIConnectionPoint@@V?$_CopyInterface@UIConnectionPoint@@@ATL@@VCComSingleThreadModel@6@@ATL@@@ATL@@UAEPAXI@Z 100026f5 f i ImageScanner.obj
 0001:00001717       ?AddRef@?$CComObjectCached@VCComClassFactory@ATL@@@ATL@@UAGKXZ 10002717 f i ImageScanner.obj
 0001:0000173e       ?Release@?$CComObjectCached@VCComClassFactory@ATL@@@ATL@@UAGKXZ 1000273e f i ImageScanner.obj
 0001:00001774       ?QueryInterface@?$CComObjectCached@VCComClassFactory@ATL@@@ATL@@UAGJABU_GUID@@PAPAX@Z 10002774 f i ImageScanner.obj
 0001:0000178e       ??_E?$CComObjectCached@VCComClassFactory@ATL@@@ATL@@UAEPAXI@Z 1000278e f i ImageScanner.obj
 0001:0000178e       ??_G?$CComObjectCached@VCComClassFactory@ATL@@@ATL@@UAEPAXI@Z 1000278e f i ImageScanner.obj
 0001:000017b0       ?AddRef@?$CComAggObject@VCOPOSImageScanner@@@ATL@@UAGKXZ 100027b0 f i ImageScanner.obj
 0001:000017c1       ?Release@?$CComAggObject@VCOPOSImageScanner@@@ATL@@UAGKXZ 100027c1 f i ImageScanner.obj
 0001:000017fd       ?QueryInterface@?$CComAggObject@VCOPOSImageScanner@@@ATL@@UAGJABU_GUID@@PAPAX@Z 100027fd f i ImageScanner.obj
 0001:0000184c       ?AddRef@?$CComContainedObject@VCOPOSImageScanner@@@ATL@@UAGKXZ 1000284c f i ImageScanner.obj
 0001:00001862       ?Release@?$CComContainedObject@VCOPOSImageScanner@@@ATL@@UAGKXZ 10002862 f i ImageScanner.obj
 0001:00001878       ?QueryInterface@?$CComContainedObject@VCOPOSImageScanner@@@ATL@@UAGJABU_GUID@@PAPAX@Z 10002878 f i ImageScanner.obj
 0001:00001893       ??_E?$CComAggObject@VCOPOSImageScanner@@@ATL@@UAEPAXI@Z 10002893 f i ImageScanner.obj
 0001:00001893       ??_G?$CComAggObject@VCOPOSImageScanner@@@ATL@@UAEPAXI@Z 10002893 f i ImageScanner.obj
 0001:000018b8       ?AddRef@?$CComObject@VCOPOSImageScanner@@@ATL@@UAGKXZ 100028b8 f i ImageScanner.obj
 0001:000018cf       ?Release@?$CComObject@VCOPOSImageScanner@@@ATL@@UAGKXZ 100028cf f i ImageScanner.obj
 0001:00001911       ?QueryInterface@?$CComObject@VCOPOSImageScanner@@@ATL@@UAGJABU_GUID@@PAPAX@Z 10002911 f i ImageScanner.obj
 0001:0000192b       ?OnFinalMessage@?$CWindowImplBaseT@VCWindow@ATL@@V?$CWinTraits@$0FGAAAAAA@$0A@@2@@ATL@@UAEXPAUHWND__@@@Z 1000292b f i ImageScanner.obj
 0001:0000192b       ?ObjectMain@CComObjectRootBase@ATL@@SGX_N@Z 1000292b f i ImageScanner.obj
 0001:0000192e       ?OnDrawAdvanced@CComControlBase@ATL@@UAEJAAUATL_DRAWINFO@@@Z 1000292e f i ImageScanner.obj
 0001:00001a1d       ?CreateInstance@CComClassFactory@ATL@@UAGJPAUIUnknown@@ABU_GUID@@PAPAX@Z 10002a1d f i ImageScanner.obj
 0001:00001a5b       ?LockServer@CComClassFactory@ATL@@UAGJH@Z 10002a5b f i ImageScanner.obj
 0001:00001a7a       ??_ECComClassFactory@ATL@@UAEPAXI@Z 10002a7a f i ImageScanner.obj
 0001:00001a7a       ??_GCComClassFactory@ATL@@UAEPAXI@Z 10002a7a f i ImageScanner.obj
 0001:00001aa5       ?Next@?$CComEnumImpl@UIEnumConnections@@$1?_GUID_b196b287_bab4_101a_b69c_00aa00341d07@@3U__s_GUID@@BUtagCONNECTDATA@@V?$_Copy@UtagCONNECTDATA@@@ATL@@@ATL@@UAGJKPAUtagCONNECTDATA@@PAK@Z 10002aa5 f i ImageScanner.obj
 0001:00001b7c       ?Skip@?$CComEnumImpl@UIEnumConnections@@$1?_GUID_b196b287_bab4_101a_b69c_00aa00341d07@@3U__s_GUID@@BUtagCONNECTDATA@@V?$_Copy@UtagCONNECTDATA@@@ATL@@@ATL@@UAGJK@Z 10002b7c f i ImageScanner.obj
 0001:00001ba9       ?Clone@?$CComEnumImpl@UIEnumConnections@@$1?_GUID_b196b287_bab4_101a_b69c_00aa00341d07@@3U__s_GUID@@BUtagCONNECTDATA@@V?$_Copy@UtagCONNECTDATA@@@ATL@@@ATL@@UAGJPAPAUIEnumConnections@@@Z 10002ba9 f i ImageScanner.obj
 0001:00001c88       ?QueryInterface@?$CComObject@V?$CComEnum@UIEnumConnections@@$1?_GUID_b196b287_bab4_101a_b69c_00aa00341d07@@3U__s_GUID@@BUtagCONNECTDATA@@V?$_Copy@UtagCONNECTDATA@@@ATL@@VCComSingleThreadModel@6@@ATL@@@ATL@@UAGJABU_GUID@@PAPAX@Z 10002c88 f i ImageScanner.obj
 0001:00001ca2       ??_G?$CComObject@V?$CComEnum@UIEnumConnections@@$1?_GUID_b196b287_bab4_101a_b69c_00aa00341d07@@3U__s_GUID@@BUtagCONNECTDATA@@V?$_Copy@UtagCONNECTDATA@@@ATL@@VCComSingleThreadModel@6@@ATL@@@ATL@@UAEPAXI@Z 10002ca2 f i ImageScanner.obj
 0001:00001ca2       ??_E?$CComObject@V?$CComEnum@UIEnumConnections@@$1?_GUID_b196b287_bab4_101a_b69c_00aa00341d07@@3U__s_GUID@@BUtagCONNECTDATA@@V?$_Copy@UtagCONNECTDATA@@@ATL@@VCComSingleThreadModel@6@@ATL@@@ATL@@UAEPAXI@Z 10002ca2 f i ImageScanner.obj
 0001:00001cc4       ??_E?$CComObject@VCOPOSImageScanner@@@ATL@@W3AEPAXI@Z 10002cc4 f i ImageScanner.obj
 0001:00001ccc       ??_E?$CComObject@VCOPOSImageScanner@@@ATL@@WEM@AEPAXI@Z 10002ccc f i ImageScanner.obj
 0001:00001cd4       ?QueryInterface@?$CComObject@VCOPOSImageScanner@@@ATL@@WHA@AGJABU_GUID@@PAPAX@Z 10002cd4 f i ImageScanner.obj
 0001:00001cde       ?AddRef@?$CComObject@VCOPOSImageScanner@@@ATL@@WHA@AGKXZ 10002cde f i ImageScanner.obj
 0001:00001ce8       ?Release@?$CComObject@VCOPOSImageScanner@@@ATL@@WHA@AGKXZ 10002ce8 f i ImageScanner.obj
 0001:00001cf2       ?QueryInterface@?$CComObject@VCOPOSImageScanner@@@ATL@@WHE@AGJABU_GUID@@PAPAX@Z 10002cf2 f i ImageScanner.obj
 0001:00001cfc       ?AddRef@?$CComObject@VCOPOSImageScanner@@@ATL@@WHE@AGKXZ 10002cfc f i ImageScanner.obj
 0001:00001d06       ?Release@?$CComObject@VCOPOSImageScanner@@@ATL@@WHE@AGKXZ 10002d06 f i ImageScanner.obj
 0001:00001d10       ?QueryInterface@?$CComObject@VCOPOSImageScanner@@@ATL@@WHI@AGJABU_GUID@@PAPAX@Z 10002d10 f i ImageScanner.obj
 0001:00001d1a       ?AddRef@?$CComObject@VCOPOSImageScanner@@@ATL@@WHI@AGKXZ 10002d1a f i ImageScanner.obj
 0001:00001d24       ?Release@?$CComObject@VCOPOSImageScanner@@@ATL@@WHI@AGKXZ 10002d24 f i ImageScanner.obj
 0001:00001d2e       ?QueryInterface@?$CComObject@VCOPOSImageScanner@@@ATL@@WHM@AGJABU_GUID@@PAPAX@Z 10002d2e f i ImageScanner.obj
 0001:00001d38       ?AddRef@?$CComObject@VCOPOSImageScanner@@@ATL@@WHM@AGKXZ 10002d38 f i ImageScanner.obj
 0001:00001d42       ?Release@?$CComObject@VCOPOSImageScanner@@@ATL@@WHM@AGKXZ 10002d42 f i ImageScanner.obj
 0001:00001d4c       ?QueryInterface@?$CComObject@VCOPOSImageScanner@@@ATL@@WIA@AGJABU_GUID@@PAPAX@Z 10002d4c f i ImageScanner.obj
 0001:00001d59       ?AddRef@?$CComObject@VCOPOSImageScanner@@@ATL@@WIA@AGKXZ 10002d59 f i ImageScanner.obj
 0001:00001d66       ?Release@?$CComObject@VCOPOSImageScanner@@@ATL@@WIA@AGKXZ 10002d66 f i ImageScanner.obj
 0001:00001d73       ?QueryInterface@?$CComObject@VCOPOSImageScanner@@@ATL@@WIE@AGJABU_GUID@@PAPAX@Z 10002d73 f i ImageScanner.obj
 0001:00001d80       ?AddRef@?$CComObject@VCOPOSImageScanner@@@ATL@@WIE@AGKXZ 10002d80 f i ImageScanner.obj
 0001:00001d8d       ?Release@?$CComObject@VCOPOSImageScanner@@@ATL@@WIE@AGKXZ 10002d8d f i ImageScanner.obj
 0001:00001d9a       ?QueryInterface@?$CComObject@VCOPOSImageScanner@@@ATL@@WII@AGJABU_GUID@@PAPAX@Z 10002d9a f i ImageScanner.obj
 0001:00001da7       ?AddRef@?$CComObject@VCOPOSImageScanner@@@ATL@@WII@AGKXZ 10002da7 f i ImageScanner.obj
 0001:00001db4       ?Release@?$CComObject@VCOPOSImageScanner@@@ATL@@WII@AGKXZ 10002db4 f i ImageScanner.obj
 0001:00001dc1       ?QueryInterface@?$CComObject@VCOPOSImageScanner@@@ATL@@WIM@AGJABU_GUID@@PAPAX@Z 10002dc1 f i ImageScanner.obj
 0001:00001dce       ?AddRef@?$CComObject@VCOPOSImageScanner@@@ATL@@WIM@AGKXZ 10002dce f i ImageScanner.obj
 0001:00001ddb       ?Release@?$CComObject@VCOPOSImageScanner@@@ATL@@WIM@AGKXZ 10002ddb f i ImageScanner.obj
 0001:00001de8       ?QueryInterface@?$CComObject@VCOPOSImageScanner@@@ATL@@WJA@AGJABU_GUID@@PAPAX@Z 10002de8 f i ImageScanner.obj
 0001:00001df5       ?AddRef@?$CComObject@VCOPOSImageScanner@@@ATL@@WJA@AGKXZ 10002df5 f i ImageScanner.obj
 0001:00001e02       ?Release@?$CComObject@VCOPOSImageScanner@@@ATL@@WJA@AGKXZ 10002e02 f i ImageScanner.obj
 0001:00001e0f       ?QueryInterface@?$CComObject@VCOPOSImageScanner@@@ATL@@WJE@AGJABU_GUID@@PAPAX@Z 10002e0f f i ImageScanner.obj
 0001:00001e1c       ?AddRef@?$CComObject@VCOPOSImageScanner@@@ATL@@WJE@AGKXZ 10002e1c f i ImageScanner.obj
 0001:00001e29       ?Release@?$CComObject@VCOPOSImageScanner@@@ATL@@WJE@AGKXZ 10002e29 f i ImageScanner.obj
 0001:00001e36       ?QueryInterface@?$CComObject@VCOPOSImageScanner@@@ATL@@WJI@AGJABU_GUID@@PAPAX@Z 10002e36 f i ImageScanner.obj
 0001:00001e43       ?AddRef@?$CComObject@VCOPOSImageScanner@@@ATL@@WJI@AGKXZ 10002e43 f i ImageScanner.obj
 0001:00001e50       ?Release@?$CComObject@VCOPOSImageScanner@@@ATL@@WJI@AGKXZ 10002e50 f i ImageScanner.obj
 0001:00001e5d       ?QueryInterface@?$CComObject@VCOPOSImageScanner@@@ATL@@WJM@AGJABU_GUID@@PAPAX@Z 10002e5d f i ImageScanner.obj
 0001:00001e6a       ?AddRef@?$CComObject@VCOPOSImageScanner@@@ATL@@WJM@AGKXZ 10002e6a f i ImageScanner.obj
 0001:00001e77       ?Release@?$CComObject@VCOPOSImageScanner@@@ATL@@WJM@AGKXZ 10002e77 f i ImageScanner.obj
 0001:00001e84       ?QueryInterface@?$CComObject@VCOPOSImageScanner@@@ATL@@WKA@AGJABU_GUID@@PAPAX@Z 10002e84 f i ImageScanner.obj
 0001:00001e91       ?AddRef@?$CComObject@VCOPOSImageScanner@@@ATL@@WKA@AGKXZ 10002e91 f i ImageScanner.obj
 0001:00001e9e       ?Release@?$CComObject@VCOPOSImageScanner@@@ATL@@WKA@AGKXZ 10002e9e f i ImageScanner.obj
 0001:00001eab       ?AddRef@?$CComObject@VCOPOSImageScanner@@@ATL@@WKI@AGKXZ 10002eab f i ImageScanner.obj
 0001:00001eb8       ?Release@?$CComObject@VCOPOSImageScanner@@@ATL@@WKI@AGKXZ 10002eb8 f i ImageScanner.obj
 0001:00001ec5       ?AddRef@?$CComObject@VCOPOSImageScanner@@@ATL@@WLE@AGKXZ 10002ec5 f i ImageScanner.obj
 0001:00001ed2       ?Release@?$CComObject@VCOPOSImageScanner@@@ATL@@WLE@AGKXZ 10002ed2 f i ImageScanner.obj
 0001:00001edf       ??_E?$CComContainedObject@VCOPOSImageScanner@@@ATL@@W3AEPAXI@Z 10002edf f i ImageScanner.obj
 0001:00001ee7       ??_E?$CComContainedObject@VCOPOSImageScanner@@@ATL@@WEM@AEPAXI@Z 10002ee7 f i ImageScanner.obj
 0001:00001eef       ?QueryInterface@?$CComContainedObject@VCOPOSImageScanner@@@ATL@@WHA@AGJABU_GUID@@PAPAX@Z 10002eef f i ImageScanner.obj
 0001:00001ef9       ?AddRef@?$CComContainedObject@VCOPOSImageScanner@@@ATL@@WHA@AGKXZ 10002ef9 f i ImageScanner.obj
 0001:00001f03       ?Release@?$CComContainedObject@VCOPOSImageScanner@@@ATL@@WHA@AGKXZ 10002f03 f i ImageScanner.obj
 0001:00001f0d       ?QueryInterface@?$CComContainedObject@VCOPOSImageScanner@@@ATL@@WHE@AGJABU_GUID@@PAPAX@Z 10002f0d f i ImageScanner.obj
 0001:00001f17       ?AddRef@?$CComContainedObject@VCOPOSImageScanner@@@ATL@@WHE@AGKXZ 10002f17 f i ImageScanner.obj
 0001:00001f21       ?Release@?$CComContainedObject@VCOPOSImageScanner@@@ATL@@WHE@AGKXZ 10002f21 f i ImageScanner.obj
 0001:00001f2b       ?QueryInterface@?$CComContainedObject@VCOPOSImageScanner@@@ATL@@WHI@AGJABU_GUID@@PAPAX@Z 10002f2b f i ImageScanner.obj
 0001:00001f35       ?AddRef@?$CComContainedObject@VCOPOSImageScanner@@@ATL@@WHI@AGKXZ 10002f35 f i ImageScanner.obj
 0001:00001f3f       ?Release@?$CComContainedObject@VCOPOSImageScanner@@@ATL@@WHI@AGKXZ 10002f3f f i ImageScanner.obj
 0001:00001f49       ?QueryInterface@?$CComContainedObject@VCOPOSImageScanner@@@ATL@@WHM@AGJABU_GUID@@PAPAX@Z 10002f49 f i ImageScanner.obj
 0001:00001f53       ?AddRef@?$CComContainedObject@VCOPOSImageScanner@@@ATL@@WHM@AGKXZ 10002f53 f i ImageScanner.obj
 0001:00001f5d       ?Release@?$CComContainedObject@VCOPOSImageScanner@@@ATL@@WHM@AGKXZ 10002f5d f i ImageScanner.obj
 0001:00001f67       ?QueryInterface@?$CComContainedObject@VCOPOSImageScanner@@@ATL@@WIA@AGJABU_GUID@@PAPAX@Z 10002f67 f i ImageScanner.obj
 0001:00001f74       ?AddRef@?$CComContainedObject@VCOPOSImageScanner@@@ATL@@WIA@AGKXZ 10002f74 f i ImageScanner.obj
 0001:00001f81       ?Release@?$CComContainedObject@VCOPOSImageScanner@@@ATL@@WIA@AGKXZ 10002f81 f i ImageScanner.obj
 0001:00001f8e       ?QueryInterface@?$CComContainedObject@VCOPOSImageScanner@@@ATL@@WIE@AGJABU_GUID@@PAPAX@Z 10002f8e f i ImageScanner.obj
 0001:00001f9b       ?AddRef@?$CComContainedObject@VCOPOSImageScanner@@@ATL@@WIE@AGKXZ 10002f9b f i ImageScanner.obj
 0001:00001fa8       ?Release@?$CComContainedObject@VCOPOSImageScanner@@@ATL@@WIE@AGKXZ 10002fa8 f i ImageScanner.obj
 0001:00001fb5       ?QueryInterface@?$CComContainedObject@VCOPOSImageScanner@@@ATL@@WII@AGJABU_GUID@@PAPAX@Z 10002fb5 f i ImageScanner.obj
 0001:00001fc2       ?AddRef@?$CComContainedObject@VCOPOSImageScanner@@@ATL@@WII@AGKXZ 10002fc2 f i ImageScanner.obj
 0001:00001fcf       ?Release@?$CComContainedObject@VCOPOSImageScanner@@@ATL@@WII@AGKXZ 10002fcf f i ImageScanner.obj
 0001:00001fdc       ?QueryInterface@?$CComContainedObject@VCOPOSImageScanner@@@ATL@@WIM@AGJABU_GUID@@PAPAX@Z 10002fdc f i ImageScanner.obj
 0001:00001fe9       ?AddRef@?$CComContainedObject@VCOPOSImageScanner@@@ATL@@WIM@AGKXZ 10002fe9 f i ImageScanner.obj
 0001:00001ff6       ?Release@?$CComContainedObject@VCOPOSImageScanner@@@ATL@@WIM@AGKXZ 10002ff6 f i ImageScanner.obj
 0001:00002003       ?QueryInterface@?$CComContainedObject@VCOPOSImageScanner@@@ATL@@WJA@AGJABU_GUID@@PAPAX@Z 10003003 f i ImageScanner.obj
 0001:00002010       ?AddRef@?$CComContainedObject@VCOPOSImageScanner@@@ATL@@WJA@AGKXZ 10003010 f i ImageScanner.obj
 0001:0000201d       ?Release@?$CComContainedObject@VCOPOSImageScanner@@@ATL@@WJA@AGKXZ 1000301d f i ImageScanner.obj
 0001:0000202a       ?QueryInterface@?$CComContainedObject@VCOPOSImageScanner@@@ATL@@WJE@AGJABU_GUID@@PAPAX@Z 1000302a f i ImageScanner.obj
 0001:00002037       ?AddRef@?$CComContainedObject@VCOPOSImageScanner@@@ATL@@WJE@AGKXZ 10003037 f i ImageScanner.obj
 0001:00002044       ?Release@?$CComContainedObject@VCOPOSImageScanner@@@ATL@@WJE@AGKXZ 10003044 f i ImageScanner.obj
 0001:00002051       ?QueryInterface@?$CComContainedObject@VCOPOSImageScanner@@@ATL@@WJI@AGJABU_GUID@@PAPAX@Z 10003051 f i ImageScanner.obj
 0001:0000205e       ?AddRef@?$CComContainedObject@VCOPOSImageScanner@@@ATL@@WJI@AGKXZ 1000305e f i ImageScanner.obj
 0001:0000206b       ?Release@?$CComContainedObject@VCOPOSImageScanner@@@ATL@@WJI@AGKXZ 1000306b f i ImageScanner.obj
 0001:00002078       ?QueryInterface@?$CComContainedObject@VCOPOSImageScanner@@@ATL@@WJM@AGJABU_GUID@@PAPAX@Z 10003078 f i ImageScanner.obj
 0001:00002085       ?AddRef@?$CComContainedObject@VCOPOSImageScanner@@@ATL@@WJM@AGKXZ 10003085 f i ImageScanner.obj
 0001:00002092       ?Release@?$CComContainedObject@VCOPOSImageScanner@@@ATL@@WJM@AGKXZ 10003092 f i ImageScanner.obj
 0001:0000209f       ?QueryInterface@?$CComContainedObject@VCOPOSImageScanner@@@ATL@@WKA@AGJABU_GUID@@PAPAX@Z 1000309f f i ImageScanner.obj
 0001:000020ac       ?AddRef@?$CComContainedObject@VCOPOSImageScanner@@@ATL@@WKA@AGKXZ 100030ac f i ImageScanner.obj
 0001:000020b9       ?Release@?$CComContainedObject@VCOPOSImageScanner@@@ATL@@WKA@AGKXZ 100030b9 f i ImageScanner.obj
 0001:000020c6       ?AddRef@?$CComContainedObject@VCOPOSImageScanner@@@ATL@@WKI@AGKXZ 100030c6 f i ImageScanner.obj
 0001:000020d3       ?Release@?$CComContainedObject@VCOPOSImageScanner@@@ATL@@WKI@AGKXZ 100030d3 f i ImageScanner.obj
 0001:000020e0       ?AddRef@?$CComContainedObject@VCOPOSImageScanner@@@ATL@@WLE@AGKXZ 100030e0 f i ImageScanner.obj
 0001:000020ed       ?Release@?$CComContainedObject@VCOPOSImageScanner@@@ATL@@WLE@AGKXZ 100030ed f i ImageScanner.obj
 0001:000020fa       ?Lock@CAtlModule@ATL@@UAEJXZ 100030fa f i ImageScanner.obj
 0001:00002104       ?Unlock@CAtlModule@ATL@@UAEJXZ 10003104 f i ImageScanner.obj
 0001:0000210e       ?GetLockCount@CAtlModule@ATL@@UAEJXZ 1000310e f i ImageScanner.obj
 0001:00002112       ?GetGITPtr@CAtlModule@ATL@@UAEJPAPAUIGlobalInterfaceTable@@@Z 10003112 f i ImageScanner.obj
 0001:0000215e       ?GetWindowProc@?$CWindowImplBaseT@VCWindow@ATL@@V?$CWinTraits@$0FGAAAAAA@$0A@@2@@ATL@@UAEP6GJPAUHWND__@@IIJ@ZXZ 1000315e f i ImageScanner.obj
 0001:00002164       ?StartWindowProc@?$CWindowImplBaseT@VCWindow@ATL@@V?$CWinTraits@$0FGAAAAAA@$0A@@2@@ATL@@SGJPAUHWND__@@IIJ@Z 10003164 f i ImageScanner.obj
 0001:000021b8       ?AddCommonRGSReplacements@?$CAtlModuleT@VCComModule@ATL@@@ATL@@UAEJPAUIRegistrarBase@@@Z 100031b8 f i ImageScanner.obj
 0001:000021d2       ?GetTypeInfoCount@?$IDispatchImpl@UIOPOSImageScanner@@$1?IID_IOPOSImageScanner@@3U_GUID@@B$1?LIBID_OposImageScanner_CCO@@3U3@B$00$0A@VCComTypeInfoHolder@ATL@@@ATL@@UAGJPAI@Z 100031d2 f i ImageScanner.obj
 0001:000021ef       ?GetTypeInfo@?$IDispatchImpl@UIOPOSImageScanner@@$1?IID_IOPOSImageScanner@@3U_GUID@@B$1?LIBID_OposImageScanner_CCO@@3U3@B$00$0A@VCComTypeInfoHolder@ATL@@@ATL@@UAGJIKPAPAUITypeInfo@@@Z 100031ef f i ImageScanner.obj
 0001:00002213       ?GetIDsOfNames@?$IDispatchImpl@UIOPOSImageScanner@@$1?IID_IOPOSImageScanner@@3U_GUID@@B$1?LIBID_OposImageScanner_CCO@@3U3@B$00$0A@VCComTypeInfoHolder@ATL@@@ATL@@UAGJABU_GUID@@PAPA_WIKPAJ@Z 10003213 f i ImageScanner.obj
 0001:00002233       ?Invoke@?$IDispatchImpl@UIOPOSImageScanner@@$1?IID_IOPOSImageScanner@@3U_GUID@@B$1?LIBID_OposImageScanner_CCO@@3U3@B$00$0A@VCComTypeInfoHolder@ATL@@@ATL@@UAGJJABU_GUID@@KGPAUtagDISPPARAMS@@PAUtagVARIANT@@PAUtagEXCEPINFO@@PAI@Z 10003233 f i ImageScanner.obj
 0001:00002241       ?UpdateRegistryFromResourceD@CComModule@ATL@@UAGJPB_WHPAU_ATL_REGMAP_ENTRY@2@@Z 10003241 f i ImageScanner.obj
 0001:00002241       ?UpdateRegistryFromResourceD@CComModule@ATL@@UAGJIHPAU_ATL_REGMAP_ENTRY@2@@Z 10003241 f i ImageScanner.obj
 0001:00002249       ?UpdateRegistryFromResource@CComModule@ATL@@UAGJPB_WHPAU_ATL_REGMAP_ENTRY@2@@Z 10003249 f i ImageScanner.obj
 0001:00002252       ?UpdateRegistryFromResource@CComModule@ATL@@UAGJIHPAU_ATL_REGMAP_ENTRY@2@@Z 10003252 f i ImageScanner.obj
 0001:0000225b       ?CreateControlWindow@?$CComControl@VCOPOSImageScanner@@V?$CWindowImpl@VCOPOSImageScanner@@VCWindow@ATL@@V?$CWinTraits@$0FGAAAAAA@$0A@@3@@ATL@@@ATL@@UAEPAUHWND__@@PAU3@AAUtagRECT@@@Z 1000325b f i ImageScanner.obj
 0001:0000228a       ?ControlQueryInterface@?$CComControl@VCOPOSImageScanner@@V?$CWindowImpl@VCOPOSImageScanner@@VCWindow@ATL@@V?$CWinTraits@$0FGAAAAAA@$0A@@3@@ATL@@@ATL@@UAEJABU_GUID@@PAPAX@Z 1000328a f i ImageScanner.obj
 0001:000022a5       ?IsDirty@?$IPersistStreamInitImpl@VCOPOSImageScanner@@@ATL@@UAGJXZ 100032a5 f i ImageScanner.obj
 0001:000022c4       ?Load@?$IPersistStreamInitImpl@VCOPOSImageScanner@@@ATL@@UAGJPAUIStream@@@Z 100032c4 f i ImageScanner.obj
 0001:000022e3       ?Save@?$IPersistStreamInitImpl@VCOPOSImageScanner@@@ATL@@UAGJPAUIStream@@H@Z 100032e3 f i ImageScanner.obj
 0001:00002305       ?GetSizeMax@?$IPersistStreamInitImpl@VCOPOSImageScanner@@@ATL@@UAGJPAT_ULARGE_INTEGER@@@Z 10003305 f i ImageScanner.obj
 0001:000024ba       ?InitNew@?$IPersistStreamInitImpl@VCOPOSImageScanner@@@ATL@@UAGJXZ 100034ba f i ImageScanner.obj
 0001:000024d7       ??_GCComModule@ATL@@UAEPAXI@Z 100034d7 f i ImageScanner.obj
 0001:000024d7       ??_ECComModule@ATL@@UAEPAXI@Z 100034d7 f i ImageScanner.obj
 0001:000024ff       ?SetClientSite@?$IOleObjectImpl@VCOPOSImageScanner@@@ATL@@UAGJPAUIOleClientSite@@@Z 100034ff f i ImageScanner.obj
 0001:0000251c       ?GetClientSite@?$IOleObjectImpl@VCOPOSImageScanner@@@ATL@@UAGJPAPAUIOleClientSite@@@Z 1000351c f i ImageScanner.obj
 0001:00002539       ?SetHostNames@?$IOleObjectImpl@VCOPOSImageScanner@@@ATL@@UAGJPB_W0@Z 10003539 f i ImageScanner.obj
 0001:0000253e       ?Close@?$IOleObjectImpl@VCOPOSImageScanner@@@ATL@@UAGJK@Z 1000353e f i ImageScanner.obj
 0001:0000255b       ?DoVerb@?$IOleObjectImpl@VCOPOSImageScanner@@@ATL@@UAGJJPAUtagMSG@@PAUIOleClientSite@@JPAUHWND__@@PBUtagRECT@@@Z 1000355b f i ImageScanner.obj
 0001:00002673       ?EnumVerbs@?$IOleObjectImpl@VCOPOSImageScanner@@@ATL@@UAGJPAPAUIEnumOLEVERB@@@Z 10003673 f i ImageScanner.obj
 0001:00002695       ?GetUserType@?$IOleObjectImpl@VCOPOSImageScanner@@@ATL@@UAGJKPAPA_W@Z 10003695 f i ImageScanner.obj
 0001:000026ad       ?SetExtent@?$IOleObjectImpl@VCOPOSImageScanner@@@ATL@@UAGJKPAUtagSIZE@@@Z 100036ad f i ImageScanner.obj
 0001:000026cd       ?GetExtent@?$IOleObjectImpl@VCOPOSImageScanner@@@ATL@@UAGJKPAUtagSIZE@@@Z 100036cd f i ImageScanner.obj
 0001:0000270b       ?Advise@?$IOleObjectImpl@VCOPOSImageScanner@@@ATL@@UAGJPAUIAdviseSink@@PAK@Z 1000370b f i ImageScanner.obj
 0001:0000272b       ?Unadvise@?$IOleObjectImpl@VCOPOSImageScanner@@@ATL@@UAGJK@Z 1000372b f i ImageScanner.obj
 0001:0000275a       ?EnumAdvise@?$IOleObjectImpl@VCOPOSImageScanner@@@ATL@@UAGJPAPAUIEnumSTATDATA@@@Z 1000375a f i ImageScanner.obj
 0001:0000279a       ?GetMiscStatus@?$IOleObjectImpl@VCOPOSImageScanner@@@ATL@@UAGJKPAK@Z 1000379a f i ImageScanner.obj
 0001:000027b2       ?GetWindow@?$IOleInPlaceActiveObjectImpl@VCOPOSImageScanner@@@ATL@@UAGJPAPAUHWND__@@@Z 100037b2 f i ImageScanner.obj
 0001:000027ff       ?TranslateAcceleratorW@?$IOleInPlaceActiveObjectImpl@VCOPOSImageScanner@@@ATL@@UAGJPAUtagMSG@@@Z 100037ff f i ImageScanner.obj
 0001:0000289d       ?OnDocWindowActivate@?$IOleInPlaceActiveObjectImpl@VCOPOSImageScanner@@@ATL@@UAGJH@Z 1000389d f i ImageScanner.obj
 0001:000028bf       ?ResizeBorder@?$IOleInPlaceActiveObjectImpl@VCOPOSImageScanner@@@ATL@@UAGJPBUtagRECT@@PAUIOleInPlaceUIWindow@@H@Z 100038bf f i ImageScanner.obj
 0001:000028c4       ?Draw@?$IViewObjectExImpl@VCOPOSImageScanner@@@ATL@@UAGJKJPAXPAUtagDVTARGETDEVICE@@PAUHDC__@@2PBU_RECTL@@3P6GHK@ZK@Z 100038c4 f i ImageScanner.obj
 0001:000028f6       ?GetColorSet@?$IViewObjectExImpl@VCOPOSImageScanner@@@ATL@@UAGJKJPAXPAUtagDVTARGETDEVICE@@PAUHDC__@@PAPAUtagLOGPALETTE@@@Z 100038f6 f i ImageScanner.obj
 0001:000028fe       ?Freeze@?$IViewObjectExImpl@VCOPOSImageScanner@@@ATL@@UAGJKJPAXPAK@Z 100038fe f i ImageScanner.obj
 0001:00002906       ?SetAdvise@?$IViewObjectExImpl@VCOPOSImageScanner@@@ATL@@UAGJKKPAUIAdviseSink@@@Z 10003906 f i ImageScanner.obj
 0001:00002925       ??$?4UITypeInfo2@@@?$CComPtr@UITypeInfo@@@ATL@@QAEPAUITypeInfo@@ABV?$CComPtr@UITypeInfo2@@@1@@Z 10003925 f i ImageScanner.obj
 0001:00002952       ??$AtlAdd@K@ATL@@YAJPAKKK@Z 10003952 f i ImageScanner.obj
 0001:00002975       ??$AtlAdd@_K@ATL@@YAJPA_K_K1@Z 10003975 f i ImageScanner.obj
 0001:000029ad       ??$AtlAddThrow@K@ATL@@YAKKK@Z 100039ad f i ImageScanner.obj
 0001:000029d3       ??$AtlModuleRegisterWndClassInfoT@VAtlModuleRegisterWndClassInfoParamW@ATL@@@ATL@@YAGPAU_ATL_BASE_MODULE70@0@PAU_ATL_WIN_MODULE70@0@PAU_ATL_WNDCLASSINFOW@0@PAP6GJPAUHWND__@@IIJ@ZVAtlModuleRegisterWndClassInfoParamW@0@@Z 100039d3 f i ImageScanner.obj
 0001:00002b21       ??$AtlMultiply@H@ATL@@YAJPAHHH@Z 10003b21 f i ImageScanner.obj
 0001:00002b59       ??$AtlMultiply@I@ATL@@YAJPAIII@Z 10003b59 f i ImageScanner.obj
 0001:00002b59       ??$AtlMultiply@K@ATL@@YAJPAKKK@Z 10003b59 f i ImageScanner.obj
 0001:00002b7b       ??$AtlMultiplyThrow@I@ATL@@YAIII@Z 10003b7b f i ImageScanner.obj
 0001:00002ba1       ??0?$CComAggObject@VCOPOSImageScanner@@@ATL@@QAE@PAX@Z 10003ba1 f i ImageScanner.obj
 0001:00002bce       ??0?$CComContainedObject@VCOPOSImageScanner@@@ATL@@QAE@PAX@Z 10003bce f i ImageScanner.obj
 0001:00002c87       ??0?$CComObject@V?$CComEnum@UIEnumConnectionPoints@@$1?_GUID_b196b285_bab4_101a_b69c_00aa00341d07@@3U__s_GUID@@BPAUIConnectionPoint@@V?$_CopyInterface@UIConnectionPoint@@@ATL@@VCComSingleThreadModel@6@@ATL@@@ATL@@QAE@PAX@Z 10003c87 f i ImageScanner.obj
 0001:00002cb5       ??0?$CComObject@V?$CComEnum@UIEnumConnections@@$1?_GUID_b196b287_bab4_101a_b69c_00aa00341d07@@3U__s_GUID@@BUtagCONNECTDATA@@V?$_Copy@UtagCONNECTDATA@@@ATL@@VCComSingleThreadModel@6@@ATL@@@ATL@@QAE@PAX@Z 10003cb5 f i ImageScanner.obj
 0001:00002ce3       ??0?$CComObject@VCOPOSImageScanner@@@ATL@@QAE@PAX@Z 10003ce3 f i ImageScanner.obj
 0001:00002d9a       ??0?$CComQIPtr@UIOleControlSite@@$1?_GUID_b196b289_bab4_101a_b69c_00aa00341d07@@3U__s_GUID@@B@ATL@@QAE@PAUIUnknown@@@Z 10003d9a f i ImageScanner.obj
 0001:00002dc3       ??0CAtlModule@ATL@@QAE@XZ  10003dc3 f i ImageScanner.obj
 0001:00002e04       ??0CParseBuffer@CRegParser@ATL@@QAE@H@Z 10003e04 f i ImageScanner.obj
 0001:00002e3a       ??0_ATL_MSG@ATL@@QAE@PAUHWND__@@IIJH@Z 10003e3a f i ImageScanner.obj
 0001:00002e72       ??1?$CComAggObject@VCOPOSImageScanner@@@ATL@@UAE@XZ 10003e72 f i ImageScanner.obj
 0001:00002e96       ??1?$CComEnumImpl@UIEnumConnectionPoints@@$1?_GUID_b196b285_bab4_101a_b69c_00aa00341d07@@3U__s_GUID@@BPAUIConnectionPoint@@V?$_CopyInterface@UIConnectionPoint@@@ATL@@@ATL@@UAE@XZ 10003e96 f i ImageScanner.obj
 0001:00002ed6       ??1?$CComEnumImpl@UIEnumConnections@@$1?_GUID_b196b287_bab4_101a_b69c_00aa00341d07@@3U__s_GUID@@BUtagCONNECTDATA@@V?$_Copy@UtagCONNECTDATA@@@ATL@@@ATL@@UAE@XZ 10003ed6 f i ImageScanner.obj
 0001:00002f16       ??1?$CComObject@V?$CComEnum@UIEnumConnectionPoints@@$1?_GUID_b196b285_bab4_101a_b69c_00aa00341d07@@3U__s_GUID@@BPAUIConnectionPoint@@V?$_CopyInterface@UIConnectionPoint@@@ATL@@VCComSingleThreadModel@6@@ATL@@@ATL@@UAE@XZ 10003f16 f i ImageScanner.obj
 0001:00002f39       ??1?$CComObject@V?$CComEnum@UIEnumConnections@@$1?_GUID_b196b287_bab4_101a_b69c_00aa00341d07@@3U__s_GUID@@BUtagCONNECTDATA@@V?$_Copy@UtagCONNECTDATA@@@ATL@@VCComSingleThreadModel@6@@ATL@@@ATL@@UAE@XZ 10003f39 f i ImageScanner.obj
 0001:00002f5c       ??1?$CComObject@VCOPOSImageScanner@@@ATL@@UAE@XZ 10003f5c f i ImageScanner.obj
 0001:0000301a       ??1?$CComObjectCached@VCComClassFactory@ATL@@@ATL@@UAE@XZ 1000401a f i ImageScanner.obj
 0001:00003030       ??1?$CComObjectRootEx@VCComMultiThreadModel@ATL@@@ATL@@QAE@XZ 10004030 f i ImageScanner.obj
 0001:00003045       ??1CRegObject@ATL@@UAE@XZ  10004045 f i ImageScanner.obj
 0001:00003065       ??4?$CComPtr@UIAdviseSink@@@ATL@@QAEPAUIAdviseSink@@PAU2@@Z 10004065 f i ImageScanner.obj
 0001:00003065       ??4?$CComPtr@UIUnknown@@@ATL@@QAEPAUIUnknown@@PAU2@@Z 10004065 f i ImageScanner.obj
 0001:00003065       ??4?$CComPtr@UIOleClientSite@@@ATL@@QAEPAUIOleClientSite@@PAU2@@Z 10004065 f i ImageScanner.obj
 0001:00003099       ??4?$CComQIPtr@UIOleObject@@$1?_GUID_00000112_0000_0000_c000_000000000046@@3U__s_GUID@@B@ATL@@QAEPAUIOleObject@@PAUIUnknown@@@Z 10004099 f i ImageScanner.obj
 0001:000030be       ??4?$CComQIPtr@UISpecifyPropertyPages@@$1?_GUID_b196b28b_bab4_101a_b69c_00aa00341d07@@3U__s_GUID@@B@ATL@@QAEPAUISpecifyPropertyPages@@PAUIUnknown@@@Z 100040be f i ImageScanner.obj
 0001:000030e3       ??_G?$CComContainedObject@VCOPOSImageScanner@@@ATL@@UAEPAXI@Z 100040e3 f i ImageScanner.obj
 0001:000030e3       ??_E?$CComContainedObject@VCOPOSImageScanner@@@ATL@@UAEPAXI@Z 100040e3 f i ImageScanner.obj
 0001:00003108       ??_G?$CComObject@VCOPOSImageScanner@@@ATL@@UAEPAXI@Z 10004108 f i ImageScanner.obj
 0001:00003108       ??_E?$CComObject@VCOPOSImageScanner@@@ATL@@UAEPAXI@Z 10004108 f i ImageScanner.obj
 0001:0000312d       ?Add@?$CSimpleArray@GV?$CSimpleArrayEqualHelper@G@ATL@@@ATL@@QAEHABG@Z 1000412d f i ImageScanner.obj
 0001:000031b1       ?Add@?$CSimpleMap@PA_WPA_WVCExpansionVectorEqualHelper@ATL@@@ATL@@QAEHABQA_W0@Z 100041b1 f i ImageScanner.obj
 0001:00003206       ?Add@CComDynamicUnkArray@ATL@@QAEKPAUIUnknown@@@Z 10004206 f i ImageScanner.obj
 0001:000032c1       ?Add@CExpansionVector@ATL@@QAEHPB_W0@Z 100042c1 f i ImageScanner.obj
 0001:000033c5       ?AddString@CParseBuffer@CRegParser@ATL@@QAEHPB_W@Z 100043c5 f i ImageScanner.obj
 0001:000033fa       ?AddValue@CRegParser@ATL@@IAEJAAVCRegKey@2@PB_WPA_W@Z 100043fa f i ImageScanner.obj
 0001:0000371b       ?Allocate@?$CAtlSafeAllocBufferManager@VCCRTAllocator@ATL@@@_ATL_SAFE_ALLOCA_IMPL@ATL@@QAEPAXK@Z 1000471b f i ImageScanner.obj
 0001:00003748       ?Allocate@?$CTempBuffer@E$0BAA@VCCRTAllocator@ATL@@@ATL@@QAEPAEI@Z 10004748 f i ImageScanner.obj
 0001:00003777       ?Allocate@?$CTempBuffer@_W$0BAA@VCCRTAllocator@ATL@@@ATL@@QAEPA_WI@Z 10004777 f i ImageScanner.obj
 0001:000037a6       ?Allocate@?$CTempBuffer@_W$0EAA@VCCRTAllocator@ATL@@@ATL@@QAEPA_WI@Z 100047a6 f i ImageScanner.obj
 0001:000037d5       ?AllocateHeap@?$CTempBuffer@E$0BAA@VCCRTAllocator@ATL@@@ATL@@AAEXI@Z 100047d5 f i ImageScanner.obj
 0001:000037d5       ?AllocateHeap@?$CTempBuffer@_W$0EAA@VCCRTAllocator@ATL@@@ATL@@AAEXI@Z 100047d5 f i ImageScanner.obj
 0001:000037d5       ?AllocateHeap@?$CTempBuffer@_W$0BAA@VCCRTAllocator@ATL@@@ATL@@AAEXI@Z 100047d5 f i ImageScanner.obj
 0001:000037fa       ?Append@CParseBuffer@CRegParser@ATL@@QAEHPB_WH@Z 100047fa f i ImageScanner.obj
 0001:00003888       ?AtlCallTermFunc@ATL@@YGXPAU_ATL_MODULE70@1@@Z 10004888 f i ImageScanner.obj
 0001:000038cc       ?AtlCoTaskMemCAlloc@ATL@@YAPAXKK@Z 100048cc f i ImageScanner.obj
 0001:000038f9       ?AtlCoTaskMemRecalloc@ATL@@YAPAXPAXKK@Z 100048f9 f i ImageScanner.obj
 0001:00003929       ?AtlComModuleGetClassObject@ATL@@YGJPAU_ATL_COM_MODULE70@1@ABU_GUID@@1PAPAX@Z 10004929 f i ImageScanner.obj
 0001:00003a1c       ?AtlComModuleRegisterServer@ATL@@YGJPAU_ATL_COM_MODULE70@1@HPBU_GUID@@@Z 10004a1c f i ImageScanner.obj
 0001:00003aa4       ?AtlComModuleUnregisterServer@ATL@@YGJPAU_ATL_COM_MODULE70@1@HPBU_GUID@@@Z 10004aa4 f i ImageScanner.obj
 0001:00003b2c       ?AtlComQIPtrAssign2@ATL@@YAXPAPAUIUnknown@@PAU2@ABU_GUID@@@Z 10004b2c f i ImageScanner.obj
 0001:00003b5b       ?AtlCreateTargetDC@ATL@@YGPAUHDC__@@PAU2@PAUtagDVTARGETDEVICE@@@Z 10004b5b f i ImageScanner.obj
 0001:00003bc4       ?AtlCrtErrorCheck@ATL@@YAHH@Z 10004bc4 f i ImageScanner.obj
 0001:00003bff       ?AtlHiMetricToPixel@ATL@@YGXPBUtagSIZE@@PAU2@@Z 10004bff f i ImageScanner.obj
 0001:00003c74       ?AtlHresultFromLastError@ATL@@YAJXZ 10004c74 f i ImageScanner.obj
 0001:00003c8b       ?AtlHresultFromWin32@ATL@@YAJK@Z 10004c8b f i ImageScanner.obj
 0001:00003ca0       ?AtlIPersistStreamInit_Load@ATL@@YGJPAUIStream@@PBUATL_PROPMAP_ENTRY@1@PAXPAUIUnknown@@@Z 10004ca0 f i ImageScanner.obj
 0001:00003e80       ?AtlIPersistStreamInit_Save@ATL@@YGJPAUIStream@@HPBUATL_PROPMAP_ENTRY@1@PAXPAUIUnknown@@@Z 10004e80 f i ImageScanner.obj
 0001:00004018       ?AtlInternalOleLoadFromStream@ATL@@YAJPAUIStream@@ABU_GUID@@PAPAXTClassesAllowedInStream@1@K@Z 10005018 f i ImageScanner.obj
 0001:0000413e       ?AtlInternalQueryInterface@ATL@@YGJPAXPBU_ATL_INTMAP_ENTRY@1@ABU_GUID@@PAPAX@Z 1000513e f i ImageScanner.obj
 0001:000041e1       ?AtlLoadTypeLib@ATL@@YGJPAUHINSTANCE__@@PB_WPAPA_WPAPAUITypeLib@@@Z 100051e1 f i ImageScanner.obj
 0001:000043bf       ?AtlModuleAddTermFunc@ATL@@YGJPAU_ATL_MODULE70@1@P6GXK@ZK@Z 100053bf f i ImageScanner.obj
 0001:0000441c       ?AtlRegisterClassCategoriesHelper@ATL@@YGJABU_GUID@@PBU_ATL_CATMAP_ENTRY@1@H@Z 1000541c f i ImageScanner.obj
 0001:000046fc       ?AtlRegisterTypeLib@ATL@@YGJPAUHINSTANCE__@@PB_W@Z 100056fc f i ImageScanner.obj
 0001:00004884       ?AtlThrowImpl@ATL@@YGXJ@Z  10005884 f i ImageScanner.obj
 0001:000048a2       ?AtlUnRegisterTypeLib@ATL@@YGJPAUHINSTANCE__@@PB_W@Z 100058a2 f i ImageScanner.obj
 0001:0000494d       ?AtlWinModuleAddCreateWndData@ATL@@YGXPAU_ATL_WIN_MODULE70@1@PAU_AtlCreateWndData@1@PAX@Z 1000594d f i ImageScanner.obj
 0001:000049a1       ?AtlWinModuleExtractCreateWndData@ATL@@YGPAXPAU_ATL_WIN_MODULE70@1@@Z 100059a1 f i ImageScanner.obj
 0001:00004a04       ?AtlWinModuleRegisterClassExW@ATL@@YGGPAU_ATL_WIN_MODULE70@1@PBUtagWNDCLASSEXW@@@Z 10005a04 f i ImageScanner.obj
 0001:00004a43       ?CanForceRemoveKey@CRegParser@ATL@@IAEHPB_W@Z 10005a43 f i ImageScanner.obj
 0001:00004a72       ?ChToByte@CRegParser@ATL@@KAE_W@Z 10005a72 f i ImageScanner.obj
 0001:00004aa5       ?Cleanup@CComTypeInfoHolder@ATL@@SGXK@Z 10005aa5 f i ImageScanner.obj
 0001:00004ad8       ?ClearReplacements@CExpansionVector@ATL@@QAEJXZ 10005ad8 f i ImageScanner.obj
 0001:00004b15       ?Close@CRegKey@ATL@@QAEJXZ 10005b15 f i ImageScanner.obj
 0001:00004b2f       ?Create@?$CWindowImpl@VCOPOSImageScanner@@VCWindow@ATL@@V?$CWinTraits@$0FGAAAAAA@$0A@@3@@ATL@@QAEPAUHWND__@@PAU3@V_U_RECT@2@PB_WKKV_U_MENUorID@2@PAX@Z 10005b2f f i ImageScanner.obj
 0001:00004b73       ?Create@?$CWindowImplBaseT@VCWindow@ATL@@V?$CWinTraits@$0FGAAAAAA@$0A@@2@@ATL@@QAEPAUHWND__@@PAU3@V_U_RECT@2@PB_WKKV_U_MENUorID@2@GPAX@Z 10005b73 f i ImageScanner.obj
 0001:00004c0f       ?Create@CRegKey@ATL@@QAEJPAUHKEY__@@PB_WPA_WKKPAU_SECURITY_ATTRIBUTES@@PAK@Z 10005c0f f i ImageScanner.obj
 0001:00004c72       ?CreateInstance@?$CComCreator@V?$CComAggObject@VCOPOSImageScanner@@@ATL@@@ATL@@SGJPAXABU_GUID@@PAPAX@Z 10005c72 f i ImageScanner.obj
 0001:00004ce8       ?CreateInstance@?$CComCreator@V?$CComObject@VCOPOSImageScanner@@@ATL@@@ATL@@SGJPAXABU_GUID@@PAPAX@Z 10005ce8 f i ImageScanner.obj
 0001:00004d69       ?CreateInstance@?$CComObject@V?$CComEnum@UIEnumConnectionPoints@@$1?_GUID_b196b285_bab4_101a_b69c_00aa00341d07@@3U__s_GUID@@BPAUIConnectionPoint@@V?$_CopyInterface@UIConnectionPoint@@@ATL@@VCComSingleThreadModel@6@@ATL@@@ATL@@SGJPAPAV12@@Z 10005d69 f i ImageScanner.obj
 0001:00004db0       ?CreateInstance@?$CComObject@V?$CComEnum@UIEnumConnections@@$1?_GUID_b196b287_bab4_101a_b69c_00aa00341d07@@3U__s_GUID@@BUtagCONNECTDATA@@V?$_Copy@UtagCONNECTDATA@@@ATL@@VCComSingleThreadModel@6@@ATL@@@ATL@@SGJPAPAV12@@Z 10005db0 f i ImageScanner.obj
 0001:00004df7       ?DefaultReflectionHandler@?$CWindowImplRoot@VCWindow@ATL@@@ATL@@SAHPAUHWND__@@IIJAAJ@Z 10005df7 f i ImageScanner.obj
 0001:00004e6a       ?DeleteSubKey@CRegKey@ATL@@QAEJPB_W@Z 10005e6a f i ImageScanner.obj
 0001:00004e8d       ?DoEvent@COPOSImageScanner@@IAEXIIJ@Z 10005e8d f i ImageScanner.obj
 0001:00004f0d       ?DoVerbHide@?$IOleObjectImpl@VCOPOSImageScanner@@@ATL@@QAEJPBUtagRECT@@PAUHWND__@@@Z 10005f0d f i ImageScanner.obj
 0001:00004f43       ?DoVerbInPlaceActivate@?$IOleObjectImpl@VCOPOSImageScanner@@@ATL@@QAEJPBUtagRECT@@PAUHWND__@@@Z 10005f43 f i ImageScanner.obj
 0001:00004f76       ?DoVerbPrimary@?$IOleObjectImpl@VCOPOSImageScanner@@@ATL@@QAEJPBUtagRECT@@PAUHWND__@@@Z 10005f76 f i ImageScanner.obj
 0001:00005002       ?DoVerbProperties@CComControlBase@ATL@@QAEJPBUtagRECT@@PAUHWND__@@@Z 10006002 f i ImageScanner.obj
 0001:00005129       ?DoVerbShow@?$IOleObjectImpl@VCOPOSImageScanner@@@ATL@@QAEJPBUtagRECT@@PAUHWND__@@@Z 10006129 f i ImageScanner.obj
 0001:0000514e       ?DoVerbUIActivate@?$IOleObjectImpl@VCOPOSImageScanner@@@ATL@@QAEJPBUtagRECT@@PAUHWND__@@@Z 1000614e f i ImageScanner.obj
 0001:0000518b       ?DoesVerbActivate@CComControlBase@ATL@@QAEHJ@Z 1000618b f i ImageScanner.obj
 0001:000051ac       ?DoesVerbUIActivate@CComControlBase@ATL@@QAEHJ@Z 100061ac f i ImageScanner.obj
 0001:000051e1       ?EndOfVar@CRegParser@ATL@@IAEHXZ 100061e1 f i ImageScanner.obj
 0001:00005201       ?EscapeSingleQuote@CAtlModule@ATL@@SAXPA_WIPB_W@Z 10006201 f i ImageScanner.obj
 0001:00005250       ?FindKey@?$CSimpleMap@PA_WPA_WVCExpansionVectorEqualHelper@ATL@@@ATL@@QBEHABQA_W@Z 10006250 f i ImageScanner.obj
 0001:00005287       ?FireTheEvent@?$CProxy_IOPOSEvents@VCOPOSImageScanner@@@@IAEXPAVOposVariant@@IAAJPB_WJ@Z 10006287 f i ImageScanner.obj
 0001:00005319       ?FireViewChange@CComControlBase@ATL@@QAEJXZ 10006319 f i ImageScanner.obj
 0001:00005362       ?Fire_DataEvent@?$CProxy_IOPOSEvents@VCOPOSImageScanner@@@@QAEXJ@Z 10006362 f i ImageScanner.obj
 0001:000053ee       ?Fire_DirectIOEvent@?$CProxy_IOPOSEvents@VCOPOSImageScanner@@@@QAEXJPAJPAPA_W@Z 100063ee f i ImageScanner.obj
 0001:000054d4       ?Fire_ErrorEvent@?$CProxy_IOPOSEvents@VCOPOSImageScanner@@@@QAEXJJJPAJ@Z 100064d4 f i ImageScanner.obj
 0001:000055bb       ?Fire_StatusUpdateEvent@?$CProxy_IOPOSEvents@VCOPOSImageScanner@@@@QAEXJ@Z 100065bb f i ImageScanner.obj
 0001:00005647       ?FreeHeap@?$CTempBuffer@_W$0EAA@VCCRTAllocator@ATL@@@ATL@@AAEXXZ 10006647 f i ImageScanner.obj
 0001:00005647       ?FreeHeap@?$CTempBuffer@E$0BAA@VCCRTAllocator@ATL@@@ATL@@AAEXXZ 10006647 f i ImageScanner.obj
 0001:00005647       ?FreeHeap@?$CTempBuffer@_W$0BAA@VCCRTAllocator@ATL@@@ATL@@AAEXXZ 10006647 f i ImageScanner.obj
 0001:00005650       ?GetAmbientLocaleID@CComControlBase@ATL@@QAEJAAK@Z 10006650 f i ImageScanner.obj
 0001:000056ac       ?GetAmbientUserMode@CComControlBase@ATL@@QAEJAAH@Z 100066ac f i ImageScanner.obj
 0001:0000571c       ?GetAt@CComDynamicUnkArray@ATL@@QAEPAUIUnknown@@H@Z 1000671c f i ImageScanner.obj
 0001:00005738       ?GetClassObject@CComModule@ATL@@QAEJABU_GUID@@0PAPAX@Z 10006738 f i ImageScanner.obj
 0001:000057da       ?GetConnMap@COPOSImageScanner@@SAPBU_ATL_CONNMAP_ENTRY@ATL@@PAH@Z 100067da f i ImageScanner.obj
 0001:0000584a       ?GetCookie@CComDynamicUnkArray@ATL@@QAGKPAPAUIUnknown@@@Z 1000684a f i ImageScanner.obj
 0001:00005882       ?GetIDsOfNames@CComTypeInfoHolder@ATL@@QAEJABU_GUID@@PAPA_WIKPAJ@Z 10006882 f i ImageScanner.obj
 0001:00005990       ?GetKeyAt@?$CSimpleMap@PA_WPA_WVCExpansionVectorEqualHelper@ATL@@@ATL@@QBEAAPA_WH@Z 10006990 f i ImageScanner.obj
 0001:000059b5       ?GetPagesHelper@?$ISpecifyPropertyPagesImpl@VCOPOSImageScanner@@@ATL@@IAEJPAUtagCAUUID@@PBUATL_PROPMAP_ENTRY@2@@Z 100069b5 f i ImageScanner.obj
 0001:00005adc       ?GetProperty@?$CComPtr@UIDispatch@@@ATL@@SAJPAUIDispatch@@JPAUtagVARIANT@@@Z 10006adc f i ImageScanner.obj
 0001:00005b2b       ?GetSizeMax@CComVariant@ATL@@QBEJPAT_ULARGE_INTEGER@@@Z 10006b2b f i ImageScanner.obj
 0001:00005ce5       ?GetStreamSize@CComBSTR@ATL@@SAKPA_W@Z 10006ce5 f i ImageScanner.obj
 0001:00005cff       ?GetTI@CComTypeInfoHolder@ATL@@QAEJK@Z 10006cff f i ImageScanner.obj
 0001:00005ee8       ?GetTI@CComTypeInfoHolder@ATL@@QAEJKPAPAUITypeInfo@@@Z 10006ee8 f i ImageScanner.obj
 0001:00005f2a       ?GetUnknown@CComDynamicUnkArray@ATL@@QAGPAUIUnknown@@K@Z 10006f2a f i ImageScanner.obj
 0001:00005f4b       ?GetValueAt@?$CSimpleMap@PA_WPA_WVCExpansionVectorEqualHelper@ATL@@@ATL@@QBEAAPA_WH@Z 10006f4b f i ImageScanner.obj
 0001:00005f71       ?GetZoomInfo@CComControlBase@ATL@@QAEXAAUATL_DRAWINFO@@@Z 10006f71 f i ImageScanner.obj
 0001:00006004       ?HKeyFromString@CRegParser@ATL@@KAPAUHKEY__@@PA_W@Z 10007004 f i ImageScanner.obj
 0001:00006032       ?HasSubKeys@CRegParser@ATL@@IAEHPAUHKEY__@@@Z 10007032 f i ImageScanner.obj
 0001:00006067       ?IDataObject_GetData@CComControlBase@ATL@@QAEJPAUtagFORMATETC@@PAUtagSTGMEDIUM@@@Z 10007067 f i ImageScanner.obj
 0001:0000620d       ?IOleInPlaceObject_InPlaceDeactivate@CComControlBase@ATL@@QAEJXZ 1000720d f i ImageScanner.obj
 0001:00006294       ?IOleInPlaceObject_SetObjectRects@CComControlBase@ATL@@QAEJPBUtagRECT@@0@Z 10007294 f i ImageScanner.obj
 0001:00006361       ?IOleInPlaceObject_UIDeactivate@CComControlBase@ATL@@QAEJXZ 10007361 f i ImageScanner.obj
 0001:00006423       ?IOleObject_Advise@CComControlBase@ATL@@QAEJPAUIAdviseSink@@PAK@Z 10007423 f i ImageScanner.obj
 0001:0000644d       ?IOleObject_Close@CComControlBase@ATL@@QAEJK@Z 1000744d f i ImageScanner.obj
 0001:00006531       ?IOleObject_GetClientSite@CComControlBase@ATL@@QAEJPAPAUIOleClientSite@@@Z 10007531 f i ImageScanner.obj
 0001:0000655a       ?IOleObject_SetClientSite@CComControlBase@ATL@@QAEJPAUIOleClientSite@@@Z 1000755a f i ImageScanner.obj
 0001:00006599       ?IOleObject_SetExtent@CComControlBase@ATL@@QAEJKPAUtagSIZE@@@Z 10007599 f i ImageScanner.obj
 0001:0000664d       ?IPSI_GetIPersistStreamInit@?$IPersistStorageImpl@VCOPOSImageScanner@@@ATL@@AAEPAUIPersistStreamInit@@XZ 1000764d f i ImageScanner.obj
 0001:0000668f       ?IPersistStreamInit_Load@?$IPersistStreamInitImpl@VCOPOSImageScanner@@@ATL@@QAEJPAUIStream@@PBUATL_PROPMAP_ENTRY@2@@Z 1000768f f i ImageScanner.obj
 0001:000066bb       ?IPersistStreamInit_Save@?$IPersistStreamInitImpl@VCOPOSImageScanner@@@ATL@@QAEJPAUIStream@@HPBUATL_PROPMAP_ENTRY@2@@Z 100076bb f i ImageScanner.obj
 0001:000066f0       ?IQuickActivate_QuickActivate@CComControlBase@ATL@@QAEJPAUtagQACONTAINER@@PAUtagQACONTROL@@@Z 100076f0 f i ImageScanner.obj
 0001:00006932       ?IViewObject_Draw@CComControlBase@ATL@@QAEJKJPAXPAUtagDVTARGETDEVICE@@PAUHDC__@@2PBU_RECTL@@3@Z 10007932 f i ImageScanner.obj
 0001:000069da       ?InPlaceActivate@CComControlBase@ATL@@QAEJJPBUtagRECT@@@Z 100079da f i ImageScanner.obj
 0001:00006c4b       ?Init@?$CComEnumImpl@UIEnumConnectionPoints@@$1?_GUID_b196b285_bab4_101a_b69c_00aa00341d07@@3U__s_GUID@@BPAUIConnectionPoint@@V?$_CopyInterface@UIConnectionPoint@@@ATL@@@ATL@@QAEJPAPAUIConnectionPoint@@0PAUIUnknown@@W4CComEnumFlags@2@@Z 10007c4b f i ImageScanner.obj
 0001:00006d2a       ?Init@?$CComEnumImpl@UIEnumConnections@@$1?_GUID_b196b287_bab4_101a_b69c_00aa00341d07@@3U__s_GUID@@BUtagCONNECTDATA@@V?$_Copy@UtagCONNECTDATA@@@ATL@@@ATL@@QAEJPAUtagCONNECTDATA@@0PAUIUnknown@@W4CComEnumFlags@2@@Z 10007d2a f i ImageScanner.obj
 0001:00006e09       ?Init@CComModule@ATL@@QAEJPAU_ATL_OBJMAP_ENTRY30@2@PAUHINSTANCE__@@PBU_GUID@@@Z 10007e09 f i ImageScanner.obj
 0001:00006e68       ?Init@CDynamicStdCallThunk2@ATL@@QAEHKPAX@Z 10007e68 f i ImageScanner.obj
 0001:00006e93       ?InlineIsEqualUnknown@ATL@@YGHABU_GUID@@@Z 10007e93 f i ImageScanner.obj
 0001:00006ebb       ?InternalGetSite@CComControlBase@ATL@@QAEJABU_GUID@@PAPAX@Z 10007ebb f i ImageScanner.obj
 0001:00006ee9       ?InternalSetAtIndex@?$CSimpleMap@PA_WPA_WVCExpansionVectorEqualHelper@ATL@@@ATL@@QAEXHABQA_W0@Z 10007ee9 f i ImageScanner.obj
 0001:00006f13       ?Invoke@CComTypeInfoHolder@ATL@@QAEJPAUIDispatch@@JABU_GUID@@KGPAUtagDISPPARAMS@@PAUtagVARIANT@@PAUtagEXCEPINFO@@PAI@Z 10007f13 f i ImageScanner.obj
 0001:00006f56       ?IsEqualObject@?$CComPtrBase@UIOleClientSite@@@ATL@@QAE_NPAUIUnknown@@@Z 10007f56 f i ImageScanner.obj
 0001:00006f56       ?IsEqualObject@?$CComPtrBase@UITypeInfo@@@ATL@@QAE_NPAUIUnknown@@@Z 10007f56 f i ImageScanner.obj
 0001:00006fc3       ?IsSpace@CRegParser@ATL@@IAEH_W@Z 10007fc3 f i ImageScanner.obj
 0001:00006fed       ?LoadNameCache@CComTypeInfoHolder@ATL@@QAEJPAUITypeInfo@@@Z 10007fed f i ImageScanner.obj
 0001:0000713b       ?Lookup@?$CSimpleMap@PA_WPA_WVCExpansionVectorEqualHelper@ATL@@@ATL@@QBEPA_WABQA_W@Z 1000813b f i ImageScanner.obj
 0001:00007161       ?NextToken@CRegParser@ATL@@IAEJPA_W@Z 10008161 f i ImageScanner.obj
 0001:00007299       ?OnKillFocus@CComControlBase@ATL@@QAEJIIJAAH@Z 10008299 f i ImageScanner.obj
 0001:000072f4       ?OnMouseActivate@CComControlBase@ATL@@QAEJIIJAAH@Z 100082f4 f i ImageScanner.obj
 0001:00007362       ?OnPaint@CComControlBase@ATL@@QAEJIIJAAH@Z 10008362 f i ImageScanner.obj
 0001:00007414       ?OnSetFocus@CComControlBase@ATL@@QAEJIIJAAH@Z 10008414 f i ImageScanner.obj
 0001:0000749d       ?Open@CRegKey@ATL@@QAEJPAUHKEY__@@PB_WK@Z 1000849d f i ImageScanner.obj
 0001:000074e6       ?PreProcessBuffer@CRegParser@ATL@@QAEJPA_WPAPA_W@Z 100084e6 f i ImageScanner.obj
 0001:00007750       ?ProcessWindowMessage@?$CComControl@VCOPOSImageScanner@@V?$CWindowImpl@VCOPOSImageScanner@@VCWindow@ATL@@V?$CWinTraits@$0FGAAAAAA@$0A@@3@@ATL@@@ATL@@UAEHPAUHWND__@@IIJAAJK@Z 10008750 f i ImageScanner.obj
 0001:000077ef       ?PutProperty@?$CComPtr@UIDispatch@@@ATL@@SAJPAUIDispatch@@JPAUtagVARIANT@@@Z 100087ef f i ImageScanner.obj
 0001:00007881       ?ReadFromStream@CComBSTR@ATL@@QAEJPAUIStream@@@Z 10008881 f i ImageScanner.obj
 0001:000079af       ?ReadFromStream@CComVariant@ATL@@QAEJPAUIStream@@GTClassesAllowedInStream@2@K@Z 100089af f i ImageScanner.obj
 0001:00007b35       ?RecurseDeleteKey@CRegKey@ATL@@QAEJPB_W@Z 10008b35 f i ImageScanner.obj
 0001:00007bf7       ?RegCreateKeyExW@CAtlTransactionManager@ATL@@QAEJPAUHKEY__@@PB_WKPA_WKKQAU_SECURITY_ATTRIBUTES@@PAPAU3@PAK@Z 10008bf7 f i ImageScanner.obj
 0001:00007c5a       ?RegDeleteKeyW@CAtlTransactionManager@ATL@@QAEJPAUHKEY__@@PB_W@Z 10008c5a f i ImageScanner.obj
 0001:00007cac       ?RegOpenKeyExW@CAtlTransactionManager@ATL@@QAEJPAUHKEY__@@PB_WKKPAPAU3@@Z 10008cac f i ImageScanner.obj
 0001:00007d03       ?Register@_ATL_WNDCLASSINFOW@ATL@@QAEGPAP6GJPAUHWND__@@IIJ@Z@Z 10008d03 f i ImageScanner.obj
 0001:00007d23       ?RegisterBuffer@CRegParser@ATL@@QAEJPA_WH@Z 10008d23 f i ImageScanner.obj
 0001:00007e5c       ?RegisterFromResource@CRegObject@ATL@@IAEJPB_W00H@Z 10008e5c f i ImageScanner.obj
 0001:00007f92       ?RegisterServer@?$CAtlModuleT@VCComModule@ATL@@@ATL@@QAEJHPBU_GUID@@@Z 10008f92 f i ImageScanner.obj
 0001:00007fc0       ?RegisterServer@CComModule@ATL@@QAEJHPBU_GUID@@@Z 10008fc0 f i ImageScanner.obj
 0001:00008036       ?RegisterSubkeys@CRegParser@ATL@@IAEJPA_WPAUHKEY__@@HH@Z 10009036 f i ImageScanner.obj
 0001:00008605       ?Remove@CComDynamicUnkArray@ATL@@QAEHK@Z 10009605 f i ImageScanner.obj
 0001:0000862e       ?RemoveAll@?$CSimpleMap@PA_WPA_WVCExpansionVectorEqualHelper@ATL@@@ATL@@QAEXXZ 1000962e f i ImageScanner.obj
 0001:0000865a       ?ResourceRegisterSz@CRegObject@ATL@@QAGJPB_W00@Z 1000965a f i ImageScanner.obj
 0001:00008687       ?ResourceUnregisterSz@CRegObject@ATL@@QAGJPB_W00@Z 10009687 f i ImageScanner.obj
 0001:000086b4       ?SendOnDataChange@CComControlBase@ATL@@QAEJK@Z 100096b4 f i ImageScanner.obj
 0001:00008701       ?SetControlFocus@CComControlBase@ATL@@QAEHH@Z 10009701 f i ImageScanner.obj
 0001:0000879e       ?SetMultiStringValue@CRegKey@ATL@@QAEJPB_W0@Z 1000979e f i ImageScanner.obj
 0001:000087fa       ?SetStringValue@CRegKey@ATL@@QAEJPB_W0K@Z 100097fa f i ImageScanner.obj
 0001:00008843       ?SkipAssignment@CRegParser@ATL@@IAEJPA_W@Z 10009843 f i ImageScanner.obj
 0001:000088a8       ?SkipWhiteSpace@CRegParser@ATL@@IAEXXZ 100098a8 f i ImageScanner.obj
 0001:000088ca       ?StrChrW@CRegParser@ATL@@KAPA_WPA_W_W@Z 100098ca f i ImageScanner.obj
 0001:00008907       ?Term@CAtlModule@ATL@@QAEXXZ 10009907 f i ImageScanner.obj
 0001:00008940       ?Term@CComModule@ATL@@QAEXXZ 10009940 f i ImageScanner.obj
 0001:00008998       ?UnregisterServer@?$CAtlModuleT@VCComModule@ATL@@@ATL@@QAEJHPBU_GUID@@@Z 10009998 f i ImageScanner.obj
 0001:000089be       ?UnregisterServer@CComModule@ATL@@QAEJHPBU_GUID@@@Z 100099be f i ImageScanner.obj
 0001:00008a34       ?UpdateRegistryFromResource@CAtlModule@ATL@@QAGJIHPAU_ATL_REGMAP_ENTRY@2@@Z 10009a34 f i ImageScanner.obj
 0001:00008bff       ?UpdateRegistryFromResource@CAtlModule@ATL@@QAGJPB_WHPAU_ATL_REGMAP_ENTRY@2@@Z 10009bff f i ImageScanner.obj
 0001:00008dd0       ?VTFromRegType@CRegParser@ATL@@KAHPB_WAAG@Z 10009dd0 f i ImageScanner.obj
 0001:00008e3d       ?WindowProc@?$CWindowImplBaseT@VCWindow@ATL@@V?$CWinTraits@$0FGAAAAAA@$0A@@2@@ATL@@SGJPAUHWND__@@IIJ@Z 10009e3d f i ImageScanner.obj
 0001:00008f2f       ?WriteToStream@CComBSTR@ATL@@QAEJPAUIStream@@@Z 10009f2f f i ImageScanner.obj
 0001:00008f86       ?WriteToStream@CComVariant@ATL@@QAEJPAUIStream@@@Z 10009f86 f i ImageScanner.obj
 0001:00009100       ?WriteToStream@CComVariant@ATL@@QAEJPAUIStream@@G@Z 1000a100 f i ImageScanner.obj
 0001:00009169       ?_AtlInitialConstruct@?$CComObjectRootEx@VCComMultiThreadModel@ATL@@@ATL@@QAEJXZ 1000a169 f i ImageScanner.obj
 0001:0000917e       ?_AtlVerifyStackAvailable@_ATL_SAFE_ALLOCA_IMPL@ATL@@YA_NK@Z 1000a17e f i ImageScanner.obj
 0001:000091fc       ?copy@?$_Copy@UtagCONNECTDATA@@@ATL@@SAJPAUtagCONNECTDATA@@PBU3@@Z 1000a1fc f i ImageScanner.obj
 0001:00009232       ?copy@?$_CopyInterface@UIConnectionPoint@@@ATL@@SAJPAPAUIConnectionPoint@@PBQAU3@@Z 1000a232 f i ImageScanner.obj
 0001:00009260       ?memcpy_s@Checked@ATL@@YAXPAXIPBXI@Z 1000a260 f i ImageScanner.obj
 0001:0000927f       ?ocscpy_s@@YA_NPA_WIPB_W@Z 1000a27f f i ImageScanner.obj
 0001:000092ae       ?ocslen@@YAHPB_W@Z         1000a2ae f i ImageScanner.obj
 0001:000092ce       ?wcscpy_s@Checked@ATL@@YAXPA_WIPB_W@Z 1000a2ce f i ImageScanner.obj
 0001:000092ea       _DllCanUnloadNow@0         1000a2ea f   ImageScanner.obj
 0001:000092f6       _DllGetClassObject@12      1000a2f6 f   ImageScanner.obj
 0001:00009304       _DllMain@12                1000a304 f   ImageScanner.obj
 0001:00009346       _DllRegisterServer@0       1000a346 f   ImageScanner.obj
 0001:00009355       _DllUnregisterServer@0     1000a355 f   ImageScanner.obj
 0001:00009364       _InlineIsEqualGUID         1000a364 f i ImageScanner.obj
 0001:00009394       ___local_stdio_printf_options 1000a394 f i ImageScanner.obj
 0001:0000939a       __vswprintf_s_l            1000a39a f i ImageScanner.obj
 0001:00009447       _swprintf_s                1000a447 f i ImageScanner.obj
 0001:00009463       ??0?$CComControl@VCOPOSImageScanner@@V?$CWindowImpl@VCOPOSImageScanner@@VCWindow@ATL@@V?$CWinTraits@$0FGAAAAAA@$0A@@3@@ATL@@@ATL@@QAE@XZ 1000a463 f i ImageScannerImpl.obj
 0001:0000948a       ??0?$CProxy_IOPOSEvents@VCOPOSImageScanner@@@@QAE@XZ 1000a48a f i ImageScannerImpl.obj
 0001:000094aa       ??0CComControlBase@ATL@@QAE@AAPAUHWND__@@@Z 1000a4aa f i ImageScannerImpl.obj
 0001:000094f4       ??0COPOSImageScanner@@QAE@XZ 1000a4f4 f   ImageScannerImpl.obj
 0001:0000952a       ??1?$CComControl@VCOPOSImageScanner@@V?$CWindowImpl@VCOPOSImageScanner@@VCWindow@ATL@@V?$CWinTraits@$0FGAAAAAA@$0A@@3@@ATL@@@ATL@@UAE@XZ 1000a52a f i ImageScannerImpl.obj
 0001:00009543       ??1?$IConnectionPointImpl@VCOPOSImageScanner@@$1?IID_IPropertyNotifySink@@3U_GUID@@BVCComDynamicUnkArray@ATL@@@ATL@@QAE@XZ 1000a543 f i ImageScannerImpl.obj
 0001:00009543       ??1?$IConnectionPointImpl@VCOPOSImageScanner@@$1?DIID__IOPOSImageScannerEvents@@3U_GUID@@BVCComDynamicUnkArray@ATL@@@ATL@@QAE@XZ 1000a543 f i ImageScannerImpl.obj
 0001:00009580       ??1CComControlBase@ATL@@UAE@XZ 1000a580 f i ImageScannerImpl.obj
 0001:000095e3       ??1COPOSImageScanner@@UAE@XZ 1000a5e3 f   ImageScannerImpl.obj
 0001:0000962b       ??1OposVariantResult@@QAE@XZ 1000a62b f i ImageScannerImpl.obj
 0001:0000964c       ??1_CW@@QAE@XZ             1000a64c f i ImageScannerImpl.obj
 0001:00009665       ?CheckHealth@COPOSImageScanner@@UAGJJPAJ@Z 1000a665 f   ImageScannerImpl.obj
 0001:000096b4       ?ClaimDevice@COPOSImageScanner@@UAGJJPAJ@Z 1000a6b4 f   ImageScannerImpl.obj
 0001:00009729       ?ClearInput@COPOSImageScanner@@UAGJPAJ@Z 1000a729 f   ImageScannerImpl.obj
 0001:00009744       ?ClearInputProperties@COPOSImageScanner@@UAGJPAJ@Z 1000a744 f   ImageScannerImpl.obj
 0001:0000975f       ?Close@COPOSImageScanner@@UAGJPAJ@Z 1000a75f f   ImageScannerImpl.obj
 0001:000097cd       ?CompareFirmwareVersion@COPOSImageScanner@@UAGJPA_WPAJ1@Z 1000a7cd f   ImageScannerImpl.obj
 0001:0000984d       ?DirectIO@COPOSImageScanner@@UAGJJPAJPAPA_W0@Z 1000a84d f   ImageScannerImpl.obj
 0001:000098fb       ?DoInvoke@COPOSImageScanner@@IAEJJPAVOposVariant@@IHPAJ_N@Z 1000a8fb f   ImageScannerImpl.obj
 0001:000099bd       ?EventClose@COPOSImageScanner@@IAEXXZ 1000a9bd f i ImageScannerImpl.obj
 0001:000099f0       ?EventInit@COPOSImageScanner@@IAEJXZ 1000a9f0 f i ImageScannerImpl.obj
 0001:00009abc       ?EventUninit@COPOSImageScanner@@IAEXXZ 1000aabc f i ImageScannerImpl.obj
 0001:00009b0e       ?EventWindowProc@COPOSImageScanner@@IAGJIIJ@Z 1000ab0e f i ImageScannerImpl.obj
 0001:00009be2       ?FinalConstruct@COPOSImageScanner@@QAEJXZ 1000abe2 f   ImageScannerImpl.obj
 0001:00009c1b       ?FireEventCleanup@COPOSImageScanner@@IAEXXZ 1000ac1b f i ImageScannerImpl.obj
 0001:00009c31       ?FireEventSetup@COPOSImageScanner@@IAE_NXZ 1000ac31 f i ImageScannerImpl.obj
 0001:00009c65       ?FreezeEvents@COPOSImageScanner@@MAGJH@Z 1000ac65 f   ImageScannerImpl.obj
 0001:00009cc5       ?GetOposProp@COPOSImageScanner@@IAEJJPAFJ@Z 1000acc5 f   ImageScannerImpl.obj
 0001:00009ce8       ?GetOposProp@COPOSImageScanner@@IAEJJPAJJ@Z 1000ace8 f   ImageScannerImpl.obj
 0001:00009da6       ?GetOposProp@COPOSImageScanner@@IAEJJPAPA_WJ@Z 1000ada6 f   ImageScannerImpl.obj
 0001:00009e71       ?OnDraw@COPOSImageScanner@@MAEJAAUATL_DRAWINFO@@@Z 1000ae71 f   ImageScannerImpl.obj
 0001:00009f11       ?Open@COPOSImageScanner@@UAGJPA_WPAJ@Z 1000af11 f   ImageScannerImpl.obj
 0001:0000a6aa       ?ReleaseDevice@COPOSImageScanner@@UAGJPAJ@Z 1000b6aa f   ImageScannerImpl.obj
 0001:0000a6f9       ?ResetStatistics@COPOSImageScanner@@UAGJPA_WPAJ@Z 1000b6f9 f   ImageScannerImpl.obj
 0001:0000a750       ?RetrieveStatistics@COPOSImageScanner@@UAGJPAPA_WPAJ@Z 1000b750 f   ImageScannerImpl.obj
 0001:0000a7a7       ?SOProcessID@COPOSImageScanner@@UAGJPAJ@Z 1000b7a7 f   ImageScannerImpl.obj
 0001:0000a7bb       ?SetCOFreezeEvents@COPOSImageScanner@@IAEXF@Z 1000b7bb f   ImageScannerImpl.obj
 0001:0000a846       ?SetOposProp@COPOSImageScanner@@IAEJJJJ@Z 1000b846 f   ImageScannerImpl.obj
 0001:0000a924       ?StartSession@COPOSImageScanner@@UAGJPAJ@Z 1000b924 f   ImageScannerImpl.obj
 0001:0000a93f       ?StopSession@COPOSImageScanner@@UAGJPAJ@Z 1000b93f f   ImageScannerImpl.obj
 0001:0000a95a       ?UpdateFirmware@COPOSImageScanner@@UAGJPA_WPAJ@Z 1000b95a f   ImageScannerImpl.obj
 0001:0000a9b1       ?UpdateStatistics@COPOSImageScanner@@UAGJPA_WPAJ@Z 1000b9b1 f   ImageScannerImpl.obj
 0001:0000aa08       ?get_AimMode@COPOSImageScanner@@UAGJPAF@Z 1000ba08 f   ImageScannerImpl.obj
 0001:0000aa21       ?get_AutoDisable@COPOSImageScanner@@UAGJPAF@Z 1000ba21 f   ImageScannerImpl.obj
 0001:0000aa37       ?get_BinaryConversion@COPOSImageScanner@@UAGJPAJ@Z 1000ba37 f   ImageScannerImpl.obj
 0001:0000aa4d       ?get_BitsPerPixel@COPOSImageScanner@@UAGJPAJ@Z 1000ba4d f   ImageScannerImpl.obj
 0001:0000aa66       ?get_CapAim@COPOSImageScanner@@UAGJPAF@Z 1000ba66 f   ImageScannerImpl.obj
 0001:0000aa7f       ?get_CapCompareFirmwareVersion@COPOSImageScanner@@UAGJPAF@Z 1000ba7f f   ImageScannerImpl.obj
 0001:0000aa98       ?get_CapDecodeData@COPOSImageScanner@@UAGJPAF@Z 1000ba98 f   ImageScannerImpl.obj
 0001:0000aab1       ?get_CapHostTriggered@COPOSImageScanner@@UAGJPAF@Z 1000bab1 f   ImageScannerImpl.obj
 0001:0000aaca       ?get_CapIlluminate@COPOSImageScanner@@UAGJPAF@Z 1000baca f   ImageScannerImpl.obj
 0001:0000aae3       ?get_CapImageData@COPOSImageScanner@@UAGJPAF@Z 1000bae3 f   ImageScannerImpl.obj
 0001:0000aafc       ?get_CapImageQuality@COPOSImageScanner@@UAGJPAF@Z 1000bafc f   ImageScannerImpl.obj
 0001:0000ab15       ?get_CapPowerReporting@COPOSImageScanner@@UAGJPAJ@Z 1000bb15 f   ImageScannerImpl.obj
 0001:0000ab2e       ?get_CapStatisticsReporting@COPOSImageScanner@@UAGJPAF@Z 1000bb2e f   ImageScannerImpl.obj
 0001:0000ab47       ?get_CapUpdateFirmware@COPOSImageScanner@@UAGJPAF@Z 1000bb47 f   ImageScannerImpl.obj
 0001:0000ab60       ?get_CapUpdateStatistics@COPOSImageScanner@@UAGJPAF@Z 1000bb60 f   ImageScannerImpl.obj
 0001:0000ab79       ?get_CapVideoData@COPOSImageScanner@@UAGJPAF@Z 1000bb79 f   ImageScannerImpl.obj
 0001:0000ab92       ?get_CheckHealthText@COPOSImageScanner@@UAGJPAPA_W@Z 1000bb92 f   ImageScannerImpl.obj
 0001:0000abab       ?get_Claimed@COPOSImageScanner@@UAGJPAF@Z 1000bbab f   ImageScannerImpl.obj
 0001:0000abc1       ?get_ControlObjectDescription@COPOSImageScanner@@UAGJPAPA_W@Z 1000bbc1 f   ImageScannerImpl.obj
 0001:0000abfe       ?get_ControlObjectVersion@COPOSImageScanner@@UAGJPAJ@Z 1000bbfe f   ImageScannerImpl.obj
 0001:0000ac11       ?get_DataCount@COPOSImageScanner@@UAGJPAJ@Z 1000bc11 f   ImageScannerImpl.obj
 0001:0000ac27       ?get_DataEventEnabled@COPOSImageScanner@@UAGJPAF@Z 1000bc27 f   ImageScannerImpl.obj
 0001:0000ac3d       ?get_DeviceDescription@COPOSImageScanner@@UAGJPAPA_W@Z 1000bc3d f   ImageScannerImpl.obj
 0001:0000ac56       ?get_DeviceEnabled@COPOSImageScanner@@UAGJPAF@Z 1000bc56 f   ImageScannerImpl.obj
 0001:0000ac6c       ?get_DeviceName@COPOSImageScanner@@UAGJPAPA_W@Z 1000bc6c f   ImageScannerImpl.obj
 0001:0000ac85       ?get_FrameData@COPOSImageScanner@@UAGJPAPA_W@Z 1000bc85 f   ImageScannerImpl.obj
 0001:0000ac9e       ?get_FrameType@COPOSImageScanner@@UAGJPAJ@Z 1000bc9e f   ImageScannerImpl.obj
 0001:0000acb7       ?get_FreezeEvents@COPOSImageScanner@@UAGJPAF@Z 1000bcb7 f   ImageScannerImpl.obj
 0001:0000accd       ?get_IlluminateMode@COPOSImageScanner@@UAGJPAF@Z 1000bccd f   ImageScannerImpl.obj
 0001:0000ace6       ?get_ImageHeight@COPOSImageScanner@@UAGJPAJ@Z 1000bce6 f   ImageScannerImpl.obj
 0001:0000acff       ?get_ImageLength@COPOSImageScanner@@UAGJPAJ@Z 1000bcff f   ImageScannerImpl.obj
 0001:0000ad18       ?get_ImageMode@COPOSImageScanner@@UAGJPAJ@Z 1000bd18 f   ImageScannerImpl.obj
 0001:0000ad31       ?get_ImageQuality@COPOSImageScanner@@UAGJPAJ@Z 1000bd31 f   ImageScannerImpl.obj
 0001:0000ad4a       ?get_ImageType@COPOSImageScanner@@UAGJPAJ@Z 1000bd4a f   ImageScannerImpl.obj
 0001:0000ad63       ?get_ImageWidth@COPOSImageScanner@@UAGJPAJ@Z 1000bd63 f   ImageScannerImpl.obj
 0001:0000ad7c       ?get_OpenResult@COPOSImageScanner@@UAGJPAJ@Z 1000bd7c f   ImageScannerImpl.obj
 0001:0000ad93       ?get_PowerNotify@COPOSImageScanner@@UAGJPAJ@Z 1000bd93 f   ImageScannerImpl.obj
 0001:0000ada9       ?get_PowerState@COPOSImageScanner@@UAGJPAJ@Z 1000bda9 f   ImageScannerImpl.obj
 0001:0000adbf       ?get_ResultCode@COPOSImageScanner@@UAGJPAJ@Z 1000bdbf f   ImageScannerImpl.obj
 0001:0000adfd       ?get_ResultCodeExtended@COPOSImageScanner@@UAGJPAJ@Z 1000bdfd f   ImageScannerImpl.obj
 0001:0000ae13       ?get_ServiceObjectDescription@COPOSImageScanner@@UAGJPAPA_W@Z 1000be13 f   ImageScannerImpl.obj
 0001:0000ae2c       ?get_ServiceObjectVersion@COPOSImageScanner@@UAGJPAJ@Z 1000be2c f   ImageScannerImpl.obj
 0001:0000ae42       ?get_State@COPOSImageScanner@@UAGJPAJ@Z 1000be42 f   ImageScannerImpl.obj
 0001:0000ae6e       ?get_VideoCount@COPOSImageScanner@@UAGJPAJ@Z 1000be6e f   ImageScannerImpl.obj
 0001:0000ae87       ?get_VideoRate@COPOSImageScanner@@UAGJPAJ@Z 1000be87 f   ImageScannerImpl.obj
 0001:0000aea0       ?put_AimMode@COPOSImageScanner@@UAGJF@Z 1000bea0 f   ImageScannerImpl.obj
 0001:0000aec0       ?put_AutoDisable@COPOSImageScanner@@UAGJF@Z 1000bec0 f   ImageScannerImpl.obj
 0001:0000aedd       ?put_BinaryConversion@COPOSImageScanner@@UAGJJ@Z 1000bedd f   ImageScannerImpl.obj
 0001:0000aef3       ?put_DataEventEnabled@COPOSImageScanner@@UAGJF@Z 1000bef3 f   ImageScannerImpl.obj
 0001:0000af10       ?put_DeviceEnabled@COPOSImageScanner@@UAGJF@Z 1000bf10 f   ImageScannerImpl.obj
 0001:0000af2d       ?put_FreezeEvents@COPOSImageScanner@@UAGJF@Z 1000bf2d f   ImageScannerImpl.obj
 0001:0000af79       ?put_IlluminateMode@COPOSImageScanner@@UAGJF@Z 1000bf79 f   ImageScannerImpl.obj
 0001:0000af99       ?put_ImageMode@COPOSImageScanner@@UAGJJ@Z 1000bf99 f   ImageScannerImpl.obj
 0001:0000afb2       ?put_ImageQuality@COPOSImageScanner@@UAGJJ@Z 1000bfb2 f   ImageScannerImpl.obj
 0001:0000afcb       ?put_PowerNotify@COPOSImageScanner@@UAGJJ@Z 1000bfcb f   ImageScannerImpl.obj
[...]
 0002:00002b80       ?candidate_modules@?1??try_get_LocaleNameToLCID@@YAP6GKPB_WK@ZXZ@4QBW4module_id@?A0x391cf84c@@B 10021b80     libucrt:winapi_thunks.obj
 0002:00002b9c       ?candidate_modules@?1??try_get_AppPolicyGetProcessTerminationMethod@@YAP6GJPAXPAW4AppPolicyProcessTerminationMethod@@@ZXZ@4QBW4module_id@?A0x391cf84c@@B 10021b9c     libucrt:winapi_thunks.obj
 0002:00002bc8       ?candidate_modules@?1??try_get_SetThreadStackGuarantee@@YAP6GHPAK@ZXZ@4QBW4module_id@?A0x391cf84c@@B 10021bc8     libucrt:winapi_thunks.obj
 0002:000030f4       ?_mb_locale_names@@3QBQB_WB 100220f4     libucrt:mbctype.obj
 0002:00003940       ?LcidToLocaleNameTable@?A0x881e4c05@@3QBULcidToLocaleName@1@B 10022940     libucrt:lcidtoname_downlevel.obj
 0002:00004a68       ?LocaleNameToIndexTable@?A0x881e4c05@@3QBULocaleNameIndex@1@B 10023a68     libucrt:lcidtoname_downlevel.obj
 0002:000063a0       LOG_name                   100253a0     libucrt:log10.obj
 0002:000063b0       _One                       100253b0     libucrt:ceil_pentium4.obj
 0002:000063c0       _Bns                       100253c0     libucrt:ceil_pentium4.obj
 0002:000063d0       _Zero                      100253d0     libucrt:ceil_pentium4.obj
 0002:000063e0       _S                         100253e0     libucrt:ceil_pentium4.obj
 0002:000063f0       _NegZero                   100253f0     libucrt:ceil_pentium4.obj
 0002:00006400       emask                      10025400     libucrt:log10_pentium4.obj
 0002:00006410       CC                         10025410     libucrt:log10_pentium4.obj
 0002:00006420       Magic                      10025420     libucrt:log10_pentium4.obj
 0002:00006430       hi_mask                    10025430     libucrt:log10_pentium4.obj
 0002:00006440       LOG10_2                    10025440     libucrt:log10_pentium4.obj
 0002:00006450       place_L                    10025450     libucrt:log10_pentium4.obj
 0002:00006470       One                        10025470     libucrt:log10_pentium4.obj
 0002:00006480       Zero                       10025480     libucrt:log10_pentium4.obj
 0002:00006490       Two52                      10025490     libucrt:log10_pentium4.obj
 0002:000064a0       Infs                       100254a0     libucrt:log10_pentium4.obj
 0002:000064b0       NaN                        100254b0     libucrt:log10_pentium4.obj
 0002:000064c0       coeff                      100254c0     libucrt:log10_pentium4.obj
 0002:0000651e       _log2max                   1002551e     libucrt:87tran.obj
 0002:00006528       _smallarg                  10025528     libucrt:87tran.obj
 0002:00006532       _half                      10025532     libucrt:87tran.obj
 0002:0000657e       One                        1002557e     libucrt:87disp.obj
 0002:00006586       Three                      10025586     libucrt:87disp.obj
 0002:0000658e       XAMtoTagTab                1002558e     libucrt:87disp.obj
 0002:000065a0       One                        100255a0     libucrt:common.obj
 0002:000065b4       DblMax                     100255b4     libucrt:common.obj
 0002:000065bc       DblMin                     100255bc     libucrt:common.obj
 0002:000065c4       IeeeAdjO                   100255c4     libucrt:common.obj
 0002:000065cc       IeeeAdjU                   100255cc     libucrt:common.obj
 0002:000065d4       _infinity                  100255d4     libucrt:common.obj
 0002:000065dc       _zero                      100255dc     libucrt:common.obj
 0002:00006618       _over                      10025618     libucrt:fpctrl.obj
 0002:00006624       _under                     10025624     libucrt:fpctrl.obj
 0002:00006e58       ?_names@?1??_get_fname@@9@9 10025e58     libucrt:fpexcept.obj
 0002:000076c0       __sehtable$?_AtlVerifyStackAvailable@_ATL_SAFE_ALLOCA_IMPL@ATL@@YA_NK@Z 100266c0     ImageScanner.obj
 0002:000076e0       __sehtable$___scrt_is_nonwritable_in_current_image 100266e0     LIBCMT:utility.obj
 0002:000076fc       __ehfuncinfo$?__scrt_initialize_thread_safe_statics_platform_specific@@YAXXZ 100266fc     LIBCMT:thread_safe_statics.obj
 0002:00007720       __catchsym$??2@YAPAXIABUnothrow_t@std@@@Z$2 10026720     LIBCMT:new_scalar_nothrow.obj
 0002:00007730       __unwindtable$??2@YAPAXIABUnothrow_t@std@@@Z 10026730     LIBCMT:new_scalar_nothrow.obj
 0002:00007740       __tryblocktable$??2@YAPAXIABUnothrow_t@std@@@Z 10026740     LIBCMT:new_scalar_nothrow.obj
 0002:00007754       __ehfuncinfo$??2@YAPAXIABUnothrow_t@std@@@Z 10026754     LIBCMT:new_scalar_nothrow.obj
 0002:00007778       __sehtable$?dllmain_crt_process_attach@@YAHQAUHINSTANCE__@@QAX@Z 10026778     LIBCMT:dll_dllmain.obj
 0002:00007798       __sehtable$?dllmain_crt_process_detach@@YAH_N@Z 10026798     LIBCMT:dll_dllmain.obj
 0002:000077b8       __sehtable$?dllmain_dispatch@@YAHQAUHINSTANCE__@@KQAX@Z 100267b8     LIBCMT:dll_dllmain.obj
 0002:00007868       __sehtable$?FrameUnwindToState@__FrameHandler3@@SAXPAUEHRegistrationNode@@PAXPBU_s_FuncInfo@@H@Z 10026868     libvcruntime:frame.obj
 0002:00007890       __sehtable$?CallCatchBlock@@YAPAXPAUEHExceptionRecord@@PAUEHRegistrationNode@@PAU_CONTEXT@@PBU_s_FuncInfo@@PAXHK@Z 10026890     libvcruntime:frame.obj
 0002:000078b8       __catchsym$?CallUnexpected@@YAXPBU_s_ESTypeList@@@Z$2 100268b8     libvcruntime:frame.obj
 0002:000078c8       __unwindtable$?CallUnexpected@@YAXPBU_s_ESTypeList@@@Z 100268c8     libvcruntime:frame.obj
 0002:000078d8       __tryblocktable$?CallUnexpected@@YAXPBU_s_ESTypeList@@@Z 100268d8     libvcruntime:frame.obj
 0002:000078ec       __ehfuncinfo$?CallUnexpected@@YAXPBU_s_ESTypeList@@@Z 100268ec     libvcruntime:frame.obj
 0002:00007910       __sehtable$??$BuildCatchObjectHelperInternal@$$CBU_s_HandlerType@@@@YAHPAUEHExceptionRecord@@PAXPBU_s_HandlerType@@PBU_s_CatchableType@@@Z 10026910     libvcruntime:frame.obj
 0002:00007930       __sehtable$??$BuildCatchObjectInternal@$$CBU_s_HandlerType@@@@YAXPAUEHExceptionRecord@@PAXPBU_s_HandlerType@@PBU_s_CatchableType@@@Z 10026930     libvcruntime:frame.obj
 0002:00007988       __sehtable$___DestructExceptionObject 10026988     libvcruntime:ehhelpers.obj
 0002:000079a8       __sehtable$??R<lambda_6e4b09c48022b2350581041d5f6b0c4c>@@QBE@XZ 100269a8     libucrt:exit.obj
 0002:000079c8       __sehtable$??$?RV<lambda_03b1d95aef87969028cfba75ccab2455>@@AAV<lambda_6e4b09c48022b2350581041d5f6b0c4c>@@V<lambda_22bdf7517842c4b3e53723af5aa32b9e>@@@?$__crt_seh_guarded_call@X@@QAEX$$QAV<lambda_03b1d95aef87969028cfba75ccab2455>@@AAV<lambda_6e4b09c48022b2350581041d5f6b0c4c>@@$$QAV<lambda_22bdf7517842c4b3e53723af5aa32b9e>@@@Z 100269c8     libucrt:exit.obj
 0002:000079e8       __sehtable$??$?RV<lambda_8e746cf0007f6ed984d6f78af1fec997>@@AAV<lambda_22ebabd17bc4fa466a2aca6d8deb888d>@@V<lambda_18ed0c0b38a6dc0daf1e7ac6d6adf05e>@@@?$__crt_seh_guarded_call@H@@QAEH$$QAV<lambda_8e746cf0007f6ed984d6f78af1fec997>@@AAV<lambda_22ebabd17bc4fa466a2aca6d8deb888d>@@$$QAV<lambda_18ed0c0b38a6dc0daf1e7ac6d6adf05e>@@@Z 100269e8     libucrt:onexit.obj
 0002:00007a08       __sehtable$??$?RV<lambda_69a2805e680e0e292e8ba93315fe43a8>@@AAV<lambda_f03950bc5685219e0bcd2087efbe011e>@@V<lambda_03fcd07e894ec930e3f35da366ca99d6>@@@?$__crt_seh_guarded_call@H@@QAEH$$QAV<lambda_69a2805e680e0e292e8ba93315fe43a8>@@AAV<lambda_f03950bc5685219e0bcd2087efbe011e>@@$$QAV<lambda_03fcd07e894ec930e3f35da366ca99d6>@@@Z 10026a08     libucrt:onexit.obj
 0002:00007a28       __sehtable$__query_new_handler 10026a28     libucrt:new_handler.obj
 0002:00007a48       __sehtable$_terminate      10026a48     libucrt:terminate.obj
 0002:00007a68       __sehtable$??$?RV<lambda_15ade71b0218206bbe3333a0c9b79046>@@AAV<lambda_da44e0f8b0f19ba52fefafb335991732>@@V<lambda_207f2d024fc103971653565357d6cd41>@@@?$__crt_seh_guarded_call@X@@QAEX$$QAV<lambda_15ade71b0218206bbe3333a0c9b79046>@@AAV<lambda_da44e0f8b0f19ba52fefafb335991732>@@$$QAV<lambda_207f2d024fc103971653565357d6cd41>@@@Z 10026a68     libucrt:per_thread_data.obj
 0002:00007a88       __sehtable$??$?RV<lambda_a7e850c220f1c8d1e6efeecdedd162c6>@@AAV<lambda_46720907175c18b6c9d2717bc0d2d362>@@V<lambda_9048902d66e8d99359bc9897bbb930a8>@@@?$__crt_seh_guarded_call@X@@QAEX$$QAV<lambda_a7e850c220f1c8d1e6efeecdedd162c6>@@AAV<lambda_46720907175c18b6c9d2717bc0d2d362>@@$$QAV<lambda_9048902d66e8d99359bc9897bbb930a8>@@@Z 10026a88     libucrt:per_thread_data.obj
 0002:00007aa8       __sehtable$??$?RV<lambda_38edbb1296d33220d7e4dd0ed76b244a>@@AAV<lambda_5ce1d447e08cb34b2473517608e21441>@@V<lambda_fb385d3da700c9147fc39e65dd577a8c>@@@?$__crt_seh_guarded_call@X@@QAEX$$QAV<lambda_38edbb1296d33220d7e4dd0ed76b244a>@@AAV<lambda_5ce1d447e08cb34b2473517608e21441>@@$$QAV<lambda_fb385d3da700c9147fc39e65dd577a8c>@@@Z 10026aa8     libucrt:per_thread_data.obj
 0002:00007ac8       __sehtable$??$?RV<lambda_6affb1475c98b40b75cdec977db92e3c>@@AAV<lambda_b8d4b9c228a6ecc3f80208dbb4b4a104>@@V<lambda_608742c3c92a14382c1684fc64f96c88>@@@?$__crt_seh_guarded_call@X@@QAEX$$QAV<lambda_6affb1475c98b40b75cdec977db92e3c>@@AAV<lambda_b8d4b9c228a6ecc3f80208dbb4b4a104>@@$$QAV<lambda_608742c3c92a14382c1684fc64f96c88>@@@Z 10026ac8     libucrt:per_thread_data.obj
 0002:00007ae8       __sehtable$??$?RV<lambda_e5124f882df8998aaf41531e079ba474>@@AAV<lambda_3e16ef9562a7dcce91392c22ab16ea36>@@V<lambda_e25ca0880e6ef98be67edffd8c599615>@@@?$__crt_seh_guarded_call@X@@QAEX$$QAV<lambda_e5124f882df8998aaf41531e079ba474>@@AAV<lambda_3e16ef9562a7dcce91392c22ab16ea36>@@$$QAV<lambda_e25ca0880e6ef98be67edffd8c599615>@@@Z 10026ae8     libucrt:wsetlocale.obj
 0002:00007b08       __sehtable$___acrt_initialize_lowio 10026b08     libucrt:ioinit.obj
 0002:00007b28       __sehtable$?update_thread_multibyte_data_internal@@YAPAU__crt_multibyte_data@@QAU__acrt_ptd@@QAU1@@Z 10026b28     libucrt:mbctype.obj
 0002:00007b48       __sehtable$??$?RV<lambda_ceb1ee4838e85a9d631eb091e2fbe199>@@AAV<lambda_ae742caa10f662c28703da3d2ea5e57e>@@V<lambda_cd08b5d6af4937fe54fc07d0c9bf6b37>@@@?$__crt_seh_guarded_call@X@@QAEX$$QAV<lambda_ceb1ee4838e85a9d631eb091e2fbe199>@@AAV<lambda_ae742caa10f662c28703da3d2ea5e57e>@@$$QAV<lambda_cd08b5d6af4937fe54fc07d0c9bf6b37>@@@Z 10026b48     libucrt:mbctype.obj
 0002:00007b68       __sehtable$_raise          10026b68     libucrt:signal.obj
 0002:00007b88       __sehtable$??$?RV<lambda_cbab9ec6f41b0180b23cc171c22676b0>@@AAV<lambda_44731a7d0e6d81c3e6aa82d741081786>@@V<lambda_4b292cb8dd18144e164572427af410ab>@@@?$__crt_seh_guarded_call@P6AXH@Z@@QAEP6AXH@Z$$QAV<lambda_cbab9ec6f41b0180b23cc171c22676b0>@@AAV<lambda_44731a7d0e6d81c3e6aa82d741081786>@@$$QAV<lambda_4b292cb8dd18144e164572427af410ab>@@@Z 10026b88     libucrt:signal.obj
 0002:00007ba8       __sehtable$___acrt_update_thread_locale_data 10026ba8     libucrt:locale_refcounting.obj
 0002:00007bc8       __sehtable$__fcloseall     10026bc8     libucrt:closeall.obj
 0002:00007be8       __sehtable$??$?RV<lambda_2866be3712abc81a800a822484c830d8>@@AAV<lambda_39ca0ed439415581b5b15c265174cece>@@V<lambda_2b24c74d71094a6cd0cb82e44167d71b>@@@?$__crt_seh_guarded_call@X@@QAEX$$QAV<lambda_2866be3712abc81a800a822484c830d8>@@AAV<lambda_39ca0ed439415581b5b15c265174cece>@@$$QAV<lambda_2b24c74d71094a6cd0cb82e44167d71b>@@@Z 10026be8     libucrt:fflush.obj
 0002:00007c08       __sehtable$??$?RV<lambda_2cc53f568c5a2bb6f192f930a45d44ea>@@AAV<lambda_ab61a845afdef5b7c387490eaf3616ee>@@V<lambda_c2ffc0b7726aa6be21d5f0026187e748>@@@?$__crt_seh_guarded_call@X@@QAEX$$QAV<lambda_2cc53f568c5a2bb6f192f930a45d44ea>@@AAV<lambda_ab61a845afdef5b7c387490eaf3616ee>@@$$QAV<lambda_c2ffc0b7726aa6be21d5f0026187e748>@@@Z 10026c08     libucrt:fflush.obj
 0002:00007c28       __sehtable$___acrt_lowio_ensure_fh_exists 10026c28     libucrt:osfinfo.obj
 0002:00007c48       __sehtable$__write         10026c48     libucrt:write.obj
 0002:00007c68       __sehtable$_fclose         10026c68     libucrt:fclose.obj
 0002:00007c88       __sehtable$??$?RV<lambda_9e9de3de5fa147e2223d7db92bc10aa6>@@AAV<lambda_38ce7e780aa69e748d6df282ebc68efe>@@V<lambda_8ca6da459f0f6780f1cff60fdc3d00e5>@@@?$__crt_seh_guarded_call@H@@QAEH$$QAV<lambda_9e9de3de5fa147e2223d7db92bc10aa6>@@AAV<lambda_38ce7e780aa69e748d6df282ebc68efe>@@$$QAV<lambda_8ca6da459f0f6780f1cff60fdc3d00e5>@@@Z 10026c88     libucrt:commit.obj
 0002:00007ca8       __sehtable$??$?RV<lambda_218ce3db14220d0be481dae8ef3383b6>@@AAV<lambda_628dfdc04ba53c8bfc02c9951375f3f5>@@V<lambda_57dc472bd5c9d5f3b2cbca59b8a843ae>@@@?$__crt_seh_guarded_call@H@@QAEH$$QAV<lambda_218ce3db14220d0be481dae8ef3383b6>@@AAV<lambda_628dfdc04ba53c8bfc02c9951375f3f5>@@$$QAV<lambda_57dc472bd5c9d5f3b2cbca59b8a843ae>@@@Z 10026ca8     libucrt:close.obj
 0002:00007cc8       __sehtable$__IsNonwritableInCurrentImage 10026cc8     LIBCMT:pesect.obj
 0002:00007cf0       .edata                     10026cf0     OPOSImageScanner.exp
 0002:00007d18       rgpv                       10026d18     OPOSImageScanner.exp
 0002:00007d28       rgszName                   10026d28     OPOSImageScanner.exp
 0002:00007d38       rgwOrd                     10026d38     OPOSImageScanner.exp
 0002:00007d40       szName                     10026d40     OPOSImageScanner.exp
 0002:00007d55       $N00001                    10026d55     OPOSImageScanner.exp
 0002:00007d65       $N00002                    10026d65     OPOSImageScanner.exp
 0002:00007d77       $N00003                    10026d77     OPOSImageScanner.exp
 0002:00007d89       $N00004                    10026d89     OPOSImageScanner.exp
 0002:000083a4       .idata$6                   100273a4     kernel32:KERNEL32.dll
 0002:000085b8       .idata$6                   100275b8     user32:USER32.dll
 0002:000086ec       .idata$6                   100276ec     gdi32:GDI32.dll
 0002:00008792       .idata$6                   10027792     advapi32:ADVAPI32.dll
 0002:000088ae       .idata$6                   100278ae     ole32:ole32.dll
 0002:000088b8       .idata$6                   100278b8     oleaut32:OLEAUT32.dll
 0003:00000110       ?ObjectMap@@3PAU_ATL_OBJMAP_ENTRY30@ATL@@A 10028110     ImageScanner.obj
 0003:000001bc       ?s_RequiredMethodsPerRelease@@3PAHA 100281bc     ImageScannerImpl.obj
 0003:000001c0       ?s_SOMethodNames@@3PAPADA  100281c0     ImageScannerImpl.obj
 0003:00000230       ?__vcrt_flsindex@@3KA      10028230     libvcruntime:per_thread_data.obj
 0003:00000250       ?errno_no_memory@@3HA      10028250     libucrt:errno.obj
 0003:00000254       ?doserrno_no_memory@@3KA   10028254     libucrt:errno.obj
 0003:00000260       ?__acrt_flsindex@@3KA      10028260     libucrt:per_thread_data.obj
 0003:000003d8       __mbctypes                 100283d8     libucrt:mbctype.obj
 0003:000004e0       __mbcasemaps               100284e0     libucrt:mbctype.obj
 0003:000005e0       ?__rgctypeflag@@3PADA      100285e0     libucrt:mbctype.obj
 0003:000005e8       ?__rgcode_page_info@@3PAUcode_page_info@@A 100285e8     libucrt:mbctype.obj
 0003:00000af0       ?is_initialized_as_dll@@3_NA 10028af0     LIBCMT:utility.obj
 0003:00000af1       ?module_local_atexit_table_initialized@@3_NA 10028af1     LIBCMT:utility.obj
 0003:00000af4       ?module_local_atexit_table@@3U_onexit_table_t@@A 10028af4     LIBCMT:utility.obj
 0003:00000b00       ?module_local_at_quick_exit_table@@3U_onexit_table_t@@A 10028b00     LIBCMT:utility.obj
 0003:00000b0c       ?_Tss_mutex@@3U_RTL_CRITICAL_SECTION@@A 10028b0c     LIBCMT:thread_safe_statics.obj
 0003:00000b24       ?_Tss_cv@@3U_RTL_CONDITION_VARIABLE@@A 10028b24     LIBCMT:thread_safe_statics.obj
 0003:00000b28       ?_Tss_event@@3PAXA         10028b28     LIBCMT:thread_safe_statics.obj
 0003:00000b2c       ?encoded_sleep_condition_variable_cs@@3P6GHPAU_RTL_CONDITION_VARIABLE@@PAU_RTL_CRITICAL_SECTION@@K@ZA 10028b2c     LIBCMT:thread_safe_statics.obj
 0003:00000b30       ?encoded_wake_all_condition_variable@@3P6GXPAU_RTL_CONDITION_VARIABLE@@@ZA 10028b30     LIBCMT:thread_safe_statics.obj
 0003:00000b38       _GS_ExceptionRecord        10028b38     LIBCMT:gs_report.obj
 0003:00000b88       _GS_ContextRecord          10028b88     LIBCMT:gs_report.obj
 0003:00000e58       ?__proc_attached@@3HA      10028e58     LIBCMT:dll_dllmain.obj
 0003:00000eb4       ?AllocateData@@3P6GPAUAtlThunkData_t@@XZA 10028eb4     atls:atlthunk.obj
 0003:00000eb8       ?InitData@@3P6GXPAUAtlThunkData_t@@PAXI@ZA 10028eb8     atls:atlthunk.obj
 0003:00000ebc       ?DataToCode@@3P6GP6GJPAUHWND__@@IIJ@ZPAUAtlThunkData_t@@@ZA 10028ebc     atls:atlthunk.obj
 0003:00000ec0       ?FreeData@@3P6GXPAUAtlThunkData_t@@@ZA 10028ec0     atls:atlthunk.obj
 0003:00000ec4       ?Initialized@@3_NA         10028ec4     atls:atlthunk.obj
 0003:00000ed0       ?__vcrt_startup_thread_ptd@@3U__vcrt_ptd@@A 10028ed0     libvcruntime:per_thread_data.obj
 0003:00000ef8       ___vcrt_lock_table         10028ef8     libvcruntime:locks.obj
 0003:00000f10       ___vcrt_locks_initialized  10028f10     libvcruntime:locks.obj
 0003:00000f14       ?module_handles@@3PAPAUHINSTANCE__@@A 10028f14     libvcruntime:winapi_downlevel.obj
 0003:00000f20       ?encoded_function_pointers@@3PAPAXA 10028f20     libvcruntime:winapi_downlevel.obj
 0003:00000f5c       ?heap@@3V_HeapManager@@A   10028f5c     libvcruntime:undname.obj
 0003:00000f74       ?__acrt_invalid_parameter_handler@@3V?$dual_state_global@P6AXPB_W00II@Z@__crt_state_management@@A 10028f74     libucrt:invalid_parameter.obj
 0003:00000f78       ?c_termination_complete@@3JA 10028f78     libucrt:exit.obj
 0003:00000f7c       ?thread_local_exit_callback_func@@3P6GXPAXK0@ZA 10028f7c     libucrt:exit.obj
 0003:00000f88       ?program_name@?1???$common_configure_argv@D@@YAHW4_crt_argv_mode@@@Z@4PADA 10028f88     libucrt:argv_parsing.obj
 0003:000010b8       ?__acrt_new_handler@@3V?$dual_state_global@P6AHI@Z@__crt_state_management@@A 100290b8     libucrt:new_handler.obj
 0003:000010c0       ?module_handles@@3PAPAUHINSTANCE__@@A 100290c0     libucrt:winapi_thunks.obj
 0003:00001110       ?encoded_function_pointers@@3PAPAXA 10029110     libucrt:winapi_thunks.obj
 0003:000011a0       ?enable_percent_n@@3IA     100291a0     libucrt:printf_count_output.obj
 0003:000013c0       ?__acrt_lock_table@@3PAU_RTL_CRITICAL_SECTION@@A 100293c0     libucrt:locks.obj
 0003:00001510       ?__acrt_locks_initialized@@3IA 10029510     libucrt:locks.obj
 0003:00001520       ?fSystemSet@@3HA           10029520     libucrt:mbctype.obj
 0003:00001524       ?initialized@?1??__acrt_initialize_multibyte@@9@4_NA 10029524     libucrt:mbctype.obj
 0003:00001544       ?ctrlc_action@@3V?$dual_state_global@P6AXH@Z@__crt_state_management@@A 10029544     libucrt:signal.obj
 0003:00001548       ?ctrlbreak_action@@3V?$dual_state_global@P6AXH@Z@__crt_state_management@@A 10029548     libucrt:signal.obj
 0003:0000154c       ?abort_action@@3V?$dual_state_global@P6AXH@Z@__crt_state_management@@A 1002954c     libucrt:signal.obj
 0003:00001550       ?term_action@@3V?$dual_state_global@P6AXH@Z@__crt_state_management@@A 10029550     libucrt:signal.obj
 0003:00001554       ?user_matherr@@3V?$dual_state_global@P6AHPAU_exception@@@Z@__crt_state_management@@A 10029554     libucrt:matherr.obj
 0003:00001558       ?__acrt_global_new_mode@@3V?$dual_state_global@J@__crt_state_management@@A 10029558     libucrt:new_mode.obj
 0003:00001564       ?__acrt_app_type@@3W4_crt_app_type@@A 10029564     libucrt:report_runtime_error.obj
 0003:0000156c       __pmatherr_set             1002956c     libucrt:libm_error.obj
 0004:00000220       $R000000                   1002a220     ImageScanner.res
 0004:00000ba0       $R000980                   1002aba0     ImageScanner.res
 0004:00000c88       $R000A68                   1002ac88     ImageScanner.res
 0004:00000ef0       $R000CD0                   1002aef0     ImageScanner.res
 0004:000013d0       $R0011B0                   1002b3d0     ImageScanner.res
 0004:000043b8       $R004198                   1002e3b8     ImageScanner.res
 0004:000043f0       $R0041D0                   1002e3f0     ImageScanner.res
