 OPOSLights

 Timestamp is 61ea1921 (Fri Jan 21 11:23:29 2022)

 Preferred load address is 10000000

 Start         Length     Name                   Class
 0001:00000000 00000080H .text$di                CODE
 0001:00000080 0001e8d8H .text$mn                CODE
 0001:0001e958 000000d8H .text$x                 CODE
 0001:0001ea30 00000042H .text$yd                CODE
 0002:00000000 000002fcH .idata$5                DATA
 0002:000002fc 00000008H .00cfg                  DATA
 0002:00000304 00000004H .CRT$XCA                DATA
 0002:00000308 00000004H .CRT$XCL                DATA
 0002:0000030c 00000010H .CRT$XCU                DATA
 0002:0000031c 00000004H .CRT$XCZ                DATA
 0002:00000320 00000004H .CRT$XIA                DATA
 0002:00000324 00000010H .CRT$XIC                DATA
 0002:00000334 00000004H .CRT$XIZ                DATA
 0002:00000338 00000004H .CRT$XLA                DATA
 0002:0000033c 00000004H .CRT$XLZ                DATA
 0002:00000340 00000004H .CRT$XPA                DATA
 0002:00000344 00000008H .CRT$XPX                DATA
 0002:0000034c 00000004H .CRT$XPXA               DATA
 0002:00000350 00000004H .CRT$XPZ                DATA
 0002:00000354 00000004H .CRT$XTA                DATA
 0002:00000358 00000008H .CRT$XTZ                DATA
 0002:0000035c 00000000H .gfids$y                DATA
 0002:00000360 00006da0H .rdata                  DATA
 0002:00007100 00000000H .rdata$CastGuardVftablesA DATA
 0002:00007100 00000000H .rdata$CastGuardVftablesC DATA
 0002:00007100 00000018H .rdata$T                DATA
 0002:00007118 00000178H .rdata$r                DATA
 0002:00007290 0000002cH .rdata$sxdata           DATA
 0002:000072bc 00000030H .rdata$voltmd           DATA
 0002:000072ec 00000408H .rdata$zzzdbg           DATA
 0002:000076f4 00000004H .rtc$IAA                DATA
 0002:000076f8 00000004H .rtc$IZZ                DATA
 0002:000076fc 00000004H .rtc$TAA                DATA
 0002:00007700 00000004H .rtc$TZZ                DATA
 0002:00007704 00000004H .tls                    DATA
 0002:00007708 00000004H .tls$                   DATA
 0002:0000770c 00000004H .tls$ZZZ                DATA
 0002:00007710 000006dcH .xdata$x                DATA
 0002:00007dec 00000004H ATL$__a                 DATA
 0002:00007df0 00000010H ATL$__z                 DATA
 0002:00007e00 000000a8H .edata                  DATA
 0002:00007ea8 00000078H .idata$2                DATA
 0002:00007f20 00000014H .idata$3                DATA
 0002:00007f34 000002fcH .idata$4                DATA
 0002:00008230 00000bceH .idata$6                DATA
 0003:00000000 00000aa0H .data                   DATA
 0003:00000aa0 00000080H .data$r                 DATA
 0003:00000b20 00000018H .data$rs                DATA
 0003:00000b38 00000b80H .bss                    DATA
 0004:00000000 00000220H .rsrc$01                DATA
 0004:00000220 00003aa0H .rsrc$02                DATA

  Address         Publics by Value              Rva+Base       Lib:Object

 0000:00000000       ___guard_fids_count        00000000     <absolute>
 0000:00000000       ___guard_eh_cont_table     00000000     <absolute>
 0000:00000000       ___guard_longjmp_table     00000000     <absolute>
 0000:00000000       ___arm64x_extra_rfe_table  00000000     <absolute>
 0000:00000000       ___arm64x_redirection_metadata 00000000     <absolute>
 0000:00000000       ___guard_iat_count         00000000     <absolute>
 0000:00000000       ___guard_eh_cont_count     00000000     <absolute>
 0000:00000000       __except_list              00000000     <absolute>
 0000:00000000       ___x64_code_ranges_to_entry_points_count 00000000     <absolute>
 0000:00000000       ___hybrid_code_map_count   00000000     <absolute>
 0000:00000000       ___x64_code_ranges_to_entry_points 00000000     <absolute>
 0000:00000000       ___guard_iat_table         00000000     <absolute>
 0000:00000000       ___arm64x_native_entrypoint 00000000     <absolute>
 0000:00000000       ___hybrid_code_map         00000000     <absolute>
 0000:00000000       ___arm64x_extra_rfe_table_size 00000000     <absolute>
 0000:00000000       ___guard_longjmp_count     00000000     <absolute>
 0000:00000000       ___guard_check_icall_a64n_fptr 00000000     <absolute>
 0000:00000000       ___arm64x_redirection_metadata_count 00000000     <absolute>
 0000:00000000       ___hybrid_auxiliary_iat    00000000     <absolute>
 0000:00000000       ___dynamic_value_reloc_table 00000000     <absolute>
 0000:00000000       ___AbsoluteZero            00000000     <absolute>
 0000:00000000       ___enclave_config          00000000     <absolute>
 0000:00000000       ___guard_fids_table        00000000     <absolute>
 0000:00000000       ___hybrid_auxiliary_iat_copy 00000000     <absolute>
 0000:0000000b       ___safe_se_handler_count   0000000b     <absolute>
 0000:0000002c       __tls_array                0000002c     <absolute>
 0000:00000100       ___guard_flags             00000100     <absolute>
 0000:00000000       ___ImageBase               10000000     <linker-defined>
 0001:00000080       ?DupWide@_CW@@AAEXXZ       10001080 f   CWString.obj
 0001:0000009c       ?cw_dup@@YGXPBDAAHAAPA_W1@Z 1000109c f   CWString.obj
 0001:00000124       ?cw_memcpy@@YGHPA_WPBDH@Z  10001124 f   CWString.obj
 0001:00000150       ?cw_strcpy@@YAHPA_WPBD@Z   10001150 f   CWString.obj
 0001:00000163       ?cw_strlen@@YAHPBD@Z       10001163 f   CWString.obj
 0001:0000017c       ??0CAtlComModule@ATL@@QAE@XZ 1000117c f i OposVariant.obj
 0001:000001c1       ??0CAtlWinModule@ATL@@QAE@XZ 100011c1 f i OposVariant.obj
 0001:000001f8       ??0OposDispParms@@QAE@PAVOposVariant@@H@Z 100011f8 f   OposVariant.obj
 0001:00000269       ??1OposDispParms@@QAE@XZ   10001269 f   OposVariant.obj
 0001:00000277       ??A?$CSimpleArray@GV?$CSimpleArrayEqualHelper@G@ATL@@@ATL@@QAEAAGH@Z 10001277 f i OposVariant.obj
 0001:0000029c       ??_Estringdispid@CComTypeInfoHolder@ATL@@QAEPAXI@Z 1000129c f i OposVariant.obj
 0001:00000308       ?AtlWinModuleInit@ATL@@YGJPAU_ATL_WIN_MODULE70@1@@Z 10001308 f i OposVariant.obj
 0001:0000032e       ?AtlWinModuleTerm@ATL@@YGJPAU_ATL_WIN_MODULE70@1@PAUHINSTANCE__@@@Z 1000132e f i OposVariant.obj
 0001:00000391       ?ChangeBSTR@OposVariant@@QAEXPAPA_WAAJ@Z 10001391 f   OposVariant.obj
 0001:000003d2       ?ChangeLONG@OposVariant@@QAEXPAJAAJ@Z 100013d2 f   OposVariant.obj
 0001:00000413       ?GetLONG@OposVariant@@QAEJXZ 10001413 f   OposVariant.obj
 0001:0000042e       ?Init@CComCriticalSection@ATL@@QAEJXZ 1000142e f i OposVariant.obj
 0001:00000456       ?RemoveAll@?$CSimpleArray@PAUHINSTANCE__@@V?$CSimpleArrayEqualHelper@PAUHINSTANCE__@@@ATL@@@ATL@@QAEXXZ 10001456 f i atls:atlbase.obj
 0001:00000456       ?RemoveAll@?$CSimpleArray@GV?$CSimpleArrayEqualHelper@G@ATL@@@ATL@@QAEXXZ 10001456 f i OposVariant.obj
 0001:00000473       ?SetBSTR@OposVariant@@QAEXPA_WAAJ@Z 10001473 f   OposVariant.obj
 0001:000004a7       ?SetBSTR_Copy@OposVariant@@QAEXPA_WAAJ@Z 100014a7 f   OposVariant.obj
 0001:000004f7       ?SetBSTR_InOutPtr@OposVariant@@QAE_NPAPA_WAAJ@Z 100014f7 f   OposVariant.obj
 0001:0000052e       ?SetDispatch_Ptr@OposVariant@@QAEXPAUIDispatch@@AAJ@Z 1000152e f   OposVariant.obj
 0001:00000569       ?SetLONG@OposVariant@@QAEXJ@Z 10001569 f   OposVariant.obj
 0001:0000058b       ?SetLONG_Ptr@OposVariant@@QAEXPAJAAJ@Z 1000158b f   OposVariant.obj
 0001:000005be       ?SetString@OposVariant@@QAEXPB_WAAJ@Z 100015be f   OposVariant.obj
 0001:00000604       ?SetVARIANT_BOOL@OposVariant@@QAEXF@Z 10001604 f   OposVariant.obj
 0001:0000062e       ?Term@CAtlComModule@ATL@@QAEXXZ 1000162e f i OposVariant.obj
 0001:00000678       ?_AtlRaiseException@ATL@@YAXKK@Z 10001678 f i OposVariant.obj
 0001:0000068d       ?OnDrawAdvanced@CComControlBase@ATL@@UAEJAAUATL_DRAWINFO@@@Z 1000168d f i Lights.obj
 0001:00000780       ?Next@?$CComEnumImpl@UIEnumConnections@@$1?_GUID_b196b287_bab4_101a_b69c_00aa00341d07@@3U__s_GUID@@BUtagCONNECTDATA@@V?$_Copy@UtagCONNECTDATA@@@ATL@@@ATL@@UAGJKPAUtagCONNECTDATA@@PAK@Z 10001780 f i Lights.obj
 0001:0000084f       ?Skip@?$CComEnumImpl@UIEnumConnections@@$1?_GUID_b196b287_bab4_101a_b69c_00aa00341d07@@3U__s_GUID@@BUtagCONNECTDATA@@V?$_Copy@UtagCONNECTDATA@@@ATL@@@ATL@@UAGJK@Z 1000184f f i Lights.obj
 0001:0000087c       ?Reset@?$CComEnumImpl@UIEnumConnectionPoints@@$1?_GUID_b196b285_bab4_101a_b69c_00aa00341d07@@3U__s_GUID@@BPAUIConnectionPoint@@V?$_CopyInterface@UIConnectionPoint@@@ATL@@@ATL@@UAGJXZ 1000187c f i Lights.obj
 0001:0000087c       ?Reset@?$CComEnumImpl@UIEnumConnections@@$1?_GUID_b196b287_bab4_101a_b69c_00aa00341d07@@3U__s_GUID@@BUtagCONNECTDATA@@V?$_Copy@UtagCONNECTDATA@@@ATL@@@ATL@@UAGJXZ 1000187c f i Lights.obj
 0001:0000088e       ?Clone@?$CComEnumImpl@UIEnumConnections@@$1?_GUID_b196b287_bab4_101a_b69c_00aa00341d07@@3U__s_GUID@@BUtagCONNECTDATA@@V?$_Copy@UtagCONNECTDATA@@@ATL@@@ATL@@UAGJPAPAUIEnumConnections@@@Z 1000188e f i Lights.obj
 0001:0000096f       ?AddRef@?$CComObject@V?$CComEnum@UIEnumConnections@@$1?_GUID_b196b287_bab4_101a_b69c_00aa00341d07@@3U__s_GUID@@BUtagCONNECTDATA@@V?$_Copy@UtagCONNECTDATA@@@ATL@@VCComSingleThreadModel@6@@ATL@@@ATL@@UAGKXZ 1000196f f i Lights.obj
 0001:0000096f       ?AddRef@?$CComObject@V?$CComEnum@UIEnumConnectionPoints@@$1?_GUID_b196b285_bab4_101a_b69c_00aa00341d07@@3U__s_GUID@@BPAUIConnectionPoint@@V?$_CopyInterface@UIConnectionPoint@@@ATL@@VCComSingleThreadModel@6@@ATL@@@ATL@@UAGKXZ 1000196f f i Lights.obj
 0001:00000980       ?Release@?$CComObject@V?$CComEnum@UIEnumConnectionPoints@@$1?_GUID_b196b285_bab4_101a_b69c_00aa00341d07@@3U__s_GUID@@BPAUIConnectionPoint@@V?$_CopyInterface@UIConnectionPoint@@@ATL@@VCComSingleThreadModel@6@@ATL@@@ATL@@UAGKXZ 10001980 f i Lights.obj
 0001:00000980       ?Release@?$CComObject@V?$CComEnum@UIEnumConnections@@$1?_GUID_b196b287_bab4_101a_b69c_00aa00341d07@@3U__s_GUID@@BUtagCONNECTDATA@@V?$_Copy@UtagCONNECTDATA@@@ATL@@VCComSingleThreadModel@6@@ATL@@@ATL@@UAGKXZ 10001980 f i Lights.obj
 0001:000009bc       ?QueryInterface@?$CComObject@V?$CComEnum@UIEnumConnections@@$1?_GUID_b196b287_bab4_101a_b69c_00aa00341d07@@3U__s_GUID@@BUtagCONNECTDATA@@V?$_Copy@UtagCONNECTDATA@@@ATL@@VCComSingleThreadModel@6@@ATL@@@ATL@@UAGJABU_GUID@@PAPAX@Z 100019bc f i Lights.obj
 0001:000009d6       ??_G?$CComObject@V?$CComEnum@UIEnumConnections@@$1?_GUID_b196b287_bab4_101a_b69c_00aa00341d07@@3U__s_GUID@@BUtagCONNECTDATA@@V?$_Copy@UtagCONNECTDATA@@@ATL@@VCComSingleThreadModel@6@@ATL@@@ATL@@UAEPAXI@Z 100019d6 f i Lights.obj
 0001:000009d6       ??_E?$CComObject@V?$CComEnum@UIEnumConnections@@$1?_GUID_b196b287_bab4_101a_b69c_00aa00341d07@@3U__s_GUID@@BUtagCONNECTDATA@@V?$_Copy@UtagCONNECTDATA@@@ATL@@VCComSingleThreadModel@6@@ATL@@@ATL@@UAEPAXI@Z 100019d6 f i Lights.obj
 0001:000009f8       ?OnFinalMessage@?$CWindowImplBaseT@VCWindow@ATL@@V?$CWinTraits@$0FGAAAAAA@$0A@@2@@ATL@@UAEXPAUHWND__@@@Z 100019f8 f i Lights.obj
 0001:000009f8       ?ObjectMain@CComObjectRootBase@ATL@@SGX_N@Z 100019f8 f i Lights.obj
 0001:000009fb       ?GetObjectDescription@?$CComCoClass@VCOPOSLights@@$1?CLSID_OPOSLights@@3U_GUID@@B@ATL@@SGPB_WXZ 100019fb f i Lights.obj
 0001:000009fb       ?GetCategoryMap@CComObjectRootBase@ATL@@SAPBU_ATL_CATMAP_ENTRY@2@XZ 100019fb f i Lights.obj
 0001:000009fe       ?CreateInstance@CComClassFactory@ATL@@UAGJPAUIUnknown@@ABU_GUID@@PAPAX@Z 100019fe f i Lights.obj
 0001:00000a3c       ?LockServer@CComClassFactory@ATL@@UAGJH@Z 10001a3c f i Lights.obj
 0001:00000a5b       ??_GCComClassFactory@ATL@@UAEPAXI@Z 10001a5b f i Lights.obj
 0001:00000a5b       ??_ECComClassFactory@ATL@@UAEPAXI@Z 10001a5b f i Lights.obj
 0001:00000a86       ??_E?$CComObject@VCOPOSLights@@@ATL@@W3AEPAXI@Z 10001a86 f i Lights.obj
 0001:00000a8e       ??_E?$CComObject@VCOPOSLights@@@ATL@@WEM@AEPAXI@Z 10001a8e f i Lights.obj
 0001:00000a96       ?QueryInterface@?$CComObject@VCOPOSLights@@@ATL@@WHA@AGJABU_GUID@@PAPAX@Z 10001a96 f i Lights.obj
 0001:00000aa0       ?AddRef@?$CComObject@VCOPOSLights@@@ATL@@WHA@AGKXZ 10001aa0 f i Lights.obj
 0001:00000aaa       ?Release@?$CComObject@VCOPOSLights@@@ATL@@WHA@AGKXZ 10001aaa f i Lights.obj
 0001:00000ab4       ?QueryInterface@?$CComObject@VCOPOSLights@@@ATL@@WHE@AGJABU_GUID@@PAPAX@Z 10001ab4 f i Lights.obj
 0001:00000abe       ?AddRef@?$CComObject@VCOPOSLights@@@ATL@@WHE@AGKXZ 10001abe f i Lights.obj
 0001:00000ac8       ?Release@?$CComObject@VCOPOSLights@@@ATL@@WHE@AGKXZ 10001ac8 f i Lights.obj
 0001:00000ad2       ?QueryInterface@?$CComObject@VCOPOSLights@@@ATL@@WHI@AGJABU_GUID@@PAPAX@Z 10001ad2 f i Lights.obj
 0001:00000adc       ?AddRef@?$CComObject@VCOPOSLights@@@ATL@@WHI@AGKXZ 10001adc f i Lights.obj
 0001:00000ae6       ?Release@?$CComObject@VCOPOSLights@@@ATL@@WHI@AGKXZ 10001ae6 f i Lights.obj
 0001:00000af0       ?QueryInterface@?$CComObject@VCOPOSLights@@@ATL@@WHM@AGJABU_GUID@@PAPAX@Z 10001af0 f i Lights.obj
 0001:00000afa       ?AddRef@?$CComObject@VCOPOSLights@@@ATL@@WHM@AGKXZ 10001afa f i Lights.obj
 0001:00000b04       ?Release@?$CComObject@VCOPOSLights@@@ATL@@WHM@AGKXZ 10001b04 f i Lights.obj
 0001:00000b0e       ?QueryInterface@?$CComObject@VCOPOSLights@@@ATL@@WIA@AGJABU_GUID@@PAPAX@Z 10001b0e f i Lights.obj
 0001:00000b1b       ?AddRef@?$CComObject@VCOPOSLights@@@ATL@@WIA@AGKXZ 10001b1b f i Lights.obj
 0001:00000b28       ?Release@?$CComObject@VCOPOSLights@@@ATL@@WIA@AGKXZ 10001b28 f i Lights.obj
 0001:00000b35       ?QueryInterface@?$CComObject@VCOPOSLights@@@ATL@@WIE@AGJABU_GUID@@PAPAX@Z 10001b35 f i Lights.obj
 0001:00000b42       ?AddRef@?$CComObject@VCOPOSLights@@@ATL@@WIE@AGKXZ 10001b42 f i Lights.obj
 0001:00000b4f       ?Release@?$CComObject@VCOPOSLights@@@ATL@@WIE@AGKXZ 10001b4f f i Lights.obj
 0001:00000b5c       ?QueryInterface@?$CComObject@VCOPOSLights@@@ATL@@WII@AGJABU_GUID@@PAPAX@Z 10001b5c f i Lights.obj
 0001:00000b69       ?AddRef@?$CComObject@VCOPOSLights@@@ATL@@WII@AGKXZ 10001b69 f i Lights.obj
 0001:00000b76       ?Release@?$CComObject@VCOPOSLights@@@ATL@@WII@AGKXZ 10001b76 f i Lights.obj
 0001:00000b83       ?QueryInterface@?$CComObject@VCOPOSLights@@@ATL@@WIM@AGJABU_GUID@@PAPAX@Z 10001b83 f i Lights.obj
 0001:00000b90       ?AddRef@?$CComObject@VCOPOSLights@@@ATL@@WIM@AGKXZ 10001b90 f i Lights.obj
 0001:00000b9d       ?Release@?$CComObject@VCOPOSLights@@@ATL@@WIM@AGKXZ 10001b9d f i Lights.obj
 0001:00000baa       ?QueryInterface@?$CComObject@VCOPOSLights@@@ATL@@WJA@AGJABU_GUID@@PAPAX@Z 10001baa f i Lights.obj
 0001:00000bb7       ?AddRef@?$CComObject@VCOPOSLights@@@ATL@@WJA@AGKXZ 10001bb7 f i Lights.obj
 0001:00000bc4       ?Release@?$CComObject@VCOPOSLights@@@ATL@@WJA@AGKXZ 10001bc4 f i Lights.obj
 0001:00000bd1       ?QueryInterface@?$CComObject@VCOPOSLights@@@ATL@@WJE@AGJABU_GUID@@PAPAX@Z 10001bd1 f i Lights.obj
 0001:00000bde       ?AddRef@?$CComObject@VCOPOSLights@@@ATL@@WJE@AGKXZ 10001bde f i Lights.obj
 0001:00000beb       ?Release@?$CComObject@VCOPOSLights@@@ATL@@WJE@AGKXZ 10001beb f i Lights.obj
 0001:00000bf8       ?QueryInterface@?$CComObject@VCOPOSLights@@@ATL@@WJI@AGJABU_GUID@@PAPAX@Z 10001bf8 f i Lights.obj
 0001:00000c05       ?AddRef@?$CComObject@VCOPOSLights@@@ATL@@WJI@AGKXZ 10001c05 f i Lights.obj
 0001:00000c12       ?Release@?$CComObject@VCOPOSLights@@@ATL@@WJI@AGKXZ 10001c12 f i Lights.obj
 0001:00000c1f       ?QueryInterface@?$CComObject@VCOPOSLights@@@ATL@@WJM@AGJABU_GUID@@PAPAX@Z 10001c1f f i Lights.obj
 0001:00000c2c       ?AddRef@?$CComObject@VCOPOSLights@@@ATL@@WJM@AGKXZ 10001c2c f i Lights.obj
 0001:00000c39       ?Release@?$CComObject@VCOPOSLights@@@ATL@@WJM@AGKXZ 10001c39 f i Lights.obj
 0001:00000c46       ?QueryInterface@?$CComObject@VCOPOSLights@@@ATL@@WKA@AGJABU_GUID@@PAPAX@Z 10001c46 f i Lights.obj
 0001:00000c53       ?AddRef@?$CComObject@VCOPOSLights@@@ATL@@WKA@AGKXZ 10001c53 f i Lights.obj
 0001:00000c60       ?Release@?$CComObject@VCOPOSLights@@@ATL@@WKA@AGKXZ 10001c60 f i Lights.obj
 0001:00000c6d       ?AddRef@?$CComObject@VCOPOSLights@@@ATL@@WKI@AGKXZ 10001c6d f i Lights.obj
 0001:00000c7a       ?Release@?$CComObject@VCOPOSLights@@@ATL@@WKI@AGKXZ 10001c7a f i Lights.obj
 0001:00000c87       ?AddRef@?$CComObject@VCOPOSLights@@@ATL@@WLE@AGKXZ 10001c87 f i Lights.obj
 0001:00000c94       ?Release@?$CComObject@VCOPOSLights@@@ATL@@WLE@AGKXZ 10001c94 f i Lights.obj
 0001:00000ca1       ??_E?$CComContainedObject@VCOPOSLights@@@ATL@@W3AEPAXI@Z 10001ca1 f i Lights.obj
 0001:00000ca9       ??_E?$CComContainedObject@VCOPOSLights@@@ATL@@WEM@AEPAXI@Z 10001ca9 f i Lights.obj
 0001:00000cb1       ?QueryInterface@?$CComContainedObject@VCOPOSLights@@@ATL@@WHA@AGJABU_GUID@@PAPAX@Z 10001cb1 f i Lights.obj
 0001:00000cbb       ?AddRef@?$CComContainedObject@VCOPOSLights@@@ATL@@WHA@AGKXZ 10001cbb f i Lights.obj
 0001:00000cc5       ?Release@?$CComContainedObject@VCOPOSLights@@@ATL@@WHA@AGKXZ 10001cc5 f i Lights.obj
 0001:00000ccf       ?QueryInterface@?$CComContainedObject@VCOPOSLights@@@ATL@@WHE@AGJABU_GUID@@PAPAX@Z 10001ccf f i Lights.obj
 0001:00000cd9       ?AddRef@?$CComContainedObject@VCOPOSLights@@@ATL@@WHE@AGKXZ 10001cd9 f i Lights.obj
 0001:00000ce3       ?Release@?$CComContainedObject@VCOPOSLights@@@ATL@@WHE@AGKXZ 10001ce3 f i Lights.obj
 0001:00000ced       ?QueryInterface@?$CComContainedObject@VCOPOSLights@@@ATL@@WHI@AGJABU_GUID@@PAPAX@Z 10001ced f i Lights.obj
 0001:00000cf7       ?AddRef@?$CComContainedObject@VCOPOSLights@@@ATL@@WHI@AGKXZ 10001cf7 f i Lights.obj
 0001:00000d01       ?Release@?$CComContainedObject@VCOPOSLights@@@ATL@@WHI@AGKXZ 10001d01 f i Lights.obj
 0001:00000d0b       ?QueryInterface@?$CComContainedObject@VCOPOSLights@@@ATL@@WHM@AGJABU_GUID@@PAPAX@Z 10001d0b f i Lights.obj
 0001:00000d15       ?AddRef@?$CComContainedObject@VCOPOSLights@@@ATL@@WHM@AGKXZ 10001d15 f i Lights.obj
 0001:00000d1f       ?Release@?$CComContainedObject@VCOPOSLights@@@ATL@@WHM@AGKXZ 10001d1f f i Lights.obj
 0001:00000d29       ?QueryInterface@?$CComContainedObject@VCOPOSLights@@@ATL@@WIA@AGJABU_GUID@@PAPAX@Z 10001d29 f i Lights.obj
 0001:00000d36       ?AddRef@?$CComContainedObject@VCOPOSLights@@@ATL@@WIA@AGKXZ 10001d36 f i Lights.obj
 0001:00000d43       ?Release@?$CComContainedObject@VCOPOSLights@@@ATL@@WIA@AGKXZ 10001d43 f i Lights.obj
 0001:00000d50       ?QueryInterface@?$CComContainedObject@VCOPOSLights@@@ATL@@WIE@AGJABU_GUID@@PAPAX@Z 10001d50 f i Lights.obj
 0001:00000d5d       ?AddRef@?$CComContainedObject@VCOPOSLights@@@ATL@@WIE@AGKXZ 10001d5d f i Lights.obj
 0001:00000d6a       ?Release@?$CComContainedObject@VCOPOSLights@@@ATL@@WIE@AGKXZ 10001d6a f i Lights.obj
 0001:00000d77       ?QueryInterface@?$CComContainedObject@VCOPOSLights@@@ATL@@WII@AGJABU_GUID@@PAPAX@Z 10001d77 f i Lights.obj
 0001:00000d84       ?AddRef@?$CComContainedObject@VCOPOSLights@@@ATL@@WII@AGKXZ 10001d84 f i Lights.obj
 0001:00000d91       ?Release@?$CComContainedObject@VCOPOSLights@@@ATL@@WII@AGKXZ 10001d91 f i Lights.obj
 0001:00000d9e       ?QueryInterface@?$CComContainedObject@VCOPOSLights@@@ATL@@WIM@AGJABU_GUID@@PAPAX@Z 10001d9e f i Lights.obj
 0001:00000dab       ?AddRef@?$CComContainedObject@VCOPOSLights@@@ATL@@WIM@AGKXZ 10001dab f i Lights.obj
 0001:00000db8       ?Release@?$CComContainedObject@VCOPOSLights@@@ATL@@WIM@AGKXZ 10001db8 f i Lights.obj
 0001:00000dc5       ?QueryInterface@?$CComContainedObject@VCOPOSLights@@@ATL@@WJA@AGJABU_GUID@@PAPAX@Z 10001dc5 f i Lights.obj
 0001:00000dd2       ?AddRef@?$CComContainedObject@VCOPOSLights@@@ATL@@WJA@AGKXZ 10001dd2 f i Lights.obj
 0001:00000ddf       ?Release@?$CComContainedObject@VCOPOSLights@@@ATL@@WJA@AGKXZ 10001ddf f i Lights.obj
 0001:00000dec       ?QueryInterface@?$CComContainedObject@VCOPOSLights@@@ATL@@WJE@AGJABU_GUID@@PAPAX@Z 10001dec f i Lights.obj
 0001:00000df9       ?AddRef@?$CComContainedObject@VCOPOSLights@@@ATL@@WJE@AGKXZ 10001df9 f i Lights.obj
 0001:00000e06       ?Release@?$CComContainedObject@VCOPOSLights@@@ATL@@WJE@AGKXZ 10001e06 f i Lights.obj
 0001:00000e13       ?QueryInterface@?$CComContainedObject@VCOPOSLights@@@ATL@@WJI@AGJABU_GUID@@PAPAX@Z 10001e13 f i Lights.obj
 0001:00000e20       ?AddRef@?$CComContainedObject@VCOPOSLights@@@ATL@@WJI@AGKXZ 10001e20 f i Lights.obj
 0001:00000e2d       ?Release@?$CComContainedObject@VCOPOSLights@@@ATL@@WJI@AGKXZ 10001e2d f i Lights.obj
 0001:00000e3a       ?QueryInterface@?$CComContainedObject@VCOPOSLights@@@ATL@@WJM@AGJABU_GUID@@PAPAX@Z 10001e3a f i Lights.obj
 0001:00000e47       ?AddRef@?$CComContainedObject@VCOPOSLights@@@ATL@@WJM@AGKXZ 10001e47 f i Lights.obj
 0001:00000e54       ?Release@?$CComContainedObject@VCOPOSLights@@@ATL@@WJM@AGKXZ 10001e54 f i Lights.obj
 0001:00000e61       ?QueryInterface@?$CComContainedObject@VCOPOSLights@@@ATL@@WKA@AGJABU_GUID@@PAPAX@Z 10001e61 f i Lights.obj
 0001:00000e6e       ?AddRef@?$CComContainedObject@VCOPOSLights@@@ATL@@WKA@AGKXZ 10001e6e f i Lights.obj
 0001:00000e7b       ?Release@?$CComContainedObject@VCOPOSLights@@@ATL@@WKA@AGKXZ 10001e7b f i Lights.obj
 0001:00000e88       ?AddRef@?$CComContainedObject@VCOPOSLights@@@ATL@@WKI@AGKXZ 10001e88 f i Lights.obj
 0001:00000e95       ?Release@?$CComContainedObject@VCOPOSLights@@@ATL@@WKI@AGKXZ 10001e95 f i Lights.obj
 0001:00000ea2       ?AddRef@?$CComContainedObject@VCOPOSLights@@@ATL@@WLE@AGKXZ 10001ea2 f i Lights.obj
 0001:00000eaf       ?Release@?$CComContainedObject@VCOPOSLights@@@ATL@@WLE@AGKXZ 10001eaf f i Lights.obj
 0001:00000ebc       ?GetWindowProc@?$CWindowImplBaseT@VCWindow@ATL@@V?$CWinTraits@$0FGAAAAAA@$0A@@2@@ATL@@UAEP6GJPAUHWND__@@IIJ@ZXZ 10001ebc f i Lights.obj
 0001:00000ec2       ?StartWindowProc@?$CWindowImplBaseT@VCWindow@ATL@@V?$CWinTraits@$0FGAAAAAA@$0A@@2@@ATL@@SGJPAUHWND__@@IIJ@Z 10001ec2 f i Lights.obj
 0001:00000f16       ?GetTypeInfoCount@?$IDispatchImpl@UIOPOSLights@@$1?IID_IOPOSLights@@3U_GUID@@B$1?LIBID_OposLights_CCO@@3U3@B$00$0A@VCComTypeInfoHolder@ATL@@@ATL@@UAGJPAI@Z 10001f16 f i Lights.obj
 0001:00000f33       ?GetTypeInfo@?$IDispatchImpl@UIOPOSLights@@$1?IID_IOPOSLights@@3U_GUID@@B$1?LIBID_OposLights_CCO@@3U3@B$00$0A@VCComTypeInfoHolder@ATL@@@ATL@@UAGJIKPAPAUITypeInfo@@@Z 10001f33 f i Lights.obj
 0001:00000f57       ?GetIDsOfNames@?$IDispatchImpl@UIOPOSLights@@$1?IID_IOPOSLights@@3U_GUID@@B$1?LIBID_OposLights_CCO@@3U3@B$00$0A@VCComTypeInfoHolder@ATL@@@ATL@@UAGJABU_GUID@@PAPA_WIKPAJ@Z 10001f57 f i Lights.obj
 0001:00000f77       ?Invoke@?$IDispatchImpl@UIOPOSLights@@$1?IID_IOPOSLights@@3U_GUID@@B$1?LIBID_OposLights_CCO@@3U3@B$00$0A@VCComTypeInfoHolder@ATL@@@ATL@@UAGJJABU_GUID@@KGPAUtagDISPPARAMS@@PAUtagVARIANT@@PAUtagEXCEPINFO@@PAI@Z 10001f77 f i Lights.obj
 0001:00000f85       ?CreateControlWindow@?$CComControl@VCOPOSLights@@V?$CWindowImpl@VCOPOSLights@@VCWindow@ATL@@V?$CWinTraits@$0FGAAAAAA@$0A@@3@@ATL@@@ATL@@UAEPAUHWND__@@PAU3@AAUtagRECT@@@Z 10001f85 f i Lights.obj
 0001:00000fb4       ?ControlQueryInterface@?$CComControl@VCOPOSLights@@V?$CWindowImpl@VCOPOSLights@@VCWindow@ATL@@V?$CWinTraits@$0FGAAAAAA@$0A@@3@@ATL@@@ATL@@UAEJABU_GUID@@PAPAX@Z 10001fb4 f i Lights.obj
 0001:00000fcf       ?GetClassID@?$IPersistStorageImpl@VCOPOSLights@@@ATL@@UAGJPAU_GUID@@@Z 10001fcf f i Lights.obj
 0001:00000fcf       ?GetClassID@?$IPersistStreamInitImpl@VCOPOSLights@@@ATL@@UAGJPAU_GUID@@@Z 10001fcf f i Lights.obj
 0001:00000fcf       ?GetUserClassID@?$IOleObjectImpl@VCOPOSLights@@@ATL@@UAGJPAU_GUID@@@Z 10001fcf f i Lights.obj
 0001:00000ff3       ?IsDirty@?$IPersistStreamInitImpl@VCOPOSLights@@@ATL@@UAGJXZ 10001ff3 f i Lights.obj
 0001:00001012       ?Load@?$IPersistStreamInitImpl@VCOPOSLights@@@ATL@@UAGJPAUIStream@@@Z 10002012 f i Lights.obj
 0001:00001031       ?Save@?$IPersistStreamInitImpl@VCOPOSLights@@@ATL@@UAGJPAUIStream@@H@Z 10002031 f i Lights.obj
 0001:00001053       ?GetSizeMax@?$IPersistStreamInitImpl@VCOPOSLights@@@ATL@@UAGJPAT_ULARGE_INTEGER@@@Z 10002053 f i Lights.obj
 0001:00001232       ?InitNew@?$IPersistStreamInitImpl@VCOPOSLights@@@ATL@@UAGJXZ 10002232 f i Lights.obj
 0001:0000124f       ?SOOutputCompleteDummy@COPOSLights@@MAGJJ@Z 1000224f f i Lights.obj
 0001:0000124f       ?GetControlInfo@?$IOleControlImpl@VCOPOSLights@@@ATL@@UAGJPAUtagCONTROLINFO@@@Z 1000224f f i Lights.obj
 0001:0000124f       ?SODataDummy@COPOSLights@@MAGJJ@Z 1000224f f i Lights.obj
 0001:0000124f       ?GetDropTarget@?$IOleInPlaceObjectWindowlessImpl@VCOPOSLights@@@ATL@@UAGJPAPAUIDropTarget@@@Z 1000224f f i Lights.obj
 0001:0000124f       ?Unfreeze@?$IViewObjectExImpl@VCOPOSLights@@@ATL@@UAGJK@Z 1000224f f i Lights.obj
 0001:0000124f       ?SetColorScheme@?$IOleObjectImpl@VCOPOSLights@@@ATL@@UAGJPAUtagLOGPALETTE@@@Z 1000224f f i Lights.obj
 0001:0000124f       ?ContextSensitiveHelp@?$IOleInPlaceObjectWindowlessImpl@VCOPOSLights@@@ATL@@UAGJH@Z 1000224f f i Lights.obj
 0001:0000124f       ?OnMnemonic@?$IOleControlImpl@VCOPOSLights@@@ATL@@UAGJPAUtagMSG@@@Z 1000224f f i Lights.obj
 0001:0000124f       ?ContextSensitiveHelp@?$IOleInPlaceActiveObjectImpl@VCOPOSLights@@@ATL@@UAGJH@Z 1000224f f i Lights.obj
 0001:0000124f       ?QueryGetData@?$IDataObjectImpl@VCOPOSLights@@@ATL@@UAGJPAUtagFORMATETC@@@Z 1000224f f i Lights.obj
 0001:00001257       ?SaveCompleted@?$IPersistStorageImpl@VCOPOSLights@@@ATL@@UAGJPAUIStorage@@@Z 10002257 f i Lights.obj
 0001:00001257       ?EnableModeless@?$IOleInPlaceActiveObjectImpl@VCOPOSLights@@@ATL@@UAGJH@Z 10002257 f i Lights.obj
 0001:00001257       ?OnFrameWindowActivate@?$IOleInPlaceActiveObjectImpl@VCOPOSLights@@@ATL@@UAGJH@Z 10002257 f i Lights.obj
 0001:00001257       ?OnAmbientPropertyChange@?$IOleControlImpl@VCOPOSLights@@@ATL@@UAGJJ@Z 10002257 f i Lights.obj
 0001:0000125c       ?SetClientSite@?$IOleObjectImpl@VCOPOSLights@@@ATL@@UAGJPAUIOleClientSite@@@Z 1000225c f i Lights.obj
 0001:00001279       ?GetClientSite@?$IOleObjectImpl@VCOPOSLights@@@ATL@@UAGJPAPAUIOleClientSite@@@Z 10002279 f i Lights.obj
 0001:00001296       ?SetHostNames@?$IOleObjectImpl@VCOPOSLights@@@ATL@@UAGJPB_W0@Z 10002296 f i Lights.obj
 0001:0000129b       ?Close@?$IOleObjectImpl@VCOPOSLights@@@ATL@@UAGJK@Z 1000229b f i Lights.obj
 0001:000012b8       ?GetCanonicalFormatEtc@?$IDataObjectImpl@VCOPOSLights@@@ATL@@UAGJPAUtagFORMATETC@@0@Z 100022b8 f i Lights.obj
 0001:000012b8       ?EnumFormatEtc@?$IDataObjectImpl@VCOPOSLights@@@ATL@@UAGJKPAPAUIEnumFORMATETC@@@Z 100022b8 f i Lights.obj
 0001:000012b8       ?GetRect@?$IViewObjectExImpl@VCOPOSLights@@@ATL@@UAGJKPAU_RECTL@@@Z 100022b8 f i Lights.obj
 0001:000012b8       ?GetDataHere@?$IDataObjectImpl@VCOPOSLights@@@ATL@@UAGJPAUtagFORMATETC@@PAUtagSTGMEDIUM@@@Z 100022b8 f i Lights.obj
 0001:000012b8       ?SetMoniker@?$IOleObjectImpl@VCOPOSLights@@@ATL@@UAGJKPAUIMoniker@@@Z 100022b8 f i Lights.obj
 0001:000012b8       ?QueryInterface@CRegObject@ATL@@UAGJABU_GUID@@PAPAX@Z 100022b8 f i Lights.obj
 0001:000012b8       ?GetClipboardData@?$IOleObjectImpl@VCOPOSLights@@@ATL@@UAGJKPAPAUIDataObject@@@Z 100022b8 f i Lights.obj
 0001:000012c0       ?GetMoniker@?$IOleObjectImpl@VCOPOSLights@@@ATL@@UAGJKKPAPAUIMoniker@@@Z 100022c0 f i Lights.obj
 0001:000012c0       ?InitFromData@?$IOleObjectImpl@VCOPOSLights@@@ATL@@UAGJPAUIDataObject@@HK@Z 100022c0 f i Lights.obj
 0001:000012c0       ?SetData@?$IDataObjectImpl@VCOPOSLights@@@ATL@@UAGJPAUtagFORMATETC@@PAUtagSTGMEDIUM@@H@Z 100022c0 f i Lights.obj
 0001:000012c8       ?DoVerb@?$IOleObjectImpl@VCOPOSLights@@@ATL@@UAGJJPAUtagMSG@@PAUIOleClientSite@@JPAUHWND__@@PBUtagRECT@@@Z 100022c8 f i Lights.obj
 0001:000013bc       ?EnumVerbs@?$IOleObjectImpl@VCOPOSLights@@@ATL@@UAGJPAPAUIEnumOLEVERB@@@Z 100023bc f i Lights.obj
 0001:000013de       ?Release@CRegObject@ATL@@UAGKXZ 100023de f i Lights.obj
 0001:000013de       ?IsUpToDate@?$IOleObjectImpl@VCOPOSLights@@@ATL@@UAGJXZ 100023de f i Lights.obj
 0001:000013de       ?HandsOffStorage@?$IPersistStorageImpl@VCOPOSLights@@@ATL@@UAGJXZ 100023de f i Lights.obj
 0001:000013de       ?Update@?$IOleObjectImpl@VCOPOSLights@@@ATL@@UAGJXZ 100023de f i Lights.obj
 0001:000013e3       ?GetUserType@?$IOleObjectImpl@VCOPOSLights@@@ATL@@UAGJKPAPA_W@Z 100023e3 f i Lights.obj
 0001:000013fb       ?SetExtent@?$IOleObjectImpl@VCOPOSLights@@@ATL@@UAGJKPAUtagSIZE@@@Z 100023fb f i Lights.obj
 0001:0000141b       ?GetExtent@?$IOleObjectImpl@VCOPOSLights@@@ATL@@UAGJKPAUtagSIZE@@@Z 1000241b f i Lights.obj
 0001:00001459       ?Advise@?$IOleObjectImpl@VCOPOSLights@@@ATL@@UAGJPAUIAdviseSink@@PAK@Z 10002459 f i Lights.obj
 0001:00001479       ?Unadvise@?$IOleObjectImpl@VCOPOSLights@@@ATL@@UAGJK@Z 10002479 f i Lights.obj
 0001:000014a8       ?EnumAdvise@?$IOleObjectImpl@VCOPOSLights@@@ATL@@UAGJPAPAUIEnumSTATDATA@@@Z 100024a8 f i Lights.obj
 0001:000014e8       ?GetMiscStatus@?$IOleObjectImpl@VCOPOSLights@@@ATL@@UAGJKPAK@Z 100024e8 f i Lights.obj
 0001:00001500       ?GetWindow@?$IOleInPlaceActiveObjectImpl@VCOPOSLights@@@ATL@@UAGJPAPAUHWND__@@@Z 10002500 f i Lights.obj
 0001:0000154d       ?TranslateAcceleratorW@?$IOleInPlaceActiveObjectImpl@VCOPOSLights@@@ATL@@UAGJPAUtagMSG@@@Z 1000254d f i Lights.obj
 0001:000015fb       ?OnDocWindowActivate@?$IOleInPlaceActiveObjectImpl@VCOPOSLights@@@ATL@@UAGJH@Z 100025fb f i Lights.obj
 0001:0000161d       ?ResizeBorder@?$IOleInPlaceActiveObjectImpl@VCOPOSLights@@@ATL@@UAGJPBUtagRECT@@PAUIOleInPlaceUIWindow@@H@Z 1000261d f i Lights.obj
 0001:00001622       ?Draw@?$IViewObjectExImpl@VCOPOSLights@@@ATL@@UAGJKJPAXPAUtagDVTARGETDEVICE@@PAUHDC__@@2PBU_RECTL@@3P6GHK@ZK@Z 10002622 f i Lights.obj
 0001:00001654       ?GetColorSet@?$IViewObjectExImpl@VCOPOSLights@@@ATL@@UAGJKJPAXPAUtagDVTARGETDEVICE@@PAUHDC__@@PAPAUtagLOGPALETTE@@@Z 10002654 f i Lights.obj
 0001:0000165c       ?Freeze@?$IViewObjectExImpl@VCOPOSLights@@@ATL@@UAGJKJPAXPAK@Z 1000265c f i Lights.obj
 0001:0000165c       ?SOErrorDummy@COPOSLights@@MAGJJJJPAJ@Z 1000265c f i Lights.obj
 0001:00001664       ?SetAdvise@?$IViewObjectExImpl@VCOPOSLights@@@ATL@@UAGJKKPAUIAdviseSink@@@Z 10002664 f i Lights.obj
 0001:00001683       ?GetAdvise@?$IViewObjectExImpl@VCOPOSLights@@@ATL@@UAGJPAK0PAPAUIAdviseSink@@@Z 10002683 f i Lights.obj
 0001:000016b8       ?GetExtent@?$IViewObjectExImpl@VCOPOSLights@@@ATL@@UAGJKJPAUtagDVTARGETDEVICE@@PAUtagSIZE@@@Z 100026b8 f i Lights.obj
 0001:000016e9       ?GetViewStatus@?$IViewObjectExImpl@VCOPOSLights@@@ATL@@UAGJPAK@Z 100026e9 f i Lights.obj
 0001:00001706       ?QueryHitPoint@?$IViewObjectExImpl@VCOPOSLights@@@ATL@@UAGJKPBUtagRECT@@UtagPOINT@@JPAK@Z 10002706 f i Lights.obj
 0001:00001747       ?QueryHitRect@?$IViewObjectExImpl@VCOPOSLights@@@ATL@@UAGJKPBUtagRECT@@0JPAK@Z 10002747 f i Lights.obj
 0001:000017a2       ?GetNaturalExtent@?$IViewObjectExImpl@VCOPOSLights@@@ATL@@UAGJKJPAUtagDVTARGETDEVICE@@PAUHDC__@@PAUtagExtentInfo@@PAUtagSIZE@@@Z 100027a2 f i Lights.obj
 0001:000017ed       ?GetWindow@?$IOleInPlaceObjectWindowlessImpl@VCOPOSLights@@@ATL@@UAGJPAPAUHWND__@@@Z 100027ed f i Lights.obj
 0001:0000183a       ?InPlaceDeactivate@?$IOleInPlaceObjectWindowlessImpl@VCOPOSLights@@@ATL@@UAGJXZ 1000283a f i Lights.obj
 0001:00001854       ?UIDeactivate@?$IOleInPlaceObjectWindowlessImpl@VCOPOSLights@@@ATL@@UAGJXZ 10002854 f i Lights.obj
 0001:0000186e       ?SetObjectRects@?$IOleInPlaceObjectWindowlessImpl@VCOPOSLights@@@ATL@@UAGJPBUtagRECT@@0@Z 1000286e f i Lights.obj
 0001:0000188e       ?ReactivateAndUndo@?$IOleInPlaceObjectWindowlessImpl@VCOPOSLights@@@ATL@@UAGJXZ 1000288e f i Lights.obj
 0001:00001896       ?OnWindowMessage@?$IOleInPlaceObjectWindowlessImpl@VCOPOSLights@@@ATL@@UAGJIIJPAJ@Z 10002896 f i Lights.obj
 0001:00001906       ?EnumConnectionPoints@?$IConnectionPointContainerImpl@VCOPOSLights@@@ATL@@UAGJPAPAUIEnumConnectionPoints@@@Z 10002906 f i Lights.obj
 0001:00001a96       ?FindConnectionPoint@?$IConnectionPointContainerImpl@VCOPOSLights@@@ATL@@UAGJABU_GUID@@PAPAUIConnectionPoint@@@Z 10002a96 f i Lights.obj
 0001:00001b39       ?IsDirty@?$IPersistStorageImpl@VCOPOSLights@@@ATL@@UAGJXZ 10002b39 f i Lights.obj
 0001:00001b69       ?InitNew@?$IPersistStorageImpl@VCOPOSLights@@@ATL@@UAGJPAUIStorage@@@Z 10002b69 f i Lights.obj
 0001:00001b99       ?Load@?$IPersistStorageImpl@VCOPOSLights@@@ATL@@UAGJPAUIStorage@@@Z 10002b99 f i Lights.obj
 0001:00001c05       ?Save@?$IPersistStorageImpl@VCOPOSLights@@@ATL@@UAGJPAUIStorage@@H@Z 10002c05 f i Lights.obj
 0001:00001c78       ?GetPages@?$ISpecifyPropertyPagesImpl@VCOPOSLights@@@ATL@@UAGJPAUtagCAUUID@@@Z 10002c78 f i Lights.obj
 0001:00001c8f       ?QuickActivate@?$IQuickActivateImpl@VCOPOSLights@@@ATL@@UAGJPAUtagQACONTAINER@@PAUtagQACONTROL@@@Z 10002c8f f i Lights.obj
 0001:00001cb2       ?SetContentExtent@?$IQuickActivateImpl@VCOPOSLights@@@ATL@@UAGJPAUtagSIZE@@@Z 10002cb2 f i Lights.obj
 0001:00001cde       ?GetContentExtent@?$IQuickActivateImpl@VCOPOSLights@@@ATL@@UAGJPAUtagSIZE@@@Z 10002cde f i Lights.obj
 0001:00001d1a       ?GetData@?$IDataObjectImpl@VCOPOSLights@@@ATL@@UAGJPAUtagFORMATETC@@PAUtagSTGMEDIUM@@@Z 10002d1a f i Lights.obj
 0001:00001d3d       ?DAdvise@?$IDataObjectImpl@VCOPOSLights@@@ATL@@UAGJPAUtagFORMATETC@@KPAUIAdviseSink@@PAK@Z 10002d3d f i Lights.obj
 0001:00001d7e       ?DUnadvise@?$IDataObjectImpl@VCOPOSLights@@@ATL@@UAGJK@Z 10002d7e f i Lights.obj
 0001:00001dac       ?EnumDAdvise@?$IDataObjectImpl@VCOPOSLights@@@ATL@@UAGJPAPAUIEnumSTATDATA@@@Z 10002dac f i Lights.obj
 0001:00001deb       ?GetClassInfoW@?$IProvideClassInfo2Impl@$1?CLSID_OPOSLights@@3U_GUID@@B$1?DIID__IOPOSLightsEvents@@3U2@B$1?LIBID_OposLights_CCO@@3U2@B$00$0A@VCComTypeInfoHolder@ATL@@@ATL@@UAGJPAPAUITypeInfo@@@Z 10002deb f i Lights.obj
 0001:00001e01       ?GetGUID@?$IProvideClassInfo2Impl@$1?CLSID_OPOSLights@@3U_GUID@@B$1?DIID__IOPOSLightsEvents@@3U2@B$1?LIBID_OposLights_CCO@@3U2@B$00$0A@VCComTypeInfoHolder@ATL@@@ATL@@UAGJKPAU_GUID@@@Z 10002e01 f i Lights.obj
 0001:00001e3f       __get_startup_argv_mode    10002e3f f i LIBCMT:argv_mode.obj
 0001:00001e3f       ?FAccessAllowed@?$IObjectSafetyImpl@VCOPOSLights@@$02@ATL@@MAEHXZ 10002e3f f i Lights.obj
 0001:00001e43       ?GetInterfaceSafetyOptions@?$IObjectSafetyImpl@VCOPOSLights@@$02@ATL@@UAGJABU_GUID@@PAK1@Z 10002e43 f i Lights.obj
 0001:00001eb6       ?SetInterfaceSafetyOptions@?$IObjectSafetyImpl@VCOPOSLights@@$02@ATL@@UAGJABU_GUID@@KK@Z 10002eb6 f i Lights.obj
 0001:00001f30       ?_LocCPQueryInterface@?$IConnectionPointImpl@VCOPOSLights@@$1?IID_IPropertyNotifySink@@3U_GUID@@BVCComDynamicUnkArray@ATL@@@ATL@@UAGJABU_GUID@@PAPAX@Z 10002f30 f i Lights.obj
 0001:00001f30       ?_LocCPQueryInterface@?$IConnectionPointImpl@VCOPOSLights@@$1?DIID__IOPOSLightsEvents@@3U_GUID@@BVCComDynamicUnkArray@ATL@@@ATL@@UAGJABU_GUID@@PAPAX@Z 10002f30 f i Lights.obj
 0001:00001f7d       ?GetConnectionInterface@?$IConnectionPointImpl@VCOPOSLights@@$1?IID_IPropertyNotifySink@@3U_GUID@@BVCComDynamicUnkArray@ATL@@@ATL@@UAGJPAU_GUID@@@Z 10002f7d f i Lights.obj
 0001:00001fa1       ?Lock@CAtlModule@ATL@@UAEJXZ 10002fa1 f i Lights.obj
 0001:00001fab       ?Unlock@CAtlModule@ATL@@UAEJXZ 10002fab f i Lights.obj
 0001:00001fb5       ?GetConnectionPointContainer@?$IConnectionPointImpl@VCOPOSLights@@$1?IID_IPropertyNotifySink@@3U_GUID@@BVCComDynamicUnkArray@ATL@@@ATL@@UAGJPAPAUIConnectionPointContainer@@@Z 10002fb5 f i Lights.obj
 0001:00001fd8       ?GetLockCount@CAtlModule@ATL@@UAEJXZ 10002fd8 f i Lights.obj
 0001:00001fdc       ?Advise@?$IConnectionPointImpl@VCOPOSLights@@$1?DIID__IOPOSLightsEvents@@3U_GUID@@BVCComDynamicUnkArray@ATL@@@ATL@@UAGJPAUIUnknown@@PAK@Z 10002fdc f i Lights.obj
 0001:00001fdc       ?Advise@?$IConnectionPointImpl@VCOPOSLights@@$1?IID_IPropertyNotifySink@@3U_GUID@@BVCComDynamicUnkArray@ATL@@@ATL@@UAGJPAUIUnknown@@PAK@Z 10002fdc f i Lights.obj
 0001:0000207c       ?Unadvise@?$IConnectionPointImpl@VCOPOSLights@@$1?IID_IPropertyNotifySink@@3U_GUID@@BVCComDynamicUnkArray@ATL@@@ATL@@UAGJK@Z 1000307c f i Lights.obj
 0001:0000207c       ?Unadvise@?$IConnectionPointImpl@VCOPOSLights@@$1?DIID__IOPOSLightsEvents@@3U_GUID@@BVCComDynamicUnkArray@ATL@@@ATL@@UAGJK@Z 1000307c f i Lights.obj
 0001:000020bc       ?GetGITPtr@CAtlModule@ATL@@UAEJPAPAUIGlobalInterfaceTable@@@Z 100030bc f i Lights.obj
 0001:00002108       ?EnumConnections@?$IConnectionPointImpl@VCOPOSLights@@$1?IID_IPropertyNotifySink@@3U_GUID@@BVCComDynamicUnkArray@ATL@@@ATL@@UAGJPAPAUIEnumConnections@@@Z 10003108 f i Lights.obj
 0001:00002108       ?EnumConnections@?$IConnectionPointImpl@VCOPOSLights@@$1?DIID__IOPOSLightsEvents@@3U_GUID@@BVCComDynamicUnkArray@ATL@@@ATL@@UAGJPAPAUIEnumConnections@@@Z 10003108 f i Lights.obj
 0001:0000220b       ?GetConnectionInterface@?$IConnectionPointImpl@VCOPOSLights@@$1?DIID__IOPOSLightsEvents@@3U_GUID@@BVCComDynamicUnkArray@ATL@@@ATL@@UAGJPAU_GUID@@@Z 1000320b f i Lights.obj
 0001:0000222f       ?GetConnectionPointContainer@?$IConnectionPointImpl@VCOPOSLights@@$1?DIID__IOPOSLightsEvents@@3U_GUID@@BVCComDynamicUnkArray@ATL@@@ATL@@UAGJPAPAUIConnectionPointContainer@@@Z 1000322f f i Lights.obj
 0001:00002252       ?UpdateRegistry@COPOSLights@@SGJH@Z 10003252 f i Lights.obj
 0001:0000226a       ?ProcessWindowMessage@COPOSLights@@UAEHPAUHWND__@@IIJAAJK@Z 1000326a f i Lights.obj
 0001:000022b7       ?AddCommonRGSReplacements@?$CAtlModuleT@VCComModule@ATL@@@ATL@@UAEJPAUIRegistrarBase@@@Z 100032b7 f i Lights.obj
 0001:000022d1       ?SODirectIO@COPOSLights@@MAGJJPAJPAPA_W@Z 100032d1 f i Lights.obj
 0001:0000231a       ?SOStatusUpdate@COPOSLights@@MAGJJ@Z 1000331a f i Lights.obj
 0001:00002353       ?UpdateRegistryFromResourceD@CComModule@ATL@@UAGJPB_WHPAU_ATL_REGMAP_ENTRY@2@@Z 10003353 f i Lights.obj
 0001:00002353       ?UpdateRegistryFromResourceD@CComModule@ATL@@UAGJIHPAU_ATL_REGMAP_ENTRY@2@@Z 10003353 f i Lights.obj
 0001:0000235b       ?UpdateRegistryFromResource@CComModule@ATL@@UAGJPB_WHPAU_ATL_REGMAP_ENTRY@2@@Z 1000335b f i Lights.obj
 0001:00002364       ?UpdateRegistryFromResource@CComModule@ATL@@UAGJIHPAU_ATL_REGMAP_ENTRY@2@@Z 10003364 f i Lights.obj
 0001:0000236d       ??_ECComModule@ATL@@UAEPAXI@Z 1000336d f i Lights.obj
 0001:0000236d       ??_GCComModule@ATL@@UAEPAXI@Z 1000336d f i Lights.obj
 0001:00002395       ?CreateInstance@?$CComCreator@V?$CComObjectCached@VCComClassFactory@ATL@@@ATL@@@ATL@@SGJPAXABU_GUID@@PAPAX@Z 10003395 f i Lights.obj
 0001:00002436       ?CreateInstance@?$CComCreator2@V?$CComCreator@V?$CComObject@VCOPOSLights@@@ATL@@@ATL@@V?$CComCreator@V?$CComAggObject@VCOPOSLights@@@ATL@@@2@@ATL@@SGJPAXABU_GUID@@PAPAX@Z 10003436 f i Lights.obj
 0001:00002456       ?AddRef@?$CComObjectCached@VCComClassFactory@ATL@@@ATL@@UAGKXZ 10003456 f i Lights.obj
 0001:0000247d       ?Release@?$CComObjectCached@VCComClassFactory@ATL@@@ATL@@UAGKXZ 1000347d f i Lights.obj
 0001:000024b3       ?QueryInterface@?$CComObjectCached@VCComClassFactory@ATL@@@ATL@@UAGJABU_GUID@@PAPAX@Z 100034b3 f i Lights.obj
 0001:000024cd       ??_G?$CComObjectCached@VCComClassFactory@ATL@@@ATL@@UAEPAXI@Z 100034cd f i Lights.obj
 0001:000024cd       ??_E?$CComObjectCached@VCComClassFactory@ATL@@@ATL@@UAEPAXI@Z 100034cd f i Lights.obj
 0001:000024ef       ?Next@?$CComEnumImpl@UIEnumConnectionPoints@@$1?_GUID_b196b285_bab4_101a_b69c_00aa00341d07@@3U__s_GUID@@BPAUIConnectionPoint@@V?$_CopyInterface@UIConnectionPoint@@@ATL@@@ATL@@UAGJKPAPAUIConnectionPoint@@PAK@Z 100034ef f i Lights.obj
 0001:000025be       ?Skip@?$CComEnumImpl@UIEnumConnectionPoints@@$1?_GUID_b196b285_bab4_101a_b69c_00aa00341d07@@3U__s_GUID@@BPAUIConnectionPoint@@V?$_CopyInterface@UIConnectionPoint@@@ATL@@@ATL@@UAGJK@Z 100035be f i Lights.obj
 0001:000025eb       ?Clone@?$CComEnumImpl@UIEnumConnectionPoints@@$1?_GUID_b196b285_bab4_101a_b69c_00aa00341d07@@3U__s_GUID@@BPAUIConnectionPoint@@V?$_CopyInterface@UIConnectionPoint@@@ATL@@@ATL@@UAGJPAPAUIEnumConnectionPoints@@@Z 100035eb f i Lights.obj
 0001:000026cc       ?QueryInterface@?$CComObject@V?$CComEnum@UIEnumConnectionPoints@@$1?_GUID_b196b285_bab4_101a_b69c_00aa00341d07@@3U__s_GUID@@BPAUIConnectionPoint@@V?$_CopyInterface@UIConnectionPoint@@@ATL@@VCComSingleThreadModel@6@@ATL@@@ATL@@UAGJABU_GUID@@PAPAX@Z 100036cc f i Lights.obj
 0001:000026e6       ??_G?$CComObject@V?$CComEnum@UIEnumConnectionPoints@@$1?_GUID_b196b285_bab4_101a_b69c_00aa00341d07@@3U__s_GUID@@BPAUIConnectionPoint@@V?$_CopyInterface@UIConnectionPoint@@@ATL@@VCComSingleThreadModel@6@@ATL@@@ATL@@UAEPAXI@Z 100036e6 f i Lights.obj
 0001:000026e6       ??_E?$CComObject@V?$CComEnum@UIEnumConnectionPoints@@$1?_GUID_b196b285_bab4_101a_b69c_00aa00341d07@@3U__s_GUID@@BPAUIConnectionPoint@@V?$_CopyInterface@UIConnectionPoint@@@ATL@@VCComSingleThreadModel@6@@ATL@@@ATL@@UAEPAXI@Z 100036e6 f i Lights.obj
 0001:00002708       ?AddRef@CRegObject@ATL@@UAGKXZ 10003708 f i Lights.obj
 0001:0000270e       ?AddReplacement@CRegObject@ATL@@UAGJPB_W0@Z 1000370e f i Lights.obj
 0001:00002747       ?ClearReplacements@CRegObject@ATL@@UAGJXZ 10003747 f i Lights.obj
 0001:00002759       ??_ECRegObject@ATL@@UAEPAXI@Z 10003759 f i Lights.obj
 0001:00002759       ??_GCRegObject@ATL@@UAEPAXI@Z 10003759 f i Lights.obj
 0001:0000277b       ?AddRef@?$CComAggObject@VCOPOSLights@@@ATL@@UAGKXZ 1000377b f i Lights.obj
 0001:0000278c       ?Release@?$CComAggObject@VCOPOSLights@@@ATL@@UAGKXZ 1000378c f i Lights.obj
 0001:000027c8       ?QueryInterface@?$CComAggObject@VCOPOSLights@@@ATL@@UAGJABU_GUID@@PAPAX@Z 100037c8 f i Lights.obj
 0001:00002817       ?AddRef@?$CComContainedObject@VCOPOSLights@@@ATL@@UAGKXZ 10003817 f i Lights.obj
 0001:0000282d       ?Release@?$CComContainedObject@VCOPOSLights@@@ATL@@UAGKXZ 1000382d f i Lights.obj
 0001:00002843       ?QueryInterface@?$CComContainedObject@VCOPOSLights@@@ATL@@UAGJABU_GUID@@PAPAX@Z 10003843 f i Lights.obj
 0001:0000285e       ??_G?$CComAggObject@VCOPOSLights@@@ATL@@UAEPAXI@Z 1000385e f i Lights.obj
 0001:0000285e       ??_E?$CComAggObject@VCOPOSLights@@@ATL@@UAEPAXI@Z 1000385e f i Lights.obj
 0001:00002883       ?AddRef@?$CComObject@VCOPOSLights@@@ATL@@UAGKXZ 10003883 f i Lights.obj
 0001:0000289a       ?Release@?$CComObject@VCOPOSLights@@@ATL@@UAGKXZ 1000389a f i Lights.obj
 0001:000028dc       ?QueryInterface@?$CComObject@VCOPOSLights@@@ATL@@UAGJABU_GUID@@PAPAX@Z 100038dc f i Lights.obj
 0001:000028f6       ??$?4UITypeInfo2@@@?$CComPtr@UITypeInfo@@@ATL@@QAEPAUITypeInfo@@ABV?$CComPtr@UITypeInfo2@@@1@@Z 100038f6 f i Lights.obj
 0001:00002923       ??$AtlAdd@K@ATL@@YAJPAKKK@Z 10003923 f i Lights.obj
 0001:00002946       ??$AtlAdd@_K@ATL@@YAJPA_K_K1@Z 10003946 f i Lights.obj
 0001:0000297e       ??$AtlAddThrow@K@ATL@@YAKKK@Z 1000397e f i Lights.obj
 0001:000029a4       ??$AtlModuleRegisterWndClassInfoT@VAtlModuleRegisterWndClassInfoParamW@ATL@@@ATL@@YAGPAU_ATL_BASE_MODULE70@0@PAU_ATL_WIN_MODULE70@0@PAU_ATL_WNDCLASSINFOW@0@PAP6GJPAUHWND__@@IIJ@ZVAtlModuleRegisterWndClassInfoParamW@0@@Z 100039a4 f i Lights.obj
 0001:00002af1       ??$AtlMultiply@H@ATL@@YAJPAHHH@Z 10003af1 f i Lights.obj
 0001:00002b29       ??$AtlMultiply@K@ATL@@YAJPAKKK@Z 10003b29 f i Lights.obj
 0001:00002b29       ??$AtlMultiply@I@ATL@@YAJPAIII@Z 10003b29 f i Lights.obj
 0001:00002b4b       ??$AtlMultiplyThrow@I@ATL@@YAIII@Z 10003b4b f i Lights.obj
 0001:00002b71       ??0?$CComAggObject@VCOPOSLights@@@ATL@@QAE@PAX@Z 10003b71 f i Lights.obj
 0001:00002b9e       ??0?$CComContainedObject@VCOPOSLights@@@ATL@@QAE@PAX@Z 10003b9e f i Lights.obj
 0001:00002c57       ??0?$CComObject@V?$CComEnum@UIEnumConnectionPoints@@$1?_GUID_b196b285_bab4_101a_b69c_00aa00341d07@@3U__s_GUID@@BPAUIConnectionPoint@@V?$_CopyInterface@UIConnectionPoint@@@ATL@@VCComSingleThreadModel@6@@ATL@@@ATL@@QAE@PAX@Z 10003c57 f i Lights.obj
 0001:00002c85       ??0?$CComObject@V?$CComEnum@UIEnumConnections@@$1?_GUID_b196b287_bab4_101a_b69c_00aa00341d07@@3U__s_GUID@@BUtagCONNECTDATA@@V?$_Copy@UtagCONNECTDATA@@@ATL@@VCComSingleThreadModel@6@@ATL@@@ATL@@QAE@PAX@Z 10003c85 f i Lights.obj
 0001:00002cb3       ??0?$CComObject@VCOPOSLights@@@ATL@@QAE@PAX@Z 10003cb3 f i Lights.obj
 0001:00002d6a       ??0?$CComQIPtr@UIOleControlSite@@$1?_GUID_b196b289_bab4_101a_b69c_00aa00341d07@@3U__s_GUID@@B@ATL@@QAE@PAUIUnknown@@@Z 10003d6a f i Lights.obj
 0001:00002d93       ??0CAtlModule@ATL@@QAE@XZ  10003d93 f i Lights.obj
 0001:00002dd4       ??0CParseBuffer@CRegParser@ATL@@QAE@H@Z 10003dd4 f i Lights.obj
 0001:00002e0a       ??0_ATL_MSG@ATL@@QAE@PAUHWND__@@IIJH@Z 10003e0a f i Lights.obj
 0001:00002e42       ??1?$CComAggObject@VCOPOSLights@@@ATL@@UAE@XZ 10003e42 f i Lights.obj
 0001:00002e66       ??1?$CComEnumImpl@UIEnumConnectionPoints@@$1?_GUID_b196b285_bab4_101a_b69c_00aa00341d07@@3U__s_GUID@@BPAUIConnectionPoint@@V?$_CopyInterface@UIConnectionPoint@@@ATL@@@ATL@@UAE@XZ 10003e66 f i Lights.obj
 0001:00002ea2       ??1?$CComEnumImpl@UIEnumConnections@@$1?_GUID_b196b287_bab4_101a_b69c_00aa00341d07@@3U__s_GUID@@BUtagCONNECTDATA@@V?$_Copy@UtagCONNECTDATA@@@ATL@@@ATL@@UAE@XZ 10003ea2 f i Lights.obj
 0001:00002ede       ??1?$CComObject@V?$CComEnum@UIEnumConnectionPoints@@$1?_GUID_b196b285_bab4_101a_b69c_00aa00341d07@@3U__s_GUID@@BPAUIConnectionPoint@@V?$_CopyInterface@UIConnectionPoint@@@ATL@@VCComSingleThreadModel@6@@ATL@@@ATL@@UAE@XZ 10003ede f i Lights.obj
 0001:00002f01       ??1?$CComObject@V?$CComEnum@UIEnumConnections@@$1?_GUID_b196b287_bab4_101a_b69c_00aa00341d07@@3U__s_GUID@@BUtagCONNECTDATA@@V?$_Copy@UtagCONNECTDATA@@@ATL@@VCComSingleThreadModel@6@@ATL@@@ATL@@UAE@XZ 10003f01 f i Lights.obj
 0001:00002f24       ??1?$CComObject@VCOPOSLights@@@ATL@@UAE@XZ 10003f24 f i Lights.obj
 0001:00002fe2       ??1?$CComObjectCached@VCComClassFactory@ATL@@@ATL@@UAE@XZ 10003fe2 f i Lights.obj
 0001:00002ff8       ??1?$CComObjectRootEx@VCComMultiThreadModel@ATL@@@ATL@@QAE@XZ 10003ff8 f i Lights.obj
 0001:0000300d       ??1CRegObject@ATL@@UAE@XZ  1000400d f i Lights.obj
 0001:0000302d       ??4?$CComPtr@UIUnknown@@@ATL@@QAEPAUIUnknown@@PAU2@@Z 1000402d f i Lights.obj
 0001:0000302d       ??4?$CComPtr@UIAdviseSink@@@ATL@@QAEPAUIAdviseSink@@PAU2@@Z 1000402d f i Lights.obj
 0001:0000302d       ??4?$CComPtr@UIOleClientSite@@@ATL@@QAEPAUIOleClientSite@@PAU2@@Z 1000402d f i Lights.obj
 0001:0000305b       ??_E?$CComContainedObject@VCOPOSLights@@@ATL@@UAEPAXI@Z 1000405b f i Lights.obj
 0001:0000305b       ??_G?$CComContainedObject@VCOPOSLights@@@ATL@@UAEPAXI@Z 1000405b f i Lights.obj
 0001:00003080       ??_G?$CComObject@VCOPOSLights@@@ATL@@UAEPAXI@Z 10004080 f i Lights.obj
 0001:00003080       ??_E?$CComObject@VCOPOSLights@@@ATL@@UAEPAXI@Z 10004080 f i Lights.obj
 0001:000030a5       ?Add@?$CSimpleArray@GV?$CSimpleArrayEqualHelper@G@ATL@@@ATL@@QAEHABG@Z 100040a5 f i Lights.obj
 0001:0000311f       ?Add@?$CSimpleMap@PA_WPA_WVCExpansionVectorEqualHelper@ATL@@@ATL@@QAEHABQA_W0@Z 1000411f f i Lights.obj
 0001:00003174       ?Add@CComDynamicUnkArray@ATL@@QAEKPAUIUnknown@@@Z 10004174 f i Lights.obj
 0001:00003225       ?Add@CExpansionVector@ATL@@QAEHPB_W0@Z 10004225 f i Lights.obj
 0001:0000332e       ?AddString@CParseBuffer@CRegParser@ATL@@QAEHPB_W@Z 1000432e f i Lights.obj
 0001:00003363       ?AddTermFunc@CAtlModule@ATL@@QAEJP6GXK@ZK@Z 10004363 f i Lights.obj
 0001:000033cf       ?AddValue@CRegParser@ATL@@IAEJAAVCRegKey@2@PB_WPA_W@Z 100043cf f i Lights.obj
 0001:000036e9       ?Allocate@?$CAtlSafeAllocBufferManager@VCCRTAllocator@ATL@@@_ATL_SAFE_ALLOCA_IMPL@ATL@@QAEPAXK@Z 100046e9 f i Lights.obj
 0001:00003716       ?Allocate@?$CTempBuffer@E$0BAA@VCCRTAllocator@ATL@@@ATL@@QAEPAEI@Z 10004716 f i Lights.obj
 0001:00003745       ?Allocate@?$CTempBuffer@_W$0BAA@VCCRTAllocator@ATL@@@ATL@@QAEPA_WI@Z 10004745 f i Lights.obj
 0001:00003774       ?Allocate@?$CTempBuffer@_W$0EAA@VCCRTAllocator@ATL@@@ATL@@QAEPA_WI@Z 10004774 f i Lights.obj
 0001:000037a3       ?AllocateHeap@?$CTempBuffer@_W$0BAA@VCCRTAllocator@ATL@@@ATL@@AAEXI@Z 100047a3 f i Lights.obj
 0001:000037a3       ?AllocateHeap@?$CTempBuffer@_W$0EAA@VCCRTAllocator@ATL@@@ATL@@AAEXI@Z 100047a3 f i Lights.obj
 0001:000037a3       ?AllocateHeap@?$CTempBuffer@E$0BAA@VCCRTAllocator@ATL@@@ATL@@AAEXI@Z 100047a3 f i Lights.obj
 0001:000037c8       ?Append@CParseBuffer@CRegParser@ATL@@QAEHPB_WH@Z 100047c8 f i Lights.obj
 0001:00003854       ?AtlCoTaskMemCAlloc@ATL@@YAPAXKK@Z 10004854 f i Lights.obj
 0001:00003881       ?AtlCoTaskMemRecalloc@ATL@@YAPAXPAXKK@Z 10004881 f i Lights.obj
 0001:000038b1       ?AtlComModuleGetClassObject@ATL@@YGJPAU_ATL_COM_MODULE70@1@ABU_GUID@@1PAPAX@Z 100048b1 f i Lights.obj
 0001:000039a6       ?AtlComModuleRegisterServer@ATL@@YGJPAU_ATL_COM_MODULE70@1@HPBU_GUID@@@Z 100049a6 f i Lights.obj
 0001:00003a2e       ?AtlComModuleUnregisterServer@ATL@@YGJPAU_ATL_COM_MODULE70@1@HPBU_GUID@@@Z 10004a2e f i Lights.obj
 0001:00003ab6       ?AtlComQIPtrAssign2@ATL@@YAXPAPAUIUnknown@@PAU2@ABU_GUID@@@Z 10004ab6 f i Lights.obj
 0001:00003ae5       ?AtlCreateTargetDC@ATL@@YGPAUHDC__@@PAU2@PAUtagDVTARGETDEVICE@@@Z 10004ae5 f i Lights.obj
 0001:00003b4e       ?AtlCrtErrorCheck@ATL@@YAHH@Z 10004b4e f i Lights.obj
 0001:00003b89       ?AtlHiMetricToPixel@ATL@@YGXPBUtagSIZE@@PAU2@@Z 10004b89 f i Lights.obj
 0001:00003bfe       ?AtlHresultFromLastError@ATL@@YAJXZ 10004bfe f i Lights.obj
 0001:00003c15       ?AtlHresultFromWin32@ATL@@YAJK@Z 10004c15 f i Lights.obj
 0001:00003c2a       ?AtlInternalOleLoadFromStream@ATL@@YAJPAUIStream@@ABU_GUID@@PAPAXTClassesAllowedInStream@1@K@Z 10004c2a f i Lights.obj
 0001:00003d53       ?AtlInternalQueryInterface@ATL@@YGJPAXPBU_ATL_INTMAP_ENTRY@1@ABU_GUID@@PAPAX@Z 10004d53 f i Lights.obj
 0001:00003df6       ?AtlLoadTypeLib@ATL@@YGJPAUHINSTANCE__@@PB_WPAPA_WPAPAUITypeLib@@@Z 10004df6 f i Lights.obj
 0001:00003fd4       ?AtlRegisterClassCategoriesHelper@ATL@@YGJABU_GUID@@PBU_ATL_CATMAP_ENTRY@1@H@Z 10004fd4 f i Lights.obj
 0001:000042d0       ?AtlRegisterTypeLib@ATL@@YGJPAUHINSTANCE__@@PB_W@Z 100052d0 f i Lights.obj
 0001:00004458       ?AtlThrowImpl@ATL@@YGXJ@Z  10005458 f i Lights.obj
 0001:00004476       ?AtlUnRegisterTypeLib@ATL@@YGJPAUHINSTANCE__@@PB_W@Z 10005476 f i Lights.obj
 0001:00004521       ?AtlWinModuleAddCreateWndData@ATL@@YGXPAU_ATL_WIN_MODULE70@1@PAU_AtlCreateWndData@1@PAX@Z 10005521 f i Lights.obj
 0001:00004575       ?AtlWinModuleExtractCreateWndData@ATL@@YGPAXPAU_ATL_WIN_MODULE70@1@@Z 10005575 f i Lights.obj
 0001:000045d9       ?AtlWinModuleRegisterClassExW@ATL@@YGGPAU_ATL_WIN_MODULE70@1@PBUtagWNDCLASSEXW@@@Z 100055d9 f i Lights.obj
 0001:00004618       ?CanForceRemoveKey@CRegParser@ATL@@IAEHPB_W@Z 10005618 f i Lights.obj
 0001:00004647       ?ChToByte@CRegParser@ATL@@KAE_W@Z 10005647 f i Lights.obj
 0001:000046cf       ?Cleanup@CComTypeInfoHolder@ATL@@SGXK@Z 100056cf f i Lights.obj
 0001:00004702       ?ClearReplacements@CExpansionVector@ATL@@QAEJXZ 10005702 f i Lights.obj
 0001:0000473f       ?Close@CRegKey@ATL@@QAEJXZ 1000573f f i Lights.obj
 0001:00004759       ?CreateInstance@?$CComCreator@V?$CComAggObject@VCOPOSLights@@@ATL@@@ATL@@SGJPAXABU_GUID@@PAPAX@Z 10005759 f i Lights.obj
 0001:000047ce       ?CreateInstance@?$CComCreator@V?$CComObject@VCOPOSLights@@@ATL@@@ATL@@SGJPAXABU_GUID@@PAPAX@Z 100057ce f i Lights.obj
 0001:00004857       ?CreateInstance@?$CComObject@V?$CComEnum@UIEnumConnectionPoints@@$1?_GUID_b196b285_bab4_101a_b69c_00aa00341d07@@3U__s_GUID@@BPAUIConnectionPoint@@V?$_CopyInterface@UIConnectionPoint@@@ATL@@VCComSingleThreadModel@6@@ATL@@@ATL@@SGJPAPAV12@@Z 10005857 f i Lights.obj
 0001:000048a1       ?CreateInstance@?$CComObject@V?$CComEnum@UIEnumConnections@@$1?_GUID_b196b287_bab4_101a_b69c_00aa00341d07@@3U__s_GUID@@BUtagCONNECTDATA@@V?$_Copy@UtagCONNECTDATA@@@ATL@@VCComSingleThreadModel@6@@ATL@@@ATL@@SGJPAPAV12@@Z 100058a1 f i Lights.obj
 0001:000048eb       ?DefaultReflectionHandler@?$CWindowImplRoot@VCWindow@ATL@@@ATL@@SAHPAUHWND__@@IIJAAJ@Z 100058eb f i Lights.obj
 0001:0000498b       ?DeleteSubKey@CRegKey@ATL@@QAEJPB_W@Z 1000598b f i Lights.obj
 0001:00004a04       ?DoEvent@COPOSLights@@IAEXIIJ@Z 10005a04 f i Lights.obj
 0001:00004a84       ?DoVerbHide@?$IOleObjectImpl@VCOPOSLights@@@ATL@@QAEJPBUtagRECT@@PAUHWND__@@@Z 10005a84 f i Lights.obj
 0001:00004aba       ?DoVerbInPlaceActivate@?$IOleObjectImpl@VCOPOSLights@@@ATL@@QAEJPBUtagRECT@@PAUHWND__@@@Z 10005aba f i Lights.obj
 0001:00004aed       ?DoVerbPrimary@?$IOleObjectImpl@VCOPOSLights@@@ATL@@QAEJPBUtagRECT@@PAUHWND__@@@Z 10005aed f i Lights.obj
 0001:00004b79       ?DoVerbProperties@CComControlBase@ATL@@QAEJPBUtagRECT@@PAUHWND__@@@Z 10005b79 f i Lights.obj
 0001:00004cf8       ?DoVerbUIActivate@?$IOleObjectImpl@VCOPOSLights@@@ATL@@QAEJPBUtagRECT@@PAUHWND__@@@Z 10005cf8 f i Lights.obj
 0001:00004d35       ?DoesVerbActivate@CComControlBase@ATL@@QAEHJ@Z 10005d35 f i Lights.obj
 0001:00004d59       ?DoesVerbUIActivate@CComControlBase@ATL@@QAEHJ@Z 10005d59 f i Lights.obj
 0001:00004d8e       ?EndOfVar@CRegParser@ATL@@IAEHXZ 10005d8e f i Lights.obj
 0001:00004dae       ?EscapeSingleQuote@CAtlModule@ATL@@SAXPA_WIPB_W@Z 10005dae f i Lights.obj
 0001:00004dfd       ?FindKey@?$CSimpleMap@PA_WPA_WVCExpansionVectorEqualHelper@ATL@@@ATL@@QBEHABQA_W@Z 10005dfd f i Lights.obj
 0001:00004e34       ?FireTheEvent@?$CProxy_IOPOSEvents@VCOPOSLights@@@@IAEXPAVOposVariant@@IAAJPB_WJ@Z 10005e34 f i Lights.obj
 0001:00004ec6       ?FireViewChange@CComControlBase@ATL@@QAEJXZ 10005ec6 f i Lights.obj
 0001:00004f0f       ?Fire_DirectIOEvent@?$CProxy_IOPOSEvents@VCOPOSLights@@@@QAEXJPAJPAPA_W@Z 10005f0f f i Lights.obj
 0001:00004ffb       ?Fire_StatusUpdateEvent@?$CProxy_IOPOSEvents@VCOPOSLights@@@@QAEXJ@Z 10005ffb f i Lights.obj
 0001:00005091       ?FreeHeap@?$CTempBuffer@_W$0BAA@VCCRTAllocator@ATL@@@ATL@@AAEXXZ 10006091 f i Lights.obj
 0001:00005091       ?FreeHeap@?$CTempBuffer@E$0BAA@VCCRTAllocator@ATL@@@ATL@@AAEXXZ 10006091 f i Lights.obj
 0001:00005091       ?FreeHeap@?$CTempBuffer@_W$0EAA@VCCRTAllocator@ATL@@@ATL@@AAEXXZ 10006091 f i Lights.obj
 0001:0000509a       ?GetAmbientLocaleID@CComControlBase@ATL@@QAEJAAK@Z 1000609a f i Lights.obj
 0001:000050f6       ?GetAmbientUserMode@CComControlBase@ATL@@QAEJAAH@Z 100060f6 f i Lights.obj
 0001:00005166       ?GetAt@CComDynamicUnkArray@ATL@@QAEPAUIUnknown@@H@Z 10006166 f i Lights.obj
 0001:00005182       ?GetClassObject@CComModule@ATL@@QAEJABU_GUID@@0PAPAX@Z 10006182 f i Lights.obj
 0001:00005224       ?GetConnMap@COPOSLights@@SAPBU_ATL_CONNMAP_ENTRY@ATL@@PAH@Z 10006224 f i Lights.obj
 0001:00005294       ?GetCookie@CComDynamicUnkArray@ATL@@QAGKPAPAUIUnknown@@@Z 10006294 f i Lights.obj
 0001:000052cc       ?GetIDsOfNames@CComTypeInfoHolder@ATL@@QAEJABU_GUID@@PAPA_WIKPAJ@Z 100062cc f i Lights.obj
 0001:000053ec       ?GetKeyAt@?$CSimpleMap@PA_WPA_WVCExpansionVectorEqualHelper@ATL@@@ATL@@QBEAAPA_WH@Z 100063ec f i Lights.obj
 0001:00005411       ?GetPagesHelper@?$ISpecifyPropertyPagesImpl@VCOPOSLights@@@ATL@@IAEJPAUtagCAUUID@@PBUATL_PROPMAP_ENTRY@2@@Z 10006411 f i Lights.obj
 0001:00005538       ?GetProperty@?$CComPtr@UIDispatch@@@ATL@@SAJPAUIDispatch@@JPAUtagVARIANT@@@Z 10006538 f i Lights.obj
 0001:00005587       ?GetSizeMax@CComVariant@ATL@@QBEJPAT_ULARGE_INTEGER@@@Z 10006587 f i Lights.obj
 0001:00005749       ?GetTI@CComTypeInfoHolder@ATL@@QAEJK@Z 10006749 f i Lights.obj
 0001:00005929       ?GetTI@CComTypeInfoHolder@ATL@@QAEJKPAPAUITypeInfo@@@Z 10006929 f i Lights.obj
 0001:00005967       ?GetUnknown@CComDynamicUnkArray@ATL@@QAGPAUIUnknown@@K@Z 10006967 f i Lights.obj
 0001:00005988       ?GetValueAt@?$CSimpleMap@PA_WPA_WVCExpansionVectorEqualHelper@ATL@@@ATL@@QBEAAPA_WH@Z 10006988 f i Lights.obj
 0001:000059ae       ?GetZoomInfo@CComControlBase@ATL@@QAEXAAUATL_DRAWINFO@@@Z 100069ae f i Lights.obj
 0001:00005a41       ?HKeyFromString@CRegParser@ATL@@KAPAUHKEY__@@PA_W@Z 10006a41 f i Lights.obj
 0001:00005a6f       ?HasSubKeys@CRegParser@ATL@@IAEHPAUHKEY__@@@Z 10006a6f f i Lights.obj
 0001:00005aa4       ?IDataObject_GetData@CComControlBase@ATL@@QAEJPAUtagFORMATETC@@PAUtagSTGMEDIUM@@@Z 10006aa4 f i Lights.obj
 0001:00005c46       ?IOleInPlaceObject_InPlaceDeactivate@CComControlBase@ATL@@QAEJXZ 10006c46 f i Lights.obj
 0001:00005ccd       ?IOleInPlaceObject_SetObjectRects@CComControlBase@ATL@@QAEJPBUtagRECT@@0@Z 10006ccd f i Lights.obj
 0001:00005d9a       ?IOleInPlaceObject_UIDeactivate@CComControlBase@ATL@@QAEJXZ 10006d9a f i Lights.obj
 0001:00005e5c       ?IOleObject_Advise@CComControlBase@ATL@@QAEJPAUIAdviseSink@@PAK@Z 10006e5c f i Lights.obj
 0001:00005e86       ?IOleObject_Close@CComControlBase@ATL@@QAEJK@Z 10006e86 f i Lights.obj
 0001:00005f6a       ?IOleObject_GetClientSite@CComControlBase@ATL@@QAEJPAPAUIOleClientSite@@@Z 10006f6a f i Lights.obj
 0001:00005f93       ?IOleObject_SetClientSite@CComControlBase@ATL@@QAEJPAUIOleClientSite@@@Z 10006f93 f i Lights.obj
 0001:00005fd2       ?IOleObject_SetExtent@CComControlBase@ATL@@QAEJKPAUtagSIZE@@@Z 10006fd2 f i Lights.obj
 0001:00006084       ?IPSI_GetIPersistStreamInit@?$IPersistStorageImpl@VCOPOSLights@@@ATL@@AAEPAUIPersistStreamInit@@XZ 10007084 f i Lights.obj
 0001:0000612c       ?IPersistStreamInit_Load@?$IPersistStreamInitImpl@VCOPOSLights@@@ATL@@QAEJPAUIStream@@PBUATL_PROPMAP_ENTRY@2@@Z 1000712c f i Lights.obj
 0001:000063a2       ?IPersistStreamInit_Save@?$IPersistStreamInitImpl@VCOPOSLights@@@ATL@@QAEJPAUIStream@@HPBUATL_PROPMAP_ENTRY@2@@Z 100073a2 f i Lights.obj
 0001:00006591       ?IQuickActivate_QuickActivate@CComControlBase@ATL@@QAEJPAUtagQACONTAINER@@PAUtagQACONTROL@@@Z 10007591 f i Lights.obj
 0001:000067d3       ?IViewObject_Draw@CComControlBase@ATL@@QAEJKJPAXPAUtagDVTARGETDEVICE@@PAUHDC__@@2PBU_RECTL@@3@Z 100077d3 f i Lights.obj
 0001:0000687b       ?InPlaceActivate@CComControlBase@ATL@@QAEJJPBUtagRECT@@@Z 1000787b f i Lights.obj
 0001:00006aed       ?Init@?$CComEnumImpl@UIEnumConnectionPoints@@$1?_GUID_b196b285_bab4_101a_b69c_00aa00341d07@@3U__s_GUID@@BPAUIConnectionPoint@@V?$_CopyInterface@UIConnectionPoint@@@ATL@@@ATL@@QAEJPAPAUIConnectionPoint@@0PAUIUnknown@@W4CComEnumFlags@2@@Z 10007aed f i Lights.obj
 0001:00006bc9       ?Init@?$CComEnumImpl@UIEnumConnections@@$1?_GUID_b196b287_bab4_101a_b69c_00aa00341d07@@3U__s_GUID@@BUtagCONNECTDATA@@V?$_Copy@UtagCONNECTDATA@@@ATL@@@ATL@@QAEJPAUtagCONNECTDATA@@0PAUIUnknown@@W4CComEnumFlags@2@@Z 10007bc9 f i Lights.obj
 0001:00006ca5       ?Init@CComModule@ATL@@QAEJPAU_ATL_OBJMAP_ENTRY30@2@PAUHINSTANCE__@@PBU_GUID@@@Z 10007ca5 f i Lights.obj
 0001:00006d04       ?Init@CDynamicStdCallThunk2@ATL@@QAEHKPAX@Z 10007d04 f i Lights.obj
 0001:00006d2f       ?InlineIsEqualUnknown@ATL@@YGHABU_GUID@@@Z 10007d2f f i Lights.obj
 0001:00006d57       ?InternalSetAtIndex@?$CSimpleMap@PA_WPA_WVCExpansionVectorEqualHelper@ATL@@@ATL@@QAEXHABQA_W0@Z 10007d57 f i Lights.obj
 0001:00006d81       ?Invoke@CComTypeInfoHolder@ATL@@QAEJPAUIDispatch@@JABU_GUID@@KGPAUtagDISPPARAMS@@PAUtagVARIANT@@PAUtagEXCEPINFO@@PAI@Z 10007d81 f i Lights.obj
 0001:00006dc2       ?IsEqualObject@?$CComPtrBase@UIOleClientSite@@@ATL@@QAE_NPAUIUnknown@@@Z 10007dc2 f i Lights.obj
 0001:00006dc2       ?IsEqualObject@?$CComPtrBase@UITypeInfo@@@ATL@@QAE_NPAUIUnknown@@@Z 10007dc2 f i Lights.obj
 0001:00006e2e       ?IsSpace@CRegParser@ATL@@IAEH_W@Z 10007e2e f i Lights.obj
 0001:00006e54       ?LoadNameCache@CComTypeInfoHolder@ATL@@QAEJPAUITypeInfo@@@Z 10007e54 f i Lights.obj
 0001:00006f89       ?Lookup@?$CSimpleMap@PA_WPA_WVCExpansionVectorEqualHelper@ATL@@@ATL@@QBEPA_WABQA_W@Z 10007f89 f i Lights.obj
 0001:00006faf       ?NextToken@CRegParser@ATL@@IAEJPA_W@Z 10007faf f i Lights.obj
 0001:000070de       ?OnKillFocus@CComControlBase@ATL@@QAEJIIJAAH@Z 100080de f i Lights.obj
 0001:00007139       ?OnMouseActivate@CComControlBase@ATL@@QAEJIIJAAH@Z 10008139 f i Lights.obj
 0001:000071a7       ?OnPaint@CComControlBase@ATL@@QAEJIIJAAH@Z 100081a7 f i Lights.obj
 0001:0000725e       ?OnSetFocus@CComControlBase@ATL@@QAEJIIJAAH@Z 1000825e f i Lights.obj
 0001:000072e9       ?Open@CRegKey@ATL@@QAEJPAUHKEY__@@PB_WK@Z 100082e9 f i Lights.obj
 0001:0000733e       ?PreProcessBuffer@CRegParser@ATL@@QAEJPA_WPAPA_W@Z 1000833e f i Lights.obj
 0001:000075ae       ?ProcessWindowMessage@?$CComControl@VCOPOSLights@@V?$CWindowImpl@VCOPOSLights@@VCWindow@ATL@@V?$CWinTraits@$0FGAAAAAA@$0A@@3@@ATL@@@ATL@@UAEHPAUHWND__@@IIJAAJK@Z 100085ae f i Lights.obj
 0001:00007656       ?ReadFromStream@CComBSTR@ATL@@QAEJPAUIStream@@@Z 10008656 f i Lights.obj
 0001:00007779       ?ReadFromStream@CComVariant@ATL@@QAEJPAUIStream@@GTClassesAllowedInStream@2@K@Z 10008779 f i Lights.obj
 0001:00007903       ?RecurseDeleteKey@CRegKey@ATL@@QAEJPB_W@Z 10008903 f i Lights.obj
 0001:000079f1       ?RegCreateKeyExW@CAtlTransactionManager@ATL@@QAEJPAUHKEY__@@PB_WKPA_WKKQAU_SECURITY_ATTRIBUTES@@PAPAU3@PAK@Z 100089f1 f i Lights.obj
 0001:00007a54       ?RegDeleteKeyW@CAtlTransactionManager@ATL@@QAEJPAUHKEY__@@PB_W@Z 10008a54 f i Lights.obj
 0001:00007aa6       ?RegOpenKeyExW@CAtlTransactionManager@ATL@@QAEJPAUHKEY__@@PB_WKKPAPAU3@@Z 10008aa6 f i Lights.obj
 0001:00007afd       ?Register@_ATL_WNDCLASSINFOW@ATL@@QAEGPAP6GJPAUHWND__@@IIJ@Z@Z 10008afd f i Lights.obj
 0001:00007b1d       ?RegisterBuffer@CRegParser@ATL@@QAEJPA_WH@Z 10008b1d f i Lights.obj
 0001:00007c64       ?RegisterFromResource@CRegObject@ATL@@IAEJPB_W00H@Z 10008c64 f i Lights.obj
 0001:00007d9a       ?RegisterServer@?$CAtlModuleT@VCComModule@ATL@@@ATL@@QAEJHPBU_GUID@@@Z 10008d9a f i Lights.obj
 0001:00007dc8       ?RegisterServer@CComModule@ATL@@QAEJHPBU_GUID@@@Z 10008dc8 f i Lights.obj
 0001:00007e39       ?RegisterSubkeys@CRegParser@ATL@@IAEJPA_WPAUHKEY__@@HH@Z 10008e39 f i Lights.obj
 0001:00008495       ?Remove@CComDynamicUnkArray@ATL@@QAEHK@Z 10009495 f i Lights.obj
 0001:000084be       ?RemoveAll@?$CSimpleMap@PA_WPA_WVCExpansionVectorEqualHelper@ATL@@@ATL@@QAEXXZ 100094be f i Lights.obj
 0001:000084ea       ?ResourceRegisterSz@CRegObject@ATL@@QAGJPB_W00@Z 100094ea f i Lights.obj
 0001:00008517       ?ResourceUnregisterSz@CRegObject@ATL@@QAGJPB_W00@Z 10009517 f i Lights.obj
 0001:00008544       ?SendOnDataChange@CComControlBase@ATL@@QAEJK@Z 10009544 f i Lights.obj
 0001:00008591       ?SetControlFocus@CComControlBase@ATL@@QAEHH@Z 10009591 f i Lights.obj
 0001:0000862c       ?SetMultiStringValue@CRegKey@ATL@@QAEJPB_W0@Z 1000962c f i Lights.obj
 0001:00008688       ?SetStringValue@CRegKey@ATL@@QAEJPB_W0K@Z 10009688 f i Lights.obj
 0001:000086d1       ?SkipAssignment@CRegParser@ATL@@IAEJPA_W@Z 100096d1 f i Lights.obj
 0001:0000873d       ?SkipWhiteSpace@CRegParser@ATL@@IAEXXZ 1000973d f i Lights.obj
 0001:00008766       ?StrChrW@CRegParser@ATL@@KAPA_WPA_W_W@Z 10009766 f i Lights.obj
 0001:000087a3       ?Term@CAtlModule@ATL@@QAEXXZ 100097a3 f i Lights.obj
 0001:00008820       ?Term@CComModule@ATL@@QAEXXZ 10009820 f i Lights.obj
 0001:00008878       ?UnregisterServer@?$CAtlModuleT@VCComModule@ATL@@@ATL@@QAEJHPBU_GUID@@@Z 10009878 f i Lights.obj
 0001:0000889e       ?UnregisterServer@CComModule@ATL@@QAEJHPBU_GUID@@@Z 1000989e f i Lights.obj
 0001:0000890f       ?UpdateRegistryFromResource@CAtlModule@ATL@@QAGJIHPAU_ATL_REGMAP_ENTRY@2@@Z 1000990f f i Lights.obj
 0001:00008ada       ?UpdateRegistryFromResource@CAtlModule@ATL@@QAGJPB_WHPAU_ATL_REGMAP_ENTRY@2@@Z 10009ada f i Lights.obj
 0001:00008cab       ?VTFromRegType@CRegParser@ATL@@KAHPB_WAAG@Z 10009cab f i Lights.obj
 0001:00008d18       ?WindowProc@?$CWindowImplBaseT@VCWindow@ATL@@V?$CWinTraits@$0FGAAAAAA@$0A@@2@@ATL@@SGJPAUHWND__@@IIJ@Z 10009d18 f i Lights.obj
 0001:00008e06       ?WriteToStream@CComBSTR@ATL@@QAEJPAUIStream@@@Z 10009e06 f i Lights.obj
 0001:00008e68       ?WriteToStream@CComVariant@ATL@@QAEJPAUIStream@@@Z 10009e68 f i Lights.obj
 0001:00008fe2       ?WriteToStream@CComVariant@ATL@@QAEJPAUIStream@@G@Z 10009fe2 f i Lights.obj
 0001:0000904b       ?_AtlInitialConstruct@?$CComObjectRootEx@VCComMultiThreadModel@ATL@@@ATL@@QAEJXZ 1000a04b f i Lights.obj
 0001:00009060       ?_AtlVerifyStackAvailable@_ATL_SAFE_ALLOCA_IMPL@ATL@@YA_NK@Z 1000a060 f i Lights.obj
 0001:000090de       ?atlCreate@?$CWindowImpl@VCOPOSLights@@VCWindow@ATL@@V?$CWinTraits@$0FGAAAAAA@$0A@@3@@ATL@@QAEPAUHWND__@@PAU3@V_U_RECT@2@PB_WKKV_U_MENUorID@2@PAX@Z 1000a0de f i Lights.obj
 0001:00009129       ?atlCreate@?$CWindowImplBaseT@VCWindow@ATL@@V?$CWinTraits@$0FGAAAAAA@$0A@@2@@ATL@@QAEPAUHWND__@@PAU3@V_U_RECT@2@PB_WKKV_U_MENUorID@2@GPAX@Z 1000a129 f i Lights.obj
 0001:000091c5       ?copy@?$_Copy@UtagCONNECTDATA@@@ATL@@SAJPAUtagCONNECTDATA@@PBU3@@Z 1000a1c5 f i Lights.obj
 0001:000091fb       ?copy@?$_CopyInterface@UIConnectionPoint@@@ATL@@SAJPAPAUIConnectionPoint@@PBQAU3@@Z 1000a1fb f i Lights.obj
 0001:00009229       ?memcpy_s@Checked@ATL@@YAXPAXIPBXI@Z 1000a229 f i Lights.obj
 0001:00009248       ?ocscpy_s@@YA_NPA_WIPB_W@Z 1000a248 f i Lights.obj
 0001:00009292       ?wcscpy_s@Checked@ATL@@YAXPA_WIPB_W@Z 1000a292 f i Lights.obj
 0001:000092ae       _DllCanUnloadNow@0         1000a2ae f   Lights.obj
 0001:000092ba       _DllGetClassObject@12      1000a2ba f   Lights.obj
 0001:000092c8       _DllMain@12                1000a2c8 f   Lights.obj
 0001:0000930a       _DllRegisterServer@0       1000a30a f   Lights.obj
 0001:00009319       _DllUnregisterServer@0     1000a319 f   Lights.obj
 0001:00009328       _InlineIsEqualGUID         1000a328 f i Lights.obj
 0001:00009358       ___local_stdio_printf_options 1000a358 f i Lights.obj
 0001:0000935e       __vswprintf_s_l            1000a35e f i Lights.obj
 0001:0000940b       _swprintf_s                1000a40b f i Lights.obj
 0001:00009427       ??0?$CComControl@VCOPOSLights@@V?$CWindowImpl@VCOPOSLights@@VCWindow@ATL@@V?$CWinTraits@$0FGAAAAAA@$0A@@3@@ATL@@@ATL@@QAE@XZ 1000a427 f i LightsImpl.obj
 0001:0000944e       ??0CComControlBase@ATL@@QAE@AAPAUHWND__@@@Z 1000a44e f i LightsImpl.obj
 0001:0000949e       ??0COPOSLights@@QAE@XZ     1000a49e f   LightsImpl.obj
 0001:000094ed       ??1?$CComControl@VCOPOSLights@@V?$CWindowImpl@VCOPOSLights@@VCWindow@ATL@@V?$CWinTraits@$0FGAAAAAA@$0A@@3@@ATL@@@ATL@@UAE@XZ 1000a4ed f i LightsImpl.obj
 0001:00009506       ??1?$IConnectionPointImpl@VCOPOSLights@@$1?DIID__IOPOSLightsEvents@@3U_GUID@@BVCComDynamicUnkArray@ATL@@@ATL@@QAE@XZ 1000a506 f i LightsImpl.obj
 0001:00009506       ??1?$IConnectionPointImpl@VCOPOSLights@@$1?IID_IPropertyNotifySink@@3U_GUID@@BVCComDynamicUnkArray@ATL@@@ATL@@QAE@XZ 1000a506 f i LightsImpl.obj
 0001:00009543       ??1CComControlBase@ATL@@UAE@XZ 1000a543 f i LightsImpl.obj
 0001:000095a6       ??1COPOSLights@@UAE@XZ     1000a5a6 f   LightsImpl.obj
 0001:000095ee       ?CheckHealth@COPOSLights@@UAGJJPAJ@Z 1000a5ee f   LightsImpl.obj
 0001:0000963d       ?ClaimDevice@COPOSLights@@UAGJJPAJ@Z 1000a63d f   LightsImpl.obj
 0001:000096b2       ?Close@COPOSLights@@UAGJPAJ@Z 1000a6b2 f   LightsImpl.obj
 0001:00009720       ?CompareFirmwareVersion@COPOSLights@@UAGJPA_WPAJ1@Z 1000a720 f   LightsImpl.obj
 0001:000097a0       ?DirectIO@COPOSLights@@UAGJJPAJPAPA_W0@Z 1000a7a0 f   LightsImpl.obj
 0001:0000984e       ?DoInvoke@COPOSLights@@IAEJJPAVOposVariant@@IHPAJ_N@Z 1000a84e f   LightsImpl.obj
 0001:0000992a       ?EventClose@COPOSLights@@IAEXXZ 1000a92a f i LightsImpl.obj
 0001:0000995d       ?EventInit@COPOSLights@@IAEJXZ 1000a95d f i LightsImpl.obj
 0001:00009a31       ?EventUninit@COPOSLights@@IAEXXZ 1000aa31 f i LightsImpl.obj
 0001:00009a83       ?EventWindowProc@COPOSLights@@IAGJIIJ@Z 1000aa83 f i LightsImpl.obj
 0001:00009afa       ?FinalConstruct@COPOSLights@@QAEJXZ 1000aafa f   LightsImpl.obj
 0001:00009b33       ?FireEventCleanup@COPOSLights@@IAEXXZ 1000ab33 f i LightsImpl.obj
 0001:00009b49       ?FireEventSetup@COPOSLights@@IAE_NXZ 1000ab49 f i LightsImpl.obj
 0001:00009b7d       ?FreezeEvents@COPOSLights@@MAGJH@Z 1000ab7d f   LightsImpl.obj
 0001:00009bca       ?GetOposProp@COPOSLights@@IAEJJPAFJ@Z 1000abca f   LightsImpl.obj
 0001:00009bed       ?GetOposProp@COPOSLights@@IAEJJPAJJ@Z 1000abed f   LightsImpl.obj
 0001:00009cbc       ?GetOposProp@COPOSLights@@IAEJJPAPA_WJ@Z 1000acbc f   LightsImpl.obj
 0001:00009d98       ?OnDraw@COPOSLights@@MAEJAAUATL_DRAWINFO@@@Z 1000ad98 f   LightsImpl.obj
 0001:00009e38       ?Open@COPOSLights@@UAGJPA_WPAJ@Z 1000ae38 f   LightsImpl.obj
 0001:0000a678       ?ReleaseDevice@COPOSLights@@UAGJPAJ@Z 1000b678 f   LightsImpl.obj
 0001:0000a6c7       ?ResetStatistics@COPOSLights@@UAGJPA_WPAJ@Z 1000b6c7 f   LightsImpl.obj
 0001:0000a71e       ?RetrieveStatistics@COPOSLights@@UAGJPAPA_WPAJ@Z 1000b71e f   LightsImpl.obj
 0001:0000a775       ?SOProcessID@COPOSLights@@UAGJPAJ@Z 1000b775 f   LightsImpl.obj
 0001:0000a789       ?SetCOFreezeEvents@COPOSLights@@IAEXF@Z 1000b789 f   LightsImpl.obj
 0001:0000a829       ?SetOposProp@COPOSLights@@IAEJJJJ@Z 1000b829 f   LightsImpl.obj
 0001:0000a920       ?SwitchOff@COPOSLights@@UAGJJPAJ@Z 1000b920 f   LightsImpl.obj
 0001:0000a96f       ?SwitchOffPattern@COPOSLights@@UAGJPAJ@Z 1000b96f f   LightsImpl.obj
 0001:0000a98a       ?SwitchOn@COPOSLights@@UAGJJJJJJPAJ@Z 1000b98a f   LightsImpl.obj
 0001:0000aa36       ?SwitchOnMultiple@COPOSLights@@UAGJPA_WJJJJPAJ@Z 1000ba36 f   LightsImpl.obj
 0001:0000aaf7       ?SwitchOnPattern@COPOSLights@@UAGJJJPAJ@Z 1000baf7 f   LightsImpl.obj
 0001:0000ab6b       ?UpdateFirmware@COPOSLights@@UAGJPA_WPAJ@Z 1000bb6b f   LightsImpl.obj
 0001:0000abc2       ?UpdateStatistics@COPOSLights@@UAGJPA_WPAJ@Z 1000bbc2 f   LightsImpl.obj
 0001:0000ac19       ?get_BinaryConversion@COPOSLights@@UAGJPAJ@Z 1000bc19 f   LightsImpl.obj
 0001:0000ac2f       ?get_CapAlarm@COPOSLights@@UAGJPAJ@Z 1000bc2f f   LightsImpl.obj
 0001:0000ac48       ?get_CapBlink@COPOSLights@@UAGJPAF@Z 1000bc48 f   LightsImpl.obj
 0001:0000ac61       ?get_CapColor@COPOSLights@@UAGJPAJ@Z 1000bc61 f   LightsImpl.obj
 0001:0000ac7a       ?get_CapCompareFirmwareVersion@COPOSLights@@UAGJPAF@Z 1000bc7a f   LightsImpl.obj
 0001:0000ac93       ?get_CapPattern@COPOSLights@@UAGJPAJ@Z 1000bc93 f   LightsImpl.obj
 0001:0000acac       ?get_CapPowerReporting@COPOSLights@@UAGJPAJ@Z 1000bcac f   LightsImpl.obj
 0001:0000acc5       ?get_CapStatisticsReporting@COPOSLights@@UAGJPAF@Z 1000bcc5 f   LightsImpl.obj
 0001:0000acde       ?get_CapUpdateFirmware@COPOSLights@@UAGJPAF@Z 1000bcde f   LightsImpl.obj
 0001:0000acf7       ?get_CapUpdateStatistics@COPOSLights@@UAGJPAF@Z 1000bcf7 f   LightsImpl.obj
 0001:0000ad10       ?get_CheckHealthText@COPOSLights@@UAGJPAPA_W@Z 1000bd10 f   LightsImpl.obj
 0001:0000ad29       ?get_Claimed@COPOSLights@@UAGJPAF@Z 1000bd29 f   LightsImpl.obj
 0001:0000ad3f       ?get_ControlObjectDescription@COPOSLights@@UAGJPAPA_W@Z 1000bd3f f   LightsImpl.obj
 0001:0000ad8d       ?get_ControlObjectVersion@COPOSLights@@UAGJPAJ@Z 1000bd8d f   LightsImpl.obj
 0001:0000ada0       ?get_DeviceDescription@COPOSLights@@UAGJPAPA_W@Z 1000bda0 f   LightsImpl.obj
 0001:0000adb9       ?get_DeviceEnabled@COPOSLights@@UAGJPAF@Z 1000bdb9 f   LightsImpl.obj
 0001:0000adcf       ?get_DeviceName@COPOSLights@@UAGJPAPA_W@Z 1000bdcf f   LightsImpl.obj
 0001:0000ade8       ?get_FreezeEvents@COPOSLights@@UAGJPAF@Z 1000bde8 f   LightsImpl.obj
 0001:0000adfe       ?get_MaxLights@COPOSLights@@UAGJPAJ@Z 1000bdfe f   LightsImpl.obj
 0001:0000ae17       ?get_OpenResult@COPOSLights@@UAGJPAJ@Z 1000be17 f   LightsImpl.obj
 0001:0000ae2e       ?get_PowerNotify@COPOSLights@@UAGJPAJ@Z 1000be2e f   LightsImpl.obj
 0001:0000ae44       ?get_PowerState@COPOSLights@@UAGJPAJ@Z 1000be44 f   LightsImpl.obj
 0001:0000ae5a       ?get_ResultCode@COPOSLights@@UAGJPAJ@Z 1000be5a f   LightsImpl.obj
 0001:0000ae98       ?get_ResultCodeExtended@COPOSLights@@UAGJPAJ@Z 1000be98 f   LightsImpl.obj
 0001:0000aeae       ?get_ServiceObjectDescription@COPOSLights@@UAGJPAPA_W@Z 1000beae f   LightsImpl.obj
 0001:0000aec7       ?get_ServiceObjectVersion@COPOSLights@@UAGJPAJ@Z 1000bec7 f   LightsImpl.obj
 0001:0000aedd       ?get_State@COPOSLights@@UAGJPAJ@Z 1000bedd f   LightsImpl.obj
 0001:0000af09       ?put_BinaryConversion@COPOSLights@@UAGJJ@Z 1000bf09 f   LightsImpl.obj
 0001:0000af1f       ?put_DeviceEnabled@COPOSLights@@UAGJF@Z 1000bf1f f   LightsImpl.obj
 0001:0000af3c       ?put_FreezeEvents@COPOSLights@@UAGJF@Z 1000bf3c f   LightsImpl.obj
 0001:0000af88       ?put_PowerNotify@COPOSLights@@UAGJJ@Z 1000bf88 f   LightsImpl.obj
 0001:0000af9e       ?s_EventWindowProc@COPOSLights@@KGJPAUHWND__@@IIJ@Z 1000bf9e f i LightsImpl.obj
 0001:0000aff0       ??_U@YAPAXI@Z              1000bff0 f   LIBCMT:new_array.obj
 0001:0000aff9       ??3@YAXPAXI@Z              1000bff9 f   LIBCMT:delete_scalar_size.obj
 0001:0000b007       ??_V@YAXPAX@Z              1000c007 f   LIBCMT:delete_array.obj
 0001:0000b00c       ??_V@YAXPAXI@Z             1000c00c f   LIBCMT:delete_array_size.obj
 0001:0000b05e       ___scrt_acquire_startup_lock 1000c05e f   LIBCMT:utility.obj
 0001:0000b090       ___scrt_dllmain_after_initialize_c 1000c090 f   LIBCMT:utility.obj
 0001:0000b0bb       ___scrt_dllmain_before_initialize_c 1000c0bb f   LIBCMT:utility.obj
 0001:0000b0c9       ___scrt_dllmain_crt_thread_attach 1000c0c9 f   LIBCMT:utility.obj
 0001:0000b0e8       ___scrt_dllmain_crt_thread_detach 1000c0e8 f   LIBCMT:utility.obj
 0001:0000b0f5       ___scrt_dllmain_exception_filter 1000c0f5 f   LIBCMT:utility.obj
 0001:0000b129       ___scrt_dllmain_uninitialize_c 1000c129 f   LIBCMT:utility.obj
 0001:0000b14c       ___scrt_dllmain_uninitialize_critical 1000c14c f   LIBCMT:utility.obj
 0001:0000b159       ___scrt_initialize_crt     1000c159 f   LIBCMT:utility.obj
 0001:0000b192       ___scrt_initialize_onexit_tables 1000c192 f   LIBCMT:utility.obj
 0001:0000b219       ___scrt_is_nonwritable_in_current_image 1000c219 f   LIBCMT:utility.obj
 0001:0000b2ad       ___scrt_release_startup_lock 1000c2ad f   LIBCMT:utility.obj
 0001:0000b2ca       ___scrt_uninitialize_crt   1000c2ca f   LIBCMT:utility.obj
 0001:0000b2f2       __onexit                   1000c2f2 f   LIBCMT:utility.obj
 0001:0000b31f       _atexit                    1000c31f f   LIBCMT:utility.obj
 0001:0000b334       ??3@YAXPAX@Z               1000c334 f   LIBCMT:delete_scalar.obj
 0001:0000b3fe       __Init_thread_footer       1000c3fe f   LIBCMT:thread_safe_statics.obj
 0001:0000b448       __Init_thread_header       1000c448 f   LIBCMT:thread_safe_statics.obj
 0001:0000b49a       __Init_thread_notify       1000c49a f   LIBCMT:thread_safe_statics.obj
 0001:0000b4d0       __Init_thread_wait         1000c4d0 f   LIBCMT:thread_safe_statics.obj
 0001:0000b51e       ___raise_securityfailure   1000c51e f   LIBCMT:gs_report.obj
 0001:0000b546       ___report_gsfailure        1000c546 f   LIBCMT:gs_report.obj
 0001:0000b640       ___report_rangecheckfailure 1000c640 f   LIBCMT:gs_report.obj
 0001:0000b64c       ___report_securityfailure  1000c64c f   LIBCMT:gs_report.obj
 0001:0000b71b       ??2@YAPAXIABUnothrow_t@std@@@Z 1000c71b f   LIBCMT:new_scalar_nothrow.obj
 0001:0000b770       ??_U@YAPAXIABUnothrow_t@std@@@Z 1000c770 f   LIBCMT:new_array_nothrow.obj
 0001:0000b779       @__security_check_cookie@4 1000c779 f   LIBCMT:secchk.obj
 0001:0000b790       __SEH_prolog4_GS           1000c790 f   LIBCMT:sehprolg4gs.obj
 0001:0000b7e0       __alloca_probe_16          1000c7e0 f   LIBCMT:alloca16.obj
 0001:0000b7f6       __alloca_probe_8           1000c7f6     LIBCMT:alloca16.obj
 0001:0000b810       __alloca_probe             1000c810 f   LIBCMT:chkstk.obj
 0001:0000b810       __chkstk                   1000c810 f   LIBCMT:chkstk.obj
 0001:0000bb7b       __DllMainCRTStartup@12     1000cb7b f   LIBCMT:dll_dllmain.obj
 0001:0000bb9e       ??2@YAPAXI@Z               1000cb9e f   LIBCMT:new_scalar.obj
 0001:0000bbce       ___isa_available_init      1000cbce f   LIBCMT:cpu_disp.obj
 0001:0000bda2       ___scrt_is_ucrt_dll_in_use 1000cda2 f   LIBCMT:ucrt_detection.obj
 0001:0000bdae       ___scrt_fastfail           1000cdae f   LIBCMT:utility_desktop.obj
 0001:0000bec9       __crt_debugger_hook        1000cec9 f   LIBCMT:utility_desktop.obj
 0001:0000bee0       __SEH_prolog4              1000cee0 f   LIBCMT:sehprolg4.obj
 0001:0000bf25       @_guard_check_icall_nop@4  1000cf25 f i LIBCMT:guard_support.obj
 0001:0000bf75       ___security_init_cookie    1000cf75 f   LIBCMT:gs_support.obj
 0001:0000bfc0       ?__scrt_initialize_type_info@@YAXXZ 1000cfc0 f   LIBCMT:tncleanup.obj
 0001:0000bfcc       ?__scrt_uninitialize_type_info@@YAXXZ 1000cfcc f   LIBCMT:tncleanup.obj
 0001:0000bfd8       ___local_stdio_scanf_options 1000cfd8 f i LIBCMT:default_local_stdio_options.obj
 0001:0000bfde       ___scrt_initialize_default_local_stdio_options 1000cfde f   LIBCMT:default_local_stdio_options.obj
 0001:0000bffb       ___scrt_get_dyn_tls_init_callback 1000cffb f   LIBCMT:dyn_tls_init.obj
 0001:0000c001       __RTC_Initialize           1000d001 f   LIBCMT:initsect.obj
 0001:0000c02d       __RTC_Terminate            1000d02d f   LIBCMT:initsect.obj
 0001:0000c059       ??0bad_alloc@std@@QAE@ABV01@@Z 1000d059 f i LIBCMT:throw_bad_alloc.obj
 0001:0000c074       ??0bad_alloc@std@@QAE@XZ   1000d074 f i LIBCMT:throw_bad_alloc.obj
 0001:0000c08c       ??0bad_array_new_length@std@@QAE@ABV01@@Z 1000d08c f i LIBCMT:throw_bad_alloc.obj
 0001:0000c0a7       ??0bad_array_new_length@std@@QAE@XZ 1000d0a7 f i LIBCMT:throw_bad_alloc.obj
 0001:0000c0bf       ??0exception@std@@QAE@ABV01@@Z 1000d0bf f i LIBCMT:throw_bad_alloc.obj
 0001:0000c0eb       ??1bad_exception@std@@UAE@XZ 1000d0eb f i libvcruntime:frame.obj
 0001:0000c0eb       ??1bad_array_new_length@std@@UAE@XZ 1000d0eb f i LIBCMT:throw_bad_alloc.obj
 0001:0000c0eb       ??1bad_alloc@std@@UAE@XZ   1000d0eb f i LIBCMT:throw_bad_alloc.obj
 0001:0000c0fc       ??_Gbad_alloc@std@@UAEPAXI@Z 1000d0fc f i LIBCMT:throw_bad_alloc.obj
 0001:0000c0fc       ??_Ebad_exception@std@@UAEPAXI@Z 1000d0fc f i libvcruntime:frame.obj
 0001:0000c0fc       ??_Gbad_array_new_length@std@@UAEPAXI@Z 1000d0fc f i LIBCMT:throw_bad_alloc.obj
 0001:0000c0fc       ??_Ebad_array_new_length@std@@UAEPAXI@Z 1000d0fc f i LIBCMT:throw_bad_alloc.obj
 0001:0000c0fc       ??_Ebad_alloc@std@@UAEPAXI@Z 1000d0fc f i LIBCMT:throw_bad_alloc.obj
 0001:0000c0fc       ??_Gbad_exception@std@@UAEPAXI@Z 1000d0fc f i libvcruntime:frame.obj
 0001:0000c0fc       ??_Gexception@std@@UAEPAXI@Z 1000d0fc f i LIBCMT:throw_bad_alloc.obj
 0001:0000c0fc       ??_Eexception@std@@UAEPAXI@Z 1000d0fc f i LIBCMT:throw_bad_alloc.obj
 0001:0000c129       ?__scrt_throw_std_bad_alloc@@YAXXZ 1000d129 f   LIBCMT:throw_bad_alloc.obj
 0001:0000c146       ?__scrt_throw_std_bad_array_new_length@@YAXXZ 1000d146 f   LIBCMT:throw_bad_alloc.obj
 0001:0000c163       ?what@exception@std@@UBEPBDXZ 1000d163 f i LIBCMT:throw_bad_alloc.obj
 0001:0000c170       ??_Etype_info@@UAEPAXI@Z   1000d170 f i LIBCMT:std_type_info_static.obj
 0001:0000c170       ??_Gtype_info@@UAEPAXI@Z   1000d170 f i LIBCMT:std_type_info_static.obj
 0001:0000c193       ??0CAtlBaseModule@ATL@@QAE@XZ 1000d193 f   atls:atlbase.obj
 0001:0000c1e6       ??0_ATL_BASE_MODULE70@ATL@@QAE@XZ 1000d1e6 f i atls:atlbase.obj
 0001:0000c209       ??1CAtlBaseModule@ATL@@QAE@XZ 1000d209 f   atls:atlbase.obj
 0001:0000c2f6       ?Init@_stdcallthunk@ATL@@QAEHKPAX@Z 1000d2f6 f i atls:atlthunk.obj
 0001:0000c32b       ?__AllocStdCallThunk_cmn@@YAPAXXZ 1000d32b f   atls:atlthunk.obj
 0001:0000c3f1       ?__FreeStdCallThunk_cmn@@YAXPAX@Z 1000d3f1 f   atls:atlthunk.obj
 0001:0000c48d       _AtlThunk_AllocateData@0   1000d48d f   atls:atlthunk.obj
 0001:0000c4f2       _AtlThunk_DataToCode@4     1000d4f2 f   atls:atlthunk.obj
 0001:0000c539       _AtlThunk_FreeData@4       1000d539 f   atls:atlthunk.obj
 0001:0000c58f       _AtlThunk_InitData@12      1000d58f f   atls:atlthunk.obj
 0001:0000c5de       __get_purecall_handler     1000d5de f   libvcruntime:purevirt.obj
 0001:0000c5e5       __purecall                 1000d5e5 f   libvcruntime:purevirt.obj
 0001:0000c601       _wcsstr                    1000d601 f   libvcruntime:wcsstr.obj
 0001:0000c8c0       __except_handler4          1000d8c0 f   libvcruntime:chandler4.obj
 0001:0000ca1e       _memcmp                    1000da1e f   libvcruntime:memcmp.obj
 0001:0000e0a0       _memcpy                    1000f0a0 f   libvcruntime:memcpy.obj
 0001:0000e0a0       _memmove                   1000f0a0 f   libvcruntime:memmove.obj
 0001:0000e620       _memset                    1000f620 f   libvcruntime:memset.obj
 0001:0000e77a       ___vcrt_initialize         1000f77a f   libvcruntime:initialization.obj
 0001:0000e799       ___vcrt_thread_attach      1000f799 f   libvcruntime:initialization.obj
 0001:0000e7a4       ___vcrt_thread_detach      1000f7a4 f   libvcruntime:initialization.obj
 0001:0000e7af       ___vcrt_uninitialize       1000f7af f   libvcruntime:initialization.obj
[...]
 0002:000063c0       CC                         100263c0     libucrt:log10_pentium4.obj
 0002:000063d0       Magic                      100263d0     libucrt:log10_pentium4.obj
 0002:000063e0       hi_mask                    100263e0     libucrt:log10_pentium4.obj
 0002:000063f0       LOG10_2                    100263f0     libucrt:log10_pentium4.obj
 0002:00006400       place_L                    10026400     libucrt:log10_pentium4.obj
 0002:00006420       One                        10026420     libucrt:log10_pentium4.obj
 0002:00006430       Zero                       10026430     libucrt:log10_pentium4.obj
 0002:00006440       Two52                      10026440     libucrt:log10_pentium4.obj
 0002:00006450       Infs                       10026450     libucrt:log10_pentium4.obj
 0002:00006460       NaN                        10026460     libucrt:log10_pentium4.obj
 0002:00006470       coeff                      10026470     libucrt:log10_pentium4.obj
 0002:000064ce       _log2max                   100264ce     libucrt:87tran.obj
 0002:000064d8       _smallarg                  100264d8     libucrt:87tran.obj
 0002:000064e2       _half                      100264e2     libucrt:87tran.obj
 0002:0000652e       One                        1002652e     libucrt:87disp.obj
 0002:00006536       Three                      10026536     libucrt:87disp.obj
 0002:0000653e       XAMtoTagTab                1002653e     libucrt:87disp.obj
 0002:00006550       One                        10026550     libucrt:common.obj
 0002:00006564       DblMax                     10026564     libucrt:common.obj
 0002:0000656c       DblMin                     1002656c     libucrt:common.obj
 0002:00006574       IeeeAdjO                   10026574     libucrt:common.obj
 0002:0000657c       IeeeAdjU                   1002657c     libucrt:common.obj
 0002:00006584       _infinity                  10026584     libucrt:common.obj
 0002:0000658c       _zero                      1002658c     libucrt:common.obj
 0002:000065d8       _over                      100265d8     libucrt:fpctrl.obj
 0002:000065e4       _under                     100265e4     libucrt:fpctrl.obj
 0002:00006e18       ?_names@?1??_get_fname@@9@4QBU<unnamed-type-_names>@?1??1@YAPADI@Z@B 10026e18     libucrt:fpexcept.obj
 0002:00006fc0       two32                      10026fc0     LIBCMT:ftol2.obj
 0002:00006fc4       two63                      10026fc4     LIBCMT:ftol2.obj
 0002:00006fc8       _NaN                       10026fc8     LIBCMT:ftol2.obj
 0002:00007710       __sehtable$?_AtlVerifyStackAvailable@_ATL_SAFE_ALLOCA_IMPL@ATL@@YA_NK@Z 10027710     Lights.obj
 0002:00007730       __sehtable$___scrt_is_nonwritable_in_current_image 10027730     LIBCMT:utility.obj
 0002:0000774c       __catchsym$??2@YAPAXIABUnothrow_t@std@@@Z$2 1002774c     LIBCMT:new_scalar_nothrow.obj
 0002:0000775c       __unwindtable$??2@YAPAXIABUnothrow_t@std@@@Z 1002775c     LIBCMT:new_scalar_nothrow.obj
 0002:0000776c       __tryblocktable$??2@YAPAXIABUnothrow_t@std@@@Z 1002776c     LIBCMT:new_scalar_nothrow.obj
 0002:00007780       __ehfuncinfo$??2@YAPAXIABUnothrow_t@std@@@Z 10027780     LIBCMT:new_scalar_nothrow.obj
 0002:000077a8       __sehtable$?dllmain_crt_process_attach@@YAHQAUHINSTANCE__@@QAX@Z 100277a8     LIBCMT:dll_dllmain.obj
 0002:000077c8       __sehtable$?dllmain_crt_process_detach@@YAH_N@Z 100277c8     LIBCMT:dll_dllmain.obj
 0002:000077f0       __sehtable$?dllmain_dispatch@@YAHQAUHINSTANCE__@@KQAX@Z 100277f0     LIBCMT:dll_dllmain.obj
 0002:000078a0       __sehtable$___DestructExceptionObject 100278a0     libvcruntime:ehhelpers.obj
 0002:000078c0       __sehtable$?FrameUnwindToState@__FrameHandler3@@SAXPAUEHRegistrationNode@@PAXPBU_s_FuncInfo@@H@Z 100278c0     libvcruntime:frame.obj
 0002:000078e8       __sehtable$?CallCatchBlock@@YAPAXPAUEHExceptionRecord@@PAUEHRegistrationNode@@PAU_CONTEXT@@PBU_s_FuncInfo@@PAXHK@Z 100278e8     libvcruntime:frame.obj
 0002:00007910       __catchsym$?CallUnexpected@@YAXPBU_s_ESTypeList@@@Z$2 10027910     libvcruntime:frame.obj
 0002:00007920       __unwindtable$?CallUnexpected@@YAXPBU_s_ESTypeList@@@Z 10027920     libvcruntime:frame.obj
 0002:00007930       __tryblocktable$?CallUnexpected@@YAXPBU_s_ESTypeList@@@Z 10027930     libvcruntime:frame.obj
 0002:00007944       __ehfuncinfo$?CallUnexpected@@YAXPBU_s_ESTypeList@@@Z 10027944     libvcruntime:frame.obj
 0002:00007968       __sehtable$??$BuildCatchObjectHelperInternal@V__FrameHandler3@@@@YAHPAUEHExceptionRecord@@PAXPBU_s_HandlerType@@PBU_s_CatchableType@@@Z 10027968     libvcruntime:frame.obj
 0002:00007988       __sehtable$??$BuildCatchObjectInternal@V__FrameHandler3@@@@YAXPAUEHExceptionRecord@@PAXPBU_s_HandlerType@@PBU_s_CatchableType@@@Z 10027988     libvcruntime:frame.obj
 0002:000079dc       __ehfuncinfo$?write_double_translated_ansi_nolock@@YA?AUwrite_result@?A0x17268360@@HQBDIAAV__crt_cached_ptd_host@@@Z 100279dc     libucrt:write.obj
 0002:000079dc       __ehfuncinfo$?try_cor_exit_process@@YAXI@Z 100279dc     libucrt:exit.obj
 0002:00007a00       __unwindtable$?common_exit@@YAXHW4_crt_exit_cleanup_mode@@W4_crt_exit_return_mode@@@Z 10027a00     libucrt:exit.obj
 0002:00007a08       __ehfuncinfo$?common_exit@@YAXHW4_crt_exit_cleanup_mode@@W4_crt_exit_return_mode@@@Z 10027a08     libucrt:exit.obj
 0002:00007a30       __sehtable$??R<lambda_6e4b09c48022b2350581041d5f6b0c4c>@@QBE@XZ 10027a30     libucrt:exit.obj
 0002:00007a50       __sehtable$??$?RV<lambda_03b1d95aef87969028cfba75ccab2455>@@AAV<lambda_6e4b09c48022b2350581041d5f6b0c4c>@@V<lambda_22bdf7517842c4b3e53723af5aa32b9e>@@@?$__crt_seh_guarded_call@X@@QAEX$$QAV<lambda_03b1d95aef87969028cfba75ccab2455>@@AAV<lambda_6e4b09c48022b2350581041d5f6b0c4c>@@$$QAV<lambda_22bdf7517842c4b3e53723af5aa32b9e>@@@Z 10027a50     libucrt:exit.obj
 0002:00007a6c       __unwindtable$___dcrt_uninitialize_environments_nolock 10027a6c     libucrt:environment_initialization.obj
 0002:00007a7c       __ehfuncinfo$___dcrt_uninitialize_environments_nolock 10027a7c     libucrt:environment_initialization.obj
 0002:00007aa0       __unwindtable$__execute_onexit_table 10027aa0     libucrt:onexit.obj
 0002:00007aa8       __ehfuncinfo$__execute_onexit_table 10027aa8     libucrt:onexit.obj
 0002:00007ad0       __sehtable$??$?RV<lambda_8e746cf0007f6ed984d6f78af1fec997>@@AAV<lambda_22ebabd17bc4fa466a2aca6d8deb888d>@@V<lambda_18ed0c0b38a6dc0daf1e7ac6d6adf05e>@@@?$__crt_seh_guarded_call@H@@QAEH$$QAV<lambda_8e746cf0007f6ed984d6f78af1fec997>@@AAV<lambda_22ebabd17bc4fa466a2aca6d8deb888d>@@$$QAV<lambda_18ed0c0b38a6dc0daf1e7ac6d6adf05e>@@@Z 10027ad0     libucrt:onexit.obj
 0002:00007af0       __sehtable$??$?RV<lambda_69a2805e680e0e292e8ba93315fe43a8>@@AAV<lambda_f03950bc5685219e0bcd2087efbe011e>@@V<lambda_03fcd07e894ec930e3f35da366ca99d6>@@@?$__crt_seh_guarded_call@H@@QAEH$$QAV<lambda_69a2805e680e0e292e8ba93315fe43a8>@@AAV<lambda_f03950bc5685219e0bcd2087efbe011e>@@$$QAV<lambda_03fcd07e894ec930e3f35da366ca99d6>@@@Z 10027af0     libucrt:onexit.obj
 0002:00007b10       __sehtable$__query_new_handler 10027b10     libucrt:new_handler.obj
 0002:00007b30       __sehtable$_terminate      10027b30     libucrt:terminate.obj
 0002:00007b50       __sehtable$??$?RV<lambda_15ade71b0218206bbe3333a0c9b79046>@@AAV<lambda_da44e0f8b0f19ba52fefafb335991732>@@V<lambda_207f2d024fc103971653565357d6cd41>@@@?$__crt_seh_guarded_call@X@@QAEX$$QAV<lambda_15ade71b0218206bbe3333a0c9b79046>@@AAV<lambda_da44e0f8b0f19ba52fefafb335991732>@@$$QAV<lambda_207f2d024fc103971653565357d6cd41>@@@Z 10027b50     libucrt:per_thread_data.obj
 0002:00007b70       __sehtable$??$?RV<lambda_a7e850c220f1c8d1e6efeecdedd162c6>@@AAV<lambda_46720907175c18b6c9d2717bc0d2d362>@@V<lambda_9048902d66e8d99359bc9897bbb930a8>@@@?$__crt_seh_guarded_call@X@@QAEX$$QAV<lambda_a7e850c220f1c8d1e6efeecdedd162c6>@@AAV<lambda_46720907175c18b6c9d2717bc0d2d362>@@$$QAV<lambda_9048902d66e8d99359bc9897bbb930a8>@@@Z 10027b70     libucrt:per_thread_data.obj
 0002:00007b90       __sehtable$??$?RV<lambda_38edbb1296d33220d7e4dd0ed76b244a>@@AAV<lambda_5ce1d447e08cb34b2473517608e21441>@@V<lambda_fb385d3da700c9147fc39e65dd577a8c>@@@?$__crt_seh_guarded_call@X@@QAEX$$QAV<lambda_38edbb1296d33220d7e4dd0ed76b244a>@@AAV<lambda_5ce1d447e08cb34b2473517608e21441>@@$$QAV<lambda_fb385d3da700c9147fc39e65dd577a8c>@@@Z 10027b90     libucrt:per_thread_data.obj
 0002:00007bb0       __sehtable$??$?RV<lambda_6affb1475c98b40b75cdec977db92e3c>@@AAV<lambda_b8d4b9c228a6ecc3f80208dbb4b4a104>@@V<lambda_608742c3c92a14382c1684fc64f96c88>@@@?$__crt_seh_guarded_call@X@@QAEX$$QAV<lambda_6affb1475c98b40b75cdec977db92e3c>@@AAV<lambda_b8d4b9c228a6ecc3f80208dbb4b4a104>@@$$QAV<lambda_608742c3c92a14382c1684fc64f96c88>@@@Z 10027bb0     libucrt:per_thread_data.obj
 0002:00007bd0       __sehtable$??$?RV<lambda_e5124f882df8998aaf41531e079ba474>@@AAV<lambda_3e16ef9562a7dcce91392c22ab16ea36>@@V<lambda_e25ca0880e6ef98be67edffd8c599615>@@@?$__crt_seh_guarded_call@X@@QAEX$$QAV<lambda_e5124f882df8998aaf41531e079ba474>@@AAV<lambda_3e16ef9562a7dcce91392c22ab16ea36>@@$$QAV<lambda_e25ca0880e6ef98be67edffd8c599615>@@@Z 10027bd0     libucrt:wsetlocale.obj
 0002:00007bf0       __sehtable$___acrt_initialize_lowio 10027bf0     libucrt:ioinit.obj
 0002:00007c10       __sehtable$?update_thread_multibyte_data_internal@@YAPAU__crt_multibyte_data@@QAU__acrt_ptd@@QAPAU1@@Z 10027c10     libucrt:mbctype.obj
 0002:00007c30       __sehtable$??$?RV<lambda_ceb1ee4838e85a9d631eb091e2fbe199>@@AAV<lambda_ae742caa10f662c28703da3d2ea5e57e>@@V<lambda_cd08b5d6af4937fe54fc07d0c9bf6b37>@@@?$__crt_seh_guarded_call@X@@QAEX$$QAV<lambda_ceb1ee4838e85a9d631eb091e2fbe199>@@AAV<lambda_ae742caa10f662c28703da3d2ea5e57e>@@$$QAV<lambda_cd08b5d6af4937fe54fc07d0c9bf6b37>@@@Z 10027c30     libucrt:mbctype.obj
 0002:00007c50       __sehtable$_raise          10027c50     libucrt:signal.obj
 0002:00007c70       __sehtable$??$?RV<lambda_cbab9ec6f41b0180b23cc171c22676b0>@@AAV<lambda_44731a7d0e6d81c3e6aa82d741081786>@@V<lambda_4b292cb8dd18144e164572427af410ab>@@@?$__crt_seh_guarded_call@P6AXH@Z@@QAEP6AXH@Z$$QAV<lambda_cbab9ec6f41b0180b23cc171c22676b0>@@AAV<lambda_44731a7d0e6d81c3e6aa82d741081786>@@$$QAV<lambda_4b292cb8dd18144e164572427af410ab>@@@Z 10027c70     libucrt:signal.obj
 0002:00007c90       __sehtable$??$?RV<lambda_2866be3712abc81a800a822484c830d8>@@AAV<lambda_39ca0ed439415581b5b15c265174cece>@@V<lambda_2b24c74d71094a6cd0cb82e44167d71b>@@@?$__crt_seh_guarded_call@X@@QAEX$$QAV<lambda_2866be3712abc81a800a822484c830d8>@@AAV<lambda_39ca0ed439415581b5b15c265174cece>@@$$QAV<lambda_2b24c74d71094a6cd0cb82e44167d71b>@@@Z 10027c90     libucrt:fflush.obj
 0002:00007cb0       __sehtable$??$?RV<lambda_2cc53f568c5a2bb6f192f930a45d44ea>@@AAV<lambda_ab61a845afdef5b7c387490eaf3616ee>@@V<lambda_c2ffc0b7726aa6be21d5f0026187e748>@@@?$__crt_seh_guarded_call@X@@QAEX$$QAV<lambda_2cc53f568c5a2bb6f192f930a45d44ea>@@AAV<lambda_ab61a845afdef5b7c387490eaf3616ee>@@$$QAV<lambda_c2ffc0b7726aa6be21d5f0026187e748>@@@Z 10027cb0     libucrt:fflush.obj
 0002:00007cd0       __sehtable$___acrt_update_thread_locale_data 10027cd0     libucrt:locale_refcounting.obj
 0002:00007cf0       __sehtable$__fcloseall     10027cf0     libucrt:closeall.obj
 0002:00007d10       __sehtable$___acrt_lowio_ensure_fh_exists 10027d10     libucrt:osfinfo.obj
 0002:00007d30       __sehtable$??$?RV<lambda_9e9de3de5fa147e2223d7db92bc10aa6>@@AAV<lambda_38ce7e780aa69e748d6df282ebc68efe>@@V<lambda_8ca6da459f0f6780f1cff60fdc3d00e5>@@@?$__crt_seh_guarded_call@H@@QAEH$$QAV<lambda_9e9de3de5fa147e2223d7db92bc10aa6>@@AAV<lambda_38ce7e780aa69e748d6df282ebc68efe>@@$$QAV<lambda_8ca6da459f0f6780f1cff60fdc3d00e5>@@@Z 10027d30     libucrt:commit.obj
 0002:00007d50       __sehtable$__write_internal 10027d50     libucrt:write.obj
 0002:00007d70       __sehtable$?_fclose_internal@@YAHQAU_iobuf@@AAV__crt_cached_ptd_host@@@Z 10027d70     libucrt:fclose.obj
 0002:00007d90       __sehtable$??$?RV<lambda_d422a76eb4c3bf3ad751449ab71a6ea4>@@AAV<lambda_c9ba49e555ba839a7b07aa3fbecb7617>@@V<lambda_9476263c8ee91a25d21c55370bdb50de>@@@?$__crt_seh_guarded_call@H@@QAEH$$QAV<lambda_d422a76eb4c3bf3ad751449ab71a6ea4>@@AAV<lambda_c9ba49e555ba839a7b07aa3fbecb7617>@@$$QAV<lambda_9476263c8ee91a25d21c55370bdb50de>@@@Z 10027d90     libucrt:close.obj
 0002:00007db0       __sehtable$___set_fpsr_sse2 10027db0     libucrt:fpctrl.obj
 0002:00007dd0       __sehtable$__IsNonwritableInCurrentImage 10027dd0     LIBCMT:pesect.obj
 0002:00007e00       .edata                     10027e00     OPOSLights.exp
 0002:00007e28       rgpv                       10027e28     OPOSLights.exp
 0002:00007e38       rgszName                   10027e38     OPOSLights.exp
 0002:00007e48       rgwOrd                     10027e48     OPOSLights.exp
 0002:00007e50       szName                     10027e50     OPOSLights.exp
 0002:00007e5f       $N00001                    10027e5f     OPOSLights.exp
 0002:00007e6f       $N00002                    10027e6f     OPOSLights.exp
 0002:00007e81       $N00003                    10027e81     OPOSLights.exp
 0002:00007e93       $N00004                    10027e93     OPOSLights.exp
 0002:000084a2       .idata$6                   100284a2     kernel32:KERNEL32.dll
 0002:000086b6       .idata$6                   100286b6     user32:USER32.dll
 0002:000087ea       .idata$6                   100287ea     gdi32:GDI32.dll
 0002:00008890       .idata$6                   10028890     advapi32:ADVAPI32.dll
 0002:000089ac       .idata$6                   100289ac     ole32:ole32.dll
 0002:000089b6       .idata$6                   100289b6     oleaut32:OLEAUT32.dll
 0003:00000110       ?ObjectMap@@3PAU_ATL_OBJMAP_ENTRY30@ATL@@A 10029110     Lights.obj
 0003:000001c0       ?s_SOMethodNames@@3PAPADA  100291c0     LightsImpl.obj
 0003:00000218       ?s_RequiredMethodsPerRelease@@3PAHA 10029218     LightsImpl.obj
 0003:00000250       ?__vcrt_flsindex@@3KA      10029250     libvcruntime:per_thread_data.obj
 0003:00000270       ?errno_no_memory@@3HA      10029270     libucrt:errno.obj
 0003:00000274       ?doserrno_no_memory@@3KA   10029274     libucrt:errno.obj
 0003:00000280       ?__acrt_flsindex@@3KA      10029280     libucrt:per_thread_data.obj
 0003:00000618       __mbctypes                 10029618     libucrt:mbctype.obj
 0003:00000720       __mbcasemaps               10029720     libucrt:mbctype.obj
 0003:00000820       ?__rgctypeflag@@3PADA      10029820     libucrt:mbctype.obj
 0003:00000828       ?__rgcode_page_info@@3PAUcode_page_info@@A 10029828     libucrt:mbctype.obj
 0003:00000a80       ?__dcrt_lowio_console_output_handle@@3PAXA 10029a80     libucrt:initcon.obj
 0003:00000a84       ?__DAZ_ENABLED@?1??__set_fpsr_sse2@@9@9 10029a84     libucrt:fpctrl.obj
 0003:00000c18       ?is_initialized_as_dll@@3_NA 10029c18     LIBCMT:utility.obj
 0003:00000c19       ?module_local_atexit_table_initialized@@3_NA 10029c19     LIBCMT:utility.obj
 0003:00000c1c       ?module_local_atexit_table@@3U_onexit_table_t@@A 10029c1c     LIBCMT:utility.obj
 0003:00000c28       ?module_local_at_quick_exit_table@@3U_onexit_table_t@@A 10029c28     LIBCMT:utility.obj
 0003:00000c34       ?g_tss_cv@@3U_RTL_CONDITION_VARIABLE@@A 10029c34     LIBCMT:thread_safe_statics.obj
 0003:00000c38       ?g_tss_event@@3PAXA        10029c38     LIBCMT:thread_safe_statics.obj
 0003:00000c3c       ?g_tss_mutex@@3U_RTL_CRITICAL_SECTION@@A 10029c3c     LIBCMT:thread_safe_statics.obj
 0003:00000c54       ?g_sleep_condition_variable_cs@@3P6GHPAU_RTL_CONDITION_VARIABLE@@PAU_RTL_CRITICAL_SECTION@@K@ZA 10029c54     LIBCMT:thread_safe_statics.obj
 0003:00000c58       ?g_wake_all_condition_variable@@3P6GXPAU_RTL_CONDITION_VARIABLE@@@ZA 10029c58     LIBCMT:thread_safe_statics.obj
 0003:00000c60       _GS_ExceptionRecord        10029c60     LIBCMT:gs_report.obj
 0003:00000cb0       _GS_ContextRecord          10029cb0     LIBCMT:gs_report.obj
 0003:00000f80       ?__proc_attached@@3HA      10029f80     LIBCMT:dll_dllmain.obj
 0003:00000fdc       ?AllocateData@@3P6GPAUAtlThunkData_t@@XZA 10029fdc     atls:atlthunk.obj
 0003:00000fe0       ?InitData@@3P6GXPAUAtlThunkData_t@@PAXI@ZA 10029fe0     atls:atlthunk.obj
 0003:00000fe4       ?DataToCode@@3P6GP6GJPAUHWND__@@IIJ@ZPAUAtlThunkData_t@@@ZA 10029fe4     atls:atlthunk.obj
 0003:00000fe8       ?FreeData@@3P6GXPAUAtlThunkData_t@@@ZA 10029fe8     atls:atlthunk.obj
 0003:00000fec       ?Initialized@@3_NA         10029fec     atls:atlthunk.obj
 0003:00000ffc       ?__vcrt_startup_thread_ptd@@3U__vcrt_ptd@@A 10029ffc     libvcruntime:per_thread_data.obj
 0003:00001024       ___vcrt_lock_table         1002a024     libvcruntime:locks.obj
 0003:0000103c       ___vcrt_locks_initialized  1002a03c     libvcruntime:locks.obj
 0003:00001068       ?heap@@3V_HeapManager@@A   1002a068     libvcruntime:undname.obj
 0003:0000107c       ?module_handles@@3PAPAUHINSTANCE__@@A 1002a07c     libvcruntime:winapi_downlevel.obj
 0003:00001088       ?function_pointers@@3PAPAXA 1002a088     libvcruntime:winapi_downlevel.obj
 0003:0000109c       ?__acrt_invalid_parameter_handler@@3V?$dual_state_global@P6AXPB_W00II@Z@__crt_state_management@@A 1002a09c     libucrt:invalid_parameter.obj
 0003:000010a0       ?c_termination_complete@@3JA 1002a0a0     libucrt:exit.obj
 0003:000010a4       ?thread_local_exit_callback_func@@3P6GXPAXK0@ZA 1002a0a4     libucrt:exit.obj
 0003:000010b0       ?program_name@?1???$common_configure_argv@D@@YAHW4_crt_argv_mode@@@Z@4PADA 1002a0b0     libucrt:argv_parsing.obj
 0003:000011e0       ?__acrt_new_handler@@3V?$dual_state_global@P6AHI@Z@__crt_state_management@@A 1002a1e0     libucrt:new_handler.obj
 0003:000011f0       ?module_handles@@3PAPAUHINSTANCE__@@A 1002a1f0     libucrt:winapi_thunks.obj
 0003:00001240       ?encoded_function_pointers@@3PAPAXA 1002a240     libucrt:winapi_thunks.obj
 0003:000012c8       ?internal_state@?1??_mbtowc_internal@@9@4U_Mbstatet@@A 1002a2c8     libucrt:mbtowc.obj
 0003:000012d8       ?enable_percent_n@@3IA     1002a2d8     libucrt:printf_count_output.obj
 0003:000014f0       ?__acrt_lock_table@@3PAU_RTL_CRITICAL_SECTION@@A 1002a4f0     libucrt:locks.obj
 0003:00001640       ?__acrt_locks_initialized@@3IA 1002a640     libucrt:locks.obj
 0003:00001650       ?fSystemSet@@3HA           1002a650     libucrt:mbctype.obj
 0003:00001654       ?initialized@?1??__acrt_initialize_multibyte@@9@4_NA 1002a654     libucrt:mbctype.obj
 0003:00001674       ?ctrlc_action@@3V?$dual_state_global@P6AXH@Z@__crt_state_management@@A 1002a674     libucrt:signal.obj
 0003:00001678       ?ctrlbreak_action@@3V?$dual_state_global@P6AXH@Z@__crt_state_management@@A 1002a678     libucrt:signal.obj
 0003:0000167c       ?abort_action@@3V?$dual_state_global@P6AXH@Z@__crt_state_management@@A 1002a67c     libucrt:signal.obj
 0003:00001680       ?term_action@@3V?$dual_state_global@P6AXH@Z@__crt_state_management@@A 1002a680     libucrt:signal.obj
 0003:00001684       ?user_matherr@@3V?$dual_state_global@P6AHPAU_exception@@@Z@__crt_state_management@@A 1002a684     libucrt:matherr.obj
 0003:00001690       ?__acrt_global_new_mode@@3V?$dual_state_global@J@__crt_state_management@@A 1002a690     libucrt:new_mode.obj
 0003:00001694       ?internal_pst@?1??__mbrtoc32_utf8@__crt_mbstring@@YAIPA_UPBDIPAU_Mbstatet@@AAV__crt_cached_ptd_host@@@Z@4U3@A 1002a694     libucrt:mbrtoc32.obj
 0003:0000169c       ?__acrt_app_type@@3W4_crt_app_type@@A 1002a69c     libucrt:report_runtime_error.obj
 0003:000016a4       __pmatherr_set             1002a6a4     libucrt:libm_error.obj
 0004:00000220       $R000000                   1002b220     Lights.res
 0004:00000ba0       $R000980                   1002bba0     Lights.res
 0004:00000c88       $R000A68                   1002bc88     Lights.res
 0004:00000ef0       $R000CD0                   1002bef0     Lights.res
 0004:000013d8       $R0011B8                   1002c3d8     Lights.res
 0004:00003b10       $R0038F0                   1002eb10     Lights.res
 0004:00003b40       $R003920                   1002eb40     Lights.res
