 OPOSMotionSensor

 Timestamp is 600f7963 (Tue Jan 26 11:07:31 2021)

 Preferred load address is 10000000

 Start         Length     Name                   Class
 0001:00000000 00000080H .text$di                CODE
 0001:00000080 0001dd43H .text$mn                CODE
 0001:0001ddc3 0000003aH .text$x                 CODE
 0001:0001ddfd 00000042H .text$yd                CODE
 0002:00000000 000002fcH .idata$5                DATA
 0002:000002fc 00000004H .00cfg                  DATA
 0002:00000300 00000004H .CRT$XCA                DATA
 0002:00000304 00000004H .CRT$XCL                DATA
 0002:00000308 00000010H .CRT$XCU                DATA
 0002:00000318 00000004H .CRT$XCZ                DATA
 0002:0000031c 00000004H .CRT$XIA                DATA
 0002:00000320 00000010H .CRT$XIC                DATA
 0002:00000330 00000004H .CRT$XIZ                DATA
 0002:00000334 00000004H .CRT$XLA                DATA
 0002:00000338 00000004H .CRT$XLZ                DATA
 0002:0000033c 00000004H .CRT$XPA                DATA
 0002:00000340 00000008H .CRT$XPX                DATA
 0002:00000348 00000004H .CRT$XPXA               DATA
 0002:0000034c 00000004H .CRT$XPZ                DATA
 0002:00000350 00000004H .CRT$XTA                DATA
 0002:00000354 0000000cH .CRT$XTZ                DATA
 0002:00000358 00000000H .gfids$y                DATA
 0002:00000360 000071e0H .rdata                  DATA
 0002:00007540 00000000H .rdata$CastGuardVftablesA DATA
 0002:00007540 00000000H .rdata$CastGuardVftablesC DATA
 0002:00007540 00000018H .rdata$T                DATA
 0002:00007558 00000178H .rdata$r                DATA
 0002:000076d0 0000001cH .rdata$sxdata           DATA
 0002:000076ec 000003e0H .rdata$zzzdbg           DATA
 0002:00007acc 00000004H .rtc$IAA                DATA
 0002:00007ad0 00000004H .rtc$IZZ                DATA
 0002:00007ad4 00000004H .rtc$TAA                DATA
 0002:00007ad8 00000004H .rtc$TZZ                DATA
 0002:00007adc 00000004H .tls                    DATA
 0002:00007ae0 00000004H .tls$                   DATA
 0002:00007ae4 00000004H .tls$ZZZ                DATA
 0002:00007ae8 0000062cH .xdata$x                DATA
 0002:00008114 00000004H ATL$__a                 DATA
 0002:00008118 00000008H ATL$__z                 DATA
 0002:00008120 000000b0H .edata                  DATA
 0002:000081d0 00000078H .idata$2                DATA
 0002:00008248 00000014H .idata$3                DATA
 0002:0000825c 000002fcH .idata$4                DATA
 0002:00008558 00000bceH .idata$6                DATA
 0003:00000000 00000a90H .data                   DATA
 0003:00000a90 00000098H .data$r                 DATA
 0003:00000b28 00000b88H .bss                    DATA
 0004:00000000 00000220H .rsrc$01                DATA
 0004:00000220 00003718H .rsrc$02                DATA

  Address         Publics by Value              Rva+Base       Lib:Object

 0000:00000000       ___guard_fids_count        00000000     <absolute>
 0000:00000000       ___guard_eh_cont_table     00000000     <absolute>
 0000:00000000       ___guard_longjmp_table     00000000     <absolute>
 0000:00000000       ___volatile_metadata       00000000     <absolute>
 0000:00000000       ___arm64x_extra_rfe_table  00000000     <absolute>
 0000:00000000       ___arm64x_redirection_metadata 00000000     <absolute>
 0000:00000000       ___guard_iat_count         00000000     <absolute>
 0000:00000000       ___guard_eh_cont_count     00000000     <absolute>
 0000:00000000       __except_list              00000000     <absolute>
 0000:00000000       ___x64_code_ranges_to_entry_points_count 00000000     <absolute>
 0000:00000000       ___hybrid_code_map_count   00000000     <absolute>
 0000:00000000       ___x64_code_ranges_to_entry_points 00000000     <absolute>
 0000:00000000       ___guard_iat_table         00000000     <absolute>
 0000:00000000       ___arm64x_native_entrypoint 00000000     <absolute>
 0000:00000000       ___hybrid_code_map         00000000     <absolute>
 0000:00000000       ___arm64x_extra_rfe_table_size 00000000     <absolute>
 0000:00000000       ___guard_longjmp_count     00000000     <absolute>
 0000:00000000       ___arm64x_redirection_metadata_count 00000000     <absolute>
 0000:00000000       ___hybrid_auxiliary_iat    00000000     <absolute>
 0000:00000000       ___dynamic_value_reloc_table 00000000     <absolute>
 0000:00000000       ___AbsoluteZero            00000000     <absolute>
 0000:00000000       ___enclave_config          00000000     <absolute>
 0000:00000000       ___guard_fids_table        00000000     <absolute>
 0000:00000007       ___safe_se_handler_count   00000007     <absolute>
 0000:0000002c       __tls_array                0000002c     <absolute>
 0000:00000100       ___guard_flags             00000100     <absolute>
 0000:00000000       ___ImageBase               10000000     <linker-defined>
 0001:00000080       ?DupWide@_CW@@AAEXXZ       10001080 f   CWString.obj
 0001:0000009c       ?cw_dup@@YGXPBDAAHAAPA_W1@Z 1000109c f   CWString.obj
 0001:00000124       ?cw_memcpy@@YGHPA_WPBDH@Z  10001124 f   CWString.obj
 0001:00000150       ?cw_strcpy@@YAHPA_WPBD@Z   10001150 f   CWString.obj
 0001:00000163       ?cw_strlen@@YAHPBD@Z       10001163 f   CWString.obj
 0001:0000017c       ??0CAtlComModule@ATL@@QAE@XZ 1000117c f i OposVariant.obj
 0001:000001c1       ??0CAtlWinModule@ATL@@QAE@XZ 100011c1 f i OposVariant.obj
 0001:000001f8       ??0OposDispParms@@QAE@PAVOposVariant@@H@Z 100011f8 f   OposVariant.obj
 0001:00000269       ??1OposDispParms@@QAE@XZ   10001269 f   OposVariant.obj
 0001:00000277       ??A?$CSimpleArray@GV?$CSimpleArrayEqualHelper@G@ATL@@@ATL@@QAEAAGH@Z 10001277 f i OposVariant.obj
 0001:0000029c       ??_Estringdispid@CComTypeInfoHolder@ATL@@QAEPAXI@Z 1000129c f i OposVariant.obj
 0001:00000308       ?AtlWinModuleInit@ATL@@YGJPAU_ATL_WIN_MODULE70@1@@Z 10001308 f i OposVariant.obj
 0001:0000032e       ?AtlWinModuleTerm@ATL@@YGJPAU_ATL_WIN_MODULE70@1@PAUHINSTANCE__@@@Z 1000132e f i OposVariant.obj
 0001:00000391       ?ChangeBSTR@OposVariant@@QAEXPAPA_WAAJ@Z 10001391 f   OposVariant.obj
 0001:000003d2       ?ChangeLONG@OposVariant@@QAEXPAJAAJ@Z 100013d2 f   OposVariant.obj
 0001:00000413       ?GetLONG@OposVariant@@QAEJXZ 10001413 f   OposVariant.obj
 0001:0000042e       ?Init@CComCriticalSection@ATL@@QAEJXZ 1000142e f i OposVariant.obj
 0001:00000456       ?RemoveAll@?$CSimpleArray@GV?$CSimpleArrayEqualHelper@G@ATL@@@ATL@@QAEXXZ 10001456 f i OposVariant.obj
 0001:00000456       ?RemoveAll@?$CSimpleArray@PAUHINSTANCE__@@V?$CSimpleArrayEqualHelper@PAUHINSTANCE__@@@ATL@@@ATL@@QAEXXZ 10001456 f i atls:atlbase.obj
 0001:00000473       ?SetBSTR@OposVariant@@QAEXPA_WAAJ@Z 10001473 f   OposVariant.obj
 0001:000004a7       ?SetBSTR_Copy@OposVariant@@QAEXPA_WAAJ@Z 100014a7 f   OposVariant.obj
 0001:000004f7       ?SetBSTR_InOutPtr@OposVariant@@QAE_NPAPA_WAAJ@Z 100014f7 f   OposVariant.obj
 0001:0000052e       ?SetDispatch_Ptr@OposVariant@@QAEXPAUIDispatch@@AAJ@Z 1000152e f   OposVariant.obj
 0001:00000569       ?SetLONG@OposVariant@@QAEXJ@Z 10001569 f   OposVariant.obj
 0001:0000058b       ?SetLONG_Ptr@OposVariant@@QAEXPAJAAJ@Z 1000158b f   OposVariant.obj
 0001:000005be       ?SetString@OposVariant@@QAEXPB_WAAJ@Z 100015be f   OposVariant.obj
 0001:00000604       ?SetVARIANT_BOOL@OposVariant@@QAEXF@Z 10001604 f   OposVariant.obj
 0001:0000062e       ?Term@CAtlComModule@ATL@@QAEXXZ 1000162e f i OposVariant.obj
 0001:00000678       ?_AtlRaiseException@ATL@@YAXKK@Z 10001678 f i OposVariant.obj
 0001:0000068d       ?QueryInterface@?$CComContainedObject@VCOPOSMotionSensor@@@ATL@@WJM@AGJABU_GUID@@PAPAX@Z 1000168d f i MotionSensor.obj
 0001:0000069a       ?AddRef@?$CComContainedObject@VCOPOSMotionSensor@@@ATL@@WJM@AGKXZ 1000169a f i MotionSensor.obj
 0001:000006a7       ?Release@?$CComContainedObject@VCOPOSMotionSensor@@@ATL@@WJM@AGKXZ 100016a7 f i MotionSensor.obj
 0001:000006b4       ?QueryInterface@?$CComContainedObject@VCOPOSMotionSensor@@@ATL@@WKA@AGJABU_GUID@@PAPAX@Z 100016b4 f i MotionSensor.obj
 0001:000006c1       ?AddRef@?$CComContainedObject@VCOPOSMotionSensor@@@ATL@@WKA@AGKXZ 100016c1 f i MotionSensor.obj
 0001:000006ce       ?Release@?$CComContainedObject@VCOPOSMotionSensor@@@ATL@@WKA@AGKXZ 100016ce f i MotionSensor.obj
 0001:000006db       ?AddRef@?$CComContainedObject@VCOPOSMotionSensor@@@ATL@@WKI@AGKXZ 100016db f i MotionSensor.obj
 0001:000006e8       ?Release@?$CComContainedObject@VCOPOSMotionSensor@@@ATL@@WKI@AGKXZ 100016e8 f i MotionSensor.obj
 0001:000006f5       ?AddRef@?$CComContainedObject@VCOPOSMotionSensor@@@ATL@@WLE@AGKXZ 100016f5 f i MotionSensor.obj
 0001:00000702       ?Release@?$CComContainedObject@VCOPOSMotionSensor@@@ATL@@WLE@AGKXZ 10001702 f i MotionSensor.obj
 0001:0000070f       ?CreateInstance@CComClassFactory@ATL@@UAGJPAUIUnknown@@ABU_GUID@@PAPAX@Z 1000170f f i MotionSensor.obj
 0001:0000074d       ?LockServer@CComClassFactory@ATL@@UAGJH@Z 1000174d f i MotionSensor.obj
 0001:0000076c       ??_ECComClassFactory@ATL@@UAEPAXI@Z 1000176c f i MotionSensor.obj
 0001:0000076c       ??_GCComClassFactory@ATL@@UAEPAXI@Z 1000176c f i MotionSensor.obj
 0001:00000797       ?GetWindowProc@?$CWindowImplBaseT@VCWindow@ATL@@V?$CWinTraits@$0FGAAAAAA@$0A@@2@@ATL@@UAEP6GJPAUHWND__@@IIJ@ZXZ 10001797 f i MotionSensor.obj
 0001:0000079d       ?StartWindowProc@?$CWindowImplBaseT@VCWindow@ATL@@V?$CWinTraits@$0FGAAAAAA@$0A@@2@@ATL@@SGJPAUHWND__@@IIJ@Z 1000179d f i MotionSensor.obj
 0001:000007f1       ?OnFinalMessage@?$CWindowImplBaseT@VCWindow@ATL@@V?$CWinTraits@$0FGAAAAAA@$0A@@2@@ATL@@UAEXPAUHWND__@@@Z 100017f1 f i MotionSensor.obj
 0001:000007f1       ?ObjectMain@CComObjectRootBase@ATL@@SGX_N@Z 100017f1 f i MotionSensor.obj
 0001:000007f4       ?GetTypeInfoCount@?$IDispatchImpl@UIOPOSMotionSensor@@$1?IID_IOPOSMotionSensor@@3U_GUID@@B$1?LIBID_OposMotionSensor_CCO@@3U3@B$00$0A@VCComTypeInfoHolder@ATL@@@ATL@@UAGJPAI@Z 100017f4 f i MotionSensor.obj
 0001:00000811       ?GetTypeInfo@?$IDispatchImpl@UIOPOSMotionSensor@@$1?IID_IOPOSMotionSensor@@3U_GUID@@B$1?LIBID_OposMotionSensor_CCO@@3U3@B$00$0A@VCComTypeInfoHolder@ATL@@@ATL@@UAGJIKPAPAUITypeInfo@@@Z 10001811 f i MotionSensor.obj
 0001:00000835       ?GetIDsOfNames@?$IDispatchImpl@UIOPOSMotionSensor@@$1?IID_IOPOSMotionSensor@@3U_GUID@@B$1?LIBID_OposMotionSensor_CCO@@3U3@B$00$0A@VCComTypeInfoHolder@ATL@@@ATL@@UAGJABU_GUID@@PAPA_WIKPAJ@Z 10001835 f i MotionSensor.obj
 0001:00000855       ?Invoke@?$IDispatchImpl@UIOPOSMotionSensor@@$1?IID_IOPOSMotionSensor@@3U_GUID@@B$1?LIBID_OposMotionSensor_CCO@@3U3@B$00$0A@VCComTypeInfoHolder@ATL@@@ATL@@UAGJJABU_GUID@@KGPAUtagDISPPARAMS@@PAUtagVARIANT@@PAUtagEXCEPINFO@@PAI@Z 10001855 f i MotionSensor.obj
 0001:00000863       ?CreateControlWindow@?$CComControl@VCOPOSMotionSensor@@V?$CWindowImpl@VCOPOSMotionSensor@@VCWindow@ATL@@V?$CWinTraits@$0FGAAAAAA@$0A@@3@@ATL@@@ATL@@UAEPAUHWND__@@PAU3@AAUtagRECT@@@Z 10001863 f i MotionSensor.obj
 0001:00000892       ?ControlQueryInterface@?$CComControl@VCOPOSMotionSensor@@V?$CWindowImpl@VCOPOSMotionSensor@@VCWindow@ATL@@V?$CWinTraits@$0FGAAAAAA@$0A@@3@@ATL@@@ATL@@UAEJABU_GUID@@PAPAX@Z 10001892 f i MotionSensor.obj
 0001:000008ad       ?GetUserClassID@?$IOleObjectImpl@VCOPOSMotionSensor@@@ATL@@UAGJPAU_GUID@@@Z 100018ad f i MotionSensor.obj
 0001:000008ad       ?GetClassID@?$IPersistStorageImpl@VCOPOSMotionSensor@@@ATL@@UAGJPAU_GUID@@@Z 100018ad f i MotionSensor.obj
 0001:000008ad       ?GetClassID@?$IPersistStreamInitImpl@VCOPOSMotionSensor@@@ATL@@UAGJPAU_GUID@@@Z 100018ad f i MotionSensor.obj
 0001:000008d1       ?IsDirty@?$IPersistStreamInitImpl@VCOPOSMotionSensor@@@ATL@@UAGJXZ 100018d1 f i MotionSensor.obj
 0001:000008f0       ?Load@?$IPersistStreamInitImpl@VCOPOSMotionSensor@@@ATL@@UAGJPAUIStream@@@Z 100018f0 f i MotionSensor.obj
 0001:0000090f       ?Save@?$IPersistStreamInitImpl@VCOPOSMotionSensor@@@ATL@@UAGJPAUIStream@@H@Z 1000190f f i MotionSensor.obj
 0001:00000931       ?GetSizeMax@?$IPersistStreamInitImpl@VCOPOSMotionSensor@@@ATL@@UAGJPAT_ULARGE_INTEGER@@@Z 10001931 f i MotionSensor.obj
 0001:00000b10       ?InitNew@?$IPersistStreamInitImpl@VCOPOSMotionSensor@@@ATL@@UAGJXZ 10001b10 f i MotionSensor.obj
 0001:00000b2d       ?OnMnemonic@?$IOleControlImpl@VCOPOSMotionSensor@@@ATL@@UAGJPAUtagMSG@@@Z 10001b2d f i MotionSensor.obj
 0001:00000b2d       ?GetDropTarget@?$IOleInPlaceObjectWindowlessImpl@VCOPOSMotionSensor@@@ATL@@UAGJPAPAUIDropTarget@@@Z 10001b2d f i MotionSensor.obj
 0001:00000b2d       ?SODataDummy@COPOSMotionSensor@@MAGJJ@Z 10001b2d f i MotionSensor.obj
 0001:00000b2d       ?ContextSensitiveHelp@?$IOleInPlaceObjectWindowlessImpl@VCOPOSMotionSensor@@@ATL@@UAGJH@Z 10001b2d f i MotionSensor.obj
 0001:00000b2d       ?SOOutputCompleteDummy@COPOSMotionSensor@@MAGJJ@Z 10001b2d f i MotionSensor.obj
 0001:00000b2d       ?QueryGetData@?$IDataObjectImpl@VCOPOSMotionSensor@@@ATL@@UAGJPAUtagFORMATETC@@@Z 10001b2d f i MotionSensor.obj
 0001:00000b2d       ?GetControlInfo@?$IOleControlImpl@VCOPOSMotionSensor@@@ATL@@UAGJPAUtagCONTROLINFO@@@Z 10001b2d f i MotionSensor.obj
 0001:00000b2d       ?Unfreeze@?$IViewObjectExImpl@VCOPOSMotionSensor@@@ATL@@UAGJK@Z 10001b2d f i MotionSensor.obj
 0001:00000b2d       ?SetColorScheme@?$IOleObjectImpl@VCOPOSMotionSensor@@@ATL@@UAGJPAUtagLOGPALETTE@@@Z 10001b2d f i MotionSensor.obj
 0001:00000b2d       ?ContextSensitiveHelp@?$IOleInPlaceActiveObjectImpl@VCOPOSMotionSensor@@@ATL@@UAGJH@Z 10001b2d f i MotionSensor.obj
 0001:00000b35       ?SaveCompleted@?$IPersistStorageImpl@VCOPOSMotionSensor@@@ATL@@UAGJPAUIStorage@@@Z 10001b35 f i MotionSensor.obj
 0001:00000b35       ?OnAmbientPropertyChange@?$IOleControlImpl@VCOPOSMotionSensor@@@ATL@@UAGJJ@Z 10001b35 f i MotionSensor.obj
 0001:00000b35       ?EnableModeless@?$IOleInPlaceActiveObjectImpl@VCOPOSMotionSensor@@@ATL@@UAGJH@Z 10001b35 f i MotionSensor.obj
 0001:00000b35       ?OnFrameWindowActivate@?$IOleInPlaceActiveObjectImpl@VCOPOSMotionSensor@@@ATL@@UAGJH@Z 10001b35 f i MotionSensor.obj
 0001:00000b3a       ?SetClientSite@?$IOleObjectImpl@VCOPOSMotionSensor@@@ATL@@UAGJPAUIOleClientSite@@@Z 10001b3a f i MotionSensor.obj
 0001:00000b57       ?GetClientSite@?$IOleObjectImpl@VCOPOSMotionSensor@@@ATL@@UAGJPAPAUIOleClientSite@@@Z 10001b57 f i MotionSensor.obj
 0001:00000b74       ?SetHostNames@?$IOleObjectImpl@VCOPOSMotionSensor@@@ATL@@UAGJPB_W0@Z 10001b74 f i MotionSensor.obj
 0001:00000b79       ?Close@?$IOleObjectImpl@VCOPOSMotionSensor@@@ATL@@UAGJK@Z 10001b79 f i MotionSensor.obj
 0001:00000b96       ?QueryInterface@CRegObject@ATL@@UAGJABU_GUID@@PAPAX@Z 10001b96 f i MotionSensor.obj
 0001:00000b96       ?EnumFormatEtc@?$IDataObjectImpl@VCOPOSMotionSensor@@@ATL@@UAGJKPAPAUIEnumFORMATETC@@@Z 10001b96 f i MotionSensor.obj
 0001:00000b96       ?GetCanonicalFormatEtc@?$IDataObjectImpl@VCOPOSMotionSensor@@@ATL@@UAGJPAUtagFORMATETC@@0@Z 10001b96 f i MotionSensor.obj
 0001:00000b96       ?GetClipboardData@?$IOleObjectImpl@VCOPOSMotionSensor@@@ATL@@UAGJKPAPAUIDataObject@@@Z 10001b96 f i MotionSensor.obj
 0001:00000b96       ?SetMoniker@?$IOleObjectImpl@VCOPOSMotionSensor@@@ATL@@UAGJKPAUIMoniker@@@Z 10001b96 f i MotionSensor.obj
 0001:00000b96       ?GetDataHere@?$IDataObjectImpl@VCOPOSMotionSensor@@@ATL@@UAGJPAUtagFORMATETC@@PAUtagSTGMEDIUM@@@Z 10001b96 f i MotionSensor.obj
 0001:00000b96       ?GetRect@?$IViewObjectExImpl@VCOPOSMotionSensor@@@ATL@@UAGJKPAU_RECTL@@@Z 10001b96 f i MotionSensor.obj
 0001:00000b9e       ?SetData@?$IDataObjectImpl@VCOPOSMotionSensor@@@ATL@@UAGJPAUtagFORMATETC@@PAUtagSTGMEDIUM@@H@Z 10001b9e f i MotionSensor.obj
 0001:00000b9e       ?InitFromData@?$IOleObjectImpl@VCOPOSMotionSensor@@@ATL@@UAGJPAUIDataObject@@HK@Z 10001b9e f i MotionSensor.obj
 0001:00000b9e       ?GetMoniker@?$IOleObjectImpl@VCOPOSMotionSensor@@@ATL@@UAGJKKPAPAUIMoniker@@@Z 10001b9e f i MotionSensor.obj
 0001:00000ba6       ?DoVerb@?$IOleObjectImpl@VCOPOSMotionSensor@@@ATL@@UAGJJPAUtagMSG@@PAUIOleClientSite@@JPAUHWND__@@PBUtagRECT@@@Z 10001ba6 f i MotionSensor.obj
 0001:00000c9a       ?EnumVerbs@?$IOleObjectImpl@VCOPOSMotionSensor@@@ATL@@UAGJPAPAUIEnumOLEVERB@@@Z 10001c9a f i MotionSensor.obj
 0001:00000cbc       ?Release@CRegObject@ATL@@UAGKXZ 10001cbc f i MotionSensor.obj
 0001:00000cbc       ?Update@?$IOleObjectImpl@VCOPOSMotionSensor@@@ATL@@UAGJXZ 10001cbc f i MotionSensor.obj
 0001:00000cbc       ?IsUpToDate@?$IOleObjectImpl@VCOPOSMotionSensor@@@ATL@@UAGJXZ 10001cbc f i MotionSensor.obj
 0001:00000cbc       ?HandsOffStorage@?$IPersistStorageImpl@VCOPOSMotionSensor@@@ATL@@UAGJXZ 10001cbc f i MotionSensor.obj
 0001:00000cc1       ?GetUserType@?$IOleObjectImpl@VCOPOSMotionSensor@@@ATL@@UAGJKPAPA_W@Z 10001cc1 f i MotionSensor.obj
 0001:00000cd9       ?SetExtent@?$IOleObjectImpl@VCOPOSMotionSensor@@@ATL@@UAGJKPAUtagSIZE@@@Z 10001cd9 f i MotionSensor.obj
 0001:00000cf9       ?GetExtent@?$IOleObjectImpl@VCOPOSMotionSensor@@@ATL@@UAGJKPAUtagSIZE@@@Z 10001cf9 f i MotionSensor.obj
 0001:00000d37       ?Advise@?$IOleObjectImpl@VCOPOSMotionSensor@@@ATL@@UAGJPAUIAdviseSink@@PAK@Z 10001d37 f i MotionSensor.obj
 0001:00000d57       ?Unadvise@?$IOleObjectImpl@VCOPOSMotionSensor@@@ATL@@UAGJK@Z 10001d57 f i MotionSensor.obj
 0001:00000d86       ?EnumAdvise@?$IOleObjectImpl@VCOPOSMotionSensor@@@ATL@@UAGJPAPAUIEnumSTATDATA@@@Z 10001d86 f i MotionSensor.obj
 0001:00000dc6       ?GetMiscStatus@?$IOleObjectImpl@VCOPOSMotionSensor@@@ATL@@UAGJKPAK@Z 10001dc6 f i MotionSensor.obj
 0001:00000dde       ?GetWindow@?$IOleInPlaceActiveObjectImpl@VCOPOSMotionSensor@@@ATL@@UAGJPAPAUHWND__@@@Z 10001dde f i MotionSensor.obj
 0001:00000e2b       ?TranslateAcceleratorW@?$IOleInPlaceActiveObjectImpl@VCOPOSMotionSensor@@@ATL@@UAGJPAUtagMSG@@@Z 10001e2b f i MotionSensor.obj
 0001:00000ed9       ?OnDocWindowActivate@?$IOleInPlaceActiveObjectImpl@VCOPOSMotionSensor@@@ATL@@UAGJH@Z 10001ed9 f i MotionSensor.obj
 0001:00000efb       ?ResizeBorder@?$IOleInPlaceActiveObjectImpl@VCOPOSMotionSensor@@@ATL@@UAGJPBUtagRECT@@PAUIOleInPlaceUIWindow@@H@Z 10001efb f i MotionSensor.obj
 0001:00000f00       ?Draw@?$IViewObjectExImpl@VCOPOSMotionSensor@@@ATL@@UAGJKJPAXPAUtagDVTARGETDEVICE@@PAUHDC__@@2PBU_RECTL@@3P6GHK@ZK@Z 10001f00 f i MotionSensor.obj
 0001:00000f32       ?GetColorSet@?$IViewObjectExImpl@VCOPOSMotionSensor@@@ATL@@UAGJKJPAXPAUtagDVTARGETDEVICE@@PAUHDC__@@PAPAUtagLOGPALETTE@@@Z 10001f32 f i MotionSensor.obj
 0001:00000f3a       ?Freeze@?$IViewObjectExImpl@VCOPOSMotionSensor@@@ATL@@UAGJKJPAXPAK@Z 10001f3a f i MotionSensor.obj
 0001:00000f3a       ?SOErrorDummy@COPOSMotionSensor@@MAGJJJJPAJ@Z 10001f3a f i MotionSensor.obj
 0001:00000f42       ?SetAdvise@?$IViewObjectExImpl@VCOPOSMotionSensor@@@ATL@@UAGJKKPAUIAdviseSink@@@Z 10001f42 f i MotionSensor.obj
 0001:00000f61       ?GetAdvise@?$IViewObjectExImpl@VCOPOSMotionSensor@@@ATL@@UAGJPAK0PAPAUIAdviseSink@@@Z 10001f61 f i MotionSensor.obj
 0001:00000f96       ?GetExtent@?$IViewObjectExImpl@VCOPOSMotionSensor@@@ATL@@UAGJKJPAUtagDVTARGETDEVICE@@PAUtagSIZE@@@Z 10001f96 f i MotionSensor.obj
 0001:00000fc7       ?GetViewStatus@?$IViewObjectExImpl@VCOPOSMotionSensor@@@ATL@@UAGJPAK@Z 10001fc7 f i MotionSensor.obj
 0001:00000fe4       ?QueryHitPoint@?$IViewObjectExImpl@VCOPOSMotionSensor@@@ATL@@UAGJKPBUtagRECT@@UtagPOINT@@JPAK@Z 10001fe4 f i MotionSensor.obj
 0001:00001025       ?QueryHitRect@?$IViewObjectExImpl@VCOPOSMotionSensor@@@ATL@@UAGJKPBUtagRECT@@0JPAK@Z 10002025 f i MotionSensor.obj
 0001:00001080       ?GetNaturalExtent@?$IViewObjectExImpl@VCOPOSMotionSensor@@@ATL@@UAGJKJPAUtagDVTARGETDEVICE@@PAUHDC__@@PAUtagExtentInfo@@PAUtagSIZE@@@Z 10002080 f i MotionSensor.obj
 0001:000010cb       ?GetWindow@?$IOleInPlaceObjectWindowlessImpl@VCOPOSMotionSensor@@@ATL@@UAGJPAPAUHWND__@@@Z 100020cb f i MotionSensor.obj
 0001:00001118       ?InPlaceDeactivate@?$IOleInPlaceObjectWindowlessImpl@VCOPOSMotionSensor@@@ATL@@UAGJXZ 10002118 f i MotionSensor.obj
 0001:00001132       ?UIDeactivate@?$IOleInPlaceObjectWindowlessImpl@VCOPOSMotionSensor@@@ATL@@UAGJXZ 10002132 f i MotionSensor.obj
 0001:0000114c       ?SetObjectRects@?$IOleInPlaceObjectWindowlessImpl@VCOPOSMotionSensor@@@ATL@@UAGJPBUtagRECT@@0@Z 1000214c f i MotionSensor.obj
 0001:0000116c       ?ReactivateAndUndo@?$IOleInPlaceObjectWindowlessImpl@VCOPOSMotionSensor@@@ATL@@UAGJXZ 1000216c f i MotionSensor.obj
 0001:00001174       ?OnWindowMessage@?$IOleInPlaceObjectWindowlessImpl@VCOPOSMotionSensor@@@ATL@@UAGJIIJPAJ@Z 10002174 f i MotionSensor.obj
 0001:000011e4       ?EnumConnectionPoints@?$IConnectionPointContainerImpl@VCOPOSMotionSensor@@@ATL@@UAGJPAPAUIEnumConnectionPoints@@@Z 100021e4 f i MotionSensor.obj
 0001:00001370       ?FindConnectionPoint@?$IConnectionPointContainerImpl@VCOPOSMotionSensor@@@ATL@@UAGJABU_GUID@@PAPAUIConnectionPoint@@@Z 10002370 f i MotionSensor.obj
 0001:00001413       ?IsDirty@?$IPersistStorageImpl@VCOPOSMotionSensor@@@ATL@@UAGJXZ 10002413 f i MotionSensor.obj
 0001:00001443       ?InitNew@?$IPersistStorageImpl@VCOPOSMotionSensor@@@ATL@@UAGJPAUIStorage@@@Z 10002443 f i MotionSensor.obj
 0001:00001473       ?Load@?$IPersistStorageImpl@VCOPOSMotionSensor@@@ATL@@UAGJPAUIStorage@@@Z 10002473 f i MotionSensor.obj
 0001:000014df       ?Save@?$IPersistStorageImpl@VCOPOSMotionSensor@@@ATL@@UAGJPAUIStorage@@H@Z 100024df f i MotionSensor.obj
 0001:00001552       ?GetPages@?$ISpecifyPropertyPagesImpl@VCOPOSMotionSensor@@@ATL@@UAGJPAUtagCAUUID@@@Z 10002552 f i MotionSensor.obj
 0001:00001569       ?QuickActivate@?$IQuickActivateImpl@VCOPOSMotionSensor@@@ATL@@UAGJPAUtagQACONTAINER@@PAUtagQACONTROL@@@Z 10002569 f i MotionSensor.obj
 0001:0000158c       ?SetContentExtent@?$IQuickActivateImpl@VCOPOSMotionSensor@@@ATL@@UAGJPAUtagSIZE@@@Z 1000258c f i MotionSensor.obj
 0001:000015b8       ?GetContentExtent@?$IQuickActivateImpl@VCOPOSMotionSensor@@@ATL@@UAGJPAUtagSIZE@@@Z 100025b8 f i MotionSensor.obj
 0001:000015f4       ?GetData@?$IDataObjectImpl@VCOPOSMotionSensor@@@ATL@@UAGJPAUtagFORMATETC@@PAUtagSTGMEDIUM@@@Z 100025f4 f i MotionSensor.obj
 0001:00001617       ?DAdvise@?$IDataObjectImpl@VCOPOSMotionSensor@@@ATL@@UAGJPAUtagFORMATETC@@KPAUIAdviseSink@@PAK@Z 10002617 f i MotionSensor.obj
 0001:00001658       ?DUnadvise@?$IDataObjectImpl@VCOPOSMotionSensor@@@ATL@@UAGJK@Z 10002658 f i MotionSensor.obj
 0001:00001686       ?EnumDAdvise@?$IDataObjectImpl@VCOPOSMotionSensor@@@ATL@@UAGJPAPAUIEnumSTATDATA@@@Z 10002686 f i MotionSensor.obj
 0001:000016c5       ?GetClassInfoW@?$IProvideClassInfo2Impl@$1?CLSID_OPOSMotionSensor@@3U_GUID@@B$1?DIID__IOPOSMotionSensorEvents@@3U2@B$1?LIBID_OposMotionSensor_CCO@@3U2@B$00$0A@VCComTypeInfoHolder@ATL@@@ATL@@UAGJPAPAUITypeInfo@@@Z 100026c5 f i MotionSensor.obj
 0001:000016db       ?GetGUID@?$IProvideClassInfo2Impl@$1?CLSID_OPOSMotionSensor@@3U_GUID@@B$1?DIID__IOPOSMotionSensorEvents@@3U2@B$1?LIBID_OposMotionSensor_CCO@@3U2@B$00$0A@VCComTypeInfoHolder@ATL@@@ATL@@UAGJKPAU_GUID@@@Z 100026db f i MotionSensor.obj
 0001:00001719       __get_startup_argv_mode    10002719 f i LIBCMT:argv_mode.obj
 0001:00001719       ?FAccessAllowed@?$IObjectSafetyImpl@VCOPOSMotionSensor@@$02@ATL@@MAEHXZ 10002719 f i MotionSensor.obj
 0001:0000171d       ?GetInterfaceSafetyOptions@?$IObjectSafetyImpl@VCOPOSMotionSensor@@$02@ATL@@UAGJABU_GUID@@PAK1@Z 1000271d f i MotionSensor.obj
 0001:00001791       ?SetInterfaceSafetyOptions@?$IObjectSafetyImpl@VCOPOSMotionSensor@@$02@ATL@@UAGJABU_GUID@@KK@Z 10002791 f i MotionSensor.obj
 0001:0000180b       ?_LocCPQueryInterface@?$IConnectionPointImpl@VCOPOSMotionSensor@@$1?IID_IPropertyNotifySink@@3U_GUID@@BVCComDynamicUnkArray@ATL@@@ATL@@UAGJABU_GUID@@PAPAX@Z 1000280b f i MotionSensor.obj
 0001:0000180b       ?_LocCPQueryInterface@?$IConnectionPointImpl@VCOPOSMotionSensor@@$1?DIID__IOPOSMotionSensorEvents@@3U_GUID@@BVCComDynamicUnkArray@ATL@@@ATL@@UAGJABU_GUID@@PAPAX@Z 1000280b f i MotionSensor.obj
 0001:00001858       ?GetConnectionInterface@?$IConnectionPointImpl@VCOPOSMotionSensor@@$1?IID_IPropertyNotifySink@@3U_GUID@@BVCComDynamicUnkArray@ATL@@@ATL@@UAGJPAU_GUID@@@Z 10002858 f i MotionSensor.obj
 0001:0000187c       ?GetConnectionPointContainer@?$IConnectionPointImpl@VCOPOSMotionSensor@@$1?IID_IPropertyNotifySink@@3U_GUID@@BVCComDynamicUnkArray@ATL@@@ATL@@UAGJPAPAUIConnectionPointContainer@@@Z 1000287c f i MotionSensor.obj
 0001:0000189f       ?Advise@?$IConnectionPointImpl@VCOPOSMotionSensor@@$1?DIID__IOPOSMotionSensorEvents@@3U_GUID@@BVCComDynamicUnkArray@ATL@@@ATL@@UAGJPAUIUnknown@@PAK@Z 1000289f f i MotionSensor.obj
 0001:0000189f       ?Advise@?$IConnectionPointImpl@VCOPOSMotionSensor@@$1?IID_IPropertyNotifySink@@3U_GUID@@BVCComDynamicUnkArray@ATL@@@ATL@@UAGJPAUIUnknown@@PAK@Z 1000289f f i MotionSensor.obj
 0001:0000193f       ?Unadvise@?$IConnectionPointImpl@VCOPOSMotionSensor@@$1?DIID__IOPOSMotionSensorEvents@@3U_GUID@@BVCComDynamicUnkArray@ATL@@@ATL@@UAGJK@Z 1000293f f i MotionSensor.obj
 0001:0000193f       ?Unadvise@?$IConnectionPointImpl@VCOPOSMotionSensor@@$1?IID_IPropertyNotifySink@@3U_GUID@@BVCComDynamicUnkArray@ATL@@@ATL@@UAGJK@Z 1000293f f i MotionSensor.obj
 0001:0000197f       ?EnumConnections@?$IConnectionPointImpl@VCOPOSMotionSensor@@$1?IID_IPropertyNotifySink@@3U_GUID@@BVCComDynamicUnkArray@ATL@@@ATL@@UAGJPAPAUIEnumConnections@@@Z 1000297f f i MotionSensor.obj
 0001:0000197f       ?EnumConnections@?$IConnectionPointImpl@VCOPOSMotionSensor@@$1?DIID__IOPOSMotionSensorEvents@@3U_GUID@@BVCComDynamicUnkArray@ATL@@@ATL@@UAGJPAPAUIEnumConnections@@@Z 1000297f f i MotionSensor.obj
 0001:00001a7a       ?GetObjectDescription@?$CComCoClass@VCOPOSMotionSensor@@$1?CLSID_OPOSMotionSensor@@3U_GUID@@B@ATL@@SGPB_WXZ 10002a7a f i MotionSensor.obj
 0001:00001a7a       ?GetCategoryMap@CComObjectRootBase@ATL@@SAPBU_ATL_CATMAP_ENTRY@2@XZ 10002a7a f i MotionSensor.obj
 0001:00001a7d       ?GetConnectionInterface@?$IConnectionPointImpl@VCOPOSMotionSensor@@$1?DIID__IOPOSMotionSensorEvents@@3U_GUID@@BVCComDynamicUnkArray@ATL@@@ATL@@UAGJPAU_GUID@@@Z 10002a7d f i MotionSensor.obj
 0001:00001aa1       ?GetConnectionPointContainer@?$IConnectionPointImpl@VCOPOSMotionSensor@@$1?DIID__IOPOSMotionSensorEvents@@3U_GUID@@BVCComDynamicUnkArray@ATL@@@ATL@@UAGJPAPAUIConnectionPointContainer@@@Z 10002aa1 f i MotionSensor.obj
 0001:00001ac4       ?UpdateRegistry@COPOSMotionSensor@@SGJH@Z 10002ac4 f i MotionSensor.obj
 0001:00001adc       ?ProcessWindowMessage@COPOSMotionSensor@@UAEHPAUHWND__@@IIJAAJK@Z 10002adc f i MotionSensor.obj
 0001:00001b25       ?SODirectIO@COPOSMotionSensor@@MAGJJPAJPAPA_W@Z 10002b25 f i MotionSensor.obj
 0001:00001b6e       ?SOStatusUpdate@COPOSMotionSensor@@MAGJJ@Z 10002b6e f i MotionSensor.obj
 0001:00001ba7       ?Lock@CAtlModule@ATL@@UAEJXZ 10002ba7 f i MotionSensor.obj
 0001:00001bb1       ?Unlock@CAtlModule@ATL@@UAEJXZ 10002bb1 f i MotionSensor.obj
 0001:00001bbb       ?GetLockCount@CAtlModule@ATL@@UAEJXZ 10002bbb f i MotionSensor.obj
 0001:00001bbf       ?GetGITPtr@CAtlModule@ATL@@UAEJPAPAUIGlobalInterfaceTable@@@Z 10002bbf f i MotionSensor.obj
 0001:00001c0b       ?AddCommonRGSReplacements@?$CAtlModuleT@VCComModule@ATL@@@ATL@@UAEJPAUIRegistrarBase@@@Z 10002c0b f i MotionSensor.obj
 0001:00001c25       ?UpdateRegistryFromResourceD@CComModule@ATL@@UAGJPB_WHPAU_ATL_REGMAP_ENTRY@2@@Z 10002c25 f i MotionSensor.obj
 0001:00001c25       ?UpdateRegistryFromResourceD@CComModule@ATL@@UAGJIHPAU_ATL_REGMAP_ENTRY@2@@Z 10002c25 f i MotionSensor.obj
 0001:00001c2d       ?UpdateRegistryFromResource@CComModule@ATL@@UAGJPB_WHPAU_ATL_REGMAP_ENTRY@2@@Z 10002c2d f i MotionSensor.obj
 0001:00001c36       ?UpdateRegistryFromResource@CComModule@ATL@@UAGJIHPAU_ATL_REGMAP_ENTRY@2@@Z 10002c36 f i MotionSensor.obj
 0001:00001c3f       ?CreateInstance@?$CComCreator@V?$CComObjectCached@VCComClassFactory@ATL@@@ATL@@@ATL@@SGJPAXABU_GUID@@PAPAX@Z 10002c3f f i MotionSensor.obj
 0001:00001cdf       ?CreateInstance@?$CComCreator2@V?$CComCreator@V?$CComObject@VCOPOSMotionSensor@@@ATL@@@ATL@@V?$CComCreator@V?$CComAggObject@VCOPOSMotionSensor@@@ATL@@@2@@ATL@@SGJPAXABU_GUID@@PAPAX@Z 10002cdf f i MotionSensor.obj
 0001:00001cff       ??_GCComModule@ATL@@UAEPAXI@Z 10002cff f i MotionSensor.obj
 0001:00001cff       ??_ECComModule@ATL@@UAEPAXI@Z 10002cff f i MotionSensor.obj
 0001:00001d27       ?AddRef@?$CComObjectCached@VCComClassFactory@ATL@@@ATL@@UAGKXZ 10002d27 f i MotionSensor.obj
 0001:00001d4e       ?Release@?$CComObjectCached@VCComClassFactory@ATL@@@ATL@@UAGKXZ 10002d4e f i MotionSensor.obj
 0001:00001d84       ?QueryInterface@?$CComObjectCached@VCComClassFactory@ATL@@@ATL@@UAGJABU_GUID@@PAPAX@Z 10002d84 f i MotionSensor.obj
 0001:00001d9e       ??_E?$CComObjectCached@VCComClassFactory@ATL@@@ATL@@UAEPAXI@Z 10002d9e f i MotionSensor.obj
 0001:00001d9e       ??_G?$CComObjectCached@VCComClassFactory@ATL@@@ATL@@UAEPAXI@Z 10002d9e f i MotionSensor.obj
 0001:00001dc0       ?Next@?$CComEnumImpl@UIEnumConnectionPoints@@$1?_GUID_b196b285_bab4_101a_b69c_00aa00341d07@@3U__s_GUID@@BPAUIConnectionPoint@@V?$_CopyInterface@UIConnectionPoint@@@ATL@@@ATL@@UAGJKPAPAUIConnectionPoint@@PAK@Z 10002dc0 f i MotionSensor.obj
 0001:00001e97       ?Skip@?$CComEnumImpl@UIEnumConnectionPoints@@$1?_GUID_b196b285_bab4_101a_b69c_00aa00341d07@@3U__s_GUID@@BPAUIConnectionPoint@@V?$_CopyInterface@UIConnectionPoint@@@ATL@@@ATL@@UAGJK@Z 10002e97 f i MotionSensor.obj
 0001:00001ec4       ?Reset@?$CComEnumImpl@UIEnumConnectionPoints@@$1?_GUID_b196b285_bab4_101a_b69c_00aa00341d07@@3U__s_GUID@@BPAUIConnectionPoint@@V?$_CopyInterface@UIConnectionPoint@@@ATL@@@ATL@@UAGJXZ 10002ec4 f i MotionSensor.obj
 0001:00001ec4       ?Reset@?$CComEnumImpl@UIEnumConnections@@$1?_GUID_b196b287_bab4_101a_b69c_00aa00341d07@@3U__s_GUID@@BUtagCONNECTDATA@@V?$_Copy@UtagCONNECTDATA@@@ATL@@@ATL@@UAGJXZ 10002ec4 f i MotionSensor.obj
 0001:00001ed6       ?Clone@?$CComEnumImpl@UIEnumConnectionPoints@@$1?_GUID_b196b285_bab4_101a_b69c_00aa00341d07@@3U__s_GUID@@BPAUIConnectionPoint@@V?$_CopyInterface@UIConnectionPoint@@@ATL@@@ATL@@UAGJPAPAUIEnumConnectionPoints@@@Z 10002ed6 f i MotionSensor.obj
 0001:00001fb7       ?AddRef@?$CComObject@V?$CComEnum@UIEnumConnectionPoints@@$1?_GUID_b196b285_bab4_101a_b69c_00aa00341d07@@3U__s_GUID@@BPAUIConnectionPoint@@V?$_CopyInterface@UIConnectionPoint@@@ATL@@VCComSingleThreadModel@6@@ATL@@@ATL@@UAGKXZ 10002fb7 f i MotionSensor.obj
 0001:00001fb7       ?AddRef@?$CComObject@V?$CComEnum@UIEnumConnections@@$1?_GUID_b196b287_bab4_101a_b69c_00aa00341d07@@3U__s_GUID@@BUtagCONNECTDATA@@V?$_Copy@UtagCONNECTDATA@@@ATL@@VCComSingleThreadModel@6@@ATL@@@ATL@@UAGKXZ 10002fb7 f i MotionSensor.obj
 0001:00001fc8       ?Release@?$CComObject@V?$CComEnum@UIEnumConnections@@$1?_GUID_b196b287_bab4_101a_b69c_00aa00341d07@@3U__s_GUID@@BUtagCONNECTDATA@@V?$_Copy@UtagCONNECTDATA@@@ATL@@VCComSingleThreadModel@6@@ATL@@@ATL@@UAGKXZ 10002fc8 f i MotionSensor.obj
 0001:00001fc8       ?Release@?$CComObject@V?$CComEnum@UIEnumConnectionPoints@@$1?_GUID_b196b285_bab4_101a_b69c_00aa00341d07@@3U__s_GUID@@BPAUIConnectionPoint@@V?$_CopyInterface@UIConnectionPoint@@@ATL@@VCComSingleThreadModel@6@@ATL@@@ATL@@UAGKXZ 10002fc8 f i MotionSensor.obj
 0001:00002004       ?QueryInterface@?$CComObject@V?$CComEnum@UIEnumConnectionPoints@@$1?_GUID_b196b285_bab4_101a_b69c_00aa00341d07@@3U__s_GUID@@BPAUIConnectionPoint@@V?$_CopyInterface@UIConnectionPoint@@@ATL@@VCComSingleThreadModel@6@@ATL@@@ATL@@UAGJABU_GUID@@PAPAX@Z 10003004 f i MotionSensor.obj
 0001:0000201e       ??_G?$CComObject@V?$CComEnum@UIEnumConnectionPoints@@$1?_GUID_b196b285_bab4_101a_b69c_00aa00341d07@@3U__s_GUID@@BPAUIConnectionPoint@@V?$_CopyInterface@UIConnectionPoint@@@ATL@@VCComSingleThreadModel@6@@ATL@@@ATL@@UAEPAXI@Z 1000301e f i MotionSensor.obj
 0001:0000201e       ??_E?$CComObject@V?$CComEnum@UIEnumConnectionPoints@@$1?_GUID_b196b285_bab4_101a_b69c_00aa00341d07@@3U__s_GUID@@BPAUIConnectionPoint@@V?$_CopyInterface@UIConnectionPoint@@@ATL@@VCComSingleThreadModel@6@@ATL@@@ATL@@UAEPAXI@Z 1000301e f i MotionSensor.obj
 0001:00002040       ?AddRef@CRegObject@ATL@@UAGKXZ 10003040 f i MotionSensor.obj
 0001:00002046       ?AddReplacement@CRegObject@ATL@@UAGJPB_W0@Z 10003046 f i MotionSensor.obj
 0001:0000207f       ?ClearReplacements@CRegObject@ATL@@UAGJXZ 1000307f f i MotionSensor.obj
 0001:00002091       ??_ECRegObject@ATL@@UAEPAXI@Z 10003091 f i MotionSensor.obj
 0001:00002091       ??_GCRegObject@ATL@@UAEPAXI@Z 10003091 f i MotionSensor.obj
 0001:000020b3       ?AddRef@?$CComAggObject@VCOPOSMotionSensor@@@ATL@@UAGKXZ 100030b3 f i MotionSensor.obj
 0001:000020c4       ?Release@?$CComAggObject@VCOPOSMotionSensor@@@ATL@@UAGKXZ 100030c4 f i MotionSensor.obj
 0001:00002100       ?QueryInterface@?$CComAggObject@VCOPOSMotionSensor@@@ATL@@UAGJABU_GUID@@PAPAX@Z 10003100 f i MotionSensor.obj
 0001:0000214f       ?AddRef@?$CComContainedObject@VCOPOSMotionSensor@@@ATL@@UAGKXZ 1000314f f i MotionSensor.obj
 0001:00002165       ?Release@?$CComContainedObject@VCOPOSMotionSensor@@@ATL@@UAGKXZ 10003165 f i MotionSensor.obj
 0001:0000217b       ?QueryInterface@?$CComContainedObject@VCOPOSMotionSensor@@@ATL@@UAGJABU_GUID@@PAPAX@Z 1000317b f i MotionSensor.obj
 0001:00002196       ??_G?$CComAggObject@VCOPOSMotionSensor@@@ATL@@UAEPAXI@Z 10003196 f i MotionSensor.obj
 0001:00002196       ??_E?$CComAggObject@VCOPOSMotionSensor@@@ATL@@UAEPAXI@Z 10003196 f i MotionSensor.obj
 0001:000021bb       ?AddRef@?$CComObject@VCOPOSMotionSensor@@@ATL@@UAGKXZ 100031bb f i MotionSensor.obj
 0001:000021d2       ?Release@?$CComObject@VCOPOSMotionSensor@@@ATL@@UAGKXZ 100031d2 f i MotionSensor.obj
 0001:00002214       ?QueryInterface@?$CComObject@VCOPOSMotionSensor@@@ATL@@UAGJABU_GUID@@PAPAX@Z 10003214 f i MotionSensor.obj
 0001:0000222e       ?OnDrawAdvanced@CComControlBase@ATL@@UAEJAAUATL_DRAWINFO@@@Z 1000322e f i MotionSensor.obj
 0001:00002321       ?Next@?$CComEnumImpl@UIEnumConnections@@$1?_GUID_b196b287_bab4_101a_b69c_00aa00341d07@@3U__s_GUID@@BUtagCONNECTDATA@@V?$_Copy@UtagCONNECTDATA@@@ATL@@@ATL@@UAGJKPAUtagCONNECTDATA@@PAK@Z 10003321 f i MotionSensor.obj
 0001:000023f8       ?Skip@?$CComEnumImpl@UIEnumConnections@@$1?_GUID_b196b287_bab4_101a_b69c_00aa00341d07@@3U__s_GUID@@BUtagCONNECTDATA@@V?$_Copy@UtagCONNECTDATA@@@ATL@@@ATL@@UAGJK@Z 100033f8 f i MotionSensor.obj
 0001:00002425       ?Clone@?$CComEnumImpl@UIEnumConnections@@$1?_GUID_b196b287_bab4_101a_b69c_00aa00341d07@@3U__s_GUID@@BUtagCONNECTDATA@@V?$_Copy@UtagCONNECTDATA@@@ATL@@@ATL@@UAGJPAPAUIEnumConnections@@@Z 10003425 f i MotionSensor.obj
 0001:00002506       ?QueryInterface@?$CComObject@V?$CComEnum@UIEnumConnections@@$1?_GUID_b196b287_bab4_101a_b69c_00aa00341d07@@3U__s_GUID@@BUtagCONNECTDATA@@V?$_Copy@UtagCONNECTDATA@@@ATL@@VCComSingleThreadModel@6@@ATL@@@ATL@@UAGJABU_GUID@@PAPAX@Z 10003506 f i MotionSensor.obj
 0001:00002520       ??_E?$CComObject@V?$CComEnum@UIEnumConnections@@$1?_GUID_b196b287_bab4_101a_b69c_00aa00341d07@@3U__s_GUID@@BUtagCONNECTDATA@@V?$_Copy@UtagCONNECTDATA@@@ATL@@VCComSingleThreadModel@6@@ATL@@@ATL@@UAEPAXI@Z 10003520 f i MotionSensor.obj
 0001:00002520       ??_G?$CComObject@V?$CComEnum@UIEnumConnections@@$1?_GUID_b196b287_bab4_101a_b69c_00aa00341d07@@3U__s_GUID@@BUtagCONNECTDATA@@V?$_Copy@UtagCONNECTDATA@@@ATL@@VCComSingleThreadModel@6@@ATL@@@ATL@@UAEPAXI@Z 10003520 f i MotionSensor.obj
 0001:00002542       ??_E?$CComObject@VCOPOSMotionSensor@@@ATL@@W3AEPAXI@Z 10003542 f i MotionSensor.obj
 0001:0000254a       ??_E?$CComObject@VCOPOSMotionSensor@@@ATL@@WEM@AEPAXI@Z 1000354a f i MotionSensor.obj
 0001:00002552       ?QueryInterface@?$CComObject@VCOPOSMotionSensor@@@ATL@@WHA@AGJABU_GUID@@PAPAX@Z 10003552 f i MotionSensor.obj
 0001:0000255c       ?AddRef@?$CComObject@VCOPOSMotionSensor@@@ATL@@WHA@AGKXZ 1000355c f i MotionSensor.obj
 0001:00002566       ?Release@?$CComObject@VCOPOSMotionSensor@@@ATL@@WHA@AGKXZ 10003566 f i MotionSensor.obj
 0001:00002570       ?QueryInterface@?$CComObject@VCOPOSMotionSensor@@@ATL@@WHE@AGJABU_GUID@@PAPAX@Z 10003570 f i MotionSensor.obj
 0001:0000257a       ?AddRef@?$CComObject@VCOPOSMotionSensor@@@ATL@@WHE@AGKXZ 1000357a f i MotionSensor.obj
 0001:00002584       ?Release@?$CComObject@VCOPOSMotionSensor@@@ATL@@WHE@AGKXZ 10003584 f i MotionSensor.obj
 0001:0000258e       ?QueryInterface@?$CComObject@VCOPOSMotionSensor@@@ATL@@WHI@AGJABU_GUID@@PAPAX@Z 1000358e f i MotionSensor.obj
 0001:00002598       ?AddRef@?$CComObject@VCOPOSMotionSensor@@@ATL@@WHI@AGKXZ 10003598 f i MotionSensor.obj
 0001:000025a2       ?Release@?$CComObject@VCOPOSMotionSensor@@@ATL@@WHI@AGKXZ 100035a2 f i MotionSensor.obj
 0001:000025ac       ?QueryInterface@?$CComObject@VCOPOSMotionSensor@@@ATL@@WHM@AGJABU_GUID@@PAPAX@Z 100035ac f i MotionSensor.obj
 0001:000025b6       ?AddRef@?$CComObject@VCOPOSMotionSensor@@@ATL@@WHM@AGKXZ 100035b6 f i MotionSensor.obj
 0001:000025c0       ?Release@?$CComObject@VCOPOSMotionSensor@@@ATL@@WHM@AGKXZ 100035c0 f i MotionSensor.obj
 0001:000025ca       ?QueryInterface@?$CComObject@VCOPOSMotionSensor@@@ATL@@WIA@AGJABU_GUID@@PAPAX@Z 100035ca f i MotionSensor.obj
 0001:000025d7       ?AddRef@?$CComObject@VCOPOSMotionSensor@@@ATL@@WIA@AGKXZ 100035d7 f i MotionSensor.obj
 0001:000025e4       ?Release@?$CComObject@VCOPOSMotionSensor@@@ATL@@WIA@AGKXZ 100035e4 f i MotionSensor.obj
 0001:000025f1       ?QueryInterface@?$CComObject@VCOPOSMotionSensor@@@ATL@@WIE@AGJABU_GUID@@PAPAX@Z 100035f1 f i MotionSensor.obj
 0001:000025fe       ?AddRef@?$CComObject@VCOPOSMotionSensor@@@ATL@@WIE@AGKXZ 100035fe f i MotionSensor.obj
 0001:0000260b       ?Release@?$CComObject@VCOPOSMotionSensor@@@ATL@@WIE@AGKXZ 1000360b f i MotionSensor.obj
 0001:00002618       ?QueryInterface@?$CComObject@VCOPOSMotionSensor@@@ATL@@WII@AGJABU_GUID@@PAPAX@Z 10003618 f i MotionSensor.obj
 0001:00002625       ?AddRef@?$CComObject@VCOPOSMotionSensor@@@ATL@@WII@AGKXZ 10003625 f i MotionSensor.obj
 0001:00002632       ?Release@?$CComObject@VCOPOSMotionSensor@@@ATL@@WII@AGKXZ 10003632 f i MotionSensor.obj
 0001:0000263f       ?QueryInterface@?$CComObject@VCOPOSMotionSensor@@@ATL@@WIM@AGJABU_GUID@@PAPAX@Z 1000363f f i MotionSensor.obj
 0001:0000264c       ?AddRef@?$CComObject@VCOPOSMotionSensor@@@ATL@@WIM@AGKXZ 1000364c f i MotionSensor.obj
 0001:00002659       ?Release@?$CComObject@VCOPOSMotionSensor@@@ATL@@WIM@AGKXZ 10003659 f i MotionSensor.obj
 0001:00002666       ?QueryInterface@?$CComObject@VCOPOSMotionSensor@@@ATL@@WJA@AGJABU_GUID@@PAPAX@Z 10003666 f i MotionSensor.obj
 0001:00002673       ?AddRef@?$CComObject@VCOPOSMotionSensor@@@ATL@@WJA@AGKXZ 10003673 f i MotionSensor.obj
 0001:00002680       ?Release@?$CComObject@VCOPOSMotionSensor@@@ATL@@WJA@AGKXZ 10003680 f i MotionSensor.obj
 0001:0000268d       ?QueryInterface@?$CComObject@VCOPOSMotionSensor@@@ATL@@WJE@AGJABU_GUID@@PAPAX@Z 1000368d f i MotionSensor.obj
 0001:0000269a       ?AddRef@?$CComObject@VCOPOSMotionSensor@@@ATL@@WJE@AGKXZ 1000369a f i MotionSensor.obj
 0001:000026a7       ?Release@?$CComObject@VCOPOSMotionSensor@@@ATL@@WJE@AGKXZ 100036a7 f i MotionSensor.obj
 0001:000026b4       ?QueryInterface@?$CComObject@VCOPOSMotionSensor@@@ATL@@WJI@AGJABU_GUID@@PAPAX@Z 100036b4 f i MotionSensor.obj
 0001:000026c1       ?AddRef@?$CComObject@VCOPOSMotionSensor@@@ATL@@WJI@AGKXZ 100036c1 f i MotionSensor.obj
 0001:000026ce       ?Release@?$CComObject@VCOPOSMotionSensor@@@ATL@@WJI@AGKXZ 100036ce f i MotionSensor.obj
 0001:000026db       ?QueryInterface@?$CComObject@VCOPOSMotionSensor@@@ATL@@WJM@AGJABU_GUID@@PAPAX@Z 100036db f i MotionSensor.obj
 0001:000026e8       ?AddRef@?$CComObject@VCOPOSMotionSensor@@@ATL@@WJM@AGKXZ 100036e8 f i MotionSensor.obj
 0001:000026f5       ?Release@?$CComObject@VCOPOSMotionSensor@@@ATL@@WJM@AGKXZ 100036f5 f i MotionSensor.obj
 0001:00002702       ?QueryInterface@?$CComObject@VCOPOSMotionSensor@@@ATL@@WKA@AGJABU_GUID@@PAPAX@Z 10003702 f i MotionSensor.obj
 0001:0000270f       ?AddRef@?$CComObject@VCOPOSMotionSensor@@@ATL@@WKA@AGKXZ 1000370f f i MotionSensor.obj
 0001:0000271c       ?Release@?$CComObject@VCOPOSMotionSensor@@@ATL@@WKA@AGKXZ 1000371c f i MotionSensor.obj
 0001:00002729       ?AddRef@?$CComObject@VCOPOSMotionSensor@@@ATL@@WKI@AGKXZ 10003729 f i MotionSensor.obj
 0001:00002736       ?Release@?$CComObject@VCOPOSMotionSensor@@@ATL@@WKI@AGKXZ 10003736 f i MotionSensor.obj
 0001:00002743       ?AddRef@?$CComObject@VCOPOSMotionSensor@@@ATL@@WLE@AGKXZ 10003743 f i MotionSensor.obj
 0001:00002750       ?Release@?$CComObject@VCOPOSMotionSensor@@@ATL@@WLE@AGKXZ 10003750 f i MotionSensor.obj
 0001:0000275d       ??_E?$CComContainedObject@VCOPOSMotionSensor@@@ATL@@W3AEPAXI@Z 1000375d f i MotionSensor.obj
 0001:00002765       ??_E?$CComContainedObject@VCOPOSMotionSensor@@@ATL@@WEM@AEPAXI@Z 10003765 f i MotionSensor.obj
 0001:0000276d       ?QueryInterface@?$CComContainedObject@VCOPOSMotionSensor@@@ATL@@WHA@AGJABU_GUID@@PAPAX@Z 1000376d f i MotionSensor.obj
 0001:00002777       ?AddRef@?$CComContainedObject@VCOPOSMotionSensor@@@ATL@@WHA@AGKXZ 10003777 f i MotionSensor.obj
 0001:00002781       ?Release@?$CComContainedObject@VCOPOSMotionSensor@@@ATL@@WHA@AGKXZ 10003781 f i MotionSensor.obj
 0001:0000278b       ?QueryInterface@?$CComContainedObject@VCOPOSMotionSensor@@@ATL@@WHE@AGJABU_GUID@@PAPAX@Z 1000378b f i MotionSensor.obj
 0001:00002795       ?AddRef@?$CComContainedObject@VCOPOSMotionSensor@@@ATL@@WHE@AGKXZ 10003795 f i MotionSensor.obj
 0001:0000279f       ?Release@?$CComContainedObject@VCOPOSMotionSensor@@@ATL@@WHE@AGKXZ 1000379f f i MotionSensor.obj
 0001:000027a9       ?QueryInterface@?$CComContainedObject@VCOPOSMotionSensor@@@ATL@@WHI@AGJABU_GUID@@PAPAX@Z 100037a9 f i MotionSensor.obj
 0001:000027b3       ?AddRef@?$CComContainedObject@VCOPOSMotionSensor@@@ATL@@WHI@AGKXZ 100037b3 f i MotionSensor.obj
 0001:000027bd       ?Release@?$CComContainedObject@VCOPOSMotionSensor@@@ATL@@WHI@AGKXZ 100037bd f i MotionSensor.obj
 0001:000027c7       ?QueryInterface@?$CComContainedObject@VCOPOSMotionSensor@@@ATL@@WHM@AGJABU_GUID@@PAPAX@Z 100037c7 f i MotionSensor.obj
 0001:000027d1       ?AddRef@?$CComContainedObject@VCOPOSMotionSensor@@@ATL@@WHM@AGKXZ 100037d1 f i MotionSensor.obj
 0001:000027db       ?Release@?$CComContainedObject@VCOPOSMotionSensor@@@ATL@@WHM@AGKXZ 100037db f i MotionSensor.obj
 0001:000027e5       ?QueryInterface@?$CComContainedObject@VCOPOSMotionSensor@@@ATL@@WIA@AGJABU_GUID@@PAPAX@Z 100037e5 f i MotionSensor.obj
 0001:000027f2       ?AddRef@?$CComContainedObject@VCOPOSMotionSensor@@@ATL@@WIA@AGKXZ 100037f2 f i MotionSensor.obj
 0001:000027ff       ?Release@?$CComContainedObject@VCOPOSMotionSensor@@@ATL@@WIA@AGKXZ 100037ff f i MotionSensor.obj
 0001:0000280c       ?QueryInterface@?$CComContainedObject@VCOPOSMotionSensor@@@ATL@@WIE@AGJABU_GUID@@PAPAX@Z 1000380c f i MotionSensor.obj
 0001:00002819       ?AddRef@?$CComContainedObject@VCOPOSMotionSensor@@@ATL@@WIE@AGKXZ 10003819 f i MotionSensor.obj
 0001:00002826       ?Release@?$CComContainedObject@VCOPOSMotionSensor@@@ATL@@WIE@AGKXZ 10003826 f i MotionSensor.obj
 0001:00002833       ?QueryInterface@?$CComContainedObject@VCOPOSMotionSensor@@@ATL@@WII@AGJABU_GUID@@PAPAX@Z 10003833 f i MotionSensor.obj
 0001:00002840       ?AddRef@?$CComContainedObject@VCOPOSMotionSensor@@@ATL@@WII@AGKXZ 10003840 f i MotionSensor.obj
 0001:0000284d       ?Release@?$CComContainedObject@VCOPOSMotionSensor@@@ATL@@WII@AGKXZ 1000384d f i MotionSensor.obj
 0001:0000285a       ?QueryInterface@?$CComContainedObject@VCOPOSMotionSensor@@@ATL@@WIM@AGJABU_GUID@@PAPAX@Z 1000385a f i MotionSensor.obj
 0001:00002867       ?AddRef@?$CComContainedObject@VCOPOSMotionSensor@@@ATL@@WIM@AGKXZ 10003867 f i MotionSensor.obj
 0001:00002874       ?Release@?$CComContainedObject@VCOPOSMotionSensor@@@ATL@@WIM@AGKXZ 10003874 f i MotionSensor.obj
 0001:00002881       ?QueryInterface@?$CComContainedObject@VCOPOSMotionSensor@@@ATL@@WJA@AGJABU_GUID@@PAPAX@Z 10003881 f i MotionSensor.obj
 0001:0000288e       ?AddRef@?$CComContainedObject@VCOPOSMotionSensor@@@ATL@@WJA@AGKXZ 1000388e f i MotionSensor.obj
 0001:0000289b       ?Release@?$CComContainedObject@VCOPOSMotionSensor@@@ATL@@WJA@AGKXZ 1000389b f i MotionSensor.obj
 0001:000028a8       ?QueryInterface@?$CComContainedObject@VCOPOSMotionSensor@@@ATL@@WJE@AGJABU_GUID@@PAPAX@Z 100038a8 f i MotionSensor.obj
 0001:000028b5       ?AddRef@?$CComContainedObject@VCOPOSMotionSensor@@@ATL@@WJE@AGKXZ 100038b5 f i MotionSensor.obj
 0001:000028c2       ?Release@?$CComContainedObject@VCOPOSMotionSensor@@@ATL@@WJE@AGKXZ 100038c2 f i MotionSensor.obj
 0001:000028cf       ?QueryInterface@?$CComContainedObject@VCOPOSMotionSensor@@@ATL@@WJI@AGJABU_GUID@@PAPAX@Z 100038cf f i MotionSensor.obj
 0001:000028dc       ?AddRef@?$CComContainedObject@VCOPOSMotionSensor@@@ATL@@WJI@AGKXZ 100038dc f i MotionSensor.obj
 0001:000028e9       ?Release@?$CComContainedObject@VCOPOSMotionSensor@@@ATL@@WJI@AGKXZ 100038e9 f i MotionSensor.obj
 0001:000028f6       ??$?4UITypeInfo2@@@?$CComPtr@UITypeInfo@@@ATL@@QAEPAUITypeInfo@@ABV?$CComPtr@UITypeInfo2@@@1@@Z 100038f6 f i MotionSensor.obj
 0001:00002923       ??$AtlAdd@K@ATL@@YAJPAKKK@Z 10003923 f i MotionSensor.obj
 0001:00002946       ??$AtlAdd@_K@ATL@@YAJPA_K_K1@Z 10003946 f i MotionSensor.obj
 0001:0000297e       ??$AtlAddThrow@K@ATL@@YAKKK@Z 1000397e f i MotionSensor.obj
 0001:000029a4       ??$AtlModuleRegisterWndClassInfoT@VAtlModuleRegisterWndClassInfoParamW@ATL@@@ATL@@YAGPAU_ATL_BASE_MODULE70@0@PAU_ATL_WIN_MODULE70@0@PAU_ATL_WNDCLASSINFOW@0@PAP6GJPAUHWND__@@IIJ@ZVAtlModuleRegisterWndClassInfoParamW@0@@Z 100039a4 f i MotionSensor.obj
 0001:00002af2       ??$AtlMultiply@H@ATL@@YAJPAHHH@Z 10003af2 f i MotionSensor.obj
 0001:00002b2a       ??$AtlMultiply@I@ATL@@YAJPAIII@Z 10003b2a f i MotionSensor.obj
 0001:00002b2a       ??$AtlMultiply@K@ATL@@YAJPAKKK@Z 10003b2a f i MotionSensor.obj
 0001:00002b4c       ??$AtlMultiplyThrow@I@ATL@@YAIII@Z 10003b4c f i MotionSensor.obj
 0001:00002b72       ??0?$CComAggObject@VCOPOSMotionSensor@@@ATL@@QAE@PAX@Z 10003b72 f i MotionSensor.obj
 0001:00002b9f       ??0?$CComContainedObject@VCOPOSMotionSensor@@@ATL@@QAE@PAX@Z 10003b9f f i MotionSensor.obj
 0001:00002c58       ??0?$CComObject@V?$CComEnum@UIEnumConnectionPoints@@$1?_GUID_b196b285_bab4_101a_b69c_00aa00341d07@@3U__s_GUID@@BPAUIConnectionPoint@@V?$_CopyInterface@UIConnectionPoint@@@ATL@@VCComSingleThreadModel@6@@ATL@@@ATL@@QAE@PAX@Z 10003c58 f i MotionSensor.obj
 0001:00002c86       ??0?$CComObject@V?$CComEnum@UIEnumConnections@@$1?_GUID_b196b287_bab4_101a_b69c_00aa00341d07@@3U__s_GUID@@BUtagCONNECTDATA@@V?$_Copy@UtagCONNECTDATA@@@ATL@@VCComSingleThreadModel@6@@ATL@@@ATL@@QAE@PAX@Z 10003c86 f i MotionSensor.obj
 0001:00002cb4       ??0?$CComObject@VCOPOSMotionSensor@@@ATL@@QAE@PAX@Z 10003cb4 f i MotionSensor.obj
 0001:00002d6b       ??0?$CComQIPtr@UIOleControlSite@@$1?_GUID_b196b289_bab4_101a_b69c_00aa00341d07@@3U__s_GUID@@B@ATL@@QAE@PAUIUnknown@@@Z 10003d6b f i MotionSensor.obj
 0001:00002d94       ??0CAtlModule@ATL@@QAE@XZ  10003d94 f i MotionSensor.obj
 0001:00002dd5       ??0CParseBuffer@CRegParser@ATL@@QAE@H@Z 10003dd5 f i MotionSensor.obj
 0001:00002e0b       ??0_ATL_MSG@ATL@@QAE@PAUHWND__@@IIJH@Z 10003e0b f i MotionSensor.obj
 0001:00002e43       ??1?$CComAggObject@VCOPOSMotionSensor@@@ATL@@UAE@XZ 10003e43 f i MotionSensor.obj
 0001:00002e67       ??1?$CComEnumImpl@UIEnumConnectionPoints@@$1?_GUID_b196b285_bab4_101a_b69c_00aa00341d07@@3U__s_GUID@@BPAUIConnectionPoint@@V?$_CopyInterface@UIConnectionPoint@@@ATL@@@ATL@@UAE@XZ 10003e67 f i MotionSensor.obj
 0001:00002ea7       ??1?$CComEnumImpl@UIEnumConnections@@$1?_GUID_b196b287_bab4_101a_b69c_00aa00341d07@@3U__s_GUID@@BUtagCONNECTDATA@@V?$_Copy@UtagCONNECTDATA@@@ATL@@@ATL@@UAE@XZ 10003ea7 f i MotionSensor.obj
 0001:00002ee7       ??1?$CComObject@V?$CComEnum@UIEnumConnectionPoints@@$1?_GUID_b196b285_bab4_101a_b69c_00aa00341d07@@3U__s_GUID@@BPAUIConnectionPoint@@V?$_CopyInterface@UIConnectionPoint@@@ATL@@VCComSingleThreadModel@6@@ATL@@@ATL@@UAE@XZ 10003ee7 f i MotionSensor.obj
 0001:00002f0a       ??1?$CComObject@V?$CComEnum@UIEnumConnections@@$1?_GUID_b196b287_bab4_101a_b69c_00aa00341d07@@3U__s_GUID@@BUtagCONNECTDATA@@V?$_Copy@UtagCONNECTDATA@@@ATL@@VCComSingleThreadModel@6@@ATL@@@ATL@@UAE@XZ 10003f0a f i MotionSensor.obj
 0001:00002f2d       ??1?$CComObject@VCOPOSMotionSensor@@@ATL@@UAE@XZ 10003f2d f i MotionSensor.obj
 0001:00002feb       ??1?$CComObjectCached@VCComClassFactory@ATL@@@ATL@@UAE@XZ 10003feb f i MotionSensor.obj
 0001:00003001       ??1?$CComObjectRootEx@VCComMultiThreadModel@ATL@@@ATL@@QAE@XZ 10004001 f i MotionSensor.obj
 0001:00003016       ??1CRegObject@ATL@@UAE@XZ  10004016 f i MotionSensor.obj
 0001:00003036       ??4?$CComPtr@UIUnknown@@@ATL@@QAEPAUIUnknown@@PAU2@@Z 10004036 f i MotionSensor.obj
 0001:00003036       ??4?$CComPtr@UIAdviseSink@@@ATL@@QAEPAUIAdviseSink@@PAU2@@Z 10004036 f i MotionSensor.obj
 0001:00003036       ??4?$CComPtr@UIOleClientSite@@@ATL@@QAEPAUIOleClientSite@@PAU2@@Z 10004036 f i MotionSensor.obj
 0001:0000306a       ??_E?$CComContainedObject@VCOPOSMotionSensor@@@ATL@@UAEPAXI@Z 1000406a f i MotionSensor.obj
 0001:0000306a       ??_G?$CComContainedObject@VCOPOSMotionSensor@@@ATL@@UAEPAXI@Z 1000406a f i MotionSensor.obj
 0001:0000308f       ??_E?$CComObject@VCOPOSMotionSensor@@@ATL@@UAEPAXI@Z 1000408f f i MotionSensor.obj
 0001:0000308f       ??_G?$CComObject@VCOPOSMotionSensor@@@ATL@@UAEPAXI@Z 1000408f f i MotionSensor.obj
 0001:000030b4       ?Add@?$CSimpleArray@GV?$CSimpleArrayEqualHelper@G@ATL@@@ATL@@QAEHABG@Z 100040b4 f i MotionSensor.obj
 0001:00003138       ?Add@?$CSimpleMap@PA_WPA_WVCExpansionVectorEqualHelper@ATL@@@ATL@@QAEHABQA_W0@Z 10004138 f i MotionSensor.obj
 0001:0000318d       ?Add@CComDynamicUnkArray@ATL@@QAEKPAUIUnknown@@@Z 1000418d f i MotionSensor.obj
 0001:00003243       ?Add@CExpansionVector@ATL@@QAEHPB_W0@Z 10004243 f i MotionSensor.obj
 0001:0000334c       ?AddString@CParseBuffer@CRegParser@ATL@@QAEHPB_W@Z 1000434c f i MotionSensor.obj
 0001:00003381       ?AddTermFunc@CAtlModule@ATL@@QAEJP6GXK@ZK@Z 10004381 f i MotionSensor.obj
 0001:000033e4       ?AddValue@CRegParser@ATL@@IAEJAAVCRegKey@2@PB_WPA_W@Z 100043e4 f i MotionSensor.obj
 0001:000036fe       ?Allocate@?$CAtlSafeAllocBufferManager@VCCRTAllocator@ATL@@@_ATL_SAFE_ALLOCA_IMPL@ATL@@QAEPAXK@Z 100046fe f i MotionSensor.obj
 0001:0000372b       ?Allocate@?$CTempBuffer@E$0BAA@VCCRTAllocator@ATL@@@ATL@@QAEPAEI@Z 1000472b f i MotionSensor.obj
 0001:0000375a       ?Allocate@?$CTempBuffer@_W$0BAA@VCCRTAllocator@ATL@@@ATL@@QAEPA_WI@Z 1000475a f i MotionSensor.obj
 0001:00003789       ?Allocate@?$CTempBuffer@_W$0EAA@VCCRTAllocator@ATL@@@ATL@@QAEPA_WI@Z 10004789 f i MotionSensor.obj
 0001:000037b8       ?AllocateHeap@?$CTempBuffer@_W$0BAA@VCCRTAllocator@ATL@@@ATL@@AAEXI@Z 100047b8 f i MotionSensor.obj
 0001:000037b8       ?AllocateHeap@?$CTempBuffer@_W$0EAA@VCCRTAllocator@ATL@@@ATL@@AAEXI@Z 100047b8 f i MotionSensor.obj
 0001:000037b8       ?AllocateHeap@?$CTempBuffer@E$0BAA@VCCRTAllocator@ATL@@@ATL@@AAEXI@Z 100047b8 f i MotionSensor.obj
 0001:000037dd       ?Append@CParseBuffer@CRegParser@ATL@@QAEHPB_WH@Z 100047dd f i MotionSensor.obj
 0001:0000386b       ?AtlCoTaskMemCAlloc@ATL@@YAPAXKK@Z 1000486b f i MotionSensor.obj
 0001:00003898       ?AtlCoTaskMemRecalloc@ATL@@YAPAXPAXKK@Z 10004898 f i MotionSensor.obj
 0001:000038c8       ?AtlComModuleGetClassObject@ATL@@YGJPAU_ATL_COM_MODULE70@1@ABU_GUID@@1PAPAX@Z 100048c8 f i MotionSensor.obj
 0001:000039bb       ?AtlComModuleRegisterServer@ATL@@YGJPAU_ATL_COM_MODULE70@1@HPBU_GUID@@@Z 100049bb f i MotionSensor.obj
 0001:00003a43       ?AtlComModuleUnregisterServer@ATL@@YGJPAU_ATL_COM_MODULE70@1@HPBU_GUID@@@Z 10004a43 f i MotionSensor.obj
 0001:00003acb       ?AtlComQIPtrAssign2@ATL@@YAXPAPAUIUnknown@@PAU2@ABU_GUID@@@Z 10004acb f i MotionSensor.obj
 0001:00003afa       ?AtlCreateTargetDC@ATL@@YGPAUHDC__@@PAU2@PAUtagDVTARGETDEVICE@@@Z 10004afa f i MotionSensor.obj
 0001:00003b63       ?AtlCrtErrorCheck@ATL@@YAHH@Z 10004b63 f i MotionSensor.obj
 0001:00003b9e       ?AtlHiMetricToPixel@ATL@@YGXPBUtagSIZE@@PAU2@@Z 10004b9e f i MotionSensor.obj
 0001:00003c13       ?AtlHresultFromLastError@ATL@@YAJXZ 10004c13 f i MotionSensor.obj
 0001:00003c2a       ?AtlHresultFromWin32@ATL@@YAJK@Z 10004c2a f i MotionSensor.obj
 0001:00003c3f       ?AtlInternalOleLoadFromStream@ATL@@YAJPAUIStream@@ABU_GUID@@PAPAXTClassesAllowedInStream@1@K@Z 10004c3f f i MotionSensor.obj
 0001:00003d5d       ?AtlInternalQueryInterface@ATL@@YGJPAXPBU_ATL_INTMAP_ENTRY@1@ABU_GUID@@PAPAX@Z 10004d5d f i MotionSensor.obj
 0001:00003e00       ?AtlLoadTypeLib@ATL@@YGJPAUHINSTANCE__@@PB_WPAPA_WPAPAUITypeLib@@@Z 10004e00 f i MotionSensor.obj
 0001:00003fde       ?AtlRegisterClassCategoriesHelper@ATL@@YGJABU_GUID@@PBU_ATL_CATMAP_ENTRY@1@H@Z 10004fde f i MotionSensor.obj
 0001:000042da       ?AtlRegisterTypeLib@ATL@@YGJPAUHINSTANCE__@@PB_W@Z 100052da f i MotionSensor.obj
 0001:00004462       ?AtlThrowImpl@ATL@@YGXJ@Z  10005462 f i MotionSensor.obj
 0001:00004480       ?AtlUnRegisterTypeLib@ATL@@YGJPAUHINSTANCE__@@PB_W@Z 10005480 f i MotionSensor.obj
 0001:0000452b       ?AtlWinModuleAddCreateWndData@ATL@@YGXPAU_ATL_WIN_MODULE70@1@PAU_AtlCreateWndData@1@PAX@Z 1000552b f i MotionSensor.obj
 0001:0000457f       ?AtlWinModuleExtractCreateWndData@ATL@@YGPAXPAU_ATL_WIN_MODULE70@1@@Z 1000557f f i MotionSensor.obj
 0001:000045e2       ?AtlWinModuleRegisterClassExW@ATL@@YGGPAU_ATL_WIN_MODULE70@1@PBUtagWNDCLASSEXW@@@Z 100055e2 f i MotionSensor.obj
 0001:00004621       ?CanForceRemoveKey@CRegParser@ATL@@IAEHPB_W@Z 10005621 f i MotionSensor.obj
 0001:00004650       ?ChToByte@CRegParser@ATL@@KAE_W@Z 10005650 f i MotionSensor.obj
 0001:00004683       ?Cleanup@CComTypeInfoHolder@ATL@@SGXK@Z 10005683 f i MotionSensor.obj
 0001:000046b6       ?ClearReplacements@CExpansionVector@ATL@@QAEJXZ 100056b6 f i MotionSensor.obj
 0001:000046f3       ?Close@CRegKey@ATL@@QAEJXZ 100056f3 f i MotionSensor.obj
 0001:0000470d       ?CreateInstance@?$CComCreator@V?$CComAggObject@VCOPOSMotionSensor@@@ATL@@@ATL@@SGJPAXABU_GUID@@PAPAX@Z 1000570d f i MotionSensor.obj
 0001:00004782       ?CreateInstance@?$CComCreator@V?$CComObject@VCOPOSMotionSensor@@@ATL@@@ATL@@SGJPAXABU_GUID@@PAPAX@Z 10005782 f i MotionSensor.obj
 0001:00004802       ?CreateInstance@?$CComObject@V?$CComEnum@UIEnumConnectionPoints@@$1?_GUID_b196b285_bab4_101a_b69c_00aa00341d07@@3U__s_GUID@@BPAUIConnectionPoint@@V?$_CopyInterface@UIConnectionPoint@@@ATL@@VCComSingleThreadModel@6@@ATL@@@ATL@@SGJPAPAV12@@Z 10005802 f i MotionSensor.obj
 0001:0000484c       ?CreateInstance@?$CComObject@V?$CComEnum@UIEnumConnections@@$1?_GUID_b196b287_bab4_101a_b69c_00aa00341d07@@3U__s_GUID@@BUtagCONNECTDATA@@V?$_Copy@UtagCONNECTDATA@@@ATL@@VCComSingleThreadModel@6@@ATL@@@ATL@@SGJPAPAV12@@Z 1000584c f i MotionSensor.obj
 0001:00004896       ?DefaultReflectionHandler@?$CWindowImplRoot@VCWindow@ATL@@@ATL@@SAHPAUHWND__@@IIJAAJ@Z 10005896 f i MotionSensor.obj
 0001:00004909       ?DeleteSubKey@CRegKey@ATL@@QAEJPB_W@Z 10005909 f i MotionSensor.obj
 0001:00004982       ?DoEvent@COPOSMotionSensor@@IAEXIIJ@Z 10005982 f i MotionSensor.obj
 0001:00004a02       ?DoVerbHide@?$IOleObjectImpl@VCOPOSMotionSensor@@@ATL@@QAEJPBUtagRECT@@PAUHWND__@@@Z 10005a02 f i MotionSensor.obj
 0001:00004a38       ?DoVerbInPlaceActivate@?$IOleObjectImpl@VCOPOSMotionSensor@@@ATL@@QAEJPBUtagRECT@@PAUHWND__@@@Z 10005a38 f i MotionSensor.obj
 0001:00004a6b       ?DoVerbPrimary@?$IOleObjectImpl@VCOPOSMotionSensor@@@ATL@@QAEJPBUtagRECT@@PAUHWND__@@@Z 10005a6b f i MotionSensor.obj
 0001:00004af7       ?DoVerbProperties@CComControlBase@ATL@@QAEJPBUtagRECT@@PAUHWND__@@@Z 10005af7 f i MotionSensor.obj
 0001:00004c76       ?DoVerbUIActivate@?$IOleObjectImpl@VCOPOSMotionSensor@@@ATL@@QAEJPBUtagRECT@@PAUHWND__@@@Z 10005c76 f i MotionSensor.obj
 0001:00004cb3       ?DoesVerbActivate@CComControlBase@ATL@@QAEHJ@Z 10005cb3 f i MotionSensor.obj
 0001:00004cd4       ?DoesVerbUIActivate@CComControlBase@ATL@@QAEHJ@Z 10005cd4 f i MotionSensor.obj
 0001:00004d09       ?EndOfVar@CRegParser@ATL@@IAEHXZ 10005d09 f i MotionSensor.obj
 0001:00004d29       ?EscapeSingleQuote@CAtlModule@ATL@@SAXPA_WIPB_W@Z 10005d29 f i MotionSensor.obj
 0001:00004d78       ?FindKey@?$CSimpleMap@PA_WPA_WVCExpansionVectorEqualHelper@ATL@@@ATL@@QBEHABQA_W@Z 10005d78 f i MotionSensor.obj
 0001:00004daf       ?FireTheEvent@?$CProxy_IOPOSEvents@VCOPOSMotionSensor@@@@IAEXPAVOposVariant@@IAAJPB_WJ@Z 10005daf f i MotionSensor.obj
 0001:00004e41       ?FireViewChange@CComControlBase@ATL@@QAEJXZ 10005e41 f i MotionSensor.obj
 0001:00004e8a       ?Fire_DirectIOEvent@?$CProxy_IOPOSEvents@VCOPOSMotionSensor@@@@QAEXJPAJPAPA_W@Z 10005e8a f i MotionSensor.obj
 0001:00004f76       ?Fire_StatusUpdateEvent@?$CProxy_IOPOSEvents@VCOPOSMotionSensor@@@@QAEXJ@Z 10005f76 f i MotionSensor.obj
 0001:0000500c       ?FreeHeap@?$CTempBuffer@_W$0BAA@VCCRTAllocator@ATL@@@ATL@@AAEXXZ 1000600c f i MotionSensor.obj
 0001:0000500c       ?FreeHeap@?$CTempBuffer@_W$0EAA@VCCRTAllocator@ATL@@@ATL@@AAEXXZ 1000600c f i MotionSensor.obj
 0001:0000500c       ?FreeHeap@?$CTempBuffer@E$0BAA@VCCRTAllocator@ATL@@@ATL@@AAEXXZ 1000600c f i MotionSensor.obj
 0001:00005015       ?GetAmbientLocaleID@CComControlBase@ATL@@QAEJAAK@Z 10006015 f i MotionSensor.obj
 0001:00005071       ?GetAmbientUserMode@CComControlBase@ATL@@QAEJAAH@Z 10006071 f i MotionSensor.obj
 0001:000050e1       ?GetAt@CComDynamicUnkArray@ATL@@QAEPAUIUnknown@@H@Z 100060e1 f i MotionSensor.obj
 0001:000050fd       ?GetClassObject@CComModule@ATL@@QAEJABU_GUID@@0PAPAX@Z 100060fd f i MotionSensor.obj
 0001:0000519f       ?GetConnMap@COPOSMotionSensor@@SAPBU_ATL_CONNMAP_ENTRY@ATL@@PAH@Z 1000619f f i MotionSensor.obj
 0001:0000520f       ?GetCookie@CComDynamicUnkArray@ATL@@QAGKPAPAUIUnknown@@@Z 1000620f f i MotionSensor.obj
 0001:00005247       ?GetIDsOfNames@CComTypeInfoHolder@ATL@@QAEJABU_GUID@@PAPA_WIKPAJ@Z 10006247 f i MotionSensor.obj
 0001:0000536e       ?GetKeyAt@?$CSimpleMap@PA_WPA_WVCExpansionVectorEqualHelper@ATL@@@ATL@@QBEAAPA_WH@Z 1000636e f i MotionSensor.obj
 0001:00005393       ?GetPagesHelper@?$ISpecifyPropertyPagesImpl@VCOPOSMotionSensor@@@ATL@@IAEJPAUtagCAUUID@@PBUATL_PROPMAP_ENTRY@2@@Z 10006393 f i MotionSensor.obj
 0001:000054ba       ?GetProperty@?$CComPtr@UIDispatch@@@ATL@@SAJPAUIDispatch@@JPAUtagVARIANT@@@Z 100064ba f i MotionSensor.obj
 0001:00005509       ?GetSizeMax@CComVariant@ATL@@QBEJPAT_ULARGE_INTEGER@@@Z 10006509 f i MotionSensor.obj
 0001:000056cb       ?GetTI@CComTypeInfoHolder@ATL@@QAEJK@Z 100066cb f i MotionSensor.obj
 0001:000058aa       ?GetTI@CComTypeInfoHolder@ATL@@QAEJKPAPAUITypeInfo@@@Z 100068aa f i MotionSensor.obj
 0001:000058ec       ?GetUnknown@CComDynamicUnkArray@ATL@@QAGPAUIUnknown@@K@Z 100068ec f i MotionSensor.obj
 0001:0000590d       ?GetValueAt@?$CSimpleMap@PA_WPA_WVCExpansionVectorEqualHelper@ATL@@@ATL@@QBEAAPA_WH@Z 1000690d f i MotionSensor.obj
 0001:00005933       ?GetZoomInfo@CComControlBase@ATL@@QAEXAAUATL_DRAWINFO@@@Z 10006933 f i MotionSensor.obj
 0001:000059c6       ?HKeyFromString@CRegParser@ATL@@KAPAUHKEY__@@PA_W@Z 100069c6 f i MotionSensor.obj
 0001:000059f4       ?HasSubKeys@CRegParser@ATL@@IAEHPAUHKEY__@@@Z 100069f4 f i MotionSensor.obj
 0001:00005a29       ?IDataObject_GetData@CComControlBase@ATL@@QAEJPAUtagFORMATETC@@PAUtagSTGMEDIUM@@@Z 10006a29 f i MotionSensor.obj
 0001:00005bcf       ?IOleInPlaceObject_InPlaceDeactivate@CComControlBase@ATL@@QAEJXZ 10006bcf f i MotionSensor.obj
 0001:00005c56       ?IOleInPlaceObject_SetObjectRects@CComControlBase@ATL@@QAEJPBUtagRECT@@0@Z 10006c56 f i MotionSensor.obj
 0001:00005d23       ?IOleInPlaceObject_UIDeactivate@CComControlBase@ATL@@QAEJXZ 10006d23 f i MotionSensor.obj
 0001:00005de5       ?IOleObject_Advise@CComControlBase@ATL@@QAEJPAUIAdviseSink@@PAK@Z 10006de5 f i MotionSensor.obj
 0001:00005e0f       ?IOleObject_Close@CComControlBase@ATL@@QAEJK@Z 10006e0f f i MotionSensor.obj
 0001:00005ef3       ?IOleObject_GetClientSite@CComControlBase@ATL@@QAEJPAPAUIOleClientSite@@@Z 10006ef3 f i MotionSensor.obj
 0001:00005f1c       ?IOleObject_SetClientSite@CComControlBase@ATL@@QAEJPAUIOleClientSite@@@Z 10006f1c f i MotionSensor.obj
 0001:00005f5b       ?IOleObject_SetExtent@CComControlBase@ATL@@QAEJKPAUtagSIZE@@@Z 10006f5b f i MotionSensor.obj
 0001:0000600d       ?IPSI_GetIPersistStreamInit@?$IPersistStorageImpl@VCOPOSMotionSensor@@@ATL@@AAEPAUIPersistStreamInit@@XZ 1000700d f i MotionSensor.obj
 0001:000060b5       ?IPersistStreamInit_Load@?$IPersistStreamInitImpl@VCOPOSMotionSensor@@@ATL@@QAEJPAUIStream@@PBUATL_PROPMAP_ENTRY@2@@Z 100070b5 f i MotionSensor.obj
 0001:0000632a       ?IPersistStreamInit_Save@?$IPersistStreamInitImpl@VCOPOSMotionSensor@@@ATL@@QAEJPAUIStream@@HPBUATL_PROPMAP_ENTRY@2@@Z 1000732a f i MotionSensor.obj
 0001:00006518       ?IQuickActivate_QuickActivate@CComControlBase@ATL@@QAEJPAUtagQACONTAINER@@PAUtagQACONTROL@@@Z 10007518 f i MotionSensor.obj
 0001:0000675a       ?IViewObject_Draw@CComControlBase@ATL@@QAEJKJPAXPAUtagDVTARGETDEVICE@@PAUHDC__@@2PBU_RECTL@@3@Z 1000775a f i MotionSensor.obj
 0001:00006802       ?InPlaceActivate@CComControlBase@ATL@@QAEJJPBUtagRECT@@@Z 10007802 f i MotionSensor.obj
 0001:00006a73       ?Init@?$CComEnumImpl@UIEnumConnectionPoints@@$1?_GUID_b196b285_bab4_101a_b69c_00aa00341d07@@3U__s_GUID@@BPAUIConnectionPoint@@V?$_CopyInterface@UIConnectionPoint@@@ATL@@@ATL@@QAEJPAPAUIConnectionPoint@@0PAUIUnknown@@W4CComEnumFlags@2@@Z 10007a73 f i MotionSensor.obj
 0001:00006b52       ?Init@?$CComEnumImpl@UIEnumConnections@@$1?_GUID_b196b287_bab4_101a_b69c_00aa00341d07@@3U__s_GUID@@BUtagCONNECTDATA@@V?$_Copy@UtagCONNECTDATA@@@ATL@@@ATL@@QAEJPAUtagCONNECTDATA@@0PAUIUnknown@@W4CComEnumFlags@2@@Z 10007b52 f i MotionSensor.obj
 0001:00006c31       ?Init@CComModule@ATL@@QAEJPAU_ATL_OBJMAP_ENTRY30@2@PAUHINSTANCE__@@PBU_GUID@@@Z 10007c31 f i MotionSensor.obj
 0001:00006c90       ?Init@CDynamicStdCallThunk2@ATL@@QAEHKPAX@Z 10007c90 f i MotionSensor.obj
 0001:00006cbb       ?InlineIsEqualUnknown@ATL@@YGHABU_GUID@@@Z 10007cbb f i MotionSensor.obj
 0001:00006ce3       ?InternalSetAtIndex@?$CSimpleMap@PA_WPA_WVCExpansionVectorEqualHelper@ATL@@@ATL@@QAEXHABQA_W0@Z 10007ce3 f i MotionSensor.obj
 0001:00006d0d       ?Invoke@CComTypeInfoHolder@ATL@@QAEJPAUIDispatch@@JABU_GUID@@KGPAUtagDISPPARAMS@@PAUtagVARIANT@@PAUtagEXCEPINFO@@PAI@Z 10007d0d f i MotionSensor.obj
 0001:00006d50       ?IsEqualObject@?$CComPtrBase@UITypeInfo@@@ATL@@QAE_NPAUIUnknown@@@Z 10007d50 f i MotionSensor.obj
 0001:00006d50       ?IsEqualObject@?$CComPtrBase@UIOleClientSite@@@ATL@@QAE_NPAUIUnknown@@@Z 10007d50 f i MotionSensor.obj
 0001:00006dbd       ?IsSpace@CRegParser@ATL@@IAEH_W@Z 10007dbd f i MotionSensor.obj
 0001:00006de7       ?LoadNameCache@CComTypeInfoHolder@ATL@@QAEJPAUITypeInfo@@@Z 10007de7 f i MotionSensor.obj
 0001:00006f1c       ?Lookup@?$CSimpleMap@PA_WPA_WVCExpansionVectorEqualHelper@ATL@@@ATL@@QBEPA_WABQA_W@Z 10007f1c f i MotionSensor.obj
 0001:00006f42       ?NextToken@CRegParser@ATL@@IAEJPA_W@Z 10007f42 f i MotionSensor.obj
 0001:0000707a       ?OnKillFocus@CComControlBase@ATL@@QAEJIIJAAH@Z 1000807a f i MotionSensor.obj
 0001:000070d5       ?OnMouseActivate@CComControlBase@ATL@@QAEJIIJAAH@Z 100080d5 f i MotionSensor.obj
 0001:00007143       ?OnPaint@CComControlBase@ATL@@QAEJIIJAAH@Z 10008143 f i MotionSensor.obj
 0001:000071f5       ?OnSetFocus@CComControlBase@ATL@@QAEJIIJAAH@Z 100081f5 f i MotionSensor.obj
 0001:0000727e       ?Open@CRegKey@ATL@@QAEJPAUHKEY__@@PB_WK@Z 1000827e f i MotionSensor.obj
 0001:000072d3       ?PreProcessBuffer@CRegParser@ATL@@QAEJPA_WPAPA_W@Z 100082d3 f i MotionSensor.obj
 0001:00007542       ?ProcessWindowMessage@?$CComControl@VCOPOSMotionSensor@@V?$CWindowImpl@VCOPOSMotionSensor@@VCWindow@ATL@@V?$CWinTraits@$0FGAAAAAA@$0A@@3@@ATL@@@ATL@@UAEHPAUHWND__@@IIJAAJK@Z 10008542 f i MotionSensor.obj
 0001:000075e1       ?ReadFromStream@CComBSTR@ATL@@QAEJPAUIStream@@@Z 100085e1 f i MotionSensor.obj
 0001:00007704       ?ReadFromStream@CComVariant@ATL@@QAEJPAUIStream@@GTClassesAllowedInStream@2@K@Z 10008704 f i MotionSensor.obj
 0001:0000788e       ?RecurseDeleteKey@CRegKey@ATL@@QAEJPB_W@Z 1000888e f i MotionSensor.obj
 0001:0000797c       ?RegCreateKeyExW@CAtlTransactionManager@ATL@@QAEJPAUHKEY__@@PB_WKPA_WKKQAU_SECURITY_ATTRIBUTES@@PAPAU3@PAK@Z 1000897c f i MotionSensor.obj
 0001:000079df       ?RegDeleteKeyW@CAtlTransactionManager@ATL@@QAEJPAUHKEY__@@PB_W@Z 100089df f i MotionSensor.obj
 0001:00007a31       ?RegOpenKeyExW@CAtlTransactionManager@ATL@@QAEJPAUHKEY__@@PB_WKKPAPAU3@@Z 10008a31 f i MotionSensor.obj
 0001:00007a88       ?Register@_ATL_WNDCLASSINFOW@ATL@@QAEGPAP6GJPAUHWND__@@IIJ@Z@Z 10008a88 f i MotionSensor.obj
 0001:00007aa8       ?RegisterBuffer@CRegParser@ATL@@QAEJPA_WH@Z 10008aa8 f i MotionSensor.obj
 0001:00007bef       ?RegisterFromResource@CRegObject@ATL@@IAEJPB_W00H@Z 10008bef f i MotionSensor.obj
 0001:00007d25       ?RegisterServer@?$CAtlModuleT@VCComModule@ATL@@@ATL@@QAEJHPBU_GUID@@@Z 10008d25 f i MotionSensor.obj
 0001:00007d53       ?RegisterServer@CComModule@ATL@@QAEJHPBU_GUID@@@Z 10008d53 f i MotionSensor.obj
 0001:00007dc9       ?RegisterSubkeys@CRegParser@ATL@@IAEJPA_WPAUHKEY__@@HH@Z 10008dc9 f i MotionSensor.obj
 0001:00008476       ?Remove@CComDynamicUnkArray@ATL@@QAEHK@Z 10009476 f i MotionSensor.obj
 0001:0000849f       ?RemoveAll@?$CSimpleMap@PA_WPA_WVCExpansionVectorEqualHelper@ATL@@@ATL@@QAEXXZ 1000949f f i MotionSensor.obj
 0001:000084cb       ?ResourceRegisterSz@CRegObject@ATL@@QAGJPB_W00@Z 100094cb f i MotionSensor.obj
 0001:000084f8       ?ResourceUnregisterSz@CRegObject@ATL@@QAGJPB_W00@Z 100094f8 f i MotionSensor.obj
 0001:00008525       ?SendOnDataChange@CComControlBase@ATL@@QAEJK@Z 10009525 f i MotionSensor.obj
 0001:00008572       ?SetControlFocus@CComControlBase@ATL@@QAEHH@Z 10009572 f i MotionSensor.obj
 0001:0000860f       ?SetMultiStringValue@CRegKey@ATL@@QAEJPB_W0@Z 1000960f f i MotionSensor.obj
 0001:0000866b       ?SetStringValue@CRegKey@ATL@@QAEJPB_W0K@Z 1000966b f i MotionSensor.obj
 0001:000086b4       ?SkipAssignment@CRegParser@ATL@@IAEJPA_W@Z 100096b4 f i MotionSensor.obj
 0001:00008719       ?SkipWhiteSpace@CRegParser@ATL@@IAEXXZ 10009719 f i MotionSensor.obj
 0001:0000873b       ?StrChrW@CRegParser@ATL@@KAPA_WPA_W_W@Z 1000973b f i MotionSensor.obj
 0001:00008778       ?Term@CAtlModule@ATL@@QAEXXZ 10009778 f i MotionSensor.obj
 0001:000087cb       ?Term@CComModule@ATL@@QAEXXZ 100097cb f i MotionSensor.obj
 0001:00008823       ?UnregisterServer@?$CAtlModuleT@VCComModule@ATL@@@ATL@@QAEJHPBU_GUID@@@Z 10009823 f i MotionSensor.obj
 0001:00008849       ?UnregisterServer@CComModule@ATL@@QAEJHPBU_GUID@@@Z 10009849 f i MotionSensor.obj
 0001:000088bf       ?UpdateRegistryFromResource@CAtlModule@ATL@@QAGJIHPAU_ATL_REGMAP_ENTRY@2@@Z 100098bf f i MotionSensor.obj
 0001:00008a8a       ?UpdateRegistryFromResource@CAtlModule@ATL@@QAGJPB_WHPAU_ATL_REGMAP_ENTRY@2@@Z 10009a8a f i MotionSensor.obj
 0001:00008c5b       ?VTFromRegType@CRegParser@ATL@@KAHPB_WAAG@Z 10009c5b f i MotionSensor.obj
 0001:00008cc8       ?WindowProc@?$CWindowImplBaseT@VCWindow@ATL@@V?$CWinTraits@$0FGAAAAAA@$0A@@2@@ATL@@SGJPAUHWND__@@IIJ@Z 10009cc8 f i MotionSensor.obj
 0001:00008dba       ?WriteToStream@CComBSTR@ATL@@QAEJPAUIStream@@@Z 10009dba f i MotionSensor.obj
 0001:00008e1c       ?WriteToStream@CComVariant@ATL@@QAEJPAUIStream@@@Z 10009e1c f i MotionSensor.obj
 0001:00008f96       ?WriteToStream@CComVariant@ATL@@QAEJPAUIStream@@G@Z 10009f96 f i MotionSensor.obj
 0001:00008fff       ?_AtlInitialConstruct@?$CComObjectRootEx@VCComMultiThreadModel@ATL@@@ATL@@QAEJXZ 10009fff f i MotionSensor.obj
 0001:00009014       ?_AtlVerifyStackAvailable@_ATL_SAFE_ALLOCA_IMPL@ATL@@YA_NK@Z 1000a014 f i MotionSensor.obj
 0001:00009092       ?atlCreate@?$CWindowImpl@VCOPOSMotionSensor@@VCWindow@ATL@@V?$CWinTraits@$0FGAAAAAA@$0A@@3@@ATL@@QAEPAUHWND__@@PAU3@V_U_RECT@2@PB_WKKV_U_MENUorID@2@PAX@Z 1000a092 f i MotionSensor.obj
 0001:000090d6       ?atlCreate@?$CWindowImplBaseT@VCWindow@ATL@@V?$CWinTraits@$0FGAAAAAA@$0A@@2@@ATL@@QAEPAUHWND__@@PAU3@V_U_RECT@2@PB_WKKV_U_MENUorID@2@GPAX@Z 1000a0d6 f i MotionSensor.obj
 0001:00009172       ?copy@?$_Copy@UtagCONNECTDATA@@@ATL@@SAJPAUtagCONNECTDATA@@PBU3@@Z 1000a172 f i MotionSensor.obj
 0001:000091a8       ?copy@?$_CopyInterface@UIConnectionPoint@@@ATL@@SAJPAPAUIConnectionPoint@@PBQAU3@@Z 1000a1a8 f i MotionSensor.obj
 0001:000091d6       ?memcpy_s@Checked@ATL@@YAXPAXIPBXI@Z 1000a1d6 f i MotionSensor.obj
 0001:000091f5       ?ocscpy_s@@YA_NPA_WIPB_W@Z 1000a1f5 f i MotionSensor.obj
 0001:0000923f       ?wcscpy_s@Checked@ATL@@YAXPA_WIPB_W@Z 1000a23f f i MotionSensor.obj
 0001:0000925b       _DllCanUnloadNow@0         1000a25b f   MotionSensor.obj
 0001:00009267       _DllGetClassObject@12      1000a267 f   MotionSensor.obj
 0001:00009275       _DllMain@12                1000a275 f   MotionSensor.obj
 0001:000092b7       _DllRegisterServer@0       1000a2b7 f   MotionSensor.obj
 0001:000092c6       _DllUnregisterServer@0     1000a2c6 f   MotionSensor.obj
 0001:000092d5       _InlineIsEqualGUID         1000a2d5 f i MotionSensor.obj
 0001:00009305       ___local_stdio_printf_options 1000a305 f i MotionSensor.obj
 0001:0000930b       __vswprintf_s_l            1000a30b f i MotionSensor.obj
 0001:000093b8       _swprintf_s                1000a3b8 f i MotionSensor.obj
 0001:000093d4       ??0?$CComControl@VCOPOSMotionSensor@@V?$CWindowImpl@VCOPOSMotionSensor@@VCWindow@ATL@@V?$CWinTraits@$0FGAAAAAA@$0A@@3@@ATL@@@ATL@@QAE@XZ 1000a3d4 f i MotionSensorImpl.obj
 0001:000093fb       ??0CComControlBase@ATL@@QAE@AAPAUHWND__@@@Z 1000a3fb f i MotionSensorImpl.obj
 0001:0000944b       ??0COPOSMotionSensor@@QAE@XZ 1000a44b f   MotionSensorImpl.obj
 0001:0000949a       ??1?$CComControl@VCOPOSMotionSensor@@V?$CWindowImpl@VCOPOSMotionSensor@@VCWindow@ATL@@V?$CWinTraits@$0FGAAAAAA@$0A@@3@@ATL@@@ATL@@UAE@XZ 1000a49a f i MotionSensorImpl.obj
 0001:000094b3       ??1?$IConnectionPointImpl@VCOPOSMotionSensor@@$1?IID_IPropertyNotifySink@@3U_GUID@@BVCComDynamicUnkArray@ATL@@@ATL@@QAE@XZ 1000a4b3 f i MotionSensorImpl.obj
 0001:000094b3       ??1?$IConnectionPointImpl@VCOPOSMotionSensor@@$1?DIID__IOPOSMotionSensorEvents@@3U_GUID@@BVCComDynamicUnkArray@ATL@@@ATL@@QAE@XZ 1000a4b3 f i MotionSensorImpl.obj
 0001:000094f0       ??1CComControlBase@ATL@@UAE@XZ 1000a4f0 f i MotionSensorImpl.obj
 0001:00009553       ??1COPOSMotionSensor@@UAE@XZ 1000a553 f   MotionSensorImpl.obj
 0001:0000959b       ?CheckHealth@COPOSMotionSensor@@UAGJJPAJ@Z 1000a59b f   MotionSensorImpl.obj
 0001:000095ea       ?ClaimDevice@COPOSMotionSensor@@UAGJJPAJ@Z 1000a5ea f   MotionSensorImpl.obj
 0001:00009658       ?Close@COPOSMotionSensor@@UAGJPAJ@Z 1000a658 f   MotionSensorImpl.obj
 0001:000096c6       ?CompareFirmwareVersion@COPOSMotionSensor@@UAGJPA_WPAJ1@Z 1000a6c6 f   MotionSensorImpl.obj
 0001:00009746       ?DirectIO@COPOSMotionSensor@@UAGJJPAJPAPA_W0@Z 1000a746 f   MotionSensorImpl.obj
 0001:000097f4       ?DoInvoke@COPOSMotionSensor@@IAEJJPAVOposVariant@@IHPAJ_N@Z 1000a7f4 f   MotionSensorImpl.obj
 0001:000098d0       ?EventClose@COPOSMotionSensor@@IAEXXZ 1000a8d0 f i MotionSensorImpl.obj
 0001:00009903       ?EventInit@COPOSMotionSensor@@IAEJXZ 1000a903 f i MotionSensorImpl.obj
 0001:000099cf       ?EventUninit@COPOSMotionSensor@@IAEXXZ 1000a9cf f i MotionSensorImpl.obj
 0001:00009a21       ?EventWindowProc@COPOSMotionSensor@@IAGJIIJ@Z 1000aa21 f i MotionSensorImpl.obj
 0001:00009a98       ?FinalConstruct@COPOSMotionSensor@@QAEJXZ 1000aa98 f   MotionSensorImpl.obj
 0001:00009ad1       ?FireEventCleanup@COPOSMotionSensor@@IAEXXZ 1000aad1 f i MotionSensorImpl.obj
 0001:00009ae7       ?FireEventSetup@COPOSMotionSensor@@IAE_NXZ 1000aae7 f i MotionSensorImpl.obj
 0001:00009b1b       ?FreezeEvents@COPOSMotionSensor@@MAGJH@Z 1000ab1b f   MotionSensorImpl.obj
 0001:00009b6c       ?GetOposProp@COPOSMotionSensor@@IAEJJPAFJ@Z 1000ab6c f   MotionSensorImpl.obj
 0001:00009b8f       ?GetOposProp@COPOSMotionSensor@@IAEJJPAJJ@Z 1000ab8f f   MotionSensorImpl.obj
 0001:00009c5e       ?GetOposProp@COPOSMotionSensor@@IAEJJPAPA_WJ@Z 1000ac5e f   MotionSensorImpl.obj
 0001:00009d3a       ?OnDraw@COPOSMotionSensor@@MAEJAAUATL_DRAWINFO@@@Z 1000ad3a f   MotionSensorImpl.obj
 0001:00009dda       ?Open@COPOSMotionSensor@@UAGJPA_WPAJ@Z 1000adda f   MotionSensorImpl.obj
 0001:0000a61e       ?ReleaseDevice@COPOSMotionSensor@@UAGJPAJ@Z 1000b61e f   MotionSensorImpl.obj
 0001:0000a655       ?ResetStatistics@COPOSMotionSensor@@UAGJPA_WPAJ@Z 1000b655 f   MotionSensorImpl.obj
 0001:0000a6ac       ?RetrieveStatistics@COPOSMotionSensor@@UAGJPAPA_WPAJ@Z 1000b6ac f   MotionSensorImpl.obj
 0001:0000a703       ?SOProcessID@COPOSMotionSensor@@UAGJPAJ@Z 1000b703 f   MotionSensorImpl.obj
 0001:0000a717       ?SetCOFreezeEvents@COPOSMotionSensor@@IAEXF@Z 1000b717 f   MotionSensorImpl.obj
 0001:0000a7b7       ?SetOposProp@COPOSMotionSensor@@IAEJJJJ@Z 1000b7b7 f   MotionSensorImpl.obj
 0001:0000a8ae       ?UpdateFirmware@COPOSMotionSensor@@UAGJPA_WPAJ@Z 1000b8ae f   MotionSensorImpl.obj
 0001:0000a905       ?UpdateStatistics@COPOSMotionSensor@@UAGJPA_WPAJ@Z 1000b905 f   MotionSensorImpl.obj
 0001:0000a95c       ?WaitForMotion@COPOSMotionSensor@@UAGJJPAJ@Z 1000b95c f   MotionSensorImpl.obj
 0001:0000a9ab       ?get_BinaryConversion@COPOSMotionSensor@@UAGJPAJ@Z 1000b9ab f   MotionSensorImpl.obj
 0001:0000a9c1       ?get_CapCompareFirmwareVersion@COPOSMotionSensor@@UAGJPAF@Z 1000b9c1 f   MotionSensorImpl.obj
 0001:0000a9da       ?get_CapPowerReporting@COPOSMotionSensor@@UAGJPAJ@Z 1000b9da f   MotionSensorImpl.obj
 0001:0000a9f3       ?get_CapStatisticsReporting@COPOSMotionSensor@@UAGJPAF@Z 1000b9f3 f   MotionSensorImpl.obj
 0001:0000aa0c       ?get_CapUpdateFirmware@COPOSMotionSensor@@UAGJPAF@Z 1000ba0c f   MotionSensorImpl.obj
 0001:0000aa25       ?get_CapUpdateStatistics@COPOSMotionSensor@@UAGJPAF@Z 1000ba25 f   MotionSensorImpl.obj
 0001:0000aa3e       ?get_CheckHealthText@COPOSMotionSensor@@UAGJPAPA_W@Z 1000ba3e f   MotionSensorImpl.obj
 0001:0000aa57       ?get_Claimed@COPOSMotionSensor@@UAGJPAF@Z 1000ba57 f   MotionSensorImpl.obj
 0001:0000aa6d       ?get_ControlObjectDescription@COPOSMotionSensor@@UAGJPAPA_W@Z 1000ba6d f   MotionSensorImpl.obj
 0001:0000aabb       ?get_ControlObjectVersion@COPOSMotionSensor@@UAGJPAJ@Z 1000babb f   MotionSensorImpl.obj
 0001:0000aace       ?get_DeviceDescription@COPOSMotionSensor@@UAGJPAPA_W@Z 1000bace f   MotionSensorImpl.obj
 0001:0000aae7       ?get_DeviceEnabled@COPOSMotionSensor@@UAGJPAF@Z 1000bae7 f   MotionSensorImpl.obj
 0001:0000aafd       ?get_DeviceName@COPOSMotionSensor@@UAGJPAPA_W@Z 1000bafd f   MotionSensorImpl.obj
 0001:0000ab16       ?get_FreezeEvents@COPOSMotionSensor@@UAGJPAF@Z 1000bb16 f   MotionSensorImpl.obj
 0001:0000ab2c       ?get_Motion@COPOSMotionSensor@@UAGJPAF@Z 1000bb2c f   MotionSensorImpl.obj
 0001:0000ab45       ?get_OpenResult@COPOSMotionSensor@@UAGJPAJ@Z 1000bb45 f   MotionSensorImpl.obj
 0001:0000ab5c       ?get_PowerNotify@COPOSMotionSensor@@UAGJPAJ@Z 1000bb5c f   MotionSensorImpl.obj
 0001:0000ab72       ?get_PowerState@COPOSMotionSensor@@UAGJPAJ@Z 1000bb72 f   MotionSensorImpl.obj
 0001:0000ab88       ?get_ResultCode@COPOSMotionSensor@@UAGJPAJ@Z 1000bb88 f   MotionSensorImpl.obj
 0001:0000abc6       ?get_ResultCodeExtended@COPOSMotionSensor@@UAGJPAJ@Z 1000bbc6 f   MotionSensorImpl.obj
 0001:0000abdc       ?get_ServiceObjectDescription@COPOSMotionSensor@@UAGJPAPA_W@Z 1000bbdc f   MotionSensorImpl.obj
 0001:0000abf5       ?get_ServiceObjectVersion@COPOSMotionSensor@@UAGJPAJ@Z 1000bbf5 f   MotionSensorImpl.obj
 0001:0000ac0b       ?get_State@COPOSMotionSensor@@UAGJPAJ@Z 1000bc0b f   MotionSensorImpl.obj
 0001:0000ac37       ?get_Timeout@COPOSMotionSensor@@UAGJPAJ@Z 1000bc37 f   MotionSensorImpl.obj
 0001:0000ac50       ?put_BinaryConversion@COPOSMotionSensor@@UAGJJ@Z 1000bc50 f   MotionSensorImpl.obj
 0001:0000ac66       ?put_DeviceEnabled@COPOSMotionSensor@@UAGJF@Z 1000bc66 f   MotionSensorImpl.obj
 0001:0000ac83       ?put_FreezeEvents@COPOSMotionSensor@@UAGJF@Z 1000bc83 f   MotionSensorImpl.obj
 0001:0000accf       ?put_PowerNotify@COPOSMotionSensor@@UAGJJ@Z 1000bccf f   MotionSensorImpl.obj
 0001:0000ace5       ?put_Timeout@COPOSMotionSensor@@UAGJJ@Z 1000bce5 f   MotionSensorImpl.obj
 0001:0000acfe       ?s_EventWindowProc@COPOSMotionSensor@@KGJPAUHWND__@@IIJ@Z 1000bcfe f i MotionSensorImpl.obj
 0001:0000ad50       ??_U@YAPAXI@Z              1000bd50 f   LIBCMT:new_array.obj
 0001:0000ad59       ??3@YAXPAXI@Z              1000bd59 f   LIBCMT:delete_scalar_size.obj
 0001:0000ad67       ??_V@YAXPAX@Z              1000bd67 f   LIBCMT:delete_array.obj
 0001:0000ad6c       ??_V@YAXPAXI@Z             1000bd6c f   LIBCMT:delete_array_size.obj
 0001:0000adbe       ___scrt_acquire_startup_lock 1000bdbe f   LIBCMT:utility.obj
 0001:0000adf0       ___scrt_dllmain_after_initialize_c 1000bdf0 f   LIBCMT:utility.obj
 0001:0000ae1b       ___scrt_dllmain_before_initialize_c 1000be1b f   LIBCMT:utility.obj
 0001:0000ae29       ___scrt_dllmain_crt_thread_attach 1000be29 f   LIBCMT:utility.obj
 0001:0000ae48       ___scrt_dllmain_crt_thread_detach 1000be48 f   LIBCMT:utility.obj
 0001:0000ae55       ___scrt_dllmain_exception_filter 1000be55 f   LIBCMT:utility.obj
 0001:0000ae89       ___scrt_dllmain_uninitialize_c 1000be89 f   LIBCMT:utility.obj
 0001:0000aeac       ___scrt_dllmain_uninitialize_critical 1000beac f   LIBCMT:utility.obj
 0001:0000aeb9       ___scrt_initialize_crt     1000beb9 f   LIBCMT:utility.obj
 0001:0000aef2       ___scrt_initialize_onexit_tables 1000bef2 f   LIBCMT:utility.obj
 0001:0000af79       ___scrt_is_nonwritable_in_current_image 1000bf79 f   LIBCMT:utility.obj
 0001:0000b00d       ___scrt_release_startup_lock 1000c00d f   LIBCMT:utility.obj
 0001:0000b02a       ___scrt_uninitialize_crt   1000c02a f   LIBCMT:utility.obj
 0001:0000b052       __onexit                   1000c052 f   LIBCMT:utility.obj
 0001:0000b07f       _atexit                    1000c07f f   LIBCMT:utility.obj
 0001:0000b094       ??3@YAXPAX@Z               1000c094 f   LIBCMT:delete_scalar.obj
 0001:0000b15e       __Init_thread_footer       1000c15e f   LIBCMT:thread_safe_statics.obj
 0001:0000b1a8       __Init_thread_header       1000c1a8 f   LIBCMT:thread_safe_statics.obj
 0001:0000b1fa       __Init_thread_notify       1000c1fa f   LIBCMT:thread_safe_statics.obj
 0001:0000b230       __Init_thread_wait         1000c230 f   LIBCMT:thread_safe_statics.obj
 0001:0000b27e       ___raise_securityfailure   1000c27e f   LIBCMT:gs_report.obj
 0001:0000b2a6       ___report_gsfailure        1000c2a6 f   LIBCMT:gs_report.obj
 0001:0000b39f       ___report_rangecheckfailure 1000c39f f   LIBCMT:gs_report.obj
 0001:0000b3ab       ___report_securityfailure  1000c3ab f   LIBCMT:gs_report.obj
 0001:0000b479       ??2@YAPAXIABUnothrow_t@std@@@Z 1000c479 f   LIBCMT:new_scalar_nothrow.obj
 0001:0000b4ce       ??_U@YAPAXIABUnothrow_t@std@@@Z 1000c4ce f   LIBCMT:new_array_nothrow.obj
 0001:0000b4d7       @__security_check_cookie@4 1000c4d7 f   LIBCMT:secchk.obj
 0001:0000b4f0       __SEH_prolog4_GS           1000c4f0 f   LIBCMT:sehprolg4gs.obj
 0001:0000b537       __SEH_epilog4_GS           1000c537 f   LIBCMT:sehprolg4gs.obj
 0001:0000b550       __alloca_probe_16          1000c550 f   LIBCMT:alloca16.obj
 0001:0000b566       __alloca_probe_8           1000c566     LIBCMT:alloca16.obj
 0001:0000b580       __alloca_probe             1000c580 f   LIBCMT:chkstk.obj
 0001:0000b580       __chkstk                   1000c580 f   LIBCMT:chkstk.obj
 0001:0000b8ed       __DllMainCRTStartup@12     1000c8ed f   LIBCMT:dll_dllmain.obj
 0001:0000b910       ??2@YAPAXI@Z               1000c910 f   LIBCMT:new_scalar.obj
 0001:0000b940       ___isa_available_init      1000c940 f   LIBCMT:cpu_disp.obj
 0001:0000bb10       ___scrt_is_ucrt_dll_in_use 1000cb10 f   LIBCMT:ucrt_detection.obj
 0001:0000bb1c       ___scrt_fastfail           1000cb1c f   LIBCMT:utility_desktop.obj
 0001:0000bc36       __crt_debugger_hook        1000cc36 f   LIBCMT:utility_desktop.obj
 0001:0000bc40       __SEH_prolog4              1000cc40 f   LIBCMT:sehprolg4.obj
 0001:0000bc84       __SEH_epilog4              1000cc84 f   LIBCMT:sehprolg4.obj
 0001:0000bc98       @_guard_check_icall_nop@4  1000cc98 f i LIBCMT:guard_support.obj
[...]
 0002:000034f8       ?_mb_locale_names@@3QBQB_WB 100224f8     libucrt:mbctype.obj
 0002:00003d40       ?LcidToLocaleNameTable@?A0x881e4c05@@3QBULcidToLocaleName@1@B 10022d40     libucrt:lcidtoname_downlevel.obj
 0002:00004e68       ?LocaleNameToIndexTable@?A0x881e4c05@@3QBULocaleNameIndex@1@B 10023e68     libucrt:lcidtoname_downlevel.obj
 0002:000067a0       LOG_name                   100257a0     libucrt:log10_impl.obj
 0002:000067b0       _One                       100257b0     libucrt:ceil_pentium4.obj
 0002:000067c0       _Bns                       100257c0     libucrt:ceil_pentium4.obj
 0002:000067d0       _Zero                      100257d0     libucrt:ceil_pentium4.obj
 0002:000067e0       _S                         100257e0     libucrt:ceil_pentium4.obj
 0002:000067f0       _NegZero                   100257f0     libucrt:ceil_pentium4.obj
 0002:00006800       emask                      10025800     libucrt:log10_pentium4.obj
 0002:00006810       CC                         10025810     libucrt:log10_pentium4.obj
 0002:00006820       Magic                      10025820     libucrt:log10_pentium4.obj
 0002:00006830       hi_mask                    10025830     libucrt:log10_pentium4.obj
 0002:00006840       LOG10_2                    10025840     libucrt:log10_pentium4.obj
 0002:00006850       place_L                    10025850     libucrt:log10_pentium4.obj
 0002:00006870       One                        10025870     libucrt:log10_pentium4.obj
 0002:00006880       Zero                       10025880     libucrt:log10_pentium4.obj
 0002:00006890       Two52                      10025890     libucrt:log10_pentium4.obj
 0002:000068a0       Infs                       100258a0     libucrt:log10_pentium4.obj
 0002:000068b0       NaN                        100258b0     libucrt:log10_pentium4.obj
 0002:000068c0       coeff                      100258c0     libucrt:log10_pentium4.obj
 0002:0000691e       _log2max                   1002591e     libucrt:87tran.obj
 0002:00006928       _smallarg                  10025928     libucrt:87tran.obj
 0002:00006932       _half                      10025932     libucrt:87tran.obj
 0002:0000697e       One                        1002597e     libucrt:87disp.obj
 0002:00006986       Three                      10025986     libucrt:87disp.obj
 0002:0000698e       XAMtoTagTab                1002598e     libucrt:87disp.obj
 0002:000069a0       One                        100259a0     libucrt:common.obj
 0002:000069b4       DblMax                     100259b4     libucrt:common.obj
 0002:000069bc       DblMin                     100259bc     libucrt:common.obj
 0002:000069c4       IeeeAdjO                   100259c4     libucrt:common.obj
 0002:000069cc       IeeeAdjU                   100259cc     libucrt:common.obj
 0002:000069d4       _infinity                  100259d4     libucrt:common.obj
 0002:000069dc       _zero                      100259dc     libucrt:common.obj
 0002:00006a28       _over                      10025a28     libucrt:fpctrl.obj
 0002:00006a34       _under                     10025a34     libucrt:fpctrl.obj
 0002:00007268       ?_names@?1??_get_fname@@9@9 10026268     libucrt:fpexcept.obj
 0002:00007410       two32                      10026410     LIBCMT:ftol2.obj
 0002:00007414       two63                      10026414     LIBCMT:ftol2.obj
 0002:00007418       _NaN                       10026418     LIBCMT:ftol2.obj
 0002:00007ae8       __sehtable$?_AtlVerifyStackAvailable@_ATL_SAFE_ALLOCA_IMPL@ATL@@YA_NK@Z 10026ae8     MotionSensor.obj
 0002:00007b08       __sehtable$___scrt_is_nonwritable_in_current_image 10026b08     LIBCMT:utility.obj
 0002:00007b24       __catchsym$??2@YAPAXIABUnothrow_t@std@@@Z$2 10026b24     LIBCMT:new_scalar_nothrow.obj
 0002:00007b34       __unwindtable$??2@YAPAXIABUnothrow_t@std@@@Z 10026b34     LIBCMT:new_scalar_nothrow.obj
 0002:00007b44       __tryblocktable$??2@YAPAXIABUnothrow_t@std@@@Z 10026b44     LIBCMT:new_scalar_nothrow.obj
 0002:00007b58       __ehfuncinfo$??2@YAPAXIABUnothrow_t@std@@@Z 10026b58     LIBCMT:new_scalar_nothrow.obj
 0002:00007b80       __sehtable$?dllmain_crt_process_attach@@YAHQAUHINSTANCE__@@QAX@Z 10026b80     LIBCMT:dll_dllmain.obj
 0002:00007ba0       __sehtable$?dllmain_crt_process_detach@@YAH_N@Z 10026ba0     LIBCMT:dll_dllmain.obj
 0002:00007bc8       __sehtable$?dllmain_dispatch@@YAHQAUHINSTANCE__@@KQAX@Z 10026bc8     LIBCMT:dll_dllmain.obj
 0002:00007c78       __sehtable$___DestructExceptionObject 10026c78     libvcruntime:ehhelpers.obj
 0002:00007c98       __sehtable$?FrameUnwindToState@__FrameHandler3@@SAXPAUEHRegistrationNode@@PAXPBU_s_FuncInfo@@H@Z 10026c98     libvcruntime:frame.obj
 0002:00007cc0       __sehtable$?CallCatchBlock@@YAPAXPAUEHExceptionRecord@@PAUEHRegistrationNode@@PAU_CONTEXT@@PBU_s_FuncInfo@@PAXHK@Z 10026cc0     libvcruntime:frame.obj
 0002:00007ce8       __catchsym$?CallUnexpected@@YAXPBU_s_ESTypeList@@@Z$2 10026ce8     libvcruntime:frame.obj
 0002:00007cf8       __unwindtable$?CallUnexpected@@YAXPBU_s_ESTypeList@@@Z 10026cf8     libvcruntime:frame.obj
 0002:00007d08       __tryblocktable$?CallUnexpected@@YAXPBU_s_ESTypeList@@@Z 10026d08     libvcruntime:frame.obj
 0002:00007d1c       __ehfuncinfo$?CallUnexpected@@YAXPBU_s_ESTypeList@@@Z 10026d1c     libvcruntime:frame.obj
 0002:00007d40       __sehtable$??$BuildCatchObjectHelperInternal@V__FrameHandler3@@@@YAHPAUEHExceptionRecord@@PAXPBU_s_HandlerType@@PBU_s_CatchableType@@@Z 10026d40     libvcruntime:frame.obj
 0002:00007d60       __sehtable$??$BuildCatchObjectInternal@V__FrameHandler3@@@@YAXPAUEHExceptionRecord@@PAXPBU_s_HandlerType@@PBU_s_CatchableType@@@Z 10026d60     libvcruntime:frame.obj
 0002:00007db8       __sehtable$??R<lambda_6e4b09c48022b2350581041d5f6b0c4c>@@QBE@XZ 10026db8     libucrt:exit.obj
 0002:00007dd8       __sehtable$??$?RV<lambda_03b1d95aef87969028cfba75ccab2455>@@AAV<lambda_6e4b09c48022b2350581041d5f6b0c4c>@@V<lambda_22bdf7517842c4b3e53723af5aa32b9e>@@@?$__crt_seh_guarded_call@X@@QAEX$$QAV<lambda_03b1d95aef87969028cfba75ccab2455>@@AAV<lambda_6e4b09c48022b2350581041d5f6b0c4c>@@$$QAV<lambda_22bdf7517842c4b3e53723af5aa32b9e>@@@Z 10026dd8     libucrt:exit.obj
 0002:00007df8       __sehtable$??$?RV<lambda_8e746cf0007f6ed984d6f78af1fec997>@@AAV<lambda_22ebabd17bc4fa466a2aca6d8deb888d>@@V<lambda_18ed0c0b38a6dc0daf1e7ac6d6adf05e>@@@?$__crt_seh_guarded_call@H@@QAEH$$QAV<lambda_8e746cf0007f6ed984d6f78af1fec997>@@AAV<lambda_22ebabd17bc4fa466a2aca6d8deb888d>@@$$QAV<lambda_18ed0c0b38a6dc0daf1e7ac6d6adf05e>@@@Z 10026df8     libucrt:onexit.obj
 0002:00007e18       __sehtable$??$?RV<lambda_69a2805e680e0e292e8ba93315fe43a8>@@AAV<lambda_f03950bc5685219e0bcd2087efbe011e>@@V<lambda_03fcd07e894ec930e3f35da366ca99d6>@@@?$__crt_seh_guarded_call@H@@QAEH$$QAV<lambda_69a2805e680e0e292e8ba93315fe43a8>@@AAV<lambda_f03950bc5685219e0bcd2087efbe011e>@@$$QAV<lambda_03fcd07e894ec930e3f35da366ca99d6>@@@Z 10026e18     libucrt:onexit.obj
 0002:00007e38       __sehtable$__query_new_handler 10026e38     libucrt:new_handler.obj
 0002:00007e58       __sehtable$_terminate      10026e58     libucrt:terminate.obj
 0002:00007e78       __sehtable$??$?RV<lambda_15ade71b0218206bbe3333a0c9b79046>@@AAV<lambda_da44e0f8b0f19ba52fefafb335991732>@@V<lambda_207f2d024fc103971653565357d6cd41>@@@?$__crt_seh_guarded_call@X@@QAEX$$QAV<lambda_15ade71b0218206bbe3333a0c9b79046>@@AAV<lambda_da44e0f8b0f19ba52fefafb335991732>@@$$QAV<lambda_207f2d024fc103971653565357d6cd41>@@@Z 10026e78     libucrt:per_thread_data.obj
 0002:00007e98       __sehtable$??$?RV<lambda_a7e850c220f1c8d1e6efeecdedd162c6>@@AAV<lambda_46720907175c18b6c9d2717bc0d2d362>@@V<lambda_9048902d66e8d99359bc9897bbb930a8>@@@?$__crt_seh_guarded_call@X@@QAEX$$QAV<lambda_a7e850c220f1c8d1e6efeecdedd162c6>@@AAV<lambda_46720907175c18b6c9d2717bc0d2d362>@@$$QAV<lambda_9048902d66e8d99359bc9897bbb930a8>@@@Z 10026e98     libucrt:per_thread_data.obj
 0002:00007eb8       __sehtable$??$?RV<lambda_38edbb1296d33220d7e4dd0ed76b244a>@@AAV<lambda_5ce1d447e08cb34b2473517608e21441>@@V<lambda_fb385d3da700c9147fc39e65dd577a8c>@@@?$__crt_seh_guarded_call@X@@QAEX$$QAV<lambda_38edbb1296d33220d7e4dd0ed76b244a>@@AAV<lambda_5ce1d447e08cb34b2473517608e21441>@@$$QAV<lambda_fb385d3da700c9147fc39e65dd577a8c>@@@Z 10026eb8     libucrt:per_thread_data.obj
 0002:00007ed8       __sehtable$??$?RV<lambda_6affb1475c98b40b75cdec977db92e3c>@@AAV<lambda_b8d4b9c228a6ecc3f80208dbb4b4a104>@@V<lambda_608742c3c92a14382c1684fc64f96c88>@@@?$__crt_seh_guarded_call@X@@QAEX$$QAV<lambda_6affb1475c98b40b75cdec977db92e3c>@@AAV<lambda_b8d4b9c228a6ecc3f80208dbb4b4a104>@@$$QAV<lambda_608742c3c92a14382c1684fc64f96c88>@@@Z 10026ed8     libucrt:per_thread_data.obj
 0002:00007ef8       __sehtable$??$?RV<lambda_e5124f882df8998aaf41531e079ba474>@@AAV<lambda_3e16ef9562a7dcce91392c22ab16ea36>@@V<lambda_e25ca0880e6ef98be67edffd8c599615>@@@?$__crt_seh_guarded_call@X@@QAEX$$QAV<lambda_e5124f882df8998aaf41531e079ba474>@@AAV<lambda_3e16ef9562a7dcce91392c22ab16ea36>@@$$QAV<lambda_e25ca0880e6ef98be67edffd8c599615>@@@Z 10026ef8     libucrt:wsetlocale.obj
 0002:00007f18       __sehtable$___acrt_initialize_lowio 10026f18     libucrt:ioinit.obj
 0002:00007f38       __sehtable$?update_thread_multibyte_data_internal@@YAPAU__crt_multibyte_data@@QAU__acrt_ptd@@QAPAU1@@Z 10026f38     libucrt:mbctype.obj
 0002:00007f58       __sehtable$??$?RV<lambda_ceb1ee4838e85a9d631eb091e2fbe199>@@AAV<lambda_ae742caa10f662c28703da3d2ea5e57e>@@V<lambda_cd08b5d6af4937fe54fc07d0c9bf6b37>@@@?$__crt_seh_guarded_call@X@@QAEX$$QAV<lambda_ceb1ee4838e85a9d631eb091e2fbe199>@@AAV<lambda_ae742caa10f662c28703da3d2ea5e57e>@@$$QAV<lambda_cd08b5d6af4937fe54fc07d0c9bf6b37>@@@Z 10026f58     libucrt:mbctype.obj
 0002:00007f78       __sehtable$_raise          10026f78     libucrt:signal.obj
 0002:00007f98       __sehtable$??$?RV<lambda_cbab9ec6f41b0180b23cc171c22676b0>@@AAV<lambda_44731a7d0e6d81c3e6aa82d741081786>@@V<lambda_4b292cb8dd18144e164572427af410ab>@@@?$__crt_seh_guarded_call@P6AXH@Z@@QAEP6AXH@Z$$QAV<lambda_cbab9ec6f41b0180b23cc171c22676b0>@@AAV<lambda_44731a7d0e6d81c3e6aa82d741081786>@@$$QAV<lambda_4b292cb8dd18144e164572427af410ab>@@@Z 10026f98     libucrt:signal.obj
 0002:00007fb8       __sehtable$??$?RV<lambda_2866be3712abc81a800a822484c830d8>@@AAV<lambda_39ca0ed439415581b5b15c265174cece>@@V<lambda_2b24c74d71094a6cd0cb82e44167d71b>@@@?$__crt_seh_guarded_call@X@@QAEX$$QAV<lambda_2866be3712abc81a800a822484c830d8>@@AAV<lambda_39ca0ed439415581b5b15c265174cece>@@$$QAV<lambda_2b24c74d71094a6cd0cb82e44167d71b>@@@Z 10026fb8     libucrt:fflush.obj
 0002:00007fd8       __sehtable$??$?RV<lambda_2cc53f568c5a2bb6f192f930a45d44ea>@@AAV<lambda_ab61a845afdef5b7c387490eaf3616ee>@@V<lambda_c2ffc0b7726aa6be21d5f0026187e748>@@@?$__crt_seh_guarded_call@X@@QAEX$$QAV<lambda_2cc53f568c5a2bb6f192f930a45d44ea>@@AAV<lambda_ab61a845afdef5b7c387490eaf3616ee>@@$$QAV<lambda_c2ffc0b7726aa6be21d5f0026187e748>@@@Z 10026fd8     libucrt:fflush.obj
 0002:00007ff8       __sehtable$___acrt_update_thread_locale_data 10026ff8     libucrt:locale_refcounting.obj
 0002:00008018       __sehtable$__fcloseall     10027018     libucrt:closeall.obj
 0002:00008038       __sehtable$___acrt_lowio_ensure_fh_exists 10027038     libucrt:osfinfo.obj
 0002:00008058       __sehtable$??$?RV<lambda_9e9de3de5fa147e2223d7db92bc10aa6>@@AAV<lambda_38ce7e780aa69e748d6df282ebc68efe>@@V<lambda_8ca6da459f0f6780f1cff60fdc3d00e5>@@@?$__crt_seh_guarded_call@H@@QAEH$$QAV<lambda_9e9de3de5fa147e2223d7db92bc10aa6>@@AAV<lambda_38ce7e780aa69e748d6df282ebc68efe>@@$$QAV<lambda_8ca6da459f0f6780f1cff60fdc3d00e5>@@@Z 10027058     libucrt:commit.obj
 0002:00008078       __sehtable$__write         10027078     libucrt:write.obj
 0002:00008098       __sehtable$_fclose         10027098     libucrt:fclose.obj
 0002:000080b8       __sehtable$??$?RV<lambda_218ce3db14220d0be481dae8ef3383b6>@@AAV<lambda_628dfdc04ba53c8bfc02c9951375f3f5>@@V<lambda_57dc472bd5c9d5f3b2cbca59b8a843ae>@@@?$__crt_seh_guarded_call@H@@QAEH$$QAV<lambda_218ce3db14220d0be481dae8ef3383b6>@@AAV<lambda_628dfdc04ba53c8bfc02c9951375f3f5>@@$$QAV<lambda_57dc472bd5c9d5f3b2cbca59b8a843ae>@@@Z 100270b8     libucrt:close.obj
 0002:000080d8       __sehtable$___set_fpsr_sse2 100270d8     libucrt:fpctrl.obj
 0002:000080f8       __sehtable$__IsNonwritableInCurrentImage 100270f8     LIBCMT:pesect.obj
 0002:00008120       .edata                     10027120     OPOSMotionSensor.exp
 0002:00008148       rgpv                       10027148     OPOSMotionSensor.exp
 0002:00008158       rgszName                   10027158     OPOSMotionSensor.exp
 0002:00008168       rgwOrd                     10027168     OPOSMotionSensor.exp
 0002:00008170       szName                     10027170     OPOSMotionSensor.exp
 0002:00008185       $N00001                    10027185     OPOSMotionSensor.exp
 0002:00008195       $N00002                    10027195     OPOSMotionSensor.exp
 0002:000081a7       $N00003                    100271a7     OPOSMotionSensor.exp
 0002:000081b9       $N00004                    100271b9     OPOSMotionSensor.exp
 0002:000087ca       .idata$6                   100277ca     kernel32:KERNEL32.dll
 0002:000089de       .idata$6                   100279de     user32:USER32.dll
 0002:00008b12       .idata$6                   10027b12     gdi32:GDI32.dll
 0002:00008bb8       .idata$6                   10027bb8     advapi32:ADVAPI32.dll
 0002:00008cd4       .idata$6                   10027cd4     ole32:ole32.dll
 0002:00008cde       .idata$6                   10027cde     oleaut32:OLEAUT32.dll
 0003:00000110       ?ObjectMap@@3PAU_ATL_OBJMAP_ENTRY30@ATL@@A 10029110     MotionSensor.obj
 0003:000001d0       ?s_SOMethodNames@@3PAPADA  100291d0     MotionSensorImpl.obj
 0003:00000218       ?s_RequiredMethodsPerRelease@@3PAHA 10029218     MotionSensorImpl.obj
 0003:00000240       ?__vcrt_flsindex@@3KA      10029240     libvcruntime:per_thread_data.obj
 0003:00000260       ?errno_no_memory@@3HA      10029260     libucrt:errno.obj
 0003:00000264       ?doserrno_no_memory@@3KA   10029264     libucrt:errno.obj
 0003:00000270       ?__acrt_flsindex@@3KA      10029270     libucrt:per_thread_data.obj
 0003:00000608       __mbctypes                 10029608     libucrt:mbctype.obj
 0003:00000710       __mbcasemaps               10029710     libucrt:mbctype.obj
 0003:00000810       ?__rgctypeflag@@3PADA      10029810     libucrt:mbctype.obj
 0003:00000818       ?__rgcode_page_info@@3PAUcode_page_info@@A 10029818     libucrt:mbctype.obj
 0003:00000a70       ?__dcrt_lowio_console_output_handle@@3PAXA 10029a70     libucrt:initcon.obj
 0003:00000a74       ?__DAZ_ENABLED@?1??__set_fpsr_sse2@@9@9 10029a74     libucrt:fpctrl.obj
 0003:00000c08       ?is_initialized_as_dll@@3_NA 10029c08     LIBCMT:utility.obj
 0003:00000c09       ?module_local_atexit_table_initialized@@3_NA 10029c09     LIBCMT:utility.obj
 0003:00000c0c       ?module_local_atexit_table@@3U_onexit_table_t@@A 10029c0c     LIBCMT:utility.obj
 0003:00000c18       ?module_local_at_quick_exit_table@@3U_onexit_table_t@@A 10029c18     LIBCMT:utility.obj
 0003:00000c24       ?g_tss_cv@@3U_RTL_CONDITION_VARIABLE@@A 10029c24     LIBCMT:thread_safe_statics.obj
 0003:00000c28       ?g_tss_event@@3PAXA        10029c28     LIBCMT:thread_safe_statics.obj
 0003:00000c2c       ?g_tss_mutex@@3U_RTL_CRITICAL_SECTION@@A 10029c2c     LIBCMT:thread_safe_statics.obj
 0003:00000c44       ?g_sleep_condition_variable_cs@@3P6GHPAU_RTL_CONDITION_VARIABLE@@PAU_RTL_CRITICAL_SECTION@@K@ZA 10029c44     LIBCMT:thread_safe_statics.obj
 0003:00000c48       ?g_wake_all_condition_variable@@3P6GXPAU_RTL_CONDITION_VARIABLE@@@ZA 10029c48     LIBCMT:thread_safe_statics.obj
 0003:00000c50       _GS_ExceptionRecord        10029c50     LIBCMT:gs_report.obj
 0003:00000ca0       _GS_ContextRecord          10029ca0     LIBCMT:gs_report.obj
 0003:00000f70       ?__proc_attached@@3HA      10029f70     LIBCMT:dll_dllmain.obj
 0003:00000fd4       ?AllocateData@@3P6GPAUAtlThunkData_t@@XZA 10029fd4     atls:atlthunk.obj
 0003:00000fd8       ?InitData@@3P6GXPAUAtlThunkData_t@@PAXI@ZA 10029fd8     atls:atlthunk.obj
 0003:00000fdc       ?DataToCode@@3P6GP6GJPAUHWND__@@IIJ@ZPAUAtlThunkData_t@@@ZA 10029fdc     atls:atlthunk.obj
 0003:00000fe0       ?FreeData@@3P6GXPAUAtlThunkData_t@@@ZA 10029fe0     atls:atlthunk.obj
 0003:00000fe4       ?Initialized@@3_NA         10029fe4     atls:atlthunk.obj
 0003:00000ff4       ?__vcrt_startup_thread_ptd@@3U__vcrt_ptd@@A 10029ff4     libvcruntime:per_thread_data.obj
 0003:0000101c       ___vcrt_lock_table         1002a01c     libvcruntime:locks.obj
 0003:00001034       ___vcrt_locks_initialized  1002a034     libvcruntime:locks.obj
 0003:00001060       ?heap@@3V_HeapManager@@A   1002a060     libvcruntime:undname.obj
 0003:00001074       ?module_handles@@3PAPAUHINSTANCE__@@A 1002a074     libvcruntime:winapi_downlevel.obj
 0003:00001080       ?function_pointers@@3PAPAXA 1002a080     libvcruntime:winapi_downlevel.obj
 0003:00001094       ?__acrt_invalid_parameter_handler@@3V?$dual_state_global@P6AXPB_W00II@Z@__crt_state_management@@A 1002a094     libucrt:invalid_parameter.obj
 0003:00001098       ?c_termination_complete@@3JA 1002a098     libucrt:exit.obj
 0003:0000109c       ?thread_local_exit_callback_func@@3P6GXPAXK0@ZA 1002a09c     libucrt:exit.obj
 0003:000010a8       ?program_name@?1???$common_configure_argv@D@@YAHW4_crt_argv_mode@@@Z@4PADA 1002a0a8     libucrt:argv_parsing.obj
 0003:000011d8       ?__acrt_new_handler@@3V?$dual_state_global@P6AHI@Z@__crt_state_management@@A 1002a1d8     libucrt:new_handler.obj
 0003:000011e0       ?module_handles@@3PAPAUHINSTANCE__@@A 1002a1e0     libucrt:winapi_thunks.obj
 0003:00001230       ?encoded_function_pointers@@3PAPAXA 1002a230     libucrt:winapi_thunks.obj
 0003:000012b8       ?internal_state@?1??_mbtowc_l@@9@4U_Mbstatet@@A 1002a2b8     libucrt:mbtowc.obj
 0003:000012c8       ?enable_percent_n@@3IA     1002a2c8     libucrt:printf_count_output.obj
 0003:000014e8       ?__acrt_lock_table@@3PAU_RTL_CRITICAL_SECTION@@A 1002a4e8     libucrt:locks.obj
 0003:00001638       ?__acrt_locks_initialized@@3IA 1002a638     libucrt:locks.obj
 0003:00001648       ?fSystemSet@@3HA           1002a648     libucrt:mbctype.obj
 0003:0000164c       ?initialized@?1??__acrt_initialize_multibyte@@9@4_NA 1002a64c     libucrt:mbctype.obj
 0003:0000166c       ?ctrlc_action@@3V?$dual_state_global@P6AXH@Z@__crt_state_management@@A 1002a66c     libucrt:signal.obj
 0003:00001670       ?ctrlbreak_action@@3V?$dual_state_global@P6AXH@Z@__crt_state_management@@A 1002a670     libucrt:signal.obj
 0003:00001674       ?abort_action@@3V?$dual_state_global@P6AXH@Z@__crt_state_management@@A 1002a674     libucrt:signal.obj
 0003:00001678       ?term_action@@3V?$dual_state_global@P6AXH@Z@__crt_state_management@@A 1002a678     libucrt:signal.obj
 0003:0000167c       ?user_matherr@@3V?$dual_state_global@P6AHPAU_exception@@@Z@__crt_state_management@@A 1002a67c     libucrt:matherr.obj
 0003:00001680       ?__acrt_global_new_mode@@3V?$dual_state_global@J@__crt_state_management@@A 1002a680     libucrt:new_mode.obj
 0003:0000168c       ?internal_pst@?1??__mbrtoc32_utf8@__crt_mbstring@@YAIPA_UPBDIPAU_Mbstatet@@@Z@4U3@A 1002a68c     libucrt:mbrtoc32.obj
 0003:00001694       ?__acrt_app_type@@3W4_crt_app_type@@A 1002a694     libucrt:report_runtime_error.obj
 0003:0000169c       __pmatherr_set             1002a69c     libucrt:libm_error.obj
 0004:00000220       $R000000                   1002b220     MotionSensor.res
 0004:00000bc8       $R0009A8                   1002bbc8     MotionSensor.res
 0004:00000cb0       $R000A90                   1002bcb0     MotionSensor.res
 0004:00000f18       $R000CF8                   1002bf18     MotionSensor.res
 0004:00001430       $R001210                   1002c430     MotionSensor.res
 0004:00003780       $R003560                   1002e780     MotionSensor.res
 0004:000037b8       $R003598                   1002e7b8     MotionSensor.res
